[0.012s][info][gc,init] CardTable entry size: 512
[0.013s][info][gc     ] Using Parallel
[0.014s][info][gc,init] Version: 18.0.1+10 (release)
[0.014s][info][gc,init] CPUs: 8 total, 8 available
[0.014s][info][gc,init] Memory: 16063M
[0.014s][info][gc,init] Large Page Support: Disabled
[0.014s][info][gc,init] NUMA Support: Disabled
[0.014s][info][gc,init] Compressed Oops: Enabled (Zero based)
[0.014s][info][gc,init] Alignments: Space 512K, Generation 512K, Heap 2M
[0.014s][info][gc,init] Heap Min Capacity: 2M
[0.015s][info][gc,init] Heap Initial Capacity: 2M
[0.015s][info][gc,init] Heap Max Capacity: 14900M
[0.015s][info][gc,init] Pre-touch: Disabled
[0.015s][info][gc,init] Parallel Workers: 8
[0.015s][info][gc,metaspace] CDS archive(s) not mapped
[0.015s][info][gc,metaspace] Compressed class space mapped at: 0x0000000800000000-0x0000000840000000, reserved size: 1073741824
[0.015s][info][gc,metaspace] Narrow klass base: 0x0000000800000000, Narrow klass shift: 0, Narrow klass range: 0x40000000
[0.119s][info][gc,start    ] GC(0) Pause Young (Allocation Failure)
[0.120s][info][gc,heap     ] GC(0) PSYoungGen: 512K(1024K)->480K(1024K) Eden: 512K(512K)->0K(512K) From: 0K(512K)->480K(512K)
[0.120s][info][gc,heap     ] GC(0) ParOldGen: 0K(512K)->8K(512K)
[0.120s][info][gc,metaspace] GC(0) Metaspace: 4228K(4352K)->4228K(4352K) NonClass: 3907K(3968K)->3907K(3968K) Class: 321K(384K)->321K(384K)
[0.120s][info][gc          ] GC(0) Pause Young (Allocation Failure) 0M->0M(1M) 1.252ms
[0.120s][info][gc,cpu      ] GC(0) User=0.00s Sys=0.00s Real=0.00s
[0.181s][info][gc,start    ] GC(1) Pause Young (Allocation Failure)
[0.182s][info][gc,heap     ] GC(1) PSYoungGen: 991K(1024K)->512K(1536K) Eden: 511K(512K)->0K(1024K) From: 480K(512K)->512K(512K)
[0.182s][info][gc,heap     ] GC(1) ParOldGen: 8K(512K)->88K(512K)
[0.182s][info][gc,metaspace] GC(1) Metaspace: 5879K(6016K)->5879K(6016K) NonClass: 5382K(5504K)->5382K(5504K) Class: 496K(512K)->496K(512K)
[0.182s][info][gc          ] GC(1) Pause Young (Allocation Failure) 0M->0M(2M) 1.002ms
[0.182s][info][gc,cpu      ] GC(1) User=0.02s Sys=0.00s Real=0.00s
[0.203s][info][gc,start    ] GC(2) Pause Young (Allocation Failure)
[0.204s][info][gc,heap     ] GC(2) PSYoungGen: 1536K(1536K)->512K(1536K) Eden: 1024K(1024K)->0K(1024K) From: 512K(512K)->512K(512K)
[0.204s][info][gc,heap     ] GC(2) ParOldGen: 88K(512K)->504K(512K)
[0.204s][info][gc,metaspace] GC(2) Metaspace: 6300K(6528K)->6300K(6528K) NonClass: 5767K(5888K)->5767K(5888K) Class: 533K(640K)->533K(640K)
[0.204s][info][gc          ] GC(2) Pause Young (Allocation Failure) 1M->0M(2M) 1.224ms
[0.204s][info][gc,cpu      ] GC(2) User=0.00s Sys=0.00s Real=0.00s
[0.204s][info][gc,start    ] GC(3) Pause Full (Ergonomics)
[0.204s][info][gc,phases,start] GC(3) Marking Phase
[0.205s][info][gc,phases      ] GC(3) Marking Phase 0.979ms
[0.205s][info][gc,phases,start] GC(3) Summary Phase
[0.205s][info][gc,phases      ] GC(3) Summary Phase 0.017ms
[0.205s][info][gc,phases,start] GC(3) Adjust Roots
[0.205s][info][gc,phases      ] GC(3) Adjust Roots 0.349ms
[0.205s][info][gc,phases,start] GC(3) Compaction Phase
[0.207s][info][gc,phases      ] GC(3) Compaction Phase 1.432ms
[0.207s][info][gc,phases,start] GC(3) Post Compact
[0.207s][info][gc,phases      ] GC(3) Post Compact 0.073ms
[0.207s][info][gc,heap        ] GC(3) PSYoungGen: 512K(1536K)->511K(1536K) Eden: 0K(1024K)->0K(1024K) From: 512K(512K)->511K(512K)
[0.207s][info][gc,heap        ] GC(3) ParOldGen: 504K(512K)->469K(2048K)
[0.207s][info][gc,metaspace   ] GC(3) Metaspace: 6300K(6528K)->6300K(6528K) NonClass: 5767K(5888K)->5767K(5888K) Class: 533K(640K)->533K(640K)
[0.207s][info][gc             ] GC(3) Pause Full (Ergonomics) 0M->0M(3M) 3.096ms
[0.207s][info][gc,cpu         ] GC(3) User=0.00s Sys=0.00s Real=0.00s
[0.209s][info][gc,start       ] GC(4) Pause Young (Allocation Failure)
[0.210s][info][gc,heap        ] GC(4) PSYoungGen: 1535K(1536K)->480K(2560K) Eden: 1024K(1024K)->0K(2048K) From: 511K(512K)->480K(512K)
[0.210s][info][gc,heap        ] GC(4) ParOldGen: 469K(2048K)->1038K(2048K)
[0.210s][info][gc,metaspace   ] GC(4) Metaspace: 6300K(6528K)->6300K(6528K) NonClass: 5767K(5888K)->5767K(5888K) Class: 533K(640K)->533K(640K)
[0.210s][info][gc             ] GC(4) Pause Young (Allocation Failure) 1M->1M(4M) 1.513ms
[0.210s][info][gc,cpu         ] GC(4) User=0.00s Sys=0.00s Real=0.00s
[0.213s][info][gc,start       ] GC(5) Pause Young (Allocation Failure)
[0.216s][info][gc,heap        ] GC(5) PSYoungGen: 2528K(2560K)->480K(2560K) Eden: 2048K(2048K)->0K(2048K) From: 480K(512K)->480K(512K)
[0.216s][info][gc,heap        ] GC(5) ParOldGen: 1038K(2048K)->2110K(2560K)
[0.216s][info][gc,metaspace   ] GC(5) Metaspace: 6300K(6528K)->6300K(6528K) NonClass: 5767K(5888K)->5767K(5888K) Class: 533K(640K)->533K(640K)
[0.216s][info][gc             ] GC(5) Pause Young (Allocation Failure) 3M->2M(5M) 2.371ms
[0.216s][info][gc,cpu         ] GC(5) User=0.00s Sys=0.00s Real=0.00s
[0.216s][info][gc,start       ] GC(6) Pause Full (Ergonomics)
[0.216s][info][gc,phases,start] GC(6) Marking Phase
[0.218s][info][gc,phases      ] GC(6) Marking Phase 1.981ms
[0.218s][info][gc,phases,start] GC(6) Summary Phase
[0.218s][info][gc,phases      ] GC(6) Summary Phase 0.026ms
[0.218s][info][gc,phases,start] GC(6) Adjust Roots
[0.218s][info][gc,phases      ] GC(6) Adjust Roots 0.423ms
[0.218s][info][gc,phases,start] GC(6) Compaction Phase
[0.221s][info][gc,phases      ] GC(6) Compaction Phase 2.961ms
[0.221s][info][gc,phases,start] GC(6) Post Compact
[0.221s][info][gc,phases      ] GC(6) Post Compact 0.043ms
[0.222s][info][gc,heap        ] GC(6) PSYoungGen: 480K(2560K)->0K(4096K) Eden: 0K(2048K)->0K(3072K) From: 480K(512K)->0K(1024K)
[0.222s][info][gc,heap        ] GC(6) ParOldGen: 2110K(2560K)->2542K(6144K)
[0.222s][info][gc,metaspace   ] GC(6) Metaspace: 6300K(6528K)->6300K(6528K) NonClass: 5767K(5888K)->5767K(5888K) Class: 533K(640K)->533K(640K)
[0.222s][info][gc             ] GC(6) Pause Full (Ergonomics) 2M->2M(10M) 5.896ms
[0.222s][info][gc,cpu         ] GC(6) User=0.00s Sys=0.00s Real=0.01s
[0.228s][info][gc,start       ] GC(7) Pause Young (Allocation Failure)
[0.230s][info][gc,heap        ] GC(7) PSYoungGen: 3072K(4096K)->1696K(5120K) Eden: 3072K(3072K)->0K(3072K) From: 0K(1024K)->1696K(2048K)
[0.230s][info][gc,heap        ] GC(7) ParOldGen: 2542K(6144K)->2542K(6144K)
[0.230s][info][gc,metaspace   ] GC(7) Metaspace: 6300K(6528K)->6300K(6528K) NonClass: 5767K(5888K)->5767K(5888K) Class: 533K(640K)->533K(640K)
[0.230s][info][gc             ] GC(7) Pause Young (Allocation Failure) 5M->4M(11M) 2.364ms
[0.230s][info][gc,cpu         ] GC(7) User=0.03s Sys=0.00s Real=0.00s
[0.236s][info][gc,start       ] GC(8) Pause Young (Allocation Failure)
[0.240s][info][gc,heap        ] GC(8) PSYoungGen: 4768K(5120K)->2016K(5632K) Eden: 3072K(3072K)->0K(3584K) From: 1696K(2048K)->2016K(2048K)
[0.240s][info][gc,heap        ] GC(8) ParOldGen: 2542K(6144K)->3774K(6144K)
[0.240s][info][gc,metaspace   ] GC(8) Metaspace: 6300K(6528K)->6300K(6528K) NonClass: 5767K(5888K)->5767K(5888K) Class: 533K(640K)->533K(640K)
[0.240s][info][gc             ] GC(8) Pause Young (Allocation Failure) 7M->5M(11M) 4.111ms
[0.240s][info][gc,cpu         ] GC(8) User=0.00s Sys=0.00s Real=0.01s
[0.249s][info][gc,start       ] GC(9) Pause Young (Allocation Failure)
[0.253s][info][gc,heap        ] GC(9) PSYoungGen: 5600K(5632K)->3040K(6656K) Eden: 3584K(3584K)->0K(3584K) From: 2016K(2048K)->3040K(3072K)
[0.253s][info][gc,heap        ] GC(9) ParOldGen: 3774K(6144K)->4606K(6144K)
[0.253s][info][gc,metaspace   ] GC(9) Metaspace: 6300K(6528K)->6300K(6528K) NonClass: 5767K(5888K)->5767K(5888K) Class: 533K(640K)->533K(640K)
[0.254s][info][gc             ] GC(9) Pause Young (Allocation Failure) 9M->7M(12M) 4.499ms
[0.254s][info][gc,cpu         ] GC(9) User=0.00s Sys=0.00s Real=0.01s
[0.259s][info][gc,start       ] GC(10) Pause Young (Allocation Failure)
[0.264s][info][gc,heap        ] GC(10) PSYoungGen: 6624K(6656K)->4064K(8704K) Eden: 3584K(3584K)->0K(4608K) From: 3040K(3072K)->4064K(4096K)
[0.264s][info][gc,heap        ] GC(10) ParOldGen: 4606K(6144K)->5446K(6144K)
[0.264s][info][gc,metaspace   ] GC(10) Metaspace: 6300K(6528K)->6300K(6528K) NonClass: 5767K(5888K)->5767K(5888K) Class: 533K(640K)->533K(640K)
[0.264s][info][gc             ] GC(10) Pause Young (Allocation Failure) 10M->9M(14M) 5.050ms
[0.264s][info][gc,cpu         ] GC(10) User=0.00s Sys=0.00s Real=0.00s
[0.265s][info][gc,start       ] GC(11) Pause Full (Ergonomics)
[0.265s][info][gc,phases,start] GC(11) Marking Phase
[0.270s][info][gc,phases      ] GC(11) Marking Phase 5.012ms
[0.270s][info][gc,phases,start] GC(11) Summary Phase
[0.270s][info][gc,phases      ] GC(11) Summary Phase 0.018ms
[0.270s][info][gc,phases,start] GC(11) Adjust Roots
[0.270s][info][gc,phases      ] GC(11) Adjust Roots 0.526ms
[0.270s][info][gc,phases,start] GC(11) Compaction Phase
[0.278s][info][gc,phases      ] GC(11) Compaction Phase 7.514ms
[0.278s][info][gc,phases,start] GC(11) Post Compact
[0.278s][info][gc,phases      ] GC(11) Post Compact 0.147ms
[0.278s][info][gc,heap        ] GC(11) PSYoungGen: 4064K(8704K)->3545K(8704K) Eden: 0K(4608K)->0K(4608K) From: 4064K(4096K)->3545K(4096K)
[0.278s][info][gc,heap        ] GC(11) ParOldGen: 5446K(6144K)->5831K(10752K)
[0.278s][info][gc,metaspace   ] GC(11) Metaspace: 6300K(6528K)->6300K(6528K) NonClass: 5767K(5888K)->5767K(5888K) Class: 533K(640K)->533K(640K)
[0.278s][info][gc             ] GC(11) Pause Full (Ergonomics) 9M->9M(19M) 13.560ms
[0.278s][info][gc,cpu         ] GC(11) User=0.00s Sys=0.00s Real=0.01s
[0.283s][info][gc,start       ] GC(12) Pause Young (Allocation Failure)
[0.288s][info][gc,heap        ] GC(12) PSYoungGen: 8013K(8704K)->5088K(9728K) Eden: 4468K(4608K)->0K(4608K) From: 3545K(4096K)->5088K(5120K)
[0.288s][info][gc,heap        ] GC(12) ParOldGen: 5831K(10752K)->6607K(10752K)
[0.288s][info][gc,metaspace   ] GC(12) Metaspace: 6300K(6528K)->6300K(6528K) NonClass: 5767K(5888K)->5767K(5888K) Class: 533K(640K)->533K(640K)
[0.288s][info][gc             ] GC(12) Pause Young (Allocation Failure) 13M->11M(20M) 4.365ms
[0.288s][info][gc,cpu         ] GC(12) User=0.00s Sys=0.00s Real=0.00s
[0.294s][info][gc,start       ] GC(13) Pause Young (Allocation Failure)
[0.300s][info][gc,heap        ] GC(13) PSYoungGen: 9696K(9728K)->6112K(11264K) Eden: 4608K(4608K)->0K(5120K) From: 5088K(5120K)->6112K(6144K)
[0.300s][info][gc,heap        ] GC(13) ParOldGen: 6607K(10752K)->7975K(10752K)
[0.300s][info][gc,metaspace   ] GC(13) Metaspace: 6300K(6528K)->6300K(6528K) NonClass: 5767K(5888K)->5767K(5888K) Class: 533K(640K)->533K(640K)
[0.300s][info][gc             ] GC(13) Pause Young (Allocation Failure) 15M->13M(21M) 6.326ms
[0.301s][info][gc,cpu         ] GC(13) User=0.00s Sys=0.00s Real=0.01s
[0.306s][info][gc,start       ] GC(14) Pause Young (Allocation Failure)
[0.312s][info][gc,heap        ] GC(14) PSYoungGen: 11232K(11264K)->5216K(12800K) Eden: 5120K(5120K)->0K(5120K) From: 6112K(6144K)->5216K(7680K)
[0.312s][info][gc,heap        ] GC(14) ParOldGen: 7975K(10752K)->11567K(11776K)
[0.312s][info][gc,metaspace   ] GC(14) Metaspace: 6302K(6528K)->6302K(6528K) NonClass: 5769K(5888K)->5769K(5888K) Class: 533K(640K)->533K(640K)
[0.312s][info][gc             ] GC(14) Pause Young (Allocation Failure) 18M->16M(24M) 6.503ms
[0.312s][info][gc,cpu         ] GC(14) User=0.00s Sys=0.00s Real=0.01s
[0.313s][info][gc,start       ] GC(15) Pause Full (Ergonomics)
[0.313s][info][gc,phases,start] GC(15) Marking Phase
[0.321s][info][gc,phases      ] GC(15) Marking Phase 8.364ms
[0.321s][info][gc,phases,start] GC(15) Summary Phase
[0.321s][info][gc,phases      ] GC(15) Summary Phase 0.019ms
[0.321s][info][gc,phases,start] GC(15) Adjust Roots
[0.321s][info][gc,phases      ] GC(15) Adjust Roots 0.237ms
[0.321s][info][gc,phases,start] GC(15) Compaction Phase
[0.330s][info][gc,phases      ] GC(15) Compaction Phase 8.575ms
[0.330s][info][gc,phases,start] GC(15) Post Compact
[0.330s][info][gc,phases      ] GC(15) Post Compact 0.072ms
[0.330s][info][gc,heap        ] GC(15) PSYoungGen: 5216K(12800K)->5190K(12800K) Eden: 0K(5120K)->0K(5120K) From: 5216K(7680K)->5190K(7680K)
[0.330s][info][gc,heap        ] GC(15) ParOldGen: 11567K(11776K)->11460K(18432K)
[0.330s][info][gc,metaspace   ] GC(15) Metaspace: 6302K(6528K)->6302K(6528K) NonClass: 5769K(5888K)->5769K(5888K) Class: 533K(640K)->533K(640K)
[0.330s][info][gc             ] GC(15) Pause Full (Ergonomics) 16M->16M(30M) 17.587ms
[0.330s][info][gc,cpu         ] GC(15) User=0.02s Sys=0.00s Real=0.02s
[0.334s][info][gc,start       ] GC(16) Pause Young (Allocation Failure)
[0.343s][info][gc,heap        ] GC(16) PSYoungGen: 10310K(12800K)->2656K(14336K) Eden: 5120K(5120K)->0K(7168K) From: 5190K(7680K)->2656K(7168K)
[0.343s][info][gc,heap        ] GC(16) ParOldGen: 11460K(18432K)->16732K(18432K)
[0.343s][info][gc,metaspace   ] GC(16) Metaspace: 6302K(6528K)->6302K(6528K) NonClass: 5769K(5888K)->5769K(5888K) Class: 533K(640K)->533K(640K)
[0.343s][info][gc             ] GC(16) Pause Young (Allocation Failure) 21M->18M(32M) 8.687ms
[0.343s][info][gc,cpu         ] GC(16) User=0.00s Sys=0.00s Real=0.01s
[0.343s][info][gc,start       ] GC(17) Pause Full (Ergonomics)
[0.343s][info][gc,phases,start] GC(17) Marking Phase
[0.353s][info][gc,phases      ] GC(17) Marking Phase 9.910ms
[0.353s][info][gc,phases,start] GC(17) Summary Phase
[0.353s][info][gc,phases      ] GC(17) Summary Phase 0.017ms
[0.353s][info][gc,phases,start] GC(17) Adjust Roots
[0.353s][info][gc,phases      ] GC(17) Adjust Roots 0.214ms
[0.353s][info][gc,phases,start] GC(17) Compaction Phase
[0.359s][info][gc,phases      ] GC(17) Compaction Phase 6.227ms
[0.359s][info][gc,phases,start] GC(17) Post Compact
[0.360s][info][gc,phases      ] GC(17) Post Compact 0.066ms
[0.360s][info][gc,heap        ] GC(17) PSYoungGen: 2656K(14336K)->1105K(14848K) Eden: 0K(7168K)->0K(7680K) From: 2656K(7168K)->1105K(7168K)
[0.360s][info][gc,heap        ] GC(17) ParOldGen: 16732K(18432K)->18183K(27648K)
[0.360s][info][gc,metaspace   ] GC(17) Metaspace: 6302K(6528K)->6302K(6528K) NonClass: 5769K(5888K)->5769K(5888K) Class: 533K(640K)->533K(640K)
[0.360s][info][gc             ] GC(17) Pause Full (Ergonomics) 18M->18M(41M) 16.718ms
[0.360s][info][gc,cpu         ] GC(17) User=0.00s Sys=0.00s Real=0.02s
[0.365s][info][gc,start       ] GC(18) Pause Young (Allocation Failure)
[0.370s][info][gc,heap        ] GC(18) PSYoungGen: 7799K(14848K)->3424K(15360K) Eden: 6694K(7680K)->0K(7680K) From: 1105K(7168K)->3424K(7680K)
[0.370s][info][gc,heap        ] GC(18) ParOldGen: 18183K(27648K)->19311K(27648K)
[0.370s][info][gc,metaspace   ] GC(18) Metaspace: 6302K(6528K)->6302K(6528K) NonClass: 5769K(5888K)->5769K(5888K) Class: 533K(640K)->533K(640K)
[0.370s][info][gc             ] GC(18) Pause Young (Allocation Failure) 25M->22M(42M) 5.380ms
[0.370s][info][gc,cpu         ] GC(18) User=0.00s Sys=0.00s Real=0.01s
[0.377s][info][gc,start       ] GC(19) Pause Young (Allocation Failure)
[0.384s][info][gc,heap        ] GC(19) PSYoungGen: 11103K(15360K)->4480K(17920K) Eden: 7679K(7680K)->0K(10240K) From: 3424K(7680K)->4480K(7680K)
[0.384s][info][gc,heap        ] GC(19) ParOldGen: 19311K(27648K)->22759K(27648K)
[0.384s][info][gc,metaspace   ] GC(19) Metaspace: 6302K(6528K)->6302K(6528K) NonClass: 5769K(5888K)->5769K(5888K) Class: 533K(640K)->533K(640K)
[0.384s][info][gc             ] GC(19) Pause Young (Allocation Failure) 29M->26M(44M) 7.327ms
[0.384s][info][gc,cpu         ] GC(19) User=0.00s Sys=0.00s Real=0.01s
[0.391s][info][gc,start       ] GC(20) Pause Young (Allocation Failure)
[0.398s][info][gc,heap        ] GC(20) PSYoungGen: 14720K(17920K)->5312K(17920K) Eden: 10240K(10240K)->0K(10240K) From: 4480K(7680K)->5312K(7680K)
[0.399s][info][gc,heap        ] GC(20) ParOldGen: 22759K(27648K)->27279K(27648K)
[0.399s][info][gc,metaspace   ] GC(20) Metaspace: 6302K(6528K)->6302K(6528K) NonClass: 5769K(5888K)->5769K(5888K) Class: 533K(640K)->533K(640K)
[0.399s][info][gc             ] GC(20) Pause Young (Allocation Failure) 36M->31M(44M) 7.314ms
[0.399s][info][gc,cpu         ] GC(20) User=0.00s Sys=0.00s Real=0.01s
[0.399s][info][gc,start       ] GC(21) Pause Full (Ergonomics)
[0.399s][info][gc,phases,start] GC(21) Marking Phase
[0.416s][info][gc,phases      ] GC(21) Marking Phase 17.296ms
[0.416s][info][gc,phases,start] GC(21) Summary Phase
[0.416s][info][gc,phases      ] GC(21) Summary Phase 0.017ms
[0.416s][info][gc,phases,start] GC(21) Adjust Roots
[0.416s][info][gc,phases      ] GC(21) Adjust Roots 0.159ms
[0.416s][info][gc,phases,start] GC(21) Compaction Phase
[0.430s][info][gc,phases      ] GC(21) Compaction Phase 13.597ms
[0.430s][info][gc,phases,start] GC(21) Post Compact
[0.430s][info][gc,phases      ] GC(21) Post Compact 0.140ms
[0.430s][info][gc,heap        ] GC(21) PSYoungGen: 5312K(17920K)->4779K(17920K) Eden: 0K(10240K)->0K(10240K) From: 5312K(7680K)->4779K(7680K)
[0.430s][info][gc,heap        ] GC(21) ParOldGen: 27279K(27648K)->27140K(38912K)
[0.430s][info][gc,metaspace   ] GC(21) Metaspace: 6302K(6528K)->6302K(6528K) NonClass: 5769K(5888K)->5769K(5888K) Class: 533K(640K)->533K(640K)
[0.430s][info][gc             ] GC(21) Pause Full (Ergonomics) 31M->31M(55M) 31.716ms
[0.430s][info][gc,cpu         ] GC(21) User=0.05s Sys=0.00s Real=0.03s
[0.439s][info][gc,start       ] GC(22) Pause Young (Allocation Failure)
[0.451s][info][gc,heap        ] GC(22) PSYoungGen: 15019K(17920K)->8192K(17920K) Eden: 10240K(10240K)->0K(9728K) From: 4779K(7680K)->8192K(8192K)
[0.451s][info][gc,heap        ] GC(22) ParOldGen: 27140K(38912K)->32964K(38912K)
[0.451s][info][gc,metaspace   ] GC(22) Metaspace: 6302K(6528K)->6302K(6528K) NonClass: 5769K(5888K)->5769K(5888K) Class: 533K(640K)->533K(640K)
[0.451s][info][gc             ] GC(22) Pause Young (Allocation Failure) 41M->40M(55M) 11.840ms
[0.451s][info][gc,cpu         ] GC(22) User=0.00s Sys=0.00s Real=0.01s
[0.451s][info][gc,start       ] GC(23) Pause Full (Ergonomics)
[0.451s][info][gc,phases,start] GC(23) Marking Phase
[0.468s][info][gc,phases      ] GC(23) Marking Phase 16.800ms
[0.468s][info][gc,phases,start] GC(23) Summary Phase
[0.468s][info][gc,phases      ] GC(23) Summary Phase 0.021ms
[0.468s][info][gc,phases,start] GC(23) Adjust Roots
[0.468s][info][gc,phases      ] GC(23) Adjust Roots 0.157ms
[0.468s][info][gc,phases,start] GC(23) Compaction Phase
[0.479s][info][gc,phases      ] GC(23) Compaction Phase 10.906ms
[0.479s][info][gc,phases,start] GC(23) Post Compact
[0.479s][info][gc,phases      ] GC(23) Post Compact 0.223ms
[0.479s][info][gc,heap        ] GC(23) PSYoungGen: 8192K(17920K)->2555K(17920K) Eden: 0K(9728K)->0K(9728K) From: 8192K(8192K)->2555K(8192K)
[0.479s][info][gc,heap        ] GC(23) ParOldGen: 32964K(38912K)->38489K(52736K)
[0.479s][info][gc,metaspace   ] GC(23) Metaspace: 6302K(6528K)->6302K(6528K) NonClass: 5769K(5888K)->5769K(5888K) Class: 533K(640K)->533K(640K)
[0.480s][info][gc             ] GC(23) Pause Full (Ergonomics) 40M->40M(69M) 28.503ms
[0.480s][info][gc,cpu         ] GC(23) User=0.02s Sys=0.00s Real=0.03s
[0.492s][info][gc,start       ] GC(24) Pause Young (Allocation Failure)
[0.502s][info][gc,heap        ] GC(24) PSYoungGen: 12283K(17920K)->9728K(20992K) Eden: 9728K(9728K)->0K(9728K) From: 2555K(8192K)->9728K(11264K)
[0.502s][info][gc,heap        ] GC(24) ParOldGen: 38489K(52736K)->41089K(52736K)
[0.502s][info][gc,metaspace   ] GC(24) Metaspace: 6302K(6528K)->6302K(6528K) NonClass: 5769K(5888K)->5769K(5888K) Class: 533K(640K)->533K(640K)
[0.502s][info][gc             ] GC(24) Pause Young (Allocation Failure) 49M->49M(72M) 9.427ms
[0.502s][info][gc,cpu         ] GC(24) User=0.00s Sys=0.00s Real=0.01s
[0.511s][info][gc,start       ] GC(25) Pause Young (Allocation Failure)
[0.523s][info][gc,heap        ] GC(25) PSYoungGen: 19456K(20992K)->12768K(19968K) Eden: 9728K(9728K)->0K(7168K) From: 9728K(11264K)->12768K(12800K)
[0.523s][info][gc,heap        ] GC(25) ParOldGen: 41089K(52736K)->47865K(52736K)
[0.523s][info][gc,metaspace   ] GC(25) Metaspace: 6302K(6528K)->6302K(6528K) NonClass: 5769K(5888K)->5769K(5888K) Class: 533K(640K)->533K(640K)
[0.523s][info][gc             ] GC(25) Pause Young (Allocation Failure) 59M->59M(71M) 12.590ms
[0.523s][info][gc,cpu         ] GC(25) User=0.00s Sys=0.00s Real=0.01s
[0.523s][info][gc,start       ] GC(26) Pause Full (Ergonomics)
[0.523s][info][gc,phases,start] GC(26) Marking Phase
[0.547s][info][gc,phases      ] GC(26) Marking Phase 23.592ms
[0.547s][info][gc,phases,start] GC(26) Summary Phase
[0.547s][info][gc,phases      ] GC(26) Summary Phase 0.020ms
[0.547s][info][gc,phases,start] GC(26) Adjust Roots
[0.547s][info][gc,phases      ] GC(26) Adjust Roots 0.159ms
[0.547s][info][gc,phases,start] GC(26) Compaction Phase
[0.567s][info][gc,phases      ] GC(26) Compaction Phase 19.480ms
[0.567s][info][gc,phases,start] GC(26) Post Compact
[0.567s][info][gc,phases      ] GC(26) Post Compact 0.234ms
[0.567s][info][gc,heap        ] GC(26) PSYoungGen: 12768K(19968K)->7122K(19968K) Eden: 0K(7168K)->0K(7168K) From: 12768K(12800K)->7122K(12800K)
[0.567s][info][gc,heap        ] GC(26) ParOldGen: 47865K(52736K)->52302K(69120K)
[0.567s][info][gc,metaspace   ] GC(26) Metaspace: 6302K(6528K)->6302K(6528K) NonClass: 5769K(5888K)->5769K(5888K) Class: 533K(640K)->533K(640K)
[0.567s][info][gc             ] GC(26) Pause Full (Ergonomics) 59M->58M(87M) 43.912ms
[0.567s][info][gc,cpu         ] GC(26) User=0.05s Sys=0.00s Real=0.04s
[0.574s][info][gc,start       ] GC(27) Pause Young (Allocation Failure)
[0.587s][info][gc,heap        ] GC(27) PSYoungGen: 14290K(19968K)->7200K(24576K) Eden: 7168K(7168K)->0K(7168K) From: 7122K(12800K)->7200K(17408K)
[0.587s][info][gc,heap        ] GC(27) ParOldGen: 52302K(69120K)->59550K(69120K)
[0.587s][info][gc,metaspace   ] GC(27) Metaspace: 6302K(6528K)->6302K(6528K) NonClass: 5769K(5888K)->5769K(5888K) Class: 533K(640K)->533K(640K)
[0.587s][info][gc             ] GC(27) Pause Young (Allocation Failure) 65M->65M(91M) 13.103ms
[0.587s][info][gc,cpu         ] GC(27) User=0.00s Sys=0.00s Real=0.01s
[0.595s][info][gc,start       ] GC(28) Pause Young (Allocation Failure)
[0.605s][info][gc,heap        ] GC(28) PSYoungGen: 14368K(24576K)->14336K(23040K) Eden: 7168K(7168K)->0K(6656K) From: 7200K(17408K)->14336K(16384K)
[0.605s][info][gc,heap        ] GC(28) ParOldGen: 59550K(69120K)->59550K(69120K)
[0.605s][info][gc,metaspace   ] GC(28) Metaspace: 6302K(6528K)->6302K(6528K) NonClass: 5769K(5888K)->5769K(5888K) Class: 533K(640K)->533K(640K)
[0.605s][info][gc             ] GC(28) Pause Young (Allocation Failure) 72M->72M(90M) 10.576ms
[0.605s][info][gc,cpu         ] GC(28) User=0.02s Sys=0.00s Real=0.01s
[0.613s][info][gc,start       ] GC(29) Pause Young (Allocation Failure)
[0.625s][info][gc,heap        ] GC(29) PSYoungGen: 20992K(23040K)->18432K(25088K) Eden: 6656K(6656K)->0K(6656K) From: 14336K(16384K)->18432K(18432K)
[0.625s][info][gc,heap        ] GC(29) ParOldGen: 59550K(69120K)->62102K(69120K)
[0.625s][info][gc,metaspace   ] GC(29) Metaspace: 6302K(6528K)->6302K(6528K) NonClass: 5769K(5888K)->5769K(5888K) Class: 533K(640K)->533K(640K)
[0.625s][info][gc             ] GC(29) Pause Young (Allocation Failure) 78M->78M(92M) 12.871ms
[0.625s][info][gc,cpu         ] GC(29) User=0.00s Sys=0.00s Real=0.01s
[0.626s][info][gc,start       ] GC(30) Pause Full (Ergonomics)
[0.626s][info][gc,phases,start] GC(30) Marking Phase
[0.660s][info][gc,phases      ] GC(30) Marking Phase 34.279ms
[0.660s][info][gc,phases,start] GC(30) Summary Phase
[0.660s][info][gc,phases      ] GC(30) Summary Phase 0.019ms
[0.660s][info][gc,phases,start] GC(30) Adjust Roots
[0.660s][info][gc,phases      ] GC(30) Adjust Roots 0.157ms
[0.660s][info][gc,phases,start] GC(30) Compaction Phase
[0.680s][info][gc,phases      ] GC(30) Compaction Phase 19.918ms
[0.680s][info][gc,phases,start] GC(30) Post Compact
[0.680s][info][gc,phases      ] GC(30) Post Compact 0.377ms
[0.681s][info][gc,heap        ] GC(30) PSYoungGen: 18432K(25088K)->11242K(25088K) Eden: 0K(6656K)->0K(6656K) From: 18432K(18432K)->11242K(18432K)
[0.681s][info][gc,heap        ] GC(30) ParOldGen: 62102K(69120K)->69086K(88064K)
[0.681s][info][gc,metaspace   ] GC(30) Metaspace: 6302K(6528K)->6302K(6528K) NonClass: 5769K(5888K)->5769K(5888K) Class: 533K(640K)->533K(640K)
[0.681s][info][gc             ] GC(30) Pause Full (Ergonomics) 78M->78M(110M) 55.158ms
[0.681s][info][gc,cpu         ] GC(30) User=0.09s Sys=0.00s Real=0.05s
[0.689s][info][gc,start       ] GC(31) Pause Young (Allocation Failure)
[0.705s][info][gc,heap        ] GC(31) PSYoungGen: 17898K(25088K)->10048K(28160K) Eden: 6656K(6656K)->0K(8192K) From: 11242K(18432K)->10048K(19968K)
[0.705s][info][gc,heap        ] GC(31) ParOldGen: 69086K(88064K)->77070K(88064K)
[0.705s][info][gc,metaspace   ] GC(31) Metaspace: 6302K(6528K)->6302K(6528K) NonClass: 5769K(5888K)->5769K(5888K) Class: 533K(640K)->533K(640K)
[0.705s][info][gc             ] GC(31) Pause Young (Allocation Failure) 84M->85M(113M) 16.763ms
[0.705s][info][gc,cpu         ] GC(31) User=0.03s Sys=0.00s Real=0.02s
[0.720s][info][gc,start       ] GC(32) Pause Young (Allocation Failure)
[0.731s][info][gc,heap        ] GC(32) PSYoungGen: 18240K(28160K)->18272K(29696K) Eden: 8192K(8192K)->0K(8192K) From: 10048K(19968K)->18272K(21504K)
[0.731s][info][gc,heap        ] GC(32) ParOldGen: 77070K(88064K)->77070K(88064K)
[0.731s][info][gc,metaspace   ] GC(32) Metaspace: 6302K(6528K)->6302K(6528K) NonClass: 5769K(5888K)->5769K(5888K) Class: 533K(640K)->533K(640K)
[0.731s][info][gc             ] GC(32) Pause Young (Allocation Failure) 93M->93M(115M) 11.201ms
[0.731s][info][gc,cpu         ] GC(32) User=0.00s Sys=0.00s Real=0.01s
[0.738s][info][gc,start       ] GC(33) Pause Young (Allocation Failure)
[0.754s][info][gc,heap        ] GC(33) PSYoungGen: 26464K(29696K)->23520K(28672K) Eden: 8192K(8192K)->0K(5120K) From: 18272K(21504K)->23520K(23552K)
[0.754s][info][gc,heap        ] GC(33) ParOldGen: 77070K(88064K)->79990K(88064K)
[0.754s][info][gc,metaspace   ] GC(33) Metaspace: 6302K(6528K)->6302K(6528K) NonClass: 5769K(5888K)->5769K(5888K) Class: 533K(640K)->533K(640K)
[0.754s][info][gc             ] GC(33) Pause Young (Allocation Failure) 101M->101M(114M) 15.880ms
[0.754s][info][gc,cpu         ] GC(33) User=0.02s Sys=0.00s Real=0.02s
[0.754s][info][gc,start       ] GC(34) Pause Full (Ergonomics)
[0.754s][info][gc,phases,start] GC(34) Marking Phase
[0.795s][info][gc,phases      ] GC(34) Marking Phase 41.237ms
[0.795s][info][gc,phases,start] GC(34) Summary Phase
[0.795s][info][gc,phases      ] GC(34) Summary Phase 0.022ms
[0.795s][info][gc,phases,start] GC(34) Adjust Roots
[0.795s][info][gc,phases      ] GC(34) Adjust Roots 0.171ms
[0.795s][info][gc,phases,start] GC(34) Compaction Phase
[0.827s][info][gc,phases      ] GC(34) Compaction Phase 31.368ms
[0.827s][info][gc,phases,start] GC(34) Post Compact
[0.827s][info][gc,phases      ] GC(34) Post Compact 0.348ms
[0.827s][info][gc,heap        ] GC(34) PSYoungGen: 23520K(28672K)->13254K(28672K) Eden: 0K(5120K)->0K(5120K) From: 23520K(23552K)->13254K(23552K)
[0.827s][info][gc,heap        ] GC(34) ParOldGen: 79990K(88064K)->87986K(108544K)
[0.827s][info][gc,metaspace   ] GC(34) Metaspace: 6302K(6528K)->6302K(6528K) NonClass: 5769K(5888K)->5769K(5888K) Class: 533K(640K)->533K(640K)
[0.827s][info][gc             ] GC(34) Pause Full (Ergonomics) 101M->98M(134M) 73.558ms
[0.827s][info][gc,cpu         ] GC(34) User=0.08s Sys=0.00s Real=0.07s
[0.833s][info][gc,start       ] GC(35) Pause Young (Allocation Failure)
[0.849s][info][gc,heap        ] GC(35) PSYoungGen: 18374K(28672K)->12800K(33792K) Eden: 5120K(5120K)->0K(5120K) From: 13254K(23552K)->12800K(28672K)
[0.849s][info][gc,heap        ] GC(35) ParOldGen: 87986K(108544K)->93690K(108544K)
[0.849s][info][gc,metaspace   ] GC(35) Metaspace: 6302K(6528K)->6302K(6528K) NonClass: 5769K(5888K)->5769K(5888K) Class: 533K(640K)->533K(640K)
[0.849s][info][gc             ] GC(35) Pause Young (Allocation Failure) 103M->103M(139M) 16.371ms
[0.849s][info][gc,cpu         ] GC(35) User=0.02s Sys=0.00s Real=0.02s
[0.855s][info][gc,start       ] GC(36) Pause Young (Allocation Failure)
[0.864s][info][gc,heap        ] GC(36) PSYoungGen: 17920K(33792K)->17920K(33280K) Eden: 5120K(5120K)->0K(5632K) From: 12800K(28672K)->17920K(27648K)
[0.864s][info][gc,heap        ] GC(36) ParOldGen: 93690K(108544K)->93690K(108544K)
[0.864s][info][gc,metaspace   ] GC(36) Metaspace: 6302K(6528K)->6302K(6528K) NonClass: 5769K(5888K)->5769K(5888K) Class: 533K(640K)->533K(640K)
[0.864s][info][gc             ] GC(36) Pause Young (Allocation Failure) 108M->108M(138M) 9.017ms
[0.864s][info][gc,cpu         ] GC(36) User=0.00s Sys=0.00s Real=0.01s
[0.870s][info][gc,start       ] GC(37) Pause Young (Allocation Failure)
[0.881s][info][gc,heap        ] GC(37) PSYoungGen: 23552K(33280K)->21248K(33792K) Eden: 5632K(5632K)->0K(5632K) From: 17920K(27648K)->21248K(28160K)
[0.881s][info][gc,heap        ] GC(37) ParOldGen: 93690K(108544K)->96018K(108544K)
[0.881s][info][gc,metaspace   ] GC(37) Metaspace: 6302K(6528K)->6302K(6528K) NonClass: 5769K(5888K)->5769K(5888K) Class: 533K(640K)->533K(640K)
[0.881s][info][gc             ] GC(37) Pause Young (Allocation Failure) 114M->114M(139M) 11.144ms
[0.881s][info][gc,cpu         ] GC(37) User=0.00s Sys=0.00s Real=0.01s
[0.887s][info][gc,start       ] GC(38) Pause Young (Allocation Failure)
[0.899s][info][gc,heap        ] GC(38) PSYoungGen: 26880K(33792K)->21472K(36352K) Eden: 5632K(5632K)->0K(6144K) From: 21248K(28160K)->21472K(30208K)
[0.899s][info][gc,heap        ] GC(38) ParOldGen: 96018K(108544K)->101490K(108544K)
[0.899s][info][gc,metaspace   ] GC(38) Metaspace: 6302K(6528K)->6302K(6528K) NonClass: 5769K(5888K)->5769K(5888K) Class: 533K(640K)->533K(640K)
[0.899s][info][gc             ] GC(38) Pause Young (Allocation Failure) 120M->120M(141M) 12.368ms
[0.899s][info][gc,cpu         ] GC(38) User=0.00s Sys=0.00s Real=0.01s
[0.899s][info][gc,start       ] GC(39) Pause Full (Ergonomics)
[0.899s][info][gc,phases,start] GC(39) Marking Phase
[0.933s][info][gc,phases      ] GC(39) Marking Phase 33.490ms
[0.933s][info][gc,phases,start] GC(39) Summary Phase
[0.933s][info][gc,phases      ] GC(39) Summary Phase 0.027ms
[0.933s][info][gc,phases,start] GC(39) Adjust Roots
[0.933s][info][gc,phases      ] GC(39) Adjust Roots 0.151ms
[0.933s][info][gc,phases,start] GC(39) Compaction Phase
[0.951s][info][gc,phases      ] GC(39) Compaction Phase 18.130ms
[0.951s][info][gc,phases,start] GC(39) Post Compact
[0.952s][info][gc,phases      ] GC(39) Post Compact 0.598ms
[0.952s][info][gc,heap        ] GC(39) PSYoungGen: 21472K(36352K)->14220K(36352K) Eden: 0K(6144K)->0K(6144K) From: 21472K(30208K)->14220K(30208K)
[0.952s][info][gc,heap        ] GC(39) ParOldGen: 101490K(108544K)->108394K(131072K)
[0.952s][info][gc,metaspace   ] GC(39) Metaspace: 6302K(6528K)->6302K(6528K) NonClass: 5769K(5888K)->5769K(5888K) Class: 533K(640K)->533K(640K)
[0.952s][info][gc             ] GC(39) Pause Full (Ergonomics) 120M->119M(163M) 52.827ms
[0.952s][info][gc,cpu         ] GC(39) User=0.12s Sys=0.00s Real=0.05s
[0.958s][info][gc,start       ] GC(40) Pause Young (Allocation Failure)
[0.974s][info][gc,heap        ] GC(40) PSYoungGen: 20364K(36352K)->13376K(37376K) Eden: 6144K(6144K)->0K(6144K) From: 14220K(30208K)->13376K(31232K)
[0.974s][info][gc,heap        ] GC(40) ParOldGen: 108394K(131072K)->115554K(131072K)
[0.974s][info][gc,metaspace   ] GC(40) Metaspace: 6302K(6528K)->6302K(6528K) NonClass: 5769K(5888K)->5769K(5888K) Class: 533K(640K)->533K(640K)
[0.974s][info][gc             ] GC(40) Pause Young (Allocation Failure) 125M->125M(164M) 15.970ms
[0.974s][info][gc,cpu         ] GC(40) User=0.02s Sys=0.00s Real=0.02s
[0.980s][info][gc,start       ] GC(41) Pause Young (Allocation Failure)
[0.990s][info][gc,heap        ] GC(41) PSYoungGen: 19520K(37376K)->15904K(36352K) Eden: 6144K(6144K)->0K(7680K) From: 13376K(31232K)->15904K(28672K)
[0.990s][info][gc,heap        ] GC(41) ParOldGen: 115554K(131072K)->119210K(131072K)
[0.990s][info][gc,metaspace   ] GC(41) Metaspace: 6302K(6528K)->6302K(6528K) NonClass: 5769K(5888K)->5769K(5888K) Class: 533K(640K)->533K(640K)
[0.990s][info][gc             ] GC(41) Pause Young (Allocation Failure) 131M->131M(163M) 9.700ms
[0.990s][info][gc,cpu         ] GC(41) User=0.00s Sys=0.00s Real=0.01s
[0.997s][info][gc,start       ] GC(42) Pause Young (Allocation Failure)
[1.009s][info][gc,heap        ] GC(42) PSYoungGen: 23584K(36352K)->19968K(36864K) Eden: 7680K(7680K)->0K(7680K) From: 15904K(28672K)->19968K(29184K)
[1.009s][info][gc,heap        ] GC(42) ParOldGen: 119210K(131072K)->122866K(131072K)
[1.009s][info][gc,metaspace   ] GC(42) Metaspace: 6302K(6528K)->6302K(6528K) NonClass: 5769K(5888K)->5769K(5888K) Class: 533K(640K)->533K(640K)
[1.009s][info][gc             ] GC(42) Pause Young (Allocation Failure) 139M->139M(164M) 11.860ms
[1.009s][info][gc,cpu         ] GC(42) User=0.00s Sys=0.00s Real=0.01s
[1.009s][info][gc,start       ] GC(43) Pause Full (Ergonomics)
[1.009s][info][gc,phases,start] GC(43) Marking Phase
[1.054s][info][gc,phases      ] GC(43) Marking Phase 45.293ms
[1.055s][info][gc,phases,start] GC(43) Summary Phase
[1.055s][info][gc,phases      ] GC(43) Summary Phase 0.018ms
[1.055s][info][gc,phases,start] GC(43) Adjust Roots
[1.055s][info][gc,phases      ] GC(43) Adjust Roots 0.199ms
[1.055s][info][gc,phases,start] GC(43) Compaction Phase
[1.077s][info][gc,phases      ] GC(43) Compaction Phase 22.699ms
[1.078s][info][gc,phases,start] GC(43) Post Compact
[1.078s][info][gc,phases      ] GC(43) Post Compact 0.741ms
[1.078s][info][gc,heap        ] GC(43) PSYoungGen: 19968K(36864K)->11702K(36864K) Eden: 0K(7680K)->0K(7680K) From: 19968K(29184K)->11702K(29184K)
[1.078s][info][gc,heap        ] GC(43) ParOldGen: 122866K(131072K)->130791K(154624K)
[1.078s][info][gc,metaspace   ] GC(43) Metaspace: 6302K(6528K)->6302K(6528K) NonClass: 5769K(5888K)->5769K(5888K) Class: 533K(640K)->533K(640K)
[1.079s][info][gc             ] GC(43) Pause Full (Ergonomics) 139M->139M(187M) 69.352ms
[1.079s][info][gc,cpu         ] GC(43) User=0.12s Sys=0.00s Real=0.07s
[1.086s][info][gc,start       ] GC(44) Pause Young (Allocation Failure)
[1.103s][info][gc,heap        ] GC(44) PSYoungGen: 19382K(36864K)->12320K(35840K) Eden: 7680K(7680K)->0K(8704K) From: 11702K(29184K)->12320K(27136K)
[1.103s][info][gc,heap        ] GC(44) ParOldGen: 130791K(154624K)->138047K(154624K)
[1.103s][info][gc,metaspace   ] GC(44) Metaspace: 6302K(6528K)->6302K(6528K) NonClass: 5769K(5888K)->5769K(5888K) Class: 533K(640K)->533K(640K)
[1.103s][info][gc             ] GC(44) Pause Young (Allocation Failure) 146M->146M(186M) 17.034ms
[1.103s][info][gc,cpu         ] GC(44) User=0.03s Sys=0.00s Real=0.02s
[1.112s][info][gc,start       ] GC(45) Pause Young (Allocation Failure)
[1.123s][info][gc,heap        ] GC(45) PSYoungGen: 21024K(35840K)->16416K(37376K) Eden: 8704K(8704K)->0K(8704K) From: 12320K(27136K)->16416K(28672K)
[1.123s][info][gc,heap        ] GC(45) ParOldGen: 138047K(154624K)->142711K(154624K)
[1.123s][info][gc,metaspace   ] GC(45) Metaspace: 6302K(6528K)->6302K(6528K) NonClass: 5769K(5888K)->5769K(5888K) Class: 533K(640K)->533K(640K)
[1.123s][info][gc             ] GC(45) Pause Young (Allocation Failure) 155M->155M(187M) 11.050ms
[1.123s][info][gc,cpu         ] GC(45) User=0.00s Sys=0.00s Real=0.01s
[1.132s][info][gc,start       ] GC(46) Pause Young (Allocation Failure)
[1.144s][info][gc,heap        ] GC(46) PSYoungGen: 25120K(37376K)->17408K(37376K) Eden: 8704K(8704K)->0K(10240K) From: 16416K(28672K)->17408K(27136K)
[1.144s][info][gc,heap        ] GC(46) ParOldGen: 142711K(154624K)->150495K(154624K)
[1.144s][info][gc,metaspace   ] GC(46) Metaspace: 6302K(6528K)->6302K(6528K) NonClass: 5769K(5888K)->5769K(5888K) Class: 533K(640K)->533K(640K)
[1.144s][info][gc             ] GC(46) Pause Young (Allocation Failure) 163M->163M(187M) 12.380ms
[1.144s][info][gc,cpu         ] GC(46) User=0.02s Sys=0.00s Real=0.01s
[1.144s][info][gc,start       ] GC(47) Pause Full (Ergonomics)
[1.144s][info][gc,phases,start] GC(47) Marking Phase
[1.195s][info][gc,phases      ] GC(47) Marking Phase 51.112ms
[1.195s][info][gc,phases,start] GC(47) Summary Phase
[1.195s][info][gc,phases      ] GC(47) Summary Phase 0.017ms
[1.195s][info][gc,phases,start] GC(47) Adjust Roots
[1.195s][info][gc,phases      ] GC(47) Adjust Roots 0.141ms
[1.195s][info][gc,phases,start] GC(47) Compaction Phase
[1.219s][info][gc,phases      ] GC(47) Compaction Phase 23.750ms
[1.219s][info][gc,phases,start] GC(47) Post Compact
[1.220s][info][gc,phases      ] GC(47) Post Compact 0.832ms
[1.220s][info][gc,heap        ] GC(47) PSYoungGen: 17408K(37376K)->13250K(37888K) Eden: 0K(10240K)->0K(10752K) From: 17408K(27136K)->13250K(27136K)
[1.220s][info][gc,heap        ] GC(47) ParOldGen: 150495K(154624K)->154232K(181760K)
[1.220s][info][gc,metaspace   ] GC(47) Metaspace: 6302K(6528K)->6302K(6528K) NonClass: 5769K(5888K)->5769K(5888K) Class: 533K(640K)->533K(640K)
[1.220s][info][gc             ] GC(47) Pause Full (Ergonomics) 163M->163M(214M) 76.300ms
[1.220s][info][gc,cpu         ] GC(47) User=0.25s Sys=0.00s Real=0.08s
[1.254s][info][gc,start       ] GC(48) Pause Young (Allocation Failure)
[1.274s][info][gc,heap        ] GC(48) PSYoungGen: 24002K(37888K)->17888K(38400K) Eden: 10752K(10752K)->0K(10752K) From: 13250K(27136K)->17888K(27648K)
[1.274s][info][gc,heap        ] GC(48) ParOldGen: 162424K(181760K)->168760K(181760K)
[1.274s][info][gc,metaspace   ] GC(48) Metaspace: 6302K(6528K)->6302K(6528K) NonClass: 5769K(5888K)->5769K(5888K) Class: 533K(640K)->533K(640K)
[1.274s][info][gc             ] GC(48) Pause Young (Allocation Failure) 182M->182M(215M) 19.893ms
[1.274s][info][gc,cpu         ] GC(48) User=0.05s Sys=0.00s Real=0.02s
[1.285s][info][gc,start       ] GC(49) Pause Young (Allocation Failure)
[1.299s][info][gc,heap        ] GC(49) PSYoungGen: 28640K(38400K)->27648K(36352K) Eden: 10752K(10752K)->0K(8704K) From: 17888K(27648K)->27648K(27648K)
[1.299s][info][gc,heap        ] GC(49) ParOldGen: 168760K(181760K)->169672K(181760K)
[1.299s][info][gc,metaspace   ] GC(49) Metaspace: 6302K(6528K)->6302K(6528K) NonClass: 5769K(5888K)->5769K(5888K) Class: 533K(640K)->533K(640K)
[1.299s][info][gc             ] GC(49) Pause Young (Allocation Failure) 192M->192M(213M) 14.499ms
[1.299s][info][gc,cpu         ] GC(49) User=0.02s Sys=0.00s Real=0.02s
[1.308s][info][gc,start       ] GC(50) Pause Young (Allocation Failure)
[1.326s][info][gc,heap        ] GC(50) PSYoungGen: 36352K(36352K)->19104K(39936K) Eden: 8704K(8704K)->0K(8704K) From: 27648K(27648K)->19104K(31232K)
[1.326s][info][gc,heap        ] GC(50) ParOldGen: 169672K(181760K)->187248K(187392K)
[1.326s][info][gc,metaspace   ] GC(50) Metaspace: 6302K(6528K)->6302K(6528K) NonClass: 5769K(5888K)->5769K(5888K) Class: 533K(640K)->533K(640K)
[1.326s][info][gc             ] GC(50) Pause Young (Allocation Failure) 201M->201M(222M) 18.085ms
[1.326s][info][gc,cpu         ] GC(50) User=0.02s Sys=0.00s Real=0.02s
[1.326s][info][gc,start       ] GC(51) Pause Full (Ergonomics)
[1.326s][info][gc,phases,start] GC(51) Marking Phase
[1.378s][info][gc,phases      ] GC(51) Marking Phase 51.360ms
[1.378s][info][gc,phases,start] GC(51) Summary Phase
[1.378s][info][gc,phases      ] GC(51) Summary Phase 0.020ms
[1.378s][info][gc,phases,start] GC(51) Adjust Roots
[1.378s][info][gc,phases      ] GC(51) Adjust Roots 0.150ms
[1.378s][info][gc,phases,start] GC(51) Compaction Phase
[1.418s][info][gc,phases      ] GC(51) Compaction Phase 40.223ms
[1.418s][info][gc,phases,start] GC(51) Post Compact
[1.419s][info][gc,phases      ] GC(51) Post Compact 0.953ms
[1.419s][info][gc,heap        ] GC(51) PSYoungGen: 19104K(39936K)->14360K(39936K) Eden: 0K(8704K)->0K(8704K) From: 19104K(31232K)->14360K(31232K)
[1.419s][info][gc,heap        ] GC(51) ParOldGen: 187248K(187392K)->187325K(221696K)
[1.419s][info][gc,metaspace   ] GC(51) Metaspace: 6302K(6528K)->6302K(6528K) NonClass: 5769K(5888K)->5769K(5888K) Class: 533K(640K)->533K(640K)
[1.419s][info][gc             ] GC(51) Pause Full (Ergonomics) 201M->196M(255M) 93.175ms
[1.419s][info][gc,cpu         ] GC(51) User=0.28s Sys=0.00s Real=0.09s
[1.429s][info][gc,start       ] GC(52) Pause Young (Allocation Failure)
[1.449s][info][gc,heap        ] GC(52) PSYoungGen: 23064K(39936K)->15296K(38912K) Eden: 8704K(8704K)->0K(10240K) From: 14360K(31232K)->15296K(28672K)
[1.449s][info][gc,heap        ] GC(52) ParOldGen: 187325K(221696K)->195309K(221696K)
[1.449s][info][gc,metaspace   ] GC(52) Metaspace: 6302K(6528K)->6302K(6528K) NonClass: 5769K(5888K)->5769K(5888K) Class: 533K(640K)->533K(640K)
[1.449s][info][gc             ] GC(52) Pause Young (Allocation Failure) 205M->205M(254M) 19.499ms
[1.449s][info][gc,cpu         ] GC(52) User=0.08s Sys=0.02s Real=0.02s
[1.459s][info][gc,start       ] GC(53) Pause Young (Allocation Failure)
[1.471s][info][gc,heap        ] GC(53) PSYoungGen: 25536K(38912K)->25536K(39936K) Eden: 10240K(10240K)->0K(10240K) From: 15296K(28672K)->25536K(29696K)
[1.471s][info][gc,heap        ] GC(53) ParOldGen: 195309K(221696K)->195309K(221696K)
[1.471s][info][gc,metaspace   ] GC(53) Metaspace: 6302K(6528K)->6302K(6528K) NonClass: 5769K(5888K)->5769K(5888K) Class: 533K(640K)->533K(640K)
[1.471s][info][gc             ] GC(53) Pause Young (Allocation Failure) 215M->215M(255M) 12.206ms
[1.471s][info][gc,cpu         ] GC(53) User=0.00s Sys=0.00s Real=0.01s
[1.482s][info][gc,start       ] GC(54) Pause Young (Allocation Failure)
[1.499s][info][gc,heap        ] GC(54) PSYoungGen: 35776K(39936K)->29280K(40448K) Eden: 10240K(10240K)->0K(8704K) From: 25536K(29696K)->29280K(31744K)
[1.499s][info][gc,heap        ] GC(54) ParOldGen: 195309K(221696K)->201933K(221696K)
[1.499s][info][gc,metaspace   ] GC(54) Metaspace: 6302K(6528K)->6302K(6528K) NonClass: 5769K(5888K)->5769K(5888K) Class: 533K(640K)->533K(640K)
[1.499s][info][gc             ] GC(54) Pause Young (Allocation Failure) 225M->225M(256M) 16.746ms
[1.499s][info][gc,cpu         ] GC(54) User=0.00s Sys=0.00s Real=0.02s
[1.509s][info][gc,start       ] GC(55) Pause Young (Allocation Failure)
[1.527s][info][gc,heap        ] GC(55) PSYoungGen: 37984K(40448K)->29248K(43520K) Eden: 8704K(8704K)->0K(8704K) From: 29280K(31744K)->29248K(34816K)
[1.527s][info][gc,heap        ] GC(55) ParOldGen: 201933K(221696K)->210749K(221696K)
[1.528s][info][gc,metaspace   ] GC(55) Metaspace: 6302K(6528K)->6302K(6528K) NonClass: 5769K(5888K)->5769K(5888K) Class: 533K(640K)->533K(640K)
[1.528s][info][gc             ] GC(55) Pause Young (Allocation Failure) 234M->234M(259M) 18.980ms
[1.528s][info][gc,cpu         ] GC(55) User=0.08s Sys=0.03s Real=0.02s
[1.528s][info][gc,start       ] GC(56) Pause Full (Ergonomics)
[1.528s][info][gc,phases,start] GC(56) Marking Phase
[1.591s][info][gc,phases      ] GC(56) Marking Phase 62.971ms
[1.591s][info][gc,phases,start] GC(56) Summary Phase
[1.591s][info][gc,phases      ] GC(56) Summary Phase 0.018ms
[1.591s][info][gc,phases,start] GC(56) Adjust Roots
[1.591s][info][gc,phases      ] GC(56) Adjust Roots 0.140ms
[1.591s][info][gc,phases,start] GC(56) Compaction Phase
[1.615s][info][gc,phases      ] GC(56) Compaction Phase 24.358ms
[1.615s][info][gc,phases,start] GC(56) Post Compact
[1.616s][info][gc,phases      ] GC(56) Post Compact 1.174ms
[1.617s][info][gc,heap        ] GC(56) PSYoungGen: 29248K(43520K)->17846K(43520K) Eden: 0K(8704K)->0K(8704K) From: 29248K(34816K)->17846K(34816K)
[1.617s][info][gc,heap        ] GC(56) ParOldGen: 210749K(221696K)->221600K(257536K)
[1.617s][info][gc,metaspace   ] GC(56) Metaspace: 6302K(6528K)->6302K(6528K) NonClass: 5769K(5888K)->5769K(5888K) Class: 533K(640K)->533K(640K)
[1.617s][info][gc             ] GC(56) Pause Full (Ergonomics) 234M->233M(294M) 89.168ms
[1.617s][info][gc,cpu         ] GC(56) User=0.34s Sys=0.03s Real=0.09s
[1.627s][info][gc,start       ] GC(57) Pause Young (Allocation Failure)
[1.648s][info][gc,heap        ] GC(57) PSYoungGen: 26550K(43520K)->20480K(43008K) Eden: 8704K(8704K)->0K(9728K) From: 17846K(34816K)->20480K(33280K)
[1.648s][info][gc,heap        ] GC(57) ParOldGen: 221600K(257536K)->227888K(257536K)
[1.648s][info][gc,metaspace   ] GC(57) Metaspace: 6302K(6528K)->6302K(6528K) NonClass: 5769K(5888K)->5769K(5888K) Class: 533K(640K)->533K(640K)
[1.648s][info][gc             ] GC(57) Pause Young (Allocation Failure) 242M->242M(293M) 21.822ms
[1.648s][info][gc,cpu         ] GC(57) User=0.06s Sys=0.00s Real=0.02s
[1.659s][info][gc,start       ] GC(58) Pause Young (Allocation Failure)
[1.674s][info][gc,heap        ] GC(58) PSYoungGen: 30208K(43008K)->24032K(45056K) Eden: 9728K(9728K)->0K(9728K) From: 20480K(33280K)->24032K(35328K)
[1.674s][info][gc,heap        ] GC(58) ParOldGen: 227888K(257536K)->234152K(257536K)
[1.674s][info][gc,metaspace   ] GC(58) Metaspace: 6302K(6528K)->6302K(6528K) NonClass: 5769K(5888K)->5769K(5888K) Class: 533K(640K)->533K(640K)
[1.674s][info][gc             ] GC(58) Pause Young (Allocation Failure) 252M->252M(295M) 14.882ms
[1.674s][info][gc,cpu         ] GC(58) User=0.00s Sys=0.00s Real=0.01s
[1.685s][info][gc,start       ] GC(59) Pause Young (Allocation Failure)
[1.701s][info][gc,heap        ] GC(59) PSYoungGen: 33760K(45056K)->28288K(45056K) Eden: 9728K(9728K)->0K(9728K) From: 24032K(35328K)->28288K(35328K)
[1.701s][info][gc,heap        ] GC(59) ParOldGen: 234152K(257536K)->239768K(257536K)
[1.701s][info][gc,metaspace   ] GC(59) Metaspace: 6302K(6528K)->6302K(6528K) NonClass: 5769K(5888K)->5769K(5888K) Class: 533K(640K)->533K(640K)
[1.701s][info][gc             ] GC(59) Pause Young (Allocation Failure) 261M->261M(295M) 16.741ms
[1.701s][info][gc,cpu         ] GC(59) User=0.03s Sys=0.00s Real=0.02s
[1.713s][info][gc,start       ] GC(60) Pause Young (Allocation Failure)
[1.730s][info][gc,heap        ] GC(60) PSYoungGen: 38016K(45056K)->29280K(46592K) Eden: 9728K(9728K)->0K(9728K) From: 28288K(35328K)->29280K(36864K)
[1.730s][info][gc,heap        ] GC(60) ParOldGen: 239768K(257536K)->248600K(257536K)
[1.730s][info][gc,metaspace   ] GC(60) Metaspace: 6302K(6528K)->6302K(6528K) NonClass: 5769K(5888K)->5769K(5888K) Class: 533K(640K)->533K(640K)
[1.730s][info][gc             ] GC(60) Pause Young (Allocation Failure) 271M->271M(297M) 17.868ms
[1.730s][info][gc,cpu         ] GC(60) User=0.11s Sys=0.00s Real=0.02s
[1.730s][info][gc,start       ] GC(61) Pause Full (Ergonomics)
[1.730s][info][gc,phases,start] GC(61) Marking Phase
[1.792s][info][gc,phases      ] GC(61) Marking Phase 61.974ms
[1.793s][info][gc,phases,start] GC(61) Summary Phase
[1.793s][info][gc,phases      ] GC(61) Summary Phase 0.019ms
[1.793s][info][gc,phases,start] GC(61) Adjust Roots
[1.793s][info][gc,phases      ] GC(61) Adjust Roots 0.148ms
[1.793s][info][gc,phases,start] GC(61) Compaction Phase
[1.822s][info][gc,phases      ] GC(61) Compaction Phase 29.075ms
[1.822s][info][gc,phases,start] GC(61) Post Compact
[1.823s][info][gc,phases      ] GC(61) Post Compact 1.261ms
[1.823s][info][gc,heap        ] GC(61) PSYoungGen: 29280K(46592K)->19883K(46592K) Eden: 0K(9728K)->0K(9728K) From: 29280K(36864K)->19883K(36864K)
[1.823s][info][gc,heap        ] GC(61) ParOldGen: 248600K(257536K)->257318K(294400K)
[1.823s][info][gc,metaspace   ] GC(61) Metaspace: 6302K(6528K)->6302K(6528K) NonClass: 5769K(5888K)->5769K(5888K) Class: 533K(640K)->533K(640K)
[1.823s][info][gc             ] GC(61) Pause Full (Ergonomics) 271M->270M(333M) 92.948ms
[1.823s][info][gc,cpu         ] GC(61) User=0.42s Sys=0.02s Real=0.09s
[1.834s][info][gc,start       ] GC(62) Pause Young (Allocation Failure)
[1.858s][info][gc,heap        ] GC(62) PSYoungGen: 29611K(46592K)->16416K(48640K) Eden: 9728K(9728K)->0K(11264K) From: 19883K(36864K)->16416K(37376K)
[1.858s][info][gc,heap        ] GC(62) ParOldGen: 257318K(294400K)->270886K(294400K)
[1.858s][info][gc,metaspace   ] GC(62) Metaspace: 6302K(6528K)->6302K(6528K) NonClass: 5769K(5888K)->5769K(5888K) Class: 533K(640K)->533K(640K)
[1.858s][info][gc             ] GC(62) Pause Young (Allocation Failure) 280M->280M(335M) 23.664ms
[1.858s][info][gc,cpu         ] GC(62) User=0.12s Sys=0.02s Real=0.02s
[1.871s][info][gc,start       ] GC(63) Pause Young (Allocation Failure)
[1.884s][info][gc,heap        ] GC(63) PSYoungGen: 27680K(48640K)->21056K(49152K) Eden: 11264K(11264K)->0K(11264K) From: 16416K(37376K)->21056K(37888K)
[1.884s][info][gc,heap        ] GC(63) ParOldGen: 270886K(294400K)->277534K(294400K)
[1.884s][info][gc,metaspace   ] GC(63) Metaspace: 6302K(6528K)->6302K(6528K) NonClass: 5769K(5888K)->5769K(5888K) Class: 533K(640K)->533K(640K)
[1.884s][info][gc             ] GC(63) Pause Young (Allocation Failure) 291M->291M(335M) 13.955ms
[1.885s][info][gc,cpu         ] GC(63) User=0.00s Sys=0.00s Real=0.01s
[1.897s][info][gc,start       ] GC(64) Pause Young (Allocation Failure)
[1.913s][info][gc,heap        ] GC(64) PSYoungGen: 32320K(49152K)->22656K(47104K) Eden: 11264K(11264K)->0K(12800K) From: 21056K(37888K)->22656K(34304K)
[1.913s][info][gc,heap        ] GC(64) ParOldGen: 277534K(294400K)->287406K(294400K)
[1.913s][info][gc,metaspace   ] GC(64) Metaspace: 6302K(6528K)->6302K(6528K) NonClass: 5769K(5888K)->5769K(5888K) Class: 533K(640K)->533K(640K)
[1.913s][info][gc             ] GC(64) Pause Young (Allocation Failure) 302M->302M(333M) 15.991ms
[1.913s][info][gc,cpu         ] GC(64) User=0.02s Sys=0.00s Real=0.02s
[1.913s][info][gc,start       ] GC(65) Pause Full (Ergonomics)
[1.913s][info][gc,phases,start] GC(65) Marking Phase
[1.975s][info][gc,phases      ] GC(65) Marking Phase 62.011ms
[1.975s][info][gc,phases,start] GC(65) Summary Phase
[1.975s][info][gc,phases      ] GC(65) Summary Phase 0.018ms
[1.975s][info][gc,phases,start] GC(65) Adjust Roots
[1.975s][info][gc,phases      ] GC(65) Adjust Roots 0.147ms
[1.975s][info][gc,phases,start] GC(65) Compaction Phase
[2.005s][info][gc,phases      ] GC(65) Compaction Phase 29.711ms
[2.005s][info][gc,phases,start] GC(65) Post Compact
[2.007s][info][gc,phases      ] GC(65) Post Compact 1.508ms
[2.007s][info][gc,heap        ] GC(65) PSYoungGen: 22656K(47104K)->15304K(48128K) Eden: 0K(12800K)->0K(13824K) From: 22656K(34304K)->15304K(34304K)
[2.007s][info][gc,heap        ] GC(65) ParOldGen: 287406K(294400K)->294050K(335360K)
[2.007s][info][gc,metaspace   ] GC(65) Metaspace: 6302K(6528K)->6302K(6528K) NonClass: 5769K(5888K)->5769K(5888K) Class: 533K(640K)->533K(640K)
[2.007s][info][gc             ] GC(65) Pause Full (Ergonomics) 302M->302M(374M) 94.043ms
[2.007s][info][gc,cpu         ] GC(65) User=0.50s Sys=0.03s Real=0.10s
[2.023s][info][gc,start       ] GC(66) Pause Young (Allocation Failure)
[2.048s][info][gc,heap        ] GC(66) PSYoungGen: 29128K(48128K)->21536K(49152K) Eden: 13824K(13824K)->0K(13824K) From: 15304K(34304K)->21536K(35328K)
[2.048s][info][gc,heap        ] GC(66) ParOldGen: 294050K(335360K)->301930K(335360K)
[2.048s][info][gc,metaspace   ] GC(66) Metaspace: 6302K(6528K)->6302K(6528K) NonClass: 5769K(5888K)->5769K(5888K) Class: 533K(640K)->533K(640K)
[2.048s][info][gc             ] GC(66) Pause Young (Allocation Failure) 315M->315M(375M) 25.432ms
[2.048s][info][gc,cpu         ] GC(66) User=0.12s Sys=0.02s Real=0.03s
[2.064s][info][gc,start       ] GC(67) Pause Young (Allocation Failure)
[2.082s][info][gc,heap        ] GC(67) PSYoungGen: 35360K(49152K)->33792K(45056K) Eden: 13824K(13824K)->0K(11264K) From: 21536K(35328K)->33792K(33792K)
[2.082s][info][gc,heap        ] GC(67) ParOldGen: 301930K(335360K)->303434K(335360K)
[2.082s][info][gc,metaspace   ] GC(67) Metaspace: 6302K(6528K)->6302K(6528K) NonClass: 5769K(5888K)->5769K(5888K) Class: 533K(640K)->533K(640K)
[2.082s][info][gc             ] GC(67) Pause Young (Allocation Failure) 329M->329M(371M) 17.916ms
[2.082s][info][gc,cpu         ] GC(67) User=0.03s Sys=0.00s Real=0.02s
[2.094s][info][gc,start       ] GC(68) Pause Young (Allocation Failure)
[2.116s][info][gc,heap        ] GC(68) PSYoungGen: 45056K(45056K)->24672K(49152K) Eden: 11264K(11264K)->0K(11264K) From: 33792K(33792K)->24672K(37888K)
[2.116s][info][gc,heap        ] GC(68) ParOldGen: 303434K(335360K)->324194K(335360K)
[2.116s][info][gc,metaspace   ] GC(68) Metaspace: 6302K(6528K)->6302K(6528K) NonClass: 5769K(5888K)->5769K(5888K) Class: 533K(640K)->533K(640K)
[2.116s][info][gc             ] GC(68) Pause Young (Allocation Failure) 340M->340M(375M) 21.660ms
[2.116s][info][gc,cpu         ] GC(68) User=0.12s Sys=0.00s Real=0.02s
[2.116s][info][gc,start       ] GC(69) Pause Full (Ergonomics)
[2.116s][info][gc,phases,start] GC(69) Marking Phase
[2.186s][info][gc,phases      ] GC(69) Marking Phase 70.207ms
[2.186s][info][gc,phases,start] GC(69) Summary Phase
[2.186s][info][gc,phases      ] GC(69) Summary Phase 0.029ms
[2.186s][info][gc,phases,start] GC(69) Adjust Roots
[2.186s][info][gc,phases      ] GC(69) Adjust Roots 0.154ms
[2.186s][info][gc,phases,start] GC(69) Compaction Phase
[2.219s][info][gc,phases      ] GC(69) Compaction Phase 32.481ms
[2.219s][info][gc,phases,start] GC(69) Post Compact
[2.221s][info][gc,phases      ] GC(69) Post Compact 1.689ms
[2.221s][info][gc,heap        ] GC(69) PSYoungGen: 24672K(49152K)->13210K(49152K) Eden: 0K(11264K)->0K(11264K) From: 24672K(37888K)->13210K(37888K)
[2.221s][info][gc,heap        ] GC(69) ParOldGen: 324194K(335360K)->334961K(383488K)
[2.221s][info][gc,metaspace   ] GC(69) Metaspace: 6302K(6528K)->6302K(6528K) NonClass: 5769K(5888K)->5769K(5888K) Class: 533K(640K)->533K(640K)
[2.221s][info][gc             ] GC(69) Pause Full (Ergonomics) 340M->340M(422M) 105.163ms
[2.221s][info][gc,cpu         ] GC(69) User=0.66s Sys=0.00s Real=0.11s
[2.296s][info][gc,start       ] GC(70) Pause Young (Allocation Failure)
[2.324s][info][gc,heap        ] GC(70) PSYoungGen: 24474K(49152K)->18368K(48640K) Eden: 11264K(11264K)->0K(12800K) From: 13210K(37888K)->18368K(35840K)
[2.324s][info][gc,heap        ] GC(70) ParOldGen: 351345K(383488K)->357721K(383488K)
[2.324s][info][gc,metaspace   ] GC(70) Metaspace: 6302K(6528K)->6302K(6528K) NonClass: 5769K(5888K)->5769K(5888K) Class: 533K(640K)->533K(640K)
[2.324s][info][gc             ] GC(70) Pause Young (Allocation Failure) 367M->367M(422M) 28.156ms
[2.324s][info][gc,cpu         ] GC(70) User=0.05s Sys=0.00s Real=0.03s
[2.337s][info][gc,start       ] GC(71) Pause Young (Allocation Failure)
[2.353s][info][gc,heap        ] GC(71) PSYoungGen: 31168K(48640K)->31168K(49152K) Eden: 12800K(12800K)->0K(12800K) From: 18368K(35840K)->31168K(36352K)
[2.353s][info][gc,heap        ] GC(71) ParOldGen: 357721K(383488K)->357721K(383488K)
[2.353s][info][gc,metaspace   ] GC(71) Metaspace: 6302K(6528K)->6302K(6528K) NonClass: 5769K(5888K)->5769K(5888K) Class: 533K(640K)->533K(640K)
[2.353s][info][gc             ] GC(71) Pause Young (Allocation Failure) 379M->379M(422M) 16.198ms
[2.353s][info][gc,cpu         ] GC(71) User=0.02s Sys=0.00s Real=0.02s
[2.366s][info][gc,start       ] GC(72) Pause Young (Allocation Failure)
[2.391s][info][gc,heap        ] GC(72) PSYoungGen: 43968K(49152K)->36960K(49152K) Eden: 12800K(12800K)->0K(10752K) From: 31168K(36352K)->36960K(38400K)
[2.391s][info][gc,heap        ] GC(72) ParOldGen: 357721K(383488K)->364825K(383488K)
[2.391s][info][gc,metaspace   ] GC(72) Metaspace: 6302K(6528K)->6302K(6528K) NonClass: 5769K(5888K)->5769K(5888K) Class: 533K(640K)->533K(640K)
[2.391s][info][gc             ] GC(72) Pause Young (Allocation Failure) 392M->392M(422M) 24.877ms
[2.391s][info][gc,cpu         ] GC(72) User=0.06s Sys=0.00s Real=0.02s
[2.402s][info][gc,start       ] GC(73) Pause Young (Allocation Failure)
[2.426s][info][gc,heap        ] GC(73) PSYoungGen: 47712K(49152K)->36480K(52736K) Eden: 10752K(10752K)->0K(10752K) From: 36960K(38400K)->36480K(41984K)
[2.426s][info][gc,heap        ] GC(73) ParOldGen: 364825K(383488K)->376249K(383488K)
[2.426s][info][gc,metaspace   ] GC(73) Metaspace: 6302K(6528K)->6302K(6528K) NonClass: 5769K(5888K)->5769K(5888K) Class: 533K(640K)->533K(640K)
[2.426s][info][gc             ] GC(73) Pause Young (Allocation Failure) 402M->403M(426M) 24.258ms
[2.426s][info][gc,cpu         ] GC(73) User=0.06s Sys=0.00s Real=0.03s
[2.426s][info][gc,start       ] GC(74) Pause Full (Ergonomics)
[2.426s][info][gc,phases,start] GC(74) Marking Phase
[2.518s][info][gc,phases      ] GC(74) Marking Phase 91.813ms
[2.518s][info][gc,phases,start] GC(74) Summary Phase
[2.518s][info][gc,phases      ] GC(74) Summary Phase 0.019ms
[2.518s][info][gc,phases,start] GC(74) Adjust Roots
[2.518s][info][gc,phases      ] GC(74) Adjust Roots 0.147ms
[2.518s][info][gc,phases,start] GC(74) Compaction Phase
[2.590s][info][gc,phases      ] GC(74) Compaction Phase 72.113ms
[2.590s][info][gc,phases,start] GC(74) Post Compact
[2.592s][info][gc,phases      ] GC(74) Post Compact 2.227ms
[2.593s][info][gc,heap        ] GC(74) PSYoungGen: 36480K(52736K)->20419K(52736K) Eden: 0K(10752K)->0K(10752K) From: 36480K(41984K)->20419K(41984K)
[2.593s][info][gc,heap        ] GC(74) ParOldGen: 376249K(383488K)->383437K(433152K)
[2.593s][info][gc,metaspace   ] GC(74) Metaspace: 6302K(6528K)->6302K(6528K) NonClass: 5769K(5888K)->5769K(5888K) Class: 533K(640K)->533K(640K)
[2.593s][info][gc             ] GC(74) Pause Full (Ergonomics) 403M->394M(474M) 166.938ms
[2.593s][info][gc,cpu         ] GC(74) User=0.98s Sys=0.02s Real=0.17s
[2.606s][info][gc,start       ] GC(75) Pause Young (Allocation Failure)
[2.637s][info][gc,heap        ] GC(75) PSYoungGen: 31171K(52736K)->16160K(56832K) Eden: 10752K(10752K)->0K(12288K) From: 20419K(41984K)->16160K(44544K)
[2.637s][info][gc,heap        ] GC(75) ParOldGen: 383437K(433152K)->398789K(433152K)
[2.637s][info][gc,metaspace   ] GC(75) Metaspace: 6302K(6528K)->6302K(6528K) NonClass: 5769K(5888K)->5769K(5888K) Class: 533K(640K)->533K(640K)
[2.637s][info][gc             ] GC(75) Pause Young (Allocation Failure) 404M->405M(478M) 31.058ms
[2.637s][info][gc,cpu         ] GC(75) User=0.14s Sys=0.00s Real=0.03s
[2.650s][info][gc,start       ] GC(76) Pause Young (Allocation Failure)
[2.665s][info][gc,heap        ] GC(76) PSYoungGen: 28448K(56832K)->23168K(35840K) Eden: 12288K(12288K)->0K(12288K) From: 16160K(44544K)->23168K(23552K)
[2.665s][info][gc,heap        ] GC(76) ParOldGen: 398789K(433152K)->404141K(433152K)
[2.665s][info][gc,metaspace   ] GC(76) Metaspace: 6302K(6528K)->6302K(6528K) NonClass: 5769K(5888K)->5769K(5888K) Class: 533K(640K)->533K(640K)
[2.665s][info][gc             ] GC(76) Pause Young (Allocation Failure) 417M->417M(458M) 14.560ms
[2.665s][info][gc,cpu         ] GC(76) User=0.02s Sys=0.00s Real=0.01s
[2.678s][info][gc,start       ] GC(77) Pause Young (Allocation Failure)
[2.695s][info][gc,heap        ] GC(77) PSYoungGen: 35456K(35840K)->24736K(53248K) Eden: 12288K(12288K)->0K(13824K) From: 23168K(23552K)->24736K(39424K)
[2.695s][info][gc,heap        ] GC(77) ParOldGen: 404141K(433152K)->415045K(433152K)
[2.695s][info][gc,metaspace   ] GC(77) Metaspace: 6302K(6528K)->6302K(6528K) NonClass: 5769K(5888K)->5769K(5888K) Class: 533K(640K)->533K(640K)
[2.695s][info][gc             ] GC(77) Pause Young (Allocation Failure) 429M->429M(475M) 17.541ms
[2.695s][info][gc,cpu         ] GC(77) User=0.12s Sys=0.00s Real=0.02s
[2.695s][info][gc,start       ] GC(78) Pause Full (Ergonomics)
[2.695s][info][gc,phases,start] GC(78) Marking Phase
[2.784s][info][gc,phases      ] GC(78) Marking Phase 88.663ms
[2.784s][info][gc,phases,start] GC(78) Summary Phase
[2.784s][info][gc,phases      ] GC(78) Summary Phase 0.027ms
[2.784s][info][gc,phases,start] GC(78) Adjust Roots
[2.784s][info][gc,phases      ] GC(78) Adjust Roots 0.157ms
[2.784s][info][gc,phases,start] GC(78) Compaction Phase
[2.829s][info][gc,phases      ] GC(78) Compaction Phase 44.374ms
[2.829s][info][gc,phases,start] GC(78) Post Compact
[2.831s][info][gc,phases      ] GC(78) Post Compact 2.074ms
[2.831s][info][gc,heap        ] GC(78) PSYoungGen: 24736K(53248K)->6125K(54784K) Eden: 0K(13824K)->0K(15360K) From: 24736K(39424K)->6125K(39424K)
[2.831s][info][gc,heap        ] GC(78) ParOldGen: 415045K(433152K)->432971K(487936K)
[2.831s][info][gc,metaspace   ] GC(78) Metaspace: 6302K(6528K)->6302K(6528K) NonClass: 5769K(5888K)->5769K(5888K) Class: 533K(640K)->533K(640K)
[2.831s][info][gc             ] GC(78) Pause Full (Ergonomics) 429M->428M(530M) 135.837ms
[2.831s][info][gc,cpu         ] GC(78) User=0.83s Sys=0.00s Real=0.14s
[2.848s][info][gc,start       ] GC(79) Pause Young (Allocation Failure)
[2.877s][info][gc,heap        ] GC(79) PSYoungGen: 21485K(54784K)->17184K(56320K) Eden: 15360K(15360K)->0K(15360K) From: 6125K(39424K)->17184K(40960K)
[2.877s][info][gc,heap        ] GC(79) ParOldGen: 432971K(487936K)->437531K(487936K)
[2.877s][info][gc,metaspace   ] GC(79) Metaspace: 6302K(6528K)->6302K(6528K) NonClass: 5769K(5888K)->5769K(5888K) Class: 533K(640K)->533K(640K)
[2.877s][info][gc             ] GC(79) Pause Young (Allocation Failure) 443M->444M(531M) 28.619ms
[2.877s][info][gc,cpu         ] GC(79) User=0.14s Sys=0.00s Real=0.03s
[2.894s][info][gc,start       ] GC(80) Pause Young (Allocation Failure)
[2.910s][info][gc,heap        ] GC(80) PSYoungGen: 32544K(56320K)->32544K(55808K) Eden: 15360K(15360K)->0K(15360K) From: 17184K(40960K)->32544K(40448K)
[2.910s][info][gc,heap        ] GC(80) ParOldGen: 437531K(487936K)->437531K(487936K)
[2.910s][info][gc,metaspace   ] GC(80) Metaspace: 6302K(6528K)->6302K(6528K) NonClass: 5769K(5888K)->5769K(5888K) Class: 533K(640K)->533K(640K)
[2.910s][info][gc             ] GC(80) Pause Young (Allocation Failure) 459M->459M(531M) 16.771ms
[2.910s][info][gc,cpu         ] GC(80) User=0.03s Sys=0.00s Real=0.02s
[2.927s][info][gc,start       ] GC(81) Pause Young (Allocation Failure)
[2.950s][info][gc,heap        ] GC(81) PSYoungGen: 47904K(55808K)->41984K(57344K) Eden: 15360K(15360K)->0K(15360K) From: 32544K(40448K)->41984K(41984K)
[2.950s][info][gc,heap        ] GC(81) ParOldGen: 437531K(487936K)->443379K(487936K)
[2.950s][info][gc,metaspace   ] GC(81) Metaspace: 6302K(6528K)->6302K(6528K) NonClass: 5769K(5888K)->5769K(5888K) Class: 533K(640K)->533K(640K)
[2.950s][info][gc             ] GC(81) Pause Young (Allocation Failure) 474M->473M(532M) 22.748ms
[2.950s][info][gc,cpu         ] GC(81) User=0.14s Sys=0.00s Real=0.02s
[2.966s][info][gc,start       ] GC(82) Pause Young (Allocation Failure)
[2.993s][info][gc,heap        ] GC(82) PSYoungGen: 57344K(57344K)->43104K(62464K) Eden: 15360K(15360K)->0K(13312K) From: 41984K(41984K)->43104K(49152K)
[2.993s][info][gc,heap        ] GC(82) ParOldGen: 443379K(487936K)->457955K(487936K)
[2.993s][info][gc,metaspace   ] GC(82) Metaspace: 6302K(6528K)->6302K(6528K) NonClass: 5769K(5888K)->5769K(5888K) Class: 533K(640K)->533K(640K)
[2.993s][info][gc             ] GC(82) Pause Young (Allocation Failure) 488M->489M(537M) 26.671ms
[2.993s][info][gc,cpu         ] GC(82) User=0.11s Sys=0.02s Real=0.03s
[3.007s][info][gc,start       ] GC(83) Pause Young (Allocation Failure)
[3.035s][info][gc,heap        ] GC(83) PSYoungGen: 56416K(62464K)->42976K(66048K) Eden: 13312K(13312K)->0K(13312K) From: 43104K(49152K)->42976K(52736K)
[3.035s][info][gc,heap        ] GC(83) ParOldGen: 457955K(487936K)->471595K(487936K)
[3.035s][info][gc,metaspace   ] GC(83) Metaspace: 6302K(6528K)->6302K(6528K) NonClass: 5769K(5888K)->5769K(5888K) Class: 533K(640K)->533K(640K)
[3.035s][info][gc             ] GC(83) Pause Young (Allocation Failure) 502M->502M(541M) 27.533ms
[3.035s][info][gc,cpu         ] GC(83) User=0.14s Sys=0.00s Real=0.03s
[3.035s][info][gc,start       ] GC(84) Pause Full (Ergonomics)
[3.035s][info][gc,phases,start] GC(84) Marking Phase
[3.151s][info][gc,phases      ] GC(84) Marking Phase 116.031ms
[3.151s][info][gc,phases,start] GC(84) Summary Phase
[3.151s][info][gc,phases      ] GC(84) Summary Phase 0.024ms
[3.151s][info][gc,phases,start] GC(84) Adjust Roots
[3.152s][info][gc,phases      ] GC(84) Adjust Roots 0.510ms
[3.152s][info][gc,phases,start] GC(84) Compaction Phase
[3.206s][info][gc,phases      ] GC(84) Compaction Phase 54.355ms
[3.206s][info][gc,phases,start] GC(84) Post Compact
[3.209s][info][gc,phases      ] GC(84) Post Compact 2.635ms
[3.209s][info][gc,heap        ] GC(84) PSYoungGen: 42976K(66048K)->25877K(66048K) Eden: 0K(13312K)->0K(13312K) From: 42976K(52736K)->25877K(52736K)
[3.209s][info][gc,heap        ] GC(84) ParOldGen: 471595K(487936K)->487807K(547840K)
[3.209s][info][gc,metaspace   ] GC(84) Metaspace: 6302K(6528K)->6302K(6528K) NonClass: 5769K(5888K)->5769K(5888K) Class: 533K(640K)->533K(640K)
[3.209s][info][gc             ] GC(84) Pause Full (Ergonomics) 502M->501M(599M) 174.192ms
[3.209s][info][gc,cpu         ] GC(84) User=1.12s Sys=0.03s Real=0.17s
[3.223s][info][gc,start       ] GC(85) Pause Young (Allocation Failure)
[3.261s][info][gc,heap        ] GC(85) PSYoungGen: 39189K(66048K)->31360K(66048K) Eden: 13312K(13312K)->0K(14848K) From: 25877K(52736K)->31360K(51200K)
[3.261s][info][gc,heap        ] GC(85) ParOldGen: 487807K(547840K)->495895K(547840K)
[3.261s][info][gc,metaspace   ] GC(85) Metaspace: 6302K(6528K)->6302K(6528K) NonClass: 5769K(5888K)->5769K(5888K) Class: 533K(640K)->533K(640K)
[3.261s][info][gc             ] GC(85) Pause Young (Allocation Failure) 514M->514M(599M) 38.147ms
[3.261s][info][gc,cpu         ] GC(85) User=0.25s Sys=0.02s Real=0.04s
[3.277s][info][gc,start       ] GC(86) Pause Young (Allocation Failure)
[3.300s][info][gc,heap        ] GC(86) PSYoungGen: 46208K(66048K)->36736K(68608K) Eden: 14848K(14848K)->0K(14848K) From: 31360K(51200K)->36736K(53760K)
[3.300s][info][gc,heap        ] GC(86) ParOldGen: 495895K(547840K)->505511K(547840K)
[3.300s][info][gc,metaspace   ] GC(86) Metaspace: 6302K(6528K)->6302K(6528K) NonClass: 5769K(5888K)->5769K(5888K) Class: 533K(640K)->533K(640K)
[3.300s][info][gc             ] GC(86) Pause Young (Allocation Failure) 529M->529M(602M) 22.640ms
[3.300s][info][gc,cpu         ] GC(86) User=0.12s Sys=0.00s Real=0.02s
[3.316s][info][gc,start       ] GC(87) Pause Young (Allocation Failure)
[3.341s][info][gc,heap        ] GC(87) PSYoungGen: 51584K(68608K)->43072K(68096K) Eden: 14848K(14848K)->0K(14336K) From: 36736K(53760K)->43072K(53760K)
[3.341s][info][gc,heap        ] GC(87) ParOldGen: 505511K(547840K)->514095K(547840K)
[3.341s][info][gc,metaspace   ] GC(87) Metaspace: 6302K(6528K)->6302K(6528K) NonClass: 5769K(5888K)->5769K(5888K) Class: 533K(640K)->533K(640K)
[3.341s][info][gc             ] GC(87) Pause Young (Allocation Failure) 544M->544M(601M) 24.859ms
[3.341s][info][gc,cpu         ] GC(87) User=0.14s Sys=0.00s Real=0.02s
[3.356s][info][gc,start       ] GC(88) Pause Young (Allocation Failure)
[3.384s][info][gc,heap        ] GC(88) PSYoungGen: 57408K(68096K)->44192K(70144K) Eden: 14336K(14336K)->0K(14336K) From: 43072K(53760K)->44192K(55808K)
[3.384s][info][gc,heap        ] GC(88) ParOldGen: 514095K(547840K)->527599K(547840K)
[3.384s][info][gc,metaspace   ] GC(88) Metaspace: 6302K(6528K)->6302K(6528K) NonClass: 5769K(5888K)->5769K(5888K) Class: 533K(640K)->533K(640K)
[3.384s][info][gc             ] GC(88) Pause Young (Allocation Failure) 558M->558M(603M) 27.876ms
[3.384s][info][gc,cpu         ] GC(88) User=0.11s Sys=0.02s Real=0.03s
[3.401s][info][gc,start       ] GC(89) Pause Young (Allocation Failure)
[3.431s][info][gc,heap        ] GC(89) PSYoungGen: 58528K(70144K)->28832K(71168K) Eden: 14336K(14336K)->0K(16384K) From: 44192K(55808K)->28832K(54784K)
[3.431s][info][gc,heap        ] GC(89) ParOldGen: 527599K(547840K)->557687K(558080K)
[3.431s][info][gc,metaspace   ] GC(89) Metaspace: 6302K(6528K)->6302K(6528K) NonClass: 5769K(5888K)->5769K(5888K) Class: 533K(640K)->533K(640K)
[3.431s][info][gc             ] GC(89) Pause Young (Allocation Failure) 572M->572M(614M) 30.108ms
[3.431s][info][gc,cpu         ] GC(89) User=0.22s Sys=0.00s Real=0.03s
[3.431s][info][gc,start       ] GC(90) Pause Full (Ergonomics)
[3.431s][info][gc,phases,start] GC(90) Marking Phase
[3.557s][info][gc,phases      ] GC(90) Marking Phase 126.348ms
[3.557s][info][gc,phases,start] GC(90) Summary Phase
[3.557s][info][gc,phases      ] GC(90) Summary Phase 0.021ms
[3.557s][info][gc,phases,start] GC(90) Adjust Roots
[3.557s][info][gc,phases      ] GC(90) Adjust Roots 0.151ms
[3.557s][info][gc,phases,start] GC(90) Compaction Phase
[3.612s][info][gc,phases      ] GC(90) Compaction Phase 54.361ms
[3.612s][info][gc,phases,start] GC(90) Post Compact
[3.613s][info][gc,phases      ] GC(90) Post Compact 0.923ms
[3.613s][info][gc,heap        ] GC(90) PSYoungGen: 28832K(71168K)->27589K(72704K) Eden: 0K(16384K)->0K(17920K) From: 28832K(54784K)->27589K(54784K)
[3.613s][info][gc,heap        ] GC(90) ParOldGen: 557687K(558080K)->557614K(627200K)
[3.613s][info][gc,metaspace   ] GC(90) Metaspace: 6302K(6528K)->6302K(6528K) NonClass: 5769K(5888K)->5769K(5888K) Class: 533K(640K)->533K(640K)
[3.613s][info][gc             ] GC(90) Pause Full (Ergonomics) 572M->571M(683M) 182.309ms
[3.613s][info][gc,cpu         ] GC(90) User=1.31s Sys=0.00s Real=0.18s
[3.632s][info][gc,start       ] GC(91) Pause Young (Allocation Failure)
[3.676s][info][gc,heap        ] GC(91) PSYoungGen: 45509K(72704K)->18016K(74240K) Eden: 17920K(17920K)->0K(17920K) From: 27589K(54784K)->18016K(56320K)
[3.676s][info][gc,heap        ] GC(91) ParOldGen: 557614K(627200K)->585630K(627200K)
[3.676s][info][gc,metaspace   ] GC(91) Metaspace: 6302K(6528K)->6302K(6528K) NonClass: 5769K(5888K)->5769K(5888K) Class: 533K(640K)->533K(640K)
[3.676s][info][gc             ] GC(91) Pause Young (Allocation Failure) 588M->589M(685M) 43.349ms
[3.676s][info][gc,cpu         ] GC(91) User=0.27s Sys=0.00s Real=0.04s
[3.696s][info][gc,start       ] GC(92) Pause Young (Allocation Failure)
[3.717s][info][gc,heap        ] GC(92) PSYoungGen: 35936K(74240K)->18080K(76288K) Eden: 17920K(17920K)->0K(19968K) From: 18016K(56320K)->18080K(56320K)
[3.717s][info][gc,heap        ] GC(92) ParOldGen: 585630K(627200K)->603798K(627200K)
[3.717s][info][gc,metaspace   ] GC(92) Metaspace: 6302K(6528K)->6302K(6528K) NonClass: 5769K(5888K)->5769K(5888K) Class: 533K(640K)->533K(640K)
[3.717s][info][gc             ] GC(92) Pause Young (Allocation Failure) 606M->607M(687M) 20.377ms
[3.717s][info][gc,cpu         ] GC(92) User=0.12s Sys=0.02s Real=0.02s
[3.717s][info][gc,start       ] GC(93) Pause Full (Ergonomics)
[3.717s][info][gc,phases,start] GC(93) Marking Phase
[3.848s][info][gc,phases      ] GC(93) Marking Phase 131.263ms
[3.848s][info][gc,phases,start] GC(93) Summary Phase
[3.848s][info][gc,phases      ] GC(93) Summary Phase 0.025ms
[3.848s][info][gc,phases,start] GC(93) Adjust Roots
[3.848s][info][gc,phases      ] GC(93) Adjust Roots 0.146ms
[3.848s][info][gc,phases,start] GC(93) Compaction Phase
[3.900s][info][gc,phases      ] GC(93) Compaction Phase 51.990ms
[3.900s][info][gc,phases,start] GC(93) Post Compact
[3.901s][info][gc,phases      ] GC(93) Post Compact 1.000ms
[3.902s][info][gc,heap        ] GC(93) PSYoungGen: 18080K(76288K)->0K(76288K) Eden: 0K(19968K)->0K(19968K) From: 18080K(56320K)->0K(56320K)
[3.902s][info][gc,heap        ] GC(93) ParOldGen: 603798K(627200K)->620982K(700928K)
[3.902s][info][gc,metaspace   ] GC(93) Metaspace: 6302K(6528K)->6302K(6528K) NonClass: 5769K(5888K)->5769K(5888K) Class: 533K(640K)->533K(640K)
[3.902s][info][gc             ] GC(93) Pause Full (Ergonomics) 607M->606M(759M) 185.015ms
[3.902s][info][gc,cpu         ] GC(93) User=1.30s Sys=0.02s Real=0.19s
[3.926s][info][gc,start       ] GC(94) Pause Young (Allocation Failure)
[3.939s][info][gc,heap        ] GC(94) PSYoungGen: 19968K(76288K)->20096K(76288K) Eden: 19968K(19968K)->0K(22016K) From: 0K(56320K)->20096K(54272K)
[3.939s][info][gc,heap        ] GC(94) ParOldGen: 620982K(700928K)->620982K(700928K)
[3.939s][info][gc,metaspace   ] GC(94) Metaspace: 6302K(6528K)->6302K(6528K) NonClass: 5769K(5888K)->5769K(5888K) Class: 533K(640K)->533K(640K)
[3.939s][info][gc             ] GC(94) Pause Young (Allocation Failure) 625M->626M(759M) 12.642ms
[3.939s][info][gc,cpu         ] GC(94) User=0.02s Sys=0.00s Real=0.01s
[3.964s][info][gc,start       ] GC(95) Pause Young (Allocation Failure)
[3.986s][info][gc,heap        ] GC(95) PSYoungGen: 42112K(76288K)->42112K(77312K) Eden: 22016K(22016K)->0K(22016K) From: 20096K(54272K)->42112K(55296K)
[3.986s][info][gc,heap        ] GC(95) ParOldGen: 620982K(700928K)->620982K(700928K)
[3.986s][info][gc,metaspace   ] GC(95) Metaspace: 6302K(6528K)->6302K(6528K) NonClass: 5769K(5888K)->5769K(5888K) Class: 533K(640K)->533K(640K)
[3.986s][info][gc             ] GC(95) Pause Young (Allocation Failure) 647M->647M(760M) 21.527ms
[3.986s][info][gc,cpu         ] GC(95) User=0.12s Sys=0.00s Real=0.02s
[4.012s][info][gc,start       ] GC(96) Pause Young (Allocation Failure)
[4.045s][info][gc,heap        ] GC(96) PSYoungGen: 64128K(77312K)->57856K(72192K) Eden: 22016K(22016K)->0K(14336K) From: 42112K(55296K)->57856K(57856K)
[4.046s][info][gc,heap        ] GC(96) ParOldGen: 620982K(700928K)->627270K(700928K)
[4.046s][info][gc,metaspace   ] GC(96) Metaspace: 6302K(6528K)->6302K(6528K) NonClass: 5769K(5888K)->5769K(5888K) Class: 533K(640K)->533K(640K)
[4.046s][info][gc             ] GC(96) Pause Young (Allocation Failure) 669M->669M(755M) 33.538ms
[4.046s][info][gc,cpu         ] GC(96) User=0.14s Sys=0.02s Real=0.03s
[4.064s][info][gc,start       ] GC(97) Pause Young (Allocation Failure)
[4.098s][info][gc,heap        ] GC(97) PSYoungGen: 72192K(72192K)->35040K(49664K) Eden: 14336K(14336K)->0K(14336K) From: 57856K(57856K)->35040K(35328K)
[4.098s][info][gc,heap        ] GC(97) ParOldGen: 627270K(700928K)->664990K(700928K)
[4.098s][info][gc,metaspace   ] GC(97) Metaspace: 6302K(6528K)->6302K(6528K) NonClass: 5769K(5888K)->5769K(5888K) Class: 533K(640K)->533K(640K)
[4.098s][info][gc             ] GC(97) Pause Young (Allocation Failure) 683M->683M(733M) 33.603ms
[4.098s][info][gc,cpu         ] GC(97) User=0.25s Sys=0.00s Real=0.03s
[4.265s][info][gc,start       ] GC(98) Pause Full (Ergonomics)
[4.265s][info][gc,phases,start] GC(98) Marking Phase
[4.431s][info][gc,phases      ] GC(98) Marking Phase 165.865ms
[4.431s][info][gc,phases,start] GC(98) Summary Phase
[4.431s][info][gc,phases      ] GC(98) Summary Phase 0.034ms
[4.431s][info][gc,phases,start] GC(98) Adjust Roots
[4.431s][info][gc,phases      ] GC(98) Adjust Roots 0.185ms
[4.431s][info][gc,phases,start] GC(98) Compaction Phase
[4.553s][info][gc,phases      ] GC(98) Compaction Phase 121.572ms
[4.553s][info][gc,phases,start] GC(98) Post Compact
[4.554s][info][gc,phases      ] GC(98) Post Compact 1.468ms
[4.555s][info][gc,heap        ] GC(98) PSYoungGen: 49376K(49664K)->29256K(49664K) Eden: 14336K(14336K)->0K(14336K) From: 35040K(35328K)->29256K(35328K)
[4.555s][info][gc,heap        ] GC(98) ParOldGen: 697758K(700928K)->700613K(791040K)
[4.555s][info][gc,metaspace   ] GC(98) Metaspace: 6302K(6528K)->6302K(6528K) NonClass: 5769K(5888K)->5769K(5888K) Class: 533K(640K)->533K(640K)
[4.555s][info][gc             ] GC(98) Pause Full (Ergonomics) 729M->712M(821M) 289.818ms
[4.555s][info][gc,cpu         ] GC(98) User=1.98s Sys=0.00s Real=0.29s
[4.574s][info][gc,start       ] GC(99) Pause Young (Allocation Failure)
[4.621s][info][gc,heap        ] GC(99) PSYoungGen: 43592K(49664K)->25888K(77312K) Eden: 14336K(14336K)->0K(15872K) From: 29256K(35328K)->25888K(61440K)
[4.621s][info][gc,heap        ] GC(99) ParOldGen: 700613K(791040K)->718725K(791040K)
[4.621s][info][gc,metaspace   ] GC(99) Metaspace: 6302K(6528K)->6302K(6528K) NonClass: 5769K(5888K)->5769K(5888K) Class: 533K(640K)->533K(640K)
[4.621s][info][gc             ] GC(99) Pause Young (Allocation Failure) 726M->727M(848M) 47.319ms
[4.621s][info][gc,cpu         ] GC(99) User=0.27s Sys=0.00s Real=0.05s
[4.637s][info][gc,start       ] GC(100) Pause Young (Allocation Failure)
[4.659s][info][gc,heap        ] GC(100) PSYoungGen: 41760K(77312K)->41760K(78848K) Eden: 15872K(15872K)->0K(15872K) From: 25888K(61440K)->41760K(62976K)
[4.659s][info][gc,heap        ] GC(100) ParOldGen: 718725K(791040K)->718725K(791040K)
[4.659s][info][gc,metaspace   ] GC(100) Metaspace: 6302K(6528K)->6302K(6528K) NonClass: 5769K(5888K)->5769K(5888K) Class: 533K(640K)->533K(640K)
[4.659s][info][gc             ] GC(100) Pause Young (Allocation Failure) 742M->742M(849M) 21.745ms
[4.659s][info][gc,cpu         ] GC(100) User=0.02s Sys=0.00s Real=0.02s
[4.675s][info][gc,start       ] GC(101) Pause Young (Allocation Failure)
[4.704s][info][gc,heap        ] GC(101) PSYoungGen: 57632K(78848K)->57664K(74752K) Eden: 15872K(15872K)->0K(11776K) From: 41760K(62976K)->57664K(62976K)
[4.704s][info][gc,heap        ] GC(101) ParOldGen: 718725K(791040K)->718725K(791040K)
[4.704s][info][gc,metaspace   ] GC(101) Metaspace: 6302K(6528K)->6302K(6528K) NonClass: 5769K(5888K)->5769K(5888K) Class: 533K(640K)->533K(640K)
[4.704s][info][gc             ] GC(101) Pause Young (Allocation Failure) 758M->758M(845M) 28.461ms
[4.704s][info][gc,cpu         ] GC(101) User=0.08s Sys=0.00s Real=0.03s
[4.716s][info][gc,start       ] GC(102) Pause Young (Allocation Failure)
[4.748s][info][gc,heap        ] GC(102) PSYoungGen: 69440K(74752K)->57984K(80896K) Eden: 11776K(11776K)->0K(11776K) From: 57664K(62976K)->57984K(69120K)
[4.748s][info][gc,heap        ] GC(102) ParOldGen: 718725K(791040K)->730309K(791040K)
[4.748s][info][gc,metaspace   ] GC(102) Metaspace: 6302K(6528K)->6302K(6528K) NonClass: 5769K(5888K)->5769K(5888K) Class: 533K(640K)->533K(640K)
[4.748s][info][gc             ] GC(102) Pause Young (Allocation Failure) 769M->769M(851M) 32.342ms
[4.748s][info][gc,cpu         ] GC(102) User=0.16s Sys=0.00s Real=0.03s
[4.760s][info][gc,start       ] GC(103) Pause Young (Allocation Failure)
[4.793s][info][gc,heap        ] GC(103) PSYoungGen: 69760K(80896K)->55456K(84480K) Eden: 11776K(11776K)->0K(10752K) From: 57984K(69120K)->55456K(73728K)
[4.793s][info][gc,heap        ] GC(103) ParOldGen: 730309K(791040K)->744829K(791040K)
[4.793s][info][gc,metaspace   ] GC(103) Metaspace: 6302K(6528K)->6302K(6528K) NonClass: 5769K(5888K)->5769K(5888K) Class: 533K(640K)->533K(640K)
[4.793s][info][gc             ] GC(103) Pause Young (Allocation Failure) 781M->781M(855M) 32.553ms
[4.793s][info][gc,cpu         ] GC(103) User=0.14s Sys=0.02s Real=0.03s
[4.803s][info][gc,start       ] GC(104) Pause Young (Allocation Failure)
[4.835s][info][gc,heap        ] GC(104) PSYoungGen: 66208K(84480K)->34432K(45568K) Eden: 10752K(10752K)->0K(10752K) From: 55456K(73728K)->34432K(34816K)
[4.835s][info][gc,heap        ] GC(104) ParOldGen: 744829K(791040K)->776973K(791040K)
[4.835s][info][gc,metaspace   ] GC(104) Metaspace: 6302K(6528K)->6302K(6528K) NonClass: 5769K(5888K)->5769K(5888K) Class: 533K(640K)->533K(640K)
[4.835s][info][gc             ] GC(104) Pause Young (Allocation Failure) 792M->792M(817M) 31.753ms
[4.835s][info][gc,cpu         ] GC(104) User=0.08s Sys=0.06s Real=0.03s
[4.835s][info][gc,start       ] GC(105) Pause Full (Ergonomics)
[4.835s][info][gc,phases,start] GC(105) Marking Phase
[5.012s][info][gc,phases      ] GC(105) Marking Phase 177.051ms
[5.012s][info][gc,phases,start] GC(105) Summary Phase
[5.012s][info][gc,phases      ] GC(105) Summary Phase 0.029ms
[5.012s][info][gc,phases,start] GC(105) Adjust Roots
[5.012s][info][gc,phases      ] GC(105) Adjust Roots 0.146ms
[5.013s][info][gc,phases,start] GC(105) Compaction Phase
[5.095s][info][gc,phases      ] GC(105) Compaction Phase 82.204ms
[5.095s][info][gc,phases,start] GC(105) Post Compact
[5.096s][info][gc,phases      ] GC(105) Post Compact 1.396ms
[5.097s][info][gc,heap        ] GC(105) PSYoungGen: 34432K(45568K)->19396K(45568K) Eden: 0K(10752K)->0K(10752K) From: 34432K(34816K)->19396K(34816K)
[5.097s][info][gc,heap        ] GC(105) ParOldGen: 776973K(791040K)->790678K(887296K)
[5.097s][info][gc,metaspace   ] GC(105) Metaspace: 6302K(6528K)->6302K(6528K) NonClass: 5769K(5888K)->5769K(5888K) Class: 533K(640K)->533K(640K)
[5.097s][info][gc             ] GC(105) Pause Full (Ergonomics) 792M->791M(911M) 261.551ms
[5.097s][info][gc,cpu         ] GC(105) User=1.89s Sys=0.00s Real=0.26s
[5.110s][info][gc,start       ] GC(106) Pause Young (Allocation Failure)
[5.155s][info][gc,heap        ] GC(106) PSYoungGen: 30148K(45568K)->16864K(86016K) Eden: 10752K(10752K)->0K(12288K) From: 19396K(34816K)->16864K(73728K)
[5.155s][info][gc,heap        ] GC(106) ParOldGen: 790678K(887296K)->804222K(887296K)
[5.155s][info][gc,metaspace   ] GC(106) Metaspace: 6302K(6528K)->6302K(6528K) NonClass: 5769K(5888K)->5769K(5888K) Class: 533K(640K)->533K(640K)
[5.155s][info][gc             ] GC(106) Pause Young (Allocation Failure) 801M->801M(950M) 45.371ms
[5.155s][info][gc,cpu         ] GC(106) User=0.20s Sys=0.06s Real=0.05s
[5.168s][info][gc,start       ] GC(107) Pause Young (Allocation Failure)
[5.185s][info][gc,heap        ] GC(107) PSYoungGen: 29152K(86016K)->23136K(86528K) Eden: 12288K(12288K)->0K(12288K) From: 16864K(73728K)->23136K(74240K)
[5.185s][info][gc,heap        ] GC(107) ParOldGen: 804222K(887296K)->810358K(887296K)
[5.185s][info][gc,metaspace   ] GC(107) Metaspace: 6302K(6528K)->6302K(6528K) NonClass: 5769K(5888K)->5769K(5888K) Class: 533K(640K)->533K(640K)
[5.185s][info][gc             ] GC(107) Pause Young (Allocation Failure) 813M->813M(951M) 16.972ms
[5.185s][info][gc,cpu         ] GC(107) User=0.02s Sys=0.00s Real=0.02s
[5.198s][info][gc,start       ] GC(108) Pause Young (Allocation Failure)
[5.217s][info][gc,heap        ] GC(108) PSYoungGen: 35424K(86528K)->24704K(82944K) Eden: 12288K(12288K)->0K(13824K) From: 23136K(74240K)->24704K(69120K)
[5.217s][info][gc,heap        ] GC(108) ParOldGen: 810358K(887296K)->821254K(887296K)
[5.217s][info][gc,metaspace   ] GC(108) Metaspace: 6302K(6528K)->6302K(6528K) NonClass: 5769K(5888K)->5769K(5888K) Class: 533K(640K)->533K(640K)
[5.217s][info][gc             ] GC(108) Pause Young (Allocation Failure) 825M->826M(947M) 19.682ms
[5.217s][info][gc,cpu         ] GC(108) User=0.12s Sys=0.00s Real=0.02s
[5.232s][info][gc,start       ] GC(109) Pause Young (Allocation Failure)
[5.253s][info][gc,heap        ] GC(109) PSYoungGen: 38528K(82944K)->26208K(84992K) Eden: 13824K(13824K)->0K(13824K) From: 24704K(69120K)->26208K(71168K)
[5.253s][info][gc,heap        ] GC(109) ParOldGen: 821254K(887296K)->833710K(887296K)
[5.253s][info][gc,metaspace   ] GC(109) Metaspace: 6302K(6528K)->6302K(6528K) NonClass: 5769K(5888K)->5769K(5888K) Class: 533K(640K)->533K(640K)
[5.253s][info][gc             ] GC(109) Pause Young (Allocation Failure) 839M->839M(949M) 20.912ms
[5.253s][info][gc,cpu         ] GC(109) User=0.12s Sys=0.00s Real=0.02s
[5.268s][info][gc,start       ] GC(110) Pause Young (Allocation Failure)
[5.290s][info][gc,heap        ] GC(110) PSYoungGen: 40032K(84992K)->13952K(84992K) Eden: 13824K(13824K)->0K(15872K) From: 26208K(71168K)->13952K(69120K)
[5.290s][info][gc,heap        ] GC(110) ParOldGen: 833710K(887296K)->860142K(887296K)
[5.290s][info][gc,metaspace   ] GC(110) Metaspace: 6302K(6528K)->6302K(6528K) NonClass: 5769K(5888K)->5769K(5888K) Class: 533K(640K)->533K(640K)
[5.290s][info][gc             ] GC(110) Pause Young (Allocation Failure) 853M->853M(949M) 22.395ms
[5.290s][info][gc,cpu         ] GC(110) User=0.11s Sys=0.02s Real=0.02s
[5.290s][info][gc,start       ] GC(111) Pause Full (Ergonomics)
[5.290s][info][gc,phases,start] GC(111) Marking Phase
[5.485s][info][gc,phases      ] GC(111) Marking Phase 194.624ms
[5.485s][info][gc,phases,start] GC(111) Summary Phase
[5.485s][info][gc,phases      ] GC(111) Summary Phase 0.029ms
[5.485s][info][gc,phases,start] GC(111) Adjust Roots
[5.485s][info][gc,phases      ] GC(111) Adjust Roots 0.197ms
[5.485s][info][gc,phases,start] GC(111) Compaction Phase
[5.568s][info][gc,phases      ] GC(111) Compaction Phase 82.409ms
[5.568s][info][gc,phases,start] GC(111) Post Compact
[5.569s][info][gc,phases      ] GC(111) Post Compact 1.556ms
[5.570s][info][gc,heap        ] GC(111) PSYoungGen: 13952K(84992K)->0K(84992K) Eden: 0K(15872K)->0K(15872K) From: 13952K(69120K)->0K(69120K)
[5.570s][info][gc,heap        ] GC(111) ParOldGen: 860142K(887296K)->872904K(973312K)
[5.570s][info][gc,metaspace   ] GC(111) Metaspace: 6302K(6528K)->6302K(6528K) NonClass: 5769K(5888K)->5769K(5888K) Class: 533K(640K)->533K(640K)
[5.570s][info][gc             ] GC(111) Pause Full (Ergonomics) 853M->852M(1033M) 279.535ms
[5.570s][info][gc,cpu         ] GC(111) User=2.02s Sys=0.00s Real=0.28s
[5.589s][info][gc,start       ] GC(112) Pause Young (Allocation Failure)
[5.603s][info][gc,heap        ] GC(112) PSYoungGen: 15872K(84992K)->15968K(84992K) Eden: 15872K(15872K)->0K(17920K) From: 0K(69120K)->15968K(67072K)
[5.603s][info][gc,heap        ] GC(112) ParOldGen: 872904K(973312K)->872904K(973312K)
[5.603s][info][gc,metaspace   ] GC(112) Metaspace: 6302K(6528K)->6302K(6528K) NonClass: 5769K(5888K)->5769K(5888K) Class: 533K(640K)->533K(640K)
[5.603s][info][gc             ] GC(112) Pause Young (Allocation Failure) 867M->868M(1033M) 13.669ms
[5.603s][info][gc,cpu         ] GC(112) User=0.00s Sys=0.00s Real=0.01s
[5.622s][info][gc,start       ] GC(113) Pause Young (Allocation Failure)
[5.641s][info][gc,heap        ] GC(113) PSYoungGen: 33888K(84992K)->33952K(52224K) Eden: 17920K(17920K)->0K(17920K) From: 15968K(67072K)->33952K(34304K)
[5.641s][info][gc,heap        ] GC(113) ParOldGen: 872904K(973312K)->872904K(973312K)
[5.641s][info][gc,metaspace   ] GC(113) Metaspace: 6302K(6528K)->6302K(6528K) NonClass: 5769K(5888K)->5769K(5888K) Class: 533K(640K)->533K(640K)
[5.641s][info][gc             ] GC(113) Pause Young (Allocation Failure) 885M->885M(1001M) 19.246ms
[5.641s][info][gc,cpu         ] GC(113) User=0.03s Sys=0.00s Real=0.02s
[5.661s][info][gc,start       ] GC(114) Pause Young (Allocation Failure)
[5.687s][info][gc,heap        ] GC(114) PSYoungGen: 51872K(52224K)->51872K(80896K) Eden: 17920K(17920K)->0K(15360K) From: 33952K(34304K)->51872K(65536K)
[5.687s][info][gc,heap        ] GC(114) ParOldGen: 872904K(973312K)->872904K(973312K)
[5.687s][info][gc,metaspace   ] GC(114) Metaspace: 6302K(6528K)->6302K(6528K) NonClass: 5769K(5888K)->5769K(5888K) Class: 533K(640K)->533K(640K)
[5.687s][info][gc             ] GC(114) Pause Young (Allocation Failure) 903M->903M(1029M) 26.527ms
[5.687s][info][gc,cpu         ] GC(114) User=0.14s Sys=0.00s Real=0.03s
[5.704s][info][gc,start       ] GC(115) Pause Young (Allocation Failure)
[5.736s][info][gc,heap        ] GC(115) PSYoungGen: 67232K(80896K)->51360K(85504K) Eden: 15360K(15360K)->0K(15360K) From: 51872K(65536K)->51360K(70144K)
[5.736s][info][gc,heap        ] GC(115) ParOldGen: 872904K(973312K)->888976K(973312K)
[5.736s][info][gc,metaspace   ] GC(115) Metaspace: 6302K(6528K)->6302K(6528K) NonClass: 5769K(5888K)->5769K(5888K) Class: 533K(640K)->533K(640K)
[5.736s][info][gc             ] GC(115) Pause Young (Allocation Failure) 918M->918M(1034M) 32.219ms
[5.736s][info][gc,cpu         ] GC(115) User=0.14s Sys=0.00s Real=0.03s
[5.753s][info][gc,start       ] GC(116) Pause Young (Allocation Failure)
[5.787s][info][gc,heap        ] GC(116) PSYoungGen: 66720K(85504K)->48768K(89088K) Eden: 15360K(15360K)->0K(15872K) From: 51360K(70144K)->48768K(73216K)
[5.787s][info][gc,heap        ] GC(116) ParOldGen: 888976K(973312K)->907136K(973312K)
[5.787s][info][gc,metaspace   ] GC(116) Metaspace: 6302K(6528K)->6302K(6528K) NonClass: 5769K(5888K)->5769K(5888K) Class: 533K(640K)->533K(640K)
[5.787s][info][gc             ] GC(116) Pause Young (Allocation Failure) 933M->933M(1037M) 33.596ms
[5.787s][info][gc,cpu         ] GC(116) User=0.16s Sys=0.00s Real=0.03s
[5.805s][info][gc,start       ] GC(117) Pause Young (Allocation Failure)
[5.836s][info][gc,heap        ] GC(117) PSYoungGen: 64640K(89088K)->46752K(90624K) Eden: 15872K(15872K)->0K(15872K) From: 48768K(73216K)->46752K(74752K)
[5.836s][info][gc,heap        ] GC(117) ParOldGen: 907136K(973312K)->925304K(973312K)
[5.836s][info][gc,metaspace   ] GC(117) Metaspace: 6302K(6528K)->6302K(6528K) NonClass: 5769K(5888K)->5769K(5888K) Class: 533K(640K)->533K(640K)
[5.837s][info][gc             ] GC(117) Pause Young (Allocation Failure) 949M->949M(1039M) 31.588ms
[5.837s][info][gc,cpu         ] GC(117) User=0.11s Sys=0.03s Real=0.03s
[5.854s][info][gc,start       ] GC(118) Pause Young (Allocation Failure)
[5.885s][info][gc,heap        ] GC(118) PSYoungGen: 62624K(90624K)->31808K(87040K) Eden: 15872K(15872K)->0K(18432K) From: 46752K(74752K)->31808K(68608K)
[5.885s][info][gc,heap        ] GC(118) ParOldGen: 925304K(973312K)->956408K(973312K)
[5.885s][info][gc,metaspace   ] GC(118) Metaspace: 6302K(6528K)->6302K(6528K) NonClass: 5769K(5888K)->5769K(5888K) Class: 533K(640K)->533K(640K)
[5.885s][info][gc             ] GC(118) Pause Young (Allocation Failure) 964M->965M(1035M) 31.040ms
[5.885s][info][gc,cpu         ] GC(118) User=0.05s Sys=0.08s Real=0.03s
[5.885s][info][gc,start       ] GC(119) Pause Full (Ergonomics)
[5.885s][info][gc,phases,start] GC(119) Marking Phase
[6.101s][info][gc,phases      ] GC(119) Marking Phase 216.067ms
[6.101s][info][gc,phases,start] GC(119) Summary Phase
[6.101s][info][gc,phases      ] GC(119) Summary Phase 0.023ms
[6.101s][info][gc,phases,start] GC(119) Adjust Roots
[6.101s][info][gc,phases      ] GC(119) Adjust Roots 0.148ms
[6.101s][info][gc,phases,start] GC(119) Compaction Phase
[6.192s][info][gc,phases      ] GC(119) Compaction Phase 90.584ms
[6.192s][info][gc,phases,start] GC(119) Post Compact
[6.194s][info][gc,phases      ] GC(119) Post Compact 1.813ms
[6.194s][info][gc,heap        ] GC(119) PSYoungGen: 31808K(87040K)->13793K(89600K) Eden: 0K(18432K)->0K(20992K) From: 31808K(68608K)->13793K(68608K)
[6.195s][info][gc,heap        ] GC(119) ParOldGen: 956408K(973312K)->973068K(1083904K)
[6.195s][info][gc,metaspace   ] GC(119) Metaspace: 6302K(6528K)->6302K(6528K) NonClass: 5769K(5888K)->5769K(5888K) Class: 533K(640K)->533K(640K)
[6.195s][info][gc             ] GC(119) Pause Full (Ergonomics) 965M->963M(1146M) 309.518ms
[6.195s][info][gc,cpu         ] GC(119) User=2.23s Sys=0.03s Real=0.31s
[6.222s][info][gc,start       ] GC(120) Pause Young (Allocation Failure)
[6.278s][info][gc,heap        ] GC(120) PSYoungGen: 34785K(89600K)->21152K(92672K) Eden: 20992K(20992K)->0K(20992K) From: 13793K(68608K)->21152K(71680K)
[6.278s][info][gc,heap        ] GC(120) ParOldGen: 973068K(1083904K)->987060K(1083904K)
[6.279s][info][gc,metaspace   ] GC(120) Metaspace: 6302K(6528K)->6302K(6528K) NonClass: 5769K(5888K)->5769K(5888K) Class: 533K(640K)->533K(640K)
[6.279s][info][gc             ] GC(120) Pause Young (Allocation Failure) 984M->984M(1149M) 56.975ms
[6.279s][info][gc,cpu         ] GC(120) User=0.34s Sys=0.03s Real=0.06s
[6.302s][info][gc,start       ] GC(121) Pause Young (Allocation Failure)
[6.326s][info][gc,heap        ] GC(121) PSYoungGen: 42144K(92672K)->21120K(91648K) Eden: 20992K(20992K)->0K(23552K) From: 21152K(71680K)->21120K(68096K)
[6.327s][info][gc,heap        ] GC(121) ParOldGen: 987060K(1083904K)->1008332K(1083904K)
[6.327s][info][gc,metaspace   ] GC(121) Metaspace: 6302K(6528K)->6302K(6528K) NonClass: 5769K(5888K)->5769K(5888K) Class: 533K(640K)->533K(640K)
[6.327s][info][gc             ] GC(121) Pause Young (Allocation Failure) 1005M->1005M(1148M) 24.407ms
[6.327s][info][gc,cpu         ] GC(121) User=0.14s Sys=0.00s Real=0.02s
[6.352s][info][gc,start       ] GC(122) Pause Young (Allocation Failure)
[6.378s][info][gc,heap        ] GC(122) PSYoungGen: 44672K(91648K)->23680K(93184K) Eden: 23552K(23552K)->0K(23552K) From: 21120K(68096K)->23680K(69632K)
[6.378s][info][gc,heap        ] GC(122) ParOldGen: 1008332K(1083904K)->1029628K(1083904K)
[6.378s][info][gc,metaspace   ] GC(122) Metaspace: 6302K(6528K)->6302K(6528K) NonClass: 5769K(5888K)->5769K(5888K) Class: 533K(640K)->533K(640K)
[6.378s][info][gc             ] GC(122) Pause Young (Allocation Failure) 1028M->1028M(1149M) 25.648ms
[6.378s][info][gc,cpu         ] GC(122) User=0.14s Sys=0.00s Real=0.03s
[6.404s][info][gc,start       ] GC(123) Pause Young (Allocation Failure)
[6.433s][info][gc,heap        ] GC(123) PSYoungGen: 47232K(93184K)->23712K(90112K) Eden: 23552K(23552K)->0K(26112K) From: 23680K(69632K)->23712K(64000K)
[6.433s][info][gc,heap        ] GC(123) ParOldGen: 1029628K(1083904K)->1053532K(1083904K)
[6.433s][info][gc,metaspace   ] GC(123) Metaspace: 6302K(6528K)->6302K(6528K) NonClass: 5769K(5888K)->5769K(5888K) Class: 533K(640K)->533K(640K)
[6.433s][info][gc             ] GC(123) Pause Young (Allocation Failure) 1051M->1051M(1146M) 29.164ms
[6.433s][info][gc,cpu         ] GC(123) User=0.14s Sys=0.00s Real=0.03s
[6.433s][info][gc,start       ] GC(124) Pause Full (Ergonomics)
[6.433s][info][gc,phases,start] GC(124) Marking Phase
[6.671s][info][gc,phases      ] GC(124) Marking Phase 237.864ms
[6.671s][info][gc,phases,start] GC(124) Summary Phase
[6.671s][info][gc,phases      ] GC(124) Summary Phase 0.051ms
[6.671s][info][gc,phases,start] GC(124) Adjust Roots
[6.671s][info][gc,phases      ] GC(124) Adjust Roots 0.213ms
[6.671s][info][gc,phases,start] GC(124) Compaction Phase
[6.765s][info][gc,phases      ] GC(124) Compaction Phase 93.296ms
[6.765s][info][gc,phases,start] GC(124) Post Compact
[6.767s][info][gc,phases      ] GC(124) Post Compact 2.152ms
[6.767s][info][gc,heap        ] GC(124) PSYoungGen: 23712K(90112K)->0K(92160K) Eden: 0K(26112K)->0K(26112K) From: 23712K(64000K)->0K(66048K)
[6.767s][info][gc,heap        ] GC(124) ParOldGen: 1053532K(1083904K)->1075826K(1195008K)
[6.767s][info][gc,metaspace   ] GC(124) Metaspace: 6302K(6528K)->6302K(6528K) NonClass: 5769K(5888K)->5769K(5888K) Class: 533K(640K)->533K(640K)
[6.767s][info][gc             ] GC(124) Pause Full (Ergonomics) 1051M->1050M(1257M) 334.529ms
[6.767s][info][gc,cpu         ] GC(124) User=2.31s Sys=0.00s Real=0.34s
[6.797s][info][gc,start       ] GC(125) Pause Young (Allocation Failure)
[6.815s][info][gc,heap        ] GC(125) PSYoungGen: 26112K(92160K)->26240K(89088K) Eden: 26112K(26112K)->0K(28672K) From: 0K(66048K)->26240K(60416K)
[6.815s][info][gc,heap        ] GC(125) ParOldGen: 1075826K(1195008K)->1075826K(1195008K)
[6.815s][info][gc,metaspace   ] GC(125) Metaspace: 6302K(6528K)->6302K(6528K) NonClass: 5769K(5888K)->5769K(5888K) Class: 533K(640K)->533K(640K)
[6.815s][info][gc             ] GC(125) Pause Young (Allocation Failure) 1076M->1076M(1254M) 17.926ms
[6.815s][info][gc,cpu         ] GC(125) User=0.03s Sys=0.00s Real=0.02s
[6.845s][info][gc,start       ] GC(126) Pause Young (Allocation Failure)
[6.874s][info][gc,heap        ] GC(126) PSYoungGen: 54912K(89088K)->55008K(92160K) Eden: 28672K(28672K)->0K(28672K) From: 26240K(60416K)->55008K(63488K)
[6.874s][info][gc,heap        ] GC(126) ParOldGen: 1075826K(1195008K)->1075826K(1195008K)
[6.874s][info][gc,metaspace   ] GC(126) Metaspace: 6302K(6528K)->6302K(6528K) NonClass: 5769K(5888K)->5769K(5888K) Class: 533K(640K)->533K(640K)
[6.874s][info][gc             ] GC(126) Pause Young (Allocation Failure) 1104M->1104M(1257M) 29.100ms
[6.874s][info][gc,cpu         ] GC(126) User=0.14s Sys=0.00s Real=0.03s
[6.906s][info][gc,start       ] GC(127) Pause Young (Allocation Failure)
[6.947s][info][gc,heap        ] GC(127) PSYoungGen: 83680K(92160K)->69120K(86016K) Eden: 28672K(28672K)->0K(16896K) From: 55008K(63488K)->69120K(69120K)
[6.947s][info][gc,heap        ] GC(127) ParOldGen: 1075826K(1195008K)->1090410K(1195008K)
[6.947s][info][gc,metaspace   ] GC(127) Metaspace: 6302K(6528K)->6302K(6528K) NonClass: 5769K(5888K)->5769K(5888K) Class: 533K(640K)->533K(640K)
[6.947s][info][gc             ] GC(127) Pause Young (Allocation Failure) 1132M->1132M(1251M) 41.614ms
[6.947s][info][gc,cpu         ] GC(127) User=0.22s Sys=0.03s Real=0.04s
[6.966s][info][gc,start       ] GC(128) Pause Young (Allocation Failure)
[7.010s][info][gc,heap        ] GC(128) PSYoungGen: 86016K(86016K)->38880K(55808K) Eden: 16896K(16896K)->0K(16896K) From: 69120K(69120K)->38880K(38912K)
[7.010s][info][gc,heap        ] GC(128) ParOldGen: 1090410K(1195008K)->1138330K(1195008K)
[7.010s][info][gc,metaspace   ] GC(128) Metaspace: 6302K(6528K)->6302K(6528K) NonClass: 5769K(5888K)->5769K(5888K) Class: 533K(640K)->533K(640K)
[7.010s][info][gc             ] GC(128) Pause Young (Allocation Failure) 1148M->1149M(1221M) 43.442ms
[7.010s][info][gc,cpu         ] GC(128) User=0.22s Sys=0.03s Real=0.04s
[7.029s][info][gc,start       ] GC(129) Pause Young (Allocation Failure)
[7.059s][info][gc,heap        ] GC(129) PSYoungGen: 55776K(55808K)->33952K(91648K) Eden: 16896K(16896K)->0K(18944K) From: 38880K(38912K)->33952K(72704K)
[7.059s][info][gc,heap        ] GC(129) ParOldGen: 1138330K(1195008K)->1160402K(1195008K)
[7.059s][info][gc,metaspace   ] GC(129) Metaspace: 6302K(6528K)->6302K(6528K) NonClass: 5769K(5888K)->5769K(5888K) Class: 533K(640K)->533K(640K)
[7.059s][info][gc             ] GC(129) Pause Young (Allocation Failure) 1166M->1166M(1256M) 29.641ms
[7.059s][info][gc,cpu         ] GC(129) User=0.11s Sys=0.03s Real=0.03s
[7.059s][info][gc,start       ] GC(130) Pause Full (Ergonomics)
[7.059s][info][gc,phases,start] GC(130) Marking Phase
[7.337s][info][gc,phases      ] GC(130) Marking Phase 278.422ms
[7.337s][info][gc,phases,start] GC(130) Summary Phase
[7.337s][info][gc,phases      ] GC(130) Summary Phase 0.032ms
[7.337s][info][gc,phases,start] GC(130) Adjust Roots
[7.337s][info][gc,phases      ] GC(130) Adjust Roots 0.153ms
[7.337s][info][gc,phases,start] GC(130) Compaction Phase
[7.433s][info][gc,phases      ] GC(130) Compaction Phase 95.447ms
[7.433s][info][gc,phases,start] GC(130) Post Compact
[7.435s][info][gc,phases      ] GC(130) Post Compact 1.942ms
[7.435s][info][gc,heap        ] GC(130) PSYoungGen: 33952K(91648K)->0K(95232K) Eden: 0K(18944K)->0K(18944K) From: 33952K(72704K)->0K(76288K)
[7.435s][info][gc,heap        ] GC(130) ParOldGen: 1160402K(1195008K)->1192924K(1327104K)
[7.435s][info][gc,metaspace   ] GC(130) Metaspace: 6302K(6528K)->6302K(6528K) NonClass: 5769K(5888K)->5769K(5888K) Class: 533K(640K)->533K(640K)
[7.435s][info][gc             ] GC(130) Pause Full (Ergonomics) 1166M->1164M(1389M) 376.769ms
[7.435s][info][gc,cpu         ] GC(130) User=2.83s Sys=0.02s Real=0.38s
[7.461s][info][gc,start       ] GC(131) Pause Young (Allocation Failure)
[7.476s][info][gc,heap        ] GC(131) PSYoungGen: 18944K(95232K)->19072K(95744K) Eden: 18944K(18944K)->0K(20992K) From: 0K(76288K)->19072K(74752K)
[7.476s][info][gc,heap        ] GC(131) ParOldGen: 1192924K(1327104K)->1192924K(1327104K)
[7.476s][info][gc,metaspace   ] GC(131) Metaspace: 6302K(6528K)->6302K(6528K) NonClass: 5769K(5888K)->5769K(5888K) Class: 533K(640K)->533K(640K)
[7.476s][info][gc             ] GC(131) Pause Young (Allocation Failure) 1183M->1183M(1389M) 15.257ms
[7.476s][info][gc,cpu         ] GC(131) User=0.02s Sys=0.00s Real=0.01s
[7.501s][info][gc,start       ] GC(132) Pause Young (Allocation Failure)
[7.525s][info][gc,heap        ] GC(132) PSYoungGen: 40064K(95744K)->40064K(61440K) Eden: 20992K(20992K)->0K(20992K) From: 19072K(74752K)->40064K(40448K)
[7.525s][info][gc,heap        ] GC(132) ParOldGen: 1192924K(1327104K)->1192924K(1327104K)
[7.525s][info][gc,metaspace   ] GC(132) Metaspace: 6302K(6528K)->6302K(6528K) NonClass: 5769K(5888K)->5769K(5888K) Class: 533K(640K)->533K(640K)
[7.525s][info][gc             ] GC(132) Pause Young (Allocation Failure) 1204M->1204M(1356M) 24.077ms
[7.525s][info][gc,cpu         ] GC(132) User=0.12s Sys=0.00s Real=0.02s
[7.550s][info][gc,start       ] GC(133) Pause Young (Allocation Failure)
[7.582s][info][gc,heap        ] GC(133) PSYoungGen: 61056K(61440K)->61120K(90624K) Eden: 20992K(20992K)->0K(17408K) From: 40064K(40448K)->61120K(73216K)
[7.582s][info][gc,heap        ] GC(133) ParOldGen: 1192924K(1327104K)->1192924K(1327104K)
[7.582s][info][gc,metaspace   ] GC(133) Metaspace: 6302K(6528K)->6302K(6528K) NonClass: 5769K(5888K)->5769K(5888K) Class: 533K(640K)->533K(640K)
[7.582s][info][gc             ] GC(133) Pause Young (Allocation Failure) 1224M->1224M(1384M) 31.475ms
[7.582s][info][gc,cpu         ] GC(133) User=0.14s Sys=0.00s Real=0.03s
[7.603s][info][gc,start       ] GC(134) Pause Young (Allocation Failure)
[7.641s][info][gc,heap        ] GC(134) PSYoungGen: 78528K(90624K)->78464K(96256K) Eden: 17408K(17408K)->0K(17408K) From: 61120K(73216K)->78464K(78848K)
[7.641s][info][gc,heap        ] GC(134) ParOldGen: 1192924K(1327104K)->1192924K(1327104K)
[7.641s][info][gc,metaspace   ] GC(134) Metaspace: 6302K(6528K)->6302K(6528K) NonClass: 5769K(5888K)->5769K(5888K) Class: 533K(640K)->533K(640K)
[7.641s][info][gc             ] GC(134) Pause Young (Allocation Failure) 1241M->1241M(1390M) 38.240ms
[7.641s][info][gc,cpu         ] GC(134) User=0.27s Sys=0.00s Real=0.04s
[7.663s][info][gc,start       ] GC(135) Pause Young (Allocation Failure)
[7.712s][info][gc,heap        ] GC(135) PSYoungGen: 95872K(96256K)->89600K(94208K) Eden: 17408K(17408K)->0K(4608K) From: 78464K(78848K)->89600K(89600K)
[7.712s][info][gc,heap        ] GC(135) ParOldGen: 1192924K(1327104K)->1199228K(1327104K)
[7.712s][info][gc,metaspace   ] GC(135) Metaspace: 6302K(6528K)->6302K(6528K) NonClass: 5769K(5888K)->5769K(5888K) Class: 533K(640K)->533K(640K)
[7.712s][info][gc             ] GC(135) Pause Young (Allocation Failure) 1258M->1258M(1388M) 48.962ms
[7.712s][info][gc,cpu         ] GC(135) User=0.23s Sys=0.03s Real=0.05s
[7.717s][info][gc,start       ] GC(136) Pause Young (Allocation Failure)
[7.764s][info][gc,heap        ] GC(136) PSYoungGen: 94208K(94208K)->56896K(61952K) Eden: 4608K(4608K)->0K(4608K) From: 89600K(89600K)->56896K(57344K)
[7.764s][info][gc,heap        ] GC(136) ParOldGen: 1199228K(1327104K)->1237116K(1327104K)
[7.764s][info][gc,metaspace   ] GC(136) Metaspace: 6302K(6528K)->6302K(6528K) NonClass: 5769K(5888K)->5769K(5888K) Class: 533K(640K)->533K(640K)
[7.764s][info][gc             ] GC(136) Pause Young (Allocation Failure) 1263M->1263M(1356M) 46.456ms
[7.764s][info][gc,cpu         ] GC(136) User=0.25s Sys=0.02s Real=0.05s
[7.770s][info][gc,start       ] GC(137) Pause Young (Allocation Failure)
[7.801s][info][gc,heap        ] GC(137) PSYoungGen: 61504K(61952K)->26112K(104448K) Eden: 4608K(4608K)->0K(5632K) From: 56896K(57344K)->26112K(98816K)
[7.802s][info][gc,heap        ] GC(137) ParOldGen: 1237116K(1327104K)->1272948K(1327104K)
[7.802s][info][gc,metaspace   ] GC(137) Metaspace: 6302K(6528K)->6302K(6528K) NonClass: 5769K(5888K)->5769K(5888K) Class: 533K(640K)->533K(640K)
[7.802s][info][gc             ] GC(137) Pause Young (Allocation Failure) 1268M->1268M(1398M) 31.419ms
[7.802s][info][gc,cpu         ] GC(137) User=0.14s Sys=0.00s Real=0.03s
[7.809s][info][gc,start       ] GC(138) Pause Young (Allocation Failure)
[7.827s][info][gc,heap        ] GC(138) PSYoungGen: 31744K(104448K)->9344K(105984K) Eden: 5632K(5632K)->0K(5632K) From: 26112K(98816K)->9344K(100352K)
[7.827s][info][gc,heap        ] GC(138) ParOldGen: 1272948K(1327104K)->1294620K(1327104K)
[7.827s][info][gc,metaspace   ] GC(138) Metaspace: 6302K(6528K)->6302K(6528K) NonClass: 5769K(5888K)->5769K(5888K) Class: 533K(640K)->533K(640K)
[7.827s][info][gc             ] GC(138) Pause Young (Allocation Failure) 1274M->1273M(1399M) 17.895ms
[7.827s][info][gc,cpu         ] GC(138) User=0.12s Sys=0.00s Real=0.02s
[7.827s][info][gc,start       ] GC(139) Pause Full (Ergonomics)
[7.827s][info][gc,phases,start] GC(139) Marking Phase
[8.119s][info][gc,phases      ] GC(139) Marking Phase 292.272ms
[8.119s][info][gc,phases,start] GC(139) Summary Phase
[8.119s][info][gc,phases      ] GC(139) Summary Phase 0.044ms
[8.119s][info][gc,phases,start] GC(139) Adjust Roots
[8.120s][info][gc,phases      ] GC(139) Adjust Roots 0.168ms
[8.120s][info][gc,phases,start] GC(139) Compaction Phase
[8.220s][info][gc,phases      ] GC(139) Compaction Phase 100.650ms
[8.220s][info][gc,phases,start] GC(139) Post Compact
[8.222s][info][gc,phases      ] GC(139) Post Compact 2.003ms
[8.223s][info][gc,heap        ] GC(139) PSYoungGen: 9344K(105984K)->0K(108544K) Eden: 0K(5632K)->0K(7168K) From: 9344K(100352K)->0K(101376K)
[8.223s][info][gc,heap        ] GC(139) ParOldGen: 1294620K(1327104K)->1302247K(1451520K)
[8.223s][info][gc,metaspace   ] GC(139) Metaspace: 6302K(6528K)->6302K(6528K) NonClass: 5769K(5888K)->5769K(5888K) Class: 533K(640K)->533K(640K)
[8.223s][info][gc             ] GC(139) Pause Full (Ergonomics) 1273M->1271M(1523M) 395.898ms
[8.223s][info][gc,cpu         ] GC(139) User=2.92s Sys=0.02s Real=0.40s
[8.229s][info][gc,start       ] GC(140) Pause Young (Allocation Failure)
[8.240s][info][gc,heap        ] GC(140) PSYoungGen: 7168K(108544K)->3808K(108544K) Eden: 7168K(7168K)->0K(7168K) From: 0K(101376K)->3808K(101376K)
[8.240s][info][gc,heap        ] GC(140) ParOldGen: 1302247K(1451520K)->1302247K(1451520K)
[8.240s][info][gc,metaspace   ] GC(140) Metaspace: 6302K(6528K)->6302K(6528K) NonClass: 5769K(5888K)->5769K(5888K) Class: 533K(640K)->533K(640K)
[8.240s][info][gc             ] GC(140) Pause Young (Allocation Failure) 1278M->1275M(1523M) 11.265ms
[8.240s][info][gc,cpu         ] GC(140) User=0.00s Sys=0.00s Real=0.01s
[8.246s][info][gc,start       ] GC(141) Pause Young (Allocation Failure)
[8.258s][info][gc,heap        ] GC(141) PSYoungGen: 10976K(108544K)->3840K(110592K) Eden: 7168K(7168K)->0K(8192K) From: 3808K(101376K)->3840K(102400K)
[8.258s][info][gc,heap        ] GC(141) ParOldGen: 1302247K(1451520K)->1306023K(1451520K)
[8.258s][info][gc,metaspace   ] GC(141) Metaspace: 6302K(6528K)->6302K(6528K) NonClass: 5769K(5888K)->5769K(5888K) Class: 533K(640K)->533K(640K)
[8.258s][info][gc             ] GC(141) Pause Young (Allocation Failure) 1282M->1279M(1525M) 11.811ms
[8.258s][info][gc,cpu         ] GC(141) User=0.00s Sys=0.00s Real=0.01s
[8.264s][info][gc,start       ] GC(142) Pause Young (Allocation Failure)
[8.276s][info][gc,heap        ] GC(142) PSYoungGen: 12032K(110592K)->4352K(110592K) Eden: 8192K(8192K)->0K(8192K) From: 3840K(102400K)->4352K(102400K)
[8.276s][info][gc,heap        ] GC(142) ParOldGen: 1306023K(1451520K)->1309807K(1451520K)
[8.276s][info][gc,metaspace   ] GC(142) Metaspace: 6302K(6528K)->6302K(6528K) NonClass: 5769K(5888K)->5769K(5888K) Class: 533K(640K)->533K(640K)
[8.276s][info][gc             ] GC(142) Pause Young (Allocation Failure) 1287M->1283M(1525M) 12.305ms
[8.276s][info][gc,cpu         ] GC(142) User=0.00s Sys=0.00s Real=0.01s
[8.283s][info][gc,start       ] GC(143) Pause Young (Allocation Failure)
[8.294s][info][gc,heap        ] GC(143) PSYoungGen: 12544K(110592K)->4416K(106496K) Eden: 8192K(8192K)->0K(9728K) From: 4352K(102400K)->4416K(96768K)
[8.294s][info][gc,heap        ] GC(143) ParOldGen: 1309807K(1451520K)->1314127K(1451520K)
[8.294s][info][gc,metaspace   ] GC(143) Metaspace: 6302K(6528K)->6302K(6528K) NonClass: 5769K(5888K)->5769K(5888K) Class: 533K(640K)->533K(640K)
[8.294s][info][gc             ] GC(143) Pause Young (Allocation Failure) 1291M->1287M(1521M) 11.621ms
[8.294s][info][gc,cpu         ] GC(143) User=0.02s Sys=0.00s Real=0.01s
[8.306s][info][gc,start       ] GC(144) Pause Young (Allocation Failure)
[8.320s][info][gc,heap        ] GC(144) PSYoungGen: 14144K(106496K)->8960K(18944K) Eden: 9728K(9728K)->0K(9728K) From: 4416K(96768K)->8960K(9216K)
[8.321s][info][gc,heap        ] GC(144) ParOldGen: 1314127K(1451520K)->1318447K(1451520K)
[8.321s][info][gc,metaspace   ] GC(144) Metaspace: 6302K(6528K)->6302K(6528K) NonClass: 5769K(5888K)->5769K(5888K) Class: 533K(640K)->533K(640K)
[8.321s][info][gc             ] GC(144) Pause Young (Allocation Failure) 1297M->1296M(1436M) 14.742ms
[8.321s][info][gc,cpu         ] GC(144) User=0.02s Sys=0.00s Real=0.02s
[8.332s][info][gc,start       ] GC(145) Pause Young (Allocation Failure)
[8.348s][info][gc,heap        ] GC(145) PSYoungGen: 18688K(18944K)->9824K(99328K) Eden: 9728K(9728K)->0K(11264K) From: 8960K(9216K)->9824K(88064K)
[8.348s][info][gc,heap        ] GC(145) ParOldGen: 1318447K(1451520K)->1327423K(1451520K)
[8.348s][info][gc,metaspace   ] GC(145) Metaspace: 6302K(6528K)->6302K(6528K) NonClass: 5769K(5888K)->5769K(5888K) Class: 533K(640K)->533K(640K)
[8.348s][info][gc             ] GC(145) Pause Young (Allocation Failure) 1305M->1305M(1514M) 15.500ms
[8.348s][info][gc,cpu         ] GC(145) User=0.02s Sys=0.00s Real=0.01s
[8.363s][info][gc,start       ] GC(146) Pause Young (Allocation Failure)
[8.379s][info][gc,heap        ] GC(146) PSYoungGen: 21088K(99328K)->11328K(23040K) Eden: 11264K(11264K)->0K(11264K) From: 9824K(88064K)->11328K(11776K)
[8.379s][info][gc,heap        ] GC(146) ParOldGen: 1327423K(1451520K)->1337311K(1451520K)
[8.379s][info][gc,metaspace   ] GC(146) Metaspace: 6302K(6528K)->6302K(6528K) NonClass: 5769K(5888K)->5769K(5888K) Class: 533K(640K)->533K(640K)
[8.379s][info][gc             ] GC(146) Pause Young (Allocation Failure) 1316M->1317M(1440M) 16.203ms
[8.379s][info][gc,cpu         ] GC(146) User=0.02s Sys=0.00s Real=0.02s
[8.392s][info][gc,start       ] GC(147) Pause Young (Allocation Failure)
[8.409s][info][gc,heap        ] GC(147) PSYoungGen: 22592K(23040K)->11360K(92160K) Eden: 11264K(11264K)->0K(12800K) From: 11328K(11776K)->11360K(79360K)
[8.409s][info][gc,heap        ] GC(147) ParOldGen: 1337311K(1451520K)->1348743K(1451520K)
[8.409s][info][gc,metaspace   ] GC(147) Metaspace: 6302K(6528K)->6302K(6528K) NonClass: 5769K(5888K)->5769K(5888K) Class: 533K(640K)->533K(640K)
[8.409s][info][gc             ] GC(147) Pause Young (Allocation Failure) 1328M->1328M(1507M) 16.992ms
[8.409s][info][gc,cpu         ] GC(147) User=0.02s Sys=0.00s Real=0.02s
[8.424s][info][gc,start       ] GC(148) Pause Young (Allocation Failure)
[8.440s][info][gc,heap        ] GC(148) PSYoungGen: 24160K(92160K)->12928K(26112K) Eden: 12800K(12800K)->0K(12800K) From: 11360K(79360K)->12928K(13312K)
[8.440s][info][gc,heap        ] GC(148) ParOldGen: 1348743K(1451520K)->1360151K(1451520K)
[8.440s][info][gc,metaspace   ] GC(148) Metaspace: 6302K(6528K)->6302K(6528K) NonClass: 5769K(5888K)->5769K(5888K) Class: 533K(640K)->533K(640K)
[8.440s][info][gc             ] GC(148) Pause Young (Allocation Failure) 1340M->1340M(1443M) 16.534ms
[8.441s][info][gc,cpu         ] GC(148) User=0.02s Sys=0.00s Real=0.02s
[8.457s][info][gc,start       ] GC(149) Pause Young (Allocation Failure)
[8.475s][info][gc,heap        ] GC(149) PSYoungGen: 25728K(26112K)->12928K(85504K) Eden: 12800K(12800K)->0K(14336K) From: 12928K(13312K)->12928K(71168K)
[8.475s][info][gc,heap        ] GC(149) ParOldGen: 1360151K(1451520K)->1373143K(1451520K)
[8.475s][info][gc,metaspace   ] GC(149) Metaspace: 6302K(6528K)->6302K(6528K) NonClass: 5769K(5888K)->5769K(5888K) Class: 533K(640K)->533K(640K)
[8.475s][info][gc             ] GC(149) Pause Young (Allocation Failure) 1353M->1353M(1501M) 18.233ms
[8.475s][info][gc,cpu         ] GC(149) User=0.03s Sys=0.00s Real=0.02s
[8.493s][info][gc,start       ] GC(150) Pause Young (Allocation Failure)
[8.511s][info][gc,heap        ] GC(150) PSYoungGen: 27264K(85504K)->14432K(29184K) Eden: 14336K(14336K)->0K(14336K) From: 12928K(71168K)->14432K(14848K)
[8.511s][info][gc,heap        ] GC(150) ParOldGen: 1373143K(1451520K)->1386135K(1451520K)
[8.511s][info][gc,metaspace   ] GC(150) Metaspace: 6302K(6528K)->6302K(6528K) NonClass: 5769K(5888K)->5769K(5888K) Class: 533K(640K)->533K(640K)
[8.511s][info][gc             ] GC(150) Pause Young (Allocation Failure) 1367M->1367M(1446M) 18.867ms
[8.511s][info][gc,cpu         ] GC(150) User=0.05s Sys=0.00s Real=0.02s
[8.777s][info][gc,start       ] GC(151) Pause Young (Allocation Failure)
[8.833s][info][gc,heap        ] GC(151) PSYoungGen: 28768K(29184K)->14496K(78336K) Eden: 14336K(14336K)->0K(15872K) From: 14432K(14848K)->14496K(62464K)
[8.833s][info][gc,heap        ] GC(151) ParOldGen: 1451671K(1517568K)->1466207K(1517568K)
[8.833s][info][gc,metaspace   ] GC(151) Metaspace: 6302K(6528K)->6302K(6528K) NonClass: 5769K(5888K)->5769K(5888K) Class: 533K(640K)->533K(640K)
[8.833s][info][gc             ] GC(151) Pause Young (Allocation Failure) 1445M->1445M(1558M) 56.016ms
[8.833s][info][gc,cpu         ] GC(151) User=0.27s Sys=0.00s Real=0.06s
[8.849s][info][gc,start       ] GC(152) Pause Young (Allocation Failure)
[8.873s][info][gc,heap        ] GC(152) PSYoungGen: 30368K(78336K)->30368K(82944K) Eden: 15872K(15872K)->0K(15872K) From: 14496K(62464K)->30368K(67072K)
[8.873s][info][gc,heap        ] GC(152) ParOldGen: 1466207K(1517568K)->1466207K(1517568K)
[8.873s][info][gc,metaspace   ] GC(152) Metaspace: 6302K(6528K)->6302K(6528K) NonClass: 5769K(5888K)->5769K(5888K) Class: 533K(640K)->533K(640K)
[8.873s][info][gc             ] GC(152) Pause Young (Allocation Failure) 1461M->1461M(1563M) 24.238ms
[8.873s][info][gc,cpu         ] GC(152) User=0.05s Sys=0.00s Real=0.02s
[8.888s][info][gc,start       ] GC(153) Pause Young (Allocation Failure)
[8.917s][info][gc,heap        ] GC(153) PSYoungGen: 46240K(82944K)->46240K(78848K) Eden: 15872K(15872K)->0K(12800K) From: 30368K(67072K)->46240K(66048K)
[8.917s][info][gc,heap        ] GC(153) ParOldGen: 1466207K(1517568K)->1466207K(1517568K)
[8.917s][info][gc,metaspace   ] GC(153) Metaspace: 6302K(6528K)->6302K(6528K) NonClass: 5769K(5888K)->5769K(5888K) Class: 533K(640K)->533K(640K)
[8.917s][info][gc             ] GC(153) Pause Young (Allocation Failure) 1476M->1476M(1559M) 28.634ms
[8.917s][info][gc,cpu         ] GC(153) User=0.03s Sys=0.00s Real=0.03s
[8.929s][info][gc,start       ] GC(154) Pause Young (Allocation Failure)
[8.960s][info][gc,heap        ] GC(154) PSYoungGen: 59040K(78848K)->44640K(83968K) Eden: 12800K(12800K)->0K(12800K) From: 46240K(66048K)->44640K(71168K)
[8.960s][info][gc,heap        ] GC(154) ParOldGen: 1466207K(1517568K)->1480719K(1517568K)
[8.960s][info][gc,metaspace   ] GC(154) Metaspace: 6302K(6528K)->6302K(6528K) NonClass: 5769K(5888K)->5769K(5888K) Class: 533K(640K)->533K(640K)
[8.960s][info][gc             ] GC(154) Pause Young (Allocation Failure) 1489M->1489M(1564M) 31.613ms
[8.960s][info][gc,cpu         ] GC(154) User=0.06s Sys=0.00s Real=0.03s
[8.973s][info][gc,start       ] GC(155) Pause Young (Allocation Failure)
[9.005s][info][gc,heap        ] GC(155) PSYoungGen: 57440K(83968K)->41600K(87552K) Eden: 12800K(12800K)->0K(13312K) From: 44640K(71168K)->41600K(74240K)
[9.005s][info][gc,heap        ] GC(155) ParOldGen: 1480719K(1517568K)->1496815K(1517568K)
[9.005s][info][gc,metaspace   ] GC(155) Metaspace: 6302K(6528K)->6302K(6528K) NonClass: 5769K(5888K)->5769K(5888K) Class: 533K(640K)->533K(640K)
[9.005s][info][gc             ] GC(155) Pause Young (Allocation Failure) 1502M->1502M(1567M) 32.236ms
[9.005s][info][gc,cpu         ] GC(155) User=0.02s Sys=0.03s Real=0.03s
[9.005s][info][gc,start       ] GC(156) Pause Full (Ergonomics)
[9.005s][info][gc,phases,start] GC(156) Marking Phase
[9.344s][info][gc,phases      ] GC(156) Marking Phase 339.008ms
[9.345s][info][gc,phases,start] GC(156) Summary Phase
[9.345s][info][gc,phases      ] GC(156) Summary Phase 0.043ms
[9.345s][info][gc,phases,start] GC(156) Adjust Roots
[9.345s][info][gc,phases      ] GC(156) Adjust Roots 0.154ms
[9.345s][info][gc,phases,start] GC(156) Compaction Phase
[9.589s][info][gc,phases      ] GC(156) Compaction Phase 244.588ms
[9.589s][info][gc,phases,start] GC(156) Post Compact
[9.592s][info][gc,phases      ] GC(156) Post Compact 2.919ms
[9.593s][info][gc,heap        ] GC(156) PSYoungGen: 41600K(87552K)->0K(88576K) Eden: 0K(13312K)->0K(13312K) From: 41600K(74240K)->0K(75264K)
[9.593s][info][gc,heap        ] GC(156) ParOldGen: 1496815K(1517568K)->1503207K(1643008K)
[9.593s][info][gc,metaspace   ] GC(156) Metaspace: 6302K(6528K)->6302K(6528K) NonClass: 5769K(5888K)->5769K(5888K) Class: 533K(640K)->533K(640K)
[9.593s][info][gc             ] GC(156) Pause Full (Ergonomics) 1502M->1467M(1691M) 587.473ms
[9.593s][info][gc,cpu         ] GC(156) User=4.09s Sys=0.02s Real=0.59s
[9.607s][info][gc,start       ] GC(157) Pause Young (Allocation Failure)
[9.624s][info][gc,heap        ] GC(157) PSYoungGen: 13312K(88576K)->13440K(84480K) Eden: 13312K(13312K)->0K(14848K) From: 0K(75264K)->13440K(69632K)
[9.624s][info][gc,heap        ] GC(157) ParOldGen: 1503207K(1643008K)->1503207K(1643008K)
[9.624s][info][gc,metaspace   ] GC(157) Metaspace: 6302K(6528K)->6302K(6528K) NonClass: 5769K(5888K)->5769K(5888K) Class: 533K(640K)->533K(640K)
[9.624s][info][gc             ] GC(157) Pause Young (Allocation Failure) 1480M->1481M(1687M) 17.253ms
[9.624s][info][gc,cpu         ] GC(157) User=0.02s Sys=0.00s Real=0.02s
[9.637s][info][gc,start       ] GC(158) Pause Young (Allocation Failure)
[9.660s][info][gc,heap        ] GC(158) PSYoungGen: 28288K(84480K)->28320K(43520K) Eden: 14848K(14848K)->0K(14848K) From: 13440K(69632K)->28320K(28672K)
[9.660s][info][gc,heap        ] GC(158) ParOldGen: 1503207K(1643008K)->1503207K(1643008K)
[9.660s][info][gc,metaspace   ] GC(158) Metaspace: 6302K(6528K)->6302K(6528K) NonClass: 5769K(5888K)->5769K(5888K) Class: 533K(640K)->533K(640K)
[9.660s][info][gc             ] GC(158) Pause Young (Allocation Failure) 1495M->1495M(1647M) 23.045ms
[9.660s][info][gc,cpu         ] GC(158) User=0.03s Sys=0.00s Real=0.02s
[9.675s][info][gc,start       ] GC(159) Pause Young (Allocation Failure)
[9.702s][info][gc,heap        ] GC(159) PSYoungGen: 43168K(43520K)->29856K(79872K) Eden: 14848K(14848K)->0K(16896K) From: 28320K(28672K)->29856K(62976K)
[9.702s][info][gc,heap        ] GC(159) ParOldGen: 1503207K(1643008K)->1516695K(1643008K)
[9.702s][info][gc,metaspace   ] GC(159) Metaspace: 6302K(6528K)->6302K(6528K) NonClass: 5769K(5888K)->5769K(5888K) Class: 533K(640K)->533K(640K)
[9.702s][info][gc             ] GC(159) Pause Young (Allocation Failure) 1510M->1510M(1682M) 27.377ms
[9.702s][info][gc,cpu         ] GC(159) User=0.03s Sys=0.00s Real=0.03s
[9.720s][info][gc,start       ] GC(160) Pause Young (Allocation Failure)
[9.749s][info][gc,heap        ] GC(160) PSYoungGen: 46752K(79872K)->31872K(82944K) Eden: 16896K(16896K)->0K(16896K) From: 29856K(62976K)->31872K(66048K)
[9.750s][info][gc,heap        ] GC(160) ParOldGen: 1516695K(1643008K)->1531751K(1643008K)
[9.750s][info][gc,metaspace   ] GC(160) Metaspace: 6302K(6528K)->6302K(6528K) NonClass: 5769K(5888K)->5769K(5888K) Class: 533K(640K)->533K(640K)
[9.750s][info][gc             ] GC(160) Pause Young (Allocation Failure) 1526M->1526M(1685M) 29.848ms
[9.750s][info][gc,cpu         ] GC(160) User=0.03s Sys=0.00s Real=0.03s
[9.767s][info][gc,start       ] GC(161) Pause Young (Allocation Failure)
[9.798s][info][gc,heap        ] GC(161) PSYoungGen: 48768K(82944K)->17056K(79872K) Eden: 16896K(16896K)->0K(19456K) From: 31872K(66048K)->17056K(60416K)
[9.798s][info][gc,heap        ] GC(161) ParOldGen: 1531751K(1643008K)->1563903K(1643008K)
[9.798s][info][gc,metaspace   ] GC(161) Metaspace: 6302K(6528K)->6302K(6528K) NonClass: 5769K(5888K)->5769K(5888K) Class: 533K(640K)->533K(640K)
[9.798s][info][gc             ] GC(161) Pause Young (Allocation Failure) 1543M->1543M(1682M) 30.658ms
[9.798s][info][gc,cpu         ] GC(161) User=0.05s Sys=0.00s Real=0.03s
[9.817s][info][gc,start       ] GC(162) Pause Young (Allocation Failure)
[9.844s][info][gc,heap        ] GC(162) PSYoungGen: 36512K(79872K)->19584K(81408K) Eden: 19456K(19456K)->0K(19456K) From: 17056K(60416K)->19584K(61952K)
[9.844s][info][gc,heap        ] GC(162) ParOldGen: 1563903K(1643008K)->1581031K(1643008K)
[9.844s][info][gc,metaspace   ] GC(162) Metaspace: 6302K(6528K)->6302K(6528K) NonClass: 5769K(5888K)->5769K(5888K) Class: 533K(640K)->533K(640K)
[9.844s][info][gc             ] GC(162) Pause Young (Allocation Failure) 1562M->1563M(1684M) 26.799ms
[9.844s][info][gc,cpu         ] GC(162) User=0.05s Sys=0.00s Real=0.03s
[9.863s][info][gc,start       ] GC(163) Pause Young (Allocation Failure)
[9.891s][info][gc,heap        ] GC(163) PSYoungGen: 39040K(81408K)->19552K(76800K) Eden: 19456K(19456K)->0K(22016K) From: 19584K(61952K)->19552K(54784K)
[9.891s][info][gc,heap        ] GC(163) ParOldGen: 1581031K(1643008K)->1600751K(1643008K)
[9.891s][info][gc,metaspace   ] GC(163) Metaspace: 6302K(6528K)->6302K(6528K) NonClass: 5769K(5888K)->5769K(5888K) Class: 533K(640K)->533K(640K)
[9.891s][info][gc             ] GC(163) Pause Young (Allocation Failure) 1582M->1582M(1679M) 27.800ms
[9.891s][info][gc,cpu         ] GC(163) User=0.05s Sys=0.00s Real=0.03s
[9.913s][info][gc,start       ] GC(164) Pause Young (Allocation Failure)
[9.942s][info][gc,heap        ] GC(164) PSYoungGen: 41568K(76800K)->22176K(79360K) Eden: 22016K(22016K)->0K(22016K) From: 19552K(54784K)->22176K(57344K)
[9.942s][info][gc,heap        ] GC(164) ParOldGen: 1600751K(1643008K)->1620471K(1643008K)
[9.942s][info][gc,metaspace   ] GC(164) Metaspace: 6302K(6528K)->6302K(6528K) NonClass: 5769K(5888K)->5769K(5888K) Class: 533K(640K)->533K(640K)
[9.942s][info][gc             ] GC(164) Pause Young (Allocation Failure) 1603M->1604M(1682M) 28.731ms
[9.942s][info][gc,cpu         ] GC(164) User=0.05s Sys=0.00s Real=0.03s
[9.942s][info][gc,start       ] GC(165) Pause Full (Ergonomics)
[9.942s][info][gc,phases,start] GC(165) Marking Phase
[10.310s][info][gc,phases      ] GC(165) Marking Phase 367.836ms
[10.310s][info][gc,phases,start] GC(165) Summary Phase
[10.310s][info][gc,phases      ] GC(165) Summary Phase 0.054ms
[10.310s][info][gc,phases,start] GC(165) Adjust Roots
[10.310s][info][gc,phases      ] GC(165) Adjust Roots 0.218ms
[10.310s][info][gc,phases,start] GC(165) Compaction Phase
[10.460s][info][gc,phases      ] GC(165) Compaction Phase 149.781ms
[10.460s][info][gc,phases,start] GC(165) Post Compact
[10.463s][info][gc,phases      ] GC(165) Post Compact 3.050ms
[10.464s][info][gc,heap        ] GC(165) PSYoungGen: 22176K(79360K)->0K(79360K) Eden: 0K(22016K)->0K(25088K) From: 22176K(57344K)->0K(54272K)
[10.464s][info][gc,heap        ] GC(165) ParOldGen: 1620471K(1643008K)->1640700K(1799680K)
[10.464s][info][gc,metaspace   ] GC(165) Metaspace: 6302K(6528K)->6302K(6528K) NonClass: 5769K(5888K)->5769K(5888K) Class: 533K(640K)->533K(640K)
[10.464s][info][gc             ] GC(165) Pause Full (Ergonomics) 1604M->1602M(1835M) 521.981ms
[10.464s][info][gc,cpu         ] GC(165) User=3.70s Sys=0.02s Real=0.52s
[10.490s][info][gc,start       ] GC(166) Pause Young (Allocation Failure)
[10.513s][info][gc,heap        ] GC(166) PSYoungGen: 25088K(79360K)->25280K(79360K) Eden: 25088K(25088K)->0K(25088K) From: 0K(54272K)->25280K(54272K)
[10.513s][info][gc,heap        ] GC(166) ParOldGen: 1640700K(1799680K)->1640700K(1799680K)
[10.513s][info][gc,metaspace   ] GC(166) Metaspace: 6302K(6528K)->6302K(6528K) NonClass: 5769K(5888K)->5769K(5888K) Class: 533K(640K)->533K(640K)
[10.513s][info][gc             ] GC(166) Pause Young (Allocation Failure) 1626M->1626M(1835M) 23.458ms
[10.513s][info][gc,cpu         ] GC(166) User=0.05s Sys=0.00s Real=0.02s
[10.538s][info][gc,start       ] GC(167) Pause Young (Allocation Failure)
[10.568s][info][gc,heap        ] GC(167) PSYoungGen: 50368K(79360K)->50336K(72192K) Eden: 25088K(25088K)->0K(20480K) From: 25280K(54272K)->50336K(51712K)
[10.568s][info][gc,heap        ] GC(167) ParOldGen: 1640700K(1799680K)->1640700K(1799680K)
[10.568s][info][gc,metaspace   ] GC(167) Metaspace: 6302K(6528K)->6302K(6528K) NonClass: 5769K(5888K)->5769K(5888K) Class: 533K(640K)->533K(640K)
[10.568s][info][gc             ] GC(167) Pause Young (Allocation Failure) 1651M->1651M(1828M) 30.251ms
[10.568s][info][gc,cpu         ] GC(167) User=0.03s Sys=0.00s Real=0.03s
[10.589s][info][gc,start       ] GC(168) Pause Young (Allocation Failure)
[10.627s][info][gc,heap        ] GC(168) PSYoungGen: 70816K(72192K)->58880K(79360K) Eden: 20480K(20480K)->0K(20480K) From: 50336K(51712K)->58880K(58880K)
[10.627s][info][gc,heap        ] GC(168) ParOldGen: 1640700K(1799680K)->1652692K(1799680K)
[10.627s][info][gc,metaspace   ] GC(168) Metaspace: 6302K(6528K)->6302K(6528K) NonClass: 5769K(5888K)->5769K(5888K) Class: 533K(640K)->533K(640K)
[10.627s][info][gc             ] GC(168) Pause Young (Allocation Failure) 1671M->1671M(1835M) 38.546ms
[10.627s][info][gc,cpu         ] GC(168) User=0.06s Sys=0.00s Real=0.04s
[10.648s][info][gc,start       ] GC(169) Pause Young (Allocation Failure)
[10.688s][info][gc,heap        ] GC(169) PSYoungGen: 79360K(79360K)->38560K(91648K) Eden: 20480K(20480K)->0K(23040K) From: 58880K(58880K)->38560K(68608K)
[10.688s][info][gc,heap        ] GC(169) ParOldGen: 1652692K(1799680K)->1694164K(1799680K)
[10.688s][info][gc,metaspace   ] GC(169) Metaspace: 6302K(6528K)->6302K(6528K) NonClass: 5769K(5888K)->5769K(5888K) Class: 533K(640K)->533K(640K)
[10.688s][info][gc             ] GC(169) Pause Young (Allocation Failure) 1691M->1692M(1847M) 40.266ms
[10.688s][info][gc,cpu         ] GC(169) User=0.27s Sys=0.00s Real=0.04s
[10.714s][info][gc,start       ] GC(170) Pause Young (Allocation Failure)
[10.749s][info][gc,heap        ] GC(170) PSYoungGen: 61600K(91648K)->43680K(93184K) Eden: 23040K(23040K)->0K(23040K) From: 38560K(68608K)->43680K(70144K)
[10.749s][info][gc,heap        ] GC(170) ParOldGen: 1694164K(1799680K)->1712316K(1799680K)
[10.749s][info][gc,metaspace   ] GC(170) Metaspace: 6302K(6528K)->6302K(6528K) NonClass: 5769K(5888K)->5769K(5888K) Class: 533K(640K)->533K(640K)
[10.749s][info][gc             ] GC(170) Pause Young (Allocation Failure) 1714M->1714M(1848M) 35.827ms
[10.749s][info][gc,cpu         ] GC(170) User=0.17s Sys=0.00s Real=0.04s
[10.774s][info][gc,start       ] GC(171) Pause Young (Allocation Failure)
[10.810s][info][gc,heap        ] GC(171) PSYoungGen: 66720K(93184K)->46272K(95744K) Eden: 23040K(23040K)->0K(25088K) From: 43680K(70144K)->46272K(70656K)
[10.810s][info][gc,heap        ] GC(171) ParOldGen: 1712316K(1799680K)->1733092K(1799680K)
[10.810s][info][gc,metaspace   ] GC(171) Metaspace: 6302K(6528K)->6302K(6528K) NonClass: 5769K(5888K)->5769K(5888K) Class: 533K(640K)->533K(640K)
[10.810s][info][gc             ] GC(171) Pause Young (Allocation Failure) 1737M->1737M(1851M) 36.532ms
[10.810s][info][gc,cpu         ] GC(171) User=0.17s Sys=0.00s Real=0.04s
[10.838s][info][gc,start       ] GC(172) Pause Young (Allocation Failure)
[10.877s][info][gc,heap        ] GC(172) PSYoungGen: 71360K(95744K)->48320K(96768K) Eden: 25088K(25088K)->0K(25088K) From: 46272K(70656K)->48320K(71680K)
[10.877s][info][gc,heap        ] GC(172) ParOldGen: 1733092K(1799680K)->1756468K(1799680K)
[10.877s][info][gc,metaspace   ] GC(172) Metaspace: 6302K(6528K)->6302K(6528K) NonClass: 5769K(5888K)->5769K(5888K) Class: 533K(640K)->533K(640K)
[10.877s][info][gc             ] GC(172) Pause Young (Allocation Failure) 1762M->1762M(1852M) 39.233ms
[10.878s][info][gc,cpu         ] GC(172) User=0.12s Sys=0.03s Real=0.04s
[10.903s][info][gc,start       ] GC(173) Pause Young (Allocation Failure)
[10.942s][info][gc,heap        ] GC(173) PSYoungGen: 73408K(96768K)->50368K(99840K) Eden: 25088K(25088K)->0K(26624K) From: 48320K(71680K)->50368K(73216K)
[10.942s][info][gc,heap        ] GC(173) ParOldGen: 1756468K(1799680K)->1779828K(1799680K)
[10.942s][info][gc,metaspace   ] GC(173) Metaspace: 6302K(6528K)->6302K(6528K) NonClass: 5769K(5888K)->5769K(5888K) Class: 533K(640K)->533K(640K)
[10.942s][info][gc             ] GC(173) Pause Young (Allocation Failure) 1786M->1787M(1855M) 38.708ms
[10.942s][info][gc,cpu         ] GC(173) User=0.25s Sys=0.00s Real=0.04s
[10.942s][info][gc,start       ] GC(174) Pause Full (Ergonomics)
[10.942s][info][gc,phases,start] GC(174) Marking Phase
[11.340s][info][gc,phases      ] GC(174) Marking Phase 397.692ms
[11.340s][info][gc,phases,start] GC(174) Summary Phase
[11.340s][info][gc,phases      ] GC(174) Summary Phase 0.033ms
[11.340s][info][gc,phases,start] GC(174) Adjust Roots
[11.340s][info][gc,phases      ] GC(174) Adjust Roots 0.238ms
[11.340s][info][gc,phases,start] GC(174) Compaction Phase
[11.843s][info][gc,phases      ] GC(174) Compaction Phase 502.872ms
[11.843s][info][gc,phases,start] GC(174) Post Compact
[11.847s][info][gc,phases      ] GC(174) Post Compact 3.441ms
[11.847s][info][gc,heap        ] GC(174) PSYoungGen: 50368K(99840K)->28644K(99840K) Eden: 0K(26624K)->0K(26624K) From: 50368K(73216K)->28644K(73216K)
[11.847s][info][gc,heap        ] GC(174) ParOldGen: 1779828K(1799680K)->1799180K(1977856K)
[11.847s][info][gc,metaspace   ] GC(174) Metaspace: 6302K(6528K)->6302K(6528K) NonClass: 5769K(5888K)->5769K(5888K) Class: 533K(640K)->533K(640K)
[11.847s][info][gc             ] GC(174) Pause Full (Ergonomics) 1787M->1784M(2029M) 905.214ms
[11.847s][info][gc,cpu         ] GC(174) User=6.38s Sys=0.02s Real=0.90s
[11.876s][info][gc,start       ] GC(175) Pause Young (Allocation Failure)
[11.976s][info][gc,heap        ] GC(175) PSYoungGen: 55268K(99840K)->41248K(101376K) Eden: 26624K(26624K)->0K(26624K) From: 28644K(73216K)->41248K(74752K)
[11.976s][info][gc,heap        ] GC(175) ParOldGen: 1799180K(1977856K)->1813604K(1977856K)
[11.976s][info][gc,metaspace   ] GC(175) Metaspace: 6302K(6528K)->6302K(6528K) NonClass: 5769K(5888K)->5769K(5888K) Class: 533K(640K)->533K(640K)
[11.976s][info][gc             ] GC(175) Pause Young (Allocation Failure) 1810M->1811M(2030M) 100.434ms
[11.976s][info][gc,cpu         ] GC(175) User=0.64s Sys=0.00s Real=0.10s
[12.007s][info][gc,start       ] GC(176) Pause Young (Allocation Failure)
[12.045s][info][gc,heap        ] GC(176) PSYoungGen: 67872K(101376K)->67872K(94720K) Eden: 26624K(26624K)->0K(22016K) From: 41248K(74752K)->67872K(72704K)
[12.045s][info][gc,heap        ] GC(176) ParOldGen: 1813604K(1977856K)->1813604K(1977856K)
[12.045s][info][gc,metaspace   ] GC(176) Metaspace: 6302K(6528K)->6302K(6528K) NonClass: 5769K(5888K)->5769K(5888K) Class: 533K(640K)->533K(640K)
[12.045s][info][gc             ] GC(176) Pause Young (Allocation Failure) 1837M->1837M(2024M) 38.018ms
[12.045s][info][gc,cpu         ] GC(176) User=0.16s Sys=0.00s Real=0.04s
[12.070s][info][gc,start       ] GC(177) Pause Young (Allocation Failure)
[12.115s][info][gc,heap        ] GC(177) PSYoungGen: 89888K(94720K)->80384K(102400K) Eden: 22016K(22016K)->0K(22016K) From: 67872K(72704K)->80384K(80384K)
[12.116s][info][gc,heap        ] GC(177) ParOldGen: 1813604K(1977856K)->1823140K(1977856K)
[12.116s][info][gc,metaspace   ] GC(177) Metaspace: 6302K(6528K)->6302K(6528K) NonClass: 5769K(5888K)->5769K(5888K) Class: 533K(640K)->533K(640K)
[12.116s][info][gc             ] GC(177) Pause Young (Allocation Failure) 1858M->1858M(2031M) 45.338ms
[12.116s][info][gc,cpu         ] GC(177) User=0.27s Sys=0.00s Real=0.05s
[12.139s][info][gc,start       ] GC(178) Pause Young (Allocation Failure)
[12.190s][info][gc,heap        ] GC(178) PSYoungGen: 102400K(102400K)->64512K(116736K) Eden: 22016K(22016K)->0K(22528K) From: 80384K(80384K)->64512K(94208K)
[12.190s][info][gc,heap        ] GC(178) ParOldGen: 1823140K(1977856K)->1861588K(1977856K)
[12.190s][info][gc,metaspace   ] GC(178) Metaspace: 6302K(6528K)->6302K(6528K) NonClass: 5769K(5888K)->5769K(5888K) Class: 533K(640K)->533K(640K)
[12.190s][info][gc             ] GC(178) Pause Young (Allocation Failure) 1880M->1880M(2045M) 50.793ms
[12.190s][info][gc,cpu         ] GC(178) User=0.27s Sys=0.11s Real=0.05s
[12.214s][info][gc,start       ] GC(179) Pause Young (Allocation Failure)
[12.259s][info][gc,heap        ] GC(179) PSYoungGen: 87040K(116736K)->64704K(118784K) Eden: 22528K(22528K)->0K(22528K) From: 64512K(94208K)->64704K(96256K)
[12.259s][info][gc,heap        ] GC(179) ParOldGen: 1861588K(1977856K)->1884276K(1977856K)
[12.259s][info][gc,metaspace   ] GC(179) Metaspace: 6302K(6528K)->6302K(6528K) NonClass: 5769K(5888K)->5769K(5888K) Class: 533K(640K)->533K(640K)
[12.259s][info][gc             ] GC(179) Pause Young (Allocation Failure) 1902M->1903M(2047M) 44.847ms
[12.259s][info][gc,cpu         ] GC(179) User=0.25s Sys=0.00s Real=0.04s
[12.286s][info][gc,start       ] GC(180) Pause Young (Allocation Failure)
[12.331s][info][gc,heap        ] GC(180) PSYoungGen: 87232K(118784K)->67296K(121344K) Eden: 22528K(22528K)->0K(23552K) From: 64704K(96256K)->67296K(97792K)
[12.331s][info][gc,heap        ] GC(180) ParOldGen: 1884276K(1977856K)->1904548K(1977856K)
[12.331s][info][gc,metaspace   ] GC(180) Metaspace: 6302K(6528K)->6302K(6528K) NonClass: 5769K(5888K)->5769K(5888K) Class: 533K(640K)->533K(640K)
[12.331s][info][gc             ] GC(180) Pause Young (Allocation Failure) 1925M->1925M(2050M) 45.345ms
[12.331s][info][gc,cpu         ] GC(180) User=0.27s Sys=0.00s Real=0.05s
[12.358s][info][gc,start       ] GC(181) Pause Young (Allocation Failure)
[12.405s][info][gc,heap        ] GC(181) PSYoungGen: 90848K(121344K)->68768K(123392K) Eden: 23552K(23552K)->0K(23552K) From: 67296K(97792K)->68768K(99840K)
[12.405s][info][gc,heap        ] GC(181) ParOldGen: 1904548K(1977856K)->1926868K(1977856K)
[12.405s][info][gc,metaspace   ] GC(181) Metaspace: 6302K(6528K)->6302K(6528K) NonClass: 5769K(5888K)->5769K(5888K) Class: 533K(640K)->533K(640K)
[12.405s][info][gc             ] GC(181) Pause Young (Allocation Failure) 1948M->1948M(2052M) 47.389ms
[12.405s][info][gc,cpu         ] GC(181) User=0.19s Sys=0.08s Real=0.05s
[12.434s][info][gc,start       ] GC(182) Pause Young (Allocation Failure)
[12.483s][info][gc,heap        ] GC(182) PSYoungGen: 92320K(123392K)->69824K(126976K) Eden: 23552K(23552K)->0K(25600K) From: 68768K(99840K)->69824K(101376K)
[12.483s][info][gc,heap        ] GC(182) ParOldGen: 1926868K(1977856K)->1949700K(1977856K)
[12.483s][info][gc,metaspace   ] GC(182) Metaspace: 6302K(6528K)->6302K(6528K) NonClass: 5769K(5888K)->5769K(5888K) Class: 533K(640K)->533K(640K)
[12.483s][info][gc             ] GC(182) Pause Young (Allocation Failure) 1971M->1972M(2055M) 48.877ms
[12.483s][info][gc,cpu         ] GC(182) User=0.22s Sys=0.02s Real=0.05s
[12.483s][info][gc,start       ] GC(183) Pause Full (Ergonomics)
[12.483s][info][gc,phases,start] GC(183) Marking Phase
[12.923s][info][gc,phases      ] GC(183) Marking Phase 440.455ms
[12.923s][info][gc,phases,start] GC(183) Summary Phase
[12.923s][info][gc,phases      ] GC(183) Summary Phase 0.033ms
[12.923s][info][gc,phases,start] GC(183) Adjust Roots
[12.923s][info][gc,phases      ] GC(183) Adjust Roots 0.163ms
[12.923s][info][gc,phases,start] GC(183) Compaction Phase
[13.113s][info][gc,phases      ] GC(183) Compaction Phase 189.684ms
[13.113s][info][gc,phases,start] GC(183) Post Compact
[13.118s][info][gc,phases      ] GC(183) Post Compact 4.350ms
[13.119s][info][gc,heap        ] GC(183) PSYoungGen: 69824K(126976K)->39383K(126976K) Eden: 0K(25600K)->0K(25600K) From: 69824K(101376K)->39383K(101376K)
[13.119s][info][gc,heap        ] GC(183) ParOldGen: 1949700K(1977856K)->1977627K(2171904K)
[13.119s][info][gc,metaspace   ] GC(183) Metaspace: 6302K(6528K)->6302K(6528K) NonClass: 5769K(5888K)->5769K(5888K) Class: 533K(640K)->533K(640K)
[13.119s][info][gc             ] GC(183) Pause Full (Ergonomics) 1972M->1969M(2245M) 635.982ms
[13.119s][info][gc,cpu         ] GC(183) User=4.53s Sys=0.02s Real=0.64s
[13.152s][info][gc,start       ] GC(184) Pause Young (Allocation Failure)
[13.265s][info][gc,heap        ] GC(184) PSYoungGen: 64983K(126976K)->52768K(78848K) Eden: 25600K(25600K)->0K(25600K) From: 39383K(101376K)->52768K(53248K)
[13.266s][info][gc,heap        ] GC(184) ParOldGen: 1977627K(2171904K)->1990243K(2171904K)
[13.266s][info][gc,metaspace   ] GC(184) Metaspace: 6302K(6528K)->6302K(6528K) NonClass: 5769K(5888K)->5769K(5888K) Class: 533K(640K)->533K(640K)
[13.266s][info][gc             ] GC(184) Pause Young (Allocation Failure) 1994M->1995M(2198M) 113.707ms
[13.266s][info][gc,cpu         ] GC(184) User=0.66s Sys=0.03s Real=0.11s
[13.292s][info][gc,start       ] GC(185) Pause Young (Allocation Failure)
[13.335s][info][gc,heap        ] GC(185) PSYoungGen: 78368K(78848K)->78432K(121856K) Eden: 25600K(25600K)->0K(23552K) From: 52768K(53248K)->78432K(98304K)
[13.335s][info][gc,heap        ] GC(185) ParOldGen: 1990243K(2171904K)->1990243K(2171904K)
[13.335s][info][gc,metaspace   ] GC(185) Metaspace: 6302K(6528K)->6302K(6528K) NonClass: 5769K(5888K)->5769K(5888K) Class: 533K(640K)->533K(640K)
[13.335s][info][gc             ] GC(185) Pause Young (Allocation Failure) 2020M->2020M(2240M) 43.104ms
[13.335s][info][gc,cpu         ] GC(185) User=0.23s Sys=0.00s Real=0.04s
[13.360s][info][gc,start       ] GC(186) Pause Young (Allocation Failure)
[13.412s][info][gc,heap        ] GC(186) PSYoungGen: 101984K(121856K)->87680K(126464K) Eden: 23552K(23552K)->0K(23552K) From: 78432K(98304K)->87680K(102912K)
[13.412s][info][gc,heap        ] GC(186) ParOldGen: 1990243K(2171904K)->2004707K(2171904K)
[13.412s][info][gc,metaspace   ] GC(186) Metaspace: 6302K(6528K)->6302K(6528K) NonClass: 5769K(5888K)->5769K(5888K) Class: 533K(640K)->533K(640K)
[13.413s][info][gc             ] GC(186) Pause Young (Allocation Failure) 2043M->2043M(2244M) 52.520ms
[13.413s][info][gc,cpu         ] GC(186) User=0.30s Sys=0.00s Real=0.05s
[13.439s][info][gc,start       ] GC(187) Pause Young (Allocation Failure)
[13.495s][info][gc,heap        ] GC(187) PSYoungGen: 111232K(126464K)->98528K(126464K) Eden: 23552K(23552K)->0K(16896K) From: 87680K(102912K)->98528K(109568K)
[13.495s][info][gc,heap        ] GC(187) ParOldGen: 2004707K(2171904K)->2017619K(2171904K)
[13.495s][info][gc,metaspace   ] GC(187) Metaspace: 6302K(6528K)->6302K(6528K) NonClass: 5769K(5888K)->5769K(5888K) Class: 533K(640K)->533K(640K)
[13.495s][info][gc             ] GC(187) Pause Young (Allocation Failure) 2066M->2066M(2244M) 56.152ms
[13.495s][info][gc,cpu         ] GC(187) User=0.38s Sys=0.00s Real=0.06s
[13.514s][info][gc,start       ] GC(188) Pause Young (Allocation Failure)
[13.570s][info][gc,heap        ] GC(188) PSYoungGen: 115424K(126464K)->89760K(136192K) Eden: 16896K(16896K)->0K(16896K) From: 98528K(109568K)->89760K(119296K)
[13.570s][info][gc,heap        ] GC(188) ParOldGen: 2017619K(2171904K)->2043587K(2171904K)
[13.570s][info][gc,metaspace   ] GC(188) Metaspace: 6302K(6528K)->6302K(6528K) NonClass: 5769K(5888K)->5769K(5888K) Class: 533K(640K)->533K(640K)
[13.570s][info][gc             ] GC(188) Pause Young (Allocation Failure) 2083M->2083M(2254M) 56.110ms
[13.570s][info][gc,cpu         ] GC(188) User=0.36s Sys=0.02s Real=0.06s
[13.587s][info][gc,start       ] GC(189) Pause Young (Allocation Failure)
[13.642s][info][gc,heap        ] GC(189) PSYoungGen: 106656K(136192K)->57504K(133632K) Eden: 16896K(16896K)->0K(19456K) From: 89760K(119296K)->57504K(114176K)
[13.642s][info][gc,heap        ] GC(189) ParOldGen: 2043587K(2171904K)->2093363K(2171904K)
[13.642s][info][gc,metaspace   ] GC(189) Metaspace: 6302K(6528K)->6302K(6528K) NonClass: 5769K(5888K)->5769K(5888K) Class: 533K(640K)->533K(640K)
[13.642s][info][gc             ] GC(189) Pause Young (Allocation Failure) 2099M->2100M(2251M) 54.368ms
[13.642s][info][gc,cpu         ] GC(189) User=0.44s Sys=0.06s Real=0.05s
[13.664s][info][gc,start       ] GC(190) Pause Young (Allocation Failure)
[13.706s][info][gc,heap        ] GC(190) PSYoungGen: 76960K(133632K)->36480K(138240K) Eden: 19456K(19456K)->0K(19456K) From: 57504K(114176K)->36480K(118784K)
[13.706s][info][gc,heap        ] GC(190) ParOldGen: 2093363K(2171904K)->2134339K(2171904K)
[13.706s][info][gc,metaspace   ] GC(190) Metaspace: 6302K(6528K)->6302K(6528K) NonClass: 5769K(5888K)->5769K(5888K) Class: 533K(640K)->533K(640K)
[13.707s][info][gc             ] GC(190) Pause Young (Allocation Failure) 2119M->2119M(2256M) 42.514ms
[13.707s][info][gc,cpu         ] GC(190) User=0.25s Sys=0.02s Real=0.04s
[13.707s][info][gc,start       ] GC(191) Pause Full (Ergonomics)
[13.707s][info][gc,phases,start] GC(191) Marking Phase
[14.200s][info][gc,phases      ] GC(191) Marking Phase 493.504ms
[14.200s][info][gc,phases,start] GC(191) Summary Phase
[14.200s][info][gc,phases      ] GC(191) Summary Phase 0.048ms
[14.200s][info][gc,phases,start] GC(191) Adjust Roots
[14.200s][info][gc,phases      ] GC(191) Adjust Roots 0.165ms
[14.200s][info][gc,phases,start] GC(191) Compaction Phase
[14.380s][info][gc,phases      ] GC(191) Compaction Phase 180.022ms
[14.381s][info][gc,phases,start] GC(191) Post Compact
[14.385s][info][gc,phases      ] GC(191) Post Compact 4.193ms
[14.386s][info][gc,heap        ] GC(191) PSYoungGen: 36480K(138240K)->0K(141312K) Eden: 0K(19456K)->0K(22528K) From: 36480K(118784K)->0K(118784K)
[14.386s][info][gc,heap        ] GC(191) ParOldGen: 2134339K(2171904K)->2168332K(2391552K)
[14.386s][info][gc,metaspace   ] GC(191) Metaspace: 6302K(6528K)->6302K(6528K) NonClass: 5769K(5888K)->5769K(5888K) Class: 533K(640K)->533K(640K)
[14.386s][info][gc             ] GC(191) Pause Full (Ergonomics) 2119M->2117M(2473M) 679.143ms
[14.386s][info][gc,cpu         ] GC(191) User=5.05s Sys=0.02s Real=0.68s
[14.410s][info][gc,start       ] GC(192) Pause Young (Allocation Failure)
[14.436s][info][gc,heap        ] GC(192) PSYoungGen: 22528K(141312K)->22688K(141312K) Eden: 22528K(22528K)->0K(22528K) From: 0K(118784K)->22688K(118784K)
[14.436s][info][gc,heap        ] GC(192) ParOldGen: 2168332K(2391552K)->2168332K(2391552K)
[14.436s][info][gc,metaspace   ] GC(192) Metaspace: 6302K(6528K)->6302K(6528K) NonClass: 5769K(5888K)->5769K(5888K) Class: 533K(640K)->533K(640K)
[14.436s][info][gc             ] GC(192) Pause Young (Allocation Failure) 2139M->2139M(2473M) 25.200ms
[14.436s][info][gc,cpu         ] GC(192) User=0.05s Sys=0.00s Real=0.03s
[14.463s][info][gc,start       ] GC(193) Pause Young (Allocation Failure)
[14.495s][info][gc,heap        ] GC(193) PSYoungGen: 45216K(141312K)->22688K(144896K) Eden: 22528K(22528K)->0K(25088K) From: 22688K(118784K)->22688K(119808K)
[14.495s][info][gc,heap        ] GC(193) ParOldGen: 2168332K(2391552K)->2191196K(2391552K)
[14.495s][info][gc,metaspace   ] GC(193) Metaspace: 6302K(6528K)->6302K(6528K) NonClass: 5769K(5888K)->5769K(5888K) Class: 533K(640K)->533K(640K)
[14.495s][info][gc             ] GC(193) Pause Young (Allocation Failure) 2161M->2161M(2477M) 31.664ms
[14.495s][info][gc,cpu         ] GC(193) User=0.12s Sys=0.00s Real=0.03s
[14.527s][info][gc,start       ] GC(194) Pause Young (Allocation Failure)
[14.560s][info][gc,heap        ] GC(194) PSYoungGen: 47776K(144896K)->25216K(144896K) Eden: 25088K(25088K)->0K(25088K) From: 22688K(119808K)->25216K(119808K)
[14.560s][info][gc,heap        ] GC(194) ParOldGen: 2191196K(2391552K)->2214036K(2391552K)
[14.560s][info][gc,metaspace   ] GC(194) Metaspace: 6302K(6528K)->6302K(6528K) NonClass: 5769K(5888K)->5769K(5888K) Class: 533K(640K)->533K(640K)
[14.560s][info][gc             ] GC(194) Pause Young (Allocation Failure) 2186M->2186M(2477M) 32.941ms
[14.560s][info][gc,cpu         ] GC(194) User=0.14s Sys=0.02s Real=0.03s
[14.591s][info][gc,start       ] GC(195) Pause Young (Allocation Failure)
[14.624s][info][gc,heap        ] GC(195) PSYoungGen: 50304K(144896K)->25280K(142336K) Eden: 25088K(25088K)->0K(28160K) From: 25216K(119808K)->25280K(114176K)
[14.624s][info][gc,heap        ] GC(195) ParOldGen: 2214036K(2391552K)->2239484K(2391552K)
[14.624s][info][gc,metaspace   ] GC(195) Metaspace: 6302K(6528K)->6302K(6528K) NonClass: 5769K(5888K)->5769K(5888K) Class: 533K(640K)->533K(640K)
[14.624s][info][gc             ] GC(195) Pause Young (Allocation Failure) 2211M->2211M(2474M) 33.632ms
[14.624s][info][gc,cpu         ] GC(195) User=0.12s Sys=0.02s Real=0.03s
[14.656s][info][gc,start       ] GC(196) Pause Young (Allocation Failure)
[14.690s][info][gc,heap        ] GC(196) PSYoungGen: 53440K(142336K)->28320K(144384K) Eden: 28160K(28160K)->0K(28160K) From: 25280K(114176K)->28320K(116224K)
[14.690s][info][gc,heap        ] GC(196) ParOldGen: 2239484K(2391552K)->2264876K(2391552K)
[14.690s][info][gc,metaspace   ] GC(196) Metaspace: 6302K(6528K)->6302K(6528K) NonClass: 5769K(5888K)->5769K(5888K) Class: 533K(640K)->533K(640K)
[14.690s][info][gc             ] GC(196) Pause Young (Allocation Failure) 2239M->2239M(2476M) 34.045ms
[14.690s][info][gc,cpu         ] GC(196) User=0.16s Sys=0.00s Real=0.03s
[14.723s][info][gc,start       ] GC(197) Pause Young (Allocation Failure)
[14.758s][info][gc,heap        ] GC(197) PSYoungGen: 56480K(144384K)->28288K(138240K) Eden: 28160K(28160K)->0K(31232K) From: 28320K(116224K)->28288K(107008K)
[14.758s][info][gc,heap        ] GC(197) ParOldGen: 2264876K(2391552K)->2293284K(2391552K)
[14.758s][info][gc,metaspace   ] GC(197) Metaspace: 6302K(6528K)->6302K(6528K) NonClass: 5769K(5888K)->5769K(5888K) Class: 533K(640K)->533K(640K)
[14.758s][info][gc             ] GC(197) Pause Young (Allocation Failure) 2266M->2267M(2470M) 34.941ms
[14.758s][info][gc,cpu         ] GC(197) User=0.14s Sys=0.02s Real=0.03s
[14.797s][info][gc,start       ] GC(198) Pause Young (Allocation Failure)
[14.832s][info][gc,heap        ] GC(198) PSYoungGen: 59520K(138240K)->31360K(62976K) Eden: 31232K(31232K)->0K(31232K) From: 28288K(107008K)->31360K(31744K)
[14.832s][info][gc,heap        ] GC(198) ParOldGen: 2293284K(2391552K)->2321700K(2391552K)
[14.832s][info][gc,metaspace   ] GC(198) Metaspace: 6302K(6528K)->6302K(6528K) NonClass: 5769K(5888K)->5769K(5888K) Class: 533K(640K)->533K(640K)
[14.832s][info][gc             ] GC(198) Pause Young (Allocation Failure) 2297M->2297M(2397M) 35.181ms
[14.832s][info][gc,cpu         ] GC(198) User=0.14s Sys=0.02s Real=0.03s
[14.868s][info][gc,start       ] GC(199) Pause Young (Allocation Failure)
[14.905s][info][gc,heap        ] GC(199) PSYoungGen: 62592K(62976K)->31392K(132608K) Eden: 31232K(31232K)->0K(34816K) From: 31360K(31744K)->31392K(97792K)
[14.905s][info][gc,heap        ] GC(199) ParOldGen: 2321700K(2391552K)->2353212K(2391552K)
[14.905s][info][gc,metaspace   ] GC(199) Metaspace: 6302K(6528K)->6302K(6528K) NonClass: 5769K(5888K)->5769K(5888K) Class: 533K(640K)->533K(640K)
[14.905s][info][gc             ] GC(199) Pause Young (Allocation Failure) 2328M->2328M(2465M) 36.408ms
[14.905s][info][gc,cpu         ] GC(199) User=0.23s Sys=0.03s Real=0.04s
[14.905s][info][gc,start       ] GC(200) Pause Full (Ergonomics)
[14.905s][info][gc,phases,start] GC(200) Marking Phase
[15.445s][info][gc,phases      ] GC(200) Marking Phase 539.820ms
[15.445s][info][gc,phases,start] GC(200) Summary Phase
[15.445s][info][gc,phases      ] GC(200) Summary Phase 0.057ms
[15.445s][info][gc,phases,start] GC(200) Adjust Roots
[15.445s][info][gc,phases      ] GC(200) Adjust Roots 0.175ms
[15.445s][info][gc,phases,start] GC(200) Compaction Phase
[15.631s][info][gc,phases      ] GC(200) Compaction Phase 186.213ms
[15.631s][info][gc,phases,start] GC(200) Post Compact
[15.636s][info][gc,phases      ] GC(200) Post Compact 4.693ms
[15.637s][info][gc,heap        ] GC(200) PSYoungGen: 31392K(132608K)->0K(136704K) Eden: 0K(34816K)->0K(34816K) From: 31392K(97792K)->0K(101888K)
[15.637s][info][gc,heap        ] GC(200) ParOldGen: 2353212K(2391552K)->2382089K(2619392K)
[15.637s][info][gc,metaspace   ] GC(200) Metaspace: 6302K(6528K)->6302K(6528K) NonClass: 5769K(5888K)->5769K(5888K) Class: 533K(640K)->533K(640K)
[15.637s][info][gc             ] GC(200) Pause Full (Ergonomics) 2328M->2326M(2691M) 732.031ms
[15.637s][info][gc,cpu         ] GC(200) User=5.64s Sys=0.00s Real=0.73s
[15.677s][info][gc,start       ] GC(201) Pause Young (Allocation Failure)
[15.706s][info][gc,heap        ] GC(201) PSYoungGen: 34816K(136704K)->35008K(130048K) Eden: 34816K(34816K)->0K(37888K) From: 0K(101888K)->35008K(92160K)
[15.706s][info][gc,heap        ] GC(201) ParOldGen: 2382089K(2619392K)->2382089K(2619392K)
[15.706s][info][gc,metaspace   ] GC(201) Metaspace: 6302K(6528K)->6302K(6528K) NonClass: 5769K(5888K)->5769K(5888K) Class: 533K(640K)->533K(640K)
[15.706s][info][gc             ] GC(201) Pause Young (Allocation Failure) 2360M->2360M(2685M) 28.774ms
[15.706s][info][gc,cpu         ] GC(201) User=0.05s Sys=0.00s Real=0.03s
[15.752s][info][gc,start       ] GC(202) Pause Young (Allocation Failure)
[15.793s][info][gc,heap        ] GC(202) PSYoungGen: 72896K(130048K)->72896K(135168K) Eden: 37888K(37888K)->0K(37888K) From: 35008K(92160K)->72896K(97280K)
[15.793s][info][gc,heap        ] GC(202) ParOldGen: 2382089K(2619392K)->2382089K(2619392K)
[15.793s][info][gc,metaspace   ] GC(202) Metaspace: 6302K(6528K)->6302K(6528K) NonClass: 5769K(5888K)->5769K(5888K) Class: 533K(640K)->533K(640K)
[15.793s][info][gc             ] GC(202) Pause Young (Allocation Failure) 2397M->2397M(2690M) 40.812ms
[15.793s][info][gc,cpu         ] GC(202) User=0.27s Sys=0.00s Real=0.04s
[15.843s][info][gc,start       ] GC(203) Pause Young (Allocation Failure)
[15.899s][info][gc,heap        ] GC(203) PSYoungGen: 110784K(135168K)->103424K(126464K) Eden: 37888K(37888K)->0K(23040K) From: 72896K(97280K)->103424K(103424K)
[15.899s][info][gc,heap        ] GC(203) ParOldGen: 2382089K(2619392K)->2389457K(2619392K)
[15.899s][info][gc,metaspace   ] GC(203) Metaspace: 6302K(6528K)->6302K(6528K) NonClass: 5769K(5888K)->5769K(5888K) Class: 533K(640K)->533K(640K)
[15.900s][info][gc             ] GC(203) Pause Young (Allocation Failure) 2434M->2434M(2681M) 56.941ms
[15.900s][info][gc,cpu         ] GC(203) User=0.34s Sys=0.03s Real=0.06s
[15.927s][info][gc,start       ] GC(204) Pause Young (Allocation Failure)
[15.992s][info][gc,heap        ] GC(204) PSYoungGen: 126464K(126464K)->58208K(81408K) Eden: 23040K(23040K)->0K(23040K) From: 103424K(103424K)->58208K(58368K)
[15.992s][info][gc,heap        ] GC(204) ParOldGen: 2389457K(2619392K)->2458393K(2619392K)
[15.992s][info][gc,metaspace   ] GC(204) Metaspace: 6302K(6528K)->6302K(6528K) NonClass: 5769K(5888K)->5769K(5888K) Class: 533K(640K)->533K(640K)
[15.992s][info][gc             ] GC(204) Pause Young (Allocation Failure) 2456M->2457M(2637M) 65.013ms
[15.992s][info][gc,cpu         ] GC(204) User=0.33s Sys=0.08s Real=0.07s
[16.020s][info][gc,start       ] GC(205) Pause Young (Allocation Failure)
[16.065s][info][gc,heap        ] GC(205) PSYoungGen: 81248K(81408K)->46240K(131584K) Eden: 23040K(23040K)->0K(25600K) From: 58208K(58368K)->46240K(105984K)
[16.065s][info][gc,heap        ] GC(205) ParOldGen: 2458393K(2619392K)->2493665K(2619392K)
[16.065s][info][gc,metaspace   ] GC(205) Metaspace: 6302K(6528K)->6302K(6528K) NonClass: 5769K(5888K)->5769K(5888K) Class: 533K(640K)->533K(640K)
[16.065s][info][gc             ] GC(205) Pause Young (Allocation Failure) 2480M->2480M(2686M) 44.496ms
[16.065s][info][gc,cpu         ] GC(205) User=0.23s Sys=0.03s Real=0.04s
[16.095s][info][gc,start       ] GC(206) Pause Young (Allocation Failure)
[16.136s][info][gc,heap        ] GC(206) PSYoungGen: 71840K(131584K)->48768K(74752K) Eden: 25600K(25600K)->0K(25600K) From: 46240K(105984K)->48768K(49152K)
[16.136s][info][gc,heap        ] GC(206) ParOldGen: 2493665K(2619392K)->2516921K(2619392K)
[16.136s][info][gc,metaspace   ] GC(206) Metaspace: 6302K(6528K)->6302K(6528K) NonClass: 5769K(5888K)->5769K(5888K) Class: 533K(640K)->533K(640K)
[16.136s][info][gc             ] GC(206) Pause Young (Allocation Failure) 2505M->2505M(2631M) 40.660ms
[16.136s][info][gc,cpu         ] GC(206) User=0.25s Sys=0.00s Real=0.04s
[16.166s][info][gc,start       ] GC(207) Pause Young (Allocation Failure)
[16.208s][info][gc,heap        ] GC(207) PSYoungGen: 74368K(74752K)->51360K(123904K) Eden: 25600K(25600K)->0K(28672K) From: 48768K(49152K)->51360K(95232K)
[16.208s][info][gc,heap        ] GC(207) ParOldGen: 2516921K(2619392K)->2540169K(2619392K)
[16.208s][info][gc,metaspace   ] GC(207) Metaspace: 6302K(6528K)->6302K(6528K) NonClass: 5769K(5888K)->5769K(5888K) Class: 533K(640K)->533K(640K)
[16.208s][info][gc             ] GC(207) Pause Young (Allocation Failure) 2530M->2530M(2679M) 42.314ms
[16.208s][info][gc,cpu         ] GC(207) User=0.33s Sys=0.05s Real=0.04s
[16.243s][info][gc,start       ] GC(208) Pause Young (Allocation Failure)
[16.287s][info][gc,heap        ] GC(208) PSYoungGen: 80032K(123904K)->54496K(129536K) Eden: 28672K(28672K)->0K(28672K) From: 51360K(95232K)->54496K(100864K)
[16.287s][info][gc,heap        ] GC(208) ParOldGen: 2540169K(2619392K)->2565985K(2619392K)
[16.287s][info][gc,metaspace   ] GC(208) Metaspace: 6302K(6528K)->6302K(6528K) NonClass: 5769K(5888K)->5769K(5888K) Class: 533K(640K)->533K(640K)
[16.287s][info][gc             ] GC(208) Pause Young (Allocation Failure) 2558M->2559M(2684M) 44.333ms
[16.287s][info][gc,cpu         ] GC(208) User=0.25s Sys=0.02s Real=0.04s
[16.322s][info][gc,start       ] GC(209) Pause Young (Allocation Failure)
[16.368s][info][gc,heap        ] GC(209) PSYoungGen: 83168K(129536K)->57536K(124416K) Eden: 28672K(28672K)->0K(32256K) From: 54496K(100864K)->57536K(92160K)
[16.368s][info][gc,heap        ] GC(209) ParOldGen: 2565985K(2619392K)->2591817K(2619392K)
[16.368s][info][gc,metaspace   ] GC(209) Metaspace: 6302K(6528K)->6302K(6528K) NonClass: 5769K(5888K)->5769K(5888K) Class: 533K(640K)->533K(640K)
[16.368s][info][gc             ] GC(209) Pause Young (Allocation Failure) 2587M->2587M(2679M) 46.119ms
[16.368s][info][gc,cpu         ] GC(209) User=0.38s Sys=0.00s Real=0.05s
[16.368s][info][gc,start       ] GC(210) Pause Full (Ergonomics)
[16.368s][info][gc,phases,start] GC(210) Marking Phase
[16.960s][info][gc,phases      ] GC(210) Marking Phase 592.035ms
[16.960s][info][gc,phases,start] GC(210) Summary Phase
[16.960s][info][gc,phases      ] GC(210) Summary Phase 0.039ms
[16.960s][info][gc,phases,start] GC(210) Adjust Roots
[16.961s][info][gc,phases      ] GC(210) Adjust Roots 0.160ms
[16.961s][info][gc,phases,start] GC(210) Compaction Phase
[17.171s][info][gc,phases      ] GC(210) Compaction Phase 210.159ms
[17.171s][info][gc,phases,start] GC(210) Post Compact
[17.176s][info][gc,phases      ] GC(210) Post Compact 4.803ms
[17.177s][info][gc,heap        ] GC(210) PSYoungGen: 57536K(124416K)->27635K(126976K) Eden: 0K(32256K)->0K(34816K) From: 57536K(92160K)->27635K(92160K)
[17.177s][info][gc,heap        ] GC(210) ParOldGen: 2591817K(2619392K)->2619378K(2880512K)
[17.177s][info][gc,metaspace   ] GC(210) Metaspace: 6302K(6528K)->6302K(6528K) NonClass: 5769K(5888K)->5769K(5888K) Class: 533K(640K)->533K(640K)
[17.177s][info][gc             ] GC(210) Pause Full (Ergonomics) 2587M->2584M(2937M) 808.439ms
[17.177s][info][gc,cpu         ] GC(210) User=6.31s Sys=0.00s Real=0.81s
[17.221s][info][gc,start       ] GC(211) Pause Young (Allocation Failure)
[17.367s][info][gc,heap        ] GC(211) PSYoungGen: 62451K(126976K)->48640K(129536K) Eden: 34816K(34816K)->0K(34816K) From: 27635K(92160K)->48640K(94720K)
[17.367s][info][gc,heap        ] GC(211) ParOldGen: 2619378K(2880512K)->2633562K(2880512K)
[17.367s][info][gc,metaspace   ] GC(211) Metaspace: 6302K(6528K)->6302K(6528K) NonClass: 5769K(5888K)->5769K(5888K) Class: 533K(640K)->533K(640K)
[17.367s][info][gc             ] GC(211) Pause Young (Allocation Failure) 2618M->2619M(2939M) 145.638ms
[17.367s][info][gc,cpu         ] GC(211) User=0.89s Sys=0.00s Real=0.15s
[17.411s][info][gc,start       ] GC(212) Pause Young (Allocation Failure)
[17.461s][info][gc,heap        ] GC(212) PSYoungGen: 83456K(129536K)->83488K(121856K) Eden: 34816K(34816K)->0K(30720K) From: 48640K(94720K)->83488K(91136K)
[17.461s][info][gc,heap        ] GC(212) ParOldGen: 2633562K(2880512K)->2633562K(2880512K)
[17.461s][info][gc,metaspace   ] GC(212) Metaspace: 6302K(6528K)->6302K(6528K) NonClass: 5769K(5888K)->5769K(5888K) Class: 533K(640K)->533K(640K)
[17.461s][info][gc             ] GC(212) Pause Young (Allocation Failure) 2653M->2653M(2932M) 50.150ms
[17.461s][info][gc,cpu         ] GC(212) User=0.28s Sys=0.00s Real=0.05s
[17.495s][info][gc,start       ] GC(213) Pause Young (Allocation Failure)
[17.556s][info][gc,heap        ] GC(213) PSYoungGen: 114208K(121856K)->98816K(129536K) Eden: 30720K(30720K)->0K(30720K) From: 83488K(91136K)->98816K(98816K)
[17.556s][info][gc,heap        ] GC(213) ParOldGen: 2633562K(2880512K)->2649002K(2880512K)
[17.556s][info][gc,metaspace   ] GC(213) Metaspace: 6302K(6528K)->6302K(6528K) NonClass: 5769K(5888K)->5769K(5888K) Class: 533K(640K)->533K(640K)
[17.556s][info][gc             ] GC(213) Pause Young (Allocation Failure) 2683M->2683M(2939M) 60.654ms
[17.556s][info][gc,cpu         ] GC(213) User=0.33s Sys=0.03s Real=0.06s
[17.591s][info][gc,start       ] GC(214) Pause Young (Allocation Failure)
[17.665s][info][gc,heap        ] GC(214) PSYoungGen: 129536K(129536K)->87424K(145920K) Eden: 30720K(30720K)->0K(29696K) From: 98816K(98816K)->87424K(116224K)
[17.665s][info][gc,heap        ] GC(214) ParOldGen: 2649002K(2880512K)->2691578K(2880512K)
[17.665s][info][gc,metaspace   ] GC(214) Metaspace: 6302K(6528K)->6302K(6528K) NonClass: 5769K(5888K)->5769K(5888K) Class: 533K(640K)->533K(640K)
[17.665s][info][gc             ] GC(214) Pause Young (Allocation Failure) 2713M->2713M(2955M) 74.553ms
[17.665s][info][gc,cpu         ] GC(214) User=0.47s Sys=0.03s Real=0.08s
[17.702s][info][gc,start       ] GC(215) Pause Young (Allocation Failure)
[17.763s][info][gc,heap        ] GC(215) PSYoungGen: 117120K(145920K)->86496K(150528K) Eden: 29696K(29696K)->0K(29696K) From: 87424K(116224K)->86496K(120832K)
[17.763s][info][gc,heap        ] GC(215) ParOldGen: 2691578K(2880512K)->2722506K(2880512K)
[17.763s][info][gc,metaspace   ] GC(215) Metaspace: 6302K(6528K)->6302K(6528K) NonClass: 5769K(5888K)->5769K(5888K) Class: 533K(640K)->533K(640K)
[17.763s][info][gc             ] GC(215) Pause Young (Allocation Failure) 2742M->2743M(2960M) 61.845ms
[17.763s][info][gc,cpu         ] GC(215) User=0.36s Sys=0.03s Real=0.06s
[17.800s][info][gc,start       ] GC(216) Pause Young (Allocation Failure)
[17.862s][info][gc,heap        ] GC(216) PSYoungGen: 116192K(150528K)->90336K(153088K) Eden: 29696K(29696K)->0K(29696K) From: 86496K(120832K)->90336K(123392K)
[17.862s][info][gc,heap        ] GC(216) ParOldGen: 2722506K(2880512K)->2748594K(2880512K)
[17.862s][info][gc,metaspace   ] GC(216) Metaspace: 6302K(6528K)->6302K(6528K) NonClass: 5769K(5888K)->5769K(5888K) Class: 533K(640K)->533K(640K)
[17.862s][info][gc             ] GC(216) Pause Young (Allocation Failure) 2772M->2772M(2962M) 62.724ms
[17.862s][info][gc,cpu         ] GC(216) User=0.38s Sys=0.00s Real=0.06s
[18.484s][info][gc,start       ] GC(217) Pause Full (Ergonomics)
[18.485s][info][gc,phases,start] GC(217) Marking Phase
[19.139s][info][gc,phases      ] GC(217) Marking Phase 654.872ms
[19.139s][info][gc,phases,start] GC(217) Summary Phase
[19.139s][info][gc,phases      ] GC(217) Summary Phase 0.041ms
[19.139s][info][gc,phases,start] GC(217) Adjust Roots
[19.140s][info][gc,phases      ] GC(217) Adjust Roots 0.159ms
[19.140s][info][gc,phases,start] GC(217) Compaction Phase
[19.597s][info][gc,phases      ] GC(217) Compaction Phase 457.542ms
[19.597s][info][gc,phases,start] GC(217) Post Compact
[19.603s][info][gc,phases      ] GC(217) Post Compact 5.947ms
[19.604s][info][gc,heap        ] GC(217) PSYoungGen: 120032K(153088K)->52198K(153088K) Eden: 29696K(29696K)->0K(29696K) From: 90336K(123392K)->52198K(123392K)
[19.604s][info][gc,heap        ] GC(217) ParOldGen: 2879666K(2880512K)->2880294K(3164672K)
[19.604s][info][gc,metaspace   ] GC(217) Metaspace: 6302K(6528K)->6302K(6528K) NonClass: 5769K(5888K)->5769K(5888K) Class: 533K(640K)->533K(640K)
[19.604s][info][gc             ] GC(217) Pause Full (Ergonomics) 2929M->2863M(3240M) 1119.959ms
[19.604s][info][gc,cpu         ] GC(217) User=7.72s Sys=0.02s Real=1.12s
[19.640s][info][gc,start       ] GC(218) Pause Young (Allocation Failure)
[19.795s][info][gc,heap        ] GC(218) PSYoungGen: 81894K(153088K)->63808K(93696K) Eden: 29696K(29696K)->0K(29696K) From: 52198K(123392K)->63808K(64000K)
[19.795s][info][gc,heap        ] GC(218) ParOldGen: 2880294K(3164672K)->2898854K(3164672K)
[19.795s][info][gc,metaspace   ] GC(218) Metaspace: 6302K(6528K)->6302K(6528K) NonClass: 5769K(5888K)->5769K(5888K) Class: 533K(640K)->533K(640K)
[19.795s][info][gc             ] GC(218) Pause Young (Allocation Failure) 2892M->2893M(3182M) 155.290ms
[19.795s][info][gc,cpu         ] GC(218) User=1.03s Sys=0.02s Real=0.15s
[19.829s][info][gc,start       ] GC(219) Pause Young (Allocation Failure)
[19.888s][info][gc,heap        ] GC(219) PSYoungGen: 93504K(93696K)->93440K(150528K) Eden: 29696K(29696K)->0K(28672K) From: 63808K(64000K)->93440K(121856K)
[19.889s][info][gc,heap        ] GC(219) ParOldGen: 2898854K(3164672K)->2898854K(3164672K)
[19.889s][info][gc,metaspace   ] GC(219) Metaspace: 6302K(6528K)->6302K(6528K) NonClass: 5769K(5888K)->5769K(5888K) Class: 533K(640K)->533K(640K)
[19.889s][info][gc             ] GC(219) Pause Young (Allocation Failure) 2922M->2922M(3237M) 59.577ms
[19.889s][info][gc,cpu         ] GC(219) User=0.19s Sys=0.00s Real=0.06s
[19.918s][info][gc,start       ] GC(220) Pause Young (Allocation Failure)
[19.987s][info][gc,heap        ] GC(220) PSYoungGen: 122112K(150528K)->104864K(154624K) Eden: 28672K(28672K)->0K(28672K) From: 93440K(121856K)->104864K(125952K)
[19.987s][info][gc,heap        ] GC(220) ParOldGen: 2898854K(3164672K)->2916326K(3164672K)
[19.987s][info][gc,metaspace   ] GC(220) Metaspace: 6302K(6528K)->6302K(6528K) NonClass: 5769K(5888K)->5769K(5888K) Class: 533K(640K)->533K(640K)
[19.987s][info][gc             ] GC(220) Pause Young (Allocation Failure) 2950M->2950M(3241M) 69.388ms
[19.987s][info][gc,cpu         ] GC(220) User=0.27s Sys=0.02s Real=0.07s
[20.017s][info][gc,start       ] GC(221) Pause Young (Allocation Failure)
[20.088s][info][gc,heap        ] GC(221) PSYoungGen: 133536K(154624K)->117024K(155136K) Eden: 28672K(28672K)->0K(22016K) From: 104864K(125952K)->117024K(133120K)
[20.088s][info][gc,heap        ] GC(221) ParOldGen: 2916326K(3164672K)->2933054K(3164672K)
[20.088s][info][gc,metaspace   ] GC(221) Metaspace: 6302K(6528K)->6302K(6528K) NonClass: 5769K(5888K)->5769K(5888K) Class: 533K(640K)->533K(640K)
[20.088s][info][gc             ] GC(221) Pause Young (Allocation Failure) 2978M->2978M(3242M) 71.422ms
[20.088s][info][gc,cpu         ] GC(221) User=0.30s Sys=0.02s Real=0.07s
[20.109s][info][gc,start       ] GC(222) Pause Young (Allocation Failure)
[20.183s][info][gc,heap        ] GC(222) PSYoungGen: 139040K(155136K)->79584K(101888K) Eden: 22016K(22016K)->0K(22016K) From: 117024K(133120K)->79584K(79872K)
[20.183s][info][gc,heap        ] GC(222) ParOldGen: 2933054K(3164672K)->2992926K(3164672K)
[20.183s][info][gc,metaspace   ] GC(222) Metaspace: 6302K(6528K)->6302K(6528K) NonClass: 5769K(5888K)->5769K(5888K) Class: 533K(640K)->533K(640K)
[20.183s][info][gc             ] GC(222) Pause Young (Allocation Failure) 3000M->3000M(3190M) 73.828ms
[20.183s][info][gc,cpu         ] GC(222) User=0.23s Sys=0.00s Real=0.07s
[20.204s][info][gc,start       ] GC(223) Pause Young (Allocation Failure)
[20.265s][info][gc,heap        ] GC(223) PSYoungGen: 101600K(101888K)->44192K(162304K) Eden: 22016K(22016K)->0K(25088K) From: 79584K(79872K)->44192K(137216K)
[20.266s][info][gc,heap        ] GC(223) ParOldGen: 2992926K(3164672K)->3050758K(3164672K)
[20.266s][info][gc,metaspace   ] GC(223) Metaspace: 6302K(6528K)->6302K(6528K) NonClass: 5769K(5888K)->5769K(5888K) Class: 533K(640K)->533K(640K)
[20.266s][info][gc             ] GC(223) Pause Young (Allocation Failure) 3021M->3022M(3249M) 61.442ms
[20.266s][info][gc,cpu         ] GC(223) User=0.20s Sys=0.00s Real=0.06s
[20.289s][info][gc,start       ] GC(224) Pause Young (Allocation Failure)
[20.345s][info][gc,heap        ] GC(224) PSYoungGen: 69280K(162304K)->25184K(162304K) Eden: 25088K(25088K)->0K(25088K) From: 44192K(137216K)->25184K(137216K)
[20.345s][info][gc,heap        ] GC(224) ParOldGen: 3050758K(3164672K)->3095142K(3164672K)
[20.345s][info][gc,metaspace   ] GC(224) Metaspace: 6302K(6528K)->6302K(6528K) NonClass: 5769K(5888K)->5769K(5888K) Class: 533K(640K)->533K(640K)
[20.345s][info][gc             ] GC(224) Pause Young (Allocation Failure) 3046M->3047M(3249M) 56.377ms
[20.345s][info][gc,cpu         ] GC(224) User=0.12s Sys=0.00s Real=0.06s
[20.369s][info][gc,start       ] GC(225) Pause Young (Allocation Failure)
[20.417s][info][gc,heap        ] GC(225) PSYoungGen: 50272K(162304K)->25216K(166912K) Eden: 25088K(25088K)->0K(27648K) From: 25184K(137216K)->25216K(139264K)
[20.417s][info][gc,heap        ] GC(225) ParOldGen: 3095142K(3164672K)->3120462K(3164672K)
[20.417s][info][gc,metaspace   ] GC(225) Metaspace: 6302K(6528K)->6302K(6528K) NonClass: 5769K(5888K)->5769K(5888K) Class: 533K(640K)->533K(640K)
[20.417s][info][gc             ] GC(225) Pause Young (Allocation Failure) 3071M->3071M(3253M) 48.129ms
[20.417s][info][gc,cpu         ] GC(225) User=0.09s Sys=0.02s Real=0.05s
[20.417s][info][gc,start       ] GC(226) Pause Full (Ergonomics)
[20.417s][info][gc,phases,start] GC(226) Marking Phase
[21.154s][info][gc,phases      ] GC(226) Marking Phase 737.083ms
[21.154s][info][gc,phases,start] GC(226) Summary Phase
[21.154s][info][gc,phases      ] GC(226) Summary Phase 0.060ms
[21.154s][info][gc,phases,start] GC(226) Adjust Roots
[21.154s][info][gc,phases      ] GC(226) Adjust Roots 0.243ms
[21.154s][info][gc,phases,start] GC(226) Compaction Phase
[21.488s][info][gc,phases      ] GC(226) Compaction Phase 333.290ms
[21.488s][info][gc,phases,start] GC(226) Post Compact
[21.494s][info][gc,phases      ] GC(226) Post Compact 6.503ms
[21.495s][info][gc,heap        ] GC(226) PSYoungGen: 25216K(166912K)->0K(167936K) Eden: 0K(27648K)->0K(27648K) From: 25216K(139264K)->0K(140288K)
[21.496s][info][gc,heap        ] GC(226) ParOldGen: 3120462K(3164672K)->3143186K(3467776K)
[21.496s][info][gc,metaspace   ] GC(226) Metaspace: 6302K(6528K)->6302K(6528K) NonClass: 5769K(5888K)->5769K(5888K) Class: 533K(640K)->533K(640K)
[21.496s][info][gc             ] GC(226) Pause Full (Ergonomics) 3071M->3069M(3550M) 1078.567ms
[21.496s][info][gc,cpu         ] GC(226) User=6.97s Sys=0.02s Real=1.08s
[21.526s][info][gc,start       ] GC(227) Pause Young (Allocation Failure)
[21.568s][info][gc,heap        ] GC(227) PSYoungGen: 27648K(167936K)->27744K(167936K) Eden: 27648K(27648K)->0K(30720K) From: 0K(140288K)->27744K(137216K)
[21.568s][info][gc,heap        ] GC(227) ParOldGen: 3143186K(3467776K)->3143186K(3467776K)
[21.568s][info][gc,metaspace   ] GC(227) Metaspace: 6302K(6528K)->6302K(6528K) NonClass: 5769K(5888K)->5769K(5888K) Class: 533K(640K)->533K(640K)
[21.568s][info][gc             ] GC(227) Pause Young (Allocation Failure) 3096M->3096M(3550M) 42.105ms
[21.568s][info][gc,cpu         ] GC(227) User=0.05s Sys=0.00s Real=0.04s
[21.604s][info][gc,start       ] GC(228) Pause Young (Allocation Failure)
[21.655s][info][gc,heap        ] GC(228) PSYoungGen: 58464K(167936K)->30848K(169984K) Eden: 30720K(30720K)->0K(30720K) From: 27744K(137216K)->30848K(139264K)
[21.655s][info][gc,heap        ] GC(228) ParOldGen: 3143186K(3467776K)->3171082K(3467776K)
[21.655s][info][gc,metaspace   ] GC(228) Metaspace: 6302K(6528K)->6302K(6528K) NonClass: 5769K(5888K)->5769K(5888K) Class: 533K(640K)->533K(640K)
[21.655s][info][gc             ] GC(228) Pause Young (Allocation Failure) 3126M->3126M(3552M) 50.709ms
[21.655s][info][gc,cpu         ] GC(228) User=0.14s Sys=0.00s Real=0.05s
[21.689s][info][gc,start       ] GC(229) Pause Young (Allocation Failure)
[21.735s][info][gc,heap        ] GC(229) PSYoungGen: 61568K(169984K)->30912K(164864K) Eden: 30720K(30720K)->0K(34304K) From: 30848K(139264K)->30912K(130560K)
[21.735s][info][gc,heap        ] GC(229) ParOldGen: 3171082K(3467776K)->3202074K(3467776K)
[21.735s][info][gc,metaspace   ] GC(229) Metaspace: 6302K(6528K)->6302K(6528K) NonClass: 5769K(5888K)->5769K(5888K) Class: 533K(640K)->533K(640K)
[21.735s][info][gc             ] GC(229) Pause Young (Allocation Failure) 3156M->3157M(3547M) 45.902ms
[21.735s][info][gc,cpu         ] GC(229) User=0.14s Sys=0.02s Real=0.05s
[21.768s][info][gc,start       ] GC(230) Pause Young (Allocation Failure)
[21.816s][info][gc,heap        ] GC(230) PSYoungGen: 65216K(164864K)->34432K(167936K) Eden: 34304K(34304K)->0K(34304K) From: 30912K(130560K)->34432K(133632K)
[21.816s][info][gc,heap        ] GC(230) ParOldGen: 3202074K(3467776K)->3233074K(3467776K)
[21.816s][info][gc,metaspace   ] GC(230) Metaspace: 6302K(6528K)->6302K(6528K) NonClass: 5769K(5888K)->5769K(5888K) Class: 533K(640K)->533K(640K)
[21.816s][info][gc             ] GC(230) Pause Young (Allocation Failure) 3190M->3190M(3550M) 48.556ms
[21.816s][info][gc,cpu         ] GC(230) User=0.17s Sys=0.00s Real=0.05s
[21.851s][info][gc,start       ] GC(231) Pause Young (Allocation Failure)
[21.911s][info][gc,heap        ] GC(231) PSYoungGen: 68736K(167936K)->34496K(159744K) Eden: 34304K(34304K)->0K(38912K) From: 34432K(133632K)->34496K(120832K)
[21.912s][info][gc,heap        ] GC(231) ParOldGen: 3233074K(3467776K)->3267682K(3467776K)
[21.912s][info][gc,metaspace   ] GC(231) Metaspace: 6302K(6528K)->6302K(6528K) NonClass: 5769K(5888K)->5769K(5888K) Class: 533K(640K)->533K(640K)
[21.912s][info][gc             ] GC(231) Pause Young (Allocation Failure) 3224M->3224M(3542M) 60.855ms
[21.912s][info][gc,cpu         ] GC(231) User=0.12s Sys=0.00s Real=0.06s
[21.953s][info][gc,start       ] GC(232) Pause Young (Allocation Failure)
[22.020s][info][gc,heap        ] GC(232) PSYoungGen: 73408K(159744K)->39072K(163840K) Eden: 38912K(38912K)->0K(38912K) From: 34496K(120832K)->39072K(124928K)
[22.020s][info][gc,heap        ] GC(232) ParOldGen: 3267682K(3467776K)->3302298K(3467776K)
[22.020s][info][gc,metaspace   ] GC(232) Metaspace: 6302K(6528K)->6302K(6528K) NonClass: 5769K(5888K)->5769K(5888K) Class: 533K(640K)->533K(640K)
[22.020s][info][gc             ] GC(232) Pause Young (Allocation Failure) 3262M->3263M(3546M) 66.253ms
[22.020s][info][gc,cpu         ] GC(232) User=0.16s Sys=0.03s Real=0.07s
[22.061s][info][gc,start       ] GC(233) Pause Young (Allocation Failure)
[22.119s][info][gc,heap        ] GC(233) PSYoungGen: 77984K(163840K)->39104K(154624K) Eden: 38912K(38912K)->0K(44032K) From: 39072K(124928K)->39104K(110592K)
[22.120s][info][gc,heap        ] GC(233) ParOldGen: 3302298K(3467776K)->3341570K(3467776K)
[22.120s][info][gc,metaspace   ] GC(233) Metaspace: 6302K(6528K)->6302K(6528K) NonClass: 5769K(5888K)->5769K(5888K) Class: 533K(640K)->533K(640K)
[22.120s][info][gc             ] GC(233) Pause Young (Allocation Failure) 3301M->3301M(3537M) 58.190ms
[22.120s][info][gc,cpu         ] GC(233) User=0.16s Sys=0.00s Real=0.06s
[22.169s][info][gc,start       ] GC(234) Pause Young (Allocation Failure)
[22.230s][info][gc,heap        ] GC(234) PSYoungGen: 83136K(154624K)->44256K(159232K) Eden: 44032K(44032K)->0K(44032K) From: 39104K(110592K)->44256K(115200K)
[22.230s][info][gc,heap        ] GC(234) ParOldGen: 3341570K(3467776K)->3380834K(3467776K)
[22.230s][info][gc,metaspace   ] GC(234) Metaspace: 6302K(6528K)->6302K(6528K) NonClass: 5769K(5888K)->5769K(5888K) Class: 533K(640K)->533K(640K)
[22.230s][info][gc             ] GC(234) Pause Young (Allocation Failure) 3344M->3344M(3542M) 61.212ms
[22.230s][info][gc,cpu         ] GC(234) User=0.22s Sys=0.03s Real=0.06s
[22.276s][info][gc,start       ] GC(235) Pause Young (Allocation Failure)
[22.346s][info][gc,heap        ] GC(235) PSYoungGen: 88288K(159232K)->44288K(147968K) Eden: 44032K(44032K)->0K(49664K) From: 44256K(115200K)->44288K(98304K)
[22.346s][info][gc,heap        ] GC(235) ParOldGen: 3380834K(3467776K)->3425266K(3467776K)
[22.346s][info][gc,metaspace   ] GC(235) Metaspace: 6302K(6528K)->6302K(6528K) NonClass: 5769K(5888K)->5769K(5888K) Class: 533K(640K)->533K(640K)
[22.346s][info][gc             ] GC(235) Pause Young (Allocation Failure) 3387M->3388M(3531M) 69.928ms
[22.346s][info][gc,cpu         ] GC(235) User=0.14s Sys=0.00s Real=0.07s
[22.346s][info][gc,start       ] GC(236) Pause Full (Ergonomics)
[22.346s][info][gc,phases,start] GC(236) Marking Phase
[23.171s][info][gc,phases      ] GC(236) Marking Phase 824.344ms
[23.171s][info][gc,phases,start] GC(236) Summary Phase
[23.171s][info][gc,phases      ] GC(236) Summary Phase 0.070ms
[23.171s][info][gc,phases,start] GC(236) Adjust Roots
[23.171s][info][gc,phases      ] GC(236) Adjust Roots 0.158ms
[23.171s][info][gc,phases,start] GC(236) Compaction Phase
[23.506s][info][gc,phases      ] GC(236) Compaction Phase 334.700ms
[23.506s][info][gc,phases,start] GC(236) Post Compact
[23.512s][info][gc,phases      ] GC(236) Post Compact 6.411ms
[23.514s][info][gc,heap        ] GC(236) PSYoungGen: 44288K(147968K)->0K(153600K) Eden: 0K(49664K)->0K(49664K) From: 44288K(98304K)->0K(103936K)
[23.514s][info][gc,heap        ] GC(236) ParOldGen: 3425266K(3467776K)->3466497K(3816960K)
[23.514s][info][gc,metaspace   ] GC(236) Metaspace: 6302K(6528K)->6302K(6528K) NonClass: 5769K(5888K)->5769K(5888K) Class: 533K(640K)->533K(640K)
[23.514s][info][gc             ] GC(236) Pause Full (Ergonomics) 3388M->3385M(3877M) 1167.171ms
[23.514s][info][gc,cpu         ] GC(236) User=7.86s Sys=0.06s Real=1.17s
[23.558s][info][gc,start       ] GC(237) Pause Young (Allocation Failure)
[23.601s][info][gc,heap        ] GC(237) PSYoungGen: 49664K(153600K)->49856K(147456K) Eden: 49664K(49664K)->0K(54272K) From: 0K(103936K)->49856K(93184K)
[23.601s][info][gc,heap        ] GC(237) ParOldGen: 3466497K(3816960K)->3466497K(3816960K)
[23.601s][info][gc,metaspace   ] GC(237) Metaspace: 6302K(6528K)->6302K(6528K) NonClass: 5769K(5888K)->5769K(5888K) Class: 533K(640K)->533K(640K)
[23.601s][info][gc             ] GC(237) Pause Young (Allocation Failure) 3433M->3433M(3871M) 43.117ms
[23.601s][info][gc,cpu         ] GC(237) User=0.03s Sys=0.00s Real=0.04s
[23.657s][info][gc,start       ] GC(238) Pause Young (Allocation Failure)
[23.718s][info][gc,heap        ] GC(238) PSYoungGen: 104128K(147456K)->99328K(153600K) Eden: 54272K(54272K)->0K(54272K) From: 49856K(93184K)->99328K(99328K)
[23.718s][info][gc,heap        ] GC(238) ParOldGen: 3466497K(3816960K)->3471345K(3816960K)
[23.718s][info][gc,metaspace   ] GC(238) Metaspace: 6302K(6528K)->6302K(6528K) NonClass: 5769K(5888K)->5769K(5888K) Class: 533K(640K)->533K(640K)
[23.719s][info][gc             ] GC(238) Pause Young (Allocation Failure) 3486M->3486M(3877M) 61.017ms
[23.719s][info][gc,cpu         ] GC(238) User=0.19s Sys=0.00s Real=0.06s
[23.777s][info][gc,start       ] GC(239) Pause Young (Allocation Failure)
[23.856s][info][gc,heap        ] GC(239) PSYoungGen: 153600K(153600K)->54464K(162304K) Eden: 54272K(54272K)->0K(59904K) From: 99328K(99328K)->54464K(102400K)
[23.856s][info][gc,heap        ] GC(239) ParOldGen: 3471345K(3816960K)->3571361K(3816960K)
[23.856s][info][gc,metaspace   ] GC(239) Metaspace: 6302K(6528K)->6302K(6528K) NonClass: 5769K(5888K)->5769K(5888K) Class: 533K(640K)->533K(640K)
[23.856s][info][gc             ] GC(239) Pause Young (Allocation Failure) 3539M->3540M(3886M) 78.927ms
[23.856s][info][gc,cpu         ] GC(239) User=0.33s Sys=0.11s Real=0.08s
[23.920s][info][gc,start       ] GC(240) Pause Young (Allocation Failure)
[23.991s][info][gc,heap        ] GC(240) PSYoungGen: 114368K(162304K)->108544K(168448K) Eden: 59904K(59904K)->0K(59904K) From: 54464K(102400K)->108544K(108544K)
[23.991s][info][gc,heap        ] GC(240) ParOldGen: 3571361K(3816960K)->3577257K(3816960K)
[23.991s][info][gc,metaspace   ] GC(240) Metaspace: 6302K(6528K)->6302K(6528K) NonClass: 5769K(5888K)->5769K(5888K) Class: 533K(640K)->533K(640K)
[23.991s][info][gc             ] GC(240) Pause Young (Allocation Failure) 3599M->3599M(3892M) 71.245ms
[23.992s][info][gc,cpu         ] GC(240) User=0.28s Sys=0.02s Real=0.07s
[24.051s][info][gc,start       ] GC(241) Pause Young (Allocation Failure)
[24.138s][info][gc,heap        ] GC(241) PSYoungGen: 168448K(168448K)->60096K(180224K) Eden: 59904K(59904K)->0K(66560K) From: 108544K(108544K)->60096K(113664K)
[24.138s][info][gc,heap        ] GC(241) ParOldGen: 3577257K(3816960K)->3686553K(3816960K)
[24.138s][info][gc,metaspace   ] GC(241) Metaspace: 6302K(6528K)->6302K(6528K) NonClass: 5769K(5888K)->5769K(5888K) Class: 533K(640K)->533K(640K)
[24.138s][info][gc             ] GC(241) Pause Young (Allocation Failure) 3657M->3658M(3903M) 87.885ms
[24.138s][info][gc,cpu         ] GC(241) User=0.59s Sys=0.03s Real=0.09s
[24.202s][info][gc,start       ] GC(242) Pause Young (Allocation Failure)
[24.272s][info][gc,heap        ] GC(242) PSYoungGen: 126656K(180224K)->66816K(185856K) Eden: 66560K(66560K)->0K(66560K) From: 60096K(113664K)->66816K(119296K)
[24.272s][info][gc,heap        ] GC(242) ParOldGen: 3686553K(3816960K)->3746993K(3816960K)
[24.272s][info][gc,metaspace   ] GC(242) Metaspace: 6302K(6528K)->6302K(6528K) NonClass: 5769K(5888K)->5769K(5888K) Class: 533K(640K)->533K(640K)
[24.272s][info][gc             ] GC(242) Pause Young (Allocation Failure) 3723M->3724M(3909M) 70.430ms
[24.272s][info][gc,cpu         ] GC(242) User=0.25s Sys=0.05s Real=0.07s
[24.272s][info][gc,start       ] GC(243) Pause Full (Ergonomics)
[24.272s][info][gc,phases,start] GC(243) Marking Phase
[25.202s][info][gc,phases      ] GC(243) Marking Phase 929.555ms
[25.202s][info][gc,phases,start] GC(243) Summary Phase
[25.202s][info][gc,phases      ] GC(243) Summary Phase 0.120ms
[25.202s][info][gc,phases,start] GC(243) Adjust Roots
[25.203s][info][gc,phases      ] GC(243) Adjust Roots 0.386ms
[25.203s][info][gc,phases,start] GC(243) Compaction Phase
[25.565s][info][gc,phases      ] GC(243) Compaction Phase 362.383ms
[25.565s][info][gc,phases,start] GC(243) Post Compact
[25.572s][info][gc,phases      ] GC(243) Post Compact 7.206ms
[25.574s][info][gc,heap        ] GC(243) PSYoungGen: 66816K(185856K)->0K(189440K) Eden: 0K(66560K)->0K(73728K) From: 66816K(119296K)->0K(115712K)
[25.574s][info][gc,heap        ] GC(243) ParOldGen: 3746993K(3816960K)->3810886K(4241920K)
[25.574s][info][gc,metaspace   ] GC(243) Metaspace: 6302K(6528K)->6302K(6528K) NonClass: 5769K(5888K)->5769K(5888K) Class: 533K(640K)->533K(640K)
[25.574s][info][gc             ] GC(243) Pause Full (Ergonomics) 3724M->3721M(4327M) 1301.528ms
[25.574s][info][gc,cpu         ] GC(243) User=8.64s Sys=0.03s Real=1.30s
[25.657s][info][gc,start       ] GC(244) Pause Young (Allocation Failure)
[25.713s][info][gc,heap        ] GC(244) PSYoungGen: 73728K(189440K)->73952K(189440K) Eden: 73728K(73728K)->0K(73728K) From: 0K(115712K)->73952K(115712K)
[25.713s][info][gc,heap        ] GC(244) ParOldGen: 3810886K(4241920K)->3810886K(4241920K)
[25.713s][info][gc,metaspace   ] GC(244) Metaspace: 6302K(6528K)->6302K(6528K) NonClass: 5769K(5888K)->5769K(5888K) Class: 533K(640K)->533K(640K)
[25.713s][info][gc             ] GC(244) Pause Young (Allocation Failure) 3793M->3793M(4327M) 56.021ms
[25.713s][info][gc,cpu         ] GC(244) User=0.17s Sys=0.00s Real=0.06s
[25.788s][info][gc,start       ] GC(245) Pause Young (Allocation Failure)
[25.867s][info][gc,heap        ] GC(245) PSYoungGen: 147680K(189440K)->115200K(168960K) Eden: 73728K(73728K)->0K(53760K) From: 73952K(115712K)->115200K(115200K)
[25.867s][info][gc,heap        ] GC(245) ParOldGen: 3810886K(4241920K)->3843654K(4241920K)
[25.867s][info][gc,metaspace   ] GC(245) Metaspace: 6302K(6528K)->6302K(6528K) NonClass: 5769K(5888K)->5769K(5888K) Class: 533K(640K)->533K(640K)
[25.867s][info][gc             ] GC(245) Pause Young (Allocation Failure) 3865M->3866M(4307M) 78.623ms
[25.867s][info][gc,cpu         ] GC(245) User=0.48s Sys=0.03s Real=0.08s
[25.922s][info][gc,start       ] GC(246) Pause Young (Allocation Failure)
[26.015s][info][gc,heap        ] GC(246) PSYoungGen: 168960K(168960K)->53952K(195584K) Eden: 53760K(53760K)->0K(53760K) From: 115200K(115200K)->53952K(141824K)
[26.015s][info][gc,heap        ] GC(246) ParOldGen: 3843654K(4241920K)->3959686K(4241920K)
[26.015s][info][gc,metaspace   ] GC(246) Metaspace: 6302K(6528K)->6302K(6528K) NonClass: 5769K(5888K)->5769K(5888K) Class: 533K(640K)->533K(640K)
[26.015s][info][gc             ] GC(246) Pause Young (Allocation Failure) 3918M->3919M(4333M) 92.805ms
[26.015s][info][gc,cpu         ] GC(246) User=0.52s Sys=0.12s Real=0.09s
[26.071s][info][gc,start       ] GC(247) Pause Young (Allocation Failure)
[26.137s][info][gc,heap        ] GC(247) PSYoungGen: 107712K(195584K)->107840K(188928K) Eden: 53760K(53760K)->0K(51712K) From: 53952K(141824K)->107840K(137216K)
[26.137s][info][gc,heap        ] GC(247) ParOldGen: 3959686K(4241920K)->3959686K(4241920K)
[26.137s][info][gc,metaspace   ] GC(247) Metaspace: 6302K(6528K)->6302K(6528K) NonClass: 5769K(5888K)->5769K(5888K) Class: 533K(640K)->533K(640K)
[26.138s][info][gc             ] GC(247) Pause Young (Allocation Failure) 3972M->3972M(4327M) 66.427ms
[26.138s][info][gc,cpu         ] GC(247) User=0.25s Sys=0.00s Real=0.07s
[26.199s][info][gc,start       ] GC(248) Pause Young (Allocation Failure)
[26.279s][info][gc,heap        ] GC(248) PSYoungGen: 159552K(188928K)->144896K(196608K) Eden: 51712K(51712K)->0K(51712K) From: 107840K(137216K)->144896K(144896K)
[26.279s][info][gc,heap        ] GC(248) ParOldGen: 3959686K(4241920K)->3974398K(4241920K)
[26.279s][info][gc,metaspace   ] GC(248) Metaspace: 6302K(6528K)->6302K(6528K) NonClass: 5769K(5888K)->5769K(5888K) Class: 533K(640K)->533K(640K)
[26.279s][info][gc             ] GC(248) Pause Young (Allocation Failure) 4022M->4022M(4334M) 80.922ms
[26.279s][info][gc,cpu         ] GC(248) User=0.50s Sys=0.00s Real=0.08s
[26.335s][info][gc,start       ] GC(249) Pause Young (Allocation Failure)
[26.437s][info][gc,heap        ] GC(249) PSYoungGen: 196608K(196608K)->100512K(224256K) Eden: 51712K(51712K)->0K(57856K) From: 144896K(144896K)->100512K(166400K)
[26.437s][info][gc,heap        ] GC(249) ParOldGen: 3974398K(4241920K)->4071334K(4241920K)
[26.437s][info][gc,metaspace   ] GC(249) Metaspace: 6302K(6528K)->6302K(6528K) NonClass: 5769K(5888K)->5769K(5888K) Class: 533K(640K)->533K(640K)
[26.437s][info][gc             ] GC(249) Pause Young (Allocation Failure) 4073M->4074M(4361M) 102.266ms
[26.437s][info][gc,cpu         ] GC(249) User=0.67s Sys=0.06s Real=0.10s
[26.494s][info][gc,start       ] GC(250) Pause Young (Allocation Failure)
[26.580s][info][gc,heap        ] GC(250) PSYoungGen: 158368K(224256K)->109856K(225792K) Eden: 57856K(57856K)->0K(57856K) From: 100512K(166400K)->109856K(167936K)
[26.580s][info][gc,heap        ] GC(250) ParOldGen: 4071334K(4241920K)->4120358K(4241920K)
[26.580s][info][gc,metaspace   ] GC(250) Metaspace: 6302K(6528K)->6302K(6528K) NonClass: 5769K(5888K)->5769K(5888K) Class: 533K(640K)->533K(640K)
[26.580s][info][gc             ] GC(250) Pause Young (Allocation Failure) 4130M->4131M(4363M) 86.343ms
[26.580s][info][gc,cpu         ] GC(250) User=0.52s Sys=0.03s Real=0.09s
[26.647s][info][gc,start       ] GC(251) Pause Young (Allocation Failure)
[26.733s][info][gc,heap        ] GC(251) PSYoungGen: 167712K(225792K)->116000K(231424K) Eden: 57856K(57856K)->0K(61952K) From: 109856K(167936K)->116000K(169472K)
[26.733s][info][gc,heap        ] GC(251) ParOldGen: 4120358K(4241920K)->4172534K(4241920K)
[26.733s][info][gc,metaspace   ] GC(251) Metaspace: 6302K(6528K)->6302K(6528K) NonClass: 5769K(5888K)->5769K(5888K) Class: 533K(640K)->533K(640K)
[26.733s][info][gc             ] GC(251) Pause Young (Allocation Failure) 4187M->4188M(4368M) 86.322ms
[26.733s][info][gc,cpu         ] GC(251) User=0.55s Sys=0.08s Real=0.09s
[26.733s][info][gc,start       ] GC(252) Pause Full (Ergonomics)
[26.733s][info][gc,phases,start] GC(252) Marking Phase
[27.713s][info][gc,phases      ] GC(252) Marking Phase 979.292ms
[27.713s][info][gc,phases,start] GC(252) Summary Phase
[27.713s][info][gc,phases      ] GC(252) Summary Phase 0.071ms
[27.713s][info][gc,phases,start] GC(252) Adjust Roots
[27.713s][info][gc,phases      ] GC(252) Adjust Roots 0.181ms
[27.713s][info][gc,phases,start] GC(252) Compaction Phase
[28.116s][info][gc,phases      ] GC(252) Compaction Phase 403.168ms
[28.116s][info][gc,phases,start] GC(252) Post Compact
[28.123s][info][gc,phases      ] GC(252) Post Compact 6.361ms
[28.124s][info][gc,heap        ] GC(252) PSYoungGen: 116000K(231424K)->43083K(231424K) Eden: 0K(61952K)->0K(61952K) From: 116000K(169472K)->43083K(169472K)
[28.125s][info][gc,heap        ] GC(252) ParOldGen: 4172534K(4241920K)->4241651K(4719104K)
[28.125s][info][gc,metaspace   ] GC(252) Metaspace: 6302K(6528K)->6302K(6528K) NonClass: 5769K(5888K)->5769K(5888K) Class: 533K(640K)->533K(640K)
[28.125s][info][gc             ] GC(252) Pause Full (Ergonomics) 4188M->4184M(4834M) 1391.077ms
[28.125s][info][gc,cpu         ] GC(252) User=10.22s Sys=0.02s Real=1.39s
[28.204s][info][gc,start       ] GC(253) Pause Young (Allocation Failure)
[28.448s][info][gc,heap        ] GC(253) PSYoungGen: 105035K(231424K)->78432K(233984K) Eden: 61952K(61952K)->0K(61952K) From: 43083K(169472K)->78432K(172032K)
[28.448s][info][gc,heap        ] GC(253) ParOldGen: 4241651K(4719104K)->4268795K(4719104K)
[28.448s][info][gc,metaspace   ] GC(253) Metaspace: 6302K(6528K)->6302K(6528K) NonClass: 5769K(5888K)->5769K(5888K) Class: 533K(640K)->533K(640K)
[28.448s][info][gc             ] GC(253) Pause Young (Allocation Failure) 4244M->4245M(4837M) 243.929ms
[28.448s][info][gc,cpu         ] GC(253) User=1.58s Sys=0.02s Real=0.24s
[28.512s][info][gc,start       ] GC(254) Pause Young (Allocation Failure)
[28.592s][info][gc,heap        ] GC(254) PSYoungGen: 140384K(233984K)->140512K(222720K) Eden: 61952K(61952K)->0K(56832K) From: 78432K(172032K)->140512K(165888K)
[28.592s][info][gc,heap        ] GC(254) ParOldGen: 4268795K(4719104K)->4268795K(4719104K)
[28.592s][info][gc,metaspace   ] GC(254) Metaspace: 6302K(6528K)->6302K(6528K) NonClass: 5769K(5888K)->5769K(5888K) Class: 533K(640K)->533K(640K)
[28.592s][info][gc             ] GC(254) Pause Young (Allocation Failure) 4305M->4305M(4826M) 79.853ms
[28.592s][info][gc,cpu         ] GC(254) User=0.38s Sys=0.02s Real=0.08s
[28.648s][info][gc,start       ] GC(255) Pause Young (Allocation Failure)
[28.751s][info][gc,heap        ] GC(255) PSYoungGen: 197344K(222720K)->177152K(233984K) Eden: 56832K(56832K)->0K(56832K) From: 140512K(165888K)->177152K(177152K)
[28.751s][info][gc,heap        ] GC(255) ParOldGen: 4268795K(4719104K)->4289107K(4719104K)
[28.751s][info][gc,metaspace   ] GC(255) Metaspace: 6302K(6528K)->6302K(6528K) NonClass: 5769K(5888K)->5769K(5888K) Class: 533K(640K)->533K(640K)
[28.751s][info][gc             ] GC(255) Pause Young (Allocation Failure) 4361M->4361M(4837M) 102.669ms
[28.751s][info][gc,cpu         ] GC(255) User=0.77s Sys=0.00s Real=0.10s
[28.813s][info][gc,start       ] GC(256) Pause Young (Allocation Failure)
[28.939s][info][gc,heap        ] GC(256) PSYoungGen: 233984K(233984K)->163680K(258560K) Eden: 56832K(56832K)->0K(51200K) From: 177152K(177152K)->163680K(207360K)
[28.939s][info][gc,heap        ] GC(256) ParOldGen: 4289107K(4719104K)->4360163K(4719104K)
[28.939s][info][gc,metaspace   ] GC(256) Metaspace: 6302K(6528K)->6302K(6528K) NonClass: 5769K(5888K)->5769K(5888K) Class: 533K(640K)->533K(640K)
[28.939s][info][gc             ] GC(256) Pause Young (Allocation Failure) 4417M->4417M(4861M) 126.001ms
[28.939s][info][gc,cpu         ] GC(256) User=0.80s Sys=0.09s Real=0.13s
[29.001s][info][gc,start       ] GC(257) Pause Young (Allocation Failure)
[29.113s][info][gc,heap        ] GC(257) PSYoungGen: 214880K(258560K)->158880K(270336K) Eden: 51200K(51200K)->0K(51200K) From: 163680K(207360K)->158880K(219136K)
[29.113s][info][gc,heap        ] GC(257) ParOldGen: 4360163K(4719104K)->4416643K(4719104K)
[29.113s][info][gc,metaspace   ] GC(257) Metaspace: 6302K(6528K)->6302K(6528K) NonClass: 5769K(5888K)->5769K(5888K) Class: 533K(640K)->533K(640K)
[29.113s][info][gc             ] GC(257) Pause Young (Allocation Failure) 4467M->4468M(4872M) 111.860ms
[29.113s][info][gc,cpu         ] GC(257) User=0.70s Sys=0.06s Real=0.11s
[29.172s][info][gc,start       ] GC(258) Pause Young (Allocation Failure)
[29.288s][info][gc,heap        ] GC(258) PSYoungGen: 210080K(270336K)->159616K(279040K) Eden: 51200K(51200K)->0K(52224K) From: 158880K(219136K)->159616K(226816K)
[29.288s][info][gc,heap        ] GC(258) ParOldGen: 4416643K(4719104K)->4467579K(4719104K)
[29.288s][info][gc,metaspace   ] GC(258) Metaspace: 6302K(6528K)->6302K(6528K) NonClass: 5769K(5888K)->5769K(5888K) Class: 533K(640K)->533K(640K)
[29.288s][info][gc             ] GC(258) Pause Young (Allocation Failure) 4518M->4518M(4881M) 116.175ms
[29.288s][info][gc,cpu         ] GC(258) User=0.75s Sys=0.00s Real=0.12s
[29.343s][info][gc,start       ] GC(259) Pause Young (Allocation Failure)
[29.460s][info][gc,heap        ] GC(259) PSYoungGen: 211840K(279040K)->154976K(284160K) Eden: 52224K(52224K)->0K(52224K) From: 159616K(226816K)->154976K(231936K)
[29.460s][info][gc,heap        ] GC(259) ParOldGen: 4467579K(4719104K)->4524923K(4719104K)
[29.460s][info][gc,metaspace   ] GC(259) Metaspace: 6302K(6528K)->6302K(6528K) NonClass: 5769K(5888K)->5769K(5888K) Class: 533K(640K)->533K(640K)
[29.460s][info][gc             ] GC(259) Pause Young (Allocation Failure) 4569M->4570M(4886M) 116.915ms
[29.460s][info][gc,cpu         ] GC(259) User=0.64s Sys=0.08s Real=0.12s
[29.517s][info][gc,start       ] GC(260) Pause Young (Allocation Failure)
[29.630s][info][gc,heap        ] GC(260) PSYoungGen: 207200K(284160K)->104736K(276992K) Eden: 52224K(52224K)->0K(59392K) From: 154976K(231936K)->104736K(217600K)
[29.630s][info][gc,heap        ] GC(260) ParOldGen: 4524923K(4719104K)->4628227K(4719104K)
[29.630s][info][gc,metaspace   ] GC(260) Metaspace: 6302K(6528K)->6302K(6528K) NonClass: 5769K(5888K)->5769K(5888K) Class: 533K(640K)->533K(640K)
[29.630s][info][gc             ] GC(260) Pause Young (Allocation Failure) 4621M->4622M(4879M) 113.240ms
[29.630s][info][gc,cpu         ] GC(260) User=0.66s Sys=0.08s Real=0.11s
[29.631s][info][gc,start       ] GC(261) Pause Full (Ergonomics)
[29.631s][info][gc,phases,start] GC(261) Marking Phase
[30.695s][info][gc,phases      ] GC(261) Marking Phase 1064.576ms
[30.695s][info][gc,phases,start] GC(261) Summary Phase
[30.695s][info][gc,phases      ] GC(261) Summary Phase 0.057ms
[30.695s][info][gc,phases,start] GC(261) Adjust Roots
[30.695s][info][gc,phases      ] GC(261) Adjust Roots 0.164ms
[30.695s][info][gc,phases,start] GC(261) Compaction Phase
[31.089s][info][gc,phases      ] GC(261) Compaction Phase 393.533ms
[31.089s][info][gc,phases,start] GC(261) Post Compact
[31.096s][info][gc,phases      ] GC(261) Post Compact 7.028ms
[31.098s][info][gc,heap        ] GC(261) PSYoungGen: 104736K(276992K)->9861K(285184K) Eden: 0K(59392K)->0K(67584K) From: 104736K(217600K)->9861K(217600K)
[31.098s][info][gc,heap        ] GC(261) ParOldGen: 4628227K(4719104K)->4719028K(5240320K)
[31.098s][info][gc,metaspace   ] GC(261) Metaspace: 6302K(6528K)->6302K(6528K) NonClass: 5769K(5888K)->5769K(5888K) Class: 533K(640K)->533K(640K)
[31.098s][info][gc             ] GC(261) Pause Full (Ergonomics) 4622M->4618M(5396M) 1467.425ms
[31.098s][info][gc,cpu         ] GC(261) User=11.30s Sys=0.06s Real=1.47s
[31.181s][info][gc,start       ] GC(262) Pause Young (Allocation Failure)
[31.427s][info][gc,heap        ] GC(262) PSYoungGen: 77445K(285184K)->67808K(293376K) Eden: 67584K(67584K)->0K(67584K) From: 9861K(217600K)->67808K(225792K)
[31.427s][info][gc,heap        ] GC(262) ParOldGen: 4719028K(5240320K)->4729020K(5240320K)
[31.427s][info][gc,metaspace   ] GC(262) Metaspace: 6302K(6528K)->6302K(6528K) NonClass: 5769K(5888K)->5769K(5888K) Class: 533K(640K)->533K(640K)
[31.427s][info][gc             ] GC(262) Pause Young (Allocation Failure) 4684M->4684M(5404M) 245.415ms
[31.427s][info][gc,cpu         ] GC(262) User=1.64s Sys=0.03s Real=0.25s
[31.498s][info][gc,start       ] GC(263) Pause Young (Allocation Failure)
[31.580s][info][gc,heap        ] GC(263) PSYoungGen: 135392K(293376K)->67840K(293376K) Eden: 67584K(67584K)->0K(74752K) From: 67808K(225792K)->67840K(218624K)
[31.580s][info][gc,heap        ] GC(263) ParOldGen: 4729020K(5240320K)->4797188K(5240320K)
[31.580s][info][gc,metaspace   ] GC(263) Metaspace: 6302K(6528K)->6302K(6528K) NonClass: 5769K(5888K)->5769K(5888K) Class: 533K(640K)->533K(640K)
[31.580s][info][gc             ] GC(263) Pause Young (Allocation Failure) 4750M->4751M(5404M) 81.143ms
[31.580s][info][gc,cpu         ] GC(263) User=0.48s Sys=0.02s Real=0.08s
[31.658s][info][gc,start       ] GC(264) Pause Young (Allocation Failure)
[31.741s][info][gc,heap        ] GC(264) PSYoungGen: 142592K(293376K)->75008K(296448K) Eden: 74752K(74752K)->0K(74752K) From: 67840K(218624K)->75008K(221696K)
[31.741s][info][gc,heap        ] GC(264) ParOldGen: 4797188K(5240320K)->4865388K(5240320K)
[31.741s][info][gc,metaspace   ] GC(264) Metaspace: 6302K(6528K)->6302K(6528K) NonClass: 5769K(5888K)->5769K(5888K) Class: 533K(640K)->533K(640K)
[31.741s][info][gc             ] GC(264) Pause Young (Allocation Failure) 4824M->4824M(5407M) 82.827ms
[31.741s][info][gc,cpu         ] GC(264) User=0.52s Sys=0.02s Real=0.08s
[31.824s][info][gc,start       ] GC(265) Pause Young (Allocation Failure)
[31.909s][info][gc,heap        ] GC(265) PSYoungGen: 149760K(296448K)->75008K(289280K) Eden: 74752K(74752K)->0K(82944K) From: 75008K(221696K)->75008K(206336K)
[31.909s][info][gc,heap        ] GC(265) ParOldGen: 4865388K(5240320K)->4940820K(5240320K)
[31.909s][info][gc,metaspace   ] GC(265) Metaspace: 6302K(6528K)->6302K(6528K) NonClass: 5769K(5888K)->5769K(5888K) Class: 533K(640K)->533K(640K)
[31.909s][info][gc             ] GC(265) Pause Young (Allocation Failure) 4897M->4898M(5400M) 85.555ms
[31.909s][info][gc,cpu         ] GC(265) User=0.48s Sys=0.02s Real=0.09s
[32.003s][info][gc,start       ] GC(266) Pause Young (Allocation Failure)
[32.102s][info][gc,heap        ] GC(266) PSYoungGen: 157952K(289280K)->83200K(294400K) Eden: 82944K(82944K)->0K(82944K) From: 75008K(206336K)->83200K(211456K)
[32.102s][info][gc,heap        ] GC(266) ParOldGen: 4940820K(5240320K)->5016244K(5240320K)
[32.102s][info][gc,metaspace   ] GC(266) Metaspace: 6302K(6528K)->6302K(6528K) NonClass: 5769K(5888K)->5769K(5888K) Class: 533K(640K)->533K(640K)
[32.102s][info][gc             ] GC(266) Pause Young (Allocation Failure) 4979M->4979M(5405M) 98.758ms
[32.102s][info][gc,cpu         ] GC(266) User=0.64s Sys=0.02s Real=0.10s
[32.191s][info][gc,start       ] GC(267) Pause Young (Allocation Failure)
[32.288s][info][gc,heap        ] GC(267) PSYoungGen: 166144K(294400K)->83200K(281600K) Eden: 82944K(82944K)->0K(91648K) From: 83200K(211456K)->83200K(189952K)
[32.288s][info][gc,heap        ] GC(267) ParOldGen: 5016244K(5240320K)->5099940K(5240320K)
[32.288s][info][gc,metaspace   ] GC(267) Metaspace: 6302K(6528K)->6302K(6528K) NonClass: 5769K(5888K)->5769K(5888K) Class: 533K(640K)->533K(640K)
[32.288s][info][gc             ] GC(267) Pause Young (Allocation Failure) 5060M->5061M(5392M) 97.228ms
[32.288s][info][gc,cpu         ] GC(267) User=0.56s Sys=0.08s Real=0.10s
[32.393s][info][gc,start       ] GC(268) Pause Young (Allocation Failure)
[32.507s][info][gc,heap        ] GC(268) PSYoungGen: 174848K(281600K)->91936K(288768K) Eden: 91648K(91648K)->0K(91648K) From: 83200K(189952K)->91936K(197120K)
[32.507s][info][gc,heap        ] GC(268) ParOldGen: 5099940K(5240320K)->5183644K(5240320K)
[32.507s][info][gc,metaspace   ] GC(268) Metaspace: 6302K(6528K)->6302K(6528K) NonClass: 5769K(5888K)->5769K(5888K) Class: 533K(640K)->533K(640K)
[32.507s][info][gc             ] GC(268) Pause Young (Allocation Failure) 5151M->5151M(5399M) 113.932ms
[32.507s][info][gc,cpu         ] GC(268) User=0.58s Sys=0.06s Real=0.11s
[32.507s][info][gc,start       ] GC(269) Pause Full (Ergonomics)
[32.507s][info][gc,phases,start] GC(269) Marking Phase
[33.706s][info][gc,phases      ] GC(269) Marking Phase 1198.581ms
[33.706s][info][gc,phases,start] GC(269) Summary Phase
[33.706s][info][gc,phases      ] GC(269) Summary Phase 0.068ms
[33.706s][info][gc,phases,start] GC(269) Adjust Roots
[33.706s][info][gc,phases      ] GC(269) Adjust Roots 0.189ms
[33.706s][info][gc,phases,start] GC(269) Compaction Phase
[34.172s][info][gc,phases      ] GC(269) Compaction Phase 465.991ms
[34.172s][info][gc,phases,start] GC(269) Post Compact
[34.181s][info][gc,phases      ] GC(269) Post Compact 8.716ms
[34.183s][info][gc,heap        ] GC(269) PSYoungGen: 91936K(288768K)->30808K(288768K) Eden: 0K(91648K)->0K(91648K) From: 91936K(197120K)->30808K(197120K)
[34.183s][info][gc,heap        ] GC(269) ParOldGen: 5183644K(5240320K)->5240070K(5815296K)
[34.183s][info][gc,metaspace   ] GC(269) Metaspace: 6302K(6528K)->6302K(6528K) NonClass: 5769K(5888K)->5769K(5888K) Class: 533K(640K)->533K(640K)
[34.183s][info][gc             ] GC(269) Pause Full (Ergonomics) 5151M->5147M(5961M) 1675.761ms
[34.183s][info][gc,cpu         ] GC(269) User=12.61s Sys=0.05s Real=1.68s
[34.282s][info][gc,start       ] GC(270) Pause Young (Allocation Failure)
[34.589s][info][gc,heap        ] GC(270) PSYoungGen: 122456K(288768K)->91904K(271872K) Eden: 91648K(91648K)->0K(99840K) From: 30808K(197120K)->91904K(172032K)
[34.589s][info][gc,heap        ] GC(270) ParOldGen: 5240070K(5815296K)->5271198K(5815296K)
[34.589s][info][gc,metaspace   ] GC(270) Metaspace: 6302K(6528K)->6302K(6528K) NonClass: 5769K(5888K)->5769K(5888K) Class: 533K(640K)->533K(640K)
[34.589s][info][gc             ] GC(270) Pause Young (Allocation Failure) 5236M->5237M(5944M) 306.887ms
[34.589s][info][gc,cpu         ] GC(270) User=1.72s Sys=0.03s Real=0.31s
[34.701s][info][gc,start       ] GC(271) Pause Young (Allocation Failure)
[34.809s][info][gc,heap        ] GC(271) PSYoungGen: 191744K(271872K)->181248K(281088K) Eden: 99840K(99840K)->0K(99840K) From: 91904K(172032K)->181248K(181248K)
[34.809s][info][gc,heap        ] GC(271) ParOldGen: 5271198K(5815296K)->5281878K(5815296K)
[34.809s][info][gc,metaspace   ] GC(271) Metaspace: 6302K(6528K)->6302K(6528K) NonClass: 5769K(5888K)->5769K(5888K) Class: 533K(640K)->533K(640K)
[34.809s][info][gc             ] GC(271) Pause Young (Allocation Failure) 5334M->5335M(5953M) 108.734ms
[34.809s][info][gc,cpu         ] GC(271) User=0.69s Sys=0.06s Real=0.11s
[34.926s][info][gc,start       ] GC(272) Pause Young (Allocation Failure)
[35.098s][info][gc,heap        ] GC(272) PSYoungGen: 281088K(281088K)->100160K(300032K) Eden: 99840K(99840K)->0K(109568K) From: 181248K(181248K)->100160K(190464K)
[35.098s][info][gc,heap        ] GC(272) ParOldGen: 5281878K(5815296K)->5464414K(5815296K)
[35.098s][info][gc,metaspace   ] GC(272) Metaspace: 6302K(6528K)->6302K(6528K) NonClass: 5769K(5888K)->5769K(5888K) Class: 533K(640K)->533K(640K)
[35.098s][info][gc             ] GC(272) Pause Young (Allocation Failure) 5432M->5434M(5972M) 171.316ms
[35.098s][info][gc,cpu         ] GC(272) User=1.11s Sys=0.16s Real=0.17s
[35.221s][info][gc,start       ] GC(273) Pause Young (Allocation Failure)
[35.342s][info][gc,heap        ] GC(273) PSYoungGen: 209728K(300032K)->198656K(308224K) Eden: 109568K(109568K)->0K(109568K) From: 100160K(190464K)->198656K(198656K)
[35.342s][info][gc,heap        ] GC(273) ParOldGen: 5464414K(5815296K)->5475654K(5815296K)
[35.342s][info][gc,metaspace   ] GC(273) Metaspace: 6302K(6528K)->6302K(6528K) NonClass: 5769K(5888K)->5769K(5888K) Class: 533K(640K)->533K(640K)
[35.342s][info][gc             ] GC(273) Pause Young (Allocation Failure) 5541M->5541M(5980M) 120.739ms
[35.342s][info][gc,cpu         ] GC(273) User=0.80s Sys=0.00s Real=0.12s
[36.772s][info][gc,start       ] GC(274) Pause Full (Ergonomics)
[36.772s][info][gc,phases,start] GC(274) Marking Phase
[38.079s][info][gc,phases      ] GC(274) Marking Phase 1306.982ms
[38.079s][info][gc,phases,start] GC(274) Summary Phase
[38.079s][info][gc,phases      ] GC(274) Summary Phase 0.085ms
[38.079s][info][gc,phases,start] GC(274) Adjust Roots
[38.080s][info][gc,phases      ] GC(274) Adjust Roots 0.228ms
[38.080s][info][gc,phases,start] GC(274) Compaction Phase
[38.998s][info][gc,phases      ] GC(274) Compaction Phase 917.886ms
[38.998s][info][gc,phases,start] GC(274) Post Compact
[39.008s][info][gc,phases      ] GC(274) Post Compact 10.271ms
[39.011s][info][gc,heap        ] GC(274) PSYoungGen: 308224K(308224K)->97038K(308224K) Eden: 109568K(109568K)->0K(109568K) From: 198656K(198656K)->97038K(198656K)
[39.011s][info][gc,heap        ] GC(274) ParOldGen: 5737799K(5815296K)->5815213K(6475776K)
[39.011s][info][gc,metaspace   ] GC(274) Metaspace: 6302K(6528K)->6302K(6528K) NonClass: 5769K(5888K)->5769K(5888K) Class: 533K(640K)->533K(640K)
[39.011s][info][gc             ] GC(274) Pause Full (Ergonomics) 5904M->5773M(6625M) 2238.606ms
[39.011s][info][gc,cpu         ] GC(274) User=15.31s Sys=0.09s Real=2.24s
[39.124s][info][gc,start       ] GC(275) Pause Young (Allocation Failure)
[39.454s][info][gc,heap        ] GC(275) PSYoungGen: 206606K(308224K)->109888K(326656K) Eden: 109568K(109568K)->0K(119296K) From: 97038K(198656K)->109888K(207360K)
[39.454s][info][gc,heap        ] GC(275) ParOldGen: 5815213K(6475776K)->5913165K(6475776K)
[39.454s][info][gc,metaspace   ] GC(275) Metaspace: 6302K(6528K)->6302K(6528K) NonClass: 5769K(5888K)->5769K(5888K) Class: 533K(640K)->533K(640K)
[39.454s][info][gc             ] GC(275) Pause Young (Allocation Failure) 5880M->5881M(6643M) 329.784ms
[39.454s][info][gc,cpu         ] GC(275) User=2.05s Sys=0.06s Real=0.33s
[39.581s][info][gc,start       ] GC(276) Pause Young (Allocation Failure)
[39.718s][info][gc,heap        ] GC(276) PSYoungGen: 229184K(326656K)->218112K(337408K) Eden: 119296K(119296K)->0K(119296K) From: 109888K(207360K)->218112K(218112K)
[39.718s][info][gc,heap        ] GC(276) ParOldGen: 5913165K(6475776K)->5924461K(6475776K)
[39.718s][info][gc,metaspace   ] GC(276) Metaspace: 6302K(6528K)->6302K(6528K) NonClass: 5769K(5888K)->5769K(5888K) Class: 533K(640K)->533K(640K)
[39.718s][info][gc             ] GC(276) Pause Young (Allocation Failure) 5998M->5998M(6653M) 137.146ms
[39.718s][info][gc,cpu         ] GC(276) User=0.59s Sys=0.00s Real=0.14s
[39.846s][info][gc,start       ] GC(277) Pause Young (Allocation Failure)
[40.015s][info][gc,heap        ] GC(277) PSYoungGen: 337408K(337408K)->119680K(359424K) Eden: 119296K(119296K)->0K(130560K) From: 218112K(218112K)->119680K(228864K)
[40.015s][info][gc,heap        ] GC(277) ParOldGen: 5924461K(6475776K)->6144085K(6475776K)
[40.015s][info][gc,metaspace   ] GC(277) Metaspace: 6302K(6528K)->6302K(6528K) NonClass: 5769K(5888K)->5769K(5888K) Class: 533K(640K)->533K(640K)
[40.015s][info][gc             ] GC(277) Pause Young (Allocation Failure) 6115M->6116M(6675M) 169.528ms
[40.015s][info][gc,cpu         ] GC(277) User=1.12s Sys=0.14s Real=0.17s
[40.150s][info][gc,start       ] GC(278) Pause Young (Allocation Failure)
[40.293s][info][gc,heap        ] GC(278) PSYoungGen: 250240K(359424K)->239104K(369664K) Eden: 130560K(130560K)->0K(130560K) From: 119680K(228864K)->239104K(239104K)
[40.293s][info][gc,heap        ] GC(278) ParOldGen: 6144085K(6475776K)->6155437K(6475776K)
[40.293s][info][gc,metaspace   ] GC(278) Metaspace: 6302K(6528K)->6302K(6528K) NonClass: 5769K(5888K)->5769K(5888K) Class: 533K(640K)->533K(640K)
[40.293s][info][gc             ] GC(278) Pause Young (Allocation Failure) 6244M->6244M(6685M) 142.525ms
[40.293s][info][gc,cpu         ] GC(278) User=0.72s Sys=0.00s Real=0.14s
[40.438s][info][gc,start       ] GC(279) Pause Young (Allocation Failure)
[40.629s][info][gc,heap        ] GC(279) PSYoungGen: 369664K(369664K)->130944K(394240K) Eden: 130560K(130560K)->0K(143872K) From: 239104K(239104K)->130944K(250368K)
[40.629s][info][gc,heap        ] GC(279) ParOldGen: 6155437K(6475776K)->6396237K(6475776K)
[40.629s][info][gc,metaspace   ] GC(279) Metaspace: 6302K(6528K)->6302K(6528K) NonClass: 5769K(5888K)->5769K(5888K) Class: 533K(640K)->533K(640K)
[40.629s][info][gc             ] GC(279) Pause Young (Allocation Failure) 6372M->6374M(6709M) 190.524ms
[40.629s][info][gc,cpu         ] GC(279) User=1.17s Sys=0.20s Real=0.19s
[40.629s][info][gc,start       ] GC(280) Pause Full (Ergonomics)
[40.629s][info][gc,phases,start] GC(280) Marking Phase
[42.091s][info][gc,phases      ] GC(280) Marking Phase 1461.907ms
[42.091s][info][gc,phases,start] GC(280) Summary Phase
[42.091s][info][gc,phases      ] GC(280) Summary Phase 0.140ms
[42.091s][info][gc,phases,start] GC(280) Adjust Roots
[42.091s][info][gc,phases      ] GC(280) Adjust Roots 0.329ms
[42.091s][info][gc,phases,start] GC(280) Compaction Phase
[42.773s][info][gc,phases      ] GC(280) Compaction Phase 682.089ms
[42.773s][info][gc,phases,start] GC(280) Post Compact
[42.783s][info][gc,phases      ] GC(280) Post Compact 9.528ms
[42.786s][info][gc,heap        ] GC(280) PSYoungGen: 130944K(394240K)->45696K(405504K) Eden: 0K(143872K)->0K(155136K) From: 130944K(250368K)->45696K(250368K)
[42.786s][info][gc,heap        ] GC(280) ParOldGen: 6396237K(6475776K)->6475664K(7284224K)
[42.786s][info][gc,metaspace   ] GC(280) Metaspace: 6302K(6528K)->6302K(6528K) NonClass: 5769K(5888K)->5769K(5888K) Class: 533K(640K)->533K(640K)
[42.786s][info][gc             ] GC(280) Pause Full (Ergonomics) 6374M->6368M(7509M) 2156.929ms
[42.786s][info][gc,cpu         ] GC(280) User=15.17s Sys=0.09s Real=2.16s
[42.952s][info][gc,start       ] GC(281) Pause Young (Allocation Failure)
[43.303s][info][gc,heap        ] GC(281) PSYoungGen: 200832K(405504K)->155552K(416768K) Eden: 155136K(155136K)->0K(155136K) From: 45696K(250368K)->155552K(261632K)
[43.303s][info][gc,heap        ] GC(281) ParOldGen: 6475664K(7284224K)->6521816K(7284224K)
[43.303s][info][gc,metaspace   ] GC(281) Metaspace: 6302K(6528K)->6302K(6528K) NonClass: 5769K(5888K)->5769K(5888K) Class: 533K(640K)->533K(640K)
[43.304s][info][gc             ] GC(281) Pause Young (Allocation Failure) 6520M->6520M(7520M) 351.055ms
[43.304s][info][gc,cpu         ] GC(281) User=2.52s Sys=0.02s Real=0.35s
[43.479s][info][gc,start       ] GC(282) Pause Young (Allocation Failure)
[43.644s][info][gc,heap        ] GC(282) PSYoungGen: 310688K(416768K)->255488K(372736K) Eden: 155136K(155136K)->0K(117248K) From: 155552K(261632K)->255488K(255488K)
[43.644s][info][gc,heap        ] GC(282) ParOldGen: 6521816K(7284224K)->6577600K(7284224K)
[43.644s][info][gc,metaspace   ] GC(282) Metaspace: 6302K(6528K)->6302K(6528K) NonClass: 5769K(5888K)->5769K(5888K) Class: 533K(640K)->533K(640K)
[43.644s][info][gc             ] GC(282) Pause Young (Allocation Failure) 6672M->6672M(7477M) 164.419ms
[43.644s][info][gc,cpu         ] GC(282) User=1.02s Sys=0.14s Real=0.16s
[43.777s][info][gc,start       ] GC(283) Pause Young (Allocation Failure)
[43.971s][info][gc,heap        ] GC(283) PSYoungGen: 372736K(372736K)->117568K(424448K) Eden: 117248K(117248K)->0K(117248K) From: 255488K(255488K)->117568K(307200K)
[43.972s][info][gc,heap        ] GC(283) ParOldGen: 6577600K(7284224K)->6834936K(7284224K)
[43.972s][info][gc,metaspace   ] GC(283) Metaspace: 6302K(6528K)->6302K(6528K) NonClass: 5769K(5888K)->5769K(5888K) Class: 533K(640K)->533K(640K)
[43.972s][info][gc             ] GC(283) Pause Young (Allocation Failure) 6787M->6789M(7528M) 194.641ms
[43.972s][info][gc,cpu         ] GC(283) User=1.22s Sys=0.17s Real=0.19s
[44.090s][info][gc,start       ] GC(284) Pause Young (Allocation Failure)
[44.230s][info][gc,heap        ] GC(284) PSYoungGen: 234816K(424448K)->235072K(411648K) Eden: 117248K(117248K)->0K(112640K) From: 117568K(307200K)->235072K(299008K)
[44.230s][info][gc,heap        ] GC(284) ParOldGen: 6834936K(7284224K)->6834936K(7284224K)
[44.230s][info][gc,metaspace   ] GC(284) Metaspace: 6302K(6528K)->6302K(6528K) NonClass: 5769K(5888K)->5769K(5888K) Class: 533K(640K)->533K(640K)
[44.230s][info][gc             ] GC(284) Pause Young (Allocation Failure) 6904M->6904M(7515M) 140.268ms
[44.230s][info][gc,cpu         ] GC(284) User=0.66s Sys=0.00s Real=0.14s
[44.350s][info][gc,start       ] GC(285) Pause Young (Allocation Failure)
[44.526s][info][gc,heap        ] GC(285) PSYoungGen: 347712K(411648K)->314880K(427520K) Eden: 112640K(112640K)->0K(112640K) From: 235072K(299008K)->314880K(314880K)
[44.526s][info][gc,heap        ] GC(285) ParOldGen: 6834936K(7284224K)->6868120K(7284224K)
[44.526s][info][gc,metaspace   ] GC(285) Metaspace: 6302K(6528K)->6302K(6528K) NonClass: 5769K(5888K)->5769K(5888K) Class: 533K(640K)->533K(640K)
[44.526s][info][gc             ] GC(285) Pause Young (Allocation Failure) 7014M->7014M(7531M) 175.907ms
[44.526s][info][gc,cpu         ] GC(285) User=0.84s Sys=0.00s Real=0.18s
[44.637s][info][gc,start       ] GC(286) Pause Young (Allocation Failure)
[44.843s][info][gc,heap        ] GC(286) PSYoungGen: 427520K(427520K)->209888K(478720K) Eden: 112640K(112640K)->0K(125440K) From: 314880K(314880K)->209888K(353280K)
[44.843s][info][gc,heap        ] GC(286) ParOldGen: 6868120K(7284224K)->7087704K(7284224K)
[44.843s][info][gc,metaspace   ] GC(286) Metaspace: 6302K(6528K)->6302K(6528K) NonClass: 5769K(5888K)->5769K(5888K) Class: 533K(640K)->533K(640K)
[44.843s][info][gc             ] GC(286) Pause Young (Allocation Failure) 7124M->7126M(7581M) 206.741ms
[44.843s][info][gc,cpu         ] GC(286) User=1.39s Sys=0.12s Real=0.21s
[44.844s][info][gc,start       ] GC(287) Pause Full (Ergonomics)
[44.844s][info][gc,phases,start] GC(287) Marking Phase
[46.469s][info][gc,phases      ] GC(287) Marking Phase 1625.205ms
[46.469s][info][gc,phases,start] GC(287) Summary Phase
[46.469s][info][gc,phases      ] GC(287) Summary Phase 0.135ms
[46.469s][info][gc,phases,start] GC(287) Adjust Roots
[46.469s][info][gc,phases      ] GC(287) Adjust Roots 0.270ms
[46.469s][info][gc,phases,start] GC(287) Compaction Phase
[47.172s][info][gc,phases      ] GC(287) Compaction Phase 703.065ms
[47.172s][info][gc,phases,start] GC(287) Post Compact
[47.184s][info][gc,phases      ] GC(287) Post Compact 11.162ms
[47.187s][info][gc,heap        ] GC(287) PSYoungGen: 209888K(478720K)->7474K(485888K) Eden: 0K(125440K)->0K(132608K) From: 209888K(353280K)->7474K(353280K)
[47.187s][info][gc,heap        ] GC(287) ParOldGen: 7087704K(7284224K)->7283750K(8188928K)
[47.187s][info][gc,metaspace   ] GC(287) Metaspace: 6302K(6528K)->6302K(6528K) NonClass: 5769K(5888K)->5769K(5888K) Class: 533K(640K)->533K(640K)
[47.187s][info][gc             ] GC(287) Pause Full (Ergonomics) 7126M->7120M(8471M) 2343.736ms
[47.187s][info][gc,cpu         ] GC(287) User=17.06s Sys=0.11s Real=2.35s
[47.331s][info][gc,start       ] GC(288) Pause Young (Allocation Failure)
[47.710s][info][gc,heap        ] GC(288) PSYoungGen: 140082K(485888K)->140480K(493056K) Eden: 132608K(132608K)->0K(132608K) From: 7474K(353280K)->140480K(360448K)
[47.710s][info][gc,heap        ] GC(288) ParOldGen: 7283750K(8188928K)->7283750K(8188928K)
[47.710s][info][gc,metaspace   ] GC(288) Metaspace: 6302K(6528K)->6302K(6528K) NonClass: 5769K(5888K)->5769K(5888K) Class: 533K(640K)->533K(640K)
[47.710s][info][gc             ] GC(288) Pause Young (Allocation Failure) 7249M->7250M(8478M) 379.428ms
[47.710s][info][gc,cpu         ] GC(288) User=2.61s Sys=0.00s Real=0.38s
[47.844s][info][gc,start       ] GC(289) Pause Young (Allocation Failure)
[47.996s][info][gc,heap        ] GC(289) PSYoungGen: 273088K(493056K)->273376K(477184K) Eden: 132608K(132608K)->0K(126976K) From: 140480K(360448K)->273376K(350208K)
[47.996s][info][gc,heap        ] GC(289) ParOldGen: 7283750K(8188928K)->7283750K(8188928K)
[47.996s][info][gc,metaspace   ] GC(289) Metaspace: 6302K(6528K)->6302K(6528K) NonClass: 5769K(5888K)->5769K(5888K) Class: 533K(640K)->533K(640K)
[47.996s][info][gc             ] GC(289) Pause Young (Allocation Failure) 7379M->7380M(8463M) 152.234ms
[47.996s][info][gc,cpu         ] GC(289) User=0.73s Sys=0.00s Real=0.15s
[48.132s][info][gc,start       ] GC(290) Pause Young (Allocation Failure)
[48.328s][info][gc,heap        ] GC(290) PSYoungGen: 400352K(477184K)->368128K(495104K) Eden: 126976K(126976K)->0K(126976K) From: 273376K(350208K)->368128K(368128K)
[48.329s][info][gc,heap        ] GC(290) ParOldGen: 7283750K(8188928K)->7316326K(8188928K)
[48.329s][info][gc,metaspace   ] GC(290) Metaspace: 6302K(6528K)->6302K(6528K) NonClass: 5769K(5888K)->5769K(5888K) Class: 533K(640K)->533K(640K)
[48.329s][info][gc             ] GC(290) Pause Young (Allocation Failure) 7504M->7504M(8480M) 196.946ms
[48.329s][info][gc,cpu         ] GC(290) User=1.48s Sys=0.02s Real=0.20s
[48.464s][info][gc,start       ] GC(291) Pause Young (Allocation Failure)
[48.731s][info][gc,heap        ] GC(291) PSYoungGen: 495104K(495104K)->373856K(529408K) Eden: 126976K(126976K)->0K(100864K) From: 368128K(368128K)->373856K(428544K)
[48.731s][info][gc,heap        ] GC(291) ParOldGen: 7316326K(8188928K)->7438782K(8188928K)
[48.731s][info][gc,metaspace   ] GC(291) Metaspace: 6302K(6528K)->6302K(6528K) NonClass: 5769K(5888K)->5769K(5888K) Class: 533K(640K)->533K(640K)
[48.731s][info][gc             ] GC(291) Pause Young (Allocation Failure) 7628M->7629M(8514M) 266.791ms
[48.731s][info][gc,cpu         ] GC(291) User=1.81s Sys=0.16s Real=0.27s
[48.845s][info][gc,start       ] GC(292) Pause Young (Allocation Failure)
[49.094s][info][gc,heap        ] GC(292) PSYoungGen: 474720K(529408K)->352160K(568320K) Eden: 100864K(100864K)->0K(100864K) From: 373856K(428544K)->352160K(467456K)
[49.094s][info][gc,heap        ] GC(292) ParOldGen: 7438782K(8188928K)->7562398K(8188928K)
[49.094s][info][gc,metaspace   ] GC(292) Metaspace: 6302K(6528K)->6302K(6528K) NonClass: 5769K(5888K)->5769K(5888K) Class: 533K(640K)->533K(640K)
[49.094s][info][gc             ] GC(292) Pause Young (Allocation Failure) 7728M->7729M(8552M) 249.637ms
[49.094s][info][gc,cpu         ] GC(292) User=1.80s Sys=0.06s Real=0.25s
[49.201s][info][gc,start       ] GC(293) Pause Young (Allocation Failure)
[49.434s][info][gc,heap        ] GC(293) PSYoungGen: 453024K(568320K)->329472K(593920K) Eden: 100864K(100864K)->0K(103936K) From: 352160K(467456K)->329472K(489984K)
[49.434s][info][gc,heap        ] GC(293) ParOldGen: 7562398K(8188928K)->7687054K(8188928K)
[49.434s][info][gc,metaspace   ] GC(293) Metaspace: 6302K(6528K)->6302K(6528K) NonClass: 5769K(5888K)->5769K(5888K) Class: 533K(640K)->533K(640K)
[49.434s][info][gc             ] GC(293) Pause Young (Allocation Failure) 7827M->7828M(8577M) 233.458ms
[49.434s][info][gc,cpu         ] GC(293) User=1.50s Sys=0.19s Real=0.23s
[49.544s][info][gc,start       ] GC(294) Pause Young (Allocation Failure)
[49.775s][info][gc,heap        ] GC(294) PSYoungGen: 433408K(593920K)->205376K(309760K) Eden: 103936K(103936K)->0K(103936K) From: 329472K(489984K)->205376K(205824K)
[49.775s][info][gc,heap        ] GC(294) ParOldGen: 7687054K(8188928K)->7916926K(8188928K)
[49.775s][info][gc,metaspace   ] GC(294) Metaspace: 6302K(6528K)->6302K(6528K) NonClass: 5769K(5888K)->5769K(5888K) Class: 533K(640K)->533K(640K)
[49.775s][info][gc             ] GC(294) Pause Young (Allocation Failure) 7930M->7931M(8299M) 230.999ms
[49.775s][info][gc,cpu         ] GC(294) User=1.42s Sys=0.22s Real=0.23s
[49.775s][info][gc,start       ] GC(295) Pause Full (Ergonomics)
[49.775s][info][gc,phases,start] GC(295) Marking Phase
[51.621s][info][gc,phases      ] GC(295) Marking Phase 1846.324ms
[51.621s][info][gc,phases,start] GC(295) Summary Phase
[51.621s][info][gc,phases      ] GC(295) Summary Phase 0.126ms
[51.621s][info][gc,phases,start] GC(295) Adjust Roots
[51.622s][info][gc,phases      ] GC(295) Adjust Roots 0.233ms
[51.622s][info][gc,phases,start] GC(295) Compaction Phase
[52.415s][info][gc,phases      ] GC(295) Compaction Phase 793.510ms
[52.415s][info][gc,phases,start] GC(295) Post Compact
[52.429s][info][gc,phases      ] GC(295) Post Compact 14.119ms
[52.432s][info][gc,heap        ] GC(295) PSYoungGen: 205376K(309760K)->0K(598016K) Eden: 0K(103936K)->0K(117248K) From: 205376K(205824K)->0K(480768K)
[52.432s][info][gc,heap        ] GC(295) ParOldGen: 7916926K(8188928K)->8115839K(9082368K)
[52.432s][info][gc,metaspace   ] GC(295) Metaspace: 6302K(6528K)->6302K(6528K) NonClass: 5769K(5888K)->5769K(5888K) Class: 533K(640K)->533K(640K)
[52.432s][info][gc             ] GC(295) Pause Full (Ergonomics) 7931M->7925M(9453M) 2657.303ms
[52.432s][info][gc,cpu         ] GC(295) User=19.23s Sys=0.17s Real=2.66s
[52.552s][info][gc,start       ] GC(296) Pause Young (Allocation Failure)
[52.649s][info][gc,heap        ] GC(296) PSYoungGen: 117248K(598016K)->117632K(598016K) Eden: 117248K(117248K)->0K(117248K) From: 0K(480768K)->117632K(480768K)
[52.649s][info][gc,heap        ] GC(296) ParOldGen: 8115839K(9082368K)->8115839K(9082368K)
[52.649s][info][gc,metaspace   ] GC(296) Metaspace: 6302K(6528K)->6302K(6528K) NonClass: 5769K(5888K)->5769K(5888K) Class: 533K(640K)->533K(640K)
[52.649s][info][gc             ] GC(296) Pause Young (Allocation Failure) 8040M->8040M(9453M) 97.500ms
[52.649s][info][gc,cpu         ] GC(296) User=0.39s Sys=0.00s Real=0.10s
[52.781s][info][gc,start       ] GC(297) Pause Young (Allocation Failure)
[52.916s][info][gc,heap        ] GC(297) PSYoungGen: 234880K(598016K)->235104K(561664K) Eden: 117248K(117248K)->0K(129024K) From: 117632K(480768K)->235104K(432640K)
[52.916s][info][gc,heap        ] GC(297) ParOldGen: 8115839K(9082368K)->8115839K(9082368K)
[52.916s][info][gc,metaspace   ] GC(297) Metaspace: 6302K(6528K)->6302K(6528K) NonClass: 5769K(5888K)->5769K(5888K) Class: 533K(640K)->533K(640K)
[52.916s][info][gc             ] GC(297) Pause Young (Allocation Failure) 8154M->8155M(9418M) 135.740ms
[52.916s][info][gc,cpu         ] GC(297) User=0.66s Sys=0.00s Real=0.14s
[53.042s][info][gc,start       ] GC(298) Pause Young (Allocation Failure)
[53.226s][info][gc,heap        ] GC(298) PSYoungGen: 364128K(561664K)->246912K(376320K) Eden: 129024K(129024K)->0K(129024K) From: 235104K(432640K)->246912K(247296K)
[53.226s][info][gc,heap        ] GC(298) ParOldGen: 8115839K(9082368K)->8234151K(9082368K)
[53.226s][info][gc,metaspace   ] GC(298) Metaspace: 6302K(6528K)->6302K(6528K) NonClass: 5769K(5888K)->5769K(5888K) Class: 533K(640K)->533K(640K)
[53.227s][info][gc             ] GC(298) Pause Young (Allocation Failure) 8281M->8282M(9237M) 184.378ms
[53.227s][info][gc,cpu         ] GC(298) User=1.19s Sys=0.06s Real=0.18s
[53.365s][info][gc,start       ] GC(299) Pause Young (Allocation Failure)
[53.560s][info][gc,heap        ] GC(299) PSYoungGen: 375936K(376320K)->258720K(559104K) Eden: 129024K(129024K)->0K(142848K) From: 246912K(247296K)->258720K(416256K)
[53.560s][info][gc,heap        ] GC(299) ParOldGen: 8234151K(9082368K)->8352439K(9082368K)
[53.560s][info][gc,metaspace   ] GC(299) Metaspace: 6302K(6528K)->6302K(6528K) NonClass: 5769K(5888K)->5769K(5888K) Class: 533K(640K)->533K(640K)
[53.560s][info][gc             ] GC(299) Pause Young (Allocation Failure) 8408M->8409M(9415M) 194.736ms
[53.560s][info][gc,cpu         ] GC(299) User=1.11s Sys=0.06s Real=0.20s
[53.713s][info][gc,start       ] GC(300) Pause Young (Allocation Failure)
[53.935s][info][gc,heap        ] GC(300) PSYoungGen: 401568K(559104K)->272576K(570368K) Eden: 142848K(142848K)->0K(142848K) From: 258720K(416256K)->272576K(427520K)
[53.935s][info][gc,heap        ] GC(300) ParOldGen: 8352439K(9082368K)->8482639K(9082368K)
[53.935s][info][gc,metaspace   ] GC(300) Metaspace: 6302K(6528K)->6302K(6528K) NonClass: 5769K(5888K)->5769K(5888K) Class: 533K(640K)->533K(640K)
[53.935s][info][gc             ] GC(300) Pause Young (Allocation Failure) 8548M->8550M(9426M) 221.895ms
[53.935s][info][gc,cpu         ] GC(300) User=1.64s Sys=0.12s Real=0.22s
[54.089s][info][gc,start       ] GC(301) Pause Young (Allocation Failure)
[54.321s][info][gc,heap        ] GC(301) PSYoungGen: 415424K(570368K)->286400K(580096K) Eden: 142848K(142848K)->0K(159232K) From: 272576K(427520K)->286400K(420864K)
[54.321s][info][gc,heap        ] GC(301) ParOldGen: 8482639K(9082368K)->8612823K(9082368K)
[54.321s][info][gc,metaspace   ] GC(301) Metaspace: 6302K(6528K)->6302K(6528K) NonClass: 5769K(5888K)->5769K(5888K) Class: 533K(640K)->533K(640K)
[54.321s][info][gc             ] GC(301) Pause Young (Allocation Failure) 8689M->8690M(9436M) 232.247ms
[54.321s][info][gc,cpu         ] GC(301) User=1.50s Sys=0.16s Real=0.23s
[54.494s][info][gc,start       ] GC(302) Pause Young (Allocation Failure)
[54.746s][info][gc,heap        ] GC(302) PSYoungGen: 445632K(580096K)->302752K(580608K) Eden: 159232K(159232K)->0K(159232K) From: 286400K(420864K)->302752K(421376K)
[54.746s][info][gc,heap        ] GC(302) ParOldGen: 8612823K(9082368K)->8756943K(9082368K)
[54.746s][info][gc,metaspace   ] GC(302) Metaspace: 6302K(6528K)->6302K(6528K) NonClass: 5769K(5888K)->5769K(5888K) Class: 533K(640K)->533K(640K)
[54.746s][info][gc             ] GC(302) Pause Young (Allocation Failure) 8846M->8847M(9436M) 251.411ms
[54.746s][info][gc,cpu         ] GC(302) User=1.59s Sys=0.00s Real=0.25s
[54.933s][info][gc,start       ] GC(303) Pause Young (Allocation Failure)
[55.198s][info][gc,heap        ] GC(303) PSYoungGen: 461984K(580608K)->319264K(594944K) Eden: 159232K(159232K)->0K(169472K) From: 302752K(421376K)->319264K(425472K)
[55.198s][info][gc,heap        ] GC(303) ParOldGen: 8756943K(9082368K)->8901079K(9082368K)
[55.198s][info][gc,metaspace   ] GC(303) Metaspace: 6302K(6528K)->6302K(6528K) NonClass: 5769K(5888K)->5769K(5888K) Class: 533K(640K)->533K(640K)
[55.198s][info][gc             ] GC(303) Pause Young (Allocation Failure) 9002M->9004M(9450M) 264.874ms
[55.198s][info][gc,cpu         ] GC(303) User=1.81s Sys=0.08s Real=0.27s
[55.198s][info][gc,start       ] GC(304) Pause Full (Ergonomics)
[55.198s][info][gc,phases,start] GC(304) Marking Phase
[57.331s][info][gc,phases      ] GC(304) Marking Phase 2132.847ms
[57.331s][info][gc,phases,start] GC(304) Summary Phase
[57.331s][info][gc,phases      ] GC(304) Summary Phase 0.098ms
[57.331s][info][gc,phases,start] GC(304) Adjust Roots
[57.331s][info][gc,phases      ] GC(304) Adjust Roots 0.186ms
[57.331s][info][gc,phases,start] GC(304) Compaction Phase
[58.200s][info][gc,phases      ] GC(304) Compaction Phase 869.398ms
[58.201s][info][gc,phases,start] GC(304) Post Compact
[58.215s][info][gc,phases      ] GC(304) Post Compact 14.351ms
[58.218s][info][gc,heap        ] GC(304) PSYoungGen: 319264K(594944K)->130345K(594944K) Eden: 0K(169472K)->0K(169472K) From: 319264K(425472K)->130345K(425472K)
[58.218s][info][gc,heap        ] GC(304) ParOldGen: 8901079K(9082368K)->9081940K(10081792K)
[58.218s][info][gc,metaspace   ] GC(304) Metaspace: 6302K(6528K)->6302K(6528K) NonClass: 5769K(5888K)->5769K(5888K) Class: 533K(640K)->533K(640K)
[58.218s][info][gc             ] GC(304) Pause Full (Ergonomics) 9004M->8996M(10426M) 3020.299ms
[58.218s][info][gc,cpu         ] GC(304) User=21.91s Sys=0.14s Real=3.02s
[58.402s][info][gc,start       ] GC(305) Pause Young (Allocation Failure)
[59.006s][info][gc,heap        ] GC(305) PSYoungGen: 299817K(594944K)->231008K(603136K) Eden: 169472K(169472K)->0K(169472K) From: 130345K(425472K)->231008K(433664K)
[59.006s][info][gc,heap        ] GC(305) ParOldGen: 9081940K(10081792K)->9152004K(10081792K)
[59.006s][info][gc,metaspace   ] GC(305) Metaspace: 6302K(6528K)->6302K(6528K) NonClass: 5769K(5888K)->5769K(5888K) Class: 533K(640K)->533K(640K)
[59.006s][info][gc             ] GC(305) Pause Young (Allocation Failure) 9161M->9163M(10434M) 603.510ms
[59.006s][info][gc,cpu         ] GC(305) User=3.81s Sys=0.03s Real=0.60s
[59.187s][info][gc,start       ] GC(306) Pause Young (Allocation Failure)
[59.425s][info][gc,heap        ] GC(306) PSYoungGen: 400480K(603136K)->400800K(568320K) Eden: 169472K(169472K)->0K(147968K) From: 231008K(433664K)->400800K(420352K)
[59.425s][info][gc,heap        ] GC(306) ParOldGen: 9152004K(10081792K)->9152004K(10081792K)
[59.425s][info][gc,metaspace   ] GC(306) Metaspace: 6302K(6528K)->6302K(6528K) NonClass: 5769K(5888K)->5769K(5888K) Class: 533K(640K)->533K(640K)
[59.425s][info][gc             ] GC(306) Pause Young (Allocation Failure) 9328M->9328M(10400M) 237.751ms
[59.425s][info][gc,cpu         ] GC(306) User=1.64s Sys=0.02s Real=0.24s
[59.597s][info][gc,start       ] GC(307) Pause Young (Allocation Failure)
[59.910s][info][gc,heap        ] GC(307) PSYoungGen: 548768K(568320K)->458240K(606208K) Eden: 147968K(147968K)->0K(147968K) From: 400800K(420352K)->458240K(458240K)
[59.910s][info][gc,heap        ] GC(307) ParOldGen: 9152004K(10081792K)->9243380K(10081792K)
[59.910s][info][gc,metaspace   ] GC(307) Metaspace: 6302K(6528K)->6302K(6528K) NonClass: 5769K(5888K)->5769K(5888K) Class: 533K(640K)->533K(640K)
[59.910s][info][gc             ] GC(307) Pause Young (Allocation Failure) 9473M->9474M(10437M) 312.840ms
[59.910s][info][gc,cpu         ] GC(307) User=2.19s Sys=0.11s Real=0.31s
[60.055s][info][gc,start       ] GC(308) Pause Young (Allocation Failure)
[60.418s][info][gc,heap        ] GC(308) PSYoungGen: 606208K(606208K)->289568K(663040K) Eden: 147968K(147968K)->0K(165376K) From: 458240K(458240K)->289568K(497664K)
[60.418s][info][gc,heap        ] GC(308) ParOldGen: 9243380K(10081792K)->9562684K(10081792K)
[60.418s][info][gc,metaspace   ] GC(308) Metaspace: 6302K(6528K)->6302K(6528K) NonClass: 5769K(5888K)->5769K(5888K) Class: 533K(640K)->533K(640K)
[60.418s][info][gc             ] GC(308) Pause Young (Allocation Failure) 9618M->9621M(10493M) 363.258ms
[60.418s][info][gc,cpu         ] GC(308) User=2.66s Sys=0.12s Real=0.36s
[60.603s][info][gc,start       ] GC(309) Pause Young (Allocation Failure)
[60.893s][info][gc,heap        ] GC(309) PSYoungGen: 454944K(663040K)->314048K(685056K) Eden: 165376K(165376K)->0K(165376K) From: 289568K(497664K)->314048K(519680K)
[60.893s][info][gc,heap        ] GC(309) ParOldGen: 9562684K(10081792K)->9704860K(10081792K)
[60.893s][info][gc,metaspace   ] GC(309) Metaspace: 6302K(6528K)->6302K(6528K) NonClass: 5769K(5888K)->5769K(5888K) Class: 533K(640K)->533K(640K)
[60.893s][info][gc             ] GC(309) Pause Young (Allocation Failure) 9782M->9784M(10514M) 290.201ms
[60.893s][info][gc,cpu         ] GC(309) User=2.17s Sys=0.00s Real=0.29s
[61.082s][info][gc,start       ] GC(310) Pause Young (Allocation Failure)
[61.386s][info][gc,heap        ] GC(310) PSYoungGen: 479424K(685056K)->165824K(687104K) Eden: 165376K(165376K)->0K(183296K) From: 314048K(519680K)->165824K(503808K)
[61.386s][info][gc,heap        ] GC(310) ParOldGen: 9704860K(10081792K)->10021052K(10081792K)
[61.386s][info][gc,metaspace   ] GC(310) Metaspace: 6302K(6528K)->6302K(6528K) NonClass: 5769K(5888K)->5769K(5888K) Class: 533K(640K)->533K(640K)
[61.386s][info][gc             ] GC(310) Pause Young (Allocation Failure) 9945M->9948M(10516M) 304.539ms
[61.386s][info][gc,cpu         ] GC(310) User=2.06s Sys=0.09s Real=0.30s
[61.386s][info][gc,start       ] GC(311) Pause Full (Ergonomics)
[61.386s][info][gc,phases,start] GC(311) Marking Phase
[63.832s][info][gc,phases      ] GC(311) Marking Phase 2445.833ms
[63.832s][info][gc,phases,start] GC(311) Summary Phase
[63.832s][info][gc,phases      ] GC(311) Summary Phase 0.120ms
[63.832s][info][gc,phases,start] GC(311) Adjust Roots
[63.832s][info][gc,phases      ] GC(311) Adjust Roots 0.201ms
[63.832s][info][gc,phases,start] GC(311) Compaction Phase
[64.834s][info][gc,phases      ] GC(311) Compaction Phase 1001.509ms
[64.834s][info][gc,phases,start] GC(311) Post Compact
[64.851s][info][gc,phases      ] GC(311) Post Compact 16.917ms
[64.852s][info][gc,heap        ] GC(311) PSYoungGen: 165824K(687104K)->96344K(687104K) Eden: 0K(183296K)->0K(183296K) From: 165824K(503808K)->96344K(503808K)
[64.852s][info][gc,heap        ] GC(311) ParOldGen: 10021052K(10081792K)->10081381K(10171904K)
[64.852s][info][gc,metaspace   ] GC(311) Metaspace: 6302K(6528K)->6302K(6528K) NonClass: 5769K(5888K)->5769K(5888K) Class: 533K(640K)->533K(640K)
[64.852s][info][gc             ] GC(311) Pause Full (Ergonomics) 9948M->9939M(10604M) 3465.441ms
[64.852s][info][gc,cpu         ] GC(311) User=24.75s Sys=0.03s Real=3.47s
[65.056s][info][gc,start       ] GC(312) Pause Full (Ergonomics)
[65.056s][info][gc,phases,start] GC(312) Marking Phase
[67.453s][info][gc,phases      ] GC(312) Marking Phase 2396.794ms
[67.453s][info][gc,phases,start] GC(312) Summary Phase
[67.453s][info][gc,phases      ] GC(312) Summary Phase 0.141ms
[67.453s][info][gc,phases,start] GC(312) Adjust Roots
[67.454s][info][gc,phases      ] GC(312) Adjust Roots 0.249ms
[67.454s][info][gc,phases,start] GC(312) Compaction Phase
[68.208s][info][gc,phases      ] GC(312) Compaction Phase 753.972ms
[68.208s][info][gc,phases,start] GC(312) Post Compact
[68.224s][info][gc,phases      ] GC(312) Post Compact 15.999ms
[68.224s][info][gc,heap        ] GC(312) PSYoungGen: 279640K(687104K)->189513K(687104K) Eden: 183296K(183296K)->183280K(183296K) From: 96344K(503808K)->6232K(503808K)
[68.224s][info][gc,heap        ] GC(312) ParOldGen: 10081381K(10171904K)->10171479K(10171904K)
[68.224s][info][gc,metaspace   ] GC(312) Metaspace: 6302K(6528K)->6302K(6528K) NonClass: 5769K(5888K)->5769K(5888K) Class: 533K(640K)->533K(640K)
[68.224s][info][gc             ] GC(312) Pause Full (Ergonomics) 10118M->10118M(10604M) 3167.558ms
[68.224s][info][gc,cpu         ] GC(312) User=23.95s Sys=0.05s Real=3.17s
[68.224s][info][gc,start       ] GC(313) Pause Full (Ergonomics)
[68.224s][info][gc,phases,start] GC(313) Marking Phase
[70.558s][info][gc,phases      ] GC(313) Marking Phase 2333.881ms
[70.558s][info][gc,phases,start] GC(313) Summary Phase
[70.558s][info][gc,phases      ] GC(313) Summary Phase 0.129ms
[70.558s][info][gc,phases,start] GC(313) Adjust Roots
[70.558s][info][gc,phases      ] GC(313) Adjust Roots 0.250ms
[70.558s][info][gc,phases,start] GC(313) Compaction Phase
[71.290s][info][gc,phases      ] GC(313) Compaction Phase 731.550ms
[71.290s][info][gc,phases,start] GC(313) Post Compact
[71.304s][info][gc,phases      ] GC(313) Post Compact 14.351ms
[71.304s][info][gc,heap        ] GC(313) PSYoungGen: 189528K(687104K)->189528K(687104K) Eden: 183296K(183296K)->183295K(183296K) From: 6232K(503808K)->6232K(503808K)
[71.304s][info][gc,heap        ] GC(313) ParOldGen: 10171479K(10171904K)->10171479K(10171904K)
[71.304s][info][gc,metaspace   ] GC(313) Metaspace: 6302K(6528K)->6302K(6528K) NonClass: 5769K(5888K)->5769K(5888K) Class: 533K(640K)->533K(640K)
[71.304s][info][gc             ] GC(313) Pause Full (Ergonomics) 10118M->10118M(10604M) 3080.514ms
[71.304s][info][gc,cpu         ] GC(313) User=23.50s Sys=0.00s Real=3.08s
[71.305s][info][gc,start       ] GC(314) Pause Full (Ergonomics)
[71.305s][info][gc,phases,start] GC(314) Marking Phase
[73.651s][info][gc,phases      ] GC(314) Marking Phase 2345.970ms
[73.651s][info][gc,phases,start] GC(314) Summary Phase
[73.651s][info][gc,phases      ] GC(314) Summary Phase 0.095ms
[73.651s][info][gc,phases,start] GC(314) Adjust Roots
[73.651s][info][gc,phases      ] GC(314) Adjust Roots 0.162ms
[73.651s][info][gc,phases,start] GC(314) Compaction Phase
[74.357s][info][gc,phases      ] GC(314) Compaction Phase 705.744ms
[74.357s][info][gc,phases,start] GC(314) Post Compact
[74.369s][info][gc,phases      ] GC(314) Post Compact 12.507ms
[74.369s][info][gc,heap        ] GC(314) PSYoungGen: 189528K(687104K)->189528K(687104K) Eden: 183295K(183296K)->183295K(183296K) From: 6232K(503808K)->6232K(503808K)
[74.369s][info][gc,heap        ] GC(314) ParOldGen: 10171479K(10171904K)->10171479K(10171904K)
[74.369s][info][gc,metaspace   ] GC(314) Metaspace: 6302K(6528K)->6302K(6528K) NonClass: 5769K(5888K)->5769K(5888K) Class: 533K(640K)->533K(640K)
[74.369s][info][gc             ] GC(314) Pause Full (Ergonomics) 10118M->10118M(10604M) 3064.813ms
[74.369s][info][gc,cpu         ] GC(314) User=23.75s Sys=0.02s Real=3.07s
[74.370s][info][gc,start       ] GC(315) Pause Full (Ergonomics)
[74.370s][info][gc,phases,start] GC(315) Marking Phase
[76.744s][info][gc,phases      ] GC(315) Marking Phase 2374.622ms
[76.744s][info][gc,phases,start] GC(315) Summary Phase
[76.744s][info][gc,phases      ] GC(315) Summary Phase 0.101ms
[76.745s][info][gc,phases,start] GC(315) Adjust Roots
[76.745s][info][gc,phases      ] GC(315) Adjust Roots 0.177ms
[76.745s][info][gc,phases,start] GC(315) Compaction Phase
[77.485s][info][gc,phases      ] GC(315) Compaction Phase 740.593ms
[77.485s][info][gc,phases,start] GC(315) Post Compact
[77.500s][info][gc,phases      ] GC(315) Post Compact 14.148ms
[77.500s][info][gc,heap        ] GC(315) PSYoungGen: 189528K(687104K)->189528K(687104K) Eden: 183295K(183296K)->183295K(183296K) From: 6232K(503808K)->6232K(503808K)
[77.500s][info][gc,heap        ] GC(315) ParOldGen: 10171484K(10171904K)->10171484K(10171904K)
[77.500s][info][gc,metaspace   ] GC(315) Metaspace: 6302K(6528K)->6302K(6528K) NonClass: 5769K(5888K)->5769K(5888K) Class: 533K(640K)->533K(640K)
[77.500s][info][gc             ] GC(315) Pause Full (Ergonomics) 10118M->10118M(10604M) 3129.992ms
[77.500s][info][gc,cpu         ] GC(315) User=24.08s Sys=0.02s Real=3.13s
[77.500s][info][gc,start       ] GC(316) Pause Full (Ergonomics)
[77.500s][info][gc,phases,start] GC(316) Marking Phase
[79.842s][info][gc,phases      ] GC(316) Marking Phase 2342.379ms
[79.842s][info][gc,phases,start] GC(316) Summary Phase
[79.842s][info][gc,phases      ] GC(316) Summary Phase 0.101ms
[79.842s][info][gc,phases,start] GC(316) Adjust Roots
[79.843s][info][gc,phases      ] GC(316) Adjust Roots 0.202ms
[79.843s][info][gc,phases,start] GC(316) Compaction Phase
[80.573s][info][gc,phases      ] GC(316) Compaction Phase 730.460ms
[80.573s][info][gc,phases,start] GC(316) Post Compact
[80.587s][info][gc,phases      ] GC(316) Post Compact 13.805ms
[80.587s][info][gc,heap        ] GC(316) PSYoungGen: 189528K(687104K)->189528K(687104K) Eden: 183295K(183296K)->183295K(183296K) From: 6232K(503808K)->6232K(503808K)
[80.587s][info][gc,heap        ] GC(316) ParOldGen: 10171489K(10171904K)->10171489K(10171904K)
[80.587s][info][gc,metaspace   ] GC(316) Metaspace: 6302K(6528K)->6302K(6528K) NonClass: 5769K(5888K)->5769K(5888K) Class: 533K(640K)->533K(640K)
[80.587s][info][gc             ] GC(316) Pause Full (Ergonomics) 10118M->10118M(10604M) 3087.312ms
[80.587s][info][gc,cpu         ] GC(316) User=23.78s Sys=0.00s Real=3.09s
[80.587s][info][gc,start       ] GC(317) Pause Full (Ergonomics)
[80.587s][info][gc,phases,start] GC(317) Marking Phase
[82.940s][info][gc,phases      ] GC(317) Marking Phase 2352.326ms
[82.940s][info][gc,phases,start] GC(317) Summary Phase
[82.940s][info][gc,phases      ] GC(317) Summary Phase 0.095ms
[82.940s][info][gc,phases,start] GC(317) Adjust Roots
[82.940s][info][gc,phases      ] GC(317) Adjust Roots 0.163ms
[82.940s][info][gc,phases,start] GC(317) Compaction Phase
[83.667s][info][gc,phases      ] GC(317) Compaction Phase 726.610ms
[83.667s][info][gc,phases,start] GC(317) Post Compact
[83.680s][info][gc,phases      ] GC(317) Post Compact 13.470ms
[83.680s][info][gc,heap        ] GC(317) PSYoungGen: 189528K(687104K)->189528K(687104K) Eden: 183295K(183296K)->183295K(183296K) From: 6232K(503808K)->6232K(503808K)
[83.680s][info][gc,heap        ] GC(317) ParOldGen: 10171494K(10171904K)->10171494K(10171904K)
[83.680s][info][gc,metaspace   ] GC(317) Metaspace: 6302K(6528K)->6302K(6528K) NonClass: 5769K(5888K)->5769K(5888K) Class: 533K(640K)->533K(640K)
[83.680s][info][gc             ] GC(317) Pause Full (Ergonomics) 10118M->10118M(10604M) 3093.009ms
[83.680s][info][gc,cpu         ] GC(317) User=24.00s Sys=0.00s Real=3.09s
[83.681s][info][gc,start       ] GC(318) Pause Full (Ergonomics)
[83.681s][info][gc,phases,start] GC(318) Marking Phase
[86.045s][info][gc,phases      ] GC(318) Marking Phase 2364.025ms
[86.045s][info][gc,phases,start] GC(318) Summary Phase
[86.045s][info][gc,phases      ] GC(318) Summary Phase 0.102ms
[86.045s][info][gc,phases,start] GC(318) Adjust Roots
[86.045s][info][gc,phases      ] GC(318) Adjust Roots 0.209ms
[86.045s][info][gc,phases,start] GC(318) Compaction Phase
[86.789s][info][gc,phases      ] GC(318) Compaction Phase 743.587ms
[86.789s][info][gc,phases,start] GC(318) Post Compact
[86.803s][info][gc,phases      ] GC(318) Post Compact 13.799ms
[86.803s][info][gc,heap        ] GC(318) PSYoungGen: 189528K(687104K)->189528K(687104K) Eden: 183295K(183296K)->183295K(183296K) From: 6232K(503808K)->6232K(503808K)
[86.803s][info][gc,heap        ] GC(318) ParOldGen: 10171499K(10171904K)->10171499K(10171904K)
[86.803s][info][gc,metaspace   ] GC(318) Metaspace: 6302K(6528K)->6302K(6528K) NonClass: 5769K(5888K)->5769K(5888K) Class: 533K(640K)->533K(640K)
[86.803s][info][gc             ] GC(318) Pause Full (Ergonomics) 10118M->10118M(10604M) 3122.094ms
[86.803s][info][gc,cpu         ] GC(318) User=24.02s Sys=0.00s Real=3.12s
[86.803s][info][gc,start       ] GC(319) Pause Full (Ergonomics)
[86.803s][info][gc,phases,start] GC(319) Marking Phase
[89.163s][info][gc,phases      ] GC(319) Marking Phase 2360.399ms
[89.163s][info][gc,phases,start] GC(319) Summary Phase
[89.164s][info][gc,phases      ] GC(319) Summary Phase 0.102ms
[89.164s][info][gc,phases,start] GC(319) Adjust Roots
[89.164s][info][gc,phases      ] GC(319) Adjust Roots 0.167ms
[89.164s][info][gc,phases,start] GC(319) Compaction Phase
[89.913s][info][gc,phases      ] GC(319) Compaction Phase 748.968ms
[89.913s][info][gc,phases,start] GC(319) Post Compact
[89.928s][info][gc,phases      ] GC(319) Post Compact 15.064ms
[89.928s][info][gc,heap        ] GC(319) PSYoungGen: 189528K(687104K)->189528K(687104K) Eden: 183295K(183296K)->183295K(183296K) From: 6232K(503808K)->6232K(503808K)
[89.928s][info][gc,heap        ] GC(319) ParOldGen: 10171503K(10171904K)->10171503K(10171904K)
[89.928s][info][gc,metaspace   ] GC(319) Metaspace: 6302K(6528K)->6302K(6528K) NonClass: 5769K(5888K)->5769K(5888K) Class: 533K(640K)->533K(640K)
[89.928s][info][gc             ] GC(319) Pause Full (Ergonomics) 10118M->10118M(10604M) 3125.025ms
[89.928s][info][gc,cpu         ] GC(319) User=24.11s Sys=0.00s Real=3.12s
[89.928s][info][gc,start       ] GC(320) Pause Full (Ergonomics)
[89.928s][info][gc,phases,start] GC(320) Marking Phase
[92.270s][info][gc,phases      ] GC(320) Marking Phase 2341.310ms
[92.270s][info][gc,phases,start] GC(320) Summary Phase
[92.270s][info][gc,phases      ] GC(320) Summary Phase 0.102ms
[92.270s][info][gc,phases,start] GC(320) Adjust Roots
[92.270s][info][gc,phases      ] GC(320) Adjust Roots 0.191ms
[92.270s][info][gc,phases,start] GC(320) Compaction Phase
[93.007s][info][gc,phases      ] GC(320) Compaction Phase 737.261ms
[93.007s][info][gc,phases,start] GC(320) Post Compact
[93.020s][info][gc,phases      ] GC(320) Post Compact 12.736ms
[93.020s][info][gc,heap        ] GC(320) PSYoungGen: 189528K(687104K)->189528K(687104K) Eden: 183295K(183296K)->183295K(183296K) From: 6232K(503808K)->6232K(503808K)
[93.020s][info][gc,heap        ] GC(320) ParOldGen: 10171508K(10171904K)->10171508K(10171904K)
[93.020s][info][gc,metaspace   ] GC(320) Metaspace: 6302K(6528K)->6302K(6528K) NonClass: 5769K(5888K)->5769K(5888K) Class: 533K(640K)->533K(640K)
[93.020s][info][gc             ] GC(320) Pause Full (Ergonomics) 10118M->10118M(10604M) 3091.954ms
[93.020s][info][gc,cpu         ] GC(320) User=24.02s Sys=0.00s Real=3.09s
[93.020s][info][gc,start       ] GC(321) Pause Full (Ergonomics)
[93.020s][info][gc,phases,start] GC(321) Marking Phase
[95.415s][info][gc,phases      ] GC(321) Marking Phase 2394.826ms
[95.415s][info][gc,phases,start] GC(321) Summary Phase
[95.415s][info][gc,phases      ] GC(321) Summary Phase 0.117ms
[95.415s][info][gc,phases,start] GC(321) Adjust Roots
[95.416s][info][gc,phases      ] GC(321) Adjust Roots 0.261ms
[95.416s][info][gc,phases,start] GC(321) Compaction Phase
[96.167s][info][gc,phases      ] GC(321) Compaction Phase 751.603ms
[96.167s][info][gc,phases,start] GC(321) Post Compact
[96.182s][info][gc,phases      ] GC(321) Post Compact 14.306ms
[96.182s][info][gc,heap        ] GC(321) PSYoungGen: 189528K(687104K)->189528K(687104K) Eden: 183295K(183296K)->183295K(183296K) From: 6232K(503808K)->6232K(503808K)
[96.182s][info][gc,heap        ] GC(321) ParOldGen: 10171513K(10171904K)->10171513K(10171904K)
[96.182s][info][gc,metaspace   ] GC(321) Metaspace: 6302K(6528K)->6302K(6528K) NonClass: 5769K(5888K)->5769K(5888K) Class: 533K(640K)->533K(640K)
[96.182s][info][gc             ] GC(321) Pause Full (Ergonomics) 10118M->10118M(10604M) 3161.502ms
[96.182s][info][gc,cpu         ] GC(321) User=24.45s Sys=0.00s Real=3.16s
[96.182s][info][gc,start       ] GC(322) Pause Full (Ergonomics)
[96.182s][info][gc,phases,start] GC(322) Marking Phase
[98.548s][info][gc,phases      ] GC(322) Marking Phase 2365.485ms
[98.548s][info][gc,phases,start] GC(322) Summary Phase
[98.548s][info][gc,phases      ] GC(322) Summary Phase 0.130ms
[98.548s][info][gc,phases,start] GC(322) Adjust Roots
[98.548s][info][gc,phases      ] GC(322) Adjust Roots 0.229ms
[98.548s][info][gc,phases,start] GC(322) Compaction Phase
[99.274s][info][gc,phases      ] GC(322) Compaction Phase 725.969ms
[99.274s][info][gc,phases,start] GC(322) Post Compact
[99.288s][info][gc,phases      ] GC(322) Post Compact 13.511ms
[99.288s][info][gc,heap        ] GC(322) PSYoungGen: 189528K(687104K)->189528K(687104K) Eden: 183295K(183296K)->183295K(183296K) From: 6232K(503808K)->6232K(503808K)
[99.288s][info][gc,heap        ] GC(322) ParOldGen: 10171518K(10171904K)->10171518K(10171904K)
[99.288s][info][gc,metaspace   ] GC(322) Metaspace: 6302K(6528K)->6302K(6528K) NonClass: 5769K(5888K)->5769K(5888K) Class: 533K(640K)->533K(640K)
[99.288s][info][gc             ] GC(322) Pause Full (Ergonomics) 10118M->10118M(10604M) 3105.673ms
[99.288s][info][gc,cpu         ] GC(322) User=23.86s Sys=0.00s Real=3.11s
[99.288s][info][gc,start       ] GC(323) Pause Full (Ergonomics)
[99.288s][info][gc,phases,start] GC(323) Marking Phase
[101.702s][info][gc,phases      ] GC(323) Marking Phase 2414.122ms
[101.702s][info][gc,phases,start] GC(323) Summary Phase
[101.702s][info][gc,phases      ] GC(323) Summary Phase 0.101ms
[101.702s][info][gc,phases,start] GC(323) Adjust Roots
[101.702s][info][gc,phases      ] GC(323) Adjust Roots 0.167ms
[101.702s][info][gc,phases,start] GC(323) Compaction Phase
[102.456s][info][gc,phases      ] GC(323) Compaction Phase 754.025ms
[102.457s][info][gc,phases,start] GC(323) Post Compact
[102.471s][info][gc,phases      ] GC(323) Post Compact 14.002ms
[102.471s][info][gc,heap        ] GC(323) PSYoungGen: 189528K(687104K)->189528K(687104K) Eden: 183295K(183296K)->183295K(183296K) From: 6232K(503808K)->6232K(503808K)
[102.471s][info][gc,heap        ] GC(323) ParOldGen: 10171523K(10171904K)->10171523K(10171904K)
[102.471s][info][gc,metaspace   ] GC(323) Metaspace: 6302K(6528K)->6302K(6528K) NonClass: 5769K(5888K)->5769K(5888K) Class: 533K(640K)->533K(640K)
[102.471s][info][gc             ] GC(323) Pause Full (Ergonomics) 10118M->10118M(10604M) 3182.812ms
[102.471s][info][gc,cpu         ] GC(323) User=24.50s Sys=0.02s Real=3.18s
[102.471s][info][gc,start       ] GC(324) Pause Full (Ergonomics)
[102.471s][info][gc,phases,start] GC(324) Marking Phase
[104.850s][info][gc,phases      ] GC(324) Marking Phase 2378.518ms
[104.850s][info][gc,phases,start] GC(324) Summary Phase
[104.850s][info][gc,phases      ] GC(324) Summary Phase 0.102ms
[104.850s][info][gc,phases,start] GC(324) Adjust Roots
[104.850s][info][gc,phases      ] GC(324) Adjust Roots 0.226ms
[104.850s][info][gc,phases,start] GC(324) Compaction Phase
[105.617s][info][gc,phases      ] GC(324) Compaction Phase 766.753ms
[105.617s][info][gc,phases,start] GC(324) Post Compact
[105.633s][info][gc,phases      ] GC(324) Post Compact 16.591ms
[105.633s][info][gc,heap        ] GC(324) PSYoungGen: 189528K(687104K)->189528K(687104K) Eden: 183295K(183296K)->183295K(183296K) From: 6232K(503808K)->6232K(503808K)
[105.633s][info][gc,heap        ] GC(324) ParOldGen: 10171528K(10171904K)->10171528K(10171904K)
[105.633s][info][gc,metaspace   ] GC(324) Metaspace: 6302K(6528K)->6302K(6528K) NonClass: 5769K(5888K)->5769K(5888K) Class: 533K(640K)->533K(640K)
[105.633s][info][gc             ] GC(324) Pause Full (Ergonomics) 10118M->10118M(10604M) 3162.520ms
[105.633s][info][gc,cpu         ] GC(324) User=24.31s Sys=0.00s Real=3.16s
[105.634s][info][gc,start       ] GC(325) Pause Full (Ergonomics)
[105.634s][info][gc,phases,start] GC(325) Marking Phase
[108.011s][info][gc,phases      ] GC(325) Marking Phase 2377.645ms
[108.011s][info][gc,phases,start] GC(325) Summary Phase
[108.012s][info][gc,phases      ] GC(325) Summary Phase 0.148ms
[108.012s][info][gc,phases,start] GC(325) Adjust Roots
[108.012s][info][gc,phases      ] GC(325) Adjust Roots 0.329ms
[108.012s][info][gc,phases,start] GC(325) Compaction Phase
[108.789s][info][gc,phases      ] GC(325) Compaction Phase 777.242ms
[108.789s][info][gc,phases,start] GC(325) Post Compact
[108.806s][info][gc,phases      ] GC(325) Post Compact 17.042ms
[108.806s][info][gc,heap        ] GC(325) PSYoungGen: 189528K(687104K)->189528K(687104K) Eden: 183295K(183296K)->183295K(183296K) From: 6232K(503808K)->6232K(503808K)
[108.807s][info][gc,heap        ] GC(325) ParOldGen: 10171532K(10171904K)->10171532K(10171904K)
[108.807s][info][gc,metaspace   ] GC(325) Metaspace: 6302K(6528K)->6302K(6528K) NonClass: 5769K(5888K)->5769K(5888K) Class: 533K(640K)->533K(640K)
[108.807s][info][gc             ] GC(325) Pause Full (Ergonomics) 10118M->10118M(10604M) 3172.847ms
[108.807s][info][gc,cpu         ] GC(325) User=24.33s Sys=0.00s Real=3.17s
[108.807s][info][gc,start       ] GC(326) Pause Full (Ergonomics)
[108.807s][info][gc,phases,start] GC(326) Marking Phase
[111.179s][info][gc,phases      ] GC(326) Marking Phase 2372.598ms
[111.179s][info][gc,phases,start] GC(326) Summary Phase
[111.180s][info][gc,phases      ] GC(326) Summary Phase 0.130ms
[111.180s][info][gc,phases,start] GC(326) Adjust Roots
[111.180s][info][gc,phases      ] GC(326) Adjust Roots 0.241ms
[111.180s][info][gc,phases,start] GC(326) Compaction Phase
[111.942s][info][gc,phases      ] GC(326) Compaction Phase 762.165ms
[111.942s][info][gc,phases,start] GC(326) Post Compact
[111.958s][info][gc,phases      ] GC(326) Post Compact 15.990ms
[111.958s][info][gc,heap        ] GC(326) PSYoungGen: 189528K(687104K)->189528K(687104K) Eden: 183295K(183296K)->183295K(183296K) From: 6232K(503808K)->6232K(503808K)
[111.958s][info][gc,heap        ] GC(326) ParOldGen: 10171537K(10171904K)->10171537K(10171904K)
[111.958s][info][gc,metaspace   ] GC(326) Metaspace: 6302K(6528K)->6302K(6528K) NonClass: 5769K(5888K)->5769K(5888K) Class: 533K(640K)->533K(640K)
[111.958s][info][gc             ] GC(326) Pause Full (Ergonomics) 10118M->10118M(10604M) 3151.473ms
[111.958s][info][gc,cpu         ] GC(326) User=24.22s Sys=0.00s Real=3.15s
[111.958s][info][gc,start       ] GC(327) Pause Full (Ergonomics)
[111.958s][info][gc,phases,start] GC(327) Marking Phase
[114.348s][info][gc,phases      ] GC(327) Marking Phase 2389.183ms
[114.348s][info][gc,phases,start] GC(327) Summary Phase
[114.348s][info][gc,phases      ] GC(327) Summary Phase 0.122ms
[114.348s][info][gc,phases,start] GC(327) Adjust Roots
[114.348s][info][gc,phases      ] GC(327) Adjust Roots 0.250ms
[114.348s][info][gc,phases,start] GC(327) Compaction Phase
[115.088s][info][gc,phases      ] GC(327) Compaction Phase 740.137ms
[115.088s][info][gc,phases,start] GC(327) Post Compact
[115.101s][info][gc,phases      ] GC(327) Post Compact 13.148ms
[115.102s][info][gc,heap        ] GC(327) PSYoungGen: 189528K(687104K)->189528K(687104K) Eden: 183295K(183296K)->183295K(183296K) From: 6232K(503808K)->6232K(503808K)
[115.102s][info][gc,heap        ] GC(327) ParOldGen: 10171542K(10171904K)->10171542K(10171904K)
[115.102s][info][gc,metaspace   ] GC(327) Metaspace: 6302K(6528K)->6302K(6528K) NonClass: 5769K(5888K)->5769K(5888K) Class: 533K(640K)->533K(640K)
[115.102s][info][gc             ] GC(327) Pause Full (Ergonomics) 10118M->10118M(10604M) 3143.194ms
[115.102s][info][gc,cpu         ] GC(327) User=24.44s Sys=0.00s Real=3.14s
[115.102s][info][gc,start       ] GC(328) Pause Full (Ergonomics)
[115.102s][info][gc,phases,start] GC(328) Marking Phase
[117.480s][info][gc,phases      ] GC(328) Marking Phase 2378.538ms
[117.480s][info][gc,phases,start] GC(328) Summary Phase
[117.481s][info][gc,phases      ] GC(328) Summary Phase 0.142ms
[117.481s][info][gc,phases,start] GC(328) Adjust Roots
[117.481s][info][gc,phases      ] GC(328) Adjust Roots 0.207ms
[117.481s][info][gc,phases,start] GC(328) Compaction Phase
[118.213s][info][gc,phases      ] GC(328) Compaction Phase 732.393ms
[118.213s][info][gc,phases,start] GC(328) Post Compact
[118.228s][info][gc,phases      ] GC(328) Post Compact 14.491ms
[118.228s][info][gc,heap        ] GC(328) PSYoungGen: 189528K(687104K)->189528K(687104K) Eden: 183295K(183296K)->183295K(183296K) From: 6232K(503808K)->6232K(503808K)
[118.228s][info][gc,heap        ] GC(328) ParOldGen: 10171547K(10171904K)->10171547K(10171904K)
[118.228s][info][gc,metaspace   ] GC(328) Metaspace: 6302K(6528K)->6302K(6528K) NonClass: 5769K(5888K)->5769K(5888K) Class: 533K(640K)->533K(640K)
[118.228s][info][gc             ] GC(328) Pause Full (Ergonomics) 10118M->10118M(10604M) 3126.162ms
[118.228s][info][gc,cpu         ] GC(328) User=24.28s Sys=0.00s Real=3.13s
[118.228s][info][gc,start       ] GC(329) Pause Full (Ergonomics)
[118.228s][info][gc,phases,start] GC(329) Marking Phase
[120.587s][info][gc,phases      ] GC(329) Marking Phase 2358.717ms
[120.587s][info][gc,phases,start] GC(329) Summary Phase
[120.587s][info][gc,phases      ] GC(329) Summary Phase 0.169ms
[120.587s][info][gc,phases,start] GC(329) Adjust Roots
[120.588s][info][gc,phases      ] GC(329) Adjust Roots 0.347ms
[120.588s][info][gc,phases,start] GC(329) Compaction Phase
[121.333s][info][gc,phases      ] GC(329) Compaction Phase 745.300ms
[121.333s][info][gc,phases,start] GC(329) Post Compact
[121.348s][info][gc,phases      ] GC(329) Post Compact 15.067ms
[121.348s][info][gc,heap        ] GC(329) PSYoungGen: 189528K(687104K)->189528K(687104K) Eden: 183295K(183296K)->183295K(183296K) From: 6232K(503808K)->6232K(503808K)
[121.348s][info][gc,heap        ] GC(329) ParOldGen: 10171552K(10171904K)->10171552K(10171904K)
[121.348s][info][gc,metaspace   ] GC(329) Metaspace: 6302K(6528K)->6302K(6528K) NonClass: 5769K(5888K)->5769K(5888K) Class: 533K(640K)->533K(640K)
[121.348s][info][gc             ] GC(329) Pause Full (Ergonomics) 10118M->10118M(10604M) 3120.083ms
[121.348s][info][gc,cpu         ] GC(329) User=23.78s Sys=0.02s Real=3.12s
[121.349s][info][gc,start       ] GC(330) Pause Full (Ergonomics)
[121.349s][info][gc,phases,start] GC(330) Marking Phase
[123.733s][info][gc,phases      ] GC(330) Marking Phase 2383.974ms
[123.733s][info][gc,phases,start] GC(330) Summary Phase
[123.733s][info][gc,phases      ] GC(330) Summary Phase 0.149ms
[123.733s][info][gc,phases,start] GC(330) Adjust Roots
[123.733s][info][gc,phases      ] GC(330) Adjust Roots 0.257ms
[123.733s][info][gc,phases,start] GC(330) Compaction Phase
[124.456s][info][gc,phases      ] GC(330) Compaction Phase 722.960ms
[124.456s][info][gc,phases,start] GC(330) Post Compact
[124.470s][info][gc,phases      ] GC(330) Post Compact 14.235ms
[124.470s][info][gc,heap        ] GC(330) PSYoungGen: 189528K(687104K)->189528K(687104K) Eden: 183295K(183296K)->183295K(183296K) From: 6232K(503808K)->6232K(503808K)
[124.470s][info][gc,heap        ] GC(330) ParOldGen: 10171557K(10171904K)->10171557K(10171904K)
[124.470s][info][gc,metaspace   ] GC(330) Metaspace: 6302K(6528K)->6302K(6528K) NonClass: 5769K(5888K)->5769K(5888K) Class: 533K(640K)->533K(640K)
[124.470s][info][gc             ] GC(330) Pause Full (Ergonomics) 10118M->10118M(10604M) 3121.936ms
[124.470s][info][gc,cpu         ] GC(330) User=24.17s Sys=0.00s Real=3.12s
[124.471s][info][gc,start       ] GC(331) Pause Full (Ergonomics)
[124.471s][info][gc,phases,start] GC(331) Marking Phase
[126.809s][info][gc,phases      ] GC(331) Marking Phase 2338.299ms
[126.809s][info][gc,phases,start] GC(331) Summary Phase
[126.809s][info][gc,phases      ] GC(331) Summary Phase 0.142ms
[126.809s][info][gc,phases,start] GC(331) Adjust Roots
[126.809s][info][gc,phases      ] GC(331) Adjust Roots 0.198ms
[126.809s][info][gc,phases,start] GC(331) Compaction Phase
[127.514s][info][gc,phases      ] GC(331) Compaction Phase 704.288ms
[127.514s][info][gc,phases,start] GC(331) Post Compact
[127.526s][info][gc,phases      ] GC(331) Post Compact 12.522ms
[127.526s][info][gc,heap        ] GC(331) PSYoungGen: 189528K(687104K)->189528K(687104K) Eden: 183295K(183296K)->183295K(183296K) From: 6232K(503808K)->6232K(503808K)
[127.526s][info][gc,heap        ] GC(331) ParOldGen: 10171561K(10171904K)->10171561K(10171904K)
[127.526s][info][gc,metaspace   ] GC(331) Metaspace: 6302K(6528K)->6302K(6528K) NonClass: 5769K(5888K)->5769K(5888K) Class: 533K(640K)->533K(640K)
[127.526s][info][gc             ] GC(331) Pause Full (Ergonomics) 10118M->10118M(10604M) 3055.807ms
[127.527s][info][gc,cpu         ] GC(331) User=23.67s Sys=0.00s Real=3.06s
[127.527s][info][gc,start       ] GC(332) Pause Full (Ergonomics)
[127.527s][info][gc,phases,start] GC(332) Marking Phase
[129.874s][info][gc,phases      ] GC(332) Marking Phase 2347.401ms
[129.874s][info][gc,phases,start] GC(332) Summary Phase
[129.874s][info][gc,phases      ] GC(332) Summary Phase 0.104ms
[129.874s][info][gc,phases,start] GC(332) Adjust Roots
[129.875s][info][gc,phases      ] GC(332) Adjust Roots 0.210ms
[129.875s][info][gc,phases,start] GC(332) Compaction Phase
[130.586s][info][gc,phases      ] GC(332) Compaction Phase 711.534ms
[130.586s][info][gc,phases,start] GC(332) Post Compact
[130.600s][info][gc,phases      ] GC(332) Post Compact 13.626ms
[130.600s][info][gc,heap        ] GC(332) PSYoungGen: 189528K(687104K)->189528K(687104K) Eden: 183295K(183296K)->183295K(183296K) From: 6232K(503808K)->6232K(503808K)
[130.600s][info][gc,heap        ] GC(332) ParOldGen: 10171566K(10171904K)->10171566K(10171904K)
[130.600s][info][gc,metaspace   ] GC(332) Metaspace: 6302K(6528K)->6302K(6528K) NonClass: 5769K(5888K)->5769K(5888K) Class: 533K(640K)->533K(640K)
[130.600s][info][gc             ] GC(332) Pause Full (Ergonomics) 10118M->10118M(10604M) 3073.242ms
[130.600s][info][gc,cpu         ] GC(332) User=23.56s Sys=0.02s Real=3.07s
[130.600s][info][gc,start       ] GC(333) Pause Full (Ergonomics)
[130.600s][info][gc,phases,start] GC(333) Marking Phase
[132.931s][info][gc,phases      ] GC(333) Marking Phase 2330.483ms
[132.931s][info][gc,phases,start] GC(333) Summary Phase
[132.931s][info][gc,phases      ] GC(333) Summary Phase 0.094ms
[132.931s][info][gc,phases,start] GC(333) Adjust Roots
[132.931s][info][gc,phases      ] GC(333) Adjust Roots 0.187ms
[132.931s][info][gc,phases,start] GC(333) Compaction Phase
[133.630s][info][gc,phases      ] GC(333) Compaction Phase 699.085ms
[133.630s][info][gc,phases,start] GC(333) Post Compact
[133.643s][info][gc,phases      ] GC(333) Post Compact 12.954ms
[133.643s][info][gc,heap        ] GC(333) PSYoungGen: 189528K(687104K)->189528K(687104K) Eden: 183295K(183296K)->183295K(183296K) From: 6232K(503808K)->6232K(503808K)
[133.643s][info][gc,heap        ] GC(333) ParOldGen: 10171571K(10171904K)->10171571K(10171904K)
[133.643s][info][gc,metaspace   ] GC(333) Metaspace: 6302K(6528K)->6302K(6528K) NonClass: 5769K(5888K)->5769K(5888K) Class: 533K(640K)->533K(640K)
[133.643s][info][gc             ] GC(333) Pause Full (Ergonomics) 10118M->10118M(10604M) 3043.142ms
[133.643s][info][gc,cpu         ] GC(333) User=23.84s Sys=0.00s Real=3.04s
[133.643s][info][gc,start       ] GC(334) Pause Full (Ergonomics)
[133.643s][info][gc,phases,start] GC(334) Marking Phase
[135.969s][info][gc,phases      ] GC(334) Marking Phase 2325.519ms
[135.969s][info][gc,phases,start] GC(334) Summary Phase
[135.969s][info][gc,phases      ] GC(334) Summary Phase 0.094ms
[135.969s][info][gc,phases,start] GC(334) Adjust Roots
[135.969s][info][gc,phases      ] GC(334) Adjust Roots 0.164ms
[135.969s][info][gc,phases,start] GC(334) Compaction Phase
[136.708s][info][gc,phases      ] GC(334) Compaction Phase 739.112ms
[136.709s][info][gc,phases,start] GC(334) Post Compact
[136.724s][info][gc,phases      ] GC(334) Post Compact 15.515ms
[136.724s][info][gc,heap        ] GC(334) PSYoungGen: 189528K(687104K)->189528K(687104K) Eden: 183295K(183296K)->183295K(183296K) From: 6232K(503808K)->6232K(503808K)
[136.724s][info][gc,heap        ] GC(334) ParOldGen: 10171576K(10171904K)->10171576K(10171904K)
[136.724s][info][gc,metaspace   ] GC(334) Metaspace: 6302K(6528K)->6302K(6528K) NonClass: 5769K(5888K)->5769K(5888K) Class: 533K(640K)->533K(640K)
[136.724s][info][gc             ] GC(334) Pause Full (Ergonomics) 10118M->10118M(10604M) 3080.743ms
[136.724s][info][gc,cpu         ] GC(334) User=23.62s Sys=0.00s Real=3.08s
[136.724s][info][gc,start       ] GC(335) Pause Full (Ergonomics)
[136.724s][info][gc,phases,start] GC(335) Marking Phase
[139.060s][info][gc,phases      ] GC(335) Marking Phase 2335.960ms
[139.061s][info][gc,phases,start] GC(335) Summary Phase
[139.061s][info][gc,phases      ] GC(335) Summary Phase 0.095ms
[139.061s][info][gc,phases,start] GC(335) Adjust Roots
[139.061s][info][gc,phases      ] GC(335) Adjust Roots 0.166ms
[139.061s][info][gc,phases,start] GC(335) Compaction Phase
[139.771s][info][gc,phases      ] GC(335) Compaction Phase 710.609ms
[139.771s][info][gc,phases,start] GC(335) Post Compact
[139.785s][info][gc,phases      ] GC(335) Post Compact 13.385ms
[139.785s][info][gc,heap        ] GC(335) PSYoungGen: 189528K(687104K)->189528K(687104K) Eden: 183295K(183296K)->183295K(183296K) From: 6232K(503808K)->6232K(503808K)
[139.785s][info][gc,heap        ] GC(335) ParOldGen: 10171581K(10171904K)->10171581K(10171904K)
[139.785s][info][gc,metaspace   ] GC(335) Metaspace: 6302K(6528K)->6302K(6528K) NonClass: 5769K(5888K)->5769K(5888K) Class: 533K(640K)->533K(640K)
[139.785s][info][gc             ] GC(335) Pause Full (Ergonomics) 10118M->10118M(10604M) 3060.542ms
[139.785s][info][gc,cpu         ] GC(335) User=23.61s Sys=0.00s Real=3.06s
[139.785s][info][gc,start       ] GC(336) Pause Full (Ergonomics)
[139.785s][info][gc,phases,start] GC(336) Marking Phase
[142.102s][info][gc,phases      ] GC(336) Marking Phase 2317.059ms
[142.102s][info][gc,phases,start] GC(336) Summary Phase
[142.102s][info][gc,phases      ] GC(336) Summary Phase 0.097ms
[142.102s][info][gc,phases,start] GC(336) Adjust Roots
[142.103s][info][gc,phases      ] GC(336) Adjust Roots 0.171ms
[142.103s][info][gc,phases,start] GC(336) Compaction Phase
[142.800s][info][gc,phases      ] GC(336) Compaction Phase 697.691ms
[142.800s][info][gc,phases,start] GC(336) Post Compact
[142.814s][info][gc,phases      ] GC(336) Post Compact 13.361ms
[142.814s][info][gc,heap        ] GC(336) PSYoungGen: 189528K(687104K)->189528K(687104K) Eden: 183295K(183296K)->183295K(183296K) From: 6232K(503808K)->6232K(503808K)
[142.814s][info][gc,heap        ] GC(336) ParOldGen: 10171586K(10171904K)->10171586K(10171904K)
[142.814s][info][gc,metaspace   ] GC(336) Metaspace: 6302K(6528K)->6302K(6528K) NonClass: 5769K(5888K)->5769K(5888K) Class: 533K(640K)->533K(640K)
[142.814s][info][gc             ] GC(336) Pause Full (Ergonomics) 10118M->10118M(10604M) 3028.707ms
[142.814s][info][gc,cpu         ] GC(336) User=23.50s Sys=0.02s Real=3.03s
[142.814s][info][gc,start       ] GC(337) Pause Full (Ergonomics)
[142.814s][info][gc,phases,start] GC(337) Marking Phase
[145.140s][info][gc,phases      ] GC(337) Marking Phase 2325.695ms
[145.140s][info][gc,phases,start] GC(337) Summary Phase
[145.140s][info][gc,phases      ] GC(337) Summary Phase 0.102ms
[145.140s][info][gc,phases,start] GC(337) Adjust Roots
[145.140s][info][gc,phases      ] GC(337) Adjust Roots 0.212ms
[145.140s][info][gc,phases,start] GC(337) Compaction Phase
[145.837s][info][gc,phases      ] GC(337) Compaction Phase 696.908ms
[145.837s][info][gc,phases,start] GC(337) Post Compact
[145.851s][info][gc,phases      ] GC(337) Post Compact 13.970ms
[145.851s][info][gc,heap        ] GC(337) PSYoungGen: 189528K(687104K)->189528K(687104K) Eden: 183295K(183296K)->183295K(183296K) From: 6232K(503808K)->6232K(503808K)
[145.851s][info][gc,heap        ] GC(337) ParOldGen: 10171590K(10171904K)->10171590K(10171904K)
[145.851s][info][gc,metaspace   ] GC(337) Metaspace: 6302K(6528K)->6302K(6528K) NonClass: 5769K(5888K)->5769K(5888K) Class: 533K(640K)->533K(640K)
[145.851s][info][gc             ] GC(337) Pause Full (Ergonomics) 10118M->10118M(10604M) 3037.265ms
[145.851s][info][gc,cpu         ] GC(337) User=23.42s Sys=0.02s Real=3.04s
[145.852s][info][gc,start       ] GC(338) Pause Full (Ergonomics)
[145.852s][info][gc,phases,start] GC(338) Marking Phase
[148.181s][info][gc,phases      ] GC(338) Marking Phase 2328.943ms
[148.181s][info][gc,phases,start] GC(338) Summary Phase
[148.181s][info][gc,phases      ] GC(338) Summary Phase 0.178ms
[148.181s][info][gc,phases,start] GC(338) Adjust Roots
[148.181s][info][gc,phases      ] GC(338) Adjust Roots 0.183ms
[148.181s][info][gc,phases,start] GC(338) Compaction Phase
[148.892s][info][gc,phases      ] GC(338) Compaction Phase 710.967ms
[148.892s][info][gc,phases,start] GC(338) Post Compact
[148.907s][info][gc,phases      ] GC(338) Post Compact 14.859ms
[148.907s][info][gc,heap        ] GC(338) PSYoungGen: 189528K(687104K)->189528K(687104K) Eden: 183295K(183296K)->183295K(183296K) From: 6232K(503808K)->6232K(503808K)
[148.907s][info][gc,heap        ] GC(338) ParOldGen: 10171595K(10171904K)->10171595K(10171904K)
[148.907s][info][gc,metaspace   ] GC(338) Metaspace: 6302K(6528K)->6302K(6528K) NonClass: 5769K(5888K)->5769K(5888K) Class: 533K(640K)->533K(640K)
[148.907s][info][gc             ] GC(338) Pause Full (Ergonomics) 10118M->10118M(10604M) 3055.472ms
[148.907s][info][gc,cpu         ] GC(338) User=23.44s Sys=0.00s Real=3.06s
[148.907s][info][gc,start       ] GC(339) Pause Full (Ergonomics)
[148.907s][info][gc,phases,start] GC(339) Marking Phase
[151.259s][info][gc,phases      ] GC(339) Marking Phase 2351.722ms
[151.259s][info][gc,phases,start] GC(339) Summary Phase
[151.259s][info][gc,phases      ] GC(339) Summary Phase 0.142ms
[151.259s][info][gc,phases,start] GC(339) Adjust Roots
[151.260s][info][gc,phases      ] GC(339) Adjust Roots 0.213ms
[151.260s][info][gc,phases,start] GC(339) Compaction Phase
[151.972s][info][gc,phases      ] GC(339) Compaction Phase 712.371ms
[151.972s][info][gc,phases,start] GC(339) Post Compact
[151.987s][info][gc,phases      ] GC(339) Post Compact 15.012ms
[151.987s][info][gc,heap        ] GC(339) PSYoungGen: 189528K(687104K)->189528K(687104K) Eden: 183295K(183296K)->183295K(183296K) From: 6232K(503808K)->6232K(503808K)
[151.987s][info][gc,heap        ] GC(339) ParOldGen: 10171600K(10171904K)->10171600K(10171904K)
[151.987s][info][gc,metaspace   ] GC(339) Metaspace: 6302K(6528K)->6302K(6528K) NonClass: 5769K(5888K)->5769K(5888K) Class: 533K(640K)->533K(640K)
[151.987s][info][gc             ] GC(339) Pause Full (Ergonomics) 10118M->10118M(10604M) 3079.824ms
[151.987s][info][gc,cpu         ] GC(339) User=23.59s Sys=0.02s Real=3.08s
[151.987s][info][gc,start       ] GC(340) Pause Full (Ergonomics)
[151.987s][info][gc,phases,start] GC(340) Marking Phase
[154.297s][info][gc,phases      ] GC(340) Marking Phase 2309.755ms
[154.297s][info][gc,phases,start] GC(340) Summary Phase
[154.297s][info][gc,phases      ] GC(340) Summary Phase 0.094ms
[154.297s][info][gc,phases,start] GC(340) Adjust Roots
[154.298s][info][gc,phases      ] GC(340) Adjust Roots 0.169ms
[154.298s][info][gc,phases,start] GC(340) Compaction Phase
[154.989s][info][gc,phases      ] GC(340) Compaction Phase 691.559ms
[154.989s][info][gc,phases,start] GC(340) Post Compact
[155.004s][info][gc,phases      ] GC(340) Post Compact 14.363ms
[155.004s][info][gc,heap        ] GC(340) PSYoungGen: 189528K(687104K)->189528K(687104K) Eden: 183295K(183296K)->183295K(183296K) From: 6232K(503808K)->6232K(503808K)
[155.004s][info][gc,heap        ] GC(340) ParOldGen: 10171605K(10171904K)->10171605K(10171904K)
[155.004s][info][gc,metaspace   ] GC(340) Metaspace: 6302K(6528K)->6302K(6528K) NonClass: 5769K(5888K)->5769K(5888K) Class: 533K(640K)->533K(640K)
[155.004s][info][gc             ] GC(340) Pause Full (Ergonomics) 10118M->10118M(10604M) 3016.287ms
[155.004s][info][gc,cpu         ] GC(340) User=23.36s Sys=0.02s Real=3.01s
[155.004s][info][gc,start       ] GC(341) Pause Full (Ergonomics)
[155.004s][info][gc,phases,start] GC(341) Marking Phase
[157.376s][info][gc,phases      ] GC(341) Marking Phase 2371.889ms
[157.376s][info][gc,phases,start] GC(341) Summary Phase
[157.376s][info][gc,phases      ] GC(341) Summary Phase 0.095ms
[157.376s][info][gc,phases,start] GC(341) Adjust Roots
[157.376s][info][gc,phases      ] GC(341) Adjust Roots 0.171ms
[157.376s][info][gc,phases,start] GC(341) Compaction Phase
[158.061s][info][gc,phases      ] GC(341) Compaction Phase 685.151ms
[158.061s][info][gc,phases,start] GC(341) Post Compact
[158.075s][info][gc,phases      ] GC(341) Post Compact 13.197ms
[158.075s][info][gc,heap        ] GC(341) PSYoungGen: 189528K(687104K)->189528K(687104K) Eden: 183295K(183296K)->183295K(183296K) From: 6232K(503808K)->6232K(503808K)
[158.075s][info][gc,heap        ] GC(341) ParOldGen: 10171610K(10171904K)->10171610K(10171904K)
[158.075s][info][gc,metaspace   ] GC(341) Metaspace: 6302K(6528K)->6302K(6528K) NonClass: 5769K(5888K)->5769K(5888K) Class: 533K(640K)->533K(640K)
[158.075s][info][gc             ] GC(341) Pause Full (Ergonomics) 10118M->10118M(10604M) 3070.857ms
[158.075s][info][gc,cpu         ] GC(341) User=23.75s Sys=0.02s Real=3.07s
[158.075s][info][gc,start       ] GC(342) Pause Full (Ergonomics)
[158.075s][info][gc,phases,start] GC(342) Marking Phase
[160.403s][info][gc,phases      ] GC(342) Marking Phase 2328.388ms
[160.403s][info][gc,phases,start] GC(342) Summary Phase
[160.404s][info][gc,phases      ] GC(342) Summary Phase 0.110ms
[160.404s][info][gc,phases,start] GC(342) Adjust Roots
[160.404s][info][gc,phases      ] GC(342) Adjust Roots 0.194ms
[160.404s][info][gc,phases,start] GC(342) Compaction Phase
[161.109s][info][gc,phases      ] GC(342) Compaction Phase 704.814ms
[161.109s][info][gc,phases,start] GC(342) Post Compact
[161.124s][info][gc,phases      ] GC(342) Post Compact 14.929ms
[161.124s][info][gc,heap        ] GC(342) PSYoungGen: 189528K(687104K)->189528K(687104K) Eden: 183295K(183296K)->183295K(183296K) From: 6232K(503808K)->6232K(503808K)
[161.124s][info][gc,heap        ] GC(342) ParOldGen: 10171615K(10171904K)->10171615K(10171904K)
[161.124s][info][gc,metaspace   ] GC(342) Metaspace: 6302K(6528K)->6302K(6528K) NonClass: 5769K(5888K)->5769K(5888K) Class: 533K(640K)->533K(640K)
[161.124s][info][gc             ] GC(342) Pause Full (Ergonomics) 10118M->10118M(10604M) 3048.768ms
[161.124s][info][gc,cpu         ] GC(342) User=23.33s Sys=0.00s Real=3.05s
[161.124s][info][gc,start       ] GC(343) Pause Full (Ergonomics)
[161.124s][info][gc,phases,start] GC(343) Marking Phase
[163.510s][info][gc,phases      ] GC(343) Marking Phase 2385.757ms
[163.510s][info][gc,phases,start] GC(343) Summary Phase
[163.510s][info][gc,phases      ] GC(343) Summary Phase 0.095ms
[163.510s][info][gc,phases,start] GC(343) Adjust Roots
[163.510s][info][gc,phases      ] GC(343) Adjust Roots 0.169ms
[163.510s][info][gc,phases,start] GC(343) Compaction Phase
[164.217s][info][gc,phases      ] GC(343) Compaction Phase 706.577ms
[164.217s][info][gc,phases,start] GC(343) Post Compact
[164.233s][info][gc,phases      ] GC(343) Post Compact 15.966ms
[164.233s][info][gc,heap        ] GC(343) PSYoungGen: 189528K(687104K)->189528K(687104K) Eden: 183295K(183296K)->183295K(183296K) From: 6232K(503808K)->6232K(503808K)
[164.233s][info][gc,heap        ] GC(343) ParOldGen: 10171619K(10171904K)->10171619K(10171904K)
[164.233s][info][gc,metaspace   ] GC(343) Metaspace: 6302K(6528K)->6302K(6528K) NonClass: 5769K(5888K)->5769K(5888K) Class: 533K(640K)->533K(640K)
[164.233s][info][gc             ] GC(343) Pause Full (Ergonomics) 10118M->10118M(10604M) 3108.912ms
[164.233s][info][gc,cpu         ] GC(343) User=23.86s Sys=0.00s Real=3.11s
[164.233s][info][gc,start       ] GC(344) Pause Full (Ergonomics)
[164.233s][info][gc,phases,start] GC(344) Marking Phase
[166.585s][info][gc,phases      ] GC(344) Marking Phase 2351.576ms
[166.585s][info][gc,phases,start] GC(344) Summary Phase
[166.585s][info][gc,phases      ] GC(344) Summary Phase 0.135ms
[166.585s][info][gc,phases,start] GC(344) Adjust Roots
[166.585s][info][gc,phases      ] GC(344) Adjust Roots 0.240ms
[166.585s][info][gc,phases,start] GC(344) Compaction Phase
[167.288s][info][gc,phases      ] GC(344) Compaction Phase 702.744ms
[167.288s][info][gc,phases,start] GC(344) Post Compact
[167.302s][info][gc,phases      ] GC(344) Post Compact 14.015ms
[167.302s][info][gc,heap        ] GC(344) PSYoungGen: 189528K(687104K)->189528K(687104K) Eden: 183295K(183296K)->183295K(183296K) From: 6232K(503808K)->6232K(503808K)
[167.302s][info][gc,heap        ] GC(344) ParOldGen: 10171624K(10171904K)->10171624K(10171904K)
[167.302s][info][gc,metaspace   ] GC(344) Metaspace: 6302K(6528K)->6302K(6528K) NonClass: 5769K(5888K)->5769K(5888K) Class: 533K(640K)->533K(640K)
[167.302s][info][gc             ] GC(344) Pause Full (Ergonomics) 10118M->10118M(10604M) 3069.154ms
[167.302s][info][gc,cpu         ] GC(344) User=23.64s Sys=0.00s Real=3.07s
[167.302s][info][gc,start       ] GC(345) Pause Full (Ergonomics)
[167.302s][info][gc,phases,start] GC(345) Marking Phase
[169.685s][info][gc,phases      ] GC(345) Marking Phase 2382.104ms
[169.685s][info][gc,phases,start] GC(345) Summary Phase
[169.685s][info][gc,phases      ] GC(345) Summary Phase 0.097ms
[169.685s][info][gc,phases,start] GC(345) Adjust Roots
[169.685s][info][gc,phases      ] GC(345) Adjust Roots 0.172ms
[169.685s][info][gc,phases,start] GC(345) Compaction Phase
[170.354s][info][gc,phases      ] GC(345) Compaction Phase 668.598ms
[170.354s][info][gc,phases,start] GC(345) Post Compact
[170.367s][info][gc,phases      ] GC(345) Post Compact 13.855ms
[170.368s][info][gc,heap        ] GC(345) PSYoungGen: 189528K(687104K)->189528K(687104K) Eden: 183295K(183296K)->183295K(183296K) From: 6232K(503808K)->6232K(503808K)
[170.368s][info][gc,heap        ] GC(345) ParOldGen: 10171629K(10171904K)->10171629K(10171904K)
[170.368s][info][gc,metaspace   ] GC(345) Metaspace: 6302K(6528K)->6302K(6528K) NonClass: 5769K(5888K)->5769K(5888K) Class: 533K(640K)->533K(640K)
[170.368s][info][gc             ] GC(345) Pause Full (Ergonomics) 10118M->10118M(10604M) 3065.210ms
[170.368s][info][gc,cpu         ] GC(345) User=23.92s Sys=0.00s Real=3.06s
[170.368s][info][gc,start       ] GC(346) Pause Full (Ergonomics)
[170.368s][info][gc,phases,start] GC(346) Marking Phase
[172.709s][info][gc,phases      ] GC(346) Marking Phase 2340.768ms
[172.709s][info][gc,phases,start] GC(346) Summary Phase
[172.709s][info][gc,phases      ] GC(346) Summary Phase 0.103ms
[172.709s][info][gc,phases,start] GC(346) Adjust Roots
[172.709s][info][gc,phases      ] GC(346) Adjust Roots 0.170ms
[172.709s][info][gc,phases,start] GC(346) Compaction Phase
[173.419s][info][gc,phases      ] GC(346) Compaction Phase 709.993ms
[173.419s][info][gc,phases,start] GC(346) Post Compact
[173.433s][info][gc,phases      ] GC(346) Post Compact 14.413ms
[173.434s][info][gc,heap        ] GC(346) PSYoungGen: 189528K(687104K)->189528K(687104K) Eden: 183295K(183296K)->183295K(183296K) From: 6232K(503808K)->6232K(503808K)
[173.434s][info][gc,heap        ] GC(346) ParOldGen: 10171634K(10171904K)->10171634K(10171904K)
[173.434s][info][gc,metaspace   ] GC(346) Metaspace: 6302K(6528K)->6302K(6528K) NonClass: 5769K(5888K)->5769K(5888K) Class: 533K(640K)->533K(640K)
[173.434s][info][gc             ] GC(346) Pause Full (Ergonomics) 10118M->10118M(10604M) 3065.775ms
[173.434s][info][gc,cpu         ] GC(346) User=23.52s Sys=0.00s Real=3.07s
[173.434s][info][gc,start       ] GC(347) Pause Full (Ergonomics)
[173.434s][info][gc,phases,start] GC(347) Marking Phase
[175.781s][info][gc,phases      ] GC(347) Marking Phase 2347.070ms
[175.781s][info][gc,phases,start] GC(347) Summary Phase
[175.781s][info][gc,phases      ] GC(347) Summary Phase 0.161ms
[175.781s][info][gc,phases,start] GC(347) Adjust Roots
[175.782s][info][gc,phases      ] GC(347) Adjust Roots 0.327ms
[175.782s][info][gc,phases,start] GC(347) Compaction Phase
[176.482s][info][gc,phases      ] GC(347) Compaction Phase 699.998ms
[176.482s][info][gc,phases,start] GC(347) Post Compact
[176.496s][info][gc,phases      ] GC(347) Post Compact 14.476ms
[176.496s][info][gc,heap        ] GC(347) PSYoungGen: 189528K(687104K)->189528K(687104K) Eden: 183295K(183296K)->183295K(183296K) From: 6232K(503808K)->6232K(503808K)
[176.496s][info][gc,heap        ] GC(347) ParOldGen: 10171639K(10171904K)->10171639K(10171904K)
[176.496s][info][gc,metaspace   ] GC(347) Metaspace: 6302K(6528K)->6302K(6528K) NonClass: 5769K(5888K)->5769K(5888K) Class: 533K(640K)->533K(640K)
[176.496s][info][gc             ] GC(347) Pause Full (Ergonomics) 10118M->10118M(10604M) 3062.506ms
[176.496s][info][gc,cpu         ] GC(347) User=23.44s Sys=0.00s Real=3.06s
[176.497s][info][gc,start       ] GC(348) Pause Full (Ergonomics)
[176.497s][info][gc,phases,start] GC(348) Marking Phase
[178.849s][info][gc,phases      ] GC(348) Marking Phase 2352.668ms
[178.849s][info][gc,phases,start] GC(348) Summary Phase
[178.849s][info][gc,phases      ] GC(348) Summary Phase 0.108ms
[178.849s][info][gc,phases,start] GC(348) Adjust Roots
[178.850s][info][gc,phases      ] GC(348) Adjust Roots 0.182ms
[178.850s][info][gc,phases,start] GC(348) Compaction Phase
[179.546s][info][gc,phases      ] GC(348) Compaction Phase 696.398ms
[179.546s][info][gc,phases,start] GC(348) Post Compact
[179.561s][info][gc,phases      ] GC(348) Post Compact 14.913ms
[179.561s][info][gc,heap        ] GC(348) PSYoungGen: 189528K(687104K)->189528K(687104K) Eden: 183295K(183296K)->183295K(183296K) From: 6232K(503808K)->6232K(503808K)
[179.561s][info][gc,heap        ] GC(348) ParOldGen: 10171644K(10171904K)->10171644K(10171904K)
[179.561s][info][gc,metaspace   ] GC(348) Metaspace: 6302K(6528K)->6302K(6528K) NonClass: 5769K(5888K)->5769K(5888K) Class: 533K(640K)->533K(640K)
[179.561s][info][gc             ] GC(348) Pause Full (Ergonomics) 10118M->10118M(10604M) 3064.652ms
[179.561s][info][gc,cpu         ] GC(348) User=23.41s Sys=0.02s Real=3.06s
[179.561s][info][gc,start       ] GC(349) Pause Full (Ergonomics)
[179.561s][info][gc,phases,start] GC(349) Marking Phase
[181.922s][info][gc,phases      ] GC(349) Marking Phase 2360.179ms
[181.922s][info][gc,phases,start] GC(349) Summary Phase
[181.922s][info][gc,phases      ] GC(349) Summary Phase 0.095ms
[181.922s][info][gc,phases,start] GC(349) Adjust Roots
[181.922s][info][gc,phases      ] GC(349) Adjust Roots 0.177ms
[181.922s][info][gc,phases,start] GC(349) Compaction Phase
[182.607s][info][gc,phases      ] GC(349) Compaction Phase 685.078ms
[182.607s][info][gc,phases,start] GC(349) Post Compact
[182.621s][info][gc,phases      ] GC(349) Post Compact 13.899ms
[182.621s][info][gc,heap        ] GC(349) PSYoungGen: 189528K(687104K)->189528K(687104K) Eden: 183295K(183296K)->183295K(183296K) From: 6232K(503808K)->6232K(503808K)
[182.621s][info][gc,heap        ] GC(349) ParOldGen: 10171648K(10171904K)->10171648K(10171904K)
[182.621s][info][gc,metaspace   ] GC(349) Metaspace: 6302K(6528K)->6302K(6528K) NonClass: 5769K(5888K)->5769K(5888K) Class: 533K(640K)->533K(640K)
[182.621s][info][gc             ] GC(349) Pause Full (Ergonomics) 10118M->10118M(10604M) 3059.777ms
[182.621s][info][gc,cpu         ] GC(349) User=23.72s Sys=0.00s Real=3.06s
[182.621s][info][gc,start       ] GC(350) Pause Full (Ergonomics)
[182.622s][info][gc,phases,start] GC(350) Marking Phase
[184.985s][info][gc,phases      ] GC(350) Marking Phase 2363.628ms
[184.985s][info][gc,phases,start] GC(350) Summary Phase
[184.985s][info][gc,phases      ] GC(350) Summary Phase 0.129ms
[184.985s][info][gc,phases,start] GC(350) Adjust Roots
[184.986s][info][gc,phases      ] GC(350) Adjust Roots 0.251ms
[184.986s][info][gc,phases,start] GC(350) Compaction Phase
[185.687s][info][gc,phases      ] GC(350) Compaction Phase 701.140ms
[185.687s][info][gc,phases,start] GC(350) Post Compact
[185.702s][info][gc,phases      ] GC(350) Post Compact 15.011ms
[185.702s][info][gc,heap        ] GC(350) PSYoungGen: 189528K(687104K)->189528K(687104K) Eden: 183295K(183296K)->183295K(183296K) From: 6232K(503808K)->6232K(503808K)
[185.702s][info][gc,heap        ] GC(350) ParOldGen: 10171653K(10171904K)->10171653K(10171904K)
[185.702s][info][gc,metaspace   ] GC(350) Metaspace: 6302K(6528K)->6302K(6528K) NonClass: 5769K(5888K)->5769K(5888K) Class: 533K(640K)->533K(640K)
[185.702s][info][gc             ] GC(350) Pause Full (Ergonomics) 10118M->10118M(10604M) 3080.554ms
[185.702s][info][gc,cpu         ] GC(350) User=23.59s Sys=0.02s Real=3.08s
[185.702s][info][gc,start       ] GC(351) Pause Full (Ergonomics)
[185.702s][info][gc,phases,start] GC(351) Marking Phase
[188.060s][info][gc,phases      ] GC(351) Marking Phase 2357.396ms
[188.060s][info][gc,phases,start] GC(351) Summary Phase
[188.060s][info][gc,phases      ] GC(351) Summary Phase 0.147ms
[188.060s][info][gc,phases,start] GC(351) Adjust Roots
[188.060s][info][gc,phases      ] GC(351) Adjust Roots 0.216ms
[188.060s][info][gc,phases,start] GC(351) Compaction Phase
[188.772s][info][gc,phases      ] GC(351) Compaction Phase 711.482ms
[188.772s][info][gc,phases,start] GC(351) Post Compact
[188.787s][info][gc,phases      ] GC(351) Post Compact 15.319ms
[188.787s][info][gc,heap        ] GC(351) PSYoungGen: 189528K(687104K)->189528K(687104K) Eden: 183295K(183296K)->183295K(183296K) From: 6232K(503808K)->6232K(503808K)
[188.787s][info][gc,heap        ] GC(351) ParOldGen: 10171658K(10171904K)->10171658K(10171904K)
[188.787s][info][gc,metaspace   ] GC(351) Metaspace: 6302K(6528K)->6302K(6528K) NonClass: 5769K(5888K)->5769K(5888K) Class: 533K(640K)->533K(640K)
[188.787s][info][gc             ] GC(351) Pause Full (Ergonomics) 10118M->10118M(10604M) 3084.959ms
[188.787s][info][gc,cpu         ] GC(351) User=23.72s Sys=0.02s Real=3.09s
[188.787s][info][gc,start       ] GC(352) Pause Full (Ergonomics)
[188.787s][info][gc,phases,start] GC(352) Marking Phase
[191.168s][info][gc,phases      ] GC(352) Marking Phase 2380.101ms
[191.168s][info][gc,phases,start] GC(352) Summary Phase
[191.168s][info][gc,phases      ] GC(352) Summary Phase 0.103ms
[191.168s][info][gc,phases,start] GC(352) Adjust Roots
[191.168s][info][gc,phases      ] GC(352) Adjust Roots 0.173ms
[191.168s][info][gc,phases,start] GC(352) Compaction Phase
[191.914s][info][gc,phases      ] GC(352) Compaction Phase 745.709ms
[191.914s][info][gc,phases,start] GC(352) Post Compact
[191.929s][info][gc,phases      ] GC(352) Post Compact 15.111ms
[191.929s][info][gc,heap        ] GC(352) PSYoungGen: 189528K(687104K)->189528K(687104K) Eden: 183295K(183296K)->183295K(183296K) From: 6232K(503808K)->6232K(503808K)
[191.929s][info][gc,heap        ] GC(352) ParOldGen: 10171663K(10171904K)->10171663K(10171904K)
[191.929s][info][gc,metaspace   ] GC(352) Metaspace: 6302K(6528K)->6302K(6528K) NonClass: 5769K(5888K)->5769K(5888K) Class: 533K(640K)->533K(640K)
[191.929s][info][gc             ] GC(352) Pause Full (Ergonomics) 10118M->10118M(10604M) 3141.552ms
[191.929s][info][gc,cpu         ] GC(352) User=23.91s Sys=0.00s Real=3.14s
[191.929s][info][gc,start       ] GC(353) Pause Full (Ergonomics)
[191.929s][info][gc,phases,start] GC(353) Marking Phase
[194.283s][info][gc,phases      ] GC(353) Marking Phase 2353.996ms
[194.283s][info][gc,phases,start] GC(353) Summary Phase
[194.283s][info][gc,phases      ] GC(353) Summary Phase 0.106ms
[194.283s][info][gc,phases,start] GC(353) Adjust Roots
[194.284s][info][gc,phases      ] GC(353) Adjust Roots 0.208ms
[194.284s][info][gc,phases,start] GC(353) Compaction Phase
[194.991s][info][gc,phases      ] GC(353) Compaction Phase 706.996ms
[194.991s][info][gc,phases,start] GC(353) Post Compact
[195.006s][info][gc,phases      ] GC(353) Post Compact 15.337ms
[195.006s][info][gc,heap        ] GC(353) PSYoungGen: 189528K(687104K)->189528K(687104K) Eden: 183295K(183296K)->183295K(183296K) From: 6232K(503808K)->6232K(503808K)
[195.006s][info][gc,heap        ] GC(353) ParOldGen: 10171668K(10171904K)->10171668K(10171904K)
[195.006s][info][gc,metaspace   ] GC(353) Metaspace: 6302K(6528K)->6302K(6528K) NonClass: 5769K(5888K)->5769K(5888K) Class: 533K(640K)->533K(640K)
[195.006s][info][gc             ] GC(353) Pause Full (Ergonomics) 10118M->10118M(10604M) 3077.006ms
[195.006s][info][gc,cpu         ] GC(353) User=23.56s Sys=0.00s Real=3.08s
[195.006s][info][gc,start       ] GC(354) Pause Full (Ergonomics)
[195.007s][info][gc,phases,start] GC(354) Marking Phase
[197.383s][info][gc,phases      ] GC(354) Marking Phase 2376.808ms
[197.383s][info][gc,phases,start] GC(354) Summary Phase
[197.384s][info][gc,phases      ] GC(354) Summary Phase 0.101ms
[197.384s][info][gc,phases,start] GC(354) Adjust Roots
[197.384s][info][gc,phases      ] GC(354) Adjust Roots 0.191ms
[197.384s][info][gc,phases,start] GC(354) Compaction Phase
[198.107s][info][gc,phases      ] GC(354) Compaction Phase 723.286ms
[198.107s][info][gc,phases,start] GC(354) Post Compact
[198.122s][info][gc,phases      ] GC(354) Post Compact 15.051ms
[198.122s][info][gc,heap        ] GC(354) PSYoungGen: 189528K(687104K)->189528K(687104K) Eden: 183295K(183296K)->183295K(183296K) From: 6232K(503808K)->6232K(503808K)
[198.122s][info][gc,heap        ] GC(354) ParOldGen: 10171673K(10171904K)->10171673K(10171904K)
[198.122s][info][gc,metaspace   ] GC(354) Metaspace: 6302K(6528K)->6302K(6528K) NonClass: 5769K(5888K)->5769K(5888K) Class: 533K(640K)->533K(640K)
[198.122s][info][gc             ] GC(354) Pause Full (Ergonomics) 10118M->10118M(10604M) 3115.801ms
[198.122s][info][gc,cpu         ] GC(354) User=23.75s Sys=0.00s Real=3.12s
[198.123s][info][gc,start       ] GC(355) Pause Full (Ergonomics)
[198.123s][info][gc,phases,start] GC(355) Marking Phase
[200.467s][info][gc,phases      ] GC(355) Marking Phase 2344.529ms
[200.467s][info][gc,phases,start] GC(355) Summary Phase
[200.467s][info][gc,phases      ] GC(355) Summary Phase 0.096ms
[200.467s][info][gc,phases,start] GC(355) Adjust Roots
[200.467s][info][gc,phases      ] GC(355) Adjust Roots 0.163ms
[200.467s][info][gc,phases,start] GC(355) Compaction Phase
[201.189s][info][gc,phases      ] GC(355) Compaction Phase 721.219ms
[201.189s][info][gc,phases,start] GC(355) Post Compact
[201.204s][info][gc,phases      ] GC(355) Post Compact 15.137ms
[201.204s][info][gc,heap        ] GC(355) PSYoungGen: 189528K(687104K)->189528K(687104K) Eden: 183295K(183296K)->183295K(183296K) From: 6232K(503808K)->6232K(503808K)
[201.204s][info][gc,heap        ] GC(355) ParOldGen: 10171677K(10171904K)->10171677K(10171904K)
[201.204s][info][gc,metaspace   ] GC(355) Metaspace: 6302K(6528K)->6302K(6528K) NonClass: 5769K(5888K)->5769K(5888K) Class: 533K(640K)->533K(640K)
[201.204s][info][gc             ] GC(355) Pause Full (Ergonomics) 10118M->10118M(10604M) 3081.504ms
[201.204s][info][gc,cpu         ] GC(355) User=23.31s Sys=0.02s Real=3.08s
[201.204s][info][gc,start       ] GC(356) Pause Full (Ergonomics)
[201.204s][info][gc,phases,start] GC(356) Marking Phase
[203.544s][info][gc,phases      ] GC(356) Marking Phase 2339.572ms
[203.544s][info][gc,phases,start] GC(356) Summary Phase
[203.544s][info][gc,phases      ] GC(356) Summary Phase 0.102ms
[203.544s][info][gc,phases,start] GC(356) Adjust Roots
[203.544s][info][gc,phases      ] GC(356) Adjust Roots 0.167ms
[203.544s][info][gc,phases,start] GC(356) Compaction Phase
[204.212s][info][gc,phases      ] GC(356) Compaction Phase 667.464ms
[204.212s][info][gc,phases,start] GC(356) Post Compact
[204.225s][info][gc,phases      ] GC(356) Post Compact 13.339ms
[204.225s][info][gc,heap        ] GC(356) PSYoungGen: 189528K(687104K)->189528K(687104K) Eden: 183295K(183296K)->183295K(183296K) From: 6232K(503808K)->6232K(503808K)
[204.225s][info][gc,heap        ] GC(356) ParOldGen: 10171682K(10171904K)->10171682K(10171904K)
[204.225s][info][gc,metaspace   ] GC(356) Metaspace: 6302K(6528K)->6302K(6528K) NonClass: 5769K(5888K)->5769K(5888K) Class: 533K(640K)->533K(640K)
[204.225s][info][gc             ] GC(356) Pause Full (Ergonomics) 10118M->10118M(10604M) 3020.968ms
[204.225s][info][gc,cpu         ] GC(356) User=23.31s Sys=0.00s Real=3.02s
[204.225s][info][gc,start       ] GC(357) Pause Full (Ergonomics)
[204.225s][info][gc,phases,start] GC(357) Marking Phase
[206.583s][info][gc,phases      ] GC(357) Marking Phase 2357.201ms
[206.583s][info][gc,phases,start] GC(357) Summary Phase
[206.583s][info][gc,phases      ] GC(357) Summary Phase 0.142ms
[206.583s][info][gc,phases,start] GC(357) Adjust Roots
[206.583s][info][gc,phases      ] GC(357) Adjust Roots 0.229ms
[206.583s][info][gc,phases,start] GC(357) Compaction Phase
[207.268s][info][gc,phases      ] GC(357) Compaction Phase 684.719ms
[207.268s][info][gc,phases,start] GC(357) Post Compact
[207.283s][info][gc,phases      ] GC(357) Post Compact 15.106ms
[207.283s][info][gc,heap        ] GC(357) PSYoungGen: 189528K(687104K)->189528K(687104K) Eden: 183295K(183296K)->183295K(183296K) From: 6232K(503808K)->6232K(503808K)
[207.283s][info][gc,heap        ] GC(357) ParOldGen: 10171687K(10171904K)->10171687K(10171904K)
[207.283s][info][gc,metaspace   ] GC(357) Metaspace: 6302K(6528K)->6302K(6528K) NonClass: 5769K(5888K)->5769K(5888K) Class: 533K(640K)->533K(640K)
[207.283s][info][gc             ] GC(357) Pause Full (Ergonomics) 10118M->10118M(10604M) 3057.750ms
[207.283s][info][gc,cpu         ] GC(357) User=23.62s Sys=0.00s Real=3.06s
[207.283s][info][gc,start       ] GC(358) Pause Full (Ergonomics)
[207.283s][info][gc,phases,start] GC(358) Marking Phase
[209.667s][info][gc,phases      ] GC(358) Marking Phase 2383.626ms
[209.667s][info][gc,phases,start] GC(358) Summary Phase
[209.667s][info][gc,phases      ] GC(358) Summary Phase 0.123ms
[209.667s][info][gc,phases,start] GC(358) Adjust Roots
[209.667s][info][gc,phases      ] GC(358) Adjust Roots 0.245ms
[209.667s][info][gc,phases,start] GC(358) Compaction Phase
[210.341s][info][gc,phases      ] GC(358) Compaction Phase 673.088ms
[210.341s][info][gc,phases,start] GC(358) Post Compact
[210.355s][info][gc,phases      ] GC(358) Post Compact 14.723ms
[210.355s][info][gc,heap        ] GC(358) PSYoungGen: 189528K(687104K)->189528K(687104K) Eden: 183295K(183296K)->183295K(183296K) From: 6232K(503808K)->6232K(503808K)
[210.355s][info][gc,heap        ] GC(358) ParOldGen: 10171692K(10171904K)->10171692K(10171904K)
[210.355s][info][gc,metaspace   ] GC(358) Metaspace: 6302K(6528K)->6302K(6528K) NonClass: 5769K(5888K)->5769K(5888K) Class: 533K(640K)->533K(640K)
[210.356s][info][gc             ] GC(358) Pause Full (Ergonomics) 10118M->10118M(10604M) 3072.182ms
[210.356s][info][gc,cpu         ] GC(358) User=23.75s Sys=0.02s Real=3.07s
[210.356s][info][gc,start       ] GC(359) Pause Full (Ergonomics)
[210.356s][info][gc,phases,start] GC(359) Marking Phase
[212.691s][info][gc,phases      ] GC(359) Marking Phase 2335.182ms
[212.691s][info][gc,phases,start] GC(359) Summary Phase
[212.691s][info][gc,phases      ] GC(359) Summary Phase 0.097ms
[212.691s][info][gc,phases,start] GC(359) Adjust Roots
[212.691s][info][gc,phases      ] GC(359) Adjust Roots 0.174ms
[212.691s][info][gc,phases,start] GC(359) Compaction Phase
[213.380s][info][gc,phases      ] GC(359) Compaction Phase 688.365ms
[213.380s][info][gc,phases,start] GC(359) Post Compact
[213.395s][info][gc,phases      ] GC(359) Post Compact 15.404ms
[213.395s][info][gc,heap        ] GC(359) PSYoungGen: 189528K(687104K)->189528K(687104K) Eden: 183295K(183296K)->183295K(183296K) From: 6232K(503808K)->6232K(503808K)
[213.395s][info][gc,heap        ] GC(359) ParOldGen: 10171697K(10171904K)->10171697K(10171904K)
[213.395s][info][gc,metaspace   ] GC(359) Metaspace: 6302K(6528K)->6302K(6528K) NonClass: 5769K(5888K)->5769K(5888K) Class: 533K(640K)->533K(640K)
[213.395s][info][gc             ] GC(359) Pause Full (Ergonomics) 10118M->10118M(10604M) 3039.584ms
[213.395s][info][gc,cpu         ] GC(359) User=23.20s Sys=0.00s Real=3.04s
[213.396s][info][gc,start       ] GC(360) Pause Full (Ergonomics)
[213.396s][info][gc,phases,start] GC(360) Marking Phase
[215.781s][info][gc,phases      ] GC(360) Marking Phase 2385.226ms
[215.781s][info][gc,phases,start] GC(360) Summary Phase
[215.781s][info][gc,phases      ] GC(360) Summary Phase 0.106ms
[215.781s][info][gc,phases,start] GC(360) Adjust Roots
[215.781s][info][gc,phases      ] GC(360) Adjust Roots 0.219ms
[215.781s][info][gc,phases,start] GC(360) Compaction Phase
[216.448s][info][gc,phases      ] GC(360) Compaction Phase 666.888ms
[216.448s][info][gc,phases,start] GC(360) Post Compact
[216.463s][info][gc,phases      ] GC(360) Post Compact 14.436ms
[216.463s][info][gc,heap        ] GC(360) PSYoungGen: 189528K(687104K)->189528K(687104K) Eden: 183295K(183296K)->183295K(183296K) From: 6232K(503808K)->6232K(503808K)
[216.463s][info][gc,heap        ] GC(360) ParOldGen: 10171702K(10171904K)->10171702K(10171904K)
[216.463s][info][gc,metaspace   ] GC(360) Metaspace: 6302K(6528K)->6302K(6528K) NonClass: 5769K(5888K)->5769K(5888K) Class: 533K(640K)->533K(640K)
[216.463s][info][gc             ] GC(360) Pause Full (Ergonomics) 10118M->10118M(10604M) 3067.220ms
[216.463s][info][gc,cpu         ] GC(360) User=23.48s Sys=0.02s Real=3.07s
[216.463s][info][gc,start       ] GC(361) Pause Full (Ergonomics)
[216.463s][info][gc,phases,start] GC(361) Marking Phase
[218.798s][info][gc,phases      ] GC(361) Marking Phase 2334.774ms
[218.798s][info][gc,phases,start] GC(361) Summary Phase
[218.798s][info][gc,phases      ] GC(361) Summary Phase 0.154ms
[218.798s][info][gc,phases,start] GC(361) Adjust Roots
[218.798s][info][gc,phases      ] GC(361) Adjust Roots 0.314ms
[218.798s][info][gc,phases,start] GC(361) Compaction Phase
[219.477s][info][gc,phases      ] GC(361) Compaction Phase 678.519ms
[219.477s][info][gc,phases,start] GC(361) Post Compact
[219.492s][info][gc,phases      ] GC(361) Post Compact 15.164ms
[219.492s][info][gc,heap        ] GC(361) PSYoungGen: 189528K(687104K)->189528K(687104K) Eden: 183295K(183296K)->183295K(183296K) From: 6232K(503808K)->6232K(503808K)
[219.492s][info][gc,heap        ] GC(361) ParOldGen: 10171706K(10171904K)->10171706K(10171904K)
[219.492s][info][gc,metaspace   ] GC(361) Metaspace: 6302K(6528K)->6302K(6528K) NonClass: 5769K(5888K)->5769K(5888K) Class: 533K(640K)->533K(640K)
[219.492s][info][gc             ] GC(361) Pause Full (Ergonomics) 10118M->10118M(10604M) 3029.333ms
[219.492s][info][gc,cpu         ] GC(361) User=23.11s Sys=0.03s Real=3.03s
[219.493s][info][gc,start       ] GC(362) Pause Full (Ergonomics)
[219.493s][info][gc,phases,start] GC(362) Marking Phase
[221.865s][info][gc,phases      ] GC(362) Marking Phase 2372.859ms
[221.866s][info][gc,phases,start] GC(362) Summary Phase
[221.866s][info][gc,phases      ] GC(362) Summary Phase 0.095ms
[221.866s][info][gc,phases,start] GC(362) Adjust Roots
[221.866s][info][gc,phases      ] GC(362) Adjust Roots 0.167ms
[221.866s][info][gc,phases,start] GC(362) Compaction Phase
[222.535s][info][gc,phases      ] GC(362) Compaction Phase 669.567ms
[222.535s][info][gc,phases,start] GC(362) Post Compact
[222.551s][info][gc,phases      ] GC(362) Post Compact 15.733ms
[222.551s][info][gc,heap        ] GC(362) PSYoungGen: 189528K(687104K)->189528K(687104K) Eden: 183295K(183296K)->183295K(183296K) From: 6232K(503808K)->6232K(503808K)
[222.551s][info][gc,heap        ] GC(362) ParOldGen: 10171711K(10171904K)->10171711K(10171904K)
[222.551s][info][gc,metaspace   ] GC(362) Metaspace: 6302K(6528K)->6302K(6528K) NonClass: 5769K(5888K)->5769K(5888K) Class: 533K(640K)->533K(640K)
[222.551s][info][gc             ] GC(362) Pause Full (Ergonomics) 10118M->10118M(10604M) 3058.821ms
[222.551s][info][gc,cpu         ] GC(362) User=23.55s Sys=0.00s Real=3.06s
[222.552s][info][gc,start       ] GC(363) Pause Full (Ergonomics)
[222.552s][info][gc,phases,start] GC(363) Marking Phase
[224.936s][info][gc,phases      ] GC(363) Marking Phase 2384.678ms
[224.936s][info][gc,phases,start] GC(363) Summary Phase
[224.936s][info][gc,phases      ] GC(363) Summary Phase 0.108ms
[224.936s][info][gc,phases,start] GC(363) Adjust Roots
[224.937s][info][gc,phases      ] GC(363) Adjust Roots 0.201ms
[224.937s][info][gc,phases,start] GC(363) Compaction Phase
[225.597s][info][gc,phases      ] GC(363) Compaction Phase 659.907ms
[225.597s][info][gc,phases,start] GC(363) Post Compact
[225.612s][info][gc,phases      ] GC(363) Post Compact 14.849ms
[225.612s][info][gc,heap        ] GC(363) PSYoungGen: 189528K(687104K)->189528K(687104K) Eden: 183295K(183296K)->183295K(183296K) From: 6232K(503808K)->6232K(503808K)
[225.612s][info][gc,heap        ] GC(363) ParOldGen: 10171716K(10171904K)->10171716K(10171904K)
[225.612s][info][gc,metaspace   ] GC(363) Metaspace: 6302K(6528K)->6302K(6528K) NonClass: 5769K(5888K)->5769K(5888K) Class: 533K(640K)->533K(640K)
[225.612s][info][gc             ] GC(363) Pause Full (Ergonomics) 10118M->10118M(10604M) 3060.103ms
[225.612s][info][gc,cpu         ] GC(363) User=23.59s Sys=0.00s Real=3.06s
[225.612s][info][gc,start       ] GC(364) Pause Full (Ergonomics)
[225.612s][info][gc,phases,start] GC(364) Marking Phase
[227.977s][info][gc,phases      ] GC(364) Marking Phase 2364.617ms
[227.977s][info][gc,phases,start] GC(364) Summary Phase
[227.977s][info][gc,phases      ] GC(364) Summary Phase 0.096ms
[227.977s][info][gc,phases,start] GC(364) Adjust Roots
[227.977s][info][gc,phases      ] GC(364) Adjust Roots 0.170ms
[227.977s][info][gc,phases,start] GC(364) Compaction Phase
[228.633s][info][gc,phases      ] GC(364) Compaction Phase 656.070ms
[228.633s][info][gc,phases,start] GC(364) Post Compact
[228.648s][info][gc,phases      ] GC(364) Post Compact 14.869ms
[228.648s][info][gc,heap        ] GC(364) PSYoungGen: 189528K(687104K)->189528K(687104K) Eden: 183295K(183296K)->183295K(183296K) From: 6232K(503808K)->6232K(503808K)
[228.648s][info][gc,heap        ] GC(364) ParOldGen: 10171721K(10171904K)->10171721K(10171904K)
[228.648s][info][gc,metaspace   ] GC(364) Metaspace: 6302K(6528K)->6302K(6528K) NonClass: 5769K(5888K)->5769K(5888K) Class: 533K(640K)->533K(640K)
[228.648s][info][gc             ] GC(364) Pause Full (Ergonomics) 10118M->10118M(10604M) 3036.187ms
[228.648s][info][gc,cpu         ] GC(364) User=23.23s Sys=0.00s Real=3.04s
[228.648s][info][gc,start       ] GC(365) Pause Full (Ergonomics)
[228.648s][info][gc,phases,start] GC(365) Marking Phase
[231.021s][info][gc,phases      ] GC(365) Marking Phase 2372.744ms
[231.021s][info][gc,phases,start] GC(365) Summary Phase
[231.021s][info][gc,phases      ] GC(365) Summary Phase 0.100ms
[231.021s][info][gc,phases,start] GC(365) Adjust Roots
[231.021s][info][gc,phases      ] GC(365) Adjust Roots 0.170ms
[231.021s][info][gc,phases,start] GC(365) Compaction Phase
[231.677s][info][gc,phases      ] GC(365) Compaction Phase 655.380ms
[231.677s][info][gc,phases,start] GC(365) Post Compact
[231.692s][info][gc,phases      ] GC(365) Post Compact 15.054ms
[231.692s][info][gc,heap        ] GC(365) PSYoungGen: 189528K(687104K)->189528K(687104K) Eden: 183295K(183296K)->183295K(183296K) From: 6232K(503808K)->6232K(503808K)
[231.692s][info][gc,heap        ] GC(365) ParOldGen: 10171726K(10171904K)->10171726K(10171904K)
[231.692s][info][gc,metaspace   ] GC(365) Metaspace: 6302K(6528K)->6302K(6528K) NonClass: 5769K(5888K)->5769K(5888K) Class: 533K(640K)->533K(640K)
[231.692s][info][gc             ] GC(365) Pause Full (Ergonomics) 10118M->10118M(10604M) 3043.810ms
[231.692s][info][gc,cpu         ] GC(365) User=23.42s Sys=0.00s Real=3.05s
[231.692s][info][gc,start       ] GC(366) Pause Full (Ergonomics)
[231.692s][info][gc,phases,start] GC(366) Marking Phase
[234.052s][info][gc,phases      ] GC(366) Marking Phase 2359.673ms
[234.052s][info][gc,phases,start] GC(366) Summary Phase
[234.052s][info][gc,phases      ] GC(366) Summary Phase 0.094ms
[234.052s][info][gc,phases,start] GC(366) Adjust Roots
[234.052s][info][gc,phases      ] GC(366) Adjust Roots 0.172ms
[234.052s][info][gc,phases,start] GC(366) Compaction Phase
[234.719s][info][gc,phases      ] GC(366) Compaction Phase 666.950ms
[234.719s][info][gc,phases,start] GC(366) Post Compact
[234.735s][info][gc,phases      ] GC(366) Post Compact 15.095ms
[234.735s][info][gc,heap        ] GC(366) PSYoungGen: 189528K(687104K)->189528K(687104K) Eden: 183295K(183296K)->183295K(183296K) From: 6232K(503808K)->6232K(503808K)
[234.735s][info][gc,heap        ] GC(366) ParOldGen: 10171731K(10171904K)->10171731K(10171904K)
[234.735s][info][gc,metaspace   ] GC(366) Metaspace: 6302K(6528K)->6302K(6528K) NonClass: 5769K(5888K)->5769K(5888K) Class: 533K(640K)->533K(640K)
[234.735s][info][gc             ] GC(366) Pause Full (Ergonomics) 10118M->10118M(10604M) 3042.298ms
[234.735s][info][gc,cpu         ] GC(366) User=23.23s Sys=0.03s Real=3.04s
[234.735s][info][gc,start       ] GC(367) Pause Full (Ergonomics)
[234.735s][info][gc,phases,start] GC(367) Marking Phase
[237.096s][info][gc,phases      ] GC(367) Marking Phase 2361.100ms
[237.096s][info][gc,phases,start] GC(367) Summary Phase
[237.096s][info][gc,phases      ] GC(367) Summary Phase 0.095ms
[237.096s][info][gc,phases,start] GC(367) Adjust Roots
[237.096s][info][gc,phases      ] GC(367) Adjust Roots 0.167ms
[237.096s][info][gc,phases,start] GC(367) Compaction Phase
[237.760s][info][gc,phases      ] GC(367) Compaction Phase 663.407ms
[237.760s][info][gc,phases,start] GC(367) Post Compact
[237.775s][info][gc,phases      ] GC(367) Post Compact 15.222ms
[237.775s][info][gc,heap        ] GC(367) PSYoungGen: 189528K(687104K)->189528K(687104K) Eden: 183295K(183296K)->183295K(183296K) From: 6232K(503808K)->6232K(503808K)
[237.775s][info][gc,heap        ] GC(367) ParOldGen: 10171735K(10171904K)->10171735K(10171904K)
[237.775s][info][gc,metaspace   ] GC(367) Metaspace: 6302K(6528K)->6302K(6528K) NonClass: 5769K(5888K)->5769K(5888K) Class: 533K(640K)->533K(640K)
[237.775s][info][gc             ] GC(367) Pause Full (Ergonomics) 10118M->10118M(10604M) 3040.332ms
[237.775s][info][gc,cpu         ] GC(367) User=23.27s Sys=0.00s Real=3.04s
[237.775s][info][gc,start       ] GC(368) Pause Full (Ergonomics)
[237.776s][info][gc,phases,start] GC(368) Marking Phase
[240.129s][info][gc,phases      ] GC(368) Marking Phase 2353.195ms
[240.129s][info][gc,phases,start] GC(368) Summary Phase
[240.129s][info][gc,phases      ] GC(368) Summary Phase 0.096ms
[240.129s][info][gc,phases,start] GC(368) Adjust Roots
[240.129s][info][gc,phases      ] GC(368) Adjust Roots 0.164ms
[240.129s][info][gc,phases,start] GC(368) Compaction Phase
[240.790s][info][gc,phases      ] GC(368) Compaction Phase 661.117ms
[240.790s][info][gc,phases,start] GC(368) Post Compact
[240.806s][info][gc,phases      ] GC(368) Post Compact 15.309ms
[240.806s][info][gc,heap        ] GC(368) PSYoungGen: 189528K(687104K)->189528K(687104K) Eden: 183295K(183296K)->183295K(183296K) From: 6232K(503808K)->6232K(503808K)
[240.806s][info][gc,heap        ] GC(368) ParOldGen: 10171740K(10171904K)->10171740K(10171904K)
[240.806s][info][gc,metaspace   ] GC(368) Metaspace: 6302K(6528K)->6302K(6528K) NonClass: 5769K(5888K)->5769K(5888K) Class: 533K(640K)->533K(640K)
[240.806s][info][gc             ] GC(368) Pause Full (Ergonomics) 10118M->10118M(10604M) 3030.207ms
[240.806s][info][gc,cpu         ] GC(368) User=23.19s Sys=0.00s Real=3.03s
[240.806s][info][gc,start       ] GC(369) Pause Full (Ergonomics)
[240.806s][info][gc,phases,start] GC(369) Marking Phase
[243.180s][info][gc,phases      ] GC(369) Marking Phase 2373.958ms
[243.180s][info][gc,phases,start] GC(369) Summary Phase
[243.180s][info][gc,phases      ] GC(369) Summary Phase 0.095ms
[243.180s][info][gc,phases,start] GC(369) Adjust Roots
[243.180s][info][gc,phases      ] GC(369) Adjust Roots 0.187ms
[243.180s][info][gc,phases,start] GC(369) Compaction Phase
[243.848s][info][gc,phases      ] GC(369) Compaction Phase 667.569ms
[243.848s][info][gc,phases,start] GC(369) Post Compact
[243.863s][info][gc,phases      ] GC(369) Post Compact 15.277ms
[243.863s][info][gc,heap        ] GC(369) PSYoungGen: 189528K(687104K)->189528K(687104K) Eden: 183295K(183296K)->183295K(183296K) From: 6232K(503808K)->6232K(503808K)
[243.863s][info][gc,heap        ] GC(369) ParOldGen: 10171745K(10171904K)->10171745K(10171904K)
[243.863s][info][gc,metaspace   ] GC(369) Metaspace: 6302K(6528K)->6302K(6528K) NonClass: 5769K(5888K)->5769K(5888K) Class: 533K(640K)->533K(640K)
[243.863s][info][gc             ] GC(369) Pause Full (Ergonomics) 10118M->10118M(10604M) 3057.422ms
[243.863s][info][gc,cpu         ] GC(369) User=23.53s Sys=0.00s Real=3.06s
[243.864s][info][gc,start       ] GC(370) Pause Full (Ergonomics)
[243.864s][info][gc,phases,start] GC(370) Marking Phase
[246.188s][info][gc,phases      ] GC(370) Marking Phase 2323.997ms
[246.188s][info][gc,phases,start] GC(370) Summary Phase
[246.188s][info][gc,phases      ] GC(370) Summary Phase 0.115ms
[246.188s][info][gc,phases,start] GC(370) Adjust Roots
[246.188s][info][gc,phases      ] GC(370) Adjust Roots 0.210ms
[246.188s][info][gc,phases,start] GC(370) Compaction Phase
[246.851s][info][gc,phases      ] GC(370) Compaction Phase 662.958ms
[246.851s][info][gc,phases,start] GC(370) Post Compact
[246.866s][info][gc,phases      ] GC(370) Post Compact 15.160ms
[246.866s][info][gc,heap        ] GC(370) PSYoungGen: 189528K(687104K)->189528K(687104K) Eden: 183295K(183296K)->183295K(183296K) From: 6232K(503808K)->6232K(503808K)
[246.866s][info][gc,heap        ] GC(370) ParOldGen: 10171750K(10171904K)->10171750K(10171904K)
[246.866s][info][gc,metaspace   ] GC(370) Metaspace: 6302K(6528K)->6302K(6528K) NonClass: 5769K(5888K)->5769K(5888K) Class: 533K(640K)->533K(640K)
[246.866s][info][gc             ] GC(370) Pause Full (Ergonomics) 10118M->10118M(10604M) 3002.806ms
[246.866s][info][gc,cpu         ] GC(370) User=22.94s Sys=0.00s Real=3.00s
[246.867s][info][gc,start       ] GC(371) Pause Full (Ergonomics)
[246.867s][info][gc,phases,start] GC(371) Marking Phase
[249.227s][info][gc,phases      ] GC(371) Marking Phase 2360.124ms
[249.227s][info][gc,phases,start] GC(371) Summary Phase
[249.227s][info][gc,phases      ] GC(371) Summary Phase 0.101ms
[249.227s][info][gc,phases,start] GC(371) Adjust Roots
[249.227s][info][gc,phases      ] GC(371) Adjust Roots 0.173ms
[249.227s][info][gc,phases,start] GC(371) Compaction Phase
[249.906s][info][gc,phases      ] GC(371) Compaction Phase 678.825ms
[249.906s][info][gc,phases,start] GC(371) Post Compact
[249.921s][info][gc,phases      ] GC(371) Post Compact 15.052ms
[249.921s][info][gc,heap        ] GC(371) PSYoungGen: 189528K(687104K)->189528K(687104K) Eden: 183295K(183296K)->183295K(183296K) From: 6232K(503808K)->6232K(503808K)
[249.921s][info][gc,heap        ] GC(371) ParOldGen: 10171755K(10171904K)->10171755K(10171904K)
[249.921s][info][gc,metaspace   ] GC(371) Metaspace: 6302K(6528K)->6302K(6528K) NonClass: 5769K(5888K)->5769K(5888K) Class: 533K(640K)->533K(640K)
[249.921s][info][gc             ] GC(371) Pause Full (Ergonomics) 10118M->10118M(10604M) 3054.628ms
[249.921s][info][gc,cpu         ] GC(371) User=23.27s Sys=0.00s Real=3.06s
[249.921s][info][gc,start       ] GC(372) Pause Full (Ergonomics)
[249.921s][info][gc,phases,start] GC(372) Marking Phase
[252.302s][info][gc,phases      ] GC(372) Marking Phase 2380.096ms
[252.302s][info][gc,phases,start] GC(372) Summary Phase
[252.302s][info][gc,phases      ] GC(372) Summary Phase 0.106ms
[252.302s][info][gc,phases,start] GC(372) Adjust Roots
[252.302s][info][gc,phases      ] GC(372) Adjust Roots 0.192ms
[252.302s][info][gc,phases,start] GC(372) Compaction Phase
[252.976s][info][gc,phases      ] GC(372) Compaction Phase 673.760ms
[252.976s][info][gc,phases,start] GC(372) Post Compact
[252.991s][info][gc,phases      ] GC(372) Post Compact 15.099ms
[252.991s][info][gc,heap        ] GC(372) PSYoungGen: 189528K(687104K)->189528K(687104K) Eden: 183295K(183296K)->183295K(183296K) From: 6232K(503808K)->6232K(503808K)
[252.991s][info][gc,heap        ] GC(372) ParOldGen: 10171760K(10171904K)->10171760K(10171904K)
[252.991s][info][gc,metaspace   ] GC(372) Metaspace: 6302K(6528K)->6302K(6528K) NonClass: 5769K(5888K)->5769K(5888K) Class: 533K(640K)->533K(640K)
[252.991s][info][gc             ] GC(372) Pause Full (Ergonomics) 10118M->10118M(10604M) 3069.625ms
[252.991s][info][gc,cpu         ] GC(372) User=23.34s Sys=0.02s Real=3.07s
[252.991s][info][gc,start       ] GC(373) Pause Full (Ergonomics)
[252.991s][info][gc,phases,start] GC(373) Marking Phase
[255.373s][info][gc,phases      ] GC(373) Marking Phase 2381.526ms
[255.373s][info][gc,phases,start] GC(373) Summary Phase
[255.373s][info][gc,phases      ] GC(373) Summary Phase 0.142ms
[255.373s][info][gc,phases,start] GC(373) Adjust Roots
[255.373s][info][gc,phases      ] GC(373) Adjust Roots 0.193ms
[255.373s][info][gc,phases,start] GC(373) Compaction Phase
[256.040s][info][gc,phases      ] GC(373) Compaction Phase 666.412ms
[256.040s][info][gc,phases,start] GC(373) Post Compact
[256.055s][info][gc,phases      ] GC(373) Post Compact 15.495ms
[256.055s][info][gc,heap        ] GC(373) PSYoungGen: 189528K(687104K)->189528K(687104K) Eden: 183295K(183296K)->183295K(183296K) From: 6232K(503808K)->6232K(503808K)
[256.055s][info][gc,heap        ] GC(373) ParOldGen: 10171764K(10171904K)->10171764K(10171904K)
[256.055s][info][gc,metaspace   ] GC(373) Metaspace: 6302K(6528K)->6302K(6528K) NonClass: 5769K(5888K)->5769K(5888K) Class: 533K(640K)->533K(640K)
[256.055s][info][gc             ] GC(373) Pause Full (Ergonomics) 10118M->10118M(10604M) 3064.155ms
[256.055s][info][gc,cpu         ] GC(373) User=23.36s Sys=0.00s Real=3.06s
[256.056s][info][gc,start       ] GC(374) Pause Full (Ergonomics)
[256.056s][info][gc,phases,start] GC(374) Marking Phase
[258.427s][info][gc,phases      ] GC(374) Marking Phase 2371.648ms
[258.427s][info][gc,phases,start] GC(374) Summary Phase
[258.427s][info][gc,phases      ] GC(374) Summary Phase 0.096ms
[258.427s][info][gc,phases,start] GC(374) Adjust Roots
[258.428s][info][gc,phases      ] GC(374) Adjust Roots 0.169ms
[258.428s][info][gc,phases,start] GC(374) Compaction Phase
[259.086s][info][gc,phases      ] GC(374) Compaction Phase 658.237ms
[259.086s][info][gc,phases,start] GC(374) Post Compact
[259.101s][info][gc,phases      ] GC(374) Post Compact 15.084ms
[259.101s][info][gc,heap        ] GC(374) PSYoungGen: 189528K(687104K)->189528K(687104K) Eden: 183295K(183296K)->183295K(183296K) From: 6232K(503808K)->6232K(503808K)
[259.101s][info][gc,heap        ] GC(374) ParOldGen: 10171769K(10171904K)->10171769K(10171904K)
[259.101s][info][gc,metaspace   ] GC(374) Metaspace: 6302K(6528K)->6302K(6528K) NonClass: 5769K(5888K)->5769K(5888K) Class: 533K(640K)->533K(640K)
[259.101s][info][gc             ] GC(374) Pause Full (Ergonomics) 10118M->10118M(10604M) 3045.597ms
[259.101s][info][gc,cpu         ] GC(374) User=23.31s Sys=0.00s Real=3.05s
[259.101s][info][gc,start       ] GC(375) Pause Full (Ergonomics)
[259.101s][info][gc,phases,start] GC(375) Marking Phase
[261.459s][info][gc,phases      ] GC(375) Marking Phase 2357.796ms
[261.459s][info][gc,phases,start] GC(375) Summary Phase
[261.459s][info][gc,phases      ] GC(375) Summary Phase 0.118ms
[261.459s][info][gc,phases,start] GC(375) Adjust Roots
[261.460s][info][gc,phases      ] GC(375) Adjust Roots 0.246ms
[261.460s][info][gc,phases,start] GC(375) Compaction Phase
[262.122s][info][gc,phases      ] GC(375) Compaction Phase 662.429ms
[262.122s][info][gc,phases,start] GC(375) Post Compact
[262.140s][info][gc,phases      ] GC(375) Post Compact 17.399ms
[262.140s][info][gc,heap        ] GC(375) PSYoungGen: 189528K(687104K)->189528K(687104K) Eden: 183295K(183296K)->183295K(183296K) From: 6232K(503808K)->6232K(503808K)
[262.140s][info][gc,heap        ] GC(375) ParOldGen: 10171774K(10171904K)->10171774K(10171904K)
[262.140s][info][gc,metaspace   ] GC(375) Metaspace: 6302K(6528K)->6302K(6528K) NonClass: 5769K(5888K)->5769K(5888K) Class: 533K(640K)->533K(640K)
[262.140s][info][gc             ] GC(375) Pause Full (Ergonomics) 10118M->10118M(10604M) 3038.348ms
[262.140s][info][gc,cpu         ] GC(375) User=23.33s Sys=0.02s Real=3.04s
[262.140s][info][gc,start       ] GC(376) Pause Full (Ergonomics)
[262.140s][info][gc,phases,start] GC(376) Marking Phase
[264.526s][info][gc,phases      ] GC(376) Marking Phase 2386.185ms
[264.526s][info][gc,phases,start] GC(376) Summary Phase
[264.526s][info][gc,phases      ] GC(376) Summary Phase 0.093ms
[264.526s][info][gc,phases,start] GC(376) Adjust Roots
[264.527s][info][gc,phases      ] GC(376) Adjust Roots 0.163ms
[264.527s][info][gc,phases,start] GC(376) Compaction Phase
[265.200s][info][gc,phases      ] GC(376) Compaction Phase 673.653ms
[265.200s][info][gc,phases,start] GC(376) Post Compact
[265.215s][info][gc,phases      ] GC(376) Post Compact 15.075ms
[265.215s][info][gc,heap        ] GC(376) PSYoungGen: 189528K(687104K)->189528K(687104K) Eden: 183295K(183296K)->183295K(183296K) From: 6232K(503808K)->6232K(503808K)
[265.215s][info][gc,heap        ] GC(376) ParOldGen: 10171779K(10171904K)->10171779K(10171904K)
[265.215s][info][gc,metaspace   ] GC(376) Metaspace: 6302K(6528K)->6302K(6528K) NonClass: 5769K(5888K)->5769K(5888K) Class: 533K(640K)->533K(640K)
[265.216s][info][gc             ] GC(376) Pause Full (Ergonomics) 10118M->10118M(10604M) 3075.538ms
[265.216s][info][gc,cpu         ] GC(376) User=23.41s Sys=0.02s Real=3.08s
[265.216s][info][gc,start       ] GC(377) Pause Full (Ergonomics)
[265.216s][info][gc,phases,start] GC(377) Marking Phase
[267.602s][info][gc,phases      ] GC(377) Marking Phase 2386.671ms
[267.602s][info][gc,phases,start] GC(377) Summary Phase
[267.603s][info][gc,phases      ] GC(377) Summary Phase 0.184ms
[267.603s][info][gc,phases,start] GC(377) Adjust Roots
[267.603s][info][gc,phases      ] GC(377) Adjust Roots 0.351ms
[267.603s][info][gc,phases,start] GC(377) Compaction Phase
[268.287s][info][gc,phases      ] GC(377) Compaction Phase 684.171ms
[268.287s][info][gc,phases,start] GC(377) Post Compact
[268.302s][info][gc,phases      ] GC(377) Post Compact 15.098ms
[268.303s][info][gc,heap        ] GC(377) PSYoungGen: 189528K(687104K)->189528K(687104K) Eden: 183295K(183296K)->183295K(183296K) From: 6232K(503808K)->6232K(503808K)
[268.303s][info][gc,heap        ] GC(377) ParOldGen: 10171784K(10171904K)->10171784K(10171904K)
[268.303s][info][gc,metaspace   ] GC(377) Metaspace: 6302K(6528K)->6302K(6528K) NonClass: 5769K(5888K)->5769K(5888K) Class: 533K(640K)->533K(640K)
[268.303s][info][gc             ] GC(377) Pause Full (Ergonomics) 10118M->10118M(10604M) 3086.887ms
[268.303s][info][gc,cpu         ] GC(377) User=23.34s Sys=0.00s Real=3.09s
[268.303s][info][gc,start       ] GC(378) Pause Full (Ergonomics)
[268.303s][info][gc,phases,start] GC(378) Marking Phase
[270.626s][info][gc,phases      ] GC(378) Marking Phase 2323.358ms
[270.626s][info][gc,phases,start] GC(378) Summary Phase
[270.626s][info][gc,phases      ] GC(378) Summary Phase 0.193ms
[270.627s][info][gc,phases,start] GC(378) Adjust Roots
[270.627s][info][gc,phases      ] GC(378) Adjust Roots 0.341ms
[270.627s][info][gc,phases,start] GC(378) Compaction Phase
[271.305s][info][gc,phases      ] GC(378) Compaction Phase 678.044ms
[271.305s][info][gc,phases,start] GC(378) Post Compact
[271.322s][info][gc,phases      ] GC(378) Post Compact 16.939ms
[271.322s][info][gc,heap        ] GC(378) PSYoungGen: 189528K(687104K)->189528K(687104K) Eden: 183295K(183296K)->183295K(183296K) From: 6232K(503808K)->6232K(503808K)
[271.322s][info][gc,heap        ] GC(378) ParOldGen: 10171789K(10171904K)->10171789K(10171904K)
[271.322s][info][gc,metaspace   ] GC(378) Metaspace: 6302K(6528K)->6302K(6528K) NonClass: 5769K(5888K)->5769K(5888K) Class: 533K(640K)->533K(640K)
[271.322s][info][gc             ] GC(378) Pause Full (Ergonomics) 10118M->10118M(10604M) 3019.327ms
[271.322s][info][gc,cpu         ] GC(378) User=22.73s Sys=0.00s Real=3.02s
[271.322s][info][gc,start       ] GC(379) Pause Full (Ergonomics)
[271.322s][info][gc,phases,start] GC(379) Marking Phase
[273.662s][info][gc,phases      ] GC(379) Marking Phase 2339.264ms
[273.662s][info][gc,phases,start] GC(379) Summary Phase
[273.662s][info][gc,phases      ] GC(379) Summary Phase 0.121ms
[273.662s][info][gc,phases,start] GC(379) Adjust Roots
[273.662s][info][gc,phases      ] GC(379) Adjust Roots 0.246ms
[273.662s][info][gc,phases,start] GC(379) Compaction Phase
[274.333s][info][gc,phases      ] GC(379) Compaction Phase 671.178ms
[274.333s][info][gc,phases,start] GC(379) Post Compact
[274.348s][info][gc,phases      ] GC(379) Post Compact 14.979ms
[274.348s][info][gc,heap        ] GC(379) PSYoungGen: 189528K(687104K)->189528K(687104K) Eden: 183295K(183296K)->183295K(183296K) From: 6232K(503808K)->6232K(503808K)
[274.348s][info][gc,heap        ] GC(379) ParOldGen: 10171793K(10171904K)->10171793K(10171904K)
[274.348s][info][gc,metaspace   ] GC(379) Metaspace: 6302K(6528K)->6302K(6528K) NonClass: 5769K(5888K)->5769K(5888K) Class: 533K(640K)->533K(640K)
[274.348s][info][gc             ] GC(379) Pause Full (Ergonomics) 10118M->10118M(10604M) 3026.155ms
[274.348s][info][gc,cpu         ] GC(379) User=23.05s Sys=0.02s Real=3.03s
[274.349s][info][gc,start       ] GC(380) Pause Full (Ergonomics)
[274.349s][info][gc,phases,start] GC(380) Marking Phase
[276.682s][info][gc,phases      ] GC(380) Marking Phase 2333.272ms
[276.682s][info][gc,phases,start] GC(380) Summary Phase
[276.682s][info][gc,phases      ] GC(380) Summary Phase 0.187ms
[276.682s][info][gc,phases,start] GC(380) Adjust Roots
[276.683s][info][gc,phases      ] GC(380) Adjust Roots 0.394ms
[276.683s][info][gc,phases,start] GC(380) Compaction Phase
[277.351s][info][gc,phases      ] GC(380) Compaction Phase 668.060ms
[277.351s][info][gc,phases,start] GC(380) Post Compact
[277.366s][info][gc,phases      ] GC(380) Post Compact 15.120ms
[277.366s][info][gc,heap        ] GC(380) PSYoungGen: 189528K(687104K)->189528K(687104K) Eden: 183295K(183296K)->183295K(183296K) From: 6232K(503808K)->6232K(503808K)
[277.366s][info][gc,heap        ] GC(380) ParOldGen: 10171798K(10171904K)->10171798K(10171904K)
[277.366s][info][gc,metaspace   ] GC(380) Metaspace: 6302K(6528K)->6302K(6528K) NonClass: 5769K(5888K)->5769K(5888K) Class: 533K(640K)->533K(640K)
[277.366s][info][gc             ] GC(380) Pause Full (Ergonomics) 10118M->10118M(10604M) 3017.499ms
[277.366s][info][gc,cpu         ] GC(380) User=22.86s Sys=0.03s Real=3.02s
[277.366s][info][gc,start       ] GC(381) Pause Full (Ergonomics)
[277.366s][info][gc,phases,start] GC(381) Marking Phase
[279.686s][info][gc,phases      ] GC(381) Marking Phase 2319.107ms
[279.686s][info][gc,phases,start] GC(381) Summary Phase
[279.686s][info][gc,phases      ] GC(381) Summary Phase 0.145ms
[279.686s][info][gc,phases,start] GC(381) Adjust Roots
[279.686s][info][gc,phases      ] GC(381) Adjust Roots 0.223ms
[279.686s][info][gc,phases,start] GC(381) Compaction Phase
[280.361s][info][gc,phases      ] GC(381) Compaction Phase 674.573ms
[280.361s][info][gc,phases,start] GC(381) Post Compact
[280.376s][info][gc,phases      ] GC(381) Post Compact 15.120ms
[280.376s][info][gc,heap        ] GC(381) PSYoungGen: 189528K(687104K)->189528K(687104K) Eden: 183295K(183296K)->183295K(183296K) From: 6232K(503808K)->6232K(503808K)
[280.376s][info][gc,heap        ] GC(381) ParOldGen: 10171803K(10171904K)->10171803K(10171904K)
[280.376s][info][gc,metaspace   ] GC(381) Metaspace: 6302K(6528K)->6302K(6528K) NonClass: 5769K(5888K)->5769K(5888K) Class: 533K(640K)->533K(640K)
[280.376s][info][gc             ] GC(381) Pause Full (Ergonomics) 10118M->10118M(10604M) 3009.517ms
[280.376s][info][gc,cpu         ] GC(381) User=22.97s Sys=0.00s Real=3.01s
[280.376s][info][gc,start       ] GC(382) Pause Full (Ergonomics)
[280.376s][info][gc,phases,start] GC(382) Marking Phase
[282.724s][info][gc,phases      ] GC(382) Marking Phase 2348.185ms
[282.724s][info][gc,phases,start] GC(382) Summary Phase
[282.725s][info][gc,phases      ] GC(382) Summary Phase 0.141ms
[282.725s][info][gc,phases,start] GC(382) Adjust Roots
[282.725s][info][gc,phases      ] GC(382) Adjust Roots 0.228ms
[282.725s][info][gc,phases,start] GC(382) Compaction Phase
[283.404s][info][gc,phases      ] GC(382) Compaction Phase 679.257ms
[283.404s][info][gc,phases,start] GC(382) Post Compact
[283.419s][info][gc,phases      ] GC(382) Post Compact 15.066ms
[283.419s][info][gc,heap        ] GC(382) PSYoungGen: 189528K(687104K)->189528K(687104K) Eden: 183295K(183296K)->183295K(183296K) From: 6232K(503808K)->6232K(503808K)
[283.419s][info][gc,heap        ] GC(382) ParOldGen: 10171808K(10171904K)->10171808K(10171904K)
[283.419s][info][gc,metaspace   ] GC(382) Metaspace: 6302K(6528K)->6302K(6528K) NonClass: 5769K(5888K)->5769K(5888K) Class: 533K(640K)->533K(640K)
[283.419s][info][gc             ] GC(382) Pause Full (Ergonomics) 10118M->10118M(10604M) 3043.222ms
[283.419s][info][gc,cpu         ] GC(382) User=23.08s Sys=0.02s Real=3.04s
[283.420s][info][gc,start       ] GC(383) Pause Full (Ergonomics)
[283.420s][info][gc,phases,start] GC(383) Marking Phase
[285.778s][info][gc,phases      ] GC(383) Marking Phase 2358.268ms
[285.778s][info][gc,phases,start] GC(383) Summary Phase
[285.778s][info][gc,phases      ] GC(383) Summary Phase 0.100ms
[285.778s][info][gc,phases,start] GC(383) Adjust Roots
[285.778s][info][gc,phases      ] GC(383) Adjust Roots 0.162ms
[285.778s][info][gc,phases,start] GC(383) Compaction Phase
[286.463s][info][gc,phases      ] GC(383) Compaction Phase 684.504ms
[286.463s][info][gc,phases,start] GC(383) Post Compact
[286.478s][info][gc,phases      ] GC(383) Post Compact 15.109ms
[286.478s][info][gc,heap        ] GC(383) PSYoungGen: 189528K(687104K)->189528K(687104K) Eden: 183295K(183296K)->183295K(183296K) From: 6232K(503808K)->6232K(503808K)
[286.478s][info][gc,heap        ] GC(383) ParOldGen: 10171813K(10171904K)->10171813K(10171904K)
[286.478s][info][gc,metaspace   ] GC(383) Metaspace: 6302K(6528K)->6302K(6528K) NonClass: 5769K(5888K)->5769K(5888K) Class: 533K(640K)->533K(640K)
[286.478s][info][gc             ] GC(383) Pause Full (Ergonomics) 10118M->10118M(10604M) 3058.517ms
[286.478s][info][gc,cpu         ] GC(383) User=23.25s Sys=0.00s Real=3.06s
[286.478s][info][gc,start       ] GC(384) Pause Full (Ergonomics)
[286.478s][info][gc,phases,start] GC(384) Marking Phase
[288.811s][info][gc,phases      ] GC(384) Marking Phase 2332.897ms
[288.811s][info][gc,phases,start] GC(384) Summary Phase
[288.811s][info][gc,phases      ] GC(384) Summary Phase 0.101ms
[288.811s][info][gc,phases,start] GC(384) Adjust Roots
[288.812s][info][gc,phases      ] GC(384) Adjust Roots 0.163ms
[288.812s][info][gc,phases,start] GC(384) Compaction Phase
[289.500s][info][gc,phases      ] GC(384) Compaction Phase 687.938ms
[289.500s][info][gc,phases,start] GC(384) Post Compact
[289.515s][info][gc,phases      ] GC(384) Post Compact 15.199ms
[289.515s][info][gc,heap        ] GC(384) PSYoungGen: 189528K(687104K)->189528K(687104K) Eden: 183295K(183296K)->183295K(183296K) From: 6232K(503808K)->6232K(503808K)
[289.515s][info][gc,heap        ] GC(384) ParOldGen: 10171818K(10171904K)->10171818K(10171904K)
[289.515s][info][gc,metaspace   ] GC(384) Metaspace: 6302K(6528K)->6302K(6528K) NonClass: 5769K(5888K)->5769K(5888K) Class: 533K(640K)->533K(640K)
[289.515s][info][gc             ] GC(384) Pause Full (Ergonomics) 10118M->10118M(10604M) 3036.636ms
[289.515s][info][gc,cpu         ] GC(384) User=22.95s Sys=0.02s Real=3.04s
[289.515s][info][gc,start       ] GC(385) Pause Full (Ergonomics)
[289.515s][info][gc,phases,start] GC(385) Marking Phase
[291.847s][info][gc,phases      ] GC(385) Marking Phase 2331.619ms
[291.847s][info][gc,phases,start] GC(385) Summary Phase
[291.847s][info][gc,phases      ] GC(385) Summary Phase 0.099ms
[291.847s][info][gc,phases,start] GC(385) Adjust Roots
[291.847s][info][gc,phases      ] GC(385) Adjust Roots 0.174ms
[291.847s][info][gc,phases,start] GC(385) Compaction Phase
[292.530s][info][gc,phases      ] GC(385) Compaction Phase 683.045ms
[292.530s][info][gc,phases,start] GC(385) Post Compact
[292.545s][info][gc,phases      ] GC(385) Post Compact 15.066ms
[292.545s][info][gc,heap        ] GC(385) PSYoungGen: 189528K(687104K)->189528K(687104K) Eden: 183295K(183296K)->183295K(183296K) From: 6232K(503808K)->6232K(503808K)
[292.545s][info][gc,heap        ] GC(385) ParOldGen: 10171822K(10171904K)->10171822K(10171904K)
[292.545s][info][gc,metaspace   ] GC(385) Metaspace: 6302K(6528K)->6302K(6528K) NonClass: 5769K(5888K)->5769K(5888K) Class: 533K(640K)->533K(640K)
[292.545s][info][gc             ] GC(385) Pause Full (Ergonomics) 10118M->10118M(10604M) 3030.343ms
[292.545s][info][gc,cpu         ] GC(385) User=23.06s Sys=0.00s Real=3.03s
[292.546s][info][gc,start       ] GC(386) Pause Full (Ergonomics)
[292.546s][info][gc,phases,start] GC(386) Marking Phase
[294.869s][info][gc,phases      ] GC(386) Marking Phase 2323.447ms
[294.869s][info][gc,phases,start] GC(386) Summary Phase
[294.869s][info][gc,phases      ] GC(386) Summary Phase 0.100ms
[294.869s][info][gc,phases,start] GC(386) Adjust Roots
[294.870s][info][gc,phases      ] GC(386) Adjust Roots 0.188ms
[294.870s][info][gc,phases,start] GC(386) Compaction Phase
[295.548s][info][gc,phases      ] GC(386) Compaction Phase 678.155ms
[295.548s][info][gc,phases,start] GC(386) Post Compact
[295.563s][info][gc,phases      ] GC(386) Post Compact 15.160ms
[295.563s][info][gc,heap        ] GC(386) PSYoungGen: 189528K(687104K)->189528K(687104K) Eden: 183295K(183296K)->183295K(183296K) From: 6232K(503808K)->6232K(503808K)
[295.563s][info][gc,heap        ] GC(386) ParOldGen: 10171827K(10171904K)->10171827K(10171904K)
[295.563s][info][gc,metaspace   ] GC(386) Metaspace: 6302K(6528K)->6302K(6528K) NonClass: 5769K(5888K)->5769K(5888K) Class: 533K(640K)->533K(640K)
[295.563s][info][gc             ] GC(386) Pause Full (Ergonomics) 10118M->10118M(10604M) 3017.399ms
[295.563s][info][gc,cpu         ] GC(386) User=22.69s Sys=0.02s Real=3.02s
[295.563s][info][gc,start       ] GC(387) Pause Full (Ergonomics)
[295.563s][info][gc,phases,start] GC(387) Marking Phase
[297.905s][info][gc,phases      ] GC(387) Marking Phase 2341.503ms
[297.905s][info][gc,phases,start] GC(387) Summary Phase
[297.905s][info][gc,phases      ] GC(387) Summary Phase 0.097ms
[297.905s][info][gc,phases,start] GC(387) Adjust Roots
[297.905s][info][gc,phases      ] GC(387) Adjust Roots 0.165ms
[297.905s][info][gc,phases,start] GC(387) Compaction Phase
[298.594s][info][gc,phases      ] GC(387) Compaction Phase 689.170ms
[298.594s][info][gc,phases,start] GC(387) Post Compact
[298.610s][info][gc,phases      ] GC(387) Post Compact 15.133ms
[298.610s][info][gc,heap        ] GC(387) PSYoungGen: 189528K(687104K)->189528K(687104K) Eden: 183295K(183296K)->183295K(183296K) From: 6232K(503808K)->6232K(503808K)
[298.610s][info][gc,heap        ] GC(387) ParOldGen: 10171832K(10171904K)->10171832K(10171904K)
[298.610s][info][gc,metaspace   ] GC(387) Metaspace: 6302K(6528K)->6302K(6528K) NonClass: 5769K(5888K)->5769K(5888K) Class: 533K(640K)->533K(640K)
[298.610s][info][gc             ] GC(387) Pause Full (Ergonomics) 10118M->10118M(10604M) 3046.414ms
[298.610s][info][gc,cpu         ] GC(387) User=23.25s Sys=0.02s Real=3.05s
[298.610s][info][gc,start       ] GC(388) Pause Full (Ergonomics)
[298.610s][info][gc,phases,start] GC(388) Marking Phase
[300.952s][info][gc,phases      ] GC(388) Marking Phase 2342.491ms
[300.953s][info][gc,phases,start] GC(388) Summary Phase
[300.953s][info][gc,phases      ] GC(388) Summary Phase 0.096ms
[300.953s][info][gc,phases,start] GC(388) Adjust Roots
[300.953s][info][gc,phases      ] GC(388) Adjust Roots 0.231ms
[300.953s][info][gc,phases,start] GC(388) Compaction Phase
[301.636s][info][gc,phases      ] GC(388) Compaction Phase 683.206ms
[301.636s][info][gc,phases,start] GC(388) Post Compact
[301.651s][info][gc,phases      ] GC(388) Post Compact 15.196ms
[301.651s][info][gc,heap        ] GC(388) PSYoungGen: 189528K(687104K)->189528K(687104K) Eden: 183295K(183296K)->183295K(183296K) From: 6232K(503808K)->6232K(503808K)
[301.651s][info][gc,heap        ] GC(388) ParOldGen: 10171837K(10171904K)->10171837K(10171904K)
[301.651s][info][gc,metaspace   ] GC(388) Metaspace: 6302K(6528K)->6302K(6528K) NonClass: 5769K(5888K)->5769K(5888K) Class: 533K(640K)->533K(640K)
[301.651s][info][gc             ] GC(388) Pause Full (Ergonomics) 10118M->10118M(10604M) 3041.563ms
[301.652s][info][gc,cpu         ] GC(388) User=23.30s Sys=0.00s Real=3.04s
[301.652s][info][gc,start       ] GC(389) Pause Full (Ergonomics)
[301.652s][info][gc,phases,start] GC(389) Marking Phase
[304.026s][info][gc,phases      ] GC(389) Marking Phase 2373.867ms
[304.026s][info][gc,phases,start] GC(389) Summary Phase
[304.026s][info][gc,phases      ] GC(389) Summary Phase 0.097ms
[304.026s][info][gc,phases,start] GC(389) Adjust Roots
[304.026s][info][gc,phases      ] GC(389) Adjust Roots 0.213ms
[304.026s][info][gc,phases,start] GC(389) Compaction Phase
[304.742s][info][gc,phases      ] GC(389) Compaction Phase 715.879ms
[304.742s][info][gc,phases,start] GC(389) Post Compact
[304.757s][info][gc,phases      ] GC(389) Post Compact 15.163ms
[304.757s][info][gc,heap        ] GC(389) PSYoungGen: 189528K(687104K)->189528K(687104K) Eden: 183295K(183296K)->183295K(183296K) From: 6232K(503808K)->6232K(503808K)
[304.757s][info][gc,heap        ] GC(389) ParOldGen: 10171842K(10171904K)->10171842K(10171904K)
[304.757s][info][gc,metaspace   ] GC(389) Metaspace: 6302K(6528K)->6302K(6528K) NonClass: 5769K(5888K)->5769K(5888K) Class: 533K(640K)->533K(640K)
[304.757s][info][gc             ] GC(389) Pause Full (Ergonomics) 10118M->10118M(10604M) 3105.582ms
[304.757s][info][gc,cpu         ] GC(389) User=23.22s Sys=0.03s Real=3.11s
[304.758s][info][gc,start       ] GC(390) Pause Full (Ergonomics)
[304.758s][info][gc,phases,start] GC(390) Marking Phase
[307.112s][info][gc,phases      ] GC(390) Marking Phase 2354.645ms
[307.112s][info][gc,phases,start] GC(390) Summary Phase
[307.112s][info][gc,phases      ] GC(390) Summary Phase 0.096ms
[307.112s][info][gc,phases,start] GC(390) Adjust Roots
[307.113s][info][gc,phases      ] GC(390) Adjust Roots 0.170ms
[307.113s][info][gc,phases,start] GC(390) Compaction Phase
[307.789s][info][gc,phases      ] GC(390) Compaction Phase 676.259ms
[307.789s][info][gc,phases,start] GC(390) Post Compact
[307.804s][info][gc,phases      ] GC(390) Post Compact 15.044ms
[307.804s][info][gc,heap        ] GC(390) PSYoungGen: 189528K(687104K)->189528K(687104K) Eden: 183295K(183296K)->183295K(183296K) From: 6232K(503808K)->6232K(503808K)
[307.804s][info][gc,heap        ] GC(390) ParOldGen: 10171847K(10171904K)->10171847K(10171904K)
[307.804s][info][gc,metaspace   ] GC(390) Metaspace: 6302K(6528K)->6302K(6528K) NonClass: 5769K(5888K)->5769K(5888K) Class: 533K(640K)->533K(640K)
[307.804s][info][gc             ] GC(390) Pause Full (Ergonomics) 10118M->10118M(10604M) 3046.551ms
[307.804s][info][gc,cpu         ] GC(390) User=23.23s Sys=0.00s Real=3.05s
[307.804s][info][gc,start       ] GC(391) Pause Full (Ergonomics)
[307.804s][info][gc,phases,start] GC(391) Marking Phase
[310.143s][info][gc,phases      ] GC(391) Marking Phase 2338.459ms
[310.143s][info][gc,phases,start] GC(391) Summary Phase
[310.143s][info][gc,phases      ] GC(391) Summary Phase 0.095ms
[310.143s][info][gc,phases,start] GC(391) Adjust Roots
[310.143s][info][gc,phases      ] GC(391) Adjust Roots 0.172ms
[310.143s][info][gc,phases,start] GC(391) Compaction Phase
[310.838s][info][gc,phases      ] GC(391) Compaction Phase 695.044ms
[310.838s][info][gc,phases,start] GC(391) Post Compact
[310.854s][info][gc,phases      ] GC(391) Post Compact 15.756ms
[310.854s][info][gc,heap        ] GC(391) PSYoungGen: 189528K(687104K)->189528K(687104K) Eden: 183295K(183296K)->183295K(183296K) From: 6232K(503808K)->6232K(503808K)
[310.854s][info][gc,heap        ] GC(391) ParOldGen: 10171851K(10171904K)->10171851K(10171904K)
[310.854s][info][gc,metaspace   ] GC(391) Metaspace: 6302K(6528K)->6302K(6528K) NonClass: 5769K(5888K)->5769K(5888K) Class: 533K(640K)->533K(640K)
[310.854s][info][gc             ] GC(391) Pause Full (Ergonomics) 10118M->10118M(10604M) 3049.902ms
[310.854s][info][gc,cpu         ] GC(391) User=23.31s Sys=0.00s Real=3.05s
[310.854s][info][gc,start       ] GC(392) Pause Full (Ergonomics)
[310.854s][info][gc,phases,start] GC(392) Marking Phase
[313.177s][info][gc,phases      ] GC(392) Marking Phase 2322.233ms
[313.177s][info][gc,phases,start] GC(392) Summary Phase
[313.177s][info][gc,phases      ] GC(392) Summary Phase 0.106ms
[313.177s][info][gc,phases,start] GC(392) Adjust Roots
[313.177s][info][gc,phases      ] GC(392) Adjust Roots 0.198ms
[313.177s][info][gc,phases,start] GC(392) Compaction Phase
[313.861s][info][gc,phases      ] GC(392) Compaction Phase 683.754ms
[313.861s][info][gc,phases,start] GC(392) Post Compact
[313.876s][info][gc,phases      ] GC(392) Post Compact 15.155ms
[313.876s][info][gc,heap        ] GC(392) PSYoungGen: 189528K(687104K)->189528K(687104K) Eden: 183295K(183296K)->183295K(183296K) From: 6232K(503808K)->6232K(503808K)
[313.876s][info][gc,heap        ] GC(392) ParOldGen: 10171856K(10171904K)->10171856K(10171904K)
[313.876s][info][gc,metaspace   ] GC(392) Metaspace: 6302K(6528K)->6302K(6528K) NonClass: 5769K(5888K)->5769K(5888K) Class: 533K(640K)->533K(640K)
[313.876s][info][gc             ] GC(392) Pause Full (Ergonomics) 10118M->10118M(10604M) 3021.838ms
[313.876s][info][gc,cpu         ] GC(392) User=22.88s Sys=0.00s Real=3.02s
[313.876s][info][gc,start       ] GC(393) Pause Full (Ergonomics)
[313.877s][info][gc,phases,start] GC(393) Marking Phase
[316.252s][info][gc,phases      ] GC(393) Marking Phase 2375.240ms
[316.252s][info][gc,phases,start] GC(393) Summary Phase
[316.252s][info][gc,phases      ] GC(393) Summary Phase 0.174ms
[316.252s][info][gc,phases,start] GC(393) Adjust Roots
[316.252s][info][gc,phases      ] GC(393) Adjust Roots 0.269ms
[316.252s][info][gc,phases,start] GC(393) Compaction Phase
[316.931s][info][gc,phases      ] GC(393) Compaction Phase 678.350ms
[316.931s][info][gc,phases,start] GC(393) Post Compact
[316.946s][info][gc,phases      ] GC(393) Post Compact 15.403ms
[316.946s][info][gc,heap        ] GC(393) PSYoungGen: 189528K(687104K)->189528K(687104K) Eden: 183295K(183296K)->183295K(183296K) From: 6232K(503808K)->6232K(503808K)
[316.946s][info][gc,heap        ] GC(393) ParOldGen: 10171861K(10171904K)->10171861K(10171904K)
[316.946s][info][gc,metaspace   ] GC(393) Metaspace: 6302K(6528K)->6302K(6528K) NonClass: 5769K(5888K)->5769K(5888K) Class: 533K(640K)->533K(640K)
[316.946s][info][gc             ] GC(393) Pause Full (Ergonomics) 10118M->10118M(10604M) 3069.791ms
[316.946s][info][gc,cpu         ] GC(393) User=23.34s Sys=0.02s Real=3.07s
[316.947s][info][gc,start       ] GC(394) Pause Full (Ergonomics)
[316.947s][info][gc,phases,start] GC(394) Marking Phase
[319.276s][info][gc,phases      ] GC(394) Marking Phase 2329.731ms
[319.276s][info][gc,phases,start] GC(394) Summary Phase
[319.276s][info][gc,phases      ] GC(394) Summary Phase 0.120ms
[319.276s][info][gc,phases,start] GC(394) Adjust Roots
[319.277s][info][gc,phases      ] GC(394) Adjust Roots 0.249ms
[319.277s][info][gc,phases,start] GC(394) Compaction Phase
[319.963s][info][gc,phases      ] GC(394) Compaction Phase 685.722ms
[319.963s][info][gc,phases,start] GC(394) Post Compact
[319.979s][info][gc,phases      ] GC(394) Post Compact 15.921ms
[319.979s][info][gc,heap        ] GC(394) PSYoungGen: 189528K(687104K)->189528K(687104K) Eden: 183295K(183296K)->183295K(183296K) From: 6232K(503808K)->6232K(503808K)
[319.979s][info][gc,heap        ] GC(394) ParOldGen: 10171866K(10171904K)->10171866K(10171904K)
[319.979s][info][gc,metaspace   ] GC(394) Metaspace: 6302K(6528K)->6302K(6528K) NonClass: 5769K(5888K)->5769K(5888K) Class: 533K(640K)->533K(640K)
[319.979s][info][gc             ] GC(394) Pause Full (Ergonomics) 10118M->10118M(10604M) 3032.177ms
[319.979s][info][gc,cpu         ] GC(394) User=23.00s Sys=0.02s Real=3.03s
[319.979s][info][gc,start       ] GC(395) Pause Full (Ergonomics)
[319.979s][info][gc,phases,start] GC(395) Marking Phase
[322.332s][info][gc,phases      ] GC(395) Marking Phase 2353.330ms
[322.332s][info][gc,phases,start] GC(395) Summary Phase
[322.332s][info][gc,phases      ] GC(395) Summary Phase 0.104ms
[322.332s][info][gc,phases,start] GC(395) Adjust Roots
[322.333s][info][gc,phases      ] GC(395) Adjust Roots 0.214ms
[322.333s][info][gc,phases,start] GC(395) Compaction Phase
[323.020s][info][gc,phases      ] GC(395) Compaction Phase 687.506ms
[323.020s][info][gc,phases,start] GC(395) Post Compact
[323.035s][info][gc,phases      ] GC(395) Post Compact 15.223ms
[323.036s][info][gc,heap        ] GC(395) PSYoungGen: 189528K(687104K)->189528K(687104K) Eden: 183295K(183296K)->183295K(183296K) From: 6232K(503808K)->6232K(503808K)
[323.036s][info][gc,heap        ] GC(395) ParOldGen: 10171871K(10171904K)->10171871K(10171904K)
[323.036s][info][gc,metaspace   ] GC(395) Metaspace: 6302K(6528K)->6302K(6528K) NonClass: 5769K(5888K)->5769K(5888K) Class: 533K(640K)->533K(640K)
[323.036s][info][gc             ] GC(395) Pause Full (Ergonomics) 10118M->10118M(10604M) 3056.734ms
[323.036s][info][gc,cpu         ] GC(395) User=23.12s Sys=0.00s Real=3.06s
[323.036s][info][gc,start       ] GC(396) Pause Full (Ergonomics)
[323.036s][info][gc,phases,start] GC(396) Marking Phase
[325.389s][info][gc,phases      ] GC(396) Marking Phase 2353.244ms
[325.389s][info][gc,phases,start] GC(396) Summary Phase
[325.389s][info][gc,phases      ] GC(396) Summary Phase 0.096ms
[325.389s][info][gc,phases,start] GC(396) Adjust Roots
[325.389s][info][gc,phases      ] GC(396) Adjust Roots 0.175ms
[325.390s][info][gc,phases,start] GC(396) Compaction Phase
[326.084s][info][gc,phases      ] GC(396) Compaction Phase 694.710ms
[326.084s][info][gc,phases,start] GC(396) Post Compact
[326.100s][info][gc,phases      ] GC(396) Post Compact 15.431ms
[326.100s][info][gc,heap        ] GC(396) PSYoungGen: 189528K(687104K)->189528K(687104K) Eden: 183295K(183296K)->183295K(183296K) From: 6232K(503808K)->6232K(503808K)
[326.100s][info][gc,heap        ] GC(396) ParOldGen: 10171876K(10171904K)->10171876K(10171904K)
[326.100s][info][gc,metaspace   ] GC(396) Metaspace: 6302K(6528K)->6302K(6528K) NonClass: 5769K(5888K)->5769K(5888K) Class: 533K(640K)->533K(640K)
[326.100s][info][gc             ] GC(396) Pause Full (Ergonomics) 10118M->10118M(10604M) 3064.075ms
[326.100s][info][gc,cpu         ] GC(396) User=23.23s Sys=0.03s Real=3.06s
[326.100s][info][gc,start       ] GC(397) Pause Full (Ergonomics)
[326.100s][info][gc,phases,start] GC(397) Marking Phase
[328.419s][info][gc,phases      ] GC(397) Marking Phase 2318.574ms
[328.419s][info][gc,phases,start] GC(397) Summary Phase
[328.419s][info][gc,phases      ] GC(397) Summary Phase 0.103ms
[328.419s][info][gc,phases,start] GC(397) Adjust Roots
[328.419s][info][gc,phases      ] GC(397) Adjust Roots 0.174ms
[328.419s][info][gc,phases,start] GC(397) Compaction Phase
[329.099s][info][gc,phases      ] GC(397) Compaction Phase 680.031ms
[329.099s][info][gc,phases,start] GC(397) Post Compact
[329.114s][info][gc,phases      ] GC(397) Post Compact 15.187ms
[329.114s][info][gc,heap        ] GC(397) PSYoungGen: 189528K(687104K)->189528K(687104K) Eden: 183295K(183296K)->183295K(183296K) From: 6232K(503808K)->6232K(503808K)
[329.115s][info][gc,heap        ] GC(397) ParOldGen: 10171880K(10171904K)->10171880K(10171904K)
[329.115s][info][gc,metaspace   ] GC(397) Metaspace: 6302K(6528K)->6302K(6528K) NonClass: 5769K(5888K)->5769K(5888K) Class: 533K(640K)->533K(640K)
[329.115s][info][gc             ] GC(397) Pause Full (Ergonomics) 10118M->10118M(10604M) 3014.422ms
[329.115s][info][gc,cpu         ] GC(397) User=23.03s Sys=0.02s Real=3.01s
[329.115s][info][gc,start       ] GC(398) Pause Full (Ergonomics)
[329.115s][info][gc,phases,start] GC(398) Marking Phase
[331.431s][info][gc,phases      ] GC(398) Marking Phase 2316.670ms
[331.432s][info][gc,phases,start] GC(398) Summary Phase
[331.432s][info][gc,phases      ] GC(398) Summary Phase 0.114ms
[331.432s][info][gc,phases,start] GC(398) Adjust Roots
[331.432s][info][gc,phases      ] GC(398) Adjust Roots 0.239ms
[331.432s][info][gc,phases,start] GC(398) Compaction Phase
[332.117s][info][gc,phases      ] GC(398) Compaction Phase 685.480ms
[332.117s][info][gc,phases,start] GC(398) Post Compact
[332.133s][info][gc,phases      ] GC(398) Post Compact 15.137ms
[332.133s][info][gc,heap        ] GC(398) PSYoungGen: 189528K(687104K)->189528K(687104K) Eden: 183295K(183296K)->183295K(183296K) From: 6232K(503808K)->6232K(503808K)
[332.133s][info][gc,heap        ] GC(398) ParOldGen: 10171885K(10171904K)->10171885K(10171904K)
[332.133s][info][gc,metaspace   ] GC(398) Metaspace: 6302K(6528K)->6302K(6528K) NonClass: 5769K(5888K)->5769K(5888K) Class: 533K(640K)->533K(640K)
[332.133s][info][gc             ] GC(398) Pause Full (Ergonomics) 10118M->10118M(10604M) 3018.026ms
[332.133s][info][gc,cpu         ] GC(398) User=22.70s Sys=0.02s Real=3.02s
[332.133s][info][gc,start       ] GC(399) Pause Full (Ergonomics)
[332.133s][info][gc,phases,start] GC(399) Marking Phase
[334.475s][info][gc,phases      ] GC(399) Marking Phase 2341.994ms
[334.475s][info][gc,phases,start] GC(399) Summary Phase
[334.475s][info][gc,phases      ] GC(399) Summary Phase 0.095ms
[334.475s][info][gc,phases,start] GC(399) Adjust Roots
[334.475s][info][gc,phases      ] GC(399) Adjust Roots 0.168ms
[334.475s][info][gc,phases,start] GC(399) Compaction Phase
[335.160s][info][gc,phases      ] GC(399) Compaction Phase 684.370ms
[335.160s][info][gc,phases,start] GC(399) Post Compact
[335.175s][info][gc,phases      ] GC(399) Post Compact 15.125ms
[335.175s][info][gc,heap        ] GC(399) PSYoungGen: 189528K(687104K)->189528K(687104K) Eden: 183295K(183296K)->183295K(183296K) From: 6232K(503808K)->6232K(503808K)
[335.175s][info][gc,heap        ] GC(399) ParOldGen: 10171890K(10171904K)->10171890K(10171904K)
[335.175s][info][gc,metaspace   ] GC(399) Metaspace: 6302K(6528K)->6302K(6528K) NonClass: 5769K(5888K)->5769K(5888K) Class: 533K(640K)->533K(640K)
[335.175s][info][gc             ] GC(399) Pause Full (Ergonomics) 10118M->10118M(10604M) 3042.102ms
[335.175s][info][gc,cpu         ] GC(399) User=22.98s Sys=0.02s Real=3.04s
[335.175s][info][gc,start       ] GC(400) Pause Full (Ergonomics)
[335.175s][info][gc,phases,start] GC(400) Marking Phase
[337.500s][info][gc,phases      ] GC(400) Marking Phase 2324.389ms
[337.500s][info][gc,phases,start] GC(400) Summary Phase
[337.500s][info][gc,phases      ] GC(400) Summary Phase 0.095ms
[337.500s][info][gc,phases,start] GC(400) Adjust Roots
[337.500s][info][gc,phases      ] GC(400) Adjust Roots 0.169ms
[337.500s][info][gc,phases,start] GC(400) Compaction Phase
[338.189s][info][gc,phases      ] GC(400) Compaction Phase 688.868ms
[338.189s][info][gc,phases,start] GC(400) Post Compact
[338.204s][info][gc,phases      ] GC(400) Post Compact 15.018ms
[338.204s][info][gc,heap        ] GC(400) PSYoungGen: 189528K(687104K)->189528K(687104K) Eden: 183295K(183296K)->183295K(183296K) From: 6232K(503808K)->6232K(503808K)
[338.204s][info][gc,heap        ] GC(400) ParOldGen: 10171895K(10171904K)->10171895K(10171904K)
[338.204s][info][gc,metaspace   ] GC(400) Metaspace: 6302K(6528K)->6302K(6528K) NonClass: 5769K(5888K)->5769K(5888K) Class: 533K(640K)->533K(640K)
[338.204s][info][gc             ] GC(400) Pause Full (Ergonomics) 10118M->10118M(10604M) 3028.926ms
[338.204s][info][gc,cpu         ] GC(400) User=23.00s Sys=0.02s Real=3.03s
[338.204s][info][gc,start       ] GC(401) Pause Full (Ergonomics)
[338.204s][info][gc,phases,start] GC(401) Marking Phase
[340.564s][info][gc,phases      ] GC(401) Marking Phase 2359.292ms
[340.564s][info][gc,phases,start] GC(401) Summary Phase
[340.564s][info][gc,phases      ] GC(401) Summary Phase 0.109ms
[340.564s][info][gc,phases,start] GC(401) Adjust Roots
[340.564s][info][gc,phases      ] GC(401) Adjust Roots 0.220ms
[340.564s][info][gc,phases,start] GC(401) Compaction Phase
[341.244s][info][gc,phases      ] GC(401) Compaction Phase 679.960ms
[341.244s][info][gc,phases,start] GC(401) Post Compact
[341.259s][info][gc,phases      ] GC(401) Post Compact 15.113ms
[341.259s][info][gc,heap        ] GC(401) PSYoungGen: 189528K(687104K)->189528K(687104K) Eden: 183295K(183296K)->183295K(183296K) From: 6232K(503808K)->6232K(503808K)
[341.259s][info][gc,heap        ] GC(401) ParOldGen: 10171900K(10171904K)->10171900K(10171904K)
[341.259s][info][gc,metaspace   ] GC(401) Metaspace: 6302K(6528K)->6302K(6528K) NonClass: 5769K(5888K)->5769K(5888K) Class: 533K(640K)->533K(640K)
[341.259s][info][gc             ] GC(401) Pause Full (Ergonomics) 10118M->10118M(10604M) 3055.053ms
[341.260s][info][gc,cpu         ] GC(401) User=23.39s Sys=0.00s Real=3.06s
[341.260s][info][gc,start       ] GC(402) Pause Full (Ergonomics)
[341.260s][info][gc,phases,start] GC(402) Marking Phase
[343.623s][info][gc,phases      ] GC(402) Marking Phase 2363.601ms
[343.623s][info][gc,phases,start] GC(402) Summary Phase
[343.623s][info][gc,phases      ] GC(402) Summary Phase 0.097ms
[343.623s][info][gc,phases,start] GC(402) Adjust Roots
[343.624s][info][gc,phases      ] GC(402) Adjust Roots 0.205ms
[343.624s][info][gc,phases,start] GC(402) Compaction Phase
[344.306s][info][gc,phases      ] GC(402) Compaction Phase 682.337ms
[344.306s][info][gc,phases,start] GC(402) Post Compact
[344.321s][info][gc,phases      ] GC(402) Post Compact 15.053ms
[344.321s][info][gc,heap        ] GC(402) PSYoungGen: 189528K(687104K)->189528K(687104K) Eden: 183295K(183296K)->183295K(183296K) From: 6232K(503808K)->6232K(503808K)
[344.321s][info][gc,heap        ] GC(402) ParOldGen: 10171904K(10171904K)->10171904K(10171904K)
[344.321s][info][gc,metaspace   ] GC(402) Metaspace: 6302K(6528K)->6302K(6528K) NonClass: 5769K(5888K)->5769K(5888K) Class: 533K(640K)->533K(640K)
[344.321s][info][gc             ] GC(402) Pause Full (Ergonomics) 10118M->10118M(10604M) 3061.618ms
[344.321s][info][gc,cpu         ] GC(402) User=23.17s Sys=0.03s Real=3.06s
[344.321s][info][gc,start       ] GC(403) Pause Full (Allocation Failure)
[344.321s][info][gc,phases,start] GC(403) Marking Phase
[346.680s][info][gc,phases      ] GC(403) Marking Phase 2358.555ms
[346.680s][info][gc,phases,start] GC(403) Summary Phase
[346.680s][info][gc,phases      ] GC(403) Summary Phase 0.098ms
[346.680s][info][gc,phases,start] GC(403) Adjust Roots
[346.681s][info][gc,phases      ] GC(403) Adjust Roots 0.379ms
[346.681s][info][gc,phases,start] GC(403) Compaction Phase
[349.222s][info][gc,phases      ] GC(403) Compaction Phase 2541.466ms
[349.222s][info][gc,phases,start] GC(403) Post Compact
[349.237s][info][gc,phases      ] GC(403) Post Compact 15.200ms
[349.237s][info][gc,heap        ] GC(403) PSYoungGen: 189528K(687104K)->189528K(687104K) Eden: 183295K(183296K)->183295K(183296K) From: 6232K(503808K)->6232K(503808K)
[349.237s][info][gc,heap        ] GC(403) ParOldGen: 10171904K(10171904K)->10171899K(10171904K)
[349.237s][info][gc,metaspace   ] GC(403) Metaspace: 6302K(6528K)->6300K(6528K) NonClass: 5769K(5888K)->5768K(5888K) Class: 533K(640K)->532K(640K)
[349.237s][info][gc             ] GC(403) Pause Full (Allocation Failure) 10118M->10118M(10604M) 4916.045ms
[349.237s][info][gc,cpu         ] GC(403) User=36.83s Sys=0.02s Real=4.92s
[349.238s][info][gc,start       ] GC(404) Pause Full (Ergonomics)
[349.238s][info][gc,phases,start] GC(404) Marking Phase
[351.559s][info][gc,phases      ] GC(404) Marking Phase 2320.552ms
[351.559s][info][gc,phases,start] GC(404) Summary Phase
[351.559s][info][gc,phases      ] GC(404) Summary Phase 0.096ms
[351.559s][info][gc,phases,start] GC(404) Adjust Roots
[351.559s][info][gc,phases      ] GC(404) Adjust Roots 0.191ms
[351.559s][info][gc,phases,start] GC(404) Compaction Phase
[352.249s][info][gc,phases      ] GC(404) Compaction Phase 689.748ms
[352.249s][info][gc,phases,start] GC(404) Post Compact
[352.264s][info][gc,phases      ] GC(404) Post Compact 15.036ms
[352.264s][info][gc,heap        ] GC(404) PSYoungGen: 189528K(687104K)->189528K(687104K) Eden: 183295K(183296K)->183295K(183296K) From: 6232K(503808K)->6232K(503808K)
[352.264s][info][gc,heap        ] GC(404) ParOldGen: 10171900K(10171904K)->10171900K(10171904K)
[352.264s][info][gc,metaspace   ] GC(404) Metaspace: 6300K(6528K)->6300K(6528K) NonClass: 5768K(5888K)->5768K(5888K) Class: 532K(640K)->532K(640K)
[352.264s][info][gc             ] GC(404) Pause Full (Ergonomics) 10118M->10118M(10604M) 3025.981ms
[352.264s][info][gc,cpu         ] GC(404) User=22.92s Sys=0.00s Real=3.03s
[352.264s][info][gc,start       ] GC(405) Pause Full (Ergonomics)
[352.264s][info][gc,phases,start] GC(405) Marking Phase
[354.598s][info][gc,phases      ] GC(405) Marking Phase 2333.326ms
[354.598s][info][gc,phases,start] GC(405) Summary Phase
[354.598s][info][gc,phases      ] GC(405) Summary Phase 0.116ms
[354.598s][info][gc,phases,start] GC(405) Adjust Roots
[354.598s][info][gc,phases      ] GC(405) Adjust Roots 0.196ms
[354.598s][info][gc,phases,start] GC(405) Compaction Phase
[355.282s][info][gc,phases      ] GC(405) Compaction Phase 684.081ms
[355.282s][info][gc,phases,start] GC(405) Post Compact
[355.297s][info][gc,phases      ] GC(405) Post Compact 15.099ms
[355.297s][info][gc,heap        ] GC(405) PSYoungGen: 189528K(687104K)->189528K(687104K) Eden: 183295K(183296K)->183295K(183296K) From: 6232K(503808K)->6232K(503808K)
[355.297s][info][gc,heap        ] GC(405) ParOldGen: 10171903K(10171904K)->10171903K(10171904K)
[355.297s][info][gc,metaspace   ] GC(405) Metaspace: 6300K(6528K)->6300K(6528K) NonClass: 5768K(5888K)->5768K(5888K) Class: 532K(640K)->532K(640K)
[355.297s][info][gc             ] GC(405) Pause Full (Ergonomics) 10118M->10118M(10604M) 3033.198ms
[355.298s][info][gc,cpu         ] GC(405) User=23.08s Sys=0.00s Real=3.03s
[355.298s][info][gc,start       ] GC(406) Pause Full (Allocation Failure)
[355.298s][info][gc,phases,start] GC(406) Marking Phase
[357.639s][info][gc,phases      ] GC(406) Marking Phase 2341.809ms
[357.639s][info][gc,phases,start] GC(406) Summary Phase
[357.640s][info][gc,phases      ] GC(406) Summary Phase 0.101ms
[357.640s][info][gc,phases,start] GC(406) Adjust Roots
[357.640s][info][gc,phases      ] GC(406) Adjust Roots 0.238ms
[357.640s][info][gc,phases,start] GC(406) Compaction Phase
[358.318s][info][gc,phases      ] GC(406) Compaction Phase 678.423ms
[358.318s][info][gc,phases,start] GC(406) Post Compact
[358.333s][info][gc,phases      ] GC(406) Post Compact 15.055ms
[358.333s][info][gc,heap        ] GC(406) PSYoungGen: 189528K(687104K)->189528K(687104K) Eden: 183295K(183296K)->183295K(183296K) From: 6232K(503808K)->6232K(503808K)
[358.333s][info][gc,heap        ] GC(406) ParOldGen: 10171903K(10171904K)->10171903K(10171904K)
[358.334s][info][gc,metaspace   ] GC(406) Metaspace: 6300K(6528K)->6300K(6528K) NonClass: 5768K(5888K)->5768K(5888K) Class: 532K(640K)->532K(640K)
[358.334s][info][gc             ] GC(406) Pause Full (Allocation Failure) 10118M->10118M(10604M) 3035.956ms
[358.334s][info][gc,cpu         ] GC(406) User=23.19s Sys=0.00s Real=3.04s
[358.334s][info][gc,start       ] GC(407) Pause Full (Ergonomics)
[358.334s][info][gc,phases,start] GC(407) Marking Phase
[360.657s][info][gc,phases      ] GC(407) Marking Phase 2322.854ms
[360.657s][info][gc,phases,start] GC(407) Summary Phase
[360.657s][info][gc,phases      ] GC(407) Summary Phase 0.098ms
[360.657s][info][gc,phases,start] GC(407) Adjust Roots
[360.657s][info][gc,phases      ] GC(407) Adjust Roots 0.241ms
[360.657s][info][gc,phases,start] GC(407) Compaction Phase
[363.207s][info][gc,phases      ] GC(407) Compaction Phase 2549.499ms
[363.207s][info][gc,phases,start] GC(407) Post Compact
[363.222s][info][gc,phases      ] GC(407) Post Compact 15.309ms
[363.222s][info][gc,heap        ] GC(407) PSYoungGen: 189528K(687104K)->189528K(687104K) Eden: 183295K(183296K)->183295K(183296K) From: 6232K(503808K)->6232K(503808K)
[363.222s][info][gc,heap        ] GC(407) ParOldGen: 10171903K(10171904K)->10171902K(10171904K)
[363.222s][info][gc,metaspace   ] GC(407) Metaspace: 6300K(6528K)->6300K(6528K) NonClass: 5768K(5888K)->5768K(5888K) Class: 532K(640K)->532K(640K)
[363.222s][info][gc             ] GC(407) Pause Full (Ergonomics) 10118M->10118M(10604M) 4888.433ms
[363.222s][info][gc,cpu         ] GC(407) User=36.81s Sys=0.02s Real=4.89s
[363.223s][info][gc,start       ] GC(408) Pause Full (Ergonomics)
[363.223s][info][gc,phases,start] GC(408) Marking Phase
[365.538s][info][gc,phases      ] GC(408) Marking Phase 2315.280ms
[365.538s][info][gc,phases,start] GC(408) Summary Phase
[365.538s][info][gc,phases      ] GC(408) Summary Phase 0.097ms
[365.538s][info][gc,phases,start] GC(408) Adjust Roots
[365.539s][info][gc,phases      ] GC(408) Adjust Roots 0.165ms
[365.539s][info][gc,phases,start] GC(408) Compaction Phase
[366.234s][info][gc,phases      ] GC(408) Compaction Phase 695.238ms
[366.234s][info][gc,phases,start] GC(408) Post Compact
[366.249s][info][gc,phases      ] GC(408) Post Compact 14.979ms
[366.249s][info][gc,heap        ] GC(408) PSYoungGen: 189528K(687104K)->189528K(687104K) Eden: 183295K(183296K)->183295K(183296K) From: 6232K(503808K)->6232K(503808K)
[366.249s][info][gc,heap        ] GC(408) ParOldGen: 10171903K(10171904K)->10171902K(10171904K)
[366.249s][info][gc,metaspace   ] GC(408) Metaspace: 6300K(6528K)->6300K(6528K) NonClass: 5768K(5888K)->5768K(5888K) Class: 532K(640K)->532K(640K)
[366.249s][info][gc             ] GC(408) Pause Full (Ergonomics) 10118M->10118M(10604M) 3026.119ms
[366.249s][info][gc,cpu         ] GC(408) User=23.06s Sys=0.00s Real=3.03s
[366.250s][info][gc,start       ] GC(409) Pause Full (Ergonomics)
[366.250s][info][gc,phases,start] GC(409) Marking Phase
[368.598s][info][gc,phases      ] GC(409) Marking Phase 2347.365ms
[368.598s][info][gc,phases,start] GC(409) Summary Phase
[368.598s][info][gc,phases      ] GC(409) Summary Phase 0.103ms
[368.598s][info][gc,phases,start] GC(409) Adjust Roots
[368.598s][info][gc,phases      ] GC(409) Adjust Roots 0.320ms
[368.598s][info][gc,phases,start] GC(409) Compaction Phase
[371.160s][info][gc,phases      ] GC(409) Compaction Phase 2561.926ms
[371.160s][info][gc,phases,start] GC(409) Post Compact
[371.175s][info][gc,phases      ] GC(409) Post Compact 15.220ms
[371.176s][info][gc,heap        ] GC(409) PSYoungGen: 189528K(687104K)->189528K(687104K) Eden: 183295K(183296K)->183295K(183296K) From: 6232K(503808K)->6232K(503808K)
[371.176s][info][gc,heap        ] GC(409) ParOldGen: 10171903K(10171904K)->10171901K(10171904K)
[371.176s][info][gc,metaspace   ] GC(409) Metaspace: 6305K(6528K)->6305K(6528K) NonClass: 5770K(5888K)->5770K(5888K) Class: 534K(640K)->534K(640K)
[371.176s][info][gc             ] GC(409) Pause Full (Ergonomics) 10118M->10118M(10604M) 4925.322ms
[371.176s][info][gc,cpu         ] GC(409) User=36.92s Sys=0.00s Real=4.92s
[371.176s][info][gc,heap,exit   ] Heap
[371.176s][info][gc,heap,exit   ]  PSYoungGen      total 687104K, used 189528K [0x00000006c9980000, 0x0000000713e00000, 0x0000000800000000)
[371.176s][info][gc,heap,exit   ]   eden space 183296K, 99% used [0x00000006c9980000,0x00000006d4c7fff8,0x00000006d4c80000)
[371.176s][info][gc,heap,exit   ]   from space 503808K, 1% used [0x00000006f3a80000,0x00000006f40962e8,0x0000000712680000)
[371.176s][info][gc,heap,exit   ]   to   space 505856K, 0% used [0x00000006d4c80000,0x00000006d4c80000,0x00000006f3a80000)
[371.176s][info][gc,heap,exit   ]  ParOldGen       total 10171904K, used 10171901K [0x000000045cc00000, 0x00000006c9980000, 0x00000006c9980000)
[371.176s][info][gc,heap,exit   ]   object space 10171904K, 99% used [0x000000045cc00000,0x00000006c997f5b8,0x00000006c9980000)
[371.176s][info][gc,heap,exit   ]  Metaspace       used 6305K, committed 6528K, reserved 1114112K
[371.176s][info][gc,heap,exit   ]   class space    used 534K, committed 640K, reserved 1048576K
