[0.014s][info][gc,init] CardTable entry size: 512
[0.014s][info][gc     ] Using Parallel
[0.015s][info][gc,init] Version: 18.0.1+10 (release)
[0.015s][info][gc,init] CPUs: 8 total, 8 available
[0.015s][info][gc,init] Memory: 16063M
[0.015s][info][gc,init] Large Page Support: Disabled
[0.015s][info][gc,init] NUMA Support: Disabled
[0.015s][info][gc,init] Compressed Oops: Enabled (Zero based)
[0.015s][info][gc,init] Alignments: Space 512K, Generation 512K, Heap 2M
[0.015s][info][gc,init] Heap Min Capacity: 2M
[0.015s][info][gc,init] Heap Initial Capacity: 2M
[0.015s][info][gc,init] Heap Max Capacity: 4900M
[0.015s][info][gc,init] Pre-touch: Disabled
[0.015s][info][gc,init] Parallel Workers: 8
[0.015s][info][gc,metaspace] CDS archive(s) not mapped
[0.015s][info][gc,metaspace] Compressed class space mapped at: 0x0000000800000000-0x0000000840000000, reserved size: 1073741824
[0.015s][info][gc,metaspace] Narrow klass base: 0x0000000800000000, Narrow klass shift: 0, Narrow klass range: 0x40000000
[0.141s][info][gc,start    ] GC(0) Pause Young (Allocation Failure)
[0.142s][info][gc,heap     ] GC(0) PSYoungGen: 512K(1024K)->480K(1024K) Eden: 512K(512K)->0K(512K) From: 0K(512K)->480K(512K)
[0.142s][info][gc,heap     ] GC(0) ParOldGen: 0K(512K)->8K(512K)
[0.142s][info][gc,metaspace] GC(0) Metaspace: 4229K(4352K)->4229K(4352K) NonClass: 3908K(3968K)->3908K(3968K) Class: 321K(384K)->321K(384K)
[0.142s][info][gc          ] GC(0) Pause Young (Allocation Failure) 0M->0M(1M) 1.719ms
[0.142s][info][gc,cpu      ] GC(0) User=0.00s Sys=0.00s Real=0.00s
[0.210s][info][gc,start    ] GC(1) Pause Young (Allocation Failure)
[0.211s][info][gc,heap     ] GC(1) PSYoungGen: 991K(1024K)->512K(1536K) Eden: 511K(512K)->0K(1024K) From: 480K(512K)->512K(512K)
[0.211s][info][gc,heap     ] GC(1) ParOldGen: 8K(512K)->96K(512K)
[0.211s][info][gc,metaspace] GC(1) Metaspace: 5877K(5952K)->5877K(5952K) NonClass: 5380K(5440K)->5380K(5440K) Class: 496K(512K)->496K(512K)
[0.211s][info][gc          ] GC(1) Pause Young (Allocation Failure) 0M->0M(2M) 0.968ms
[0.211s][info][gc,cpu      ] GC(1) User=0.00s Sys=0.00s Real=0.00s
[0.233s][info][gc,start    ] GC(2) Pause Young (Allocation Failure)
[0.235s][info][gc,heap     ] GC(2) PSYoungGen: 1536K(1536K)->512K(1536K) Eden: 1024K(1024K)->0K(1024K) From: 512K(512K)->512K(512K)
[0.235s][info][gc,heap     ] GC(2) ParOldGen: 96K(512K)->512K(1024K)
[0.235s][info][gc,metaspace] GC(2) Metaspace: 6296K(6464K)->6296K(6464K) NonClass: 5763K(5824K)->5763K(5824K) Class: 533K(640K)->533K(640K)
[0.235s][info][gc          ] GC(2) Pause Young (Allocation Failure) 1M->1M(2M) 1.408ms
[0.235s][info][gc,cpu      ] GC(2) User=0.00s Sys=0.00s Real=0.00s
[0.236s][info][gc,start    ] GC(3) Pause Young (Allocation Failure)
[0.238s][info][gc,heap     ] GC(3) PSYoungGen: 1536K(1536K)->480K(2560K) Eden: 1024K(1024K)->0K(2048K) From: 512K(512K)->480K(512K)
[0.238s][info][gc,heap     ] GC(3) ParOldGen: 512K(1024K)->1068K(1536K)
[0.238s][info][gc,metaspace] GC(3) Metaspace: 6296K(6464K)->6296K(6464K) NonClass: 5763K(5824K)->5763K(5824K) Class: 533K(640K)->533K(640K)
[0.238s][info][gc          ] GC(3) Pause Young (Allocation Failure) 2M->1M(4M) 1.638ms
[0.238s][info][gc,cpu      ] GC(3) User=0.00s Sys=0.00s Real=0.00s
[0.238s][info][gc,start    ] GC(4) Pause Full (Ergonomics)
[0.238s][info][gc,phases,start] GC(4) Marking Phase
[0.239s][info][gc,phases      ] GC(4) Marking Phase 1.365ms
[0.239s][info][gc,phases,start] GC(4) Summary Phase
[0.239s][info][gc,phases      ] GC(4) Summary Phase 0.017ms
[0.239s][info][gc,phases,start] GC(4) Adjust Roots
[0.240s][info][gc,phases      ] GC(4) Adjust Roots 0.453ms
[0.240s][info][gc,phases,start] GC(4) Compaction Phase
[0.243s][info][gc,phases      ] GC(4) Compaction Phase 2.681ms
[0.243s][info][gc,phases,start] GC(4) Post Compact
[0.243s][info][gc,phases      ] GC(4) Post Compact 0.105ms
[0.243s][info][gc,heap        ] GC(4) PSYoungGen: 480K(2560K)->0K(2560K) Eden: 0K(2048K)->0K(2048K) From: 480K(512K)->0K(512K)
[0.243s][info][gc,heap        ] GC(4) ParOldGen: 1068K(1536K)->1495K(3584K)
[0.243s][info][gc,metaspace   ] GC(4) Metaspace: 6296K(6464K)->6296K(6464K) NonClass: 5763K(5824K)->5763K(5824K) Class: 533K(640K)->533K(640K)
[0.243s][info][gc             ] GC(4) Pause Full (Ergonomics) 1M->1M(6M) 5.122ms
[0.243s][info][gc,cpu         ] GC(4) User=0.00s Sys=0.00s Real=0.01s
[0.246s][info][gc,start       ] GC(5) Pause Young (Allocation Failure)
[0.247s][info][gc,heap        ] GC(5) PSYoungGen: 2048K(2560K)->480K(3584K) Eden: 2048K(2048K)->0K(3072K) From: 0K(512K)->480K(512K)
[0.247s][info][gc,heap        ] GC(5) ParOldGen: 1495K(3584K)->2111K(3584K)
[0.247s][info][gc,metaspace   ] GC(5) Metaspace: 6296K(6464K)->6296K(6464K) NonClass: 5763K(5824K)->5763K(5824K) Class: 533K(640K)->533K(640K)
[0.247s][info][gc             ] GC(5) Pause Young (Allocation Failure) 3M->2M(7M) 1.317ms
[0.247s][info][gc,cpu         ] GC(5) User=0.00s Sys=0.00s Real=0.00s
[0.253s][info][gc,start       ] GC(6) Pause Young (Allocation Failure)
[0.255s][info][gc,heap        ] GC(6) PSYoungGen: 3552K(3584K)->1504K(4608K) Eden: 3072K(3072K)->0K(3072K) From: 480K(512K)->1504K(1536K)
[0.255s][info][gc,heap        ] GC(6) ParOldGen: 2111K(3584K)->2679K(3584K)
[0.255s][info][gc,metaspace   ] GC(6) Metaspace: 6296K(6464K)->6296K(6464K) NonClass: 5763K(5824K)->5763K(5824K) Class: 533K(640K)->533K(640K)
[0.255s][info][gc             ] GC(6) Pause Young (Allocation Failure) 5M->4M(8M) 2.249ms
[0.255s][info][gc,cpu         ] GC(6) User=0.02s Sys=0.00s Real=0.00s
[0.260s][info][gc,start       ] GC(7) Pause Young (Allocation Failure)
[0.263s][info][gc,heap        ] GC(7) PSYoungGen: 4576K(4608K)->2016K(7168K) Eden: 3072K(3072K)->0K(5120K) From: 1504K(1536K)->2016K(2048K)
[0.264s][info][gc,heap        ] GC(7) ParOldGen: 2679K(3584K)->3775K(4096K)
[0.264s][info][gc,metaspace   ] GC(7) Metaspace: 6296K(6464K)->6296K(6464K) NonClass: 5763K(5824K)->5763K(5824K) Class: 533K(640K)->533K(640K)
[0.264s][info][gc             ] GC(7) Pause Young (Allocation Failure) 7M->5M(11M) 3.366ms
[0.264s][info][gc,cpu         ] GC(7) User=0.00s Sys=0.00s Real=0.00s
[0.264s][info][gc,start       ] GC(8) Pause Full (Ergonomics)
[0.264s][info][gc,phases,start] GC(8) Marking Phase
[0.267s][info][gc,phases      ] GC(8) Marking Phase 2.915ms
[0.267s][info][gc,phases,start] GC(8) Summary Phase
[0.267s][info][gc,phases      ] GC(8) Summary Phase 0.015ms
[0.267s][info][gc,phases,start] GC(8) Adjust Roots
[0.267s][info][gc,phases      ] GC(8) Adjust Roots 0.343ms
[0.267s][info][gc,phases,start] GC(8) Compaction Phase
[0.270s][info][gc,phases      ] GC(8) Compaction Phase 3.044ms
[0.270s][info][gc,phases,start] GC(8) Post Compact
[0.270s][info][gc,phases      ] GC(8) Post Compact 0.057ms
[0.270s][info][gc,heap        ] GC(8) PSYoungGen: 2016K(7168K)->2012K(7168K) Eden: 0K(5120K)->0K(5120K) From: 2016K(2048K)->2012K(2048K)
[0.270s][info][gc,heap        ] GC(8) ParOldGen: 3775K(4096K)->3682K(6656K)
[0.270s][info][gc,metaspace   ] GC(8) Metaspace: 6296K(6464K)->6296K(6464K) NonClass: 5763K(5824K)->5763K(5824K) Class: 533K(640K)->533K(640K)
[0.270s][info][gc             ] GC(8) Pause Full (Ergonomics) 5M->5M(13M) 6.744ms
[0.270s][info][gc,cpu         ] GC(8) User=0.00s Sys=0.00s Real=0.01s
[0.279s][info][gc,start       ] GC(9) Pause Young (Allocation Failure)
[0.284s][info][gc,heap        ] GC(9) PSYoungGen: 7132K(7168K)->3040K(8192K) Eden: 5120K(5120K)->0K(5120K) From: 2012K(2048K)->3040K(3072K)
[0.284s][info][gc,heap        ] GC(9) ParOldGen: 3682K(6656K)->5330K(6656K)
[0.285s][info][gc,metaspace   ] GC(9) Metaspace: 6296K(6464K)->6296K(6464K) NonClass: 5763K(5824K)->5763K(5824K) Class: 533K(640K)->533K(640K)
[0.285s][info][gc             ] GC(9) Pause Young (Allocation Failure) 10M->8M(14M) 5.341ms
[0.285s][info][gc,cpu         ] GC(9) User=0.00s Sys=0.00s Real=0.01s
[0.285s][info][gc,start       ] GC(10) Pause Full (Ergonomics)
[0.285s][info][gc,phases,start] GC(10) Marking Phase
[0.289s][info][gc,phases      ] GC(10) Marking Phase 4.567ms
[0.289s][info][gc,phases,start] GC(10) Summary Phase
[0.289s][info][gc,phases      ] GC(10) Summary Phase 0.021ms
[0.289s][info][gc,phases,start] GC(10) Adjust Roots
[0.290s][info][gc,phases      ] GC(10) Adjust Roots 0.289ms
[0.290s][info][gc,phases,start] GC(10) Compaction Phase
[0.293s][info][gc,phases      ] GC(10) Compaction Phase 3.714ms
[0.294s][info][gc,phases,start] GC(10) Post Compact
[0.294s][info][gc,phases      ] GC(10) Post Compact 0.077ms
[0.294s][info][gc,heap        ] GC(10) PSYoungGen: 3040K(8192K)->2012K(8192K) Eden: 0K(5120K)->0K(5120K) From: 3040K(3072K)->2012K(3072K)
[0.294s][info][gc,heap        ] GC(10) ParOldGen: 5330K(6656K)->6318K(10240K)
[0.294s][info][gc,metaspace   ] GC(10) Metaspace: 6296K(6464K)->6296K(6464K) NonClass: 5763K(5824K)->5763K(5824K) Class: 533K(640K)->533K(640K)
[0.294s][info][gc             ] GC(10) Pause Full (Ergonomics) 8M->8M(18M) 9.152ms
[0.294s][info][gc,cpu         ] GC(10) User=0.00s Sys=0.00s Real=0.01s
[0.300s][info][gc,start       ] GC(11) Pause Young (Allocation Failure)
[0.306s][info][gc,heap        ] GC(11) PSYoungGen: 7132K(8192K)->4192K(11264K) Eden: 5120K(5120K)->0K(6656K) From: 2012K(3072K)->4192K(4608K)
[0.306s][info][gc,heap        ] GC(11) ParOldGen: 6318K(10240K)->6838K(10240K)
[0.306s][info][gc,metaspace   ] GC(11) Metaspace: 6296K(6464K)->6296K(6464K) NonClass: 5763K(5824K)->5763K(5824K) Class: 533K(640K)->533K(640K)
[0.306s][info][gc             ] GC(11) Pause Young (Allocation Failure) 13M->10M(21M) 5.763ms
[0.306s][info][gc,cpu         ] GC(11) User=0.02s Sys=0.00s Real=0.00s
[0.315s][info][gc,start       ] GC(12) Pause Young (Allocation Failure)
[0.322s][info][gc,heap        ] GC(12) PSYoungGen: 10848K(11264K)->5088K(11776K) Eden: 6656K(6656K)->0K(6656K) From: 4192K(4608K)->5088K(5120K)
[0.322s][info][gc,heap        ] GC(12) ParOldGen: 6838K(10240K)->9646K(10240K)
[0.322s][info][gc,metaspace   ] GC(12) Metaspace: 6296K(6464K)->6296K(6464K) NonClass: 5763K(5824K)->5763K(5824K) Class: 533K(640K)->533K(640K)
[0.322s][info][gc             ] GC(12) Pause Young (Allocation Failure) 17M->14M(21M) 7.765ms
[0.322s][info][gc,cpu         ] GC(12) User=0.02s Sys=0.00s Real=0.01s
[0.322s][info][gc,start       ] GC(13) Pause Full (Ergonomics)
[0.322s][info][gc,phases,start] GC(13) Marking Phase
[0.330s][info][gc,phases      ] GC(13) Marking Phase 7.744ms
[0.330s][info][gc,phases,start] GC(13) Summary Phase
[0.330s][info][gc,phases      ] GC(13) Summary Phase 0.019ms
[0.330s][info][gc,phases,start] GC(13) Adjust Roots
[0.331s][info][gc,phases      ] GC(13) Adjust Roots 0.213ms
[0.331s][info][gc,phases,start] GC(13) Compaction Phase
[0.337s][info][gc,phases      ] GC(13) Compaction Phase 6.768ms
[0.337s][info][gc,phases,start] GC(13) Post Compact
[0.338s][info][gc,phases      ] GC(13) Post Compact 0.082ms
[0.338s][info][gc,heap        ] GC(13) PSYoungGen: 5088K(11776K)->4439K(11776K) Eden: 0K(6656K)->0K(6656K) From: 5088K(5120K)->4439K(5120K)
[0.338s][info][gc,heap        ] GC(13) ParOldGen: 9646K(10240K)->9956K(15360K)
[0.338s][info][gc,metaspace   ] GC(13) Metaspace: 6296K(6464K)->6296K(6464K) NonClass: 5763K(5824K)->5763K(5824K) Class: 533K(640K)->533K(640K)
[0.338s][info][gc             ] GC(13) Pause Full (Ergonomics) 14M->14M(26M) 15.224ms
[0.338s][info][gc,cpu         ] GC(13) User=0.00s Sys=0.00s Real=0.01s
[0.343s][info][gc,start       ] GC(14) Pause Young (Allocation Failure)
[0.350s][info][gc,heap        ] GC(14) PSYoungGen: 11095K(11776K)->5376K(15872K) Eden: 6656K(6656K)->0K(8704K) From: 4439K(5120K)->5376K(7168K)
[0.350s][info][gc,heap        ] GC(14) ParOldGen: 9956K(15360K)->12508K(15360K)
[0.350s][info][gc,metaspace   ] GC(14) Metaspace: 6298K(6464K)->6298K(6464K) NonClass: 5764K(5824K)->5764K(5824K) Class: 533K(640K)->533K(640K)
[0.350s][info][gc             ] GC(14) Pause Young (Allocation Failure) 20M->17M(30M) 7.061ms
[0.350s][info][gc,cpu         ] GC(14) User=0.00s Sys=0.00s Real=0.01s
[0.356s][info][gc,start       ] GC(15) Pause Young (Allocation Failure)
[0.364s][info][gc,heap        ] GC(15) PSYoungGen: 14080K(15872K)->4544K(16384K) Eden: 8704K(8704K)->0K(8704K) From: 5376K(7168K)->4544K(7680K)
[0.364s][info][gc,heap        ] GC(15) ParOldGen: 12508K(15360K)->17940K(18432K)
[0.365s][info][gc,metaspace   ] GC(15) Metaspace: 6298K(6464K)->6298K(6464K) NonClass: 5764K(5824K)->5764K(5824K) Class: 533K(640K)->533K(640K)
[0.365s][info][gc             ] GC(15) Pause Young (Allocation Failure) 25M->21M(34M) 8.813ms
[0.365s][info][gc,cpu         ] GC(15) User=0.02s Sys=0.00s Real=0.01s
[0.365s][info][gc,start       ] GC(16) Pause Full (Ergonomics)
[0.365s][info][gc,phases,start] GC(16) Marking Phase
[0.375s][info][gc,phases      ] GC(16) Marking Phase 10.611ms
[0.375s][info][gc,phases,start] GC(16) Summary Phase
[0.375s][info][gc,phases      ] GC(16) Summary Phase 0.016ms
[0.375s][info][gc,phases,start] GC(16) Adjust Roots
[0.376s][info][gc,phases      ] GC(16) Adjust Roots 0.225ms
[0.376s][info][gc,phases,start] GC(16) Compaction Phase
[0.384s][info][gc,phases      ] GC(16) Compaction Phase 8.203ms
[0.384s][info][gc,phases,start] GC(16) Post Compact
[0.384s][info][gc,phases      ] GC(16) Post Compact 0.114ms
[0.384s][info][gc,heap        ] GC(16) PSYoungGen: 4544K(16384K)->3984K(16384K) Eden: 0K(8704K)->0K(8704K) From: 4544K(7680K)->3984K(7680K)
[0.384s][info][gc,heap        ] GC(16) ParOldGen: 17940K(18432K)->18309K(26624K)
[0.384s][info][gc,metaspace   ] GC(16) Metaspace: 6298K(6464K)->6298K(6464K) NonClass: 5764K(5824K)->5764K(5824K) Class: 533K(640K)->533K(640K)
[0.384s][info][gc             ] GC(16) Pause Full (Ergonomics) 21M->21M(42M) 19.483ms
[0.384s][info][gc,cpu         ] GC(16) User=0.02s Sys=0.00s Real=0.02s
[0.394s][info][gc,start       ] GC(17) Pause Young (Allocation Failure)
[0.402s][info][gc,heap        ] GC(17) PSYoungGen: 12688K(16384K)->5024K(19456K) Eden: 8704K(8704K)->0K(11776K) From: 3984K(7680K)->5024K(7680K)
[0.402s][info][gc,heap        ] GC(17) ParOldGen: 18309K(26624K)->22365K(26624K)
[0.402s][info][gc,metaspace   ] GC(17) Metaspace: 6298K(6464K)->6298K(6464K) NonClass: 5764K(5824K)->5764K(5824K) Class: 533K(640K)->533K(640K)
[0.402s][info][gc             ] GC(17) Pause Young (Allocation Failure) 30M->26M(45M) 8.043ms
[0.402s][info][gc,cpu         ] GC(17) User=0.00s Sys=0.00s Real=0.01s
[0.402s][info][gc,start       ] GC(18) Pause Full (Ergonomics)
[0.402s][info][gc,phases,start] GC(18) Marking Phase
[0.414s][info][gc,phases      ] GC(18) Marking Phase 12.063ms
[0.414s][info][gc,phases,start] GC(18) Summary Phase
[0.414s][info][gc,phases      ] GC(18) Summary Phase 0.015ms
[0.414s][info][gc,phases,start] GC(18) Adjust Roots
[0.415s][info][gc,phases      ] GC(18) Adjust Roots 0.184ms
[0.415s][info][gc,phases,start] GC(18) Compaction Phase
[0.423s][info][gc,phases      ] GC(18) Compaction Phase 8.731ms
[0.423s][info][gc,phases,start] GC(18) Post Compact
[0.423s][info][gc,phases      ] GC(18) Post Compact 0.109ms
[0.424s][info][gc,heap        ] GC(18) PSYoungGen: 5024K(19456K)->389K(19456K) Eden: 0K(11776K)->0K(11776K) From: 5024K(7680K)->389K(7680K)
[0.424s][info][gc,heap        ] GC(18) ParOldGen: 22365K(26624K)->26382K(37376K)
[0.424s][info][gc,metaspace   ] GC(18) Metaspace: 6298K(6464K)->6298K(6464K) NonClass: 5764K(5824K)->5764K(5824K) Class: 533K(640K)->533K(640K)
[0.424s][info][gc             ] GC(18) Pause Full (Ergonomics) 26M->26M(55M) 21.433ms
[0.424s][info][gc,cpu         ] GC(18) User=0.00s Sys=0.00s Real=0.02s
[0.431s][info][gc,start       ] GC(19) Pause Young (Allocation Failure)
[0.438s][info][gc,heap        ] GC(19) PSYoungGen: 12165K(19456K)->6112K(19968K) Eden: 11776K(11776K)->0K(11776K) From: 389K(7680K)->6112K(8192K)
[0.438s][info][gc,heap        ] GC(19) ParOldGen: 26382K(37376K)->26782K(37376K)
[0.438s][info][gc,metaspace   ] GC(19) Metaspace: 6298K(6464K)->6298K(6464K) NonClass: 5764K(5824K)->5764K(5824K) Class: 533K(640K)->533K(640K)
[0.438s][info][gc             ] GC(19) Pause Young (Allocation Failure) 37M->32M(56M) 7.213ms
[0.438s][info][gc,cpu         ] GC(19) User=0.00s Sys=0.00s Real=0.01s
[0.448s][info][gc,start       ] GC(20) Pause Young (Allocation Failure)
[0.461s][info][gc,heap        ] GC(20) PSYoungGen: 17888K(19968K)->8704K(19968K) Eden: 11776K(11776K)->0K(11264K) From: 6112K(8192K)->8704K(8704K)
[0.461s][info][gc,heap        ] GC(20) ParOldGen: 26782K(37376K)->34110K(37376K)
[0.461s][info][gc,metaspace   ] GC(20) Metaspace: 6298K(6464K)->6298K(6464K) NonClass: 5764K(5824K)->5764K(5824K) Class: 533K(640K)->533K(640K)
[0.461s][info][gc             ] GC(20) Pause Young (Allocation Failure) 43M->41M(56M) 12.885ms
[0.461s][info][gc,cpu         ] GC(20) User=0.00s Sys=0.00s Real=0.01s
[0.461s][info][gc,start       ] GC(21) Pause Full (Ergonomics)
[0.461s][info][gc,phases,start] GC(21) Marking Phase
[0.478s][info][gc,phases      ] GC(21) Marking Phase 17.100ms
[0.478s][info][gc,phases,start] GC(21) Summary Phase
[0.478s][info][gc,phases      ] GC(21) Summary Phase 0.014ms
[0.478s][info][gc,phases,start] GC(21) Adjust Roots
[0.479s][info][gc,phases      ] GC(21) Adjust Roots 0.202ms
[0.479s][info][gc,phases,start] GC(21) Compaction Phase
[0.490s][info][gc,phases      ] GC(21) Compaction Phase 11.614ms
[0.490s][info][gc,phases,start] GC(21) Post Compact
[0.491s][info][gc,phases      ] GC(21) Post Compact 0.248ms
[0.491s][info][gc,heap        ] GC(21) PSYoungGen: 8704K(19968K)->5621K(19968K) Eden: 0K(11264K)->0K(11264K) From: 8704K(8704K)->5621K(8704K)
[0.491s][info][gc,heap        ] GC(21) ParOldGen: 34110K(37376K)->37043K(51200K)
[0.491s][info][gc,metaspace   ] GC(21) Metaspace: 6298K(6464K)->6298K(6464K) NonClass: 5764K(5824K)->5764K(5824K) Class: 533K(640K)->533K(640K)
[0.491s][info][gc             ] GC(21) Pause Full (Ergonomics) 41M->41M(69M) 29.513ms
[0.491s][info][gc,cpu         ] GC(21) User=0.05s Sys=0.00s Real=0.03s
[0.506s][info][gc,start       ] GC(22) Pause Young (Allocation Failure)
[0.518s][info][gc,heap        ] GC(22) PSYoungGen: 16885K(19968K)->11264K(24064K) Eden: 11264K(11264K)->0K(11264K) From: 5621K(8704K)->11264K(12800K)
[0.519s][info][gc,heap        ] GC(22) ParOldGen: 37043K(51200K)->42763K(51200K)
[0.519s][info][gc,metaspace   ] GC(22) Metaspace: 6298K(6464K)->6298K(6464K) NonClass: 5764K(5824K)->5764K(5824K) Class: 533K(640K)->533K(640K)
[0.519s][info][gc             ] GC(22) Pause Young (Allocation Failure) 52M->52M(73M) 12.654ms
[0.519s][info][gc,cpu         ] GC(22) User=0.00s Sys=0.00s Real=0.01s
[0.529s][info][gc,start       ] GC(23) Pause Young (Allocation Failure)
[0.545s][info][gc,heap        ] GC(23) PSYoungGen: 22528K(24064K)->14304K(23552K) Eden: 11264K(11264K)->0K(9216K) From: 11264K(12800K)->14304K(14336K)
[0.545s][info][gc,heap        ] GC(23) ParOldGen: 42763K(51200K)->51091K(51200K)
[0.545s][info][gc,metaspace   ] GC(23) Metaspace: 6298K(6464K)->6298K(6464K) NonClass: 5764K(5824K)->5764K(5824K) Class: 533K(640K)->533K(640K)
[0.545s][info][gc             ] GC(23) Pause Young (Allocation Failure) 63M->63M(73M) 15.928ms
[0.545s][info][gc,cpu         ] GC(23) User=0.02s Sys=0.00s Real=0.01s
[0.545s][info][gc,start       ] GC(24) Pause Full (Ergonomics)
[0.545s][info][gc,phases,start] GC(24) Marking Phase
[0.570s][info][gc,phases      ] GC(24) Marking Phase 24.495ms
[0.570s][info][gc,phases,start] GC(24) Summary Phase
[0.570s][info][gc,phases      ] GC(24) Summary Phase 0.021ms
[0.570s][info][gc,phases,start] GC(24) Adjust Roots
[0.570s][info][gc,phases      ] GC(24) Adjust Roots 0.166ms
[0.570s][info][gc,phases,start] GC(24) Compaction Phase
[0.590s][info][gc,phases      ] GC(24) Compaction Phase 20.199ms
[0.590s][info][gc,phases,start] GC(24) Post Compact
[0.591s][info][gc,phases      ] GC(24) Post Compact 0.210ms
[0.591s][info][gc,heap        ] GC(24) PSYoungGen: 14304K(23552K)->14280K(23552K) Eden: 0K(9216K)->0K(9216K) From: 14304K(14336K)->14280K(14336K)
[0.591s][info][gc,heap        ] GC(24) ParOldGen: 51091K(51200K)->49828K(68096K)
[0.591s][info][gc,metaspace   ] GC(24) Metaspace: 6298K(6464K)->6298K(6464K) NonClass: 5764K(5824K)->5764K(5824K) Class: 533K(640K)->533K(640K)
[0.591s][info][gc             ] GC(24) Pause Full (Ergonomics) 63M->62M(89M) 45.508ms
[0.591s][info][gc,cpu         ] GC(24) User=0.06s Sys=0.00s Real=0.05s
[0.600s][info][gc,start       ] GC(25) Pause Young (Allocation Failure)
[0.618s][info][gc,heap        ] GC(25) PSYoungGen: 23496K(23552K)->9248K(29184K) Eden: 9216K(9216K)->0K(9216K) From: 14280K(14336K)->9248K(19968K)
[0.618s][info][gc,heap        ] GC(25) ParOldGen: 49828K(68096K)->64308K(68096K)
[0.618s][info][gc,metaspace   ] GC(25) Metaspace: 6298K(6464K)->6298K(6464K) NonClass: 5764K(5824K)->5764K(5824K) Class: 533K(640K)->533K(640K)
[0.618s][info][gc             ] GC(25) Pause Young (Allocation Failure) 71M->71M(95M) 18.287ms
[0.618s][info][gc,cpu         ] GC(25) User=0.03s Sys=0.00s Real=0.02s
[0.618s][info][gc,start       ] GC(26) Pause Full (Ergonomics)
[0.618s][info][gc,phases,start] GC(26) Marking Phase
[0.648s][info][gc,phases      ] GC(26) Marking Phase 30.195ms
[0.649s][info][gc,phases,start] GC(26) Summary Phase
[0.649s][info][gc,phases      ] GC(26) Summary Phase 0.015ms
[0.649s][info][gc,phases,start] GC(26) Adjust Roots
[0.649s][info][gc,phases      ] GC(26) Adjust Roots 0.158ms
[0.649s][info][gc,phases,start] GC(26) Compaction Phase
[0.671s][info][gc,phases      ] GC(26) Compaction Phase 22.134ms
[0.671s][info][gc,phases,start] GC(26) Post Compact
[0.671s][info][gc,phases      ] GC(26) Post Compact 0.388ms
[0.672s][info][gc,heap        ] GC(26) PSYoungGen: 9248K(29184K)->5608K(29184K) Eden: 0K(9216K)->0K(9216K) From: 9248K(19968K)->5608K(19968K)
[0.672s][info][gc,heap        ] GC(26) ParOldGen: 64308K(68096K)->67685K(91136K)
[0.672s][info][gc,metaspace   ] GC(26) Metaspace: 6298K(6464K)->6298K(6464K) NonClass: 5764K(5824K)->5764K(5824K) Class: 533K(640K)->533K(640K)
[0.672s][info][gc             ] GC(26) Pause Full (Ergonomics) 71M->71M(117M) 53.346ms
[0.672s][info][gc,cpu         ] GC(26) User=0.03s Sys=0.00s Real=0.05s
[0.682s][info][gc,start       ] GC(27) Pause Young (Allocation Failure)
[0.700s][info][gc,heap        ] GC(27) PSYoungGen: 14824K(29184K)->14848K(29184K) Eden: 9216K(9216K)->0K(9728K) From: 5608K(19968K)->14848K(19456K)
[0.700s][info][gc,heap        ] GC(27) ParOldGen: 67685K(91136K)->67685K(91136K)
[0.700s][info][gc,metaspace   ] GC(27) Metaspace: 6298K(6464K)->6298K(6464K) NonClass: 5764K(5824K)->5764K(5824K) Class: 533K(640K)->533K(640K)
[0.700s][info][gc             ] GC(27) Pause Young (Allocation Failure) 80M->80M(117M) 17.855ms
[0.700s][info][gc,cpu         ] GC(27) User=0.02s Sys=0.00s Real=0.02s
[0.707s][info][gc,start       ] GC(28) Pause Young (Allocation Failure)
[0.722s][info][gc,heap        ] GC(28) PSYoungGen: 21252K(29184K)->20992K(30720K) Eden: 6404K(9728K)->0K(9728K) From: 14848K(19456K)->20992K(20992K)
[0.722s][info][gc,heap        ] GC(28) ParOldGen: 67685K(91136K)->67789K(91136K)
[0.722s][info][gc,metaspace   ] GC(28) Metaspace: 6298K(6464K)->6298K(6464K) NonClass: 5764K(5824K)->5764K(5824K) Class: 533K(640K)->533K(640K)
[0.722s][info][gc             ] GC(28) Pause Young (Allocation Failure) 86M->86M(119M) 14.720ms
[0.722s][info][gc,cpu         ] GC(28) User=0.02s Sys=0.00s Real=0.01s
[0.739s][info][gc,start       ] GC(29) Pause Young (Allocation Failure)
[0.762s][info][gc,heap        ] GC(29) PSYoungGen: 30720K(30720K)->15968K(35328K) Eden: 9728K(9728K)->0K(10752K) From: 20992K(20992K)->15968K(24576K)
[0.762s][info][gc,heap        ] GC(29) ParOldGen: 67789K(91136K)->82757K(91136K)
[0.762s][info][gc,metaspace   ] GC(29) Metaspace: 6298K(6464K)->6298K(6464K) NonClass: 5764K(5824K)->5764K(5824K) Class: 533K(640K)->533K(640K)
[0.762s][info][gc             ] GC(29) Pause Young (Allocation Failure) 96M->96M(123M) 22.436ms
[0.762s][info][gc,cpu         ] GC(29) User=0.03s Sys=0.00s Real=0.02s
[0.762s][info][gc,start       ] GC(30) Pause Full (Ergonomics)
[0.762s][info][gc,phases,start] GC(30) Marking Phase
[0.808s][info][gc,phases      ] GC(30) Marking Phase 46.084ms
[0.808s][info][gc,phases,start] GC(30) Summary Phase
[0.808s][info][gc,phases      ] GC(30) Summary Phase 0.016ms
[0.808s][info][gc,phases,start] GC(30) Adjust Roots
[0.808s][info][gc,phases      ] GC(30) Adjust Roots 0.186ms
[0.808s][info][gc,phases,start] GC(30) Compaction Phase
[0.838s][info][gc,phases      ] GC(30) Compaction Phase 29.152ms
[0.838s][info][gc,phases,start] GC(30) Post Compact
[0.838s][info][gc,phases      ] GC(30) Post Compact 0.391ms
[0.838s][info][gc,heap        ] GC(30) PSYoungGen: 15968K(35328K)->5709K(35328K) Eden: 0K(10752K)->0K(10752K) From: 15968K(24576K)->5709K(24576K)
[0.838s][info][gc,heap        ] GC(30) ParOldGen: 82757K(91136K)->90680K(118272K)
[0.838s][info][gc,metaspace   ] GC(30) Metaspace: 6298K(6464K)->6298K(6464K) NonClass: 5764K(5824K)->5764K(5824K) Class: 533K(640K)->533K(640K)
[0.838s][info][gc             ] GC(30) Pause Full (Ergonomics) 96M->94M(150M) 76.254ms
[0.838s][info][gc,cpu         ] GC(30) User=0.06s Sys=0.00s Real=0.08s
[0.847s][info][gc,start       ] GC(31) Pause Young (Allocation Failure)
[0.865s][info][gc,heap        ] GC(31) PSYoungGen: 16461K(35328K)->13440K(36352K) Eden: 10752K(10752K)->0K(10752K) From: 5709K(24576K)->13440K(25600K)
[0.865s][info][gc,heap        ] GC(31) ParOldGen: 90680K(118272K)->93824K(118272K)
[0.865s][info][gc,metaspace   ] GC(31) Metaspace: 6298K(6464K)->6298K(6464K) NonClass: 5764K(5824K)->5764K(5824K) Class: 533K(640K)->533K(640K)
[0.865s][info][gc             ] GC(31) Pause Young (Allocation Failure) 104M->104M(151M) 17.338ms
[0.865s][info][gc,cpu         ] GC(31) User=0.00s Sys=0.00s Real=0.02s
[0.875s][info][gc,start       ] GC(32) Pause Young (Allocation Failure)
[0.889s][info][gc,heap        ] GC(32) PSYoungGen: 24192K(36352K)->24160K(34816K) Eden: 10752K(10752K)->0K(9728K) From: 13440K(25600K)->24160K(25088K)
[0.889s][info][gc,heap        ] GC(32) ParOldGen: 93824K(118272K)->93824K(118272K)
[0.889s][info][gc,metaspace   ] GC(32) Metaspace: 6298K(6464K)->6298K(6464K) NonClass: 5764K(5824K)->5764K(5824K) Class: 533K(640K)->533K(640K)
[0.889s][info][gc             ] GC(32) Pause Young (Allocation Failure) 115M->115M(149M) 14.220ms
[0.889s][info][gc,cpu         ] GC(32) User=0.00s Sys=0.00s Real=0.01s
[0.898s][info][gc,start       ] GC(33) Pause Young (Allocation Failure)
[0.916s][info][gc,heap        ] GC(33) PSYoungGen: 33888K(34816K)->28672K(38400K) Eden: 9728K(9728K)->0K(9728K) From: 24160K(25088K)->28672K(28672K)
[0.916s][info][gc,heap        ] GC(33) ParOldGen: 93824K(118272K)->99056K(118272K)
[0.916s][info][gc,metaspace   ] GC(33) Metaspace: 6298K(6464K)->6298K(6464K) NonClass: 5764K(5824K)->5764K(5824K) Class: 533K(640K)->533K(640K)
[0.916s][info][gc             ] GC(33) Pause Young (Allocation Failure) 124M->124M(153M) 17.425ms
[0.916s][info][gc,cpu         ] GC(33) User=0.03s Sys=0.02s Real=0.02s
[0.925s][info][gc,start       ] GC(34) Pause Young (Allocation Failure)
[0.947s][info][gc,heap        ] GC(34) PSYoungGen: 38400K(38400K)->18592K(45568K) Eden: 9728K(9728K)->0K(11776K) From: 28672K(28672K)->18592K(33792K)
[0.947s][info][gc,heap        ] GC(34) ParOldGen: 99056K(118272K)->119200K(119296K)
[0.947s][info][gc,metaspace   ] GC(34) Metaspace: 6298K(6464K)->6298K(6464K) NonClass: 5764K(5824K)->5764K(5824K) Class: 533K(640K)->533K(640K)
[0.947s][info][gc             ] GC(34) Pause Young (Allocation Failure) 134M->134M(161M) 21.901ms
[0.947s][info][gc,cpu         ] GC(34) User=0.03s Sys=0.02s Real=0.02s
[0.947s][info][gc,start       ] GC(35) Pause Full (Ergonomics)
[0.947s][info][gc,phases,start] GC(35) Marking Phase
[0.989s][info][gc,phases      ] GC(35) Marking Phase 42.248ms
[0.989s][info][gc,phases,start] GC(35) Summary Phase
[0.989s][info][gc,phases      ] GC(35) Summary Phase 0.020ms
[0.989s][info][gc,phases,start] GC(35) Adjust Roots
[0.989s][info][gc,phases      ] GC(35) Adjust Roots 0.194ms
[0.989s][info][gc,phases,start] GC(35) Compaction Phase
[1.019s][info][gc,phases      ] GC(35) Compaction Phase 30.109ms
[1.020s][info][gc,phases,start] GC(35) Post Compact
[1.020s][info][gc,phases      ] GC(35) Post Compact 0.885ms
[1.021s][info][gc,heap        ] GC(35) PSYoungGen: 18592K(45568K)->17975K(46592K) Eden: 0K(11776K)->0K(12800K) From: 18592K(33792K)->17975K(33792K)
[1.021s][info][gc,heap        ] GC(35) ParOldGen: 119200K(119296K)->119243K(151552K)
[1.021s][info][gc,metaspace   ] GC(35) Metaspace: 6298K(6464K)->6298K(6464K) NonClass: 5764K(5824K)->5764K(5824K) Class: 533K(640K)->533K(640K)
[1.021s][info][gc             ] GC(35) Pause Full (Ergonomics) 134M->134M(193M) 73.994ms
[1.021s][info][gc,cpu         ] GC(35) User=0.14s Sys=0.00s Real=0.07s
[1.034s][info][gc,start       ] GC(36) Pause Young (Allocation Failure)
[1.061s][info][gc,heap        ] GC(36) PSYoungGen: 30775K(46592K)->12864K(47616K) Eden: 12800K(12800K)->0K(12800K) From: 17975K(33792K)->12864K(34816K)
[1.061s][info][gc,heap        ] GC(36) ParOldGen: 119243K(151552K)->137515K(151552K)
[1.061s][info][gc,metaspace   ] GC(36) Metaspace: 6298K(6464K)->6298K(6464K) NonClass: 5764K(5824K)->5764K(5824K) Class: 533K(640K)->533K(640K)
[1.061s][info][gc             ] GC(36) Pause Young (Allocation Failure) 146M->146M(194M) 27.276ms
[1.061s][info][gc,cpu         ] GC(36) User=0.06s Sys=0.00s Real=0.03s
[1.061s][info][gc,start       ] GC(37) Pause Full (Ergonomics)
[1.061s][info][gc,phases,start] GC(37) Marking Phase
[1.112s][info][gc,phases      ] GC(37) Marking Phase 50.799ms
[1.112s][info][gc,phases,start] GC(37) Summary Phase
[1.112s][info][gc,phases      ] GC(37) Summary Phase 0.019ms
[1.112s][info][gc,phases,start] GC(37) Adjust Roots
[1.112s][info][gc,phases      ] GC(37) Adjust Roots 0.156ms
[1.112s][info][gc,phases,start] GC(37) Compaction Phase
[1.133s][info][gc,phases      ] GC(37) Compaction Phase 20.372ms
[1.133s][info][gc,phases,start] GC(37) Post Compact
[1.134s][info][gc,phases      ] GC(37) Post Compact 0.998ms
[1.134s][info][gc,heap        ] GC(37) PSYoungGen: 12864K(47616K)->0K(47616K) Eden: 0K(12800K)->0K(14848K) From: 12864K(34816K)->0K(32768K)
[1.134s][info][gc,heap        ] GC(37) ParOldGen: 137515K(151552K)->149986K(187392K)
[1.134s][info][gc,metaspace   ] GC(37) Metaspace: 6298K(6464K)->6298K(6464K) NonClass: 5764K(5824K)->5764K(5824K) Class: 533K(640K)->533K(640K)
[1.134s][info][gc             ] GC(37) Pause Full (Ergonomics) 146M->146M(229M) 72.940ms
[1.134s][info][gc,cpu         ] GC(37) User=0.20s Sys=0.00s Real=0.07s
[1.149s][info][gc,start       ] GC(38) Pause Young (Allocation Failure)
[1.159s][info][gc,heap        ] GC(38) PSYoungGen: 14848K(47616K)->14976K(48128K) Eden: 14848K(14848K)->0K(14848K) From: 0K(32768K)->14976K(33280K)
[1.160s][info][gc,heap        ] GC(38) ParOldGen: 149986K(187392K)->149986K(187392K)
[1.160s][info][gc,metaspace   ] GC(38) Metaspace: 6298K(6464K)->6298K(6464K) NonClass: 5764K(5824K)->5764K(5824K) Class: 533K(640K)->533K(640K)
[1.160s][info][gc             ] GC(38) Pause Young (Allocation Failure) 160M->161M(230M) 10.243ms
[1.160s][info][gc,cpu         ] GC(38) User=0.00s Sys=0.00s Real=0.01s
[1.202s][info][gc,start       ] GC(39) Pause Young (Allocation Failure)
[1.222s][info][gc,heap        ] GC(39) PSYoungGen: 29824K(48128K)->29760K(44544K) Eden: 14848K(14848K)->0K(12800K) From: 14976K(33280K)->29760K(31744K)
[1.222s][info][gc,heap        ] GC(39) ParOldGen: 158178K(187392K)->158178K(187392K)
[1.222s][info][gc,metaspace   ] GC(39) Metaspace: 6298K(6464K)->6298K(6464K) NonClass: 5764K(5824K)->5764K(5824K) Class: 533K(640K)->533K(640K)
[1.222s][info][gc             ] GC(39) Pause Young (Allocation Failure) 183M->183M(226M) 20.034ms
[1.222s][info][gc,cpu         ] GC(39) User=0.02s Sys=0.00s Real=0.02s
[1.234s][info][gc,start       ] GC(40) Pause Young (Allocation Failure)
[1.255s][info][gc,heap        ] GC(40) PSYoungGen: 42560K(44544K)->35840K(48640K) Eden: 12800K(12800K)->0K(12800K) From: 29760K(31744K)->35840K(35840K)
[1.255s][info][gc,heap        ] GC(40) ParOldGen: 158178K(187392K)->164938K(187392K)
[1.255s][info][gc,metaspace   ] GC(40) Metaspace: 6298K(6464K)->6298K(6464K) NonClass: 5764K(5824K)->5764K(5824K) Class: 533K(640K)->533K(640K)
[1.255s][info][gc             ] GC(40) Pause Young (Allocation Failure) 196M->196M(230M) 20.607ms
[1.255s][info][gc,cpu         ] GC(40) User=0.05s Sys=0.00s Real=0.02s
[1.267s][info][gc,start       ] GC(41) Pause Young (Allocation Failure)
[1.294s][info][gc,heap        ] GC(41) PSYoungGen: 48640K(48640K)->23328K(57344K) Eden: 12800K(12800K)->0K(14848K) From: 35840K(35840K)->23328K(42496K)
[1.294s][info][gc,heap        ] GC(41) ParOldGen: 164938K(187392K)->190682K(190976K)
[1.294s][info][gc,metaspace   ] GC(41) Metaspace: 6298K(6464K)->6298K(6464K) NonClass: 5764K(5824K)->5764K(5824K) Class: 533K(640K)->533K(640K)
[1.294s][info][gc             ] GC(41) Pause Young (Allocation Failure) 208M->208M(242M) 26.828ms
[1.294s][info][gc,cpu         ] GC(41) User=0.09s Sys=0.00s Real=0.03s
[1.294s][info][gc,start       ] GC(42) Pause Full (Ergonomics)
[1.294s][info][gc,phases,start] GC(42) Marking Phase
[1.344s][info][gc,phases      ] GC(42) Marking Phase 50.514ms
[1.344s][info][gc,phases,start] GC(42) Summary Phase
[1.344s][info][gc,phases      ] GC(42) Summary Phase 0.017ms
[1.344s][info][gc,phases,start] GC(42) Adjust Roots
[1.345s][info][gc,phases      ] GC(42) Adjust Roots 0.149ms
[1.345s][info][gc,phases,start] GC(42) Compaction Phase
[1.387s][info][gc,phases      ] GC(42) Compaction Phase 42.832ms
[1.387s][info][gc,phases,start] GC(42) Post Compact
[1.388s][info][gc,phases      ] GC(42) Post Compact 0.917ms
[1.389s][info][gc,heap        ] GC(42) PSYoungGen: 23328K(57344K)->18573K(57856K) Eden: 0K(14848K)->0K(15360K) From: 23328K(42496K)->18573K(42496K)
[1.389s][info][gc,heap        ] GC(42) ParOldGen: 190682K(190976K)->190680K(233984K)
[1.389s][info][gc,metaspace   ] GC(42) Metaspace: 6298K(6464K)->6298K(6464K) NonClass: 5764K(5824K)->5764K(5824K) Class: 533K(640K)->533K(640K)
[1.389s][info][gc             ] GC(42) Pause Full (Ergonomics) 208M->204M(285M) 94.920ms
[1.389s][info][gc,cpu         ] GC(42) User=0.30s Sys=0.00s Real=0.10s
[1.406s][info][gc,start       ] GC(43) Pause Young (Allocation Failure)
[1.432s][info][gc,heap        ] GC(43) PSYoungGen: 33933K(57856K)->26240K(58368K) Eden: 15360K(15360K)->0K(15360K) From: 18573K(42496K)->26240K(43008K)
[1.432s][info][gc,heap        ] GC(43) ParOldGen: 190680K(233984K)->198616K(233984K)
[1.432s][info][gc,metaspace   ] GC(43) Metaspace: 6298K(6464K)->6298K(6464K) NonClass: 5764K(5824K)->5764K(5824K) Class: 533K(640K)->533K(640K)
[1.432s][info][gc             ] GC(43) Pause Young (Allocation Failure) 219M->219M(285M) 25.874ms
[1.432s][info][gc,cpu         ] GC(43) User=0.09s Sys=0.02s Real=0.03s
[1.449s][info][gc,start       ] GC(44) Pause Young (Allocation Failure)
[1.471s][info][gc,heap        ] GC(44) PSYoungGen: 41600K(58368K)->41600K(54784K) Eden: 15360K(15360K)->0K(11776K) From: 26240K(43008K)->41600K(43008K)
[1.471s][info][gc,heap        ] GC(44) ParOldGen: 198616K(233984K)->198616K(233984K)
[1.471s][info][gc,metaspace   ] GC(44) Metaspace: 6298K(6464K)->6298K(6464K) NonClass: 5764K(5824K)->5764K(5824K) Class: 533K(640K)->533K(640K)
[1.471s][info][gc             ] GC(44) Pause Young (Allocation Failure) 234M->234M(282M) 21.347ms
[1.471s][info][gc,cpu         ] GC(44) User=0.05s Sys=0.03s Real=0.02s
[1.484s][info][gc,start       ] GC(45) Pause Young (Allocation Failure)
[1.509s][info][gc,heap        ] GC(45) PSYoungGen: 53376K(54784K)->42560K(60928K) Eden: 11776K(11776K)->0K(11776K) From: 41600K(43008K)->42560K(49152K)
[1.509s][info][gc,heap        ] GC(45) ParOldGen: 198616K(233984K)->209552K(233984K)
[1.509s][info][gc,metaspace   ] GC(45) Metaspace: 6298K(6464K)->6298K(6464K) NonClass: 5764K(5824K)->5764K(5824K) Class: 533K(640K)->533K(640K)
[1.509s][info][gc             ] GC(45) Pause Young (Allocation Failure) 246M->246M(288M) 24.804ms
[1.509s][info][gc,cpu         ] GC(45) User=0.08s Sys=0.02s Real=0.02s
[1.522s][info][gc,start       ] GC(46) Pause Young (Allocation Failure)
[1.549s][info][gc,heap        ] GC(46) PSYoungGen: 54336K(60928K)->38976K(65024K) Eden: 11776K(11776K)->0K(11264K) From: 42560K(49152K)->38976K(53760K)
[1.549s][info][gc,heap        ] GC(46) ParOldGen: 209552K(233984K)->225120K(233984K)
[1.549s][info][gc,metaspace   ] GC(46) Metaspace: 6298K(6464K)->6298K(6464K) NonClass: 5764K(5824K)->5764K(5824K) Class: 533K(640K)->533K(640K)
[1.549s][info][gc             ] GC(46) Pause Young (Allocation Failure) 257M->257M(292M) 26.700ms
[1.549s][info][gc,cpu         ] GC(46) User=0.05s Sys=0.02s Real=0.03s
[1.549s][info][gc,start       ] GC(47) Pause Full (Ergonomics)
[1.549s][info][gc,phases,start] GC(47) Marking Phase
[1.607s][info][gc,phases      ] GC(47) Marking Phase 58.091ms
[1.607s][info][gc,phases,start] GC(47) Summary Phase
[1.607s][info][gc,phases      ] GC(47) Summary Phase 0.018ms
[1.607s][info][gc,phases,start] GC(47) Adjust Roots
[1.607s][info][gc,phases      ] GC(47) Adjust Roots 0.147ms
[1.607s][info][gc,phases,start] GC(47) Compaction Phase
[1.643s][info][gc,phases      ] GC(47) Compaction Phase 35.450ms
[1.643s][info][gc,phases,start] GC(47) Post Compact
[1.644s][info][gc,phases      ] GC(47) Post Compact 1.166ms
[1.644s][info][gc,heap        ] GC(47) PSYoungGen: 38976K(65024K)->29615K(65024K) Eden: 0K(11264K)->0K(11264K) From: 38976K(53760K)->29615K(53760K)
[1.644s][info][gc,heap        ] GC(47) ParOldGen: 225120K(233984K)->233779K(278016K)
[1.644s][info][gc,metaspace   ] GC(47) Metaspace: 6298K(6464K)->6298K(6464K) NonClass: 5764K(5824K)->5764K(5824K) Class: 533K(640K)->533K(640K)
[1.644s][info][gc             ] GC(47) Pause Full (Ergonomics) 257M->257M(335M) 95.381ms
[1.644s][info][gc,cpu         ] GC(47) User=0.45s Sys=0.00s Real=0.10s
[1.657s][info][gc,start       ] GC(48) Pause Young (Allocation Failure)
[1.685s][info][gc,heap        ] GC(48) PSYoungGen: 40879K(65024K)->20640K(67584K) Eden: 11264K(11264K)->0K(11264K) From: 29615K(53760K)->20640K(56320K)
[1.685s][info][gc,heap        ] GC(48) ParOldGen: 233779K(278016K)->254467K(278016K)
[1.685s][info][gc,metaspace   ] GC(48) Metaspace: 6298K(6464K)->6298K(6464K) NonClass: 5764K(5824K)->5764K(5824K) Class: 533K(640K)->533K(640K)
[1.685s][info][gc             ] GC(48) Pause Young (Allocation Failure) 268M->268M(337M) 28.377ms
[1.685s][info][gc,cpu         ] GC(48) User=0.11s Sys=0.02s Real=0.03s
[1.685s][info][gc,start       ] GC(49) Pause Full (Ergonomics)
[1.685s][info][gc,phases,start] GC(49) Marking Phase
[1.745s][info][gc,phases      ] GC(49) Marking Phase 59.732ms
[1.745s][info][gc,phases,start] GC(49) Summary Phase
[1.745s][info][gc,phases      ] GC(49) Summary Phase 0.036ms
[1.745s][info][gc,phases,start] GC(49) Adjust Roots
[1.745s][info][gc,phases      ] GC(49) Adjust Roots 0.264ms
[1.745s][info][gc,phases,start] GC(49) Compaction Phase
[1.775s][info][gc,phases      ] GC(49) Compaction Phase 29.858ms
[1.775s][info][gc,phases,start] GC(49) Post Compact
[1.777s][info][gc,phases      ] GC(49) Post Compact 1.367ms
[1.777s][info][gc,heap        ] GC(49) PSYoungGen: 20640K(67584K)->0K(66560K) Eden: 0K(11264K)->0K(12800K) From: 20640K(56320K)->0K(53760K)
[1.777s][info][gc,heap        ] GC(49) ParOldGen: 254467K(278016K)->274625K(324096K)
[1.777s][info][gc,metaspace   ] GC(49) Metaspace: 6298K(6464K)->6298K(6464K) NonClass: 5764K(5824K)->5764K(5824K) Class: 533K(640K)->533K(640K)
[1.777s][info][gc             ] GC(49) Pause Full (Ergonomics) 268M->268M(381M) 91.889ms
[1.777s][info][gc,cpu         ] GC(49) User=0.48s Sys=0.00s Real=0.09s
[1.792s][info][gc,start       ] GC(50) Pause Young (Allocation Failure)
[1.800s][info][gc,heap        ] GC(50) PSYoungGen: 12800K(66560K)->12896K(67072K) Eden: 12800K(12800K)->0K(12800K) From: 0K(53760K)->12896K(54272K)
[1.800s][info][gc,heap        ] GC(50) ParOldGen: 274625K(324096K)->274625K(324096K)
[1.800s][info][gc,metaspace   ] GC(50) Metaspace: 6298K(6464K)->6298K(6464K) NonClass: 5764K(5824K)->5764K(5824K) Class: 533K(640K)->533K(640K)
[1.801s][info][gc             ] GC(50) Pause Young (Allocation Failure) 280M->280M(382M) 8.432ms
[1.801s][info][gc,cpu         ] GC(50) User=0.00s Sys=0.00s Real=0.01s
[1.815s][info][gc,start       ] GC(51) Pause Young (Allocation Failure)
[1.829s][info][gc,heap        ] GC(51) PSYoungGen: 25696K(67072K)->25728K(64512K) Eden: 12800K(12800K)->0K(14848K) From: 12896K(54272K)->25728K(49664K)
[1.829s][info][gc,heap        ] GC(51) ParOldGen: 274625K(324096K)->274625K(324096K)
[1.829s][info][gc,metaspace   ] GC(51) Metaspace: 6298K(6464K)->6298K(6464K) NonClass: 5764K(5824K)->5764K(5824K) Class: 533K(640K)->533K(640K)
[1.829s][info][gc             ] GC(51) Pause Young (Allocation Failure) 293M->293M(379M) 14.421ms
[1.829s][info][gc,cpu         ] GC(51) User=0.00s Sys=0.00s Real=0.01s
[1.847s][info][gc,start       ] GC(52) Pause Young (Allocation Failure)
[1.867s][info][gc,heap        ] GC(52) PSYoungGen: 40576K(64512K)->40576K(66048K) Eden: 14848K(14848K)->0K(14848K) From: 25728K(49664K)->40576K(51200K)
[1.867s][info][gc,heap        ] GC(52) ParOldGen: 274625K(324096K)->274625K(324096K)
[1.867s][info][gc,metaspace   ] GC(52) Metaspace: 6298K(6464K)->6298K(6464K) NonClass: 5764K(5824K)->5764K(5824K) Class: 533K(640K)->533K(640K)
[1.867s][info][gc             ] GC(52) Pause Young (Allocation Failure) 307M->307M(381M) 20.990ms
[1.868s][info][gc,cpu         ] GC(52) User=0.11s Sys=0.00s Real=0.02s
[1.886s][info][gc,start       ] GC(53) Pause Young (Allocation Failure)
[1.912s][info][gc,heap        ] GC(53) PSYoungGen: 55424K(66048K)->54784K(63488K) Eden: 14848K(14848K)->0K(8704K) From: 40576K(51200K)->54784K(54784K)
[1.913s][info][gc,heap        ] GC(53) ParOldGen: 274625K(324096K)->275249K(324096K)
[1.913s][info][gc,metaspace   ] GC(53) Metaspace: 6298K(6464K)->6298K(6464K) NonClass: 5764K(5824K)->5764K(5824K) Class: 533K(640K)->533K(640K)
[1.913s][info][gc             ] GC(53) Pause Young (Allocation Failure) 322M->322M(378M) 26.556ms
[1.913s][info][gc,cpu         ] GC(53) User=0.14s Sys=0.00s Real=0.03s
[1.923s][info][gc,start       ] GC(54) Pause Young (Allocation Failure)
[1.951s][info][gc,heap        ] GC(54) PSYoungGen: 63488K(63488K)->50816K(71680K) Eden: 8704K(8704K)->0K(8704K) From: 54784K(54784K)->50816K(62976K)
[1.951s][info][gc,heap        ] GC(54) ParOldGen: 275249K(324096K)->288137K(324096K)
[1.951s][info][gc,metaspace   ] GC(54) Metaspace: 6298K(6464K)->6298K(6464K) NonClass: 5764K(5824K)->5764K(5824K) Class: 533K(640K)->533K(640K)
[1.951s][info][gc             ] GC(54) Pause Young (Allocation Failure) 330M->331M(386M) 28.189ms
[1.951s][info][gc,cpu         ] GC(54) User=0.14s Sys=0.00s Real=0.03s
[1.961s][info][gc,start       ] GC(55) Pause Young (Allocation Failure)
[1.988s][info][gc,heap        ] GC(55) PSYoungGen: 59520K(71680K)->46848K(75776K) Eden: 8704K(8704K)->0K(8192K) From: 50816K(62976K)->46848K(67584K)
[1.988s][info][gc,heap        ] GC(55) ParOldGen: 288137K(324096K)->300985K(324096K)
[1.988s][info][gc,metaspace   ] GC(55) Metaspace: 6298K(6464K)->6298K(6464K) NonClass: 5764K(5824K)->5764K(5824K) Class: 533K(640K)->533K(640K)
[1.988s][info][gc             ] GC(55) Pause Young (Allocation Failure) 339M->339M(390M) 27.573ms
[1.988s][info][gc,cpu         ] GC(55) User=0.08s Sys=0.03s Real=0.03s
[1.988s][info][gc,start       ] GC(56) Pause Full (Ergonomics)
[1.988s][info][gc,phases,start] GC(56) Marking Phase
[2.068s][info][gc,phases      ] GC(56) Marking Phase 79.297ms
[2.068s][info][gc,phases,start] GC(56) Summary Phase
[2.068s][info][gc,phases      ] GC(56) Summary Phase 0.030ms
[2.068s][info][gc,phases,start] GC(56) Adjust Roots
[2.068s][info][gc,phases      ] GC(56) Adjust Roots 0.218ms
[2.068s][info][gc,phases,start] GC(56) Compaction Phase
[2.108s][info][gc,phases      ] GC(56) Compaction Phase 39.948ms
[2.108s][info][gc,phases,start] GC(56) Post Compact
[2.110s][info][gc,phases      ] GC(56) Post Compact 1.676ms
[2.110s][info][gc,heap        ] GC(56) PSYoungGen: 46848K(75776K)->23085K(75776K) Eden: 0K(8192K)->0K(8192K) From: 46848K(67584K)->23085K(67584K)
[2.110s][info][gc,heap        ] GC(56) ParOldGen: 300985K(324096K)->324056K(374272K)
[2.110s][info][gc,metaspace   ] GC(56) Metaspace: 6298K(6464K)->6298K(6464K) NonClass: 5764K(5824K)->5764K(5824K) Class: 533K(640K)->533K(640K)
[2.110s][info][gc             ] GC(56) Pause Full (Ergonomics) 339M->339M(439M) 121.774ms
[2.110s][info][gc,cpu         ] GC(56) User=0.86s Sys=0.00s Real=0.12s
[2.182s][info][gc,start       ] GC(57) Pause Young (Allocation Failure)
[2.215s][info][gc,heap        ] GC(57) PSYoungGen: 31277K(75776K)->16416K(77824K) Eden: 8192K(8192K)->0K(8192K) From: 23085K(67584K)->16416K(69632K)
[2.215s][info][gc,heap        ] GC(57) ParOldGen: 340440K(374272K)->355656K(374272K)
[2.215s][info][gc,metaspace   ] GC(57) Metaspace: 6298K(6464K)->6298K(6464K) NonClass: 5764K(5824K)->5764K(5824K) Class: 533K(640K)->533K(640K)
[2.215s][info][gc             ] GC(57) Pause Young (Allocation Failure) 363M->363M(441M) 33.566ms
[2.215s][info][gc,cpu         ] GC(57) User=0.06s Sys=0.02s Real=0.03s
[2.215s][info][gc,start       ] GC(58) Pause Full (Ergonomics)
[2.215s][info][gc,phases,start] GC(58) Marking Phase
[2.298s][info][gc,phases      ] GC(58) Marking Phase 82.677ms
[2.298s][info][gc,phases,start] GC(58) Summary Phase
[2.298s][info][gc,phases      ] GC(58) Summary Phase 0.032ms
[2.298s][info][gc,phases,start] GC(58) Adjust Roots
[2.298s][info][gc,phases      ] GC(58) Adjust Roots 0.227ms
[2.299s][info][gc,phases,start] GC(58) Compaction Phase
[2.365s][info][gc,phases      ] GC(58) Compaction Phase 66.103ms
[2.365s][info][gc,phases,start] GC(58) Post Compact
[2.367s][info][gc,phases      ] GC(58) Post Compact 1.805ms
[2.367s][info][gc,heap        ] GC(58) PSYoungGen: 16416K(77824K)->0K(77312K) Eden: 0K(8192K)->0K(9216K) From: 16416K(69632K)->0K(68096K)
[2.367s][info][gc,heap        ] GC(58) ParOldGen: 355656K(374272K)->363495K(417792K)
[2.367s][info][gc,metaspace   ] GC(58) Metaspace: 6298K(6464K)->6298K(6464K) NonClass: 5764K(5824K)->5764K(5824K) Class: 533K(640K)->533K(640K)
[2.367s][info][gc             ] GC(58) Pause Full (Ergonomics) 363M->354M(483M) 151.442ms
[2.367s][info][gc,cpu         ] GC(58) User=0.97s Sys=0.02s Real=0.15s
[2.379s][info][gc,start       ] GC(59) Pause Young (Allocation Failure)
[2.387s][info][gc,heap        ] GC(59) PSYoungGen: 9216K(77312K)->9376K(77824K) Eden: 9216K(9216K)->0K(9216K) From: 0K(68096K)->9376K(68608K)
[2.387s][info][gc,heap        ] GC(59) ParOldGen: 363495K(417792K)->363495K(417792K)
[2.387s][info][gc,metaspace   ] GC(59) Metaspace: 6298K(6464K)->6298K(6464K) NonClass: 5764K(5824K)->5764K(5824K) Class: 533K(640K)->533K(640K)
[2.387s][info][gc             ] GC(59) Pause Young (Allocation Failure) 363M->364M(484M) 8.209ms
[2.387s][info][gc,cpu         ] GC(59) User=0.00s Sys=0.00s Real=0.01s
[2.396s][info][gc,start       ] GC(60) Pause Young (Allocation Failure)
[2.406s][info][gc,heap        ] GC(60) PSYoungGen: 18592K(77824K)->18528K(74752K) Eden: 9216K(9216K)->0K(10240K) From: 9376K(68608K)->18528K(64512K)
[2.406s][info][gc,heap        ] GC(60) ParOldGen: 363495K(417792K)->363495K(417792K)
[2.406s][info][gc,metaspace   ] GC(60) Metaspace: 6298K(6464K)->6298K(6464K) NonClass: 5764K(5824K)->5764K(5824K) Class: 533K(640K)->533K(640K)
[2.406s][info][gc             ] GC(60) Pause Young (Allocation Failure) 373M->373M(481M) 10.670ms
[2.407s][info][gc,cpu         ] GC(60) User=0.00s Sys=0.00s Real=0.01s
[2.417s][info][gc,start       ] GC(61) Pause Young (Allocation Failure)
[2.432s][info][gc,heap        ] GC(61) PSYoungGen: 28768K(74752K)->28768K(39424K) Eden: 10240K(10240K)->0K(10240K) From: 18528K(64512K)->28768K(29184K)
[2.432s][info][gc,heap        ] GC(61) ParOldGen: 363495K(417792K)->363495K(417792K)
[2.432s][info][gc,metaspace   ] GC(61) Metaspace: 6298K(6464K)->6298K(6464K) NonClass: 5764K(5824K)->5764K(5824K) Class: 533K(640K)->533K(640K)
[2.433s][info][gc             ] GC(61) Pause Young (Allocation Failure) 383M->383M(446M) 15.315ms
[2.433s][info][gc,cpu         ] GC(61) User=0.00s Sys=0.00s Real=0.02s
[2.443s][info][gc,start       ] GC(62) Pause Young (Allocation Failure)
[2.462s][info][gc,heap        ] GC(62) PSYoungGen: 39008K(39424K)->39008K(74240K) Eden: 10240K(10240K)->0K(11264K) From: 28768K(29184K)->39008K(62976K)
[2.462s][info][gc,heap        ] GC(62) ParOldGen: 363495K(417792K)->363495K(417792K)
[2.462s][info][gc,metaspace   ] GC(62) Metaspace: 6298K(6464K)->6298K(6464K) NonClass: 5764K(5824K)->5764K(5824K) Class: 533K(640K)->533K(640K)
[2.463s][info][gc             ] GC(62) Pause Young (Allocation Failure) 393M->393M(480M) 19.666ms
[2.463s][info][gc,cpu         ] GC(62) User=0.11s Sys=0.00s Real=0.02s
[2.475s][info][gc,start       ] GC(63) Pause Young (Allocation Failure)
[2.504s][info][gc,heap        ] GC(63) PSYoungGen: 50272K(74240K)->50304K(74752K) Eden: 11264K(11264K)->0K(11264K) From: 39008K(62976K)->50304K(63488K)
[2.504s][info][gc,heap        ] GC(63) ParOldGen: 363495K(417792K)->363495K(417792K)
[2.504s][info][gc,metaspace   ] GC(63) Metaspace: 6298K(6464K)->6298K(6464K) NonClass: 5764K(5824K)->5764K(5824K) Class: 533K(640K)->533K(640K)
[2.504s][info][gc             ] GC(63) Pause Young (Allocation Failure) 404M->404M(481M) 28.655ms
[2.504s][info][gc,cpu         ] GC(63) User=0.03s Sys=0.00s Real=0.03s
[2.515s][info][gc,start       ] GC(64) Pause Young (Allocation Failure)
[2.545s][info][gc,heap        ] GC(64) PSYoungGen: 61568K(74752K)->61568K(73216K) Eden: 11264K(11264K)->0K(5120K) From: 50304K(63488K)->61568K(68096K)
[2.545s][info][gc,heap        ] GC(64) ParOldGen: 363495K(417792K)->363495K(417792K)
[2.545s][info][gc,metaspace   ] GC(64) Metaspace: 6298K(6464K)->6298K(6464K) NonClass: 5764K(5824K)->5764K(5824K) Class: 533K(640K)->533K(640K)
[2.545s][info][gc             ] GC(64) Pause Young (Allocation Failure) 415M->415M(479M) 30.029ms
[2.545s][info][gc,cpu         ] GC(64) User=0.11s Sys=0.02s Real=0.03s
[2.551s][info][gc,start       ] GC(65) Pause Young (Allocation Failure)
[2.580s][info][gc,heap        ] GC(65) PSYoungGen: 66688K(73216K)->48224K(80896K) Eden: 5120K(5120K)->0K(5120K) From: 61568K(68096K)->48224K(75776K)
[2.580s][info][gc,heap        ] GC(65) ParOldGen: 363495K(417792K)->382143K(417792K)
[2.580s][info][gc,metaspace   ] GC(65) Metaspace: 6298K(6464K)->6298K(6464K) NonClass: 5764K(5824K)->5764K(5824K) Class: 533K(640K)->533K(640K)
[2.580s][info][gc             ] GC(65) Pause Young (Allocation Failure) 420M->420M(487M) 29.690ms
[2.580s][info][gc,cpu         ] GC(65) User=0.25s Sys=0.00s Real=0.03s
[2.586s][info][gc,start       ] GC(66) Pause Young (Allocation Failure)
[2.611s][info][gc,heap        ] GC(66) PSYoungGen: 53344K(80896K)->32800K(76800K) Eden: 5120K(5120K)->0K(6656K) From: 48224K(75776K)->32800K(70144K)
[2.611s][info][gc,heap        ] GC(66) ParOldGen: 382143K(417792K)->402871K(417792K)
[2.611s][info][gc,metaspace   ] GC(66) Metaspace: 6298K(6464K)->6298K(6464K) NonClass: 5764K(5824K)->5764K(5824K) Class: 533K(640K)->533K(640K)
[2.611s][info][gc             ] GC(66) Pause Young (Allocation Failure) 425M->425M(483M) 25.066ms
[2.611s][info][gc,cpu         ] GC(66) User=0.11s Sys=0.02s Real=0.03s
[2.611s][info][gc,start       ] GC(67) Pause Full (Ergonomics)
[2.611s][info][gc,phases,start] GC(67) Marking Phase
[2.706s][info][gc,phases      ] GC(67) Marking Phase 95.513ms
[2.706s][info][gc,phases,start] GC(67) Summary Phase
[2.706s][info][gc,phases      ] GC(67) Summary Phase 0.028ms
[2.706s][info][gc,phases,start] GC(67) Adjust Roots
[2.707s][info][gc,phases      ] GC(67) Adjust Roots 0.246ms
[2.707s][info][gc,phases,start] GC(67) Compaction Phase
[2.753s][info][gc,phases      ] GC(67) Compaction Phase 46.719ms
[2.754s][info][gc,phases,start] GC(67) Post Compact
[2.756s][info][gc,phases      ] GC(67) Post Compact 2.397ms
[2.756s][info][gc,heap        ] GC(67) PSYoungGen: 32800K(76800K)->17314K(78336K) Eden: 0K(6656K)->0K(8192K) From: 32800K(70144K)->17314K(70144K)
[2.756s][info][gc,heap        ] GC(67) ParOldGen: 402871K(417792K)->417618K(477696K)
[2.756s][info][gc,metaspace   ] GC(67) Metaspace: 6298K(6464K)->6298K(6464K) NonClass: 5764K(5824K)->5764K(5824K) Class: 533K(640K)->533K(640K)
[2.756s][info][gc             ] GC(67) Pause Full (Ergonomics) 425M->424M(543M) 145.475ms
[2.756s][info][gc,cpu         ] GC(67) User=1.02s Sys=0.00s Real=0.15s
[2.765s][info][gc,start       ] GC(68) Pause Young (Allocation Failure)
[2.803s][info][gc,heap        ] GC(68) PSYoungGen: 25506K(78336K)->12992K(81408K) Eden: 8192K(8192K)->0K(8192K) From: 17314K(70144K)->12992K(73216K)
[2.803s][info][gc,heap        ] GC(68) ParOldGen: 417618K(477696K)->430442K(477696K)
[2.803s][info][gc,metaspace   ] GC(68) Metaspace: 6298K(6464K)->6298K(6464K) NonClass: 5764K(5824K)->5764K(5824K) Class: 533K(640K)->533K(640K)
[2.803s][info][gc             ] GC(68) Pause Young (Allocation Failure) 432M->433M(546M) 37.697ms
[2.803s][info][gc,cpu         ] GC(68) User=0.12s Sys=0.02s Real=0.04s
[2.812s][info][gc,start       ] GC(69) Pause Young (Allocation Failure)
[2.825s][info][gc,heap        ] GC(69) PSYoungGen: 21184K(81408K)->16448K(80896K) Eden: 8192K(8192K)->0K(9728K) From: 12992K(73216K)->16448K(71168K)
[2.825s][info][gc,heap        ] GC(69) ParOldGen: 430442K(477696K)->435234K(477696K)
[2.825s][info][gc,metaspace   ] GC(69) Metaspace: 6298K(6464K)->6298K(6464K) NonClass: 5764K(5824K)->5764K(5824K) Class: 533K(640K)->533K(640K)
[2.825s][info][gc             ] GC(69) Pause Young (Allocation Failure) 441M->441M(545M) 12.461ms
[2.825s][info][gc,cpu         ] GC(69) User=0.02s Sys=0.00s Real=0.01s
[2.836s][info][gc,start       ] GC(70) Pause Young (Allocation Failure)
[2.856s][info][gc,heap        ] GC(70) PSYoungGen: 26176K(80896K)->9824K(81920K) Eden: 9728K(9728K)->0K(9728K) From: 16448K(71168K)->9824K(72192K)
[2.856s][info][gc,heap        ] GC(70) ParOldGen: 435234K(477696K)->451826K(477696K)
[2.856s][info][gc,metaspace   ] GC(70) Metaspace: 6298K(6464K)->6298K(6464K) NonClass: 5764K(5824K)->5764K(5824K) Class: 533K(640K)->533K(640K)
[2.856s][info][gc             ] GC(70) Pause Young (Allocation Failure) 450M->450M(546M) 19.753ms
[2.856s][info][gc,cpu         ] GC(70) User=0.02s Sys=0.00s Real=0.02s
[2.856s][info][gc,start       ] GC(71) Pause Full (Ergonomics)
[2.856s][info][gc,phases,start] GC(71) Marking Phase
[2.976s][info][gc,phases      ] GC(71) Marking Phase 120.358ms
[2.976s][info][gc,phases,start] GC(71) Summary Phase
[2.976s][info][gc,phases      ] GC(71) Summary Phase 0.052ms
[2.977s][info][gc,phases,start] GC(71) Adjust Roots
[2.977s][info][gc,phases      ] GC(71) Adjust Roots 0.367ms
[2.977s][info][gc,phases,start] GC(71) Compaction Phase
[3.029s][info][gc,phases      ] GC(71) Compaction Phase 52.007ms
[3.029s][info][gc,phases,start] GC(71) Post Compact
[3.033s][info][gc,phases      ] GC(71) Post Compact 3.595ms
[3.033s][info][gc,heap        ] GC(71) PSYoungGen: 9824K(81920K)->0K(82944K) Eden: 0K(9728K)->0K(11264K) From: 9824K(72192K)->0K(71680K)
[3.033s][info][gc,heap        ] GC(71) ParOldGen: 451826K(477696K)->460951K(524288K)
[3.033s][info][gc,metaspace   ] GC(71) Metaspace: 6298K(6464K)->6298K(6464K) NonClass: 5764K(5824K)->5764K(5824K) Class: 533K(640K)->533K(640K)
[3.033s][info][gc             ] GC(71) Pause Full (Ergonomics) 450M->450M(593M) 177.257ms
[3.033s][info][gc,cpu         ] GC(71) User=1.14s Sys=0.03s Real=0.18s
[3.048s][info][gc,start       ] GC(72) Pause Young (Allocation Failure)
[3.057s][info][gc,heap        ] GC(72) PSYoungGen: 11264K(82944K)->11392K(82944K) Eden: 11264K(11264K)->0K(11264K) From: 0K(71680K)->11392K(71680K)
[3.057s][info][gc,heap        ] GC(72) ParOldGen: 460951K(524288K)->460951K(524288K)
[3.057s][info][gc,metaspace   ] GC(72) Metaspace: 6298K(6464K)->6298K(6464K) NonClass: 5764K(5824K)->5764K(5824K) Class: 533K(640K)->533K(640K)
[3.057s][info][gc             ] GC(72) Pause Young (Allocation Failure) 461M->461M(593M) 9.011ms
[3.057s][info][gc,cpu         ] GC(72) User=0.00s Sys=0.00s Real=0.01s
[3.071s][info][gc,start       ] GC(73) Pause Young (Allocation Failure)
[3.086s][info][gc,heap        ] GC(73) PSYoungGen: 22656K(82944K)->22656K(76288K) Eden: 11264K(11264K)->0K(12800K) From: 11392K(71680K)->22656K(63488K)
[3.086s][info][gc,heap        ] GC(73) ParOldGen: 460951K(524288K)->460951K(524288K)
[3.086s][info][gc,metaspace   ] GC(73) Metaspace: 6298K(6464K)->6298K(6464K) NonClass: 5764K(5824K)->5764K(5824K) Class: 533K(640K)->533K(640K)
[3.086s][info][gc             ] GC(73) Pause Young (Allocation Failure) 472M->472M(586M) 15.179ms
[3.086s][info][gc,cpu         ] GC(73) User=0.02s Sys=0.00s Real=0.02s
[3.101s][info][gc,start       ] GC(74) Pause Young (Allocation Failure)
[3.120s][info][gc,heap        ] GC(74) PSYoungGen: 35456K(76288K)->35424K(79872K) Eden: 12800K(12800K)->0K(12800K) From: 22656K(63488K)->35424K(67072K)
[3.120s][info][gc,heap        ] GC(74) ParOldGen: 460951K(524288K)->460951K(524288K)
[3.120s][info][gc,metaspace   ] GC(74) Metaspace: 6298K(6464K)->6298K(6464K) NonClass: 5764K(5824K)->5764K(5824K) Class: 533K(640K)->533K(640K)
[3.120s][info][gc             ] GC(74) Pause Young (Allocation Failure) 484M->484M(590M) 19.620ms
[3.120s][info][gc,cpu         ] GC(74) User=0.11s Sys=0.00s Real=0.02s
[3.134s][info][gc,start       ] GC(75) Pause Young (Allocation Failure)
[3.161s][info][gc,heap        ] GC(75) PSYoungGen: 48224K(79872K)->36992K(79360K) Eden: 12800K(12800K)->0K(14336K) From: 35424K(67072K)->36992K(65024K)
[3.161s][info][gc,heap        ] GC(75) ParOldGen: 460951K(524288K)->472375K(524288K)
[3.161s][info][gc,metaspace   ] GC(75) Metaspace: 6298K(6464K)->6298K(6464K) NonClass: 5764K(5824K)->5764K(5824K) Class: 533K(640K)->533K(640K)
[3.161s][info][gc             ] GC(75) Pause Young (Allocation Failure) 497M->497M(589M) 27.619ms
[3.161s][info][gc,cpu         ] GC(75) User=0.06s Sys=0.00s Real=0.03s
[3.178s][info][gc,start       ] GC(76) Pause Young (Allocation Failure)
[3.208s][info][gc,heap        ] GC(76) PSYoungGen: 51328K(79360K)->40096K(79872K) Eden: 14336K(14336K)->0K(14336K) From: 36992K(65024K)->40096K(65536K)
[3.208s][info][gc,heap        ] GC(76) ParOldGen: 472375K(524288K)->483799K(524288K)
[3.208s][info][gc,metaspace   ] GC(76) Metaspace: 6298K(6464K)->6298K(6464K) NonClass: 5764K(5824K)->5764K(5824K) Class: 533K(640K)->533K(640K)
[3.208s][info][gc             ] GC(76) Pause Young (Allocation Failure) 511M->511M(590M) 30.122ms
[3.208s][info][gc,cpu         ] GC(76) User=0.08s Sys=0.00s Real=0.03s
[3.225s][info][gc,start       ] GC(77) Pause Young (Allocation Failure)
[3.252s][info][gc,heap        ] GC(77) PSYoungGen: 54432K(79872K)->41600K(81408K) Eden: 14336K(14336K)->0K(15360K) From: 40096K(65536K)->41600K(66048K)
[3.252s][info][gc,heap        ] GC(77) ParOldGen: 483799K(524288K)->496791K(524288K)
[3.252s][info][gc,metaspace   ] GC(77) Metaspace: 6298K(6464K)->6298K(6464K) NonClass: 5764K(5824K)->5764K(5824K) Class: 533K(640K)->533K(640K)
[3.253s][info][gc             ] GC(77) Pause Young (Allocation Failure) 525M->525M(591M) 27.986ms
[3.253s][info][gc,cpu         ] GC(77) User=0.12s Sys=0.00s Real=0.03s
[3.269s][info][gc,start       ] GC(78) Pause Young (Allocation Failure)
[3.299s][info][gc,heap        ] GC(78) PSYoungGen: 56960K(81408K)->29856K(45568K) Eden: 15360K(15360K)->0K(15360K) From: 41600K(66048K)->29856K(30208K)
[3.299s][info][gc,heap        ] GC(78) ParOldGen: 496791K(524288K)->524287K(524288K)
[3.299s][info][gc,metaspace   ] GC(78) Metaspace: 6298K(6464K)->6298K(6464K) NonClass: 5764K(5824K)->5764K(5824K) Class: 533K(640K)->533K(640K)
[3.299s][info][gc             ] GC(78) Pause Young (Allocation Failure) 540M->541M(556M) 29.985ms
[3.299s][info][gc,cpu         ] GC(78) User=0.12s Sys=0.09s Real=0.03s
[3.299s][info][gc,start       ] GC(79) Pause Full (Ergonomics)
[3.299s][info][gc,phases,start] GC(79) Marking Phase
[3.422s][info][gc,phases      ] GC(79) Marking Phase 123.104ms
[3.423s][info][gc,phases,start] GC(79) Summary Phase
[3.423s][info][gc,phases      ] GC(79) Summary Phase 0.034ms
[3.423s][info][gc,phases,start] GC(79) Adjust Roots
[3.423s][info][gc,phases      ] GC(79) Adjust Roots 0.289ms
[3.423s][info][gc,phases,start] GC(79) Compaction Phase
[3.481s][info][gc,phases      ] GC(79) Compaction Phase 57.726ms
[3.481s][info][gc,phases,start] GC(79) Post Compact
[3.482s][info][gc,phases      ] GC(79) Post Compact 0.904ms
[3.482s][info][gc,heap        ] GC(79) PSYoungGen: 29856K(45568K)->28609K(45568K) Eden: 0K(15360K)->0K(15360K) From: 29856K(30208K)->28609K(30208K)
[3.482s][info][gc,heap        ] GC(79) ParOldGen: 524287K(524288K)->524278K(594432K)
[3.482s][info][gc,metaspace   ] GC(79) Metaspace: 6298K(6464K)->6298K(6464K) NonClass: 5764K(5824K)->5764K(5824K) Class: 533K(640K)->533K(640K)
[3.482s][info][gc             ] GC(79) Pause Full (Ergonomics) 541M->539M(625M) 182.803ms
[3.482s][info][gc,cpu         ] GC(79) User=1.30s Sys=0.02s Real=0.18s
[3.500s][info][gc,start       ] GC(80) Pause Young (Allocation Failure)
[3.544s][info][gc,heap        ] GC(80) PSYoungGen: 43969K(45568K)->15488K(79872K) Eden: 15360K(15360K)->0K(17408K) From: 28609K(30208K)->15488K(62464K)
[3.544s][info][gc,heap        ] GC(80) ParOldGen: 524278K(594432K)->553326K(594432K)
[3.544s][info][gc,metaspace   ] GC(80) Metaspace: 6298K(6464K)->6298K(6464K) NonClass: 5764K(5824K)->5764K(5824K) Class: 533K(640K)->533K(640K)
[3.544s][info][gc             ] GC(80) Pause Young (Allocation Failure) 554M->555M(658M) 44.492ms
[3.544s][info][gc,cpu         ] GC(80) User=0.22s Sys=0.03s Real=0.05s
[3.565s][info][gc,start       ] GC(81) Pause Young (Allocation Failure)
[3.585s][info][gc,heap        ] GC(81) PSYoungGen: 32896K(79872K)->17536K(80384K) Eden: 17408K(17408K)->0K(17408K) From: 15488K(62464K)->17536K(62976K)
[3.585s][info][gc,heap        ] GC(81) ParOldGen: 553326K(594432K)->568894K(594432K)
[3.585s][info][gc,metaspace   ] GC(81) Metaspace: 6298K(6464K)->6298K(6464K) NonClass: 5764K(5824K)->5764K(5824K) Class: 533K(640K)->533K(640K)
[3.585s][info][gc             ] GC(81) Pause Young (Allocation Failure) 572M->572M(659M) 19.233ms
[3.585s][info][gc,cpu         ] GC(81) User=0.12s Sys=0.00s Real=0.02s
[3.585s][info][gc,start       ] GC(82) Pause Full (Ergonomics)
[3.585s][info][gc,phases,start] GC(82) Marking Phase
[3.712s][info][gc,phases      ] GC(82) Marking Phase 127.122ms
[3.712s][info][gc,phases,start] GC(82) Summary Phase
[3.712s][info][gc,phases      ] GC(82) Summary Phase 0.038ms
[3.712s][info][gc,phases,start] GC(82) Adjust Roots
[3.712s][info][gc,phases      ] GC(82) Adjust Roots 0.236ms
[3.712s][info][gc,phases,start] GC(82) Compaction Phase
[3.765s][info][gc,phases      ] GC(82) Compaction Phase 52.569ms
[3.765s][info][gc,phases,start] GC(82) Post Compact
[3.766s][info][gc,phases      ] GC(82) Post Compact 0.838ms
[3.766s][info][gc,heap        ] GC(82) PSYoungGen: 17536K(80384K)->0K(80896K) Eden: 0K(17408K)->0K(19456K) From: 17536K(62976K)->0K(61440K)
[3.766s][info][gc,heap        ] GC(82) ParOldGen: 568894K(594432K)->585592K(663552K)
[3.766s][info][gc,metaspace   ] GC(82) Metaspace: 6298K(6464K)->6298K(6464K) NonClass: 5764K(5824K)->5764K(5824K) Class: 533K(640K)->533K(640K)
[3.766s][info][gc             ] GC(82) Pause Full (Ergonomics) 572M->571M(727M) 181.363ms
[3.766s][info][gc,cpu         ] GC(82) User=1.12s Sys=0.03s Real=0.18s
[3.788s][info][gc,start       ] GC(83) Pause Young (Allocation Failure)
[3.800s][info][gc,heap        ] GC(83) PSYoungGen: 19456K(80896K)->19552K(80896K) Eden: 19456K(19456K)->0K(19456K) From: 0K(61440K)->19552K(61440K)
[3.800s][info][gc,heap        ] GC(83) ParOldGen: 585592K(663552K)->585592K(663552K)
[3.800s][info][gc,metaspace   ] GC(83) Metaspace: 6298K(6464K)->6298K(6464K) NonClass: 5764K(5824K)->5764K(5824K) Class: 533K(640K)->533K(640K)
[3.800s][info][gc             ] GC(83) Pause Young (Allocation Failure) 590M->590M(727M) 12.521ms
[3.800s][info][gc,cpu         ] GC(83) User=0.00s Sys=0.00s Real=0.01s
[3.823s][info][gc,start       ] GC(84) Pause Young (Allocation Failure)
[3.845s][info][gc,heap        ] GC(84) PSYoungGen: 39008K(80896K)->39072K(80384K) Eden: 19456K(19456K)->0K(20480K) From: 19552K(61440K)->39072K(59904K)
[3.845s][info][gc,heap        ] GC(84) ParOldGen: 585592K(663552K)->585592K(663552K)
[3.845s][info][gc,metaspace   ] GC(84) Metaspace: 6298K(6464K)->6298K(6464K) NonClass: 5764K(5824K)->5764K(5824K) Class: 533K(640K)->533K(640K)
[3.845s][info][gc             ] GC(84) Pause Young (Allocation Failure) 609M->610M(726M) 21.938ms
[3.845s][info][gc,cpu         ] GC(84) User=0.11s Sys=0.00s Real=0.02s
[3.871s][info][gc,start       ] GC(85) Pause Young (Allocation Failure)
[3.902s][info][gc,heap        ] GC(85) PSYoungGen: 59552K(80384K)->59520K(81408K) Eden: 20480K(20480K)->0K(20480K) From: 39072K(59904K)->59520K(60928K)
[3.902s][info][gc,heap        ] GC(85) ParOldGen: 585592K(663552K)->585592K(663552K)
[3.902s][info][gc,metaspace   ] GC(85) Metaspace: 6298K(6464K)->6298K(6464K) NonClass: 5764K(5824K)->5764K(5824K) Class: 533K(640K)->533K(640K)
[3.902s][info][gc             ] GC(85) Pause Young (Allocation Failure) 630M->629M(727M) 30.877ms
[3.902s][info][gc,cpu         ] GC(85) User=0.12s Sys=0.00s Real=0.03s
[3.925s][info][gc,start       ] GC(86) Pause Young (Allocation Failure)
[3.968s][info][gc,heap        ] GC(86) PSYoungGen: 80000K(81408K)->69120K(77312K) Eden: 20480K(20480K)->0K(8192K) From: 59520K(60928K)->69120K(69120K)
[3.968s][info][gc,heap        ] GC(86) ParOldGen: 585592K(663552K)->596536K(663552K)
[3.968s][info][gc,metaspace   ] GC(86) Metaspace: 6298K(6464K)->6298K(6464K) NonClass: 5764K(5824K)->5764K(5824K) Class: 533K(640K)->533K(640K)
[3.968s][info][gc             ] GC(86) Pause Young (Allocation Failure) 649M->650M(723M) 42.416ms
[3.968s][info][gc,cpu         ] GC(86) User=0.23s Sys=0.02s Real=0.04s
[3.978s][info][gc,start       ] GC(87) Pause Young (Allocation Failure)
[4.015s][info][gc,heap        ] GC(87) PSYoungGen: 77312K(77312K)->43712K(52224K) Eden: 8192K(8192K)->0K(8192K) From: 69120K(69120K)->43712K(44032K)
[4.015s][info][gc,heap        ] GC(87) ParOldGen: 596536K(663552K)->630640K(663552K)
[4.015s][info][gc,metaspace   ] GC(87) Metaspace: 6298K(6464K)->6298K(6464K) NonClass: 5764K(5824K)->5764K(5824K) Class: 533K(640K)->533K(640K)
[4.015s][info][gc             ] GC(87) Pause Young (Allocation Failure) 658M->658M(699M) 37.175ms
[4.015s][info][gc,cpu         ] GC(87) User=0.20s Sys=0.03s Real=0.04s
[4.015s][info][gc,start       ] GC(88) Pause Full (Ergonomics)
[4.015s][info][gc,phases,start] GC(88) Marking Phase
[4.169s][info][gc,phases      ] GC(88) Marking Phase 154.248ms
[4.169s][info][gc,phases,start] GC(88) Summary Phase
[4.169s][info][gc,phases      ] GC(88) Summary Phase 0.032ms
[4.169s][info][gc,phases,start] GC(88) Adjust Roots
[4.170s][info][gc,phases      ] GC(88) Adjust Roots 0.255ms
[4.170s][info][gc,phases,start] GC(88) Compaction Phase
[4.238s][info][gc,phases      ] GC(88) Compaction Phase 67.990ms
[4.238s][info][gc,phases,start] GC(88) Post Compact
[4.239s][info][gc,phases      ] GC(88) Post Compact 1.425ms
[4.240s][info][gc,heap        ] GC(88) PSYoungGen: 43712K(52224K)->10317K(52224K) Eden: 0K(8192K)->0K(8192K) From: 43712K(44032K)->10317K(44032K)
[4.240s][info][gc,heap        ] GC(88) ParOldGen: 630640K(663552K)->663179K(748032K)
[4.240s][info][gc,metaspace   ] GC(88) Metaspace: 6298K(6464K)->6298K(6464K) NonClass: 5764K(5824K)->5764K(5824K) Class: 533K(640K)->533K(640K)
[4.240s][info][gc             ] GC(88) Pause Full (Ergonomics) 658M->657M(781M) 224.804ms
[4.240s][info][gc,cpu         ] GC(88) User=1.61s Sys=0.03s Real=0.22s
[4.250s][info][gc,start       ] GC(89) Pause Young (Allocation Failure)
[4.292s][info][gc,heap        ] GC(89) PSYoungGen: 18509K(52224K)->14880K(89088K) Eden: 8192K(8192K)->0K(9216K) From: 10317K(44032K)->14880K(79872K)
[4.292s][info][gc,heap        ] GC(89) ParOldGen: 663179K(748032K)->667027K(748032K)
[4.292s][info][gc,metaspace   ] GC(89) Metaspace: 6298K(6464K)->6298K(6464K) NonClass: 5764K(5824K)->5764K(5824K) Class: 533K(640K)->533K(640K)
[4.292s][info][gc             ] GC(89) Pause Young (Allocation Failure) 665M->665M(817M) 41.325ms
[4.292s][info][gc,cpu         ] GC(89) User=0.22s Sys=0.02s Real=0.04s
[4.304s][info][gc,start       ] GC(90) Pause Young (Allocation Failure)
[4.319s][info][gc,heap        ] GC(90) PSYoungGen: 24096K(89088K)->24128K(33792K) Eden: 9216K(9216K)->0K(9216K) From: 14880K(79872K)->24128K(24576K)
[4.319s][info][gc,heap        ] GC(90) ParOldGen: 667027K(748032K)->667027K(748032K)
[4.319s][info][gc,metaspace   ] GC(90) Metaspace: 6298K(6464K)->6298K(6464K) NonClass: 5764K(5824K)->5764K(5824K) Class: 533K(640K)->533K(640K)
[4.319s][info][gc             ] GC(90) Pause Young (Allocation Failure) 674M->674M(763M) 14.826ms
[4.319s][info][gc,cpu         ] GC(90) User=0.02s Sys=0.00s Real=0.01s
[4.331s][info][gc,start       ] GC(91) Pause Young (Allocation Failure)
[4.350s][info][gc,heap        ] GC(91) PSYoungGen: 33344K(33792K)->29376K(81408K) Eden: 9216K(9216K)->0K(10752K) From: 24128K(24576K)->29376K(70656K)
[4.350s][info][gc,heap        ] GC(91) ParOldGen: 667027K(748032K)->671027K(748032K)
[4.350s][info][gc,metaspace   ] GC(91) Metaspace: 6298K(6464K)->6298K(6464K) NonClass: 5764K(5824K)->5764K(5824K) Class: 533K(640K)->533K(640K)
[4.350s][info][gc             ] GC(91) Pause Young (Allocation Failure) 683M->683M(810M) 18.801ms
[4.350s][info][gc,cpu         ] GC(91) User=0.06s Sys=0.00s Real=0.02s
[4.504s][info][gc,start       ] GC(92) Pause Young (Allocation Failure)
[4.541s][info][gc,heap        ] GC(92) PSYoungGen: 40128K(81408K)->37408K(48640K) Eden: 10752K(10752K)->0K(10752K) From: 29376K(70656K)->37408K(37888K)
[4.541s][info][gc,heap        ] GC(92) ParOldGen: 703796K(748032K)->706508K(748032K)
[4.541s][info][gc,metaspace   ] GC(92) Metaspace: 6298K(6464K)->6298K(6464K) NonClass: 5764K(5824K)->5764K(5824K) Class: 533K(640K)->533K(640K)
[4.541s][info][gc             ] GC(92) Pause Young (Allocation Failure) 726M->726M(778M) 36.805ms
[4.541s][info][gc,cpu         ] GC(92) User=0.14s Sys=0.00s Real=0.04s
[4.551s][info][gc,start       ] GC(93) Pause Young (Allocation Failure)
[4.577s][info][gc,heap        ] GC(93) PSYoungGen: 48160K(48640K)->48192K(82432K) Eden: 10752K(10752K)->0K(10752K) From: 37408K(37888K)->48192K(71680K)
[4.577s][info][gc,heap        ] GC(93) ParOldGen: 706508K(748032K)->706508K(748032K)
[4.577s][info][gc,metaspace   ] GC(93) Metaspace: 6298K(6464K)->6298K(6464K) NonClass: 5764K(5824K)->5764K(5824K) Class: 533K(640K)->533K(640K)
[4.577s][info][gc             ] GC(93) Pause Young (Allocation Failure) 736M->737M(811M) 25.636ms
[4.577s][info][gc,cpu         ] GC(93) User=0.03s Sys=0.00s Real=0.03s
[4.589s][info][gc,start       ] GC(94) Pause Young (Allocation Failure)
[4.617s][info][gc,heap        ] GC(94) PSYoungGen: 58944K(82432K)->50752K(83968K) Eden: 10752K(10752K)->0K(10752K) From: 48192K(71680K)->50752K(73216K)
[4.617s][info][gc,heap        ] GC(94) ParOldGen: 706508K(748032K)->714804K(748032K)
[4.617s][info][gc,metaspace   ] GC(94) Metaspace: 6298K(6464K)->6298K(6464K) NonClass: 5764K(5824K)->5764K(5824K) Class: 533K(640K)->533K(640K)
[4.617s][info][gc             ] GC(94) Pause Young (Allocation Failure) 747M->747M(812M) 28.928ms
[4.618s][info][gc,cpu         ] GC(94) User=0.11s Sys=0.02s Real=0.03s
[4.629s][info][gc,start       ] GC(95) Pause Young (Allocation Failure)
[4.659s][info][gc,heap        ] GC(95) PSYoungGen: 61504K(83968K)->52320K(85504K) Eden: 10752K(10752K)->0K(10240K) From: 50752K(73216K)->52320K(75264K)
[4.659s][info][gc,heap        ] GC(95) ParOldGen: 714804K(748032K)->724148K(748032K)
[4.659s][info][gc,metaspace   ] GC(95) Metaspace: 6298K(6464K)->6298K(6464K) NonClass: 5764K(5824K)->5764K(5824K) Class: 533K(640K)->533K(640K)
[4.659s][info][gc             ] GC(95) Pause Young (Allocation Failure) 758M->758M(814M) 30.239ms
[4.659s][info][gc,cpu         ] GC(95) User=0.14s Sys=0.00s Real=0.03s
[4.659s][info][gc,start       ] GC(96) Pause Full (Ergonomics)
[4.659s][info][gc,phases,start] GC(96) Marking Phase
[4.829s][info][gc,phases      ] GC(96) Marking Phase 170.307ms
[4.829s][info][gc,phases,start] GC(96) Summary Phase
[4.830s][info][gc,phases      ] GC(96) Summary Phase 0.061ms
[4.830s][info][gc,phases,start] GC(96) Adjust Roots
[4.830s][info][gc,phases      ] GC(96) Adjust Roots 0.339ms
[4.830s][info][gc,phases,start] GC(96) Compaction Phase
[4.957s][info][gc,phases      ] GC(96) Compaction Phase 126.887ms
[4.957s][info][gc,phases,start] GC(96) Post Compact
[4.959s][info][gc,phases      ] GC(96) Post Compact 1.602ms
[4.959s][info][gc,heap        ] GC(96) PSYoungGen: 52320K(85504K)->11734K(85504K) Eden: 0K(10240K)->0K(10240K) From: 52320K(75264K)->11734K(75264K)
[4.959s][info][gc,heap        ] GC(96) ParOldGen: 724148K(748032K)->747565K(827392K)
[4.959s][info][gc,metaspace   ] GC(96) Metaspace: 6298K(6464K)->6298K(6464K) NonClass: 5764K(5824K)->5764K(5824K) Class: 533K(640K)->533K(640K)
[4.959s][info][gc             ] GC(96) Pause Full (Ergonomics) 758M->741M(891M) 299.904ms
[4.959s][info][gc,cpu         ] GC(96) User=2.02s Sys=0.03s Real=0.30s
[4.971s][info][gc,start       ] GC(97) Pause Young (Allocation Failure)
[5.015s][info][gc,heap        ] GC(97) PSYoungGen: 21974K(85504K)->20256K(87552K) Eden: 10240K(10240K)->0K(10240K) From: 11734K(75264K)->20256K(77312K)
[5.015s][info][gc,heap        ] GC(97) ParOldGen: 747565K(827392K)->749493K(827392K)
[5.015s][info][gc,metaspace   ] GC(97) Metaspace: 6298K(6464K)->6298K(6464K) NonClass: 5764K(5824K)->5764K(5824K) Class: 533K(640K)->533K(640K)
[5.015s][info][gc             ] GC(97) Pause Young (Allocation Failure) 751M->751M(893M) 43.466ms
[5.015s][info][gc,cpu         ] GC(97) User=0.20s Sys=0.00s Real=0.04s
[5.026s][info][gc,start       ] GC(98) Pause Young (Allocation Failure)
[5.044s][info][gc,heap        ] GC(98) PSYoungGen: 30496K(87552K)->26848K(84480K) Eden: 10240K(10240K)->0K(11776K) From: 20256K(77312K)->26848K(72704K)
[5.044s][info][gc,heap        ] GC(98) ParOldGen: 749493K(827392K)->753237K(827392K)
[5.044s][info][gc,metaspace   ] GC(98) Metaspace: 6298K(6464K)->6298K(6464K) NonClass: 5764K(5824K)->5764K(5824K) Class: 533K(640K)->533K(640K)
[5.044s][info][gc             ] GC(98) Pause Young (Allocation Failure) 761M->761M(890M) 18.751ms
[5.044s][info][gc,cpu         ] GC(98) User=0.05s Sys=0.00s Real=0.02s
[5.057s][info][gc,start       ] GC(99) Pause Young (Allocation Failure)
[5.078s][info][gc,heap        ] GC(99) PSYoungGen: 38624K(84480K)->34816K(46592K) Eden: 11776K(11776K)->0K(11776K) From: 26848K(72704K)->34816K(34816K)
[5.078s][info][gc,heap        ] GC(99) ParOldGen: 753237K(827392K)->757069K(827392K)
[5.078s][info][gc,metaspace   ] GC(99) Metaspace: 6298K(6464K)->6298K(6464K) NonClass: 5764K(5824K)->5764K(5824K) Class: 533K(640K)->533K(640K)
[5.078s][info][gc             ] GC(99) Pause Young (Allocation Failure) 773M->773M(853M) 21.503ms
[5.078s][info][gc,cpu         ] GC(99) User=0.03s Sys=0.00s Real=0.02s
[5.090s][info][gc,start       ] GC(100) Pause Young (Allocation Failure)
[5.116s][info][gc,heap        ] GC(100) PSYoungGen: 46592K(46592K)->33920K(76800K) Eden: 11776K(11776K)->0K(13312K) From: 34816K(34816K)->33920K(63488K)
[5.116s][info][gc,heap        ] GC(100) ParOldGen: 757069K(827392K)->769941K(827392K)
[5.116s][info][gc,metaspace   ] GC(100) Metaspace: 6298K(6464K)->6298K(6464K) NonClass: 5764K(5824K)->5764K(5824K) Class: 533K(640K)->533K(640K)
[5.116s][info][gc             ] GC(100) Pause Young (Allocation Failure) 784M->785M(883M) 25.704ms
[5.116s][info][gc,cpu         ] GC(100) User=0.05s Sys=0.00s Real=0.03s
[5.130s][info][gc,start       ] GC(101) Pause Young (Allocation Failure)
[5.155s][info][gc,heap        ] GC(101) PSYoungGen: 47232K(76800K)->25216K(80384K) Eden: 13312K(13312K)->0K(13312K) From: 33920K(63488K)->25216K(67072K)
[5.155s][info][gc,heap        ] GC(101) ParOldGen: 769941K(827392K)->792229K(827392K)
[5.155s][info][gc,metaspace   ] GC(101) Metaspace: 6298K(6464K)->6298K(6464K) NonClass: 5764K(5824K)->5764K(5824K) Class: 533K(640K)->533K(640K)
[5.156s][info][gc             ] GC(101) Pause Young (Allocation Failure) 798M->798M(886M) 25.728ms
[5.156s][info][gc,cpu         ] GC(101) User=0.12s Sys=0.00s Real=0.03s
[5.169s][info][gc,start       ] GC(102) Pause Young (Allocation Failure)
[5.190s][info][gc,heap        ] GC(102) PSYoungGen: 38528K(80384K)->13472K(81408K) Eden: 13312K(13312K)->0K(15360K) From: 25216K(67072K)->13472K(66048K)
[5.190s][info][gc,heap        ] GC(102) ParOldGen: 792229K(827392K)->817629K(827392K)
[5.190s][info][gc,metaspace   ] GC(102) Metaspace: 6298K(6464K)->6298K(6464K) NonClass: 5764K(5824K)->5764K(5824K) Class: 533K(640K)->533K(640K)
[5.190s][info][gc             ] GC(102) Pause Young (Allocation Failure) 811M->811M(887M) 21.752ms
[5.190s][info][gc,cpu         ] GC(102) User=0.12s Sys=0.00s Real=0.02s
[5.190s][info][gc,start       ] GC(103) Pause Full (Ergonomics)
[5.190s][info][gc,phases,start] GC(103) Marking Phase
[5.373s][info][gc,phases      ] GC(103) Marking Phase 183.037ms
[5.373s][info][gc,phases,start] GC(103) Summary Phase
[5.374s][info][gc,phases      ] GC(103) Summary Phase 0.024ms
[5.374s][info][gc,phases,start] GC(103) Adjust Roots
[5.374s][info][gc,phases      ] GC(103) Adjust Roots 0.177ms
[5.374s][info][gc,phases,start] GC(103) Compaction Phase
[5.461s][info][gc,phases      ] GC(103) Compaction Phase 87.480ms
[5.461s][info][gc,phases,start] GC(103) Post Compact
[5.463s][info][gc,phases      ] GC(103) Post Compact 1.525ms
[5.463s][info][gc,heap        ] GC(103) PSYoungGen: 13472K(81408K)->2582K(81408K) Eden: 0K(15360K)->0K(15360K) From: 13472K(66048K)->2582K(66048K)
[5.463s][info][gc,heap        ] GC(103) ParOldGen: 817629K(827392K)->827193K(917504K)
[5.463s][info][gc,metaspace   ] GC(103) Metaspace: 6298K(6464K)->6298K(6464K) NonClass: 5764K(5824K)->5764K(5824K) Class: 533K(640K)->533K(640K)
[5.463s][info][gc             ] GC(103) Pause Full (Ergonomics) 811M->810M(975M) 272.976ms
[5.463s][info][gc,cpu         ] GC(103) User=1.86s Sys=0.00s Real=0.27s
[5.481s][info][gc,start       ] GC(104) Pause Young (Allocation Failure)
[5.525s][info][gc,heap        ] GC(104) PSYoungGen: 17942K(81408K)->15488K(81408K) Eden: 15360K(15360K)->0K(15360K) From: 2582K(66048K)->15488K(66048K)
[5.525s][info][gc,heap        ] GC(104) ParOldGen: 827193K(917504K)->829833K(917504K)
[5.525s][info][gc,metaspace   ] GC(104) Metaspace: 6298K(6464K)->6298K(6464K) NonClass: 5764K(5824K)->5764K(5824K) Class: 533K(640K)->533K(640K)
[5.525s][info][gc             ] GC(104) Pause Young (Allocation Failure) 825M->825M(975M) 44.764ms
[5.525s][info][gc,cpu         ] GC(104) User=0.27s Sys=0.00s Real=0.04s
[5.542s][info][gc,start       ] GC(105) Pause Young (Allocation Failure)
[5.562s][info][gc,heap        ] GC(105) PSYoungGen: 30848K(81408K)->15488K(81408K) Eden: 15360K(15360K)->0K(16896K) From: 15488K(66048K)->15488K(64512K)
[5.562s][info][gc,heap        ] GC(105) ParOldGen: 829833K(917504K)->845409K(917504K)
[5.562s][info][gc,metaspace   ] GC(105) Metaspace: 6298K(6464K)->6298K(6464K) NonClass: 5764K(5824K)->5764K(5824K) Class: 533K(640K)->533K(640K)
[5.562s][info][gc             ] GC(105) Pause Young (Allocation Failure) 840M->840M(975M) 20.106ms
[5.562s][info][gc,cpu         ] GC(105) User=0.03s Sys=0.00s Real=0.02s
[5.580s][info][gc,start       ] GC(106) Pause Young (Allocation Failure)
[5.600s][info][gc,heap        ] GC(106) PSYoungGen: 32384K(81408K)->17056K(81920K) Eden: 16896K(16896K)->0K(16896K) From: 15488K(64512K)->17056K(65024K)
[5.600s][info][gc,heap        ] GC(106) ParOldGen: 845409K(917504K)->860993K(917504K)
[5.600s][info][gc,metaspace   ] GC(106) Metaspace: 6298K(6464K)->6298K(6464K) NonClass: 5764K(5824K)->5764K(5824K) Class: 533K(640K)->533K(640K)
[5.600s][info][gc             ] GC(106) Pause Young (Allocation Failure) 857M->857M(976M) 20.192ms
[5.600s][info][gc,cpu         ] GC(106) User=0.06s Sys=0.00s Real=0.02s
[5.618s][info][gc,start       ] GC(107) Pause Young (Allocation Failure)
[5.639s][info][gc,heap        ] GC(107) PSYoungGen: 33952K(81920K)->17024K(78336K) Eden: 16896K(16896K)->0K(18944K) From: 17056K(65024K)->17024K(59392K)
[5.639s][info][gc,heap        ] GC(107) ParOldGen: 860993K(917504K)->878129K(917504K)
[5.639s][info][gc,metaspace   ] GC(107) Metaspace: 6298K(6464K)->6298K(6464K) NonClass: 5764K(5824K)->5764K(5824K) Class: 533K(640K)->533K(640K)
[5.639s][info][gc             ] GC(107) Pause Young (Allocation Failure) 873M->874M(972M) 20.934ms
[5.639s][info][gc,cpu         ] GC(107) User=0.12s Sys=0.00s Real=0.02s
[5.660s][info][gc,start       ] GC(108) Pause Young (Allocation Failure)
[5.682s][info][gc,heap        ] GC(108) PSYoungGen: 35968K(78336K)->19072K(80384K) Eden: 18944K(18944K)->0K(18944K) From: 17024K(59392K)->19072K(61440K)
[5.682s][info][gc,heap        ] GC(108) ParOldGen: 878129K(917504K)->895257K(917504K)
[5.682s][info][gc,metaspace   ] GC(108) Metaspace: 6298K(6464K)->6298K(6464K) NonClass: 5764K(5824K)->5764K(5824K) Class: 533K(640K)->533K(640K)
[5.682s][info][gc             ] GC(108) Pause Young (Allocation Failure) 892M->892M(974M) 21.668ms
[5.682s][info][gc,cpu         ] GC(108) User=0.25s Sys=0.00s Real=0.02s
[5.682s][info][gc,start       ] GC(109) Pause Full (Ergonomics)
[5.682s][info][gc,phases,start] GC(109) Marking Phase
[5.892s][info][gc,phases      ] GC(109) Marking Phase 210.454ms
[5.892s][info][gc,phases,start] GC(109) Summary Phase
[5.892s][info][gc,phases      ] GC(109) Summary Phase 0.060ms
[5.892s][info][gc,phases,start] GC(109) Adjust Roots
[5.893s][info][gc,phases      ] GC(109) Adjust Roots 0.273ms
[5.893s][info][gc,phases,start] GC(109) Compaction Phase
[5.980s][info][gc,phases      ] GC(109) Compaction Phase 86.850ms
[5.980s][info][gc,phases,start] GC(109) Post Compact
[5.982s][info][gc,phases      ] GC(109) Post Compact 1.797ms
[5.982s][info][gc,heap        ] GC(109) PSYoungGen: 19072K(80384K)->0K(80896K) Eden: 0K(18944K)->0K(21504K) From: 19072K(61440K)->0K(59392K)
[5.982s][info][gc,heap        ] GC(109) ParOldGen: 895257K(917504K)->913066K(1008640K)
[5.982s][info][gc,metaspace   ] GC(109) Metaspace: 6298K(6464K)->6298K(6464K) NonClass: 5764K(5824K)->5764K(5824K) Class: 533K(640K)->533K(640K)
[5.982s][info][gc             ] GC(109) Pause Full (Ergonomics) 892M->891M(1064M) 300.144ms
[5.982s][info][gc,cpu         ] GC(109) User=2.09s Sys=0.02s Real=0.30s
[6.010s][info][gc,start       ] GC(110) Pause Young (Allocation Failure)
[6.026s][info][gc,heap        ] GC(110) PSYoungGen: 21504K(80896K)->21664K(43520K) Eden: 21504K(21504K)->0K(21504K) From: 0K(59392K)->21664K(22016K)
[6.026s][info][gc,heap        ] GC(110) ParOldGen: 913066K(1008640K)->913066K(1008640K)
[6.026s][info][gc,metaspace   ] GC(110) Metaspace: 6298K(6464K)->6298K(6464K) NonClass: 5764K(5824K)->5764K(5824K) Class: 533K(640K)->533K(640K)
[6.026s][info][gc             ] GC(110) Pause Young (Allocation Failure) 912M->912M(1027M) 16.578ms
[6.026s][info][gc,cpu         ] GC(110) User=0.00s Sys=0.00s Real=0.02s
[6.052s][info][gc,start       ] GC(111) Pause Young (Allocation Failure)
[6.075s][info][gc,heap        ] GC(111) PSYoungGen: 43168K(43520K)->43168K(76800K) Eden: 21504K(21504K)->0K(19968K) From: 21664K(22016K)->43168K(56832K)
[6.075s][info][gc,heap        ] GC(111) ParOldGen: 913066K(1008640K)->913066K(1008640K)
[6.075s][info][gc,metaspace   ] GC(111) Metaspace: 6298K(6464K)->6298K(6464K) NonClass: 5764K(5824K)->5764K(5824K) Class: 533K(640K)->533K(640K)
[6.075s][info][gc             ] GC(111) Pause Young (Allocation Failure) 933M->933M(1060M) 23.348ms
[6.075s][info][gc,cpu         ] GC(111) User=0.12s Sys=0.00s Real=0.02s
[6.097s][info][gc,start       ] GC(112) Pause Young (Allocation Failure)
[6.129s][info][gc,heap        ] GC(112) PSYoungGen: 63136K(76800K)->60416K(80384K) Eden: 19968K(19968K)->0K(19968K) From: 43168K(56832K)->60416K(60416K)
[6.129s][info][gc,heap        ] GC(112) ParOldGen: 913066K(1008640K)->915738K(1008640K)
[6.129s][info][gc,metaspace   ] GC(112) Metaspace: 6298K(6464K)->6298K(6464K) NonClass: 5764K(5824K)->5764K(5824K) Class: 533K(640K)->533K(640K)
[6.129s][info][gc             ] GC(112) Pause Young (Allocation Failure) 953M->953M(1063M) 32.119ms
[6.129s][info][gc,cpu         ] GC(112) User=0.20s Sys=0.00s Real=0.03s
[6.151s][info][gc,start       ] GC(113) Pause Young (Allocation Failure)
[6.191s][info][gc,heap        ] GC(113) PSYoungGen: 80384K(80384K)->39488K(92160K) Eden: 19968K(19968K)->0K(22528K) From: 60416K(60416K)->39488K(69632K)
[6.191s][info][gc,heap        ] GC(113) ParOldGen: 915738K(1008640K)->957282K(1008640K)
[6.191s][info][gc,metaspace   ] GC(113) Metaspace: 6298K(6464K)->6298K(6464K) NonClass: 5764K(5824K)->5764K(5824K) Class: 533K(640K)->533K(640K)
[6.191s][info][gc             ] GC(113) Pause Young (Allocation Failure) 972M->973M(1075M) 40.215ms
[6.191s][info][gc,cpu         ] GC(113) User=0.22s Sys=0.02s Real=0.04s
[6.218s][info][gc,start       ] GC(114) Pause Young (Allocation Failure)
[6.251s][info][gc,heap        ] GC(114) PSYoungGen: 62016K(92160K)->42656K(92160K) Eden: 22528K(22528K)->0K(22528K) From: 39488K(69632K)->42656K(69632K)
[6.251s][info][gc,heap        ] GC(114) ParOldGen: 957282K(1008640K)->976946K(1008640K)
[6.251s][info][gc,metaspace   ] GC(114) Metaspace: 6298K(6464K)->6298K(6464K) NonClass: 5764K(5824K)->5764K(5824K) Class: 533K(640K)->533K(640K)
[6.251s][info][gc             ] GC(114) Pause Young (Allocation Failure) 995M->995M(1075M) 32.524ms
[6.251s][info][gc,cpu         ] GC(114) User=0.14s Sys=0.00s Real=0.03s
[6.251s][info][gc,start       ] GC(115) Pause Full (Ergonomics)
[6.251s][info][gc,phases,start] GC(115) Marking Phase
[6.488s][info][gc,phases      ] GC(115) Marking Phase 236.612ms
[6.488s][info][gc,phases,start] GC(115) Summary Phase
[6.488s][info][gc,phases      ] GC(115) Summary Phase 0.050ms
[6.488s][info][gc,phases,start] GC(115) Adjust Roots
[6.488s][info][gc,phases      ] GC(115) Adjust Roots 0.233ms
[6.488s][info][gc,phases,start] GC(115) Compaction Phase
[6.591s][info][gc,phases      ] GC(115) Compaction Phase 102.716ms
[6.591s][info][gc,phases,start] GC(115) Post Compact
[6.593s][info][gc,phases      ] GC(115) Post Compact 2.199ms
[6.594s][info][gc,heap        ] GC(115) PSYoungGen: 42656K(92160K)->10250K(92160K) Eden: 0K(22528K)->0K(22528K) From: 42656K(69632K)->10250K(69632K)
[6.594s][info][gc,heap        ] GC(115) ParOldGen: 976946K(1008640K)->1008139K(1118208K)
[6.594s][info][gc,metaspace   ] GC(115) Metaspace: 6298K(6464K)->6298K(6464K) NonClass: 5764K(5824K)->5764K(5824K) Class: 533K(640K)->533K(640K)
[6.594s][info][gc             ] GC(115) Pause Full (Ergonomics) 995M->994M(1182M) 342.916ms
[6.594s][info][gc,cpu         ] GC(115) User=2.44s Sys=0.00s Real=0.34s
[6.619s][info][gc,start       ] GC(116) Pause Young (Allocation Failure)
[6.683s][info][gc,heap        ] GC(116) PSYoungGen: 32778K(92160K)->27840K(88576K) Eden: 22528K(22528K)->0K(24576K) From: 10250K(69632K)->27840K(64000K)
[6.683s][info][gc,heap        ] GC(116) ParOldGen: 1008139K(1118208K)->1013323K(1118208K)
[6.683s][info][gc,metaspace   ] GC(116) Metaspace: 6298K(6464K)->6298K(6464K) NonClass: 5764K(5824K)->5764K(5824K) Class: 533K(640K)->533K(640K)
[6.683s][info][gc             ] GC(116) Pause Young (Allocation Failure) 1016M->1016M(1178M) 63.737ms
[6.683s][info][gc,cpu         ] GC(116) User=0.38s Sys=0.00s Real=0.06s
[6.711s][info][gc,start       ] GC(117) Pause Young (Allocation Failure)
[6.740s][info][gc,heap        ] GC(117) PSYoungGen: 52416K(88576K)->52448K(91648K) Eden: 24576K(24576K)->0K(24576K) From: 27840K(64000K)->52448K(67072K)
[6.740s][info][gc,heap        ] GC(117) ParOldGen: 1013323K(1118208K)->1013323K(1118208K)
[6.740s][info][gc,metaspace   ] GC(117) Metaspace: 6298K(6464K)->6298K(6464K) NonClass: 5764K(5824K)->5764K(5824K) Class: 533K(640K)->533K(640K)
[6.740s][info][gc             ] GC(117) Pause Young (Allocation Failure) 1040M->1040M(1181M) 29.032ms
[6.740s][info][gc,cpu         ] GC(117) User=0.11s Sys=0.00s Real=0.03s
[6.768s][info][gc,start       ] GC(118) Pause Young (Allocation Failure)
[6.820s][info][gc,heap        ] GC(118) PSYoungGen: 77024K(91648K)->71168K(86528K) Eden: 24576K(24576K)->0K(15360K) From: 52448K(67072K)->71168K(71168K)
[6.820s][info][gc,heap        ] GC(118) ParOldGen: 1013323K(1118208K)->1019147K(1118208K)
[6.820s][info][gc,metaspace   ] GC(118) Metaspace: 6298K(6464K)->6298K(6464K) NonClass: 5764K(5824K)->5764K(5824K) Class: 533K(640K)->533K(640K)
[6.820s][info][gc             ] GC(118) Pause Young (Allocation Failure) 1064M->1064M(1176M) 52.524ms
[6.820s][info][gc,cpu         ] GC(118) User=0.19s Sys=0.17s Real=0.05s
[6.838s][info][gc,start       ] GC(119) Pause Young (Allocation Failure)
[6.891s][info][gc,heap        ] GC(119) PSYoungGen: 86528K(86528K)->61248K(98304K) Eden: 15360K(15360K)->0K(15360K) From: 71168K(71168K)->61248K(82944K)
[6.891s][info][gc,heap        ] GC(119) ParOldGen: 1019147K(1118208K)->1044899K(1118208K)
[6.891s][info][gc,metaspace   ] GC(119) Metaspace: 6298K(6464K)->6298K(6464K) NonClass: 5764K(5824K)->5764K(5824K) Class: 533K(640K)->533K(640K)
[6.891s][info][gc             ] GC(119) Pause Young (Allocation Failure) 1079M->1080M(1188M) 52.942ms
[6.891s][info][gc,cpu         ] GC(119) User=0.33s Sys=0.03s Real=0.05s
[6.908s][info][gc,start       ] GC(120) Pause Young (Allocation Failure)
[6.953s][info][gc,heap        ] GC(120) PSYoungGen: 76608K(98304K)->52736K(104448K) Eden: 15360K(15360K)->0K(17408K) From: 61248K(82944K)->52736K(87040K)
[6.953s][info][gc,heap        ] GC(120) ParOldGen: 1044899K(1118208K)->1069099K(1118208K)
[6.953s][info][gc,metaspace   ] GC(120) Metaspace: 6298K(6464K)->6298K(6464K) NonClass: 5764K(5824K)->5764K(5824K) Class: 533K(640K)->533K(640K)
[6.953s][info][gc             ] GC(120) Pause Young (Allocation Failure) 1095M->1095M(1194M) 44.685ms
[6.953s][info][gc,cpu         ] GC(120) User=0.23s Sys=0.00s Real=0.04s
[6.972s][info][gc,start       ] GC(121) Pause Young (Allocation Failure)
[7.020s][info][gc,heap        ] GC(121) PSYoungGen: 70144K(104448K)->32928K(50688K) Eden: 17408K(17408K)->0K(17408K) From: 52736K(87040K)->32928K(33280K)
[7.020s][info][gc,heap        ] GC(121) ParOldGen: 1069099K(1118208K)->1106859K(1118208K)
[7.020s][info][gc,metaspace   ] GC(121) Metaspace: 6298K(6464K)->6298K(6464K) NonClass: 5764K(5824K)->5764K(5824K) Class: 533K(640K)->533K(640K)
[7.020s][info][gc             ] GC(121) Pause Young (Allocation Failure) 1112M->1113M(1141M) 47.973ms
[7.020s][info][gc,cpu         ] GC(121) User=0.19s Sys=0.05s Real=0.05s
[7.020s][info][gc,start       ] GC(122) Pause Full (Ergonomics)
[7.020s][info][gc,phases,start] GC(122) Marking Phase
[7.279s][info][gc,phases      ] GC(122) Marking Phase 259.268ms
[7.279s][info][gc,phases,start] GC(122) Summary Phase
[7.279s][info][gc,phases      ] GC(122) Summary Phase 0.034ms
[7.279s][info][gc,phases,start] GC(122) Adjust Roots
[7.279s][info][gc,phases      ] GC(122) Adjust Roots 0.195ms
[7.279s][info][gc,phases,start] GC(122) Compaction Phase
[7.394s][info][gc,phases      ] GC(122) Compaction Phase 114.488ms
[7.394s][info][gc,phases,start] GC(122) Post Compact
[7.396s][info][gc,phases      ] GC(122) Post Compact 2.105ms
[7.397s][info][gc,heap        ] GC(122) PSYoungGen: 32928K(50688K)->19930K(50688K) Eden: 0K(17408K)->0K(17408K) From: 32928K(33280K)->19930K(33280K)
[7.397s][info][gc,heap        ] GC(122) ParOldGen: 1106859K(1118208K)->1118087K(1243136K)
[7.397s][info][gc,metaspace   ] GC(122) Metaspace: 6298K(6464K)->6298K(6464K) NonClass: 5764K(5824K)->5764K(5824K) Class: 533K(640K)->533K(640K)
[7.398s][info][gc             ] GC(122) Pause Full (Ergonomics) 1113M->1111M(1263M) 377.814ms
[7.398s][info][gc,cpu         ] GC(122) User=2.64s Sys=0.05s Real=0.38s
[7.419s][info][gc,start       ] GC(123) Pause Young (Allocation Failure)
[7.494s][info][gc,heap        ] GC(123) PSYoungGen: 37338K(50688K)->17536K(102912K) Eden: 17408K(17408K)->0K(19456K) From: 19930K(33280K)->17536K(83456K)
[7.494s][info][gc,heap        ] GC(123) ParOldGen: 1118087K(1243136K)->1138351K(1243136K)
[7.494s][info][gc,metaspace   ] GC(123) Metaspace: 6298K(6464K)->6298K(6464K) NonClass: 5764K(5824K)->5764K(5824K) Class: 533K(640K)->533K(640K)
[7.494s][info][gc             ] GC(123) Pause Young (Allocation Failure) 1128M->1128M(1314M) 74.865ms
[7.494s][info][gc,cpu         ] GC(123) User=0.41s Sys=0.08s Real=0.08s
[7.517s][info][gc,start       ] GC(124) Pause Young (Allocation Failure)
[7.545s][info][gc,heap        ] GC(124) PSYoungGen: 36992K(102912K)->19584K(103424K) Eden: 19456K(19456K)->0K(19456K) From: 17536K(83456K)->19584K(83968K)
[7.545s][info][gc,heap        ] GC(124) ParOldGen: 1138351K(1243136K)->1156031K(1243136K)
[7.545s][info][gc,metaspace   ] GC(124) Metaspace: 6298K(6464K)->6298K(6464K) NonClass: 5764K(5824K)->5764K(5824K) Class: 533K(640K)->533K(640K)
[7.545s][info][gc             ] GC(124) Pause Young (Allocation Failure) 1147M->1148M(1315M) 28.189ms
[7.545s][info][gc,cpu         ] GC(124) User=0.08s Sys=0.05s Real=0.03s
[7.567s][info][gc,start       ] GC(125) Pause Young (Allocation Failure)
[7.596s][info][gc,heap        ] GC(125) PSYoungGen: 39040K(103424K)->19648K(101376K) Eden: 19456K(19456K)->0K(22016K) From: 19584K(83968K)->19648K(79360K)
[7.596s][info][gc,heap        ] GC(125) ParOldGen: 1156031K(1243136K)->1175783K(1243136K)
[7.596s][info][gc,metaspace   ] GC(125) Metaspace: 6298K(6464K)->6298K(6464K) NonClass: 5764K(5824K)->5764K(5824K) Class: 533K(640K)->533K(640K)
[7.596s][info][gc             ] GC(125) Pause Young (Allocation Failure) 1167M->1167M(1313M) 28.747ms
[7.596s][info][gc,cpu         ] GC(125) User=0.05s Sys=0.08s Real=0.03s
[7.623s][info][gc,start       ] GC(126) Pause Young (Allocation Failure)
[7.653s][info][gc,heap        ] GC(126) PSYoungGen: 41664K(101376K)->22176K(102912K) Eden: 22016K(22016K)->0K(22016K) From: 19648K(79360K)->22176K(80896K)
[7.653s][info][gc,heap        ] GC(126) ParOldGen: 1175783K(1243136K)->1195535K(1243136K)
[7.653s][info][gc,metaspace   ] GC(126) Metaspace: 6298K(6464K)->6298K(6464K) NonClass: 5764K(5824K)->5764K(5824K) Class: 533K(640K)->533K(640K)
[7.653s][info][gc             ] GC(126) Pause Young (Allocation Failure) 1188M->1189M(1314M) 30.438ms
[7.653s][info][gc,cpu         ] GC(126) User=0.08s Sys=0.06s Real=0.03s
[7.681s][info][gc,start       ] GC(127) Pause Young (Allocation Failure)
[7.713s][info][gc,heap        ] GC(127) PSYoungGen: 44192K(102912K)->22208K(98816K) Eden: 22016K(22016K)->0K(24576K) From: 22176K(80896K)->22208K(74240K)
[7.713s][info][gc,heap        ] GC(127) ParOldGen: 1195535K(1243136K)->1217895K(1243136K)
[7.713s][info][gc,metaspace   ] GC(127) Metaspace: 6298K(6464K)->6298K(6464K) NonClass: 5764K(5824K)->5764K(5824K) Class: 533K(640K)->533K(640K)
[7.713s][info][gc             ] GC(127) Pause Young (Allocation Failure) 1210M->1211M(1310M) 32.006ms
[7.713s][info][gc,cpu         ] GC(127) User=0.08s Sys=0.05s Real=0.03s
[7.713s][info][gc,start       ] GC(128) Pause Full (Ergonomics)
[7.713s][info][gc,phases,start] GC(128) Marking Phase
[8.014s][info][gc,phases      ] GC(128) Marking Phase 300.954ms
[8.014s][info][gc,phases,start] GC(128) Summary Phase
[8.014s][info][gc,phases      ] GC(128) Summary Phase 0.060ms
[8.014s][info][gc,phases,start] GC(128) Adjust Roots
[8.015s][info][gc,phases      ] GC(128) Adjust Roots 0.254ms
[8.015s][info][gc,phases,start] GC(128) Compaction Phase
[8.130s][info][gc,phases      ] GC(128) Compaction Phase 115.727ms
[8.131s][info][gc,phases,start] GC(128) Post Compact
[8.133s][info][gc,phases      ] GC(128) Post Compact 2.136ms
[8.134s][info][gc,heap        ] GC(128) PSYoungGen: 22208K(98816K)->0K(100864K) Eden: 0K(24576K)->0K(24576K) From: 22208K(74240K)->0K(76288K)
[8.134s][info][gc,heap        ] GC(128) ParOldGen: 1217895K(1243136K)->1238222K(1364992K)
[8.134s][info][gc,metaspace   ] GC(128) Metaspace: 6298K(6464K)->6298K(6464K) NonClass: 5764K(5824K)->5764K(5824K) Class: 533K(640K)->533K(640K)
[8.134s][info][gc             ] GC(128) Pause Full (Ergonomics) 1211M->1209M(1431M) 420.564ms
[8.134s][info][gc,cpu         ] GC(128) User=2.94s Sys=0.00s Real=0.42s
[8.164s][info][gc,start       ] GC(129) Pause Young (Allocation Failure)
[8.181s][info][gc,heap        ] GC(129) PSYoungGen: 24576K(100864K)->24704K(96768K) Eden: 24576K(24576K)->0K(27136K) From: 0K(76288K)->24704K(69632K)
[8.181s][info][gc,heap        ] GC(129) ParOldGen: 1238222K(1364992K)->1238222K(1364992K)
[8.181s][info][gc,metaspace   ] GC(129) Metaspace: 6298K(6464K)->6298K(6464K) NonClass: 5764K(5824K)->5764K(5824K) Class: 533K(640K)->533K(640K)
[8.181s][info][gc             ] GC(129) Pause Young (Allocation Failure) 1233M->1233M(1427M) 17.412ms
[8.181s][info][gc,cpu         ] GC(129) User=0.02s Sys=0.00s Real=0.02s
[8.213s][info][gc,start       ] GC(130) Pause Young (Allocation Failure)
[8.242s][info][gc,heap        ] GC(130) PSYoungGen: 51840K(96768K)->51904K(100352K) Eden: 27136K(27136K)->0K(27136K) From: 24704K(69632K)->51904K(73216K)
[8.242s][info][gc,heap        ] GC(130) ParOldGen: 1238222K(1364992K)->1238222K(1364992K)
[8.242s][info][gc,metaspace   ] GC(130) Metaspace: 6298K(6464K)->6298K(6464K) NonClass: 5764K(5824K)->5764K(5824K) Class: 533K(640K)->533K(640K)
[8.242s][info][gc             ] GC(130) Pause Young (Allocation Failure) 1259M->1259M(1431M) 29.400ms
[8.243s][info][gc,cpu         ] GC(130) User=0.12s Sys=0.00s Real=0.03s
[8.273s][info][gc,start       ] GC(131) Pause Young (Allocation Failure)
[8.312s][info][gc,heap        ] GC(131) PSYoungGen: 79040K(100352K)->71392K(96256K) Eden: 27136K(27136K)->0K(19968K) From: 51904K(73216K)->71392K(76288K)
[8.312s][info][gc,heap        ] GC(131) ParOldGen: 1238222K(1364992K)->1238222K(1364992K)
[8.312s][info][gc,metaspace   ] GC(131) Metaspace: 6298K(6464K)->6298K(6464K) NonClass: 5764K(5824K)->5764K(5824K) Class: 533K(640K)->533K(640K)
[8.312s][info][gc             ] GC(131) Pause Young (Allocation Failure) 1286M->1278M(1427M) 39.024ms
[8.312s][info][gc,cpu         ] GC(131) User=0.19s Sys=0.06s Real=0.04s
[8.328s][info][gc,start       ] GC(132) Pause Young (Allocation Failure)
[8.371s][info][gc,heap        ] GC(132) PSYoungGen: 91360K(96256K)->81760K(105984K) Eden: 19968K(19968K)->0K(19968K) From: 71392K(76288K)->81760K(86016K)
[8.371s][info][gc,heap        ] GC(132) ParOldGen: 1238222K(1364992K)->1238222K(1364992K)
[8.371s][info][gc,metaspace   ] GC(132) Metaspace: 6298K(6464K)->6298K(6464K) NonClass: 5764K(5824K)->5764K(5824K) Class: 533K(640K)->533K(640K)
[8.371s][info][gc             ] GC(132) Pause Young (Allocation Failure) 1298M->1289M(1436M) 42.532ms
[8.371s][info][gc,cpu         ] GC(132) User=0.23s Sys=0.00s Real=0.04s
[8.396s][info][gc,start       ] GC(133) Pause Young (Allocation Failure)
[8.460s][info][gc,heap        ] GC(133) PSYoungGen: 101728K(105984K)->76064K(113664K) Eden: 19968K(19968K)->0K(15872K) From: 81760K(86016K)->76064K(97792K)
[8.460s][info][gc,heap        ] GC(133) ParOldGen: 1238222K(1364992K)->1263158K(1364992K)
[8.460s][info][gc,metaspace   ] GC(133) Metaspace: 6298K(6464K)->6298K(6464K) NonClass: 5764K(5824K)->5764K(5824K) Class: 533K(640K)->533K(640K)
[8.460s][info][gc             ] GC(133) Pause Young (Allocation Failure) 1308M->1307M(1444M) 64.741ms
[8.460s][info][gc,cpu         ] GC(133) User=0.27s Sys=0.09s Real=0.06s
[8.481s][info][gc,start       ] GC(134) Pause Young (Allocation Failure)
[8.535s][info][gc,heap        ] GC(134) PSYoungGen: 91936K(113664K)->64800K(120320K) Eden: 15872K(15872K)->0K(15872K) From: 76064K(97792K)->64800K(104448K)
[8.535s][info][gc,heap        ] GC(134) ParOldGen: 1263158K(1364992K)->1290710K(1364992K)
[8.535s][info][gc,metaspace   ] GC(134) Metaspace: 6298K(6464K)->6298K(6464K) NonClass: 5764K(5824K)->5764K(5824K) Class: 533K(640K)->533K(640K)
[8.535s][info][gc             ] GC(134) Pause Young (Allocation Failure) 1323M->1323M(1450M) 54.401ms
[8.535s][info][gc,cpu         ] GC(134) User=0.22s Sys=0.09s Real=0.05s
[8.555s][info][gc,start       ] GC(135) Pause Young (Allocation Failure)
[8.605s][info][gc,heap        ] GC(135) PSYoungGen: 80672K(120320K)->50752K(115200K) Eden: 15872K(15872K)->0K(18432K) From: 64800K(104448K)->50752K(96768K)
[8.605s][info][gc,heap        ] GC(135) ParOldGen: 1290710K(1364992K)->1321006K(1364992K)
[8.605s][info][gc,metaspace   ] GC(135) Metaspace: 6298K(6464K)->6298K(6464K) NonClass: 5764K(5824K)->5764K(5824K) Class: 533K(640K)->533K(640K)
[8.605s][info][gc             ] GC(135) Pause Young (Allocation Failure) 1339M->1339M(1445M) 50.128ms
[8.605s][info][gc,cpu         ] GC(135) User=0.22s Sys=0.03s Real=0.05s
[8.628s][info][gc,start       ] GC(136) Pause Young (Allocation Failure)
[8.675s][info][gc,heap        ] GC(136) PSYoungGen: 69184K(115200K)->34496K(119808K) Eden: 18432K(18432K)->0K(18432K) From: 50752K(96768K)->34496K(101376K)
[8.675s][info][gc,heap        ] GC(136) ParOldGen: 1321006K(1364992K)->1356270K(1364992K)
[8.675s][info][gc,metaspace   ] GC(136) Metaspace: 6298K(6464K)->6298K(6464K) NonClass: 5764K(5824K)->5764K(5824K) Class: 533K(640K)->533K(640K)
[8.675s][info][gc             ] GC(136) Pause Young (Allocation Failure) 1357M->1358M(1450M) 47.111ms
[8.675s][info][gc,cpu         ] GC(136) User=0.16s Sys=0.11s Real=0.05s
[8.675s][info][gc,start       ] GC(137) Pause Full (Ergonomics)
[8.675s][info][gc,phases,start] GC(137) Marking Phase
[8.983s][info][gc,phases      ] GC(137) Marking Phase 308.362ms
[8.983s][info][gc,phases,start] GC(137) Summary Phase
[8.983s][info][gc,phases      ] GC(137) Summary Phase 0.051ms
[8.983s][info][gc,phases,start] GC(137) Adjust Roots
[8.984s][info][gc,phases      ] GC(137) Adjust Roots 0.292ms
[8.984s][info][gc,phases,start] GC(137) Compaction Phase
[9.352s][info][gc,phases      ] GC(137) Compaction Phase 367.984ms
[9.352s][info][gc,phases,start] GC(137) Post Compact
[9.355s][info][gc,phases      ] GC(137) Post Compact 2.841ms
[9.356s][info][gc,heap        ] GC(137) PSYoungGen: 34496K(119808K)->24019K(119808K) Eden: 0K(18432K)->0K(18432K) From: 34496K(101376K)->24019K(101376K)
[9.356s][info][gc,heap        ] GC(137) ParOldGen: 1356270K(1364992K)->1364611K(1508864K)
[9.356s][info][gc,metaspace   ] GC(137) Metaspace: 6298K(6464K)->6298K(6464K) NonClass: 5764K(5824K)->5764K(5824K) Class: 533K(640K)->533K(640K)
[9.356s][info][gc             ] GC(137) Pause Full (Ergonomics) 1358M->1356M(1590M) 681.197ms
[9.356s][info][gc,cpu         ] GC(137) User=4.67s Sys=0.05s Real=0.68s
[9.384s][info][gc,start       ] GC(138) Pause Young (Allocation Failure)
[9.474s][info][gc,heap        ] GC(138) PSYoungGen: 42451K(119808K)->18592K(117760K) Eden: 18432K(18432K)->0K(20992K) From: 24019K(101376K)->18592K(96768K)
[9.474s][info][gc,heap        ] GC(138) ParOldGen: 1364611K(1508864K)->1389035K(1508864K)
[9.474s][info][gc,metaspace   ] GC(138) Metaspace: 6298K(6464K)->6298K(6464K) NonClass: 5764K(5824K)->5764K(5824K) Class: 533K(640K)->533K(640K)
[9.474s][info][gc             ] GC(138) Pause Young (Allocation Failure) 1374M->1374M(1588M) 90.403ms
[9.474s][info][gc,cpu         ] GC(138) User=0.45s Sys=0.06s Real=0.09s
[9.777s][info][gc,start       ] GC(139) Pause Young (Allocation Failure)
[9.836s][info][gc,heap        ] GC(139) PSYoungGen: 39584K(117760K)->21152K(118784K) Eden: 20992K(20992K)->0K(20992K) From: 18592K(96768K)->21152K(97792K)
[9.836s][info][gc,heap        ] GC(139) ParOldGen: 1454571K(1508864K)->1473299K(1508864K)
[9.836s][info][gc,metaspace   ] GC(139) Metaspace: 6298K(6464K)->6298K(6464K) NonClass: 5764K(5824K)->5764K(5824K) Class: 533K(640K)->533K(640K)
[9.836s][info][gc             ] GC(139) Pause Young (Allocation Failure) 1459M->1459M(1589M) 59.250ms
[9.836s][info][gc,cpu         ] GC(139) User=0.36s Sys=0.02s Real=0.06s
[9.836s][info][gc,start       ] GC(140) Pause Full (Ergonomics)
[9.836s][info][gc,phases,start] GC(140) Marking Phase
[10.165s][info][gc,phases      ] GC(140) Marking Phase 329.338ms
[10.165s][info][gc,phases,start] GC(140) Summary Phase
[10.166s][info][gc,phases      ] GC(140) Summary Phase 0.049ms
[10.166s][info][gc,phases,start] GC(140) Adjust Roots
[10.166s][info][gc,phases      ] GC(140) Adjust Roots 0.229ms
[10.166s][info][gc,phases,start] GC(140) Compaction Phase
[10.399s][info][gc,phases      ] GC(140) Compaction Phase 233.291ms
[10.399s][info][gc,phases,start] GC(140) Post Compact
[10.402s][info][gc,phases      ] GC(140) Post Compact 2.970ms
[10.403s][info][gc,heap        ] GC(140) PSYoungGen: 21152K(118784K)->0K(119296K) Eden: 0K(20992K)->0K(23040K) From: 21152K(97792K)->0K(96256K)
[10.403s][info][gc,heap        ] GC(140) ParOldGen: 1473299K(1508864K)->1460759K(1613312K)
[10.403s][info][gc,metaspace   ] GC(140) Metaspace: 6298K(6464K)->6298K(6464K) NonClass: 5764K(5824K)->5764K(5824K) Class: 533K(640K)->533K(640K)
[10.403s][info][gc             ] GC(140) Pause Full (Ergonomics) 1459M->1426M(1692M) 566.670ms
[10.403s][info][gc,cpu         ] GC(140) User=3.62s Sys=0.02s Real=0.57s
[10.427s][info][gc,start       ] GC(141) Pause Young (Allocation Failure)
[10.450s][info][gc,heap        ] GC(141) PSYoungGen: 23040K(119296K)->23168K(46592K) Eden: 23040K(23040K)->0K(23040K) From: 0K(96256K)->23168K(23552K)
[10.450s][info][gc,heap        ] GC(141) ParOldGen: 1460759K(1613312K)->1460759K(1613312K)
[10.450s][info][gc,metaspace   ] GC(141) Metaspace: 6298K(6464K)->6298K(6464K) NonClass: 5764K(5824K)->5764K(5824K) Class: 533K(640K)->533K(640K)
[10.450s][info][gc             ] GC(141) Pause Young (Allocation Failure) 1449M->1449M(1621M) 22.487ms
[10.450s][info][gc,cpu         ] GC(141) User=0.03s Sys=0.00s Real=0.02s
[10.471s][info][gc,start       ] GC(142) Pause Young (Allocation Failure)
[10.499s][info][gc,heap        ] GC(142) PSYoungGen: 46208K(46592K)->46272K(113664K) Eden: 23040K(23040K)->0K(25088K) From: 23168K(23552K)->46272K(88576K)
[10.499s][info][gc,heap        ] GC(142) ParOldGen: 1460759K(1613312K)->1460759K(1613312K)
[10.499s][info][gc,metaspace   ] GC(142) Metaspace: 6298K(6464K)->6298K(6464K) NonClass: 5764K(5824K)->5764K(5824K) Class: 533K(640K)->533K(640K)
[10.499s][info][gc             ] GC(142) Pause Young (Allocation Failure) 1471M->1471M(1686M) 28.912ms
[10.499s][info][gc,cpu         ] GC(142) User=0.03s Sys=0.00s Real=0.03s
[10.523s][info][gc,start       ] GC(143) Pause Young (Allocation Failure)
[10.559s][info][gc,heap        ] GC(143) PSYoungGen: 71360K(113664K)->71392K(116224K) Eden: 25088K(25088K)->0K(25088K) From: 46272K(88576K)->71392K(91136K)
[10.559s][info][gc,heap        ] GC(143) ParOldGen: 1460759K(1613312K)->1460759K(1613312K)
[10.559s][info][gc,metaspace   ] GC(143) Metaspace: 6298K(6464K)->6298K(6464K) NonClass: 5764K(5824K)->5764K(5824K) Class: 533K(640K)->533K(640K)
[10.559s][info][gc             ] GC(143) Pause Young (Allocation Failure) 1496M->1496M(1689M) 36.489ms
[10.559s][info][gc,cpu         ] GC(143) User=0.20s Sys=0.00s Real=0.04s
[10.587s][info][gc,start       ] GC(144) Pause Young (Allocation Failure)
[10.640s][info][gc,heap        ] GC(144) PSYoungGen: 96480K(116224K)->96512K(110592K) Eden: 25088K(25088K)->0K(13312K) From: 71392K(91136K)->96512K(97280K)
[10.640s][info][gc,heap        ] GC(144) ParOldGen: 1460759K(1613312K)->1460759K(1613312K)
[10.640s][info][gc,metaspace   ] GC(144) Metaspace: 6298K(6464K)->6298K(6464K) NonClass: 5764K(5824K)->5764K(5824K) Class: 533K(640K)->533K(640K)
[10.640s][info][gc             ] GC(144) Pause Young (Allocation Failure) 1520M->1520M(1683M) 52.995ms
[10.640s][info][gc,cpu         ] GC(144) User=0.25s Sys=0.11s Real=0.05s
[10.654s][info][gc,start       ] GC(145) Pause Young (Allocation Failure)
[10.704s][info][gc,heap        ] GC(145) PSYoungGen: 109824K(110592K)->109792K(124928K) Eden: 13312K(13312K)->0K(13312K) From: 96512K(97280K)->109792K(111616K)
[10.704s][info][gc,heap        ] GC(145) ParOldGen: 1460759K(1613312K)->1460759K(1613312K)
[10.704s][info][gc,metaspace   ] GC(145) Metaspace: 6298K(6464K)->6298K(6464K) NonClass: 5764K(5824K)->5764K(5824K) Class: 533K(640K)->533K(640K)
[10.704s][info][gc             ] GC(145) Pause Young (Allocation Failure) 1533M->1533M(1697M) 50.793ms
[10.704s][info][gc,cpu         ] GC(145) User=0.25s Sys=0.00s Real=0.05s
[10.718s][info][gc,start       ] GC(146) Pause Young (Allocation Failure)
[10.785s][info][gc,heap        ] GC(146) PSYoungGen: 123104K(124928K)->100032K(133632K) Eden: 13312K(13312K)->0K(5632K) From: 109792K(111616K)->100032K(128000K)
[10.785s][info][gc,heap        ] GC(146) ParOldGen: 1460759K(1613312K)->1484119K(1613312K)
[10.785s][info][gc,metaspace   ] GC(146) Metaspace: 6298K(6464K)->6298K(6464K) NonClass: 5764K(5824K)->5764K(5824K) Class: 533K(640K)->533K(640K)
[10.785s][info][gc             ] GC(146) Pause Young (Allocation Failure) 1546M->1547M(1706M) 67.301ms
[10.785s][info][gc,cpu         ] GC(146) User=0.33s Sys=0.05s Real=0.07s
[10.791s][info][gc,start       ] GC(147) Pause Young (Allocation Failure)
[10.854s][info][gc,heap        ] GC(147) PSYoungGen: 105664K(133632K)->57472K(63488K) Eden: 5632K(5632K)->0K(5632K) From: 100032K(128000K)->57472K(57856K)
[10.854s][info][gc,heap        ] GC(147) ParOldGen: 1484119K(1613312K)->1532927K(1613312K)
[10.855s][info][gc,metaspace   ] GC(147) Metaspace: 6298K(6464K)->6298K(6464K) NonClass: 5764K(5824K)->5764K(5824K) Class: 533K(640K)->533K(640K)
[10.855s][info][gc             ] GC(147) Pause Young (Allocation Failure) 1552M->1553M(1637M) 63.213ms
[10.855s][info][gc,cpu         ] GC(147) User=0.28s Sys=0.11s Real=0.06s
[10.861s][info][gc,start       ] GC(148) Pause Young (Allocation Failure)
[10.905s][info][gc,heap        ] GC(148) PSYoungGen: 63104K(63488K)->24672K(135168K) Eden: 5632K(5632K)->0K(7168K) From: 57472K(57856K)->24672K(128000K)
[10.905s][info][gc,heap        ] GC(148) ParOldGen: 1532927K(1613312K)->1571895K(1613312K)
[10.905s][info][gc,metaspace   ] GC(148) Metaspace: 6298K(6464K)->6298K(6464K) NonClass: 5764K(5824K)->5764K(5824K) Class: 533K(640K)->533K(640K)
[10.905s][info][gc             ] GC(148) Pause Young (Allocation Failure) 1558M->1559M(1707M) 44.383ms
[10.905s][info][gc,cpu         ] GC(148) User=0.19s Sys=0.08s Real=0.04s
[10.905s][info][gc,start       ] GC(149) Pause Full (Ergonomics)
[10.905s][info][gc,phases,start] GC(149) Marking Phase
[11.251s][info][gc,phases      ] GC(149) Marking Phase 345.838ms
[11.251s][info][gc,phases,start] GC(149) Summary Phase
[11.251s][info][gc,phases      ] GC(149) Summary Phase 0.064ms
[11.251s][info][gc,phases,start] GC(149) Adjust Roots
[11.251s][info][gc,phases      ] GC(149) Adjust Roots 0.284ms
[11.251s][info][gc,phases,start] GC(149) Compaction Phase
[11.421s][info][gc,phases      ] GC(149) Compaction Phase 169.185ms
[11.421s][info][gc,phases,start] GC(149) Post Compact
[11.424s][info][gc,phases      ] GC(149) Post Compact 3.349ms
[11.426s][info][gc,heap        ] GC(149) PSYoungGen: 24672K(135168K)->0K(136192K) Eden: 0K(7168K)->0K(7168K) From: 24672K(128000K)->0K(129024K)
[11.426s][info][gc,heap        ] GC(149) ParOldGen: 1571895K(1613312K)->1594657K(1769472K)
[11.426s][info][gc,metaspace   ] GC(149) Metaspace: 6298K(6464K)->6298K(6464K) NonClass: 5764K(5824K)->5764K(5824K) Class: 533K(640K)->533K(640K)
[11.426s][info][gc             ] GC(149) Pause Full (Ergonomics) 1559M->1557M(1861M) 520.902ms
[11.426s][info][gc,cpu         ] GC(149) User=3.47s Sys=0.03s Real=0.52s
[11.433s][info][gc,start       ] GC(150) Pause Young (Allocation Failure)
[11.452s][info][gc,heap        ] GC(150) PSYoungGen: 7168K(136192K)->7264K(137216K) Eden: 7168K(7168K)->0K(8192K) From: 0K(129024K)->7264K(129024K)
[11.452s][info][gc,heap        ] GC(150) ParOldGen: 1594657K(1769472K)->1594657K(1769472K)
[11.452s][info][gc,metaspace   ] GC(150) Metaspace: 6298K(6464K)->6298K(6464K) NonClass: 5764K(5824K)->5764K(5824K) Class: 533K(640K)->533K(640K)
[11.452s][info][gc             ] GC(150) Pause Young (Allocation Failure) 1564M->1564M(1862M) 18.857ms
[11.452s][info][gc,cpu         ] GC(150) User=0.02s Sys=0.00s Real=0.02s
[11.461s][info][gc,start       ] GC(151) Pause Young (Allocation Failure)
[11.480s][info][gc,heap        ] GC(151) PSYoungGen: 15456K(137216K)->15456K(137728K) Eden: 8192K(8192K)->0K(8192K) From: 7264K(129024K)->15456K(129536K)
[11.480s][info][gc,heap        ] GC(151) ParOldGen: 1594657K(1769472K)->1594657K(1769472K)
[11.480s][info][gc,metaspace   ] GC(151) Metaspace: 6298K(6464K)->6298K(6464K) NonClass: 5764K(5824K)->5764K(5824K) Class: 533K(640K)->533K(640K)
[11.480s][info][gc             ] GC(151) Pause Young (Allocation Failure) 1572M->1572M(1862M) 19.833ms
[11.480s][info][gc,cpu         ] GC(151) User=0.03s Sys=0.00s Real=0.02s
[11.489s][info][gc,start       ] GC(152) Pause Young (Allocation Failure)
[11.514s][info][gc,heap        ] GC(152) PSYoungGen: 23648K(137728K)->8320K(134656K) Eden: 8192K(8192K)->0K(9728K) From: 15456K(129536K)->8320K(124928K)
[11.514s][info][gc,heap        ] GC(152) ParOldGen: 1594657K(1769472K)->1610209K(1769472K)
[11.514s][info][gc,metaspace   ] GC(152) Metaspace: 6298K(6464K)->6298K(6464K) NonClass: 5764K(5824K)->5764K(5824K) Class: 533K(640K)->533K(640K)
[11.514s][info][gc             ] GC(152) Pause Young (Allocation Failure) 1580M->1580M(1859M) 25.208ms
[11.514s][info][gc,cpu         ] GC(152) User=0.02s Sys=0.02s Real=0.03s
[11.523s][info][gc,start       ] GC(153) Pause Young (Allocation Failure)
[11.543s][info][gc,heap        ] GC(153) PSYoungGen: 18048K(134656K)->9856K(19968K) Eden: 9728K(9728K)->0K(9728K) From: 8320K(124928K)->9856K(10240K)
[11.543s][info][gc,heap        ] GC(153) ParOldGen: 1610209K(1769472K)->1618513K(1769472K)
[11.543s][info][gc,metaspace   ] GC(153) Metaspace: 6298K(6464K)->6298K(6464K) NonClass: 5764K(5824K)->5764K(5824K) Class: 533K(640K)->533K(640K)
[11.543s][info][gc             ] GC(153) Pause Young (Allocation Failure) 1590M->1590M(1747M) 20.024ms
[11.543s][info][gc,cpu         ] GC(153) User=0.00s Sys=0.00s Real=0.02s
[11.554s][info][gc,start       ] GC(154) Pause Young (Allocation Failure)
[11.574s][info][gc,heap        ] GC(154) PSYoungGen: 19584K(19968K)->9856K(129024K) Eden: 9728K(9728K)->0K(11264K) From: 9856K(10240K)->9856K(117760K)
[11.574s][info][gc,heap        ] GC(154) ParOldGen: 1618513K(1769472K)->1628393K(1769472K)
[11.574s][info][gc,metaspace   ] GC(154) Metaspace: 6298K(6464K)->6298K(6464K) NonClass: 5764K(5824K)->5764K(5824K) Class: 533K(640K)->533K(640K)
[11.574s][info][gc             ] GC(154) Pause Young (Allocation Failure) 1599M->1599M(1854M) 20.851ms
[11.574s][info][gc,cpu         ] GC(154) User=0.02s Sys=0.00s Real=0.02s
[11.586s][info][gc,start       ] GC(155) Pause Young (Allocation Failure)
[11.608s][info][gc,heap        ] GC(155) PSYoungGen: 21120K(129024K)->11360K(23040K) Eden: 11264K(11264K)->0K(11264K) From: 9856K(117760K)->11360K(11776K)
[11.608s][info][gc,heap        ] GC(155) ParOldGen: 1628393K(1769472K)->1638273K(1769472K)
[11.608s][info][gc,metaspace   ] GC(155) Metaspace: 6298K(6464K)->6298K(6464K) NonClass: 5764K(5824K)->5764K(5824K) Class: 533K(640K)->533K(640K)
[11.608s][info][gc             ] GC(155) Pause Young (Allocation Failure) 1610M->1610M(1750M) 22.757ms
[11.608s][info][gc,cpu         ] GC(155) User=0.02s Sys=0.02s Real=0.02s
[11.619s][info][gc,start       ] GC(156) Pause Young (Allocation Failure)
[11.644s][info][gc,heap        ] GC(156) PSYoungGen: 22624K(23040K)->11360K(121856K) Eden: 11264K(11264K)->0K(13312K) From: 11360K(11776K)->11360K(108544K)
[11.644s][info][gc,heap        ] GC(156) ParOldGen: 1638273K(1769472K)->1649689K(1769472K)
[11.644s][info][gc,metaspace   ] GC(156) Metaspace: 6298K(6464K)->6298K(6464K) NonClass: 5764K(5824K)->5764K(5824K) Class: 533K(640K)->533K(640K)
[11.644s][info][gc             ] GC(156) Pause Young (Allocation Failure) 1621M->1622M(1847M) 24.816ms
[11.644s][info][gc,cpu         ] GC(156) User=0.03s Sys=0.00s Real=0.03s
[11.659s][info][gc,start       ] GC(157) Pause Young (Allocation Failure)
[11.684s][info][gc,heap        ] GC(157) PSYoungGen: 24672K(121856K)->13440K(27136K) Eden: 13312K(13312K)->0K(13312K) From: 11360K(108544K)->13440K(13824K)
[11.685s][info][gc,heap        ] GC(157) ParOldGen: 1649689K(1769472K)->1661105K(1769472K)
[11.685s][info][gc,metaspace   ] GC(157) Metaspace: 6298K(6464K)->6298K(6464K) NonClass: 5764K(5824K)->5764K(5824K) Class: 533K(640K)->533K(640K)
[11.685s][info][gc             ] GC(157) Pause Young (Allocation Failure) 1635M->1635M(1754M) 26.013ms
[11.685s][info][gc,cpu         ] GC(157) User=0.05s Sys=0.00s Real=0.03s
[11.697s][info][gc,start       ] GC(158) Pause Young (Allocation Failure)
[11.722s][info][gc,heap        ] GC(158) PSYoungGen: 26752K(27136K)->13440K(113664K) Eden: 13312K(13312K)->0K(15360K) From: 13440K(13824K)->13440K(98304K)
[11.722s][info][gc,heap        ] GC(158) ParOldGen: 1661105K(1769472K)->1674609K(1769472K)
[11.722s][info][gc,metaspace   ] GC(158) Metaspace: 6298K(6464K)->6298K(6464K) NonClass: 5764K(5824K)->5764K(5824K) Class: 533K(640K)->533K(640K)
[11.722s][info][gc             ] GC(158) Pause Young (Allocation Failure) 1648M->1648M(1839M) 24.564ms
[11.722s][info][gc,cpu         ] GC(158) User=0.02s Sys=0.00s Real=0.02s
[11.738s][info][gc,start       ] GC(159) Pause Young (Allocation Failure)
[11.764s][info][gc,heap        ] GC(159) PSYoungGen: 28800K(113664K)->15520K(31232K) Eden: 15360K(15360K)->0K(15360K) From: 13440K(98304K)->15520K(15872K)
[11.764s][info][gc,heap        ] GC(159) ParOldGen: 1674609K(1769472K)->1688105K(1769472K)
[11.764s][info][gc,metaspace   ] GC(159) Metaspace: 6298K(6464K)->6298K(6464K) NonClass: 5764K(5824K)->5764K(5824K) Class: 533K(640K)->533K(640K)
[11.764s][info][gc             ] GC(159) Pause Young (Allocation Failure) 1663M->1663M(1758M) 26.454ms
[11.764s][info][gc,cpu         ] GC(159) User=0.02s Sys=0.00s Real=0.03s
[11.780s][info][gc,start       ] GC(160) Pause Young (Allocation Failure)
[11.805s][info][gc,heap        ] GC(160) PSYoungGen: 30880K(31232K)->15488K(104960K) Eden: 15360K(15360K)->0K(17408K) From: 15520K(15872K)->15488K(87552K)
[11.805s][info][gc,heap        ] GC(160) ParOldGen: 1688105K(1769472K)->1703705K(1769472K)
[11.805s][info][gc,metaspace   ] GC(160) Metaspace: 6298K(6464K)->6298K(6464K) NonClass: 5764K(5824K)->5764K(5824K) Class: 533K(640K)->533K(640K)
[11.805s][info][gc             ] GC(160) Pause Young (Allocation Failure) 1678M->1678M(1830M) 25.133ms
[11.805s][info][gc,cpu         ] GC(160) User=0.05s Sys=0.00s Real=0.02s
[11.823s][info][gc,start       ] GC(161) Pause Young (Allocation Failure)
[11.851s][info][gc,heap        ] GC(161) PSYoungGen: 32896K(104960K)->17504K(35328K) Eden: 17408K(17408K)->0K(17408K) From: 15488K(87552K)->17504K(17920K)
[11.851s][info][gc,heap        ] GC(161) ParOldGen: 1703705K(1769472K)->1719289K(1769472K)
[11.851s][info][gc,metaspace   ] GC(161) Metaspace: 6298K(6464K)->6298K(6464K) NonClass: 5764K(5824K)->5764K(5824K) Class: 533K(640K)->533K(640K)
[11.851s][info][gc             ] GC(161) Pause Young (Allocation Failure) 1695M->1696M(1762M) 27.466ms
[11.851s][info][gc,cpu         ] GC(161) User=0.03s Sys=0.00s Real=0.03s
[11.870s][info][gc,start       ] GC(162) Pause Young (Allocation Failure)
[11.899s][info][gc,heap        ] GC(162) PSYoungGen: 34912K(35328K)->17504K(97280K) Eden: 17408K(17408K)->0K(19968K) From: 17504K(17920K)->17504K(77312K)
[11.899s][info][gc,heap        ] GC(162) ParOldGen: 1719289K(1769472K)->1736945K(1769472K)
[11.899s][info][gc,metaspace   ] GC(162) Metaspace: 6298K(6464K)->6298K(6464K) NonClass: 5764K(5824K)->5764K(5824K) Class: 533K(640K)->533K(640K)
[11.899s][info][gc             ] GC(162) Pause Young (Allocation Failure) 1713M->1713M(1823M) 28.888ms
[11.899s][info][gc,cpu         ] GC(162) User=0.08s Sys=0.06s Real=0.03s
[11.921s][info][gc,start       ] GC(163) Pause Young (Allocation Failure)
[11.950s][info][gc,heap        ] GC(163) PSYoungGen: 37472K(97280K)->20064K(40448K) Eden: 19968K(19968K)->0K(19968K) From: 17504K(77312K)->20064K(20480K)
[11.950s][info][gc,heap        ] GC(163) ParOldGen: 1736945K(1769472K)->1754609K(1769472K)
[11.950s][info][gc,metaspace   ] GC(163) Metaspace: 6298K(6464K)->6298K(6464K) NonClass: 5764K(5824K)->5764K(5824K) Class: 533K(640K)->533K(640K)
[11.950s][info][gc             ] GC(163) Pause Young (Allocation Failure) 1732M->1733M(1767M) 29.829ms
[11.950s][info][gc,cpu         ] GC(163) User=0.03s Sys=0.03s Real=0.03s
[11.950s][info][gc,start       ] GC(164) Pause Full (Ergonomics)
[11.950s][info][gc,phases,start] GC(164) Marking Phase
[12.353s][info][gc,phases      ] GC(164) Marking Phase 402.542ms
[12.353s][info][gc,phases,start] GC(164) Summary Phase
[12.353s][info][gc,phases      ] GC(164) Summary Phase 0.067ms
[12.353s][info][gc,phases,start] GC(164) Adjust Roots
[12.354s][info][gc,phases      ] GC(164) Adjust Roots 0.333ms
[12.354s][info][gc,phases,start] GC(164) Compaction Phase
[12.531s][info][gc,phases      ] GC(164) Compaction Phase 177.698ms
[12.531s][info][gc,phases,start] GC(164) Post Compact
[12.535s][info][gc,phases      ] GC(164) Post Compact 3.486ms
[12.536s][info][gc,heap        ] GC(164) PSYoungGen: 20064K(40448K)->2573K(40448K) Eden: 0K(19968K)->0K(19968K) From: 20064K(20480K)->2573K(20480K)
[12.536s][info][gc,heap        ] GC(164) ParOldGen: 1754609K(1769472K)->1769312K(1932288K)
[12.536s][info][gc,metaspace   ] GC(164) Metaspace: 6298K(6464K)->6298K(6464K) NonClass: 5764K(5824K)->5764K(5824K) Class: 533K(640K)->533K(640K)
[12.536s][info][gc             ] GC(164) Pause Full (Ergonomics) 1733M->1730M(1926M) 585.709ms
[12.536s][info][gc,cpu         ] GC(164) User=4.22s Sys=0.02s Real=0.59s
[12.558s][info][gc,start       ] GC(165) Pause Young (Allocation Failure)
[12.651s][info][gc,heap        ] GC(165) PSYoungGen: 22541K(40448K)->20064K(89600K) Eden: 19968K(19968K)->0K(22016K) From: 2573K(20480K)->20064K(67584K)
[12.651s][info][gc,heap        ] GC(165) ParOldGen: 1769312K(1932288K)->1771968K(1932288K)
[12.651s][info][gc,metaspace   ] GC(165) Metaspace: 6298K(6464K)->6298K(6464K) NonClass: 5764K(5824K)->5764K(5824K) Class: 533K(640K)->533K(640K)
[12.651s][info][gc             ] GC(165) Pause Young (Allocation Failure) 1749M->1750M(1974M) 93.206ms
[12.651s][info][gc,cpu         ] GC(165) User=0.50s Sys=0.00s Real=0.09s
[12.677s][info][gc,start       ] GC(166) Pause Young (Allocation Failure)
[12.709s][info][gc,heap        ] GC(166) PSYoungGen: 42080K(89600K)->22176K(44544K) Eden: 22016K(22016K)->0K(22016K) From: 20064K(67584K)->22176K(22528K)
[12.709s][info][gc,heap        ] GC(166) ParOldGen: 1771968K(1932288K)->1792248K(1932288K)
[12.709s][info][gc,metaspace   ] GC(166) Metaspace: 6298K(6464K)->6298K(6464K) NonClass: 5764K(5824K)->5764K(5824K) Class: 533K(640K)->533K(640K)
[12.709s][info][gc             ] GC(166) Pause Young (Allocation Failure) 1771M->1771M(1930M) 32.100ms
[12.709s][info][gc,cpu         ] GC(166) User=0.11s Sys=0.03s Real=0.03s
[12.730s][info][gc,start       ] GC(167) Pause Young (Allocation Failure)
[12.762s][info][gc,heap        ] GC(167) PSYoungGen: 44192K(44544K)->22144K(84480K) Eden: 22016K(22016K)->0K(24576K) From: 22176K(22528K)->22144K(59904K)
[12.762s][info][gc,heap        ] GC(167) ParOldGen: 1792248K(1932288K)->1814608K(1932288K)
[12.762s][info][gc,metaspace   ] GC(167) Metaspace: 6298K(6464K)->6298K(6464K) NonClass: 5764K(5824K)->5764K(5824K) Class: 533K(640K)->533K(640K)
[12.762s][info][gc             ] GC(167) Pause Young (Allocation Failure) 1793M->1793M(1969M) 32.552ms
[12.763s][info][gc,cpu         ] GC(167) User=0.06s Sys=0.08s Real=0.03s
[12.789s][info][gc,start       ] GC(168) Pause Young (Allocation Failure)
[12.822s][info][gc,heap        ] GC(168) PSYoungGen: 46720K(84480K)->24704K(49664K) Eden: 24576K(24576K)->0K(24576K) From: 22144K(59904K)->24704K(25088K)
[12.822s][info][gc,heap        ] GC(168) ParOldGen: 1814608K(1932288K)->1836960K(1932288K)
[12.822s][info][gc,metaspace   ] GC(168) Metaspace: 6298K(6464K)->6298K(6464K) NonClass: 5764K(5824K)->5764K(5824K) Class: 533K(640K)->533K(640K)
[12.822s][info][gc             ] GC(168) Pause Young (Allocation Failure) 1817M->1818M(1935M) 33.471ms
[12.822s][info][gc,cpu         ] GC(168) User=0.12s Sys=0.05s Real=0.03s
[12.849s][info][gc,start       ] GC(169) Pause Young (Allocation Failure)
[12.886s][info][gc,heap        ] GC(169) PSYoungGen: 49280K(49664K)->24704K(81920K) Eden: 24576K(24576K)->0K(27648K) From: 24704K(25088K)->24704K(54272K)
[12.886s][info][gc,heap        ] GC(169) ParOldGen: 1836960K(1932288K)->1861904K(1932288K)
[12.886s][info][gc,metaspace   ] GC(169) Metaspace: 6298K(6464K)->6298K(6464K) NonClass: 5764K(5824K)->5764K(5824K) Class: 533K(640K)->533K(640K)
[12.886s][info][gc             ] GC(169) Pause Young (Allocation Failure) 1842M->1842M(1967M) 36.740ms
[12.886s][info][gc,cpu         ] GC(169) User=0.22s Sys=0.03s Real=0.04s
[12.919s][info][gc,start       ] GC(170) Pause Young (Allocation Failure)
[12.958s][info][gc,heap        ] GC(170) PSYoungGen: 52352K(81920K)->27808K(84992K) Eden: 27648K(27648K)->0K(27648K) From: 24704K(54272K)->27808K(57344K)
[12.958s][info][gc,heap        ] GC(170) ParOldGen: 1861904K(1932288K)->1886864K(1932288K)
[12.958s][info][gc,metaspace   ] GC(170) Metaspace: 6298K(6464K)->6298K(6464K) NonClass: 5764K(5824K)->5764K(5824K) Class: 533K(640K)->533K(640K)
[12.958s][info][gc             ] GC(170) Pause Young (Allocation Failure) 1869M->1869M(1970M) 39.166ms
[12.958s][info][gc,cpu         ] GC(170) User=0.16s Sys=0.00s Real=0.04s
[12.988s][info][gc,start       ] GC(171) Pause Young (Allocation Failure)
[13.031s][info][gc,heap        ] GC(171) PSYoungGen: 55456K(84992K)->27776K(83968K) Eden: 27648K(27648K)->0K(31232K) From: 27808K(57344K)->27776K(52736K)
[13.031s][info][gc,heap        ] GC(171) ParOldGen: 1886864K(1932288K)->1914952K(1932288K)
[13.031s][info][gc,metaspace   ] GC(171) Metaspace: 6298K(6464K)->6298K(6464K) NonClass: 5764K(5824K)->5764K(5824K) Class: 533K(640K)->533K(640K)
[13.032s][info][gc             ] GC(171) Pause Young (Allocation Failure) 1896M->1897M(1969M) 43.744ms
[13.032s][info][gc,cpu         ] GC(171) User=0.23s Sys=0.03s Real=0.04s
[13.032s][info][gc,start       ] GC(172) Pause Full (Ergonomics)
[13.032s][info][gc,phases,start] GC(172) Marking Phase
[13.481s][info][gc,phases      ] GC(172) Marking Phase 449.130ms
[13.481s][info][gc,phases,start] GC(172) Summary Phase
[13.481s][info][gc,phases      ] GC(172) Summary Phase 0.047ms
[13.481s][info][gc,phases,start] GC(172) Adjust Roots
[13.481s][info][gc,phases      ] GC(172) Adjust Roots 0.268ms
[13.481s][info][gc,phases,start] GC(172) Compaction Phase
[13.682s][info][gc,phases      ] GC(172) Compaction Phase 200.309ms
[13.682s][info][gc,phases,start] GC(172) Post Compact
[13.686s][info][gc,phases      ] GC(172) Post Compact 4.083ms
[13.687s][info][gc,heap        ] GC(172) PSYoungGen: 27776K(83968K)->8199K(84992K) Eden: 0K(31232K)->0K(32256K) From: 27776K(52736K)->8199K(52736K)
[13.687s][info][gc,heap        ] GC(172) ParOldGen: 1914952K(1932288K)->1931904K(2118144K)
[13.687s][info][gc,metaspace   ] GC(172) Metaspace: 6298K(6464K)->6298K(6464K) NonClass: 5764K(5824K)->5764K(5824K) Class: 533K(640K)->533K(640K)
[13.687s][info][gc             ] GC(172) Pause Full (Ergonomics) 1897M->1894M(2151M) 655.710ms
[13.687s][info][gc,cpu         ] GC(172) User=4.47s Sys=0.05s Real=0.66s
[13.725s][info][gc,start       ] GC(173) Pause Young (Allocation Failure)
[13.831s][info][gc,heap        ] GC(173) PSYoungGen: 40455K(84992K)->32416K(86016K) Eden: 32256K(32256K)->0K(32256K) From: 8199K(52736K)->32416K(53760K)
[13.831s][info][gc,heap        ] GC(173) ParOldGen: 1931904K(2118144K)->1940256K(2118144K)
[13.831s][info][gc,metaspace   ] GC(173) Metaspace: 6298K(6464K)->6298K(6464K) NonClass: 5764K(5824K)->5764K(5824K) Class: 533K(640K)->533K(640K)
[13.831s][info][gc             ] GC(173) Pause Young (Allocation Failure) 1926M->1926M(2152M) 106.588ms
[13.831s][info][gc,cpu         ] GC(173) User=0.66s Sys=0.00s Real=0.11s
[13.871s][info][gc,start       ] GC(174) Pause Young (Allocation Failure)
[13.914s][info][gc,heap        ] GC(174) PSYoungGen: 64672K(86016K)->53760K(77312K) Eden: 32256K(32256K)->0K(23552K) From: 32416K(53760K)->53760K(53760K)
[13.914s][info][gc,heap        ] GC(174) ParOldGen: 1940256K(2118144K)->1951248K(2118144K)
[13.914s][info][gc,metaspace   ] GC(174) Metaspace: 6298K(6464K)->6298K(6464K) NonClass: 5764K(5824K)->5764K(5824K) Class: 533K(640K)->533K(640K)
[13.914s][info][gc             ] GC(174) Pause Young (Allocation Failure) 1957M->1958M(2144M) 43.180ms
[13.914s][info][gc,cpu         ] GC(174) User=0.17s Sys=0.02s Real=0.04s
[13.943s][info][gc,start       ] GC(175) Pause Young (Allocation Failure)
[14.003s][info][gc,heap        ] GC(175) PSYoungGen: 77312K(77312K)->23680K(89088K) Eden: 23552K(23552K)->0K(23552K) From: 53760K(53760K)->23680K(65536K)
[14.003s][info][gc,heap        ] GC(175) ParOldGen: 1951248K(2118144K)->2005768K(2118144K)
[14.003s][info][gc,metaspace   ] GC(175) Metaspace: 6298K(6464K)->6298K(6464K) NonClass: 5764K(5824K)->5764K(5824K) Class: 533K(640K)->533K(640K)
[14.003s][info][gc             ] GC(175) Pause Young (Allocation Failure) 1981M->1981M(2155M) 59.992ms
[14.003s][info][gc,cpu         ] GC(175) User=0.30s Sys=0.06s Real=0.06s
[14.030s][info][gc,start       ] GC(176) Pause Young (Allocation Failure)
[14.067s][info][gc,heap        ] GC(176) PSYoungGen: 47232K(89088K)->23680K(84480K) Eden: 23552K(23552K)->0K(26624K) From: 23680K(65536K)->23680K(57856K)
[14.067s][info][gc,heap        ] GC(176) ParOldGen: 2005768K(2118144K)->2029696K(2118144K)
[14.067s][info][gc,metaspace   ] GC(176) Metaspace: 6298K(6464K)->6298K(6464K) NonClass: 5764K(5824K)->5764K(5824K) Class: 533K(640K)->533K(640K)
[14.067s][info][gc             ] GC(176) Pause Young (Allocation Failure) 2004M->2005M(2151M) 37.099ms
[14.067s][info][gc,cpu         ] GC(176) User=0.14s Sys=0.11s Real=0.04s
[14.095s][info][gc,start       ] GC(177) Pause Young (Allocation Failure)
[14.132s][info][gc,heap        ] GC(177) PSYoungGen: 50304K(84480K)->26752K(87040K) Eden: 26624K(26624K)->0K(26624K) From: 23680K(57856K)->26752K(60416K)
[14.132s][info][gc,heap        ] GC(177) ParOldGen: 2029696K(2118144K)->2053616K(2118144K)
[14.132s][info][gc,metaspace   ] GC(177) Metaspace: 6298K(6464K)->6298K(6464K) NonClass: 5764K(5824K)->5764K(5824K) Class: 533K(640K)->533K(640K)
[14.132s][info][gc             ] GC(177) Pause Young (Allocation Failure) 2031M->2031M(2153M) 37.475ms
[14.132s][info][gc,cpu         ] GC(177) User=0.20s Sys=0.05s Real=0.04s
[14.161s][info][gc,start       ] GC(178) Pause Young (Allocation Failure)
[14.201s][info][gc,heap        ] GC(178) PSYoungGen: 53376K(87040K)->26784K(82944K) Eden: 26624K(26624K)->0K(30208K) From: 26752K(60416K)->26784K(52736K)
[14.201s][info][gc,heap        ] GC(178) ParOldGen: 2053616K(2118144K)->2080648K(2118144K)
[14.201s][info][gc,metaspace   ] GC(178) Metaspace: 6298K(6464K)->6298K(6464K) NonClass: 5764K(5824K)->5764K(5824K) Class: 533K(640K)->533K(640K)
[14.201s][info][gc             ] GC(178) Pause Young (Allocation Failure) 2057M->2058M(2149M) 40.377ms
[14.201s][info][gc,cpu         ] GC(178) User=0.20s Sys=0.03s Real=0.04s
[14.201s][info][gc,start       ] GC(179) Pause Full (Ergonomics)
[14.202s][info][gc,phases,start] GC(179) Marking Phase
[14.669s][info][gc,phases      ] GC(179) Marking Phase 467.288ms
[14.669s][info][gc,phases,start] GC(179) Summary Phase
[14.669s][info][gc,phases      ] GC(179) Summary Phase 0.061ms
[14.669s][info][gc,phases,start] GC(179) Adjust Roots
[14.669s][info][gc,phases      ] GC(179) Adjust Roots 0.194ms
[14.669s][info][gc,phases,start] GC(179) Compaction Phase
[14.864s][info][gc,phases      ] GC(179) Compaction Phase 195.130ms
[14.864s][info][gc,phases,start] GC(179) Post Compact
[14.868s][info][gc,phases      ] GC(179) Post Compact 3.886ms
[14.869s][info][gc,heap        ] GC(179) PSYoungGen: 26784K(82944K)->0K(84992K) Eden: 0K(30208K)->0K(30208K) From: 26784K(52736K)->0K(54784K)
[14.869s][info][gc,heap        ] GC(179) ParOldGen: 2080648K(2118144K)->2104778K(2314752K)
[14.869s][info][gc,metaspace   ] GC(179) Metaspace: 6298K(6464K)->6298K(6464K) NonClass: 5764K(5824K)->5764K(5824K) Class: 533K(640K)->533K(640K)
[14.869s][info][gc             ] GC(179) Pause Full (Ergonomics) 2058M->2055M(2343M) 667.669ms
[14.869s][info][gc,cpu         ] GC(179) User=4.72s Sys=0.08s Real=0.67s
[14.905s][info][gc,start       ] GC(180) Pause Young (Allocation Failure)
[14.932s][info][gc,heap        ] GC(180) PSYoungGen: 30208K(84992K)->30368K(83456K) Eden: 30208K(30208K)->0K(33280K) From: 0K(54784K)->30368K(50176K)
[14.932s][info][gc,heap        ] GC(180) ParOldGen: 2104778K(2314752K)->2104778K(2314752K)
[14.932s][info][gc,metaspace   ] GC(180) Metaspace: 6298K(6464K)->6298K(6464K) NonClass: 5764K(5824K)->5764K(5824K) Class: 533K(640K)->533K(640K)
[14.932s][info][gc             ] GC(180) Pause Young (Allocation Failure) 2084M->2085M(2342M) 26.544ms
[14.932s][info][gc,cpu         ] GC(180) User=0.03s Sys=0.00s Real=0.03s
[14.967s][info][gc,start       ] GC(181) Pause Young (Allocation Failure)
[15.006s][info][gc,heap        ] GC(181) PSYoungGen: 63648K(83456K)->52736K(86016K) Eden: 33280K(33280K)->0K(33280K) From: 30368K(50176K)->52736K(52736K)
[15.006s][info][gc,heap        ] GC(181) ParOldGen: 2104778K(2314752K)->2115770K(2314752K)
[15.006s][info][gc,metaspace   ] GC(181) Metaspace: 6298K(6464K)->6298K(6464K) NonClass: 5764K(5824K)->5764K(5824K) Class: 533K(640K)->533K(640K)
[15.006s][info][gc             ] GC(181) Pause Young (Allocation Failure) 2117M->2117M(2344M) 38.941ms
[15.006s][info][gc,cpu         ] GC(181) User=0.20s Sys=0.03s Real=0.04s
[15.043s][info][gc,start       ] GC(182) Pause Young (Allocation Failure)
[15.108s][info][gc,heap        ] GC(182) PSYoungGen: 86016K(86016K)->33440K(95744K) Eden: 33280K(33280K)->0K(36864K) From: 52736K(52736K)->33440K(58880K)
[15.108s][info][gc,heap        ] GC(182) ParOldGen: 2115770K(2314752K)->2169234K(2314752K)
[15.108s][info][gc,metaspace   ] GC(182) Metaspace: 6298K(6464K)->6298K(6464K) NonClass: 5764K(5824K)->5764K(5824K) Class: 533K(640K)->533K(640K)
[15.108s][info][gc             ] GC(182) Pause Young (Allocation Failure) 2150M->2151M(2354M) 65.810ms
[15.108s][info][gc,cpu         ] GC(182) User=0.28s Sys=0.09s Real=0.07s
[15.157s][info][gc,start       ] GC(183) Pause Young (Allocation Failure)
[15.209s][info][gc,heap        ] GC(183) PSYoungGen: 70304K(95744K)->37024K(97792K) Eden: 36864K(36864K)->0K(36864K) From: 33440K(58880K)->37024K(60928K)
[15.209s][info][gc,heap        ] GC(183) ParOldGen: 2169234K(2314752K)->2203034K(2314752K)
[15.209s][info][gc,metaspace   ] GC(183) Metaspace: 6298K(6464K)->6298K(6464K) NonClass: 5764K(5824K)->5764K(5824K) Class: 533K(640K)->533K(640K)
[15.209s][info][gc             ] GC(183) Pause Young (Allocation Failure) 2187M->2187M(2356M) 52.169ms
[15.210s][info][gc,cpu         ] GC(183) User=0.12s Sys=0.23s Real=0.05s
[15.253s][info][gc,start       ] GC(184) Pause Young (Allocation Failure)
[15.308s][info][gc,heap        ] GC(184) PSYoungGen: 73888K(97792K)->37088K(99840K) Eden: 36864K(36864K)->0K(40960K) From: 37024K(60928K)->37088K(58880K)
[15.308s][info][gc,heap        ] GC(184) ParOldGen: 2203034K(2314752K)->2240474K(2314752K)
[15.308s][info][gc,metaspace   ] GC(184) Metaspace: 6298K(6464K)->6298K(6464K) NonClass: 5764K(5824K)->5764K(5824K) Class: 533K(640K)->533K(640K)
[15.308s][info][gc             ] GC(184) Pause Young (Allocation Failure) 2223M->2224M(2358M) 54.702ms
[15.308s][info][gc,cpu         ] GC(184) User=0.47s Sys=0.02s Real=0.05s
[15.358s][info][gc,start       ] GC(185) Pause Young (Allocation Failure)
[15.411s][info][gc,heap        ] GC(185) PSYoungGen: 78048K(99840K)->41152K(100352K) Eden: 40960K(40960K)->0K(40960K) From: 37088K(58880K)->41152K(59392K)
[15.412s][info][gc,heap        ] GC(185) ParOldGen: 2240474K(2314752K)->2277746K(2314752K)
[15.412s][info][gc,metaspace   ] GC(185) Metaspace: 6298K(6464K)->6298K(6464K) NonClass: 5764K(5824K)->5764K(5824K) Class: 533K(640K)->533K(640K)
[15.412s][info][gc             ] GC(185) Pause Young (Allocation Failure) 2264M->2264M(2358M) 53.397ms
[15.412s][info][gc,cpu         ] GC(185) User=0.27s Sys=0.09s Real=0.05s
[15.412s][info][gc,start       ] GC(186) Pause Full (Ergonomics)
[15.412s][info][gc,phases,start] GC(186) Marking Phase
[15.941s][info][gc,phases      ] GC(186) Marking Phase 529.717ms
[15.941s][info][gc,phases,start] GC(186) Summary Phase
[15.942s][info][gc,phases      ] GC(186) Summary Phase 0.067ms
[15.942s][info][gc,phases,start] GC(186) Adjust Roots
[15.942s][info][gc,phases      ] GC(186) Adjust Roots 0.261ms
[15.942s][info][gc,phases,start] GC(186) Compaction Phase
[16.155s][info][gc,phases      ] GC(186) Compaction Phase 213.288ms
[16.155s][info][gc,phases,start] GC(186) Post Compact
[16.159s][info][gc,phases      ] GC(186) Post Compact 4.050ms
[16.161s][info][gc,heap        ] GC(186) PSYoungGen: 41152K(100352K)->1580K(100352K) Eden: 0K(40960K)->0K(40960K) From: 41152K(59392K)->1580K(59392K)
[16.161s][info][gc,heap        ] GC(186) ParOldGen: 2277746K(2314752K)->2314459K(2554880K)
[16.161s][info][gc,metaspace   ] GC(186) Metaspace: 6298K(6464K)->6298K(6464K) NonClass: 5764K(5824K)->5764K(5824K) Class: 533K(640K)->533K(640K)
[16.161s][info][gc             ] GC(186) Pause Full (Ergonomics) 2264M->2261M(2593M) 749.795ms
[16.161s][info][gc,cpu         ] GC(186) User=5.34s Sys=0.09s Real=0.75s
[16.212s][info][gc,start       ] GC(187) Pause Young (Allocation Failure)
[16.338s][info][gc,heap        ] GC(187) PSYoungGen: 42540K(100352K)->41120K(103936K) Eden: 40960K(40960K)->0K(44544K) From: 1580K(59392K)->41120K(59392K)
[16.338s][info][gc,heap        ] GC(187) ParOldGen: 2314459K(2554880K)->2316091K(2554880K)
[16.338s][info][gc,metaspace   ] GC(187) Metaspace: 6298K(6464K)->6298K(6464K) NonClass: 5764K(5824K)->5764K(5824K) Class: 533K(640K)->533K(640K)
[16.338s][info][gc             ] GC(187) Pause Young (Allocation Failure) 2301M->2301M(2596M) 126.320ms
[16.338s][info][gc,cpu         ] GC(187) User=0.69s Sys=0.02s Real=0.13s
[16.393s][info][gc,start       ] GC(188) Pause Young (Allocation Failure)
[16.452s][info][gc,heap        ] GC(188) PSYoungGen: 85664K(103936K)->59904K(104448K) Eden: 44544K(44544K)->0K(44544K) From: 41120K(59392K)->59904K(59904K)
[16.452s][info][gc,heap        ] GC(188) ParOldGen: 2316091K(2554880K)->2342003K(2554880K)
[16.452s][info][gc,metaspace   ] GC(188) Metaspace: 6298K(6464K)->6298K(6464K) NonClass: 5764K(5824K)->5764K(5824K) Class: 533K(640K)->533K(640K)
[16.452s][info][gc             ] GC(188) Pause Young (Allocation Failure) 2345M->2345M(2597M) 59.114ms
[16.452s][info][gc,cpu         ] GC(188) User=0.28s Sys=0.08s Real=0.06s
[16.507s][info][gc,start       ] GC(189) Pause Young (Allocation Failure)
[16.584s][info][gc,heap        ] GC(189) PSYoungGen: 104448K(104448K)->44736K(122368K) Eden: 44544K(44544K)->0K(49152K) From: 59904K(59904K)->44736K(73216K)
[16.584s][info][gc,heap        ] GC(189) ParOldGen: 2342003K(2554880K)->2402355K(2554880K)
[16.584s][info][gc,metaspace   ] GC(189) Metaspace: 6298K(6464K)->6298K(6464K) NonClass: 5764K(5824K)->5764K(5824K) Class: 533K(640K)->533K(640K)
[16.584s][info][gc             ] GC(189) Pause Young (Allocation Failure) 2389M->2389M(2614M) 77.330ms
[16.584s][info][gc,cpu         ] GC(189) User=0.31s Sys=0.14s Real=0.08s
[16.644s][info][gc,start       ] GC(190) Pause Young (Allocation Failure)
[16.707s][info][gc,heap        ] GC(190) PSYoungGen: 93888K(122368K)->74752K(123904K) Eden: 49152K(49152K)->0K(49152K) From: 44736K(73216K)->74752K(74752K)
[16.707s][info][gc,heap        ] GC(190) ParOldGen: 2402355K(2554880K)->2421579K(2554880K)
[16.707s][info][gc,metaspace   ] GC(190) Metaspace: 6298K(6464K)->6298K(6464K) NonClass: 5764K(5824K)->5764K(5824K) Class: 533K(640K)->533K(640K)
[16.707s][info][gc             ] GC(190) Pause Young (Allocation Failure) 2437M->2437M(2616M) 62.722ms
[16.707s][info][gc,cpu         ] GC(190) User=0.33s Sys=0.05s Real=0.06s
[16.764s][info][gc,start       ] GC(191) Pause Young (Allocation Failure)
[16.868s][info][gc,heap        ] GC(191) PSYoungGen: 123904K(123904K)->49280K(140288K) Eden: 49152K(49152K)->0K(54784K) From: 74752K(74752K)->49280K(85504K)
[16.868s][info][gc,heap        ] GC(191) ParOldGen: 2421579K(2554880K)->2496891K(2554880K)
[16.868s][info][gc,metaspace   ] GC(191) Metaspace: 6298K(6464K)->6298K(6464K) NonClass: 5764K(5824K)->5764K(5824K) Class: 533K(640K)->533K(640K)
[16.868s][info][gc             ] GC(191) Pause Young (Allocation Failure) 2485M->2486M(2632M) 103.394ms
[16.868s][info][gc,cpu         ] GC(191) User=0.45s Sys=0.30s Real=0.10s
[16.868s][info][gc,start       ] GC(192) Pause Full (Ergonomics)
[16.868s][info][gc,phases,start] GC(192) Marking Phase
[17.446s][info][gc,phases      ] GC(192) Marking Phase 578.612ms
[17.447s][info][gc,phases,start] GC(192) Summary Phase
[17.447s][info][gc,phases      ] GC(192) Summary Phase 0.061ms
[17.447s][info][gc,phases,start] GC(192) Adjust Roots
[17.447s][info][gc,phases      ] GC(192) Adjust Roots 0.157ms
[17.447s][info][gc,phases,start] GC(192) Compaction Phase
[17.682s][info][gc,phases      ] GC(192) Compaction Phase 234.996ms
[17.682s][info][gc,phases,start] GC(192) Post Compact
[17.687s][info][gc,phases      ] GC(192) Post Compact 5.199ms
[17.690s][info][gc,heap        ] GC(192) PSYoungGen: 49280K(140288K)->0K(142848K) Eden: 0K(54784K)->0K(54784K) From: 49280K(85504K)->0K(88064K)
[17.690s][info][gc,heap        ] GC(192) ParOldGen: 2496891K(2554880K)->2544240K(2825728K)
[17.690s][info][gc,metaspace   ] GC(192) Metaspace: 6298K(6464K)->6298K(6464K) NonClass: 5764K(5824K)->5764K(5824K) Class: 533K(640K)->533K(640K)
[17.690s][info][gc             ] GC(192) Pause Full (Ergonomics) 2486M->2484M(2899M) 821.813ms
[17.690s][info][gc,cpu         ] GC(192) User=5.94s Sys=0.12s Real=0.82s
[17.757s][info][gc,start       ] GC(193) Pause Young (Allocation Failure)
[17.798s][info][gc,heap        ] GC(193) PSYoungGen: 54784K(142848K)->55040K(144896K) Eden: 54784K(54784K)->0K(59904K) From: 0K(88064K)->55040K(84992K)
[17.798s][info][gc,heap        ] GC(193) ParOldGen: 2544240K(2825728K)->2544240K(2825728K)
[17.798s][info][gc,metaspace   ] GC(193) Metaspace: 6298K(6464K)->6298K(6464K) NonClass: 5764K(5824K)->5764K(5824K) Class: 533K(640K)->533K(640K)
[17.798s][info][gc             ] GC(193) Pause Young (Allocation Failure) 2538M->2538M(2901M) 40.383ms
[17.798s][info][gc,cpu         ] GC(193) User=0.12s Sys=0.00s Real=0.04s
[17.874s][info][gc,start       ] GC(194) Pause Young (Allocation Failure)
[17.947s][info][gc,heap        ] GC(194) PSYoungGen: 114944K(144896K)->87040K(146944K) Eden: 59904K(59904K)->0K(59904K) From: 55040K(84992K)->87040K(87040K)
[17.947s][info][gc,heap        ] GC(194) ParOldGen: 2544240K(2825728K)->2572272K(2825728K)
[17.947s][info][gc,metaspace   ] GC(194) Metaspace: 6298K(6464K)->6298K(6464K) NonClass: 5764K(5824K)->5764K(5824K) Class: 533K(640K)->533K(640K)
[17.947s][info][gc             ] GC(194) Pause Young (Allocation Failure) 2596M->2596M(2903M) 72.764ms
[17.947s][info][gc,cpu         ] GC(194) User=0.31s Sys=0.17s Real=0.07s
[18.022s][info][gc,start       ] GC(195) Pause Young (Allocation Failure)
[18.133s][info][gc,heap        ] GC(195) PSYoungGen: 146944K(146944K)->60096K(168960K) Eden: 59904K(59904K)->0K(66048K) From: 87040K(87040K)->60096K(102912K)
[18.133s][info][gc,heap        ] GC(195) ParOldGen: 2572272K(2825728K)->2659960K(2825728K)
[18.133s][info][gc,metaspace   ] GC(195) Metaspace: 6298K(6464K)->6298K(6464K) NonClass: 5764K(5824K)->5764K(5824K) Class: 533K(640K)->533K(640K)
[18.133s][info][gc             ] GC(195) Pause Young (Allocation Failure) 2655M->2656M(2924M) 111.203ms
[18.133s][info][gc,cpu         ] GC(195) User=0.38s Sys=0.34s Real=0.11s
[18.212s][info][gc,start       ] GC(196) Pause Young (Allocation Failure)
[18.291s][info][gc,heap        ] GC(196) PSYoungGen: 126144K(168960K)->105472K(171520K) Eden: 66048K(66048K)->0K(66048K) From: 60096K(102912K)->105472K(105472K)
[18.291s][info][gc,heap        ] GC(196) ParOldGen: 2659960K(2825728K)->2680824K(2825728K)
[18.291s][info][gc,metaspace   ] GC(196) Metaspace: 6298K(6464K)->6298K(6464K) NonClass: 5764K(5824K)->5764K(5824K) Class: 533K(640K)->533K(640K)
[18.291s][info][gc             ] GC(196) Pause Young (Allocation Failure) 2720M->2720M(2927M) 78.367ms
[18.291s][info][gc,cpu         ] GC(196) User=0.39s Sys=0.08s Real=0.08s
[18.982s][info][gc,start       ] GC(197) Pause Full (Ergonomics)
[18.982s][info][gc,phases,start] GC(197) Marking Phase
[19.643s][info][gc,phases      ] GC(197) Marking Phase 660.529ms
[19.643s][info][gc,phases,start] GC(197) Summary Phase
[19.643s][info][gc,phases      ] GC(197) Summary Phase 0.041ms
[19.643s][info][gc,phases,start] GC(197) Adjust Roots
[19.643s][info][gc,phases      ] GC(197) Adjust Roots 0.168ms
[19.643s][info][gc,phases,start] GC(197) Compaction Phase
[20.130s][info][gc,phases      ] GC(197) Compaction Phase 486.606ms
[20.130s][info][gc,phases,start] GC(197) Post Compact
[20.137s][info][gc,phases      ] GC(197) Post Compact 6.790ms
[20.140s][info][gc,heap        ] GC(197) PSYoungGen: 171520K(171520K)->90946K(171520K) Eden: 66048K(66048K)->0K(66048K) From: 105472K(105472K)->90946K(105472K)
[20.140s][info][gc,heap        ] GC(197) ParOldGen: 2811896K(2825728K)->2825357K(3135488K)
[20.140s][info][gc,metaspace   ] GC(197) Metaspace: 6298K(6464K)->6298K(6464K) NonClass: 5764K(5824K)->5764K(5824K) Class: 533K(640K)->533K(640K)
[20.140s][info][gc             ] GC(197) Pause Full (Ergonomics) 2913M->2847M(3229M) 1157.720ms
[20.140s][info][gc,cpu         ] GC(197) User=7.62s Sys=0.05s Real=1.16s
[20.218s][info][gc,start       ] GC(198) Pause Young (Allocation Failure)
[20.441s][info][gc,heap        ] GC(198) PSYoungGen: 156994K(171520K)->66304K(188416K) Eden: 66048K(66048K)->0K(71680K) From: 90946K(105472K)->66304K(116736K)
[20.441s][info][gc,heap        ] GC(198) ParOldGen: 2825357K(3135488K)->2917165K(3135488K)
[20.441s][info][gc,metaspace   ] GC(198) Metaspace: 6298K(6464K)->6298K(6464K) NonClass: 5764K(5824K)->5764K(5824K) Class: 533K(640K)->533K(640K)
[20.441s][info][gc             ] GC(198) Pause Young (Allocation Failure) 2912M->2913M(3246M) 223.160ms
[20.441s][info][gc,cpu         ] GC(198) User=1.17s Sys=0.38s Real=0.22s
[20.516s][info][gc,start       ] GC(199) Pause Young (Allocation Failure)
[20.601s][info][gc,heap        ] GC(199) PSYoungGen: 137984K(188416K)->122368K(194048K) Eden: 71680K(71680K)->0K(71680K) From: 66304K(116736K)->122368K(122368K)
[20.601s][info][gc,heap        ] GC(199) ParOldGen: 2917165K(3135488K)->2932877K(3135488K)
[20.601s][info][gc,metaspace   ] GC(199) Metaspace: 6298K(6464K)->6298K(6464K) NonClass: 5764K(5824K)->5764K(5824K) Class: 533K(640K)->533K(640K)
[20.601s][info][gc             ] GC(199) Pause Young (Allocation Failure) 2983M->2983M(3251M) 84.741ms
[20.601s][info][gc,cpu         ] GC(199) User=0.41s Sys=0.05s Real=0.08s
[20.673s][info][gc,start       ] GC(200) Pause Young (Allocation Failure)
[20.828s][info][gc,heap        ] GC(200) PSYoungGen: 194048K(194048K)->71904K(210432K) Eden: 71680K(71680K)->0K(78848K) From: 122368K(122368K)->71904K(131584K)
[20.828s][info][gc,heap        ] GC(200) ParOldGen: 2932877K(3135488K)->3056109K(3135488K)
[20.828s][info][gc,metaspace   ] GC(200) Metaspace: 6298K(6464K)->6298K(6464K) NonClass: 5764K(5824K)->5764K(5824K) Class: 533K(640K)->533K(640K)
[20.828s][info][gc             ] GC(200) Pause Young (Allocation Failure) 3053M->3054M(3267M) 155.385ms
[20.828s][info][gc,cpu         ] GC(200) User=0.67s Sys=0.56s Real=0.15s
[20.828s][info][gc,start       ] GC(201) Pause Full (Ergonomics)
[20.828s][info][gc,phases,start] GC(201) Marking Phase
[21.542s][info][gc,phases      ] GC(201) Marking Phase 714.334ms
[21.542s][info][gc,phases,start] GC(201) Summary Phase
[21.542s][info][gc,phases      ] GC(201) Summary Phase 0.081ms
[21.542s][info][gc,phases,start] GC(201) Adjust Roots
[21.543s][info][gc,phases      ] GC(201) Adjust Roots 0.189ms
[21.543s][info][gc,phases,start] GC(201) Compaction Phase
[21.895s][info][gc,phases      ] GC(201) Compaction Phase 352.425ms
[21.895s][info][gc,phases,start] GC(201) Post Compact
[21.901s][info][gc,phases      ] GC(201) Post Compact 5.981ms
[21.903s][info][gc,heap        ] GC(201) PSYoungGen: 71904K(210432K)->0K(216576K) Eden: 0K(78848K)->0K(78848K) From: 71904K(131584K)->0K(137728K)
[21.903s][info][gc,heap        ] GC(201) ParOldGen: 3056109K(3135488K)->3125618K(3345408K)
[21.903s][info][gc,metaspace   ] GC(201) Metaspace: 6298K(6464K)->6298K(6464K) NonClass: 5764K(5824K)->5764K(5824K) Class: 533K(640K)->533K(640K)
[21.903s][info][gc             ] GC(201) Pause Full (Ergonomics) 3054M->3052M(3478M) 1074.995ms
[21.903s][info][gc,cpu         ] GC(201) User=7.27s Sys=0.16s Real=1.08s
[21.992s][info][gc,start       ] GC(202) Pause Young (Allocation Failure)
[22.050s][info][gc,heap        ] GC(202) PSYoungGen: 78848K(216576K)->79040K(215552K) Eden: 78848K(78848K)->0K(85504K) From: 0K(137728K)->79040K(130048K)
[22.050s][info][gc,heap        ] GC(202) ParOldGen: 3125618K(3345408K)->3125618K(3345408K)
[22.050s][info][gc,metaspace   ] GC(202) Metaspace: 6298K(6464K)->6298K(6464K) NonClass: 5764K(5824K)->5764K(5824K) Class: 533K(640K)->533K(640K)
[22.050s][info][gc             ] GC(202) Pause Young (Allocation Failure) 3129M->3129M(3477M) 58.691ms
[22.050s][info][gc,cpu         ] GC(202) User=0.16s Sys=0.02s Real=0.06s
[22.141s][info][gc,start       ] GC(203) Pause Young (Allocation Failure)
[22.234s][info][gc,heap        ] GC(203) PSYoungGen: 164544K(215552K)->134656K(220160K) Eden: 85504K(85504K)->0K(85504K) From: 79040K(130048K)->134656K(134656K)
[22.234s][info][gc,heap        ] GC(203) ParOldGen: 3125618K(3345408K)->3155842K(3345408K)
[22.234s][info][gc,metaspace   ] GC(203) Metaspace: 6298K(6464K)->6298K(6464K) NonClass: 5764K(5824K)->5764K(5824K) Class: 533K(640K)->533K(640K)
[22.234s][info][gc             ] GC(203) Pause Young (Allocation Failure) 3213M->3213M(3482M) 93.068ms
[22.234s][info][gc,cpu         ] GC(203) User=0.52s Sys=0.08s Real=0.09s
[22.328s][info][gc,start       ] GC(204) Pause Young (Allocation Failure)
[22.527s][info][gc,heap        ] GC(204) PSYoungGen: 220160K(220160K)->85760K(245760K) Eden: 85504K(85504K)->0K(94208K) From: 134656K(134656K)->85760K(151552K)
[22.527s][info][gc,heap        ] GC(204) ParOldGen: 3155842K(3345408K)->3291458K(3345408K)
[22.527s][info][gc,metaspace   ] GC(204) Metaspace: 6298K(6464K)->6298K(6464K) NonClass: 5764K(5824K)->5764K(5824K) Class: 533K(640K)->533K(640K)
[22.527s][info][gc             ] GC(204) Pause Young (Allocation Failure) 3296M->3298M(3507M) 199.434ms
[22.528s][info][gc,cpu         ] GC(204) User=0.59s Sys=0.95s Real=0.20s
[22.528s][info][gc,start       ] GC(205) Pause Full (Ergonomics)
[22.528s][info][gc,phases,start] GC(205) Marking Phase
[23.301s][info][gc,phases      ] GC(205) Marking Phase 773.049ms
[23.301s][info][gc,phases,start] GC(205) Summary Phase
[23.301s][info][gc,phases      ] GC(205) Summary Phase 0.054ms
[23.301s][info][gc,phases,start] GC(205) Adjust Roots
[23.301s][info][gc,phases      ] GC(205) Adjust Roots 0.217ms
[23.301s][info][gc,phases,start] GC(205) Compaction Phase
[23.639s][info][gc,phases      ] GC(205) Compaction Phase 337.878ms
[23.639s][info][gc,phases,start] GC(205) Post Compact
[23.646s][info][gc,phases      ] GC(205) Post Compact 6.755ms
[23.646s][info][gc,heap        ] GC(205) PSYoungGen: 85760K(245760K)->30282K(250880K) Eden: 0K(94208K)->0K(99328K) From: 85760K(151552K)->30282K(151552K)
[23.646s][info][gc,heap        ] GC(205) ParOldGen: 3291458K(3345408K)->3345095K(3345408K)
[23.646s][info][gc,metaspace   ] GC(205) Metaspace: 6298K(6464K)->6298K(6464K) NonClass: 5764K(5824K)->5764K(5824K) Class: 533K(640K)->533K(640K)
[23.646s][info][gc             ] GC(205) Pause Full (Ergonomics) 3298M->3296M(3512M) 1118.358ms
[23.646s][info][gc,cpu         ] GC(205) User=7.62s Sys=0.11s Real=1.12s
[23.757s][info][gc,start       ] GC(206) Pause Full (Ergonomics)
[23.757s][info][gc,phases,start] GC(206) Marking Phase
[24.562s][info][gc,phases      ] GC(206) Marking Phase 804.626ms
[24.562s][info][gc,phases,start] GC(206) Summary Phase
[24.562s][info][gc,phases      ] GC(206) Summary Phase 0.062ms
[24.562s][info][gc,phases,start] GC(206) Adjust Roots
[24.562s][info][gc,phases      ] GC(206) Adjust Roots 0.264ms
[24.562s][info][gc,phases,start] GC(206) Compaction Phase
[24.824s][info][gc,phases      ] GC(206) Compaction Phase 261.110ms
[24.824s][info][gc,phases,start] GC(206) Post Compact
[24.831s][info][gc,phases      ] GC(206) Post Compact 6.966ms
[24.831s][info][gc,heap        ] GC(206) PSYoungGen: 129610K(250880K)->129579K(250880K) Eden: 99328K(99328K)->99297K(99328K) From: 30282K(151552K)->30282K(151552K)
[24.831s][info][gc,heap        ] GC(206) ParOldGen: 3345095K(3345408K)->3345095K(3345408K)
[24.831s][info][gc,metaspace   ] GC(206) Metaspace: 6298K(6464K)->6298K(6464K) NonClass: 5764K(5824K)->5764K(5824K) Class: 533K(640K)->533K(640K)
[24.831s][info][gc             ] GC(206) Pause Full (Ergonomics) 3393M->3393M(3512M) 1073.506ms
[24.831s][info][gc,cpu         ] GC(206) User=7.66s Sys=0.02s Real=1.07s
[24.831s][info][gc,start       ] GC(207) Pause Full (Ergonomics)
[24.831s][info][gc,phases,start] GC(207) Marking Phase
[25.629s][info][gc,phases      ] GC(207) Marking Phase 798.030ms
[25.629s][info][gc,phases,start] GC(207) Summary Phase
[25.629s][info][gc,phases      ] GC(207) Summary Phase 0.044ms
[25.629s][info][gc,phases,start] GC(207) Adjust Roots
[25.629s][info][gc,phases      ] GC(207) Adjust Roots 0.174ms
[25.629s][info][gc,phases,start] GC(207) Compaction Phase
[25.886s][info][gc,phases      ] GC(207) Compaction Phase 256.857ms
[25.886s][info][gc,phases,start] GC(207) Post Compact
[25.894s][info][gc,phases      ] GC(207) Post Compact 7.248ms
[25.894s][info][gc,heap        ] GC(207) PSYoungGen: 129610K(250880K)->129609K(250880K) Eden: 99328K(99328K)->99327K(99328K) From: 30282K(151552K)->30282K(151552K)
[25.894s][info][gc,heap        ] GC(207) ParOldGen: 3345095K(3345408K)->3345095K(3345408K)
[25.894s][info][gc,metaspace   ] GC(207) Metaspace: 6298K(6464K)->6298K(6464K) NonClass: 5764K(5824K)->5764K(5824K) Class: 533K(640K)->533K(640K)
[25.894s][info][gc             ] GC(207) Pause Full (Ergonomics) 3393M->3393M(3512M) 1062.694ms
[25.894s][info][gc,cpu         ] GC(207) User=7.52s Sys=0.05s Real=1.06s
[25.894s][info][gc,start       ] GC(208) Pause Full (Ergonomics)
[25.894s][info][gc,phases,start] GC(208) Marking Phase
[26.690s][info][gc,phases      ] GC(208) Marking Phase 795.611ms
[26.690s][info][gc,phases,start] GC(208) Summary Phase
[26.690s][info][gc,phases      ] GC(208) Summary Phase 0.056ms
[26.690s][info][gc,phases,start] GC(208) Adjust Roots
[26.690s][info][gc,phases      ] GC(208) Adjust Roots 0.238ms
[26.690s][info][gc,phases,start] GC(208) Compaction Phase
[26.950s][info][gc,phases      ] GC(208) Compaction Phase 259.753ms
[26.950s][info][gc,phases,start] GC(208) Post Compact
[26.958s][info][gc,phases      ] GC(208) Post Compact 7.812ms
[26.958s][info][gc,heap        ] GC(208) PSYoungGen: 129609K(250880K)->129609K(250880K) Eden: 99327K(99328K)->99327K(99328K) From: 30282K(151552K)->30282K(151552K)
[26.958s][info][gc,heap        ] GC(208) ParOldGen: 3345095K(3345408K)->3345095K(3345408K)
[26.958s][info][gc,metaspace   ] GC(208) Metaspace: 6298K(6464K)->6298K(6464K) NonClass: 5764K(5824K)->5764K(5824K) Class: 533K(640K)->533K(640K)
[26.958s][info][gc             ] GC(208) Pause Full (Ergonomics) 3393M->3393M(3512M) 1063.834ms
[26.958s][info][gc,cpu         ] GC(208) User=7.73s Sys=0.00s Real=1.06s
[26.958s][info][gc,start       ] GC(209) Pause Full (Ergonomics)
[26.958s][info][gc,phases,start] GC(209) Marking Phase
[27.761s][info][gc,phases      ] GC(209) Marking Phase 802.546ms
[27.761s][info][gc,phases,start] GC(209) Summary Phase
[27.761s][info][gc,phases      ] GC(209) Summary Phase 0.046ms
[27.761s][info][gc,phases,start] GC(209) Adjust Roots
[27.761s][info][gc,phases      ] GC(209) Adjust Roots 0.199ms
[27.761s][info][gc,phases,start] GC(209) Compaction Phase
[28.035s][info][gc,phases      ] GC(209) Compaction Phase 273.988ms
[28.035s][info][gc,phases,start] GC(209) Post Compact
[28.042s][info][gc,phases      ] GC(209) Post Compact 6.733ms
[28.042s][info][gc,heap        ] GC(209) PSYoungGen: 129610K(250880K)->129610K(250880K) Eden: 99328K(99328K)->99328K(99328K) From: 30282K(151552K)->30282K(151552K)
[28.042s][info][gc,heap        ] GC(209) ParOldGen: 3345100K(3345408K)->3345100K(3345408K)
[28.042s][info][gc,metaspace   ] GC(209) Metaspace: 6298K(6464K)->6298K(6464K) NonClass: 5764K(5824K)->5764K(5824K) Class: 533K(640K)->533K(640K)
[28.042s][info][gc             ] GC(209) Pause Full (Ergonomics) 3393M->3393M(3512M) 1083.891ms
[28.042s][info][gc,cpu         ] GC(209) User=7.73s Sys=0.02s Real=1.08s
[28.042s][info][gc,start       ] GC(210) Pause Full (Ergonomics)
[28.042s][info][gc,phases,start] GC(210) Marking Phase
[28.831s][info][gc,phases      ] GC(210) Marking Phase 788.605ms
[28.831s][info][gc,phases,start] GC(210) Summary Phase
[28.831s][info][gc,phases      ] GC(210) Summary Phase 0.054ms
[28.831s][info][gc,phases,start] GC(210) Adjust Roots
[28.831s][info][gc,phases      ] GC(210) Adjust Roots 0.290ms
[28.831s][info][gc,phases,start] GC(210) Compaction Phase
[29.092s][info][gc,phases      ] GC(210) Compaction Phase 260.556ms
[29.092s][info][gc,phases,start] GC(210) Post Compact
[29.099s][info][gc,phases      ] GC(210) Post Compact 7.033ms
[29.099s][info][gc,heap        ] GC(210) PSYoungGen: 129610K(250880K)->129610K(250880K) Eden: 99328K(99328K)->99328K(99328K) From: 30282K(151552K)->30282K(151552K)
[29.099s][info][gc,heap        ] GC(210) ParOldGen: 3345105K(3345408K)->3345105K(3345408K)
[29.099s][info][gc,metaspace   ] GC(210) Metaspace: 6298K(6464K)->6298K(6464K) NonClass: 5764K(5824K)->5764K(5824K) Class: 533K(640K)->533K(640K)
[29.099s][info][gc             ] GC(210) Pause Full (Ergonomics) 3393M->3393M(3512M) 1056.923ms
[29.099s][info][gc,cpu         ] GC(210) User=7.67s Sys=0.00s Real=1.06s
[29.099s][info][gc,start       ] GC(211) Pause Full (Ergonomics)
[29.099s][info][gc,phases,start] GC(211) Marking Phase
[29.895s][info][gc,phases      ] GC(211) Marking Phase 795.164ms
[29.895s][info][gc,phases,start] GC(211) Summary Phase
[29.895s][info][gc,phases      ] GC(211) Summary Phase 0.045ms
[29.895s][info][gc,phases,start] GC(211) Adjust Roots
[29.895s][info][gc,phases      ] GC(211) Adjust Roots 0.179ms
[29.895s][info][gc,phases,start] GC(211) Compaction Phase
[30.158s][info][gc,phases      ] GC(211) Compaction Phase 262.743ms
[30.158s][info][gc,phases,start] GC(211) Post Compact
[30.164s][info][gc,phases      ] GC(211) Post Compact 6.811ms
[30.165s][info][gc,heap        ] GC(211) PSYoungGen: 129610K(250880K)->129610K(250880K) Eden: 99328K(99328K)->99328K(99328K) From: 30282K(151552K)->30282K(151552K)
[30.165s][info][gc,heap        ] GC(211) ParOldGen: 3345110K(3345408K)->3345110K(3345408K)
[30.165s][info][gc,metaspace   ] GC(211) Metaspace: 6298K(6464K)->6298K(6464K) NonClass: 5764K(5824K)->5764K(5824K) Class: 533K(640K)->533K(640K)
[30.165s][info][gc             ] GC(211) Pause Full (Ergonomics) 3393M->3393M(3512M) 1065.278ms
[30.165s][info][gc,cpu         ] GC(211) User=7.59s Sys=0.00s Real=1.07s
[30.165s][info][gc,start       ] GC(212) Pause Full (Ergonomics)
[30.165s][info][gc,phases,start] GC(212) Marking Phase
[30.965s][info][gc,phases      ] GC(212) Marking Phase 799.675ms
[30.965s][info][gc,phases,start] GC(212) Summary Phase
[30.965s][info][gc,phases      ] GC(212) Summary Phase 0.048ms
[30.965s][info][gc,phases,start] GC(212) Adjust Roots
[30.965s][info][gc,phases      ] GC(212) Adjust Roots 0.242ms
[30.965s][info][gc,phases,start] GC(212) Compaction Phase
[31.239s][info][gc,phases      ] GC(212) Compaction Phase 273.955ms
[31.239s][info][gc,phases,start] GC(212) Post Compact
[31.246s][info][gc,phases      ] GC(212) Post Compact 7.159ms
[31.246s][info][gc,heap        ] GC(212) PSYoungGen: 129610K(250880K)->129610K(250880K) Eden: 99328K(99328K)->99328K(99328K) From: 30282K(151552K)->30282K(151552K)
[31.246s][info][gc,heap        ] GC(212) ParOldGen: 3345114K(3345408K)->3345114K(3345408K)
[31.246s][info][gc,metaspace   ] GC(212) Metaspace: 6298K(6464K)->6298K(6464K) NonClass: 5764K(5824K)->5764K(5824K) Class: 533K(640K)->533K(640K)
[31.246s][info][gc             ] GC(212) Pause Full (Ergonomics) 3393M->3393M(3512M) 1081.448ms
[31.246s][info][gc,cpu         ] GC(212) User=7.47s Sys=0.02s Real=1.08s
[31.247s][info][gc,start       ] GC(213) Pause Full (Ergonomics)
[31.247s][info][gc,phases,start] GC(213) Marking Phase
[32.045s][info][gc,phases      ] GC(213) Marking Phase 798.602ms
[32.045s][info][gc,phases,start] GC(213) Summary Phase
[32.045s][info][gc,phases      ] GC(213) Summary Phase 0.061ms
[32.045s][info][gc,phases,start] GC(213) Adjust Roots
[32.045s][info][gc,phases      ] GC(213) Adjust Roots 0.183ms
[32.046s][info][gc,phases,start] GC(213) Compaction Phase
[32.307s][info][gc,phases      ] GC(213) Compaction Phase 261.563ms
[32.307s][info][gc,phases,start] GC(213) Post Compact
[32.314s][info][gc,phases      ] GC(213) Post Compact 7.079ms
[32.314s][info][gc,heap        ] GC(213) PSYoungGen: 129610K(250880K)->129610K(250880K) Eden: 99328K(99328K)->99328K(99328K) From: 30282K(151552K)->30282K(151552K)
[32.314s][info][gc,heap        ] GC(213) ParOldGen: 3345119K(3345408K)->3345119K(3345408K)
[32.314s][info][gc,metaspace   ] GC(213) Metaspace: 6298K(6464K)->6298K(6464K) NonClass: 5764K(5824K)->5764K(5824K) Class: 533K(640K)->533K(640K)
[32.314s][info][gc             ] GC(213) Pause Full (Ergonomics) 3393M->3393M(3512M) 1067.843ms
[32.314s][info][gc,cpu         ] GC(213) User=7.64s Sys=0.00s Real=1.07s
[32.315s][info][gc,start       ] GC(214) Pause Full (Ergonomics)
[32.315s][info][gc,phases,start] GC(214) Marking Phase
[33.121s][info][gc,phases      ] GC(214) Marking Phase 806.508ms
[33.121s][info][gc,phases,start] GC(214) Summary Phase
[33.121s][info][gc,phases      ] GC(214) Summary Phase 0.057ms
[33.121s][info][gc,phases,start] GC(214) Adjust Roots
[33.122s][info][gc,phases      ] GC(214) Adjust Roots 0.250ms
[33.122s][info][gc,phases,start] GC(214) Compaction Phase
[33.380s][info][gc,phases      ] GC(214) Compaction Phase 258.122ms
[33.380s][info][gc,phases,start] GC(214) Post Compact
[33.387s][info][gc,phases      ] GC(214) Post Compact 7.126ms
[33.387s][info][gc,heap        ] GC(214) PSYoungGen: 129610K(250880K)->129610K(250880K) Eden: 99328K(99328K)->99328K(99328K) From: 30282K(151552K)->30282K(151552K)
[33.387s][info][gc,heap        ] GC(214) ParOldGen: 3345124K(3345408K)->3345124K(3345408K)
[33.387s][info][gc,metaspace   ] GC(214) Metaspace: 6298K(6464K)->6298K(6464K) NonClass: 5764K(5824K)->5764K(5824K) Class: 533K(640K)->533K(640K)
[33.387s][info][gc             ] GC(214) Pause Full (Ergonomics) 3393M->3393M(3512M) 1072.584ms
[33.387s][info][gc,cpu         ] GC(214) User=7.67s Sys=0.03s Real=1.07s
[33.387s][info][gc,start       ] GC(215) Pause Full (Ergonomics)
[33.387s][info][gc,phases,start] GC(215) Marking Phase
[34.203s][info][gc,phases      ] GC(215) Marking Phase 815.627ms
[34.203s][info][gc,phases,start] GC(215) Summary Phase
[34.203s][info][gc,phases      ] GC(215) Summary Phase 0.044ms
[34.203s][info][gc,phases,start] GC(215) Adjust Roots
[34.203s][info][gc,phases      ] GC(215) Adjust Roots 0.174ms
[34.203s][info][gc,phases,start] GC(215) Compaction Phase
[34.471s][info][gc,phases      ] GC(215) Compaction Phase 267.192ms
[34.471s][info][gc,phases,start] GC(215) Post Compact
[34.478s][info][gc,phases      ] GC(215) Post Compact 7.208ms
[34.478s][info][gc,heap        ] GC(215) PSYoungGen: 129610K(250880K)->129610K(250880K) Eden: 99328K(99328K)->99328K(99328K) From: 30282K(151552K)->30282K(151552K)
[34.478s][info][gc,heap        ] GC(215) ParOldGen: 3345129K(3345408K)->3345129K(3345408K)
[34.478s][info][gc,metaspace   ] GC(215) Metaspace: 6298K(6464K)->6298K(6464K) NonClass: 5764K(5824K)->5764K(5824K) Class: 533K(640K)->533K(640K)
[34.478s][info][gc             ] GC(215) Pause Full (Ergonomics) 3393M->3393M(3512M) 1090.593ms
[34.478s][info][gc,cpu         ] GC(215) User=7.89s Sys=0.00s Real=1.09s
[34.478s][info][gc,start       ] GC(216) Pause Full (Ergonomics)
[34.478s][info][gc,phases,start] GC(216) Marking Phase
[35.289s][info][gc,phases      ] GC(216) Marking Phase 811.191ms
[35.290s][info][gc,phases,start] GC(216) Summary Phase
[35.290s][info][gc,phases      ] GC(216) Summary Phase 0.071ms
[35.290s][info][gc,phases,start] GC(216) Adjust Roots
[35.290s][info][gc,phases      ] GC(216) Adjust Roots 0.191ms
[35.290s][info][gc,phases,start] GC(216) Compaction Phase
[35.568s][info][gc,phases      ] GC(216) Compaction Phase 278.419ms
[35.568s][info][gc,phases,start] GC(216) Post Compact
[35.576s][info][gc,phases      ] GC(216) Post Compact 7.221ms
[35.576s][info][gc,heap        ] GC(216) PSYoungGen: 129610K(250880K)->129610K(250880K) Eden: 99328K(99328K)->99328K(99328K) From: 30282K(151552K)->30282K(151552K)
[35.576s][info][gc,heap        ] GC(216) ParOldGen: 3345134K(3345408K)->3345134K(3345408K)
[35.576s][info][gc,metaspace   ] GC(216) Metaspace: 6298K(6464K)->6298K(6464K) NonClass: 5764K(5824K)->5764K(5824K) Class: 533K(640K)->533K(640K)
[35.576s][info][gc             ] GC(216) Pause Full (Ergonomics) 3393M->3393M(3512M) 1097.449ms
[35.576s][info][gc,cpu         ] GC(216) User=7.78s Sys=0.00s Real=1.10s
[35.576s][info][gc,start       ] GC(217) Pause Full (Ergonomics)
[35.576s][info][gc,phases,start] GC(217) Marking Phase
[36.393s][info][gc,phases      ] GC(217) Marking Phase 817.421ms
[36.393s][info][gc,phases,start] GC(217) Summary Phase
[36.394s][info][gc,phases      ] GC(217) Summary Phase 0.047ms
[36.394s][info][gc,phases,start] GC(217) Adjust Roots
[36.394s][info][gc,phases      ] GC(217) Adjust Roots 0.173ms
[36.394s][info][gc,phases,start] GC(217) Compaction Phase
[36.654s][info][gc,phases      ] GC(217) Compaction Phase 260.060ms
[36.654s][info][gc,phases,start] GC(217) Post Compact
[36.660s][info][gc,phases      ] GC(217) Post Compact 6.511ms
[36.660s][info][gc,heap        ] GC(217) PSYoungGen: 129610K(250880K)->129610K(250880K) Eden: 99328K(99328K)->99328K(99328K) From: 30282K(151552K)->30282K(151552K)
[36.661s][info][gc,heap        ] GC(217) ParOldGen: 3345139K(3345408K)->3345139K(3345408K)
[36.661s][info][gc,metaspace   ] GC(217) Metaspace: 6298K(6464K)->6298K(6464K) NonClass: 5764K(5824K)->5764K(5824K) Class: 533K(640K)->533K(640K)
[36.661s][info][gc             ] GC(217) Pause Full (Ergonomics) 3393M->3393M(3512M) 1084.603ms
[36.661s][info][gc,cpu         ] GC(217) User=7.75s Sys=0.00s Real=1.08s
[36.661s][info][gc,start       ] GC(218) Pause Full (Ergonomics)
[36.661s][info][gc,phases,start] GC(218) Marking Phase
[37.479s][info][gc,phases      ] GC(218) Marking Phase 817.773ms
[37.479s][info][gc,phases,start] GC(218) Summary Phase
[37.479s][info][gc,phases      ] GC(218) Summary Phase 0.046ms
[37.479s][info][gc,phases,start] GC(218) Adjust Roots
[37.479s][info][gc,phases      ] GC(218) Adjust Roots 0.239ms
[37.479s][info][gc,phases,start] GC(218) Compaction Phase
[37.750s][info][gc,phases      ] GC(218) Compaction Phase 270.690ms
[37.750s][info][gc,phases,start] GC(218) Post Compact
[37.757s][info][gc,phases      ] GC(218) Post Compact 7.483ms
[37.757s][info][gc,heap        ] GC(218) PSYoungGen: 129610K(250880K)->129610K(250880K) Eden: 99328K(99328K)->99328K(99328K) From: 30282K(151552K)->30282K(151552K)
[37.757s][info][gc,heap        ] GC(218) ParOldGen: 3345143K(3345408K)->3345143K(3345408K)
[37.757s][info][gc,metaspace   ] GC(218) Metaspace: 6298K(6464K)->6298K(6464K) NonClass: 5764K(5824K)->5764K(5824K) Class: 533K(640K)->533K(640K)
[37.757s][info][gc             ] GC(218) Pause Full (Ergonomics) 3393M->3393M(3512M) 1096.579ms
[37.757s][info][gc,cpu         ] GC(218) User=7.73s Sys=0.00s Real=1.10s
[37.758s][info][gc,start       ] GC(219) Pause Full (Ergonomics)
[37.758s][info][gc,phases,start] GC(219) Marking Phase
[38.555s][info][gc,phases      ] GC(219) Marking Phase 797.830ms
[38.556s][info][gc,phases,start] GC(219) Summary Phase
[38.556s][info][gc,phases      ] GC(219) Summary Phase 0.054ms
[38.556s][info][gc,phases,start] GC(219) Adjust Roots
[38.556s][info][gc,phases      ] GC(219) Adjust Roots 0.237ms
[38.556s][info][gc,phases,start] GC(219) Compaction Phase
[38.820s][info][gc,phases      ] GC(219) Compaction Phase 264.370ms
[38.820s][info][gc,phases,start] GC(219) Post Compact
[38.827s][info][gc,phases      ] GC(219) Post Compact 6.900ms
[38.827s][info][gc,heap        ] GC(219) PSYoungGen: 129610K(250880K)->129610K(250880K) Eden: 99328K(99328K)->99328K(99328K) From: 30282K(151552K)->30282K(151552K)
[38.827s][info][gc,heap        ] GC(219) ParOldGen: 3345148K(3345408K)->3345148K(3345408K)
[38.827s][info][gc,metaspace   ] GC(219) Metaspace: 6298K(6464K)->6298K(6464K) NonClass: 5764K(5824K)->5764K(5824K) Class: 533K(640K)->533K(640K)
[38.827s][info][gc             ] GC(219) Pause Full (Ergonomics) 3393M->3393M(3512M) 1069.739ms
[38.827s][info][gc,cpu         ] GC(219) User=7.55s Sys=0.00s Real=1.07s
[38.828s][info][gc,start       ] GC(220) Pause Full (Ergonomics)
[38.828s][info][gc,phases,start] GC(220) Marking Phase
[39.644s][info][gc,phases      ] GC(220) Marking Phase 816.198ms
[39.644s][info][gc,phases,start] GC(220) Summary Phase
[39.644s][info][gc,phases      ] GC(220) Summary Phase 0.071ms
[39.644s][info][gc,phases,start] GC(220) Adjust Roots
[39.644s][info][gc,phases      ] GC(220) Adjust Roots 0.287ms
[39.644s][info][gc,phases,start] GC(220) Compaction Phase
[39.922s][info][gc,phases      ] GC(220) Compaction Phase 277.240ms
[39.922s][info][gc,phases,start] GC(220) Post Compact
[39.929s][info][gc,phases      ] GC(220) Post Compact 6.962ms
[39.929s][info][gc,heap        ] GC(220) PSYoungGen: 129610K(250880K)->129610K(250880K) Eden: 99328K(99328K)->99328K(99328K) From: 30282K(151552K)->30282K(151552K)
[39.929s][info][gc,heap        ] GC(220) ParOldGen: 3345153K(3345408K)->3345153K(3345408K)
[39.929s][info][gc,metaspace   ] GC(220) Metaspace: 6298K(6464K)->6298K(6464K) NonClass: 5764K(5824K)->5764K(5824K) Class: 533K(640K)->533K(640K)
[39.929s][info][gc             ] GC(220) Pause Full (Ergonomics) 3393M->3393M(3512M) 1101.154ms
[39.929s][info][gc,cpu         ] GC(220) User=7.56s Sys=0.02s Real=1.10s
[39.929s][info][gc,start       ] GC(221) Pause Full (Ergonomics)
[39.929s][info][gc,phases,start] GC(221) Marking Phase
[40.722s][info][gc,phases      ] GC(221) Marking Phase 793.421ms
[40.722s][info][gc,phases,start] GC(221) Summary Phase
[40.723s][info][gc,phases      ] GC(221) Summary Phase 0.072ms
[40.723s][info][gc,phases,start] GC(221) Adjust Roots
[40.723s][info][gc,phases      ] GC(221) Adjust Roots 0.326ms
[40.723s][info][gc,phases,start] GC(221) Compaction Phase
[40.988s][info][gc,phases      ] GC(221) Compaction Phase 265.062ms
[40.988s][info][gc,phases,start] GC(221) Post Compact
[40.996s][info][gc,phases      ] GC(221) Post Compact 7.743ms
[40.996s][info][gc,heap        ] GC(221) PSYoungGen: 129610K(250880K)->129610K(250880K) Eden: 99328K(99328K)->99328K(99328K) From: 30282K(151552K)->30282K(151552K)
[40.996s][info][gc,heap        ] GC(221) ParOldGen: 3345158K(3345408K)->3345158K(3345408K)
[40.996s][info][gc,metaspace   ] GC(221) Metaspace: 6298K(6464K)->6298K(6464K) NonClass: 5764K(5824K)->5764K(5824K) Class: 533K(640K)->533K(640K)
[40.996s][info][gc             ] GC(221) Pause Full (Ergonomics) 3393M->3393M(3512M) 1067.057ms
[40.996s][info][gc,cpu         ] GC(221) User=7.67s Sys=0.02s Real=1.07s
[40.996s][info][gc,start       ] GC(222) Pause Full (Ergonomics)
[40.996s][info][gc,phases,start] GC(222) Marking Phase
[41.803s][info][gc,phases      ] GC(222) Marking Phase 807.142ms
[41.803s][info][gc,phases,start] GC(222) Summary Phase
[41.803s][info][gc,phases      ] GC(222) Summary Phase 0.045ms
[41.804s][info][gc,phases,start] GC(222) Adjust Roots
[41.804s][info][gc,phases      ] GC(222) Adjust Roots 0.251ms
[41.804s][info][gc,phases,start] GC(222) Compaction Phase
[42.072s][info][gc,phases      ] GC(222) Compaction Phase 268.266ms
[42.072s][info][gc,phases,start] GC(222) Post Compact
[42.079s][info][gc,phases      ] GC(222) Post Compact 6.895ms
[42.079s][info][gc,heap        ] GC(222) PSYoungGen: 129610K(250880K)->129610K(250880K) Eden: 99328K(99328K)->99328K(99328K) From: 30282K(151552K)->30282K(151552K)
[42.079s][info][gc,heap        ] GC(222) ParOldGen: 3345163K(3345408K)->3345163K(3345408K)
[42.079s][info][gc,metaspace   ] GC(222) Metaspace: 6298K(6464K)->6298K(6464K) NonClass: 5764K(5824K)->5764K(5824K) Class: 533K(640K)->533K(640K)
[42.079s][info][gc             ] GC(222) Pause Full (Ergonomics) 3393M->3393M(3512M) 1082.962ms
[42.079s][info][gc,cpu         ] GC(222) User=7.73s Sys=0.00s Real=1.08s
[42.079s][info][gc,start       ] GC(223) Pause Full (Ergonomics)
[42.079s][info][gc,phases,start] GC(223) Marking Phase
[42.901s][info][gc,phases      ] GC(223) Marking Phase 821.445ms
[42.901s][info][gc,phases,start] GC(223) Summary Phase
[42.901s][info][gc,phases      ] GC(223) Summary Phase 0.075ms
[42.901s][info][gc,phases,start] GC(223) Adjust Roots
[42.901s][info][gc,phases      ] GC(223) Adjust Roots 0.296ms
[42.901s][info][gc,phases,start] GC(223) Compaction Phase
[43.183s][info][gc,phases      ] GC(223) Compaction Phase 281.947ms
[43.183s][info][gc,phases,start] GC(223) Post Compact
[43.190s][info][gc,phases      ] GC(223) Post Compact 6.607ms
[43.190s][info][gc,heap        ] GC(223) PSYoungGen: 129610K(250880K)->129610K(250880K) Eden: 99328K(99328K)->99328K(99328K) From: 30282K(151552K)->30282K(151552K)
[43.190s][info][gc,heap        ] GC(223) ParOldGen: 3345168K(3345408K)->3345168K(3345408K)
[43.190s][info][gc,metaspace   ] GC(223) Metaspace: 6298K(6464K)->6298K(6464K) NonClass: 5764K(5824K)->5764K(5824K) Class: 533K(640K)->533K(640K)
[43.190s][info][gc             ] GC(223) Pause Full (Ergonomics) 3393M->3393M(3512M) 1110.760ms
[43.190s][info][gc,cpu         ] GC(223) User=8.11s Sys=0.00s Real=1.11s
[43.190s][info][gc,start       ] GC(224) Pause Full (Ergonomics)
[43.190s][info][gc,phases,start] GC(224) Marking Phase
[43.983s][info][gc,phases      ] GC(224) Marking Phase 793.045ms
[43.984s][info][gc,phases,start] GC(224) Summary Phase
[43.984s][info][gc,phases      ] GC(224) Summary Phase 0.072ms
[43.984s][info][gc,phases,start] GC(224) Adjust Roots
[43.984s][info][gc,phases      ] GC(224) Adjust Roots 0.238ms
[43.984s][info][gc,phases,start] GC(224) Compaction Phase
[44.260s][info][gc,phases      ] GC(224) Compaction Phase 275.967ms
[44.260s][info][gc,phases,start] GC(224) Post Compact
[44.267s][info][gc,phases      ] GC(224) Post Compact 7.147ms
[44.267s][info][gc,heap        ] GC(224) PSYoungGen: 129610K(250880K)->129610K(250880K) Eden: 99328K(99328K)->99328K(99328K) From: 30282K(151552K)->30282K(151552K)
[44.267s][info][gc,heap        ] GC(224) ParOldGen: 3345172K(3345408K)->3345172K(3345408K)
[44.267s][info][gc,metaspace   ] GC(224) Metaspace: 6298K(6464K)->6298K(6464K) NonClass: 5764K(5824K)->5764K(5824K) Class: 533K(640K)->533K(640K)
[44.267s][info][gc             ] GC(224) Pause Full (Ergonomics) 3393M->3393M(3512M) 1076.881ms
[44.267s][info][gc,cpu         ] GC(224) User=7.77s Sys=0.02s Real=1.08s
[44.267s][info][gc,start       ] GC(225) Pause Full (Ergonomics)
[44.268s][info][gc,phases,start] GC(225) Marking Phase
[45.071s][info][gc,phases      ] GC(225) Marking Phase 803.270ms
[45.071s][info][gc,phases,start] GC(225) Summary Phase
[45.071s][info][gc,phases      ] GC(225) Summary Phase 0.070ms
[45.071s][info][gc,phases,start] GC(225) Adjust Roots
[45.071s][info][gc,phases      ] GC(225) Adjust Roots 0.290ms
[45.071s][info][gc,phases,start] GC(225) Compaction Phase
[45.347s][info][gc,phases      ] GC(225) Compaction Phase 275.225ms
[45.347s][info][gc,phases,start] GC(225) Post Compact
[45.354s][info][gc,phases      ] GC(225) Post Compact 7.053ms
[45.354s][info][gc,heap        ] GC(225) PSYoungGen: 129610K(250880K)->129610K(250880K) Eden: 99328K(99328K)->99328K(99328K) From: 30282K(151552K)->30282K(151552K)
[45.354s][info][gc,heap        ] GC(225) ParOldGen: 3345177K(3345408K)->3345177K(3345408K)
[45.354s][info][gc,metaspace   ] GC(225) Metaspace: 6298K(6464K)->6298K(6464K) NonClass: 5764K(5824K)->5764K(5824K) Class: 533K(640K)->533K(640K)
[45.354s][info][gc             ] GC(225) Pause Full (Ergonomics) 3393M->3393M(3512M) 1086.334ms
[45.354s][info][gc,cpu         ] GC(225) User=7.83s Sys=0.00s Real=1.09s
[45.354s][info][gc,start       ] GC(226) Pause Full (Ergonomics)
[45.354s][info][gc,phases,start] GC(226) Marking Phase
[46.166s][info][gc,phases      ] GC(226) Marking Phase 811.535ms
[46.166s][info][gc,phases,start] GC(226) Summary Phase
[46.166s][info][gc,phases      ] GC(226) Summary Phase 0.050ms
[46.166s][info][gc,phases,start] GC(226) Adjust Roots
[46.166s][info][gc,phases      ] GC(226) Adjust Roots 0.186ms
[46.166s][info][gc,phases,start] GC(226) Compaction Phase
[46.448s][info][gc,phases      ] GC(226) Compaction Phase 282.266ms
[46.448s][info][gc,phases,start] GC(226) Post Compact
[46.456s][info][gc,phases      ] GC(226) Post Compact 7.564ms
[46.456s][info][gc,heap        ] GC(226) PSYoungGen: 129610K(250880K)->129610K(250880K) Eden: 99328K(99328K)->99328K(99328K) From: 30282K(151552K)->30282K(151552K)
[46.456s][info][gc,heap        ] GC(226) ParOldGen: 3345182K(3345408K)->3345182K(3345408K)
[46.456s][info][gc,metaspace   ] GC(226) Metaspace: 6298K(6464K)->6298K(6464K) NonClass: 5764K(5824K)->5764K(5824K) Class: 533K(640K)->533K(640K)
[46.456s][info][gc             ] GC(226) Pause Full (Ergonomics) 3393M->3393M(3512M) 1101.955ms
[46.456s][info][gc,cpu         ] GC(226) User=7.84s Sys=0.00s Real=1.10s
[46.456s][info][gc,start       ] GC(227) Pause Full (Ergonomics)
[46.456s][info][gc,phases,start] GC(227) Marking Phase
[47.270s][info][gc,phases      ] GC(227) Marking Phase 813.900ms
[47.270s][info][gc,phases,start] GC(227) Summary Phase
[47.270s][info][gc,phases      ] GC(227) Summary Phase 0.048ms
[47.270s][info][gc,phases,start] GC(227) Adjust Roots
[47.271s][info][gc,phases      ] GC(227) Adjust Roots 0.256ms
[47.271s][info][gc,phases,start] GC(227) Compaction Phase
[47.545s][info][gc,phases      ] GC(227) Compaction Phase 274.171ms
[47.545s][info][gc,phases,start] GC(227) Post Compact
[47.552s][info][gc,phases      ] GC(227) Post Compact 6.707ms
[47.552s][info][gc,heap        ] GC(227) PSYoungGen: 129610K(250880K)->129610K(250880K) Eden: 99328K(99328K)->99328K(99328K) From: 30282K(151552K)->30282K(151552K)
[47.552s][info][gc,heap        ] GC(227) ParOldGen: 3345187K(3345408K)->3345187K(3345408K)
[47.552s][info][gc,metaspace   ] GC(227) Metaspace: 6298K(6464K)->6298K(6464K) NonClass: 5764K(5824K)->5764K(5824K) Class: 533K(640K)->533K(640K)
[47.552s][info][gc             ] GC(227) Pause Full (Ergonomics) 3393M->3393M(3512M) 1095.444ms
[47.552s][info][gc,cpu         ] GC(227) User=7.83s Sys=0.02s Real=1.10s
[47.552s][info][gc,start       ] GC(228) Pause Full (Ergonomics)
[47.552s][info][gc,phases,start] GC(228) Marking Phase
[48.359s][info][gc,phases      ] GC(228) Marking Phase 806.649ms
[48.359s][info][gc,phases,start] GC(228) Summary Phase
[48.359s][info][gc,phases      ] GC(228) Summary Phase 0.060ms
[48.359s][info][gc,phases,start] GC(228) Adjust Roots
[48.359s][info][gc,phases      ] GC(228) Adjust Roots 0.282ms
[48.359s][info][gc,phases,start] GC(228) Compaction Phase
[48.665s][info][gc,phases      ] GC(228) Compaction Phase 305.500ms
[48.665s][info][gc,phases,start] GC(228) Post Compact
[48.671s][info][gc,phases      ] GC(228) Post Compact 6.733ms
[48.672s][info][gc,heap        ] GC(228) PSYoungGen: 129610K(250880K)->129610K(250880K) Eden: 99328K(99328K)->99328K(99328K) From: 30282K(151552K)->30282K(151552K)
[48.672s][info][gc,heap        ] GC(228) ParOldGen: 3345192K(3345408K)->3345192K(3345408K)
[48.672s][info][gc,metaspace   ] GC(228) Metaspace: 6298K(6464K)->6298K(6464K) NonClass: 5764K(5824K)->5764K(5824K) Class: 533K(640K)->533K(640K)
[48.672s][info][gc             ] GC(228) Pause Full (Ergonomics) 3393M->3393M(3512M) 1119.795ms
[48.672s][info][gc,cpu         ] GC(228) User=8.09s Sys=0.00s Real=1.12s
[48.672s][info][gc,start       ] GC(229) Pause Full (Ergonomics)
[48.672s][info][gc,phases,start] GC(229) Marking Phase
[49.490s][info][gc,phases      ] GC(229) Marking Phase 817.635ms
[49.490s][info][gc,phases,start] GC(229) Summary Phase
[49.490s][info][gc,phases      ] GC(229) Summary Phase 0.049ms
[49.490s][info][gc,phases,start] GC(229) Adjust Roots
[49.490s][info][gc,phases      ] GC(229) Adjust Roots 0.218ms
[49.490s][info][gc,phases,start] GC(229) Compaction Phase
[49.751s][info][gc,phases      ] GC(229) Compaction Phase 260.869ms
[49.751s][info][gc,phases,start] GC(229) Post Compact
[49.758s][info][gc,phases      ] GC(229) Post Compact 7.539ms
[49.759s][info][gc,heap        ] GC(229) PSYoungGen: 129610K(250880K)->129610K(250880K) Eden: 99328K(99328K)->99328K(99328K) From: 30282K(151552K)->30282K(151552K)
[49.759s][info][gc,heap        ] GC(229) ParOldGen: 3345197K(3345408K)->3345197K(3345408K)
[49.759s][info][gc,metaspace   ] GC(229) Metaspace: 6298K(6464K)->6298K(6464K) NonClass: 5764K(5824K)->5764K(5824K) Class: 533K(640K)->533K(640K)
[49.759s][info][gc             ] GC(229) Pause Full (Ergonomics) 3393M->3393M(3512M) 1086.675ms
[49.759s][info][gc,cpu         ] GC(229) User=7.89s Sys=0.00s Real=1.09s
[49.759s][info][gc,start       ] GC(230) Pause Full (Ergonomics)
[49.759s][info][gc,phases,start] GC(230) Marking Phase
[50.575s][info][gc,phases      ] GC(230) Marking Phase 816.522ms
[50.575s][info][gc,phases,start] GC(230) Summary Phase
[50.576s][info][gc,phases      ] GC(230) Summary Phase 0.051ms
[50.576s][info][gc,phases,start] GC(230) Adjust Roots
[50.576s][info][gc,phases      ] GC(230) Adjust Roots 0.222ms
[50.576s][info][gc,phases,start] GC(230) Compaction Phase
[50.847s][info][gc,phases      ] GC(230) Compaction Phase 271.575ms
[50.847s][info][gc,phases,start] GC(230) Post Compact
[50.855s][info][gc,phases      ] GC(230) Post Compact 7.736ms
[50.855s][info][gc,heap        ] GC(230) PSYoungGen: 129610K(250880K)->129610K(250880K) Eden: 99328K(99328K)->99328K(99328K) From: 30282K(151552K)->30282K(151552K)
[50.855s][info][gc,heap        ] GC(230) ParOldGen: 3345201K(3345408K)->3345201K(3345408K)
[50.855s][info][gc,metaspace   ] GC(230) Metaspace: 6298K(6464K)->6298K(6464K) NonClass: 5764K(5824K)->5764K(5824K) Class: 533K(640K)->533K(640K)
[50.855s][info][gc             ] GC(230) Pause Full (Ergonomics) 3393M->3393M(3512M) 1096.500ms
[50.855s][info][gc,cpu         ] GC(230) User=7.86s Sys=0.00s Real=1.10s
[50.856s][info][gc,start       ] GC(231) Pause Full (Ergonomics)
[50.856s][info][gc,phases,start] GC(231) Marking Phase
[51.672s][info][gc,phases      ] GC(231) Marking Phase 816.263ms
[51.672s][info][gc,phases,start] GC(231) Summary Phase
[51.672s][info][gc,phases      ] GC(231) Summary Phase 0.081ms
[51.672s][info][gc,phases,start] GC(231) Adjust Roots
[51.672s][info][gc,phases      ] GC(231) Adjust Roots 0.329ms
[51.672s][info][gc,phases,start] GC(231) Compaction Phase
[51.960s][info][gc,phases      ] GC(231) Compaction Phase 287.809ms
[51.960s][info][gc,phases,start] GC(231) Post Compact
[51.967s][info][gc,phases      ] GC(231) Post Compact 6.871ms
[51.967s][info][gc,heap        ] GC(231) PSYoungGen: 129610K(250880K)->129610K(250880K) Eden: 99328K(99328K)->99328K(99328K) From: 30282K(151552K)->30282K(151552K)
[51.967s][info][gc,heap        ] GC(231) ParOldGen: 3345206K(3345408K)->3345206K(3345408K)
[51.967s][info][gc,metaspace   ] GC(231) Metaspace: 6298K(6464K)->6298K(6464K) NonClass: 5764K(5824K)->5764K(5824K) Class: 533K(640K)->533K(640K)
[51.967s][info][gc             ] GC(231) Pause Full (Ergonomics) 3393M->3393M(3512M) 1111.768ms
[51.967s][info][gc,cpu         ] GC(231) User=7.98s Sys=0.00s Real=1.11s
[51.968s][info][gc,start       ] GC(232) Pause Full (Ergonomics)
[51.968s][info][gc,phases,start] GC(232) Marking Phase
[52.787s][info][gc,phases      ] GC(232) Marking Phase 819.130ms
[52.787s][info][gc,phases,start] GC(232) Summary Phase
[52.787s][info][gc,phases      ] GC(232) Summary Phase 0.062ms
[52.787s][info][gc,phases,start] GC(232) Adjust Roots
[52.787s][info][gc,phases      ] GC(232) Adjust Roots 0.254ms
[52.787s][info][gc,phases,start] GC(232) Compaction Phase
[53.066s][info][gc,phases      ] GC(232) Compaction Phase 279.014ms
[53.066s][info][gc,phases,start] GC(232) Post Compact
[53.074s][info][gc,phases      ] GC(232) Post Compact 7.249ms
[53.074s][info][gc,heap        ] GC(232) PSYoungGen: 129610K(250880K)->129610K(250880K) Eden: 99328K(99328K)->99328K(99328K) From: 30282K(151552K)->30282K(151552K)
[53.074s][info][gc,heap        ] GC(232) ParOldGen: 3345211K(3345408K)->3345211K(3345408K)
[53.074s][info][gc,metaspace   ] GC(232) Metaspace: 6298K(6464K)->6298K(6464K) NonClass: 5764K(5824K)->5764K(5824K) Class: 533K(640K)->533K(640K)
[53.074s][info][gc             ] GC(232) Pause Full (Ergonomics) 3393M->3393M(3512M) 1106.065ms
[53.074s][info][gc,cpu         ] GC(232) User=8.00s Sys=0.02s Real=1.11s
[53.074s][info][gc,start       ] GC(233) Pause Full (Ergonomics)
[53.074s][info][gc,phases,start] GC(233) Marking Phase
[53.896s][info][gc,phases      ] GC(233) Marking Phase 821.947ms
[53.896s][info][gc,phases,start] GC(233) Summary Phase
[53.896s][info][gc,phases      ] GC(233) Summary Phase 0.046ms
[53.896s][info][gc,phases,start] GC(233) Adjust Roots
[53.896s][info][gc,phases      ] GC(233) Adjust Roots 0.189ms
[53.896s][info][gc,phases,start] GC(233) Compaction Phase
[54.184s][info][gc,phases      ] GC(233) Compaction Phase 287.555ms
[54.184s][info][gc,phases,start] GC(233) Post Compact
[54.190s][info][gc,phases      ] GC(233) Post Compact 6.491ms
[54.190s][info][gc,heap        ] GC(233) PSYoungGen: 129610K(250880K)->129610K(250880K) Eden: 99328K(99328K)->99328K(99328K) From: 30282K(151552K)->30282K(151552K)
[54.190s][info][gc,heap        ] GC(233) ParOldGen: 3345216K(3345408K)->3345216K(3345408K)
[54.190s][info][gc,metaspace   ] GC(233) Metaspace: 6298K(6464K)->6298K(6464K) NonClass: 5764K(5824K)->5764K(5824K) Class: 533K(640K)->533K(640K)
[54.190s][info][gc             ] GC(233) Pause Full (Ergonomics) 3393M->3393M(3512M) 1116.580ms
[54.190s][info][gc,cpu         ] GC(233) User=7.73s Sys=0.00s Real=1.12s
[54.191s][info][gc,start       ] GC(234) Pause Full (Ergonomics)
[54.191s][info][gc,phases,start] GC(234) Marking Phase
[55.013s][info][gc,phases      ] GC(234) Marking Phase 822.304ms
[55.013s][info][gc,phases,start] GC(234) Summary Phase
[55.013s][info][gc,phases      ] GC(234) Summary Phase 0.065ms
[55.013s][info][gc,phases,start] GC(234) Adjust Roots
[55.013s][info][gc,phases      ] GC(234) Adjust Roots 0.309ms
[55.014s][info][gc,phases,start] GC(234) Compaction Phase
[55.289s][info][gc,phases      ] GC(234) Compaction Phase 275.011ms
[55.289s][info][gc,phases,start] GC(234) Post Compact
[55.296s][info][gc,phases      ] GC(234) Post Compact 7.258ms
[55.296s][info][gc,heap        ] GC(234) PSYoungGen: 129610K(250880K)->129610K(250880K) Eden: 99328K(99328K)->99328K(99328K) From: 30282K(151552K)->30282K(151552K)
[55.296s][info][gc,heap        ] GC(234) ParOldGen: 3345221K(3345408K)->3345221K(3345408K)
[55.296s][info][gc,metaspace   ] GC(234) Metaspace: 6298K(6464K)->6298K(6464K) NonClass: 5764K(5824K)->5764K(5824K) Class: 533K(640K)->533K(640K)
[55.296s][info][gc             ] GC(234) Pause Full (Ergonomics) 3393M->3393M(3512M) 1105.337ms
[55.296s][info][gc,cpu         ] GC(234) User=8.19s Sys=0.02s Real=1.11s
[55.296s][info][gc,start       ] GC(235) Pause Full (Ergonomics)
[55.296s][info][gc,phases,start] GC(235) Marking Phase
[56.106s][info][gc,phases      ] GC(235) Marking Phase 809.826ms
[56.106s][info][gc,phases,start] GC(235) Summary Phase
[56.106s][info][gc,phases      ] GC(235) Summary Phase 0.074ms
[56.106s][info][gc,phases,start] GC(235) Adjust Roots
[56.106s][info][gc,phases      ] GC(235) Adjust Roots 0.251ms
[56.107s][info][gc,phases,start] GC(235) Compaction Phase
[56.384s][info][gc,phases      ] GC(235) Compaction Phase 277.117ms
[56.384s][info][gc,phases,start] GC(235) Post Compact
[56.391s][info][gc,phases      ] GC(235) Post Compact 6.915ms
[56.391s][info][gc,heap        ] GC(235) PSYoungGen: 129610K(250880K)->129610K(250880K) Eden: 99328K(99328K)->99328K(99328K) From: 30282K(151552K)->30282K(151552K)
[56.391s][info][gc,heap        ] GC(235) ParOldGen: 3345226K(3345408K)->3345226K(3345408K)
[56.391s][info][gc,metaspace   ] GC(235) Metaspace: 6298K(6464K)->6298K(6464K) NonClass: 5764K(5824K)->5764K(5824K) Class: 533K(640K)->533K(640K)
[56.391s][info][gc             ] GC(235) Pause Full (Ergonomics) 3393M->3393M(3512M) 1094.574ms
[56.391s][info][gc,cpu         ] GC(235) User=7.92s Sys=0.00s Real=1.09s
[56.391s][info][gc,start       ] GC(236) Pause Full (Ergonomics)
[56.391s][info][gc,phases,start] GC(236) Marking Phase
[57.209s][info][gc,phases      ] GC(236) Marking Phase 817.991ms
[57.209s][info][gc,phases,start] GC(236) Summary Phase
[57.209s][info][gc,phases      ] GC(236) Summary Phase 0.085ms
[57.209s][info][gc,phases,start] GC(236) Adjust Roots
[57.209s][info][gc,phases      ] GC(236) Adjust Roots 0.237ms
[57.210s][info][gc,phases,start] GC(236) Compaction Phase
[57.500s][info][gc,phases      ] GC(236) Compaction Phase 290.080ms
[57.500s][info][gc,phases,start] GC(236) Post Compact
[57.507s][info][gc,phases      ] GC(236) Post Compact 7.205ms
[57.507s][info][gc,heap        ] GC(236) PSYoungGen: 129610K(250880K)->129610K(250880K) Eden: 99328K(99328K)->99328K(99328K) From: 30282K(151552K)->30282K(151552K)
[57.507s][info][gc,heap        ] GC(236) ParOldGen: 3345230K(3345408K)->3345230K(3345408K)
[57.507s][info][gc,metaspace   ] GC(236) Metaspace: 6298K(6464K)->6298K(6464K) NonClass: 5764K(5824K)->5764K(5824K) Class: 533K(640K)->533K(640K)
[57.507s][info][gc             ] GC(236) Pause Full (Ergonomics) 3393M->3393M(3512M) 1116.026ms
[57.507s][info][gc,cpu         ] GC(236) User=7.92s Sys=0.00s Real=1.12s
[57.507s][info][gc,start       ] GC(237) Pause Full (Ergonomics)
[57.507s][info][gc,phases,start] GC(237) Marking Phase
[58.314s][info][gc,phases      ] GC(237) Marking Phase 806.900ms
[58.314s][info][gc,phases,start] GC(237) Summary Phase
[58.314s][info][gc,phases      ] GC(237) Summary Phase 0.046ms
[58.314s][info][gc,phases,start] GC(237) Adjust Roots
[58.315s][info][gc,phases      ] GC(237) Adjust Roots 0.223ms
[58.315s][info][gc,phases,start] GC(237) Compaction Phase
[58.614s][info][gc,phases      ] GC(237) Compaction Phase 299.223ms
[58.614s][info][gc,phases,start] GC(237) Post Compact
[58.621s][info][gc,phases      ] GC(237) Post Compact 6.731ms
[58.621s][info][gc,heap        ] GC(237) PSYoungGen: 129610K(250880K)->129610K(250880K) Eden: 99328K(99328K)->99328K(99328K) From: 30282K(151552K)->30282K(151552K)
[58.621s][info][gc,heap        ] GC(237) ParOldGen: 3345235K(3345408K)->3345235K(3345408K)
[58.621s][info][gc,metaspace   ] GC(237) Metaspace: 6298K(6464K)->6298K(6464K) NonClass: 5764K(5824K)->5764K(5824K) Class: 533K(640K)->533K(640K)
[58.621s][info][gc             ] GC(237) Pause Full (Ergonomics) 3393M->3393M(3512M) 1113.497ms
[58.621s][info][gc,cpu         ] GC(237) User=7.91s Sys=0.00s Real=1.11s
[58.621s][info][gc,start       ] GC(238) Pause Full (Ergonomics)
[58.621s][info][gc,phases,start] GC(238) Marking Phase
[59.434s][info][gc,phases      ] GC(238) Marking Phase 812.543ms
[59.434s][info][gc,phases,start] GC(238) Summary Phase
[59.434s][info][gc,phases      ] GC(238) Summary Phase 0.056ms
[59.434s][info][gc,phases,start] GC(238) Adjust Roots
[59.434s][info][gc,phases      ] GC(238) Adjust Roots 0.219ms
[59.434s][info][gc,phases,start] GC(238) Compaction Phase
[59.715s][info][gc,phases      ] GC(238) Compaction Phase 280.923ms
[59.715s][info][gc,phases,start] GC(238) Post Compact
[59.722s][info][gc,phases      ] GC(238) Post Compact 6.666ms
[59.722s][info][gc,heap        ] GC(238) PSYoungGen: 129610K(250880K)->129610K(250880K) Eden: 99328K(99328K)->99328K(99328K) From: 30282K(151552K)->30282K(151552K)
[59.722s][info][gc,heap        ] GC(238) ParOldGen: 3345240K(3345408K)->3345240K(3345408K)
[59.722s][info][gc,metaspace   ] GC(238) Metaspace: 6298K(6464K)->6298K(6464K) NonClass: 5764K(5824K)->5764K(5824K) Class: 533K(640K)->533K(640K)
[59.722s][info][gc             ] GC(238) Pause Full (Ergonomics) 3393M->3393M(3512M) 1100.746ms
[59.722s][info][gc,cpu         ] GC(238) User=7.98s Sys=0.00s Real=1.10s
[59.722s][info][gc,start       ] GC(239) Pause Full (Ergonomics)
[59.722s][info][gc,phases,start] GC(239) Marking Phase
[60.521s][info][gc,phases      ] GC(239) Marking Phase 799.060ms
[60.521s][info][gc,phases,start] GC(239) Summary Phase
[60.521s][info][gc,phases      ] GC(239) Summary Phase 0.050ms
[60.521s][info][gc,phases,start] GC(239) Adjust Roots
[60.522s][info][gc,phases      ] GC(239) Adjust Roots 0.268ms
[60.522s][info][gc,phases,start] GC(239) Compaction Phase
[60.803s][info][gc,phases      ] GC(239) Compaction Phase 281.094ms
[60.803s][info][gc,phases,start] GC(239) Post Compact
[60.811s][info][gc,phases      ] GC(239) Post Compact 7.976ms
[60.811s][info][gc,heap        ] GC(239) PSYoungGen: 129610K(250880K)->129610K(250880K) Eden: 99328K(99328K)->99328K(99328K) From: 30282K(151552K)->30282K(151552K)
[60.811s][info][gc,heap        ] GC(239) ParOldGen: 3345245K(3345408K)->3345245K(3345408K)
[60.811s][info][gc,metaspace   ] GC(239) Metaspace: 6298K(6464K)->6298K(6464K) NonClass: 5764K(5824K)->5764K(5824K) Class: 533K(640K)->533K(640K)
[60.811s][info][gc             ] GC(239) Pause Full (Ergonomics) 3393M->3393M(3512M) 1088.884ms
[60.811s][info][gc,cpu         ] GC(239) User=7.86s Sys=0.00s Real=1.09s
[60.811s][info][gc,start       ] GC(240) Pause Full (Ergonomics)
[60.811s][info][gc,phases,start] GC(240) Marking Phase
[61.629s][info][gc,phases      ] GC(240) Marking Phase 817.411ms
[61.629s][info][gc,phases,start] GC(240) Summary Phase
[61.629s][info][gc,phases      ] GC(240) Summary Phase 0.078ms
[61.629s][info][gc,phases,start] GC(240) Adjust Roots
[61.629s][info][gc,phases      ] GC(240) Adjust Roots 0.304ms
[61.629s][info][gc,phases,start] GC(240) Compaction Phase
[61.919s][info][gc,phases      ] GC(240) Compaction Phase 289.803ms
[61.919s][info][gc,phases,start] GC(240) Post Compact
[61.926s][info][gc,phases      ] GC(240) Post Compact 7.155ms
[61.926s][info][gc,heap        ] GC(240) PSYoungGen: 129610K(250880K)->129610K(250880K) Eden: 99328K(99328K)->99328K(99328K) From: 30282K(151552K)->30282K(151552K)
[61.926s][info][gc,heap        ] GC(240) ParOldGen: 3345250K(3345408K)->3345250K(3345408K)
[61.926s][info][gc,metaspace   ] GC(240) Metaspace: 6298K(6464K)->6298K(6464K) NonClass: 5764K(5824K)->5764K(5824K) Class: 533K(640K)->533K(640K)
[61.926s][info][gc             ] GC(240) Pause Full (Ergonomics) 3393M->3393M(3512M) 1115.249ms
[61.926s][info][gc,cpu         ] GC(240) User=8.08s Sys=0.00s Real=1.12s
[61.927s][info][gc,start       ] GC(241) Pause Full (Ergonomics)
[61.927s][info][gc,phases,start] GC(241) Marking Phase
[62.738s][info][gc,phases      ] GC(241) Marking Phase 811.413ms
[62.738s][info][gc,phases,start] GC(241) Summary Phase
[62.738s][info][gc,phases      ] GC(241) Summary Phase 0.069ms
[62.738s][info][gc,phases,start] GC(241) Adjust Roots
[62.739s][info][gc,phases      ] GC(241) Adjust Roots 0.305ms
[62.739s][info][gc,phases,start] GC(241) Compaction Phase
[63.018s][info][gc,phases      ] GC(241) Compaction Phase 279.140ms
[63.018s][info][gc,phases,start] GC(241) Post Compact
[63.025s][info][gc,phases      ] GC(241) Post Compact 7.010ms
[63.025s][info][gc,heap        ] GC(241) PSYoungGen: 129610K(250880K)->129610K(250880K) Eden: 99328K(99328K)->99328K(99328K) From: 30282K(151552K)->30282K(151552K)
[63.025s][info][gc,heap        ] GC(241) ParOldGen: 3345255K(3345408K)->3345255K(3345408K)
[63.025s][info][gc,metaspace   ] GC(241) Metaspace: 6298K(6464K)->6298K(6464K) NonClass: 5764K(5824K)->5764K(5824K) Class: 533K(640K)->533K(640K)
[63.025s][info][gc             ] GC(241) Pause Full (Ergonomics) 3393M->3393M(3512M) 1098.408ms
[63.025s][info][gc,cpu         ] GC(241) User=7.89s Sys=0.00s Real=1.10s
[63.025s][info][gc,start       ] GC(242) Pause Full (Ergonomics)
[63.025s][info][gc,phases,start] GC(242) Marking Phase
[63.837s][info][gc,phases      ] GC(242) Marking Phase 811.286ms
[63.837s][info][gc,phases,start] GC(242) Summary Phase
[63.837s][info][gc,phases      ] GC(242) Summary Phase 0.054ms
[63.837s][info][gc,phases,start] GC(242) Adjust Roots
[63.837s][info][gc,phases      ] GC(242) Adjust Roots 0.314ms
[63.837s][info][gc,phases,start] GC(242) Compaction Phase
[64.117s][info][gc,phases      ] GC(242) Compaction Phase 279.902ms
[64.117s][info][gc,phases,start] GC(242) Post Compact
[64.124s][info][gc,phases      ] GC(242) Post Compact 7.226ms
[64.124s][info][gc,heap        ] GC(242) PSYoungGen: 129610K(250880K)->129610K(250880K) Eden: 99328K(99328K)->99328K(99328K) From: 30282K(151552K)->30282K(151552K)
[64.124s][info][gc,heap        ] GC(242) ParOldGen: 3345259K(3345408K)->3345259K(3345408K)
[64.124s][info][gc,metaspace   ] GC(242) Metaspace: 6298K(6464K)->6298K(6464K) NonClass: 5764K(5824K)->5764K(5824K) Class: 533K(640K)->533K(640K)
[64.125s][info][gc             ] GC(242) Pause Full (Ergonomics) 3393M->3393M(3512M) 1099.181ms
[64.125s][info][gc,cpu         ] GC(242) User=7.86s Sys=0.00s Real=1.10s
[64.125s][info][gc,start       ] GC(243) Pause Full (Ergonomics)
[64.125s][info][gc,phases,start] GC(243) Marking Phase
[64.937s][info][gc,phases      ] GC(243) Marking Phase 812.639ms
[64.937s][info][gc,phases,start] GC(243) Summary Phase
[64.938s][info][gc,phases      ] GC(243) Summary Phase 0.074ms
[64.938s][info][gc,phases,start] GC(243) Adjust Roots
[64.938s][info][gc,phases      ] GC(243) Adjust Roots 0.351ms
[64.938s][info][gc,phases,start] GC(243) Compaction Phase
[65.226s][info][gc,phases      ] GC(243) Compaction Phase 288.281ms
[65.226s][info][gc,phases,start] GC(243) Post Compact
[65.233s][info][gc,phases      ] GC(243) Post Compact 6.811ms
[65.233s][info][gc,heap        ] GC(243) PSYoungGen: 129610K(250880K)->129610K(250880K) Eden: 99328K(99328K)->99328K(99328K) From: 30282K(151552K)->30282K(151552K)
[65.233s][info][gc,heap        ] GC(243) ParOldGen: 3345264K(3345408K)->3345264K(3345408K)
[65.233s][info][gc,metaspace   ] GC(243) Metaspace: 6298K(6464K)->6298K(6464K) NonClass: 5764K(5824K)->5764K(5824K) Class: 533K(640K)->533K(640K)
[65.233s][info][gc             ] GC(243) Pause Full (Ergonomics) 3393M->3393M(3512M) 1108.556ms
[65.233s][info][gc,cpu         ] GC(243) User=8.02s Sys=0.00s Real=1.11s
[65.234s][info][gc,start       ] GC(244) Pause Full (Ergonomics)
[65.234s][info][gc,phases,start] GC(244) Marking Phase
[66.044s][info][gc,phases      ] GC(244) Marking Phase 810.047ms
[66.044s][info][gc,phases,start] GC(244) Summary Phase
[66.044s][info][gc,phases      ] GC(244) Summary Phase 0.078ms
[66.044s][info][gc,phases,start] GC(244) Adjust Roots
[66.044s][info][gc,phases      ] GC(244) Adjust Roots 0.309ms
[66.044s][info][gc,phases,start] GC(244) Compaction Phase
[66.342s][info][gc,phases      ] GC(244) Compaction Phase 298.077ms
[66.342s][info][gc,phases,start] GC(244) Post Compact
[66.350s][info][gc,phases      ] GC(244) Post Compact 7.261ms
[66.350s][info][gc,heap        ] GC(244) PSYoungGen: 129610K(250880K)->129610K(250880K) Eden: 99328K(99328K)->99328K(99328K) From: 30282K(151552K)->30282K(151552K)
[66.350s][info][gc,heap        ] GC(244) ParOldGen: 3345269K(3345408K)->3345269K(3345408K)
[66.350s][info][gc,metaspace   ] GC(244) Metaspace: 6298K(6464K)->6298K(6464K) NonClass: 5764K(5824K)->5764K(5824K) Class: 533K(640K)->533K(640K)
[66.350s][info][gc             ] GC(244) Pause Full (Ergonomics) 3393M->3393M(3512M) 1116.190ms
[66.350s][info][gc,cpu         ] GC(244) User=7.83s Sys=0.00s Real=1.12s
[66.350s][info][gc,start       ] GC(245) Pause Full (Ergonomics)
[66.350s][info][gc,phases,start] GC(245) Marking Phase
[67.169s][info][gc,phases      ] GC(245) Marking Phase 818.519ms
[67.169s][info][gc,phases,start] GC(245) Summary Phase
[67.169s][info][gc,phases      ] GC(245) Summary Phase 0.058ms
[67.169s][info][gc,phases,start] GC(245) Adjust Roots
[67.169s][info][gc,phases      ] GC(245) Adjust Roots 0.256ms
[67.169s][info][gc,phases,start] GC(245) Compaction Phase
[67.453s][info][gc,phases      ] GC(245) Compaction Phase 283.893ms
[67.453s][info][gc,phases,start] GC(245) Post Compact
[67.460s][info][gc,phases      ] GC(245) Post Compact 6.817ms
[67.460s][info][gc,heap        ] GC(245) PSYoungGen: 129610K(250880K)->129610K(250880K) Eden: 99328K(99328K)->99328K(99328K) From: 30282K(151552K)->30282K(151552K)
[67.460s][info][gc,heap        ] GC(245) ParOldGen: 3345274K(3345408K)->3345274K(3345408K)
[67.460s][info][gc,metaspace   ] GC(245) Metaspace: 6298K(6464K)->6298K(6464K) NonClass: 5764K(5824K)->5764K(5824K) Class: 533K(640K)->533K(640K)
[67.460s][info][gc             ] GC(245) Pause Full (Ergonomics) 3393M->3393M(3512M) 1109.957ms
[67.460s][info][gc,cpu         ] GC(245) User=7.81s Sys=0.00s Real=1.11s
[67.460s][info][gc,start       ] GC(246) Pause Full (Ergonomics)
[67.460s][info][gc,phases,start] GC(246) Marking Phase
[68.271s][info][gc,phases      ] GC(246) Marking Phase 810.734ms
[68.271s][info][gc,phases,start] GC(246) Summary Phase
[68.271s][info][gc,phases      ] GC(246) Summary Phase 0.044ms
[68.271s][info][gc,phases,start] GC(246) Adjust Roots
[68.271s][info][gc,phases      ] GC(246) Adjust Roots 0.183ms
[68.271s][info][gc,phases,start] GC(246) Compaction Phase
[68.581s][info][gc,phases      ] GC(246) Compaction Phase 309.709ms
[68.581s][info][gc,phases,start] GC(246) Post Compact
[68.588s][info][gc,phases      ] GC(246) Post Compact 6.609ms
[68.588s][info][gc,heap        ] GC(246) PSYoungGen: 129610K(250880K)->129610K(250880K) Eden: 99328K(99328K)->99328K(99328K) From: 30282K(151552K)->30282K(151552K)
[68.588s][info][gc,heap        ] GC(246) ParOldGen: 3345279K(3345408K)->3345279K(3345408K)
[68.588s][info][gc,metaspace   ] GC(246) Metaspace: 6298K(6464K)->6298K(6464K) NonClass: 5764K(5824K)->5764K(5824K) Class: 533K(640K)->533K(640K)
[68.588s][info][gc             ] GC(246) Pause Full (Ergonomics) 3393M->3393M(3512M) 1127.607ms
[68.588s][info][gc,cpu         ] GC(246) User=7.89s Sys=0.00s Real=1.13s
[68.588s][info][gc,start       ] GC(247) Pause Full (Ergonomics)
[68.588s][info][gc,phases,start] GC(247) Marking Phase
[69.421s][info][gc,phases      ] GC(247) Marking Phase 832.896ms
[69.421s][info][gc,phases,start] GC(247) Summary Phase
[69.421s][info][gc,phases      ] GC(247) Summary Phase 0.058ms
[69.421s][info][gc,phases,start] GC(247) Adjust Roots
[69.421s][info][gc,phases      ] GC(247) Adjust Roots 0.239ms
[69.421s][info][gc,phases,start] GC(247) Compaction Phase
[69.759s][info][gc,phases      ] GC(247) Compaction Phase 337.508ms
[69.759s][info][gc,phases,start] GC(247) Post Compact
[69.767s][info][gc,phases      ] GC(247) Post Compact 7.729ms
[69.767s][info][gc,heap        ] GC(247) PSYoungGen: 129610K(250880K)->129610K(250880K) Eden: 99328K(99328K)->99328K(99328K) From: 30282K(151552K)->30282K(151552K)
[69.767s][info][gc,heap        ] GC(247) ParOldGen: 3345284K(3345408K)->3345284K(3345408K)
[69.767s][info][gc,metaspace   ] GC(247) Metaspace: 6298K(6464K)->6298K(6464K) NonClass: 5764K(5824K)->5764K(5824K) Class: 533K(640K)->533K(640K)
[69.767s][info][gc             ] GC(247) Pause Full (Ergonomics) 3393M->3393M(3512M) 1178.774ms
[69.767s][info][gc,cpu         ] GC(247) User=7.98s Sys=0.00s Real=1.18s
[69.767s][info][gc,start       ] GC(248) Pause Full (Ergonomics)
[69.767s][info][gc,phases,start] GC(248) Marking Phase
[70.608s][info][gc,phases      ] GC(248) Marking Phase 841.505ms
[70.609s][info][gc,phases,start] GC(248) Summary Phase
[70.609s][info][gc,phases      ] GC(248) Summary Phase 0.044ms
[70.609s][info][gc,phases,start] GC(248) Adjust Roots
[70.609s][info][gc,phases      ] GC(248) Adjust Roots 0.209ms
[70.609s][info][gc,phases,start] GC(248) Compaction Phase
[70.898s][info][gc,phases      ] GC(248) Compaction Phase 289.008ms
[70.898s][info][gc,phases,start] GC(248) Post Compact
[70.905s][info][gc,phases      ] GC(248) Post Compact 7.035ms
[70.905s][info][gc,heap        ] GC(248) PSYoungGen: 129610K(250880K)->129610K(250880K) Eden: 99328K(99328K)->99328K(99328K) From: 30282K(151552K)->30282K(151552K)
[70.905s][info][gc,heap        ] GC(248) ParOldGen: 3345288K(3345408K)->3345288K(3345408K)
[70.905s][info][gc,metaspace   ] GC(248) Metaspace: 6298K(6464K)->6298K(6464K) NonClass: 5764K(5824K)->5764K(5824K) Class: 533K(640K)->533K(640K)
[70.905s][info][gc             ] GC(248) Pause Full (Ergonomics) 3393M->3393M(3512M) 1138.161ms
[70.905s][info][gc,cpu         ] GC(248) User=7.75s Sys=0.00s Real=1.14s
[70.905s][info][gc,start       ] GC(249) Pause Full (Ergonomics)
[70.905s][info][gc,phases,start] GC(249) Marking Phase
[71.726s][info][gc,phases      ] GC(249) Marking Phase 820.685ms
[71.726s][info][gc,phases,start] GC(249) Summary Phase
[71.726s][info][gc,phases      ] GC(249) Summary Phase 0.078ms
[71.726s][info][gc,phases,start] GC(249) Adjust Roots
[71.727s][info][gc,phases      ] GC(249) Adjust Roots 0.339ms
[71.727s][info][gc,phases,start] GC(249) Compaction Phase
[72.036s][info][gc,phases      ] GC(249) Compaction Phase 309.029ms
[72.036s][info][gc,phases,start] GC(249) Post Compact
[72.043s][info][gc,phases      ] GC(249) Post Compact 7.271ms
[72.043s][info][gc,heap        ] GC(249) PSYoungGen: 129610K(250880K)->129610K(250880K) Eden: 99328K(99328K)->99328K(99328K) From: 30282K(151552K)->30282K(151552K)
[72.043s][info][gc,heap        ] GC(249) ParOldGen: 3345293K(3345408K)->3345293K(3345408K)
[72.043s][info][gc,metaspace   ] GC(249) Metaspace: 6298K(6464K)->6298K(6464K) NonClass: 5764K(5824K)->5764K(5824K) Class: 533K(640K)->533K(640K)
[72.043s][info][gc             ] GC(249) Pause Full (Ergonomics) 3393M->3393M(3512M) 1137.871ms
[72.043s][info][gc,cpu         ] GC(249) User=7.64s Sys=0.02s Real=1.14s
[72.043s][info][gc,start       ] GC(250) Pause Full (Ergonomics)
[72.043s][info][gc,phases,start] GC(250) Marking Phase
[72.891s][info][gc,phases      ] GC(250) Marking Phase 847.971ms
[72.891s][info][gc,phases,start] GC(250) Summary Phase
[72.892s][info][gc,phases      ] GC(250) Summary Phase 0.072ms
[72.892s][info][gc,phases,start] GC(250) Adjust Roots
[72.892s][info][gc,phases      ] GC(250) Adjust Roots 0.289ms
[72.892s][info][gc,phases,start] GC(250) Compaction Phase
[73.201s][info][gc,phases      ] GC(250) Compaction Phase 309.077ms
[73.201s][info][gc,phases,start] GC(250) Post Compact
[73.209s][info][gc,phases      ] GC(250) Post Compact 7.687ms
[73.209s][info][gc,heap        ] GC(250) PSYoungGen: 129610K(250880K)->129610K(250880K) Eden: 99328K(99328K)->99328K(99328K) From: 30282K(151552K)->30282K(151552K)
[73.209s][info][gc,heap        ] GC(250) ParOldGen: 3345298K(3345408K)->3345298K(3345408K)
[73.209s][info][gc,metaspace   ] GC(250) Metaspace: 6298K(6464K)->6298K(6464K) NonClass: 5764K(5824K)->5764K(5824K) Class: 533K(640K)->533K(640K)
[73.209s][info][gc             ] GC(250) Pause Full (Ergonomics) 3393M->3393M(3512M) 1165.506ms
[73.209s][info][gc,cpu         ] GC(250) User=7.67s Sys=0.03s Real=1.17s
[73.209s][info][gc,start       ] GC(251) Pause Full (Ergonomics)
[73.209s][info][gc,phases,start] GC(251) Marking Phase
[74.042s][info][gc,phases      ] GC(251) Marking Phase 832.773ms
[74.042s][info][gc,phases,start] GC(251) Summary Phase
[74.042s][info][gc,phases      ] GC(251) Summary Phase 0.062ms
[74.042s][info][gc,phases,start] GC(251) Adjust Roots
[74.042s][info][gc,phases      ] GC(251) Adjust Roots 0.304ms
[74.042s][info][gc,phases,start] GC(251) Compaction Phase
[74.352s][info][gc,phases      ] GC(251) Compaction Phase 309.548ms
[74.352s][info][gc,phases,start] GC(251) Post Compact
[74.360s][info][gc,phases      ] GC(251) Post Compact 7.422ms
[74.360s][info][gc,heap        ] GC(251) PSYoungGen: 129610K(250880K)->129610K(250880K) Eden: 99328K(99328K)->99328K(99328K) From: 30282K(151552K)->30282K(151552K)
[74.360s][info][gc,heap        ] GC(251) ParOldGen: 3345303K(3345408K)->3345303K(3345408K)
[74.360s][info][gc,metaspace   ] GC(251) Metaspace: 6298K(6464K)->6298K(6464K) NonClass: 5764K(5824K)->5764K(5824K) Class: 533K(640K)->533K(640K)
[74.360s][info][gc             ] GC(251) Pause Full (Ergonomics) 3393M->3393M(3512M) 1150.566ms
[74.360s][info][gc,cpu         ] GC(251) User=7.47s Sys=0.03s Real=1.15s
[74.360s][info][gc,start       ] GC(252) Pause Full (Ergonomics)
[74.360s][info][gc,phases,start] GC(252) Marking Phase
[75.184s][info][gc,phases      ] GC(252) Marking Phase 824.309ms
[75.184s][info][gc,phases,start] GC(252) Summary Phase
[75.184s][info][gc,phases      ] GC(252) Summary Phase 0.044ms
[75.184s][info][gc,phases,start] GC(252) Adjust Roots
[75.185s][info][gc,phases      ] GC(252) Adjust Roots 0.163ms
[75.185s][info][gc,phases,start] GC(252) Compaction Phase
[75.516s][info][gc,phases      ] GC(252) Compaction Phase 331.765ms
[75.516s][info][gc,phases,start] GC(252) Post Compact
[75.526s][info][gc,phases      ] GC(252) Post Compact 9.872ms
[75.526s][info][gc,heap        ] GC(252) PSYoungGen: 129610K(250880K)->129610K(250880K) Eden: 99328K(99328K)->99328K(99328K) From: 30282K(151552K)->30282K(151552K)
[75.526s][info][gc,heap        ] GC(252) ParOldGen: 3345308K(3345408K)->3345308K(3345408K)
[75.526s][info][gc,metaspace   ] GC(252) Metaspace: 6298K(6464K)->6298K(6464K) NonClass: 5764K(5824K)->5764K(5824K) Class: 533K(640K)->533K(640K)
[75.526s][info][gc             ] GC(252) Pause Full (Ergonomics) 3393M->3393M(3512M) 1166.532ms
[75.527s][info][gc,cpu         ] GC(252) User=8.06s Sys=0.09s Real=1.17s
[75.527s][info][gc,start       ] GC(253) Pause Full (Ergonomics)
[75.527s][info][gc,phases,start] GC(253) Marking Phase
[76.416s][info][gc,phases      ] GC(253) Marking Phase 889.114ms
[76.416s][info][gc,phases,start] GC(253) Summary Phase
[76.416s][info][gc,phases      ] GC(253) Summary Phase 0.052ms
[76.416s][info][gc,phases,start] GC(253) Adjust Roots
[76.416s][info][gc,phases      ] GC(253) Adjust Roots 0.252ms
[76.416s][info][gc,phases,start] GC(253) Compaction Phase
[76.730s][info][gc,phases      ] GC(253) Compaction Phase 313.557ms
[76.730s][info][gc,phases,start] GC(253) Post Compact
[76.738s][info][gc,phases      ] GC(253) Post Compact 8.032ms
[76.738s][info][gc,heap        ] GC(253) PSYoungGen: 129610K(250880K)->129610K(250880K) Eden: 99328K(99328K)->99328K(99328K) From: 30282K(151552K)->30282K(151552K)
[76.738s][info][gc,heap        ] GC(253) ParOldGen: 3345313K(3345408K)->3345313K(3345408K)
[76.738s][info][gc,metaspace   ] GC(253) Metaspace: 6298K(6464K)->6298K(6464K) NonClass: 5764K(5824K)->5764K(5824K) Class: 533K(640K)->533K(640K)
[76.738s][info][gc             ] GC(253) Pause Full (Ergonomics) 3393M->3393M(3512M) 1211.449ms
[76.738s][info][gc,cpu         ] GC(253) User=7.84s Sys=0.00s Real=1.21s
[76.738s][info][gc,start       ] GC(254) Pause Full (Ergonomics)
[76.739s][info][gc,phases,start] GC(254) Marking Phase
[77.573s][info][gc,phases      ] GC(254) Marking Phase 834.039ms
[77.573s][info][gc,phases,start] GC(254) Summary Phase
[77.573s][info][gc,phases      ] GC(254) Summary Phase 0.057ms
[77.573s][info][gc,phases,start] GC(254) Adjust Roots
[77.573s][info][gc,phases      ] GC(254) Adjust Roots 0.585ms
[77.573s][info][gc,phases,start] GC(254) Compaction Phase
[77.912s][info][gc,phases      ] GC(254) Compaction Phase 339.143ms
[77.913s][info][gc,phases,start] GC(254) Post Compact
[77.920s][info][gc,phases      ] GC(254) Post Compact 7.611ms
[77.920s][info][gc,heap        ] GC(254) PSYoungGen: 129610K(250880K)->129610K(250880K) Eden: 99328K(99328K)->99328K(99328K) From: 30282K(151552K)->30282K(151552K)
[77.920s][info][gc,heap        ] GC(254) ParOldGen: 3345317K(3345408K)->3345317K(3345408K)
[77.920s][info][gc,metaspace   ] GC(254) Metaspace: 6298K(6464K)->6298K(6464K) NonClass: 5764K(5824K)->5764K(5824K) Class: 533K(640K)->533K(640K)
[77.920s][info][gc             ] GC(254) Pause Full (Ergonomics) 3393M->3393M(3512M) 1181.888ms
[77.920s][info][gc,cpu         ] GC(254) User=7.58s Sys=0.02s Real=1.18s
[77.921s][info][gc,start       ] GC(255) Pause Full (Ergonomics)
[77.921s][info][gc,phases,start] GC(255) Marking Phase
[78.769s][info][gc,phases      ] GC(255) Marking Phase 848.694ms
[78.769s][info][gc,phases,start] GC(255) Summary Phase
[78.769s][info][gc,phases      ] GC(255) Summary Phase 0.062ms
[78.769s][info][gc,phases,start] GC(255) Adjust Roots
[78.770s][info][gc,phases      ] GC(255) Adjust Roots 0.344ms
[78.770s][info][gc,phases,start] GC(255) Compaction Phase
[79.090s][info][gc,phases      ] GC(255) Compaction Phase 319.932ms
[79.090s][info][gc,phases,start] GC(255) Post Compact
[79.097s][info][gc,phases      ] GC(255) Post Compact 7.330ms
[79.097s][info][gc,heap        ] GC(255) PSYoungGen: 129610K(250880K)->129610K(250880K) Eden: 99328K(99328K)->99328K(99328K) From: 30282K(151552K)->30282K(151552K)
[79.097s][info][gc,heap        ] GC(255) ParOldGen: 3345322K(3345408K)->3345322K(3345408K)
[79.097s][info][gc,metaspace   ] GC(255) Metaspace: 6298K(6464K)->6298K(6464K) NonClass: 5764K(5824K)->5764K(5824K) Class: 533K(640K)->533K(640K)
[79.097s][info][gc             ] GC(255) Pause Full (Ergonomics) 3393M->3393M(3512M) 1176.730ms
[79.097s][info][gc,cpu         ] GC(255) User=7.61s Sys=0.00s Real=1.18s
[79.098s][info][gc,start       ] GC(256) Pause Full (Ergonomics)
[79.098s][info][gc,phases,start] GC(256) Marking Phase
[79.974s][info][gc,phases      ] GC(256) Marking Phase 876.147ms
[79.974s][info][gc,phases,start] GC(256) Summary Phase
[79.974s][info][gc,phases      ] GC(256) Summary Phase 0.068ms
[79.974s][info][gc,phases,start] GC(256) Adjust Roots
[79.974s][info][gc,phases      ] GC(256) Adjust Roots 0.289ms
[79.974s][info][gc,phases,start] GC(256) Compaction Phase
[80.315s][info][gc,phases      ] GC(256) Compaction Phase 340.903ms
[80.315s][info][gc,phases,start] GC(256) Post Compact
[80.323s][info][gc,phases      ] GC(256) Post Compact 7.308ms
[80.323s][info][gc,heap        ] GC(256) PSYoungGen: 129610K(250880K)->129610K(250880K) Eden: 99328K(99328K)->99328K(99328K) From: 30282K(151552K)->30282K(151552K)
[80.323s][info][gc,heap        ] GC(256) ParOldGen: 3345327K(3345408K)->3345327K(3345408K)
[80.323s][info][gc,metaspace   ] GC(256) Metaspace: 6298K(6464K)->6298K(6464K) NonClass: 5764K(5824K)->5764K(5824K) Class: 533K(640K)->533K(640K)
[80.323s][info][gc             ] GC(256) Pause Full (Ergonomics) 3393M->3393M(3512M) 1225.509ms
[80.323s][info][gc,cpu         ] GC(256) User=7.80s Sys=0.00s Real=1.22s
[80.323s][info][gc,start       ] GC(257) Pause Full (Ergonomics)
[80.323s][info][gc,phases,start] GC(257) Marking Phase
[81.194s][info][gc,phases      ] GC(257) Marking Phase 870.173ms
[81.194s][info][gc,phases,start] GC(257) Summary Phase
[81.194s][info][gc,phases      ] GC(257) Summary Phase 0.065ms
[81.194s][info][gc,phases,start] GC(257) Adjust Roots
[81.194s][info][gc,phases      ] GC(257) Adjust Roots 0.299ms
[81.194s][info][gc,phases,start] GC(257) Compaction Phase
[81.495s][info][gc,phases      ] GC(257) Compaction Phase 300.912ms
[81.495s][info][gc,phases,start] GC(257) Post Compact
[81.505s][info][gc,phases      ] GC(257) Post Compact 9.708ms
[81.505s][info][gc,heap        ] GC(257) PSYoungGen: 129610K(250880K)->129610K(250880K) Eden: 99328K(99328K)->99328K(99328K) From: 30282K(151552K)->30282K(151552K)
[81.505s][info][gc,heap        ] GC(257) ParOldGen: 3345332K(3345408K)->3345332K(3345408K)
[81.505s][info][gc,metaspace   ] GC(257) Metaspace: 6298K(6464K)->6298K(6464K) NonClass: 5764K(5824K)->5764K(5824K) Class: 533K(640K)->533K(640K)
[81.505s][info][gc             ] GC(257) Pause Full (Ergonomics) 3393M->3393M(3512M) 1181.673ms
[81.505s][info][gc,cpu         ] GC(257) User=7.88s Sys=0.00s Real=1.18s
[81.505s][info][gc,start       ] GC(258) Pause Full (Ergonomics)
[81.505s][info][gc,phases,start] GC(258) Marking Phase
[82.370s][info][gc,phases      ] GC(258) Marking Phase 864.333ms
[82.370s][info][gc,phases,start] GC(258) Summary Phase
[82.370s][info][gc,phases      ] GC(258) Summary Phase 0.086ms
[82.370s][info][gc,phases,start] GC(258) Adjust Roots
[82.370s][info][gc,phases      ] GC(258) Adjust Roots 0.308ms
[82.370s][info][gc,phases,start] GC(258) Compaction Phase
[82.685s][info][gc,phases      ] GC(258) Compaction Phase 314.396ms
[82.685s][info][gc,phases,start] GC(258) Post Compact
[82.696s][info][gc,phases      ] GC(258) Post Compact 11.679ms
[82.697s][info][gc,heap        ] GC(258) PSYoungGen: 129610K(250880K)->129610K(250880K) Eden: 99328K(99328K)->99328K(99328K) From: 30282K(151552K)->30282K(151552K)
[82.697s][info][gc,heap        ] GC(258) ParOldGen: 3345337K(3345408K)->3345337K(3345408K)
[82.697s][info][gc,metaspace   ] GC(258) Metaspace: 6298K(6464K)->6298K(6464K) NonClass: 5764K(5824K)->5764K(5824K) Class: 533K(640K)->533K(640K)
[82.697s][info][gc             ] GC(258) Pause Full (Ergonomics) 3393M->3393M(3512M) 1191.490ms
[82.697s][info][gc,cpu         ] GC(258) User=7.78s Sys=0.00s Real=1.19s
[82.697s][info][gc,start       ] GC(259) Pause Full (Ergonomics)
[82.697s][info][gc,phases,start] GC(259) Marking Phase
[83.558s][info][gc,phases      ] GC(259) Marking Phase 860.729ms
[83.558s][info][gc,phases,start] GC(259) Summary Phase
[83.558s][info][gc,phases      ] GC(259) Summary Phase 0.073ms
[83.558s][info][gc,phases,start] GC(259) Adjust Roots
[83.558s][info][gc,phases      ] GC(259) Adjust Roots 0.239ms
[83.558s][info][gc,phases,start] GC(259) Compaction Phase
[83.850s][info][gc,phases      ] GC(259) Compaction Phase 291.665ms
[83.850s][info][gc,phases,start] GC(259) Post Compact
[83.858s][info][gc,phases      ] GC(259) Post Compact 7.857ms
[83.858s][info][gc,heap        ] GC(259) PSYoungGen: 129610K(250880K)->129610K(250880K) Eden: 99328K(99328K)->99328K(99328K) From: 30282K(151552K)->30282K(151552K)
[83.858s][info][gc,heap        ] GC(259) ParOldGen: 3345342K(3345408K)->3345342K(3345408K)
[83.858s][info][gc,metaspace   ] GC(259) Metaspace: 6298K(6464K)->6298K(6464K) NonClass: 5764K(5824K)->5764K(5824K) Class: 533K(640K)->533K(640K)
[83.858s][info][gc             ] GC(259) Pause Full (Ergonomics) 3393M->3393M(3512M) 1160.970ms
[83.858s][info][gc,cpu         ] GC(259) User=7.50s Sys=0.00s Real=1.16s
[83.858s][info][gc,start       ] GC(260) Pause Full (Ergonomics)
[83.858s][info][gc,phases,start] GC(260) Marking Phase
[84.667s][info][gc,phases      ] GC(260) Marking Phase 808.883ms
[84.667s][info][gc,phases,start] GC(260) Summary Phase
[84.667s][info][gc,phases      ] GC(260) Summary Phase 0.043ms
[84.667s][info][gc,phases,start] GC(260) Adjust Roots
[84.667s][info][gc,phases      ] GC(260) Adjust Roots 0.164ms
[84.668s][info][gc,phases,start] GC(260) Compaction Phase
[84.948s][info][gc,phases      ] GC(260) Compaction Phase 280.800ms
[84.948s][info][gc,phases,start] GC(260) Post Compact
[84.956s][info][gc,phases      ] GC(260) Post Compact 7.914ms
[84.956s][info][gc,heap        ] GC(260) PSYoungGen: 129610K(250880K)->129610K(250880K) Eden: 99328K(99328K)->99328K(99328K) From: 30282K(151552K)->30282K(151552K)
[84.956s][info][gc,heap        ] GC(260) ParOldGen: 3345346K(3345408K)->3345346K(3345408K)
[84.956s][info][gc,metaspace   ] GC(260) Metaspace: 6298K(6464K)->6298K(6464K) NonClass: 5764K(5824K)->5764K(5824K) Class: 533K(640K)->533K(640K)
[84.956s][info][gc             ] GC(260) Pause Full (Ergonomics) 3393M->3393M(3512M) 1098.185ms
[84.957s][info][gc,cpu         ] GC(260) User=7.61s Sys=0.00s Real=1.10s
[84.957s][info][gc,start       ] GC(261) Pause Full (Ergonomics)
[84.957s][info][gc,phases,start] GC(261) Marking Phase
[85.782s][info][gc,phases      ] GC(261) Marking Phase 825.023ms
[85.782s][info][gc,phases,start] GC(261) Summary Phase
[85.782s][info][gc,phases      ] GC(261) Summary Phase 0.074ms
[85.782s][info][gc,phases,start] GC(261) Adjust Roots
[85.782s][info][gc,phases      ] GC(261) Adjust Roots 0.270ms
[85.782s][info][gc,phases,start] GC(261) Compaction Phase
[86.086s][info][gc,phases      ] GC(261) Compaction Phase 303.495ms
[86.086s][info][gc,phases,start] GC(261) Post Compact
[86.092s][info][gc,phases      ] GC(261) Post Compact 6.610ms
[86.093s][info][gc,heap        ] GC(261) PSYoungGen: 129610K(250880K)->129610K(250880K) Eden: 99328K(99328K)->99328K(99328K) From: 30282K(151552K)->30282K(151552K)
[86.093s][info][gc,heap        ] GC(261) ParOldGen: 3345351K(3345408K)->3345351K(3345408K)
[86.093s][info][gc,metaspace   ] GC(261) Metaspace: 6298K(6464K)->6298K(6464K) NonClass: 5764K(5824K)->5764K(5824K) Class: 533K(640K)->533K(640K)
[86.093s][info][gc             ] GC(261) Pause Full (Ergonomics) 3393M->3393M(3512M) 1135.869ms
[86.093s][info][gc,cpu         ] GC(261) User=8.14s Sys=0.02s Real=1.14s
[86.093s][info][gc,start       ] GC(262) Pause Full (Ergonomics)
[86.093s][info][gc,phases,start] GC(262) Marking Phase
[86.915s][info][gc,phases      ] GC(262) Marking Phase 821.882ms
[86.915s][info][gc,phases,start] GC(262) Summary Phase
[86.915s][info][gc,phases      ] GC(262) Summary Phase 0.043ms
[86.915s][info][gc,phases,start] GC(262) Adjust Roots
[86.915s][info][gc,phases      ] GC(262) Adjust Roots 0.168ms
[86.915s][info][gc,phases,start] GC(262) Compaction Phase
[87.224s][info][gc,phases      ] GC(262) Compaction Phase 308.832ms
[87.224s][info][gc,phases,start] GC(262) Post Compact
[87.232s][info][gc,phases      ] GC(262) Post Compact 8.183ms
[87.232s][info][gc,heap        ] GC(262) PSYoungGen: 129610K(250880K)->129610K(250880K) Eden: 99328K(99328K)->99328K(99328K) From: 30282K(151552K)->30282K(151552K)
[87.232s][info][gc,heap        ] GC(262) ParOldGen: 3345356K(3345408K)->3345356K(3345408K)
[87.232s][info][gc,metaspace   ] GC(262) Metaspace: 6298K(6464K)->6298K(6464K) NonClass: 5764K(5824K)->5764K(5824K) Class: 533K(640K)->533K(640K)
[87.232s][info][gc             ] GC(262) Pause Full (Ergonomics) 3393M->3393M(3512M) 1139.494ms
[87.232s][info][gc,cpu         ] GC(262) User=7.81s Sys=0.00s Real=1.14s
[87.233s][info][gc,start       ] GC(263) Pause Full (Ergonomics)
[87.233s][info][gc,phases,start] GC(263) Marking Phase
[88.047s][info][gc,phases      ] GC(263) Marking Phase 814.816ms
[88.048s][info][gc,phases,start] GC(263) Summary Phase
[88.048s][info][gc,phases      ] GC(263) Summary Phase 0.062ms
[88.048s][info][gc,phases,start] GC(263) Adjust Roots
[88.048s][info][gc,phases      ] GC(263) Adjust Roots 0.342ms
[88.048s][info][gc,phases,start] GC(263) Compaction Phase
[88.343s][info][gc,phases      ] GC(263) Compaction Phase 295.380ms
[88.343s][info][gc,phases,start] GC(263) Post Compact
[88.351s][info][gc,phases      ] GC(263) Post Compact 7.207ms
[88.351s][info][gc,heap        ] GC(263) PSYoungGen: 129610K(250880K)->129610K(250880K) Eden: 99328K(99328K)->99328K(99328K) From: 30282K(151552K)->30282K(151552K)
[88.351s][info][gc,heap        ] GC(263) ParOldGen: 3345361K(3345408K)->3345361K(3345408K)
[88.351s][info][gc,metaspace   ] GC(263) Metaspace: 6298K(6464K)->6298K(6464K) NonClass: 5764K(5824K)->5764K(5824K) Class: 533K(640K)->533K(640K)
[88.351s][info][gc             ] GC(263) Pause Full (Ergonomics) 3393M->3393M(3512M) 1118.312ms
[88.351s][info][gc,cpu         ] GC(263) User=7.75s Sys=0.02s Real=1.12s
[88.351s][info][gc,start       ] GC(264) Pause Full (Ergonomics)
[88.351s][info][gc,phases,start] GC(264) Marking Phase
[89.168s][info][gc,phases      ] GC(264) Marking Phase 816.996ms
[89.168s][info][gc,phases,start] GC(264) Summary Phase
[89.168s][info][gc,phases      ] GC(264) Summary Phase 0.065ms
[89.168s][info][gc,phases,start] GC(264) Adjust Roots
[89.169s][info][gc,phases      ] GC(264) Adjust Roots 0.249ms
[89.169s][info][gc,phases,start] GC(264) Compaction Phase
[89.443s][info][gc,phases      ] GC(264) Compaction Phase 274.121ms
[89.443s][info][gc,phases,start] GC(264) Post Compact
[89.450s][info][gc,phases      ] GC(264) Post Compact 7.501ms
[89.451s][info][gc,heap        ] GC(264) PSYoungGen: 129610K(250880K)->129610K(250880K) Eden: 99328K(99328K)->99328K(99328K) From: 30282K(151552K)->30282K(151552K)
[89.451s][info][gc,heap        ] GC(264) ParOldGen: 3345366K(3345408K)->3345366K(3345408K)
[89.451s][info][gc,metaspace   ] GC(264) Metaspace: 6298K(6464K)->6298K(6464K) NonClass: 5764K(5824K)->5764K(5824K) Class: 533K(640K)->533K(640K)
[89.451s][info][gc             ] GC(264) Pause Full (Ergonomics) 3393M->3393M(3512M) 1099.447ms
[89.451s][info][gc,cpu         ] GC(264) User=7.84s Sys=0.05s Real=1.10s
[89.451s][info][gc,start       ] GC(265) Pause Full (Ergonomics)
[89.451s][info][gc,phases,start] GC(265) Marking Phase
[90.259s][info][gc,phases      ] GC(265) Marking Phase 808.082ms
[90.259s][info][gc,phases,start] GC(265) Summary Phase
[90.259s][info][gc,phases      ] GC(265) Summary Phase 0.068ms
[90.259s][info][gc,phases,start] GC(265) Adjust Roots
[90.259s][info][gc,phases      ] GC(265) Adjust Roots 0.357ms
[90.260s][info][gc,phases,start] GC(265) Compaction Phase
[90.558s][info][gc,phases      ] GC(265) Compaction Phase 298.843ms
[90.558s][info][gc,phases,start] GC(265) Post Compact
[90.566s][info][gc,phases      ] GC(265) Post Compact 7.561ms
[90.566s][info][gc,heap        ] GC(265) PSYoungGen: 129610K(250880K)->129610K(250880K) Eden: 99328K(99328K)->99328K(99328K) From: 30282K(151552K)->30282K(151552K)
[90.566s][info][gc,heap        ] GC(265) ParOldGen: 3345371K(3345408K)->3345371K(3345408K)
[90.566s][info][gc,metaspace   ] GC(265) Metaspace: 6298K(6464K)->6298K(6464K) NonClass: 5764K(5824K)->5764K(5824K) Class: 533K(640K)->533K(640K)
[90.566s][info][gc             ] GC(265) Pause Full (Ergonomics) 3393M->3393M(3512M) 1115.349ms
[90.566s][info][gc,cpu         ] GC(265) User=7.80s Sys=0.02s Real=1.12s
[90.566s][info][gc,start       ] GC(266) Pause Full (Ergonomics)
[90.566s][info][gc,phases,start] GC(266) Marking Phase
[91.388s][info][gc,phases      ] GC(266) Marking Phase 822.010ms
[91.388s][info][gc,phases,start] GC(266) Summary Phase
[91.389s][info][gc,phases      ] GC(266) Summary Phase 0.050ms
[91.389s][info][gc,phases,start] GC(266) Adjust Roots
[91.389s][info][gc,phases      ] GC(266) Adjust Roots 0.220ms
[91.389s][info][gc,phases,start] GC(266) Compaction Phase
[91.686s][info][gc,phases      ] GC(266) Compaction Phase 297.086ms
[91.686s][info][gc,phases,start] GC(266) Post Compact
[91.693s][info][gc,phases      ] GC(266) Post Compact 7.099ms
[91.693s][info][gc,heap        ] GC(266) PSYoungGen: 129610K(250880K)->129610K(250880K) Eden: 99328K(99328K)->99328K(99328K) From: 30282K(151552K)->30282K(151552K)
[91.693s][info][gc,heap        ] GC(266) ParOldGen: 3345375K(3345408K)->3345375K(3345408K)
[91.693s][info][gc,metaspace   ] GC(266) Metaspace: 6298K(6464K)->6298K(6464K) NonClass: 5764K(5824K)->5764K(5824K) Class: 533K(640K)->533K(640K)
[91.693s][info][gc             ] GC(266) Pause Full (Ergonomics) 3393M->3393M(3512M) 1126.863ms
[91.693s][info][gc,cpu         ] GC(266) User=7.69s Sys=0.00s Real=1.13s
[91.694s][info][gc,start       ] GC(267) Pause Full (Ergonomics)
[91.694s][info][gc,phases,start] GC(267) Marking Phase
[92.506s][info][gc,phases      ] GC(267) Marking Phase 812.433ms
[92.506s][info][gc,phases,start] GC(267) Summary Phase
[92.506s][info][gc,phases      ] GC(267) Summary Phase 0.063ms
[92.506s][info][gc,phases,start] GC(267) Adjust Roots
[92.506s][info][gc,phases      ] GC(267) Adjust Roots 0.325ms
[92.507s][info][gc,phases,start] GC(267) Compaction Phase
[92.800s][info][gc,phases      ] GC(267) Compaction Phase 293.399ms
[92.800s][info][gc,phases,start] GC(267) Post Compact
[92.808s][info][gc,phases      ] GC(267) Post Compact 7.657ms
[92.808s][info][gc,heap        ] GC(267) PSYoungGen: 129610K(250880K)->129610K(250880K) Eden: 99328K(99328K)->99328K(99328K) From: 30282K(151552K)->30282K(151552K)
[92.808s][info][gc,heap        ] GC(267) ParOldGen: 3345380K(3345408K)->3345380K(3345408K)
[92.808s][info][gc,metaspace   ] GC(267) Metaspace: 6298K(6464K)->6298K(6464K) NonClass: 5764K(5824K)->5764K(5824K) Class: 533K(640K)->533K(640K)
[92.808s][info][gc             ] GC(267) Pause Full (Ergonomics) 3393M->3393M(3512M) 1114.324ms
[92.808s][info][gc,cpu         ] GC(267) User=7.59s Sys=0.00s Real=1.12s
[92.808s][info][gc,start       ] GC(268) Pause Full (Ergonomics)
[92.808s][info][gc,phases,start] GC(268) Marking Phase
[93.614s][info][gc,phases      ] GC(268) Marking Phase 805.925ms
[93.614s][info][gc,phases,start] GC(268) Summary Phase
[93.614s][info][gc,phases      ] GC(268) Summary Phase 0.064ms
[93.614s][info][gc,phases,start] GC(268) Adjust Roots
[93.614s][info][gc,phases      ] GC(268) Adjust Roots 0.265ms
[93.614s][info][gc,phases,start] GC(268) Compaction Phase
[93.899s][info][gc,phases      ] GC(268) Compaction Phase 284.266ms
[93.899s][info][gc,phases,start] GC(268) Post Compact
[93.907s][info][gc,phases      ] GC(268) Post Compact 8.463ms
[93.907s][info][gc,heap        ] GC(268) PSYoungGen: 129610K(250880K)->129610K(250880K) Eden: 99328K(99328K)->99328K(99328K) From: 30282K(151552K)->30282K(151552K)
[93.907s][info][gc,heap        ] GC(268) ParOldGen: 3345385K(3345408K)->3345385K(3345408K)
[93.907s][info][gc,metaspace   ] GC(268) Metaspace: 6298K(6464K)->6298K(6464K) NonClass: 5764K(5824K)->5764K(5824K) Class: 533K(640K)->533K(640K)
[93.907s][info][gc             ] GC(268) Pause Full (Ergonomics) 3393M->3393M(3512M) 1099.383ms
[93.907s][info][gc,cpu         ] GC(268) User=7.33s Sys=0.02s Real=1.10s
[93.908s][info][gc,start       ] GC(269) Pause Full (Ergonomics)
[93.908s][info][gc,phases,start] GC(269) Marking Phase
[94.732s][info][gc,phases      ] GC(269) Marking Phase 824.308ms
[94.732s][info][gc,phases,start] GC(269) Summary Phase
[94.732s][info][gc,phases      ] GC(269) Summary Phase 0.089ms
[94.732s][info][gc,phases,start] GC(269) Adjust Roots
[94.733s][info][gc,phases      ] GC(269) Adjust Roots 0.440ms
[94.733s][info][gc,phases,start] GC(269) Compaction Phase
[95.033s][info][gc,phases      ] GC(269) Compaction Phase 299.825ms
[95.033s][info][gc,phases,start] GC(269) Post Compact
[95.040s][info][gc,phases      ] GC(269) Post Compact 7.350ms
[95.040s][info][gc,heap        ] GC(269) PSYoungGen: 129610K(250880K)->129610K(250880K) Eden: 99328K(99328K)->99328K(99328K) From: 30282K(151552K)->30282K(151552K)
[95.040s][info][gc,heap        ] GC(269) ParOldGen: 3345390K(3345408K)->3345390K(3345408K)
[95.040s][info][gc,metaspace   ] GC(269) Metaspace: 6298K(6464K)->6298K(6464K) NonClass: 5764K(5824K)->5764K(5824K) Class: 533K(640K)->533K(640K)
[95.040s][info][gc             ] GC(269) Pause Full (Ergonomics) 3393M->3393M(3512M) 1132.495ms
[95.040s][info][gc,cpu         ] GC(269) User=7.80s Sys=0.00s Real=1.13s
[95.040s][info][gc,start       ] GC(270) Pause Full (Ergonomics)
[95.040s][info][gc,phases,start] GC(270) Marking Phase
[95.847s][info][gc,phases      ] GC(270) Marking Phase 806.390ms
[95.847s][info][gc,phases,start] GC(270) Summary Phase
[95.847s][info][gc,phases      ] GC(270) Summary Phase 0.090ms
[95.847s][info][gc,phases,start] GC(270) Adjust Roots
[95.847s][info][gc,phases      ] GC(270) Adjust Roots 0.259ms
[95.847s][info][gc,phases,start] GC(270) Compaction Phase
[96.139s][info][gc,phases      ] GC(270) Compaction Phase 291.274ms
[96.139s][info][gc,phases,start] GC(270) Post Compact
[96.147s][info][gc,phases      ] GC(270) Post Compact 7.887ms
[96.147s][info][gc,heap        ] GC(270) PSYoungGen: 129610K(250880K)->129610K(250880K) Eden: 99328K(99328K)->99328K(99328K) From: 30282K(151552K)->30282K(151552K)
[96.147s][info][gc,heap        ] GC(270) ParOldGen: 3345395K(3345408K)->3345395K(3345408K)
[96.147s][info][gc,metaspace   ] GC(270) Metaspace: 6298K(6464K)->6298K(6464K) NonClass: 5764K(5824K)->5764K(5824K) Class: 533K(640K)->533K(640K)
[96.147s][info][gc             ] GC(270) Pause Full (Ergonomics) 3393M->3393M(3512M) 1106.322ms
[96.147s][info][gc,cpu         ] GC(270) User=7.73s Sys=0.00s Real=1.11s
[96.147s][info][gc,start       ] GC(271) Pause Full (Ergonomics)
[96.147s][info][gc,phases,start] GC(271) Marking Phase
[96.969s][info][gc,phases      ] GC(271) Marking Phase 822.141ms
[96.969s][info][gc,phases,start] GC(271) Summary Phase
[96.969s][info][gc,phases      ] GC(271) Summary Phase 0.071ms
[96.969s][info][gc,phases,start] GC(271) Adjust Roots
[96.970s][info][gc,phases      ] GC(271) Adjust Roots 0.374ms
[96.970s][info][gc,phases,start] GC(271) Compaction Phase
[97.258s][info][gc,phases      ] GC(271) Compaction Phase 288.395ms
[97.258s][info][gc,phases,start] GC(271) Post Compact
[97.265s][info][gc,phases      ] GC(271) Post Compact 7.194ms
[97.266s][info][gc,heap        ] GC(271) PSYoungGen: 129610K(250880K)->129610K(250880K) Eden: 99328K(99328K)->99328K(99328K) From: 30282K(151552K)->30282K(151552K)
[97.266s][info][gc,heap        ] GC(271) ParOldGen: 3345400K(3345408K)->3345400K(3345408K)
[97.266s][info][gc,metaspace   ] GC(271) Metaspace: 6298K(6464K)->6298K(6464K) NonClass: 5764K(5824K)->5764K(5824K) Class: 533K(640K)->533K(640K)
[97.266s][info][gc             ] GC(271) Pause Full (Ergonomics) 3393M->3393M(3512M) 1118.618ms
[97.266s][info][gc,cpu         ] GC(271) User=8.08s Sys=0.00s Real=1.12s
[97.266s][info][gc,start       ] GC(272) Pause Full (Ergonomics)
[97.266s][info][gc,phases,start] GC(272) Marking Phase
[98.082s][info][gc,phases      ] GC(272) Marking Phase 815.753ms
[98.082s][info][gc,phases,start] GC(272) Summary Phase
[98.082s][info][gc,phases      ] GC(272) Summary Phase 0.076ms
[98.082s][info][gc,phases,start] GC(272) Adjust Roots
[98.082s][info][gc,phases      ] GC(272) Adjust Roots 0.345ms
[98.082s][info][gc,phases,start] GC(272) Compaction Phase
[98.391s][info][gc,phases      ] GC(272) Compaction Phase 308.309ms
[98.391s][info][gc,phases,start] GC(272) Post Compact
[98.398s][info][gc,phases      ] GC(272) Post Compact 7.452ms
[98.398s][info][gc,heap        ] GC(272) PSYoungGen: 129610K(250880K)->129610K(250880K) Eden: 99328K(99328K)->99328K(99328K) From: 30282K(151552K)->30282K(151552K)
[98.398s][info][gc,heap        ] GC(272) ParOldGen: 3345404K(3345408K)->3345404K(3345408K)
[98.398s][info][gc,metaspace   ] GC(272) Metaspace: 6298K(6464K)->6298K(6464K) NonClass: 5764K(5824K)->5764K(5824K) Class: 533K(640K)->533K(640K)
[98.398s][info][gc             ] GC(272) Pause Full (Ergonomics) 3393M->3393M(3512M) 1132.435ms
[98.398s][info][gc,cpu         ] GC(272) User=7.84s Sys=0.00s Real=1.13s
[98.399s][info][gc,start       ] GC(273) Pause Full (Ergonomics)
[98.399s][info][gc,phases,start] GC(273) Marking Phase
[99.209s][info][gc,phases      ] GC(273) Marking Phase 810.236ms
[99.209s][info][gc,phases,start] GC(273) Summary Phase
[99.209s][info][gc,phases      ] GC(273) Summary Phase 0.053ms
[99.209s][info][gc,phases,start] GC(273) Adjust Roots
[99.209s][info][gc,phases      ] GC(273) Adjust Roots 0.245ms
[99.209s][info][gc,phases,start] GC(273) Compaction Phase
[99.487s][info][gc,phases      ] GC(273) Compaction Phase 277.973ms
[99.487s][info][gc,phases,start] GC(273) Post Compact
[99.495s][info][gc,phases      ] GC(273) Post Compact 7.290ms
[99.495s][info][gc,heap        ] GC(273) PSYoungGen: 129610K(250880K)->129610K(250880K) Eden: 99328K(99328K)->99328K(99328K) From: 30282K(151552K)->30282K(151552K)
[99.495s][info][gc,heap        ] GC(273) ParOldGen: 3345407K(3345408K)->3345407K(3345408K)
[99.495s][info][gc,metaspace   ] GC(273) Metaspace: 6298K(6464K)->6298K(6464K) NonClass: 5764K(5824K)->5764K(5824K) Class: 533K(640K)->533K(640K)
[99.495s][info][gc             ] GC(273) Pause Full (Ergonomics) 3393M->3393M(3512M) 1096.169ms
[99.495s][info][gc,cpu         ] GC(273) User=7.38s Sys=0.02s Real=1.10s
[99.495s][info][gc,start       ] GC(274) Pause Full (Allocation Failure)
[99.495s][info][gc,phases,start] GC(274) Marking Phase
[100.315s][info][gc,phases      ] GC(274) Marking Phase 819.785ms
[100.315s][info][gc,phases,start] GC(274) Summary Phase
[100.315s][info][gc,phases      ] GC(274) Summary Phase 0.060ms
[100.315s][info][gc,phases,start] GC(274) Adjust Roots
[100.315s][info][gc,phases      ] GC(274) Adjust Roots 0.543ms
[100.315s][info][gc,phases,start] GC(274) Compaction Phase
[101.182s][info][gc,phases      ] GC(274) Compaction Phase 867.072ms
[101.183s][info][gc,phases,start] GC(274) Post Compact
[101.190s][info][gc,phases      ] GC(274) Post Compact 7.194ms
[101.190s][info][gc,heap        ] GC(274) PSYoungGen: 129610K(250880K)->129610K(250880K) Eden: 99328K(99328K)->99328K(99328K) From: 30282K(151552K)->30282K(151552K)
[101.190s][info][gc,heap        ] GC(274) ParOldGen: 3345407K(3345408K)->3345403K(3345408K)
[101.190s][info][gc,metaspace   ] GC(274) Metaspace: 6298K(6464K)->6296K(6464K) NonClass: 5764K(5824K)->5763K(5824K) Class: 533K(640K)->532K(640K)
[101.190s][info][gc             ] GC(274) Pause Full (Allocation Failure) 3393M->3393M(3512M) 1695.104ms
[101.190s][info][gc,cpu         ] GC(274) User=11.27s Sys=0.03s Real=1.69s
[101.190s][info][gc,start       ] GC(275) Pause Full (Ergonomics)
[101.190s][info][gc,phases,start] GC(275) Marking Phase
[102.010s][info][gc,phases      ] GC(275) Marking Phase 819.562ms
[102.010s][info][gc,phases,start] GC(275) Summary Phase
[102.010s][info][gc,phases      ] GC(275) Summary Phase 0.074ms
[102.010s][info][gc,phases,start] GC(275) Adjust Roots
[102.011s][info][gc,phases      ] GC(275) Adjust Roots 0.322ms
[102.011s][info][gc,phases,start] GC(275) Compaction Phase
[102.292s][info][gc,phases      ] GC(275) Compaction Phase 281.760ms
[102.292s][info][gc,phases,start] GC(275) Post Compact
[102.300s][info][gc,phases      ] GC(275) Post Compact 7.775ms
[102.300s][info][gc,heap        ] GC(275) PSYoungGen: 129610K(250880K)->129610K(250880K) Eden: 99328K(99328K)->99328K(99328K) From: 30282K(151552K)->30282K(151552K)
[102.300s][info][gc,heap        ] GC(275) ParOldGen: 3345405K(3345408K)->3345405K(3345408K)
[102.300s][info][gc,metaspace   ] GC(275) Metaspace: 6296K(6464K)->6296K(6464K) NonClass: 5763K(5824K)->5763K(5824K) Class: 532K(640K)->532K(640K)
[102.300s][info][gc             ] GC(275) Pause Full (Ergonomics) 3393M->3393M(3512M) 1109.991ms
[102.300s][info][gc,cpu         ] GC(275) User=7.88s Sys=0.00s Real=1.11s
[102.301s][info][gc,start       ] GC(276) Pause Full (Ergonomics)
[102.301s][info][gc,phases,start] GC(276) Marking Phase
[103.133s][info][gc,phases      ] GC(276) Marking Phase 832.098ms
[103.133s][info][gc,phases,start] GC(276) Summary Phase
[103.133s][info][gc,phases      ] GC(276) Summary Phase 0.074ms
[103.133s][info][gc,phases,start] GC(276) Adjust Roots
[103.134s][info][gc,phases      ] GC(276) Adjust Roots 0.303ms
[103.134s][info][gc,phases,start] GC(276) Compaction Phase
[103.418s][info][gc,phases      ] GC(276) Compaction Phase 284.666ms
[103.418s][info][gc,phases,start] GC(276) Post Compact
[103.426s][info][gc,phases      ] GC(276) Post Compact 7.353ms
[103.426s][info][gc,heap        ] GC(276) PSYoungGen: 129610K(250880K)->129610K(250880K) Eden: 99328K(99328K)->99328K(99328K) From: 30282K(151552K)->30282K(151552K)
[103.426s][info][gc,heap        ] GC(276) ParOldGen: 3345407K(3345408K)->3345407K(3345408K)
[103.426s][info][gc,metaspace   ] GC(276) Metaspace: 6296K(6464K)->6296K(6464K) NonClass: 5763K(5824K)->5763K(5824K) Class: 532K(640K)->532K(640K)
[103.426s][info][gc             ] GC(276) Pause Full (Ergonomics) 3393M->3393M(3512M) 1124.942ms
[103.426s][info][gc,cpu         ] GC(276) User=7.89s Sys=0.00s Real=1.12s
[103.426s][info][gc,start       ] GC(277) Pause Full (Allocation Failure)
[103.426s][info][gc,phases,start] GC(277) Marking Phase
[104.236s][info][gc,phases      ] GC(277) Marking Phase 810.355ms
[104.236s][info][gc,phases,start] GC(277) Summary Phase
[104.236s][info][gc,phases      ] GC(277) Summary Phase 0.053ms
[104.237s][info][gc,phases,start] GC(277) Adjust Roots
[104.237s][info][gc,phases      ] GC(277) Adjust Roots 0.215ms
[104.237s][info][gc,phases,start] GC(277) Compaction Phase
[104.513s][info][gc,phases      ] GC(277) Compaction Phase 276.256ms
[104.513s][info][gc,phases,start] GC(277) Post Compact
[104.520s][info][gc,phases      ] GC(277) Post Compact 7.201ms
[104.520s][info][gc,heap        ] GC(277) PSYoungGen: 129610K(250880K)->129610K(250880K) Eden: 99328K(99328K)->99328K(99328K) From: 30282K(151552K)->30282K(151552K)
[104.520s][info][gc,heap        ] GC(277) ParOldGen: 3345407K(3345408K)->3345407K(3345408K)
[104.520s][info][gc,metaspace   ] GC(277) Metaspace: 6296K(6464K)->6296K(6464K) NonClass: 5763K(5824K)->5763K(5824K) Class: 532K(640K)->532K(640K)
[104.520s][info][gc             ] GC(277) Pause Full (Allocation Failure) 3393M->3393M(3512M) 1094.569ms
[104.521s][info][gc,cpu         ] GC(277) User=7.84s Sys=0.00s Real=1.10s
[104.521s][info][gc,start       ] GC(278) Pause Full (Ergonomics)
[104.521s][info][gc,phases,start] GC(278) Marking Phase
[105.335s][info][gc,phases      ] GC(278) Marking Phase 813.715ms
[105.335s][info][gc,phases,start] GC(278) Summary Phase
[105.335s][info][gc,phases      ] GC(278) Summary Phase 0.075ms
[105.335s][info][gc,phases,start] GC(278) Adjust Roots
[105.335s][info][gc,phases      ] GC(278) Adjust Roots 0.345ms
[105.335s][info][gc,phases,start] GC(278) Compaction Phase
[106.209s][info][gc,phases      ] GC(278) Compaction Phase 873.761ms
[106.209s][info][gc,phases,start] GC(278) Post Compact
[106.216s][info][gc,phases      ] GC(278) Post Compact 7.271ms
[106.216s][info][gc,heap        ] GC(278) PSYoungGen: 129610K(250880K)->129610K(250880K) Eden: 99328K(99328K)->99328K(99328K) From: 30282K(151552K)->30282K(151552K)
[106.217s][info][gc,heap        ] GC(278) ParOldGen: 3345407K(3345408K)->3345406K(3345408K)
[106.217s][info][gc,metaspace   ] GC(278) Metaspace: 6296K(6464K)->6296K(6464K) NonClass: 5763K(5824K)->5763K(5824K) Class: 532K(640K)->532K(640K)
[106.217s][info][gc             ] GC(278) Pause Full (Ergonomics) 3393M->3393M(3512M) 1695.627ms
[106.217s][info][gc,cpu         ] GC(278) User=11.34s Sys=0.06s Real=1.70s
[106.217s][info][gc,start       ] GC(279) Pause Full (Ergonomics)
[106.217s][info][gc,phases,start] GC(279) Marking Phase
[107.038s][info][gc,phases      ] GC(279) Marking Phase 820.135ms
[107.038s][info][gc,phases,start] GC(279) Summary Phase
[107.038s][info][gc,phases      ] GC(279) Summary Phase 0.057ms
[107.038s][info][gc,phases,start] GC(279) Adjust Roots
[107.038s][info][gc,phases      ] GC(279) Adjust Roots 0.371ms
[107.038s][info][gc,phases,start] GC(279) Compaction Phase
[107.901s][info][gc,phases      ] GC(279) Compaction Phase 862.287ms
[107.901s][info][gc,phases,start] GC(279) Post Compact
[107.908s][info][gc,phases      ] GC(279) Post Compact 7.284ms
[107.908s][info][gc,heap        ] GC(279) PSYoungGen: 129610K(250880K)->129610K(250880K) Eden: 99328K(99328K)->99328K(99328K) From: 30282K(151552K)->30282K(151552K)
[107.908s][info][gc,heap        ] GC(279) ParOldGen: 3345407K(3345408K)->3345406K(3345408K)
[107.908s][info][gc,metaspace   ] GC(279) Metaspace: 6297K(6464K)->6297K(6464K) NonClass: 5763K(5824K)->5763K(5824K) Class: 533K(640K)->533K(640K)
[107.908s][info][gc             ] GC(279) Pause Full (Ergonomics) 3393M->3393M(3512M) 1690.576ms
[107.908s][info][gc,cpu         ] GC(279) User=11.27s Sys=0.03s Real=1.69s
[107.909s][info][gc,heap,exit   ] Heap
[107.909s][info][gc,heap,exit   ]  PSYoungGen      total 250880K, used 129610K [0x0000000799f00000, 0x00000007b3b80000, 0x0000000800000000)
[107.909s][info][gc,heap,exit   ]   eden space 99328K, 100% used [0x0000000799f00000,0x00000007a0000000,0x00000007a0000000)
[107.909s][info][gc,heap,exit   ]   from space 151552K, 19% used [0x00000007a9900000,0x00000007ab692820,0x00000007b2d00000)
[107.909s][info][gc,heap,exit   ]   to   space 156672K, 0% used [0x00000007a0000000,0x00000007a0000000,0x00000007a9900000)
[107.909s][info][gc,heap,exit   ]  ParOldGen       total 3345408K, used 3345407K [0x00000006cdc00000, 0x0000000799f00000, 0x0000000799f00000)
[107.909s][info][gc,heap,exit   ]   object space 3345408K, 99% used [0x00000006cdc00000,0x0000000799effcf8,0x0000000799f00000)
[107.909s][info][gc,heap,exit   ]  Metaspace       used 6301K, committed 6464K, reserved 1114112K
[107.909s][info][gc,heap,exit   ]   class space    used 534K, committed 640K, reserved 1048576K
