[0.013s][info][gc,init] CardTable entry size: 512
[0.013s][info][gc     ] Using Parallel
[0.013s][info][gc,init] Version: 18.0.1+10 (release)
[0.013s][info][gc,init] CPUs: 8 total, 8 available
[0.013s][info][gc,init] Memory: 16063M
[0.013s][info][gc,init] Large Page Support: Disabled
[0.013s][info][gc,init] NUMA Support: Disabled
[0.013s][info][gc,init] Compressed Oops: Enabled (Zero based)
[0.013s][info][gc,init] Alignments: Space 512K, Generation 512K, Heap 2M
[0.014s][info][gc,init] Heap Min Capacity: 2M
[0.014s][info][gc,init] Heap Initial Capacity: 2M
[0.014s][info][gc,init] Heap Max Capacity: 3500M
[0.014s][info][gc,init] Pre-touch: Disabled
[0.014s][info][gc,init] Parallel Workers: 8
[0.014s][info][gc,metaspace] CDS archive(s) not mapped
[0.014s][info][gc,metaspace] Compressed class space mapped at: 0x0000000800000000-0x0000000840000000, reserved size: 1073741824
[0.014s][info][gc,metaspace] Narrow klass base: 0x0000000800000000, Narrow klass shift: 0, Narrow klass range: 0x40000000
[0.120s][info][gc,start    ] GC(0) Pause Young (Allocation Failure)
[0.121s][info][gc,heap     ] GC(0) PSYoungGen: 512K(1024K)->480K(1024K) Eden: 512K(512K)->0K(512K) From: 0K(512K)->480K(512K)
[0.121s][info][gc,heap     ] GC(0) ParOldGen: 0K(512K)->8K(512K)
[0.121s][info][gc,metaspace] GC(0) Metaspace: 4228K(4352K)->4228K(4352K) NonClass: 3907K(3968K)->3907K(3968K) Class: 321K(384K)->321K(384K)
[0.121s][info][gc          ] GC(0) Pause Young (Allocation Failure) 0M->0M(1M) 1.392ms
[0.121s][info][gc,cpu      ] GC(0) User=0.00s Sys=0.00s Real=0.00s
[0.191s][info][gc,start    ] GC(1) Pause Young (Allocation Failure)
[0.192s][info][gc,heap     ] GC(1) PSYoungGen: 991K(1024K)->512K(1536K) Eden: 511K(512K)->0K(1024K) From: 480K(512K)->512K(512K)
[0.192s][info][gc,heap     ] GC(1) ParOldGen: 8K(512K)->80K(512K)
[0.192s][info][gc,metaspace] GC(1) Metaspace: 5876K(5952K)->5876K(5952K) NonClass: 5379K(5440K)->5379K(5440K) Class: 496K(512K)->496K(512K)
[0.192s][info][gc          ] GC(1) Pause Young (Allocation Failure) 0M->0M(2M) 0.904ms
[0.192s][info][gc,cpu      ] GC(1) User=0.00s Sys=0.00s Real=0.00s
[0.211s][info][gc,start    ] GC(2) Pause Young (Allocation Failure)
[0.212s][info][gc,heap     ] GC(2) PSYoungGen: 1536K(1536K)->512K(1536K) Eden: 1024K(1024K)->0K(1024K) From: 512K(512K)->512K(512K)
[0.212s][info][gc,heap     ] GC(2) ParOldGen: 80K(512K)->504K(512K)
[0.212s][info][gc,metaspace] GC(2) Metaspace: 6295K(6464K)->6295K(6464K) NonClass: 5762K(5824K)->5762K(5824K) Class: 533K(640K)->533K(640K)
[0.212s][info][gc          ] GC(2) Pause Young (Allocation Failure) 1M->0M(2M) 1.175ms
[0.212s][info][gc,cpu      ] GC(2) User=0.00s Sys=0.00s Real=0.00s
[0.212s][info][gc,start    ] GC(3) Pause Full (Ergonomics)
[0.212s][info][gc,phases,start] GC(3) Marking Phase
[0.213s][info][gc,phases      ] GC(3) Marking Phase 0.918ms
[0.213s][info][gc,phases,start] GC(3) Summary Phase
[0.213s][info][gc,phases      ] GC(3) Summary Phase 0.016ms
[0.213s][info][gc,phases,start] GC(3) Adjust Roots
[0.213s][info][gc,phases      ] GC(3) Adjust Roots 0.347ms
[0.213s][info][gc,phases,start] GC(3) Compaction Phase
[0.215s][info][gc,phases      ] GC(3) Compaction Phase 1.904ms
[0.215s][info][gc,phases,start] GC(3) Post Compact
[0.215s][info][gc,phases      ] GC(3) Post Compact 0.077ms
[0.215s][info][gc,heap        ] GC(3) PSYoungGen: 512K(1536K)->507K(1536K) Eden: 0K(1024K)->0K(1024K) From: 512K(512K)->507K(512K)
[0.215s][info][gc,heap        ] GC(3) ParOldGen: 504K(512K)->473K(2048K)
[0.215s][info][gc,metaspace   ] GC(3) Metaspace: 6295K(6464K)->6295K(6464K) NonClass: 5762K(5824K)->5762K(5824K) Class: 533K(640K)->533K(640K)
[0.215s][info][gc             ] GC(3) Pause Full (Ergonomics) 0M->0M(3M) 3.517ms
[0.215s][info][gc,cpu         ] GC(3) User=0.00s Sys=0.00s Real=0.00s
[0.217s][info][gc,start       ] GC(4) Pause Young (Allocation Failure)
[0.219s][info][gc,heap        ] GC(4) PSYoungGen: 1531K(1536K)->480K(2560K) Eden: 1024K(1024K)->0K(2048K) From: 507K(512K)->480K(512K)
[0.219s][info][gc,heap        ] GC(4) ParOldGen: 473K(2048K)->1033K(2048K)
[0.219s][info][gc,metaspace   ] GC(4) Metaspace: 6295K(6464K)->6295K(6464K) NonClass: 5762K(5824K)->5762K(5824K) Class: 533K(640K)->533K(640K)
[0.219s][info][gc             ] GC(4) Pause Young (Allocation Failure) 1M->1M(4M) 1.541ms
[0.219s][info][gc,cpu         ] GC(4) User=0.00s Sys=0.00s Real=0.00s
[0.222s][info][gc,start       ] GC(5) Pause Young (Allocation Failure)
[0.224s][info][gc,heap        ] GC(5) PSYoungGen: 2528K(2560K)->480K(2560K) Eden: 2048K(2048K)->0K(2048K) From: 480K(512K)->480K(512K)
[0.224s][info][gc,heap        ] GC(5) ParOldGen: 1033K(2048K)->2102K(2560K)
[0.224s][info][gc,metaspace   ] GC(5) Metaspace: 6295K(6464K)->6295K(6464K) NonClass: 5762K(5824K)->5762K(5824K) Class: 533K(640K)->533K(640K)
[0.224s][info][gc             ] GC(5) Pause Young (Allocation Failure) 3M->2M(5M) 2.110ms
[0.224s][info][gc,cpu         ] GC(5) User=0.00s Sys=0.00s Real=0.00s
[0.224s][info][gc,start       ] GC(6) Pause Full (Ergonomics)
[0.224s][info][gc,phases,start] GC(6) Marking Phase
[0.226s][info][gc,phases      ] GC(6) Marking Phase 1.741ms
[0.226s][info][gc,phases,start] GC(6) Summary Phase
[0.226s][info][gc,phases      ] GC(6) Summary Phase 0.025ms
[0.226s][info][gc,phases,start] GC(6) Adjust Roots
[0.227s][info][gc,phases      ] GC(6) Adjust Roots 0.425ms
[0.227s][info][gc,phases,start] GC(6) Compaction Phase
[0.229s][info][gc,phases      ] GC(6) Compaction Phase 2.370ms
[0.229s][info][gc,phases,start] GC(6) Post Compact
[0.229s][info][gc,phases      ] GC(6) Post Compact 0.034ms
[0.229s][info][gc,heap        ] GC(6) PSYoungGen: 480K(2560K)->0K(4096K) Eden: 0K(2048K)->0K(3072K) From: 480K(512K)->0K(1024K)
[0.229s][info][gc,heap        ] GC(6) ParOldGen: 2102K(2560K)->2542K(6144K)
[0.229s][info][gc,metaspace   ] GC(6) Metaspace: 6295K(6464K)->6295K(6464K) NonClass: 5762K(5824K)->5762K(5824K) Class: 533K(640K)->533K(640K)
[0.229s][info][gc             ] GC(6) Pause Full (Ergonomics) 2M->2M(10M) 5.044ms
[0.229s][info][gc,cpu         ] GC(6) User=0.00s Sys=0.00s Real=0.01s
[0.235s][info][gc,start       ] GC(7) Pause Young (Allocation Failure)
[0.237s][info][gc,heap        ] GC(7) PSYoungGen: 3072K(4096K)->1664K(5120K) Eden: 3072K(3072K)->0K(3072K) From: 0K(1024K)->1664K(2048K)
[0.237s][info][gc,heap        ] GC(7) ParOldGen: 2542K(6144K)->2542K(6144K)
[0.237s][info][gc,metaspace   ] GC(7) Metaspace: 6295K(6464K)->6295K(6464K) NonClass: 5762K(5824K)->5762K(5824K) Class: 533K(640K)->533K(640K)
[0.237s][info][gc             ] GC(7) Pause Young (Allocation Failure) 5M->4M(11M) 2.063ms
[0.237s][info][gc,cpu         ] GC(7) User=0.00s Sys=0.00s Real=0.00s
[0.242s][info][gc,start       ] GC(8) Pause Young (Allocation Failure)
[0.245s][info][gc,heap        ] GC(8) PSYoungGen: 4736K(5120K)->2016K(5632K) Eden: 3072K(3072K)->0K(3584K) From: 1664K(2048K)->2016K(2048K)
[0.245s][info][gc,heap        ] GC(8) ParOldGen: 2542K(6144K)->3774K(6144K)
[0.245s][info][gc,metaspace   ] GC(8) Metaspace: 6295K(6464K)->6295K(6464K) NonClass: 5762K(5824K)->5762K(5824K) Class: 533K(640K)->533K(640K)
[0.245s][info][gc             ] GC(8) Pause Young (Allocation Failure) 7M->5M(11M) 3.390ms
[0.245s][info][gc,cpu         ] GC(8) User=0.00s Sys=0.00s Real=0.00s
[0.251s][info][gc,start       ] GC(9) Pause Young (Allocation Failure)
[0.255s][info][gc,heap        ] GC(9) PSYoungGen: 5600K(5632K)->3040K(6656K) Eden: 3584K(3584K)->0K(3584K) From: 2016K(2048K)->3040K(3072K)
[0.255s][info][gc,heap        ] GC(9) ParOldGen: 3774K(6144K)->4614K(6144K)
[0.255s][info][gc,metaspace   ] GC(9) Metaspace: 6295K(6464K)->6295K(6464K) NonClass: 5762K(5824K)->5762K(5824K) Class: 533K(640K)->533K(640K)
[0.255s][info][gc             ] GC(9) Pause Young (Allocation Failure) 9M->7M(12M) 3.648ms
[0.255s][info][gc,cpu         ] GC(9) User=0.00s Sys=0.00s Real=0.00s
[0.260s][info][gc,start       ] GC(10) Pause Young (Allocation Failure)
[0.264s][info][gc,heap        ] GC(10) PSYoungGen: 6624K(6656K)->4064K(8704K) Eden: 3584K(3584K)->0K(4608K) From: 3040K(3072K)->4064K(4096K)
[0.264s][info][gc,heap        ] GC(10) ParOldGen: 4614K(6144K)->5454K(6144K)
[0.264s][info][gc,metaspace   ] GC(10) Metaspace: 6295K(6464K)->6295K(6464K) NonClass: 5762K(5824K)->5762K(5824K) Class: 533K(640K)->533K(640K)
[0.264s][info][gc             ] GC(10) Pause Young (Allocation Failure) 10M->9M(14M) 3.806ms
[0.264s][info][gc,cpu         ] GC(10) User=0.00s Sys=0.00s Real=0.00s
[0.264s][info][gc,start       ] GC(11) Pause Full (Ergonomics)
[0.264s][info][gc,phases,start] GC(11) Marking Phase
[0.268s][info][gc,phases      ] GC(11) Marking Phase 4.424ms
[0.268s][info][gc,phases,start] GC(11) Summary Phase
[0.268s][info][gc,phases      ] GC(11) Summary Phase 0.018ms
[0.268s][info][gc,phases,start] GC(11) Adjust Roots
[0.269s][info][gc,phases      ] GC(11) Adjust Roots 0.340ms
[0.269s][info][gc,phases,start] GC(11) Compaction Phase
[0.275s][info][gc,phases      ] GC(11) Compaction Phase 6.445ms
[0.275s][info][gc,phases,start] GC(11) Post Compact
[0.275s][info][gc,phases      ] GC(11) Post Compact 0.059ms
[0.275s][info][gc,heap        ] GC(11) PSYoungGen: 4064K(8704K)->3545K(8704K) Eden: 0K(4608K)->0K(4608K) From: 4064K(4096K)->3545K(4096K)
[0.275s][info][gc,heap        ] GC(11) ParOldGen: 5454K(6144K)->5831K(10752K)
[0.275s][info][gc,metaspace   ] GC(11) Metaspace: 6295K(6464K)->6295K(6464K) NonClass: 5762K(5824K)->5762K(5824K) Class: 533K(640K)->533K(640K)
[0.275s][info][gc             ] GC(11) Pause Full (Ergonomics) 9M->9M(19M) 11.618ms
[0.275s][info][gc,cpu         ] GC(11) User=0.02s Sys=0.00s Real=0.01s
[0.281s][info][gc,start       ] GC(12) Pause Young (Allocation Failure)
[0.285s][info][gc,heap        ] GC(12) PSYoungGen: 8013K(8704K)->5088K(9728K) Eden: 4468K(4608K)->0K(4608K) From: 3545K(4096K)->5088K(5120K)
[0.285s][info][gc,heap        ] GC(12) ParOldGen: 5831K(10752K)->6615K(10752K)
[0.285s][info][gc,metaspace   ] GC(12) Metaspace: 6295K(6464K)->6295K(6464K) NonClass: 5762K(5824K)->5762K(5824K) Class: 533K(640K)->533K(640K)
[0.285s][info][gc             ] GC(12) Pause Young (Allocation Failure) 13M->11M(20M) 4.229ms
[0.285s][info][gc,cpu         ] GC(12) User=0.00s Sys=0.00s Real=0.01s
[0.291s][info][gc,start       ] GC(13) Pause Young (Allocation Failure)
[0.297s][info][gc,heap        ] GC(13) PSYoungGen: 9696K(9728K)->6112K(11264K) Eden: 4608K(4608K)->0K(5120K) From: 5088K(5120K)->6112K(6144K)
[0.298s][info][gc,heap        ] GC(13) ParOldGen: 6615K(10752K)->7983K(10752K)
[0.298s][info][gc,metaspace   ] GC(13) Metaspace: 6295K(6464K)->6295K(6464K) NonClass: 5762K(5824K)->5762K(5824K) Class: 533K(640K)->533K(640K)
[0.298s][info][gc             ] GC(13) Pause Young (Allocation Failure) 15M->13M(21M) 6.371ms
[0.298s][info][gc,cpu         ] GC(13) User=0.00s Sys=0.00s Real=0.01s
[0.302s][info][gc,start       ] GC(14) Pause Young (Allocation Failure)
[0.308s][info][gc,heap        ] GC(14) PSYoungGen: 11232K(11264K)->5248K(12800K) Eden: 5120K(5120K)->0K(5120K) From: 6112K(6144K)->5248K(7680K)
[0.308s][info][gc,heap        ] GC(14) ParOldGen: 7983K(10752K)->11575K(11776K)
[0.309s][info][gc,metaspace   ] GC(14) Metaspace: 6297K(6464K)->6297K(6464K) NonClass: 5764K(5824K)->5764K(5824K) Class: 533K(640K)->533K(640K)
[0.309s][info][gc             ] GC(14) Pause Young (Allocation Failure) 18M->16M(24M) 6.169ms
[0.309s][info][gc,cpu         ] GC(14) User=0.02s Sys=0.00s Real=0.01s
[0.309s][info][gc,start       ] GC(15) Pause Full (Ergonomics)
[0.309s][info][gc,phases,start] GC(15) Marking Phase
[0.316s][info][gc,phases      ] GC(15) Marking Phase 7.679ms
[0.316s][info][gc,phases,start] GC(15) Summary Phase
[0.316s][info][gc,phases      ] GC(15) Summary Phase 0.022ms
[0.316s][info][gc,phases,start] GC(15) Adjust Roots
[0.317s][info][gc,phases      ] GC(15) Adjust Roots 0.313ms
[0.317s][info][gc,phases,start] GC(15) Compaction Phase
[0.325s][info][gc,phases      ] GC(15) Compaction Phase 8.091ms
[0.325s][info][gc,phases,start] GC(15) Post Compact
[0.325s][info][gc,phases      ] GC(15) Post Compact 0.076ms
[0.325s][info][gc,heap        ] GC(15) PSYoungGen: 5248K(12800K)->5187K(12800K) Eden: 0K(5120K)->0K(5120K) From: 5248K(7680K)->5187K(7680K)
[0.325s][info][gc,heap        ] GC(15) ParOldGen: 11575K(11776K)->11463K(18432K)
[0.325s][info][gc,metaspace   ] GC(15) Metaspace: 6297K(6464K)->6297K(6464K) NonClass: 5764K(5824K)->5764K(5824K) Class: 533K(640K)->533K(640K)
[0.325s][info][gc             ] GC(15) Pause Full (Ergonomics) 16M->16M(30M) 16.597ms
[0.325s][info][gc,cpu         ] GC(15) User=0.00s Sys=0.00s Real=0.02s
[0.329s][info][gc,start       ] GC(16) Pause Young (Allocation Failure)
[0.338s][info][gc,heap        ] GC(16) PSYoungGen: 10307K(12800K)->2688K(14336K) Eden: 5120K(5120K)->0K(7168K) From: 5187K(7680K)->2688K(7168K)
[0.338s][info][gc,heap        ] GC(16) ParOldGen: 11463K(18432K)->16727K(18432K)
[0.338s][info][gc,metaspace   ] GC(16) Metaspace: 6297K(6464K)->6297K(6464K) NonClass: 5764K(5824K)->5764K(5824K) Class: 533K(640K)->533K(640K)
[0.338s][info][gc             ] GC(16) Pause Young (Allocation Failure) 21M->18M(32M) 8.801ms
[0.338s][info][gc,cpu         ] GC(16) User=0.02s Sys=0.00s Real=0.01s
[0.338s][info][gc,start       ] GC(17) Pause Full (Ergonomics)
[0.338s][info][gc,phases,start] GC(17) Marking Phase
[0.346s][info][gc,phases      ] GC(17) Marking Phase 8.385ms
[0.347s][info][gc,phases,start] GC(17) Summary Phase
[0.347s][info][gc,phases      ] GC(17) Summary Phase 0.020ms
[0.347s][info][gc,phases,start] GC(17) Adjust Roots
[0.347s][info][gc,phases      ] GC(17) Adjust Roots 0.247ms
[0.347s][info][gc,phases,start] GC(17) Compaction Phase
[0.354s][info][gc,phases      ] GC(17) Compaction Phase 6.988ms
[0.354s][info][gc,phases,start] GC(17) Post Compact
[0.354s][info][gc,phases      ] GC(17) Post Compact 0.057ms
[0.354s][info][gc,heap        ] GC(17) PSYoungGen: 2688K(14336K)->1105K(14848K) Eden: 0K(7168K)->0K(7680K) From: 2688K(7168K)->1105K(7168K)
[0.354s][info][gc,heap        ] GC(17) ParOldGen: 16727K(18432K)->18183K(27648K)
[0.354s][info][gc,metaspace   ] GC(17) Metaspace: 6297K(6464K)->6297K(6464K) NonClass: 5764K(5824K)->5764K(5824K) Class: 533K(640K)->533K(640K)
[0.354s][info][gc             ] GC(17) Pause Full (Ergonomics) 18M->18M(41M) 16.132ms
[0.354s][info][gc,cpu         ] GC(17) User=0.00s Sys=0.00s Real=0.02s
[0.359s][info][gc,start       ] GC(18) Pause Young (Allocation Failure)
[0.365s][info][gc,heap        ] GC(18) PSYoungGen: 7799K(14848K)->3424K(15360K) Eden: 6694K(7680K)->0K(7680K) From: 1105K(7168K)->3424K(7680K)
[0.365s][info][gc,heap        ] GC(18) ParOldGen: 18183K(27648K)->19311K(27648K)
[0.365s][info][gc,metaspace   ] GC(18) Metaspace: 6297K(6464K)->6297K(6464K) NonClass: 5764K(5824K)->5764K(5824K) Class: 533K(640K)->533K(640K)
[0.365s][info][gc             ] GC(18) Pause Young (Allocation Failure) 25M->22M(42M) 6.319ms
[0.365s][info][gc,cpu         ] GC(18) User=0.00s Sys=0.00s Real=0.01s
[0.375s][info][gc,start       ] GC(19) Pause Young (Allocation Failure)
[0.383s][info][gc,heap        ] GC(19) PSYoungGen: 11103K(15360K)->4512K(17920K) Eden: 7679K(7680K)->0K(10240K) From: 3424K(7680K)->4512K(7680K)
[0.383s][info][gc,heap        ] GC(19) ParOldGen: 19311K(27648K)->22759K(27648K)
[0.383s][info][gc,metaspace   ] GC(19) Metaspace: 6297K(6464K)->6297K(6464K) NonClass: 5764K(5824K)->5764K(5824K) Class: 533K(640K)->533K(640K)
[0.383s][info][gc             ] GC(19) Pause Young (Allocation Failure) 29M->26M(44M) 7.894ms
[0.383s][info][gc,cpu         ] GC(19) User=0.00s Sys=0.00s Real=0.01s
[0.390s][info][gc,start       ] GC(20) Pause Young (Allocation Failure)
[0.398s][info][gc,heap        ] GC(20) PSYoungGen: 14752K(17920K)->5344K(17920K) Eden: 10240K(10240K)->0K(10240K) From: 4512K(7680K)->5344K(7680K)
[0.398s][info][gc,heap        ] GC(20) ParOldGen: 22759K(27648K)->27279K(27648K)
[0.398s][info][gc,metaspace   ] GC(20) Metaspace: 6297K(6464K)->6297K(6464K) NonClass: 5764K(5824K)->5764K(5824K) Class: 533K(640K)->533K(640K)
[0.398s][info][gc             ] GC(20) Pause Young (Allocation Failure) 36M->31M(44M) 7.692ms
[0.398s][info][gc,cpu         ] GC(20) User=0.00s Sys=0.00s Real=0.01s
[0.398s][info][gc,start       ] GC(21) Pause Full (Ergonomics)
[0.398s][info][gc,phases,start] GC(21) Marking Phase
[0.412s][info][gc,phases      ] GC(21) Marking Phase 13.677ms
[0.412s][info][gc,phases,start] GC(21) Summary Phase
[0.412s][info][gc,phases      ] GC(21) Summary Phase 0.017ms
[0.412s][info][gc,phases,start] GC(21) Adjust Roots
[0.412s][info][gc,phases      ] GC(21) Adjust Roots 0.191ms
[0.412s][info][gc,phases,start] GC(21) Compaction Phase
[0.427s][info][gc,phases      ] GC(21) Compaction Phase 14.287ms
[0.427s][info][gc,phases,start] GC(21) Post Compact
[0.427s][info][gc,phases      ] GC(21) Post Compact 0.119ms
[0.427s][info][gc,heap        ] GC(21) PSYoungGen: 5344K(17920K)->4779K(17920K) Eden: 0K(10240K)->0K(10240K) From: 5344K(7680K)->4779K(7680K)
[0.427s][info][gc,heap        ] GC(21) ParOldGen: 27279K(27648K)->27139K(38912K)
[0.427s][info][gc,metaspace   ] GC(21) Metaspace: 6297K(6464K)->6297K(6464K) NonClass: 5764K(5824K)->5764K(5824K) Class: 533K(640K)->533K(640K)
[0.427s][info][gc             ] GC(21) Pause Full (Ergonomics) 31M->31M(55M) 28.800ms
[0.427s][info][gc,cpu         ] GC(21) User=0.00s Sys=0.00s Real=0.03s
[0.437s][info][gc,start       ] GC(22) Pause Young (Allocation Failure)
[0.449s][info][gc,heap        ] GC(22) PSYoungGen: 15019K(17920K)->8192K(17920K) Eden: 10240K(10240K)->0K(9728K) From: 4779K(7680K)->8192K(8192K)
[0.449s][info][gc,heap        ] GC(22) ParOldGen: 27139K(38912K)->32963K(38912K)
[0.449s][info][gc,metaspace   ] GC(22) Metaspace: 6297K(6464K)->6297K(6464K) NonClass: 5764K(5824K)->5764K(5824K) Class: 533K(640K)->533K(640K)
[0.449s][info][gc             ] GC(22) Pause Young (Allocation Failure) 41M->40M(55M) 12.162ms
[0.449s][info][gc,cpu         ] GC(22) User=0.00s Sys=0.02s Real=0.01s
[0.450s][info][gc,start       ] GC(23) Pause Full (Ergonomics)
[0.450s][info][gc,phases,start] GC(23) Marking Phase
[0.466s][info][gc,phases      ] GC(23) Marking Phase 16.423ms
[0.466s][info][gc,phases,start] GC(23) Summary Phase
[0.466s][info][gc,phases      ] GC(23) Summary Phase 0.016ms
[0.466s][info][gc,phases,start] GC(23) Adjust Roots
[0.466s][info][gc,phases      ] GC(23) Adjust Roots 0.186ms
[0.466s][info][gc,phases,start] GC(23) Compaction Phase
[0.477s][info][gc,phases      ] GC(23) Compaction Phase 10.220ms
[0.477s][info][gc,phases,start] GC(23) Post Compact
[0.477s][info][gc,phases      ] GC(23) Post Compact 0.236ms
[0.477s][info][gc,heap        ] GC(23) PSYoungGen: 8192K(17920K)->2555K(17920K) Eden: 0K(9728K)->0K(9728K) From: 8192K(8192K)->2555K(8192K)
[0.477s][info][gc,heap        ] GC(23) ParOldGen: 32963K(38912K)->38486K(52736K)
[0.477s][info][gc,metaspace   ] GC(23) Metaspace: 6297K(6464K)->6297K(6464K) NonClass: 5764K(5824K)->5764K(5824K) Class: 533K(640K)->533K(640K)
[0.477s][info][gc             ] GC(23) Pause Full (Ergonomics) 40M->40M(69M) 27.427ms
[0.477s][info][gc,cpu         ] GC(23) User=0.03s Sys=0.02s Real=0.03s
[0.491s][info][gc,start       ] GC(24) Pause Young (Allocation Failure)
[0.501s][info][gc,heap        ] GC(24) PSYoungGen: 12283K(17920K)->9760K(20992K) Eden: 9728K(9728K)->0K(9728K) From: 2555K(8192K)->9760K(11264K)
[0.501s][info][gc,heap        ] GC(24) ParOldGen: 38486K(52736K)->41086K(52736K)
[0.501s][info][gc,metaspace   ] GC(24) Metaspace: 6297K(6464K)->6297K(6464K) NonClass: 5764K(5824K)->5764K(5824K) Class: 533K(640K)->533K(640K)
[0.501s][info][gc             ] GC(24) Pause Young (Allocation Failure) 49M->49M(72M) 9.671ms
[0.501s][info][gc,cpu         ] GC(24) User=0.02s Sys=0.00s Real=0.01s
[0.510s][info][gc,start       ] GC(25) Pause Young (Allocation Failure)
[0.523s][info][gc,heap        ] GC(25) PSYoungGen: 19488K(20992K)->12768K(19968K) Eden: 9728K(9728K)->0K(7168K) From: 9760K(11264K)->12768K(12800K)
[0.523s][info][gc,heap        ] GC(25) ParOldGen: 41086K(52736K)->47854K(52736K)
[0.523s][info][gc,metaspace   ] GC(25) Metaspace: 6297K(6464K)->6297K(6464K) NonClass: 5764K(5824K)->5764K(5824K) Class: 533K(640K)->533K(640K)
[0.523s][info][gc             ] GC(25) Pause Young (Allocation Failure) 59M->59M(71M) 13.018ms
[0.523s][info][gc,cpu         ] GC(25) User=0.02s Sys=0.00s Real=0.01s
[0.523s][info][gc,start       ] GC(26) Pause Full (Ergonomics)
[0.523s][info][gc,phases,start] GC(26) Marking Phase
[0.548s][info][gc,phases      ] GC(26) Marking Phase 24.306ms
[0.548s][info][gc,phases,start] GC(26) Summary Phase
[0.548s][info][gc,phases      ] GC(26) Summary Phase 0.021ms
[0.548s][info][gc,phases,start] GC(26) Adjust Roots
[0.548s][info][gc,phases      ] GC(26) Adjust Roots 0.159ms
[0.548s][info][gc,phases,start] GC(26) Compaction Phase
[0.568s][info][gc,phases      ] GC(26) Compaction Phase 19.660ms
[0.568s][info][gc,phases,start] GC(26) Post Compact
[0.568s][info][gc,phases      ] GC(26) Post Compact 0.185ms
[0.568s][info][gc,heap        ] GC(26) PSYoungGen: 12768K(19968K)->7122K(19968K) Eden: 0K(7168K)->0K(7168K) From: 12768K(12800K)->7122K(12800K)
[0.568s][info][gc,heap        ] GC(26) ParOldGen: 47854K(52736K)->52297K(69120K)
[0.568s][info][gc,metaspace   ] GC(26) Metaspace: 6297K(6464K)->6297K(6464K) NonClass: 5764K(5824K)->5764K(5824K) Class: 533K(640K)->533K(640K)
[0.568s][info][gc             ] GC(26) Pause Full (Ergonomics) 59M->58M(87M) 44.762ms
[0.568s][info][gc,cpu         ] GC(26) User=0.05s Sys=0.00s Real=0.05s
[0.576s][info][gc,start       ] GC(27) Pause Young (Allocation Failure)
[0.590s][info][gc,heap        ] GC(27) PSYoungGen: 14290K(19968K)->7200K(24576K) Eden: 7168K(7168K)->0K(7168K) From: 7122K(12800K)->7200K(17408K)
[0.590s][info][gc,heap        ] GC(27) ParOldGen: 52297K(69120K)->59537K(69120K)
[0.590s][info][gc,metaspace   ] GC(27) Metaspace: 6297K(6464K)->6297K(6464K) NonClass: 5764K(5824K)->5764K(5824K) Class: 533K(640K)->533K(640K)
[0.590s][info][gc             ] GC(27) Pause Young (Allocation Failure) 65M->65M(91M) 14.307ms
[0.590s][info][gc,cpu         ] GC(27) User=0.02s Sys=0.00s Real=0.02s
[0.597s][info][gc,start       ] GC(28) Pause Young (Allocation Failure)
[0.607s][info][gc,heap        ] GC(28) PSYoungGen: 14368K(24576K)->14368K(23040K) Eden: 7168K(7168K)->0K(6656K) From: 7200K(17408K)->14368K(16384K)
[0.607s][info][gc,heap        ] GC(28) ParOldGen: 59537K(69120K)->59537K(69120K)
[0.607s][info][gc,metaspace   ] GC(28) Metaspace: 6297K(6464K)->6297K(6464K) NonClass: 5764K(5824K)->5764K(5824K) Class: 533K(640K)->533K(640K)
[0.607s][info][gc             ] GC(28) Pause Young (Allocation Failure) 72M->72M(90M) 9.733ms
[0.607s][info][gc,cpu         ] GC(28) User=0.02s Sys=0.00s Real=0.01s
[0.614s][info][gc,start       ] GC(29) Pause Young (Allocation Failure)
[0.626s][info][gc,heap        ] GC(29) PSYoungGen: 21024K(23040K)->13824K(25088K) Eden: 6656K(6656K)->0K(6656K) From: 14368K(16384K)->13824K(18432K)
[0.626s][info][gc,heap        ] GC(29) ParOldGen: 59537K(69120K)->66793K(69120K)
[0.626s][info][gc,metaspace   ] GC(29) Metaspace: 6297K(6464K)->6297K(6464K) NonClass: 5764K(5824K)->5764K(5824K) Class: 533K(640K)->533K(640K)
[0.627s][info][gc             ] GC(29) Pause Young (Allocation Failure) 78M->78M(92M) 12.999ms
[0.627s][info][gc,cpu         ] GC(29) User=0.02s Sys=0.00s Real=0.01s
[0.627s][info][gc,start       ] GC(30) Pause Full (Ergonomics)
[0.627s][info][gc,phases,start] GC(30) Marking Phase
[0.658s][info][gc,phases      ] GC(30) Marking Phase 31.729ms
[0.658s][info][gc,phases,start] GC(30) Summary Phase
[0.658s][info][gc,phases      ] GC(30) Summary Phase 0.020ms
[0.658s][info][gc,phases,start] GC(30) Adjust Roots
[0.659s][info][gc,phases      ] GC(30) Adjust Roots 0.154ms
[0.659s][info][gc,phases,start] GC(30) Compaction Phase
[0.678s][info][gc,phases      ] GC(30) Compaction Phase 19.413ms
[0.678s][info][gc,phases,start] GC(30) Post Compact
[0.678s][info][gc,phases      ] GC(30) Post Compact 0.403ms
[0.679s][info][gc,heap        ] GC(30) PSYoungGen: 13824K(25088K)->11209K(25088K) Eden: 0K(6656K)->0K(6656K) From: 13824K(18432K)->11209K(18432K)
[0.679s][info][gc,heap        ] GC(30) ParOldGen: 66793K(69120K)->69113K(89600K)
[0.679s][info][gc,metaspace   ] GC(30) Metaspace: 6297K(6464K)->6297K(6464K) NonClass: 5764K(5824K)->5764K(5824K) Class: 533K(640K)->533K(640K)
[0.679s][info][gc             ] GC(30) Pause Full (Ergonomics) 78M->78M(112M) 52.159ms
[0.679s][info][gc,cpu         ] GC(30) User=0.05s Sys=0.02s Real=0.05s
[0.686s][info][gc,start       ] GC(31) Pause Young (Allocation Failure)
[0.703s][info][gc,heap        ] GC(31) PSYoungGen: 17865K(25088K)->11936K(27648K) Eden: 6656K(6656K)->0K(8192K) From: 11209K(18432K)->11936K(19456K)
[0.703s][info][gc,heap        ] GC(31) ParOldGen: 69113K(89600K)->75161K(89600K)
[0.703s][info][gc,metaspace   ] GC(31) Metaspace: 6297K(6464K)->6297K(6464K) NonClass: 5764K(5824K)->5764K(5824K) Class: 533K(640K)->533K(640K)
[0.703s][info][gc             ] GC(31) Pause Young (Allocation Failure) 84M->85M(114M) 16.802ms
[0.703s][info][gc,cpu         ] GC(31) User=0.02s Sys=0.00s Real=0.02s
[0.720s][info][gc,start       ] GC(32) Pause Young (Allocation Failure)
[0.738s][info][gc,heap        ] GC(32) PSYoungGen: 20128K(27648K)->14848K(28160K) Eden: 8192K(8192K)->0K(8192K) From: 11936K(19456K)->14848K(19968K)
[0.738s][info][gc,heap        ] GC(32) ParOldGen: 75161K(89600K)->80513K(89600K)
[0.739s][info][gc,metaspace   ] GC(32) Metaspace: 6297K(6464K)->6297K(6464K) NonClass: 5764K(5824K)->5764K(5824K) Class: 533K(640K)->533K(640K)
[0.739s][info][gc             ] GC(32) Pause Young (Allocation Failure) 93M->93M(115M) 18.413ms
[0.739s][info][gc,cpu         ] GC(32) User=0.00s Sys=0.00s Real=0.02s
[0.739s][info][gc,start       ] GC(33) Pause Full (Ergonomics)
[0.739s][info][gc,phases,start] GC(33) Marking Phase
[0.775s][info][gc,phases      ] GC(33) Marking Phase 36.845ms
[0.776s][info][gc,phases,start] GC(33) Summary Phase
[0.776s][info][gc,phases      ] GC(33) Summary Phase 0.015ms
[0.776s][info][gc,phases,start] GC(33) Adjust Roots
[0.776s][info][gc,phases      ] GC(33) Adjust Roots 0.152ms
[0.776s][info][gc,phases,start] GC(33) Compaction Phase
[0.801s][info][gc,phases      ] GC(33) Compaction Phase 25.659ms
[0.801s][info][gc,phases,start] GC(33) Post Compact
[0.802s][info][gc,phases      ] GC(33) Post Compact 0.319ms
[0.802s][info][gc,heap        ] GC(33) PSYoungGen: 14848K(28160K)->3553K(28160K) Eden: 0K(8192K)->0K(8192K) From: 14848K(19968K)->3553K(19968K)
[0.802s][info][gc,heap        ] GC(33) ParOldGen: 80513K(89600K)->89525K(112128K)
[0.802s][info][gc,metaspace   ] GC(33) Metaspace: 6297K(6464K)->6297K(6464K) NonClass: 5764K(5824K)->5764K(5824K) Class: 533K(640K)->533K(640K)
[0.802s][info][gc             ] GC(33) Pause Full (Ergonomics) 93M->90M(137M) 63.341ms
[0.802s][info][gc,cpu         ] GC(33) User=0.11s Sys=0.00s Real=0.06s
[0.809s][info][gc,start       ] GC(34) Pause Young (Allocation Failure)
[0.822s][info][gc,heap        ] GC(34) PSYoungGen: 11745K(28160K)->10176K(29184K) Eden: 8192K(8192K)->0K(9728K) From: 3553K(19968K)->10176K(19456K)
[0.822s][info][gc,heap        ] GC(34) ParOldGen: 89525K(112128K)->91181K(112128K)
[0.822s][info][gc,metaspace   ] GC(34) Metaspace: 6297K(6464K)->6297K(6464K) NonClass: 5764K(5824K)->5764K(5824K) Class: 533K(640K)->533K(640K)
[0.822s][info][gc             ] GC(34) Pause Young (Allocation Failure) 98M->98M(138M) 12.526ms
[0.822s][info][gc,cpu         ] GC(34) User=0.02s Sys=0.00s Real=0.01s
[0.831s][info][gc,start       ] GC(35) Pause Young (Allocation Failure)
[0.844s][info][gc,heap        ] GC(35) PSYoungGen: 19904K(29184K)->19872K(30208K) Eden: 9728K(9728K)->0K(9728K) From: 10176K(19456K)->19872K(20480K)
[0.844s][info][gc,heap        ] GC(35) ParOldGen: 91181K(112128K)->91181K(112128K)
[0.844s][info][gc,metaspace   ] GC(35) Metaspace: 6297K(6464K)->6297K(6464K) NonClass: 5764K(5824K)->5764K(5824K) Class: 533K(640K)->533K(640K)
[0.844s][info][gc             ] GC(35) Pause Young (Allocation Failure) 108M->108M(139M) 13.383ms
[0.844s][info][gc,cpu         ] GC(35) User=0.00s Sys=0.00s Real=0.01s
[0.853s][info][gc,start       ] GC(36) Pause Young (Allocation Failure)
[0.874s][info][gc,heap        ] GC(36) PSYoungGen: 29600K(30208K)->23552K(29184K) Eden: 9728K(9728K)->0K(5632K) From: 19872K(20480K)->23552K(23552K)
[0.874s][info][gc,heap        ] GC(36) ParOldGen: 91181K(112128K)->97269K(112128K)
[0.874s][info][gc,metaspace   ] GC(36) Metaspace: 6297K(6464K)->6297K(6464K) NonClass: 5764K(5824K)->5764K(5824K) Class: 533K(640K)->533K(640K)
[0.874s][info][gc             ] GC(36) Pause Young (Allocation Failure) 117M->117M(138M) 20.439ms
[0.874s][info][gc,cpu         ] GC(36) User=0.02s Sys=0.00s Real=0.02s
[0.880s][info][gc,start       ] GC(37) Pause Young (Allocation Failure)
[0.897s][info][gc,heap        ] GC(37) PSYoungGen: 29184K(29184K)->13056K(34816K) Eden: 5632K(5632K)->0K(5632K) From: 23552K(23552K)->13056K(29184K)
[0.897s][info][gc,heap        ] GC(37) ParOldGen: 97269K(112128K)->113653K(113664K)
[0.897s][info][gc,metaspace   ] GC(37) Metaspace: 6297K(6464K)->6297K(6464K) NonClass: 5764K(5824K)->5764K(5824K) Class: 533K(640K)->533K(640K)
[0.897s][info][gc             ] GC(37) Pause Young (Allocation Failure) 123M->123M(145M) 17.537ms
[0.897s][info][gc,cpu         ] GC(37) User=0.02s Sys=0.00s Real=0.02s
[0.897s][info][gc,start       ] GC(38) Pause Full (Ergonomics)
[0.897s][info][gc,phases,start] GC(38) Marking Phase
[0.937s][info][gc,phases      ] GC(38) Marking Phase 39.577ms
[0.937s][info][gc,phases,start] GC(38) Summary Phase
[0.937s][info][gc,phases      ] GC(38) Summary Phase 0.017ms
[0.937s][info][gc,phases,start] GC(38) Adjust Roots
[0.937s][info][gc,phases      ] GC(38) Adjust Roots 0.149ms
[0.937s][info][gc,phases,start] GC(38) Compaction Phase
[0.956s][info][gc,phases      ] GC(38) Compaction Phase 19.274ms
[0.956s][info][gc,phases,start] GC(38) Post Compact
[0.957s][info][gc,phases      ] GC(38) Post Compact 0.816ms
[0.957s][info][gc,heap        ] GC(38) PSYoungGen: 13056K(34816K)->12984K(34816K) Eden: 0K(5632K)->0K(5632K) From: 13056K(29184K)->12984K(29184K)
[0.957s][info][gc,heap        ] GC(38) ParOldGen: 113653K(113664K)->113243K(141824K)
[0.957s][info][gc,metaspace   ] GC(38) Metaspace: 6297K(6464K)->6297K(6464K) NonClass: 5764K(5824K)->5764K(5824K) Class: 533K(640K)->533K(640K)
[0.957s][info][gc             ] GC(38) Pause Full (Ergonomics) 123M->123M(172M) 60.278ms
[0.957s][info][gc,cpu         ] GC(38) User=0.17s Sys=0.00s Real=0.06s
[0.963s][info][gc,start       ] GC(39) Pause Young (Allocation Failure)
[0.981s][info][gc,heap        ] GC(39) PSYoungGen: 18616K(34816K)->5664K(34304K) Eden: 5632K(5632K)->0K(7168K) From: 12984K(29184K)->5664K(27136K)
[0.981s][info][gc,heap        ] GC(39) ParOldGen: 113243K(141824K)->126451K(141824K)
[0.981s][info][gc,metaspace   ] GC(39) Metaspace: 6297K(6464K)->6297K(6464K) NonClass: 5764K(5824K)->5764K(5824K) Class: 533K(640K)->533K(640K)
[0.981s][info][gc             ] GC(39) Pause Young (Allocation Failure) 128M->129M(172M) 17.372ms
[0.981s][info][gc,cpu         ] GC(39) User=0.02s Sys=0.00s Real=0.02s
[0.981s][info][gc,start       ] GC(40) Pause Full (Ergonomics)
[0.981s][info][gc,phases,start] GC(40) Marking Phase
[1.022s][info][gc,phases      ] GC(40) Marking Phase 41.157ms
[1.022s][info][gc,phases,start] GC(40) Summary Phase
[1.022s][info][gc,phases      ] GC(40) Summary Phase 0.017ms
[1.022s][info][gc,phases,start] GC(40) Adjust Roots
[1.022s][info][gc,phases      ] GC(40) Adjust Roots 0.155ms
[1.022s][info][gc,phases,start] GC(40) Compaction Phase
[1.041s][info][gc,phases      ] GC(40) Compaction Phase 18.388ms
[1.041s][info][gc,phases,start] GC(40) Post Compact
[1.041s][info][gc,phases      ] GC(40) Post Compact 0.818ms
[1.042s][info][gc,heap        ] GC(40) PSYoungGen: 5664K(34304K)->0K(34816K) Eden: 0K(7168K)->0K(7168K) From: 5664K(27136K)->0K(27648K)
[1.042s][info][gc,heap        ] GC(40) ParOldGen: 126451K(141824K)->131829K(164352K)
[1.042s][info][gc,metaspace   ] GC(40) Metaspace: 6297K(6464K)->6297K(6464K) NonClass: 5764K(5824K)->5764K(5824K) Class: 533K(640K)->533K(640K)
[1.042s][info][gc             ] GC(40) Pause Full (Ergonomics) 129M->128M(194M) 60.987ms
[1.042s][info][gc,cpu         ] GC(40) User=0.14s Sys=0.00s Real=0.06s
[1.049s][info][gc,start       ] GC(41) Pause Young (Allocation Failure)
[1.055s][info][gc,heap        ] GC(41) PSYoungGen: 7168K(34816K)->7200K(34304K) Eden: 7168K(7168K)->0K(8704K) From: 0K(27648K)->7200K(25600K)
[1.055s][info][gc,heap        ] GC(41) ParOldGen: 131829K(164352K)->131829K(164352K)
[1.055s][info][gc,metaspace   ] GC(41) Metaspace: 6297K(6464K)->6297K(6464K) NonClass: 5764K(5824K)->5764K(5824K) Class: 533K(640K)->533K(640K)
[1.055s][info][gc             ] GC(41) Pause Young (Allocation Failure) 135M->135M(194M) 5.664ms
[1.055s][info][gc,cpu         ] GC(41) User=0.02s Sys=0.00s Real=0.01s
[1.063s][info][gc,start       ] GC(42) Pause Young (Allocation Failure)
[1.073s][info][gc,heap        ] GC(42) PSYoungGen: 15904K(34304K)->15904K(35328K) Eden: 8704K(8704K)->0K(8704K) From: 7200K(25600K)->15904K(26624K)
[1.073s][info][gc,heap        ] GC(42) ParOldGen: 131829K(164352K)->131829K(164352K)
[1.073s][info][gc,metaspace   ] GC(42) Metaspace: 6297K(6464K)->6297K(6464K) NonClass: 5764K(5824K)->5764K(5824K) Class: 533K(640K)->533K(640K)
[1.073s][info][gc             ] GC(42) Pause Young (Allocation Failure) 144M->144M(195M) 9.515ms
[1.073s][info][gc,cpu         ] GC(42) User=0.02s Sys=0.00s Real=0.01s
[1.081s][info][gc,start       ] GC(43) Pause Young (Allocation Failure)
[1.095s][info][gc,heap        ] GC(43) PSYoungGen: 24608K(35328K)->24608K(34304K) Eden: 8704K(8704K)->0K(7168K) From: 15904K(26624K)->24608K(27136K)
[1.095s][info][gc,heap        ] GC(43) ParOldGen: 131829K(164352K)->131829K(164352K)
[1.095s][info][gc,metaspace   ] GC(43) Metaspace: 6297K(6464K)->6297K(6464K) NonClass: 5764K(5824K)->5764K(5824K) Class: 533K(640K)->533K(640K)
[1.095s][info][gc             ] GC(43) Pause Young (Allocation Failure) 152M->152M(194M) 13.824ms
[1.095s][info][gc,cpu         ] GC(43) User=0.00s Sys=0.00s Real=0.01s
[1.102s][info][gc,start       ] GC(44) Pause Young (Allocation Failure)
[1.118s][info][gc,heap        ] GC(44) PSYoungGen: 31776K(34304K)->30208K(37376K) Eden: 7168K(7168K)->0K(7168K) From: 24608K(27136K)->30208K(30208K)
[1.118s][info][gc,heap        ] GC(44) ParOldGen: 131829K(164352K)->133325K(164352K)
[1.118s][info][gc,metaspace   ] GC(44) Metaspace: 6297K(6464K)->6297K(6464K) NonClass: 5764K(5824K)->5764K(5824K) Class: 533K(640K)->533K(640K)
[1.118s][info][gc             ] GC(44) Pause Young (Allocation Failure) 159M->159M(197M) 16.221ms
[1.118s][info][gc,cpu         ] GC(44) User=0.02s Sys=0.00s Real=0.02s
[1.125s][info][gc,start       ] GC(45) Pause Young (Allocation Failure)
[1.144s][info][gc,heap        ] GC(45) PSYoungGen: 37376K(37376K)->22016K(43520K) Eden: 7168K(7168K)->0K(8192K) From: 30208K(30208K)->22016K(35328K)
[1.144s][info][gc,heap        ] GC(45) ParOldGen: 133325K(164352K)->148965K(164352K)
[1.144s][info][gc,metaspace   ] GC(45) Metaspace: 6297K(6464K)->6297K(6464K) NonClass: 5764K(5824K)->5764K(5824K) Class: 533K(640K)->533K(640K)
[1.145s][info][gc             ] GC(45) Pause Young (Allocation Failure) 166M->166M(203M) 19.662ms
[1.145s][info][gc,cpu         ] GC(45) User=0.05s Sys=0.00s Real=0.02s
[1.145s][info][gc,start       ] GC(46) Pause Full (Ergonomics)
[1.145s][info][gc,phases,start] GC(46) Marking Phase
[1.193s][info][gc,phases      ] GC(46) Marking Phase 48.602ms
[1.193s][info][gc,phases,start] GC(46) Summary Phase
[1.193s][info][gc,phases      ] GC(46) Summary Phase 0.025ms
[1.193s][info][gc,phases,start] GC(46) Adjust Roots
[1.193s][info][gc,phases      ] GC(46) Adjust Roots 0.153ms
[1.193s][info][gc,phases,start] GC(46) Compaction Phase
[1.216s][info][gc,phases      ] GC(46) Compaction Phase 22.253ms
[1.216s][info][gc,phases,start] GC(46) Post Compact
[1.217s][info][gc,phases      ] GC(46) Post Compact 1.201ms
[1.217s][info][gc,heap        ] GC(46) PSYoungGen: 22016K(43520K)->6574K(43520K) Eden: 0K(8192K)->0K(8192K) From: 22016K(35328K)->6574K(35328K)
[1.217s][info][gc,heap        ] GC(46) ParOldGen: 148965K(164352K)->164008K(200192K)
[1.217s][info][gc,metaspace   ] GC(46) Metaspace: 6297K(6464K)->6297K(6464K) NonClass: 5764K(5824K)->5764K(5824K) Class: 533K(640K)->533K(640K)
[1.217s][info][gc             ] GC(46) Pause Full (Ergonomics) 166M->166M(238M) 72.700ms
[1.217s][info][gc,cpu         ] GC(46) User=0.22s Sys=0.00s Real=0.07s
[1.254s][info][gc,start       ] GC(47) Pause Young (Allocation Failure)
[1.270s][info][gc,heap        ] GC(47) PSYoungGen: 14766K(43520K)->10368K(44032K) Eden: 8192K(8192K)->0K(8192K) From: 6574K(35328K)->10368K(35840K)
[1.270s][info][gc,heap        ] GC(47) ParOldGen: 172200K(200192K)->176768K(200192K)
[1.270s][info][gc,metaspace   ] GC(47) Metaspace: 6297K(6464K)->6297K(6464K) NonClass: 5764K(5824K)->5764K(5824K) Class: 533K(640K)->533K(640K)
[1.270s][info][gc             ] GC(47) Pause Young (Allocation Failure) 182M->182M(238M) 16.460ms
[1.270s][info][gc,cpu         ] GC(47) User=0.02s Sys=0.00s Real=0.02s
[1.278s][info][gc,start       ] GC(48) Pause Young (Allocation Failure)
[1.288s][info][gc,heap        ] GC(48) PSYoungGen: 18560K(44032K)->16448K(41984K) Eden: 8192K(8192K)->0K(9728K) From: 10368K(35840K)->16448K(32256K)
[1.288s][info][gc,heap        ] GC(48) ParOldGen: 176768K(200192K)->178912K(200192K)
[1.288s][info][gc,metaspace   ] GC(48) Metaspace: 6297K(6464K)->6297K(6464K) NonClass: 5764K(5824K)->5764K(5824K) Class: 533K(640K)->533K(640K)
[1.288s][info][gc             ] GC(48) Pause Young (Allocation Failure) 190M->190M(236M) 9.992ms
[1.288s][info][gc,cpu         ] GC(48) User=0.00s Sys=0.00s Real=0.01s
[1.297s][info][gc,start       ] GC(49) Pause Young (Allocation Failure)
[1.310s][info][gc,heap        ] GC(49) PSYoungGen: 26176K(41984K)->17984K(43008K) Eden: 9728K(9728K)->0K(9728K) From: 16448K(32256K)->17984K(33280K)
[1.310s][info][gc,heap        ] GC(49) ParOldGen: 178912K(200192K)->187216K(200192K)
[1.310s][info][gc,metaspace   ] GC(49) Metaspace: 6297K(6464K)->6297K(6464K) NonClass: 5764K(5824K)->5764K(5824K) Class: 533K(640K)->533K(640K)
[1.310s][info][gc             ] GC(49) Pause Young (Allocation Failure) 200M->200M(237M) 13.121ms
[1.310s][info][gc,cpu         ] GC(49) User=0.02s Sys=0.00s Real=0.01s
[1.310s][info][gc,start       ] GC(50) Pause Full (Ergonomics)
[1.310s][info][gc,phases,start] GC(50) Marking Phase
[1.356s][info][gc,phases      ] GC(50) Marking Phase 45.926ms
[1.356s][info][gc,phases,start] GC(50) Summary Phase
[1.356s][info][gc,phases      ] GC(50) Summary Phase 0.017ms
[1.356s][info][gc,phases,start] GC(50) Adjust Roots
[1.356s][info][gc,phases      ] GC(50) Adjust Roots 0.157ms
[1.356s][info][gc,phases,start] GC(50) Compaction Phase
[1.393s][info][gc,phases      ] GC(50) Compaction Phase 36.301ms
[1.393s][info][gc,phases,start] GC(50) Post Compact
[1.394s][info][gc,phases      ] GC(50) Post Compact 0.848ms
[1.394s][info][gc,heap        ] GC(50) PSYoungGen: 17984K(43008K)->1001K(43008K) Eden: 0K(9728K)->0K(9728K) From: 17984K(33280K)->1001K(33280K)
[1.394s][info][gc,heap        ] GC(50) ParOldGen: 187216K(200192K)->199700K(236032K)
[1.394s][info][gc,metaspace   ] GC(50) Metaspace: 6297K(6464K)->6297K(6464K) NonClass: 5764K(5824K)->5764K(5824K) Class: 533K(640K)->533K(640K)
[1.394s][info][gc             ] GC(50) Pause Full (Ergonomics) 200M->195M(272M) 83.716ms
[1.394s][info][gc,cpu         ] GC(50) User=0.23s Sys=0.00s Real=0.08s
[1.405s][info][gc,start       ] GC(51) Pause Young (Allocation Failure)
[1.420s][info][gc,heap        ] GC(51) PSYoungGen: 10729K(43008K)->10208K(41984K) Eden: 9728K(9728K)->0K(11264K) From: 1001K(33280K)->10208K(30720K)
[1.420s][info][gc,heap        ] GC(51) ParOldGen: 199700K(236032K)->200332K(236032K)
[1.420s][info][gc,metaspace   ] GC(51) Metaspace: 6297K(6464K)->6297K(6464K) NonClass: 5764K(5824K)->5764K(5824K) Class: 533K(640K)->533K(640K)
[1.420s][info][gc             ] GC(51) Pause Young (Allocation Failure) 205M->205M(271M) 15.080ms
[1.420s][info][gc,cpu         ] GC(51) User=0.02s Sys=0.00s Real=0.02s
[1.431s][info][gc,start       ] GC(52) Pause Young (Allocation Failure)
[1.442s][info][gc,heap        ] GC(52) PSYoungGen: 21472K(41984K)->21472K(43008K) Eden: 11264K(11264K)->0K(11264K) From: 10208K(30720K)->21472K(31744K)
[1.442s][info][gc,heap        ] GC(52) ParOldGen: 200332K(236032K)->200332K(236032K)
[1.442s][info][gc,metaspace   ] GC(52) Metaspace: 6297K(6464K)->6297K(6464K) NonClass: 5764K(5824K)->5764K(5824K) Class: 533K(640K)->533K(640K)
[1.442s][info][gc             ] GC(52) Pause Young (Allocation Failure) 216M->216M(272M) 10.993ms
[1.442s][info][gc,cpu         ] GC(52) User=0.00s Sys=0.00s Real=0.01s
[1.454s][info][gc,start       ] GC(53) Pause Young (Allocation Failure)
[1.471s][info][gc,heap        ] GC(53) PSYoungGen: 32736K(43008K)->32736K(40960K) Eden: 11264K(11264K)->0K(8192K) From: 21472K(31744K)->32736K(32768K)
[1.471s][info][gc,heap        ] GC(53) ParOldGen: 200332K(236032K)->200332K(236032K)
[1.471s][info][gc,metaspace   ] GC(53) Metaspace: 6297K(6464K)->6297K(6464K) NonClass: 5764K(5824K)->5764K(5824K) Class: 533K(640K)->533K(640K)
[1.471s][info][gc             ] GC(53) Pause Young (Allocation Failure) 227M->227M(270M) 16.497ms
[1.471s][info][gc,cpu         ] GC(53) User=0.03s Sys=0.00s Real=0.02s
[1.480s][info][gc,start       ] GC(54) Pause Young (Allocation Failure)
[1.499s][info][gc,heap        ] GC(54) PSYoungGen: 40928K(40960K)->37376K(45568K) Eden: 8192K(8192K)->0K(8192K) From: 32736K(32768K)->37376K(37376K)
[1.499s][info][gc,heap        ] GC(54) ParOldGen: 200332K(236032K)->203828K(236032K)
[1.499s][info][gc,metaspace   ] GC(54) Metaspace: 6297K(6464K)->6297K(6464K) NonClass: 5764K(5824K)->5764K(5824K) Class: 533K(640K)->533K(640K)
[1.499s][info][gc             ] GC(54) Pause Young (Allocation Failure) 235M->235M(275M) 18.503ms
[1.499s][info][gc,cpu         ] GC(54) User=0.06s Sys=0.00s Real=0.02s
[1.508s][info][gc,start       ] GC(55) Pause Young (Allocation Failure)
[1.529s][info][gc,heap        ] GC(55) PSYoungGen: 45568K(45568K)->26432K(53760K) Eden: 8192K(8192K)->0K(9728K) From: 37376K(37376K)->26432K(44032K)
[1.529s][info][gc,heap        ] GC(55) ParOldGen: 203828K(236032K)->223308K(236032K)
[1.529s][info][gc,metaspace   ] GC(55) Metaspace: 6297K(6464K)->6297K(6464K) NonClass: 5764K(5824K)->5764K(5824K) Class: 533K(640K)->533K(640K)
[1.529s][info][gc             ] GC(55) Pause Young (Allocation Failure) 243M->243M(283M) 21.859ms
[1.529s][info][gc,cpu         ] GC(55) User=0.09s Sys=0.00s Real=0.02s
[1.530s][info][gc,start       ] GC(56) Pause Full (Ergonomics)
[1.530s][info][gc,phases,start] GC(56) Marking Phase
[1.594s][info][gc,phases      ] GC(56) Marking Phase 64.754ms
[1.594s][info][gc,phases,start] GC(56) Summary Phase
[1.594s][info][gc,phases      ] GC(56) Summary Phase 0.018ms
[1.594s][info][gc,phases,start] GC(56) Adjust Roots
[1.595s][info][gc,phases      ] GC(56) Adjust Roots 0.158ms
[1.595s][info][gc,phases,start] GC(56) Compaction Phase
[1.623s][info][gc,phases      ] GC(56) Compaction Phase 28.113ms
[1.623s][info][gc,phases,start] GC(56) Post Compact
[1.624s][info][gc,phases      ] GC(56) Post Compact 1.093ms
[1.624s][info][gc,heap        ] GC(56) PSYoungGen: 26432K(53760K)->13512K(53760K) Eden: 0K(9728K)->0K(9728K) From: 26432K(44032K)->13512K(44032K)
[1.624s][info][gc,heap        ] GC(56) ParOldGen: 223308K(236032K)->235681K(276992K)
[1.624s][info][gc,metaspace   ] GC(56) Metaspace: 6297K(6464K)->6297K(6464K) NonClass: 5764K(5824K)->5764K(5824K) Class: 533K(640K)->533K(640K)
[1.624s][info][gc             ] GC(56) Pause Full (Ergonomics) 243M->243M(323M) 94.622ms
[1.624s][info][gc,cpu         ] GC(56) User=0.36s Sys=0.00s Real=0.09s
[1.635s][info][gc,start       ] GC(57) Pause Young (Allocation Failure)
[1.657s][info][gc,heap        ] GC(57) PSYoungGen: 23240K(53760K)->14464K(53760K) Eden: 9728K(9728K)->0K(9728K) From: 13512K(44032K)->14464K(44032K)
[1.657s][info][gc,heap        ] GC(57) ParOldGen: 235681K(276992K)->244713K(276992K)
[1.657s][info][gc,metaspace   ] GC(57) Metaspace: 6297K(6464K)->6297K(6464K) NonClass: 5764K(5824K)->5764K(5824K) Class: 533K(640K)->533K(640K)
[1.657s][info][gc             ] GC(57) Pause Young (Allocation Failure) 252M->253M(323M) 22.264ms
[1.657s][info][gc,cpu         ] GC(57) User=0.09s Sys=0.00s Real=0.02s
[1.668s][info][gc,start       ] GC(58) Pause Young (Allocation Failure)
[1.681s][info][gc,heap        ] GC(58) PSYoungGen: 24192K(53760K)->19552K(49152K) Eden: 9728K(9728K)->0K(11264K) From: 14464K(44032K)->19552K(37888K)
[1.681s][info][gc,heap        ] GC(58) ParOldGen: 244713K(276992K)->249425K(276992K)
[1.682s][info][gc,metaspace   ] GC(58) Metaspace: 6297K(6464K)->6297K(6464K) NonClass: 5764K(5824K)->5764K(5824K) Class: 533K(640K)->533K(640K)
[1.682s][info][gc             ] GC(58) Pause Young (Allocation Failure) 262M->262M(318M) 13.379ms
[1.682s][info][gc,cpu         ] GC(58) User=0.02s Sys=0.00s Real=0.01s
[1.694s][info][gc,start       ] GC(59) Pause Young (Allocation Failure)
[1.711s][info][gc,heap        ] GC(59) PSYoungGen: 30816K(49152K)->21088K(51712K) Eden: 11264K(11264K)->0K(11264K) From: 19552K(37888K)->21088K(40448K)
[1.711s][info][gc,heap        ] GC(59) ParOldGen: 249425K(276992K)->259297K(276992K)
[1.711s][info][gc,metaspace   ] GC(59) Metaspace: 6297K(6464K)->6297K(6464K) NonClass: 5764K(5824K)->5764K(5824K) Class: 533K(640K)->533K(640K)
[1.711s][info][gc             ] GC(59) Pause Young (Allocation Failure) 273M->273M(321M) 16.755ms
[1.711s][info][gc,cpu         ] GC(59) User=0.02s Sys=0.00s Real=0.02s
[1.711s][info][gc,start       ] GC(60) Pause Full (Ergonomics)
[1.711s][info][gc,phases,start] GC(60) Marking Phase
[1.778s][info][gc,phases      ] GC(60) Marking Phase 66.593ms
[1.778s][info][gc,phases,start] GC(60) Summary Phase
[1.778s][info][gc,phases      ] GC(60) Summary Phase 0.022ms
[1.778s][info][gc,phases,start] GC(60) Adjust Roots
[1.778s][info][gc,phases      ] GC(60) Adjust Roots 0.148ms
[1.778s][info][gc,phases,start] GC(60) Compaction Phase
[1.810s][info][gc,phases      ] GC(60) Compaction Phase 32.258ms
[1.810s][info][gc,phases,start] GC(60) Post Compact
[1.812s][info][gc,phases      ] GC(60) Post Compact 1.440ms
[1.812s][info][gc,heap        ] GC(60) PSYoungGen: 21088K(51712K)->3050K(51712K) Eden: 0K(11264K)->0K(11264K) From: 21088K(40448K)->3050K(40448K)
[1.812s][info][gc,heap        ] GC(60) ParOldGen: 259297K(276992K)->276776K(320000K)
[1.812s][info][gc,metaspace   ] GC(60) Metaspace: 6297K(6464K)->6297K(6464K) NonClass: 5764K(5824K)->5764K(5824K) Class: 533K(640K)->533K(640K)
[1.812s][info][gc             ] GC(60) Pause Full (Ergonomics) 273M->273M(363M) 100.959ms
[1.812s][info][gc,cpu         ] GC(60) User=0.48s Sys=0.03s Real=0.10s
[1.825s][info][gc,start       ] GC(61) Pause Young (Allocation Failure)
[1.849s][info][gc,heap        ] GC(61) PSYoungGen: 14314K(51712K)->12576K(50688K) Eden: 11264K(11264K)->0K(12800K) From: 3050K(40448K)->12576K(37888K)
[1.849s][info][gc,heap        ] GC(61) ParOldGen: 276776K(320000K)->278712K(320000K)
[1.849s][info][gc,metaspace   ] GC(61) Metaspace: 6297K(6464K)->6297K(6464K) NonClass: 5764K(5824K)->5764K(5824K) Class: 533K(640K)->533K(640K)
[1.849s][info][gc             ] GC(61) Pause Young (Allocation Failure) 284M->284M(362M) 23.568ms
[1.849s][info][gc,cpu         ] GC(61) User=0.11s Sys=0.00s Real=0.02s
[1.863s][info][gc,start       ] GC(62) Pause Young (Allocation Failure)
[1.877s][info][gc,heap        ] GC(62) PSYoungGen: 25376K(50688K)->25344K(51200K) Eden: 12800K(12800K)->0K(12800K) From: 12576K(37888K)->25344K(38400K)
[1.877s][info][gc,heap        ] GC(62) ParOldGen: 278712K(320000K)->278712K(320000K)
[1.877s][info][gc,metaspace   ] GC(62) Metaspace: 6297K(6464K)->6297K(6464K) NonClass: 5764K(5824K)->5764K(5824K) Class: 533K(640K)->533K(640K)
[1.877s][info][gc             ] GC(62) Pause Young (Allocation Failure) 296M->296M(362M) 13.725ms
[1.877s][info][gc,cpu         ] GC(62) User=0.02s Sys=0.00s Real=0.01s
[1.892s][info][gc,start       ] GC(63) Pause Young (Allocation Failure)
[1.913s][info][gc,heap        ] GC(63) PSYoungGen: 38144K(51200K)->38176K(48640K) Eden: 12800K(12800K)->0K(9728K) From: 25344K(38400K)->38176K(38912K)
[1.913s][info][gc,heap        ] GC(63) ParOldGen: 278712K(320000K)->278712K(320000K)
[1.913s][info][gc,metaspace   ] GC(63) Metaspace: 6297K(6464K)->6297K(6464K) NonClass: 5764K(5824K)->5764K(5824K) Class: 533K(640K)->533K(640K)
[1.913s][info][gc             ] GC(63) Pause Young (Allocation Failure) 309M->309M(360M) 21.103ms
[1.913s][info][gc,cpu         ] GC(63) User=0.02s Sys=0.00s Real=0.02s
[1.924s][info][gc,start       ] GC(64) Pause Young (Allocation Failure)
[1.948s][info][gc,heap        ] GC(64) PSYoungGen: 47904K(48640K)->43520K(53248K) Eden: 9728K(9728K)->0K(9728K) From: 38176K(38912K)->43520K(43520K)
[1.948s][info][gc,heap        ] GC(64) ParOldGen: 278712K(320000K)->283016K(320000K)
[1.948s][info][gc,metaspace   ] GC(64) Metaspace: 6297K(6464K)->6297K(6464K) NonClass: 5764K(5824K)->5764K(5824K) Class: 533K(640K)->533K(640K)
[1.948s][info][gc             ] GC(64) Pause Young (Allocation Failure) 318M->318M(364M) 24.020ms
[1.948s][info][gc,cpu         ] GC(64) User=0.06s Sys=0.00s Real=0.02s
[1.960s][info][gc,start       ] GC(65) Pause Young (Allocation Failure)
[1.986s][info][gc,heap        ] GC(65) PSYoungGen: 53248K(53248K)->30752K(62464K) Eden: 9728K(9728K)->0K(11264K) From: 43520K(43520K)->30752K(51200K)
[1.986s][info][gc,heap        ] GC(65) ParOldGen: 283016K(320000K)->305952K(320000K)
[1.986s][info][gc,metaspace   ] GC(65) Metaspace: 6297K(6464K)->6297K(6464K) NonClass: 5764K(5824K)->5764K(5824K) Class: 533K(640K)->533K(640K)
[1.986s][info][gc             ] GC(65) Pause Young (Allocation Failure) 328M->328M(373M) 26.380ms
[1.986s][info][gc,cpu         ] GC(65) User=0.16s Sys=0.02s Real=0.03s
[1.986s][info][gc,start       ] GC(66) Pause Full (Ergonomics)
[1.986s][info][gc,phases,start] GC(66) Marking Phase
[2.061s][info][gc,phases      ] GC(66) Marking Phase 74.916ms
[2.061s][info][gc,phases,start] GC(66) Summary Phase
[2.061s][info][gc,phases      ] GC(66) Summary Phase 0.027ms
[2.061s][info][gc,phases,start] GC(66) Adjust Roots
[2.061s][info][gc,phases      ] GC(66) Adjust Roots 0.164ms
[2.061s][info][gc,phases,start] GC(66) Compaction Phase
[2.095s][info][gc,phases      ] GC(66) Compaction Phase 33.455ms
[2.095s][info][gc,phases,start] GC(66) Post Compact
[2.096s][info][gc,phases      ] GC(66) Post Compact 1.611ms
[2.097s][info][gc,heap        ] GC(66) PSYoungGen: 30752K(62464K)->16244K(62464K) Eden: 0K(11264K)->0K(11264K) From: 30752K(51200K)->16244K(51200K)
[2.097s][info][gc,heap        ] GC(66) ParOldGen: 305952K(320000K)->319749K(368640K)
[2.097s][info][gc,metaspace   ] GC(66) Metaspace: 6297K(6464K)->6297K(6464K) NonClass: 5764K(5824K)->5764K(5824K) Class: 533K(640K)->533K(640K)
[2.097s][info][gc             ] GC(66) Pause Full (Ergonomics) 328M->328M(421M) 110.766ms
[2.097s][info][gc,cpu         ] GC(66) User=0.69s Sys=0.00s Real=0.11s
[2.111s][info][gc,start       ] GC(67) Pause Young (Allocation Failure)
[2.138s][info][gc,heap        ] GC(67) PSYoungGen: 27508K(62464K)->16064K(62464K) Eden: 11264K(11264K)->0K(11264K) From: 16244K(51200K)->16064K(51200K)
[2.138s][info][gc,heap        ] GC(67) ParOldGen: 319749K(368640K)->331509K(368640K)
[2.138s][info][gc,metaspace   ] GC(67) Metaspace: 6297K(6464K)->6297K(6464K) NonClass: 5764K(5824K)->5764K(5824K) Class: 533K(640K)->533K(640K)
[2.138s][info][gc             ] GC(67) Pause Young (Allocation Failure) 339M->339M(421M) 27.667ms
[2.138s][info][gc,cpu         ] GC(67) User=0.12s Sys=0.02s Real=0.03s
[2.215s][info][gc,start       ] GC(68) Pause Full (Ergonomics)
[2.215s][info][gc,phases,start] GC(68) Marking Phase
[2.294s][info][gc,phases      ] GC(68) Marking Phase 78.395ms
[2.294s][info][gc,phases,start] GC(68) Summary Phase
[2.294s][info][gc,phases      ] GC(68) Summary Phase 0.026ms
[2.294s][info][gc,phases,start] GC(68) Adjust Roots
[2.294s][info][gc,phases      ] GC(68) Adjust Roots 0.154ms
[2.294s][info][gc,phases,start] GC(68) Compaction Phase
[2.359s][info][gc,phases      ] GC(68) Compaction Phase 64.880ms
[2.359s][info][gc,phases,start] GC(68) Post Compact
[2.361s][info][gc,phases      ] GC(68) Post Compact 1.910ms
[2.361s][info][gc,heap        ] GC(68) PSYoungGen: 27328K(62464K)->0K(62464K) Eden: 11264K(11264K)->0K(12800K) From: 16064K(51200K)->0K(49664K)
[2.361s][info][gc,heap        ] GC(68) ParOldGen: 347893K(368640K)->366655K(418816K)
[2.361s][info][gc,metaspace   ] GC(68) Metaspace: 6297K(6464K)->6297K(6464K) NonClass: 5764K(5824K)->5764K(5824K) Class: 533K(640K)->533K(640K)
[2.361s][info][gc             ] GC(68) Pause Full (Ergonomics) 366M->358M(470M) 145.933ms
[2.361s][info][gc,cpu         ] GC(68) User=0.69s Sys=0.03s Real=0.15s
[2.374s][info][gc,start       ] GC(69) Pause Young (Allocation Failure)
[2.382s][info][gc,heap        ] GC(69) PSYoungGen: 12800K(62464K)->12896K(62464K) Eden: 12800K(12800K)->0K(12800K) From: 0K(49664K)->12896K(49664K)
[2.383s][info][gc,heap        ] GC(69) ParOldGen: 366655K(418816K)->366655K(418816K)
[2.383s][info][gc,metaspace   ] GC(69) Metaspace: 6297K(6464K)->6297K(6464K) NonClass: 5764K(5824K)->5764K(5824K) Class: 533K(640K)->533K(640K)
[2.383s][info][gc             ] GC(69) Pause Young (Allocation Failure) 370M->370M(470M) 8.647ms
[2.383s][info][gc,cpu         ] GC(69) User=0.02s Sys=0.00s Real=0.01s
[2.396s][info][gc,start       ] GC(70) Pause Young (Allocation Failure)
[2.409s][info][gc,heap        ] GC(70) PSYoungGen: 25696K(62464K)->25696K(60416K) Eden: 12800K(12800K)->0K(14336K) From: 12896K(49664K)->25696K(46080K)
[2.409s][info][gc,heap        ] GC(70) ParOldGen: 366655K(418816K)->366655K(418816K)
[2.409s][info][gc,metaspace   ] GC(70) Metaspace: 6297K(6464K)->6297K(6464K) NonClass: 5764K(5824K)->5764K(5824K) Class: 533K(640K)->533K(640K)
[2.409s][info][gc             ] GC(70) Pause Young (Allocation Failure) 383M->383M(468M) 13.227ms
[2.409s][info][gc,cpu         ] GC(70) User=0.02s Sys=0.00s Real=0.01s
[2.424s][info][gc,start       ] GC(71) Pause Young (Allocation Failure)
[2.443s][info][gc,heap        ] GC(71) PSYoungGen: 40032K(60416K)->40032K(61952K) Eden: 14336K(14336K)->0K(14336K) From: 25696K(46080K)->40032K(47616K)
[2.443s][info][gc,heap        ] GC(71) ParOldGen: 366655K(418816K)->366655K(418816K)
[2.443s][info][gc,metaspace   ] GC(71) Metaspace: 6297K(6464K)->6297K(6464K) NonClass: 5764K(5824K)->5764K(5824K) Class: 533K(640K)->533K(640K)
[2.443s][info][gc             ] GC(71) Pause Young (Allocation Failure) 397M->397M(469M) 19.163ms
[2.443s][info][gc,cpu         ] GC(71) User=0.12s Sys=0.00s Real=0.02s
[2.458s][info][gc,start       ] GC(72) Pause Young (Allocation Failure)
[2.484s][info][gc,heap        ] GC(72) PSYoungGen: 54368K(61952K)->51712K(59392K) Eden: 14336K(14336K)->0K(7680K) From: 40032K(47616K)->51712K(51712K)
[2.484s][info][gc,heap        ] GC(72) ParOldGen: 366655K(418816K)->369271K(418816K)
[2.484s][info][gc,metaspace   ] GC(72) Metaspace: 6297K(6464K)->6297K(6464K) NonClass: 5764K(5824K)->5764K(5824K) Class: 533K(640K)->533K(640K)
[2.484s][info][gc             ] GC(72) Pause Young (Allocation Failure) 411M->411M(467M) 26.299ms
[2.484s][info][gc,cpu         ] GC(72) User=0.14s Sys=0.00s Real=0.03s
[2.492s][info][gc,start       ] GC(73) Pause Young (Allocation Failure)
[2.519s][info][gc,heap        ] GC(73) PSYoungGen: 59392K(59392K)->47584K(67584K) Eden: 7680K(7680K)->0K(7680K) From: 51712K(51712K)->47584K(59904K)
[2.519s][info][gc,heap        ] GC(73) ParOldGen: 369271K(418816K)->381367K(418816K)
[2.519s][info][gc,metaspace   ] GC(73) Metaspace: 6297K(6464K)->6297K(6464K) NonClass: 5764K(5824K)->5764K(5824K) Class: 533K(640K)->533K(640K)
[2.519s][info][gc             ] GC(73) Pause Young (Allocation Failure) 418M->418M(475M) 26.724ms
[2.519s][info][gc,cpu         ] GC(73) User=0.12s Sys=0.00s Real=0.03s
[2.527s][info][gc,start       ] GC(74) Pause Young (Allocation Failure)
[2.553s][info][gc,heap        ] GC(74) PSYoungGen: 55264K(67584K)->29600K(65024K) Eden: 7680K(7680K)->0K(8704K) From: 47584K(59904K)->29600K(56320K)
[2.553s][info][gc,heap        ] GC(74) ParOldGen: 381367K(418816K)->407399K(418816K)
[2.553s][info][gc,metaspace   ] GC(74) Metaspace: 6297K(6464K)->6297K(6464K) NonClass: 5764K(5824K)->5764K(5824K) Class: 533K(640K)->533K(640K)
[2.553s][info][gc             ] GC(74) Pause Young (Allocation Failure) 426M->426M(472M) 25.940ms
[2.553s][info][gc,cpu         ] GC(74) User=0.12s Sys=0.00s Real=0.03s
[2.553s][info][gc,start       ] GC(75) Pause Full (Ergonomics)
[2.553s][info][gc,phases,start] GC(75) Marking Phase
[2.646s][info][gc,phases      ] GC(75) Marking Phase 93.250ms
[2.646s][info][gc,phases,start] GC(75) Summary Phase
[2.646s][info][gc,phases      ] GC(75) Summary Phase 0.019ms
[2.646s][info][gc,phases,start] GC(75) Adjust Roots
[2.646s][info][gc,phases      ] GC(75) Adjust Roots 0.149ms
[2.646s][info][gc,phases,start] GC(75) Compaction Phase
[2.695s][info][gc,phases      ] GC(75) Compaction Phase 48.925ms
[2.695s][info][gc,phases,start] GC(75) Post Compact
[2.697s][info][gc,phases      ] GC(75) Post Compact 2.098ms
[2.698s][info][gc,heap        ] GC(75) PSYoungGen: 29600K(65024K)->17624K(66560K) Eden: 0K(8704K)->0K(10240K) From: 29600K(56320K)->17624K(56320K)
[2.698s][info][gc,heap        ] GC(75) ParOldGen: 407399K(418816K)->418478K(478720K)
[2.698s][info][gc,metaspace   ] GC(75) Metaspace: 6297K(6464K)->6297K(6464K) NonClass: 5764K(5824K)->5764K(5824K) Class: 533K(640K)->533K(640K)
[2.698s][info][gc             ] GC(75) Pause Full (Ergonomics) 426M->425M(532M) 145.104ms
[2.698s][info][gc,cpu         ] GC(75) User=0.98s Sys=0.00s Real=0.14s
[2.708s][info][gc,start       ] GC(76) Pause Young (Allocation Failure)
[2.738s][info][gc,heap        ] GC(76) PSYoungGen: 27864K(66560K)->14816K(70656K) Eden: 10240K(10240K)->0K(10240K) From: 17624K(56320K)->14816K(60416K)
[2.738s][info][gc,heap        ] GC(76) ParOldGen: 418478K(478720K)->431782K(478720K)
[2.738s][info][gc,metaspace   ] GC(76) Metaspace: 6297K(6464K)->6297K(6464K) NonClass: 5764K(5824K)->5764K(5824K) Class: 533K(640K)->533K(640K)
[2.738s][info][gc             ] GC(76) Pause Young (Allocation Failure) 435M->436M(536M) 29.863ms
[2.738s][info][gc,cpu         ] GC(76) User=0.14s Sys=0.00s Real=0.03s
[2.749s][info][gc,start       ] GC(77) Pause Young (Allocation Failure)
[2.762s][info][gc,heap        ] GC(77) PSYoungGen: 25056K(70656K)->20608K(68608K) Eden: 10240K(10240K)->0K(11776K) From: 14816K(60416K)->20608K(56832K)
[2.762s][info][gc,heap        ] GC(77) ParOldGen: 431782K(478720K)->436390K(478720K)
[2.762s][info][gc,metaspace   ] GC(77) Metaspace: 6297K(6464K)->6297K(6464K) NonClass: 5764K(5824K)->5764K(5824K) Class: 533K(640K)->533K(640K)
[2.762s][info][gc             ] GC(77) Pause Young (Allocation Failure) 446M->446M(534M) 13.421ms
[2.762s][info][gc,cpu         ] GC(77) User=0.02s Sys=0.00s Real=0.01s
[2.775s][info][gc,start       ] GC(78) Pause Young (Allocation Failure)
[2.792s][info][gc,heap        ] GC(78) PSYoungGen: 32384K(68608K)->22112K(34304K) Eden: 11776K(11776K)->0K(11776K) From: 20608K(56832K)->22112K(22528K)
[2.792s][info][gc,heap        ] GC(78) ParOldGen: 436390K(478720K)->446758K(478720K)
[2.792s][info][gc,metaspace   ] GC(78) Metaspace: 6297K(6464K)->6297K(6464K) NonClass: 5764K(5824K)->5764K(5824K) Class: 533K(640K)->533K(640K)
[2.792s][info][gc             ] GC(78) Pause Young (Allocation Failure) 457M->457M(501M) 16.368ms
[2.792s][info][gc,cpu         ] GC(78) User=0.03s Sys=0.00s Real=0.02s
[2.805s][info][gc,start       ] GC(79) Pause Young (Allocation Failure)
[2.823s][info][gc,heap        ] GC(79) PSYoungGen: 33888K(34304K)->11936K(69120K) Eden: 11776K(11776K)->0K(13312K) From: 22112K(22528K)->11936K(55808K)
[2.823s][info][gc,heap        ] GC(79) ParOldGen: 446758K(478720K)->469054K(478720K)
[2.823s][info][gc,metaspace   ] GC(79) Metaspace: 6297K(6464K)->6297K(6464K) NonClass: 5764K(5824K)->5764K(5824K) Class: 533K(640K)->533K(640K)
[2.823s][info][gc             ] GC(79) Pause Young (Allocation Failure) 469M->469M(535M) 17.686ms
[2.823s][info][gc,cpu         ] GC(79) User=0.12s Sys=0.00s Real=0.02s
[2.823s][info][gc,start       ] GC(80) Pause Full (Ergonomics)
[2.823s][info][gc,phases,start] GC(80) Marking Phase
[2.929s][info][gc,phases      ] GC(80) Marking Phase 106.075ms
[2.929s][info][gc,phases,start] GC(80) Summary Phase
[2.929s][info][gc,phases      ] GC(80) Summary Phase 0.027ms
[2.929s][info][gc,phases,start] GC(80) Adjust Roots
[2.930s][info][gc,phases      ] GC(80) Adjust Roots 0.154ms
[2.930s][info][gc,phases,start] GC(80) Compaction Phase
[2.978s][info][gc,phases      ] GC(80) Compaction Phase 48.613ms
[2.978s][info][gc,phases,start] GC(80) Post Compact
[2.981s][info][gc,phases      ] GC(80) Post Compact 2.402ms
[2.981s][info][gc,heap        ] GC(80) PSYoungGen: 11936K(69120K)->1542K(69120K) Eden: 0K(13312K)->0K(13312K) From: 11936K(55808K)->1542K(55808K)
[2.981s][info][gc,heap        ] GC(80) ParOldGen: 469054K(478720K)->478461K(544256K)
[2.981s][info][gc,metaspace   ] GC(80) Metaspace: 6297K(6464K)->6297K(6464K) NonClass: 5764K(5824K)->5764K(5824K) Class: 533K(640K)->533K(640K)
[2.981s][info][gc             ] GC(80) Pause Full (Ergonomics) 469M->468M(599M) 157.866ms
[2.981s][info][gc,cpu         ] GC(80) User=0.98s Sys=0.00s Real=0.16s
[2.997s][info][gc,start       ] GC(81) Pause Young (Allocation Failure)
[3.026s][info][gc,heap        ] GC(81) PSYoungGen: 14854K(69120K)->13440K(69120K) Eden: 13312K(13312K)->0K(13312K) From: 1542K(55808K)->13440K(55808K)
[3.026s][info][gc,heap        ] GC(81) ParOldGen: 478461K(544256K)->480061K(544256K)
[3.026s][info][gc,metaspace   ] GC(81) Metaspace: 6297K(6464K)->6297K(6464K) NonClass: 5764K(5824K)->5764K(5824K) Class: 533K(640K)->533K(640K)
[3.026s][info][gc             ] GC(81) Pause Young (Allocation Failure) 481M->481M(599M) 29.039ms
[3.026s][info][gc,cpu         ] GC(81) User=0.12s Sys=0.00s Real=0.03s
[3.040s][info][gc,start       ] GC(82) Pause Young (Allocation Failure)
[3.055s][info][gc,heap        ] GC(82) PSYoungGen: 26752K(69120K)->26752K(65536K) Eden: 13312K(13312K)->0K(14848K) From: 13440K(55808K)->26752K(50688K)
[3.055s][info][gc,heap        ] GC(82) ParOldGen: 480061K(544256K)->480061K(544256K)
[3.055s][info][gc,metaspace   ] GC(82) Metaspace: 6297K(6464K)->6297K(6464K) NonClass: 5764K(5824K)->5764K(5824K) Class: 533K(640K)->533K(640K)
[3.055s][info][gc             ] GC(82) Pause Young (Allocation Failure) 494M->494M(595M) 14.877ms
[3.055s][info][gc,cpu         ] GC(82) User=0.02s Sys=0.00s Real=0.02s
[3.072s][info][gc,start       ] GC(83) Pause Young (Allocation Failure)
[3.094s][info][gc,heap        ] GC(83) PSYoungGen: 41600K(65536K)->28288K(67584K) Eden: 14848K(14848K)->0K(14848K) From: 26752K(50688K)->28288K(52736K)
[3.094s][info][gc,heap        ] GC(83) ParOldGen: 480061K(544256K)->493565K(544256K)
[3.094s][info][gc,metaspace   ] GC(83) Metaspace: 6297K(6464K)->6297K(6464K) NonClass: 5764K(5824K)->5764K(5824K) Class: 533K(640K)->533K(640K)
[3.094s][info][gc             ] GC(83) Pause Young (Allocation Failure) 509M->509M(597M) 22.010ms
[3.094s][info][gc,cpu         ] GC(83) User=0.11s Sys=0.00s Real=0.02s
[3.109s][info][gc,start       ] GC(84) Pause Young (Allocation Failure)
[3.133s][info][gc,heap        ] GC(84) PSYoungGen: 43136K(67584K)->29856K(67584K) Eden: 14848K(14848K)->0K(16896K) From: 28288K(52736K)->29856K(50688K)
[3.133s][info][gc,heap        ] GC(84) ParOldGen: 493565K(544256K)->507069K(544256K)
[3.133s][info][gc,metaspace   ] GC(84) Metaspace: 6297K(6464K)->6297K(6464K) NonClass: 5764K(5824K)->5764K(5824K) Class: 533K(640K)->533K(640K)
[3.133s][info][gc             ] GC(84) Pause Young (Allocation Failure) 524M->524M(597M) 23.281ms
[3.133s][info][gc,cpu         ] GC(84) User=0.14s Sys=0.00s Real=0.02s
[3.152s][info][gc,start       ] GC(85) Pause Young (Allocation Failure)
[3.177s][info][gc,heap        ] GC(85) PSYoungGen: 46752K(67584K)->31904K(67584K) Eden: 16896K(16896K)->0K(16896K) From: 29856K(50688K)->31904K(50688K)
[3.177s][info][gc,heap        ] GC(85) ParOldGen: 507069K(544256K)->522141K(544256K)
[3.177s][info][gc,metaspace   ] GC(85) Metaspace: 6297K(6464K)->6297K(6464K) NonClass: 5764K(5824K)->5764K(5824K) Class: 533K(640K)->533K(640K)
[3.177s][info][gc             ] GC(85) Pause Young (Allocation Failure) 540M->541M(597M) 24.399ms
[3.177s][info][gc,cpu         ] GC(85) User=0.12s Sys=0.00s Real=0.02s
[3.177s][info][gc,start       ] GC(86) Pause Full (Ergonomics)
[3.177s][info][gc,phases,start] GC(86) Marking Phase
[3.300s][info][gc,phases      ] GC(86) Marking Phase 123.201ms
[3.300s][info][gc,phases,start] GC(86) Summary Phase
[3.300s][info][gc,phases      ] GC(86) Summary Phase 0.109ms
[3.300s][info][gc,phases,start] GC(86) Adjust Roots
[3.300s][info][gc,phases      ] GC(86) Adjust Roots 0.160ms
[3.301s][info][gc,phases,start] GC(86) Compaction Phase
[3.356s][info][gc,phases      ] GC(86) Compaction Phase 55.203ms
[3.356s][info][gc,phases,start] GC(86) Post Compact
[3.357s][info][gc,phases      ] GC(86) Post Compact 1.003ms
[3.357s][info][gc,heap        ] GC(86) PSYoungGen: 31904K(67584K)->9198K(67584K) Eden: 0K(16896K)->0K(16896K) From: 31904K(50688K)->9198K(50688K)
[3.357s][info][gc,heap        ] GC(86) ParOldGen: 522141K(544256K)->543862K(612864K)
[3.357s][info][gc,metaspace   ] GC(86) Metaspace: 6297K(6464K)->6297K(6464K) NonClass: 5764K(5824K)->5764K(5824K) Class: 533K(640K)->533K(640K)
[3.357s][info][gc             ] GC(86) Pause Full (Ergonomics) 541M->540M(664M) 180.222ms
[3.357s][info][gc,cpu         ] GC(86) User=1.23s Sys=0.00s Real=0.18s
[3.376s][info][gc,start       ] GC(87) Pause Young (Allocation Failure)
[3.413s][info][gc,heap        ] GC(87) PSYoungGen: 26094K(67584K)->22816K(66048K) Eden: 16896K(16896K)->0K(18944K) From: 9198K(50688K)->22816K(47104K)
[3.413s][info][gc,heap        ] GC(87) ParOldGen: 543862K(612864K)->547350K(612864K)
[3.413s][info][gc,metaspace   ] GC(87) Metaspace: 6297K(6464K)->6297K(6464K) NonClass: 5764K(5824K)->5764K(5824K) Class: 533K(640K)->533K(640K)
[3.413s][info][gc             ] GC(87) Pause Young (Allocation Failure) 556M->556M(663M) 37.551ms
[3.413s][info][gc,cpu         ] GC(87) User=0.17s Sys=0.00s Real=0.04s
[3.435s][info][gc,start       ] GC(88) Pause Young (Allocation Failure)
[3.456s][info][gc,heap        ] GC(88) PSYoungGen: 41760K(66048K)->41792K(67584K) Eden: 18944K(18944K)->0K(18944K) From: 22816K(47104K)->41792K(48640K)
[3.456s][info][gc,heap        ] GC(88) ParOldGen: 547350K(612864K)->547350K(612864K)
[3.456s][info][gc,metaspace   ] GC(88) Metaspace: 6297K(6464K)->6297K(6464K) NonClass: 5764K(5824K)->5764K(5824K) Class: 533K(640K)->533K(640K)
[3.456s][info][gc             ] GC(88) Pause Young (Allocation Failure) 575M->575M(664M) 21.807ms
[3.456s][info][gc,cpu         ] GC(88) User=0.11s Sys=0.00s Real=0.02s
[3.478s][info][gc,start       ] GC(89) Pause Young (Allocation Failure)
[3.508s][info][gc,heap        ] GC(89) PSYoungGen: 60736K(67584K)->52224K(63488K) Eden: 18944K(18944K)->0K(11264K) From: 41792K(48640K)->52224K(52224K)
[3.508s][info][gc,heap        ] GC(89) ParOldGen: 547350K(612864K)->555846K(612864K)
[3.508s][info][gc,metaspace   ] GC(89) Metaspace: 6297K(6464K)->6297K(6464K) NonClass: 5764K(5824K)->5764K(5824K) Class: 533K(640K)->533K(640K)
[3.508s][info][gc             ] GC(89) Pause Young (Allocation Failure) 593M->593M(660M) 30.066ms
[3.508s][info][gc,cpu         ] GC(89) User=0.12s Sys=0.00s Real=0.03s
[3.521s][info][gc,start       ] GC(90) Pause Young (Allocation Failure)
[3.551s][info][gc,heap        ] GC(90) PSYoungGen: 63488K(63488K)->29600K(40960K) Eden: 11264K(11264K)->0K(11264K) From: 52224K(52224K)->29600K(29696K)
[3.551s][info][gc,heap        ] GC(90) ParOldGen: 555846K(612864K)->590278K(612864K)
[3.551s][info][gc,metaspace   ] GC(90) Metaspace: 6297K(6464K)->6297K(6464K) NonClass: 5764K(5824K)->5764K(5824K) Class: 533K(640K)->533K(640K)
[3.551s][info][gc             ] GC(90) Pause Young (Allocation Failure) 604M->605M(638M) 30.235ms
[3.551s][info][gc,cpu         ] GC(90) User=0.11s Sys=0.03s Real=0.03s
[3.551s][info][gc,start       ] GC(91) Pause Full (Ergonomics)
[3.551s][info][gc,phases,start] GC(91) Marking Phase
[3.681s][info][gc,phases      ] GC(91) Marking Phase 130.342ms
[3.681s][info][gc,phases,start] GC(91) Summary Phase
[3.681s][info][gc,phases      ] GC(91) Summary Phase 0.021ms
[3.681s][info][gc,phases,start] GC(91) Adjust Roots
[3.682s][info][gc,phases      ] GC(91) Adjust Roots 0.148ms
[3.682s][info][gc,phases,start] GC(91) Compaction Phase
[3.735s][info][gc,phases      ] GC(91) Compaction Phase 53.021ms
[3.735s][info][gc,phases,start] GC(91) Post Compact
[3.736s][info][gc,phases      ] GC(91) Post Compact 0.955ms
[3.736s][info][gc,heap        ] GC(91) PSYoungGen: 29600K(40960K)->6413K(40960K) Eden: 0K(11264K)->0K(11264K) From: 29600K(29696K)->6413K(29696K)
[3.736s][info][gc,heap        ] GC(91) ParOldGen: 590278K(612864K)->612567K(691200K)
[3.736s][info][gc,metaspace   ] GC(91) Metaspace: 6297K(6464K)->6297K(6464K) NonClass: 5764K(5824K)->5764K(5824K) Class: 533K(640K)->533K(640K)
[3.736s][info][gc             ] GC(91) Pause Full (Ergonomics) 605M->604M(715M) 185.049ms
[3.736s][info][gc,cpu         ] GC(91) User=1.41s Sys=0.03s Real=0.18s
[3.750s][info][gc,start       ] GC(92) Pause Young (Allocation Failure)
[3.786s][info][gc,heap        ] GC(92) PSYoungGen: 17677K(40960K)->14112K(72192K) Eden: 11264K(11264K)->0K(12800K) From: 6413K(29696K)->14112K(59392K)
[3.786s][info][gc,heap        ] GC(92) ParOldGen: 612567K(691200K)->616303K(691200K)
[3.786s][info][gc,metaspace   ] GC(92) Metaspace: 6297K(6464K)->6297K(6464K) NonClass: 5764K(5824K)->5764K(5824K) Class: 533K(640K)->533K(640K)
[3.786s][info][gc             ] GC(92) Pause Young (Allocation Failure) 615M->615M(745M) 35.792ms
[3.786s][info][gc,cpu         ] GC(92) User=0.14s Sys=0.00s Real=0.04s
[3.801s][info][gc,start       ] GC(93) Pause Young (Allocation Failure)
[3.817s][info][gc,heap        ] GC(93) PSYoungGen: 26912K(72192K)->26880K(39936K) Eden: 12800K(12800K)->0K(12800K) From: 14112K(59392K)->26880K(27136K)
[3.817s][info][gc,heap        ] GC(93) ParOldGen: 616303K(691200K)->616303K(691200K)
[3.817s][info][gc,metaspace   ] GC(93) Metaspace: 6297K(6464K)->6297K(6464K) NonClass: 5764K(5824K)->5764K(5824K) Class: 533K(640K)->533K(640K)
[3.817s][info][gc             ] GC(93) Pause Young (Allocation Failure) 628M->628M(714M) 16.025ms
[3.817s][info][gc,cpu         ] GC(93) User=0.02s Sys=0.00s Real=0.02s
[3.832s][info][gc,start       ] GC(94) Pause Young (Allocation Failure)
[3.853s][info][gc,heap        ] GC(94) PSYoungGen: 39680K(39936K)->37024K(70144K) Eden: 12800K(12800K)->0K(13824K) From: 26880K(27136K)->37024K(56320K)
[3.853s][info][gc,heap        ] GC(94) ParOldGen: 616303K(691200K)->619127K(691200K)
[3.853s][info][gc,metaspace   ] GC(94) Metaspace: 6297K(6464K)->6297K(6464K) NonClass: 5764K(5824K)->5764K(5824K) Class: 533K(640K)->533K(640K)
[3.853s][info][gc             ] GC(94) Pause Young (Allocation Failure) 640M->640M(743M) 20.814ms
[3.853s][info][gc,cpu         ] GC(94) User=0.12s Sys=0.00s Real=0.02s
[3.870s][info][gc,start       ] GC(95) Pause Young (Allocation Failure)
[3.896s][info][gc,heap        ] GC(95) PSYoungGen: 50848K(70144K)->39584K(70656K) Eden: 13824K(13824K)->0K(13824K) From: 37024K(56320K)->39584K(56832K)
[3.896s][info][gc,heap        ] GC(95) ParOldGen: 619127K(691200K)->630551K(691200K)
[3.896s][info][gc,metaspace   ] GC(95) Metaspace: 6297K(6464K)->6297K(6464K) NonClass: 5764K(5824K)->5764K(5824K) Class: 533K(640K)->533K(640K)
[3.896s][info][gc             ] GC(95) Pause Young (Allocation Failure) 654M->654M(744M) 25.793ms
[3.896s][info][gc,cpu         ] GC(95) User=0.12s Sys=0.00s Real=0.03s
[3.912s][info][gc,start       ] GC(96) Pause Young (Allocation Failure)
[3.940s][info][gc,heap        ] GC(96) PSYoungGen: 53408K(70656K)->40576K(72704K) Eden: 13824K(13824K)->0K(14848K) From: 39584K(56832K)->40576K(57856K)
[3.940s][info][gc,heap        ] GC(96) ParOldGen: 630551K(691200K)->643527K(691200K)
[3.940s][info][gc,metaspace   ] GC(96) Metaspace: 6297K(6464K)->6297K(6464K) NonClass: 5764K(5824K)->5764K(5824K) Class: 533K(640K)->533K(640K)
[3.940s][info][gc             ] GC(96) Pause Young (Allocation Failure) 667M->668M(746M) 27.309ms
[3.940s][info][gc,cpu         ] GC(96) User=0.11s Sys=0.00s Real=0.03s
[3.960s][info][gc,start       ] GC(97) Pause Young (Allocation Failure)
[3.990s][info][gc,heap        ] GC(97) PSYoungGen: 55424K(72704K)->28800K(73728K) Eden: 14848K(14848K)->0K(14848K) From: 40576K(57856K)->28800K(58880K)
[3.990s][info][gc,heap        ] GC(97) ParOldGen: 643527K(691200K)->670503K(691200K)
[3.990s][info][gc,metaspace   ] GC(97) Metaspace: 6297K(6464K)->6297K(6464K) NonClass: 5764K(5824K)->5764K(5824K) Class: 533K(640K)->533K(640K)
[3.990s][info][gc             ] GC(97) Pause Young (Allocation Failure) 682M->682M(747M) 30.251ms
[3.990s][info][gc,cpu         ] GC(97) User=0.14s Sys=0.00s Real=0.03s
[3.990s][info][gc,start       ] GC(98) Pause Full (Ergonomics)
[3.990s][info][gc,phases,start] GC(98) Marking Phase
[4.135s][info][gc,phases      ] GC(98) Marking Phase 144.801ms
[4.135s][info][gc,phases,start] GC(98) Summary Phase
[4.135s][info][gc,phases      ] GC(98) Summary Phase 0.028ms
[4.135s][info][gc,phases,start] GC(98) Adjust Roots
[4.135s][info][gc,phases      ] GC(98) Adjust Roots 0.143ms
[4.135s][info][gc,phases,start] GC(98) Compaction Phase
[4.192s][info][gc,phases      ] GC(98) Compaction Phase 56.356ms
[4.192s][info][gc,phases,start] GC(98) Post Compact
[4.193s][info][gc,phases      ] GC(98) Post Compact 1.135ms
[4.193s][info][gc,heap        ] GC(98) PSYoungGen: 28800K(73728K)->7150K(73728K) Eden: 0K(14848K)->0K(14848K) From: 28800K(58880K)->7150K(58880K)
[4.193s][info][gc,heap        ] GC(98) ParOldGen: 670503K(691200K)->691012K(774656K)
[4.193s][info][gc,metaspace   ] GC(98) Metaspace: 6297K(6464K)->6297K(6464K) NonClass: 5764K(5824K)->5764K(5824K) Class: 533K(640K)->533K(640K)
[4.193s][info][gc             ] GC(98) Pause Full (Ergonomics) 682M->681M(828M) 203.020ms
[4.193s][info][gc,cpu         ] GC(98) User=1.48s Sys=0.00s Real=0.20s
[4.337s][info][gc,start       ] GC(99) Pause Young (Allocation Failure)
[4.379s][info][gc,heap        ] GC(99) PSYoungGen: 21998K(73728K)->15008K(72704K) Eden: 14848K(14848K)->0K(16384K) From: 7150K(58880K)->15008K(56320K)
[4.379s][info][gc,heap        ] GC(99) ParOldGen: 723780K(774656K)->731052K(774656K)
[4.379s][info][gc,metaspace   ] GC(99) Metaspace: 6297K(6464K)->6297K(6464K) NonClass: 5764K(5824K)->5764K(5824K) Class: 533K(640K)->533K(640K)
[4.379s][info][gc             ] GC(99) Pause Young (Allocation Failure) 728M->728M(827M) 42.023ms
[4.379s][info][gc,cpu         ] GC(99) User=0.17s Sys=0.00s Real=0.04s
[4.395s][info][gc,start       ] GC(100) Pause Young (Allocation Failure)
[4.415s][info][gc,heap        ] GC(100) PSYoungGen: 31392K(72704K)->16512K(73216K) Eden: 16384K(16384K)->0K(16384K) From: 15008K(56320K)->16512K(56832K)
[4.415s][info][gc,heap        ] GC(100) ParOldGen: 731052K(774656K)->746124K(774656K)
[4.415s][info][gc,metaspace   ] GC(100) Metaspace: 6297K(6464K)->6297K(6464K) NonClass: 5764K(5824K)->5764K(5824K) Class: 533K(640K)->533K(640K)
[4.415s][info][gc             ] GC(100) Pause Young (Allocation Failure) 744M->744M(828M) 20.161ms
[4.415s][info][gc,cpu         ] GC(100) User=0.05s Sys=0.02s Real=0.02s
[4.415s][info][gc,start       ] GC(101) Pause Full (Ergonomics)
[4.415s][info][gc,phases,start] GC(101) Marking Phase
[4.593s][info][gc,phases      ] GC(101) Marking Phase 177.892ms
[4.593s][info][gc,phases,start] GC(101) Summary Phase
[4.593s][info][gc,phases      ] GC(101) Summary Phase 0.030ms
[4.593s][info][gc,phases,start] GC(101) Adjust Roots
[4.594s][info][gc,phases      ] GC(101) Adjust Roots 0.142ms
[4.594s][info][gc,phases,start] GC(101) Compaction Phase
[4.715s][info][gc,phases      ] GC(101) Compaction Phase 121.146ms
[4.715s][info][gc,phases,start] GC(101) Post Compact
[4.716s][info][gc,phases      ] GC(101) Post Compact 1.507ms
[4.717s][info][gc,heap        ] GC(101) PSYoungGen: 16512K(73216K)->0K(74752K) Eden: 0K(16384K)->0K(18432K) From: 16512K(56832K)->0K(56320K)
[4.717s][info][gc,heap        ] GC(101) ParOldGen: 746124K(774656K)->745720K(833024K)
[4.717s][info][gc,metaspace   ] GC(101) Metaspace: 6297K(6464K)->6297K(6464K) NonClass: 5764K(5824K)->5764K(5824K) Class: 533K(640K)->533K(640K)
[4.717s][info][gc             ] GC(101) Pause Full (Ergonomics) 744M->728M(886M) 301.240ms
[4.717s][info][gc,cpu         ] GC(101) User=1.94s Sys=0.00s Real=0.30s
[4.737s][info][gc,start       ] GC(102) Pause Young (Allocation Failure)
[4.753s][info][gc,heap        ] GC(102) PSYoungGen: 18432K(74752K)->18528K(74752K) Eden: 18432K(18432K)->0K(18432K) From: 0K(56320K)->18528K(56320K)
[4.753s][info][gc,heap        ] GC(102) ParOldGen: 745720K(833024K)->745720K(833024K)
[4.753s][info][gc,metaspace   ] GC(102) Metaspace: 6297K(6464K)->6297K(6464K) NonClass: 5764K(5824K)->5764K(5824K) Class: 533K(640K)->533K(640K)
[4.753s][info][gc             ] GC(102) Pause Young (Allocation Failure) 746M->746M(886M) 15.929ms
[4.753s][info][gc,cpu         ] GC(102) User=0.02s Sys=0.00s Real=0.02s
[4.773s][info][gc,start       ] GC(103) Pause Young (Allocation Failure)
[4.793s][info][gc,heap        ] GC(103) PSYoungGen: 36960K(74752K)->37024K(74752K) Eden: 18432K(18432K)->0K(19456K) From: 18528K(56320K)->37024K(55296K)
[4.793s][info][gc,heap        ] GC(103) ParOldGen: 745720K(833024K)->745720K(833024K)
[4.793s][info][gc,metaspace   ] GC(103) Metaspace: 6297K(6464K)->6297K(6464K) NonClass: 5764K(5824K)->5764K(5824K) Class: 533K(640K)->533K(640K)
[4.793s][info][gc             ] GC(103) Pause Young (Allocation Failure) 764M->764M(886M) 20.249ms
[4.793s][info][gc,cpu         ] GC(103) User=0.22s Sys=0.03s Real=0.02s
[4.813s][info][gc,start       ] GC(104) Pause Young (Allocation Failure)
[4.841s][info][gc,heap        ] GC(104) PSYoungGen: 56480K(74752K)->56320K(75776K) Eden: 19456K(19456K)->0K(19456K) From: 37024K(55296K)->56320K(56320K)
[4.841s][info][gc,heap        ] GC(104) ParOldGen: 745720K(833024K)->745800K(833024K)
[4.841s][info][gc,metaspace   ] GC(104) Metaspace: 6297K(6464K)->6297K(6464K) NonClass: 5764K(5824K)->5764K(5824K) Class: 533K(640K)->533K(640K)
[4.841s][info][gc             ] GC(104) Pause Young (Allocation Failure) 783M->783M(887M) 28.163ms
[4.841s][info][gc,cpu         ] GC(104) User=0.05s Sys=0.00s Real=0.03s
[4.861s][info][gc,start       ] GC(105) Pause Young (Allocation Failure)
[4.899s][info][gc,heap        ] GC(105) PSYoungGen: 75776K(75776K)->38976K(84992K) Eden: 19456K(19456K)->0K(21504K) From: 56320K(56320K)->38976K(63488K)
[4.900s][info][gc,heap        ] GC(105) ParOldGen: 745800K(833024K)->783152K(833024K)
[4.900s][info][gc,metaspace   ] GC(105) Metaspace: 6297K(6464K)->6297K(6464K) NonClass: 5764K(5824K)->5764K(5824K) Class: 533K(640K)->533K(640K)
[4.900s][info][gc             ] GC(105) Pause Young (Allocation Failure) 802M->802M(896M) 38.287ms
[4.900s][info][gc,cpu         ] GC(105) User=0.22s Sys=0.02s Real=0.04s
[4.922s][info][gc,start       ] GC(106) Pause Young (Allocation Failure)
[4.953s][info][gc,heap        ] GC(106) PSYoungGen: 60480K(84992K)->41152K(84992K) Eden: 21504K(21504K)->0K(21504K) From: 38976K(63488K)->41152K(63488K)
[4.953s][info][gc,heap        ] GC(106) ParOldGen: 783152K(833024K)->802816K(833024K)
[4.953s][info][gc,metaspace   ] GC(106) Metaspace: 6297K(6464K)->6297K(6464K) NonClass: 5764K(5824K)->5764K(5824K) Class: 533K(640K)->533K(640K)
[4.953s][info][gc             ] GC(106) Pause Young (Allocation Failure) 823M->824M(896M) 30.876ms
[4.953s][info][gc,cpu         ] GC(106) User=0.12s Sys=0.00s Real=0.03s
[4.953s][info][gc,start       ] GC(107) Pause Full (Ergonomics)
[4.953s][info][gc,phases,start] GC(107) Marking Phase
[5.147s][info][gc,phases      ] GC(107) Marking Phase 193.714ms
[5.147s][info][gc,phases,start] GC(107) Summary Phase
[5.147s][info][gc,phases      ] GC(107) Summary Phase 0.056ms
[5.147s][info][gc,phases,start] GC(107) Adjust Roots
[5.147s][info][gc,phases      ] GC(107) Adjust Roots 0.223ms
[5.147s][info][gc,phases,start] GC(107) Compaction Phase
[5.236s][info][gc,phases      ] GC(107) Compaction Phase 89.089ms
[5.236s][info][gc,phases,start] GC(107) Post Compact
[5.238s][info][gc,phases      ] GC(107) Post Compact 1.394ms
[5.238s][info][gc,heap        ] GC(107) PSYoungGen: 41152K(84992K)->10243K(84992K) Eden: 0K(21504K)->0K(21504K) From: 41152K(63488K)->10243K(63488K)
[5.238s][info][gc,heap        ] GC(107) ParOldGen: 802816K(833024K)->832606K(932864K)
[5.238s][info][gc,metaspace   ] GC(107) Metaspace: 6297K(6464K)->6297K(6464K) NonClass: 5764K(5824K)->5764K(5824K) Class: 533K(640K)->533K(640K)
[5.238s][info][gc             ] GC(107) Pause Full (Ergonomics) 824M->823M(994M) 285.168ms
[5.238s][info][gc,cpu         ] GC(107) User=2.03s Sys=0.03s Real=0.29s
[5.262s][info][gc,start       ] GC(108) Pause Young (Allocation Failure)
[5.312s][info][gc,heap        ] GC(108) PSYoungGen: 31747K(84992K)->26656K(83456K) Eden: 21504K(21504K)->0K(24064K) From: 10243K(63488K)->26656K(59392K)
[5.312s][info][gc,heap        ] GC(108) ParOldGen: 832606K(932864K)->837950K(932864K)
[5.312s][info][gc,metaspace   ] GC(108) Metaspace: 6297K(6464K)->6297K(6464K) NonClass: 5764K(5824K)->5764K(5824K) Class: 533K(640K)->533K(640K)
[5.312s][info][gc             ] GC(108) Pause Young (Allocation Failure) 844M->844M(992M) 50.053ms
[5.312s][info][gc,cpu         ] GC(108) User=0.27s Sys=0.00s Real=0.05s
[5.340s][info][gc,start       ] GC(109) Pause Young (Allocation Failure)
[5.366s][info][gc,heap        ] GC(109) PSYoungGen: 50720K(83456K)->50752K(85504K) Eden: 24064K(24064K)->0K(24064K) From: 26656K(59392K)->50752K(61440K)
[5.366s][info][gc,heap        ] GC(109) ParOldGen: 837950K(932864K)->837950K(932864K)
[5.366s][info][gc,metaspace   ] GC(109) Metaspace: 6297K(6464K)->6297K(6464K) NonClass: 5764K(5824K)->5764K(5824K) Class: 533K(640K)->533K(640K)
[5.366s][info][gc             ] GC(109) Pause Young (Allocation Failure) 867M->867M(994M) 26.245ms
[5.366s][info][gc,cpu         ] GC(109) User=0.12s Sys=0.00s Real=0.02s
[5.394s][info][gc,start       ] GC(110) Pause Young (Allocation Failure)
[5.431s][info][gc,heap        ] GC(110) PSYoungGen: 74816K(85504K)->65536K(80384K) Eden: 24064K(24064K)->0K(14848K) From: 50752K(61440K)->65536K(65536K)
[5.431s][info][gc,heap        ] GC(110) ParOldGen: 837950K(932864K)->847222K(932864K)
[5.431s][info][gc,metaspace   ] GC(110) Metaspace: 6297K(6464K)->6297K(6464K) NonClass: 5764K(5824K)->5764K(5824K) Class: 533K(640K)->533K(640K)
[5.431s][info][gc             ] GC(110) Pause Young (Allocation Failure) 891M->891M(989M) 37.787ms
[5.431s][info][gc,cpu         ] GC(110) User=0.23s Sys=0.03s Real=0.04s
[5.448s][info][gc,start       ] GC(111) Pause Young (Allocation Failure)
[5.485s][info][gc,heap        ] GC(111) PSYoungGen: 80384K(80384K)->57184K(92160K) Eden: 14848K(14848K)->0K(14848K) From: 65536K(65536K)->57184K(77312K)
[5.485s][info][gc,heap        ] GC(111) ParOldGen: 847222K(932864K)->870822K(932864K)
[5.485s][info][gc,metaspace   ] GC(111) Metaspace: 6297K(6464K)->6297K(6464K) NonClass: 5764K(5824K)->5764K(5824K) Class: 533K(640K)->533K(640K)
[5.485s][info][gc             ] GC(111) Pause Young (Allocation Failure) 905M->906M(1001M) 37.641ms
[5.485s][info][gc,cpu         ] GC(111) User=0.25s Sys=0.00s Real=0.04s
[5.501s][info][gc,start       ] GC(112) Pause Young (Allocation Failure)
[5.536s][info][gc,heap        ] GC(112) PSYoungGen: 72032K(92160K)->51264K(97792K) Eden: 14848K(14848K)->0K(16896K) From: 57184K(77312K)->51264K(80896K)
[5.536s][info][gc,heap        ] GC(112) ParOldGen: 870822K(932864K)->891894K(932864K)
[5.536s][info][gc,metaspace   ] GC(112) Metaspace: 6297K(6464K)->6297K(6464K) NonClass: 5764K(5824K)->5764K(5824K) Class: 533K(640K)->533K(640K)
[5.536s][info][gc             ] GC(112) Pause Young (Allocation Failure) 920M->921M(1006M) 34.284ms
[5.536s][info][gc,cpu         ] GC(112) User=0.25s Sys=0.00s Real=0.03s
[5.556s][info][gc,start       ] GC(113) Pause Young (Allocation Failure)
[5.592s][info][gc,heap        ] GC(113) PSYoungGen: 68160K(97792K)->31904K(97792K) Eden: 16896K(16896K)->0K(16896K) From: 51264K(80896K)->31904K(80896K)
[5.592s][info][gc,heap        ] GC(113) ParOldGen: 891894K(932864K)->928646K(932864K)
[5.592s][info][gc,metaspace   ] GC(113) Metaspace: 6297K(6464K)->6297K(6464K) NonClass: 5764K(5824K)->5764K(5824K) Class: 533K(640K)->533K(640K)
[5.592s][info][gc             ] GC(113) Pause Young (Allocation Failure) 937M->938M(1006M) 36.162ms
[5.592s][info][gc,cpu         ] GC(113) User=0.16s Sys=0.03s Real=0.04s
[5.592s][info][gc,start       ] GC(114) Pause Full (Ergonomics)
[5.592s][info][gc,phases,start] GC(114) Marking Phase
[5.820s][info][gc,phases      ] GC(114) Marking Phase 227.235ms
[5.820s][info][gc,phases,start] GC(114) Summary Phase
[5.820s][info][gc,phases      ] GC(114) Summary Phase 0.030ms
[5.820s][info][gc,phases,start] GC(114) Adjust Roots
[5.820s][info][gc,phases      ] GC(114) Adjust Roots 0.182ms
[5.820s][info][gc,phases,start] GC(114) Compaction Phase
[5.921s][info][gc,phases      ] GC(114) Compaction Phase 101.503ms
[5.921s][info][gc,phases,start] GC(114) Post Compact
[5.923s][info][gc,phases      ] GC(114) Post Compact 1.843ms
[5.924s][info][gc,heap        ] GC(114) PSYoungGen: 31904K(97792K)->26057K(97792K) Eden: 0K(16896K)->0K(16896K) From: 31904K(80896K)->26057K(80896K)
[5.924s][info][gc,heap        ] GC(114) ParOldGen: 928646K(932864K)->932830K(1045504K)
[5.924s][info][gc,metaspace   ] GC(114) Metaspace: 6297K(6464K)->6297K(6464K) NonClass: 5764K(5824K)->5764K(5824K) Class: 533K(640K)->533K(640K)
[5.924s][info][gc             ] GC(114) Pause Full (Ergonomics) 938M->936M(1116M) 331.606ms
[5.924s][info][gc,cpu         ] GC(114) User=2.03s Sys=0.00s Real=0.33s
[5.945s][info][gc,start       ] GC(115) Pause Young (Allocation Failure)
[6.009s][info][gc,heap        ] GC(115) PSYoungGen: 42953K(97792K)->17024K(97280K) Eden: 16896K(16896K)->0K(18944K) From: 26057K(80896K)->17024K(78336K)
[6.009s][info][gc,heap        ] GC(115) ParOldGen: 932830K(1045504K)->959278K(1045504K)
[6.009s][info][gc,metaspace   ] GC(115) Metaspace: 6297K(6464K)->6297K(6464K) NonClass: 5764K(5824K)->5764K(5824K) Class: 533K(640K)->533K(640K)
[6.009s][info][gc             ] GC(115) Pause Young (Allocation Failure) 952M->953M(1116M) 64.140ms
[6.009s][info][gc,cpu         ] GC(115) User=0.33s Sys=0.02s Real=0.06s
[6.030s][info][gc,start       ] GC(116) Pause Young (Allocation Failure)
[6.054s][info][gc,heap        ] GC(116) PSYoungGen: 35968K(97280K)->19072K(97792K) Eden: 18944K(18944K)->0K(18944K) From: 17024K(78336K)->19072K(78848K)
[6.054s][info][gc,heap        ] GC(116) ParOldGen: 959278K(1045504K)->976406K(1045504K)
[6.054s][info][gc,metaspace   ] GC(116) Metaspace: 6297K(6464K)->6297K(6464K) NonClass: 5764K(5824K)->5764K(5824K) Class: 533K(640K)->533K(640K)
[6.054s][info][gc             ] GC(116) Pause Young (Allocation Failure) 971M->972M(1116M) 24.273ms
[6.054s][info][gc,cpu         ] GC(116) User=0.03s Sys=0.00s Real=0.02s
[6.076s][info][gc,start       ] GC(117) Pause Young (Allocation Failure)
[6.099s][info][gc,heap        ] GC(117) PSYoungGen: 38016K(97792K)->19040K(95744K) Eden: 18944K(18944K)->0K(20992K) From: 19072K(78848K)->19040K(74752K)
[6.099s][info][gc,heap        ] GC(117) ParOldGen: 976406K(1045504K)->995622K(1045504K)
[6.099s][info][gc,metaspace   ] GC(117) Metaspace: 6297K(6464K)->6297K(6464K) NonClass: 5764K(5824K)->5764K(5824K) Class: 533K(640K)->533K(640K)
[6.099s][info][gc             ] GC(117) Pause Young (Allocation Failure) 990M->990M(1114M) 22.946ms
[6.099s][info][gc,cpu         ] GC(117) User=0.12s Sys=0.00s Real=0.02s
[6.122s][info][gc,start       ] GC(118) Pause Young (Allocation Failure)
[6.147s][info][gc,heap        ] GC(118) PSYoungGen: 40032K(95744K)->21088K(97280K) Eden: 20992K(20992K)->0K(20992K) From: 19040K(74752K)->21088K(76288K)
[6.147s][info][gc,heap        ] GC(118) ParOldGen: 995622K(1045504K)->1014846K(1045504K)
[6.147s][info][gc,metaspace   ] GC(118) Metaspace: 6297K(6464K)->6297K(6464K) NonClass: 5764K(5824K)->5764K(5824K) Class: 533K(640K)->533K(640K)
[6.147s][info][gc             ] GC(118) Pause Young (Allocation Failure) 1011M->1011M(1116M) 24.942ms
[6.147s][info][gc,cpu         ] GC(118) User=0.11s Sys=0.00s Real=0.03s
[6.147s][info][gc,start       ] GC(119) Pause Full (Ergonomics)
[6.147s][info][gc,phases,start] GC(119) Marking Phase
[6.381s][info][gc,phases      ] GC(119) Marking Phase 233.744ms
[6.381s][info][gc,phases,start] GC(119) Summary Phase
[6.381s][info][gc,phases      ] GC(119) Summary Phase 0.030ms
[6.381s][info][gc,phases,start] GC(119) Adjust Roots
[6.381s][info][gc,phases      ] GC(119) Adjust Roots 0.144ms
[6.381s][info][gc,phases,start] GC(119) Compaction Phase
[6.471s][info][gc,phases      ] GC(119) Compaction Phase 89.690ms
[6.471s][info][gc,phases,start] GC(119) Post Compact
[6.473s][info][gc,phases      ] GC(119) Post Compact 1.686ms
[6.473s][info][gc,heap        ] GC(119) PSYoungGen: 21088K(97280K)->0K(98304K) Eden: 0K(20992K)->0K(23552K) From: 21088K(76288K)->0K(74752K)
[6.473s][info][gc,heap        ] GC(119) ParOldGen: 1014846K(1045504K)->1034543K(1150976K)
[6.473s][info][gc,metaspace   ] GC(119) Metaspace: 6297K(6464K)->6297K(6464K) NonClass: 5764K(5824K)->5764K(5824K) Class: 533K(640K)->533K(640K)
[6.473s][info][gc             ] GC(119) Pause Full (Ergonomics) 1011M->1010M(1220M) 325.957ms
[6.473s][info][gc,cpu         ] GC(119) User=2.31s Sys=0.00s Real=0.33s
[6.501s][info][gc,start       ] GC(120) Pause Young (Allocation Failure)
[6.518s][info][gc,heap        ] GC(120) PSYoungGen: 23552K(98304K)->23712K(98304K) Eden: 23552K(23552K)->0K(23552K) From: 0K(74752K)->23712K(74752K)
[6.518s][info][gc,heap        ] GC(120) ParOldGen: 1034543K(1150976K)->1034543K(1150976K)
[6.518s][info][gc,metaspace   ] GC(120) Metaspace: 6297K(6464K)->6297K(6464K) NonClass: 5764K(5824K)->5764K(5824K) Class: 533K(640K)->533K(640K)
[6.518s][info][gc             ] GC(120) Pause Young (Allocation Failure) 1033M->1033M(1220M) 16.703ms
[6.518s][info][gc,cpu         ] GC(120) User=0.03s Sys=0.00s Real=0.02s
[6.544s][info][gc,start       ] GC(121) Pause Young (Allocation Failure)
[6.569s][info][gc,heap        ] GC(121) PSYoungGen: 47264K(98304K)->47264K(96768K) Eden: 23552K(23552K)->0K(24576K) From: 23712K(74752K)->47264K(72192K)
[6.569s][info][gc,heap        ] GC(121) ParOldGen: 1034543K(1150976K)->1034543K(1150976K)
[6.569s][info][gc,metaspace   ] GC(121) Metaspace: 6297K(6464K)->6297K(6464K) NonClass: 5764K(5824K)->5764K(5824K) Class: 533K(640K)->533K(640K)
[6.569s][info][gc             ] GC(121) Pause Young (Allocation Failure) 1056M->1056M(1218M) 24.717ms
[6.569s][info][gc,cpu         ] GC(121) User=0.12s Sys=0.00s Real=0.02s
[6.597s][info][gc,start       ] GC(122) Pause Young (Allocation Failure)
[6.634s][info][gc,heap        ] GC(122) PSYoungGen: 71840K(96768K)->71872K(98304K) Eden: 24576K(24576K)->0K(24576K) From: 47264K(72192K)->71872K(73728K)
[6.634s][info][gc,heap        ] GC(122) ParOldGen: 1034543K(1150976K)->1034543K(1150976K)
[6.634s][info][gc,metaspace   ] GC(122) Metaspace: 6297K(6464K)->6297K(6464K) NonClass: 5764K(5824K)->5764K(5824K) Class: 533K(640K)->533K(640K)
[6.634s][info][gc             ] GC(122) Pause Young (Allocation Failure) 1080M->1080M(1220M) 36.914ms
[6.634s][info][gc,cpu         ] GC(122) User=0.27s Sys=0.00s Real=0.04s
[6.661s][info][gc,start       ] GC(123) Pause Young (Allocation Failure)
[6.715s][info][gc,heap        ] GC(123) PSYoungGen: 96448K(98304K)->83968K(94208K) Eden: 24576K(24576K)->0K(10240K) From: 71872K(73728K)->83968K(83968K)
[6.715s][info][gc,heap        ] GC(123) ParOldGen: 1034543K(1150976K)->1047095K(1150976K)
[6.715s][info][gc,metaspace   ] GC(123) Metaspace: 6297K(6464K)->6297K(6464K) NonClass: 5764K(5824K)->5764K(5824K) Class: 533K(640K)->533K(640K)
[6.715s][info][gc             ] GC(123) Pause Young (Allocation Failure) 1104M->1104M(1216M) 53.824ms
[6.715s][info][gc,cpu         ] GC(123) User=0.31s Sys=0.02s Real=0.05s
[6.726s][info][gc,start       ] GC(124) Pause Young (Allocation Failure)
[6.776s][info][gc,heap        ] GC(124) PSYoungGen: 94208K(94208K)->52704K(62976K) Eden: 10240K(10240K)->0K(10240K) From: 83968K(83968K)->52704K(52736K)
[6.776s][info][gc,heap        ] GC(124) ParOldGen: 1047095K(1150976K)->1089207K(1150976K)
[6.776s][info][gc,metaspace   ] GC(124) Metaspace: 6297K(6464K)->6297K(6464K) NonClass: 5764K(5824K)->5764K(5824K) Class: 533K(640K)->533K(640K)
[6.776s][info][gc             ] GC(124) Pause Young (Allocation Failure) 1114M->1115M(1185M) 50.304ms
[6.776s][info][gc,cpu         ] GC(124) User=0.28s Sys=0.00s Real=0.05s
[6.788s][info][gc,start       ] GC(125) Pause Young (Allocation Failure)
[6.821s][info][gc,heap        ] GC(125) PSYoungGen: 62944K(62976K)->41920K(100352K) Eden: 10240K(10240K)->0K(11776K) From: 52704K(52736K)->41920K(88576K)
[6.821s][info][gc,heap        ] GC(125) ParOldGen: 1089207K(1150976K)->1110527K(1150976K)
[6.821s][info][gc,metaspace   ] GC(125) Metaspace: 6297K(6464K)->6297K(6464K) NonClass: 5764K(5824K)->5764K(5824K) Class: 533K(640K)->533K(640K)
[6.821s][info][gc             ] GC(125) Pause Young (Allocation Failure) 1125M->1125M(1222M) 33.495ms
[6.821s][info][gc,cpu         ] GC(125) User=0.14s Sys=0.02s Real=0.03s
[6.821s][info][gc,start       ] GC(126) Pause Full (Ergonomics)
[6.821s][info][gc,phases,start] GC(126) Marking Phase
[7.091s][info][gc,phases      ] GC(126) Marking Phase 270.305ms
[7.091s][info][gc,phases,start] GC(126) Summary Phase
[7.091s][info][gc,phases      ] GC(126) Summary Phase 0.025ms
[7.092s][info][gc,phases,start] GC(126) Adjust Roots
[7.092s][info][gc,phases      ] GC(126) Adjust Roots 0.148ms
[7.092s][info][gc,phases,start] GC(126) Compaction Phase
[7.195s][info][gc,phases      ] GC(126) Compaction Phase 102.847ms
[7.195s][info][gc,phases,start] GC(126) Post Compact
[7.197s][info][gc,phases      ] GC(126) Post Compact 2.165ms
[7.197s][info][gc,heap        ] GC(126) PSYoungGen: 41920K(100352K)->332K(102400K) Eden: 0K(11776K)->0K(13824K) From: 41920K(88576K)->332K(88576K)
[7.197s][info][gc,heap        ] GC(126) ParOldGen: 1110527K(1150976K)->1150759K(1277440K)
[7.197s][info][gc,metaspace   ] GC(126) Metaspace: 6297K(6464K)->6297K(6464K) NonClass: 5764K(5824K)->5764K(5824K) Class: 533K(640K)->533K(640K)
[7.197s][info][gc             ] GC(126) Pause Full (Ergonomics) 1125M->1124M(1347M) 376.406ms
[7.198s][info][gc,cpu         ] GC(126) User=2.53s Sys=0.05s Real=0.38s
[7.214s][info][gc,start       ] GC(127) Pause Young (Allocation Failure)
[7.272s][info][gc,heap        ] GC(127) PSYoungGen: 14156K(102400K)->14080K(107520K) Eden: 13824K(13824K)->0K(13824K) From: 332K(88576K)->14080K(93696K)
[7.273s][info][gc,heap        ] GC(127) ParOldGen: 1150759K(1277440K)->1150999K(1277440K)
[7.273s][info][gc,metaspace   ] GC(127) Metaspace: 6297K(6464K)->6297K(6464K) NonClass: 5764K(5824K)->5764K(5824K) Class: 533K(640K)->533K(640K)
[7.273s][info][gc             ] GC(127) Pause Young (Allocation Failure) 1137M->1137M(1352M) 58.472ms
[7.273s][info][gc,cpu         ] GC(127) User=0.36s Sys=0.00s Real=0.06s
[7.288s][info][gc,start       ] GC(128) Pause Young (Allocation Failure)
[7.307s][info][gc,heap        ] GC(128) PSYoungGen: 27904K(107520K)->27776K(104960K) Eden: 13824K(13824K)->0K(15872K) From: 14080K(93696K)->27776K(89088K)
[7.307s][info][gc,heap        ] GC(128) ParOldGen: 1150999K(1277440K)->1151143K(1277440K)
[7.307s][info][gc,metaspace   ] GC(128) Metaspace: 6297K(6464K)->6297K(6464K) NonClass: 5764K(5824K)->5764K(5824K) Class: 533K(640K)->533K(640K)
[7.307s][info][gc             ] GC(128) Pause Young (Allocation Failure) 1151M->1151M(1350M) 18.683ms
[7.307s][info][gc,cpu         ] GC(128) User=0.06s Sys=0.00s Real=0.02s
[7.326s][info][gc,start       ] GC(129) Pause Young (Allocation Failure)
[7.351s][info][gc,heap        ] GC(129) PSYoungGen: 43648K(104960K)->29792K(46080K) Eden: 15872K(15872K)->0K(15872K) From: 27776K(89088K)->29792K(30208K)
[7.351s][info][gc,heap        ] GC(129) ParOldGen: 1151143K(1277440K)->1165167K(1277440K)
[7.351s][info][gc,metaspace   ] GC(129) Metaspace: 6297K(6464K)->6297K(6464K) NonClass: 5764K(5824K)->5764K(5824K) Class: 533K(640K)->533K(640K)
[7.351s][info][gc             ] GC(129) Pause Young (Allocation Failure) 1166M->1166M(1292M) 25.116ms
[7.351s][info][gc,cpu         ] GC(129) User=0.12s Sys=0.00s Real=0.03s
[7.372s][info][gc,start       ] GC(130) Pause Young (Allocation Failure)
[7.398s][info][gc,heap        ] GC(130) PSYoungGen: 45664K(46080K)->31904K(98304K) Eden: 15872K(15872K)->0K(17920K) From: 29792K(30208K)->31904K(80384K)
[7.398s][info][gc,heap        ] GC(130) ParOldGen: 1165167K(1277440K)->1179183K(1277440K)
[7.398s][info][gc,metaspace   ] GC(130) Metaspace: 6297K(6464K)->6297K(6464K) NonClass: 5764K(5824K)->5764K(5824K) Class: 533K(640K)->533K(640K)
[7.399s][info][gc             ] GC(130) Pause Young (Allocation Failure) 1182M->1182M(1343M) 26.963ms
[7.399s][info][gc,cpu         ] GC(130) User=0.11s Sys=0.03s Real=0.03s
[7.421s][info][gc,start       ] GC(131) Pause Young (Allocation Failure)
[7.450s][info][gc,heap        ] GC(131) PSYoungGen: 49824K(98304K)->33888K(52224K) Eden: 17920K(17920K)->0K(17920K) From: 31904K(80384K)->33888K(34304K)
[7.450s][info][gc,heap        ] GC(131) ParOldGen: 1179183K(1277440K)->1195287K(1277440K)
[7.450s][info][gc,metaspace   ] GC(131) Metaspace: 6297K(6464K)->6297K(6464K) NonClass: 5764K(5824K)->5764K(5824K) Class: 533K(640K)->533K(640K)
[7.450s][info][gc             ] GC(131) Pause Young (Allocation Failure) 1200M->1200M(1298M) 29.371ms
[7.450s][info][gc,cpu         ] GC(131) User=0.14s Sys=0.00s Real=0.03s
[7.473s][info][gc,start       ] GC(132) Pause Young (Allocation Failure)
[7.503s][info][gc,heap        ] GC(132) PSYoungGen: 51808K(52224K)->35968K(92672K) Eden: 17920K(17920K)->0K(19968K) From: 33888K(34304K)->35968K(72704K)
[7.503s][info][gc,heap        ] GC(132) ParOldGen: 1195287K(1277440K)->1211399K(1277440K)
[7.503s][info][gc,metaspace   ] GC(132) Metaspace: 6297K(6464K)->6297K(6464K) NonClass: 5764K(5824K)->5764K(5824K) Class: 533K(640K)->533K(640K)
[7.503s][info][gc             ] GC(132) Pause Young (Allocation Failure) 1217M->1218M(1338M) 30.119ms
[7.503s][info][gc,cpu         ] GC(132) User=0.14s Sys=0.00s Real=0.03s
[7.527s][info][gc,start       ] GC(133) Pause Young (Allocation Failure)
[7.558s][info][gc,heap        ] GC(133) PSYoungGen: 55936K(92672K)->38016K(58368K) Eden: 19968K(19968K)->0K(19968K) From: 35968K(72704K)->38016K(38400K)
[7.558s][info][gc,heap        ] GC(133) ParOldGen: 1211399K(1277440K)->1229583K(1277440K)
[7.558s][info][gc,metaspace   ] GC(133) Metaspace: 6297K(6464K)->6297K(6464K) NonClass: 5764K(5824K)->5764K(5824K) Class: 533K(640K)->533K(640K)
[7.558s][info][gc             ] GC(133) Pause Young (Allocation Failure) 1237M->1237M(1304M) 31.442ms
[7.558s][info][gc,cpu         ] GC(133) User=0.14s Sys=0.00s Real=0.03s
[7.584s][info][gc,start       ] GC(134) Pause Young (Allocation Failure)
[7.617s][info][gc,heap        ] GC(134) PSYoungGen: 57984K(58368K)->40064K(90624K) Eden: 19968K(19968K)->0K(22528K) From: 38016K(38400K)->40064K(68096K)
[7.617s][info][gc,heap        ] GC(134) ParOldGen: 1229583K(1277440K)->1247743K(1277440K)
[7.617s][info][gc,metaspace   ] GC(134) Metaspace: 6297K(6464K)->6297K(6464K) NonClass: 5764K(5824K)->5764K(5824K) Class: 533K(640K)->533K(640K)
[7.617s][info][gc             ] GC(134) Pause Young (Allocation Failure) 1257M->1257M(1336M) 32.660ms
[7.617s][info][gc,cpu         ] GC(134) User=0.14s Sys=0.00s Real=0.03s
[7.617s][info][gc,start       ] GC(135) Pause Full (Ergonomics)
[7.617s][info][gc,phases,start] GC(135) Marking Phase
[7.909s][info][gc,phases      ] GC(135) Marking Phase 291.719ms
[7.909s][info][gc,phases,start] GC(135) Summary Phase
[7.909s][info][gc,phases      ] GC(135) Summary Phase 0.033ms
[7.909s][info][gc,phases,start] GC(135) Adjust Roots
[7.909s][info][gc,phases      ] GC(135) Adjust Roots 0.146ms
[7.909s][info][gc,phases,start] GC(135) Compaction Phase
[8.029s][info][gc,phases      ] GC(135) Compaction Phase 119.526ms
[8.029s][info][gc,phases,start] GC(135) Post Compact
[8.031s][info][gc,phases      ] GC(135) Post Compact 2.085ms
[8.031s][info][gc,heap        ] GC(135) PSYoungGen: 40064K(90624K)->8702K(92672K) Eden: 0K(22528K)->0K(24576K) From: 40064K(68096K)->8702K(68096K)
[8.031s][info][gc,heap        ] GC(135) ParOldGen: 1247743K(1277440K)->1277308K(1404928K)
[8.031s][info][gc,metaspace   ] GC(135) Metaspace: 6297K(6464K)->6297K(6464K) NonClass: 5764K(5824K)->5764K(5824K) Class: 533K(640K)->533K(640K)
[8.031s][info][gc             ] GC(135) Pause Full (Ergonomics) 1257M->1255M(1462M) 414.273ms
[8.031s][info][gc,cpu         ] GC(135) User=2.97s Sys=0.00s Real=0.41s
[8.062s][info][gc,start       ] GC(136) Pause Young (Allocation Failure)
[8.136s][info][gc,heap        ] GC(136) PSYoungGen: 33278K(92672K)->21728K(94720K) Eden: 24576K(24576K)->0K(24576K) From: 8702K(68096K)->21728K(70144K)
[8.136s][info][gc,heap        ] GC(136) ParOldGen: 1277308K(1404928K)->1284588K(1404928K)
[8.136s][info][gc,metaspace   ] GC(136) Metaspace: 6297K(6464K)->6297K(6464K) NonClass: 5764K(5824K)->5764K(5824K) Class: 533K(640K)->533K(640K)
[8.136s][info][gc             ] GC(136) Pause Young (Allocation Failure) 1279M->1275M(1464M) 73.596ms
[8.136s][info][gc,cpu         ] GC(136) User=0.41s Sys=0.02s Real=0.08s
[8.155s][info][gc,start       ] GC(137) Pause Young (Allocation Failure)
[8.178s][info][gc,heap        ] GC(137) PSYoungGen: 46304K(94720K)->34464K(90624K) Eden: 24576K(24576K)->0K(27136K) From: 21728K(70144K)->34464K(63488K)
[8.178s][info][gc,heap        ] GC(137) ParOldGen: 1284588K(1404928K)->1284588K(1404928K)
[8.178s][info][gc,metaspace   ] GC(137) Metaspace: 6297K(6464K)->6297K(6464K) NonClass: 5764K(5824K)->5764K(5824K) Class: 533K(640K)->533K(640K)
[8.178s][info][gc             ] GC(137) Pause Young (Allocation Failure) 1299M->1288M(1460M) 22.808ms
[8.178s][info][gc,cpu         ] GC(137) User=0.11s Sys=0.00s Real=0.02s
[8.212s][info][gc,start       ] GC(138) Pause Young (Allocation Failure)
[8.249s][info][gc,heap        ] GC(138) PSYoungGen: 61600K(90624K)->59680K(93696K) Eden: 27136K(27136K)->0K(27136K) From: 34464K(63488K)->59680K(66560K)
[8.250s][info][gc,heap        ] GC(138) ParOldGen: 1284588K(1404928K)->1284588K(1404928K)
[8.250s][info][gc,metaspace   ] GC(138) Metaspace: 6297K(6464K)->6297K(6464K) NonClass: 5764K(5824K)->5764K(5824K) Class: 533K(640K)->533K(640K)
[8.250s][info][gc             ] GC(138) Pause Young (Allocation Failure) 1314M->1312M(1463M) 37.243ms
[8.250s][info][gc,cpu         ] GC(138) User=0.12s Sys=0.00s Real=0.04s
[8.283s][info][gc,start       ] GC(139) Pause Young (Allocation Failure)
[8.332s][info][gc,heap        ] GC(139) PSYoungGen: 86816K(93696K)->72192K(88064K) Eden: 27136K(27136K)->0K(15872K) From: 59680K(66560K)->72192K(72192K)
[8.332s][info][gc,heap        ] GC(139) ParOldGen: 1284588K(1404928K)->1299308K(1404928K)
[8.332s][info][gc,metaspace   ] GC(139) Metaspace: 6297K(6464K)->6297K(6464K) NonClass: 5764K(5824K)->5764K(5824K) Class: 533K(640K)->533K(640K)
[8.332s][info][gc             ] GC(139) Pause Young (Allocation Failure) 1339M->1339M(1458M) 49.252ms
[8.332s][info][gc,cpu         ] GC(139) User=0.25s Sys=0.03s Real=0.05s
[8.352s][info][gc,start       ] GC(140) Pause Young (Allocation Failure)
[8.397s][info][gc,heap        ] GC(140) PSYoungGen: 88064K(88064K)->60000K(102400K) Eden: 15872K(15872K)->0K(15872K) From: 72192K(72192K)->60000K(86528K)
[8.397s][info][gc,heap        ] GC(140) ParOldGen: 1299308K(1404928K)->1327892K(1404928K)
[8.397s][info][gc,metaspace   ] GC(140) Metaspace: 6297K(6464K)->6297K(6464K) NonClass: 5764K(5824K)->5764K(5824K) Class: 533K(640K)->533K(640K)
[8.397s][info][gc             ] GC(140) Pause Young (Allocation Failure) 1354M->1355M(1472M) 44.334ms
[8.397s][info][gc,cpu         ] GC(140) User=0.25s Sys=0.00s Real=0.04s
[8.419s][info][gc,start       ] GC(141) Pause Young (Allocation Failure)
[8.459s][info][gc,heap        ] GC(141) PSYoungGen: 75872K(102400K)->53728K(105472K) Eden: 15872K(15872K)->0K(18432K) From: 60000K(86528K)->53728K(87040K)
[8.459s][info][gc,heap        ] GC(141) ParOldGen: 1327892K(1404928K)->1350308K(1404928K)
[8.459s][info][gc,metaspace   ] GC(141) Metaspace: 6297K(6464K)->6297K(6464K) NonClass: 5764K(5824K)->5764K(5824K) Class: 533K(640K)->533K(640K)
[8.459s][info][gc             ] GC(141) Pause Young (Allocation Failure) 1370M->1371M(1475M) 39.492ms
[8.459s][info][gc,cpu         ] GC(141) User=0.23s Sys=0.02s Real=0.04s
[8.747s][info][gc,start       ] GC(142) Pause Young (Allocation Failure)
[8.816s][info][gc,heap        ] GC(142) PSYoungGen: 72160K(105472K)->34464K(105984K) Eden: 18432K(18432K)->0K(18432K) From: 53728K(87040K)->34464K(87552K)
[8.816s][info][gc,heap        ] GC(142) ParOldGen: 1415844K(1470976K)->1454028K(1470976K)
[8.816s][info][gc,metaspace   ] GC(142) Metaspace: 6297K(6464K)->6297K(6464K) NonClass: 5764K(5824K)->5764K(5824K) Class: 533K(640K)->533K(640K)
[8.817s][info][gc             ] GC(142) Pause Young (Allocation Failure) 1453M->1453M(1540M) 69.369ms
[8.817s][info][gc,cpu         ] GC(142) User=0.38s Sys=0.00s Real=0.07s
[8.817s][info][gc,start       ] GC(143) Pause Full (Ergonomics)
[8.817s][info][gc,phases,start] GC(143) Marking Phase
[9.151s][info][gc,phases      ] GC(143) Marking Phase 334.643ms
[9.151s][info][gc,phases,start] GC(143) Summary Phase
[9.151s][info][gc,phases      ] GC(143) Summary Phase 0.045ms
[9.151s][info][gc,phases,start] GC(143) Adjust Roots
[9.152s][info][gc,phases      ] GC(143) Adjust Roots 0.200ms
[9.152s][info][gc,phases,start] GC(143) Compaction Phase
[9.390s][info][gc,phases      ] GC(143) Compaction Phase 238.185ms
[9.390s][info][gc,phases,start] GC(143) Post Compact
[9.393s][info][gc,phases      ] GC(143) Post Compact 2.886ms
[9.393s][info][gc,heap        ] GC(143) PSYoungGen: 34464K(105984K)->0K(105984K) Eden: 0K(18432K)->0K(20480K) From: 34464K(87552K)->0K(85504K)
[9.393s][info][gc,heap        ] GC(143) ParOldGen: 1454028K(1470976K)->1453850K(1600000K)
[9.393s][info][gc,metaspace   ] GC(143) Metaspace: 6297K(6464K)->6297K(6464K) NonClass: 5764K(5824K)->5764K(5824K) Class: 533K(640K)->533K(640K)
[9.393s][info][gc             ] GC(143) Pause Full (Ergonomics) 1453M->1419M(1666M) 576.758ms
[9.393s][info][gc,cpu         ] GC(143) User=3.75s Sys=0.02s Real=0.58s
[9.413s][info][gc,start       ] GC(144) Pause Young (Allocation Failure)
[9.435s][info][gc,heap        ] GC(144) PSYoungGen: 20480K(105984K)->20640K(105984K) Eden: 20480K(20480K)->0K(20480K) From: 0K(85504K)->20640K(85504K)
[9.435s][info][gc,heap        ] GC(144) ParOldGen: 1453850K(1600000K)->1453850K(1600000K)
[9.435s][info][gc,metaspace   ] GC(144) Metaspace: 6297K(6464K)->6297K(6464K) NonClass: 5764K(5824K)->5764K(5824K) Class: 533K(640K)->533K(640K)
[9.435s][info][gc             ] GC(144) Pause Young (Allocation Failure) 1439M->1439M(1666M) 21.868ms
[9.435s][info][gc,cpu         ] GC(144) User=0.03s Sys=0.00s Real=0.02s
[9.454s][info][gc,start       ] GC(145) Pause Young (Allocation Failure)
[9.481s][info][gc,heap        ] GC(145) PSYoungGen: 41120K(105984K)->41120K(99840K) Eden: 20480K(20480K)->0K(22528K) From: 20640K(85504K)->41120K(77312K)
[9.481s][info][gc,heap        ] GC(145) ParOldGen: 1453850K(1600000K)->1453850K(1600000K)
[9.481s][info][gc,metaspace   ] GC(145) Metaspace: 6297K(6464K)->6297K(6464K) NonClass: 5764K(5824K)->5764K(5824K) Class: 533K(640K)->533K(640K)
[9.481s][info][gc             ] GC(145) Pause Young (Allocation Failure) 1459M->1459M(1660M) 27.150ms
[9.481s][info][gc,cpu         ] GC(145) User=0.03s Sys=0.00s Real=0.03s
[9.502s][info][gc,start       ] GC(146) Pause Young (Allocation Failure)
[9.537s][info][gc,heap        ] GC(146) PSYoungGen: 63648K(99840K)->63648K(103936K) Eden: 22528K(22528K)->0K(22528K) From: 41120K(77312K)->63648K(81408K)
[9.537s][info][gc,heap        ] GC(146) ParOldGen: 1453850K(1600000K)->1453850K(1600000K)
[9.537s][info][gc,metaspace   ] GC(146) Metaspace: 6297K(6464K)->6297K(6464K) NonClass: 5764K(5824K)->5764K(5824K) Class: 533K(640K)->533K(640K)
[9.537s][info][gc             ] GC(146) Pause Young (Allocation Failure) 1481M->1481M(1664M) 34.347ms
[9.537s][info][gc,cpu         ] GC(146) User=0.08s Sys=0.00s Real=0.03s
[9.560s][info][gc,start       ] GC(147) Pause Young (Allocation Failure)
[9.601s][info][gc,heap        ] GC(147) PSYoungGen: 86176K(103936K)->85504K(99328K) Eden: 22528K(22528K)->0K(13824K) From: 63648K(81408K)->85504K(85504K)
[9.601s][info][gc,heap        ] GC(147) ParOldGen: 1453850K(1600000K)->1454458K(1600000K)
[9.601s][info][gc,metaspace   ] GC(147) Metaspace: 6297K(6464K)->6297K(6464K) NonClass: 5764K(5824K)->5764K(5824K) Class: 533K(640K)->533K(640K)
[9.601s][info][gc             ] GC(147) Pause Young (Allocation Failure) 1503M->1503M(1659M) 41.101ms
[9.601s][info][gc,cpu         ] GC(147) User=0.22s Sys=0.03s Real=0.04s
[9.616s][info][gc,start       ] GC(148) Pause Young (Allocation Failure)
[9.664s][info][gc,heap        ] GC(148) PSYoungGen: 99328K(99328K)->58752K(110592K) Eden: 13824K(13824K)->0K(13824K) From: 85504K(85504K)->58752K(96768K)
[9.664s][info][gc,heap        ] GC(148) ParOldGen: 1454458K(1600000K)->1495666K(1600000K)
[9.664s][info][gc,metaspace   ] GC(148) Metaspace: 6297K(6464K)->6297K(6464K) NonClass: 5764K(5824K)->5764K(5824K) Class: 533K(640K)->533K(640K)
[9.664s][info][gc             ] GC(148) Pause Young (Allocation Failure) 1517M->1517M(1670M) 48.025ms
[9.664s][info][gc,cpu         ] GC(148) User=0.36s Sys=0.03s Real=0.05s
[9.678s][info][gc,start       ] GC(149) Pause Young (Allocation Failure)
[9.716s][info][gc,heap        ] GC(149) PSYoungGen: 72576K(110592K)->27776K(109568K) Eden: 13824K(13824K)->0K(15872K) From: 58752K(96768K)->27776K(93696K)
[9.716s][info][gc,heap        ] GC(149) ParOldGen: 1495666K(1600000K)->1541002K(1600000K)
[9.716s][info][gc,metaspace   ] GC(149) Metaspace: 6297K(6464K)->6297K(6464K) NonClass: 5764K(5824K)->5764K(5824K) Class: 533K(640K)->533K(640K)
[9.716s][info][gc             ] GC(149) Pause Young (Allocation Failure) 1531M->1532M(1669M) 38.034ms
[9.716s][info][gc,cpu         ] GC(149) User=0.31s Sys=0.05s Real=0.04s
[9.733s][info][gc,start       ] GC(150) Pause Young (Allocation Failure)
[9.762s][info][gc,heap        ] GC(150) PSYoungGen: 43648K(109568K)->16000K(110592K) Eden: 15872K(15872K)->0K(15872K) From: 27776K(93696K)->16000K(94720K)
[9.762s][info][gc,heap        ] GC(150) ParOldGen: 1541002K(1600000K)->1568986K(1600000K)
[9.762s][info][gc,metaspace   ] GC(150) Metaspace: 6297K(6464K)->6297K(6464K) NonClass: 5764K(5824K)->5764K(5824K) Class: 533K(640K)->533K(640K)
[9.762s][info][gc             ] GC(150) Pause Young (Allocation Failure) 1547M->1547M(1670M) 28.668ms
[9.762s][info][gc,cpu         ] GC(150) User=0.05s Sys=0.00s Real=0.03s
[9.762s][info][gc,start       ] GC(151) Pause Full (Ergonomics)
[9.762s][info][gc,phases,start] GC(151) Marking Phase
[10.122s][info][gc,phases      ] GC(151) Marking Phase 360.181ms
[10.122s][info][gc,phases,start] GC(151) Summary Phase
[10.122s][info][gc,phases      ] GC(151) Summary Phase 0.069ms
[10.122s][info][gc,phases,start] GC(151) Adjust Roots
[10.122s][info][gc,phases      ] GC(151) Adjust Roots 0.166ms
[10.122s][info][gc,phases,start] GC(151) Compaction Phase
[10.276s][info][gc,phases      ] GC(151) Compaction Phase 153.292ms
[10.276s][info][gc,phases,start] GC(151) Post Compact
[10.279s][info][gc,phases      ] GC(151) Post Compact 3.095ms
[10.280s][info][gc,heap        ] GC(151) PSYoungGen: 16000K(110592K)->0K(113664K) Eden: 0K(15872K)->0K(18432K) From: 16000K(94720K)->0K(95232K)
[10.280s][info][gc,heap        ] GC(151) ParOldGen: 1568986K(1600000K)->1583163K(1753088K)
[10.280s][info][gc,metaspace   ] GC(151) Metaspace: 6297K(6464K)->6297K(6464K) NonClass: 5764K(5824K)->5764K(5824K) Class: 533K(640K)->533K(640K)
[10.280s][info][gc             ] GC(151) Pause Full (Ergonomics) 1547M->1546M(1823M) 517.767ms
[10.280s][info][gc,cpu         ] GC(151) User=3.44s Sys=0.00s Real=0.52s
[10.300s][info][gc,start       ] GC(152) Pause Young (Allocation Failure)
[10.319s][info][gc,heap        ] GC(152) PSYoungGen: 18432K(113664K)->18560K(113664K) Eden: 18432K(18432K)->0K(18432K) From: 0K(95232K)->18560K(95232K)
[10.319s][info][gc,heap        ] GC(152) ParOldGen: 1583163K(1753088K)->1583163K(1753088K)
[10.319s][info][gc,metaspace   ] GC(152) Metaspace: 6297K(6464K)->6297K(6464K) NonClass: 5764K(5824K)->5764K(5824K) Class: 533K(640K)->533K(640K)
[10.319s][info][gc             ] GC(152) Pause Young (Allocation Failure) 1564M->1564M(1823M) 19.167ms
[10.319s][info][gc,cpu         ] GC(152) User=0.03s Sys=0.00s Real=0.02s
[10.338s][info][gc,start       ] GC(153) Pause Young (Allocation Failure)
[10.366s][info][gc,heap        ] GC(153) PSYoungGen: 36992K(113664K)->36992K(107008K) Eden: 18432K(18432K)->0K(20992K) From: 18560K(95232K)->36992K(86016K)
[10.366s][info][gc,heap        ] GC(153) ParOldGen: 1583163K(1753088K)->1583163K(1753088K)
[10.366s][info][gc,metaspace   ] GC(153) Metaspace: 6297K(6464K)->6297K(6464K) NonClass: 5764K(5824K)->5764K(5824K) Class: 533K(640K)->533K(640K)
[10.366s][info][gc             ] GC(153) Pause Young (Allocation Failure) 1582M->1582M(1816M) 28.082ms
[10.366s][info][gc,cpu         ] GC(153) User=0.02s Sys=0.00s Real=0.03s
[10.386s][info][gc,start       ] GC(154) Pause Young (Allocation Failure)
[10.419s][info][gc,heap        ] GC(154) PSYoungGen: 57984K(107008K)->39616K(60928K) Eden: 20992K(20992K)->0K(20992K) From: 36992K(86016K)->39616K(39936K)
[10.419s][info][gc,heap        ] GC(154) ParOldGen: 1583163K(1753088K)->1601843K(1753088K)
[10.419s][info][gc,metaspace   ] GC(154) Metaspace: 6297K(6464K)->6297K(6464K) NonClass: 5764K(5824K)->5764K(5824K) Class: 533K(640K)->533K(640K)
[10.419s][info][gc             ] GC(154) Pause Young (Allocation Failure) 1602M->1602M(1771M) 33.227ms
[10.419s][info][gc,cpu         ] GC(154) User=0.16s Sys=0.00s Real=0.03s
[10.441s][info][gc,start       ] GC(155) Pause Young (Allocation Failure)
[10.476s][info][gc,heap        ] GC(155) PSYoungGen: 60608K(60928K)->42144K(100864K) Eden: 20992K(20992K)->0K(23552K) From: 39616K(39936K)->42144K(77312K)
[10.476s][info][gc,heap        ] GC(155) ParOldGen: 1601843K(1753088K)->1620507K(1753088K)
[10.476s][info][gc,metaspace   ] GC(155) Metaspace: 6297K(6464K)->6297K(6464K) NonClass: 5764K(5824K)->5764K(5824K) Class: 533K(640K)->533K(640K)
[10.476s][info][gc             ] GC(155) Pause Young (Allocation Failure) 1623M->1623M(1810M) 34.808ms
[10.476s][info][gc,cpu         ] GC(155) User=0.14s Sys=0.00s Real=0.04s
[10.500s][info][gc,start       ] GC(156) Pause Young (Allocation Failure)
[10.536s][info][gc,heap        ] GC(156) PSYoungGen: 65696K(100864K)->44704K(104960K) Eden: 23552K(23552K)->0K(23552K) From: 42144K(77312K)->44704K(81408K)
[10.536s][info][gc,heap        ] GC(156) ParOldGen: 1620507K(1753088K)->1641787K(1753088K)
[10.536s][info][gc,metaspace   ] GC(156) Metaspace: 6297K(6464K)->6297K(6464K) NonClass: 5764K(5824K)->5764K(5824K) Class: 533K(640K)->533K(640K)
[10.536s][info][gc             ] GC(156) Pause Young (Allocation Failure) 1646M->1646M(1814M) 35.800ms
[10.536s][info][gc,cpu         ] GC(156) User=0.08s Sys=0.06s Real=0.04s
[10.562s][info][gc,start       ] GC(157) Pause Young (Allocation Failure)
[10.600s][info][gc,heap        ] GC(157) PSYoungGen: 68256K(104960K)->47264K(102400K) Eden: 23552K(23552K)->0K(26624K) From: 44704K(81408K)->47264K(75776K)
[10.600s][info][gc,heap        ] GC(157) ParOldGen: 1641787K(1753088K)->1663075K(1753088K)
[10.600s][info][gc,metaspace   ] GC(157) Metaspace: 6297K(6464K)->6297K(6464K) NonClass: 5764K(5824K)->5764K(5824K) Class: 533K(640K)->533K(640K)
[10.600s][info][gc             ] GC(157) Pause Young (Allocation Failure) 1669M->1670M(1812M) 38.438ms
[10.600s][info][gc,cpu         ] GC(157) User=0.09s Sys=0.06s Real=0.04s
[10.630s][info][gc,start       ] GC(158) Pause Young (Allocation Failure)
[10.669s][info][gc,heap        ] GC(158) PSYoungGen: 73888K(102400K)->50400K(103936K) Eden: 26624K(26624K)->0K(26624K) From: 47264K(75776K)->50400K(77312K)
[10.669s][info][gc,heap        ] GC(158) ParOldGen: 1663075K(1753088K)->1686947K(1753088K)
[10.669s][info][gc,metaspace   ] GC(158) Metaspace: 6297K(6464K)->6297K(6464K) NonClass: 5764K(5824K)->5764K(5824K) Class: 533K(640K)->533K(640K)
[10.669s][info][gc             ] GC(158) Pause Young (Allocation Failure) 1696M->1696M(1813M) 39.482ms
[10.669s][info][gc,cpu         ] GC(158) User=0.16s Sys=0.02s Real=0.04s
[10.699s][info][gc,start       ] GC(159) Pause Young (Allocation Failure)
[10.742s][info][gc,heap        ] GC(159) PSYoungGen: 77024K(103936K)->53440K(106496K) Eden: 26624K(26624K)->0K(29696K) From: 50400K(77312K)->53440K(76800K)
[10.742s][info][gc,heap        ] GC(159) ParOldGen: 1686947K(1753088K)->1710827K(1753088K)
[10.742s][info][gc,metaspace   ] GC(159) Metaspace: 6297K(6464K)->6297K(6464K) NonClass: 5764K(5824K)->5764K(5824K) Class: 533K(640K)->533K(640K)
[10.742s][info][gc             ] GC(159) Pause Young (Allocation Failure) 1722M->1722M(1816M) 43.128ms
[10.742s][info][gc,cpu         ] GC(159) User=0.22s Sys=0.00s Real=0.04s
[10.742s][info][gc,start       ] GC(160) Pause Full (Ergonomics)
[10.742s][info][gc,phases,start] GC(160) Marking Phase
[11.138s][info][gc,phases      ] GC(160) Marking Phase 395.871ms
[11.138s][info][gc,phases,start] GC(160) Summary Phase
[11.138s][info][gc,phases      ] GC(160) Summary Phase 0.049ms
[11.138s][info][gc,phases,start] GC(160) Adjust Roots
[11.138s][info][gc,phases      ] GC(160) Adjust Roots 0.263ms
[11.138s][info][gc,phases,start] GC(160) Compaction Phase
[11.621s][info][gc,phases      ] GC(160) Compaction Phase 482.989ms
[11.622s][info][gc,phases,start] GC(160) Post Compact
[11.625s][info][gc,phases      ] GC(160) Post Compact 3.794ms
[11.626s][info][gc,heap        ] GC(160) PSYoungGen: 53440K(106496K)->9250K(106496K) Eden: 0K(29696K)->0K(29696K) From: 53440K(76800K)->9250K(76800K)
[11.626s][info][gc,heap        ] GC(160) ParOldGen: 1710827K(1753088K)->1752869K(1925632K)
[11.626s][info][gc,metaspace   ] GC(160) Metaspace: 6297K(6464K)->6297K(6464K) NonClass: 5764K(5824K)->5764K(5824K) Class: 533K(640K)->533K(640K)
[11.626s][info][gc             ] GC(160) Pause Full (Ergonomics) 1722M->1720M(1984M) 883.911ms
[11.626s][info][gc,cpu         ] GC(160) User=5.50s Sys=0.02s Real=0.88s
[11.658s][info][gc,start       ] GC(161) Pause Young (Allocation Failure)
[11.767s][info][gc,heap        ] GC(161) PSYoungGen: 38946K(106496K)->29856K(107008K) Eden: 29696K(29696K)->0K(29696K) From: 9250K(76800K)->29856K(77312K)
[11.767s][info][gc,heap        ] GC(161) ParOldGen: 1752869K(1925632K)->1762269K(1925632K)
[11.767s][info][gc,metaspace   ] GC(161) Metaspace: 6297K(6464K)->6297K(6464K) NonClass: 5764K(5824K)->5764K(5824K) Class: 533K(640K)->533K(640K)
[11.767s][info][gc             ] GC(161) Pause Young (Allocation Failure) 1749M->1750M(1985M) 109.609ms
[11.767s][info][gc,cpu         ] GC(161) User=0.50s Sys=0.00s Real=0.11s
[11.800s][info][gc,start       ] GC(162) Pause Young (Allocation Failure)
[11.839s][info][gc,heap        ] GC(162) PSYoungGen: 59552K(107008K)->59616K(105984K) Eden: 29696K(29696K)->0K(29696K) From: 29856K(77312K)->59616K(76288K)
[11.839s][info][gc,heap        ] GC(162) ParOldGen: 1762269K(1925632K)->1762269K(1925632K)
[11.839s][info][gc,metaspace   ] GC(162) Metaspace: 6297K(6464K)->6297K(6464K) NonClass: 5764K(5824K)->5764K(5824K) Class: 533K(640K)->533K(640K)
[11.839s][info][gc             ] GC(162) Pause Young (Allocation Failure) 1779M->1779M(1984M) 38.978ms
[11.839s][info][gc,cpu         ] GC(162) User=0.12s Sys=0.02s Real=0.04s
[11.870s][info][gc,start       ] GC(163) Pause Young (Allocation Failure)
[11.921s][info][gc,heap        ] GC(163) PSYoungGen: 89312K(105984K)->79360K(109056K) Eden: 29696K(29696K)->0K(29696K) From: 59616K(76288K)->79360K(79360K)
[11.921s][info][gc,heap        ] GC(163) ParOldGen: 1762269K(1925632K)->1772237K(1925632K)
[11.921s][info][gc,metaspace   ] GC(163) Metaspace: 6297K(6464K)->6297K(6464K) NonClass: 5764K(5824K)->5764K(5824K) Class: 533K(640K)->533K(640K)
[11.921s][info][gc             ] GC(163) Pause Young (Allocation Failure) 1808M->1808M(1987M) 50.572ms
[11.921s][info][gc,cpu         ] GC(163) User=0.34s Sys=0.02s Real=0.05s
[11.955s][info][gc,start       ] GC(164) Pause Young (Allocation Failure)
[12.013s][info][gc,heap        ] GC(164) PSYoungGen: 109056K(109056K)->56896K(122880K) Eden: 29696K(29696K)->0K(33280K) From: 79360K(79360K)->56896K(89600K)
[12.013s][info][gc,heap        ] GC(164) ParOldGen: 1772237K(1925632K)->1825205K(1925632K)
[12.013s][info][gc,metaspace   ] GC(164) Metaspace: 6297K(6464K)->6297K(6464K) NonClass: 5764K(5824K)->5764K(5824K) Class: 533K(640K)->533K(640K)
[12.013s][info][gc             ] GC(164) Pause Young (Allocation Failure) 1837M->1837M(2000M) 58.043ms
[12.013s][info][gc,cpu         ] GC(164) User=0.34s Sys=0.05s Real=0.06s
[12.054s][info][gc,start       ] GC(165) Pause Young (Allocation Failure)
[12.101s][info][gc,heap        ] GC(165) PSYoungGen: 90176K(122880K)->63200K(124416K) Eden: 33280K(33280K)->0K(33280K) From: 56896K(89600K)->63200K(91136K)
[12.102s][info][gc,heap        ] GC(165) ParOldGen: 1825205K(1925632K)->1852581K(1925632K)
[12.102s][info][gc,metaspace   ] GC(165) Metaspace: 6297K(6464K)->6297K(6464K) NonClass: 5764K(5824K)->5764K(5824K) Class: 533K(640K)->533K(640K)
[12.102s][info][gc             ] GC(165) Pause Young (Allocation Failure) 1870M->1870M(2002M) 48.010ms
[12.102s][info][gc,cpu         ] GC(165) User=0.38s Sys=0.00s Real=0.05s
[12.140s][info][gc,start       ] GC(166) Pause Young (Allocation Failure)
[12.201s][info][gc,heap        ] GC(166) PSYoungGen: 96480K(124416K)->66720K(128000K) Eden: 33280K(33280K)->0K(35840K) From: 63200K(91136K)->66720K(92160K)
[12.201s][info][gc,heap        ] GC(166) ParOldGen: 1852581K(1925632K)->1882709K(1925632K)
[12.201s][info][gc,metaspace   ] GC(166) Metaspace: 6297K(6464K)->6297K(6464K) NonClass: 5764K(5824K)->5764K(5824K) Class: 533K(640K)->533K(640K)
[12.201s][info][gc             ] GC(166) Pause Young (Allocation Failure) 1903M->1903M(2005M) 60.775ms
[12.201s][info][gc,cpu         ] GC(166) User=0.27s Sys=0.03s Real=0.06s
[12.201s][info][gc,start       ] GC(167) Pause Full (Ergonomics)
[12.201s][info][gc,phases,start] GC(167) Marking Phase
[12.682s][info][gc,phases      ] GC(167) Marking Phase 481.417ms
[12.682s][info][gc,phases,start] GC(167) Summary Phase
[12.682s][info][gc,phases      ] GC(167) Summary Phase 0.071ms
[12.682s][info][gc,phases,start] GC(167) Adjust Roots
[12.683s][info][gc,phases      ] GC(167) Adjust Roots 0.312ms
[12.683s][info][gc,phases,start] GC(167) Compaction Phase
[12.881s][info][gc,phases      ] GC(167) Compaction Phase 197.801ms
[12.881s][info][gc,phases,start] GC(167) Post Compact
[12.885s][info][gc,phases      ] GC(167) Post Compact 4.335ms
[12.886s][info][gc,heap        ] GC(167) PSYoungGen: 66720K(128000K)->22043K(128000K) Eden: 0K(35840K)->0K(35840K) From: 66720K(92160K)->22043K(92160K)
[12.886s][info][gc,heap        ] GC(167) ParOldGen: 1882709K(1925632K)->1925233K(2119680K)
[12.886s][info][gc,metaspace   ] GC(167) Metaspace: 6297K(6464K)->6297K(6464K) NonClass: 5764K(5824K)->5764K(5824K) Class: 533K(640K)->533K(640K)
[12.886s][info][gc             ] GC(167) Pause Full (Ergonomics) 1903M->1901M(2195M) 685.077ms
[12.886s][info][gc,cpu         ] GC(167) User=4.56s Sys=0.03s Real=0.69s
[12.930s][info][gc,start       ] GC(168) Pause Young (Allocation Failure)
[13.043s][info][gc,heap        ] GC(168) PSYoungGen: 57883K(128000K)->47232K(129536K) Eden: 35840K(35840K)->0K(35840K) From: 22043K(92160K)->47232K(93696K)
[13.043s][info][gc,heap        ] GC(168) ParOldGen: 1925233K(2119680K)->1936257K(2119680K)
[13.043s][info][gc,metaspace   ] GC(168) Metaspace: 6297K(6464K)->6297K(6464K) NonClass: 5764K(5824K)->5764K(5824K) Class: 533K(640K)->533K(640K)
[13.043s][info][gc             ] GC(168) Pause Young (Allocation Failure) 1936M->1937M(2196M) 113.485ms
[13.043s][info][gc,cpu         ] GC(168) User=0.72s Sys=0.02s Real=0.11s
[13.089s][info][gc,start       ] GC(169) Pause Young (Allocation Failure)
[13.136s][info][gc,heap        ] GC(169) PSYoungGen: 83072K(129536K)->83136K(122368K) Eden: 35840K(35840K)->0K(31744K) From: 47232K(93696K)->83136K(90624K)
[13.136s][info][gc,heap        ] GC(169) ParOldGen: 1936257K(2119680K)->1936257K(2119680K)
[13.136s][info][gc,metaspace   ] GC(169) Metaspace: 6297K(6464K)->6297K(6464K) NonClass: 5764K(5824K)->5764K(5824K) Class: 533K(640K)->533K(640K)
[13.136s][info][gc             ] GC(169) Pause Young (Allocation Failure) 1972M->1972M(2189M) 47.137ms
[13.136s][info][gc,cpu         ] GC(169) User=0.27s Sys=0.00s Real=0.05s
[13.174s][info][gc,start       ] GC(170) Pause Young (Allocation Failure)
[13.234s][info][gc,heap        ] GC(170) PSYoungGen: 114880K(122368K)->98304K(130048K) Eden: 31744K(31744K)->0K(31744K) From: 83136K(90624K)->98304K(98304K)
[13.235s][info][gc,heap        ] GC(170) ParOldGen: 1936257K(2119680K)->1952897K(2119680K)
[13.235s][info][gc,metaspace   ] GC(170) Metaspace: 6297K(6464K)->6297K(6464K) NonClass: 5764K(5824K)->5764K(5824K) Class: 533K(640K)->533K(640K)
[13.235s][info][gc             ] GC(170) Pause Young (Allocation Failure) 2003M->2003M(2197M) 60.589ms
[13.235s][info][gc,cpu         ] GC(170) User=0.34s Sys=0.00s Real=0.06s
[13.270s][info][gc,start       ] GC(171) Pause Young (Allocation Failure)
[13.338s][info][gc,heap        ] GC(171) PSYoungGen: 130048K(130048K)->92416K(145408K) Eden: 31744K(31744K)->0K(29184K) From: 98304K(98304K)->92416K(116224K)
[13.338s][info][gc,heap        ] GC(171) ParOldGen: 1952897K(2119680K)->1991137K(2119680K)
[13.338s][info][gc,metaspace   ] GC(171) Metaspace: 6297K(6464K)->6297K(6464K) NonClass: 5764K(5824K)->5764K(5824K) Class: 533K(640K)->533K(640K)
[13.338s][info][gc             ] GC(171) Pause Young (Allocation Failure) 2034M->2034M(2212M) 68.330ms
[13.338s][info][gc,cpu         ] GC(171) User=0.45s Sys=0.05s Real=0.07s
[13.371s][info][gc,start       ] GC(172) Pause Young (Allocation Failure)
[13.433s][info][gc,heap        ] GC(172) PSYoungGen: 121600K(145408K)->88576K(151552K) Eden: 29184K(29184K)->0K(29184K) From: 92416K(116224K)->88576K(122368K)
[13.433s][info][gc,heap        ] GC(172) ParOldGen: 1991137K(2119680K)->2024601K(2119680K)
[13.433s][info][gc,metaspace   ] GC(172) Metaspace: 6297K(6464K)->6297K(6464K) NonClass: 5764K(5824K)->5764K(5824K) Class: 533K(640K)->533K(640K)
[13.433s][info][gc             ] GC(172) Pause Young (Allocation Failure) 2063M->2063M(2218M) 62.917ms
[13.433s][info][gc,cpu         ] GC(172) User=0.39s Sys=0.00s Real=0.06s
[13.465s][info][gc,start       ] GC(173) Pause Young (Allocation Failure)
[13.524s][info][gc,heap        ] GC(173) PSYoungGen: 117760K(151552K)->90336K(155136K) Eden: 29184K(29184K)->0K(29696K) From: 88576K(122368K)->90336K(125440K)
[13.525s][info][gc,heap        ] GC(173) ParOldGen: 2024601K(2119680K)->2052433K(2119680K)
[13.525s][info][gc,metaspace   ] GC(173) Metaspace: 6297K(6464K)->6297K(6464K) NonClass: 5764K(5824K)->5764K(5824K) Class: 533K(640K)->533K(640K)
[13.525s][info][gc             ] GC(173) Pause Young (Allocation Failure) 2092M->2092M(2221M) 59.622ms
[13.525s][info][gc,cpu         ] GC(173) User=0.33s Sys=0.05s Real=0.06s
[13.556s][info][gc,start       ] GC(174) Pause Young (Allocation Failure)
[13.617s][info][gc,heap        ] GC(174) PSYoungGen: 120032K(155136K)->88288K(158208K) Eden: 29696K(29696K)->0K(29696K) From: 90336K(125440K)->88288K(128512K)
[13.617s][info][gc,heap        ] GC(174) ParOldGen: 2052433K(2119680K)->2084593K(2119680K)
[13.617s][info][gc,metaspace   ] GC(174) Metaspace: 6297K(6464K)->6297K(6464K) NonClass: 5764K(5824K)->5764K(5824K) Class: 533K(640K)->533K(640K)
[13.617s][info][gc             ] GC(174) Pause Young (Allocation Failure) 2121M->2121M(2224M) 60.522ms
[13.617s][info][gc,cpu         ] GC(174) User=0.34s Sys=0.02s Real=0.06s
[13.617s][info][gc,start       ] GC(175) Pause Full (Ergonomics)
[13.617s][info][gc,phases,start] GC(175) Marking Phase
[14.093s][info][gc,phases      ] GC(175) Marking Phase 476.723ms
[14.094s][info][gc,phases,start] GC(175) Summary Phase
[14.094s][info][gc,phases      ] GC(175) Summary Phase 0.042ms
[14.094s][info][gc,phases,start] GC(175) Adjust Roots
[14.094s][info][gc,phases      ] GC(175) Adjust Roots 0.165ms
[14.094s][info][gc,phases,start] GC(175) Compaction Phase
[14.293s][info][gc,phases      ] GC(175) Compaction Phase 199.035ms
[14.293s][info][gc,phases,start] GC(175) Post Compact
[14.298s][info][gc,phases      ] GC(175) Post Compact 4.878ms
[14.299s][info][gc,heap        ] GC(175) PSYoungGen: 88288K(158208K)->50666K(158208K) Eden: 0K(29696K)->0K(29696K) From: 88288K(128512K)->50666K(128512K)
[14.299s][info][gc,heap        ] GC(175) ParOldGen: 2084593K(2119680K)->2119629K(2330112K)
[14.299s][info][gc,metaspace   ] GC(175) Metaspace: 6297K(6464K)->6297K(6464K) NonClass: 5764K(5824K)->5764K(5824K) Class: 533K(640K)->533K(640K)
[14.299s][info][gc             ] GC(175) Pause Full (Ergonomics) 2121M->2119M(2430M) 681.943ms
[14.299s][info][gc,cpu         ] GC(175) User=4.80s Sys=0.03s Real=0.68s
[14.334s][info][gc,start       ] GC(176) Pause Young (Allocation Failure)
[14.475s][info][gc,heap        ] GC(176) PSYoungGen: 80362K(158208K)->46944K(158208K) Eden: 29696K(29696K)->0K(32768K) From: 50666K(128512K)->46944K(125440K)
[14.475s][info][gc,heap        ] GC(176) ParOldGen: 2119629K(2330112K)->2153685K(2330112K)
[14.475s][info][gc,metaspace   ] GC(176) Metaspace: 6297K(6464K)->6297K(6464K) NonClass: 5764K(5824K)->5764K(5824K) Class: 533K(640K)->533K(640K)
[14.475s][info][gc             ] GC(176) Pause Young (Allocation Failure) 2148M->2149M(2430M) 140.933ms
[14.475s][info][gc,cpu         ] GC(176) User=1.00s Sys=0.02s Real=0.14s
[14.518s][info][gc,start       ] GC(177) Pause Young (Allocation Failure)
[14.564s][info][gc,heap        ] GC(177) PSYoungGen: 79712K(158208K)->62688K(95744K) Eden: 32768K(32768K)->0K(32768K) From: 46944K(125440K)->62688K(62976K)
[14.564s][info][gc,heap        ] GC(177) ParOldGen: 2153685K(2330112K)->2170957K(2330112K)
[14.564s][info][gc,metaspace   ] GC(177) Metaspace: 6297K(6464K)->6297K(6464K) NonClass: 5764K(5824K)->5764K(5824K) Class: 533K(640K)->533K(640K)
[14.564s][info][gc             ] GC(177) Pause Young (Allocation Failure) 2181M->2181M(2369M) 46.015ms
[14.564s][info][gc,cpu         ] GC(177) User=0.27s Sys=0.00s Real=0.05s
[14.607s][info][gc,start       ] GC(178) Pause Young (Allocation Failure)
[14.659s][info][gc,heap        ] GC(178) PSYoungGen: 95456K(95744K)->65728K(148992K) Eden: 32768K(32768K)->0K(36352K) From: 62688K(62976K)->65728K(112640K)
[14.659s][info][gc,heap        ] GC(178) ParOldGen: 2170957K(2330112K)->2201037K(2330112K)
[14.659s][info][gc,metaspace   ] GC(178) Metaspace: 6297K(6464K)->6297K(6464K) NonClass: 5764K(5824K)->5764K(5824K) Class: 533K(640K)->533K(640K)
[14.659s][info][gc             ] GC(178) Pause Young (Allocation Failure) 2213M->2213M(2421M) 52.215ms
[14.659s][info][gc,cpu         ] GC(178) User=0.27s Sys=0.00s Real=0.05s
[14.701s][info][gc,start       ] GC(179) Pause Young (Allocation Failure)
[14.756s][info][gc,heap        ] GC(179) PSYoungGen: 102080K(148992K)->69344K(154112K) Eden: 36352K(36352K)->0K(36352K) From: 65728K(112640K)->69344K(117760K)
[14.756s][info][gc,heap        ] GC(179) ParOldGen: 2201037K(2330112K)->2234277K(2330112K)
[14.756s][info][gc,metaspace   ] GC(179) Metaspace: 6297K(6464K)->6297K(6464K) NonClass: 5764K(5824K)->5764K(5824K) Class: 533K(640K)->533K(640K)
[14.756s][info][gc             ] GC(179) Pause Young (Allocation Failure) 2249M->2249M(2426M) 55.091ms
[14.756s][info][gc,cpu         ] GC(179) User=0.33s Sys=0.05s Real=0.06s
[14.799s][info][gc,start       ] GC(180) Pause Young (Allocation Failure)
[14.856s][info][gc,heap        ] GC(180) PSYoungGen: 105696K(154112K)->72928K(148992K) Eden: 36352K(36352K)->0K(40960K) From: 69344K(117760K)->72928K(108032K)
[14.856s][info][gc,heap        ] GC(180) ParOldGen: 2234277K(2330112K)->2267437K(2330112K)
[14.856s][info][gc,metaspace   ] GC(180) Metaspace: 6297K(6464K)->6297K(6464K) NonClass: 5764K(5824K)->5764K(5824K) Class: 533K(640K)->533K(640K)
[14.856s][info][gc             ] GC(180) Pause Young (Allocation Failure) 2285M->2285M(2421M) 57.312ms
[14.856s][info][gc,cpu         ] GC(180) User=0.34s Sys=0.02s Real=0.06s
[14.904s][info][gc,start       ] GC(181) Pause Young (Allocation Failure)
[14.965s][info][gc,heap        ] GC(181) PSYoungGen: 113888K(148992K)->77568K(151552K) Eden: 40960K(40960K)->0K(40960K) From: 72928K(108032K)->77568K(110592K)
[14.965s][info][gc,heap        ] GC(181) ParOldGen: 2267437K(2330112K)->2304117K(2330112K)
[14.965s][info][gc,metaspace   ] GC(181) Metaspace: 6297K(6464K)->6297K(6464K) NonClass: 5764K(5824K)->5764K(5824K) Class: 533K(640K)->533K(640K)
[14.965s][info][gc             ] GC(181) Pause Young (Allocation Failure) 2325M->2325M(2423M) 61.493ms
[14.965s][info][gc,cpu         ] GC(181) User=0.39s Sys=0.00s Real=0.06s
[14.965s][info][gc,start       ] GC(182) Pause Full (Ergonomics)
[14.965s][info][gc,phases,start] GC(182) Marking Phase
[15.497s][info][gc,phases      ] GC(182) Marking Phase 531.388ms
[15.497s][info][gc,phases,start] GC(182) Summary Phase
[15.497s][info][gc,phases      ] GC(182) Summary Phase 0.043ms
[15.497s][info][gc,phases,start] GC(182) Adjust Roots
[15.497s][info][gc,phases      ] GC(182) Adjust Roots 0.208ms
[15.497s][info][gc,phases,start] GC(182) Compaction Phase
[15.707s][info][gc,phases      ] GC(182) Compaction Phase 209.584ms
[15.707s][info][gc,phases,start] GC(182) Post Compact
[15.711s][info][gc,phases      ] GC(182) Post Compact 4.496ms
[15.712s][info][gc,heap        ] GC(182) PSYoungGen: 77568K(151552K)->49138K(151552K) Eden: 0K(40960K)->0K(40960K) From: 77568K(110592K)->49138K(110592K)
[15.712s][info][gc,heap        ] GC(182) ParOldGen: 2304117K(2330112K)->2329870K(2389504K)
[15.712s][info][gc,metaspace   ] GC(182) Metaspace: 6297K(6464K)->6297K(6464K) NonClass: 5764K(5824K)->5764K(5824K) Class: 533K(640K)->533K(640K)
[15.712s][info][gc             ] GC(182) Pause Full (Ergonomics) 2325M->2323M(2481M) 746.302ms
[15.712s][info][gc,cpu         ] GC(182) User=5.55s Sys=0.02s Real=0.75s
[15.763s][info][gc,start       ] GC(183) Pause Young (Allocation Failure)
[15.911s][info][gc,heap        ] GC(183) PSYoungGen: 90098K(151552K)->67296K(147456K) Eden: 40960K(40960K)->0K(45056K) From: 49138K(110592K)->67296K(102400K)
[15.911s][info][gc,heap        ] GC(183) ParOldGen: 2329870K(2389504K)->2353214K(2389504K)
[15.911s][info][gc,metaspace   ] GC(183) Metaspace: 6297K(6464K)->6297K(6464K) NonClass: 5764K(5824K)->5764K(5824K) Class: 533K(640K)->533K(640K)
[15.911s][info][gc             ] GC(183) Pause Young (Allocation Failure) 2363M->2363M(2477M) 147.742ms
[15.911s][info][gc,cpu         ] GC(183) User=0.94s Sys=0.00s Real=0.15s
[15.911s][info][gc,start       ] GC(184) Pause Full (Ergonomics)
[15.911s][info][gc,phases,start] GC(184) Marking Phase
[16.465s][info][gc,phases      ] GC(184) Marking Phase 553.797ms
[16.465s][info][gc,phases,start] GC(184) Summary Phase
[16.465s][info][gc,phases      ] GC(184) Summary Phase 0.036ms
[16.465s][info][gc,phases,start] GC(184) Adjust Roots
[16.465s][info][gc,phases      ] GC(184) Adjust Roots 0.154ms
[16.465s][info][gc,phases,start] GC(184) Compaction Phase
[16.625s][info][gc,phases      ] GC(184) Compaction Phase 160.102ms
[16.625s][info][gc,phases,start] GC(184) Post Compact
[16.630s][info][gc,phases      ] GC(184) Post Compact 4.242ms
[16.630s][info][gc,heap        ] GC(184) PSYoungGen: 67296K(147456K)->30694K(151552K) Eden: 0K(45056K)->0K(49152K) From: 67296K(102400K)->30694K(102400K)
[16.630s][info][gc,heap        ] GC(184) ParOldGen: 2353214K(2389504K)->2389245K(2389504K)
[16.630s][info][gc,metaspace   ] GC(184) Metaspace: 6297K(6464K)->6297K(6464K) NonClass: 5764K(5824K)->5764K(5824K) Class: 533K(640K)->533K(640K)
[16.630s][info][gc             ] GC(184) Pause Full (Ergonomics) 2363M->2363M(2481M) 718.700ms
[16.630s][info][gc,cpu         ] GC(184) User=5.48s Sys=0.00s Real=0.72s
[16.696s][info][gc,start       ] GC(185) Pause Full (Ergonomics)
[16.697s][info][gc,phases,start] GC(185) Marking Phase
[17.282s][info][gc,phases      ] GC(185) Marking Phase 585.564ms
[17.282s][info][gc,phases,start] GC(185) Summary Phase
[17.282s][info][gc,phases      ] GC(185) Summary Phase 0.035ms
[17.282s][info][gc,phases,start] GC(185) Adjust Roots
[17.282s][info][gc,phases      ] GC(185) Adjust Roots 0.158ms
[17.282s][info][gc,phases,start] GC(185) Compaction Phase
[17.460s][info][gc,phases      ] GC(185) Compaction Phase 177.564ms
[17.460s][info][gc,phases,start] GC(185) Post Compact
[17.466s][info][gc,phases      ] GC(185) Post Compact 5.557ms
[17.466s][info][gc,heap        ] GC(185) PSYoungGen: 79846K(151552K)->79817K(151552K) Eden: 49152K(49152K)->49123K(49152K) From: 30694K(102400K)->30694K(102400K)
[17.466s][info][gc,heap        ] GC(185) ParOldGen: 2389245K(2389504K)->2389245K(2389504K)
[17.466s][info][gc,metaspace   ] GC(185) Metaspace: 6297K(6464K)->6297K(6464K) NonClass: 5764K(5824K)->5764K(5824K) Class: 533K(640K)->533K(640K)
[17.466s][info][gc             ] GC(185) Pause Full (Ergonomics) 2411M->2411M(2481M) 769.395ms
[17.466s][info][gc,cpu         ] GC(185) User=5.48s Sys=0.00s Real=0.77s
[17.466s][info][gc,start       ] GC(186) Pause Full (Ergonomics)
[17.466s][info][gc,phases,start] GC(186) Marking Phase
[18.055s][info][gc,phases      ] GC(186) Marking Phase 589.218ms
[18.055s][info][gc,phases,start] GC(186) Summary Phase
[18.055s][info][gc,phases      ] GC(186) Summary Phase 0.036ms
[18.055s][info][gc,phases,start] GC(186) Adjust Roots
[18.056s][info][gc,phases      ] GC(186) Adjust Roots 0.224ms
[18.056s][info][gc,phases,start] GC(186) Compaction Phase
[18.220s][info][gc,phases      ] GC(186) Compaction Phase 164.337ms
[18.220s][info][gc,phases,start] GC(186) Post Compact
[18.225s][info][gc,phases      ] GC(186) Post Compact 4.640ms
[18.225s][info][gc,heap        ] GC(186) PSYoungGen: 79846K(151552K)->79845K(151552K) Eden: 49152K(49152K)->49151K(49152K) From: 30694K(102400K)->30694K(102400K)
[18.225s][info][gc,heap        ] GC(186) ParOldGen: 2389245K(2389504K)->2389245K(2389504K)
[18.225s][info][gc,metaspace   ] GC(186) Metaspace: 6297K(6464K)->6297K(6464K) NonClass: 5764K(5824K)->5764K(5824K) Class: 533K(640K)->533K(640K)
[18.225s][info][gc             ] GC(186) Pause Full (Ergonomics) 2411M->2411M(2481M) 758.844ms
[18.225s][info][gc,cpu         ] GC(186) User=5.41s Sys=0.00s Real=0.76s
[18.225s][info][gc,start       ] GC(187) Pause Full (Ergonomics)
[18.225s][info][gc,phases,start] GC(187) Marking Phase
[18.818s][info][gc,phases      ] GC(187) Marking Phase 593.010ms
[18.818s][info][gc,phases,start] GC(187) Summary Phase
[18.818s][info][gc,phases      ] GC(187) Summary Phase 0.035ms
[18.818s][info][gc,phases,start] GC(187) Adjust Roots
[18.818s][info][gc,phases      ] GC(187) Adjust Roots 0.153ms
[18.818s][info][gc,phases,start] GC(187) Compaction Phase
[18.980s][info][gc,phases      ] GC(187) Compaction Phase 161.414ms
[18.980s][info][gc,phases,start] GC(187) Post Compact
[18.984s][info][gc,phases      ] GC(187) Post Compact 4.541ms
[18.985s][info][gc,heap        ] GC(187) PSYoungGen: 79846K(151552K)->79846K(151552K) Eden: 49152K(49152K)->49152K(49152K) From: 30694K(102400K)->30694K(102400K)
[18.985s][info][gc,heap        ] GC(187) ParOldGen: 2389245K(2389504K)->2389245K(2389504K)
[18.985s][info][gc,metaspace   ] GC(187) Metaspace: 6297K(6464K)->6297K(6464K) NonClass: 5764K(5824K)->5764K(5824K) Class: 533K(640K)->533K(640K)
[18.985s][info][gc             ] GC(187) Pause Full (Ergonomics) 2411M->2411M(2481M) 759.480ms
[18.985s][info][gc,cpu         ] GC(187) User=5.58s Sys=0.00s Real=0.76s
[18.985s][info][gc,start       ] GC(188) Pause Full (Ergonomics)
[18.985s][info][gc,phases,start] GC(188) Marking Phase
[19.561s][info][gc,phases      ] GC(188) Marking Phase 575.935ms
[19.561s][info][gc,phases,start] GC(188) Summary Phase
[19.561s][info][gc,phases      ] GC(188) Summary Phase 0.038ms
[19.561s][info][gc,phases,start] GC(188) Adjust Roots
[19.561s][info][gc,phases      ] GC(188) Adjust Roots 0.199ms
[19.561s][info][gc,phases,start] GC(188) Compaction Phase
[19.716s][info][gc,phases      ] GC(188) Compaction Phase 154.704ms
[19.716s][info][gc,phases,start] GC(188) Post Compact
[19.720s][info][gc,phases      ] GC(188) Post Compact 4.376ms
[19.720s][info][gc,heap        ] GC(188) PSYoungGen: 79846K(151552K)->79846K(151552K) Eden: 49152K(49152K)->49152K(49152K) From: 30694K(102400K)->30694K(102400K)
[19.720s][info][gc,heap        ] GC(188) ParOldGen: 2389250K(2389504K)->2389250K(2389504K)
[19.720s][info][gc,metaspace   ] GC(188) Metaspace: 6297K(6464K)->6297K(6464K) NonClass: 5764K(5824K)->5764K(5824K) Class: 533K(640K)->533K(640K)
[19.720s][info][gc             ] GC(188) Pause Full (Ergonomics) 2411M->2411M(2481M) 735.639ms
[19.720s][info][gc,cpu         ] GC(188) User=5.48s Sys=0.00s Real=0.74s
[19.721s][info][gc,start       ] GC(189) Pause Full (Ergonomics)
[19.721s][info][gc,phases,start] GC(189) Marking Phase
[20.286s][info][gc,phases      ] GC(189) Marking Phase 565.284ms
[20.286s][info][gc,phases,start] GC(189) Summary Phase
[20.286s][info][gc,phases      ] GC(189) Summary Phase 0.036ms
[20.286s][info][gc,phases,start] GC(189) Adjust Roots
[20.286s][info][gc,phases      ] GC(189) Adjust Roots 0.155ms
[20.286s][info][gc,phases,start] GC(189) Compaction Phase
[20.454s][info][gc,phases      ] GC(189) Compaction Phase 167.338ms
[20.454s][info][gc,phases,start] GC(189) Post Compact
[20.458s][info][gc,phases      ] GC(189) Post Compact 4.601ms
[20.458s][info][gc,heap        ] GC(189) PSYoungGen: 79846K(151552K)->79846K(151552K) Eden: 49152K(49152K)->49152K(49152K) From: 30694K(102400K)->30694K(102400K)
[20.458s][info][gc,heap        ] GC(189) ParOldGen: 2389255K(2389504K)->2389255K(2389504K)
[20.458s][info][gc,metaspace   ] GC(189) Metaspace: 6297K(6464K)->6297K(6464K) NonClass: 5764K(5824K)->5764K(5824K) Class: 533K(640K)->533K(640K)
[20.458s][info][gc             ] GC(189) Pause Full (Ergonomics) 2411M->2411M(2481M) 737.790ms
[20.459s][info][gc,cpu         ] GC(189) User=5.61s Sys=0.00s Real=0.74s
[20.459s][info][gc,start       ] GC(190) Pause Full (Ergonomics)
[20.459s][info][gc,phases,start] GC(190) Marking Phase
[21.013s][info][gc,phases      ] GC(190) Marking Phase 554.600ms
[21.013s][info][gc,phases,start] GC(190) Summary Phase
[21.013s][info][gc,phases      ] GC(190) Summary Phase 0.036ms
[21.013s][info][gc,phases,start] GC(190) Adjust Roots
[21.014s][info][gc,phases      ] GC(190) Adjust Roots 0.158ms
[21.014s][info][gc,phases,start] GC(190) Compaction Phase
[21.172s][info][gc,phases      ] GC(190) Compaction Phase 158.343ms
[21.172s][info][gc,phases,start] GC(190) Post Compact
[21.177s][info][gc,phases      ] GC(190) Post Compact 4.666ms
[21.177s][info][gc,heap        ] GC(190) PSYoungGen: 79846K(151552K)->79846K(151552K) Eden: 49152K(49152K)->49152K(49152K) From: 30694K(102400K)->30694K(102400K)
[21.177s][info][gc,heap        ] GC(190) ParOldGen: 2389260K(2389504K)->2389260K(2389504K)
[21.177s][info][gc,metaspace   ] GC(190) Metaspace: 6297K(6464K)->6297K(6464K) NonClass: 5764K(5824K)->5764K(5824K) Class: 533K(640K)->533K(640K)
[21.177s][info][gc             ] GC(190) Pause Full (Ergonomics) 2411M->2411M(2481M) 718.177ms
[21.177s][info][gc,cpu         ] GC(190) User=5.36s Sys=0.00s Real=0.72s
[21.177s][info][gc,start       ] GC(191) Pause Full (Ergonomics)
[21.177s][info][gc,phases,start] GC(191) Marking Phase
[21.748s][info][gc,phases      ] GC(191) Marking Phase 570.555ms
[21.748s][info][gc,phases,start] GC(191) Summary Phase
[21.748s][info][gc,phases      ] GC(191) Summary Phase 0.036ms
[21.748s][info][gc,phases,start] GC(191) Adjust Roots
[21.748s][info][gc,phases      ] GC(191) Adjust Roots 0.159ms
[21.748s][info][gc,phases,start] GC(191) Compaction Phase
[21.919s][info][gc,phases      ] GC(191) Compaction Phase 171.439ms
[21.920s][info][gc,phases,start] GC(191) Post Compact
[21.924s][info][gc,phases      ] GC(191) Post Compact 4.879ms
[21.925s][info][gc,heap        ] GC(191) PSYoungGen: 79846K(151552K)->79846K(151552K) Eden: 49152K(49152K)->49152K(49152K) From: 30694K(102400K)->30694K(102400K)
[21.925s][info][gc,heap        ] GC(191) ParOldGen: 2389265K(2389504K)->2389265K(2389504K)
[21.925s][info][gc,metaspace   ] GC(191) Metaspace: 6297K(6464K)->6297K(6464K) NonClass: 5764K(5824K)->5764K(5824K) Class: 533K(640K)->533K(640K)
[21.925s][info][gc             ] GC(191) Pause Full (Ergonomics) 2411M->2411M(2481M) 747.443ms
[21.925s][info][gc,cpu         ] GC(191) User=5.48s Sys=0.02s Real=0.75s
[21.925s][info][gc,start       ] GC(192) Pause Full (Ergonomics)
[21.925s][info][gc,phases,start] GC(192) Marking Phase
[22.482s][info][gc,phases      ] GC(192) Marking Phase 556.681ms
[22.482s][info][gc,phases,start] GC(192) Summary Phase
[22.482s][info][gc,phases      ] GC(192) Summary Phase 0.039ms
[22.482s][info][gc,phases,start] GC(192) Adjust Roots
[22.482s][info][gc,phases      ] GC(192) Adjust Roots 0.200ms
[22.482s][info][gc,phases,start] GC(192) Compaction Phase
[22.640s][info][gc,phases      ] GC(192) Compaction Phase 157.917ms
[22.640s][info][gc,phases,start] GC(192) Post Compact
[22.645s][info][gc,phases      ] GC(192) Post Compact 4.815ms
[22.645s][info][gc,heap        ] GC(192) PSYoungGen: 79846K(151552K)->79846K(151552K) Eden: 49152K(49152K)->49152K(49152K) From: 30694K(102400K)->30694K(102400K)
[22.645s][info][gc,heap        ] GC(192) ParOldGen: 2389269K(2389504K)->2389269K(2389504K)
[22.645s][info][gc,metaspace   ] GC(192) Metaspace: 6297K(6464K)->6297K(6464K) NonClass: 5764K(5824K)->5764K(5824K) Class: 533K(640K)->533K(640K)
[22.645s][info][gc             ] GC(192) Pause Full (Ergonomics) 2411M->2411M(2481M) 720.052ms
[22.645s][info][gc,cpu         ] GC(192) User=5.41s Sys=0.00s Real=0.72s
[22.645s][info][gc,start       ] GC(193) Pause Full (Ergonomics)
[22.645s][info][gc,phases,start] GC(193) Marking Phase
[23.189s][info][gc,phases      ] GC(193) Marking Phase 543.636ms
[23.189s][info][gc,phases,start] GC(193) Summary Phase
[23.189s][info][gc,phases      ] GC(193) Summary Phase 0.052ms
[23.189s][info][gc,phases,start] GC(193) Adjust Roots
[23.189s][info][gc,phases      ] GC(193) Adjust Roots 0.173ms
[23.189s][info][gc,phases,start] GC(193) Compaction Phase
[23.345s][info][gc,phases      ] GC(193) Compaction Phase 156.232ms
[23.345s][info][gc,phases,start] GC(193) Post Compact
[23.350s][info][gc,phases      ] GC(193) Post Compact 4.119ms
[23.350s][info][gc,heap        ] GC(193) PSYoungGen: 79846K(151552K)->79846K(151552K) Eden: 49152K(49152K)->49152K(49152K) From: 30694K(102400K)->30694K(102400K)
[23.350s][info][gc,heap        ] GC(193) ParOldGen: 2389274K(2389504K)->2389274K(2389504K)
[23.350s][info][gc,metaspace   ] GC(193) Metaspace: 6297K(6464K)->6297K(6464K) NonClass: 5764K(5824K)->5764K(5824K) Class: 533K(640K)->533K(640K)
[23.350s][info][gc             ] GC(193) Pause Full (Ergonomics) 2411M->2411M(2481M) 704.564ms
[23.350s][info][gc,cpu         ] GC(193) User=5.31s Sys=0.00s Real=0.71s
[23.350s][info][gc,start       ] GC(194) Pause Full (Ergonomics)
[23.350s][info][gc,phases,start] GC(194) Marking Phase
[23.918s][info][gc,phases      ] GC(194) Marking Phase 567.688ms
[23.918s][info][gc,phases,start] GC(194) Summary Phase
[23.918s][info][gc,phases      ] GC(194) Summary Phase 0.036ms
[23.918s][info][gc,phases,start] GC(194) Adjust Roots
[23.918s][info][gc,phases      ] GC(194) Adjust Roots 0.160ms
[23.918s][info][gc,phases,start] GC(194) Compaction Phase
[24.106s][info][gc,phases      ] GC(194) Compaction Phase 188.267ms
[24.106s][info][gc,phases,start] GC(194) Post Compact
[24.111s][info][gc,phases      ] GC(194) Post Compact 4.462ms
[24.111s][info][gc,heap        ] GC(194) PSYoungGen: 79846K(151552K)->79846K(151552K) Eden: 49152K(49152K)->49152K(49152K) From: 30694K(102400K)->30694K(102400K)
[24.111s][info][gc,heap        ] GC(194) ParOldGen: 2389279K(2389504K)->2389279K(2389504K)
[24.111s][info][gc,metaspace   ] GC(194) Metaspace: 6297K(6464K)->6297K(6464K) NonClass: 5764K(5824K)->5764K(5824K) Class: 533K(640K)->533K(640K)
[24.111s][info][gc             ] GC(194) Pause Full (Ergonomics) 2411M->2411M(2481M) 760.999ms
[24.111s][info][gc,cpu         ] GC(194) User=5.53s Sys=0.00s Real=0.76s
[24.111s][info][gc,start       ] GC(195) Pause Full (Ergonomics)
[24.111s][info][gc,phases,start] GC(195) Marking Phase
[24.681s][info][gc,phases      ] GC(195) Marking Phase 569.581ms
[24.681s][info][gc,phases,start] GC(195) Summary Phase
[24.681s][info][gc,phases      ] GC(195) Summary Phase 0.035ms
[24.681s][info][gc,phases,start] GC(195) Adjust Roots
[24.681s][info][gc,phases      ] GC(195) Adjust Roots 0.156ms
[24.681s][info][gc,phases,start] GC(195) Compaction Phase
[24.840s][info][gc,phases      ] GC(195) Compaction Phase 158.653ms
[24.840s][info][gc,phases,start] GC(195) Post Compact
[24.844s][info][gc,phases      ] GC(195) Post Compact 4.501ms
[24.844s][info][gc,heap        ] GC(195) PSYoungGen: 79846K(151552K)->79846K(151552K) Eden: 49152K(49152K)->49152K(49152K) From: 30694K(102400K)->30694K(102400K)
[24.844s][info][gc,heap        ] GC(195) ParOldGen: 2389284K(2389504K)->2389284K(2389504K)
[24.844s][info][gc,metaspace   ] GC(195) Metaspace: 6297K(6464K)->6297K(6464K) NonClass: 5764K(5824K)->5764K(5824K) Class: 533K(640K)->533K(640K)
[24.844s][info][gc             ] GC(195) Pause Full (Ergonomics) 2411M->2411M(2481M) 733.287ms
[24.844s][info][gc,cpu         ] GC(195) User=5.52s Sys=0.00s Real=0.73s
[24.845s][info][gc,start       ] GC(196) Pause Full (Ergonomics)
[24.845s][info][gc,phases,start] GC(196) Marking Phase
[25.421s][info][gc,phases      ] GC(196) Marking Phase 575.931ms
[25.421s][info][gc,phases,start] GC(196) Summary Phase
[25.421s][info][gc,phases      ] GC(196) Summary Phase 0.036ms
[25.421s][info][gc,phases,start] GC(196) Adjust Roots
[25.421s][info][gc,phases      ] GC(196) Adjust Roots 0.157ms
[25.421s][info][gc,phases,start] GC(196) Compaction Phase
[25.580s][info][gc,phases      ] GC(196) Compaction Phase 158.993ms
[25.580s][info][gc,phases,start] GC(196) Post Compact
[25.585s][info][gc,phases      ] GC(196) Post Compact 4.814ms
[25.585s][info][gc,heap        ] GC(196) PSYoungGen: 79846K(151552K)->79846K(151552K) Eden: 49152K(49152K)->49152K(49152K) From: 30694K(102400K)->30694K(102400K)
[25.585s][info][gc,heap        ] GC(196) ParOldGen: 2389289K(2389504K)->2389289K(2389504K)
[25.585s][info][gc,metaspace   ] GC(196) Metaspace: 6297K(6464K)->6297K(6464K) NonClass: 5764K(5824K)->5764K(5824K) Class: 533K(640K)->533K(640K)
[25.585s][info][gc             ] GC(196) Pause Full (Ergonomics) 2411M->2411M(2481M) 740.285ms
[25.585s][info][gc,cpu         ] GC(196) User=5.48s Sys=0.00s Real=0.74s
[25.585s][info][gc,start       ] GC(197) Pause Full (Ergonomics)
[25.585s][info][gc,phases,start] GC(197) Marking Phase
[26.132s][info][gc,phases      ] GC(197) Marking Phase 546.856ms
[26.132s][info][gc,phases,start] GC(197) Summary Phase
[26.132s][info][gc,phases      ] GC(197) Summary Phase 0.035ms
[26.132s][info][gc,phases,start] GC(197) Adjust Roots
[26.132s][info][gc,phases      ] GC(197) Adjust Roots 0.192ms
[26.132s][info][gc,phases,start] GC(197) Compaction Phase
[26.288s][info][gc,phases      ] GC(197) Compaction Phase 155.461ms
[26.288s][info][gc,phases,start] GC(197) Post Compact
[26.292s][info][gc,phases      ] GC(197) Post Compact 4.200ms
[26.292s][info][gc,heap        ] GC(197) PSYoungGen: 79846K(151552K)->79846K(151552K) Eden: 49152K(49152K)->49152K(49152K) From: 30694K(102400K)->30694K(102400K)
[26.292s][info][gc,heap        ] GC(197) ParOldGen: 2389294K(2389504K)->2389294K(2389504K)
[26.292s][info][gc,metaspace   ] GC(197) Metaspace: 6297K(6464K)->6297K(6464K) NonClass: 5764K(5824K)->5764K(5824K) Class: 533K(640K)->533K(640K)
[26.292s][info][gc             ] GC(197) Pause Full (Ergonomics) 2411M->2411M(2481M) 707.078ms
[26.292s][info][gc,cpu         ] GC(197) User=5.36s Sys=0.00s Real=0.71s
[26.293s][info][gc,start       ] GC(198) Pause Full (Ergonomics)
[26.293s][info][gc,phases,start] GC(198) Marking Phase
[26.854s][info][gc,phases      ] GC(198) Marking Phase 561.333ms
[26.854s][info][gc,phases,start] GC(198) Summary Phase
[26.854s][info][gc,phases      ] GC(198) Summary Phase 0.034ms
[26.854s][info][gc,phases,start] GC(198) Adjust Roots
[26.854s][info][gc,phases      ] GC(198) Adjust Roots 0.151ms
[26.854s][info][gc,phases,start] GC(198) Compaction Phase
[27.014s][info][gc,phases      ] GC(198) Compaction Phase 159.407ms
[27.014s][info][gc,phases,start] GC(198) Post Compact
[27.019s][info][gc,phases      ] GC(198) Post Compact 4.825ms
[27.019s][info][gc,heap        ] GC(198) PSYoungGen: 79846K(151552K)->79846K(151552K) Eden: 49152K(49152K)->49152K(49152K) From: 30694K(102400K)->30694K(102400K)
[27.019s][info][gc,heap        ] GC(198) ParOldGen: 2389298K(2389504K)->2389298K(2389504K)
[27.019s][info][gc,metaspace   ] GC(198) Metaspace: 6297K(6464K)->6297K(6464K) NonClass: 5764K(5824K)->5764K(5824K) Class: 533K(640K)->533K(640K)
[27.019s][info][gc             ] GC(198) Pause Full (Ergonomics) 2411M->2411M(2481M) 726.133ms
[27.019s][info][gc,cpu         ] GC(198) User=5.53s Sys=0.00s Real=0.73s
[27.019s][info][gc,start       ] GC(199) Pause Full (Ergonomics)
[27.019s][info][gc,phases,start] GC(199) Marking Phase
[27.585s][info][gc,phases      ] GC(199) Marking Phase 566.497ms
[27.585s][info][gc,phases,start] GC(199) Summary Phase
[27.586s][info][gc,phases      ] GC(199) Summary Phase 0.038ms
[27.586s][info][gc,phases,start] GC(199) Adjust Roots
[27.586s][info][gc,phases      ] GC(199) Adjust Roots 0.176ms
[27.586s][info][gc,phases,start] GC(199) Compaction Phase
[27.743s][info][gc,phases      ] GC(199) Compaction Phase 157.081ms
[27.743s][info][gc,phases,start] GC(199) Post Compact
[27.747s][info][gc,phases      ] GC(199) Post Compact 4.118ms
[27.747s][info][gc,heap        ] GC(199) PSYoungGen: 79846K(151552K)->79846K(151552K) Eden: 49152K(49152K)->49152K(49152K) From: 30694K(102400K)->30694K(102400K)
[27.747s][info][gc,heap        ] GC(199) ParOldGen: 2389303K(2389504K)->2389303K(2389504K)
[27.747s][info][gc,metaspace   ] GC(199) Metaspace: 6297K(6464K)->6297K(6464K) NonClass: 5764K(5824K)->5764K(5824K) Class: 533K(640K)->533K(640K)
[27.747s][info][gc             ] GC(199) Pause Full (Ergonomics) 2411M->2411M(2481M) 728.248ms
[27.747s][info][gc,cpu         ] GC(199) User=5.45s Sys=0.00s Real=0.73s
[27.747s][info][gc,start       ] GC(200) Pause Full (Ergonomics)
[27.747s][info][gc,phases,start] GC(200) Marking Phase
[28.294s][info][gc,phases      ] GC(200) Marking Phase 546.264ms
[28.294s][info][gc,phases,start] GC(200) Summary Phase
[28.294s][info][gc,phases      ] GC(200) Summary Phase 0.036ms
[28.294s][info][gc,phases,start] GC(200) Adjust Roots
[28.294s][info][gc,phases      ] GC(200) Adjust Roots 0.201ms
[28.294s][info][gc,phases,start] GC(200) Compaction Phase
[28.462s][info][gc,phases      ] GC(200) Compaction Phase 168.393ms
[28.462s][info][gc,phases,start] GC(200) Post Compact
[28.467s][info][gc,phases      ] GC(200) Post Compact 4.692ms
[28.467s][info][gc,heap        ] GC(200) PSYoungGen: 79846K(151552K)->79846K(151552K) Eden: 49152K(49152K)->49152K(49152K) From: 30694K(102400K)->30694K(102400K)
[28.467s][info][gc,heap        ] GC(200) ParOldGen: 2389308K(2389504K)->2389308K(2389504K)
[28.467s][info][gc,metaspace   ] GC(200) Metaspace: 6297K(6464K)->6297K(6464K) NonClass: 5764K(5824K)->5764K(5824K) Class: 533K(640K)->533K(640K)
[28.467s][info][gc             ] GC(200) Pause Full (Ergonomics) 2411M->2411M(2481M) 719.909ms
[28.467s][info][gc,cpu         ] GC(200) User=5.39s Sys=0.00s Real=0.72s
[28.467s][info][gc,start       ] GC(201) Pause Full (Ergonomics)
[28.467s][info][gc,phases,start] GC(201) Marking Phase
[29.036s][info][gc,phases      ] GC(201) Marking Phase 568.677ms
[29.036s][info][gc,phases,start] GC(201) Summary Phase
[29.036s][info][gc,phases      ] GC(201) Summary Phase 0.035ms
[29.036s][info][gc,phases,start] GC(201) Adjust Roots
[29.036s][info][gc,phases      ] GC(201) Adjust Roots 0.157ms
[29.036s][info][gc,phases,start] GC(201) Compaction Phase
[29.214s][info][gc,phases      ] GC(201) Compaction Phase 177.696ms
[29.214s][info][gc,phases,start] GC(201) Post Compact
[29.219s][info][gc,phases      ] GC(201) Post Compact 4.561ms
[29.219s][info][gc,heap        ] GC(201) PSYoungGen: 79846K(151552K)->79846K(151552K) Eden: 49152K(49152K)->49152K(49152K) From: 30694K(102400K)->30694K(102400K)
[29.219s][info][gc,heap        ] GC(201) ParOldGen: 2389313K(2389504K)->2389313K(2389504K)
[29.219s][info][gc,metaspace   ] GC(201) Metaspace: 6297K(6464K)->6297K(6464K) NonClass: 5764K(5824K)->5764K(5824K) Class: 533K(640K)->533K(640K)
[29.219s][info][gc             ] GC(201) Pause Full (Ergonomics) 2411M->2411M(2481M) 751.462ms
[29.219s][info][gc,cpu         ] GC(201) User=5.67s Sys=0.00s Real=0.75s
[29.219s][info][gc,start       ] GC(202) Pause Full (Ergonomics)
[29.219s][info][gc,phases,start] GC(202) Marking Phase
[29.784s][info][gc,phases      ] GC(202) Marking Phase 564.760ms
[29.784s][info][gc,phases,start] GC(202) Summary Phase
[29.784s][info][gc,phases      ] GC(202) Summary Phase 0.034ms
[29.784s][info][gc,phases,start] GC(202) Adjust Roots
[29.784s][info][gc,phases      ] GC(202) Adjust Roots 0.155ms
[29.784s][info][gc,phases,start] GC(202) Compaction Phase
[29.943s][info][gc,phases      ] GC(202) Compaction Phase 159.110ms
[29.943s][info][gc,phases,start] GC(202) Post Compact
[29.948s][info][gc,phases      ] GC(202) Post Compact 4.628ms
[29.948s][info][gc,heap        ] GC(202) PSYoungGen: 79846K(151552K)->79846K(151552K) Eden: 49152K(49152K)->49152K(49152K) From: 30694K(102400K)->30694K(102400K)
[29.948s][info][gc,heap        ] GC(202) ParOldGen: 2389318K(2389504K)->2389318K(2389504K)
[29.948s][info][gc,metaspace   ] GC(202) Metaspace: 6297K(6464K)->6297K(6464K) NonClass: 5764K(5824K)->5764K(5824K) Class: 533K(640K)->533K(640K)
[29.948s][info][gc             ] GC(202) Pause Full (Ergonomics) 2411M->2411M(2481M) 729.045ms
[29.948s][info][gc,cpu         ] GC(202) User=5.56s Sys=0.00s Real=0.73s
[29.948s][info][gc,start       ] GC(203) Pause Full (Ergonomics)
[29.948s][info][gc,phases,start] GC(203) Marking Phase
[30.511s][info][gc,phases      ] GC(203) Marking Phase 562.932ms
[30.511s][info][gc,phases,start] GC(203) Summary Phase
[30.511s][info][gc,phases      ] GC(203) Summary Phase 0.035ms
[30.511s][info][gc,phases,start] GC(203) Adjust Roots
[30.512s][info][gc,phases      ] GC(203) Adjust Roots 0.158ms
[30.512s][info][gc,phases,start] GC(203) Compaction Phase
[30.680s][info][gc,phases      ] GC(203) Compaction Phase 168.757ms
[30.680s][info][gc,phases,start] GC(203) Post Compact
[30.685s][info][gc,phases      ] GC(203) Post Compact 4.514ms
[30.685s][info][gc,heap        ] GC(203) PSYoungGen: 79846K(151552K)->79846K(151552K) Eden: 49152K(49152K)->49152K(49152K) From: 30694K(102400K)->30694K(102400K)
[30.685s][info][gc,heap        ] GC(203) ParOldGen: 2389323K(2389504K)->2389323K(2389504K)
[30.685s][info][gc,metaspace   ] GC(203) Metaspace: 6297K(6464K)->6297K(6464K) NonClass: 5764K(5824K)->5764K(5824K) Class: 533K(640K)->533K(640K)
[30.685s][info][gc             ] GC(203) Pause Full (Ergonomics) 2411M->2411M(2481M) 736.733ms
[30.685s][info][gc,cpu         ] GC(203) User=5.48s Sys=0.00s Real=0.74s
[30.685s][info][gc,start       ] GC(204) Pause Full (Ergonomics)
[30.685s][info][gc,phases,start] GC(204) Marking Phase
[31.241s][info][gc,phases      ] GC(204) Marking Phase 555.728ms
[31.241s][info][gc,phases,start] GC(204) Summary Phase
[31.241s][info][gc,phases      ] GC(204) Summary Phase 0.035ms
[31.241s][info][gc,phases,start] GC(204) Adjust Roots
[31.241s][info][gc,phases      ] GC(204) Adjust Roots 0.178ms
[31.241s][info][gc,phases,start] GC(204) Compaction Phase
[31.401s][info][gc,phases      ] GC(204) Compaction Phase 159.322ms
[31.401s][info][gc,phases,start] GC(204) Post Compact
[31.406s][info][gc,phases      ] GC(204) Post Compact 4.909ms
[31.406s][info][gc,heap        ] GC(204) PSYoungGen: 79846K(151552K)->79846K(151552K) Eden: 49152K(49152K)->49152K(49152K) From: 30694K(102400K)->30694K(102400K)
[31.406s][info][gc,heap        ] GC(204) ParOldGen: 2389327K(2389504K)->2389327K(2389504K)
[31.406s][info][gc,metaspace   ] GC(204) Metaspace: 6297K(6464K)->6297K(6464K) NonClass: 5764K(5824K)->5764K(5824K) Class: 533K(640K)->533K(640K)
[31.406s][info][gc             ] GC(204) Pause Full (Ergonomics) 2411M->2411M(2481M) 720.556ms
[31.406s][info][gc,cpu         ] GC(204) User=5.41s Sys=0.00s Real=0.72s
[31.406s][info][gc,start       ] GC(205) Pause Full (Ergonomics)
[31.406s][info][gc,phases,start] GC(205) Marking Phase
[31.976s][info][gc,phases      ] GC(205) Marking Phase 569.335ms
[31.976s][info][gc,phases,start] GC(205) Summary Phase
[31.976s][info][gc,phases      ] GC(205) Summary Phase 0.037ms
[31.976s][info][gc,phases,start] GC(205) Adjust Roots
[31.976s][info][gc,phases      ] GC(205) Adjust Roots 0.173ms
[31.976s][info][gc,phases,start] GC(205) Compaction Phase
[32.138s][info][gc,phases      ] GC(205) Compaction Phase 162.460ms
[32.138s][info][gc,phases,start] GC(205) Post Compact
[32.144s][info][gc,phases      ] GC(205) Post Compact 5.449ms
[32.144s][info][gc,heap        ] GC(205) PSYoungGen: 79846K(151552K)->79846K(151552K) Eden: 49152K(49152K)->49152K(49152K) From: 30694K(102400K)->30694K(102400K)
[32.144s][info][gc,heap        ] GC(205) ParOldGen: 2389332K(2389504K)->2389332K(2389504K)
[32.144s][info][gc,metaspace   ] GC(205) Metaspace: 6297K(6464K)->6297K(6464K) NonClass: 5764K(5824K)->5764K(5824K) Class: 533K(640K)->533K(640K)
[32.144s][info][gc             ] GC(205) Pause Full (Ergonomics) 2411M->2411M(2481M) 737.845ms
[32.144s][info][gc,cpu         ] GC(205) User=5.52s Sys=0.00s Real=0.74s
[32.144s][info][gc,start       ] GC(206) Pause Full (Ergonomics)
[32.144s][info][gc,phases,start] GC(206) Marking Phase
[32.700s][info][gc,phases      ] GC(206) Marking Phase 555.962ms
[32.700s][info][gc,phases,start] GC(206) Summary Phase
[32.700s][info][gc,phases      ] GC(206) Summary Phase 0.034ms
[32.700s][info][gc,phases,start] GC(206) Adjust Roots
[32.700s][info][gc,phases      ] GC(206) Adjust Roots 0.154ms
[32.700s][info][gc,phases,start] GC(206) Compaction Phase
[32.861s][info][gc,phases      ] GC(206) Compaction Phase 160.200ms
[32.861s][info][gc,phases,start] GC(206) Post Compact
[32.866s][info][gc,phases      ] GC(206) Post Compact 4.836ms
[32.866s][info][gc,heap        ] GC(206) PSYoungGen: 79846K(151552K)->79846K(151552K) Eden: 49152K(49152K)->49152K(49152K) From: 30694K(102400K)->30694K(102400K)
[32.866s][info][gc,heap        ] GC(206) ParOldGen: 2389337K(2389504K)->2389337K(2389504K)
[32.866s][info][gc,metaspace   ] GC(206) Metaspace: 6297K(6464K)->6297K(6464K) NonClass: 5764K(5824K)->5764K(5824K) Class: 533K(640K)->533K(640K)
[32.866s][info][gc             ] GC(206) Pause Full (Ergonomics) 2411M->2411M(2481M) 721.536ms
[32.866s][info][gc,cpu         ] GC(206) User=5.42s Sys=0.00s Real=0.72s
[32.866s][info][gc,start       ] GC(207) Pause Full (Ergonomics)
[32.866s][info][gc,phases,start] GC(207) Marking Phase
[33.424s][info][gc,phases      ] GC(207) Marking Phase 557.939ms
[33.424s][info][gc,phases,start] GC(207) Summary Phase
[33.424s][info][gc,phases      ] GC(207) Summary Phase 0.092ms
[33.424s][info][gc,phases,start] GC(207) Adjust Roots
[33.424s][info][gc,phases      ] GC(207) Adjust Roots 0.216ms
[33.424s][info][gc,phases,start] GC(207) Compaction Phase
[33.606s][info][gc,phases      ] GC(207) Compaction Phase 181.797ms
[33.606s][info][gc,phases,start] GC(207) Post Compact
[33.611s][info][gc,phases      ] GC(207) Post Compact 4.550ms
[33.611s][info][gc,heap        ] GC(207) PSYoungGen: 79846K(151552K)->79846K(151552K) Eden: 49152K(49152K)->49152K(49152K) From: 30694K(102400K)->30694K(102400K)
[33.611s][info][gc,heap        ] GC(207) ParOldGen: 2389342K(2389504K)->2389342K(2389504K)
[33.611s][info][gc,metaspace   ] GC(207) Metaspace: 6297K(6464K)->6297K(6464K) NonClass: 5764K(5824K)->5764K(5824K) Class: 533K(640K)->533K(640K)
[33.611s][info][gc             ] GC(207) Pause Full (Ergonomics) 2411M->2411M(2481M) 744.977ms
[33.611s][info][gc,cpu         ] GC(207) User=5.55s Sys=0.00s Real=0.74s
[33.611s][info][gc,start       ] GC(208) Pause Full (Ergonomics)
[33.611s][info][gc,phases,start] GC(208) Marking Phase
[34.169s][info][gc,phases      ] GC(208) Marking Phase 558.079ms
[34.169s][info][gc,phases,start] GC(208) Summary Phase
[34.169s][info][gc,phases      ] GC(208) Summary Phase 0.035ms
[34.169s][info][gc,phases,start] GC(208) Adjust Roots
[34.170s][info][gc,phases      ] GC(208) Adjust Roots 0.161ms
[34.170s][info][gc,phases,start] GC(208) Compaction Phase
[34.331s][info][gc,phases      ] GC(208) Compaction Phase 161.522ms
[34.331s][info][gc,phases,start] GC(208) Post Compact
[34.335s][info][gc,phases      ] GC(208) Post Compact 4.196ms
[34.336s][info][gc,heap        ] GC(208) PSYoungGen: 79846K(151552K)->79846K(151552K) Eden: 49152K(49152K)->49152K(49152K) From: 30694K(102400K)->30694K(102400K)
[34.336s][info][gc,heap        ] GC(208) ParOldGen: 2389347K(2389504K)->2389347K(2389504K)
[34.336s][info][gc,metaspace   ] GC(208) Metaspace: 6297K(6464K)->6297K(6464K) NonClass: 5764K(5824K)->5764K(5824K) Class: 533K(640K)->533K(640K)
[34.336s][info][gc             ] GC(208) Pause Full (Ergonomics) 2411M->2411M(2481M) 724.344ms
[34.336s][info][gc,cpu         ] GC(208) User=5.42s Sys=0.00s Real=0.72s
[34.336s][info][gc,start       ] GC(209) Pause Full (Ergonomics)
[34.336s][info][gc,phases,start] GC(209) Marking Phase
[34.905s][info][gc,phases      ] GC(209) Marking Phase 569.496ms
[34.905s][info][gc,phases,start] GC(209) Summary Phase
[34.905s][info][gc,phases      ] GC(209) Summary Phase 0.035ms
[34.905s][info][gc,phases,start] GC(209) Adjust Roots
[34.906s][info][gc,phases      ] GC(209) Adjust Roots 0.156ms
[34.906s][info][gc,phases,start] GC(209) Compaction Phase
[35.065s][info][gc,phases      ] GC(209) Compaction Phase 159.595ms
[35.065s][info][gc,phases,start] GC(209) Post Compact
[35.070s][info][gc,phases      ] GC(209) Post Compact 4.223ms
[35.070s][info][gc,heap        ] GC(209) PSYoungGen: 79846K(151552K)->79846K(151552K) Eden: 49152K(49152K)->49152K(49152K) From: 30694K(102400K)->30694K(102400K)
[35.070s][info][gc,heap        ] GC(209) ParOldGen: 2389352K(2389504K)->2389352K(2389504K)
[35.070s][info][gc,metaspace   ] GC(209) Metaspace: 6297K(6464K)->6297K(6464K) NonClass: 5764K(5824K)->5764K(5824K) Class: 533K(640K)->533K(640K)
[35.070s][info][gc             ] GC(209) Pause Full (Ergonomics) 2411M->2411M(2481M) 733.865ms
[35.070s][info][gc,cpu         ] GC(209) User=5.44s Sys=0.00s Real=0.73s
[35.070s][info][gc,start       ] GC(210) Pause Full (Ergonomics)
[35.070s][info][gc,phases,start] GC(210) Marking Phase
[35.650s][info][gc,phases      ] GC(210) Marking Phase 580.053ms
[35.650s][info][gc,phases,start] GC(210) Summary Phase
[35.650s][info][gc,phases      ] GC(210) Summary Phase 0.036ms
[35.650s][info][gc,phases,start] GC(210) Adjust Roots
[35.650s][info][gc,phases      ] GC(210) Adjust Roots 0.157ms
[35.650s][info][gc,phases,start] GC(210) Compaction Phase
[35.815s][info][gc,phases      ] GC(210) Compaction Phase 165.051ms
[35.815s][info][gc,phases,start] GC(210) Post Compact
[35.819s][info][gc,phases      ] GC(210) Post Compact 4.105ms
[35.820s][info][gc,heap        ] GC(210) PSYoungGen: 79846K(151552K)->79846K(151552K) Eden: 49152K(49152K)->49152K(49152K) From: 30694K(102400K)->30694K(102400K)
[35.820s][info][gc,heap        ] GC(210) ParOldGen: 2389356K(2389504K)->2389356K(2389504K)
[35.820s][info][gc,metaspace   ] GC(210) Metaspace: 6297K(6464K)->6297K(6464K) NonClass: 5764K(5824K)->5764K(5824K) Class: 533K(640K)->533K(640K)
[35.820s][info][gc             ] GC(210) Pause Full (Ergonomics) 2411M->2411M(2481M) 749.732ms
[35.820s][info][gc,cpu         ] GC(210) User=5.48s Sys=0.03s Real=0.75s
[35.820s][info][gc,start       ] GC(211) Pause Full (Ergonomics)
[35.820s][info][gc,phases,start] GC(211) Marking Phase
[36.393s][info][gc,phases      ] GC(211) Marking Phase 572.750ms
[36.393s][info][gc,phases,start] GC(211) Summary Phase
[36.393s][info][gc,phases      ] GC(211) Summary Phase 0.035ms
[36.393s][info][gc,phases,start] GC(211) Adjust Roots
[36.393s][info][gc,phases      ] GC(211) Adjust Roots 0.161ms
[36.393s][info][gc,phases,start] GC(211) Compaction Phase
[36.555s][info][gc,phases      ] GC(211) Compaction Phase 162.376ms
[36.555s][info][gc,phases,start] GC(211) Post Compact
[36.560s][info][gc,phases      ] GC(211) Post Compact 4.099ms
[36.560s][info][gc,heap        ] GC(211) PSYoungGen: 79846K(151552K)->79846K(151552K) Eden: 49152K(49152K)->49152K(49152K) From: 30694K(102400K)->30694K(102400K)
[36.560s][info][gc,heap        ] GC(211) ParOldGen: 2389361K(2389504K)->2389361K(2389504K)
[36.560s][info][gc,metaspace   ] GC(211) Metaspace: 6297K(6464K)->6297K(6464K) NonClass: 5764K(5824K)->5764K(5824K) Class: 533K(640K)->533K(640K)
[36.560s][info][gc             ] GC(211) Pause Full (Ergonomics) 2411M->2411M(2481M) 739.781ms
[36.560s][info][gc,cpu         ] GC(211) User=5.55s Sys=0.00s Real=0.74s
[36.560s][info][gc,start       ] GC(212) Pause Full (Ergonomics)
[36.560s][info][gc,phases,start] GC(212) Marking Phase
[37.121s][info][gc,phases      ] GC(212) Marking Phase 560.827ms
[37.121s][info][gc,phases,start] GC(212) Summary Phase
[37.121s][info][gc,phases      ] GC(212) Summary Phase 0.034ms
[37.121s][info][gc,phases,start] GC(212) Adjust Roots
[37.121s][info][gc,phases      ] GC(212) Adjust Roots 0.155ms
[37.121s][info][gc,phases,start] GC(212) Compaction Phase
[37.283s][info][gc,phases      ] GC(212) Compaction Phase 162.095ms
[37.283s][info][gc,phases,start] GC(212) Post Compact
[37.288s][info][gc,phases      ] GC(212) Post Compact 4.734ms
[37.288s][info][gc,heap        ] GC(212) PSYoungGen: 79846K(151552K)->79846K(151552K) Eden: 49152K(49152K)->49152K(49152K) From: 30694K(102400K)->30694K(102400K)
[37.288s][info][gc,heap        ] GC(212) ParOldGen: 2389366K(2389504K)->2389366K(2389504K)
[37.288s][info][gc,metaspace   ] GC(212) Metaspace: 6297K(6464K)->6297K(6464K) NonClass: 5764K(5824K)->5764K(5824K) Class: 533K(640K)->533K(640K)
[37.288s][info][gc             ] GC(212) Pause Full (Ergonomics) 2411M->2411M(2481M) 728.215ms
[37.288s][info][gc,cpu         ] GC(212) User=5.45s Sys=0.00s Real=0.73s
[37.288s][info][gc,start       ] GC(213) Pause Full (Ergonomics)
[37.288s][info][gc,phases,start] GC(213) Marking Phase
[37.858s][info][gc,phases      ] GC(213) Marking Phase 569.529ms
[37.858s][info][gc,phases,start] GC(213) Summary Phase
[37.858s][info][gc,phases      ] GC(213) Summary Phase 0.035ms
[37.858s][info][gc,phases,start] GC(213) Adjust Roots
[37.858s][info][gc,phases      ] GC(213) Adjust Roots 0.156ms
[37.858s][info][gc,phases,start] GC(213) Compaction Phase
[38.031s][info][gc,phases      ] GC(213) Compaction Phase 172.408ms
[38.031s][info][gc,phases,start] GC(213) Post Compact
[38.036s][info][gc,phases      ] GC(213) Post Compact 4.920ms
[38.036s][info][gc,heap        ] GC(213) PSYoungGen: 79846K(151552K)->79846K(151552K) Eden: 49152K(49152K)->49152K(49152K) From: 30694K(102400K)->30694K(102400K)
[38.036s][info][gc,heap        ] GC(213) ParOldGen: 2389371K(2389504K)->2389371K(2389504K)
[38.036s][info][gc,metaspace   ] GC(213) Metaspace: 6297K(6464K)->6297K(6464K) NonClass: 5764K(5824K)->5764K(5824K) Class: 533K(640K)->533K(640K)
[38.036s][info][gc             ] GC(213) Pause Full (Ergonomics) 2411M->2411M(2481M) 747.444ms
[38.036s][info][gc,cpu         ] GC(213) User=5.56s Sys=0.02s Real=0.75s
[38.036s][info][gc,start       ] GC(214) Pause Full (Ergonomics)
[38.036s][info][gc,phases,start] GC(214) Marking Phase
[38.608s][info][gc,phases      ] GC(214) Marking Phase 571.834ms
[38.608s][info][gc,phases,start] GC(214) Summary Phase
[38.608s][info][gc,phases      ] GC(214) Summary Phase 0.042ms
[38.608s][info][gc,phases,start] GC(214) Adjust Roots
[38.608s][info][gc,phases      ] GC(214) Adjust Roots 0.163ms
[38.608s][info][gc,phases,start] GC(214) Compaction Phase
[38.779s][info][gc,phases      ] GC(214) Compaction Phase 170.829ms
[38.779s][info][gc,phases,start] GC(214) Post Compact
[38.784s][info][gc,phases      ] GC(214) Post Compact 4.575ms
[38.784s][info][gc,heap        ] GC(214) PSYoungGen: 79846K(151552K)->79846K(151552K) Eden: 49152K(49152K)->49152K(49152K) From: 30694K(102400K)->30694K(102400K)
[38.784s][info][gc,heap        ] GC(214) ParOldGen: 2389376K(2389504K)->2389376K(2389504K)
[38.784s][info][gc,metaspace   ] GC(214) Metaspace: 6297K(6464K)->6297K(6464K) NonClass: 5764K(5824K)->5764K(5824K) Class: 533K(640K)->533K(640K)
[38.784s][info][gc             ] GC(214) Pause Full (Ergonomics) 2411M->2411M(2481M) 747.793ms
[38.784s][info][gc,cpu         ] GC(214) User=5.56s Sys=0.00s Real=0.75s
[38.784s][info][gc,start       ] GC(215) Pause Full (Ergonomics)
[38.784s][info][gc,phases,start] GC(215) Marking Phase
[39.342s][info][gc,phases      ] GC(215) Marking Phase 558.291ms
[39.342s][info][gc,phases,start] GC(215) Summary Phase
[39.342s][info][gc,phases      ] GC(215) Summary Phase 0.035ms
[39.343s][info][gc,phases,start] GC(215) Adjust Roots
[39.343s][info][gc,phases      ] GC(215) Adjust Roots 0.161ms
[39.343s][info][gc,phases,start] GC(215) Compaction Phase
[39.517s][info][gc,phases      ] GC(215) Compaction Phase 173.998ms
[39.517s][info][gc,phases,start] GC(215) Post Compact
[39.522s][info][gc,phases      ] GC(215) Post Compact 4.835ms
[39.522s][info][gc,heap        ] GC(215) PSYoungGen: 79846K(151552K)->79846K(151552K) Eden: 49152K(49152K)->49152K(49152K) From: 30694K(102400K)->30694K(102400K)
[39.522s][info][gc,heap        ] GC(215) ParOldGen: 2389381K(2389504K)->2389381K(2389504K)
[39.522s][info][gc,metaspace   ] GC(215) Metaspace: 6297K(6464K)->6297K(6464K) NonClass: 5764K(5824K)->5764K(5824K) Class: 533K(640K)->533K(640K)
[39.522s][info][gc             ] GC(215) Pause Full (Ergonomics) 2411M->2411M(2481M) 737.694ms
[39.522s][info][gc,cpu         ] GC(215) User=5.44s Sys=0.00s Real=0.74s
[39.522s][info][gc,start       ] GC(216) Pause Full (Ergonomics)
[39.522s][info][gc,phases,start] GC(216) Marking Phase
[40.101s][info][gc,phases      ] GC(216) Marking Phase 578.664ms
[40.101s][info][gc,phases,start] GC(216) Summary Phase
[40.101s][info][gc,phases      ] GC(216) Summary Phase 0.035ms
[40.101s][info][gc,phases,start] GC(216) Adjust Roots
[40.101s][info][gc,phases      ] GC(216) Adjust Roots 0.156ms
[40.101s][info][gc,phases,start] GC(216) Compaction Phase
[40.266s][info][gc,phases      ] GC(216) Compaction Phase 165.133ms
[40.266s][info][gc,phases,start] GC(216) Post Compact
[40.270s][info][gc,phases      ] GC(216) Post Compact 4.238ms
[40.271s][info][gc,heap        ] GC(216) PSYoungGen: 79846K(151552K)->79846K(151552K) Eden: 49152K(49152K)->49152K(49152K) From: 30694K(102400K)->30694K(102400K)
[40.271s][info][gc,heap        ] GC(216) ParOldGen: 2389385K(2389504K)->2389385K(2389504K)
[40.271s][info][gc,metaspace   ] GC(216) Metaspace: 6297K(6464K)->6297K(6464K) NonClass: 5764K(5824K)->5764K(5824K) Class: 533K(640K)->533K(640K)
[40.271s][info][gc             ] GC(216) Pause Full (Ergonomics) 2411M->2411M(2481M) 748.576ms
[40.271s][info][gc,cpu         ] GC(216) User=5.75s Sys=0.00s Real=0.75s
[40.271s][info][gc,start       ] GC(217) Pause Full (Ergonomics)
[40.271s][info][gc,phases,start] GC(217) Marking Phase
[40.840s][info][gc,phases      ] GC(217) Marking Phase 569.575ms
[40.840s][info][gc,phases,start] GC(217) Summary Phase
[40.841s][info][gc,phases      ] GC(217) Summary Phase 0.035ms
[40.841s][info][gc,phases,start] GC(217) Adjust Roots
[40.841s][info][gc,phases      ] GC(217) Adjust Roots 0.152ms
[40.841s][info][gc,phases,start] GC(217) Compaction Phase
[41.010s][info][gc,phases      ] GC(217) Compaction Phase 169.075ms
[41.010s][info][gc,phases,start] GC(217) Post Compact
[41.014s][info][gc,phases      ] GC(217) Post Compact 4.491ms
[41.014s][info][gc,heap        ] GC(217) PSYoungGen: 79846K(151552K)->79846K(151552K) Eden: 49152K(49152K)->49152K(49152K) From: 30694K(102400K)->30694K(102400K)
[41.014s][info][gc,heap        ] GC(217) ParOldGen: 2389390K(2389504K)->2389390K(2389504K)
[41.014s][info][gc,metaspace   ] GC(217) Metaspace: 6297K(6464K)->6297K(6464K) NonClass: 5764K(5824K)->5764K(5824K) Class: 533K(640K)->533K(640K)
[41.014s][info][gc             ] GC(217) Pause Full (Ergonomics) 2411M->2411M(2481M) 743.660ms
[41.014s][info][gc,cpu         ] GC(217) User=5.48s Sys=0.00s Real=0.74s
[41.015s][info][gc,start       ] GC(218) Pause Full (Ergonomics)
[41.015s][info][gc,phases,start] GC(218) Marking Phase
[41.580s][info][gc,phases      ] GC(218) Marking Phase 565.160ms
[41.580s][info][gc,phases,start] GC(218) Summary Phase
[41.580s][info][gc,phases      ] GC(218) Summary Phase 0.041ms
[41.580s][info][gc,phases,start] GC(218) Adjust Roots
[41.580s][info][gc,phases      ] GC(218) Adjust Roots 0.186ms
[41.580s][info][gc,phases,start] GC(218) Compaction Phase
[41.742s][info][gc,phases      ] GC(218) Compaction Phase 161.759ms
[41.742s][info][gc,phases,start] GC(218) Post Compact
[41.746s][info][gc,phases      ] GC(218) Post Compact 4.237ms
[41.746s][info][gc,heap        ] GC(218) PSYoungGen: 79846K(151552K)->79846K(151552K) Eden: 49152K(49152K)->49152K(49152K) From: 30694K(102400K)->30694K(102400K)
[41.746s][info][gc,heap        ] GC(218) ParOldGen: 2389395K(2389504K)->2389395K(2389504K)
[41.746s][info][gc,metaspace   ] GC(218) Metaspace: 6297K(6464K)->6297K(6464K) NonClass: 5764K(5824K)->5764K(5824K) Class: 533K(640K)->533K(640K)
[41.746s][info][gc             ] GC(218) Pause Full (Ergonomics) 2411M->2411M(2481M) 731.741ms
[41.746s][info][gc,cpu         ] GC(218) User=5.59s Sys=0.00s Real=0.73s
[41.747s][info][gc,start       ] GC(219) Pause Full (Ergonomics)
[41.747s][info][gc,phases,start] GC(219) Marking Phase
[42.315s][info][gc,phases      ] GC(219) Marking Phase 568.621ms
[42.315s][info][gc,phases,start] GC(219) Summary Phase
[42.315s][info][gc,phases      ] GC(219) Summary Phase 0.035ms
[42.315s][info][gc,phases,start] GC(219) Adjust Roots
[42.316s][info][gc,phases      ] GC(219) Adjust Roots 0.157ms
[42.316s][info][gc,phases,start] GC(219) Compaction Phase
[42.479s][info][gc,phases      ] GC(219) Compaction Phase 163.498ms
[42.479s][info][gc,phases,start] GC(219) Post Compact
[42.484s][info][gc,phases      ] GC(219) Post Compact 4.307ms
[42.484s][info][gc,heap        ] GC(219) PSYoungGen: 79846K(151552K)->79846K(151552K) Eden: 49152K(49152K)->49152K(49152K) From: 30694K(102400K)->30694K(102400K)
[42.484s][info][gc,heap        ] GC(219) ParOldGen: 2389400K(2389504K)->2389400K(2389504K)
[42.484s][info][gc,metaspace   ] GC(219) Metaspace: 6297K(6464K)->6297K(6464K) NonClass: 5764K(5824K)->5764K(5824K) Class: 533K(640K)->533K(640K)
[42.484s][info][gc             ] GC(219) Pause Full (Ergonomics) 2411M->2411M(2481M) 736.985ms
[42.484s][info][gc,cpu         ] GC(219) User=5.56s Sys=0.00s Real=0.74s
[42.484s][info][gc,start       ] GC(220) Pause Full (Ergonomics)
[42.484s][info][gc,phases,start] GC(220) Marking Phase
[43.052s][info][gc,phases      ] GC(220) Marking Phase 568.328ms
[43.052s][info][gc,phases,start] GC(220) Summary Phase
[43.052s][info][gc,phases      ] GC(220) Summary Phase 0.036ms
[43.052s][info][gc,phases,start] GC(220) Adjust Roots
[43.052s][info][gc,phases      ] GC(220) Adjust Roots 0.161ms
[43.053s][info][gc,phases,start] GC(220) Compaction Phase
[43.211s][info][gc,phases      ] GC(220) Compaction Phase 158.036ms
[43.211s][info][gc,phases,start] GC(220) Post Compact
[43.215s][info][gc,phases      ] GC(220) Post Compact 4.197ms
[43.215s][info][gc,heap        ] GC(220) PSYoungGen: 79846K(151552K)->79846K(151552K) Eden: 49152K(49152K)->49152K(49152K) From: 30694K(102400K)->30694K(102400K)
[43.215s][info][gc,heap        ] GC(220) ParOldGen: 2389405K(2389504K)->2389405K(2389504K)
[43.215s][info][gc,metaspace   ] GC(220) Metaspace: 6297K(6464K)->6297K(6464K) NonClass: 5764K(5824K)->5764K(5824K) Class: 533K(640K)->533K(640K)
[43.215s][info][gc             ] GC(220) Pause Full (Ergonomics) 2411M->2411M(2481M) 731.105ms
[43.215s][info][gc,cpu         ] GC(220) User=5.70s Sys=0.00s Real=0.73s
[43.215s][info][gc,start       ] GC(221) Pause Full (Ergonomics)
[43.215s][info][gc,phases,start] GC(221) Marking Phase
[43.782s][info][gc,phases      ] GC(221) Marking Phase 566.599ms
[43.782s][info][gc,phases,start] GC(221) Summary Phase
[43.782s][info][gc,phases      ] GC(221) Summary Phase 0.035ms
[43.782s][info][gc,phases,start] GC(221) Adjust Roots
[43.782s][info][gc,phases      ] GC(221) Adjust Roots 0.165ms
[43.782s][info][gc,phases,start] GC(221) Compaction Phase
[43.941s][info][gc,phases      ] GC(221) Compaction Phase 158.968ms
[43.941s][info][gc,phases,start] GC(221) Post Compact
[43.945s][info][gc,phases      ] GC(221) Post Compact 4.246ms
[43.946s][info][gc,heap        ] GC(221) PSYoungGen: 79846K(151552K)->79846K(151552K) Eden: 49152K(49152K)->49152K(49152K) From: 30694K(102400K)->30694K(102400K)
[43.946s][info][gc,heap        ] GC(221) ParOldGen: 2389410K(2389504K)->2389410K(2389504K)
[43.946s][info][gc,metaspace   ] GC(221) Metaspace: 6297K(6464K)->6297K(6464K) NonClass: 5764K(5824K)->5764K(5824K) Class: 533K(640K)->533K(640K)
[43.946s][info][gc             ] GC(221) Pause Full (Ergonomics) 2411M->2411M(2481M) 730.366ms
[43.946s][info][gc,cpu         ] GC(221) User=5.56s Sys=0.00s Real=0.73s
[43.946s][info][gc,start       ] GC(222) Pause Full (Ergonomics)
[43.946s][info][gc,phases,start] GC(222) Marking Phase
[44.495s][info][gc,phases      ] GC(222) Marking Phase 549.661ms
[44.496s][info][gc,phases,start] GC(222) Summary Phase
[44.496s][info][gc,phases      ] GC(222) Summary Phase 0.044ms
[44.496s][info][gc,phases,start] GC(222) Adjust Roots
[44.496s][info][gc,phases      ] GC(222) Adjust Roots 0.176ms
[44.496s][info][gc,phases,start] GC(222) Compaction Phase
[44.661s][info][gc,phases      ] GC(222) Compaction Phase 165.388ms
[44.661s][info][gc,phases,start] GC(222) Post Compact
[44.666s][info][gc,phases      ] GC(222) Post Compact 4.228ms
[44.666s][info][gc,heap        ] GC(222) PSYoungGen: 79846K(151552K)->79846K(151552K) Eden: 49152K(49152K)->49152K(49152K) From: 30694K(102400K)->30694K(102400K)
[44.666s][info][gc,heap        ] GC(222) ParOldGen: 2389414K(2389504K)->2389414K(2389504K)
[44.666s][info][gc,metaspace   ] GC(222) Metaspace: 6297K(6464K)->6297K(6464K) NonClass: 5764K(5824K)->5764K(5824K) Class: 533K(640K)->533K(640K)
[44.666s][info][gc             ] GC(222) Pause Full (Ergonomics) 2411M->2411M(2481M) 719.856ms
[44.666s][info][gc,cpu         ] GC(222) User=5.31s Sys=0.00s Real=0.72s
[44.666s][info][gc,start       ] GC(223) Pause Full (Ergonomics)
[44.666s][info][gc,phases,start] GC(223) Marking Phase
[45.226s][info][gc,phases      ] GC(223) Marking Phase 560.308ms
[45.226s][info][gc,phases,start] GC(223) Summary Phase
[45.226s][info][gc,phases      ] GC(223) Summary Phase 0.036ms
[45.226s][info][gc,phases,start] GC(223) Adjust Roots
[45.227s][info][gc,phases      ] GC(223) Adjust Roots 0.163ms
[45.227s][info][gc,phases,start] GC(223) Compaction Phase
[45.408s][info][gc,phases      ] GC(223) Compaction Phase 181.019ms
[45.408s][info][gc,phases,start] GC(223) Post Compact
[45.412s][info][gc,phases      ] GC(223) Post Compact 4.483ms
[45.412s][info][gc,heap        ] GC(223) PSYoungGen: 79846K(151552K)->79846K(151552K) Eden: 49152K(49152K)->49152K(49152K) From: 30694K(102400K)->30694K(102400K)
[45.412s][info][gc,heap        ] GC(223) ParOldGen: 2389419K(2389504K)->2389419K(2389504K)
[45.412s][info][gc,metaspace   ] GC(223) Metaspace: 6297K(6464K)->6297K(6464K) NonClass: 5764K(5824K)->5764K(5824K) Class: 533K(640K)->533K(640K)
[45.412s][info][gc             ] GC(223) Pause Full (Ergonomics) 2411M->2411M(2481M) 746.360ms
[45.412s][info][gc,cpu         ] GC(223) User=5.48s Sys=0.00s Real=0.75s
[45.412s][info][gc,start       ] GC(224) Pause Full (Ergonomics)
[45.413s][info][gc,phases,start] GC(224) Marking Phase
[45.982s][info][gc,phases      ] GC(224) Marking Phase 569.698ms
[45.982s][info][gc,phases,start] GC(224) Summary Phase
[45.982s][info][gc,phases      ] GC(224) Summary Phase 0.042ms
[45.982s][info][gc,phases,start] GC(224) Adjust Roots
[45.983s][info][gc,phases      ] GC(224) Adjust Roots 0.161ms
[45.983s][info][gc,phases,start] GC(224) Compaction Phase
[46.150s][info][gc,phases      ] GC(224) Compaction Phase 167.145ms
[46.150s][info][gc,phases,start] GC(224) Post Compact
[46.154s][info][gc,phases      ] GC(224) Post Compact 4.184ms
[46.154s][info][gc,heap        ] GC(224) PSYoungGen: 79846K(151552K)->79846K(151552K) Eden: 49152K(49152K)->49152K(49152K) From: 30694K(102400K)->30694K(102400K)
[46.154s][info][gc,heap        ] GC(224) ParOldGen: 2389424K(2389504K)->2389424K(2389504K)
[46.154s][info][gc,metaspace   ] GC(224) Metaspace: 6297K(6464K)->6297K(6464K) NonClass: 5764K(5824K)->5764K(5824K) Class: 533K(640K)->533K(640K)
[46.154s][info][gc             ] GC(224) Pause Full (Ergonomics) 2411M->2411M(2481M) 741.607ms
[46.154s][info][gc,cpu         ] GC(224) User=5.61s Sys=0.00s Real=0.74s
[46.154s][info][gc,start       ] GC(225) Pause Full (Ergonomics)
[46.154s][info][gc,phases,start] GC(225) Marking Phase
[46.724s][info][gc,phases      ] GC(225) Marking Phase 569.391ms
[46.724s][info][gc,phases,start] GC(225) Summary Phase
[46.724s][info][gc,phases      ] GC(225) Summary Phase 0.035ms
[46.724s][info][gc,phases,start] GC(225) Adjust Roots
[46.724s][info][gc,phases      ] GC(225) Adjust Roots 0.165ms
[46.724s][info][gc,phases,start] GC(225) Compaction Phase
[46.889s][info][gc,phases      ] GC(225) Compaction Phase 164.756ms
[46.889s][info][gc,phases,start] GC(225) Post Compact
[46.894s][info][gc,phases      ] GC(225) Post Compact 4.837ms
[46.894s][info][gc,heap        ] GC(225) PSYoungGen: 79846K(151552K)->79846K(151552K) Eden: 49152K(49152K)->49152K(49152K) From: 30694K(102400K)->30694K(102400K)
[46.894s][info][gc,heap        ] GC(225) ParOldGen: 2389429K(2389504K)->2389429K(2389504K)
[46.894s][info][gc,metaspace   ] GC(225) Metaspace: 6297K(6464K)->6297K(6464K) NonClass: 5764K(5824K)->5764K(5824K) Class: 533K(640K)->533K(640K)
[46.894s][info][gc             ] GC(225) Pause Full (Ergonomics) 2411M->2411M(2481M) 739.592ms
[46.894s][info][gc,cpu         ] GC(225) User=5.69s Sys=0.00s Real=0.74s
[46.894s][info][gc,start       ] GC(226) Pause Full (Ergonomics)
[46.894s][info][gc,phases,start] GC(226) Marking Phase
[47.466s][info][gc,phases      ] GC(226) Marking Phase 572.132ms
[47.466s][info][gc,phases,start] GC(226) Summary Phase
[47.466s][info][gc,phases      ] GC(226) Summary Phase 0.040ms
[47.466s][info][gc,phases,start] GC(226) Adjust Roots
[47.467s][info][gc,phases      ] GC(226) Adjust Roots 0.185ms
[47.467s][info][gc,phases,start] GC(226) Compaction Phase
[47.626s][info][gc,phases      ] GC(226) Compaction Phase 159.854ms
[47.627s][info][gc,phases,start] GC(226) Post Compact
[47.631s][info][gc,phases      ] GC(226) Post Compact 4.865ms
[47.632s][info][gc,heap        ] GC(226) PSYoungGen: 79846K(151552K)->79846K(151552K) Eden: 49152K(49152K)->49152K(49152K) From: 30694K(102400K)->30694K(102400K)
[47.632s][info][gc,heap        ] GC(226) ParOldGen: 2389434K(2389504K)->2389434K(2389504K)
[47.632s][info][gc,metaspace   ] GC(226) Metaspace: 6297K(6464K)->6297K(6464K) NonClass: 5764K(5824K)->5764K(5824K) Class: 533K(640K)->533K(640K)
[47.632s][info][gc             ] GC(226) Pause Full (Ergonomics) 2411M->2411M(2481M) 737.426ms
[47.632s][info][gc,cpu         ] GC(226) User=5.62s Sys=0.00s Real=0.74s
[47.632s][info][gc,start       ] GC(227) Pause Full (Ergonomics)
[47.632s][info][gc,phases,start] GC(227) Marking Phase
[48.222s][info][gc,phases      ] GC(227) Marking Phase 590.236ms
[48.222s][info][gc,phases,start] GC(227) Summary Phase
[48.222s][info][gc,phases      ] GC(227) Summary Phase 0.035ms
[48.222s][info][gc,phases,start] GC(227) Adjust Roots
[48.222s][info][gc,phases      ] GC(227) Adjust Roots 0.187ms
[48.222s][info][gc,phases,start] GC(227) Compaction Phase
[48.394s][info][gc,phases      ] GC(227) Compaction Phase 171.906ms
[48.394s][info][gc,phases,start] GC(227) Post Compact
[48.398s][info][gc,phases      ] GC(227) Post Compact 4.139ms
[48.399s][info][gc,heap        ] GC(227) PSYoungGen: 79846K(151552K)->79846K(151552K) Eden: 49152K(49152K)->49152K(49152K) From: 30694K(102400K)->30694K(102400K)
[48.399s][info][gc,heap        ] GC(227) ParOldGen: 2389439K(2389504K)->2389439K(2389504K)
[48.399s][info][gc,metaspace   ] GC(227) Metaspace: 6297K(6464K)->6297K(6464K) NonClass: 5764K(5824K)->5764K(5824K) Class: 533K(640K)->533K(640K)
[48.399s][info][gc             ] GC(227) Pause Full (Ergonomics) 2411M->2411M(2481M) 766.826ms
[48.399s][info][gc,cpu         ] GC(227) User=5.88s Sys=0.00s Real=0.77s
[48.399s][info][gc,start       ] GC(228) Pause Full (Ergonomics)
[48.399s][info][gc,phases,start] GC(228) Marking Phase
[48.987s][info][gc,phases      ] GC(228) Marking Phase 588.395ms
[48.987s][info][gc,phases,start] GC(228) Summary Phase
[48.987s][info][gc,phases      ] GC(228) Summary Phase 0.035ms
[48.987s][info][gc,phases,start] GC(228) Adjust Roots
[48.988s][info][gc,phases      ] GC(228) Adjust Roots 0.160ms
[48.988s][info][gc,phases,start] GC(228) Compaction Phase
[49.191s][info][gc,phases      ] GC(228) Compaction Phase 202.944ms
[49.191s][info][gc,phases,start] GC(228) Post Compact
[49.195s][info][gc,phases      ] GC(228) Post Compact 4.583ms
[49.195s][info][gc,heap        ] GC(228) PSYoungGen: 79846K(151552K)->79846K(151552K) Eden: 49152K(49152K)->49152K(49152K) From: 30694K(102400K)->30694K(102400K)
[49.195s][info][gc,heap        ] GC(228) ParOldGen: 2389443K(2389504K)->2389443K(2389504K)
[49.195s][info][gc,metaspace   ] GC(228) Metaspace: 6297K(6464K)->6297K(6464K) NonClass: 5764K(5824K)->5764K(5824K) Class: 533K(640K)->533K(640K)
[49.195s][info][gc             ] GC(228) Pause Full (Ergonomics) 2411M->2411M(2481M) 796.518ms
[49.195s][info][gc,cpu         ] GC(228) User=5.89s Sys=0.00s Real=0.80s
[49.196s][info][gc,start       ] GC(229) Pause Full (Ergonomics)
[49.196s][info][gc,phases,start] GC(229) Marking Phase
[49.768s][info][gc,phases      ] GC(229) Marking Phase 572.056ms
[49.768s][info][gc,phases,start] GC(229) Summary Phase
[49.768s][info][gc,phases      ] GC(229) Summary Phase 0.035ms
[49.768s][info][gc,phases,start] GC(229) Adjust Roots
[49.768s][info][gc,phases      ] GC(229) Adjust Roots 0.165ms
[49.768s][info][gc,phases,start] GC(229) Compaction Phase
[49.932s][info][gc,phases      ] GC(229) Compaction Phase 163.528ms
[49.932s][info][gc,phases,start] GC(229) Post Compact
[49.936s][info][gc,phases      ] GC(229) Post Compact 4.546ms
[49.936s][info][gc,heap        ] GC(229) PSYoungGen: 79846K(151552K)->79846K(151552K) Eden: 49152K(49152K)->49152K(49152K) From: 30694K(102400K)->30694K(102400K)
[49.936s][info][gc,heap        ] GC(229) ParOldGen: 2389448K(2389504K)->2389448K(2389504K)
[49.936s][info][gc,metaspace   ] GC(229) Metaspace: 6297K(6464K)->6297K(6464K) NonClass: 5764K(5824K)->5764K(5824K) Class: 533K(640K)->533K(640K)
[49.936s][info][gc             ] GC(229) Pause Full (Ergonomics) 2411M->2411M(2481M) 740.676ms
[49.936s][info][gc,cpu         ] GC(229) User=5.50s Sys=0.00s Real=0.74s
[49.937s][info][gc,start       ] GC(230) Pause Full (Ergonomics)
[49.937s][info][gc,phases,start] GC(230) Marking Phase
[50.509s][info][gc,phases      ] GC(230) Marking Phase 572.713ms
[50.509s][info][gc,phases,start] GC(230) Summary Phase
[50.509s][info][gc,phases      ] GC(230) Summary Phase 0.036ms
[50.509s][info][gc,phases,start] GC(230) Adjust Roots
[50.510s][info][gc,phases      ] GC(230) Adjust Roots 0.166ms
[50.510s][info][gc,phases,start] GC(230) Compaction Phase
[50.681s][info][gc,phases      ] GC(230) Compaction Phase 171.608ms
[50.681s][info][gc,phases,start] GC(230) Post Compact
[50.686s][info][gc,phases      ] GC(230) Post Compact 4.460ms
[50.686s][info][gc,heap        ] GC(230) PSYoungGen: 79846K(151552K)->79846K(151552K) Eden: 49152K(49152K)->49152K(49152K) From: 30694K(102400K)->30694K(102400K)
[50.686s][info][gc,heap        ] GC(230) ParOldGen: 2389453K(2389504K)->2389453K(2389504K)
[50.686s][info][gc,metaspace   ] GC(230) Metaspace: 6297K(6464K)->6297K(6464K) NonClass: 5764K(5824K)->5764K(5824K) Class: 533K(640K)->533K(640K)
[50.686s][info][gc             ] GC(230) Pause Full (Ergonomics) 2411M->2411M(2481M) 749.343ms
[50.686s][info][gc,cpu         ] GC(230) User=5.67s Sys=0.00s Real=0.75s
[50.686s][info][gc,start       ] GC(231) Pause Full (Ergonomics)
[50.686s][info][gc,phases,start] GC(231) Marking Phase
[51.256s][info][gc,phases      ] GC(231) Marking Phase 570.061ms
[51.256s][info][gc,phases,start] GC(231) Summary Phase
[51.256s][info][gc,phases      ] GC(231) Summary Phase 0.034ms
[51.256s][info][gc,phases,start] GC(231) Adjust Roots
[51.257s][info][gc,phases      ] GC(231) Adjust Roots 0.157ms
[51.257s][info][gc,phases,start] GC(231) Compaction Phase
[51.438s][info][gc,phases      ] GC(231) Compaction Phase 181.421ms
[51.438s][info][gc,phases,start] GC(231) Post Compact
[51.443s][info][gc,phases      ] GC(231) Post Compact 4.591ms
[51.443s][info][gc,heap        ] GC(231) PSYoungGen: 79846K(151552K)->79846K(151552K) Eden: 49152K(49152K)->49152K(49152K) From: 30694K(102400K)->30694K(102400K)
[51.443s][info][gc,heap        ] GC(231) ParOldGen: 2389458K(2389504K)->2389458K(2389504K)
[51.443s][info][gc,metaspace   ] GC(231) Metaspace: 6297K(6464K)->6297K(6464K) NonClass: 5764K(5824K)->5764K(5824K) Class: 533K(640K)->533K(640K)
[51.443s][info][gc             ] GC(231) Pause Full (Ergonomics) 2411M->2411M(2481M) 756.606ms
[51.443s][info][gc,cpu         ] GC(231) User=5.56s Sys=0.02s Real=0.76s
[51.443s][info][gc,start       ] GC(232) Pause Full (Ergonomics)
[51.443s][info][gc,phases,start] GC(232) Marking Phase
[52.019s][info][gc,phases      ] GC(232) Marking Phase 576.010ms
[52.019s][info][gc,phases,start] GC(232) Summary Phase
[52.019s][info][gc,phases      ] GC(232) Summary Phase 0.042ms
[52.019s][info][gc,phases,start] GC(232) Adjust Roots
[52.019s][info][gc,phases      ] GC(232) Adjust Roots 0.175ms
[52.019s][info][gc,phases,start] GC(232) Compaction Phase
[52.192s][info][gc,phases      ] GC(232) Compaction Phase 172.690ms
[52.192s][info][gc,phases,start] GC(232) Post Compact
[52.196s][info][gc,phases      ] GC(232) Post Compact 4.105ms
[52.196s][info][gc,heap        ] GC(232) PSYoungGen: 79846K(151552K)->79846K(151552K) Eden: 49152K(49152K)->49152K(49152K) From: 30694K(102400K)->30694K(102400K)
[52.196s][info][gc,heap        ] GC(232) ParOldGen: 2389463K(2389504K)->2389463K(2389504K)
[52.196s][info][gc,metaspace   ] GC(232) Metaspace: 6297K(6464K)->6297K(6464K) NonClass: 5764K(5824K)->5764K(5824K) Class: 533K(640K)->533K(640K)
[52.196s][info][gc             ] GC(232) Pause Full (Ergonomics) 2411M->2411M(2481M) 753.421ms
[52.196s][info][gc,cpu         ] GC(232) User=5.72s Sys=0.00s Real=0.75s
[52.197s][info][gc,start       ] GC(233) Pause Full (Ergonomics)
[52.197s][info][gc,phases,start] GC(233) Marking Phase
[52.777s][info][gc,phases      ] GC(233) Marking Phase 580.334ms
[52.777s][info][gc,phases,start] GC(233) Summary Phase
[52.777s][info][gc,phases      ] GC(233) Summary Phase 0.056ms
[52.777s][info][gc,phases,start] GC(233) Adjust Roots
[52.777s][info][gc,phases      ] GC(233) Adjust Roots 0.296ms
[52.778s][info][gc,phases,start] GC(233) Compaction Phase
[52.949s][info][gc,phases      ] GC(233) Compaction Phase 171.256ms
[52.949s][info][gc,phases,start] GC(233) Post Compact
[52.954s][info][gc,phases      ] GC(233) Post Compact 4.710ms
[52.954s][info][gc,heap        ] GC(233) PSYoungGen: 79846K(151552K)->79846K(151552K) Eden: 49152K(49152K)->49152K(49152K) From: 30694K(102400K)->30694K(102400K)
[52.954s][info][gc,heap        ] GC(233) ParOldGen: 2389468K(2389504K)->2389468K(2389504K)
[52.954s][info][gc,metaspace   ] GC(233) Metaspace: 6297K(6464K)->6297K(6464K) NonClass: 5764K(5824K)->5764K(5824K) Class: 533K(640K)->533K(640K)
[52.954s][info][gc             ] GC(233) Pause Full (Ergonomics) 2411M->2411M(2481M) 757.089ms
[52.954s][info][gc,cpu         ] GC(233) User=5.72s Sys=0.00s Real=0.76s
[52.954s][info][gc,start       ] GC(234) Pause Full (Ergonomics)
[52.954s][info][gc,phases,start] GC(234) Marking Phase
[53.536s][info][gc,phases      ] GC(234) Marking Phase 581.600ms
[53.536s][info][gc,phases,start] GC(234) Summary Phase
[53.536s][info][gc,phases      ] GC(234) Summary Phase 0.035ms
[53.536s][info][gc,phases,start] GC(234) Adjust Roots
[53.536s][info][gc,phases      ] GC(234) Adjust Roots 0.154ms
[53.536s][info][gc,phases,start] GC(234) Compaction Phase
[53.702s][info][gc,phases      ] GC(234) Compaction Phase 166.075ms
[53.702s][info][gc,phases,start] GC(234) Post Compact
[53.706s][info][gc,phases      ] GC(234) Post Compact 4.179ms
[53.706s][info][gc,heap        ] GC(234) PSYoungGen: 79846K(151552K)->79846K(151552K) Eden: 49152K(49152K)->49152K(49152K) From: 30694K(102400K)->30694K(102400K)
[53.706s][info][gc,heap        ] GC(234) ParOldGen: 2389472K(2389504K)->2389472K(2389504K)
[53.706s][info][gc,metaspace   ] GC(234) Metaspace: 6297K(6464K)->6297K(6464K) NonClass: 5764K(5824K)->5764K(5824K) Class: 533K(640K)->533K(640K)
[53.706s][info][gc             ] GC(234) Pause Full (Ergonomics) 2411M->2411M(2481M) 752.389ms
[53.706s][info][gc,cpu         ] GC(234) User=5.89s Sys=0.00s Real=0.75s
[53.707s][info][gc,start       ] GC(235) Pause Full (Ergonomics)
[53.707s][info][gc,phases,start] GC(235) Marking Phase
[54.284s][info][gc,phases      ] GC(235) Marking Phase 577.371ms
[54.284s][info][gc,phases,start] GC(235) Summary Phase
[54.284s][info][gc,phases      ] GC(235) Summary Phase 0.036ms
[54.284s][info][gc,phases,start] GC(235) Adjust Roots
[54.284s][info][gc,phases      ] GC(235) Adjust Roots 0.163ms
[54.284s][info][gc,phases,start] GC(235) Compaction Phase
[54.465s][info][gc,phases      ] GC(235) Compaction Phase 180.999ms
[54.465s][info][gc,phases,start] GC(235) Post Compact
[54.470s][info][gc,phases      ] GC(235) Post Compact 4.531ms
[54.470s][info][gc,heap        ] GC(235) PSYoungGen: 79846K(151552K)->79846K(151552K) Eden: 49152K(49152K)->49152K(49152K) From: 30694K(102400K)->30694K(102400K)
[54.470s][info][gc,heap        ] GC(235) ParOldGen: 2389477K(2389504K)->2389477K(2389504K)
[54.470s][info][gc,metaspace   ] GC(235) Metaspace: 6297K(6464K)->6297K(6464K) NonClass: 5764K(5824K)->5764K(5824K) Class: 533K(640K)->533K(640K)
[54.470s][info][gc             ] GC(235) Pause Full (Ergonomics) 2411M->2411M(2481M) 763.527ms
[54.470s][info][gc,cpu         ] GC(235) User=5.69s Sys=0.00s Real=0.76s
[54.470s][info][gc,start       ] GC(236) Pause Full (Ergonomics)
[54.470s][info][gc,phases,start] GC(236) Marking Phase
[55.065s][info][gc,phases      ] GC(236) Marking Phase 594.695ms
[55.065s][info][gc,phases,start] GC(236) Summary Phase
[55.065s][info][gc,phases      ] GC(236) Summary Phase 0.034ms
[55.065s][info][gc,phases,start] GC(236) Adjust Roots
[55.065s][info][gc,phases      ] GC(236) Adjust Roots 0.158ms
[55.065s][info][gc,phases,start] GC(236) Compaction Phase
[55.252s][info][gc,phases      ] GC(236) Compaction Phase 186.642ms
[55.252s][info][gc,phases,start] GC(236) Post Compact
[55.257s][info][gc,phases      ] GC(236) Post Compact 4.860ms
[55.257s][info][gc,heap        ] GC(236) PSYoungGen: 79846K(151552K)->79846K(151552K) Eden: 49152K(49152K)->49152K(49152K) From: 30694K(102400K)->30694K(102400K)
[55.257s][info][gc,heap        ] GC(236) ParOldGen: 2389482K(2389504K)->2389482K(2389504K)
[55.257s][info][gc,metaspace   ] GC(236) Metaspace: 6297K(6464K)->6297K(6464K) NonClass: 5764K(5824K)->5764K(5824K) Class: 533K(640K)->533K(640K)
[55.257s][info][gc             ] GC(236) Pause Full (Ergonomics) 2411M->2411M(2481M) 786.764ms
[55.257s][info][gc,cpu         ] GC(236) User=5.81s Sys=0.00s Real=0.79s
[55.257s][info][gc,start       ] GC(237) Pause Full (Ergonomics)
[55.257s][info][gc,phases,start] GC(237) Marking Phase
[55.830s][info][gc,phases      ] GC(237) Marking Phase 572.378ms
[55.830s][info][gc,phases,start] GC(237) Summary Phase
[55.830s][info][gc,phases      ] GC(237) Summary Phase 0.034ms
[55.830s][info][gc,phases,start] GC(237) Adjust Roots
[55.830s][info][gc,phases      ] GC(237) Adjust Roots 0.154ms
[55.830s][info][gc,phases,start] GC(237) Compaction Phase
[56.010s][info][gc,phases      ] GC(237) Compaction Phase 180.436ms
[56.011s][info][gc,phases,start] GC(237) Post Compact
[56.015s][info][gc,phases      ] GC(237) Post Compact 4.517ms
[56.015s][info][gc,heap        ] GC(237) PSYoungGen: 79846K(151552K)->79846K(151552K) Eden: 49152K(49152K)->49152K(49152K) From: 30694K(102400K)->30694K(102400K)
[56.015s][info][gc,heap        ] GC(237) ParOldGen: 2389487K(2389504K)->2389487K(2389504K)
[56.015s][info][gc,metaspace   ] GC(237) Metaspace: 6297K(6464K)->6297K(6464K) NonClass: 5764K(5824K)->5764K(5824K) Class: 533K(640K)->533K(640K)
[56.015s][info][gc             ] GC(237) Pause Full (Ergonomics) 2411M->2411M(2481M) 757.872ms
[56.015s][info][gc,cpu         ] GC(237) User=5.47s Sys=0.00s Real=0.76s
[56.015s][info][gc,start       ] GC(238) Pause Full (Ergonomics)
[56.015s][info][gc,phases,start] GC(238) Marking Phase
[56.619s][info][gc,phases      ] GC(238) Marking Phase 603.498ms
[56.619s][info][gc,phases,start] GC(238) Summary Phase
[56.619s][info][gc,phases      ] GC(238) Summary Phase 0.036ms
[56.619s][info][gc,phases,start] GC(238) Adjust Roots
[56.619s][info][gc,phases      ] GC(238) Adjust Roots 0.156ms
[56.619s][info][gc,phases,start] GC(238) Compaction Phase
[56.784s][info][gc,phases      ] GC(238) Compaction Phase 164.698ms
[56.784s][info][gc,phases,start] GC(238) Post Compact
[56.788s][info][gc,phases      ] GC(238) Post Compact 4.178ms
[56.788s][info][gc,heap        ] GC(238) PSYoungGen: 79846K(151552K)->79846K(151552K) Eden: 49152K(49152K)->49152K(49152K) From: 30694K(102400K)->30694K(102400K)
[56.788s][info][gc,heap        ] GC(238) ParOldGen: 2389492K(2389504K)->2389492K(2389504K)
[56.788s][info][gc,metaspace   ] GC(238) Metaspace: 6297K(6464K)->6297K(6464K) NonClass: 5764K(5824K)->5764K(5824K) Class: 533K(640K)->533K(640K)
[56.788s][info][gc             ] GC(238) Pause Full (Ergonomics) 2411M->2411M(2481M) 772.945ms
[56.788s][info][gc,cpu         ] GC(238) User=5.95s Sys=0.00s Real=0.77s
[56.789s][info][gc,start       ] GC(239) Pause Full (Ergonomics)
[56.789s][info][gc,phases,start] GC(239) Marking Phase
[57.388s][info][gc,phases      ] GC(239) Marking Phase 599.573ms
[57.388s][info][gc,phases,start] GC(239) Summary Phase
[57.388s][info][gc,phases      ] GC(239) Summary Phase 0.034ms
[57.388s][info][gc,phases,start] GC(239) Adjust Roots
[57.389s][info][gc,phases      ] GC(239) Adjust Roots 0.165ms
[57.389s][info][gc,phases,start] GC(239) Compaction Phase
[57.565s][info][gc,phases      ] GC(239) Compaction Phase 176.498ms
[57.565s][info][gc,phases,start] GC(239) Post Compact
[57.570s][info][gc,phases      ] GC(239) Post Compact 5.050ms
[57.570s][info][gc,heap        ] GC(239) PSYoungGen: 79846K(151552K)->79846K(151552K) Eden: 49152K(49152K)->49152K(49152K) From: 30694K(102400K)->30694K(102400K)
[57.570s][info][gc,heap        ] GC(239) ParOldGen: 2389497K(2389504K)->2389497K(2389504K)
[57.570s][info][gc,metaspace   ] GC(239) Metaspace: 6297K(6464K)->6297K(6464K) NonClass: 5764K(5824K)->5764K(5824K) Class: 533K(640K)->533K(640K)
[57.570s][info][gc             ] GC(239) Pause Full (Ergonomics) 2411M->2411M(2481M) 781.705ms
[57.570s][info][gc,cpu         ] GC(239) User=5.67s Sys=0.00s Real=0.78s
[57.571s][info][gc,start       ] GC(240) Pause Full (Ergonomics)
[57.571s][info][gc,phases,start] GC(240) Marking Phase
[58.161s][info][gc,phases      ] GC(240) Marking Phase 590.143ms
[58.161s][info][gc,phases,start] GC(240) Summary Phase
[58.161s][info][gc,phases      ] GC(240) Summary Phase 0.035ms
[58.161s][info][gc,phases,start] GC(240) Adjust Roots
[58.161s][info][gc,phases      ] GC(240) Adjust Roots 0.154ms
[58.161s][info][gc,phases,start] GC(240) Compaction Phase
[58.342s][info][gc,phases      ] GC(240) Compaction Phase 181.023ms
[58.342s][info][gc,phases,start] GC(240) Post Compact
[58.347s][info][gc,phases      ] GC(240) Post Compact 4.841ms
[58.347s][info][gc,heap        ] GC(240) PSYoungGen: 79846K(151552K)->79846K(151552K) Eden: 49152K(49152K)->49152K(49152K) From: 30694K(102400K)->30694K(102400K)
[58.347s][info][gc,heap        ] GC(240) ParOldGen: 2389501K(2389504K)->2389501K(2389504K)
[58.347s][info][gc,metaspace   ] GC(240) Metaspace: 6297K(6464K)->6297K(6464K) NonClass: 5764K(5824K)->5764K(5824K) Class: 533K(640K)->533K(640K)
[58.347s][info][gc             ] GC(240) Pause Full (Ergonomics) 2411M->2411M(2481M) 776.653ms
[58.347s][info][gc,cpu         ] GC(240) User=5.80s Sys=0.00s Real=0.78s
[58.347s][info][gc,start       ] GC(241) Pause Full (Ergonomics)
[58.347s][info][gc,phases,start] GC(241) Marking Phase
[58.927s][info][gc,phases      ] GC(241) Marking Phase 579.400ms
[58.927s][info][gc,phases,start] GC(241) Summary Phase
[58.927s][info][gc,phases      ] GC(241) Summary Phase 0.068ms
[58.927s][info][gc,phases,start] GC(241) Adjust Roots
[58.927s][info][gc,phases      ] GC(241) Adjust Roots 0.224ms
[58.927s][info][gc,phases,start] GC(241) Compaction Phase
[59.109s][info][gc,phases      ] GC(241) Compaction Phase 182.016ms
[59.109s][info][gc,phases,start] GC(241) Post Compact
[59.114s][info][gc,phases      ] GC(241) Post Compact 4.851ms
[59.114s][info][gc,heap        ] GC(241) PSYoungGen: 79846K(151552K)->79846K(151552K) Eden: 49152K(49152K)->49152K(49152K) From: 30694K(102400K)->30694K(102400K)
[59.114s][info][gc,heap        ] GC(241) ParOldGen: 2389503K(2389504K)->2389503K(2389504K)
[59.114s][info][gc,metaspace   ] GC(241) Metaspace: 6297K(6464K)->6297K(6464K) NonClass: 5764K(5824K)->5764K(5824K) Class: 533K(640K)->533K(640K)
[59.114s][info][gc             ] GC(241) Pause Full (Ergonomics) 2411M->2411M(2481M) 766.976ms
[59.114s][info][gc,cpu         ] GC(241) User=5.89s Sys=0.02s Real=0.77s
[59.115s][info][gc,start       ] GC(242) Pause Full (Allocation Failure)
[59.115s][info][gc,phases,start] GC(242) Marking Phase
[59.715s][info][gc,phases      ] GC(242) Marking Phase 600.620ms
[59.715s][info][gc,phases,start] GC(242) Summary Phase
[59.715s][info][gc,phases      ] GC(242) Summary Phase 0.035ms
[59.715s][info][gc,phases,start] GC(242) Adjust Roots
[59.716s][info][gc,phases      ] GC(242) Adjust Roots 0.376ms
[59.716s][info][gc,phases,start] GC(242) Compaction Phase
[60.328s][info][gc,phases      ] GC(242) Compaction Phase 612.459ms
[60.328s][info][gc,phases,start] GC(242) Post Compact
[60.333s][info][gc,phases      ] GC(242) Post Compact 4.581ms
[60.333s][info][gc,heap        ] GC(242) PSYoungGen: 79846K(151552K)->79846K(151552K) Eden: 49152K(49152K)->49152K(49152K) From: 30694K(102400K)->30694K(102400K)
[60.333s][info][gc,heap        ] GC(242) ParOldGen: 2389503K(2389504K)->2389499K(2389504K)
[60.333s][info][gc,metaspace   ] GC(242) Metaspace: 6297K(6464K)->6295K(6464K) NonClass: 5764K(5824K)->5763K(5824K) Class: 533K(640K)->532K(640K)
[60.333s][info][gc             ] GC(242) Pause Full (Allocation Failure) 2411M->2411M(2481M) 1218.409ms
[60.333s][info][gc,cpu         ] GC(242) User=9.06s Sys=0.02s Real=1.22s
[60.333s][info][gc,start       ] GC(243) Pause Full (Ergonomics)
[60.333s][info][gc,phases,start] GC(243) Marking Phase
[60.930s][info][gc,phases      ] GC(243) Marking Phase 596.545ms
[60.930s][info][gc,phases,start] GC(243) Summary Phase
[60.930s][info][gc,phases      ] GC(243) Summary Phase 0.035ms
[60.930s][info][gc,phases,start] GC(243) Adjust Roots
[60.930s][info][gc,phases      ] GC(243) Adjust Roots 0.156ms
[60.930s][info][gc,phases,start] GC(243) Compaction Phase
[61.107s][info][gc,phases      ] GC(243) Compaction Phase 176.823ms
[61.107s][info][gc,phases,start] GC(243) Post Compact
[61.112s][info][gc,phases      ] GC(243) Post Compact 4.738ms
[61.112s][info][gc,heap        ] GC(243) PSYoungGen: 79846K(151552K)->79846K(151552K) Eden: 49152K(49152K)->49152K(49152K) From: 30694K(102400K)->30694K(102400K)
[61.112s][info][gc,heap        ] GC(243) ParOldGen: 2389502K(2389504K)->2389502K(2389504K)
[61.112s][info][gc,metaspace   ] GC(243) Metaspace: 6295K(6464K)->6295K(6464K) NonClass: 5763K(5824K)->5763K(5824K) Class: 532K(640K)->532K(640K)
[61.112s][info][gc             ] GC(243) Pause Full (Ergonomics) 2411M->2411M(2481M) 778.641ms
[61.112s][info][gc,cpu         ] GC(243) User=5.91s Sys=0.00s Real=0.78s
[61.113s][info][gc,start       ] GC(244) Pause Full (Ergonomics)
[61.113s][info][gc,phases,start] GC(244) Marking Phase
[61.693s][info][gc,phases      ] GC(244) Marking Phase 579.923ms
[61.693s][info][gc,phases,start] GC(244) Summary Phase
[61.693s][info][gc,phases      ] GC(244) Summary Phase 0.040ms
[61.693s][info][gc,phases,start] GC(244) Adjust Roots
[61.693s][info][gc,phases      ] GC(244) Adjust Roots 0.174ms
[61.693s][info][gc,phases,start] GC(244) Compaction Phase
[61.873s][info][gc,phases      ] GC(244) Compaction Phase 179.803ms
[61.873s][info][gc,phases,start] GC(244) Post Compact
[61.877s][info][gc,phases      ] GC(244) Post Compact 4.486ms
[61.877s][info][gc,heap        ] GC(244) PSYoungGen: 79846K(151552K)->79846K(151552K) Eden: 49152K(49152K)->49152K(49152K) From: 30694K(102400K)->30694K(102400K)
[61.877s][info][gc,heap        ] GC(244) ParOldGen: 2389503K(2389504K)->2389503K(2389504K)
[61.877s][info][gc,metaspace   ] GC(244) Metaspace: 6295K(6464K)->6295K(6464K) NonClass: 5763K(5824K)->5763K(5824K) Class: 532K(640K)->532K(640K)
[61.877s][info][gc             ] GC(244) Pause Full (Ergonomics) 2411M->2411M(2481M) 764.817ms
[61.877s][info][gc,cpu         ] GC(244) User=5.86s Sys=0.00s Real=0.77s
[61.877s][info][gc,start       ] GC(245) Pause Full (Allocation Failure)
[61.877s][info][gc,phases,start] GC(245) Marking Phase
[62.464s][info][gc,phases      ] GC(245) Marking Phase 586.209ms
[62.464s][info][gc,phases,start] GC(245) Summary Phase
[62.464s][info][gc,phases      ] GC(245) Summary Phase 0.054ms
[62.464s][info][gc,phases,start] GC(245) Adjust Roots
[62.464s][info][gc,phases      ] GC(245) Adjust Roots 0.298ms
[62.464s][info][gc,phases,start] GC(245) Compaction Phase
[62.643s][info][gc,phases      ] GC(245) Compaction Phase 178.611ms
[62.643s][info][gc,phases,start] GC(245) Post Compact
[62.649s][info][gc,phases      ] GC(245) Post Compact 5.935ms
[62.649s][info][gc,heap        ] GC(245) PSYoungGen: 79846K(151552K)->79846K(151552K) Eden: 49152K(49152K)->49152K(49152K) From: 30694K(102400K)->30694K(102400K)
[62.649s][info][gc,heap        ] GC(245) ParOldGen: 2389503K(2389504K)->2389503K(2389504K)
[62.649s][info][gc,metaspace   ] GC(245) Metaspace: 6295K(6464K)->6295K(6464K) NonClass: 5763K(5824K)->5763K(5824K) Class: 532K(640K)->532K(640K)
[62.649s][info][gc             ] GC(245) Pause Full (Allocation Failure) 2411M->2411M(2481M) 771.590ms
[62.649s][info][gc,cpu         ] GC(245) User=5.92s Sys=0.00s Real=0.77s
[62.650s][info][gc,start       ] GC(246) Pause Full (Ergonomics)
[62.650s][info][gc,phases,start] GC(246) Marking Phase
[63.251s][info][gc,phases      ] GC(246) Marking Phase 601.021ms
[63.251s][info][gc,phases,start] GC(246) Summary Phase
[63.251s][info][gc,phases      ] GC(246) Summary Phase 0.054ms
[63.251s][info][gc,phases,start] GC(246) Adjust Roots
[63.251s][info][gc,phases      ] GC(246) Adjust Roots 0.352ms
[63.251s][info][gc,phases,start] GC(246) Compaction Phase
[63.877s][info][gc,phases      ] GC(246) Compaction Phase 625.717ms
[63.877s][info][gc,phases,start] GC(246) Post Compact
[63.882s][info][gc,phases      ] GC(246) Post Compact 4.915ms
[63.882s][info][gc,heap        ] GC(246) PSYoungGen: 79846K(151552K)->79846K(151552K) Eden: 49152K(49152K)->49152K(49152K) From: 30694K(102400K)->30694K(102400K)
[63.882s][info][gc,heap        ] GC(246) ParOldGen: 2389504K(2389504K)->2389502K(2389504K)
[63.882s][info][gc,metaspace   ] GC(246) Metaspace: 6295K(6464K)->6295K(6464K) NonClass: 5763K(5824K)->5763K(5824K) Class: 532K(640K)->532K(640K)
[63.882s][info][gc             ] GC(246) Pause Full (Ergonomics) 2411M->2411M(2481M) 1232.488ms
[63.882s][info][gc,cpu         ] GC(246) User=9.06s Sys=0.02s Real=1.23s
[63.883s][info][gc,start       ] GC(247) Pause Full (Ergonomics)
[63.883s][info][gc,phases,start] GC(247) Marking Phase
[64.480s][info][gc,phases      ] GC(247) Marking Phase 596.789ms
[64.480s][info][gc,phases,start] GC(247) Summary Phase
[64.480s][info][gc,phases      ] GC(247) Summary Phase 0.062ms
[64.480s][info][gc,phases,start] GC(247) Adjust Roots
[64.481s][info][gc,phases      ] GC(247) Adjust Roots 0.562ms
[64.481s][info][gc,phases,start] GC(247) Compaction Phase
[65.115s][info][gc,phases      ] GC(247) Compaction Phase 633.930ms
[65.115s][info][gc,phases,start] GC(247) Post Compact
[65.120s][info][gc,phases      ] GC(247) Post Compact 4.841ms
[65.120s][info][gc,heap        ] GC(247) PSYoungGen: 79846K(151552K)->79846K(151552K) Eden: 49152K(49152K)->49152K(49152K) From: 30694K(102400K)->30694K(102400K)
[65.120s][info][gc,heap        ] GC(247) ParOldGen: 2389503K(2389504K)->2389501K(2389504K)
[65.120s][info][gc,metaspace   ] GC(247) Metaspace: 6297K(6464K)->6297K(6464K) NonClass: 5763K(5824K)->5763K(5824K) Class: 533K(640K)->533K(640K)
[65.120s][info][gc             ] GC(247) Pause Full (Ergonomics) 2411M->2411M(2481M) 1236.635ms
[65.120s][info][gc,cpu         ] GC(247) User=9.00s Sys=0.02s Real=1.24s
[65.121s][info][gc,heap,exit   ] Heap
[65.121s][info][gc,heap,exit   ]  PSYoungGen      total 151552K, used 79846K [0x00000007b7180000, 0x00000007c7600000, 0x0000000800000000)
[65.121s][info][gc,heap,exit   ]   eden space 49152K, 100% used [0x00000007b7180000,0x00000007ba180000,0x00000007ba180000)
[65.121s][info][gc,heap,exit   ]   from space 102400K, 29% used [0x00000007c0980000,0x00000007c2779900,0x00000007c6d80000)
[65.121s][info][gc,heap,exit   ]   to   space 106496K, 0% used [0x00000007ba180000,0x00000007ba180000,0x00000007c0980000)
[65.121s][info][gc,heap,exit   ]  ParOldGen       total 2389504K, used 2389502K [0x0000000725400000, 0x00000007b7180000, 0x00000007b7180000)
[65.121s][info][gc,heap,exit   ]   object space 2389504K, 99% used [0x0000000725400000,0x00000007b717f810,0x00000007b7180000)
[65.121s][info][gc,heap,exit   ]  Metaspace       used 6300K, committed 6464K, reserved 1114112K
[65.121s][info][gc,heap,exit   ]   class space    used 534K, committed 640K, reserved 1048576K
