[0.013s][info][gc,init] CardTable entry size: 512
[0.014s][info][gc     ] Using Parallel
[0.014s][info][gc,init] Version: 18.0.1+10 (release)
[0.014s][info][gc,init] CPUs: 8 total, 8 available
[0.014s][info][gc,init] Memory: 16063M
[0.014s][info][gc,init] Large Page Support: Disabled
[0.014s][info][gc,init] NUMA Support: Disabled
[0.014s][info][gc,init] Compressed Oops: Enabled (Zero based)
[0.014s][info][gc,init] Alignments: Space 512K, Generation 512K, Heap 2M
[0.014s][info][gc,init] Heap Min Capacity: 2M
[0.014s][info][gc,init] Heap Initial Capacity: 2M
[0.014s][info][gc,init] Heap Max Capacity: 3700M
[0.015s][info][gc,init] Pre-touch: Disabled
[0.015s][info][gc,init] Parallel Workers: 8
[0.015s][info][gc,metaspace] CDS archive(s) not mapped
[0.015s][info][gc,metaspace] Compressed class space mapped at: 0x0000000800000000-0x0000000840000000, reserved size: 1073741824
[0.015s][info][gc,metaspace] Narrow klass base: 0x0000000800000000, Narrow klass shift: 0, Narrow klass range: 0x40000000
[0.103s][info][gc,start    ] GC(0) Pause Young (Allocation Failure)
[0.104s][info][gc,heap     ] GC(0) PSYoungGen: 512K(1024K)->480K(1024K) Eden: 512K(512K)->0K(512K) From: 0K(512K)->480K(512K)
[0.104s][info][gc,heap     ] GC(0) ParOldGen: 0K(512K)->8K(512K)
[0.104s][info][gc,metaspace] GC(0) Metaspace: 4229K(4352K)->4229K(4352K) NonClass: 3908K(3968K)->3908K(3968K) Class: 321K(384K)->321K(384K)
[0.104s][info][gc          ] GC(0) Pause Young (Allocation Failure) 0M->0M(1M) 1.147ms
[0.104s][info][gc,cpu      ] GC(0) User=0.00s Sys=0.00s Real=0.00s
[0.160s][info][gc,start    ] GC(1) Pause Young (Allocation Failure)
[0.161s][info][gc,heap     ] GC(1) PSYoungGen: 991K(1024K)->512K(1536K) Eden: 511K(512K)->0K(1024K) From: 480K(512K)->512K(512K)
[0.161s][info][gc,heap     ] GC(1) ParOldGen: 8K(512K)->88K(512K)
[0.161s][info][gc,metaspace] GC(1) Metaspace: 5880K(6016K)->5880K(6016K) NonClass: 5383K(5504K)->5383K(5504K) Class: 496K(512K)->496K(512K)
[0.161s][info][gc          ] GC(1) Pause Young (Allocation Failure) 0M->0M(2M) 0.858ms
[0.161s][info][gc,cpu      ] GC(1) User=0.00s Sys=0.00s Real=0.00s
[0.181s][info][gc,start    ] GC(2) Pause Young (Allocation Failure)
[0.182s][info][gc,heap     ] GC(2) PSYoungGen: 1536K(1536K)->512K(1536K) Eden: 1024K(1024K)->0K(1024K) From: 512K(512K)->512K(512K)
[0.182s][info][gc,heap     ] GC(2) ParOldGen: 88K(512K)->504K(512K)
[0.182s][info][gc,metaspace] GC(2) Metaspace: 6300K(6464K)->6300K(6464K) NonClass: 5767K(5824K)->5767K(5824K) Class: 533K(640K)->533K(640K)
[0.182s][info][gc          ] GC(2) Pause Young (Allocation Failure) 1M->0M(2M) 1.129ms
[0.183s][info][gc,cpu      ] GC(2) User=0.00s Sys=0.00s Real=0.00s
[0.183s][info][gc,start    ] GC(3) Pause Full (Ergonomics)
[0.183s][info][gc,phases,start] GC(3) Marking Phase
[0.184s][info][gc,phases      ] GC(3) Marking Phase 0.949ms
[0.184s][info][gc,phases,start] GC(3) Summary Phase
[0.184s][info][gc,phases      ] GC(3) Summary Phase 0.018ms
[0.184s][info][gc,phases,start] GC(3) Adjust Roots
[0.184s][info][gc,phases      ] GC(3) Adjust Roots 0.368ms
[0.184s][info][gc,phases,start] GC(3) Compaction Phase
[0.186s][info][gc,phases      ] GC(3) Compaction Phase 1.938ms
[0.186s][info][gc,phases,start] GC(3) Post Compact
[0.186s][info][gc,phases      ] GC(3) Post Compact 0.078ms
[0.186s][info][gc,heap        ] GC(3) PSYoungGen: 512K(1536K)->510K(1536K) Eden: 0K(1024K)->0K(1024K) From: 512K(512K)->510K(512K)
[0.186s][info][gc,heap        ] GC(3) ParOldGen: 504K(512K)->470K(2048K)
[0.186s][info][gc,metaspace   ] GC(3) Metaspace: 6300K(6464K)->6300K(6464K) NonClass: 5767K(5824K)->5767K(5824K) Class: 533K(640K)->533K(640K)
[0.186s][info][gc             ] GC(3) Pause Full (Ergonomics) 0M->0M(3M) 3.616ms
[0.186s][info][gc,cpu         ] GC(3) User=0.00s Sys=0.00s Real=0.00s
[0.188s][info][gc,start       ] GC(4) Pause Young (Allocation Failure)
[0.189s][info][gc,heap        ] GC(4) PSYoungGen: 1534K(1536K)->480K(2560K) Eden: 1024K(1024K)->0K(2048K) From: 510K(512K)->480K(512K)
[0.189s][info][gc,heap        ] GC(4) ParOldGen: 470K(2048K)->1026K(2048K)
[0.189s][info][gc,metaspace   ] GC(4) Metaspace: 6300K(6464K)->6300K(6464K) NonClass: 5767K(5824K)->5767K(5824K) Class: 533K(640K)->533K(640K)
[0.189s][info][gc             ] GC(4) Pause Young (Allocation Failure) 1M->1M(4M) 1.370ms
[0.189s][info][gc,cpu         ] GC(4) User=0.00s Sys=0.00s Real=0.00s
[0.192s][info][gc,start       ] GC(5) Pause Young (Allocation Failure)
[0.194s][info][gc,heap        ] GC(5) PSYoungGen: 2528K(2560K)->480K(2560K) Eden: 2048K(2048K)->0K(2048K) From: 480K(512K)->480K(512K)
[0.194s][info][gc,heap        ] GC(5) ParOldGen: 1026K(2048K)->2098K(2560K)
[0.194s][info][gc,metaspace   ] GC(5) Metaspace: 6300K(6464K)->6300K(6464K) NonClass: 5767K(5824K)->5767K(5824K) Class: 533K(640K)->533K(640K)
[0.194s][info][gc             ] GC(5) Pause Young (Allocation Failure) 3M->2M(5M) 2.079ms
[0.194s][info][gc,cpu         ] GC(5) User=0.00s Sys=0.00s Real=0.00s
[0.195s][info][gc,start       ] GC(6) Pause Full (Ergonomics)
[0.195s][info][gc,phases,start] GC(6) Marking Phase
[0.196s][info][gc,phases      ] GC(6) Marking Phase 1.629ms
[0.196s][info][gc,phases,start] GC(6) Summary Phase
[0.196s][info][gc,phases      ] GC(6) Summary Phase 0.017ms
[0.196s][info][gc,phases,start] GC(6) Adjust Roots
[0.197s][info][gc,phases      ] GC(6) Adjust Roots 0.358ms
[0.197s][info][gc,phases,start] GC(6) Compaction Phase
[0.200s][info][gc,phases      ] GC(6) Compaction Phase 3.191ms
[0.200s][info][gc,phases,start] GC(6) Post Compact
[0.200s][info][gc,phases      ] GC(6) Post Compact 0.034ms
[0.200s][info][gc,heap        ] GC(6) PSYoungGen: 480K(2560K)->0K(4096K) Eden: 0K(2048K)->0K(3072K) From: 480K(512K)->0K(1024K)
[0.200s][info][gc,heap        ] GC(6) ParOldGen: 2098K(2560K)->2542K(6144K)
[0.200s][info][gc,metaspace   ] GC(6) Metaspace: 6300K(6464K)->6300K(6464K) NonClass: 5767K(5824K)->5767K(5824K) Class: 533K(640K)->533K(640K)
[0.200s][info][gc             ] GC(6) Pause Full (Ergonomics) 2M->2M(10M) 5.585ms
[0.200s][info][gc,cpu         ] GC(6) User=0.00s Sys=0.00s Real=0.01s
[0.205s][info][gc,start       ] GC(7) Pause Young (Allocation Failure)
[0.207s][info][gc,heap        ] GC(7) PSYoungGen: 3072K(4096K)->1664K(5120K) Eden: 3072K(3072K)->0K(3072K) From: 0K(1024K)->1664K(2048K)
[0.207s][info][gc,heap        ] GC(7) ParOldGen: 2542K(6144K)->2542K(6144K)
[0.207s][info][gc,metaspace   ] GC(7) Metaspace: 6300K(6464K)->6300K(6464K) NonClass: 5767K(5824K)->5767K(5824K) Class: 533K(640K)->533K(640K)
[0.207s][info][gc             ] GC(7) Pause Young (Allocation Failure) 5M->4M(11M) 2.037ms
[0.207s][info][gc,cpu         ] GC(7) User=0.00s Sys=0.00s Real=0.00s
[0.211s][info][gc,start       ] GC(8) Pause Young (Allocation Failure)
[0.213s][info][gc,heap        ] GC(8) PSYoungGen: 4736K(5120K)->2016K(5632K) Eden: 3072K(3072K)->0K(3584K) From: 1664K(2048K)->2016K(2048K)
[0.213s][info][gc,heap        ] GC(8) ParOldGen: 2542K(6144K)->3766K(6144K)
[0.213s][info][gc,metaspace   ] GC(8) Metaspace: 6300K(6464K)->6300K(6464K) NonClass: 5767K(5824K)->5767K(5824K) Class: 533K(640K)->533K(640K)
[0.214s][info][gc             ] GC(8) Pause Young (Allocation Failure) 7M->5M(11M) 2.858ms
[0.214s][info][gc,cpu         ] GC(8) User=0.00s Sys=0.00s Real=0.00s
[0.218s][info][gc,start       ] GC(9) Pause Young (Allocation Failure)
[0.222s][info][gc,heap        ] GC(9) PSYoungGen: 5600K(5632K)->3040K(6656K) Eden: 3584K(3584K)->0K(3584K) From: 2016K(2048K)->3040K(3072K)
[0.222s][info][gc,heap        ] GC(9) ParOldGen: 3766K(6144K)->4606K(6144K)
[0.222s][info][gc,metaspace   ] GC(9) Metaspace: 6300K(6464K)->6300K(6464K) NonClass: 5767K(5824K)->5767K(5824K) Class: 533K(640K)->533K(640K)
[0.222s][info][gc             ] GC(9) Pause Young (Allocation Failure) 9M->7M(12M) 3.445ms
[0.222s][info][gc,cpu         ] GC(9) User=0.00s Sys=0.00s Real=0.00s
[0.226s][info][gc,start       ] GC(10) Pause Young (Allocation Failure)
[0.229s][info][gc,heap        ] GC(10) PSYoungGen: 6624K(6656K)->4064K(8704K) Eden: 3584K(3584K)->0K(4608K) From: 3040K(3072K)->4064K(4096K)
[0.229s][info][gc,heap        ] GC(10) ParOldGen: 4606K(6144K)->5446K(6144K)
[0.229s][info][gc,metaspace   ] GC(10) Metaspace: 6300K(6464K)->6300K(6464K) NonClass: 5767K(5824K)->5767K(5824K) Class: 533K(640K)->533K(640K)
[0.230s][info][gc             ] GC(10) Pause Young (Allocation Failure) 10M->9M(14M) 3.950ms
[0.230s][info][gc,cpu         ] GC(10) User=0.00s Sys=0.00s Real=0.00s
[0.230s][info][gc,start       ] GC(11) Pause Full (Ergonomics)
[0.230s][info][gc,phases,start] GC(11) Marking Phase
[0.234s][info][gc,phases      ] GC(11) Marking Phase 4.314ms
[0.234s][info][gc,phases,start] GC(11) Summary Phase
[0.234s][info][gc,phases      ] GC(11) Summary Phase 0.015ms
[0.234s][info][gc,phases,start] GC(11) Adjust Roots
[0.234s][info][gc,phases      ] GC(11) Adjust Roots 0.326ms
[0.234s][info][gc,phases,start] GC(11) Compaction Phase
[0.241s][info][gc,phases      ] GC(11) Compaction Phase 6.378ms
[0.241s][info][gc,phases,start] GC(11) Post Compact
[0.241s][info][gc,phases      ] GC(11) Post Compact 0.050ms
[0.241s][info][gc,heap        ] GC(11) PSYoungGen: 4064K(8704K)->3545K(8704K) Eden: 0K(4608K)->0K(4608K) From: 4064K(4096K)->3545K(4096K)
[0.241s][info][gc,heap        ] GC(11) ParOldGen: 5446K(6144K)->5824K(10752K)
[0.241s][info][gc,metaspace   ] GC(11) Metaspace: 6300K(6464K)->6300K(6464K) NonClass: 5767K(5824K)->5767K(5824K) Class: 533K(640K)->533K(640K)
[0.241s][info][gc             ] GC(11) Pause Full (Ergonomics) 9M->9M(19M) 11.394ms
[0.241s][info][gc,cpu         ] GC(11) User=0.02s Sys=0.00s Real=0.01s
[0.246s][info][gc,start       ] GC(12) Pause Young (Allocation Failure)
[0.249s][info][gc,heap        ] GC(12) PSYoungGen: 8102K(8704K)->5088K(9728K) Eden: 4556K(4608K)->0K(4608K) From: 3545K(4096K)->5088K(5120K)
[0.249s][info][gc,heap        ] GC(12) ParOldGen: 5824K(10752K)->6616K(10752K)
[0.249s][info][gc,metaspace   ] GC(12) Metaspace: 6300K(6464K)->6300K(6464K) NonClass: 5767K(5824K)->5767K(5824K) Class: 533K(640K)->533K(640K)
[0.249s][info][gc             ] GC(12) Pause Young (Allocation Failure) 13M->11M(20M) 3.546ms
[0.249s][info][gc,cpu         ] GC(12) User=0.00s Sys=0.00s Real=0.00s
[0.255s][info][gc,start       ] GC(13) Pause Young (Allocation Failure)
[0.260s][info][gc,heap        ] GC(13) PSYoungGen: 9696K(9728K)->6112K(11264K) Eden: 4608K(4608K)->0K(5120K) From: 5088K(5120K)->6112K(6144K)
[0.260s][info][gc,heap        ] GC(13) ParOldGen: 6616K(10752K)->7984K(10752K)
[0.260s][info][gc,metaspace   ] GC(13) Metaspace: 6300K(6464K)->6300K(6464K) NonClass: 5767K(5824K)->5767K(5824K) Class: 533K(640K)->533K(640K)
[0.260s][info][gc             ] GC(13) Pause Young (Allocation Failure) 15M->13M(21M) 5.382ms
[0.260s][info][gc,cpu         ] GC(13) User=0.00s Sys=0.00s Real=0.01s
[0.264s][info][gc,start       ] GC(14) Pause Young (Allocation Failure)
[0.269s][info][gc,heap        ] GC(14) PSYoungGen: 11232K(11264K)->5248K(12800K) Eden: 5120K(5120K)->0K(5120K) From: 6112K(6144K)->5248K(7680K)
[0.269s][info][gc,heap        ] GC(14) ParOldGen: 7984K(10752K)->11568K(11776K)
[0.269s][info][gc,metaspace   ] GC(14) Metaspace: 6302K(6464K)->6302K(6464K) NonClass: 5769K(5824K)->5769K(5824K) Class: 533K(640K)->533K(640K)
[0.269s][info][gc             ] GC(14) Pause Young (Allocation Failure) 18M->16M(24M) 5.322ms
[0.269s][info][gc,cpu         ] GC(14) User=0.00s Sys=0.00s Real=0.01s
[0.269s][info][gc,start       ] GC(15) Pause Full (Ergonomics)
[0.269s][info][gc,phases,start] GC(15) Marking Phase
[0.276s][info][gc,phases      ] GC(15) Marking Phase 6.881ms
[0.276s][info][gc,phases,start] GC(15) Summary Phase
[0.276s][info][gc,phases      ] GC(15) Summary Phase 0.017ms
[0.276s][info][gc,phases,start] GC(15) Adjust Roots
[0.277s][info][gc,phases      ] GC(15) Adjust Roots 0.208ms
[0.277s][info][gc,phases,start] GC(15) Compaction Phase
[0.284s][info][gc,phases      ] GC(15) Compaction Phase 7.712ms
[0.284s][info][gc,phases,start] GC(15) Post Compact
[0.285s][info][gc,phases      ] GC(15) Post Compact 0.065ms
[0.285s][info][gc,heap        ] GC(15) PSYoungGen: 5248K(12800K)->5195K(12800K) Eden: 0K(5120K)->0K(5120K) From: 5248K(7680K)->5195K(7680K)
[0.285s][info][gc,heap        ] GC(15) ParOldGen: 11568K(11776K)->11455K(18432K)
[0.285s][info][gc,metaspace   ] GC(15) Metaspace: 6302K(6464K)->6302K(6464K) NonClass: 5769K(5824K)->5769K(5824K) Class: 533K(640K)->533K(640K)
[0.285s][info][gc             ] GC(15) Pause Full (Ergonomics) 16M->16M(30M) 15.273ms
[0.285s][info][gc,cpu         ] GC(15) User=0.00s Sys=0.00s Real=0.01s
[0.288s][info][gc,start       ] GC(16) Pause Young (Allocation Failure)
[0.294s][info][gc,heap        ] GC(16) PSYoungGen: 10315K(12800K)->2656K(14336K) Eden: 5120K(5120K)->0K(7168K) From: 5195K(7680K)->2656K(7168K)
[0.294s][info][gc,heap        ] GC(16) ParOldGen: 11455K(18432K)->16735K(18432K)
[0.294s][info][gc,metaspace   ] GC(16) Metaspace: 6302K(6464K)->6302K(6464K) NonClass: 5769K(5824K)->5769K(5824K) Class: 533K(640K)->533K(640K)
[0.294s][info][gc             ] GC(16) Pause Young (Allocation Failure) 21M->18M(32M) 5.611ms
[0.294s][info][gc,cpu         ] GC(16) User=0.00s Sys=0.00s Real=0.01s
[0.294s][info][gc,start       ] GC(17) Pause Full (Ergonomics)
[0.294s][info][gc,phases,start] GC(17) Marking Phase
[0.302s][info][gc,phases      ] GC(17) Marking Phase 8.445ms
[0.302s][info][gc,phases,start] GC(17) Summary Phase
[0.302s][info][gc,phases      ] GC(17) Summary Phase 0.017ms
[0.302s][info][gc,phases,start] GC(17) Adjust Roots
[0.302s][info][gc,phases      ] GC(17) Adjust Roots 0.211ms
[0.302s][info][gc,phases,start] GC(17) Compaction Phase
[0.308s][info][gc,phases      ] GC(17) Compaction Phase 5.427ms
[0.308s][info][gc,phases,start] GC(17) Post Compact
[0.308s][info][gc,phases      ] GC(17) Post Compact 0.082ms
[0.308s][info][gc,heap        ] GC(17) PSYoungGen: 2656K(14336K)->1106K(14848K) Eden: 0K(7168K)->0K(7680K) From: 2656K(7168K)->1106K(7168K)
[0.308s][info][gc,heap        ] GC(17) ParOldGen: 16735K(18432K)->18183K(28160K)
[0.308s][info][gc,metaspace   ] GC(17) Metaspace: 6302K(6464K)->6302K(6464K) NonClass: 5769K(5824K)->5769K(5824K) Class: 533K(640K)->533K(640K)
[0.308s][info][gc             ] GC(17) Pause Full (Ergonomics) 18M->18M(42M) 14.475ms
[0.308s][info][gc,cpu         ] GC(17) User=0.00s Sys=0.00s Real=0.02s
[0.312s][info][gc,start       ] GC(18) Pause Young (Allocation Failure)
[0.318s][info][gc,heap        ] GC(18) PSYoungGen: 7796K(14848K)->3424K(15360K) Eden: 6689K(7680K)->0K(7680K) From: 1106K(7168K)->3424K(7680K)
[0.318s][info][gc,heap        ] GC(18) ParOldGen: 18183K(28160K)->19311K(28160K)
[0.318s][info][gc,metaspace   ] GC(18) Metaspace: 6302K(6464K)->6302K(6464K) NonClass: 5769K(5824K)->5769K(5824K) Class: 533K(640K)->533K(640K)
[0.318s][info][gc             ] GC(18) Pause Young (Allocation Failure) 25M->22M(42M) 5.457ms
[0.318s][info][gc,cpu         ] GC(18) User=0.02s Sys=0.00s Real=0.00s
[0.325s][info][gc,start       ] GC(19) Pause Young (Allocation Failure)
[0.332s][info][gc,heap        ] GC(19) PSYoungGen: 11104K(15360K)->7648K(16896K) Eden: 7680K(7680K)->0K(9216K) From: 3424K(7680K)->7648K(7680K)
[0.332s][info][gc,heap        ] GC(19) ParOldGen: 19311K(28160K)->19543K(28160K)
[0.332s][info][gc,metaspace   ] GC(19) Metaspace: 6302K(6464K)->6302K(6464K) NonClass: 5769K(5824K)->5769K(5824K) Class: 533K(640K)->533K(640K)
[0.332s][info][gc             ] GC(19) Pause Young (Allocation Failure) 29M->26M(44M) 7.086ms
[0.332s][info][gc,cpu         ] GC(19) User=0.00s Sys=0.00s Real=0.01s
[0.337s][info][gc,start       ] GC(20) Pause Young (Allocation Failure)
[0.346s][info][gc,heap        ] GC(20) PSYoungGen: 16864K(16896K)->4800K(17920K) Eden: 9216K(9216K)->0K(9216K) From: 7648K(7680K)->4800K(8704K)
[0.346s][info][gc,heap        ] GC(20) ParOldGen: 19543K(28160K)->27287K(28160K)
[0.346s][info][gc,metaspace   ] GC(20) Metaspace: 6302K(6464K)->6302K(6464K) NonClass: 5769K(5824K)->5769K(5824K) Class: 533K(640K)->533K(640K)
[0.346s][info][gc             ] GC(20) Pause Young (Allocation Failure) 35M->31M(45M) 8.620ms
[0.346s][info][gc,cpu         ] GC(20) User=0.00s Sys=0.00s Real=0.01s
[0.346s][info][gc,start       ] GC(21) Pause Full (Ergonomics)
[0.346s][info][gc,phases,start] GC(21) Marking Phase
[0.358s][info][gc,phases      ] GC(21) Marking Phase 12.586ms
[0.359s][info][gc,phases,start] GC(21) Summary Phase
[0.359s][info][gc,phases      ] GC(21) Summary Phase 0.019ms
[0.359s][info][gc,phases,start] GC(21) Adjust Roots
[0.359s][info][gc,phases      ] GC(21) Adjust Roots 0.197ms
[0.359s][info][gc,phases,start] GC(21) Compaction Phase
[0.370s][info][gc,phases      ] GC(21) Compaction Phase 11.418ms
[0.370s][info][gc,phases,start] GC(21) Post Compact
[0.370s][info][gc,phases      ] GC(21) Post Compact 0.131ms
[0.371s][info][gc,heap        ] GC(21) PSYoungGen: 4800K(17920K)->3739K(17920K) Eden: 0K(9216K)->0K(9216K) From: 4800K(8704K)->3739K(8704K)
[0.371s][info][gc,heap        ] GC(21) ParOldGen: 27287K(28160K)->27651K(40960K)
[0.371s][info][gc,metaspace   ] GC(21) Metaspace: 6302K(6464K)->6302K(6464K) NonClass: 5769K(5824K)->5769K(5824K) Class: 533K(640K)->533K(640K)
[0.371s][info][gc             ] GC(21) Pause Full (Ergonomics) 31M->30M(57M) 24.845ms
[0.371s][info][gc,cpu         ] GC(21) User=0.00s Sys=0.00s Real=0.03s
[0.379s][info][gc,start       ] GC(22) Pause Young (Allocation Failure)
[0.388s][info][gc,heap        ] GC(22) PSYoungGen: 12955K(17920K)->7616K(19456K) Eden: 9216K(9216K)->0K(10752K) From: 3739K(8704K)->7616K(8704K)
[0.388s][info][gc,heap        ] GC(22) ParOldGen: 27651K(40960K)->31459K(40960K)
[0.388s][info][gc,metaspace   ] GC(22) Metaspace: 6302K(6464K)->6302K(6464K) NonClass: 5769K(5824K)->5769K(5824K) Class: 533K(640K)->533K(640K)
[0.388s][info][gc             ] GC(22) Pause Young (Allocation Failure) 39M->38M(59M) 9.677ms
[0.388s][info][gc,cpu         ] GC(22) User=0.00s Sys=0.00s Real=0.01s
[0.403s][info][gc,start       ] GC(23) Pause Young (Allocation Failure)
[0.416s][info][gc,heap        ] GC(23) PSYoungGen: 18368K(19456K)->9696K(20480K) Eden: 10752K(10752K)->0K(10752K) From: 7616K(8704K)->9696K(9728K)
[0.417s][info][gc,heap        ] GC(23) ParOldGen: 31459K(40960K)->40251K(40960K)
[0.417s][info][gc,metaspace   ] GC(23) Metaspace: 6302K(6464K)->6302K(6464K) NonClass: 5769K(5824K)->5769K(5824K) Class: 533K(640K)->533K(640K)
[0.417s][info][gc             ] GC(23) Pause Young (Allocation Failure) 48M->48M(60M) 13.380ms
[0.417s][info][gc,cpu         ] GC(23) User=0.02s Sys=0.00s Real=0.01s
[0.417s][info][gc,start       ] GC(24) Pause Full (Ergonomics)
[0.417s][info][gc,phases,start] GC(24) Marking Phase
[0.436s][info][gc,phases      ] GC(24) Marking Phase 19.184ms
[0.436s][info][gc,phases,start] GC(24) Summary Phase
[0.436s][info][gc,phases      ] GC(24) Summary Phase 0.020ms
[0.436s][info][gc,phases,start] GC(24) Adjust Roots
[0.436s][info][gc,phases      ] GC(24) Adjust Roots 0.180ms
[0.436s][info][gc,phases,start] GC(24) Compaction Phase
[0.453s][info][gc,phases      ] GC(24) Compaction Phase 16.782ms
[0.453s][info][gc,phases,start] GC(24) Post Compact
[0.453s][info][gc,phases      ] GC(24) Post Compact 0.147ms
[0.453s][info][gc,heap        ] GC(24) PSYoungGen: 9696K(20480K)->9681K(20480K) Eden: 0K(10752K)->0K(10752K) From: 9696K(9728K)->9681K(9728K)
[0.453s][info][gc,heap        ] GC(24) ParOldGen: 40251K(40960K)->39012K(56320K)
[0.453s][info][gc,metaspace   ] GC(24) Metaspace: 6302K(6464K)->6302K(6464K) NonClass: 5769K(5824K)->5769K(5824K) Class: 533K(640K)->533K(640K)
[0.453s][info][gc             ] GC(24) Pause Full (Ergonomics) 48M->47M(75M) 36.679ms
[0.453s][info][gc,cpu         ] GC(24) User=0.05s Sys=0.00s Real=0.04s
[0.465s][info][gc,start       ] GC(25) Pause Young (Allocation Failure)
[0.481s][info][gc,heap        ] GC(25) PSYoungGen: 20433K(20480K)->10784K(26624K) Eden: 10752K(10752K)->0K(12288K) From: 9681K(9728K)->10784K(14336K)
[0.481s][info][gc,heap        ] GC(25) ParOldGen: 39012K(56320K)->48828K(56320K)
[0.481s][info][gc,metaspace   ] GC(25) Metaspace: 6302K(6464K)->6302K(6464K) NonClass: 5769K(5824K)->5769K(5824K) Class: 533K(640K)->533K(640K)
[0.481s][info][gc             ] GC(25) Pause Young (Allocation Failure) 58M->58M(81M) 15.498ms
[0.481s][info][gc,cpu         ] GC(25) User=0.00s Sys=0.00s Real=0.02s
[0.481s][info][gc,start       ] GC(26) Pause Full (Ergonomics)
[0.481s][info][gc,phases,start] GC(26) Marking Phase
[0.504s][info][gc,phases      ] GC(26) Marking Phase 23.156ms
[0.504s][info][gc,phases,start] GC(26) Summary Phase
[0.504s][info][gc,phases      ] GC(26) Summary Phase 0.028ms
[0.504s][info][gc,phases,start] GC(26) Adjust Roots
[0.504s][info][gc,phases      ] GC(26) Adjust Roots 0.160ms
[0.504s][info][gc,phases,start] GC(26) Compaction Phase
[0.522s][info][gc,phases      ] GC(26) Compaction Phase 17.175ms
[0.522s][info][gc,phases,start] GC(26) Post Compact
[0.522s][info][gc,phases      ] GC(26) Post Compact 0.203ms
[0.522s][info][gc,heap        ] GC(26) PSYoungGen: 10784K(26624K)->3566K(26624K) Eden: 0K(12288K)->0K(12288K) From: 10784K(14336K)->3566K(14336K)
[0.522s][info][gc,heap        ] GC(26) ParOldGen: 48828K(56320K)->55847K(77312K)
[0.522s][info][gc,metaspace   ] GC(26) Metaspace: 6302K(6464K)->6302K(6464K) NonClass: 5769K(5824K)->5769K(5824K) Class: 533K(640K)->533K(640K)
[0.522s][info][gc             ] GC(26) Pause Full (Ergonomics) 58M->58M(101M) 41.082ms
[0.522s][info][gc,cpu         ] GC(26) User=0.03s Sys=0.00s Real=0.04s
[0.536s][info][gc,start       ] GC(27) Pause Young (Allocation Failure)
[0.550s][info][gc,heap        ] GC(27) PSYoungGen: 15854K(26624K)->12320K(27648K) Eden: 12288K(12288K)->0K(12288K) From: 3566K(14336K)->12320K(15360K)
[0.550s][info][gc,heap        ] GC(27) ParOldGen: 55847K(77312K)->59479K(77312K)
[0.550s][info][gc,metaspace   ] GC(27) Metaspace: 6302K(6464K)->6302K(6464K) NonClass: 5769K(5824K)->5769K(5824K) Class: 533K(640K)->533K(640K)
[0.550s][info][gc             ] GC(27) Pause Young (Allocation Failure) 70M->70M(102M) 14.486ms
[0.550s][info][gc,cpu         ] GC(27) User=0.00s Sys=0.00s Real=0.01s
[0.564s][info][gc,start       ] GC(28) Pause Young (Allocation Failure)
[0.582s][info][gc,heap        ] GC(28) PSYoungGen: 24608K(27648K)->16896K(26112K) Eden: 12288K(12288K)->0K(9216K) From: 12320K(15360K)->16896K(16896K)
[0.582s][info][gc,heap        ] GC(28) ParOldGen: 59479K(77312K)->67255K(77312K)
[0.582s][info][gc,metaspace   ] GC(28) Metaspace: 6302K(6464K)->6302K(6464K) NonClass: 5769K(5824K)->5769K(5824K) Class: 533K(640K)->533K(640K)
[0.582s][info][gc             ] GC(28) Pause Young (Allocation Failure) 82M->82M(101M) 17.906ms
[0.582s][info][gc,cpu         ] GC(28) User=0.00s Sys=0.03s Real=0.02s
[0.582s][info][gc,start       ] GC(29) Pause Full (Ergonomics)
[0.582s][info][gc,phases,start] GC(29) Marking Phase
[0.614s][info][gc,phases      ] GC(29) Marking Phase 31.705ms
[0.614s][info][gc,phases,start] GC(29) Summary Phase
[0.614s][info][gc,phases      ] GC(29) Summary Phase 0.019ms
[0.614s][info][gc,phases,start] GC(29) Adjust Roots
[0.614s][info][gc,phases      ] GC(29) Adjust Roots 0.157ms
[0.614s][info][gc,phases,start] GC(29) Compaction Phase
[0.635s][info][gc,phases      ] GC(29) Compaction Phase 21.541ms
[0.636s][info][gc,phases,start] GC(29) Post Compact
[0.636s][info][gc,phases      ] GC(29) Post Compact 0.312ms
[0.636s][info][gc,heap        ] GC(29) PSYoungGen: 16896K(26112K)->6643K(26112K) Eden: 0K(9216K)->0K(9216K) From: 16896K(16896K)->6643K(16896K)
[0.636s][info][gc,heap        ] GC(29) ParOldGen: 67255K(77312K)->77283K(100864K)
[0.636s][info][gc,metaspace   ] GC(29) Metaspace: 6302K(6464K)->6302K(6464K) NonClass: 5769K(5824K)->5769K(5824K) Class: 533K(640K)->533K(640K)
[0.636s][info][gc             ] GC(29) Pause Full (Ergonomics) 82M->81M(124M) 54.132ms
[0.636s][info][gc,cpu         ] GC(29) User=0.05s Sys=0.00s Real=0.05s
[0.656s][info][gc,start       ] GC(30) Pause Young (Allocation Failure)
[0.670s][info][gc,heap        ] GC(30) PSYoungGen: 15859K(26112K)->9248K(31744K) Eden: 9216K(9216K)->0K(9216K) From: 6643K(16896K)->9248K(22528K)
[0.670s][info][gc,heap        ] GC(30) ParOldGen: 77283K(100864K)->84035K(100864K)
[0.670s][info][gc,metaspace   ] GC(30) Metaspace: 6302K(6464K)->6302K(6464K) NonClass: 5769K(5824K)->5769K(5824K) Class: 533K(640K)->533K(640K)
[0.670s][info][gc             ] GC(30) Pause Young (Allocation Failure) 90M->91M(129M) 14.075ms
[0.670s][info][gc,cpu         ] GC(30) User=0.00s Sys=0.00s Real=0.01s
[0.677s][info][gc,start       ] GC(31) Pause Young (Allocation Failure)
[0.686s][info][gc,heap        ] GC(31) PSYoungGen: 18464K(31744K)->18432K(30208K) Eden: 9216K(9216K)->0K(8704K) From: 9248K(22528K)->18432K(21504K)
[0.686s][info][gc,heap        ] GC(31) ParOldGen: 84035K(100864K)->84035K(100864K)
[0.686s][info][gc,metaspace   ] GC(31) Metaspace: 6302K(6464K)->6302K(6464K) NonClass: 5769K(5824K)->5769K(5824K) Class: 533K(640K)->533K(640K)
[0.686s][info][gc             ] GC(31) Pause Young (Allocation Failure) 100M->100M(128M) 8.610ms
[0.686s][info][gc,cpu         ] GC(31) User=0.00s Sys=0.00s Real=0.01s
[0.693s][info][gc,start       ] GC(32) Pause Young (Allocation Failure)
[0.704s][info][gc,heap        ] GC(32) PSYoungGen: 27136K(30208K)->24032K(32768K) Eden: 8704K(8704K)->0K(8704K) From: 18432K(21504K)->24032K(24064K)
[0.704s][info][gc,heap        ] GC(32) ParOldGen: 84035K(100864K)->87147K(100864K)
[0.704s][info][gc,metaspace   ] GC(32) Metaspace: 6302K(6464K)->6302K(6464K) NonClass: 5769K(5824K)->5769K(5824K) Class: 533K(640K)->533K(640K)
[0.705s][info][gc             ] GC(32) Pause Young (Allocation Failure) 108M->108M(130M) 11.756ms
[0.705s][info][gc,cpu         ] GC(32) User=0.00s Sys=0.00s Real=0.01s
[0.712s][info][gc,start       ] GC(33) Pause Young (Allocation Failure)
[0.728s][info][gc,heap        ] GC(33) PSYoungGen: 32736K(32768K)->16736K(39936K) Eden: 8704K(8704K)->0K(10752K) From: 24032K(24064K)->16736K(29184K)
[0.728s][info][gc,heap        ] GC(33) ParOldGen: 87147K(100864K)->103363K(103424K)
[0.728s][info][gc,metaspace   ] GC(33) Metaspace: 6302K(6464K)->6302K(6464K) NonClass: 5769K(5824K)->5769K(5824K) Class: 533K(640K)->533K(640K)
[0.728s][info][gc             ] GC(33) Pause Young (Allocation Failure) 117M->117M(140M) 15.743ms
[0.728s][info][gc,cpu         ] GC(33) User=0.00s Sys=0.00s Real=0.02s
[0.728s][info][gc,start       ] GC(34) Pause Full (Ergonomics)
[0.728s][info][gc,phases,start] GC(34) Marking Phase
[0.759s][info][gc,phases      ] GC(34) Marking Phase 31.034ms
[0.759s][info][gc,phases,start] GC(34) Summary Phase
[0.759s][info][gc,phases      ] GC(34) Summary Phase 0.020ms
[0.759s][info][gc,phases,start] GC(34) Adjust Roots
[0.759s][info][gc,phases      ] GC(34) Adjust Roots 0.158ms
[0.759s][info][gc,phases,start] GC(34) Compaction Phase
[0.785s][info][gc,phases      ] GC(34) Compaction Phase 25.459ms
[0.785s][info][gc,phases,start] GC(34) Post Compact
[0.785s][info][gc,phases      ] GC(34) Post Compact 0.467ms
[0.786s][info][gc,heap        ] GC(34) PSYoungGen: 16736K(39936K)->14603K(39936K) Eden: 0K(10752K)->0K(10752K) From: 16736K(29184K)->14603K(29184K)
[0.786s][info][gc,heap        ] GC(34) ParOldGen: 103363K(103424K)->102999K(132096K)
[0.786s][info][gc,metaspace   ] GC(34) Metaspace: 6302K(6464K)->6302K(6464K) NonClass: 5769K(5824K)->5769K(5824K) Class: 533K(640K)->533K(640K)
[0.786s][info][gc             ] GC(34) Pause Full (Ergonomics) 117M->114M(168M) 57.541ms
[0.786s][info][gc,cpu         ] GC(34) User=0.09s Sys=0.00s Real=0.06s
[0.796s][info][gc,start       ] GC(35) Pause Young (Allocation Failure)
[0.816s][info][gc,heap        ] GC(35) PSYoungGen: 25355K(39936K)->10816K(39936K) Eden: 10752K(10752K)->0K(10752K) From: 14603K(29184K)->10816K(29184K)
[0.816s][info][gc,heap        ] GC(35) ParOldGen: 102999K(132096K)->117847K(132096K)
[0.816s][info][gc,metaspace   ] GC(35) Metaspace: 6302K(6464K)->6302K(6464K) NonClass: 5769K(5824K)->5769K(5824K) Class: 533K(640K)->533K(640K)
[0.816s][info][gc             ] GC(35) Pause Young (Allocation Failure) 125M->125M(168M) 19.763ms
[0.816s][info][gc,cpu         ] GC(35) User=0.05s Sys=0.00s Real=0.02s
[0.816s][info][gc,start       ] GC(36) Pause Full (Ergonomics)
[0.816s][info][gc,phases,start] GC(36) Marking Phase
[0.844s][info][gc,phases      ] GC(36) Marking Phase 27.644ms
[0.844s][info][gc,phases,start] GC(36) Summary Phase
[0.844s][info][gc,phases      ] GC(36) Summary Phase 0.022ms
[0.844s][info][gc,phases,start] GC(36) Adjust Roots
[0.844s][info][gc,phases      ] GC(36) Adjust Roots 0.141ms
[0.844s][info][gc,phases,start] GC(36) Compaction Phase
[0.859s][info][gc,phases      ] GC(36) Compaction Phase 14.664ms
[0.859s][info][gc,phases,start] GC(36) Post Compact
[0.859s][info][gc,phases      ] GC(36) Post Compact 0.547ms
[0.860s][info][gc,heap        ] GC(36) PSYoungGen: 10816K(39936K)->0K(40448K) Eden: 0K(10752K)->0K(12800K) From: 10816K(29184K)->0K(27648K)
[0.860s][info][gc,heap        ] GC(36) ParOldGen: 117847K(132096K)->128325K(162304K)
[0.860s][info][gc,metaspace   ] GC(36) Metaspace: 6302K(6464K)->6302K(6464K) NonClass: 5769K(5824K)->5769K(5824K) Class: 533K(640K)->533K(640K)
[0.860s][info][gc             ] GC(36) Pause Full (Ergonomics) 125M->125M(198M) 43.414ms
[0.860s][info][gc,cpu         ] GC(36) User=0.06s Sys=0.00s Real=0.04s
[0.872s][info][gc,start       ] GC(37) Pause Young (Allocation Failure)
[0.880s][info][gc,heap        ] GC(37) PSYoungGen: 12800K(40448K)->12832K(40448K) Eden: 12800K(12800K)->0K(12800K) From: 0K(27648K)->12832K(27648K)
[0.880s][info][gc,heap        ] GC(37) ParOldGen: 128325K(162304K)->128325K(162304K)
[0.880s][info][gc,metaspace   ] GC(37) Metaspace: 6302K(6464K)->6302K(6464K) NonClass: 5769K(5824K)->5769K(5824K) Class: 533K(640K)->533K(640K)
[0.880s][info][gc             ] GC(37) Pause Young (Allocation Failure) 137M->137M(198M) 7.910ms
[0.880s][info][gc,cpu         ] GC(37) User=0.00s Sys=0.00s Real=0.01s
[0.892s][info][gc,start       ] GC(38) Pause Young (Allocation Failure)
[0.907s][info][gc,heap        ] GC(38) PSYoungGen: 25632K(40448K)->25632K(37888K) Eden: 12800K(12800K)->0K(11264K) From: 12832K(27648K)->25632K(26624K)
[0.907s][info][gc,heap        ] GC(38) ParOldGen: 128325K(162304K)->128325K(162304K)
[0.907s][info][gc,metaspace   ] GC(38) Metaspace: 6302K(6464K)->6302K(6464K) NonClass: 5769K(5824K)->5769K(5824K) Class: 533K(640K)->533K(640K)
[0.907s][info][gc             ] GC(38) Pause Young (Allocation Failure) 150M->150M(195M) 15.253ms
[0.907s][info][gc,cpu         ] GC(38) User=0.02s Sys=0.00s Real=0.02s
[0.918s][info][gc,start       ] GC(39) Pause Young (Allocation Failure)
[0.935s][info][gc,heap        ] GC(39) PSYoungGen: 36896K(37888K)->30208K(41472K) Eden: 11264K(11264K)->0K(11264K) From: 25632K(26624K)->30208K(30208K)
[0.935s][info][gc,heap        ] GC(39) ParOldGen: 128325K(162304K)->135061K(162304K)
[0.935s][info][gc,metaspace   ] GC(39) Metaspace: 6302K(6464K)->6302K(6464K) NonClass: 5769K(5824K)->5769K(5824K) Class: 533K(640K)->533K(640K)
[0.935s][info][gc             ] GC(39) Pause Young (Allocation Failure) 161M->161M(199M) 17.234ms
[0.935s][info][gc,cpu         ] GC(39) User=0.03s Sys=0.00s Real=0.02s
[0.947s][info][gc,start       ] GC(40) Pause Young (Allocation Failure)
[0.967s][info][gc,heap        ] GC(40) PSYoungGen: 41472K(41472K)->21856K(50688K) Eden: 11264K(11264K)->0K(13312K) From: 30208K(30208K)->21856K(37376K)
[0.967s][info][gc,heap        ] GC(40) ParOldGen: 135061K(162304K)->155013K(162304K)
[0.967s][info][gc,metaspace   ] GC(40) Metaspace: 6302K(6464K)->6302K(6464K) NonClass: 5769K(5824K)->5769K(5824K) Class: 533K(640K)->533K(640K)
[0.967s][info][gc             ] GC(40) Pause Young (Allocation Failure) 172M->172M(208M) 20.522ms
[0.967s][info][gc,cpu         ] GC(40) User=0.03s Sys=0.02s Real=0.02s
[0.968s][info][gc,start       ] GC(41) Pause Full (Ergonomics)
[0.968s][info][gc,phases,start] GC(41) Marking Phase
[1.006s][info][gc,phases      ] GC(41) Marking Phase 38.276ms
[1.006s][info][gc,phases,start] GC(41) Summary Phase
[1.006s][info][gc,phases      ] GC(41) Summary Phase 0.022ms
[1.006s][info][gc,phases,start] GC(41) Adjust Roots
[1.006s][info][gc,phases      ] GC(41) Adjust Roots 0.151ms
[1.006s][info][gc,phases,start] GC(41) Compaction Phase
[1.030s][info][gc,phases      ] GC(41) Compaction Phase 23.992ms
[1.030s][info][gc,phases,start] GC(41) Post Compact
[1.031s][info][gc,phases      ] GC(41) Post Compact 0.815ms
[1.031s][info][gc,heap        ] GC(41) PSYoungGen: 21856K(50688K)->14086K(50688K) Eden: 0K(13312K)->0K(13312K) From: 21856K(37376K)->14086K(37376K)
[1.031s][info][gc,heap        ] GC(41) ParOldGen: 155013K(162304K)->162240K(201216K)
[1.031s][info][gc,metaspace   ] GC(41) Metaspace: 6302K(6464K)->6302K(6464K) NonClass: 5769K(5824K)->5769K(5824K) Class: 533K(640K)->533K(640K)
[1.032s][info][gc             ] GC(41) Pause Full (Ergonomics) 172M->172M(246M) 63.996ms
[1.032s][info][gc,cpu         ] GC(41) User=0.22s Sys=0.00s Real=0.06s
[1.056s][info][gc,start       ] GC(42) Pause Young (Allocation Failure)
[1.079s][info][gc,heap        ] GC(42) PSYoungGen: 27398K(50688K)->28992K(50688K) Eden: 13312K(13312K)->0K(13312K) From: 14086K(37376K)->28992K(37376K)
[1.079s][info][gc,heap        ] GC(42) ParOldGen: 162240K(201216K)->169072K(201216K)
[1.079s][info][gc,metaspace   ] GC(42) Metaspace: 6302K(6464K)->6302K(6464K) NonClass: 5769K(5824K)->5769K(5824K) Class: 533K(640K)->533K(640K)
[1.079s][info][gc             ] GC(42) Pause Young (Allocation Failure) 185M->193M(246M) 23.749ms
[1.079s][info][gc,cpu         ] GC(42) User=0.02s Sys=0.00s Real=0.02s
[1.092s][info][gc,start       ] GC(43) Pause Young (Allocation Failure)
[1.111s][info][gc,heap        ] GC(43) PSYoungGen: 42304K(50688K)->34912K(50688K) Eden: 13312K(13312K)->0K(10752K) From: 28992K(37376K)->34912K(39936K)
[1.111s][info][gc,heap        ] GC(43) ParOldGen: 169072K(201216K)->176592K(201216K)
[1.111s][info][gc,metaspace   ] GC(43) Metaspace: 6302K(6464K)->6302K(6464K) NonClass: 5769K(5824K)->5769K(5824K) Class: 533K(640K)->533K(640K)
[1.111s][info][gc             ] GC(43) Pause Young (Allocation Failure) 206M->206M(246M) 19.434ms
[1.111s][info][gc,cpu         ] GC(43) User=0.02s Sys=0.00s Real=0.02s
[1.121s][info][gc,start       ] GC(44) Pause Young (Allocation Failure)
[1.142s][info][gc,heap        ] GC(44) PSYoungGen: 45664K(50688K)->24096K(55296K) Eden: 10752K(10752K)->0K(10752K) From: 34912K(39936K)->24096K(44544K)
[1.142s][info][gc,heap        ] GC(44) ParOldGen: 176592K(201216K)->189992K(201216K)
[1.142s][info][gc,metaspace   ] GC(44) Metaspace: 6302K(6464K)->6302K(6464K) NonClass: 5769K(5824K)->5769K(5824K) Class: 533K(640K)->533K(640K)
[1.142s][info][gc             ] GC(44) Pause Young (Allocation Failure) 217M->209M(250M) 20.812ms
[1.142s][info][gc,cpu         ] GC(44) User=0.00s Sys=0.00s Real=0.02s
[1.142s][info][gc,start       ] GC(45) Pause Full (Ergonomics)
[1.142s][info][gc,phases,start] GC(45) Marking Phase
[1.189s][info][gc,phases      ] GC(45) Marking Phase 46.894ms
[1.189s][info][gc,phases,start] GC(45) Summary Phase
[1.189s][info][gc,phases      ] GC(45) Summary Phase 0.017ms
[1.189s][info][gc,phases,start] GC(45) Adjust Roots
[1.189s][info][gc,phases      ] GC(45) Adjust Roots 0.141ms
[1.189s][info][gc,phases,start] GC(45) Compaction Phase
[1.228s][info][gc,phases      ] GC(45) Compaction Phase 38.469ms
[1.228s][info][gc,phases,start] GC(45) Post Compact
[1.229s][info][gc,phases      ] GC(45) Post Compact 0.966ms
[1.229s][info][gc,heap        ] GC(45) PSYoungGen: 24096K(55296K)->8667K(55296K) Eden: 0K(10752K)->0K(10752K) From: 24096K(44544K)->8667K(44544K)
[1.229s][info][gc,heap        ] GC(45) ParOldGen: 189992K(201216K)->200860K(241152K)
[1.229s][info][gc,metaspace   ] GC(45) Metaspace: 6302K(6464K)->6302K(6464K) NonClass: 5769K(5824K)->5769K(5824K) Class: 533K(640K)->533K(640K)
[1.229s][info][gc             ] GC(45) Pause Full (Ergonomics) 209M->204M(289M) 86.957ms
[1.229s][info][gc,cpu         ] GC(45) User=0.28s Sys=0.00s Real=0.09s
[1.242s][info][gc,start       ] GC(46) Pause Young (Allocation Failure)
[1.261s][info][gc,heap        ] GC(46) PSYoungGen: 19419K(55296K)->10816K(54272K) Eden: 10752K(10752K)->0K(12288K) From: 8667K(44544K)->10816K(41984K)
[1.261s][info][gc,heap        ] GC(46) ParOldGen: 200860K(241152K)->209660K(241152K)
[1.261s][info][gc,metaspace   ] GC(46) Metaspace: 6302K(6464K)->6302K(6464K) NonClass: 5769K(5824K)->5769K(5824K) Class: 533K(640K)->533K(640K)
[1.261s][info][gc             ] GC(46) Pause Young (Allocation Failure) 215M->215M(288M) 19.344ms
[1.261s][info][gc,cpu         ] GC(46) User=0.06s Sys=0.00s Real=0.02s
[1.274s][info][gc,start       ] GC(47) Pause Young (Allocation Failure)
[1.287s][info][gc,heap        ] GC(47) PSYoungGen: 23104K(54272K)->12352K(55296K) Eden: 12288K(12288K)->0K(12288K) From: 10816K(41984K)->12352K(43008K)
[1.287s][info][gc,heap        ] GC(47) ParOldGen: 209660K(241152K)->220556K(241152K)
[1.287s][info][gc,metaspace   ] GC(47) Metaspace: 6302K(6464K)->6302K(6464K) NonClass: 5769K(5824K)->5769K(5824K) Class: 533K(640K)->533K(640K)
[1.287s][info][gc             ] GC(47) Pause Young (Allocation Failure) 227M->227M(289M) 13.153ms
[1.287s][info][gc,cpu         ] GC(47) User=0.00s Sys=0.00s Real=0.01s
[1.301s][info][gc,start       ] GC(48) Pause Young (Allocation Failure)
[1.314s][info][gc,heap        ] GC(48) PSYoungGen: 24640K(55296K)->12352K(53760K) Eden: 12288K(12288K)->0K(14336K) From: 12352K(43008K)->12352K(39424K)
[1.315s][info][gc,heap        ] GC(48) ParOldGen: 220556K(241152K)->233012K(241152K)
[1.315s][info][gc,metaspace   ] GC(48) Metaspace: 6302K(6464K)->6302K(6464K) NonClass: 5769K(5824K)->5769K(5824K) Class: 533K(640K)->533K(640K)
[1.315s][info][gc             ] GC(48) Pause Young (Allocation Failure) 239M->239M(288M) 13.531ms
[1.315s][info][gc,cpu         ] GC(48) User=0.00s Sys=0.00s Real=0.01s
[1.315s][info][gc,start       ] GC(49) Pause Full (Ergonomics)
[1.315s][info][gc,phases,start] GC(49) Marking Phase
[1.376s][info][gc,phases      ] GC(49) Marking Phase 61.799ms
[1.376s][info][gc,phases,start] GC(49) Summary Phase
[1.377s][info][gc,phases      ] GC(49) Summary Phase 0.018ms
[1.377s][info][gc,phases,start] GC(49) Adjust Roots
[1.377s][info][gc,phases      ] GC(49) Adjust Roots 0.152ms
[1.377s][info][gc,phases,start] GC(49) Compaction Phase
[1.402s][info][gc,phases      ] GC(49) Compaction Phase 25.189ms
[1.402s][info][gc,phases,start] GC(49) Post Compact
[1.403s][info][gc,phases      ] GC(49) Post Compact 1.119ms
[1.403s][info][gc,heap        ] GC(49) PSYoungGen: 12352K(53760K)->4082K(54784K) Eden: 0K(14336K)->0K(15360K) From: 12352K(39424K)->4082K(39424K)
[1.403s][info][gc,heap        ] GC(49) ParOldGen: 233012K(241152K)->240686K(283648K)
[1.403s][info][gc,metaspace   ] GC(49) Metaspace: 6302K(6464K)->6302K(6464K) NonClass: 5769K(5824K)->5769K(5824K) Class: 533K(640K)->533K(640K)
[1.403s][info][gc             ] GC(49) Pause Full (Ergonomics) 239M->239M(330M) 88.797ms
[1.403s][info][gc,cpu         ] GC(49) User=0.39s Sys=0.00s Real=0.09s
[1.420s][info][gc,start       ] GC(50) Pause Young (Allocation Failure)
[1.439s][info][gc,heap        ] GC(50) PSYoungGen: 19442K(54784K)->15456K(55808K) Eden: 15360K(15360K)->0K(15360K) From: 4082K(39424K)->15456K(40448K)
[1.439s][info][gc,heap        ] GC(50) ParOldGen: 240686K(283648K)->244838K(283648K)
[1.439s][info][gc,metaspace   ] GC(50) Metaspace: 6302K(6464K)->6302K(6464K) NonClass: 5769K(5824K)->5769K(5824K) Class: 533K(640K)->533K(640K)
[1.439s][info][gc             ] GC(50) Pause Young (Allocation Failure) 254M->254M(331M) 19.332ms
[1.439s][info][gc,cpu         ] GC(50) User=0.06s Sys=0.03s Real=0.02s
[1.456s][info][gc,start       ] GC(51) Pause Young (Allocation Failure)
[1.471s][info][gc,heap        ] GC(51) PSYoungGen: 30816K(55808K)->30816K(52736K) Eden: 15360K(15360K)->0K(14336K) From: 15456K(40448K)->30816K(38400K)
[1.471s][info][gc,heap        ] GC(51) ParOldGen: 244838K(283648K)->244838K(283648K)
[1.472s][info][gc,metaspace   ] GC(51) Metaspace: 6302K(6464K)->6302K(6464K) NonClass: 5769K(5824K)->5769K(5824K) Class: 533K(640K)->533K(640K)
[1.472s][info][gc             ] GC(51) Pause Young (Allocation Failure) 269M->269M(328M) 15.322ms
[1.472s][info][gc,cpu         ] GC(51) User=0.02s Sys=0.00s Real=0.02s
[1.488s][info][gc,start       ] GC(52) Pause Young (Allocation Failure)
[1.509s][info][gc,heap        ] GC(52) PSYoungGen: 45152K(52736K)->41472K(55808K) Eden: 14336K(14336K)->0K(14336K) From: 30816K(38400K)->41472K(41472K)
[1.509s][info][gc,heap        ] GC(52) ParOldGen: 244838K(283648K)->248510K(283648K)
[1.509s][info][gc,metaspace   ] GC(52) Metaspace: 6302K(6464K)->6302K(6464K) NonClass: 5769K(5824K)->5769K(5824K) Class: 533K(640K)->533K(640K)
[1.509s][info][gc             ] GC(52) Pause Young (Allocation Failure) 283M->283M(331M) 20.886ms
[1.509s][info][gc,cpu         ] GC(52) User=0.11s Sys=0.00s Real=0.02s
[1.524s][info][gc,start       ] GC(53) Pause Young (Allocation Failure)
[1.552s][info][gc,heap        ] GC(53) PSYoungGen: 55808K(55808K)->27712K(65024K) Eden: 14336K(14336K)->0K(16384K) From: 41472K(41472K)->27712K(48640K)
[1.552s][info][gc,heap        ] GC(53) ParOldGen: 248510K(283648K)->277110K(283648K)
[1.552s][info][gc,metaspace   ] GC(53) Metaspace: 6302K(6464K)->6302K(6464K) NonClass: 5769K(5824K)->5769K(5824K) Class: 533K(640K)->533K(640K)
[1.552s][info][gc             ] GC(53) Pause Young (Allocation Failure) 297M->297M(340M) 27.231ms
[1.552s][info][gc,cpu         ] GC(53) User=0.11s Sys=0.00s Real=0.03s
[1.552s][info][gc,start       ] GC(54) Pause Full (Ergonomics)
[1.552s][info][gc,phases,start] GC(54) Marking Phase
[1.620s][info][gc,phases      ] GC(54) Marking Phase 68.298ms
[1.620s][info][gc,phases,start] GC(54) Summary Phase
[1.620s][info][gc,phases      ] GC(54) Summary Phase 0.019ms
[1.620s][info][gc,phases,start] GC(54) Adjust Roots
[1.620s][info][gc,phases      ] GC(54) Adjust Roots 0.194ms
[1.620s][info][gc,phases,start] GC(54) Compaction Phase
[1.653s][info][gc,phases      ] GC(54) Compaction Phase 32.853ms
[1.653s][info][gc,phases,start] GC(54) Post Compact
[1.655s][info][gc,phases      ] GC(54) Post Compact 1.392ms
[1.655s][info][gc,heap        ] GC(54) PSYoungGen: 27712K(65024K)->20885K(65024K) Eden: 0K(16384K)->0K(16384K) From: 27712K(48640K)->20885K(48640K)
[1.655s][info][gc,heap        ] GC(54) ParOldGen: 277110K(283648K)->283155K(334336K)
[1.655s][info][gc,metaspace   ] GC(54) Metaspace: 6302K(6464K)->6302K(6464K) NonClass: 5769K(5824K)->5769K(5824K) Class: 533K(640K)->533K(640K)
[1.655s][info][gc             ] GC(54) Pause Full (Ergonomics) 297M->296M(390M) 103.276ms
[1.655s][info][gc,cpu         ] GC(54) User=0.66s Sys=0.02s Real=0.10s
[1.676s][info][gc,start       ] GC(55) Pause Young (Allocation Failure)
[1.704s][info][gc,heap        ] GC(55) PSYoungGen: 37269K(65024K)->27904K(65024K) Eden: 16384K(16384K)->0K(16384K) From: 20885K(48640K)->27904K(48640K)
[1.704s][info][gc,heap        ] GC(55) ParOldGen: 283155K(334336K)->292827K(334336K)
[1.704s][info][gc,metaspace   ] GC(55) Metaspace: 6302K(6464K)->6302K(6464K) NonClass: 5769K(5824K)->5769K(5824K) Class: 533K(640K)->533K(640K)
[1.704s][info][gc             ] GC(55) Pause Young (Allocation Failure) 312M->313M(390M) 27.752ms
[1.704s][info][gc,cpu         ] GC(55) User=0.12s Sys=0.00s Real=0.03s
[1.723s][info][gc,start       ] GC(56) Pause Young (Allocation Failure)
[1.745s][info][gc,heap        ] GC(56) PSYoungGen: 44288K(65024K)->32928K(65536K) Eden: 16384K(16384K)->0K(17408K) From: 27904K(48640K)->32928K(48128K)
[1.745s][info][gc,heap        ] GC(56) ParOldGen: 292827K(334336K)->304379K(334336K)
[1.745s][info][gc,metaspace   ] GC(56) Metaspace: 6302K(6464K)->6302K(6464K) NonClass: 5769K(5824K)->5769K(5824K) Class: 533K(640K)->533K(640K)
[1.745s][info][gc             ] GC(56) Pause Young (Allocation Failure) 329M->329M(390M) 21.867ms
[1.745s][info][gc,cpu         ] GC(56) User=0.12s Sys=0.00s Real=0.02s
[1.825s][info][gc,start       ] GC(57) Pause Full (Ergonomics)
[1.825s][info][gc,phases,start] GC(57) Marking Phase
[1.909s][info][gc,phases      ] GC(57) Marking Phase 83.693ms
[1.909s][info][gc,phases,start] GC(57) Summary Phase
[1.909s][info][gc,phases      ] GC(57) Summary Phase 0.019ms
[1.909s][info][gc,phases,start] GC(57) Adjust Roots
[1.909s][info][gc,phases      ] GC(57) Adjust Roots 0.151ms
[1.909s][info][gc,phases,start] GC(57) Compaction Phase
[1.974s][info][gc,phases      ] GC(57) Compaction Phase 64.140ms
[1.974s][info][gc,phases,start] GC(57) Post Compact
[1.975s][info][gc,phases      ] GC(57) Post Compact 1.838ms
[1.976s][info][gc,heap        ] GC(57) PSYoungGen: 50336K(65536K)->28108K(65536K) Eden: 17408K(17408K)->0K(17408K) From: 32928K(48128K)->28108K(48128K)
[1.976s][info][gc,heap        ] GC(57) ParOldGen: 320763K(334336K)->334212K(386560K)
[1.976s][info][gc,metaspace   ] GC(57) Metaspace: 6302K(6464K)->6302K(6464K) NonClass: 5769K(5824K)->5769K(5824K) Class: 533K(640K)->533K(640K)
[1.976s][info][gc             ] GC(57) Pause Full (Ergonomics) 362M->353M(441M) 150.431ms
[1.976s][info][gc,cpu         ] GC(57) User=0.92s Sys=0.02s Real=0.15s
[1.995s][info][gc,start       ] GC(58) Pause Young (Allocation Failure)
[2.028s][info][gc,heap        ] GC(58) PSYoungGen: 45516K(65536K)->31776K(66560K) Eden: 17408K(17408K)->0K(17408K) From: 28108K(48128K)->31776K(49152K)
[2.028s][info][gc,heap        ] GC(58) ParOldGen: 334212K(386560K)->348380K(386560K)
[2.028s][info][gc,metaspace   ] GC(58) Metaspace: 6302K(6464K)->6302K(6464K) NonClass: 5769K(5824K)->5769K(5824K) Class: 533K(640K)->533K(640K)
[2.028s][info][gc             ] GC(58) Pause Young (Allocation Failure) 370M->371M(442M) 33.355ms
[2.028s][info][gc,cpu         ] GC(58) User=0.22s Sys=0.00s Real=0.03s
[2.046s][info][gc,start       ] GC(59) Pause Young (Allocation Failure)
[2.069s][info][gc,heap        ] GC(59) PSYoungGen: 49184K(66560K)->49152K(62464K) Eden: 17408K(17408K)->0K(12800K) From: 31776K(49152K)->49152K(49664K)
[2.069s][info][gc,heap        ] GC(59) ParOldGen: 348380K(386560K)->348380K(386560K)
[2.069s][info][gc,metaspace   ] GC(59) Metaspace: 6302K(6464K)->6302K(6464K) NonClass: 5769K(5824K)->5769K(5824K) Class: 533K(640K)->533K(640K)
[2.070s][info][gc             ] GC(59) Pause Young (Allocation Failure) 388M->388M(438M) 23.735ms
[2.070s][info][gc,cpu         ] GC(59) User=0.08s Sys=0.06s Real=0.02s
[2.083s][info][gc,start       ] GC(60) Pause Young (Allocation Failure)
[2.111s][info][gc,heap        ] GC(60) PSYoungGen: 61952K(62464K)->47712K(69120K) Eden: 12800K(12800K)->0K(12800K) From: 49152K(49664K)->47712K(56320K)
[2.111s][info][gc,heap        ] GC(60) ParOldGen: 348380K(386560K)->362772K(386560K)
[2.111s][info][gc,metaspace   ] GC(60) Metaspace: 6302K(6464K)->6302K(6464K) NonClass: 5769K(5824K)->5769K(5824K) Class: 533K(640K)->533K(640K)
[2.111s][info][gc             ] GC(60) Pause Young (Allocation Failure) 400M->400M(445M) 28.062ms
[2.111s][info][gc,cpu         ] GC(60) User=0.12s Sys=0.00s Real=0.03s
[2.125s][info][gc,start       ] GC(61) Pause Young (Allocation Failure)
[2.152s][info][gc,heap        ] GC(61) PSYoungGen: 60512K(69120K)->43104K(73728K) Eden: 12800K(12800K)->0K(12800K) From: 47712K(56320K)->43104K(60928K)
[2.152s][info][gc,heap        ] GC(61) ParOldGen: 362772K(386560K)->380412K(386560K)
[2.152s][info][gc,metaspace   ] GC(61) Metaspace: 6302K(6464K)->6302K(6464K) NonClass: 5769K(5824K)->5769K(5824K) Class: 533K(640K)->533K(640K)
[2.152s][info][gc             ] GC(61) Pause Young (Allocation Failure) 413M->413M(449M) 27.565ms
[2.152s][info][gc,cpu         ] GC(61) User=0.14s Sys=0.00s Real=0.03s
[2.152s][info][gc,start       ] GC(62) Pause Full (Ergonomics)
[2.152s][info][gc,phases,start] GC(62) Marking Phase
[2.241s][info][gc,phases      ] GC(62) Marking Phase 88.418ms
[2.241s][info][gc,phases,start] GC(62) Summary Phase
[2.241s][info][gc,phases      ] GC(62) Summary Phase 0.020ms
[2.241s][info][gc,phases,start] GC(62) Adjust Roots
[2.241s][info][gc,phases      ] GC(62) Adjust Roots 0.152ms
[2.241s][info][gc,phases,start] GC(62) Compaction Phase
[2.292s][info][gc,phases      ] GC(62) Compaction Phase 51.008ms
[2.292s][info][gc,phases,start] GC(62) Post Compact
[2.294s][info][gc,phases      ] GC(62) Post Compact 1.974ms
[2.294s][info][gc,heap        ] GC(62) PSYoungGen: 43104K(73728K)->36265K(73728K) Eden: 0K(12800K)->0K(12800K) From: 43104K(60928K)->36265K(60928K)
[2.294s][info][gc,heap        ] GC(62) ParOldGen: 380412K(386560K)->386342K(443392K)
[2.294s][info][gc,metaspace   ] GC(62) Metaspace: 6302K(6464K)->6302K(6464K) NonClass: 5769K(5824K)->5769K(5824K) Class: 533K(640K)->533K(640K)
[2.294s][info][gc             ] GC(62) Pause Full (Ergonomics) 413M->412M(505M) 142.104ms
[2.294s][info][gc,cpu         ] GC(62) User=0.89s Sys=0.00s Real=0.14s
[2.311s][info][gc,start       ] GC(63) Pause Young (Allocation Failure)
[2.348s][info][gc,heap        ] GC(63) PSYoungGen: 49065K(73728K)->24352K(37376K) Eden: 12800K(12800K)->0K(12800K) From: 36265K(60928K)->24352K(24576K)
[2.348s][info][gc,heap        ] GC(63) ParOldGen: 386342K(443392K)->411550K(443392K)
[2.348s][info][gc,metaspace   ] GC(63) Metaspace: 6302K(6464K)->6302K(6464K) NonClass: 5769K(5824K)->5769K(5824K) Class: 533K(640K)->533K(640K)
[2.348s][info][gc             ] GC(63) Pause Young (Allocation Failure) 425M->425M(469M) 37.140ms
[2.348s][info][gc,cpu         ] GC(63) User=0.23s Sys=0.02s Real=0.04s
[2.361s][info][gc,start       ] GC(64) Pause Young (Allocation Failure)
[2.379s][info][gc,heap        ] GC(64) PSYoungGen: 37152K(37376K)->25696K(71168K) Eden: 12800K(12800K)->0K(14848K) From: 24352K(24576K)->25696K(56320K)
[2.380s][info][gc,heap        ] GC(64) ParOldGen: 411550K(443392K)->423150K(443392K)
[2.380s][info][gc,metaspace   ] GC(64) Metaspace: 6302K(6464K)->6302K(6464K) NonClass: 5769K(5824K)->5769K(5824K) Class: 533K(640K)->533K(640K)
[2.380s][info][gc             ] GC(64) Pause Young (Allocation Failure) 438M->438M(502M) 18.858ms
[2.380s][info][gc,cpu         ] GC(64) User=0.12s Sys=0.02s Real=0.02s
[2.380s][info][gc,start       ] GC(65) Pause Full (Ergonomics)
[2.380s][info][gc,phases,start] GC(65) Marking Phase
[2.476s][info][gc,phases      ] GC(65) Marking Phase 96.410ms
[2.476s][info][gc,phases,start] GC(65) Summary Phase
[2.476s][info][gc,phases      ] GC(65) Summary Phase 0.019ms
[2.476s][info][gc,phases,start] GC(65) Adjust Roots
[2.476s][info][gc,phases      ] GC(65) Adjust Roots 0.146ms
[2.476s][info][gc,phases,start] GC(65) Compaction Phase
[2.520s][info][gc,phases      ] GC(65) Compaction Phase 43.653ms
[2.520s][info][gc,phases,start] GC(65) Post Compact
[2.522s][info][gc,phases      ] GC(65) Post Compact 2.167ms
[2.523s][info][gc,heap        ] GC(65) PSYoungGen: 25696K(71168K)->5104K(73216K) Eden: 0K(14848K)->0K(16896K) From: 25696K(56320K)->5104K(56320K)
[2.523s][info][gc,heap        ] GC(65) ParOldGen: 423150K(443392K)->443043K(506368K)
[2.523s][info][gc,metaspace   ] GC(65) Metaspace: 6302K(6464K)->6302K(6464K) NonClass: 5769K(5824K)->5769K(5824K) Class: 533K(640K)->533K(640K)
[2.523s][info][gc             ] GC(65) Pause Full (Ergonomics) 438M->437M(566M) 142.998ms
[2.523s][info][gc,cpu         ] GC(65) User=1.00s Sys=0.00s Real=0.14s
[2.542s][info][gc,start       ] GC(66) Pause Young (Allocation Failure)
[2.571s][info][gc,heap        ] GC(66) PSYoungGen: 22000K(73216K)->19904K(75264K) Eden: 16896K(16896K)->0K(16896K) From: 5104K(56320K)->19904K(58368K)
[2.571s][info][gc,heap        ] GC(66) ParOldGen: 443043K(506368K)->445331K(506368K)
[2.571s][info][gc,metaspace   ] GC(66) Metaspace: 6302K(6464K)->6302K(6464K) NonClass: 5769K(5824K)->5769K(5824K) Class: 533K(640K)->533K(640K)
[2.571s][info][gc             ] GC(66) Pause Young (Allocation Failure) 454M->454M(568M) 29.038ms
[2.571s][info][gc,cpu         ] GC(66) User=0.14s Sys=0.00s Real=0.03s
[2.589s][info][gc,start       ] GC(67) Pause Young (Allocation Failure)
[2.608s][info][gc,heap        ] GC(67) PSYoungGen: 36800K(75264K)->36832K(76288K) Eden: 16896K(16896K)->0K(18944K) From: 19904K(58368K)->36832K(57344K)
[2.608s][info][gc,heap        ] GC(67) ParOldGen: 445331K(506368K)->445331K(506368K)
[2.608s][info][gc,metaspace   ] GC(67) Metaspace: 6302K(6464K)->6302K(6464K) NonClass: 5769K(5824K)->5769K(5824K) Class: 533K(640K)->533K(640K)
[2.608s][info][gc             ] GC(67) Pause Young (Allocation Failure) 470M->470M(569M) 18.687ms
[2.608s][info][gc,cpu         ] GC(67) User=0.12s Sys=0.00s Real=0.02s
[2.631s][info][gc,start       ] GC(68) Pause Young (Allocation Failure)
[2.657s][info][gc,heap        ] GC(68) PSYoungGen: 55776K(76288K)->55744K(76288K) Eden: 18944K(18944K)->0K(18944K) From: 36832K(57344K)->55744K(57344K)
[2.657s][info][gc,heap        ] GC(68) ParOldGen: 445331K(506368K)->445331K(506368K)
[2.657s][info][gc,metaspace   ] GC(68) Metaspace: 6302K(6464K)->6302K(6464K) NonClass: 5769K(5824K)->5769K(5824K) Class: 533K(640K)->533K(640K)
[2.657s][info][gc             ] GC(68) Pause Young (Allocation Failure) 489M->489M(569M) 26.469ms
[2.657s][info][gc,cpu         ] GC(68) User=0.12s Sys=0.00s Real=0.03s
[2.679s][info][gc,start       ] GC(69) Pause Young (Allocation Failure)
[2.716s][info][gc,heap        ] GC(69) PSYoungGen: 74688K(76288K)->64512K(72704K) Eden: 18944K(18944K)->0K(8192K) From: 55744K(57344K)->64512K(64512K)
[2.716s][info][gc,heap        ] GC(69) ParOldGen: 445331K(506368K)->455539K(506368K)
[2.716s][info][gc,metaspace   ] GC(69) Metaspace: 6302K(6464K)->6302K(6464K) NonClass: 5769K(5824K)->5769K(5824K) Class: 533K(640K)->533K(640K)
[2.716s][info][gc             ] GC(69) Pause Young (Allocation Failure) 507M->507M(565M) 36.564ms
[2.716s][info][gc,cpu         ] GC(69) User=0.23s Sys=0.02s Real=0.04s
[2.724s][info][gc,start       ] GC(70) Pause Young (Allocation Failure)
[2.758s][info][gc,heap        ] GC(70) PSYoungGen: 72704K(72704K)->42016K(50688K) Eden: 8192K(8192K)->0K(8192K) From: 64512K(64512K)->42016K(42496K)
[2.758s][info][gc,heap        ] GC(70) ParOldGen: 455539K(506368K)->486699K(506368K)
[2.758s][info][gc,metaspace   ] GC(70) Metaspace: 6302K(6464K)->6302K(6464K) NonClass: 5769K(5824K)->5769K(5824K) Class: 533K(640K)->533K(640K)
[2.758s][info][gc             ] GC(70) Pause Young (Allocation Failure) 515M->516M(544M) 33.751ms
[2.758s][info][gc,cpu         ] GC(70) User=0.23s Sys=0.02s Real=0.03s
[2.758s][info][gc,start       ] GC(71) Pause Full (Ergonomics)
[2.758s][info][gc,phases,start] GC(71) Marking Phase
[2.873s][info][gc,phases      ] GC(71) Marking Phase 114.784ms
[2.873s][info][gc,phases,start] GC(71) Summary Phase
[2.873s][info][gc,phases      ] GC(71) Summary Phase 0.020ms
[2.873s][info][gc,phases,start] GC(71) Adjust Roots
[2.873s][info][gc,phases      ] GC(71) Adjust Roots 0.152ms
[2.873s][info][gc,phases,start] GC(71) Compaction Phase
[2.930s][info][gc,phases      ] GC(71) Compaction Phase 56.473ms
[2.930s][info][gc,phases,start] GC(71) Post Compact
[2.932s][info][gc,phases      ] GC(71) Post Compact 2.671ms
[2.933s][info][gc,heap        ] GC(71) PSYoungGen: 42016K(50688K)->21893K(50688K) Eden: 0K(8192K)->0K(8192K) From: 42016K(42496K)->21893K(42496K)
[2.933s][info][gc,heap        ] GC(71) ParOldGen: 486699K(506368K)->505964K(576512K)
[2.933s][info][gc,metaspace   ] GC(71) Metaspace: 6302K(6464K)->6302K(6464K) NonClass: 5769K(5824K)->5769K(5824K) Class: 533K(640K)->533K(640K)
[2.933s][info][gc             ] GC(71) Pause Full (Ergonomics) 516M->515M(612M) 174.776ms
[2.933s][info][gc,cpu         ] GC(71) User=1.09s Sys=0.02s Real=0.18s
[2.943s][info][gc,start       ] GC(72) Pause Young (Allocation Failure)
[2.979s][info][gc,heap        ] GC(72) PSYoungGen: 30085K(50688K)->13120K(83968K) Eden: 8192K(8192K)->0K(9216K) From: 21893K(42496K)->13120K(74752K)
[2.979s][info][gc,heap        ] GC(72) ParOldGen: 505964K(576512K)->523268K(576512K)
[2.979s][info][gc,metaspace   ] GC(72) Metaspace: 6302K(6464K)->6302K(6464K) NonClass: 5769K(5824K)->5769K(5824K) Class: 533K(640K)->533K(640K)
[2.979s][info][gc             ] GC(72) Pause Young (Allocation Failure) 523M->523M(645M) 35.755ms
[2.979s][info][gc,cpu         ] GC(72) User=0.14s Sys=0.00s Real=0.04s
[2.989s][info][gc,start       ] GC(73) Pause Young (Allocation Failure)
[3.001s][info][gc,heap        ] GC(73) PSYoungGen: 22336K(83968K)->17504K(84480K) Eden: 9216K(9216K)->0K(9216K) From: 13120K(74752K)->17504K(75264K)
[3.001s][info][gc,heap        ] GC(73) ParOldGen: 523268K(576512K)->528204K(576512K)
[3.001s][info][gc,metaspace   ] GC(73) Metaspace: 6302K(6464K)->6302K(6464K) NonClass: 5769K(5824K)->5769K(5824K) Class: 533K(640K)->533K(640K)
[3.001s][info][gc             ] GC(73) Pause Young (Allocation Failure) 532M->532M(645M) 12.747ms
[3.001s][info][gc,cpu         ] GC(73) User=0.00s Sys=0.00s Real=0.01s
[3.012s][info][gc,start       ] GC(74) Pause Young (Allocation Failure)
[3.026s][info][gc,heap        ] GC(74) PSYoungGen: 26720K(84480K)->18560K(81920K) Eden: 9216K(9216K)->0K(10752K) From: 17504K(75264K)->18560K(71168K)
[3.026s][info][gc,heap        ] GC(74) ParOldGen: 528204K(576512K)->536508K(576512K)
[3.026s][info][gc,metaspace   ] GC(74) Metaspace: 6302K(6464K)->6302K(6464K) NonClass: 5769K(5824K)->5769K(5824K) Class: 533K(640K)->533K(640K)
[3.026s][info][gc             ] GC(74) Pause Young (Allocation Failure) 541M->542M(643M) 14.641ms
[3.026s][info][gc,cpu         ] GC(74) User=0.02s Sys=0.00s Real=0.01s
[3.038s][info][gc,start       ] GC(75) Pause Young (Allocation Failure)
[3.055s][info][gc,heap        ] GC(75) PSYoungGen: 29312K(81920K)->20096K(31232K) Eden: 10752K(10752K)->0K(10752K) From: 18560K(71168K)->20096K(20480K)
[3.055s][info][gc,heap        ] GC(75) ParOldGen: 536508K(576512K)->545868K(576512K)
[3.055s][info][gc,metaspace   ] GC(75) Metaspace: 6302K(6464K)->6302K(6464K) NonClass: 5769K(5824K)->5769K(5824K) Class: 533K(640K)->533K(640K)
[3.055s][info][gc             ] GC(75) Pause Young (Allocation Failure) 552M->552M(593M) 16.533ms
[3.055s][info][gc,cpu         ] GC(75) User=0.03s Sys=0.00s Real=0.02s
[3.067s][info][gc,start       ] GC(76) Pause Young (Allocation Failure)
[3.084s][info][gc,heap        ] GC(76) PSYoungGen: 30848K(31232K)->10912K(81408K) Eden: 10752K(10752K)->0K(12288K) From: 20096K(20480K)->10912K(69120K)
[3.084s][info][gc,heap        ] GC(76) ParOldGen: 545868K(576512K)->566076K(576512K)
[3.084s][info][gc,metaspace   ] GC(76) Metaspace: 6302K(6464K)->6302K(6464K) NonClass: 5769K(5824K)->5769K(5824K) Class: 533K(640K)->533K(640K)
[3.084s][info][gc             ] GC(76) Pause Young (Allocation Failure) 563M->563M(642M) 17.117ms
[3.084s][info][gc,cpu         ] GC(76) User=0.03s Sys=0.00s Real=0.02s
[3.084s][info][gc,start       ] GC(77) Pause Full (Ergonomics)
[3.084s][info][gc,phases,start] GC(77) Marking Phase
[3.211s][info][gc,phases      ] GC(77) Marking Phase 127.195ms
[3.211s][info][gc,phases,start] GC(77) Summary Phase
[3.211s][info][gc,phases      ] GC(77) Summary Phase 0.024ms
[3.211s][info][gc,phases,start] GC(77) Adjust Roots
[3.211s][info][gc,phases      ] GC(77) Adjust Roots 0.154ms
[3.211s][info][gc,phases,start] GC(77) Compaction Phase
[3.266s][info][gc,phases      ] GC(77) Compaction Phase 54.192ms
[3.266s][info][gc,phases,start] GC(77) Post Compact
[3.267s][info][gc,phases      ] GC(77) Post Compact 0.937ms
[3.267s][info][gc,heap        ] GC(77) PSYoungGen: 10912K(81408K)->0K(81920K) Eden: 0K(12288K)->0K(12288K) From: 10912K(69120K)->0K(69632K)
[3.267s][info][gc,heap        ] GC(77) ParOldGen: 566076K(576512K)->575831K(648704K)
[3.267s][info][gc,metaspace   ] GC(77) Metaspace: 6302K(6464K)->6302K(6464K) NonClass: 5769K(5824K)->5769K(5824K) Class: 533K(640K)->533K(640K)
[3.267s][info][gc             ] GC(77) Pause Full (Ergonomics) 563M->562M(713M) 183.103ms
[3.267s][info][gc,cpu         ] GC(77) User=1.12s Sys=0.03s Real=0.18s
[3.283s][info][gc,start       ] GC(78) Pause Young (Allocation Failure)
[3.292s][info][gc,heap        ] GC(78) PSYoungGen: 12288K(81920K)->12416K(80384K) Eden: 12288K(12288K)->0K(13824K) From: 0K(69632K)->12416K(66560K)
[3.292s][info][gc,heap        ] GC(78) ParOldGen: 575831K(648704K)->575831K(648704K)
[3.292s][info][gc,metaspace   ] GC(78) Metaspace: 6302K(6464K)->6302K(6464K) NonClass: 5769K(5824K)->5769K(5824K) Class: 533K(640K)->533K(640K)
[3.292s][info][gc             ] GC(78) Pause Young (Allocation Failure) 574M->574M(712M) 9.239ms
[3.292s][info][gc,cpu         ] GC(78) User=0.02s Sys=0.00s Real=0.01s
[3.307s][info][gc,start       ] GC(79) Pause Young (Allocation Failure)
[3.322s][info][gc,heap        ] GC(79) PSYoungGen: 26240K(80384K)->26240K(40448K) Eden: 13824K(13824K)->0K(13824K) From: 12416K(66560K)->26240K(26624K)
[3.323s][info][gc,heap        ] GC(79) ParOldGen: 575831K(648704K)->575831K(648704K)
[3.323s][info][gc,metaspace   ] GC(79) Metaspace: 6302K(6464K)->6302K(6464K) NonClass: 5769K(5824K)->5769K(5824K) Class: 533K(640K)->533K(640K)
[3.323s][info][gc             ] GC(79) Pause Young (Allocation Failure) 587M->587M(673M) 15.463ms
[3.323s][info][gc,cpu         ] GC(79) User=0.02s Sys=0.00s Real=0.02s
[3.338s][info][gc,start       ] GC(80) Pause Young (Allocation Failure)
[3.359s][info][gc,heap        ] GC(80) PSYoungGen: 40064K(40448K)->40096K(77824K) Eden: 13824K(13824K)->0K(13824K) From: 26240K(26624K)->40096K(64000K)
[3.359s][info][gc,heap        ] GC(80) ParOldGen: 575831K(648704K)->575831K(648704K)
[3.359s][info][gc,metaspace   ] GC(80) Metaspace: 6302K(6464K)->6302K(6464K) NonClass: 5769K(5824K)->5769K(5824K) Class: 533K(640K)->533K(640K)
[3.359s][info][gc             ] GC(80) Pause Young (Allocation Failure) 601M->601M(709M) 20.386ms
[3.359s][info][gc,cpu         ] GC(80) User=0.12s Sys=0.00s Real=0.02s
[3.376s][info][gc,start       ] GC(81) Pause Young (Allocation Failure)
[3.402s][info][gc,heap        ] GC(81) PSYoungGen: 53920K(77824K)->41600K(79360K) Eden: 13824K(13824K)->0K(13824K) From: 40096K(64000K)->41600K(65536K)
[3.402s][info][gc,heap        ] GC(81) ParOldGen: 575831K(648704K)->588295K(648704K)
[3.402s][info][gc,metaspace   ] GC(81) Metaspace: 6302K(6464K)->6302K(6464K) NonClass: 5769K(5824K)->5769K(5824K) Class: 533K(640K)->533K(640K)
[3.402s][info][gc             ] GC(81) Pause Young (Allocation Failure) 614M->615M(711M) 26.774ms
[3.402s][info][gc,cpu         ] GC(81) User=0.14s Sys=0.00s Real=0.03s
[3.418s][info][gc,start       ] GC(82) Pause Young (Allocation Failure)
[3.446s][info][gc,heap        ] GC(82) PSYoungGen: 55424K(79360K)->41600K(81408K) Eden: 13824K(13824K)->0K(14848K) From: 41600K(65536K)->41600K(66560K)
[3.446s][info][gc,heap        ] GC(82) ParOldGen: 588295K(648704K)->602311K(648704K)
[3.446s][info][gc,metaspace   ] GC(82) Metaspace: 6302K(6464K)->6302K(6464K) NonClass: 5769K(5824K)->5769K(5824K) Class: 533K(640K)->533K(640K)
[3.446s][info][gc             ] GC(82) Pause Young (Allocation Failure) 628M->628M(713M) 27.394ms
[3.446s][info][gc,cpu         ] GC(82) User=0.14s Sys=0.00s Real=0.03s
[3.463s][info][gc,start       ] GC(83) Pause Young (Allocation Failure)
[3.491s][info][gc,heap        ] GC(83) PSYoungGen: 56448K(81408K)->42656K(82432K) Eden: 14848K(14848K)->0K(14848K) From: 41600K(66560K)->42656K(67584K)
[3.491s][info][gc,heap        ] GC(83) ParOldGen: 602311K(648704K)->616327K(648704K)
[3.491s][info][gc,metaspace   ] GC(83) Metaspace: 6302K(6464K)->6302K(6464K) NonClass: 5769K(5824K)->5769K(5824K) Class: 533K(640K)->533K(640K)
[3.491s][info][gc             ] GC(83) Pause Young (Allocation Failure) 643M->643M(714M) 28.068ms
[3.491s][info][gc,cpu         ] GC(83) User=0.11s Sys=0.00s Real=0.03s
[3.508s][info][gc,start       ] GC(84) Pause Young (Allocation Failure)
[3.537s][info][gc,heap        ] GC(84) PSYoungGen: 57504K(82432K)->29824K(78848K) Eden: 14848K(14848K)->0K(16896K) From: 42656K(67584K)->29824K(61952K)
[3.537s][info][gc,heap        ] GC(84) ParOldGen: 616327K(648704K)->644343K(648704K)
[3.537s][info][gc,metaspace   ] GC(84) Metaspace: 6302K(6464K)->6302K(6464K) NonClass: 5769K(5824K)->5769K(5824K) Class: 533K(640K)->533K(640K)
[3.537s][info][gc             ] GC(84) Pause Young (Allocation Failure) 658M->658M(710M) 28.862ms
[3.537s][info][gc,cpu         ] GC(84) User=0.11s Sys=0.02s Real=0.03s
[3.537s][info][gc,start       ] GC(85) Pause Full (Ergonomics)
[3.537s][info][gc,phases,start] GC(85) Marking Phase
[3.686s][info][gc,phases      ] GC(85) Marking Phase 148.176ms
[3.686s][info][gc,phases,start] GC(85) Summary Phase
[3.686s][info][gc,phases      ] GC(85) Summary Phase 0.022ms
[3.686s][info][gc,phases,start] GC(85) Adjust Roots
[3.686s][info][gc,phases      ] GC(85) Adjust Roots 0.154ms
[3.686s][info][gc,phases,start] GC(85) Compaction Phase
[3.746s][info][gc,phases      ] GC(85) Compaction Phase 60.519ms
[3.746s][info][gc,phases,start] GC(85) Post Compact
[3.747s][info][gc,phases      ] GC(85) Post Compact 1.040ms
[3.748s][info][gc,heap        ] GC(85) PSYoungGen: 29824K(78848K)->24517K(80896K) Eden: 0K(16896K)->0K(18944K) From: 29824K(61952K)->24517K(61952K)
[3.748s][info][gc,heap        ] GC(85) ParOldGen: 644343K(648704K)->648364K(728064K)
[3.748s][info][gc,metaspace   ] GC(85) Metaspace: 6302K(6464K)->6302K(6464K) NonClass: 5769K(5824K)->5769K(5824K) Class: 533K(640K)->533K(640K)
[3.748s][info][gc             ] GC(85) Pause Full (Ergonomics) 658M->657M(790M) 210.548ms
[3.748s][info][gc,cpu         ] GC(85) User=1.52s Sys=0.00s Real=0.21s
[3.773s][info][gc,start       ] GC(86) Pause Young (Allocation Failure)
[3.820s][info][gc,heap        ] GC(86) PSYoungGen: 43461K(80896K)->19072K(83968K) Eden: 18944K(18944K)->0K(18944K) From: 24517K(61952K)->19072K(65024K)
[3.820s][info][gc,heap        ] GC(86) ParOldGen: 648364K(728064K)->673260K(728064K)
[3.820s][info][gc,metaspace   ] GC(86) Metaspace: 6302K(6464K)->6302K(6464K) NonClass: 5769K(5824K)->5769K(5824K) Class: 533K(640K)->533K(640K)
[3.820s][info][gc             ] GC(86) Pause Young (Allocation Failure) 675M->676M(793M) 46.422ms
[3.820s][info][gc,cpu         ] GC(86) User=0.23s Sys=0.02s Real=0.05s
[3.971s][info][gc,start       ] GC(87) Pause Full (Ergonomics)
[3.971s][info][gc,phases,start] GC(87) Marking Phase
[4.131s][info][gc,phases      ] GC(87) Marking Phase 159.593ms
[4.131s][info][gc,phases,start] GC(87) Summary Phase
[4.131s][info][gc,phases      ] GC(87) Summary Phase 0.029ms
[4.131s][info][gc,phases,start] GC(87) Adjust Roots
[4.131s][info][gc,phases      ] GC(87) Adjust Roots 0.163ms
[4.131s][info][gc,phases,start] GC(87) Compaction Phase
[4.251s][info][gc,phases      ] GC(87) Compaction Phase 119.672ms
[4.251s][info][gc,phases,start] GC(87) Post Compact
[4.252s][info][gc,phases      ] GC(87) Post Compact 1.546ms
[4.253s][info][gc,heap        ] GC(87) PSYoungGen: 38016K(83968K)->0K(84992K) Eden: 18944K(18944K)->0K(20992K) From: 19072K(65024K)->0K(64000K)
[4.253s][info][gc,heap        ] GC(87) ParOldGen: 706028K(728064K)->727095K(814592K)
[4.253s][info][gc,metaspace   ] GC(87) Metaspace: 6302K(6464K)->6302K(6464K) NonClass: 5769K(5824K)->5769K(5824K) Class: 533K(640K)->533K(640K)
[4.253s][info][gc             ] GC(87) Pause Full (Ergonomics) 726M->710M(878M) 281.642ms
[4.253s][info][gc,cpu         ] GC(87) User=1.92s Sys=0.00s Real=0.28s
[4.277s][info][gc,start       ] GC(88) Pause Young (Allocation Failure)
[4.293s][info][gc,heap        ] GC(88) PSYoungGen: 20992K(84992K)->21152K(84992K) Eden: 20992K(20992K)->0K(20992K) From: 0K(64000K)->21152K(64000K)
[4.293s][info][gc,heap        ] GC(88) ParOldGen: 727095K(814592K)->727095K(814592K)
[4.293s][info][gc,metaspace   ] GC(88) Metaspace: 6302K(6464K)->6302K(6464K) NonClass: 5769K(5824K)->5769K(5824K) Class: 533K(640K)->533K(640K)
[4.293s][info][gc             ] GC(88) Pause Young (Allocation Failure) 730M->730M(878M) 15.749ms
[4.293s][info][gc,cpu         ] GC(88) User=0.02s Sys=0.00s Real=0.02s
[4.315s][info][gc,start       ] GC(89) Pause Young (Allocation Failure)
[4.339s][info][gc,heap        ] GC(89) PSYoungGen: 42144K(84992K)->42144K(83456K) Eden: 20992K(20992K)->0K(21504K) From: 21152K(64000K)->42144K(61952K)
[4.339s][info][gc,heap        ] GC(89) ParOldGen: 727095K(814592K)->727095K(814592K)
[4.339s][info][gc,metaspace   ] GC(89) Metaspace: 6302K(6464K)->6302K(6464K) NonClass: 5769K(5824K)->5769K(5824K) Class: 533K(640K)->533K(640K)
[4.339s][info][gc             ] GC(89) Pause Young (Allocation Failure) 751M->751M(877M) 23.870ms
[4.339s][info][gc,cpu         ] GC(89) User=0.05s Sys=0.00s Real=0.02s
[4.361s][info][gc,start       ] GC(90) Pause Young (Allocation Failure)
[4.391s][info][gc,heap        ] GC(90) PSYoungGen: 63648K(83456K)->63488K(84992K) Eden: 21504K(21504K)->0K(21504K) From: 42144K(61952K)->63488K(63488K)
[4.391s][info][gc,heap        ] GC(90) ParOldGen: 727095K(814592K)->727199K(814592K)
[4.391s][info][gc,metaspace   ] GC(90) Metaspace: 6302K(6464K)->6302K(6464K) NonClass: 5769K(5824K)->5769K(5824K) Class: 533K(640K)->533K(640K)
[4.391s][info][gc             ] GC(90) Pause Young (Allocation Failure) 772M->772M(878M) 29.909ms
[4.391s][info][gc,cpu         ] GC(90) User=0.14s Sys=0.00s Real=0.03s
[4.414s][info][gc,start       ] GC(91) Pause Young (Allocation Failure)
[4.453s][info][gc,heap        ] GC(91) PSYoungGen: 84992K(84992K)->43136K(95744K) Eden: 21504K(21504K)->0K(24064K) From: 63488K(63488K)->43136K(71680K)
[4.453s][info][gc,heap        ] GC(91) ParOldGen: 727199K(814592K)->769663K(814592K)
[4.453s][info][gc,metaspace   ] GC(91) Metaspace: 6302K(6464K)->6302K(6464K) NonClass: 5769K(5824K)->5769K(5824K) Class: 533K(640K)->533K(640K)
[4.453s][info][gc             ] GC(91) Pause Young (Allocation Failure) 793M->793M(889M) 39.780ms
[4.453s][info][gc,cpu         ] GC(91) User=0.22s Sys=0.03s Real=0.04s
[4.478s][info][gc,start       ] GC(92) Pause Young (Allocation Failure)
[4.510s][info][gc,heap        ] GC(92) PSYoungGen: 67200K(95744K)->45696K(96256K) Eden: 24064K(24064K)->0K(24064K) From: 43136K(71680K)->45696K(72192K)
[4.510s][info][gc,heap        ] GC(92) ParOldGen: 769663K(814592K)->791415K(814592K)
[4.510s][info][gc,metaspace   ] GC(92) Metaspace: 6302K(6464K)->6302K(6464K) NonClass: 5769K(5824K)->5769K(5824K) Class: 533K(640K)->533K(640K)
[4.510s][info][gc             ] GC(92) Pause Young (Allocation Failure) 817M->817M(889M) 32.081ms
[4.510s][info][gc,cpu         ] GC(92) User=0.14s Sys=0.00s Real=0.03s
[4.510s][info][gc,start       ] GC(93) Pause Full (Ergonomics)
[4.510s][info][gc,phases,start] GC(93) Marking Phase
[4.697s][info][gc,phases      ] GC(93) Marking Phase 186.405ms
[4.697s][info][gc,phases,start] GC(93) Summary Phase
[4.697s][info][gc,phases      ] GC(93) Summary Phase 0.023ms
[4.697s][info][gc,phases,start] GC(93) Adjust Roots
[4.697s][info][gc,phases      ] GC(93) Adjust Roots 0.148ms
[4.697s][info][gc,phases,start] GC(93) Compaction Phase
[4.782s][info][gc,phases      ] GC(93) Compaction Phase 85.189ms
[4.782s][info][gc,phases,start] GC(93) Post Compact
[4.784s][info][gc,phases      ] GC(93) Post Compact 1.631ms
[4.784s][info][gc,heap        ] GC(93) PSYoungGen: 45696K(96256K)->21490K(96256K) Eden: 0K(24064K)->0K(24064K) From: 45696K(72192K)->21490K(72192K)
[4.784s][info][gc,heap        ] GC(93) ParOldGen: 791415K(814592K)->814505K(915456K)
[4.784s][info][gc,metaspace   ] GC(93) Metaspace: 6302K(6464K)->6302K(6464K) NonClass: 5769K(5824K)->5769K(5824K) Class: 533K(640K)->533K(640K)
[4.784s][info][gc             ] GC(93) Pause Full (Ergonomics) 817M->816M(988M) 274.092ms
[4.784s][info][gc,cpu         ] GC(93) User=1.86s Sys=0.03s Real=0.27s
[4.812s][info][gc,start       ] GC(94) Pause Young (Allocation Failure)
[4.865s][info][gc,heap        ] GC(94) PSYoungGen: 45554K(96256K)->35648K(91136K) Eden: 24064K(24064K)->0K(26624K) From: 21490K(72192K)->35648K(64512K)
[4.865s][info][gc,heap        ] GC(94) ParOldGen: 814505K(915456K)->824745K(915456K)
[4.865s][info][gc,metaspace   ] GC(94) Metaspace: 6302K(6464K)->6302K(6464K) NonClass: 5769K(5824K)->5769K(5824K) Class: 533K(640K)->533K(640K)
[4.865s][info][gc             ] GC(94) Pause Young (Allocation Failure) 839M->840M(983M) 53.039ms
[4.865s][info][gc,cpu         ] GC(94) User=0.38s Sys=0.00s Real=0.05s
[4.894s][info][gc,start       ] GC(95) Pause Young (Allocation Failure)
[4.925s][info][gc,heap        ] GC(95) PSYoungGen: 62272K(91136K)->62304K(95232K) Eden: 26624K(26624K)->0K(26624K) From: 35648K(64512K)->62304K(68608K)
[4.925s][info][gc,heap        ] GC(95) ParOldGen: 824745K(915456K)->824745K(915456K)
[4.925s][info][gc,metaspace   ] GC(95) Metaspace: 6302K(6464K)->6302K(6464K) NonClass: 5769K(5824K)->5769K(5824K) Class: 533K(640K)->533K(640K)
[4.925s][info][gc             ] GC(95) Pause Young (Allocation Failure) 866M->866M(987M) 31.271ms
[4.925s][info][gc,cpu         ] GC(95) User=0.14s Sys=0.00s Real=0.03s
[4.953s][info][gc,start       ] GC(96) Pause Young (Allocation Failure)
[4.996s][info][gc,heap        ] GC(96) PSYoungGen: 88928K(95232K)->75264K(90112K) Eden: 26624K(26624K)->0K(14848K) From: 62304K(68608K)->75264K(75264K)
[4.996s][info][gc,heap        ] GC(96) ParOldGen: 824745K(915456K)->838465K(915456K)
[4.996s][info][gc,metaspace   ] GC(96) Metaspace: 6302K(6464K)->6302K(6464K) NonClass: 5769K(5824K)->5769K(5824K) Class: 533K(640K)->533K(640K)
[4.997s][info][gc             ] GC(96) Pause Young (Allocation Failure) 892M->892M(982M) 43.489ms
[4.997s][info][gc,cpu         ] GC(96) User=0.27s Sys=0.00s Real=0.04s
[5.013s][info][gc,start       ] GC(97) Pause Young (Allocation Failure)
[5.055s][info][gc,heap        ] GC(97) PSYoungGen: 90112K(90112K)->60224K(104960K) Eden: 14848K(14848K)->0K(14848K) From: 75264K(75264K)->60224K(90112K)
[5.055s][info][gc,heap        ] GC(97) ParOldGen: 838465K(915456K)->868841K(915456K)
[5.055s][info][gc,metaspace   ] GC(97) Metaspace: 6302K(6464K)->6302K(6464K) NonClass: 5769K(5824K)->5769K(5824K) Class: 533K(640K)->533K(640K)
[5.056s][info][gc             ] GC(97) Pause Young (Allocation Failure) 906M->907M(996M) 42.695ms
[5.056s][info][gc,cpu         ] GC(97) User=0.27s Sys=0.00s Real=0.04s
[5.073s][info][gc,start       ] GC(98) Pause Young (Allocation Failure)
[5.109s][info][gc,heap        ] GC(98) PSYoungGen: 75072K(104960K)->52704K(105472K) Eden: 14848K(14848K)->0K(16896K) From: 60224K(90112K)->52704K(88576K)
[5.109s][info][gc,heap        ] GC(98) ParOldGen: 868841K(915456K)->891489K(915456K)
[5.109s][info][gc,metaspace   ] GC(98) Metaspace: 6302K(6464K)->6302K(6464K) NonClass: 5769K(5824K)->5769K(5824K) Class: 533K(640K)->533K(640K)
[5.109s][info][gc             ] GC(98) Pause Young (Allocation Failure) 921M->922M(997M) 36.210ms
[5.109s][info][gc,cpu         ] GC(98) User=0.23s Sys=0.02s Real=0.04s
[5.109s][info][gc,start       ] GC(99) Pause Full (Ergonomics)
[5.109s][info][gc,phases,start] GC(99) Marking Phase
[5.326s][info][gc,phases      ] GC(99) Marking Phase 217.132ms
[5.326s][info][gc,phases,start] GC(99) Summary Phase
[5.326s][info][gc,phases      ] GC(99) Summary Phase 0.029ms
[5.326s][info][gc,phases,start] GC(99) Adjust Roots
[5.326s][info][gc,phases      ] GC(99) Adjust Roots 0.155ms
[5.326s][info][gc,phases,start] GC(99) Compaction Phase
[5.421s][info][gc,phases      ] GC(99) Compaction Phase 94.876ms
[5.421s][info][gc,phases,start] GC(99) Post Compact
[5.423s][info][gc,phases      ] GC(99) Post Compact 1.728ms
[5.424s][info][gc,heap        ] GC(99) PSYoungGen: 52704K(105472K)->27427K(107008K) Eden: 0K(16896K)->0K(18432K) From: 52704K(88576K)->27427K(88576K)
[5.424s][info][gc,heap        ] GC(99) ParOldGen: 891489K(915456K)->915426K(1021952K)
[5.424s][info][gc,metaspace   ] GC(99) Metaspace: 6302K(6464K)->6302K(6464K) NonClass: 5769K(5824K)->5769K(5824K) Class: 533K(640K)->533K(640K)
[5.424s][info][gc             ] GC(99) Pause Full (Ergonomics) 922M->920M(1102M) 314.617ms
[5.424s][info][gc,cpu         ] GC(99) User=2.22s Sys=0.02s Real=0.31s
[5.446s][info][gc,start       ] GC(100) Pause Young (Allocation Failure)
[5.504s][info][gc,heap        ] GC(100) PSYoungGen: 45859K(107008K)->26912K(108544K) Eden: 18432K(18432K)->0K(18432K) From: 27427K(88576K)->26912K(90112K)
[5.504s][info][gc,heap        ] GC(100) ParOldGen: 915426K(1021952K)->934818K(1021952K)
[5.504s][info][gc,metaspace   ] GC(100) Metaspace: 6302K(6464K)->6302K(6464K) NonClass: 5769K(5824K)->5769K(5824K) Class: 533K(640K)->533K(640K)
[5.504s][info][gc             ] GC(100) Pause Young (Allocation Failure) 938M->939M(1104M) 58.086ms
[5.504s][info][gc,cpu         ] GC(100) User=0.38s Sys=0.02s Real=0.06s
[5.524s][info][gc,start       ] GC(101) Pause Young (Allocation Failure)
[5.548s][info][gc,heap        ] GC(101) PSYoungGen: 45344K(108544K)->37056K(102912K) Eden: 18432K(18432K)->0K(20480K) From: 26912K(90112K)->37056K(82432K)
[5.548s][info][gc,heap        ] GC(101) ParOldGen: 934818K(1021952K)->943234K(1021952K)
[5.548s][info][gc,metaspace   ] GC(101) Metaspace: 6302K(6464K)->6302K(6464K) NonClass: 5769K(5824K)->5769K(5824K) Class: 533K(640K)->533K(640K)
[5.548s][info][gc             ] GC(101) Pause Young (Allocation Failure) 957M->957M(1098M) 24.388ms
[5.548s][info][gc,cpu         ] GC(101) User=0.12s Sys=0.00s Real=0.02s
[5.571s][info][gc,start       ] GC(102) Pause Young (Allocation Failure)
[5.600s][info][gc,heap        ] GC(102) PSYoungGen: 57536K(102912K)->39072K(59904K) Eden: 20480K(20480K)->0K(20480K) From: 37056K(82432K)->39072K(39424K)
[5.600s][info][gc,heap        ] GC(102) ParOldGen: 943234K(1021952K)->961914K(1021952K)
[5.600s][info][gc,metaspace   ] GC(102) Metaspace: 6302K(6464K)->6302K(6464K) NonClass: 5769K(5824K)->5769K(5824K) Class: 533K(640K)->533K(640K)
[5.600s][info][gc             ] GC(102) Pause Young (Allocation Failure) 977M->977M(1056M) 29.326ms
[5.600s][info][gc,cpu         ] GC(102) User=0.14s Sys=0.00s Real=0.03s
[5.623s][info][gc,start       ] GC(103) Pause Young (Allocation Failure)
[5.653s][info][gc,heap        ] GC(103) PSYoungGen: 59552K(59904K)->41120K(97792K) Eden: 20480K(20480K)->0K(23040K) From: 39072K(39424K)->41120K(74752K)
[5.653s][info][gc,heap        ] GC(103) ParOldGen: 961914K(1021952K)->980586K(1021952K)
[5.653s][info][gc,metaspace   ] GC(103) Metaspace: 6302K(6464K)->6302K(6464K) NonClass: 5769K(5824K)->5769K(5824K) Class: 533K(640K)->533K(640K)
[5.653s][info][gc             ] GC(103) Pause Young (Allocation Failure) 997M->997M(1093M) 30.012ms
[5.653s][info][gc,cpu         ] GC(103) User=0.14s Sys=0.00s Real=0.03s
[5.678s][info][gc,start       ] GC(104) Pause Young (Allocation Failure)
[5.710s][info][gc,heap        ] GC(104) PSYoungGen: 64160K(97792K)->43680K(67072K) Eden: 23040K(23040K)->0K(23040K) From: 41120K(74752K)->43680K(44032K)
[5.711s][info][gc,heap        ] GC(104) ParOldGen: 980586K(1021952K)->1001346K(1021952K)
[5.711s][info][gc,metaspace   ] GC(104) Metaspace: 6302K(6464K)->6302K(6464K) NonClass: 5769K(5824K)->5769K(5824K) Class: 533K(640K)->533K(640K)
[5.711s][info][gc             ] GC(104) Pause Young (Allocation Failure) 1020M->1020M(1063M) 32.508ms
[5.711s][info][gc,cpu         ] GC(104) User=0.14s Sys=0.02s Real=0.03s
[5.711s][info][gc,start       ] GC(105) Pause Full (Ergonomics)
[5.711s][info][gc,phases,start] GC(105) Marking Phase
[5.932s][info][gc,phases      ] GC(105) Marking Phase 220.959ms
[5.932s][info][gc,phases,start] GC(105) Summary Phase
[5.932s][info][gc,phases      ] GC(105) Summary Phase 0.023ms
[5.932s][info][gc,phases,start] GC(105) Adjust Roots
[5.932s][info][gc,phases      ] GC(105) Adjust Roots 0.148ms
[5.932s][info][gc,phases,start] GC(105) Compaction Phase
[6.046s][info][gc,phases      ] GC(105) Compaction Phase 114.341ms
[6.046s][info][gc,phases,start] GC(105) Post Compact
[6.048s][info][gc,phases      ] GC(105) Post Compact 1.954ms
[6.049s][info][gc,heap        ] GC(105) PSYoungGen: 43680K(67072K)->21994K(67072K) Eden: 0K(23040K)->0K(23040K) From: 43680K(44032K)->21994K(44032K)
[6.049s][info][gc,heap        ] GC(105) ParOldGen: 1001346K(1021952K)->1021558K(1131008K)
[6.049s][info][gc,metaspace   ] GC(105) Metaspace: 6302K(6464K)->6302K(6464K) NonClass: 5769K(5824K)->5769K(5824K) Class: 533K(640K)->533K(640K)
[6.049s][info][gc             ] GC(105) Pause Full (Ergonomics) 1020M->1019M(1170M) 338.247ms
[6.049s][info][gc,cpu         ] GC(105) User=2.28s Sys=0.02s Real=0.34s
[6.074s][info][gc,start       ] GC(106) Pause Young (Allocation Failure)
[6.139s][info][gc,heap        ] GC(106) PSYoungGen: 45034K(67072K)->34720K(97792K) Eden: 23040K(23040K)->0K(25600K) From: 21994K(44032K)->34720K(72192K)
[6.139s][info][gc,heap        ] GC(106) ParOldGen: 1021558K(1131008K)->1032166K(1131008K)
[6.139s][info][gc,metaspace   ] GC(106) Metaspace: 6302K(6464K)->6302K(6464K) NonClass: 5769K(5824K)->5769K(5824K) Class: 533K(640K)->533K(640K)
[6.139s][info][gc             ] GC(106) Pause Young (Allocation Failure) 1041M->1041M(1200M) 64.380ms
[6.139s][info][gc,cpu         ] GC(106) User=0.38s Sys=0.02s Real=0.06s
[6.168s][info][gc,start       ] GC(107) Pause Young (Allocation Failure)
[6.200s][info][gc,heap        ] GC(107) PSYoungGen: 60320K(97792K)->60320K(99328K) Eden: 25600K(25600K)->0K(25600K) From: 34720K(72192K)->60320K(73728K)
[6.200s][info][gc,heap        ] GC(107) ParOldGen: 1032166K(1131008K)->1032166K(1131008K)
[6.200s][info][gc,metaspace   ] GC(107) Metaspace: 6302K(6464K)->6302K(6464K) NonClass: 5769K(5824K)->5769K(5824K) Class: 533K(640K)->533K(640K)
[6.200s][info][gc             ] GC(107) Pause Young (Allocation Failure) 1066M->1066M(1201M) 32.634ms
[6.200s][info][gc,cpu         ] GC(107) User=0.16s Sys=0.00s Real=0.03s
[6.229s][info][gc,start       ] GC(108) Pause Young (Allocation Failure)
[6.273s][info][gc,heap        ] GC(108) PSYoungGen: 85920K(99328K)->77312K(93184K) Eden: 25600K(25600K)->0K(15872K) From: 60320K(73728K)->77312K(77312K)
[6.273s][info][gc,heap        ] GC(108) ParOldGen: 1032166K(1131008K)->1040846K(1131008K)
[6.273s][info][gc,metaspace   ] GC(108) Metaspace: 6302K(6464K)->6302K(6464K) NonClass: 5769K(5824K)->5769K(5824K) Class: 533K(640K)->533K(640K)
[6.273s][info][gc             ] GC(108) Pause Young (Allocation Failure) 1091M->1091M(1195M) 43.490ms
[6.273s][info][gc,cpu         ] GC(108) User=0.25s Sys=0.00s Real=0.04s
[6.290s][info][gc,start       ] GC(109) Pause Young (Allocation Failure)
[6.336s][info][gc,heap        ] GC(109) PSYoungGen: 93184K(93184K)->63680K(105472K) Eden: 15872K(15872K)->0K(15872K) From: 77312K(77312K)->63680K(89600K)
[6.336s][info][gc,heap        ] GC(109) ParOldGen: 1040846K(1131008K)->1070830K(1131008K)
[6.336s][info][gc,metaspace   ] GC(109) Metaspace: 6302K(6464K)->6302K(6464K) NonClass: 5769K(5824K)->5769K(5824K) Class: 533K(640K)->533K(640K)
[6.336s][info][gc             ] GC(109) Pause Young (Allocation Failure) 1107M->1107M(1207M) 46.052ms
[6.336s][info][gc,cpu         ] GC(109) User=0.27s Sys=0.00s Real=0.05s
[6.353s][info][gc,start       ] GC(110) Pause Young (Allocation Failure)
[6.392s][info][gc,heap        ] GC(110) PSYoungGen: 79552K(105472K)->56896K(107008K) Eden: 15872K(15872K)->0K(18432K) From: 63680K(89600K)->56896K(88576K)
[6.392s][info][gc,heap        ] GC(110) ParOldGen: 1070830K(1131008K)->1093790K(1131008K)
[6.392s][info][gc,metaspace   ] GC(110) Metaspace: 6302K(6464K)->6302K(6464K) NonClass: 5769K(5824K)->5769K(5824K) Class: 533K(640K)->533K(640K)
[6.392s][info][gc             ] GC(110) Pause Young (Allocation Failure) 1123M->1123M(1209M) 38.643ms
[6.392s][info][gc,cpu         ] GC(110) User=0.25s Sys=0.00s Real=0.04s
[6.392s][info][gc,start       ] GC(111) Pause Full (Ergonomics)
[6.392s][info][gc,phases,start] GC(111) Marking Phase
[6.651s][info][gc,phases      ] GC(111) Marking Phase 259.664ms
[6.651s][info][gc,phases,start] GC(111) Summary Phase
[6.651s][info][gc,phases      ] GC(111) Summary Phase 0.033ms
[6.652s][info][gc,phases,start] GC(111) Adjust Roots
[6.652s][info][gc,phases      ] GC(111) Adjust Roots 0.151ms
[6.652s][info][gc,phases,start] GC(111) Compaction Phase
[6.758s][info][gc,phases      ] GC(111) Compaction Phase 106.685ms
[6.758s][info][gc,phases,start] GC(111) Post Compact
[6.761s][info][gc,phases      ] GC(111) Post Compact 2.098ms
[6.761s][info][gc,heap        ] GC(111) PSYoungGen: 56896K(107008K)->18843K(108032K) Eden: 0K(18432K)->0K(19456K) From: 56896K(88576K)->18843K(88576K)
[6.761s][info][gc,heap        ] GC(111) ParOldGen: 1093790K(1131008K)->1130534K(1248768K)
[6.761s][info][gc,metaspace   ] GC(111) Metaspace: 6302K(6464K)->6302K(6464K) NonClass: 5769K(5824K)->5769K(5824K) Class: 533K(640K)->533K(640K)
[6.761s][info][gc             ] GC(111) Pause Full (Ergonomics) 1123M->1122M(1325M) 369.381ms
[6.761s][info][gc,cpu         ] GC(111) User=2.78s Sys=0.02s Real=0.37s
[6.786s][info][gc,start       ] GC(112) Pause Young (Allocation Failure)
[6.852s][info][gc,heap        ] GC(112) PSYoungGen: 38299K(108032K)->26688K(109056K) Eden: 19456K(19456K)->0K(19456K) From: 18843K(88576K)->26688K(89600K)
[6.852s][info][gc,heap        ] GC(112) ParOldGen: 1130534K(1248768K)->1142494K(1248768K)
[6.852s][info][gc,metaspace   ] GC(112) Metaspace: 6302K(6464K)->6302K(6464K) NonClass: 5769K(5824K)->5769K(5824K) Class: 533K(640K)->533K(640K)
[6.852s][info][gc             ] GC(112) Pause Young (Allocation Failure) 1141M->1141M(1326M) 65.789ms
[6.852s][info][gc,cpu         ] GC(112) User=0.39s Sys=0.00s Real=0.07s
[6.876s][info][gc,start       ] GC(113) Pause Young (Allocation Failure)
[6.901s][info][gc,heap        ] GC(113) PSYoungGen: 46144K(109056K)->39104K(105984K) Eden: 19456K(19456K)->0K(21504K) From: 26688K(89600K)->39104K(84480K)
[6.901s][info][gc,heap        ] GC(113) ParOldGen: 1142494K(1248768K)->1149670K(1248768K)
[6.901s][info][gc,metaspace   ] GC(113) Metaspace: 6302K(6464K)->6302K(6464K) NonClass: 5769K(5824K)->5769K(5824K) Class: 533K(640K)->533K(640K)
[6.901s][info][gc             ] GC(113) Pause Young (Allocation Failure) 1160M->1160M(1323M) 25.898ms
[6.901s][info][gc,cpu         ] GC(113) User=0.12s Sys=0.02s Real=0.03s
[6.927s][info][gc,start       ] GC(114) Pause Young (Allocation Failure)
[6.959s][info][gc,heap        ] GC(114) PSYoungGen: 60608K(105984K)->41120K(62976K) Eden: 21504K(21504K)->0K(21504K) From: 39104K(84480K)->41120K(41472K)
[6.959s][info][gc,heap        ] GC(114) ParOldGen: 1149670K(1248768K)->1169398K(1248768K)
[6.959s][info][gc,metaspace   ] GC(114) Metaspace: 6302K(6464K)->6302K(6464K) NonClass: 5769K(5824K)->5769K(5824K) Class: 533K(640K)->533K(640K)
[6.959s][info][gc             ] GC(114) Pause Young (Allocation Failure) 1181M->1182M(1281M) 32.268ms
[6.959s][info][gc,cpu         ] GC(114) User=0.14s Sys=0.00s Real=0.03s
[6.986s][info][gc,start       ] GC(115) Pause Young (Allocation Failure)
[7.020s][info][gc,heap        ] GC(115) PSYoungGen: 62624K(62976K)->43168K(101888K) Eden: 21504K(21504K)->0K(24064K) From: 41120K(41472K)->43168K(77824K)
[7.020s][info][gc,heap        ] GC(115) ParOldGen: 1169398K(1248768K)->1189118K(1248768K)
[7.020s][info][gc,metaspace   ] GC(115) Metaspace: 6302K(6464K)->6302K(6464K) NonClass: 5769K(5824K)->5769K(5824K) Class: 533K(640K)->533K(640K)
[7.020s][info][gc             ] GC(115) Pause Young (Allocation Failure) 1203M->1203M(1319M) 33.910ms
[7.020s][info][gc,cpu         ] GC(115) User=0.17s Sys=0.00s Real=0.04s
[7.048s][info][gc,start       ] GC(116) Pause Young (Allocation Failure)
[7.084s][info][gc,heap        ] GC(116) PSYoungGen: 67232K(101888K)->45728K(104960K) Eden: 24064K(24064K)->0K(24064K) From: 43168K(77824K)->45728K(80896K)
[7.084s][info][gc,heap        ] GC(116) ParOldGen: 1189118K(1248768K)->1210934K(1248768K)
[7.084s][info][gc,metaspace   ] GC(116) Metaspace: 6302K(6464K)->6302K(6464K) NonClass: 5769K(5824K)->5769K(5824K) Class: 533K(640K)->533K(640K)
[7.084s][info][gc             ] GC(116) Pause Young (Allocation Failure) 1226M->1227M(1322M) 35.384ms
[7.084s][info][gc,cpu         ] GC(116) User=0.16s Sys=0.00s Real=0.03s
[7.112s][info][gc,start       ] GC(117) Pause Young (Allocation Failure)
[7.149s][info][gc,heap        ] GC(117) PSYoungGen: 69792K(104960K)->48288K(99840K) Eden: 24064K(24064K)->0K(27136K) From: 45728K(80896K)->48288K(72704K)
[7.149s][info][gc,heap        ] GC(117) ParOldGen: 1210934K(1248768K)->1232734K(1248768K)
[7.149s][info][gc,metaspace   ] GC(117) Metaspace: 6302K(6464K)->6302K(6464K) NonClass: 5769K(5824K)->5769K(5824K) Class: 533K(640K)->533K(640K)
[7.149s][info][gc             ] GC(117) Pause Young (Allocation Failure) 1250M->1250M(1317M) 37.174ms
[7.149s][info][gc,cpu         ] GC(117) User=0.23s Sys=0.02s Real=0.04s
[7.149s][info][gc,start       ] GC(118) Pause Full (Ergonomics)
[7.149s][info][gc,phases,start] GC(118) Marking Phase
[7.426s][info][gc,phases      ] GC(118) Marking Phase 276.722ms
[7.426s][info][gc,phases,start] GC(118) Summary Phase
[7.426s][info][gc,phases      ] GC(118) Summary Phase 0.029ms
[7.426s][info][gc,phases,start] GC(118) Adjust Roots
[7.426s][info][gc,phases      ] GC(118) Adjust Roots 0.173ms
[7.426s][info][gc,phases,start] GC(118) Compaction Phase
[7.537s][info][gc,phases      ] GC(118) Compaction Phase 111.242ms
[7.538s][info][gc,phases,start] GC(118) Post Compact
[7.540s][info][gc,phases      ] GC(118) Post Compact 2.082ms
[7.540s][info][gc,heap        ] GC(118) PSYoungGen: 48288K(99840K)->30693K(102400K) Eden: 0K(27136K)->0K(29696K) From: 48288K(72704K)->30693K(72704K)
[7.540s][info][gc,heap        ] GC(118) ParOldGen: 1232734K(1248768K)->1248552K(1373184K)
[7.540s][info][gc,metaspace   ] GC(118) Metaspace: 6302K(6464K)->6302K(6464K) NonClass: 5769K(5824K)->5769K(5824K) Class: 533K(640K)->533K(640K)
[7.540s][info][gc             ] GC(118) Pause Full (Ergonomics) 1250M->1249M(1441M) 391.025ms
[7.540s][info][gc,cpu         ] GC(118) User=2.86s Sys=0.00s Real=0.39s
[7.579s][info][gc,start       ] GC(119) Pause Young (Allocation Failure)
[7.658s][info][gc,heap        ] GC(119) PSYoungGen: 60389K(102400K)->41600K(104960K) Eden: 29696K(29696K)->0K(29696K) From: 30693K(72704K)->41600K(75264K)
[7.658s][info][gc,heap        ] GC(119) ParOldGen: 1248552K(1373184K)->1263984K(1373184K)
[7.658s][info][gc,metaspace   ] GC(119) Metaspace: 6302K(6464K)->6302K(6464K) NonClass: 5769K(5824K)->5769K(5824K) Class: 533K(640K)->533K(640K)
[7.658s][info][gc             ] GC(119) Pause Young (Allocation Failure) 1278M->1274M(1443M) 78.282ms
[7.658s][info][gc,cpu         ] GC(119) User=0.52s Sys=0.00s Real=0.08s
[7.682s][info][gc,start       ] GC(120) Pause Young (Allocation Failure)
[7.714s][info][gc,heap        ] GC(120) PSYoungGen: 71296K(104960K)->57056K(104448K) Eden: 29696K(29696K)->0K(31232K) From: 41600K(75264K)->57056K(73216K)
[7.715s][info][gc,heap        ] GC(120) ParOldGen: 1263984K(1373184K)->1263984K(1373184K)
[7.715s][info][gc,metaspace   ] GC(120) Metaspace: 6302K(6464K)->6302K(6464K) NonClass: 5769K(5824K)->5769K(5824K) Class: 533K(640K)->533K(640K)
[7.715s][info][gc             ] GC(120) Pause Young (Allocation Failure) 1303M->1290M(1443M) 32.990ms
[7.715s][info][gc,cpu         ] GC(120) User=0.16s Sys=0.00s Real=0.03s
[7.755s][info][gc,start       ] GC(121) Pause Young (Allocation Failure)
[7.804s][info][gc,heap        ] GC(121) PSYoungGen: 88288K(104448K)->72480K(105984K) Eden: 31232K(31232K)->0K(31232K) From: 57056K(73216K)->72480K(74752K)
[7.804s][info][gc,heap        ] GC(121) ParOldGen: 1263984K(1373184K)->1279704K(1373184K)
[7.804s][info][gc,metaspace   ] GC(121) Metaspace: 6302K(6464K)->6302K(6464K) NonClass: 5769K(5824K)->5769K(5824K) Class: 533K(640K)->533K(640K)
[7.804s][info][gc             ] GC(121) Pause Young (Allocation Failure) 1320M->1320M(1444M) 48.246ms
[7.804s][info][gc,cpu         ] GC(121) User=0.27s Sys=0.00s Real=0.05s
[7.843s][info][gc,start       ] GC(122) Pause Young (Allocation Failure)
[7.900s][info][gc,heap        ] GC(122) PSYoungGen: 103712K(105984K)->77792K(109056K) Eden: 31232K(31232K)->0K(27648K) From: 72480K(74752K)->77792K(81408K)
[7.900s][info][gc,heap        ] GC(122) ParOldGen: 1279704K(1373184K)->1306024K(1373184K)
[7.900s][info][gc,metaspace   ] GC(122) Metaspace: 6302K(6464K)->6302K(6464K) NonClass: 5769K(5824K)->5769K(5824K) Class: 533K(640K)->533K(640K)
[7.900s][info][gc             ] GC(122) Pause Young (Allocation Failure) 1350M->1351M(1447M) 57.407ms
[7.900s][info][gc,cpu         ] GC(122) User=0.39s Sys=0.00s Real=0.06s
[8.179s][info][gc,start       ] GC(123) Pause Full (Ergonomics)
[8.179s][info][gc,phases,start] GC(123) Marking Phase
[8.503s][info][gc,phases      ] GC(123) Marking Phase 323.890ms
[8.503s][info][gc,phases,start] GC(123) Summary Phase
[8.503s][info][gc,phases      ] GC(123) Summary Phase 0.030ms
[8.503s][info][gc,phases,start] GC(123) Adjust Roots
[8.503s][info][gc,phases      ] GC(123) Adjust Roots 0.230ms
[8.503s][info][gc,phases,start] GC(123) Compaction Phase
[8.843s][info][gc,phases      ] GC(123) Compaction Phase 340.411ms
[8.844s][info][gc,phases,start] GC(123) Post Compact
[8.847s][info][gc,phases      ] GC(123) Post Compact 3.049ms
[8.847s][info][gc,heap        ] GC(123) PSYoungGen: 105440K(109056K)->70342K(109056K) Eden: 27648K(27648K)->0K(27648K) From: 77792K(81408K)->70342K(81408K)
[8.847s][info][gc,heap        ] GC(123) ParOldGen: 1371560K(1373184K)->1372710K(1504256K)
[8.847s][info][gc,metaspace   ] GC(123) Metaspace: 6302K(6464K)->6302K(6464K) NonClass: 5769K(5824K)->5769K(5824K) Class: 533K(640K)->533K(640K)
[8.847s][info][gc             ] GC(123) Pause Full (Ergonomics) 1442M->1409M(1575M) 668.542ms
[8.847s][info][gc,cpu         ] GC(123) User=4.72s Sys=0.02s Real=0.67s
[8.877s][info][gc,start       ] GC(124) Pause Young (Allocation Failure)
[8.973s][info][gc,heap        ] GC(124) PSYoungGen: 97990K(109056K)->84864K(116224K) Eden: 27648K(27648K)->0K(27648K) From: 70342K(81408K)->84864K(88576K)
[8.973s][info][gc,heap        ] GC(124) ParOldGen: 1372710K(1504256K)->1386326K(1504256K)
[8.973s][info][gc,metaspace   ] GC(124) Metaspace: 6302K(6464K)->6302K(6464K) NonClass: 5769K(5824K)->5769K(5824K) Class: 533K(640K)->533K(640K)
[8.973s][info][gc             ] GC(124) Pause Young (Allocation Failure) 1436M->1436M(1582M) 96.104ms
[8.973s][info][gc,cpu         ] GC(124) User=0.72s Sys=0.00s Real=0.10s
[8.998s][info][gc,start       ] GC(125) Pause Young (Allocation Failure)
[9.051s][info][gc,heap        ] GC(125) PSYoungGen: 112512K(116224K)->97280K(110592K) Eden: 27648K(27648K)->0K(13312K) From: 84864K(88576K)->97280K(97280K)
[9.051s][info][gc,heap        ] GC(125) ParOldGen: 1386326K(1504256K)->1401662K(1504256K)
[9.052s][info][gc,metaspace   ] GC(125) Metaspace: 6302K(6464K)->6302K(6464K) NonClass: 5769K(5824K)->5769K(5824K) Class: 533K(640K)->533K(640K)
[9.052s][info][gc             ] GC(125) Pause Young (Allocation Failure) 1463M->1463M(1577M) 53.452ms
[9.052s][info][gc,cpu         ] GC(125) User=0.36s Sys=0.03s Real=0.05s
[9.063s][info][gc,start       ] GC(126) Pause Young (Allocation Failure)
[9.115s][info][gc,heap        ] GC(126) PSYoungGen: 110592K(110592K)->61888K(75264K) Eden: 13312K(13312K)->0K(13312K) From: 97280K(97280K)->61888K(61952K)
[9.115s][info][gc,heap        ] GC(126) ParOldGen: 1401662K(1504256K)->1451102K(1504256K)
[9.115s][info][gc,metaspace   ] GC(126) Metaspace: 6302K(6464K)->6302K(6464K) NonClass: 5769K(5824K)->5769K(5824K) Class: 533K(640K)->533K(640K)
[9.115s][info][gc             ] GC(126) Pause Young (Allocation Failure) 1476M->1477M(1542M) 51.907ms
[9.115s][info][gc,cpu         ] GC(126) User=0.30s Sys=0.09s Real=0.05s
[9.129s][info][gc,start       ] GC(127) Pause Young (Allocation Failure)
[9.166s][info][gc,heap        ] GC(127) PSYoungGen: 75200K(75264K)->53984K(117248K) Eden: 13312K(13312K)->0K(15360K) From: 61888K(61952K)->53984K(101888K)
[9.166s][info][gc,heap        ] GC(127) ParOldGen: 1451102K(1504256K)->1472510K(1504256K)
[9.166s][info][gc,metaspace   ] GC(127) Metaspace: 6302K(6464K)->6302K(6464K) NonClass: 5769K(5824K)->5769K(5824K) Class: 533K(640K)->533K(640K)
[9.166s][info][gc             ] GC(127) Pause Young (Allocation Failure) 1490M->1490M(1583M) 36.815ms
[9.166s][info][gc,cpu         ] GC(127) User=0.25s Sys=0.00s Real=0.04s
[9.166s][info][gc,start       ] GC(128) Pause Full (Ergonomics)
[9.166s][info][gc,phases,start] GC(128) Marking Phase
[9.501s][info][gc,phases      ] GC(128) Marking Phase 335.106ms
[9.501s][info][gc,phases,start] GC(128) Summary Phase
[9.501s][info][gc,phases      ] GC(128) Summary Phase 0.028ms
[9.501s][info][gc,phases,start] GC(128) Adjust Roots
[9.501s][info][gc,phases      ] GC(128) Adjust Roots 0.160ms
[9.501s][info][gc,phases,start] GC(128) Compaction Phase
[9.662s][info][gc,phases      ] GC(128) Compaction Phase 161.184ms
[9.662s][info][gc,phases,start] GC(128) Post Compact
[9.665s][info][gc,phases      ] GC(128) Post Compact 2.724ms
[9.666s][info][gc,heap        ] GC(128) PSYoungGen: 53984K(117248K)->21060K(119296K) Eden: 0K(15360K)->0K(17408K) From: 53984K(101888K)->21060K(101888K)
[9.666s][info][gc,heap        ] GC(128) ParOldGen: 1472510K(1504256K)->1503788K(1652736K)
[9.666s][info][gc,metaspace   ] GC(128) Metaspace: 6302K(6464K)->6302K(6464K) NonClass: 5769K(5824K)->5769K(5824K) Class: 533K(640K)->533K(640K)
[9.666s][info][gc             ] GC(128) Pause Full (Ergonomics) 1490M->1489M(1730M) 500.163ms
[9.666s][info][gc,cpu         ] GC(128) User=3.39s Sys=0.05s Real=0.50s
[9.686s][info][gc,start       ] GC(129) Pause Young (Allocation Failure)
[9.766s][info][gc,heap        ] GC(129) PSYoungGen: 38468K(119296K)->26048K(122880K) Eden: 17408K(17408K)->0K(17408K) From: 21060K(101888K)->26048K(105472K)
[9.766s][info][gc,heap        ] GC(129) ParOldGen: 1503788K(1652736K)->1516524K(1652736K)
[9.766s][info][gc,metaspace   ] GC(129) Metaspace: 6302K(6464K)->6302K(6464K) NonClass: 5769K(5824K)->5769K(5824K) Class: 533K(640K)->533K(640K)
[9.766s][info][gc             ] GC(129) Pause Young (Allocation Failure) 1506M->1506M(1734M) 80.308ms
[9.767s][info][gc,cpu         ] GC(129) User=0.42s Sys=0.00s Real=0.08s
[9.785s][info][gc,start       ] GC(130) Pause Young (Allocation Failure)
[9.815s][info][gc,heap        ] GC(130) PSYoungGen: 43456K(122880K)->43424K(121344K) Eden: 17408K(17408K)->0K(19456K) From: 26048K(105472K)->43424K(101888K)
[9.815s][info][gc,heap        ] GC(130) ParOldGen: 1516524K(1652736K)->1516524K(1652736K)
[9.815s][info][gc,metaspace   ] GC(130) Metaspace: 6302K(6464K)->6302K(6464K) NonClass: 5769K(5824K)->5769K(5824K) Class: 533K(640K)->533K(640K)
[9.815s][info][gc             ] GC(130) Pause Young (Allocation Failure) 1523M->1523M(1732M) 30.298ms
[9.815s][info][gc,cpu         ] GC(130) User=0.02s Sys=0.00s Real=0.03s
[9.835s][info][gc,start       ] GC(131) Pause Young (Allocation Failure)
[9.870s][info][gc,heap        ] GC(131) PSYoungGen: 62880K(121344K)->54464K(74240K) Eden: 19456K(19456K)->0K(19456K) From: 43424K(101888K)->54464K(54784K)
[9.870s][info][gc,heap        ] GC(131) ParOldGen: 1516524K(1652736K)->1525156K(1652736K)
[9.870s][info][gc,metaspace   ] GC(131) Metaspace: 6302K(6464K)->6302K(6464K) NonClass: 5769K(5824K)->5769K(5824K) Class: 533K(640K)->533K(640K)
[9.870s][info][gc             ] GC(131) Pause Young (Allocation Failure) 1542M->1542M(1686M) 35.026ms
[9.870s][info][gc,cpu         ] GC(131) User=0.08s Sys=0.00s Real=0.04s
[9.890s][info][gc,start       ] GC(132) Pause Young (Allocation Failure)
[9.928s][info][gc,heap        ] GC(132) PSYoungGen: 73920K(74240K)->56480K(113664K) Eden: 19456K(19456K)->0K(22016K) From: 54464K(54784K)->56480K(91648K)
[9.928s][info][gc,heap        ] GC(132) ParOldGen: 1525156K(1652736K)->1542788K(1652736K)
[9.928s][info][gc,metaspace   ] GC(132) Metaspace: 6302K(6464K)->6302K(6464K) NonClass: 5769K(5824K)->5769K(5824K) Class: 533K(640K)->533K(640K)
[9.928s][info][gc             ] GC(132) Pause Young (Allocation Failure) 1561M->1561M(1725M) 38.473ms
[9.928s][info][gc,cpu         ] GC(132) User=0.23s Sys=0.02s Real=0.04s
[9.950s][info][gc,start       ] GC(133) Pause Young (Allocation Failure)
[9.990s][info][gc,heap        ] GC(133) PSYoungGen: 78496K(113664K)->61120K(117760K) Eden: 22016K(22016K)->0K(22016K) From: 56480K(91648K)->61120K(95744K)
[9.990s][info][gc,heap        ] GC(133) ParOldGen: 1542788K(1652736K)->1560428K(1652736K)
[9.990s][info][gc,metaspace   ] GC(133) Metaspace: 6302K(6464K)->6302K(6464K) NonClass: 5769K(5824K)->5769K(5824K) Class: 533K(640K)->533K(640K)
[9.990s][info][gc             ] GC(133) Pause Young (Allocation Failure) 1583M->1583M(1729M) 40.336ms
[9.990s][info][gc,cpu         ] GC(133) User=0.25s Sys=0.02s Real=0.04s
[10.013s][info][gc,start       ] GC(134) Pause Young (Allocation Failure)
[10.055s][info][gc,heap        ] GC(134) PSYoungGen: 83136K(117760K)->44192K(115712K) Eden: 22016K(22016K)->0K(25088K) From: 61120K(95744K)->44192K(90624K)
[10.055s][info][gc,heap        ] GC(134) ParOldGen: 1560428K(1652736K)->1599812K(1652736K)
[10.055s][info][gc,metaspace   ] GC(134) Metaspace: 6302K(6464K)->6302K(6464K) NonClass: 5769K(5824K)->5769K(5824K) Class: 533K(640K)->533K(640K)
[10.055s][info][gc             ] GC(134) Pause Young (Allocation Failure) 1605M->1605M(1727M) 42.318ms
[10.055s][info][gc,cpu         ] GC(134) User=0.23s Sys=0.03s Real=0.04s
[10.080s][info][gc,start       ] GC(135) Pause Young (Allocation Failure)
[10.117s][info][gc,heap        ] GC(135) PSYoungGen: 69280K(115712K)->25216K(117248K) Eden: 25088K(25088K)->0K(25088K) From: 44192K(90624K)->25216K(92160K)
[10.117s][info][gc,heap        ] GC(135) ParOldGen: 1599812K(1652736K)->1644364K(1652736K)
[10.117s][info][gc,metaspace   ] GC(135) Metaspace: 6302K(6464K)->6302K(6464K) NonClass: 5769K(5824K)->5769K(5824K) Class: 533K(640K)->533K(640K)
[10.117s][info][gc             ] GC(135) Pause Young (Allocation Failure) 1629M->1630M(1728M) 37.670ms
[10.117s][info][gc,cpu         ] GC(135) User=0.25s Sys=0.02s Real=0.04s
[10.117s][info][gc,start       ] GC(136) Pause Full (Ergonomics)
[10.117s][info][gc,phases,start] GC(136) Marking Phase
[10.472s][info][gc,phases      ] GC(136) Marking Phase 354.440ms
[10.472s][info][gc,phases,start] GC(136) Summary Phase
[10.472s][info][gc,phases      ] GC(136) Summary Phase 0.029ms
[10.472s][info][gc,phases,start] GC(136) Adjust Roots
[10.472s][info][gc,phases      ] GC(136) Adjust Roots 0.193ms
[10.472s][info][gc,phases,start] GC(136) Compaction Phase
[10.640s][info][gc,phases      ] GC(136) Compaction Phase 168.071ms
[10.640s][info][gc,phases,start] GC(136) Post Compact
[10.643s][info][gc,phases      ] GC(136) Post Compact 2.894ms
[10.644s][info][gc,heap        ] GC(136) PSYoungGen: 25216K(117248K)->14845K(117248K) Eden: 0K(25088K)->0K(25088K) From: 25216K(92160K)->14845K(92160K)
[10.644s][info][gc,heap        ] GC(136) ParOldGen: 1644364K(1652736K)->1652639K(1821696K)
[10.644s][info][gc,metaspace   ] GC(136) Metaspace: 6302K(6464K)->6302K(6464K) NonClass: 5769K(5824K)->5769K(5824K) Class: 533K(640K)->533K(640K)
[10.644s][info][gc             ] GC(136) Pause Full (Ergonomics) 1630M->1628M(1893M) 526.562ms
[10.644s][info][gc,cpu         ] GC(136) User=3.62s Sys=0.02s Real=0.53s
[10.671s][info][gc,start       ] GC(137) Pause Young (Allocation Failure)
[10.759s][info][gc,heap        ] GC(137) PSYoungGen: 39933K(117248K)->25248K(120832K) Eden: 25088K(25088K)->0K(27648K) From: 14845K(92160K)->25248K(93184K)
[10.759s][info][gc,heap        ] GC(137) ParOldGen: 1652639K(1821696K)->1667711K(1821696K)
[10.759s][info][gc,metaspace   ] GC(137) Metaspace: 6302K(6464K)->6302K(6464K) NonClass: 5769K(5824K)->5769K(5824K) Class: 533K(640K)->533K(640K)
[10.759s][info][gc             ] GC(137) Pause Young (Allocation Failure) 1652M->1653M(1897M) 88.236ms
[10.760s][info][gc,cpu         ] GC(137) User=0.56s Sys=0.00s Real=0.09s
[10.788s][info][gc,start       ] GC(138) Pause Young (Allocation Failure)
[10.824s][info][gc,heap        ] GC(138) PSYoungGen: 52896K(120832K)->27776K(121344K) Eden: 27648K(27648K)->0K(27648K) From: 25248K(93184K)->27776K(93696K)
[10.824s][info][gc,heap        ] GC(138) ParOldGen: 1667711K(1821696K)->1693175K(1821696K)
[10.824s][info][gc,metaspace   ] GC(138) Metaspace: 6302K(6464K)->6302K(6464K) NonClass: 5769K(5824K)->5769K(5824K) Class: 533K(640K)->533K(640K)
[10.824s][info][gc             ] GC(138) Pause Young (Allocation Failure) 1680M->1680M(1897M) 35.812ms
[10.824s][info][gc,cpu         ] GC(138) User=0.12s Sys=0.02s Real=0.04s
[10.855s][info][gc,start       ] GC(139) Pause Young (Allocation Failure)
[10.890s][info][gc,heap        ] GC(139) PSYoungGen: 55424K(121344K)->27840K(120832K) Eden: 27648K(27648K)->0K(30720K) From: 27776K(93696K)->27840K(90112K)
[10.890s][info][gc,heap        ] GC(139) ParOldGen: 1693175K(1821696K)->1721199K(1821696K)
[10.890s][info][gc,metaspace   ] GC(139) Metaspace: 6302K(6464K)->6302K(6464K) NonClass: 5769K(5824K)->5769K(5824K) Class: 533K(640K)->533K(640K)
[10.890s][info][gc             ] GC(139) Pause Young (Allocation Failure) 1707M->1708M(1897M) 35.159ms
[10.890s][info][gc,cpu         ] GC(139) User=0.16s Sys=0.00s Real=0.03s
[10.921s][info][gc,start       ] GC(140) Pause Young (Allocation Failure)
[10.958s][info][gc,heap        ] GC(140) PSYoungGen: 58560K(120832K)->30816K(122368K) Eden: 30720K(30720K)->0K(30720K) From: 27840K(90112K)->30816K(91648K)
[10.958s][info][gc,heap        ] GC(140) ParOldGen: 1721199K(1821696K)->1749231K(1821696K)
[10.958s][info][gc,metaspace   ] GC(140) Metaspace: 6302K(6464K)->6302K(6464K) NonClass: 5769K(5824K)->5769K(5824K) Class: 533K(640K)->533K(640K)
[10.958s][info][gc             ] GC(140) Pause Young (Allocation Failure) 1738M->1738M(1898M) 36.804ms
[10.958s][info][gc,cpu         ] GC(140) User=0.16s Sys=0.00s Real=0.04s
[10.991s][info][gc,start       ] GC(141) Pause Young (Allocation Failure)
[11.028s][info][gc,heap        ] GC(141) PSYoungGen: 61536K(122368K)->30816K(119808K) Eden: 30720K(30720K)->0K(34304K) From: 30816K(91648K)->30816K(85504K)
[11.028s][info][gc,heap        ] GC(141) ParOldGen: 1749231K(1821696K)->1780367K(1821696K)
[11.028s][info][gc,metaspace   ] GC(141) Metaspace: 6302K(6464K)->6302K(6464K) NonClass: 5769K(5824K)->5769K(5824K) Class: 533K(640K)->533K(640K)
[11.028s][info][gc             ] GC(141) Pause Young (Allocation Failure) 1768M->1768M(1896M) 36.571ms
[11.028s][info][gc,cpu         ] GC(141) User=0.14s Sys=0.02s Real=0.04s
[11.028s][info][gc,start       ] GC(142) Pause Full (Ergonomics)
[11.028s][info][gc,phases,start] GC(142) Marking Phase
[11.438s][info][gc,phases      ] GC(142) Marking Phase 409.963ms
[11.438s][info][gc,phases,start] GC(142) Summary Phase
[11.438s][info][gc,phases      ] GC(142) Summary Phase 0.049ms
[11.438s][info][gc,phases,start] GC(142) Adjust Roots
[11.438s][info][gc,phases      ] GC(142) Adjust Roots 0.190ms
[11.438s][info][gc,phases,start] GC(142) Compaction Phase
[11.618s][info][gc,phases      ] GC(142) Compaction Phase 179.808ms
[11.618s][info][gc,phases,start] GC(142) Post Compact
[11.621s][info][gc,phases      ] GC(142) Post Compact 3.191ms
[11.622s][info][gc,heap        ] GC(142) PSYoungGen: 30816K(119808K)->0K(121856K) Eden: 0K(34304K)->0K(34304K) From: 30816K(85504K)->0K(87552K)
[11.622s][info][gc,heap        ] GC(142) ParOldGen: 1780367K(1821696K)->1809147K(1990656K)
[11.622s][info][gc,metaspace   ] GC(142) Metaspace: 6302K(6464K)->6302K(6464K) NonClass: 5769K(5824K)->5769K(5824K) Class: 533K(640K)->533K(640K)
[11.622s][info][gc             ] GC(142) Pause Full (Ergonomics) 1768M->1766M(2063M) 594.118ms
[11.622s][info][gc,cpu         ] GC(142) User=4.27s Sys=0.00s Real=0.60s
[11.657s][info][gc,start       ] GC(143) Pause Young (Allocation Failure)
[11.683s][info][gc,heap        ] GC(143) PSYoungGen: 34304K(121856K)->34432K(117760K) Eden: 34304K(34304K)->0K(37376K) From: 0K(87552K)->34432K(80384K)
[11.683s][info][gc,heap        ] GC(143) ParOldGen: 1809147K(1990656K)->1809147K(1990656K)
[11.683s][info][gc,metaspace   ] GC(143) Metaspace: 6302K(6464K)->6302K(6464K) NonClass: 5769K(5824K)->5769K(5824K) Class: 533K(640K)->533K(640K)
[11.683s][info][gc             ] GC(143) Pause Young (Allocation Failure) 1800M->1800M(2059M) 25.866ms
[11.683s][info][gc,cpu         ] GC(143) User=0.03s Sys=0.00s Real=0.03s
[11.723s][info][gc,start       ] GC(144) Pause Young (Allocation Failure)
[11.762s][info][gc,heap        ] GC(144) PSYoungGen: 71808K(117760K)->71872K(121856K) Eden: 37376K(37376K)->0K(37376K) From: 34432K(80384K)->71872K(84480K)
[11.762s][info][gc,heap        ] GC(144) ParOldGen: 1809147K(1990656K)->1809147K(1990656K)
[11.762s][info][gc,metaspace   ] GC(144) Metaspace: 6302K(6464K)->6302K(6464K) NonClass: 5769K(5824K)->5769K(5824K) Class: 533K(640K)->533K(640K)
[11.762s][info][gc             ] GC(144) Pause Young (Allocation Failure) 1836M->1836M(2063M) 38.427ms
[11.762s][info][gc,cpu         ] GC(144) User=0.16s Sys=0.00s Real=0.04s
[11.806s][info][gc,start       ] GC(145) Pause Young (Allocation Failure)
[11.860s][info][gc,heap        ] GC(145) PSYoungGen: 109248K(121856K)->91136K(112640K) Eden: 37376K(37376K)->0K(21504K) From: 71872K(84480K)->91136K(91136K)
[11.860s][info][gc,heap        ] GC(145) ParOldGen: 1809147K(1990656K)->1827419K(1990656K)
[11.860s][info][gc,metaspace   ] GC(145) Metaspace: 6302K(6464K)->6302K(6464K) NonClass: 5769K(5824K)->5769K(5824K) Class: 533K(640K)->533K(640K)
[11.860s][info][gc             ] GC(145) Pause Young (Allocation Failure) 1873M->1873M(2054M) 54.045ms
[11.860s][info][gc,cpu         ] GC(145) User=0.31s Sys=0.06s Real=0.05s
[11.885s][info][gc,start       ] GC(146) Pause Young (Allocation Failure)
[11.938s][info][gc,heap        ] GC(146) PSYoungGen: 112640K(112640K)->53568K(75264K) Eden: 21504K(21504K)->0K(21504K) From: 91136K(91136K)->53568K(53760K)
[11.938s][info][gc,heap        ] GC(146) ParOldGen: 1827419K(1990656K)->1887315K(1990656K)
[11.938s][info][gc,metaspace   ] GC(146) Metaspace: 6302K(6464K)->6302K(6464K) NonClass: 5769K(5824K)->5769K(5824K) Class: 533K(640K)->533K(640K)
[11.938s][info][gc             ] GC(146) Pause Young (Allocation Failure) 1894M->1895M(2017M) 53.717ms
[11.938s][info][gc,cpu         ] GC(146) User=0.31s Sys=0.06s Real=0.05s
[11.963s][info][gc,start       ] GC(147) Pause Young (Allocation Failure)
[12.004s][info][gc,heap        ] GC(147) PSYoungGen: 75072K(75264K)->43168K(121344K) Eden: 21504K(21504K)->0K(24064K) From: 53568K(53760K)->43168K(97280K)
[12.004s][info][gc,heap        ] GC(147) ParOldGen: 1887315K(1990656K)->1919675K(1990656K)
[12.004s][info][gc,metaspace   ] GC(147) Metaspace: 6302K(6464K)->6302K(6464K) NonClass: 5769K(5824K)->5769K(5824K) Class: 533K(640K)->533K(640K)
[12.004s][info][gc             ] GC(147) Pause Young (Allocation Failure) 1916M->1916M(2062M) 40.191ms
[12.004s][info][gc,cpu         ] GC(147) User=0.22s Sys=0.03s Real=0.04s
[12.031s][info][gc,start       ] GC(148) Pause Young (Allocation Failure)
[12.069s][info][gc,heap        ] GC(148) PSYoungGen: 67232K(121344K)->45728K(70144K) Eden: 24064K(24064K)->0K(24064K) From: 43168K(97280K)->45728K(46080K)
[12.069s][info][gc,heap        ] GC(148) ParOldGen: 1919675K(1990656K)->1941467K(1990656K)
[12.069s][info][gc,metaspace   ] GC(148) Metaspace: 6302K(6464K)->6302K(6464K) NonClass: 5769K(5824K)->5769K(5824K) Class: 533K(640K)->533K(640K)
[12.069s][info][gc             ] GC(148) Pause Young (Allocation Failure) 1940M->1940M(2012M) 37.579ms
[12.069s][info][gc,cpu         ] GC(148) User=0.17s Sys=0.00s Real=0.04s
[12.069s][info][gc,start       ] GC(149) Pause Full (Ergonomics)
[12.069s][info][gc,phases,start] GC(149) Marking Phase
[12.508s][info][gc,phases      ] GC(149) Marking Phase 438.599ms
[12.508s][info][gc,phases,start] GC(149) Summary Phase
[12.508s][info][gc,phases      ] GC(149) Summary Phase 0.043ms
[12.508s][info][gc,phases,start] GC(149) Adjust Roots
[12.508s][info][gc,phases      ] GC(149) Adjust Roots 0.197ms
[12.508s][info][gc,phases,start] GC(149) Compaction Phase
[12.692s][info][gc,phases      ] GC(149) Compaction Phase 183.914ms
[12.692s][info][gc,phases,start] GC(149) Post Compact
[12.696s][info][gc,phases      ] GC(149) Post Compact 3.863ms
[12.696s][info][gc,heap        ] GC(149) PSYoungGen: 45728K(70144K)->0K(124416K) Eden: 0K(24064K)->0K(27136K) From: 45728K(46080K)->0K(97280K)
[12.696s][info][gc,heap        ] GC(149) ParOldGen: 1941467K(1990656K)->1985095K(2186240K)
[12.697s][info][gc,metaspace   ] GC(149) Metaspace: 6302K(6464K)->6302K(6464K) NonClass: 5769K(5824K)->5769K(5824K) Class: 533K(640K)->533K(640K)
[12.697s][info][gc             ] GC(149) Pause Full (Ergonomics) 1940M->1938M(2256M) 627.623ms
[12.697s][info][gc,cpu         ] GC(149) User=4.53s Sys=0.00s Real=0.63s
[12.731s][info][gc,start       ] GC(150) Pause Young (Allocation Failure)
[12.754s][info][gc,heap        ] GC(150) PSYoungGen: 27136K(124416K)->27296K(124416K) Eden: 27136K(27136K)->0K(27136K) From: 0K(97280K)->27296K(97280K)
[12.754s][info][gc,heap        ] GC(150) ParOldGen: 1985095K(2186240K)->1985095K(2186240K)
[12.754s][info][gc,metaspace   ] GC(150) Metaspace: 6302K(6464K)->6302K(6464K) NonClass: 5769K(5824K)->5769K(5824K) Class: 533K(640K)->533K(640K)
[12.754s][info][gc             ] GC(150) Pause Young (Allocation Failure) 1965M->1965M(2256M) 23.474ms
[12.754s][info][gc,cpu         ] GC(150) User=0.05s Sys=0.00s Real=0.02s
[12.787s][info][gc,start       ] GC(151) Pause Young (Allocation Failure)
[12.821s][info][gc,heap        ] GC(151) PSYoungGen: 54432K(124416K)->54432K(121856K) Eden: 27136K(27136K)->0K(29696K) From: 27296K(97280K)->54432K(92160K)
[12.822s][info][gc,heap        ] GC(151) ParOldGen: 1985095K(2186240K)->1985095K(2186240K)
[12.822s][info][gc,metaspace   ] GC(151) Metaspace: 6302K(6464K)->6302K(6464K) NonClass: 5769K(5824K)->5769K(5824K) Class: 533K(640K)->533K(640K)
[12.822s][info][gc             ] GC(151) Pause Young (Allocation Failure) 1991M->1991M(2254M) 34.657ms
[12.822s][info][gc,cpu         ] GC(151) User=0.14s Sys=0.00s Real=0.04s
[12.853s][info][gc,start       ] GC(152) Pause Young (Allocation Failure)
[12.896s][info][gc,heap        ] GC(152) PSYoungGen: 84128K(121856K)->84192K(123904K) Eden: 29696K(29696K)->0K(29696K) From: 54432K(92160K)->84192K(94208K)
[12.896s][info][gc,heap        ] GC(152) ParOldGen: 1985095K(2186240K)->1985095K(2186240K)
[12.896s][info][gc,metaspace   ] GC(152) Metaspace: 6302K(6464K)->6302K(6464K) NonClass: 5769K(5824K)->5769K(5824K) Class: 533K(640K)->533K(640K)
[12.896s][info][gc             ] GC(152) Pause Young (Allocation Failure) 2020M->2020M(2256M) 43.283ms
[12.896s][info][gc,cpu         ] GC(152) User=0.27s Sys=0.00s Real=0.04s
[12.926s][info][gc,start       ] GC(153) Pause Young (Allocation Failure)
[12.983s][info][gc,heap        ] GC(153) PSYoungGen: 113888K(123904K)->102912K(117760K) Eden: 29696K(29696K)->0K(14848K) From: 84192K(94208K)->102912K(102912K)
[12.983s][info][gc,heap        ] GC(153) ParOldGen: 1985095K(2186240K)->1996119K(2186240K)
[12.983s][info][gc,metaspace   ] GC(153) Metaspace: 6302K(6464K)->6302K(6464K) NonClass: 5769K(5824K)->5769K(5824K) Class: 533K(640K)->533K(640K)
[12.983s][info][gc             ] GC(153) Pause Young (Allocation Failure) 2049M->2049M(2250M) 56.670ms
[12.983s][info][gc,cpu         ] GC(153) User=0.33s Sys=0.00s Real=0.06s
[12.999s][info][gc,start       ] GC(154) Pause Young (Allocation Failure)
[13.054s][info][gc,heap        ] GC(154) PSYoungGen: 117760K(117760K)->93920K(135680K) Eden: 14848K(14848K)->0K(14848K) From: 102912K(102912K)->93920K(120832K)
[13.054s][info][gc,heap        ] GC(154) ParOldGen: 1996119K(2186240K)->2020407K(2186240K)
[13.055s][info][gc,metaspace   ] GC(154) Metaspace: 6302K(6464K)->6302K(6464K) NonClass: 5769K(5824K)->5769K(5824K) Class: 533K(640K)->533K(640K)
[13.055s][info][gc             ] GC(154) Pause Young (Allocation Failure) 2064M->2064M(2267M) 55.742ms
[13.055s][info][gc,cpu         ] GC(154) User=0.39s Sys=0.00s Real=0.06s
[13.070s][info][gc,start       ] GC(155) Pause Young (Allocation Failure)
[13.122s][info][gc,heap        ] GC(155) PSYoungGen: 108768K(135680K)->84064K(142848K) Eden: 14848K(14848K)->0K(15360K) From: 93920K(120832K)->84064K(127488K)
[13.122s][info][gc,heap        ] GC(155) ParOldGen: 2020407K(2186240K)->2045455K(2186240K)
[13.122s][info][gc,metaspace   ] GC(155) Metaspace: 6302K(6464K)->6302K(6464K) NonClass: 5769K(5824K)->5769K(5824K) Class: 533K(640K)->533K(640K)
[13.122s][info][gc             ] GC(155) Pause Young (Allocation Failure) 2079M->2079M(2274M) 51.545ms
[13.122s][info][gc,cpu         ] GC(155) User=0.38s Sys=0.00s Real=0.05s
[13.139s][info][gc,start       ] GC(156) Pause Young (Allocation Failure)
[13.187s][info][gc,heap        ] GC(156) PSYoungGen: 99424K(142848K)->45216K(60928K) Eden: 15360K(15360K)->0K(15360K) From: 84064K(127488K)->45216K(45568K)
[13.187s][info][gc,heap        ] GC(156) ParOldGen: 2045455K(2186240K)->2100335K(2186240K)
[13.187s][info][gc,metaspace   ] GC(156) Metaspace: 6302K(6464K)->6302K(6464K) NonClass: 5769K(5824K)->5769K(5824K) Class: 533K(640K)->533K(640K)
[13.187s][info][gc             ] GC(156) Pause Young (Allocation Failure) 2094M->2095M(2194M) 48.317ms
[13.187s][info][gc,cpu         ] GC(156) User=0.23s Sys=0.03s Real=0.05s
[13.203s][info][gc,start       ] GC(157) Pause Young (Allocation Failure)
[13.237s][info][gc,heap        ] GC(157) PSYoungGen: 60576K(60928K)->30848K(141312K) Eden: 15360K(15360K)->0K(17408K) From: 45216K(45568K)->30848K(123904K)
[13.237s][info][gc,heap        ] GC(157) ParOldGen: 2100335K(2186240K)->2130407K(2186240K)
[13.237s][info][gc,metaspace   ] GC(157) Metaspace: 6302K(6464K)->6302K(6464K) NonClass: 5769K(5824K)->5769K(5824K) Class: 533K(640K)->533K(640K)
[13.237s][info][gc             ] GC(157) Pause Young (Allocation Failure) 2110M->2110M(2273M) 33.809ms
[13.237s][info][gc,cpu         ] GC(157) User=0.12s Sys=0.03s Real=0.03s
[13.255s][info][gc,start       ] GC(158) Pause Young (Allocation Failure)
[13.286s][info][gc,heap        ] GC(158) PSYoungGen: 48256K(141312K)->17504K(142336K) Eden: 17408K(17408K)->0K(17408K) From: 30848K(123904K)->17504K(124928K)
[13.286s][info][gc,heap        ] GC(158) ParOldGen: 2130407K(2186240K)->2161511K(2186240K)
[13.286s][info][gc,metaspace   ] GC(158) Metaspace: 6302K(6464K)->6302K(6464K) NonClass: 5769K(5824K)->5769K(5824K) Class: 533K(640K)->533K(640K)
[13.286s][info][gc             ] GC(158) Pause Young (Allocation Failure) 2127M->2127M(2274M) 31.138ms
[13.286s][info][gc,cpu         ] GC(158) User=0.14s Sys=0.00s Real=0.03s
[13.287s][info][gc,start       ] GC(159) Pause Full (Ergonomics)
[13.287s][info][gc,phases,start] GC(159) Marking Phase
[13.769s][info][gc,phases      ] GC(159) Marking Phase 482.556ms
[13.769s][info][gc,phases,start] GC(159) Summary Phase
[13.769s][info][gc,phases      ] GC(159) Summary Phase 0.045ms
[13.769s][info][gc,phases,start] GC(159) Adjust Roots
[13.769s][info][gc,phases      ] GC(159) Adjust Roots 0.163ms
[13.769s][info][gc,phases,start] GC(159) Compaction Phase
[13.963s][info][gc,phases      ] GC(159) Compaction Phase 193.852ms
[13.963s][info][gc,phases,start] GC(159) Post Compact
[13.967s][info][gc,phases      ] GC(159) Post Compact 3.817ms
[13.968s][info][gc,heap        ] GC(159) PSYoungGen: 17504K(142336K)->0K(145408K) Eden: 0K(17408K)->0K(19968K) From: 17504K(124928K)->0K(125440K)
[13.968s][info][gc,heap        ] GC(159) ParOldGen: 2161511K(2186240K)->2176310K(2397696K)
[13.968s][info][gc,metaspace   ] GC(159) Metaspace: 6302K(6464K)->6302K(6464K) NonClass: 5769K(5824K)->5769K(5824K) Class: 533K(640K)->533K(640K)
[13.968s][info][gc             ] GC(159) Pause Full (Ergonomics) 2127M->2125M(2483M) 681.472ms
[13.968s][info][gc,cpu         ] GC(159) User=4.95s Sys=0.03s Real=0.68s
[13.992s][info][gc,start       ] GC(160) Pause Young (Allocation Failure)
[14.014s][info][gc,heap        ] GC(160) PSYoungGen: 19968K(145408K)->20064K(145408K) Eden: 19968K(19968K)->0K(19968K) From: 0K(125440K)->20064K(125440K)
[14.014s][info][gc,heap        ] GC(160) ParOldGen: 2176310K(2397696K)->2176310K(2397696K)
[14.014s][info][gc,metaspace   ] GC(160) Metaspace: 6302K(6464K)->6302K(6464K) NonClass: 5769K(5824K)->5769K(5824K) Class: 533K(640K)->533K(640K)
[14.014s][info][gc             ] GC(160) Pause Young (Allocation Failure) 2144M->2144M(2483M) 21.823ms
[14.014s][info][gc,cpu         ] GC(160) User=0.02s Sys=0.00s Real=0.02s
[14.039s][info][gc,start       ] GC(161) Pause Young (Allocation Failure)
[14.069s][info][gc,heap        ] GC(161) PSYoungGen: 40032K(145408K)->40032K(136192K) Eden: 19968K(19968K)->0K(22528K) From: 20064K(125440K)->40032K(113664K)
[14.069s][info][gc,heap        ] GC(161) ParOldGen: 2176310K(2397696K)->2176310K(2397696K)
[14.069s][info][gc,metaspace   ] GC(161) Metaspace: 6302K(6464K)->6302K(6464K) NonClass: 5769K(5824K)->5769K(5824K) Class: 533K(640K)->533K(640K)
[14.069s][info][gc             ] GC(161) Pause Young (Allocation Failure) 2164M->2164M(2474M) 29.974ms
[14.069s][info][gc,cpu         ] GC(161) User=0.05s Sys=0.00s Real=0.03s
[14.097s][info][gc,start       ] GC(162) Pause Young (Allocation Failure)
[14.135s][info][gc,heap        ] GC(162) PSYoungGen: 62560K(136192K)->42656K(65536K) Eden: 22528K(22528K)->0K(22528K) From: 40032K(113664K)->42656K(43008K)
[14.135s][info][gc,heap        ] GC(162) ParOldGen: 2176310K(2397696K)->2196558K(2397696K)
[14.135s][info][gc,metaspace   ] GC(162) Metaspace: 6302K(6464K)->6302K(6464K) NonClass: 5769K(5824K)->5769K(5824K) Class: 533K(640K)->533K(640K)
[14.135s][info][gc             ] GC(162) Pause Young (Allocation Failure) 2186M->2186M(2405M) 37.980ms
[14.135s][info][gc,cpu         ] GC(162) User=0.28s Sys=0.00s Real=0.04s
[14.165s][info][gc,start       ] GC(163) Pause Young (Allocation Failure)
[14.204s][info][gc,heap        ] GC(163) PSYoungGen: 65184K(65536K)->45152K(127488K) Eden: 22528K(22528K)->0K(25088K) From: 42656K(43008K)->45152K(102400K)
[14.204s][info][gc,heap        ] GC(163) ParOldGen: 2196558K(2397696K)->2216806K(2397696K)
[14.204s][info][gc,metaspace   ] GC(163) Metaspace: 6302K(6464K)->6302K(6464K) NonClass: 5769K(5824K)->5769K(5824K) Class: 533K(640K)->533K(640K)
[14.204s][info][gc             ] GC(163) Pause Young (Allocation Failure) 2208M->2208M(2466M) 39.602ms
[14.204s][info][gc,cpu         ] GC(163) User=0.14s Sys=0.00s Real=0.04s
[14.233s][info][gc,start       ] GC(164) Pause Young (Allocation Failure)
[14.274s][info][gc,heap        ] GC(164) PSYoungGen: 70240K(127488K)->47808K(73216K) Eden: 25088K(25088K)->0K(25088K) From: 45152K(102400K)->47808K(48128K)
[14.274s][info][gc,heap        ] GC(164) ParOldGen: 2216806K(2397696K)->2239662K(2397696K)
[14.274s][info][gc,metaspace   ] GC(164) Metaspace: 6302K(6464K)->6302K(6464K) NonClass: 5769K(5824K)->5769K(5824K) Class: 533K(640K)->533K(640K)
[14.274s][info][gc             ] GC(164) Pause Young (Allocation Failure) 2233M->2233M(2413M) 40.607ms
[14.274s][info][gc,cpu         ] GC(164) User=0.16s Sys=0.00s Real=0.04s
[14.303s][info][gc,start       ] GC(165) Pause Young (Allocation Failure)
[14.343s][info][gc,heap        ] GC(165) PSYoungGen: 72896K(73216K)->50368K(120320K) Eden: 25088K(25088K)->0K(28160K) From: 47808K(48128K)->50368K(92160K)
[14.343s][info][gc,heap        ] GC(165) ParOldGen: 2239662K(2397696K)->2262470K(2397696K)
[14.343s][info][gc,metaspace   ] GC(165) Metaspace: 6302K(6464K)->6302K(6464K) NonClass: 5769K(5824K)->5769K(5824K) Class: 533K(640K)->533K(640K)
[14.343s][info][gc             ] GC(165) Pause Young (Allocation Failure) 2258M->2258M(2459M) 40.007ms
[14.343s][info][gc,cpu         ] GC(165) User=0.20s Sys=0.02s Real=0.04s
[14.376s][info][gc,start       ] GC(166) Pause Young (Allocation Failure)
[14.418s][info][gc,heap        ] GC(166) PSYoungGen: 78528K(120320K)->53440K(125440K) Eden: 28160K(28160K)->0K(28160K) From: 50368K(92160K)->53440K(97280K)
[14.418s][info][gc,heap        ] GC(166) ParOldGen: 2262470K(2397696K)->2287798K(2397696K)
[14.418s][info][gc,metaspace   ] GC(166) Metaspace: 6302K(6464K)->6302K(6464K) NonClass: 5769K(5824K)->5769K(5824K) Class: 533K(640K)->533K(640K)
[14.418s][info][gc             ] GC(166) Pause Young (Allocation Failure) 2286M->2286M(2464M) 41.625ms
[14.418s][info][gc,cpu         ] GC(166) User=0.27s Sys=0.00s Real=0.04s
[14.451s][info][gc,start       ] GC(167) Pause Young (Allocation Failure)
[14.495s][info][gc,heap        ] GC(167) PSYoungGen: 81600K(125440K)->56512K(121856K) Eden: 28160K(28160K)->0K(31744K) From: 53440K(97280K)->56512K(90112K)
[14.495s][info][gc,heap        ] GC(167) ParOldGen: 2287798K(2397696K)->2313118K(2397696K)
[14.495s][info][gc,metaspace   ] GC(167) Metaspace: 6302K(6464K)->6302K(6464K) NonClass: 5769K(5824K)->5769K(5824K) Class: 533K(640K)->533K(640K)
[14.495s][info][gc             ] GC(167) Pause Young (Allocation Failure) 2313M->2314M(2460M) 43.727ms
[14.495s][info][gc,cpu         ] GC(167) User=0.20s Sys=0.06s Real=0.04s
[14.534s][info][gc,start       ] GC(168) Pause Young (Allocation Failure)
[14.581s][info][gc,heap        ] GC(168) PSYoungGen: 88256K(121856K)->60096K(123904K) Eden: 31744K(31744K)->0K(31744K) From: 56512K(90112K)->60096K(92160K)
[14.581s][info][gc,heap        ] GC(168) ParOldGen: 2313118K(2397696K)->2341534K(2397696K)
[14.581s][info][gc,metaspace   ] GC(168) Metaspace: 6302K(6464K)->6302K(6464K) NonClass: 5769K(5824K)->5769K(5824K) Class: 533K(640K)->533K(640K)
[14.581s][info][gc             ] GC(168) Pause Young (Allocation Failure) 2345M->2345M(2462M) 46.998ms
[14.581s][info][gc,cpu         ] GC(168) User=0.38s Sys=0.00s Real=0.05s
[14.623s][info][gc,start       ] GC(169) Pause Young (Allocation Failure)
[14.673s][info][gc,heap        ] GC(169) PSYoungGen: 91840K(123904K)->63712K(126976K) Eden: 31744K(31744K)->0K(35328K) From: 60096K(92160K)->63712K(91648K)
[14.673s][info][gc,heap        ] GC(169) ParOldGen: 2341534K(2397696K)->2369958K(2397696K)
[14.673s][info][gc,metaspace   ] GC(169) Metaspace: 6302K(6464K)->6302K(6464K) NonClass: 5769K(5824K)->5769K(5824K) Class: 533K(640K)->533K(640K)
[14.673s][info][gc             ] GC(169) Pause Young (Allocation Failure) 2376M->2376M(2465M) 49.378ms
[14.673s][info][gc,cpu         ] GC(169) User=0.27s Sys=0.02s Real=0.05s
[14.673s][info][gc,start       ] GC(170) Pause Full (Ergonomics)
[14.673s][info][gc,phases,start] GC(170) Marking Phase
[15.227s][info][gc,phases      ] GC(170) Marking Phase 553.864ms
[15.227s][info][gc,phases,start] GC(170) Summary Phase
[15.227s][info][gc,phases      ] GC(170) Summary Phase 0.035ms
[15.227s][info][gc,phases,start] GC(170) Adjust Roots
[15.227s][info][gc,phases      ] GC(170) Adjust Roots 0.186ms
[15.227s][info][gc,phases,start] GC(170) Compaction Phase
[15.472s][info][gc,phases      ] GC(170) Compaction Phase 245.287ms
[15.472s][info][gc,phases,start] GC(170) Post Compact
[15.477s][info][gc,phases      ] GC(170) Post Compact 4.783ms
[15.478s][info][gc,heap        ] GC(170) PSYoungGen: 63712K(126976K)->33269K(126976K) Eden: 0K(35328K)->0K(35328K) From: 63712K(91648K)->33269K(91648K)
[15.478s][info][gc,heap        ] GC(170) ParOldGen: 2369958K(2397696K)->2397687K(2526208K)
[15.478s][info][gc,metaspace   ] GC(170) Metaspace: 6302K(6464K)->6302K(6464K) NonClass: 5769K(5824K)->5769K(5824K) Class: 533K(640K)->533K(640K)
[15.478s][info][gc             ] GC(170) Pause Full (Ergonomics) 2376M->2373M(2591M) 805.177ms
[15.478s][info][gc,cpu         ] GC(170) User=5.78s Sys=0.06s Real=0.81s
[15.523s][info][gc,start       ] GC(171) Pause Young (Allocation Failure)
[15.665s][info][gc,heap        ] GC(171) PSYoungGen: 68597K(126976K)->51584K(127488K) Eden: 35328K(35328K)->0K(35328K) From: 33269K(91648K)->51584K(92160K)
[15.665s][info][gc,heap        ] GC(171) ParOldGen: 2397687K(2526208K)->2415095K(2526208K)
[15.665s][info][gc,metaspace   ] GC(171) Metaspace: 6302K(6464K)->6302K(6464K) NonClass: 5769K(5824K)->5769K(5824K) Class: 533K(640K)->533K(640K)
[15.665s][info][gc             ] GC(171) Pause Young (Allocation Failure) 2408M->2408M(2591M) 142.349ms
[15.666s][info][gc,cpu         ] GC(171) User=0.89s Sys=0.00s Real=0.14s
[15.710s][info][gc,start       ] GC(172) Pause Young (Allocation Failure)
[15.759s][info][gc,heap        ] GC(172) PSYoungGen: 86912K(127488K)->86912K(118272K) Eden: 35328K(35328K)->0K(29696K) From: 51584K(92160K)->86912K(88576K)
[15.759s][info][gc,heap        ] GC(172) ParOldGen: 2415095K(2526208K)->2415095K(2526208K)
[15.759s][info][gc,metaspace   ] GC(172) Metaspace: 6302K(6464K)->6302K(6464K) NonClass: 5769K(5824K)->5769K(5824K) Class: 533K(640K)->533K(640K)
[15.759s][info][gc             ] GC(172) Pause Young (Allocation Failure) 2443M->2443M(2582M) 48.776ms
[15.759s][info][gc,cpu         ] GC(172) User=0.27s Sys=0.00s Real=0.05s
[15.794s][info][gc,start       ] GC(173) Pause Young (Allocation Failure)
[15.855s][info][gc,heap        ] GC(173) PSYoungGen: 116608K(118272K)->97792K(127488K) Eden: 29696K(29696K)->0K(29696K) From: 86912K(88576K)->97792K(97792K)
[15.855s][info][gc,heap        ] GC(173) ParOldGen: 2415095K(2526208K)->2434023K(2526208K)
[15.855s][info][gc,metaspace   ] GC(173) Metaspace: 6302K(6464K)->6302K(6464K) NonClass: 5769K(5824K)->5769K(5824K) Class: 533K(640K)->533K(640K)
[15.855s][info][gc             ] GC(173) Pause Young (Allocation Failure) 2472M->2472M(2591M) 60.185ms
[15.855s][info][gc,cpu         ] GC(173) User=0.39s Sys=0.00s Real=0.06s
[15.890s][info][gc,start       ] GC(174) Pause Young (Allocation Failure)
[15.958s][info][gc,heap        ] GC(174) PSYoungGen: 127488K(127488K)->84512K(146432K) Eden: 29696K(29696K)->0K(30208K) From: 97792K(97792K)->84512K(116224K)
[15.958s][info][gc,heap        ] GC(174) ParOldGen: 2434023K(2526208K)->2477527K(2526208K)
[15.958s][info][gc,metaspace   ] GC(174) Metaspace: 6302K(6464K)->6302K(6464K) NonClass: 5769K(5824K)->5769K(5824K) Class: 533K(640K)->533K(640K)
[15.958s][info][gc             ] GC(174) Pause Young (Allocation Failure) 2501M->2501M(2610M) 68.131ms
[15.958s][info][gc,cpu         ] GC(174) User=0.47s Sys=0.05s Real=0.07s
[15.996s][info][gc,start       ] GC(175) Pause Young (Allocation Failure)
[16.054s][info][gc,heap        ] GC(175) PSYoungGen: 114720K(146432K)->84832K(149504K) Eden: 30208K(30208K)->0K(30208K) From: 84512K(116224K)->84832K(119296K)
[16.054s][info][gc,heap        ] GC(175) ParOldGen: 2477527K(2526208K)->2507703K(2526208K)
[16.054s][info][gc,metaspace   ] GC(175) Metaspace: 6302K(6464K)->6302K(6464K) NonClass: 5769K(5824K)->5769K(5824K) Class: 533K(640K)->533K(640K)
[16.054s][info][gc             ] GC(175) Pause Young (Allocation Failure) 2531M->2531M(2613M) 58.747ms
[16.054s][info][gc,cpu         ] GC(175) User=0.34s Sys=0.03s Real=0.06s
[16.054s][info][gc,start       ] GC(176) Pause Full (Ergonomics)
[16.054s][info][gc,phases,start] GC(176) Marking Phase
[16.645s][info][gc,phases      ] GC(176) Marking Phase 591.005ms
[16.645s][info][gc,phases,start] GC(176) Summary Phase
[16.646s][info][gc,phases      ] GC(176) Summary Phase 0.036ms
[16.646s][info][gc,phases,start] GC(176) Adjust Roots
[16.646s][info][gc,phases      ] GC(176) Adjust Roots 0.161ms
[16.646s][info][gc,phases,start] GC(176) Compaction Phase
[16.846s][info][gc,phases      ] GC(176) Compaction Phase 200.609ms
[16.846s][info][gc,phases,start] GC(176) Post Compact
[16.851s][info][gc,phases      ] GC(176) Post Compact 4.420ms
[16.851s][info][gc,heap        ] GC(176) PSYoungGen: 84832K(149504K)->65082K(149504K) Eden: 0K(30208K)->0K(30208K) From: 84832K(119296K)->65082K(119296K)
[16.851s][info][gc,heap        ] GC(176) ParOldGen: 2507703K(2526208K)->2525971K(2526208K)
[16.851s][info][gc,metaspace   ] GC(176) Metaspace: 6302K(6464K)->6302K(6464K) NonClass: 5769K(5824K)->5769K(5824K) Class: 533K(640K)->533K(640K)
[16.851s][info][gc             ] GC(176) Pause Full (Ergonomics) 2531M->2530M(2613M) 796.559ms
[16.851s][info][gc,cpu         ] GC(176) User=6.09s Sys=0.02s Real=0.80s
[16.890s][info][gc,start       ] GC(177) Pause Full (Ergonomics)
[16.890s][info][gc,phases,start] GC(177) Marking Phase
[17.487s][info][gc,phases      ] GC(177) Marking Phase 596.666ms
[17.487s][info][gc,phases,start] GC(177) Summary Phase
[17.487s][info][gc,phases      ] GC(177) Summary Phase 0.036ms
[17.487s][info][gc,phases,start] GC(177) Adjust Roots
[17.487s][info][gc,phases      ] GC(177) Adjust Roots 0.159ms
[17.487s][info][gc,phases,start] GC(177) Compaction Phase
[17.652s][info][gc,phases      ] GC(177) Compaction Phase 164.822ms
[17.652s][info][gc,phases,start] GC(177) Post Compact
[17.656s][info][gc,phases      ] GC(177) Post Compact 4.257ms
[17.656s][info][gc,heap        ] GC(177) PSYoungGen: 95290K(149504K)->95259K(149504K) Eden: 30208K(30208K)->30177K(30208K) From: 65082K(119296K)->65082K(119296K)
[17.656s][info][gc,heap        ] GC(177) ParOldGen: 2525971K(2526208K)->2525971K(2526208K)
[17.656s][info][gc,metaspace   ] GC(177) Metaspace: 6302K(6464K)->6302K(6464K) NonClass: 5769K(5824K)->5769K(5824K) Class: 533K(640K)->533K(640K)
[17.656s][info][gc             ] GC(177) Pause Full (Ergonomics) 2559M->2559M(2613M) 766.307ms
[17.656s][info][gc,cpu         ] GC(177) User=5.81s Sys=0.02s Real=0.77s
[17.657s][info][gc,start       ] GC(178) Pause Full (Ergonomics)
[17.657s][info][gc,phases,start] GC(178) Marking Phase
[18.258s][info][gc,phases      ] GC(178) Marking Phase 601.023ms
[18.258s][info][gc,phases,start] GC(178) Summary Phase
[18.258s][info][gc,phases      ] GC(178) Summary Phase 0.036ms
[18.258s][info][gc,phases,start] GC(178) Adjust Roots
[18.258s][info][gc,phases      ] GC(178) Adjust Roots 0.167ms
[18.258s][info][gc,phases,start] GC(178) Compaction Phase
[18.440s][info][gc,phases      ] GC(178) Compaction Phase 181.704ms
[18.440s][info][gc,phases,start] GC(178) Post Compact
[18.445s][info][gc,phases      ] GC(178) Post Compact 4.997ms
[18.445s][info][gc,heap        ] GC(178) PSYoungGen: 95290K(149504K)->95289K(149504K) Eden: 30208K(30208K)->30207K(30208K) From: 65082K(119296K)->65082K(119296K)
[18.445s][info][gc,heap        ] GC(178) ParOldGen: 2525971K(2526208K)->2525971K(2526208K)
[18.445s][info][gc,metaspace   ] GC(178) Metaspace: 6302K(6464K)->6302K(6464K) NonClass: 5769K(5824K)->5769K(5824K) Class: 533K(640K)->533K(640K)
[18.445s][info][gc             ] GC(178) Pause Full (Ergonomics) 2559M->2559M(2613M) 788.304ms
[18.445s][info][gc,cpu         ] GC(178) User=5.95s Sys=0.00s Real=0.79s
[18.445s][info][gc,start       ] GC(179) Pause Full (Ergonomics)
[18.445s][info][gc,phases,start] GC(179) Marking Phase
[19.050s][info][gc,phases      ] GC(179) Marking Phase 604.685ms
[19.050s][info][gc,phases,start] GC(179) Summary Phase
[19.050s][info][gc,phases      ] GC(179) Summary Phase 0.036ms
[19.050s][info][gc,phases,start] GC(179) Adjust Roots
[19.050s][info][gc,phases      ] GC(179) Adjust Roots 0.158ms
[19.050s][info][gc,phases,start] GC(179) Compaction Phase
[19.246s][info][gc,phases      ] GC(179) Compaction Phase 195.358ms
[19.246s][info][gc,phases,start] GC(179) Post Compact
[19.251s][info][gc,phases      ] GC(179) Post Compact 5.199ms
[19.251s][info][gc,heap        ] GC(179) PSYoungGen: 95290K(149504K)->95290K(149504K) Eden: 30208K(30208K)->30208K(30208K) From: 65082K(119296K)->65082K(119296K)
[19.251s][info][gc,heap        ] GC(179) ParOldGen: 2525971K(2526208K)->2525971K(2526208K)
[19.251s][info][gc,metaspace   ] GC(179) Metaspace: 6302K(6464K)->6302K(6464K) NonClass: 5769K(5824K)->5769K(5824K) Class: 533K(640K)->533K(640K)
[19.251s][info][gc             ] GC(179) Pause Full (Ergonomics) 2559M->2559M(2613M) 805.819ms
[19.251s][info][gc,cpu         ] GC(179) User=5.91s Sys=0.00s Real=0.81s
[19.251s][info][gc,start       ] GC(180) Pause Full (Ergonomics)
[19.251s][info][gc,phases,start] GC(180) Marking Phase
[19.862s][info][gc,phases      ] GC(180) Marking Phase 610.340ms
[19.862s][info][gc,phases,start] GC(180) Summary Phase
[19.862s][info][gc,phases      ] GC(180) Summary Phase 0.044ms
[19.862s][info][gc,phases,start] GC(180) Adjust Roots
[19.862s][info][gc,phases      ] GC(180) Adjust Roots 0.168ms
[19.862s][info][gc,phases,start] GC(180) Compaction Phase
[20.032s][info][gc,phases      ] GC(180) Compaction Phase 169.728ms
[20.032s][info][gc,phases,start] GC(180) Post Compact
[20.036s][info][gc,phases      ] GC(180) Post Compact 4.482ms
[20.036s][info][gc,heap        ] GC(180) PSYoungGen: 95290K(149504K)->95290K(149504K) Eden: 30208K(30208K)->30208K(30208K) From: 65082K(119296K)->65082K(119296K)
[20.036s][info][gc,heap        ] GC(180) ParOldGen: 2525976K(2526208K)->2525976K(2526208K)
[20.036s][info][gc,metaspace   ] GC(180) Metaspace: 6302K(6464K)->6302K(6464K) NonClass: 5769K(5824K)->5769K(5824K) Class: 533K(640K)->533K(640K)
[20.036s][info][gc             ] GC(180) Pause Full (Ergonomics) 2559M->2559M(2613M) 785.116ms
[20.036s][info][gc,cpu         ] GC(180) User=6.19s Sys=0.00s Real=0.79s
[20.037s][info][gc,start       ] GC(181) Pause Full (Ergonomics)
[20.037s][info][gc,phases,start] GC(181) Marking Phase
[20.652s][info][gc,phases      ] GC(181) Marking Phase 615.476ms
[20.652s][info][gc,phases,start] GC(181) Summary Phase
[20.652s][info][gc,phases      ] GC(181) Summary Phase 0.036ms
[20.652s][info][gc,phases,start] GC(181) Adjust Roots
[20.652s][info][gc,phases      ] GC(181) Adjust Roots 0.159ms
[20.652s][info][gc,phases,start] GC(181) Compaction Phase
[20.833s][info][gc,phases      ] GC(181) Compaction Phase 180.903ms
[20.833s][info][gc,phases,start] GC(181) Post Compact
[20.838s][info][gc,phases      ] GC(181) Post Compact 4.797ms
[20.838s][info][gc,heap        ] GC(181) PSYoungGen: 95290K(149504K)->95290K(149504K) Eden: 30208K(30208K)->30208K(30208K) From: 65082K(119296K)->65082K(119296K)
[20.838s][info][gc,heap        ] GC(181) ParOldGen: 2525981K(2526208K)->2525981K(2526208K)
[20.838s][info][gc,metaspace   ] GC(181) Metaspace: 6302K(6464K)->6302K(6464K) NonClass: 5769K(5824K)->5769K(5824K) Class: 533K(640K)->533K(640K)
[20.838s][info][gc             ] GC(181) Pause Full (Ergonomics) 2559M->2559M(2613M) 801.705ms
[20.838s][info][gc,cpu         ] GC(181) User=6.05s Sys=0.02s Real=0.80s
[20.839s][info][gc,start       ] GC(182) Pause Full (Ergonomics)
[20.839s][info][gc,phases,start] GC(182) Marking Phase
[21.434s][info][gc,phases      ] GC(182) Marking Phase 595.132ms
[21.434s][info][gc,phases,start] GC(182) Summary Phase
[21.434s][info][gc,phases      ] GC(182) Summary Phase 0.055ms
[21.434s][info][gc,phases,start] GC(182) Adjust Roots
[21.434s][info][gc,phases      ] GC(182) Adjust Roots 0.253ms
[21.434s][info][gc,phases,start] GC(182) Compaction Phase
[21.600s][info][gc,phases      ] GC(182) Compaction Phase 165.844ms
[21.600s][info][gc,phases,start] GC(182) Post Compact
[21.605s][info][gc,phases      ] GC(182) Post Compact 4.456ms
[21.605s][info][gc,heap        ] GC(182) PSYoungGen: 95290K(149504K)->95290K(149504K) Eden: 30208K(30208K)->30208K(30208K) From: 65082K(119296K)->65082K(119296K)
[21.605s][info][gc,heap        ] GC(182) ParOldGen: 2525986K(2526208K)->2525986K(2526208K)
[21.605s][info][gc,metaspace   ] GC(182) Metaspace: 6302K(6464K)->6302K(6464K) NonClass: 5769K(5824K)->5769K(5824K) Class: 533K(640K)->533K(640K)
[21.605s][info][gc             ] GC(182) Pause Full (Ergonomics) 2559M->2559M(2613M) 766.139ms
[21.605s][info][gc,cpu         ] GC(182) User=5.80s Sys=0.00s Real=0.77s
[21.605s][info][gc,start       ] GC(183) Pause Full (Ergonomics)
[21.605s][info][gc,phases,start] GC(183) Marking Phase
[22.222s][info][gc,phases      ] GC(183) Marking Phase 617.137ms
[22.222s][info][gc,phases,start] GC(183) Summary Phase
[22.222s][info][gc,phases      ] GC(183) Summary Phase 0.037ms
[22.222s][info][gc,phases,start] GC(183) Adjust Roots
[22.222s][info][gc,phases      ] GC(183) Adjust Roots 0.162ms
[22.222s][info][gc,phases,start] GC(183) Compaction Phase
[22.403s][info][gc,phases      ] GC(183) Compaction Phase 180.169ms
[22.403s][info][gc,phases,start] GC(183) Post Compact
[22.407s][info][gc,phases      ] GC(183) Post Compact 4.849ms
[22.408s][info][gc,heap        ] GC(183) PSYoungGen: 95290K(149504K)->95290K(149504K) Eden: 30208K(30208K)->30208K(30208K) From: 65082K(119296K)->65082K(119296K)
[22.408s][info][gc,heap        ] GC(183) ParOldGen: 2525990K(2526208K)->2525990K(2526208K)
[22.408s][info][gc,metaspace   ] GC(183) Metaspace: 6302K(6464K)->6302K(6464K) NonClass: 5769K(5824K)->5769K(5824K) Class: 533K(640K)->533K(640K)
[22.408s][info][gc             ] GC(183) Pause Full (Ergonomics) 2559M->2559M(2613M) 802.713ms
[22.408s][info][gc,cpu         ] GC(183) User=6.05s Sys=0.00s Real=0.80s
[22.408s][info][gc,start       ] GC(184) Pause Full (Ergonomics)
[22.408s][info][gc,phases,start] GC(184) Marking Phase
[23.015s][info][gc,phases      ] GC(184) Marking Phase 607.553ms
[23.016s][info][gc,phases,start] GC(184) Summary Phase
[23.016s][info][gc,phases      ] GC(184) Summary Phase 0.036ms
[23.016s][info][gc,phases,start] GC(184) Adjust Roots
[23.016s][info][gc,phases      ] GC(184) Adjust Roots 0.162ms
[23.016s][info][gc,phases,start] GC(184) Compaction Phase
[23.196s][info][gc,phases      ] GC(184) Compaction Phase 180.556ms
[23.196s][info][gc,phases,start] GC(184) Post Compact
[23.201s][info][gc,phases      ] GC(184) Post Compact 4.889ms
[23.201s][info][gc,heap        ] GC(184) PSYoungGen: 95290K(149504K)->95290K(149504K) Eden: 30208K(30208K)->30208K(30208K) From: 65082K(119296K)->65082K(119296K)
[23.201s][info][gc,heap        ] GC(184) ParOldGen: 2525995K(2526208K)->2525995K(2526208K)
[23.201s][info][gc,metaspace   ] GC(184) Metaspace: 6302K(6464K)->6302K(6464K) NonClass: 5769K(5824K)->5769K(5824K) Class: 533K(640K)->533K(640K)
[23.201s][info][gc             ] GC(184) Pause Full (Ergonomics) 2559M->2559M(2613M) 793.554ms
[23.201s][info][gc,cpu         ] GC(184) User=6.06s Sys=0.00s Real=0.79s
[23.202s][info][gc,start       ] GC(185) Pause Full (Ergonomics)
[23.202s][info][gc,phases,start] GC(185) Marking Phase
[23.799s][info][gc,phases      ] GC(185) Marking Phase 596.942ms
[23.799s][info][gc,phases,start] GC(185) Summary Phase
[23.799s][info][gc,phases      ] GC(185) Summary Phase 0.036ms
[23.799s][info][gc,phases,start] GC(185) Adjust Roots
[23.799s][info][gc,phases      ] GC(185) Adjust Roots 0.159ms
[23.799s][info][gc,phases,start] GC(185) Compaction Phase
[23.981s][info][gc,phases      ] GC(185) Compaction Phase 182.079ms
[23.981s][info][gc,phases,start] GC(185) Post Compact
[23.985s][info][gc,phases      ] GC(185) Post Compact 4.394ms
[23.986s][info][gc,heap        ] GC(185) PSYoungGen: 95290K(149504K)->95290K(149504K) Eden: 30208K(30208K)->30208K(30208K) From: 65082K(119296K)->65082K(119296K)
[23.986s][info][gc,heap        ] GC(185) ParOldGen: 2526000K(2526208K)->2526000K(2526208K)
[23.986s][info][gc,metaspace   ] GC(185) Metaspace: 6302K(6464K)->6302K(6464K) NonClass: 5769K(5824K)->5769K(5824K) Class: 533K(640K)->533K(640K)
[23.986s][info][gc             ] GC(185) Pause Full (Ergonomics) 2559M->2559M(2613M) 783.965ms
[23.986s][info][gc,cpu         ] GC(185) User=6.06s Sys=0.00s Real=0.78s
[23.986s][info][gc,start       ] GC(186) Pause Full (Ergonomics)
[23.986s][info][gc,phases,start] GC(186) Marking Phase
[24.586s][info][gc,phases      ] GC(186) Marking Phase 600.282ms
[24.586s][info][gc,phases,start] GC(186) Summary Phase
[24.586s][info][gc,phases      ] GC(186) Summary Phase 0.042ms
[24.586s][info][gc,phases,start] GC(186) Adjust Roots
[24.586s][info][gc,phases      ] GC(186) Adjust Roots 0.166ms
[24.586s][info][gc,phases,start] GC(186) Compaction Phase
[24.758s][info][gc,phases      ] GC(186) Compaction Phase 171.762ms
[24.758s][info][gc,phases,start] GC(186) Post Compact
[24.763s][info][gc,phases      ] GC(186) Post Compact 4.415ms
[24.763s][info][gc,heap        ] GC(186) PSYoungGen: 95290K(149504K)->95290K(149504K) Eden: 30208K(30208K)->30208K(30208K) From: 65082K(119296K)->65082K(119296K)
[24.763s][info][gc,heap        ] GC(186) ParOldGen: 2526005K(2526208K)->2526005K(2526208K)
[24.763s][info][gc,metaspace   ] GC(186) Metaspace: 6302K(6464K)->6302K(6464K) NonClass: 5769K(5824K)->5769K(5824K) Class: 533K(640K)->533K(640K)
[24.763s][info][gc             ] GC(186) Pause Full (Ergonomics) 2559M->2559M(2613M) 777.013ms
[24.763s][info][gc,cpu         ] GC(186) User=5.94s Sys=0.00s Real=0.78s
[24.763s][info][gc,start       ] GC(187) Pause Full (Ergonomics)
[24.763s][info][gc,phases,start] GC(187) Marking Phase
[25.368s][info][gc,phases      ] GC(187) Marking Phase 605.146ms
[25.368s][info][gc,phases,start] GC(187) Summary Phase
[25.368s][info][gc,phases      ] GC(187) Summary Phase 0.036ms
[25.368s][info][gc,phases,start] GC(187) Adjust Roots
[25.368s][info][gc,phases      ] GC(187) Adjust Roots 0.166ms
[25.369s][info][gc,phases,start] GC(187) Compaction Phase
[25.544s][info][gc,phases      ] GC(187) Compaction Phase 175.039ms
[25.544s][info][gc,phases,start] GC(187) Post Compact
[25.548s][info][gc,phases      ] GC(187) Post Compact 4.401ms
[25.548s][info][gc,heap        ] GC(187) PSYoungGen: 95290K(149504K)->95290K(149504K) Eden: 30208K(30208K)->30208K(30208K) From: 65082K(119296K)->65082K(119296K)
[25.548s][info][gc,heap        ] GC(187) ParOldGen: 2526010K(2526208K)->2526010K(2526208K)
[25.548s][info][gc,metaspace   ] GC(187) Metaspace: 6302K(6464K)->6302K(6464K) NonClass: 5769K(5824K)->5769K(5824K) Class: 533K(640K)->533K(640K)
[25.548s][info][gc             ] GC(187) Pause Full (Ergonomics) 2559M->2559M(2613M) 785.106ms
[25.548s][info][gc,cpu         ] GC(187) User=5.92s Sys=0.00s Real=0.78s
[25.548s][info][gc,start       ] GC(188) Pause Full (Ergonomics)
[25.548s][info][gc,phases,start] GC(188) Marking Phase
[26.163s][info][gc,phases      ] GC(188) Marking Phase 614.666ms
[26.163s][info][gc,phases,start] GC(188) Summary Phase
[26.163s][info][gc,phases      ] GC(188) Summary Phase 0.035ms
[26.163s][info][gc,phases,start] GC(188) Adjust Roots
[26.163s][info][gc,phases      ] GC(188) Adjust Roots 0.161ms
[26.163s][info][gc,phases,start] GC(188) Compaction Phase
[26.325s][info][gc,phases      ] GC(188) Compaction Phase 162.115ms
[26.326s][info][gc,phases,start] GC(188) Post Compact
[26.330s][info][gc,phases      ] GC(188) Post Compact 4.525ms
[26.330s][info][gc,heap        ] GC(188) PSYoungGen: 95290K(149504K)->95290K(149504K) Eden: 30208K(30208K)->30208K(30208K) From: 65082K(119296K)->65082K(119296K)
[26.330s][info][gc,heap        ] GC(188) ParOldGen: 2526015K(2526208K)->2526015K(2526208K)
[26.330s][info][gc,metaspace   ] GC(188) Metaspace: 6302K(6464K)->6302K(6464K) NonClass: 5769K(5824K)->5769K(5824K) Class: 533K(640K)->533K(640K)
[26.330s][info][gc             ] GC(188) Pause Full (Ergonomics) 2559M->2559M(2613M) 781.854ms
[26.330s][info][gc,cpu         ] GC(188) User=6.05s Sys=0.02s Real=0.78s
[26.330s][info][gc,start       ] GC(189) Pause Full (Ergonomics)
[26.330s][info][gc,phases,start] GC(189) Marking Phase
[26.932s][info][gc,phases      ] GC(189) Marking Phase 601.239ms
[26.932s][info][gc,phases,start] GC(189) Summary Phase
[26.932s][info][gc,phases      ] GC(189) Summary Phase 0.036ms
[26.932s][info][gc,phases,start] GC(189) Adjust Roots
[26.932s][info][gc,phases      ] GC(189) Adjust Roots 0.181ms
[26.932s][info][gc,phases,start] GC(189) Compaction Phase
[27.102s][info][gc,phases      ] GC(189) Compaction Phase 169.719ms
[27.102s][info][gc,phases,start] GC(189) Post Compact
[27.106s][info][gc,phases      ] GC(189) Post Compact 4.536ms
[27.106s][info][gc,heap        ] GC(189) PSYoungGen: 95290K(149504K)->95290K(149504K) Eden: 30208K(30208K)->30208K(30208K) From: 65082K(119296K)->65082K(119296K)
[27.106s][info][gc,heap        ] GC(189) ParOldGen: 2526019K(2526208K)->2526019K(2526208K)
[27.106s][info][gc,metaspace   ] GC(189) Metaspace: 6302K(6464K)->6302K(6464K) NonClass: 5769K(5824K)->5769K(5824K) Class: 533K(640K)->533K(640K)
[27.107s][info][gc             ] GC(189) Pause Full (Ergonomics) 2559M->2559M(2613M) 776.057ms
[27.107s][info][gc,cpu         ] GC(189) User=5.95s Sys=0.00s Real=0.78s
[27.107s][info][gc,start       ] GC(190) Pause Full (Ergonomics)
[27.107s][info][gc,phases,start] GC(190) Marking Phase
[27.697s][info][gc,phases      ] GC(190) Marking Phase 590.017ms
[27.697s][info][gc,phases,start] GC(190) Summary Phase
[27.697s][info][gc,phases      ] GC(190) Summary Phase 0.036ms
[27.697s][info][gc,phases,start] GC(190) Adjust Roots
[27.697s][info][gc,phases      ] GC(190) Adjust Roots 0.158ms
[27.697s][info][gc,phases,start] GC(190) Compaction Phase
[27.874s][info][gc,phases      ] GC(190) Compaction Phase 177.065ms
[27.874s][info][gc,phases,start] GC(190) Post Compact
[27.879s][info][gc,phases      ] GC(190) Post Compact 4.725ms
[27.879s][info][gc,heap        ] GC(190) PSYoungGen: 95290K(149504K)->95290K(149504K) Eden: 30208K(30208K)->30208K(30208K) From: 65082K(119296K)->65082K(119296K)
[27.879s][info][gc,heap        ] GC(190) ParOldGen: 2526024K(2526208K)->2526024K(2526208K)
[27.879s][info][gc,metaspace   ] GC(190) Metaspace: 6302K(6464K)->6302K(6464K) NonClass: 5769K(5824K)->5769K(5824K) Class: 533K(640K)->533K(640K)
[27.879s][info][gc             ] GC(190) Pause Full (Ergonomics) 2559M->2559M(2613M) 772.367ms
[27.879s][info][gc,cpu         ] GC(190) User=5.81s Sys=0.00s Real=0.77s
[27.879s][info][gc,start       ] GC(191) Pause Full (Ergonomics)
[27.879s][info][gc,phases,start] GC(191) Marking Phase
[28.466s][info][gc,phases      ] GC(191) Marking Phase 586.697ms
[28.466s][info][gc,phases,start] GC(191) Summary Phase
[28.466s][info][gc,phases      ] GC(191) Summary Phase 0.043ms
[28.466s][info][gc,phases,start] GC(191) Adjust Roots
[28.466s][info][gc,phases      ] GC(191) Adjust Roots 0.174ms
[28.466s][info][gc,phases,start] GC(191) Compaction Phase
[28.632s][info][gc,phases      ] GC(191) Compaction Phase 165.185ms
[28.632s][info][gc,phases,start] GC(191) Post Compact
[28.636s][info][gc,phases      ] GC(191) Post Compact 4.464ms
[28.636s][info][gc,heap        ] GC(191) PSYoungGen: 95290K(149504K)->95290K(149504K) Eden: 30208K(30208K)->30208K(30208K) From: 65082K(119296K)->65082K(119296K)
[28.636s][info][gc,heap        ] GC(191) ParOldGen: 2526029K(2526208K)->2526029K(2526208K)
[28.636s][info][gc,metaspace   ] GC(191) Metaspace: 6302K(6464K)->6302K(6464K) NonClass: 5769K(5824K)->5769K(5824K) Class: 533K(640K)->533K(640K)
[28.636s][info][gc             ] GC(191) Pause Full (Ergonomics) 2559M->2559M(2613M) 756.932ms
[28.636s][info][gc,cpu         ] GC(191) User=5.70s Sys=0.00s Real=0.76s
[28.637s][info][gc,start       ] GC(192) Pause Full (Ergonomics)
[28.637s][info][gc,phases,start] GC(192) Marking Phase
[29.232s][info][gc,phases      ] GC(192) Marking Phase 595.842ms
[29.232s][info][gc,phases,start] GC(192) Summary Phase
[29.233s][info][gc,phases      ] GC(192) Summary Phase 0.036ms
[29.233s][info][gc,phases,start] GC(192) Adjust Roots
[29.233s][info][gc,phases      ] GC(192) Adjust Roots 0.163ms
[29.233s][info][gc,phases,start] GC(192) Compaction Phase
[29.401s][info][gc,phases      ] GC(192) Compaction Phase 168.269ms
[29.401s][info][gc,phases,start] GC(192) Post Compact
[29.406s][info][gc,phases      ] GC(192) Post Compact 4.759ms
[29.406s][info][gc,heap        ] GC(192) PSYoungGen: 95290K(149504K)->95290K(149504K) Eden: 30208K(30208K)->30208K(30208K) From: 65082K(119296K)->65082K(119296K)
[29.406s][info][gc,heap        ] GC(192) ParOldGen: 2526034K(2526208K)->2526034K(2526208K)
[29.406s][info][gc,metaspace   ] GC(192) Metaspace: 6302K(6464K)->6302K(6464K) NonClass: 5769K(5824K)->5769K(5824K) Class: 533K(640K)->533K(640K)
[29.406s][info][gc             ] GC(192) Pause Full (Ergonomics) 2559M->2559M(2613M) 769.436ms
[29.406s][info][gc,cpu         ] GC(192) User=5.95s Sys=0.00s Real=0.77s
[29.406s][info][gc,start       ] GC(193) Pause Full (Ergonomics)
[29.406s][info][gc,phases,start] GC(193) Marking Phase
[30.013s][info][gc,phases      ] GC(193) Marking Phase 607.229ms
[30.014s][info][gc,phases,start] GC(193) Summary Phase
[30.014s][info][gc,phases      ] GC(193) Summary Phase 0.036ms
[30.014s][info][gc,phases,start] GC(193) Adjust Roots
[30.014s][info][gc,phases      ] GC(193) Adjust Roots 0.182ms
[30.014s][info][gc,phases,start] GC(193) Compaction Phase
[30.186s][info][gc,phases      ] GC(193) Compaction Phase 172.535ms
[30.186s][info][gc,phases,start] GC(193) Post Compact
[30.191s][info][gc,phases      ] GC(193) Post Compact 5.071ms
[30.192s][info][gc,heap        ] GC(193) PSYoungGen: 95290K(149504K)->95290K(149504K) Eden: 30208K(30208K)->30208K(30208K) From: 65082K(119296K)->65082K(119296K)
[30.192s][info][gc,heap        ] GC(193) ParOldGen: 2526039K(2526208K)->2526039K(2526208K)
[30.192s][info][gc,metaspace   ] GC(193) Metaspace: 6302K(6464K)->6302K(6464K) NonClass: 5769K(5824K)->5769K(5824K) Class: 533K(640K)->533K(640K)
[30.192s][info][gc             ] GC(193) Pause Full (Ergonomics) 2559M->2559M(2613M) 785.392ms
[30.192s][info][gc,cpu         ] GC(193) User=5.94s Sys=0.02s Real=0.79s
[30.192s][info][gc,start       ] GC(194) Pause Full (Ergonomics)
[30.192s][info][gc,phases,start] GC(194) Marking Phase
[30.790s][info][gc,phases      ] GC(194) Marking Phase 598.228ms
[30.790s][info][gc,phases,start] GC(194) Summary Phase
[30.790s][info][gc,phases      ] GC(194) Summary Phase 0.036ms
[30.790s][info][gc,phases,start] GC(194) Adjust Roots
[30.790s][info][gc,phases      ] GC(194) Adjust Roots 0.165ms
[30.790s][info][gc,phases,start] GC(194) Compaction Phase
[30.961s][info][gc,phases      ] GC(194) Compaction Phase 170.108ms
[30.961s][info][gc,phases,start] GC(194) Post Compact
[30.965s][info][gc,phases      ] GC(194) Post Compact 4.498ms
[30.965s][info][gc,heap        ] GC(194) PSYoungGen: 95290K(149504K)->95290K(149504K) Eden: 30208K(30208K)->30208K(30208K) From: 65082K(119296K)->65082K(119296K)
[30.965s][info][gc,heap        ] GC(194) ParOldGen: 2526044K(2526208K)->2526044K(2526208K)
[30.965s][info][gc,metaspace   ] GC(194) Metaspace: 6302K(6464K)->6302K(6464K) NonClass: 5769K(5824K)->5769K(5824K) Class: 533K(640K)->533K(640K)
[30.965s][info][gc             ] GC(194) Pause Full (Ergonomics) 2559M->2559M(2613M) 773.392ms
[30.965s][info][gc,cpu         ] GC(194) User=5.88s Sys=0.00s Real=0.77s
[30.965s][info][gc,start       ] GC(195) Pause Full (Ergonomics)
[30.966s][info][gc,phases,start] GC(195) Marking Phase
[31.583s][info][gc,phases      ] GC(195) Marking Phase 617.649ms
[31.583s][info][gc,phases,start] GC(195) Summary Phase
[31.583s][info][gc,phases      ] GC(195) Summary Phase 0.036ms
[31.583s][info][gc,phases,start] GC(195) Adjust Roots
[31.583s][info][gc,phases      ] GC(195) Adjust Roots 0.156ms
[31.583s][info][gc,phases,start] GC(195) Compaction Phase
[31.764s][info][gc,phases      ] GC(195) Compaction Phase 180.869ms
[31.764s][info][gc,phases,start] GC(195) Post Compact
[31.769s][info][gc,phases      ] GC(195) Post Compact 4.843ms
[31.769s][info][gc,heap        ] GC(195) PSYoungGen: 95290K(149504K)->95290K(149504K) Eden: 30208K(30208K)->30208K(30208K) From: 65082K(119296K)->65082K(119296K)
[31.769s][info][gc,heap        ] GC(195) ParOldGen: 2526048K(2526208K)->2526048K(2526208K)
[31.769s][info][gc,metaspace   ] GC(195) Metaspace: 6302K(6464K)->6302K(6464K) NonClass: 5769K(5824K)->5769K(5824K) Class: 533K(640K)->533K(640K)
[31.769s][info][gc             ] GC(195) Pause Full (Ergonomics) 2559M->2559M(2613M) 803.906ms
[31.769s][info][gc,cpu         ] GC(195) User=6.09s Sys=0.00s Real=0.80s
[31.770s][info][gc,start       ] GC(196) Pause Full (Ergonomics)
[31.770s][info][gc,phases,start] GC(196) Marking Phase
[32.368s][info][gc,phases      ] GC(196) Marking Phase 598.435ms
[32.368s][info][gc,phases,start] GC(196) Summary Phase
[32.368s][info][gc,phases      ] GC(196) Summary Phase 0.045ms
[32.368s][info][gc,phases,start] GC(196) Adjust Roots
[32.368s][info][gc,phases      ] GC(196) Adjust Roots 0.190ms
[32.368s][info][gc,phases,start] GC(196) Compaction Phase
[32.536s][info][gc,phases      ] GC(196) Compaction Phase 167.799ms
[32.536s][info][gc,phases,start] GC(196) Post Compact
[32.544s][info][gc,phases      ] GC(196) Post Compact 7.196ms
[32.544s][info][gc,heap        ] GC(196) PSYoungGen: 95290K(149504K)->95290K(149504K) Eden: 30208K(30208K)->30208K(30208K) From: 65082K(119296K)->65082K(119296K)
[32.544s][info][gc,heap        ] GC(196) ParOldGen: 2526053K(2526208K)->2526053K(2526208K)
[32.544s][info][gc,metaspace   ] GC(196) Metaspace: 6302K(6464K)->6302K(6464K) NonClass: 5769K(5824K)->5769K(5824K) Class: 533K(640K)->533K(640K)
[32.544s][info][gc             ] GC(196) Pause Full (Ergonomics) 2559M->2559M(2613M) 774.116ms
[32.544s][info][gc,cpu         ] GC(196) User=5.75s Sys=0.02s Real=0.77s
[32.544s][info][gc,start       ] GC(197) Pause Full (Ergonomics)
[32.544s][info][gc,phases,start] GC(197) Marking Phase
[33.157s][info][gc,phases      ] GC(197) Marking Phase 613.340ms
[33.157s][info][gc,phases,start] GC(197) Summary Phase
[33.157s][info][gc,phases      ] GC(197) Summary Phase 0.036ms
[33.157s][info][gc,phases,start] GC(197) Adjust Roots
[33.158s][info][gc,phases      ] GC(197) Adjust Roots 0.159ms
[33.158s][info][gc,phases,start] GC(197) Compaction Phase
[33.327s][info][gc,phases      ] GC(197) Compaction Phase 169.707ms
[33.327s][info][gc,phases,start] GC(197) Post Compact
[33.332s][info][gc,phases      ] GC(197) Post Compact 4.979ms
[33.333s][info][gc,heap        ] GC(197) PSYoungGen: 95290K(149504K)->95290K(149504K) Eden: 30208K(30208K)->30208K(30208K) From: 65082K(119296K)->65082K(119296K)
[33.333s][info][gc,heap        ] GC(197) ParOldGen: 2526058K(2526208K)->2526058K(2526208K)
[33.333s][info][gc,metaspace   ] GC(197) Metaspace: 6302K(6464K)->6302K(6464K) NonClass: 5769K(5824K)->5769K(5824K) Class: 533K(640K)->533K(640K)
[33.333s][info][gc             ] GC(197) Pause Full (Ergonomics) 2559M->2559M(2613M) 788.589ms
[33.333s][info][gc,cpu         ] GC(197) User=6.11s Sys=0.00s Real=0.79s
[33.333s][info][gc,start       ] GC(198) Pause Full (Ergonomics)
[33.333s][info][gc,phases,start] GC(198) Marking Phase
[33.932s][info][gc,phases      ] GC(198) Marking Phase 599.525ms
[33.932s][info][gc,phases,start] GC(198) Summary Phase
[33.933s][info][gc,phases      ] GC(198) Summary Phase 0.042ms
[33.933s][info][gc,phases,start] GC(198) Adjust Roots
[33.933s][info][gc,phases      ] GC(198) Adjust Roots 0.164ms
[33.933s][info][gc,phases,start] GC(198) Compaction Phase
[34.115s][info][gc,phases      ] GC(198) Compaction Phase 182.305ms
[34.115s][info][gc,phases,start] GC(198) Post Compact
[34.120s][info][gc,phases      ] GC(198) Post Compact 4.429ms
[34.120s][info][gc,heap        ] GC(198) PSYoungGen: 95290K(149504K)->95290K(149504K) Eden: 30208K(30208K)->30208K(30208K) From: 65082K(119296K)->65082K(119296K)
[34.120s][info][gc,heap        ] GC(198) ParOldGen: 2526063K(2526208K)->2526063K(2526208K)
[34.120s][info][gc,metaspace   ] GC(198) Metaspace: 6302K(6464K)->6302K(6464K) NonClass: 5769K(5824K)->5769K(5824K) Class: 533K(640K)->533K(640K)
[34.120s][info][gc             ] GC(198) Pause Full (Ergonomics) 2559M->2559M(2613M) 786.802ms
[34.120s][info][gc,cpu         ] GC(198) User=5.86s Sys=0.00s Real=0.79s
[34.120s][info][gc,start       ] GC(199) Pause Full (Ergonomics)
[34.120s][info][gc,phases,start] GC(199) Marking Phase
[34.717s][info][gc,phases      ] GC(199) Marking Phase 596.741ms
[34.717s][info][gc,phases,start] GC(199) Summary Phase
[34.717s][info][gc,phases      ] GC(199) Summary Phase 0.035ms
[34.717s][info][gc,phases,start] GC(199) Adjust Roots
[34.717s][info][gc,phases      ] GC(199) Adjust Roots 0.157ms
[34.717s][info][gc,phases,start] GC(199) Compaction Phase
[34.883s][info][gc,phases      ] GC(199) Compaction Phase 166.376ms
[34.883s][info][gc,phases,start] GC(199) Post Compact
[34.888s][info][gc,phases      ] GC(199) Post Compact 4.956ms
[34.888s][info][gc,heap        ] GC(199) PSYoungGen: 95290K(149504K)->95290K(149504K) Eden: 30208K(30208K)->30208K(30208K) From: 65082K(119296K)->65082K(119296K)
[34.888s][info][gc,heap        ] GC(199) ParOldGen: 2526068K(2526208K)->2526068K(2526208K)
[34.888s][info][gc,metaspace   ] GC(199) Metaspace: 6302K(6464K)->6302K(6464K) NonClass: 5769K(5824K)->5769K(5824K) Class: 533K(640K)->533K(640K)
[34.889s][info][gc             ] GC(199) Pause Full (Ergonomics) 2559M->2559M(2613M) 768.626ms
[34.889s][info][gc,cpu         ] GC(199) User=5.86s Sys=0.00s Real=0.77s
[34.889s][info][gc,start       ] GC(200) Pause Full (Ergonomics)
[34.889s][info][gc,phases,start] GC(200) Marking Phase
[35.507s][info][gc,phases      ] GC(200) Marking Phase 617.866ms
[35.507s][info][gc,phases,start] GC(200) Summary Phase
[35.507s][info][gc,phases      ] GC(200) Summary Phase 0.040ms
[35.507s][info][gc,phases,start] GC(200) Adjust Roots
[35.507s][info][gc,phases      ] GC(200) Adjust Roots 0.209ms
[35.507s][info][gc,phases,start] GC(200) Compaction Phase
[35.679s][info][gc,phases      ] GC(200) Compaction Phase 171.665ms
[35.679s][info][gc,phases,start] GC(200) Post Compact
[35.684s][info][gc,phases      ] GC(200) Post Compact 5.003ms
[35.684s][info][gc,heap        ] GC(200) PSYoungGen: 95290K(149504K)->95290K(149504K) Eden: 30208K(30208K)->30208K(30208K) From: 65082K(119296K)->65082K(119296K)
[35.684s][info][gc,heap        ] GC(200) ParOldGen: 2526073K(2526208K)->2526073K(2526208K)
[35.684s][info][gc,metaspace   ] GC(200) Metaspace: 6302K(6464K)->6302K(6464K) NonClass: 5769K(5824K)->5769K(5824K) Class: 533K(640K)->533K(640K)
[35.684s][info][gc             ] GC(200) Pause Full (Ergonomics) 2559M->2559M(2613M) 795.105ms
[35.684s][info][gc,cpu         ] GC(200) User=6.05s Sys=0.00s Real=0.80s
[35.684s][info][gc,start       ] GC(201) Pause Full (Ergonomics)
[35.684s][info][gc,phases,start] GC(201) Marking Phase
[36.288s][info][gc,phases      ] GC(201) Marking Phase 603.957ms
[36.288s][info][gc,phases,start] GC(201) Summary Phase
[36.288s][info][gc,phases      ] GC(201) Summary Phase 0.037ms
[36.288s][info][gc,phases,start] GC(201) Adjust Roots
[36.288s][info][gc,phases      ] GC(201) Adjust Roots 0.158ms
[36.288s][info][gc,phases,start] GC(201) Compaction Phase
[36.467s][info][gc,phases      ] GC(201) Compaction Phase 178.506ms
[36.467s][info][gc,phases,start] GC(201) Post Compact
[36.471s][info][gc,phases      ] GC(201) Post Compact 4.402ms
[36.471s][info][gc,heap        ] GC(201) PSYoungGen: 95290K(149504K)->95290K(149504K) Eden: 30208K(30208K)->30208K(30208K) From: 65082K(119296K)->65082K(119296K)
[36.471s][info][gc,heap        ] GC(201) ParOldGen: 2526077K(2526208K)->2526077K(2526208K)
[36.471s][info][gc,metaspace   ] GC(201) Metaspace: 6302K(6464K)->6302K(6464K) NonClass: 5769K(5824K)->5769K(5824K) Class: 533K(640K)->533K(640K)
[36.472s][info][gc             ] GC(201) Pause Full (Ergonomics) 2559M->2559M(2613M) 787.406ms
[36.472s][info][gc,cpu         ] GC(201) User=5.97s Sys=0.00s Real=0.79s
[36.472s][info][gc,start       ] GC(202) Pause Full (Ergonomics)
[36.472s][info][gc,phases,start] GC(202) Marking Phase
[37.062s][info][gc,phases      ] GC(202) Marking Phase 589.880ms
[37.062s][info][gc,phases,start] GC(202) Summary Phase
[37.062s][info][gc,phases      ] GC(202) Summary Phase 0.043ms
[37.062s][info][gc,phases,start] GC(202) Adjust Roots
[37.062s][info][gc,phases      ] GC(202) Adjust Roots 0.195ms
[37.062s][info][gc,phases,start] GC(202) Compaction Phase
[37.236s][info][gc,phases      ] GC(202) Compaction Phase 174.366ms
[37.236s][info][gc,phases,start] GC(202) Post Compact
[37.241s][info][gc,phases      ] GC(202) Post Compact 4.697ms
[37.241s][info][gc,heap        ] GC(202) PSYoungGen: 95290K(149504K)->95290K(149504K) Eden: 30208K(30208K)->30208K(30208K) From: 65082K(119296K)->65082K(119296K)
[37.241s][info][gc,heap        ] GC(202) ParOldGen: 2526082K(2526208K)->2526082K(2526208K)
[37.241s][info][gc,metaspace   ] GC(202) Metaspace: 6302K(6464K)->6302K(6464K) NonClass: 5769K(5824K)->5769K(5824K) Class: 533K(640K)->533K(640K)
[37.241s][info][gc             ] GC(202) Pause Full (Ergonomics) 2559M->2559M(2613M) 769.534ms
[37.241s][info][gc,cpu         ] GC(202) User=5.94s Sys=0.00s Real=0.77s
[37.241s][info][gc,start       ] GC(203) Pause Full (Ergonomics)
[37.242s][info][gc,phases,start] GC(203) Marking Phase
[37.845s][info][gc,phases      ] GC(203) Marking Phase 603.807ms
[37.845s][info][gc,phases,start] GC(203) Summary Phase
[37.845s][info][gc,phases      ] GC(203) Summary Phase 0.036ms
[37.845s][info][gc,phases,start] GC(203) Adjust Roots
[37.846s][info][gc,phases      ] GC(203) Adjust Roots 0.184ms
[37.846s][info][gc,phases,start] GC(203) Compaction Phase
[38.036s][info][gc,phases      ] GC(203) Compaction Phase 190.075ms
[38.036s][info][gc,phases,start] GC(203) Post Compact
[38.041s][info][gc,phases      ] GC(203) Post Compact 5.337ms
[38.041s][info][gc,heap        ] GC(203) PSYoungGen: 95290K(149504K)->95290K(149504K) Eden: 30208K(30208K)->30208K(30208K) From: 65082K(119296K)->65082K(119296K)
[38.041s][info][gc,heap        ] GC(203) ParOldGen: 2526087K(2526208K)->2526087K(2526208K)
[38.041s][info][gc,metaspace   ] GC(203) Metaspace: 6302K(6464K)->6302K(6464K) NonClass: 5769K(5824K)->5769K(5824K) Class: 533K(640K)->533K(640K)
[38.041s][info][gc             ] GC(203) Pause Full (Ergonomics) 2559M->2559M(2613M) 799.815ms
[38.041s][info][gc,cpu         ] GC(203) User=6.05s Sys=0.00s Real=0.80s
[38.042s][info][gc,start       ] GC(204) Pause Full (Ergonomics)
[38.042s][info][gc,phases,start] GC(204) Marking Phase
[38.641s][info][gc,phases      ] GC(204) Marking Phase 599.303ms
[38.641s][info][gc,phases,start] GC(204) Summary Phase
[38.641s][info][gc,phases      ] GC(204) Summary Phase 0.039ms
[38.641s][info][gc,phases,start] GC(204) Adjust Roots
[38.641s][info][gc,phases      ] GC(204) Adjust Roots 0.179ms
[38.641s][info][gc,phases,start] GC(204) Compaction Phase
[38.812s][info][gc,phases      ] GC(204) Compaction Phase 170.482ms
[38.812s][info][gc,phases,start] GC(204) Post Compact
[38.817s][info][gc,phases      ] GC(204) Post Compact 5.059ms
[38.817s][info][gc,heap        ] GC(204) PSYoungGen: 95290K(149504K)->95290K(149504K) Eden: 30208K(30208K)->30208K(30208K) From: 65082K(119296K)->65082K(119296K)
[38.817s][info][gc,heap        ] GC(204) ParOldGen: 2526092K(2526208K)->2526092K(2526208K)
[38.817s][info][gc,metaspace   ] GC(204) Metaspace: 6302K(6464K)->6302K(6464K) NonClass: 5769K(5824K)->5769K(5824K) Class: 533K(640K)->533K(640K)
[38.817s][info][gc             ] GC(204) Pause Full (Ergonomics) 2559M->2559M(2613M) 775.414ms
[38.817s][info][gc,cpu         ] GC(204) User=5.92s Sys=0.00s Real=0.78s
[38.817s][info][gc,start       ] GC(205) Pause Full (Ergonomics)
[38.817s][info][gc,phases,start] GC(205) Marking Phase
[39.420s][info][gc,phases      ] GC(205) Marking Phase 602.470ms
[39.420s][info][gc,phases,start] GC(205) Summary Phase
[39.420s][info][gc,phases      ] GC(205) Summary Phase 0.036ms
[39.420s][info][gc,phases,start] GC(205) Adjust Roots
[39.420s][info][gc,phases      ] GC(205) Adjust Roots 0.157ms
[39.420s][info][gc,phases,start] GC(205) Compaction Phase
[39.593s][info][gc,phases      ] GC(205) Compaction Phase 172.711ms
[39.593s][info][gc,phases,start] GC(205) Post Compact
[39.597s][info][gc,phases      ] GC(205) Post Compact 4.494ms
[39.597s][info][gc,heap        ] GC(205) PSYoungGen: 95290K(149504K)->95290K(149504K) Eden: 30208K(30208K)->30208K(30208K) From: 65082K(119296K)->65082K(119296K)
[39.597s][info][gc,heap        ] GC(205) ParOldGen: 2526097K(2526208K)->2526097K(2526208K)
[39.597s][info][gc,metaspace   ] GC(205) Metaspace: 6302K(6464K)->6302K(6464K) NonClass: 5769K(5824K)->5769K(5824K) Class: 533K(640K)->533K(640K)
[39.597s][info][gc             ] GC(205) Pause Full (Ergonomics) 2559M->2559M(2613M) 780.214ms
[39.597s][info][gc,cpu         ] GC(205) User=5.97s Sys=0.00s Real=0.78s
[39.598s][info][gc,start       ] GC(206) Pause Full (Ergonomics)
[39.598s][info][gc,phases,start] GC(206) Marking Phase
[40.207s][info][gc,phases      ] GC(206) Marking Phase 609.632ms
[40.207s][info][gc,phases,start] GC(206) Summary Phase
[40.207s][info][gc,phases      ] GC(206) Summary Phase 0.036ms
[40.207s][info][gc,phases,start] GC(206) Adjust Roots
[40.208s][info][gc,phases      ] GC(206) Adjust Roots 0.186ms
[40.208s][info][gc,phases,start] GC(206) Compaction Phase
[40.391s][info][gc,phases      ] GC(206) Compaction Phase 183.502ms
[40.391s][info][gc,phases,start] GC(206) Post Compact
[40.396s][info][gc,phases      ] GC(206) Post Compact 4.818ms
[40.396s][info][gc,heap        ] GC(206) PSYoungGen: 95290K(149504K)->95290K(149504K) Eden: 30208K(30208K)->30208K(30208K) From: 65082K(119296K)->65082K(119296K)
[40.396s][info][gc,heap        ] GC(206) ParOldGen: 2526102K(2526208K)->2526102K(2526208K)
[40.396s][info][gc,metaspace   ] GC(206) Metaspace: 6302K(6464K)->6302K(6464K) NonClass: 5769K(5824K)->5769K(5824K) Class: 533K(640K)->533K(640K)
[40.396s][info][gc             ] GC(206) Pause Full (Ergonomics) 2559M->2559M(2613M) 798.519ms
[40.396s][info][gc,cpu         ] GC(206) User=5.94s Sys=0.00s Real=0.80s
[40.396s][info][gc,start       ] GC(207) Pause Full (Ergonomics)
[40.396s][info][gc,phases,start] GC(207) Marking Phase
[41.000s][info][gc,phases      ] GC(207) Marking Phase 603.631ms
[41.000s][info][gc,phases,start] GC(207) Summary Phase
[41.000s][info][gc,phases      ] GC(207) Summary Phase 0.036ms
[41.000s][info][gc,phases,start] GC(207) Adjust Roots
[41.000s][info][gc,phases      ] GC(207) Adjust Roots 0.163ms
[41.000s][info][gc,phases,start] GC(207) Compaction Phase
[41.175s][info][gc,phases      ] GC(207) Compaction Phase 174.370ms
[41.175s][info][gc,phases,start] GC(207) Post Compact
[41.180s][info][gc,phases      ] GC(207) Post Compact 4.950ms
[41.180s][info][gc,heap        ] GC(207) PSYoungGen: 95290K(149504K)->95290K(149504K) Eden: 30208K(30208K)->30208K(30208K) From: 65082K(119296K)->65082K(119296K)
[41.180s][info][gc,heap        ] GC(207) ParOldGen: 2526106K(2526208K)->2526106K(2526208K)
[41.180s][info][gc,metaspace   ] GC(207) Metaspace: 6302K(6464K)->6302K(6464K) NonClass: 5769K(5824K)->5769K(5824K) Class: 533K(640K)->533K(640K)
[41.180s][info][gc             ] GC(207) Pause Full (Ergonomics) 2559M->2559M(2613M) 783.527ms
[41.180s][info][gc,cpu         ] GC(207) User=6.02s Sys=0.00s Real=0.78s
[41.180s][info][gc,start       ] GC(208) Pause Full (Ergonomics)
[41.180s][info][gc,phases,start] GC(208) Marking Phase
[41.794s][info][gc,phases      ] GC(208) Marking Phase 614.105ms
[41.794s][info][gc,phases,start] GC(208) Summary Phase
[41.794s][info][gc,phases      ] GC(208) Summary Phase 0.039ms
[41.794s][info][gc,phases,start] GC(208) Adjust Roots
[41.795s][info][gc,phases      ] GC(208) Adjust Roots 0.201ms
[41.795s][info][gc,phases,start] GC(208) Compaction Phase
[41.972s][info][gc,phases      ] GC(208) Compaction Phase 176.941ms
[41.972s][info][gc,phases,start] GC(208) Post Compact
[41.976s][info][gc,phases      ] GC(208) Post Compact 4.705ms
[41.976s][info][gc,heap        ] GC(208) PSYoungGen: 95290K(149504K)->95290K(149504K) Eden: 30208K(30208K)->30208K(30208K) From: 65082K(119296K)->65082K(119296K)
[41.976s][info][gc,heap        ] GC(208) ParOldGen: 2526111K(2526208K)->2526111K(2526208K)
[41.977s][info][gc,metaspace   ] GC(208) Metaspace: 6302K(6464K)->6302K(6464K) NonClass: 5769K(5824K)->5769K(5824K) Class: 533K(640K)->533K(640K)
[41.977s][info][gc             ] GC(208) Pause Full (Ergonomics) 2559M->2559M(2613M) 796.365ms
[41.977s][info][gc,cpu         ] GC(208) User=6.03s Sys=0.00s Real=0.80s
[41.977s][info][gc,start       ] GC(209) Pause Full (Ergonomics)
[41.977s][info][gc,phases,start] GC(209) Marking Phase
[42.580s][info][gc,phases      ] GC(209) Marking Phase 602.803ms
[42.580s][info][gc,phases,start] GC(209) Summary Phase
[42.580s][info][gc,phases      ] GC(209) Summary Phase 0.044ms
[42.580s][info][gc,phases,start] GC(209) Adjust Roots
[42.580s][info][gc,phases      ] GC(209) Adjust Roots 0.213ms
[42.580s][info][gc,phases,start] GC(209) Compaction Phase
[42.761s][info][gc,phases      ] GC(209) Compaction Phase 180.471ms
[42.761s][info][gc,phases,start] GC(209) Post Compact
[42.766s][info][gc,phases      ] GC(209) Post Compact 5.122ms
[42.766s][info][gc,heap        ] GC(209) PSYoungGen: 95290K(149504K)->95290K(149504K) Eden: 30208K(30208K)->30208K(30208K) From: 65082K(119296K)->65082K(119296K)
[42.766s][info][gc,heap        ] GC(209) ParOldGen: 2526116K(2526208K)->2526116K(2526208K)
[42.766s][info][gc,metaspace   ] GC(209) Metaspace: 6302K(6464K)->6302K(6464K) NonClass: 5769K(5824K)->5769K(5824K) Class: 533K(640K)->533K(640K)
[42.766s][info][gc             ] GC(209) Pause Full (Ergonomics) 2559M->2559M(2613M) 789.028ms
[42.766s][info][gc,cpu         ] GC(209) User=5.97s Sys=0.00s Real=0.79s
[42.766s][info][gc,start       ] GC(210) Pause Full (Ergonomics)
[42.766s][info][gc,phases,start] GC(210) Marking Phase
[43.379s][info][gc,phases      ] GC(210) Marking Phase 612.443ms
[43.379s][info][gc,phases,start] GC(210) Summary Phase
[43.379s][info][gc,phases      ] GC(210) Summary Phase 0.046ms
[43.379s][info][gc,phases,start] GC(210) Adjust Roots
[43.379s][info][gc,phases      ] GC(210) Adjust Roots 0.226ms
[43.379s][info][gc,phases,start] GC(210) Compaction Phase
[43.551s][info][gc,phases      ] GC(210) Compaction Phase 171.670ms
[43.551s][info][gc,phases,start] GC(210) Post Compact
[43.555s][info][gc,phases      ] GC(210) Post Compact 4.530ms
[43.555s][info][gc,heap        ] GC(210) PSYoungGen: 95290K(149504K)->95290K(149504K) Eden: 30208K(30208K)->30208K(30208K) From: 65082K(119296K)->65082K(119296K)
[43.555s][info][gc,heap        ] GC(210) ParOldGen: 2526121K(2526208K)->2526121K(2526208K)
[43.555s][info][gc,metaspace   ] GC(210) Metaspace: 6302K(6464K)->6302K(6464K) NonClass: 5769K(5824K)->5769K(5824K) Class: 533K(640K)->533K(640K)
[43.555s][info][gc             ] GC(210) Pause Full (Ergonomics) 2559M->2559M(2613M) 789.287ms
[43.555s][info][gc,cpu         ] GC(210) User=5.97s Sys=0.00s Real=0.79s
[43.556s][info][gc,start       ] GC(211) Pause Full (Ergonomics)
[43.556s][info][gc,phases,start] GC(211) Marking Phase
[44.155s][info][gc,phases      ] GC(211) Marking Phase 599.725ms
[44.155s][info][gc,phases,start] GC(211) Summary Phase
[44.155s][info][gc,phases      ] GC(211) Summary Phase 0.060ms
[44.156s][info][gc,phases,start] GC(211) Adjust Roots
[44.156s][info][gc,phases      ] GC(211) Adjust Roots 0.240ms
[44.156s][info][gc,phases,start] GC(211) Compaction Phase
[44.331s][info][gc,phases      ] GC(211) Compaction Phase 175.145ms
[44.331s][info][gc,phases,start] GC(211) Post Compact
[44.336s][info][gc,phases      ] GC(211) Post Compact 5.161ms
[44.336s][info][gc,heap        ] GC(211) PSYoungGen: 95290K(149504K)->95290K(149504K) Eden: 30208K(30208K)->30208K(30208K) From: 65082K(119296K)->65082K(119296K)
[44.336s][info][gc,heap        ] GC(211) ParOldGen: 2526126K(2526208K)->2526126K(2526208K)
[44.336s][info][gc,metaspace   ] GC(211) Metaspace: 6302K(6464K)->6302K(6464K) NonClass: 5769K(5824K)->5769K(5824K) Class: 533K(640K)->533K(640K)
[44.336s][info][gc             ] GC(211) Pause Full (Ergonomics) 2559M->2559M(2613M) 780.734ms
[44.336s][info][gc,cpu         ] GC(211) User=5.97s Sys=0.00s Real=0.78s
[44.337s][info][gc,start       ] GC(212) Pause Full (Ergonomics)
[44.337s][info][gc,phases,start] GC(212) Marking Phase
[44.941s][info][gc,phases      ] GC(212) Marking Phase 604.443ms
[44.941s][info][gc,phases,start] GC(212) Summary Phase
[44.941s][info][gc,phases      ] GC(212) Summary Phase 0.042ms
[44.941s][info][gc,phases,start] GC(212) Adjust Roots
[44.941s][info][gc,phases      ] GC(212) Adjust Roots 0.189ms
[44.941s][info][gc,phases,start] GC(212) Compaction Phase
[45.114s][info][gc,phases      ] GC(212) Compaction Phase 172.636ms
[45.114s][info][gc,phases,start] GC(212) Post Compact
[45.119s][info][gc,phases      ] GC(212) Post Compact 4.673ms
[45.119s][info][gc,heap        ] GC(212) PSYoungGen: 95290K(149504K)->95290K(149504K) Eden: 30208K(30208K)->30208K(30208K) From: 65082K(119296K)->65082K(119296K)
[45.119s][info][gc,heap        ] GC(212) ParOldGen: 2526131K(2526208K)->2526131K(2526208K)
[45.119s][info][gc,metaspace   ] GC(212) Metaspace: 6302K(6464K)->6302K(6464K) NonClass: 5769K(5824K)->5769K(5824K) Class: 533K(640K)->533K(640K)
[45.119s][info][gc             ] GC(212) Pause Full (Ergonomics) 2559M->2559M(2613M) 782.333ms
[45.119s][info][gc,cpu         ] GC(212) User=5.91s Sys=0.00s Real=0.78s
[45.119s][info][gc,start       ] GC(213) Pause Full (Ergonomics)
[45.119s][info][gc,phases,start] GC(213) Marking Phase
[45.736s][info][gc,phases      ] GC(213) Marking Phase 616.756ms
[45.736s][info][gc,phases,start] GC(213) Summary Phase
[45.736s][info][gc,phases      ] GC(213) Summary Phase 0.060ms
[45.736s][info][gc,phases,start] GC(213) Adjust Roots
[45.736s][info][gc,phases      ] GC(213) Adjust Roots 0.278ms
[45.736s][info][gc,phases,start] GC(213) Compaction Phase
[45.908s][info][gc,phases      ] GC(213) Compaction Phase 171.684ms
[45.908s][info][gc,phases,start] GC(213) Post Compact
[45.913s][info][gc,phases      ] GC(213) Post Compact 4.922ms
[45.913s][info][gc,heap        ] GC(213) PSYoungGen: 95290K(149504K)->95290K(149504K) Eden: 30208K(30208K)->30208K(30208K) From: 65082K(119296K)->65082K(119296K)
[45.913s][info][gc,heap        ] GC(213) ParOldGen: 2526135K(2526208K)->2526135K(2526208K)
[45.913s][info][gc,metaspace   ] GC(213) Metaspace: 6302K(6464K)->6302K(6464K) NonClass: 5769K(5824K)->5769K(5824K) Class: 533K(640K)->533K(640K)
[45.913s][info][gc             ] GC(213) Pause Full (Ergonomics) 2559M->2559M(2613M) 794.091ms
[45.913s][info][gc,cpu         ] GC(213) User=6.14s Sys=0.00s Real=0.79s
[45.913s][info][gc,start       ] GC(214) Pause Full (Ergonomics)
[45.913s][info][gc,phases,start] GC(214) Marking Phase
[46.525s][info][gc,phases      ] GC(214) Marking Phase 611.179ms
[46.525s][info][gc,phases,start] GC(214) Summary Phase
[46.525s][info][gc,phases      ] GC(214) Summary Phase 0.036ms
[46.525s][info][gc,phases,start] GC(214) Adjust Roots
[46.525s][info][gc,phases      ] GC(214) Adjust Roots 0.163ms
[46.525s][info][gc,phases,start] GC(214) Compaction Phase
[46.691s][info][gc,phases      ] GC(214) Compaction Phase 166.333ms
[46.691s][info][gc,phases,start] GC(214) Post Compact
[46.697s][info][gc,phases      ] GC(214) Post Compact 5.247ms
[46.697s][info][gc,heap        ] GC(214) PSYoungGen: 95290K(149504K)->95290K(149504K) Eden: 30208K(30208K)->30208K(30208K) From: 65082K(119296K)->65082K(119296K)
[46.697s][info][gc,heap        ] GC(214) ParOldGen: 2526140K(2526208K)->2526140K(2526208K)
[46.697s][info][gc,metaspace   ] GC(214) Metaspace: 6302K(6464K)->6302K(6464K) NonClass: 5769K(5824K)->5769K(5824K) Class: 533K(640K)->533K(640K)
[46.697s][info][gc             ] GC(214) Pause Full (Ergonomics) 2559M->2559M(2613M) 783.315ms
[46.697s][info][gc,cpu         ] GC(214) User=6.11s Sys=0.00s Real=0.78s
[46.697s][info][gc,start       ] GC(215) Pause Full (Ergonomics)
[46.697s][info][gc,phases,start] GC(215) Marking Phase
[47.298s][info][gc,phases      ] GC(215) Marking Phase 601.242ms
[47.298s][info][gc,phases,start] GC(215) Summary Phase
[47.298s][info][gc,phases      ] GC(215) Summary Phase 0.037ms
[47.298s][info][gc,phases,start] GC(215) Adjust Roots
[47.299s][info][gc,phases      ] GC(215) Adjust Roots 0.171ms
[47.299s][info][gc,phases,start] GC(215) Compaction Phase
[47.466s][info][gc,phases      ] GC(215) Compaction Phase 167.549ms
[47.466s][info][gc,phases,start] GC(215) Post Compact
[47.471s][info][gc,phases      ] GC(215) Post Compact 4.538ms
[47.471s][info][gc,heap        ] GC(215) PSYoungGen: 95290K(149504K)->95290K(149504K) Eden: 30208K(30208K)->30208K(30208K) From: 65082K(119296K)->65082K(119296K)
[47.471s][info][gc,heap        ] GC(215) ParOldGen: 2526145K(2526208K)->2526145K(2526208K)
[47.471s][info][gc,metaspace   ] GC(215) Metaspace: 6302K(6464K)->6302K(6464K) NonClass: 5769K(5824K)->5769K(5824K) Class: 533K(640K)->533K(640K)
[47.471s][info][gc             ] GC(215) Pause Full (Ergonomics) 2559M->2559M(2613M) 773.895ms
[47.471s][info][gc,cpu         ] GC(215) User=6.05s Sys=0.00s Real=0.77s
[47.471s][info][gc,start       ] GC(216) Pause Full (Ergonomics)
[47.471s][info][gc,phases,start] GC(216) Marking Phase
[48.093s][info][gc,phases      ] GC(216) Marking Phase 621.327ms
[48.093s][info][gc,phases,start] GC(216) Summary Phase
[48.093s][info][gc,phases      ] GC(216) Summary Phase 0.036ms
[48.093s][info][gc,phases,start] GC(216) Adjust Roots
[48.093s][info][gc,phases      ] GC(216) Adjust Roots 0.160ms
[48.093s][info][gc,phases,start] GC(216) Compaction Phase
[48.259s][info][gc,phases      ] GC(216) Compaction Phase 166.320ms
[48.259s][info][gc,phases,start] GC(216) Post Compact
[48.263s][info][gc,phases      ] GC(216) Post Compact 4.119ms
[48.263s][info][gc,heap        ] GC(216) PSYoungGen: 95290K(149504K)->95290K(149504K) Eden: 30208K(30208K)->30208K(30208K) From: 65082K(119296K)->65082K(119296K)
[48.263s][info][gc,heap        ] GC(216) ParOldGen: 2526150K(2526208K)->2526150K(2526208K)
[48.263s][info][gc,metaspace   ] GC(216) Metaspace: 6302K(6464K)->6302K(6464K) NonClass: 5769K(5824K)->5769K(5824K) Class: 533K(640K)->533K(640K)
[48.263s][info][gc             ] GC(216) Pause Full (Ergonomics) 2560M->2560M(2613M) 792.288ms
[48.263s][info][gc,cpu         ] GC(216) User=6.14s Sys=0.00s Real=0.79s
[48.264s][info][gc,start       ] GC(217) Pause Full (Ergonomics)
[48.264s][info][gc,phases,start] GC(217) Marking Phase
[48.863s][info][gc,phases      ] GC(217) Marking Phase 598.890ms
[48.863s][info][gc,phases,start] GC(217) Summary Phase
[48.863s][info][gc,phases      ] GC(217) Summary Phase 0.041ms
[48.863s][info][gc,phases,start] GC(217) Adjust Roots
[48.863s][info][gc,phases      ] GC(217) Adjust Roots 0.230ms
[48.863s][info][gc,phases,start] GC(217) Compaction Phase
[49.034s][info][gc,phases      ] GC(217) Compaction Phase 170.513ms
[49.034s][info][gc,phases,start] GC(217) Post Compact
[49.038s][info][gc,phases      ] GC(217) Post Compact 4.575ms
[49.038s][info][gc,heap        ] GC(217) PSYoungGen: 95290K(149504K)->95290K(149504K) Eden: 30208K(30208K)->30208K(30208K) From: 65082K(119296K)->65082K(119296K)
[49.038s][info][gc,heap        ] GC(217) ParOldGen: 2526155K(2526208K)->2526155K(2526208K)
[49.038s][info][gc,metaspace   ] GC(217) Metaspace: 6302K(6464K)->6302K(6464K) NonClass: 5769K(5824K)->5769K(5824K) Class: 533K(640K)->533K(640K)
[49.038s][info][gc             ] GC(217) Pause Full (Ergonomics) 2560M->2560M(2613M) 774.595ms
[49.038s][info][gc,cpu         ] GC(217) User=5.81s Sys=0.00s Real=0.78s
[49.039s][info][gc,start       ] GC(218) Pause Full (Ergonomics)
[49.039s][info][gc,phases,start] GC(218) Marking Phase
[49.637s][info][gc,phases      ] GC(218) Marking Phase 598.629ms
[49.637s][info][gc,phases,start] GC(218) Summary Phase
[49.637s][info][gc,phases      ] GC(218) Summary Phase 0.036ms
[49.637s][info][gc,phases,start] GC(218) Adjust Roots
[49.637s][info][gc,phases      ] GC(218) Adjust Roots 0.166ms
[49.638s][info][gc,phases,start] GC(218) Compaction Phase
[49.825s][info][gc,phases      ] GC(218) Compaction Phase 187.578ms
[49.825s][info][gc,phases,start] GC(218) Post Compact
[49.830s][info][gc,phases      ] GC(218) Post Compact 4.808ms
[49.830s][info][gc,heap        ] GC(218) PSYoungGen: 95290K(149504K)->95290K(149504K) Eden: 30208K(30208K)->30208K(30208K) From: 65082K(119296K)->65082K(119296K)
[49.830s][info][gc,heap        ] GC(218) ParOldGen: 2526160K(2526208K)->2526160K(2526208K)
[49.830s][info][gc,metaspace   ] GC(218) Metaspace: 6302K(6464K)->6302K(6464K) NonClass: 5769K(5824K)->5769K(5824K) Class: 533K(640K)->533K(640K)
[49.830s][info][gc             ] GC(218) Pause Full (Ergonomics) 2560M->2560M(2613M) 791.578ms
[49.830s][info][gc,cpu         ] GC(218) User=5.95s Sys=0.00s Real=0.79s
[49.830s][info][gc,start       ] GC(219) Pause Full (Ergonomics)
[49.830s][info][gc,phases,start] GC(219) Marking Phase
[50.425s][info][gc,phases      ] GC(219) Marking Phase 594.971ms
[50.425s][info][gc,phases,start] GC(219) Summary Phase
[50.425s][info][gc,phases      ] GC(219) Summary Phase 0.043ms
[50.425s][info][gc,phases,start] GC(219) Adjust Roots
[50.426s][info][gc,phases      ] GC(219) Adjust Roots 0.164ms
[50.426s][info][gc,phases,start] GC(219) Compaction Phase
[50.602s][info][gc,phases      ] GC(219) Compaction Phase 176.311ms
[50.602s][info][gc,phases,start] GC(219) Post Compact
[50.607s][info][gc,phases      ] GC(219) Post Compact 4.502ms
[50.607s][info][gc,heap        ] GC(219) PSYoungGen: 95290K(149504K)->95290K(149504K) Eden: 30208K(30208K)->30208K(30208K) From: 65082K(119296K)->65082K(119296K)
[50.607s][info][gc,heap        ] GC(219) ParOldGen: 2526164K(2526208K)->2526164K(2526208K)
[50.607s][info][gc,metaspace   ] GC(219) Metaspace: 6302K(6464K)->6302K(6464K) NonClass: 5769K(5824K)->5769K(5824K) Class: 533K(640K)->533K(640K)
[50.607s][info][gc             ] GC(219) Pause Full (Ergonomics) 2560M->2560M(2613M) 776.387ms
[50.607s][info][gc,cpu         ] GC(219) User=5.91s Sys=0.00s Real=0.78s
[50.607s][info][gc,start       ] GC(220) Pause Full (Ergonomics)
[50.607s][info][gc,phases,start] GC(220) Marking Phase
[51.222s][info][gc,phases      ] GC(220) Marking Phase 614.653ms
[51.222s][info][gc,phases,start] GC(220) Summary Phase
[51.222s][info][gc,phases      ] GC(220) Summary Phase 0.037ms
[51.222s][info][gc,phases,start] GC(220) Adjust Roots
[51.222s][info][gc,phases      ] GC(220) Adjust Roots 0.173ms
[51.222s][info][gc,phases,start] GC(220) Compaction Phase
[51.389s][info][gc,phases      ] GC(220) Compaction Phase 167.059ms
[51.389s][info][gc,phases,start] GC(220) Post Compact
[51.394s][info][gc,phases      ] GC(220) Post Compact 4.518ms
[51.394s][info][gc,heap        ] GC(220) PSYoungGen: 95290K(149504K)->95290K(149504K) Eden: 30208K(30208K)->30208K(30208K) From: 65082K(119296K)->65082K(119296K)
[51.394s][info][gc,heap        ] GC(220) ParOldGen: 2526169K(2526208K)->2526169K(2526208K)
[51.394s][info][gc,metaspace   ] GC(220) Metaspace: 6302K(6464K)->6302K(6464K) NonClass: 5769K(5824K)->5769K(5824K) Class: 533K(640K)->533K(640K)
[51.394s][info][gc             ] GC(220) Pause Full (Ergonomics) 2560M->2560M(2613M) 786.788ms
[51.394s][info][gc,cpu         ] GC(220) User=6.03s Sys=0.00s Real=0.79s
[51.394s][info][gc,start       ] GC(221) Pause Full (Ergonomics)
[51.394s][info][gc,phases,start] GC(221) Marking Phase
[52.003s][info][gc,phases      ] GC(221) Marking Phase 609.357ms
[52.003s][info][gc,phases,start] GC(221) Summary Phase
[52.004s][info][gc,phases      ] GC(221) Summary Phase 0.037ms
[52.004s][info][gc,phases,start] GC(221) Adjust Roots
[52.004s][info][gc,phases      ] GC(221) Adjust Roots 0.183ms
[52.004s][info][gc,phases,start] GC(221) Compaction Phase
[52.166s][info][gc,phases      ] GC(221) Compaction Phase 162.550ms
[52.166s][info][gc,phases,start] GC(221) Post Compact
[52.171s][info][gc,phases      ] GC(221) Post Compact 4.448ms
[52.171s][info][gc,heap        ] GC(221) PSYoungGen: 95290K(149504K)->95290K(149504K) Eden: 30208K(30208K)->30208K(30208K) From: 65082K(119296K)->65082K(119296K)
[52.171s][info][gc,heap        ] GC(221) ParOldGen: 2526174K(2526208K)->2526174K(2526208K)
[52.171s][info][gc,metaspace   ] GC(221) Metaspace: 6302K(6464K)->6302K(6464K) NonClass: 5769K(5824K)->5769K(5824K) Class: 533K(640K)->533K(640K)
[52.171s][info][gc             ] GC(221) Pause Full (Ergonomics) 2560M->2560M(2613M) 776.942ms
[52.171s][info][gc,cpu         ] GC(221) User=5.89s Sys=0.00s Real=0.78s
[52.171s][info][gc,start       ] GC(222) Pause Full (Ergonomics)
[52.171s][info][gc,phases,start] GC(222) Marking Phase
[52.793s][info][gc,phases      ] GC(222) Marking Phase 621.387ms
[52.793s][info][gc,phases,start] GC(222) Summary Phase
[52.793s][info][gc,phases      ] GC(222) Summary Phase 0.038ms
[52.793s][info][gc,phases,start] GC(222) Adjust Roots
[52.793s][info][gc,phases      ] GC(222) Adjust Roots 0.196ms
[52.793s][info][gc,phases,start] GC(222) Compaction Phase
[52.960s][info][gc,phases      ] GC(222) Compaction Phase 167.280ms
[52.960s][info][gc,phases,start] GC(222) Post Compact
[52.965s][info][gc,phases      ] GC(222) Post Compact 4.489ms
[52.965s][info][gc,heap        ] GC(222) PSYoungGen: 95290K(149504K)->95290K(149504K) Eden: 30208K(30208K)->30208K(30208K) From: 65082K(119296K)->65082K(119296K)
[52.965s][info][gc,heap        ] GC(222) ParOldGen: 2526179K(2526208K)->2526179K(2526208K)
[52.965s][info][gc,metaspace   ] GC(222) Metaspace: 6302K(6464K)->6302K(6464K) NonClass: 5769K(5824K)->5769K(5824K) Class: 533K(640K)->533K(640K)
[52.965s][info][gc             ] GC(222) Pause Full (Ergonomics) 2560M->2560M(2613M) 793.745ms
[52.965s][info][gc,cpu         ] GC(222) User=6.06s Sys=0.00s Real=0.79s
[52.965s][info][gc,start       ] GC(223) Pause Full (Ergonomics)
[52.965s][info][gc,phases,start] GC(223) Marking Phase
[53.565s][info][gc,phases      ] GC(223) Marking Phase 599.798ms
[53.565s][info][gc,phases,start] GC(223) Summary Phase
[53.565s][info][gc,phases      ] GC(223) Summary Phase 0.045ms
[53.565s][info][gc,phases,start] GC(223) Adjust Roots
[53.565s][info][gc,phases      ] GC(223) Adjust Roots 0.173ms
[53.565s][info][gc,phases,start] GC(223) Compaction Phase
[53.758s][info][gc,phases      ] GC(223) Compaction Phase 192.265ms
[53.758s][info][gc,phases,start] GC(223) Post Compact
[53.763s][info][gc,phases      ] GC(223) Post Compact 5.159ms
[53.763s][info][gc,heap        ] GC(223) PSYoungGen: 95290K(149504K)->95290K(149504K) Eden: 30208K(30208K)->30208K(30208K) From: 65082K(119296K)->65082K(119296K)
[53.763s][info][gc,heap        ] GC(223) ParOldGen: 2526184K(2526208K)->2526184K(2526208K)
[53.763s][info][gc,metaspace   ] GC(223) Metaspace: 6302K(6464K)->6302K(6464K) NonClass: 5769K(5824K)->5769K(5824K) Class: 533K(640K)->533K(640K)
[53.763s][info][gc             ] GC(223) Pause Full (Ergonomics) 2560M->2560M(2613M) 797.820ms
[53.763s][info][gc,cpu         ] GC(223) User=5.88s Sys=0.00s Real=0.80s
[53.763s][info][gc,start       ] GC(224) Pause Full (Ergonomics)
[53.763s][info][gc,phases,start] GC(224) Marking Phase
[54.354s][info][gc,phases      ] GC(224) Marking Phase 590.555ms
[54.354s][info][gc,phases,start] GC(224) Summary Phase
[54.354s][info][gc,phases      ] GC(224) Summary Phase 0.036ms
[54.354s][info][gc,phases,start] GC(224) Adjust Roots
[54.354s][info][gc,phases      ] GC(224) Adjust Roots 0.186ms
[54.354s][info][gc,phases,start] GC(224) Compaction Phase
[54.526s][info][gc,phases      ] GC(224) Compaction Phase 172.340ms
[54.527s][info][gc,phases,start] GC(224) Post Compact
[54.531s][info][gc,phases      ] GC(224) Post Compact 4.754ms
[54.531s][info][gc,heap        ] GC(224) PSYoungGen: 95290K(149504K)->95290K(149504K) Eden: 30208K(30208K)->30208K(30208K) From: 65082K(119296K)->65082K(119296K)
[54.531s][info][gc,heap        ] GC(224) ParOldGen: 2526189K(2526208K)->2526189K(2526208K)
[54.531s][info][gc,metaspace   ] GC(224) Metaspace: 6302K(6464K)->6302K(6464K) NonClass: 5769K(5824K)->5769K(5824K) Class: 533K(640K)->533K(640K)
[54.531s][info][gc             ] GC(224) Pause Full (Ergonomics) 2560M->2560M(2613M) 768.254ms
[54.531s][info][gc,cpu         ] GC(224) User=5.80s Sys=0.00s Real=0.77s
[54.532s][info][gc,start       ] GC(225) Pause Full (Ergonomics)
[54.532s][info][gc,phases,start] GC(225) Marking Phase
[55.142s][info][gc,phases      ] GC(225) Marking Phase 610.084ms
[55.142s][info][gc,phases,start] GC(225) Summary Phase
[55.142s][info][gc,phases      ] GC(225) Summary Phase 0.044ms
[55.142s][info][gc,phases,start] GC(225) Adjust Roots
[55.142s][info][gc,phases      ] GC(225) Adjust Roots 0.171ms
[55.142s][info][gc,phases,start] GC(225) Compaction Phase
[55.312s][info][gc,phases      ] GC(225) Compaction Phase 170.308ms
[55.313s][info][gc,phases,start] GC(225) Post Compact
[55.317s][info][gc,phases      ] GC(225) Post Compact 4.830ms
[55.317s][info][gc,heap        ] GC(225) PSYoungGen: 95290K(149504K)->95290K(149504K) Eden: 30208K(30208K)->30208K(30208K) From: 65082K(119296K)->65082K(119296K)
[55.317s][info][gc,heap        ] GC(225) ParOldGen: 2526193K(2526208K)->2526193K(2526208K)
[55.317s][info][gc,metaspace   ] GC(225) Metaspace: 6302K(6464K)->6302K(6464K) NonClass: 5769K(5824K)->5769K(5824K) Class: 533K(640K)->533K(640K)
[55.318s][info][gc             ] GC(225) Pause Full (Ergonomics) 2560M->2560M(2613M) 785.814ms
[55.318s][info][gc,cpu         ] GC(225) User=6.12s Sys=0.00s Real=0.79s
[55.318s][info][gc,start       ] GC(226) Pause Full (Ergonomics)
[55.318s][info][gc,phases,start] GC(226) Marking Phase
[55.918s][info][gc,phases      ] GC(226) Marking Phase 600.142ms
[55.918s][info][gc,phases,start] GC(226) Summary Phase
[55.918s][info][gc,phases      ] GC(226) Summary Phase 0.036ms
[55.918s][info][gc,phases,start] GC(226) Adjust Roots
[55.918s][info][gc,phases      ] GC(226) Adjust Roots 0.156ms
[55.918s][info][gc,phases,start] GC(226) Compaction Phase
[56.087s][info][gc,phases      ] GC(226) Compaction Phase 168.551ms
[56.087s][info][gc,phases,start] GC(226) Post Compact
[56.091s][info][gc,phases      ] GC(226) Post Compact 4.474ms
[56.091s][info][gc,heap        ] GC(226) PSYoungGen: 95290K(149504K)->95290K(149504K) Eden: 30208K(30208K)->30208K(30208K) From: 65082K(119296K)->65082K(119296K)
[56.091s][info][gc,heap        ] GC(226) ParOldGen: 2526198K(2526208K)->2526198K(2526208K)
[56.091s][info][gc,metaspace   ] GC(226) Metaspace: 6302K(6464K)->6302K(6464K) NonClass: 5769K(5824K)->5769K(5824K) Class: 533K(640K)->533K(640K)
[56.091s][info][gc             ] GC(226) Pause Full (Ergonomics) 2560M->2560M(2613M) 773.703ms
[56.092s][info][gc,cpu         ] GC(226) User=5.84s Sys=0.00s Real=0.78s
[56.092s][info][gc,start       ] GC(227) Pause Full (Ergonomics)
[56.092s][info][gc,phases,start] GC(227) Marking Phase
[56.693s][info][gc,phases      ] GC(227) Marking Phase 601.068ms
[56.693s][info][gc,phases,start] GC(227) Summary Phase
[56.693s][info][gc,phases      ] GC(227) Summary Phase 0.036ms
[56.693s][info][gc,phases,start] GC(227) Adjust Roots
[56.693s][info][gc,phases      ] GC(227) Adjust Roots 0.186ms
[56.693s][info][gc,phases,start] GC(227) Compaction Phase
[56.862s][info][gc,phases      ] GC(227) Compaction Phase 168.586ms
[56.862s][info][gc,phases,start] GC(227) Post Compact
[56.866s][info][gc,phases      ] GC(227) Post Compact 4.494ms
[56.866s][info][gc,heap        ] GC(227) PSYoungGen: 95290K(149504K)->95290K(149504K) Eden: 30208K(30208K)->30208K(30208K) From: 65082K(119296K)->65082K(119296K)
[56.866s][info][gc,heap        ] GC(227) ParOldGen: 2526203K(2526208K)->2526203K(2526208K)
[56.866s][info][gc,metaspace   ] GC(227) Metaspace: 6302K(6464K)->6302K(6464K) NonClass: 5769K(5824K)->5769K(5824K) Class: 533K(640K)->533K(640K)
[56.866s][info][gc             ] GC(227) Pause Full (Ergonomics) 2560M->2560M(2613M) 774.745ms
[56.867s][info][gc,cpu         ] GC(227) User=5.94s Sys=0.00s Real=0.77s
[56.867s][info][gc,start       ] GC(228) Pause Full (Ergonomics)
[56.867s][info][gc,phases,start] GC(228) Marking Phase
[57.472s][info][gc,phases      ] GC(228) Marking Phase 604.936ms
[57.472s][info][gc,phases,start] GC(228) Summary Phase
[57.472s][info][gc,phases      ] GC(228) Summary Phase 0.040ms
[57.472s][info][gc,phases,start] GC(228) Adjust Roots
[57.472s][info][gc,phases      ] GC(228) Adjust Roots 0.203ms
[57.472s][info][gc,phases,start] GC(228) Compaction Phase
[57.660s][info][gc,phases      ] GC(228) Compaction Phase 187.822ms
[57.660s][info][gc,phases,start] GC(228) Post Compact
[57.665s][info][gc,phases      ] GC(228) Post Compact 5.265ms
[57.665s][info][gc,heap        ] GC(228) PSYoungGen: 95290K(149504K)->95290K(149504K) Eden: 30208K(30208K)->30208K(30208K) From: 65082K(119296K)->65082K(119296K)
[57.665s][info][gc,heap        ] GC(228) ParOldGen: 2526208K(2526208K)->2526208K(2526208K)
[57.665s][info][gc,metaspace   ] GC(228) Metaspace: 6302K(6464K)->6302K(6464K) NonClass: 5769K(5824K)->5769K(5824K) Class: 533K(640K)->533K(640K)
[57.665s][info][gc             ] GC(228) Pause Full (Ergonomics) 2560M->2560M(2613M) 798.679ms
[57.665s][info][gc,cpu         ] GC(228) User=5.91s Sys=0.00s Real=0.80s
[57.666s][info][gc,start       ] GC(229) Pause Full (Allocation Failure)
[57.666s][info][gc,phases,start] GC(229) Marking Phase
[58.273s][info][gc,phases      ] GC(229) Marking Phase 607.028ms
[58.273s][info][gc,phases,start] GC(229) Summary Phase
[58.273s][info][gc,phases      ] GC(229) Summary Phase 0.037ms
[58.273s][info][gc,phases,start] GC(229) Adjust Roots
[58.273s][info][gc,phases      ] GC(229) Adjust Roots 0.367ms
[58.273s][info][gc,phases,start] GC(229) Compaction Phase
[58.914s][info][gc,phases      ] GC(229) Compaction Phase 640.463ms
[58.914s][info][gc,phases,start] GC(229) Post Compact
[58.919s][info][gc,phases      ] GC(229) Post Compact 5.101ms
[58.919s][info][gc,heap        ] GC(229) PSYoungGen: 95290K(149504K)->95290K(149504K) Eden: 30208K(30208K)->30208K(30208K) From: 65082K(119296K)->65082K(119296K)
[58.919s][info][gc,heap        ] GC(229) ParOldGen: 2526208K(2526208K)->2526203K(2526208K)
[58.919s][info][gc,metaspace   ] GC(229) Metaspace: 6302K(6464K)->6300K(6464K) NonClass: 5769K(5824K)->5767K(5824K) Class: 533K(640K)->532K(640K)
[58.919s][info][gc             ] GC(229) Pause Full (Allocation Failure) 2560M->2560M(2613M) 1253.331ms
[58.919s][info][gc,cpu         ] GC(229) User=9.39s Sys=0.00s Real=1.25s
[58.919s][info][gc,start       ] GC(230) Pause Full (Ergonomics)
[58.919s][info][gc,phases,start] GC(230) Marking Phase
[59.517s][info][gc,phases      ] GC(230) Marking Phase 597.358ms
[59.517s][info][gc,phases,start] GC(230) Summary Phase
[59.517s][info][gc,phases      ] GC(230) Summary Phase 0.037ms
[59.517s][info][gc,phases,start] GC(230) Adjust Roots
[59.517s][info][gc,phases      ] GC(230) Adjust Roots 0.160ms
[59.517s][info][gc,phases,start] GC(230) Compaction Phase
[59.691s][info][gc,phases      ] GC(230) Compaction Phase 174.283ms
[59.691s][info][gc,phases,start] GC(230) Post Compact
[59.696s][info][gc,phases      ] GC(230) Post Compact 4.452ms
[59.696s][info][gc,heap        ] GC(230) PSYoungGen: 95290K(149504K)->95290K(149504K) Eden: 30208K(30208K)->30208K(30208K) From: 65082K(119296K)->65082K(119296K)
[59.696s][info][gc,heap        ] GC(230) ParOldGen: 2526204K(2526208K)->2526204K(2526208K)
[59.696s][info][gc,metaspace   ] GC(230) Metaspace: 6300K(6464K)->6300K(6464K) NonClass: 5767K(5824K)->5767K(5824K) Class: 532K(640K)->532K(640K)
[59.696s][info][gc             ] GC(230) Pause Full (Ergonomics) 2560M->2560M(2613M) 776.636ms
[59.696s][info][gc,cpu         ] GC(230) User=6.02s Sys=0.00s Real=0.78s
[59.696s][info][gc,start       ] GC(231) Pause Full (Ergonomics)
[59.696s][info][gc,phases,start] GC(231) Marking Phase
[60.299s][info][gc,phases      ] GC(231) Marking Phase 602.984ms
[60.299s][info][gc,phases,start] GC(231) Summary Phase
[60.299s][info][gc,phases      ] GC(231) Summary Phase 0.036ms
[60.299s][info][gc,phases,start] GC(231) Adjust Roots
[60.300s][info][gc,phases      ] GC(231) Adjust Roots 0.159ms
[60.300s][info][gc,phases,start] GC(231) Compaction Phase
[60.470s][info][gc,phases      ] GC(231) Compaction Phase 170.742ms
[60.470s][info][gc,phases,start] GC(231) Post Compact
[60.475s][info][gc,phases      ] GC(231) Post Compact 4.417ms
[60.475s][info][gc,heap        ] GC(231) PSYoungGen: 95290K(149504K)->95290K(149504K) Eden: 30208K(30208K)->30208K(30208K) From: 65082K(119296K)->65082K(119296K)
[60.475s][info][gc,heap        ] GC(231) ParOldGen: 2526207K(2526208K)->2526207K(2526208K)
[60.475s][info][gc,metaspace   ] GC(231) Metaspace: 6300K(6464K)->6300K(6464K) NonClass: 5767K(5824K)->5767K(5824K) Class: 532K(640K)->532K(640K)
[60.475s][info][gc             ] GC(231) Pause Full (Ergonomics) 2560M->2560M(2613M) 778.762ms
[60.475s][info][gc,cpu         ] GC(231) User=6.03s Sys=0.00s Real=0.78s
[60.475s][info][gc,start       ] GC(232) Pause Full (Allocation Failure)
[60.475s][info][gc,phases,start] GC(232) Marking Phase
[61.079s][info][gc,phases      ] GC(232) Marking Phase 603.826ms
[61.079s][info][gc,phases,start] GC(232) Summary Phase
[61.079s][info][gc,phases      ] GC(232) Summary Phase 0.038ms
[61.079s][info][gc,phases,start] GC(232) Adjust Roots
[61.079s][info][gc,phases      ] GC(232) Adjust Roots 0.239ms
[61.079s][info][gc,phases,start] GC(232) Compaction Phase
[61.260s][info][gc,phases      ] GC(232) Compaction Phase 180.964ms
[61.260s][info][gc,phases,start] GC(232) Post Compact
[61.265s][info][gc,phases      ] GC(232) Post Compact 4.619ms
[61.265s][info][gc,heap        ] GC(232) PSYoungGen: 95290K(149504K)->95290K(149504K) Eden: 30208K(30208K)->30208K(30208K) From: 65082K(119296K)->65082K(119296K)
[61.265s][info][gc,heap        ] GC(232) ParOldGen: 2526207K(2526208K)->2526207K(2526208K)
[61.265s][info][gc,metaspace   ] GC(232) Metaspace: 6300K(6464K)->6300K(6464K) NonClass: 5767K(5824K)->5767K(5824K) Class: 532K(640K)->532K(640K)
[61.265s][info][gc             ] GC(232) Pause Full (Allocation Failure) 2560M->2560M(2613M) 790.007ms
[61.265s][info][gc,cpu         ] GC(232) User=6.03s Sys=0.00s Real=0.79s
[61.266s][info][gc,start       ] GC(233) Pause Full (Ergonomics)
[61.266s][info][gc,phases,start] GC(233) Marking Phase
[61.892s][info][gc,phases      ] GC(233) Marking Phase 626.427ms
[61.892s][info][gc,phases,start] GC(233) Summary Phase
[61.892s][info][gc,phases      ] GC(233) Summary Phase 0.041ms
[61.892s][info][gc,phases,start] GC(233) Adjust Roots
[61.893s][info][gc,phases      ] GC(233) Adjust Roots 0.252ms
[61.893s][info][gc,phases,start] GC(233) Compaction Phase
[62.535s][info][gc,phases      ] GC(233) Compaction Phase 642.554ms
[62.535s][info][gc,phases,start] GC(233) Post Compact
[62.540s][info][gc,phases      ] GC(233) Post Compact 4.868ms
[62.540s][info][gc,heap        ] GC(233) PSYoungGen: 95290K(149504K)->95290K(149504K) Eden: 30208K(30208K)->30208K(30208K) From: 65082K(119296K)->65082K(119296K)
[62.540s][info][gc,heap        ] GC(233) ParOldGen: 2526207K(2526208K)->2526206K(2526208K)
[62.540s][info][gc,metaspace   ] GC(233) Metaspace: 6300K(6464K)->6300K(6464K) NonClass: 5767K(5824K)->5767K(5824K) Class: 532K(640K)->532K(640K)
[62.540s][info][gc             ] GC(233) Pause Full (Ergonomics) 2560M->2560M(2613M) 1274.503ms
[62.540s][info][gc,cpu         ] GC(233) User=9.45s Sys=0.00s Real=1.27s
[62.541s][info][gc,start       ] GC(234) Pause Full (Ergonomics)
[62.541s][info][gc,phases,start] GC(234) Marking Phase
[63.121s][info][gc,phases      ] GC(234) Marking Phase 579.886ms
[63.121s][info][gc,phases,start] GC(234) Summary Phase
[63.121s][info][gc,phases      ] GC(234) Summary Phase 0.035ms
[63.121s][info][gc,phases,start] GC(234) Adjust Roots
[63.121s][info][gc,phases      ] GC(234) Adjust Roots 0.159ms
[63.121s][info][gc,phases,start] GC(234) Compaction Phase
[63.286s][info][gc,phases      ] GC(234) Compaction Phase 165.587ms
[63.287s][info][gc,phases,start] GC(234) Post Compact
[63.291s][info][gc,phases      ] GC(234) Post Compact 4.339ms
[63.291s][info][gc,heap        ] GC(234) PSYoungGen: 95290K(149504K)->95290K(149504K) Eden: 30208K(30208K)->30208K(30208K) From: 65082K(119296K)->65082K(119296K)
[63.291s][info][gc,heap        ] GC(234) ParOldGen: 2526206K(2526208K)->2526206K(2526208K)
[63.291s][info][gc,metaspace   ] GC(234) Metaspace: 6300K(6464K)->6300K(6464K) NonClass: 5767K(5824K)->5767K(5824K) Class: 532K(640K)->532K(640K)
[63.291s][info][gc             ] GC(234) Pause Full (Ergonomics) 2560M->2560M(2613M) 750.345ms
[63.291s][info][gc,cpu         ] GC(234) User=5.73s Sys=0.00s Real=0.75s
[63.292s][info][gc,start       ] GC(235) Pause Full (Ergonomics)
[63.292s][info][gc,phases,start] GC(235) Marking Phase
[63.900s][info][gc,phases      ] GC(235) Marking Phase 607.631ms
[63.900s][info][gc,phases,start] GC(235) Summary Phase
[63.900s][info][gc,phases      ] GC(235) Summary Phase 0.037ms
[63.900s][info][gc,phases,start] GC(235) Adjust Roots
[63.900s][info][gc,phases      ] GC(235) Adjust Roots 0.237ms
[63.900s][info][gc,phases,start] GC(235) Compaction Phase
[64.543s][info][gc,phases      ] GC(235) Compaction Phase 642.376ms
[64.543s][info][gc,phases,start] GC(235) Post Compact
[64.548s][info][gc,phases      ] GC(235) Post Compact 5.110ms
[64.548s][info][gc,heap        ] GC(235) PSYoungGen: 95290K(149504K)->95290K(149504K) Eden: 30208K(30208K)->30208K(30208K) From: 65082K(119296K)->65082K(119296K)
[64.548s][info][gc,heap        ] GC(235) ParOldGen: 2526207K(2526208K)->2526205K(2526208K)
[64.548s][info][gc,metaspace   ] GC(235) Metaspace: 6302K(6528K)->6302K(6528K) NonClass: 5768K(5888K)->5768K(5888K) Class: 533K(640K)->533K(640K)
[64.548s][info][gc             ] GC(235) Pause Full (Ergonomics) 2560M->2560M(2613M) 1255.868ms
[64.548s][info][gc,cpu         ] GC(235) User=9.36s Sys=0.00s Real=1.26s
[64.549s][info][gc,heap,exit   ] Heap
[64.549s][info][gc,heap,exit   ]  PSYoungGen      total 149504K, used 95290K [0x00000007b2f00000, 0x00000007c3d00000, 0x0000000800000000)
[64.549s][info][gc,heap,exit   ]   eden space 30208K, 100% used [0x00000007b2f00000,0x00000007b4c80000,0x00000007b4c80000)
[64.549s][info][gc,heap,exit   ]   from space 119296K, 54% used [0x00000007b4c80000,0x00000007b8c0e970,0x00000007bc100000)
[64.549s][info][gc,heap,exit   ]   to   space 121344K, 0% used [0x00000007bc680000,0x00000007bc680000,0x00000007c3d00000)
[64.549s][info][gc,heap,exit   ]  ParOldGen       total 2526208K, used 2526206K [0x0000000718c00000, 0x00000007b2f00000, 0x00000007b2f00000)
[64.549s][info][gc,heap,exit   ]   object space 2526208K, 99% used [0x0000000718c00000,0x00000007b2eff818,0x00000007b2f00000)
[64.549s][info][gc,heap,exit   ]  Metaspace       used 6305K, committed 6528K, reserved 1114112K
[64.549s][info][gc,heap,exit   ]   class space    used 534K, committed 640K, reserved 1048576K
