[0.011s][info][gc,init] CardTable entry size: 512
[0.012s][info][gc     ] Using Parallel
[0.013s][info][gc,init] Version: 18.0.1+10 (release)
[0.013s][info][gc,init] CPUs: 8 total, 8 available
[0.013s][info][gc,init] Memory: 16063M
[0.013s][info][gc,init] Large Page Support: Disabled
[0.013s][info][gc,init] NUMA Support: Disabled
[0.013s][info][gc,init] Compressed Oops: Enabled (Zero based)
[0.013s][info][gc,init] Alignments: Space 512K, Generation 512K, Heap 2M
[0.013s][info][gc,init] Heap Min Capacity: 2M
[0.013s][info][gc,init] Heap Initial Capacity: 2M
[0.013s][info][gc,init] Heap Max Capacity: 15900M
[0.013s][info][gc,init] Pre-touch: Disabled
[0.013s][info][gc,init] Parallel Workers: 8
[0.013s][info][gc,metaspace] CDS archive(s) not mapped
[0.014s][info][gc,metaspace] Compressed class space mapped at: 0x0000000800000000-0x0000000840000000, reserved size: 1073741824
[0.014s][info][gc,metaspace] Narrow klass base: 0x0000000800000000, Narrow klass shift: 0, Narrow klass range: 0x40000000
[0.106s][info][gc,start    ] GC(0) Pause Young (Allocation Failure)
[0.108s][info][gc,heap     ] GC(0) PSYoungGen: 512K(1024K)->480K(1024K) Eden: 512K(512K)->0K(512K) From: 0K(512K)->480K(512K)
[0.108s][info][gc,heap     ] GC(0) ParOldGen: 0K(512K)->8K(512K)
[0.108s][info][gc,metaspace] GC(0) Metaspace: 4229K(4352K)->4229K(4352K) NonClass: 3908K(3968K)->3908K(3968K) Class: 321K(384K)->321K(384K)
[0.108s][info][gc          ] GC(0) Pause Young (Allocation Failure) 0M->0M(1M) 1.537ms
[0.108s][info][gc,cpu      ] GC(0) User=0.00s Sys=0.00s Real=0.00s
[0.164s][info][gc,start    ] GC(1) Pause Young (Allocation Failure)
[0.165s][info][gc,heap     ] GC(1) PSYoungGen: 991K(1024K)->512K(1536K) Eden: 511K(512K)->0K(1024K) From: 480K(512K)->512K(512K)
[0.165s][info][gc,heap     ] GC(1) ParOldGen: 8K(512K)->84K(512K)
[0.165s][info][gc,metaspace] GC(1) Metaspace: 5877K(5952K)->5877K(5952K) NonClass: 5380K(5440K)->5380K(5440K) Class: 496K(512K)->496K(512K)
[0.165s][info][gc          ] GC(1) Pause Young (Allocation Failure) 0M->0M(2M) 0.965ms
[0.165s][info][gc,cpu      ] GC(1) User=0.00s Sys=0.00s Real=0.00s
[0.184s][info][gc,start    ] GC(2) Pause Young (Allocation Failure)
[0.185s][info][gc,heap     ] GC(2) PSYoungGen: 1536K(1536K)->512K(1536K) Eden: 1024K(1024K)->0K(1024K) From: 512K(512K)->512K(512K)
[0.185s][info][gc,heap     ] GC(2) ParOldGen: 84K(512K)->508K(512K)
[0.185s][info][gc,metaspace] GC(2) Metaspace: 6296K(6464K)->6296K(6464K) NonClass: 5763K(5824K)->5763K(5824K) Class: 533K(640K)->533K(640K)
[0.185s][info][gc          ] GC(2) Pause Young (Allocation Failure) 1M->0M(2M) 1.284ms
[0.185s][info][gc,cpu      ] GC(2) User=0.00s Sys=0.00s Real=0.00s
[0.185s][info][gc,start    ] GC(3) Pause Full (Ergonomics)
[0.185s][info][gc,phases,start] GC(3) Marking Phase
[0.186s][info][gc,phases      ] GC(3) Marking Phase 0.981ms
[0.186s][info][gc,phases,start] GC(3) Summary Phase
[0.186s][info][gc,phases      ] GC(3) Summary Phase 0.015ms
[0.186s][info][gc,phases,start] GC(3) Adjust Roots
[0.187s][info][gc,phases      ] GC(3) Adjust Roots 0.325ms
[0.187s][info][gc,phases,start] GC(3) Compaction Phase
[0.188s][info][gc,phases      ] GC(3) Compaction Phase 1.447ms
[0.188s][info][gc,phases,start] GC(3) Post Compact
[0.188s][info][gc,phases      ] GC(3) Post Compact 0.063ms
[0.188s][info][gc,heap        ] GC(3) PSYoungGen: 512K(1536K)->505K(1536K) Eden: 0K(1024K)->0K(1024K) From: 512K(512K)->505K(512K)
[0.188s][info][gc,heap        ] GC(3) ParOldGen: 508K(512K)->475K(2048K)
[0.188s][info][gc,metaspace   ] GC(3) Metaspace: 6296K(6464K)->6296K(6464K) NonClass: 5763K(5824K)->5763K(5824K) Class: 533K(640K)->533K(640K)
[0.188s][info][gc             ] GC(3) Pause Full (Ergonomics) 0M->0M(3M) 3.044ms
[0.188s][info][gc,cpu         ] GC(3) User=0.00s Sys=0.00s Real=0.00s
[0.190s][info][gc,start       ] GC(4) Pause Young (Allocation Failure)
[0.191s][info][gc,heap        ] GC(4) PSYoungGen: 1529K(1536K)->480K(2560K) Eden: 1024K(1024K)->0K(2048K) From: 505K(512K)->480K(512K)
[0.191s][info][gc,heap        ] GC(4) ParOldGen: 475K(2048K)->1031K(2048K)
[0.191s][info][gc,metaspace   ] GC(4) Metaspace: 6296K(6464K)->6296K(6464K) NonClass: 5763K(5824K)->5763K(5824K) Class: 533K(640K)->533K(640K)
[0.191s][info][gc             ] GC(4) Pause Young (Allocation Failure) 1M->1M(4M) 1.458ms
[0.191s][info][gc,cpu         ] GC(4) User=0.00s Sys=0.00s Real=0.00s
[0.194s][info][gc,start       ] GC(5) Pause Young (Allocation Failure)
[0.195s][info][gc,heap        ] GC(5) PSYoungGen: 2528K(2560K)->480K(2560K) Eden: 2048K(2048K)->0K(2048K) From: 480K(512K)->480K(512K)
[0.196s][info][gc,heap        ] GC(5) ParOldGen: 1031K(2048K)->2103K(2560K)
[0.196s][info][gc,metaspace   ] GC(5) Metaspace: 6296K(6464K)->6296K(6464K) NonClass: 5763K(5824K)->5763K(5824K) Class: 533K(640K)->533K(640K)
[0.196s][info][gc             ] GC(5) Pause Young (Allocation Failure) 3M->2M(5M) 1.689ms
[0.196s][info][gc,cpu         ] GC(5) User=0.00s Sys=0.00s Real=0.00s
[0.196s][info][gc,start       ] GC(6) Pause Full (Ergonomics)
[0.196s][info][gc,phases,start] GC(6) Marking Phase
[0.197s][info][gc,phases      ] GC(6) Marking Phase 1.383ms
[0.197s][info][gc,phases,start] GC(6) Summary Phase
[0.197s][info][gc,phases      ] GC(6) Summary Phase 0.014ms
[0.197s][info][gc,phases,start] GC(6) Adjust Roots
[0.197s][info][gc,phases      ] GC(6) Adjust Roots 0.298ms
[0.197s][info][gc,phases,start] GC(6) Compaction Phase
[0.199s][info][gc,phases      ] GC(6) Compaction Phase 2.041ms
[0.200s][info][gc,phases,start] GC(6) Post Compact
[0.200s][info][gc,phases      ] GC(6) Post Compact 0.034ms
[0.200s][info][gc,heap        ] GC(6) PSYoungGen: 480K(2560K)->0K(4096K) Eden: 0K(2048K)->0K(3072K) From: 480K(512K)->0K(1024K)
[0.200s][info][gc,heap        ] GC(6) ParOldGen: 2103K(2560K)->2542K(6144K)
[0.200s][info][gc,metaspace   ] GC(6) Metaspace: 6296K(6464K)->6296K(6464K) NonClass: 5763K(5824K)->5763K(5824K) Class: 533K(640K)->533K(640K)
[0.200s][info][gc             ] GC(6) Pause Full (Ergonomics) 2M->2M(10M) 4.125ms
[0.200s][info][gc,cpu         ] GC(6) User=0.02s Sys=0.00s Real=0.00s
[0.204s][info][gc,start       ] GC(7) Pause Young (Allocation Failure)
[0.206s][info][gc,heap        ] GC(7) PSYoungGen: 3072K(4096K)->1664K(5120K) Eden: 3072K(3072K)->0K(3072K) From: 0K(1024K)->1664K(2048K)
[0.206s][info][gc,heap        ] GC(7) ParOldGen: 2542K(6144K)->2542K(6144K)
[0.206s][info][gc,metaspace   ] GC(7) Metaspace: 6296K(6464K)->6296K(6464K) NonClass: 5763K(5824K)->5763K(5824K) Class: 533K(640K)->533K(640K)
[0.206s][info][gc             ] GC(7) Pause Young (Allocation Failure) 5M->4M(11M) 1.724ms
[0.206s][info][gc,cpu         ] GC(7) User=0.00s Sys=0.00s Real=0.00s
[0.210s][info][gc,start       ] GC(8) Pause Young (Allocation Failure)
[0.213s][info][gc,heap        ] GC(8) PSYoungGen: 4736K(5120K)->2016K(5632K) Eden: 3072K(3072K)->0K(3584K) From: 1664K(2048K)->2016K(2048K)
[0.213s][info][gc,heap        ] GC(8) ParOldGen: 2542K(6144K)->3774K(6144K)
[0.213s][info][gc,metaspace   ] GC(8) Metaspace: 6296K(6464K)->6296K(6464K) NonClass: 5763K(5824K)->5763K(5824K) Class: 533K(640K)->533K(640K)
[0.213s][info][gc             ] GC(8) Pause Young (Allocation Failure) 7M->5M(11M) 3.074ms
[0.213s][info][gc,cpu         ] GC(8) User=0.00s Sys=0.00s Real=0.00s
[0.221s][info][gc,start       ] GC(9) Pause Young (Allocation Failure)
[0.224s][info][gc,heap        ] GC(9) PSYoungGen: 5600K(5632K)->3040K(6656K) Eden: 3584K(3584K)->0K(3584K) From: 2016K(2048K)->3040K(3072K)
[0.224s][info][gc,heap        ] GC(9) ParOldGen: 3774K(6144K)->4614K(6144K)
[0.224s][info][gc,metaspace   ] GC(9) Metaspace: 6296K(6464K)->6296K(6464K) NonClass: 5763K(5824K)->5763K(5824K) Class: 533K(640K)->533K(640K)
[0.224s][info][gc             ] GC(9) Pause Young (Allocation Failure) 9M->7M(12M) 3.762ms
[0.224s][info][gc,cpu         ] GC(9) User=0.00s Sys=0.00s Real=0.00s
[0.228s][info][gc,start       ] GC(10) Pause Young (Allocation Failure)
[0.232s][info][gc,heap        ] GC(10) PSYoungGen: 6624K(6656K)->4064K(8704K) Eden: 3584K(3584K)->0K(4608K) From: 3040K(3072K)->4064K(4096K)
[0.232s][info][gc,heap        ] GC(10) ParOldGen: 4614K(6144K)->5454K(6144K)
[0.232s][info][gc,metaspace   ] GC(10) Metaspace: 6296K(6464K)->6296K(6464K) NonClass: 5763K(5824K)->5763K(5824K) Class: 533K(640K)->533K(640K)
[0.232s][info][gc             ] GC(10) Pause Young (Allocation Failure) 10M->9M(14M) 4.198ms
[0.232s][info][gc,cpu         ] GC(10) User=0.02s Sys=0.00s Real=0.00s
[0.232s][info][gc,start       ] GC(11) Pause Full (Ergonomics)
[0.232s][info][gc,phases,start] GC(11) Marking Phase
[0.237s][info][gc,phases      ] GC(11) Marking Phase 4.357ms
[0.237s][info][gc,phases,start] GC(11) Summary Phase
[0.237s][info][gc,phases      ] GC(11) Summary Phase 0.013ms
[0.237s][info][gc,phases,start] GC(11) Adjust Roots
[0.237s][info][gc,phases      ] GC(11) Adjust Roots 0.334ms
[0.237s][info][gc,phases,start] GC(11) Compaction Phase
[0.243s][info][gc,phases      ] GC(11) Compaction Phase 6.174ms
[0.243s][info][gc,phases,start] GC(11) Post Compact
[0.243s][info][gc,phases      ] GC(11) Post Compact 0.052ms
[0.243s][info][gc,heap        ] GC(11) PSYoungGen: 4064K(8704K)->3545K(8704K) Eden: 0K(4608K)->0K(4608K) From: 4064K(4096K)->3545K(4096K)
[0.243s][info][gc,heap        ] GC(11) ParOldGen: 5454K(6144K)->5831K(10752K)
[0.243s][info][gc,metaspace   ] GC(11) Metaspace: 6296K(6464K)->6296K(6464K) NonClass: 5763K(5824K)->5763K(5824K) Class: 533K(640K)->533K(640K)
[0.243s][info][gc             ] GC(11) Pause Full (Ergonomics) 9M->9M(19M) 11.193ms
[0.243s][info][gc,cpu         ] GC(11) User=0.00s Sys=0.00s Real=0.01s
[0.248s][info][gc,start       ] GC(12) Pause Young (Allocation Failure)
[0.252s][info][gc,heap        ] GC(12) PSYoungGen: 8013K(8704K)->5088K(9728K) Eden: 4468K(4608K)->0K(4608K) From: 3545K(4096K)->5088K(5120K)
[0.252s][info][gc,heap        ] GC(12) ParOldGen: 5831K(10752K)->6607K(10752K)
[0.252s][info][gc,metaspace   ] GC(12) Metaspace: 6296K(6464K)->6296K(6464K) NonClass: 5763K(5824K)->5763K(5824K) Class: 533K(640K)->533K(640K)
[0.252s][info][gc             ] GC(12) Pause Young (Allocation Failure) 13M->11M(20M) 4.040ms
[0.252s][info][gc,cpu         ] GC(12) User=0.00s Sys=0.00s Real=0.00s
[0.258s][info][gc,start       ] GC(13) Pause Young (Allocation Failure)
[0.263s][info][gc,heap        ] GC(13) PSYoungGen: 9696K(9728K)->6112K(11264K) Eden: 4608K(4608K)->0K(5120K) From: 5088K(5120K)->6112K(6144K)
[0.264s][info][gc,heap        ] GC(13) ParOldGen: 6607K(10752K)->7983K(10752K)
[0.264s][info][gc,metaspace   ] GC(13) Metaspace: 6296K(6464K)->6296K(6464K) NonClass: 5763K(5824K)->5763K(5824K) Class: 533K(640K)->533K(640K)
[0.264s][info][gc             ] GC(13) Pause Young (Allocation Failure) 15M->13M(21M) 5.712ms
[0.264s][info][gc,cpu         ] GC(13) User=0.00s Sys=0.00s Real=0.01s
[0.268s][info][gc,start       ] GC(14) Pause Young (Allocation Failure)
[0.273s][info][gc,heap        ] GC(14) PSYoungGen: 11232K(11264K)->5216K(12800K) Eden: 5120K(5120K)->0K(5120K) From: 6112K(6144K)->5216K(7680K)
[0.273s][info][gc,heap        ] GC(14) ParOldGen: 7983K(10752K)->11575K(11776K)
[0.273s][info][gc,metaspace   ] GC(14) Metaspace: 6298K(6464K)->6298K(6464K) NonClass: 5764K(5824K)->5764K(5824K) Class: 533K(640K)->533K(640K)
[0.273s][info][gc             ] GC(14) Pause Young (Allocation Failure) 18M->16M(24M) 5.489ms
[0.273s][info][gc,cpu         ] GC(14) User=0.00s Sys=0.00s Real=0.00s
[0.273s][info][gc,start       ] GC(15) Pause Full (Ergonomics)
[0.273s][info][gc,phases,start] GC(15) Marking Phase
[0.280s][info][gc,phases      ] GC(15) Marking Phase 6.921ms
[0.280s][info][gc,phases,start] GC(15) Summary Phase
[0.280s][info][gc,phases      ] GC(15) Summary Phase 0.015ms
[0.280s][info][gc,phases,start] GC(15) Adjust Roots
[0.280s][info][gc,phases      ] GC(15) Adjust Roots 0.207ms
[0.280s][info][gc,phases,start] GC(15) Compaction Phase
[0.287s][info][gc,phases      ] GC(15) Compaction Phase 6.500ms
[0.287s][info][gc,phases,start] GC(15) Post Compact
[0.287s][info][gc,phases      ] GC(15) Post Compact 0.072ms
[0.287s][info][gc,heap        ] GC(15) PSYoungGen: 5216K(12800K)->5182K(12800K) Eden: 0K(5120K)->0K(5120K) From: 5216K(7680K)->5182K(7680K)
[0.287s][info][gc,heap        ] GC(15) ParOldGen: 11575K(11776K)->11468K(18432K)
[0.287s][info][gc,metaspace   ] GC(15) Metaspace: 6298K(6464K)->6298K(6464K) NonClass: 5764K(5824K)->5764K(5824K) Class: 533K(640K)->533K(640K)
[0.287s][info][gc             ] GC(15) Pause Full (Ergonomics) 16M->16M(30M) 14.032ms
[0.287s][info][gc,cpu         ] GC(15) User=0.00s Sys=0.00s Real=0.01s
[0.290s][info][gc,start       ] GC(16) Pause Young (Allocation Failure)
[0.297s][info][gc,heap        ] GC(16) PSYoungGen: 10302K(12800K)->2688K(14336K) Eden: 5120K(5120K)->0K(7168K) From: 5182K(7680K)->2688K(7168K)
[0.297s][info][gc,heap        ] GC(16) ParOldGen: 11468K(18432K)->16732K(18432K)
[0.297s][info][gc,metaspace   ] GC(16) Metaspace: 6298K(6464K)->6298K(6464K) NonClass: 5764K(5824K)->5764K(5824K) Class: 533K(640K)->533K(640K)
[0.297s][info][gc             ] GC(16) Pause Young (Allocation Failure) 21M->18M(32M) 6.170ms
[0.297s][info][gc,cpu         ] GC(16) User=0.02s Sys=0.00s Real=0.01s
[0.297s][info][gc,start       ] GC(17) Pause Full (Ergonomics)
[0.297s][info][gc,phases,start] GC(17) Marking Phase
[0.305s][info][gc,phases      ] GC(17) Marking Phase 8.263ms
[0.305s][info][gc,phases,start] GC(17) Summary Phase
[0.305s][info][gc,phases      ] GC(17) Summary Phase 0.017ms
[0.305s][info][gc,phases,start] GC(17) Adjust Roots
[0.305s][info][gc,phases      ] GC(17) Adjust Roots 0.214ms
[0.305s][info][gc,phases,start] GC(17) Compaction Phase
[0.312s][info][gc,phases      ] GC(17) Compaction Phase 6.293ms
[0.312s][info][gc,phases,start] GC(17) Post Compact
[0.312s][info][gc,phases      ] GC(17) Post Compact 0.078ms
[0.312s][info][gc,heap        ] GC(17) PSYoungGen: 2688K(14336K)->1105K(14848K) Eden: 0K(7168K)->0K(7680K) From: 2688K(7168K)->1105K(7168K)
[0.312s][info][gc,heap        ] GC(17) ParOldGen: 16732K(18432K)->18183K(27648K)
[0.312s][info][gc,metaspace   ] GC(17) Metaspace: 6298K(6464K)->6298K(6464K) NonClass: 5764K(5824K)->5764K(5824K) Class: 533K(640K)->533K(640K)
[0.312s][info][gc             ] GC(17) Pause Full (Ergonomics) 18M->18M(41M) 15.224ms
[0.312s][info][gc,cpu         ] GC(17) User=0.00s Sys=0.00s Real=0.01s
[0.316s][info][gc,start       ] GC(18) Pause Young (Allocation Failure)
[0.321s][info][gc,heap        ] GC(18) PSYoungGen: 7799K(14848K)->3424K(15360K) Eden: 6694K(7680K)->0K(7680K) From: 1105K(7168K)->3424K(7680K)
[0.321s][info][gc,heap        ] GC(18) ParOldGen: 18183K(27648K)->19311K(27648K)
[0.321s][info][gc,metaspace   ] GC(18) Metaspace: 6298K(6464K)->6298K(6464K) NonClass: 5764K(5824K)->5764K(5824K) Class: 533K(640K)->533K(640K)
[0.321s][info][gc             ] GC(18) Pause Young (Allocation Failure) 25M->22M(42M) 5.071ms
[0.321s][info][gc,cpu         ] GC(18) User=0.00s Sys=0.00s Real=0.01s
[0.328s][info][gc,start       ] GC(19) Pause Young (Allocation Failure)
[0.335s][info][gc,heap        ] GC(19) PSYoungGen: 11103K(15360K)->4512K(17920K) Eden: 7679K(7680K)->0K(10240K) From: 3424K(7680K)->4512K(7680K)
[0.335s][info][gc,heap        ] GC(19) ParOldGen: 19311K(27648K)->22759K(27648K)
[0.335s][info][gc,metaspace   ] GC(19) Metaspace: 6298K(6464K)->6298K(6464K) NonClass: 5764K(5824K)->5764K(5824K) Class: 533K(640K)->533K(640K)
[0.335s][info][gc             ] GC(19) Pause Young (Allocation Failure) 29M->26M(44M) 7.201ms
[0.335s][info][gc,cpu         ] GC(19) User=0.00s Sys=0.00s Real=0.01s
[0.341s][info][gc,start       ] GC(20) Pause Young (Allocation Failure)
[0.348s][info][gc,heap        ] GC(20) PSYoungGen: 14752K(17920K)->5344K(17920K) Eden: 10240K(10240K)->0K(10240K) From: 4512K(7680K)->5344K(7680K)
[0.349s][info][gc,heap        ] GC(20) ParOldGen: 22759K(27648K)->27279K(27648K)
[0.349s][info][gc,metaspace   ] GC(20) Metaspace: 6298K(6464K)->6298K(6464K) NonClass: 5764K(5824K)->5764K(5824K) Class: 533K(640K)->533K(640K)
[0.349s][info][gc             ] GC(20) Pause Young (Allocation Failure) 36M->31M(44M) 7.499ms
[0.349s][info][gc,cpu         ] GC(20) User=0.00s Sys=0.00s Real=0.01s
[0.349s][info][gc,start       ] GC(21) Pause Full (Ergonomics)
[0.349s][info][gc,phases,start] GC(21) Marking Phase
[0.362s][info][gc,phases      ] GC(21) Marking Phase 12.860ms
[0.362s][info][gc,phases,start] GC(21) Summary Phase
[0.362s][info][gc,phases      ] GC(21) Summary Phase 0.019ms
[0.362s][info][gc,phases,start] GC(21) Adjust Roots
[0.362s][info][gc,phases      ] GC(21) Adjust Roots 0.192ms
[0.362s][info][gc,phases,start] GC(21) Compaction Phase
[0.375s][info][gc,phases      ] GC(21) Compaction Phase 12.724ms
[0.375s][info][gc,phases,start] GC(21) Post Compact
[0.375s][info][gc,phases      ] GC(21) Post Compact 0.138ms
[0.375s][info][gc,heap        ] GC(21) PSYoungGen: 5344K(17920K)->4779K(17920K) Eden: 0K(10240K)->0K(10240K) From: 5344K(7680K)->4779K(7680K)
[0.375s][info][gc,heap        ] GC(21) ParOldGen: 27279K(27648K)->27139K(38912K)
[0.375s][info][gc,metaspace   ] GC(21) Metaspace: 6298K(6464K)->6298K(6464K) NonClass: 5764K(5824K)->5764K(5824K) Class: 533K(640K)->533K(640K)
[0.375s][info][gc             ] GC(21) Pause Full (Ergonomics) 31M->31M(55M) 26.473ms
[0.375s][info][gc,cpu         ] GC(21) User=0.02s Sys=0.00s Real=0.03s
[0.385s][info][gc,start       ] GC(22) Pause Young (Allocation Failure)
[0.397s][info][gc,heap        ] GC(22) PSYoungGen: 15019K(17920K)->8192K(17920K) Eden: 10240K(10240K)->0K(9728K) From: 4779K(7680K)->8192K(8192K)
[0.397s][info][gc,heap        ] GC(22) ParOldGen: 27139K(38912K)->32955K(38912K)
[0.397s][info][gc,metaspace   ] GC(22) Metaspace: 6298K(6464K)->6298K(6464K) NonClass: 5764K(5824K)->5764K(5824K) Class: 533K(640K)->533K(640K)
[0.397s][info][gc             ] GC(22) Pause Young (Allocation Failure) 41M->40M(55M) 12.336ms
[0.397s][info][gc,cpu         ] GC(22) User=0.00s Sys=0.00s Real=0.01s
[0.397s][info][gc,start       ] GC(23) Pause Full (Ergonomics)
[0.397s][info][gc,phases,start] GC(23) Marking Phase
[0.415s][info][gc,phases      ] GC(23) Marking Phase 17.511ms
[0.415s][info][gc,phases,start] GC(23) Summary Phase
[0.415s][info][gc,phases      ] GC(23) Summary Phase 0.017ms
[0.415s][info][gc,phases,start] GC(23) Adjust Roots
[0.415s][info][gc,phases      ] GC(23) Adjust Roots 0.157ms
[0.415s][info][gc,phases,start] GC(23) Compaction Phase
[0.426s][info][gc,phases      ] GC(23) Compaction Phase 11.373ms
[0.426s][info][gc,phases,start] GC(23) Post Compact
[0.427s][info][gc,phases      ] GC(23) Post Compact 0.303ms
[0.427s][info][gc,heap        ] GC(23) PSYoungGen: 8192K(17920K)->2555K(17920K) Eden: 0K(9728K)->0K(9728K) From: 8192K(8192K)->2555K(8192K)
[0.427s][info][gc,heap        ] GC(23) ParOldGen: 32955K(38912K)->38477K(52736K)
[0.427s][info][gc,metaspace   ] GC(23) Metaspace: 6298K(6464K)->6298K(6464K) NonClass: 5764K(5824K)->5764K(5824K) Class: 533K(640K)->533K(640K)
[0.427s][info][gc             ] GC(23) Pause Full (Ergonomics) 40M->40M(69M) 29.840ms
[0.427s][info][gc,cpu         ] GC(23) User=0.05s Sys=0.00s Real=0.03s
[0.442s][info][gc,start       ] GC(24) Pause Young (Allocation Failure)
[0.452s][info][gc,heap        ] GC(24) PSYoungGen: 12283K(17920K)->9728K(20992K) Eden: 9728K(9728K)->0K(9728K) From: 2555K(8192K)->9728K(11264K)
[0.452s][info][gc,heap        ] GC(24) ParOldGen: 38477K(52736K)->41085K(52736K)
[0.452s][info][gc,metaspace   ] GC(24) Metaspace: 6298K(6464K)->6298K(6464K) NonClass: 5764K(5824K)->5764K(5824K) Class: 533K(640K)->533K(640K)
[0.452s][info][gc             ] GC(24) Pause Young (Allocation Failure) 49M->49M(72M) 10.733ms
[0.452s][info][gc,cpu         ] GC(24) User=0.02s Sys=0.00s Real=0.01s
[0.463s][info][gc,start       ] GC(25) Pause Young (Allocation Failure)
[0.476s][info][gc,heap        ] GC(25) PSYoungGen: 19456K(20992K)->12768K(19968K) Eden: 9728K(9728K)->0K(7168K) From: 9728K(11264K)->12768K(12800K)
[0.476s][info][gc,heap        ] GC(25) ParOldGen: 41085K(52736K)->47853K(52736K)
[0.476s][info][gc,metaspace   ] GC(25) Metaspace: 6298K(6464K)->6298K(6464K) NonClass: 5764K(5824K)->5764K(5824K) Class: 533K(640K)->533K(640K)
[0.476s][info][gc             ] GC(25) Pause Young (Allocation Failure) 59M->59M(71M) 13.185ms
[0.476s][info][gc,cpu         ] GC(25) User=0.00s Sys=0.00s Real=0.01s
[0.476s][info][gc,start       ] GC(26) Pause Full (Ergonomics)
[0.476s][info][gc,phases,start] GC(26) Marking Phase
[0.500s][info][gc,phases      ] GC(26) Marking Phase 23.613ms
[0.500s][info][gc,phases,start] GC(26) Summary Phase
[0.500s][info][gc,phases      ] GC(26) Summary Phase 0.019ms
[0.500s][info][gc,phases,start] GC(26) Adjust Roots
[0.500s][info][gc,phases      ] GC(26) Adjust Roots 0.157ms
[0.500s][info][gc,phases,start] GC(26) Compaction Phase
[0.518s][info][gc,phases      ] GC(26) Compaction Phase 18.028ms
[0.518s][info][gc,phases,start] GC(26) Post Compact
[0.518s][info][gc,phases      ] GC(26) Post Compact 0.244ms
[0.518s][info][gc,heap        ] GC(26) PSYoungGen: 12768K(19968K)->7122K(19968K) Eden: 0K(7168K)->0K(7168K) From: 12768K(12800K)->7122K(12800K)
[0.518s][info][gc,heap        ] GC(26) ParOldGen: 47853K(52736K)->52289K(69120K)
[0.518s][info][gc,metaspace   ] GC(26) Metaspace: 6298K(6464K)->6298K(6464K) NonClass: 5764K(5824K)->5764K(5824K) Class: 533K(640K)->533K(640K)
[0.518s][info][gc             ] GC(26) Pause Full (Ergonomics) 59M->58M(87M) 42.481ms
[0.518s][info][gc,cpu         ] GC(26) User=0.05s Sys=0.00s Real=0.04s
[0.527s][info][gc,start       ] GC(27) Pause Young (Allocation Failure)
[0.542s][info][gc,heap        ] GC(27) PSYoungGen: 14290K(19968K)->7200K(24576K) Eden: 7168K(7168K)->0K(7168K) From: 7122K(12800K)->7200K(17408K)
[0.542s][info][gc,heap        ] GC(27) ParOldGen: 52289K(69120K)->59537K(69120K)
[0.542s][info][gc,metaspace   ] GC(27) Metaspace: 6298K(6464K)->6298K(6464K) NonClass: 5764K(5824K)->5764K(5824K) Class: 533K(640K)->533K(640K)
[0.542s][info][gc             ] GC(27) Pause Young (Allocation Failure) 65M->65M(91M) 14.724ms
[0.542s][info][gc,cpu         ] GC(27) User=0.03s Sys=0.00s Real=0.01s
[0.550s][info][gc,start       ] GC(28) Pause Young (Allocation Failure)
[0.561s][info][gc,heap        ] GC(28) PSYoungGen: 14368K(24576K)->14336K(23040K) Eden: 7168K(7168K)->0K(6656K) From: 7200K(17408K)->14336K(16384K)
[0.561s][info][gc,heap        ] GC(28) ParOldGen: 59537K(69120K)->59537K(69120K)
[0.561s][info][gc,metaspace   ] GC(28) Metaspace: 6298K(6464K)->6298K(6464K) NonClass: 5764K(5824K)->5764K(5824K) Class: 533K(640K)->533K(640K)
[0.561s][info][gc             ] GC(28) Pause Young (Allocation Failure) 72M->72M(90M) 10.629ms
[0.561s][info][gc,cpu         ] GC(28) User=0.00s Sys=0.00s Real=0.01s
[0.568s][info][gc,start       ] GC(29) Pause Young (Allocation Failure)
[0.582s][info][gc,heap        ] GC(29) PSYoungGen: 20992K(23040K)->13824K(25088K) Eden: 6656K(6656K)->0K(6656K) From: 14336K(16384K)->13824K(18432K)
[0.582s][info][gc,heap        ] GC(29) ParOldGen: 59537K(69120K)->66793K(69120K)
[0.582s][info][gc,metaspace   ] GC(29) Metaspace: 6298K(6464K)->6298K(6464K) NonClass: 5764K(5824K)->5764K(5824K) Class: 533K(640K)->533K(640K)
[0.582s][info][gc             ] GC(29) Pause Young (Allocation Failure) 78M->78M(92M) 13.967ms
[0.582s][info][gc,cpu         ] GC(29) User=0.00s Sys=0.00s Real=0.01s
[0.582s][info][gc,start       ] GC(30) Pause Full (Ergonomics)
[0.582s][info][gc,phases,start] GC(30) Marking Phase
[0.615s][info][gc,phases      ] GC(30) Marking Phase 33.206ms
[0.615s][info][gc,phases,start] GC(30) Summary Phase
[0.615s][info][gc,phases      ] GC(30) Summary Phase 0.015ms
[0.615s][info][gc,phases,start] GC(30) Adjust Roots
[0.616s][info][gc,phases      ] GC(30) Adjust Roots 0.157ms
[0.616s][info][gc,phases,start] GC(30) Compaction Phase
[0.637s][info][gc,phases      ] GC(30) Compaction Phase 20.894ms
[0.637s][info][gc,phases,start] GC(30) Post Compact
[0.637s][info][gc,phases      ] GC(30) Post Compact 0.317ms
[0.637s][info][gc,heap        ] GC(30) PSYoungGen: 13824K(25088K)->11209K(25088K) Eden: 0K(6656K)->0K(6656K) From: 13824K(18432K)->11209K(18432K)
[0.637s][info][gc,heap        ] GC(30) ParOldGen: 66793K(69120K)->69106K(89600K)
[0.637s][info][gc,metaspace   ] GC(30) Metaspace: 6298K(6464K)->6298K(6464K) NonClass: 5764K(5824K)->5764K(5824K) Class: 533K(640K)->533K(640K)
[0.637s][info][gc             ] GC(30) Pause Full (Ergonomics) 78M->78M(112M) 55.006ms
[0.637s][info][gc,cpu         ] GC(30) User=0.08s Sys=0.00s Real=0.06s
[0.646s][info][gc,start       ] GC(31) Pause Young (Allocation Failure)
[0.663s][info][gc,heap        ] GC(31) PSYoungGen: 17865K(25088K)->11968K(27648K) Eden: 6656K(6656K)->0K(8192K) From: 11209K(18432K)->11968K(19456K)
[0.663s][info][gc,heap        ] GC(31) ParOldGen: 69106K(89600K)->75154K(89600K)
[0.663s][info][gc,metaspace   ] GC(31) Metaspace: 6298K(6464K)->6298K(6464K) NonClass: 5764K(5824K)->5764K(5824K) Class: 533K(640K)->533K(640K)
[0.663s][info][gc             ] GC(31) Pause Young (Allocation Failure) 84M->85M(114M) 17.147ms
[0.663s][info][gc,cpu         ] GC(31) User=0.02s Sys=0.00s Real=0.02s
[0.679s][info][gc,start       ] GC(32) Pause Young (Allocation Failure)
[0.692s][info][gc,heap        ] GC(32) PSYoungGen: 20160K(27648K)->14848K(28160K) Eden: 8192K(8192K)->0K(8192K) From: 11968K(19456K)->14848K(19968K)
[0.692s][info][gc,heap        ] GC(32) ParOldGen: 75154K(89600K)->80514K(89600K)
[0.692s][info][gc,metaspace   ] GC(32) Metaspace: 6298K(6464K)->6298K(6464K) NonClass: 5764K(5824K)->5764K(5824K) Class: 533K(640K)->533K(640K)
[0.692s][info][gc             ] GC(32) Pause Young (Allocation Failure) 93M->93M(115M) 13.940ms
[0.692s][info][gc,cpu         ] GC(32) User=0.00s Sys=0.00s Real=0.01s
[0.693s][info][gc,start       ] GC(33) Pause Full (Ergonomics)
[0.693s][info][gc,phases,start] GC(33) Marking Phase
[0.728s][info][gc,phases      ] GC(33) Marking Phase 35.184ms
[0.728s][info][gc,phases,start] GC(33) Summary Phase
[0.728s][info][gc,phases      ] GC(33) Summary Phase 0.021ms
[0.728s][info][gc,phases,start] GC(33) Adjust Roots
[0.728s][info][gc,phases      ] GC(33) Adjust Roots 0.155ms
[0.728s][info][gc,phases,start] GC(33) Compaction Phase
[0.764s][info][gc,phases      ] GC(33) Compaction Phase 35.539ms
[0.764s][info][gc,phases,start] GC(33) Post Compact
[0.764s][info][gc,phases      ] GC(33) Post Compact 0.294ms
[0.764s][info][gc,heap        ] GC(33) PSYoungGen: 14848K(28160K)->3553K(28160K) Eden: 0K(8192K)->0K(8192K) From: 14848K(19968K)->3553K(19968K)
[0.764s][info][gc,heap        ] GC(33) ParOldGen: 80514K(89600K)->89517K(112128K)
[0.764s][info][gc,metaspace   ] GC(33) Metaspace: 6298K(6464K)->6298K(6464K) NonClass: 5764K(5824K)->5764K(5824K) Class: 533K(640K)->533K(640K)
[0.764s][info][gc             ] GC(33) Pause Full (Ergonomics) 93M->90M(137M) 71.616ms
[0.764s][info][gc,cpu         ] GC(33) User=0.09s Sys=0.00s Real=0.07s
[0.773s][info][gc,start       ] GC(34) Pause Young (Allocation Failure)
[0.786s][info][gc,heap        ] GC(34) PSYoungGen: 11745K(28160K)->10176K(29184K) Eden: 8192K(8192K)->0K(9728K) From: 3553K(19968K)->10176K(19456K)
[0.786s][info][gc,heap        ] GC(34) ParOldGen: 89517K(112128K)->91189K(112128K)
[0.786s][info][gc,metaspace   ] GC(34) Metaspace: 6298K(6464K)->6298K(6464K) NonClass: 5764K(5824K)->5764K(5824K) Class: 533K(640K)->533K(640K)
[0.786s][info][gc             ] GC(34) Pause Young (Allocation Failure) 98M->98M(138M) 13.005ms
[0.786s][info][gc,cpu         ] GC(34) User=0.02s Sys=0.00s Real=0.01s
[0.795s][info][gc,start       ] GC(35) Pause Young (Allocation Failure)
[0.805s][info][gc,heap        ] GC(35) PSYoungGen: 19904K(29184K)->19872K(30208K) Eden: 9728K(9728K)->0K(9728K) From: 10176K(19456K)->19872K(20480K)
[0.805s][info][gc,heap        ] GC(35) ParOldGen: 91189K(112128K)->91189K(112128K)
[0.805s][info][gc,metaspace   ] GC(35) Metaspace: 6298K(6464K)->6298K(6464K) NonClass: 5764K(5824K)->5764K(5824K) Class: 533K(640K)->533K(640K)
[0.805s][info][gc             ] GC(35) Pause Young (Allocation Failure) 108M->108M(139M) 10.219ms
[0.805s][info][gc,cpu         ] GC(35) User=0.00s Sys=0.00s Real=0.01s
[0.814s][info][gc,start       ] GC(36) Pause Young (Allocation Failure)
[0.830s][info][gc,heap        ] GC(36) PSYoungGen: 29600K(30208K)->23552K(29184K) Eden: 9728K(9728K)->0K(5632K) From: 19872K(20480K)->23552K(23552K)
[0.830s][info][gc,heap        ] GC(36) ParOldGen: 91189K(112128K)->97261K(112128K)
[0.830s][info][gc,metaspace   ] GC(36) Metaspace: 6298K(6464K)->6298K(6464K) NonClass: 5764K(5824K)->5764K(5824K) Class: 533K(640K)->533K(640K)
[0.830s][info][gc             ] GC(36) Pause Young (Allocation Failure) 117M->117M(138M) 16.648ms
[0.830s][info][gc,cpu         ] GC(36) User=0.05s Sys=0.00s Real=0.02s
[0.836s][info][gc,start       ] GC(37) Pause Young (Allocation Failure)
[0.852s][info][gc,heap        ] GC(37) PSYoungGen: 29184K(29184K)->19680K(34816K) Eden: 5632K(5632K)->0K(5632K) From: 23552K(23552K)->19680K(29184K)
[0.853s][info][gc,heap        ] GC(37) ParOldGen: 97261K(112128K)->106933K(112128K)
[0.853s][info][gc,metaspace   ] GC(37) Metaspace: 6298K(6464K)->6298K(6464K) NonClass: 5764K(5824K)->5764K(5824K) Class: 533K(640K)->533K(640K)
[0.853s][info][gc             ] GC(37) Pause Young (Allocation Failure) 123M->123M(143M) 16.861ms
[0.853s][info][gc,cpu         ] GC(37) User=0.02s Sys=0.03s Real=0.02s
[0.853s][info][gc,start       ] GC(38) Pause Full (Ergonomics)
[0.853s][info][gc,phases,start] GC(38) Marking Phase
[0.886s][info][gc,phases      ] GC(38) Marking Phase 33.677ms
[0.886s][info][gc,phases,start] GC(38) Summary Phase
[0.886s][info][gc,phases      ] GC(38) Summary Phase 0.017ms
[0.886s][info][gc,phases,start] GC(38) Adjust Roots
[0.887s][info][gc,phases      ] GC(38) Adjust Roots 0.144ms
[0.887s][info][gc,phases,start] GC(38) Compaction Phase
[0.910s][info][gc,phases      ] GC(38) Compaction Phase 23.257ms
[0.910s][info][gc,phases,start] GC(38) Post Compact
[0.911s][info][gc,phases      ] GC(38) Post Compact 0.672ms
[0.911s][info][gc,heap        ] GC(38) PSYoungGen: 19680K(34816K)->14483K(34816K) Eden: 0K(5632K)->0K(5632K) From: 19680K(29184K)->14483K(29184K)
[0.911s][info][gc,heap        ] GC(38) ParOldGen: 106933K(112128K)->111736K(137728K)
[0.911s][info][gc,metaspace   ] GC(38) Metaspace: 6298K(6464K)->6298K(6464K) NonClass: 5764K(5824K)->5764K(5824K) Class: 533K(640K)->533K(640K)
[0.911s][info][gc             ] GC(38) Pause Full (Ergonomics) 123M->123M(168M) 58.188ms
[0.911s][info][gc,cpu         ] GC(38) User=0.19s Sys=0.00s Real=0.06s
[0.916s][info][gc,start       ] GC(39) Pause Young (Allocation Failure)
[0.931s][info][gc,heap        ] GC(39) PSYoungGen: 20115K(34816K)->10144K(34304K) Eden: 5632K(5632K)->0K(6656K) From: 14483K(29184K)->10144K(27648K)
[0.931s][info][gc,heap        ] GC(39) ParOldGen: 111736K(137728K)->121960K(137728K)
[0.931s][info][gc,metaspace   ] GC(39) Metaspace: 6298K(6464K)->6298K(6464K) NonClass: 5764K(5824K)->5764K(5824K) Class: 533K(640K)->533K(640K)
[0.932s][info][gc             ] GC(39) Pause Young (Allocation Failure) 128M->129M(168M) 15.457ms
[0.932s][info][gc,cpu         ] GC(39) User=0.02s Sys=0.00s Real=0.02s
[0.938s][info][gc,start       ] GC(40) Pause Young (Allocation Failure)
[0.947s][info][gc,heap        ] GC(40) PSYoungGen: 16800K(34304K)->12320K(35840K) Eden: 6656K(6656K)->0K(6656K) From: 10144K(27648K)->12320K(29184K)
[0.947s][info][gc,heap        ] GC(40) ParOldGen: 121960K(137728K)->126472K(137728K)
[0.947s][info][gc,metaspace   ] GC(40) Metaspace: 6298K(6464K)->6298K(6464K) NonClass: 5764K(5824K)->5764K(5824K) Class: 533K(640K)->533K(640K)
[0.947s][info][gc             ] GC(40) Pause Young (Allocation Failure) 135M->135M(169M) 9.085ms
[0.947s][info][gc,cpu         ] GC(40) User=0.00s Sys=0.00s Real=0.01s
[0.947s][info][gc,start       ] GC(41) Pause Full (Ergonomics)
[0.947s][info][gc,phases,start] GC(41) Marking Phase
[0.982s][info][gc,phases      ] GC(41) Marking Phase 34.852ms
[0.982s][info][gc,phases,start] GC(41) Summary Phase
[0.982s][info][gc,phases      ] GC(41) Summary Phase 0.018ms
[0.982s][info][gc,phases,start] GC(41) Adjust Roots
[0.982s][info][gc,phases      ] GC(41) Adjust Roots 0.143ms
[0.982s][info][gc,phases,start] GC(41) Compaction Phase
[1.000s][info][gc,phases      ] GC(41) Compaction Phase 17.864ms
[1.000s][info][gc,phases,start] GC(41) Post Compact
[1.001s][info][gc,phases      ] GC(41) Post Compact 0.653ms
[1.001s][info][gc,heap        ] GC(41) PSYoungGen: 12320K(35840K)->988K(7680K) Eden: 0K(6656K)->0K(6656K) From: 12320K(29184K)->988K(1024K)
[1.001s][info][gc,heap        ] GC(41) ParOldGen: 126472K(137728K)->137460K(166400K)
[1.001s][info][gc,metaspace   ] GC(41) Metaspace: 6298K(6464K)->6298K(6464K) NonClass: 5764K(5824K)->5764K(5824K) Class: 533K(640K)->533K(640K)
[1.001s][info][gc             ] GC(41) Pause Full (Ergonomics) 135M->135M(170M) 54.033ms
[1.001s][info][gc,cpu         ] GC(41) User=0.19s Sys=0.00s Real=0.05s
[1.008s][info][gc,start       ] GC(42) Pause Young (Allocation Failure)
[1.021s][info][gc,heap        ] GC(42) PSYoungGen: 7644K(7680K)->7296K(34304K) Eden: 6656K(6656K)->0K(7680K) From: 988K(1024K)->7296K(26624K)
[1.021s][info][gc,heap        ] GC(42) ParOldGen: 137460K(166400K)->137868K(166400K)
[1.021s][info][gc,metaspace   ] GC(42) Metaspace: 6298K(6464K)->6298K(6464K) NonClass: 5764K(5824K)->5764K(5824K) Class: 533K(640K)->533K(640K)
[1.021s][info][gc             ] GC(42) Pause Young (Allocation Failure) 141M->141M(196M) 12.915ms
[1.021s][info][gc,cpu         ] GC(42) User=0.00s Sys=0.00s Real=0.01s
[1.028s][info][gc,start       ] GC(43) Pause Young (Allocation Failure)
[1.036s][info][gc,heap        ] GC(43) PSYoungGen: 14976K(34304K)->14976K(34816K) Eden: 7680K(7680K)->0K(7680K) From: 7296K(26624K)->14976K(27136K)
[1.036s][info][gc,heap        ] GC(43) ParOldGen: 137868K(166400K)->137868K(166400K)
[1.036s][info][gc,metaspace   ] GC(43) Metaspace: 6298K(6464K)->6298K(6464K) NonClass: 5764K(5824K)->5764K(5824K) Class: 533K(640K)->533K(640K)
[1.036s][info][gc             ] GC(43) Pause Young (Allocation Failure) 149M->149M(196M) 7.832ms
[1.036s][info][gc,cpu         ] GC(43) User=0.00s Sys=0.00s Real=0.01s
[1.044s][info][gc,start       ] GC(44) Pause Young (Allocation Failure)
[1.054s][info][gc,heap        ] GC(44) PSYoungGen: 22656K(34816K)->22624K(33280K) Eden: 7680K(7680K)->0K(6656K) From: 14976K(27136K)->22624K(26624K)
[1.054s][info][gc,heap        ] GC(44) ParOldGen: 137868K(166400K)->137868K(166400K)
[1.054s][info][gc,metaspace   ] GC(44) Metaspace: 6298K(6464K)->6298K(6464K) NonClass: 5764K(5824K)->5764K(5824K) Class: 533K(640K)->533K(640K)
[1.054s][info][gc             ] GC(44) Pause Young (Allocation Failure) 156M->156M(195M) 10.406ms
[1.054s][info][gc,cpu         ] GC(44) User=0.00s Sys=0.00s Real=0.01s
[1.060s][info][gc,start       ] GC(45) Pause Young (Allocation Failure)
[1.074s][info][gc,heap        ] GC(45) PSYoungGen: 29280K(33280K)->28672K(35840K) Eden: 6656K(6656K)->0K(6656K) From: 22624K(26624K)->28672K(29184K)
[1.074s][info][gc,heap        ] GC(45) ParOldGen: 137868K(166400K)->138492K(166400K)
[1.074s][info][gc,metaspace   ] GC(45) Metaspace: 6298K(6464K)->6298K(6464K) NonClass: 5764K(5824K)->5764K(5824K) Class: 533K(640K)->533K(640K)
[1.074s][info][gc             ] GC(45) Pause Young (Allocation Failure) 163M->163M(197M) 13.970ms
[1.074s][info][gc,cpu         ] GC(45) User=0.00s Sys=0.00s Real=0.02s
[1.082s][info][gc,start       ] GC(46) Pause Young (Allocation Failure)
[1.098s][info][gc,heap        ] GC(46) PSYoungGen: 35328K(35840K)->28672K(38400K) Eden: 6656K(6656K)->0K(5120K) From: 28672K(29184K)->28672K(33280K)
[1.098s][info][gc,heap        ] GC(46) ParOldGen: 138492K(166400K)->145244K(166400K)
[1.098s][info][gc,metaspace   ] GC(46) Metaspace: 6298K(6464K)->6298K(6464K) NonClass: 5764K(5824K)->5764K(5824K) Class: 533K(640K)->533K(640K)
[1.098s][info][gc             ] GC(46) Pause Young (Allocation Failure) 169M->169M(200M) 16.793ms
[1.098s][info][gc,cpu         ] GC(46) User=0.03s Sys=0.00s Real=0.02s
[1.129s][info][gc,start       ] GC(47) Pause Young (Allocation Failure)
[1.149s][info][gc,heap        ] GC(47) PSYoungGen: 33792K(38400K)->18432K(41472K) Eden: 5120K(5120K)->0K(5120K) From: 28672K(33280K)->18432K(36352K)
[1.149s][info][gc,heap        ] GC(47) ParOldGen: 153436K(166400K)->168988K(169472K)
[1.149s][info][gc,metaspace   ] GC(47) Metaspace: 6298K(6464K)->6298K(6464K) NonClass: 5764K(5824K)->5764K(5824K) Class: 533K(640K)->533K(640K)
[1.149s][info][gc             ] GC(47) Pause Young (Allocation Failure) 182M->183M(206M) 19.973ms
[1.149s][info][gc,cpu         ] GC(47) User=0.06s Sys=0.00s Real=0.02s
[1.149s][info][gc,start       ] GC(48) Pause Full (Ergonomics)
[1.149s][info][gc,phases,start] GC(48) Marking Phase
[1.193s][info][gc,phases      ] GC(48) Marking Phase 43.921ms
[1.193s][info][gc,phases,start] GC(48) Summary Phase
[1.193s][info][gc,phases      ] GC(48) Summary Phase 0.017ms
[1.193s][info][gc,phases,start] GC(48) Adjust Roots
[1.193s][info][gc,phases      ] GC(48) Adjust Roots 0.165ms
[1.193s][info][gc,phases,start] GC(48) Compaction Phase
[1.231s][info][gc,phases      ] GC(48) Compaction Phase 37.667ms
[1.231s][info][gc,phases,start] GC(48) Post Compact
[1.232s][info][gc,phases      ] GC(48) Post Compact 0.817ms
[1.232s][info][gc,heap        ] GC(48) PSYoungGen: 18432K(41472K)->13742K(41472K) Eden: 0K(5120K)->0K(5120K) From: 18432K(36352K)->13742K(36352K)
[1.232s][info][gc,heap        ] GC(48) ParOldGen: 168988K(169472K)->169067K(202752K)
[1.232s][info][gc,metaspace   ] GC(48) Metaspace: 6298K(6464K)->6298K(6464K) NonClass: 5764K(5824K)->5764K(5824K) Class: 533K(640K)->533K(640K)
[1.232s][info][gc             ] GC(48) Pause Full (Ergonomics) 183M->178M(238M) 83.025ms
[1.232s][info][gc,cpu         ] GC(48) User=0.20s Sys=0.00s Real=0.08s
[1.239s][info][gc,start       ] GC(49) Pause Young (Allocation Failure)
[1.257s][info][gc,heap        ] GC(49) PSYoungGen: 18862K(41472K)->13760K(38400K) Eden: 5120K(5120K)->0K(6144K) From: 13742K(36352K)->13760K(32256K)
[1.257s][info][gc,heap        ] GC(49) ParOldGen: 169067K(202752K)->174371K(202752K)
[1.257s][info][gc,metaspace   ] GC(49) Metaspace: 6298K(6464K)->6298K(6464K) NonClass: 5764K(5824K)->5764K(5824K) Class: 533K(640K)->533K(640K)
[1.257s][info][gc             ] GC(49) Pause Young (Allocation Failure) 183M->183M(235M) 18.148ms
[1.257s][info][gc,cpu         ] GC(49) User=0.06s Sys=0.00s Real=0.02s
[1.263s][info][gc,start       ] GC(50) Pause Young (Allocation Failure)
[1.273s][info][gc,heap        ] GC(50) PSYoungGen: 19904K(38400K)->14880K(21504K) Eden: 6144K(6144K)->0K(6144K) From: 13760K(32256K)->14880K(15360K)
[1.273s][info][gc,heap        ] GC(50) ParOldGen: 174371K(202752K)->179419K(202752K)
[1.273s][info][gc,metaspace   ] GC(50) Metaspace: 6298K(6464K)->6298K(6464K) NonClass: 5764K(5824K)->5764K(5824K) Class: 533K(640K)->533K(640K)
[1.273s][info][gc             ] GC(50) Pause Young (Allocation Failure) 189M->189M(219M) 10.236ms
[1.273s][info][gc,cpu         ] GC(50) User=0.00s Sys=0.00s Real=0.01s
[1.279s][info][gc,start       ] GC(51) Pause Young (Allocation Failure)
[1.288s][info][gc,heap        ] GC(51) PSYoungGen: 21024K(21504K)->17440K(37376K) Eden: 6144K(6144K)->0K(7168K) From: 14880K(15360K)->17440K(30208K)
[1.288s][info][gc,heap        ] GC(51) ParOldGen: 179419K(202752K)->183083K(202752K)
[1.289s][info][gc,metaspace   ] GC(51) Metaspace: 6298K(6464K)->6298K(6464K) NonClass: 5764K(5824K)->5764K(5824K) Class: 533K(640K)->533K(640K)
[1.289s][info][gc             ] GC(51) Pause Young (Allocation Failure) 195M->195M(234M) 9.971ms
[1.289s][info][gc,cpu         ] GC(51) User=0.00s Sys=0.00s Real=0.01s
[1.295s][info][gc,start       ] GC(52) Pause Young (Allocation Failure)
[1.307s][info][gc,heap        ] GC(52) PSYoungGen: 24608K(37376K)->13376K(38400K) Eden: 7168K(7168K)->0K(7168K) From: 17440K(30208K)->13376K(31232K)
[1.307s][info][gc,heap        ] GC(52) ParOldGen: 183083K(202752K)->194467K(202752K)
[1.307s][info][gc,metaspace   ] GC(52) Metaspace: 6298K(6464K)->6298K(6464K) NonClass: 5764K(5824K)->5764K(5824K) Class: 533K(640K)->533K(640K)
[1.307s][info][gc             ] GC(52) Pause Young (Allocation Failure) 202M->202M(235M) 12.071ms
[1.307s][info][gc,cpu         ] GC(52) User=0.00s Sys=0.00s Real=0.01s
[1.307s][info][gc,start       ] GC(53) Pause Full (Ergonomics)
[1.307s][info][gc,phases,start] GC(53) Marking Phase
[1.353s][info][gc,phases      ] GC(53) Marking Phase 45.781ms
[1.353s][info][gc,phases,start] GC(53) Summary Phase
[1.353s][info][gc,phases      ] GC(53) Summary Phase 0.017ms
[1.353s][info][gc,phases,start] GC(53) Adjust Roots
[1.353s][info][gc,phases      ] GC(53) Adjust Roots 0.156ms
[1.353s][info][gc,phases,start] GC(53) Compaction Phase
[1.379s][info][gc,phases      ] GC(53) Compaction Phase 25.893ms
[1.379s][info][gc,phases,start] GC(53) Post Compact
[1.380s][info][gc,phases      ] GC(53) Post Compact 0.840ms
[1.381s][info][gc,heap        ] GC(53) PSYoungGen: 13376K(38400K)->4557K(38400K) Eden: 0K(7168K)->0K(7168K) From: 13376K(31232K)->4557K(31232K)
[1.381s][info][gc,heap        ] GC(53) ParOldGen: 194467K(202752K)->202700K(238080K)
[1.381s][info][gc,metaspace   ] GC(53) Metaspace: 6298K(6464K)->6298K(6464K) NonClass: 5764K(5824K)->5764K(5824K) Class: 533K(640K)->533K(640K)
[1.381s][info][gc             ] GC(53) Pause Full (Ergonomics) 202M->202M(270M) 73.215ms
[1.381s][info][gc,cpu         ] GC(53) User=0.23s Sys=0.00s Real=0.07s
[1.388s][info][gc,start       ] GC(54) Pause Young (Allocation Failure)
[1.404s][info][gc,heap        ] GC(54) PSYoungGen: 11725K(38400K)->7264K(37888K) Eden: 7168K(7168K)->0K(8192K) From: 4557K(31232K)->7264K(29696K)
[1.404s][info][gc,heap        ] GC(54) ParOldGen: 202700K(238080K)->207332K(238080K)
[1.404s][info][gc,metaspace   ] GC(54) Metaspace: 6298K(6464K)->6298K(6464K) NonClass: 5764K(5824K)->5764K(5824K) Class: 533K(640K)->533K(640K)
[1.404s][info][gc             ] GC(54) Pause Young (Allocation Failure) 209M->209M(269M) 16.247ms
[1.404s][info][gc,cpu         ] GC(54) User=0.00s Sys=0.00s Real=0.02s
[1.413s][info][gc,start       ] GC(55) Pause Young (Allocation Failure)
[1.421s][info][gc,heap        ] GC(55) PSYoungGen: 15456K(37888K)->8288K(38400K) Eden: 8192K(8192K)->0K(8192K) From: 7264K(29696K)->8288K(30208K)
[1.421s][info][gc,heap        ] GC(55) ParOldGen: 207332K(238080K)->214596K(238080K)
[1.421s][info][gc,metaspace   ] GC(55) Metaspace: 6298K(6464K)->6298K(6464K) NonClass: 5764K(5824K)->5764K(5824K) Class: 533K(640K)->533K(640K)
[1.421s][info][gc             ] GC(55) Pause Young (Allocation Failure) 217M->217M(270M) 8.234ms
[1.421s][info][gc,cpu         ] GC(55) User=0.02s Sys=0.00s Real=0.01s
[1.430s][info][gc,start       ] GC(56) Pause Young (Allocation Failure)
[1.439s][info][gc,heap        ] GC(56) PSYoungGen: 16480K(38400K)->8256K(39424K) Eden: 8192K(8192K)->0K(9728K) From: 8288K(30208K)->8256K(29696K)
[1.439s][info][gc,heap        ] GC(56) ParOldGen: 214596K(238080K)->222908K(238080K)
[1.439s][info][gc,metaspace   ] GC(56) Metaspace: 6298K(6464K)->6298K(6464K) NonClass: 5764K(5824K)->5764K(5824K) Class: 533K(640K)->533K(640K)
[1.439s][info][gc             ] GC(56) Pause Young (Allocation Failure) 225M->225M(271M) 9.255ms
[1.439s][info][gc,cpu         ] GC(56) User=0.02s Sys=0.00s Real=0.01s
[1.450s][info][gc,start       ] GC(57) Pause Young (Allocation Failure)
[1.459s][info][gc,heap        ] GC(57) PSYoungGen: 17984K(39424K)->9792K(39424K) Eden: 9728K(9728K)->0K(9728K) From: 8256K(29696K)->9792K(29696K)
[1.459s][info][gc,heap        ] GC(57) ParOldGen: 222908K(238080K)->231212K(238080K)
[1.459s][info][gc,metaspace   ] GC(57) Metaspace: 6298K(6464K)->6298K(6464K) NonClass: 5764K(5824K)->5764K(5824K) Class: 533K(640K)->533K(640K)
[1.459s][info][gc             ] GC(57) Pause Young (Allocation Failure) 235M->235M(271M) 9.934ms
[1.459s][info][gc,cpu         ] GC(57) User=0.00s Sys=0.00s Real=0.01s
[1.460s][info][gc,start       ] GC(58) Pause Full (Ergonomics)
[1.460s][info][gc,phases,start] GC(58) Marking Phase
[1.512s][info][gc,phases      ] GC(58) Marking Phase 52.609ms
[1.512s][info][gc,phases,start] GC(58) Summary Phase
[1.512s][info][gc,phases      ] GC(58) Summary Phase 0.017ms
[1.512s][info][gc,phases,start] GC(58) Adjust Roots
[1.512s][info][gc,phases      ] GC(58) Adjust Roots 0.155ms
[1.512s][info][gc,phases,start] GC(58) Compaction Phase
[1.538s][info][gc,phases      ] GC(58) Compaction Phase 25.199ms
[1.538s][info][gc,phases,start] GC(58) Post Compact
[1.539s][info][gc,phases      ] GC(58) Post Compact 1.281ms
[1.539s][info][gc,heap        ] GC(58) PSYoungGen: 9792K(39424K)->2543K(39424K) Eden: 0K(9728K)->0K(9728K) From: 9792K(29696K)->2543K(29696K)
[1.539s][info][gc,heap        ] GC(58) ParOldGen: 231212K(238080K)->237871K(274944K)
[1.539s][info][gc,metaspace   ] GC(58) Metaspace: 6298K(6464K)->6298K(6464K) NonClass: 5764K(5824K)->5764K(5824K) Class: 533K(640K)->533K(640K)
[1.539s][info][gc             ] GC(58) Pause Full (Ergonomics) 235M->234M(307M) 79.765ms
[1.539s][info][gc,cpu         ] GC(58) User=0.33s Sys=0.02s Real=0.08s
[1.550s][info][gc,start       ] GC(59) Pause Young (Allocation Failure)
[1.569s][info][gc,heap        ] GC(59) PSYoungGen: 12271K(39424K)->9856K(37888K) Eden: 9728K(9728K)->0K(11264K) From: 2543K(29696K)->9856K(26624K)
[1.569s][info][gc,heap        ] GC(59) ParOldGen: 237871K(274944K)->240471K(274944K)
[1.569s][info][gc,metaspace   ] GC(59) Metaspace: 6298K(6464K)->6298K(6464K) NonClass: 5764K(5824K)->5764K(5824K) Class: 533K(640K)->533K(640K)
[1.569s][info][gc             ] GC(59) Pause Young (Allocation Failure) 244M->244M(305M) 18.623ms
[1.569s][info][gc,cpu         ] GC(59) User=0.03s Sys=0.00s Real=0.02s
[1.581s][info][gc,start       ] GC(60) Pause Young (Allocation Failure)
[1.592s][info][gc,heap        ] GC(60) PSYoungGen: 21120K(37888K)->21088K(38912K) Eden: 11264K(11264K)->0K(11264K) From: 9856K(26624K)->21088K(27648K)
[1.592s][info][gc,heap        ] GC(60) ParOldGen: 240471K(274944K)->240471K(274944K)
[1.592s][info][gc,metaspace   ] GC(60) Metaspace: 6298K(6464K)->6298K(6464K) NonClass: 5764K(5824K)->5764K(5824K) Class: 533K(640K)->533K(640K)
[1.592s][info][gc             ] GC(60) Pause Young (Allocation Failure) 255M->255M(306M) 10.943ms
[1.592s][info][gc,cpu         ] GC(60) User=0.02s Sys=0.00s Real=0.01s
[1.604s][info][gc,start       ] GC(61) Pause Young (Allocation Failure)
[1.620s][info][gc,heap        ] GC(61) PSYoungGen: 32352K(38912K)->29184K(36352K) Eden: 11264K(11264K)->0K(7168K) From: 21088K(27648K)->29184K(29184K)
[1.620s][info][gc,heap        ] GC(61) ParOldGen: 240471K(274944K)->243575K(274944K)
[1.620s][info][gc,metaspace   ] GC(61) Metaspace: 6298K(6464K)->6298K(6464K) NonClass: 5764K(5824K)->5764K(5824K) Class: 533K(640K)->533K(640K)
[1.620s][info][gc             ] GC(61) Pause Young (Allocation Failure) 266M->266M(304M) 16.291ms
[1.620s][info][gc,cpu         ] GC(61) User=0.02s Sys=0.00s Real=0.02s
[1.628s][info][gc,start       ] GC(62) Pause Young (Allocation Failure)
[1.645s][info][gc,heap        ] GC(62) PSYoungGen: 36352K(36352K)->17952K(41984K) Eden: 7168K(7168K)->0K(7168K) From: 29184K(29184K)->17952K(34816K)
[1.645s][info][gc,heap        ] GC(62) ParOldGen: 243575K(274944K)->262319K(274944K)
[1.645s][info][gc,metaspace   ] GC(62) Metaspace: 6298K(6464K)->6298K(6464K) NonClass: 5764K(5824K)->5764K(5824K) Class: 533K(640K)->533K(640K)
[1.645s][info][gc             ] GC(62) Pause Young (Allocation Failure) 273M->273M(309M) 16.868ms
[1.645s][info][gc,cpu         ] GC(62) User=0.06s Sys=0.00s Real=0.02s
[1.645s][info][gc,start       ] GC(63) Pause Full (Ergonomics)
[1.645s][info][gc,phases,start] GC(63) Marking Phase
[1.707s][info][gc,phases      ] GC(63) Marking Phase 62.126ms
[1.707s][info][gc,phases,start] GC(63) Summary Phase
[1.707s][info][gc,phases      ] GC(63) Summary Phase 0.018ms
[1.707s][info][gc,phases,start] GC(63) Adjust Roots
[1.707s][info][gc,phases      ] GC(63) Adjust Roots 0.147ms
[1.707s][info][gc,phases,start] GC(63) Compaction Phase
[1.733s][info][gc,phases      ] GC(63) Compaction Phase 25.767ms
[1.733s][info][gc,phases,start] GC(63) Post Compact
[1.735s][info][gc,phases      ] GC(63) Post Compact 1.374ms
[1.735s][info][gc,heap        ] GC(63) PSYoungGen: 17952K(41984K)->5048K(41984K) Eden: 0K(7168K)->0K(7168K) From: 17952K(34816K)->5048K(34816K)
[1.735s][info][gc,heap        ] GC(63) ParOldGen: 262319K(274944K)->274658K(317440K)
[1.735s][info][gc,metaspace   ] GC(63) Metaspace: 6298K(6464K)->6298K(6464K) NonClass: 5764K(5824K)->5764K(5824K) Class: 533K(640K)->533K(640K)
[1.735s][info][gc             ] GC(63) Pause Full (Ergonomics) 273M->273M(351M) 90.004ms
[1.735s][info][gc,cpu         ] GC(63) User=0.42s Sys=0.00s Real=0.09s
[1.743s][info][gc,start       ] GC(64) Pause Young (Allocation Failure)
[1.762s][info][gc,heap        ] GC(64) PSYoungGen: 12216K(41984K)->9632K(39936K) Eden: 7168K(7168K)->0K(8192K) From: 5048K(34816K)->9632K(31744K)
[1.762s][info][gc,heap        ] GC(64) ParOldGen: 274658K(317440K)->277450K(317440K)
[1.762s][info][gc,metaspace   ] GC(64) Metaspace: 6298K(6464K)->6298K(6464K) NonClass: 5764K(5824K)->5764K(5824K) Class: 533K(640K)->533K(640K)
[1.762s][info][gc             ] GC(64) Pause Young (Allocation Failure) 280M->280M(349M) 18.520ms
[1.762s][info][gc,cpu         ] GC(64) User=0.03s Sys=0.00s Real=0.02s
[1.771s][info][gc,start       ] GC(65) Pause Young (Allocation Failure)
[1.780s][info][gc,heap        ] GC(65) PSYoungGen: 17824K(39936K)->17760K(40960K) Eden: 8192K(8192K)->0K(8192K) From: 9632K(31744K)->17760K(32768K)
[1.780s][info][gc,heap        ] GC(65) ParOldGen: 277450K(317440K)->277450K(317440K)
[1.780s][info][gc,metaspace   ] GC(65) Metaspace: 6298K(6464K)->6298K(6464K) NonClass: 5764K(5824K)->5764K(5824K) Class: 533K(640K)->533K(640K)
[1.780s][info][gc             ] GC(65) Pause Young (Allocation Failure) 288M->288M(350M) 9.271ms
[1.780s][info][gc,cpu         ] GC(65) User=0.02s Sys=0.00s Real=0.01s
[1.789s][info][gc,start       ] GC(66) Pause Young (Allocation Failure)
[1.801s][info][gc,heap        ] GC(66) PSYoungGen: 25952K(40960K)->23616K(40448K) Eden: 8192K(8192K)->0K(8192K) From: 17760K(32768K)->23616K(32256K)
[1.802s][info][gc,heap        ] GC(66) ParOldGen: 277450K(317440K)->279842K(317440K)
[1.802s][info][gc,metaspace   ] GC(66) Metaspace: 6298K(6464K)->6298K(6464K) NonClass: 5764K(5824K)->5764K(5824K) Class: 533K(640K)->533K(640K)
[1.802s][info][gc             ] GC(66) Pause Young (Allocation Failure) 296M->296M(349M) 12.672ms
[1.802s][info][gc,cpu         ] GC(66) User=0.02s Sys=0.00s Real=0.01s
[1.811s][info][gc,start       ] GC(67) Pause Young (Allocation Failure)
[1.826s][info][gc,heap        ] GC(67) PSYoungGen: 31808K(40448K)->24704K(41472K) Eden: 8192K(8192K)->0K(8192K) From: 23616K(32256K)->24704K(33280K)
[1.826s][info][gc,heap        ] GC(67) ParOldGen: 279842K(317440K)->287114K(317440K)
[1.826s][info][gc,metaspace   ] GC(67) Metaspace: 6298K(6464K)->6298K(6464K) NonClass: 5764K(5824K)->5764K(5824K) Class: 533K(640K)->533K(640K)
[1.826s][info][gc             ] GC(67) Pause Young (Allocation Failure) 304M->304M(350M) 15.114ms
[1.826s][info][gc,cpu         ] GC(67) User=0.02s Sys=0.00s Real=0.01s
[1.835s][info][gc,start       ] GC(68) Pause Young (Allocation Failure)
[1.851s][info][gc,heap        ] GC(68) PSYoungGen: 32896K(41472K)->24640K(43520K) Eden: 8192K(8192K)->0K(8704K) From: 24704K(33280K)->24640K(34816K)
[1.851s][info][gc,heap        ] GC(68) ParOldGen: 287114K(317440K)->295410K(317440K)
[1.851s][info][gc,metaspace   ] GC(68) Metaspace: 6298K(6464K)->6298K(6464K) NonClass: 5764K(5824K)->5764K(5824K) Class: 533K(640K)->533K(640K)
[1.851s][info][gc             ] GC(68) Pause Young (Allocation Failure) 312M->312M(352M) 15.507ms
[1.851s][info][gc,cpu         ] GC(68) User=0.02s Sys=0.00s Real=0.02s
[1.860s][info][gc,start       ] GC(69) Pause Young (Allocation Failure)
[1.877s][info][gc,heap        ] GC(69) PSYoungGen: 33344K(43520K)->16960K(44544K) Eden: 8704K(8704K)->0K(8704K) From: 24640K(34816K)->16960K(35840K)
[1.878s][info][gc,heap        ] GC(69) ParOldGen: 295410K(317440K)->311994K(317440K)
[1.878s][info][gc,metaspace   ] GC(69) Metaspace: 6298K(6464K)->6298K(6464K) NonClass: 5764K(5824K)->5764K(5824K) Class: 533K(640K)->533K(640K)
[1.878s][info][gc             ] GC(69) Pause Young (Allocation Failure) 321M->321M(353M) 17.117ms
[1.878s][info][gc,cpu         ] GC(69) User=0.03s Sys=0.00s Real=0.02s
[1.878s][info][gc,start       ] GC(70) Pause Full (Ergonomics)
[1.878s][info][gc,phases,start] GC(70) Marking Phase
[1.951s][info][gc,phases      ] GC(70) Marking Phase 73.163ms
[1.951s][info][gc,phases,start] GC(70) Summary Phase
[1.951s][info][gc,phases      ] GC(70) Summary Phase 0.023ms
[1.951s][info][gc,phases,start] GC(70) Adjust Roots
[1.951s][info][gc,phases      ] GC(70) Adjust Roots 0.170ms
[1.951s][info][gc,phases,start] GC(70) Compaction Phase
[1.984s][info][gc,phases      ] GC(70) Compaction Phase 32.943ms
[1.984s][info][gc,phases,start] GC(70) Post Compact
[1.986s][info][gc,phases      ] GC(70) Post Compact 1.492ms
[1.986s][info][gc,heap        ] GC(70) PSYoungGen: 16960K(44544K)->11213K(44544K) Eden: 0K(8704K)->0K(8704K) From: 16960K(35840K)->11213K(35840K)
[1.986s][info][gc,heap        ] GC(70) ParOldGen: 311994K(317440K)->316948K(364032K)
[1.986s][info][gc,metaspace   ] GC(70) Metaspace: 6298K(6464K)->6298K(6464K) NonClass: 5764K(5824K)->5764K(5824K) Class: 533K(640K)->533K(640K)
[1.986s][info][gc             ] GC(70) Pause Full (Ergonomics) 321M->320M(399M) 108.295ms
[1.986s][info][gc,cpu         ] GC(70) User=0.67s Sys=0.00s Real=0.11s
[1.996s][info][gc,start       ] GC(71) Pause Young (Allocation Failure)
[2.019s][info][gc,heap        ] GC(71) PSYoungGen: 19917K(44544K)->8800K(44544K) Eden: 8704K(8704K)->0K(10240K) From: 11213K(35840K)->8800K(34304K)
[2.020s][info][gc,heap        ] GC(71) ParOldGen: 316948K(364032K)->328356K(364032K)
[2.020s][info][gc,metaspace   ] GC(71) Metaspace: 6298K(6464K)->6298K(6464K) NonClass: 5764K(5824K)->5764K(5824K) Class: 533K(640K)->533K(640K)
[2.020s][info][gc             ] GC(71) Pause Young (Allocation Failure) 328M->329M(399M) 23.355ms
[2.020s][info][gc,cpu         ] GC(71) User=0.12s Sys=0.02s Real=0.02s
[2.030s][info][gc,start       ] GC(72) Pause Young (Allocation Failure)
[2.041s][info][gc,heap        ] GC(72) PSYoungGen: 19040K(44544K)->10400K(44544K) Eden: 10240K(10240K)->0K(10240K) From: 8800K(34304K)->10400K(34304K)
[2.041s][info][gc,heap        ] GC(72) ParOldGen: 328356K(364032K)->337196K(364032K)
[2.041s][info][gc,metaspace   ] GC(72) Metaspace: 6298K(6464K)->6298K(6464K) NonClass: 5764K(5824K)->5764K(5824K) Class: 533K(640K)->533K(640K)
[2.041s][info][gc             ] GC(72) Pause Young (Allocation Failure) 339M->339M(399M) 10.852ms
[2.041s][info][gc,cpu         ] GC(72) User=0.00s Sys=0.00s Real=0.01s
[2.112s][info][gc,start       ] GC(73) Pause Full (Ergonomics)
[2.113s][info][gc,phases,start] GC(73) Marking Phase
[2.189s][info][gc,phases      ] GC(73) Marking Phase 76.286ms
[2.189s][info][gc,phases,start] GC(73) Summary Phase
[2.189s][info][gc,phases      ] GC(73) Summary Phase 0.019ms
[2.189s][info][gc,phases,start] GC(73) Adjust Roots
[2.189s][info][gc,phases      ] GC(73) Adjust Roots 0.159ms
[2.189s][info][gc,phases,start] GC(73) Compaction Phase
[2.252s][info][gc,phases      ] GC(73) Compaction Phase 62.761ms
[2.252s][info][gc,phases,start] GC(73) Post Compact
[2.254s][info][gc,phases      ] GC(73) Post Compact 1.823ms
[2.254s][info][gc,heap        ] GC(73) PSYoungGen: 20640K(44544K)->1523K(44544K) Eden: 10240K(10240K)->0K(10240K) From: 10400K(34304K)->1523K(34304K)
[2.254s][info][gc,heap        ] GC(73) ParOldGen: 353580K(364032K)->363923K(413696K)
[2.254s][info][gc,metaspace   ] GC(73) Metaspace: 6298K(6464K)->6298K(6464K) NonClass: 5764K(5824K)->5764K(5824K) Class: 533K(640K)->533K(640K)
[2.254s][info][gc             ] GC(73) Pause Full (Ergonomics) 365M->356M(447M) 141.701ms
[2.254s][info][gc,cpu         ] GC(73) User=0.77s Sys=0.03s Real=0.14s
[2.268s][info][gc,start       ] GC(74) Pause Young (Allocation Failure)
[2.290s][info][gc,heap        ] GC(74) PSYoungGen: 11763K(44544K)->10368K(43008K) Eden: 10240K(10240K)->0K(11264K) From: 1523K(34304K)->10368K(31744K)
[2.290s][info][gc,heap        ] GC(74) ParOldGen: 363923K(413696K)->365507K(413696K)
[2.290s][info][gc,metaspace   ] GC(74) Metaspace: 6298K(6464K)->6298K(6464K) NonClass: 5764K(5824K)->5764K(5824K) Class: 533K(640K)->533K(640K)
[2.290s][info][gc             ] GC(74) Pause Young (Allocation Failure) 366M->367M(446M) 22.077ms
[2.290s][info][gc,cpu         ] GC(74) User=0.12s Sys=0.00s Real=0.02s
[2.302s][info][gc,start       ] GC(75) Pause Young (Allocation Failure)
[2.314s][info][gc,heap        ] GC(75) PSYoungGen: 21632K(43008K)->21664K(44032K) Eden: 11264K(11264K)->0K(11264K) From: 10368K(31744K)->21664K(32768K)
[2.314s][info][gc,heap        ] GC(75) ParOldGen: 365507K(413696K)->365507K(413696K)
[2.314s][info][gc,metaspace   ] GC(75) Metaspace: 6298K(6464K)->6298K(6464K) NonClass: 5764K(5824K)->5764K(5824K) Class: 533K(640K)->533K(640K)
[2.314s][info][gc             ] GC(75) Pause Young (Allocation Failure) 378M->378M(447M) 11.983ms
[2.314s][info][gc,cpu         ] GC(75) User=0.02s Sys=0.00s Real=0.01s
[2.325s][info][gc,start       ] GC(76) Pause Young (Allocation Failure)
[2.341s][info][gc,heap        ] GC(76) PSYoungGen: 32928K(44032K)->32896K(41472K) Eden: 11264K(11264K)->0K(8192K) From: 21664K(32768K)->32896K(33280K)
[2.341s][info][gc,heap        ] GC(76) ParOldGen: 365507K(413696K)->365507K(413696K)
[2.341s][info][gc,metaspace   ] GC(76) Metaspace: 6298K(6464K)->6298K(6464K) NonClass: 5764K(5824K)->5764K(5824K) Class: 533K(640K)->533K(640K)
[2.341s][info][gc             ] GC(76) Pause Young (Allocation Failure) 389M->389M(444M) 15.529ms
[2.341s][info][gc,cpu         ] GC(76) User=0.00s Sys=0.00s Real=0.02s
[2.350s][info][gc,start       ] GC(77) Pause Young (Allocation Failure)
[2.368s][info][gc,heap        ] GC(77) PSYoungGen: 41088K(41472K)->30848K(46080K) Eden: 8192K(8192K)->0K(8192K) From: 32896K(33280K)->30848K(37888K)
[2.368s][info][gc,heap        ] GC(77) ParOldGen: 365507K(413696K)->375883K(413696K)
[2.368s][info][gc,metaspace   ] GC(77) Metaspace: 6298K(6464K)->6298K(6464K) NonClass: 5764K(5824K)->5764K(5824K) Class: 533K(640K)->533K(640K)
[2.368s][info][gc             ] GC(77) Pause Young (Allocation Failure) 397M->397M(449M) 18.787ms
[2.368s][info][gc,cpu         ] GC(77) User=0.12s Sys=0.00s Real=0.02s
[2.377s][info][gc,start       ] GC(78) Pause Young (Allocation Failure)
[2.395s][info][gc,heap        ] GC(78) PSYoungGen: 39040K(46080K)->27712K(49152K) Eden: 8192K(8192K)->0K(8704K) From: 30848K(37888K)->27712K(40448K)
[2.395s][info][gc,heap        ] GC(78) ParOldGen: 375883K(413696K)->387299K(413696K)
[2.395s][info][gc,metaspace   ] GC(78) Metaspace: 6298K(6464K)->6298K(6464K) NonClass: 5764K(5824K)->5764K(5824K) Class: 533K(640K)->533K(640K)
[2.395s][info][gc             ] GC(78) Pause Young (Allocation Failure) 405M->405M(452M) 18.103ms
[2.395s][info][gc,cpu         ] GC(78) User=0.12s Sys=0.00s Real=0.02s
[2.404s][info][gc,start       ] GC(79) Pause Young (Allocation Failure)
[2.423s][info][gc,heap        ] GC(79) PSYoungGen: 36416K(49152K)->16992K(50176K) Eden: 8704K(8704K)->0K(8704K) From: 27712K(40448K)->16992K(41472K)
[2.423s][info][gc,heap        ] GC(79) ParOldGen: 387299K(413696K)->406987K(413696K)
[2.423s][info][gc,metaspace   ] GC(79) Metaspace: 6298K(6464K)->6298K(6464K) NonClass: 5764K(5824K)->5764K(5824K) Class: 533K(640K)->533K(640K)
[2.423s][info][gc             ] GC(79) Pause Young (Allocation Failure) 413M->414M(453M) 19.516ms
[2.423s][info][gc,cpu         ] GC(79) User=0.05s Sys=0.00s Real=0.02s
[2.423s][info][gc,start       ] GC(80) Pause Full (Ergonomics)
[2.423s][info][gc,phases,start] GC(80) Marking Phase
[2.513s][info][gc,phases      ] GC(80) Marking Phase 89.544ms
[2.513s][info][gc,phases,start] GC(80) Summary Phase
[2.513s][info][gc,phases      ] GC(80) Summary Phase 0.020ms
[2.513s][info][gc,phases,start] GC(80) Adjust Roots
[2.513s][info][gc,phases      ] GC(80) Adjust Roots 0.155ms
[2.513s][info][gc,phases,start] GC(80) Compaction Phase
[2.556s][info][gc,phases      ] GC(80) Compaction Phase 42.975ms
[2.556s][info][gc,phases,start] GC(80) Post Compact
[2.558s][info][gc,phases      ] GC(80) Post Compact 1.983ms
[2.559s][info][gc,heap        ] GC(80) PSYoungGen: 16992K(50176K)->9679K(50176K) Eden: 0K(8704K)->0K(8704K) From: 16992K(41472K)->9679K(41472K)
[2.559s][info][gc,heap        ] GC(80) ParOldGen: 406987K(413696K)->413433K(470528K)
[2.559s][info][gc,metaspace   ] GC(80) Metaspace: 6298K(6464K)->6298K(6464K) NonClass: 5764K(5824K)->5764K(5824K) Class: 533K(640K)->533K(640K)
[2.559s][info][gc             ] GC(80) Pause Full (Ergonomics) 414M->413M(508M) 135.267ms
[2.559s][info][gc,cpu         ] GC(80) User=0.89s Sys=0.00s Real=0.14s
[2.568s][info][gc,start       ] GC(81) Pause Young (Allocation Failure)
[2.593s][info][gc,heap        ] GC(81) PSYoungGen: 18383K(50176K)->8832K(50176K) Eden: 8704K(8704K)->0K(10240K) From: 9679K(41472K)->8832K(39936K)
[2.594s][info][gc,heap        ] GC(81) ParOldGen: 413433K(470528K)->423273K(470528K)
[2.594s][info][gc,metaspace   ] GC(81) Metaspace: 6298K(6464K)->6298K(6464K) NonClass: 5764K(5824K)->5764K(5824K) Class: 533K(640K)->533K(640K)
[2.594s][info][gc             ] GC(81) Pause Young (Allocation Failure) 421M->421M(508M) 26.047ms
[2.594s][info][gc,cpu         ] GC(81) User=0.11s Sys=0.02s Real=0.03s
[2.604s][info][gc,start       ] GC(82) Pause Young (Allocation Failure)
[2.615s][info][gc,heap        ] GC(82) PSYoungGen: 19072K(50176K)->10336K(50176K) Eden: 10240K(10240K)->0K(10240K) From: 8832K(39936K)->10336K(39936K)
[2.615s][info][gc,heap        ] GC(82) ParOldGen: 423273K(470528K)->432089K(470528K)
[2.615s][info][gc,metaspace   ] GC(82) Metaspace: 6298K(6464K)->6298K(6464K) NonClass: 5764K(5824K)->5764K(5824K) Class: 533K(640K)->533K(640K)
[2.615s][info][gc             ] GC(82) Pause Young (Allocation Failure) 431M->432M(508M) 10.561ms
[2.615s][info][gc,cpu         ] GC(82) User=0.02s Sys=0.00s Real=0.01s
[2.625s][info][gc,start       ] GC(83) Pause Young (Allocation Failure)
[2.637s][info][gc,heap        ] GC(83) PSYoungGen: 20576K(50176K)->10368K(49152K) Eden: 10240K(10240K)->0K(11776K) From: 10336K(39936K)->10368K(37376K)
[2.637s][info][gc,heap        ] GC(83) ParOldGen: 432089K(470528K)->442457K(470528K)
[2.637s][info][gc,metaspace   ] GC(83) Metaspace: 6298K(6464K)->6298K(6464K) NonClass: 5764K(5824K)->5764K(5824K) Class: 533K(640K)->533K(640K)
[2.637s][info][gc             ] GC(83) Pause Young (Allocation Failure) 442M->442M(507M) 11.595ms
[2.637s][info][gc,cpu         ] GC(83) User=0.00s Sys=0.00s Real=0.01s
[2.649s][info][gc,start       ] GC(84) Pause Young (Allocation Failure)
[2.662s][info][gc,heap        ] GC(84) PSYoungGen: 22144K(49152K)->11936K(50176K) Eden: 11776K(11776K)->0K(11776K) From: 10368K(37376K)->11936K(38400K)
[2.662s][info][gc,heap        ] GC(84) ParOldGen: 442457K(470528K)->452825K(470528K)
[2.662s][info][gc,metaspace   ] GC(84) Metaspace: 6298K(6464K)->6298K(6464K) NonClass: 5764K(5824K)->5764K(5824K) Class: 533K(640K)->533K(640K)
[2.662s][info][gc             ] GC(84) Pause Young (Allocation Failure) 453M->453M(508M) 12.297ms
[2.662s][info][gc,cpu         ] GC(84) User=0.02s Sys=0.00s Real=0.01s
[2.662s][info][gc,start       ] GC(85) Pause Full (Ergonomics)
[2.662s][info][gc,phases,start] GC(85) Marking Phase
[2.761s][info][gc,phases      ] GC(85) Marking Phase 99.610ms
[2.762s][info][gc,phases,start] GC(85) Summary Phase
[2.762s][info][gc,phases      ] GC(85) Summary Phase 0.022ms
[2.762s][info][gc,phases,start] GC(85) Adjust Roots
[2.762s][info][gc,phases      ] GC(85) Adjust Roots 0.148ms
[2.762s][info][gc,phases,start] GC(85) Compaction Phase
[2.808s][info][gc,phases      ] GC(85) Compaction Phase 45.879ms
[2.808s][info][gc,phases,start] GC(85) Post Compact
[2.810s][info][gc,phases      ] GC(85) Post Compact 2.174ms
[2.810s][info][gc,heap        ] GC(85) PSYoungGen: 11936K(50176K)->0K(50688K) Eden: 0K(11776K)->0K(13312K) From: 11936K(38400K)->0K(37376K)
[2.810s][info][gc,heap        ] GC(85) ParOldGen: 452825K(470528K)->463947K(522752K)
[2.810s][info][gc,metaspace   ] GC(85) Metaspace: 6298K(6464K)->6298K(6464K) NonClass: 5764K(5824K)->5764K(5824K) Class: 533K(640K)->533K(640K)
[2.810s][info][gc             ] GC(85) Pause Full (Ergonomics) 453M->453M(560M) 148.341ms
[2.810s][info][gc,cpu         ] GC(85) User=1.02s Sys=0.00s Real=0.15s
[2.825s][info][gc,start       ] GC(86) Pause Young (Allocation Failure)
[2.834s][info][gc,heap        ] GC(86) PSYoungGen: 13312K(50688K)->13440K(50688K) Eden: 13312K(13312K)->0K(13312K) From: 0K(37376K)->13440K(37376K)
[2.835s][info][gc,heap        ] GC(86) ParOldGen: 463947K(522752K)->463947K(522752K)
[2.835s][info][gc,metaspace   ] GC(86) Metaspace: 6298K(6464K)->6298K(6464K) NonClass: 5764K(5824K)->5764K(5824K) Class: 533K(640K)->533K(640K)
[2.835s][info][gc             ] GC(86) Pause Young (Allocation Failure) 466M->466M(560M) 9.274ms
[2.835s][info][gc,cpu         ] GC(86) User=0.00s Sys=0.00s Real=0.01s
[2.850s][info][gc,start       ] GC(87) Pause Young (Allocation Failure)
[2.864s][info][gc,heap        ] GC(87) PSYoungGen: 26752K(50688K)->26720K(49152K) Eden: 13312K(13312K)->0K(13312K) From: 13440K(37376K)->26720K(35840K)
[2.864s][info][gc,heap        ] GC(87) ParOldGen: 463947K(522752K)->463947K(522752K)
[2.864s][info][gc,metaspace   ] GC(87) Metaspace: 6298K(6464K)->6298K(6464K) NonClass: 5764K(5824K)->5764K(5824K) Class: 533K(640K)->533K(640K)
[2.864s][info][gc             ] GC(87) Pause Young (Allocation Failure) 479M->479M(558M) 14.114ms
[2.864s][info][gc,cpu         ] GC(87) User=0.02s Sys=0.00s Real=0.01s
[2.878s][info][gc,start       ] GC(88) Pause Young (Allocation Failure)
[2.897s][info][gc,heap        ] GC(88) PSYoungGen: 40032K(49152K)->37376K(50688K) Eden: 13312K(13312K)->0K(13312K) From: 26720K(35840K)->37376K(37376K)
[2.897s][info][gc,heap        ] GC(88) ParOldGen: 463947K(522752K)->466563K(522752K)
[2.897s][info][gc,metaspace   ] GC(88) Metaspace: 6298K(6464K)->6298K(6464K) NonClass: 5764K(5824K)->5764K(5824K) Class: 533K(640K)->533K(640K)
[2.897s][info][gc             ] GC(88) Pause Young (Allocation Failure) 492M->492M(560M) 19.669ms
[2.897s][info][gc,cpu         ] GC(88) User=0.11s Sys=0.00s Real=0.02s
[2.912s][info][gc,start       ] GC(89) Pause Young (Allocation Failure)
[2.937s][info][gc,heap        ] GC(89) PSYoungGen: 50688K(50688K)->26304K(58880K) Eden: 13312K(13312K)->0K(14848K) From: 37376K(37376K)->26304K(44032K)
[2.937s][info][gc,heap        ] GC(89) ParOldGen: 466563K(522752K)->491419K(522752K)
[2.937s][info][gc,metaspace   ] GC(89) Metaspace: 6298K(6464K)->6298K(6464K) NonClass: 5764K(5824K)->5764K(5824K) Class: 533K(640K)->533K(640K)
[2.937s][info][gc             ] GC(89) Pause Young (Allocation Failure) 505M->505M(568M) 24.742ms
[2.937s][info][gc,cpu         ] GC(89) User=0.11s Sys=0.02s Real=0.02s
[2.952s][info][gc,start       ] GC(90) Pause Young (Allocation Failure)
[2.972s][info][gc,heap        ] GC(90) PSYoungGen: 41152K(58880K)->28288K(58880K) Eden: 14848K(14848K)->0K(14848K) From: 26304K(44032K)->28288K(44032K)
[2.972s][info][gc,heap        ] GC(90) ParOldGen: 491419K(522752K)->504451K(522752K)
[2.972s][info][gc,metaspace   ] GC(90) Metaspace: 6298K(6464K)->6298K(6464K) NonClass: 5764K(5824K)->5764K(5824K) Class: 533K(640K)->533K(640K)
[2.972s][info][gc             ] GC(90) Pause Young (Allocation Failure) 520M->520M(568M) 20.540ms
[2.972s][info][gc,cpu         ] GC(90) User=0.11s Sys=0.02s Real=0.02s
[2.972s][info][gc,start       ] GC(91) Pause Full (Ergonomics)
[2.972s][info][gc,phases,start] GC(91) Marking Phase
[3.089s][info][gc,phases      ] GC(91) Marking Phase 116.420ms
[3.089s][info][gc,phases,start] GC(91) Summary Phase
[3.089s][info][gc,phases      ] GC(91) Summary Phase 0.020ms
[3.089s][info][gc,phases,start] GC(91) Adjust Roots
[3.089s][info][gc,phases      ] GC(91) Adjust Roots 0.141ms
[3.089s][info][gc,phases,start] GC(91) Compaction Phase
[3.140s][info][gc,phases      ] GC(91) Compaction Phase 50.535ms
[3.140s][info][gc,phases,start] GC(91) Post Compact
[3.142s][info][gc,phases      ] GC(91) Post Compact 2.576ms
[3.143s][info][gc,heap        ] GC(91) PSYoungGen: 28288K(58880K)->9191K(58880K) Eden: 0K(14848K)->0K(14848K) From: 28288K(44032K)->9191K(44032K)
[3.143s][info][gc,heap        ] GC(91) ParOldGen: 504451K(522752K)->522695K(589824K)
[3.143s][info][gc,metaspace   ] GC(91) Metaspace: 6298K(6464K)->6298K(6464K) NonClass: 5764K(5824K)->5764K(5824K) Class: 533K(640K)->533K(640K)
[3.143s][info][gc             ] GC(91) Pause Full (Ergonomics) 520M->519M(633M) 170.255ms
[3.143s][info][gc,cpu         ] GC(91) User=1.14s Sys=0.11s Real=0.17s
[3.159s][info][gc,start       ] GC(92) Pause Young (Allocation Failure)
[3.195s][info][gc,heap        ] GC(92) PSYoungGen: 24039K(58880K)->19104K(56320K) Eden: 14848K(14848K)->0K(16384K) From: 9191K(44032K)->19104K(39936K)
[3.195s][info][gc,heap        ] GC(92) ParOldGen: 522695K(589824K)->527863K(589824K)
[3.195s][info][gc,metaspace   ] GC(92) Metaspace: 6298K(6464K)->6298K(6464K) NonClass: 5764K(5824K)->5764K(5824K) Class: 533K(640K)->533K(640K)
[3.195s][info][gc             ] GC(92) Pause Young (Allocation Failure) 533M->534M(631M) 35.685ms
[3.195s][info][gc,cpu         ] GC(92) User=0.16s Sys=0.00s Real=0.04s
[3.214s][info][gc,start       ] GC(93) Pause Young (Allocation Failure)
[3.233s][info][gc,heap        ] GC(93) PSYoungGen: 35488K(56320K)->35488K(58880K) Eden: 16384K(16384K)->0K(16384K) From: 19104K(39936K)->35488K(42496K)
[3.233s][info][gc,heap        ] GC(93) ParOldGen: 527863K(589824K)->527863K(589824K)
[3.233s][info][gc,metaspace   ] GC(93) Metaspace: 6298K(6464K)->6298K(6464K) NonClass: 5764K(5824K)->5764K(5824K) Class: 533K(640K)->533K(640K)
[3.233s][info][gc             ] GC(93) Pause Young (Allocation Failure) 550M->550M(633M) 19.062ms
[3.233s][info][gc,cpu         ] GC(93) User=0.23s Sys=0.00s Real=0.02s
[3.252s][info][gc,start       ] GC(94) Pause Young (Allocation Failure)
[3.279s][info][gc,heap        ] GC(94) PSYoungGen: 51872K(58880K)->46080K(55808K) Eden: 16384K(16384K)->0K(9728K) From: 35488K(42496K)->46080K(46080K)
[3.279s][info][gc,heap        ] GC(94) ParOldGen: 527863K(589824K)->533631K(589824K)
[3.279s][info][gc,metaspace   ] GC(94) Metaspace: 6298K(6464K)->6298K(6464K) NonClass: 5764K(5824K)->5764K(5824K) Class: 533K(640K)->533K(640K)
[3.279s][info][gc             ] GC(94) Pause Young (Allocation Failure) 566M->566M(630M) 26.686ms
[3.279s][info][gc,cpu         ] GC(94) User=0.06s Sys=0.06s Real=0.03s
[3.289s][info][gc,start       ] GC(95) Pause Young (Allocation Failure)
[3.316s][info][gc,heap        ] GC(95) PSYoungGen: 55808K(55808K)->39680K(64512K) Eden: 9728K(9728K)->0K(9728K) From: 46080K(46080K)->39680K(54784K)
[3.316s][info][gc,heap        ] GC(95) ParOldGen: 533631K(589824K)->550095K(589824K)
[3.316s][info][gc,metaspace   ] GC(95) Metaspace: 6298K(6464K)->6298K(6464K) NonClass: 5764K(5824K)->5764K(5824K) Class: 533K(640K)->533K(640K)
[3.316s][info][gc             ] GC(95) Pause Young (Allocation Failure) 575M->575M(639M) 26.291ms
[3.316s][info][gc,cpu         ] GC(95) User=0.14s Sys=0.00s Real=0.03s
[3.326s][info][gc,start       ] GC(96) Pause Young (Allocation Failure)
[3.350s][info][gc,heap        ] GC(96) PSYoungGen: 49408K(64512K)->33824K(68096K) Eden: 9728K(9728K)->0K(11264K) From: 39680K(54784K)->33824K(56832K)
[3.350s][info][gc,heap        ] GC(96) ParOldGen: 550095K(589824K)->565895K(589824K)
[3.350s][info][gc,metaspace   ] GC(96) Metaspace: 6298K(6464K)->6298K(6464K) NonClass: 5764K(5824K)->5764K(5824K) Class: 533K(640K)->533K(640K)
[3.350s][info][gc             ] GC(96) Pause Young (Allocation Failure) 585M->585M(642M) 23.452ms
[3.350s][info][gc,cpu         ] GC(96) User=0.12s Sys=0.00s Real=0.02s
[3.350s][info][gc,start       ] GC(97) Pause Full (Ergonomics)
[3.350s][info][gc,phases,start] GC(97) Marking Phase
[3.480s][info][gc,phases      ] GC(97) Marking Phase 129.908ms
[3.480s][info][gc,phases,start] GC(97) Summary Phase
[3.480s][info][gc,phases      ] GC(97) Summary Phase 0.029ms
[3.480s][info][gc,phases,start] GC(97) Adjust Roots
[3.480s][info][gc,phases      ] GC(97) Adjust Roots 0.186ms
[3.480s][info][gc,phases,start] GC(97) Compaction Phase
[3.533s][info][gc,phases      ] GC(97) Compaction Phase 53.123ms
[3.533s][info][gc,phases,start] GC(97) Post Compact
[3.534s][info][gc,phases      ] GC(97) Post Compact 1.048ms
[3.534s][info][gc,heap        ] GC(97) PSYoungGen: 33824K(68096K)->9099K(68096K) Eden: 0K(11264K)->0K(11264K) From: 33824K(56832K)->9099K(56832K)
[3.534s][info][gc,heap        ] GC(97) ParOldGen: 565895K(589824K)->589702K(662016K)
[3.534s][info][gc,metaspace   ] GC(97) Metaspace: 6298K(6464K)->6298K(6464K) NonClass: 5764K(5824K)->5764K(5824K) Class: 533K(640K)->533K(640K)
[3.535s][info][gc             ] GC(97) Pause Full (Ergonomics) 585M->584M(713M) 184.840ms
[3.535s][info][gc,cpu         ] GC(97) User=1.31s Sys=0.02s Real=0.18s
[3.548s][info][gc,start       ] GC(98) Pause Young (Allocation Failure)
[3.582s][info][gc,heap        ] GC(98) PSYoungGen: 20363K(68096K)->14208K(68096K) Eden: 11264K(11264K)->0K(11264K) From: 9099K(56832K)->14208K(56832K)
[3.582s][info][gc,heap        ] GC(98) ParOldGen: 589702K(662016K)->596062K(662016K)
[3.582s][info][gc,metaspace   ] GC(98) Metaspace: 6298K(6464K)->6298K(6464K) NonClass: 5764K(5824K)->5764K(5824K) Class: 533K(640K)->533K(640K)
[3.582s][info][gc             ] GC(98) Pause Young (Allocation Failure) 595M->595M(713M) 34.868ms
[3.582s][info][gc,cpu         ] GC(98) User=0.16s Sys=0.00s Real=0.04s
[3.595s][info][gc,start       ] GC(99) Pause Young (Allocation Failure)
[3.610s][info][gc,heap        ] GC(99) PSYoungGen: 25472K(68096K)->22592K(64512K) Eden: 11264K(11264K)->0K(12800K) From: 14208K(56832K)->22592K(51712K)
[3.610s][info][gc,heap        ] GC(99) ParOldGen: 596062K(662016K)->598966K(662016K)
[3.610s][info][gc,metaspace   ] GC(99) Metaspace: 6298K(6464K)->6298K(6464K) NonClass: 5764K(5824K)->5764K(5824K) Class: 533K(640K)->533K(640K)
[3.610s][info][gc             ] GC(99) Pause Young (Allocation Failure) 606M->606M(709M) 14.611ms
[3.610s][info][gc,cpu         ] GC(99) User=0.02s Sys=0.00s Real=0.02s
[3.626s][info][gc,start       ] GC(100) Pause Young (Allocation Failure)
[3.646s][info][gc,heap        ] GC(100) PSYoungGen: 35392K(64512K)->24192K(37376K) Eden: 12800K(12800K)->0K(12800K) From: 22592K(51712K)->24192K(24576K)
[3.646s][info][gc,heap        ] GC(100) ParOldGen: 598966K(662016K)->610390K(662016K)
[3.646s][info][gc,metaspace   ] GC(100) Metaspace: 6298K(6464K)->6298K(6464K) NonClass: 5764K(5824K)->5764K(5824K) Class: 533K(640K)->533K(640K)
[3.646s][info][gc             ] GC(100) Pause Young (Allocation Failure) 619M->619M(683M) 20.393ms
[3.646s][info][gc,cpu         ] GC(100) User=0.12s Sys=0.00s Real=0.02s
[3.662s][info][gc,start       ] GC(101) Pause Young (Allocation Failure)
[3.683s][info][gc,heap        ] GC(101) PSYoungGen: 36992K(37376K)->25728K(60416K) Eden: 12800K(12800K)->0K(14336K) From: 24192K(24576K)->25728K(46080K)
[3.683s][info][gc,heap        ] GC(101) ParOldGen: 610390K(662016K)->621814K(662016K)
[3.683s][info][gc,metaspace   ] GC(101) Metaspace: 6298K(6464K)->6298K(6464K) NonClass: 5764K(5824K)->5764K(5824K) Class: 533K(640K)->533K(640K)
[3.683s][info][gc             ] GC(101) Pause Young (Allocation Failure) 632M->632M(705M) 20.228ms
[3.683s][info][gc,cpu         ] GC(101) User=0.12s Sys=0.00s Real=0.02s
[3.699s][info][gc,start       ] GC(102) Pause Young (Allocation Failure)
[3.720s][info][gc,heap        ] GC(102) PSYoungGen: 40064K(60416K)->27232K(62976K) Eden: 14336K(14336K)->0K(14336K) From: 25728K(46080K)->27232K(48640K)
[3.720s][info][gc,heap        ] GC(102) ParOldGen: 621814K(662016K)->634782K(662016K)
[3.720s][info][gc,metaspace   ] GC(102) Metaspace: 6298K(6464K)->6298K(6464K) NonClass: 5764K(5824K)->5764K(5824K) Class: 533K(640K)->533K(640K)
[3.720s][info][gc             ] GC(102) Pause Young (Allocation Failure) 646M->646M(708M) 21.567ms
[3.720s][info][gc,cpu         ] GC(102) User=0.14s Sys=0.00s Real=0.02s
[3.737s][info][gc,start       ] GC(103) Pause Young (Allocation Failure)
[3.760s][info][gc,heap        ] GC(103) PSYoungGen: 41568K(62976K)->28800K(61440K) Eden: 14336K(14336K)->0K(16384K) From: 27232K(48640K)->28800K(45056K)
[3.760s][info][gc,heap        ] GC(103) ParOldGen: 634782K(662016K)->647774K(662016K)
[3.760s][info][gc,metaspace   ] GC(103) Metaspace: 6298K(6464K)->6298K(6464K) NonClass: 5764K(5824K)->5764K(5824K) Class: 533K(640K)->533K(640K)
[3.760s][info][gc             ] GC(103) Pause Young (Allocation Failure) 660M->660M(706M) 23.334ms
[3.760s][info][gc,cpu         ] GC(103) User=0.12s Sys=0.00s Real=0.02s
[3.760s][info][gc,start       ] GC(104) Pause Full (Ergonomics)
[3.760s][info][gc,phases,start] GC(104) Marking Phase
[3.910s][info][gc,phases      ] GC(104) Marking Phase 150.084ms
[3.911s][info][gc,phases,start] GC(104) Summary Phase
[3.911s][info][gc,phases      ] GC(104) Summary Phase 0.021ms
[3.911s][info][gc,phases,start] GC(104) Adjust Roots
[3.911s][info][gc,phases      ] GC(104) Adjust Roots 0.172ms
[3.911s][info][gc,phases,start] GC(104) Compaction Phase
[3.972s][info][gc,phases      ] GC(104) Compaction Phase 60.930ms
[3.972s][info][gc,phases,start] GC(104) Post Compact
[3.973s][info][gc,phases      ] GC(104) Post Compact 1.035ms
[3.973s][info][gc,heap        ] GC(104) PSYoungGen: 28800K(61440K)->13784K(62464K) Eden: 0K(16384K)->0K(17408K) From: 28800K(45056K)->13784K(45056K)
[3.973s][info][gc,heap        ] GC(104) ParOldGen: 647774K(662016K)->661624K(737280K)
[3.973s][info][gc,metaspace   ] GC(104) Metaspace: 6298K(6464K)->6298K(6464K) NonClass: 5764K(5824K)->5764K(5824K) Class: 533K(640K)->533K(640K)
[3.973s][info][gc             ] GC(104) Pause Full (Ergonomics) 660M->659M(781M) 212.770ms
[3.973s][info][gc,cpu         ] GC(104) User=1.64s Sys=0.00s Real=0.21s
[3.995s][info][gc,start       ] GC(105) Pause Young (Allocation Failure)
[4.038s][info][gc,heap        ] GC(105) PSYoungGen: 31192K(62464K)->23424K(63488K) Eden: 17408K(17408K)->0K(17408K) From: 13784K(45056K)->23424K(46080K)
[4.038s][info][gc,heap        ] GC(105) ParOldGen: 661624K(737280K)->669704K(737280K)
[4.038s][info][gc,metaspace   ] GC(105) Metaspace: 6298K(6464K)->6298K(6464K) NonClass: 5764K(5824K)->5764K(5824K) Class: 533K(640K)->533K(640K)
[4.038s][info][gc             ] GC(105) Pause Young (Allocation Failure) 676M->676M(782M) 43.184ms
[4.038s][info][gc,cpu         ] GC(105) User=0.27s Sys=0.00s Real=0.04s
[4.176s][info][gc,start       ] GC(106) Pause Young (Allocation Failure)
[4.210s][info][gc,heap        ] GC(106) PSYoungGen: 40832K(63488K)->40864K(60416K) Eden: 17408K(17408K)->0K(15872K) From: 23424K(46080K)->40864K(44544K)
[4.210s][info][gc,heap        ] GC(106) ParOldGen: 702472K(737280K)->702472K(737280K)
[4.210s][info][gc,metaspace   ] GC(106) Metaspace: 6298K(6464K)->6298K(6464K) NonClass: 5764K(5824K)->5764K(5824K) Class: 533K(640K)->533K(640K)
[4.210s][info][gc             ] GC(106) Pause Young (Allocation Failure) 725M->725M(779M) 34.454ms
[4.210s][info][gc,cpu         ] GC(106) User=0.16s Sys=0.00s Real=0.03s
[4.226s][info][gc,start       ] GC(107) Pause Young (Allocation Failure)
[4.254s][info][gc,heap        ] GC(107) PSYoungGen: 56736K(60416K)->48128K(64000K) Eden: 15872K(15872K)->0K(15872K) From: 40864K(44544K)->48128K(48128K)
[4.254s][info][gc,heap        ] GC(107) ParOldGen: 702472K(737280K)->711016K(737280K)
[4.254s][info][gc,metaspace   ] GC(107) Metaspace: 6298K(6464K)->6298K(6464K) NonClass: 5764K(5824K)->5764K(5824K) Class: 533K(640K)->533K(640K)
[4.254s][info][gc             ] GC(107) Pause Young (Allocation Failure) 741M->741M(782M) 27.696ms
[4.254s][info][gc,cpu         ] GC(107) User=0.08s Sys=0.00s Real=0.03s
[4.270s][info][gc,start       ] GC(108) Pause Young (Allocation Failure)
[4.302s][info][gc,heap        ] GC(108) PSYoungGen: 64000K(64000K)->45248K(71680K) Eden: 15872K(15872K)->0K(14848K) From: 48128K(48128K)->45248K(56832K)
[4.302s][info][gc,heap        ] GC(108) ParOldGen: 711016K(737280K)->730176K(737280K)
[4.302s][info][gc,metaspace   ] GC(108) Metaspace: 6298K(6464K)->6298K(6464K) NonClass: 5764K(5824K)->5764K(5824K) Class: 533K(640K)->533K(640K)
[4.302s][info][gc             ] GC(108) Pause Young (Allocation Failure) 756M->757M(790M) 31.766ms
[4.302s][info][gc,cpu         ] GC(108) User=0.09s Sys=0.00s Real=0.03s
[4.302s][info][gc,start       ] GC(109) Pause Full (Ergonomics)
[4.302s][info][gc,phases,start] GC(109) Marking Phase
[4.466s][info][gc,phases      ] GC(109) Marking Phase 163.987ms
[4.466s][info][gc,phases,start] GC(109) Summary Phase
[4.466s][info][gc,phases      ] GC(109) Summary Phase 0.030ms
[4.466s][info][gc,phases,start] GC(109) Adjust Roots
[4.466s][info][gc,phases      ] GC(109) Adjust Roots 0.150ms
[4.467s][info][gc,phases,start] GC(109) Compaction Phase
[4.589s][info][gc,phases      ] GC(109) Compaction Phase 121.980ms
[4.589s][info][gc,phases,start] GC(109) Post Compact
[4.590s][info][gc,phases      ] GC(109) Post Compact 1.512ms
[4.590s][info][gc,heap        ] GC(109) PSYoungGen: 45248K(71680K)->20986K(71680K) Eden: 0K(14848K)->0K(14848K) From: 45248K(56832K)->20986K(56832K)
[4.590s][info][gc,heap        ] GC(109) ParOldGen: 730176K(737280K)->737243K(818688K)
[4.590s][info][gc,metaspace   ] GC(109) Metaspace: 6298K(6464K)->6298K(6464K) NonClass: 5764K(5824K)->5764K(5824K) Class: 533K(640K)->533K(640K)
[4.591s][info][gc             ] GC(109) Pause Full (Ergonomics) 757M->740M(869M) 288.290ms
[4.591s][info][gc,cpu         ] GC(109) User=1.91s Sys=0.00s Real=0.29s
[4.608s][info][gc,start       ] GC(110) Pause Young (Allocation Failure)
[4.654s][info][gc,heap        ] GC(110) PSYoungGen: 35834K(71680K)->29056K(44032K) Eden: 14848K(14848K)->0K(14848K) From: 20986K(56832K)->29056K(29184K)
[4.654s][info][gc,heap        ] GC(110) ParOldGen: 737243K(818688K)->744291K(818688K)
[4.654s][info][gc,metaspace   ] GC(110) Metaspace: 6298K(6464K)->6298K(6464K) NonClass: 5764K(5824K)->5764K(5824K) Class: 533K(640K)->533K(640K)
[4.654s][info][gc             ] GC(110) Pause Young (Allocation Failure) 754M->755M(842M) 45.922ms
[4.654s][info][gc,cpu         ] GC(110) User=0.25s Sys=0.00s Real=0.05s
[4.669s][info][gc,start       ] GC(111) Pause Young (Allocation Failure)
[4.691s][info][gc,heap        ] GC(111) PSYoungGen: 43904K(44032K)->43968K(71680K) Eden: 14848K(14848K)->0K(14336K) From: 29056K(29184K)->43968K(57344K)
[4.691s][info][gc,heap        ] GC(111) ParOldGen: 744291K(818688K)->744291K(818688K)
[4.691s][info][gc,metaspace   ] GC(111) Metaspace: 6298K(6464K)->6298K(6464K) NonClass: 5764K(5824K)->5764K(5824K) Class: 533K(640K)->533K(640K)
[4.691s][info][gc             ] GC(111) Pause Young (Allocation Failure) 769M->769M(869M) 22.090ms
[4.691s][info][gc,cpu         ] GC(111) User=0.03s Sys=0.00s Real=0.02s
[4.706s][info][gc,start       ] GC(112) Pause Young (Allocation Failure)
[4.733s][info][gc,heap        ] GC(112) PSYoungGen: 58304K(71680K)->51520K(73728K) Eden: 14336K(14336K)->0K(14336K) From: 43968K(57344K)->51520K(59392K)
[4.733s][info][gc,heap        ] GC(112) ParOldGen: 744291K(818688K)->751107K(818688K)
[4.733s][info][gc,metaspace   ] GC(112) Metaspace: 6298K(6464K)->6298K(6464K) NonClass: 5764K(5824K)->5764K(5824K) Class: 533K(640K)->533K(640K)
[4.733s][info][gc             ] GC(112) Pause Young (Allocation Failure) 783M->783M(871M) 27.509ms
[4.733s][info][gc,cpu         ] GC(112) User=0.14s Sys=0.00s Real=0.03s
[4.749s][info][gc,start       ] GC(113) Pause Young (Allocation Failure)
[4.780s][info][gc,heap        ] GC(113) PSYoungGen: 65856K(73728K)->58464K(74752K) Eden: 14336K(14336K)->0K(10752K) From: 51520K(59392K)->58464K(64000K)
[4.780s][info][gc,heap        ] GC(113) ParOldGen: 751107K(818688K)->758579K(818688K)
[4.780s][info][gc,metaspace   ] GC(113) Metaspace: 6298K(6464K)->6298K(6464K) NonClass: 5764K(5824K)->5764K(5824K) Class: 533K(640K)->533K(640K)
[4.780s][info][gc             ] GC(113) Pause Young (Allocation Failure) 797M->797M(872M) 31.053ms
[4.780s][info][gc,cpu         ] GC(113) User=0.14s Sys=0.00s Real=0.03s
[4.791s][info][gc,start       ] GC(114) Pause Young (Allocation Failure)
[4.823s][info][gc,heap        ] GC(114) PSYoungGen: 69216K(74752K)->39584K(50688K) Eden: 10752K(10752K)->0K(10752K) From: 58464K(64000K)->39584K(39936K)
[4.823s][info][gc,heap        ] GC(114) ParOldGen: 758579K(818688K)->788651K(818688K)
[4.823s][info][gc,metaspace   ] GC(114) Metaspace: 6298K(6464K)->6298K(6464K) NonClass: 5764K(5824K)->5764K(5824K) Class: 533K(640K)->533K(640K)
[4.823s][info][gc             ] GC(114) Pause Young (Allocation Failure) 808M->808M(849M) 32.598ms
[4.823s][info][gc,cpu         ] GC(114) User=0.14s Sys=0.02s Real=0.03s
[4.835s][info][gc,start       ] GC(115) Pause Young (Allocation Failure)
[4.860s][info][gc,heap        ] GC(115) PSYoungGen: 50336K(50688K)->21632K(79872K) Eden: 10752K(10752K)->0K(12800K) From: 39584K(39936K)->21632K(67072K)
[4.860s][info][gc,heap        ] GC(115) ParOldGen: 788651K(818688K)->817659K(818688K)
[4.860s][info][gc,metaspace   ] GC(115) Metaspace: 6298K(6464K)->6298K(6464K) NonClass: 5764K(5824K)->5764K(5824K) Class: 533K(640K)->533K(640K)
[4.860s][info][gc             ] GC(115) Pause Young (Allocation Failure) 819M->819M(877M) 25.527ms
[4.860s][info][gc,cpu         ] GC(115) User=0.14s Sys=0.00s Real=0.03s
[4.860s][info][gc,start       ] GC(116) Pause Full (Ergonomics)
[4.860s][info][gc,phases,start] GC(116) Marking Phase
[5.040s][info][gc,phases      ] GC(116) Marking Phase 179.644ms
[5.040s][info][gc,phases,start] GC(116) Summary Phase
[5.040s][info][gc,phases      ] GC(116) Summary Phase 0.025ms
[5.040s][info][gc,phases,start] GC(116) Adjust Roots
[5.040s][info][gc,phases      ] GC(116) Adjust Roots 0.210ms
[5.040s][info][gc,phases,start] GC(116) Compaction Phase
[5.131s][info][gc,phases      ] GC(116) Compaction Phase 90.298ms
[5.131s][info][gc,phases,start] GC(116) Post Compact
[5.132s][info][gc,phases      ] GC(116) Post Compact 1.494ms
[5.133s][info][gc,heap        ] GC(116) PSYoungGen: 21632K(79872K)->19399K(79872K) Eden: 0K(12800K)->0K(12800K) From: 21632K(67072K)->19399K(67072K)
[5.133s][info][gc,heap        ] GC(116) ParOldGen: 817659K(818688K)->818516K(914944K)
[5.133s][info][gc,metaspace   ] GC(116) Metaspace: 6298K(6464K)->6298K(6464K) NonClass: 5764K(5824K)->5764K(5824K) Class: 533K(640K)->533K(640K)
[5.133s][info][gc             ] GC(116) Pause Full (Ergonomics) 819M->818M(971M) 272.428ms
[5.133s][info][gc,cpu         ] GC(116) User=1.77s Sys=0.02s Real=0.27s
[5.148s][info][gc,start       ] GC(117) Pause Young (Allocation Failure)
[5.196s][info][gc,heap        ] GC(117) PSYoungGen: 32199K(79872K)->12928K(79872K) Eden: 12800K(12800K)->0K(12800K) From: 19399K(67072K)->12928K(67072K)
[5.196s][info][gc,heap        ] GC(117) ParOldGen: 818516K(914944K)->838212K(914944K)
[5.196s][info][gc,metaspace   ] GC(117) Metaspace: 6298K(6464K)->6298K(6464K) NonClass: 5764K(5824K)->5764K(5824K) Class: 533K(640K)->533K(640K)
[5.196s][info][gc             ] GC(117) Pause Young (Allocation Failure) 830M->831M(971M) 48.414ms
[5.196s][info][gc,cpu         ] GC(117) User=0.27s Sys=0.00s Real=0.05s
[5.210s][info][gc,start       ] GC(118) Pause Young (Allocation Failure)
[5.227s][info][gc,heap        ] GC(118) PSYoungGen: 25728K(79872K)->12960K(82432K) Eden: 12800K(12800K)->0K(14336K) From: 12928K(67072K)->12960K(68096K)
[5.227s][info][gc,heap        ] GC(118) ParOldGen: 838212K(914944K)->851196K(914944K)
[5.227s][info][gc,metaspace   ] GC(118) Metaspace: 6298K(6464K)->6298K(6464K) NonClass: 5764K(5824K)->5764K(5824K) Class: 533K(640K)->533K(640K)
[5.227s][info][gc             ] GC(118) Pause Young (Allocation Failure) 843M->843M(974M) 16.971ms
[5.227s][info][gc,cpu         ] GC(118) User=0.03s Sys=0.00s Real=0.02s
[5.242s][info][gc,start       ] GC(119) Pause Young (Allocation Failure)
[5.260s][info][gc,heap        ] GC(119) PSYoungGen: 27296K(82432K)->14464K(82432K) Eden: 14336K(14336K)->0K(14336K) From: 12960K(68096K)->14464K(68096K)
[5.260s][info][gc,heap        ] GC(119) ParOldGen: 851196K(914944K)->864172K(914944K)
[5.260s][info][gc,metaspace   ] GC(119) Metaspace: 6298K(6464K)->6298K(6464K) NonClass: 5764K(5824K)->5764K(5824K) Class: 533K(640K)->533K(640K)
[5.260s][info][gc             ] GC(119) Pause Young (Allocation Failure) 857M->858M(974M) 17.796ms
[5.260s][info][gc,cpu         ] GC(119) User=0.03s Sys=0.00s Real=0.02s
[5.276s][info][gc,start       ] GC(120) Pause Young (Allocation Failure)
[5.293s][info][gc,heap        ] GC(120) PSYoungGen: 28800K(82432K)->14432K(81408K) Eden: 14336K(14336K)->0K(16384K) From: 14464K(68096K)->14432K(65024K)
[5.293s][info][gc,heap        ] GC(120) ParOldGen: 864172K(914944K)->878692K(914944K)
[5.293s][info][gc,metaspace   ] GC(120) Metaspace: 6298K(6464K)->6298K(6464K) NonClass: 5764K(5824K)->5764K(5824K) Class: 533K(640K)->533K(640K)
[5.293s][info][gc             ] GC(120) Pause Young (Allocation Failure) 872M->872M(973M) 17.877ms
[5.293s][info][gc,cpu         ] GC(120) User=0.03s Sys=0.00s Real=0.02s
[5.311s][info][gc,start       ] GC(121) Pause Young (Allocation Failure)
[5.330s][info][gc,heap        ] GC(121) PSYoungGen: 30816K(81408K)->16512K(82432K) Eden: 16384K(16384K)->0K(16384K) From: 14432K(65024K)->16512K(66048K)
[5.330s][info][gc,heap        ] GC(121) ParOldGen: 878692K(914944K)->893228K(914944K)
[5.330s][info][gc,metaspace   ] GC(121) Metaspace: 6298K(6464K)->6298K(6464K) NonClass: 5764K(5824K)->5764K(5824K) Class: 533K(640K)->533K(640K)
[5.330s][info][gc             ] GC(121) Pause Young (Allocation Failure) 888M->888M(974M) 18.771ms
[5.330s][info][gc,cpu         ] GC(121) User=0.03s Sys=0.00s Real=0.02s
[5.330s][info][gc,start       ] GC(122) Pause Full (Ergonomics)
[5.330s][info][gc,phases,start] GC(122) Marking Phase
[5.533s][info][gc,phases      ] GC(122) Marking Phase 202.976ms
[5.533s][info][gc,phases,start] GC(122) Summary Phase
[5.533s][info][gc,phases      ] GC(122) Summary Phase 0.029ms
[5.533s][info][gc,phases,start] GC(122) Adjust Roots
[5.533s][info][gc,phases      ] GC(122) Adjust Roots 0.147ms
[5.533s][info][gc,phases,start] GC(122) Compaction Phase
[5.619s][info][gc,phases      ] GC(122) Compaction Phase 85.714ms
[5.619s][info][gc,phases,start] GC(122) Post Compact
[5.621s][info][gc,phases      ] GC(122) Post Compact 1.649ms
[5.621s][info][gc,heap        ] GC(122) PSYoungGen: 16512K(82432K)->0K(82944K) Eden: 0K(16384K)->0K(18432K) From: 16512K(66048K)->0K(64512K)
[5.621s][info][gc,heap        ] GC(122) ParOldGen: 893228K(914944K)->908401K(1007104K)
[5.621s][info][gc,metaspace   ] GC(122) Metaspace: 6298K(6464K)->6298K(6464K) NonClass: 5764K(5824K)->5764K(5824K) Class: 533K(640K)->533K(640K)
[5.621s][info][gc             ] GC(122) Pause Full (Ergonomics) 888M->887M(1064M) 291.302ms
[5.621s][info][gc,cpu         ] GC(122) User=2.00s Sys=0.03s Real=0.29s
[5.644s][info][gc,start       ] GC(123) Pause Young (Allocation Failure)
[5.658s][info][gc,heap        ] GC(123) PSYoungGen: 18432K(82944K)->18560K(37376K) Eden: 18432K(18432K)->0K(18432K) From: 0K(64512K)->18560K(18944K)
[5.658s][info][gc,heap        ] GC(123) ParOldGen: 908401K(1007104K)->908401K(1007104K)
[5.658s][info][gc,metaspace   ] GC(123) Metaspace: 6298K(6464K)->6298K(6464K) NonClass: 5764K(5824K)->5764K(5824K) Class: 533K(640K)->533K(640K)
[5.658s][info][gc             ] GC(123) Pause Young (Allocation Failure) 905M->905M(1020M) 14.844ms
[5.658s][info][gc,cpu         ] GC(123) User=0.02s Sys=0.00s Real=0.01s
[5.679s][info][gc,start       ] GC(124) Pause Young (Allocation Failure)
[5.699s][info][gc,heap        ] GC(124) PSYoungGen: 36992K(37376K)->37056K(81920K) Eden: 18432K(18432K)->0K(19968K) From: 18560K(18944K)->37056K(61952K)
[5.699s][info][gc,heap        ] GC(124) ParOldGen: 908401K(1007104K)->908401K(1007104K)
[5.699s][info][gc,metaspace   ] GC(124) Metaspace: 6298K(6464K)->6298K(6464K) NonClass: 5764K(5824K)->5764K(5824K) Class: 533K(640K)->533K(640K)
[5.699s][info][gc             ] GC(124) Pause Young (Allocation Failure) 923M->923M(1063M) 20.168ms
[5.699s][info][gc,cpu         ] GC(124) User=0.03s Sys=0.00s Real=0.02s
[5.721s][info][gc,start       ] GC(125) Pause Young (Allocation Failure)
[5.749s][info][gc,heap        ] GC(125) PSYoungGen: 57024K(81920K)->56992K(82432K) Eden: 19968K(19968K)->0K(19968K) From: 37056K(61952K)->56992K(62464K)
[5.749s][info][gc,heap        ] GC(125) ParOldGen: 908401K(1007104K)->908401K(1007104K)
[5.749s][info][gc,metaspace   ] GC(125) Metaspace: 6298K(6464K)->6298K(6464K) NonClass: 5764K(5824K)->5764K(5824K) Class: 533K(640K)->533K(640K)
[5.749s][info][gc             ] GC(125) Pause Young (Allocation Failure) 942M->942M(1064M) 27.863ms
[5.749s][info][gc,cpu         ] GC(125) User=0.14s Sys=0.00s Real=0.03s
[5.771s][info][gc,start       ] GC(126) Pause Young (Allocation Failure)
[5.807s][info][gc,heap        ] GC(126) PSYoungGen: 76960K(82432K)->70144K(78848K) Eden: 19968K(19968K)->0K(8704K) From: 56992K(62464K)->70144K(70144K)
[5.807s][info][gc,heap        ] GC(126) ParOldGen: 908401K(1007104K)->915193K(1007104K)
[5.807s][info][gc,metaspace   ] GC(126) Metaspace: 6298K(6464K)->6298K(6464K) NonClass: 5764K(5824K)->5764K(5824K) Class: 533K(640K)->533K(640K)
[5.807s][info][gc             ] GC(126) Pause Young (Allocation Failure) 962M->962M(1060M) 36.550ms
[5.807s][info][gc,cpu         ] GC(126) User=0.23s Sys=0.02s Real=0.04s
[5.816s][info][gc,start       ] GC(127) Pause Young (Allocation Failure)
[5.853s][info][gc,heap        ] GC(127) PSYoungGen: 78848K(78848K)->44992K(92160K) Eden: 8704K(8704K)->0K(8704K) From: 70144K(70144K)->44992K(83456K)
[5.853s][info][gc,heap        ] GC(127) ParOldGen: 915193K(1007104K)->949593K(1007104K)
[5.853s][info][gc,metaspace   ] GC(127) Metaspace: 6298K(6464K)->6298K(6464K) NonClass: 5764K(5824K)->5764K(5824K) Class: 533K(640K)->533K(640K)
[5.853s][info][gc             ] GC(127) Pause Young (Allocation Failure) 970M->971M(1073M) 36.443ms
[5.853s][info][gc,cpu         ] GC(127) User=0.23s Sys=0.02s Real=0.04s
[5.863s][info][gc,start       ] GC(128) Pause Young (Allocation Failure)
[5.890s][info][gc,heap        ] GC(128) PSYoungGen: 53696K(92160K)->17440K(89600K) Eden: 8704K(8704K)->0K(10240K) From: 44992K(83456K)->17440K(79360K)
[5.890s][info][gc,heap        ] GC(128) ParOldGen: 949593K(1007104K)->986225K(1007104K)
[5.890s][info][gc,metaspace   ] GC(128) Metaspace: 6298K(6464K)->6298K(6464K) NonClass: 5764K(5824K)->5764K(5824K) Class: 533K(640K)->533K(640K)
[5.890s][info][gc             ] GC(128) Pause Young (Allocation Failure) 979M->980M(1071M) 26.919ms
[5.890s][info][gc,cpu         ] GC(128) User=0.12s Sys=0.02s Real=0.03s
[5.890s][info][gc,start       ] GC(129) Pause Full (Ergonomics)
[5.890s][info][gc,phases,start] GC(129) Marking Phase
[6.108s][info][gc,phases      ] GC(129) Marking Phase 218.410ms
[6.108s][info][gc,phases,start] GC(129) Summary Phase
[6.108s][info][gc,phases      ] GC(129) Summary Phase 0.036ms
[6.108s][info][gc,phases,start] GC(129) Adjust Roots
[6.108s][info][gc,phases      ] GC(129) Adjust Roots 0.144ms
[6.108s][info][gc,phases,start] GC(129) Compaction Phase
[6.200s][info][gc,phases      ] GC(129) Compaction Phase 91.741ms
[6.200s][info][gc,phases,start] GC(129) Post Compact
[6.202s][info][gc,phases      ] GC(129) Post Compact 1.537ms
[6.202s][info][gc,heap        ] GC(129) PSYoungGen: 17440K(89600K)->0K(91136K) Eden: 0K(10240K)->0K(10240K) From: 17440K(79360K)->0K(80896K)
[6.202s][info][gc,heap        ] GC(129) ParOldGen: 986225K(1007104K)->1002416K(1120256K)
[6.202s][info][gc,metaspace   ] GC(129) Metaspace: 6298K(6464K)->6298K(6464K) NonClass: 5764K(5824K)->5764K(5824K) Class: 533K(640K)->533K(640K)
[6.202s][info][gc             ] GC(129) Pause Full (Ergonomics) 980M->978M(1183M) 312.545ms
[6.202s][info][gc,cpu         ] GC(129) User=2.16s Sys=0.00s Real=0.31s
[6.216s][info][gc,start       ] GC(130) Pause Young (Allocation Failure)
[6.229s][info][gc,heap        ] GC(130) PSYoungGen: 10240K(91136K)->10368K(90624K) Eden: 10240K(10240K)->0K(11264K) From: 0K(80896K)->10368K(79360K)
[6.229s][info][gc,heap        ] GC(130) ParOldGen: 1002416K(1120256K)->1002416K(1120256K)
[6.229s][info][gc,metaspace   ] GC(130) Metaspace: 6298K(6464K)->6298K(6464K) NonClass: 5764K(5824K)->5764K(5824K) Class: 533K(640K)->533K(640K)
[6.229s][info][gc             ] GC(130) Pause Young (Allocation Failure) 988M->989M(1182M) 13.139ms
[6.229s][info][gc,cpu         ] GC(130) User=0.00s Sys=0.00s Real=0.01s
[6.241s][info][gc,start       ] GC(131) Pause Young (Allocation Failure)
[6.257s][info][gc,heap        ] GC(131) PSYoungGen: 21632K(90624K)->21568K(33280K) Eden: 11264K(11264K)->0K(11264K) From: 10368K(79360K)->21568K(22016K)
[6.257s][info][gc,heap        ] GC(131) ParOldGen: 1002416K(1120256K)->1002416K(1120256K)
[6.257s][info][gc,metaspace   ] GC(131) Metaspace: 6298K(6464K)->6298K(6464K) NonClass: 5764K(5824K)->5764K(5824K) Class: 533K(640K)->533K(640K)
[6.257s][info][gc             ] GC(131) Pause Young (Allocation Failure) 1000M->999M(1126M) 15.601ms
[6.257s][info][gc,cpu         ] GC(131) User=0.02s Sys=0.00s Real=0.01s
[6.270s][info][gc,start       ] GC(132) Pause Young (Allocation Failure)
[6.289s][info][gc,heap        ] GC(132) PSYoungGen: 32832K(33280K)->22656K(82944K) Eden: 11264K(11264K)->0K(12800K) From: 21568K(22016K)->22656K(70144K)
[6.289s][info][gc,heap        ] GC(132) ParOldGen: 1002416K(1120256K)->1012792K(1120256K)
[6.289s][info][gc,metaspace   ] GC(132) Metaspace: 6298K(6464K)->6298K(6464K) NonClass: 5764K(5824K)->5764K(5824K) Class: 533K(640K)->533K(640K)
[6.289s][info][gc             ] GC(132) Pause Young (Allocation Failure) 1010M->1011M(1175M) 19.052ms
[6.289s][info][gc,cpu         ] GC(132) User=0.02s Sys=0.00s Real=0.02s
[6.302s][info][gc,start       ] GC(133) Pause Young (Allocation Failure)
[6.322s][info][gc,heap        ] GC(133) PSYoungGen: 35456K(82944K)->24192K(37376K) Eden: 12800K(12800K)->0K(12800K) From: 22656K(70144K)->24192K(24576K)
[6.322s][info][gc,heap        ] GC(133) ParOldGen: 1012792K(1120256K)->1024216K(1120256K)
[6.322s][info][gc,metaspace   ] GC(133) Metaspace: 6298K(6464K)->6298K(6464K) NonClass: 5764K(5824K)->5764K(5824K) Class: 533K(640K)->533K(640K)
[6.322s][info][gc             ] GC(133) Pause Young (Allocation Failure) 1023M->1023M(1130M) 19.984ms
[6.322s][info][gc,cpu         ] GC(133) User=0.03s Sys=0.00s Real=0.02s
[6.336s][info][gc,start       ] GC(134) Pause Young (Allocation Failure)
[6.356s][info][gc,heap        ] GC(134) PSYoungGen: 36992K(37376K)->25728K(77824K) Eden: 12800K(12800K)->0K(14336K) From: 24192K(24576K)->25728K(63488K)
[6.356s][info][gc,heap        ] GC(134) ParOldGen: 1024216K(1120256K)->1035632K(1120256K)
[6.356s][info][gc,metaspace   ] GC(134) Metaspace: 6298K(6464K)->6298K(6464K) NonClass: 5764K(5824K)->5764K(5824K) Class: 533K(640K)->533K(640K)
[6.356s][info][gc             ] GC(134) Pause Young (Allocation Failure) 1036M->1036M(1170M) 20.662ms
[6.356s][info][gc,cpu         ] GC(134) User=0.12s Sys=0.00s Real=0.02s
[6.372s][info][gc,start       ] GC(135) Pause Young (Allocation Failure)
[6.395s][info][gc,heap        ] GC(135) PSYoungGen: 40064K(77824K)->27232K(41984K) Eden: 14336K(14336K)->0K(14336K) From: 25728K(63488K)->27232K(27648K)
[6.395s][info][gc,heap        ] GC(135) ParOldGen: 1035632K(1120256K)->1048600K(1120256K)
[6.395s][info][gc,metaspace   ] GC(135) Metaspace: 6298K(6464K)->6298K(6464K) NonClass: 5764K(5824K)->5764K(5824K) Class: 533K(640K)->533K(640K)
[6.395s][info][gc             ] GC(135) Pause Young (Allocation Failure) 1050M->1050M(1135M) 22.264ms
[6.395s][info][gc,cpu         ] GC(135) User=0.12s Sys=0.00s Real=0.02s
[6.410s][info][gc,start       ] GC(136) Pause Young (Allocation Failure)
[6.434s][info][gc,heap        ] GC(136) PSYoungGen: 41568K(41984K)->28736K(72704K) Eden: 14336K(14336K)->0K(16384K) From: 27232K(27648K)->28736K(56320K)
[6.434s][info][gc,heap        ] GC(136) ParOldGen: 1048600K(1120256K)->1061584K(1120256K)
[6.434s][info][gc,metaspace   ] GC(136) Metaspace: 6298K(6464K)->6298K(6464K) NonClass: 5764K(5824K)->5764K(5824K) Class: 533K(640K)->533K(640K)
[6.434s][info][gc             ] GC(136) Pause Young (Allocation Failure) 1064M->1064M(1165M) 23.657ms
[6.434s][info][gc,cpu         ] GC(136) User=0.11s Sys=0.00s Real=0.02s
[6.454s][info][gc,start       ] GC(137) Pause Young (Allocation Failure)
[6.479s][info][gc,heap        ] GC(137) PSYoungGen: 45120K(72704K)->30880K(76288K) Eden: 16384K(16384K)->0K(16384K) From: 28736K(56320K)->30880K(59904K)
[6.479s][info][gc,heap        ] GC(137) ParOldGen: 1061584K(1120256K)->1076120K(1120256K)
[6.479s][info][gc,metaspace   ] GC(137) Metaspace: 6298K(6464K)->6298K(6464K) NonClass: 5764K(5824K)->5764K(5824K) Class: 533K(640K)->533K(640K)
[6.479s][info][gc             ] GC(137) Pause Young (Allocation Failure) 1080M->1081M(1168M) 24.787ms
[6.479s][info][gc,cpu         ] GC(137) User=0.11s Sys=0.00s Real=0.03s
[6.496s][info][gc,start       ] GC(138) Pause Young (Allocation Failure)
[6.522s][info][gc,heap        ] GC(138) PSYoungGen: 47264K(76288K)->32896K(73216K) Eden: 16384K(16384K)->0K(18432K) From: 30880K(59904K)->32896K(54784K)
[6.522s][info][gc,heap        ] GC(138) ParOldGen: 1076120K(1120256K)->1090648K(1120256K)
[6.522s][info][gc,metaspace   ] GC(138) Metaspace: 6298K(6464K)->6298K(6464K) NonClass: 5764K(5824K)->5764K(5824K) Class: 533K(640K)->533K(640K)
[6.522s][info][gc             ] GC(138) Pause Young (Allocation Failure) 1097M->1097M(1165M) 25.492ms
[6.522s][info][gc,cpu         ] GC(138) User=0.12s Sys=0.00s Real=0.03s
[6.542s][info][gc,start       ] GC(139) Pause Young (Allocation Failure)
[6.569s][info][gc,heap        ] GC(139) PSYoungGen: 51328K(73216K)->34944K(74752K) Eden: 18432K(18432K)->0K(18432K) From: 32896K(54784K)->34944K(56320K)
[6.569s][info][gc,heap        ] GC(139) ParOldGen: 1090648K(1120256K)->1107264K(1120256K)
[6.569s][info][gc,metaspace   ] GC(139) Metaspace: 6298K(6464K)->6298K(6464K) NonClass: 5764K(5824K)->5764K(5824K) Class: 533K(640K)->533K(640K)
[6.569s][info][gc             ] GC(139) Pause Young (Allocation Failure) 1115M->1115M(1167M) 27.383ms
[6.569s][info][gc,cpu         ] GC(139) User=0.14s Sys=0.00s Real=0.03s
[6.569s][info][gc,start       ] GC(140) Pause Full (Ergonomics)
[6.569s][info][gc,phases,start] GC(140) Marking Phase
[6.829s][info][gc,phases      ] GC(140) Marking Phase 259.561ms
[6.829s][info][gc,phases,start] GC(140) Summary Phase
[6.829s][info][gc,phases      ] GC(140) Summary Phase 0.025ms
[6.829s][info][gc,phases,start] GC(140) Adjust Roots
[6.829s][info][gc,phases      ] GC(140) Adjust Roots 0.146ms
[6.829s][info][gc,phases,start] GC(140) Compaction Phase
[6.936s][info][gc,phases      ] GC(140) Compaction Phase 106.845ms
[6.936s][info][gc,phases,start] GC(140) Post Compact
[6.938s][info][gc,phases      ] GC(140) Post Compact 2.104ms
[6.939s][info][gc,heap        ] GC(140) PSYoungGen: 34944K(74752K)->20449K(74752K) Eden: 0K(18432K)->0K(18432K) From: 34944K(56320K)->20449K(56320K)
[6.939s][info][gc,heap        ] GC(140) ParOldGen: 1107264K(1120256K)->1119893K(1234944K)
[6.939s][info][gc,metaspace   ] GC(140) Metaspace: 6298K(6464K)->6298K(6464K) NonClass: 5764K(5824K)->5764K(5824K) Class: 533K(640K)->533K(640K)
[6.939s][info][gc             ] GC(140) Pause Full (Ergonomics) 1115M->1113M(1279M) 369.581ms
[6.939s][info][gc,cpu         ] GC(140) User=2.70s Sys=0.00s Real=0.37s
[6.961s][info][gc,start       ] GC(141) Pause Young (Allocation Failure)
[7.028s][info][gc,heap        ] GC(141) PSYoungGen: 38881K(74752K)->29024K(70656K) Eden: 18432K(18432K)->0K(20480K) From: 20449K(56320K)->29024K(50176K)
[7.028s][info][gc,heap        ] GC(141) ParOldGen: 1119893K(1234944K)->1130093K(1234944K)
[7.028s][info][gc,metaspace   ] GC(141) Metaspace: 6298K(6464K)->6298K(6464K) NonClass: 5764K(5824K)->5764K(5824K) Class: 533K(640K)->533K(640K)
[7.028s][info][gc             ] GC(141) Pause Young (Allocation Failure) 1131M->1131M(1275M) 67.168ms
[7.028s][info][gc,cpu         ] GC(141) User=0.39s Sys=0.00s Real=0.07s
[7.052s][info][gc,start       ] GC(142) Pause Young (Allocation Failure)
[7.080s][info][gc,heap        ] GC(142) PSYoungGen: 49504K(70656K)->49472K(73728K) Eden: 20480K(20480K)->0K(20480K) From: 29024K(50176K)->49472K(53248K)
[7.080s][info][gc,heap        ] GC(142) ParOldGen: 1130093K(1234944K)->1130093K(1234944K)
[7.080s][info][gc,metaspace   ] GC(142) Metaspace: 6298K(6464K)->6298K(6464K) NonClass: 5764K(5824K)->5764K(5824K) Class: 533K(640K)->533K(640K)
[7.080s][info][gc             ] GC(142) Pause Young (Allocation Failure) 1151M->1151M(1278M) 28.005ms
[7.080s][info][gc,cpu         ] GC(142) User=0.14s Sys=0.00s Real=0.03s
[7.104s][info][gc,start       ] GC(143) Pause Young (Allocation Failure)
[7.141s][info][gc,heap        ] GC(143) PSYoungGen: 69952K(73728K)->58368K(69632K) Eden: 20480K(20480K)->0K(11264K) From: 49472K(53248K)->58368K(58368K)
[7.141s][info][gc,heap        ] GC(143) ParOldGen: 1130093K(1234944K)->1141717K(1234944K)
[7.141s][info][gc,metaspace   ] GC(143) Metaspace: 6298K(6464K)->6298K(6464K) NonClass: 5764K(5824K)->5764K(5824K) Class: 533K(640K)->533K(640K)
[7.141s][info][gc             ] GC(143) Pause Young (Allocation Failure) 1171M->1171M(1274M) 36.575ms
[7.141s][info][gc,cpu         ] GC(143) User=0.20s Sys=0.05s Real=0.04s
[7.154s][info][gc,start       ] GC(144) Pause Young (Allocation Failure)
[7.190s][info][gc,heap        ] GC(144) PSYoungGen: 69632K(69632K)->31392K(43008K) Eden: 11264K(11264K)->0K(11264K) From: 58368K(58368K)->31392K(31744K)
[7.190s][info][gc,heap        ] GC(144) ParOldGen: 1141717K(1234944K)->1180525K(1234944K)
[7.190s][info][gc,metaspace   ] GC(144) Metaspace: 6298K(6464K)->6298K(6464K) NonClass: 5764K(5824K)->5764K(5824K) Class: 533K(640K)->533K(640K)
[7.190s][info][gc             ] GC(144) Pause Young (Allocation Failure) 1182M->1183M(1248M) 35.705ms
[7.190s][info][gc,cpu         ] GC(144) User=0.25s Sys=0.00s Real=0.04s
[7.203s][info][gc,start       ] GC(145) Pause Young (Allocation Failure)
[7.227s][info][gc,heap        ] GC(145) PSYoungGen: 42656K(43008K)->22688K(77824K) Eden: 11264K(11264K)->0K(12800K) From: 31392K(31744K)->22688K(65024K)
[7.227s][info][gc,heap        ] GC(145) ParOldGen: 1180525K(1234944K)->1200789K(1234944K)
[7.227s][info][gc,metaspace   ] GC(145) Metaspace: 6298K(6464K)->6298K(6464K) NonClass: 5764K(5824K)->5764K(5824K) Class: 533K(640K)->533K(640K)
[7.227s][info][gc             ] GC(145) Pause Young (Allocation Failure) 1194M->1194M(1282M) 23.985ms
[7.227s][info][gc,cpu         ] GC(145) User=0.09s Sys=0.03s Real=0.02s
[7.243s][info][gc,start       ] GC(146) Pause Young (Allocation Failure)
[7.264s][info][gc,heap        ] GC(146) PSYoungGen: 35488K(77824K)->12896K(78848K) Eden: 12800K(12800K)->0K(12800K) From: 22688K(65024K)->12896K(66048K)
[7.264s][info][gc,heap        ] GC(146) ParOldGen: 1200789K(1234944K)->1223597K(1234944K)
[7.264s][info][gc,metaspace   ] GC(146) Metaspace: 6298K(6464K)->6298K(6464K) NonClass: 5764K(5824K)->5764K(5824K) Class: 533K(640K)->533K(640K)
[7.264s][info][gc             ] GC(146) Pause Young (Allocation Failure) 1207M->1207M(1283M) 21.645ms
[7.264s][info][gc,cpu         ] GC(146) User=0.11s Sys=0.02s Real=0.02s
[7.264s][info][gc,start       ] GC(147) Pause Full (Ergonomics)
[7.264s][info][gc,phases,start] GC(147) Marking Phase
[7.539s][info][gc,phases      ] GC(147) Marking Phase 274.327ms
[7.539s][info][gc,phases,start] GC(147) Summary Phase
[7.539s][info][gc,phases      ] GC(147) Summary Phase 0.034ms
[7.539s][info][gc,phases,start] GC(147) Adjust Roots
[7.539s][info][gc,phases      ] GC(147) Adjust Roots 0.144ms
[7.539s][info][gc,phases,start] GC(147) Compaction Phase
[7.645s][info][gc,phases      ] GC(147) Compaction Phase 106.474ms
[7.646s][info][gc,phases,start] GC(147) Post Compact
[7.647s][info][gc,phases      ] GC(147) Post Compact 1.946ms
[7.648s][info][gc,heap        ] GC(147) PSYoungGen: 12896K(78848K)->0K(80896K) Eden: 0K(12800K)->0K(14336K) From: 12896K(66048K)->0K(66560K)
[7.648s][info][gc,heap        ] GC(147) ParOldGen: 1223597K(1234944K)->1234879K(1367552K)
[7.648s][info][gc,metaspace   ] GC(147) Metaspace: 6298K(6464K)->6298K(6464K) NonClass: 5764K(5824K)->5764K(5824K) Class: 533K(640K)->533K(640K)
[7.648s][info][gc             ] GC(147) Pause Full (Ergonomics) 1207M->1205M(1414M) 383.680ms
[7.648s][info][gc,cpu         ] GC(147) User=2.77s Sys=0.02s Real=0.38s
[7.665s][info][gc,start       ] GC(148) Pause Young (Allocation Failure)
[7.680s][info][gc,heap        ] GC(148) PSYoungGen: 14336K(80896K)->14496K(80896K) Eden: 14336K(14336K)->0K(14336K) From: 0K(66560K)->14496K(66560K)
[7.680s][info][gc,heap        ] GC(148) ParOldGen: 1234879K(1367552K)->1234879K(1367552K)
[7.680s][info][gc,metaspace   ] GC(148) Metaspace: 6298K(6464K)->6298K(6464K) NonClass: 5764K(5824K)->5764K(5824K) Class: 533K(640K)->533K(640K)
[7.680s][info][gc             ] GC(148) Pause Young (Allocation Failure) 1219M->1220M(1414M) 14.958ms
[7.680s][info][gc,cpu         ] GC(148) User=0.02s Sys=0.00s Real=0.02s
[7.697s][info][gc,start       ] GC(149) Pause Young (Allocation Failure)
[7.715s][info][gc,heap        ] GC(149) PSYoungGen: 28832K(80896K)->28768K(74752K) Eden: 14336K(14336K)->0K(15872K) From: 14496K(66560K)->28768K(58880K)
[7.715s][info][gc,heap        ] GC(149) ParOldGen: 1234879K(1367552K)->1234879K(1367552K)
[7.715s][info][gc,metaspace   ] GC(149) Metaspace: 6298K(6464K)->6298K(6464K) NonClass: 5764K(5824K)->5764K(5824K) Class: 533K(640K)->533K(640K)
[7.715s][info][gc             ] GC(149) Pause Young (Allocation Failure) 1234M->1234M(1408M) 17.987ms
[7.715s][info][gc,cpu         ] GC(149) User=0.03s Sys=0.00s Real=0.02s
[7.733s][info][gc,start       ] GC(150) Pause Young (Allocation Failure)
[7.757s][info][gc,heap        ] GC(150) PSYoungGen: 44640K(74752K)->44640K(78336K) Eden: 15872K(15872K)->0K(15872K) From: 28768K(58880K)->44640K(62464K)
[7.757s][info][gc,heap        ] GC(150) ParOldGen: 1234879K(1367552K)->1234879K(1367552K)
[7.757s][info][gc,metaspace   ] GC(150) Metaspace: 6298K(6464K)->6298K(6464K) NonClass: 5764K(5824K)->5764K(5824K) Class: 533K(640K)->533K(640K)
[7.757s][info][gc             ] GC(150) Pause Young (Allocation Failure) 1249M->1249M(1412M) 23.899ms
[7.757s][info][gc,cpu         ] GC(150) User=0.12s Sys=0.00s Real=0.02s
[7.776s][info][gc,start       ] GC(151) Pause Young (Allocation Failure)
[7.807s][info][gc,heap        ] GC(151) PSYoungGen: 60512K(78336K)->46240K(80896K) Eden: 15872K(15872K)->0K(15872K) From: 44640K(62464K)->46240K(65024K)
[7.807s][info][gc,heap        ] GC(151) ParOldGen: 1234879K(1367552K)->1249415K(1367552K)
[7.807s][info][gc,metaspace   ] GC(151) Metaspace: 6298K(6464K)->6298K(6464K) NonClass: 5764K(5824K)->5764K(5824K) Class: 533K(640K)->533K(640K)
[7.807s][info][gc             ] GC(151) Pause Young (Allocation Failure) 1265M->1265M(1414M) 31.494ms
[7.807s][info][gc,cpu         ] GC(151) User=0.14s Sys=0.00s Real=0.03s
[7.824s][info][gc,start       ] GC(152) Pause Young (Allocation Failure)
[7.855s][info][gc,heap        ] GC(152) PSYoungGen: 62112K(80896K)->43008K(82944K) Eden: 15872K(15872K)->0K(15872K) From: 46240K(65024K)->43008K(67072K)
[7.855s][info][gc,heap        ] GC(152) ParOldGen: 1249415K(1367552K)->1263967K(1367552K)
[7.855s][info][gc,metaspace   ] GC(152) Metaspace: 6298K(6464K)->6298K(6464K) NonClass: 5764K(5824K)->5764K(5824K) Class: 533K(640K)->533K(640K)
[7.855s][info][gc             ] GC(152) Pause Young (Allocation Failure) 1280M->1276M(1416M) 30.601ms
[7.855s][info][gc,cpu         ] GC(152) User=0.14s Sys=0.00s Real=0.03s
[7.867s][info][gc,start       ] GC(153) Pause Young (Allocation Failure)
[7.895s][info][gc,heap        ] GC(153) PSYoungGen: 58880K(82944K)->35360K(80896K) Eden: 15872K(15872K)->0K(18432K) From: 43008K(67072K)->35360K(62464K)
[7.895s][info][gc,heap        ] GC(153) ParOldGen: 1263967K(1367552K)->1280063K(1367552K)
[7.895s][info][gc,metaspace   ] GC(153) Metaspace: 6298K(6464K)->6298K(6464K) NonClass: 5764K(5824K)->5764K(5824K) Class: 533K(640K)->533K(640K)
[7.895s][info][gc             ] GC(153) Pause Young (Allocation Failure) 1291M->1284M(1414M) 27.890ms
[7.895s][info][gc,cpu         ] GC(153) User=0.14s Sys=0.00s Real=0.03s
[7.913s][info][gc,start       ] GC(154) Pause Young (Allocation Failure)
[7.940s][info][gc,heap        ] GC(154) PSYoungGen: 53792K(80896K)->20864K(82944K) Eden: 18432K(18432K)->0K(18432K) From: 35360K(62464K)->20864K(64512K)
[7.941s][info][gc,heap        ] GC(154) ParOldGen: 1280063K(1367552K)->1307407K(1367552K)
[7.941s][info][gc,metaspace   ] GC(154) Metaspace: 6298K(6464K)->6298K(6464K) NonClass: 5764K(5824K)->5764K(5824K) Class: 533K(640K)->533K(640K)
[7.941s][info][gc             ] GC(154) Pause Young (Allocation Failure) 1302M->1297M(1416M) 27.505ms
[7.941s][info][gc,cpu         ] GC(154) User=0.11s Sys=0.03s Real=0.03s
[7.964s][info][gc,start       ] GC(155) Pause Young (Allocation Failure)
[7.988s][info][gc,heap        ] GC(155) PSYoungGen: 39296K(82944K)->18560K(82944K) Eden: 18432K(18432K)->0K(20992K) From: 20864K(64512K)->18560K(61952K)
[7.988s][info][gc,heap        ] GC(155) ParOldGen: 1307407K(1367552K)->1328423K(1367552K)
[7.988s][info][gc,metaspace   ] GC(155) Metaspace: 6298K(6464K)->6298K(6464K) NonClass: 5764K(5824K)->5764K(5824K) Class: 533K(640K)->533K(640K)
[7.988s][info][gc             ] GC(155) Pause Young (Allocation Failure) 1315M->1315M(1416M) 24.275ms
[7.989s][info][gc,cpu         ] GC(155) User=0.14s Sys=0.00s Real=0.02s
[8.014s][info][gc,start       ] GC(156) Pause Young (Allocation Failure)
[8.038s][info][gc,heap        ] GC(156) PSYoungGen: 39552K(82944K)->21152K(83968K) Eden: 20992K(20992K)->0K(20992K) From: 18560K(61952K)->21152K(62976K)
[8.038s][info][gc,heap        ] GC(156) ParOldGen: 1328423K(1367552K)->1347119K(1367552K)
[8.038s][info][gc,metaspace   ] GC(156) Metaspace: 6298K(6464K)->6298K(6464K) NonClass: 5764K(5824K)->5764K(5824K) Class: 533K(640K)->533K(640K)
[8.038s][info][gc             ] GC(156) Pause Young (Allocation Failure) 1335M->1336M(1417M) 24.192ms
[8.038s][info][gc,cpu         ] GC(156) User=0.12s Sys=0.00s Real=0.02s
[8.038s][info][gc,start       ] GC(157) Pause Full (Ergonomics)
[8.038s][info][gc,phases,start] GC(157) Marking Phase
[8.340s][info][gc,phases      ] GC(157) Marking Phase 302.478ms
[8.340s][info][gc,phases,start] GC(157) Summary Phase
[8.340s][info][gc,phases      ] GC(157) Summary Phase 0.049ms
[8.340s][info][gc,phases,start] GC(157) Adjust Roots
[8.341s][info][gc,phases      ] GC(157) Adjust Roots 0.182ms
[8.341s][info][gc,phases,start] GC(157) Compaction Phase
[8.449s][info][gc,phases      ] GC(157) Compaction Phase 108.797ms
[8.449s][info][gc,phases,start] GC(157) Post Compact
[8.452s][info][gc,phases      ] GC(157) Post Compact 2.413ms
[8.452s][info][gc,heap        ] GC(157) PSYoungGen: 21152K(83968K)->0K(84992K) Eden: 0K(20992K)->0K(23552K) From: 21152K(62976K)->0K(61440K)
[8.452s][info][gc,heap        ] GC(157) ParOldGen: 1347119K(1367552K)->1366316K(1508864K)
[8.452s][info][gc,metaspace   ] GC(157) Metaspace: 6298K(6464K)->6298K(6464K) NonClass: 5764K(5824K)->5764K(5824K) Class: 533K(640K)->533K(640K)
[8.452s][info][gc             ] GC(157) Pause Full (Ergonomics) 1336M->1334M(1556M) 414.713ms
[8.452s][info][gc,cpu         ] GC(157) User=3.12s Sys=0.00s Real=0.41s
[8.481s][info][gc,start       ] GC(158) Pause Young (Allocation Failure)
[8.499s][info][gc,heap        ] GC(158) PSYoungGen: 23552K(84992K)->23712K(84992K) Eden: 23552K(23552K)->0K(23552K) From: 0K(61440K)->23712K(61440K)
[8.499s][info][gc,heap        ] GC(158) ParOldGen: 1366316K(1508864K)->1366316K(1508864K)
[8.499s][info][gc,metaspace   ] GC(158) Metaspace: 6298K(6464K)->6298K(6464K) NonClass: 5764K(5824K)->5764K(5824K) Class: 533K(640K)->533K(640K)
[8.499s][info][gc             ] GC(158) Pause Young (Allocation Failure) 1357M->1357M(1556M) 17.391ms
[8.499s][info][gc,cpu         ] GC(158) User=0.03s Sys=0.00s Real=0.02s
[8.844s][info][gc,start       ] GC(159) Pause Young (Allocation Failure)
[8.902s][info][gc,heap        ] GC(159) PSYoungGen: 47264K(84992K)->47264K(82944K) Eden: 23552K(23552K)->0K(23040K) From: 23712K(61440K)->47264K(59904K)
[8.902s][info][gc,heap        ] GC(159) ParOldGen: 1431852K(1508864K)->1431852K(1508864K)
[8.902s][info][gc,metaspace   ] GC(159) Metaspace: 6298K(6464K)->6298K(6464K) NonClass: 5764K(5824K)->5764K(5824K) Class: 533K(640K)->533K(640K)
[8.902s][info][gc             ] GC(159) Pause Young (Allocation Failure) 1444M->1444M(1554M) 58.243ms
[8.902s][info][gc,cpu         ] GC(159) User=0.30s Sys=0.00s Real=0.06s
[8.923s][info][gc,start       ] GC(160) Pause Young (Allocation Failure)
[8.959s][info][gc,heap        ] GC(160) PSYoungGen: 70304K(82944K)->62976K(86016K) Eden: 23040K(23040K)->0K(23040K) From: 47264K(59904K)->62976K(62976K)
[8.959s][info][gc,heap        ] GC(160) ParOldGen: 1431852K(1508864K)->1439204K(1508864K)
[8.959s][info][gc,metaspace   ] GC(160) Metaspace: 6298K(6464K)->6298K(6464K) NonClass: 5764K(5824K)->5764K(5824K) Class: 533K(640K)->533K(640K)
[8.959s][info][gc             ] GC(160) Pause Young (Allocation Failure) 1466M->1466M(1557M) 36.453ms
[8.959s][info][gc,cpu         ] GC(160) User=0.16s Sys=0.00s Real=0.04s
[8.983s][info][gc,start       ] GC(161) Pause Young (Allocation Failure)
[9.026s][info][gc,heap        ] GC(161) PSYoungGen: 86016K(86016K)->42880K(97792K) Eden: 23040K(23040K)->0K(25600K) From: 62976K(62976K)->42880K(72192K)
[9.026s][info][gc,heap        ] GC(161) ParOldGen: 1439204K(1508864K)->1482956K(1508864K)
[9.026s][info][gc,metaspace   ] GC(161) Metaspace: 6298K(6464K)->6298K(6464K) NonClass: 5764K(5824K)->5764K(5824K) Class: 533K(640K)->533K(640K)
[9.026s][info][gc             ] GC(161) Pause Young (Allocation Failure) 1489M->1490M(1569M) 43.242ms
[9.026s][info][gc,cpu         ] GC(161) User=0.25s Sys=0.00s Real=0.04s
[9.026s][info][gc,start       ] GC(162) Pause Full (Ergonomics)
[9.026s][info][gc,phases,start] GC(162) Marking Phase
[9.351s][info][gc,phases      ] GC(162) Marking Phase 325.295ms
[9.351s][info][gc,phases,start] GC(162) Summary Phase
[9.352s][info][gc,phases      ] GC(162) Summary Phase 0.050ms
[9.352s][info][gc,phases,start] GC(162) Adjust Roots
[9.352s][info][gc,phases      ] GC(162) Adjust Roots 0.159ms
[9.352s][info][gc,phases,start] GC(162) Compaction Phase
[9.588s][info][gc,phases      ] GC(162) Compaction Phase 236.441ms
[9.588s][info][gc,phases,start] GC(162) Post Compact
[9.591s][info][gc,phases      ] GC(162) Post Compact 2.990ms
[9.592s][info][gc,heap        ] GC(162) PSYoungGen: 42880K(97792K)->0K(98816K) Eden: 0K(25600K)->0K(25600K) From: 42880K(72192K)->0K(73216K)
[9.592s][info][gc,heap        ] GC(162) ParOldGen: 1482956K(1508864K)->1492141K(1652736K)
[9.592s][info][gc,metaspace   ] GC(162) Metaspace: 6298K(6464K)->6298K(6464K) NonClass: 5764K(5824K)->5764K(5824K) Class: 533K(640K)->533K(640K)
[9.592s][info][gc             ] GC(162) Pause Full (Ergonomics) 1490M->1457M(1710M) 565.768ms
[9.592s][info][gc,cpu         ] GC(162) User=3.94s Sys=0.03s Real=0.57s
[9.617s][info][gc,start       ] GC(163) Pause Young (Allocation Failure)
[9.638s][info][gc,heap        ] GC(163) PSYoungGen: 25600K(98816K)->25728K(98304K) Eden: 25600K(25600K)->0K(28160K) From: 0K(73216K)->25728K(70144K)
[9.638s][info][gc,heap        ] GC(163) ParOldGen: 1492141K(1652736K)->1492141K(1652736K)
[9.638s][info][gc,metaspace   ] GC(163) Metaspace: 6298K(6464K)->6298K(6464K) NonClass: 5764K(5824K)->5764K(5824K) Class: 533K(640K)->533K(640K)
[9.638s][info][gc             ] GC(163) Pause Young (Allocation Failure) 1482M->1482M(1710M) 21.416ms
[9.638s][info][gc,cpu         ] GC(163) User=0.03s Sys=0.00s Real=0.02s
[9.665s][info][gc,start       ] GC(164) Pause Young (Allocation Failure)
[9.696s][info][gc,heap        ] GC(164) PSYoungGen: 53888K(98304K)->53984K(99840K) Eden: 28160K(28160K)->0K(28160K) From: 25728K(70144K)->53984K(71680K)
[9.696s][info][gc,heap        ] GC(164) ParOldGen: 1492141K(1652736K)->1492141K(1652736K)
[9.696s][info][gc,metaspace   ] GC(164) Metaspace: 6298K(6464K)->6298K(6464K) NonClass: 5764K(5824K)->5764K(5824K) Class: 533K(640K)->533K(640K)
[9.696s][info][gc             ] GC(164) Pause Young (Allocation Failure) 1509M->1509M(1711M) 31.227ms
[9.696s][info][gc,cpu         ] GC(164) User=0.05s Sys=0.00s Real=0.03s
[9.724s][info][gc,start       ] GC(165) Pause Young (Allocation Failure)
[9.767s][info][gc,heap        ] GC(165) PSYoungGen: 82144K(99840K)->74752K(92672K) Eden: 28160K(28160K)->0K(17920K) From: 53984K(71680K)->74752K(74752K)
[9.767s][info][gc,heap        ] GC(165) ParOldGen: 1492141K(1652736K)->1499501K(1652736K)
[9.767s][info][gc,metaspace   ] GC(165) Metaspace: 6298K(6464K)->6298K(6464K) NonClass: 5764K(5824K)->5764K(5824K) Class: 533K(640K)->533K(640K)
[9.767s][info][gc             ] GC(165) Pause Young (Allocation Failure) 1537M->1537M(1704M) 42.288ms
[9.767s][info][gc,cpu         ] GC(165) User=0.14s Sys=0.02s Real=0.04s
[9.785s][info][gc,start       ] GC(166) Pause Young (Allocation Failure)
[9.829s][info][gc,heap        ] GC(166) PSYoungGen: 92672K(92672K)->68128K(105472K) Eden: 17920K(17920K)->0K(17920K) From: 74752K(74752K)->68128K(87552K)
[9.829s][info][gc,heap        ] GC(166) ParOldGen: 1499501K(1652736K)->1524461K(1652736K)
[9.829s][info][gc,metaspace   ] GC(166) Metaspace: 6298K(6464K)->6298K(6464K) NonClass: 5764K(5824K)->5764K(5824K) Class: 533K(640K)->533K(640K)
[9.829s][info][gc             ] GC(166) Pause Young (Allocation Failure) 1554M->1555M(1717M) 43.923ms
[9.829s][info][gc,cpu         ] GC(166) User=0.27s Sys=0.00s Real=0.04s
[9.847s][info][gc,start       ] GC(167) Pause Young (Allocation Failure)
[9.889s][info][gc,heap        ] GC(167) PSYoungGen: 86048K(105472K)->61920K(111616K) Eden: 17920K(17920K)->0K(18432K) From: 68128K(87552K)->61920K(93184K)
[9.889s][info][gc,heap        ] GC(167) ParOldGen: 1524461K(1652736K)->1548869K(1652736K)
[9.889s][info][gc,metaspace   ] GC(167) Metaspace: 6298K(6464K)->6298K(6464K) NonClass: 5764K(5824K)->5764K(5824K) Class: 533K(640K)->533K(640K)
[9.889s][info][gc             ] GC(167) Pause Young (Allocation Failure) 1572M->1573M(1723M) 42.517ms
[9.889s][info][gc,cpu         ] GC(167) User=0.20s Sys=0.05s Real=0.04s
[9.907s][info][gc,start       ] GC(168) Pause Young (Allocation Failure)
[9.949s][info][gc,heap        ] GC(168) PSYoungGen: 80352K(111616K)->54464K(113152K) Eden: 18432K(18432K)->0K(18432K) From: 61920K(93184K)->54464K(94720K)
[9.949s][info][gc,heap        ] GC(168) ParOldGen: 1548869K(1652736K)->1575117K(1652736K)
[9.949s][info][gc,metaspace   ] GC(168) Metaspace: 6298K(6464K)->6298K(6464K) NonClass: 5764K(5824K)->5764K(5824K) Class: 533K(640K)->533K(640K)
[9.949s][info][gc             ] GC(168) Pause Young (Allocation Failure) 1591M->1591M(1724M) 41.930ms
[9.949s][info][gc,cpu         ] GC(168) User=0.12s Sys=0.05s Real=0.04s
[9.968s][info][gc,start       ] GC(169) Pause Young (Allocation Failure)
[10.005s][info][gc,heap        ] GC(169) PSYoungGen: 72896K(113152K)->36992K(108032K) Eden: 18432K(18432K)->0K(20992K) From: 54464K(94720K)->36992K(87040K)
[10.005s][info][gc,heap        ] GC(169) ParOldGen: 1575117K(1652736K)->1611397K(1652736K)
[10.005s][info][gc,metaspace   ] GC(169) Metaspace: 6298K(6464K)->6298K(6464K) NonClass: 5764K(5824K)->5764K(5824K) Class: 533K(640K)->533K(640K)
[10.005s][info][gc             ] GC(169) Pause Young (Allocation Failure) 1609M->1609M(1719M) 37.875ms
[10.005s][info][gc,cpu         ] GC(169) User=0.25s Sys=0.00s Real=0.04s
[10.005s][info][gc,start       ] GC(170) Pause Full (Ergonomics)
[10.005s][info][gc,phases,start] GC(170) Marking Phase
[10.368s][info][gc,phases      ] GC(170) Marking Phase 362.638ms
[10.368s][info][gc,phases,start] GC(170) Summary Phase
[10.368s][info][gc,phases      ] GC(170) Summary Phase 0.054ms
[10.368s][info][gc,phases,start] GC(170) Adjust Roots
[10.368s][info][gc,phases      ] GC(170) Adjust Roots 0.163ms
[10.368s][info][gc,phases,start] GC(170) Compaction Phase
[10.541s][info][gc,phases      ] GC(170) Compaction Phase 172.611ms
[10.541s][info][gc,phases,start] GC(170) Post Compact
[10.544s][info][gc,phases      ] GC(170) Post Compact 2.951ms
[10.545s][info][gc,heap        ] GC(170) PSYoungGen: 36992K(108032K)->0K(111104K) Eden: 0K(20992K)->0K(20992K) From: 36992K(87040K)->0K(90112K)
[10.545s][info][gc,heap        ] GC(170) ParOldGen: 1611397K(1652736K)->1646556K(1827840K)
[10.545s][info][gc,metaspace   ] GC(170) Metaspace: 6298K(6464K)->6298K(6464K) NonClass: 5764K(5824K)->5764K(5824K) Class: 533K(640K)->533K(640K)
[10.545s][info][gc             ] GC(170) Pause Full (Ergonomics) 1609M->1607M(1893M) 539.366ms
[10.545s][info][gc,cpu         ] GC(170) User=3.81s Sys=0.02s Real=0.54s
[10.567s][info][gc,start       ] GC(171) Pause Young (Allocation Failure)
[10.590s][info][gc,heap        ] GC(171) PSYoungGen: 20992K(111104K)->21088K(113152K) Eden: 20992K(20992K)->0K(23552K) From: 0K(90112K)->21088K(89600K)
[10.590s][info][gc,heap        ] GC(171) ParOldGen: 1646556K(1827840K)->1646556K(1827840K)
[10.590s][info][gc,metaspace   ] GC(171) Metaspace: 6298K(6464K)->6298K(6464K) NonClass: 5764K(5824K)->5764K(5824K) Class: 533K(640K)->533K(640K)
[10.590s][info][gc             ] GC(171) Pause Young (Allocation Failure) 1628M->1628M(1895M) 23.210ms
[10.590s][info][gc,cpu         ] GC(171) User=0.03s Sys=0.00s Real=0.02s
[10.616s][info][gc,start       ] GC(172) Pause Young (Allocation Failure)
[10.645s][info][gc,heap        ] GC(172) PSYoungGen: 44640K(113152K)->44736K(68608K) Eden: 23552K(23552K)->0K(23552K) From: 21088K(89600K)->44736K(45056K)
[10.645s][info][gc,heap        ] GC(172) ParOldGen: 1646556K(1827840K)->1646556K(1827840K)
[10.645s][info][gc,metaspace   ] GC(172) Metaspace: 6298K(6464K)->6298K(6464K) NonClass: 5764K(5824K)->5764K(5824K) Class: 533K(640K)->533K(640K)
[10.645s][info][gc             ] GC(172) Pause Young (Allocation Failure) 1651M->1651M(1852M) 29.097ms
[10.646s][info][gc,cpu         ] GC(172) User=0.05s Sys=0.00s Real=0.03s
[10.669s][info][gc,start       ] GC(173) Pause Young (Allocation Failure)
[10.705s][info][gc,heap        ] GC(173) PSYoungGen: 68288K(68608K)->47264K(107008K) Eden: 23552K(23552K)->0K(26624K) From: 44736K(45056K)->47264K(80384K)
[10.706s][info][gc,heap        ] GC(173) ParOldGen: 1646556K(1827840K)->1667836K(1827840K)
[10.706s][info][gc,metaspace   ] GC(173) Metaspace: 6298K(6464K)->6298K(6464K) NonClass: 5764K(5824K)->5764K(5824K) Class: 533K(640K)->533K(640K)
[10.706s][info][gc             ] GC(173) Pause Young (Allocation Failure) 1674M->1674M(1889M) 36.323ms
[10.706s][info][gc,cpu         ] GC(173) User=0.14s Sys=0.02s Real=0.04s
[10.734s][info][gc,start       ] GC(174) Pause Young (Allocation Failure)
[10.773s][info][gc,heap        ] GC(174) PSYoungGen: 73888K(107008K)->50368K(109568K) Eden: 26624K(26624K)->0K(26624K) From: 47264K(80384K)->50368K(82944K)
[10.773s][info][gc,heap        ] GC(174) ParOldGen: 1667836K(1827840K)->1691716K(1827840K)
[10.773s][info][gc,metaspace   ] GC(174) Metaspace: 6298K(6464K)->6298K(6464K) NonClass: 5764K(5824K)->5764K(5824K) Class: 533K(640K)->533K(640K)
[10.773s][info][gc             ] GC(174) Pause Young (Allocation Failure) 1700M->1701M(1892M) 39.181ms
[10.773s][info][gc,cpu         ] GC(174) User=0.16s Sys=0.00s Real=0.04s
[10.801s][info][gc,start       ] GC(175) Pause Young (Allocation Failure)
[10.842s][info][gc,heap        ] GC(175) PSYoungGen: 76992K(109568K)->53408K(111104K) Eden: 26624K(26624K)->0K(29696K) From: 50368K(82944K)->53408K(81408K)
[10.842s][info][gc,heap        ] GC(175) ParOldGen: 1691716K(1827840K)->1715596K(1827840K)
[10.842s][info][gc,metaspace   ] GC(175) Metaspace: 6298K(6464K)->6298K(6464K) NonClass: 5764K(5824K)->5764K(5824K) Class: 533K(640K)->533K(640K)
[10.842s][info][gc             ] GC(175) Pause Young (Allocation Failure) 1727M->1727M(1893M) 40.579ms
[10.842s][info][gc,cpu         ] GC(175) User=0.14s Sys=0.02s Real=0.04s
[10.874s][info][gc,start       ] GC(176) Pause Young (Allocation Failure)
[10.917s][info][gc,heap        ] GC(176) PSYoungGen: 83104K(111104K)->56448K(111104K) Eden: 29696K(29696K)->0K(29696K) From: 53408K(81408K)->56448K(81408K)
[10.917s][info][gc,heap        ] GC(176) ParOldGen: 1715596K(1827840K)->1742596K(1827840K)
[10.917s][info][gc,metaspace   ] GC(176) Metaspace: 6298K(6464K)->6298K(6464K) NonClass: 5764K(5824K)->5764K(5824K) Class: 533K(640K)->533K(640K)
[10.917s][info][gc             ] GC(176) Pause Young (Allocation Failure) 1756M->1756M(1893M) 43.809ms
[10.918s][info][gc,cpu         ] GC(176) User=0.25s Sys=0.00s Real=0.04s
[10.950s][info][gc,start       ] GC(177) Pause Young (Allocation Failure)
[10.994s][info][gc,heap        ] GC(177) PSYoungGen: 86144K(111104K)->59584K(114176K) Eden: 29696K(29696K)->0K(32256K) From: 56448K(81408K)->59584K(81920K)
[10.994s][info][gc,heap        ] GC(177) ParOldGen: 1742596K(1827840K)->1769588K(1827840K)
[10.994s][info][gc,metaspace   ] GC(177) Metaspace: 6298K(6464K)->6298K(6464K) NonClass: 5764K(5824K)->5764K(5824K) Class: 533K(640K)->533K(640K)
[10.994s][info][gc             ] GC(177) Pause Young (Allocation Failure) 1785M->1786M(1896M) 43.994ms
[10.994s][info][gc,cpu         ] GC(177) User=0.23s Sys=0.02s Real=0.04s
[11.027s][info][gc,start       ] GC(178) Pause Young (Allocation Failure)
[11.073s][info][gc,heap        ] GC(178) PSYoungGen: 91840K(114176K)->62176K(115200K) Eden: 32256K(32256K)->0K(32256K) From: 59584K(81920K)->62176K(82944K)
[11.073s][info][gc,heap        ] GC(178) ParOldGen: 1769588K(1827840K)->1799708K(1827840K)
[11.073s][info][gc,metaspace   ] GC(178) Metaspace: 6298K(6464K)->6298K(6464K) NonClass: 5764K(5824K)->5764K(5824K) Class: 533K(640K)->533K(640K)
[11.074s][info][gc             ] GC(178) Pause Young (Allocation Failure) 1817M->1818M(1897M) 46.620ms
[11.074s][info][gc,cpu         ] GC(178) User=0.38s Sys=0.00s Real=0.05s
[11.074s][info][gc,start       ] GC(179) Pause Full (Ergonomics)
[11.074s][info][gc,phases,start] GC(179) Marking Phase
[11.485s][info][gc,phases      ] GC(179) Marking Phase 410.973ms
[11.485s][info][gc,phases,start] GC(179) Summary Phase
[11.485s][info][gc,phases      ] GC(179) Summary Phase 0.030ms
[11.485s][info][gc,phases,start] GC(179) Adjust Roots
[11.485s][info][gc,phases      ] GC(179) Adjust Roots 0.235ms
[11.485s][info][gc,phases,start] GC(179) Compaction Phase
[12.004s][info][gc,phases      ] GC(179) Compaction Phase 519.240ms
[12.004s][info][gc,phases,start] GC(179) Post Compact
[12.008s][info][gc,phases      ] GC(179) Post Compact 3.627ms
[12.009s][info][gc,heap        ] GC(179) PSYoungGen: 62176K(115200K)->31747K(115200K) Eden: 0K(32256K)->0K(32256K) From: 62176K(82944K)->31747K(82944K)
[12.009s][info][gc,heap        ] GC(179) ParOldGen: 1799708K(1827840K)->1827557K(2024960K)
[12.009s][info][gc,metaspace   ] GC(179) Metaspace: 6298K(6464K)->6298K(6464K) NonClass: 5764K(5824K)->5764K(5824K) Class: 533K(640K)->533K(640K)
[12.009s][info][gc             ] GC(179) Pause Full (Ergonomics) 1818M->1815M(2090M) 935.253ms
[12.009s][info][gc,cpu         ] GC(179) User=6.64s Sys=0.03s Real=0.93s
[12.049s][info][gc,start       ] GC(180) Pause Young (Allocation Failure)
[12.155s][info][gc,heap        ] GC(180) PSYoungGen: 64003K(115200K)->49056K(112128K) Eden: 32256K(32256K)->0K(35328K) From: 31747K(82944K)->49056K(76800K)
[12.155s][info][gc,heap        ] GC(180) ParOldGen: 1827557K(2024960K)->1842885K(2024960K)
[12.155s][info][gc,metaspace   ] GC(180) Metaspace: 6298K(6464K)->6298K(6464K) NonClass: 5764K(5824K)->5764K(5824K) Class: 533K(640K)->533K(640K)
[12.155s][info][gc             ] GC(180) Pause Young (Allocation Failure) 1847M->1847M(2087M) 105.921ms
[12.155s][info][gc,cpu         ] GC(180) User=0.66s Sys=0.09s Real=0.11s
[12.198s][info][gc,start       ] GC(181) Pause Young (Allocation Failure)
[12.242s][info][gc,heap        ] GC(181) PSYoungGen: 84384K(112128K)->81408K(116736K) Eden: 35328K(35328K)->0K(35328K) From: 49056K(76800K)->81408K(81408K)
[12.242s][info][gc,heap        ] GC(181) ParOldGen: 1842885K(2024960K)->1845885K(2024960K)
[12.242s][info][gc,metaspace   ] GC(181) Metaspace: 6298K(6464K)->6298K(6464K) NonClass: 5764K(5824K)->5764K(5824K) Class: 533K(640K)->533K(640K)
[12.242s][info][gc             ] GC(181) Pause Young (Allocation Failure) 1882M->1882M(2091M) 44.104ms
[12.242s][info][gc,cpu         ] GC(181) User=0.27s Sys=0.00s Real=0.04s
[12.282s][info][gc,start       ] GC(182) Pause Young (Allocation Failure)
[12.341s][info][gc,heap        ] GC(182) PSYoungGen: 116736K(116736K)->70336K(127488K) Eden: 35328K(35328K)->0K(36352K) From: 81408K(81408K)->70336K(91136K)
[12.341s][info][gc,heap        ] GC(182) ParOldGen: 1845885K(2024960K)->1892981K(2024960K)
[12.341s][info][gc,metaspace   ] GC(182) Metaspace: 6298K(6464K)->6298K(6464K) NonClass: 5764K(5824K)->5764K(5824K) Class: 533K(640K)->533K(640K)
[12.341s][info][gc             ] GC(182) Pause Young (Allocation Failure) 1916M->1917M(2102M) 58.957ms
[12.341s][info][gc,cpu         ] GC(182) User=0.38s Sys=0.00s Real=0.06s
[12.383s][info][gc,start       ] GC(183) Pause Young (Allocation Failure)
[12.439s][info][gc,heap        ] GC(183) PSYoungGen: 106688K(127488K)->93696K(130048K) Eden: 36352K(36352K)->0K(36352K) From: 70336K(91136K)->93696K(93696K)
[12.439s][info][gc,heap        ] GC(183) ParOldGen: 1892981K(2024960K)->1906053K(2024960K)
[12.439s][info][gc,metaspace   ] GC(183) Metaspace: 6298K(6464K)->6298K(6464K) NonClass: 5764K(5824K)->5764K(5824K) Class: 533K(640K)->533K(640K)
[12.439s][info][gc             ] GC(183) Pause Young (Allocation Failure) 1952M->1952M(2104M) 55.755ms
[12.439s][info][gc,cpu         ] GC(183) User=0.34s Sys=0.03s Real=0.06s
[12.485s][info][gc,start       ] GC(184) Pause Young (Allocation Failure)
[12.553s][info][gc,heap        ] GC(184) PSYoungGen: 130048K(130048K)->67456K(144896K) Eden: 36352K(36352K)->0K(40448K) From: 93696K(93696K)->67456K(104448K)
[12.553s][info][gc,heap        ] GC(184) ParOldGen: 1906053K(2024960K)->1969637K(2024960K)
[12.553s][info][gc,metaspace   ] GC(184) Metaspace: 6298K(6464K)->6298K(6464K) NonClass: 5764K(5824K)->5764K(5824K) Class: 533K(640K)->533K(640K)
[12.553s][info][gc             ] GC(184) Pause Young (Allocation Failure) 1988M->1989M(2119M) 67.597ms
[12.553s][info][gc,cpu         ] GC(184) User=0.48s Sys=0.02s Real=0.07s
[12.553s][info][gc,start       ] GC(185) Pause Full (Ergonomics)
[12.553s][info][gc,phases,start] GC(185) Marking Phase
[13.005s][info][gc,phases      ] GC(185) Marking Phase 451.575ms
[13.005s][info][gc,phases,start] GC(185) Summary Phase
[13.005s][info][gc,phases      ] GC(185) Summary Phase 0.038ms
[13.005s][info][gc,phases,start] GC(185) Adjust Roots
[13.005s][info][gc,phases      ] GC(185) Adjust Roots 0.155ms
[13.005s][info][gc,phases,start] GC(185) Compaction Phase
[13.181s][info][gc,phases      ] GC(185) Compaction Phase 176.371ms
[13.181s][info][gc,phases,start] GC(185) Post Compact
[13.185s][info][gc,phases      ] GC(185) Post Compact 3.954ms
[13.186s][info][gc,heap        ] GC(185) PSYoungGen: 67456K(144896K)->9914K(147456K) Eden: 0K(40448K)->0K(43008K) From: 67456K(104448K)->9914K(104448K)
[13.186s][info][gc,heap        ] GC(185) ParOldGen: 1969637K(2024960K)->2024857K(2256384K)
[13.186s][info][gc,metaspace   ] GC(185) Metaspace: 6298K(6464K)->6298K(6464K) NonClass: 5764K(5824K)->5764K(5824K) Class: 533K(640K)->533K(640K)
[13.186s][info][gc             ] GC(185) Pause Full (Ergonomics) 1989M->1987M(2347M) 633.237ms
[13.186s][info][gc,cpu         ] GC(185) User=4.72s Sys=0.05s Real=0.63s
[13.233s][info][gc,start       ] GC(186) Pause Young (Allocation Failure)
[13.342s][info][gc,heap        ] GC(186) PSYoungGen: 52922K(147456K)->50624K(150016K) Eden: 43008K(43008K)->0K(43008K) From: 9914K(104448K)->50624K(107008K)
[13.342s][info][gc,heap        ] GC(186) ParOldGen: 2024857K(2256384K)->2027409K(2256384K)
[13.342s][info][gc,metaspace   ] GC(186) Metaspace: 6298K(6464K)->6298K(6464K) NonClass: 5764K(5824K)->5764K(5824K) Class: 533K(640K)->533K(640K)
[13.342s][info][gc             ] GC(186) Pause Young (Allocation Failure) 2029M->2029M(2350M) 108.930ms
[13.342s][info][gc,cpu         ] GC(186) User=0.67s Sys=0.00s Real=0.11s
[13.389s][info][gc,start       ] GC(187) Pause Young (Allocation Failure)
[13.442s][info][gc,heap        ] GC(187) PSYoungGen: 93632K(150016K)->93728K(143360K) Eden: 43008K(43008K)->0K(38912K) From: 50624K(107008K)->93728K(104448K)
[13.442s][info][gc,heap        ] GC(187) ParOldGen: 2027409K(2256384K)->2027409K(2256384K)
[13.442s][info][gc,metaspace   ] GC(187) Metaspace: 6298K(6464K)->6298K(6464K) NonClass: 5764K(5824K)->5764K(5824K) Class: 533K(640K)->533K(640K)
[13.442s][info][gc             ] GC(187) Pause Young (Allocation Failure) 2071M->2071M(2343M) 53.220ms
[13.442s][info][gc,cpu         ] GC(187) User=0.31s Sys=0.03s Real=0.05s
[13.483s][info][gc,start       ] GC(188) Pause Young (Allocation Failure)
[13.551s][info][gc,heap        ] GC(188) PSYoungGen: 132640K(143360K)->112640K(151552K) Eden: 38912K(38912K)->0K(38912K) From: 93728K(104448K)->112640K(112640K)
[13.551s][info][gc,heap        ] GC(188) ParOldGen: 2027409K(2256384K)->2047537K(2256384K)
[13.551s][info][gc,metaspace   ] GC(188) Metaspace: 6298K(6464K)->6298K(6464K) NonClass: 5764K(5824K)->5764K(5824K) Class: 533K(640K)->533K(640K)
[13.551s][info][gc             ] GC(188) Pause Young (Allocation Failure) 2109M->2109M(2351M) 67.907ms
[13.551s][info][gc,cpu         ] GC(188) User=0.41s Sys=0.00s Real=0.07s
[13.593s][info][gc,start       ] GC(189) Pause Young (Allocation Failure)
[13.677s][info][gc,heap        ] GC(189) PSYoungGen: 151552K(151552K)->109088K(168960K) Eden: 38912K(38912K)->0K(35328K) From: 112640K(112640K)->109088K(133632K)
[13.677s][info][gc,heap        ] GC(189) ParOldGen: 2047537K(2256384K)->2090673K(2256384K)
[13.677s][info][gc,metaspace   ] GC(189) Metaspace: 6298K(6464K)->6298K(6464K) NonClass: 5764K(5824K)->5764K(5824K) Class: 533K(640K)->533K(640K)
[13.677s][info][gc             ] GC(189) Pause Young (Allocation Failure) 2147M->2148M(2368M) 83.726ms
[13.677s][info][gc,cpu         ] GC(189) User=0.55s Sys=0.08s Real=0.08s
[13.721s][info][gc,start       ] GC(190) Pause Young (Allocation Failure)
[13.800s][info][gc,heap        ] GC(190) PSYoungGen: 144416K(168960K)->107072K(176640K) Eden: 35328K(35328K)->0K(35328K) From: 109088K(133632K)->107072K(141312K)
[13.800s][info][gc,heap        ] GC(190) ParOldGen: 2090673K(2256384K)->2128513K(2256384K)
[13.800s][info][gc,metaspace   ] GC(190) Metaspace: 6298K(6464K)->6298K(6464K) NonClass: 5764K(5824K)->5764K(5824K) Class: 533K(640K)->533K(640K)
[13.800s][info][gc             ] GC(190) Pause Young (Allocation Failure) 2182M->2183M(2376M) 78.711ms
[13.800s][info][gc,cpu         ] GC(190) User=0.52s Sys=0.00s Real=0.08s
[13.844s][info][gc,start       ] GC(191) Pause Young (Allocation Failure)
[13.918s][info][gc,heap        ] GC(191) PSYoungGen: 142400K(176640K)->109856K(181248K) Eden: 35328K(35328K)->0K(34304K) From: 107072K(141312K)->109856K(146944K)
[13.918s][info][gc,heap        ] GC(191) ParOldGen: 2128513K(2256384K)->2161505K(2256384K)
[13.918s][info][gc,metaspace   ] GC(191) Metaspace: 6298K(6464K)->6298K(6464K) NonClass: 5764K(5824K)->5764K(5824K) Class: 533K(640K)->533K(640K)
[13.918s][info][gc             ] GC(191) Pause Young (Allocation Failure) 2217M->2218M(2380M) 74.444ms
[13.918s][info][gc,cpu         ] GC(191) User=0.47s Sys=0.05s Real=0.07s
[13.957s][info][gc,start       ] GC(192) Pause Young (Allocation Failure)
[14.030s][info][gc,heap        ] GC(192) PSYoungGen: 144160K(181248K)->105280K(186368K) Eden: 34304K(34304K)->0K(34304K) From: 109856K(146944K)->105280K(152064K)
[14.030s][info][gc,heap        ] GC(192) ParOldGen: 2161505K(2256384K)->2200921K(2256384K)
[14.030s][info][gc,metaspace   ] GC(192) Metaspace: 6298K(6464K)->6298K(6464K) NonClass: 5764K(5824K)->5764K(5824K) Class: 533K(640K)->533K(640K)
[14.030s][info][gc             ] GC(192) Pause Young (Allocation Failure) 2251M->2252M(2385M) 72.881ms
[14.030s][info][gc,cpu         ] GC(192) User=0.52s Sys=0.00s Real=0.07s
[14.030s][info][gc,start       ] GC(193) Pause Full (Ergonomics)
[14.030s][info][gc,phases,start] GC(193) Marking Phase
[14.552s][info][gc,phases      ] GC(193) Marking Phase 522.197ms
[14.552s][info][gc,phases,start] GC(193) Summary Phase
[14.552s][info][gc,phases      ] GC(193) Summary Phase 0.043ms
[14.552s][info][gc,phases,start] GC(193) Adjust Roots
[14.552s][info][gc,phases      ] GC(193) Adjust Roots 0.171ms
[14.552s][info][gc,phases,start] GC(193) Compaction Phase
[14.752s][info][gc,phases      ] GC(193) Compaction Phase 199.855ms
[14.752s][info][gc,phases,start] GC(193) Post Compact
[14.757s][info][gc,phases      ] GC(193) Post Compact 4.770ms
[14.758s][info][gc,heap        ] GC(193) PSYoungGen: 105280K(186368K)->47143K(186368K) Eden: 0K(34304K)->0K(34304K) From: 105280K(152064K)->47143K(152064K)
[14.758s][info][gc,heap        ] GC(193) ParOldGen: 2200921K(2256384K)->2256213K(2506752K)
[14.758s][info][gc,metaspace   ] GC(193) Metaspace: 6298K(6464K)->6298K(6464K) NonClass: 5764K(5824K)->5764K(5824K) Class: 533K(640K)->533K(640K)
[14.758s][info][gc             ] GC(193) Pause Full (Ergonomics) 2252M->2249M(2630M) 728.588ms
[14.758s][info][gc,cpu         ] GC(193) User=5.38s Sys=0.08s Real=0.73s
[14.799s][info][gc,start       ] GC(194) Pause Young (Allocation Failure)
[14.942s][info][gc,heap        ] GC(194) PSYoungGen: 81447K(186368K)->67712K(181760K) Eden: 34304K(34304K)->0K(37888K) From: 47143K(152064K)->67712K(143872K)
[14.942s][info][gc,heap        ] GC(194) ParOldGen: 2256213K(2506752K)->2270365K(2506752K)
[14.942s][info][gc,metaspace   ] GC(194) Metaspace: 6298K(6464K)->6298K(6464K) NonClass: 5764K(5824K)->5764K(5824K) Class: 533K(640K)->533K(640K)
[14.942s][info][gc             ] GC(194) Pause Young (Allocation Failure) 2282M->2283M(2625M) 142.570ms
[14.942s][info][gc,cpu         ] GC(194) User=0.89s Sys=0.02s Real=0.14s
[14.985s][info][gc,start       ] GC(195) Pause Young (Allocation Failure)
[15.041s][info][gc,heap        ] GC(195) PSYoungGen: 105600K(181760K)->90592K(187392K) Eden: 37888K(37888K)->0K(37888K) From: 67712K(143872K)->90592K(149504K)
[15.041s][info][gc,heap        ] GC(195) ParOldGen: 2270365K(2506752K)->2285637K(2506752K)
[15.041s][info][gc,metaspace   ] GC(195) Metaspace: 6298K(6464K)->6298K(6464K) NonClass: 5764K(5824K)->5764K(5824K) Class: 533K(640K)->533K(640K)
[15.041s][info][gc             ] GC(195) Pause Young (Allocation Failure) 2320M->2320M(2631M) 56.558ms
[15.041s][info][gc,cpu         ] GC(195) User=0.38s Sys=0.00s Real=0.06s
[15.086s][info][gc,start       ] GC(196) Pause Young (Allocation Failure)
[15.151s][info][gc,heap        ] GC(196) PSYoungGen: 128480K(187392K)->110432K(184320K) Eden: 37888K(37888K)->0K(37888K) From: 90592K(149504K)->110432K(146432K)
[15.151s][info][gc,heap        ] GC(196) ParOldGen: 2285637K(2506752K)->2303941K(2506752K)
[15.151s][info][gc,metaspace   ] GC(196) Metaspace: 6298K(6464K)->6298K(6464K) NonClass: 5764K(5824K)->5764K(5824K) Class: 533K(640K)->533K(640K)
[15.152s][info][gc             ] GC(196) Pause Young (Allocation Failure) 2357M->2357M(2628M) 65.432ms
[15.152s][info][gc,cpu         ] GC(196) User=0.38s Sys=0.03s Real=0.07s
[15.199s][info][gc,start       ] GC(197) Pause Young (Allocation Failure)
[15.279s][info][gc,heap        ] GC(197) PSYoungGen: 148320K(184320K)->113984K(188416K) Eden: 37888K(37888K)->0K(37888K) From: 110432K(146432K)->113984K(150528K)
[15.279s][info][gc,heap        ] GC(197) ParOldGen: 2303941K(2506752K)->2338557K(2506752K)
[15.279s][info][gc,metaspace   ] GC(197) Metaspace: 6298K(6464K)->6298K(6464K) NonClass: 5764K(5824K)->5764K(5824K) Class: 533K(640K)->533K(640K)
[15.279s][info][gc             ] GC(197) Pause Young (Allocation Failure) 2394M->2395M(2632M) 80.086ms
[15.279s][info][gc,cpu         ] GC(197) User=0.61s Sys=0.02s Real=0.08s
[15.324s][info][gc,start       ] GC(198) Pause Young (Allocation Failure)
[15.407s][info][gc,heap        ] GC(198) PSYoungGen: 151872K(188416K)->113920K(194048K) Eden: 37888K(37888K)->0K(39424K) From: 113984K(150528K)->113920K(154624K)
[15.407s][info][gc,heap        ] GC(198) ParOldGen: 2338557K(2506752K)->2376813K(2506752K)
[15.407s][info][gc,metaspace   ] GC(198) Metaspace: 6298K(6464K)->6298K(6464K) NonClass: 5764K(5824K)->5764K(5824K) Class: 533K(640K)->533K(640K)
[15.407s][info][gc             ] GC(198) Pause Young (Allocation Failure) 2432M->2432M(2637M) 82.976ms
[15.407s][info][gc,cpu         ] GC(198) User=0.47s Sys=0.03s Real=0.08s
[15.453s][info][gc,start       ] GC(199) Pause Young (Allocation Failure)
[15.538s][info][gc,heap        ] GC(199) PSYoungGen: 153344K(194048K)->115456K(197120K) Eden: 39424K(39424K)->0K(39424K) From: 113920K(154624K)->115456K(157696K)
[15.538s][info][gc,heap        ] GC(199) ParOldGen: 2376813K(2506752K)->2415053K(2506752K)
[15.538s][info][gc,metaspace   ] GC(199) Metaspace: 6298K(6464K)->6298K(6464K) NonClass: 5764K(5824K)->5764K(5824K) Class: 533K(640K)->533K(640K)
[15.538s][info][gc             ] GC(199) Pause Young (Allocation Failure) 2470M->2471M(2640M) 84.830ms
[15.538s][info][gc,cpu         ] GC(199) User=0.52s Sys=0.02s Real=0.09s
[15.583s][info][gc,start       ] GC(200) Pause Young (Allocation Failure)
[15.673s][info][gc,heap        ] GC(200) PSYoungGen: 154880K(197120K)->79072K(195584K) Eden: 39424K(39424K)->0K(44544K) From: 115456K(157696K)->79072K(151040K)
[15.673s][info][gc,heap        ] GC(200) ParOldGen: 2415053K(2506752K)->2491485K(2506752K)
[15.673s][info][gc,metaspace   ] GC(200) Metaspace: 6298K(6464K)->6298K(6464K) NonClass: 5764K(5824K)->5764K(5824K) Class: 533K(640K)->533K(640K)
[15.673s][info][gc             ] GC(200) Pause Young (Allocation Failure) 2509M->2510M(2639M) 89.592ms
[15.673s][info][gc,cpu         ] GC(200) User=0.64s Sys=0.00s Real=0.09s
[15.673s][info][gc,start       ] GC(201) Pause Full (Ergonomics)
[15.673s][info][gc,phases,start] GC(201) Marking Phase
[16.236s][info][gc,phases      ] GC(201) Marking Phase 562.887ms
[16.236s][info][gc,phases,start] GC(201) Summary Phase
[16.236s][info][gc,phases      ] GC(201) Summary Phase 0.036ms
[16.236s][info][gc,phases,start] GC(201) Adjust Roots
[16.236s][info][gc,phases      ] GC(201) Adjust Roots 0.162ms
[16.236s][info][gc,phases,start] GC(201) Compaction Phase
[16.464s][info][gc,phases      ] GC(201) Compaction Phase 227.898ms
[16.464s][info][gc,phases,start] GC(201) Post Compact
[16.469s][info][gc,phases      ] GC(201) Post Compact 4.949ms
[16.470s][info][gc,heap        ] GC(201) PSYoungGen: 79072K(195584K)->61398K(200192K) Eden: 0K(44544K)->0K(49152K) From: 79072K(151040K)->61398K(151040K)
[16.470s][info][gc,heap        ] GC(201) ParOldGen: 2491485K(2506752K)->2506442K(2787328K)
[16.470s][info][gc,metaspace   ] GC(201) Metaspace: 6298K(6464K)->6298K(6464K) NonClass: 5764K(5824K)->5764K(5824K) Class: 533K(640K)->533K(640K)
[16.470s][info][gc             ] GC(201) Pause Full (Ergonomics) 2510M->2507M(2917M) 797.244ms
[16.470s][info][gc,cpu         ] GC(201) User=5.98s Sys=0.02s Real=0.80s
[16.530s][info][gc,start       ] GC(202) Pause Young (Allocation Failure)
[16.692s][info][gc,heap        ] GC(202) PSYoungGen: 110550K(200192K)->49312K(204800K) Eden: 49152K(49152K)->0K(49152K) From: 61398K(151040K)->49312K(155648K)
[16.692s][info][gc,heap        ] GC(202) ParOldGen: 2506442K(2787328K)->2568450K(2787328K)
[16.692s][info][gc,metaspace   ] GC(202) Metaspace: 6298K(6464K)->6298K(6464K) NonClass: 5764K(5824K)->5764K(5824K) Class: 533K(640K)->533K(640K)
[16.692s][info][gc             ] GC(202) Pause Young (Allocation Failure) 2555M->2556M(2922M) 162.456ms
[16.692s][info][gc,cpu         ] GC(202) User=1.00s Sys=0.03s Real=0.16s
[16.751s][info][gc,start       ] GC(203) Pause Young (Allocation Failure)
[16.809s][info][gc,heap        ] GC(203) PSYoungGen: 98464K(204800K)->49344K(209920K) Eden: 49152K(49152K)->0K(54272K) From: 49312K(155648K)->49344K(155648K)
[16.809s][info][gc,heap        ] GC(203) ParOldGen: 2568450K(2787328K)->2618042K(2787328K)
[16.809s][info][gc,metaspace   ] GC(203) Metaspace: 6298K(6464K)->6298K(6464K) NonClass: 5764K(5824K)->5764K(5824K) Class: 533K(640K)->533K(640K)
[16.809s][info][gc             ] GC(203) Pause Young (Allocation Failure) 2604M->2604M(2927M) 58.365ms
[16.810s][info][gc,cpu         ] GC(203) User=0.34s Sys=0.03s Real=0.06s
[16.875s][info][gc,start       ] GC(204) Pause Young (Allocation Failure)
[16.935s][info][gc,heap        ] GC(204) PSYoungGen: 103616K(209920K)->54496K(210432K) Eden: 54272K(54272K)->0K(54272K) From: 49344K(155648K)->54496K(156160K)
[16.935s][info][gc,heap        ] GC(204) ParOldGen: 2618042K(2787328K)->2667650K(2787328K)
[16.935s][info][gc,metaspace   ] GC(204) Metaspace: 6298K(6464K)->6298K(6464K) NonClass: 5764K(5824K)->5764K(5824K) Class: 533K(640K)->533K(640K)
[16.935s][info][gc             ] GC(204) Pause Young (Allocation Failure) 2657M->2658M(2927M) 59.892ms
[16.935s][info][gc,cpu         ] GC(204) User=0.33s Sys=0.03s Real=0.06s
[16.994s][info][gc,start       ] GC(205) Pause Young (Allocation Failure)
[17.056s][info][gc,heap        ] GC(205) PSYoungGen: 108768K(210432K)->54496K(207872K) Eden: 54272K(54272K)->0K(59904K) From: 54496K(156160K)->54496K(147968K)
[17.056s][info][gc,heap        ] GC(205) ParOldGen: 2667650K(2787328K)->2722426K(2787328K)
[17.056s][info][gc,metaspace   ] GC(205) Metaspace: 6298K(6464K)->6298K(6464K) NonClass: 5764K(5824K)->5764K(5824K) Class: 533K(640K)->533K(640K)
[17.056s][info][gc             ] GC(205) Pause Young (Allocation Failure) 2711M->2711M(2925M) 61.844ms
[17.056s][info][gc,cpu         ] GC(205) User=0.34s Sys=0.05s Real=0.06s
[17.056s][info][gc,start       ] GC(206) Pause Full (Ergonomics)
[17.056s][info][gc,phases,start] GC(206) Marking Phase
[17.683s][info][gc,phases      ] GC(206) Marking Phase 627.140ms
[17.684s][info][gc,phases,start] GC(206) Summary Phase
[17.684s][info][gc,phases      ] GC(206) Summary Phase 0.067ms
[17.684s][info][gc,phases,start] GC(206) Adjust Roots
[17.684s][info][gc,phases      ] GC(206) Adjust Roots 0.154ms
[17.684s][info][gc,phases,start] GC(206) Compaction Phase
[17.907s][info][gc,phases      ] GC(206) Compaction Phase 223.615ms
[17.907s][info][gc,phases,start] GC(206) Post Compact
[17.912s][info][gc,phases      ] GC(206) Post Compact 4.896ms
[17.913s][info][gc,heap        ] GC(206) PSYoungGen: 54496K(207872K)->0K(210944K) Eden: 0K(59904K)->0K(59904K) From: 54496K(147968K)->0K(151040K)
[17.913s][info][gc,heap        ] GC(206) ParOldGen: 2722426K(2787328K)->2774568K(3086848K)
[17.913s][info][gc,metaspace   ] GC(206) Metaspace: 6298K(6464K)->6298K(6464K) NonClass: 5764K(5824K)->5764K(5824K) Class: 533K(640K)->533K(640K)
[17.914s][info][gc             ] GC(206) Pause Full (Ergonomics) 2711M->2709M(3220M) 857.206ms
[17.914s][info][gc,cpu         ] GC(206) User=6.53s Sys=0.02s Real=0.86s
[17.984s][info][gc,start       ] GC(207) Pause Young (Allocation Failure)
[18.021s][info][gc,heap        ] GC(207) PSYoungGen: 59904K(210944K)->60160K(207872K) Eden: 59904K(59904K)->0K(65536K) From: 0K(151040K)->60160K(142336K)
[18.021s][info][gc,heap        ] GC(207) ParOldGen: 2774568K(3086848K)->2774568K(3086848K)
[18.021s][info][gc,metaspace   ] GC(207) Metaspace: 6298K(6464K)->6298K(6464K) NonClass: 5764K(5824K)->5764K(5824K) Class: 533K(640K)->533K(640K)
[18.021s][info][gc             ] GC(207) Pause Young (Allocation Failure) 2768M->2768M(3217M) 37.285ms
[18.021s][info][gc,cpu         ] GC(207) User=0.17s Sys=0.00s Real=0.04s
[18.687s][info][gc,start       ] GC(208) Pause Young (Allocation Failure)
[18.820s][info][gc,heap        ] GC(208) PSYoungGen: 125696K(207872K)->125760K(212480K) Eden: 65536K(65536K)->0K(65536K) From: 60160K(142336K)->125760K(146944K)
[18.820s][info][gc,heap        ] GC(208) ParOldGen: 2905640K(3086848K)->2905640K(3086848K)
[18.820s][info][gc,metaspace   ] GC(208) Metaspace: 6298K(6464K)->6298K(6464K) NonClass: 5764K(5824K)->5764K(5824K) Class: 533K(640K)->533K(640K)
[18.820s][info][gc             ] GC(208) Pause Young (Allocation Failure) 2960M->2960M(3222M) 133.276ms
[18.820s][info][gc,cpu         ] GC(208) User=0.72s Sys=0.00s Real=0.13s
[18.887s][info][gc,start       ] GC(209) Pause Young (Allocation Failure)
[18.980s][info][gc,heap        ] GC(209) PSYoungGen: 191296K(212480K)->158208K(195584K) Eden: 65536K(65536K)->0K(37376K) From: 125760K(146944K)->158208K(158208K)
[18.980s][info][gc,heap        ] GC(209) ParOldGen: 2905640K(3086848K)->2938984K(3086848K)
[18.980s][info][gc,metaspace   ] GC(209) Metaspace: 6298K(6464K)->6298K(6464K) NonClass: 5764K(5824K)->5764K(5824K) Class: 533K(640K)->533K(640K)
[18.980s][info][gc             ] GC(209) Pause Young (Allocation Failure) 3024M->3024M(3205M) 93.351ms
[18.980s][info][gc,cpu         ] GC(209) User=0.56s Sys=0.05s Real=0.09s
[19.016s][info][gc,start       ] GC(210) Pause Young (Allocation Failure)
[19.109s][info][gc,heap        ] GC(210) PSYoungGen: 195584K(195584K)->92928K(130560K) Eden: 37376K(37376K)->0K(37376K) From: 158208K(158208K)->92928K(93184K)
[19.109s][info][gc,heap        ] GC(210) ParOldGen: 2938984K(3086848K)->3042552K(3086848K)
[19.109s][info][gc,metaspace   ] GC(210) Metaspace: 6298K(6464K)->6298K(6464K) NonClass: 5764K(5824K)->5764K(5824K) Class: 533K(640K)->533K(640K)
[19.109s][info][gc             ] GC(210) Pause Young (Allocation Failure) 3061M->3061M(3142M) 92.857ms
[19.109s][info][gc,cpu         ] GC(210) User=0.56s Sys=0.05s Real=0.09s
[19.109s][info][gc,start       ] GC(211) Pause Full (Ergonomics)
[19.109s][info][gc,phases,start] GC(211) Marking Phase
[19.796s][info][gc,phases      ] GC(211) Marking Phase 686.918ms
[19.796s][info][gc,phases,start] GC(211) Summary Phase
[19.796s][info][gc,phases      ] GC(211) Summary Phase 0.076ms
[19.796s][info][gc,phases,start] GC(211) Adjust Roots
[19.796s][info][gc,phases      ] GC(211) Adjust Roots 0.157ms
[19.796s][info][gc,phases,start] GC(211) Compaction Phase
[20.267s][info][gc,phases      ] GC(211) Compaction Phase 471.125ms
[20.267s][info][gc,phases,start] GC(211) Post Compact
[20.274s][info][gc,phases      ] GC(211) Post Compact 6.393ms
[20.275s][info][gc,heap        ] GC(211) PSYoungGen: 92928K(130560K)->0K(223232K) Eden: 0K(37376K)->0K(41472K) From: 92928K(93184K)->0K(181760K)
[20.275s][info][gc,heap        ] GC(211) ParOldGen: 3042552K(3086848K)->3068330K(3415040K)
[20.275s][info][gc,metaspace   ] GC(211) Metaspace: 6298K(6464K)->6298K(6464K) NonClass: 5764K(5824K)->5764K(5824K) Class: 533K(640K)->533K(640K)
[20.275s][info][gc             ] GC(211) Pause Full (Ergonomics) 3061M->2996M(3553M) 1166.235ms
[20.275s][info][gc,cpu         ] GC(211) User=8.20s Sys=0.02s Real=1.17s
[20.316s][info][gc,start       ] GC(212) Pause Young (Allocation Failure)
[20.360s][info][gc,heap        ] GC(212) PSYoungGen: 41472K(223232K)->41696K(223232K) Eden: 41472K(41472K)->0K(41472K) From: 0K(181760K)->41696K(181760K)
[20.360s][info][gc,heap        ] GC(212) ParOldGen: 3068330K(3415040K)->3068330K(3415040K)
[20.360s][info][gc,metaspace   ] GC(212) Metaspace: 6298K(6464K)->6298K(6464K) NonClass: 5764K(5824K)->5764K(5824K) Class: 533K(640K)->533K(640K)
[20.360s][info][gc             ] GC(212) Pause Young (Allocation Failure) 3036M->3037M(3553M) 43.642ms
[20.360s][info][gc,cpu         ] GC(212) User=0.06s Sys=0.00s Real=0.04s
[20.401s][info][gc,start       ] GC(213) Pause Young (Allocation Failure)
[20.455s][info][gc,heap        ] GC(213) PSYoungGen: 83168K(223232K)->83200K(209920K) Eden: 41472K(41472K)->0K(45568K) From: 41696K(181760K)->83200K(164352K)
[20.455s][info][gc,heap        ] GC(213) ParOldGen: 3068330K(3415040K)->3068330K(3415040K)
[20.455s][info][gc,metaspace   ] GC(213) Metaspace: 6298K(6464K)->6298K(6464K) NonClass: 5764K(5824K)->5764K(5824K) Class: 533K(640K)->533K(640K)
[20.455s][info][gc             ] GC(213) Pause Young (Allocation Failure) 3077M->3077M(3540M) 54.634ms
[20.455s][info][gc,cpu         ] GC(213) User=0.14s Sys=0.02s Real=0.06s
[20.508s][info][gc,start       ] GC(214) Pause Young (Allocation Failure)
[20.576s][info][gc,heap        ] GC(214) PSYoungGen: 128768K(209920K)->128832K(218112K) Eden: 45568K(45568K)->0K(45568K) From: 83200K(164352K)->128832K(172544K)
[20.576s][info][gc,heap        ] GC(214) ParOldGen: 3068330K(3415040K)->3068330K(3415040K)
[20.576s][info][gc,metaspace   ] GC(214) Metaspace: 6298K(6464K)->6298K(6464K) NonClass: 5764K(5824K)->5764K(5824K) Class: 533K(640K)->533K(640K)
[20.576s][info][gc             ] GC(214) Pause Young (Allocation Failure) 3122M->3122M(3548M) 68.846ms
[20.576s][info][gc,cpu         ] GC(214) User=0.33s Sys=0.00s Real=0.07s
[20.627s][info][gc,start       ] GC(215) Pause Young (Allocation Failure)
[20.710s][info][gc,heap        ] GC(215) PSYoungGen: 174400K(218112K)->174496K(207872K) Eden: 45568K(45568K)->0K(28160K) From: 128832K(172544K)->174496K(179712K)
[20.710s][info][gc,heap        ] GC(215) ParOldGen: 3068330K(3415040K)->3068330K(3415040K)
[20.710s][info][gc,metaspace   ] GC(215) Metaspace: 6298K(6464K)->6298K(6464K) NonClass: 5764K(5824K)->5764K(5824K) Class: 533K(640K)->533K(640K)
[20.710s][info][gc             ] GC(215) Pause Young (Allocation Failure) 3166M->3166M(3538M) 82.375ms
[20.710s][info][gc,cpu         ] GC(215) User=0.44s Sys=0.00s Real=0.08s
[20.737s][info][gc,start       ] GC(216) Pause Young (Allocation Failure)
[20.826s][info][gc,heap        ] GC(216) PSYoungGen: 202656K(207872K)->201728K(229888K) Eden: 28160K(28160K)->0K(28160K) From: 174496K(179712K)->201728K(201728K)
[20.826s][info][gc,heap        ] GC(216) ParOldGen: 3068330K(3415040K)->3069162K(3415040K)
[20.826s][info][gc,metaspace   ] GC(216) Metaspace: 6298K(6464K)->6298K(6464K) NonClass: 5764K(5824K)->5764K(5824K) Class: 533K(640K)->533K(640K)
[20.826s][info][gc             ] GC(216) Pause Young (Allocation Failure) 3194M->3194M(3559M) 89.208ms
[20.826s][info][gc,cpu         ] GC(216) User=0.64s Sys=0.00s Real=0.09s
[20.854s][info][gc,start       ] GC(217) Pause Young (Allocation Failure)
[20.959s][info][gc,heap        ] GC(217) PSYoungGen: 229888K(229888K)->188512K(243712K) Eden: 28160K(28160K)->0K(14336K) From: 201728K(201728K)->188512K(229376K)
[20.959s][info][gc,heap        ] GC(217) ParOldGen: 3069162K(3415040K)->3111018K(3415040K)
[20.959s][info][gc,metaspace   ] GC(217) Metaspace: 6298K(6464K)->6298K(6464K) NonClass: 5764K(5824K)->5764K(5824K) Class: 533K(640K)->533K(640K)
[20.959s][info][gc             ] GC(217) Pause Young (Allocation Failure) 3221M->3222M(3573M) 105.144ms
[20.959s][info][gc,cpu         ] GC(217) User=0.80s Sys=0.08s Real=0.11s
[20.973s][info][gc,start       ] GC(218) Pause Young (Allocation Failure)
[21.067s][info][gc,heap        ] GC(218) PSYoungGen: 202848K(243712K)->116224K(130560K) Eden: 14336K(14336K)->0K(14336K) From: 188512K(229376K)->116224K(116224K)
[21.067s][info][gc,heap        ] GC(218) ParOldGen: 3111018K(3415040K)->3198266K(3415040K)
[21.067s][info][gc,metaspace   ] GC(218) Metaspace: 6298K(6464K)->6298K(6464K) NonClass: 5764K(5824K)->5764K(5824K) Class: 533K(640K)->533K(640K)
[21.068s][info][gc             ] GC(218) Pause Young (Allocation Failure) 3236M->3236M(3462M) 94.605ms
[21.068s][info][gc,cpu         ] GC(218) User=0.61s Sys=0.03s Real=0.09s
[21.082s][info][gc,start       ] GC(219) Pause Young (Allocation Failure)
[21.149s][info][gc,heap        ] GC(219) PSYoungGen: 130560K(130560K)->56992K(248832K) Eden: 14336K(14336K)->0K(16896K) From: 116224K(116224K)->56992K(231936K)
[21.149s][info][gc,heap        ] GC(219) ParOldGen: 3198266K(3415040K)->3272370K(3415040K)
[21.149s][info][gc,metaspace   ] GC(219) Metaspace: 6298K(6464K)->6298K(6464K) NonClass: 5764K(5824K)->5764K(5824K) Class: 533K(640K)->533K(640K)
[21.149s][info][gc             ] GC(219) Pause Young (Allocation Failure) 3250M->3251M(3578M) 66.639ms
[21.149s][info][gc,cpu         ] GC(219) User=0.39s Sys=0.00s Real=0.07s
[21.166s][info][gc,start       ] GC(220) Pause Young (Allocation Failure)
[21.218s][info][gc,heap        ] GC(220) PSYoungGen: 73888K(248832K)->31392K(249856K) Eden: 16896K(16896K)->0K(16896K) From: 56992K(231936K)->31392K(232960K)
[21.218s][info][gc,heap        ] GC(220) ParOldGen: 3272370K(3415040K)->3315218K(3415040K)
[21.218s][info][gc,metaspace   ] GC(220) Metaspace: 6298K(6464K)->6298K(6464K) NonClass: 5764K(5824K)->5764K(5824K) Class: 533K(640K)->533K(640K)
[21.218s][info][gc             ] GC(220) Pause Young (Allocation Failure) 3267M->3268M(3579M) 51.854ms
[21.218s][info][gc,cpu         ] GC(220) User=0.17s Sys=0.02s Real=0.05s
[21.218s][info][gc,start       ] GC(221) Pause Full (Ergonomics)
[21.218s][info][gc,phases,start] GC(221) Marking Phase
[21.981s][info][gc,phases      ] GC(221) Marking Phase 762.566ms
[21.981s][info][gc,phases,start] GC(221) Summary Phase
[21.981s][info][gc,phases      ] GC(221) Summary Phase 0.077ms
[21.981s][info][gc,phases,start] GC(221) Adjust Roots
[21.981s][info][gc,phases      ] GC(221) Adjust Roots 0.160ms
[21.981s][info][gc,phases,start] GC(221) Compaction Phase
[22.286s][info][gc,phases      ] GC(221) Compaction Phase 304.648ms
[22.286s][info][gc,phases,start] GC(221) Post Compact
[22.292s][info][gc,phases      ] GC(221) Post Compact 6.204ms
[22.293s][info][gc,heap        ] GC(221) PSYoungGen: 31392K(249856K)->0K(254464K) Eden: 0K(16896K)->0K(19968K) From: 31392K(232960K)->0K(234496K)
[22.293s][info][gc,heap        ] GC(221) ParOldGen: 3315218K(3415040K)->3344017K(3725312K)
[22.293s][info][gc,metaspace   ] GC(221) Metaspace: 6298K(6464K)->6298K(6464K) NonClass: 5764K(5824K)->5764K(5824K) Class: 533K(640K)->533K(640K)
[22.293s][info][gc             ] GC(221) Pause Full (Ergonomics) 3268M->3265M(3886M) 1075.241ms
[22.293s][info][gc,cpu         ] GC(221) User=7.81s Sys=0.00s Real=1.07s
[22.314s][info][gc,start       ] GC(222) Pause Young (Allocation Failure)
[22.347s][info][gc,heap        ] GC(222) PSYoungGen: 19968K(254464K)->20128K(254464K) Eden: 19968K(19968K)->0K(19968K) From: 0K(234496K)->20128K(234496K)
[22.347s][info][gc,heap        ] GC(222) ParOldGen: 3344017K(3725312K)->3344017K(3725312K)
[22.347s][info][gc,metaspace   ] GC(222) Metaspace: 6298K(6464K)->6298K(6464K) NonClass: 5764K(5824K)->5764K(5824K) Class: 533K(640K)->533K(640K)
[22.348s][info][gc             ] GC(222) Pause Young (Allocation Failure) 3285M->3285M(3886M) 33.465ms
[22.348s][info][gc,cpu         ] GC(222) User=0.03s Sys=0.00s Real=0.03s
[22.370s][info][gc,start       ] GC(223) Pause Young (Allocation Failure)
[22.411s][info][gc,heap        ] GC(223) PSYoungGen: 40096K(254464K)->20096K(254976K) Eden: 19968K(19968K)->0K(22528K) From: 20128K(234496K)->20096K(232448K)
[22.411s][info][gc,heap        ] GC(223) ParOldGen: 3344017K(3725312K)->3364169K(3725312K)
[22.411s][info][gc,metaspace   ] GC(223) Metaspace: 6298K(6464K)->6298K(6464K) NonClass: 5764K(5824K)->5764K(5824K) Class: 533K(640K)->533K(640K)
[22.411s][info][gc             ] GC(223) Pause Young (Allocation Failure) 3304M->3304M(3887M) 41.500ms
[22.411s][info][gc,cpu         ] GC(223) User=0.05s Sys=0.00s Real=0.04s
[22.435s][info][gc,start       ] GC(224) Pause Young (Allocation Failure)
[22.478s][info][gc,heap        ] GC(224) PSYoungGen: 42624K(254976K)->22656K(45568K) Eden: 22528K(22528K)->0K(22528K) From: 20096K(232448K)->22656K(23040K)
[22.478s][info][gc,heap        ] GC(224) ParOldGen: 3364169K(3725312K)->3384329K(3725312K)
[22.478s][info][gc,metaspace   ] GC(224) Metaspace: 6298K(6464K)->6298K(6464K) NonClass: 5764K(5824K)->5764K(5824K) Class: 533K(640K)->533K(640K)
[22.478s][info][gc             ] GC(224) Pause Young (Allocation Failure) 3326M->3327M(3682M) 42.562ms
[22.478s][info][gc,cpu         ] GC(224) User=0.05s Sys=0.02s Real=0.04s
[22.501s][info][gc,start       ] GC(225) Pause Young (Allocation Failure)
[22.545s][info][gc,heap        ] GC(225) PSYoungGen: 45184K(45568K)->22688K(246784K) Eden: 22528K(22528K)->0K(25600K) From: 22656K(23040K)->22688K(221184K)
[22.545s][info][gc,heap        ] GC(225) ParOldGen: 3384329K(3725312K)->3407065K(3725312K)
[22.545s][info][gc,metaspace   ] GC(225) Metaspace: 6298K(6464K)->6298K(6464K) NonClass: 5764K(5824K)->5764K(5824K) Class: 533K(640K)->533K(640K)
[22.545s][info][gc             ] GC(225) Pause Young (Allocation Failure) 3349M->3349M(3879M) 44.139ms
[22.545s][info][gc,cpu         ] GC(225) User=0.08s Sys=0.00s Real=0.04s
[22.575s][info][gc,start       ] GC(226) Pause Young (Allocation Failure)
[22.622s][info][gc,heap        ] GC(226) PSYoungGen: 48288K(246784K)->25728K(51712K) Eden: 25600K(25600K)->0K(25600K) From: 22688K(221184K)->25728K(26112K)
[22.622s][info][gc,heap        ] GC(226) ParOldGen: 3407065K(3725312K)->3429801K(3725312K)
[22.622s][info][gc,metaspace   ] GC(226) Metaspace: 6298K(6464K)->6298K(6464K) NonClass: 5764K(5824K)->5764K(5824K) Class: 533K(640K)->533K(640K)
[22.622s][info][gc             ] GC(226) Pause Young (Allocation Failure) 3374M->3374M(3688M) 47.625ms
[22.622s][info][gc,cpu         ] GC(226) User=0.27s Sys=0.00s Real=0.05s
[22.648s][info][gc,start       ] GC(227) Pause Young (Allocation Failure)
[22.692s][info][gc,heap        ] GC(227) PSYoungGen: 51328K(51712K)->25728K(232960K) Eden: 25600K(25600K)->0K(29184K) From: 25728K(26112K)->25728K(203776K)
[22.692s][info][gc,heap        ] GC(227) ParOldGen: 3429801K(3725312K)->3455625K(3725312K)
[22.692s][info][gc,metaspace   ] GC(227) Metaspace: 6298K(6464K)->6298K(6464K) NonClass: 5764K(5824K)->5764K(5824K) Class: 533K(640K)->533K(640K)
[22.692s][info][gc             ] GC(227) Pause Young (Allocation Failure) 3399M->3399M(3865M) 43.993ms
[22.692s][info][gc,cpu         ] GC(227) User=0.11s Sys=0.05s Real=0.05s
[22.718s][info][gc,start       ] GC(228) Pause Young (Allocation Failure)
[22.767s][info][gc,heap        ] GC(228) PSYoungGen: 54912K(232960K)->29344K(58880K) Eden: 29184K(29184K)->0K(29184K) From: 25728K(203776K)->29344K(29696K)
[22.767s][info][gc,heap        ] GC(228) ParOldGen: 3455625K(3725312K)->3481457K(3725312K)
[22.767s][info][gc,metaspace   ] GC(228) Metaspace: 6298K(6464K)->6298K(6464K) NonClass: 5764K(5824K)->5764K(5824K) Class: 533K(640K)->533K(640K)
[22.767s][info][gc             ] GC(228) Pause Young (Allocation Failure) 3428M->3428M(3695M) 49.037ms
[22.767s][info][gc,cpu         ] GC(228) User=0.16s Sys=0.00s Real=0.05s
[22.795s][info][gc,start       ] GC(229) Pause Young (Allocation Failure)
[22.848s][info][gc,heap        ] GC(229) PSYoungGen: 58528K(58880K)->29376K(220160K) Eden: 29184K(29184K)->0K(33280K) From: 29344K(29696K)->29376K(186880K)
[22.848s][info][gc,heap        ] GC(229) ParOldGen: 3481457K(3725312K)->3510905K(3725312K)
[22.848s][info][gc,metaspace   ] GC(229) Metaspace: 6298K(6464K)->6298K(6464K) NonClass: 5764K(5824K)->5764K(5824K) Class: 533K(640K)->533K(640K)
[22.848s][info][gc             ] GC(229) Pause Young (Allocation Failure) 3457M->3457M(3853M) 53.525ms
[22.849s][info][gc,cpu         ] GC(229) User=0.14s Sys=0.02s Real=0.05s
[22.882s][info][gc,start       ] GC(230) Pause Young (Allocation Failure)
[22.931s][info][gc,heap        ] GC(230) PSYoungGen: 62656K(220160K)->33440K(67072K) Eden: 33280K(33280K)->0K(33280K) From: 29376K(186880K)->33440K(33792K)
[22.931s][info][gc,heap        ] GC(230) ParOldGen: 3510905K(3725312K)->3540345K(3725312K)
[22.932s][info][gc,metaspace   ] GC(230) Metaspace: 6298K(6464K)->6298K(6464K) NonClass: 5764K(5824K)->5764K(5824K) Class: 533K(640K)->533K(640K)
[22.932s][info][gc             ] GC(230) Pause Young (Allocation Failure) 3489M->3490M(3703M) 49.587ms
[22.932s][info][gc,cpu         ] GC(230) User=0.19s Sys=0.00s Real=0.05s
[22.966s][info][gc,start       ] GC(231) Pause Young (Allocation Failure)
[23.023s][info][gc,heap        ] GC(231) PSYoungGen: 66720K(67072K)->33472K(205312K) Eden: 33280K(33280K)->0K(37376K) From: 33440K(33792K)->33472K(167936K)
[23.023s][info][gc,heap        ] GC(231) ParOldGen: 3540345K(3725312K)->3573921K(3725312K)
[23.023s][info][gc,metaspace   ] GC(231) Metaspace: 6298K(6464K)->6298K(6464K) NonClass: 5764K(5824K)->5764K(5824K) Class: 533K(640K)->533K(640K)
[23.023s][info][gc             ] GC(231) Pause Young (Allocation Failure) 3522M->3522M(3838M) 57.437ms
[23.024s][info][gc,cpu         ] GC(231) User=0.17s Sys=0.00s Real=0.06s
[23.063s][info][gc,start       ] GC(232) Pause Young (Allocation Failure)
[23.119s][info][gc,heap        ] GC(232) PSYoungGen: 70848K(205312K)->37536K(75264K) Eden: 37376K(37376K)->0K(37376K) From: 33472K(167936K)->37536K(37888K)
[23.119s][info][gc,heap        ] GC(232) ParOldGen: 3573921K(3725312K)->3607505K(3725312K)
[23.119s][info][gc,metaspace   ] GC(232) Metaspace: 6298K(6464K)->6298K(6464K) NonClass: 5764K(5824K)->5764K(5824K) Class: 533K(640K)->533K(640K)
[23.119s][info][gc             ] GC(232) Pause Young (Allocation Failure) 3559M->3559M(3711M) 55.374ms
[23.119s][info][gc,cpu         ] GC(232) User=0.14s Sys=0.03s Real=0.06s
[23.158s][info][gc,start       ] GC(233) Pause Young (Allocation Failure)
[23.213s][info][gc,heap        ] GC(233) PSYoungGen: 74912K(75264K)->37536K(190464K) Eden: 37376K(37376K)->0K(41984K) From: 37536K(37888K)->37536K(148480K)
[23.213s][info][gc,heap        ] GC(233) ParOldGen: 3607505K(3725312K)->3645225K(3725312K)
[23.213s][info][gc,metaspace   ] GC(233) Metaspace: 6298K(6464K)->6298K(6464K) NonClass: 5764K(5824K)->5764K(5824K) Class: 533K(640K)->533K(640K)
[23.213s][info][gc             ] GC(233) Pause Young (Allocation Failure) 3596M->3596M(3824M) 55.044ms
[23.213s][info][gc,cpu         ] GC(233) User=0.17s Sys=0.00s Real=0.06s
[23.254s][info][gc,start       ] GC(234) Pause Young (Allocation Failure)
[23.309s][info][gc,heap        ] GC(234) PSYoungGen: 79520K(190464K)->42176K(84480K) Eden: 41984K(41984K)->0K(41984K) From: 37536K(148480K)->42176K(42496K)
[23.309s][info][gc,heap        ] GC(234) ParOldGen: 3645225K(3725312K)->3682945K(3725312K)
[23.309s][info][gc,metaspace   ] GC(234) Metaspace: 6298K(6464K)->6298K(6464K) NonClass: 5764K(5824K)->5764K(5824K) Class: 533K(640K)->533K(640K)
[23.309s][info][gc             ] GC(234) Pause Young (Allocation Failure) 3637M->3637M(3720M) 54.825ms
[23.309s][info][gc,cpu         ] GC(234) User=0.12s Sys=0.03s Real=0.05s
[23.309s][info][gc,start       ] GC(235) Pause Full (Ergonomics)
[23.309s][info][gc,phases,start] GC(235) Marking Phase
[24.167s][info][gc,phases      ] GC(235) Marking Phase 857.899ms
[24.167s][info][gc,phases,start] GC(235) Summary Phase
[24.167s][info][gc,phases      ] GC(235) Summary Phase 0.093ms
[24.167s][info][gc,phases,start] GC(235) Adjust Roots
[24.167s][info][gc,phases      ] GC(235) Adjust Roots 0.232ms
[24.167s][info][gc,phases,start] GC(235) Compaction Phase
[24.548s][info][gc,phases      ] GC(235) Compaction Phase 380.895ms
[24.548s][info][gc,phases,start] GC(235) Post Compact
[24.555s][info][gc,phases      ] GC(235) Post Compact 6.805ms
[24.556s][info][gc,heap        ] GC(235) PSYoungGen: 42176K(84480K)->0K(196096K) Eden: 0K(41984K)->0K(47104K) From: 42176K(42496K)->0K(148992K)
[24.556s][info][gc,heap        ] GC(235) ParOldGen: 3682945K(3725312K)->3721472K(4089344K)
[24.556s][info][gc,metaspace   ] GC(235) Metaspace: 6298K(6464K)->6298K(6464K) NonClass: 5764K(5824K)->5764K(5824K) Class: 533K(640K)->533K(640K)
[24.556s][info][gc             ] GC(235) Pause Full (Ergonomics) 3637M->3634M(4185M) 1247.426ms
[24.556s][info][gc,cpu         ] GC(235) User=8.97s Sys=0.00s Real=1.25s
[24.605s][info][gc,start       ] GC(236) Pause Young (Allocation Failure)
[24.654s][info][gc,heap        ] GC(236) PSYoungGen: 47104K(196096K)->47296K(94720K) Eden: 47104K(47104K)->0K(47104K) From: 0K(148992K)->47296K(47616K)
[24.654s][info][gc,heap        ] GC(236) ParOldGen: 3721472K(4089344K)->3721472K(4089344K)
[24.654s][info][gc,metaspace   ] GC(236) Metaspace: 6298K(6464K)->6298K(6464K) NonClass: 5764K(5824K)->5764K(5824K) Class: 533K(640K)->533K(640K)
[24.654s][info][gc             ] GC(236) Pause Young (Allocation Failure) 3680M->3680M(4086M) 49.153ms
[24.654s][info][gc,cpu         ] GC(236) User=0.09s Sys=0.00s Real=0.05s
[24.700s][info][gc,start       ] GC(237) Pause Young (Allocation Failure)
[24.758s][info][gc,heap        ] GC(237) PSYoungGen: 94400K(94720K)->94496K(183808K) Eden: 47104K(47104K)->0K(44032K) From: 47296K(47616K)->94496K(139776K)
[24.759s][info][gc,heap        ] GC(237) ParOldGen: 3721472K(4089344K)->3721472K(4089344K)
[24.759s][info][gc,metaspace   ] GC(237) Metaspace: 6298K(6464K)->6298K(6464K) NonClass: 5764K(5824K)->5764K(5824K) Class: 533K(640K)->533K(640K)
[24.759s][info][gc             ] GC(237) Pause Young (Allocation Failure) 3726M->3726M(4173M) 58.460ms
[24.759s][info][gc,cpu         ] GC(237) User=0.19s Sys=0.00s Real=0.06s
[24.806s][info][gc,start       ] GC(238) Pause Young (Allocation Failure)
[24.877s][info][gc,heap        ] GC(238) PSYoungGen: 138528K(183808K)->138592K(191488K) Eden: 44032K(44032K)->0K(44032K) From: 94496K(139776K)->138592K(147456K)
[24.877s][info][gc,heap        ] GC(238) ParOldGen: 3721472K(4089344K)->3721472K(4089344K)
[24.877s][info][gc,metaspace   ] GC(238) Metaspace: 6298K(6464K)->6298K(6464K) NonClass: 5764K(5824K)->5764K(5824K) Class: 533K(640K)->533K(640K)
[24.877s][info][gc             ] GC(238) Pause Young (Allocation Failure) 3769M->3769M(4180M) 71.240ms
[24.877s][info][gc,cpu         ] GC(238) User=0.33s Sys=0.00s Real=0.07s
[24.924s][info][gc,start       ] GC(239) Pause Young (Allocation Failure)
[25.013s][info][gc,heap        ] GC(239) PSYoungGen: 182624K(191488K)->135488K(201728K) Eden: 44032K(44032K)->0K(32768K) From: 138592K(147456K)->135488K(168960K)
[25.013s][info][gc,heap        ] GC(239) ParOldGen: 3721472K(4089344K)->3768992K(4089344K)
[25.013s][info][gc,metaspace   ] GC(239) Metaspace: 6298K(6464K)->6298K(6464K) NonClass: 5764K(5824K)->5764K(5824K) Class: 533K(640K)->533K(640K)
[25.013s][info][gc             ] GC(239) Pause Young (Allocation Failure) 3812M->3812M(4190M) 88.643ms
[25.013s][info][gc,cpu         ] GC(239) User=0.61s Sys=0.02s Real=0.09s
[25.046s][info][gc,start       ] GC(240) Pause Young (Allocation Failure)
[25.128s][info][gc,heap        ] GC(240) PSYoungGen: 168256K(201728K)->121120K(218112K) Eden: 32768K(32768K)->0K(32768K) From: 135488K(168960K)->121120K(185344K)
[25.128s][info][gc,heap        ] GC(240) ParOldGen: 3768992K(4089344K)->3816536K(4089344K)
[25.128s][info][gc,metaspace   ] GC(240) Metaspace: 6298K(6464K)->6298K(6464K) NonClass: 5764K(5824K)->5764K(5824K) Class: 533K(640K)->533K(640K)
[25.128s][info][gc             ] GC(240) Pause Young (Allocation Failure) 3844M->3845M(4206M) 82.155ms
[25.128s][info][gc,cpu         ] GC(240) User=0.39s Sys=0.05s Real=0.08s
[25.160s][info][gc,start       ] GC(241) Pause Young (Allocation Failure)
[25.237s][info][gc,heap        ] GC(241) PSYoungGen: 153888K(218112K)->109824K(228864K) Eden: 32768K(32768K)->0K(35840K) From: 121120K(185344K)->109824K(193024K)
[25.237s][info][gc,heap        ] GC(241) ParOldGen: 3816536K(4089344K)->3860960K(4089344K)
[25.237s][info][gc,metaspace   ] GC(241) Metaspace: 6298K(6464K)->6298K(6464K) NonClass: 5764K(5824K)->5764K(5824K) Class: 533K(640K)->533K(640K)
[25.238s][info][gc             ] GC(241) Pause Young (Allocation Failure) 3877M->3877M(4217M) 77.874ms
[25.238s][info][gc,cpu         ] GC(241) User=0.52s Sys=0.00s Real=0.08s
[25.272s][info][gc,start       ] GC(242) Pause Young (Allocation Failure)
[25.348s][info][gc,heap        ] GC(242) PSYoungGen: 145664K(228864K)->68800K(104960K) Eden: 35840K(35840K)->0K(35840K) From: 109824K(193024K)->68800K(69120K)
[25.348s][info][gc,heap        ] GC(242) ParOldGen: 3860960K(4089344K)->3938424K(4089344K)
[25.348s][info][gc,metaspace   ] GC(242) Metaspace: 6298K(6464K)->6298K(6464K) NonClass: 5764K(5824K)->5764K(5824K) Class: 533K(640K)->533K(640K)
[25.348s][info][gc             ] GC(242) Pause Young (Allocation Failure) 3912M->3913M(4096M) 75.578ms
[25.348s][info][gc,cpu         ] GC(242) User=0.42s Sys=0.09s Real=0.08s
[25.384s][info][gc,start       ] GC(243) Pause Young (Allocation Failure)
[25.448s][info][gc,heap        ] GC(243) PSYoungGen: 104640K(104960K)->36032K(217600K) Eden: 35840K(35840K)->0K(40448K) From: 68800K(69120K)->36032K(177152K)
[25.448s][info][gc,heap        ] GC(243) ParOldGen: 3938424K(4089344K)->4007600K(4089344K)
[25.448s][info][gc,metaspace   ] GC(243) Metaspace: 6298K(6464K)->6298K(6464K) NonClass: 5764K(5824K)->5764K(5824K) Class: 533K(640K)->533K(640K)
[25.448s][info][gc             ] GC(243) Pause Young (Allocation Failure) 3948M->3948M(4206M) 64.318ms
[25.448s][info][gc,cpu         ] GC(243) User=0.31s Sys=0.05s Real=0.06s
[25.449s][info][gc,start       ] GC(244) Pause Full (Ergonomics)
[25.449s][info][gc,phases,start] GC(244) Marking Phase
[26.378s][info][gc,phases      ] GC(244) Marking Phase 929.778ms
[26.378s][info][gc,phases,start] GC(244) Summary Phase
[26.378s][info][gc,phases      ] GC(244) Summary Phase 0.096ms
[26.378s][info][gc,phases,start] GC(244) Adjust Roots
[26.379s][info][gc,phases      ] GC(244) Adjust Roots 0.187ms
[26.379s][info][gc,phases,start] GC(244) Compaction Phase
[26.719s][info][gc,phases      ] GC(244) Compaction Phase 340.774ms
[26.720s][info][gc,phases,start] GC(244) Post Compact
[26.726s][info][gc,phases      ] GC(244) Post Compact 6.666ms
[26.728s][info][gc,heap        ] GC(244) PSYoungGen: 36032K(217600K)->0K(221184K) Eden: 0K(40448K)->0K(40448K) From: 36032K(177152K)->0K(180736K)
[26.728s][info][gc,heap        ] GC(244) ParOldGen: 4007600K(4089344K)->4040707K(4470272K)
[26.728s][info][gc,metaspace   ] GC(244) Metaspace: 6298K(6464K)->6298K(6464K) NonClass: 5764K(5824K)->5764K(5824K) Class: 533K(640K)->533K(640K)
[26.728s][info][gc             ] GC(244) Pause Full (Ergonomics) 3948M->3946M(4581M) 1279.130ms
[26.728s][info][gc,cpu         ] GC(244) User=9.61s Sys=0.00s Real=1.28s
[26.775s][info][gc,start       ] GC(245) Pause Young (Allocation Failure)
[26.821s][info][gc,heap        ] GC(245) PSYoungGen: 40448K(221184K)->40640K(213504K) Eden: 40448K(40448K)->0K(44544K) From: 0K(180736K)->40640K(168960K)
[26.821s][info][gc,heap        ] GC(245) ParOldGen: 4040707K(4470272K)->4040707K(4470272K)
[26.821s][info][gc,metaspace   ] GC(245) Metaspace: 6298K(6464K)->6298K(6464K) NonClass: 5764K(5824K)->5764K(5824K) Class: 533K(640K)->533K(640K)
[26.821s][info][gc             ] GC(245) Pause Young (Allocation Failure) 3985M->3985M(4574M) 45.677ms
[26.821s][info][gc,cpu         ] GC(245) User=0.14s Sys=0.00s Real=0.05s
[26.876s][info][gc,start       ] GC(246) Pause Young (Allocation Failure)
[26.935s][info][gc,heap        ] GC(246) PSYoungGen: 85184K(213504K)->85248K(130048K) Eden: 44544K(44544K)->0K(44544K) From: 40640K(168960K)->85248K(85504K)
[26.935s][info][gc,heap        ] GC(246) ParOldGen: 4040707K(4470272K)->4040707K(4470272K)
[26.935s][info][gc,metaspace   ] GC(246) Metaspace: 6298K(6464K)->6298K(6464K) NonClass: 5764K(5824K)->5764K(5824K) Class: 533K(640K)->533K(640K)
[26.935s][info][gc             ] GC(246) Pause Young (Allocation Failure) 4029M->4029M(4492M) 59.005ms
[26.935s][info][gc,cpu         ] GC(246) User=0.17s Sys=0.00s Real=0.06s
[26.981s][info][gc,start       ] GC(247) Pause Young (Allocation Failure)
[27.052s][info][gc,heap        ] GC(247) PSYoungGen: 129792K(130048K)->129824K(207872K) Eden: 44544K(44544K)->0K(37376K) From: 85248K(85504K)->129824K(170496K)
[27.052s][info][gc,heap        ] GC(247) ParOldGen: 4040707K(4470272K)->4040707K(4470272K)
[27.052s][info][gc,metaspace   ] GC(247) Metaspace: 6298K(6464K)->6298K(6464K) NonClass: 5764K(5824K)->5764K(5824K) Class: 533K(640K)->533K(640K)
[27.052s][info][gc             ] GC(247) Pause Young (Allocation Failure) 4072M->4072M(4568M) 70.855ms
[27.052s][info][gc,cpu         ] GC(247) User=0.27s Sys=0.00s Real=0.07s
[27.088s][info][gc,start       ] GC(248) Pause Young (Allocation Failure)
[27.170s][info][gc,heap        ] GC(248) PSYoungGen: 167200K(207872K)->126784K(219648K) Eden: 37376K(37376K)->0K(37376K) From: 129824K(170496K)->126784K(182272K)
[27.170s][info][gc,heap        ] GC(248) ParOldGen: 4040707K(4470272K)->4081531K(4470272K)
[27.170s][info][gc,metaspace   ] GC(248) Metaspace: 6298K(6464K)->6298K(6464K) NonClass: 5764K(5824K)->5764K(5824K) Class: 533K(640K)->533K(640K)
[27.170s][info][gc             ] GC(248) Pause Young (Allocation Failure) 4109M->4109M(4580M) 82.065ms
[27.170s][info][gc,cpu         ] GC(248) User=0.41s Sys=0.00s Real=0.08s
[27.207s][info][gc,start       ] GC(249) Pause Young (Allocation Failure)
[27.287s][info][gc,heap        ] GC(249) PSYoungGen: 164160K(219648K)->119584K(228864K) Eden: 37376K(37376K)->0K(38912K) From: 126784K(182272K)->119584K(189952K)
[27.288s][info][gc,heap        ] GC(249) ParOldGen: 4081531K(4470272K)->4126483K(4470272K)
[27.288s][info][gc,metaspace   ] GC(249) Metaspace: 6298K(6464K)->6298K(6464K) NonClass: 5764K(5824K)->5764K(5824K) Class: 533K(640K)->533K(640K)
[27.288s][info][gc             ] GC(249) Pause Young (Allocation Failure) 4146M->4146M(4589M) 80.260ms
[27.288s][info][gc,cpu         ] GC(249) User=0.52s Sys=0.00s Real=0.08s
[27.331s][info][gc,start       ] GC(250) Pause Young (Allocation Failure)
[27.410s][info][gc,heap        ] GC(250) PSYoungGen: 158496K(228864K)->113920K(231936K) Eden: 38912K(38912K)->0K(38912K) From: 119584K(189952K)->113920K(193024K)
[27.410s][info][gc,heap        ] GC(250) ParOldGen: 4126483K(4470272K)->4171435K(4470272K)
[27.410s][info][gc,metaspace   ] GC(250) Metaspace: 6298K(6464K)->6298K(6464K) NonClass: 5764K(5824K)->5764K(5824K) Class: 533K(640K)->533K(640K)
[27.410s][info][gc             ] GC(250) Pause Young (Allocation Failure) 4184M->4184M(4592M) 79.265ms
[27.410s][info][gc,cpu         ] GC(250) User=0.48s Sys=0.03s Real=0.08s
[27.458s][info][gc,start       ] GC(251) Pause Young (Allocation Failure)
[27.537s][info][gc,heap        ] GC(251) PSYoungGen: 152832K(231936K)->78080K(220160K) Eden: 38912K(38912K)->0K(44032K) From: 113920K(193024K)->78080K(176128K)
[27.537s][info][gc,heap        ] GC(251) ParOldGen: 4171435K(4470272K)->4246851K(4470272K)
[27.537s][info][gc,metaspace   ] GC(251) Metaspace: 6298K(6464K)->6298K(6464K) NonClass: 5764K(5824K)->5764K(5824K) Class: 533K(640K)->533K(640K)
[27.537s][info][gc             ] GC(251) Pause Young (Allocation Failure) 4222M->4223M(4580M) 79.073ms
[27.537s][info][gc,cpu         ] GC(251) User=0.39s Sys=0.03s Real=0.08s
[27.588s][info][gc,start       ] GC(252) Pause Young (Allocation Failure)
[27.662s][info][gc,heap        ] GC(252) PSYoungGen: 122112K(220160K)->44224K(228352K) Eden: 44032K(44032K)->0K(44032K) From: 78080K(176128K)->44224K(184320K)
[27.662s][info][gc,heap        ] GC(252) ParOldGen: 4246851K(4470272K)->4325347K(4470272K)
[27.662s][info][gc,metaspace   ] GC(252) Metaspace: 6298K(6464K)->6298K(6464K) NonClass: 5764K(5824K)->5764K(5824K) Class: 533K(640K)->533K(640K)
[27.662s][info][gc             ] GC(252) Pause Young (Allocation Failure) 4266M->4267M(4588M) 73.908ms
[27.662s][info][gc,cpu         ] GC(252) User=0.36s Sys=0.05s Real=0.07s
[27.709s][info][gc,start       ] GC(253) Pause Young (Allocation Failure)
[27.768s][info][gc,heap        ] GC(253) PSYoungGen: 88256K(228352K)->44224K(225280K) Eden: 44032K(44032K)->0K(49664K) From: 44224K(184320K)->44224K(175616K)
[27.768s][info][gc,heap        ] GC(253) ParOldGen: 4325347K(4470272K)->4369779K(4470272K)
[27.768s][info][gc,metaspace   ] GC(253) Metaspace: 6298K(6464K)->6298K(6464K) NonClass: 5764K(5824K)->5764K(5824K) Class: 533K(640K)->533K(640K)
[27.768s][info][gc             ] GC(253) Pause Young (Allocation Failure) 4310M->4310M(4585M) 59.287ms
[27.768s][info][gc,cpu         ] GC(253) User=0.16s Sys=0.03s Real=0.06s
[27.819s][info][gc,start       ] GC(254) Pause Young (Allocation Failure)
[27.880s][info][gc,heap        ] GC(254) PSYoungGen: 93888K(225280K)->49920K(228352K) Eden: 49664K(49664K)->0K(49664K) From: 44224K(175616K)->49920K(178688K)
[27.880s][info][gc,heap        ] GC(254) ParOldGen: 4369779K(4470272K)->4414203K(4470272K)
[27.880s][info][gc,metaspace   ] GC(254) Metaspace: 6298K(6464K)->6298K(6464K) NonClass: 5764K(5824K)->5764K(5824K) Class: 533K(640K)->533K(640K)
[27.880s][info][gc             ] GC(254) Pause Young (Allocation Failure) 4359M->4359M(4588M) 61.564ms
[27.880s][info][gc,cpu         ] GC(254) User=0.14s Sys=0.05s Real=0.06s
[27.880s][info][gc,start       ] GC(255) Pause Full (Ergonomics)
[27.880s][info][gc,phases,start] GC(255) Marking Phase
[28.895s][info][gc,phases      ] GC(255) Marking Phase 1014.446ms
[28.895s][info][gc,phases,start] GC(255) Summary Phase
[28.895s][info][gc,phases      ] GC(255) Summary Phase 0.108ms
[28.895s][info][gc,phases,start] GC(255) Adjust Roots
[28.895s][info][gc,phases      ] GC(255) Adjust Roots 0.161ms
[28.895s][info][gc,phases,start] GC(255) Compaction Phase
[29.287s][info][gc,phases      ] GC(255) Compaction Phase 391.318ms
[29.287s][info][gc,phases,start] GC(255) Post Compact
[29.293s][info][gc,phases      ] GC(255) Post Compact 6.598ms
[29.295s][info][gc,heap        ] GC(255) PSYoungGen: 49920K(228352K)->0K(229888K) Eden: 0K(49664K)->0K(55808K) From: 49920K(178688K)->0K(174080K)
[29.295s][info][gc,heap        ] GC(255) ParOldGen: 4414203K(4470272K)->4460236K(4931072K)
[29.295s][info][gc,metaspace   ] GC(255) Metaspace: 6298K(6464K)->6298K(6464K) NonClass: 5764K(5824K)->5764K(5824K) Class: 533K(640K)->533K(640K)
[29.295s][info][gc             ] GC(255) Pause Full (Ergonomics) 4359M->4355M(5040M) 1414.457ms
[29.295s][info][gc,cpu         ] GC(255) User=10.70s Sys=0.05s Real=1.41s
[29.351s][info][gc,start       ] GC(256) Pause Young (Allocation Failure)
[29.401s][info][gc,heap        ] GC(256) PSYoungGen: 55808K(229888K)->56032K(112128K) Eden: 55808K(55808K)->0K(55808K) From: 0K(174080K)->56032K(56320K)
[29.401s][info][gc,heap        ] GC(256) ParOldGen: 4460236K(4931072K)->4460236K(4931072K)
[29.401s][info][gc,metaspace   ] GC(256) Metaspace: 6298K(6464K)->6298K(6464K) NonClass: 5764K(5824K)->5764K(5824K) Class: 533K(640K)->533K(640K)
[29.401s][info][gc             ] GC(256) Pause Young (Allocation Failure) 4410M->4410M(4925M) 49.779ms
[29.401s][info][gc,cpu         ] GC(256) User=0.16s Sys=0.00s Real=0.05s
[29.480s][info][gc,start       ] GC(257) Pause Young (Allocation Failure)
[29.549s][info][gc,heap        ] GC(257) PSYoungGen: 111840K(112128K)->111904K(224768K) Eden: 55808K(55808K)->0K(56832K) From: 56032K(56320K)->111904K(167936K)
[29.549s][info][gc,heap        ] GC(257) ParOldGen: 4460236K(4931072K)->4460236K(4931072K)
[29.549s][info][gc,metaspace   ] GC(257) Metaspace: 6298K(6464K)->6298K(6464K) NonClass: 5764K(5824K)->5764K(5824K) Class: 533K(640K)->533K(640K)
[29.549s][info][gc             ] GC(257) Pause Young (Allocation Failure) 4464M->4464M(5035M) 68.392ms
[29.549s][info][gc,cpu         ] GC(257) User=0.28s Sys=0.00s Real=0.07s
[29.613s][info][gc,start       ] GC(258) Pause Young (Allocation Failure)
[29.699s][info][gc,heap        ] GC(258) PSYoungGen: 168736K(224768K)->168800K(228864K) Eden: 56832K(56832K)->0K(56832K) From: 111904K(167936K)->168800K(172032K)
[29.699s][info][gc,heap        ] GC(258) ParOldGen: 4460236K(4931072K)->4460236K(4931072K)
[29.699s][info][gc,metaspace   ] GC(258) Metaspace: 6298K(6464K)->6298K(6464K) NonClass: 5764K(5824K)->5764K(5824K) Class: 533K(640K)->533K(640K)
[29.699s][info][gc             ] GC(258) Pause Young (Allocation Failure) 4520M->4520M(5039M) 85.637ms
[29.699s][info][gc,cpu         ] GC(258) User=0.52s Sys=0.00s Real=0.09s
[29.759s][info][gc,start       ] GC(259) Pause Young (Allocation Failure)
[29.877s][info][gc,heap        ] GC(259) PSYoungGen: 225632K(228864K)->196608K(219136K) Eden: 56832K(56832K)->0K(22528K) From: 168800K(172032K)->196608K(196608K)
[29.877s][info][gc,heap        ] GC(259) ParOldGen: 4460236K(4931072K)->4489500K(4931072K)
[29.877s][info][gc,metaspace   ] GC(259) Metaspace: 6298K(6464K)->6298K(6464K) NonClass: 5764K(5824K)->5764K(5824K) Class: 533K(640K)->533K(640K)
[29.877s][info][gc             ] GC(259) Pause Young (Allocation Failure) 4576M->4576M(5029M) 117.982ms
[29.877s][info][gc,cpu         ] GC(259) User=0.81s Sys=0.08s Real=0.12s
[29.900s][info][gc,start       ] GC(260) Pause Young (Allocation Failure)
[30.010s][info][gc,heap        ] GC(260) PSYoungGen: 219136K(219136K)->116448K(139264K) Eden: 22528K(22528K)->0K(22528K) From: 196608K(196608K)->116448K(116736K)
[30.010s][info][gc,heap        ] GC(260) ParOldGen: 4489500K(4931072K)->4593068K(4931072K)
[30.010s][info][gc,metaspace   ] GC(260) Metaspace: 6298K(6464K)->6298K(6464K) NonClass: 5764K(5824K)->5764K(5824K) Class: 533K(640K)->533K(640K)
[30.010s][info][gc             ] GC(260) Pause Young (Allocation Failure) 4598M->4599M(4951M) 110.036ms
[30.010s][info][gc,cpu         ] GC(260) User=0.84s Sys=0.03s Real=0.11s
[30.034s][info][gc,start       ] GC(261) Pause Young (Allocation Failure)
[30.109s][info][gc,heap        ] GC(261) PSYoungGen: 138976K(139264K)->90208K(233984K) Eden: 22528K(22528K)->0K(25600K) From: 116448K(116736K)->90208K(208384K)
[30.109s][info][gc,heap        ] GC(261) ParOldGen: 4593068K(4931072K)->4642276K(4931072K)
[30.109s][info][gc,metaspace   ] GC(261) Metaspace: 6298K(6464K)->6298K(6464K) NonClass: 5764K(5824K)->5764K(5824K) Class: 533K(640K)->533K(640K)
[30.109s][info][gc             ] GC(261) Pause Young (Allocation Failure) 4621M->4621M(5044M) 74.976ms
[30.109s][info][gc,cpu         ] GC(261) User=0.45s Sys=0.06s Real=0.07s
[30.140s][info][gc,start       ] GC(262) Pause Young (Allocation Failure)
[30.207s][info][gc,heap        ] GC(262) PSYoungGen: 115808K(233984K)->48320K(244224K) Eden: 25600K(25600K)->0K(25600K) From: 90208K(208384K)->48320K(218624K)
[30.207s][info][gc,heap        ] GC(262) ParOldGen: 4642276K(4931072K)->4710292K(4931072K)
[30.207s][info][gc,metaspace   ] GC(262) Metaspace: 6298K(6464K)->6298K(6464K) NonClass: 5764K(5824K)->5764K(5824K) Class: 533K(640K)->533K(640K)
[30.207s][info][gc             ] GC(262) Pause Young (Allocation Failure) 4646M->4647M(5054M) 67.128ms
[30.207s][info][gc,cpu         ] GC(262) User=0.25s Sys=0.05s Real=0.07s
[30.237s][info][gc,start       ] GC(263) Pause Young (Allocation Failure)
[30.294s][info][gc,heap        ] GC(263) PSYoungGen: 73920K(244224K)->25760K(244736K) Eden: 25600K(25600K)->0K(29184K) From: 48320K(218624K)->25760K(215552K)
[30.294s][info][gc,heap        ] GC(263) ParOldGen: 4710292K(4931072K)->4758828K(4931072K)
[30.294s][info][gc,metaspace   ] GC(263) Metaspace: 6298K(6464K)->6298K(6464K) NonClass: 5764K(5824K)->5764K(5824K) Class: 533K(640K)->533K(640K)
[30.294s][info][gc             ] GC(263) Pause Young (Allocation Failure) 4672M->4672M(5054M) 57.621ms
[30.295s][info][gc,cpu         ] GC(263) User=0.14s Sys=0.03s Real=0.06s
[30.328s][info][gc,start       ] GC(264) Pause Young (Allocation Failure)
[30.379s][info][gc,heap        ] GC(264) PSYoungGen: 54944K(244736K)->29344K(244736K) Eden: 29184K(29184K)->0K(29184K) From: 25760K(215552K)->29344K(215552K)
[30.379s][info][gc,heap        ] GC(264) ParOldGen: 4758828K(4931072K)->4784652K(4931072K)
[30.379s][info][gc,metaspace   ] GC(264) Metaspace: 6298K(6464K)->6298K(6464K) NonClass: 5764K(5824K)->5764K(5824K) Class: 533K(640K)->533K(640K)
[30.379s][info][gc             ] GC(264) Pause Young (Allocation Failure) 4700M->4701M(5054M) 51.291ms
[30.380s][info][gc,cpu         ] GC(264) User=0.16s Sys=0.00s Real=0.05s
[30.410s][info][gc,start       ] GC(265) Pause Young (Allocation Failure)
[30.464s][info][gc,heap        ] GC(265) PSYoungGen: 58528K(244736K)->29344K(238592K) Eden: 29184K(29184K)->0K(33280K) From: 29344K(215552K)->29344K(205312K)
[30.464s][info][gc,heap        ] GC(265) ParOldGen: 4784652K(4931072K)->4814092K(4931072K)
[30.464s][info][gc,metaspace   ] GC(265) Metaspace: 6298K(6464K)->6298K(6464K) NonClass: 5764K(5824K)->5764K(5824K) Class: 533K(640K)->533K(640K)
[30.464s][info][gc             ] GC(265) Pause Young (Allocation Failure) 4729M->4729M(5048M) 53.882ms
[30.464s][info][gc,cpu         ] GC(265) User=0.16s Sys=0.00s Real=0.05s
[30.500s][info][gc,start       ] GC(266) Pause Young (Allocation Failure)
[30.552s][info][gc,heap        ] GC(266) PSYoungGen: 62624K(238592K)->33472K(67072K) Eden: 33280K(33280K)->0K(33280K) From: 29344K(205312K)->33472K(33792K)
[30.552s][info][gc,heap        ] GC(266) ParOldGen: 4814092K(4931072K)->4843556K(4931072K)
[30.552s][info][gc,metaspace   ] GC(266) Metaspace: 6298K(6464K)->6298K(6464K) NonClass: 5764K(5824K)->5764K(5824K) Class: 533K(640K)->533K(640K)
[30.553s][info][gc             ] GC(266) Pause Young (Allocation Failure) 4762M->4762M(4881M) 52.819ms
[30.553s][info][gc,cpu         ] GC(266) User=0.16s Sys=0.00s Real=0.05s
[30.553s][info][gc,start       ] GC(267) Pause Full (Ergonomics)
[30.553s][info][gc,phases,start] GC(267) Marking Phase
[31.658s][info][gc,phases      ] GC(267) Marking Phase 1105.424ms
[31.658s][info][gc,phases,start] GC(267) Summary Phase
[31.658s][info][gc,phases      ] GC(267) Summary Phase 0.107ms
[31.658s][info][gc,phases,start] GC(267) Adjust Roots
[31.658s][info][gc,phases      ] GC(267) Adjust Roots 0.157ms
[31.658s][info][gc,phases,start] GC(267) Compaction Phase
[32.071s][info][gc,phases      ] GC(267) Compaction Phase 412.786ms
[32.071s][info][gc,phases,start] GC(267) Post Compact
[32.078s][info][gc,phases      ] GC(267) Post Compact 7.115ms
[32.080s][info][gc,heap        ] GC(267) PSYoungGen: 33472K(67072K)->0K(241664K) Eden: 0K(33280K)->0K(37888K) From: 33472K(33792K)->0K(203776K)
[32.080s][info][gc,heap        ] GC(267) ParOldGen: 4843556K(4931072K)->4873085K(5381632K)
[32.080s][info][gc,metaspace   ] GC(267) Metaspace: 6298K(6464K)->6298K(6464K) NonClass: 5764K(5824K)->5764K(5824K) Class: 533K(640K)->533K(640K)
[32.080s][info][gc             ] GC(267) Pause Full (Ergonomics) 4762M->4758M(5491M) 1527.200ms
[32.080s][info][gc,cpu         ] GC(267) User=11.33s Sys=0.08s Real=1.53s
[32.119s][info][gc,start       ] GC(268) Pause Young (Allocation Failure)
[32.161s][info][gc,heap        ] GC(268) PSYoungGen: 37888K(241664K)->38144K(76288K) Eden: 37888K(37888K)->0K(37888K) From: 0K(203776K)->38144K(38400K)
[32.161s][info][gc,heap        ] GC(268) ParOldGen: 4873085K(5381632K)->4873085K(5381632K)
[32.161s][info][gc,metaspace   ] GC(268) Metaspace: 6298K(6464K)->6298K(6464K) NonClass: 5764K(5824K)->5764K(5824K) Class: 533K(640K)->533K(640K)
[32.161s][info][gc             ] GC(268) Pause Young (Allocation Failure) 4795M->4796M(5330M) 41.775ms
[32.161s][info][gc,cpu         ] GC(268) User=0.06s Sys=0.00s Real=0.04s
[32.200s][info][gc,start       ] GC(269) Pause Young (Allocation Failure)
[32.256s][info][gc,heap        ] GC(269) PSYoungGen: 76032K(76288K)->76000K(218112K) Eden: 37888K(37888K)->0K(41984K) From: 38144K(38400K)->76000K(176128K)
[32.256s][info][gc,heap        ] GC(269) ParOldGen: 4873085K(5381632K)->4873085K(5381632K)
[32.256s][info][gc,metaspace   ] GC(269) Metaspace: 6298K(6464K)->6298K(6464K) NonClass: 5764K(5824K)->5764K(5824K) Class: 533K(640K)->533K(640K)
[32.256s][info][gc             ] GC(269) Pause Young (Allocation Failure) 4833M->4833M(5468M) 56.423ms
[32.256s][info][gc,cpu         ] GC(269) User=0.16s Sys=0.00s Real=0.06s
[32.300s][info][gc,start       ] GC(270) Pause Young (Allocation Failure)
[32.369s][info][gc,heap        ] GC(270) PSYoungGen: 117984K(218112K)->80128K(122368K) Eden: 41984K(41984K)->0K(41984K) From: 76000K(176128K)->80128K(80384K)
[32.369s][info][gc,heap        ] GC(270) ParOldGen: 4873085K(5381632K)->4911309K(5381632K)
[32.369s][info][gc,metaspace   ] GC(270) Metaspace: 6298K(6464K)->6298K(6464K) NonClass: 5764K(5824K)->5764K(5824K) Class: 533K(640K)->533K(640K)
[32.369s][info][gc             ] GC(270) Pause Young (Allocation Failure) 4874M->4874M(5375M) 68.858ms
[32.369s][info][gc,cpu         ] GC(270) User=0.38s Sys=0.00s Real=0.07s
[32.417s][info][gc,start       ] GC(271) Pause Young (Allocation Failure)
[32.495s][info][gc,heap        ] GC(271) PSYoungGen: 122112K(122368K)->84224K(214528K) Eden: 41984K(41984K)->0K(47104K) From: 80128K(80384K)->84224K(167424K)
[32.495s][info][gc,heap        ] GC(271) ParOldGen: 4911309K(5381632K)->4949549K(5381632K)
[32.495s][info][gc,metaspace   ] GC(271) Metaspace: 6298K(6464K)->6298K(6464K) NonClass: 5764K(5824K)->5764K(5824K) Class: 533K(640K)->533K(640K)
[32.495s][info][gc             ] GC(271) Pause Young (Allocation Failure) 4915M->4915M(5465M) 77.908ms
[32.495s][info][gc,cpu         ] GC(271) User=0.47s Sys=0.02s Real=0.08s
[32.549s][info][gc,start       ] GC(272) Pause Young (Allocation Failure)
[32.624s][info][gc,heap        ] GC(272) PSYoungGen: 131328K(214528K)->89312K(219648K) Eden: 47104K(47104K)->0K(47104K) From: 84224K(167424K)->89312K(172544K)
[32.624s][info][gc,heap        ] GC(272) ParOldGen: 4949549K(5381632K)->4991901K(5381632K)
[32.624s][info][gc,metaspace   ] GC(272) Metaspace: 6298K(6464K)->6298K(6464K) NonClass: 5764K(5824K)->5764K(5824K) Class: 533K(640K)->533K(640K)
[32.624s][info][gc             ] GC(272) Pause Young (Allocation Failure) 4961M->4962M(5470M) 75.339ms
[32.624s][info][gc,cpu         ] GC(272) User=0.42s Sys=0.00s Real=0.08s
[32.673s][info][gc,start       ] GC(273) Pause Young (Allocation Failure)
[32.749s][info][gc,heap        ] GC(273) PSYoungGen: 136416K(219648K)->94464K(218112K) Eden: 47104K(47104K)->0K(52736K) From: 89312K(172544K)->94464K(165376K)
[32.749s][info][gc,heap        ] GC(273) ParOldGen: 4991901K(5381632K)->5034261K(5381632K)
[32.749s][info][gc,metaspace   ] GC(273) Metaspace: 6298K(6464K)->6298K(6464K) NonClass: 5764K(5824K)->5764K(5824K) Class: 533K(640K)->533K(640K)
[32.749s][info][gc             ] GC(273) Pause Young (Allocation Failure) 5008M->5008M(5468M) 76.142ms
[32.749s][info][gc,cpu         ] GC(273) User=0.39s Sys=0.00s Real=0.08s
[32.807s][info][gc,start       ] GC(274) Pause Young (Allocation Failure)
[32.888s][info][gc,heap        ] GC(274) PSYoungGen: 147200K(218112K)->100128K(219648K) Eden: 52736K(52736K)->0K(52736K) From: 94464K(165376K)->100128K(166912K)
[32.888s][info][gc,heap        ] GC(274) ParOldGen: 5034261K(5381632K)->5081789K(5381632K)
[32.888s][info][gc,metaspace   ] GC(274) Metaspace: 6298K(6464K)->6298K(6464K) NonClass: 5764K(5824K)->5764K(5824K) Class: 533K(640K)->533K(640K)
[32.888s][info][gc             ] GC(274) Pause Young (Allocation Failure) 5060M->5060M(5470M) 80.616ms
[32.888s][info][gc,cpu         ] GC(274) User=0.42s Sys=0.00s Real=0.08s
[32.951s][info][gc,start       ] GC(275) Pause Young (Allocation Failure)
[33.034s][info][gc,heap        ] GC(275) PSYoungGen: 152864K(219648K)->105760K(224256K) Eden: 52736K(52736K)->0K(57856K) From: 100128K(166912K)->105760K(166400K)
[33.034s][info][gc,heap        ] GC(275) ParOldGen: 5081789K(5381632K)->5129317K(5381632K)
[33.034s][info][gc,metaspace   ] GC(275) Metaspace: 6298K(6464K)->6298K(6464K) NonClass: 5764K(5824K)->5764K(5824K) Class: 533K(640K)->533K(640K)
[33.034s][info][gc             ] GC(275) Pause Young (Allocation Failure) 5111M->5112M(5474M) 82.502ms
[33.034s][info][gc,cpu         ] GC(275) User=0.47s Sys=0.05s Real=0.08s
[33.097s][info][gc,start       ] GC(276) Pause Young (Allocation Failure)
[33.185s][info][gc,heap        ] GC(276) PSYoungGen: 163616K(224256K)->110848K(225792K) Eden: 57856K(57856K)->0K(57856K) From: 105760K(166400K)->110848K(167936K)
[33.185s][info][gc,heap        ] GC(276) ParOldGen: 5129317K(5381632K)->5182533K(5381632K)
[33.185s][info][gc,metaspace   ] GC(276) Metaspace: 6298K(6464K)->6298K(6464K) NonClass: 5764K(5824K)->5764K(5824K) Class: 533K(640K)->533K(640K)
[33.185s][info][gc             ] GC(276) Pause Young (Allocation Failure) 5168M->5169M(5476M) 87.843ms
[33.185s][info][gc,cpu         ] GC(276) User=0.52s Sys=0.03s Real=0.09s
[33.249s][info][gc,start       ] GC(277) Pause Young (Allocation Failure)
[33.339s][info][gc,heap        ] GC(277) PSYoungGen: 168704K(225792K)->115968K(231936K) Eden: 57856K(57856K)->0K(61952K) From: 110848K(167936K)->115968K(169984K)
[33.339s][info][gc,heap        ] GC(277) ParOldGen: 5182533K(5381632K)->5235741K(5381632K)
[33.339s][info][gc,metaspace   ] GC(277) Metaspace: 6298K(6464K)->6298K(6464K) NonClass: 5764K(5824K)->5764K(5824K) Class: 533K(640K)->533K(640K)
[33.339s][info][gc             ] GC(277) Pause Young (Allocation Failure) 5225M->5226M(5482M) 89.939ms
[33.339s][info][gc,cpu         ] GC(277) User=0.61s Sys=0.00s Real=0.09s
[33.406s][info][gc,start       ] GC(278) Pause Young (Allocation Failure)
[33.510s][info][gc,heap        ] GC(278) PSYoungGen: 177920K(231936K)->120128K(235008K) Eden: 61952K(61952K)->0K(61952K) From: 115968K(169984K)->120128K(173056K)
[33.510s][info][gc,heap        ] GC(278) ParOldGen: 5235741K(5381632K)->5294125K(5381632K)
[33.510s][info][gc,metaspace   ] GC(278) Metaspace: 6298K(6464K)->6298K(6464K) NonClass: 5764K(5824K)->5764K(5824K) Class: 533K(640K)->533K(640K)
[33.510s][info][gc             ] GC(278) Pause Young (Allocation Failure) 5286M->5287M(5485M) 103.602ms
[33.510s][info][gc,cpu         ] GC(278) User=0.56s Sys=0.03s Real=0.10s
[33.582s][info][gc,start       ] GC(279) Pause Young (Allocation Failure)
[33.682s][info][gc,heap        ] GC(279) PSYoungGen: 182080K(235008K)->124256K(242176K) Eden: 61952K(61952K)->0K(65536K) From: 120128K(173056K)->124256K(176640K)
[33.682s][info][gc,heap        ] GC(279) ParOldGen: 5294125K(5381632K)->5352517K(5381632K)
[33.682s][info][gc,metaspace   ] GC(279) Metaspace: 6298K(6464K)->6298K(6464K) NonClass: 5764K(5824K)->5764K(5824K) Class: 533K(640K)->533K(640K)
[33.682s][info][gc             ] GC(279) Pause Young (Allocation Failure) 5347M->5348M(5492M) 100.199ms
[33.682s][info][gc,cpu         ] GC(279) User=0.61s Sys=0.03s Real=0.10s
[33.682s][info][gc,start       ] GC(280) Pause Full (Ergonomics)
[33.683s][info][gc,phases,start] GC(280) Marking Phase
[34.918s][info][gc,phases      ] GC(280) Marking Phase 1235.494ms
[34.918s][info][gc,phases,start] GC(280) Summary Phase
[34.918s][info][gc,phases      ] GC(280) Summary Phase 0.070ms
[34.918s][info][gc,phases,start] GC(280) Adjust Roots
[34.918s][info][gc,phases      ] GC(280) Adjust Roots 0.208ms
[34.918s][info][gc,phases,start] GC(280) Compaction Phase
[36.150s][info][gc,phases      ] GC(280) Compaction Phase 1231.627ms
[36.150s][info][gc,phases,start] GC(280) Post Compact
[36.160s][info][gc,phases      ] GC(280) Post Compact 9.602ms
[36.162s][info][gc,heap        ] GC(280) PSYoungGen: 124256K(242176K)->90621K(242176K) Eden: 0K(65536K)->0K(65536K) From: 124256K(176640K)->90621K(176640K)
[36.162s][info][gc,heap        ] GC(280) ParOldGen: 5352517K(5381632K)->5381127K(5933056K)
[36.162s][info][gc,metaspace   ] GC(280) Metaspace: 6298K(6464K)->6298K(6464K) NonClass: 5764K(5824K)->5764K(5824K) Class: 533K(640K)->533K(640K)
[36.162s][info][gc             ] GC(280) Pause Full (Ergonomics) 5348M->5343M(6030M) 2479.561ms
[36.162s][info][gc,cpu         ] GC(280) User=17.64s Sys=0.11s Real=2.48s
[36.243s][info][gc,start       ] GC(281) Pause Young (Allocation Failure)
[36.571s][info][gc,heap        ] GC(281) PSYoungGen: 156157K(242176K)->110720K(246272K) Eden: 65536K(65536K)->0K(65536K) From: 90621K(176640K)->110720K(180736K)
[36.571s][info][gc,heap        ] GC(281) ParOldGen: 5381127K(5933056K)->5427351K(5933056K)
[36.571s][info][gc,metaspace   ] GC(281) Metaspace: 6298K(6464K)->6298K(6464K) NonClass: 5764K(5824K)->5764K(5824K) Class: 533K(640K)->533K(640K)
[36.571s][info][gc             ] GC(281) Pause Young (Allocation Failure) 5407M->5408M(6034M) 327.748ms
[36.571s][info][gc,cpu         ] GC(281) User=2.09s Sys=0.11s Real=0.33s
[36.644s][info][gc,start       ] GC(282) Pause Young (Allocation Failure)
[36.748s][info][gc,heap        ] GC(282) PSYoungGen: 176256K(246272K)->176352K(228864K) Eden: 65536K(65536K)->0K(50688K) From: 110720K(180736K)->176352K(178176K)
[36.748s][info][gc,heap        ] GC(282) ParOldGen: 5427351K(5933056K)->5427351K(5933056K)
[36.748s][info][gc,metaspace   ] GC(282) Metaspace: 6298K(6464K)->6298K(6464K) NonClass: 5764K(5824K)->5764K(5824K) Class: 533K(640K)->533K(640K)
[36.748s][info][gc             ] GC(282) Pause Young (Allocation Failure) 5472M->5472M(6017M) 104.289ms
[36.748s][info][gc,cpu         ] GC(282) User=0.66s Sys=0.00s Real=0.10s
[36.804s][info][gc,start       ] GC(283) Pause Young (Allocation Failure)
[36.929s][info][gc,heap        ] GC(283) PSYoungGen: 227040K(228864K)->199680K(250368K) Eden: 50688K(50688K)->0K(50688K) From: 176352K(178176K)->199680K(199680K)
[36.929s][info][gc,heap        ] GC(283) ParOldGen: 5427351K(5933056K)->5454903K(5933056K)
[36.929s][info][gc,metaspace   ] GC(283) Metaspace: 6298K(6464K)->6298K(6464K) NonClass: 5764K(5824K)->5764K(5824K) Class: 533K(640K)->533K(640K)
[36.929s][info][gc             ] GC(283) Pause Young (Allocation Failure) 5521M->5522M(6038M) 125.424ms
[36.929s][info][gc,cpu         ] GC(283) User=0.89s Sys=0.00s Real=0.12s
[36.993s][info][gc,start       ] GC(284) Pause Young (Allocation Failure)
[37.134s][info][gc,heap        ] GC(284) PSYoungGen: 250368K(250368K)->158432K(287744K) Eden: 50688K(50688K)->0K(52224K) From: 199680K(199680K)->158432K(235520K)
[37.134s][info][gc,heap        ] GC(284) ParOldGen: 5454903K(5933056K)->5547711K(5933056K)
[37.134s][info][gc,metaspace   ] GC(284) Metaspace: 6298K(6464K)->6298K(6464K) NonClass: 5764K(5824K)->5764K(5824K) Class: 533K(640K)->533K(640K)
[37.134s][info][gc             ] GC(284) Pause Young (Allocation Failure) 5571M->5572M(6075M) 140.542ms
[37.134s][info][gc,cpu         ] GC(284) User=1.08s Sys=0.05s Real=0.14s
[38.496s][info][gc,start       ] GC(285) Pause Young (Allocation Failure)
[38.740s][info][gc,heap        ] GC(285) PSYoungGen: 210656K(287744K)->148544K(291840K) Eden: 52224K(52224K)->0K(52224K) From: 158432K(235520K)->148544K(239616K)
[38.740s][info][gc,heap        ] GC(285) ParOldGen: 5809855K(5933056K)->5872543K(5933056K)
[38.740s][info][gc,metaspace   ] GC(285) Metaspace: 6298K(6464K)->6298K(6464K) NonClass: 5764K(5824K)->5764K(5824K) Class: 533K(640K)->533K(640K)
[38.740s][info][gc             ] GC(285) Pause Young (Allocation Failure) 5879M->5879M(6079M) 243.876ms
[38.740s][info][gc,cpu         ] GC(285) User=1.30s Sys=0.02s Real=0.24s
[38.740s][info][gc,start       ] GC(286) Pause Full (Ergonomics)
[38.740s][info][gc,phases,start] GC(286) Marking Phase
[40.041s][info][gc,phases      ] GC(286) Marking Phase 1300.857ms
[40.041s][info][gc,phases,start] GC(286) Summary Phase
[40.041s][info][gc,phases      ] GC(286) Summary Phase 0.098ms
[40.041s][info][gc,phases,start] GC(286) Adjust Roots
[40.041s][info][gc,phases      ] GC(286) Adjust Roots 0.157ms
[40.041s][info][gc,phases,start] GC(286) Compaction Phase
[40.934s][info][gc,phases      ] GC(286) Compaction Phase 892.285ms
[40.934s][info][gc,phases,start] GC(286) Post Compact
[40.943s][info][gc,phases      ] GC(286) Post Compact 9.622ms
[40.945s][info][gc,heap        ] GC(286) PSYoungGen: 148544K(291840K)->0K(295424K) Eden: 0K(52224K)->0K(57344K) From: 148544K(239616K)->0K(238080K)
[40.945s][info][gc,heap        ] GC(286) ParOldGen: 5872543K(5933056K)->5887330K(6499328K)
[40.945s][info][gc,metaspace   ] GC(286) Metaspace: 6298K(6464K)->6298K(6464K) NonClass: 5764K(5824K)->5764K(5824K) Class: 533K(640K)->533K(640K)
[40.945s][info][gc             ] GC(286) Pause Full (Ergonomics) 5879M->5749M(6635M) 2205.149ms
[40.945s][info][gc,cpu         ] GC(286) User=15.62s Sys=0.08s Real=2.21s
[41.004s][info][gc,start       ] GC(287) Pause Young (Allocation Failure)
[41.082s][info][gc,heap        ] GC(287) PSYoungGen: 57344K(295424K)->57568K(295424K) Eden: 57344K(57344K)->0K(57344K) From: 0K(238080K)->57568K(238080K)
[41.082s][info][gc,heap        ] GC(287) ParOldGen: 5887330K(6499328K)->5887330K(6499328K)
[41.082s][info][gc,metaspace   ] GC(287) Metaspace: 6298K(6464K)->6298K(6464K) NonClass: 5764K(5824K)->5764K(5824K) Class: 533K(640K)->533K(640K)
[41.082s][info][gc             ] GC(287) Pause Young (Allocation Failure) 5805M->5805M(6635M) 78.018ms
[41.082s][info][gc,cpu         ] GC(287) User=0.12s Sys=0.00s Real=0.08s
[41.142s][info][gc,start       ] GC(288) Pause Young (Allocation Failure)
[41.237s][info][gc,heap        ] GC(288) PSYoungGen: 114912K(295424K)->115008K(277504K) Eden: 57344K(57344K)->0K(62976K) From: 57568K(238080K)->115008K(214528K)
[41.237s][info][gc,heap        ] GC(288) ParOldGen: 5887330K(6499328K)->5887330K(6499328K)
[41.237s][info][gc,metaspace   ] GC(288) Metaspace: 6298K(6464K)->6298K(6464K) NonClass: 5764K(5824K)->5764K(5824K) Class: 533K(640K)->533K(640K)
[41.237s][info][gc             ] GC(288) Pause Young (Allocation Failure) 5861M->5861M(6618M) 95.054ms
[41.237s][info][gc,cpu         ] GC(288) User=0.23s Sys=0.02s Real=0.10s
[41.311s][info][gc,start       ] GC(289) Pause Young (Allocation Failure)
[41.423s][info][gc,heap        ] GC(289) PSYoungGen: 177984K(277504K)->178048K(288768K) Eden: 62976K(62976K)->0K(62976K) From: 115008K(214528K)->178048K(225792K)
[41.423s][info][gc,heap        ] GC(289) ParOldGen: 5887330K(6499328K)->5887330K(6499328K)
[41.424s][info][gc,metaspace   ] GC(289) Metaspace: 6298K(6464K)->6298K(6464K) NonClass: 5764K(5824K)->5764K(5824K) Class: 533K(640K)->533K(640K)
[41.424s][info][gc             ] GC(289) Pause Young (Allocation Failure) 5923M->5923M(6629M) 112.083ms
[41.424s][info][gc,cpu         ] GC(289) User=0.41s Sys=0.00s Real=0.11s
[41.488s][info][gc,start       ] GC(290) Pause Young (Allocation Failure)
[41.617s][info][gc,heap        ] GC(290) PSYoungGen: 241024K(288768K)->237568K(273920K) Eden: 62976K(62976K)->0K(36352K) From: 178048K(225792K)->237568K(237568K)
[41.617s][info][gc,heap        ] GC(290) ParOldGen: 5887330K(6499328K)->5890850K(6499328K)
[41.617s][info][gc,metaspace   ] GC(290) Metaspace: 6298K(6464K)->6298K(6464K) NonClass: 5764K(5824K)->5764K(5824K) Class: 533K(640K)->533K(640K)
[41.617s][info][gc             ] GC(290) Pause Young (Allocation Failure) 5984M->5984M(6614M) 129.318ms
[41.617s][info][gc,cpu         ] GC(290) User=0.50s Sys=0.00s Real=0.13s
[41.654s][info][gc,start       ] GC(291) Pause Young (Allocation Failure)
[41.793s][info][gc,heap        ] GC(291) PSYoungGen: 273920K(273920K)->270336K(306688K) Eden: 36352K(36352K)->0K(36352K) From: 237568K(237568K)->270336K(270336K)
[41.793s][info][gc,heap        ] GC(291) ParOldGen: 5890850K(6499328K)->5894578K(6499328K)
[41.793s][info][gc,metaspace   ] GC(291) Metaspace: 6298K(6464K)->6298K(6464K) NonClass: 5764K(5824K)->5764K(5824K) Class: 533K(640K)->533K(640K)
[41.793s][info][gc             ] GC(291) Pause Young (Allocation Failure) 6020M->6020M(6646M) 139.066ms
[41.793s][info][gc,cpu         ] GC(291) User=0.61s Sys=0.00s Real=0.14s
[41.833s][info][gc,start       ] GC(292) Pause Young (Allocation Failure)
[41.980s][info][gc,heap        ] GC(292) PSYoungGen: 306688K(306688K)->249664K(327680K) Eden: 36352K(36352K)->0K(19456K) From: 270336K(270336K)->249664K(308224K)
[41.980s][info][gc,heap        ] GC(292) ParOldGen: 5894578K(6499328K)->5952138K(6499328K)
[41.980s][info][gc,metaspace   ] GC(292) Metaspace: 6298K(6464K)->6298K(6464K) NonClass: 5764K(5824K)->5764K(5824K) Class: 533K(640K)->533K(640K)
[41.980s][info][gc             ] GC(292) Pause Young (Allocation Failure) 6055M->6056M(6667M) 146.855ms
[41.980s][info][gc,cpu         ] GC(292) User=0.69s Sys=0.12s Real=0.15s
[42.000s][info][gc,start       ] GC(293) Pause Young (Allocation Failure)
[42.139s][info][gc,heap        ] GC(293) PSYoungGen: 269120K(327680K)->151392K(171008K) Eden: 19456K(19456K)->0K(19456K) From: 249664K(308224K)->151392K(151552K)
[42.139s][info][gc,heap        ] GC(293) ParOldGen: 5952138K(6499328K)->6070714K(6499328K)
[42.139s][info][gc,metaspace   ] GC(293) Metaspace: 6298K(6464K)->6298K(6464K) NonClass: 5764K(5824K)->5764K(5824K) Class: 533K(640K)->533K(640K)
[42.139s][info][gc             ] GC(293) Pause Young (Allocation Failure) 6075M->6076M(6514M) 138.731ms
[42.139s][info][gc,cpu         ] GC(293) User=0.44s Sys=0.17s Real=0.14s
[42.160s][info][gc,start       ] GC(294) Pause Young (Allocation Failure)
[42.269s][info][gc,heap        ] GC(294) PSYoungGen: 170848K(171008K)->75456K(333312K) Eden: 19456K(19456K)->0K(22528K) From: 151392K(151552K)->75456K(310784K)
[42.269s][info][gc,heap        ] GC(294) ParOldGen: 6070714K(6499328K)->6166842K(6499328K)
[42.270s][info][gc,metaspace   ] GC(294) Metaspace: 6298K(6464K)->6298K(6464K) NonClass: 5764K(5824K)->5764K(5824K) Class: 533K(640K)->533K(640K)
[42.270s][info][gc             ] GC(294) Pause Young (Allocation Failure) 6095M->6095M(6672M) 109.543ms
[42.270s][info][gc,cpu         ] GC(294) User=0.31s Sys=0.00s Real=0.11s
[42.293s][info][gc,start       ] GC(295) Pause Young (Allocation Failure)
[42.385s][info][gc,heap        ] GC(295) PSYoungGen: 97984K(333312K)->42144K(334848K) Eden: 22528K(22528K)->0K(22528K) From: 75456K(310784K)->42144K(312320K)
[42.385s][info][gc,heap        ] GC(295) ParOldGen: 6166842K(6499328K)->6223114K(6499328K)
[42.385s][info][gc,metaspace   ] GC(295) Metaspace: 6298K(6464K)->6298K(6464K) NonClass: 5764K(5824K)->5764K(5824K) Class: 533K(640K)->533K(640K)
[42.385s][info][gc             ] GC(295) Pause Young (Allocation Failure) 6117M->6118M(6674M) 92.161ms
[42.385s][info][gc,cpu         ] GC(295) User=0.28s Sys=0.03s Real=0.09s
[42.408s][info][gc,start       ] GC(296) Pause Young (Allocation Failure)
[42.495s][info][gc,heap        ] GC(296) PSYoungGen: 64672K(334848K)->22720K(338432K) Eden: 22528K(22528K)->0K(24064K) From: 42144K(312320K)->22720K(314368K)
[42.495s][info][gc,heap        ] GC(296) ParOldGen: 6223114K(6499328K)->6265450K(6499328K)
[42.495s][info][gc,metaspace   ] GC(296) Metaspace: 6298K(6464K)->6298K(6464K) NonClass: 5764K(5824K)->5764K(5824K) Class: 533K(640K)->533K(640K)
[42.495s][info][gc             ] GC(296) Pause Young (Allocation Failure) 6140M->6140M(6677M) 86.389ms
[42.495s][info][gc,cpu         ] GC(296) User=0.16s Sys=0.02s Real=0.09s
[42.521s][info][gc,start       ] GC(297) Pause Young (Allocation Failure)
[42.594s][info][gc,heap        ] GC(297) PSYoungGen: 46784K(338432K)->24192K(340480K) Eden: 24064K(24064K)->0K(24064K) From: 22720K(314368K)->24192K(316416K)
[42.594s][info][gc,heap        ] GC(297) ParOldGen: 6265450K(6499328K)->6288178K(6499328K)
[42.594s][info][gc,metaspace   ] GC(297) Metaspace: 6298K(6464K)->6298K(6464K) NonClass: 5764K(5824K)->5764K(5824K) Class: 533K(640K)->533K(640K)
[42.594s][info][gc             ] GC(297) Pause Young (Allocation Failure) 6164M->6164M(6679M) 73.601ms
[42.594s][info][gc,cpu         ] GC(297) User=0.19s Sys=0.00s Real=0.07s
[42.618s][info][gc,start       ] GC(298) Pause Young (Allocation Failure)
[42.696s][info][gc,heap        ] GC(298) PSYoungGen: 48256K(340480K)->24224K(335360K) Eden: 24064K(24064K)->0K(28160K) From: 24192K(316416K)->24224K(307200K)
[42.696s][info][gc,heap        ] GC(298) ParOldGen: 6288178K(6499328K)->6312466K(6499328K)
[42.696s][info][gc,metaspace   ] GC(298) Metaspace: 6298K(6464K)->6298K(6464K) NonClass: 5764K(5824K)->5764K(5824K) Class: 533K(640K)->533K(640K)
[42.696s][info][gc             ] GC(298) Pause Young (Allocation Failure) 6187M->6188M(6674M) 78.499ms
[42.696s][info][gc,cpu         ] GC(298) User=0.19s Sys=0.00s Real=0.08s
[42.726s][info][gc,start       ] GC(299) Pause Young (Allocation Failure)
[42.797s][info][gc,heap        ] GC(299) PSYoungGen: 52384K(335360K)->28320K(56832K) Eden: 28160K(28160K)->0K(28160K) From: 24224K(307200K)->28320K(28672K)
[42.797s][info][gc,heap        ] GC(299) ParOldGen: 6312466K(6499328K)->6336738K(6499328K)
[42.797s][info][gc,metaspace   ] GC(299) Metaspace: 6298K(6464K)->6298K(6464K) NonClass: 5764K(5824K)->5764K(5824K) Class: 533K(640K)->533K(640K)
[42.798s][info][gc             ] GC(299) Pause Young (Allocation Failure) 6215M->6215M(6402M) 71.189ms
[42.798s][info][gc,cpu         ] GC(299) User=0.16s Sys=0.03s Real=0.07s
[42.828s][info][gc,start       ] GC(300) Pause Young (Allocation Failure)
[42.903s][info][gc,heap        ] GC(300) PSYoungGen: 56480K(56832K)->28320K(320512K) Eden: 28160K(28160K)->0K(32768K) From: 28320K(28672K)->28320K(287744K)
[42.904s][info][gc,heap        ] GC(300) ParOldGen: 6336738K(6499328K)->6365154K(6499328K)
[42.904s][info][gc,metaspace   ] GC(300) Metaspace: 6298K(6464K)->6298K(6464K) NonClass: 5764K(5824K)->5764K(5824K) Class: 533K(640K)->533K(640K)
[42.904s][info][gc             ] GC(300) Pause Young (Allocation Failure) 6243M->6243M(6660M) 75.967ms
[42.904s][info][gc,cpu         ] GC(300) User=0.16s Sys=0.00s Real=0.08s
[42.935s][info][gc,start       ] GC(301) Pause Young (Allocation Failure)
[43.009s][info][gc,heap        ] GC(301) PSYoungGen: 61088K(320512K)->32928K(66048K) Eden: 32768K(32768K)->0K(32768K) From: 28320K(287744K)->32928K(33280K)
[43.009s][info][gc,heap        ] GC(301) ParOldGen: 6365154K(6499328K)->6393578K(6499328K)
[43.009s][info][gc,metaspace   ] GC(301) Metaspace: 6298K(6464K)->6298K(6464K) NonClass: 5764K(5824K)->5764K(5824K) Class: 533K(640K)->533K(640K)
[43.009s][info][gc             ] GC(301) Pause Young (Allocation Failure) 6275M->6275M(6411M) 73.844ms
[43.009s][info][gc,cpu         ] GC(301) User=0.19s Sys=0.02s Real=0.07s
[43.044s][info][gc,start       ] GC(302) Pause Young (Allocation Failure)
[43.119s][info][gc,heap        ] GC(302) PSYoungGen: 65696K(66048K)->32928K(302080K) Eden: 32768K(32768K)->0K(37888K) From: 32928K(33280K)->32928K(264192K)
[43.119s][info][gc,heap        ] GC(302) ParOldGen: 6393578K(6499328K)->6426642K(6499328K)
[43.119s][info][gc,metaspace   ] GC(302) Metaspace: 6298K(6464K)->6298K(6464K) NonClass: 5764K(5824K)->5764K(5824K) Class: 533K(640K)->533K(640K)
[43.119s][info][gc             ] GC(302) Pause Young (Allocation Failure) 6307M->6308M(6642M) 74.973ms
[43.119s][info][gc,cpu         ] GC(302) User=0.16s Sys=0.02s Real=0.08s
[43.119s][info][gc,start       ] GC(303) Pause Full (Ergonomics)
[43.120s][info][gc,phases,start] GC(303) Marking Phase
[44.561s][info][gc,phases      ] GC(303) Marking Phase 1441.260ms
[44.561s][info][gc,phases,start] GC(303) Summary Phase
[44.561s][info][gc,phases      ] GC(303) Summary Phase 0.105ms
[44.561s][info][gc,phases,start] GC(303) Adjust Roots
[44.561s][info][gc,phases      ] GC(303) Adjust Roots 0.162ms
[44.561s][info][gc,phases,start] GC(303) Compaction Phase
[45.208s][info][gc,phases      ] GC(303) Compaction Phase 647.335ms
[45.209s][info][gc,phases,start] GC(303) Post Compact
[45.218s][info][gc,phases      ] GC(303) Post Compact 9.196ms
[45.220s][info][gc,heap        ] GC(303) PSYoungGen: 32928K(302080K)->0K(312832K) Eden: 0K(37888K)->0K(37888K) From: 32928K(264192K)->0K(274944K)
[45.220s][info][gc,heap        ] GC(303) ParOldGen: 6426642K(6499328K)->6454109K(7118336K)
[45.220s][info][gc,metaspace   ] GC(303) Metaspace: 6298K(6464K)->6298K(6464K) NonClass: 5764K(5824K)->5764K(5824K) Class: 533K(640K)->533K(640K)
[45.220s][info][gc             ] GC(303) Pause Full (Ergonomics) 6308M->6302M(7257M) 2100.196ms
[45.220s][info][gc,cpu         ] GC(303) User=14.77s Sys=0.11s Real=2.10s
[45.263s][info][gc,start       ] GC(304) Pause Young (Allocation Failure)
[45.332s][info][gc,heap        ] GC(304) PSYoungGen: 37888K(312832K)->38080K(292864K) Eden: 37888K(37888K)->0K(42496K) From: 0K(274944K)->38080K(250368K)
[45.332s][info][gc,heap        ] GC(304) ParOldGen: 6454109K(7118336K)->6454109K(7118336K)
[45.332s][info][gc,metaspace   ] GC(304) Metaspace: 6298K(6464K)->6298K(6464K) NonClass: 5764K(5824K)->5764K(5824K) Class: 533K(640K)->533K(640K)
[45.332s][info][gc             ] GC(304) Pause Young (Allocation Failure) 6339M->6340M(7237M) 69.252ms
[45.332s][info][gc,cpu         ] GC(304) User=0.19s Sys=0.00s Real=0.07s
[45.383s][info][gc,start       ] GC(305) Pause Young (Allocation Failure)
[45.479s][info][gc,heap        ] GC(305) PSYoungGen: 80576K(292864K)->42688K(85504K) Eden: 42496K(42496K)->0K(42496K) From: 38080K(250368K)->42688K(43008K)
[45.479s][info][gc,heap        ] GC(305) ParOldGen: 6454109K(7118336K)->6492341K(7118336K)
[45.479s][info][gc,metaspace   ] GC(305) Metaspace: 6298K(6464K)->6298K(6464K) NonClass: 5764K(5824K)->5764K(5824K) Class: 533K(640K)->533K(640K)
[45.479s][info][gc             ] GC(305) Pause Young (Allocation Failure) 6381M->6381M(7035M) 96.492ms
[45.479s][info][gc,cpu         ] GC(305) User=0.19s Sys=0.00s Real=0.10s
[45.525s][info][gc,start       ] GC(306) Pause Young (Allocation Failure)
[45.618s][info][gc,heap        ] GC(306) PSYoungGen: 85184K(85504K)->42720K(274432K) Eden: 42496K(42496K)->0K(48128K) From: 42688K(43008K)->42720K(226304K)
[45.618s][info][gc,heap        ] GC(306) ParOldGen: 6492341K(7118336K)->6535237K(7118336K)
[45.618s][info][gc,metaspace   ] GC(306) Metaspace: 6298K(6464K)->6298K(6464K) NonClass: 5764K(5824K)->5764K(5824K) Class: 533K(640K)->533K(640K)
[45.618s][info][gc             ] GC(306) Pause Young (Allocation Failure) 6423M->6423M(7219M) 93.818ms
[45.618s][info][gc,cpu         ] GC(306) User=0.30s Sys=0.02s Real=0.09s
[45.668s][info][gc,start       ] GC(307) Pause Young (Allocation Failure)
[45.753s][info][gc,heap        ] GC(307) PSYoungGen: 90848K(274432K)->48320K(96768K) Eden: 48128K(48128K)->0K(48128K) From: 42720K(226304K)->48320K(48640K)
[45.753s][info][gc,heap        ] GC(307) ParOldGen: 6535237K(7118336K)->6578125K(7118336K)
[45.753s][info][gc,metaspace   ] GC(307) Metaspace: 6298K(6464K)->6298K(6464K) NonClass: 5764K(5824K)->5764K(5824K) Class: 533K(640K)->533K(640K)
[45.753s][info][gc             ] GC(307) Pause Young (Allocation Failure) 6470M->6471M(7046M) 85.575ms
[45.753s][info][gc,cpu         ] GC(307) User=0.30s Sys=0.05s Real=0.09s
[45.804s][info][gc,start       ] GC(308) Pause Young (Allocation Failure)
[45.895s][info][gc,heap        ] GC(308) PSYoungGen: 96448K(96768K)->48352K(254464K) Eden: 48128K(48128K)->0K(54272K) From: 48320K(48640K)->48352K(200192K)
[45.895s][info][gc,heap        ] GC(308) ParOldGen: 6578125K(7118336K)->6626693K(7118336K)
[45.895s][info][gc,metaspace   ] GC(308) Metaspace: 6298K(6464K)->6298K(6464K) NonClass: 5764K(5824K)->5764K(5824K) Class: 533K(640K)->533K(640K)
[45.895s][info][gc             ] GC(308) Pause Young (Allocation Failure) 6518M->6518M(7200M) 90.587ms
[45.895s][info][gc,cpu         ] GC(308) User=0.22s Sys=0.02s Real=0.09s
[45.959s][info][gc,start       ] GC(309) Pause Young (Allocation Failure)
[46.052s][info][gc,heap        ] GC(309) PSYoungGen: 102624K(254464K)->54464K(109056K) Eden: 54272K(54272K)->0K(54272K) From: 48352K(200192K)->54464K(54784K)
[46.052s][info][gc,heap        ] GC(309) ParOldGen: 6626693K(7118336K)->6675245K(7118336K)
[46.052s][info][gc,metaspace   ] GC(309) Metaspace: 6298K(6464K)->6298K(6464K) NonClass: 5764K(5824K)->5764K(5824K) Class: 533K(640K)->533K(640K)
[46.052s][info][gc             ] GC(309) Pause Young (Allocation Failure) 6571M->6571M(7058M) 92.404ms
[46.052s][info][gc,cpu         ] GC(309) User=0.28s Sys=0.02s Real=0.09s
[46.111s][info][gc,start       ] GC(310) Pause Young (Allocation Failure)
[46.208s][info][gc,heap        ] GC(310) PSYoungGen: 108736K(109056K)->54464K(238080K) Eden: 54272K(54272K)->0K(61440K) From: 54464K(54784K)->54464K(176640K)
[46.208s][info][gc,heap        ] GC(310) ParOldGen: 6675245K(7118336K)->6730005K(7118336K)
[46.208s][info][gc,metaspace   ] GC(310) Metaspace: 6298K(6464K)->6298K(6464K) NonClass: 5764K(5824K)->5764K(5824K) Class: 533K(640K)->533K(640K)
[46.208s][info][gc             ] GC(310) Pause Young (Allocation Failure) 6624M->6625M(7184M) 97.342ms
[46.208s][info][gc,cpu         ] GC(310) User=0.25s Sys=0.05s Real=0.10s
[46.274s][info][gc,start       ] GC(311) Pause Young (Allocation Failure)
[46.372s][info][gc,heap        ] GC(311) PSYoungGen: 115904K(238080K)->61664K(123392K) Eden: 61440K(61440K)->0K(61440K) From: 54464K(176640K)->61664K(61952K)
[46.372s][info][gc,heap        ] GC(311) ParOldGen: 6730005K(7118336K)->6784765K(7118336K)
[46.372s][info][gc,metaspace   ] GC(311) Metaspace: 6298K(6464K)->6298K(6464K) NonClass: 5764K(5824K)->5764K(5824K) Class: 533K(640K)->533K(640K)
[46.372s][info][gc             ] GC(311) Pause Young (Allocation Failure) 6685M->6685M(7072M) 97.802ms
[46.372s][info][gc,cpu         ] GC(311) User=0.23s Sys=0.06s Real=0.10s
[46.437s][info][gc,start       ] GC(312) Pause Young (Allocation Failure)
[46.554s][info][gc,heap        ] GC(312) PSYoungGen: 123104K(123392K)->61696K(223744K) Eden: 61440K(61440K)->0K(69120K) From: 61664K(61952K)->61696K(154624K)
[46.554s][info][gc,heap        ] GC(312) ParOldGen: 6784765K(7118336K)->6846757K(7118336K)
[46.554s][info][gc,metaspace   ] GC(312) Metaspace: 6298K(6464K)->6298K(6464K) NonClass: 5764K(5824K)->5764K(5824K) Class: 533K(640K)->533K(640K)
[46.554s][info][gc             ] GC(312) Pause Young (Allocation Failure) 6745M->6746M(7170M) 117.568ms
[46.555s][info][gc,cpu         ] GC(312) User=0.28s Sys=0.03s Real=0.12s
[46.638s][info][gc,start       ] GC(313) Pause Young (Allocation Failure)
[46.742s][info][gc,heap        ] GC(313) PSYoungGen: 130816K(223744K)->69376K(234496K) Eden: 69120K(69120K)->0K(69120K) From: 61696K(154624K)->69376K(165376K)
[46.742s][info][gc,heap        ] GC(313) ParOldGen: 6846757K(7118336K)->6908757K(7118336K)
[46.742s][info][gc,metaspace   ] GC(313) Metaspace: 6298K(6464K)->6298K(6464K) NonClass: 5764K(5824K)->5764K(5824K) Class: 533K(640K)->533K(640K)
[46.742s][info][gc             ] GC(313) Pause Young (Allocation Failure) 6814M->6814M(7180M) 104.251ms
[46.742s][info][gc,cpu         ] GC(313) User=0.34s Sys=0.00s Real=0.11s
[46.812s][info][gc,start       ] GC(314) Pause Young (Allocation Failure)
[46.921s][info][gc,heap        ] GC(314) PSYoungGen: 138496K(234496K)->69408K(220160K) Eden: 69120K(69120K)->0K(77824K) From: 69376K(165376K)->69408K(142336K)
[46.921s][info][gc,heap        ] GC(314) ParOldGen: 6908757K(7118336K)->6978501K(7118336K)
[46.921s][info][gc,metaspace   ] GC(314) Metaspace: 6298K(6464K)->6298K(6464K) NonClass: 5764K(5824K)->5764K(5824K) Class: 533K(640K)->533K(640K)
[46.921s][info][gc             ] GC(314) Pause Young (Allocation Failure) 6882M->6882M(7166M) 108.893ms
[46.921s][info][gc,cpu         ] GC(314) User=0.33s Sys=0.02s Real=0.11s
[46.999s][info][gc,start       ] GC(315) Pause Young (Allocation Failure)
[47.101s][info][gc,heap        ] GC(315) PSYoungGen: 147232K(220160K)->78112K(227840K) Eden: 77824K(77824K)->0K(77824K) From: 69408K(142336K)->78112K(150016K)
[47.101s][info][gc,heap        ] GC(315) ParOldGen: 6978501K(7118336K)->7048253K(7118336K)
[47.101s][info][gc,metaspace   ] GC(315) Metaspace: 6298K(6464K)->6298K(6464K) NonClass: 5764K(5824K)->5764K(5824K) Class: 533K(640K)->533K(640K)
[47.101s][info][gc             ] GC(315) Pause Young (Allocation Failure) 6958M->6959M(7174M) 102.368ms
[47.101s][info][gc,cpu         ] GC(315) User=0.41s Sys=0.03s Real=0.10s
[47.101s][info][gc,start       ] GC(316) Pause Full (Ergonomics)
[47.101s][info][gc,phases,start] GC(316) Marking Phase
[48.707s][info][gc,phases      ] GC(316) Marking Phase 1605.068ms
[48.707s][info][gc,phases,start] GC(316) Summary Phase
[48.707s][info][gc,phases      ] GC(316) Summary Phase 0.081ms
[48.707s][info][gc,phases,start] GC(316) Adjust Roots
[48.707s][info][gc,phases      ] GC(316) Adjust Roots 0.219ms
[48.707s][info][gc,phases,start] GC(316) Compaction Phase
[49.418s][info][gc,phases      ] GC(316) Compaction Phase 711.364ms
[49.418s][info][gc,phases,start] GC(316) Post Compact
[49.430s][info][gc,phases      ] GC(316) Post Compact 11.643ms
[49.432s][info][gc,heap        ] GC(316) PSYoungGen: 78112K(227840K)->2184K(227840K) Eden: 0K(77824K)->0K(77824K) From: 78112K(150016K)->2184K(150016K)
[49.432s][info][gc,heap        ] GC(316) ParOldGen: 7048253K(7118336K)->7118157K(7849984K)
[49.432s][info][gc,metaspace   ] GC(316) Metaspace: 6298K(6464K)->6298K(6464K) NonClass: 5764K(5824K)->5764K(5824K) Class: 533K(640K)->533K(640K)
[49.432s][info][gc             ] GC(316) Pause Full (Ergonomics) 6959M->6953M(7888M) 2331.050ms
[49.433s][info][gc,cpu         ] GC(316) User=16.94s Sys=0.05s Real=2.33s
[49.518s][info][gc,start       ] GC(317) Pause Young (Allocation Failure)
[49.868s][info][gc,heap        ] GC(317) PSYoungGen: 80008K(227840K)->78112K(222720K) Eden: 77824K(77824K)->0K(85504K) From: 2184K(150016K)->78112K(137216K)
[49.868s][info][gc,heap        ] GC(317) ParOldGen: 7118157K(7849984K)->7120389K(7849984K)
[49.868s][info][gc,metaspace   ] GC(317) Metaspace: 6298K(6464K)->6298K(6464K) NonClass: 5764K(5824K)->5764K(5824K) Class: 533K(640K)->533K(640K)
[49.868s][info][gc             ] GC(317) Pause Young (Allocation Failure) 7029M->7029M(7883M) 349.525ms
[49.868s][info][gc,cpu         ] GC(317) User=2.30s Sys=0.00s Real=0.35s
[49.951s][info][gc,start       ] GC(318) Pause Young (Allocation Failure)
[50.067s][info][gc,heap        ] GC(318) PSYoungGen: 163616K(222720K)->142848K(228352K) Eden: 85504K(85504K)->0K(85504K) From: 78112K(137216K)->142848K(142848K)
[50.067s][info][gc,heap        ] GC(318) ParOldGen: 7120389K(7849984K)->7141325K(7849984K)
[50.067s][info][gc,metaspace   ] GC(318) Metaspace: 6298K(6464K)->6298K(6464K) NonClass: 5764K(5824K)->5764K(5824K) Class: 533K(640K)->533K(640K)
[50.067s][info][gc             ] GC(318) Pause Young (Allocation Failure) 7113M->7113M(7889M) 116.742ms
[50.067s][info][gc,cpu         ] GC(318) User=0.38s Sys=0.00s Real=0.12s
[50.155s][info][gc,start       ] GC(319) Pause Young (Allocation Failure)
[50.288s][info][gc,heap        ] GC(319) PSYoungGen: 228352K(228352K)->85824K(253440K) Eden: 85504K(85504K)->0K(94720K) From: 142848K(142848K)->85824K(158720K)
[50.288s][info][gc,heap        ] GC(319) ParOldGen: 7141325K(7849984K)->7285221K(7849984K)
[50.288s][info][gc,metaspace   ] GC(319) Metaspace: 6298K(6464K)->6298K(6464K) NonClass: 5764K(5824K)->5764K(5824K) Class: 533K(640K)->533K(640K)
[50.288s][info][gc             ] GC(319) Pause Young (Allocation Failure) 7196M->7198M(7913M) 133.537ms
[50.288s][info][gc,cpu         ] GC(319) User=0.72s Sys=0.06s Real=0.13s
[50.397s][info][gc,start       ] GC(320) Pause Young (Allocation Failure)
[50.521s][info][gc,heap        ] GC(320) PSYoungGen: 180544K(253440K)->95008K(259584K) Eden: 94720K(94720K)->0K(94720K) From: 85824K(158720K)->95008K(164864K)
[50.521s][info][gc,heap        ] GC(320) ParOldGen: 7285221K(7849984K)->7371493K(7849984K)
[50.521s][info][gc,metaspace   ] GC(320) Metaspace: 6298K(6464K)->6298K(6464K) NonClass: 5764K(5824K)->5764K(5824K) Class: 533K(640K)->533K(640K)
[50.521s][info][gc             ] GC(320) Pause Young (Allocation Failure) 7290M->7291M(7919M) 124.254ms
[50.521s][info][gc,cpu         ] GC(320) User=0.59s Sys=0.02s Real=0.12s
[50.620s][info][gc,start       ] GC(321) Pause Young (Allocation Failure)
[50.746s][info][gc,heap        ] GC(321) PSYoungGen: 189728K(259584K)->95040K(262656K) Eden: 94720K(94720K)->0K(104960K) From: 95008K(164864K)->95040K(157696K)
[50.746s][info][gc,heap        ] GC(321) ParOldGen: 7371493K(7849984K)->7467085K(7849984K)
[50.746s][info][gc,metaspace   ] GC(321) Metaspace: 6298K(6464K)->6298K(6464K) NonClass: 5764K(5824K)->5764K(5824K) Class: 533K(640K)->533K(640K)
[50.746s][info][gc             ] GC(321) Pause Young (Allocation Failure) 7384M->7384M(7922M) 126.182ms
[50.746s][info][gc,cpu         ] GC(321) User=0.70s Sys=0.03s Real=0.13s
[50.860s][info][gc,start       ] GC(322) Pause Young (Allocation Failure)
[50.990s][info][gc,heap        ] GC(322) PSYoungGen: 200000K(262656K)->105280K(265216K) Eden: 104960K(104960K)->0K(104960K) From: 95040K(157696K)->105280K(160256K)
[50.990s][info][gc,heap        ] GC(322) ParOldGen: 7467085K(7849984K)->7562677K(7849984K)
[50.990s][info][gc,metaspace   ] GC(322) Metaspace: 6298K(6464K)->6298K(6464K) NonClass: 5764K(5824K)->5764K(5824K) Class: 533K(640K)->533K(640K)
[50.990s][info][gc             ] GC(322) Pause Young (Allocation Failure) 7487M->7488M(7925M) 129.733ms
[50.990s][info][gc,cpu         ] GC(322) User=0.55s Sys=0.05s Real=0.13s
[51.096s][info][gc,start       ] GC(323) Pause Young (Allocation Failure)
[51.227s][info][gc,heap        ] GC(323) PSYoungGen: 210240K(265216K)->105280K(276992K) Eden: 104960K(104960K)->0K(115712K) From: 105280K(160256K)->105280K(161280K)
[51.228s][info][gc,heap        ] GC(323) ParOldGen: 7562677K(7849984K)->7668605K(7849984K)
[51.228s][info][gc,metaspace   ] GC(323) Metaspace: 6298K(6464K)->6298K(6464K) NonClass: 5764K(5824K)->5764K(5824K) Class: 533K(640K)->533K(640K)
[51.228s][info][gc             ] GC(323) Pause Young (Allocation Failure) 7590M->7591M(7936M) 132.087ms
[51.228s][info][gc,cpu         ] GC(323) User=0.59s Sys=0.00s Real=0.13s
[51.363s][info][gc,start       ] GC(324) Pause Young (Allocation Failure)
[51.504s][info][gc,heap        ] GC(324) PSYoungGen: 220992K(276992K)->116064K(277504K) Eden: 115712K(115712K)->0K(115712K) From: 105280K(161280K)->116064K(161792K)
[51.504s][info][gc,heap        ] GC(324) ParOldGen: 7668605K(7849984K)->7774501K(7849984K)
[51.504s][info][gc,metaspace   ] GC(324) Metaspace: 6298K(6464K)->6298K(6464K) NonClass: 5764K(5824K)->5764K(5824K) Class: 533K(640K)->533K(640K)
[51.504s][info][gc             ] GC(324) Pause Young (Allocation Failure) 7704M->7705M(7937M) 141.467ms
[51.505s][info][gc,cpu         ] GC(324) User=0.67s Sys=0.05s Real=0.14s
[51.505s][info][gc,start       ] GC(325) Pause Full (Ergonomics)
[51.505s][info][gc,phases,start] GC(325) Marking Phase
[53.337s][info][gc,phases      ] GC(325) Marking Phase 1832.693ms
[53.337s][info][gc,phases,start] GC(325) Summary Phase
[53.337s][info][gc,phases      ] GC(325) Summary Phase 0.082ms
[53.337s][info][gc,phases,start] GC(325) Adjust Roots
[53.338s][info][gc,phases      ] GC(325) Adjust Roots 0.191ms
[53.338s][info][gc,phases,start] GC(325) Compaction Phase
[54.120s][info][gc,phases      ] GC(325) Compaction Phase 782.182ms
[54.120s][info][gc,phases,start] GC(325) Post Compact
[54.132s][info][gc,phases      ] GC(325) Post Compact 11.992ms
[54.135s][info][gc,heap        ] GC(325) PSYoungGen: 116064K(277504K)->34424K(277504K) Eden: 0K(115712K)->0K(115712K) From: 116064K(161792K)->34424K(161792K)
[54.135s][info][gc,heap        ] GC(325) ParOldGen: 7774501K(7849984K)->7849567K(8712192K)
[54.135s][info][gc,metaspace   ] GC(325) Metaspace: 6298K(6464K)->6298K(6464K) NonClass: 5764K(5824K)->5764K(5824K) Class: 533K(640K)->533K(640K)
[54.135s][info][gc             ] GC(325) Pause Full (Ergonomics) 7705M->7699M(8779M) 2630.334ms
[54.135s][info][gc,cpu         ] GC(325) User=18.75s Sys=0.09s Real=2.63s
[54.250s][info][gc,start       ] GC(326) Pause Young (Allocation Failure)
[54.674s][info][gc,heap        ] GC(326) PSYoungGen: 150136K(277504K)->116032K(291328K) Eden: 115712K(115712K)->0K(125952K) From: 34424K(161792K)->116032K(165376K)
[54.674s][info][gc,heap        ] GC(326) ParOldGen: 7849567K(8712192K)->7884335K(8712192K)
[54.674s][info][gc,metaspace   ] GC(326) Metaspace: 6298K(6464K)->6298K(6464K) NonClass: 5764K(5824K)->5764K(5824K) Class: 533K(640K)->533K(640K)
[54.674s][info][gc             ] GC(326) Pause Young (Allocation Failure) 7812M->7812M(8792M) 423.819ms
[54.674s][info][gc,cpu         ] GC(326) User=2.77s Sys=0.02s Real=0.42s
[54.811s][info][gc,start       ] GC(327) Pause Young (Allocation Failure)
[54.957s][info][gc,heap        ] GC(327) PSYoungGen: 241984K(291328K)->167936K(293888K) Eden: 125952K(125952K)->0K(125952K) From: 116032K(165376K)->167936K(167936K)
[54.957s][info][gc,heap        ] GC(327) ParOldGen: 7884335K(8712192K)->7959039K(8712192K)
[54.957s][info][gc,metaspace   ] GC(327) Metaspace: 6298K(6464K)->6298K(6464K) NonClass: 5764K(5824K)->5764K(5824K) Class: 533K(640K)->533K(640K)
[54.957s][info][gc             ] GC(327) Pause Young (Allocation Failure) 7935M->7936M(8795M) 146.618ms
[54.957s][info][gc,cpu         ] GC(327) User=0.67s Sys=0.05s Real=0.15s
[55.084s][info][gc,start       ] GC(328) Pause Young (Allocation Failure)
[55.265s][info][gc,heap        ] GC(328) PSYoungGen: 293888K(293888K)->126368K(348672K) Eden: 125952K(125952K)->0K(138752K) From: 167936K(167936K)->126368K(209920K)
[55.265s][info][gc,heap        ] GC(328) ParOldGen: 7959039K(8712192K)->8128167K(8712192K)
[55.265s][info][gc,metaspace   ] GC(328) Metaspace: 6298K(6464K)->6298K(6464K) NonClass: 5764K(5824K)->5764K(5824K) Class: 533K(640K)->533K(640K)
[55.265s][info][gc             ] GC(328) Pause Young (Allocation Failure) 8059M->8061M(8848M) 181.514ms
[55.265s][info][gc,cpu         ] GC(328) User=1.03s Sys=0.05s Real=0.18s
[55.409s][info][gc,start       ] GC(329) Pause Young (Allocation Failure)
[55.581s][info][gc,heap        ] GC(329) PSYoungGen: 265120K(348672K)->212480K(351232K) Eden: 138752K(138752K)->0K(138752K) From: 126368K(209920K)->212480K(212480K)
[55.581s][info][gc,heap        ] GC(329) ParOldGen: 8128167K(8712192K)->8181263K(8712192K)
[55.581s][info][gc,metaspace   ] GC(329) Metaspace: 6298K(6464K)->6298K(6464K) NonClass: 5764K(5824K)->5764K(5824K) Class: 533K(640K)->533K(640K)
[55.581s][info][gc             ] GC(329) Pause Young (Allocation Failure) 8196M->8197M(8851M) 172.517ms
[55.581s][info][gc,cpu         ] GC(329) User=0.91s Sys=0.03s Real=0.17s
[55.731s][info][gc,start       ] GC(330) Pause Young (Allocation Failure)
[55.951s][info][gc,heap        ] GC(330) PSYoungGen: 351232K(351232K)->139136K(398848K) Eden: 138752K(138752K)->0K(153600K) From: 212480K(212480K)->139136K(245248K)
[55.951s][info][gc,heap        ] GC(330) ParOldGen: 8181263K(8712192K)->8395263K(8712192K)
[55.951s][info][gc,metaspace   ] GC(330) Metaspace: 6298K(6464K)->6298K(6464K) NonClass: 5764K(5824K)->5764K(5824K) Class: 533K(640K)->533K(640K)
[55.951s][info][gc             ] GC(330) Pause Young (Allocation Failure) 8332M->8334M(8897M) 220.365ms
[55.951s][info][gc,cpu         ] GC(330) User=1.41s Sys=0.08s Real=0.22s
[56.112s][info][gc,start       ] GC(331) Pause Young (Allocation Failure)
[56.304s][info][gc,heap        ] GC(331) PSYoungGen: 292736K(398848K)->154112K(406016K) Eden: 153600K(153600K)->0K(153600K) From: 139136K(245248K)->154112K(252416K)
[56.304s][info][gc,heap        ] GC(331) ParOldGen: 8395263K(8712192K)->8535271K(8712192K)
[56.304s][info][gc,metaspace   ] GC(331) Metaspace: 6298K(6464K)->6298K(6464K) NonClass: 5764K(5824K)->5764K(5824K) Class: 533K(640K)->533K(640K)
[56.304s][info][gc             ] GC(331) Pause Young (Allocation Failure) 8484M->8485M(8904M) 192.116ms
[56.304s][info][gc,cpu         ] GC(331) User=0.97s Sys=0.06s Real=0.19s
[56.304s][info][gc,start       ] GC(332) Pause Full (Ergonomics)
[56.304s][info][gc,phases,start] GC(332) Marking Phase
[58.450s][info][gc,phases      ] GC(332) Marking Phase 2145.854ms
[58.450s][info][gc,phases,start] GC(332) Summary Phase
[58.451s][info][gc,phases      ] GC(332) Summary Phase 0.156ms
[58.451s][info][gc,phases,start] GC(332) Adjust Roots
[58.451s][info][gc,phases      ] GC(332) Adjust Roots 0.213ms
[58.451s][info][gc,phases,start] GC(332) Compaction Phase
[59.321s][info][gc,phases      ] GC(332) Compaction Phase 870.459ms
[59.321s][info][gc,phases,start] GC(332) Post Compact
[59.337s][info][gc,phases      ] GC(332) Post Compact 15.813ms
[59.340s][info][gc,heap        ] GC(332) PSYoungGen: 154112K(406016K)->0K(419840K) Eden: 0K(153600K)->0K(169984K) From: 154112K(252416K)->0K(249856K)
[59.340s][info][gc,heap        ] GC(332) ParOldGen: 8535271K(8712192K)->8682514K(9684480K)
[59.340s][info][gc,metaspace   ] GC(332) Metaspace: 6298K(6464K)->6298K(6464K) NonClass: 5764K(5824K)->5764K(5824K) Class: 533K(640K)->533K(640K)
[59.340s][info][gc             ] GC(332) Pause Full (Ergonomics) 8485M->8479M(9867M) 3035.937ms
[59.340s][info][gc,cpu         ] GC(332) User=21.41s Sys=0.09s Real=3.04s
[59.519s][info][gc,start       ] GC(333) Pause Young (Allocation Failure)
[59.644s][info][gc,heap        ] GC(333) PSYoungGen: 169984K(419840K)->170432K(419840K) Eden: 169984K(169984K)->0K(169984K) From: 0K(249856K)->170432K(249856K)
[59.644s][info][gc,heap        ] GC(333) ParOldGen: 8682514K(9684480K)->8682514K(9684480K)
[59.645s][info][gc,metaspace   ] GC(333) Metaspace: 6298K(6464K)->6298K(6464K) NonClass: 5764K(5824K)->5764K(5824K) Class: 533K(640K)->533K(640K)
[59.645s][info][gc             ] GC(333) Pause Young (Allocation Failure) 8645M->8645M(9867M) 125.494ms
[59.645s][info][gc,cpu         ] GC(333) User=0.52s Sys=0.00s Real=0.12s
[59.833s][info][gc,start       ] GC(334) Pause Young (Allocation Failure)
[60.034s][info][gc,heap        ] GC(334) PSYoungGen: 340416K(419840K)->253440K(373248K) Eden: 169984K(169984K)->0K(119808K) From: 170432K(249856K)->253440K(253440K)
[60.034s][info][gc,heap        ] GC(334) ParOldGen: 8682514K(9684480K)->8770330K(9684480K)
[60.034s][info][gc,metaspace   ] GC(334) Metaspace: 6298K(6464K)->6298K(6464K) NonClass: 5764K(5824K)->5764K(5824K) Class: 533K(640K)->533K(640K)
[60.034s][info][gc             ] GC(334) Pause Young (Allocation Failure) 8811M->8812M(9822M) 201.781ms
[60.034s][info][gc,cpu         ] GC(334) User=1.28s Sys=0.09s Real=0.20s
[60.157s][info][gc,start       ] GC(335) Pause Young (Allocation Failure)
[60.378s][info][gc,heap        ] GC(335) PSYoungGen: 373248K(373248K)->120160K(438272K) Eden: 119808K(119808K)->0K(119808K) From: 253440K(253440K)->120160K(318464K)
[60.378s][info][gc,heap        ] GC(335) ParOldGen: 8770330K(9684480K)->9025586K(9684480K)
[60.378s][info][gc,metaspace   ] GC(335) Metaspace: 6298K(6464K)->6298K(6464K) NonClass: 5764K(5824K)->5764K(5824K) Class: 533K(640K)->533K(640K)
[60.378s][info][gc             ] GC(335) Pause Young (Allocation Failure) 8929M->8931M(9885M) 220.658ms
[60.378s][info][gc,cpu         ] GC(335) User=1.30s Sys=0.17s Real=0.22s
[60.525s][info][gc,start       ] GC(336) Pause Young (Allocation Failure)
[60.673s][info][gc,heap        ] GC(336) PSYoungGen: 239968K(438272K)->240192K(421888K) Eden: 119808K(119808K)->0K(114176K) From: 120160K(318464K)->240192K(307712K)
[60.673s][info][gc,heap        ] GC(336) ParOldGen: 9025586K(9684480K)->9025586K(9684480K)
[60.673s][info][gc,metaspace   ] GC(336) Metaspace: 6298K(6464K)->6298K(6464K) NonClass: 5764K(5824K)->5764K(5824K) Class: 533K(640K)->533K(640K)
[60.673s][info][gc             ] GC(336) Pause Young (Allocation Failure) 9048M->9048M(9869M) 148.811ms
[60.673s][info][gc,cpu         ] GC(336) User=1.00s Sys=0.00s Real=0.15s
[60.795s][info][gc,start       ] GC(337) Pause Young (Allocation Failure)
[61.005s][info][gc,heap        ] GC(337) PSYoungGen: 354368K(421888K)->325120K(439296K) Eden: 114176K(114176K)->0K(114176K) From: 240192K(307712K)->325120K(325120K)
[61.005s][info][gc,heap        ] GC(337) ParOldGen: 9025586K(9684480K)->9055154K(9684480K)
[61.005s][info][gc,metaspace   ] GC(337) Metaspace: 6298K(6464K)->6298K(6464K) NonClass: 5764K(5824K)->5764K(5824K) Class: 533K(640K)->533K(640K)
[61.005s][info][gc             ] GC(337) Pause Young (Allocation Failure) 9160M->9160M(9886M) 210.892ms
[61.005s][info][gc,cpu         ] GC(337) User=0.92s Sys=0.00s Real=0.21s
[61.134s][info][gc,start       ] GC(338) Pause Young (Allocation Failure)
[61.397s][info][gc,heap        ] GC(338) PSYoungGen: 439296K(439296K)->218720K(499200K) Eden: 114176K(114176K)->0K(127488K) From: 325120K(325120K)->218720K(371712K)
[61.398s][info][gc,heap        ] GC(338) ParOldGen: 9055154K(9684480K)->9277738K(9684480K)
[61.398s][info][gc,metaspace   ] GC(338) Metaspace: 6298K(6464K)->6298K(6464K) NonClass: 5764K(5824K)->5764K(5824K) Class: 533K(640K)->533K(640K)
[61.398s][info][gc             ] GC(338) Pause Young (Allocation Failure) 9271M->9273M(9945M) 263.264ms
[61.398s][info][gc,cpu         ] GC(338) User=1.80s Sys=0.11s Real=0.26s
[61.548s][info][gc,start       ] GC(339) Pause Young (Allocation Failure)
[61.805s][info][gc,heap        ] GC(339) PSYoungGen: 346208K(499200K)->242272K(503296K) Eden: 127488K(127488K)->0K(127488K) From: 218720K(371712K)->242272K(375808K)
[61.805s][info][gc,heap        ] GC(339) ParOldGen: 9277738K(9684480K)->9382634K(9684480K)
[61.805s][info][gc,metaspace   ] GC(339) Metaspace: 6298K(6464K)->6298K(6464K) NonClass: 5764K(5824K)->5764K(5824K) Class: 533K(640K)->533K(640K)
[61.805s][info][gc             ] GC(339) Pause Young (Allocation Failure) 9398M->9399M(9949M) 256.867ms
[61.805s][info][gc,cpu         ] GC(339) User=1.00s Sys=0.03s Real=0.26s
[61.950s][info][gc,start       ] GC(340) Pause Young (Allocation Failure)
[62.160s][info][gc,heap        ] GC(340) PSYoungGen: 369760K(503296K)->255520K(515072K) Eden: 127488K(127488K)->0K(136704K) From: 242272K(375808K)->255520K(378368K)
[62.160s][info][gc,heap        ] GC(340) ParOldGen: 9382634K(9684480K)->9497866K(9684480K)
[62.160s][info][gc,metaspace   ] GC(340) Metaspace: 6298K(6464K)->6298K(6464K) NonClass: 5764K(5824K)->5764K(5824K) Class: 533K(640K)->533K(640K)
[62.160s][info][gc             ] GC(340) Pause Young (Allocation Failure) 9523M->9524M(9960M) 209.698ms
[62.160s][info][gc,cpu         ] GC(340) User=1.42s Sys=0.06s Real=0.21s
[62.160s][info][gc,start       ] GC(341) Pause Full (Ergonomics)
[62.160s][info][gc,phases,start] GC(341) Marking Phase
[64.438s][info][gc,phases      ] GC(341) Marking Phase 2278.446ms
[64.438s][info][gc,phases,start] GC(341) Summary Phase
[64.439s][info][gc,phases      ] GC(341) Summary Phase 0.171ms
[64.439s][info][gc,phases,start] GC(341) Adjust Roots
[64.439s][info][gc,phases      ] GC(341) Adjust Roots 0.373ms
[64.439s][info][gc,phases,start] GC(341) Compaction Phase
[65.428s][info][gc,phases      ] GC(341) Compaction Phase 988.656ms
[65.428s][info][gc,phases,start] GC(341) Post Compact
[65.445s][info][gc,phases      ] GC(341) Post Compact 17.243ms
[65.449s][info][gc,heap        ] GC(341) PSYoungGen: 255520K(515072K)->60748K(515072K) Eden: 0K(136704K)->0K(136704K) From: 255520K(378368K)->60748K(378368K)
[65.449s][info][gc,heap        ] GC(341) ParOldGen: 9497866K(9684480K)->9684425K(10797568K)
[65.449s][info][gc,metaspace   ] GC(341) Metaspace: 6298K(6464K)->6298K(6464K) NonClass: 5764K(5824K)->5764K(5824K) Class: 533K(640K)->533K(640K)
[65.449s][info][gc             ] GC(341) Pause Full (Ergonomics) 9524M->9516M(11047M) 3288.924ms
[65.449s][info][gc,cpu         ] GC(341) User=23.83s Sys=0.17s Real=3.29s
[65.589s][info][gc,start       ] GC(342) Pause Young (Allocation Failure)
[66.152s][info][gc,heap        ] GC(342) PSYoungGen: 197452K(515072K)->171680K(308736K) Eden: 136704K(136704K)->0K(136704K) From: 60748K(378368K)->171680K(172032K)
[66.152s][info][gc,heap        ] GC(342) ParOldGen: 9684425K(10797568K)->9710937K(10797568K)
[66.152s][info][gc,metaspace   ] GC(342) Metaspace: 6298K(6464K)->6298K(6464K) NonClass: 5764K(5824K)->5764K(5824K) Class: 533K(640K)->533K(640K)
[66.152s][info][gc             ] GC(342) Pause Young (Allocation Failure) 9650M->9650M(10846M) 562.791ms
[66.152s][info][gc,cpu         ] GC(342) User=3.89s Sys=0.00s Real=0.56s
[66.302s][info][gc,start       ] GC(343) Pause Young (Allocation Failure)
[66.489s][info][gc,heap        ] GC(343) PSYoungGen: 308384K(308736K)->308640K(494080K) Eden: 136704K(136704K)->0K(124928K) From: 171680K(172032K)->308640K(369152K)
[66.489s][info][gc,heap        ] GC(343) ParOldGen: 9710937K(10797568K)->9710937K(10797568K)
[66.489s][info][gc,metaspace   ] GC(343) Metaspace: 6298K(6464K)->6298K(6464K) NonClass: 5764K(5824K)->5764K(5824K) Class: 533K(640K)->533K(640K)
[66.489s][info][gc             ] GC(343) Pause Young (Allocation Failure) 9784M->9784M(11027M) 186.540ms
[66.489s][info][gc,cpu         ] GC(343) User=1.14s Sys=0.06s Real=0.19s
[66.632s][info][gc,start       ] GC(344) Pause Young (Allocation Failure)
[66.873s][info][gc,heap        ] GC(344) PSYoungGen: 433568K(494080K)->394240K(519168K) Eden: 124928K(124928K)->0K(124928K) From: 308640K(369152K)->394240K(394240K)
[66.873s][info][gc,heap        ] GC(344) ParOldGen: 9710937K(10797568K)->9750705K(10797568K)
[66.873s][info][gc,metaspace   ] GC(344) Metaspace: 6298K(6464K)->6298K(6464K) NonClass: 5764K(5824K)->5764K(5824K) Class: 533K(640K)->533K(640K)
[66.874s][info][gc             ] GC(344) Pause Young (Allocation Failure) 9906M->9907M(11051M) 241.940ms
[66.874s][info][gc,cpu         ] GC(344) User=1.39s Sys=0.00s Real=0.24s
[67.006s][info][gc,start       ] GC(345) Pause Young (Allocation Failure)
[67.314s][info][gc,heap        ] GC(345) PSYoungGen: 519168K(519168K)->368736K(569344K) Eden: 124928K(124928K)->0K(109056K) From: 394240K(394240K)->368736K(460288K)
[67.314s][info][gc,heap        ] GC(345) ParOldGen: 9750705K(10797568K)->9902593K(10797568K)
[67.314s][info][gc,metaspace   ] GC(345) Metaspace: 6298K(6464K)->6298K(6464K) NonClass: 5764K(5824K)->5764K(5824K) Class: 533K(640K)->533K(640K)
[67.314s][info][gc             ] GC(345) Pause Young (Allocation Failure) 10029M->10030M(11100M) 307.696ms
[67.314s][info][gc,cpu         ] GC(345) User=2.22s Sys=0.16s Real=0.31s
[67.443s][info][gc,start       ] GC(346) Pause Young (Allocation Failure)
[67.767s][info][gc,heap        ] GC(346) PSYoungGen: 477792K(569344K)->345696K(598528K) Eden: 109056K(109056K)->0K(109056K) From: 368736K(460288K)->345696K(489472K)
[67.767s][info][gc,heap        ] GC(346) ParOldGen: 9902593K(10797568K)->10035801K(10797568K)
[67.767s][info][gc,metaspace   ] GC(346) Metaspace: 6298K(6464K)->6298K(6464K) NonClass: 5764K(5824K)->5764K(5824K) Class: 533K(640K)->533K(640K)
[67.767s][info][gc             ] GC(346) Pause Young (Allocation Failure) 10137M->10138M(11129M) 324.090ms
[67.767s][info][gc,cpu         ] GC(346) User=2.17s Sys=0.03s Real=0.32s
[67.880s][info][gc,start       ] GC(347) Pause Young (Allocation Failure)
[68.168s][info][gc,heap        ] GC(347) PSYoungGen: 454752K(598528K)->218656K(588288K) Eden: 109056K(109056K)->0K(123392K) From: 345696K(489472K)->218656K(464896K)
[68.168s][info][gc,heap        ] GC(347) ParOldGen: 10035801K(10797568K)->10273809K(10797568K)
[68.168s][info][gc,metaspace   ] GC(347) Metaspace: 6298K(6464K)->6298K(6464K) NonClass: 5764K(5824K)->5764K(5824K) Class: 533K(640K)->533K(640K)
[68.168s][info][gc             ] GC(347) Pause Young (Allocation Failure) 10244M->10246M(11119M) 288.277ms
[68.168s][info][gc,cpu         ] GC(347) User=1.84s Sys=0.19s Real=0.29s
[68.316s][info][gc,start       ] GC(348) Pause Young (Allocation Failure)
[68.537s][info][gc,heap        ] GC(348) PSYoungGen: 342048K(588288K)->123776K(607232K) Eden: 123392K(123392K)->0K(123392K) From: 218656K(464896K)->123776K(483840K)
[68.537s][info][gc,heap        ] GC(348) ParOldGen: 10273809K(10797568K)->10493849K(10797568K)
[68.537s][info][gc,metaspace   ] GC(348) Metaspace: 6298K(6464K)->6298K(6464K) NonClass: 5764K(5824K)->5764K(5824K) Class: 533K(640K)->533K(640K)
[68.537s][info][gc             ] GC(348) Pause Young (Allocation Failure) 10367M->10368M(11137M) 221.340ms
[68.537s][info][gc,cpu         ] GC(348) User=1.25s Sys=0.08s Real=0.22s
[68.537s][info][gc,start       ] GC(349) Pause Full (Ergonomics)
[68.537s][info][gc,phases,start] GC(349) Marking Phase
[71.164s][info][gc,phases      ] GC(349) Marking Phase 2626.528ms
[71.164s][info][gc,phases,start] GC(349) Summary Phase
[71.164s][info][gc,phases      ] GC(349) Summary Phase 0.193ms
[71.164s][info][gc,phases,start] GC(349) Adjust Roots
[71.164s][info][gc,phases      ] GC(349) Adjust Roots 0.231ms
[71.164s][info][gc,phases,start] GC(349) Compaction Phase
[72.285s][info][gc,phases      ] GC(349) Compaction Phase 1120.442ms
[72.285s][info][gc,phases,start] GC(349) Post Compact
[72.302s][info][gc,phases      ] GC(349) Post Compact 17.127ms
[72.302s][info][gc,heap        ] GC(349) PSYoungGen: 123776K(607232K)->0K(620544K) Eden: 0K(123392K)->0K(139264K) From: 123776K(483840K)->0K(481280K)
[72.302s][info][gc,heap        ] GC(349) ParOldGen: 10493849K(10797568K)->10609737K(10854400K)
[72.302s][info][gc,metaspace   ] GC(349) Metaspace: 6298K(6464K)->6298K(6464K) NonClass: 5764K(5824K)->5764K(5824K) Class: 533K(640K)->533K(640K)
[72.302s][info][gc             ] GC(349) Pause Full (Ergonomics) 10368M->10361M(11206M) 3765.064ms
[72.302s][info][gc,cpu         ] GC(349) User=26.19s Sys=0.05s Real=3.76s
[72.462s][info][gc,start       ] GC(350) Pause Young (Allocation Failure)
[72.586s][info][gc,heap        ] GC(350) PSYoungGen: 139264K(620544K)->139648K(620544K) Eden: 139264K(139264K)->0K(139264K) From: 0K(481280K)->139648K(481280K)
[72.586s][info][gc,heap        ] GC(350) ParOldGen: 10609737K(10854400K)->10609737K(10854400K)
[72.586s][info][gc,metaspace   ] GC(350) Metaspace: 6298K(6464K)->6298K(6464K) NonClass: 5764K(5824K)->5764K(5824K) Class: 533K(640K)->533K(640K)
[72.586s][info][gc             ] GC(350) Pause Young (Allocation Failure) 10497M->10497M(11206M) 123.933ms
[72.586s][info][gc,cpu         ] GC(350) User=0.42s Sys=0.00s Real=0.12s
[72.586s][info][gc,start       ] GC(351) Pause Full (Ergonomics)
[72.586s][info][gc,phases,start] GC(351) Marking Phase
[75.098s][info][gc,phases      ] GC(351) Marking Phase 2511.050ms
[75.098s][info][gc,phases,start] GC(351) Summary Phase
[75.098s][info][gc,phases      ] GC(351) Summary Phase 0.237ms
[75.098s][info][gc,phases,start] GC(351) Adjust Roots
[75.098s][info][gc,phases      ] GC(351) Adjust Roots 0.346ms
[75.098s][info][gc,phases,start] GC(351) Compaction Phase
[75.873s][info][gc,phases      ] GC(351) Compaction Phase 774.970ms
[75.873s][info][gc,phases,start] GC(351) Post Compact
[75.887s][info][gc,phases      ] GC(351) Post Compact 13.754ms
[75.887s][info][gc,heap        ] GC(351) PSYoungGen: 139648K(620544K)->0K(626688K) Eden: 0K(139264K)->0K(153088K) From: 139648K(481280K)->0K(473600K)
[75.887s][info][gc,heap        ] GC(351) ParOldGen: 10609737K(10854400K)->10748971K(10854400K)
[75.887s][info][gc,metaspace   ] GC(351) Metaspace: 6298K(6464K)->6298K(6464K) NonClass: 5764K(5824K)->5764K(5824K) Class: 533K(640K)->533K(640K)
[75.887s][info][gc             ] GC(351) Pause Full (Ergonomics) 10497M->10497M(11212M) 3300.757ms
[75.887s][info][gc,cpu         ] GC(351) User=25.16s Sys=0.08s Real=3.30s
[76.064s][info][gc,start       ] GC(352) Pause Full (Ergonomics)
[76.064s][info][gc,phases,start] GC(352) Marking Phase
[78.557s][info][gc,phases      ] GC(352) Marking Phase 2492.967ms
[78.557s][info][gc,phases,start] GC(352) Summary Phase
[78.557s][info][gc,phases      ] GC(352) Summary Phase 0.116ms
[78.557s][info][gc,phases,start] GC(352) Adjust Roots
[78.557s][info][gc,phases      ] GC(352) Adjust Roots 0.190ms
[78.557s][info][gc,phases,start] GC(352) Compaction Phase
[79.352s][info][gc,phases      ] GC(352) Compaction Phase 794.301ms
[79.352s][info][gc,phases,start] GC(352) Post Compact
[79.369s][info][gc,phases      ] GC(352) Post Compact 17.339ms
[79.369s][info][gc,heap        ] GC(352) PSYoungGen: 153088K(626688K)->48118K(626688K) Eden: 153088K(153088K)->48118K(153088K) From: 0K(473600K)->0K(473600K)
[79.369s][info][gc,heap        ] GC(352) ParOldGen: 10748971K(10854400K)->10853912K(10854400K)
[79.369s][info][gc,metaspace   ] GC(352) Metaspace: 6298K(6464K)->6298K(6464K) NonClass: 5764K(5824K)->5764K(5824K) Class: 533K(640K)->533K(640K)
[79.369s][info][gc             ] GC(352) Pause Full (Ergonomics) 10646M->10646M(11212M) 3305.372ms
[79.369s][info][gc,cpu         ] GC(352) User=25.48s Sys=0.08s Real=3.30s
[79.489s][info][gc,start       ] GC(353) Pause Full (Ergonomics)
[79.489s][info][gc,phases,start] GC(353) Marking Phase
[81.969s][info][gc,phases      ] GC(353) Marking Phase 2479.362ms
[81.969s][info][gc,phases,start] GC(353) Summary Phase
[81.969s][info][gc,phases      ] GC(353) Summary Phase 0.143ms
[81.969s][info][gc,phases,start] GC(353) Adjust Roots
[81.969s][info][gc,phases      ] GC(353) Adjust Roots 0.199ms
[81.969s][info][gc,phases,start] GC(353) Compaction Phase
[82.781s][info][gc,phases      ] GC(353) Compaction Phase 811.911ms
[82.781s][info][gc,phases,start] GC(353) Post Compact
[82.797s][info][gc,phases      ] GC(353) Post Compact 16.059ms
[82.797s][info][gc,heap        ] GC(353) PSYoungGen: 153088K(626688K)->153066K(626688K) Eden: 153088K(153088K)->153066K(153088K) From: 0K(473600K)->0K(473600K)
[82.797s][info][gc,heap        ] GC(353) ParOldGen: 10853912K(10854400K)->10853912K(10854400K)
[82.797s][info][gc,metaspace   ] GC(353) Metaspace: 6298K(6464K)->6298K(6464K) NonClass: 5764K(5824K)->5764K(5824K) Class: 533K(640K)->533K(640K)
[82.797s][info][gc             ] GC(353) Pause Full (Ergonomics) 10749M->10749M(11212M) 3308.102ms
[82.797s][info][gc,cpu         ] GC(353) User=25.17s Sys=0.03s Real=3.31s
[82.798s][info][gc,start       ] GC(354) Pause Full (Ergonomics)
[82.798s][info][gc,phases,start] GC(354) Marking Phase
[85.302s][info][gc,phases      ] GC(354) Marking Phase 2504.237ms
[85.302s][info][gc,phases,start] GC(354) Summary Phase
[85.302s][info][gc,phases      ] GC(354) Summary Phase 0.102ms
[85.302s][info][gc,phases,start] GC(354) Adjust Roots
[85.302s][info][gc,phases      ] GC(354) Adjust Roots 0.165ms
[85.302s][info][gc,phases,start] GC(354) Compaction Phase
[86.118s][info][gc,phases      ] GC(354) Compaction Phase 816.100ms
[86.118s][info][gc,phases,start] GC(354) Post Compact
[86.134s][info][gc,phases      ] GC(354) Post Compact 15.914ms
[86.134s][info][gc,heap        ] GC(354) PSYoungGen: 153088K(626688K)->153087K(626688K) Eden: 153088K(153088K)->153087K(153088K) From: 0K(473600K)->0K(473600K)
[86.134s][info][gc,heap        ] GC(354) ParOldGen: 10853912K(10854400K)->10853912K(10854400K)
[86.134s][info][gc,metaspace   ] GC(354) Metaspace: 6298K(6464K)->6298K(6464K) NonClass: 5764K(5824K)->5764K(5824K) Class: 533K(640K)->533K(640K)
[86.135s][info][gc             ] GC(354) Pause Full (Ergonomics) 10749M->10749M(11212M) 3336.846ms
[86.135s][info][gc,cpu         ] GC(354) User=25.38s Sys=0.00s Real=3.34s
[86.135s][info][gc,start       ] GC(355) Pause Full (Ergonomics)
[86.135s][info][gc,phases,start] GC(355) Marking Phase
[88.682s][info][gc,phases      ] GC(355) Marking Phase 2547.569ms
[88.682s][info][gc,phases,start] GC(355) Summary Phase
[88.682s][info][gc,phases      ] GC(355) Summary Phase 0.108ms
[88.682s][info][gc,phases,start] GC(355) Adjust Roots
[88.683s][info][gc,phases      ] GC(355) Adjust Roots 0.165ms
[88.683s][info][gc,phases,start] GC(355) Compaction Phase
[89.491s][info][gc,phases      ] GC(355) Compaction Phase 807.806ms
[89.491s][info][gc,phases,start] GC(355) Post Compact
[89.505s][info][gc,phases      ] GC(355) Post Compact 14.744ms
[89.505s][info][gc,heap        ] GC(355) PSYoungGen: 153087K(626688K)->153087K(626688K) Eden: 153087K(153088K)->153087K(153088K) From: 0K(473600K)->0K(473600K)
[89.505s][info][gc,heap        ] GC(355) ParOldGen: 10853912K(10854400K)->10853912K(10854400K)
[89.505s][info][gc,metaspace   ] GC(355) Metaspace: 6298K(6464K)->6298K(6464K) NonClass: 5764K(5824K)->5764K(5824K) Class: 533K(640K)->533K(640K)
[89.505s][info][gc             ] GC(355) Pause Full (Ergonomics) 10749M->10749M(11212M) 3370.751ms
[89.505s][info][gc,cpu         ] GC(355) User=25.83s Sys=0.00s Real=3.37s
[89.506s][info][gc,start       ] GC(356) Pause Full (Ergonomics)
[89.506s][info][gc,phases,start] GC(356) Marking Phase
[91.989s][info][gc,phases      ] GC(356) Marking Phase 2483.798ms
[91.990s][info][gc,phases,start] GC(356) Summary Phase
[91.990s][info][gc,phases      ] GC(356) Summary Phase 0.125ms
[91.990s][info][gc,phases,start] GC(356) Adjust Roots
[91.990s][info][gc,phases      ] GC(356) Adjust Roots 0.197ms
[91.990s][info][gc,phases,start] GC(356) Compaction Phase
[92.832s][info][gc,phases      ] GC(356) Compaction Phase 842.141ms
[92.832s][info][gc,phases,start] GC(356) Post Compact
[92.848s][info][gc,phases      ] GC(356) Post Compact 15.925ms
[92.848s][info][gc,heap        ] GC(356) PSYoungGen: 153087K(626688K)->153087K(626688K) Eden: 153087K(153088K)->153087K(153088K) From: 0K(473600K)->0K(473600K)
[92.848s][info][gc,heap        ] GC(356) ParOldGen: 10853917K(10854400K)->10853917K(10854400K)
[92.848s][info][gc,metaspace   ] GC(356) Metaspace: 6298K(6464K)->6298K(6464K) NonClass: 5764K(5824K)->5764K(5824K) Class: 533K(640K)->533K(640K)
[92.848s][info][gc             ] GC(356) Pause Full (Ergonomics) 10749M->10749M(11212M) 3342.548ms
[92.848s][info][gc,cpu         ] GC(356) User=25.19s Sys=0.02s Real=3.34s
[92.849s][info][gc,start       ] GC(357) Pause Full (Ergonomics)
[92.849s][info][gc,phases,start] GC(357) Marking Phase
[95.327s][info][gc,phases      ] GC(357) Marking Phase 2478.149ms
[95.327s][info][gc,phases,start] GC(357) Summary Phase
[95.327s][info][gc,phases      ] GC(357) Summary Phase 0.109ms
[95.327s][info][gc,phases,start] GC(357) Adjust Roots
[95.327s][info][gc,phases      ] GC(357) Adjust Roots 0.206ms
[95.327s][info][gc,phases,start] GC(357) Compaction Phase
[96.121s][info][gc,phases      ] GC(357) Compaction Phase 793.666ms
[96.121s][info][gc,phases,start] GC(357) Post Compact
[96.137s][info][gc,phases      ] GC(357) Post Compact 16.158ms
[96.137s][info][gc,heap        ] GC(357) PSYoungGen: 153087K(626688K)->153087K(626688K) Eden: 153087K(153088K)->153087K(153088K) From: 0K(473600K)->0K(473600K)
[96.137s][info][gc,heap        ] GC(357) ParOldGen: 10853922K(10854400K)->10853922K(10854400K)
[96.137s][info][gc,metaspace   ] GC(357) Metaspace: 6298K(6464K)->6298K(6464K) NonClass: 5764K(5824K)->5764K(5824K) Class: 533K(640K)->533K(640K)
[96.137s][info][gc             ] GC(357) Pause Full (Ergonomics) 10749M->10749M(11212M) 3288.652ms
[96.137s][info][gc,cpu         ] GC(357) User=25.06s Sys=0.00s Real=3.29s
[96.137s][info][gc,start       ] GC(358) Pause Full (Ergonomics)
[96.137s][info][gc,phases,start] GC(358) Marking Phase
[98.643s][info][gc,phases      ] GC(358) Marking Phase 2505.423ms
[98.643s][info][gc,phases,start] GC(358) Summary Phase
[98.643s][info][gc,phases      ] GC(358) Summary Phase 0.160ms
[98.643s][info][gc,phases,start] GC(358) Adjust Roots
[98.643s][info][gc,phases      ] GC(358) Adjust Roots 0.204ms
[98.643s][info][gc,phases,start] GC(358) Compaction Phase
[99.481s][info][gc,phases      ] GC(358) Compaction Phase 837.484ms
[99.481s][info][gc,phases,start] GC(358) Post Compact
[99.497s][info][gc,phases      ] GC(358) Post Compact 16.079ms
[99.497s][info][gc,heap        ] GC(358) PSYoungGen: 153087K(626688K)->153087K(626688K) Eden: 153087K(153088K)->153087K(153088K) From: 0K(473600K)->0K(473600K)
[99.497s][info][gc,heap        ] GC(358) ParOldGen: 10853926K(10854400K)->10853926K(10854400K)
[99.497s][info][gc,metaspace   ] GC(358) Metaspace: 6298K(6464K)->6298K(6464K) NonClass: 5764K(5824K)->5764K(5824K) Class: 533K(640K)->533K(640K)
[99.497s][info][gc             ] GC(358) Pause Full (Ergonomics) 10749M->10749M(11212M) 3359.754ms
[99.497s][info][gc,cpu         ] GC(358) User=25.55s Sys=0.03s Real=3.36s
[99.497s][info][gc,start       ] GC(359) Pause Full (Ergonomics)
[99.497s][info][gc,phases,start] GC(359) Marking Phase
[102.024s][info][gc,phases      ] GC(359) Marking Phase 2526.861ms
[102.024s][info][gc,phases,start] GC(359) Summary Phase
[102.024s][info][gc,phases      ] GC(359) Summary Phase 0.115ms
[102.024s][info][gc,phases,start] GC(359) Adjust Roots
[102.025s][info][gc,phases      ] GC(359) Adjust Roots 0.187ms
[102.025s][info][gc,phases,start] GC(359) Compaction Phase
[102.846s][info][gc,phases      ] GC(359) Compaction Phase 821.508ms
[102.846s][info][gc,phases,start] GC(359) Post Compact
[102.862s][info][gc,phases      ] GC(359) Post Compact 15.970ms
[102.862s][info][gc,heap        ] GC(359) PSYoungGen: 153087K(626688K)->153087K(626688K) Eden: 153087K(153088K)->153087K(153088K) From: 0K(473600K)->0K(473600K)
[102.862s][info][gc,heap        ] GC(359) ParOldGen: 10853931K(10854400K)->10853931K(10854400K)
[102.862s][info][gc,metaspace   ] GC(359) Metaspace: 6298K(6464K)->6298K(6464K) NonClass: 5764K(5824K)->5764K(5824K) Class: 533K(640K)->533K(640K)
[102.862s][info][gc             ] GC(359) Pause Full (Ergonomics) 10749M->10749M(11212M) 3364.979ms
[102.862s][info][gc,cpu         ] GC(359) User=25.56s Sys=0.03s Real=3.36s
[102.863s][info][gc,start       ] GC(360) Pause Full (Ergonomics)
[102.863s][info][gc,phases,start] GC(360) Marking Phase
[105.363s][info][gc,phases      ] GC(360) Marking Phase 2500.382ms
[105.363s][info][gc,phases,start] GC(360) Summary Phase
[105.363s][info][gc,phases      ] GC(360) Summary Phase 0.105ms
[105.363s][info][gc,phases,start] GC(360) Adjust Roots
[105.364s][info][gc,phases      ] GC(360) Adjust Roots 0.185ms
[105.364s][info][gc,phases,start] GC(360) Compaction Phase
[106.164s][info][gc,phases      ] GC(360) Compaction Phase 800.535ms
[106.164s][info][gc,phases,start] GC(360) Post Compact
[106.180s][info][gc,phases      ] GC(360) Post Compact 15.981ms
[106.180s][info][gc,heap        ] GC(360) PSYoungGen: 153087K(626688K)->153087K(626688K) Eden: 153087K(153088K)->153087K(153088K) From: 0K(473600K)->0K(473600K)
[106.180s][info][gc,heap        ] GC(360) ParOldGen: 10853936K(10854400K)->10853936K(10854400K)
[106.180s][info][gc,metaspace   ] GC(360) Metaspace: 6298K(6464K)->6298K(6464K) NonClass: 5764K(5824K)->5764K(5824K) Class: 533K(640K)->533K(640K)
[106.180s][info][gc             ] GC(360) Pause Full (Ergonomics) 10749M->10749M(11212M) 3317.650ms
[106.180s][info][gc,cpu         ] GC(360) User=25.27s Sys=0.00s Real=3.32s
[106.180s][info][gc,start       ] GC(361) Pause Full (Ergonomics)
[106.180s][info][gc,phases,start] GC(361) Marking Phase
[108.656s][info][gc,phases      ] GC(361) Marking Phase 2475.031ms
[108.656s][info][gc,phases,start] GC(361) Summary Phase
[108.656s][info][gc,phases      ] GC(361) Summary Phase 0.100ms
[108.656s][info][gc,phases,start] GC(361) Adjust Roots
[108.656s][info][gc,phases      ] GC(361) Adjust Roots 0.162ms
[108.656s][info][gc,phases,start] GC(361) Compaction Phase
[109.468s][info][gc,phases      ] GC(361) Compaction Phase 812.301ms
[109.468s][info][gc,phases,start] GC(361) Post Compact
[109.484s][info][gc,phases      ] GC(361) Post Compact 15.949ms
[109.484s][info][gc,heap        ] GC(361) PSYoungGen: 153087K(626688K)->153087K(626688K) Eden: 153087K(153088K)->153087K(153088K) From: 0K(473600K)->0K(473600K)
[109.484s][info][gc,heap        ] GC(361) ParOldGen: 10853941K(10854400K)->10853941K(10854400K)
[109.484s][info][gc,metaspace   ] GC(361) Metaspace: 6298K(6464K)->6298K(6464K) NonClass: 5764K(5824K)->5764K(5824K) Class: 533K(640K)->533K(640K)
[109.484s][info][gc             ] GC(361) Pause Full (Ergonomics) 10749M->10749M(11212M) 3303.884ms
[109.484s][info][gc,cpu         ] GC(361) User=25.27s Sys=0.02s Real=3.30s
[109.485s][info][gc,start       ] GC(362) Pause Full (Ergonomics)
[109.485s][info][gc,phases,start] GC(362) Marking Phase
[111.981s][info][gc,phases      ] GC(362) Marking Phase 2496.871ms
[111.982s][info][gc,phases,start] GC(362) Summary Phase
[111.982s][info][gc,phases      ] GC(362) Summary Phase 0.103ms
[111.982s][info][gc,phases,start] GC(362) Adjust Roots
[111.982s][info][gc,phases      ] GC(362) Adjust Roots 0.186ms
[111.982s][info][gc,phases,start] GC(362) Compaction Phase
[112.772s][info][gc,phases      ] GC(362) Compaction Phase 790.374ms
[112.772s][info][gc,phases,start] GC(362) Post Compact
[112.789s][info][gc,phases      ] GC(362) Post Compact 16.314ms
[112.789s][info][gc,heap        ] GC(362) PSYoungGen: 153087K(626688K)->153087K(626688K) Eden: 153087K(153088K)->153087K(153088K) From: 0K(473600K)->0K(473600K)
[112.789s][info][gc,heap        ] GC(362) ParOldGen: 10853946K(10854400K)->10853946K(10854400K)
[112.789s][info][gc,metaspace   ] GC(362) Metaspace: 6298K(6464K)->6298K(6464K) NonClass: 5764K(5824K)->5764K(5824K) Class: 533K(640K)->533K(640K)
[112.789s][info][gc             ] GC(362) Pause Full (Ergonomics) 10749M->10749M(11212M) 3304.209ms
[112.789s][info][gc,cpu         ] GC(362) User=25.30s Sys=0.02s Real=3.30s
[112.789s][info][gc,start       ] GC(363) Pause Full (Ergonomics)
[112.789s][info][gc,phases,start] GC(363) Marking Phase
[115.326s][info][gc,phases      ] GC(363) Marking Phase 2536.795ms
[115.326s][info][gc,phases,start] GC(363) Summary Phase
[115.326s][info][gc,phases      ] GC(363) Summary Phase 0.105ms
[115.326s][info][gc,phases,start] GC(363) Adjust Roots
[115.326s][info][gc,phases      ] GC(363) Adjust Roots 0.157ms
[115.326s][info][gc,phases,start] GC(363) Compaction Phase
[116.187s][info][gc,phases      ] GC(363) Compaction Phase 860.418ms
[116.187s][info][gc,phases,start] GC(363) Post Compact
[116.202s][info][gc,phases      ] GC(363) Post Compact 15.069ms
[116.202s][info][gc,heap        ] GC(363) PSYoungGen: 153087K(626688K)->153087K(626688K) Eden: 153087K(153088K)->153087K(153088K) From: 0K(473600K)->0K(473600K)
[116.202s][info][gc,heap        ] GC(363) ParOldGen: 10853951K(10854400K)->10853951K(10854400K)
[116.202s][info][gc,metaspace   ] GC(363) Metaspace: 6298K(6464K)->6298K(6464K) NonClass: 5764K(5824K)->5764K(5824K) Class: 533K(640K)->533K(640K)
[116.202s][info][gc             ] GC(363) Pause Full (Ergonomics) 10749M->10749M(11212M) 3412.901ms
[116.202s][info][gc,cpu         ] GC(363) User=25.52s Sys=0.00s Real=3.41s
[116.202s][info][gc,start       ] GC(364) Pause Full (Ergonomics)
[116.202s][info][gc,phases,start] GC(364) Marking Phase
[118.732s][info][gc,phases      ] GC(364) Marking Phase 2530.072ms
[118.732s][info][gc,phases,start] GC(364) Summary Phase
[118.732s][info][gc,phases      ] GC(364) Summary Phase 0.128ms
[118.732s][info][gc,phases,start] GC(364) Adjust Roots
[118.733s][info][gc,phases      ] GC(364) Adjust Roots 0.243ms
[118.733s][info][gc,phases,start] GC(364) Compaction Phase
[119.482s][info][gc,phases      ] GC(364) Compaction Phase 749.189ms
[119.482s][info][gc,phases,start] GC(364) Post Compact
[119.495s][info][gc,phases      ] GC(364) Post Compact 13.528ms
[119.496s][info][gc,heap        ] GC(364) PSYoungGen: 153087K(626688K)->153087K(626688K) Eden: 153087K(153088K)->153087K(153088K) From: 0K(473600K)->0K(473600K)
[119.496s][info][gc,heap        ] GC(364) ParOldGen: 10853955K(10854400K)->10853955K(10854400K)
[119.496s][info][gc,metaspace   ] GC(364) Metaspace: 6298K(6464K)->6298K(6464K) NonClass: 5764K(5824K)->5764K(5824K) Class: 533K(640K)->533K(640K)
[119.496s][info][gc             ] GC(364) Pause Full (Ergonomics) 10749M->10749M(11212M) 3293.503ms
[119.496s][info][gc,cpu         ] GC(364) User=25.23s Sys=0.00s Real=3.29s
[119.496s][info][gc,start       ] GC(365) Pause Full (Ergonomics)
[119.496s][info][gc,phases,start] GC(365) Marking Phase
[121.976s][info][gc,phases      ] GC(365) Marking Phase 2480.576ms
[121.976s][info][gc,phases,start] GC(365) Summary Phase
[121.977s][info][gc,phases      ] GC(365) Summary Phase 0.100ms
[121.977s][info][gc,phases,start] GC(365) Adjust Roots
[121.977s][info][gc,phases      ] GC(365) Adjust Roots 0.164ms
[121.977s][info][gc,phases,start] GC(365) Compaction Phase
[122.742s][info][gc,phases      ] GC(365) Compaction Phase 765.215ms
[122.742s][info][gc,phases,start] GC(365) Post Compact
[122.757s][info][gc,phases      ] GC(365) Post Compact 15.415ms
[122.758s][info][gc,heap        ] GC(365) PSYoungGen: 153087K(626688K)->153087K(626688K) Eden: 153087K(153088K)->153087K(153088K) From: 0K(473600K)->0K(473600K)
[122.758s][info][gc,heap        ] GC(365) ParOldGen: 10853960K(10854400K)->10853960K(10854400K)
[122.758s][info][gc,metaspace   ] GC(365) Metaspace: 6298K(6464K)->6298K(6464K) NonClass: 5764K(5824K)->5764K(5824K) Class: 533K(640K)->533K(640K)
[122.758s][info][gc             ] GC(365) Pause Full (Ergonomics) 10749M->10749M(11212M) 3261.801ms
[122.758s][info][gc,cpu         ] GC(365) User=25.08s Sys=0.00s Real=3.26s
[122.758s][info][gc,start       ] GC(366) Pause Full (Ergonomics)
[122.758s][info][gc,phases,start] GC(366) Marking Phase
[125.257s][info][gc,phases      ] GC(366) Marking Phase 2499.125ms
[125.257s][info][gc,phases,start] GC(366) Summary Phase
[125.257s][info][gc,phases      ] GC(366) Summary Phase 0.167ms
[125.257s][info][gc,phases,start] GC(366) Adjust Roots
[125.257s][info][gc,phases      ] GC(366) Adjust Roots 0.202ms
[125.257s][info][gc,phases,start] GC(366) Compaction Phase
[126.026s][info][gc,phases      ] GC(366) Compaction Phase 768.691ms
[126.026s][info][gc,phases,start] GC(366) Post Compact
[126.042s][info][gc,phases      ] GC(366) Post Compact 15.803ms
[126.042s][info][gc,heap        ] GC(366) PSYoungGen: 153087K(626688K)->153087K(626688K) Eden: 153087K(153088K)->153087K(153088K) From: 0K(473600K)->0K(473600K)
[126.042s][info][gc,heap        ] GC(366) ParOldGen: 10853965K(10854400K)->10853965K(10854400K)
[126.042s][info][gc,metaspace   ] GC(366) Metaspace: 6298K(6464K)->6298K(6464K) NonClass: 5764K(5824K)->5764K(5824K) Class: 533K(640K)->533K(640K)
[126.042s][info][gc             ] GC(366) Pause Full (Ergonomics) 10749M->10749M(11212M) 3284.390ms
[126.042s][info][gc,cpu         ] GC(366) User=25.14s Sys=0.00s Real=3.28s
[126.042s][info][gc,start       ] GC(367) Pause Full (Ergonomics)
[126.042s][info][gc,phases,start] GC(367) Marking Phase
[128.543s][info][gc,phases      ] GC(367) Marking Phase 2500.492ms
[128.543s][info][gc,phases,start] GC(367) Summary Phase
[128.543s][info][gc,phases      ] GC(367) Summary Phase 0.100ms
[128.543s][info][gc,phases,start] GC(367) Adjust Roots
[128.543s][info][gc,phases      ] GC(367) Adjust Roots 0.163ms
[128.543s][info][gc,phases,start] GC(367) Compaction Phase
[129.328s][info][gc,phases      ] GC(367) Compaction Phase 784.493ms
[129.328s][info][gc,phases,start] GC(367) Post Compact
[129.344s][info][gc,phases      ] GC(367) Post Compact 15.956ms
[129.344s][info][gc,heap        ] GC(367) PSYoungGen: 153087K(626688K)->153087K(626688K) Eden: 153087K(153088K)->153087K(153088K) From: 0K(473600K)->0K(473600K)
[129.344s][info][gc,heap        ] GC(367) ParOldGen: 10853970K(10854400K)->10853970K(10854400K)
[129.344s][info][gc,metaspace   ] GC(367) Metaspace: 6298K(6464K)->6298K(6464K) NonClass: 5764K(5824K)->5764K(5824K) Class: 533K(640K)->533K(640K)
[129.344s][info][gc             ] GC(367) Pause Full (Ergonomics) 10749M->10749M(11212M) 3301.567ms
[129.344s][info][gc,cpu         ] GC(367) User=25.19s Sys=0.00s Real=3.30s
[129.344s][info][gc,start       ] GC(368) Pause Full (Ergonomics)
[129.344s][info][gc,phases,start] GC(368) Marking Phase
[131.837s][info][gc,phases      ] GC(368) Marking Phase 2492.571ms
[131.837s][info][gc,phases,start] GC(368) Summary Phase
[131.837s][info][gc,phases      ] GC(368) Summary Phase 0.099ms
[131.837s][info][gc,phases,start] GC(368) Adjust Roots
[131.837s][info][gc,phases      ] GC(368) Adjust Roots 0.160ms
[131.837s][info][gc,phases,start] GC(368) Compaction Phase
[132.639s][info][gc,phases      ] GC(368) Compaction Phase 801.867ms
[132.639s][info][gc,phases,start] GC(368) Post Compact
[132.655s][info][gc,phases      ] GC(368) Post Compact 15.969ms
[132.655s][info][gc,heap        ] GC(368) PSYoungGen: 153087K(626688K)->153087K(626688K) Eden: 153087K(153088K)->153087K(153088K) From: 0K(473600K)->0K(473600K)
[132.655s][info][gc,heap        ] GC(368) ParOldGen: 10853975K(10854400K)->10853975K(10854400K)
[132.655s][info][gc,metaspace   ] GC(368) Metaspace: 6298K(6464K)->6298K(6464K) NonClass: 5764K(5824K)->5764K(5824K) Class: 533K(640K)->533K(640K)
[132.655s][info][gc             ] GC(368) Pause Full (Ergonomics) 10749M->10749M(11212M) 3311.004ms
[132.655s][info][gc,cpu         ] GC(368) User=25.08s Sys=0.00s Real=3.31s
[132.655s][info][gc,start       ] GC(369) Pause Full (Ergonomics)
[132.655s][info][gc,phases,start] GC(369) Marking Phase
[135.194s][info][gc,phases      ] GC(369) Marking Phase 2539.037ms
[135.194s][info][gc,phases,start] GC(369) Summary Phase
[135.195s][info][gc,phases      ] GC(369) Summary Phase 0.104ms
[135.195s][info][gc,phases,start] GC(369) Adjust Roots
[135.195s][info][gc,phases      ] GC(369) Adjust Roots 0.180ms
[135.195s][info][gc,phases,start] GC(369) Compaction Phase
[135.936s][info][gc,phases      ] GC(369) Compaction Phase 741.380ms
[135.936s][info][gc,phases,start] GC(369) Post Compact
[135.951s][info][gc,phases      ] GC(369) Post Compact 15.206ms
[135.952s][info][gc,heap        ] GC(369) PSYoungGen: 153087K(626688K)->153087K(626688K) Eden: 153087K(153088K)->153087K(153088K) From: 0K(473600K)->0K(473600K)
[135.952s][info][gc,heap        ] GC(369) ParOldGen: 10853980K(10854400K)->10853980K(10854400K)
[135.952s][info][gc,metaspace   ] GC(369) Metaspace: 6298K(6464K)->6298K(6464K) NonClass: 5764K(5824K)->5764K(5824K) Class: 533K(640K)->533K(640K)
[135.952s][info][gc             ] GC(369) Pause Full (Ergonomics) 10749M->10749M(11212M) 3296.245ms
[135.952s][info][gc,cpu         ] GC(369) User=25.25s Sys=0.02s Real=3.30s
[135.952s][info][gc,start       ] GC(370) Pause Full (Ergonomics)
[135.952s][info][gc,phases,start] GC(370) Marking Phase
[138.461s][info][gc,phases      ] GC(370) Marking Phase 2509.409ms
[138.461s][info][gc,phases,start] GC(370) Summary Phase
[138.461s][info][gc,phases      ] GC(370) Summary Phase 0.109ms
[138.461s][info][gc,phases,start] GC(370) Adjust Roots
[138.462s][info][gc,phases      ] GC(370) Adjust Roots 0.169ms
[138.462s][info][gc,phases,start] GC(370) Compaction Phase
[139.197s][info][gc,phases      ] GC(370) Compaction Phase 735.279ms
[139.197s][info][gc,phases,start] GC(370) Post Compact
[139.211s][info][gc,phases      ] GC(370) Post Compact 14.395ms
[139.211s][info][gc,heap        ] GC(370) PSYoungGen: 153087K(626688K)->153087K(626688K) Eden: 153087K(153088K)->153087K(153088K) From: 0K(473600K)->0K(473600K)
[139.211s][info][gc,heap        ] GC(370) ParOldGen: 10853984K(10854400K)->10853984K(10854400K)
[139.212s][info][gc,metaspace   ] GC(370) Metaspace: 6298K(6464K)->6298K(6464K) NonClass: 5764K(5824K)->5764K(5824K) Class: 533K(640K)->533K(640K)
[139.212s][info][gc             ] GC(370) Pause Full (Ergonomics) 10749M->10749M(11212M) 3259.695ms
[139.212s][info][gc,cpu         ] GC(370) User=25.25s Sys=0.02s Real=3.26s
[139.212s][info][gc,start       ] GC(371) Pause Full (Ergonomics)
[139.212s][info][gc,phases,start] GC(371) Marking Phase
[141.692s][info][gc,phases      ] GC(371) Marking Phase 2479.730ms
[141.692s][info][gc,phases,start] GC(371) Summary Phase
[141.692s][info][gc,phases      ] GC(371) Summary Phase 0.104ms
[141.692s][info][gc,phases,start] GC(371) Adjust Roots
[141.692s][info][gc,phases      ] GC(371) Adjust Roots 0.158ms
[141.692s][info][gc,phases,start] GC(371) Compaction Phase
[142.481s][info][gc,phases      ] GC(371) Compaction Phase 788.952ms
[142.481s][info][gc,phases,start] GC(371) Post Compact
[142.497s][info][gc,phases      ] GC(371) Post Compact 16.101ms
[142.497s][info][gc,heap        ] GC(371) PSYoungGen: 153087K(626688K)->153087K(626688K) Eden: 153087K(153088K)->153087K(153088K) From: 0K(473600K)->0K(473600K)
[142.497s][info][gc,heap        ] GC(371) ParOldGen: 10853989K(10854400K)->10853989K(10854400K)
[142.497s][info][gc,metaspace   ] GC(371) Metaspace: 6298K(6464K)->6298K(6464K) NonClass: 5764K(5824K)->5764K(5824K) Class: 533K(640K)->533K(640K)
[142.497s][info][gc             ] GC(371) Pause Full (Ergonomics) 10749M->10749M(11212M) 3285.404ms
[142.497s][info][gc,cpu         ] GC(371) User=24.81s Sys=0.00s Real=3.28s
[142.497s][info][gc,start       ] GC(372) Pause Full (Ergonomics)
[142.497s][info][gc,phases,start] GC(372) Marking Phase
[144.966s][info][gc,phases      ] GC(372) Marking Phase 2468.240ms
[144.966s][info][gc,phases,start] GC(372) Summary Phase
[144.966s][info][gc,phases      ] GC(372) Summary Phase 0.128ms
[144.966s][info][gc,phases,start] GC(372) Adjust Roots
[144.966s][info][gc,phases      ] GC(372) Adjust Roots 0.228ms
[144.966s][info][gc,phases,start] GC(372) Compaction Phase
[145.776s][info][gc,phases      ] GC(372) Compaction Phase 809.541ms
[145.776s][info][gc,phases,start] GC(372) Post Compact
[145.792s][info][gc,phases      ] GC(372) Post Compact 15.950ms
[145.792s][info][gc,heap        ] GC(372) PSYoungGen: 153087K(626688K)->153087K(626688K) Eden: 153087K(153088K)->153087K(153088K) From: 0K(473600K)->0K(473600K)
[145.792s][info][gc,heap        ] GC(372) ParOldGen: 10853994K(10854400K)->10853994K(10854400K)
[145.792s][info][gc,metaspace   ] GC(372) Metaspace: 6298K(6464K)->6298K(6464K) NonClass: 5764K(5824K)->5764K(5824K) Class: 533K(640K)->533K(640K)
[145.792s][info][gc             ] GC(372) Pause Full (Ergonomics) 10749M->10749M(11212M) 3294.475ms
[145.792s][info][gc,cpu         ] GC(372) User=24.83s Sys=0.00s Real=3.30s
[145.792s][info][gc,start       ] GC(373) Pause Full (Ergonomics)
[145.792s][info][gc,phases,start] GC(373) Marking Phase
[148.279s][info][gc,phases      ] GC(373) Marking Phase 2486.890ms
[148.279s][info][gc,phases,start] GC(373) Summary Phase
[148.279s][info][gc,phases      ] GC(373) Summary Phase 0.125ms
[148.279s][info][gc,phases,start] GC(373) Adjust Roots
[148.279s][info][gc,phases      ] GC(373) Adjust Roots 0.241ms
[148.279s][info][gc,phases,start] GC(373) Compaction Phase
[149.076s][info][gc,phases      ] GC(373) Compaction Phase 796.529ms
[149.076s][info][gc,phases,start] GC(373) Post Compact
[149.092s][info][gc,phases      ] GC(373) Post Compact 15.988ms
[149.092s][info][gc,heap        ] GC(373) PSYoungGen: 153087K(626688K)->153087K(626688K) Eden: 153087K(153088K)->153087K(153088K) From: 0K(473600K)->0K(473600K)
[149.092s][info][gc,heap        ] GC(373) ParOldGen: 10853999K(10854400K)->10853999K(10854400K)
[149.092s][info][gc,metaspace   ] GC(373) Metaspace: 6298K(6464K)->6298K(6464K) NonClass: 5764K(5824K)->5764K(5824K) Class: 533K(640K)->533K(640K)
[149.092s][info][gc             ] GC(373) Pause Full (Ergonomics) 10749M->10749M(11212M) 3300.119ms
[149.092s][info][gc,cpu         ] GC(373) User=24.86s Sys=0.02s Real=3.30s
[149.092s][info][gc,start       ] GC(374) Pause Full (Ergonomics)
[149.092s][info][gc,phases,start] GC(374) Marking Phase
[151.609s][info][gc,phases      ] GC(374) Marking Phase 2516.875ms
[151.609s][info][gc,phases,start] GC(374) Summary Phase
[151.609s][info][gc,phases      ] GC(374) Summary Phase 0.103ms
[151.609s][info][gc,phases,start] GC(374) Adjust Roots
[151.610s][info][gc,phases      ] GC(374) Adjust Roots 0.167ms
[151.610s][info][gc,phases,start] GC(374) Compaction Phase
[152.387s][info][gc,phases      ] GC(374) Compaction Phase 777.673ms
[152.387s][info][gc,phases,start] GC(374) Post Compact
[152.404s][info][gc,phases      ] GC(374) Post Compact 16.350ms
[152.404s][info][gc,heap        ] GC(374) PSYoungGen: 153087K(626688K)->153087K(626688K) Eden: 153087K(153088K)->153087K(153088K) From: 0K(473600K)->0K(473600K)
[152.404s][info][gc,heap        ] GC(374) ParOldGen: 10854004K(10854400K)->10854004K(10854400K)
[152.404s][info][gc,metaspace   ] GC(374) Metaspace: 6298K(6464K)->6298K(6464K) NonClass: 5764K(5824K)->5764K(5824K) Class: 533K(640K)->533K(640K)
[152.404s][info][gc             ] GC(374) Pause Full (Ergonomics) 10749M->10749M(11212M) 3311.542ms
[152.404s][info][gc,cpu         ] GC(374) User=24.91s Sys=0.00s Real=3.31s
[152.404s][info][gc,start       ] GC(375) Pause Full (Ergonomics)
[152.404s][info][gc,phases,start] GC(375) Marking Phase
[154.893s][info][gc,phases      ] GC(375) Marking Phase 2488.524ms
[154.893s][info][gc,phases,start] GC(375) Summary Phase
[154.893s][info][gc,phases      ] GC(375) Summary Phase 0.139ms
[154.893s][info][gc,phases,start] GC(375) Adjust Roots
[154.893s][info][gc,phases      ] GC(375) Adjust Roots 0.238ms
[154.893s][info][gc,phases,start] GC(375) Compaction Phase
[155.668s][info][gc,phases      ] GC(375) Compaction Phase 774.864ms
[155.668s][info][gc,phases,start] GC(375) Post Compact
[155.684s][info][gc,phases      ] GC(375) Post Compact 15.974ms
[155.684s][info][gc,heap        ] GC(375) PSYoungGen: 153087K(626688K)->153087K(626688K) Eden: 153087K(153088K)->153087K(153088K) From: 0K(473600K)->0K(473600K)
[155.684s][info][gc,heap        ] GC(375) ParOldGen: 10854009K(10854400K)->10854009K(10854400K)
[155.684s][info][gc,metaspace   ] GC(375) Metaspace: 6298K(6464K)->6298K(6464K) NonClass: 5764K(5824K)->5764K(5824K) Class: 533K(640K)->533K(640K)
[155.684s][info][gc             ] GC(375) Pause Full (Ergonomics) 10749M->10749M(11212M) 3280.119ms
[155.684s][info][gc,cpu         ] GC(375) User=24.97s Sys=0.02s Real=3.28s
[155.684s][info][gc,start       ] GC(376) Pause Full (Ergonomics)
[155.684s][info][gc,phases,start] GC(376) Marking Phase
[158.199s][info][gc,phases      ] GC(376) Marking Phase 2514.864ms
[158.199s][info][gc,phases,start] GC(376) Summary Phase
[158.199s][info][gc,phases      ] GC(376) Summary Phase 0.100ms
[158.199s][info][gc,phases,start] GC(376) Adjust Roots
[158.200s][info][gc,phases      ] GC(376) Adjust Roots 0.170ms
[158.200s][info][gc,phases,start] GC(376) Compaction Phase
[158.949s][info][gc,phases      ] GC(376) Compaction Phase 749.751ms
[158.949s][info][gc,phases,start] GC(376) Post Compact
[158.965s][info][gc,phases      ] GC(376) Post Compact 15.699ms
[158.965s][info][gc,heap        ] GC(376) PSYoungGen: 153087K(626688K)->153087K(626688K) Eden: 153087K(153088K)->153087K(153088K) From: 0K(473600K)->0K(473600K)
[158.965s][info][gc,heap        ] GC(376) ParOldGen: 10854013K(10854400K)->10854013K(10854400K)
[158.965s][info][gc,metaspace   ] GC(376) Metaspace: 6298K(6464K)->6298K(6464K) NonClass: 5764K(5824K)->5764K(5824K) Class: 533K(640K)->533K(640K)
[158.965s][info][gc             ] GC(376) Pause Full (Ergonomics) 10749M->10749M(11212M) 3280.909ms
[158.965s][info][gc,cpu         ] GC(376) User=25.11s Sys=0.00s Real=3.28s
[158.966s][info][gc,start       ] GC(377) Pause Full (Ergonomics)
[158.966s][info][gc,phases,start] GC(377) Marking Phase
[161.457s][info][gc,phases      ] GC(377) Marking Phase 2491.253ms
[161.457s][info][gc,phases,start] GC(377) Summary Phase
[161.457s][info][gc,phases      ] GC(377) Summary Phase 0.100ms
[161.457s][info][gc,phases,start] GC(377) Adjust Roots
[161.457s][info][gc,phases      ] GC(377) Adjust Roots 0.159ms
[161.457s][info][gc,phases,start] GC(377) Compaction Phase
[162.214s][info][gc,phases      ] GC(377) Compaction Phase 757.202ms
[162.214s][info][gc,phases,start] GC(377) Post Compact
[162.231s][info][gc,phases      ] GC(377) Post Compact 16.323ms
[162.231s][info][gc,heap        ] GC(377) PSYoungGen: 153087K(626688K)->153087K(626688K) Eden: 153087K(153088K)->153087K(153088K) From: 0K(473600K)->0K(473600K)
[162.231s][info][gc,heap        ] GC(377) ParOldGen: 10854018K(10854400K)->10854018K(10854400K)
[162.231s][info][gc,metaspace   ] GC(377) Metaspace: 6298K(6464K)->6298K(6464K) NonClass: 5764K(5824K)->5764K(5824K) Class: 533K(640K)->533K(640K)
[162.231s][info][gc             ] GC(377) Pause Full (Ergonomics) 10749M->10749M(11212M) 3265.377ms
[162.231s][info][gc,cpu         ] GC(377) User=24.92s Sys=0.05s Real=3.27s
[162.231s][info][gc,start       ] GC(378) Pause Full (Ergonomics)
[162.231s][info][gc,phases,start] GC(378) Marking Phase
[164.708s][info][gc,phases      ] GC(378) Marking Phase 2477.236ms
[164.708s][info][gc,phases,start] GC(378) Summary Phase
[164.709s][info][gc,phases      ] GC(378) Summary Phase 0.099ms
[164.709s][info][gc,phases,start] GC(378) Adjust Roots
[164.709s][info][gc,phases      ] GC(378) Adjust Roots 0.162ms
[164.709s][info][gc,phases,start] GC(378) Compaction Phase
[165.457s][info][gc,phases      ] GC(378) Compaction Phase 748.014ms
[165.457s][info][gc,phases,start] GC(378) Post Compact
[165.473s][info][gc,phases      ] GC(378) Post Compact 16.390ms
[165.473s][info][gc,heap        ] GC(378) PSYoungGen: 153087K(626688K)->153087K(626688K) Eden: 153087K(153088K)->153087K(153088K) From: 0K(473600K)->0K(473600K)
[165.473s][info][gc,heap        ] GC(378) ParOldGen: 10854023K(10854400K)->10854023K(10854400K)
[165.473s][info][gc,metaspace   ] GC(378) Metaspace: 6298K(6464K)->6298K(6464K) NonClass: 5764K(5824K)->5764K(5824K) Class: 533K(640K)->533K(640K)
[165.473s][info][gc             ] GC(378) Pause Full (Ergonomics) 10749M->10749M(11212M) 3242.265ms
[165.473s][info][gc,cpu         ] GC(378) User=24.86s Sys=0.00s Real=3.24s
[165.474s][info][gc,start       ] GC(379) Pause Full (Ergonomics)
[165.474s][info][gc,phases,start] GC(379) Marking Phase
[167.998s][info][gc,phases      ] GC(379) Marking Phase 2524.812ms
[167.998s][info][gc,phases,start] GC(379) Summary Phase
[167.999s][info][gc,phases      ] GC(379) Summary Phase 0.100ms
[167.999s][info][gc,phases,start] GC(379) Adjust Roots
[167.999s][info][gc,phases      ] GC(379) Adjust Roots 0.158ms
[167.999s][info][gc,phases,start] GC(379) Compaction Phase
[168.778s][info][gc,phases      ] GC(379) Compaction Phase 778.764ms
[168.778s][info][gc,phases,start] GC(379) Post Compact
[168.794s][info][gc,phases      ] GC(379) Post Compact 15.931ms
[168.794s][info][gc,heap        ] GC(379) PSYoungGen: 153087K(626688K)->153087K(626688K) Eden: 153087K(153088K)->153087K(153088K) From: 0K(473600K)->0K(473600K)
[168.794s][info][gc,heap        ] GC(379) ParOldGen: 10854028K(10854400K)->10854028K(10854400K)
[168.794s][info][gc,metaspace   ] GC(379) Metaspace: 6298K(6464K)->6298K(6464K) NonClass: 5764K(5824K)->5764K(5824K) Class: 533K(640K)->533K(640K)
[168.794s][info][gc             ] GC(379) Pause Full (Ergonomics) 10749M->10749M(11212M) 3320.118ms
[168.794s][info][gc,cpu         ] GC(379) User=25.20s Sys=0.00s Real=3.32s
[168.794s][info][gc,start       ] GC(380) Pause Full (Ergonomics)
[168.794s][info][gc,phases,start] GC(380) Marking Phase
[171.311s][info][gc,phases      ] GC(380) Marking Phase 2517.113ms
[171.311s][info][gc,phases,start] GC(380) Summary Phase
[171.311s][info][gc,phases      ] GC(380) Summary Phase 0.101ms
[171.311s][info][gc,phases,start] GC(380) Adjust Roots
[171.311s][info][gc,phases      ] GC(380) Adjust Roots 0.162ms
[171.311s][info][gc,phases,start] GC(380) Compaction Phase
[172.100s][info][gc,phases      ] GC(380) Compaction Phase 788.498ms
[172.100s][info][gc,phases,start] GC(380) Post Compact
[172.116s][info][gc,phases      ] GC(380) Post Compact 15.980ms
[172.116s][info][gc,heap        ] GC(380) PSYoungGen: 153087K(626688K)->153087K(626688K) Eden: 153087K(153088K)->153087K(153088K) From: 0K(473600K)->0K(473600K)
[172.116s][info][gc,heap        ] GC(380) ParOldGen: 10854033K(10854400K)->10854033K(10854400K)
[172.116s][info][gc,metaspace   ] GC(380) Metaspace: 6298K(6464K)->6298K(6464K) NonClass: 5764K(5824K)->5764K(5824K) Class: 533K(640K)->533K(640K)
[172.116s][info][gc             ] GC(380) Pause Full (Ergonomics) 10749M->10749M(11212M) 3322.203ms
[172.116s][info][gc,cpu         ] GC(380) User=25.14s Sys=0.03s Real=3.32s
[172.116s][info][gc,start       ] GC(381) Pause Full (Ergonomics)
[172.116s][info][gc,phases,start] GC(381) Marking Phase
[174.638s][info][gc,phases      ] GC(381) Marking Phase 2522.045ms
[174.638s][info][gc,phases,start] GC(381) Summary Phase
[174.639s][info][gc,phases      ] GC(381) Summary Phase 0.117ms
[174.639s][info][gc,phases,start] GC(381) Adjust Roots
[174.639s][info][gc,phases      ] GC(381) Adjust Roots 0.166ms
[174.639s][info][gc,phases,start] GC(381) Compaction Phase
[175.391s][info][gc,phases      ] GC(381) Compaction Phase 751.962ms
[175.391s][info][gc,phases,start] GC(381) Post Compact
[175.407s][info][gc,phases      ] GC(381) Post Compact 16.559ms
[175.408s][info][gc,heap        ] GC(381) PSYoungGen: 153087K(626688K)->153087K(626688K) Eden: 153087K(153088K)->153087K(153088K) From: 0K(473600K)->0K(473600K)
[175.408s][info][gc,heap        ] GC(381) ParOldGen: 10854038K(10854400K)->10854038K(10854400K)
[175.408s][info][gc,metaspace   ] GC(381) Metaspace: 6298K(6464K)->6298K(6464K) NonClass: 5764K(5824K)->5764K(5824K) Class: 533K(640K)->533K(640K)
[175.408s][info][gc             ] GC(381) Pause Full (Ergonomics) 10749M->10749M(11212M) 3291.234ms
[175.408s][info][gc,cpu         ] GC(381) User=25.33s Sys=0.00s Real=3.29s
[175.408s][info][gc,start       ] GC(382) Pause Full (Ergonomics)
[175.408s][info][gc,phases,start] GC(382) Marking Phase
[177.875s][info][gc,phases      ] GC(382) Marking Phase 2466.910ms
[177.875s][info][gc,phases,start] GC(382) Summary Phase
[177.875s][info][gc,phases      ] GC(382) Summary Phase 0.117ms
[177.875s][info][gc,phases,start] GC(382) Adjust Roots
[177.875s][info][gc,phases      ] GC(382) Adjust Roots 0.224ms
[177.875s][info][gc,phases,start] GC(382) Compaction Phase
[178.663s][info][gc,phases      ] GC(382) Compaction Phase 787.680ms
[178.663s][info][gc,phases,start] GC(382) Post Compact
[178.679s][info][gc,phases      ] GC(382) Post Compact 15.929ms
[178.679s][info][gc,heap        ] GC(382) PSYoungGen: 153087K(626688K)->153087K(626688K) Eden: 153087K(153088K)->153087K(153088K) From: 0K(473600K)->0K(473600K)
[178.679s][info][gc,heap        ] GC(382) ParOldGen: 10854042K(10854400K)->10854042K(10854400K)
[178.679s][info][gc,metaspace   ] GC(382) Metaspace: 6298K(6464K)->6298K(6464K) NonClass: 5764K(5824K)->5764K(5824K) Class: 533K(640K)->533K(640K)
[178.679s][info][gc             ] GC(382) Pause Full (Ergonomics) 10749M->10749M(11212M) 3271.229ms
[178.679s][info][gc,cpu         ] GC(382) User=24.77s Sys=0.00s Real=3.27s
[178.679s][info][gc,start       ] GC(383) Pause Full (Ergonomics)
[178.679s][info][gc,phases,start] GC(383) Marking Phase
[181.181s][info][gc,phases      ] GC(383) Marking Phase 2501.618ms
[181.181s][info][gc,phases,start] GC(383) Summary Phase
[181.181s][info][gc,phases      ] GC(383) Summary Phase 0.107ms
[181.181s][info][gc,phases,start] GC(383) Adjust Roots
[181.181s][info][gc,phases      ] GC(383) Adjust Roots 0.159ms
[181.181s][info][gc,phases,start] GC(383) Compaction Phase
[181.965s][info][gc,phases      ] GC(383) Compaction Phase 783.345ms
[181.965s][info][gc,phases,start] GC(383) Post Compact
[181.981s][info][gc,phases      ] GC(383) Post Compact 15.936ms
[181.981s][info][gc,heap        ] GC(383) PSYoungGen: 153087K(626688K)->153087K(626688K) Eden: 153087K(153088K)->153087K(153088K) From: 0K(473600K)->0K(473600K)
[181.981s][info][gc,heap        ] GC(383) ParOldGen: 10854047K(10854400K)->10854047K(10854400K)
[181.981s][info][gc,metaspace   ] GC(383) Metaspace: 6298K(6464K)->6298K(6464K) NonClass: 5764K(5824K)->5764K(5824K) Class: 533K(640K)->533K(640K)
[181.981s][info][gc             ] GC(383) Pause Full (Ergonomics) 10749M->10749M(11212M) 3301.513ms
[181.981s][info][gc,cpu         ] GC(383) User=25.12s Sys=0.00s Real=3.30s
[181.981s][info][gc,start       ] GC(384) Pause Full (Ergonomics)
[181.981s][info][gc,phases,start] GC(384) Marking Phase
[184.504s][info][gc,phases      ] GC(384) Marking Phase 2523.242ms
[184.504s][info][gc,phases,start] GC(384) Summary Phase
[184.504s][info][gc,phases      ] GC(384) Summary Phase 0.114ms
[184.504s][info][gc,phases,start] GC(384) Adjust Roots
[184.505s][info][gc,phases      ] GC(384) Adjust Roots 0.200ms
[184.505s][info][gc,phases,start] GC(384) Compaction Phase
[185.267s][info][gc,phases      ] GC(384) Compaction Phase 762.648ms
[185.267s][info][gc,phases,start] GC(384) Post Compact
[185.284s][info][gc,phases      ] GC(384) Post Compact 16.368ms
[185.284s][info][gc,heap        ] GC(384) PSYoungGen: 153087K(626688K)->153087K(626688K) Eden: 153087K(153088K)->153087K(153088K) From: 0K(473600K)->0K(473600K)
[185.284s][info][gc,heap        ] GC(384) ParOldGen: 10854052K(10854400K)->10854052K(10854400K)
[185.284s][info][gc,metaspace   ] GC(384) Metaspace: 6298K(6464K)->6298K(6464K) NonClass: 5764K(5824K)->5764K(5824K) Class: 533K(640K)->533K(640K)
[185.284s][info][gc             ] GC(384) Pause Full (Ergonomics) 10749M->10749M(11212M) 3302.934ms
[185.284s][info][gc,cpu         ] GC(384) User=25.22s Sys=0.03s Real=3.30s
[185.284s][info][gc,start       ] GC(385) Pause Full (Ergonomics)
[185.284s][info][gc,phases,start] GC(385) Marking Phase
[187.788s][info][gc,phases      ] GC(385) Marking Phase 2503.541ms
[187.788s][info][gc,phases,start] GC(385) Summary Phase
[187.788s][info][gc,phases      ] GC(385) Summary Phase 0.104ms
[187.788s][info][gc,phases,start] GC(385) Adjust Roots
[187.788s][info][gc,phases      ] GC(385) Adjust Roots 0.172ms
[187.788s][info][gc,phases,start] GC(385) Compaction Phase
[188.529s][info][gc,phases      ] GC(385) Compaction Phase 740.853ms
[188.529s][info][gc,phases,start] GC(385) Post Compact
[188.544s][info][gc,phases      ] GC(385) Post Compact 14.514ms
[188.544s][info][gc,heap        ] GC(385) PSYoungGen: 153087K(626688K)->153087K(626688K) Eden: 153087K(153088K)->153087K(153088K) From: 0K(473600K)->0K(473600K)
[188.544s][info][gc,heap        ] GC(385) ParOldGen: 10854057K(10854400K)->10854057K(10854400K)
[188.544s][info][gc,metaspace   ] GC(385) Metaspace: 6298K(6464K)->6298K(6464K) NonClass: 5764K(5824K)->5764K(5824K) Class: 533K(640K)->533K(640K)
[188.544s][info][gc             ] GC(385) Pause Full (Ergonomics) 10749M->10749M(11212M) 3259.541ms
[188.544s][info][gc,cpu         ] GC(385) User=25.12s Sys=0.00s Real=3.26s
[188.544s][info][gc,start       ] GC(386) Pause Full (Ergonomics)
[188.544s][info][gc,phases,start] GC(386) Marking Phase
[191.034s][info][gc,phases      ] GC(386) Marking Phase 2489.863ms
[191.034s][info][gc,phases,start] GC(386) Summary Phase
[191.034s][info][gc,phases      ] GC(386) Summary Phase 0.105ms
[191.034s][info][gc,phases,start] GC(386) Adjust Roots
[191.034s][info][gc,phases      ] GC(386) Adjust Roots 0.166ms
[191.034s][info][gc,phases,start] GC(386) Compaction Phase
[191.849s][info][gc,phases      ] GC(386) Compaction Phase 814.847ms
[191.849s][info][gc,phases,start] GC(386) Post Compact
[191.865s][info][gc,phases      ] GC(386) Post Compact 15.919ms
[191.865s][info][gc,heap        ] GC(386) PSYoungGen: 153087K(626688K)->153087K(626688K) Eden: 153087K(153088K)->153087K(153088K) From: 0K(473600K)->0K(473600K)
[191.865s][info][gc,heap        ] GC(386) ParOldGen: 10854062K(10854400K)->10854062K(10854400K)
[191.865s][info][gc,metaspace   ] GC(386) Metaspace: 6298K(6464K)->6298K(6464K) NonClass: 5764K(5824K)->5764K(5824K) Class: 533K(640K)->533K(640K)
[191.865s][info][gc             ] GC(386) Pause Full (Ergonomics) 10749M->10749M(11212M) 3321.266ms
[191.865s][info][gc,cpu         ] GC(386) User=24.89s Sys=0.00s Real=3.32s
[191.865s][info][gc,start       ] GC(387) Pause Full (Ergonomics)
[191.865s][info][gc,phases,start] GC(387) Marking Phase
[194.418s][info][gc,phases      ] GC(387) Marking Phase 2552.726ms
[194.418s][info][gc,phases,start] GC(387) Summary Phase
[194.418s][info][gc,phases      ] GC(387) Summary Phase 0.110ms
[194.418s][info][gc,phases,start] GC(387) Adjust Roots
[194.419s][info][gc,phases      ] GC(387) Adjust Roots 0.212ms
[194.419s][info][gc,phases,start] GC(387) Compaction Phase
[195.161s][info][gc,phases      ] GC(387) Compaction Phase 742.281ms
[195.161s][info][gc,phases,start] GC(387) Post Compact
[195.177s][info][gc,phases      ] GC(387) Post Compact 15.844ms
[195.177s][info][gc,heap        ] GC(387) PSYoungGen: 153087K(626688K)->153087K(626688K) Eden: 153087K(153088K)->153087K(153088K) From: 0K(473600K)->0K(473600K)
[195.177s][info][gc,heap        ] GC(387) ParOldGen: 10854067K(10854400K)->10854067K(10854400K)
[195.177s][info][gc,metaspace   ] GC(387) Metaspace: 6298K(6464K)->6298K(6464K) NonClass: 5764K(5824K)->5764K(5824K) Class: 533K(640K)->533K(640K)
[195.177s][info][gc             ] GC(387) Pause Full (Ergonomics) 10749M->10749M(11212M) 3311.544ms
[195.177s][info][gc,cpu         ] GC(387) User=25.36s Sys=0.03s Real=3.31s
[195.177s][info][gc,start       ] GC(388) Pause Full (Ergonomics)
[195.177s][info][gc,phases,start] GC(388) Marking Phase
[197.698s][info][gc,phases      ] GC(388) Marking Phase 2521.156ms
[197.698s][info][gc,phases,start] GC(388) Summary Phase
[197.698s][info][gc,phases      ] GC(388) Summary Phase 0.107ms
[197.698s][info][gc,phases,start] GC(388) Adjust Roots
[197.699s][info][gc,phases      ] GC(388) Adjust Roots 0.227ms
[197.699s][info][gc,phases,start] GC(388) Compaction Phase
[198.405s][info][gc,phases      ] GC(388) Compaction Phase 705.987ms
[198.405s][info][gc,phases,start] GC(388) Post Compact
[198.419s][info][gc,phases      ] GC(388) Post Compact 14.585ms
[198.419s][info][gc,heap        ] GC(388) PSYoungGen: 153087K(626688K)->153087K(626688K) Eden: 153087K(153088K)->153087K(153088K) From: 0K(473600K)->0K(473600K)
[198.420s][info][gc,heap        ] GC(388) ParOldGen: 10854071K(10854400K)->10854071K(10854400K)
[198.420s][info][gc,metaspace   ] GC(388) Metaspace: 6298K(6464K)->6298K(6464K) NonClass: 5764K(5824K)->5764K(5824K) Class: 533K(640K)->533K(640K)
[198.420s][info][gc             ] GC(388) Pause Full (Ergonomics) 10749M->10749M(11212M) 3242.465ms
[198.420s][info][gc,cpu         ] GC(388) User=25.14s Sys=0.00s Real=3.24s
[198.420s][info][gc,start       ] GC(389) Pause Full (Ergonomics)
[198.420s][info][gc,phases,start] GC(389) Marking Phase
[200.950s][info][gc,phases      ] GC(389) Marking Phase 2530.039ms
[200.950s][info][gc,phases,start] GC(389) Summary Phase
[200.950s][info][gc,phases      ] GC(389) Summary Phase 0.104ms
[200.950s][info][gc,phases,start] GC(389) Adjust Roots
[200.950s][info][gc,phases      ] GC(389) Adjust Roots 0.183ms
[200.950s][info][gc,phases,start] GC(389) Compaction Phase
[201.658s][info][gc,phases      ] GC(389) Compaction Phase 707.280ms
[201.658s][info][gc,phases,start] GC(389) Post Compact
[201.673s][info][gc,phases      ] GC(389) Post Compact 15.641ms
[201.673s][info][gc,heap        ] GC(389) PSYoungGen: 153087K(626688K)->153087K(626688K) Eden: 153087K(153088K)->153087K(153088K) From: 0K(473600K)->0K(473600K)
[201.673s][info][gc,heap        ] GC(389) ParOldGen: 10854076K(10854400K)->10854076K(10854400K)
[201.673s][info][gc,metaspace   ] GC(389) Metaspace: 6298K(6464K)->6298K(6464K) NonClass: 5764K(5824K)->5764K(5824K) Class: 533K(640K)->533K(640K)
[201.673s][info][gc             ] GC(389) Pause Full (Ergonomics) 10749M->10749M(11212M) 3253.611ms
[201.673s][info][gc,cpu         ] GC(389) User=24.89s Sys=0.02s Real=3.25s
[201.674s][info][gc,start       ] GC(390) Pause Full (Ergonomics)
[201.674s][info][gc,phases,start] GC(390) Marking Phase
[204.172s][info][gc,phases      ] GC(390) Marking Phase 2498.758ms
[204.172s][info][gc,phases,start] GC(390) Summary Phase
[204.173s][info][gc,phases      ] GC(390) Summary Phase 0.100ms
[204.173s][info][gc,phases,start] GC(390) Adjust Roots
[204.173s][info][gc,phases      ] GC(390) Adjust Roots 0.186ms
[204.173s][info][gc,phases,start] GC(390) Compaction Phase
[204.874s][info][gc,phases      ] GC(390) Compaction Phase 700.757ms
[204.874s][info][gc,phases,start] GC(390) Post Compact
[204.890s][info][gc,phases      ] GC(390) Post Compact 16.075ms
[204.890s][info][gc,heap        ] GC(390) PSYoungGen: 153087K(626688K)->153087K(626688K) Eden: 153087K(153088K)->153087K(153088K) From: 0K(473600K)->0K(473600K)
[204.890s][info][gc,heap        ] GC(390) ParOldGen: 10854081K(10854400K)->10854081K(10854400K)
[204.890s][info][gc,metaspace   ] GC(390) Metaspace: 6298K(6464K)->6298K(6464K) NonClass: 5764K(5824K)->5764K(5824K) Class: 533K(640K)->533K(640K)
[204.890s][info][gc             ] GC(390) Pause Full (Ergonomics) 10749M->10749M(11212M) 3216.225ms
[204.890s][info][gc,cpu         ] GC(390) User=24.83s Sys=0.00s Real=3.22s
[204.890s][info][gc,start       ] GC(391) Pause Full (Ergonomics)
[204.890s][info][gc,phases,start] GC(391) Marking Phase
[207.441s][info][gc,phases      ] GC(391) Marking Phase 2551.073ms
[207.441s][info][gc,phases,start] GC(391) Summary Phase
[207.441s][info][gc,phases      ] GC(391) Summary Phase 0.099ms
[207.441s][info][gc,phases,start] GC(391) Adjust Roots
[207.441s][info][gc,phases      ] GC(391) Adjust Roots 0.160ms
[207.441s][info][gc,phases,start] GC(391) Compaction Phase
[208.125s][info][gc,phases      ] GC(391) Compaction Phase 683.009ms
[208.125s][info][gc,phases,start] GC(391) Post Compact
[208.139s][info][gc,phases      ] GC(391) Post Compact 14.742ms
[208.139s][info][gc,heap        ] GC(391) PSYoungGen: 153087K(626688K)->153087K(626688K) Eden: 153087K(153088K)->153087K(153088K) From: 0K(473600K)->0K(473600K)
[208.139s][info][gc,heap        ] GC(391) ParOldGen: 10854086K(10854400K)->10854086K(10854400K)
[208.139s][info][gc,metaspace   ] GC(391) Metaspace: 6298K(6464K)->6298K(6464K) NonClass: 5764K(5824K)->5764K(5824K) Class: 533K(640K)->533K(640K)
[208.139s][info][gc             ] GC(391) Pause Full (Ergonomics) 10749M->10749M(11212M) 3249.425ms
[208.139s][info][gc,cpu         ] GC(391) User=25.16s Sys=0.00s Real=3.25s
[208.140s][info][gc,start       ] GC(392) Pause Full (Ergonomics)
[208.140s][info][gc,phases,start] GC(392) Marking Phase
[210.662s][info][gc,phases      ] GC(392) Marking Phase 2522.496ms
[210.662s][info][gc,phases,start] GC(392) Summary Phase
[210.662s][info][gc,phases      ] GC(392) Summary Phase 0.098ms
[210.662s][info][gc,phases,start] GC(392) Adjust Roots
[210.662s][info][gc,phases      ] GC(392) Adjust Roots 0.157ms
[210.663s][info][gc,phases,start] GC(392) Compaction Phase
[211.346s][info][gc,phases      ] GC(392) Compaction Phase 683.830ms
[211.346s][info][gc,phases,start] GC(392) Post Compact
[211.361s][info][gc,phases      ] GC(392) Post Compact 14.828ms
[211.361s][info][gc,heap        ] GC(392) PSYoungGen: 153087K(626688K)->153087K(626688K) Eden: 153087K(153088K)->153087K(153088K) From: 0K(473600K)->0K(473600K)
[211.361s][info][gc,heap        ] GC(392) ParOldGen: 10854091K(10854400K)->10854091K(10854400K)
[211.361s][info][gc,metaspace   ] GC(392) Metaspace: 6298K(6464K)->6298K(6464K) NonClass: 5764K(5824K)->5764K(5824K) Class: 533K(640K)->533K(640K)
[211.361s][info][gc             ] GC(392) Pause Full (Ergonomics) 10749M->10749M(11212M) 3221.750ms
[211.361s][info][gc,cpu         ] GC(392) User=24.75s Sys=0.00s Real=3.22s
[211.362s][info][gc,start       ] GC(393) Pause Full (Ergonomics)
[211.362s][info][gc,phases,start] GC(393) Marking Phase
[213.855s][info][gc,phases      ] GC(393) Marking Phase 2493.830ms
[213.856s][info][gc,phases,start] GC(393) Summary Phase
[213.856s][info][gc,phases      ] GC(393) Summary Phase 0.158ms
[213.856s][info][gc,phases,start] GC(393) Adjust Roots
[213.856s][info][gc,phases      ] GC(393) Adjust Roots 0.226ms
[213.856s][info][gc,phases,start] GC(393) Compaction Phase
[214.552s][info][gc,phases      ] GC(393) Compaction Phase 695.709ms
[214.552s][info][gc,phases,start] GC(393) Post Compact
[214.568s][info][gc,phases      ] GC(393) Post Compact 15.924ms
[214.568s][info][gc,heap        ] GC(393) PSYoungGen: 153087K(626688K)->153087K(626688K) Eden: 153087K(153088K)->153087K(153088K) From: 0K(473600K)->0K(473600K)
[214.568s][info][gc,heap        ] GC(393) ParOldGen: 10854096K(10854400K)->10854096K(10854400K)
[214.568s][info][gc,metaspace   ] GC(393) Metaspace: 6298K(6464K)->6298K(6464K) NonClass: 5764K(5824K)->5764K(5824K) Class: 533K(640K)->533K(640K)
[214.568s][info][gc             ] GC(393) Pause Full (Ergonomics) 10749M->10749M(11212M) 3206.233ms
[214.568s][info][gc,cpu         ] GC(393) User=24.64s Sys=0.02s Real=3.21s
[214.568s][info][gc,start       ] GC(394) Pause Full (Ergonomics)
[214.568s][info][gc,phases,start] GC(394) Marking Phase
[217.101s][info][gc,phases      ] GC(394) Marking Phase 2533.298ms
[217.101s][info][gc,phases,start] GC(394) Summary Phase
[217.102s][info][gc,phases      ] GC(394) Summary Phase 0.100ms
[217.102s][info][gc,phases,start] GC(394) Adjust Roots
[217.102s][info][gc,phases      ] GC(394) Adjust Roots 0.158ms
[217.102s][info][gc,phases,start] GC(394) Compaction Phase
[217.777s][info][gc,phases      ] GC(394) Compaction Phase 675.419ms
[217.777s][info][gc,phases,start] GC(394) Post Compact
[217.793s][info][gc,phases      ] GC(394) Post Compact 15.456ms
[217.793s][info][gc,heap        ] GC(394) PSYoungGen: 153087K(626688K)->153087K(626688K) Eden: 153087K(153088K)->153087K(153088K) From: 0K(473600K)->0K(473600K)
[217.793s][info][gc,heap        ] GC(394) ParOldGen: 10854100K(10854400K)->10854100K(10854400K)
[217.793s][info][gc,metaspace   ] GC(394) Metaspace: 6298K(6464K)->6298K(6464K) NonClass: 5764K(5824K)->5764K(5824K) Class: 533K(640K)->533K(640K)
[217.793s][info][gc             ] GC(394) Pause Full (Ergonomics) 10749M->10749M(11212M) 3224.779ms
[217.793s][info][gc,cpu         ] GC(394) User=25.02s Sys=0.00s Real=3.22s
[217.793s][info][gc,start       ] GC(395) Pause Full (Ergonomics)
[217.793s][info][gc,phases,start] GC(395) Marking Phase
[220.291s][info][gc,phases      ] GC(395) Marking Phase 2497.925ms
[220.291s][info][gc,phases,start] GC(395) Summary Phase
[220.291s][info][gc,phases      ] GC(395) Summary Phase 0.100ms
[220.291s][info][gc,phases,start] GC(395) Adjust Roots
[220.291s][info][gc,phases      ] GC(395) Adjust Roots 0.163ms
[220.291s][info][gc,phases,start] GC(395) Compaction Phase
[220.984s][info][gc,phases      ] GC(395) Compaction Phase 692.593ms
[220.984s][info][gc,phases,start] GC(395) Post Compact
[220.999s][info][gc,phases      ] GC(395) Post Compact 15.227ms
[220.999s][info][gc,heap        ] GC(395) PSYoungGen: 153087K(626688K)->153087K(626688K) Eden: 153087K(153088K)->153087K(153088K) From: 0K(473600K)->0K(473600K)
[220.999s][info][gc,heap        ] GC(395) ParOldGen: 10854105K(10854400K)->10854105K(10854400K)
[220.999s][info][gc,metaspace   ] GC(395) Metaspace: 6298K(6464K)->6298K(6464K) NonClass: 5764K(5824K)->5764K(5824K) Class: 533K(640K)->533K(640K)
[220.999s][info][gc             ] GC(395) Pause Full (Ergonomics) 10749M->10749M(11212M) 3206.347ms
[220.999s][info][gc,cpu         ] GC(395) User=24.67s Sys=0.00s Real=3.21s
[221.000s][info][gc,start       ] GC(396) Pause Full (Ergonomics)
[221.000s][info][gc,phases,start] GC(396) Marking Phase
[223.448s][info][gc,phases      ] GC(396) Marking Phase 2448.507ms
[223.448s][info][gc,phases,start] GC(396) Summary Phase
[223.448s][info][gc,phases      ] GC(396) Summary Phase 0.100ms
[223.448s][info][gc,phases,start] GC(396) Adjust Roots
[223.448s][info][gc,phases      ] GC(396) Adjust Roots 0.167ms
[223.449s][info][gc,phases,start] GC(396) Compaction Phase
[224.124s][info][gc,phases      ] GC(396) Compaction Phase 675.544ms
[224.124s][info][gc,phases,start] GC(396) Post Compact
[224.138s][info][gc,phases      ] GC(396) Post Compact 14.354ms
[224.139s][info][gc,heap        ] GC(396) PSYoungGen: 153087K(626688K)->153087K(626688K) Eden: 153087K(153088K)->153087K(153088K) From: 0K(473600K)->0K(473600K)
[224.139s][info][gc,heap        ] GC(396) ParOldGen: 10854110K(10854400K)->10854110K(10854400K)
[224.139s][info][gc,metaspace   ] GC(396) Metaspace: 6298K(6464K)->6298K(6464K) NonClass: 5764K(5824K)->5764K(5824K) Class: 533K(640K)->533K(640K)
[224.139s][info][gc             ] GC(396) Pause Full (Ergonomics) 10749M->10749M(11212M) 3139.050ms
[224.139s][info][gc,cpu         ] GC(396) User=24.08s Sys=0.00s Real=3.14s
[224.139s][info][gc,start       ] GC(397) Pause Full (Ergonomics)
[224.139s][info][gc,phases,start] GC(397) Marking Phase
[226.628s][info][gc,phases      ] GC(397) Marking Phase 2489.416ms
[226.628s][info][gc,phases,start] GC(397) Summary Phase
[226.629s][info][gc,phases      ] GC(397) Summary Phase 0.149ms
[226.629s][info][gc,phases,start] GC(397) Adjust Roots
[226.629s][info][gc,phases      ] GC(397) Adjust Roots 0.161ms
[226.629s][info][gc,phases,start] GC(397) Compaction Phase
[227.316s][info][gc,phases      ] GC(397) Compaction Phase 686.976ms
[227.316s][info][gc,phases,start] GC(397) Post Compact
[227.331s][info][gc,phases      ] GC(397) Post Compact 15.350ms
[227.331s][info][gc,heap        ] GC(397) PSYoungGen: 153087K(626688K)->153087K(626688K) Eden: 153087K(153088K)->153087K(153088K) From: 0K(473600K)->0K(473600K)
[227.331s][info][gc,heap        ] GC(397) ParOldGen: 10854115K(10854400K)->10854115K(10854400K)
[227.331s][info][gc,metaspace   ] GC(397) Metaspace: 6298K(6464K)->6298K(6464K) NonClass: 5764K(5824K)->5764K(5824K) Class: 533K(640K)->533K(640K)
[227.331s][info][gc             ] GC(397) Pause Full (Ergonomics) 10749M->10749M(11212M) 3192.385ms
[227.331s][info][gc,cpu         ] GC(397) User=24.58s Sys=0.02s Real=3.19s
[227.331s][info][gc,start       ] GC(398) Pause Full (Ergonomics)
[227.331s][info][gc,phases,start] GC(398) Marking Phase
[229.843s][info][gc,phases      ] GC(398) Marking Phase 2511.940ms
[229.843s][info][gc,phases,start] GC(398) Summary Phase
[229.844s][info][gc,phases      ] GC(398) Summary Phase 0.100ms
[229.844s][info][gc,phases,start] GC(398) Adjust Roots
[229.844s][info][gc,phases      ] GC(398) Adjust Roots 0.159ms
[229.844s][info][gc,phases,start] GC(398) Compaction Phase
[230.518s][info][gc,phases      ] GC(398) Compaction Phase 674.699ms
[230.519s][info][gc,phases,start] GC(398) Post Compact
[230.533s][info][gc,phases      ] GC(398) Post Compact 14.571ms
[230.533s][info][gc,heap        ] GC(398) PSYoungGen: 153087K(626688K)->153087K(626688K) Eden: 153087K(153088K)->153087K(153088K) From: 0K(473600K)->0K(473600K)
[230.533s][info][gc,heap        ] GC(398) ParOldGen: 10854120K(10854400K)->10854120K(10854400K)
[230.533s][info][gc,metaspace   ] GC(398) Metaspace: 6298K(6464K)->6298K(6464K) NonClass: 5764K(5824K)->5764K(5824K) Class: 533K(640K)->533K(640K)
[230.533s][info][gc             ] GC(398) Pause Full (Ergonomics) 10749M->10749M(11212M) 3201.821ms
[230.533s][info][gc,cpu         ] GC(398) User=24.69s Sys=0.02s Real=3.20s
[230.533s][info][gc,start       ] GC(399) Pause Full (Ergonomics)
[230.534s][info][gc,phases,start] GC(399) Marking Phase
[233.051s][info][gc,phases      ] GC(399) Marking Phase 2517.045ms
[233.051s][info][gc,phases,start] GC(399) Summary Phase
[233.051s][info][gc,phases      ] GC(399) Summary Phase 0.100ms
[233.051s][info][gc,phases,start] GC(399) Adjust Roots
[233.051s][info][gc,phases      ] GC(399) Adjust Roots 0.188ms
[233.051s][info][gc,phases,start] GC(399) Compaction Phase
[233.720s][info][gc,phases      ] GC(399) Compaction Phase 669.279ms
[233.720s][info][gc,phases,start] GC(399) Post Compact
[233.735s][info][gc,phases      ] GC(399) Post Compact 14.819ms
[233.735s][info][gc,heap        ] GC(399) PSYoungGen: 153087K(626688K)->153087K(626688K) Eden: 153087K(153088K)->153087K(153088K) From: 0K(473600K)->0K(473600K)
[233.735s][info][gc,heap        ] GC(399) ParOldGen: 10854125K(10854400K)->10854125K(10854400K)
[233.735s][info][gc,metaspace   ] GC(399) Metaspace: 6298K(6464K)->6298K(6464K) NonClass: 5764K(5824K)->5764K(5824K) Class: 533K(640K)->533K(640K)
[233.735s][info][gc             ] GC(399) Pause Full (Ergonomics) 10749M->10749M(11212M) 3201.797ms
[233.735s][info][gc,cpu         ] GC(399) User=24.89s Sys=0.00s Real=3.20s
[233.735s][info][gc,start       ] GC(400) Pause Full (Ergonomics)
[233.736s][info][gc,phases,start] GC(400) Marking Phase
[236.207s][info][gc,phases      ] GC(400) Marking Phase 2471.213ms
[236.207s][info][gc,phases,start] GC(400) Summary Phase
[236.207s][info][gc,phases      ] GC(400) Summary Phase 0.100ms
[236.207s][info][gc,phases,start] GC(400) Adjust Roots
[236.207s][info][gc,phases      ] GC(400) Adjust Roots 0.158ms
[236.207s][info][gc,phases,start] GC(400) Compaction Phase
[236.892s][info][gc,phases      ] GC(400) Compaction Phase 684.771ms
[236.892s][info][gc,phases,start] GC(400) Post Compact
[236.907s][info][gc,phases      ] GC(400) Post Compact 15.349ms
[236.907s][info][gc,heap        ] GC(400) PSYoungGen: 153087K(626688K)->153087K(626688K) Eden: 153087K(153088K)->153087K(153088K) From: 0K(473600K)->0K(473600K)
[236.907s][info][gc,heap        ] GC(400) ParOldGen: 10854129K(10854400K)->10854129K(10854400K)
[236.907s][info][gc,metaspace   ] GC(400) Metaspace: 6298K(6464K)->6298K(6464K) NonClass: 5764K(5824K)->5764K(5824K) Class: 533K(640K)->533K(640K)
[236.907s][info][gc             ] GC(400) Pause Full (Ergonomics) 10749M->10749M(11212M) 3171.943ms
[236.907s][info][gc,cpu         ] GC(400) User=24.45s Sys=0.02s Real=3.17s
[236.908s][info][gc,start       ] GC(401) Pause Full (Ergonomics)
[236.908s][info][gc,phases,start] GC(401) Marking Phase
[239.365s][info][gc,phases      ] GC(401) Marking Phase 2457.479ms
[239.365s][info][gc,phases,start] GC(401) Summary Phase
[239.365s][info][gc,phases      ] GC(401) Summary Phase 0.107ms
[239.365s][info][gc,phases,start] GC(401) Adjust Roots
[239.366s][info][gc,phases      ] GC(401) Adjust Roots 0.170ms
[239.366s][info][gc,phases,start] GC(401) Compaction Phase
[240.041s][info][gc,phases      ] GC(401) Compaction Phase 675.674ms
[240.041s][info][gc,phases,start] GC(401) Post Compact
[240.056s][info][gc,phases      ] GC(401) Post Compact 14.919ms
[240.056s][info][gc,heap        ] GC(401) PSYoungGen: 153087K(626688K)->153087K(626688K) Eden: 153087K(153088K)->153087K(153088K) From: 0K(473600K)->0K(473600K)
[240.056s][info][gc,heap        ] GC(401) ParOldGen: 10854134K(10854400K)->10854134K(10854400K)
[240.056s][info][gc,metaspace   ] GC(401) Metaspace: 6298K(6464K)->6298K(6464K) NonClass: 5764K(5824K)->5764K(5824K) Class: 533K(640K)->533K(640K)
[240.056s][info][gc             ] GC(401) Pause Full (Ergonomics) 10749M->10749M(11212M) 3148.703ms
[240.056s][info][gc,cpu         ] GC(401) User=24.31s Sys=0.00s Real=3.15s
[240.057s][info][gc,start       ] GC(402) Pause Full (Ergonomics)
[240.057s][info][gc,phases,start] GC(402) Marking Phase
[242.535s][info][gc,phases      ] GC(402) Marking Phase 2478.105ms
[242.535s][info][gc,phases,start] GC(402) Summary Phase
[242.535s][info][gc,phases      ] GC(402) Summary Phase 0.101ms
[242.535s][info][gc,phases,start] GC(402) Adjust Roots
[242.535s][info][gc,phases      ] GC(402) Adjust Roots 0.162ms
[242.535s][info][gc,phases,start] GC(402) Compaction Phase
[243.219s][info][gc,phases      ] GC(402) Compaction Phase 684.180ms
[243.219s][info][gc,phases,start] GC(402) Post Compact
[243.234s][info][gc,phases      ] GC(402) Post Compact 14.760ms
[243.234s][info][gc,heap        ] GC(402) PSYoungGen: 153087K(626688K)->153087K(626688K) Eden: 153087K(153088K)->153087K(153088K) From: 0K(473600K)->0K(473600K)
[243.234s][info][gc,heap        ] GC(402) ParOldGen: 10854139K(10854400K)->10854139K(10854400K)
[243.234s][info][gc,metaspace   ] GC(402) Metaspace: 6298K(6464K)->6298K(6464K) NonClass: 5764K(5824K)->5764K(5824K) Class: 533K(640K)->533K(640K)
[243.234s][info][gc             ] GC(402) Pause Full (Ergonomics) 10749M->10749M(11212M) 3177.704ms
[243.234s][info][gc,cpu         ] GC(402) User=24.55s Sys=0.00s Real=3.18s
[243.234s][info][gc,start       ] GC(403) Pause Full (Ergonomics)
[243.235s][info][gc,phases,start] GC(403) Marking Phase
[245.716s][info][gc,phases      ] GC(403) Marking Phase 2481.579ms
[245.716s][info][gc,phases,start] GC(403) Summary Phase
[245.716s][info][gc,phases      ] GC(403) Summary Phase 0.109ms
[245.716s][info][gc,phases,start] GC(403) Adjust Roots
[245.716s][info][gc,phases      ] GC(403) Adjust Roots 0.202ms
[245.717s][info][gc,phases,start] GC(403) Compaction Phase
[246.390s][info][gc,phases      ] GC(403) Compaction Phase 673.144ms
[246.390s][info][gc,phases,start] GC(403) Post Compact
[246.405s][info][gc,phases      ] GC(403) Post Compact 15.190ms
[246.405s][info][gc,heap        ] GC(403) PSYoungGen: 153087K(626688K)->153087K(626688K) Eden: 153087K(153088K)->153087K(153088K) From: 0K(473600K)->0K(473600K)
[246.405s][info][gc,heap        ] GC(403) ParOldGen: 10854144K(10854400K)->10854144K(10854400K)
[246.405s][info][gc,metaspace   ] GC(403) Metaspace: 6298K(6464K)->6298K(6464K) NonClass: 5764K(5824K)->5764K(5824K) Class: 533K(640K)->533K(640K)
[246.405s][info][gc             ] GC(403) Pause Full (Ergonomics) 10749M->10749M(11212M) 3170.552ms
[246.405s][info][gc,cpu         ] GC(403) User=24.38s Sys=0.00s Real=3.17s
[246.405s][info][gc,start       ] GC(404) Pause Full (Ergonomics)
[246.405s][info][gc,phases,start] GC(404) Marking Phase
[248.870s][info][gc,phases      ] GC(404) Marking Phase 2464.268ms
[248.870s][info][gc,phases,start] GC(404) Summary Phase
[248.870s][info][gc,phases      ] GC(404) Summary Phase 0.101ms
[248.870s][info][gc,phases,start] GC(404) Adjust Roots
[248.870s][info][gc,phases      ] GC(404) Adjust Roots 0.160ms
[248.870s][info][gc,phases,start] GC(404) Compaction Phase
[249.554s][info][gc,phases      ] GC(404) Compaction Phase 683.625ms
[249.554s][info][gc,phases,start] GC(404) Post Compact
[249.568s][info][gc,phases      ] GC(404) Post Compact 14.694ms
[249.568s][info][gc,heap        ] GC(404) PSYoungGen: 153087K(626688K)->153087K(626688K) Eden: 153087K(153088K)->153087K(153088K) From: 0K(473600K)->0K(473600K)
[249.568s][info][gc,heap        ] GC(404) ParOldGen: 10854149K(10854400K)->10854149K(10854400K)
[249.568s][info][gc,metaspace   ] GC(404) Metaspace: 6298K(6464K)->6298K(6464K) NonClass: 5764K(5824K)->5764K(5824K) Class: 533K(640K)->533K(640K)
[249.568s][info][gc             ] GC(404) Pause Full (Ergonomics) 10749M->10749M(11212M) 3163.178ms
[249.568s][info][gc,cpu         ] GC(404) User=24.38s Sys=0.06s Real=3.16s
[249.569s][info][gc,start       ] GC(405) Pause Full (Ergonomics)
[249.569s][info][gc,phases,start] GC(405) Marking Phase
[252.108s][info][gc,phases      ] GC(405) Marking Phase 2539.755ms
[252.109s][info][gc,phases,start] GC(405) Summary Phase
[252.109s][info][gc,phases      ] GC(405) Summary Phase 0.125ms
[252.109s][info][gc,phases,start] GC(405) Adjust Roots
[252.109s][info][gc,phases      ] GC(405) Adjust Roots 0.228ms
[252.109s][info][gc,phases,start] GC(405) Compaction Phase
[252.831s][info][gc,phases      ] GC(405) Compaction Phase 721.698ms
[252.831s][info][gc,phases,start] GC(405) Post Compact
[252.847s][info][gc,phases      ] GC(405) Post Compact 16.706ms
[252.847s][info][gc,heap        ] GC(405) PSYoungGen: 153087K(626688K)->153087K(626688K) Eden: 153087K(153088K)->153087K(153088K) From: 0K(473600K)->0K(473600K)
[252.848s][info][gc,heap        ] GC(405) ParOldGen: 10854154K(10854400K)->10854154K(10854400K)
[252.848s][info][gc,metaspace   ] GC(405) Metaspace: 6298K(6464K)->6298K(6464K) NonClass: 5764K(5824K)->5764K(5824K) Class: 533K(640K)->533K(640K)
[252.848s][info][gc             ] GC(405) Pause Full (Ergonomics) 10749M->10749M(11212M) 3278.885ms
[252.848s][info][gc,cpu         ] GC(405) User=24.52s Sys=0.02s Real=3.28s
[252.848s][info][gc,start       ] GC(406) Pause Full (Ergonomics)
[252.848s][info][gc,phases,start] GC(406) Marking Phase
[255.588s][info][gc,phases      ] GC(406) Marking Phase 2740.197ms
[255.588s][info][gc,phases,start] GC(406) Summary Phase
[255.588s][info][gc,phases      ] GC(406) Summary Phase 0.241ms
[255.588s][info][gc,phases,start] GC(406) Adjust Roots
[255.589s][info][gc,phases      ] GC(406) Adjust Roots 0.357ms
[255.589s][info][gc,phases,start] GC(406) Compaction Phase
[256.477s][info][gc,phases      ] GC(406) Compaction Phase 888.534ms
[256.477s][info][gc,phases,start] GC(406) Post Compact
[256.503s][info][gc,phases      ] GC(406) Post Compact 25.704ms
[256.503s][info][gc,heap        ] GC(406) PSYoungGen: 153087K(626688K)->153087K(626688K) Eden: 153087K(153088K)->153087K(153088K) From: 0K(473600K)->0K(473600K)
[256.503s][info][gc,heap        ] GC(406) ParOldGen: 10854158K(10854400K)->10854158K(10854400K)
[256.503s][info][gc,metaspace   ] GC(406) Metaspace: 6298K(6464K)->6298K(6464K) NonClass: 5764K(5824K)->5764K(5824K) Class: 533K(640K)->533K(640K)
[256.503s][info][gc             ] GC(406) Pause Full (Ergonomics) 10749M->10749M(11212M) 3655.557ms
[256.503s][info][gc,cpu         ] GC(406) User=24.62s Sys=0.03s Real=3.65s
[256.504s][info][gc,start       ] GC(407) Pause Full (Ergonomics)
[256.505s][info][gc,phases,start] GC(407) Marking Phase
[259.311s][info][gc,phases      ] GC(407) Marking Phase 2806.248ms
[259.311s][info][gc,phases,start] GC(407) Summary Phase
[259.311s][info][gc,phases      ] GC(407) Summary Phase 0.258ms
[259.311s][info][gc,phases,start] GC(407) Adjust Roots
[259.312s][info][gc,phases      ] GC(407) Adjust Roots 0.368ms
[259.312s][info][gc,phases,start] GC(407) Compaction Phase
[260.131s][info][gc,phases      ] GC(407) Compaction Phase 819.397ms
[260.131s][info][gc,phases,start] GC(407) Post Compact
[260.157s][info][gc,phases      ] GC(407) Post Compact 25.709ms
[260.157s][info][gc,heap        ] GC(407) PSYoungGen: 153087K(626688K)->153087K(626688K) Eden: 153087K(153088K)->153087K(153088K) From: 0K(473600K)->0K(473600K)
[260.157s][info][gc,heap        ] GC(407) ParOldGen: 10854163K(10854400K)->10854163K(10854400K)
[260.157s][info][gc,metaspace   ] GC(407) Metaspace: 6298K(6464K)->6298K(6464K) NonClass: 5764K(5824K)->5764K(5824K) Class: 533K(640K)->533K(640K)
[260.157s][info][gc             ] GC(407) Pause Full (Ergonomics) 10749M->10749M(11212M) 3652.574ms
[260.157s][info][gc,cpu         ] GC(407) User=24.36s Sys=0.02s Real=3.65s
[260.157s][info][gc,start       ] GC(408) Pause Full (Ergonomics)
[260.157s][info][gc,phases,start] GC(408) Marking Phase
[262.790s][info][gc,phases      ] GC(408) Marking Phase 2632.686ms
[262.790s][info][gc,phases,start] GC(408) Summary Phase
[262.790s][info][gc,phases      ] GC(408) Summary Phase 0.171ms
[262.790s][info][gc,phases,start] GC(408) Adjust Roots
[262.791s][info][gc,phases      ] GC(408) Adjust Roots 0.320ms
[262.791s][info][gc,phases,start] GC(408) Compaction Phase
[263.483s][info][gc,phases      ] GC(408) Compaction Phase 692.205ms
[263.483s][info][gc,phases,start] GC(408) Post Compact
[263.500s][info][gc,phases      ] GC(408) Post Compact 17.243ms
[263.500s][info][gc,heap        ] GC(408) PSYoungGen: 153087K(626688K)->153087K(626688K) Eden: 153087K(153088K)->153087K(153088K) From: 0K(473600K)->0K(473600K)
[263.500s][info][gc,heap        ] GC(408) ParOldGen: 10854168K(10854400K)->10854168K(10854400K)
[263.500s][info][gc,metaspace   ] GC(408) Metaspace: 6298K(6464K)->6298K(6464K) NonClass: 5764K(5824K)->5764K(5824K) Class: 533K(640K)->533K(640K)
[263.500s][info][gc             ] GC(408) Pause Full (Ergonomics) 10749M->10749M(11212M) 3343.084ms
[263.500s][info][gc,cpu         ] GC(408) User=24.59s Sys=0.02s Real=3.34s
[263.501s][info][gc,start       ] GC(409) Pause Full (Ergonomics)
[263.501s][info][gc,phases,start] GC(409) Marking Phase
[266.081s][info][gc,phases      ] GC(409) Marking Phase 2579.978ms
[266.081s][info][gc,phases,start] GC(409) Summary Phase
[266.081s][info][gc,phases      ] GC(409) Summary Phase 0.149ms
[266.081s][info][gc,phases,start] GC(409) Adjust Roots
[266.081s][info][gc,phases      ] GC(409) Adjust Roots 0.330ms
[266.081s][info][gc,phases,start] GC(409) Compaction Phase
[266.771s][info][gc,phases      ] GC(409) Compaction Phase 690.006ms
[266.771s][info][gc,phases,start] GC(409) Post Compact
[266.790s][info][gc,phases      ] GC(409) Post Compact 18.517ms
[266.790s][info][gc,heap        ] GC(409) PSYoungGen: 153087K(626688K)->153087K(626688K) Eden: 153087K(153088K)->153087K(153088K) From: 0K(473600K)->0K(473600K)
[266.790s][info][gc,heap        ] GC(409) ParOldGen: 10854173K(10854400K)->10854173K(10854400K)
[266.790s][info][gc,metaspace   ] GC(409) Metaspace: 6298K(6464K)->6298K(6464K) NonClass: 5764K(5824K)->5764K(5824K) Class: 533K(640K)->533K(640K)
[266.790s][info][gc             ] GC(409) Pause Full (Ergonomics) 10749M->10749M(11212M) 3289.436ms
[266.790s][info][gc,cpu         ] GC(409) User=24.50s Sys=0.06s Real=3.29s
[266.790s][info][gc,start       ] GC(410) Pause Full (Ergonomics)
[266.790s][info][gc,phases,start] GC(410) Marking Phase
[269.449s][info][gc,phases      ] GC(410) Marking Phase 2658.991ms
[269.449s][info][gc,phases,start] GC(410) Summary Phase
[269.450s][info][gc,phases      ] GC(410) Summary Phase 0.140ms
[269.450s][info][gc,phases,start] GC(410) Adjust Roots
[269.450s][info][gc,phases      ] GC(410) Adjust Roots 0.256ms
[269.450s][info][gc,phases,start] GC(410) Compaction Phase
[270.152s][info][gc,phases      ] GC(410) Compaction Phase 701.768ms
[270.152s][info][gc,phases,start] GC(410) Post Compact
[270.168s][info][gc,phases      ] GC(410) Post Compact 16.050ms
[270.168s][info][gc,heap        ] GC(410) PSYoungGen: 153087K(626688K)->153087K(626688K) Eden: 153087K(153088K)->153087K(153088K) From: 0K(473600K)->0K(473600K)
[270.168s][info][gc,heap        ] GC(410) ParOldGen: 10854178K(10854400K)->10854178K(10854400K)
[270.168s][info][gc,metaspace   ] GC(410) Metaspace: 6298K(6464K)->6298K(6464K) NonClass: 5764K(5824K)->5764K(5824K) Class: 533K(640K)->533K(640K)
[270.168s][info][gc             ] GC(410) Pause Full (Ergonomics) 10749M->10749M(11212M) 3377.597ms
[270.168s][info][gc,cpu         ] GC(410) User=24.25s Sys=0.00s Real=3.38s
[270.168s][info][gc,start       ] GC(411) Pause Full (Ergonomics)
[270.168s][info][gc,phases,start] GC(411) Marking Phase
[272.702s][info][gc,phases      ] GC(411) Marking Phase 2534.054ms
[272.702s][info][gc,phases,start] GC(411) Summary Phase
[272.702s][info][gc,phases      ] GC(411) Summary Phase 0.184ms
[272.703s][info][gc,phases,start] GC(411) Adjust Roots
[272.703s][info][gc,phases      ] GC(411) Adjust Roots 0.301ms
[272.703s][info][gc,phases,start] GC(411) Compaction Phase
[273.382s][info][gc,phases      ] GC(411) Compaction Phase 679.019ms
[273.382s][info][gc,phases,start] GC(411) Post Compact
[273.395s][info][gc,phases      ] GC(411) Post Compact 13.534ms
[273.396s][info][gc,heap        ] GC(411) PSYoungGen: 153087K(626688K)->153087K(626688K) Eden: 153087K(153088K)->153087K(153088K) From: 0K(473600K)->0K(473600K)
[273.396s][info][gc,heap        ] GC(411) ParOldGen: 10854183K(10854400K)->10854183K(10854400K)
[273.396s][info][gc,metaspace   ] GC(411) Metaspace: 6298K(6464K)->6298K(6464K) NonClass: 5764K(5824K)->5764K(5824K) Class: 533K(640K)->533K(640K)
[273.396s][info][gc             ] GC(411) Pause Full (Ergonomics) 10749M->10749M(11212M) 3227.489ms
[273.396s][info][gc,cpu         ] GC(411) User=24.48s Sys=0.02s Real=3.23s
[273.396s][info][gc,start       ] GC(412) Pause Full (Ergonomics)
[273.396s][info][gc,phases,start] GC(412) Marking Phase
[276.054s][info][gc,phases      ] GC(412) Marking Phase 2658.054ms
[276.054s][info][gc,phases,start] GC(412) Summary Phase
[276.054s][info][gc,phases      ] GC(412) Summary Phase 0.169ms
[276.054s][info][gc,phases,start] GC(412) Adjust Roots
[276.054s][info][gc,phases      ] GC(412) Adjust Roots 0.261ms
[276.054s][info][gc,phases,start] GC(412) Compaction Phase
[276.750s][info][gc,phases      ] GC(412) Compaction Phase 695.806ms
[276.750s][info][gc,phases,start] GC(412) Post Compact
[276.767s][info][gc,phases      ] GC(412) Post Compact 16.247ms
[276.767s][info][gc,heap        ] GC(412) PSYoungGen: 153087K(626688K)->153087K(626688K) Eden: 153087K(153088K)->153087K(153088K) From: 0K(473600K)->0K(473600K)
[276.767s][info][gc,heap        ] GC(412) ParOldGen: 10854187K(10854400K)->10854187K(10854400K)
[276.767s][info][gc,metaspace   ] GC(412) Metaspace: 6298K(6464K)->6298K(6464K) NonClass: 5764K(5824K)->5764K(5824K) Class: 533K(640K)->533K(640K)
[276.767s][info][gc             ] GC(412) Pause Full (Ergonomics) 10749M->10749M(11212M) 3370.946ms
[276.767s][info][gc,cpu         ] GC(412) User=24.11s Sys=0.02s Real=3.37s
[276.767s][info][gc,start       ] GC(413) Pause Full (Ergonomics)
[276.767s][info][gc,phases,start] GC(413) Marking Phase
[279.398s][info][gc,phases      ] GC(413) Marking Phase 2631.191ms
[279.398s][info][gc,phases,start] GC(413) Summary Phase
[279.399s][info][gc,phases      ] GC(413) Summary Phase 0.201ms
[279.399s][info][gc,phases,start] GC(413) Adjust Roots
[279.399s][info][gc,phases      ] GC(413) Adjust Roots 0.378ms
[279.399s][info][gc,phases,start] GC(413) Compaction Phase
[280.207s][info][gc,phases      ] GC(413) Compaction Phase 808.157ms
[280.207s][info][gc,phases,start] GC(413) Post Compact
[280.227s][info][gc,phases      ] GC(413) Post Compact 19.655ms
[280.227s][info][gc,heap        ] GC(413) PSYoungGen: 153087K(626688K)->153087K(626688K) Eden: 153087K(153088K)->153087K(153088K) From: 0K(473600K)->0K(473600K)
[280.227s][info][gc,heap        ] GC(413) ParOldGen: 10854192K(10854400K)->10854192K(10854400K)
[280.227s][info][gc,metaspace   ] GC(413) Metaspace: 6298K(6464K)->6298K(6464K) NonClass: 5764K(5824K)->5764K(5824K) Class: 533K(640K)->533K(640K)
[280.227s][info][gc             ] GC(413) Pause Full (Ergonomics) 10749M->10749M(11212M) 3460.114ms
[280.227s][info][gc,cpu         ] GC(413) User=24.34s Sys=0.02s Real=3.46s
[280.227s][info][gc,start       ] GC(414) Pause Full (Ergonomics)
[280.227s][info][gc,phases,start] GC(414) Marking Phase
[282.733s][info][gc,phases      ] GC(414) Marking Phase 2505.419ms
[282.733s][info][gc,phases,start] GC(414) Summary Phase
[282.733s][info][gc,phases      ] GC(414) Summary Phase 0.176ms
[282.733s][info][gc,phases,start] GC(414) Adjust Roots
[282.733s][info][gc,phases      ] GC(414) Adjust Roots 0.336ms
[282.734s][info][gc,phases,start] GC(414) Compaction Phase
[283.431s][info][gc,phases      ] GC(414) Compaction Phase 697.884ms
[283.431s][info][gc,phases,start] GC(414) Post Compact
[283.449s][info][gc,phases      ] GC(414) Post Compact 17.184ms
[283.449s][info][gc,heap        ] GC(414) PSYoungGen: 153087K(626688K)->153087K(626688K) Eden: 153087K(153088K)->153087K(153088K) From: 0K(473600K)->0K(473600K)
[283.449s][info][gc,heap        ] GC(414) ParOldGen: 10854197K(10854400K)->10854197K(10854400K)
[283.449s][info][gc,metaspace   ] GC(414) Metaspace: 6298K(6464K)->6298K(6464K) NonClass: 5764K(5824K)->5764K(5824K) Class: 533K(640K)->533K(640K)
[283.449s][info][gc             ] GC(414) Pause Full (Ergonomics) 10749M->10749M(11212M) 3221.454ms
[283.449s][info][gc,cpu         ] GC(414) User=24.38s Sys=0.03s Real=3.22s
[283.449s][info][gc,start       ] GC(415) Pause Full (Ergonomics)
[283.449s][info][gc,phases,start] GC(415) Marking Phase
[285.972s][info][gc,phases      ] GC(415) Marking Phase 2522.571ms
[285.972s][info][gc,phases,start] GC(415) Summary Phase
[285.972s][info][gc,phases      ] GC(415) Summary Phase 0.161ms
[285.972s][info][gc,phases,start] GC(415) Adjust Roots
[285.972s][info][gc,phases      ] GC(415) Adjust Roots 0.321ms
[285.972s][info][gc,phases,start] GC(415) Compaction Phase
[286.662s][info][gc,phases      ] GC(415) Compaction Phase 689.840ms
[286.662s][info][gc,phases,start] GC(415) Post Compact
[286.684s][info][gc,phases      ] GC(415) Post Compact 22.154ms
[286.685s][info][gc,heap        ] GC(415) PSYoungGen: 153087K(626688K)->153087K(626688K) Eden: 153087K(153088K)->153087K(153088K) From: 0K(473600K)->0K(473600K)
[286.685s][info][gc,heap        ] GC(415) ParOldGen: 10854202K(10854400K)->10854202K(10854400K)
[286.685s][info][gc,metaspace   ] GC(415) Metaspace: 6298K(6464K)->6298K(6464K) NonClass: 5764K(5824K)->5764K(5824K) Class: 533K(640K)->533K(640K)
[286.685s][info][gc             ] GC(415) Pause Full (Ergonomics) 10749M->10749M(11212M) 3235.565ms
[286.685s][info][gc,cpu         ] GC(415) User=24.48s Sys=0.05s Real=3.24s
[286.685s][info][gc,start       ] GC(416) Pause Full (Ergonomics)
[286.685s][info][gc,phases,start] GC(416) Marking Phase
[289.217s][info][gc,phases      ] GC(416) Marking Phase 2531.958ms
[289.217s][info][gc,phases,start] GC(416) Summary Phase
[289.217s][info][gc,phases      ] GC(416) Summary Phase 0.190ms
[289.217s][info][gc,phases,start] GC(416) Adjust Roots
[289.217s][info][gc,phases      ] GC(416) Adjust Roots 0.341ms
[289.218s][info][gc,phases,start] GC(416) Compaction Phase
[289.911s][info][gc,phases      ] GC(416) Compaction Phase 693.040ms
[289.911s][info][gc,phases,start] GC(416) Post Compact
[289.927s][info][gc,phases      ] GC(416) Post Compact 16.654ms
[289.927s][info][gc,heap        ] GC(416) PSYoungGen: 153087K(626688K)->153087K(626688K) Eden: 153087K(153088K)->153087K(153088K) From: 0K(473600K)->0K(473600K)
[289.927s][info][gc,heap        ] GC(416) ParOldGen: 10854207K(10854400K)->10854207K(10854400K)
[289.927s][info][gc,metaspace   ] GC(416) Metaspace: 6298K(6464K)->6298K(6464K) NonClass: 5764K(5824K)->5764K(5824K) Class: 533K(640K)->533K(640K)
[289.927s][info][gc             ] GC(416) Pause Full (Ergonomics) 10749M->10749M(11212M) 3242.609ms
[289.927s][info][gc,cpu         ] GC(416) User=24.81s Sys=0.00s Real=3.24s
[289.928s][info][gc,start       ] GC(417) Pause Full (Ergonomics)
[289.928s][info][gc,phases,start] GC(417) Marking Phase
[292.419s][info][gc,phases      ] GC(417) Marking Phase 2491.286ms
[292.419s][info][gc,phases,start] GC(417) Summary Phase
[292.419s][info][gc,phases      ] GC(417) Summary Phase 0.225ms
[292.419s][info][gc,phases,start] GC(417) Adjust Roots
[292.420s][info][gc,phases      ] GC(417) Adjust Roots 0.349ms
[292.420s][info][gc,phases,start] GC(417) Compaction Phase
[293.108s][info][gc,phases      ] GC(417) Compaction Phase 688.282ms
[293.108s][info][gc,phases,start] GC(417) Post Compact
[293.127s][info][gc,phases      ] GC(417) Post Compact 18.423ms
[293.127s][info][gc,heap        ] GC(417) PSYoungGen: 153087K(626688K)->153087K(626688K) Eden: 153087K(153088K)->153087K(153088K) From: 0K(473600K)->0K(473600K)
[293.127s][info][gc,heap        ] GC(417) ParOldGen: 10854212K(10854400K)->10854212K(10854400K)
[293.127s][info][gc,metaspace   ] GC(417) Metaspace: 6298K(6464K)->6298K(6464K) NonClass: 5764K(5824K)->5764K(5824K) Class: 533K(640K)->533K(640K)
[293.127s][info][gc             ] GC(417) Pause Full (Ergonomics) 10749M->10749M(11212M) 3199.029ms
[293.127s][info][gc,cpu         ] GC(417) User=24.66s Sys=0.00s Real=3.20s
[293.127s][info][gc,start       ] GC(418) Pause Full (Ergonomics)
[293.127s][info][gc,phases,start] GC(418) Marking Phase
[295.624s][info][gc,phases      ] GC(418) Marking Phase 2497.113ms
[295.624s][info][gc,phases,start] GC(418) Summary Phase
[295.624s][info][gc,phases      ] GC(418) Summary Phase 0.275ms
[295.624s][info][gc,phases,start] GC(418) Adjust Roots
[295.625s][info][gc,phases      ] GC(418) Adjust Roots 0.436ms
[295.625s][info][gc,phases,start] GC(418) Compaction Phase
[296.343s][info][gc,phases      ] GC(418) Compaction Phase 718.381ms
[296.343s][info][gc,phases,start] GC(418) Post Compact
[296.359s][info][gc,phases      ] GC(418) Post Compact 15.531ms
[296.359s][info][gc,heap        ] GC(418) PSYoungGen: 153087K(626688K)->153087K(626688K) Eden: 153087K(153088K)->153087K(153088K) From: 0K(473600K)->0K(473600K)
[296.359s][info][gc,heap        ] GC(418) ParOldGen: 10854216K(10854400K)->10854216K(10854400K)
[296.359s][info][gc,metaspace   ] GC(418) Metaspace: 6298K(6464K)->6298K(6464K) NonClass: 5764K(5824K)->5764K(5824K) Class: 533K(640K)->533K(640K)
[296.359s][info][gc             ] GC(418) Pause Full (Ergonomics) 10749M->10749M(11212M) 3232.278ms
[296.359s][info][gc,cpu         ] GC(418) User=24.77s Sys=0.00s Real=3.23s
[296.359s][info][gc,start       ] GC(419) Pause Full (Ergonomics)
[296.359s][info][gc,phases,start] GC(419) Marking Phase
[298.867s][info][gc,phases      ] GC(419) Marking Phase 2507.275ms
[298.867s][info][gc,phases,start] GC(419) Summary Phase
[298.867s][info][gc,phases      ] GC(419) Summary Phase 0.165ms
[298.867s][info][gc,phases,start] GC(419) Adjust Roots
[298.867s][info][gc,phases      ] GC(419) Adjust Roots 0.337ms
[298.867s][info][gc,phases,start] GC(419) Compaction Phase
[299.541s][info][gc,phases      ] GC(419) Compaction Phase 673.945ms
[299.541s][info][gc,phases,start] GC(419) Post Compact
[299.556s][info][gc,phases      ] GC(419) Post Compact 14.294ms
[299.556s][info][gc,heap        ] GC(419) PSYoungGen: 153087K(626688K)->153087K(626688K) Eden: 153087K(153088K)->153087K(153088K) From: 0K(473600K)->0K(473600K)
[299.556s][info][gc,heap        ] GC(419) ParOldGen: 10854221K(10854400K)->10854221K(10854400K)
[299.556s][info][gc,metaspace   ] GC(419) Metaspace: 6298K(6464K)->6298K(6464K) NonClass: 5764K(5824K)->5764K(5824K) Class: 533K(640K)->533K(640K)
[299.556s][info][gc             ] GC(419) Pause Full (Ergonomics) 10749M->10749M(11212M) 3196.461ms
[299.556s][info][gc,cpu         ] GC(419) User=24.47s Sys=0.02s Real=3.20s
[299.556s][info][gc,start       ] GC(420) Pause Full (Ergonomics)
[299.556s][info][gc,phases,start] GC(420) Marking Phase
[302.061s][info][gc,phases      ] GC(420) Marking Phase 2504.365ms
[302.061s][info][gc,phases,start] GC(420) Summary Phase
[302.061s][info][gc,phases      ] GC(420) Summary Phase 0.171ms
[302.061s][info][gc,phases,start] GC(420) Adjust Roots
[302.061s][info][gc,phases      ] GC(420) Adjust Roots 0.347ms
[302.061s][info][gc,phases,start] GC(420) Compaction Phase
[302.748s][info][gc,phases      ] GC(420) Compaction Phase 687.017ms
[302.748s][info][gc,phases,start] GC(420) Post Compact
[302.763s][info][gc,phases      ] GC(420) Post Compact 14.490ms
[302.763s][info][gc,heap        ] GC(420) PSYoungGen: 153087K(626688K)->153087K(626688K) Eden: 153087K(153088K)->153087K(153088K) From: 0K(473600K)->0K(473600K)
[302.763s][info][gc,heap        ] GC(420) ParOldGen: 10854226K(10854400K)->10854226K(10854400K)
[302.763s][info][gc,metaspace   ] GC(420) Metaspace: 6298K(6464K)->6298K(6464K) NonClass: 5764K(5824K)->5764K(5824K) Class: 533K(640K)->533K(640K)
[302.763s][info][gc             ] GC(420) Pause Full (Ergonomics) 10749M->10749M(11212M) 3206.805ms
[302.763s][info][gc,cpu         ] GC(420) User=24.61s Sys=0.03s Real=3.21s
[302.763s][info][gc,start       ] GC(421) Pause Full (Ergonomics)
[302.763s][info][gc,phases,start] GC(421) Marking Phase
[305.315s][info][gc,phases      ] GC(421) Marking Phase 2551.766ms
[305.315s][info][gc,phases,start] GC(421) Summary Phase
[305.315s][info][gc,phases      ] GC(421) Summary Phase 0.103ms
[305.315s][info][gc,phases,start] GC(421) Adjust Roots
[305.315s][info][gc,phases      ] GC(421) Adjust Roots 0.171ms
[305.315s][info][gc,phases,start] GC(421) Compaction Phase
[306.012s][info][gc,phases      ] GC(421) Compaction Phase 696.614ms
[306.012s][info][gc,phases,start] GC(421) Post Compact
[306.027s][info][gc,phases      ] GC(421) Post Compact 14.926ms
[306.027s][info][gc,heap        ] GC(421) PSYoungGen: 153087K(626688K)->153087K(626688K) Eden: 153087K(153088K)->153087K(153088K) From: 0K(473600K)->0K(473600K)
[306.027s][info][gc,heap        ] GC(421) ParOldGen: 10854231K(10854400K)->10854231K(10854400K)
[306.027s][info][gc,metaspace   ] GC(421) Metaspace: 6298K(6464K)->6298K(6464K) NonClass: 5764K(5824K)->5764K(5824K) Class: 533K(640K)->533K(640K)
[306.027s][info][gc             ] GC(421) Pause Full (Ergonomics) 10749M->10749M(11212M) 3263.937ms
[306.027s][info][gc,cpu         ] GC(421) User=24.84s Sys=0.02s Real=3.26s
[306.027s][info][gc,start       ] GC(422) Pause Full (Ergonomics)
[306.027s][info][gc,phases,start] GC(422) Marking Phase
[308.496s][info][gc,phases      ] GC(422) Marking Phase 2468.209ms
[308.496s][info][gc,phases,start] GC(422) Summary Phase
[308.496s][info][gc,phases      ] GC(422) Summary Phase 0.101ms
[308.496s][info][gc,phases,start] GC(422) Adjust Roots
[308.496s][info][gc,phases      ] GC(422) Adjust Roots 0.161ms
[308.496s][info][gc,phases,start] GC(422) Compaction Phase
[309.186s][info][gc,phases      ] GC(422) Compaction Phase 690.186ms
[309.186s][info][gc,phases,start] GC(422) Post Compact
[309.201s][info][gc,phases      ] GC(422) Post Compact 14.925ms
[309.201s][info][gc,heap        ] GC(422) PSYoungGen: 153087K(626688K)->153087K(626688K) Eden: 153087K(153088K)->153087K(153088K) From: 0K(473600K)->0K(473600K)
[309.201s][info][gc,heap        ] GC(422) ParOldGen: 10854236K(10854400K)->10854236K(10854400K)
[309.201s][info][gc,metaspace   ] GC(422) Metaspace: 6298K(6464K)->6298K(6464K) NonClass: 5764K(5824K)->5764K(5824K) Class: 533K(640K)->533K(640K)
[309.201s][info][gc             ] GC(422) Pause Full (Ergonomics) 10749M->10749M(11212M) 3173.928ms
[309.201s][info][gc,cpu         ] GC(422) User=24.25s Sys=0.00s Real=3.17s
[309.201s][info][gc,start       ] GC(423) Pause Full (Ergonomics)
[309.201s][info][gc,phases,start] GC(423) Marking Phase
[311.718s][info][gc,phases      ] GC(423) Marking Phase 2516.322ms
[311.718s][info][gc,phases,start] GC(423) Summary Phase
[311.718s][info][gc,phases      ] GC(423) Summary Phase 0.134ms
[311.718s][info][gc,phases,start] GC(423) Adjust Roots
[311.718s][info][gc,phases      ] GC(423) Adjust Roots 0.250ms
[311.718s][info][gc,phases,start] GC(423) Compaction Phase
[312.402s][info][gc,phases      ] GC(423) Compaction Phase 683.442ms
[312.402s][info][gc,phases,start] GC(423) Post Compact
[312.419s][info][gc,phases      ] GC(423) Post Compact 16.793ms
[312.419s][info][gc,heap        ] GC(423) PSYoungGen: 153087K(626688K)->153087K(626688K) Eden: 153087K(153088K)->153087K(153088K) From: 0K(473600K)->0K(473600K)
[312.419s][info][gc,heap        ] GC(423) ParOldGen: 10854241K(10854400K)->10854241K(10854400K)
[312.419s][info][gc,metaspace   ] GC(423) Metaspace: 6298K(6464K)->6298K(6464K) NonClass: 5764K(5824K)->5764K(5824K) Class: 533K(640K)->533K(640K)
[312.419s][info][gc             ] GC(423) Pause Full (Ergonomics) 10749M->10749M(11212M) 3217.351ms
[312.419s][info][gc,cpu         ] GC(423) User=24.66s Sys=0.00s Real=3.22s
[312.419s][info][gc,start       ] GC(424) Pause Full (Ergonomics)
[312.419s][info][gc,phases,start] GC(424) Marking Phase
[314.935s][info][gc,phases      ] GC(424) Marking Phase 2516.204ms
[314.935s][info][gc,phases,start] GC(424) Summary Phase
[314.935s][info][gc,phases      ] GC(424) Summary Phase 0.110ms
[314.935s][info][gc,phases,start] GC(424) Adjust Roots
[314.936s][info][gc,phases      ] GC(424) Adjust Roots 0.206ms
[314.936s][info][gc,phases,start] GC(424) Compaction Phase
[315.617s][info][gc,phases      ] GC(424) Compaction Phase 681.417ms
[315.617s][info][gc,phases,start] GC(424) Post Compact
[315.631s][info][gc,phases      ] GC(424) Post Compact 14.007ms
[315.631s][info][gc,heap        ] GC(424) PSYoungGen: 153087K(626688K)->153087K(626688K) Eden: 153087K(153088K)->153087K(153088K) From: 0K(473600K)->0K(473600K)
[315.631s][info][gc,heap        ] GC(424) ParOldGen: 10854245K(10854400K)->10854245K(10854400K)
[315.631s][info][gc,metaspace   ] GC(424) Metaspace: 6298K(6464K)->6298K(6464K) NonClass: 5764K(5824K)->5764K(5824K) Class: 533K(640K)->533K(640K)
[315.631s][info][gc             ] GC(424) Pause Full (Ergonomics) 10749M->10749M(11212M) 3212.296ms
[315.631s][info][gc,cpu         ] GC(424) User=24.62s Sys=0.03s Real=3.21s
[315.632s][info][gc,start       ] GC(425) Pause Full (Ergonomics)
[315.632s][info][gc,phases,start] GC(425) Marking Phase
[318.125s][info][gc,phases      ] GC(425) Marking Phase 2493.105ms
[318.125s][info][gc,phases,start] GC(425) Summary Phase
[318.125s][info][gc,phases      ] GC(425) Summary Phase 0.146ms
[318.125s][info][gc,phases,start] GC(425) Adjust Roots
[318.125s][info][gc,phases      ] GC(425) Adjust Roots 0.268ms
[318.125s][info][gc,phases,start] GC(425) Compaction Phase
[318.807s][info][gc,phases      ] GC(425) Compaction Phase 681.639ms
[318.807s][info][gc,phases,start] GC(425) Post Compact
[318.823s][info][gc,phases      ] GC(425) Post Compact 15.607ms
[318.823s][info][gc,heap        ] GC(425) PSYoungGen: 153087K(626688K)->153087K(626688K) Eden: 153087K(153088K)->153087K(153088K) From: 0K(473600K)->0K(473600K)
[318.823s][info][gc,heap        ] GC(425) ParOldGen: 10854250K(10854400K)->10854250K(10854400K)
[318.823s][info][gc,metaspace   ] GC(425) Metaspace: 6298K(6464K)->6298K(6464K) NonClass: 5764K(5824K)->5764K(5824K) Class: 533K(640K)->533K(640K)
[318.823s][info][gc             ] GC(425) Pause Full (Ergonomics) 10749M->10749M(11212M) 3191.134ms
[318.823s][info][gc,cpu         ] GC(425) User=24.62s Sys=0.02s Real=3.19s
[318.823s][info][gc,start       ] GC(426) Pause Full (Ergonomics)
[318.823s][info][gc,phases,start] GC(426) Marking Phase
[321.317s][info][gc,phases      ] GC(426) Marking Phase 2494.579ms
[321.318s][info][gc,phases,start] GC(426) Summary Phase
[321.318s][info][gc,phases      ] GC(426) Summary Phase 0.105ms
[321.318s][info][gc,phases,start] GC(426) Adjust Roots
[321.318s][info][gc,phases      ] GC(426) Adjust Roots 0.175ms
[321.318s][info][gc,phases,start] GC(426) Compaction Phase
[322.016s][info][gc,phases      ] GC(426) Compaction Phase 698.032ms
[322.016s][info][gc,phases,start] GC(426) Post Compact
[322.033s][info][gc,phases      ] GC(426) Post Compact 16.643ms
[322.033s][info][gc,heap        ] GC(426) PSYoungGen: 153087K(626688K)->153087K(626688K) Eden: 153087K(153088K)->153087K(153088K) From: 0K(473600K)->0K(473600K)
[322.033s][info][gc,heap        ] GC(426) ParOldGen: 10854255K(10854400K)->10854255K(10854400K)
[322.033s][info][gc,metaspace   ] GC(426) Metaspace: 6298K(6464K)->6298K(6464K) NonClass: 5764K(5824K)->5764K(5824K) Class: 533K(640K)->533K(640K)
[322.033s][info][gc             ] GC(426) Pause Full (Ergonomics) 10749M->10749M(11212M) 3209.906ms
[322.033s][info][gc,cpu         ] GC(426) User=24.61s Sys=0.05s Real=3.21s
[322.033s][info][gc,start       ] GC(427) Pause Full (Ergonomics)
[322.033s][info][gc,phases,start] GC(427) Marking Phase
[324.550s][info][gc,phases      ] GC(427) Marking Phase 2517.151ms
[324.550s][info][gc,phases,start] GC(427) Summary Phase
[324.550s][info][gc,phases      ] GC(427) Summary Phase 0.108ms
[324.550s][info][gc,phases,start] GC(427) Adjust Roots
[324.551s][info][gc,phases      ] GC(427) Adjust Roots 0.168ms
[324.551s][info][gc,phases,start] GC(427) Compaction Phase
[325.231s][info][gc,phases      ] GC(427) Compaction Phase 680.708ms
[325.231s][info][gc,phases,start] GC(427) Post Compact
[325.248s][info][gc,phases      ] GC(427) Post Compact 16.305ms
[325.248s][info][gc,heap        ] GC(427) PSYoungGen: 153087K(626688K)->153087K(626688K) Eden: 153087K(153088K)->153087K(153088K) From: 0K(473600K)->0K(473600K)
[325.248s][info][gc,heap        ] GC(427) ParOldGen: 10854260K(10854400K)->10854260K(10854400K)
[325.248s][info][gc,metaspace   ] GC(427) Metaspace: 6298K(6464K)->6298K(6464K) NonClass: 5764K(5824K)->5764K(5824K) Class: 533K(640K)->533K(640K)
[325.248s][info][gc             ] GC(427) Pause Full (Ergonomics) 10749M->10749M(11212M) 3214.824ms
[325.248s][info][gc,cpu         ] GC(427) User=24.80s Sys=0.00s Real=3.22s
[325.248s][info][gc,start       ] GC(428) Pause Full (Ergonomics)
[325.248s][info][gc,phases,start] GC(428) Marking Phase
[327.748s][info][gc,phases      ] GC(428) Marking Phase 2500.297ms
[327.748s][info][gc,phases,start] GC(428) Summary Phase
[327.749s][info][gc,phases      ] GC(428) Summary Phase 0.109ms
[327.749s][info][gc,phases,start] GC(428) Adjust Roots
[327.749s][info][gc,phases      ] GC(428) Adjust Roots 0.215ms
[327.749s][info][gc,phases,start] GC(428) Compaction Phase
[328.425s][info][gc,phases      ] GC(428) Compaction Phase 676.558ms
[328.425s][info][gc,phases,start] GC(428) Post Compact
[328.441s][info][gc,phases      ] GC(428) Post Compact 15.489ms
[328.441s][info][gc,heap        ] GC(428) PSYoungGen: 153087K(626688K)->153087K(626688K) Eden: 153087K(153088K)->153087K(153088K) From: 0K(473600K)->0K(473600K)
[328.441s][info][gc,heap        ] GC(428) ParOldGen: 10854265K(10854400K)->10854265K(10854400K)
[328.441s][info][gc,metaspace   ] GC(428) Metaspace: 6298K(6464K)->6298K(6464K) NonClass: 5764K(5824K)->5764K(5824K) Class: 533K(640K)->533K(640K)
[328.441s][info][gc             ] GC(428) Pause Full (Ergonomics) 10749M->10749M(11212M) 3193.037ms
[328.441s][info][gc,cpu         ] GC(428) User=24.52s Sys=0.02s Real=3.19s
[328.441s][info][gc,start       ] GC(429) Pause Full (Ergonomics)
[328.441s][info][gc,phases,start] GC(429) Marking Phase
[330.936s][info][gc,phases      ] GC(429) Marking Phase 2494.539ms
[330.936s][info][gc,phases,start] GC(429) Summary Phase
[330.936s][info][gc,phases      ] GC(429) Summary Phase 0.102ms
[330.936s][info][gc,phases,start] GC(429) Adjust Roots
[330.936s][info][gc,phases      ] GC(429) Adjust Roots 0.177ms
[330.936s][info][gc,phases,start] GC(429) Compaction Phase
[331.613s][info][gc,phases      ] GC(429) Compaction Phase 676.936ms
[331.613s][info][gc,phases,start] GC(429) Post Compact
[331.628s][info][gc,phases      ] GC(429) Post Compact 14.337ms
[331.628s][info][gc,heap        ] GC(429) PSYoungGen: 153087K(626688K)->153087K(626688K) Eden: 153087K(153088K)->153087K(153088K) From: 0K(473600K)->0K(473600K)
[331.628s][info][gc,heap        ] GC(429) ParOldGen: 10854270K(10854400K)->10854270K(10854400K)
[331.628s][info][gc,metaspace   ] GC(429) Metaspace: 6298K(6464K)->6298K(6464K) NonClass: 5764K(5824K)->5764K(5824K) Class: 533K(640K)->533K(640K)
[331.628s][info][gc             ] GC(429) Pause Full (Ergonomics) 10749M->10749M(11212M) 3186.440ms
[331.628s][info][gc,cpu         ] GC(429) User=24.58s Sys=0.02s Real=3.19s
[331.628s][info][gc,start       ] GC(430) Pause Full (Ergonomics)
[331.628s][info][gc,phases,start] GC(430) Marking Phase
[334.162s][info][gc,phases      ] GC(430) Marking Phase 2533.882ms
[334.162s][info][gc,phases,start] GC(430) Summary Phase
[334.162s][info][gc,phases      ] GC(430) Summary Phase 0.127ms
[334.162s][info][gc,phases,start] GC(430) Adjust Roots
[334.162s][info][gc,phases      ] GC(430) Adjust Roots 0.219ms
[334.162s][info][gc,phases,start] GC(430) Compaction Phase
[334.839s][info][gc,phases      ] GC(430) Compaction Phase 677.086ms
[334.840s][info][gc,phases,start] GC(430) Post Compact
[334.855s][info][gc,phases      ] GC(430) Post Compact 14.969ms
[334.855s][info][gc,heap        ] GC(430) PSYoungGen: 153087K(626688K)->153087K(626688K) Eden: 153087K(153088K)->153087K(153088K) From: 0K(473600K)->0K(473600K)
[334.855s][info][gc,heap        ] GC(430) ParOldGen: 10854274K(10854400K)->10854274K(10854400K)
[334.855s][info][gc,metaspace   ] GC(430) Metaspace: 6298K(6464K)->6298K(6464K) NonClass: 5764K(5824K)->5764K(5824K) Class: 533K(640K)->533K(640K)
[334.855s][info][gc             ] GC(430) Pause Full (Ergonomics) 10749M->10749M(11212M) 3226.641ms
[334.855s][info][gc,cpu         ] GC(430) User=24.94s Sys=0.00s Real=3.23s
[334.855s][info][gc,start       ] GC(431) Pause Full (Ergonomics)
[334.855s][info][gc,phases,start] GC(431) Marking Phase
[337.353s][info][gc,phases      ] GC(431) Marking Phase 2497.776ms
[337.353s][info][gc,phases,start] GC(431) Summary Phase
[337.353s][info][gc,phases      ] GC(431) Summary Phase 0.107ms
[337.353s][info][gc,phases,start] GC(431) Adjust Roots
[337.353s][info][gc,phases      ] GC(431) Adjust Roots 0.178ms
[337.353s][info][gc,phases,start] GC(431) Compaction Phase
[338.033s][info][gc,phases      ] GC(431) Compaction Phase 679.765ms
[338.033s][info][gc,phases,start] GC(431) Post Compact
[338.048s][info][gc,phases      ] GC(431) Post Compact 14.769ms
[338.048s][info][gc,heap        ] GC(431) PSYoungGen: 153087K(626688K)->153087K(626688K) Eden: 153087K(153088K)->153087K(153088K) From: 0K(473600K)->0K(473600K)
[338.048s][info][gc,heap        ] GC(431) ParOldGen: 10854279K(10854400K)->10854279K(10854400K)
[338.048s][info][gc,metaspace   ] GC(431) Metaspace: 6298K(6464K)->6298K(6464K) NonClass: 5764K(5824K)->5764K(5824K) Class: 533K(640K)->533K(640K)
[338.048s][info][gc             ] GC(431) Pause Full (Ergonomics) 10749M->10749M(11212M) 3192.956ms
[338.048s][info][gc,cpu         ] GC(431) User=24.66s Sys=0.00s Real=3.19s
[338.048s][info][gc,start       ] GC(432) Pause Full (Ergonomics)
[338.048s][info][gc,phases,start] GC(432) Marking Phase
[340.546s][info][gc,phases      ] GC(432) Marking Phase 2497.885ms
[340.546s][info][gc,phases,start] GC(432) Summary Phase
[340.546s][info][gc,phases      ] GC(432) Summary Phase 0.159ms
[340.546s][info][gc,phases,start] GC(432) Adjust Roots
[340.546s][info][gc,phases      ] GC(432) Adjust Roots 0.254ms
[340.547s][info][gc,phases,start] GC(432) Compaction Phase
[341.239s][info][gc,phases      ] GC(432) Compaction Phase 692.195ms
[341.239s][info][gc,phases,start] GC(432) Post Compact
[341.256s][info][gc,phases      ] GC(432) Post Compact 16.895ms
[341.256s][info][gc,heap        ] GC(432) PSYoungGen: 153087K(626688K)->153087K(626688K) Eden: 153087K(153088K)->153087K(153088K) From: 0K(473600K)->0K(473600K)
[341.256s][info][gc,heap        ] GC(432) ParOldGen: 10854284K(10854400K)->10854284K(10854400K)
[341.256s][info][gc,metaspace   ] GC(432) Metaspace: 6298K(6464K)->6298K(6464K) NonClass: 5764K(5824K)->5764K(5824K) Class: 533K(640K)->533K(640K)
[341.256s][info][gc             ] GC(432) Pause Full (Ergonomics) 10749M->10749M(11212M) 3207.800ms
[341.256s][info][gc,cpu         ] GC(432) User=24.53s Sys=0.00s Real=3.21s
[341.256s][info][gc,start       ] GC(433) Pause Full (Ergonomics)
[341.256s][info][gc,phases,start] GC(433) Marking Phase
[343.741s][info][gc,phases      ] GC(433) Marking Phase 2484.770ms
[343.741s][info][gc,phases,start] GC(433) Summary Phase
[343.741s][info][gc,phases      ] GC(433) Summary Phase 0.123ms
[343.741s][info][gc,phases,start] GC(433) Adjust Roots
[343.741s][info][gc,phases      ] GC(433) Adjust Roots 0.211ms
[343.741s][info][gc,phases,start] GC(433) Compaction Phase
[344.421s][info][gc,phases      ] GC(433) Compaction Phase 680.109ms
[344.421s][info][gc,phases,start] GC(433) Post Compact
[344.438s][info][gc,phases      ] GC(433) Post Compact 16.128ms
[344.438s][info][gc,heap        ] GC(433) PSYoungGen: 153087K(626688K)->153087K(626688K) Eden: 153087K(153088K)->153087K(153088K) From: 0K(473600K)->0K(473600K)
[344.438s][info][gc,heap        ] GC(433) ParOldGen: 10854289K(10854400K)->10854289K(10854400K)
[344.438s][info][gc,metaspace   ] GC(433) Metaspace: 6298K(6464K)->6298K(6464K) NonClass: 5764K(5824K)->5764K(5824K) Class: 533K(640K)->533K(640K)
[344.438s][info][gc             ] GC(433) Pause Full (Ergonomics) 10749M->10749M(11212M) 3181.733ms
[344.438s][info][gc,cpu         ] GC(433) User=24.56s Sys=0.00s Real=3.18s
[344.438s][info][gc,start       ] GC(434) Pause Full (Ergonomics)
[344.438s][info][gc,phases,start] GC(434) Marking Phase
[346.929s][info][gc,phases      ] GC(434) Marking Phase 2491.082ms
[346.929s][info][gc,phases,start] GC(434) Summary Phase
[346.929s][info][gc,phases      ] GC(434) Summary Phase 0.107ms
[346.929s][info][gc,phases,start] GC(434) Adjust Roots
[346.929s][info][gc,phases      ] GC(434) Adjust Roots 0.186ms
[346.929s][info][gc,phases,start] GC(434) Compaction Phase
[347.608s][info][gc,phases      ] GC(434) Compaction Phase 678.366ms
[347.608s][info][gc,phases,start] GC(434) Post Compact
[347.625s][info][gc,phases      ] GC(434) Post Compact 16.848ms
[347.625s][info][gc,heap        ] GC(434) PSYoungGen: 153087K(626688K)->153087K(626688K) Eden: 153087K(153088K)->153087K(153088K) From: 0K(473600K)->0K(473600K)
[347.625s][info][gc,heap        ] GC(434) ParOldGen: 10854294K(10854400K)->10854294K(10854400K)
[347.625s][info][gc,metaspace   ] GC(434) Metaspace: 6298K(6464K)->6298K(6464K) NonClass: 5764K(5824K)->5764K(5824K) Class: 533K(640K)->533K(640K)
[347.625s][info][gc             ] GC(434) Pause Full (Ergonomics) 10749M->10749M(11212M) 3186.969ms
[347.625s][info][gc,cpu         ] GC(434) User=24.75s Sys=0.00s Real=3.19s
[347.625s][info][gc,start       ] GC(435) Pause Full (Ergonomics)
[347.625s][info][gc,phases,start] GC(435) Marking Phase
[350.118s][info][gc,phases      ] GC(435) Marking Phase 2492.660ms
[350.118s][info][gc,phases,start] GC(435) Summary Phase
[350.118s][info][gc,phases      ] GC(435) Summary Phase 0.111ms
[350.118s][info][gc,phases,start] GC(435) Adjust Roots
[350.118s][info][gc,phases      ] GC(435) Adjust Roots 0.178ms
[350.118s][info][gc,phases,start] GC(435) Compaction Phase
[350.807s][info][gc,phases      ] GC(435) Compaction Phase 688.914ms
[350.807s][info][gc,phases,start] GC(435) Post Compact
[350.823s][info][gc,phases      ] GC(435) Post Compact 15.482ms
[350.823s][info][gc,heap        ] GC(435) PSYoungGen: 153087K(626688K)->153087K(626688K) Eden: 153087K(153088K)->153087K(153088K) From: 0K(473600K)->0K(473600K)
[350.823s][info][gc,heap        ] GC(435) ParOldGen: 10854299K(10854400K)->10854299K(10854400K)
[350.823s][info][gc,metaspace   ] GC(435) Metaspace: 6298K(6464K)->6298K(6464K) NonClass: 5764K(5824K)->5764K(5824K) Class: 533K(640K)->533K(640K)
[350.823s][info][gc             ] GC(435) Pause Full (Ergonomics) 10749M->10749M(11212M) 3197.728ms
[350.823s][info][gc,cpu         ] GC(435) User=24.73s Sys=0.00s Real=3.20s
[350.823s][info][gc,start       ] GC(436) Pause Full (Ergonomics)
[350.823s][info][gc,phases,start] GC(436) Marking Phase
[353.311s][info][gc,phases      ] GC(436) Marking Phase 2488.026ms
[353.311s][info][gc,phases,start] GC(436) Summary Phase
[353.311s][info][gc,phases      ] GC(436) Summary Phase 0.139ms
[353.311s][info][gc,phases,start] GC(436) Adjust Roots
[353.312s][info][gc,phases      ] GC(436) Adjust Roots 0.229ms
[353.312s][info][gc,phases,start] GC(436) Compaction Phase
[353.983s][info][gc,phases      ] GC(436) Compaction Phase 671.136ms
[353.983s][info][gc,phases,start] GC(436) Post Compact
[353.999s][info][gc,phases      ] GC(436) Post Compact 15.967ms
[353.999s][info][gc,heap        ] GC(436) PSYoungGen: 153087K(626688K)->153087K(626688K) Eden: 153087K(153088K)->153087K(153088K) From: 0K(473600K)->0K(473600K)
[353.999s][info][gc,heap        ] GC(436) ParOldGen: 10854303K(10854400K)->10854303K(10854400K)
[353.999s][info][gc,metaspace   ] GC(436) Metaspace: 6298K(6464K)->6298K(6464K) NonClass: 5764K(5824K)->5764K(5824K) Class: 533K(640K)->533K(640K)
[353.999s][info][gc             ] GC(436) Pause Full (Ergonomics) 10749M->10749M(11212M) 3175.898ms
[353.999s][info][gc,cpu         ] GC(436) User=24.67s Sys=0.02s Real=3.18s
[353.999s][info][gc,start       ] GC(437) Pause Full (Ergonomics)
[353.999s][info][gc,phases,start] GC(437) Marking Phase
[356.505s][info][gc,phases      ] GC(437) Marking Phase 2505.267ms
[356.505s][info][gc,phases,start] GC(437) Summary Phase
[356.505s][info][gc,phases      ] GC(437) Summary Phase 0.172ms
[356.505s][info][gc,phases,start] GC(437) Adjust Roots
[356.505s][info][gc,phases      ] GC(437) Adjust Roots 0.361ms
[356.505s][info][gc,phases,start] GC(437) Compaction Phase
[357.202s][info][gc,phases      ] GC(437) Compaction Phase 696.487ms
[357.202s][info][gc,phases,start] GC(437) Post Compact
[357.220s][info][gc,phases      ] GC(437) Post Compact 18.682ms
[357.221s][info][gc,heap        ] GC(437) PSYoungGen: 153087K(626688K)->153087K(626688K) Eden: 153087K(153088K)->153087K(153088K) From: 0K(473600K)->0K(473600K)
[357.221s][info][gc,heap        ] GC(437) ParOldGen: 10854308K(10854400K)->10854308K(10854400K)
[357.221s][info][gc,metaspace   ] GC(437) Metaspace: 6298K(6464K)->6298K(6464K) NonClass: 5764K(5824K)->5764K(5824K) Class: 533K(640K)->533K(640K)
[357.221s][info][gc             ] GC(437) Pause Full (Ergonomics) 10749M->10749M(11212M) 3221.363ms
[357.221s][info][gc,cpu         ] GC(437) User=24.72s Sys=0.00s Real=3.22s
[357.221s][info][gc,start       ] GC(438) Pause Full (Ergonomics)
[357.221s][info][gc,phases,start] GC(438) Marking Phase
[359.755s][info][gc,phases      ] GC(438) Marking Phase 2534.433ms
[359.755s][info][gc,phases,start] GC(438) Summary Phase
[359.755s][info][gc,phases      ] GC(438) Summary Phase 0.144ms
[359.755s][info][gc,phases,start] GC(438) Adjust Roots
[359.756s][info][gc,phases      ] GC(438) Adjust Roots 0.289ms
[359.756s][info][gc,phases,start] GC(438) Compaction Phase
[360.445s][info][gc,phases      ] GC(438) Compaction Phase 688.700ms
[360.445s][info][gc,phases,start] GC(438) Post Compact
[360.460s][info][gc,phases      ] GC(438) Post Compact 14.961ms
[360.460s][info][gc,heap        ] GC(438) PSYoungGen: 153087K(626688K)->153087K(626688K) Eden: 153087K(153088K)->153087K(153088K) From: 0K(473600K)->0K(473600K)
[360.460s][info][gc,heap        ] GC(438) ParOldGen: 10854313K(10854400K)->10854313K(10854400K)
[360.460s][info][gc,metaspace   ] GC(438) Metaspace: 6298K(6464K)->6298K(6464K) NonClass: 5764K(5824K)->5764K(5824K) Class: 533K(640K)->533K(640K)
[360.460s][info][gc             ] GC(438) Pause Full (Ergonomics) 10749M->10749M(11212M) 3238.861ms
[360.460s][info][gc,cpu         ] GC(438) User=24.84s Sys=0.02s Real=3.24s
[360.460s][info][gc,start       ] GC(439) Pause Full (Ergonomics)
[360.460s][info][gc,phases,start] GC(439) Marking Phase
[362.935s][info][gc,phases      ] GC(439) Marking Phase 2475.265ms
[362.935s][info][gc,phases,start] GC(439) Summary Phase
[362.935s][info][gc,phases      ] GC(439) Summary Phase 0.115ms
[362.935s][info][gc,phases,start] GC(439) Adjust Roots
[362.936s][info][gc,phases      ] GC(439) Adjust Roots 0.211ms
[362.936s][info][gc,phases,start] GC(439) Compaction Phase
[363.609s][info][gc,phases      ] GC(439) Compaction Phase 673.178ms
[363.609s][info][gc,phases,start] GC(439) Post Compact
[363.624s][info][gc,phases      ] GC(439) Post Compact 14.932ms
[363.624s][info][gc,heap        ] GC(439) PSYoungGen: 153087K(626688K)->153087K(626688K) Eden: 153087K(153088K)->153087K(153088K) From: 0K(473600K)->0K(473600K)
[363.624s][info][gc,heap        ] GC(439) ParOldGen: 10854318K(10854400K)->10854318K(10854400K)
[363.624s][info][gc,metaspace   ] GC(439) Metaspace: 6298K(6464K)->6298K(6464K) NonClass: 5764K(5824K)->5764K(5824K) Class: 533K(640K)->533K(640K)
[363.624s][info][gc             ] GC(439) Pause Full (Ergonomics) 10749M->10749M(11212M) 3164.035ms
[363.624s][info][gc,cpu         ] GC(439) User=24.34s Sys=0.00s Real=3.16s
[363.624s][info][gc,start       ] GC(440) Pause Full (Ergonomics)
[363.624s][info][gc,phases,start] GC(440) Marking Phase
[366.121s][info][gc,phases      ] GC(440) Marking Phase 2497.209ms
[366.121s][info][gc,phases,start] GC(440) Summary Phase
[366.121s][info][gc,phases      ] GC(440) Summary Phase 0.120ms
[366.122s][info][gc,phases,start] GC(440) Adjust Roots
[366.122s][info][gc,phases      ] GC(440) Adjust Roots 0.241ms
[366.122s][info][gc,phases,start] GC(440) Compaction Phase
[366.803s][info][gc,phases      ] GC(440) Compaction Phase 680.978ms
[366.803s][info][gc,phases,start] GC(440) Post Compact
[366.818s][info][gc,phases      ] GC(440) Post Compact 15.385ms
[366.818s][info][gc,heap        ] GC(440) PSYoungGen: 153087K(626688K)->153087K(626688K) Eden: 153087K(153088K)->153087K(153088K) From: 0K(473600K)->0K(473600K)
[366.818s][info][gc,heap        ] GC(440) ParOldGen: 10854323K(10854400K)->10854323K(10854400K)
[366.818s][info][gc,metaspace   ] GC(440) Metaspace: 6298K(6464K)->6298K(6464K) NonClass: 5764K(5824K)->5764K(5824K) Class: 533K(640K)->533K(640K)
[366.818s][info][gc             ] GC(440) Pause Full (Ergonomics) 10749M->10749M(11212M) 3194.316ms
[366.818s][info][gc,cpu         ] GC(440) User=24.50s Sys=0.00s Real=3.19s
[366.819s][info][gc,start       ] GC(441) Pause Full (Ergonomics)
[366.819s][info][gc,phases,start] GC(441) Marking Phase
[369.325s][info][gc,phases      ] GC(441) Marking Phase 2505.864ms
[369.325s][info][gc,phases,start] GC(441) Summary Phase
[369.325s][info][gc,phases      ] GC(441) Summary Phase 0.282ms
[369.325s][info][gc,phases,start] GC(441) Adjust Roots
[369.325s][info][gc,phases      ] GC(441) Adjust Roots 0.315ms
[369.325s][info][gc,phases,start] GC(441) Compaction Phase
[370.003s][info][gc,phases      ] GC(441) Compaction Phase 677.361ms
[370.003s][info][gc,phases,start] GC(441) Post Compact
[370.017s][info][gc,phases      ] GC(441) Post Compact 14.783ms
[370.018s][info][gc,heap        ] GC(441) PSYoungGen: 153087K(626688K)->153087K(626688K) Eden: 153087K(153088K)->153087K(153088K) From: 0K(473600K)->0K(473600K)
[370.018s][info][gc,heap        ] GC(441) ParOldGen: 10854328K(10854400K)->10854328K(10854400K)
[370.018s][info][gc,metaspace   ] GC(441) Metaspace: 6298K(6464K)->6298K(6464K) NonClass: 5764K(5824K)->5764K(5824K) Class: 533K(640K)->533K(640K)
[370.018s][info][gc             ] GC(441) Pause Full (Ergonomics) 10749M->10749M(11212M) 3198.979ms
[370.018s][info][gc,cpu         ] GC(441) User=24.62s Sys=0.02s Real=3.20s
[370.018s][info][gc,start       ] GC(442) Pause Full (Ergonomics)
[370.018s][info][gc,phases,start] GC(442) Marking Phase
[372.521s][info][gc,phases      ] GC(442) Marking Phase 2502.952ms
[372.521s][info][gc,phases,start] GC(442) Summary Phase
[372.521s][info][gc,phases      ] GC(442) Summary Phase 0.119ms
[372.521s][info][gc,phases,start] GC(442) Adjust Roots
[372.521s][info][gc,phases      ] GC(442) Adjust Roots 0.217ms
[372.521s][info][gc,phases,start] GC(442) Compaction Phase
[373.198s][info][gc,phases      ] GC(442) Compaction Phase 676.938ms
[373.198s][info][gc,phases,start] GC(442) Post Compact
[373.213s][info][gc,phases      ] GC(442) Post Compact 14.343ms
[373.213s][info][gc,heap        ] GC(442) PSYoungGen: 153087K(626688K)->153087K(626688K) Eden: 153087K(153088K)->153087K(153088K) From: 0K(473600K)->0K(473600K)
[373.213s][info][gc,heap        ] GC(442) ParOldGen: 10854332K(10854400K)->10854332K(10854400K)
[373.213s][info][gc,metaspace   ] GC(442) Metaspace: 6298K(6464K)->6298K(6464K) NonClass: 5764K(5824K)->5764K(5824K) Class: 533K(640K)->533K(640K)
[373.213s][info][gc             ] GC(442) Pause Full (Ergonomics) 10749M->10749M(11212M) 3194.937ms
[373.213s][info][gc,cpu         ] GC(442) User=24.69s Sys=0.02s Real=3.20s
[373.213s][info][gc,start       ] GC(443) Pause Full (Ergonomics)
[373.213s][info][gc,phases,start] GC(443) Marking Phase
[375.696s][info][gc,phases      ] GC(443) Marking Phase 2483.090ms
[375.696s][info][gc,phases,start] GC(443) Summary Phase
[375.696s][info][gc,phases      ] GC(443) Summary Phase 0.166ms
[375.696s][info][gc,phases,start] GC(443) Adjust Roots
[375.697s][info][gc,phases      ] GC(443) Adjust Roots 0.275ms
[375.697s][info][gc,phases,start] GC(443) Compaction Phase
[376.367s][info][gc,phases      ] GC(443) Compaction Phase 670.032ms
[376.367s][info][gc,phases,start] GC(443) Post Compact
[376.381s][info][gc,phases      ] GC(443) Post Compact 14.579ms
[376.382s][info][gc,heap        ] GC(443) PSYoungGen: 153087K(626688K)->153087K(626688K) Eden: 153087K(153088K)->153087K(153088K) From: 0K(473600K)->0K(473600K)
[376.382s][info][gc,heap        ] GC(443) ParOldGen: 10854337K(10854400K)->10854337K(10854400K)
[376.382s][info][gc,metaspace   ] GC(443) Metaspace: 6298K(6464K)->6298K(6464K) NonClass: 5764K(5824K)->5764K(5824K) Class: 533K(640K)->533K(640K)
[376.382s][info][gc             ] GC(443) Pause Full (Ergonomics) 10749M->10749M(11212M) 3168.533ms
[376.382s][info][gc,cpu         ] GC(443) User=24.42s Sys=0.02s Real=3.17s
[376.382s][info][gc,start       ] GC(444) Pause Full (Ergonomics)
[376.382s][info][gc,phases,start] GC(444) Marking Phase
[378.888s][info][gc,phases      ] GC(444) Marking Phase 2506.021ms
[378.888s][info][gc,phases,start] GC(444) Summary Phase
[378.888s][info][gc,phases      ] GC(444) Summary Phase 0.111ms
[378.888s][info][gc,phases,start] GC(444) Adjust Roots
[378.888s][info][gc,phases      ] GC(444) Adjust Roots 0.180ms
[378.888s][info][gc,phases,start] GC(444) Compaction Phase
[379.561s][info][gc,phases      ] GC(444) Compaction Phase 672.452ms
[379.561s][info][gc,phases,start] GC(444) Post Compact
[379.577s][info][gc,phases      ] GC(444) Post Compact 16.035ms
[379.577s][info][gc,heap        ] GC(444) PSYoungGen: 153087K(626688K)->153087K(626688K) Eden: 153087K(153088K)->153087K(153088K) From: 0K(473600K)->0K(473600K)
[379.577s][info][gc,heap        ] GC(444) ParOldGen: 10854342K(10854400K)->10854342K(10854400K)
[379.577s][info][gc,metaspace   ] GC(444) Metaspace: 6298K(6464K)->6298K(6464K) NonClass: 5764K(5824K)->5764K(5824K) Class: 533K(640K)->533K(640K)
[379.577s][info][gc             ] GC(444) Pause Full (Ergonomics) 10749M->10749M(11212M) 3195.158ms
[379.577s][info][gc,cpu         ] GC(444) User=24.61s Sys=0.02s Real=3.20s
[379.577s][info][gc,start       ] GC(445) Pause Full (Ergonomics)
[379.577s][info][gc,phases,start] GC(445) Marking Phase
[382.095s][info][gc,phases      ] GC(445) Marking Phase 2517.768ms
[382.095s][info][gc,phases,start] GC(445) Summary Phase
[382.095s][info][gc,phases      ] GC(445) Summary Phase 0.145ms
[382.095s][info][gc,phases,start] GC(445) Adjust Roots
[382.095s][info][gc,phases      ] GC(445) Adjust Roots 0.240ms
[382.095s][info][gc,phases,start] GC(445) Compaction Phase
[382.778s][info][gc,phases      ] GC(445) Compaction Phase 682.503ms
[382.778s][info][gc,phases,start] GC(445) Post Compact
[382.794s][info][gc,phases      ] GC(445) Post Compact 16.331ms
[382.794s][info][gc,heap        ] GC(445) PSYoungGen: 153087K(626688K)->153087K(626688K) Eden: 153087K(153088K)->153087K(153088K) From: 0K(473600K)->0K(473600K)
[382.794s][info][gc,heap        ] GC(445) ParOldGen: 10854347K(10854400K)->10854347K(10854400K)
[382.794s][info][gc,metaspace   ] GC(445) Metaspace: 6298K(6464K)->6298K(6464K) NonClass: 5764K(5824K)->5764K(5824K) Class: 533K(640K)->533K(640K)
[382.794s][info][gc             ] GC(445) Pause Full (Ergonomics) 10749M->10749M(11212M) 3217.358ms
[382.795s][info][gc,cpu         ] GC(445) User=24.78s Sys=0.00s Real=3.22s
[382.795s][info][gc,start       ] GC(446) Pause Full (Ergonomics)
[382.795s][info][gc,phases,start] GC(446) Marking Phase
[385.258s][info][gc,phases      ] GC(446) Marking Phase 2463.196ms
[385.258s][info][gc,phases,start] GC(446) Summary Phase
[385.258s][info][gc,phases      ] GC(446) Summary Phase 0.115ms
[385.258s][info][gc,phases,start] GC(446) Adjust Roots
[385.258s][info][gc,phases      ] GC(446) Adjust Roots 0.247ms
[385.258s][info][gc,phases,start] GC(446) Compaction Phase
[385.955s][info][gc,phases      ] GC(446) Compaction Phase 696.146ms
[385.955s][info][gc,phases,start] GC(446) Post Compact
[385.971s][info][gc,phases      ] GC(446) Post Compact 16.121ms
[385.971s][info][gc,heap        ] GC(446) PSYoungGen: 153087K(626688K)->153087K(626688K) Eden: 153087K(153088K)->153087K(153088K) From: 0K(473600K)->0K(473600K)
[385.971s][info][gc,heap        ] GC(446) ParOldGen: 10854352K(10854400K)->10854352K(10854400K)
[385.971s][info][gc,metaspace   ] GC(446) Metaspace: 6298K(6464K)->6298K(6464K) NonClass: 5764K(5824K)->5764K(5824K) Class: 533K(640K)->533K(640K)
[385.971s][info][gc             ] GC(446) Pause Full (Ergonomics) 10749M->10749M(11212M) 3176.219ms
[385.971s][info][gc,cpu         ] GC(446) User=24.39s Sys=0.00s Real=3.18s
[385.971s][info][gc,start       ] GC(447) Pause Full (Ergonomics)
[385.971s][info][gc,phases,start] GC(447) Marking Phase
[388.483s][info][gc,phases      ] GC(447) Marking Phase 2512.150ms
[388.483s][info][gc,phases,start] GC(447) Summary Phase
[388.484s][info][gc,phases      ] GC(447) Summary Phase 0.110ms
[388.484s][info][gc,phases,start] GC(447) Adjust Roots
[388.484s][info][gc,phases      ] GC(447) Adjust Roots 0.215ms
[388.484s][info][gc,phases,start] GC(447) Compaction Phase
[389.153s][info][gc,phases      ] GC(447) Compaction Phase 668.882ms
[389.153s][info][gc,phases,start] GC(447) Post Compact
[389.167s][info][gc,phases      ] GC(447) Post Compact 14.444ms
[389.167s][info][gc,heap        ] GC(447) PSYoungGen: 153087K(626688K)->153087K(626688K) Eden: 153087K(153088K)->153087K(153088K) From: 0K(473600K)->0K(473600K)
[389.167s][info][gc,heap        ] GC(447) ParOldGen: 10854357K(10854400K)->10854357K(10854400K)
[389.167s][info][gc,metaspace   ] GC(447) Metaspace: 6298K(6464K)->6298K(6464K) NonClass: 5764K(5824K)->5764K(5824K) Class: 533K(640K)->533K(640K)
[389.167s][info][gc             ] GC(447) Pause Full (Ergonomics) 10749M->10749M(11212M) 3196.139ms
[389.167s][info][gc,cpu         ] GC(447) User=24.64s Sys=0.00s Real=3.20s
[389.168s][info][gc,start       ] GC(448) Pause Full (Ergonomics)
[389.168s][info][gc,phases,start] GC(448) Marking Phase
[391.664s][info][gc,phases      ] GC(448) Marking Phase 2496.114ms
[391.664s][info][gc,phases,start] GC(448) Summary Phase
[391.664s][info][gc,phases      ] GC(448) Summary Phase 0.100ms
[391.664s][info][gc,phases,start] GC(448) Adjust Roots
[391.664s][info][gc,phases      ] GC(448) Adjust Roots 0.162ms
[391.664s][info][gc,phases,start] GC(448) Compaction Phase
[392.341s][info][gc,phases      ] GC(448) Compaction Phase 676.775ms
[392.341s][info][gc,phases,start] GC(448) Post Compact
[392.355s][info][gc,phases      ] GC(448) Post Compact 14.264ms
[392.355s][info][gc,heap        ] GC(448) PSYoungGen: 153087K(626688K)->153087K(626688K) Eden: 153087K(153088K)->153087K(153088K) From: 0K(473600K)->0K(473600K)
[392.355s][info][gc,heap        ] GC(448) ParOldGen: 10854361K(10854400K)->10854361K(10854400K)
[392.355s][info][gc,metaspace   ] GC(448) Metaspace: 6298K(6464K)->6298K(6464K) NonClass: 5764K(5824K)->5764K(5824K) Class: 533K(640K)->533K(640K)
[392.355s][info][gc             ] GC(448) Pause Full (Ergonomics) 10749M->10749M(11212M) 3187.750ms
[392.355s][info][gc,cpu         ] GC(448) User=24.61s Sys=0.00s Real=3.19s
[392.355s][info][gc,start       ] GC(449) Pause Full (Ergonomics)
[392.356s][info][gc,phases,start] GC(449) Marking Phase
[394.860s][info][gc,phases      ] GC(449) Marking Phase 2504.194ms
[394.860s][info][gc,phases,start] GC(449) Summary Phase
[394.860s][info][gc,phases      ] GC(449) Summary Phase 0.114ms
[394.860s][info][gc,phases,start] GC(449) Adjust Roots
[394.860s][info][gc,phases      ] GC(449) Adjust Roots 0.177ms
[394.860s][info][gc,phases,start] GC(449) Compaction Phase
[395.548s][info][gc,phases      ] GC(449) Compaction Phase 688.290ms
[395.548s][info][gc,phases,start] GC(449) Post Compact
[395.564s][info][gc,phases      ] GC(449) Post Compact 15.216ms
[395.564s][info][gc,heap        ] GC(449) PSYoungGen: 153087K(626688K)->153087K(626688K) Eden: 153087K(153088K)->153087K(153088K) From: 0K(473600K)->0K(473600K)
[395.564s][info][gc,heap        ] GC(449) ParOldGen: 10854366K(10854400K)->10854366K(10854400K)
[395.564s][info][gc,metaspace   ] GC(449) Metaspace: 6298K(6464K)->6298K(6464K) NonClass: 5764K(5824K)->5764K(5824K) Class: 533K(640K)->533K(640K)
[395.564s][info][gc             ] GC(449) Pause Full (Ergonomics) 10749M->10749M(11212M) 3208.332ms
[395.564s][info][gc,cpu         ] GC(449) User=24.98s Sys=0.00s Real=3.21s
[395.564s][info][gc,start       ] GC(450) Pause Full (Ergonomics)
[395.564s][info][gc,phases,start] GC(450) Marking Phase
[398.075s][info][gc,phases      ] GC(450) Marking Phase 2510.581ms
[398.075s][info][gc,phases,start] GC(450) Summary Phase
[398.075s][info][gc,phases      ] GC(450) Summary Phase 0.115ms
[398.075s][info][gc,phases,start] GC(450) Adjust Roots
[398.075s][info][gc,phases      ] GC(450) Adjust Roots 0.269ms
[398.075s][info][gc,phases,start] GC(450) Compaction Phase
[398.755s][info][gc,phases      ] GC(450) Compaction Phase 680.052ms
[398.755s][info][gc,phases,start] GC(450) Post Compact
[398.769s][info][gc,phases      ] GC(450) Post Compact 13.591ms
[398.769s][info][gc,heap        ] GC(450) PSYoungGen: 153087K(626688K)->153087K(626688K) Eden: 153087K(153088K)->153087K(153088K) From: 0K(473600K)->0K(473600K)
[398.769s][info][gc,heap        ] GC(450) ParOldGen: 10854371K(10854400K)->10854371K(10854400K)
[398.769s][info][gc,metaspace   ] GC(450) Metaspace: 6298K(6464K)->6298K(6464K) NonClass: 5764K(5824K)->5764K(5824K) Class: 533K(640K)->533K(640K)
[398.769s][info][gc             ] GC(450) Pause Full (Ergonomics) 10749M->10749M(11212M) 3204.934ms
[398.769s][info][gc,cpu         ] GC(450) User=24.45s Sys=0.00s Real=3.20s
[398.769s][info][gc,start       ] GC(451) Pause Full (Ergonomics)
[398.769s][info][gc,phases,start] GC(451) Marking Phase
[401.304s][info][gc,phases      ] GC(451) Marking Phase 2534.725ms
[401.304s][info][gc,phases,start] GC(451) Summary Phase
[401.304s][info][gc,phases      ] GC(451) Summary Phase 0.121ms
[401.304s][info][gc,phases,start] GC(451) Adjust Roots
[401.304s][info][gc,phases      ] GC(451) Adjust Roots 0.243ms
[401.304s][info][gc,phases,start] GC(451) Compaction Phase
[401.984s][info][gc,phases      ] GC(451) Compaction Phase 679.973ms
[401.984s][info][gc,phases,start] GC(451) Post Compact
[402.000s][info][gc,phases      ] GC(451) Post Compact 15.425ms
[402.000s][info][gc,heap        ] GC(451) PSYoungGen: 153087K(626688K)->153087K(626688K) Eden: 153087K(153088K)->153087K(153088K) From: 0K(473600K)->0K(473600K)
[402.000s][info][gc,heap        ] GC(451) ParOldGen: 10854376K(10854400K)->10854376K(10854400K)
[402.000s][info][gc,metaspace   ] GC(451) Metaspace: 6298K(6464K)->6298K(6464K) NonClass: 5764K(5824K)->5764K(5824K) Class: 533K(640K)->533K(640K)
[402.000s][info][gc             ] GC(451) Pause Full (Ergonomics) 10749M->10749M(11212M) 3230.845ms
[402.000s][info][gc,cpu         ] GC(451) User=24.72s Sys=0.03s Real=3.23s
[402.000s][info][gc,start       ] GC(452) Pause Full (Ergonomics)
[402.000s][info][gc,phases,start] GC(452) Marking Phase
[404.520s][info][gc,phases      ] GC(452) Marking Phase 2519.933ms
[404.520s][info][gc,phases,start] GC(452) Summary Phase
[404.520s][info][gc,phases      ] GC(452) Summary Phase 0.118ms
[404.520s][info][gc,phases,start] GC(452) Adjust Roots
[404.521s][info][gc,phases      ] GC(452) Adjust Roots 0.195ms
[404.521s][info][gc,phases,start] GC(452) Compaction Phase
[405.196s][info][gc,phases      ] GC(452) Compaction Phase 675.478ms
[405.196s][info][gc,phases,start] GC(452) Post Compact
[405.212s][info][gc,phases      ] GC(452) Post Compact 15.423ms
[405.212s][info][gc,heap        ] GC(452) PSYoungGen: 153087K(626688K)->153087K(626688K) Eden: 153087K(153088K)->153087K(153088K) From: 0K(473600K)->0K(473600K)
[405.212s][info][gc,heap        ] GC(452) ParOldGen: 10854381K(10854400K)->10854381K(10854400K)
[405.212s][info][gc,metaspace   ] GC(452) Metaspace: 6298K(6464K)->6298K(6464K) NonClass: 5764K(5824K)->5764K(5824K) Class: 533K(640K)->533K(640K)
[405.212s][info][gc             ] GC(452) Pause Full (Ergonomics) 10749M->10749M(11212M) 3211.475ms
[405.212s][info][gc,cpu         ] GC(452) User=24.66s Sys=0.00s Real=3.21s
[405.212s][info][gc,start       ] GC(453) Pause Full (Ergonomics)
[405.212s][info][gc,phases,start] GC(453) Marking Phase
[407.730s][info][gc,phases      ] GC(453) Marking Phase 2517.910ms
[407.730s][info][gc,phases,start] GC(453) Summary Phase
[407.730s][info][gc,phases      ] GC(453) Summary Phase 0.120ms
[407.730s][info][gc,phases,start] GC(453) Adjust Roots
[407.730s][info][gc,phases      ] GC(453) Adjust Roots 0.280ms
[407.730s][info][gc,phases,start] GC(453) Compaction Phase
[408.406s][info][gc,phases      ] GC(453) Compaction Phase 676.146ms
[408.407s][info][gc,phases,start] GC(453) Post Compact
[408.422s][info][gc,phases      ] GC(453) Post Compact 15.241ms
[408.422s][info][gc,heap        ] GC(453) PSYoungGen: 153087K(626688K)->153087K(626688K) Eden: 153087K(153088K)->153087K(153088K) From: 0K(473600K)->0K(473600K)
[408.422s][info][gc,heap        ] GC(453) ParOldGen: 10854386K(10854400K)->10854386K(10854400K)
[408.422s][info][gc,metaspace   ] GC(453) Metaspace: 6298K(6464K)->6298K(6464K) NonClass: 5764K(5824K)->5764K(5824K) Class: 533K(640K)->533K(640K)
[408.422s][info][gc             ] GC(453) Pause Full (Ergonomics) 10749M->10749M(11212M) 3210.087ms
[408.422s][info][gc,cpu         ] GC(453) User=24.75s Sys=0.00s Real=3.21s
[408.422s][info][gc,start       ] GC(454) Pause Full (Ergonomics)
[408.422s][info][gc,phases,start] GC(454) Marking Phase
[410.908s][info][gc,phases      ] GC(454) Marking Phase 2485.393ms
[410.908s][info][gc,phases,start] GC(454) Summary Phase
[410.908s][info][gc,phases      ] GC(454) Summary Phase 0.116ms
[410.908s][info][gc,phases,start] GC(454) Adjust Roots
[410.908s][info][gc,phases      ] GC(454) Adjust Roots 0.202ms
[410.908s][info][gc,phases,start] GC(454) Compaction Phase
[411.585s][info][gc,phases      ] GC(454) Compaction Phase 677.144ms
[411.585s][info][gc,phases,start] GC(454) Post Compact
[411.600s][info][gc,phases      ] GC(454) Post Compact 14.380ms
[411.600s][info][gc,heap        ] GC(454) PSYoungGen: 153087K(626688K)->153087K(626688K) Eden: 153087K(153088K)->153087K(153088K) From: 0K(473600K)->0K(473600K)
[411.600s][info][gc,heap        ] GC(454) ParOldGen: 10854390K(10854400K)->10854390K(10854400K)
[411.600s][info][gc,metaspace   ] GC(454) Metaspace: 6298K(6464K)->6298K(6464K) NonClass: 5764K(5824K)->5764K(5824K) Class: 533K(640K)->533K(640K)
[411.600s][info][gc             ] GC(454) Pause Full (Ergonomics) 10749M->10749M(11212M) 3177.575ms
[411.600s][info][gc,cpu         ] GC(454) User=24.47s Sys=0.00s Real=3.18s
[411.600s][info][gc,start       ] GC(455) Pause Full (Ergonomics)
[411.600s][info][gc,phases,start] GC(455) Marking Phase
[414.126s][info][gc,phases      ] GC(455) Marking Phase 2525.533ms
[414.126s][info][gc,phases,start] GC(455) Summary Phase
[414.126s][info][gc,phases      ] GC(455) Summary Phase 0.191ms
[414.126s][info][gc,phases,start] GC(455) Adjust Roots
[414.126s][info][gc,phases      ] GC(455) Adjust Roots 0.300ms
[414.126s][info][gc,phases,start] GC(455) Compaction Phase
[414.812s][info][gc,phases      ] GC(455) Compaction Phase 685.429ms
[414.812s][info][gc,phases,start] GC(455) Post Compact
[414.827s][info][gc,phases      ] GC(455) Post Compact 15.616ms
[414.827s][info][gc,heap        ] GC(455) PSYoungGen: 153087K(626688K)->153087K(626688K) Eden: 153087K(153088K)->153087K(153088K) From: 0K(473600K)->0K(473600K)
[414.827s][info][gc,heap        ] GC(455) ParOldGen: 10854395K(10854400K)->10854395K(10854400K)
[414.827s][info][gc,metaspace   ] GC(455) Metaspace: 6298K(6464K)->6298K(6464K) NonClass: 5764K(5824K)->5764K(5824K) Class: 533K(640K)->533K(640K)
[414.827s][info][gc             ] GC(455) Pause Full (Ergonomics) 10749M->10749M(11212M) 3227.486ms
[414.827s][info][gc,cpu         ] GC(455) User=24.83s Sys=0.00s Real=3.23s
[414.828s][info][gc,start       ] GC(456) Pause Full (Ergonomics)
[414.828s][info][gc,phases,start] GC(456) Marking Phase
[417.335s][info][gc,phases      ] GC(456) Marking Phase 2507.074ms
[417.335s][info][gc,phases,start] GC(456) Summary Phase
[417.335s][info][gc,phases      ] GC(456) Summary Phase 0.118ms
[417.335s][info][gc,phases,start] GC(456) Adjust Roots
[417.335s][info][gc,phases      ] GC(456) Adjust Roots 0.188ms
[417.335s][info][gc,phases,start] GC(456) Compaction Phase
[418.149s][info][gc,phases      ] GC(456) Compaction Phase 814.211ms
[418.149s][info][gc,phases,start] GC(456) Post Compact
[418.165s][info][gc,phases      ] GC(456) Post Compact 15.682ms
[418.165s][info][gc,heap        ] GC(456) PSYoungGen: 153087K(626688K)->153087K(626688K) Eden: 153087K(153088K)->153087K(153088K) From: 0K(473600K)->0K(473600K)
[418.165s][info][gc,heap        ] GC(456) ParOldGen: 10854399K(10854400K)->10854399K(10854400K)
[418.165s][info][gc,metaspace   ] GC(456) Metaspace: 6298K(6464K)->6298K(6464K) NonClass: 5764K(5824K)->5764K(5824K) Class: 533K(640K)->533K(640K)
[418.165s][info][gc             ] GC(456) Pause Full (Ergonomics) 10749M->10749M(11212M) 3337.631ms
[418.165s][info][gc,cpu         ] GC(456) User=24.94s Sys=0.00s Real=3.34s
[418.165s][info][gc,start       ] GC(457) Pause Full (Allocation Failure)
[418.165s][info][gc,phases,start] GC(457) Marking Phase
[420.771s][info][gc,phases      ] GC(457) Marking Phase 2605.946ms
[420.771s][info][gc,phases,start] GC(457) Summary Phase
[420.771s][info][gc,phases      ] GC(457) Summary Phase 0.108ms
[420.772s][info][gc,phases,start] GC(457) Adjust Roots
[420.772s][info][gc,phases      ] GC(457) Adjust Roots 0.406ms
[420.772s][info][gc,phases,start] GC(457) Compaction Phase
[423.468s][info][gc,phases      ] GC(457) Compaction Phase 2695.704ms
[423.468s][info][gc,phases,start] GC(457) Post Compact
[423.485s][info][gc,phases      ] GC(457) Post Compact 17.038ms
[423.485s][info][gc,heap        ] GC(457) PSYoungGen: 153087K(626688K)->153087K(626688K) Eden: 153087K(153088K)->153087K(153088K) From: 0K(473600K)->0K(473600K)
[423.485s][info][gc,heap        ] GC(457) ParOldGen: 10854399K(10854400K)->10854395K(10854400K)
[423.485s][info][gc,metaspace   ] GC(457) Metaspace: 6298K(6464K)->6296K(6464K) NonClass: 5764K(5824K)->5763K(5824K) Class: 533K(640K)->532K(640K)
[423.485s][info][gc             ] GC(457) Pause Full (Allocation Failure) 10749M->10749M(11212M) 5319.569ms
[423.485s][info][gc,cpu         ] GC(457) User=38.95s Sys=0.03s Real=5.32s
[423.492s][info][gc,start       ] GC(458) Pause Full (Ergonomics)
[423.492s][info][gc,phases,start] GC(458) Marking Phase
[426.033s][info][gc,phases      ] GC(458) Marking Phase 2540.458ms
[426.033s][info][gc,phases,start] GC(458) Summary Phase
[426.033s][info][gc,phases      ] GC(458) Summary Phase 0.103ms
[426.033s][info][gc,phases,start] GC(458) Adjust Roots
[426.033s][info][gc,phases      ] GC(458) Adjust Roots 0.260ms
[426.033s][info][gc,phases,start] GC(458) Compaction Phase
[426.726s][info][gc,phases      ] GC(458) Compaction Phase 693.302ms
[426.726s][info][gc,phases,start] GC(458) Post Compact
[426.743s][info][gc,phases      ] GC(458) Post Compact 16.363ms
[426.743s][info][gc,heap        ] GC(458) PSYoungGen: 153087K(626688K)->153087K(626688K) Eden: 153087K(153088K)->153087K(153088K) From: 0K(473600K)->0K(473600K)
[426.743s][info][gc,heap        ] GC(458) ParOldGen: 10854396K(10854400K)->10854396K(10854400K)
[426.743s][info][gc,metaspace   ] GC(458) Metaspace: 6296K(6464K)->6296K(6464K) NonClass: 5763K(5824K)->5763K(5824K) Class: 532K(640K)->532K(640K)
[426.743s][info][gc             ] GC(458) Pause Full (Ergonomics) 10749M->10749M(11212M) 3250.889ms
[426.743s][info][gc,cpu         ] GC(458) User=24.45s Sys=0.02s Real=3.25s
[426.744s][info][gc,start       ] GC(459) Pause Full (Ergonomics)
[426.744s][info][gc,phases,start] GC(459) Marking Phase
[429.260s][info][gc,phases      ] GC(459) Marking Phase 2515.896ms
[429.260s][info][gc,phases,start] GC(459) Summary Phase
[429.260s][info][gc,phases      ] GC(459) Summary Phase 0.102ms
[429.260s][info][gc,phases,start] GC(459) Adjust Roots
[429.260s][info][gc,phases      ] GC(459) Adjust Roots 0.165ms
[429.260s][info][gc,phases,start] GC(459) Compaction Phase
[430.087s][info][gc,phases      ] GC(459) Compaction Phase 826.650ms
[430.087s][info][gc,phases,start] GC(459) Post Compact
[430.103s][info][gc,phases      ] GC(459) Post Compact 16.314ms
[430.103s][info][gc,heap        ] GC(459) PSYoungGen: 153087K(626688K)->153087K(626688K) Eden: 153087K(153088K)->153087K(153088K) From: 0K(473600K)->0K(473600K)
[430.103s][info][gc,heap        ] GC(459) ParOldGen: 10854399K(10854400K)->10854399K(10854400K)
[430.103s][info][gc,metaspace   ] GC(459) Metaspace: 6296K(6464K)->6296K(6464K) NonClass: 5763K(5824K)->5763K(5824K) Class: 532K(640K)->532K(640K)
[430.103s][info][gc             ] GC(459) Pause Full (Ergonomics) 10749M->10749M(11212M) 3359.518ms
[430.103s][info][gc,cpu         ] GC(459) User=24.91s Sys=0.00s Real=3.36s
[430.103s][info][gc,start       ] GC(460) Pause Full (Allocation Failure)
[430.103s][info][gc,phases,start] GC(460) Marking Phase
[432.569s][info][gc,phases      ] GC(460) Marking Phase 2465.612ms
[432.569s][info][gc,phases,start] GC(460) Summary Phase
[432.569s][info][gc,phases      ] GC(460) Summary Phase 0.205ms
[432.569s][info][gc,phases,start] GC(460) Adjust Roots
[432.570s][info][gc,phases      ] GC(460) Adjust Roots 0.399ms
[432.570s][info][gc,phases,start] GC(460) Compaction Phase
[433.245s][info][gc,phases      ] GC(460) Compaction Phase 675.219ms
[433.245s][info][gc,phases,start] GC(460) Post Compact
[433.260s][info][gc,phases      ] GC(460) Post Compact 15.282ms
[433.260s][info][gc,heap        ] GC(460) PSYoungGen: 153087K(626688K)->153087K(626688K) Eden: 153087K(153088K)->153087K(153088K) From: 0K(473600K)->0K(473600K)
[433.260s][info][gc,heap        ] GC(460) ParOldGen: 10854399K(10854400K)->10854399K(10854400K)
[433.260s][info][gc,metaspace   ] GC(460) Metaspace: 6296K(6464K)->6296K(6464K) NonClass: 5763K(5824K)->5763K(5824K) Class: 532K(640K)->532K(640K)
[433.260s][info][gc             ] GC(460) Pause Full (Allocation Failure) 10749M->10749M(11212M) 3157.087ms
[433.260s][info][gc,cpu         ] GC(460) User=24.33s Sys=0.00s Real=3.16s
[433.261s][info][gc,start       ] GC(461) Pause Full (Ergonomics)
[433.261s][info][gc,phases,start] GC(461) Marking Phase
[435.732s][info][gc,phases      ] GC(461) Marking Phase 2470.311ms
[435.732s][info][gc,phases,start] GC(461) Summary Phase
[435.732s][info][gc,phases      ] GC(461) Summary Phase 0.132ms
[435.732s][info][gc,phases,start] GC(461) Adjust Roots
[435.732s][info][gc,phases      ] GC(461) Adjust Roots 0.273ms
[435.732s][info][gc,phases,start] GC(461) Compaction Phase
[438.478s][info][gc,phases      ] GC(461) Compaction Phase 2745.578ms
[438.478s][info][gc,phases,start] GC(461) Post Compact
[438.493s][info][gc,phases      ] GC(461) Post Compact 15.659ms
[438.494s][info][gc,heap        ] GC(461) PSYoungGen: 153087K(626688K)->153087K(626688K) Eden: 153087K(153088K)->153087K(153088K) From: 0K(473600K)->0K(473600K)
[438.494s][info][gc,heap        ] GC(461) ParOldGen: 10854400K(10854400K)->10854398K(10854400K)
[438.494s][info][gc,metaspace   ] GC(461) Metaspace: 6296K(6464K)->6296K(6464K) NonClass: 5763K(5824K)->5763K(5824K) Class: 532K(640K)->532K(640K)
[438.494s][info][gc             ] GC(461) Pause Full (Ergonomics) 10749M->10749M(11212M) 5232.363ms
[438.494s][info][gc,cpu         ] GC(461) User=39.42s Sys=0.05s Real=5.23s
[438.494s][info][gc,start       ] GC(462) Pause Full (Ergonomics)
[438.494s][info][gc,phases,start] GC(462) Marking Phase
[441.068s][info][gc,phases      ] GC(462) Marking Phase 2573.656ms
[441.068s][info][gc,phases,start] GC(462) Summary Phase
[441.068s][info][gc,phases      ] GC(462) Summary Phase 0.112ms
[441.068s][info][gc,phases,start] GC(462) Adjust Roots
[441.068s][info][gc,phases      ] GC(462) Adjust Roots 0.174ms
[441.068s][info][gc,phases,start] GC(462) Compaction Phase
[441.855s][info][gc,phases      ] GC(462) Compaction Phase 786.640ms
[441.855s][info][gc,phases,start] GC(462) Post Compact
[441.871s][info][gc,phases      ] GC(462) Post Compact 16.149ms
[441.871s][info][gc,heap        ] GC(462) PSYoungGen: 153087K(626688K)->153087K(626688K) Eden: 153087K(153088K)->153087K(153088K) From: 0K(473600K)->0K(473600K)
[441.871s][info][gc,heap        ] GC(462) ParOldGen: 10854398K(10854400K)->10854398K(10854400K)
[441.871s][info][gc,metaspace   ] GC(462) Metaspace: 6296K(6464K)->6296K(6464K) NonClass: 5763K(5824K)->5763K(5824K) Class: 532K(640K)->532K(640K)
[441.871s][info][gc             ] GC(462) Pause Full (Ergonomics) 10749M->10749M(11212M) 3377.089ms
[441.871s][info][gc,cpu         ] GC(462) User=24.03s Sys=0.03s Real=3.38s
[441.873s][info][gc,start       ] GC(463) Pause Full (Ergonomics)
[441.873s][info][gc,phases,start] GC(463) Marking Phase
[444.499s][info][gc,phases      ] GC(463) Marking Phase 2625.810ms
[444.499s][info][gc,phases,start] GC(463) Summary Phase
[444.499s][info][gc,phases      ] GC(463) Summary Phase 0.137ms
[444.499s][info][gc,phases,start] GC(463) Adjust Roots
[444.499s][info][gc,phases      ] GC(463) Adjust Roots 0.323ms
[444.499s][info][gc,phases,start] GC(463) Compaction Phase
[447.236s][info][gc,phases      ] GC(463) Compaction Phase 2736.621ms
[447.236s][info][gc,phases,start] GC(463) Post Compact
[447.253s][info][gc,phases      ] GC(463) Post Compact 17.506ms
[447.253s][info][gc,heap        ] GC(463) PSYoungGen: 153087K(626688K)->153087K(626688K) Eden: 153087K(153088K)->153087K(153088K) From: 0K(473600K)->0K(473600K)
[447.254s][info][gc,heap        ] GC(463) ParOldGen: 10854399K(10854400K)->10854396K(10854400K)
[447.254s][info][gc,metaspace   ] GC(463) Metaspace: 6298K(6464K)->6298K(6464K) NonClass: 5764K(5824K)->5764K(5824K) Class: 533K(640K)->533K(640K)
[447.254s][info][gc             ] GC(463) Pause Full (Ergonomics) 10749M->10749M(11212M) 5380.785ms
[447.254s][info][gc,cpu         ] GC(463) User=38.27s Sys=0.03s Real=5.38s
[447.254s][info][gc,heap,exit   ] Heap
[447.254s][info][gc,heap,exit   ]  PSYoungGen      total 626688K, used 153087K [0x00000006b4c00000, 0x00000006f8d00000, 0x0000000800000000)
[447.254s][info][gc,heap,exit   ]   eden space 153088K, 99% used [0x00000006b4c00000,0x00000006be17fff8,0x00000006be180000)
[447.254s][info][gc,heap,exit   ]   from space 473600K, 0% used [0x00000006db000000,0x00000006db000000,0x00000006f7e80000)
[447.254s][info][gc,heap,exit   ]   to   space 473600K, 0% used [0x00000006be180000,0x00000006be180000,0x00000006db000000)
[447.254s][info][gc,heap,exit   ]  ParOldGen       total 10854400K, used 10854397K [0x000000041e400000, 0x00000006b4c00000, 0x00000006b4c00000)
[447.254s][info][gc,heap,exit   ]   object space 10854400K, 99% used [0x000000041e400000,0x00000006b4bff600,0x00000006b4c00000)
[447.254s][info][gc,heap,exit   ]  Metaspace       used 6301K, committed 6464K, reserved 1114112K
[447.254s][info][gc,heap,exit   ]   class space    used 534K, committed 640K, reserved 1048576K
