[0.011s][info][gc,init] CardTable entry size: 512
[0.011s][info][gc     ] Using Parallel
[0.012s][info][gc,init] Version: 18.0.1+10 (release)
[0.012s][info][gc,init] CPUs: 8 total, 8 available
[0.012s][info][gc,init] Memory: 16063M
[0.012s][info][gc,init] Large Page Support: Disabled
[0.012s][info][gc,init] NUMA Support: Disabled
[0.013s][info][gc,init] Compressed Oops: Enabled (Zero based)
[0.013s][info][gc,init] Alignments: Space 512K, Generation 512K, Heap 2M
[0.013s][info][gc,init] Heap Min Capacity: 2M
[0.013s][info][gc,init] Heap Initial Capacity: 2M
[0.013s][info][gc,init] Heap Max Capacity: 12400M
[0.013s][info][gc,init] Pre-touch: Disabled
[0.013s][info][gc,init] Parallel Workers: 8
[0.013s][info][gc,metaspace] CDS archive(s) not mapped
[0.013s][info][gc,metaspace] Compressed class space mapped at: 0x0000000800000000-0x0000000840000000, reserved size: 1073741824
[0.013s][info][gc,metaspace] Narrow klass base: 0x0000000800000000, Narrow klass shift: 0, Narrow klass range: 0x40000000
[0.106s][info][gc,start    ] GC(0) Pause Young (Allocation Failure)
[0.107s][info][gc,heap     ] GC(0) PSYoungGen: 512K(1024K)->480K(1024K) Eden: 512K(512K)->0K(512K) From: 0K(512K)->480K(512K)
[0.107s][info][gc,heap     ] GC(0) ParOldGen: 0K(512K)->8K(512K)
[0.107s][info][gc,metaspace] GC(0) Metaspace: 4229K(4352K)->4229K(4352K) NonClass: 3908K(3968K)->3908K(3968K) Class: 321K(384K)->321K(384K)
[0.107s][info][gc          ] GC(0) Pause Young (Allocation Failure) 0M->0M(1M) 1.396ms
[0.108s][info][gc,cpu      ] GC(0) User=0.00s Sys=0.00s Real=0.00s
[0.167s][info][gc,start    ] GC(1) Pause Young (Allocation Failure)
[0.168s][info][gc,heap     ] GC(1) PSYoungGen: 991K(1024K)->512K(1536K) Eden: 511K(512K)->0K(1024K) From: 480K(512K)->512K(512K)
[0.168s][info][gc,heap     ] GC(1) ParOldGen: 8K(512K)->88K(512K)
[0.168s][info][gc,metaspace] GC(1) Metaspace: 5882K(6016K)->5882K(6016K) NonClass: 5385K(5504K)->5385K(5504K) Class: 496K(512K)->496K(512K)
[0.168s][info][gc          ] GC(1) Pause Young (Allocation Failure) 0M->0M(2M) 0.963ms
[0.168s][info][gc,cpu      ] GC(1) User=0.00s Sys=0.00s Real=0.00s
[0.188s][info][gc,start    ] GC(2) Pause Young (Allocation Failure)
[0.189s][info][gc,heap     ] GC(2) PSYoungGen: 1536K(1536K)->512K(1536K) Eden: 1024K(1024K)->0K(1024K) From: 512K(512K)->512K(512K)
[0.189s][info][gc,heap     ] GC(2) ParOldGen: 88K(512K)->496K(512K)
[0.189s][info][gc,metaspace] GC(2) Metaspace: 6300K(6464K)->6300K(6464K) NonClass: 5766K(5824K)->5766K(5824K) Class: 533K(640K)->533K(640K)
[0.189s][info][gc          ] GC(2) Pause Young (Allocation Failure) 1M->0M(2M) 1.238ms
[0.189s][info][gc,cpu      ] GC(2) User=0.00s Sys=0.00s Real=0.00s
[0.189s][info][gc,start    ] GC(3) Pause Full (Ergonomics)
[0.189s][info][gc,phases,start] GC(3) Marking Phase
[0.190s][info][gc,phases      ] GC(3) Marking Phase 1.108ms
[0.191s][info][gc,phases,start] GC(3) Summary Phase
[0.191s][info][gc,phases      ] GC(3) Summary Phase 0.019ms
[0.191s][info][gc,phases,start] GC(3) Adjust Roots
[0.191s][info][gc,phases      ] GC(3) Adjust Roots 0.391ms
[0.191s][info][gc,phases,start] GC(3) Compaction Phase
[0.193s][info][gc,phases      ] GC(3) Compaction Phase 1.713ms
[0.193s][info][gc,phases,start] GC(3) Post Compact
[0.193s][info][gc,phases      ] GC(3) Post Compact 0.084ms
[0.193s][info][gc,heap        ] GC(3) PSYoungGen: 512K(1536K)->509K(1536K) Eden: 0K(1024K)->0K(1024K) From: 512K(512K)->509K(512K)
[0.193s][info][gc,heap        ] GC(3) ParOldGen: 496K(512K)->471K(2048K)
[0.193s][info][gc,metaspace   ] GC(3) Metaspace: 6300K(6464K)->6300K(6464K) NonClass: 5766K(5824K)->5766K(5824K) Class: 533K(640K)->533K(640K)
[0.193s][info][gc             ] GC(3) Pause Full (Ergonomics) 0M->0M(3M) 3.585ms
[0.193s][info][gc,cpu         ] GC(3) User=0.00s Sys=0.00s Real=0.00s
[0.194s][info][gc,start       ] GC(4) Pause Young (Allocation Failure)
[0.195s][info][gc,heap        ] GC(4) PSYoungGen: 1533K(1536K)->480K(2560K) Eden: 1024K(1024K)->0K(2048K) From: 509K(512K)->480K(512K)
[0.195s][info][gc,heap        ] GC(4) ParOldGen: 471K(2048K)->1027K(2048K)
[0.196s][info][gc,metaspace   ] GC(4) Metaspace: 6300K(6464K)->6300K(6464K) NonClass: 5766K(5824K)->5766K(5824K) Class: 533K(640K)->533K(640K)
[0.196s][info][gc             ] GC(4) Pause Young (Allocation Failure) 1M->1M(4M) 1.375ms
[0.196s][info][gc,cpu         ] GC(4) User=0.00s Sys=0.00s Real=0.00s
[0.199s][info][gc,start       ] GC(5) Pause Young (Allocation Failure)
[0.201s][info][gc,heap        ] GC(5) PSYoungGen: 2528K(2560K)->480K(2560K) Eden: 2048K(2048K)->0K(2048K) From: 480K(512K)->480K(512K)
[0.201s][info][gc,heap        ] GC(5) ParOldGen: 1027K(2048K)->2099K(2560K)
[0.201s][info][gc,metaspace   ] GC(5) Metaspace: 6300K(6464K)->6300K(6464K) NonClass: 5766K(5824K)->5766K(5824K) Class: 533K(640K)->533K(640K)
[0.201s][info][gc             ] GC(5) Pause Young (Allocation Failure) 3M->2M(5M) 1.786ms
[0.201s][info][gc,cpu         ] GC(5) User=0.00s Sys=0.00s Real=0.00s
[0.201s][info][gc,start       ] GC(6) Pause Full (Ergonomics)
[0.201s][info][gc,phases,start] GC(6) Marking Phase
[0.202s][info][gc,phases      ] GC(6) Marking Phase 1.613ms
[0.202s][info][gc,phases,start] GC(6) Summary Phase
[0.202s][info][gc,phases      ] GC(6) Summary Phase 0.016ms
[0.202s][info][gc,phases,start] GC(6) Adjust Roots
[0.203s][info][gc,phases      ] GC(6) Adjust Roots 0.311ms
[0.203s][info][gc,phases,start] GC(6) Compaction Phase
[0.205s][info][gc,phases      ] GC(6) Compaction Phase 1.977ms
[0.205s][info][gc,phases,start] GC(6) Post Compact
[0.205s][info][gc,phases      ] GC(6) Post Compact 0.036ms
[0.205s][info][gc,heap        ] GC(6) PSYoungGen: 480K(2560K)->0K(4096K) Eden: 0K(2048K)->0K(3072K) From: 480K(512K)->0K(1024K)
[0.205s][info][gc,heap        ] GC(6) ParOldGen: 2099K(2560K)->2542K(6144K)
[0.205s][info][gc,metaspace   ] GC(6) Metaspace: 6300K(6464K)->6300K(6464K) NonClass: 5766K(5824K)->5766K(5824K) Class: 533K(640K)->533K(640K)
[0.205s][info][gc             ] GC(6) Pause Full (Ergonomics) 2M->2M(10M) 4.358ms
[0.205s][info][gc,cpu         ] GC(6) User=0.00s Sys=0.00s Real=0.00s
[0.209s][info][gc,start       ] GC(7) Pause Young (Allocation Failure)
[0.211s][info][gc,heap        ] GC(7) PSYoungGen: 3072K(4096K)->1664K(5120K) Eden: 3072K(3072K)->0K(3072K) From: 0K(1024K)->1664K(2048K)
[0.211s][info][gc,heap        ] GC(7) ParOldGen: 2542K(6144K)->2542K(6144K)
[0.211s][info][gc,metaspace   ] GC(7) Metaspace: 6300K(6464K)->6300K(6464K) NonClass: 5766K(5824K)->5766K(5824K) Class: 533K(640K)->533K(640K)
[0.211s][info][gc             ] GC(7) Pause Young (Allocation Failure) 5M->4M(11M) 1.860ms
[0.211s][info][gc,cpu         ] GC(7) User=0.00s Sys=0.00s Real=0.00s
[0.215s][info][gc,start       ] GC(8) Pause Young (Allocation Failure)
[0.218s][info][gc,heap        ] GC(8) PSYoungGen: 4736K(5120K)->2016K(5632K) Eden: 3072K(3072K)->0K(3584K) From: 1664K(2048K)->2016K(2048K)
[0.218s][info][gc,heap        ] GC(8) ParOldGen: 2542K(6144K)->3774K(6144K)
[0.218s][info][gc,metaspace   ] GC(8) Metaspace: 6300K(6464K)->6300K(6464K) NonClass: 5766K(5824K)->5766K(5824K) Class: 533K(640K)->533K(640K)
[0.218s][info][gc             ] GC(8) Pause Young (Allocation Failure) 7M->5M(11M) 3.040ms
[0.218s][info][gc,cpu         ] GC(8) User=0.00s Sys=0.00s Real=0.00s
[0.224s][info][gc,start       ] GC(9) Pause Young (Allocation Failure)
[0.228s][info][gc,heap        ] GC(9) PSYoungGen: 5600K(5632K)->3040K(6656K) Eden: 3584K(3584K)->0K(3584K) From: 2016K(2048K)->3040K(3072K)
[0.228s][info][gc,heap        ] GC(9) ParOldGen: 3774K(6144K)->4614K(6144K)
[0.228s][info][gc,metaspace   ] GC(9) Metaspace: 6300K(6464K)->6300K(6464K) NonClass: 5766K(5824K)->5766K(5824K) Class: 533K(640K)->533K(640K)
[0.228s][info][gc             ] GC(9) Pause Young (Allocation Failure) 9M->7M(12M) 3.624ms
[0.228s][info][gc,cpu         ] GC(9) User=0.00s Sys=0.00s Real=0.00s
[0.233s][info][gc,start       ] GC(10) Pause Young (Allocation Failure)
[0.237s][info][gc,heap        ] GC(10) PSYoungGen: 6624K(6656K)->4064K(8704K) Eden: 3584K(3584K)->0K(4608K) From: 3040K(3072K)->4064K(4096K)
[0.237s][info][gc,heap        ] GC(10) ParOldGen: 4614K(6144K)->5454K(6144K)
[0.238s][info][gc,metaspace   ] GC(10) Metaspace: 6300K(6464K)->6300K(6464K) NonClass: 5766K(5824K)->5766K(5824K) Class: 533K(640K)->533K(640K)
[0.238s][info][gc             ] GC(10) Pause Young (Allocation Failure) 10M->9M(14M) 4.861ms
[0.238s][info][gc,cpu         ] GC(10) User=0.00s Sys=0.00s Real=0.00s
[0.238s][info][gc,start       ] GC(11) Pause Full (Ergonomics)
[0.238s][info][gc,phases,start] GC(11) Marking Phase
[0.242s][info][gc,phases      ] GC(11) Marking Phase 4.574ms
[0.242s][info][gc,phases,start] GC(11) Summary Phase
[0.242s][info][gc,phases      ] GC(11) Summary Phase 0.019ms
[0.242s][info][gc,phases,start] GC(11) Adjust Roots
[0.243s][info][gc,phases      ] GC(11) Adjust Roots 0.348ms
[0.243s][info][gc,phases,start] GC(11) Compaction Phase
[0.249s][info][gc,phases      ] GC(11) Compaction Phase 6.144ms
[0.249s][info][gc,phases,start] GC(11) Post Compact
[0.249s][info][gc,phases      ] GC(11) Post Compact 0.056ms
[0.249s][info][gc,heap        ] GC(11) PSYoungGen: 4064K(8704K)->3545K(8704K) Eden: 0K(4608K)->0K(4608K) From: 4064K(4096K)->3545K(4096K)
[0.249s][info][gc,heap        ] GC(11) ParOldGen: 5454K(6144K)->5831K(10752K)
[0.249s][info][gc,metaspace   ] GC(11) Metaspace: 6300K(6464K)->6300K(6464K) NonClass: 5766K(5824K)->5766K(5824K) Class: 533K(640K)->533K(640K)
[0.249s][info][gc             ] GC(11) Pause Full (Ergonomics) 9M->9M(19M) 11.477ms
[0.249s][info][gc,cpu         ] GC(11) User=0.00s Sys=0.00s Real=0.01s
[0.254s][info][gc,start       ] GC(12) Pause Young (Allocation Failure)
[0.258s][info][gc,heap        ] GC(12) PSYoungGen: 8013K(8704K)->5088K(9728K) Eden: 4468K(4608K)->0K(4608K) From: 3545K(4096K)->5088K(5120K)
[0.258s][info][gc,heap        ] GC(12) ParOldGen: 5831K(10752K)->6615K(10752K)
[0.258s][info][gc,metaspace   ] GC(12) Metaspace: 6300K(6464K)->6300K(6464K) NonClass: 5766K(5824K)->5766K(5824K) Class: 533K(640K)->533K(640K)
[0.258s][info][gc             ] GC(12) Pause Young (Allocation Failure) 13M->11M(20M) 3.938ms
[0.258s][info][gc,cpu         ] GC(12) User=0.00s Sys=0.00s Real=0.00s
[0.264s][info][gc,start       ] GC(13) Pause Young (Allocation Failure)
[0.270s][info][gc,heap        ] GC(13) PSYoungGen: 9696K(9728K)->6112K(11264K) Eden: 4608K(4608K)->0K(5120K) From: 5088K(5120K)->6112K(6144K)
[0.270s][info][gc,heap        ] GC(13) ParOldGen: 6615K(10752K)->7991K(10752K)
[0.270s][info][gc,metaspace   ] GC(13) Metaspace: 6300K(6464K)->6300K(6464K) NonClass: 5766K(5824K)->5766K(5824K) Class: 533K(640K)->533K(640K)
[0.270s][info][gc             ] GC(13) Pause Young (Allocation Failure) 15M->13M(21M) 5.779ms
[0.270s][info][gc,cpu         ] GC(13) User=0.00s Sys=0.00s Real=0.01s
[0.274s][info][gc,start       ] GC(14) Pause Young (Allocation Failure)
[0.280s][info][gc,heap        ] GC(14) PSYoungGen: 11232K(11264K)->5216K(12800K) Eden: 5120K(5120K)->0K(5120K) From: 6112K(6144K)->5216K(7680K)
[0.280s][info][gc,heap        ] GC(14) ParOldGen: 7991K(10752K)->11575K(11776K)
[0.280s][info][gc,metaspace   ] GC(14) Metaspace: 6302K(6464K)->6302K(6464K) NonClass: 5768K(5824K)->5768K(5824K) Class: 533K(640K)->533K(640K)
[0.280s][info][gc             ] GC(14) Pause Young (Allocation Failure) 18M->16M(24M) 5.579ms
[0.280s][info][gc,cpu         ] GC(14) User=0.00s Sys=0.00s Real=0.01s
[0.280s][info][gc,start       ] GC(15) Pause Full (Ergonomics)
[0.280s][info][gc,phases,start] GC(15) Marking Phase
[0.288s][info][gc,phases      ] GC(15) Marking Phase 8.077ms
[0.288s][info][gc,phases,start] GC(15) Summary Phase
[0.288s][info][gc,phases      ] GC(15) Summary Phase 0.017ms
[0.288s][info][gc,phases,start] GC(15) Adjust Roots
[0.288s][info][gc,phases      ] GC(15) Adjust Roots 0.245ms
[0.289s][info][gc,phases,start] GC(15) Compaction Phase
[0.296s][info][gc,phases      ] GC(15) Compaction Phase 7.330ms
[0.296s][info][gc,phases,start] GC(15) Post Compact
[0.296s][info][gc,phases      ] GC(15) Post Compact 0.072ms
[0.296s][info][gc,heap        ] GC(15) PSYoungGen: 5216K(12800K)->5193K(12800K) Eden: 0K(5120K)->0K(5120K) From: 5216K(7680K)->5193K(7680K)
[0.296s][info][gc,heap        ] GC(15) ParOldGen: 11575K(11776K)->11457K(18432K)
[0.296s][info][gc,metaspace   ] GC(15) Metaspace: 6302K(6464K)->6302K(6464K) NonClass: 5768K(5824K)->5768K(5824K) Class: 533K(640K)->533K(640K)
[0.296s][info][gc             ] GC(15) Pause Full (Ergonomics) 16M->16M(30M) 16.129ms
[0.296s][info][gc,cpu         ] GC(15) User=0.00s Sys=0.00s Real=0.02s
[0.299s][info][gc,start       ] GC(16) Pause Young (Allocation Failure)
[0.306s][info][gc,heap        ] GC(16) PSYoungGen: 10313K(12800K)->2688K(14336K) Eden: 5120K(5120K)->0K(7168K) From: 5193K(7680K)->2688K(7168K)
[0.306s][info][gc,heap        ] GC(16) ParOldGen: 11457K(18432K)->16729K(18432K)
[0.306s][info][gc,metaspace   ] GC(16) Metaspace: 6302K(6464K)->6302K(6464K) NonClass: 5768K(5824K)->5768K(5824K) Class: 533K(640K)->533K(640K)
[0.306s][info][gc             ] GC(16) Pause Young (Allocation Failure) 21M->18M(32M) 6.647ms
[0.306s][info][gc,cpu         ] GC(16) User=0.02s Sys=0.00s Real=0.01s
[0.306s][info][gc,start       ] GC(17) Pause Full (Ergonomics)
[0.306s][info][gc,phases,start] GC(17) Marking Phase
[0.315s][info][gc,phases      ] GC(17) Marking Phase 8.423ms
[0.315s][info][gc,phases,start] GC(17) Summary Phase
[0.315s][info][gc,phases      ] GC(17) Summary Phase 0.017ms
[0.315s][info][gc,phases,start] GC(17) Adjust Roots
[0.315s][info][gc,phases      ] GC(17) Adjust Roots 0.251ms
[0.315s][info][gc,phases,start] GC(17) Compaction Phase
[0.321s][info][gc,phases      ] GC(17) Compaction Phase 5.891ms
[0.321s][info][gc,phases,start] GC(17) Post Compact
[0.321s][info][gc,phases      ] GC(17) Post Compact 0.080ms
[0.321s][info][gc,heap        ] GC(17) PSYoungGen: 2688K(14336K)->1105K(14848K) Eden: 0K(7168K)->0K(7680K) From: 2688K(7168K)->1105K(7168K)
[0.321s][info][gc,heap        ] GC(17) ParOldGen: 16729K(18432K)->18183K(27648K)
[0.321s][info][gc,metaspace   ] GC(17) Metaspace: 6302K(6464K)->6302K(6464K) NonClass: 5768K(5824K)->5768K(5824K) Class: 533K(640K)->533K(640K)
[0.321s][info][gc             ] GC(17) Pause Full (Ergonomics) 18M->18M(41M) 14.981ms
[0.321s][info][gc,cpu         ] GC(17) User=0.02s Sys=0.00s Real=0.02s
[0.326s][info][gc,start       ] GC(18) Pause Young (Allocation Failure)
[0.331s][info][gc,heap        ] GC(18) PSYoungGen: 7799K(14848K)->3424K(15360K) Eden: 6694K(7680K)->0K(7680K) From: 1105K(7168K)->3424K(7680K)
[0.331s][info][gc,heap        ] GC(18) ParOldGen: 18183K(27648K)->19319K(27648K)
[0.331s][info][gc,metaspace   ] GC(18) Metaspace: 6302K(6464K)->6302K(6464K) NonClass: 5768K(5824K)->5768K(5824K) Class: 533K(640K)->533K(640K)
[0.331s][info][gc             ] GC(18) Pause Young (Allocation Failure) 25M->22M(42M) 5.496ms
[0.331s][info][gc,cpu         ] GC(18) User=0.00s Sys=0.00s Real=0.01s
[0.340s][info][gc,start       ] GC(19) Pause Young (Allocation Failure)
[0.348s][info][gc,heap        ] GC(19) PSYoungGen: 11103K(15360K)->4512K(17920K) Eden: 7679K(7680K)->0K(10240K) From: 3424K(7680K)->4512K(7680K)
[0.348s][info][gc,heap        ] GC(19) ParOldGen: 19319K(27648K)->22767K(27648K)
[0.348s][info][gc,metaspace   ] GC(19) Metaspace: 6302K(6464K)->6302K(6464K) NonClass: 5768K(5824K)->5768K(5824K) Class: 533K(640K)->533K(640K)
[0.348s][info][gc             ] GC(19) Pause Young (Allocation Failure) 29M->26M(44M) 7.967ms
[0.348s][info][gc,cpu         ] GC(19) User=0.00s Sys=0.00s Real=0.01s
[0.356s][info][gc,start       ] GC(20) Pause Young (Allocation Failure)
[0.363s][info][gc,heap        ] GC(20) PSYoungGen: 14752K(17920K)->5344K(17920K) Eden: 10240K(10240K)->0K(10240K) From: 4512K(7680K)->5344K(7680K)
[0.363s][info][gc,heap        ] GC(20) ParOldGen: 22767K(27648K)->27295K(27648K)
[0.363s][info][gc,metaspace   ] GC(20) Metaspace: 6302K(6464K)->6302K(6464K) NonClass: 5768K(5824K)->5768K(5824K) Class: 533K(640K)->533K(640K)
[0.363s][info][gc             ] GC(20) Pause Young (Allocation Failure) 36M->31M(44M) 7.842ms
[0.363s][info][gc,cpu         ] GC(20) User=0.00s Sys=0.00s Real=0.01s
[0.364s][info][gc,start       ] GC(21) Pause Full (Ergonomics)
[0.364s][info][gc,phases,start] GC(21) Marking Phase
[0.376s][info][gc,phases      ] GC(21) Marking Phase 12.705ms
[0.376s][info][gc,phases,start] GC(21) Summary Phase
[0.376s][info][gc,phases      ] GC(21) Summary Phase 0.018ms
[0.376s][info][gc,phases,start] GC(21) Adjust Roots
[0.376s][info][gc,phases      ] GC(21) Adjust Roots 0.174ms
[0.377s][info][gc,phases,start] GC(21) Compaction Phase
[0.388s][info][gc,phases      ] GC(21) Compaction Phase 11.484ms
[0.388s][info][gc,phases,start] GC(21) Post Compact
[0.388s][info][gc,phases      ] GC(21) Post Compact 0.119ms
[0.388s][info][gc,heap        ] GC(21) PSYoungGen: 5344K(17920K)->4779K(17920K) Eden: 0K(10240K)->0K(10240K) From: 5344K(7680K)->4779K(7680K)
[0.388s][info][gc,heap        ] GC(21) ParOldGen: 27295K(27648K)->27140K(38912K)
[0.388s][info][gc,metaspace   ] GC(21) Metaspace: 6302K(6464K)->6302K(6464K) NonClass: 5768K(5824K)->5768K(5824K) Class: 533K(640K)->533K(640K)
[0.388s][info][gc             ] GC(21) Pause Full (Ergonomics) 31M->31M(55M) 24.900ms
[0.388s][info][gc,cpu         ] GC(21) User=0.03s Sys=0.00s Real=0.02s
[0.399s][info][gc,start       ] GC(22) Pause Young (Allocation Failure)
[0.412s][info][gc,heap        ] GC(22) PSYoungGen: 15019K(17920K)->8192K(17920K) Eden: 10240K(10240K)->0K(9728K) From: 4779K(7680K)->8192K(8192K)
[0.412s][info][gc,heap        ] GC(22) ParOldGen: 27140K(38912K)->32956K(38912K)
[0.412s][info][gc,metaspace   ] GC(22) Metaspace: 6302K(6464K)->6302K(6464K) NonClass: 5768K(5824K)->5768K(5824K) Class: 533K(640K)->533K(640K)
[0.412s][info][gc             ] GC(22) Pause Young (Allocation Failure) 41M->40M(55M) 12.497ms
[0.412s][info][gc,cpu         ] GC(22) User=0.00s Sys=0.00s Real=0.01s
[0.412s][info][gc,start       ] GC(23) Pause Full (Ergonomics)
[0.412s][info][gc,phases,start] GC(23) Marking Phase
[0.428s][info][gc,phases      ] GC(23) Marking Phase 16.258ms
[0.428s][info][gc,phases,start] GC(23) Summary Phase
[0.428s][info][gc,phases      ] GC(23) Summary Phase 0.019ms
[0.428s][info][gc,phases,start] GC(23) Adjust Roots
[0.428s][info][gc,phases      ] GC(23) Adjust Roots 0.158ms
[0.428s][info][gc,phases,start] GC(23) Compaction Phase
[0.439s][info][gc,phases      ] GC(23) Compaction Phase 10.694ms
[0.439s][info][gc,phases,start] GC(23) Post Compact
[0.439s][info][gc,phases      ] GC(23) Post Compact 0.204ms
[0.439s][info][gc,heap        ] GC(23) PSYoungGen: 8192K(17920K)->2555K(17920K) Eden: 0K(9728K)->0K(9728K) From: 8192K(8192K)->2555K(8192K)
[0.439s][info][gc,heap        ] GC(23) ParOldGen: 32956K(38912K)->38481K(52736K)
[0.439s][info][gc,metaspace   ] GC(23) Metaspace: 6302K(6464K)->6302K(6464K) NonClass: 5768K(5824K)->5768K(5824K) Class: 533K(640K)->533K(640K)
[0.439s][info][gc             ] GC(23) Pause Full (Ergonomics) 40M->40M(69M) 27.720ms
[0.440s][info][gc,cpu         ] GC(23) User=0.02s Sys=0.00s Real=0.03s
[0.452s][info][gc,start       ] GC(24) Pause Young (Allocation Failure)
[0.461s][info][gc,heap        ] GC(24) PSYoungGen: 12283K(17920K)->9760K(20992K) Eden: 9728K(9728K)->0K(9728K) From: 2555K(8192K)->9760K(11264K)
[0.461s][info][gc,heap        ] GC(24) ParOldGen: 38481K(52736K)->41081K(52736K)
[0.461s][info][gc,metaspace   ] GC(24) Metaspace: 6302K(6464K)->6302K(6464K) NonClass: 5768K(5824K)->5768K(5824K) Class: 533K(640K)->533K(640K)
[0.461s][info][gc             ] GC(24) Pause Young (Allocation Failure) 49M->49M(72M) 9.382ms
[0.461s][info][gc,cpu         ] GC(24) User=0.00s Sys=0.00s Real=0.01s
[0.470s][info][gc,start       ] GC(25) Pause Young (Allocation Failure)
[0.482s][info][gc,heap        ] GC(25) PSYoungGen: 19488K(20992K)->12768K(19968K) Eden: 9728K(9728K)->0K(7168K) From: 9760K(11264K)->12768K(12800K)
[0.482s][info][gc,heap        ] GC(25) ParOldGen: 41081K(52736K)->47849K(52736K)
[0.482s][info][gc,metaspace   ] GC(25) Metaspace: 6302K(6464K)->6302K(6464K) NonClass: 5768K(5824K)->5768K(5824K) Class: 533K(640K)->533K(640K)
[0.483s][info][gc             ] GC(25) Pause Young (Allocation Failure) 59M->59M(71M) 12.531ms
[0.483s][info][gc,cpu         ] GC(25) User=0.00s Sys=0.00s Real=0.01s
[0.483s][info][gc,start       ] GC(26) Pause Full (Ergonomics)
[0.483s][info][gc,phases,start] GC(26) Marking Phase
[0.505s][info][gc,phases      ] GC(26) Marking Phase 22.301ms
[0.505s][info][gc,phases,start] GC(26) Summary Phase
[0.505s][info][gc,phases      ] GC(26) Summary Phase 0.019ms
[0.505s][info][gc,phases,start] GC(26) Adjust Roots
[0.505s][info][gc,phases      ] GC(26) Adjust Roots 0.164ms
[0.505s][info][gc,phases,start] GC(26) Compaction Phase
[0.523s][info][gc,phases      ] GC(26) Compaction Phase 18.204ms
[0.524s][info][gc,phases,start] GC(26) Post Compact
[0.524s][info][gc,phases      ] GC(26) Post Compact 0.256ms
[0.524s][info][gc,heap        ] GC(26) PSYoungGen: 12768K(19968K)->7122K(19968K) Eden: 0K(7168K)->0K(7168K) From: 12768K(12800K)->7122K(12800K)
[0.524s][info][gc,heap        ] GC(26) ParOldGen: 47849K(52736K)->52293K(69120K)
[0.524s][info][gc,metaspace   ] GC(26) Metaspace: 6302K(6464K)->6302K(6464K) NonClass: 5768K(5824K)->5768K(5824K) Class: 533K(640K)->533K(640K)
[0.524s][info][gc             ] GC(26) Pause Full (Ergonomics) 59M->58M(87M) 41.388ms
[0.524s][info][gc,cpu         ] GC(26) User=0.03s Sys=0.00s Real=0.04s
[0.532s][info][gc,start       ] GC(27) Pause Young (Allocation Failure)
[0.545s][info][gc,heap        ] GC(27) PSYoungGen: 14290K(19968K)->7168K(24576K) Eden: 7168K(7168K)->0K(7168K) From: 7122K(12800K)->7168K(17408K)
[0.545s][info][gc,heap        ] GC(27) ParOldGen: 52293K(69120K)->59533K(69120K)
[0.545s][info][gc,metaspace   ] GC(27) Metaspace: 6302K(6464K)->6302K(6464K) NonClass: 5768K(5824K)->5768K(5824K) Class: 533K(640K)->533K(640K)
[0.545s][info][gc             ] GC(27) Pause Young (Allocation Failure) 65M->65M(91M) 13.069ms
[0.545s][info][gc,cpu         ] GC(27) User=0.00s Sys=0.00s Real=0.01s
[0.553s][info][gc,start       ] GC(28) Pause Young (Allocation Failure)
[0.564s][info][gc,heap        ] GC(28) PSYoungGen: 14336K(24576K)->14336K(23040K) Eden: 7168K(7168K)->0K(6656K) From: 7168K(17408K)->14336K(16384K)
[0.564s][info][gc,heap        ] GC(28) ParOldGen: 59533K(69120K)->59533K(69120K)
[0.564s][info][gc,metaspace   ] GC(28) Metaspace: 6302K(6464K)->6302K(6464K) NonClass: 5768K(5824K)->5768K(5824K) Class: 533K(640K)->533K(640K)
[0.564s][info][gc             ] GC(28) Pause Young (Allocation Failure) 72M->72M(90M) 10.557ms
[0.564s][info][gc,cpu         ] GC(28) User=0.02s Sys=0.00s Real=0.01s
[0.571s][info][gc,start       ] GC(29) Pause Young (Allocation Failure)
[0.584s][info][gc,heap        ] GC(29) PSYoungGen: 20992K(23040K)->13824K(25088K) Eden: 6656K(6656K)->0K(6656K) From: 14336K(16384K)->13824K(18432K)
[0.584s][info][gc,heap        ] GC(29) ParOldGen: 59533K(69120K)->66797K(69120K)
[0.584s][info][gc,metaspace   ] GC(29) Metaspace: 6302K(6464K)->6302K(6464K) NonClass: 5768K(5824K)->5768K(5824K) Class: 533K(640K)->533K(640K)
[0.584s][info][gc             ] GC(29) Pause Young (Allocation Failure) 78M->78M(92M) 13.874ms
[0.584s][info][gc,cpu         ] GC(29) User=0.00s Sys=0.00s Real=0.01s
[0.584s][info][gc,start       ] GC(30) Pause Full (Ergonomics)
[0.584s][info][gc,phases,start] GC(30) Marking Phase
[0.616s][info][gc,phases      ] GC(30) Marking Phase 31.783ms
[0.616s][info][gc,phases,start] GC(30) Summary Phase
[0.616s][info][gc,phases      ] GC(30) Summary Phase 0.017ms
[0.616s][info][gc,phases,start] GC(30) Adjust Roots
[0.617s][info][gc,phases      ] GC(30) Adjust Roots 0.158ms
[0.617s][info][gc,phases,start] GC(30) Compaction Phase
[0.635s][info][gc,phases      ] GC(30) Compaction Phase 18.259ms
[0.635s][info][gc,phases,start] GC(30) Post Compact
[0.635s][info][gc,phases      ] GC(30) Post Compact 0.456ms
[0.636s][info][gc,heap        ] GC(30) PSYoungGen: 13824K(25088K)->11209K(25088K) Eden: 0K(6656K)->0K(6656K) From: 13824K(18432K)->11209K(18432K)
[0.636s][info][gc,heap        ] GC(30) ParOldGen: 66797K(69120K)->69109K(89600K)
[0.636s][info][gc,metaspace   ] GC(30) Metaspace: 6302K(6464K)->6302K(6464K) NonClass: 5768K(5824K)->5768K(5824K) Class: 533K(640K)->533K(640K)
[0.636s][info][gc             ] GC(30) Pause Full (Ergonomics) 78M->78M(112M) 51.124ms
[0.636s][info][gc,cpu         ] GC(30) User=0.09s Sys=0.00s Real=0.05s
[0.643s][info][gc,start       ] GC(31) Pause Young (Allocation Failure)
[0.660s][info][gc,heap        ] GC(31) PSYoungGen: 17865K(25088K)->6688K(25600K) Eden: 6656K(6656K)->0K(8192K) From: 11209K(18432K)->6688K(17408K)
[0.660s][info][gc,heap        ] GC(31) ParOldGen: 69109K(89600K)->80509K(89600K)
[0.660s][info][gc,metaspace   ] GC(31) Metaspace: 6302K(6464K)->6302K(6464K) NonClass: 5768K(5824K)->5768K(5824K) Class: 533K(640K)->533K(640K)
[0.660s][info][gc             ] GC(31) Pause Young (Allocation Failure) 84M->85M(112M) 17.941ms
[0.660s][info][gc,cpu         ] GC(31) User=0.03s Sys=0.00s Real=0.02s
[0.661s][info][gc,start       ] GC(32) Pause Full (Ergonomics)
[0.661s][info][gc,phases,start] GC(32) Marking Phase
[0.696s][info][gc,phases      ] GC(32) Marking Phase 35.120ms
[0.696s][info][gc,phases,start] GC(32) Summary Phase
[0.696s][info][gc,phases      ] GC(32) Summary Phase 0.018ms
[0.696s][info][gc,phases,start] GC(32) Adjust Roots
[0.696s][info][gc,phases      ] GC(32) Adjust Roots 0.155ms
[0.696s][info][gc,phases,start] GC(32) Compaction Phase
[0.715s][info][gc,phases      ] GC(32) Compaction Phase 18.923ms
[0.715s][info][gc,phases,start] GC(32) Post Compact
[0.715s][info][gc,phases      ] GC(32) Post Compact 0.537ms
[0.716s][info][gc,heap        ] GC(32) PSYoungGen: 6688K(25600K)->0K(27136K) Eden: 0K(8192K)->0K(8192K) From: 6688K(17408K)->0K(18944K)
[0.716s][info][gc,heap        ] GC(32) ParOldGen: 80509K(89600K)->86945K(111616K)
[0.716s][info][gc,metaspace   ] GC(32) Metaspace: 6302K(6464K)->6302K(6464K) NonClass: 5768K(5824K)->5768K(5824K) Class: 533K(640K)->533K(640K)
[0.716s][info][gc             ] GC(32) Pause Full (Ergonomics) 85M->84M(135M) 55.230ms
[0.716s][info][gc,cpu         ] GC(32) User=0.09s Sys=0.00s Real=0.06s
[0.734s][info][gc,start       ] GC(33) Pause Young (Allocation Failure)
[0.740s][info][gc,heap        ] GC(33) PSYoungGen: 8192K(27136K)->8256K(26112K) Eden: 8192K(8192K)->0K(9728K) From: 0K(18944K)->8256K(16384K)
[0.740s][info][gc,heap        ] GC(33) ParOldGen: 86945K(111616K)->86945K(111616K)
[0.740s][info][gc,metaspace   ] GC(33) Metaspace: 6302K(6464K)->6302K(6464K) NonClass: 5768K(5824K)->5768K(5824K) Class: 533K(640K)->533K(640K)
[0.740s][info][gc             ] GC(33) Pause Young (Allocation Failure) 92M->92M(134M) 6.154ms
[0.740s][info][gc,cpu         ] GC(33) User=0.00s Sys=0.00s Real=0.01s
[0.749s][info][gc,start       ] GC(34) Pause Young (Allocation Failure)
[0.757s][info][gc,heap        ] GC(34) PSYoungGen: 17984K(26112K)->17888K(27648K) Eden: 9728K(9728K)->0K(9728K) From: 8256K(16384K)->17888K(17920K)
[0.757s][info][gc,heap        ] GC(34) ParOldGen: 86945K(111616K)->86969K(111616K)
[0.757s][info][gc,metaspace   ] GC(34) Metaspace: 6302K(6464K)->6302K(6464K) NonClass: 5768K(5824K)->5768K(5824K) Class: 533K(640K)->533K(640K)
[0.757s][info][gc             ] GC(34) Pause Young (Allocation Failure) 102M->102M(136M) 8.164ms
[0.757s][info][gc,cpu         ] GC(34) User=0.00s Sys=0.00s Real=0.01s
[0.765s][info][gc,start       ] GC(35) Pause Young (Allocation Failure)
[0.779s][info][gc,heap        ] GC(35) PSYoungGen: 27616K(27648K)->9760K(30720K) Eden: 9728K(9728K)->0K(11264K) From: 17888K(17920K)->9760K(19456K)
[0.779s][info][gc,heap        ] GC(35) ParOldGen: 86969K(111616K)->105057K(111616K)
[0.780s][info][gc,metaspace   ] GC(35) Metaspace: 6302K(6464K)->6302K(6464K) NonClass: 5768K(5824K)->5768K(5824K) Class: 533K(640K)->533K(640K)
[0.780s][info][gc             ] GC(35) Pause Young (Allocation Failure) 111M->112M(139M) 14.200ms
[0.780s][info][gc,cpu         ] GC(35) User=0.02s Sys=0.00s Real=0.01s
[0.780s][info][gc,start       ] GC(36) Pause Full (Ergonomics)
[0.780s][info][gc,phases,start] GC(36) Marking Phase
[0.814s][info][gc,phases      ] GC(36) Marking Phase 34.362ms
[0.814s][info][gc,phases,start] GC(36) Summary Phase
[0.814s][info][gc,phases      ] GC(36) Summary Phase 0.019ms
[0.814s][info][gc,phases,start] GC(36) Adjust Roots
[0.814s][info][gc,phases      ] GC(36) Adjust Roots 0.156ms
[0.814s][info][gc,phases,start] GC(36) Compaction Phase
[0.839s][info][gc,phases      ] GC(36) Compaction Phase 24.214ms
[0.839s][info][gc,phases,start] GC(36) Post Compact
[0.839s][info][gc,phases      ] GC(36) Post Compact 0.394ms
[0.839s][info][gc,heap        ] GC(36) PSYoungGen: 9760K(30720K)->1007K(31232K) Eden: 0K(11264K)->0K(11776K) From: 9760K(19456K)->1007K(19456K)
[0.839s][info][gc,heap        ] GC(36) ParOldGen: 105057K(111616K)->111454K(142336K)
[0.839s][info][gc,metaspace   ] GC(36) Metaspace: 6302K(6464K)->6302K(6464K) NonClass: 5768K(5824K)->5768K(5824K) Class: 533K(640K)->533K(640K)
[0.839s][info][gc             ] GC(36) Pause Full (Ergonomics) 112M->109M(169M) 59.728ms
[0.839s][info][gc,cpu         ] GC(36) User=0.11s Sys=0.00s Real=0.06s
[0.850s][info][gc,start       ] GC(37) Pause Young (Allocation Failure)
[0.864s][info][gc,heap        ] GC(37) PSYoungGen: 12783K(31232K)->12832K(31744K) Eden: 11776K(11776K)->0K(11776K) From: 1007K(19456K)->12832K(19968K)
[0.864s][info][gc,heap        ] GC(37) ParOldGen: 111454K(142336K)->111454K(142336K)
[0.864s][info][gc,metaspace   ] GC(37) Metaspace: 6302K(6464K)->6302K(6464K) NonClass: 5768K(5824K)->5768K(5824K) Class: 533K(640K)->533K(640K)
[0.864s][info][gc             ] GC(37) Pause Young (Allocation Failure) 121M->121M(170M) 13.561ms
[0.864s][info][gc,cpu         ] GC(37) User=0.02s Sys=0.00s Real=0.01s
[0.877s][info][gc,start       ] GC(38) Pause Young (Allocation Failure)
[0.892s][info][gc,heap        ] GC(38) PSYoungGen: 24608K(31744K)->19968K(28672K) Eden: 11776K(11776K)->0K(8704K) From: 12832K(19968K)->19968K(19968K)
[0.892s][info][gc,heap        ] GC(38) ParOldGen: 111454K(142336K)->116110K(142336K)
[0.892s][info][gc,metaspace   ] GC(38) Metaspace: 6302K(6464K)->6302K(6464K) NonClass: 5768K(5824K)->5768K(5824K) Class: 533K(640K)->533K(640K)
[0.892s][info][gc             ] GC(38) Pause Young (Allocation Failure) 132M->132M(167M) 15.367ms
[0.892s][info][gc,cpu         ] GC(38) User=0.00s Sys=0.00s Real=0.02s
[0.902s][info][gc,start       ] GC(39) Pause Young (Allocation Failure)
[0.918s][info][gc,heap        ] GC(39) PSYoungGen: 28672K(28672K)->17984K(33280K) Eden: 8704K(8704K)->0K(8704K) From: 19968K(19968K)->17984K(24576K)
[0.918s][info][gc,heap        ] GC(39) ParOldGen: 116110K(142336K)->126998K(142336K)
[0.918s][info][gc,metaspace   ] GC(39) Metaspace: 6302K(6464K)->6302K(6464K) NonClass: 5768K(5824K)->5768K(5824K) Class: 533K(640K)->533K(640K)
[0.918s][info][gc             ] GC(39) Pause Young (Allocation Failure) 141M->141M(171M) 15.498ms
[0.918s][info][gc,cpu         ] GC(39) User=0.00s Sys=0.00s Real=0.02s
[0.918s][info][gc,start       ] GC(40) Pause Full (Ergonomics)
[0.918s][info][gc,phases,start] GC(40) Marking Phase
[0.958s][info][gc,phases      ] GC(40) Marking Phase 39.699ms
[0.958s][info][gc,phases,start] GC(40) Summary Phase
[0.958s][info][gc,phases      ] GC(40) Summary Phase 0.016ms
[0.958s][info][gc,phases,start] GC(40) Adjust Roots
[0.958s][info][gc,phases      ] GC(40) Adjust Roots 0.148ms
[0.958s][info][gc,phases,start] GC(40) Compaction Phase
[0.979s][info][gc,phases      ] GC(40) Compaction Phase 21.192ms
[0.979s][info][gc,phases,start] GC(40) Post Compact
[0.980s][info][gc,phases      ] GC(40) Post Compact 0.747ms
[0.980s][info][gc,heap        ] GC(40) PSYoungGen: 17984K(33280K)->2558K(33280K) Eden: 0K(8704K)->0K(8704K) From: 17984K(24576K)->2558K(24576K)
[0.980s][info][gc,heap        ] GC(40) ParOldGen: 126998K(142336K)->142062K(175104K)
[0.980s][info][gc,metaspace   ] GC(40) Metaspace: 6302K(6464K)->6302K(6464K) NonClass: 5768K(5824K)->5768K(5824K) Class: 533K(640K)->533K(640K)
[0.980s][info][gc             ] GC(40) Pause Full (Ergonomics) 141M->141M(203M) 62.287ms
[0.980s][info][gc,cpu         ] GC(40) User=0.19s Sys=0.00s Real=0.06s
[0.990s][info][gc,start       ] GC(41) Pause Young (Allocation Failure)
[1.004s][info][gc,heap        ] GC(41) PSYoungGen: 11262K(33280K)->11136K(33280K) Eden: 8704K(8704K)->0K(10240K) From: 2558K(24576K)->11136K(23040K)
[1.004s][info][gc,heap        ] GC(41) ParOldGen: 142062K(175104K)->142262K(175104K)
[1.004s][info][gc,metaspace   ] GC(41) Metaspace: 6302K(6464K)->6302K(6464K) NonClass: 5768K(5824K)->5768K(5824K) Class: 533K(640K)->533K(640K)
[1.004s][info][gc             ] GC(41) Pause Young (Allocation Failure) 149M->149M(203M) 14.157ms
[1.004s][info][gc,cpu         ] GC(41) User=0.02s Sys=0.00s Real=0.01s
[1.016s][info][gc,start       ] GC(42) Pause Young (Allocation Failure)
[1.027s][info][gc,heap        ] GC(42) PSYoungGen: 21376K(33280K)->21376K(34816K) Eden: 10240K(10240K)->0K(10240K) From: 11136K(23040K)->21376K(24576K)
[1.028s][info][gc,heap        ] GC(42) ParOldGen: 142262K(175104K)->142262K(175104K)
[1.028s][info][gc,metaspace   ] GC(42) Metaspace: 6302K(6464K)->6302K(6464K) NonClass: 5768K(5824K)->5768K(5824K) Class: 533K(640K)->533K(640K)
[1.028s][info][gc             ] GC(42) Pause Young (Allocation Failure) 159M->159M(205M) 12.093ms
[1.028s][info][gc,cpu         ] GC(42) User=0.02s Sys=0.00s Real=0.01s
[1.039s][info][gc,start       ] GC(43) Pause Young (Allocation Failure)
[1.056s][info][gc,heap        ] GC(43) PSYoungGen: 31616K(34816K)->27136K(33280K) Eden: 10240K(10240K)->0K(6144K) From: 21376K(24576K)->27136K(27136K)
[1.056s][info][gc,heap        ] GC(43) ParOldGen: 142262K(175104K)->146742K(175104K)
[1.056s][info][gc,metaspace   ] GC(43) Metaspace: 6302K(6464K)->6302K(6464K) NonClass: 5768K(5824K)->5768K(5824K) Class: 533K(640K)->533K(640K)
[1.056s][info][gc             ] GC(43) Pause Young (Allocation Failure) 169M->169M(203M) 16.359ms
[1.056s][info][gc,cpu         ] GC(43) User=0.03s Sys=0.00s Real=0.02s
[1.089s][info][gc,start       ] GC(44) Pause Young (Allocation Failure)
[1.109s][info][gc,heap        ] GC(44) PSYoungGen: 33280K(33280K)->24512K(38912K) Eden: 6144K(6144K)->0K(6144K) From: 27136K(27136K)->24512K(32768K)
[1.109s][info][gc,heap        ] GC(44) ParOldGen: 154934K(175104K)->163862K(175104K)
[1.109s][info][gc,metaspace   ] GC(44) Metaspace: 6302K(6464K)->6302K(6464K) NonClass: 5768K(5824K)->5768K(5824K) Class: 533K(640K)->533K(640K)
[1.109s][info][gc             ] GC(44) Pause Young (Allocation Failure) 183M->183M(209M) 20.521ms
[1.109s][info][gc,cpu         ] GC(44) User=0.05s Sys=0.00s Real=0.02s
[1.110s][info][gc,start       ] GC(45) Pause Full (Ergonomics)
[1.110s][info][gc,phases,start] GC(45) Marking Phase
[1.157s][info][gc,phases      ] GC(45) Marking Phase 47.240ms
[1.157s][info][gc,phases,start] GC(45) Summary Phase
[1.157s][info][gc,phases      ] GC(45) Summary Phase 0.018ms
[1.157s][info][gc,phases,start] GC(45) Adjust Roots
[1.157s][info][gc,phases      ] GC(45) Adjust Roots 0.157ms
[1.157s][info][gc,phases,start] GC(45) Compaction Phase
[1.192s][info][gc,phases      ] GC(45) Compaction Phase 34.539ms
[1.192s][info][gc,phases,start] GC(45) Post Compact
[1.193s][info][gc,phases      ] GC(45) Post Compact 0.750ms
[1.193s][info][gc,heap        ] GC(45) PSYoungGen: 24512K(38912K)->9085K(38912K) Eden: 0K(6144K)->0K(6144K) From: 24512K(32768K)->9085K(32768K)
[1.193s][info][gc,heap        ] GC(45) ParOldGen: 163862K(175104K)->174834K(208896K)
[1.193s][info][gc,metaspace   ] GC(45) Metaspace: 6302K(6464K)->6302K(6464K) NonClass: 5768K(5824K)->5768K(5824K) Class: 533K(640K)->533K(640K)
[1.193s][info][gc             ] GC(45) Pause Full (Ergonomics) 183M->179M(242M) 83.157ms
[1.193s][info][gc,cpu         ] GC(45) User=0.25s Sys=0.00s Real=0.08s
[1.200s][info][gc,start       ] GC(46) Pause Young (Allocation Failure)
[1.217s][info][gc,heap        ] GC(46) PSYoungGen: 15229K(38912K)->15328K(37888K) Eden: 6144K(6144K)->0K(7168K) From: 9085K(32768K)->15328K(30720K)
[1.217s][info][gc,heap        ] GC(46) ParOldGen: 174834K(208896K)->174834K(208896K)
[1.217s][info][gc,metaspace   ] GC(46) Metaspace: 6302K(6464K)->6302K(6464K) NonClass: 5768K(5824K)->5768K(5824K) Class: 533K(640K)->533K(640K)
[1.217s][info][gc             ] GC(46) Pause Young (Allocation Failure) 185M->185M(241M) 16.803ms
[1.217s][info][gc,cpu         ] GC(46) User=0.02s Sys=0.00s Real=0.02s
[1.225s][info][gc,start       ] GC(47) Pause Young (Allocation Failure)
[1.236s][info][gc,heap        ] GC(47) PSYoungGen: 22496K(37888K)->22496K(39936K) Eden: 7168K(7168K)->0K(7168K) From: 15328K(30720K)->22496K(32768K)
[1.236s][info][gc,heap        ] GC(47) ParOldGen: 174834K(208896K)->174834K(208896K)
[1.236s][info][gc,metaspace   ] GC(47) Metaspace: 6302K(6464K)->6302K(6464K) NonClass: 5768K(5824K)->5768K(5824K) Class: 533K(640K)->533K(640K)
[1.236s][info][gc             ] GC(47) Pause Young (Allocation Failure) 192M->192M(243M) 10.927ms
[1.236s][info][gc,cpu         ] GC(47) User=0.02s Sys=0.00s Real=0.01s
[1.243s][info][gc,start       ] GC(48) Pause Young (Allocation Failure)
[1.258s][info][gc,heap        ] GC(48) PSYoungGen: 29664K(39936K)->29632K(38912K) Eden: 7168K(7168K)->0K(5120K) From: 22496K(32768K)->29632K(33792K)
[1.258s][info][gc,heap        ] GC(48) ParOldGen: 174834K(208896K)->174834K(208896K)
[1.258s][info][gc,metaspace   ] GC(48) Metaspace: 6302K(6464K)->6302K(6464K) NonClass: 5768K(5824K)->5768K(5824K) Class: 533K(640K)->533K(640K)
[1.258s][info][gc             ] GC(48) Pause Young (Allocation Failure) 199M->199M(242M) 14.671ms
[1.258s][info][gc,cpu         ] GC(48) User=0.02s Sys=0.00s Real=0.02s
[1.264s][info][gc,start       ] GC(49) Pause Young (Allocation Failure)
[1.280s][info][gc,heap        ] GC(49) PSYoungGen: 34752K(38912K)->30624K(41984K) Eden: 5120K(5120K)->0K(5120K) From: 29632K(33792K)->30624K(36864K)
[1.280s][info][gc,heap        ] GC(49) ParOldGen: 174834K(208896K)->179002K(208896K)
[1.280s][info][gc,metaspace   ] GC(49) Metaspace: 6302K(6464K)->6302K(6464K) NonClass: 5768K(5824K)->5768K(5824K) Class: 533K(640K)->533K(640K)
[1.280s][info][gc             ] GC(49) Pause Young (Allocation Failure) 204M->204M(245M) 16.003ms
[1.280s][info][gc,cpu         ] GC(49) User=0.02s Sys=0.00s Real=0.02s
[1.286s][info][gc,start       ] GC(50) Pause Young (Allocation Failure)
[1.303s][info][gc,heap        ] GC(50) PSYoungGen: 35744K(41984K)->30720K(44032K) Eden: 5120K(5120K)->0K(4096K) From: 30624K(36864K)->30720K(39936K)
[1.303s][info][gc,heap        ] GC(50) ParOldGen: 179002K(208896K)->184066K(208896K)
[1.303s][info][gc,metaspace   ] GC(50) Metaspace: 6302K(6464K)->6302K(6464K) NonClass: 5768K(5824K)->5768K(5824K) Class: 533K(640K)->533K(640K)
[1.303s][info][gc             ] GC(50) Pause Young (Allocation Failure) 209M->209M(247M) 16.365ms
[1.303s][info][gc,cpu         ] GC(50) User=0.02s Sys=0.00s Real=0.02s
[1.308s][info][gc,start       ] GC(51) Pause Young (Allocation Failure)
[1.325s][info][gc,heap        ] GC(51) PSYoungGen: 34816K(44032K)->21472K(25600K) Eden: 4096K(4096K)->0K(4096K) From: 30720K(39936K)->21472K(21504K)
[1.325s][info][gc,heap        ] GC(51) ParOldGen: 184066K(208896K)->197514K(208896K)
[1.325s][info][gc,metaspace   ] GC(51) Metaspace: 6302K(6464K)->6302K(6464K) NonClass: 5768K(5824K)->5768K(5824K) Class: 533K(640K)->533K(640K)
[1.325s][info][gc             ] GC(51) Pause Young (Allocation Failure) 213M->213M(229M) 17.697ms
[1.325s][info][gc,cpu         ] GC(51) User=0.06s Sys=0.00s Real=0.02s
[1.325s][info][gc,start       ] GC(52) Pause Full (Ergonomics)
[1.325s][info][gc,phases,start] GC(52) Marking Phase
[1.384s][info][gc,phases      ] GC(52) Marking Phase 58.171ms
[1.384s][info][gc,phases,start] GC(52) Summary Phase
[1.384s][info][gc,phases      ] GC(52) Summary Phase 0.020ms
[1.384s][info][gc,phases,start] GC(52) Adjust Roots
[1.384s][info][gc,phases      ] GC(52) Adjust Roots 0.174ms
[1.384s][info][gc,phases,start] GC(52) Compaction Phase
[1.412s][info][gc,phases      ] GC(52) Compaction Phase 28.099ms
[1.412s][info][gc,phases,start] GC(52) Post Compact
[1.413s][info][gc,phases      ] GC(52) Post Compact 0.967ms
[1.413s][info][gc,heap        ] GC(52) PSYoungGen: 21472K(25600K)->10141K(25600K) Eden: 0K(4096K)->0K(4096K) From: 21472K(21504K)->10141K(21504K)
[1.413s][info][gc,heap        ] GC(52) ParOldGen: 197514K(208896K)->208408K(244736K)
[1.413s][info][gc,metaspace   ] GC(52) Metaspace: 6302K(6464K)->6302K(6464K) NonClass: 5768K(5824K)->5768K(5824K) Class: 533K(640K)->533K(640K)
[1.413s][info][gc             ] GC(52) Pause Full (Ergonomics) 213M->213M(264M) 87.913ms
[1.413s][info][gc,cpu         ] GC(52) User=0.30s Sys=0.00s Real=0.09s
[1.418s][info][gc,start       ] GC(53) Pause Young (Allocation Failure)
[1.436s][info][gc,heap        ] GC(53) PSYoungGen: 14237K(25600K)->8128K(45568K) Eden: 4096K(4096K)->0K(5120K) From: 10141K(21504K)->8128K(40448K)
[1.436s][info][gc,heap        ] GC(53) ParOldGen: 208408K(244736K)->214712K(244736K)
[1.436s][info][gc,metaspace   ] GC(53) Metaspace: 6302K(6464K)->6302K(6464K) NonClass: 5768K(5824K)->5768K(5824K) Class: 533K(640K)->533K(640K)
[1.436s][info][gc             ] GC(53) Pause Young (Allocation Failure) 217M->217M(283M) 17.584ms
[1.436s][info][gc,cpu         ] GC(53) User=0.03s Sys=0.00s Real=0.02s
[1.442s][info][gc,start       ] GC(54) Pause Young (Allocation Failure)
[1.449s][info][gc,heap        ] GC(54) PSYoungGen: 13248K(45568K)->9280K(45568K) Eden: 5120K(5120K)->0K(5120K) From: 8128K(40448K)->9280K(40448K)
[1.450s][info][gc,heap        ] GC(54) ParOldGen: 214712K(244736K)->218728K(244736K)
[1.450s][info][gc,metaspace   ] GC(54) Metaspace: 6302K(6464K)->6302K(6464K) NonClass: 5768K(5824K)->5768K(5824K) Class: 533K(640K)->533K(640K)
[1.450s][info][gc             ] GC(54) Pause Young (Allocation Failure) 222M->222M(283M) 7.276ms
[1.450s][info][gc,cpu         ] GC(54) User=0.02s Sys=0.00s Real=0.01s
[1.456s][info][gc,start       ] GC(55) Pause Young (Allocation Failure)
[1.464s][info][gc,heap        ] GC(55) PSYoungGen: 14400K(45568K)->5184K(46080K) Eden: 5120K(5120K)->0K(6144K) From: 9280K(40448K)->5184K(39936K)
[1.464s][info][gc,heap        ] GC(55) ParOldGen: 218728K(244736K)->228040K(244736K)
[1.464s][info][gc,metaspace   ] GC(55) Metaspace: 6302K(6464K)->6302K(6464K) NonClass: 5768K(5824K)->5768K(5824K) Class: 533K(640K)->533K(640K)
[1.464s][info][gc             ] GC(55) Pause Young (Allocation Failure) 227M->227M(284M) 8.259ms
[1.464s][info][gc,cpu         ] GC(55) User=0.02s Sys=0.00s Real=0.01s
[1.472s][info][gc,start       ] GC(56) Pause Young (Allocation Failure)
[1.478s][info][gc,heap        ] GC(56) PSYoungGen: 11328K(46080K)->6240K(46080K) Eden: 6144K(6144K)->0K(6144K) From: 5184K(39936K)->6240K(39936K)
[1.478s][info][gc,heap        ] GC(56) ParOldGen: 228040K(244736K)->233224K(244736K)
[1.478s][info][gc,metaspace   ] GC(56) Metaspace: 6302K(6464K)->6302K(6464K) NonClass: 5768K(5824K)->5768K(5824K) Class: 533K(640K)->533K(640K)
[1.478s][info][gc             ] GC(56) Pause Young (Allocation Failure) 233M->233M(284M) 6.771ms
[1.479s][info][gc,cpu         ] GC(56) User=0.00s Sys=0.00s Real=0.01s
[1.479s][info][gc,start       ] GC(57) Pause Full (Ergonomics)
[1.479s][info][gc,phases,start] GC(57) Marking Phase
[1.532s][info][gc,phases      ] GC(57) Marking Phase 53.040ms
[1.532s][info][gc,phases,start] GC(57) Summary Phase
[1.532s][info][gc,phases      ] GC(57) Summary Phase 0.019ms
[1.532s][info][gc,phases,start] GC(57) Adjust Roots
[1.532s][info][gc,phases      ] GC(57) Adjust Roots 0.171ms
[1.532s][info][gc,phases,start] GC(57) Compaction Phase
[1.556s][info][gc,phases      ] GC(57) Compaction Phase 24.453ms
[1.556s][info][gc,phases,start] GC(57) Post Compact
[1.558s][info][gc,phases      ] GC(57) Post Compact 1.245ms
[1.558s][info][gc,heap        ] GC(57) PSYoungGen: 6240K(46080K)->0K(46592K) Eden: 0K(6144K)->0K(7168K) From: 6240K(39936K)->0K(39424K)
[1.558s][info][gc,heap        ] GC(57) ParOldGen: 233224K(244736K)->238901K(276480K)
[1.558s][info][gc,metaspace   ] GC(57) Metaspace: 6302K(6464K)->6302K(6464K) NonClass: 5768K(5824K)->5768K(5824K) Class: 533K(640K)->533K(640K)
[1.558s][info][gc             ] GC(57) Pause Full (Ergonomics) 233M->233M(315M) 79.450ms
[1.558s][info][gc,cpu         ] GC(57) User=0.34s Sys=0.02s Real=0.08s
[1.566s][info][gc,start       ] GC(58) Pause Young (Allocation Failure)
[1.571s][info][gc,heap        ] GC(58) PSYoungGen: 7168K(46592K)->7296K(46592K) Eden: 7168K(7168K)->0K(7168K) From: 0K(39424K)->7296K(39424K)
[1.571s][info][gc,heap        ] GC(58) ParOldGen: 238901K(276480K)->238901K(276480K)
[1.571s][info][gc,metaspace   ] GC(58) Metaspace: 6302K(6464K)->6302K(6464K) NonClass: 5768K(5824K)->5768K(5824K) Class: 533K(640K)->533K(640K)
[1.571s][info][gc             ] GC(58) Pause Young (Allocation Failure) 240M->240M(315M) 4.951ms
[1.571s][info][gc,cpu         ] GC(58) User=0.00s Sys=0.00s Real=0.01s
[1.579s][info][gc,start       ] GC(59) Pause Young (Allocation Failure)
[1.586s][info][gc,heap        ] GC(59) PSYoungGen: 14464K(46592K)->14368K(42496K) Eden: 7168K(7168K)->0K(8192K) From: 7296K(39424K)->14368K(34304K)
[1.586s][info][gc,heap        ] GC(59) ParOldGen: 238901K(276480K)->238901K(276480K)
[1.586s][info][gc,metaspace   ] GC(59) Metaspace: 6302K(6464K)->6302K(6464K) NonClass: 5768K(5824K)->5768K(5824K) Class: 533K(640K)->533K(640K)
[1.586s][info][gc             ] GC(59) Pause Young (Allocation Failure) 247M->247M(311M) 7.790ms
[1.586s][info][gc,cpu         ] GC(59) User=0.02s Sys=0.00s Real=0.01s
[1.597s][info][gc,start       ] GC(60) Pause Young (Allocation Failure)
[1.608s][info][gc,heap        ] GC(60) PSYoungGen: 22560K(42496K)->22624K(44544K) Eden: 8192K(8192K)->0K(8192K) From: 14368K(34304K)->22624K(36352K)
[1.608s][info][gc,heap        ] GC(60) ParOldGen: 238901K(276480K)->238901K(276480K)
[1.608s][info][gc,metaspace   ] GC(60) Metaspace: 6302K(6464K)->6302K(6464K) NonClass: 5768K(5824K)->5768K(5824K) Class: 533K(640K)->533K(640K)
[1.608s][info][gc             ] GC(60) Pause Young (Allocation Failure) 255M->255M(313M) 11.688ms
[1.608s][info][gc,cpu         ] GC(60) User=0.00s Sys=0.00s Real=0.01s
[1.617s][info][gc,start       ] GC(61) Pause Young (Allocation Failure)
[1.632s][info][gc,heap        ] GC(61) PSYoungGen: 30816K(44544K)->23648K(45056K) Eden: 8192K(8192K)->0K(8192K) From: 22624K(36352K)->23648K(36864K)
[1.632s][info][gc,heap        ] GC(61) ParOldGen: 238901K(276480K)->246165K(276480K)
[1.632s][info][gc,metaspace   ] GC(61) Metaspace: 6302K(6464K)->6302K(6464K) NonClass: 5768K(5824K)->5768K(5824K) Class: 533K(640K)->533K(640K)
[1.632s][info][gc             ] GC(61) Pause Young (Allocation Failure) 263M->263M(314M) 15.213ms
[1.632s][info][gc,cpu         ] GC(61) User=0.00s Sys=0.00s Real=0.01s
[1.642s][info][gc,start       ] GC(62) Pause Young (Allocation Failure)
[1.657s][info][gc,heap        ] GC(62) PSYoungGen: 31840K(45056K)->24608K(46080K) Eden: 8192K(8192K)->0K(8192K) From: 23648K(36864K)->24608K(37888K)
[1.657s][info][gc,heap        ] GC(62) ParOldGen: 246165K(276480K)->253437K(276480K)
[1.658s][info][gc,metaspace   ] GC(62) Metaspace: 6302K(6464K)->6302K(6464K) NonClass: 5768K(5824K)->5768K(5824K) Class: 533K(640K)->533K(640K)
[1.658s][info][gc             ] GC(62) Pause Young (Allocation Failure) 271M->271M(315M) 15.508ms
[1.658s][info][gc,cpu         ] GC(62) User=0.02s Sys=0.00s Real=0.02s
[1.667s][info][gc,start       ] GC(63) Pause Young (Allocation Failure)
[1.684s][info][gc,heap        ] GC(63) PSYoungGen: 32800K(46080K)->16480K(44544K) Eden: 8192K(8192K)->0K(9728K) From: 24608K(37888K)->16480K(34816K)
[1.684s][info][gc,heap        ] GC(63) ParOldGen: 253437K(276480K)->270013K(276480K)
[1.684s][info][gc,metaspace   ] GC(63) Metaspace: 6302K(6464K)->6302K(6464K) NonClass: 5768K(5824K)->5768K(5824K) Class: 533K(640K)->533K(640K)
[1.684s][info][gc             ] GC(63) Pause Young (Allocation Failure) 279M->279M(313M) 16.854ms
[1.684s][info][gc,cpu         ] GC(63) User=0.02s Sys=0.00s Real=0.02s
[1.684s][info][gc,start       ] GC(64) Pause Full (Ergonomics)
[1.684s][info][gc,phases,start] GC(64) Marking Phase
[1.751s][info][gc,phases      ] GC(64) Marking Phase 66.942ms
[1.751s][info][gc,phases,start] GC(64) Summary Phase
[1.751s][info][gc,phases      ] GC(64) Summary Phase 0.022ms
[1.751s][info][gc,phases,start] GC(64) Adjust Roots
[1.752s][info][gc,phases      ] GC(64) Adjust Roots 0.150ms
[1.752s][info][gc,phases,start] GC(64) Compaction Phase
[1.779s][info][gc,phases      ] GC(64) Compaction Phase 27.371ms
[1.779s][info][gc,phases,start] GC(64) Post Compact
[1.780s][info][gc,phases      ] GC(64) Post Compact 1.298ms
[1.781s][info][gc,heap        ] GC(64) PSYoungGen: 16480K(44544K)->9680K(46080K) Eden: 0K(9728K)->0K(11264K) From: 16480K(34816K)->9680K(34816K)
[1.781s][info][gc,heap        ] GC(64) ParOldGen: 270013K(276480K)->276139K(319488K)
[1.781s][info][gc,metaspace   ] GC(64) Metaspace: 6302K(6464K)->6302K(6464K) NonClass: 5768K(5824K)->5768K(5824K) Class: 533K(640K)->533K(640K)
[1.781s][info][gc             ] GC(64) Pause Full (Ergonomics) 279M->279M(357M) 96.288ms
[1.781s][info][gc,cpu         ] GC(64) User=0.42s Sys=0.00s Real=0.10s
[1.793s][info][gc,start       ] GC(65) Pause Young (Allocation Failure)
[1.816s][info][gc,heap        ] GC(65) PSYoungGen: 20944K(46080K)->11392K(48128K) Eden: 11264K(11264K)->0K(11264K) From: 9680K(34816K)->11392K(36864K)
[1.816s][info][gc,heap        ] GC(65) ParOldGen: 276139K(319488K)->285987K(319488K)
[1.816s][info][gc,metaspace   ] GC(65) Metaspace: 6302K(6464K)->6302K(6464K) NonClass: 5768K(5824K)->5768K(5824K) Class: 533K(640K)->533K(640K)
[1.816s][info][gc             ] GC(65) Pause Young (Allocation Failure) 290M->290M(359M) 22.526ms
[1.816s][info][gc,cpu         ] GC(65) User=0.11s Sys=0.00s Real=0.02s
[1.829s][info][gc,start       ] GC(66) Pause Young (Allocation Failure)
[1.842s][info][gc,heap        ] GC(66) PSYoungGen: 22656K(48128K)->11424K(46592K) Eden: 11264K(11264K)->0K(12800K) From: 11392K(36864K)->11424K(33792K)
[1.842s][info][gc,heap        ] GC(66) ParOldGen: 285987K(319488K)->297411K(319488K)
[1.842s][info][gc,metaspace   ] GC(66) Metaspace: 6302K(6464K)->6302K(6464K) NonClass: 5768K(5824K)->5768K(5824K) Class: 533K(640K)->533K(640K)
[1.842s][info][gc             ] GC(66) Pause Young (Allocation Failure) 301M->301M(357M) 12.879ms
[1.842s][info][gc,cpu         ] GC(66) User=0.02s Sys=0.00s Real=0.01s
[1.857s][info][gc,start       ] GC(67) Pause Young (Allocation Failure)
[1.871s][info][gc,heap        ] GC(67) PSYoungGen: 24224K(46592K)->12928K(47616K) Eden: 12800K(12800K)->0K(12800K) From: 11424K(33792K)->12928K(34816K)
[1.871s][info][gc,heap        ] GC(67) ParOldGen: 297411K(319488K)->308835K(319488K)
[1.871s][info][gc,metaspace   ] GC(67) Metaspace: 6302K(6464K)->6302K(6464K) NonClass: 5768K(5824K)->5768K(5824K) Class: 533K(640K)->533K(640K)
[1.871s][info][gc             ] GC(67) Pause Young (Allocation Failure) 314M->314M(358M) 13.560ms
[1.871s][info][gc,cpu         ] GC(67) User=0.02s Sys=0.00s Real=0.01s
[1.871s][info][gc,start       ] GC(68) Pause Full (Ergonomics)
[1.871s][info][gc,phases,start] GC(68) Marking Phase
[1.937s][info][gc,phases      ] GC(68) Marking Phase 66.509ms
[1.937s][info][gc,phases,start] GC(68) Summary Phase
[1.937s][info][gc,phases      ] GC(68) Summary Phase 0.025ms
[1.937s][info][gc,phases,start] GC(68) Adjust Roots
[1.938s][info][gc,phases      ] GC(68) Adjust Roots 0.168ms
[1.938s][info][gc,phases,start] GC(68) Compaction Phase
[1.967s][info][gc,phases      ] GC(68) Compaction Phase 28.945ms
[1.967s][info][gc,phases,start] GC(68) Post Compact
[1.968s][info][gc,phases      ] GC(68) Post Compact 1.464ms
[1.969s][info][gc,heap        ] GC(68) PSYoungGen: 12928K(47616K)->2035K(47616K) Eden: 0K(12800K)->0K(12800K) From: 12928K(34816K)->2035K(34816K)
[1.969s][info][gc,heap        ] GC(68) ParOldGen: 308835K(319488K)->319013K(367104K)
[1.969s][info][gc,metaspace   ] GC(68) Metaspace: 6302K(6464K)->6302K(6464K) NonClass: 5768K(5824K)->5768K(5824K) Class: 533K(640K)->533K(640K)
[1.969s][info][gc             ] GC(68) Pause Full (Ergonomics) 314M->313M(405M) 97.742ms
[1.969s][info][gc,cpu         ] GC(68) User=0.64s Sys=0.00s Real=0.10s
[1.984s][info][gc,start       ] GC(69) Pause Young (Allocation Failure)
[2.006s][info][gc,heap        ] GC(69) PSYoungGen: 14835K(47616K)->12960K(45568K) Eden: 12800K(12800K)->0K(14336K) From: 2035K(34816K)->12960K(31232K)
[2.006s][info][gc,heap        ] GC(69) ParOldGen: 319013K(367104K)->321101K(367104K)
[2.006s][info][gc,metaspace   ] GC(69) Metaspace: 6302K(6464K)->6302K(6464K) NonClass: 5768K(5824K)->5768K(5824K) Class: 533K(640K)->533K(640K)
[2.006s][info][gc             ] GC(69) Pause Young (Allocation Failure) 326M->326M(403M) 22.056ms
[2.006s][info][gc,cpu         ] GC(69) User=0.12s Sys=0.00s Real=0.02s
[2.022s][info][gc,start       ] GC(70) Pause Young (Allocation Failure)
[2.036s][info][gc,heap        ] GC(70) PSYoungGen: 27296K(45568K)->27232K(46592K) Eden: 14336K(14336K)->0K(14336K) From: 12960K(31232K)->27232K(32256K)
[2.036s][info][gc,heap        ] GC(70) ParOldGen: 321101K(367104K)->321101K(367104K)
[2.036s][info][gc,metaspace   ] GC(70) Metaspace: 6302K(6464K)->6302K(6464K) NonClass: 5768K(5824K)->5768K(5824K) Class: 533K(640K)->533K(640K)
[2.037s][info][gc             ] GC(70) Pause Young (Allocation Failure) 340M->340M(404M) 14.326ms
[2.037s][info][gc,cpu         ] GC(70) User=0.02s Sys=0.00s Real=0.01s
[2.126s][info][gc,start       ] GC(71) Pause Young (Allocation Failure)
[2.153s][info][gc,heap        ] GC(71) PSYoungGen: 41568K(46592K)->34816K(43008K) Eden: 14336K(14336K)->0K(8192K) From: 27232K(32256K)->34816K(34816K)
[2.153s][info][gc,heap        ] GC(71) ParOldGen: 337485K(367104K)->344237K(367104K)
[2.153s][info][gc,metaspace   ] GC(71) Metaspace: 6302K(6464K)->6302K(6464K) NonClass: 5768K(5824K)->5768K(5824K) Class: 533K(640K)->533K(640K)
[2.153s][info][gc             ] GC(71) Pause Young (Allocation Failure) 370M->370M(400M) 27.688ms
[2.153s][info][gc,cpu         ] GC(71) User=0.14s Sys=0.00s Real=0.03s
[2.161s][info][gc,start       ] GC(72) Pause Young (Allocation Failure)
[2.181s][info][gc,heap        ] GC(72) PSYoungGen: 43008K(43008K)->19744K(28160K) Eden: 8192K(8192K)->0K(8192K) From: 34816K(34816K)->19744K(19968K)
[2.181s][info][gc,heap        ] GC(72) ParOldGen: 344237K(367104K)->367949K(368128K)
[2.181s][info][gc,metaspace   ] GC(72) Metaspace: 6302K(6464K)->6302K(6464K) NonClass: 5768K(5824K)->5768K(5824K) Class: 533K(640K)->533K(640K)
[2.181s][info][gc             ] GC(72) Pause Young (Allocation Failure) 378M->378M(387M) 20.561ms
[2.181s][info][gc,cpu         ] GC(72) User=0.05s Sys=0.08s Real=0.02s
[2.181s][info][gc,start       ] GC(73) Pause Full (Ergonomics)
[2.181s][info][gc,phases,start] GC(73) Marking Phase
[2.265s][info][gc,phases      ] GC(73) Marking Phase 83.578ms
[2.265s][info][gc,phases,start] GC(73) Summary Phase
[2.265s][info][gc,phases      ] GC(73) Summary Phase 0.018ms
[2.265s][info][gc,phases,start] GC(73) Adjust Roots
[2.265s][info][gc,phases      ] GC(73) Adjust Roots 0.144ms
[2.265s][info][gc,phases,start] GC(73) Compaction Phase
[2.332s][info][gc,phases      ] GC(73) Compaction Phase 66.361ms
[2.332s][info][gc,phases,start] GC(73) Post Compact
[2.334s][info][gc,phases      ] GC(73) Post Compact 1.925ms
[2.334s][info][gc,heap        ] GC(73) PSYoungGen: 19744K(28160K)->10853K(28160K) Eden: 0K(8192K)->0K(8192K) From: 19744K(19968K)->10853K(19968K)
[2.334s][info][gc,heap        ] GC(73) ParOldGen: 367949K(368128K)->367927K(423424K)
[2.334s][info][gc,metaspace   ] GC(73) Metaspace: 6302K(6464K)->6302K(6464K) NonClass: 5768K(5824K)->5768K(5824K) Class: 533K(640K)->533K(640K)
[2.334s][info][gc             ] GC(73) Pause Full (Ergonomics) 378M->369M(441M) 152.565ms
[2.334s][info][gc,cpu         ] GC(73) User=0.86s Sys=0.02s Real=0.15s
[2.345s][info][gc,start       ] GC(74) Pause Young (Allocation Failure)
[2.369s][info][gc,heap        ] GC(74) PSYoungGen: 19045K(28160K)->14560K(46592K) Eden: 8192K(8192K)->0K(9216K) From: 10853K(19968K)->14560K(37376K)
[2.369s][info][gc,heap        ] GC(74) ParOldGen: 367927K(423424K)->372567K(423424K)
[2.369s][info][gc,metaspace   ] GC(74) Metaspace: 6302K(6464K)->6302K(6464K) NonClass: 5768K(5824K)->5768K(5824K) Class: 533K(640K)->533K(640K)
[2.369s][info][gc             ] GC(74) Pause Young (Allocation Failure) 377M->378M(459M) 24.341ms
[2.369s][info][gc,cpu         ] GC(74) User=0.14s Sys=0.00s Real=0.02s
[2.379s][info][gc,start       ] GC(75) Pause Young (Allocation Failure)
[2.391s][info][gc,heap        ] GC(75) PSYoungGen: 23776K(46592K)->23840K(48128K) Eden: 9216K(9216K)->0K(9216K) From: 14560K(37376K)->23840K(38912K)
[2.391s][info][gc,heap        ] GC(75) ParOldGen: 372567K(423424K)->372567K(423424K)
[2.391s][info][gc,metaspace   ] GC(75) Metaspace: 6302K(6464K)->6302K(6464K) NonClass: 5768K(5824K)->5768K(5824K) Class: 533K(640K)->533K(640K)
[2.391s][info][gc             ] GC(75) Pause Young (Allocation Failure) 387M->387M(460M) 12.201ms
[2.391s][info][gc,cpu         ] GC(75) User=0.02s Sys=0.00s Real=0.01s
[2.402s][info][gc,start       ] GC(76) Pause Young (Allocation Failure)
[2.418s][info][gc,heap        ] GC(76) PSYoungGen: 33056K(48128K)->32992K(46080K) Eden: 9216K(9216K)->0K(7168K) From: 23840K(38912K)->32992K(38912K)
[2.418s][info][gc,heap        ] GC(76) ParOldGen: 372567K(423424K)->372567K(423424K)
[2.418s][info][gc,metaspace   ] GC(76) Metaspace: 6302K(6464K)->6302K(6464K) NonClass: 5768K(5824K)->5768K(5824K) Class: 533K(640K)->533K(640K)
[2.418s][info][gc             ] GC(76) Pause Young (Allocation Failure) 396M->396M(458M) 16.404ms
[2.418s][info][gc,cpu         ] GC(76) User=0.03s Sys=0.00s Real=0.02s
[2.427s][info][gc,start       ] GC(77) Pause Young (Allocation Failure)
[2.446s][info][gc,heap        ] GC(77) PSYoungGen: 40160K(46080K)->33888K(49152K) Eden: 7168K(7168K)->0K(7168K) From: 32992K(38912K)->33888K(41984K)
[2.446s][info][gc,heap        ] GC(77) ParOldGen: 372567K(423424K)->378967K(423424K)
[2.446s][info][gc,metaspace   ] GC(77) Metaspace: 6302K(6464K)->6302K(6464K) NonClass: 5768K(5824K)->5768K(5824K) Class: 533K(640K)->533K(640K)
[2.446s][info][gc             ] GC(77) Pause Young (Allocation Failure) 403M->403M(461M) 18.936ms
[2.446s][info][gc,cpu         ] GC(77) User=0.12s Sys=0.02s Real=0.02s
[2.454s][info][gc,start       ] GC(78) Pause Young (Allocation Failure)
[2.473s][info][gc,heap        ] GC(78) PSYoungGen: 41056K(49152K)->23648K(49152K) Eden: 7168K(7168K)->0K(8192K) From: 33888K(41984K)->23648K(40960K)
[2.473s][info][gc,heap        ] GC(78) ParOldGen: 378967K(423424K)->396575K(423424K)
[2.473s][info][gc,metaspace   ] GC(78) Metaspace: 6302K(6464K)->6302K(6464K) NonClass: 5768K(5824K)->5768K(5824K) Class: 533K(640K)->533K(640K)
[2.473s][info][gc             ] GC(78) Pause Young (Allocation Failure) 410M->410M(461M) 19.605ms
[2.473s][info][gc,cpu         ] GC(78) User=0.12s Sys=0.00s Real=0.02s
[2.482s][info][gc,start       ] GC(79) Pause Young (Allocation Failure)
[2.499s][info][gc,heap        ] GC(79) PSYoungGen: 31840K(49152K)->15488K(51200K) Eden: 8192K(8192K)->0K(8192K) From: 23648K(40960K)->15488K(43008K)
[2.499s][info][gc,heap        ] GC(79) ParOldGen: 396575K(423424K)->413143K(423424K)
[2.499s][info][gc,metaspace   ] GC(79) Metaspace: 6302K(6464K)->6302K(6464K) NonClass: 5768K(5824K)->5768K(5824K) Class: 533K(640K)->533K(640K)
[2.499s][info][gc             ] GC(79) Pause Young (Allocation Failure) 418M->418M(463M) 16.434ms
[2.499s][info][gc,cpu         ] GC(79) User=0.02s Sys=0.00s Real=0.02s
[2.499s][info][gc,start       ] GC(80) Pause Full (Ergonomics)
[2.499s][info][gc,phases,start] GC(80) Marking Phase
[2.594s][info][gc,phases      ] GC(80) Marking Phase 95.477ms
[2.594s][info][gc,phases,start] GC(80) Summary Phase
[2.594s][info][gc,phases      ] GC(80) Summary Phase 0.026ms
[2.594s][info][gc,phases,start] GC(80) Adjust Roots
[2.595s][info][gc,phases      ] GC(80) Adjust Roots 0.162ms
[2.595s][info][gc,phases,start] GC(80) Compaction Phase
[2.642s][info][gc,phases      ] GC(80) Compaction Phase 47.765ms
[2.642s][info][gc,phases,start] GC(80) Post Compact
[2.644s][info][gc,phases      ] GC(80) Post Compact 2.065ms
[2.645s][info][gc,heap        ] GC(80) PSYoungGen: 15488K(51200K)->4569K(51200K) Eden: 0K(8192K)->0K(8192K) From: 15488K(43008K)->4569K(43008K)
[2.645s][info][gc,heap        ] GC(80) ParOldGen: 413143K(423424K)->423173K(482816K)
[2.645s][info][gc,metaspace   ] GC(80) Metaspace: 6302K(6464K)->6302K(6464K) NonClass: 5768K(5824K)->5768K(5824K) Class: 533K(640K)->533K(640K)
[2.645s][info][gc             ] GC(80) Pause Full (Ergonomics) 418M->417M(521M) 146.055ms
[2.645s][info][gc,cpu         ] GC(80) User=0.91s Sys=0.00s Real=0.15s
[2.655s][info][gc,start       ] GC(81) Pause Young (Allocation Failure)
[2.679s][info][gc,heap        ] GC(81) PSYoungGen: 12761K(51200K)->8288K(52224K) Eden: 8192K(8192K)->0K(9728K) From: 4569K(43008K)->8288K(42496K)
[2.679s][info][gc,heap        ] GC(81) ParOldGen: 423173K(482816K)->427829K(482816K)
[2.679s][info][gc,metaspace   ] GC(81) Metaspace: 6302K(6464K)->6302K(6464K) NonClass: 5768K(5824K)->5768K(5824K) Class: 533K(640K)->533K(640K)
[2.680s][info][gc             ] GC(81) Pause Young (Allocation Failure) 425M->425M(522M) 24.909ms
[2.680s][info][gc,cpu         ] GC(81) User=0.12s Sys=0.00s Real=0.03s
[2.690s][info][gc,start       ] GC(82) Pause Young (Allocation Failure)
[2.701s][info][gc,heap        ] GC(82) PSYoungGen: 18016K(52224K)->9856K(52224K) Eden: 9728K(9728K)->0K(9728K) From: 8288K(42496K)->9856K(42496K)
[2.701s][info][gc,heap        ] GC(82) ParOldGen: 427829K(482816K)->436133K(482816K)
[2.701s][info][gc,metaspace   ] GC(82) Metaspace: 6302K(6464K)->6302K(6464K) NonClass: 5768K(5824K)->5768K(5824K) Class: 533K(640K)->533K(640K)
[2.701s][info][gc             ] GC(82) Pause Young (Allocation Failure) 435M->435M(522M) 10.902ms
[2.701s][info][gc,cpu         ] GC(82) User=0.02s Sys=0.00s Real=0.01s
[2.711s][info][gc,start       ] GC(83) Pause Young (Allocation Failure)
[2.722s][info][gc,heap        ] GC(83) PSYoungGen: 19584K(52224K)->9824K(52224K) Eden: 9728K(9728K)->0K(11264K) From: 9856K(42496K)->9824K(40960K)
[2.722s][info][gc,heap        ] GC(83) ParOldGen: 436133K(482816K)->445997K(482816K)
[2.722s][info][gc,metaspace   ] GC(83) Metaspace: 6302K(6464K)->6302K(6464K) NonClass: 5768K(5824K)->5768K(5824K) Class: 533K(640K)->533K(640K)
[2.722s][info][gc             ] GC(83) Pause Young (Allocation Failure) 445M->445M(522M) 11.126ms
[2.722s][info][gc,cpu         ] GC(83) User=0.00s Sys=0.00s Real=0.01s
[2.735s][info][gc,start       ] GC(84) Pause Young (Allocation Failure)
[2.747s][info][gc,heap        ] GC(84) PSYoungGen: 21088K(52224K)->11392K(52736K) Eden: 11264K(11264K)->0K(11264K) From: 9824K(40960K)->11392K(41472K)
[2.748s][info][gc,heap        ] GC(84) ParOldGen: 445997K(482816K)->455853K(482816K)
[2.748s][info][gc,metaspace   ] GC(84) Metaspace: 6302K(6464K)->6302K(6464K) NonClass: 5768K(5824K)->5768K(5824K) Class: 533K(640K)->533K(640K)
[2.748s][info][gc             ] GC(84) Pause Young (Allocation Failure) 456M->456M(523M) 12.243ms
[2.748s][info][gc,cpu         ] GC(84) User=0.02s Sys=0.00s Real=0.01s
[2.761s][info][gc,start       ] GC(85) Pause Young (Allocation Failure)
[2.774s][info][gc,heap        ] GC(85) PSYoungGen: 22656K(52736K)->11392K(50688K) Eden: 11264K(11264K)->0K(12800K) From: 11392K(41472K)->11392K(37888K)
[2.774s][info][gc,heap        ] GC(85) ParOldGen: 455853K(482816K)->467253K(482816K)
[2.774s][info][gc,metaspace   ] GC(85) Metaspace: 6302K(6464K)->6302K(6464K) NonClass: 5768K(5824K)->5768K(5824K) Class: 533K(640K)->533K(640K)
[2.774s][info][gc             ] GC(85) Pause Young (Allocation Failure) 467M->467M(521M) 13.268ms
[2.774s][info][gc,cpu         ] GC(85) User=0.00s Sys=0.00s Real=0.01s
[2.774s][info][gc,start       ] GC(86) Pause Full (Ergonomics)
[2.774s][info][gc,phases,start] GC(86) Marking Phase
[2.872s][info][gc,phases      ] GC(86) Marking Phase 98.582ms
[2.873s][info][gc,phases,start] GC(86) Summary Phase
[2.873s][info][gc,phases      ] GC(86) Summary Phase 0.047ms
[2.873s][info][gc,phases,start] GC(86) Adjust Roots
[2.873s][info][gc,phases      ] GC(86) Adjust Roots 0.239ms
[2.873s][info][gc,phases,start] GC(86) Compaction Phase
[2.919s][info][gc,phases      ] GC(86) Compaction Phase 46.575ms
[2.920s][info][gc,phases,start] GC(86) Post Compact
[2.922s][info][gc,phases      ] GC(86) Post Compact 2.253ms
[2.922s][info][gc,heap        ] GC(86) PSYoungGen: 11392K(50688K)->0K(51712K) Eden: 0K(12800K)->0K(12800K) From: 11392K(37888K)->0K(38912K)
[2.922s][info][gc,heap        ] GC(86) ParOldGen: 467253K(482816K)->477755K(537600K)
[2.922s][info][gc,metaspace   ] GC(86) Metaspace: 6302K(6464K)->6302K(6464K) NonClass: 5768K(5824K)->5768K(5824K) Class: 533K(640K)->533K(640K)
[2.922s][info][gc             ] GC(86) Pause Full (Ergonomics) 467M->466M(575M) 148.363ms
[2.922s][info][gc,cpu         ] GC(86) User=1.00s Sys=0.02s Real=0.15s
[2.937s][info][gc,start       ] GC(87) Pause Young (Allocation Failure)
[2.947s][info][gc,heap        ] GC(87) PSYoungGen: 12800K(51712K)->12896K(50176K) Eden: 12800K(12800K)->0K(14336K) From: 0K(38912K)->12896K(35840K)
[2.947s][info][gc,heap        ] GC(87) ParOldGen: 477755K(537600K)->477755K(537600K)
[2.947s][info][gc,metaspace   ] GC(87) Metaspace: 6302K(6464K)->6302K(6464K) NonClass: 5768K(5824K)->5768K(5824K) Class: 533K(640K)->533K(640K)
[2.947s][info][gc             ] GC(87) Pause Young (Allocation Failure) 479M->479M(574M) 10.363ms
[2.947s][info][gc,cpu         ] GC(87) User=0.00s Sys=0.00s Real=0.01s
[2.963s][info][gc,start       ] GC(88) Pause Young (Allocation Failure)
[2.977s][info][gc,heap        ] GC(88) PSYoungGen: 27232K(50176K)->27264K(51712K) Eden: 14336K(14336K)->0K(14336K) From: 12896K(35840K)->27264K(37376K)
[2.977s][info][gc,heap        ] GC(88) ParOldGen: 477755K(537600K)->477755K(537600K)
[2.977s][info][gc,metaspace   ] GC(88) Metaspace: 6302K(6464K)->6302K(6464K) NonClass: 5768K(5824K)->5768K(5824K) Class: 533K(640K)->533K(640K)
[2.977s][info][gc             ] GC(88) Pause Young (Allocation Failure) 493M->493M(575M) 14.917ms
[2.977s][info][gc,cpu         ] GC(88) User=0.02s Sys=0.00s Real=0.01s
[2.994s][info][gc,start       ] GC(89) Pause Young (Allocation Failure)
[3.015s][info][gc,heap        ] GC(89) PSYoungGen: 41600K(51712K)->39424K(48640K) Eden: 14336K(14336K)->0K(9216K) From: 27264K(37376K)->39424K(39424K)
[3.015s][info][gc,heap        ] GC(89) ParOldGen: 477755K(537600K)->479843K(537600K)
[3.015s][info][gc,metaspace   ] GC(89) Metaspace: 6302K(6464K)->6302K(6464K) NonClass: 5768K(5824K)->5768K(5824K) Class: 533K(640K)->533K(640K)
[3.015s][info][gc             ] GC(89) Pause Young (Allocation Failure) 507M->507M(572M) 20.931ms
[3.015s][info][gc,cpu         ] GC(89) User=0.11s Sys=0.02s Real=0.02s
[3.025s][info][gc,start       ] GC(90) Pause Young (Allocation Failure)
[3.049s][info][gc,heap        ] GC(90) PSYoungGen: 48640K(48640K)->22944K(55296K) Eden: 9216K(9216K)->0K(9216K) From: 39424K(39424K)->22944K(46080K)
[3.049s][info][gc,heap        ] GC(90) ParOldGen: 479843K(537600K)->506011K(537600K)
[3.049s][info][gc,metaspace   ] GC(90) Metaspace: 6302K(6464K)->6302K(6464K) NonClass: 5768K(5824K)->5768K(5824K) Class: 533K(640K)->533K(640K)
[3.049s][info][gc             ] GC(90) Pause Young (Allocation Failure) 516M->516M(579M) 23.796ms
[3.049s][info][gc,cpu         ] GC(90) User=0.11s Sys=0.02s Real=0.02s
[3.060s][info][gc,start       ] GC(91) Pause Young (Allocation Failure)
[3.077s][info][gc,heap        ] GC(91) PSYoungGen: 32160K(55296K)->18560K(51200K) Eden: 9216K(9216K)->0K(10752K) From: 22944K(46080K)->18560K(40448K)
[3.077s][info][gc,heap        ] GC(91) ParOldGen: 506011K(537600K)->519795K(537600K)
[3.077s][info][gc,metaspace   ] GC(91) Metaspace: 6302K(6464K)->6302K(6464K) NonClass: 5768K(5824K)->5768K(5824K) Class: 533K(640K)->533K(640K)
[3.077s][info][gc             ] GC(91) Pause Young (Allocation Failure) 525M->525M(575M) 17.113ms
[3.077s][info][gc,cpu         ] GC(91) User=0.03s Sys=0.00s Real=0.02s
[3.077s][info][gc,start       ] GC(92) Pause Full (Ergonomics)
[3.077s][info][gc,phases,start] GC(92) Marking Phase
[3.203s][info][gc,phases      ] GC(92) Marking Phase 125.276ms
[3.203s][info][gc,phases,start] GC(92) Summary Phase
[3.203s][info][gc,phases      ] GC(92) Summary Phase 0.031ms
[3.203s][info][gc,phases,start] GC(92) Adjust Roots
[3.203s][info][gc,phases      ] GC(92) Adjust Roots 0.149ms
[3.203s][info][gc,phases,start] GC(92) Compaction Phase
[3.250s][info][gc,phases      ] GC(92) Compaction Phase 46.558ms
[3.250s][info][gc,phases,start] GC(92) Post Compact
[3.250s][info][gc,phases      ] GC(92) Post Compact 0.784ms
[3.251s][info][gc,heap        ] GC(92) PSYoungGen: 18560K(51200K)->0K(53248K) Eden: 0K(10752K)->0K(10752K) From: 18560K(40448K)->0K(42496K)
[3.251s][info][gc,heap        ] GC(92) ParOldGen: 519795K(537600K)->537495K(606208K)
[3.251s][info][gc,metaspace   ] GC(92) Metaspace: 6302K(6464K)->6302K(6464K) NonClass: 5768K(5824K)->5768K(5824K) Class: 533K(640K)->533K(640K)
[3.251s][info][gc             ] GC(92) Pause Full (Ergonomics) 525M->524M(644M) 173.320ms
[3.251s][info][gc,cpu         ] GC(92) User=1.11s Sys=0.03s Real=0.17s
[3.262s][info][gc,start       ] GC(93) Pause Young (Allocation Failure)
[3.271s][info][gc,heap        ] GC(93) PSYoungGen: 10752K(53248K)->10880K(53760K) Eden: 10752K(10752K)->0K(12288K) From: 0K(42496K)->10880K(41472K)
[3.271s][info][gc,heap        ] GC(93) ParOldGen: 537495K(606208K)->537495K(606208K)
[3.271s][info][gc,metaspace   ] GC(93) Metaspace: 6302K(6464K)->6302K(6464K) NonClass: 5768K(5824K)->5768K(5824K) Class: 533K(640K)->533K(640K)
[3.271s][info][gc             ] GC(93) Pause Young (Allocation Failure) 535M->535M(644M) 8.747ms
[3.271s][info][gc,cpu         ] GC(93) User=0.00s Sys=0.00s Real=0.01s
[3.285s][info][gc,start       ] GC(94) Pause Young (Allocation Failure)
[3.298s][info][gc,heap        ] GC(94) PSYoungGen: 23168K(53760K)->23136K(54272K) Eden: 12288K(12288K)->0K(12288K) From: 10880K(41472K)->23136K(41984K)
[3.298s][info][gc,heap        ] GC(94) ParOldGen: 537495K(606208K)->537495K(606208K)
[3.298s][info][gc,metaspace   ] GC(94) Metaspace: 6302K(6464K)->6302K(6464K) NonClass: 5768K(5824K)->5768K(5824K) Class: 533K(640K)->533K(640K)
[3.298s][info][gc             ] GC(94) Pause Young (Allocation Failure) 547M->547M(645M) 13.031ms
[3.298s][info][gc,cpu         ] GC(94) User=0.02s Sys=0.00s Real=0.01s
[3.313s][info][gc,start       ] GC(95) Pause Young (Allocation Failure)
[3.331s][info][gc,heap        ] GC(95) PSYoungGen: 35424K(54272K)->35424K(51200K) Eden: 12288K(12288K)->0K(10240K) From: 23136K(41984K)->35424K(40960K)
[3.331s][info][gc,heap        ] GC(95) ParOldGen: 537495K(606208K)->537495K(606208K)
[3.331s][info][gc,metaspace   ] GC(95) Metaspace: 6302K(6464K)->6302K(6464K) NonClass: 5768K(5824K)->5768K(5824K) Class: 533K(640K)->533K(640K)
[3.331s][info][gc             ] GC(95) Pause Young (Allocation Failure) 559M->559M(642M) 17.893ms
[3.331s][info][gc,cpu         ] GC(95) User=0.12s Sys=0.00s Real=0.02s
[3.343s][info][gc,start       ] GC(96) Pause Young (Allocation Failure)
[3.366s][info][gc,heap        ] GC(96) PSYoungGen: 45664K(51200K)->34912K(54784K) Eden: 10240K(10240K)->0K(10240K) From: 35424K(40960K)->34912K(44544K)
[3.366s][info][gc,heap        ] GC(96) ParOldGen: 537495K(606208K)->548407K(606208K)
[3.366s][info][gc,metaspace   ] GC(96) Metaspace: 6302K(6464K)->6302K(6464K) NonClass: 5768K(5824K)->5768K(5824K) Class: 533K(640K)->533K(640K)
[3.366s][info][gc             ] GC(96) Pause Young (Allocation Failure) 569M->569M(645M) 22.815ms
[3.366s][info][gc,cpu         ] GC(96) User=0.14s Sys=0.00s Real=0.02s
[3.378s][info][gc,start       ] GC(97) Pause Young (Allocation Failure)
[3.401s][info][gc,heap        ] GC(97) PSYoungGen: 45152K(54784K)->32864K(57856K) Eden: 10240K(10240K)->0K(10240K) From: 34912K(44544K)->32864K(47616K)
[3.401s][info][gc,heap        ] GC(97) ParOldGen: 548407K(606208K)->560871K(606208K)
[3.401s][info][gc,metaspace   ] GC(97) Metaspace: 6302K(6464K)->6302K(6464K) NonClass: 5768K(5824K)->5768K(5824K) Class: 533K(640K)->533K(640K)
[3.401s][info][gc             ] GC(97) Pause Young (Allocation Failure) 579M->579M(648M) 22.654ms
[3.401s][info][gc,cpu         ] GC(97) User=0.14s Sys=0.00s Real=0.02s
[3.414s][info][gc,start       ] GC(98) Pause Young (Allocation Failure)
[3.436s][info][gc,heap        ] GC(98) PSYoungGen: 43104K(57856K)->30848K(59392K) Eden: 10240K(10240K)->0K(10240K) From: 32864K(47616K)->30848K(49152K)
[3.436s][info][gc,heap        ] GC(98) ParOldGen: 560871K(606208K)->573327K(606208K)
[3.436s][info][gc,metaspace   ] GC(98) Metaspace: 6302K(6464K)->6302K(6464K) NonClass: 5768K(5824K)->5768K(5824K) Class: 533K(640K)->533K(640K)
[3.436s][info][gc             ] GC(98) Pause Young (Allocation Failure) 589M->590M(650M) 22.126ms
[3.436s][info][gc,cpu         ] GC(98) User=0.12s Sys=0.00s Real=0.02s
[3.449s][info][gc,start       ] GC(99) Pause Young (Allocation Failure)
[3.470s][info][gc,heap        ] GC(99) PSYoungGen: 41088K(59392K)->20608K(56832K) Eden: 10240K(10240K)->0K(11776K) From: 30848K(49152K)->20608K(45056K)
[3.471s][info][gc,heap        ] GC(99) ParOldGen: 573327K(606208K)->594063K(606208K)
[3.471s][info][gc,metaspace   ] GC(99) Metaspace: 6302K(6464K)->6302K(6464K) NonClass: 5768K(5824K)->5768K(5824K) Class: 533K(640K)->533K(640K)
[3.471s][info][gc             ] GC(99) Pause Young (Allocation Failure) 600M->600M(647M) 21.378ms
[3.471s][info][gc,cpu         ] GC(99) User=0.12s Sys=0.00s Real=0.02s
[3.471s][info][gc,start       ] GC(100) Pause Full (Ergonomics)
[3.471s][info][gc,phases,start] GC(100) Marking Phase
[3.593s][info][gc,phases      ] GC(100) Marking Phase 122.024ms
[3.593s][info][gc,phases,start] GC(100) Summary Phase
[3.593s][info][gc,phases      ] GC(100) Summary Phase 0.020ms
[3.593s][info][gc,phases,start] GC(100) Adjust Roots
[3.593s][info][gc,phases      ] GC(100) Adjust Roots 0.162ms
[3.593s][info][gc,phases,start] GC(100) Compaction Phase
[3.644s][info][gc,phases      ] GC(100) Compaction Phase 51.439ms
[3.644s][info][gc,phases,start] GC(100) Post Compact
[3.646s][info][gc,phases      ] GC(100) Post Compact 1.218ms
[3.646s][info][gc,heap        ] GC(100) PSYoungGen: 20608K(56832K)->7648K(58368K) Eden: 0K(11776K)->0K(13312K) From: 20608K(45056K)->7648K(45056K)
[3.646s][info][gc,heap        ] GC(100) ParOldGen: 594063K(606208K)->605925K(680448K)
[3.646s][info][gc,metaspace   ] GC(100) Metaspace: 6302K(6464K)->6302K(6464K) NonClass: 5768K(5824K)->5768K(5824K) Class: 533K(640K)->533K(640K)
[3.646s][info][gc             ] GC(100) Pause Full (Ergonomics) 600M->599M(721M) 175.449ms
[3.646s][info][gc,cpu         ] GC(100) User=1.20s Sys=0.02s Real=0.18s
[3.662s][info][gc,start       ] GC(101) Pause Young (Allocation Failure)
[3.699s][info][gc,heap        ] GC(101) PSYoungGen: 20960K(58368K)->13440K(60416K) Eden: 13312K(13312K)->0K(13312K) From: 7648K(45056K)->13440K(47104K)
[3.699s][info][gc,heap        ] GC(101) ParOldGen: 605925K(680448K)->613709K(680448K)
[3.699s][info][gc,metaspace   ] GC(101) Metaspace: 6302K(6464K)->6302K(6464K) NonClass: 5768K(5824K)->5768K(5824K) Class: 533K(640K)->533K(640K)
[3.699s][info][gc             ] GC(101) Pause Young (Allocation Failure) 612M->612M(723M) 36.934ms
[3.699s][info][gc,cpu         ] GC(101) User=0.14s Sys=0.00s Real=0.04s
[3.715s][info][gc,start       ] GC(102) Pause Young (Allocation Failure)
[3.733s][info][gc,heap        ] GC(102) PSYoungGen: 26752K(60416K)->13408K(61440K) Eden: 13312K(13312K)->0K(15360K) From: 13440K(47104K)->13408K(46080K)
[3.733s][info][gc,heap        ] GC(102) ParOldGen: 613709K(680448K)->627229K(680448K)
[3.733s][info][gc,metaspace   ] GC(102) Metaspace: 6302K(6464K)->6302K(6464K) NonClass: 5768K(5824K)->5768K(5824K) Class: 533K(640K)->533K(640K)
[3.733s][info][gc             ] GC(102) Pause Young (Allocation Failure) 625M->625M(724M) 17.585ms
[3.733s][info][gc,cpu         ] GC(102) User=0.05s Sys=0.00s Real=0.02s
[3.752s][info][gc,start       ] GC(103) Pause Young (Allocation Failure)
[3.769s][info][gc,heap        ] GC(103) PSYoungGen: 28768K(61440K)->15488K(61440K) Eden: 15360K(15360K)->0K(15360K) From: 13408K(46080K)->15488K(46080K)
[3.769s][info][gc,heap        ] GC(103) ParOldGen: 627229K(680448K)->640725K(680448K)
[3.769s][info][gc,metaspace   ] GC(103) Metaspace: 6302K(6464K)->6302K(6464K) NonClass: 5768K(5824K)->5768K(5824K) Class: 533K(640K)->533K(640K)
[3.769s][info][gc             ] GC(103) Pause Young (Allocation Failure) 640M->640M(724M) 16.958ms
[3.769s][info][gc,cpu         ] GC(103) User=0.03s Sys=0.00s Real=0.02s
[3.787s][info][gc,start       ] GC(104) Pause Young (Allocation Failure)
[3.806s][info][gc,heap        ] GC(104) PSYoungGen: 30848K(61440K)->15520K(60416K) Eden: 15360K(15360K)->0K(17408K) From: 15488K(46080K)->15520K(43008K)
[3.806s][info][gc,heap        ] GC(104) ParOldGen: 640725K(680448K)->656309K(680448K)
[3.806s][info][gc,metaspace   ] GC(104) Metaspace: 6302K(6464K)->6302K(6464K) NonClass: 5768K(5824K)->5768K(5824K) Class: 533K(640K)->533K(640K)
[3.806s][info][gc             ] GC(104) Pause Young (Allocation Failure) 655M->656M(723M) 19.010ms
[3.806s][info][gc,cpu         ] GC(104) User=0.03s Sys=0.02s Real=0.02s
[3.806s][info][gc,start       ] GC(105) Pause Full (Ergonomics)
[3.806s][info][gc,phases,start] GC(105) Marking Phase
[3.959s][info][gc,phases      ] GC(105) Marking Phase 153.071ms
[3.959s][info][gc,phases,start] GC(105) Summary Phase
[3.959s][info][gc,phases      ] GC(105) Summary Phase 0.025ms
[3.959s][info][gc,phases,start] GC(105) Adjust Roots
[3.960s][info][gc,phases      ] GC(105) Adjust Roots 0.164ms
[3.960s][info][gc,phases,start] GC(105) Compaction Phase
[4.015s][info][gc,phases      ] GC(105) Compaction Phase 55.030ms
[4.015s][info][gc,phases,start] GC(105) Post Compact
[4.016s][info][gc,phases      ] GC(105) Post Compact 0.980ms
[4.016s][info][gc,heap        ] GC(105) PSYoungGen: 15520K(60416K)->0K(60928K) Eden: 0K(17408K)->0K(17408K) From: 15520K(43008K)->0K(43520K)
[4.016s][info][gc,heap        ] GC(105) ParOldGen: 656309K(680448K)->670797K(749568K)
[4.016s][info][gc,metaspace   ] GC(105) Metaspace: 6302K(6464K)->6302K(6464K) NonClass: 5768K(5824K)->5768K(5824K) Class: 533K(640K)->533K(640K)
[4.016s][info][gc             ] GC(105) Pause Full (Ergonomics) 656M->655M(791M) 209.762ms
[4.016s][info][gc,cpu         ] GC(105) User=1.56s Sys=0.00s Real=0.21s
[4.037s][info][gc,start       ] GC(106) Pause Young (Allocation Failure)
[4.049s][info][gc,heap        ] GC(106) PSYoungGen: 17408K(60928K)->17536K(57856K) Eden: 17408K(17408K)->0K(18944K) From: 0K(43520K)->17536K(38912K)
[4.049s][info][gc,heap        ] GC(106) ParOldGen: 670797K(749568K)->670797K(749568K)
[4.049s][info][gc,metaspace   ] GC(106) Metaspace: 6302K(6464K)->6302K(6464K) NonClass: 5768K(5824K)->5768K(5824K) Class: 533K(640K)->533K(640K)
[4.049s][info][gc             ] GC(106) Pause Young (Allocation Failure) 672M->672M(788M) 11.987ms
[4.049s][info][gc,cpu         ] GC(106) User=0.02s Sys=0.00s Real=0.01s
[4.252s][info][gc,start       ] GC(107) Pause Young (Allocation Failure)
[4.286s][info][gc,heap        ] GC(107) PSYoungGen: 36480K(57856K)->36480K(60416K) Eden: 18944K(18944K)->0K(18944K) From: 17536K(38912K)->36480K(41472K)
[4.286s][info][gc,heap        ] GC(107) ParOldGen: 703565K(749568K)->703565K(749568K)
[4.286s][info][gc,metaspace   ] GC(107) Metaspace: 6302K(6464K)->6302K(6464K) NonClass: 5768K(5824K)->5768K(5824K) Class: 533K(640K)->533K(640K)
[4.286s][info][gc             ] GC(107) Pause Young (Allocation Failure) 722M->722M(791M) 34.418ms
[4.286s][info][gc,cpu         ] GC(107) User=0.19s Sys=0.00s Real=0.03s
[4.307s][info][gc,start       ] GC(108) Pause Young (Allocation Failure)
[4.335s][info][gc,heap        ] GC(108) PSYoungGen: 55424K(60416K)->45568K(56320K) Eden: 18944K(18944K)->0K(10752K) From: 36480K(41472K)->45568K(45568K)
[4.335s][info][gc,heap        ] GC(108) ParOldGen: 703565K(749568K)->713453K(749568K)
[4.335s][info][gc,metaspace   ] GC(108) Metaspace: 6302K(6464K)->6302K(6464K) NonClass: 5768K(5824K)->5768K(5824K) Class: 533K(640K)->533K(640K)
[4.335s][info][gc             ] GC(108) Pause Young (Allocation Failure) 741M->741M(787M) 28.873ms
[4.335s][info][gc,cpu         ] GC(108) User=0.05s Sys=0.00s Real=0.03s
[4.347s][info][gc,start       ] GC(109) Pause Young (Allocation Failure)
[4.375s][info][gc,heap        ] GC(109) PSYoungGen: 56320K(56320K)->25248K(36352K) Eden: 10752K(10752K)->0K(10752K) From: 45568K(45568K)->25248K(25600K)
[4.375s][info][gc,heap        ] GC(109) ParOldGen: 713453K(749568K)->745053K(749568K)
[4.375s][info][gc,metaspace   ] GC(109) Metaspace: 6302K(6464K)->6302K(6464K) NonClass: 5768K(5824K)->5768K(5824K) Class: 533K(640K)->533K(640K)
[4.376s][info][gc             ] GC(109) Pause Young (Allocation Failure) 751M->752M(767M) 28.243ms
[4.376s][info][gc,cpu         ] GC(109) User=0.11s Sys=0.03s Real=0.03s
[4.376s][info][gc,start       ] GC(110) Pause Full (Ergonomics)
[4.376s][info][gc,phases,start] GC(110) Marking Phase
[4.535s][info][gc,phases      ] GC(110) Marking Phase 159.302ms
[4.535s][info][gc,phases,start] GC(110) Summary Phase
[4.535s][info][gc,phases      ] GC(110) Summary Phase 0.023ms
[4.535s][info][gc,phases,start] GC(110) Adjust Roots
[4.535s][info][gc,phases      ] GC(110) Adjust Roots 0.177ms
[4.535s][info][gc,phases,start] GC(110) Compaction Phase
[4.657s][info][gc,phases      ] GC(110) Compaction Phase 121.392ms
[4.657s][info][gc,phases,start] GC(110) Post Compact
[4.658s][info][gc,phases      ] GC(110) Post Compact 1.478ms
[4.659s][info][gc,heap        ] GC(110) PSYoungGen: 25248K(36352K)->3621K(36352K) Eden: 0K(10752K)->0K(10752K) From: 25248K(25600K)->3621K(25600K)
[4.659s][info][gc,heap        ] GC(110) ParOldGen: 745053K(749568K)->749482K(838144K)
[4.659s][info][gc,metaspace   ] GC(110) Metaspace: 6302K(6464K)->6302K(6464K) NonClass: 5768K(5824K)->5768K(5824K) Class: 533K(640K)->533K(640K)
[4.659s][info][gc             ] GC(110) Pause Full (Ergonomics) 752M->735M(854M) 282.973ms
[4.659s][info][gc,cpu         ] GC(110) User=1.80s Sys=0.02s Real=0.28s
[4.672s][info][gc,start       ] GC(111) Pause Young (Allocation Failure)
[4.712s][info][gc,heap        ] GC(111) PSYoungGen: 14373K(36352K)->13408K(62976K) Eden: 10752K(10752K)->0K(12288K) From: 3621K(25600K)->13408K(50688K)
[4.712s][info][gc,heap        ] GC(111) ParOldGen: 749482K(838144K)->750658K(838144K)
[4.712s][info][gc,metaspace   ] GC(111) Metaspace: 6302K(6464K)->6302K(6464K) NonClass: 5768K(5824K)->5768K(5824K) Class: 533K(640K)->533K(640K)
[4.712s][info][gc             ] GC(111) Pause Young (Allocation Failure) 745M->746M(880M) 40.307ms
[4.712s][info][gc,cpu         ] GC(111) User=0.16s Sys=0.00s Real=0.04s
[4.726s][info][gc,start       ] GC(112) Pause Young (Allocation Failure)
[4.744s][info][gc,heap        ] GC(112) PSYoungGen: 25696K(62976K)->25632K(38400K) Eden: 12288K(12288K)->0K(12288K) From: 13408K(50688K)->25632K(26112K)
[4.744s][info][gc,heap        ] GC(112) ParOldGen: 750658K(838144K)->750658K(838144K)
[4.744s][info][gc,metaspace   ] GC(112) Metaspace: 6302K(6464K)->6302K(6464K) NonClass: 5768K(5824K)->5768K(5824K) Class: 533K(640K)->533K(640K)
[4.744s][info][gc             ] GC(112) Pause Young (Allocation Failure) 758M->758M(856M) 18.179ms
[4.744s][info][gc,cpu         ] GC(112) User=0.03s Sys=0.00s Real=0.02s
[4.758s][info][gc,start       ] GC(113) Pause Young (Allocation Failure)
[4.779s][info][gc,heap        ] GC(113) PSYoungGen: 37920K(38400K)->37952K(60928K) Eden: 12288K(12288K)->0K(11264K) From: 25632K(26112K)->37952K(49664K)
[4.779s][info][gc,heap        ] GC(113) ParOldGen: 750658K(838144K)->750658K(838144K)
[4.779s][info][gc,metaspace   ] GC(113) Metaspace: 6302K(6464K)->6302K(6464K) NonClass: 5768K(5824K)->5768K(5824K) Class: 533K(640K)->533K(640K)
[4.779s][info][gc             ] GC(113) Pause Young (Allocation Failure) 770M->770M(878M) 21.258ms
[4.779s][info][gc,cpu         ] GC(113) User=0.02s Sys=0.00s Real=0.02s
[4.791s][info][gc,start       ] GC(114) Pause Young (Allocation Failure)
[4.816s][info][gc,heap        ] GC(114) PSYoungGen: 49216K(60928K)->46720K(63488K) Eden: 11264K(11264K)->0K(11264K) From: 37952K(49664K)->46720K(52224K)
[4.816s][info][gc,heap        ] GC(114) ParOldGen: 750658K(838144K)->753210K(838144K)
[4.816s][info][gc,metaspace   ] GC(114) Metaspace: 6302K(6464K)->6302K(6464K) NonClass: 5768K(5824K)->5768K(5824K) Class: 533K(640K)->533K(640K)
[4.816s][info][gc             ] GC(114) Pause Young (Allocation Failure) 781M->781M(880M) 24.902ms
[4.816s][info][gc,cpu         ] GC(114) User=0.03s Sys=0.00s Real=0.02s
[4.828s][info][gc,start       ] GC(115) Pause Young (Allocation Failure)
[4.856s][info][gc,heap        ] GC(115) PSYoungGen: 57984K(63488K)->47264K(66048K) Eden: 11264K(11264K)->0K(8704K) From: 46720K(52224K)->47264K(57344K)
[4.856s][info][gc,heap        ] GC(115) ParOldGen: 753210K(838144K)->764106K(838144K)
[4.856s][info][gc,metaspace   ] GC(115) Metaspace: 6302K(6464K)->6302K(6464K) NonClass: 5768K(5824K)->5768K(5824K) Class: 533K(640K)->533K(640K)
[4.856s][info][gc             ] GC(115) Pause Young (Allocation Failure) 792M->792M(883M) 28.359ms
[4.856s][info][gc,cpu         ] GC(115) User=0.14s Sys=0.00s Real=0.03s
[4.866s][info][gc,start       ] GC(116) Pause Young (Allocation Failure)
[4.895s][info][gc,heap        ] GC(116) PSYoungGen: 55968K(66048K)->31360K(40448K) Eden: 8704K(8704K)->0K(8704K) From: 47264K(57344K)->31360K(31744K)
[4.895s][info][gc,heap        ] GC(116) ParOldGen: 764106K(838144K)->788994K(838144K)
[4.895s][info][gc,metaspace   ] GC(116) Metaspace: 6302K(6464K)->6302K(6464K) NonClass: 5768K(5824K)->5768K(5824K) Class: 533K(640K)->533K(640K)
[4.895s][info][gc             ] GC(116) Pause Young (Allocation Failure) 800M->801M(858M) 28.446ms
[4.895s][info][gc,cpu         ] GC(116) User=0.25s Sys=0.00s Real=0.03s
[4.903s][info][gc,start       ] GC(117) Pause Young (Allocation Failure)
[4.924s][info][gc,heap        ] GC(117) PSYoungGen: 40064K(40448K)->17568K(68096K) Eden: 8704K(8704K)->0K(10240K) From: 31360K(31744K)->17568K(57856K)
[4.924s][info][gc,heap        ] GC(117) ParOldGen: 788994K(838144K)->811778K(838144K)
[4.924s][info][gc,metaspace   ] GC(117) Metaspace: 6302K(6464K)->6302K(6464K) NonClass: 5768K(5824K)->5768K(5824K) Class: 533K(640K)->533K(640K)
[4.924s][info][gc             ] GC(117) Pause Young (Allocation Failure) 809M->809M(885M) 21.526ms
[4.925s][info][gc,cpu         ] GC(117) User=0.03s Sys=0.00s Real=0.02s
[4.925s][info][gc,start       ] GC(118) Pause Full (Ergonomics)
[4.925s][info][gc,phases,start] GC(118) Marking Phase
[5.108s][info][gc,phases      ] GC(118) Marking Phase 182.924ms
[5.108s][info][gc,phases,start] GC(118) Summary Phase
[5.108s][info][gc,phases      ] GC(118) Summary Phase 0.028ms
[5.108s][info][gc,phases,start] GC(118) Adjust Roots
[5.108s][info][gc,phases      ] GC(118) Adjust Roots 0.181ms
[5.108s][info][gc,phases,start] GC(118) Compaction Phase
[5.186s][info][gc,phases      ] GC(118) Compaction Phase 78.404ms
[5.186s][info][gc,phases,start] GC(118) Post Compact
[5.188s][info][gc,phases      ] GC(118) Post Compact 1.488ms
[5.188s][info][gc,heap        ] GC(118) PSYoungGen: 17568K(68096K)->0K(68608K) Eden: 0K(10240K)->0K(10240K) From: 17568K(57856K)->0K(58368K)
[5.188s][info][gc,heap        ] GC(118) ParOldGen: 811778K(838144K)->828150K(926720K)
[5.188s][info][gc,metaspace   ] GC(118) Metaspace: 6302K(6464K)->6302K(6464K) NonClass: 5768K(5824K)->5768K(5824K) Class: 533K(640K)->533K(640K)
[5.188s][info][gc             ] GC(118) Pause Full (Ergonomics) 809M->808M(972M) 263.767ms
[5.188s][info][gc,cpu         ] GC(118) User=1.89s Sys=0.02s Real=0.26s
[5.200s][info][gc,start       ] GC(119) Pause Young (Allocation Failure)
[5.213s][info][gc,heap        ] GC(119) PSYoungGen: 10240K(68608K)->10304K(69120K) Eden: 10240K(10240K)->0K(11264K) From: 0K(58368K)->10304K(57856K)
[5.213s][info][gc,heap        ] GC(119) ParOldGen: 828150K(926720K)->828150K(926720K)
[5.213s][info][gc,metaspace   ] GC(119) Metaspace: 6302K(6464K)->6302K(6464K) NonClass: 5768K(5824K)->5768K(5824K) Class: 533K(640K)->533K(640K)
[5.213s][info][gc             ] GC(119) Pause Young (Allocation Failure) 818M->818M(972M) 13.257ms
[5.213s][info][gc,cpu         ] GC(119) User=0.02s Sys=0.00s Real=0.01s
[5.226s][info][gc,start       ] GC(120) Pause Young (Allocation Failure)
[5.242s][info][gc,heap        ] GC(120) PSYoungGen: 21568K(69120K)->11392K(69632K) Eden: 11264K(11264K)->0K(11264K) From: 10304K(57856K)->11392K(58368K)
[5.242s][info][gc,heap        ] GC(120) ParOldGen: 828150K(926720K)->838526K(926720K)
[5.242s][info][gc,metaspace   ] GC(120) Metaspace: 6302K(6464K)->6302K(6464K) NonClass: 5768K(5824K)->5768K(5824K) Class: 533K(640K)->533K(640K)
[5.242s][info][gc             ] GC(120) Pause Young (Allocation Failure) 829M->829M(973M) 15.932ms
[5.242s][info][gc,cpu         ] GC(120) User=0.02s Sys=0.00s Real=0.02s
[5.255s][info][gc,start       ] GC(121) Pause Young (Allocation Failure)
[5.270s][info][gc,heap        ] GC(121) PSYoungGen: 22656K(69632K)->11424K(68608K) Eden: 11264K(11264K)->0K(12800K) From: 11392K(58368K)->11424K(55808K)
[5.270s][info][gc,heap        ] GC(121) ParOldGen: 838526K(926720K)->849942K(926720K)
[5.270s][info][gc,metaspace   ] GC(121) Metaspace: 6302K(6464K)->6302K(6464K) NonClass: 5768K(5824K)->5768K(5824K) Class: 533K(640K)->533K(640K)
[5.270s][info][gc             ] GC(121) Pause Young (Allocation Failure) 840M->841M(972M) 15.703ms
[5.270s][info][gc,cpu         ] GC(121) User=0.02s Sys=0.00s Real=0.02s
[5.284s][info][gc,start       ] GC(122) Pause Young (Allocation Failure)
[5.302s][info][gc,heap        ] GC(122) PSYoungGen: 24224K(68608K)->12960K(69632K) Eden: 12800K(12800K)->0K(12800K) From: 11424K(55808K)->12960K(56832K)
[5.302s][info][gc,heap        ] GC(122) ParOldGen: 849942K(926720K)->861366K(926720K)
[5.302s][info][gc,metaspace   ] GC(122) Metaspace: 6302K(6464K)->6302K(6464K) NonClass: 5768K(5824K)->5768K(5824K) Class: 533K(640K)->533K(640K)
[5.302s][info][gc             ] GC(122) Pause Young (Allocation Failure) 853M->853M(973M) 17.330ms
[5.302s][info][gc,cpu         ] GC(122) User=0.03s Sys=0.00s Real=0.02s
[5.316s][info][gc,start       ] GC(123) Pause Young (Allocation Failure)
[5.333s][info][gc,heap        ] GC(123) PSYoungGen: 25760K(69632K)->12928K(67072K) Eden: 12800K(12800K)->0K(14336K) From: 12960K(56832K)->12928K(52736K)
[5.333s][info][gc,heap        ] GC(123) ParOldGen: 861366K(926720K)->874342K(926720K)
[5.333s][info][gc,metaspace   ] GC(123) Metaspace: 6302K(6464K)->6302K(6464K) NonClass: 5768K(5824K)->5768K(5824K) Class: 533K(640K)->533K(640K)
[5.333s][info][gc             ] GC(123) Pause Young (Allocation Failure) 866M->866M(970M) 16.809ms
[5.333s][info][gc,cpu         ] GC(123) User=0.03s Sys=0.00s Real=0.02s
[5.349s][info][gc,start       ] GC(124) Pause Young (Allocation Failure)
[5.367s][info][gc,heap        ] GC(124) PSYoungGen: 27264K(67072K)->14496K(68608K) Eden: 14336K(14336K)->0K(14336K) From: 12928K(52736K)->14496K(54272K)
[5.367s][info][gc,heap        ] GC(124) ParOldGen: 874342K(926720K)->887302K(926720K)
[5.367s][info][gc,metaspace   ] GC(124) Metaspace: 6302K(6464K)->6302K(6464K) NonClass: 5768K(5824K)->5768K(5824K) Class: 533K(640K)->533K(640K)
[5.367s][info][gc             ] GC(124) Pause Young (Allocation Failure) 880M->880M(972M) 17.786ms
[5.367s][info][gc,cpu         ] GC(124) User=0.05s Sys=0.00s Real=0.02s
[5.383s][info][gc,start       ] GC(125) Pause Young (Allocation Failure)
[5.401s][info][gc,heap        ] GC(125) PSYoungGen: 28832K(68608K)->14432K(64512K) Eden: 14336K(14336K)->0K(16384K) From: 14496K(54272K)->14432K(48128K)
[5.401s][info][gc,heap        ] GC(125) ParOldGen: 887302K(926720K)->901822K(926720K)
[5.401s][info][gc,metaspace   ] GC(125) Metaspace: 6302K(6464K)->6302K(6464K) NonClass: 5768K(5824K)->5768K(5824K) Class: 533K(640K)->533K(640K)
[5.401s][info][gc             ] GC(125) Pause Young (Allocation Failure) 894M->894M(968M) 18.292ms
[5.401s][info][gc,cpu         ] GC(125) User=0.03s Sys=0.00s Real=0.02s
[5.401s][info][gc,start       ] GC(126) Pause Full (Ergonomics)
[5.401s][info][gc,phases,start] GC(126) Marking Phase
[5.610s][info][gc,phases      ] GC(126) Marking Phase 209.126ms
[5.611s][info][gc,phases,start] GC(126) Summary Phase
[5.611s][info][gc,phases      ] GC(126) Summary Phase 0.028ms
[5.611s][info][gc,phases,start] GC(126) Adjust Roots
[5.611s][info][gc,phases      ] GC(126) Adjust Roots 0.146ms
[5.611s][info][gc,phases,start] GC(126) Compaction Phase
[5.697s][info][gc,phases      ] GC(126) Compaction Phase 85.836ms
[5.697s][info][gc,phases,start] GC(126) Post Compact
[5.698s][info][gc,phases      ] GC(126) Post Compact 1.541ms
[5.699s][info][gc,heap        ] GC(126) PSYoungGen: 14432K(64512K)->0K(66560K) Eden: 0K(16384K)->0K(16384K) From: 14432K(48128K)->0K(50176K)
[5.699s][info][gc,heap        ] GC(126) ParOldGen: 901822K(926720K)->914966K(1013248K)
[5.699s][info][gc,metaspace   ] GC(126) Metaspace: 6302K(6464K)->6302K(6464K) NonClass: 5768K(5824K)->5768K(5824K) Class: 533K(640K)->533K(640K)
[5.699s][info][gc             ] GC(126) Pause Full (Ergonomics) 894M->893M(1054M) 297.274ms
[5.699s][info][gc,cpu         ] GC(126) User=2.12s Sys=0.00s Real=0.30s
[5.717s][info][gc,start       ] GC(127) Pause Young (Allocation Failure)
[5.732s][info][gc,heap        ] GC(127) PSYoungGen: 16384K(66560K)->16512K(63488K) Eden: 16384K(16384K)->0K(18432K) From: 0K(50176K)->16512K(45056K)
[5.732s][info][gc,heap        ] GC(127) ParOldGen: 914966K(1013248K)->914966K(1013248K)
[5.732s][info][gc,metaspace   ] GC(127) Metaspace: 6302K(6464K)->6302K(6464K) NonClass: 5768K(5824K)->5768K(5824K) Class: 533K(640K)->533K(640K)
[5.732s][info][gc             ] GC(127) Pause Young (Allocation Failure) 909M->909M(1051M) 14.684ms
[5.732s][info][gc,cpu         ] GC(127) User=0.02s Sys=0.00s Real=0.02s
[5.753s][info][gc,start       ] GC(128) Pause Young (Allocation Failure)
[5.773s][info][gc,heap        ] GC(128) PSYoungGen: 34944K(63488K)->34976K(66048K) Eden: 18432K(18432K)->0K(18432K) From: 16512K(45056K)->34976K(47616K)
[5.773s][info][gc,heap        ] GC(128) ParOldGen: 914966K(1013248K)->914966K(1013248K)
[5.773s][info][gc,metaspace   ] GC(128) Metaspace: 6302K(6464K)->6302K(6464K) NonClass: 5768K(5824K)->5768K(5824K) Class: 533K(640K)->533K(640K)
[5.773s][info][gc             ] GC(128) Pause Young (Allocation Failure) 927M->927M(1054M) 19.634ms
[5.773s][info][gc,cpu         ] GC(128) User=0.02s Sys=0.00s Real=0.02s
[5.794s][info][gc,start       ] GC(129) Pause Young (Allocation Failure)
[5.821s][info][gc,heap        ] GC(129) PSYoungGen: 53408K(66048K)->50688K(62464K) Eden: 18432K(18432K)->0K(11776K) From: 34976K(47616K)->50688K(50688K)
[5.821s][info][gc,heap        ] GC(129) ParOldGen: 914966K(1013248K)->917606K(1013248K)
[5.821s][info][gc,metaspace   ] GC(129) Metaspace: 6302K(6464K)->6302K(6464K) NonClass: 5768K(5824K)->5768K(5824K) Class: 533K(640K)->533K(640K)
[5.821s][info][gc             ] GC(129) Pause Young (Allocation Failure) 945M->945M(1050M) 26.877ms
[5.821s][info][gc,cpu         ] GC(129) User=0.12s Sys=0.00s Real=0.03s
[5.834s][info][gc,start       ] GC(130) Pause Young (Allocation Failure)
[5.866s][info][gc,heap        ] GC(130) PSYoungGen: 62464K(62464K)->29632K(71168K) Eden: 11776K(11776K)->0K(11776K) From: 50688K(50688K)->29632K(59392K)
[5.866s][info][gc,heap        ] GC(130) ParOldGen: 917606K(1013248K)->950966K(1013248K)
[5.866s][info][gc,metaspace   ] GC(130) Metaspace: 6302K(6464K)->6302K(6464K) NonClass: 5768K(5824K)->5768K(5824K) Class: 533K(640K)->533K(640K)
[5.866s][info][gc             ] GC(130) Pause Young (Allocation Failure) 957M->957M(1059M) 31.333ms
[5.866s][info][gc,cpu         ] GC(130) User=0.25s Sys=0.00s Real=0.03s
[5.879s][info][gc,start       ] GC(131) Pause Young (Allocation Failure)
[5.901s][info][gc,heap        ] GC(131) PSYoungGen: 41408K(71168K)->23680K(65024K) Eden: 11776K(11776K)->0K(13312K) From: 29632K(59392K)->23680K(51712K)
[5.901s][info][gc,heap        ] GC(131) ParOldGen: 950966K(1013248K)->968942K(1013248K)
[5.901s][info][gc,metaspace   ] GC(131) Metaspace: 6302K(6464K)->6302K(6464K) NonClass: 5768K(5824K)->5768K(5824K) Class: 533K(640K)->533K(640K)
[5.901s][info][gc             ] GC(131) Pause Young (Allocation Failure) 969M->969M(1053M) 21.644ms
[5.901s][info][gc,cpu         ] GC(131) User=0.12s Sys=0.02s Real=0.02s
[5.917s][info][gc,start       ] GC(132) Pause Young (Allocation Failure)
[5.937s][info][gc,heap        ] GC(132) PSYoungGen: 36992K(65024K)->25216K(38912K) Eden: 13312K(13312K)->0K(13312K) From: 23680K(51712K)->25216K(25600K)
[5.937s][info][gc,heap        ] GC(132) ParOldGen: 968942K(1013248K)->980878K(1013248K)
[5.937s][info][gc,metaspace   ] GC(132) Metaspace: 6302K(6464K)->6302K(6464K) NonClass: 5768K(5824K)->5768K(5824K) Class: 533K(640K)->533K(640K)
[5.937s][info][gc             ] GC(132) Pause Young (Allocation Failure) 982M->982M(1027M) 20.501ms
[5.937s][info][gc,cpu         ] GC(132) User=0.11s Sys=0.02s Real=0.02s
[5.953s][info][gc,start       ] GC(133) Pause Young (Allocation Failure)
[5.974s][info][gc,heap        ] GC(133) PSYoungGen: 38528K(38912K)->26720K(63488K) Eden: 13312K(13312K)->0K(15360K) From: 25216K(25600K)->26720K(48128K)
[5.974s][info][gc,heap        ] GC(133) ParOldGen: 980878K(1013248K)->992814K(1013248K)
[5.974s][info][gc,metaspace   ] GC(133) Metaspace: 6302K(6464K)->6302K(6464K) NonClass: 5768K(5824K)->5768K(5824K) Class: 533K(640K)->533K(640K)
[5.974s][info][gc             ] GC(133) Pause Young (Allocation Failure) 995M->995M(1051M) 21.721ms
[5.974s][info][gc,cpu         ] GC(133) User=0.12s Sys=0.00s Real=0.02s
[5.974s][info][gc,start       ] GC(134) Pause Full (Ergonomics)
[5.974s][info][gc,phases,start] GC(134) Marking Phase
[6.203s][info][gc,phases      ] GC(134) Marking Phase 228.710ms
[6.203s][info][gc,phases,start] GC(134) Summary Phase
[6.203s][info][gc,phases      ] GC(134) Summary Phase 0.043ms
[6.203s][info][gc,phases,start] GC(134) Adjust Roots
[6.203s][info][gc,phases      ] GC(134) Adjust Roots 0.230ms
[6.204s][info][gc,phases,start] GC(134) Compaction Phase
[6.292s][info][gc,phases      ] GC(134) Compaction Phase 88.641ms
[6.292s][info][gc,phases,start] GC(134) Post Compact
[6.294s][info][gc,phases      ] GC(134) Post Compact 1.622ms
[6.294s][info][gc,heap        ] GC(134) PSYoungGen: 26720K(63488K)->5099K(65536K) Eden: 0K(15360K)->0K(17408K) From: 26720K(48128K)->5099K(48128K)
[6.294s][info][gc,heap        ] GC(134) ParOldGen: 992814K(1013248K)->1013067K(1121792K)
[6.294s][info][gc,metaspace   ] GC(134) Metaspace: 6302K(6464K)->6302K(6464K) NonClass: 5768K(5824K)->5768K(5824K) Class: 533K(640K)->533K(640K)
[6.294s][info][gc             ] GC(134) Pause Full (Ergonomics) 995M->994M(1159M) 319.952ms
[6.294s][info][gc,cpu         ] GC(134) User=2.44s Sys=0.00s Real=0.32s
[6.314s][info][gc,start       ] GC(135) Pause Young (Allocation Failure)
[6.367s][info][gc,heap        ] GC(135) PSYoungGen: 22507K(65536K)->21952K(67584K) Eden: 17408K(17408K)->0K(17408K) From: 5099K(48128K)->21952K(50176K)
[6.367s][info][gc,heap        ] GC(135) ParOldGen: 1013067K(1121792K)->1013795K(1121792K)
[6.367s][info][gc,metaspace   ] GC(135) Metaspace: 6302K(6464K)->6302K(6464K) NonClass: 5768K(5824K)->5768K(5824K) Class: 533K(640K)->533K(640K)
[6.367s][info][gc             ] GC(135) Pause Young (Allocation Failure) 1011M->1011M(1161M) 53.472ms
[6.367s][info][gc,cpu         ] GC(135) User=0.28s Sys=0.00s Real=0.05s
[6.387s][info][gc,start       ] GC(136) Pause Young (Allocation Failure)
[6.410s][info][gc,heap        ] GC(136) PSYoungGen: 39360K(67584K)->39392K(64512K) Eden: 17408K(17408K)->0K(16384K) From: 21952K(50176K)->39392K(48128K)
[6.410s][info][gc,heap        ] GC(136) ParOldGen: 1013795K(1121792K)->1013795K(1121792K)
[6.410s][info][gc,metaspace   ] GC(136) Metaspace: 6302K(6464K)->6302K(6464K) NonClass: 5768K(5824K)->5768K(5824K) Class: 533K(640K)->533K(640K)
[6.410s][info][gc             ] GC(136) Pause Young (Allocation Failure) 1028M->1028M(1158M) 23.515ms
[6.410s][info][gc,cpu         ] GC(136) User=0.11s Sys=0.00s Real=0.02s
[6.431s][info][gc,start       ] GC(137) Pause Young (Allocation Failure)
[6.459s][info][gc,heap        ] GC(137) PSYoungGen: 55776K(64512K)->51200K(67584K) Eden: 16384K(16384K)->0K(16384K) From: 39392K(48128K)->51200K(51200K)
[6.459s][info][gc,heap        ] GC(137) ParOldGen: 1013795K(1121792K)->1018323K(1121792K)
[6.459s][info][gc,metaspace   ] GC(137) Metaspace: 6302K(6464K)->6302K(6464K) NonClass: 5768K(5824K)->5768K(5824K) Class: 533K(640K)->533K(640K)
[6.459s][info][gc             ] GC(137) Pause Young (Allocation Failure) 1044M->1044M(1161M) 28.795ms
[6.459s][info][gc,cpu         ] GC(137) User=0.12s Sys=0.00s Real=0.03s
[6.479s][info][gc,start       ] GC(138) Pause Young (Allocation Failure)
[6.513s][info][gc,heap        ] GC(138) PSYoungGen: 67584K(67584K)->48576K(73728K) Eden: 16384K(16384K)->0K(14336K) From: 51200K(51200K)->48576K(59392K)
[6.513s][info][gc,heap        ] GC(138) ParOldGen: 1018323K(1121792K)->1037763K(1121792K)
[6.513s][info][gc,metaspace   ] GC(138) Metaspace: 6302K(6464K)->6302K(6464K) NonClass: 5768K(5824K)->5768K(5824K) Class: 533K(640K)->533K(640K)
[6.513s][info][gc             ] GC(138) Pause Young (Allocation Failure) 1060M->1060M(1167M) 34.299ms
[6.513s][info][gc,cpu         ] GC(138) User=0.19s Sys=0.06s Real=0.03s
[6.530s][info][gc,start       ] GC(139) Pause Young (Allocation Failure)
[6.562s][info][gc,heap        ] GC(139) PSYoungGen: 62912K(73728K)->46912K(77824K) Eden: 14336K(14336K)->0K(14336K) From: 48576K(59392K)->46912K(63488K)
[6.562s][info][gc,heap        ] GC(139) ParOldGen: 1037763K(1121792K)->1053907K(1121792K)
[6.562s][info][gc,metaspace   ] GC(139) Metaspace: 6302K(6464K)->6302K(6464K) NonClass: 5768K(5824K)->5768K(5824K) Class: 533K(640K)->533K(640K)
[6.562s][info][gc             ] GC(139) Pause Young (Allocation Failure) 1074M->1075M(1171M) 32.511ms
[6.562s][info][gc,cpu         ] GC(139) User=0.14s Sys=0.02s Real=0.03s
[6.579s][info][gc,start       ] GC(140) Pause Young (Allocation Failure)
[6.610s][info][gc,heap        ] GC(140) PSYoungGen: 61248K(77824K)->45184K(80896K) Eden: 14336K(14336K)->0K(14848K) From: 46912K(63488K)->45184K(66048K)
[6.610s][info][gc,heap        ] GC(140) ParOldGen: 1053907K(1121792K)->1070195K(1121792K)
[6.610s][info][gc,metaspace   ] GC(140) Metaspace: 6302K(6464K)->6302K(6464K) NonClass: 5768K(5824K)->5768K(5824K) Class: 533K(640K)->533K(640K)
[6.610s][info][gc             ] GC(140) Pause Young (Allocation Failure) 1089M->1089M(1174M) 31.423ms
[6.610s][info][gc,cpu         ] GC(140) User=0.14s Sys=0.00s Real=0.03s
[6.628s][info][gc,start       ] GC(141) Pause Young (Allocation Failure)
[6.661s][info][gc,heap        ] GC(141) PSYoungGen: 60032K(80896K)->29344K(44544K) Eden: 14848K(14848K)->0K(14848K) From: 45184K(66048K)->29344K(29696K)
[6.661s][info][gc,heap        ] GC(141) ParOldGen: 1070195K(1121792K)->1101315K(1121792K)
[6.661s][info][gc,metaspace   ] GC(141) Metaspace: 6302K(6464K)->6302K(6464K) NonClass: 5768K(5824K)->5768K(5824K) Class: 533K(640K)->533K(640K)
[6.661s][info][gc             ] GC(141) Pause Young (Allocation Failure) 1103M->1104M(1139M) 33.097ms
[6.661s][info][gc,cpu         ] GC(141) User=0.14s Sys=0.02s Real=0.03s
[6.661s][info][gc,start       ] GC(142) Pause Full (Ergonomics)
[6.661s][info][gc,phases,start] GC(142) Marking Phase
[6.923s][info][gc,phases      ] GC(142) Marking Phase 261.558ms
[6.923s][info][gc,phases,start] GC(142) Summary Phase
[6.923s][info][gc,phases      ] GC(142) Summary Phase 0.025ms
[6.923s][info][gc,phases,start] GC(142) Adjust Roots
[6.923s][info][gc,phases      ] GC(142) Adjust Roots 0.174ms
[6.923s][info][gc,phases,start] GC(142) Compaction Phase
[7.025s][info][gc,phases      ] GC(142) Compaction Phase 102.124ms
[7.025s][info][gc,phases,start] GC(142) Post Compact
[7.027s][info][gc,phases      ] GC(142) Post Compact 2.138ms
[7.028s][info][gc,heap        ] GC(142) PSYoungGen: 29344K(44544K)->7665K(44544K) Eden: 0K(14848K)->0K(14848K) From: 29344K(29696K)->7665K(29696K)
[7.028s][info][gc,heap        ] GC(142) ParOldGen: 1101315K(1121792K)->1121390K(1245696K)
[7.028s][info][gc,metaspace   ] GC(142) Metaspace: 6302K(6464K)->6302K(6464K) NonClass: 5768K(5824K)->5768K(5824K) Class: 533K(640K)->533K(640K)
[7.028s][info][gc             ] GC(142) Pause Full (Ergonomics) 1104M->1102M(1260M) 366.932ms
[7.028s][info][gc,cpu         ] GC(142) User=2.78s Sys=0.00s Real=0.37s
[7.044s][info][gc,start       ] GC(143) Pause Young (Allocation Failure)
[7.104s][info][gc,heap        ] GC(143) PSYoungGen: 22513K(44544K)->15008K(80896K) Eden: 14848K(14848K)->0K(16384K) From: 7665K(29696K)->15008K(64512K)
[7.104s][info][gc,heap        ] GC(143) ParOldGen: 1121390K(1245696K)->1129190K(1245696K)
[7.104s][info][gc,metaspace   ] GC(143) Metaspace: 6302K(6464K)->6302K(6464K) NonClass: 5768K(5824K)->5768K(5824K) Class: 533K(640K)->533K(640K)
[7.104s][info][gc             ] GC(143) Pause Young (Allocation Failure) 1117M->1117M(1295M) 60.093ms
[7.104s][info][gc,cpu         ] GC(143) User=0.36s Sys=0.03s Real=0.06s
[7.123s][info][gc,start       ] GC(144) Pause Young (Allocation Failure)
[7.144s][info][gc,heap        ] GC(144) PSYoungGen: 31392K(80896K)->16544K(81408K) Eden: 16384K(16384K)->0K(16384K) From: 15008K(64512K)->16544K(65024K)
[7.144s][info][gc,heap        ] GC(144) ParOldGen: 1129190K(1245696K)->1144246K(1245696K)
[7.144s][info][gc,metaspace   ] GC(144) Metaspace: 6302K(6464K)->6302K(6464K) NonClass: 5768K(5824K)->5768K(5824K) Class: 533K(640K)->533K(640K)
[7.144s][info][gc             ] GC(144) Pause Young (Allocation Failure) 1133M->1133M(1296M) 20.697ms
[7.144s][info][gc,cpu         ] GC(144) User=0.05s Sys=0.00s Real=0.02s
[7.164s][info][gc,start       ] GC(145) Pause Young (Allocation Failure)
[7.185s][info][gc,heap        ] GC(145) PSYoungGen: 32928K(81408K)->16544K(80896K) Eden: 16384K(16384K)->0K(18432K) From: 16544K(65024K)->16544K(62464K)
[7.185s][info][gc,heap        ] GC(145) ParOldGen: 1144246K(1245696K)->1160870K(1245696K)
[7.185s][info][gc,metaspace   ] GC(145) Metaspace: 6302K(6464K)->6302K(6464K) NonClass: 5768K(5824K)->5768K(5824K) Class: 533K(640K)->533K(640K)
[7.185s][info][gc             ] GC(145) Pause Young (Allocation Failure) 1149M->1149M(1295M) 21.013ms
[7.185s][info][gc,cpu         ] GC(145) User=0.12s Sys=0.00s Real=0.02s
[7.206s][info][gc,start       ] GC(146) Pause Young (Allocation Failure)
[7.228s][info][gc,heap        ] GC(146) PSYoungGen: 34976K(80896K)->18560K(81920K) Eden: 18432K(18432K)->0K(18432K) From: 16544K(62464K)->18560K(63488K)
[7.228s][info][gc,heap        ] GC(146) ParOldGen: 1160870K(1245696K)->1177494K(1245696K)
[7.228s][info][gc,metaspace   ] GC(146) Metaspace: 6302K(6464K)->6302K(6464K) NonClass: 5768K(5824K)->5768K(5824K) Class: 533K(640K)->533K(640K)
[7.228s][info][gc             ] GC(146) Pause Young (Allocation Failure) 1167M->1168M(1296M) 21.749ms
[7.228s][info][gc,cpu         ] GC(146) User=0.09s Sys=0.03s Real=0.02s
[7.250s][info][gc,start       ] GC(147) Pause Young (Allocation Failure)
[7.274s][info][gc,heap        ] GC(147) PSYoungGen: 36992K(81920K)->18592K(78848K) Eden: 18432K(18432K)->0K(20480K) From: 18560K(63488K)->18592K(58368K)
[7.274s][info][gc,heap        ] GC(147) ParOldGen: 1177494K(1245696K)->1196182K(1245696K)
[7.274s][info][gc,metaspace   ] GC(147) Metaspace: 6302K(6464K)->6302K(6464K) NonClass: 5768K(5824K)->5768K(5824K) Class: 533K(640K)->533K(640K)
[7.274s][info][gc             ] GC(147) Pause Young (Allocation Failure) 1186M->1186M(1293M) 23.295ms
[7.274s][info][gc,cpu         ] GC(147) User=0.08s Sys=0.05s Real=0.02s
[7.299s][info][gc,start       ] GC(148) Pause Young (Allocation Failure)
[7.325s][info][gc,heap        ] GC(148) PSYoungGen: 39072K(78848K)->20640K(41472K) Eden: 20480K(20480K)->0K(20480K) From: 18592K(58368K)->20640K(20992K)
[7.325s][info][gc,heap        ] GC(148) ParOldGen: 1196182K(1245696K)->1214886K(1245696K)
[7.325s][info][gc,metaspace   ] GC(148) Metaspace: 6302K(6464K)->6302K(6464K) NonClass: 5768K(5824K)->5768K(5824K) Class: 533K(640K)->533K(640K)
[7.325s][info][gc             ] GC(148) Pause Young (Allocation Failure) 1206M->1206M(1257M) 26.574ms
[7.326s][info][gc,cpu         ] GC(148) User=0.12s Sys=0.00s Real=0.03s
[7.326s][info][gc,start       ] GC(149) Pause Full (Ergonomics)
[7.326s][info][gc,phases,start] GC(149) Marking Phase
[7.619s][info][gc,phases      ] GC(149) Marking Phase 293.015ms
[7.619s][info][gc,phases,start] GC(149) Summary Phase
[7.619s][info][gc,phases      ] GC(149) Summary Phase 0.033ms
[7.619s][info][gc,phases,start] GC(149) Adjust Roots
[7.619s][info][gc,phases      ] GC(149) Adjust Roots 0.152ms
[7.619s][info][gc,phases,start] GC(149) Compaction Phase
[7.735s][info][gc,phases      ] GC(149) Compaction Phase 115.984ms
[7.735s][info][gc,phases,start] GC(149) Post Compact
[7.737s][info][gc,phases      ] GC(149) Post Compact 2.396ms
[7.738s][info][gc,heap        ] GC(149) PSYoungGen: 20640K(41472K)->0K(79872K) Eden: 0K(20480K)->0K(22528K) From: 20640K(20992K)->0K(57344K)
[7.738s][info][gc,heap        ] GC(149) ParOldGen: 1214886K(1245696K)->1233832K(1363968K)
[7.738s][info][gc,metaspace   ] GC(149) Metaspace: 6302K(6464K)->6302K(6464K) NonClass: 5768K(5824K)->5768K(5824K) Class: 533K(640K)->533K(640K)
[7.738s][info][gc             ] GC(149) Pause Full (Ergonomics) 1206M->1204M(1410M) 412.358ms
[7.738s][info][gc,cpu         ] GC(149) User=2.69s Sys=0.02s Real=0.41s
[7.766s][info][gc,start       ] GC(150) Pause Young (Allocation Failure)
[7.783s][info][gc,heap        ] GC(150) PSYoungGen: 22528K(79872K)->22688K(79872K) Eden: 22528K(22528K)->0K(22528K) From: 0K(57344K)->22688K(57344K)
[7.784s][info][gc,heap        ] GC(150) ParOldGen: 1233832K(1363968K)->1233832K(1363968K)
[7.784s][info][gc,metaspace   ] GC(150) Metaspace: 6302K(6464K)->6302K(6464K) NonClass: 5768K(5824K)->5768K(5824K) Class: 533K(640K)->533K(640K)
[7.784s][info][gc             ] GC(150) Pause Young (Allocation Failure) 1226M->1227M(1410M) 18.040ms
[7.784s][info][gc,cpu         ] GC(150) User=0.02s Sys=0.00s Real=0.02s
[7.812s][info][gc,start       ] GC(151) Pause Young (Allocation Failure)
[7.839s][info][gc,heap        ] GC(151) PSYoungGen: 45216K(79872K)->45216K(75776K) Eden: 22528K(22528K)->0K(20480K) From: 22688K(57344K)->45216K(55296K)
[7.839s][info][gc,heap        ] GC(151) ParOldGen: 1233832K(1363968K)->1233832K(1363968K)
[7.839s][info][gc,metaspace   ] GC(151) Metaspace: 6302K(6464K)->6302K(6464K) NonClass: 5768K(5824K)->5768K(5824K) Class: 533K(640K)->533K(640K)
[7.839s][info][gc             ] GC(151) Pause Young (Allocation Failure) 1249M->1249M(1406M) 26.485ms
[7.839s][info][gc,cpu         ] GC(151) User=0.14s Sys=0.00s Real=0.03s
[7.865s][info][gc,start       ] GC(152) Pause Young (Allocation Failure)
[7.900s][info][gc,heap        ] GC(152) PSYoungGen: 65696K(75776K)->59392K(79872K) Eden: 20480K(20480K)->0K(20480K) From: 45216K(55296K)->59392K(59392K)
[7.900s][info][gc,heap        ] GC(152) ParOldGen: 1233832K(1363968K)->1240128K(1363968K)
[7.900s][info][gc,metaspace   ] GC(152) Metaspace: 6302K(6464K)->6302K(6464K) NonClass: 5768K(5824K)->5768K(5824K) Class: 533K(640K)->533K(640K)
[7.900s][info][gc             ] GC(152) Pause Young (Allocation Failure) 1269M->1269M(1410M) 35.565ms
[7.900s][info][gc,cpu         ] GC(152) User=0.16s Sys=0.00s Real=0.04s
[7.921s][info][gc,start       ] GC(153) Pause Young (Allocation Failure)
[7.961s][info][gc,heap        ] GC(153) PSYoungGen: 79872K(79872K)->30592K(86528K) Eden: 20480K(20480K)->0K(23040K) From: 59392K(59392K)->30592K(63488K)
[7.961s][info][gc,heap        ] GC(153) ParOldGen: 1240128K(1363968K)->1281080K(1363968K)
[7.961s][info][gc,metaspace   ] GC(153) Metaspace: 6302K(6464K)->6302K(6464K) NonClass: 5768K(5824K)->5768K(5824K) Class: 533K(640K)->533K(640K)
[7.961s][info][gc             ] GC(153) Pause Young (Allocation Failure) 1289M->1280M(1416M) 39.882ms
[7.961s][info][gc,cpu         ] GC(153) User=0.20s Sys=0.06s Real=0.04s
[7.985s][info][gc,start       ] GC(154) Pause Young (Allocation Failure)
[8.012s][info][gc,heap        ] GC(154) PSYoungGen: 53632K(86528K)->27040K(89600K) Eden: 23040K(23040K)->0K(23040K) From: 30592K(63488K)->27040K(66560K)
[8.012s][info][gc,heap        ] GC(154) ParOldGen: 1281080K(1363968K)->1300304K(1363968K)
[8.012s][info][gc,metaspace   ] GC(154) Metaspace: 6302K(6464K)->6302K(6464K) NonClass: 5768K(5824K)->5768K(5824K) Class: 533K(640K)->533K(640K)
[8.012s][info][gc             ] GC(154) Pause Young (Allocation Failure) 1303M->1296M(1419M) 27.485ms
[8.012s][info][gc,cpu         ] GC(154) User=0.12s Sys=0.00s Real=0.03s
[8.042s][info][gc,start       ] GC(155) Pause Young (Allocation Failure)
[8.072s][info][gc,heap        ] GC(155) PSYoungGen: 50080K(89600K)->38528K(88576K) Eden: 23040K(23040K)->0K(25600K) From: 27040K(66560K)->38528K(62976K)
[8.072s][info][gc,heap        ] GC(155) ParOldGen: 1300304K(1363968K)->1312008K(1363968K)
[8.072s][info][gc,metaspace   ] GC(155) Metaspace: 6302K(6464K)->6302K(6464K) NonClass: 5768K(5824K)->5768K(5824K) Class: 533K(640K)->533K(640K)
[8.072s][info][gc             ] GC(155) Pause Young (Allocation Failure) 1318M->1318M(1418M) 29.961ms
[8.072s][info][gc,cpu         ] GC(155) User=0.11s Sys=0.02s Real=0.03s
[8.105s][info][gc,start       ] GC(156) Pause Young (Allocation Failure)
[8.142s][info][gc,heap        ] GC(156) PSYoungGen: 64128K(88576K)->48800K(89088K) Eden: 25600K(25600K)->0K(25600K) From: 38528K(62976K)->48800K(63488K)
[8.142s][info][gc,heap        ] GC(156) ParOldGen: 1312008K(1363968K)->1327568K(1363968K)
[8.142s][info][gc,metaspace   ] GC(156) Metaspace: 6302K(6464K)->6302K(6464K) NonClass: 5768K(5824K)->5768K(5824K) Class: 533K(640K)->533K(640K)
[8.142s][info][gc             ] GC(156) Pause Young (Allocation Failure) 1343M->1344M(1419M) 36.713ms
[8.142s][info][gc,cpu         ] GC(156) User=0.19s Sys=0.06s Real=0.04s
[8.176s][info][gc,start       ] GC(157) Pause Young (Allocation Failure)
[8.218s][info][gc,heap        ] GC(157) PSYoungGen: 74400K(89088K)->51360K(92160K) Eden: 25600K(25600K)->0K(25600K) From: 48800K(63488K)->51360K(66560K)
[8.218s][info][gc,heap        ] GC(157) ParOldGen: 1327568K(1363968K)->1350936K(1363968K)
[8.218s][info][gc,metaspace   ] GC(157) Metaspace: 6302K(6464K)->6302K(6464K) NonClass: 5768K(5824K)->5768K(5824K) Class: 533K(640K)->533K(640K)
[8.218s][info][gc             ] GC(157) Pause Young (Allocation Failure) 1369M->1369M(1422M) 42.205ms
[8.218s][info][gc,cpu         ] GC(157) User=0.23s Sys=0.03s Real=0.04s
[8.218s][info][gc,start       ] GC(158) Pause Full (Ergonomics)
[8.218s][info][gc,phases,start] GC(158) Marking Phase
[8.555s][info][gc,phases      ] GC(158) Marking Phase 336.709ms
[8.555s][info][gc,phases,start] GC(158) Summary Phase
[8.555s][info][gc,phases      ] GC(158) Summary Phase 0.038ms
[8.555s][info][gc,phases,start] GC(158) Adjust Roots
[8.555s][info][gc,phases      ] GC(158) Adjust Roots 0.322ms
[8.556s][info][gc,phases,start] GC(158) Compaction Phase
[8.926s][info][gc,phases      ] GC(158) Compaction Phase 370.336ms
[8.926s][info][gc,phases,start] GC(158) Post Compact
[8.929s][info][gc,phases      ] GC(158) Post Compact 3.472ms
[8.930s][info][gc,heap        ] GC(158) PSYoungGen: 51360K(92160K)->36315K(92160K) Eden: 0K(25600K)->0K(25600K) From: 51360K(66560K)->36315K(66560K)
[8.930s][info][gc,heap        ] GC(158) ParOldGen: 1350936K(1363968K)->1363913K(1508864K)
[8.930s][info][gc,metaspace   ] GC(158) Metaspace: 6302K(6464K)->6302K(6464K) NonClass: 5768K(5824K)->5768K(5824K) Class: 533K(640K)->533K(640K)
[8.930s][info][gc             ] GC(158) Pause Full (Ergonomics) 1369M->1367M(1563M) 711.809ms
[8.930s][info][gc,cpu         ] GC(158) User=4.23s Sys=0.00s Real=0.71s
[9.227s][info][gc,start       ] GC(159) Pause Young (Allocation Failure)
[9.313s][info][gc,heap        ] GC(159) PSYoungGen: 61915K(92160K)->43136K(95232K) Eden: 25600K(25600K)->0K(25600K) From: 36315K(66560K)->43136K(69632K)
[9.313s][info][gc,heap        ] GC(159) ParOldGen: 1429449K(1508864K)->1448681K(1508864K)
[9.313s][info][gc,metaspace   ] GC(159) Metaspace: 6302K(6464K)->6302K(6464K) NonClass: 5768K(5824K)->5768K(5824K) Class: 533K(640K)->533K(640K)
[9.313s][info][gc             ] GC(159) Pause Young (Allocation Failure) 1456M->1456M(1566M) 86.497ms
[9.314s][info][gc,cpu         ] GC(159) User=0.44s Sys=0.00s Real=0.09s
[9.338s][info][gc,start       ] GC(160) Pause Young (Allocation Failure)
[9.376s][info][gc,heap        ] GC(160) PSYoungGen: 68736K(95232K)->68768K(88064K) Eden: 25600K(25600K)->0K(18944K) From: 43136K(69632K)->68768K(69120K)
[9.376s][info][gc,heap        ] GC(160) ParOldGen: 1448681K(1508864K)->1448681K(1508864K)
[9.376s][info][gc,metaspace   ] GC(160) Metaspace: 6302K(6464K)->6302K(6464K) NonClass: 5768K(5824K)->5768K(5824K) Class: 533K(640K)->533K(640K)
[9.376s][info][gc             ] GC(160) Pause Young (Allocation Failure) 1481M->1481M(1559M) 37.754ms
[9.376s][info][gc,cpu         ] GC(160) User=0.14s Sys=0.00s Real=0.04s
[9.394s][info][gc,start       ] GC(161) Pause Young (Allocation Failure)
[9.440s][info][gc,heap        ] GC(161) PSYoungGen: 87712K(88064K)->78336K(97280K) Eden: 18944K(18944K)->0K(18944K) From: 68768K(69120K)->78336K(78336K)
[9.440s][info][gc,heap        ] GC(161) ParOldGen: 1448681K(1508864K)->1458065K(1508864K)
[9.440s][info][gc,metaspace   ] GC(161) Metaspace: 6302K(6464K)->6302K(6464K) NonClass: 5768K(5824K)->5768K(5824K) Class: 533K(640K)->533K(640K)
[9.440s][info][gc             ] GC(161) Pause Young (Allocation Failure) 1500M->1500M(1568M) 45.396ms
[9.440s][info][gc,cpu         ] GC(161) User=0.25s Sys=0.00s Real=0.05s
[9.458s][info][gc,start       ] GC(162) Pause Young (Allocation Failure)
[9.517s][info][gc,heap        ] GC(162) PSYoungGen: 97280K(97280K)->60768K(112128K) Eden: 18944K(18944K)->0K(19968K) From: 78336K(78336K)->60768K(92160K)
[9.517s][info][gc,heap        ] GC(162) ParOldGen: 1458065K(1508864K)->1495113K(1508864K)
[9.517s][info][gc,metaspace   ] GC(162) Metaspace: 6302K(6464K)->6302K(6464K) NonClass: 5768K(5824K)->5768K(5824K) Class: 533K(640K)->533K(640K)
[9.517s][info][gc             ] GC(162) Pause Young (Allocation Failure) 1518M->1519M(1583M) 59.463ms
[9.517s][info][gc,cpu         ] GC(162) User=0.28s Sys=0.02s Real=0.06s
[9.517s][info][gc,start       ] GC(163) Pause Full (Ergonomics)
[9.517s][info][gc,phases,start] GC(163) Marking Phase
[9.866s][info][gc,phases      ] GC(163) Marking Phase 348.451ms
[9.866s][info][gc,phases,start] GC(163) Summary Phase
[9.866s][info][gc,phases      ] GC(163) Summary Phase 0.030ms
[9.866s][info][gc,phases,start] GC(163) Adjust Roots
[9.866s][info][gc,phases      ] GC(163) Adjust Roots 0.197ms
[9.866s][info][gc,phases,start] GC(163) Compaction Phase
[10.112s][info][gc,phases      ] GC(163) Compaction Phase 245.907ms
[10.112s][info][gc,phases,start] GC(163) Post Compact
[10.115s][info][gc,phases      ] GC(163) Post Compact 3.192ms
[10.116s][info][gc,heap        ] GC(163) PSYoungGen: 60768K(112128K)->13526K(112128K) Eden: 0K(19968K)->0K(19968K) From: 60768K(92160K)->13526K(92160K)
[10.116s][info][gc,heap        ] GC(163) ParOldGen: 1495113K(1508864K)->1508431K(1669632K)
[10.116s][info][gc,metaspace   ] GC(163) Metaspace: 6302K(6464K)->6302K(6464K) NonClass: 5768K(5824K)->5768K(5824K) Class: 533K(640K)->533K(640K)
[10.116s][info][gc             ] GC(163) Pause Full (Ergonomics) 1519M->1486M(1740M) 598.832ms
[10.116s][info][gc,cpu         ] GC(163) User=4.12s Sys=0.03s Real=0.60s
[10.137s][info][gc,start       ] GC(164) Pause Young (Allocation Failure)
[10.216s][info][gc,heap        ] GC(164) PSYoungGen: 33494K(112128K)->28832K(113664K) Eden: 19968K(19968K)->0K(19968K) From: 13526K(92160K)->28832K(93696K)
[10.216s][info][gc,heap        ] GC(164) ParOldGen: 1508431K(1669632K)->1513319K(1669632K)
[10.216s][info][gc,metaspace   ] GC(164) Metaspace: 6302K(6464K)->6302K(6464K) NonClass: 5768K(5824K)->5768K(5824K) Class: 533K(640K)->533K(640K)
[10.216s][info][gc             ] GC(164) Pause Young (Allocation Failure) 1505M->1506M(1741M) 78.941ms
[10.216s][info][gc,cpu         ] GC(164) User=0.50s Sys=0.00s Real=0.08s
[10.236s][info][gc,start       ] GC(165) Pause Young (Allocation Failure)
[10.267s][info][gc,heap        ] GC(165) PSYoungGen: 48800K(113664K)->48832K(107520K) Eden: 19968K(19968K)->0K(22016K) From: 28832K(93696K)->48832K(85504K)
[10.267s][info][gc,heap        ] GC(165) ParOldGen: 1513319K(1669632K)->1513319K(1669632K)
[10.267s][info][gc,metaspace   ] GC(165) Metaspace: 6302K(6464K)->6302K(6464K) NonClass: 5768K(5824K)->5768K(5824K) Class: 533K(640K)->533K(640K)
[10.267s][info][gc             ] GC(165) Pause Young (Allocation Failure) 1525M->1525M(1735M) 30.946ms
[10.267s][info][gc,cpu         ] GC(165) User=0.05s Sys=0.00s Real=0.03s
[10.292s][info][gc,start       ] GC(166) Pause Young (Allocation Failure)
[10.329s][info][gc,heap        ] GC(166) PSYoungGen: 70848K(107520K)->70496K(110592K) Eden: 22016K(22016K)->0K(22016K) From: 48832K(85504K)->70496K(88576K)
[10.329s][info][gc,heap        ] GC(166) ParOldGen: 1513319K(1669632K)->1513751K(1669632K)
[10.329s][info][gc,metaspace   ] GC(166) Metaspace: 6302K(6464K)->6302K(6464K) NonClass: 5768K(5824K)->5768K(5824K) Class: 533K(640K)->533K(640K)
[10.329s][info][gc             ] GC(166) Pause Young (Allocation Failure) 1547M->1547M(1738M) 37.543ms
[10.329s][info][gc,cpu         ] GC(166) User=0.16s Sys=0.00s Real=0.04s
[10.352s][info][gc,start       ] GC(167) Pause Young (Allocation Failure)
[10.398s][info][gc,heap        ] GC(167) PSYoungGen: 92512K(110592K)->84128K(109056K) Eden: 22016K(22016K)->0K(15360K) From: 70496K(88576K)->84128K(93696K)
[10.398s][info][gc,heap        ] GC(167) ParOldGen: 1513751K(1669632K)->1522255K(1669632K)
[10.398s][info][gc,metaspace   ] GC(167) Metaspace: 6302K(6464K)->6302K(6464K) NonClass: 5768K(5824K)->5768K(5824K) Class: 533K(640K)->533K(640K)
[10.398s][info][gc             ] GC(167) Pause Young (Allocation Failure) 1568M->1568M(1737M) 46.085ms
[10.398s][info][gc,cpu         ] GC(167) User=0.23s Sys=0.02s Real=0.05s
[10.414s][info][gc,start       ] GC(168) Pause Young (Allocation Failure)
[10.464s][info][gc,heap        ] GC(168) PSYoungGen: 99488K(109056K)->79488K(118272K) Eden: 15360K(15360K)->0K(15360K) From: 84128K(93696K)->79488K(102912K)
[10.464s][info][gc,heap        ] GC(168) ParOldGen: 1522255K(1669632K)->1542495K(1669632K)
[10.464s][info][gc,metaspace   ] GC(168) Metaspace: 6302K(6464K)->6302K(6464K) NonClass: 5768K(5824K)->5768K(5824K) Class: 533K(640K)->533K(640K)
[10.464s][info][gc             ] GC(168) Pause Young (Allocation Failure) 1583M->1583M(1746M) 49.471ms
[10.464s][info][gc,cpu         ] GC(168) User=0.27s Sys=0.00s Real=0.05s
[10.480s][info][gc,start       ] GC(169) Pause Young (Allocation Failure)
[10.529s][info][gc,heap        ] GC(169) PSYoungGen: 94848K(118272K)->52896K(114688K) Eden: 15360K(15360K)->0K(17408K) From: 79488K(102912K)->52896K(97280K)
[10.529s][info][gc,heap        ] GC(169) ParOldGen: 1542495K(1669632K)->1585007K(1669632K)
[10.529s][info][gc,metaspace   ] GC(169) Metaspace: 6302K(6464K)->6302K(6464K) NonClass: 5768K(5824K)->5768K(5824K) Class: 533K(640K)->533K(640K)
[10.529s][info][gc             ] GC(169) Pause Young (Allocation Failure) 1598M->1599M(1742M) 49.352ms
[10.529s][info][gc,cpu         ] GC(169) User=0.27s Sys=0.00s Real=0.05s
[10.547s][info][gc,start       ] GC(170) Pause Young (Allocation Failure)
[10.586s][info][gc,heap        ] GC(170) PSYoungGen: 70304K(114688K)->32896K(120320K) Eden: 17408K(17408K)->0K(17408K) From: 52896K(97280K)->32896K(102912K)
[10.586s][info][gc,heap        ] GC(170) ParOldGen: 1585007K(1669632K)->1622839K(1669632K)
[10.586s][info][gc,metaspace   ] GC(170) Metaspace: 6302K(6464K)->6302K(6464K) NonClass: 5768K(5824K)->5768K(5824K) Class: 533K(640K)->533K(640K)
[10.586s][info][gc             ] GC(170) Pause Young (Allocation Failure) 1616M->1616M(1748M) 39.212ms
[10.586s][info][gc,cpu         ] GC(170) User=0.11s Sys=0.05s Real=0.04s
[10.586s][info][gc,start       ] GC(171) Pause Full (Ergonomics)
[10.586s][info][gc,phases,start] GC(171) Marking Phase
[10.970s][info][gc,phases      ] GC(171) Marking Phase 384.256ms
[10.970s][info][gc,phases,start] GC(171) Summary Phase
[10.970s][info][gc,phases      ] GC(171) Summary Phase 0.052ms
[10.970s][info][gc,phases,start] GC(171) Adjust Roots
[10.971s][info][gc,phases      ] GC(171) Adjust Roots 0.164ms
[10.971s][info][gc,phases,start] GC(171) Compaction Phase
[11.126s][info][gc,phases      ] GC(171) Compaction Phase 155.227ms
[11.126s][info][gc,phases,start] GC(171) Post Compact
[11.129s][info][gc,phases      ] GC(171) Post Compact 3.248ms
[11.130s][info][gc,heap        ] GC(171) PSYoungGen: 32896K(120320K)->0K(121856K) Eden: 0K(17408K)->0K(19968K) From: 32896K(102912K)->0K(101888K)
[11.130s][info][gc,heap        ] GC(171) ParOldGen: 1622839K(1669632K)->1653837K(1839616K)
[11.130s][info][gc,metaspace   ] GC(171) Metaspace: 6302K(6464K)->6302K(6464K) NonClass: 5768K(5824K)->5768K(5824K) Class: 533K(640K)->533K(640K)
[11.130s][info][gc             ] GC(171) Pause Full (Ergonomics) 1616M->1615M(1915M) 544.106ms
[11.130s][info][gc,cpu         ] GC(171) User=3.66s Sys=0.06s Real=0.54s
[11.150s][info][gc,start       ] GC(172) Pause Young (Allocation Failure)
[11.172s][info][gc,heap        ] GC(172) PSYoungGen: 19968K(121856K)->20128K(121856K) Eden: 19968K(19968K)->0K(19968K) From: 0K(101888K)->20128K(101888K)
[11.172s][info][gc,heap        ] GC(172) ParOldGen: 1653837K(1839616K)->1653837K(1839616K)
[11.172s][info][gc,metaspace   ] GC(172) Metaspace: 6302K(6464K)->6302K(6464K) NonClass: 5768K(5824K)->5768K(5824K) Class: 533K(640K)->533K(640K)
[11.172s][info][gc             ] GC(172) Pause Young (Allocation Failure) 1634M->1634M(1915M) 21.787ms
[11.172s][info][gc,cpu         ] GC(172) User=0.00s Sys=0.00s Real=0.02s
[11.192s][info][gc,start       ] GC(173) Pause Young (Allocation Failure)
[11.219s][info][gc,heap        ] GC(173) PSYoungGen: 40096K(121856K)->20096K(123904K) Eden: 19968K(19968K)->0K(22528K) From: 20128K(101888K)->20096K(101376K)
[11.220s][info][gc,heap        ] GC(173) ParOldGen: 1653837K(1839616K)->1674061K(1839616K)
[11.220s][info][gc,metaspace   ] GC(173) Metaspace: 6302K(6464K)->6302K(6464K) NonClass: 5768K(5824K)->5768K(5824K) Class: 533K(640K)->533K(640K)
[11.220s][info][gc             ] GC(173) Pause Young (Allocation Failure) 1654M->1654M(1917M) 27.720ms
[11.220s][info][gc,cpu         ] GC(173) User=0.05s Sys=0.00s Real=0.03s
[11.243s][info][gc,start       ] GC(174) Pause Young (Allocation Failure)
[11.273s][info][gc,heap        ] GC(174) PSYoungGen: 42624K(123904K)->22624K(123904K) Eden: 22528K(22528K)->0K(22528K) From: 20096K(101376K)->22624K(101376K)
[11.273s][info][gc,heap        ] GC(174) ParOldGen: 1674061K(1839616K)->1694293K(1839616K)
[11.273s][info][gc,metaspace   ] GC(174) Metaspace: 6302K(6464K)->6302K(6464K) NonClass: 5768K(5824K)->5768K(5824K) Class: 533K(640K)->533K(640K)
[11.273s][info][gc             ] GC(174) Pause Young (Allocation Failure) 1676M->1676M(1917M) 30.308ms
[11.273s][info][gc,cpu         ] GC(174) User=0.03s Sys=0.02s Real=0.03s
[11.298s][info][gc,start       ] GC(175) Pause Young (Allocation Failure)
[11.330s][info][gc,heap        ] GC(175) PSYoungGen: 45152K(123904K)->22656K(120832K) Eden: 22528K(22528K)->0K(25088K) From: 22624K(101376K)->22656K(95744K)
[11.330s][info][gc,heap        ] GC(175) ParOldGen: 1694293K(1839616K)->1717149K(1839616K)
[11.330s][info][gc,metaspace   ] GC(175) Metaspace: 6302K(6464K)->6302K(6464K) NonClass: 5768K(5824K)->5768K(5824K) Class: 533K(640K)->533K(640K)
[11.330s][info][gc             ] GC(175) Pause Young (Allocation Failure) 1698M->1699M(1914M) 32.364ms
[11.330s][info][gc,cpu         ] GC(175) User=0.05s Sys=0.00s Real=0.03s
[11.358s][info][gc,start       ] GC(176) Pause Young (Allocation Failure)
[11.395s][info][gc,heap        ] GC(176) PSYoungGen: 47744K(120832K)->25280K(122880K) Eden: 25088K(25088K)->0K(25088K) From: 22656K(95744K)->25280K(97792K)
[11.395s][info][gc,heap        ] GC(176) ParOldGen: 1717149K(1839616K)->1739981K(1839616K)
[11.395s][info][gc,metaspace   ] GC(176) Metaspace: 6302K(6464K)->6302K(6464K) NonClass: 5768K(5824K)->5768K(5824K) Class: 533K(640K)->533K(640K)
[11.395s][info][gc             ] GC(176) Pause Young (Allocation Failure) 1723M->1723M(1916M) 37.053ms
[11.395s][info][gc,cpu         ] GC(176) User=0.06s Sys=0.02s Real=0.04s
[11.423s][info][gc,start       ] GC(177) Pause Young (Allocation Failure)
[11.459s][info][gc,heap        ] GC(177) PSYoungGen: 50368K(122880K)->25216K(116736K) Eden: 25088K(25088K)->0K(28160K) From: 25280K(97792K)->25216K(88576K)
[11.459s][info][gc,heap        ] GC(177) ParOldGen: 1739981K(1839616K)->1765429K(1839616K)
[11.459s][info][gc,metaspace   ] GC(177) Metaspace: 6302K(6464K)->6302K(6464K) NonClass: 5768K(5824K)->5768K(5824K) Class: 533K(640K)->533K(640K)
[11.459s][info][gc             ] GC(177) Pause Young (Allocation Failure) 1748M->1748M(1910M) 35.882ms
[11.459s][info][gc,cpu         ] GC(177) User=0.11s Sys=0.00s Real=0.04s
[11.491s][info][gc,start       ] GC(178) Pause Young (Allocation Failure)
[11.529s][info][gc,heap        ] GC(178) PSYoungGen: 53376K(116736K)->28288K(119808K) Eden: 28160K(28160K)->0K(28160K) From: 25216K(88576K)->28288K(91648K)
[11.529s][info][gc,heap        ] GC(178) ParOldGen: 1765429K(1839616K)->1790869K(1839616K)
[11.529s][info][gc,metaspace   ] GC(178) Metaspace: 6302K(6464K)->6302K(6464K) NonClass: 5768K(5824K)->5768K(5824K) Class: 533K(640K)->533K(640K)
[11.529s][info][gc             ] GC(178) Pause Young (Allocation Failure) 1776M->1776M(1913M) 38.382ms
[11.529s][info][gc,cpu         ] GC(178) User=0.17s Sys=0.00s Real=0.04s
[11.558s][info][gc,start       ] GC(179) Pause Young (Allocation Failure)
[11.596s][info][gc,heap        ] GC(179) PSYoungGen: 56448K(119808K)->28320K(112640K) Eden: 28160K(28160K)->0K(31744K) From: 28288K(91648K)->28320K(80896K)
[11.597s][info][gc,heap        ] GC(179) ParOldGen: 1790869K(1839616K)->1819413K(1839616K)
[11.597s][info][gc,metaspace   ] GC(179) Metaspace: 6302K(6464K)->6302K(6464K) NonClass: 5768K(5824K)->5768K(5824K) Class: 533K(640K)->533K(640K)
[11.597s][info][gc             ] GC(179) Pause Young (Allocation Failure) 1804M->1804M(1906M) 38.307ms
[11.597s][info][gc,cpu         ] GC(179) User=0.12s Sys=0.02s Real=0.04s
[11.597s][info][gc,start       ] GC(180) Pause Full (Ergonomics)
[11.597s][info][gc,phases,start] GC(180) Marking Phase
[12.048s][info][gc,phases      ] GC(180) Marking Phase 451.663ms
[12.048s][info][gc,phases,start] GC(180) Summary Phase
[12.048s][info][gc,phases      ] GC(180) Summary Phase 0.033ms
[12.048s][info][gc,phases,start] GC(180) Adjust Roots
[12.049s][info][gc,phases      ] GC(180) Adjust Roots 0.188ms
[12.049s][info][gc,phases,start] GC(180) Compaction Phase
[12.245s][info][gc,phases      ] GC(180) Compaction Phase 196.379ms
[12.245s][info][gc,phases,start] GC(180) Post Compact
[12.249s][info][gc,phases      ] GC(180) Post Compact 4.367ms
[12.250s][info][gc,heap        ] GC(180) PSYoungGen: 28320K(112640K)->5648K(116224K) Eden: 0K(31744K)->0K(35328K) From: 28320K(80896K)->5648K(80896K)
[12.250s][info][gc,heap        ] GC(180) ParOldGen: 1819413K(1839616K)->1839411K(2035200K)
[12.250s][info][gc,metaspace   ] GC(180) Metaspace: 6302K(6464K)->6302K(6464K) NonClass: 5768K(5824K)->5768K(5824K) Class: 533K(640K)->533K(640K)
[12.250s][info][gc             ] GC(180) Pause Full (Ergonomics) 1804M->1801M(2101M) 653.687ms
[12.250s][info][gc,cpu         ] GC(180) User=4.61s Sys=0.03s Real=0.65s
[12.293s][info][gc,start       ] GC(181) Pause Young (Allocation Failure)
[12.418s][info][gc,heap        ] GC(181) PSYoungGen: 40976K(116224K)->35520K(71168K) Eden: 35328K(35328K)->0K(35328K) From: 5648K(80896K)->35520K(35840K)
[12.418s][info][gc,heap        ] GC(181) ParOldGen: 1839411K(2035200K)->1845163K(2035200K)
[12.418s][info][gc,metaspace   ] GC(181) Metaspace: 6302K(6464K)->6302K(6464K) NonClass: 5768K(5824K)->5768K(5824K) Class: 533K(640K)->533K(640K)
[12.418s][info][gc             ] GC(181) Pause Young (Allocation Failure) 1836M->1836M(2057M) 124.714ms
[12.418s][info][gc,cpu         ] GC(181) User=0.61s Sys=0.00s Real=0.12s
[12.459s][info][gc,start       ] GC(182) Pause Young (Allocation Failure)
[12.507s][info][gc,heap        ] GC(182) PSYoungGen: 70848K(71168K)->70848K(110080K) Eden: 35328K(35328K)->0K(30208K) From: 35520K(35840K)->70848K(79872K)
[12.507s][info][gc,heap        ] GC(182) ParOldGen: 1845163K(2035200K)->1845163K(2035200K)
[12.507s][info][gc,metaspace   ] GC(182) Metaspace: 6302K(6464K)->6302K(6464K) NonClass: 5768K(5824K)->5768K(5824K) Class: 533K(640K)->533K(640K)
[12.507s][info][gc             ] GC(182) Pause Young (Allocation Failure) 1871M->1871M(2095M) 47.842ms
[12.507s][info][gc,cpu         ] GC(182) User=0.20s Sys=0.00s Real=0.05s
[12.539s][info][gc,start       ] GC(183) Pause Young (Allocation Failure)
[12.594s][info][gc,heap        ] GC(183) PSYoungGen: 101056K(110080K)->88576K(118784K) Eden: 30208K(30208K)->0K(30208K) From: 70848K(79872K)->88576K(88576K)
[12.594s][info][gc,heap        ] GC(183) ParOldGen: 1845163K(2035200K)->1857747K(2035200K)
[12.594s][info][gc,metaspace   ] GC(183) Metaspace: 6302K(6464K)->6302K(6464K) NonClass: 5768K(5824K)->5768K(5824K) Class: 533K(640K)->533K(640K)
[12.594s][info][gc             ] GC(183) Pause Young (Allocation Failure) 1900M->1900M(2103M) 54.464ms
[12.594s][info][gc,cpu         ] GC(183) User=0.27s Sys=0.00s Real=0.05s
[12.632s][info][gc,start       ] GC(184) Pause Young (Allocation Failure)
[12.697s][info][gc,heap        ] GC(184) PSYoungGen: 118784K(118784K)->55008K(134144K) Eden: 30208K(30208K)->0K(33792K) From: 88576K(88576K)->55008K(100352K)
[12.697s][info][gc,heap        ] GC(184) ParOldGen: 1857747K(2035200K)->1922459K(2035200K)
[12.697s][info][gc,metaspace   ] GC(184) Metaspace: 6302K(6464K)->6302K(6464K) NonClass: 5768K(5824K)->5768K(5824K) Class: 533K(640K)->533K(640K)
[12.697s][info][gc             ] GC(184) Pause Young (Allocation Failure) 1930M->1931M(2118M) 65.163ms
[12.698s][info][gc,cpu         ] GC(184) User=0.36s Sys=0.02s Real=0.07s
[12.744s][info][gc,start       ] GC(185) Pause Young (Allocation Failure)
[12.797s][info][gc,heap        ] GC(185) PSYoungGen: 88800K(134144K)->64160K(137216K) Eden: 33792K(33792K)->0K(33792K) From: 55008K(100352K)->64160K(103424K)
[12.797s][info][gc,heap        ] GC(185) ParOldGen: 1922459K(2035200K)->1947459K(2035200K)
[12.797s][info][gc,metaspace   ] GC(185) Metaspace: 6302K(6464K)->6302K(6464K) NonClass: 5768K(5824K)->5768K(5824K) Class: 533K(640K)->533K(640K)
[12.797s][info][gc             ] GC(185) Pause Young (Allocation Failure) 1964M->1964M(2121M) 52.868ms
[12.797s][info][gc,cpu         ] GC(185) User=0.23s Sys=0.03s Real=0.05s
[12.842s][info][gc,start       ] GC(186) Pause Young (Allocation Failure)
[12.898s][info][gc,heap        ] GC(186) PSYoungGen: 97952K(137216K)->67776K(140800K) Eden: 33792K(33792K)->0K(36352K) From: 64160K(103424K)->67776K(104448K)
[12.898s][info][gc,heap        ] GC(186) ParOldGen: 1947459K(2035200K)->1978099K(2035200K)
[12.898s][info][gc,metaspace   ] GC(186) Metaspace: 6302K(6464K)->6302K(6464K) NonClass: 5768K(5824K)->5768K(5824K) Class: 533K(640K)->533K(640K)
[12.898s][info][gc             ] GC(186) Pause Young (Allocation Failure) 1997M->1997M(2125M) 55.609ms
[12.898s][info][gc,cpu         ] GC(186) User=0.38s Sys=0.00s Real=0.06s
[12.939s][info][gc,start       ] GC(187) Pause Young (Allocation Failure)
[12.996s][info][gc,heap        ] GC(187) PSYoungGen: 104128K(140800K)->70400K(142336K) Eden: 36352K(36352K)->0K(36352K) From: 67776K(104448K)->70400K(105984K)
[12.996s][info][gc,heap        ] GC(187) ParOldGen: 1978099K(2035200K)->2012371K(2035200K)
[12.996s][info][gc,metaspace   ] GC(187) Metaspace: 6302K(6464K)->6302K(6464K) NonClass: 5768K(5824K)->5768K(5824K) Class: 533K(640K)->533K(640K)
[12.996s][info][gc             ] GC(187) Pause Young (Allocation Failure) 2033M->2033M(2126M) 57.248ms
[12.996s][info][gc,cpu         ] GC(187) User=0.34s Sys=0.05s Real=0.06s
[12.996s][info][gc,start       ] GC(188) Pause Full (Ergonomics)
[12.996s][info][gc,phases,start] GC(188) Marking Phase
[13.490s][info][gc,phases      ] GC(188) Marking Phase 493.879ms
[13.490s][info][gc,phases,start] GC(188) Summary Phase
[13.490s][info][gc,phases      ] GC(188) Summary Phase 0.039ms
[13.490s][info][gc,phases,start] GC(188) Adjust Roots
[13.490s][info][gc,phases      ] GC(188) Adjust Roots 0.198ms
[13.490s][info][gc,phases,start] GC(188) Compaction Phase
[13.703s][info][gc,phases      ] GC(188) Compaction Phase 212.912ms
[13.703s][info][gc,phases,start] GC(188) Post Compact
[13.707s][info][gc,phases      ] GC(188) Post Compact 3.907ms
[13.708s][info][gc,heap        ] GC(188) PSYoungGen: 70400K(142336K)->45037K(142336K) Eden: 0K(36352K)->0K(36352K) From: 70400K(105984K)->45037K(105984K)
[13.708s][info][gc,heap        ] GC(188) ParOldGen: 2012371K(2035200K)->2034804K(2257920K)
[13.708s][info][gc,metaspace   ] GC(188) Metaspace: 6302K(6464K)->6302K(6464K) NonClass: 5768K(5824K)->5768K(5824K) Class: 533K(640K)->533K(640K)
[13.708s][info][gc             ] GC(188) Pause Full (Ergonomics) 2033M->2031M(2344M) 712.201ms
[13.708s][info][gc,cpu         ] GC(188) User=5.33s Sys=0.00s Real=0.71s
[13.754s][info][gc,start       ] GC(189) Pause Young (Allocation Failure)
[13.896s][info][gc,heap        ] GC(189) PSYoungGen: 81389K(142336K)->59712K(140800K) Eden: 36352K(36352K)->0K(39936K) From: 45037K(105984K)->59712K(100864K)
[13.896s][info][gc,heap        ] GC(189) ParOldGen: 2034804K(2257920K)->2057044K(2257920K)
[13.896s][info][gc,metaspace   ] GC(189) Metaspace: 6302K(6464K)->6302K(6464K) NonClass: 5768K(5824K)->5768K(5824K) Class: 533K(640K)->533K(640K)
[13.896s][info][gc             ] GC(189) Pause Young (Allocation Failure) 2066M->2067M(2342M) 142.257ms
[13.896s][info][gc,cpu         ] GC(189) User=0.91s Sys=0.00s Real=0.14s
[13.947s][info][gc,start       ] GC(190) Pause Young (Allocation Failure)
[14.005s][info][gc,heap        ] GC(190) PSYoungGen: 99648K(140800K)->99648K(144896K) Eden: 39936K(39936K)->0K(39936K) From: 59712K(100864K)->99648K(104960K)
[14.005s][info][gc,heap        ] GC(190) ParOldGen: 2057044K(2257920K)->2057044K(2257920K)
[14.005s][info][gc,metaspace   ] GC(190) Metaspace: 6302K(6464K)->6302K(6464K) NonClass: 5768K(5824K)->5768K(5824K) Class: 533K(640K)->533K(640K)
[14.005s][info][gc             ] GC(190) Pause Young (Allocation Failure) 2106M->2106M(2346M) 58.324ms
[14.005s][info][gc,cpu         ] GC(190) User=0.34s Sys=0.00s Real=0.06s
[14.056s][info][gc,start       ] GC(191) Pause Young (Allocation Failure)
[14.142s][info][gc,heap        ] GC(191) PSYoungGen: 139584K(144896K)->117248K(137216K) Eden: 39936K(39936K)->0K(19968K) From: 99648K(104960K)->117248K(117248K)
[14.142s][info][gc,heap        ] GC(191) ParOldGen: 2057044K(2257920K)->2079556K(2257920K)
[14.142s][info][gc,metaspace   ] GC(191) Metaspace: 6302K(6464K)->6302K(6464K) NonClass: 5768K(5824K)->5768K(5824K) Class: 533K(640K)->533K(640K)
[14.142s][info][gc             ] GC(191) Pause Young (Allocation Failure) 2145M->2145M(2339M) 86.043ms
[14.142s][info][gc,cpu         ] GC(191) User=0.56s Sys=0.05s Real=0.09s
[14.170s][info][gc,start       ] GC(192) Pause Young (Allocation Failure)
[14.243s][info][gc,heap        ] GC(192) PSYoungGen: 137216K(137216K)->89664K(161280K) Eden: 19968K(19968K)->0K(19968K) From: 117248K(117248K)->89664K(141312K)
[14.243s][info][gc,heap        ] GC(192) ParOldGen: 2079556K(2257920K)->2127732K(2257920K)
[14.243s][info][gc,metaspace   ] GC(192) Metaspace: 6302K(6464K)->6302K(6464K) NonClass: 5768K(5824K)->5768K(5824K) Class: 533K(640K)->533K(640K)
[14.243s][info][gc             ] GC(192) Pause Young (Allocation Failure) 2164M->2165M(2362M) 73.263ms
[14.243s][info][gc,cpu         ] GC(192) User=0.47s Sys=0.05s Real=0.07s
[14.270s][info][gc,start       ] GC(193) Pause Young (Allocation Failure)
[14.329s][info][gc,heap        ] GC(193) PSYoungGen: 109632K(161280K)->75168K(155136K) Eden: 19968K(19968K)->0K(22528K) From: 89664K(141312K)->75168K(132608K)
[14.329s][info][gc,heap        ] GC(193) ParOldGen: 2127732K(2257920K)->2162692K(2257920K)
[14.329s][info][gc,metaspace   ] GC(193) Metaspace: 6302K(6464K)->6302K(6464K) NonClass: 5768K(5824K)->5768K(5824K) Class: 533K(640K)->533K(640K)
[14.329s][info][gc             ] GC(193) Pause Young (Allocation Failure) 2184M->2185M(2356M) 58.846ms
[14.329s][info][gc,cpu         ] GC(193) User=0.38s Sys=0.02s Real=0.06s
[14.356s][info][gc,start       ] GC(194) Pause Young (Allocation Failure)
[14.412s][info][gc,heap        ] GC(194) PSYoungGen: 97696K(155136K)->42656K(160256K) Eden: 22528K(22528K)->0K(22528K) From: 75168K(132608K)->42656K(137728K)
[14.412s][info][gc,heap        ] GC(194) ParOldGen: 2162692K(2257920K)->2218372K(2257920K)
[14.412s][info][gc,metaspace   ] GC(194) Metaspace: 6302K(6464K)->6302K(6464K) NonClass: 5768K(5824K)->5768K(5824K) Class: 533K(640K)->533K(640K)
[14.412s][info][gc             ] GC(194) Pause Young (Allocation Failure) 2207M->2208M(2361M) 55.265ms
[14.412s][info][gc,cpu         ] GC(194) User=0.33s Sys=0.03s Real=0.06s
[14.412s][info][gc,start       ] GC(195) Pause Full (Ergonomics)
[14.412s][info][gc,phases,start] GC(195) Marking Phase
[14.935s][info][gc,phases      ] GC(195) Marking Phase 523.583ms
[14.935s][info][gc,phases,start] GC(195) Summary Phase
[14.935s][info][gc,phases      ] GC(195) Summary Phase 0.040ms
[14.936s][info][gc,phases,start] GC(195) Adjust Roots
[14.936s][info][gc,phases      ] GC(195) Adjust Roots 0.203ms
[14.936s][info][gc,phases,start] GC(195) Compaction Phase
[15.148s][info][gc,phases      ] GC(195) Compaction Phase 211.777ms
[15.148s][info][gc,phases,start] GC(195) Post Compact
[15.152s][info][gc,phases      ] GC(195) Post Compact 4.258ms
[15.153s][info][gc,heap        ] GC(195) PSYoungGen: 42656K(160256K)->541K(160256K) Eden: 0K(22528K)->0K(22528K) From: 42656K(137728K)->541K(137728K)
[15.153s][info][gc,heap        ] GC(195) ParOldGen: 2218372K(2257920K)->2257799K(2507776K)
[15.153s][info][gc,metaspace   ] GC(195) Metaspace: 6302K(6464K)->6302K(6464K) NonClass: 5768K(5824K)->5768K(5824K) Class: 533K(640K)->533K(640K)
[15.153s][info][gc             ] GC(195) Pause Full (Ergonomics) 2208M->2205M(2605M) 741.168ms
[15.153s][info][gc,cpu         ] GC(195) User=5.42s Sys=0.06s Real=0.74s
[15.182s][info][gc,start       ] GC(196) Pause Young (Allocation Failure)
[15.295s][info][gc,heap        ] GC(196) PSYoungGen: 23069K(160256K)->22688K(160768K) Eden: 22528K(22528K)->0K(25088K) From: 541K(137728K)->22688K(135680K)
[15.295s][info][gc,heap        ] GC(196) ParOldGen: 2257799K(2507776K)->2258375K(2507776K)
[15.295s][info][gc,metaspace   ] GC(196) Metaspace: 6302K(6464K)->6302K(6464K) NonClass: 5768K(5824K)->5768K(5824K) Class: 533K(640K)->533K(640K)
[15.295s][info][gc             ] GC(196) Pause Young (Allocation Failure) 2227M->2227M(2606M) 112.990ms
[15.295s][info][gc,cpu         ] GC(196) User=0.66s Sys=0.02s Real=0.11s
[15.326s][info][gc,start       ] GC(197) Pause Young (Allocation Failure)
[15.360s][info][gc,heap        ] GC(197) PSYoungGen: 47776K(160768K)->25216K(161280K) Eden: 25088K(25088K)->0K(25088K) From: 22688K(135680K)->25216K(136192K)
[15.360s][info][gc,heap        ] GC(197) ParOldGen: 2258375K(2507776K)->2281119K(2507776K)
[15.360s][info][gc,metaspace   ] GC(197) Metaspace: 6302K(6464K)->6302K(6464K) NonClass: 5768K(5824K)->5768K(5824K) Class: 533K(640K)->533K(640K)
[15.360s][info][gc             ] GC(197) Pause Young (Allocation Failure) 2252M->2252M(2606M) 34.267ms
[15.360s][info][gc,cpu         ] GC(197) User=0.16s Sys=0.00s Real=0.03s
[15.390s][info][gc,start       ] GC(198) Pause Young (Allocation Failure)
[15.427s][info][gc,heap        ] GC(198) PSYoungGen: 50304K(161280K)->25216K(160256K) Eden: 25088K(25088K)->0K(28160K) From: 25216K(136192K)->25216K(132096K)
[15.427s][info][gc,heap        ] GC(198) ParOldGen: 2281119K(2507776K)->2306431K(2507776K)
[15.427s][info][gc,metaspace   ] GC(198) Metaspace: 6302K(6464K)->6302K(6464K) NonClass: 5768K(5824K)->5768K(5824K) Class: 533K(640K)->533K(640K)
[15.427s][info][gc             ] GC(198) Pause Young (Allocation Failure) 2276M->2276M(2605M) 37.007ms
[15.427s][info][gc,cpu         ] GC(198) User=0.11s Sys=0.03s Real=0.04s
[15.461s][info][gc,start       ] GC(199) Pause Young (Allocation Failure)
[15.496s][info][gc,heap        ] GC(199) PSYoungGen: 53376K(160256K)->28320K(56832K) Eden: 28160K(28160K)->0K(28160K) From: 25216K(132096K)->28320K(28672K)
[15.496s][info][gc,heap        ] GC(199) ParOldGen: 2306431K(2507776K)->2331743K(2507776K)
[15.496s][info][gc,metaspace   ] GC(199) Metaspace: 6302K(6464K)->6302K(6464K) NonClass: 5768K(5824K)->5768K(5824K) Class: 533K(640K)->533K(640K)
[15.496s][info][gc             ] GC(199) Pause Young (Allocation Failure) 2304M->2304M(2504M) 34.967ms
[15.496s][info][gc,cpu         ] GC(199) User=0.14s Sys=0.02s Real=0.04s
[15.528s][info][gc,start       ] GC(200) Pause Young (Allocation Failure)
[15.565s][info][gc,heap        ] GC(200) PSYoungGen: 56480K(56832K)->28352K(153600K) Eden: 28160K(28160K)->0K(31232K) From: 28320K(28672K)->28352K(122368K)
[15.566s][info][gc,heap        ] GC(200) ParOldGen: 2331743K(2507776K)->2360167K(2507776K)
[15.566s][info][gc,metaspace   ] GC(200) Metaspace: 6302K(6464K)->6302K(6464K) NonClass: 5768K(5824K)->5768K(5824K) Class: 533K(640K)->533K(640K)
[15.566s][info][gc             ] GC(200) Pause Young (Allocation Failure) 2332M->2332M(2599M) 37.310ms
[15.566s][info][gc,cpu         ] GC(200) User=0.16s Sys=0.00s Real=0.04s
[15.603s][info][gc,start       ] GC(201) Pause Young (Allocation Failure)
[15.640s][info][gc,heap        ] GC(201) PSYoungGen: 59584K(153600K)->31392K(62976K) Eden: 31232K(31232K)->0K(31232K) From: 28352K(122368K)->31392K(31744K)
[15.640s][info][gc,heap        ] GC(201) ParOldGen: 2360167K(2507776K)->2388583K(2507776K)
[15.640s][info][gc,metaspace   ] GC(201) Metaspace: 6302K(6464K)->6302K(6464K) NonClass: 5768K(5824K)->5768K(5824K) Class: 533K(640K)->533K(640K)
[15.640s][info][gc             ] GC(201) Pause Young (Allocation Failure) 2363M->2363M(2510M) 37.578ms
[15.640s][info][gc,cpu         ] GC(201) User=0.19s Sys=0.06s Real=0.04s
[15.679s][info][gc,start       ] GC(202) Pause Young (Allocation Failure)
[15.719s][info][gc,heap        ] GC(202) PSYoungGen: 62624K(62976K)->31392K(147456K) Eden: 31232K(31232K)->0K(34816K) From: 31392K(31744K)->31392K(112640K)
[15.719s][info][gc,heap        ] GC(202) ParOldGen: 2388583K(2507776K)->2420103K(2507776K)
[15.719s][info][gc,metaspace   ] GC(202) Metaspace: 6302K(6464K)->6302K(6464K) NonClass: 5768K(5824K)->5768K(5824K) Class: 533K(640K)->533K(640K)
[15.719s][info][gc             ] GC(202) Pause Young (Allocation Failure) 2393M->2394M(2593M) 40.070ms
[15.719s][info][gc,cpu         ] GC(202) User=0.25s Sys=0.00s Real=0.04s
[15.763s][info][gc,start       ] GC(203) Pause Young (Allocation Failure)
[15.807s][info][gc,heap        ] GC(203) PSYoungGen: 66208K(147456K)->35008K(70144K) Eden: 34816K(34816K)->0K(34816K) From: 31392K(112640K)->35008K(35328K)
[15.807s][info][gc,heap        ] GC(203) ParOldGen: 2420103K(2507776K)->2451615K(2507776K)
[15.807s][info][gc,metaspace   ] GC(203) Metaspace: 6302K(6464K)->6302K(6464K) NonClass: 5768K(5824K)->5768K(5824K) Class: 533K(640K)->533K(640K)
[15.807s][info][gc             ] GC(203) Pause Young (Allocation Failure) 2428M->2428M(2517M) 44.308ms
[15.807s][info][gc,cpu         ] GC(203) User=0.22s Sys=0.05s Real=0.04s
[15.848s][info][gc,start       ] GC(204) Pause Young (Allocation Failure)
[15.892s][info][gc,heap        ] GC(204) PSYoungGen: 69824K(70144K)->34976K(140800K) Eden: 34816K(34816K)->0K(38912K) From: 35008K(35328K)->34976K(101888K)
[15.892s][info][gc,heap        ] GC(204) ParOldGen: 2451615K(2507776K)->2486743K(2507776K)
[15.892s][info][gc,metaspace   ] GC(204) Metaspace: 6302K(6464K)->6302K(6464K) NonClass: 5768K(5824K)->5768K(5824K) Class: 533K(640K)->533K(640K)
[15.892s][info][gc             ] GC(204) Pause Young (Allocation Failure) 2462M->2462M(2586M) 43.877ms
[15.892s][info][gc,cpu         ] GC(204) User=0.27s Sys=0.00s Real=0.04s
[15.892s][info][gc,start       ] GC(205) Pause Full (Ergonomics)
[15.892s][info][gc,phases,start] GC(205) Marking Phase
[16.476s][info][gc,phases      ] GC(205) Marking Phase 583.774ms
[16.476s][info][gc,phases,start] GC(205) Summary Phase
[16.476s][info][gc,phases      ] GC(205) Summary Phase 0.039ms
[16.476s][info][gc,phases,start] GC(205) Adjust Roots
[16.476s][info][gc,phases      ] GC(205) Adjust Roots 0.188ms
[16.476s][info][gc,phases,start] GC(205) Compaction Phase
[16.700s][info][gc,phases      ] GC(205) Compaction Phase 223.948ms
[16.700s][info][gc,phases,start] GC(205) Post Compact
[16.705s][info][gc,phases      ] GC(205) Post Compact 4.958ms
[16.706s][info][gc,heap        ] GC(205) PSYoungGen: 34976K(140800K)->11784K(145408K) Eden: 0K(38912K)->0K(43520K) From: 34976K(101888K)->11784K(101888K)
[16.706s][info][gc,heap        ] GC(205) ParOldGen: 2486743K(2507776K)->2507394K(2764288K)
[16.706s][info][gc,metaspace   ] GC(205) Metaspace: 6302K(6464K)->6302K(6464K) NonClass: 5768K(5824K)->5768K(5824K) Class: 533K(640K)->533K(640K)
[16.706s][info][gc             ] GC(205) Pause Full (Ergonomics) 2462M->2460M(2841M) 814.390ms
[16.706s][info][gc,cpu         ] GC(205) User=6.03s Sys=0.02s Real=0.82s
[16.756s][info][gc,start       ] GC(206) Pause Young (Allocation Failure)
[16.897s][info][gc,heap        ] GC(206) PSYoungGen: 55304K(145408K)->43680K(87552K) Eden: 43520K(43520K)->0K(43520K) From: 11784K(101888K)->43680K(44032K)
[16.898s][info][gc,heap        ] GC(206) ParOldGen: 2507394K(2764288K)->2519322K(2764288K)
[16.898s][info][gc,metaspace   ] GC(206) Metaspace: 6302K(6464K)->6302K(6464K) NonClass: 5768K(5824K)->5768K(5824K) Class: 533K(640K)->533K(640K)
[16.898s][info][gc             ] GC(206) Pause Young (Allocation Failure) 2502M->2502M(2785M) 141.450ms
[16.898s][info][gc,cpu         ] GC(206) User=1.03s Sys=0.00s Real=0.14s
[16.952s][info][gc,start       ] GC(207) Pause Young (Allocation Failure)
[17.001s][info][gc,heap        ] GC(207) PSYoungGen: 87200K(87552K)->87328K(138240K) Eden: 43520K(43520K)->0K(37376K) From: 43680K(44032K)->87328K(100864K)
[17.001s][info][gc,heap        ] GC(207) ParOldGen: 2519322K(2764288K)->2519322K(2764288K)
[17.001s][info][gc,metaspace   ] GC(207) Metaspace: 6302K(6464K)->6302K(6464K) NonClass: 5768K(5824K)->5768K(5824K) Class: 533K(640K)->533K(640K)
[17.001s][info][gc             ] GC(207) Pause Young (Allocation Failure) 2545M->2545M(2834M) 49.204ms
[17.001s][info][gc,cpu         ] GC(207) User=0.28s Sys=0.00s Real=0.05s
[17.047s][info][gc,start       ] GC(208) Pause Young (Allocation Failure)
[17.113s][info][gc,heap        ] GC(208) PSYoungGen: 124704K(138240K)->111104K(148480K) Eden: 37376K(37376K)->0K(37376K) From: 87328K(100864K)->111104K(111104K)
[17.114s][info][gc,heap        ] GC(208) ParOldGen: 2519322K(2764288K)->2532914K(2764288K)
[17.114s][info][gc,metaspace   ] GC(208) Metaspace: 6302K(6464K)->6302K(6464K) NonClass: 5768K(5824K)->5768K(5824K) Class: 533K(640K)->533K(640K)
[17.114s][info][gc             ] GC(208) Pause Young (Allocation Failure) 2582M->2582M(2844M) 66.191ms
[17.114s][info][gc,cpu         ] GC(208) User=0.41s Sys=0.00s Real=0.07s
[17.160s][info][gc,start       ] GC(209) Pause Young (Allocation Failure)
[17.246s][info][gc,heap        ] GC(209) PSYoungGen: 148480K(148480K)->69504K(169472K) Eden: 37376K(37376K)->0K(41472K) From: 111104K(111104K)->69504K(128000K)
[17.246s][info][gc,heap        ] GC(209) ParOldGen: 2532914K(2764288K)->2612610K(2764288K)
[17.246s][info][gc,metaspace   ] GC(209) Metaspace: 6302K(6464K)->6302K(6464K) NonClass: 5768K(5824K)->5768K(5824K) Class: 533K(640K)->533K(640K)
[17.246s][info][gc             ] GC(209) Pause Young (Allocation Failure) 2618M->2619M(2865M) 85.653ms
[17.246s][info][gc,cpu         ] GC(209) User=0.61s Sys=0.03s Real=0.09s
[17.298s][info][gc,start       ] GC(210) Pause Young (Allocation Failure)
[17.359s][info][gc,heap        ] GC(210) PSYoungGen: 110976K(169472K)->79104K(172032K) Eden: 41472K(41472K)->0K(41472K) From: 69504K(128000K)->79104K(130560K)
[17.359s][info][gc,heap        ] GC(210) ParOldGen: 2612610K(2764288K)->2644850K(2764288K)
[17.359s][info][gc,metaspace   ] GC(210) Metaspace: 6302K(6464K)->6302K(6464K) NonClass: 5768K(5824K)->5768K(5824K) Class: 533K(640K)->533K(640K)
[17.359s][info][gc             ] GC(210) Pause Young (Allocation Failure) 2659M->2660M(2867M) 61.176ms
[17.359s][info][gc,cpu         ] GC(210) User=0.36s Sys=0.03s Real=0.06s
[17.408s][info][gc,start       ] GC(211) Pause Young (Allocation Failure)
[17.480s][info][gc,heap        ] GC(211) PSYoungGen: 120576K(172032K)->83136K(175616K) Eden: 41472K(41472K)->0K(44544K) From: 79104K(130560K)->83136K(131072K)
[17.480s][info][gc,heap        ] GC(211) ParOldGen: 2644850K(2764288K)->2682570K(2764288K)
[17.480s][info][gc,metaspace   ] GC(211) Metaspace: 6302K(6464K)->6302K(6464K) NonClass: 5768K(5824K)->5768K(5824K) Class: 533K(640K)->533K(640K)
[17.480s][info][gc             ] GC(211) Pause Young (Allocation Failure) 2700M->2700M(2871M) 72.110ms
[17.480s][info][gc,cpu         ] GC(211) User=0.33s Sys=0.03s Real=0.07s
[17.536s][info][gc,start       ] GC(212) Pause Young (Allocation Failure)
[17.608s][info][gc,heap        ] GC(212) PSYoungGen: 127680K(175616K)->86240K(177152K) Eden: 44544K(44544K)->0K(44544K) From: 83136K(131072K)->86240K(132608K)
[17.609s][info][gc,heap        ] GC(212) ParOldGen: 2682570K(2764288K)->2724410K(2764288K)
[17.609s][info][gc,metaspace   ] GC(212) Metaspace: 6302K(6464K)->6302K(6464K) NonClass: 5768K(5824K)->5768K(5824K) Class: 533K(640K)->533K(640K)
[17.609s][info][gc             ] GC(212) Pause Young (Allocation Failure) 2744M->2744M(2872M) 72.291ms
[17.609s][info][gc,cpu         ] GC(212) User=0.48s Sys=0.03s Real=0.07s
[17.609s][info][gc,start       ] GC(213) Pause Full (Ergonomics)
[17.609s][info][gc,phases,start] GC(213) Marking Phase
[18.254s][info][gc,phases      ] GC(213) Marking Phase 645.660ms
[18.254s][info][gc,phases,start] GC(213) Summary Phase
[18.255s][info][gc,phases      ] GC(213) Summary Phase 0.059ms
[18.255s][info][gc,phases,start] GC(213) Adjust Roots
[18.255s][info][gc,phases      ] GC(213) Adjust Roots 0.271ms
[18.255s][info][gc,phases,start] GC(213) Compaction Phase
[18.505s][info][gc,phases      ] GC(213) Compaction Phase 250.189ms
[18.505s][info][gc,phases,start] GC(213) Post Compact
[18.511s][info][gc,phases      ] GC(213) Post Compact 5.982ms
[18.512s][info][gc,heap        ] GC(213) PSYoungGen: 86240K(177152K)->44041K(177152K) Eden: 0K(44544K)->0K(44544K) From: 86240K(132608K)->44041K(132608K)
[18.512s][info][gc,heap        ] GC(213) ParOldGen: 2724410K(2764288K)->2764196K(3057152K)
[18.512s][info][gc,metaspace   ] GC(213) Metaspace: 6302K(6464K)->6302K(6464K) NonClass: 5768K(5824K)->5768K(5824K) Class: 533K(640K)->533K(640K)
[18.512s][info][gc             ] GC(213) Pause Full (Ergonomics) 2744M->2742M(3158M) 903.451ms
[18.512s][info][gc,cpu         ] GC(213) User=6.83s Sys=0.00s Real=0.90s
[19.110s][info][gc,start       ] GC(214) Pause Young (Allocation Failure)
[19.267s][info][gc,heap        ] GC(214) PSYoungGen: 88585K(177152K)->67904K(172032K) Eden: 44544K(44544K)->0K(49152K) From: 44041K(132608K)->67904K(122880K)
[19.267s][info][gc,heap        ] GC(214) ParOldGen: 2895268K(3057152K)->2916404K(3057152K)
[19.267s][info][gc,metaspace   ] GC(214) Metaspace: 6302K(6464K)->6302K(6464K) NonClass: 5768K(5824K)->5768K(5824K) Class: 533K(640K)->533K(640K)
[19.267s][info][gc             ] GC(214) Pause Young (Allocation Failure) 2913M->2914M(3153M) 156.672ms
[19.267s][info][gc,cpu         ] GC(214) User=0.89s Sys=0.02s Real=0.16s
[19.320s][info][gc,start       ] GC(215) Pause Young (Allocation Failure)
[19.392s][info][gc,heap        ] GC(215) PSYoungGen: 117056K(172032K)->117120K(178176K) Eden: 49152K(49152K)->0K(49152K) From: 67904K(122880K)->117120K(129024K)
[19.392s][info][gc,heap        ] GC(215) ParOldGen: 2916404K(3057152K)->2916404K(3057152K)
[19.392s][info][gc,metaspace   ] GC(215) Metaspace: 6302K(6464K)->6302K(6464K) NonClass: 5768K(5824K)->5768K(5824K) Class: 533K(640K)->533K(640K)
[19.392s][info][gc             ] GC(215) Pause Young (Allocation Failure) 2962M->2962M(3159M) 72.041ms
[19.392s][info][gc,cpu         ] GC(215) User=0.25s Sys=0.00s Real=0.07s
[19.450s][info][gc,start       ] GC(216) Pause Young (Allocation Failure)
[19.538s][info][gc,heap        ] GC(216) PSYoungGen: 166272K(178176K)->141824K(167424K) Eden: 49152K(49152K)->0K(25600K) From: 117120K(129024K)->141824K(141824K)
[19.538s][info][gc,heap        ] GC(216) ParOldGen: 2916404K(3057152K)->2940996K(3057152K)
[19.538s][info][gc,metaspace   ] GC(216) Metaspace: 6302K(6464K)->6302K(6464K) NonClass: 5768K(5824K)->5768K(5824K) Class: 533K(640K)->533K(640K)
[19.538s][info][gc             ] GC(216) Pause Young (Allocation Failure) 3010M->3010M(3149M) 87.934ms
[19.538s][info][gc,cpu         ] GC(216) User=0.45s Sys=0.05s Real=0.09s
[19.563s][info][gc,start       ] GC(217) Pause Young (Allocation Failure)
[19.650s][info][gc,heap        ] GC(217) PSYoungGen: 167424K(167424K)->116928K(196096K) Eden: 25600K(25600K)->0K(25600K) From: 141824K(141824K)->116928K(170496K)
[19.651s][info][gc,heap        ] GC(217) ParOldGen: 2940996K(3057152K)->2991996K(3057152K)
[19.651s][info][gc,metaspace   ] GC(217) Metaspace: 6302K(6464K)->6302K(6464K) NonClass: 5768K(5824K)->5768K(5824K) Class: 533K(640K)->533K(640K)
[19.651s][info][gc             ] GC(217) Pause Young (Allocation Failure) 3035M->3036M(3177M) 87.969ms
[19.651s][info][gc,cpu         ] GC(217) User=0.47s Sys=0.08s Real=0.09s
[19.676s][info][gc,start       ] GC(218) Pause Young (Allocation Failure)
[19.755s][info][gc,heap        ] GC(218) PSYoungGen: 142528K(196096K)->93408K(194560K) Eden: 25600K(25600K)->0K(29184K) From: 116928K(170496K)->93408K(165376K)
[19.755s][info][gc,heap        ] GC(218) ParOldGen: 2991996K(3057152K)->3041540K(3057152K)
[19.755s][info][gc,metaspace   ] GC(218) Metaspace: 6302K(6464K)->6302K(6464K) NonClass: 5768K(5824K)->5768K(5824K) Class: 533K(640K)->533K(640K)
[19.755s][info][gc             ] GC(218) Pause Young (Allocation Failure) 3061M->3061M(3175M) 78.891ms
[19.755s][info][gc,cpu         ] GC(218) User=0.39s Sys=0.00s Real=0.08s
[19.755s][info][gc,start       ] GC(219) Pause Full (Ergonomics)
[19.755s][info][gc,phases,start] GC(219) Marking Phase
[20.441s][info][gc,phases      ] GC(219) Marking Phase 686.195ms
[20.441s][info][gc,phases,start] GC(219) Summary Phase
[20.441s][info][gc,phases      ] GC(219) Summary Phase 0.041ms
[20.441s][info][gc,phases,start] GC(219) Adjust Roots
[20.442s][info][gc,phases      ] GC(219) Adjust Roots 0.163ms
[20.442s][info][gc,phases,start] GC(219) Compaction Phase
[20.918s][info][gc,phases      ] GC(219) Compaction Phase 476.156ms
[20.918s][info][gc,phases,start] GC(219) Post Compact
[20.924s][info][gc,phases      ] GC(219) Post Compact 6.187ms
[20.925s][info][gc,heap        ] GC(219) PSYoungGen: 93408K(194560K)->10813K(198656K) Eden: 0K(29184K)->0K(33280K) From: 93408K(165376K)->10813K(165376K)
[20.925s][info][gc,heap        ] GC(219) ParOldGen: 3041540K(3057152K)->3056853K(3375616K)
[20.925s][info][gc,metaspace   ] GC(219) Metaspace: 6302K(6464K)->6302K(6464K) NonClass: 5768K(5824K)->5768K(5824K) Class: 533K(640K)->533K(640K)
[20.925s][info][gc             ] GC(219) Pause Full (Ergonomics) 3061M->2995M(3490M) 1170.102ms
[20.925s][info][gc,cpu         ] GC(219) User=8.41s Sys=0.00s Real=1.17s
[20.958s][info][gc,start       ] GC(220) Pause Young (Allocation Failure)
[21.110s][info][gc,heap        ] GC(220) PSYoungGen: 44093K(198656K)->35808K(203264K) Eden: 33280K(33280K)->0K(33280K) From: 10813K(165376K)->35808K(169984K)
[21.111s][info][gc,heap        ] GC(220) ParOldGen: 3056853K(3375616K)->3065389K(3375616K)
[21.111s][info][gc,metaspace   ] GC(220) Metaspace: 6302K(6464K)->6302K(6464K) NonClass: 5768K(5824K)->5768K(5824K) Class: 533K(640K)->533K(640K)
[21.111s][info][gc             ] GC(220) Pause Young (Allocation Failure) 3028M->3028M(3495M) 152.488ms
[21.111s][info][gc,cpu         ] GC(220) User=1.05s Sys=0.00s Real=0.15s
[21.141s][info][gc,start       ] GC(221) Pause Young (Allocation Failure)
[21.192s][info][gc,heap        ] GC(221) PSYoungGen: 69088K(203264K)->66784K(193024K) Eden: 33280K(33280K)->0K(36864K) From: 35808K(169984K)->66784K(156160K)
[21.192s][info][gc,heap        ] GC(221) ParOldGen: 3065389K(3375616K)->3067821K(3375616K)
[21.192s][info][gc,metaspace   ] GC(221) Metaspace: 6302K(6464K)->6302K(6464K) NonClass: 5768K(5824K)->5768K(5824K) Class: 533K(640K)->533K(640K)
[21.192s][info][gc             ] GC(221) Pause Young (Allocation Failure) 3061M->3061M(3485M) 50.780ms
[21.192s][info][gc,cpu         ] GC(221) User=0.09s Sys=0.00s Real=0.05s
[21.231s][info][gc,start       ] GC(222) Pause Young (Allocation Failure)
[21.297s][info][gc,heap        ] GC(222) PSYoungGen: 103648K(193024K)->70304K(107520K) Eden: 36864K(36864K)->0K(36864K) From: 66784K(156160K)->70304K(70656K)
[21.297s][info][gc,heap        ] GC(222) ParOldGen: 3067821K(3375616K)->3101413K(3375616K)
[21.297s][info][gc,metaspace   ] GC(222) Metaspace: 6302K(6464K)->6302K(6464K) NonClass: 5768K(5824K)->5768K(5824K) Class: 533K(640K)->533K(640K)
[21.297s][info][gc             ] GC(222) Pause Young (Allocation Failure) 3097M->3097M(3401M) 66.309ms
[21.297s][info][gc,cpu         ] GC(222) User=0.27s Sys=0.00s Real=0.07s
[21.340s][info][gc,start       ] GC(223) Pause Young (Allocation Failure)
[21.410s][info][gc,heap        ] GC(223) PSYoungGen: 107168K(107520K)->73952K(182784K) Eden: 36864K(36864K)->0K(41472K) From: 70304K(70656K)->73952K(141312K)
[21.410s][info][gc,heap        ] GC(223) ParOldGen: 3101413K(3375616K)->3134989K(3375616K)
[21.410s][info][gc,metaspace   ] GC(223) Metaspace: 6302K(6464K)->6302K(6464K) NonClass: 5768K(5824K)->5768K(5824K) Class: 533K(640K)->533K(640K)
[21.410s][info][gc             ] GC(223) Pause Young (Allocation Failure) 3133M->3133M(3475M) 70.859ms
[21.410s][info][gc,cpu         ] GC(223) User=0.23s Sys=0.00s Real=0.07s
[21.454s][info][gc,start       ] GC(224) Pause Young (Allocation Failure)
[21.522s][info][gc,heap        ] GC(224) PSYoungGen: 115424K(182784K)->41664K(189952K) Eden: 41472K(41472K)->0K(41472K) From: 73952K(141312K)->41664K(148480K)
[21.522s][info][gc,heap        ] GC(224) ParOldGen: 3134989K(3375616K)->3209349K(3375616K)
[21.522s][info][gc,metaspace   ] GC(224) Metaspace: 6302K(6464K)->6302K(6464K) NonClass: 5768K(5824K)->5768K(5824K) Class: 533K(640K)->533K(640K)
[21.522s][info][gc             ] GC(224) Pause Young (Allocation Failure) 3174M->3174M(3482M) 68.742ms
[21.522s][info][gc,cpu         ] GC(224) User=0.25s Sys=0.03s Real=0.07s
[21.565s][info][gc,start       ] GC(225) Pause Young (Allocation Failure)
[21.626s][info][gc,heap        ] GC(225) PSYoungGen: 83136K(189952K)->41632K(189952K) Eden: 41472K(41472K)->0K(46592K) From: 41664K(148480K)->41632K(143360K)
[21.627s][info][gc,heap        ] GC(225) ParOldGen: 3209349K(3375616K)->3251205K(3375616K)
[21.627s][info][gc,metaspace   ] GC(225) Metaspace: 6302K(6464K)->6302K(6464K) NonClass: 5768K(5824K)->5768K(5824K) Class: 533K(640K)->533K(640K)
[21.627s][info][gc             ] GC(225) Pause Young (Allocation Failure) 3215M->3215M(3482M) 61.909ms
[21.627s][info][gc,cpu         ] GC(225) User=0.17s Sys=0.00s Real=0.06s
[21.676s][info][gc,start       ] GC(226) Pause Young (Allocation Failure)
[21.738s][info][gc,heap        ] GC(226) PSYoungGen: 88224K(189952K)->46816K(192000K) Eden: 46592K(46592K)->0K(46592K) From: 41632K(143360K)->46816K(145408K)
[21.738s][info][gc,heap        ] GC(226) ParOldGen: 3251205K(3375616K)->3293053K(3375616K)
[21.738s][info][gc,metaspace   ] GC(226) Metaspace: 6302K(6464K)->6302K(6464K) NonClass: 5768K(5824K)->5768K(5824K) Class: 533K(640K)->533K(640K)
[21.738s][info][gc             ] GC(226) Pause Young (Allocation Failure) 3261M->3261M(3484M) 62.427ms
[21.738s][info][gc,cpu         ] GC(226) User=0.22s Sys=0.08s Real=0.06s
[21.793s][info][gc,start       ] GC(227) Pause Young (Allocation Failure)
[21.860s][info][gc,heap        ] GC(227) PSYoungGen: 93408K(192000K)->46752K(186880K) Eden: 46592K(46592K)->0K(52224K) From: 46816K(145408K)->46752K(134656K)
[21.860s][info][gc,heap        ] GC(227) ParOldGen: 3293053K(3375616K)->3340069K(3375616K)
[21.860s][info][gc,metaspace   ] GC(227) Metaspace: 6302K(6464K)->6302K(6464K) NonClass: 5768K(5824K)->5768K(5824K) Class: 533K(640K)->533K(640K)
[21.860s][info][gc             ] GC(227) Pause Young (Allocation Failure) 3307M->3307M(3479M) 66.771ms
[21.860s][info][gc,cpu         ] GC(227) User=0.20s Sys=0.02s Real=0.07s
[21.860s][info][gc,start       ] GC(228) Pause Full (Ergonomics)
[21.860s][info][gc,phases,start] GC(228) Marking Phase
[22.655s][info][gc,phases      ] GC(228) Marking Phase 794.922ms
[22.655s][info][gc,phases,start] GC(228) Summary Phase
[22.655s][info][gc,phases      ] GC(228) Summary Phase 0.050ms
[22.655s][info][gc,phases,start] GC(228) Adjust Roots
[22.656s][info][gc,phases      ] GC(228) Adjust Roots 0.158ms
[22.656s][info][gc,phases,start] GC(228) Compaction Phase
[22.981s][info][gc,phases      ] GC(228) Compaction Phase 325.836ms
[22.981s][info][gc,phases,start] GC(228) Post Compact
[22.988s][info][gc,phases      ] GC(228) Post Compact 6.704ms
[22.989s][info][gc,heap        ] GC(228) PSYoungGen: 46752K(186880K)->8230K(190464K) Eden: 0K(52224K)->0K(55808K) From: 46752K(134656K)->8230K(134656K)
[22.989s][info][gc,heap        ] GC(228) ParOldGen: 3340069K(3375616K)->3375602K(3729920K)
[22.989s][info][gc,metaspace   ] GC(228) Metaspace: 6302K(6464K)->6302K(6464K) NonClass: 5768K(5824K)->5768K(5824K) Class: 533K(640K)->533K(640K)
[22.989s][info][gc             ] GC(228) Pause Full (Ergonomics) 3307M->3304M(3828M) 1129.195ms
[22.990s][info][gc,cpu         ] GC(228) User=8.08s Sys=0.00s Real=1.13s
[23.054s][info][gc,start       ] GC(229) Pause Young (Allocation Failure)
[23.225s][info][gc,heap        ] GC(229) PSYoungGen: 64038K(190464K)->56000K(194048K) Eden: 55808K(55808K)->0K(55808K) From: 8230K(134656K)->56000K(138240K)
[23.225s][info][gc,heap        ] GC(229) ParOldGen: 3375602K(3729920K)->3383946K(3729920K)
[23.225s][info][gc,metaspace   ] GC(229) Metaspace: 6302K(6464K)->6302K(6464K) NonClass: 5768K(5824K)->5768K(5824K) Class: 533K(640K)->533K(640K)
[23.225s][info][gc             ] GC(229) Pause Young (Allocation Failure) 3359M->3359M(3832M) 171.577ms
[23.225s][info][gc,cpu         ] GC(229) User=1.11s Sys=0.00s Real=0.17s
[23.284s][info][gc,start       ] GC(230) Pause Young (Allocation Failure)
[23.355s][info][gc,heap        ] GC(230) PSYoungGen: 111808K(194048K)->111936K(183296K) Eden: 55808K(55808K)->0K(50688K) From: 56000K(138240K)->111936K(132608K)
[23.355s][info][gc,heap        ] GC(230) ParOldGen: 3383946K(3729920K)->3383946K(3729920K)
[23.355s][info][gc,metaspace   ] GC(230) Metaspace: 6302K(6464K)->6302K(6464K) NonClass: 5768K(5824K)->5768K(5824K) Class: 533K(640K)->533K(640K)
[23.355s][info][gc             ] GC(230) Pause Young (Allocation Failure) 3413M->3413M(3821M) 70.368ms
[23.355s][info][gc,cpu         ] GC(230) User=0.25s Sys=0.00s Real=0.07s
[23.404s][info][gc,start       ] GC(231) Pause Young (Allocation Failure)
[23.492s][info][gc,heap        ] GC(231) PSYoungGen: 162624K(183296K)->106784K(194048K) Eden: 50688K(50688K)->0K(50688K) From: 111936K(132608K)->106784K(143360K)
[23.492s][info][gc,heap        ] GC(231) ParOldGen: 3383946K(3729920K)->3440266K(3729920K)
[23.492s][info][gc,metaspace   ] GC(231) Metaspace: 6302K(6464K)->6302K(6464K) NonClass: 5768K(5824K)->5768K(5824K) Class: 533K(640K)->533K(640K)
[23.492s][info][gc             ] GC(231) Pause Young (Allocation Failure) 3463M->3463M(3832M) 88.164ms
[23.492s][info][gc,cpu         ] GC(231) User=0.53s Sys=0.06s Real=0.09s
[23.546s][info][gc,start       ] GC(232) Pause Young (Allocation Failure)
[23.630s][info][gc,heap        ] GC(232) PSYoungGen: 157472K(194048K)->101664K(202752K) Eden: 50688K(50688K)->0K(53248K) From: 106784K(143360K)->101664K(149504K)
[23.630s][info][gc,heap        ] GC(232) ParOldGen: 3440266K(3729920K)->3496586K(3729920K)
[23.630s][info][gc,metaspace   ] GC(232) Metaspace: 6302K(6464K)->6302K(6464K) NonClass: 5768K(5824K)->5768K(5824K) Class: 533K(640K)->533K(640K)
[23.630s][info][gc             ] GC(232) Pause Young (Allocation Failure) 3513M->3513M(3840M) 84.030ms
[23.630s][info][gc,cpu         ] GC(232) User=0.53s Sys=0.08s Real=0.09s
[23.690s][info][gc,start       ] GC(233) Pause Young (Allocation Failure)
[23.775s][info][gc,heap        ] GC(233) PSYoungGen: 154912K(202752K)->104256K(205824K) Eden: 53248K(53248K)->0K(53248K) From: 101664K(149504K)->104256K(152576K)
[23.775s][info][gc,heap        ] GC(233) ParOldGen: 3496586K(3729920K)->3547738K(3729920K)
[23.775s][info][gc,metaspace   ] GC(233) Metaspace: 6302K(6464K)->6302K(6464K) NonClass: 5768K(5824K)->5768K(5824K) Class: 533K(640K)->533K(640K)
[23.775s][info][gc             ] GC(233) Pause Young (Allocation Failure) 3565M->3566M(3843M) 85.004ms
[23.775s][info][gc,cpu         ] GC(233) User=0.48s Sys=0.05s Real=0.09s
[23.833s][info][gc,start       ] GC(234) Pause Young (Allocation Failure)
[23.922s][info][gc,heap        ] GC(234) PSYoungGen: 157504K(205824K)->106784K(211456K) Eden: 53248K(53248K)->0K(56320K) From: 104256K(152576K)->106784K(155136K)
[23.922s][info][gc,heap        ] GC(234) ParOldGen: 3547738K(3729920K)->3598890K(3729920K)
[23.922s][info][gc,metaspace   ] GC(234) Metaspace: 6302K(6464K)->6302K(6464K) NonClass: 5768K(5824K)->5768K(5824K) Class: 533K(640K)->533K(640K)
[23.922s][info][gc             ] GC(234) Pause Young (Allocation Failure) 3618M->3618M(3849M) 89.741ms
[23.922s][info][gc,cpu         ] GC(234) User=0.41s Sys=0.02s Real=0.09s
[23.980s][info][gc,start       ] GC(235) Pause Young (Allocation Failure)
[24.072s][info][gc,heap        ] GC(235) PSYoungGen: 163104K(211456K)->109888K(214528K) Eden: 56320K(56320K)->0K(56320K) From: 106784K(155136K)->109888K(158208K)
[24.072s][info][gc,heap        ] GC(235) ParOldGen: 3598890K(3729920K)->3652634K(3729920K)
[24.072s][info][gc,metaspace   ] GC(235) Metaspace: 6302K(6464K)->6302K(6464K) NonClass: 5768K(5824K)->5768K(5824K) Class: 533K(640K)->533K(640K)
[24.073s][info][gc             ] GC(235) Pause Young (Allocation Failure) 3673M->3674M(3852M) 92.955ms
[24.073s][info][gc,cpu         ] GC(235) User=0.44s Sys=0.00s Real=0.09s
[24.073s][info][gc,start       ] GC(236) Pause Full (Ergonomics)
[24.073s][info][gc,phases,start] GC(236) Marking Phase
[24.977s][info][gc,phases      ] GC(236) Marking Phase 904.734ms
[24.977s][info][gc,phases,start] GC(236) Summary Phase
[24.977s][info][gc,phases      ] GC(236) Summary Phase 0.049ms
[24.977s][info][gc,phases,start] GC(236) Adjust Roots
[24.978s][info][gc,phases      ] GC(236) Adjust Roots 0.204ms
[24.978s][info][gc,phases,start] GC(236) Compaction Phase
[25.336s][info][gc,phases      ] GC(236) Compaction Phase 358.091ms
[25.336s][info][gc,phases,start] GC(236) Post Compact
[25.343s][info][gc,phases      ] GC(236) Post Compact 7.191ms
[25.345s][info][gc,heap        ] GC(236) PSYoungGen: 109888K(214528K)->29804K(214528K) Eden: 0K(56320K)->0K(56320K) From: 109888K(158208K)->29804K(158208K)
[25.345s][info][gc,heap        ] GC(236) ParOldGen: 3652634K(3729920K)->3729622K(4123648K)
[25.345s][info][gc,metaspace   ] GC(236) Metaspace: 6302K(6464K)->6302K(6464K) NonClass: 5768K(5824K)->5768K(5824K) Class: 533K(640K)->533K(640K)
[25.345s][info][gc             ] GC(236) Pause Full (Ergonomics) 3674M->3671M(4236M) 1272.166ms
[25.345s][info][gc,cpu         ] GC(236) User=9.20s Sys=0.02s Real=1.27s
[25.401s][info][gc,start       ] GC(237) Pause Young (Allocation Failure)
[25.604s][info][gc,heap        ] GC(237) PSYoungGen: 86124K(214528K)->56544K(216576K) Eden: 56320K(56320K)->0K(61952K) From: 29804K(158208K)->56544K(154624K)
[25.604s][info][gc,heap        ] GC(237) ParOldGen: 3729622K(4123648K)->3759726K(4123648K)
[25.604s][info][gc,metaspace   ] GC(237) Metaspace: 6302K(6464K)->6302K(6464K) NonClass: 5768K(5824K)->5768K(5824K) Class: 533K(640K)->533K(640K)
[25.604s][info][gc             ] GC(237) Pause Young (Allocation Failure) 3726M->3726M(4238M) 203.317ms
[25.604s][info][gc,cpu         ] GC(237) User=1.33s Sys=0.02s Real=0.20s
[25.674s][info][gc,start       ] GC(238) Pause Young (Allocation Failure)
[25.742s][info][gc,heap        ] GC(238) PSYoungGen: 118496K(216576K)->118592K(220160K) Eden: 61952K(61952K)->0K(61952K) From: 56544K(154624K)->118592K(158208K)
[25.742s][info][gc,heap        ] GC(238) ParOldGen: 3759726K(4123648K)->3759726K(4123648K)
[25.742s][info][gc,metaspace   ] GC(238) Metaspace: 6302K(6464K)->6302K(6464K) NonClass: 5768K(5824K)->5768K(5824K) Class: 533K(640K)->533K(640K)
[25.742s][info][gc             ] GC(238) Pause Young (Allocation Failure) 3787M->3787M(4242M) 68.249ms
[25.742s][info][gc,cpu         ] GC(238) User=0.27s Sys=0.00s Real=0.07s
[25.806s][info][gc,start       ] GC(239) Pause Young (Allocation Failure)
[25.903s][info][gc,heap        ] GC(239) PSYoungGen: 180544K(220160K)->163840K(204288K) Eden: 61952K(61952K)->0K(40448K) From: 118592K(158208K)->163840K(163840K)
[25.903s][info][gc,heap        ] GC(239) ParOldGen: 3759726K(4123648K)->3776558K(4123648K)
[25.903s][info][gc,metaspace   ] GC(239) Metaspace: 6302K(6464K)->6302K(6464K) NonClass: 5768K(5824K)->5768K(5824K) Class: 533K(640K)->533K(640K)
[25.903s][info][gc             ] GC(239) Pause Young (Allocation Failure) 3847M->3848M(4226M) 96.971ms
[25.903s][info][gc,cpu         ] GC(239) User=0.58s Sys=0.05s Real=0.10s
[25.943s][info][gc,start       ] GC(240) Pause Young (Allocation Failure)
[26.047s][info][gc,heap        ] GC(240) PSYoungGen: 204288K(204288K)->93472K(134144K) Eden: 40448K(40448K)->0K(40448K) From: 163840K(163840K)->93472K(93696K)
[26.047s][info][gc,heap        ] GC(240) ParOldGen: 3776558K(4123648K)->3888342K(4123648K)
[26.047s][info][gc,metaspace   ] GC(240) Metaspace: 6302K(6464K)->6302K(6464K) NonClass: 5768K(5824K)->5768K(5824K) Class: 533K(640K)->533K(640K)
[26.047s][info][gc             ] GC(240) Pause Young (Allocation Failure) 3887M->3888M(4158M) 103.593ms
[26.047s][info][gc,cpu         ] GC(240) User=0.83s Sys=0.02s Real=0.10s
[26.090s][info][gc,start       ] GC(241) Pause Young (Allocation Failure)
[26.168s][info][gc,heap        ] GC(241) PSYoungGen: 133920K(134144K)->81120K(215040K) Eden: 40448K(40448K)->0K(45568K) From: 93472K(93696K)->81120K(169472K)
[26.168s][info][gc,heap        ] GC(241) ParOldGen: 3888342K(4123648K)->3941606K(4123648K)
[26.169s][info][gc,metaspace   ] GC(241) Metaspace: 6302K(6464K)->6302K(6464K) NonClass: 5768K(5824K)->5768K(5824K) Class: 533K(640K)->533K(640K)
[26.169s][info][gc             ] GC(241) Pause Young (Allocation Failure) 3927M->3928M(4237M) 78.623ms
[26.169s][info][gc,cpu         ] GC(241) User=0.39s Sys=0.02s Real=0.08s
[26.217s][info][gc,start       ] GC(242) Pause Young (Allocation Failure)
[26.298s][info][gc,heap        ] GC(242) PSYoungGen: 126688K(215040K)->45696K(221184K) Eden: 45568K(45568K)->0K(45568K) From: 81120K(169472K)->45696K(175616K)
[26.298s][info][gc,heap        ] GC(242) ParOldGen: 3941606K(4123648K)->4023198K(4123648K)
[26.299s][info][gc,metaspace   ] GC(242) Metaspace: 6302K(6464K)->6302K(6464K) NonClass: 5768K(5824K)->5768K(5824K) Class: 533K(640K)->533K(640K)
[26.299s][info][gc             ] GC(242) Pause Young (Allocation Failure) 3972M->3973M(4243M) 81.284ms
[26.299s][info][gc,cpu         ] GC(242) User=0.41s Sys=0.02s Real=0.08s
[26.299s][info][gc,start       ] GC(243) Pause Full (Ergonomics)
[26.299s][info][gc,phases,start] GC(243) Marking Phase
[27.342s][info][gc,phases      ] GC(243) Marking Phase 1042.928ms
[27.342s][info][gc,phases,start] GC(243) Summary Phase
[27.342s][info][gc,phases      ] GC(243) Summary Phase 0.107ms
[27.342s][info][gc,phases,start] GC(243) Adjust Roots
[27.342s][info][gc,phases      ] GC(243) Adjust Roots 0.165ms
[27.342s][info][gc,phases,start] GC(243) Compaction Phase
[27.681s][info][gc,phases      ] GC(243) Compaction Phase 338.810ms
[27.681s][info][gc,phases,start] GC(243) Post Compact
[27.687s][info][gc,phases      ] GC(243) Post Compact 5.904ms
[27.688s][info][gc,heap        ] GC(243) PSYoungGen: 45696K(221184K)->0K(226816K) Eden: 0K(45568K)->0K(51200K) From: 45696K(175616K)->0K(175616K)
[27.688s][info][gc,heap        ] GC(243) ParOldGen: 4023198K(4123648K)->4065925K(4516864K)
[27.688s][info][gc,metaspace   ] GC(243) Metaspace: 6302K(6464K)->6302K(6464K) NonClass: 5768K(5824K)->5768K(5824K) Class: 533K(640K)->533K(640K)
[27.688s][info][gc             ] GC(243) Pause Full (Ergonomics) 3973M->3970M(4632M) 1389.480ms
[27.688s][info][gc,cpu         ] GC(243) User=10.36s Sys=0.03s Real=1.39s
[27.750s][info][gc,start       ] GC(244) Pause Young (Allocation Failure)
[27.803s][info][gc,heap        ] GC(244) PSYoungGen: 51200K(226816K)->51392K(226816K) Eden: 51200K(51200K)->0K(51200K) From: 0K(175616K)->51392K(175616K)
[27.803s][info][gc,heap        ] GC(244) ParOldGen: 4065925K(4516864K)->4065925K(4516864K)
[27.803s][info][gc,metaspace   ] GC(244) Metaspace: 6302K(6464K)->6302K(6464K) NonClass: 5768K(5824K)->5768K(5824K) Class: 533K(640K)->533K(640K)
[27.803s][info][gc             ] GC(244) Pause Young (Allocation Failure) 4020M->4020M(4632M) 53.445ms
[27.803s][info][gc,cpu         ] GC(244) User=0.16s Sys=0.00s Real=0.05s
[27.858s][info][gc,start       ] GC(245) Pause Young (Allocation Failure)
[27.923s][info][gc,heap        ] GC(245) PSYoungGen: 102592K(226816K)->102720K(225280K) Eden: 51200K(51200K)->0K(56320K) From: 51392K(175616K)->102720K(168960K)
[27.923s][info][gc,heap        ] GC(245) ParOldGen: 4065925K(4516864K)->4065925K(4516864K)
[27.923s][info][gc,metaspace   ] GC(245) Metaspace: 6302K(6464K)->6302K(6464K) NonClass: 5768K(5824K)->5768K(5824K) Class: 533K(640K)->533K(640K)
[27.924s][info][gc             ] GC(245) Pause Young (Allocation Failure) 4070M->4070M(4631M) 65.664ms
[27.924s][info][gc,cpu         ] GC(245) User=0.30s Sys=0.00s Real=0.07s
[27.980s][info][gc,start       ] GC(246) Pause Young (Allocation Failure)
[28.066s][info][gc,heap        ] GC(246) PSYoungGen: 159040K(225280K)->159136K(227328K) Eden: 56320K(56320K)->0K(56320K) From: 102720K(168960K)->159136K(171008K)
[28.066s][info][gc,heap        ] GC(246) ParOldGen: 4065925K(4516864K)->4065925K(4516864K)
[28.066s][info][gc,metaspace   ] GC(246) Metaspace: 6302K(6464K)->6302K(6464K) NonClass: 5768K(5824K)->5768K(5824K) Class: 533K(640K)->533K(640K)
[28.066s][info][gc             ] GC(246) Pause Young (Allocation Failure) 4125M->4126M(4633M) 85.684ms
[28.066s][info][gc,cpu         ] GC(246) User=0.42s Sys=0.00s Real=0.09s
[28.131s][info][gc,start       ] GC(247) Pause Young (Allocation Failure)
[28.238s][info][gc,heap        ] GC(247) PSYoungGen: 215456K(227328K)->164192K(235520K) Eden: 56320K(56320K)->0K(46080K) From: 159136K(171008K)->164192K(189440K)
[28.239s][info][gc,heap        ] GC(247) ParOldGen: 4065925K(4516864K)->4117597K(4516864K)
[28.239s][info][gc,metaspace   ] GC(247) Metaspace: 6302K(6464K)->6302K(6464K) NonClass: 5768K(5824K)->5768K(5824K) Class: 533K(640K)->533K(640K)
[28.239s][info][gc             ] GC(247) Pause Young (Allocation Failure) 4181M->4181M(4641M) 107.247ms
[28.239s][info][gc,cpu         ] GC(247) User=0.84s Sys=0.00s Real=0.11s
[28.296s][info][gc,start       ] GC(248) Pause Young (Allocation Failure)
[28.401s][info][gc,heap        ] GC(248) PSYoungGen: 210272K(235520K)->159136K(251904K) Eden: 46080K(46080K)->0K(46080K) From: 164192K(189440K)->159136K(205824K)
[28.401s][info][gc,heap        ] GC(248) ParOldGen: 4117597K(4516864K)->4169269K(4516864K)
[28.401s][info][gc,metaspace   ] GC(248) Metaspace: 6302K(6464K)->6302K(6464K) NonClass: 5768K(5824K)->5768K(5824K) Class: 533K(640K)->533K(640K)
[28.401s][info][gc             ] GC(248) Pause Young (Allocation Failure) 4226M->4226M(4657M) 105.098ms
[28.401s][info][gc,cpu         ] GC(248) User=0.72s Sys=0.05s Real=0.11s
[28.459s][info][gc,start       ] GC(249) Pause Young (Allocation Failure)
[28.562s][info][gc,heap        ] GC(249) PSYoungGen: 205216K(251904K)->148864K(264192K) Eden: 46080K(46080K)->0K(47104K) From: 159136K(205824K)->148864K(217088K)
[28.562s][info][gc,heap        ] GC(249) ParOldGen: 4169269K(4516864K)->4226109K(4516864K)
[28.562s][info][gc,metaspace   ] GC(249) Metaspace: 6302K(6464K)->6302K(6464K) NonClass: 5768K(5824K)->5768K(5824K) Class: 533K(640K)->533K(640K)
[28.562s][info][gc             ] GC(249) Pause Young (Allocation Failure) 4271M->4272M(4669M) 102.746ms
[28.562s][info][gc,cpu         ] GC(249) User=0.75s Sys=0.02s Real=0.10s
[28.611s][info][gc,start       ] GC(250) Pause Young (Allocation Failure)
[28.709s][info][gc,heap        ] GC(250) PSYoungGen: 195968K(264192K)->139616K(268800K) Eden: 47104K(47104K)->0K(47104K) From: 148864K(217088K)->139616K(221696K)
[28.709s][info][gc,heap        ] GC(250) ParOldGen: 4226109K(4516864K)->4282941K(4516864K)
[28.709s][info][gc,metaspace   ] GC(250) Metaspace: 6302K(6464K)->6302K(6464K) NonClass: 5768K(5824K)->5768K(5824K) Class: 533K(640K)->533K(640K)
[28.709s][info][gc             ] GC(250) Pause Young (Allocation Failure) 4318M->4318M(4673M) 97.665ms
[28.709s][info][gc,cpu         ] GC(250) User=0.61s Sys=0.05s Real=0.10s
[28.754s][info][gc,start       ] GC(251) Pause Young (Allocation Failure)
[28.855s][info][gc,heap        ] GC(251) PSYoungGen: 186720K(268800K)->94496K(259072K) Eden: 47104K(47104K)->0K(53248K) From: 139616K(221696K)->94496K(205824K)
[28.855s][info][gc,heap        ] GC(251) ParOldGen: 4282941K(4516864K)->4375901K(4516864K)
[28.855s][info][gc,metaspace   ] GC(251) Metaspace: 6302K(6464K)->6302K(6464K) NonClass: 5768K(5824K)->5768K(5824K) Class: 533K(640K)->533K(640K)
[28.855s][info][gc             ] GC(251) Pause Young (Allocation Failure) 4364M->4365M(4664M) 100.658ms
[28.855s][info][gc,cpu         ] GC(251) User=0.66s Sys=0.03s Real=0.10s
[28.915s][info][gc,start       ] GC(252) Pause Young (Allocation Failure)
[28.995s][info][gc,heap        ] GC(252) PSYoungGen: 147744K(259072K)->53472K(266752K) Eden: 53248K(53248K)->0K(53248K) From: 94496K(205824K)->53472K(213504K)
[28.995s][info][gc,heap        ] GC(252) ParOldGen: 4375901K(4516864K)->4470925K(4516864K)
[28.995s][info][gc,metaspace   ] GC(252) Metaspace: 6302K(6464K)->6302K(6464K) NonClass: 5768K(5824K)->5768K(5824K) Class: 533K(640K)->533K(640K)
[28.995s][info][gc             ] GC(252) Pause Young (Allocation Failure) 4417M->4418M(4671M) 80.269ms
[28.995s][info][gc,cpu         ] GC(252) User=0.41s Sys=0.11s Real=0.08s
[28.995s][info][gc,start       ] GC(253) Pause Full (Ergonomics)
[28.995s][info][gc,phases,start] GC(253) Marking Phase
[30.012s][info][gc,phases      ] GC(253) Marking Phase 1016.552ms
[30.012s][info][gc,phases,start] GC(253) Summary Phase
[30.012s][info][gc,phases      ] GC(253) Summary Phase 0.106ms
[30.012s][info][gc,phases,start] GC(253) Adjust Roots
[30.013s][info][gc,phases      ] GC(253) Adjust Roots 0.260ms
[30.013s][info][gc,phases,start] GC(253) Compaction Phase
[30.391s][info][gc,phases      ] GC(253) Compaction Phase 378.494ms
[30.391s][info][gc,phases,start] GC(253) Post Compact
[30.398s][info][gc,phases      ] GC(253) Post Compact 6.868ms
[30.400s][info][gc,heap        ] GC(253) PSYoungGen: 53472K(266752K)->3661K(266752K) Eden: 0K(53248K)->0K(53248K) From: 53472K(213504K)->3661K(213504K)
[30.400s][info][gc,heap        ] GC(253) ParOldGen: 4470925K(4516864K)->4516649K(5018624K)
[30.400s][info][gc,metaspace   ] GC(253) Metaspace: 6302K(6464K)->6302K(6464K) NonClass: 5768K(5824K)->5768K(5824K) Class: 533K(640K)->533K(640K)
[30.400s][info][gc             ] GC(253) Pause Full (Ergonomics) 4418M->4414M(5161M) 1404.242ms
[30.400s][info][gc,cpu         ] GC(253) User=10.52s Sys=0.02s Real=1.40s
[30.470s][info][gc,start       ] GC(254) Pause Young (Allocation Failure)
[30.695s][info][gc,heap        ] GC(254) PSYoungGen: 56909K(266752K)->53472K(267264K) Eden: 53248K(53248K)->0K(58880K) From: 3661K(213504K)->53472K(208384K)
[30.695s][info][gc,heap        ] GC(254) ParOldGen: 4516649K(5018624K)->4520377K(5018624K)
[30.695s][info][gc,metaspace   ] GC(254) Metaspace: 6302K(6464K)->6302K(6464K) NonClass: 5768K(5824K)->5768K(5824K) Class: 533K(640K)->533K(640K)
[30.695s][info][gc             ] GC(254) Pause Young (Allocation Failure) 4466M->4466M(5162M) 225.381ms
[30.695s][info][gc,cpu         ] GC(254) User=1.42s Sys=0.00s Real=0.22s
[30.765s][info][gc,start       ] GC(255) Pause Young (Allocation Failure)
[30.839s][info][gc,heap        ] GC(255) PSYoungGen: 112352K(267264K)->59040K(270336K) Eden: 58880K(58880K)->0K(58880K) From: 53472K(208384K)->59040K(211456K)
[30.839s][info][gc,heap        ] GC(255) ParOldGen: 4520377K(5018624K)->4574113K(5018624K)
[30.839s][info][gc,metaspace   ] GC(255) Metaspace: 6302K(6464K)->6302K(6464K) NonClass: 5768K(5824K)->5768K(5824K) Class: 533K(640K)->533K(640K)
[30.839s][info][gc             ] GC(255) Pause Young (Allocation Failure) 4524M->4524M(5165M) 73.966ms
[30.839s][info][gc,cpu         ] GC(255) User=0.45s Sys=0.06s Real=0.07s
[30.903s][info][gc,start       ] GC(256) Pause Young (Allocation Failure)
[30.978s][info][gc,heap        ] GC(256) PSYoungGen: 117920K(270336K)->59072K(263680K) Eden: 58880K(58880K)->0K(65024K) From: 59040K(211456K)->59072K(198656K)
[30.978s][info][gc,heap        ] GC(256) ParOldGen: 4574113K(5018624K)->4633513K(5018624K)
[30.978s][info][gc,metaspace   ] GC(256) Metaspace: 6302K(6464K)->6302K(6464K) NonClass: 5768K(5824K)->5768K(5824K) Class: 533K(640K)->533K(640K)
[30.979s][info][gc             ] GC(256) Pause Young (Allocation Failure) 4582M->4582M(5158M) 75.378ms
[30.979s][info][gc,cpu         ] GC(256) User=0.41s Sys=0.00s Real=0.07s
[31.052s][info][gc,start       ] GC(257) Pause Young (Allocation Failure)
[31.131s][info][gc,heap        ] GC(257) PSYoungGen: 124096K(263680K)->65216K(268288K) Eden: 65024K(65024K)->0K(65024K) From: 59072K(198656K)->65216K(203264K)
[31.131s][info][gc,heap        ] GC(257) ParOldGen: 4633513K(5018624K)->4692937K(5018624K)
[31.131s][info][gc,metaspace   ] GC(257) Metaspace: 6302K(6464K)->6302K(6464K) NonClass: 5768K(5824K)->5768K(5824K) Class: 533K(640K)->533K(640K)
[31.131s][info][gc             ] GC(257) Pause Young (Allocation Failure) 4646M->4646M(5163M) 79.205ms
[31.131s][info][gc,cpu         ] GC(257) User=0.42s Sys=0.02s Real=0.08s
[31.211s][info][gc,start       ] GC(258) Pause Young (Allocation Failure)
[31.290s][info][gc,heap        ] GC(258) PSYoungGen: 130240K(268288K)->65248K(256512K) Eden: 65024K(65024K)->0K(72192K) From: 65216K(203264K)->65248K(184320K)
[31.290s][info][gc,heap        ] GC(258) ParOldGen: 4692937K(5018624K)->4758545K(5018624K)
[31.290s][info][gc,metaspace   ] GC(258) Metaspace: 6302K(6464K)->6302K(6464K) NonClass: 5768K(5824K)->5768K(5824K) Class: 533K(640K)->533K(640K)
[31.290s][info][gc             ] GC(258) Pause Young (Allocation Failure) 4710M->4710M(5151M) 79.674ms
[31.290s][info][gc,cpu         ] GC(258) User=0.44s Sys=0.05s Real=0.08s
[31.369s][info][gc,start       ] GC(259) Pause Young (Allocation Failure)
[31.463s][info][gc,heap        ] GC(259) PSYoungGen: 137440K(256512K)->72448K(262656K) Eden: 72192K(72192K)->0K(72192K) From: 65248K(184320K)->72448K(190464K)
[31.463s][info][gc,heap        ] GC(259) ParOldGen: 4758545K(5018624K)->4824137K(5018624K)
[31.464s][info][gc,metaspace   ] GC(259) Metaspace: 6302K(6464K)->6302K(6464K) NonClass: 5768K(5824K)->5768K(5824K) Class: 533K(640K)->533K(640K)
[31.464s][info][gc             ] GC(259) Pause Young (Allocation Failure) 4781M->4781M(5157M) 94.991ms
[31.464s][info][gc,cpu         ] GC(259) User=0.33s Sys=0.06s Real=0.10s
[31.542s][info][gc,start       ] GC(260) Pause Young (Allocation Failure)
[31.629s][info][gc,heap        ] GC(260) PSYoungGen: 144640K(262656K)->72448K(249344K) Eden: 72192K(72192K)->0K(80384K) From: 72448K(190464K)->72448K(168960K)
[31.629s][info][gc,heap        ] GC(260) ParOldGen: 4824137K(5018624K)->4896993K(5018624K)
[31.629s][info][gc,metaspace   ] GC(260) Metaspace: 6302K(6464K)->6302K(6464K) NonClass: 5768K(5824K)->5768K(5824K) Class: 533K(640K)->533K(640K)
[31.629s][info][gc             ] GC(260) Pause Young (Allocation Failure) 4852M->4852M(5144M) 87.822ms
[31.629s][info][gc,cpu         ] GC(260) User=0.53s Sys=0.02s Real=0.09s
[31.727s][info][gc,start       ] GC(261) Pause Young (Allocation Failure)
[31.820s][info][gc,heap        ] GC(261) PSYoungGen: 152832K(249344K)->80704K(256000K) Eden: 80384K(80384K)->0K(80384K) From: 72448K(168960K)->80704K(175616K)
[31.821s][info][gc,heap        ] GC(261) ParOldGen: 4896993K(5018624K)->4969841K(5018624K)
[31.821s][info][gc,metaspace   ] GC(261) Metaspace: 6302K(6464K)->6302K(6464K) NonClass: 5768K(5824K)->5768K(5824K) Class: 533K(640K)->533K(640K)
[31.821s][info][gc             ] GC(261) Pause Young (Allocation Failure) 4931M->4932M(5151M) 93.765ms
[31.821s][info][gc,cpu         ] GC(261) User=0.56s Sys=0.06s Real=0.09s
[31.821s][info][gc,start       ] GC(262) Pause Full (Ergonomics)
[31.821s][info][gc,phases,start] GC(262) Marking Phase
[33.043s][info][gc,phases      ] GC(262) Marking Phase 1222.402ms
[33.043s][info][gc,phases,start] GC(262) Summary Phase
[33.043s][info][gc,phases      ] GC(262) Summary Phase 0.076ms
[33.043s][info][gc,phases,start] GC(262) Adjust Roots
[33.044s][info][gc,phases      ] GC(262) Adjust Roots 0.279ms
[33.044s][info][gc,phases,start] GC(262) Compaction Phase
[33.472s][info][gc,phases      ] GC(262) Compaction Phase 428.225ms
[33.472s][info][gc,phases,start] GC(262) Post Compact
[33.481s][info][gc,phases      ] GC(262) Post Compact 9.139ms
[33.483s][info][gc,heap        ] GC(262) PSYoungGen: 80704K(256000K)->27716K(256000K) Eden: 0K(80384K)->0K(80384K) From: 80704K(175616K)->27716K(175616K)
[33.483s][info][gc,heap        ] GC(262) ParOldGen: 4969841K(5018624K)->5018178K(5552128K)
[33.483s][info][gc,metaspace   ] GC(262) Metaspace: 6302K(6464K)->6302K(6464K) NonClass: 5768K(5824K)->5768K(5824K) Class: 533K(640K)->533K(640K)
[33.483s][info][gc             ] GC(262) Pause Full (Ergonomics) 4932M->4927M(5672M) 1662.110ms
[33.483s][info][gc,cpu         ] GC(262) User=12.38s Sys=0.05s Real=1.66s
[33.573s][info][gc,start       ] GC(263) Pause Young (Allocation Failure)
[33.856s][info][gc,heap        ] GC(263) PSYoungGen: 108100K(256000K)->80672K(238592K) Eden: 80384K(80384K)->0K(88064K) From: 27716K(175616K)->80672K(150528K)
[33.857s][info][gc,heap        ] GC(263) ParOldGen: 5018178K(5552128K)->5046202K(5552128K)
[33.857s][info][gc,metaspace   ] GC(263) Metaspace: 6302K(6464K)->6302K(6464K) NonClass: 5768K(5824K)->5768K(5824K) Class: 533K(640K)->533K(640K)
[33.857s][info][gc             ] GC(263) Pause Young (Allocation Failure) 5006M->5006M(5655M) 283.784ms
[33.857s][info][gc,cpu         ] GC(263) User=1.73s Sys=0.08s Real=0.28s
[33.952s][info][gc,start       ] GC(264) Pause Young (Allocation Failure)
[34.051s][info][gc,heap        ] GC(264) PSYoungGen: 168736K(238592K)->159232K(247296K) Eden: 88064K(88064K)->0K(88064K) From: 80672K(150528K)->159232K(159232K)
[34.051s][info][gc,heap        ] GC(264) ParOldGen: 5046202K(5552128K)->5055818K(5552128K)
[34.051s][info][gc,metaspace   ] GC(264) Metaspace: 6302K(6464K)->6302K(6464K) NonClass: 5768K(5824K)->5768K(5824K) Class: 533K(640K)->533K(640K)
[34.051s][info][gc             ] GC(264) Pause Young (Allocation Failure) 5092M->5092M(5663M) 99.556ms
[34.051s][info][gc,cpu         ] GC(264) User=0.66s Sys=0.00s Real=0.10s
[34.158s][info][gc,start       ] GC(265) Pause Young (Allocation Failure)
[34.305s][info][gc,heap        ] GC(265) PSYoungGen: 247296K(247296K)->88384K(264192K) Eden: 88064K(88064K)->0K(96768K) From: 159232K(159232K)->88384K(167424K)
[34.305s][info][gc,heap        ] GC(265) ParOldGen: 5055818K(5552128K)->5216186K(5552128K)
[34.305s][info][gc,metaspace   ] GC(265) Metaspace: 6302K(6464K)->6302K(6464K) NonClass: 5768K(5824K)->5768K(5824K) Class: 533K(640K)->533K(640K)
[34.305s][info][gc             ] GC(265) Pause Young (Allocation Failure) 5178M->5180M(5680M) 147.345ms
[34.305s][info][gc,cpu         ] GC(265) User=0.91s Sys=0.12s Real=0.15s
[34.415s][info][gc,start       ] GC(266) Pause Young (Allocation Failure)
[34.525s][info][gc,heap        ] GC(266) PSYoungGen: 185152K(264192K)->175104K(271872K) Eden: 96768K(96768K)->0K(96768K) From: 88384K(167424K)->175104K(175104K)
[34.525s][info][gc,heap        ] GC(266) ParOldGen: 5216186K(5552128K)->5226354K(5552128K)
[34.525s][info][gc,metaspace   ] GC(266) Metaspace: 6302K(6464K)->6302K(6464K) NonClass: 5768K(5824K)->5768K(5824K) Class: 533K(640K)->533K(640K)
[34.525s][info][gc             ] GC(266) Pause Young (Allocation Failure) 5274M->5274M(5687M) 110.398ms
[34.525s][info][gc,cpu         ] GC(266) User=0.70s Sys=0.00s Real=0.11s
[34.645s][info][gc,start       ] GC(267) Pause Young (Allocation Failure)
[34.811s][info][gc,heap        ] GC(267) PSYoungGen: 271872K(271872K)->97056K(290304K) Eden: 96768K(96768K)->0K(107008K) From: 175104K(175104K)->97056K(183296K)
[34.811s][info][gc,heap        ] GC(267) ParOldGen: 5226354K(5552128K)->5402690K(5552128K)
[34.811s][info][gc,metaspace   ] GC(267) Metaspace: 6302K(6464K)->6302K(6464K) NonClass: 5768K(5824K)->5768K(5824K) Class: 533K(640K)->533K(640K)
[34.811s][info][gc             ] GC(267) Pause Young (Allocation Failure) 5369M->5370M(5705M) 166.852ms
[34.811s][info][gc,cpu         ] GC(267) User=1.19s Sys=0.09s Real=0.17s
[34.811s][info][gc,start       ] GC(268) Pause Full (Ergonomics)
[34.811s][info][gc,phases,start] GC(268) Marking Phase
[36.068s][info][gc,phases      ] GC(268) Marking Phase 1256.780ms
[36.068s][info][gc,phases,start] GC(268) Summary Phase
[36.068s][info][gc,phases      ] GC(268) Summary Phase 0.097ms
[36.068s][info][gc,phases,start] GC(268) Adjust Roots
[36.069s][info][gc,phases      ] GC(268) Adjust Roots 0.233ms
[36.069s][info][gc,phases,start] GC(268) Compaction Phase
[36.491s][info][gc,phases      ] GC(268) Compaction Phase 421.808ms
[36.491s][info][gc,phases,start] GC(268) Post Compact
[36.499s][info][gc,phases      ] GC(268) Post Compact 8.184ms
[36.501s][info][gc,heap        ] GC(268) PSYoungGen: 97056K(290304K)->0K(299008K) Eden: 0K(107008K)->0K(107008K) From: 97056K(183296K)->0K(192000K)
[36.501s][info][gc,heap        ] GC(268) ParOldGen: 5402690K(5552128K)->5495785K(6145024K)
[36.501s][info][gc,metaspace   ] GC(268) Metaspace: 6302K(6464K)->6302K(6464K) NonClass: 5768K(5824K)->5768K(5824K) Class: 533K(640K)->533K(640K)
[36.501s][info][gc             ] GC(268) Pause Full (Ergonomics) 5370M->5366M(6293M) 1689.372ms
[36.501s][info][gc,cpu         ] GC(268) User=12.81s Sys=0.11s Real=1.69s
[36.623s][info][gc,start       ] GC(269) Pause Young (Allocation Failure)
[36.700s][info][gc,heap        ] GC(269) PSYoungGen: 107008K(299008K)->107264K(292864K) Eden: 107008K(107008K)->0K(116224K) From: 0K(192000K)->107264K(176640K)
[36.700s][info][gc,heap        ] GC(269) ParOldGen: 5495785K(6145024K)->5495785K(6145024K)
[36.700s][info][gc,metaspace   ] GC(269) Metaspace: 6302K(6464K)->6302K(6464K) NonClass: 5768K(5824K)->5768K(5824K) Class: 533K(640K)->533K(640K)
[36.700s][info][gc             ] GC(269) Pause Young (Allocation Failure) 5471M->5471M(6287M) 76.563ms
[36.700s][info][gc,cpu         ] GC(269) User=0.39s Sys=0.00s Real=0.08s
[36.848s][info][gc,start       ] GC(270) Pause Young (Allocation Failure)
[36.972s][info][gc,heap        ] GC(270) PSYoungGen: 223488K(292864K)->185344K(301568K) Eden: 116224K(116224K)->0K(116224K) From: 107264K(176640K)->185344K(185344K)
[36.972s][info][gc,heap        ] GC(270) ParOldGen: 5495785K(6145024K)->5534393K(6145024K)
[36.972s][info][gc,metaspace   ] GC(270) Metaspace: 6302K(6464K)->6302K(6464K) NonClass: 5768K(5824K)->5768K(5824K) Class: 533K(640K)->533K(640K)
[36.972s][info][gc             ] GC(270) Pause Young (Allocation Failure) 5585M->5585M(6295M) 124.305ms
[36.972s][info][gc,cpu         ] GC(270) User=0.95s Sys=0.02s Real=0.12s
[38.223s][info][gc,start       ] GC(271) Pause Young (Allocation Failure)
[38.528s][info][gc,heap        ] GC(271) PSYoungGen: 301568K(301568K)->116544K(328192K) Eden: 116224K(116224K)->0K(125952K) From: 185344K(185344K)->116544K(202240K)
[38.528s][info][gc,heap        ] GC(271) ParOldGen: 5796537K(6145024K)->5983201K(6145024K)
[38.528s][info][gc,metaspace   ] GC(271) Metaspace: 6302K(6464K)->6302K(6464K) NonClass: 5768K(5824K)->5768K(5824K) Class: 533K(640K)->533K(640K)
[38.528s][info][gc             ] GC(271) Pause Young (Allocation Failure) 5955M->5956M(6321M) 304.779ms
[38.528s][info][gc,cpu         ] GC(271) User=2.02s Sys=0.14s Real=0.31s
[38.528s][info][gc,start       ] GC(272) Pause Full (Ergonomics)
[38.528s][info][gc,phases,start] GC(272) Marking Phase
[39.931s][info][gc,phases      ] GC(272) Marking Phase 1402.921ms
[39.931s][info][gc,phases,start] GC(272) Summary Phase
[39.931s][info][gc,phases      ] GC(272) Summary Phase 0.172ms
[39.931s][info][gc,phases,start] GC(272) Adjust Roots
[39.932s][info][gc,phases      ] GC(272) Adjust Roots 0.256ms
[39.932s][info][gc,phases,start] GC(272) Compaction Phase
[40.851s][info][gc,phases      ] GC(272) Compaction Phase 919.214ms
[40.851s][info][gc,phases,start] GC(272) Post Compact
[40.866s][info][gc,phases      ] GC(272) Post Compact 14.449ms
[40.868s][info][gc,heap        ] GC(272) PSYoungGen: 116544K(328192K)->0K(338432K) Eden: 0K(125952K)->0K(125952K) From: 116544K(202240K)->0K(212480K)
[40.868s][info][gc,heap        ] GC(272) ParOldGen: 5983201K(6145024K)->5966217K(6693888K)
[40.868s][info][gc,metaspace   ] GC(272) Metaspace: 6302K(6464K)->6302K(6464K) NonClass: 5768K(5824K)->5768K(5824K) Class: 533K(640K)->533K(640K)
[40.868s][info][gc             ] GC(272) Pause Full (Ergonomics) 5956M->5826M(6867M) 2339.653ms
[40.868s][info][gc,cpu         ] GC(272) User=16.34s Sys=0.08s Real=2.34s
[41.034s][info][gc,start       ] GC(273) Pause Young (Allocation Failure)
[41.154s][info][gc,heap        ] GC(273) PSYoungGen: 125952K(338432K)->126304K(334336K) Eden: 125952K(125952K)->0K(134656K) From: 0K(212480K)->126304K(199680K)
[41.154s][info][gc,heap        ] GC(273) ParOldGen: 5966217K(6693888K)->5966217K(6693888K)
[41.154s][info][gc,metaspace   ] GC(273) Metaspace: 6302K(6464K)->6302K(6464K) NonClass: 5768K(5824K)->5768K(5824K) Class: 533K(640K)->533K(640K)
[41.154s][info][gc             ] GC(273) Pause Young (Allocation Failure) 5949M->5949M(6863M) 120.026ms
[41.154s][info][gc,cpu         ] GC(273) User=0.36s Sys=0.00s Real=0.12s
[41.297s][info][gc,start       ] GC(274) Pause Young (Allocation Failure)
[41.483s][info][gc,heap        ] GC(274) PSYoungGen: 260960K(334336K)->206848K(341504K) Eden: 134656K(134656K)->0K(134656K) From: 126304K(199680K)->206848K(206848K)
[41.483s][info][gc,heap        ] GC(274) ParOldGen: 5966217K(6693888K)->6020849K(6693888K)
[41.483s][info][gc,metaspace   ] GC(274) Metaspace: 6302K(6464K)->6302K(6464K) NonClass: 5768K(5824K)->5768K(5824K) Class: 533K(640K)->533K(640K)
[41.483s][info][gc             ] GC(274) Pause Young (Allocation Failure) 6081M->6081M(6870M) 185.811ms
[41.483s][info][gc,cpu         ] GC(274) User=0.72s Sys=0.00s Real=0.19s
[41.634s][info][gc,start       ] GC(275) Pause Young (Allocation Failure)
[41.824s][info][gc,heap        ] GC(275) PSYoungGen: 341504K(341504K)->236768K(369664K) Eden: 134656K(134656K)->0K(117760K) From: 206848K(206848K)->236768K(251904K)
[41.824s][info][gc,heap        ] GC(275) ParOldGen: 6020849K(6693888K)->6126737K(6693888K)
[41.824s][info][gc,metaspace   ] GC(275) Metaspace: 6302K(6464K)->6302K(6464K) NonClass: 5768K(5824K)->5768K(5824K) Class: 533K(640K)->533K(640K)
[41.824s][info][gc             ] GC(275) Pause Young (Allocation Failure) 6213M->6214M(6898M) 190.546ms
[41.824s][info][gc,cpu         ] GC(275) User=1.06s Sys=0.19s Real=0.19s
[41.957s][info][gc,start       ] GC(276) Pause Young (Allocation Failure)
[42.159s][info][gc,heap        ] GC(276) PSYoungGen: 354528K(369664K)->279552K(397312K) Eden: 117760K(117760K)->0K(117760K) From: 236768K(251904K)->279552K(279552K)
[42.159s][info][gc,heap        ] GC(276) ParOldGen: 6126737K(6693888K)->6202345K(6693888K)
[42.159s][info][gc,metaspace   ] GC(276) Metaspace: 6302K(6464K)->6302K(6464K) NonClass: 5768K(5824K)->5768K(5824K) Class: 533K(640K)->533K(640K)
[42.159s][info][gc             ] GC(276) Pause Young (Allocation Failure) 6329M->6329M(6925M) 201.882ms
[42.159s][info][gc,cpu         ] GC(276) User=1.23s Sys=0.02s Real=0.20s
[42.294s][info][gc,start       ] GC(277) Pause Young (Allocation Failure)
[42.530s][info][gc,heap        ] GC(277) PSYoungGen: 397312K(397312K)->205472K(470528K) Eden: 117760K(117760K)->0K(129536K) From: 279552K(279552K)->205472K(340992K)
[42.530s][info][gc,heap        ] GC(277) ParOldGen: 6202345K(6693888K)->6395809K(6693888K)
[42.530s][info][gc,metaspace   ] GC(277) Metaspace: 6302K(6464K)->6302K(6464K) NonClass: 5768K(5824K)->5768K(5824K) Class: 533K(640K)->533K(640K)
[42.530s][info][gc             ] GC(277) Pause Young (Allocation Failure) 6444M->6446M(6996M) 235.981ms
[42.530s][info][gc,cpu         ] GC(277) User=1.22s Sys=0.17s Real=0.24s
[42.686s][info][gc,start       ] GC(278) Pause Young (Allocation Failure)
[42.889s][info][gc,heap        ] GC(278) PSYoungGen: 335008K(470528K)->247872K(472064K) Eden: 129536K(129536K)->0K(129536K) From: 205472K(340992K)->247872K(342528K)
[42.889s][info][gc,heap        ] GC(278) ParOldGen: 6395809K(6693888K)->6483889K(6693888K)
[42.889s][info][gc,metaspace   ] GC(278) Metaspace: 6302K(6464K)->6302K(6464K) NonClass: 5768K(5824K)->5768K(5824K) Class: 533K(640K)->533K(640K)
[42.889s][info][gc             ] GC(278) Pause Young (Allocation Failure) 6573M->6573M(6998M) 203.224ms
[42.889s][info][gc,cpu         ] GC(278) User=0.84s Sys=0.03s Real=0.20s
[43.030s][info][gc,start       ] GC(279) Pause Young (Allocation Failure)
[43.235s][info][gc,heap        ] GC(279) PSYoungGen: 377408K(472064K)->259680K(485376K) Eden: 129536K(129536K)->0K(130048K) From: 247872K(342528K)->259680K(355328K)
[43.235s][info][gc,heap        ] GC(279) ParOldGen: 6483889K(6693888K)->6602705K(6693888K)
[43.236s][info][gc,metaspace   ] GC(279) Metaspace: 6302K(6464K)->6302K(6464K) NonClass: 5768K(5824K)->5768K(5824K) Class: 533K(640K)->533K(640K)
[43.236s][info][gc             ] GC(279) Pause Young (Allocation Failure) 6700M->6701M(7011M) 205.976ms
[43.236s][info][gc,cpu         ] GC(279) User=1.23s Sys=0.20s Real=0.21s
[43.236s][info][gc,start       ] GC(280) Pause Full (Ergonomics)
[43.236s][info][gc,phases,start] GC(280) Marking Phase
[45.029s][info][gc,phases      ] GC(280) Marking Phase 1793.604ms
[45.029s][info][gc,phases,start] GC(280) Summary Phase
[45.029s][info][gc,phases      ] GC(280) Summary Phase 0.120ms
[45.029s][info][gc,phases,start] GC(280) Adjust Roots
[45.030s][info][gc,phases      ] GC(280) Adjust Roots 0.317ms
[45.030s][info][gc,phases,start] GC(280) Compaction Phase
[45.806s][info][gc,phases      ] GC(280) Compaction Phase 776.251ms
[45.806s][info][gc,phases,start] GC(280) Post Compact
[45.822s][info][gc,phases      ] GC(280) Post Compact 15.659ms
[45.825s][info][gc,heap        ] GC(280) PSYoungGen: 259680K(485376K)->162404K(485376K) Eden: 0K(130048K)->0K(130048K) From: 259680K(355328K)->162404K(355328K)
[45.825s][info][gc,heap        ] GC(280) ParOldGen: 6602705K(6693888K)->6693445K(7477760K)
[45.825s][info][gc,metaspace   ] GC(280) Metaspace: 6302K(6464K)->6302K(6464K) NonClass: 5768K(5824K)->5768K(5824K) Class: 533K(640K)->533K(640K)
[45.825s][info][gc             ] GC(280) Pause Full (Ergonomics) 6701M->6695M(7776M) 2589.139ms
[45.825s][info][gc,cpu         ] GC(280) User=16.48s Sys=0.11s Real=2.59s
[45.979s][info][gc,start       ] GC(281) Pause Young (Allocation Failure)
[46.494s][info][gc,heap        ] GC(281) PSYoungGen: 292452K(485376K)->214880K(498688K) Eden: 130048K(130048K)->0K(130048K) From: 162404K(355328K)->214880K(368640K)
[46.494s][info][gc,heap        ] GC(281) ParOldGen: 6693445K(7477760K)->6772325K(7477760K)
[46.494s][info][gc,metaspace   ] GC(281) Metaspace: 6302K(6464K)->6302K(6464K) NonClass: 5768K(5824K)->5768K(5824K) Class: 533K(640K)->533K(640K)
[46.494s][info][gc             ] GC(281) Pause Young (Allocation Failure) 6822M->6823M(7789M) 514.942ms
[46.494s][info][gc,cpu         ] GC(281) User=2.94s Sys=0.19s Real=0.51s
[46.627s][info][gc,start       ] GC(282) Pause Young (Allocation Failure)
[46.846s][info][gc,heap        ] GC(282) PSYoungGen: 344928K(498688K)->345152K(462848K) Eden: 130048K(130048K)->0K(100864K) From: 214880K(368640K)->345152K(361984K)
[46.846s][info][gc,heap        ] GC(282) ParOldGen: 6772325K(7477760K)->6772325K(7477760K)
[46.846s][info][gc,metaspace   ] GC(282) Metaspace: 6302K(6464K)->6302K(6464K) NonClass: 5768K(5824K)->5768K(5824K) Class: 533K(640K)->533K(640K)
[46.846s][info][gc             ] GC(282) Pause Young (Allocation Failure) 6950M->6950M(7754M) 218.400ms
[46.846s][info][gc,cpu         ] GC(282) User=1.16s Sys=0.53s Real=0.22s
[46.957s][info][gc,start       ] GC(283) Pause Young (Allocation Failure)
[47.201s][info][gc,heap        ] GC(283) PSYoungGen: 446016K(462848K)->402944K(503808K) Eden: 100864K(100864K)->0K(100864K) From: 345152K(361984K)->402944K(402944K)
[47.202s][info][gc,heap        ] GC(283) ParOldGen: 6772325K(7477760K)->6815805K(7477760K)
[47.202s][info][gc,metaspace   ] GC(283) Metaspace: 6302K(6464K)->6302K(6464K) NonClass: 5768K(5824K)->5768K(5824K) Class: 533K(640K)->533K(640K)
[47.202s][info][gc             ] GC(283) Pause Young (Allocation Failure) 7049M->7049M(7794M) 244.317ms
[47.202s][info][gc,cpu         ] GC(283) User=1.55s Sys=0.17s Real=0.25s
[47.301s][info][gc,start       ] GC(284) Pause Young (Allocation Failure)
[47.694s][info][gc,heap        ] GC(284) PSYoungGen: 503808K(503808K)->307488K(580608K) Eden: 100864K(100864K)->0K(107008K) From: 402944K(402944K)->307488K(473600K)
[47.695s][info][gc,heap        ] GC(284) ParOldGen: 6815805K(7477760K)->7013845K(7477760K)
[47.695s][info][gc,metaspace   ] GC(284) Metaspace: 6302K(6464K)->6302K(6464K) NonClass: 5768K(5824K)->5768K(5824K) Class: 533K(640K)->533K(640K)
[47.695s][info][gc             ] GC(284) Pause Young (Allocation Failure) 7148M->7149M(7869M) 393.212ms
[47.695s][info][gc,cpu         ] GC(284) User=1.72s Sys=0.72s Real=0.39s
[47.820s][info][gc,start       ] GC(285) Pause Young (Allocation Failure)
[48.137s][info][gc,heap        ] GC(285) PSYoungGen: 414496K(580608K)->208416K(315904K) Eden: 107008K(107008K)->0K(107008K) From: 307488K(473600K)->208416K(208896K)
[48.137s][info][gc,heap        ] GC(285) ParOldGen: 7013845K(7477760K)->7221597K(7477760K)
[48.137s][info][gc,metaspace   ] GC(285) Metaspace: 6302K(6464K)->6302K(6464K) NonClass: 5768K(5824K)->5768K(5824K) Class: 533K(640K)->533K(640K)
[48.137s][info][gc             ] GC(285) Pause Young (Allocation Failure) 7254M->7255M(7611M) 316.936ms
[48.137s][info][gc,cpu         ] GC(285) User=1.38s Sys=0.86s Real=0.32s
[48.247s][info][gc,start       ] GC(286) Pause Young (Allocation Failure)
[48.520s][info][gc,heap        ] GC(286) PSYoungGen: 315424K(315904K)->107392K(577536K) Eden: 107008K(107008K)->0K(121344K) From: 208416K(208896K)->107392K(456192K)
[48.520s][info][gc,heap        ] GC(286) ParOldGen: 7221597K(7477760K)->7431301K(7477760K)
[48.520s][info][gc,metaspace   ] GC(286) Metaspace: 6302K(6464K)->6302K(6464K) NonClass: 5768K(5824K)->5768K(5824K) Class: 533K(640K)->533K(640K)
[48.520s][info][gc             ] GC(286) Pause Young (Allocation Failure) 7360M->7362M(7866M) 272.860ms
[48.520s][info][gc,cpu         ] GC(286) User=1.16s Sys=0.58s Real=0.27s
[48.520s][info][gc,start       ] GC(287) Pause Full (Ergonomics)
[48.520s][info][gc,phases,start] GC(287) Marking Phase
[50.363s][info][gc,phases      ] GC(287) Marking Phase 1842.554ms
[50.363s][info][gc,phases,start] GC(287) Summary Phase
[50.363s][info][gc,phases      ] GC(287) Summary Phase 0.111ms
[50.363s][info][gc,phases,start] GC(287) Adjust Roots
[50.363s][info][gc,phases      ] GC(287) Adjust Roots 0.219ms
[50.363s][info][gc,phases,start] GC(287) Compaction Phase
[51.230s][info][gc,phases      ] GC(287) Compaction Phase 866.713ms
[51.230s][info][gc,phases,start] GC(287) Post Compact
[51.246s][info][gc,phases      ] GC(287) Post Compact 16.203ms
[51.254s][info][gc,heap        ] GC(287) PSYoungGen: 107392K(577536K)->53836K(578560K) Eden: 0K(121344K)->0K(122368K) From: 107392K(456192K)->53836K(456192K)
[51.254s][info][gc,heap        ] GC(287) ParOldGen: 7431301K(7477760K)->7477666K(8392192K)
[51.254s][info][gc,metaspace   ] GC(287) Metaspace: 6302K(6464K)->6302K(6464K) NonClass: 5768K(5824K)->5768K(5824K) Class: 533K(640K)->533K(640K)
[51.254s][info][gc             ] GC(287) Pause Full (Ergonomics) 7362M->7354M(8760M) 2733.241ms
[51.254s][info][gc,cpu         ] GC(287) User=17.16s Sys=0.20s Real=2.73s
[51.388s][info][gc,start       ] GC(288) Pause Young (Allocation Failure)
[51.871s][info][gc,heap        ] GC(288) PSYoungGen: 176204K(578560K)->122720K(579584K) Eden: 122368K(122368K)->0K(122368K) From: 53836K(456192K)->122720K(457216K)
[51.871s][info][gc,heap        ] GC(288) ParOldGen: 7477666K(8392192K)->7532018K(8392192K)
[51.871s][info][gc,metaspace   ] GC(288) Metaspace: 6302K(6464K)->6302K(6464K) NonClass: 5768K(5824K)->5768K(5824K) Class: 533K(640K)->533K(640K)
[51.871s][info][gc             ] GC(288) Pause Young (Allocation Failure) 7474M->7475M(8761M) 482.303ms
[51.871s][info][gc,cpu         ] GC(288) User=2.95s Sys=0.16s Real=0.48s
[52.002s][info][gc,start       ] GC(289) Pause Young (Allocation Failure)
[52.179s][info][gc,heap        ] GC(289) PSYoungGen: 245088K(579584K)->122752K(567296K) Eden: 122368K(122368K)->0K(135680K) From: 122720K(457216K)->122752K(431616K)
[52.179s][info][gc,heap        ] GC(289) ParOldGen: 7532018K(8392192K)->7655482K(8392192K)
[52.179s][info][gc,metaspace   ] GC(289) Metaspace: 6302K(6464K)->6302K(6464K) NonClass: 5768K(5824K)->5768K(5824K) Class: 533K(640K)->533K(640K)
[52.179s][info][gc             ] GC(289) Pause Young (Allocation Failure) 7594M->7595M(8749M) 176.734ms
[52.179s][info][gc,cpu         ] GC(289) User=0.64s Sys=0.53s Real=0.18s
[52.361s][info][gc,start       ] GC(290) Pause Young (Allocation Failure)
[52.540s][info][gc,heap        ] GC(290) PSYoungGen: 258432K(567296K)->136064K(576512K) Eden: 135680K(135680K)->0K(135680K) From: 122752K(431616K)->136064K(440832K)
[52.540s][info][gc,heap        ] GC(290) ParOldGen: 7655482K(8392192K)->7778930K(8392192K)
[52.540s][info][gc,metaspace   ] GC(290) Metaspace: 6302K(6464K)->6302K(6464K) NonClass: 5768K(5824K)->5768K(5824K) Class: 533K(640K)->533K(640K)
[52.540s][info][gc             ] GC(290) Pause Young (Allocation Failure) 7728M->7729M(8758M) 178.991ms
[52.540s][info][gc,cpu         ] GC(290) User=0.78s Sys=0.34s Real=0.18s
[52.690s][info][gc,start       ] GC(291) Pause Young (Allocation Failure)
[52.885s][info][gc,heap        ] GC(291) PSYoungGen: 271744K(576512K)->136064K(552448K) Eden: 135680K(135680K)->0K(150528K) From: 136064K(440832K)->136064K(401920K)
[52.885s][info][gc,heap        ] GC(291) ParOldGen: 7778930K(8392192K)->7915818K(8392192K)
[52.885s][info][gc,metaspace   ] GC(291) Metaspace: 6302K(6464K)->6302K(6464K) NonClass: 5768K(5824K)->5768K(5824K) Class: 533K(640K)->533K(640K)
[52.885s][info][gc             ] GC(291) Pause Young (Allocation Failure) 7861M->7863M(8735M) 195.093ms
[52.885s][info][gc,cpu         ] GC(291) User=0.91s Sys=0.47s Real=0.19s
[53.043s][info][gc,start       ] GC(292) Pause Young (Allocation Failure)
[53.244s][info][gc,heap        ] GC(292) PSYoungGen: 286592K(552448K)->150912K(565248K) Eden: 150528K(150528K)->0K(150528K) From: 136064K(401920K)->150912K(414720K)
[53.244s][info][gc,heap        ] GC(292) ParOldGen: 7915818K(8392192K)->8052698K(8392192K)
[53.244s][info][gc,metaspace   ] GC(292) Metaspace: 6302K(6464K)->6302K(6464K) NonClass: 5768K(5824K)->5768K(5824K) Class: 533K(640K)->533K(640K)
[53.244s][info][gc             ] GC(292) Pause Young (Allocation Failure) 8010M->8011M(8747M) 200.918ms
[53.244s][info][gc,cpu         ] GC(292) User=1.08s Sys=0.44s Real=0.20s
[53.415s][info][gc,start       ] GC(293) Pause Young (Allocation Failure)
[53.626s][info][gc,heap        ] GC(293) PSYoungGen: 301440K(565248K)->150880K(535552K) Eden: 150528K(150528K)->0K(167424K) From: 150912K(414720K)->150880K(368128K)
[53.626s][info][gc,heap        ] GC(293) ParOldGen: 8052698K(8392192K)->8204570K(8392192K)
[53.626s][info][gc,metaspace   ] GC(293) Metaspace: 6302K(6464K)->6302K(6464K) NonClass: 5768K(5824K)->5768K(5824K) Class: 533K(640K)->533K(640K)
[53.626s][info][gc             ] GC(293) Pause Young (Allocation Failure) 8158M->8159M(8718M) 210.734ms
[53.626s][info][gc,cpu         ] GC(293) User=0.88s Sys=0.30s Real=0.21s
[53.626s][info][gc,start       ] GC(294) Pause Full (Ergonomics)
[53.626s][info][gc,phases,start] GC(294) Marking Phase
[55.551s][info][gc,phases      ] GC(294) Marking Phase 1925.173ms
[55.551s][info][gc,phases,start] GC(294) Summary Phase
[55.551s][info][gc,phases      ] GC(294) Summary Phase 0.168ms
[55.551s][info][gc,phases,start] GC(294) Adjust Roots
[55.552s][info][gc,phases      ] GC(294) Adjust Roots 0.215ms
[55.552s][info][gc,phases,start] GC(294) Compaction Phase
[56.314s][info][gc,phases      ] GC(294) Compaction Phase 762.047ms
[56.314s][info][gc,phases,start] GC(294) Post Compact
[56.327s][info][gc,phases      ] GC(294) Post Compact 12.849ms
[56.327s][info][gc,heap        ] GC(294) PSYoungGen: 150880K(535552K)->0K(550400K) Eden: 0K(167424K)->0K(167424K) From: 150880K(368128K)->0K(382976K)
[56.327s][info][gc,heap        ] GC(294) ParOldGen: 8204570K(8392192K)->8348463K(8465408K)
[56.327s][info][gc,metaspace   ] GC(294) Metaspace: 6302K(6464K)->6302K(6464K) NonClass: 5768K(5824K)->5768K(5824K) Class: 533K(640K)->533K(640K)
[56.327s][info][gc             ] GC(294) Pause Full (Ergonomics) 8159M->8152M(8804M) 2701.126ms
[56.327s][info][gc,cpu         ] GC(294) User=19.75s Sys=0.19s Real=2.70s
[56.499s][info][gc,start       ] GC(295) Pause Full (Ergonomics)
[56.499s][info][gc,phases,start] GC(295) Marking Phase
[58.418s][info][gc,phases      ] GC(295) Marking Phase 1919.181ms
[58.418s][info][gc,phases,start] GC(295) Summary Phase
[58.418s][info][gc,phases      ] GC(295) Summary Phase 0.107ms
[58.418s][info][gc,phases,start] GC(295) Adjust Roots
[58.419s][info][gc,phases      ] GC(295) Adjust Roots 0.249ms
[58.419s][info][gc,phases,start] GC(295) Compaction Phase
[59.005s][info][gc,phases      ] GC(295) Compaction Phase 586.514ms
[59.005s][info][gc,phases,start] GC(295) Post Compact
[59.020s][info][gc,phases      ] GC(295) Post Compact 14.960ms
[59.020s][info][gc,heap        ] GC(295) PSYoungGen: 167424K(550400K)->50676K(550400K) Eden: 167424K(167424K)->50676K(167424K) From: 0K(382976K)->0K(382976K)
[59.020s][info][gc,heap        ] GC(295) ParOldGen: 8348463K(8465408K)->8465176K(8465408K)
[59.020s][info][gc,metaspace   ] GC(295) Metaspace: 6302K(6464K)->6302K(6464K) NonClass: 5768K(5824K)->5768K(5824K) Class: 533K(640K)->533K(640K)
[59.020s][info][gc             ] GC(295) Pause Full (Ergonomics) 8316M->8316M(8804M) 2521.416ms
[59.020s][info][gc,cpu         ] GC(295) User=18.98s Sys=0.06s Real=2.52s
[59.138s][info][gc,start       ] GC(296) Pause Full (Ergonomics)
[59.138s][info][gc,phases,start] GC(296) Marking Phase
[61.075s][info][gc,phases      ] GC(296) Marking Phase 1936.529ms
[61.075s][info][gc,phases,start] GC(296) Summary Phase
[61.075s][info][gc,phases      ] GC(296) Summary Phase 0.180ms
[61.075s][info][gc,phases,start] GC(296) Adjust Roots
[61.075s][info][gc,phases      ] GC(296) Adjust Roots 0.303ms
[61.075s][info][gc,phases,start] GC(296) Compaction Phase
[61.659s][info][gc,phases      ] GC(296) Compaction Phase 583.427ms
[61.659s][info][gc,phases,start] GC(296) Post Compact
[61.672s][info][gc,phases      ] GC(296) Post Compact 12.848ms
[61.672s][info][gc,heap        ] GC(296) PSYoungGen: 167424K(550400K)->167400K(550400K) Eden: 167424K(167424K)->167400K(167424K) From: 0K(382976K)->0K(382976K)
[61.672s][info][gc,heap        ] GC(296) ParOldGen: 8465176K(8465408K)->8465176K(8465408K)
[61.672s][info][gc,metaspace   ] GC(296) Metaspace: 6302K(6464K)->6302K(6464K) NonClass: 5768K(5824K)->5768K(5824K) Class: 533K(640K)->533K(640K)
[61.672s][info][gc             ] GC(296) Pause Full (Ergonomics) 8430M->8430M(8804M) 2533.797ms
[61.672s][info][gc,cpu         ] GC(296) User=18.89s Sys=0.00s Real=2.53s
[61.672s][info][gc,start       ] GC(297) Pause Full (Ergonomics)
[61.672s][info][gc,phases,start] GC(297) Marking Phase
[63.574s][info][gc,phases      ] GC(297) Marking Phase 1902.030ms
[63.574s][info][gc,phases,start] GC(297) Summary Phase
[63.574s][info][gc,phases      ] GC(297) Summary Phase 0.098ms
[63.574s][info][gc,phases,start] GC(297) Adjust Roots
[63.575s][info][gc,phases      ] GC(297) Adjust Roots 0.188ms
[63.575s][info][gc,phases,start] GC(297) Compaction Phase
[64.146s][info][gc,phases      ] GC(297) Compaction Phase 571.168ms
[64.146s][info][gc,phases,start] GC(297) Post Compact
[64.159s][info][gc,phases      ] GC(297) Post Compact 12.780ms
[64.159s][info][gc,heap        ] GC(297) PSYoungGen: 167424K(550400K)->167423K(550400K) Eden: 167424K(167424K)->167423K(167424K) From: 0K(382976K)->0K(382976K)
[64.159s][info][gc,heap        ] GC(297) ParOldGen: 8465176K(8465408K)->8465176K(8465408K)
[64.159s][info][gc,metaspace   ] GC(297) Metaspace: 6302K(6464K)->6302K(6464K) NonClass: 5768K(5824K)->5768K(5824K) Class: 533K(640K)->533K(640K)
[64.159s][info][gc             ] GC(297) Pause Full (Ergonomics) 8430M->8430M(8804M) 2486.595ms
[64.159s][info][gc,cpu         ] GC(297) User=18.62s Sys=0.00s Real=2.49s
[64.159s][info][gc,start       ] GC(298) Pause Full (Ergonomics)
[64.159s][info][gc,phases,start] GC(298) Marking Phase
[66.089s][info][gc,phases      ] GC(298) Marking Phase 1929.537ms
[66.089s][info][gc,phases,start] GC(298) Summary Phase
[66.089s][info][gc,phases      ] GC(298) Summary Phase 0.082ms
[66.089s][info][gc,phases,start] GC(298) Adjust Roots
[66.089s][info][gc,phases      ] GC(298) Adjust Roots 0.165ms
[66.089s][info][gc,phases,start] GC(298) Compaction Phase
[66.664s][info][gc,phases      ] GC(298) Compaction Phase 574.909ms
[66.664s][info][gc,phases,start] GC(298) Post Compact
[66.677s][info][gc,phases      ] GC(298) Post Compact 12.994ms
[66.677s][info][gc,heap        ] GC(298) PSYoungGen: 167423K(550400K)->167423K(550400K) Eden: 167423K(167424K)->167423K(167424K) From: 0K(382976K)->0K(382976K)
[66.677s][info][gc,heap        ] GC(298) ParOldGen: 8465176K(8465408K)->8465176K(8465408K)
[66.677s][info][gc,metaspace   ] GC(298) Metaspace: 6302K(6464K)->6302K(6464K) NonClass: 5768K(5824K)->5768K(5824K) Class: 533K(640K)->533K(640K)
[66.677s][info][gc             ] GC(298) Pause Full (Ergonomics) 8430M->8430M(8804M) 2518.052ms
[66.677s][info][gc,cpu         ] GC(298) User=18.98s Sys=0.02s Real=2.52s
[66.677s][info][gc,start       ] GC(299) Pause Full (Ergonomics)
[66.677s][info][gc,phases,start] GC(299) Marking Phase
[68.583s][info][gc,phases      ] GC(299) Marking Phase 1906.182ms
[68.584s][info][gc,phases,start] GC(299) Summary Phase
[68.584s][info][gc,phases      ] GC(299) Summary Phase 0.083ms
[68.584s][info][gc,phases,start] GC(299) Adjust Roots
[68.584s][info][gc,phases      ] GC(299) Adjust Roots 0.186ms
[68.584s][info][gc,phases,start] GC(299) Compaction Phase
[69.144s][info][gc,phases      ] GC(299) Compaction Phase 560.359ms
[69.144s][info][gc,phases,start] GC(299) Post Compact
[69.158s][info][gc,phases      ] GC(299) Post Compact 13.312ms
[69.158s][info][gc,heap        ] GC(299) PSYoungGen: 167423K(550400K)->167423K(550400K) Eden: 167423K(167424K)->167423K(167424K) From: 0K(382976K)->0K(382976K)
[69.158s][info][gc,heap        ] GC(299) ParOldGen: 8465181K(8465408K)->8465181K(8465408K)
[69.158s][info][gc,metaspace   ] GC(299) Metaspace: 6302K(6464K)->6302K(6464K) NonClass: 5768K(5824K)->5768K(5824K) Class: 533K(640K)->533K(640K)
[69.158s][info][gc             ] GC(299) Pause Full (Ergonomics) 8430M->8430M(8804M) 2480.481ms
[69.158s][info][gc,cpu         ] GC(299) User=18.80s Sys=0.02s Real=2.48s
[69.158s][info][gc,start       ] GC(300) Pause Full (Ergonomics)
[69.158s][info][gc,phases,start] GC(300) Marking Phase
[71.075s][info][gc,phases      ] GC(300) Marking Phase 1917.461ms
[71.076s][info][gc,phases,start] GC(300) Summary Phase
[71.076s][info][gc,phases      ] GC(300) Summary Phase 0.161ms
[71.076s][info][gc,phases,start] GC(300) Adjust Roots
[71.076s][info][gc,phases      ] GC(300) Adjust Roots 0.271ms
[71.076s][info][gc,phases,start] GC(300) Compaction Phase
[71.661s][info][gc,phases      ] GC(300) Compaction Phase 584.869ms
[71.661s][info][gc,phases,start] GC(300) Post Compact
[71.674s][info][gc,phases      ] GC(300) Post Compact 13.131ms
[71.674s][info][gc,heap        ] GC(300) PSYoungGen: 167423K(550400K)->167423K(550400K) Eden: 167423K(167424K)->167423K(167424K) From: 0K(382976K)->0K(382976K)
[71.674s][info][gc,heap        ] GC(300) ParOldGen: 8465186K(8465408K)->8465186K(8465408K)
[71.674s][info][gc,metaspace   ] GC(300) Metaspace: 6302K(6464K)->6302K(6464K) NonClass: 5768K(5824K)->5768K(5824K) Class: 533K(640K)->533K(640K)
[71.674s][info][gc             ] GC(300) Pause Full (Ergonomics) 8430M->8430M(8804M) 2516.299ms
[71.674s][info][gc,cpu         ] GC(300) User=18.91s Sys=0.02s Real=2.52s
[71.674s][info][gc,start       ] GC(301) Pause Full (Ergonomics)
[71.674s][info][gc,phases,start] GC(301) Marking Phase
[73.578s][info][gc,phases      ] GC(301) Marking Phase 1903.808ms
[73.578s][info][gc,phases,start] GC(301) Summary Phase
[73.578s][info][gc,phases      ] GC(301) Summary Phase 0.082ms
[73.578s][info][gc,phases,start] GC(301) Adjust Roots
[73.579s][info][gc,phases      ] GC(301) Adjust Roots 0.169ms
[73.579s][info][gc,phases,start] GC(301) Compaction Phase
[74.183s][info][gc,phases      ] GC(301) Compaction Phase 604.755ms
[74.183s][info][gc,phases,start] GC(301) Post Compact
[74.196s][info][gc,phases      ] GC(301) Post Compact 12.926ms
[74.197s][info][gc,heap        ] GC(301) PSYoungGen: 167423K(550400K)->167423K(550400K) Eden: 167423K(167424K)->167423K(167424K) From: 0K(382976K)->0K(382976K)
[74.197s][info][gc,heap        ] GC(301) ParOldGen: 8465191K(8465408K)->8465191K(8465408K)
[74.197s][info][gc,metaspace   ] GC(301) Metaspace: 6302K(6464K)->6302K(6464K) NonClass: 5768K(5824K)->5768K(5824K) Class: 533K(640K)->533K(640K)
[74.197s][info][gc             ] GC(301) Pause Full (Ergonomics) 8430M->8430M(8804M) 2522.102ms
[74.197s][info][gc,cpu         ] GC(301) User=18.75s Sys=0.00s Real=2.52s
[74.197s][info][gc,start       ] GC(302) Pause Full (Ergonomics)
[74.197s][info][gc,phases,start] GC(302) Marking Phase
[76.137s][info][gc,phases      ] GC(302) Marking Phase 1940.681ms
[76.138s][info][gc,phases,start] GC(302) Summary Phase
[76.138s][info][gc,phases      ] GC(302) Summary Phase 0.083ms
[76.138s][info][gc,phases,start] GC(302) Adjust Roots
[76.138s][info][gc,phases      ] GC(302) Adjust Roots 0.207ms
[76.138s][info][gc,phases,start] GC(302) Compaction Phase
[76.688s][info][gc,phases      ] GC(302) Compaction Phase 550.105ms
[76.688s][info][gc,phases,start] GC(302) Post Compact
[76.701s][info][gc,phases      ] GC(302) Post Compact 12.505ms
[76.701s][info][gc,heap        ] GC(302) PSYoungGen: 167423K(550400K)->167423K(550400K) Eden: 167423K(167424K)->167423K(167424K) From: 0K(382976K)->0K(382976K)
[76.701s][info][gc,heap        ] GC(302) ParOldGen: 8465196K(8465408K)->8465196K(8465408K)
[76.701s][info][gc,metaspace   ] GC(302) Metaspace: 6302K(6464K)->6302K(6464K) NonClass: 5768K(5824K)->5768K(5824K) Class: 533K(640K)->533K(640K)
[76.701s][info][gc             ] GC(302) Pause Full (Ergonomics) 8430M->8430M(8804M) 2503.909ms
[76.701s][info][gc,cpu         ] GC(302) User=19.27s Sys=0.00s Real=2.50s
[76.701s][info][gc,start       ] GC(303) Pause Full (Ergonomics)
[76.701s][info][gc,phases,start] GC(303) Marking Phase
[78.655s][info][gc,phases      ] GC(303) Marking Phase 1954.321ms
[78.655s][info][gc,phases,start] GC(303) Summary Phase
[78.655s][info][gc,phases      ] GC(303) Summary Phase 0.128ms
[78.656s][info][gc,phases,start] GC(303) Adjust Roots
[78.656s][info][gc,phases      ] GC(303) Adjust Roots 0.327ms
[78.656s][info][gc,phases,start] GC(303) Compaction Phase
[79.221s][info][gc,phases      ] GC(303) Compaction Phase 565.313ms
[79.221s][info][gc,phases,start] GC(303) Post Compact
[79.235s][info][gc,phases      ] GC(303) Post Compact 13.637ms
[79.235s][info][gc,heap        ] GC(303) PSYoungGen: 167423K(550400K)->167423K(550400K) Eden: 167423K(167424K)->167423K(167424K) From: 0K(382976K)->0K(382976K)
[79.235s][info][gc,heap        ] GC(303) ParOldGen: 8465201K(8465408K)->8465201K(8465408K)
[79.235s][info][gc,metaspace   ] GC(303) Metaspace: 6302K(6464K)->6302K(6464K) NonClass: 5768K(5824K)->5768K(5824K) Class: 533K(640K)->533K(640K)
[79.235s][info][gc             ] GC(303) Pause Full (Ergonomics) 8430M->8430M(8804M) 2534.144ms
[79.235s][info][gc,cpu         ] GC(303) User=19.19s Sys=0.00s Real=2.53s
[79.235s][info][gc,start       ] GC(304) Pause Full (Ergonomics)
[79.235s][info][gc,phases,start] GC(304) Marking Phase
[81.183s][info][gc,phases      ] GC(304) Marking Phase 1947.804ms
[81.183s][info][gc,phases,start] GC(304) Summary Phase
[81.183s][info][gc,phases      ] GC(304) Summary Phase 0.119ms
[81.183s][info][gc,phases,start] GC(304) Adjust Roots
[81.184s][info][gc,phases      ] GC(304) Adjust Roots 0.280ms
[81.184s][info][gc,phases,start] GC(304) Compaction Phase
[81.763s][info][gc,phases      ] GC(304) Compaction Phase 579.473ms
[81.763s][info][gc,phases,start] GC(304) Post Compact
[81.777s][info][gc,phases      ] GC(304) Post Compact 13.779ms
[81.777s][info][gc,heap        ] GC(304) PSYoungGen: 167423K(550400K)->167423K(550400K) Eden: 167423K(167424K)->167423K(167424K) From: 0K(382976K)->0K(382976K)
[81.777s][info][gc,heap        ] GC(304) ParOldGen: 8465205K(8465408K)->8465205K(8465408K)
[81.777s][info][gc,metaspace   ] GC(304) Metaspace: 6302K(6464K)->6302K(6464K) NonClass: 5768K(5824K)->5768K(5824K) Class: 533K(640K)->533K(640K)
[81.777s][info][gc             ] GC(304) Pause Full (Ergonomics) 8430M->8430M(8804M) 2541.906ms
[81.777s][info][gc,cpu         ] GC(304) User=19.47s Sys=0.03s Real=2.54s
[81.777s][info][gc,start       ] GC(305) Pause Full (Ergonomics)
[81.777s][info][gc,phases,start] GC(305) Marking Phase
[83.736s][info][gc,phases      ] GC(305) Marking Phase 1958.584ms
[83.736s][info][gc,phases,start] GC(305) Summary Phase
[83.736s][info][gc,phases      ] GC(305) Summary Phase 0.145ms
[83.736s][info][gc,phases,start] GC(305) Adjust Roots
[83.737s][info][gc,phases      ] GC(305) Adjust Roots 0.328ms
[83.737s][info][gc,phases,start] GC(305) Compaction Phase
[84.313s][info][gc,phases      ] GC(305) Compaction Phase 575.893ms
[84.313s][info][gc,phases,start] GC(305) Post Compact
[84.327s][info][gc,phases      ] GC(305) Post Compact 14.286ms
[84.327s][info][gc,heap        ] GC(305) PSYoungGen: 167423K(550400K)->167423K(550400K) Eden: 167423K(167424K)->167423K(167424K) From: 0K(382976K)->0K(382976K)
[84.327s][info][gc,heap        ] GC(305) ParOldGen: 8465210K(8465408K)->8465210K(8465408K)
[84.327s][info][gc,metaspace   ] GC(305) Metaspace: 6302K(6464K)->6302K(6464K) NonClass: 5768K(5824K)->5768K(5824K) Class: 533K(640K)->533K(640K)
[84.327s][info][gc             ] GC(305) Pause Full (Ergonomics) 8430M->8430M(8804M) 2549.657ms
[84.327s][info][gc,cpu         ] GC(305) User=19.64s Sys=0.00s Real=2.55s
[84.327s][info][gc,start       ] GC(306) Pause Full (Ergonomics)
[84.327s][info][gc,phases,start] GC(306) Marking Phase
[86.298s][info][gc,phases      ] GC(306) Marking Phase 1971.124ms
[86.299s][info][gc,phases,start] GC(306) Summary Phase
[86.299s][info][gc,phases      ] GC(306) Summary Phase 0.145ms
[86.299s][info][gc,phases,start] GC(306) Adjust Roots
[86.299s][info][gc,phases      ] GC(306) Adjust Roots 0.321ms
[86.299s][info][gc,phases,start] GC(306) Compaction Phase
[86.865s][info][gc,phases      ] GC(306) Compaction Phase 565.981ms
[86.865s][info][gc,phases,start] GC(306) Post Compact
[86.877s][info][gc,phases      ] GC(306) Post Compact 12.032ms
[86.877s][info][gc,heap        ] GC(306) PSYoungGen: 167423K(550400K)->167423K(550400K) Eden: 167423K(167424K)->167423K(167424K) From: 0K(382976K)->0K(382976K)
[86.877s][info][gc,heap        ] GC(306) ParOldGen: 8465215K(8465408K)->8465215K(8465408K)
[86.877s][info][gc,metaspace   ] GC(306) Metaspace: 6302K(6464K)->6302K(6464K) NonClass: 5768K(5824K)->5768K(5824K) Class: 533K(640K)->533K(640K)
[86.877s][info][gc             ] GC(306) Pause Full (Ergonomics) 8430M->8430M(8804M) 2550.072ms
[86.877s][info][gc,cpu         ] GC(306) User=19.58s Sys=0.02s Real=2.55s
[86.878s][info][gc,start       ] GC(307) Pause Full (Ergonomics)
[86.878s][info][gc,phases,start] GC(307) Marking Phase
[88.814s][info][gc,phases      ] GC(307) Marking Phase 1936.823ms
[88.814s][info][gc,phases,start] GC(307) Summary Phase
[88.815s][info][gc,phases      ] GC(307) Summary Phase 0.114ms
[88.815s][info][gc,phases,start] GC(307) Adjust Roots
[88.815s][info][gc,phases      ] GC(307) Adjust Roots 0.266ms
[88.815s][info][gc,phases,start] GC(307) Compaction Phase
[89.446s][info][gc,phases      ] GC(307) Compaction Phase 630.875ms
[89.446s][info][gc,phases,start] GC(307) Post Compact
[89.459s][info][gc,phases      ] GC(307) Post Compact 12.656ms
[89.459s][info][gc,heap        ] GC(307) PSYoungGen: 167423K(550400K)->167423K(550400K) Eden: 167423K(167424K)->167423K(167424K) From: 0K(382976K)->0K(382976K)
[89.459s][info][gc,heap        ] GC(307) ParOldGen: 8465220K(8465408K)->8465220K(8465408K)
[89.459s][info][gc,metaspace   ] GC(307) Metaspace: 6302K(6464K)->6302K(6464K) NonClass: 5768K(5824K)->5768K(5824K) Class: 533K(640K)->533K(640K)
[89.459s][info][gc             ] GC(307) Pause Full (Ergonomics) 8430M->8430M(8804M) 2581.109ms
[89.459s][info][gc,cpu         ] GC(307) User=19.22s Sys=0.03s Real=2.58s
[89.459s][info][gc,start       ] GC(308) Pause Full (Ergonomics)
[89.459s][info][gc,phases,start] GC(308) Marking Phase
[91.391s][info][gc,phases      ] GC(308) Marking Phase 1932.194ms
[91.391s][info][gc,phases,start] GC(308) Summary Phase
[91.391s][info][gc,phases      ] GC(308) Summary Phase 0.089ms
[91.391s][info][gc,phases,start] GC(308) Adjust Roots
[91.391s][info][gc,phases      ] GC(308) Adjust Roots 0.161ms
[91.391s][info][gc,phases,start] GC(308) Compaction Phase
[92.033s][info][gc,phases      ] GC(308) Compaction Phase 641.213ms
[92.033s][info][gc,phases,start] GC(308) Post Compact
[92.046s][info][gc,phases      ] GC(308) Post Compact 12.975ms
[92.046s][info][gc,heap        ] GC(308) PSYoungGen: 167423K(550400K)->167423K(550400K) Eden: 167423K(167424K)->167423K(167424K) From: 0K(382976K)->0K(382976K)
[92.046s][info][gc,heap        ] GC(308) ParOldGen: 8465225K(8465408K)->8465225K(8465408K)
[92.046s][info][gc,metaspace   ] GC(308) Metaspace: 6302K(6464K)->6302K(6464K) NonClass: 5768K(5824K)->5768K(5824K) Class: 533K(640K)->533K(640K)
[92.046s][info][gc             ] GC(308) Pause Full (Ergonomics) 8430M->8430M(8804M) 2586.995ms
[92.046s][info][gc,cpu         ] GC(308) User=19.48s Sys=0.00s Real=2.59s
[92.046s][info][gc,start       ] GC(309) Pause Full (Ergonomics)
[92.046s][info][gc,phases,start] GC(309) Marking Phase
[93.979s][info][gc,phases      ] GC(309) Marking Phase 1932.920ms
[93.979s][info][gc,phases,start] GC(309) Summary Phase
[93.979s][info][gc,phases      ] GC(309) Summary Phase 0.081ms
[93.979s][info][gc,phases,start] GC(309) Adjust Roots
[93.979s][info][gc,phases      ] GC(309) Adjust Roots 0.170ms
[93.979s][info][gc,phases,start] GC(309) Compaction Phase
[94.635s][info][gc,phases      ] GC(309) Compaction Phase 656.100ms
[94.636s][info][gc,phases,start] GC(309) Post Compact
[94.648s][info][gc,phases      ] GC(309) Post Compact 12.771ms
[94.648s][info][gc,heap        ] GC(309) PSYoungGen: 167423K(550400K)->167423K(550400K) Eden: 167423K(167424K)->167423K(167424K) From: 0K(382976K)->0K(382976K)
[94.648s][info][gc,heap        ] GC(309) ParOldGen: 8465230K(8465408K)->8465230K(8465408K)
[94.648s][info][gc,metaspace   ] GC(309) Metaspace: 6302K(6464K)->6302K(6464K) NonClass: 5768K(5824K)->5768K(5824K) Class: 533K(640K)->533K(640K)
[94.648s][info][gc             ] GC(309) Pause Full (Ergonomics) 8430M->8430M(8804M) 2602.371ms
[94.648s][info][gc,cpu         ] GC(309) User=19.44s Sys=0.00s Real=2.60s
[94.649s][info][gc,start       ] GC(310) Pause Full (Ergonomics)
[94.649s][info][gc,phases,start] GC(310) Marking Phase
[96.592s][info][gc,phases      ] GC(310) Marking Phase 1943.340ms
[96.592s][info][gc,phases,start] GC(310) Summary Phase
[96.592s][info][gc,phases      ] GC(310) Summary Phase 0.104ms
[96.592s][info][gc,phases,start] GC(310) Adjust Roots
[96.592s][info][gc,phases      ] GC(310) Adjust Roots 0.246ms
[96.592s][info][gc,phases,start] GC(310) Compaction Phase
[97.229s][info][gc,phases      ] GC(310) Compaction Phase 636.325ms
[97.229s][info][gc,phases,start] GC(310) Post Compact
[97.242s][info][gc,phases      ] GC(310) Post Compact 12.795ms
[97.242s][info][gc,heap        ] GC(310) PSYoungGen: 167423K(550400K)->167423K(550400K) Eden: 167423K(167424K)->167423K(167424K) From: 0K(382976K)->0K(382976K)
[97.242s][info][gc,heap        ] GC(310) ParOldGen: 8465234K(8465408K)->8465234K(8465408K)
[97.242s][info][gc,metaspace   ] GC(310) Metaspace: 6302K(6464K)->6302K(6464K) NonClass: 5768K(5824K)->5768K(5824K) Class: 533K(640K)->533K(640K)
[97.242s][info][gc             ] GC(310) Pause Full (Ergonomics) 8430M->8430M(8804M) 2593.177ms
[97.242s][info][gc,cpu         ] GC(310) User=19.61s Sys=0.00s Real=2.59s
[97.242s][info][gc,start       ] GC(311) Pause Full (Ergonomics)
[97.242s][info][gc,phases,start] GC(311) Marking Phase
[99.202s][info][gc,phases      ] GC(311) Marking Phase 1960.337ms
[99.202s][info][gc,phases,start] GC(311) Summary Phase
[99.203s][info][gc,phases      ] GC(311) Summary Phase 0.081ms
[99.203s][info][gc,phases,start] GC(311) Adjust Roots
[99.203s][info][gc,phases      ] GC(311) Adjust Roots 0.179ms
[99.203s][info][gc,phases,start] GC(311) Compaction Phase
[99.847s][info][gc,phases      ] GC(311) Compaction Phase 644.269ms
[99.847s][info][gc,phases,start] GC(311) Post Compact
[99.860s][info][gc,phases      ] GC(311) Post Compact 12.900ms
[99.860s][info][gc,heap        ] GC(311) PSYoungGen: 167423K(550400K)->167423K(550400K) Eden: 167423K(167424K)->167423K(167424K) From: 0K(382976K)->0K(382976K)
[99.860s][info][gc,heap        ] GC(311) ParOldGen: 8465239K(8465408K)->8465239K(8465408K)
[99.860s][info][gc,metaspace   ] GC(311) Metaspace: 6302K(6464K)->6302K(6464K) NonClass: 5768K(5824K)->5768K(5824K) Class: 533K(640K)->533K(640K)
[99.860s][info][gc             ] GC(311) Pause Full (Ergonomics) 8430M->8430M(8804M) 2618.110ms
[99.860s][info][gc,cpu         ] GC(311) User=19.91s Sys=0.00s Real=2.62s
[99.860s][info][gc,start       ] GC(312) Pause Full (Ergonomics)
[99.860s][info][gc,phases,start] GC(312) Marking Phase
[101.808s][info][gc,phases      ] GC(312) Marking Phase 1947.839ms
[101.808s][info][gc,phases,start] GC(312) Summary Phase
[101.808s][info][gc,phases      ] GC(312) Summary Phase 0.081ms
[101.808s][info][gc,phases,start] GC(312) Adjust Roots
[101.809s][info][gc,phases      ] GC(312) Adjust Roots 0.187ms
[101.809s][info][gc,phases,start] GC(312) Compaction Phase
[102.428s][info][gc,phases      ] GC(312) Compaction Phase 619.838ms
[102.429s][info][gc,phases,start] GC(312) Post Compact
[102.441s][info][gc,phases      ] GC(312) Post Compact 12.865ms
[102.441s][info][gc,heap        ] GC(312) PSYoungGen: 167423K(550400K)->167423K(550400K) Eden: 167423K(167424K)->167423K(167424K) From: 0K(382976K)->0K(382976K)
[102.441s][info][gc,heap        ] GC(312) ParOldGen: 8465244K(8465408K)->8465244K(8465408K)
[102.442s][info][gc,metaspace   ] GC(312) Metaspace: 6302K(6464K)->6302K(6464K) NonClass: 5768K(5824K)->5768K(5824K) Class: 533K(640K)->533K(640K)
[102.442s][info][gc             ] GC(312) Pause Full (Ergonomics) 8430M->8430M(8804M) 2581.139ms
[102.442s][info][gc,cpu         ] GC(312) User=19.75s Sys=0.00s Real=2.58s
[102.442s][info][gc,start       ] GC(313) Pause Full (Ergonomics)
[102.442s][info][gc,phases,start] GC(313) Marking Phase
[104.413s][info][gc,phases      ] GC(313) Marking Phase 1971.422ms
[104.413s][info][gc,phases,start] GC(313) Summary Phase
[104.413s][info][gc,phases      ] GC(313) Summary Phase 0.117ms
[104.413s][info][gc,phases,start] GC(313) Adjust Roots
[104.414s][info][gc,phases      ] GC(313) Adjust Roots 0.172ms
[104.414s][info][gc,phases,start] GC(313) Compaction Phase
[105.085s][info][gc,phases      ] GC(313) Compaction Phase 671.201ms
[105.085s][info][gc,phases,start] GC(313) Post Compact
[105.098s][info][gc,phases      ] GC(313) Post Compact 12.931ms
[105.098s][info][gc,heap        ] GC(313) PSYoungGen: 167423K(550400K)->167423K(550400K) Eden: 167423K(167424K)->167423K(167424K) From: 0K(382976K)->0K(382976K)
[105.098s][info][gc,heap        ] GC(313) ParOldGen: 8465249K(8465408K)->8465249K(8465408K)
[105.098s][info][gc,metaspace   ] GC(313) Metaspace: 6302K(6464K)->6302K(6464K) NonClass: 5768K(5824K)->5768K(5824K) Class: 533K(640K)->533K(640K)
[105.098s][info][gc             ] GC(313) Pause Full (Ergonomics) 8430M->8430M(8804M) 2656.199ms
[105.098s][info][gc,cpu         ] GC(313) User=19.92s Sys=0.00s Real=2.66s
[105.098s][info][gc,start       ] GC(314) Pause Full (Ergonomics)
[105.098s][info][gc,phases,start] GC(314) Marking Phase
[107.107s][info][gc,phases      ] GC(314) Marking Phase 2009.122ms
[107.107s][info][gc,phases,start] GC(314) Summary Phase
[107.107s][info][gc,phases      ] GC(314) Summary Phase 0.081ms
[107.107s][info][gc,phases,start] GC(314) Adjust Roots
[107.108s][info][gc,phases      ] GC(314) Adjust Roots 0.168ms
[107.108s][info][gc,phases,start] GC(314) Compaction Phase
[107.788s][info][gc,phases      ] GC(314) Compaction Phase 680.302ms
[107.788s][info][gc,phases,start] GC(314) Post Compact
[107.801s][info][gc,phases      ] GC(314) Post Compact 12.805ms
[107.801s][info][gc,heap        ] GC(314) PSYoungGen: 167423K(550400K)->167423K(550400K) Eden: 167423K(167424K)->167423K(167424K) From: 0K(382976K)->0K(382976K)
[107.801s][info][gc,heap        ] GC(314) ParOldGen: 8465254K(8465408K)->8465254K(8465408K)
[107.801s][info][gc,metaspace   ] GC(314) Metaspace: 6302K(6464K)->6302K(6464K) NonClass: 5768K(5824K)->5768K(5824K) Class: 533K(640K)->533K(640K)
[107.801s][info][gc             ] GC(314) Pause Full (Ergonomics) 8430M->8430M(8804M) 2702.819ms
[107.801s][info][gc,cpu         ] GC(314) User=20.50s Sys=0.02s Real=2.70s
[107.801s][info][gc,start       ] GC(315) Pause Full (Ergonomics)
[107.801s][info][gc,phases,start] GC(315) Marking Phase
[109.791s][info][gc,phases      ] GC(315) Marking Phase 1990.073ms
[109.791s][info][gc,phases,start] GC(315) Summary Phase
[109.791s][info][gc,phases      ] GC(315) Summary Phase 0.087ms
[109.791s][info][gc,phases,start] GC(315) Adjust Roots
[109.792s][info][gc,phases      ] GC(315) Adjust Roots 0.168ms
[109.792s][info][gc,phases,start] GC(315) Compaction Phase
[110.500s][info][gc,phases      ] GC(315) Compaction Phase 708.675ms
[110.500s][info][gc,phases,start] GC(315) Post Compact
[110.513s][info][gc,phases      ] GC(315) Post Compact 12.840ms
[110.513s][info][gc,heap        ] GC(315) PSYoungGen: 167423K(550400K)->167423K(550400K) Eden: 167423K(167424K)->167423K(167424K) From: 0K(382976K)->0K(382976K)
[110.513s][info][gc,heap        ] GC(315) ParOldGen: 8465259K(8465408K)->8465259K(8465408K)
[110.513s][info][gc,metaspace   ] GC(315) Metaspace: 6302K(6464K)->6302K(6464K) NonClass: 5768K(5824K)->5768K(5824K) Class: 533K(640K)->533K(640K)
[110.513s][info][gc             ] GC(315) Pause Full (Ergonomics) 8430M->8430M(8804M) 2712.194ms
[110.513s][info][gc,cpu         ] GC(315) User=20.25s Sys=0.00s Real=2.71s
[110.514s][info][gc,start       ] GC(316) Pause Full (Ergonomics)
[110.514s][info][gc,phases,start] GC(316) Marking Phase
[112.498s][info][gc,phases      ] GC(316) Marking Phase 1984.785ms
[112.499s][info][gc,phases,start] GC(316) Summary Phase
[112.499s][info][gc,phases      ] GC(316) Summary Phase 0.081ms
[112.499s][info][gc,phases,start] GC(316) Adjust Roots
[112.499s][info][gc,phases      ] GC(316) Adjust Roots 0.213ms
[112.499s][info][gc,phases,start] GC(316) Compaction Phase
[113.209s][info][gc,phases      ] GC(316) Compaction Phase 710.159ms
[113.209s][info][gc,phases,start] GC(316) Post Compact
[113.222s][info][gc,phases      ] GC(316) Post Compact 12.842ms
[113.222s][info][gc,heap        ] GC(316) PSYoungGen: 167423K(550400K)->167423K(550400K) Eden: 167423K(167424K)->167423K(167424K) From: 0K(382976K)->0K(382976K)
[113.222s][info][gc,heap        ] GC(316) ParOldGen: 8465263K(8465408K)->8465263K(8465408K)
[113.222s][info][gc,metaspace   ] GC(316) Metaspace: 6302K(6464K)->6302K(6464K) NonClass: 5768K(5824K)->5768K(5824K) Class: 533K(640K)->533K(640K)
[113.222s][info][gc             ] GC(316) Pause Full (Ergonomics) 8430M->8430M(8804M) 2708.443ms
[113.222s][info][gc,cpu         ] GC(316) User=20.16s Sys=0.00s Real=2.71s
[113.222s][info][gc,start       ] GC(317) Pause Full (Ergonomics)
[113.222s][info][gc,phases,start] GC(317) Marking Phase
[115.216s][info][gc,phases      ] GC(317) Marking Phase 1993.472ms
[115.216s][info][gc,phases,start] GC(317) Summary Phase
[115.216s][info][gc,phases      ] GC(317) Summary Phase 0.190ms
[115.216s][info][gc,phases,start] GC(317) Adjust Roots
[115.216s][info][gc,phases      ] GC(317) Adjust Roots 0.352ms
[115.216s][info][gc,phases,start] GC(317) Compaction Phase
[115.947s][info][gc,phases      ] GC(317) Compaction Phase 730.831ms
[115.947s][info][gc,phases,start] GC(317) Post Compact
[115.962s][info][gc,phases      ] GC(317) Post Compact 14.600ms
[115.962s][info][gc,heap        ] GC(317) PSYoungGen: 167423K(550400K)->167423K(550400K) Eden: 167423K(167424K)->167423K(167424K) From: 0K(382976K)->0K(382976K)
[115.962s][info][gc,heap        ] GC(317) ParOldGen: 8465268K(8465408K)->8465268K(8465408K)
[115.962s][info][gc,metaspace   ] GC(317) Metaspace: 6302K(6464K)->6302K(6464K) NonClass: 5768K(5824K)->5768K(5824K) Class: 533K(640K)->533K(640K)
[115.962s][info][gc             ] GC(317) Pause Full (Ergonomics) 8430M->8430M(8804M) 2739.819ms
[115.962s][info][gc,cpu         ] GC(317) User=20.42s Sys=0.02s Real=2.74s
[115.962s][info][gc,start       ] GC(318) Pause Full (Ergonomics)
[115.962s][info][gc,phases,start] GC(318) Marking Phase
[118.006s][info][gc,phases      ] GC(318) Marking Phase 2043.782ms
[118.006s][info][gc,phases,start] GC(318) Summary Phase
[118.006s][info][gc,phases      ] GC(318) Summary Phase 0.132ms
[118.006s][info][gc,phases,start] GC(318) Adjust Roots
[118.007s][info][gc,phases      ] GC(318) Adjust Roots 0.278ms
[118.007s][info][gc,phases,start] GC(318) Compaction Phase
[118.703s][info][gc,phases      ] GC(318) Compaction Phase 695.951ms
[118.703s][info][gc,phases,start] GC(318) Post Compact
[118.716s][info][gc,phases      ] GC(318) Post Compact 12.916ms
[118.716s][info][gc,heap        ] GC(318) PSYoungGen: 167423K(550400K)->167423K(550400K) Eden: 167423K(167424K)->167423K(167424K) From: 0K(382976K)->0K(382976K)
[118.716s][info][gc,heap        ] GC(318) ParOldGen: 8465273K(8465408K)->8465273K(8465408K)
[118.716s][info][gc,metaspace   ] GC(318) Metaspace: 6302K(6464K)->6302K(6464K) NonClass: 5768K(5824K)->5768K(5824K) Class: 533K(640K)->533K(640K)
[118.716s][info][gc             ] GC(318) Pause Full (Ergonomics) 8430M->8430M(8804M) 2753.432ms
[118.716s][info][gc,cpu         ] GC(318) User=20.59s Sys=0.02s Real=2.75s
[118.716s][info][gc,start       ] GC(319) Pause Full (Ergonomics)
[118.716s][info][gc,phases,start] GC(319) Marking Phase
[120.755s][info][gc,phases      ] GC(319) Marking Phase 2038.670ms
[120.755s][info][gc,phases,start] GC(319) Summary Phase
[120.755s][info][gc,phases      ] GC(319) Summary Phase 0.085ms
[120.755s][info][gc,phases,start] GC(319) Adjust Roots
[120.755s][info][gc,phases      ] GC(319) Adjust Roots 0.174ms
[120.755s][info][gc,phases,start] GC(319) Compaction Phase
[121.485s][info][gc,phases      ] GC(319) Compaction Phase 730.359ms
[121.485s][info][gc,phases,start] GC(319) Post Compact
[121.498s][info][gc,phases      ] GC(319) Post Compact 12.860ms
[121.498s][info][gc,heap        ] GC(319) PSYoungGen: 167423K(550400K)->167423K(550400K) Eden: 167423K(167424K)->167423K(167424K) From: 0K(382976K)->0K(382976K)
[121.498s][info][gc,heap        ] GC(319) ParOldGen: 8465278K(8465408K)->8465278K(8465408K)
[121.498s][info][gc,metaspace   ] GC(319) Metaspace: 6302K(6464K)->6302K(6464K) NonClass: 5768K(5824K)->5768K(5824K) Class: 533K(640K)->533K(640K)
[121.498s][info][gc             ] GC(319) Pause Full (Ergonomics) 8430M->8430M(8804M) 2782.498ms
[121.498s][info][gc,cpu         ] GC(319) User=20.64s Sys=0.00s Real=2.78s
[121.499s][info][gc,start       ] GC(320) Pause Full (Ergonomics)
[121.499s][info][gc,phases,start] GC(320) Marking Phase
[123.540s][info][gc,phases      ] GC(320) Marking Phase 2041.275ms
[123.540s][info][gc,phases,start] GC(320) Summary Phase
[123.540s][info][gc,phases      ] GC(320) Summary Phase 0.106ms
[123.540s][info][gc,phases,start] GC(320) Adjust Roots
[123.540s][info][gc,phases      ] GC(320) Adjust Roots 0.256ms
[123.540s][info][gc,phases,start] GC(320) Compaction Phase
[124.278s][info][gc,phases      ] GC(320) Compaction Phase 737.492ms
[124.278s][info][gc,phases,start] GC(320) Post Compact
[124.291s][info][gc,phases      ] GC(320) Post Compact 12.776ms
[124.291s][info][gc,heap        ] GC(320) PSYoungGen: 167423K(550400K)->167423K(550400K) Eden: 167423K(167424K)->167423K(167424K) From: 0K(382976K)->0K(382976K)
[124.291s][info][gc,heap        ] GC(320) ParOldGen: 8465283K(8465408K)->8465283K(8465408K)
[124.291s][info][gc,metaspace   ] GC(320) Metaspace: 6302K(6464K)->6302K(6464K) NonClass: 5768K(5824K)->5768K(5824K) Class: 533K(640K)->533K(640K)
[124.291s][info][gc             ] GC(320) Pause Full (Ergonomics) 8430M->8430M(8804M) 2792.325ms
[124.291s][info][gc,cpu         ] GC(320) User=20.59s Sys=0.00s Real=2.79s
[124.291s][info][gc,start       ] GC(321) Pause Full (Ergonomics)
[124.291s][info][gc,phases,start] GC(321) Marking Phase
[126.342s][info][gc,phases      ] GC(321) Marking Phase 2050.610ms
[126.342s][info][gc,phases,start] GC(321) Summary Phase
[126.342s][info][gc,phases      ] GC(321) Summary Phase 0.104ms
[126.342s][info][gc,phases,start] GC(321) Adjust Roots
[126.342s][info][gc,phases      ] GC(321) Adjust Roots 0.190ms
[126.342s][info][gc,phases,start] GC(321) Compaction Phase
[127.031s][info][gc,phases      ] GC(321) Compaction Phase 688.236ms
[127.031s][info][gc,phases,start] GC(321) Post Compact
[127.043s][info][gc,phases      ] GC(321) Post Compact 12.816ms
[127.044s][info][gc,heap        ] GC(321) PSYoungGen: 167423K(550400K)->167423K(550400K) Eden: 167423K(167424K)->167423K(167424K) From: 0K(382976K)->0K(382976K)
[127.044s][info][gc,heap        ] GC(321) ParOldGen: 8465288K(8465408K)->8465288K(8465408K)
[127.044s][info][gc,metaspace   ] GC(321) Metaspace: 6302K(6464K)->6302K(6464K) NonClass: 5768K(5824K)->5768K(5824K) Class: 533K(640K)->533K(640K)
[127.044s][info][gc             ] GC(321) Pause Full (Ergonomics) 8430M->8430M(8804M) 2752.317ms
[127.044s][info][gc,cpu         ] GC(321) User=20.81s Sys=0.00s Real=2.75s
[127.044s][info][gc,start       ] GC(322) Pause Full (Ergonomics)
[127.044s][info][gc,phases,start] GC(322) Marking Phase
[129.114s][info][gc,phases      ] GC(322) Marking Phase 2069.862ms
[129.114s][info][gc,phases,start] GC(322) Summary Phase
[129.114s][info][gc,phases      ] GC(322) Summary Phase 0.128ms
[129.114s][info][gc,phases,start] GC(322) Adjust Roots
[129.114s][info][gc,phases      ] GC(322) Adjust Roots 0.327ms
[129.114s][info][gc,phases,start] GC(322) Compaction Phase
[129.857s][info][gc,phases      ] GC(322) Compaction Phase 742.435ms
[129.857s][info][gc,phases,start] GC(322) Post Compact
[129.870s][info][gc,phases      ] GC(322) Post Compact 12.872ms
[129.870s][info][gc,heap        ] GC(322) PSYoungGen: 167423K(550400K)->167423K(550400K) Eden: 167423K(167424K)->167423K(167424K) From: 0K(382976K)->0K(382976K)
[129.870s][info][gc,heap        ] GC(322) ParOldGen: 8465292K(8465408K)->8465292K(8465408K)
[129.870s][info][gc,metaspace   ] GC(322) Metaspace: 6302K(6464K)->6302K(6464K) NonClass: 5768K(5824K)->5768K(5824K) Class: 533K(640K)->533K(640K)
[129.870s][info][gc             ] GC(322) Pause Full (Ergonomics) 8430M->8430M(8804M) 2826.026ms
[129.870s][info][gc,cpu         ] GC(322) User=21.00s Sys=0.00s Real=2.83s
[129.870s][info][gc,start       ] GC(323) Pause Full (Ergonomics)
[129.870s][info][gc,phases,start] GC(323) Marking Phase
[131.925s][info][gc,phases      ] GC(323) Marking Phase 2054.745ms
[131.925s][info][gc,phases,start] GC(323) Summary Phase
[131.925s][info][gc,phases      ] GC(323) Summary Phase 0.082ms
[131.925s][info][gc,phases,start] GC(323) Adjust Roots
[131.925s][info][gc,phases      ] GC(323) Adjust Roots 0.166ms
[131.925s][info][gc,phases,start] GC(323) Compaction Phase
[132.650s][info][gc,phases      ] GC(323) Compaction Phase 724.709ms
[132.650s][info][gc,phases,start] GC(323) Post Compact
[132.663s][info][gc,phases      ] GC(323) Post Compact 12.795ms
[132.663s][info][gc,heap        ] GC(323) PSYoungGen: 167423K(550400K)->167423K(550400K) Eden: 167423K(167424K)->167423K(167424K) From: 0K(382976K)->0K(382976K)
[132.663s][info][gc,heap        ] GC(323) ParOldGen: 8465297K(8465408K)->8465297K(8465408K)
[132.663s][info][gc,metaspace   ] GC(323) Metaspace: 6302K(6464K)->6302K(6464K) NonClass: 5768K(5824K)->5768K(5824K) Class: 533K(640K)->533K(640K)
[132.663s][info][gc             ] GC(323) Pause Full (Ergonomics) 8430M->8430M(8804M) 2792.820ms
[132.663s][info][gc,cpu         ] GC(323) User=20.80s Sys=0.03s Real=2.79s
[132.663s][info][gc,start       ] GC(324) Pause Full (Ergonomics)
[132.663s][info][gc,phases,start] GC(324) Marking Phase
[134.740s][info][gc,phases      ] GC(324) Marking Phase 2076.442ms
[134.740s][info][gc,phases,start] GC(324) Summary Phase
[134.740s][info][gc,phases      ] GC(324) Summary Phase 0.105ms
[134.740s][info][gc,phases,start] GC(324) Adjust Roots
[134.740s][info][gc,phases      ] GC(324) Adjust Roots 0.207ms
[134.740s][info][gc,phases,start] GC(324) Compaction Phase
[135.460s][info][gc,phases      ] GC(324) Compaction Phase 720.086ms
[135.460s][info][gc,phases,start] GC(324) Post Compact
[135.473s][info][gc,phases      ] GC(324) Post Compact 13.184ms
[135.473s][info][gc,heap        ] GC(324) PSYoungGen: 167423K(550400K)->167423K(550400K) Eden: 167423K(167424K)->167423K(167424K) From: 0K(382976K)->0K(382976K)
[135.473s][info][gc,heap        ] GC(324) ParOldGen: 8465302K(8465408K)->8465302K(8465408K)
[135.473s][info][gc,metaspace   ] GC(324) Metaspace: 6302K(6464K)->6302K(6464K) NonClass: 5768K(5824K)->5768K(5824K) Class: 533K(640K)->533K(640K)
[135.473s][info][gc             ] GC(324) Pause Full (Ergonomics) 8430M->8430M(8804M) 2810.392ms
[135.473s][info][gc,cpu         ] GC(324) User=20.89s Sys=0.00s Real=2.81s
[135.474s][info][gc,start       ] GC(325) Pause Full (Ergonomics)
[135.474s][info][gc,phases,start] GC(325) Marking Phase
[137.534s][info][gc,phases      ] GC(325) Marking Phase 2060.517ms
[137.534s][info][gc,phases,start] GC(325) Summary Phase
[137.534s][info][gc,phases      ] GC(325) Summary Phase 0.146ms
[137.534s][info][gc,phases,start] GC(325) Adjust Roots
[137.535s][info][gc,phases      ] GC(325) Adjust Roots 0.180ms
[137.535s][info][gc,phases,start] GC(325) Compaction Phase
[138.270s][info][gc,phases      ] GC(325) Compaction Phase 734.922ms
[138.270s][info][gc,phases,start] GC(325) Post Compact
[138.283s][info][gc,phases      ] GC(325) Post Compact 12.941ms
[138.283s][info][gc,heap        ] GC(325) PSYoungGen: 167423K(550400K)->167423K(550400K) Eden: 167423K(167424K)->167423K(167424K) From: 0K(382976K)->0K(382976K)
[138.283s][info][gc,heap        ] GC(325) ParOldGen: 8465307K(8465408K)->8465307K(8465408K)
[138.283s][info][gc,metaspace   ] GC(325) Metaspace: 6302K(6464K)->6302K(6464K) NonClass: 5768K(5824K)->5768K(5824K) Class: 533K(640K)->533K(640K)
[138.283s][info][gc             ] GC(325) Pause Full (Ergonomics) 8430M->8430M(8804M) 2809.090ms
[138.283s][info][gc,cpu         ] GC(325) User=20.84s Sys=0.00s Real=2.81s
[138.283s][info][gc,start       ] GC(326) Pause Full (Ergonomics)
[138.283s][info][gc,phases,start] GC(326) Marking Phase
[140.356s][info][gc,phases      ] GC(326) Marking Phase 2072.922ms
[140.356s][info][gc,phases,start] GC(326) Summary Phase
[140.356s][info][gc,phases      ] GC(326) Summary Phase 0.088ms
[140.356s][info][gc,phases,start] GC(326) Adjust Roots
[140.356s][info][gc,phases      ] GC(326) Adjust Roots 0.228ms
[140.356s][info][gc,phases,start] GC(326) Compaction Phase
[141.087s][info][gc,phases      ] GC(326) Compaction Phase 730.817ms
[141.087s][info][gc,phases,start] GC(326) Post Compact
[141.100s][info][gc,phases      ] GC(326) Post Compact 12.919ms
[141.100s][info][gc,heap        ] GC(326) PSYoungGen: 167423K(550400K)->167423K(550400K) Eden: 167423K(167424K)->167423K(167424K) From: 0K(382976K)->0K(382976K)
[141.100s][info][gc,heap        ] GC(326) ParOldGen: 8465312K(8465408K)->8465312K(8465408K)
[141.100s][info][gc,metaspace   ] GC(326) Metaspace: 6302K(6464K)->6302K(6464K) NonClass: 5768K(5824K)->5768K(5824K) Class: 533K(640K)->533K(640K)
[141.100s][info][gc             ] GC(326) Pause Full (Ergonomics) 8430M->8430M(8804M) 2817.324ms
[141.100s][info][gc,cpu         ] GC(326) User=21.08s Sys=0.02s Real=2.82s
[141.101s][info][gc,start       ] GC(327) Pause Full (Ergonomics)
[141.101s][info][gc,phases,start] GC(327) Marking Phase
[143.152s][info][gc,phases      ] GC(327) Marking Phase 2051.337ms
[143.152s][info][gc,phases,start] GC(327) Summary Phase
[143.152s][info][gc,phases      ] GC(327) Summary Phase 0.095ms
[143.152s][info][gc,phases,start] GC(327) Adjust Roots
[143.152s][info][gc,phases      ] GC(327) Adjust Roots 0.190ms
[143.152s][info][gc,phases,start] GC(327) Compaction Phase
[143.864s][info][gc,phases      ] GC(327) Compaction Phase 711.943ms
[143.864s][info][gc,phases,start] GC(327) Post Compact
[143.877s][info][gc,phases      ] GC(327) Post Compact 12.881ms
[143.877s][info][gc,heap        ] GC(327) PSYoungGen: 167423K(550400K)->167423K(550400K) Eden: 167423K(167424K)->167423K(167424K) From: 0K(382976K)->0K(382976K)
[143.877s][info][gc,heap        ] GC(327) ParOldGen: 8465317K(8465408K)->8465317K(8465408K)
[143.877s][info][gc,metaspace   ] GC(327) Metaspace: 6302K(6464K)->6302K(6464K) NonClass: 5768K(5824K)->5768K(5824K) Class: 533K(640K)->533K(640K)
[143.877s][info][gc             ] GC(327) Pause Full (Ergonomics) 8430M->8430M(8804M) 2776.785ms
[143.877s][info][gc,cpu         ] GC(327) User=20.83s Sys=0.00s Real=2.78s
[143.878s][info][gc,start       ] GC(328) Pause Full (Ergonomics)
[143.878s][info][gc,phases,start] GC(328) Marking Phase
[145.919s][info][gc,phases      ] GC(328) Marking Phase 2041.416ms
[145.919s][info][gc,phases,start] GC(328) Summary Phase
[145.919s][info][gc,phases      ] GC(328) Summary Phase 0.086ms
[145.919s][info][gc,phases,start] GC(328) Adjust Roots
[145.919s][info][gc,phases      ] GC(328) Adjust Roots 0.166ms
[145.919s][info][gc,phases,start] GC(328) Compaction Phase
[146.651s][info][gc,phases      ] GC(328) Compaction Phase 731.388ms
[146.651s][info][gc,phases,start] GC(328) Post Compact
[146.664s][info][gc,phases      ] GC(328) Post Compact 12.942ms
[146.664s][info][gc,heap        ] GC(328) PSYoungGen: 167423K(550400K)->167423K(550400K) Eden: 167423K(167424K)->167423K(167424K) From: 0K(382976K)->0K(382976K)
[146.664s][info][gc,heap        ] GC(328) ParOldGen: 8465321K(8465408K)->8465321K(8465408K)
[146.664s][info][gc,metaspace   ] GC(328) Metaspace: 6302K(6464K)->6302K(6464K) NonClass: 5768K(5824K)->5768K(5824K) Class: 533K(640K)->533K(640K)
[146.664s][info][gc             ] GC(328) Pause Full (Ergonomics) 8430M->8430M(8804M) 2786.341ms
[146.664s][info][gc,cpu         ] GC(328) User=20.81s Sys=0.00s Real=2.79s
[146.664s][info][gc,start       ] GC(329) Pause Full (Ergonomics)
[146.664s][info][gc,phases,start] GC(329) Marking Phase
[148.755s][info][gc,phases      ] GC(329) Marking Phase 2090.969ms
[148.755s][info][gc,phases,start] GC(329) Summary Phase
[148.755s][info][gc,phases      ] GC(329) Summary Phase 0.084ms
[148.755s][info][gc,phases,start] GC(329) Adjust Roots
[148.756s][info][gc,phases      ] GC(329) Adjust Roots 0.228ms
[148.756s][info][gc,phases,start] GC(329) Compaction Phase
[149.492s][info][gc,phases      ] GC(329) Compaction Phase 736.279ms
[149.492s][info][gc,phases,start] GC(329) Post Compact
[149.505s][info][gc,phases      ] GC(329) Post Compact 13.283ms
[149.505s][info][gc,heap        ] GC(329) PSYoungGen: 167423K(550400K)->167423K(550400K) Eden: 167423K(167424K)->167423K(167424K) From: 0K(382976K)->0K(382976K)
[149.505s][info][gc,heap        ] GC(329) ParOldGen: 8465326K(8465408K)->8465326K(8465408K)
[149.505s][info][gc,metaspace   ] GC(329) Metaspace: 6302K(6464K)->6302K(6464K) NonClass: 5768K(5824K)->5768K(5824K) Class: 533K(640K)->533K(640K)
[149.505s][info][gc             ] GC(329) Pause Full (Ergonomics) 8430M->8430M(8804M) 2841.229ms
[149.505s][info][gc,cpu         ] GC(329) User=21.08s Sys=0.03s Real=2.84s
[149.506s][info][gc,start       ] GC(330) Pause Full (Ergonomics)
[149.506s][info][gc,phases,start] GC(330) Marking Phase
[151.572s][info][gc,phases      ] GC(330) Marking Phase 2066.873ms
[151.572s][info][gc,phases,start] GC(330) Summary Phase
[151.573s][info][gc,phases      ] GC(330) Summary Phase 0.084ms
[151.573s][info][gc,phases,start] GC(330) Adjust Roots
[151.573s][info][gc,phases      ] GC(330) Adjust Roots 0.257ms
[151.573s][info][gc,phases,start] GC(330) Compaction Phase
[152.276s][info][gc,phases      ] GC(330) Compaction Phase 703.009ms
[152.276s][info][gc,phases,start] GC(330) Post Compact
[152.289s][info][gc,phases      ] GC(330) Post Compact 12.796ms
[152.289s][info][gc,heap        ] GC(330) PSYoungGen: 167423K(550400K)->167423K(550400K) Eden: 167423K(167424K)->167423K(167424K) From: 0K(382976K)->0K(382976K)
[152.289s][info][gc,heap        ] GC(330) ParOldGen: 8465331K(8465408K)->8465331K(8465408K)
[152.289s][info][gc,metaspace   ] GC(330) Metaspace: 6302K(6464K)->6302K(6464K) NonClass: 5768K(5824K)->5768K(5824K) Class: 533K(640K)->533K(640K)
[152.289s][info][gc             ] GC(330) Pause Full (Ergonomics) 8430M->8430M(8804M) 2783.501ms
[152.289s][info][gc,cpu         ] GC(330) User=21.00s Sys=0.02s Real=2.78s
[152.289s][info][gc,start       ] GC(331) Pause Full (Ergonomics)
[152.289s][info][gc,phases,start] GC(331) Marking Phase
[154.343s][info][gc,phases      ] GC(331) Marking Phase 2053.305ms
[154.343s][info][gc,phases,start] GC(331) Summary Phase
[154.343s][info][gc,phases      ] GC(331) Summary Phase 0.081ms
[154.343s][info][gc,phases,start] GC(331) Adjust Roots
[154.343s][info][gc,phases      ] GC(331) Adjust Roots 0.167ms
[154.343s][info][gc,phases,start] GC(331) Compaction Phase
[155.022s][info][gc,phases      ] GC(331) Compaction Phase 679.185ms
[155.022s][info][gc,phases,start] GC(331) Post Compact
[155.035s][info][gc,phases      ] GC(331) Post Compact 13.018ms
[155.035s][info][gc,heap        ] GC(331) PSYoungGen: 167423K(550400K)->167423K(550400K) Eden: 167423K(167424K)->167423K(167424K) From: 0K(382976K)->0K(382976K)
[155.035s][info][gc,heap        ] GC(331) ParOldGen: 8465336K(8465408K)->8465336K(8465408K)
[155.035s][info][gc,metaspace   ] GC(331) Metaspace: 6302K(6464K)->6302K(6464K) NonClass: 5768K(5824K)->5768K(5824K) Class: 533K(640K)->533K(640K)
[155.035s][info][gc             ] GC(331) Pause Full (Ergonomics) 8430M->8430M(8804M) 2746.090ms
[155.035s][info][gc,cpu         ] GC(331) User=20.91s Sys=0.00s Real=2.75s
[155.036s][info][gc,start       ] GC(332) Pause Full (Ergonomics)
[155.036s][info][gc,phases,start] GC(332) Marking Phase
[157.092s][info][gc,phases      ] GC(332) Marking Phase 2056.727ms
[157.092s][info][gc,phases,start] GC(332) Summary Phase
[157.092s][info][gc,phases      ] GC(332) Summary Phase 0.084ms
[157.092s][info][gc,phases,start] GC(332) Adjust Roots
[157.093s][info][gc,phases      ] GC(332) Adjust Roots 0.206ms
[157.093s][info][gc,phases,start] GC(332) Compaction Phase
[157.810s][info][gc,phases      ] GC(332) Compaction Phase 717.745ms
[157.810s][info][gc,phases,start] GC(332) Post Compact
[157.823s][info][gc,phases      ] GC(332) Post Compact 12.919ms
[157.823s][info][gc,heap        ] GC(332) PSYoungGen: 167423K(550400K)->167423K(550400K) Eden: 167423K(167424K)->167423K(167424K) From: 0K(382976K)->0K(382976K)
[157.823s][info][gc,heap        ] GC(332) ParOldGen: 8465341K(8465408K)->8465341K(8465408K)
[157.824s][info][gc,metaspace   ] GC(332) Metaspace: 6302K(6464K)->6302K(6464K) NonClass: 5768K(5824K)->5768K(5824K) Class: 533K(640K)->533K(640K)
[157.824s][info][gc             ] GC(332) Pause Full (Ergonomics) 8430M->8430M(8804M) 2788.009ms
[157.824s][info][gc,cpu         ] GC(332) User=21.03s Sys=0.00s Real=2.79s
[157.824s][info][gc,start       ] GC(333) Pause Full (Ergonomics)
[157.824s][info][gc,phases,start] GC(333) Marking Phase
[159.909s][info][gc,phases      ] GC(333) Marking Phase 2085.608ms
[159.909s][info][gc,phases,start] GC(333) Summary Phase
[159.910s][info][gc,phases      ] GC(333) Summary Phase 0.089ms
[159.910s][info][gc,phases,start] GC(333) Adjust Roots
[159.910s][info][gc,phases      ] GC(333) Adjust Roots 0.205ms
[159.910s][info][gc,phases,start] GC(333) Compaction Phase
[160.643s][info][gc,phases      ] GC(333) Compaction Phase 733.522ms
[160.643s][info][gc,phases,start] GC(333) Post Compact
[160.656s][info][gc,phases      ] GC(333) Post Compact 12.916ms
[160.656s][info][gc,heap        ] GC(333) PSYoungGen: 167423K(550400K)->167423K(550400K) Eden: 167423K(167424K)->167423K(167424K) From: 0K(382976K)->0K(382976K)
[160.656s][info][gc,heap        ] GC(333) ParOldGen: 8465346K(8465408K)->8465346K(8465408K)
[160.656s][info][gc,metaspace   ] GC(333) Metaspace: 6302K(6464K)->6302K(6464K) NonClass: 5768K(5824K)->5768K(5824K) Class: 533K(640K)->533K(640K)
[160.656s][info][gc             ] GC(333) Pause Full (Ergonomics) 8430M->8430M(8804M) 2832.689ms
[160.656s][info][gc,cpu         ] GC(333) User=21.06s Sys=0.00s Real=2.83s
[160.657s][info][gc,start       ] GC(334) Pause Full (Ergonomics)
[160.657s][info][gc,phases,start] GC(334) Marking Phase
[162.715s][info][gc,phases      ] GC(334) Marking Phase 2058.235ms
[162.715s][info][gc,phases,start] GC(334) Summary Phase
[162.715s][info][gc,phases      ] GC(334) Summary Phase 0.083ms
[162.715s][info][gc,phases,start] GC(334) Adjust Roots
[162.715s][info][gc,phases      ] GC(334) Adjust Roots 0.187ms
[162.715s][info][gc,phases,start] GC(334) Compaction Phase
[163.423s][info][gc,phases      ] GC(334) Compaction Phase 707.399ms
[163.423s][info][gc,phases,start] GC(334) Post Compact
[163.436s][info][gc,phases      ] GC(334) Post Compact 12.793ms
[163.436s][info][gc,heap        ] GC(334) PSYoungGen: 167423K(550400K)->167423K(550400K) Eden: 167423K(167424K)->167423K(167424K) From: 0K(382976K)->0K(382976K)
[163.436s][info][gc,heap        ] GC(334) ParOldGen: 8465350K(8465408K)->8465350K(8465408K)
[163.436s][info][gc,metaspace   ] GC(334) Metaspace: 6302K(6464K)->6302K(6464K) NonClass: 5768K(5824K)->5768K(5824K) Class: 533K(640K)->533K(640K)
[163.436s][info][gc             ] GC(334) Pause Full (Ergonomics) 8430M->8430M(8804M) 2779.102ms
[163.436s][info][gc,cpu         ] GC(334) User=20.89s Sys=0.00s Real=2.78s
[163.436s][info][gc,start       ] GC(335) Pause Full (Ergonomics)
[163.436s][info][gc,phases,start] GC(335) Marking Phase
[165.503s][info][gc,phases      ] GC(335) Marking Phase 2066.547ms
[165.503s][info][gc,phases,start] GC(335) Summary Phase
[165.503s][info][gc,phases      ] GC(335) Summary Phase 0.164ms
[165.503s][info][gc,phases,start] GC(335) Adjust Roots
[165.503s][info][gc,phases      ] GC(335) Adjust Roots 0.239ms
[165.503s][info][gc,phases,start] GC(335) Compaction Phase
[166.234s][info][gc,phases      ] GC(335) Compaction Phase 731.323ms
[166.234s][info][gc,phases,start] GC(335) Post Compact
[166.247s][info][gc,phases      ] GC(335) Post Compact 12.716ms
[166.247s][info][gc,heap        ] GC(335) PSYoungGen: 167423K(550400K)->167423K(550400K) Eden: 167423K(167424K)->167423K(167424K) From: 0K(382976K)->0K(382976K)
[166.247s][info][gc,heap        ] GC(335) ParOldGen: 8465355K(8465408K)->8465355K(8465408K)
[166.247s][info][gc,metaspace   ] GC(335) Metaspace: 6302K(6464K)->6302K(6464K) NonClass: 5768K(5824K)->5768K(5824K) Class: 533K(640K)->533K(640K)
[166.247s][info][gc             ] GC(335) Pause Full (Ergonomics) 8430M->8430M(8804M) 2811.373ms
[166.247s][info][gc,cpu         ] GC(335) User=20.69s Sys=0.02s Real=2.81s
[166.248s][info][gc,start       ] GC(336) Pause Full (Ergonomics)
[166.248s][info][gc,phases,start] GC(336) Marking Phase
[168.316s][info][gc,phases      ] GC(336) Marking Phase 2068.199ms
[168.316s][info][gc,phases,start] GC(336) Summary Phase
[168.316s][info][gc,phases      ] GC(336) Summary Phase 0.096ms
[168.316s][info][gc,phases,start] GC(336) Adjust Roots
[168.316s][info][gc,phases      ] GC(336) Adjust Roots 0.219ms
[168.316s][info][gc,phases,start] GC(336) Compaction Phase
[169.023s][info][gc,phases      ] GC(336) Compaction Phase 706.246ms
[169.023s][info][gc,phases,start] GC(336) Post Compact
[169.035s][info][gc,phases      ] GC(336) Post Compact 12.800ms
[169.035s][info][gc,heap        ] GC(336) PSYoungGen: 167423K(550400K)->167423K(550400K) Eden: 167423K(167424K)->167423K(167424K) From: 0K(382976K)->0K(382976K)
[169.035s][info][gc,heap        ] GC(336) ParOldGen: 8465360K(8465408K)->8465360K(8465408K)
[169.035s][info][gc,metaspace   ] GC(336) Metaspace: 6302K(6464K)->6302K(6464K) NonClass: 5768K(5824K)->5768K(5824K) Class: 533K(640K)->533K(640K)
[169.036s][info][gc             ] GC(336) Pause Full (Ergonomics) 8430M->8430M(8804M) 2787.936ms
[169.036s][info][gc,cpu         ] GC(336) User=20.81s Sys=0.00s Real=2.79s
[169.036s][info][gc,start       ] GC(337) Pause Full (Ergonomics)
[169.036s][info][gc,phases,start] GC(337) Marking Phase
[171.108s][info][gc,phases      ] GC(337) Marking Phase 2071.776ms
[171.108s][info][gc,phases,start] GC(337) Summary Phase
[171.108s][info][gc,phases      ] GC(337) Summary Phase 0.091ms
[171.108s][info][gc,phases,start] GC(337) Adjust Roots
[171.108s][info][gc,phases      ] GC(337) Adjust Roots 0.209ms
[171.108s][info][gc,phases,start] GC(337) Compaction Phase
[171.829s][info][gc,phases      ] GC(337) Compaction Phase 721.348ms
[171.829s][info][gc,phases,start] GC(337) Post Compact
[171.842s][info][gc,phases      ] GC(337) Post Compact 12.863ms
[171.842s][info][gc,heap        ] GC(337) PSYoungGen: 167423K(550400K)->167423K(550400K) Eden: 167423K(167424K)->167423K(167424K) From: 0K(382976K)->0K(382976K)
[171.842s][info][gc,heap        ] GC(337) ParOldGen: 8465365K(8465408K)->8465365K(8465408K)
[171.842s][info][gc,metaspace   ] GC(337) Metaspace: 6302K(6464K)->6302K(6464K) NonClass: 5768K(5824K)->5768K(5824K) Class: 533K(640K)->533K(640K)
[171.843s][info][gc             ] GC(337) Pause Full (Ergonomics) 8430M->8430M(8804M) 2806.770ms
[171.843s][info][gc,cpu         ] GC(337) User=21.09s Sys=0.00s Real=2.81s
[171.843s][info][gc,start       ] GC(338) Pause Full (Ergonomics)
[171.843s][info][gc,phases,start] GC(338) Marking Phase
[173.856s][info][gc,phases      ] GC(338) Marking Phase 2013.605ms
[173.856s][info][gc,phases,start] GC(338) Summary Phase
[173.857s][info][gc,phases      ] GC(338) Summary Phase 0.085ms
[173.857s][info][gc,phases,start] GC(338) Adjust Roots
[173.857s][info][gc,phases      ] GC(338) Adjust Roots 0.165ms
[173.857s][info][gc,phases,start] GC(338) Compaction Phase
[174.600s][info][gc,phases      ] GC(338) Compaction Phase 743.483ms
[174.600s][info][gc,phases,start] GC(338) Post Compact
[174.614s][info][gc,phases      ] GC(338) Post Compact 14.207ms
[174.615s][info][gc,heap        ] GC(338) PSYoungGen: 167423K(550400K)->167423K(550400K) Eden: 167423K(167424K)->167423K(167424K) From: 0K(382976K)->0K(382976K)
[174.615s][info][gc,heap        ] GC(338) ParOldGen: 8465370K(8465408K)->8465370K(8465408K)
[174.615s][info][gc,metaspace   ] GC(338) Metaspace: 6302K(6464K)->6302K(6464K) NonClass: 5768K(5824K)->5768K(5824K) Class: 533K(640K)->533K(640K)
[174.615s][info][gc             ] GC(338) Pause Full (Ergonomics) 8430M->8430M(8804M) 2771.899ms
[174.615s][info][gc,cpu         ] GC(338) User=20.47s Sys=0.00s Real=2.77s
[174.615s][info][gc,start       ] GC(339) Pause Full (Ergonomics)
[174.615s][info][gc,phases,start] GC(339) Marking Phase
[176.697s][info][gc,phases      ] GC(339) Marking Phase 2082.316ms
[176.697s][info][gc,phases,start] GC(339) Summary Phase
[176.697s][info][gc,phases      ] GC(339) Summary Phase 0.133ms
[176.697s][info][gc,phases,start] GC(339) Adjust Roots
[176.698s][info][gc,phases      ] GC(339) Adjust Roots 0.271ms
[176.698s][info][gc,phases,start] GC(339) Compaction Phase
[177.425s][info][gc,phases      ] GC(339) Compaction Phase 727.086ms
[177.425s][info][gc,phases,start] GC(339) Post Compact
[177.440s][info][gc,phases      ] GC(339) Post Compact 14.810ms
[177.440s][info][gc,heap        ] GC(339) PSYoungGen: 167423K(550400K)->167423K(550400K) Eden: 167423K(167424K)->167423K(167424K) From: 0K(382976K)->0K(382976K)
[177.440s][info][gc,heap        ] GC(339) ParOldGen: 8465375K(8465408K)->8465375K(8465408K)
[177.440s][info][gc,metaspace   ] GC(339) Metaspace: 6302K(6464K)->6302K(6464K) NonClass: 5768K(5824K)->5768K(5824K) Class: 533K(640K)->533K(640K)
[177.440s][info][gc             ] GC(339) Pause Full (Ergonomics) 8430M->8430M(8804M) 2825.029ms
[177.440s][info][gc,cpu         ] GC(339) User=20.66s Sys=0.00s Real=2.83s
[177.440s][info][gc,start       ] GC(340) Pause Full (Ergonomics)
[177.440s][info][gc,phases,start] GC(340) Marking Phase
[179.487s][info][gc,phases      ] GC(340) Marking Phase 2046.893ms
[179.487s][info][gc,phases,start] GC(340) Summary Phase
[179.487s][info][gc,phases      ] GC(340) Summary Phase 0.102ms
[179.487s][info][gc,phases,start] GC(340) Adjust Roots
[179.487s][info][gc,phases      ] GC(340) Adjust Roots 0.200ms
[179.487s][info][gc,phases,start] GC(340) Compaction Phase
[180.227s][info][gc,phases      ] GC(340) Compaction Phase 739.487ms
[180.227s][info][gc,phases,start] GC(340) Post Compact
[180.242s][info][gc,phases      ] GC(340) Post Compact 15.336ms
[180.242s][info][gc,heap        ] GC(340) PSYoungGen: 167423K(550400K)->167423K(550400K) Eden: 167423K(167424K)->167423K(167424K) From: 0K(382976K)->0K(382976K)
[180.242s][info][gc,heap        ] GC(340) ParOldGen: 8465379K(8465408K)->8465379K(8465408K)
[180.242s][info][gc,metaspace   ] GC(340) Metaspace: 6302K(6464K)->6302K(6464K) NonClass: 5768K(5824K)->5768K(5824K) Class: 533K(640K)->533K(640K)
[180.242s][info][gc             ] GC(340) Pause Full (Ergonomics) 8430M->8430M(8804M) 2802.384ms
[180.243s][info][gc,cpu         ] GC(340) User=20.75s Sys=0.00s Real=2.80s
[180.243s][info][gc,start       ] GC(341) Pause Full (Ergonomics)
[180.243s][info][gc,phases,start] GC(341) Marking Phase
[182.284s][info][gc,phases      ] GC(341) Marking Phase 2041.547ms
[182.284s][info][gc,phases,start] GC(341) Summary Phase
[182.284s][info][gc,phases      ] GC(341) Summary Phase 0.092ms
[182.284s][info][gc,phases,start] GC(341) Adjust Roots
[182.285s][info][gc,phases      ] GC(341) Adjust Roots 0.178ms
[182.285s][info][gc,phases,start] GC(341) Compaction Phase
[183.022s][info][gc,phases      ] GC(341) Compaction Phase 737.394ms
[183.022s][info][gc,phases,start] GC(341) Post Compact
[183.037s][info][gc,phases      ] GC(341) Post Compact 15.200ms
[183.037s][info][gc,heap        ] GC(341) PSYoungGen: 167423K(550400K)->167423K(550400K) Eden: 167423K(167424K)->167423K(167424K) From: 0K(382976K)->0K(382976K)
[183.037s][info][gc,heap        ] GC(341) ParOldGen: 8465384K(8465408K)->8465384K(8465408K)
[183.037s][info][gc,metaspace   ] GC(341) Metaspace: 6302K(6464K)->6302K(6464K) NonClass: 5768K(5824K)->5768K(5824K) Class: 533K(640K)->533K(640K)
[183.038s][info][gc             ] GC(341) Pause Full (Ergonomics) 8430M->8430M(8804M) 2794.809ms
[183.038s][info][gc,cpu         ] GC(341) User=20.67s Sys=0.02s Real=2.80s
[183.038s][info][gc,start       ] GC(342) Pause Full (Ergonomics)
[183.038s][info][gc,phases,start] GC(342) Marking Phase
[185.071s][info][gc,phases      ] GC(342) Marking Phase 2033.242ms
[185.071s][info][gc,phases,start] GC(342) Summary Phase
[185.071s][info][gc,phases      ] GC(342) Summary Phase 0.093ms
[185.071s][info][gc,phases,start] GC(342) Adjust Roots
[185.071s][info][gc,phases      ] GC(342) Adjust Roots 0.210ms
[185.071s][info][gc,phases,start] GC(342) Compaction Phase
[185.815s][info][gc,phases      ] GC(342) Compaction Phase 743.177ms
[185.815s][info][gc,phases,start] GC(342) Post Compact
[185.827s][info][gc,phases      ] GC(342) Post Compact 12.729ms
[185.827s][info][gc,heap        ] GC(342) PSYoungGen: 167423K(550400K)->167423K(550400K) Eden: 167423K(167424K)->167423K(167424K) From: 0K(382976K)->0K(382976K)
[185.827s][info][gc,heap        ] GC(342) ParOldGen: 8465389K(8465408K)->8465389K(8465408K)
[185.827s][info][gc,metaspace   ] GC(342) Metaspace: 6302K(6464K)->6302K(6464K) NonClass: 5768K(5824K)->5768K(5824K) Class: 533K(640K)->533K(640K)
[185.828s][info][gc             ] GC(342) Pause Full (Ergonomics) 8430M->8430M(8804M) 2789.784ms
[185.828s][info][gc,cpu         ] GC(342) User=20.77s Sys=0.00s Real=2.79s
[185.828s][info][gc,start       ] GC(343) Pause Full (Ergonomics)
[185.828s][info][gc,phases,start] GC(343) Marking Phase
[187.884s][info][gc,phases      ] GC(343) Marking Phase 2056.248ms
[187.884s][info][gc,phases,start] GC(343) Summary Phase
[187.884s][info][gc,phases      ] GC(343) Summary Phase 0.116ms
[187.884s][info][gc,phases,start] GC(343) Adjust Roots
[187.884s][info][gc,phases      ] GC(343) Adjust Roots 0.209ms
[187.885s][info][gc,phases,start] GC(343) Compaction Phase
[188.579s][info][gc,phases      ] GC(343) Compaction Phase 694.806ms
[188.579s][info][gc,phases,start] GC(343) Post Compact
[188.593s][info][gc,phases      ] GC(343) Post Compact 13.219ms
[188.593s][info][gc,heap        ] GC(343) PSYoungGen: 167423K(550400K)->167423K(550400K) Eden: 167423K(167424K)->167423K(167424K) From: 0K(382976K)->0K(382976K)
[188.593s][info][gc,heap        ] GC(343) ParOldGen: 8465394K(8465408K)->8465394K(8465408K)
[188.593s][info][gc,metaspace   ] GC(343) Metaspace: 6302K(6464K)->6302K(6464K) NonClass: 5768K(5824K)->5768K(5824K) Class: 533K(640K)->533K(640K)
[188.593s][info][gc             ] GC(343) Pause Full (Ergonomics) 8430M->8430M(8804M) 2765.032ms
[188.593s][info][gc,cpu         ] GC(343) User=20.64s Sys=0.03s Real=2.76s
[188.593s][info][gc,start       ] GC(344) Pause Full (Ergonomics)
[188.593s][info][gc,phases,start] GC(344) Marking Phase
[190.613s][info][gc,phases      ] GC(344) Marking Phase 2020.196ms
[190.613s][info][gc,phases,start] GC(344) Summary Phase
[190.613s][info][gc,phases      ] GC(344) Summary Phase 0.120ms
[190.613s][info][gc,phases,start] GC(344) Adjust Roots
[190.614s][info][gc,phases      ] GC(344) Adjust Roots 0.231ms
[190.614s][info][gc,phases,start] GC(344) Compaction Phase
[191.304s][info][gc,phases      ] GC(344) Compaction Phase 690.113ms
[191.304s][info][gc,phases,start] GC(344) Post Compact
[191.317s][info][gc,phases      ] GC(344) Post Compact 12.795ms
[191.317s][info][gc,heap        ] GC(344) PSYoungGen: 167423K(550400K)->167423K(550400K) Eden: 167423K(167424K)->167423K(167424K) From: 0K(382976K)->0K(382976K)
[191.317s][info][gc,heap        ] GC(344) ParOldGen: 8465399K(8465408K)->8465399K(8465408K)
[191.317s][info][gc,metaspace   ] GC(344) Metaspace: 6302K(6464K)->6302K(6464K) NonClass: 5768K(5824K)->5768K(5824K) Class: 533K(640K)->533K(640K)
[191.317s][info][gc             ] GC(344) Pause Full (Ergonomics) 8430M->8430M(8804M) 2723.983ms
[191.317s][info][gc,cpu         ] GC(344) User=20.42s Sys=0.02s Real=2.72s
[191.317s][info][gc,start       ] GC(345) Pause Full (Ergonomics)
[191.317s][info][gc,phases,start] GC(345) Marking Phase
[193.336s][info][gc,phases      ] GC(345) Marking Phase 2019.125ms
[193.336s][info][gc,phases,start] GC(345) Summary Phase
[193.336s][info][gc,phases      ] GC(345) Summary Phase 0.088ms
[193.336s][info][gc,phases,start] GC(345) Adjust Roots
[193.337s][info][gc,phases      ] GC(345) Adjust Roots 0.202ms
[193.337s][info][gc,phases,start] GC(345) Compaction Phase
[194.012s][info][gc,phases      ] GC(345) Compaction Phase 675.715ms
[194.012s][info][gc,phases,start] GC(345) Post Compact
[194.025s][info][gc,phases      ] GC(345) Post Compact 12.931ms
[194.026s][info][gc,heap        ] GC(345) PSYoungGen: 167423K(550400K)->167423K(550400K) Eden: 167423K(167424K)->167423K(167424K) From: 0K(382976K)->0K(382976K)
[194.026s][info][gc,heap        ] GC(345) ParOldGen: 8465404K(8465408K)->8465404K(8465408K)
[194.026s][info][gc,metaspace   ] GC(345) Metaspace: 6302K(6464K)->6302K(6464K) NonClass: 5768K(5824K)->5768K(5824K) Class: 533K(640K)->533K(640K)
[194.026s][info][gc             ] GC(345) Pause Full (Ergonomics) 8430M->8430M(8804M) 2708.394ms
[194.026s][info][gc,cpu         ] GC(345) User=20.44s Sys=0.00s Real=2.71s
[194.026s][info][gc,start       ] GC(346) Pause Full (Ergonomics)
[194.026s][info][gc,phases,start] GC(346) Marking Phase
[196.067s][info][gc,phases      ] GC(346) Marking Phase 2041.045ms
[196.067s][info][gc,phases,start] GC(346) Summary Phase
[196.067s][info][gc,phases      ] GC(346) Summary Phase 0.114ms
[196.067s][info][gc,phases,start] GC(346) Adjust Roots
[196.067s][info][gc,phases      ] GC(346) Adjust Roots 0.224ms
[196.067s][info][gc,phases,start] GC(346) Compaction Phase
[196.807s][info][gc,phases      ] GC(346) Compaction Phase 739.694ms
[196.807s][info][gc,phases,start] GC(346) Post Compact
[196.820s][info][gc,phases      ] GC(346) Post Compact 12.650ms
[196.820s][info][gc,heap        ] GC(346) PSYoungGen: 167423K(550400K)->167423K(550400K) Eden: 167423K(167424K)->167423K(167424K) From: 0K(382976K)->0K(382976K)
[196.820s][info][gc,heap        ] GC(346) ParOldGen: 8465407K(8465408K)->8465407K(8465408K)
[196.820s][info][gc,metaspace   ] GC(346) Metaspace: 6302K(6464K)->6302K(6464K) NonClass: 5768K(5824K)->5768K(5824K) Class: 533K(640K)->533K(640K)
[196.820s][info][gc             ] GC(346) Pause Full (Ergonomics) 8430M->8430M(8804M) 2794.138ms
[196.820s][info][gc,cpu         ] GC(346) User=20.42s Sys=0.00s Real=2.79s
[196.820s][info][gc,start       ] GC(347) Pause Full (Allocation Failure)
[196.820s][info][gc,phases,start] GC(347) Marking Phase
[198.785s][info][gc,phases      ] GC(347) Marking Phase 1965.211ms
[198.785s][info][gc,phases,start] GC(347) Summary Phase
[198.785s][info][gc,phases      ] GC(347) Summary Phase 0.089ms
[198.785s][info][gc,phases,start] GC(347) Adjust Roots
[198.786s][info][gc,phases      ] GC(347) Adjust Roots 0.432ms
[198.786s][info][gc,phases,start] GC(347) Compaction Phase
[200.931s][info][gc,phases      ] GC(347) Compaction Phase 2144.779ms
[200.931s][info][gc,phases,start] GC(347) Post Compact
[200.944s][info][gc,phases      ] GC(347) Post Compact 13.159ms
[200.944s][info][gc,heap        ] GC(347) PSYoungGen: 167423K(550400K)->167423K(550400K) Eden: 167423K(167424K)->167423K(167424K) From: 0K(382976K)->0K(382976K)
[200.944s][info][gc,heap        ] GC(347) ParOldGen: 8465407K(8465408K)->8465403K(8465408K)
[200.944s][info][gc,metaspace   ] GC(347) Metaspace: 6302K(6464K)->6300K(6464K) NonClass: 5768K(5824K)->5767K(5824K) Class: 533K(640K)->532K(640K)
[200.944s][info][gc             ] GC(347) Pause Full (Allocation Failure) 8430M->8430M(8804M) 4124.138ms
[200.944s][info][gc,cpu         ] GC(347) User=30.44s Sys=0.00s Real=4.12s
[200.945s][info][gc,start       ] GC(348) Pause Full (Ergonomics)
[200.945s][info][gc,phases,start] GC(348) Marking Phase
[202.926s][info][gc,phases      ] GC(348) Marking Phase 1980.943ms
[202.926s][info][gc,phases,start] GC(348) Summary Phase
[202.926s][info][gc,phases      ] GC(348) Summary Phase 0.136ms
[202.926s][info][gc,phases,start] GC(348) Adjust Roots
[202.926s][info][gc,phases      ] GC(348) Adjust Roots 0.305ms
[202.926s][info][gc,phases,start] GC(348) Compaction Phase
[203.602s][info][gc,phases      ] GC(348) Compaction Phase 676.214ms
[203.602s][info][gc,phases,start] GC(348) Post Compact
[203.615s][info][gc,phases      ] GC(348) Post Compact 12.974ms
[203.615s][info][gc,heap        ] GC(348) PSYoungGen: 167423K(550400K)->167423K(550400K) Eden: 167423K(167424K)->167423K(167424K) From: 0K(382976K)->0K(382976K)
[203.615s][info][gc,heap        ] GC(348) ParOldGen: 8465404K(8465408K)->8465404K(8465408K)
[203.615s][info][gc,metaspace   ] GC(348) Metaspace: 6300K(6464K)->6300K(6464K) NonClass: 5767K(5824K)->5767K(5824K) Class: 532K(640K)->532K(640K)
[203.615s][info][gc             ] GC(348) Pause Full (Ergonomics) 8430M->8430M(8804M) 2670.932ms
[203.616s][info][gc,cpu         ] GC(348) User=19.92s Sys=0.00s Real=2.67s
[203.616s][info][gc,start       ] GC(349) Pause Full (Ergonomics)
[203.616s][info][gc,phases,start] GC(349) Marking Phase
[205.607s][info][gc,phases      ] GC(349) Marking Phase 1991.410ms
[205.607s][info][gc,phases,start] GC(349) Summary Phase
[205.608s][info][gc,phases      ] GC(349) Summary Phase 0.136ms
[205.608s][info][gc,phases,start] GC(349) Adjust Roots
[205.608s][info][gc,phases      ] GC(349) Adjust Roots 0.268ms
[205.608s][info][gc,phases,start] GC(349) Compaction Phase
[206.283s][info][gc,phases      ] GC(349) Compaction Phase 675.000ms
[206.283s][info][gc,phases,start] GC(349) Post Compact
[206.296s][info][gc,phases      ] GC(349) Post Compact 12.925ms
[206.296s][info][gc,heap        ] GC(349) PSYoungGen: 167423K(550400K)->167423K(550400K) Eden: 167423K(167424K)->167423K(167424K) From: 0K(382976K)->0K(382976K)
[206.296s][info][gc,heap        ] GC(349) ParOldGen: 8465407K(8465408K)->8465407K(8465408K)
[206.296s][info][gc,metaspace   ] GC(349) Metaspace: 6300K(6464K)->6300K(6464K) NonClass: 5767K(5824K)->5767K(5824K) Class: 532K(640K)->532K(640K)
[206.296s][info][gc             ] GC(349) Pause Full (Ergonomics) 8430M->8430M(8804M) 2680.121ms
[206.296s][info][gc,cpu         ] GC(349) User=20.09s Sys=0.02s Real=2.68s
[206.296s][info][gc,start       ] GC(350) Pause Full (Allocation Failure)
[206.296s][info][gc,phases,start] GC(350) Marking Phase
[208.275s][info][gc,phases      ] GC(350) Marking Phase 1978.584ms
[208.275s][info][gc,phases,start] GC(350) Summary Phase
[208.275s][info][gc,phases      ] GC(350) Summary Phase 0.130ms
[208.275s][info][gc,phases,start] GC(350) Adjust Roots
[208.275s][info][gc,phases      ] GC(350) Adjust Roots 0.247ms
[208.275s][info][gc,phases,start] GC(350) Compaction Phase
[208.949s][info][gc,phases      ] GC(350) Compaction Phase 673.777ms
[208.949s][info][gc,phases,start] GC(350) Post Compact
[208.962s][info][gc,phases      ] GC(350) Post Compact 12.828ms
[208.962s][info][gc,heap        ] GC(350) PSYoungGen: 167423K(550400K)->167423K(550400K) Eden: 167423K(167424K)->167423K(167424K) From: 0K(382976K)->0K(382976K)
[208.962s][info][gc,heap        ] GC(350) ParOldGen: 8465407K(8465408K)->8465407K(8465408K)
[208.962s][info][gc,metaspace   ] GC(350) Metaspace: 6300K(6464K)->6300K(6464K) NonClass: 5767K(5824K)->5767K(5824K) Class: 532K(640K)->532K(640K)
[208.962s][info][gc             ] GC(350) Pause Full (Allocation Failure) 8430M->8430M(8804M) 2666.108ms
[208.962s][info][gc,cpu         ] GC(350) User=20.03s Sys=0.02s Real=2.67s
[208.963s][info][gc,start       ] GC(351) Pause Full (Ergonomics)
[208.963s][info][gc,phases,start] GC(351) Marking Phase
[210.952s][info][gc,phases      ] GC(351) Marking Phase 1989.713ms
[210.952s][info][gc,phases,start] GC(351) Summary Phase
[210.952s][info][gc,phases      ] GC(351) Summary Phase 0.119ms
[210.953s][info][gc,phases,start] GC(351) Adjust Roots
[210.953s][info][gc,phases      ] GC(351) Adjust Roots 0.371ms
[210.953s][info][gc,phases,start] GC(351) Compaction Phase
[213.146s][info][gc,phases      ] GC(351) Compaction Phase 2192.927ms
[213.146s][info][gc,phases,start] GC(351) Post Compact
[213.159s][info][gc,phases      ] GC(351) Post Compact 13.356ms
[213.159s][info][gc,heap        ] GC(351) PSYoungGen: 167423K(550400K)->167423K(550400K) Eden: 167423K(167424K)->167423K(167424K) From: 0K(382976K)->0K(382976K)
[213.159s][info][gc,heap        ] GC(351) ParOldGen: 8465408K(8465408K)->8465406K(8465408K)
[213.159s][info][gc,metaspace   ] GC(351) Metaspace: 6300K(6464K)->6300K(6464K) NonClass: 5767K(5824K)->5767K(5824K) Class: 532K(640K)->532K(640K)
[213.159s][info][gc             ] GC(351) Pause Full (Ergonomics) 8430M->8430M(8804M) 4196.896ms
[213.159s][info][gc,cpu         ] GC(351) User=31.39s Sys=0.02s Real=4.20s
[213.160s][info][gc,start       ] GC(352) Pause Full (Ergonomics)
[213.160s][info][gc,phases,start] GC(352) Marking Phase
[215.085s][info][gc,phases      ] GC(352) Marking Phase 1925.015ms
[215.085s][info][gc,phases,start] GC(352) Summary Phase
[215.085s][info][gc,phases      ] GC(352) Summary Phase 0.168ms
[215.085s][info][gc,phases,start] GC(352) Adjust Roots
[215.086s][info][gc,phases      ] GC(352) Adjust Roots 0.323ms
[215.086s][info][gc,phases,start] GC(352) Compaction Phase
[215.741s][info][gc,phases      ] GC(352) Compaction Phase 655.309ms
[215.741s][info][gc,phases,start] GC(352) Post Compact
[215.754s][info][gc,phases      ] GC(352) Post Compact 12.675ms
[215.754s][info][gc,heap        ] GC(352) PSYoungGen: 167424K(550400K)->167424K(550400K) Eden: 167424K(167424K)->167424K(167424K) From: 0K(382976K)->0K(382976K)
[215.754s][info][gc,heap        ] GC(352) ParOldGen: 8465407K(8465408K)->8465406K(8465408K)
[215.754s][info][gc,metaspace   ] GC(352) Metaspace: 6300K(6464K)->6300K(6464K) NonClass: 5767K(5824K)->5767K(5824K) Class: 532K(640K)->532K(640K)
[215.754s][info][gc             ] GC(352) Pause Full (Ergonomics) 8430M->8430M(8804M) 2593.943ms
[215.754s][info][gc,cpu         ] GC(352) User=19.44s Sys=0.00s Real=2.59s
[215.755s][info][gc,start       ] GC(353) Pause Full (Ergonomics)
[215.755s][info][gc,phases,start] GC(353) Marking Phase
[217.701s][info][gc,phases      ] GC(353) Marking Phase 1946.175ms
[217.701s][info][gc,phases,start] GC(353) Summary Phase
[217.701s][info][gc,phases      ] GC(353) Summary Phase 0.089ms
[217.701s][info][gc,phases,start] GC(353) Adjust Roots
[217.702s][info][gc,phases      ] GC(353) Adjust Roots 0.306ms
[217.702s][info][gc,phases,start] GC(353) Compaction Phase
[219.893s][info][gc,phases      ] GC(353) Compaction Phase 2190.821ms
[219.893s][info][gc,phases,start] GC(353) Post Compact
[219.906s][info][gc,phases      ] GC(353) Post Compact 13.071ms
[219.906s][info][gc,heap        ] GC(353) PSYoungGen: 167424K(550400K)->167424K(550400K) Eden: 167424K(167424K)->167424K(167424K) From: 0K(382976K)->0K(382976K)
[219.906s][info][gc,heap        ] GC(353) ParOldGen: 8465407K(8465408K)->8465405K(8465408K)
[219.906s][info][gc,metaspace   ] GC(353) Metaspace: 6302K(6528K)->6302K(6528K) NonClass: 5768K(5888K)->5768K(5888K) Class: 533K(640K)->533K(640K)
[219.906s][info][gc             ] GC(353) Pause Full (Ergonomics) 8430M->8430M(8804M) 4150.862ms
[219.906s][info][gc,cpu         ] GC(353) User=31.03s Sys=0.05s Real=4.15s
[219.906s][info][gc,heap,exit   ] Heap
[219.906s][info][gc,heap,exit   ]  PSYoungGen      total 550400K, used 167424K [0x00000006fdb00000, 0x0000000737c80000, 0x0000000800000000)
[219.906s][info][gc,heap,exit   ]   eden space 167424K, 100% used [0x00000006fdb00000,0x0000000707e80000,0x0000000707e80000)
[219.906s][info][gc,heap,exit   ]   from space 382976K, 0% used [0x0000000720680000,0x0000000720680000,0x0000000737c80000)
[219.906s][info][gc,heap,exit   ]   to   space 382976K, 0% used [0x0000000707e80000,0x0000000707e80000,0x000000071f480000)
[219.906s][info][gc,heap,exit   ]  ParOldGen       total 8465408K, used 8465406K [0x00000004f9000000, 0x00000006fdb00000, 0x00000006fdb00000)
[219.906s][info][gc,heap,exit   ]   object space 8465408K, 99% used [0x00000004f9000000,0x00000006fdaff800,0x00000006fdb00000)
[219.907s][info][gc,heap,exit   ]  Metaspace       used 6305K, committed 6528K, reserved 1114112K
[219.907s][info][gc,heap,exit   ]   class space    used 534K, committed 640K, reserved 1048576K
