[0.013s][info][gc,init] CardTable entry size: 512
[0.013s][info][gc     ] Using Parallel
[0.014s][info][gc,init] Version: 18.0.1+10 (release)
[0.014s][info][gc,init] CPUs: 8 total, 8 available
[0.014s][info][gc,init] Memory: 16063M
[0.014s][info][gc,init] Large Page Support: Disabled
[0.014s][info][gc,init] NUMA Support: Disabled
[0.014s][info][gc,init] Compressed Oops: Enabled (Zero based)
[0.014s][info][gc,init] Alignments: Space 512K, Generation 512K, Heap 2M
[0.014s][info][gc,init] Heap Min Capacity: 2M
[0.014s][info][gc,init] Heap Initial Capacity: 2M
[0.014s][info][gc,init] Heap Max Capacity: 10900M
[0.015s][info][gc,init] Pre-touch: Disabled
[0.015s][info][gc,init] Parallel Workers: 8
[0.015s][info][gc,metaspace] CDS archive(s) not mapped
[0.015s][info][gc,metaspace] Compressed class space mapped at: 0x0000000800000000-0x0000000840000000, reserved size: 1073741824
[0.015s][info][gc,metaspace] Narrow klass base: 0x0000000800000000, Narrow klass shift: 0, Narrow klass range: 0x40000000
[0.122s][info][gc,start    ] GC(0) Pause Young (Allocation Failure)
[0.123s][info][gc,heap     ] GC(0) PSYoungGen: 512K(1024K)->480K(1024K) Eden: 512K(512K)->0K(512K) From: 0K(512K)->480K(512K)
[0.123s][info][gc,heap     ] GC(0) ParOldGen: 0K(512K)->8K(512K)
[0.123s][info][gc,metaspace] GC(0) Metaspace: 4228K(4352K)->4228K(4352K) NonClass: 3907K(3968K)->3907K(3968K) Class: 321K(384K)->321K(384K)
[0.123s][info][gc          ] GC(0) Pause Young (Allocation Failure) 0M->0M(1M) 1.273ms
[0.123s][info][gc,cpu      ] GC(0) User=0.00s Sys=0.00s Real=0.00s
[0.193s][info][gc,start    ] GC(1) Pause Young (Allocation Failure)
[0.194s][info][gc,heap     ] GC(1) PSYoungGen: 991K(1024K)->512K(1024K) Eden: 511K(512K)->0K(512K) From: 480K(512K)->512K(512K)
[0.194s][info][gc,heap     ] GC(1) ParOldGen: 8K(512K)->92K(512K)
[0.194s][info][gc,metaspace] GC(1) Metaspace: 5882K(6016K)->5882K(6016K) NonClass: 5385K(5504K)->5385K(5504K) Class: 496K(512K)->496K(512K)
[0.194s][info][gc          ] GC(1) Pause Young (Allocation Failure) 0M->0M(1M) 1.075ms
[0.194s][info][gc,cpu      ] GC(1) User=0.00s Sys=0.00s Real=0.00s
[0.215s][info][gc,start    ] GC(2) Pause Young (Allocation Failure)
[0.216s][info][gc,heap     ] GC(2) PSYoungGen: 1023K(1024K)->512K(1024K) Eden: 511K(512K)->0K(512K) From: 512K(512K)->512K(512K)
[0.216s][info][gc,heap     ] GC(2) ParOldGen: 92K(512K)->236K(512K)
[0.216s][info][gc,metaspace] GC(2) Metaspace: 6297K(6464K)->6297K(6464K) NonClass: 5764K(5824K)->5764K(5824K) Class: 533K(640K)->533K(640K)
[0.216s][info][gc          ] GC(2) Pause Young (Allocation Failure) 1M->0M(1M) 1.057ms
[0.216s][info][gc,cpu      ] GC(2) User=0.00s Sys=0.00s Real=0.00s
[0.217s][info][gc,start    ] GC(3) Pause Young (Allocation Failure)
[0.218s][info][gc,heap     ] GC(3) PSYoungGen: 1023K(1024K)->512K(1536K) Eden: 511K(512K)->0K(1024K) From: 512K(512K)->512K(512K)
[0.218s][info][gc,heap     ] GC(3) ParOldGen: 236K(512K)->500K(512K)
[0.218s][info][gc,metaspace] GC(3) Metaspace: 6300K(6464K)->6300K(6464K) NonClass: 5766K(5824K)->5766K(5824K) Class: 533K(640K)->533K(640K)
[0.218s][info][gc          ] GC(3) Pause Young (Allocation Failure) 1M->0M(2M) 0.937ms
[0.218s][info][gc,cpu      ] GC(3) User=0.00s Sys=0.00s Real=0.00s
[0.218s][info][gc,start    ] GC(4) Pause Full (Ergonomics)
[0.218s][info][gc,phases,start] GC(4) Marking Phase
[0.219s][info][gc,phases      ] GC(4) Marking Phase 1.046ms
[0.219s][info][gc,phases,start] GC(4) Summary Phase
[0.219s][info][gc,phases      ] GC(4) Summary Phase 0.016ms
[0.219s][info][gc,phases,start] GC(4) Adjust Roots
[0.220s][info][gc,phases      ] GC(4) Adjust Roots 0.347ms
[0.220s][info][gc,phases,start] GC(4) Compaction Phase
[0.222s][info][gc,phases      ] GC(4) Compaction Phase 1.972ms
[0.222s][info][gc,phases,start] GC(4) Post Compact
[0.222s][info][gc,phases      ] GC(4) Post Compact 0.093ms
[0.222s][info][gc,heap        ] GC(4) PSYoungGen: 512K(1536K)->509K(1536K) Eden: 0K(1024K)->0K(1024K) From: 512K(512K)->509K(512K)
[0.222s][info][gc,heap        ] GC(4) ParOldGen: 500K(512K)->457K(2048K)
[0.222s][info][gc,metaspace   ] GC(4) Metaspace: 6300K(6464K)->6300K(6464K) NonClass: 5766K(5824K)->5766K(5824K) Class: 533K(640K)->533K(640K)
[0.222s][info][gc             ] GC(4) Pause Full (Ergonomics) 0M->0M(3M) 3.838ms
[0.222s][info][gc,cpu         ] GC(4) User=0.00s Sys=0.00s Real=0.00s
[0.224s][info][gc,start       ] GC(5) Pause Young (Allocation Failure)
[0.225s][info][gc,heap        ] GC(5) PSYoungGen: 1533K(1536K)->480K(1536K) Eden: 1024K(1024K)->0K(1024K) From: 509K(512K)->480K(512K)
[0.225s][info][gc,heap        ] GC(5) ParOldGen: 457K(2048K)->1017K(2048K)
[0.225s][info][gc,metaspace   ] GC(5) Metaspace: 6300K(6464K)->6300K(6464K) NonClass: 5766K(5824K)->5766K(5824K) Class: 533K(640K)->533K(640K)
[0.225s][info][gc             ] GC(5) Pause Young (Allocation Failure) 1M->1M(3M) 1.223ms
[0.225s][info][gc,cpu         ] GC(5) User=0.00s Sys=0.00s Real=0.00s
[0.227s][info][gc,start       ] GC(6) Pause Young (Allocation Failure)
[0.228s][info][gc,heap        ] GC(6) PSYoungGen: 1504K(1536K)->1056K(3584K) Eden: 1024K(1024K)->0K(2048K) From: 480K(512K)->1056K(1536K)
[0.228s][info][gc,heap        ] GC(6) ParOldGen: 1017K(2048K)->1017K(2048K)
[0.228s][info][gc,metaspace   ] GC(6) Metaspace: 6300K(6464K)->6300K(6464K) NonClass: 5766K(5824K)->5766K(5824K) Class: 533K(640K)->533K(640K)
[0.228s][info][gc             ] GC(6) Pause Young (Allocation Failure) 2M->2M(5M) 1.454ms
[0.228s][info][gc,cpu         ] GC(6) User=0.00s Sys=0.00s Real=0.00s
[0.231s][info][gc,start       ] GC(7) Pause Young (Allocation Failure)
[0.233s][info][gc,heap        ] GC(7) PSYoungGen: 3104K(3584K)->1504K(3584K) Eden: 2048K(2048K)->0K(2048K) From: 1056K(1536K)->1504K(1536K)
[0.233s][info][gc,heap        ] GC(7) ParOldGen: 1017K(2048K)->1569K(2048K)
[0.233s][info][gc,metaspace   ] GC(7) Metaspace: 6300K(6464K)->6300K(6464K) NonClass: 5766K(5824K)->5766K(5824K) Class: 533K(640K)->533K(640K)
[0.233s][info][gc             ] GC(7) Pause Young (Allocation Failure) 4M->3M(5M) 2.243ms
[0.233s][info][gc,cpu         ] GC(7) User=0.00s Sys=0.00s Real=0.00s
[0.233s][info][gc,start       ] GC(8) Pause Full (Ergonomics)
[0.233s][info][gc,phases,start] GC(8) Marking Phase
[0.235s][info][gc,phases      ] GC(8) Marking Phase 1.899ms
[0.235s][info][gc,phases,start] GC(8) Summary Phase
[0.235s][info][gc,phases      ] GC(8) Summary Phase 0.017ms
[0.235s][info][gc,phases,start] GC(8) Adjust Roots
[0.236s][info][gc,phases      ] GC(8) Adjust Roots 0.412ms
[0.236s][info][gc,phases,start] GC(8) Compaction Phase
[0.239s][info][gc,phases      ] GC(8) Compaction Phase 2.854ms
[0.239s][info][gc,phases,start] GC(8) Post Compact
[0.239s][info][gc,phases      ] GC(8) Post Compact 0.034ms
[0.239s][info][gc,heap        ] GC(8) PSYoungGen: 1504K(3584K)->1501K(3584K) Eden: 0K(2048K)->0K(2048K) From: 1504K(1536K)->1501K(1536K)
[0.239s][info][gc,heap        ] GC(8) ParOldGen: 1569K(2048K)->1537K(4096K)
[0.239s][info][gc,metaspace   ] GC(8) Metaspace: 6300K(6464K)->6300K(6464K) NonClass: 5766K(5824K)->5766K(5824K) Class: 533K(640K)->533K(640K)
[0.239s][info][gc             ] GC(8) Pause Full (Ergonomics) 3M->2M(7M) 5.587ms
[0.239s][info][gc,cpu         ] GC(8) User=0.00s Sys=0.00s Real=0.01s
[0.243s][info][gc,start       ] GC(9) Pause Young (Allocation Failure)
[0.245s][info][gc,heap        ] GC(9) PSYoungGen: 3549K(3584K)->2016K(5120K) Eden: 2048K(2048K)->0K(3072K) From: 1501K(1536K)->2016K(2048K)
[0.245s][info][gc,heap        ] GC(9) ParOldGen: 1537K(4096K)->2081K(4096K)
[0.245s][info][gc,metaspace   ] GC(9) Metaspace: 6300K(6464K)->6300K(6464K) NonClass: 5766K(5824K)->5766K(5824K) Class: 533K(640K)->533K(640K)
[0.245s][info][gc             ] GC(9) Pause Young (Allocation Failure) 4M->4M(9M) 2.296ms
[0.245s][info][gc,cpu         ] GC(9) User=0.00s Sys=0.00s Real=0.00s
[0.250s][info][gc,start       ] GC(10) Pause Young (Allocation Failure)
[0.253s][info][gc,heap        ] GC(10) PSYoungGen: 5088K(5120K)->2528K(5632K) Eden: 3072K(3072K)->0K(3072K) From: 2016K(2048K)->2528K(2560K)
[0.253s][info][gc,heap        ] GC(10) ParOldGen: 2081K(4096K)->3169K(4096K)
[0.253s][info][gc,metaspace   ] GC(10) Metaspace: 6300K(6464K)->6300K(6464K) NonClass: 5766K(5824K)->5766K(5824K) Class: 533K(640K)->533K(640K)
[0.253s][info][gc             ] GC(10) Pause Young (Allocation Failure) 7M->5M(9M) 2.757ms
[0.253s][info][gc,cpu         ] GC(10) User=0.00s Sys=0.00s Real=0.00s
[0.253s][info][gc,start       ] GC(11) Pause Full (Ergonomics)
[0.253s][info][gc,phases,start] GC(11) Marking Phase
[0.256s][info][gc,phases      ] GC(11) Marking Phase 3.080ms
[0.256s][info][gc,phases,start] GC(11) Summary Phase
[0.256s][info][gc,phases      ] GC(11) Summary Phase 0.019ms
[0.256s][info][gc,phases,start] GC(11) Adjust Roots
[0.257s][info][gc,phases      ] GC(11) Adjust Roots 0.214ms
[0.257s][info][gc,phases,start] GC(11) Compaction Phase
[0.259s][info][gc,phases      ] GC(11) Compaction Phase 2.502ms
[0.259s][info][gc,phases,start] GC(11) Post Compact
[0.259s][info][gc,phases      ] GC(11) Post Compact 0.044ms
[0.259s][info][gc,heap        ] GC(11) PSYoungGen: 2528K(5632K)->1916K(5632K) Eden: 0K(3072K)->0K(3072K) From: 2528K(2560K)->1916K(2560K)
[0.259s][info][gc,heap        ] GC(11) ParOldGen: 3169K(4096K)->3744K(7168K)
[0.259s][info][gc,metaspace   ] GC(11) Metaspace: 6300K(6464K)->6300K(6464K) NonClass: 5766K(5824K)->5766K(5824K) Class: 533K(640K)->533K(640K)
[0.259s][info][gc             ] GC(11) Pause Full (Ergonomics) 5M->5M(12M) 6.152ms
[0.259s][info][gc,cpu         ] GC(11) User=0.00s Sys=0.00s Real=0.01s
[0.265s][info][gc,start       ] GC(12) Pause Young (Allocation Failure)
[0.268s][info][gc,heap        ] GC(12) PSYoungGen: 4988K(5632K)->2656K(8192K) Eden: 3072K(3072K)->0K(4608K) From: 1916K(2560K)->2656K(3584K)
[0.268s][info][gc,heap        ] GC(12) ParOldGen: 3744K(7168K)->4744K(7168K)
[0.268s][info][gc,metaspace   ] GC(12) Metaspace: 6300K(6464K)->6300K(6464K) NonClass: 5766K(5824K)->5766K(5824K) Class: 533K(640K)->533K(640K)
[0.268s][info][gc             ] GC(12) Pause Young (Allocation Failure) 8M->7M(15M) 3.572ms
[0.268s][info][gc,cpu         ] GC(12) User=0.00s Sys=0.00s Real=0.00s
[0.274s][info][gc,start       ] GC(13) Pause Young (Allocation Failure)
[0.277s][info][gc,heap        ] GC(13) PSYoungGen: 7264K(8192K)->2400K(8192K) Eden: 4608K(4608K)->0K(4608K) From: 2656K(3584K)->2400K(3584K)
[0.277s][info][gc,heap        ] GC(13) ParOldGen: 4744K(7168K)->7432K(7680K)
[0.277s][info][gc,metaspace   ] GC(13) Metaspace: 6300K(6464K)->6300K(6464K) NonClass: 5766K(5824K)->5766K(5824K) Class: 533K(640K)->533K(640K)
[0.277s][info][gc             ] GC(13) Pause Young (Allocation Failure) 11M->9M(15M) 3.772ms
[0.277s][info][gc,cpu         ] GC(13) User=0.02s Sys=0.00s Real=0.00s
[0.277s][info][gc,start       ] GC(14) Pause Full (Ergonomics)
[0.277s][info][gc,phases,start] GC(14) Marking Phase
[0.282s][info][gc,phases      ] GC(14) Marking Phase 4.806ms
[0.282s][info][gc,phases,start] GC(14) Summary Phase
[0.282s][info][gc,phases      ] GC(14) Summary Phase 0.017ms
[0.282s][info][gc,phases,start] GC(14) Adjust Roots
[0.282s][info][gc,phases      ] GC(14) Adjust Roots 0.189ms
[0.283s][info][gc,phases,start] GC(14) Compaction Phase
[0.286s][info][gc,phases      ] GC(14) Compaction Phase 3.624ms
[0.286s][info][gc,phases,start] GC(14) Post Compact
[0.286s][info][gc,phases      ] GC(14) Post Compact 0.056ms
[0.286s][info][gc,heap        ] GC(14) PSYoungGen: 2400K(8192K)->2370K(8192K) Eden: 0K(4608K)->0K(4608K) From: 2400K(3584K)->2370K(3584K)
[0.286s][info][gc,heap        ] GC(14) ParOldGen: 7432K(7680K)->7232K(12288K)
[0.286s][info][gc,metaspace   ] GC(14) Metaspace: 6300K(6464K)->6300K(6464K) NonClass: 5766K(5824K)->5766K(5824K) Class: 533K(640K)->533K(640K)
[0.286s][info][gc             ] GC(14) Pause Full (Ergonomics) 9M->9M(20M) 9.002ms
[0.286s][info][gc,cpu         ] GC(14) User=0.00s Sys=0.00s Real=0.01s
[0.291s][info][gc,start       ] GC(15) Pause Young (Allocation Failure)
[0.295s][info][gc,heap        ] GC(15) PSYoungGen: 6469K(8192K)->2112K(10752K) Eden: 4098K(4608K)->0K(6656K) From: 2370K(3584K)->2112K(4096K)
[0.295s][info][gc,heap        ] GC(15) ParOldGen: 7232K(12288K)->9648K(12288K)
[0.295s][info][gc,metaspace   ] GC(15) Metaspace: 6300K(6464K)->6300K(6464K) NonClass: 5766K(5824K)->5766K(5824K) Class: 533K(640K)->533K(640K)
[0.295s][info][gc             ] GC(15) Pause Young (Allocation Failure) 13M->11M(22M) 3.906ms
[0.295s][info][gc,cpu         ] GC(15) User=0.02s Sys=0.00s Real=0.00s
[0.303s][info][gc,start       ] GC(16) Pause Young (Allocation Failure)
[0.307s][info][gc,heap        ] GC(16) PSYoungGen: 8768K(10752K)->3680K(10752K) Eden: 6656K(6656K)->0K(6656K) From: 2112K(4096K)->3680K(4096K)
[0.307s][info][gc,heap        ] GC(16) ParOldGen: 9648K(12288K)->11752K(12288K)
[0.307s][info][gc,metaspace   ] GC(16) Metaspace: 6302K(6464K)->6302K(6464K) NonClass: 5768K(5824K)->5768K(5824K) Class: 533K(640K)->533K(640K)
[0.307s][info][gc             ] GC(16) Pause Young (Allocation Failure) 17M->15M(22M) 4.754ms
[0.307s][info][gc,cpu         ] GC(16) User=0.00s Sys=0.00s Real=0.01s
[0.308s][info][gc,start       ] GC(17) Pause Full (Ergonomics)
[0.308s][info][gc,phases,start] GC(17) Marking Phase
[0.315s][info][gc,phases      ] GC(17) Marking Phase 7.095ms
[0.315s][info][gc,phases,start] GC(17) Summary Phase
[0.315s][info][gc,phases      ] GC(17) Summary Phase 0.020ms
[0.315s][info][gc,phases,start] GC(17) Adjust Roots
[0.315s][info][gc,phases      ] GC(17) Adjust Roots 0.177ms
[0.315s][info][gc,phases,start] GC(17) Compaction Phase
[0.323s][info][gc,phases      ] GC(17) Compaction Phase 8.512ms
[0.324s][info][gc,phases,start] GC(17) Post Compact
[0.324s][info][gc,phases      ] GC(17) Post Compact 0.080ms
[0.324s][info][gc,heap        ] GC(17) PSYoungGen: 3680K(10752K)->3040K(10752K) Eden: 0K(6656K)->0K(6656K) From: 3680K(4096K)->3040K(4096K)
[0.324s][info][gc,heap        ] GC(17) ParOldGen: 11752K(12288K)->12023K(18944K)
[0.324s][info][gc,metaspace   ] GC(17) Metaspace: 6302K(6464K)->6302K(6464K) NonClass: 5768K(5824K)->5768K(5824K) Class: 533K(640K)->533K(640K)
[0.324s][info][gc             ] GC(17) Pause Full (Ergonomics) 15M->14M(29M) 16.333ms
[0.324s][info][gc,cpu         ] GC(17) User=0.00s Sys=0.00s Real=0.02s
[0.329s][info][gc,start       ] GC(18) Pause Young (Allocation Failure)
[0.335s][info][gc,heap        ] GC(18) PSYoungGen: 9696K(10752K)->3456K(13312K) Eden: 6656K(6656K)->0K(8704K) From: 3040K(4096K)->3456K(4608K)
[0.335s][info][gc,heap        ] GC(18) ParOldGen: 12023K(18944K)->15119K(18944K)
[0.335s][info][gc,metaspace   ] GC(18) Metaspace: 6302K(6464K)->6302K(6464K) NonClass: 5768K(5824K)->5768K(5824K) Class: 533K(640K)->533K(640K)
[0.335s][info][gc             ] GC(18) Pause Young (Allocation Failure) 21M->18M(31M) 6.304ms
[0.335s][info][gc,cpu         ] GC(18) User=0.00s Sys=0.00s Real=0.01s
[0.340s][info][gc,start       ] GC(19) Pause Young (Allocation Failure)
[0.346s][info][gc,heap        ] GC(19) PSYoungGen: 11708K(13312K)->4224K(13312K) Eden: 8252K(8704K)->0K(8704K) From: 3456K(4608K)->4224K(4608K)
[0.346s][info][gc,heap        ] GC(19) ParOldGen: 15119K(18944K)->18615K(18944K)
[0.346s][info][gc,metaspace   ] GC(19) Metaspace: 6302K(6464K)->6302K(6464K) NonClass: 5768K(5824K)->5768K(5824K) Class: 533K(640K)->533K(640K)
[0.346s][info][gc             ] GC(19) Pause Young (Allocation Failure) 26M->22M(31M) 5.993ms
[0.346s][info][gc,cpu         ] GC(19) User=0.00s Sys=0.00s Real=0.01s
[0.346s][info][gc,start       ] GC(20) Pause Full (Ergonomics)
[0.346s][info][gc,phases,start] GC(20) Marking Phase
[0.356s][info][gc,phases      ] GC(20) Marking Phase 9.448ms
[0.356s][info][gc,phases,start] GC(20) Summary Phase
[0.356s][info][gc,phases      ] GC(20) Summary Phase 0.018ms
[0.356s][info][gc,phases,start] GC(20) Adjust Roots
[0.356s][info][gc,phases      ] GC(20) Adjust Roots 0.153ms
[0.356s][info][gc,phases,start] GC(20) Compaction Phase
[0.362s][info][gc,phases      ] GC(20) Compaction Phase 6.258ms
[0.362s][info][gc,phases,start] GC(20) Post Compact
[0.362s][info][gc,phases      ] GC(20) Post Compact 0.132ms
[0.363s][info][gc,heap        ] GC(20) PSYoungGen: 4224K(13312K)->4183K(13312K) Eden: 0K(8704K)->0K(8704K) From: 4224K(4608K)->4183K(4608K)
[0.363s][info][gc,heap        ] GC(20) ParOldGen: 18615K(18944K)->18497K(28160K)
[0.363s][info][gc,metaspace   ] GC(20) Metaspace: 6302K(6464K)->6302K(6464K) NonClass: 5768K(5824K)->5768K(5824K) Class: 533K(640K)->533K(640K)
[0.363s][info][gc             ] GC(20) Pause Full (Ergonomics) 22M->22M(40M) 16.440ms
[0.363s][info][gc,cpu         ] GC(20) User=0.00s Sys=0.00s Real=0.02s
[0.371s][info][gc,start       ] GC(21) Pause Young (Allocation Failure)
[0.379s][info][gc,heap        ] GC(21) PSYoungGen: 12887K(13312K)->5024K(15872K) Eden: 8704K(8704K)->0K(10752K) From: 4183K(4608K)->5024K(5120K)
[0.379s][info][gc,heap        ] GC(21) ParOldGen: 18497K(28160K)->22753K(28160K)
[0.379s][info][gc,metaspace   ] GC(21) Metaspace: 6302K(6464K)->6302K(6464K) NonClass: 5768K(5824K)->5768K(5824K) Class: 533K(640K)->533K(640K)
[0.379s][info][gc             ] GC(21) Pause Young (Allocation Failure) 30M->27M(43M) 7.940ms
[0.379s][info][gc,cpu         ] GC(21) User=0.00s Sys=0.00s Real=0.01s
[0.385s][info][gc,start       ] GC(22) Pause Young (Allocation Failure)
[0.393s][info][gc,heap        ] GC(22) PSYoungGen: 15776K(15872K)->5600K(16896K) Eden: 10752K(10752K)->0K(10752K) From: 5024K(5120K)->5600K(6144K)
[0.393s][info][gc,heap        ] GC(22) ParOldGen: 22753K(28160K)->27817K(28160K)
[0.393s][info][gc,metaspace   ] GC(22) Metaspace: 6302K(6464K)->6302K(6464K) NonClass: 5768K(5824K)->5768K(5824K) Class: 533K(640K)->533K(640K)
[0.393s][info][gc             ] GC(22) Pause Young (Allocation Failure) 37M->32M(44M) 8.217ms
[0.393s][info][gc,cpu         ] GC(22) User=0.00s Sys=0.00s Real=0.01s
[0.393s][info][gc,start       ] GC(23) Pause Full (Ergonomics)
[0.393s][info][gc,phases,start] GC(23) Marking Phase
[0.408s][info][gc,phases      ] GC(23) Marking Phase 14.655ms
[0.408s][info][gc,phases,start] GC(23) Summary Phase
[0.408s][info][gc,phases      ] GC(23) Summary Phase 0.019ms
[0.408s][info][gc,phases,start] GC(23) Adjust Roots
[0.408s][info][gc,phases      ] GC(23) Adjust Roots 0.199ms
[0.408s][info][gc,phases,start] GC(23) Compaction Phase
[0.421s][info][gc,phases      ] GC(23) Compaction Phase 12.656ms
[0.421s][info][gc,phases,start] GC(23) Post Compact
[0.421s][info][gc,phases      ] GC(23) Post Compact 0.135ms
[0.421s][info][gc,heap        ] GC(23) PSYoungGen: 5600K(16896K)->5047K(16896K) Eden: 0K(10752K)->0K(10752K) From: 5600K(6144K)->5047K(6144K)
[0.421s][info][gc,heap        ] GC(23) ParOldGen: 27817K(28160K)->27669K(39936K)
[0.421s][info][gc,metaspace   ] GC(23) Metaspace: 6302K(6464K)->6302K(6464K) NonClass: 5768K(5824K)->5768K(5824K) Class: 533K(640K)->533K(640K)
[0.421s][info][gc             ] GC(23) Pause Full (Ergonomics) 32M->31M(55M) 28.023ms
[0.421s][info][gc,cpu         ] GC(23) User=0.02s Sys=0.00s Real=0.03s
[0.430s][info][gc,start       ] GC(24) Pause Young (Allocation Failure)
[0.442s][info][gc,heap        ] GC(24) PSYoungGen: 15799K(16896K)->6656K(15872K) Eden: 10752K(10752K)->0K(9216K) From: 5047K(6144K)->6656K(6656K)
[0.443s][info][gc,heap        ] GC(24) ParOldGen: 27669K(39936K)->34901K(39936K)
[0.443s][info][gc,metaspace   ] GC(24) Metaspace: 6302K(6464K)->6302K(6464K) NonClass: 5768K(5824K)->5768K(5824K) Class: 533K(640K)->533K(640K)
[0.443s][info][gc             ] GC(24) Pause Young (Allocation Failure) 42M->40M(54M) 12.152ms
[0.443s][info][gc,cpu         ] GC(24) User=0.00s Sys=0.00s Real=0.01s
[0.443s][info][gc,start       ] GC(25) Pause Full (Ergonomics)
[0.443s][info][gc,phases,start] GC(25) Marking Phase
[0.461s][info][gc,phases      ] GC(25) Marking Phase 18.308ms
[0.461s][info][gc,phases,start] GC(25) Summary Phase
[0.461s][info][gc,phases      ] GC(25) Summary Phase 0.021ms
[0.461s][info][gc,phases,start] GC(25) Adjust Roots
[0.461s][info][gc,phases      ] GC(25) Adjust Roots 0.165ms
[0.461s][info][gc,phases,start] GC(25) Compaction Phase
[0.472s][info][gc,phases      ] GC(25) Compaction Phase 10.656ms
[0.472s][info][gc,phases,start] GC(25) Post Compact
[0.472s][info][gc,phases      ] GC(25) Post Compact 0.213ms
[0.472s][info][gc,heap        ] GC(25) PSYoungGen: 6656K(15872K)->1533K(15872K) Eden: 0K(9216K)->0K(9216K) From: 6656K(6656K)->1533K(6656K)
[0.472s][info][gc,heap        ] GC(25) ParOldGen: 34901K(39936K)->39894K(55296K)
[0.472s][info][gc,metaspace   ] GC(25) Metaspace: 6302K(6464K)->6302K(6464K) NonClass: 5768K(5824K)->5768K(5824K) Class: 533K(640K)->533K(640K)
[0.472s][info][gc             ] GC(25) Pause Full (Ergonomics) 40M->40M(69M) 29.851ms
[0.473s][info][gc,cpu         ] GC(25) User=0.02s Sys=0.00s Real=0.03s
[0.487s][info][gc,start       ] GC(26) Pause Young (Allocation Failure)
[0.497s][info][gc,heap        ] GC(26) PSYoungGen: 10749K(15872K)->9216K(19968K) Eden: 9216K(9216K)->0K(9216K) From: 1533K(6656K)->9216K(10752K)
[0.497s][info][gc,heap        ] GC(26) ParOldGen: 39894K(55296K)->41462K(55296K)
[0.497s][info][gc,metaspace   ] GC(26) Metaspace: 6302K(6464K)->6302K(6464K) NonClass: 5768K(5824K)->5768K(5824K) Class: 533K(640K)->533K(640K)
[0.497s][info][gc             ] GC(26) Pause Young (Allocation Failure) 49M->49M(73M) 10.570ms
[0.497s][info][gc,cpu         ] GC(26) User=0.02s Sys=0.00s Real=0.01s
[0.507s][info][gc,start       ] GC(27) Pause Young (Allocation Failure)
[0.520s][info][gc,heap        ] GC(27) PSYoungGen: 18432K(19968K)->11744K(18432K) Eden: 9216K(9216K)->0K(6656K) From: 9216K(10752K)->11744K(11776K)
[0.520s][info][gc,heap        ] GC(27) ParOldGen: 41462K(55296K)->48230K(55296K)
[0.520s][info][gc,metaspace   ] GC(27) Metaspace: 6302K(6464K)->6302K(6464K) NonClass: 5768K(5824K)->5768K(5824K) Class: 533K(640K)->533K(640K)
[0.520s][info][gc             ] GC(27) Pause Young (Allocation Failure) 58M->58M(72M) 12.813ms
[0.520s][info][gc,cpu         ] GC(27) User=0.02s Sys=0.00s Real=0.01s
[0.520s][info][gc,start       ] GC(28) Pause Full (Ergonomics)
[0.520s][info][gc,phases,start] GC(28) Marking Phase
[0.545s][info][gc,phases      ] GC(28) Marking Phase 25.316ms
[0.545s][info][gc,phases,start] GC(28) Summary Phase
[0.545s][info][gc,phases      ] GC(28) Summary Phase 0.028ms
[0.545s][info][gc,phases,start] GC(28) Adjust Roots
[0.546s][info][gc,phases      ] GC(28) Adjust Roots 0.163ms
[0.546s][info][gc,phases,start] GC(28) Compaction Phase
[0.565s][info][gc,phases      ] GC(28) Compaction Phase 19.217ms
[0.565s][info][gc,phases,start] GC(28) Post Compact
[0.565s][info][gc,phases      ] GC(28) Post Compact 0.228ms
[0.565s][info][gc,heap        ] GC(28) PSYoungGen: 11744K(18432K)->3545K(18432K) Eden: 0K(6656K)->0K(6656K) From: 11744K(11776K)->3545K(11776K)
[0.565s][info][gc,heap        ] GC(28) ParOldGen: 48230K(55296K)->55235K(72704K)
[0.565s][info][gc,metaspace   ] GC(28) Metaspace: 6302K(6464K)->6302K(6464K) NonClass: 5768K(5824K)->5768K(5824K) Class: 533K(640K)->533K(640K)
[0.565s][info][gc             ] GC(28) Pause Full (Ergonomics) 58M->57M(89M) 45.369ms
[0.565s][info][gc,cpu         ] GC(28) User=0.06s Sys=0.00s Real=0.04s
[0.573s][info][gc,start       ] GC(29) Pause Young (Allocation Failure)
[0.584s][info][gc,heap        ] GC(29) PSYoungGen: 10201K(18432K)->6688K(23040K) Eden: 6656K(6656K)->0K(6656K) From: 3545K(11776K)->6688K(16384K)
[0.584s][info][gc,heap        ] GC(29) ParOldGen: 55235K(72704K)->58843K(72704K)
[0.584s][info][gc,metaspace   ] GC(29) Metaspace: 6302K(6464K)->6302K(6464K) NonClass: 5768K(5824K)->5768K(5824K) Class: 533K(640K)->533K(640K)
[0.584s][info][gc             ] GC(29) Pause Young (Allocation Failure) 63M->63M(93M) 11.328ms
[0.584s][info][gc,cpu         ] GC(29) User=0.00s Sys=0.00s Real=0.01s
[0.591s][info][gc,start       ] GC(30) Pause Young (Allocation Failure)
[0.601s][info][gc,heap        ] GC(30) PSYoungGen: 13344K(23040K)->13312K(22528K) Eden: 6656K(6656K)->0K(6656K) From: 6688K(16384K)->13312K(15872K)
[0.601s][info][gc,heap        ] GC(30) ParOldGen: 58843K(72704K)->58843K(72704K)
[0.601s][info][gc,metaspace   ] GC(30) Metaspace: 6302K(6464K)->6302K(6464K) NonClass: 5768K(5824K)->5768K(5824K) Class: 533K(640K)->533K(640K)
[0.601s][info][gc             ] GC(30) Pause Young (Allocation Failure) 70M->70M(93M) 9.440ms
[0.601s][info][gc,cpu         ] GC(30) User=0.00s Sys=0.00s Real=0.01s
[0.608s][info][gc,start       ] GC(31) Pause Young (Allocation Failure)
[0.620s][info][gc,heap        ] GC(31) PSYoungGen: 19968K(22528K)->17408K(24064K) Eden: 6656K(6656K)->0K(6656K) From: 13312K(15872K)->17408K(17408K)
[0.620s][info][gc,heap        ] GC(31) ParOldGen: 58843K(72704K)->61395K(72704K)
[0.620s][info][gc,metaspace   ] GC(31) Metaspace: 6302K(6464K)->6302K(6464K) NonClass: 5768K(5824K)->5768K(5824K) Class: 533K(640K)->533K(640K)
[0.620s][info][gc             ] GC(31) Pause Young (Allocation Failure) 76M->76M(94M) 12.378ms
[0.620s][info][gc,cpu         ] GC(31) User=0.00s Sys=0.00s Real=0.01s
[0.628s][info][gc,start       ] GC(32) Pause Young (Allocation Failure)
[0.643s][info][gc,heap        ] GC(32) PSYoungGen: 24064K(24064K)->12320K(30208K) Eden: 6656K(6656K)->0K(8704K) From: 17408K(17408K)->12320K(21504K)
[0.643s][info][gc,heap        ] GC(32) ParOldGen: 61395K(72704K)->73299K(73728K)
[0.643s][info][gc,metaspace   ] GC(32) Metaspace: 6302K(6464K)->6302K(6464K) NonClass: 5768K(5824K)->5768K(5824K) Class: 533K(640K)->533K(640K)
[0.644s][info][gc             ] GC(32) Pause Young (Allocation Failure) 83M->83M(101M) 15.878ms
[0.644s][info][gc,cpu         ] GC(32) User=0.02s Sys=0.00s Real=0.02s
[0.644s][info][gc,start       ] GC(33) Pause Full (Ergonomics)
[0.644s][info][gc,phases,start] GC(33) Marking Phase
[0.676s][info][gc,phases      ] GC(33) Marking Phase 32.531ms
[0.676s][info][gc,phases,start] GC(33) Summary Phase
[0.676s][info][gc,phases      ] GC(33) Summary Phase 0.020ms
[0.676s][info][gc,phases,start] GC(33) Adjust Roots
[0.676s][info][gc,phases      ] GC(33) Adjust Roots 0.161ms
[0.676s][info][gc,phases,start] GC(33) Compaction Phase
[0.699s][info][gc,phases      ] GC(33) Compaction Phase 22.329ms
[0.699s][info][gc,phases,start] GC(33) Post Compact
[0.699s][info][gc,phases      ] GC(33) Post Compact 0.451ms
[0.699s][info][gc,heap        ] GC(33) PSYoungGen: 12320K(30208K)->11774K(30208K) Eden: 0K(8704K)->0K(8704K) From: 12320K(21504K)->11774K(21504K)
[0.699s][info][gc,heap        ] GC(33) ParOldGen: 73299K(73728K)->73510K(94720K)
[0.700s][info][gc,metaspace   ] GC(33) Metaspace: 6302K(6464K)->6302K(6464K) NonClass: 5768K(5824K)->5768K(5824K) Class: 533K(640K)->533K(640K)
[0.700s][info][gc             ] GC(33) Pause Full (Ergonomics) 83M->83M(122M) 55.929ms
[0.700s][info][gc,cpu         ] GC(33) User=0.11s Sys=0.00s Real=0.06s
[0.717s][info][gc,start       ] GC(34) Pause Young (Allocation Failure)
[0.735s][info][gc,heap        ] GC(34) PSYoungGen: 20478K(30208K)->8736K(30208K) Eden: 8704K(8704K)->0K(8704K) From: 11774K(21504K)->8736K(21504K)
[0.735s][info][gc,heap        ] GC(34) ParOldGen: 73510K(94720K)->85478K(94720K)
[0.735s][info][gc,metaspace   ] GC(34) Metaspace: 6302K(6464K)->6302K(6464K) NonClass: 5768K(5824K)->5768K(5824K) Class: 533K(640K)->533K(640K)
[0.735s][info][gc             ] GC(34) Pause Young (Allocation Failure) 91M->92M(122M) 18.425ms
[0.735s][info][gc,cpu         ] GC(34) User=0.03s Sys=0.00s Real=0.02s
[0.735s][info][gc,start       ] GC(35) Pause Full (Ergonomics)
[0.736s][info][gc,phases,start] GC(35) Marking Phase
[0.773s][info][gc,phases      ] GC(35) Marking Phase 37.379ms
[0.773s][info][gc,phases,start] GC(35) Summary Phase
[0.773s][info][gc,phases      ] GC(35) Summary Phase 0.022ms
[0.773s][info][gc,phases,start] GC(35) Adjust Roots
[0.773s][info][gc,phases      ] GC(35) Adjust Roots 0.170ms
[0.773s][info][gc,phases,start] GC(35) Compaction Phase
[0.798s][info][gc,phases      ] GC(35) Compaction Phase 25.161ms
[0.798s][info][gc,phases,start] GC(35) Post Compact
[0.799s][info][gc,phases      ] GC(35) Post Compact 0.371ms
[0.799s][info][gc,heap        ] GC(35) PSYoungGen: 8736K(30208K)->0K(30720K) Eden: 0K(8704K)->0K(10240K) From: 8736K(21504K)->0K(20480K)
[0.799s][info][gc,heap        ] GC(35) ParOldGen: 85478K(94720K)->91923K(117248K)
[0.799s][info][gc,metaspace   ] GC(35) Metaspace: 6302K(6464K)->6302K(6464K) NonClass: 5768K(5824K)->5768K(5824K) Class: 533K(640K)->533K(640K)
[0.799s][info][gc             ] GC(35) Pause Full (Ergonomics) 92M->89M(144M) 63.472ms
[0.799s][info][gc,cpu         ] GC(35) User=0.09s Sys=0.00s Real=0.06s
[0.808s][info][gc,start       ] GC(36) Pause Young (Allocation Failure)
[0.815s][info][gc,heap        ] GC(36) PSYoungGen: 10240K(30720K)->10272K(30720K) Eden: 10240K(10240K)->0K(10240K) From: 0K(20480K)->10272K(20480K)
[0.815s][info][gc,heap        ] GC(36) ParOldGen: 91923K(117248K)->91923K(117248K)
[0.815s][info][gc,metaspace   ] GC(36) Metaspace: 6302K(6464K)->6302K(6464K) NonClass: 5768K(5824K)->5768K(5824K) Class: 533K(640K)->533K(640K)
[0.815s][info][gc             ] GC(36) Pause Young (Allocation Failure) 99M->99M(144M) 6.580ms
[0.815s][info][gc,cpu         ] GC(36) User=0.00s Sys=0.00s Real=0.01s
[0.825s][info][gc,start       ] GC(37) Pause Young (Allocation Failure)
[0.838s][info][gc,heap        ] GC(37) PSYoungGen: 20512K(30720K)->19968K(28672K) Eden: 10240K(10240K)->0K(8704K) From: 10272K(20480K)->19968K(19968K)
[0.838s][info][gc,heap        ] GC(37) ParOldGen: 91923K(117248K)->92435K(117248K)
[0.838s][info][gc,metaspace   ] GC(37) Metaspace: 6302K(6464K)->6302K(6464K) NonClass: 5768K(5824K)->5768K(5824K) Class: 533K(640K)->533K(640K)
[0.838s][info][gc             ] GC(37) Pause Young (Allocation Failure) 109M->109M(142M) 12.788ms
[0.838s][info][gc,cpu         ] GC(37) User=0.00s Sys=0.00s Real=0.01s
[0.847s][info][gc,start       ] GC(38) Pause Young (Allocation Failure)
[0.864s][info][gc,heap        ] GC(38) PSYoungGen: 28672K(28672K)->8736K(31744K) Eden: 8704K(8704K)->0K(8704K) From: 19968K(19968K)->8736K(23040K)
[0.864s][info][gc,heap        ] GC(38) ParOldGen: 92435K(117248K)->112683K(117248K)
[0.864s][info][gc,metaspace   ] GC(38) Metaspace: 6302K(6464K)->6302K(6464K) NonClass: 5768K(5824K)->5768K(5824K) Class: 533K(640K)->533K(640K)
[0.864s][info][gc             ] GC(38) Pause Young (Allocation Failure) 118M->118M(145M) 16.954ms
[0.864s][info][gc,cpu         ] GC(38) User=0.02s Sys=0.03s Real=0.02s
[0.864s][info][gc,start       ] GC(39) Pause Full (Ergonomics)
[0.864s][info][gc,phases,start] GC(39) Marking Phase
[0.899s][info][gc,phases      ] GC(39) Marking Phase 35.402ms
[0.899s][info][gc,phases,start] GC(39) Summary Phase
[0.899s][info][gc,phases      ] GC(39) Summary Phase 0.020ms
[0.899s][info][gc,phases,start] GC(39) Adjust Roots
[0.900s][info][gc,phases      ] GC(39) Adjust Roots 0.172ms
[0.900s][info][gc,phases,start] GC(39) Compaction Phase
[0.918s][info][gc,phases      ] GC(39) Compaction Phase 18.340ms
[0.918s][info][gc,phases,start] GC(39) Post Compact
[0.919s][info][gc,phases      ] GC(39) Post Compact 0.610ms
[0.919s][info][gc,heap        ] GC(39) PSYoungGen: 8736K(31744K)->4072K(31744K) Eden: 0K(8704K)->0K(8704K) From: 8736K(23040K)->4072K(23040K)
[0.919s][info][gc,heap        ] GC(39) ParOldGen: 112683K(117248K)->116941K(148992K)
[0.919s][info][gc,metaspace   ] GC(39) Metaspace: 6302K(6464K)->6302K(6464K) NonClass: 5768K(5824K)->5768K(5824K) Class: 533K(640K)->533K(640K)
[0.919s][info][gc             ] GC(39) Pause Full (Ergonomics) 118M->118M(176M) 55.011ms
[0.919s][info][gc,cpu         ] GC(39) User=0.16s Sys=0.00s Real=0.05s
[0.929s][info][gc,start       ] GC(40) Pause Young (Allocation Failure)
[0.944s][info][gc,heap        ] GC(40) PSYoungGen: 12776K(31744K)->8768K(30208K) Eden: 8704K(8704K)->0K(10240K) From: 4072K(23040K)->8768K(19968K)
[0.944s][info][gc,heap        ] GC(40) ParOldGen: 116941K(148992K)->121093K(148992K)
[0.944s][info][gc,metaspace   ] GC(40) Metaspace: 6302K(6464K)->6302K(6464K) NonClass: 5768K(5824K)->5768K(5824K) Class: 533K(640K)->533K(640K)
[0.944s][info][gc             ] GC(40) Pause Young (Allocation Failure) 126M->126M(175M) 15.243ms
[0.944s][info][gc,cpu         ] GC(40) User=0.00s Sys=0.00s Real=0.01s
[0.955s][info][gc,start       ] GC(41) Pause Young (Allocation Failure)
[0.966s][info][gc,heap        ] GC(41) PSYoungGen: 19008K(30208K)->18976K(31232K) Eden: 10240K(10240K)->0K(10240K) From: 8768K(19968K)->18976K(20992K)
[0.966s][info][gc,heap        ] GC(41) ParOldGen: 121093K(148992K)->121093K(148992K)
[0.966s][info][gc,metaspace   ] GC(41) Metaspace: 6302K(6464K)->6302K(6464K) NonClass: 5768K(5824K)->5768K(5824K) Class: 533K(640K)->533K(640K)
[0.966s][info][gc             ] GC(41) Pause Young (Allocation Failure) 136M->136M(176M) 11.104ms
[0.966s][info][gc,cpu         ] GC(41) User=0.02s Sys=0.00s Real=0.01s
[0.978s][info][gc,start       ] GC(42) Pause Young (Allocation Failure)
[0.995s][info][gc,heap        ] GC(42) PSYoungGen: 29216K(31232K)->23552K(29696K) Eden: 10240K(10240K)->0K(6144K) From: 18976K(20992K)->23552K(23552K)
[0.995s][info][gc,heap        ] GC(42) ParOldGen: 121093K(148992K)->126781K(148992K)
[0.995s][info][gc,metaspace   ] GC(42) Metaspace: 6302K(6464K)->6302K(6464K) NonClass: 5768K(5824K)->5768K(5824K) Class: 533K(640K)->533K(640K)
[0.995s][info][gc             ] GC(42) Pause Young (Allocation Failure) 146M->146M(174M) 16.952ms
[0.995s][info][gc,cpu         ] GC(42) User=0.05s Sys=0.00s Real=0.02s
[1.002s][info][gc,start       ] GC(43) Pause Young (Allocation Failure)
[1.019s][info][gc,heap        ] GC(43) PSYoungGen: 29696K(29696K)->14048K(35328K) Eden: 6144K(6144K)->0K(6144K) From: 23552K(23552K)->14048K(29184K)
[1.019s][info][gc,heap        ] GC(43) ParOldGen: 126781K(148992K)->142709K(148992K)
[1.019s][info][gc,metaspace   ] GC(43) Metaspace: 6302K(6464K)->6302K(6464K) NonClass: 5768K(5824K)->5768K(5824K) Class: 533K(640K)->533K(640K)
[1.019s][info][gc             ] GC(43) Pause Young (Allocation Failure) 152M->153M(180M) 17.262ms
[1.019s][info][gc,cpu         ] GC(43) User=0.06s Sys=0.00s Real=0.02s
[1.019s][info][gc,start       ] GC(44) Pause Full (Ergonomics)
[1.019s][info][gc,phases,start] GC(44) Marking Phase
[1.064s][info][gc,phases      ] GC(44) Marking Phase 45.323ms
[1.064s][info][gc,phases,start] GC(44) Summary Phase
[1.064s][info][gc,phases      ] GC(44) Summary Phase 0.020ms
[1.064s][info][gc,phases,start] GC(44) Adjust Roots
[1.065s][info][gc,phases      ] GC(44) Adjust Roots 0.167ms
[1.065s][info][gc,phases,start] GC(44) Compaction Phase
[1.087s][info][gc,phases      ] GC(44) Compaction Phase 22.189ms
[1.087s][info][gc,phases,start] GC(44) Post Compact
[1.088s][info][gc,phases      ] GC(44) Post Compact 0.830ms
[1.088s][info][gc,heap        ] GC(44) PSYoungGen: 14048K(35328K)->7302K(35328K) Eden: 0K(6144K)->0K(6144K) From: 14048K(29184K)->7302K(29184K)
[1.088s][info][gc,heap        ] GC(44) ParOldGen: 142709K(148992K)->148916K(183296K)
[1.088s][info][gc,metaspace   ] GC(44) Metaspace: 6302K(6464K)->6302K(6464K) NonClass: 5768K(5824K)->5768K(5824K) Class: 533K(640K)->533K(640K)
[1.088s][info][gc             ] GC(44) Pause Full (Ergonomics) 153M->152M(213M) 69.137ms
[1.088s][info][gc,cpu         ] GC(44) User=0.19s Sys=0.00s Real=0.07s
[1.095s][info][gc,start       ] GC(45) Pause Young (Allocation Failure)
[1.109s][info][gc,heap        ] GC(45) PSYoungGen: 13446K(35328K)->9472K(33280K) Eden: 6144K(6144K)->0K(7168K) From: 7302K(29184K)->9472K(26112K)
[1.109s][info][gc,heap        ] GC(45) ParOldGen: 148916K(183296K)->153012K(183296K)
[1.109s][info][gc,metaspace   ] GC(45) Metaspace: 6302K(6464K)->6302K(6464K) NonClass: 5768K(5824K)->5768K(5824K) Class: 533K(640K)->533K(640K)
[1.109s][info][gc             ] GC(45) Pause Young (Allocation Failure) 158M->158M(211M) 14.457ms
[1.109s][info][gc,cpu         ] GC(45) User=0.02s Sys=0.00s Real=0.01s
[1.116s][info][gc,start       ] GC(46) Pause Young (Allocation Failure)
[1.125s][info][gc,heap        ] GC(46) PSYoungGen: 16640K(33280K)->13344K(34304K) Eden: 7168K(7168K)->0K(7168K) From: 9472K(26112K)->13344K(27136K)
[1.125s][info][gc,heap        ] GC(46) ParOldGen: 153012K(183296K)->156364K(183296K)
[1.125s][info][gc,metaspace   ] GC(46) Metaspace: 6302K(6464K)->6302K(6464K) NonClass: 5768K(5824K)->5768K(5824K) Class: 533K(640K)->533K(640K)
[1.125s][info][gc             ] GC(46) Pause Young (Allocation Failure) 165M->165M(212M) 8.836ms
[1.125s][info][gc,cpu         ] GC(46) User=0.02s Sys=0.00s Real=0.01s
[1.133s][info][gc,start       ] GC(47) Pause Young (Allocation Failure)
[1.143s][info][gc,heap        ] GC(47) PSYoungGen: 20512K(34304K)->14336K(32768K) Eden: 7168K(7168K)->0K(8704K) From: 13344K(27136K)->14336K(24064K)
[1.143s][info][gc,heap        ] GC(47) ParOldGen: 156364K(183296K)->162596K(183296K)
[1.143s][info][gc,metaspace   ] GC(47) Metaspace: 6302K(6464K)->6302K(6464K) NonClass: 5768K(5824K)->5768K(5824K) Class: 533K(640K)->533K(640K)
[1.143s][info][gc             ] GC(47) Pause Young (Allocation Failure) 172M->172M(211M) 10.423ms
[1.143s][info][gc,cpu         ] GC(47) User=0.02s Sys=0.00s Real=0.01s
[1.166s][info][gc,start       ] GC(48) Pause Young (Allocation Failure)
[1.184s][info][gc,heap        ] GC(48) PSYoungGen: 23040K(32768K)->15904K(33792K) Eden: 8704K(8704K)->0K(8704K) From: 14336K(24064K)->15904K(25088K)
[1.184s][info][gc,heap        ] GC(48) ParOldGen: 162596K(183296K)->169868K(183296K)
[1.184s][info][gc,metaspace   ] GC(48) Metaspace: 6302K(6464K)->6302K(6464K) NonClass: 5768K(5824K)->5768K(5824K) Class: 533K(640K)->533K(640K)
[1.184s][info][gc             ] GC(48) Pause Young (Allocation Failure) 181M->181M(212M) 17.675ms
[1.184s][info][gc,cpu         ] GC(48) User=0.00s Sys=0.00s Real=0.02s
[1.184s][info][gc,start       ] GC(49) Pause Full (Ergonomics)
[1.184s][info][gc,phases,start] GC(49) Marking Phase
[1.229s][info][gc,phases      ] GC(49) Marking Phase 44.788ms
[1.229s][info][gc,phases,start] GC(49) Summary Phase
[1.229s][info][gc,phases      ] GC(49) Summary Phase 0.023ms
[1.229s][info][gc,phases,start] GC(49) Adjust Roots
[1.229s][info][gc,phases      ] GC(49) Adjust Roots 0.156ms
[1.229s][info][gc,phases,start] GC(49) Compaction Phase
[1.263s][info][gc,phases      ] GC(49) Compaction Phase 33.342ms
[1.263s][info][gc,phases,start] GC(49) Post Compact
[1.264s][info][gc,phases      ] GC(49) Post Compact 0.775ms
[1.264s][info][gc,heap        ] GC(49) PSYoungGen: 15904K(33792K)->0K(35328K) Eden: 0K(8704K)->0K(10240K) From: 15904K(25088K)->0K(25088K)
[1.264s][info][gc,heap        ] GC(49) ParOldGen: 169868K(183296K)->181216K(214528K)
[1.264s][info][gc,metaspace   ] GC(49) Metaspace: 6302K(6464K)->6302K(6464K) NonClass: 5768K(5824K)->5768K(5824K) Class: 533K(640K)->533K(640K)
[1.264s][info][gc             ] GC(49) Pause Full (Ergonomics) 181M->176M(244M) 79.535ms
[1.264s][info][gc,cpu         ] GC(49) User=0.25s Sys=0.00s Real=0.08s
[1.275s][info][gc,start       ] GC(50) Pause Young (Allocation Failure)
[1.282s][info][gc,heap        ] GC(50) PSYoungGen: 10240K(35328K)->10336K(35328K) Eden: 10240K(10240K)->0K(10240K) From: 0K(25088K)->10336K(25088K)
[1.282s][info][gc,heap        ] GC(50) ParOldGen: 181216K(214528K)->181216K(214528K)
[1.282s][info][gc,metaspace   ] GC(50) Metaspace: 6302K(6464K)->6302K(6464K) NonClass: 5768K(5824K)->5768K(5824K) Class: 533K(640K)->533K(640K)
[1.282s][info][gc             ] GC(50) Pause Young (Allocation Failure) 186M->187M(244M) 7.622ms
[1.282s][info][gc,cpu         ] GC(50) User=0.02s Sys=0.00s Real=0.01s
[1.293s][info][gc,start       ] GC(51) Pause Young (Allocation Failure)
[1.304s][info][gc,heap        ] GC(51) PSYoungGen: 20576K(35328K)->20544K(34816K) Eden: 10240K(10240K)->0K(10240K) From: 10336K(25088K)->20544K(24576K)
[1.304s][info][gc,heap        ] GC(51) ParOldGen: 181216K(214528K)->181216K(214528K)
[1.304s][info][gc,metaspace   ] GC(51) Metaspace: 6302K(6464K)->6302K(6464K) NonClass: 5768K(5824K)->5768K(5824K) Class: 533K(640K)->533K(640K)
[1.304s][info][gc             ] GC(51) Pause Young (Allocation Failure) 197M->197M(243M) 11.146ms
[1.304s][info][gc,cpu         ] GC(51) User=0.00s Sys=0.00s Real=0.01s
[1.315s][info][gc,start       ] GC(52) Pause Young (Allocation Failure)
[1.331s][info][gc,heap        ] GC(52) PSYoungGen: 30784K(34816K)->26112K(36352K) Eden: 10240K(10240K)->0K(10240K) From: 20544K(24576K)->26112K(26112K)
[1.331s][info][gc,heap        ] GC(52) ParOldGen: 181216K(214528K)->185880K(214528K)
[1.331s][info][gc,metaspace   ] GC(52) Metaspace: 6302K(6464K)->6302K(6464K) NonClass: 5768K(5824K)->5768K(5824K) Class: 533K(640K)->533K(640K)
[1.331s][info][gc             ] GC(52) Pause Young (Allocation Failure) 207M->207M(245M) 15.950ms
[1.331s][info][gc,cpu         ] GC(52) User=0.00s Sys=0.00s Real=0.02s
[1.343s][info][gc,start       ] GC(53) Pause Young (Allocation Failure)
[1.361s][info][gc,heap        ] GC(53) PSYoungGen: 36352K(36352K)->27840K(39936K) Eden: 10240K(10240K)->0K(8704K) From: 26112K(26112K)->27840K(31232K)
[1.361s][info][gc,heap        ] GC(53) ParOldGen: 185880K(214528K)->194608K(214528K)
[1.361s][info][gc,metaspace   ] GC(53) Metaspace: 6302K(6464K)->6302K(6464K) NonClass: 5768K(5824K)->5768K(5824K) Class: 533K(640K)->533K(640K)
[1.361s][info][gc             ] GC(53) Pause Young (Allocation Failure) 217M->217M(248M) 17.916ms
[1.361s][info][gc,cpu         ] GC(53) User=0.08s Sys=0.00s Real=0.02s
[1.371s][info][gc,start       ] GC(54) Pause Young (Allocation Failure)
[1.390s][info][gc,heap        ] GC(54) PSYoungGen: 36544K(39936K)->27040K(43008K) Eden: 8704K(8704K)->0K(8704K) From: 27840K(31232K)->27040K(34304K)
[1.390s][info][gc,heap        ] GC(54) ParOldGen: 194608K(214528K)->204240K(214528K)
[1.390s][info][gc,metaspace   ] GC(54) Metaspace: 6302K(6464K)->6302K(6464K) NonClass: 5768K(5824K)->5768K(5824K) Class: 533K(640K)->533K(640K)
[1.390s][info][gc             ] GC(54) Pause Young (Allocation Failure) 225M->225M(251M) 19.298ms
[1.390s][info][gc,cpu         ] GC(54) User=0.05s Sys=0.00s Real=0.02s
[1.390s][info][gc,start       ] GC(55) Pause Full (Ergonomics)
[1.390s][info][gc,phases,start] GC(55) Marking Phase
[1.447s][info][gc,phases      ] GC(55) Marking Phase 56.775ms
[1.447s][info][gc,phases,start] GC(55) Summary Phase
[1.447s][info][gc,phases      ] GC(55) Summary Phase 0.022ms
[1.447s][info][gc,phases,start] GC(55) Adjust Roots
[1.447s][info][gc,phases      ] GC(55) Adjust Roots 0.171ms
[1.447s][info][gc,phases,start] GC(55) Compaction Phase
[1.478s][info][gc,phases      ] GC(55) Compaction Phase 30.415ms
[1.478s][info][gc,phases,start] GC(55) Post Compact
[1.479s][info][gc,phases      ] GC(55) Post Compact 1.095ms
[1.479s][info][gc,heap        ] GC(55) PSYoungGen: 27040K(43008K)->16663K(43008K) Eden: 0K(8704K)->0K(8704K) From: 27040K(34304K)->16663K(34304K)
[1.479s][info][gc,heap        ] GC(55) ParOldGen: 204240K(214528K)->214071K(248832K)
[1.479s][info][gc,metaspace   ] GC(55) Metaspace: 6302K(6464K)->6302K(6464K) NonClass: 5768K(5824K)->5768K(5824K) Class: 533K(640K)->533K(640K)
[1.479s][info][gc             ] GC(55) Pause Full (Ergonomics) 225M->225M(285M) 88.951ms
[1.479s][info][gc,cpu         ] GC(55) User=0.44s Sys=0.00s Real=0.09s
[1.489s][info][gc,start       ] GC(56) Pause Young (Allocation Failure)
[1.510s][info][gc,heap        ] GC(56) PSYoungGen: 25367K(43008K)->14368K(43008K) Eden: 8704K(8704K)->0K(9728K) From: 16663K(34304K)->14368K(33280K)
[1.510s][info][gc,heap        ] GC(56) ParOldGen: 214071K(248832K)->225375K(248832K)
[1.511s][info][gc,metaspace   ] GC(56) Metaspace: 6302K(6464K)->6302K(6464K) NonClass: 5768K(5824K)->5768K(5824K) Class: 533K(640K)->533K(640K)
[1.511s][info][gc             ] GC(56) Pause Young (Allocation Failure) 233M->234M(285M) 21.067ms
[1.511s][info][gc,cpu         ] GC(56) User=0.09s Sys=0.00s Real=0.02s
[1.521s][info][gc,start       ] GC(57) Pause Young (Allocation Failure)
[1.534s][info][gc,heap        ] GC(57) PSYoungGen: 24096K(43008K)->18528K(45056K) Eden: 9728K(9728K)->0K(9728K) From: 14368K(33280K)->18528K(35328K)
[1.534s][info][gc,heap        ] GC(57) ParOldGen: 225375K(248832K)->231015K(248832K)
[1.534s][info][gc,metaspace   ] GC(57) Metaspace: 6302K(6464K)->6302K(6464K) NonClass: 5768K(5824K)->5768K(5824K) Class: 533K(640K)->533K(640K)
[1.534s][info][gc             ] GC(57) Pause Young (Allocation Failure) 243M->243M(287M) 13.155ms
[1.534s][info][gc,cpu         ] GC(57) User=0.00s Sys=0.00s Real=0.01s
[1.544s][info][gc,start       ] GC(58) Pause Young (Allocation Failure)
[1.560s][info][gc,heap        ] GC(58) PSYoungGen: 28256K(45056K)->19488K(44032K) Eden: 9728K(9728K)->0K(11264K) From: 18528K(35328K)->19488K(32768K)
[1.560s][info][gc,heap        ] GC(58) ParOldGen: 231015K(248832K)->239839K(248832K)
[1.560s][info][gc,metaspace   ] GC(58) Metaspace: 6302K(6464K)->6302K(6464K) NonClass: 5768K(5824K)->5768K(5824K) Class: 533K(640K)->533K(640K)
[1.560s][info][gc             ] GC(58) Pause Young (Allocation Failure) 253M->253M(286M) 15.368ms
[1.560s][info][gc,cpu         ] GC(58) User=0.03s Sys=0.00s Real=0.02s
[1.560s][info][gc,start       ] GC(59) Pause Full (Ergonomics)
[1.560s][info][gc,phases,start] GC(59) Marking Phase
[1.626s][info][gc,phases      ] GC(59) Marking Phase 66.067ms
[1.626s][info][gc,phases,start] GC(59) Summary Phase
[1.626s][info][gc,phases      ] GC(59) Summary Phase 0.018ms
[1.626s][info][gc,phases,start] GC(59) Adjust Roots
[1.626s][info][gc,phases      ] GC(59) Adjust Roots 0.146ms
[1.626s][info][gc,phases,start] GC(59) Compaction Phase
[1.655s][info][gc,phases      ] GC(59) Compaction Phase 28.224ms
[1.655s][info][gc,phases,start] GC(59) Post Compact
[1.656s][info][gc,phases      ] GC(59) Post Compact 1.144ms
[1.656s][info][gc,heap        ] GC(59) PSYoungGen: 19488K(44032K)->10188K(44544K) Eden: 0K(11264K)->0K(11776K) From: 19488K(32768K)->10188K(32768K)
[1.656s][info][gc,heap        ] GC(59) ParOldGen: 239839K(248832K)->248602K(286208K)
[1.656s][info][gc,metaspace   ] GC(59) Metaspace: 6302K(6464K)->6302K(6464K) NonClass: 5768K(5824K)->5768K(5824K) Class: 533K(640K)->533K(640K)
[1.656s][info][gc             ] GC(59) Pause Full (Ergonomics) 253M->252M(323M) 96.107ms
[1.656s][info][gc,cpu         ] GC(59) User=0.39s Sys=0.02s Real=0.10s
[1.670s][info][gc,start       ] GC(60) Pause Young (Allocation Failure)
[1.691s][info][gc,heap        ] GC(60) PSYoungGen: 21964K(44544K)->11840K(45056K) Eden: 11776K(11776K)->0K(11776K) From: 10188K(32768K)->11840K(33280K)
[1.691s][info][gc,heap        ] GC(60) ParOldGen: 248602K(286208K)->258970K(286208K)
[1.691s][info][gc,metaspace   ] GC(60) Metaspace: 6302K(6464K)->6302K(6464K) NonClass: 5768K(5824K)->5768K(5824K) Class: 533K(640K)->533K(640K)
[1.691s][info][gc             ] GC(60) Pause Young (Allocation Failure) 264M->264M(323M) 21.088ms
[1.691s][info][gc,cpu         ] GC(60) User=0.08s Sys=0.02s Real=0.02s
[1.704s][info][gc,start       ] GC(61) Pause Young (Allocation Failure)
[1.716s][info][gc,heap        ] GC(61) PSYoungGen: 23616K(45056K)->23616K(45568K) Eden: 11776K(11776K)->0K(12800K) From: 11840K(33280K)->23616K(32768K)
[1.716s][info][gc,heap        ] GC(61) ParOldGen: 258970K(286208K)->258970K(286208K)
[1.716s][info][gc,metaspace   ] GC(61) Metaspace: 6302K(6464K)->6302K(6464K) NonClass: 5768K(5824K)->5768K(5824K) Class: 533K(640K)->533K(640K)
[1.716s][info][gc             ] GC(61) Pause Young (Allocation Failure) 275M->275M(324M) 12.290ms
[1.716s][info][gc,cpu         ] GC(61) User=0.00s Sys=0.00s Real=0.01s
[1.730s][info][gc,start       ] GC(62) Pause Young (Allocation Failure)
[1.749s][info][gc,heap        ] GC(62) PSYoungGen: 36416K(45568K)->24672K(46080K) Eden: 12800K(12800K)->0K(12800K) From: 23616K(32768K)->24672K(33280K)
[1.749s][info][gc,heap        ] GC(62) ParOldGen: 258970K(286208K)->270922K(286208K)
[1.749s][info][gc,metaspace   ] GC(62) Metaspace: 6302K(6464K)->6302K(6464K) NonClass: 5768K(5824K)->5768K(5824K) Class: 533K(640K)->533K(640K)
[1.749s][info][gc             ] GC(62) Pause Young (Allocation Failure) 288M->288M(324M) 18.486ms
[1.749s][info][gc,cpu         ] GC(62) User=0.08s Sys=0.02s Real=0.02s
[1.749s][info][gc,start       ] GC(63) Pause Full (Ergonomics)
[1.749s][info][gc,phases,start] GC(63) Marking Phase
[1.822s][info][gc,phases      ] GC(63) Marking Phase 72.588ms
[1.822s][info][gc,phases,start] GC(63) Summary Phase
[1.822s][info][gc,phases      ] GC(63) Summary Phase 0.019ms
[1.822s][info][gc,phases,start] GC(63) Adjust Roots
[1.822s][info][gc,phases      ] GC(63) Adjust Roots 0.174ms
[1.822s][info][gc,phases,start] GC(63) Compaction Phase
[1.853s][info][gc,phases      ] GC(63) Compaction Phase 31.197ms
[1.853s][info][gc,phases,start] GC(63) Post Compact
[1.855s][info][gc,phases      ] GC(63) Post Compact 1.402ms
[1.855s][info][gc,heap        ] GC(63) PSYoungGen: 24672K(46080K)->9182K(46080K) Eden: 0K(12800K)->0K(12800K) From: 24672K(33280K)->9182K(33280K)
[1.855s][info][gc,heap        ] GC(63) ParOldGen: 270922K(286208K)->285867K(327168K)
[1.855s][info][gc,metaspace   ] GC(63) Metaspace: 6302K(6464K)->6302K(6464K) NonClass: 5768K(5824K)->5768K(5824K) Class: 533K(640K)->533K(640K)
[1.855s][info][gc             ] GC(63) Pause Full (Ergonomics) 288M->288M(364M) 105.893ms
[1.855s][info][gc,cpu         ] GC(63) User=0.56s Sys=0.00s Real=0.11s
[1.869s][info][gc,start       ] GC(64) Pause Young (Allocation Failure)
[1.892s][info][gc,heap        ] GC(64) PSYoungGen: 21982K(46080K)->18400K(45056K) Eden: 12800K(12800K)->0K(14336K) From: 9182K(33280K)->18400K(30720K)
[1.892s][info][gc,heap        ] GC(64) ParOldGen: 285867K(327168K)->289659K(327168K)
[1.892s][info][gc,metaspace   ] GC(64) Metaspace: 6302K(6464K)->6302K(6464K) NonClass: 5768K(5824K)->5768K(5824K) Class: 533K(640K)->533K(640K)
[1.892s][info][gc             ] GC(64) Pause Young (Allocation Failure) 300M->300M(363M) 22.490ms
[1.892s][info][gc,cpu         ] GC(64) User=0.25s Sys=0.00s Real=0.02s
[1.908s][info][gc,start       ] GC(65) Pause Young (Allocation Failure)
[1.924s][info][gc,heap        ] GC(65) PSYoungGen: 32736K(45056K)->32704K(47104K) Eden: 14336K(14336K)->0K(14336K) From: 18400K(30720K)->32704K(32768K)
[1.925s][info][gc,heap        ] GC(65) ParOldGen: 289659K(327168K)->289659K(327168K)
[1.925s][info][gc,metaspace   ] GC(65) Metaspace: 6302K(6464K)->6302K(6464K) NonClass: 5768K(5824K)->5768K(5824K) Class: 533K(640K)->533K(640K)
[1.925s][info][gc             ] GC(65) Pause Young (Allocation Failure) 314M->314M(365M) 16.329ms
[1.925s][info][gc,cpu         ] GC(65) User=0.03s Sys=0.00s Real=0.02s
[1.941s][info][gc,start       ] GC(66) Pause Young (Allocation Failure)
[1.964s][info][gc,heap        ] GC(66) PSYoungGen: 47040K(47104K)->36864K(44544K) Eden: 14336K(14336K)->0K(7680K) From: 32704K(32768K)->36864K(36864K)
[1.965s][info][gc,heap        ] GC(66) ParOldGen: 289659K(327168K)->299859K(327168K)
[1.965s][info][gc,metaspace   ] GC(66) Metaspace: 6302K(6464K)->6302K(6464K) NonClass: 5768K(5824K)->5768K(5824K) Class: 533K(640K)->533K(640K)
[1.965s][info][gc             ] GC(66) Pause Young (Allocation Failure) 328M->328M(363M) 23.236ms
[1.965s][info][gc,cpu         ] GC(66) User=0.14s Sys=0.00s Real=0.02s
[1.973s][info][gc,start       ] GC(67) Pause Young (Allocation Failure)
[1.993s][info][gc,heap        ] GC(67) PSYoungGen: 44544K(44544K)->31520K(52736K) Eden: 7680K(7680K)->0K(7680K) From: 36864K(36864K)->31520K(45056K)
[1.993s][info][gc,heap        ] GC(67) ParOldGen: 299859K(327168K)->313147K(327168K)
[1.993s][info][gc,metaspace   ] GC(67) Metaspace: 6302K(6464K)->6302K(6464K) NonClass: 5768K(5824K)->5768K(5824K) Class: 533K(640K)->533K(640K)
[1.993s][info][gc             ] GC(67) Pause Young (Allocation Failure) 336M->336M(371M) 19.485ms
[1.993s][info][gc,cpu         ] GC(67) User=0.12s Sys=0.00s Real=0.02s
[1.993s][info][gc,start       ] GC(68) Pause Full (Ergonomics)
[1.993s][info][gc,phases,start] GC(68) Marking Phase
[2.065s][info][gc,phases      ] GC(68) Marking Phase 72.153ms
[2.065s][info][gc,phases,start] GC(68) Summary Phase
[2.065s][info][gc,phases      ] GC(68) Summary Phase 0.024ms
[2.065s][info][gc,phases,start] GC(68) Adjust Roots
[2.065s][info][gc,phases      ] GC(68) Adjust Roots 0.165ms
[2.065s][info][gc,phases,start] GC(68) Compaction Phase
[2.097s][info][gc,phases      ] GC(68) Compaction Phase 31.903ms
[2.097s][info][gc,phases,start] GC(68) Post Compact
[2.099s][info][gc,phases      ] GC(68) Post Compact 1.679ms
[2.099s][info][gc,heap        ] GC(68) PSYoungGen: 31520K(52736K)->17048K(52736K) Eden: 0K(7680K)->0K(7680K) From: 31520K(45056K)->17048K(45056K)
[2.099s][info][gc,heap        ] GC(68) ParOldGen: 313147K(327168K)->327019K(372224K)
[2.099s][info][gc,metaspace   ] GC(68) Metaspace: 6302K(6464K)->6302K(6464K) NonClass: 5768K(5824K)->5768K(5824K) Class: 533K(640K)->533K(640K)
[2.099s][info][gc             ] GC(68) Pause Full (Ergonomics) 336M->336M(415M) 106.450ms
[2.099s][info][gc,cpu         ] GC(68) User=0.73s Sys=0.02s Real=0.11s
[2.108s][info][gc,start       ] GC(69) Pause Young (Allocation Failure)
[2.134s][info][gc,heap        ] GC(69) PSYoungGen: 24728K(52736K)->18720K(51712K) Eden: 7680K(7680K)->0K(8704K) From: 17048K(45056K)->18720K(43008K)
[2.134s][info][gc,heap        ] GC(69) ParOldGen: 327019K(372224K)->333307K(372224K)
[2.134s][info][gc,metaspace   ] GC(69) Metaspace: 6302K(6464K)->6302K(6464K) NonClass: 5768K(5824K)->5768K(5824K) Class: 533K(640K)->533K(640K)
[2.134s][info][gc             ] GC(69) Pause Young (Allocation Failure) 343M->343M(414M) 25.417ms
[2.134s][info][gc,cpu         ] GC(69) User=0.12s Sys=0.00s Real=0.03s
[2.210s][info][gc,start       ] GC(70) Pause Young (Allocation Failure)
[2.232s][info][gc,heap        ] GC(70) PSYoungGen: 27424K(51712K)->27424K(53760K) Eden: 8704K(8704K)->0K(8704K) From: 18720K(43008K)->27424K(45056K)
[2.232s][info][gc,heap        ] GC(70) ParOldGen: 349691K(372224K)->349691K(372224K)
[2.232s][info][gc,metaspace   ] GC(70) Metaspace: 6302K(6464K)->6302K(6464K) NonClass: 5768K(5824K)->5768K(5824K) Class: 533K(640K)->533K(640K)
[2.232s][info][gc             ] GC(70) Pause Young (Allocation Failure) 368M->368M(416M) 21.671ms
[2.232s][info][gc,cpu         ] GC(70) User=0.08s Sys=0.00s Real=0.02s
[2.241s][info][gc,start       ] GC(71) Pause Young (Allocation Failure)
[2.258s][info][gc,heap        ] GC(71) PSYoungGen: 36128K(53760K)->36096K(51712K) Eden: 8704K(8704K)->0K(7168K) From: 27424K(45056K)->36096K(44544K)
[2.258s][info][gc,heap        ] GC(71) ParOldGen: 349691K(372224K)->349691K(372224K)
[2.258s][info][gc,metaspace   ] GC(71) Metaspace: 6302K(6464K)->6302K(6464K) NonClass: 5768K(5824K)->5768K(5824K) Class: 533K(640K)->533K(640K)
[2.258s][info][gc             ] GC(71) Pause Young (Allocation Failure) 376M->376M(414M) 16.640ms
[2.258s][info][gc,cpu         ] GC(71) User=0.09s Sys=0.03s Real=0.02s
[2.265s][info][gc,start       ] GC(72) Pause Young (Allocation Failure)
[2.285s][info][gc,heap        ] GC(72) PSYoungGen: 43264K(51712K)->37408K(54272K) Eden: 7168K(7168K)->0K(7168K) From: 36096K(44544K)->37408K(47104K)
[2.285s][info][gc,heap        ] GC(72) ParOldGen: 349691K(372224K)->355627K(372224K)
[2.285s][info][gc,metaspace   ] GC(72) Metaspace: 6302K(6464K)->6302K(6464K) NonClass: 5768K(5824K)->5768K(5824K) Class: 533K(640K)->533K(640K)
[2.285s][info][gc             ] GC(72) Pause Young (Allocation Failure) 383M->383M(416M) 19.877ms
[2.285s][info][gc,cpu         ] GC(72) User=0.08s Sys=0.00s Real=0.02s
[2.293s][info][gc,start       ] GC(73) Pause Young (Allocation Failure)
[2.313s][info][gc,heap        ] GC(73) PSYoungGen: 44576K(54272K)->39456K(55296K) Eden: 7168K(7168K)->0K(5632K) From: 37408K(47104K)->39456K(49664K)
[2.313s][info][gc,heap        ] GC(73) ParOldGen: 355627K(372224K)->360787K(372224K)
[2.313s][info][gc,metaspace   ] GC(73) Metaspace: 6302K(6464K)->6302K(6464K) NonClass: 5768K(5824K)->5768K(5824K) Class: 533K(640K)->533K(640K)
[2.313s][info][gc             ] GC(73) Pause Young (Allocation Failure) 390M->390M(417M) 20.581ms
[2.313s][info][gc,cpu         ] GC(73) User=0.12s Sys=0.00s Real=0.02s
[2.313s][info][gc,start       ] GC(74) Pause Full (Ergonomics)
[2.313s][info][gc,phases,start] GC(74) Marking Phase
[2.397s][info][gc,phases      ] GC(74) Marking Phase 83.968ms
[2.397s][info][gc,phases,start] GC(74) Summary Phase
[2.398s][info][gc,phases      ] GC(74) Summary Phase 0.030ms
[2.398s][info][gc,phases,start] GC(74) Adjust Roots
[2.398s][info][gc,phases      ] GC(74) Adjust Roots 0.190ms
[2.398s][info][gc,phases,start] GC(74) Compaction Phase
[2.464s][info][gc,phases      ] GC(74) Compaction Phase 66.355ms
[2.464s][info][gc,phases,start] GC(74) Post Compact
[2.466s][info][gc,phases      ] GC(74) Post Compact 2.001ms
[2.466s][info][gc,heap        ] GC(74) PSYoungGen: 39456K(55296K)->19343K(55296K) Eden: 0K(5632K)->0K(5632K) From: 39456K(49664K)->19343K(49664K)
[2.466s][info][gc,heap        ] GC(74) ParOldGen: 360787K(372224K)->372186K(416256K)
[2.467s][info][gc,metaspace   ] GC(74) Metaspace: 6302K(6464K)->6302K(6464K) NonClass: 5768K(5824K)->5768K(5824K) Class: 533K(640K)->533K(640K)
[2.467s][info][gc             ] GC(74) Pause Full (Ergonomics) 390M->382M(460M) 153.126ms
[2.467s][info][gc,cpu         ] GC(74) User=0.88s Sys=0.02s Real=0.15s
[2.474s][info][gc,start       ] GC(75) Pause Young (Allocation Failure)
[2.500s][info][gc,heap        ] GC(75) PSYoungGen: 24975K(55296K)->17216K(57856K) Eden: 5632K(5632K)->0K(5632K) From: 19343K(49664K)->17216K(52224K)
[2.500s][info][gc,heap        ] GC(75) ParOldGen: 372186K(416256K)->380234K(416256K)
[2.500s][info][gc,metaspace   ] GC(75) Metaspace: 6302K(6464K)->6302K(6464K) NonClass: 5768K(5824K)->5768K(5824K) Class: 533K(640K)->533K(640K)
[2.500s][info][gc             ] GC(75) Pause Young (Allocation Failure) 387M->388M(463M) 26.343ms
[2.500s][info][gc,cpu         ] GC(75) User=0.06s Sys=0.00s Real=0.03s
[2.506s][info][gc,start       ] GC(76) Pause Young (Allocation Failure)
[2.518s][info][gc,heap        ] GC(76) PSYoungGen: 22848K(57856K)->18592K(55808K) Eden: 5632K(5632K)->0K(6656K) From: 17216K(52224K)->18592K(49152K)
[2.518s][info][gc,heap        ] GC(76) ParOldGen: 380234K(416256K)->384506K(416256K)
[2.518s][info][gc,metaspace   ] GC(76) Metaspace: 6302K(6464K)->6302K(6464K) NonClass: 5768K(5824K)->5768K(5824K) Class: 533K(640K)->533K(640K)
[2.518s][info][gc             ] GC(76) Pause Young (Allocation Failure) 393M->393M(461M) 11.619ms
[2.518s][info][gc,cpu         ] GC(76) User=0.02s Sys=0.00s Real=0.01s
[2.525s][info][gc,start       ] GC(77) Pause Young (Allocation Failure)
[2.538s][info][gc,heap        ] GC(77) PSYoungGen: 25248K(55808K)->18016K(56832K) Eden: 6656K(6656K)->0K(6656K) From: 18592K(49152K)->18016K(50176K)
[2.538s][info][gc,heap        ] GC(77) ParOldGen: 384506K(416256K)->391874K(416256K)
[2.538s][info][gc,metaspace   ] GC(77) Metaspace: 6302K(6464K)->6302K(6464K) NonClass: 5768K(5824K)->5768K(5824K) Class: 533K(640K)->533K(640K)
[2.538s][info][gc             ] GC(77) Pause Young (Allocation Failure) 400M->400M(462M) 12.675ms
[2.538s][info][gc,cpu         ] GC(77) User=0.02s Sys=0.00s Real=0.01s
[2.545s][info][gc,start       ] GC(78) Pause Young (Allocation Failure)
[2.557s][info][gc,heap        ] GC(78) PSYoungGen: 24672K(56832K)->13376K(55808K) Eden: 6656K(6656K)->0K(7680K) From: 18016K(50176K)->13376K(48128K)
[2.557s][info][gc,heap        ] GC(78) ParOldGen: 391874K(416256K)->403266K(416256K)
[2.557s][info][gc,metaspace   ] GC(78) Metaspace: 6302K(6464K)->6302K(6464K) NonClass: 5768K(5824K)->5768K(5824K) Class: 533K(640K)->533K(640K)
[2.557s][info][gc             ] GC(78) Pause Young (Allocation Failure) 406M->406M(461M) 12.292ms
[2.557s][info][gc,cpu         ] GC(78) User=0.00s Sys=0.00s Real=0.01s
[2.557s][info][gc,start       ] GC(79) Pause Full (Ergonomics)
[2.557s][info][gc,phases,start] GC(79) Marking Phase
[2.644s][info][gc,phases      ] GC(79) Marking Phase 87.268ms
[2.645s][info][gc,phases,start] GC(79) Summary Phase
[2.645s][info][gc,phases      ] GC(79) Summary Phase 0.022ms
[2.645s][info][gc,phases,start] GC(79) Adjust Roots
[2.645s][info][gc,phases      ] GC(79) Adjust Roots 0.153ms
[2.645s][info][gc,phases,start] GC(79) Compaction Phase
[2.688s][info][gc,phases      ] GC(79) Compaction Phase 42.864ms
[2.688s][info][gc,phases,start] GC(79) Post Compact
[2.690s][info][gc,phases      ] GC(79) Post Compact 2.008ms
[2.690s][info][gc,heap        ] GC(79) PSYoungGen: 13376K(55808K)->0K(56320K) Eden: 0K(7680K)->0K(7680K) From: 13376K(48128K)->0K(48640K)
[2.690s][info][gc,heap        ] GC(79) ParOldGen: 403266K(416256K)->415986K(463872K)
[2.690s][info][gc,metaspace   ] GC(79) Metaspace: 6302K(6464K)->6302K(6464K) NonClass: 5768K(5824K)->5768K(5824K) Class: 533K(640K)->533K(640K)
[2.690s][info][gc             ] GC(79) Pause Full (Ergonomics) 406M->406M(508M) 132.894ms
[2.690s][info][gc,cpu         ] GC(79) User=1.02s Sys=0.00s Real=0.13s
[2.698s][info][gc,start       ] GC(80) Pause Young (Allocation Failure)
[2.706s][info][gc,heap        ] GC(80) PSYoungGen: 7680K(56320K)->7776K(57344K) Eden: 7680K(7680K)->0K(8704K) From: 0K(48640K)->7776K(48640K)
[2.706s][info][gc,heap        ] GC(80) ParOldGen: 415986K(463872K)->415986K(463872K)
[2.706s][info][gc,metaspace   ] GC(80) Metaspace: 6302K(6464K)->6302K(6464K) NonClass: 5768K(5824K)->5768K(5824K) Class: 533K(640K)->533K(640K)
[2.706s][info][gc             ] GC(80) Pause Young (Allocation Failure) 413M->413M(509M) 7.712ms
[2.706s][info][gc,cpu         ] GC(80) User=0.00s Sys=0.00s Real=0.01s
[2.715s][info][gc,start       ] GC(81) Pause Young (Allocation Failure)
[2.724s][info][gc,heap        ] GC(81) PSYoungGen: 16480K(57344K)->16480K(25600K) Eden: 8704K(8704K)->0K(8704K) From: 7776K(48640K)->16480K(16896K)
[2.724s][info][gc,heap        ] GC(81) ParOldGen: 415986K(463872K)->415986K(463872K)
[2.724s][info][gc,metaspace   ] GC(81) Metaspace: 6302K(6464K)->6302K(6464K) NonClass: 5768K(5824K)->5768K(5824K) Class: 533K(640K)->533K(640K)
[2.724s][info][gc             ] GC(81) Pause Young (Allocation Failure) 422M->422M(478M) 9.538ms
[2.724s][info][gc,cpu         ] GC(81) User=0.00s Sys=0.00s Real=0.01s
[2.733s][info][gc,start       ] GC(82) Pause Young (Allocation Failure)
[2.747s][info][gc,heap        ] GC(82) PSYoungGen: 25184K(25600K)->17472K(52736K) Eden: 8704K(8704K)->0K(9728K) From: 16480K(16896K)->17472K(43008K)
[2.747s][info][gc,heap        ] GC(82) ParOldGen: 415986K(463872K)->423786K(463872K)
[2.747s][info][gc,metaspace   ] GC(82) Metaspace: 6302K(6464K)->6302K(6464K) NonClass: 5768K(5824K)->5768K(5824K) Class: 533K(640K)->533K(640K)
[2.747s][info][gc             ] GC(82) Pause Young (Allocation Failure) 430M->430M(504M) 13.390ms
[2.747s][info][gc,cpu         ] GC(82) User=0.02s Sys=0.00s Real=0.01s
[2.758s][info][gc,start       ] GC(83) Pause Young (Allocation Failure)
[2.771s][info][gc,heap        ] GC(83) PSYoungGen: 27200K(52736K)->18560K(54784K) Eden: 9728K(9728K)->0K(9728K) From: 17472K(43008K)->18560K(45056K)
[2.771s][info][gc,heap        ] GC(83) ParOldGen: 423786K(463872K)->432602K(463872K)
[2.771s][info][gc,metaspace   ] GC(83) Metaspace: 6302K(6464K)->6302K(6464K) NonClass: 5768K(5824K)->5768K(5824K) Class: 533K(640K)->533K(640K)
[2.771s][info][gc             ] GC(83) Pause Young (Allocation Failure) 440M->440M(506M) 13.643ms
[2.771s][info][gc,cpu         ] GC(83) User=0.02s Sys=0.00s Real=0.01s
[2.782s][info][gc,start       ] GC(84) Pause Young (Allocation Failure)
[2.797s][info][gc,heap        ] GC(84) PSYoungGen: 28288K(54784K)->19552K(50688K) Eden: 9728K(9728K)->0K(11264K) From: 18560K(45056K)->19552K(39424K)
[2.797s][info][gc,heap        ] GC(84) ParOldGen: 432602K(463872K)->441418K(463872K)
[2.797s][info][gc,metaspace   ] GC(84) Metaspace: 6302K(6464K)->6302K(6464K) NonClass: 5768K(5824K)->5768K(5824K) Class: 533K(640K)->533K(640K)
[2.797s][info][gc             ] GC(84) Pause Young (Allocation Failure) 450M->450M(502M) 14.894ms
[2.797s][info][gc,cpu         ] GC(84) User=0.02s Sys=0.00s Real=0.02s
[2.808s][info][gc,start       ] GC(85) Pause Young (Allocation Failure)
[2.824s][info][gc,heap        ] GC(85) PSYoungGen: 30816K(50688K)->21056K(32768K) Eden: 11264K(11264K)->0K(11264K) From: 19552K(39424K)->21056K(21504K)
[2.824s][info][gc,heap        ] GC(85) ParOldGen: 441418K(463872K)->451282K(463872K)
[2.824s][info][gc,metaspace   ] GC(85) Metaspace: 6302K(6464K)->6302K(6464K) NonClass: 5768K(5824K)->5768K(5824K) Class: 533K(640K)->533K(640K)
[2.824s][info][gc             ] GC(85) Pause Young (Allocation Failure) 461M->461M(485M) 15.803ms
[2.824s][info][gc,cpu         ] GC(85) User=0.02s Sys=0.00s Real=0.02s
[2.824s][info][gc,start       ] GC(86) Pause Full (Ergonomics)
[2.824s][info][gc,phases,start] GC(86) Marking Phase
[2.932s][info][gc,phases      ] GC(86) Marking Phase 107.418ms
[2.932s][info][gc,phases,start] GC(86) Summary Phase
[2.932s][info][gc,phases      ] GC(86) Summary Phase 0.020ms
[2.932s][info][gc,phases,start] GC(86) Adjust Roots
[2.932s][info][gc,phases      ] GC(86) Adjust Roots 0.254ms
[2.932s][info][gc,phases,start] GC(86) Compaction Phase
[2.977s][info][gc,phases      ] GC(86) Compaction Phase 44.431ms
[2.977s][info][gc,phases,start] GC(86) Post Compact
[2.979s][info][gc,phases      ] GC(86) Post Compact 2.303ms
[2.979s][info][gc,heap        ] GC(86) PSYoungGen: 21056K(32768K)->8155K(32768K) Eden: 0K(11264K)->0K(11264K) From: 21056K(21504K)->8155K(21504K)
[2.979s][info][gc,heap        ] GC(86) ParOldGen: 451282K(463872K)->463446K(515584K)
[2.979s][info][gc,metaspace   ] GC(86) Metaspace: 6302K(6464K)->6302K(6464K) NonClass: 5768K(5824K)->5768K(5824K) Class: 533K(640K)->533K(640K)
[2.979s][info][gc             ] GC(86) Pause Full (Ergonomics) 461M->460M(535M) 154.929ms
[2.979s][info][gc,cpu         ] GC(86) User=1.12s Sys=0.00s Real=0.15s
[2.993s][info][gc,start       ] GC(87) Pause Young (Allocation Failure)
[3.021s][info][gc,heap        ] GC(87) PSYoungGen: 19419K(32768K)->15808K(50176K) Eden: 11264K(11264K)->0K(12800K) From: 8155K(21504K)->15808K(37376K)
[3.021s][info][gc,heap        ] GC(87) ParOldGen: 463446K(515584K)->467246K(515584K)
[3.021s][info][gc,metaspace   ] GC(87) Metaspace: 6302K(6464K)->6302K(6464K) NonClass: 5768K(5824K)->5768K(5824K) Class: 533K(640K)->533K(640K)
[3.021s][info][gc             ] GC(87) Pause Young (Allocation Failure) 471M->471M(552M) 28.326ms
[3.021s][info][gc,cpu         ] GC(87) User=0.14s Sys=0.00s Real=0.03s
[3.036s][info][gc,start       ] GC(88) Pause Young (Allocation Failure)
[3.051s][info][gc,heap        ] GC(88) PSYoungGen: 28608K(50176K)->28640K(51200K) Eden: 12800K(12800K)->0K(12800K) From: 15808K(37376K)->28640K(38400K)
[3.051s][info][gc,heap        ] GC(88) ParOldGen: 467246K(515584K)->467246K(515584K)
[3.051s][info][gc,metaspace   ] GC(88) Metaspace: 6302K(6464K)->6302K(6464K) NonClass: 5768K(5824K)->5768K(5824K) Class: 533K(640K)->533K(640K)
[3.051s][info][gc             ] GC(88) Pause Young (Allocation Failure) 484M->484M(553M) 15.283ms
[3.051s][info][gc,cpu         ] GC(88) User=0.02s Sys=0.00s Real=0.02s
[3.065s][info][gc,start       ] GC(89) Pause Young (Allocation Failure)
[3.085s][info][gc,heap        ] GC(89) PSYoungGen: 41440K(51200K)->39936K(48640K) Eden: 12800K(12800K)->0K(8704K) From: 28640K(38400K)->39936K(39936K)
[3.085s][info][gc,heap        ] GC(89) ParOldGen: 467246K(515584K)->468638K(515584K)
[3.085s][info][gc,metaspace   ] GC(89) Metaspace: 6302K(6464K)->6302K(6464K) NonClass: 5768K(5824K)->5768K(5824K) Class: 533K(640K)->533K(640K)
[3.085s][info][gc             ] GC(89) Pause Young (Allocation Failure) 496M->496M(551M) 20.202ms
[3.085s][info][gc,cpu         ] GC(89) User=0.12s Sys=0.00s Real=0.02s
[3.095s][info][gc,start       ] GC(90) Pause Young (Allocation Failure)
[3.118s][info][gc,heap        ] GC(90) PSYoungGen: 48640K(48640K)->33568K(54272K) Eden: 8704K(8704K)->0K(8704K) From: 39936K(39936K)->33568K(45568K)
[3.118s][info][gc,heap        ] GC(90) ParOldGen: 468638K(515584K)->484030K(515584K)
[3.118s][info][gc,metaspace   ] GC(90) Metaspace: 6302K(6464K)->6302K(6464K) NonClass: 5768K(5824K)->5768K(5824K) Class: 533K(640K)->533K(640K)
[3.118s][info][gc             ] GC(90) Pause Young (Allocation Failure) 505M->505M(556M) 23.172ms
[3.118s][info][gc,cpu         ] GC(90) User=0.11s Sys=0.00s Real=0.02s
[3.127s][info][gc,start       ] GC(91) Pause Young (Allocation Failure)
[3.148s][info][gc,heap        ] GC(91) PSYoungGen: 42272K(54272K)->29824K(57344K) Eden: 8704K(8704K)->0K(10240K) From: 33568K(45568K)->29824K(47104K)
[3.148s][info][gc,heap        ] GC(91) ParOldGen: 484030K(515584K)->496598K(515584K)
[3.148s][info][gc,metaspace   ] GC(91) Metaspace: 6302K(6464K)->6302K(6464K) NonClass: 5768K(5824K)->5768K(5824K) Class: 533K(640K)->533K(640K)
[3.148s][info][gc             ] GC(91) Pause Young (Allocation Failure) 513M->514M(559M) 20.520ms
[3.148s][info][gc,cpu         ] GC(91) User=0.12s Sys=0.00s Real=0.02s
[3.159s][info][gc,start       ] GC(92) Pause Young (Allocation Failure)
[3.179s][info][gc,heap        ] GC(92) PSYoungGen: 40064K(57344K)->19040K(57344K) Eden: 10240K(10240K)->0K(10240K) From: 29824K(47104K)->19040K(47104K)
[3.179s][info][gc,heap        ] GC(92) ParOldGen: 496598K(515584K)->517902K(518144K)
[3.179s][info][gc,metaspace   ] GC(92) Metaspace: 6302K(6464K)->6302K(6464K) NonClass: 5768K(5824K)->5768K(5824K) Class: 533K(640K)->533K(640K)
[3.179s][info][gc             ] GC(92) Pause Young (Allocation Failure) 524M->524M(562M) 20.408ms
[3.179s][info][gc,cpu         ] GC(92) User=0.12s Sys=0.00s Real=0.02s
[3.179s][info][gc,start       ] GC(93) Pause Full (Ergonomics)
[3.179s][info][gc,phases,start] GC(93) Marking Phase
[3.295s][info][gc,phases      ] GC(93) Marking Phase 115.800ms
[3.295s][info][gc,phases,start] GC(93) Summary Phase
[3.295s][info][gc,phases      ] GC(93) Summary Phase 0.023ms
[3.295s][info][gc,phases,start] GC(93) Adjust Roots
[3.295s][info][gc,phases      ] GC(93) Adjust Roots 0.164ms
[3.295s][info][gc,phases,start] GC(93) Compaction Phase
[3.346s][info][gc,phases      ] GC(93) Compaction Phase 50.896ms
[3.346s][info][gc,phases,start] GC(93) Post Compact
[3.347s][info][gc,phases      ] GC(93) Post Compact 0.807ms
[3.347s][info][gc,heap        ] GC(93) PSYoungGen: 19040K(57344K)->17855K(57344K) Eden: 0K(10240K)->0K(10240K) From: 19040K(47104K)->17855K(47104K)
[3.347s][info][gc,heap        ] GC(93) ParOldGen: 517902K(518144K)->518061K(581632K)
[3.347s][info][gc,metaspace   ] GC(93) Metaspace: 6302K(6464K)->6302K(6464K) NonClass: 5768K(5824K)->5768K(5824K) Class: 533K(640K)->533K(640K)
[3.347s][info][gc             ] GC(93) Pause Full (Ergonomics) 524M->523M(624M) 168.191ms
[3.348s][info][gc,cpu         ] GC(93) User=1.28s Sys=0.00s Real=0.17s
[3.360s][info][gc,start       ] GC(94) Pause Young (Allocation Failure)
[3.398s][info][gc,heap        ] GC(94) PSYoungGen: 28095K(57344K)->10336K(56832K) Eden: 10240K(10240K)->0K(11264K) From: 17855K(47104K)->10336K(45568K)
[3.398s][info][gc,heap        ] GC(94) ParOldGen: 518061K(581632K)->536197K(581632K)
[3.398s][info][gc,metaspace   ] GC(94) Metaspace: 6302K(6464K)->6302K(6464K) NonClass: 5768K(5824K)->5768K(5824K) Class: 533K(640K)->533K(640K)
[3.398s][info][gc             ] GC(94) Pause Young (Allocation Failure) 533M->533M(623M) 37.800ms
[3.398s][info][gc,cpu         ] GC(94) User=0.16s Sys=0.00s Real=0.04s
[3.411s][info][gc,start       ] GC(95) Pause Young (Allocation Failure)
[3.424s][info][gc,heap        ] GC(95) PSYoungGen: 21600K(56832K)->11328K(57344K) Eden: 11264K(11264K)->0K(11264K) From: 10336K(45568K)->11328K(46080K)
[3.424s][info][gc,heap        ] GC(95) ParOldGen: 536197K(581632K)->546581K(581632K)
[3.424s][info][gc,metaspace   ] GC(95) Metaspace: 6302K(6464K)->6302K(6464K) NonClass: 5768K(5824K)->5768K(5824K) Class: 533K(640K)->533K(640K)
[3.424s][info][gc             ] GC(95) Pause Young (Allocation Failure) 544M->544M(624M) 12.937ms
[3.424s][info][gc,cpu         ] GC(95) User=0.02s Sys=0.00s Real=0.01s
[3.437s][info][gc,start       ] GC(96) Pause Young (Allocation Failure)
[3.450s][info][gc,heap        ] GC(96) PSYoungGen: 22592K(57344K)->11424K(57344K) Eden: 11264K(11264K)->0K(12800K) From: 11328K(46080K)->11424K(44544K)
[3.450s][info][gc,heap        ] GC(96) ParOldGen: 546581K(581632K)->558005K(581632K)
[3.450s][info][gc,metaspace   ] GC(96) Metaspace: 6302K(6464K)->6302K(6464K) NonClass: 5768K(5824K)->5768K(5824K) Class: 533K(640K)->533K(640K)
[3.450s][info][gc             ] GC(96) Pause Young (Allocation Failure) 555M->556M(624M) 13.362ms
[3.450s][info][gc,cpu         ] GC(96) User=0.02s Sys=0.00s Real=0.01s
[3.465s][info][gc,start       ] GC(97) Pause Young (Allocation Failure)
[3.479s][info][gc,heap        ] GC(97) PSYoungGen: 24224K(57344K)->12896K(57856K) Eden: 12800K(12800K)->0K(12800K) From: 11424K(44544K)->12896K(45056K)
[3.479s][info][gc,heap        ] GC(97) ParOldGen: 558005K(581632K)->569437K(581632K)
[3.479s][info][gc,metaspace   ] GC(97) Metaspace: 6302K(6464K)->6302K(6464K) NonClass: 5768K(5824K)->5768K(5824K) Class: 533K(640K)->533K(640K)
[3.479s][info][gc             ] GC(97) Pause Young (Allocation Failure) 568M->568M(624M) 14.229ms
[3.479s][info][gc,cpu         ] GC(97) User=0.00s Sys=0.00s Real=0.01s
[3.479s][info][gc,start       ] GC(98) Pause Full (Ergonomics)
[3.480s][info][gc,phases,start] GC(98) Marking Phase
[3.602s][info][gc,phases      ] GC(98) Marking Phase 122.432ms
[3.602s][info][gc,phases,start] GC(98) Summary Phase
[3.602s][info][gc,phases      ] GC(98) Summary Phase 0.031ms
[3.602s][info][gc,phases,start] GC(98) Adjust Roots
[3.602s][info][gc,phases      ] GC(98) Adjust Roots 0.154ms
[3.602s][info][gc,phases,start] GC(98) Compaction Phase
[3.651s][info][gc,phases      ] GC(98) Compaction Phase 49.037ms
[3.651s][info][gc,phases,start] GC(98) Post Compact
[3.652s][info][gc,phases      ] GC(98) Post Compact 0.867ms
[3.652s][info][gc,heap        ] GC(98) PSYoungGen: 12896K(57856K)->0K(58368K) Eden: 0K(12800K)->0K(14336K) From: 12896K(45056K)->0K(44032K)
[3.652s][info][gc,heap        ] GC(98) ParOldGen: 569437K(581632K)->581363K(649216K)
[3.652s][info][gc,metaspace   ] GC(98) Metaspace: 6302K(6464K)->6302K(6464K) NonClass: 5768K(5824K)->5768K(5824K) Class: 533K(640K)->533K(640K)
[3.652s][info][gc             ] GC(98) Pause Full (Ergonomics) 568M->567M(691M) 173.003ms
[3.653s][info][gc,cpu         ] GC(98) User=1.11s Sys=0.05s Real=0.17s
[3.668s][info][gc,start       ] GC(99) Pause Young (Allocation Failure)
[3.678s][info][gc,heap        ] GC(99) PSYoungGen: 14336K(58368K)->14464K(58368K) Eden: 14336K(14336K)->0K(14336K) From: 0K(44032K)->14464K(44032K)
[3.679s][info][gc,heap        ] GC(99) ParOldGen: 581363K(649216K)->581363K(649216K)
[3.679s][info][gc,metaspace   ] GC(99) Metaspace: 6302K(6464K)->6302K(6464K) NonClass: 5768K(5824K)->5768K(5824K) Class: 533K(640K)->533K(640K)
[3.679s][info][gc             ] GC(99) Pause Young (Allocation Failure) 581M->581M(691M) 10.427ms
[3.679s][info][gc,cpu         ] GC(99) User=0.00s Sys=0.00s Real=0.01s
[3.695s][info][gc,start       ] GC(100) Pause Young (Allocation Failure)
[3.711s][info][gc,heap        ] GC(100) PSYoungGen: 28800K(58368K)->28832K(57344K) Eden: 14336K(14336K)->0K(14848K) From: 14464K(44032K)->28832K(42496K)
[3.711s][info][gc,heap        ] GC(100) ParOldGen: 581363K(649216K)->581363K(649216K)
[3.711s][info][gc,metaspace   ] GC(100) Metaspace: 6302K(6464K)->6302K(6464K) NonClass: 5768K(5824K)->5768K(5824K) Class: 533K(640K)->533K(640K)
[3.711s][info][gc             ] GC(100) Pause Young (Allocation Failure) 595M->595M(690M) 15.720ms
[3.711s][info][gc,cpu         ] GC(100) User=0.02s Sys=0.00s Real=0.02s
[3.728s][info][gc,start       ] GC(101) Pause Young (Allocation Failure)
[3.751s][info][gc,heap        ] GC(101) PSYoungGen: 43680K(57344K)->43520K(58368K) Eden: 14848K(14848K)->0K(14848K) From: 28832K(42496K)->43520K(43520K)
[3.751s][info][gc,heap        ] GC(101) ParOldGen: 581363K(649216K)->581451K(649216K)
[3.751s][info][gc,metaspace   ] GC(101) Metaspace: 6302K(6464K)->6302K(6464K) NonClass: 5768K(5824K)->5768K(5824K) Class: 533K(640K)->533K(640K)
[3.751s][info][gc             ] GC(101) Pause Young (Allocation Failure) 610M->610M(691M) 22.739ms
[3.751s][info][gc,cpu         ] GC(101) User=0.14s Sys=0.00s Real=0.02s
[3.770s][info][gc,start       ] GC(102) Pause Young (Allocation Failure)
[3.801s][info][gc,heap        ] GC(102) PSYoungGen: 58368K(58368K)->29760K(65536K) Eden: 14848K(14848K)->0K(16384K) From: 43520K(43520K)->29760K(49152K)
[3.801s][info][gc,heap        ] GC(102) ParOldGen: 581451K(649216K)->610467K(649216K)
[3.801s][info][gc,metaspace   ] GC(102) Metaspace: 6302K(6464K)->6302K(6464K) NonClass: 5768K(5824K)->5768K(5824K) Class: 533K(640K)->533K(640K)
[3.801s][info][gc             ] GC(102) Pause Young (Allocation Failure) 624M->625M(698M) 31.135ms
[3.801s][info][gc,cpu         ] GC(102) User=0.11s Sys=0.03s Real=0.03s
[3.821s][info][gc,start       ] GC(103) Pause Young (Allocation Failure)
[3.847s][info][gc,heap        ] GC(103) PSYoungGen: 46144K(65536K)->31360K(66048K) Eden: 16384K(16384K)->0K(16384K) From: 29760K(49152K)->31360K(49664K)
[3.847s][info][gc,heap        ] GC(103) ParOldGen: 610467K(649216K)->625475K(649216K)
[3.847s][info][gc,metaspace   ] GC(103) Metaspace: 6302K(6464K)->6302K(6464K) NonClass: 5768K(5824K)->5768K(5824K) Class: 533K(640K)->533K(640K)
[3.847s][info][gc             ] GC(103) Pause Young (Allocation Failure) 641M->641M(698M) 25.925ms
[3.847s][info][gc,cpu         ] GC(103) User=0.11s Sys=0.02s Real=0.03s
[3.847s][info][gc,start       ] GC(104) Pause Full (Ergonomics)
[3.847s][info][gc,phases,start] GC(104) Marking Phase
[3.987s][info][gc,phases      ] GC(104) Marking Phase 139.532ms
[3.987s][info][gc,phases,start] GC(104) Summary Phase
[3.987s][info][gc,phases      ] GC(104) Summary Phase 0.028ms
[3.987s][info][gc,phases,start] GC(104) Adjust Roots
[3.987s][info][gc,phases      ] GC(104) Adjust Roots 0.150ms
[3.987s][info][gc,phases,start] GC(104) Compaction Phase
[4.040s][info][gc,phases      ] GC(104) Compaction Phase 52.564ms
[4.040s][info][gc,phases,start] GC(104) Post Compact
[4.041s][info][gc,phases      ] GC(104) Post Compact 1.014ms
[4.041s][info][gc,heap        ] GC(104) PSYoungGen: 31360K(66048K)->7147K(66048K) Eden: 0K(16384K)->0K(16384K) From: 31360K(49664K)->7147K(49664K)
[4.041s][info][gc,heap        ] GC(104) ParOldGen: 625475K(649216K)->648799K(727040K)
[4.041s][info][gc,metaspace   ] GC(104) Metaspace: 6302K(6464K)->6302K(6464K) NonClass: 5768K(5824K)->5768K(5824K) Class: 533K(640K)->533K(640K)
[4.041s][info][gc             ] GC(104) Pause Full (Ergonomics) 641M->640M(774M) 193.816ms
[4.041s][info][gc,cpu         ] GC(104) User=1.48s Sys=0.00s Real=0.19s
[4.060s][info][gc,start       ] GC(105) Pause Young (Allocation Failure)
[4.100s][info][gc,heap        ] GC(105) PSYoungGen: 23531K(66048K)->20000K(64512K) Eden: 16384K(16384K)->0K(18432K) From: 7147K(49664K)->20000K(46080K)
[4.100s][info][gc,heap        ] GC(105) ParOldGen: 648799K(727040K)->652511K(727040K)
[4.100s][info][gc,metaspace   ] GC(105) Metaspace: 6302K(6464K)->6302K(6464K) NonClass: 5768K(5824K)->5768K(5824K) Class: 533K(640K)->533K(640K)
[4.100s][info][gc             ] GC(105) Pause Young (Allocation Failure) 656M->656M(773M) 39.881ms
[4.100s][info][gc,cpu         ] GC(105) User=0.20s Sys=0.00s Real=0.04s
[4.124s][info][gc,start       ] GC(106) Pause Young (Allocation Failure)
[4.145s][info][gc,heap        ] GC(106) PSYoungGen: 38432K(64512K)->38464K(66560K) Eden: 18432K(18432K)->0K(18432K) From: 20000K(46080K)->38464K(48128K)
[4.145s][info][gc,heap        ] GC(106) ParOldGen: 652511K(727040K)->652511K(727040K)
[4.145s][info][gc,metaspace   ] GC(106) Metaspace: 6302K(6464K)->6302K(6464K) NonClass: 5768K(5824K)->5768K(5824K) Class: 533K(640K)->533K(640K)
[4.145s][info][gc             ] GC(106) Pause Young (Allocation Failure) 674M->674M(775M) 21.430ms
[4.145s][info][gc,cpu         ] GC(106) User=0.12s Sys=0.00s Real=0.02s
[4.293s][info][gc,start       ] GC(107) Pause Young (Allocation Failure)
[4.336s][info][gc,heap        ] GC(107) PSYoungGen: 56896K(66560K)->51200K(62464K) Eden: 18432K(18432K)->0K(11264K) From: 38464K(48128K)->51200K(51200K)
[4.336s][info][gc,heap        ] GC(107) ParOldGen: 685279K(727040K)->690967K(727040K)
[4.336s][info][gc,metaspace   ] GC(107) Metaspace: 6302K(6464K)->6302K(6464K) NonClass: 5768K(5824K)->5768K(5824K) Class: 533K(640K)->533K(640K)
[4.336s][info][gc             ] GC(107) Pause Young (Allocation Failure) 724M->724M(771M) 42.437ms
[4.336s][info][gc,cpu         ] GC(107) User=0.22s Sys=0.03s Real=0.04s
[4.348s][info][gc,start       ] GC(108) Pause Young (Allocation Failure)
[4.379s][info][gc,heap        ] GC(108) PSYoungGen: 62464K(62464K)->45344K(71680K) Eden: 11264K(11264K)->0K(11264K) From: 51200K(51200K)->45344K(60416K)
[4.379s][info][gc,heap        ] GC(108) ParOldGen: 690967K(727040K)->708423K(727040K)
[4.379s][info][gc,metaspace   ] GC(108) Metaspace: 6302K(6464K)->6302K(6464K) NonClass: 5768K(5824K)->5768K(5824K) Class: 533K(640K)->533K(640K)
[4.379s][info][gc             ] GC(108) Pause Young (Allocation Failure) 735M->736M(780M) 30.896ms
[4.379s][info][gc,cpu         ] GC(108) User=0.11s Sys=0.03s Real=0.03s
[4.379s][info][gc,start       ] GC(109) Pause Full (Ergonomics)
[4.379s][info][gc,phases,start] GC(109) Marking Phase
[4.548s][info][gc,phases      ] GC(109) Marking Phase 168.580ms
[4.548s][info][gc,phases,start] GC(109) Summary Phase
[4.548s][info][gc,phases      ] GC(109) Summary Phase 0.026ms
[4.548s][info][gc,phases,start] GC(109) Adjust Roots
[4.548s][info][gc,phases      ] GC(109) Adjust Roots 0.189ms
[4.548s][info][gc,phases,start] GC(109) Compaction Phase
[4.666s][info][gc,phases      ] GC(109) Compaction Phase 118.305ms
[4.667s][info][gc,phases,start] GC(109) Post Compact
[4.668s][info][gc,phases      ] GC(109) Post Compact 1.493ms
[4.668s][info][gc,heap        ] GC(109) PSYoungGen: 45344K(71680K)->9876K(71680K) Eden: 0K(11264K)->0K(11264K) From: 45344K(60416K)->9876K(60416K)
[4.668s][info][gc,heap        ] GC(109) ParOldGen: 708423K(727040K)->726841K(809984K)
[4.668s][info][gc,metaspace   ] GC(109) Metaspace: 6302K(6464K)->6302K(6464K) NonClass: 5768K(5824K)->5768K(5824K) Class: 533K(640K)->533K(640K)
[4.668s][info][gc             ] GC(109) Pause Full (Ergonomics) 736M->719M(861M) 289.202ms
[4.668s][info][gc,cpu         ] GC(109) User=1.88s Sys=0.05s Real=0.29s
[4.682s][info][gc,start       ] GC(110) Pause Young (Allocation Failure)
[4.723s][info][gc,heap        ] GC(110) PSYoungGen: 21140K(71680K)->21280K(73216K) Eden: 11264K(11264K)->0K(12800K) From: 9876K(60416K)->21280K(60416K)
[4.723s][info][gc,heap        ] GC(110) ParOldGen: 726841K(809984K)->726841K(809984K)
[4.723s][info][gc,metaspace   ] GC(110) Metaspace: 6302K(6464K)->6302K(6464K) NonClass: 5768K(5824K)->5768K(5824K) Class: 533K(640K)->533K(640K)
[4.723s][info][gc             ] GC(110) Pause Young (Allocation Failure) 730M->730M(862M) 40.264ms
[4.723s][info][gc,cpu         ] GC(110) User=0.14s Sys=0.00s Real=0.04s
[4.736s][info][gc,start       ] GC(111) Pause Young (Allocation Failure)
[4.755s][info][gc,heap        ] GC(111) PSYoungGen: 34080K(73216K)->34112K(74752K) Eden: 12800K(12800K)->0K(12800K) From: 21280K(60416K)->34112K(61952K)
[4.755s][info][gc,heap        ] GC(111) ParOldGen: 726841K(809984K)->726841K(809984K)
[4.755s][info][gc,metaspace   ] GC(111) Metaspace: 6302K(6464K)->6302K(6464K) NonClass: 5768K(5824K)->5768K(5824K) Class: 533K(640K)->533K(640K)
[4.755s][info][gc             ] GC(111) Pause Young (Allocation Failure) 743M->743M(864M) 19.102ms
[4.755s][info][gc,cpu         ] GC(111) User=0.02s Sys=0.00s Real=0.02s
[4.769s][info][gc,start       ] GC(112) Pause Young (Allocation Failure)
[4.792s][info][gc,heap        ] GC(112) PSYoungGen: 46912K(74752K)->46944K(71680K) Eden: 12800K(12800K)->0K(11264K) From: 34112K(61952K)->46944K(60416K)
[4.792s][info][gc,heap        ] GC(112) ParOldGen: 726841K(809984K)->726841K(809984K)
[4.792s][info][gc,metaspace   ] GC(112) Metaspace: 6302K(6464K)->6302K(6464K) NonClass: 5768K(5824K)->5768K(5824K) Class: 533K(640K)->533K(640K)
[4.792s][info][gc             ] GC(112) Pause Young (Allocation Failure) 755M->755M(861M) 23.115ms
[4.792s][info][gc,cpu         ] GC(112) User=0.05s Sys=0.00s Real=0.02s
[4.804s][info][gc,start       ] GC(113) Pause Young (Allocation Failure)
[4.831s][info][gc,heap        ] GC(113) PSYoungGen: 58208K(71680K)->53728K(74752K) Eden: 11264K(11264K)->0K(11264K) From: 46944K(60416K)->53728K(63488K)
[4.831s][info][gc,heap        ] GC(113) ParOldGen: 726841K(809984K)->731369K(809984K)
[4.831s][info][gc,metaspace   ] GC(113) Metaspace: 6302K(6464K)->6302K(6464K) NonClass: 5768K(5824K)->5768K(5824K) Class: 533K(640K)->533K(640K)
[4.831s][info][gc             ] GC(113) Pause Young (Allocation Failure) 766M->766M(864M) 27.395ms
[4.831s][info][gc,cpu         ] GC(113) User=0.14s Sys=0.00s Real=0.03s
[4.843s][info][gc,start       ] GC(114) Pause Young (Allocation Failure)
[4.873s][info][gc,heap        ] GC(114) PSYoungGen: 64992K(74752K)->63968K(73728K) Eden: 11264K(11264K)->0K(5120K) From: 53728K(63488K)->63968K(68608K)
[4.873s][info][gc,heap        ] GC(114) ParOldGen: 731369K(809984K)->732393K(809984K)
[4.873s][info][gc,metaspace   ] GC(114) Metaspace: 6302K(6464K)->6302K(6464K) NonClass: 5768K(5824K)->5768K(5824K) Class: 533K(640K)->533K(640K)
[4.873s][info][gc             ] GC(114) Pause Young (Allocation Failure) 777M->777M(863M) 30.263ms
[4.873s][info][gc,cpu         ] GC(114) User=0.14s Sys=0.00s Real=0.03s
[4.878s][info][gc,start       ] GC(115) Pause Young (Allocation Failure)
[4.909s][info][gc,heap        ] GC(115) PSYoungGen: 69088K(73728K)->53312K(81408K) Eden: 5120K(5120K)->0K(5120K) From: 63968K(68608K)->53312K(76288K)
[4.909s][info][gc,heap        ] GC(115) ParOldGen: 732393K(809984K)->748345K(809984K)
[4.909s][info][gc,metaspace   ] GC(115) Metaspace: 6302K(6464K)->6302K(6464K) NonClass: 5768K(5824K)->5768K(5824K) Class: 533K(640K)->533K(640K)
[4.909s][info][gc             ] GC(115) Pause Young (Allocation Failure) 782M->782M(870M) 31.170ms
[4.909s][info][gc,cpu         ] GC(115) User=0.14s Sys=0.00s Real=0.03s
[4.914s][info][gc,start       ] GC(116) Pause Young (Allocation Failure)
[4.942s][info][gc,heap        ] GC(116) PSYoungGen: 58432K(81408K)->32864K(78848K) Eden: 5120K(5120K)->0K(6144K) From: 53312K(76288K)->32864K(72704K)
[4.942s][info][gc,heap        ] GC(116) ParOldGen: 748345K(809984K)->774257K(809984K)
[4.942s][info][gc,metaspace   ] GC(116) Metaspace: 6302K(6464K)->6302K(6464K) NonClass: 5768K(5824K)->5768K(5824K) Class: 533K(640K)->533K(640K)
[4.942s][info][gc             ] GC(116) Pause Young (Allocation Failure) 787M->788M(868M) 27.439ms
[4.942s][info][gc,cpu         ] GC(116) User=0.14s Sys=0.00s Real=0.03s
[4.948s][info][gc,start       ] GC(117) Pause Young (Allocation Failure)
[4.969s][info][gc,heap        ] GC(117) PSYoungGen: 39008K(78848K)->16448K(81920K) Eden: 6144K(6144K)->0K(6144K) From: 32864K(72704K)->16448K(75776K)
[4.969s][info][gc,heap        ] GC(117) ParOldGen: 774257K(809984K)->797065K(809984K)
[4.969s][info][gc,metaspace   ] GC(117) Metaspace: 6302K(6464K)->6302K(6464K) NonClass: 5768K(5824K)->5768K(5824K) Class: 533K(640K)->533K(640K)
[4.969s][info][gc             ] GC(117) Pause Young (Allocation Failure) 794M->794M(871M) 20.370ms
[4.969s][info][gc,cpu         ] GC(117) User=0.03s Sys=0.00s Real=0.02s
[4.969s][info][gc,start       ] GC(118) Pause Full (Ergonomics)
[4.969s][info][gc,phases,start] GC(118) Marking Phase
[5.140s][info][gc,phases      ] GC(118) Marking Phase 170.983ms
[5.140s][info][gc,phases,start] GC(118) Summary Phase
[5.140s][info][gc,phases      ] GC(118) Summary Phase 0.023ms
[5.140s][info][gc,phases,start] GC(118) Adjust Roots
[5.140s][info][gc,phases      ] GC(118) Adjust Roots 0.186ms
[5.140s][info][gc,phases,start] GC(118) Compaction Phase
[5.217s][info][gc,phases      ] GC(118) Compaction Phase 76.694ms
[5.217s][info][gc,phases,start] GC(118) Post Compact
[5.218s][info][gc,phases      ] GC(118) Post Compact 1.495ms
[5.219s][info][gc,heap        ] GC(118) PSYoungGen: 16448K(81920K)->2518K(81920K) Eden: 0K(6144K)->0K(6144K) From: 16448K(75776K)->2518K(75776K)
[5.219s][info][gc,heap        ] GC(118) ParOldGen: 797065K(809984K)->809727K(904192K)
[5.219s][info][gc,metaspace   ] GC(118) Metaspace: 6302K(6464K)->6302K(6464K) NonClass: 5768K(5824K)->5768K(5824K) Class: 533K(640K)->533K(640K)
[5.219s][info][gc             ] GC(118) Pause Full (Ergonomics) 794M->793M(963M) 250.095ms
[5.219s][info][gc,cpu         ] GC(118) User=1.66s Sys=0.02s Real=0.25s
[5.227s][info][gc,start       ] GC(119) Pause Young (Allocation Failure)
[5.268s][info][gc,heap        ] GC(119) PSYoungGen: 8662K(81920K)->7296K(81920K) Eden: 6144K(6144K)->0K(6656K) From: 2518K(75776K)->7296K(75264K)
[5.268s][info][gc,heap        ] GC(119) ParOldGen: 809727K(904192K)->811223K(904192K)
[5.268s][info][gc,metaspace   ] GC(119) Metaspace: 6302K(6464K)->6302K(6464K) NonClass: 5768K(5824K)->5768K(5824K) Class: 533K(640K)->533K(640K)
[5.268s][info][gc             ] GC(119) Pause Young (Allocation Failure) 799M->799M(963M) 40.713ms
[5.268s][info][gc,cpu         ] GC(119) User=0.27s Sys=0.00s Real=0.04s
[5.275s][info][gc,start       ] GC(120) Pause Young (Allocation Failure)
[5.288s][info][gc,heap        ] GC(120) PSYoungGen: 13952K(81920K)->6752K(82944K) Eden: 6656K(6656K)->0K(6656K) From: 7296K(75264K)->6752K(76288K)
[5.288s][info][gc,heap        ] GC(120) ParOldGen: 811223K(904192K)->818543K(904192K)
[5.288s][info][gc,metaspace   ] GC(120) Metaspace: 6302K(6464K)->6302K(6464K) NonClass: 5768K(5824K)->5768K(5824K) Class: 533K(640K)->533K(640K)
[5.288s][info][gc             ] GC(120) Pause Young (Allocation Failure) 805M->805M(964M) 13.042ms
[5.288s][info][gc,cpu         ] GC(120) User=0.02s Sys=0.00s Real=0.01s
[5.295s][info][gc,start       ] GC(121) Pause Young (Allocation Failure)
[5.307s][info][gc,heap        ] GC(121) PSYoungGen: 13408K(82944K)->6720K(82944K) Eden: 6656K(6656K)->0K(7680K) From: 6752K(76288K)->6720K(75264K)
[5.307s][info][gc,heap        ] GC(121) ParOldGen: 818543K(904192K)->825287K(904192K)
[5.307s][info][gc,metaspace   ] GC(121) Metaspace: 6302K(6464K)->6302K(6464K) NonClass: 5768K(5824K)->5768K(5824K) Class: 533K(640K)->533K(640K)
[5.307s][info][gc             ] GC(121) Pause Young (Allocation Failure) 812M->812M(964M) 12.198ms
[5.307s][info][gc,cpu         ] GC(121) User=0.00s Sys=0.00s Real=0.01s
[5.315s][info][gc,start       ] GC(122) Pause Young (Allocation Failure)
[5.329s][info][gc,heap        ] GC(122) PSYoungGen: 14400K(82944K)->7840K(15872K) Eden: 7680K(7680K)->0K(7680K) From: 6720K(75264K)->7840K(8192K)
[5.329s][info][gc,heap        ] GC(122) ParOldGen: 825287K(904192K)->832039K(904192K)
[5.329s][info][gc,metaspace   ] GC(122) Metaspace: 6302K(6464K)->6302K(6464K) NonClass: 5768K(5824K)->5768K(5824K) Class: 533K(640K)->533K(640K)
[5.329s][info][gc             ] GC(122) Pause Young (Allocation Failure) 820M->820M(898M) 13.178ms
[5.329s][info][gc,cpu         ] GC(122) User=0.00s Sys=0.02s Real=0.01s
[5.337s][info][gc,start       ] GC(123) Pause Young (Allocation Failure)
[5.351s][info][gc,heap        ] GC(123) PSYoungGen: 15520K(15872K)->7776K(79872K) Eden: 7680K(7680K)->0K(8704K) From: 7840K(8192K)->7776K(71168K)
[5.351s][info][gc,heap        ] GC(123) ParOldGen: 832039K(904192K)->839831K(904192K)
[5.351s][info][gc,metaspace   ] GC(123) Metaspace: 6302K(6464K)->6302K(6464K) NonClass: 5768K(5824K)->5768K(5824K) Class: 533K(640K)->533K(640K)
[5.351s][info][gc             ] GC(123) Pause Young (Allocation Failure) 827M->827M(961M) 13.927ms
[5.351s][info][gc,cpu         ] GC(123) User=0.02s Sys=0.00s Real=0.01s
[5.360s][info][gc,start       ] GC(124) Pause Young (Allocation Failure)
[5.375s][info][gc,heap        ] GC(124) PSYoungGen: 16480K(79872K)->8832K(17920K) Eden: 8704K(8704K)->0K(8704K) From: 7776K(71168K)->8832K(9216K)
[5.375s][info][gc,heap        ] GC(124) ParOldGen: 839831K(904192K)->847615K(904192K)
[5.375s][info][gc,metaspace   ] GC(124) Metaspace: 6302K(6464K)->6302K(6464K) NonClass: 5768K(5824K)->5768K(5824K) Class: 533K(640K)->533K(640K)
[5.375s][info][gc             ] GC(124) Pause Young (Allocation Failure) 836M->836M(900M) 14.371ms
[5.375s][info][gc,cpu         ] GC(124) User=0.00s Sys=0.00s Real=0.01s
[5.384s][info][gc,start       ] GC(125) Pause Young (Allocation Failure)
[5.398s][info][gc,heap        ] GC(125) PSYoungGen: 17536K(17920K)->8768K(75776K) Eden: 8704K(8704K)->0K(10240K) From: 8832K(9216K)->8768K(65536K)
[5.398s][info][gc,heap        ] GC(125) ParOldGen: 847615K(904192K)->856439K(904192K)
[5.398s][info][gc,metaspace   ] GC(125) Metaspace: 6302K(6464K)->6302K(6464K) NonClass: 5768K(5824K)->5768K(5824K) Class: 533K(640K)->533K(640K)
[5.398s][info][gc             ] GC(125) Pause Young (Allocation Failure) 844M->844M(957M) 13.970ms
[5.398s][info][gc,cpu         ] GC(125) User=0.02s Sys=0.00s Real=0.01s
[5.409s][info][gc,start       ] GC(126) Pause Young (Allocation Failure)
[5.424s][info][gc,heap        ] GC(126) PSYoungGen: 19008K(75776K)->10368K(20992K) Eden: 10240K(10240K)->0K(10240K) From: 8768K(65536K)->10368K(10752K)
[5.424s][info][gc,heap        ] GC(126) ParOldGen: 856439K(904192K)->865271K(904192K)
[5.424s][info][gc,metaspace   ] GC(126) Metaspace: 6302K(6464K)->6302K(6464K) NonClass: 5768K(5824K)->5768K(5824K) Class: 533K(640K)->533K(640K)
[5.424s][info][gc             ] GC(126) Pause Young (Allocation Failure) 854M->855M(903M) 15.794ms
[5.424s][info][gc,cpu         ] GC(126) User=0.02s Sys=0.00s Real=0.02s
[5.437s][info][gc,start       ] GC(127) Pause Young (Allocation Failure)
[5.453s][info][gc,heap        ] GC(127) PSYoungGen: 20608K(20992K)->10368K(71680K) Eden: 10240K(10240K)->0K(11776K) From: 10368K(10752K)->10368K(59904K)
[5.453s][info][gc,heap        ] GC(127) ParOldGen: 865271K(904192K)->875679K(904192K)
[5.453s][info][gc,metaspace   ] GC(127) Metaspace: 6302K(6464K)->6302K(6464K) NonClass: 5768K(5824K)->5768K(5824K) Class: 533K(640K)->533K(640K)
[5.453s][info][gc             ] GC(127) Pause Young (Allocation Failure) 865M->865M(953M) 15.941ms
[5.453s][info][gc,cpu         ] GC(127) User=0.00s Sys=0.00s Real=0.02s
[5.466s][info][gc,start       ] GC(128) Pause Young (Allocation Failure)
[5.482s][info][gc,heap        ] GC(128) PSYoungGen: 22144K(71680K)->11872K(24064K) Eden: 11776K(11776K)->0K(11776K) From: 10368K(59904K)->11872K(12288K)
[5.483s][info][gc,heap        ] GC(128) ParOldGen: 875679K(904192K)->886079K(904192K)
[5.483s][info][gc,metaspace   ] GC(128) Metaspace: 6302K(6464K)->6302K(6464K) NonClass: 5768K(5824K)->5768K(5824K) Class: 533K(640K)->533K(640K)
[5.483s][info][gc             ] GC(128) Pause Young (Allocation Failure) 876M->876M(906M) 16.530ms
[5.483s][info][gc,cpu         ] GC(128) User=0.02s Sys=0.00s Real=0.02s
[5.483s][info][gc,start       ] GC(129) Pause Full (Ergonomics)
[5.483s][info][gc,phases,start] GC(129) Marking Phase
[5.679s][info][gc,phases      ] GC(129) Marking Phase 196.507ms
[5.679s][info][gc,phases,start] GC(129) Summary Phase
[5.679s][info][gc,phases      ] GC(129) Summary Phase 0.032ms
[5.679s][info][gc,phases,start] GC(129) Adjust Roots
[5.679s][info][gc,phases      ] GC(129) Adjust Roots 0.182ms
[5.679s][info][gc,phases,start] GC(129) Compaction Phase
[5.763s][info][gc,phases      ] GC(129) Compaction Phase 83.429ms
[5.763s][info][gc,phases,start] GC(129) Post Compact
[5.764s][info][gc,phases      ] GC(129) Post Compact 1.452ms
[5.765s][info][gc,heap        ] GC(129) PSYoungGen: 11872K(24064K)->0K(72704K) Eden: 0K(11776K)->0K(13312K) From: 11872K(12288K)->0K(59392K)
[5.765s][info][gc,heap        ] GC(129) ParOldGen: 886079K(904192K)->896412K(985088K)
[5.765s][info][gc,metaspace   ] GC(129) Metaspace: 6302K(6464K)->6302K(6464K) NonClass: 5768K(5824K)->5768K(5824K) Class: 533K(640K)->533K(640K)
[5.765s][info][gc             ] GC(129) Pause Full (Ergonomics) 876M->875M(1033M) 282.173ms
[5.765s][info][gc,cpu         ] GC(129) User=1.97s Sys=0.00s Real=0.28s
[5.782s][info][gc,start       ] GC(130) Pause Young (Allocation Failure)
[5.795s][info][gc,heap        ] GC(130) PSYoungGen: 13312K(72704K)->13408K(27136K) Eden: 13312K(13312K)->0K(13312K) From: 0K(59392K)->13408K(13824K)
[5.795s][info][gc,heap        ] GC(130) ParOldGen: 896412K(985088K)->896412K(985088K)
[5.795s][info][gc,metaspace   ] GC(130) Metaspace: 6302K(6464K)->6302K(6464K) NonClass: 5768K(5824K)->5768K(5824K) Class: 533K(640K)->533K(640K)
[5.795s][info][gc             ] GC(130) Pause Young (Allocation Failure) 888M->888M(988M) 12.940ms
[5.795s][info][gc,cpu         ] GC(130) User=0.02s Sys=0.00s Real=0.01s
[5.810s][info][gc,start       ] GC(131) Pause Young (Allocation Failure)
[5.828s][info][gc,heap        ] GC(131) PSYoungGen: 26720K(27136K)->26784K(70144K) Eden: 13312K(13312K)->0K(14848K) From: 13408K(13824K)->26784K(55296K)
[5.828s][info][gc,heap        ] GC(131) ParOldGen: 896412K(985088K)->896412K(985088K)
[5.828s][info][gc,metaspace   ] GC(131) Metaspace: 6302K(6464K)->6302K(6464K) NonClass: 5768K(5824K)->5768K(5824K) Class: 533K(640K)->533K(640K)
[5.828s][info][gc             ] GC(131) Pause Young (Allocation Failure) 901M->901M(1030M) 18.521ms
[5.828s][info][gc,cpu         ] GC(131) User=0.03s Sys=0.00s Real=0.02s
[5.846s][info][gc,start       ] GC(132) Pause Young (Allocation Failure)
[5.867s][info][gc,heap        ] GC(132) PSYoungGen: 41632K(70144K)->28320K(70656K) Eden: 14848K(14848K)->0K(14848K) From: 26784K(55296K)->28320K(55808K)
[5.867s][info][gc,heap        ] GC(132) ParOldGen: 896412K(985088K)->909900K(985088K)
[5.867s][info][gc,metaspace   ] GC(132) Metaspace: 6302K(6464K)->6302K(6464K) NonClass: 5768K(5824K)->5768K(5824K) Class: 533K(640K)->533K(640K)
[5.867s][info][gc             ] GC(132) Pause Young (Allocation Failure) 916M->916M(1031M) 21.218ms
[5.867s][info][gc,cpu         ] GC(132) User=0.11s Sys=0.02s Real=0.02s
[5.884s][info][gc,start       ] GC(133) Pause Young (Allocation Failure)
[5.907s][info][gc,heap        ] GC(133) PSYoungGen: 43168K(70656K)->29824K(71168K) Eden: 14848K(14848K)->0K(15872K) From: 28320K(55808K)->29824K(55296K)
[5.907s][info][gc,heap        ] GC(133) ParOldGen: 909900K(985088K)->923388K(985088K)
[5.907s][info][gc,metaspace   ] GC(133) Metaspace: 6302K(6464K)->6302K(6464K) NonClass: 5768K(5824K)->5768K(5824K) Class: 533K(640K)->533K(640K)
[5.907s][info][gc             ] GC(133) Pause Young (Allocation Failure) 930M->930M(1031M) 22.868ms
[5.907s][info][gc,cpu         ] GC(133) User=0.14s Sys=0.00s Real=0.02s
[5.924s][info][gc,start       ] GC(134) Pause Young (Allocation Failure)
[5.948s][info][gc,heap        ] GC(134) PSYoungGen: 45696K(71168K)->30848K(71680K) Eden: 15872K(15872K)->0K(15872K) From: 29824K(55296K)->30848K(55808K)
[5.948s][info][gc,heap        ] GC(134) ParOldGen: 923388K(985088K)->938428K(985088K)
[5.948s][info][gc,metaspace   ] GC(134) Metaspace: 6302K(6464K)->6302K(6464K) NonClass: 5768K(5824K)->5768K(5824K) Class: 533K(640K)->533K(640K)
[5.948s][info][gc             ] GC(134) Pause Young (Allocation Failure) 946M->946M(1032M) 23.767ms
[5.948s][info][gc,cpu         ] GC(134) User=0.12s Sys=0.00s Real=0.02s
[5.965s][info][gc,start       ] GC(135) Pause Young (Allocation Failure)
[5.990s][info][gc,heap        ] GC(135) PSYoungGen: 46720K(71680K)->31872K(73216K) Eden: 15872K(15872K)->0K(17408K) From: 30848K(55808K)->31872K(55808K)
[5.990s][info][gc,heap        ] GC(135) ParOldGen: 938428K(985088K)->953476K(985088K)
[5.990s][info][gc,metaspace   ] GC(135) Metaspace: 6302K(6464K)->6302K(6464K) NonClass: 5768K(5824K)->5768K(5824K) Class: 533K(640K)->533K(640K)
[5.990s][info][gc             ] GC(135) Pause Young (Allocation Failure) 962M->962M(1033M) 24.986ms
[5.990s][info][gc,cpu         ] GC(135) User=0.06s Sys=0.06s Real=0.03s
[6.010s][info][gc,start       ] GC(136) Pause Young (Allocation Failure)
[6.035s][info][gc,heap        ] GC(136) PSYoungGen: 49280K(73216K)->33408K(73728K) Eden: 17408K(17408K)->0K(17408K) From: 31872K(55808K)->33408K(56320K)
[6.035s][info][gc,heap        ] GC(136) ParOldGen: 953476K(985088K)->969556K(985088K)
[6.035s][info][gc,metaspace   ] GC(136) Metaspace: 6302K(6464K)->6302K(6464K) NonClass: 5768K(5824K)->5768K(5824K) Class: 533K(640K)->533K(640K)
[6.035s][info][gc             ] GC(136) Pause Young (Allocation Failure) 979M->979M(1034M) 25.603ms
[6.035s][info][gc,cpu         ] GC(136) User=0.12s Sys=0.02s Real=0.03s
[6.035s][info][gc,start       ] GC(137) Pause Full (Ergonomics)
[6.035s][info][gc,phases,start] GC(137) Marking Phase
[6.263s][info][gc,phases      ] GC(137) Marking Phase 228.001ms
[6.263s][info][gc,phases,start] GC(137) Summary Phase
[6.263s][info][gc,phases      ] GC(137) Summary Phase 0.025ms
[6.263s][info][gc,phases,start] GC(137) Adjust Roots
[6.264s][info][gc,phases      ] GC(137) Adjust Roots 0.176ms
[6.264s][info][gc,phases,start] GC(137) Compaction Phase
[6.349s][info][gc,phases      ] GC(137) Compaction Phase 85.151ms
[6.349s][info][gc,phases,start] GC(137) Post Compact
[6.351s][info][gc,phases      ] GC(137) Post Compact 1.747ms
[6.351s][info][gc,heap        ] GC(137) PSYoungGen: 33408K(73728K)->16864K(73728K) Eden: 0K(17408K)->0K(17408K) From: 33408K(56320K)->16864K(56320K)
[6.351s][info][gc,heap        ] GC(137) ParOldGen: 969556K(985088K)->984801K(1084416K)
[6.351s][info][gc,metaspace   ] GC(137) Metaspace: 6302K(6464K)->6302K(6464K) NonClass: 5768K(5824K)->5768K(5824K) Class: 533K(640K)->533K(640K)
[6.351s][info][gc             ] GC(137) Pause Full (Ergonomics) 979M->978M(1131M) 315.863ms
[6.351s][info][gc,cpu         ] GC(137) User=2.33s Sys=0.00s Real=0.32s
[6.371s][info][gc,start       ] GC(138) Pause Young (Allocation Failure)
[6.428s][info][gc,heap        ] GC(138) PSYoungGen: 34272K(73728K)->17504K(72192K) Eden: 17408K(17408K)->0K(19456K) From: 16864K(56320K)->17504K(52736K)
[6.428s][info][gc,heap        ] GC(138) ParOldGen: 984801K(1084416K)->1001905K(1084416K)
[6.428s][info][gc,metaspace   ] GC(138) Metaspace: 6302K(6464K)->6302K(6464K) NonClass: 5768K(5824K)->5768K(5824K) Class: 533K(640K)->533K(640K)
[6.428s][info][gc             ] GC(138) Pause Young (Allocation Failure) 995M->995M(1129M) 57.257ms
[6.428s][info][gc,cpu         ] GC(138) User=0.38s Sys=0.00s Real=0.06s
[6.450s][info][gc,start       ] GC(139) Pause Young (Allocation Failure)
[6.470s][info][gc,heap        ] GC(139) PSYoungGen: 36960K(72192K)->36992K(74240K) Eden: 19456K(19456K)->0K(19456K) From: 17504K(52736K)->36992K(54784K)
[6.471s][info][gc,heap        ] GC(139) ParOldGen: 1001905K(1084416K)->1001905K(1084416K)
[6.471s][info][gc,metaspace   ] GC(139) Metaspace: 6302K(6464K)->6302K(6464K) NonClass: 5768K(5824K)->5768K(5824K) Class: 533K(640K)->533K(640K)
[6.471s][info][gc             ] GC(139) Pause Young (Allocation Failure) 1014M->1014M(1131M) 21.045ms
[6.471s][info][gc,cpu         ] GC(139) User=0.12s Sys=0.00s Real=0.02s
[6.492s][info][gc,start       ] GC(140) Pause Young (Allocation Failure)
[6.521s][info][gc,heap        ] GC(140) PSYoungGen: 56448K(74240K)->56480K(69632K) Eden: 19456K(19456K)->0K(12800K) From: 36992K(54784K)->56480K(56832K)
[6.521s][info][gc,heap        ] GC(140) ParOldGen: 1001905K(1084416K)->1001905K(1084416K)
[6.521s][info][gc,metaspace   ] GC(140) Metaspace: 6302K(6464K)->6302K(6464K) NonClass: 5768K(5824K)->5768K(5824K) Class: 533K(640K)->533K(640K)
[6.521s][info][gc             ] GC(140) Pause Young (Allocation Failure) 1033M->1033M(1127M) 29.173ms
[6.521s][info][gc,cpu         ] GC(140) User=0.14s Sys=0.00s Real=0.03s
[6.535s][info][gc,start       ] GC(141) Pause Young (Allocation Failure)
[6.569s][info][gc,heap        ] GC(141) PSYoungGen: 69280K(69632K)->51808K(78336K) Eden: 12800K(12800K)->0K(12800K) From: 56480K(56832K)->51808K(65536K)
[6.569s][info][gc,heap        ] GC(141) ParOldGen: 1001905K(1084416K)->1019561K(1084416K)
[6.569s][info][gc,metaspace   ] GC(141) Metaspace: 6302K(6464K)->6302K(6464K) NonClass: 5768K(5824K)->5768K(5824K) Class: 533K(640K)->533K(640K)
[6.569s][info][gc             ] GC(141) Pause Young (Allocation Failure) 1046M->1046M(1135M) 34.560ms
[6.569s][info][gc,cpu         ] GC(141) User=0.16s Sys=0.00s Real=0.03s
[6.583s][info][gc,start       ] GC(142) Pause Young (Allocation Failure)
[6.617s][info][gc,heap        ] GC(142) PSYoungGen: 64608K(78336K)->45184K(83456K) Eden: 12800K(12800K)->0K(12800K) From: 51808K(65536K)->45184K(70656K)
[6.617s][info][gc,heap        ] GC(142) ParOldGen: 1019561K(1084416K)->1039281K(1084416K)
[6.617s][info][gc,metaspace   ] GC(142) Metaspace: 6302K(6464K)->6302K(6464K) NonClass: 5768K(5824K)->5768K(5824K) Class: 533K(640K)->533K(640K)
[6.617s][info][gc             ] GC(142) Pause Young (Allocation Failure) 1058M->1059M(1140M) 33.170ms
[6.617s][info][gc,cpu         ] GC(142) User=0.12s Sys=0.02s Real=0.03s
[6.632s][info][gc,start       ] GC(143) Pause Young (Allocation Failure)
[6.663s][info][gc,heap        ] GC(143) PSYoungGen: 57984K(83456K)->25728K(38912K) Eden: 12800K(12800K)->0K(12800K) From: 45184K(70656K)->25728K(26112K)
[6.663s][info][gc,heap        ] GC(143) ParOldGen: 1039281K(1084416K)->1071945K(1084416K)
[6.663s][info][gc,metaspace   ] GC(143) Metaspace: 6302K(6464K)->6302K(6464K) NonClass: 5768K(5824K)->5768K(5824K) Class: 533K(640K)->533K(640K)
[6.663s][info][gc             ] GC(143) Pause Young (Allocation Failure) 1071M->1071M(1097M) 31.616ms
[6.663s][info][gc,cpu         ] GC(143) User=0.14s Sys=0.00s Real=0.03s
[6.663s][info][gc,start       ] GC(144) Pause Full (Ergonomics)
[6.663s][info][gc,phases,start] GC(144) Marking Phase
[6.926s][info][gc,phases      ] GC(144) Marking Phase 262.729ms
[6.926s][info][gc,phases,start] GC(144) Summary Phase
[6.926s][info][gc,phases      ] GC(144) Summary Phase 0.055ms
[6.926s][info][gc,phases,start] GC(144) Adjust Roots
[6.926s][info][gc,phases      ] GC(144) Adjust Roots 0.252ms
[6.926s][info][gc,phases,start] GC(144) Compaction Phase
[7.025s][info][gc,phases      ] GC(144) Compaction Phase 98.595ms
[7.025s][info][gc,phases,start] GC(144) Post Compact
[7.027s][info][gc,phases      ] GC(144) Post Compact 1.727ms
[7.027s][info][gc,heap        ] GC(144) PSYoungGen: 25728K(38912K)->12255K(38912K) Eden: 0K(12800K)->0K(12800K) From: 25728K(26112K)->12255K(26112K)
[7.027s][info][gc,heap        ] GC(144) ParOldGen: 1071945K(1084416K)->1083937K(1201152K)
[7.027s][info][gc,metaspace   ] GC(144) Metaspace: 6302K(6464K)->6302K(6464K) NonClass: 5768K(5824K)->5768K(5824K) Class: 533K(640K)->533K(640K)
[7.027s][info][gc             ] GC(144) Pause Full (Ergonomics) 1071M->1070M(1211M) 364.104ms
[7.027s][info][gc,cpu         ] GC(144) User=2.73s Sys=0.00s Real=0.37s
[7.042s][info][gc,start       ] GC(145) Pause Young (Allocation Failure)
[7.100s][info][gc,heap        ] GC(145) PSYoungGen: 25055K(38912K)->12960K(80896K) Eden: 12800K(12800K)->0K(14336K) From: 12255K(26112K)->12960K(66560K)
[7.100s][info][gc,heap        ] GC(145) ParOldGen: 1083937K(1201152K)->1096401K(1201152K)
[7.100s][info][gc,metaspace   ] GC(145) Metaspace: 6302K(6464K)->6302K(6464K) NonClass: 5768K(5824K)->5768K(5824K) Class: 533K(640K)->533K(640K)
[7.100s][info][gc             ] GC(145) Pause Young (Allocation Failure) 1083M->1083M(1252M) 58.231ms
[7.100s][info][gc,cpu         ] GC(145) User=0.36s Sys=0.02s Real=0.06s
[7.116s][info][gc,start       ] GC(146) Pause Young (Allocation Failure)
[7.133s][info][gc,heap        ] GC(146) PSYoungGen: 27296K(80896K)->14464K(82432K) Eden: 14336K(14336K)->0K(14336K) From: 12960K(66560K)->14464K(68096K)
[7.133s][info][gc,heap        ] GC(146) ParOldGen: 1096401K(1201152K)->1109385K(1201152K)
[7.133s][info][gc,metaspace   ] GC(146) Metaspace: 6302K(6464K)->6302K(6464K) NonClass: 5768K(5824K)->5768K(5824K) Class: 533K(640K)->533K(640K)
[7.133s][info][gc             ] GC(146) Pause Young (Allocation Failure) 1097M->1097M(1253M) 17.729ms
[7.133s][info][gc,cpu         ] GC(146) User=0.05s Sys=0.00s Real=0.02s
[7.149s][info][gc,start       ] GC(147) Pause Young (Allocation Failure)
[7.167s][info][gc,heap        ] GC(147) PSYoungGen: 28800K(82432K)->14464K(80896K) Eden: 14336K(14336K)->0K(16384K) From: 14464K(68096K)->14464K(64512K)
[7.167s][info][gc,heap        ] GC(147) ParOldGen: 1109385K(1201152K)->1123921K(1201152K)
[7.167s][info][gc,metaspace   ] GC(147) Metaspace: 6302K(6464K)->6302K(6464K) NonClass: 5768K(5824K)->5768K(5824K) Class: 533K(640K)->533K(640K)
[7.167s][info][gc             ] GC(147) Pause Young (Allocation Failure) 1111M->1111M(1252M) 18.286ms
[7.167s][info][gc,cpu         ] GC(147) User=0.05s Sys=0.00s Real=0.02s
[7.185s][info][gc,start       ] GC(148) Pause Young (Allocation Failure)
[7.205s][info][gc,heap        ] GC(148) PSYoungGen: 30848K(80896K)->16512K(33280K) Eden: 16384K(16384K)->0K(16384K) From: 14464K(64512K)->16512K(16896K)
[7.205s][info][gc,heap        ] GC(148) ParOldGen: 1123921K(1201152K)->1138457K(1201152K)
[7.205s][info][gc,metaspace   ] GC(148) Metaspace: 6302K(6464K)->6302K(6464K) NonClass: 5768K(5824K)->5768K(5824K) Class: 533K(640K)->533K(640K)
[7.205s][info][gc             ] GC(148) Pause Young (Allocation Failure) 1127M->1127M(1205M) 20.005ms
[7.205s][info][gc,cpu         ] GC(148) User=0.12s Sys=0.00s Real=0.02s
[7.225s][info][gc,start       ] GC(149) Pause Young (Allocation Failure)
[7.245s][info][gc,heap        ] GC(149) PSYoungGen: 32896K(33280K)->16544K(77312K) Eden: 16384K(16384K)->0K(18432K) From: 16512K(16896K)->16544K(58880K)
[7.245s][info][gc,heap        ] GC(149) ParOldGen: 1138457K(1201152K)->1155065K(1201152K)
[7.245s][info][gc,metaspace   ] GC(149) Metaspace: 6302K(6464K)->6302K(6464K) NonClass: 5768K(5824K)->5768K(5824K) Class: 533K(640K)->533K(640K)
[7.246s][info][gc             ] GC(149) Pause Young (Allocation Failure) 1143M->1144M(1248M) 20.364ms
[7.246s][info][gc,cpu         ] GC(149) User=0.12s Sys=0.00s Real=0.02s
[7.267s][info][gc,start       ] GC(150) Pause Young (Allocation Failure)
[7.289s][info][gc,heap        ] GC(150) PSYoungGen: 34976K(77312K)->18624K(79360K) Eden: 18432K(18432K)->0K(18432K) From: 16544K(58880K)->18624K(60928K)
[7.289s][info][gc,heap        ] GC(150) ParOldGen: 1155065K(1201152K)->1171673K(1201152K)
[7.289s][info][gc,metaspace   ] GC(150) Metaspace: 6302K(6464K)->6302K(6464K) NonClass: 5768K(5824K)->5768K(5824K) Class: 533K(640K)->533K(640K)
[7.289s][info][gc             ] GC(150) Pause Young (Allocation Failure) 1162M->1162M(1250M) 21.471ms
[7.289s][info][gc,cpu         ] GC(150) User=0.08s Sys=0.05s Real=0.02s
[7.311s][info][gc,start       ] GC(151) Pause Young (Allocation Failure)
[7.334s][info][gc,heap        ] GC(151) PSYoungGen: 37056K(79360K)->18528K(74240K) Eden: 18432K(18432K)->0K(20992K) From: 18624K(60928K)->18528K(53248K)
[7.334s][info][gc,heap        ] GC(151) ParOldGen: 1171673K(1201152K)->1190369K(1201152K)
[7.334s][info][gc,metaspace   ] GC(151) Metaspace: 6302K(6464K)->6302K(6464K) NonClass: 5768K(5824K)->5768K(5824K) Class: 533K(640K)->533K(640K)
[7.334s][info][gc             ] GC(151) Pause Young (Allocation Failure) 1180M->1180M(1245M) 23.024ms
[7.334s][info][gc,cpu         ] GC(151) User=0.11s Sys=0.02s Real=0.02s
[7.334s][info][gc,start       ] GC(152) Pause Full (Ergonomics)
[7.334s][info][gc,phases,start] GC(152) Marking Phase
[7.604s][info][gc,phases      ] GC(152) Marking Phase 269.122ms
[7.604s][info][gc,phases,start] GC(152) Summary Phase
[7.604s][info][gc,phases      ] GC(152) Summary Phase 0.026ms
[7.604s][info][gc,phases,start] GC(152) Adjust Roots
[7.604s][info][gc,phases      ] GC(152) Adjust Roots 0.166ms
[7.604s][info][gc,phases,start] GC(152) Compaction Phase
[7.710s][info][gc,phases      ] GC(152) Compaction Phase 105.983ms
[7.710s][info][gc,phases,start] GC(152) Post Compact
[7.712s][info][gc,phases      ] GC(152) Post Compact 2.260ms
[7.713s][info][gc,heap        ] GC(152) PSYoungGen: 18528K(74240K)->6136K(76800K) Eden: 0K(20992K)->0K(23552K) From: 18528K(53248K)->6136K(53248K)
[7.713s][info][gc,heap        ] GC(152) ParOldGen: 1190369K(1201152K)->1200949K(1321984K)
[7.713s][info][gc,metaspace   ] GC(152) Metaspace: 6302K(6464K)->6302K(6464K) NonClass: 5768K(5824K)->5768K(5824K) Class: 533K(640K)->533K(640K)
[7.713s][info][gc             ] GC(152) Pause Full (Ergonomics) 1180M->1178M(1366M) 378.450ms
[7.713s][info][gc,cpu         ] GC(152) User=2.84s Sys=0.02s Real=0.38s
[7.743s][info][gc,start       ] GC(153) Pause Young (Allocation Failure)
[7.810s][info][gc,heap        ] GC(153) PSYoungGen: 29688K(76800K)->23712K(47616K) Eden: 23552K(23552K)->0K(23552K) From: 6136K(53248K)->23712K(24064K)
[7.810s][info][gc,heap        ] GC(153) ParOldGen: 1200949K(1321984K)->1207205K(1321984K)
[7.810s][info][gc,metaspace   ] GC(153) Metaspace: 6302K(6464K)->6302K(6464K) NonClass: 5768K(5824K)->5768K(5824K) Class: 533K(640K)->533K(640K)
[7.810s][info][gc             ] GC(153) Pause Young (Allocation Failure) 1201M->1202M(1337M) 66.641ms
[7.810s][info][gc,cpu         ] GC(153) User=0.39s Sys=0.00s Real=0.07s
[7.839s][info][gc,start       ] GC(154) Pause Young (Allocation Failure)
[7.866s][info][gc,heap        ] GC(154) PSYoungGen: 47264K(47616K)->47264K(72704K) Eden: 23552K(23552K)->0K(19968K) From: 23712K(24064K)->47264K(52736K)
[7.866s][info][gc,heap        ] GC(154) ParOldGen: 1207205K(1321984K)->1207205K(1321984K)
[7.866s][info][gc,metaspace   ] GC(154) Metaspace: 6302K(6464K)->6302K(6464K) NonClass: 5768K(5824K)->5768K(5824K) Class: 533K(640K)->533K(640K)
[7.866s][info][gc             ] GC(154) Pause Young (Allocation Failure) 1225M->1225M(1362M) 27.106ms
[7.866s][info][gc,cpu         ] GC(154) User=0.03s Sys=0.00s Real=0.03s
[7.889s][info][gc,start       ] GC(155) Pause Young (Allocation Failure)
[7.925s][info][gc,heap        ] GC(155) PSYoungGen: 67232K(72704K)->58880K(78848K) Eden: 19968K(19968K)->0K(19968K) From: 47264K(52736K)->58880K(58880K)
[7.925s][info][gc,heap        ] GC(155) ParOldGen: 1207205K(1321984K)->1215565K(1321984K)
[7.925s][info][gc,metaspace   ] GC(155) Metaspace: 6302K(6464K)->6302K(6464K) NonClass: 5768K(5824K)->5768K(5824K) Class: 533K(640K)->533K(640K)
[7.925s][info][gc             ] GC(155) Pause Young (Allocation Failure) 1244M->1244M(1368M) 36.350ms
[7.925s][info][gc,cpu         ] GC(155) User=0.17s Sys=0.05s Real=0.04s
[7.950s][info][gc,start       ] GC(156) Pause Young (Allocation Failure)
[7.991s][info][gc,heap        ] GC(156) PSYoungGen: 78848K(78848K)->37664K(91648K) Eden: 19968K(19968K)->0K(22528K) From: 58880K(58880K)->37664K(69120K)
[7.991s][info][gc,heap        ] GC(156) ParOldGen: 1215565K(1321984K)->1257477K(1321984K)
[7.991s][info][gc,metaspace   ] GC(156) Metaspace: 6302K(6464K)->6302K(6464K) NonClass: 5768K(5824K)->5768K(5824K) Class: 533K(640K)->533K(640K)
[7.991s][info][gc             ] GC(156) Pause Young (Allocation Failure) 1264M->1264M(1380M) 41.285ms
[7.991s][info][gc,cpu         ] GC(156) User=0.22s Sys=0.03s Real=0.04s
[8.014s][info][gc,start       ] GC(157) Pause Young (Allocation Failure)
[8.045s][info][gc,heap        ] GC(157) PSYoungGen: 60192K(91648K)->35232K(92160K) Eden: 22528K(22528K)->0K(22528K) From: 37664K(69120K)->35232K(69632K)
[8.045s][info][gc,heap        ] GC(157) ParOldGen: 1257477K(1321984K)->1275221K(1321984K)
[8.045s][info][gc,metaspace   ] GC(157) Metaspace: 6302K(6464K)->6302K(6464K) NonClass: 5768K(5824K)->5768K(5824K) Class: 533K(640K)->533K(640K)
[8.045s][info][gc             ] GC(157) Pause Young (Allocation Failure) 1286M->1279M(1381M) 31.189ms
[8.045s][info][gc,cpu         ] GC(157) User=0.14s Sys=0.00s Real=0.03s
[8.063s][info][gc,start       ] GC(158) Pause Young (Allocation Failure)
[8.090s][info][gc,heap        ] GC(158) PSYoungGen: 57760K(92160K)->26944K(87040K) Eden: 22528K(22528K)->0K(25088K) From: 35232K(69632K)->26944K(61952K)
[8.090s][info][gc,heap        ] GC(158) ParOldGen: 1275221K(1321984K)->1295469K(1321984K)
[8.090s][info][gc,metaspace   ] GC(158) Metaspace: 6302K(6464K)->6302K(6464K) NonClass: 5768K(5824K)->5768K(5824K) Class: 533K(640K)->533K(640K)
[8.090s][info][gc             ] GC(158) Pause Young (Allocation Failure) 1301M->1291M(1376M) 27.494ms
[8.090s][info][gc,cpu         ] GC(158) User=0.11s Sys=0.02s Real=0.03s
[8.090s][info][gc,start       ] GC(159) Pause Full (Ergonomics)
[8.090s][info][gc,phases,start] GC(159) Marking Phase
[8.385s][info][gc,phases      ] GC(159) Marking Phase 295.053ms
[8.385s][info][gc,phases,start] GC(159) Summary Phase
[8.385s][info][gc,phases      ] GC(159) Summary Phase 0.051ms
[8.385s][info][gc,phases,start] GC(159) Adjust Roots
[8.385s][info][gc,phases      ] GC(159) Adjust Roots 0.161ms
[8.385s][info][gc,phases,start] GC(159) Compaction Phase
[8.486s][info][gc,phases      ] GC(159) Compaction Phase 100.158ms
[8.486s][info][gc,phases,start] GC(159) Post Compact
[8.488s][info][gc,phases      ] GC(159) Post Compact 1.985ms
[8.488s][info][gc,heap        ] GC(159) PSYoungGen: 26944K(87040K)->0K(89600K) Eden: 0K(25088K)->0K(25088K) From: 26944K(61952K)->0K(64512K)
[8.488s][info][gc,heap        ] GC(159) ParOldGen: 1295469K(1321984K)->1320775K(1458688K)
[8.488s][info][gc,metaspace   ] GC(159) Metaspace: 6302K(6464K)->6302K(6464K) NonClass: 5768K(5824K)->5768K(5824K) Class: 533K(640K)->533K(640K)
[8.488s][info][gc             ] GC(159) Pause Full (Ergonomics) 1291M->1289M(1512M) 398.268ms
[8.488s][info][gc,cpu         ] GC(159) User=2.97s Sys=0.00s Real=0.40s
[8.520s][info][gc,start       ] GC(160) Pause Young (Allocation Failure)
[8.538s][info][gc,heap        ] GC(160) PSYoungGen: 25088K(89600K)->25120K(86528K) Eden: 25088K(25088K)->0K(27648K) From: 0K(64512K)->25120K(58880K)
[8.538s][info][gc,heap        ] GC(160) ParOldGen: 1320775K(1458688K)->1320775K(1458688K)
[8.538s][info][gc,metaspace   ] GC(160) Metaspace: 6302K(6464K)->6302K(6464K) NonClass: 5768K(5824K)->5768K(5824K) Class: 533K(640K)->533K(640K)
[8.538s][info][gc             ] GC(160) Pause Young (Allocation Failure) 1314M->1314M(1509M) 17.642ms
[8.538s][info][gc,cpu         ] GC(160) User=0.03s Sys=0.00s Real=0.02s
[8.571s][info][gc,start       ] GC(161) Pause Young (Allocation Failure)
[8.600s][info][gc,heap        ] GC(161) PSYoungGen: 52768K(86528K)->52832K(89600K) Eden: 27648K(27648K)->0K(27648K) From: 25120K(58880K)->52832K(61952K)
[8.600s][info][gc,heap        ] GC(161) ParOldGen: 1320775K(1458688K)->1320775K(1458688K)
[8.600s][info][gc,metaspace   ] GC(161) Metaspace: 6302K(6464K)->6302K(6464K) NonClass: 5768K(5824K)->5768K(5824K) Class: 533K(640K)->533K(640K)
[8.600s][info][gc             ] GC(161) Pause Young (Allocation Failure) 1341M->1341M(1512M) 29.928ms
[8.601s][info][gc,cpu         ] GC(161) User=0.14s Sys=0.00s Real=0.03s
[8.637s][info][gc,start       ] GC(162) Pause Young (Allocation Failure)
[8.682s][info][gc,heap        ] GC(162) PSYoungGen: 80480K(89600K)->67072K(83456K) Eden: 27648K(27648K)->0K(16384K) From: 52832K(61952K)->67072K(67072K)
[8.682s][info][gc,heap        ] GC(162) ParOldGen: 1320775K(1458688K)->1334231K(1458688K)
[8.682s][info][gc,metaspace   ] GC(162) Metaspace: 6302K(6464K)->6302K(6464K) NonClass: 5768K(5824K)->5768K(5824K) Class: 533K(640K)->533K(640K)
[8.682s][info][gc             ] GC(162) Pause Young (Allocation Failure) 1368M->1368M(1506M) 44.677ms
[8.682s][info][gc,cpu         ] GC(162) User=0.23s Sys=0.02s Real=0.05s
[8.944s][info][gc,start       ] GC(163) Pause Young (Allocation Failure)
[9.018s][info][gc,heap        ] GC(163) PSYoungGen: 83456K(83456K)->63200K(97792K) Eden: 16384K(16384K)->0K(16384K) From: 67072K(67072K)->63200K(81408K)
[9.018s][info][gc,heap        ] GC(163) ParOldGen: 1399767K(1458688K)->1420431K(1458688K)
[9.018s][info][gc,metaspace   ] GC(163) Metaspace: 6302K(6464K)->6302K(6464K) NonClass: 5768K(5824K)->5768K(5824K) Class: 533K(640K)->533K(640K)
[9.018s][info][gc             ] GC(163) Pause Young (Allocation Failure) 1448M->1448M(1520M) 74.477ms
[9.018s][info][gc,cpu         ] GC(163) User=0.44s Sys=0.00s Real=0.08s
[9.034s][info][gc,start       ] GC(164) Pause Young (Allocation Failure)
[9.073s][info][gc,heap        ] GC(164) PSYoungGen: 79584K(97792K)->79616K(95744K) Eden: 16384K(16384K)->0K(8704K) From: 63200K(81408K)->79616K(87040K)
[9.073s][info][gc,heap        ] GC(164) ParOldGen: 1420431K(1458688K)->1420431K(1458688K)
[9.073s][info][gc,metaspace   ] GC(164) Metaspace: 6302K(6464K)->6302K(6464K) NonClass: 5768K(5824K)->5768K(5824K) Class: 533K(640K)->533K(640K)
[9.073s][info][gc             ] GC(164) Pause Young (Allocation Failure) 1464M->1464M(1518M) 39.264ms
[9.073s][info][gc,cpu         ] GC(164) User=0.06s Sys=0.00s Real=0.04s
[9.082s][info][gc,start       ] GC(165) Pause Young (Allocation Failure)
[9.124s][info][gc,heap        ] GC(165) PSYoungGen: 88320K(95744K)->65184K(105472K) Eden: 8704K(8704K)->0K(8704K) From: 79616K(87040K)->65184K(96768K)
[9.124s][info][gc,heap        ] GC(165) ParOldGen: 1420431K(1458688K)->1443799K(1458688K)
[9.124s][info][gc,metaspace   ] GC(165) Metaspace: 6302K(6464K)->6302K(6464K) NonClass: 5768K(5824K)->5768K(5824K) Class: 533K(640K)->533K(640K)
[9.124s][info][gc             ] GC(165) Pause Young (Allocation Failure) 1473M->1473M(1527M) 42.132ms
[9.124s][info][gc,cpu         ] GC(165) User=0.17s Sys=0.00s Real=0.04s
[9.124s][info][gc,start       ] GC(166) Pause Full (Ergonomics)
[9.124s][info][gc,phases,start] GC(166) Marking Phase
[9.445s][info][gc,phases      ] GC(166) Marking Phase 321.028ms
[9.445s][info][gc,phases,start] GC(166) Summary Phase
[9.445s][info][gc,phases      ] GC(166) Summary Phase 0.028ms
[9.445s][info][gc,phases,start] GC(166) Adjust Roots
[9.445s][info][gc,phases      ] GC(166) Adjust Roots 0.228ms
[9.445s][info][gc,phases,start] GC(166) Compaction Phase
[9.786s][info][gc,phases      ] GC(166) Compaction Phase 340.510ms
[9.786s][info][gc,phases,start] GC(166) Post Compact
[9.789s][info][gc,phases      ] GC(166) Post Compact 3.061ms
[9.789s][info][gc,heap        ] GC(166) PSYoungGen: 65184K(105472K)->16886K(105472K) Eden: 0K(8704K)->0K(8704K) From: 65184K(96768K)->16886K(96768K)
[9.789s][info][gc,heap        ] GC(166) ParOldGen: 1443799K(1458688K)->1458247K(1605120K)
[9.789s][info][gc,metaspace   ] GC(166) Metaspace: 6302K(6464K)->6302K(6464K) NonClass: 5768K(5824K)->5768K(5824K) Class: 533K(640K)->533K(640K)
[9.789s][info][gc             ] GC(166) Pause Full (Ergonomics) 1473M->1440M(1670M) 665.678ms
[9.789s][info][gc,cpu         ] GC(166) User=4.58s Sys=0.03s Real=0.67s
[9.800s][info][gc,start       ] GC(167) Pause Young (Allocation Failure)
[9.873s][info][gc,heap        ] GC(167) PSYoungGen: 25590K(105472K)->20160K(106496K) Eden: 8704K(8704K)->0K(9728K) From: 16886K(96768K)->20160K(96768K)
[9.873s][info][gc,heap        ] GC(167) ParOldGen: 1458247K(1605120K)->1463959K(1605120K)
[9.873s][info][gc,metaspace   ] GC(167) Metaspace: 6302K(6464K)->6302K(6464K) NonClass: 5768K(5824K)->5768K(5824K) Class: 533K(640K)->533K(640K)
[9.873s][info][gc             ] GC(167) Pause Young (Allocation Failure) 1449M->1449M(1671M) 73.518ms
[9.873s][info][gc,cpu         ] GC(167) User=0.42s Sys=0.00s Real=0.07s
[9.882s][info][gc,start       ] GC(168) Pause Young (Allocation Failure)
[9.909s][info][gc,heap        ] GC(168) PSYoungGen: 29888K(106496K)->29824K(39936K) Eden: 9728K(9728K)->0K(9728K) From: 20160K(96768K)->29824K(30208K)
[9.909s][info][gc,heap        ] GC(168) ParOldGen: 1463959K(1605120K)->1463959K(1605120K)
[9.909s][info][gc,metaspace   ] GC(168) Metaspace: 6302K(6464K)->6302K(6464K) NonClass: 5768K(5824K)->5768K(5824K) Class: 533K(640K)->533K(640K)
[9.909s][info][gc             ] GC(168) Pause Young (Allocation Failure) 1458M->1458M(1606M) 27.040ms
[9.909s][info][gc,cpu         ] GC(168) User=0.05s Sys=0.00s Real=0.03s
[9.919s][info][gc,start       ] GC(169) Pause Young (Allocation Failure)
[9.946s][info][gc,heap        ] GC(169) PSYoungGen: 39552K(39936K)->36896K(98304K) Eden: 9728K(9728K)->0K(11264K) From: 29824K(30208K)->36896K(87040K)
[9.947s][info][gc,heap        ] GC(169) ParOldGen: 1463959K(1605120K)->1466727K(1605120K)
[9.947s][info][gc,metaspace   ] GC(169) Metaspace: 6302K(6464K)->6302K(6464K) NonClass: 5768K(5824K)->5768K(5824K) Class: 533K(640K)->533K(640K)
[9.947s][info][gc             ] GC(169) Pause Young (Allocation Failure) 1468M->1468M(1663M) 28.058ms
[9.947s][info][gc,cpu         ] GC(169) User=0.02s Sys=0.00s Real=0.03s
[9.957s][info][gc,start       ] GC(170) Pause Young (Allocation Failure)
[9.986s][info][gc,heap        ] GC(170) PSYoungGen: 48160K(98304K)->39520K(51200K) Eden: 11264K(11264K)->0K(11264K) From: 36896K(87040K)->39520K(39936K)
[9.986s][info][gc,heap        ] GC(170) ParOldGen: 1466727K(1605120K)->1475423K(1605120K)
[9.986s][info][gc,metaspace   ] GC(170) Metaspace: 6302K(6464K)->6302K(6464K) NonClass: 5768K(5824K)->5768K(5824K) Class: 533K(640K)->533K(640K)
[9.986s][info][gc             ] GC(170) Pause Young (Allocation Failure) 1479M->1479M(1617M) 29.320ms
[9.986s][info][gc,cpu         ] GC(170) User=0.05s Sys=0.00s Real=0.03s
[9.997s][info][gc,start       ] GC(171) Pause Young (Allocation Failure)
[10.027s][info][gc,heap        ] GC(171) PSYoungGen: 50784K(51200K)->32352K(93696K) Eden: 11264K(11264K)->0K(13312K) From: 39520K(39936K)->32352K(80384K)
[10.027s][info][gc,heap        ] GC(171) ParOldGen: 1475423K(1605120K)->1494055K(1605120K)
[10.027s][info][gc,metaspace   ] GC(171) Metaspace: 6302K(6464K)->6302K(6464K) NonClass: 5768K(5824K)->5768K(5824K) Class: 533K(640K)->533K(640K)
[10.027s][info][gc             ] GC(171) Pause Young (Allocation Failure) 1490M->1490M(1659M) 30.546ms
[10.027s][info][gc,cpu         ] GC(171) User=0.05s Sys=0.00s Real=0.03s
[10.041s][info][gc,start       ] GC(172) Pause Young (Allocation Failure)
[10.070s][info][gc,heap        ] GC(172) PSYoungGen: 45664K(93696K)->24704K(96768K) Eden: 13312K(13312K)->0K(13312K) From: 32352K(80384K)->24704K(83456K)
[10.070s][info][gc,heap        ] GC(172) ParOldGen: 1494055K(1605120K)->1515287K(1605120K)
[10.070s][info][gc,metaspace   ] GC(172) Metaspace: 6302K(6464K)->6302K(6464K) NonClass: 5768K(5824K)->5768K(5824K) Class: 533K(640K)->533K(640K)
[10.071s][info][gc             ] GC(172) Pause Young (Allocation Failure) 1503M->1503M(1662M) 29.613ms
[10.071s][info][gc,cpu         ] GC(172) User=0.05s Sys=0.00s Real=0.03s
[10.084s][info][gc,start       ] GC(173) Pause Young (Allocation Failure)
[10.112s][info][gc,heap        ] GC(173) PSYoungGen: 38016K(96768K)->13408K(97280K) Eden: 13312K(13312K)->0K(15360K) From: 24704K(83456K)->13408K(81920K)
[10.112s][info][gc,heap        ] GC(173) ParOldGen: 1515287K(1605120K)->1540167K(1605120K)
[10.112s][info][gc,metaspace   ] GC(173) Metaspace: 6302K(6464K)->6302K(6464K) NonClass: 5768K(5824K)->5768K(5824K) Class: 533K(640K)->533K(640K)
[10.112s][info][gc             ] GC(173) Pause Young (Allocation Failure) 1516M->1517M(1662M) 27.449ms
[10.112s][info][gc,cpu         ] GC(173) User=0.05s Sys=0.00s Real=0.03s
[10.127s][info][gc,start       ] GC(174) Pause Young (Allocation Failure)
[10.152s][info][gc,heap        ] GC(174) PSYoungGen: 28768K(97280K)->15520K(97280K) Eden: 15360K(15360K)->0K(15360K) From: 13408K(81920K)->15520K(81920K)
[10.152s][info][gc,heap        ] GC(174) ParOldGen: 1540167K(1605120K)->1553679K(1605120K)
[10.152s][info][gc,metaspace   ] GC(174) Metaspace: 6302K(6464K)->6302K(6464K) NonClass: 5768K(5824K)->5768K(5824K) Class: 533K(640K)->533K(640K)
[10.152s][info][gc             ] GC(174) Pause Young (Allocation Failure) 1532M->1532M(1662M) 24.731ms
[10.152s][info][gc,cpu         ] GC(174) User=0.03s Sys=0.00s Real=0.03s
[10.169s][info][gc,start       ] GC(175) Pause Young (Allocation Failure)
[10.196s][info][gc,heap        ] GC(175) PSYoungGen: 30880K(97280K)->15488K(95232K) Eden: 15360K(15360K)->0K(17408K) From: 15520K(81920K)->15488K(77824K)
[10.196s][info][gc,heap        ] GC(175) ParOldGen: 1553679K(1605120K)->1569247K(1605120K)
[10.196s][info][gc,metaspace   ] GC(175) Metaspace: 6302K(6464K)->6302K(6464K) NonClass: 5768K(5824K)->5768K(5824K) Class: 533K(640K)->533K(640K)
[10.196s][info][gc             ] GC(175) Pause Young (Allocation Failure) 1547M->1547M(1660M) 27.222ms
[10.196s][info][gc,cpu         ] GC(175) User=0.02s Sys=0.00s Real=0.03s
[10.214s][info][gc,start       ] GC(176) Pause Young (Allocation Failure)
[10.241s][info][gc,heap        ] GC(176) PSYoungGen: 32896K(95232K)->17568K(96768K) Eden: 17408K(17408K)->0K(17408K) From: 15488K(77824K)->17568K(79360K)
[10.241s][info][gc,heap        ] GC(176) ParOldGen: 1569247K(1605120K)->1584807K(1605120K)
[10.241s][info][gc,metaspace   ] GC(176) Metaspace: 6302K(6464K)->6302K(6464K) NonClass: 5768K(5824K)->5768K(5824K) Class: 533K(640K)->533K(640K)
[10.241s][info][gc             ] GC(176) Pause Young (Allocation Failure) 1564M->1564M(1662M) 27.452ms
[10.241s][info][gc,cpu         ] GC(176) User=0.02s Sys=0.00s Real=0.03s
[10.241s][info][gc,start       ] GC(177) Pause Full (Ergonomics)
[10.241s][info][gc,phases,start] GC(177) Marking Phase
[10.591s][info][gc,phases      ] GC(177) Marking Phase 349.375ms
[10.591s][info][gc,phases,start] GC(177) Summary Phase
[10.591s][info][gc,phases      ] GC(177) Summary Phase 0.063ms
[10.591s][info][gc,phases,start] GC(177) Adjust Roots
[10.591s][info][gc,phases      ] GC(177) Adjust Roots 0.253ms
[10.591s][info][gc,phases,start] GC(177) Compaction Phase
[10.748s][info][gc,phases      ] GC(177) Compaction Phase 157.441ms
[10.748s][info][gc,phases,start] GC(177) Post Compact
[10.751s][info][gc,phases      ] GC(177) Post Compact 2.837ms
[10.752s][info][gc,heap        ] GC(177) PSYoungGen: 17568K(96768K)->0K(97280K) Eden: 0K(17408K)->0K(19968K) From: 17568K(79360K)->0K(77312K)
[10.752s][info][gc,heap        ] GC(177) ParOldGen: 1584807K(1605120K)->1600267K(1757696K)
[10.752s][info][gc,metaspace   ] GC(177) Metaspace: 6302K(6464K)->6302K(6464K) NonClass: 5768K(5824K)->5768K(5824K) Class: 533K(640K)->533K(640K)
[10.752s][info][gc             ] GC(177) Pause Full (Ergonomics) 1564M->1562M(1811M) 510.999ms
[10.752s][info][gc,cpu         ] GC(177) User=3.64s Sys=0.00s Real=0.51s
[10.775s][info][gc,start       ] GC(178) Pause Young (Allocation Failure)
[10.798s][info][gc,heap        ] GC(178) PSYoungGen: 19968K(97280K)->20128K(40448K) Eden: 19968K(19968K)->0K(19968K) From: 0K(77312K)->20128K(20480K)
[10.798s][info][gc,heap        ] GC(178) ParOldGen: 1600267K(1757696K)->1600267K(1757696K)
[10.798s][info][gc,metaspace   ] GC(178) Metaspace: 6302K(6464K)->6302K(6464K) NonClass: 5768K(5824K)->5768K(5824K) Class: 533K(640K)->533K(640K)
[10.798s][info][gc             ] GC(178) Pause Young (Allocation Failure) 1582M->1582M(1756M) 23.172ms
[10.798s][info][gc,cpu         ] GC(178) User=0.05s Sys=0.00s Real=0.02s
[10.817s][info][gc,start       ] GC(179) Pause Young (Allocation Failure)
[10.846s][info][gc,heap        ] GC(179) PSYoungGen: 40096K(40448K)->20128K(92160K) Eden: 19968K(19968K)->0K(22528K) From: 20128K(20480K)->20128K(69632K)
[10.846s][info][gc,heap        ] GC(179) ParOldGen: 1600267K(1757696K)->1620523K(1757696K)
[10.846s][info][gc,metaspace   ] GC(179) Metaspace: 6302K(6464K)->6302K(6464K) NonClass: 5768K(5824K)->5768K(5824K) Class: 533K(640K)->533K(640K)
[10.846s][info][gc             ] GC(179) Pause Young (Allocation Failure) 1601M->1602M(1806M) 28.772ms
[10.846s][info][gc,cpu         ] GC(179) User=0.03s Sys=0.00s Real=0.03s
[10.870s][info][gc,start       ] GC(180) Pause Young (Allocation Failure)
[10.899s][info][gc,heap        ] GC(180) PSYoungGen: 42656K(92160K)->22688K(45568K) Eden: 22528K(22528K)->0K(22528K) From: 20128K(69632K)->22688K(23040K)
[10.900s][info][gc,heap        ] GC(180) ParOldGen: 1620523K(1757696K)->1640755K(1757696K)
[10.900s][info][gc,metaspace   ] GC(180) Metaspace: 6302K(6464K)->6302K(6464K) NonClass: 5768K(5824K)->5768K(5824K) Class: 533K(640K)->533K(640K)
[10.900s][info][gc             ] GC(180) Pause Young (Allocation Failure) 1624M->1624M(1761M) 29.706ms
[10.900s][info][gc,cpu         ] GC(180) User=0.19s Sys=0.06s Real=0.03s
[10.923s][info][gc,start       ] GC(181) Pause Young (Allocation Failure)
[10.953s][info][gc,heap        ] GC(181) PSYoungGen: 45216K(45568K)->22688K(87552K) Eden: 22528K(22528K)->0K(25088K) From: 22688K(23040K)->22688K(62464K)
[10.953s][info][gc,heap        ] GC(181) ParOldGen: 1640755K(1757696K)->1663579K(1757696K)
[10.953s][info][gc,metaspace   ] GC(181) Metaspace: 6302K(6464K)->6302K(6464K) NonClass: 5768K(5824K)->5768K(5824K) Class: 533K(640K)->533K(640K)
[10.953s][info][gc             ] GC(181) Pause Young (Allocation Failure) 1646M->1646M(1802M) 29.718ms
[10.953s][info][gc,cpu         ] GC(181) User=0.03s Sys=0.00s Real=0.03s
[10.978s][info][gc,start       ] GC(182) Pause Young (Allocation Failure)
[11.009s][info][gc,heap        ] GC(182) PSYoungGen: 47776K(87552K)->25248K(50688K) Eden: 25088K(25088K)->0K(25088K) From: 22688K(62464K)->25248K(25600K)
[11.009s][info][gc,heap        ] GC(182) ParOldGen: 1663579K(1757696K)->1686411K(1757696K)
[11.009s][info][gc,metaspace   ] GC(182) Metaspace: 6302K(6464K)->6302K(6464K) NonClass: 5768K(5824K)->5768K(5824K) Class: 533K(640K)->533K(640K)
[11.009s][info][gc             ] GC(182) Pause Young (Allocation Failure) 1671M->1671M(1766M) 30.523ms
[11.009s][info][gc,cpu         ] GC(182) User=0.05s Sys=0.00s Real=0.03s
[11.034s][info][gc,start       ] GC(183) Pause Young (Allocation Failure)
[11.066s][info][gc,heap        ] GC(183) PSYoungGen: 50336K(50688K)->25248K(83968K) Eden: 25088K(25088K)->0K(28160K) From: 25248K(25600K)->25248K(55808K)
[11.066s][info][gc,heap        ] GC(183) ParOldGen: 1686411K(1757696K)->1711843K(1757696K)
[11.066s][info][gc,metaspace   ] GC(183) Metaspace: 6302K(6464K)->6302K(6464K) NonClass: 5768K(5824K)->5768K(5824K) Class: 533K(640K)->533K(640K)
[11.066s][info][gc             ] GC(183) Pause Young (Allocation Failure) 1696M->1696M(1798M) 31.705ms
[11.066s][info][gc,cpu         ] GC(183) User=0.05s Sys=0.00s Real=0.03s
[11.098s][info][gc,start       ] GC(184) Pause Young (Allocation Failure)
[11.132s][info][gc,heap        ] GC(184) PSYoungGen: 53408K(83968K)->28352K(87040K) Eden: 28160K(28160K)->0K(28160K) From: 25248K(55808K)->28352K(58880K)
[11.132s][info][gc,heap        ] GC(184) ParOldGen: 1711843K(1757696K)->1737275K(1757696K)
[11.132s][info][gc,metaspace   ] GC(184) Metaspace: 6302K(6464K)->6302K(6464K) NonClass: 5768K(5824K)->5768K(5824K) Class: 533K(640K)->533K(640K)
[11.132s][info][gc             ] GC(184) Pause Young (Allocation Failure) 1723M->1724M(1801M) 33.952ms
[11.132s][info][gc,cpu         ] GC(184) User=0.16s Sys=0.00s Real=0.03s
[11.132s][info][gc,start       ] GC(185) Pause Full (Ergonomics)
[11.132s][info][gc,phases,start] GC(185) Marking Phase
[11.522s][info][gc,phases      ] GC(185) Marking Phase 389.105ms
[11.522s][info][gc,phases,start] GC(185) Summary Phase
[11.522s][info][gc,phases      ] GC(185) Summary Phase 0.030ms
[11.522s][info][gc,phases,start] GC(185) Adjust Roots
[11.522s][info][gc,phases      ] GC(185) Adjust Roots 0.188ms
[11.522s][info][gc,phases,start] GC(185) Compaction Phase
[11.688s][info][gc,phases      ] GC(185) Compaction Phase 165.765ms
[11.688s][info][gc,phases,start] GC(185) Post Compact
[11.691s][info][gc,phases      ] GC(185) Post Compact 3.155ms
[11.692s][info][gc,heap        ] GC(185) PSYoungGen: 28352K(87040K)->6160K(87040K) Eden: 0K(28160K)->0K(28160K) From: 28352K(58880K)->6160K(58880K)
[11.692s][info][gc,heap        ] GC(185) ParOldGen: 1737275K(1757696K)->1757211K(1935360K)
[11.692s][info][gc,metaspace   ] GC(185) Metaspace: 6302K(6464K)->6302K(6464K) NonClass: 5768K(5824K)->5768K(5824K) Class: 533K(640K)->533K(640K)
[11.692s][info][gc             ] GC(185) Pause Full (Ergonomics) 1724M->1722M(1975M) 559.334ms
[11.692s][info][gc,cpu         ] GC(185) User=4.02s Sys=0.02s Real=0.56s
[11.724s][info][gc,start       ] GC(186) Pause Young (Allocation Failure)
[11.813s][info][gc,heap        ] GC(186) PSYoungGen: 34320K(87040K)->28352K(81408K) Eden: 28160K(28160K)->0K(30720K) From: 6160K(58880K)->28352K(50688K)
[11.813s][info][gc,heap        ] GC(186) ParOldGen: 1757211K(1935360K)->1763475K(1935360K)
[11.813s][info][gc,metaspace   ] GC(186) Metaspace: 6302K(6464K)->6302K(6464K) NonClass: 5768K(5824K)->5768K(5824K) Class: 533K(640K)->533K(640K)
[11.813s][info][gc             ] GC(186) Pause Young (Allocation Failure) 1749M->1749M(1969M) 89.720ms
[11.813s][info][gc,cpu         ] GC(186) User=0.62s Sys=0.02s Real=0.09s
[11.846s][info][gc,start       ] GC(187) Pause Young (Allocation Failure)
[11.883s][info][gc,heap        ] GC(187) PSYoungGen: 59072K(81408K)->53760K(84480K) Eden: 30720K(30720K)->0K(30720K) From: 28352K(50688K)->53760K(53760K)
[11.883s][info][gc,heap        ] GC(187) ParOldGen: 1763475K(1935360K)->1768755K(1935360K)
[11.883s][info][gc,metaspace   ] GC(187) Metaspace: 6302K(6464K)->6302K(6464K) NonClass: 5768K(5824K)->5768K(5824K) Class: 533K(640K)->533K(640K)
[11.883s][info][gc             ] GC(187) Pause Young (Allocation Failure) 1779M->1779M(1972M) 36.909ms
[11.883s][info][gc,cpu         ] GC(187) User=0.14s Sys=0.00s Real=0.04s
[11.915s][info][gc,start       ] GC(188) Pause Young (Allocation Failure)
[11.961s][info][gc,heap        ] GC(188) PSYoungGen: 84480K(84480K)->30880K(90624K) Eden: 30720K(30720K)->0K(33792K) From: 53760K(53760K)->30880K(56832K)
[11.961s][info][gc,heap        ] GC(188) ParOldGen: 1768755K(1935360K)->1823179K(1935360K)
[11.961s][info][gc,metaspace   ] GC(188) Metaspace: 6302K(6464K)->6302K(6464K) NonClass: 5768K(5824K)->5768K(5824K) Class: 533K(640K)->533K(640K)
[11.961s][info][gc             ] GC(188) Pause Young (Allocation Failure) 1809M->1810M(1978M) 45.741ms
[11.961s][info][gc,cpu         ] GC(188) User=0.27s Sys=0.00s Real=0.05s
[11.999s][info][gc,start       ] GC(189) Pause Young (Allocation Failure)
[12.036s][info][gc,heap        ] GC(189) PSYoungGen: 64672K(90624K)->59904K(93696K) Eden: 33792K(33792K)->0K(33792K) From: 30880K(56832K)->59904K(59904K)
[12.036s][info][gc,heap        ] GC(189) ParOldGen: 1823179K(1935360K)->1827939K(1935360K)
[12.036s][info][gc,metaspace   ] GC(189) Metaspace: 6302K(6464K)->6302K(6464K) NonClass: 5768K(5824K)->5768K(5824K) Class: 533K(640K)->533K(640K)
[12.036s][info][gc             ] GC(189) Pause Young (Allocation Failure) 1843M->1843M(1981M) 37.501ms
[12.036s][info][gc,cpu         ] GC(189) User=0.16s Sys=0.00s Real=0.04s
[12.078s][info][gc,start       ] GC(190) Pause Young (Allocation Failure)
[12.128s][info][gc,heap        ] GC(190) PSYoungGen: 93696K(93696K)->33952K(100864K) Eden: 33792K(33792K)->0K(37888K) From: 59904K(59904K)->33952K(62976K)
[12.128s][info][gc,heap        ] GC(190) ParOldGen: 1827939K(1935360K)->1888563K(1935360K)
[12.128s][info][gc,metaspace   ] GC(190) Metaspace: 6302K(6464K)->6302K(6464K) NonClass: 5768K(5824K)->5768K(5824K) Class: 533K(640K)->533K(640K)
[12.128s][info][gc             ] GC(190) Pause Young (Allocation Failure) 1876M->1877M(1988M) 50.451ms
[12.128s][info][gc,cpu         ] GC(190) User=0.34s Sys=0.03s Real=0.05s
[12.128s][info][gc,start       ] GC(191) Pause Full (Ergonomics)
[12.128s][info][gc,phases,start] GC(191) Marking Phase
[12.555s][info][gc,phases      ] GC(191) Marking Phase 427.185ms
[12.555s][info][gc,phases,start] GC(191) Summary Phase
[12.555s][info][gc,phases      ] GC(191) Summary Phase 0.041ms
[12.555s][info][gc,phases,start] GC(191) Adjust Roots
[12.556s][info][gc,phases      ] GC(191) Adjust Roots 0.166ms
[12.556s][info][gc,phases,start] GC(191) Compaction Phase
[12.727s][info][gc,phases      ] GC(191) Compaction Phase 170.948ms
[12.727s][info][gc,phases,start] GC(191) Post Compact
[12.730s][info][gc,phases      ] GC(191) Post Compact 3.503ms
[12.731s][info][gc,heap        ] GC(191) PSYoungGen: 33952K(100864K)->0K(103936K) Eden: 0K(37888K)->0K(37888K) From: 33952K(62976K)->0K(66048K)
[12.731s][info][gc,heap        ] GC(191) ParOldGen: 1888563K(1935360K)->1920392K(2138624K)
[12.731s][info][gc,metaspace   ] GC(191) Metaspace: 6302K(6464K)->6302K(6464K) NonClass: 5768K(5824K)->5768K(5824K) Class: 533K(640K)->533K(640K)
[12.731s][info][gc             ] GC(191) Pause Full (Ergonomics) 1877M->1875M(2190M) 602.866ms
[12.731s][info][gc,cpu         ] GC(191) User=4.47s Sys=0.00s Real=0.60s
[12.775s][info][gc,start       ] GC(192) Pause Young (Allocation Failure)
[12.804s][info][gc,heap        ] GC(192) PSYoungGen: 37888K(103936K)->38080K(103936K) Eden: 37888K(37888K)->0K(41472K) From: 0K(66048K)->38080K(62464K)
[12.804s][info][gc,heap        ] GC(192) ParOldGen: 1920392K(2138624K)->1920392K(2138624K)
[12.804s][info][gc,metaspace   ] GC(192) Metaspace: 6302K(6464K)->6302K(6464K) NonClass: 5768K(5824K)->5768K(5824K) Class: 533K(640K)->533K(640K)
[12.804s][info][gc             ] GC(192) Pause Young (Allocation Failure) 1912M->1912M(2190M) 28.657ms
[12.804s][info][gc,cpu         ] GC(192) User=0.05s Sys=0.00s Real=0.03s
[12.853s][info][gc,start       ] GC(193) Pause Young (Allocation Failure)
[12.896s][info][gc,heap        ] GC(193) PSYoungGen: 79552K(103936K)->64512K(105984K) Eden: 41472K(41472K)->0K(41472K) From: 38080K(62464K)->64512K(64512K)
[12.896s][info][gc,heap        ] GC(193) ParOldGen: 1920392K(2138624K)->1935544K(2138624K)
[12.896s][info][gc,metaspace   ] GC(193) Metaspace: 6302K(6464K)->6302K(6464K) NonClass: 5768K(5824K)->5768K(5824K) Class: 533K(640K)->533K(640K)
[12.896s][info][gc             ] GC(193) Pause Young (Allocation Failure) 1953M->1953M(2192M) 42.837ms
[12.896s][info][gc,cpu         ] GC(193) User=0.27s Sys=0.00s Real=0.04s
[12.949s][info][gc,start       ] GC(194) Pause Young (Allocation Failure)
[13.007s][info][gc,heap        ] GC(194) PSYoungGen: 105984K(105984K)->41632K(118272K) Eden: 41472K(41472K)->0K(45568K) From: 64512K(64512K)->41632K(72704K)
[13.007s][info][gc,heap        ] GC(194) ParOldGen: 1935544K(2138624K)->2000872K(2138624K)
[13.007s][info][gc,metaspace   ] GC(194) Metaspace: 6302K(6464K)->6302K(6464K) NonClass: 5768K(5824K)->5768K(5824K) Class: 533K(640K)->533K(640K)
[13.007s][info][gc             ] GC(194) Pause Young (Allocation Failure) 1993M->1994M(2204M) 58.471ms
[13.007s][info][gc,cpu         ] GC(194) User=0.33s Sys=0.05s Real=0.06s
[13.057s][info][gc,start       ] GC(195) Pause Young (Allocation Failure)
[13.104s][info][gc,heap        ] GC(195) PSYoungGen: 87200K(118272K)->75264K(120832K) Eden: 45568K(45568K)->0K(45568K) From: 41632K(72704K)->75264K(75264K)
[13.104s][info][gc,heap        ] GC(195) ParOldGen: 2000872K(2138624K)->2012928K(2138624K)
[13.104s][info][gc,metaspace   ] GC(195) Metaspace: 6302K(6464K)->6302K(6464K) NonClass: 5768K(5824K)->5768K(5824K) Class: 533K(640K)->533K(640K)
[13.104s][info][gc             ] GC(195) Pause Young (Allocation Failure) 2039M->2039M(2206M) 46.665ms
[13.104s][info][gc,cpu         ] GC(195) User=0.34s Sys=0.00s Real=0.05s
[13.155s][info][gc,start       ] GC(196) Pause Young (Allocation Failure)
[13.222s][info][gc,heap        ] GC(196) PSYoungGen: 120832K(120832K)->45728K(131584K) Eden: 45568K(45568K)->0K(50176K) From: 75264K(75264K)->45728K(81408K)
[13.222s][info][gc,heap        ] GC(196) ParOldGen: 2012928K(2138624K)->2089136K(2138624K)
[13.222s][info][gc,metaspace   ] GC(196) Metaspace: 6302K(6464K)->6302K(6464K) NonClass: 5768K(5824K)->5768K(5824K) Class: 533K(640K)->533K(640K)
[13.222s][info][gc             ] GC(196) Pause Young (Allocation Failure) 2083M->2084M(2217M) 66.901ms
[13.222s][info][gc,cpu         ] GC(196) User=0.45s Sys=0.05s Real=0.07s
[13.222s][info][gc,start       ] GC(197) Pause Full (Ergonomics)
[13.222s][info][gc,phases,start] GC(197) Marking Phase
[13.711s][info][gc,phases      ] GC(197) Marking Phase 488.494ms
[13.711s][info][gc,phases,start] GC(197) Summary Phase
[13.711s][info][gc,phases      ] GC(197) Summary Phase 0.047ms
[13.711s][info][gc,phases,start] GC(197) Adjust Roots
[13.711s][info][gc,phases      ] GC(197) Adjust Roots 0.162ms
[13.711s][info][gc,phases,start] GC(197) Compaction Phase
[13.912s][info][gc,phases      ] GC(197) Compaction Phase 200.688ms
[13.912s][info][gc,phases,start] GC(197) Post Compact
[13.916s][info][gc,phases      ] GC(197) Post Compact 3.934ms
[13.917s][info][gc,heap        ] GC(197) PSYoungGen: 45728K(131584K)->0K(135680K) Eden: 0K(50176K)->0K(50176K) From: 45728K(81408K)->0K(85504K)
[13.917s][info][gc,heap        ] GC(197) ParOldGen: 2089136K(2138624K)->2132203K(2388992K)
[13.917s][info][gc,metaspace   ] GC(197) Metaspace: 6302K(6464K)->6302K(6464K) NonClass: 5768K(5824K)->5768K(5824K) Class: 533K(640K)->533K(640K)
[13.917s][info][gc             ] GC(197) Pause Full (Ergonomics) 2084M->2082M(2465M) 694.506ms
[13.917s][info][gc,cpu         ] GC(197) User=5.19s Sys=0.02s Real=0.69s
[13.974s][info][gc,start       ] GC(198) Pause Young (Allocation Failure)
[14.007s][info][gc,heap        ] GC(198) PSYoungGen: 50176K(135680K)->50432K(135680K) Eden: 50176K(50176K)->0K(54272K) From: 0K(85504K)->50432K(81408K)
[14.007s][info][gc,heap        ] GC(198) ParOldGen: 2132203K(2388992K)->2132203K(2388992K)
[14.007s][info][gc,metaspace   ] GC(198) Metaspace: 6302K(6464K)->6302K(6464K) NonClass: 5768K(5824K)->5768K(5824K) Class: 533K(640K)->533K(640K)
[14.007s][info][gc             ] GC(198) Pause Young (Allocation Failure) 2131M->2131M(2465M) 33.175ms
[14.007s][info][gc,cpu         ] GC(198) User=0.16s Sys=0.00s Real=0.03s
[14.078s][info][gc,start       ] GC(199) Pause Young (Allocation Failure)
[14.134s][info][gc,heap        ] GC(199) PSYoungGen: 104704K(135680K)->83968K(138240K) Eden: 54272K(54272K)->0K(54272K) From: 50432K(81408K)->83968K(83968K)
[14.134s][info][gc,heap        ] GC(199) ParOldGen: 2132203K(2388992K)->2153099K(2388992K)
[14.134s][info][gc,metaspace   ] GC(199) Metaspace: 6302K(6464K)->6302K(6464K) NonClass: 5768K(5824K)->5768K(5824K) Class: 533K(640K)->533K(640K)
[14.134s][info][gc             ] GC(199) Pause Young (Allocation Failure) 2184M->2184M(2468M) 56.203ms
[14.134s][info][gc,cpu         ] GC(199) User=0.34s Sys=0.03s Real=0.06s
[14.201s][info][gc,start       ] GC(200) Pause Young (Allocation Failure)
[14.277s][info][gc,heap        ] GC(200) PSYoungGen: 138240K(138240K)->100544K(147456K) Eden: 54272K(54272K)->0K(45568K) From: 83968K(83968K)->100544K(101888K)
[14.277s][info][gc,heap        ] GC(200) ParOldGen: 2153099K(2388992K)->2191523K(2388992K)
[14.277s][info][gc,metaspace   ] GC(200) Metaspace: 6302K(6464K)->6302K(6464K) NonClass: 5768K(5824K)->5768K(5824K) Class: 533K(640K)->533K(640K)
[14.277s][info][gc             ] GC(200) Pause Young (Allocation Failure) 2237M->2238M(2477M) 75.958ms
[14.277s][info][gc,cpu         ] GC(200) User=0.44s Sys=0.06s Real=0.08s
[14.333s][info][gc,start       ] GC(201) Pause Young (Allocation Failure)
[14.405s][info][gc,heap        ] GC(201) PSYoungGen: 146112K(147456K)->115200K(160768K) Eden: 45568K(45568K)->0K(45568K) From: 100544K(101888K)->115200K(115200K)
[14.405s][info][gc,heap        ] GC(201) ParOldGen: 2191523K(2388992K)->2222667K(2388992K)
[14.405s][info][gc,metaspace   ] GC(201) Metaspace: 6302K(6464K)->6302K(6464K) NonClass: 5768K(5824K)->5768K(5824K) Class: 533K(640K)->533K(640K)
[14.405s][info][gc             ] GC(201) Pause Young (Allocation Failure) 2282M->2283M(2490M) 71.950ms
[14.405s][info][gc,cpu         ] GC(201) User=0.47s Sys=0.03s Real=0.07s
[14.458s][info][gc,start       ] GC(202) Pause Young (Allocation Failure)
[14.543s][info][gc,heap        ] GC(202) PSYoungGen: 160768K(160768K)->79168K(187904K) Eden: 45568K(45568K)->0K(50176K) From: 115200K(115200K)->79168K(137728K)
[14.543s][info][gc,heap        ] GC(202) ParOldGen: 2222667K(2388992K)->2305267K(2388992K)
[14.543s][info][gc,metaspace   ] GC(202) Metaspace: 6302K(6464K)->6302K(6464K) NonClass: 5768K(5824K)->5768K(5824K) Class: 533K(640K)->533K(640K)
[14.543s][info][gc             ] GC(202) Pause Young (Allocation Failure) 2327M->2328M(2516M) 84.486ms
[14.543s][info][gc,cpu         ] GC(202) User=0.58s Sys=0.06s Real=0.08s
[14.543s][info][gc,start       ] GC(203) Pause Full (Ergonomics)
[14.543s][info][gc,phases,start] GC(203) Marking Phase
[15.074s][info][gc,phases      ] GC(203) Marking Phase 531.434ms
[15.074s][info][gc,phases,start] GC(203) Summary Phase
[15.075s][info][gc,phases      ] GC(203) Summary Phase 0.056ms
[15.075s][info][gc,phases,start] GC(203) Adjust Roots
[15.075s][info][gc,phases      ] GC(203) Adjust Roots 0.159ms
[15.075s][info][gc,phases,start] GC(203) Compaction Phase
[15.278s][info][gc,phases      ] GC(203) Compaction Phase 202.791ms
[15.278s][info][gc,phases,start] GC(203) Post Compact
[15.282s][info][gc,phases      ] GC(203) Post Compact 4.213ms
[15.283s][info][gc,heap        ] GC(203) PSYoungGen: 79168K(187904K)->0K(190464K) Eden: 0K(50176K)->0K(50176K) From: 79168K(137728K)->0K(140288K)
[15.283s][info][gc,heap        ] GC(203) ParOldGen: 2305267K(2388992K)->2381904K(2664448K)
[15.283s][info][gc,metaspace   ] GC(203) Metaspace: 6302K(6464K)->6302K(6464K) NonClass: 5768K(5824K)->5768K(5824K) Class: 533K(640K)->533K(640K)
[15.283s][info][gc             ] GC(203) Pause Full (Ergonomics) 2328M->2326M(2788M) 739.964ms
[15.283s][info][gc,cpu         ] GC(203) User=5.48s Sys=0.05s Real=0.74s
[15.349s][info][gc,start       ] GC(204) Pause Young (Allocation Failure)
[15.382s][info][gc,heap        ] GC(204) PSYoungGen: 50176K(190464K)->50400K(185344K) Eden: 50176K(50176K)->0K(54784K) From: 0K(140288K)->50400K(130560K)
[15.382s][info][gc,heap        ] GC(204) ParOldGen: 2381904K(2664448K)->2381904K(2664448K)
[15.382s][info][gc,metaspace   ] GC(204) Metaspace: 6302K(6464K)->6302K(6464K) NonClass: 5768K(5824K)->5768K(5824K) Class: 533K(640K)->533K(640K)
[15.382s][info][gc             ] GC(204) Pause Young (Allocation Failure) 2375M->2375M(2783M) 33.829ms
[15.382s][info][gc,cpu         ] GC(204) User=0.16s Sys=0.00s Real=0.03s
[15.451s][info][gc,start       ] GC(205) Pause Young (Allocation Failure)
[15.506s][info][gc,heap        ] GC(205) PSYoungGen: 105184K(185344K)->105216K(190464K) Eden: 54784K(54784K)->0K(54784K) From: 50400K(130560K)->105216K(135680K)
[15.506s][info][gc,heap        ] GC(205) ParOldGen: 2381904K(2664448K)->2381904K(2664448K)
[15.506s][info][gc,metaspace   ] GC(205) Metaspace: 6302K(6464K)->6302K(6464K) NonClass: 5768K(5824K)->5768K(5824K) Class: 533K(640K)->533K(640K)
[15.506s][info][gc             ] GC(205) Pause Young (Allocation Failure) 2428M->2428M(2788M) 55.592ms
[15.506s][info][gc,cpu         ] GC(205) User=0.38s Sys=0.00s Real=0.06s
[15.571s][info][gc,start       ] GC(206) Pause Young (Allocation Failure)
[15.661s][info][gc,heap        ] GC(206) PSYoungGen: 160000K(190464K)->143872K(177664K) Eden: 54784K(54784K)->0K(33792K) From: 105216K(135680K)->143872K(143872K)
[15.661s][info][gc,heap        ] GC(206) ParOldGen: 2381904K(2664448K)->2398168K(2664448K)
[15.661s][info][gc,metaspace   ] GC(206) Metaspace: 6302K(6464K)->6302K(6464K) NonClass: 5768K(5824K)->5768K(5824K) Class: 533K(640K)->533K(640K)
[15.661s][info][gc             ] GC(206) Pause Young (Allocation Failure) 2482M->2482M(2775M) 89.462ms
[15.661s][info][gc,cpu         ] GC(206) User=0.73s Sys=0.02s Real=0.09s
[15.701s][info][gc,start       ] GC(207) Pause Young (Allocation Failure)
[15.789s][info][gc,heap        ] GC(207) PSYoungGen: 177664K(177664K)->169984K(203776K) Eden: 33792K(33792K)->0K(33792K) From: 143872K(143872K)->169984K(169984K)
[15.789s][info][gc,heap        ] GC(207) ParOldGen: 2398168K(2664448K)->2405984K(2664448K)
[15.789s][info][gc,metaspace   ] GC(207) Metaspace: 6302K(6464K)->6302K(6464K) NonClass: 5768K(5824K)->5768K(5824K) Class: 533K(640K)->533K(640K)
[15.789s][info][gc             ] GC(207) Pause Young (Allocation Failure) 2515M->2515M(2801M) 88.130ms
[15.789s][info][gc,cpu         ] GC(207) User=0.62s Sys=0.00s Real=0.09s
[15.832s][info][gc,start       ] GC(208) Pause Young (Allocation Failure)
[15.944s][info][gc,heap        ] GC(208) PSYoungGen: 203776K(203776K)->111104K(231424K) Eden: 33792K(33792K)->0K(37888K) From: 169984K(169984K)->111104K(193536K)
[15.944s][info][gc,heap        ] GC(208) ParOldGen: 2405984K(2664448K)->2499536K(2664448K)
[15.944s][info][gc,metaspace   ] GC(208) Metaspace: 6302K(6464K)->6302K(6464K) NonClass: 5768K(5824K)->5768K(5824K) Class: 533K(640K)->533K(640K)
[15.944s][info][gc             ] GC(208) Pause Young (Allocation Failure) 2548M->2549M(2828M) 112.739ms
[15.944s][info][gc,cpu         ] GC(208) User=0.64s Sys=0.11s Real=0.11s
[15.992s][info][gc,start       ] GC(209) Pause Young (Allocation Failure)
[16.073s][info][gc,heap        ] GC(209) PSYoungGen: 148992K(231424K)->102304K(140288K) Eden: 37888K(37888K)->0K(37888K) From: 111104K(193536K)->102304K(102400K)
[16.073s][info][gc,heap        ] GC(209) ParOldGen: 2499536K(2664448K)->2546584K(2664448K)
[16.073s][info][gc,metaspace   ] GC(209) Metaspace: 6302K(6464K)->6302K(6464K) NonClass: 5768K(5824K)->5768K(5824K) Class: 533K(640K)->533K(640K)
[16.073s][info][gc             ] GC(209) Pause Young (Allocation Failure) 2586M->2586M(2739M) 81.793ms
[16.073s][info][gc,cpu         ] GC(209) User=0.50s Sys=0.03s Real=0.08s
[16.121s][info][gc,start       ] GC(210) Pause Young (Allocation Failure)
[16.195s][info][gc,heap        ] GC(210) PSYoungGen: 140192K(140288K)->109792K(225792K) Eden: 37888K(37888K)->0K(42496K) From: 102304K(102400K)->109792K(183296K)
[16.195s][info][gc,heap        ] GC(210) ParOldGen: 2546584K(2664448K)->2577224K(2664448K)
[16.195s][info][gc,metaspace   ] GC(210) Metaspace: 6302K(6464K)->6302K(6464K) NonClass: 5768K(5824K)->5768K(5824K) Class: 533K(640K)->533K(640K)
[16.195s][info][gc             ] GC(210) Pause Young (Allocation Failure) 2623M->2624M(2822M) 74.312ms
[16.195s][info][gc,cpu         ] GC(210) User=0.47s Sys=0.03s Real=0.08s
[16.195s][info][gc,start       ] GC(211) Pause Full (Ergonomics)
[16.195s][info][gc,phases,start] GC(211) Marking Phase
[16.802s][info][gc,phases      ] GC(211) Marking Phase 606.609ms
[16.802s][info][gc,phases,start] GC(211) Summary Phase
[16.802s][info][gc,phases      ] GC(211) Summary Phase 0.043ms
[16.802s][info][gc,phases,start] GC(211) Adjust Roots
[16.802s][info][gc,phases      ] GC(211) Adjust Roots 0.164ms
[16.802s][info][gc,phases,start] GC(211) Compaction Phase
[17.029s][info][gc,phases      ] GC(211) Compaction Phase 226.413ms
[17.029s][info][gc,phases,start] GC(211) Post Compact
[17.035s][info][gc,phases      ] GC(211) Post Compact 5.642ms
[17.036s][info][gc,heap        ] GC(211) PSYoungGen: 109792K(225792K)->20559K(228864K) Eden: 0K(42496K)->0K(45568K) From: 109792K(183296K)->20559K(183296K)
[17.036s][info][gc,heap        ] GC(211) ParOldGen: 2577224K(2664448K)->2664229K(2969600K)
[17.036s][info][gc,metaspace   ] GC(211) Metaspace: 6302K(6464K)->6302K(6464K) NonClass: 5768K(5824K)->5768K(5824K) Class: 533K(640K)->533K(640K)
[17.036s][info][gc             ] GC(211) Pause Full (Ergonomics) 2624M->2621M(3123M) 840.267ms
[17.036s][info][gc,cpu         ] GC(211) User=6.48s Sys=0.00s Real=0.84s
[17.092s][info][gc,start       ] GC(212) Pause Young (Allocation Failure)
[17.242s][info][gc,heap        ] GC(212) PSYoungGen: 66127K(228864K)->60224K(231936K) Eden: 45568K(45568K)->0K(45568K) From: 20559K(183296K)->60224K(186368K)
[17.242s][info][gc,heap        ] GC(212) ParOldGen: 2664229K(2969600K)->2670389K(2969600K)
[17.242s][info][gc,metaspace   ] GC(212) Metaspace: 6302K(6464K)->6302K(6464K) NonClass: 5768K(5824K)->5768K(5824K) Class: 533K(640K)->533K(640K)
[17.242s][info][gc             ] GC(212) Pause Young (Allocation Failure) 2666M->2666M(3126M) 150.467ms
[17.242s][info][gc,cpu         ] GC(212) User=0.88s Sys=0.00s Real=0.15s
[17.295s][info][gc,start       ] GC(213) Pause Young (Allocation Failure)
[17.354s][info][gc,heap        ] GC(213) PSYoungGen: 105792K(231936K)->105888K(225792K) Eden: 45568K(45568K)->0K(50176K) From: 60224K(186368K)->105888K(175616K)
[17.354s][info][gc,heap        ] GC(213) ParOldGen: 2670389K(2969600K)->2670389K(2969600K)
[17.354s][info][gc,metaspace   ] GC(213) Metaspace: 6302K(6464K)->6302K(6464K) NonClass: 5768K(5824K)->5768K(5824K) Class: 533K(640K)->533K(640K)
[17.354s][info][gc             ] GC(213) Pause Young (Allocation Failure) 2711M->2711M(3120M) 58.439ms
[17.354s][info][gc,cpu         ] GC(213) User=0.38s Sys=0.00s Real=0.06s
[17.415s][info][gc,start       ] GC(214) Pause Young (Allocation Failure)
[17.501s][info][gc,heap        ] GC(214) PSYoungGen: 156064K(225792K)->156192K(229376K) Eden: 50176K(50176K)->0K(50176K) From: 105888K(175616K)->156192K(179200K)
[17.501s][info][gc,heap        ] GC(214) ParOldGen: 2670389K(2969600K)->2670389K(2969600K)
[17.501s][info][gc,metaspace   ] GC(214) Metaspace: 6302K(6464K)->6302K(6464K) NonClass: 5768K(5824K)->5768K(5824K) Class: 533K(640K)->533K(640K)
[17.501s][info][gc             ] GC(214) Pause Young (Allocation Failure) 2760M->2760M(3124M) 86.148ms
[17.501s][info][gc,cpu         ] GC(214) User=0.64s Sys=0.00s Real=0.09s
[18.086s][info][gc,start       ] GC(215) Pause Young (Allocation Failure)
[18.255s][info][gc,heap        ] GC(215) PSYoungGen: 206368K(229376K)->194560K(219648K) Eden: 50176K(50176K)->0K(25088K) From: 156192K(179200K)->194560K(194560K)
[18.255s][info][gc,heap        ] GC(215) ParOldGen: 2801461K(2969600K)->2813301K(2969600K)
[18.255s][info][gc,metaspace   ] GC(215) Metaspace: 6302K(6464K)->6302K(6464K) NonClass: 5768K(5824K)->5768K(5824K) Class: 533K(640K)->533K(640K)
[18.255s][info][gc             ] GC(215) Pause Young (Allocation Failure) 2937M->2937M(3114M) 168.935ms
[18.255s][info][gc,cpu         ] GC(215) User=1.09s Sys=0.08s Real=0.17s
[18.281s][info][gc,start       ] GC(216) Pause Young (Allocation Failure)
[18.390s][info][gc,heap        ] GC(216) PSYoungGen: 219648K(219648K)->168608K(250368K) Eden: 25088K(25088K)->0K(25088K) From: 194560K(194560K)->168608K(225280K)
[18.390s][info][gc,heap        ] GC(216) ParOldGen: 2813301K(2969600K)->2864821K(2969600K)
[18.390s][info][gc,metaspace   ] GC(216) Metaspace: 6302K(6464K)->6302K(6464K) NonClass: 5768K(5824K)->5768K(5824K) Class: 533K(640K)->533K(640K)
[18.390s][info][gc             ] GC(216) Pause Young (Allocation Failure) 2961M->2962M(3144M) 109.037ms
[18.390s][info][gc,cpu         ] GC(216) User=0.56s Sys=0.00s Real=0.11s
[18.417s][info][gc,start       ] GC(217) Pause Young (Allocation Failure)
[18.527s][info][gc,heap        ] GC(217) PSYoungGen: 193696K(250368K)->148128K(263168K) Eden: 25088K(25088K)->0K(27648K) From: 168608K(225280K)->148128K(235520K)
[18.527s][info][gc,heap        ] GC(217) ParOldGen: 2864821K(2969600K)->2910797K(2969600K)
[18.527s][info][gc,metaspace   ] GC(217) Metaspace: 6302K(6464K)->6302K(6464K) NonClass: 5768K(5824K)->5768K(5824K) Class: 533K(640K)->533K(640K)
[18.527s][info][gc             ] GC(217) Pause Young (Allocation Failure) 2986M->2987M(3157M) 109.325ms
[18.527s][info][gc,cpu         ] GC(217) User=0.64s Sys=0.02s Real=0.11s
[18.527s][info][gc,start       ] GC(218) Pause Full (Ergonomics)
[18.527s][info][gc,phases,start] GC(218) Marking Phase
[19.205s][info][gc,phases      ] GC(218) Marking Phase 677.942ms
[19.205s][info][gc,phases,start] GC(218) Summary Phase
[19.205s][info][gc,phases      ] GC(218) Summary Phase 0.069ms
[19.205s][info][gc,phases,start] GC(218) Adjust Roots
[19.205s][info][gc,phases      ] GC(218) Adjust Roots 0.240ms
[19.205s][info][gc,phases,start] GC(218) Compaction Phase
[19.682s][info][gc,phases      ] GC(218) Compaction Phase 476.830ms
[19.682s][info][gc,phases,start] GC(218) Post Compact
[19.688s][info][gc,phases      ] GC(218) Post Compact 6.438ms
[19.690s][info][gc,heap        ] GC(218) PSYoungGen: 148128K(263168K)->22514K(263168K) Eden: 0K(27648K)->0K(27648K) From: 148128K(235520K)->22514K(235520K)
[19.690s][info][gc,heap        ] GC(218) ParOldGen: 2910797K(2969600K)->2969277K(3293184K)
[19.690s][info][gc,metaspace   ] GC(218) Metaspace: 6302K(6464K)->6302K(6464K) NonClass: 5768K(5824K)->5768K(5824K) Class: 533K(640K)->533K(640K)
[19.690s][info][gc             ] GC(218) Pause Full (Ergonomics) 2987M->2921M(3473M) 1163.219ms
[19.690s][info][gc,cpu         ] GC(218) User=8.12s Sys=0.03s Real=1.16s
[19.718s][info][gc,start       ] GC(219) Pause Young (Allocation Failure)
[19.873s][info][gc,heap        ] GC(219) PSYoungGen: 50162K(263168K)->29696K(263680K) Eden: 27648K(27648K)->0K(27648K) From: 22514K(235520K)->29696K(236032K)
[19.873s][info][gc,heap        ] GC(219) ParOldGen: 2969277K(3293184K)->2990149K(3293184K)
[19.873s][info][gc,metaspace   ] GC(219) Metaspace: 6302K(6464K)->6302K(6464K) NonClass: 5768K(5824K)->5768K(5824K) Class: 533K(640K)->533K(640K)
[19.873s][info][gc             ] GC(219) Pause Young (Allocation Failure) 2948M->2949M(3473M) 155.256ms
[19.873s][info][gc,cpu         ] GC(219) User=0.88s Sys=0.00s Real=0.15s
[19.900s][info][gc,start       ] GC(220) Pause Young (Allocation Failure)
[19.951s][info][gc,heap        ] GC(220) PSYoungGen: 57344K(263680K)->56640K(261632K) Eden: 27648K(27648K)->0K(30720K) From: 29696K(236032K)->56640K(230912K)
[19.951s][info][gc,heap        ] GC(220) ParOldGen: 2990149K(3293184K)->2990909K(3293184K)
[19.951s][info][gc,metaspace   ] GC(220) Metaspace: 6302K(6464K)->6302K(6464K) NonClass: 5768K(5824K)->5768K(5824K) Class: 533K(640K)->533K(640K)
[19.951s][info][gc             ] GC(220) Pause Young (Allocation Failure) 2976M->2976M(3471M) 51.682ms
[19.951s][info][gc,cpu         ] GC(220) User=0.11s Sys=0.00s Real=0.05s
[19.982s][info][gc,start       ] GC(221) Pause Young (Allocation Failure)
[20.040s][info][gc,heap        ] GC(221) PSYoungGen: 87360K(261632K)->86176K(117248K) Eden: 30720K(30720K)->0K(30720K) From: 56640K(230912K)->86176K(86528K)
[20.040s][info][gc,heap        ] GC(221) ParOldGen: 2990909K(3293184K)->2992093K(3293184K)
[20.040s][info][gc,metaspace   ] GC(221) Metaspace: 6302K(6464K)->6302K(6464K) NonClass: 5768K(5824K)->5768K(5824K) Class: 533K(640K)->533K(640K)
[20.040s][info][gc             ] GC(221) Pause Young (Allocation Failure) 3006M->3006M(3330M) 58.114ms
[20.040s][info][gc,cpu         ] GC(221) User=0.17s Sys=0.00s Real=0.06s
[20.071s][info][gc,start       ] GC(222) Pause Young (Allocation Failure)
[20.138s][info][gc,heap        ] GC(222) PSYoungGen: 116896K(117248K)->89312K(240128K) Eden: 30720K(30720K)->0K(34816K) From: 86176K(86528K)->89312K(205312K)
[20.138s][info][gc,heap        ] GC(222) ParOldGen: 2992093K(3293184K)->3019997K(3293184K)
[20.138s][info][gc,metaspace   ] GC(222) Metaspace: 6302K(6464K)->6302K(6464K) NonClass: 5768K(5824K)->5768K(5824K) Class: 533K(640K)->533K(640K)
[20.138s][info][gc             ] GC(222) Pause Young (Allocation Failure) 3036M->3036M(3450M) 66.641ms
[20.138s][info][gc,cpu         ] GC(222) User=0.20s Sys=0.00s Real=0.07s
[20.172s][info][gc,start       ] GC(223) Pause Young (Allocation Failure)
[20.239s][info][gc,heap        ] GC(223) PSYoungGen: 124128K(240128K)->65760K(100864K) Eden: 34816K(34816K)->0K(34816K) From: 89312K(205312K)->65760K(66048K)
[20.239s][info][gc,heap        ] GC(223) ParOldGen: 3019997K(3293184K)->3078861K(3293184K)
[20.239s][info][gc,metaspace   ] GC(223) Metaspace: 6302K(6464K)->6302K(6464K) NonClass: 5768K(5824K)->5768K(5824K) Class: 533K(640K)->533K(640K)
[20.239s][info][gc             ] GC(223) Pause Young (Allocation Failure) 3070M->3070M(3314M) 67.608ms
[20.239s][info][gc,cpu         ] GC(223) User=0.12s Sys=0.06s Real=0.07s
[20.278s][info][gc,start       ] GC(224) Pause Young (Allocation Failure)
[20.340s][info][gc,heap        ] GC(224) PSYoungGen: 100576K(100864K)->35008K(247808K) Eden: 34816K(34816K)->0K(39424K) From: 65760K(66048K)->35008K(208384K)
[20.340s][info][gc,heap        ] GC(224) ParOldGen: 3078861K(3293184K)->3144957K(3293184K)
[20.340s][info][gc,metaspace   ] GC(224) Metaspace: 6302K(6464K)->6302K(6464K) NonClass: 5768K(5824K)->5768K(5824K) Class: 533K(640K)->533K(640K)
[20.340s][info][gc             ] GC(224) Pause Young (Allocation Failure) 3104M->3105M(3458M) 62.099ms
[20.340s][info][gc,cpu         ] GC(224) User=0.23s Sys=0.03s Real=0.06s
[20.383s][info][gc,start       ] GC(225) Pause Young (Allocation Failure)
[20.438s][info][gc,heap        ] GC(225) PSYoungGen: 74432K(247808K)->39552K(248320K) Eden: 39424K(39424K)->0K(39424K) From: 35008K(208384K)->39552K(208896K)
[20.438s][info][gc,heap        ] GC(225) ParOldGen: 3144957K(3293184K)->3180077K(3293184K)
[20.438s][info][gc,metaspace   ] GC(225) Metaspace: 6302K(6464K)->6302K(6464K) NonClass: 5768K(5824K)->5768K(5824K) Class: 533K(640K)->533K(640K)
[20.438s][info][gc             ] GC(225) Pause Young (Allocation Failure) 3143M->3144M(3458M) 54.445ms
[20.438s][info][gc,cpu         ] GC(225) User=0.17s Sys=0.00s Real=0.05s
[20.480s][info][gc,start       ] GC(226) Pause Young (Allocation Failure)
[20.536s][info][gc,heap        ] GC(226) PSYoungGen: 78976K(248320K)->39584K(243200K) Eden: 39424K(39424K)->0K(44544K) From: 39552K(208896K)->39584K(198656K)
[20.536s][info][gc,heap        ] GC(226) ParOldGen: 3180077K(3293184K)->3219861K(3293184K)
[20.536s][info][gc,metaspace   ] GC(226) Metaspace: 6302K(6464K)->6302K(6464K) NonClass: 5768K(5824K)->5768K(5824K) Class: 533K(640K)->533K(640K)
[20.536s][info][gc             ] GC(226) Pause Young (Allocation Failure) 3182M->3183M(3453M) 56.341ms
[20.536s][info][gc,cpu         ] GC(226) User=0.19s Sys=0.00s Real=0.06s
[20.536s][info][gc,start       ] GC(227) Pause Full (Ergonomics)
[20.536s][info][gc,phases,start] GC(227) Marking Phase
[21.282s][info][gc,phases      ] GC(227) Marking Phase 745.139ms
[21.282s][info][gc,phases,start] GC(227) Summary Phase
[21.282s][info][gc,phases      ] GC(227) Summary Phase 0.067ms
[21.282s][info][gc,phases,start] GC(227) Adjust Roots
[21.282s][info][gc,phases      ] GC(227) Adjust Roots 0.199ms
[21.282s][info][gc,phases,start] GC(227) Compaction Phase
[21.581s][info][gc,phases      ] GC(227) Compaction Phase 299.063ms
[21.581s][info][gc,phases,start] GC(227) Post Compact
[21.587s][info][gc,phases      ] GC(227) Post Compact 6.021ms
[21.588s][info][gc,heap        ] GC(227) PSYoungGen: 39584K(243200K)->0K(246784K) Eden: 0K(44544K)->0K(44544K) From: 39584K(198656K)->0K(202240K)
[21.588s][info][gc,heap        ] GC(227) ParOldGen: 3219861K(3293184K)->3256751K(3605504K)
[21.588s][info][gc,metaspace   ] GC(227) Metaspace: 6302K(6464K)->6302K(6464K) NonClass: 5768K(5824K)->5768K(5824K) Class: 533K(640K)->533K(640K)
[21.588s][info][gc             ] GC(227) Pause Full (Ergonomics) 3183M->3180M(3762M) 1051.786ms
[21.588s][info][gc,cpu         ] GC(227) User=7.59s Sys=0.05s Real=1.05s
[21.635s][info][gc,start       ] GC(228) Pause Young (Allocation Failure)
[21.681s][info][gc,heap        ] GC(228) PSYoungGen: 44544K(246784K)->44704K(238080K) Eden: 44544K(44544K)->0K(49152K) From: 0K(202240K)->44704K(188928K)
[21.681s][info][gc,heap        ] GC(228) ParOldGen: 3256751K(3605504K)->3256751K(3605504K)
[21.681s][info][gc,metaspace   ] GC(228) Metaspace: 6302K(6464K)->6302K(6464K) NonClass: 5768K(5824K)->5768K(5824K) Class: 533K(640K)->533K(640K)
[21.681s][info][gc             ] GC(228) Pause Young (Allocation Failure) 3223M->3224M(3753M) 45.777ms
[21.681s][info][gc,cpu         ] GC(228) User=0.27s Sys=0.00s Real=0.05s
[21.734s][info][gc,start       ] GC(229) Pause Young (Allocation Failure)
[21.793s][info][gc,heap        ] GC(229) PSYoungGen: 93856K(238080K)->93984K(143360K) Eden: 49152K(49152K)->0K(49152K) From: 44704K(188928K)->93984K(94208K)
[21.793s][info][gc,heap        ] GC(229) ParOldGen: 3256751K(3605504K)->3256751K(3605504K)
[21.793s][info][gc,metaspace   ] GC(229) Metaspace: 6302K(6464K)->6302K(6464K) NonClass: 5768K(5824K)->5768K(5824K) Class: 533K(640K)->533K(640K)
[21.793s][info][gc             ] GC(229) Pause Young (Allocation Failure) 3272M->3272M(3661M) 59.105ms
[21.793s][info][gc,cpu         ] GC(229) User=0.17s Sys=0.00s Real=0.06s
[21.848s][info][gc,start       ] GC(230) Pause Young (Allocation Failure)
[21.921s][info][gc,heap        ] GC(230) PSYoungGen: 143136K(143360K)->143200K(232448K) Eden: 49152K(49152K)->0K(41984K) From: 93984K(94208K)->143200K(190464K)
[21.921s][info][gc,heap        ] GC(230) ParOldGen: 3256751K(3605504K)->3256751K(3605504K)
[21.921s][info][gc,metaspace   ] GC(230) Metaspace: 6302K(6464K)->6302K(6464K) NonClass: 5768K(5824K)->5768K(5824K) Class: 533K(640K)->533K(640K)
[21.921s][info][gc             ] GC(230) Pause Young (Allocation Failure) 3320M->3320M(3748M) 73.122ms
[21.921s][info][gc,cpu         ] GC(230) User=0.34s Sys=0.00s Real=0.07s
[21.968s][info][gc,start       ] GC(231) Pause Young (Allocation Failure)
[22.056s][info][gc,heap        ] GC(231) PSYoungGen: 185184K(232448K)->140672K(244736K) Eden: 41984K(41984K)->0K(41984K) From: 143200K(190464K)->140672K(202752K)
[22.056s][info][gc,heap        ] GC(231) ParOldGen: 3256751K(3605504K)->3301703K(3605504K)
[22.056s][info][gc,metaspace   ] GC(231) Metaspace: 6302K(6464K)->6302K(6464K) NonClass: 5768K(5824K)->5768K(5824K) Class: 533K(640K)->533K(640K)
[22.056s][info][gc             ] GC(231) Pause Young (Allocation Failure) 3361M->3361M(3760M) 87.475ms
[22.056s][info][gc,cpu         ] GC(231) User=0.62s Sys=0.00s Real=0.09s
[22.099s][info][gc,start       ] GC(232) Pause Young (Allocation Failure)
[22.186s][info][gc,heap        ] GC(232) PSYoungGen: 182656K(244736K)->133472K(254976K) Eden: 41984K(41984K)->0K(43520K) From: 140672K(202752K)->133472K(211456K)
[22.186s][info][gc,heap        ] GC(232) ParOldGen: 3301703K(3605504K)->3351295K(3605504K)
[22.186s][info][gc,metaspace   ] GC(232) Metaspace: 6302K(6464K)->6302K(6464K) NonClass: 5768K(5824K)->5768K(5824K) Class: 533K(640K)->533K(640K)
[22.187s][info][gc             ] GC(232) Pause Young (Allocation Failure) 3402M->3403M(3770M) 87.616ms
[22.187s][info][gc,cpu         ] GC(232) User=0.48s Sys=0.05s Real=0.09s
[22.229s][info][gc,start       ] GC(233) Pause Young (Allocation Failure)
[22.314s][info][gc,heap        ] GC(233) PSYoungGen: 176992K(254976K)->127808K(258560K) Eden: 43520K(43520K)->0K(43520K) From: 133472K(211456K)->127808K(215040K)
[22.314s][info][gc,heap        ] GC(233) ParOldGen: 3351295K(3605504K)->3400895K(3605504K)
[22.314s][info][gc,metaspace   ] GC(233) Metaspace: 6302K(6464K)->6302K(6464K) NonClass: 5768K(5824K)->5768K(5824K) Class: 533K(640K)->533K(640K)
[22.314s][info][gc             ] GC(233) Pause Young (Allocation Failure) 3445M->3445M(3773M) 85.161ms
[22.314s][info][gc,cpu         ] GC(233) User=0.59s Sys=0.06s Real=0.09s
[22.359s][info][gc,start       ] GC(234) Pause Young (Allocation Failure)
[22.443s][info][gc,heap        ] GC(234) PSYoungGen: 171328K(258560K)->87296K(244736K) Eden: 43520K(43520K)->0K(49152K) From: 127808K(215040K)->87296K(195584K)
[22.443s][info][gc,heap        ] GC(234) ParOldGen: 3400895K(3605504K)->3485575K(3605504K)
[22.443s][info][gc,metaspace   ] GC(234) Metaspace: 6302K(6464K)->6302K(6464K) NonClass: 5768K(5824K)->5768K(5824K) Class: 533K(640K)->533K(640K)
[22.443s][info][gc             ] GC(234) Pause Young (Allocation Failure) 3488M->3489M(3760M) 83.882ms
[22.443s][info][gc,cpu         ] GC(234) User=0.56s Sys=0.06s Real=0.08s
[22.496s][info][gc,start       ] GC(235) Pause Young (Allocation Failure)
[22.572s][info][gc,heap        ] GC(235) PSYoungGen: 136448K(244736K)->49408K(254464K) Eden: 49152K(49152K)->0K(49152K) From: 87296K(195584K)->49408K(205312K)
[22.572s][info][gc,heap        ] GC(235) ParOldGen: 3485575K(3605504K)->3573359K(3605504K)
[22.572s][info][gc,metaspace   ] GC(235) Metaspace: 6302K(6464K)->6302K(6464K) NonClass: 5768K(5824K)->5768K(5824K) Class: 533K(640K)->533K(640K)
[22.572s][info][gc             ] GC(235) Pause Young (Allocation Failure) 3537M->3537M(3769M) 75.886ms
[22.572s][info][gc,cpu         ] GC(235) User=0.42s Sys=0.08s Real=0.08s
[22.572s][info][gc,start       ] GC(236) Pause Full (Ergonomics)
[22.572s][info][gc,phases,start] GC(236) Marking Phase
[23.453s][info][gc,phases      ] GC(236) Marking Phase 880.518ms
[23.453s][info][gc,phases,start] GC(236) Summary Phase
[23.453s][info][gc,phases      ] GC(236) Summary Phase 0.050ms
[23.453s][info][gc,phases,start] GC(236) Adjust Roots
[23.453s][info][gc,phases      ] GC(236) Adjust Roots 0.213ms
[23.453s][info][gc,phases,start] GC(236) Compaction Phase
[23.806s][info][gc,phases      ] GC(236) Compaction Phase 353.224ms
[23.807s][info][gc,phases,start] GC(236) Post Compact
[23.813s][info][gc,phases      ] GC(236) Post Compact 6.639ms
[23.815s][info][gc,heap        ] GC(236) PSYoungGen: 49408K(254464K)->14379K(254464K) Eden: 0K(49152K)->0K(49152K) From: 49408K(205312K)->14379K(205312K)
[23.815s][info][gc,heap        ] GC(236) ParOldGen: 3573359K(3605504K)->3605138K(4009984K)
[23.815s][info][gc,metaspace   ] GC(236) Metaspace: 6302K(6464K)->6302K(6464K) NonClass: 5768K(5824K)->5768K(5824K) Class: 533K(640K)->533K(640K)
[23.815s][info][gc             ] GC(236) Pause Full (Ergonomics) 3537M->3534M(4164M) 1242.270ms
[23.815s][info][gc,cpu         ] GC(236) User=9.03s Sys=0.02s Real=1.24s
[23.869s][info][gc,start       ] GC(237) Pause Young (Allocation Failure)
[24.060s][info][gc,heap        ] GC(237) PSYoungGen: 63531K(254464K)->49312K(248320K) Eden: 49152K(49152K)->0K(54272K) From: 14379K(205312K)->49312K(194048K)
[24.060s][info][gc,heap        ] GC(237) ParOldGen: 3605138K(4009984K)->3619682K(4009984K)
[24.060s][info][gc,metaspace   ] GC(237) Metaspace: 6302K(6464K)->6302K(6464K) NonClass: 5768K(5824K)->5768K(5824K) Class: 533K(640K)->533K(640K)
[24.060s][info][gc             ] GC(237) Pause Young (Allocation Failure) 3582M->3583M(4158M) 190.608ms
[24.060s][info][gc,cpu         ] GC(237) User=1.27s Sys=0.02s Real=0.19s
[24.114s][info][gc,start       ] GC(238) Pause Young (Allocation Failure)
[24.178s][info][gc,heap        ] GC(238) PSYoungGen: 103584K(248320K)->103680K(253440K) Eden: 54272K(54272K)->0K(54272K) From: 49312K(194048K)->103680K(199168K)
[24.179s][info][gc,heap        ] GC(238) ParOldGen: 3619682K(4009984K)->3619682K(4009984K)
[24.179s][info][gc,metaspace   ] GC(238) Metaspace: 6302K(6464K)->6302K(6464K) NonClass: 5768K(5824K)->5768K(5824K) Class: 533K(640K)->533K(640K)
[24.179s][info][gc             ] GC(238) Pause Young (Allocation Failure) 3636M->3636M(4163M) 64.531ms
[24.179s][info][gc,cpu         ] GC(238) User=0.19s Sys=0.00s Real=0.07s
[24.234s][info][gc,start       ] GC(239) Pause Young (Allocation Failure)
[24.316s][info][gc,heap        ] GC(239) PSYoungGen: 157952K(253440K)->108864K(247808K) Eden: 54272K(54272K)->0K(60416K) From: 103680K(199168K)->108864K(187392K)
[24.316s][info][gc,heap        ] GC(239) ParOldGen: 3619682K(4009984K)->3669266K(4009984K)
[24.316s][info][gc,metaspace   ] GC(239) Metaspace: 6302K(6464K)->6302K(6464K) NonClass: 5768K(5824K)->5768K(5824K) Class: 533K(640K)->533K(640K)
[24.316s][info][gc             ] GC(239) Pause Young (Allocation Failure) 3689M->3689M(4158M) 82.045ms
[24.316s][info][gc,cpu         ] GC(239) User=0.45s Sys=0.06s Real=0.08s
[24.376s][info][gc,start       ] GC(240) Pause Young (Allocation Failure)
[24.461s][info][gc,heap        ] GC(240) PSYoungGen: 169280K(247808K)->115008K(250880K) Eden: 60416K(60416K)->0K(60416K) From: 108864K(187392K)->115008K(190464K)
[24.461s][info][gc,heap        ] GC(240) ParOldGen: 3669266K(4009984K)->3724018K(4009984K)
[24.461s][info][gc,metaspace   ] GC(240) Metaspace: 6302K(6464K)->6302K(6464K) NonClass: 5768K(5824K)->5768K(5824K) Class: 533K(640K)->533K(640K)
[24.461s][info][gc             ] GC(240) Pause Young (Allocation Failure) 3748M->3749M(4161M) 85.850ms
[24.461s][info][gc,cpu         ] GC(240) User=0.58s Sys=0.02s Real=0.09s
[24.534s][info][gc,start       ] GC(241) Pause Young (Allocation Failure)
[24.624s][info][gc,heap        ] GC(241) PSYoungGen: 175424K(250880K)->121184K(256000K) Eden: 60416K(60416K)->0K(66560K) From: 115008K(190464K)->121184K(189440K)
[24.624s][info][gc,heap        ] GC(241) ParOldGen: 3724018K(4009984K)->3778794K(4009984K)
[24.624s][info][gc,metaspace   ] GC(241) Metaspace: 6302K(6464K)->6302K(6464K) NonClass: 5768K(5824K)->5768K(5824K) Class: 533K(640K)->533K(640K)
[24.624s][info][gc             ] GC(241) Pause Young (Allocation Failure) 3808M->3808M(4166M) 90.236ms
[24.624s][info][gc,cpu         ] GC(241) User=0.58s Sys=0.03s Real=0.09s
[24.692s][info][gc,start       ] GC(242) Pause Young (Allocation Failure)
[24.789s][info][gc,heap        ] GC(242) PSYoungGen: 187744K(256000K)->127360K(256512K) Eden: 66560K(66560K)->0K(66560K) From: 121184K(189440K)->127360K(189952K)
[24.789s][info][gc,heap        ] GC(242) ParOldGen: 3778794K(4009984K)->3839754K(4009984K)
[24.789s][info][gc,metaspace   ] GC(242) Metaspace: 6302K(6464K)->6302K(6464K) NonClass: 5768K(5824K)->5768K(5824K) Class: 533K(640K)->533K(640K)
[24.789s][info][gc             ] GC(242) Pause Young (Allocation Failure) 3873M->3874M(4166M) 96.877ms
[24.789s][info][gc,cpu         ] GC(242) User=0.61s Sys=0.02s Real=0.10s
[24.864s][info][gc,start       ] GC(243) Pause Young (Allocation Failure)
[24.968s][info][gc,heap        ] GC(243) PSYoungGen: 193920K(256512K)->133440K(263168K) Eden: 66560K(66560K)->0K(71168K) From: 127360K(189952K)->133440K(192000K)
[24.968s][info][gc,heap        ] GC(243) ParOldGen: 3839754K(4009984K)->3900714K(4009984K)
[24.968s][info][gc,metaspace   ] GC(243) Metaspace: 6302K(6464K)->6302K(6464K) NonClass: 5768K(5824K)->5768K(5824K) Class: 533K(640K)->533K(640K)
[24.968s][info][gc             ] GC(243) Pause Young (Allocation Failure) 3939M->3939M(4173M) 104.502ms
[24.968s][info][gc,cpu         ] GC(243) User=0.73s Sys=0.03s Real=0.10s
[25.050s][info][gc,start       ] GC(244) Pause Young (Allocation Failure)
[25.155s][info][gc,heap        ] GC(244) PSYoungGen: 204608K(263168K)->138080K(266240K) Eden: 71168K(71168K)->0K(71168K) From: 133440K(192000K)->138080K(195072K)
[25.155s][info][gc,heap        ] GC(244) ParOldGen: 3900714K(4009984K)->3967882K(4009984K)
[25.155s][info][gc,metaspace   ] GC(244) Metaspace: 6302K(6464K)->6302K(6464K) NonClass: 5768K(5824K)->5768K(5824K) Class: 533K(640K)->533K(640K)
[25.155s][info][gc             ] GC(244) Pause Young (Allocation Failure) 4009M->4009M(4176M) 104.892ms
[25.155s][info][gc,cpu         ] GC(244) User=0.72s Sys=0.05s Real=0.10s
[25.155s][info][gc,start       ] GC(245) Pause Full (Ergonomics)
[25.155s][info][gc,phases,start] GC(245) Marking Phase
[26.087s][info][gc,phases      ] GC(245) Marking Phase 932.355ms
[26.087s][info][gc,phases,start] GC(245) Summary Phase
[26.087s][info][gc,phases      ] GC(245) Summary Phase 0.056ms
[26.087s][info][gc,phases,start] GC(245) Adjust Roots
[26.088s][info][gc,phases      ] GC(245) Adjust Roots 0.164ms
[26.088s][info][gc,phases,start] GC(245) Compaction Phase
[26.480s][info][gc,phases      ] GC(245) Compaction Phase 392.151ms
[26.480s][info][gc,phases,start] GC(245) Post Compact
[26.488s][info][gc,phases      ] GC(245) Post Compact 7.775ms
[26.489s][info][gc,heap        ] GC(245) PSYoungGen: 138080K(266240K)->92170K(266240K) Eden: 0K(71168K)->0K(71168K) From: 138080K(195072K)->92170K(195072K)
[26.489s][info][gc,heap        ] GC(245) ParOldGen: 3967882K(4009984K)->4009902K(4441600K)
[26.489s][info][gc,metaspace   ] GC(245) Metaspace: 6302K(6464K)->6302K(6464K) NonClass: 5768K(5824K)->5768K(5824K) Class: 533K(640K)->533K(640K)
[26.489s][info][gc             ] GC(245) Pause Full (Ergonomics) 4009M->4005M(4597M) 1334.255ms
[26.489s][info][gc,cpu         ] GC(245) User=9.89s Sys=0.03s Real=1.34s
[26.565s][info][gc,start       ] GC(246) Pause Young (Allocation Failure)
[26.835s][info][gc,heap        ] GC(246) PSYoungGen: 163338K(266240K)->113920K(263680K) Eden: 71168K(71168K)->0K(78336K) From: 92170K(195072K)->113920K(185344K)
[26.835s][info][gc,heap        ] GC(246) ParOldGen: 4009902K(4441600K)->4060158K(4441600K)
[26.835s][info][gc,metaspace   ] GC(246) Metaspace: 6302K(6464K)->6302K(6464K) NonClass: 5768K(5824K)->5768K(5824K) Class: 533K(640K)->533K(640K)
[26.835s][info][gc             ] GC(246) Pause Young (Allocation Failure) 4075M->4076M(4595M) 269.538ms
[26.835s][info][gc,cpu         ] GC(246) User=1.84s Sys=0.03s Real=0.27s
[26.916s][info][gc,start       ] GC(247) Pause Young (Allocation Failure)
[27.016s][info][gc,heap        ] GC(247) PSYoungGen: 192256K(263680K)->192352K(270848K) Eden: 78336K(78336K)->0K(78336K) From: 113920K(185344K)->192352K(192512K)
[27.016s][info][gc,heap        ] GC(247) ParOldGen: 4060158K(4441600K)->4060158K(4441600K)
[27.016s][info][gc,metaspace   ] GC(247) Metaspace: 6302K(6464K)->6302K(6464K) NonClass: 5768K(5824K)->5768K(5824K) Class: 533K(640K)->533K(640K)
[27.016s][info][gc             ] GC(247) Pause Young (Allocation Failure) 4152M->4152M(4602M) 100.261ms
[27.016s][info][gc,cpu         ] GC(247) User=0.78s Sys=0.00s Real=0.10s
[27.110s][info][gc,start       ] GC(248) Pause Young (Allocation Failure)
[27.262s][info][gc,heap        ] GC(248) PSYoungGen: 270688K(270848K)->215040K(253440K) Eden: 78336K(78336K)->0K(38400K) From: 192352K(192512K)->215040K(215040K)
[27.262s][info][gc,heap        ] GC(248) ParOldGen: 4060158K(4441600K)->4116278K(4441600K)
[27.262s][info][gc,metaspace   ] GC(248) Metaspace: 6302K(6464K)->6302K(6464K) NonClass: 5768K(5824K)->5768K(5824K) Class: 533K(640K)->533K(640K)
[27.262s][info][gc             ] GC(248) Pause Young (Allocation Failure) 4229M->4229M(4585M) 151.971ms
[27.262s][info][gc,cpu         ] GC(248) User=1.03s Sys=0.08s Real=0.15s
[27.311s][info][gc,start       ] GC(249) Pause Young (Allocation Failure)
[27.445s][info][gc,heap        ] GC(249) PSYoungGen: 253440K(253440K)->112992K(151552K) Eden: 38400K(38400K)->0K(38400K) From: 215040K(215040K)->112992K(113152K)
[27.445s][info][gc,heap        ] GC(249) ParOldGen: 4116278K(4441600K)->4257942K(4441600K)
[27.445s][info][gc,metaspace   ] GC(249) Metaspace: 6302K(6464K)->6302K(6464K) NonClass: 5768K(5824K)->5768K(5824K) Class: 533K(640K)->533K(640K)
[27.445s][info][gc             ] GC(249) Pause Young (Allocation Failure) 4267M->4268M(4485M) 134.325ms
[27.445s][info][gc,cpu         ] GC(249) User=0.84s Sys=0.14s Real=0.13s
[27.485s][info][gc,start       ] GC(250) Pause Young (Allocation Failure)
[27.569s][info][gc,heap        ] GC(250) PSYoungGen: 151392K(151552K)->77024K(288768K) Eden: 38400K(38400K)->0K(43008K) From: 112992K(113152K)->77024K(245760K)
[27.569s][info][gc,heap        ] GC(250) ParOldGen: 4257942K(4441600K)->4332918K(4441600K)
[27.569s][info][gc,metaspace   ] GC(250) Metaspace: 6302K(6464K)->6302K(6464K) NonClass: 5768K(5824K)->5768K(5824K) Class: 533K(640K)->533K(640K)
[27.569s][info][gc             ] GC(250) Pause Young (Allocation Failure) 4305M->4306M(4619M) 84.508ms
[27.569s][info][gc,cpu         ] GC(250) User=0.52s Sys=0.02s Real=0.08s
[27.569s][info][gc,start       ] GC(251) Pause Full (Ergonomics)
[27.569s][info][gc,phases,start] GC(251) Marking Phase
[28.567s][info][gc,phases      ] GC(251) Marking Phase 997.763ms
[28.567s][info][gc,phases,start] GC(251) Summary Phase
[28.567s][info][gc,phases      ] GC(251) Summary Phase 0.082ms
[28.567s][info][gc,phases,start] GC(251) Adjust Roots
[28.567s][info][gc,phases      ] GC(251) Adjust Roots 0.165ms
[28.567s][info][gc,phases,start] GC(251) Compaction Phase
[28.963s][info][gc,phases      ] GC(251) Compaction Phase 395.491ms
[28.963s][info][gc,phases,start] GC(251) Post Compact
[28.969s][info][gc,phases      ] GC(251) Post Compact 6.538ms
[28.971s][info][gc,heap        ] GC(251) PSYoungGen: 77024K(288768K)->0K(292352K) Eden: 0K(43008K)->0K(43008K) From: 77024K(245760K)->0K(249344K)
[28.971s][info][gc,heap        ] GC(251) ParOldGen: 4332918K(4441600K)->4406553K(4894720K)
[28.971s][info][gc,metaspace   ] GC(251) Metaspace: 6302K(6464K)->6302K(6464K) NonClass: 5768K(5824K)->5768K(5824K) Class: 533K(640K)->533K(640K)
[28.971s][info][gc             ] GC(251) Pause Full (Ergonomics) 4306M->4303M(5065M) 1401.720ms
[28.971s][info][gc,cpu         ] GC(251) User=10.45s Sys=0.02s Real=1.40s
[29.018s][info][gc,start       ] GC(252) Pause Young (Allocation Failure)
[29.061s][info][gc,heap        ] GC(252) PSYoungGen: 43008K(292352K)->43232K(296448K) Eden: 43008K(43008K)->0K(47104K) From: 0K(249344K)->43232K(249344K)
[29.061s][info][gc,heap        ] GC(252) ParOldGen: 4406553K(4894720K)->4406553K(4894720K)
[29.061s][info][gc,metaspace   ] GC(252) Metaspace: 6302K(6464K)->6302K(6464K) NonClass: 5768K(5824K)->5768K(5824K) Class: 533K(640K)->533K(640K)
[29.061s][info][gc             ] GC(252) Pause Young (Allocation Failure) 4345M->4345M(5069M) 42.796ms
[29.061s][info][gc,cpu         ] GC(252) User=0.06s Sys=0.00s Real=0.04s
[29.109s][info][gc,start       ] GC(253) Pause Young (Allocation Failure)
[29.167s][info][gc,heap        ] GC(253) PSYoungGen: 90336K(296448K)->90400K(137728K) Eden: 47104K(47104K)->0K(47104K) From: 43232K(249344K)->90400K(90624K)
[29.167s][info][gc,heap        ] GC(253) ParOldGen: 4406553K(4894720K)->4406553K(4894720K)
[29.167s][info][gc,metaspace   ] GC(253) Metaspace: 6302K(6464K)->6302K(6464K) NonClass: 5768K(5824K)->5768K(5824K) Class: 533K(640K)->533K(640K)
[29.167s][info][gc             ] GC(253) Pause Young (Allocation Failure) 4391M->4391M(4914M) 57.427ms
[29.167s][info][gc,cpu         ] GC(253) User=0.25s Sys=0.00s Real=0.06s
[29.224s][info][gc,start       ] GC(254) Pause Young (Allocation Failure)
[29.296s][info][gc,heap        ] GC(254) PSYoungGen: 137504K(137728K)->137504K(285696K) Eden: 47104K(47104K)->0K(52224K) From: 90400K(90624K)->137504K(233472K)
[29.296s][info][gc,heap        ] GC(254) ParOldGen: 4406553K(4894720K)->4406553K(4894720K)
[29.296s][info][gc,metaspace   ] GC(254) Metaspace: 6302K(6464K)->6302K(6464K) NonClass: 5768K(5824K)->5768K(5824K) Class: 533K(640K)->533K(640K)
[29.296s][info][gc             ] GC(254) Pause Young (Allocation Failure) 4437M->4437M(5059M) 71.889ms
[29.296s][info][gc,cpu         ] GC(254) User=0.42s Sys=0.00s Real=0.07s
[29.362s][info][gc,start       ] GC(255) Pause Young (Allocation Failure)
[29.463s][info][gc,heap        ] GC(255) PSYoungGen: 189728K(285696K)->146752K(289792K) Eden: 52224K(52224K)->0K(52224K) From: 137504K(233472K)->146752K(237568K)
[29.463s][info][gc,heap        ] GC(255) ParOldGen: 4406553K(4894720K)->4449937K(4894720K)
[29.463s][info][gc,metaspace   ] GC(255) Metaspace: 6302K(6464K)->6302K(6464K) NonClass: 5768K(5824K)->5768K(5824K) Class: 533K(640K)->533K(640K)
[29.463s][info][gc             ] GC(255) Pause Young (Allocation Failure) 4488M->4488M(5063M) 100.562ms
[29.463s][info][gc,cpu         ] GC(255) User=0.53s Sys=0.14s Real=0.10s
[29.521s][info][gc,start       ] GC(256) Pause Young (Allocation Failure)
[29.628s][info][gc,heap        ] GC(256) PSYoungGen: 198976K(289792K)->151936K(294400K) Eden: 52224K(52224K)->0K(57344K) From: 146752K(237568K)->151936K(237056K)
[29.628s][info][gc,heap        ] GC(256) ParOldGen: 4449937K(4894720K)->4497473K(4894720K)
[29.628s][info][gc,metaspace   ] GC(256) Metaspace: 6302K(6464K)->6302K(6464K) NonClass: 5768K(5824K)->5768K(5824K) Class: 533K(640K)->533K(640K)
[29.628s][info][gc             ] GC(256) Pause Young (Allocation Failure) 4539M->4540M(5067M) 106.917ms
[29.628s][info][gc,cpu         ] GC(256) User=0.73s Sys=0.02s Real=0.11s
[29.689s][info][gc,start       ] GC(257) Pause Young (Allocation Failure)
[29.799s][info][gc,heap        ] GC(257) PSYoungGen: 209280K(294400K)->162176K(294912K) Eden: 57344K(57344K)->0K(57344K) From: 151936K(237056K)->162176K(237568K)
[29.799s][info][gc,heap        ] GC(257) ParOldGen: 4497473K(4894720K)->4545009K(4894720K)
[29.799s][info][gc,metaspace   ] GC(257) Metaspace: 6302K(6464K)->6302K(6464K) NonClass: 5768K(5824K)->5768K(5824K) Class: 533K(640K)->533K(640K)
[29.799s][info][gc             ] GC(257) Pause Young (Allocation Failure) 4596M->4596M(5068M) 109.932ms
[29.799s][info][gc,cpu         ] GC(257) User=0.75s Sys=0.00s Real=0.11s
[29.864s][info][gc,start       ] GC(258) Pause Young (Allocation Failure)
[29.982s][info][gc,heap        ] GC(258) PSYoungGen: 219520K(294912K)->167328K(301568K) Eden: 57344K(57344K)->0K(60928K) From: 162176K(237568K)->167328K(240640K)
[29.982s][info][gc,heap        ] GC(258) ParOldGen: 4545009K(4894720K)->4597705K(4894720K)
[29.982s][info][gc,metaspace   ] GC(258) Metaspace: 6302K(6464K)->6302K(6464K) NonClass: 5768K(5824K)->5768K(5824K) Class: 533K(640K)->533K(640K)
[29.982s][info][gc             ] GC(258) Pause Young (Allocation Failure) 4652M->4653M(5074M) 117.653ms
[29.982s][info][gc,cpu         ] GC(258) User=0.64s Sys=0.14s Real=0.12s
[30.056s][info][gc,start       ] GC(259) Pause Young (Allocation Failure)
[30.183s][info][gc,heap        ] GC(259) PSYoungGen: 228256K(301568K)->118624K(179712K) Eden: 60928K(60928K)->0K(60928K) From: 167328K(240640K)->118624K(118784K)
[30.183s][info][gc,heap        ] GC(259) ParOldGen: 4597705K(4894720K)->4708241K(4894720K)
[30.183s][info][gc,metaspace   ] GC(259) Metaspace: 6302K(6464K)->6302K(6464K) NonClass: 5768K(5824K)->5768K(5824K) Class: 533K(640K)->533K(640K)
[30.183s][info][gc             ] GC(259) Pause Young (Allocation Failure) 4712M->4713M(4955M) 126.557ms
[30.183s][info][gc,cpu         ] GC(259) User=0.89s Sys=0.09s Real=0.13s
[30.244s][info][gc,start       ] GC(260) Pause Young (Allocation Failure)
[30.344s][info][gc,heap        ] GC(260) PSYoungGen: 179552K(179712K)->61152K(302592K) Eden: 60928K(60928K)->0K(67584K) From: 118624K(118784K)->61152K(235008K)
[30.344s][info][gc,heap        ] GC(260) ParOldGen: 4708241K(4894720K)->4827545K(4894720K)
[30.344s][info][gc,metaspace   ] GC(260) Metaspace: 6302K(6464K)->6302K(6464K) NonClass: 5768K(5824K)->5768K(5824K) Class: 533K(640K)->533K(640K)
[30.344s][info][gc             ] GC(260) Pause Young (Allocation Failure) 4773M->4774M(5075M) 100.302ms
[30.344s][info][gc,cpu         ] GC(260) User=0.75s Sys=0.00s Real=0.10s
[30.344s][info][gc,start       ] GC(261) Pause Full (Ergonomics)
[30.344s][info][gc,phases,start] GC(261) Marking Phase
[31.446s][info][gc,phases      ] GC(261) Marking Phase 1101.998ms
[31.446s][info][gc,phases,start] GC(261) Summary Phase
[31.446s][info][gc,phases      ] GC(261) Summary Phase 0.093ms
[31.446s][info][gc,phases,start] GC(261) Adjust Roots
[31.447s][info][gc,phases      ] GC(261) Adjust Roots 0.239ms
[31.447s][info][gc,phases,start] GC(261) Compaction Phase
[31.909s][info][gc,phases      ] GC(261) Compaction Phase 462.580ms
[31.909s][info][gc,phases,start] GC(261) Post Compact
[31.917s][info][gc,phases      ] GC(261) Post Compact 7.325ms
[31.918s][info][gc,heap        ] GC(261) PSYoungGen: 61152K(302592K)->0K(303616K) Eden: 0K(67584K)->0K(67584K) From: 61152K(235008K)->0K(236032K)
[31.918s][info][gc,heap        ] GC(261) ParOldGen: 4827545K(4894720K)->4884466K(5417472K)
[31.918s][info][gc,metaspace   ] GC(261) Metaspace: 6302K(6464K)->6302K(6464K) NonClass: 5768K(5824K)->5768K(5824K) Class: 533K(640K)->533K(640K)
[31.918s][info][gc             ] GC(261) Pause Full (Ergonomics) 4774M->4769M(5587M) 1574.272ms
[31.918s][info][gc,cpu         ] GC(261) User=11.47s Sys=0.08s Real=1.58s
[31.990s][info][gc,start       ] GC(262) Pause Young (Allocation Failure)
[32.044s][info][gc,heap        ] GC(262) PSYoungGen: 67584K(303616K)->67840K(304128K) Eden: 67584K(67584K)->0K(74240K) From: 0K(236032K)->67840K(229888K)
[32.044s][info][gc,heap        ] GC(262) ParOldGen: 4884466K(5417472K)->4884466K(5417472K)
[32.044s][info][gc,metaspace   ] GC(262) Metaspace: 6302K(6464K)->6302K(6464K) NonClass: 5768K(5824K)->5768K(5824K) Class: 533K(640K)->533K(640K)
[32.044s][info][gc             ] GC(262) Pause Young (Allocation Failure) 4835M->4836M(5587M) 54.387ms
[32.044s][info][gc,cpu         ] GC(262) User=0.17s Sys=0.00s Real=0.06s
[32.131s][info][gc,start       ] GC(263) Pause Young (Allocation Failure)
[32.209s][info][gc,heap        ] GC(263) PSYoungGen: 142080K(304128K)->142176K(308224K) Eden: 74240K(74240K)->0K(74240K) From: 67840K(229888K)->142176K(233984K)
[32.210s][info][gc,heap        ] GC(263) ParOldGen: 4884466K(5417472K)->4884466K(5417472K)
[32.210s][info][gc,metaspace   ] GC(263) Metaspace: 6302K(6464K)->6302K(6464K) NonClass: 5768K(5824K)->5768K(5824K) Class: 533K(640K)->533K(640K)
[32.210s][info][gc             ] GC(263) Pause Young (Allocation Failure) 4908M->4908M(5591M) 78.088ms
[32.210s][info][gc,cpu         ] GC(263) User=0.52s Sys=0.00s Real=0.08s
[32.293s][info][gc,start       ] GC(264) Pause Young (Allocation Failure)
[32.408s][info][gc,heap        ] GC(264) PSYoungGen: 216416K(308224K)->216544K(287744K) Eden: 74240K(74240K)->0K(56320K) From: 142176K(233984K)->216544K(231424K)
[32.408s][info][gc,heap        ] GC(264) ParOldGen: 4884466K(5417472K)->4884466K(5417472K)
[32.408s][info][gc,metaspace   ] GC(264) Metaspace: 6302K(6464K)->6302K(6464K) NonClass: 5768K(5824K)->5768K(5824K) Class: 533K(640K)->533K(640K)
[32.408s][info][gc             ] GC(264) Pause Young (Allocation Failure) 4981M->4981M(5571M) 115.564ms
[32.408s][info][gc,cpu         ] GC(264) User=0.75s Sys=0.00s Real=0.12s
[32.471s][info][gc,start       ] GC(265) Pause Young (Allocation Failure)
[32.620s][info][gc,heap        ] GC(265) PSYoungGen: 272864K(287744K)->205248K(312832K) Eden: 56320K(56320K)->0K(56320K) From: 216544K(231424K)->205248K(256512K)
[32.620s][info][gc,heap        ] GC(265) ParOldGen: 4884466K(5417472K)->4952674K(5417472K)
[32.620s][info][gc,metaspace   ] GC(265) Metaspace: 6302K(6464K)->6302K(6464K) NonClass: 5768K(5824K)->5768K(5824K) Class: 533K(640K)->533K(640K)
[32.620s][info][gc             ] GC(265) Pause Young (Allocation Failure) 5036M->5037M(5596M) 148.879ms
[32.620s][info][gc,cpu         ] GC(265) User=1.03s Sys=0.00s Real=0.15s
[32.685s][info][gc,start       ] GC(266) Pause Young (Allocation Failure)
[32.826s][info][gc,heap        ] GC(266) PSYoungGen: 261568K(312832K)->187296K(329728K) Eden: 56320K(56320K)->0K(57856K) From: 205248K(256512K)->187296K(271872K)
[32.826s][info][gc,heap        ] GC(266) ParOldGen: 4952674K(5417472K)->5027602K(5417472K)
[32.826s][info][gc,metaspace   ] GC(266) Metaspace: 6302K(6464K)->6302K(6464K) NonClass: 5768K(5824K)->5768K(5824K) Class: 533K(640K)->533K(640K)
[32.826s][info][gc             ] GC(266) Pause Young (Allocation Failure) 5092M->5092M(5612M) 140.796ms
[32.826s][info][gc,cpu         ] GC(266) User=0.97s Sys=0.05s Real=0.14s
[32.895s][info][gc,start       ] GC(267) Pause Young (Allocation Failure)
[33.027s][info][gc,heap        ] GC(267) PSYoungGen: 245152K(329728K)->170976K(334848K) Eden: 57856K(57856K)->0K(57856K) From: 187296K(271872K)->170976K(276992K)
[33.027s][info][gc,heap        ] GC(267) ParOldGen: 5027602K(5417472K)->5102498K(5417472K)
[33.027s][info][gc,metaspace   ] GC(267) Metaspace: 6302K(6464K)->6302K(6464K) NonClass: 5768K(5824K)->5768K(5824K) Class: 533K(640K)->533K(640K)
[33.027s][info][gc             ] GC(267) Pause Young (Allocation Failure) 5149M->5149M(5617M) 132.713ms
[33.027s][info][gc,cpu         ] GC(267) User=0.88s Sys=0.03s Real=0.13s
[33.093s][info][gc,start       ] GC(268) Pause Young (Allocation Failure)
[33.221s][info][gc,heap        ] GC(268) PSYoungGen: 228832K(334848K)->116064K(324096K) Eden: 57856K(57856K)->0K(65536K) From: 170976K(276992K)->116064K(258560K)
[33.221s][info][gc,heap        ] GC(268) ParOldGen: 5102498K(5417472K)->5216138K(5417472K)
[33.221s][info][gc,metaspace   ] GC(268) Metaspace: 6302K(6464K)->6302K(6464K) NonClass: 5768K(5824K)->5768K(5824K) Class: 533K(640K)->533K(640K)
[33.221s][info][gc             ] GC(268) Pause Young (Allocation Failure) 5206M->5207M(5607M) 127.729ms
[33.221s][info][gc,cpu         ] GC(268) User=0.83s Sys=0.03s Real=0.13s
[33.298s][info][gc,start       ] GC(269) Pause Young (Allocation Failure)
[33.401s][info][gc,heap        ] GC(269) PSYoungGen: 181600K(324096K)->65760K(331776K) Eden: 65536K(65536K)->0K(65536K) From: 116064K(258560K)->65760K(266240K)
[33.401s][info][gc,heap        ] GC(269) ParOldGen: 5216138K(5417472K)->5332874K(5417472K)
[33.401s][info][gc,metaspace   ] GC(269) Metaspace: 6302K(6464K)->6302K(6464K) NonClass: 5768K(5824K)->5768K(5824K) Class: 533K(640K)->533K(640K)
[33.401s][info][gc             ] GC(269) Pause Young (Allocation Failure) 5271M->5272M(5614M) 103.935ms
[33.401s][info][gc,cpu         ] GC(269) User=0.58s Sys=0.09s Real=0.10s
[33.402s][info][gc,start       ] GC(270) Pause Full (Ergonomics)
[33.402s][info][gc,phases,start] GC(270) Marking Phase
[34.605s][info][gc,phases      ] GC(270) Marking Phase 1203.102ms
[34.605s][info][gc,phases,start] GC(270) Summary Phase
[34.605s][info][gc,phases      ] GC(270) Summary Phase 0.094ms
[34.605s][info][gc,phases,start] GC(270) Adjust Roots
[34.605s][info][gc,phases      ] GC(270) Adjust Roots 0.240ms
[34.605s][info][gc,phases,start] GC(270) Compaction Phase
[35.042s][info][gc,phases      ] GC(270) Compaction Phase 436.799ms
[35.042s][info][gc,phases,start] GC(270) Post Compact
[35.050s][info][gc,phases      ] GC(270) Post Compact 7.852ms
[35.052s][info][gc,heap        ] GC(270) PSYoungGen: 65760K(331776K)->0K(340480K) Eden: 0K(65536K)->0K(73728K) From: 65760K(266240K)->0K(266752K)
[35.052s][info][gc,heap        ] GC(270) ParOldGen: 5332874K(5417472K)->5394161K(5990912K)
[35.052s][info][gc,metaspace   ] GC(270) Metaspace: 6302K(6464K)->6302K(6464K) NonClass: 5768K(5824K)->5768K(5824K) Class: 533K(640K)->533K(640K)
[35.052s][info][gc             ] GC(270) Pause Full (Ergonomics) 5272M->5267M(6183M) 1650.335ms
[35.052s][info][gc,cpu         ] GC(270) User=12.48s Sys=0.02s Real=1.65s
[35.137s][info][gc,start       ] GC(271) Pause Young (Allocation Failure)
[35.197s][info][gc,heap        ] GC(271) PSYoungGen: 73728K(340480K)->73952K(340480K) Eden: 73728K(73728K)->0K(73728K) From: 0K(266752K)->73952K(266752K)
[35.197s][info][gc,heap        ] GC(271) ParOldGen: 5394161K(5990912K)->5394161K(5990912K)
[35.197s][info][gc,metaspace   ] GC(271) Metaspace: 6302K(6464K)->6302K(6464K) NonClass: 5768K(5824K)->5768K(5824K) Class: 533K(640K)->533K(640K)
[35.197s][info][gc             ] GC(271) Pause Young (Allocation Failure) 5339M->5339M(6183M) 60.146ms
[35.197s][info][gc,cpu         ] GC(271) User=0.19s Sys=0.00s Real=0.06s
[35.287s][info][gc,start       ] GC(272) Pause Young (Allocation Failure)
[35.371s][info][gc,heap        ] GC(272) PSYoungGen: 147680K(340480K)->147840K(332288K) Eden: 73728K(73728K)->0K(80896K) From: 73952K(266752K)->147840K(251392K)
[35.371s][info][gc,heap        ] GC(272) ParOldGen: 5394161K(5990912K)->5394161K(5990912K)
[35.371s][info][gc,metaspace   ] GC(272) Metaspace: 6302K(6464K)->6302K(6464K) NonClass: 5768K(5824K)->5768K(5824K) Class: 533K(640K)->533K(640K)
[35.371s][info][gc             ] GC(272) Pause Young (Allocation Failure) 5411M->5412M(6175M) 84.151ms
[35.371s][info][gc,cpu         ] GC(272) User=0.52s Sys=0.00s Real=0.08s
[35.460s][info][gc,start       ] GC(273) Pause Young (Allocation Failure)
[35.582s][info][gc,heap        ] GC(273) PSYoungGen: 228736K(332288K)->228864K(338432K) Eden: 80896K(80896K)->0K(80896K) From: 147840K(251392K)->228864K(257536K)
[35.582s][info][gc,heap        ] GC(273) ParOldGen: 5394161K(5990912K)->5394161K(5990912K)
[35.582s][info][gc,metaspace   ] GC(273) Metaspace: 6302K(6464K)->6302K(6464K) NonClass: 5768K(5824K)->5768K(5824K) Class: 533K(640K)->533K(640K)
[35.582s][info][gc             ] GC(273) Pause Young (Allocation Failure) 5491M->5491M(6181M) 121.261ms
[35.582s][info][gc,cpu         ] GC(273) User=0.78s Sys=0.00s Real=0.12s
[35.688s][info][gc,start       ] GC(274) Pause Young (Allocation Failure)
[35.867s][info][gc,heap        ] GC(274) PSYoungGen: 309760K(338432K)->236032K(348672K) Eden: 80896K(80896K)->0K(67584K) From: 228864K(257536K)->236032K(281088K)
[35.867s][info][gc,heap        ] GC(274) ParOldGen: 5394161K(5990912K)->5468553K(5990912K)
[35.867s][info][gc,metaspace   ] GC(274) Metaspace: 6302K(6464K)->6302K(6464K) NonClass: 5768K(5824K)->5768K(5824K) Class: 533K(640K)->533K(640K)
[35.867s][info][gc             ] GC(274) Pause Young (Allocation Failure) 5570M->5570M(6191M) 179.781ms
[35.868s][info][gc,cpu         ] GC(274) User=1.14s Sys=0.06s Real=0.18s
[37.058s][info][gc,start       ] GC(275) Pause Young (Allocation Failure)
[37.333s][info][gc,heap        ] GC(275) PSYoungGen: 303616K(348672K)->229952K(370176K) Eden: 67584K(67584K)->0K(67584K) From: 236032K(281088K)->229952K(302592K)
[37.333s][info][gc,heap        ] GC(275) ParOldGen: 5730697K(5990912K)->5805089K(5990912K)
[37.333s][info][gc,metaspace   ] GC(275) Metaspace: 6302K(6464K)->6302K(6464K) NonClass: 5768K(5824K)->5768K(5824K) Class: 533K(640K)->533K(640K)
[37.333s][info][gc             ] GC(275) Pause Young (Allocation Failure) 5892M->5893M(6212M) 275.080ms
[37.333s][info][gc,cpu         ] GC(275) User=1.83s Sys=0.03s Real=0.28s
[37.401s][info][gc,start       ] GC(276) Pause Young (Allocation Failure)
[37.548s][info][gc,heap        ] GC(276) PSYoungGen: 297536K(370176K)->297632K(355328K) Eden: 67584K(67584K)->0K(38400K) From: 229952K(302592K)->297632K(316928K)
[37.548s][info][gc,heap        ] GC(276) ParOldGen: 5805089K(5990912K)->5805089K(5990912K)
[37.548s][info][gc,metaspace   ] GC(276) Metaspace: 6302K(6464K)->6302K(6464K) NonClass: 5768K(5824K)->5768K(5824K) Class: 533K(640K)->533K(640K)
[37.548s][info][gc             ] GC(276) Pause Young (Allocation Failure) 5959M->5959M(6197M) 146.696ms
[37.548s][info][gc,cpu         ] GC(276) User=0.70s Sys=0.05s Real=0.15s
[37.591s][info][gc,start       ] GC(277) Pause Young (Allocation Failure)
[37.747s][info][gc,heap        ] GC(277) PSYoungGen: 336032K(355328K)->255040K(391168K) Eden: 38400K(38400K)->0K(38400K) From: 297632K(316928K)->255040K(352768K)
[37.747s][info][gc,heap        ] GC(277) ParOldGen: 5805089K(5990912K)->5886745K(5990912K)
[37.747s][info][gc,metaspace   ] GC(277) Metaspace: 6302K(6464K)->6302K(6464K) NonClass: 5768K(5824K)->5768K(5824K) Class: 533K(640K)->533K(640K)
[37.747s][info][gc             ] GC(277) Pause Young (Allocation Failure) 5997M->5997M(6232M) 156.049ms
[37.747s][info][gc,cpu         ] GC(277) User=0.86s Sys=0.00s Real=0.16s
[37.747s][info][gc,start       ] GC(278) Pause Full (Ergonomics)
[37.747s][info][gc,phases,start] GC(278) Marking Phase
[39.066s][info][gc,phases      ] GC(278) Marking Phase 1318.417ms
[39.066s][info][gc,phases,start] GC(278) Summary Phase
[39.066s][info][gc,phases      ] GC(278) Summary Phase 0.096ms
[39.066s][info][gc,phases,start] GC(278) Adjust Roots
[39.066s][info][gc,phases      ] GC(278) Adjust Roots 0.204ms
[39.066s][info][gc,phases,start] GC(278) Compaction Phase
[40.018s][info][gc,phases      ] GC(278) Compaction Phase 952.195ms
[40.018s][info][gc,phases,start] GC(278) Post Compact
[40.029s][info][gc,phases      ] GC(278) Post Compact 10.257ms
[40.031s][info][gc,heap        ] GC(278) PSYoungGen: 255040K(391168K)->17302K(391168K) Eden: 0K(38400K)->0K(38400K) From: 255040K(352768K)->17302K(352768K)
[40.031s][info][gc,heap        ] GC(278) ParOldGen: 5886745K(5990912K)->5990532K(6615552K)
[40.031s][info][gc,metaspace   ] GC(278) Metaspace: 6302K(6464K)->6302K(6464K) NonClass: 5768K(5824K)->5768K(5824K) Class: 533K(640K)->533K(640K)
[40.031s][info][gc             ] GC(278) Pause Full (Ergonomics) 5997M->5867M(6842M) 2283.516ms
[40.031s][info][gc,cpu         ] GC(278) User=15.77s Sys=0.11s Real=2.28s
[40.078s][info][gc,start       ] GC(279) Pause Young (Allocation Failure)
[40.371s][info][gc,heap        ] GC(279) PSYoungGen: 55702K(391168K)->53472K(405504K) Eden: 38400K(38400K)->0K(39936K) From: 17302K(352768K)->53472K(365568K)
[40.371s][info][gc,heap        ] GC(279) ParOldGen: 5990532K(6615552K)->5993036K(6615552K)
[40.371s][info][gc,metaspace   ] GC(279) Metaspace: 6302K(6464K)->6302K(6464K) NonClass: 5768K(5824K)->5768K(5824K) Class: 533K(640K)->533K(640K)
[40.371s][info][gc             ] GC(279) Pause Young (Allocation Failure) 5904M->5904M(6856M) 293.370ms
[40.371s][info][gc,cpu         ] GC(279) User=1.83s Sys=0.00s Real=0.29s
[40.416s][info][gc,start       ] GC(280) Pause Young (Allocation Failure)
[40.512s][info][gc,heap        ] GC(280) PSYoungGen: 93408K(405504K)->93440K(133632K) Eden: 39936K(39936K)->0K(39936K) From: 53472K(365568K)->93440K(93696K)
[40.512s][info][gc,heap        ] GC(280) ParOldGen: 5993036K(6615552K)->5993036K(6615552K)
[40.512s][info][gc,metaspace   ] GC(280) Metaspace: 6302K(6464K)->6302K(6464K) NonClass: 5768K(5824K)->5768K(5824K) Class: 533K(640K)->533K(640K)
[40.512s][info][gc             ] GC(280) Pause Young (Allocation Failure) 5943M->5943M(6591M) 96.370ms
[40.512s][info][gc,cpu         ] GC(280) User=0.27s Sys=0.00s Real=0.10s
[40.552s][info][gc,start       ] GC(281) Pause Young (Allocation Failure)
[40.655s][info][gc,heap        ] GC(281) PSYoungGen: 133376K(133632K)->119616K(380928K) Eden: 39936K(39936K)->0K(45056K) From: 93440K(93696K)->119616K(335872K)
[40.655s][info][gc,heap        ] GC(281) ParOldGen: 5993036K(6615552K)->6006956K(6615552K)
[40.656s][info][gc,metaspace   ] GC(281) Metaspace: 6302K(6464K)->6302K(6464K) NonClass: 5768K(5824K)->5768K(5824K) Class: 533K(640K)->533K(640K)
[40.656s][info][gc             ] GC(281) Pause Young (Allocation Failure) 5982M->5982M(6832M) 103.728ms
[40.656s][info][gc,cpu         ] GC(281) User=0.27s Sys=0.00s Real=0.10s
[40.702s][info][gc,start       ] GC(282) Pause Young (Allocation Failure)
[40.815s][info][gc,heap        ] GC(282) PSYoungGen: 164672K(380928K)->163648K(208896K) Eden: 45056K(45056K)->0K(45056K) From: 119616K(335872K)->163648K(163840K)
[40.815s][info][gc,heap        ] GC(282) ParOldGen: 6006956K(6615552K)->6008084K(6615552K)
[40.815s][info][gc,metaspace   ] GC(282) Metaspace: 6302K(6464K)->6302K(6464K) NonClass: 5768K(5824K)->5768K(5824K) Class: 533K(640K)->533K(640K)
[40.815s][info][gc             ] GC(282) Pause Young (Allocation Failure) 6026M->6027M(6664M) 113.306ms
[40.815s][info][gc,cpu         ] GC(282) User=0.33s Sys=0.00s Real=0.11s
[40.868s][info][gc,start       ] GC(283) Pause Young (Allocation Failure)
[40.995s][info][gc,heap        ] GC(283) PSYoungGen: 208704K(208896K)->130336K(356864K) Eden: 45056K(45056K)->0K(51200K) From: 163648K(163840K)->130336K(305664K)
[40.995s][info][gc,heap        ] GC(283) ParOldGen: 6008084K(6615552K)->6087084K(6615552K)
[40.995s][info][gc,metaspace   ] GC(283) Metaspace: 6302K(6464K)->6302K(6464K) NonClass: 5768K(5824K)->5768K(5824K) Class: 533K(640K)->533K(640K)
[40.995s][info][gc             ] GC(283) Pause Young (Allocation Failure) 6071M->6071M(6809M) 127.438ms
[40.995s][info][gc,cpu         ] GC(283) User=0.41s Sys=0.05s Real=0.13s
[41.051s][info][gc,start       ] GC(284) Pause Young (Allocation Failure)
[41.168s][info][gc,heap        ] GC(284) PSYoungGen: 181536K(356864K)->96544K(369664K) Eden: 51200K(51200K)->0K(51200K) From: 130336K(305664K)->96544K(318464K)
[41.168s][info][gc,heap        ] GC(284) ParOldGen: 6087084K(6615552K)->6172812K(6615552K)
[41.168s][info][gc,metaspace   ] GC(284) Metaspace: 6302K(6464K)->6302K(6464K) NonClass: 5768K(5824K)->5768K(5824K) Class: 533K(640K)->533K(640K)
[41.168s][info][gc             ] GC(284) Pause Young (Allocation Failure) 6121M->6122M(6821M) 117.223ms
[41.168s][info][gc,cpu         ] GC(284) User=0.34s Sys=0.02s Real=0.12s
[41.221s][info][gc,start       ] GC(285) Pause Young (Allocation Failure)
[41.332s][info][gc,heap        ] GC(285) PSYoungGen: 147744K(369664K)->51424K(369152K) Eden: 51200K(51200K)->0K(57344K) From: 96544K(318464K)->51424K(311808K)
[41.332s][info][gc,heap        ] GC(285) ParOldGen: 6172812K(6615552K)->6269900K(6615552K)
[41.332s][info][gc,metaspace   ] GC(285) Metaspace: 6302K(6464K)->6302K(6464K) NonClass: 5768K(5824K)->5768K(5824K) Class: 533K(640K)->533K(640K)
[41.332s][info][gc             ] GC(285) Pause Young (Allocation Failure) 6172M->6173M(6821M) 110.395ms
[41.332s][info][gc,cpu         ] GC(285) User=0.30s Sys=0.02s Real=0.11s
[41.392s][info][gc,start       ] GC(286) Pause Young (Allocation Failure)
[41.490s][info][gc,heap        ] GC(286) PSYoungGen: 108768K(369152K)->57568K(369664K) Eden: 57344K(57344K)->0K(57344K) From: 51424K(311808K)->57568K(312320K)
[41.490s][info][gc,heap        ] GC(286) ParOldGen: 6269900K(6615552K)->6321580K(6615552K)
[41.491s][info][gc,metaspace   ] GC(286) Metaspace: 6302K(6464K)->6302K(6464K) NonClass: 5768K(5824K)->5768K(5824K) Class: 533K(640K)->533K(640K)
[41.491s][info][gc             ] GC(286) Pause Young (Allocation Failure) 6229M->6229M(6821M) 98.084ms
[41.491s][info][gc,cpu         ] GC(286) User=0.30s Sys=0.02s Real=0.10s
[41.554s][info][gc,start       ] GC(287) Pause Young (Allocation Failure)
[41.658s][info][gc,heap        ] GC(287) PSYoungGen: 114912K(369664K)->57600K(362496K) Eden: 57344K(57344K)->0K(65024K) From: 57568K(312320K)->57600K(297472K)
[41.658s][info][gc,heap        ] GC(287) ParOldGen: 6321580K(6615552K)->6379460K(6615552K)
[41.658s][info][gc,metaspace   ] GC(287) Metaspace: 6302K(6464K)->6302K(6464K) NonClass: 5768K(5824K)->5768K(5824K) Class: 533K(640K)->533K(640K)
[41.658s][info][gc             ] GC(287) Pause Young (Allocation Failure) 6285M->6286M(6814M) 103.917ms
[41.658s][info][gc,cpu         ] GC(287) User=0.33s Sys=0.00s Real=0.10s
[41.735s][info][gc,start       ] GC(288) Pause Young (Allocation Failure)
[41.834s][info][gc,heap        ] GC(288) PSYoungGen: 122624K(362496K)->65248K(368128K) Eden: 65024K(65024K)->0K(65024K) From: 57600K(297472K)->65248K(303104K)
[41.834s][info][gc,heap        ] GC(288) ParOldGen: 6379460K(6615552K)->6437324K(6615552K)
[41.834s][info][gc,metaspace   ] GC(288) Metaspace: 6302K(6464K)->6302K(6464K) NonClass: 5768K(5824K)->5768K(5824K) Class: 533K(640K)->533K(640K)
[41.834s][info][gc             ] GC(288) Pause Young (Allocation Failure) 6349M->6350M(6820M) 98.354ms
[41.834s][info][gc,cpu         ] GC(288) User=0.33s Sys=0.00s Real=0.10s
[41.911s][info][gc,start       ] GC(289) Pause Young (Allocation Failure)
[42.019s][info][gc,heap        ] GC(289) PSYoungGen: 130272K(368128K)->65280K(350720K) Eden: 65024K(65024K)->0K(73216K) From: 65248K(303104K)->65280K(277504K)
[42.019s][info][gc,heap        ] GC(289) ParOldGen: 6437324K(6615552K)->6502940K(6615552K)
[42.019s][info][gc,metaspace   ] GC(289) Metaspace: 6302K(6464K)->6302K(6464K) NonClass: 5768K(5824K)->5768K(5824K) Class: 533K(640K)->533K(640K)
[42.019s][info][gc             ] GC(289) Pause Young (Allocation Failure) 6413M->6414M(6803M) 108.326ms
[42.019s][info][gc,cpu         ] GC(289) User=0.36s Sys=0.08s Real=0.11s
[42.019s][info][gc,start       ] GC(290) Pause Full (Ergonomics)
[42.019s][info][gc,phases,start] GC(290) Marking Phase
[43.487s][info][gc,phases      ] GC(290) Marking Phase 1467.879ms
[43.487s][info][gc,phases,start] GC(290) Summary Phase
[43.487s][info][gc,phases      ] GC(290) Summary Phase 0.109ms
[43.487s][info][gc,phases,start] GC(290) Adjust Roots
[43.487s][info][gc,phases      ] GC(290) Adjust Roots 0.185ms
[43.487s][info][gc,phases,start] GC(290) Compaction Phase
[44.154s][info][gc,phases      ] GC(290) Compaction Phase 667.182ms
[44.154s][info][gc,phases,start] GC(290) Post Compact
[44.164s][info][gc,phases      ] GC(290) Post Compact 9.640ms
[44.166s][info][gc,heap        ] GC(290) PSYoungGen: 65280K(350720K)->0K(359424K) Eden: 0K(73216K)->0K(73216K) From: 65280K(277504K)->0K(286208K)
[44.166s][info][gc,heap        ] GC(290) ParOldGen: 6502940K(6615552K)->6562998K(7225344K)
[44.166s][info][gc,metaspace   ] GC(290) Metaspace: 6302K(6464K)->6302K(6464K) NonClass: 5768K(5824K)->5768K(5824K) Class: 533K(640K)->533K(640K)
[44.166s][info][gc             ] GC(290) Pause Full (Ergonomics) 6414M->6409M(7407M) 2147.141ms
[44.166s][info][gc,cpu         ] GC(290) User=15.16s Sys=0.11s Real=2.15s
[44.247s][info][gc,start       ] GC(291) Pause Young (Allocation Failure)
[44.333s][info][gc,heap        ] GC(291) PSYoungGen: 73216K(359424K)->73472K(343040K) Eden: 73216K(73216K)->0K(80384K) From: 0K(286208K)->73472K(262656K)
[44.333s][info][gc,heap        ] GC(291) ParOldGen: 6562998K(7225344K)->6562998K(7225344K)
[44.333s][info][gc,metaspace   ] GC(291) Metaspace: 6302K(6464K)->6302K(6464K) NonClass: 5768K(5824K)->5768K(5824K) Class: 533K(640K)->533K(640K)
[44.333s][info][gc             ] GC(291) Pause Young (Allocation Failure) 6480M->6480M(7391M) 85.519ms
[44.333s][info][gc,cpu         ] GC(291) User=0.19s Sys=0.00s Real=0.09s
[44.426s][info][gc,start       ] GC(292) Pause Young (Allocation Failure)
[44.538s][info][gc,heap        ] GC(292) PSYoungGen: 153856K(343040K)->153952K(355840K) Eden: 80384K(80384K)->0K(80384K) From: 73472K(262656K)->153952K(275456K)
[44.538s][info][gc,heap        ] GC(292) ParOldGen: 6562998K(7225344K)->6562998K(7225344K)
[44.538s][info][gc,metaspace   ] GC(292) Metaspace: 6302K(6464K)->6302K(6464K) NonClass: 5768K(5824K)->5768K(5824K) Class: 533K(640K)->533K(640K)
[44.538s][info][gc             ] GC(292) Pause Young (Allocation Failure) 6559M->6559M(7403M) 111.892ms
[44.538s][info][gc,cpu         ] GC(292) User=0.34s Sys=0.00s Real=0.11s
[44.631s][info][gc,start       ] GC(293) Pause Young (Allocation Failure)
[44.764s][info][gc,heap        ] GC(293) PSYoungGen: 234336K(355840K)->161120K(362496K) Eden: 80384K(80384K)->0K(87040K) From: 153952K(275456K)->161120K(275456K)
[44.764s][info][gc,heap        ] GC(293) ParOldGen: 6562998K(7225344K)->6636862K(7225344K)
[44.764s][info][gc,metaspace   ] GC(293) Metaspace: 6302K(6464K)->6302K(6464K) NonClass: 5768K(5824K)->5768K(5824K) Class: 533K(640K)->533K(640K)
[44.764s][info][gc             ] GC(293) Pause Young (Allocation Failure) 6638M->6638M(7410M) 132.753ms
[44.764s][info][gc,cpu         ] GC(293) User=0.56s Sys=0.02s Real=0.13s
[44.862s][info][gc,start       ] GC(294) Pause Young (Allocation Failure)
[44.999s][info][gc,heap        ] GC(294) PSYoungGen: 248160K(362496K)->167872K(364032K) Eden: 87040K(87040K)->0K(87040K) From: 161120K(275456K)->167872K(276992K)
[44.999s][info][gc,heap        ] GC(294) ParOldGen: 6636862K(7225344K)->6717966K(7225344K)
[44.999s][info][gc,metaspace   ] GC(294) Metaspace: 6302K(6464K)->6302K(6464K) NonClass: 5768K(5824K)->5768K(5824K) Class: 533K(640K)->533K(640K)
[44.999s][info][gc             ] GC(294) Pause Young (Allocation Failure) 6723M->6724M(7411M) 137.358ms
[44.999s][info][gc,cpu         ] GC(294) User=0.56s Sys=0.02s Real=0.14s
[45.102s][info][gc,start       ] GC(295) Pause Young (Allocation Failure)
[45.246s][info][gc,heap        ] GC(295) PSYoungGen: 254912K(364032K)->174464K(373248K) Eden: 87040K(87040K)->0K(93184K) From: 167872K(276992K)->174464K(280064K)
[45.246s][info][gc,heap        ] GC(295) ParOldGen: 6717966K(7225344K)->6799062K(7225344K)
[45.246s][info][gc,metaspace   ] GC(295) Metaspace: 6302K(6464K)->6302K(6464K) NonClass: 5768K(5824K)->5768K(5824K) Class: 533K(640K)->533K(640K)
[45.246s][info][gc             ] GC(295) Pause Young (Allocation Failure) 6809M->6810M(7420M) 144.489ms
[45.246s][info][gc,cpu         ] GC(295) User=0.62s Sys=0.02s Real=0.14s
[45.340s][info][gc,start       ] GC(296) Pause Young (Allocation Failure)
[45.485s][info][gc,heap        ] GC(296) PSYoungGen: 267648K(373248K)->180640K(376320K) Eden: 93184K(93184K)->0K(93184K) From: 174464K(280064K)->180640K(283136K)
[45.485s][info][gc,heap        ] GC(296) ParOldGen: 6799062K(7225344K)->6886886K(7225344K)
[45.485s][info][gc,metaspace   ] GC(296) Metaspace: 6302K(6464K)->6302K(6464K) NonClass: 5768K(5824K)->5768K(5824K) Class: 533K(640K)->533K(640K)
[45.485s][info][gc             ] GC(296) Pause Young (Allocation Failure) 6901M->6901M(7423M) 145.123ms
[45.485s][info][gc,cpu         ] GC(296) User=0.66s Sys=0.06s Real=0.14s
[45.576s][info][gc,start       ] GC(297) Pause Young (Allocation Failure)
[45.719s][info][gc,heap        ] GC(297) PSYoungGen: 273824K(376320K)->186880K(386560K) Eden: 93184K(93184K)->0K(99328K) From: 180640K(283136K)->186880K(287232K)
[45.719s][info][gc,heap        ] GC(297) ParOldGen: 6886886K(7225344K)->6974694K(7225344K)
[45.719s][info][gc,metaspace   ] GC(297) Metaspace: 6302K(6464K)->6302K(6464K) NonClass: 5768K(5824K)->5768K(5824K) Class: 533K(640K)->533K(640K)
[45.720s][info][gc             ] GC(297) Pause Young (Allocation Failure) 6992M->6993M(7433M) 143.069ms
[45.720s][info][gc,cpu         ] GC(297) User=0.69s Sys=0.11s Real=0.14s
[45.828s][info][gc,start       ] GC(298) Pause Young (Allocation Failure)
[45.987s][info][gc,heap        ] GC(298) PSYoungGen: 286208K(386560K)->99648K(391168K) Eden: 99328K(99328K)->0K(99328K) From: 186880K(287232K)->99648K(291840K)
[45.987s][info][gc,heap        ] GC(298) ParOldGen: 6974694K(7225344K)->7162694K(7225344K)
[45.987s][info][gc,metaspace   ] GC(298) Metaspace: 6302K(6464K)->6302K(6464K) NonClass: 5768K(5824K)->5768K(5824K) Class: 533K(640K)->533K(640K)
[45.987s][info][gc             ] GC(298) Pause Young (Allocation Failure) 7090M->7092M(7438M) 159.012ms
[45.987s][info][gc,cpu         ] GC(298) User=0.95s Sys=0.12s Real=0.16s
[45.987s][info][gc,start       ] GC(299) Pause Full (Ergonomics)
[45.987s][info][gc,phases,start] GC(299) Marking Phase
[47.622s][info][gc,phases      ] GC(299) Marking Phase 1634.710ms
[47.622s][info][gc,phases,start] GC(299) Summary Phase
[47.622s][info][gc,phases      ] GC(299) Summary Phase 0.082ms
[47.622s][info][gc,phases,start] GC(299) Adjust Roots
[47.622s][info][gc,phases      ] GC(299) Adjust Roots 0.192ms
[47.622s][info][gc,phases,start] GC(299) Compaction Phase
[48.298s][info][gc,phases      ] GC(299) Compaction Phase 675.566ms
[48.298s][info][gc,phases,start] GC(299) Post Compact
[48.311s][info][gc,phases      ] GC(299) Post Compact 13.141ms
[48.312s][info][gc,heap        ] GC(299) PSYoungGen: 99648K(391168K)->31335K(391168K) Eden: 0K(99328K)->0K(99328K) From: 99648K(291840K)->31335K(291840K)
[48.312s][info][gc,heap        ] GC(299) ParOldGen: 7162694K(7225344K)->7225170K(7441408K)
[48.312s][info][gc,metaspace   ] GC(299) Metaspace: 6302K(6464K)->6302K(6464K) NonClass: 5768K(5824K)->5768K(5824K) Class: 533K(640K)->533K(640K)
[48.312s][info][gc             ] GC(299) Pause Full (Ergonomics) 7092M->7086M(7649M) 2324.702ms
[48.312s][info][gc,cpu         ] GC(299) User=17.22s Sys=0.00s Real=2.33s
[48.421s][info][gc,start       ] GC(300) Pause Young (Allocation Failure)
[48.786s][info][gc,heap        ] GC(300) PSYoungGen: 130663K(391168K)->99616K(372736K) Eden: 99328K(99328K)->0K(109056K) From: 31335K(291840K)->99616K(263680K)
[48.786s][info][gc,heap        ] GC(300) ParOldGen: 7225170K(7441408K)->7256834K(7441408K)
[48.786s][info][gc,metaspace   ] GC(300) Metaspace: 6302K(6464K)->6302K(6464K) NonClass: 5768K(5824K)->5768K(5824K) Class: 533K(640K)->533K(640K)
[48.786s][info][gc             ] GC(300) Pause Young (Allocation Failure) 7183M->7184M(7631M) 365.730ms
[48.787s][info][gc,cpu         ] GC(300) User=2.44s Sys=0.00s Real=0.37s
[48.914s][info][gc,start       ] GC(301) Pause Young (Allocation Failure)
[49.049s][info][gc,heap        ] GC(301) PSYoungGen: 208672K(372736K)->208896K(383488K) Eden: 109056K(109056K)->0K(109056K) From: 99616K(263680K)->208896K(274432K)
[49.049s][info][gc,heap        ] GC(301) ParOldGen: 7256834K(7441408K)->7256834K(7441408K)
[49.049s][info][gc,metaspace   ] GC(301) Metaspace: 6302K(6464K)->6302K(6464K) NonClass: 5768K(5824K)->5768K(5824K) Class: 533K(640K)->533K(640K)
[49.049s][info][gc             ] GC(301) Pause Young (Allocation Failure) 7290M->7290M(7641M) 135.178ms
[49.050s][info][gc,cpu         ] GC(301) User=0.48s Sys=0.00s Real=0.14s
[49.169s][info][gc,start       ] GC(302) Pause Young (Allocation Failure)
[49.332s][info][gc,heap        ] GC(302) PSYoungGen: 317952K(383488K)->288768K(357376K) Eden: 109056K(109056K)->0K(68608K) From: 208896K(274432K)->288768K(288768K)
[49.332s][info][gc,heap        ] GC(302) ParOldGen: 7256834K(7441408K)->7286330K(7441408K)
[49.332s][info][gc,metaspace   ] GC(302) Metaspace: 6302K(6464K)->6302K(6464K) NonClass: 5768K(5824K)->5768K(5824K) Class: 533K(640K)->533K(640K)
[49.332s][info][gc             ] GC(302) Pause Young (Allocation Failure) 7397M->7397M(7616M) 163.582ms
[49.333s][info][gc,cpu         ] GC(302) User=1.03s Sys=0.03s Real=0.16s
[49.333s][info][gc,start       ] GC(303) Pause Full (Ergonomics)
[49.333s][info][gc,phases,start] GC(303) Marking Phase
[51.040s][info][gc,phases      ] GC(303) Marking Phase 1707.775ms
[51.040s][info][gc,phases,start] GC(303) Summary Phase
[51.040s][info][gc,phases      ] GC(303) Summary Phase 0.094ms
[51.041s][info][gc,phases,start] GC(303) Adjust Roots
[51.041s][info][gc,phases      ] GC(303) Adjust Roots 0.233ms
[51.041s][info][gc,phases,start] GC(303) Compaction Phase
[51.704s][info][gc,phases      ] GC(303) Compaction Phase 663.167ms
[51.704s][info][gc,phases,start] GC(303) Post Compact
[51.716s][info][gc,phases      ] GC(303) Post Compact 11.700ms
[51.716s][info][gc,heap        ] GC(303) PSYoungGen: 288768K(357376K)->132796K(357376K) Eden: 0K(68608K)->0K(68608K) From: 288768K(288768K)->132796K(288768K)
[51.716s][info][gc,heap        ] GC(303) ParOldGen: 7286330K(7441408K)->7441055K(7441408K)
[51.716s][info][gc,metaspace   ] GC(303) Metaspace: 6302K(6464K)->6302K(6464K) NonClass: 5768K(5824K)->5768K(5824K) Class: 533K(640K)->533K(640K)
[51.716s][info][gc             ] GC(303) Pause Full (Ergonomics) 7397M->7396M(7616M) 2383.513ms
[51.716s][info][gc,cpu         ] GC(303) User=17.31s Sys=0.05s Real=2.38s
[51.796s][info][gc,start       ] GC(304) Pause Full (Ergonomics)
[51.796s][info][gc,phases,start] GC(304) Marking Phase
[53.541s][info][gc,phases      ] GC(304) Marking Phase 1745.572ms
[53.541s][info][gc,phases,start] GC(304) Summary Phase
[53.541s][info][gc,phases      ] GC(304) Summary Phase 0.081ms
[53.541s][info][gc,phases,start] GC(304) Adjust Roots
[53.542s][info][gc,phases      ] GC(304) Adjust Roots 0.183ms
[53.542s][info][gc,phases,start] GC(304) Compaction Phase
[54.159s][info][gc,phases      ] GC(304) Compaction Phase 617.501ms
[54.159s][info][gc,phases,start] GC(304) Post Compact
[54.171s][info][gc,phases      ] GC(304) Post Compact 11.553ms
[54.171s][info][gc,heap        ] GC(304) PSYoungGen: 201404K(357376K)->201374K(357376K) Eden: 68608K(68608K)->68578K(68608K) From: 132796K(288768K)->132796K(288768K)
[54.171s][info][gc,heap        ] GC(304) ParOldGen: 7441055K(7441408K)->7441055K(7441408K)
[54.171s][info][gc,metaspace   ] GC(304) Metaspace: 6302K(6464K)->6302K(6464K) NonClass: 5768K(5824K)->5768K(5824K) Class: 533K(640K)->533K(640K)
[54.171s][info][gc             ] GC(304) Pause Full (Ergonomics) 7463M->7463M(7616M) 2375.288ms
[54.171s][info][gc,cpu         ] GC(304) User=17.02s Sys=0.02s Real=2.38s
[54.171s][info][gc,start       ] GC(305) Pause Full (Ergonomics)
[54.171s][info][gc,phases,start] GC(305) Marking Phase
[55.888s][info][gc,phases      ] GC(305) Marking Phase 1716.380ms
[55.888s][info][gc,phases,start] GC(305) Summary Phase
[55.888s][info][gc,phases      ] GC(305) Summary Phase 0.075ms
[55.888s][info][gc,phases,start] GC(305) Adjust Roots
[55.888s][info][gc,phases      ] GC(305) Adjust Roots 0.161ms
[55.888s][info][gc,phases,start] GC(305) Compaction Phase
[56.492s][info][gc,phases      ] GC(305) Compaction Phase 604.337ms
[56.492s][info][gc,phases,start] GC(305) Post Compact
[56.504s][info][gc,phases      ] GC(305) Post Compact 11.518ms
[56.504s][info][gc,heap        ] GC(305) PSYoungGen: 201404K(357376K)->201403K(357376K) Eden: 68608K(68608K)->68607K(68608K) From: 132796K(288768K)->132796K(288768K)
[56.504s][info][gc,heap        ] GC(305) ParOldGen: 7441055K(7441408K)->7441055K(7441408K)
[56.504s][info][gc,metaspace   ] GC(305) Metaspace: 6302K(6464K)->6302K(6464K) NonClass: 5768K(5824K)->5768K(5824K) Class: 533K(640K)->533K(640K)
[56.504s][info][gc             ] GC(305) Pause Full (Ergonomics) 7463M->7463M(7616M) 2332.815ms
[56.504s][info][gc,cpu         ] GC(305) User=16.92s Sys=0.00s Real=2.33s
[56.504s][info][gc,start       ] GC(306) Pause Full (Ergonomics)
[56.504s][info][gc,phases,start] GC(306) Marking Phase
[58.238s][info][gc,phases      ] GC(306) Marking Phase 1733.380ms
[58.238s][info][gc,phases,start] GC(306) Summary Phase
[58.238s][info][gc,phases      ] GC(306) Summary Phase 0.079ms
[58.238s][info][gc,phases,start] GC(306) Adjust Roots
[58.238s][info][gc,phases      ] GC(306) Adjust Roots 0.164ms
[58.238s][info][gc,phases,start] GC(306) Compaction Phase
[58.840s][info][gc,phases      ] GC(306) Compaction Phase 602.279ms
[58.840s][info][gc,phases,start] GC(306) Post Compact
[58.852s][info][gc,phases      ] GC(306) Post Compact 11.393ms
[58.852s][info][gc,heap        ] GC(306) PSYoungGen: 201403K(357376K)->201403K(357376K) Eden: 68607K(68608K)->68607K(68608K) From: 132796K(288768K)->132796K(288768K)
[58.852s][info][gc,heap        ] GC(306) ParOldGen: 7441055K(7441408K)->7441055K(7441408K)
[58.852s][info][gc,metaspace   ] GC(306) Metaspace: 6302K(6464K)->6302K(6464K) NonClass: 5768K(5824K)->5768K(5824K) Class: 533K(640K)->533K(640K)
[58.852s][info][gc             ] GC(306) Pause Full (Ergonomics) 7463M->7463M(7616M) 2347.635ms
[58.852s][info][gc,cpu         ] GC(306) User=17.22s Sys=0.00s Real=2.35s
[58.852s][info][gc,start       ] GC(307) Pause Full (Ergonomics)
[58.852s][info][gc,phases,start] GC(307) Marking Phase
[60.572s][info][gc,phases      ] GC(307) Marking Phase 1719.929ms
[60.572s][info][gc,phases,start] GC(307) Summary Phase
[60.572s][info][gc,phases      ] GC(307) Summary Phase 0.088ms
[60.572s][info][gc,phases,start] GC(307) Adjust Roots
[60.572s][info][gc,phases      ] GC(307) Adjust Roots 0.173ms
[60.572s][info][gc,phases,start] GC(307) Compaction Phase
[61.189s][info][gc,phases      ] GC(307) Compaction Phase 617.027ms
[61.189s][info][gc,phases,start] GC(307) Post Compact
[61.201s][info][gc,phases      ] GC(307) Post Compact 11.384ms
[61.201s][info][gc,heap        ] GC(307) PSYoungGen: 201404K(357376K)->201404K(357376K) Eden: 68607K(68608K)->68607K(68608K) From: 132796K(288768K)->132796K(288768K)
[61.201s][info][gc,heap        ] GC(307) ParOldGen: 7441060K(7441408K)->7441060K(7441408K)
[61.201s][info][gc,metaspace   ] GC(307) Metaspace: 6302K(6464K)->6302K(6464K) NonClass: 5768K(5824K)->5768K(5824K) Class: 533K(640K)->533K(640K)
[61.201s][info][gc             ] GC(307) Pause Full (Ergonomics) 7463M->7463M(7616M) 2348.930ms
[61.201s][info][gc,cpu         ] GC(307) User=17.20s Sys=0.00s Real=2.35s
[61.201s][info][gc,start       ] GC(308) Pause Full (Ergonomics)
[61.201s][info][gc,phases,start] GC(308) Marking Phase
[62.939s][info][gc,phases      ] GC(308) Marking Phase 1738.099ms
[62.939s][info][gc,phases,start] GC(308) Summary Phase
[62.939s][info][gc,phases      ] GC(308) Summary Phase 0.087ms
[62.939s][info][gc,phases,start] GC(308) Adjust Roots
[62.940s][info][gc,phases      ] GC(308) Adjust Roots 0.222ms
[62.940s][info][gc,phases,start] GC(308) Compaction Phase
[63.548s][info][gc,phases      ] GC(308) Compaction Phase 608.309ms
[63.548s][info][gc,phases,start] GC(308) Post Compact
[63.560s][info][gc,phases      ] GC(308) Post Compact 11.464ms
[63.560s][info][gc,heap        ] GC(308) PSYoungGen: 201404K(357376K)->201404K(357376K) Eden: 68607K(68608K)->68607K(68608K) From: 132796K(288768K)->132796K(288768K)
[63.560s][info][gc,heap        ] GC(308) ParOldGen: 7441065K(7441408K)->7441065K(7441408K)
[63.560s][info][gc,metaspace   ] GC(308) Metaspace: 6302K(6464K)->6302K(6464K) NonClass: 5768K(5824K)->5768K(5824K) Class: 533K(640K)->533K(640K)
[63.560s][info][gc             ] GC(308) Pause Full (Ergonomics) 7463M->7463M(7616M) 2358.561ms
[63.560s][info][gc,cpu         ] GC(308) User=17.33s Sys=0.00s Real=2.36s
[63.560s][info][gc,start       ] GC(309) Pause Full (Ergonomics)
[63.560s][info][gc,phases,start] GC(309) Marking Phase
[65.278s][info][gc,phases      ] GC(309) Marking Phase 1718.056ms
[65.278s][info][gc,phases,start] GC(309) Summary Phase
[65.278s][info][gc,phases      ] GC(309) Summary Phase 0.075ms
[65.278s][info][gc,phases,start] GC(309) Adjust Roots
[65.278s][info][gc,phases      ] GC(309) Adjust Roots 0.194ms
[65.278s][info][gc,phases,start] GC(309) Compaction Phase
[65.895s][info][gc,phases      ] GC(309) Compaction Phase 616.147ms
[65.895s][info][gc,phases,start] GC(309) Post Compact
[65.906s][info][gc,phases      ] GC(309) Post Compact 11.428ms
[65.906s][info][gc,heap        ] GC(309) PSYoungGen: 201404K(357376K)->201404K(357376K) Eden: 68607K(68608K)->68607K(68608K) From: 132796K(288768K)->132796K(288768K)
[65.906s][info][gc,heap        ] GC(309) ParOldGen: 7441070K(7441408K)->7441070K(7441408K)
[65.906s][info][gc,metaspace   ] GC(309) Metaspace: 6302K(6464K)->6302K(6464K) NonClass: 5768K(5824K)->5768K(5824K) Class: 533K(640K)->533K(640K)
[65.906s][info][gc             ] GC(309) Pause Full (Ergonomics) 7463M->7463M(7616M) 2346.226ms
[65.906s][info][gc,cpu         ] GC(309) User=17.12s Sys=0.00s Real=2.35s
[65.906s][info][gc,start       ] GC(310) Pause Full (Ergonomics)
[65.906s][info][gc,phases,start] GC(310) Marking Phase
[67.648s][info][gc,phases      ] GC(310) Marking Phase 1741.500ms
[67.648s][info][gc,phases,start] GC(310) Summary Phase
[67.648s][info][gc,phases      ] GC(310) Summary Phase 0.116ms
[67.648s][info][gc,phases,start] GC(310) Adjust Roots
[67.648s][info][gc,phases      ] GC(310) Adjust Roots 0.247ms
[67.648s][info][gc,phases,start] GC(310) Compaction Phase
[68.263s][info][gc,phases      ] GC(310) Compaction Phase 614.122ms
[68.263s][info][gc,phases,start] GC(310) Post Compact
[68.274s][info][gc,phases      ] GC(310) Post Compact 11.318ms
[68.274s][info][gc,heap        ] GC(310) PSYoungGen: 201404K(357376K)->201404K(357376K) Eden: 68607K(68608K)->68607K(68608K) From: 132796K(288768K)->132796K(288768K)
[68.274s][info][gc,heap        ] GC(310) ParOldGen: 7441075K(7441408K)->7441075K(7441408K)
[68.274s][info][gc,metaspace   ] GC(310) Metaspace: 6302K(6464K)->6302K(6464K) NonClass: 5768K(5824K)->5768K(5824K) Class: 533K(640K)->533K(640K)
[68.274s][info][gc             ] GC(310) Pause Full (Ergonomics) 7463M->7463M(7616M) 2367.686ms
[68.274s][info][gc,cpu         ] GC(310) User=17.59s Sys=0.00s Real=2.37s
[68.274s][info][gc,start       ] GC(311) Pause Full (Ergonomics)
[68.274s][info][gc,phases,start] GC(311) Marking Phase
[70.001s][info][gc,phases      ] GC(311) Marking Phase 1727.081ms
[70.001s][info][gc,phases,start] GC(311) Summary Phase
[70.002s][info][gc,phases      ] GC(311) Summary Phase 0.074ms
[70.002s][info][gc,phases,start] GC(311) Adjust Roots
[70.002s][info][gc,phases      ] GC(311) Adjust Roots 0.168ms
[70.002s][info][gc,phases,start] GC(311) Compaction Phase
[70.639s][info][gc,phases      ] GC(311) Compaction Phase 637.387ms
[70.639s][info][gc,phases,start] GC(311) Post Compact
[70.651s][info][gc,phases      ] GC(311) Post Compact 11.463ms
[70.651s][info][gc,heap        ] GC(311) PSYoungGen: 201404K(357376K)->201404K(357376K) Eden: 68607K(68608K)->68607K(68608K) From: 132796K(288768K)->132796K(288768K)
[70.651s][info][gc,heap        ] GC(311) ParOldGen: 7441080K(7441408K)->7441080K(7441408K)
[70.651s][info][gc,metaspace   ] GC(311) Metaspace: 6302K(6464K)->6302K(6464K) NonClass: 5768K(5824K)->5768K(5824K) Class: 533K(640K)->533K(640K)
[70.651s][info][gc             ] GC(311) Pause Full (Ergonomics) 7463M->7463M(7616M) 2376.533ms
[70.651s][info][gc,cpu         ] GC(311) User=17.25s Sys=0.00s Real=2.38s
[70.651s][info][gc,start       ] GC(312) Pause Full (Ergonomics)
[70.651s][info][gc,phases,start] GC(312) Marking Phase
[72.410s][info][gc,phases      ] GC(312) Marking Phase 1759.228ms
[72.410s][info][gc,phases,start] GC(312) Summary Phase
[72.410s][info][gc,phases      ] GC(312) Summary Phase 0.075ms
[72.410s][info][gc,phases,start] GC(312) Adjust Roots
[72.411s][info][gc,phases      ] GC(312) Adjust Roots 0.168ms
[72.411s][info][gc,phases,start] GC(312) Compaction Phase
[73.016s][info][gc,phases      ] GC(312) Compaction Phase 604.982ms
[73.016s][info][gc,phases,start] GC(312) Post Compact
[73.027s][info][gc,phases      ] GC(312) Post Compact 11.371ms
[73.027s][info][gc,heap        ] GC(312) PSYoungGen: 201404K(357376K)->201404K(357376K) Eden: 68607K(68608K)->68607K(68608K) From: 132796K(288768K)->132796K(288768K)
[73.027s][info][gc,heap        ] GC(312) ParOldGen: 7441085K(7441408K)->7441085K(7441408K)
[73.027s][info][gc,metaspace   ] GC(312) Metaspace: 6302K(6464K)->6302K(6464K) NonClass: 5768K(5824K)->5768K(5824K) Class: 533K(640K)->533K(640K)
[73.027s][info][gc             ] GC(312) Pause Full (Ergonomics) 7463M->7463M(7616M) 2376.166ms
[73.027s][info][gc,cpu         ] GC(312) User=17.59s Sys=0.02s Real=2.38s
[73.027s][info][gc,start       ] GC(313) Pause Full (Ergonomics)
[73.027s][info][gc,phases,start] GC(313) Marking Phase
[74.797s][info][gc,phases      ] GC(313) Marking Phase 1769.090ms
[74.797s][info][gc,phases,start] GC(313) Summary Phase
[74.797s][info][gc,phases      ] GC(313) Summary Phase 0.075ms
[74.797s][info][gc,phases,start] GC(313) Adjust Roots
[74.797s][info][gc,phases      ] GC(313) Adjust Roots 0.165ms
[74.797s][info][gc,phases,start] GC(313) Compaction Phase
[75.431s][info][gc,phases      ] GC(313) Compaction Phase 634.081ms
[75.431s][info][gc,phases,start] GC(313) Post Compact
[75.443s][info][gc,phases      ] GC(313) Post Compact 11.425ms
[75.443s][info][gc,heap        ] GC(313) PSYoungGen: 201404K(357376K)->201404K(357376K) Eden: 68607K(68608K)->68607K(68608K) From: 132796K(288768K)->132796K(288768K)
[75.443s][info][gc,heap        ] GC(313) ParOldGen: 7441089K(7441408K)->7441089K(7441408K)
[75.443s][info][gc,metaspace   ] GC(313) Metaspace: 6302K(6464K)->6302K(6464K) NonClass: 5768K(5824K)->5768K(5824K) Class: 533K(640K)->533K(640K)
[75.443s][info][gc             ] GC(313) Pause Full (Ergonomics) 7463M->7463M(7616M) 2415.195ms
[75.443s][info][gc,cpu         ] GC(313) User=17.47s Sys=0.00s Real=2.41s
[75.443s][info][gc,start       ] GC(314) Pause Full (Ergonomics)
[75.443s][info][gc,phases,start] GC(314) Marking Phase
[77.206s][info][gc,phases      ] GC(314) Marking Phase 1763.404ms
[77.206s][info][gc,phases,start] GC(314) Summary Phase
[77.207s][info][gc,phases      ] GC(314) Summary Phase 0.150ms
[77.207s][info][gc,phases,start] GC(314) Adjust Roots
[77.207s][info][gc,phases      ] GC(314) Adjust Roots 0.251ms
[77.207s][info][gc,phases,start] GC(314) Compaction Phase
[77.810s][info][gc,phases      ] GC(314) Compaction Phase 602.670ms
[77.810s][info][gc,phases,start] GC(314) Post Compact
[77.821s][info][gc,phases      ] GC(314) Post Compact 11.381ms
[77.821s][info][gc,heap        ] GC(314) PSYoungGen: 201404K(357376K)->201404K(357376K) Eden: 68607K(68608K)->68607K(68608K) From: 132796K(288768K)->132796K(288768K)
[77.821s][info][gc,heap        ] GC(314) ParOldGen: 7441094K(7441408K)->7441094K(7441408K)
[77.821s][info][gc,metaspace   ] GC(314) Metaspace: 6302K(6464K)->6302K(6464K) NonClass: 5768K(5824K)->5768K(5824K) Class: 533K(640K)->533K(640K)
[77.821s][info][gc             ] GC(314) Pause Full (Ergonomics) 7463M->7463M(7616M) 2378.220ms
[77.821s][info][gc,cpu         ] GC(314) User=17.58s Sys=0.02s Real=2.38s
[77.821s][info][gc,start       ] GC(315) Pause Full (Ergonomics)
[77.821s][info][gc,phases,start] GC(315) Marking Phase
[79.621s][info][gc,phases      ] GC(315) Marking Phase 1799.192ms
[79.621s][info][gc,phases,start] GC(315) Summary Phase
[79.621s][info][gc,phases      ] GC(315) Summary Phase 0.097ms
[79.621s][info][gc,phases,start] GC(315) Adjust Roots
[79.621s][info][gc,phases      ] GC(315) Adjust Roots 0.174ms
[79.621s][info][gc,phases,start] GC(315) Compaction Phase
[80.262s][info][gc,phases      ] GC(315) Compaction Phase 641.400ms
[80.262s][info][gc,phases,start] GC(315) Post Compact
[80.274s][info][gc,phases      ] GC(315) Post Compact 11.421ms
[80.274s][info][gc,heap        ] GC(315) PSYoungGen: 201404K(357376K)->201404K(357376K) Eden: 68607K(68608K)->68607K(68608K) From: 132796K(288768K)->132796K(288768K)
[80.274s][info][gc,heap        ] GC(315) ParOldGen: 7441099K(7441408K)->7441099K(7441408K)
[80.274s][info][gc,metaspace   ] GC(315) Metaspace: 6302K(6464K)->6302K(6464K) NonClass: 5768K(5824K)->5768K(5824K) Class: 533K(640K)->533K(640K)
[80.274s][info][gc             ] GC(315) Pause Full (Ergonomics) 7463M->7463M(7616M) 2452.637ms
[80.274s][info][gc,cpu         ] GC(315) User=18.05s Sys=0.00s Real=2.45s
[80.274s][info][gc,start       ] GC(316) Pause Full (Ergonomics)
[80.274s][info][gc,phases,start] GC(316) Marking Phase
[82.084s][info][gc,phases      ] GC(316) Marking Phase 1809.719ms
[82.084s][info][gc,phases,start] GC(316) Summary Phase
[82.084s][info][gc,phases      ] GC(316) Summary Phase 0.076ms
[82.084s][info][gc,phases,start] GC(316) Adjust Roots
[82.084s][info][gc,phases      ] GC(316) Adjust Roots 0.193ms
[82.084s][info][gc,phases,start] GC(316) Compaction Phase
[82.743s][info][gc,phases      ] GC(316) Compaction Phase 658.800ms
[82.743s][info][gc,phases,start] GC(316) Post Compact
[82.755s][info][gc,phases      ] GC(316) Post Compact 11.387ms
[82.755s][info][gc,heap        ] GC(316) PSYoungGen: 201404K(357376K)->201404K(357376K) Eden: 68607K(68608K)->68607K(68608K) From: 132796K(288768K)->132796K(288768K)
[82.755s][info][gc,heap        ] GC(316) ParOldGen: 7441104K(7441408K)->7441104K(7441408K)
[82.755s][info][gc,metaspace   ] GC(316) Metaspace: 6302K(6464K)->6302K(6464K) NonClass: 5768K(5824K)->5768K(5824K) Class: 533K(640K)->533K(640K)
[82.755s][info][gc             ] GC(316) Pause Full (Ergonomics) 7463M->7463M(7616M) 2480.523ms
[82.755s][info][gc,cpu         ] GC(316) User=18.17s Sys=0.02s Real=2.48s
[82.755s][info][gc,start       ] GC(317) Pause Full (Ergonomics)
[82.755s][info][gc,phases,start] GC(317) Marking Phase
[84.569s][info][gc,phases      ] GC(317) Marking Phase 1814.308ms
[84.569s][info][gc,phases,start] GC(317) Summary Phase
[84.569s][info][gc,phases      ] GC(317) Summary Phase 0.075ms
[84.569s][info][gc,phases,start] GC(317) Adjust Roots
[84.570s][info][gc,phases      ] GC(317) Adjust Roots 0.166ms
[84.570s][info][gc,phases,start] GC(317) Compaction Phase
[85.242s][info][gc,phases      ] GC(317) Compaction Phase 672.280ms
[85.242s][info][gc,phases,start] GC(317) Post Compact
[85.253s][info][gc,phases      ] GC(317) Post Compact 11.405ms
[85.253s][info][gc,heap        ] GC(317) PSYoungGen: 201404K(357376K)->201404K(357376K) Eden: 68607K(68608K)->68607K(68608K) From: 132796K(288768K)->132796K(288768K)
[85.253s][info][gc,heap        ] GC(317) ParOldGen: 7441109K(7441408K)->7441109K(7441408K)
[85.253s][info][gc,metaspace   ] GC(317) Metaspace: 6302K(6464K)->6302K(6464K) NonClass: 5768K(5824K)->5768K(5824K) Class: 533K(640K)->533K(640K)
[85.253s][info][gc             ] GC(317) Pause Full (Ergonomics) 7463M->7463M(7616M) 2498.590ms
[85.254s][info][gc,cpu         ] GC(317) User=18.25s Sys=0.03s Real=2.50s
[85.254s][info][gc,start       ] GC(318) Pause Full (Ergonomics)
[85.254s][info][gc,phases,start] GC(318) Marking Phase
[87.043s][info][gc,phases      ] GC(318) Marking Phase 1789.525ms
[87.043s][info][gc,phases,start] GC(318) Summary Phase
[87.043s][info][gc,phases      ] GC(318) Summary Phase 0.074ms
[87.043s][info][gc,phases,start] GC(318) Adjust Roots
[87.044s][info][gc,phases      ] GC(318) Adjust Roots 0.171ms
[87.044s][info][gc,phases,start] GC(318) Compaction Phase
[87.683s][info][gc,phases      ] GC(318) Compaction Phase 639.145ms
[87.683s][info][gc,phases,start] GC(318) Post Compact
[87.694s][info][gc,phases      ] GC(318) Post Compact 11.351ms
[87.694s][info][gc,heap        ] GC(318) PSYoungGen: 201404K(357376K)->201404K(357376K) Eden: 68607K(68608K)->68607K(68608K) From: 132796K(288768K)->132796K(288768K)
[87.694s][info][gc,heap        ] GC(318) ParOldGen: 7441114K(7441408K)->7441114K(7441408K)
[87.694s][info][gc,metaspace   ] GC(318) Metaspace: 6302K(6464K)->6302K(6464K) NonClass: 5768K(5824K)->5768K(5824K) Class: 533K(640K)->533K(640K)
[87.694s][info][gc             ] GC(318) Pause Full (Ergonomics) 7463M->7463M(7616M) 2440.633ms
[87.694s][info][gc,cpu         ] GC(318) User=18.17s Sys=0.00s Real=2.44s
[87.695s][info][gc,start       ] GC(319) Pause Full (Ergonomics)
[87.695s][info][gc,phases,start] GC(319) Marking Phase
[89.520s][info][gc,phases      ] GC(319) Marking Phase 1825.692ms
[89.520s][info][gc,phases,start] GC(319) Summary Phase
[89.520s][info][gc,phases      ] GC(319) Summary Phase 0.075ms
[89.521s][info][gc,phases,start] GC(319) Adjust Roots
[89.521s][info][gc,phases      ] GC(319) Adjust Roots 0.205ms
[89.521s][info][gc,phases,start] GC(319) Compaction Phase
[90.158s][info][gc,phases      ] GC(319) Compaction Phase 637.550ms
[90.158s][info][gc,phases,start] GC(319) Post Compact
[90.170s][info][gc,phases      ] GC(319) Post Compact 11.405ms
[90.170s][info][gc,heap        ] GC(319) PSYoungGen: 201404K(357376K)->201404K(357376K) Eden: 68607K(68608K)->68607K(68608K) From: 132796K(288768K)->132796K(288768K)
[90.170s][info][gc,heap        ] GC(319) ParOldGen: 7441118K(7441408K)->7441118K(7441408K)
[90.170s][info][gc,metaspace   ] GC(319) Metaspace: 6302K(6464K)->6302K(6464K) NonClass: 5768K(5824K)->5768K(5824K) Class: 533K(640K)->533K(640K)
[90.170s][info][gc             ] GC(319) Pause Full (Ergonomics) 7463M->7463M(7616M) 2475.291ms
[90.170s][info][gc,cpu         ] GC(319) User=18.48s Sys=0.00s Real=2.47s
[90.170s][info][gc,start       ] GC(320) Pause Full (Ergonomics)
[90.170s][info][gc,phases,start] GC(320) Marking Phase
[92.001s][info][gc,phases      ] GC(320) Marking Phase 1830.762ms
[92.001s][info][gc,phases,start] GC(320) Summary Phase
[92.001s][info][gc,phases      ] GC(320) Summary Phase 0.088ms
[92.001s][info][gc,phases,start] GC(320) Adjust Roots
[92.001s][info][gc,phases      ] GC(320) Adjust Roots 0.191ms
[92.001s][info][gc,phases,start] GC(320) Compaction Phase
[92.641s][info][gc,phases      ] GC(320) Compaction Phase 639.932ms
[92.641s][info][gc,phases,start] GC(320) Post Compact
[92.653s][info][gc,phases      ] GC(320) Post Compact 11.395ms
[92.653s][info][gc,heap        ] GC(320) PSYoungGen: 201404K(357376K)->201404K(357376K) Eden: 68607K(68608K)->68607K(68608K) From: 132796K(288768K)->132796K(288768K)
[92.653s][info][gc,heap        ] GC(320) ParOldGen: 7441123K(7441408K)->7441123K(7441408K)
[92.653s][info][gc,metaspace   ] GC(320) Metaspace: 6302K(6464K)->6302K(6464K) NonClass: 5768K(5824K)->5768K(5824K) Class: 533K(640K)->533K(640K)
[92.653s][info][gc             ] GC(320) Pause Full (Ergonomics) 7463M->7463M(7616M) 2482.727ms
[92.653s][info][gc,cpu         ] GC(320) User=18.66s Sys=0.00s Real=2.48s
[92.653s][info][gc,start       ] GC(321) Pause Full (Ergonomics)
[92.653s][info][gc,phases,start] GC(321) Marking Phase
[94.485s][info][gc,phases      ] GC(321) Marking Phase 1831.436ms
[94.485s][info][gc,phases,start] GC(321) Summary Phase
[94.485s][info][gc,phases      ] GC(321) Summary Phase 0.090ms
[94.485s][info][gc,phases,start] GC(321) Adjust Roots
[94.485s][info][gc,phases      ] GC(321) Adjust Roots 0.207ms
[94.485s][info][gc,phases,start] GC(321) Compaction Phase
[95.153s][info][gc,phases      ] GC(321) Compaction Phase 668.291ms
[95.153s][info][gc,phases,start] GC(321) Post Compact
[95.165s][info][gc,phases      ] GC(321) Post Compact 11.300ms
[95.165s][info][gc,heap        ] GC(321) PSYoungGen: 201404K(357376K)->201404K(357376K) Eden: 68607K(68608K)->68607K(68608K) From: 132796K(288768K)->132796K(288768K)
[95.165s][info][gc,heap        ] GC(321) ParOldGen: 7441128K(7441408K)->7441128K(7441408K)
[95.165s][info][gc,metaspace   ] GC(321) Metaspace: 6302K(6464K)->6302K(6464K) NonClass: 5768K(5824K)->5768K(5824K) Class: 533K(640K)->533K(640K)
[95.165s][info][gc             ] GC(321) Pause Full (Ergonomics) 7463M->7463M(7616M) 2511.666ms
[95.165s][info][gc,cpu         ] GC(321) User=18.53s Sys=0.00s Real=2.51s
[95.165s][info][gc,start       ] GC(322) Pause Full (Ergonomics)
[95.165s][info][gc,phases,start] GC(322) Marking Phase
[96.984s][info][gc,phases      ] GC(322) Marking Phase 1819.012ms
[96.984s][info][gc,phases,start] GC(322) Summary Phase
[96.984s][info][gc,phases      ] GC(322) Summary Phase 0.074ms
[96.984s][info][gc,phases,start] GC(322) Adjust Roots
[96.984s][info][gc,phases      ] GC(322) Adjust Roots 0.167ms
[96.984s][info][gc,phases,start] GC(322) Compaction Phase
[97.662s][info][gc,phases      ] GC(322) Compaction Phase 677.616ms
[97.662s][info][gc,phases,start] GC(322) Post Compact
[97.674s][info][gc,phases      ] GC(322) Post Compact 11.510ms
[97.674s][info][gc,heap        ] GC(322) PSYoungGen: 201404K(357376K)->201404K(357376K) Eden: 68607K(68608K)->68607K(68608K) From: 132796K(288768K)->132796K(288768K)
[97.674s][info][gc,heap        ] GC(322) ParOldGen: 7441133K(7441408K)->7441133K(7441408K)
[97.674s][info][gc,metaspace   ] GC(322) Metaspace: 6302K(6464K)->6302K(6464K) NonClass: 5768K(5824K)->5768K(5824K) Class: 533K(640K)->533K(640K)
[97.674s][info][gc             ] GC(322) Pause Full (Ergonomics) 7463M->7463M(7616M) 2508.738ms
[97.674s][info][gc,cpu         ] GC(322) User=18.55s Sys=0.02s Real=2.51s
[97.674s][info][gc,start       ] GC(323) Pause Full (Ergonomics)
[97.674s][info][gc,phases,start] GC(323) Marking Phase
[99.533s][info][gc,phases      ] GC(323) Marking Phase 1859.292ms
[99.533s][info][gc,phases,start] GC(323) Summary Phase
[99.533s][info][gc,phases      ] GC(323) Summary Phase 0.099ms
[99.533s][info][gc,phases,start] GC(323) Adjust Roots
[99.534s][info][gc,phases      ] GC(323) Adjust Roots 0.178ms
[99.534s][info][gc,phases,start] GC(323) Compaction Phase
[100.211s][info][gc,phases      ] GC(323) Compaction Phase 677.867ms
[100.212s][info][gc,phases,start] GC(323) Post Compact
[100.223s][info][gc,phases      ] GC(323) Post Compact 11.338ms
[100.223s][info][gc,heap        ] GC(323) PSYoungGen: 201404K(357376K)->201404K(357376K) Eden: 68607K(68608K)->68607K(68608K) From: 132796K(288768K)->132796K(288768K)
[100.223s][info][gc,heap        ] GC(323) ParOldGen: 7441138K(7441408K)->7441138K(7441408K)
[100.223s][info][gc,metaspace   ] GC(323) Metaspace: 6302K(6464K)->6302K(6464K) NonClass: 5768K(5824K)->5768K(5824K) Class: 533K(640K)->533K(640K)
[100.223s][info][gc             ] GC(323) Pause Full (Ergonomics) 7463M->7463M(7616M) 2549.093ms
[100.223s][info][gc,cpu         ] GC(323) User=18.81s Sys=0.02s Real=2.55s
[100.223s][info][gc,start       ] GC(324) Pause Full (Ergonomics)
[100.223s][info][gc,phases,start] GC(324) Marking Phase
[102.042s][info][gc,phases      ] GC(324) Marking Phase 1818.296ms
[102.042s][info][gc,phases,start] GC(324) Summary Phase
[102.042s][info][gc,phases      ] GC(324) Summary Phase 0.119ms
[102.042s][info][gc,phases,start] GC(324) Adjust Roots
[102.042s][info][gc,phases      ] GC(324) Adjust Roots 0.231ms
[102.042s][info][gc,phases,start] GC(324) Compaction Phase
[102.738s][info][gc,phases      ] GC(324) Compaction Phase 695.754ms
[102.738s][info][gc,phases,start] GC(324) Post Compact
[102.749s][info][gc,phases      ] GC(324) Post Compact 11.534ms
[102.750s][info][gc,heap        ] GC(324) PSYoungGen: 201404K(357376K)->201404K(357376K) Eden: 68607K(68608K)->68607K(68608K) From: 132796K(288768K)->132796K(288768K)
[102.750s][info][gc,heap        ] GC(324) ParOldGen: 7441143K(7441408K)->7441143K(7441408K)
[102.750s][info][gc,metaspace   ] GC(324) Metaspace: 6302K(6464K)->6302K(6464K) NonClass: 5768K(5824K)->5768K(5824K) Class: 533K(640K)->533K(640K)
[102.750s][info][gc             ] GC(324) Pause Full (Ergonomics) 7463M->7463M(7616M) 2526.327ms
[102.750s][info][gc,cpu         ] GC(324) User=18.30s Sys=0.00s Real=2.53s
[102.750s][info][gc,start       ] GC(325) Pause Full (Ergonomics)
[102.750s][info][gc,phases,start] GC(325) Marking Phase
[104.619s][info][gc,phases      ] GC(325) Marking Phase 1869.548ms
[104.619s][info][gc,phases,start] GC(325) Summary Phase
[104.620s][info][gc,phases      ] GC(325) Summary Phase 0.077ms
[104.620s][info][gc,phases,start] GC(325) Adjust Roots
[104.620s][info][gc,phases      ] GC(325) Adjust Roots 0.187ms
[104.620s][info][gc,phases,start] GC(325) Compaction Phase
[105.291s][info][gc,phases      ] GC(325) Compaction Phase 671.129ms
[105.291s][info][gc,phases,start] GC(325) Post Compact
[105.302s][info][gc,phases      ] GC(325) Post Compact 11.473ms
[105.303s][info][gc,heap        ] GC(325) PSYoungGen: 201404K(357376K)->201404K(357376K) Eden: 68607K(68608K)->68607K(68608K) From: 132796K(288768K)->132796K(288768K)
[105.303s][info][gc,heap        ] GC(325) ParOldGen: 7441147K(7441408K)->7441147K(7441408K)
[105.303s][info][gc,metaspace   ] GC(325) Metaspace: 6302K(6464K)->6302K(6464K) NonClass: 5768K(5824K)->5768K(5824K) Class: 533K(640K)->533K(640K)
[105.303s][info][gc             ] GC(325) Pause Full (Ergonomics) 7463M->7463M(7616M) 2552.782ms
[105.303s][info][gc,cpu         ] GC(325) User=18.72s Sys=0.00s Real=2.55s
[105.303s][info][gc,start       ] GC(326) Pause Full (Ergonomics)
[105.303s][info][gc,phases,start] GC(326) Marking Phase
[107.144s][info][gc,phases      ] GC(326) Marking Phase 1840.834ms
[107.144s][info][gc,phases,start] GC(326) Summary Phase
[107.144s][info][gc,phases      ] GC(326) Summary Phase 0.119ms
[107.144s][info][gc,phases,start] GC(326) Adjust Roots
[107.144s][info][gc,phases      ] GC(326) Adjust Roots 0.176ms
[107.144s][info][gc,phases,start] GC(326) Compaction Phase
[107.813s][info][gc,phases      ] GC(326) Compaction Phase 668.921ms
[107.813s][info][gc,phases,start] GC(326) Post Compact
[107.825s][info][gc,phases      ] GC(326) Post Compact 11.564ms
[107.825s][info][gc,heap        ] GC(326) PSYoungGen: 201404K(357376K)->201404K(357376K) Eden: 68607K(68608K)->68607K(68608K) From: 132796K(288768K)->132796K(288768K)
[107.825s][info][gc,heap        ] GC(326) ParOldGen: 7441152K(7441408K)->7441152K(7441408K)
[107.825s][info][gc,metaspace   ] GC(326) Metaspace: 6302K(6464K)->6302K(6464K) NonClass: 5768K(5824K)->5768K(5824K) Class: 533K(640K)->533K(640K)
[107.825s][info][gc             ] GC(326) Pause Full (Ergonomics) 7463M->7463M(7616M) 2521.969ms
[107.825s][info][gc,cpu         ] GC(326) User=18.66s Sys=0.02s Real=2.52s
[107.825s][info][gc,start       ] GC(327) Pause Full (Ergonomics)
[107.825s][info][gc,phases,start] GC(327) Marking Phase
[109.679s][info][gc,phases      ] GC(327) Marking Phase 1854.315ms
[109.679s][info][gc,phases,start] GC(327) Summary Phase
[109.679s][info][gc,phases      ] GC(327) Summary Phase 0.083ms
[109.679s][info][gc,phases,start] GC(327) Adjust Roots
[109.680s][info][gc,phases      ] GC(327) Adjust Roots 0.252ms
[109.680s][info][gc,phases,start] GC(327) Compaction Phase
[110.360s][info][gc,phases      ] GC(327) Compaction Phase 680.461ms
[110.360s][info][gc,phases,start] GC(327) Post Compact
[110.372s][info][gc,phases      ] GC(327) Post Compact 11.443ms
[110.372s][info][gc,heap        ] GC(327) PSYoungGen: 201404K(357376K)->201404K(357376K) Eden: 68607K(68608K)->68607K(68608K) From: 132796K(288768K)->132796K(288768K)
[110.372s][info][gc,heap        ] GC(327) ParOldGen: 7441157K(7441408K)->7441157K(7441408K)
[110.372s][info][gc,metaspace   ] GC(327) Metaspace: 6302K(6464K)->6302K(6464K) NonClass: 5768K(5824K)->5768K(5824K) Class: 533K(640K)->533K(640K)
[110.372s][info][gc             ] GC(327) Pause Full (Ergonomics) 7463M->7463M(7616M) 2546.898ms
[110.372s][info][gc,cpu         ] GC(327) User=18.77s Sys=0.00s Real=2.55s
[110.372s][info][gc,start       ] GC(328) Pause Full (Ergonomics)
[110.372s][info][gc,phases,start] GC(328) Marking Phase
[112.239s][info][gc,phases      ] GC(328) Marking Phase 1866.850ms
[112.239s][info][gc,phases,start] GC(328) Summary Phase
[112.239s][info][gc,phases      ] GC(328) Summary Phase 0.076ms
[112.239s][info][gc,phases,start] GC(328) Adjust Roots
[112.239s][info][gc,phases      ] GC(328) Adjust Roots 0.186ms
[112.239s][info][gc,phases,start] GC(328) Compaction Phase
[112.924s][info][gc,phases      ] GC(328) Compaction Phase 684.808ms
[112.924s][info][gc,phases,start] GC(328) Post Compact
[112.936s][info][gc,phases      ] GC(328) Post Compact 11.408ms
[112.936s][info][gc,heap        ] GC(328) PSYoungGen: 201404K(357376K)->201404K(357376K) Eden: 68607K(68608K)->68607K(68608K) From: 132796K(288768K)->132796K(288768K)
[112.936s][info][gc,heap        ] GC(328) ParOldGen: 7441162K(7441408K)->7441162K(7441408K)
[112.936s][info][gc,metaspace   ] GC(328) Metaspace: 6302K(6464K)->6302K(6464K) NonClass: 5768K(5824K)->5768K(5824K) Class: 533K(640K)->533K(640K)
[112.936s][info][gc             ] GC(328) Pause Full (Ergonomics) 7463M->7463M(7616M) 2563.667ms
[112.936s][info][gc,cpu         ] GC(328) User=18.66s Sys=0.00s Real=2.56s
[112.936s][info][gc,start       ] GC(329) Pause Full (Ergonomics)
[112.936s][info][gc,phases,start] GC(329) Marking Phase
[114.787s][info][gc,phases      ] GC(329) Marking Phase 1851.071ms
[114.787s][info][gc,phases,start] GC(329) Summary Phase
[114.787s][info][gc,phases      ] GC(329) Summary Phase 0.075ms
[114.787s][info][gc,phases,start] GC(329) Adjust Roots
[114.787s][info][gc,phases      ] GC(329) Adjust Roots 0.167ms
[114.787s][info][gc,phases,start] GC(329) Compaction Phase
[115.483s][info][gc,phases      ] GC(329) Compaction Phase 695.173ms
[115.483s][info][gc,phases,start] GC(329) Post Compact
[115.494s][info][gc,phases      ] GC(329) Post Compact 11.387ms
[115.494s][info][gc,heap        ] GC(329) PSYoungGen: 201404K(357376K)->201404K(357376K) Eden: 68607K(68608K)->68607K(68608K) From: 132796K(288768K)->132796K(288768K)
[115.494s][info][gc,heap        ] GC(329) ParOldGen: 7441167K(7441408K)->7441167K(7441408K)
[115.494s][info][gc,metaspace   ] GC(329) Metaspace: 6302K(6464K)->6302K(6464K) NonClass: 5768K(5824K)->5768K(5824K) Class: 533K(640K)->533K(640K)
[115.494s][info][gc             ] GC(329) Pause Full (Ergonomics) 7463M->7463M(7616M) 2558.195ms
[115.494s][info][gc,cpu         ] GC(329) User=18.64s Sys=0.02s Real=2.56s
[115.494s][info][gc,start       ] GC(330) Pause Full (Ergonomics)
[115.494s][info][gc,phases,start] GC(330) Marking Phase
[117.350s][info][gc,phases      ] GC(330) Marking Phase 1855.154ms
[117.350s][info][gc,phases,start] GC(330) Summary Phase
[117.350s][info][gc,phases      ] GC(330) Summary Phase 0.075ms
[117.350s][info][gc,phases,start] GC(330) Adjust Roots
[117.350s][info][gc,phases      ] GC(330) Adjust Roots 0.163ms
[117.350s][info][gc,phases,start] GC(330) Compaction Phase
[118.018s][info][gc,phases      ] GC(330) Compaction Phase 668.319ms
[118.018s][info][gc,phases,start] GC(330) Post Compact
[118.030s][info][gc,phases      ] GC(330) Post Compact 11.430ms
[118.030s][info][gc,heap        ] GC(330) PSYoungGen: 201404K(357376K)->201404K(357376K) Eden: 68607K(68608K)->68607K(68608K) From: 132796K(288768K)->132796K(288768K)
[118.030s][info][gc,heap        ] GC(330) ParOldGen: 7441172K(7441408K)->7441172K(7441408K)
[118.030s][info][gc,metaspace   ] GC(330) Metaspace: 6302K(6464K)->6302K(6464K) NonClass: 5768K(5824K)->5768K(5824K) Class: 533K(640K)->533K(640K)
[118.030s][info][gc             ] GC(330) Pause Full (Ergonomics) 7463M->7463M(7616M) 2535.501ms
[118.030s][info][gc,cpu         ] GC(330) User=18.78s Sys=0.00s Real=2.54s
[118.030s][info][gc,start       ] GC(331) Pause Full (Ergonomics)
[118.030s][info][gc,phases,start] GC(331) Marking Phase
[119.878s][info][gc,phases      ] GC(331) Marking Phase 1848.252ms
[119.878s][info][gc,phases,start] GC(331) Summary Phase
[119.879s][info][gc,phases      ] GC(331) Summary Phase 0.074ms
[119.879s][info][gc,phases,start] GC(331) Adjust Roots
[119.879s][info][gc,phases      ] GC(331) Adjust Roots 0.163ms
[119.879s][info][gc,phases,start] GC(331) Compaction Phase
[120.574s][info][gc,phases      ] GC(331) Compaction Phase 695.423ms
[120.574s][info][gc,phases,start] GC(331) Post Compact
[120.586s][info][gc,phases      ] GC(331) Post Compact 11.626ms
[120.586s][info][gc,heap        ] GC(331) PSYoungGen: 201404K(357376K)->201404K(357376K) Eden: 68607K(68608K)->68607K(68608K) From: 132796K(288768K)->132796K(288768K)
[120.586s][info][gc,heap        ] GC(331) ParOldGen: 7441176K(7441408K)->7441176K(7441408K)
[120.586s][info][gc,metaspace   ] GC(331) Metaspace: 6302K(6464K)->6302K(6464K) NonClass: 5768K(5824K)->5768K(5824K) Class: 533K(640K)->533K(640K)
[120.586s][info][gc             ] GC(331) Pause Full (Ergonomics) 7463M->7463M(7616M) 2555.867ms
[120.586s][info][gc,cpu         ] GC(331) User=18.66s Sys=0.00s Real=2.56s
[120.586s][info][gc,start       ] GC(332) Pause Full (Ergonomics)
[120.586s][info][gc,phases,start] GC(332) Marking Phase
[122.417s][info][gc,phases      ] GC(332) Marking Phase 1830.639ms
[122.417s][info][gc,phases,start] GC(332) Summary Phase
[122.417s][info][gc,phases      ] GC(332) Summary Phase 0.087ms
[122.417s][info][gc,phases,start] GC(332) Adjust Roots
[122.417s][info][gc,phases      ] GC(332) Adjust Roots 0.211ms
[122.417s][info][gc,phases,start] GC(332) Compaction Phase
[123.099s][info][gc,phases      ] GC(332) Compaction Phase 682.040ms
[123.099s][info][gc,phases,start] GC(332) Post Compact
[123.111s][info][gc,phases      ] GC(332) Post Compact 11.633ms
[123.111s][info][gc,heap        ] GC(332) PSYoungGen: 201404K(357376K)->201404K(357376K) Eden: 68607K(68608K)->68607K(68608K) From: 132796K(288768K)->132796K(288768K)
[123.111s][info][gc,heap        ] GC(332) ParOldGen: 7441181K(7441408K)->7441181K(7441408K)
[123.111s][info][gc,metaspace   ] GC(332) Metaspace: 6302K(6464K)->6302K(6464K) NonClass: 5768K(5824K)->5768K(5824K) Class: 533K(640K)->533K(640K)
[123.111s][info][gc             ] GC(332) Pause Full (Ergonomics) 7463M->7463M(7616M) 2524.941ms
[123.111s][info][gc,cpu         ] GC(332) User=18.59s Sys=0.00s Real=2.52s
[123.111s][info][gc,start       ] GC(333) Pause Full (Ergonomics)
[123.111s][info][gc,phases,start] GC(333) Marking Phase
[124.931s][info][gc,phases      ] GC(333) Marking Phase 1819.653ms
[124.931s][info][gc,phases,start] GC(333) Summary Phase
[124.931s][info][gc,phases      ] GC(333) Summary Phase 0.076ms
[124.931s][info][gc,phases,start] GC(333) Adjust Roots
[124.931s][info][gc,phases      ] GC(333) Adjust Roots 0.190ms
[124.931s][info][gc,phases,start] GC(333) Compaction Phase
[125.612s][info][gc,phases      ] GC(333) Compaction Phase 680.637ms
[125.612s][info][gc,phases,start] GC(333) Post Compact
[125.624s][info][gc,phases      ] GC(333) Post Compact 11.483ms
[125.624s][info][gc,heap        ] GC(333) PSYoungGen: 201404K(357376K)->201404K(357376K) Eden: 68607K(68608K)->68607K(68608K) From: 132796K(288768K)->132796K(288768K)
[125.624s][info][gc,heap        ] GC(333) ParOldGen: 7441186K(7441408K)->7441186K(7441408K)
[125.624s][info][gc,metaspace   ] GC(333) Metaspace: 6302K(6464K)->6302K(6464K) NonClass: 5768K(5824K)->5768K(5824K) Class: 533K(640K)->533K(640K)
[125.624s][info][gc             ] GC(333) Pause Full (Ergonomics) 7463M->7463M(7616M) 2512.402ms
[125.624s][info][gc,cpu         ] GC(333) User=18.41s Sys=0.00s Real=2.51s
[125.624s][info][gc,start       ] GC(334) Pause Full (Ergonomics)
[125.624s][info][gc,phases,start] GC(334) Marking Phase
[127.517s][info][gc,phases      ] GC(334) Marking Phase 1892.997ms
[127.517s][info][gc,phases,start] GC(334) Summary Phase
[127.517s][info][gc,phases      ] GC(334) Summary Phase 0.127ms
[127.517s][info][gc,phases,start] GC(334) Adjust Roots
[127.518s][info][gc,phases      ] GC(334) Adjust Roots 0.443ms
[127.518s][info][gc,phases,start] GC(334) Compaction Phase
[128.184s][info][gc,phases      ] GC(334) Compaction Phase 665.795ms
[128.184s][info][gc,phases,start] GC(334) Post Compact
[128.195s][info][gc,phases      ] GC(334) Post Compact 11.625ms
[128.195s][info][gc,heap        ] GC(334) PSYoungGen: 201404K(357376K)->201404K(357376K) Eden: 68607K(68608K)->68607K(68608K) From: 132796K(288768K)->132796K(288768K)
[128.195s][info][gc,heap        ] GC(334) ParOldGen: 7441191K(7441408K)->7441191K(7441408K)
[128.195s][info][gc,metaspace   ] GC(334) Metaspace: 6302K(6464K)->6302K(6464K) NonClass: 5768K(5824K)->5768K(5824K) Class: 533K(640K)->533K(640K)
[128.195s][info][gc             ] GC(334) Pause Full (Ergonomics) 7463M->7463M(7616M) 2571.473ms
[128.195s][info][gc,cpu         ] GC(334) User=19.16s Sys=0.00s Real=2.57s
[128.196s][info][gc,start       ] GC(335) Pause Full (Ergonomics)
[128.196s][info][gc,phases,start] GC(335) Marking Phase
[130.049s][info][gc,phases      ] GC(335) Marking Phase 1853.595ms
[130.049s][info][gc,phases,start] GC(335) Summary Phase
[130.049s][info][gc,phases      ] GC(335) Summary Phase 0.081ms
[130.049s][info][gc,phases,start] GC(335) Adjust Roots
[130.050s][info][gc,phases      ] GC(335) Adjust Roots 0.163ms
[130.050s][info][gc,phases,start] GC(335) Compaction Phase
[130.722s][info][gc,phases      ] GC(335) Compaction Phase 672.803ms
[130.723s][info][gc,phases,start] GC(335) Post Compact
[130.734s][info][gc,phases      ] GC(335) Post Compact 11.407ms
[130.734s][info][gc,heap        ] GC(335) PSYoungGen: 201404K(357376K)->201404K(357376K) Eden: 68607K(68608K)->68607K(68608K) From: 132796K(288768K)->132796K(288768K)
[130.734s][info][gc,heap        ] GC(335) ParOldGen: 7441196K(7441408K)->7441196K(7441408K)
[130.734s][info][gc,metaspace   ] GC(335) Metaspace: 6302K(6464K)->6302K(6464K) NonClass: 5768K(5824K)->5768K(5824K) Class: 533K(640K)->533K(640K)
[130.734s][info][gc             ] GC(335) Pause Full (Ergonomics) 7463M->7463M(7616M) 2538.487ms
[130.734s][info][gc,cpu         ] GC(335) User=18.72s Sys=0.00s Real=2.54s
[130.734s][info][gc,start       ] GC(336) Pause Full (Ergonomics)
[130.734s][info][gc,phases,start] GC(336) Marking Phase
[132.561s][info][gc,phases      ] GC(336) Marking Phase 1826.316ms
[132.561s][info][gc,phases,start] GC(336) Summary Phase
[132.561s][info][gc,phases      ] GC(336) Summary Phase 0.074ms
[132.561s][info][gc,phases,start] GC(336) Adjust Roots
[132.561s][info][gc,phases      ] GC(336) Adjust Roots 0.162ms
[132.561s][info][gc,phases,start] GC(336) Compaction Phase
[133.238s][info][gc,phases      ] GC(336) Compaction Phase 676.983ms
[133.238s][info][gc,phases,start] GC(336) Post Compact
[133.250s][info][gc,phases      ] GC(336) Post Compact 11.484ms
[133.250s][info][gc,heap        ] GC(336) PSYoungGen: 201404K(357376K)->201404K(357376K) Eden: 68607K(68608K)->68607K(68608K) From: 132796K(288768K)->132796K(288768K)
[133.250s][info][gc,heap        ] GC(336) ParOldGen: 7441201K(7441408K)->7441201K(7441408K)
[133.250s][info][gc,metaspace   ] GC(336) Metaspace: 6302K(6464K)->6302K(6464K) NonClass: 5768K(5824K)->5768K(5824K) Class: 533K(640K)->533K(640K)
[133.250s][info][gc             ] GC(336) Pause Full (Ergonomics) 7463M->7463M(7616M) 2515.409ms
[133.250s][info][gc,cpu         ] GC(336) User=18.58s Sys=0.00s Real=2.51s
[133.250s][info][gc,start       ] GC(337) Pause Full (Ergonomics)
[133.250s][info][gc,phases,start] GC(337) Marking Phase
[135.079s][info][gc,phases      ] GC(337) Marking Phase 1828.829ms
[135.079s][info][gc,phases,start] GC(337) Summary Phase
[135.079s][info][gc,phases      ] GC(337) Summary Phase 0.074ms
[135.079s][info][gc,phases,start] GC(337) Adjust Roots
[135.079s][info][gc,phases      ] GC(337) Adjust Roots 0.163ms
[135.079s][info][gc,phases,start] GC(337) Compaction Phase
[135.762s][info][gc,phases      ] GC(337) Compaction Phase 682.520ms
[135.762s][info][gc,phases,start] GC(337) Post Compact
[135.773s][info][gc,phases      ] GC(337) Post Compact 11.422ms
[135.773s][info][gc,heap        ] GC(337) PSYoungGen: 201404K(357376K)->201404K(357376K) Eden: 68607K(68608K)->68607K(68608K) From: 132796K(288768K)->132796K(288768K)
[135.773s][info][gc,heap        ] GC(337) ParOldGen: 7441205K(7441408K)->7441205K(7441408K)
[135.773s][info][gc,metaspace   ] GC(337) Metaspace: 6302K(6464K)->6302K(6464K) NonClass: 5768K(5824K)->5768K(5824K) Class: 533K(640K)->533K(640K)
[135.773s][info][gc             ] GC(337) Pause Full (Ergonomics) 7463M->7463M(7616M) 2523.342ms
[135.773s][info][gc,cpu         ] GC(337) User=18.53s Sys=0.00s Real=2.52s
[135.774s][info][gc,start       ] GC(338) Pause Full (Ergonomics)
[135.774s][info][gc,phases,start] GC(338) Marking Phase
[137.590s][info][gc,phases      ] GC(338) Marking Phase 1816.134ms
[137.590s][info][gc,phases,start] GC(338) Summary Phase
[137.590s][info][gc,phases      ] GC(338) Summary Phase 0.076ms
[137.590s][info][gc,phases,start] GC(338) Adjust Roots
[137.590s][info][gc,phases      ] GC(338) Adjust Roots 0.162ms
[137.590s][info][gc,phases,start] GC(338) Compaction Phase
[138.289s][info][gc,phases      ] GC(338) Compaction Phase 699.093ms
[138.289s][info][gc,phases,start] GC(338) Post Compact
[138.301s][info][gc,phases      ] GC(338) Post Compact 11.414ms
[138.301s][info][gc,heap        ] GC(338) PSYoungGen: 201404K(357376K)->201404K(357376K) Eden: 68607K(68608K)->68607K(68608K) From: 132796K(288768K)->132796K(288768K)
[138.301s][info][gc,heap        ] GC(338) ParOldGen: 7441210K(7441408K)->7441210K(7441408K)
[138.301s][info][gc,metaspace   ] GC(338) Metaspace: 6302K(6464K)->6302K(6464K) NonClass: 5768K(5824K)->5768K(5824K) Class: 533K(640K)->533K(640K)
[138.301s][info][gc             ] GC(338) Pause Full (Ergonomics) 7463M->7463M(7616M) 2527.228ms
[138.301s][info][gc,cpu         ] GC(338) User=18.34s Sys=0.00s Real=2.53s
[138.301s][info][gc,start       ] GC(339) Pause Full (Ergonomics)
[138.301s][info][gc,phases,start] GC(339) Marking Phase
[140.097s][info][gc,phases      ] GC(339) Marking Phase 1796.439ms
[140.098s][info][gc,phases,start] GC(339) Summary Phase
[140.098s][info][gc,phases      ] GC(339) Summary Phase 0.076ms
[140.098s][info][gc,phases,start] GC(339) Adjust Roots
[140.098s][info][gc,phases      ] GC(339) Adjust Roots 0.191ms
[140.098s][info][gc,phases,start] GC(339) Compaction Phase
[140.784s][info][gc,phases      ] GC(339) Compaction Phase 686.316ms
[140.784s][info][gc,phases,start] GC(339) Post Compact
[140.796s][info][gc,phases      ] GC(339) Post Compact 11.371ms
[140.796s][info][gc,heap        ] GC(339) PSYoungGen: 201404K(357376K)->201404K(357376K) Eden: 68607K(68608K)->68607K(68608K) From: 132796K(288768K)->132796K(288768K)
[140.796s][info][gc,heap        ] GC(339) ParOldGen: 7441215K(7441408K)->7441215K(7441408K)
[140.796s][info][gc,metaspace   ] GC(339) Metaspace: 6302K(6464K)->6302K(6464K) NonClass: 5768K(5824K)->5768K(5824K) Class: 533K(640K)->533K(640K)
[140.796s][info][gc             ] GC(339) Pause Full (Ergonomics) 7463M->7463M(7616M) 2494.730ms
[140.796s][info][gc,cpu         ] GC(339) User=18.39s Sys=0.00s Real=2.49s
[140.796s][info][gc,start       ] GC(340) Pause Full (Ergonomics)
[140.796s][info][gc,phases,start] GC(340) Marking Phase
[142.647s][info][gc,phases      ] GC(340) Marking Phase 1851.140ms
[142.647s][info][gc,phases,start] GC(340) Summary Phase
[142.647s][info][gc,phases      ] GC(340) Summary Phase 0.076ms
[142.647s][info][gc,phases,start] GC(340) Adjust Roots
[142.648s][info][gc,phases      ] GC(340) Adjust Roots 0.244ms
[142.648s][info][gc,phases,start] GC(340) Compaction Phase
[143.323s][info][gc,phases      ] GC(340) Compaction Phase 675.314ms
[143.323s][info][gc,phases,start] GC(340) Post Compact
[143.334s][info][gc,phases      ] GC(340) Post Compact 11.435ms
[143.334s][info][gc,heap        ] GC(340) PSYoungGen: 201404K(357376K)->201404K(357376K) Eden: 68607K(68608K)->68607K(68608K) From: 132796K(288768K)->132796K(288768K)
[143.334s][info][gc,heap        ] GC(340) ParOldGen: 7441220K(7441408K)->7441220K(7441408K)
[143.335s][info][gc,metaspace   ] GC(340) Metaspace: 6302K(6464K)->6302K(6464K) NonClass: 5768K(5824K)->5768K(5824K) Class: 533K(640K)->533K(640K)
[143.335s][info][gc             ] GC(340) Pause Full (Ergonomics) 7463M->7463M(7616M) 2538.556ms
[143.335s][info][gc,cpu         ] GC(340) User=18.50s Sys=0.03s Real=2.54s
[143.335s][info][gc,start       ] GC(341) Pause Full (Ergonomics)
[143.335s][info][gc,phases,start] GC(341) Marking Phase
[145.180s][info][gc,phases      ] GC(341) Marking Phase 1845.418ms
[145.180s][info][gc,phases,start] GC(341) Summary Phase
[145.180s][info][gc,phases      ] GC(341) Summary Phase 0.075ms
[145.180s][info][gc,phases,start] GC(341) Adjust Roots
[145.181s][info][gc,phases      ] GC(341) Adjust Roots 0.262ms
[145.181s][info][gc,phases,start] GC(341) Compaction Phase
[145.891s][info][gc,phases      ] GC(341) Compaction Phase 710.579ms
[145.891s][info][gc,phases,start] GC(341) Post Compact
[145.903s][info][gc,phases      ] GC(341) Post Compact 11.453ms
[145.903s][info][gc,heap        ] GC(341) PSYoungGen: 201404K(357376K)->201404K(357376K) Eden: 68607K(68608K)->68607K(68608K) From: 132796K(288768K)->132796K(288768K)
[145.903s][info][gc,heap        ] GC(341) ParOldGen: 7441225K(7441408K)->7441225K(7441408K)
[145.903s][info][gc,metaspace   ] GC(341) Metaspace: 6302K(6464K)->6302K(6464K) NonClass: 5768K(5824K)->5768K(5824K) Class: 533K(640K)->533K(640K)
[145.903s][info][gc             ] GC(341) Pause Full (Ergonomics) 7463M->7463M(7616M) 2568.120ms
[145.903s][info][gc,cpu         ] GC(341) User=18.61s Sys=0.00s Real=2.57s
[145.903s][info][gc,start       ] GC(342) Pause Full (Ergonomics)
[145.903s][info][gc,phases,start] GC(342) Marking Phase
[147.736s][info][gc,phases      ] GC(342) Marking Phase 1832.767ms
[147.736s][info][gc,phases,start] GC(342) Summary Phase
[147.736s][info][gc,phases      ] GC(342) Summary Phase 0.105ms
[147.736s][info][gc,phases,start] GC(342) Adjust Roots
[147.736s][info][gc,phases      ] GC(342) Adjust Roots 0.211ms
[147.736s][info][gc,phases,start] GC(342) Compaction Phase
[148.435s][info][gc,phases      ] GC(342) Compaction Phase 698.904ms
[148.435s][info][gc,phases,start] GC(342) Post Compact
[148.447s][info][gc,phases      ] GC(342) Post Compact 11.350ms
[148.447s][info][gc,heap        ] GC(342) PSYoungGen: 201404K(357376K)->201404K(357376K) Eden: 68607K(68608K)->68607K(68608K) From: 132796K(288768K)->132796K(288768K)
[148.447s][info][gc,heap        ] GC(342) ParOldGen: 7441230K(7441408K)->7441230K(7441408K)
[148.447s][info][gc,metaspace   ] GC(342) Metaspace: 6302K(6464K)->6302K(6464K) NonClass: 5768K(5824K)->5768K(5824K) Class: 533K(640K)->533K(640K)
[148.447s][info][gc             ] GC(342) Pause Full (Ergonomics) 7463M->7463M(7616M) 2543.718ms
[148.447s][info][gc,cpu         ] GC(342) User=18.30s Sys=0.00s Real=2.54s
[148.447s][info][gc,start       ] GC(343) Pause Full (Ergonomics)
[148.447s][info][gc,phases,start] GC(343) Marking Phase
[150.288s][info][gc,phases      ] GC(343) Marking Phase 1840.969ms
[150.288s][info][gc,phases,start] GC(343) Summary Phase
[150.288s][info][gc,phases      ] GC(343) Summary Phase 0.113ms
[150.288s][info][gc,phases,start] GC(343) Adjust Roots
[150.289s][info][gc,phases      ] GC(343) Adjust Roots 0.238ms
[150.289s][info][gc,phases,start] GC(343) Compaction Phase
[150.949s][info][gc,phases      ] GC(343) Compaction Phase 660.293ms
[150.949s][info][gc,phases,start] GC(343) Post Compact
[150.960s][info][gc,phases      ] GC(343) Post Compact 11.434ms
[150.960s][info][gc,heap        ] GC(343) PSYoungGen: 201404K(357376K)->201404K(357376K) Eden: 68607K(68608K)->68607K(68608K) From: 132796K(288768K)->132796K(288768K)
[150.960s][info][gc,heap        ] GC(343) ParOldGen: 7441234K(7441408K)->7441234K(7441408K)
[150.960s][info][gc,metaspace   ] GC(343) Metaspace: 6302K(6464K)->6302K(6464K) NonClass: 5768K(5824K)->5768K(5824K) Class: 533K(640K)->533K(640K)
[150.960s][info][gc             ] GC(343) Pause Full (Ergonomics) 7463M->7463M(7616M) 2513.426ms
[150.960s][info][gc,cpu         ] GC(343) User=18.20s Sys=0.00s Real=2.51s
[150.961s][info][gc,start       ] GC(344) Pause Full (Ergonomics)
[150.961s][info][gc,phases,start] GC(344) Marking Phase
[152.797s][info][gc,phases      ] GC(344) Marking Phase 1836.332ms
[152.797s][info][gc,phases,start] GC(344) Summary Phase
[152.797s][info][gc,phases      ] GC(344) Summary Phase 0.078ms
[152.797s][info][gc,phases,start] GC(344) Adjust Roots
[152.797s][info][gc,phases      ] GC(344) Adjust Roots 0.188ms
[152.797s][info][gc,phases,start] GC(344) Compaction Phase
[153.476s][info][gc,phases      ] GC(344) Compaction Phase 678.702ms
[153.476s][info][gc,phases,start] GC(344) Post Compact
[153.488s][info][gc,phases      ] GC(344) Post Compact 11.401ms
[153.488s][info][gc,heap        ] GC(344) PSYoungGen: 201404K(357376K)->201404K(357376K) Eden: 68607K(68608K)->68607K(68608K) From: 132796K(288768K)->132796K(288768K)
[153.488s][info][gc,heap        ] GC(344) ParOldGen: 7441239K(7441408K)->7441239K(7441408K)
[153.488s][info][gc,metaspace   ] GC(344) Metaspace: 6302K(6464K)->6302K(6464K) NonClass: 5768K(5824K)->5768K(5824K) Class: 533K(640K)->533K(640K)
[153.488s][info][gc             ] GC(344) Pause Full (Ergonomics) 7463M->7463M(7616M) 2527.041ms
[153.488s][info][gc,cpu         ] GC(344) User=18.45s Sys=0.00s Real=2.53s
[153.488s][info][gc,start       ] GC(345) Pause Full (Ergonomics)
[153.488s][info][gc,phases,start] GC(345) Marking Phase
[155.298s][info][gc,phases      ] GC(345) Marking Phase 1810.257ms
[155.298s][info][gc,phases,start] GC(345) Summary Phase
[155.298s][info][gc,phases      ] GC(345) Summary Phase 0.079ms
[155.298s][info][gc,phases,start] GC(345) Adjust Roots
[155.299s][info][gc,phases      ] GC(345) Adjust Roots 0.171ms
[155.299s][info][gc,phases,start] GC(345) Compaction Phase
[155.960s][info][gc,phases      ] GC(345) Compaction Phase 661.805ms
[155.960s][info][gc,phases,start] GC(345) Post Compact
[155.972s][info][gc,phases      ] GC(345) Post Compact 11.360ms
[155.972s][info][gc,heap        ] GC(345) PSYoungGen: 201404K(357376K)->201404K(357376K) Eden: 68607K(68608K)->68607K(68608K) From: 132796K(288768K)->132796K(288768K)
[155.972s][info][gc,heap        ] GC(345) ParOldGen: 7441244K(7441408K)->7441244K(7441408K)
[155.972s][info][gc,metaspace   ] GC(345) Metaspace: 6302K(6464K)->6302K(6464K) NonClass: 5768K(5824K)->5768K(5824K) Class: 533K(640K)->533K(640K)
[155.972s][info][gc             ] GC(345) Pause Full (Ergonomics) 7463M->7463M(7616M) 2484.014ms
[155.972s][info][gc,cpu         ] GC(345) User=18.22s Sys=0.00s Real=2.48s
[155.972s][info][gc,start       ] GC(346) Pause Full (Ergonomics)
[155.972s][info][gc,phases,start] GC(346) Marking Phase
[157.775s][info][gc,phases      ] GC(346) Marking Phase 1802.825ms
[157.775s][info][gc,phases,start] GC(346) Summary Phase
[157.775s][info][gc,phases      ] GC(346) Summary Phase 0.078ms
[157.775s][info][gc,phases,start] GC(346) Adjust Roots
[157.775s][info][gc,phases      ] GC(346) Adjust Roots 0.189ms
[157.775s][info][gc,phases,start] GC(346) Compaction Phase
[158.476s][info][gc,phases      ] GC(346) Compaction Phase 700.267ms
[158.476s][info][gc,phases,start] GC(346) Post Compact
[158.489s][info][gc,phases      ] GC(346) Post Compact 12.918ms
[158.489s][info][gc,heap        ] GC(346) PSYoungGen: 201404K(357376K)->201404K(357376K) Eden: 68607K(68608K)->68607K(68608K) From: 132796K(288768K)->132796K(288768K)
[158.489s][info][gc,heap        ] GC(346) ParOldGen: 7441249K(7441408K)->7441249K(7441408K)
[158.489s][info][gc,metaspace   ] GC(346) Metaspace: 6302K(6464K)->6302K(6464K) NonClass: 5768K(5824K)->5768K(5824K) Class: 533K(640K)->533K(640K)
[158.489s][info][gc             ] GC(346) Pause Full (Ergonomics) 7463M->7463M(7616M) 2516.675ms
[158.489s][info][gc,cpu         ] GC(346) User=18.20s Sys=0.02s Real=2.52s
[158.489s][info][gc,start       ] GC(347) Pause Full (Ergonomics)
[158.489s][info][gc,phases,start] GC(347) Marking Phase
[160.275s][info][gc,phases      ] GC(347) Marking Phase 1785.973ms
[160.275s][info][gc,phases,start] GC(347) Summary Phase
[160.275s][info][gc,phases      ] GC(347) Summary Phase 0.224ms
[160.275s][info][gc,phases,start] GC(347) Adjust Roots
[160.276s][info][gc,phases      ] GC(347) Adjust Roots 0.234ms
[160.276s][info][gc,phases,start] GC(347) Compaction Phase
[160.906s][info][gc,phases      ] GC(347) Compaction Phase 630.501ms
[160.906s][info][gc,phases,start] GC(347) Post Compact
[160.918s][info][gc,phases      ] GC(347) Post Compact 11.426ms
[160.918s][info][gc,heap        ] GC(347) PSYoungGen: 201404K(357376K)->201404K(357376K) Eden: 68607K(68608K)->68607K(68608K) From: 132796K(288768K)->132796K(288768K)
[160.918s][info][gc,heap        ] GC(347) ParOldGen: 7441254K(7441408K)->7441254K(7441408K)
[160.918s][info][gc,metaspace   ] GC(347) Metaspace: 6302K(6464K)->6302K(6464K) NonClass: 5768K(5824K)->5768K(5824K) Class: 533K(640K)->533K(640K)
[160.918s][info][gc             ] GC(347) Pause Full (Ergonomics) 7463M->7463M(7616M) 2428.736ms
[160.918s][info][gc,cpu         ] GC(347) User=17.98s Sys=0.00s Real=2.43s
[160.918s][info][gc,start       ] GC(348) Pause Full (Ergonomics)
[160.918s][info][gc,phases,start] GC(348) Marking Phase
[162.741s][info][gc,phases      ] GC(348) Marking Phase 1822.730ms
[162.741s][info][gc,phases,start] GC(348) Summary Phase
[162.741s][info][gc,phases      ] GC(348) Summary Phase 0.106ms
[162.741s][info][gc,phases,start] GC(348) Adjust Roots
[162.741s][info][gc,phases      ] GC(348) Adjust Roots 0.177ms
[162.741s][info][gc,phases,start] GC(348) Compaction Phase
[163.381s][info][gc,phases      ] GC(348) Compaction Phase 639.506ms
[163.381s][info][gc,phases,start] GC(348) Post Compact
[163.392s][info][gc,phases      ] GC(348) Post Compact 11.493ms
[163.392s][info][gc,heap        ] GC(348) PSYoungGen: 201404K(357376K)->201404K(357376K) Eden: 68607K(68608K)->68607K(68608K) From: 132796K(288768K)->132796K(288768K)
[163.392s][info][gc,heap        ] GC(348) ParOldGen: 7441259K(7441408K)->7441259K(7441408K)
[163.392s][info][gc,metaspace   ] GC(348) Metaspace: 6302K(6464K)->6302K(6464K) NonClass: 5768K(5824K)->5768K(5824K) Class: 533K(640K)->533K(640K)
[163.392s][info][gc             ] GC(348) Pause Full (Ergonomics) 7463M->7463M(7616M) 2474.365ms
[163.392s][info][gc,cpu         ] GC(348) User=18.14s Sys=0.02s Real=2.48s
[163.393s][info][gc,start       ] GC(349) Pause Full (Ergonomics)
[163.393s][info][gc,phases,start] GC(349) Marking Phase
[165.172s][info][gc,phases      ] GC(349) Marking Phase 1779.434ms
[165.172s][info][gc,phases,start] GC(349) Summary Phase
[165.172s][info][gc,phases      ] GC(349) Summary Phase 0.116ms
[165.172s][info][gc,phases,start] GC(349) Adjust Roots
[165.172s][info][gc,phases      ] GC(349) Adjust Roots 0.194ms
[165.172s][info][gc,phases,start] GC(349) Compaction Phase
[165.786s][info][gc,phases      ] GC(349) Compaction Phase 613.712ms
[165.786s][info][gc,phases,start] GC(349) Post Compact
[165.798s][info][gc,phases      ] GC(349) Post Compact 11.753ms
[165.798s][info][gc,heap        ] GC(349) PSYoungGen: 201404K(357376K)->201404K(357376K) Eden: 68607K(68608K)->68607K(68608K) From: 132796K(288768K)->132796K(288768K)
[165.798s][info][gc,heap        ] GC(349) ParOldGen: 7441263K(7441408K)->7441263K(7441408K)
[165.798s][info][gc,metaspace   ] GC(349) Metaspace: 6302K(6464K)->6302K(6464K) NonClass: 5768K(5824K)->5768K(5824K) Class: 533K(640K)->533K(640K)
[165.798s][info][gc             ] GC(349) Pause Full (Ergonomics) 7463M->7463M(7616M) 2405.553ms
[165.798s][info][gc,cpu         ] GC(349) User=18.06s Sys=0.00s Real=2.41s
[165.798s][info][gc,start       ] GC(350) Pause Full (Ergonomics)
[165.798s][info][gc,phases,start] GC(350) Marking Phase
[167.574s][info][gc,phases      ] GC(350) Marking Phase 1775.809ms
[167.574s][info][gc,phases,start] GC(350) Summary Phase
[167.574s][info][gc,phases      ] GC(350) Summary Phase 0.075ms
[167.574s][info][gc,phases,start] GC(350) Adjust Roots
[167.575s][info][gc,phases      ] GC(350) Adjust Roots 0.165ms
[167.575s][info][gc,phases,start] GC(350) Compaction Phase
[168.219s][info][gc,phases      ] GC(350) Compaction Phase 644.221ms
[168.219s][info][gc,phases,start] GC(350) Post Compact
[168.230s][info][gc,phases      ] GC(350) Post Compact 11.452ms
[168.230s][info][gc,heap        ] GC(350) PSYoungGen: 201404K(357376K)->201404K(357376K) Eden: 68607K(68608K)->68607K(68608K) From: 132796K(288768K)->132796K(288768K)
[168.230s][info][gc,heap        ] GC(350) ParOldGen: 7441268K(7441408K)->7441268K(7441408K)
[168.231s][info][gc,metaspace   ] GC(350) Metaspace: 6302K(6464K)->6302K(6464K) NonClass: 5768K(5824K)->5768K(5824K) Class: 533K(640K)->533K(640K)
[168.231s][info][gc             ] GC(350) Pause Full (Ergonomics) 7463M->7463M(7616M) 2432.108ms
[168.231s][info][gc,cpu         ] GC(350) User=17.67s Sys=0.00s Real=2.43s
[168.231s][info][gc,start       ] GC(351) Pause Full (Ergonomics)
[168.231s][info][gc,phases,start] GC(351) Marking Phase
[170.011s][info][gc,phases      ] GC(351) Marking Phase 1780.034ms
[170.011s][info][gc,phases,start] GC(351) Summary Phase
[170.011s][info][gc,phases      ] GC(351) Summary Phase 0.075ms
[170.011s][info][gc,phases,start] GC(351) Adjust Roots
[170.011s][info][gc,phases      ] GC(351) Adjust Roots 0.162ms
[170.011s][info][gc,phases,start] GC(351) Compaction Phase
[170.651s][info][gc,phases      ] GC(351) Compaction Phase 639.523ms
[170.651s][info][gc,phases,start] GC(351) Post Compact
[170.662s][info][gc,phases      ] GC(351) Post Compact 11.279ms
[170.662s][info][gc,heap        ] GC(351) PSYoungGen: 201404K(357376K)->201404K(357376K) Eden: 68607K(68608K)->68607K(68608K) From: 132796K(288768K)->132796K(288768K)
[170.662s][info][gc,heap        ] GC(351) ParOldGen: 7441273K(7441408K)->7441273K(7441408K)
[170.662s][info][gc,metaspace   ] GC(351) Metaspace: 6302K(6464K)->6302K(6464K) NonClass: 5768K(5824K)->5768K(5824K) Class: 533K(640K)->533K(640K)
[170.662s][info][gc             ] GC(351) Pause Full (Ergonomics) 7463M->7463M(7616M) 2431.435ms
[170.662s][info][gc,cpu         ] GC(351) User=17.70s Sys=0.00s Real=2.43s
[170.662s][info][gc,start       ] GC(352) Pause Full (Ergonomics)
[170.662s][info][gc,phases,start] GC(352) Marking Phase
[172.444s][info][gc,phases      ] GC(352) Marking Phase 1781.719ms
[172.444s][info][gc,phases,start] GC(352) Summary Phase
[172.444s][info][gc,phases      ] GC(352) Summary Phase 0.113ms
[172.444s][info][gc,phases,start] GC(352) Adjust Roots
[172.445s][info][gc,phases      ] GC(352) Adjust Roots 0.249ms
[172.445s][info][gc,phases,start] GC(352) Compaction Phase
[173.081s][info][gc,phases      ] GC(352) Compaction Phase 636.246ms
[173.081s][info][gc,phases,start] GC(352) Post Compact
[173.092s][info][gc,phases      ] GC(352) Post Compact 11.324ms
[173.092s][info][gc,heap        ] GC(352) PSYoungGen: 201404K(357376K)->201404K(357376K) Eden: 68607K(68608K)->68607K(68608K) From: 132796K(288768K)->132796K(288768K)
[173.092s][info][gc,heap        ] GC(352) ParOldGen: 7441278K(7441408K)->7441278K(7441408K)
[173.092s][info][gc,metaspace   ] GC(352) Metaspace: 6302K(6464K)->6302K(6464K) NonClass: 5768K(5824K)->5768K(5824K) Class: 533K(640K)->533K(640K)
[173.092s][info][gc             ] GC(352) Pause Full (Ergonomics) 7463M->7463M(7616M) 2430.046ms
[173.092s][info][gc,cpu         ] GC(352) User=17.94s Sys=0.00s Real=2.43s
[173.093s][info][gc,start       ] GC(353) Pause Full (Ergonomics)
[173.093s][info][gc,phases,start] GC(353) Marking Phase
[174.858s][info][gc,phases      ] GC(353) Marking Phase 1765.407ms
[174.858s][info][gc,phases,start] GC(353) Summary Phase
[174.858s][info][gc,phases      ] GC(353) Summary Phase 0.097ms
[174.858s][info][gc,phases,start] GC(353) Adjust Roots
[174.859s][info][gc,phases      ] GC(353) Adjust Roots 0.263ms
[174.859s][info][gc,phases,start] GC(353) Compaction Phase
[175.493s][info][gc,phases      ] GC(353) Compaction Phase 634.335ms
[175.493s][info][gc,phases,start] GC(353) Post Compact
[175.504s][info][gc,phases      ] GC(353) Post Compact 11.346ms
[175.504s][info][gc,heap        ] GC(353) PSYoungGen: 201404K(357376K)->201404K(357376K) Eden: 68607K(68608K)->68607K(68608K) From: 132796K(288768K)->132796K(288768K)
[175.504s][info][gc,heap        ] GC(353) ParOldGen: 7441283K(7441408K)->7441283K(7441408K)
[175.505s][info][gc,metaspace   ] GC(353) Metaspace: 6302K(6464K)->6302K(6464K) NonClass: 5768K(5824K)->5768K(5824K) Class: 533K(640K)->533K(640K)
[175.505s][info][gc             ] GC(353) Pause Full (Ergonomics) 7463M->7463M(7616M) 2411.827ms
[175.505s][info][gc,cpu         ] GC(353) User=17.59s Sys=0.02s Real=2.41s
[175.505s][info][gc,start       ] GC(354) Pause Full (Ergonomics)
[175.505s][info][gc,phases,start] GC(354) Marking Phase
[177.269s][info][gc,phases      ] GC(354) Marking Phase 1764.105ms
[177.269s][info][gc,phases,start] GC(354) Summary Phase
[177.269s][info][gc,phases      ] GC(354) Summary Phase 0.074ms
[177.269s][info][gc,phases,start] GC(354) Adjust Roots
[177.269s][info][gc,phases      ] GC(354) Adjust Roots 0.165ms
[177.269s][info][gc,phases,start] GC(354) Compaction Phase
[177.904s][info][gc,phases      ] GC(354) Compaction Phase 634.915ms
[177.904s][info][gc,phases,start] GC(354) Post Compact
[177.916s][info][gc,phases      ] GC(354) Post Compact 11.343ms
[177.916s][info][gc,heap        ] GC(354) PSYoungGen: 201404K(357376K)->201404K(357376K) Eden: 68607K(68608K)->68607K(68608K) From: 132796K(288768K)->132796K(288768K)
[177.916s][info][gc,heap        ] GC(354) ParOldGen: 7441288K(7441408K)->7441288K(7441408K)
[177.916s][info][gc,metaspace   ] GC(354) Metaspace: 6302K(6464K)->6302K(6464K) NonClass: 5768K(5824K)->5768K(5824K) Class: 533K(640K)->533K(640K)
[177.916s][info][gc             ] GC(354) Pause Full (Ergonomics) 7463M->7463M(7616M) 2410.961ms
[177.916s][info][gc,cpu         ] GC(354) User=17.72s Sys=0.00s Real=2.41s
[177.916s][info][gc,start       ] GC(355) Pause Full (Ergonomics)
[177.916s][info][gc,phases,start] GC(355) Marking Phase
[179.681s][info][gc,phases      ] GC(355) Marking Phase 1764.729ms
[179.681s][info][gc,phases,start] GC(355) Summary Phase
[179.681s][info][gc,phases      ] GC(355) Summary Phase 0.136ms
[179.681s][info][gc,phases,start] GC(355) Adjust Roots
[179.681s][info][gc,phases      ] GC(355) Adjust Roots 0.370ms
[179.681s][info][gc,phases,start] GC(355) Compaction Phase
[180.322s][info][gc,phases      ] GC(355) Compaction Phase 640.473ms
[180.322s][info][gc,phases,start] GC(355) Post Compact
[180.333s][info][gc,phases      ] GC(355) Post Compact 11.349ms
[180.333s][info][gc,heap        ] GC(355) PSYoungGen: 201404K(357376K)->201404K(357376K) Eden: 68607K(68608K)->68607K(68608K) From: 132796K(288768K)->132796K(288768K)
[180.333s][info][gc,heap        ] GC(355) ParOldGen: 7441292K(7441408K)->7441292K(7441408K)
[180.333s][info][gc,metaspace   ] GC(355) Metaspace: 6302K(6464K)->6302K(6464K) NonClass: 5768K(5824K)->5768K(5824K) Class: 533K(640K)->533K(640K)
[180.333s][info][gc             ] GC(355) Pause Full (Ergonomics) 7463M->7463M(7616M) 2417.520ms
[180.333s][info][gc,cpu         ] GC(355) User=17.67s Sys=0.02s Real=2.42s
[180.334s][info][gc,start       ] GC(356) Pause Full (Ergonomics)
[180.334s][info][gc,phases,start] GC(356) Marking Phase
[182.062s][info][gc,phases      ] GC(356) Marking Phase 1728.558ms
[182.062s][info][gc,phases,start] GC(356) Summary Phase
[182.062s][info][gc,phases      ] GC(356) Summary Phase 0.076ms
[182.062s][info][gc,phases,start] GC(356) Adjust Roots
[182.063s][info][gc,phases      ] GC(356) Adjust Roots 0.161ms
[182.063s][info][gc,phases,start] GC(356) Compaction Phase
[182.711s][info][gc,phases      ] GC(356) Compaction Phase 647.891ms
[182.711s][info][gc,phases,start] GC(356) Post Compact
[182.722s][info][gc,phases      ] GC(356) Post Compact 11.915ms
[182.723s][info][gc,heap        ] GC(356) PSYoungGen: 201404K(357376K)->201404K(357376K) Eden: 68607K(68608K)->68607K(68608K) From: 132796K(288768K)->132796K(288768K)
[182.723s][info][gc,heap        ] GC(356) ParOldGen: 7441297K(7441408K)->7441297K(7441408K)
[182.723s][info][gc,metaspace   ] GC(356) Metaspace: 6302K(6464K)->6302K(6464K) NonClass: 5768K(5824K)->5768K(5824K) Class: 533K(640K)->533K(640K)
[182.723s][info][gc             ] GC(356) Pause Full (Ergonomics) 7463M->7463M(7616M) 2388.938ms
[182.723s][info][gc,cpu         ] GC(356) User=17.42s Sys=0.00s Real=2.39s
[182.723s][info][gc,start       ] GC(357) Pause Full (Ergonomics)
[182.723s][info][gc,phases,start] GC(357) Marking Phase
[184.459s][info][gc,phases      ] GC(357) Marking Phase 1735.738ms
[184.459s][info][gc,phases,start] GC(357) Summary Phase
[184.459s][info][gc,phases      ] GC(357) Summary Phase 0.124ms
[184.459s][info][gc,phases,start] GC(357) Adjust Roots
[184.459s][info][gc,phases      ] GC(357) Adjust Roots 0.406ms
[184.459s][info][gc,phases,start] GC(357) Compaction Phase
[185.064s][info][gc,phases      ] GC(357) Compaction Phase 604.434ms
[185.064s][info][gc,phases,start] GC(357) Post Compact
[185.075s][info][gc,phases      ] GC(357) Post Compact 11.529ms
[185.075s][info][gc,heap        ] GC(357) PSYoungGen: 201404K(357376K)->201404K(357376K) Eden: 68607K(68608K)->68607K(68608K) From: 132796K(288768K)->132796K(288768K)
[185.075s][info][gc,heap        ] GC(357) ParOldGen: 7441302K(7441408K)->7441302K(7441408K)
[185.075s][info][gc,metaspace   ] GC(357) Metaspace: 6302K(6464K)->6302K(6464K) NonClass: 5768K(5824K)->5768K(5824K) Class: 533K(640K)->533K(640K)
[185.076s][info][gc             ] GC(357) Pause Full (Ergonomics) 7463M->7463M(7616M) 2352.665ms
[185.076s][info][gc,cpu         ] GC(357) User=17.55s Sys=0.00s Real=2.35s
[185.076s][info][gc,start       ] GC(358) Pause Full (Ergonomics)
[185.076s][info][gc,phases,start] GC(358) Marking Phase
[186.826s][info][gc,phases      ] GC(358) Marking Phase 1750.324ms
[186.826s][info][gc,phases,start] GC(358) Summary Phase
[186.826s][info][gc,phases      ] GC(358) Summary Phase 0.097ms
[186.826s][info][gc,phases,start] GC(358) Adjust Roots
[186.827s][info][gc,phases      ] GC(358) Adjust Roots 0.226ms
[186.827s][info][gc,phases,start] GC(358) Compaction Phase
[187.451s][info][gc,phases      ] GC(358) Compaction Phase 624.088ms
[187.451s][info][gc,phases,start] GC(358) Post Compact
[187.462s][info][gc,phases      ] GC(358) Post Compact 11.409ms
[187.462s][info][gc,heap        ] GC(358) PSYoungGen: 201404K(357376K)->201404K(357376K) Eden: 68607K(68608K)->68607K(68608K) From: 132796K(288768K)->132796K(288768K)
[187.462s][info][gc,heap        ] GC(358) ParOldGen: 7441307K(7441408K)->7441307K(7441408K)
[187.462s][info][gc,metaspace   ] GC(358) Metaspace: 6302K(6464K)->6302K(6464K) NonClass: 5768K(5824K)->5768K(5824K) Class: 533K(640K)->533K(640K)
[187.462s][info][gc             ] GC(358) Pause Full (Ergonomics) 7463M->7463M(7616M) 2386.524ms
[187.462s][info][gc,cpu         ] GC(358) User=17.58s Sys=0.03s Real=2.39s
[187.463s][info][gc,start       ] GC(359) Pause Full (Ergonomics)
[187.463s][info][gc,phases,start] GC(359) Marking Phase
[189.214s][info][gc,phases      ] GC(359) Marking Phase 1751.200ms
[189.214s][info][gc,phases,start] GC(359) Summary Phase
[189.214s][info][gc,phases      ] GC(359) Summary Phase 0.075ms
[189.214s][info][gc,phases,start] GC(359) Adjust Roots
[189.214s][info][gc,phases      ] GC(359) Adjust Roots 0.164ms
[189.214s][info][gc,phases,start] GC(359) Compaction Phase
[189.837s][info][gc,phases      ] GC(359) Compaction Phase 623.125ms
[189.837s][info][gc,phases,start] GC(359) Post Compact
[189.849s][info][gc,phases      ] GC(359) Post Compact 11.393ms
[189.849s][info][gc,heap        ] GC(359) PSYoungGen: 201404K(357376K)->201404K(357376K) Eden: 68607K(68608K)->68607K(68608K) From: 132796K(288768K)->132796K(288768K)
[189.849s][info][gc,heap        ] GC(359) ParOldGen: 7441312K(7441408K)->7441312K(7441408K)
[189.849s][info][gc,metaspace   ] GC(359) Metaspace: 6302K(6464K)->6302K(6464K) NonClass: 5768K(5824K)->5768K(5824K) Class: 533K(640K)->533K(640K)
[189.849s][info][gc             ] GC(359) Pause Full (Ergonomics) 7463M->7463M(7616M) 2386.300ms
[189.849s][info][gc,cpu         ] GC(359) User=17.58s Sys=0.00s Real=2.39s
[189.849s][info][gc,start       ] GC(360) Pause Full (Ergonomics)
[189.849s][info][gc,phases,start] GC(360) Marking Phase
[191.578s][info][gc,phases      ] GC(360) Marking Phase 1729.219ms
[191.578s][info][gc,phases,start] GC(360) Summary Phase
[191.578s][info][gc,phases      ] GC(360) Summary Phase 0.097ms
[191.579s][info][gc,phases,start] GC(360) Adjust Roots
[191.579s][info][gc,phases      ] GC(360) Adjust Roots 0.179ms
[191.579s][info][gc,phases,start] GC(360) Compaction Phase
[192.204s][info][gc,phases      ] GC(360) Compaction Phase 625.206ms
[192.204s][info][gc,phases,start] GC(360) Post Compact
[192.215s][info][gc,phases      ] GC(360) Post Compact 11.417ms
[192.215s][info][gc,heap        ] GC(360) PSYoungGen: 201404K(357376K)->201404K(357376K) Eden: 68607K(68608K)->68607K(68608K) From: 132796K(288768K)->132796K(288768K)
[192.216s][info][gc,heap        ] GC(360) ParOldGen: 7441317K(7441408K)->7441317K(7441408K)
[192.216s][info][gc,metaspace   ] GC(360) Metaspace: 6302K(6464K)->6302K(6464K) NonClass: 5768K(5824K)->5768K(5824K) Class: 533K(640K)->533K(640K)
[192.216s][info][gc             ] GC(360) Pause Full (Ergonomics) 7463M->7463M(7616M) 2366.499ms
[192.216s][info][gc,cpu         ] GC(360) User=17.27s Sys=0.02s Real=2.37s
[192.216s][info][gc,start       ] GC(361) Pause Full (Ergonomics)
[192.216s][info][gc,phases,start] GC(361) Marking Phase
[193.962s][info][gc,phases      ] GC(361) Marking Phase 1746.649ms
[193.962s][info][gc,phases,start] GC(361) Summary Phase
[193.963s][info][gc,phases      ] GC(361) Summary Phase 0.074ms
[193.963s][info][gc,phases,start] GC(361) Adjust Roots
[193.963s][info][gc,phases      ] GC(361) Adjust Roots 0.191ms
[193.963s][info][gc,phases,start] GC(361) Compaction Phase
[194.593s][info][gc,phases      ] GC(361) Compaction Phase 630.619ms
[194.593s][info][gc,phases,start] GC(361) Post Compact
[194.606s][info][gc,phases      ] GC(361) Post Compact 12.534ms
[194.606s][info][gc,heap        ] GC(361) PSYoungGen: 201404K(357376K)->201404K(357376K) Eden: 68607K(68608K)->68607K(68608K) From: 132796K(288768K)->132796K(288768K)
[194.606s][info][gc,heap        ] GC(361) ParOldGen: 7441321K(7441408K)->7441321K(7441408K)
[194.606s][info][gc,metaspace   ] GC(361) Metaspace: 6302K(6464K)->6302K(6464K) NonClass: 5768K(5824K)->5768K(5824K) Class: 533K(640K)->533K(640K)
[194.606s][info][gc             ] GC(361) Pause Full (Ergonomics) 7463M->7463M(7616M) 2390.438ms
[194.606s][info][gc,cpu         ] GC(361) User=17.27s Sys=0.02s Real=2.39s
[194.606s][info][gc,start       ] GC(362) Pause Full (Ergonomics)
[194.606s][info][gc,phases,start] GC(362) Marking Phase
[196.366s][info][gc,phases      ] GC(362) Marking Phase 1759.446ms
[196.366s][info][gc,phases,start] GC(362) Summary Phase
[196.366s][info][gc,phases      ] GC(362) Summary Phase 0.080ms
[196.366s][info][gc,phases,start] GC(362) Adjust Roots
[196.366s][info][gc,phases      ] GC(362) Adjust Roots 0.258ms
[196.366s][info][gc,phases,start] GC(362) Compaction Phase
[196.994s][info][gc,phases      ] GC(362) Compaction Phase 627.204ms
[196.994s][info][gc,phases,start] GC(362) Post Compact
[197.005s][info][gc,phases      ] GC(362) Post Compact 11.458ms
[197.005s][info][gc,heap        ] GC(362) PSYoungGen: 201404K(357376K)->201404K(357376K) Eden: 68607K(68608K)->68607K(68608K) From: 132796K(288768K)->132796K(288768K)
[197.005s][info][gc,heap        ] GC(362) ParOldGen: 7441326K(7441408K)->7441326K(7441408K)
[197.005s][info][gc,metaspace   ] GC(362) Metaspace: 6302K(6464K)->6302K(6464K) NonClass: 5768K(5824K)->5768K(5824K) Class: 533K(640K)->533K(640K)
[197.005s][info][gc             ] GC(362) Pause Full (Ergonomics) 7463M->7463M(7616M) 2398.823ms
[197.005s][info][gc,cpu         ] GC(362) User=17.44s Sys=0.02s Real=2.40s
[197.005s][info][gc,start       ] GC(363) Pause Full (Ergonomics)
[197.005s][info][gc,phases,start] GC(363) Marking Phase
[198.761s][info][gc,phases      ] GC(363) Marking Phase 1755.732ms
[198.761s][info][gc,phases,start] GC(363) Summary Phase
[198.761s][info][gc,phases      ] GC(363) Summary Phase 0.078ms
[198.761s][info][gc,phases,start] GC(363) Adjust Roots
[198.762s][info][gc,phases      ] GC(363) Adjust Roots 0.169ms
[198.762s][info][gc,phases,start] GC(363) Compaction Phase
[199.395s][info][gc,phases      ] GC(363) Compaction Phase 633.588ms
[199.395s][info][gc,phases,start] GC(363) Post Compact
[199.407s][info][gc,phases      ] GC(363) Post Compact 11.451ms
[199.407s][info][gc,heap        ] GC(363) PSYoungGen: 201404K(357376K)->201404K(357376K) Eden: 68607K(68608K)->68607K(68608K) From: 132796K(288768K)->132796K(288768K)
[199.407s][info][gc,heap        ] GC(363) ParOldGen: 7441331K(7441408K)->7441331K(7441408K)
[199.407s][info][gc,metaspace   ] GC(363) Metaspace: 6302K(6464K)->6302K(6464K) NonClass: 5768K(5824K)->5768K(5824K) Class: 533K(640K)->533K(640K)
[199.407s][info][gc             ] GC(363) Pause Full (Ergonomics) 7463M->7463M(7616M) 2401.358ms
[199.407s][info][gc,cpu         ] GC(363) User=17.30s Sys=0.02s Real=2.40s
[199.407s][info][gc,start       ] GC(364) Pause Full (Ergonomics)
[199.407s][info][gc,phases,start] GC(364) Marking Phase
[201.130s][info][gc,phases      ] GC(364) Marking Phase 1722.921ms
[201.130s][info][gc,phases,start] GC(364) Summary Phase
[201.130s][info][gc,phases      ] GC(364) Summary Phase 0.097ms
[201.130s][info][gc,phases,start] GC(364) Adjust Roots
[201.130s][info][gc,phases      ] GC(364) Adjust Roots 0.250ms
[201.130s][info][gc,phases,start] GC(364) Compaction Phase
[201.753s][info][gc,phases      ] GC(364) Compaction Phase 622.394ms
[201.753s][info][gc,phases,start] GC(364) Post Compact
[201.764s][info][gc,phases      ] GC(364) Post Compact 11.293ms
[201.764s][info][gc,heap        ] GC(364) PSYoungGen: 201404K(357376K)->201404K(357376K) Eden: 68607K(68608K)->68607K(68608K) From: 132796K(288768K)->132796K(288768K)
[201.764s][info][gc,heap        ] GC(364) ParOldGen: 7441336K(7441408K)->7441336K(7441408K)
[201.764s][info][gc,metaspace   ] GC(364) Metaspace: 6302K(6464K)->6302K(6464K) NonClass: 5768K(5824K)->5768K(5824K) Class: 533K(640K)->533K(640K)
[201.764s][info][gc             ] GC(364) Pause Full (Ergonomics) 7463M->7463M(7616M) 2357.303ms
[201.764s][info][gc,cpu         ] GC(364) User=17.19s Sys=0.00s Real=2.36s
[201.765s][info][gc,start       ] GC(365) Pause Full (Ergonomics)
[201.765s][info][gc,phases,start] GC(365) Marking Phase
[203.525s][info][gc,phases      ] GC(365) Marking Phase 1760.180ms
[203.525s][info][gc,phases,start] GC(365) Summary Phase
[203.525s][info][gc,phases      ] GC(365) Summary Phase 0.102ms
[203.525s][info][gc,phases,start] GC(365) Adjust Roots
[203.525s][info][gc,phases      ] GC(365) Adjust Roots 0.219ms
[203.525s][info][gc,phases,start] GC(365) Compaction Phase
[204.120s][info][gc,phases      ] GC(365) Compaction Phase 594.379ms
[204.120s][info][gc,phases,start] GC(365) Post Compact
[204.131s][info][gc,phases      ] GC(365) Post Compact 11.529ms
[204.131s][info][gc,heap        ] GC(365) PSYoungGen: 201404K(357376K)->201404K(357376K) Eden: 68607K(68608K)->68607K(68608K) From: 132796K(288768K)->132796K(288768K)
[204.131s][info][gc,heap        ] GC(365) ParOldGen: 7441341K(7441408K)->7441341K(7441408K)
[204.131s][info][gc,metaspace   ] GC(365) Metaspace: 6302K(6464K)->6302K(6464K) NonClass: 5768K(5824K)->5768K(5824K) Class: 533K(640K)->533K(640K)
[204.131s][info][gc             ] GC(365) Pause Full (Ergonomics) 7463M->7463M(7616M) 2366.796ms
[204.131s][info][gc,cpu         ] GC(365) User=17.52s Sys=0.00s Real=2.37s
[204.132s][info][gc,start       ] GC(366) Pause Full (Ergonomics)
[204.132s][info][gc,phases,start] GC(366) Marking Phase
[205.867s][info][gc,phases      ] GC(366) Marking Phase 1734.968ms
[205.867s][info][gc,phases,start] GC(366) Summary Phase
[205.867s][info][gc,phases      ] GC(366) Summary Phase 0.087ms
[205.867s][info][gc,phases,start] GC(366) Adjust Roots
[205.867s][info][gc,phases      ] GC(366) Adjust Roots 0.166ms
[205.867s][info][gc,phases,start] GC(366) Compaction Phase
[206.443s][info][gc,phases      ] GC(366) Compaction Phase 576.254ms
[206.443s][info][gc,phases,start] GC(366) Post Compact
[206.455s][info][gc,phases      ] GC(366) Post Compact 11.331ms
[206.455s][info][gc,heap        ] GC(366) PSYoungGen: 201404K(357376K)->201404K(357376K) Eden: 68607K(68608K)->68607K(68608K) From: 132796K(288768K)->132796K(288768K)
[206.455s][info][gc,heap        ] GC(366) ParOldGen: 7441346K(7441408K)->7441346K(7441408K)
[206.455s][info][gc,metaspace   ] GC(366) Metaspace: 6302K(6464K)->6302K(6464K) NonClass: 5768K(5824K)->5768K(5824K) Class: 533K(640K)->533K(640K)
[206.455s][info][gc             ] GC(366) Pause Full (Ergonomics) 7463M->7463M(7616M) 2323.162ms
[206.455s][info][gc,cpu         ] GC(366) User=17.25s Sys=0.02s Real=2.32s
[206.455s][info][gc,start       ] GC(367) Pause Full (Ergonomics)
[206.455s][info][gc,phases,start] GC(367) Marking Phase
[208.183s][info][gc,phases      ] GC(367) Marking Phase 1727.845ms
[208.183s][info][gc,phases,start] GC(367) Summary Phase
[208.183s][info][gc,phases      ] GC(367) Summary Phase 0.133ms
[208.183s][info][gc,phases,start] GC(367) Adjust Roots
[208.183s][info][gc,phases      ] GC(367) Adjust Roots 0.355ms
[208.184s][info][gc,phases,start] GC(367) Compaction Phase
[208.796s][info][gc,phases      ] GC(367) Compaction Phase 612.622ms
[208.796s][info][gc,phases,start] GC(367) Post Compact
[208.808s][info][gc,phases      ] GC(367) Post Compact 11.735ms
[208.808s][info][gc,heap        ] GC(367) PSYoungGen: 201404K(357376K)->201404K(357376K) Eden: 68607K(68608K)->68607K(68608K) From: 132796K(288768K)->132796K(288768K)
[208.808s][info][gc,heap        ] GC(367) ParOldGen: 7441350K(7441408K)->7441350K(7441408K)
[208.808s][info][gc,metaspace   ] GC(367) Metaspace: 6302K(6464K)->6302K(6464K) NonClass: 5768K(5824K)->5768K(5824K) Class: 533K(640K)->533K(640K)
[208.808s][info][gc             ] GC(367) Pause Full (Ergonomics) 7463M->7463M(7616M) 2353.164ms
[208.808s][info][gc,cpu         ] GC(367) User=17.03s Sys=0.00s Real=2.35s
[208.808s][info][gc,start       ] GC(368) Pause Full (Ergonomics)
[208.808s][info][gc,phases,start] GC(368) Marking Phase
[210.585s][info][gc,phases      ] GC(368) Marking Phase 1776.601ms
[210.585s][info][gc,phases,start] GC(368) Summary Phase
[210.585s][info][gc,phases      ] GC(368) Summary Phase 0.163ms
[210.585s][info][gc,phases,start] GC(368) Adjust Roots
[210.586s][info][gc,phases      ] GC(368) Adjust Roots 0.313ms
[210.586s][info][gc,phases,start] GC(368) Compaction Phase
[211.123s][info][gc,phases      ] GC(368) Compaction Phase 537.253ms
[211.123s][info][gc,phases,start] GC(368) Post Compact
[211.135s][info][gc,phases      ] GC(368) Post Compact 11.577ms
[211.135s][info][gc,heap        ] GC(368) PSYoungGen: 201404K(357376K)->201404K(357376K) Eden: 68607K(68608K)->68607K(68608K) From: 132796K(288768K)->132796K(288768K)
[211.135s][info][gc,heap        ] GC(368) ParOldGen: 7441355K(7441408K)->7441355K(7441408K)
[211.135s][info][gc,metaspace   ] GC(368) Metaspace: 6302K(6464K)->6302K(6464K) NonClass: 5768K(5824K)->5768K(5824K) Class: 533K(640K)->533K(640K)
[211.135s][info][gc             ] GC(368) Pause Full (Ergonomics) 7463M->7463M(7616M) 2326.343ms
[211.135s][info][gc,cpu         ] GC(368) User=17.22s Sys=0.00s Real=2.33s
[211.135s][info][gc,start       ] GC(369) Pause Full (Ergonomics)
[211.135s][info][gc,phases,start] GC(369) Marking Phase
[212.886s][info][gc,phases      ] GC(369) Marking Phase 1750.630ms
[212.886s][info][gc,phases,start] GC(369) Summary Phase
[212.886s][info][gc,phases      ] GC(369) Summary Phase 0.086ms
[212.886s][info][gc,phases,start] GC(369) Adjust Roots
[212.886s][info][gc,phases      ] GC(369) Adjust Roots 0.262ms
[212.886s][info][gc,phases,start] GC(369) Compaction Phase
[213.425s][info][gc,phases      ] GC(369) Compaction Phase 538.752ms
[213.425s][info][gc,phases,start] GC(369) Post Compact
[213.436s][info][gc,phases      ] GC(369) Post Compact 11.449ms
[213.436s][info][gc,heap        ] GC(369) PSYoungGen: 201404K(357376K)->201404K(357376K) Eden: 68607K(68608K)->68607K(68608K) From: 132796K(288768K)->132796K(288768K)
[213.436s][info][gc,heap        ] GC(369) ParOldGen: 7441360K(7441408K)->7441360K(7441408K)
[213.436s][info][gc,metaspace   ] GC(369) Metaspace: 6302K(6464K)->6302K(6464K) NonClass: 5768K(5824K)->5768K(5824K) Class: 533K(640K)->533K(640K)
[213.436s][info][gc             ] GC(369) Pause Full (Ergonomics) 7463M->7463M(7616M) 2301.498ms
[213.436s][info][gc,cpu         ] GC(369) User=16.98s Sys=0.00s Real=2.30s
[213.437s][info][gc,start       ] GC(370) Pause Full (Ergonomics)
[213.437s][info][gc,phases,start] GC(370) Marking Phase
[215.183s][info][gc,phases      ] GC(370) Marking Phase 1746.723ms
[215.183s][info][gc,phases,start] GC(370) Summary Phase
[215.184s][info][gc,phases      ] GC(370) Summary Phase 0.135ms
[215.184s][info][gc,phases,start] GC(370) Adjust Roots
[215.184s][info][gc,phases      ] GC(370) Adjust Roots 0.283ms
[215.184s][info][gc,phases,start] GC(370) Compaction Phase
[215.727s][info][gc,phases      ] GC(370) Compaction Phase 542.865ms
[215.727s][info][gc,phases,start] GC(370) Post Compact
[215.739s][info][gc,phases      ] GC(370) Post Compact 12.510ms
[215.740s][info][gc,heap        ] GC(370) PSYoungGen: 201404K(357376K)->201404K(357376K) Eden: 68607K(68608K)->68607K(68608K) From: 132796K(288768K)->132796K(288768K)
[215.740s][info][gc,heap        ] GC(370) ParOldGen: 7441365K(7441408K)->7441365K(7441408K)
[215.740s][info][gc,metaspace   ] GC(370) Metaspace: 6302K(6464K)->6302K(6464K) NonClass: 5768K(5824K)->5768K(5824K) Class: 533K(640K)->533K(640K)
[215.740s][info][gc             ] GC(370) Pause Full (Ergonomics) 7463M->7463M(7616M) 2302.936ms
[215.740s][info][gc,cpu         ] GC(370) User=16.78s Sys=0.00s Real=2.30s
[215.740s][info][gc,start       ] GC(371) Pause Full (Ergonomics)
[215.740s][info][gc,phases,start] GC(371) Marking Phase
[217.452s][info][gc,phases      ] GC(371) Marking Phase 1711.675ms
[217.452s][info][gc,phases,start] GC(371) Summary Phase
[217.452s][info][gc,phases      ] GC(371) Summary Phase 0.085ms
[217.452s][info][gc,phases,start] GC(371) Adjust Roots
[217.452s][info][gc,phases      ] GC(371) Adjust Roots 0.276ms
[217.452s][info][gc,phases,start] GC(371) Compaction Phase
[217.987s][info][gc,phases      ] GC(371) Compaction Phase 535.338ms
[217.987s][info][gc,phases,start] GC(371) Post Compact
[218.001s][info][gc,phases      ] GC(371) Post Compact 13.124ms
[218.001s][info][gc,heap        ] GC(371) PSYoungGen: 201404K(357376K)->201404K(357376K) Eden: 68607K(68608K)->68607K(68608K) From: 132796K(288768K)->132796K(288768K)
[218.001s][info][gc,heap        ] GC(371) ParOldGen: 7441370K(7441408K)->7441370K(7441408K)
[218.001s][info][gc,metaspace   ] GC(371) Metaspace: 6302K(6464K)->6302K(6464K) NonClass: 5768K(5824K)->5768K(5824K) Class: 533K(640K)->533K(640K)
[218.001s][info][gc             ] GC(371) Pause Full (Ergonomics) 7463M->7463M(7616M) 2260.887ms
[218.001s][info][gc,cpu         ] GC(371) User=16.70s Sys=0.00s Real=2.26s
[218.001s][info][gc,start       ] GC(372) Pause Full (Ergonomics)
[218.001s][info][gc,phases,start] GC(372) Marking Phase
[219.722s][info][gc,phases      ] GC(372) Marking Phase 1721.361ms
[219.722s][info][gc,phases,start] GC(372) Summary Phase
[219.723s][info][gc,phases      ] GC(372) Summary Phase 0.144ms
[219.723s][info][gc,phases,start] GC(372) Adjust Roots
[219.723s][info][gc,phases      ] GC(372) Adjust Roots 0.371ms
[219.723s][info][gc,phases,start] GC(372) Compaction Phase
[220.281s][info][gc,phases      ] GC(372) Compaction Phase 558.428ms
[220.281s][info][gc,phases,start] GC(372) Post Compact
[220.294s][info][gc,phases      ] GC(372) Post Compact 12.223ms
[220.294s][info][gc,heap        ] GC(372) PSYoungGen: 201404K(357376K)->201404K(357376K) Eden: 68607K(68608K)->68607K(68608K) From: 132796K(288768K)->132796K(288768K)
[220.294s][info][gc,heap        ] GC(372) ParOldGen: 7441375K(7441408K)->7441375K(7441408K)
[220.294s][info][gc,metaspace   ] GC(372) Metaspace: 6302K(6464K)->6302K(6464K) NonClass: 5768K(5824K)->5768K(5824K) Class: 533K(640K)->533K(640K)
[220.294s][info][gc             ] GC(372) Pause Full (Ergonomics) 7463M->7463M(7616M) 2292.975ms
[220.294s][info][gc,cpu         ] GC(372) User=16.83s Sys=0.00s Real=2.29s
[220.294s][info][gc,start       ] GC(373) Pause Full (Ergonomics)
[220.294s][info][gc,phases,start] GC(373) Marking Phase
[222.045s][info][gc,phases      ] GC(373) Marking Phase 1751.097ms
[222.045s][info][gc,phases,start] GC(373) Summary Phase
[222.046s][info][gc,phases      ] GC(373) Summary Phase 0.143ms
[222.046s][info][gc,phases,start] GC(373) Adjust Roots
[222.046s][info][gc,phases      ] GC(373) Adjust Roots 0.338ms
[222.046s][info][gc,phases,start] GC(373) Compaction Phase
[222.589s][info][gc,phases      ] GC(373) Compaction Phase 543.215ms
[222.589s][info][gc,phases,start] GC(373) Post Compact
[222.603s][info][gc,phases      ] GC(373) Post Compact 13.861ms
[222.603s][info][gc,heap        ] GC(373) PSYoungGen: 201404K(357376K)->201404K(357376K) Eden: 68607K(68608K)->68607K(68608K) From: 132796K(288768K)->132796K(288768K)
[222.603s][info][gc,heap        ] GC(373) ParOldGen: 7441379K(7441408K)->7441379K(7441408K)
[222.603s][info][gc,metaspace   ] GC(373) Metaspace: 6302K(6464K)->6302K(6464K) NonClass: 5768K(5824K)->5768K(5824K) Class: 533K(640K)->533K(640K)
[222.603s][info][gc             ] GC(373) Pause Full (Ergonomics) 7463M->7463M(7616M) 2309.060ms
[222.603s][info][gc,cpu         ] GC(373) User=16.84s Sys=0.02s Real=2.31s
[222.603s][info][gc,start       ] GC(374) Pause Full (Ergonomics)
[222.603s][info][gc,phases,start] GC(374) Marking Phase
[224.358s][info][gc,phases      ] GC(374) Marking Phase 1754.775ms
[224.358s][info][gc,phases,start] GC(374) Summary Phase
[224.358s][info][gc,phases      ] GC(374) Summary Phase 0.157ms
[224.358s][info][gc,phases,start] GC(374) Adjust Roots
[224.359s][info][gc,phases      ] GC(374) Adjust Roots 0.263ms
[224.359s][info][gc,phases,start] GC(374) Compaction Phase
[224.901s][info][gc,phases      ] GC(374) Compaction Phase 542.141ms
[224.901s][info][gc,phases,start] GC(374) Post Compact
[224.912s][info][gc,phases      ] GC(374) Post Compact 11.503ms
[224.913s][info][gc,heap        ] GC(374) PSYoungGen: 201404K(357376K)->201404K(357376K) Eden: 68607K(68608K)->68607K(68608K) From: 132796K(288768K)->132796K(288768K)
[224.913s][info][gc,heap        ] GC(374) ParOldGen: 7441384K(7441408K)->7441384K(7441408K)
[224.913s][info][gc,metaspace   ] GC(374) Metaspace: 6302K(6464K)->6302K(6464K) NonClass: 5768K(5824K)->5768K(5824K) Class: 533K(640K)->533K(640K)
[224.913s][info][gc             ] GC(374) Pause Full (Ergonomics) 7463M->7463M(7616M) 2309.198ms
[224.913s][info][gc,cpu         ] GC(374) User=17.20s Sys=0.00s Real=2.31s
[224.913s][info][gc,start       ] GC(375) Pause Full (Ergonomics)
[224.913s][info][gc,phases,start] GC(375) Marking Phase
[226.672s][info][gc,phases      ] GC(375) Marking Phase 1759.075ms
[226.672s][info][gc,phases,start] GC(375) Summary Phase
[226.672s][info][gc,phases      ] GC(375) Summary Phase 0.080ms
[226.672s][info][gc,phases,start] GC(375) Adjust Roots
[226.672s][info][gc,phases      ] GC(375) Adjust Roots 0.183ms
[226.672s][info][gc,phases,start] GC(375) Compaction Phase
[227.257s][info][gc,phases      ] GC(375) Compaction Phase 584.299ms
[227.257s][info][gc,phases,start] GC(375) Post Compact
[227.269s][info][gc,phases      ] GC(375) Post Compact 12.132ms
[227.269s][info][gc,heap        ] GC(375) PSYoungGen: 201404K(357376K)->201404K(357376K) Eden: 68607K(68608K)->68607K(68608K) From: 132796K(288768K)->132796K(288768K)
[227.269s][info][gc,heap        ] GC(375) ParOldGen: 7441389K(7441408K)->7441389K(7441408K)
[227.269s][info][gc,metaspace   ] GC(375) Metaspace: 6302K(6464K)->6302K(6464K) NonClass: 5768K(5824K)->5768K(5824K) Class: 533K(640K)->533K(640K)
[227.269s][info][gc             ] GC(375) Pause Full (Ergonomics) 7463M->7463M(7616M) 2356.161ms
[227.269s][info][gc,cpu         ] GC(375) User=17.23s Sys=0.02s Real=2.36s
[227.269s][info][gc,start       ] GC(376) Pause Full (Ergonomics)
[227.269s][info][gc,phases,start] GC(376) Marking Phase
[229.027s][info][gc,phases      ] GC(376) Marking Phase 1757.366ms
[229.027s][info][gc,phases,start] GC(376) Summary Phase
[229.027s][info][gc,phases      ] GC(376) Summary Phase 0.168ms
[229.027s][info][gc,phases,start] GC(376) Adjust Roots
[229.027s][info][gc,phases      ] GC(376) Adjust Roots 0.282ms
[229.027s][info][gc,phases,start] GC(376) Compaction Phase
[229.586s][info][gc,phases      ] GC(376) Compaction Phase 558.964ms
[229.586s][info][gc,phases,start] GC(376) Post Compact
[229.598s][info][gc,phases      ] GC(376) Post Compact 11.579ms
[229.598s][info][gc,heap        ] GC(376) PSYoungGen: 201404K(357376K)->201404K(357376K) Eden: 68607K(68608K)->68607K(68608K) From: 132796K(288768K)->132796K(288768K)
[229.598s][info][gc,heap        ] GC(376) ParOldGen: 7441394K(7441408K)->7441394K(7441408K)
[229.598s][info][gc,metaspace   ] GC(376) Metaspace: 6302K(6464K)->6302K(6464K) NonClass: 5768K(5824K)->5768K(5824K) Class: 533K(640K)->533K(640K)
[229.598s][info][gc             ] GC(376) Pause Full (Ergonomics) 7463M->7463M(7616M) 2328.752ms
[229.598s][info][gc,cpu         ] GC(376) User=17.02s Sys=0.03s Real=2.33s
[229.598s][info][gc,start       ] GC(377) Pause Full (Ergonomics)
[229.598s][info][gc,phases,start] GC(377) Marking Phase
[231.338s][info][gc,phases      ] GC(377) Marking Phase 1739.554ms
[231.338s][info][gc,phases,start] GC(377) Summary Phase
[231.338s][info][gc,phases      ] GC(377) Summary Phase 0.076ms
[231.338s][info][gc,phases,start] GC(377) Adjust Roots
[231.338s][info][gc,phases      ] GC(377) Adjust Roots 0.163ms
[231.338s][info][gc,phases,start] GC(377) Compaction Phase
[231.903s][info][gc,phases      ] GC(377) Compaction Phase 564.460ms
[231.903s][info][gc,phases,start] GC(377) Post Compact
[231.915s][info][gc,phases      ] GC(377) Post Compact 11.949ms
[231.915s][info][gc,heap        ] GC(377) PSYoungGen: 201404K(357376K)->201404K(357376K) Eden: 68607K(68608K)->68607K(68608K) From: 132796K(288768K)->132796K(288768K)
[231.915s][info][gc,heap        ] GC(377) ParOldGen: 7441399K(7441408K)->7441399K(7441408K)
[231.915s][info][gc,metaspace   ] GC(377) Metaspace: 6302K(6464K)->6302K(6464K) NonClass: 5768K(5824K)->5768K(5824K) Class: 533K(640K)->533K(640K)
[231.915s][info][gc             ] GC(377) Pause Full (Ergonomics) 7463M->7463M(7616M) 2316.546ms
[231.915s][info][gc,cpu         ] GC(377) User=17.02s Sys=0.00s Real=2.32s
[231.915s][info][gc,start       ] GC(378) Pause Full (Ergonomics)
[231.915s][info][gc,phases,start] GC(378) Marking Phase
[233.683s][info][gc,phases      ] GC(378) Marking Phase 1767.502ms
[233.683s][info][gc,phases,start] GC(378) Summary Phase
[233.683s][info][gc,phases      ] GC(378) Summary Phase 0.082ms
[233.683s][info][gc,phases,start] GC(378) Adjust Roots
[233.683s][info][gc,phases      ] GC(378) Adjust Roots 0.191ms
[233.683s][info][gc,phases,start] GC(378) Compaction Phase
[234.235s][info][gc,phases      ] GC(378) Compaction Phase 551.965ms
[234.235s][info][gc,phases,start] GC(378) Post Compact
[234.247s][info][gc,phases      ] GC(378) Post Compact 11.764ms
[234.247s][info][gc,heap        ] GC(378) PSYoungGen: 201404K(357376K)->201404K(357376K) Eden: 68607K(68608K)->68607K(68608K) From: 132796K(288768K)->132796K(288768K)
[234.247s][info][gc,heap        ] GC(378) ParOldGen: 7441404K(7441408K)->7441404K(7441408K)
[234.247s][info][gc,metaspace   ] GC(378) Metaspace: 6302K(6464K)->6302K(6464K) NonClass: 5768K(5824K)->5768K(5824K) Class: 533K(640K)->533K(640K)
[234.247s][info][gc             ] GC(378) Pause Full (Ergonomics) 7463M->7463M(7616M) 2331.866ms
[234.247s][info][gc,cpu         ] GC(378) User=17.39s Sys=0.00s Real=2.33s
[234.247s][info][gc,start       ] GC(379) Pause Full (Ergonomics)
[234.247s][info][gc,phases,start] GC(379) Marking Phase
[235.980s][info][gc,phases      ] GC(379) Marking Phase 1733.273ms
[235.980s][info][gc,phases,start] GC(379) Summary Phase
[235.981s][info][gc,phases      ] GC(379) Summary Phase 0.125ms
[235.981s][info][gc,phases,start] GC(379) Adjust Roots
[235.981s][info][gc,phases      ] GC(379) Adjust Roots 0.314ms
[235.981s][info][gc,phases,start] GC(379) Compaction Phase
[236.515s][info][gc,phases      ] GC(379) Compaction Phase 534.293ms
[236.515s][info][gc,phases,start] GC(379) Post Compact
[236.527s][info][gc,phases      ] GC(379) Post Compact 11.422ms
[236.527s][info][gc,heap        ] GC(379) PSYoungGen: 201404K(357376K)->201404K(357376K) Eden: 68607K(68608K)->68607K(68608K) From: 132796K(288768K)->132796K(288768K)
[236.527s][info][gc,heap        ] GC(379) ParOldGen: 7441408K(7441408K)->7441408K(7441408K)
[236.527s][info][gc,metaspace   ] GC(379) Metaspace: 6302K(6464K)->6302K(6464K) NonClass: 5768K(5824K)->5768K(5824K) Class: 533K(640K)->533K(640K)
[236.527s][info][gc             ] GC(379) Pause Full (Ergonomics) 7463M->7463M(7616M) 2279.872ms
[236.527s][info][gc,cpu         ] GC(379) User=17.02s Sys=0.00s Real=2.28s
[236.527s][info][gc,start       ] GC(380) Pause Full (Allocation Failure)
[236.527s][info][gc,phases,start] GC(380) Marking Phase
[238.291s][info][gc,phases      ] GC(380) Marking Phase 1763.705ms
[238.291s][info][gc,phases,start] GC(380) Summary Phase
[238.291s][info][gc,phases      ] GC(380) Summary Phase 0.084ms
[238.291s][info][gc,phases,start] GC(380) Adjust Roots
[238.291s][info][gc,phases      ] GC(380) Adjust Roots 0.454ms
[238.291s][info][gc,phases,start] GC(380) Compaction Phase
[240.221s][info][gc,phases      ] GC(380) Compaction Phase 1930.063ms
[240.222s][info][gc,phases,start] GC(380) Post Compact
[240.233s][info][gc,phases      ] GC(380) Post Compact 11.648ms
[240.233s][info][gc,heap        ] GC(380) PSYoungGen: 201404K(357376K)->201404K(357376K) Eden: 68607K(68608K)->68607K(68608K) From: 132796K(288768K)->132796K(288768K)
[240.233s][info][gc,heap        ] GC(380) ParOldGen: 7441408K(7441408K)->7441403K(7441408K)
[240.233s][info][gc,metaspace   ] GC(380) Metaspace: 6302K(6464K)->6300K(6464K) NonClass: 5768K(5824K)->5767K(5824K) Class: 533K(640K)->532K(640K)
[240.233s][info][gc             ] GC(380) Pause Full (Allocation Failure) 7463M->7463M(7616M) 3706.366ms
[240.233s][info][gc,cpu         ] GC(380) User=27.53s Sys=0.03s Real=3.71s
[240.234s][info][gc,start       ] GC(381) Pause Full (Ergonomics)
[240.234s][info][gc,phases,start] GC(381) Marking Phase
[241.979s][info][gc,phases      ] GC(381) Marking Phase 1744.967ms
[241.979s][info][gc,phases,start] GC(381) Summary Phase
[241.979s][info][gc,phases      ] GC(381) Summary Phase 0.077ms
[241.979s][info][gc,phases,start] GC(381) Adjust Roots
[241.979s][info][gc,phases      ] GC(381) Adjust Roots 0.185ms
[241.979s][info][gc,phases,start] GC(381) Compaction Phase
[242.530s][info][gc,phases      ] GC(381) Compaction Phase 550.431ms
[242.530s][info][gc,phases,start] GC(381) Post Compact
[242.541s][info][gc,phases      ] GC(381) Post Compact 11.444ms
[242.541s][info][gc,heap        ] GC(381) PSYoungGen: 201404K(357376K)->201404K(357376K) Eden: 68607K(68608K)->68607K(68608K) From: 132796K(288768K)->132796K(288768K)
[242.541s][info][gc,heap        ] GC(381) ParOldGen: 7441404K(7441408K)->7441404K(7441408K)
[242.541s][info][gc,metaspace   ] GC(381) Metaspace: 6300K(6464K)->6300K(6464K) NonClass: 5767K(5824K)->5767K(5824K) Class: 532K(640K)->532K(640K)
[242.541s][info][gc             ] GC(381) Pause Full (Ergonomics) 7463M->7463M(7616M) 2307.437ms
[242.541s][info][gc,cpu         ] GC(381) User=17.16s Sys=0.00s Real=2.31s
[242.542s][info][gc,start       ] GC(382) Pause Full (Ergonomics)
[242.542s][info][gc,phases,start] GC(382) Marking Phase
[244.284s][info][gc,phases      ] GC(382) Marking Phase 1742.708ms
[244.285s][info][gc,phases,start] GC(382) Summary Phase
[244.285s][info][gc,phases      ] GC(382) Summary Phase 0.077ms
[244.285s][info][gc,phases,start] GC(382) Adjust Roots
[244.285s][info][gc,phases      ] GC(382) Adjust Roots 0.177ms
[244.285s][info][gc,phases,start] GC(382) Compaction Phase
[244.852s][info][gc,phases      ] GC(382) Compaction Phase 567.255ms
[244.852s][info][gc,phases,start] GC(382) Post Compact
[244.864s][info][gc,phases      ] GC(382) Post Compact 11.425ms
[244.864s][info][gc,heap        ] GC(382) PSYoungGen: 201404K(357376K)->201404K(357376K) Eden: 68607K(68608K)->68607K(68608K) From: 132796K(288768K)->132796K(288768K)
[244.864s][info][gc,heap        ] GC(382) ParOldGen: 7441407K(7441408K)->7441407K(7441408K)
[244.864s][info][gc,metaspace   ] GC(382) Metaspace: 6300K(6464K)->6300K(6464K) NonClass: 5767K(5824K)->5767K(5824K) Class: 532K(640K)->532K(640K)
[244.864s][info][gc             ] GC(382) Pause Full (Ergonomics) 7463M->7463M(7616M) 2322.007ms
[244.864s][info][gc,cpu         ] GC(382) User=17.25s Sys=0.00s Real=2.32s
[244.864s][info][gc,start       ] GC(383) Pause Full (Allocation Failure)
[244.864s][info][gc,phases,start] GC(383) Marking Phase
[246.598s][info][gc,phases      ] GC(383) Marking Phase 1733.908ms
[246.598s][info][gc,phases,start] GC(383) Summary Phase
[246.598s][info][gc,phases      ] GC(383) Summary Phase 0.076ms
[246.598s][info][gc,phases,start] GC(383) Adjust Roots
[246.598s][info][gc,phases      ] GC(383) Adjust Roots 0.179ms
[246.598s][info][gc,phases,start] GC(383) Compaction Phase
[247.148s][info][gc,phases      ] GC(383) Compaction Phase 549.618ms
[247.148s][info][gc,phases,start] GC(383) Post Compact
[247.159s][info][gc,phases      ] GC(383) Post Compact 11.456ms
[247.159s][info][gc,heap        ] GC(383) PSYoungGen: 201404K(357376K)->201404K(357376K) Eden: 68607K(68608K)->68607K(68608K) From: 132796K(288768K)->132796K(288768K)
[247.159s][info][gc,heap        ] GC(383) ParOldGen: 7441407K(7441408K)->7441407K(7441408K)
[247.159s][info][gc,metaspace   ] GC(383) Metaspace: 6300K(6464K)->6300K(6464K) NonClass: 5767K(5824K)->5767K(5824K) Class: 532K(640K)->532K(640K)
[247.159s][info][gc             ] GC(383) Pause Full (Allocation Failure) 7463M->7463M(7616M) 2295.571ms
[247.159s][info][gc,cpu         ] GC(383) User=17.09s Sys=0.00s Real=2.30s
[247.160s][info][gc,start       ] GC(384) Pause Full (Ergonomics)
[247.160s][info][gc,phases,start] GC(384) Marking Phase
[248.929s][info][gc,phases      ] GC(384) Marking Phase 1768.916ms
[248.929s][info][gc,phases,start] GC(384) Summary Phase
[248.929s][info][gc,phases      ] GC(384) Summary Phase 0.077ms
[248.929s][info][gc,phases,start] GC(384) Adjust Roots
[248.929s][info][gc,phases      ] GC(384) Adjust Roots 0.249ms
[248.929s][info][gc,phases,start] GC(384) Compaction Phase
[250.835s][info][gc,phases      ] GC(384) Compaction Phase 1906.162ms
[250.835s][info][gc,phases,start] GC(384) Post Compact
[250.847s][info][gc,phases      ] GC(384) Post Compact 11.498ms
[250.847s][info][gc,heap        ] GC(384) PSYoungGen: 201404K(357376K)->201404K(357376K) Eden: 68607K(68608K)->68607K(68608K) From: 132796K(288768K)->132796K(288768K)
[250.847s][info][gc,heap        ] GC(384) ParOldGen: 7441407K(7441408K)->7441406K(7441408K)
[250.847s][info][gc,metaspace   ] GC(384) Metaspace: 6300K(6464K)->6300K(6464K) NonClass: 5767K(5824K)->5767K(5824K) Class: 532K(640K)->532K(640K)
[250.847s][info][gc             ] GC(384) Pause Full (Ergonomics) 7463M->7463M(7616M) 3687.245ms
[250.847s][info][gc,cpu         ] GC(384) User=26.77s Sys=0.05s Real=3.69s
[250.848s][info][gc,start       ] GC(385) Pause Full (Ergonomics)
[250.848s][info][gc,phases,start] GC(385) Marking Phase
[252.568s][info][gc,phases      ] GC(385) Marking Phase 1720.182ms
[252.568s][info][gc,phases,start] GC(385) Summary Phase
[252.568s][info][gc,phases      ] GC(385) Summary Phase 0.150ms
[252.568s][info][gc,phases,start] GC(385) Adjust Roots
[252.568s][info][gc,phases      ] GC(385) Adjust Roots 0.302ms
[252.568s][info][gc,phases,start] GC(385) Compaction Phase
[253.107s][info][gc,phases      ] GC(385) Compaction Phase 538.613ms
[253.107s][info][gc,phases,start] GC(385) Post Compact
[253.118s][info][gc,phases      ] GC(385) Post Compact 11.321ms
[253.118s][info][gc,heap        ] GC(385) PSYoungGen: 201404K(357376K)->201404K(357376K) Eden: 68607K(68608K)->68607K(68608K) From: 132796K(288768K)->132796K(288768K)
[253.118s][info][gc,heap        ] GC(385) ParOldGen: 7441407K(7441408K)->7441406K(7441408K)
[253.119s][info][gc,metaspace   ] GC(385) Metaspace: 6300K(6464K)->6300K(6464K) NonClass: 5767K(5824K)->5767K(5824K) Class: 532K(640K)->532K(640K)
[253.119s][info][gc             ] GC(385) Pause Full (Ergonomics) 7463M->7463M(7616M) 2270.988ms
[253.119s][info][gc,cpu         ] GC(385) User=17.06s Sys=0.00s Real=2.27s
[253.120s][info][gc,start       ] GC(386) Pause Full (Ergonomics)
[253.120s][info][gc,phases,start] GC(386) Marking Phase
[254.895s][info][gc,phases      ] GC(386) Marking Phase 1775.235ms
[254.895s][info][gc,phases,start] GC(386) Summary Phase
[254.895s][info][gc,phases      ] GC(386) Summary Phase 0.079ms
[254.895s][info][gc,phases,start] GC(386) Adjust Roots
[254.895s][info][gc,phases      ] GC(386) Adjust Roots 0.336ms
[254.895s][info][gc,phases,start] GC(386) Compaction Phase
[256.820s][info][gc,phases      ] GC(386) Compaction Phase 1924.378ms
[256.820s][info][gc,phases,start] GC(386) Post Compact
[256.832s][info][gc,phases      ] GC(386) Post Compact 12.399ms
[256.832s][info][gc,heap        ] GC(386) PSYoungGen: 201404K(357376K)->201404K(357376K) Eden: 68607K(68608K)->68607K(68608K) From: 132796K(288768K)->132796K(288768K)
[256.832s][info][gc,heap        ] GC(386) ParOldGen: 7441408K(7441408K)->7441405K(7441408K)
[256.832s][info][gc,metaspace   ] GC(386) Metaspace: 6304K(6528K)->6304K(6528K) NonClass: 5769K(5888K)->5769K(5888K) Class: 534K(640K)->534K(640K)
[256.832s][info][gc             ] GC(386) Pause Full (Ergonomics) 7463M->7463M(7616M) 3712.849ms
[256.832s][info][gc,cpu         ] GC(386) User=27.62s Sys=0.02s Real=3.71s
[256.833s][info][gc,heap,exit   ] Heap
[256.833s][info][gc,heap,exit   ]  PSYoungGen      total 357376K, used 201404K [0x000000071cf00000, 0x000000074b100000, 0x0000000800000000)
[256.833s][info][gc,heap,exit   ]   eden space 68608K, 99% used [0x000000071cf00000,0x00000007211ffff8,0x0000000721200000)
[256.833s][info][gc,heap,exit   ]   from space 288768K, 45% used [0x0000000735e00000,0x000000073dfaf020,0x0000000747800000)
[256.833s][info][gc,heap,exit   ]   to   space 339968K, 0% used [0x0000000721200000,0x0000000721200000,0x0000000735e00000)
[256.833s][info][gc,heap,exit   ]  ParOldGen       total 7441408K, used 7441405K [0x0000000556c00000, 0x000000071cf00000, 0x000000071cf00000)
[256.833s][info][gc,heap,exit   ]   object space 7441408K, 99% used [0x0000000556c00000,0x000000071ceff768,0x000000071cf00000)
[256.833s][info][gc,heap,exit   ]  Metaspace       used 6305K, committed 6528K, reserved 1114112K
[256.833s][info][gc,heap,exit   ]   class space    used 534K, committed 640K, reserved 1048576K
