[0.015s][info][gc,init] CardTable entry size: 512
[0.015s][info][gc     ] Using Parallel
[0.016s][info][gc,init] Version: 18.0.1+10 (release)
[0.016s][info][gc,init] CPUs: 8 total, 8 available
[0.016s][info][gc,init] Memory: 16063M
[0.016s][info][gc,init] Large Page Support: Disabled
[0.016s][info][gc,init] NUMA Support: Disabled
[0.016s][info][gc,init] Compressed Oops: Enabled (Zero based)
[0.016s][info][gc,init] Alignments: Space 512K, Generation 512K, Heap 2M
[0.016s][info][gc,init] Heap Min Capacity: 2M
[0.016s][info][gc,init] Heap Initial Capacity: 2M
[0.016s][info][gc,init] Heap Max Capacity: 4100M
[0.017s][info][gc,init] Pre-touch: Disabled
[0.017s][info][gc,init] Parallel Workers: 8
[0.017s][info][gc,metaspace] CDS archive(s) not mapped
[0.017s][info][gc,metaspace] Compressed class space mapped at: 0x0000000800000000-0x0000000840000000, reserved size: 1073741824
[0.017s][info][gc,metaspace] Narrow klass base: 0x0000000800000000, Narrow klass shift: 0, Narrow klass range: 0x40000000
[0.132s][info][gc,start    ] GC(0) Pause Young (Allocation Failure)
[0.133s][info][gc,heap     ] GC(0) PSYoungGen: 512K(1024K)->480K(1024K) Eden: 512K(512K)->0K(512K) From: 0K(512K)->480K(512K)
[0.133s][info][gc,heap     ] GC(0) ParOldGen: 0K(512K)->8K(512K)
[0.133s][info][gc,metaspace] GC(0) Metaspace: 4229K(4352K)->4229K(4352K) NonClass: 3908K(3968K)->3908K(3968K) Class: 321K(384K)->321K(384K)
[0.133s][info][gc          ] GC(0) Pause Young (Allocation Failure) 0M->0M(1M) 1.478ms
[0.133s][info][gc,cpu      ] GC(0) User=0.00s Sys=0.00s Real=0.00s
[0.202s][info][gc,start    ] GC(1) Pause Young (Allocation Failure)
[0.203s][info][gc,heap     ] GC(1) PSYoungGen: 991K(1024K)->512K(1536K) Eden: 511K(512K)->0K(1024K) From: 480K(512K)->512K(512K)
[0.203s][info][gc,heap     ] GC(1) ParOldGen: 8K(512K)->88K(512K)
[0.203s][info][gc,metaspace] GC(1) Metaspace: 5877K(5952K)->5877K(5952K) NonClass: 5380K(5440K)->5380K(5440K) Class: 496K(512K)->496K(512K)
[0.203s][info][gc          ] GC(1) Pause Young (Allocation Failure) 0M->0M(2M) 0.960ms
[0.203s][info][gc,cpu      ] GC(1) User=0.00s Sys=0.00s Real=0.00s
[0.225s][info][gc,start    ] GC(2) Pause Young (Allocation Failure)
[0.226s][info][gc,heap     ] GC(2) PSYoungGen: 1536K(1536K)->512K(1536K) Eden: 1024K(1024K)->0K(1024K) From: 512K(512K)->512K(512K)
[0.226s][info][gc,heap     ] GC(2) ParOldGen: 88K(512K)->504K(512K)
[0.226s][info][gc,metaspace] GC(2) Metaspace: 6297K(6464K)->6297K(6464K) NonClass: 5764K(5824K)->5764K(5824K) Class: 533K(640K)->533K(640K)
[0.226s][info][gc          ] GC(2) Pause Young (Allocation Failure) 1M->0M(2M) 1.233ms
[0.226s][info][gc,cpu      ] GC(2) User=0.00s Sys=0.00s Real=0.00s
[0.226s][info][gc,start    ] GC(3) Pause Full (Ergonomics)
[0.226s][info][gc,phases,start] GC(3) Marking Phase
[0.227s][info][gc,phases      ] GC(3) Marking Phase 0.964ms
[0.227s][info][gc,phases,start] GC(3) Summary Phase
[0.227s][info][gc,phases      ] GC(3) Summary Phase 0.014ms
[0.227s][info][gc,phases,start] GC(3) Adjust Roots
[0.228s][info][gc,phases      ] GC(3) Adjust Roots 0.452ms
[0.228s][info][gc,phases,start] GC(3) Compaction Phase
[0.230s][info][gc,phases      ] GC(3) Compaction Phase 1.810ms
[0.230s][info][gc,phases,start] GC(3) Post Compact
[0.230s][info][gc,phases      ] GC(3) Post Compact 0.073ms
[0.230s][info][gc,heap        ] GC(3) PSYoungGen: 512K(1536K)->506K(1536K) Eden: 0K(1024K)->0K(1024K) From: 512K(512K)->506K(512K)
[0.230s][info][gc,heap        ] GC(3) ParOldGen: 504K(512K)->474K(2048K)
[0.230s][info][gc,metaspace   ] GC(3) Metaspace: 6297K(6464K)->6297K(6464K) NonClass: 5764K(5824K)->5764K(5824K) Class: 533K(640K)->533K(640K)
[0.230s][info][gc             ] GC(3) Pause Full (Ergonomics) 0M->0M(3M) 3.562ms
[0.230s][info][gc,cpu         ] GC(3) User=0.00s Sys=0.00s Real=0.00s
[0.232s][info][gc,start       ] GC(4) Pause Young (Allocation Failure)
[0.233s][info][gc,heap        ] GC(4) PSYoungGen: 1530K(1536K)->480K(2560K) Eden: 1024K(1024K)->0K(2048K) From: 506K(512K)->480K(512K)
[0.233s][info][gc,heap        ] GC(4) ParOldGen: 474K(2048K)->1034K(2048K)
[0.233s][info][gc,metaspace   ] GC(4) Metaspace: 6297K(6464K)->6297K(6464K) NonClass: 5764K(5824K)->5764K(5824K) Class: 533K(640K)->533K(640K)
[0.233s][info][gc             ] GC(4) Pause Young (Allocation Failure) 1M->1M(4M) 1.510ms
[0.233s][info][gc,cpu         ] GC(4) User=0.00s Sys=0.00s Real=0.00s
[0.236s][info][gc,start       ] GC(5) Pause Young (Allocation Failure)
[0.238s][info][gc,heap        ] GC(5) PSYoungGen: 2528K(2560K)->480K(2560K) Eden: 2048K(2048K)->0K(2048K) From: 480K(512K)->480K(512K)
[0.238s][info][gc,heap        ] GC(5) ParOldGen: 1034K(2048K)->2106K(2560K)
[0.238s][info][gc,metaspace   ] GC(5) Metaspace: 6297K(6464K)->6297K(6464K) NonClass: 5764K(5824K)->5764K(5824K) Class: 533K(640K)->533K(640K)
[0.238s][info][gc             ] GC(5) Pause Young (Allocation Failure) 3M->2M(5M) 1.843ms
[0.238s][info][gc,cpu         ] GC(5) User=0.00s Sys=0.00s Real=0.00s
[0.238s][info][gc,start       ] GC(6) Pause Full (Ergonomics)
[0.238s][info][gc,phases,start] GC(6) Marking Phase
[0.240s][info][gc,phases      ] GC(6) Marking Phase 1.650ms
[0.240s][info][gc,phases,start] GC(6) Summary Phase
[0.240s][info][gc,phases      ] GC(6) Summary Phase 0.017ms
[0.240s][info][gc,phases,start] GC(6) Adjust Roots
[0.240s][info][gc,phases      ] GC(6) Adjust Roots 0.329ms
[0.240s][info][gc,phases,start] GC(6) Compaction Phase
[0.243s][info][gc,phases      ] GC(6) Compaction Phase 2.742ms
[0.243s][info][gc,phases,start] GC(6) Post Compact
[0.243s][info][gc,phases      ] GC(6) Post Compact 0.031ms
[0.243s][info][gc,heap        ] GC(6) PSYoungGen: 480K(2560K)->0K(4096K) Eden: 0K(2048K)->0K(3072K) From: 480K(512K)->0K(1024K)
[0.243s][info][gc,heap        ] GC(6) ParOldGen: 2106K(2560K)->2543K(6144K)
[0.243s][info][gc,metaspace   ] GC(6) Metaspace: 6297K(6464K)->6297K(6464K) NonClass: 5764K(5824K)->5764K(5824K) Class: 533K(640K)->533K(640K)
[0.243s][info][gc             ] GC(6) Pause Full (Ergonomics) 2M->2M(10M) 5.123ms
[0.243s][info][gc,cpu         ] GC(6) User=0.00s Sys=0.00s Real=0.00s
[0.249s][info][gc,start       ] GC(7) Pause Young (Allocation Failure)
[0.250s][info][gc,heap        ] GC(7) PSYoungGen: 3072K(4096K)->1664K(5120K) Eden: 3072K(3072K)->0K(3072K) From: 0K(1024K)->1664K(2048K)
[0.250s][info][gc,heap        ] GC(7) ParOldGen: 2543K(6144K)->2543K(6144K)
[0.250s][info][gc,metaspace   ] GC(7) Metaspace: 6297K(6464K)->6297K(6464K) NonClass: 5764K(5824K)->5764K(5824K) Class: 533K(640K)->533K(640K)
[0.251s][info][gc             ] GC(7) Pause Young (Allocation Failure) 5M->4M(11M) 1.846ms
[0.251s][info][gc,cpu         ] GC(7) User=0.00s Sys=0.00s Real=0.00s
[0.255s][info][gc,start       ] GC(8) Pause Young (Allocation Failure)
[0.258s][info][gc,heap        ] GC(8) PSYoungGen: 4736K(5120K)->2016K(5632K) Eden: 3072K(3072K)->0K(3584K) From: 1664K(2048K)->2016K(2048K)
[0.258s][info][gc,heap        ] GC(8) ParOldGen: 2543K(6144K)->3775K(6144K)
[0.258s][info][gc,metaspace   ] GC(8) Metaspace: 6297K(6464K)->6297K(6464K) NonClass: 5764K(5824K)->5764K(5824K) Class: 533K(640K)->533K(640K)
[0.258s][info][gc             ] GC(8) Pause Young (Allocation Failure) 7M->5M(11M) 3.260ms
[0.258s][info][gc,cpu         ] GC(8) User=0.00s Sys=0.00s Real=0.00s
[0.264s][info][gc,start       ] GC(9) Pause Young (Allocation Failure)
[0.268s][info][gc,heap        ] GC(9) PSYoungGen: 5600K(5632K)->3040K(6656K) Eden: 3584K(3584K)->0K(3584K) From: 2016K(2048K)->3040K(3072K)
[0.268s][info][gc,heap        ] GC(9) ParOldGen: 3775K(6144K)->4615K(6144K)
[0.268s][info][gc,metaspace   ] GC(9) Metaspace: 6297K(6464K)->6297K(6464K) NonClass: 5764K(5824K)->5764K(5824K) Class: 533K(640K)->533K(640K)
[0.268s][info][gc             ] GC(9) Pause Young (Allocation Failure) 9M->7M(12M) 4.191ms
[0.268s][info][gc,cpu         ] GC(9) User=0.02s Sys=0.00s Real=0.00s
[0.273s][info][gc,start       ] GC(10) Pause Young (Allocation Failure)
[0.277s][info][gc,heap        ] GC(10) PSYoungGen: 6624K(6656K)->4064K(8704K) Eden: 3584K(3584K)->0K(4608K) From: 3040K(3072K)->4064K(4096K)
[0.277s][info][gc,heap        ] GC(10) ParOldGen: 4615K(6144K)->5455K(6144K)
[0.277s][info][gc,metaspace   ] GC(10) Metaspace: 6297K(6464K)->6297K(6464K) NonClass: 5764K(5824K)->5764K(5824K) Class: 533K(640K)->533K(640K)
[0.277s][info][gc             ] GC(10) Pause Young (Allocation Failure) 10M->9M(14M) 4.307ms
[0.277s][info][gc,cpu         ] GC(10) User=0.00s Sys=0.00s Real=0.00s
[0.277s][info][gc,start       ] GC(11) Pause Full (Ergonomics)
[0.277s][info][gc,phases,start] GC(11) Marking Phase
[0.282s][info][gc,phases      ] GC(11) Marking Phase 5.164ms
[0.282s][info][gc,phases,start] GC(11) Summary Phase
[0.282s][info][gc,phases      ] GC(11) Summary Phase 0.018ms
[0.282s][info][gc,phases,start] GC(11) Adjust Roots
[0.283s][info][gc,phases      ] GC(11) Adjust Roots 0.415ms
[0.283s][info][gc,phases,start] GC(11) Compaction Phase
[0.291s][info][gc,phases      ] GC(11) Compaction Phase 7.864ms
[0.291s][info][gc,phases,start] GC(11) Post Compact
[0.291s][info][gc,phases      ] GC(11) Post Compact 0.062ms
[0.291s][info][gc,heap        ] GC(11) PSYoungGen: 4064K(8704K)->3545K(8704K) Eden: 0K(4608K)->0K(4608K) From: 4064K(4096K)->3545K(4096K)
[0.291s][info][gc,heap        ] GC(11) ParOldGen: 5455K(6144K)->5831K(10752K)
[0.291s][info][gc,metaspace   ] GC(11) Metaspace: 6297K(6464K)->6297K(6464K) NonClass: 5764K(5824K)->5764K(5824K) Class: 533K(640K)->533K(640K)
[0.291s][info][gc             ] GC(11) Pause Full (Ergonomics) 9M->9M(19M) 13.867ms
[0.291s][info][gc,cpu         ] GC(11) User=0.00s Sys=0.00s Real=0.01s
[0.296s][info][gc,start       ] GC(12) Pause Young (Allocation Failure)
[0.301s][info][gc,heap        ] GC(12) PSYoungGen: 8013K(8704K)->5088K(9728K) Eden: 4468K(4608K)->0K(4608K) From: 3545K(4096K)->5088K(5120K)
[0.301s][info][gc,heap        ] GC(12) ParOldGen: 5831K(10752K)->6615K(10752K)
[0.301s][info][gc,metaspace   ] GC(12) Metaspace: 6297K(6464K)->6297K(6464K) NonClass: 5764K(5824K)->5764K(5824K) Class: 533K(640K)->533K(640K)
[0.301s][info][gc             ] GC(12) Pause Young (Allocation Failure) 13M->11M(20M) 4.280ms
[0.301s][info][gc,cpu         ] GC(12) User=0.00s Sys=0.00s Real=0.00s
[0.307s][info][gc,start       ] GC(13) Pause Young (Allocation Failure)
[0.314s][info][gc,heap        ] GC(13) PSYoungGen: 9696K(9728K)->6112K(11264K) Eden: 4608K(4608K)->0K(5120K) From: 5088K(5120K)->6112K(6144K)
[0.314s][info][gc,heap        ] GC(13) ParOldGen: 6615K(10752K)->7991K(10752K)
[0.314s][info][gc,metaspace   ] GC(13) Metaspace: 6297K(6464K)->6297K(6464K) NonClass: 5764K(5824K)->5764K(5824K) Class: 533K(640K)->533K(640K)
[0.314s][info][gc             ] GC(13) Pause Young (Allocation Failure) 15M->13M(21M) 7.157ms
[0.314s][info][gc,cpu         ] GC(13) User=0.00s Sys=0.02s Real=0.01s
[0.319s][info][gc,start       ] GC(14) Pause Young (Allocation Failure)
[0.326s][info][gc,heap        ] GC(14) PSYoungGen: 11232K(11264K)->5248K(12800K) Eden: 5120K(5120K)->0K(5120K) From: 6112K(6144K)->5248K(7680K)
[0.326s][info][gc,heap        ] GC(14) ParOldGen: 7991K(10752K)->11575K(11776K)
[0.326s][info][gc,metaspace   ] GC(14) Metaspace: 6299K(6464K)->6299K(6464K) NonClass: 5766K(5824K)->5766K(5824K) Class: 533K(640K)->533K(640K)
[0.326s][info][gc             ] GC(14) Pause Young (Allocation Failure) 18M->16M(24M) 6.827ms
[0.326s][info][gc,cpu         ] GC(14) User=0.00s Sys=0.00s Real=0.01s
[0.326s][info][gc,start       ] GC(15) Pause Full (Ergonomics)
[0.326s][info][gc,phases,start] GC(15) Marking Phase
[0.334s][info][gc,phases      ] GC(15) Marking Phase 8.247ms
[0.334s][info][gc,phases,start] GC(15) Summary Phase
[0.334s][info][gc,phases      ] GC(15) Summary Phase 0.018ms
[0.334s][info][gc,phases,start] GC(15) Adjust Roots
[0.335s][info][gc,phases      ] GC(15) Adjust Roots 0.343ms
[0.335s][info][gc,phases,start] GC(15) Compaction Phase
[0.342s][info][gc,phases      ] GC(15) Compaction Phase 7.447ms
[0.342s][info][gc,phases,start] GC(15) Post Compact
[0.342s][info][gc,phases      ] GC(15) Post Compact 0.081ms
[0.342s][info][gc,heap        ] GC(15) PSYoungGen: 5248K(12800K)->5199K(12800K) Eden: 0K(5120K)->0K(5120K) From: 5248K(7680K)->5199K(7680K)
[0.343s][info][gc,heap        ] GC(15) ParOldGen: 11575K(11776K)->11451K(18432K)
[0.343s][info][gc,metaspace   ] GC(15) Metaspace: 6299K(6464K)->6299K(6464K) NonClass: 5766K(5824K)->5766K(5824K) Class: 533K(640K)->533K(640K)
[0.343s][info][gc             ] GC(15) Pause Full (Ergonomics) 16M->16M(30M) 16.569ms
[0.343s][info][gc,cpu         ] GC(15) User=0.00s Sys=0.00s Real=0.02s
[0.346s][info][gc,start       ] GC(16) Pause Young (Allocation Failure)
[0.352s][info][gc,heap        ] GC(16) PSYoungGen: 10319K(12800K)->2688K(14336K) Eden: 5120K(5120K)->0K(7168K) From: 5199K(7680K)->2688K(7168K)
[0.352s][info][gc,heap        ] GC(16) ParOldGen: 11451K(18432K)->16731K(18432K)
[0.352s][info][gc,metaspace   ] GC(16) Metaspace: 6299K(6464K)->6299K(6464K) NonClass: 5766K(5824K)->5766K(5824K) Class: 533K(640K)->533K(640K)
[0.352s][info][gc             ] GC(16) Pause Young (Allocation Failure) 21M->18M(32M) 6.624ms
[0.352s][info][gc,cpu         ] GC(16) User=0.00s Sys=0.00s Real=0.01s
[0.352s][info][gc,start       ] GC(17) Pause Full (Ergonomics)
[0.353s][info][gc,phases,start] GC(17) Marking Phase
[0.361s][info][gc,phases      ] GC(17) Marking Phase 8.719ms
[0.361s][info][gc,phases,start] GC(17) Summary Phase
[0.361s][info][gc,phases      ] GC(17) Summary Phase 0.017ms
[0.361s][info][gc,phases,start] GC(17) Adjust Roots
[0.362s][info][gc,phases      ] GC(17) Adjust Roots 0.227ms
[0.362s][info][gc,phases,start] GC(17) Compaction Phase
[0.368s][info][gc,phases      ] GC(17) Compaction Phase 6.834ms
[0.368s][info][gc,phases,start] GC(17) Post Compact
[0.369s][info][gc,phases      ] GC(17) Post Compact 0.067ms
[0.369s][info][gc,heap        ] GC(17) PSYoungGen: 2688K(14336K)->1105K(14848K) Eden: 0K(7168K)->0K(7680K) From: 2688K(7168K)->1105K(7168K)
[0.369s][info][gc,heap        ] GC(17) ParOldGen: 16731K(18432K)->18183K(27648K)
[0.369s][info][gc,metaspace   ] GC(17) Metaspace: 6299K(6464K)->6299K(6464K) NonClass: 5766K(5824K)->5766K(5824K) Class: 533K(640K)->533K(640K)
[0.369s][info][gc             ] GC(17) Pause Full (Ergonomics) 18M->18M(41M) 16.189ms
[0.369s][info][gc,cpu         ] GC(17) User=0.02s Sys=0.00s Real=0.02s
[0.373s][info][gc,start       ] GC(18) Pause Young (Allocation Failure)
[0.378s][info][gc,heap        ] GC(18) PSYoungGen: 7799K(14848K)->3424K(15360K) Eden: 6694K(7680K)->0K(7680K) From: 1105K(7168K)->3424K(7680K)
[0.378s][info][gc,heap        ] GC(18) ParOldGen: 18183K(27648K)->19311K(27648K)
[0.378s][info][gc,metaspace   ] GC(18) Metaspace: 6299K(6464K)->6299K(6464K) NonClass: 5766K(5824K)->5766K(5824K) Class: 533K(640K)->533K(640K)
[0.378s][info][gc             ] GC(18) Pause Young (Allocation Failure) 25M->22M(42M) 5.231ms
[0.378s][info][gc,cpu         ] GC(18) User=0.00s Sys=0.00s Real=0.00s
[0.387s][info][gc,start       ] GC(19) Pause Young (Allocation Failure)
[0.394s][info][gc,heap        ] GC(19) PSYoungGen: 11103K(15360K)->4480K(17920K) Eden: 7679K(7680K)->0K(10240K) From: 3424K(7680K)->4480K(7680K)
[0.394s][info][gc,heap        ] GC(19) ParOldGen: 19311K(27648K)->22759K(27648K)
[0.394s][info][gc,metaspace   ] GC(19) Metaspace: 6299K(6464K)->6299K(6464K) NonClass: 5766K(5824K)->5766K(5824K) Class: 533K(640K)->533K(640K)
[0.394s][info][gc             ] GC(19) Pause Young (Allocation Failure) 29M->26M(44M) 7.130ms
[0.394s][info][gc,cpu         ] GC(19) User=0.02s Sys=0.00s Real=0.01s
[0.403s][info][gc,start       ] GC(20) Pause Young (Allocation Failure)
[0.410s][info][gc,heap        ] GC(20) PSYoungGen: 14720K(17920K)->5312K(17920K) Eden: 10240K(10240K)->0K(10240K) From: 4480K(7680K)->5312K(7680K)
[0.410s][info][gc,heap        ] GC(20) ParOldGen: 22759K(27648K)->27287K(27648K)
[0.410s][info][gc,metaspace   ] GC(20) Metaspace: 6299K(6464K)->6299K(6464K) NonClass: 5766K(5824K)->5766K(5824K) Class: 533K(640K)->533K(640K)
[0.410s][info][gc             ] GC(20) Pause Young (Allocation Failure) 36M->31M(44M) 7.340ms
[0.410s][info][gc,cpu         ] GC(20) User=0.00s Sys=0.00s Real=0.01s
[0.410s][info][gc,start       ] GC(21) Pause Full (Ergonomics)
[0.410s][info][gc,phases,start] GC(21) Marking Phase
[0.424s][info][gc,phases      ] GC(21) Marking Phase 13.509ms
[0.424s][info][gc,phases,start] GC(21) Summary Phase
[0.424s][info][gc,phases      ] GC(21) Summary Phase 0.016ms
[0.424s][info][gc,phases,start] GC(21) Adjust Roots
[0.424s][info][gc,phases      ] GC(21) Adjust Roots 0.186ms
[0.424s][info][gc,phases,start] GC(21) Compaction Phase
[0.436s][info][gc,phases      ] GC(21) Compaction Phase 12.622ms
[0.437s][info][gc,phases,start] GC(21) Post Compact
[0.437s][info][gc,phases      ] GC(21) Post Compact 0.160ms
[0.437s][info][gc,heap        ] GC(21) PSYoungGen: 5312K(17920K)->4779K(17920K) Eden: 0K(10240K)->0K(10240K) From: 5312K(7680K)->4779K(7680K)
[0.437s][info][gc,heap        ] GC(21) ParOldGen: 27287K(27648K)->27140K(38912K)
[0.437s][info][gc,metaspace   ] GC(21) Metaspace: 6299K(6464K)->6299K(6464K) NonClass: 5766K(5824K)->5766K(5824K) Class: 533K(640K)->533K(640K)
[0.437s][info][gc             ] GC(21) Pause Full (Ergonomics) 31M->31M(55M) 26.980ms
[0.437s][info][gc,cpu         ] GC(21) User=0.02s Sys=0.00s Real=0.03s
[0.447s][info][gc,start       ] GC(22) Pause Young (Allocation Failure)
[0.459s][info][gc,heap        ] GC(22) PSYoungGen: 15019K(17920K)->8192K(17920K) Eden: 10240K(10240K)->0K(9728K) From: 4779K(7680K)->8192K(8192K)
[0.459s][info][gc,heap        ] GC(22) ParOldGen: 27140K(38912K)->32956K(38912K)
[0.459s][info][gc,metaspace   ] GC(22) Metaspace: 6299K(6464K)->6299K(6464K) NonClass: 5766K(5824K)->5766K(5824K) Class: 533K(640K)->533K(640K)
[0.459s][info][gc             ] GC(22) Pause Young (Allocation Failure) 41M->40M(55M) 12.163ms
[0.459s][info][gc,cpu         ] GC(22) User=0.02s Sys=0.00s Real=0.01s
[0.459s][info][gc,start       ] GC(23) Pause Full (Ergonomics)
[0.459s][info][gc,phases,start] GC(23) Marking Phase
[0.475s][info][gc,phases      ] GC(23) Marking Phase 16.393ms
[0.475s][info][gc,phases,start] GC(23) Summary Phase
[0.475s][info][gc,phases      ] GC(23) Summary Phase 0.019ms
[0.475s][info][gc,phases,start] GC(23) Adjust Roots
[0.476s][info][gc,phases      ] GC(23) Adjust Roots 0.181ms
[0.476s][info][gc,phases,start] GC(23) Compaction Phase
[0.487s][info][gc,phases      ] GC(23) Compaction Phase 11.082ms
[0.487s][info][gc,phases,start] GC(23) Post Compact
[0.487s][info][gc,phases      ] GC(23) Post Compact 0.197ms
[0.487s][info][gc,heap        ] GC(23) PSYoungGen: 8192K(17920K)->2555K(17920K) Eden: 0K(9728K)->0K(9728K) From: 8192K(8192K)->2555K(8192K)
[0.487s][info][gc,heap        ] GC(23) ParOldGen: 32956K(38912K)->38475K(52736K)
[0.487s][info][gc,metaspace   ] GC(23) Metaspace: 6299K(6464K)->6299K(6464K) NonClass: 5766K(5824K)->5766K(5824K) Class: 533K(640K)->533K(640K)
[0.487s][info][gc             ] GC(23) Pause Full (Ergonomics) 40M->40M(69M) 28.208ms
[0.487s][info][gc,cpu         ] GC(23) User=0.03s Sys=0.00s Real=0.03s
[0.500s][info][gc,start       ] GC(24) Pause Young (Allocation Failure)
[0.511s][info][gc,heap        ] GC(24) PSYoungGen: 12283K(17920K)->9760K(20992K) Eden: 9728K(9728K)->0K(9728K) From: 2555K(8192K)->9760K(11264K)
[0.511s][info][gc,heap        ] GC(24) ParOldGen: 38475K(52736K)->41075K(52736K)
[0.511s][info][gc,metaspace   ] GC(24) Metaspace: 6299K(6464K)->6299K(6464K) NonClass: 5766K(5824K)->5766K(5824K) Class: 533K(640K)->533K(640K)
[0.511s][info][gc             ] GC(24) Pause Young (Allocation Failure) 49M->49M(72M) 10.965ms
[0.511s][info][gc,cpu         ] GC(24) User=0.00s Sys=0.00s Real=0.01s
[0.520s][info][gc,start       ] GC(25) Pause Young (Allocation Failure)
[0.534s][info][gc,heap        ] GC(25) PSYoungGen: 19488K(20992K)->12768K(19968K) Eden: 9728K(9728K)->0K(7168K) From: 9760K(11264K)->12768K(12800K)
[0.534s][info][gc,heap        ] GC(25) ParOldGen: 41075K(52736K)->47843K(52736K)
[0.534s][info][gc,metaspace   ] GC(25) Metaspace: 6299K(6464K)->6299K(6464K) NonClass: 5766K(5824K)->5766K(5824K) Class: 533K(640K)->533K(640K)
[0.534s][info][gc             ] GC(25) Pause Young (Allocation Failure) 59M->59M(71M) 13.661ms
[0.534s][info][gc,cpu         ] GC(25) User=0.00s Sys=0.00s Real=0.01s
[0.534s][info][gc,start       ] GC(26) Pause Full (Ergonomics)
[0.534s][info][gc,phases,start] GC(26) Marking Phase
[0.558s][info][gc,phases      ] GC(26) Marking Phase 24.205ms
[0.558s][info][gc,phases,start] GC(26) Summary Phase
[0.558s][info][gc,phases      ] GC(26) Summary Phase 0.020ms
[0.558s][info][gc,phases,start] GC(26) Adjust Roots
[0.559s][info][gc,phases      ] GC(26) Adjust Roots 0.183ms
[0.559s][info][gc,phases,start] GC(26) Compaction Phase
[0.576s][info][gc,phases      ] GC(26) Compaction Phase 17.542ms
[0.576s][info][gc,phases,start] GC(26) Post Compact
[0.576s][info][gc,phases      ] GC(26) Post Compact 0.205ms
[0.577s][info][gc,heap        ] GC(26) PSYoungGen: 12768K(19968K)->7122K(19968K) Eden: 0K(7168K)->0K(7168K) From: 12768K(12800K)->7122K(12800K)
[0.577s][info][gc,heap        ] GC(26) ParOldGen: 47843K(52736K)->52286K(69120K)
[0.577s][info][gc,metaspace   ] GC(26) Metaspace: 6299K(6464K)->6299K(6464K) NonClass: 5766K(5824K)->5766K(5824K) Class: 533K(640K)->533K(640K)
[0.577s][info][gc             ] GC(26) Pause Full (Ergonomics) 59M->58M(87M) 42.544ms
[0.577s][info][gc,cpu         ] GC(26) User=0.05s Sys=0.00s Real=0.04s
[0.584s][info][gc,start       ] GC(27) Pause Young (Allocation Failure)
[0.599s][info][gc,heap        ] GC(27) PSYoungGen: 14290K(19968K)->7168K(24576K) Eden: 7168K(7168K)->0K(7168K) From: 7122K(12800K)->7168K(17408K)
[0.599s][info][gc,heap        ] GC(27) ParOldGen: 52286K(69120K)->59534K(69120K)
[0.599s][info][gc,metaspace   ] GC(27) Metaspace: 6299K(6464K)->6299K(6464K) NonClass: 5766K(5824K)->5766K(5824K) Class: 533K(640K)->533K(640K)
[0.599s][info][gc             ] GC(27) Pause Young (Allocation Failure) 65M->65M(91M) 14.704ms
[0.599s][info][gc,cpu         ] GC(27) User=0.00s Sys=0.00s Real=0.01s
[0.607s][info][gc,start       ] GC(28) Pause Young (Allocation Failure)
[0.617s][info][gc,heap        ] GC(28) PSYoungGen: 14336K(24576K)->14336K(23040K) Eden: 7168K(7168K)->0K(6656K) From: 7168K(17408K)->14336K(16384K)
[0.617s][info][gc,heap        ] GC(28) ParOldGen: 59534K(69120K)->59534K(69120K)
[0.617s][info][gc,metaspace   ] GC(28) Metaspace: 6299K(6464K)->6299K(6464K) NonClass: 5766K(5824K)->5766K(5824K) Class: 533K(640K)->533K(640K)
[0.617s][info][gc             ] GC(28) Pause Young (Allocation Failure) 72M->72M(90M) 10.431ms
[0.617s][info][gc,cpu         ] GC(28) User=0.00s Sys=0.00s Real=0.01s
[0.624s][info][gc,start       ] GC(29) Pause Young (Allocation Failure)
[0.638s][info][gc,heap        ] GC(29) PSYoungGen: 20992K(23040K)->13824K(25088K) Eden: 6656K(6656K)->0K(6656K) From: 14336K(16384K)->13824K(18432K)
[0.638s][info][gc,heap        ] GC(29) ParOldGen: 59534K(69120K)->66798K(69120K)
[0.638s][info][gc,metaspace   ] GC(29) Metaspace: 6299K(6464K)->6299K(6464K) NonClass: 5766K(5824K)->5766K(5824K) Class: 533K(640K)->533K(640K)
[0.638s][info][gc             ] GC(29) Pause Young (Allocation Failure) 78M->78M(92M) 14.453ms
[0.638s][info][gc,cpu         ] GC(29) User=0.00s Sys=0.00s Real=0.01s
[0.639s][info][gc,start       ] GC(30) Pause Full (Ergonomics)
[0.639s][info][gc,phases,start] GC(30) Marking Phase
[0.669s][info][gc,phases      ] GC(30) Marking Phase 30.460ms
[0.669s][info][gc,phases,start] GC(30) Summary Phase
[0.669s][info][gc,phases      ] GC(30) Summary Phase 0.020ms
[0.669s][info][gc,phases,start] GC(30) Adjust Roots
[0.669s][info][gc,phases      ] GC(30) Adjust Roots 0.161ms
[0.669s][info][gc,phases,start] GC(30) Compaction Phase
[0.688s][info][gc,phases      ] GC(30) Compaction Phase 19.141ms
[0.688s][info][gc,phases,start] GC(30) Post Compact
[0.689s][info][gc,phases      ] GC(30) Post Compact 0.388ms
[0.689s][info][gc,heap        ] GC(30) PSYoungGen: 13824K(25088K)->11209K(25088K) Eden: 0K(6656K)->0K(6656K) From: 13824K(18432K)->11209K(18432K)
[0.689s][info][gc,heap        ] GC(30) ParOldGen: 66798K(69120K)->69102K(89600K)
[0.689s][info][gc,metaspace   ] GC(30) Metaspace: 6299K(6464K)->6299K(6464K) NonClass: 5766K(5824K)->5766K(5824K) Class: 533K(640K)->533K(640K)
[0.689s][info][gc             ] GC(30) Pause Full (Ergonomics) 78M->78M(112M) 50.639ms
[0.689s][info][gc,cpu         ] GC(30) User=0.08s Sys=0.00s Real=0.05s
[0.696s][info][gc,start       ] GC(31) Pause Young (Allocation Failure)
[0.713s][info][gc,heap        ] GC(31) PSYoungGen: 17865K(25088K)->11968K(27648K) Eden: 6656K(6656K)->0K(8192K) From: 11209K(18432K)->11968K(19456K)
[0.713s][info][gc,heap        ] GC(31) ParOldGen: 69102K(89600K)->75118K(89600K)
[0.713s][info][gc,metaspace   ] GC(31) Metaspace: 6299K(6464K)->6299K(6464K) NonClass: 5766K(5824K)->5766K(5824K) Class: 533K(640K)->533K(640K)
[0.713s][info][gc             ] GC(31) Pause Young (Allocation Failure) 84M->85M(114M) 16.753ms
[0.713s][info][gc,cpu         ] GC(31) User=0.03s Sys=0.00s Real=0.02s
[0.727s][info][gc,start       ] GC(32) Pause Young (Allocation Failure)
[0.740s][info][gc,heap        ] GC(32) PSYoungGen: 20160K(27648K)->14848K(28160K) Eden: 8192K(8192K)->0K(8192K) From: 11968K(19456K)->14848K(19968K)
[0.740s][info][gc,heap        ] GC(32) ParOldGen: 75118K(89600K)->80502K(89600K)
[0.740s][info][gc,metaspace   ] GC(32) Metaspace: 6299K(6464K)->6299K(6464K) NonClass: 5766K(5824K)->5766K(5824K) Class: 533K(640K)->533K(640K)
[0.740s][info][gc             ] GC(32) Pause Young (Allocation Failure) 93M->93M(115M) 13.522ms
[0.740s][info][gc,cpu         ] GC(32) User=0.00s Sys=0.00s Real=0.01s
[0.740s][info][gc,start       ] GC(33) Pause Full (Ergonomics)
[0.740s][info][gc,phases,start] GC(33) Marking Phase
[0.776s][info][gc,phases      ] GC(33) Marking Phase 36.144ms
[0.776s][info][gc,phases,start] GC(33) Summary Phase
[0.776s][info][gc,phases      ] GC(33) Summary Phase 0.031ms
[0.776s][info][gc,phases,start] GC(33) Adjust Roots
[0.777s][info][gc,phases      ] GC(33) Adjust Roots 0.176ms
[0.777s][info][gc,phases,start] GC(33) Compaction Phase
[0.804s][info][gc,phases      ] GC(33) Compaction Phase 27.746ms
[0.805s][info][gc,phases,start] GC(33) Post Compact
[0.805s][info][gc,phases      ] GC(33) Post Compact 0.354ms
[0.805s][info][gc,heap        ] GC(33) PSYoungGen: 14848K(28160K)->3553K(28160K) Eden: 0K(8192K)->0K(8192K) From: 14848K(19968K)->3553K(19968K)
[0.805s][info][gc,heap        ] GC(33) ParOldGen: 80502K(89600K)->89514K(112128K)
[0.805s][info][gc,metaspace   ] GC(33) Metaspace: 6299K(6464K)->6299K(6464K) NonClass: 5766K(5824K)->5766K(5824K) Class: 533K(640K)->533K(640K)
[0.805s][info][gc             ] GC(33) Pause Full (Ergonomics) 93M->90M(137M) 64.865ms
[0.805s][info][gc,cpu         ] GC(33) User=0.09s Sys=0.00s Real=0.07s
[0.814s][info][gc,start       ] GC(34) Pause Young (Allocation Failure)
[0.827s][info][gc,heap        ] GC(34) PSYoungGen: 11745K(28160K)->10144K(29184K) Eden: 8192K(8192K)->0K(9728K) From: 3553K(19968K)->10144K(19456K)
[0.827s][info][gc,heap        ] GC(34) ParOldGen: 89514K(112128K)->91154K(112128K)
[0.827s][info][gc,metaspace   ] GC(34) Metaspace: 6299K(6464K)->6299K(6464K) NonClass: 5766K(5824K)->5766K(5824K) Class: 533K(640K)->533K(640K)
[0.827s][info][gc             ] GC(34) Pause Young (Allocation Failure) 98M->98M(138M) 12.631ms
[0.827s][info][gc,cpu         ] GC(34) User=0.00s Sys=0.00s Real=0.01s
[0.835s][info][gc,start       ] GC(35) Pause Young (Allocation Failure)
[0.846s][info][gc,heap        ] GC(35) PSYoungGen: 19872K(29184K)->19904K(30208K) Eden: 9728K(9728K)->0K(9728K) From: 10144K(19456K)->19904K(20480K)
[0.846s][info][gc,heap        ] GC(35) ParOldGen: 91154K(112128K)->91154K(112128K)
[0.846s][info][gc,metaspace   ] GC(35) Metaspace: 6299K(6464K)->6299K(6464K) NonClass: 5766K(5824K)->5766K(5824K) Class: 533K(640K)->533K(640K)
[0.846s][info][gc             ] GC(35) Pause Young (Allocation Failure) 108M->108M(139M) 10.534ms
[0.846s][info][gc,cpu         ] GC(35) User=0.02s Sys=0.00s Real=0.01s
[0.855s][info][gc,start       ] GC(36) Pause Young (Allocation Failure)
[0.871s][info][gc,heap        ] GC(36) PSYoungGen: 29632K(30208K)->23552K(29184K) Eden: 9728K(9728K)->0K(5632K) From: 19904K(20480K)->23552K(23552K)
[0.871s][info][gc,heap        ] GC(36) ParOldGen: 91154K(112128K)->97250K(112128K)
[0.871s][info][gc,metaspace   ] GC(36) Metaspace: 6299K(6464K)->6299K(6464K) NonClass: 5766K(5824K)->5766K(5824K) Class: 533K(640K)->533K(640K)
[0.871s][info][gc             ] GC(36) Pause Young (Allocation Failure) 117M->117M(138M) 15.987ms
[0.871s][info][gc,cpu         ] GC(36) User=0.02s Sys=0.00s Real=0.02s
[0.877s][info][gc,start       ] GC(37) Pause Young (Allocation Failure)
[0.891s][info][gc,heap        ] GC(37) PSYoungGen: 29184K(29184K)->19776K(34816K) Eden: 5632K(5632K)->0K(5632K) From: 23552K(23552K)->19776K(29184K)
[0.891s][info][gc,heap        ] GC(37) ParOldGen: 97250K(112128K)->106794K(112128K)
[0.891s][info][gc,metaspace   ] GC(37) Metaspace: 6299K(6464K)->6299K(6464K) NonClass: 5766K(5824K)->5766K(5824K) Class: 533K(640K)->533K(640K)
[0.891s][info][gc             ] GC(37) Pause Young (Allocation Failure) 123M->123M(143M) 14.694ms
[0.891s][info][gc,cpu         ] GC(37) User=0.00s Sys=0.00s Real=0.01s
[0.891s][info][gc,start       ] GC(38) Pause Full (Ergonomics)
[0.892s][info][gc,phases,start] GC(38) Marking Phase
[0.929s][info][gc,phases      ] GC(38) Marking Phase 37.737ms
[0.929s][info][gc,phases,start] GC(38) Summary Phase
[0.929s][info][gc,phases      ] GC(38) Summary Phase 0.017ms
[0.929s][info][gc,phases,start] GC(38) Adjust Roots
[0.929s][info][gc,phases      ] GC(38) Adjust Roots 0.150ms
[0.930s][info][gc,phases,start] GC(38) Compaction Phase
[0.949s][info][gc,phases      ] GC(38) Compaction Phase 19.908ms
[0.950s][info][gc,phases,start] GC(38) Post Compact
[0.950s][info][gc,phases      ] GC(38) Post Compact 0.497ms
[0.950s][info][gc,heap        ] GC(38) PSYoungGen: 19776K(34816K)->14101K(34816K) Eden: 0K(5632K)->0K(5632K) From: 19776K(29184K)->14101K(29184K)
[0.950s][info][gc,heap        ] GC(38) ParOldGen: 106794K(112128K)->112114K(137728K)
[0.950s][info][gc,metaspace   ] GC(38) Metaspace: 6299K(6464K)->6299K(6464K) NonClass: 5766K(5824K)->5766K(5824K) Class: 533K(640K)->533K(640K)
[0.950s][info][gc             ] GC(38) Pause Full (Ergonomics) 123M->123M(168M) 58.709ms
[0.950s][info][gc,cpu         ] GC(38) User=0.11s Sys=0.00s Real=0.06s
[0.955s][info][gc,start       ] GC(39) Pause Young (Allocation Failure)
[0.972s][info][gc,heap        ] GC(39) PSYoungGen: 19733K(34816K)->10048K(34304K) Eden: 5632K(5632K)->0K(6656K) From: 14101K(29184K)->10048K(27648K)
[0.972s][info][gc,heap        ] GC(39) ParOldGen: 112114K(137728K)->122002K(137728K)
[0.972s][info][gc,metaspace   ] GC(39) Metaspace: 6299K(6464K)->6299K(6464K) NonClass: 5766K(5824K)->5766K(5824K) Class: 533K(640K)->533K(640K)
[0.972s][info][gc             ] GC(39) Pause Young (Allocation Failure) 128M->128M(168M) 16.679ms
[0.972s][info][gc,cpu         ] GC(39) User=0.02s Sys=0.00s Real=0.02s
[0.978s][info][gc,start       ] GC(40) Pause Young (Allocation Failure)
[0.987s][info][gc,heap        ] GC(40) PSYoungGen: 16704K(34304K)->12320K(35840K) Eden: 6656K(6656K)->0K(6656K) From: 10048K(27648K)->12320K(29184K)
[0.987s][info][gc,heap        ] GC(40) ParOldGen: 122002K(137728K)->126458K(137728K)
[0.987s][info][gc,metaspace   ] GC(40) Metaspace: 6299K(6464K)->6299K(6464K) NonClass: 5766K(5824K)->5766K(5824K) Class: 533K(640K)->533K(640K)
[0.987s][info][gc             ] GC(40) Pause Young (Allocation Failure) 135M->135M(169M) 8.686ms
[0.987s][info][gc,cpu         ] GC(40) User=0.02s Sys=0.00s Real=0.01s
[0.987s][info][gc,start       ] GC(41) Pause Full (Ergonomics)
[0.987s][info][gc,phases,start] GC(41) Marking Phase
[1.023s][info][gc,phases      ] GC(41) Marking Phase 36.260ms
[1.024s][info][gc,phases,start] GC(41) Summary Phase
[1.024s][info][gc,phases      ] GC(41) Summary Phase 0.017ms
[1.024s][info][gc,phases,start] GC(41) Adjust Roots
[1.024s][info][gc,phases      ] GC(41) Adjust Roots 0.139ms
[1.024s][info][gc,phases,start] GC(41) Compaction Phase
[1.040s][info][gc,phases      ] GC(41) Compaction Phase 16.762ms
[1.041s][info][gc,phases,start] GC(41) Post Compact
[1.041s][info][gc,phases      ] GC(41) Post Compact 0.781ms
[1.042s][info][gc,heap        ] GC(41) PSYoungGen: 12320K(35840K)->986K(7680K) Eden: 0K(6656K)->0K(6656K) From: 12320K(29184K)->986K(1024K)
[1.042s][info][gc,heap        ] GC(41) ParOldGen: 126458K(137728K)->137457K(165888K)
[1.042s][info][gc,metaspace   ] GC(41) Metaspace: 6299K(6464K)->6299K(6464K) NonClass: 5766K(5824K)->5766K(5824K) Class: 533K(640K)->533K(640K)
[1.042s][info][gc             ] GC(41) Pause Full (Ergonomics) 135M->135M(169M) 54.516ms
[1.042s][info][gc,cpu         ] GC(41) User=0.16s Sys=0.02s Real=0.06s
[1.049s][info][gc,start       ] GC(42) Pause Young (Allocation Failure)
[1.061s][info][gc,heap        ] GC(42) PSYoungGen: 7642K(7680K)->7488K(34304K) Eden: 6656K(6656K)->0K(7680K) From: 986K(1024K)->7488K(26624K)
[1.061s][info][gc,heap        ] GC(42) ParOldGen: 137457K(165888K)->137665K(165888K)
[1.061s][info][gc,metaspace   ] GC(42) Metaspace: 6299K(6464K)->6299K(6464K) NonClass: 5766K(5824K)->5766K(5824K) Class: 533K(640K)->533K(640K)
[1.061s][info][gc             ] GC(42) Pause Young (Allocation Failure) 141M->141M(195M) 12.162ms
[1.061s][info][gc,cpu         ] GC(42) User=0.00s Sys=0.00s Real=0.01s
[1.068s][info][gc,start       ] GC(43) Pause Young (Allocation Failure)
[1.076s][info][gc,heap        ] GC(43) PSYoungGen: 15168K(34304K)->15168K(34816K) Eden: 7680K(7680K)->0K(7680K) From: 7488K(26624K)->15168K(27136K)
[1.076s][info][gc,heap        ] GC(43) ParOldGen: 137665K(165888K)->137665K(165888K)
[1.076s][info][gc,metaspace   ] GC(43) Metaspace: 6299K(6464K)->6299K(6464K) NonClass: 5766K(5824K)->5766K(5824K) Class: 533K(640K)->533K(640K)
[1.076s][info][gc             ] GC(43) Pause Young (Allocation Failure) 149M->149M(196M) 7.827ms
[1.076s][info][gc,cpu         ] GC(43) User=0.00s Sys=0.00s Real=0.01s
[1.084s][info][gc,start       ] GC(44) Pause Young (Allocation Failure)
[1.094s][info][gc,heap        ] GC(44) PSYoungGen: 22848K(34816K)->22848K(33280K) Eden: 7680K(7680K)->0K(6656K) From: 15168K(27136K)->22848K(26624K)
[1.095s][info][gc,heap        ] GC(44) ParOldGen: 137665K(165888K)->137665K(165888K)
[1.095s][info][gc,metaspace   ] GC(44) Metaspace: 6299K(6464K)->6299K(6464K) NonClass: 5766K(5824K)->5766K(5824K) Class: 533K(640K)->533K(640K)
[1.095s][info][gc             ] GC(44) Pause Young (Allocation Failure) 156M->156M(194M) 10.708ms
[1.095s][info][gc,cpu         ] GC(44) User=0.00s Sys=0.00s Real=0.01s
[1.101s][info][gc,start       ] GC(45) Pause Young (Allocation Failure)
[1.116s][info][gc,heap        ] GC(45) PSYoungGen: 29504K(33280K)->28672K(35840K) Eden: 6656K(6656K)->0K(6656K) From: 22848K(26624K)->28672K(29184K)
[1.116s][info][gc,heap        ] GC(45) ParOldGen: 137665K(165888K)->138497K(165888K)
[1.116s][info][gc,metaspace   ] GC(45) Metaspace: 6299K(6464K)->6299K(6464K) NonClass: 5766K(5824K)->5766K(5824K) Class: 533K(640K)->533K(640K)
[1.116s][info][gc             ] GC(45) Pause Young (Allocation Failure) 163M->163M(197M) 15.188ms
[1.116s][info][gc,cpu         ] GC(45) User=0.02s Sys=0.00s Real=0.02s
[1.123s][info][gc,start       ] GC(46) Pause Young (Allocation Failure)
[1.141s][info][gc,heap        ] GC(46) PSYoungGen: 35328K(35840K)->28672K(38400K) Eden: 6656K(6656K)->0K(5120K) From: 28672K(29184K)->28672K(33280K)
[1.141s][info][gc,heap        ] GC(46) ParOldGen: 138497K(165888K)->145241K(165888K)
[1.141s][info][gc,metaspace   ] GC(46) Metaspace: 6299K(6464K)->6299K(6464K) NonClass: 5766K(5824K)->5766K(5824K) Class: 533K(640K)->533K(640K)
[1.141s][info][gc             ] GC(46) Pause Young (Allocation Failure) 169M->169M(199M) 17.318ms
[1.141s][info][gc,cpu         ] GC(46) User=0.02s Sys=0.00s Real=0.02s
[1.168s][info][gc,start       ] GC(47) Pause Young (Allocation Failure)
[1.188s][info][gc,heap        ] GC(47) PSYoungGen: 33792K(38400K)->18432K(41472K) Eden: 5120K(5120K)->0K(5120K) From: 28672K(33280K)->18432K(36352K)
[1.188s][info][gc,heap        ] GC(47) ParOldGen: 153433K(165888K)->168985K(169472K)
[1.188s][info][gc,metaspace   ] GC(47) Metaspace: 6299K(6464K)->6299K(6464K) NonClass: 5766K(5824K)->5766K(5824K) Class: 533K(640K)->533K(640K)
[1.188s][info][gc             ] GC(47) Pause Young (Allocation Failure) 182M->183M(206M) 20.244ms
[1.188s][info][gc,cpu         ] GC(47) User=0.05s Sys=0.02s Real=0.02s
[1.188s][info][gc,start       ] GC(48) Pause Full (Ergonomics)
[1.188s][info][gc,phases,start] GC(48) Marking Phase
[1.238s][info][gc,phases      ] GC(48) Marking Phase 49.680ms
[1.238s][info][gc,phases,start] GC(48) Summary Phase
[1.238s][info][gc,phases      ] GC(48) Summary Phase 0.017ms
[1.238s][info][gc,phases,start] GC(48) Adjust Roots
[1.238s][info][gc,phases      ] GC(48) Adjust Roots 0.159ms
[1.238s][info][gc,phases,start] GC(48) Compaction Phase
[1.276s][info][gc,phases      ] GC(48) Compaction Phase 37.407ms
[1.276s][info][gc,phases,start] GC(48) Post Compact
[1.276s][info][gc,phases      ] GC(48) Post Compact 0.708ms
[1.277s][info][gc,heap        ] GC(48) PSYoungGen: 18432K(41472K)->13742K(41472K) Eden: 0K(5120K)->0K(5120K) From: 18432K(36352K)->13742K(36352K)
[1.277s][info][gc,heap        ] GC(48) ParOldGen: 168985K(169472K)->169063K(202752K)
[1.277s][info][gc,metaspace   ] GC(48) Metaspace: 6299K(6464K)->6299K(6464K) NonClass: 5766K(5824K)->5766K(5824K) Class: 533K(640K)->533K(640K)
[1.277s][info][gc             ] GC(48) Pause Full (Ergonomics) 183M->178M(238M) 88.417ms
[1.277s][info][gc,cpu         ] GC(48) User=0.23s Sys=0.00s Real=0.09s
[1.283s][info][gc,start       ] GC(49) Pause Young (Allocation Failure)
[1.300s][info][gc,heap        ] GC(49) PSYoungGen: 18862K(41472K)->13664K(38400K) Eden: 5120K(5120K)->0K(6144K) From: 13742K(36352K)->13664K(32256K)
[1.300s][info][gc,heap        ] GC(49) ParOldGen: 169063K(202752K)->174415K(202752K)
[1.300s][info][gc,metaspace   ] GC(49) Metaspace: 6299K(6464K)->6299K(6464K) NonClass: 5766K(5824K)->5766K(5824K) Class: 533K(640K)->533K(640K)
[1.300s][info][gc             ] GC(49) Pause Young (Allocation Failure) 183M->183M(235M) 17.173ms
[1.300s][info][gc,cpu         ] GC(49) User=0.02s Sys=0.00s Real=0.02s
[1.306s][info][gc,start       ] GC(50) Pause Young (Allocation Failure)
[1.316s][info][gc,heap        ] GC(50) PSYoungGen: 19808K(38400K)->14848K(20992K) Eden: 6144K(6144K)->0K(6144K) From: 13664K(32256K)->14848K(14848K)
[1.316s][info][gc,heap        ] GC(50) ParOldGen: 174415K(202752K)->179487K(202752K)
[1.316s][info][gc,metaspace   ] GC(50) Metaspace: 6299K(6464K)->6299K(6464K) NonClass: 5766K(5824K)->5766K(5824K) Class: 533K(640K)->533K(640K)
[1.316s][info][gc             ] GC(50) Pause Young (Allocation Failure) 189M->189M(218M) 10.131ms
[1.317s][info][gc,cpu         ] GC(50) User=0.00s Sys=0.02s Real=0.01s
[1.322s][info][gc,start       ] GC(51) Pause Young (Allocation Failure)
[1.333s][info][gc,heap        ] GC(51) PSYoungGen: 20992K(20992K)->17440K(37376K) Eden: 6144K(6144K)->0K(7168K) From: 14848K(14848K)->17440K(30208K)
[1.333s][info][gc,heap        ] GC(51) ParOldGen: 179487K(202752K)->183055K(202752K)
[1.333s][info][gc,metaspace   ] GC(51) Metaspace: 6299K(6464K)->6299K(6464K) NonClass: 5766K(5824K)->5766K(5824K) Class: 533K(640K)->533K(640K)
[1.333s][info][gc             ] GC(51) Pause Young (Allocation Failure) 195M->195M(234M) 10.297ms
[1.333s][info][gc,cpu         ] GC(51) User=0.02s Sys=0.00s Real=0.01s
[1.340s][info][gc,start       ] GC(52) Pause Young (Allocation Failure)
[1.352s][info][gc,heap        ] GC(52) PSYoungGen: 24608K(37376K)->13344K(38400K) Eden: 7168K(7168K)->0K(7168K) From: 17440K(30208K)->13344K(31232K)
[1.352s][info][gc,heap        ] GC(52) ParOldGen: 183055K(202752K)->194439K(202752K)
[1.352s][info][gc,metaspace   ] GC(52) Metaspace: 6299K(6464K)->6299K(6464K) NonClass: 5766K(5824K)->5766K(5824K) Class: 533K(640K)->533K(640K)
[1.352s][info][gc             ] GC(52) Pause Young (Allocation Failure) 202M->202M(235M) 12.219ms
[1.352s][info][gc,cpu         ] GC(52) User=0.02s Sys=0.00s Real=0.01s
[1.352s][info][gc,start       ] GC(53) Pause Full (Ergonomics)
[1.352s][info][gc,phases,start] GC(53) Marking Phase
[1.405s][info][gc,phases      ] GC(53) Marking Phase 53.316ms
[1.405s][info][gc,phases,start] GC(53) Summary Phase
[1.405s][info][gc,phases      ] GC(53) Summary Phase 0.017ms
[1.405s][info][gc,phases,start] GC(53) Adjust Roots
[1.406s][info][gc,phases      ] GC(53) Adjust Roots 0.159ms
[1.406s][info][gc,phases,start] GC(53) Compaction Phase
[1.428s][info][gc,phases      ] GC(53) Compaction Phase 22.171ms
[1.428s][info][gc,phases,start] GC(53) Post Compact
[1.429s][info][gc,phases      ] GC(53) Post Compact 0.918ms
[1.429s][info][gc,heap        ] GC(53) PSYoungGen: 13344K(38400K)->4557K(38400K) Eden: 0K(7168K)->0K(7168K) From: 13344K(31232K)->4557K(31232K)
[1.429s][info][gc,heap        ] GC(53) ParOldGen: 194439K(202752K)->202696K(238080K)
[1.429s][info][gc,metaspace   ] GC(53) Metaspace: 6299K(6464K)->6299K(6464K) NonClass: 5766K(5824K)->5766K(5824K) Class: 533K(640K)->533K(640K)
[1.429s][info][gc             ] GC(53) Pause Full (Ergonomics) 202M->202M(270M) 77.028ms
[1.429s][info][gc,cpu         ] GC(53) User=0.27s Sys=0.00s Real=0.08s
[1.437s][info][gc,start       ] GC(54) Pause Young (Allocation Failure)
[1.453s][info][gc,heap        ] GC(54) PSYoungGen: 11725K(38400K)->7232K(37888K) Eden: 7168K(7168K)->0K(8192K) From: 4557K(31232K)->7232K(29696K)
[1.453s][info][gc,heap        ] GC(54) ParOldGen: 202696K(238080K)->207344K(238080K)
[1.453s][info][gc,metaspace   ] GC(54) Metaspace: 6299K(6464K)->6299K(6464K) NonClass: 5766K(5824K)->5766K(5824K) Class: 533K(640K)->533K(640K)
[1.453s][info][gc             ] GC(54) Pause Young (Allocation Failure) 209M->209M(269M) 16.364ms
[1.453s][info][gc,cpu         ] GC(54) User=0.00s Sys=0.00s Real=0.02s
[1.462s][info][gc,start       ] GC(55) Pause Young (Allocation Failure)
[1.470s][info][gc,heap        ] GC(55) PSYoungGen: 15424K(37888K)->8320K(38400K) Eden: 8192K(8192K)->0K(8192K) From: 7232K(29696K)->8320K(30208K)
[1.470s][info][gc,heap        ] GC(55) ParOldGen: 207344K(238080K)->214608K(238080K)
[1.470s][info][gc,metaspace   ] GC(55) Metaspace: 6299K(6464K)->6299K(6464K) NonClass: 5766K(5824K)->5766K(5824K) Class: 533K(640K)->533K(640K)
[1.470s][info][gc             ] GC(55) Pause Young (Allocation Failure) 217M->217M(270M) 8.606ms
[1.470s][info][gc,cpu         ] GC(55) User=0.02s Sys=0.00s Real=0.01s
[1.479s][info][gc,start       ] GC(56) Pause Young (Allocation Failure)
[1.489s][info][gc,heap        ] GC(56) PSYoungGen: 16512K(38400K)->8256K(38400K) Eden: 8192K(8192K)->0K(9216K) From: 8320K(30208K)->8256K(29184K)
[1.489s][info][gc,heap        ] GC(56) ParOldGen: 214608K(238080K)->222912K(238080K)
[1.489s][info][gc,metaspace   ] GC(56) Metaspace: 6299K(6464K)->6299K(6464K) NonClass: 5766K(5824K)->5766K(5824K) Class: 533K(640K)->533K(640K)
[1.489s][info][gc             ] GC(56) Pause Young (Allocation Failure) 225M->225M(270M) 9.431ms
[1.489s][info][gc,cpu         ] GC(56) User=0.02s Sys=0.00s Real=0.01s
[1.499s][info][gc,start       ] GC(57) Pause Young (Allocation Failure)
[1.510s][info][gc,heap        ] GC(57) PSYoungGen: 17472K(38400K)->9280K(38912K) Eden: 9216K(9216K)->0K(9216K) From: 8256K(29184K)->9280K(29696K)
[1.510s][info][gc,heap        ] GC(57) ParOldGen: 222912K(238080K)->231216K(238080K)
[1.510s][info][gc,metaspace   ] GC(57) Metaspace: 6299K(6464K)->6299K(6464K) NonClass: 5766K(5824K)->5766K(5824K) Class: 533K(640K)->533K(640K)
[1.510s][info][gc             ] GC(57) Pause Young (Allocation Failure) 234M->234M(270M) 10.563ms
[1.510s][info][gc,cpu         ] GC(57) User=0.02s Sys=0.00s Real=0.01s
[1.510s][info][gc,start       ] GC(58) Pause Full (Ergonomics)
[1.510s][info][gc,phases,start] GC(58) Marking Phase
[1.570s][info][gc,phases      ] GC(58) Marking Phase 60.200ms
[1.570s][info][gc,phases,start] GC(58) Summary Phase
[1.570s][info][gc,phases      ] GC(58) Summary Phase 0.018ms
[1.570s][info][gc,phases,start] GC(58) Adjust Roots
[1.570s][info][gc,phases      ] GC(58) Adjust Roots 0.171ms
[1.570s][info][gc,phases,start] GC(58) Compaction Phase
[1.597s][info][gc,phases      ] GC(58) Compaction Phase 26.517ms
[1.597s][info][gc,phases,start] GC(58) Post Compact
[1.598s][info][gc,phases      ] GC(58) Post Compact 1.059ms
[1.598s][info][gc,heap        ] GC(58) PSYoungGen: 9280K(38912K)->2030K(38912K) Eden: 0K(9216K)->0K(9216K) From: 9280K(29696K)->2030K(29696K)
[1.598s][info][gc,heap        ] GC(58) ParOldGen: 231216K(238080K)->237867K(274944K)
[1.598s][info][gc,metaspace   ] GC(58) Metaspace: 6299K(6464K)->6299K(6464K) NonClass: 5766K(5824K)->5766K(5824K) Class: 533K(640K)->533K(640K)
[1.598s][info][gc             ] GC(58) Pause Full (Ergonomics) 234M->234M(306M) 88.511ms
[1.598s][info][gc,cpu         ] GC(58) User=0.42s Sys=0.00s Real=0.09s
[1.609s][info][gc,start       ] GC(59) Pause Young (Allocation Failure)
[1.627s][info][gc,heap        ] GC(59) PSYoungGen: 11246K(38912K)->9312K(37888K) Eden: 9216K(9216K)->0K(10240K) From: 2030K(29696K)->9312K(27648K)
[1.627s][info][gc,heap        ] GC(59) ParOldGen: 237867K(274944K)->239955K(274944K)
[1.627s][info][gc,metaspace   ] GC(59) Metaspace: 6299K(6464K)->6299K(6464K) NonClass: 5766K(5824K)->5766K(5824K) Class: 533K(640K)->533K(640K)
[1.627s][info][gc             ] GC(59) Pause Young (Allocation Failure) 243M->243M(305M) 18.038ms
[1.627s][info][gc,cpu         ] GC(59) User=0.03s Sys=0.00s Real=0.02s
[1.638s][info][gc,start       ] GC(60) Pause Young (Allocation Failure)
[1.649s][info][gc,heap        ] GC(60) PSYoungGen: 19552K(37888K)->19552K(38400K) Eden: 10240K(10240K)->0K(10240K) From: 9312K(27648K)->19552K(28160K)
[1.649s][info][gc,heap        ] GC(60) ParOldGen: 239955K(274944K)->239955K(274944K)
[1.649s][info][gc,metaspace   ] GC(60) Metaspace: 6299K(6464K)->6299K(6464K) NonClass: 5766K(5824K)->5766K(5824K) Class: 533K(640K)->533K(640K)
[1.649s][info][gc             ] GC(60) Pause Young (Allocation Failure) 253M->253M(306M) 10.649ms
[1.649s][info][gc,cpu         ] GC(60) User=0.02s Sys=0.00s Real=0.01s
[1.661s][info][gc,start       ] GC(61) Pause Young (Allocation Failure)
[1.676s][info][gc,heap        ] GC(61) PSYoungGen: 29792K(38400K)->28672K(35840K) Eden: 10240K(10240K)->0K(7168K) From: 19552K(28160K)->28672K(28672K)
[1.676s][info][gc,heap        ] GC(61) ParOldGen: 239955K(274944K)->241035K(274944K)
[1.676s][info][gc,metaspace   ] GC(61) Metaspace: 6299K(6464K)->6299K(6464K) NonClass: 5766K(5824K)->5766K(5824K) Class: 533K(640K)->533K(640K)
[1.676s][info][gc             ] GC(61) Pause Young (Allocation Failure) 263M->263M(303M) 14.951ms
[1.676s][info][gc,cpu         ] GC(61) User=0.02s Sys=0.00s Real=0.02s
[1.684s][info][gc,start       ] GC(62) Pause Young (Allocation Failure)
[1.702s][info][gc,heap        ] GC(62) PSYoungGen: 35840K(35840K)->16992K(40448K) Eden: 7168K(7168K)->0K(7168K) From: 28672K(28672K)->16992K(33280K)
[1.702s][info][gc,heap        ] GC(62) ParOldGen: 241035K(274944K)->260171K(274944K)
[1.702s][info][gc,metaspace   ] GC(62) Metaspace: 6299K(6464K)->6299K(6464K) NonClass: 5766K(5824K)->5766K(5824K) Class: 533K(640K)->533K(640K)
[1.702s][info][gc             ] GC(62) Pause Young (Allocation Failure) 270M->270M(308M) 17.669ms
[1.702s][info][gc,cpu         ] GC(62) User=0.08s Sys=0.02s Real=0.02s
[1.702s][info][gc,start       ] GC(63) Pause Full (Ergonomics)
[1.702s][info][gc,phases,start] GC(63) Marking Phase
[1.765s][info][gc,phases      ] GC(63) Marking Phase 62.778ms
[1.765s][info][gc,phases,start] GC(63) Summary Phase
[1.765s][info][gc,phases      ] GC(63) Summary Phase 0.022ms
[1.765s][info][gc,phases,start] GC(63) Adjust Roots
[1.765s][info][gc,phases      ] GC(63) Adjust Roots 0.152ms
[1.765s][info][gc,phases,start] GC(63) Compaction Phase
[1.790s][info][gc,phases      ] GC(63) Compaction Phase 25.557ms
[1.790s][info][gc,phases,start] GC(63) Post Compact
[1.792s][info][gc,phases      ] GC(63) Post Compact 1.358ms
[1.792s][info][gc,heap        ] GC(63) PSYoungGen: 16992K(40448K)->2024K(40448K) Eden: 0K(7168K)->0K(7168K) From: 16992K(33280K)->2024K(33280K)
[1.792s][info][gc,heap        ] GC(63) ParOldGen: 260171K(274944K)->274610K(317952K)
[1.792s][info][gc,metaspace   ] GC(63) Metaspace: 6299K(6464K)->6299K(6464K) NonClass: 5766K(5824K)->5766K(5824K) Class: 533K(640K)->533K(640K)
[1.792s][info][gc             ] GC(63) Pause Full (Ergonomics) 270M->270M(350M) 90.520ms
[1.792s][info][gc,cpu         ] GC(63) User=0.53s Sys=0.00s Real=0.09s
[1.801s][info][gc,start       ] GC(64) Pause Young (Allocation Failure)
[1.819s][info][gc,heap        ] GC(64) PSYoungGen: 9192K(40448K)->8064K(39424K) Eden: 7168K(7168K)->0K(8192K) From: 2024K(33280K)->8064K(31232K)
[1.819s][info][gc,heap        ] GC(64) ParOldGen: 274610K(317952K)->275938K(317952K)
[1.819s][info][gc,metaspace   ] GC(64) Metaspace: 6299K(6464K)->6299K(6464K) NonClass: 5766K(5824K)->5766K(5824K) Class: 533K(640K)->533K(640K)
[1.819s][info][gc             ] GC(64) Pause Young (Allocation Failure) 277M->277M(349M) 17.729ms
[1.819s][info][gc,cpu         ] GC(64) User=0.03s Sys=0.00s Real=0.02s
[1.828s][info][gc,start       ] GC(65) Pause Young (Allocation Failure)
[1.837s][info][gc,heap        ] GC(65) PSYoungGen: 16256K(39424K)->16192K(39936K) Eden: 8192K(8192K)->0K(8192K) From: 8064K(31232K)->16192K(31744K)
[1.837s][info][gc,heap        ] GC(65) ParOldGen: 275938K(317952K)->275938K(317952K)
[1.837s][info][gc,metaspace   ] GC(65) Metaspace: 6299K(6464K)->6299K(6464K) NonClass: 5766K(5824K)->5766K(5824K) Class: 533K(640K)->533K(640K)
[1.837s][info][gc             ] GC(65) Pause Young (Allocation Failure) 285M->285M(349M) 8.920ms
[1.837s][info][gc,cpu         ] GC(65) User=0.00s Sys=0.00s Real=0.01s
[1.846s][info][gc,start       ] GC(66) Pause Young (Allocation Failure)
[1.858s][info][gc,heap        ] GC(66) PSYoungGen: 24384K(39936K)->24416K(37888K) Eden: 8192K(8192K)->0K(7168K) From: 16192K(31744K)->24416K(30720K)
[1.858s][info][gc,heap        ] GC(66) ParOldGen: 275938K(317952K)->275938K(317952K)
[1.858s][info][gc,metaspace   ] GC(66) Metaspace: 6299K(6464K)->6299K(6464K) NonClass: 5766K(5824K)->5766K(5824K) Class: 533K(640K)->533K(640K)
[1.858s][info][gc             ] GC(66) Pause Young (Allocation Failure) 293M->293M(347M) 11.796ms
[1.858s][info][gc,cpu         ] GC(66) User=0.00s Sys=0.00s Real=0.01s
[1.866s][info][gc,start       ] GC(67) Pause Young (Allocation Failure)
[1.881s][info][gc,heap        ] GC(67) PSYoungGen: 31584K(37888K)->30816K(39936K) Eden: 7168K(7168K)->0K(7168K) From: 24416K(30720K)->30816K(32768K)
[1.881s][info][gc,heap        ] GC(67) ParOldGen: 275938K(317952K)->276722K(317952K)
[1.881s][info][gc,metaspace   ] GC(67) Metaspace: 6299K(6464K)->6299K(6464K) NonClass: 5766K(5824K)->5766K(5824K) Class: 533K(640K)->533K(640K)
[1.881s][info][gc             ] GC(67) Pause Young (Allocation Failure) 300M->300M(349M) 14.648ms
[1.881s][info][gc,cpu         ] GC(67) User=0.02s Sys=0.00s Real=0.01s
[1.889s][info][gc,start       ] GC(68) Pause Young (Allocation Failure)
[1.906s][info][gc,heap        ] GC(68) PSYoungGen: 37984K(39936K)->30784K(40960K) Eden: 7168K(7168K)->0K(4608K) From: 30816K(32768K)->30784K(36352K)
[1.906s][info][gc,heap        ] GC(68) ParOldGen: 276722K(317952K)->284002K(317952K)
[1.906s][info][gc,metaspace   ] GC(68) Metaspace: 6299K(6464K)->6299K(6464K) NonClass: 5766K(5824K)->5766K(5824K) Class: 533K(640K)->533K(640K)
[1.906s][info][gc             ] GC(68) Pause Young (Allocation Failure) 307M->307M(350M) 17.279ms
[1.906s][info][gc,cpu         ] GC(68) User=0.05s Sys=0.00s Real=0.02s
[1.912s][info][gc,start       ] GC(69) Pause Young (Allocation Failure)
[1.928s][info][gc,heap        ] GC(69) PSYoungGen: 35392K(40960K)->19008K(24064K) Eden: 4608K(4608K)->0K(4608K) From: 30784K(36352K)->19008K(19456K)
[1.928s][info][gc,heap        ] GC(69) ParOldGen: 284002K(317952K)->300594K(317952K)
[1.928s][info][gc,metaspace   ] GC(69) Metaspace: 6299K(6464K)->6299K(6464K) NonClass: 5766K(5824K)->5766K(5824K) Class: 533K(640K)->533K(640K)
[1.928s][info][gc             ] GC(69) Pause Young (Allocation Failure) 311M->312M(334M) 16.550ms
[1.928s][info][gc,cpu         ] GC(69) User=0.02s Sys=0.00s Real=0.02s
[1.928s][info][gc,start       ] GC(70) Pause Full (Ergonomics)
[1.928s][info][gc,phases,start] GC(70) Marking Phase
[1.993s][info][gc,phases      ] GC(70) Marking Phase 64.697ms
[1.993s][info][gc,phases,start] GC(70) Summary Phase
[1.993s][info][gc,phases      ] GC(70) Summary Phase 0.025ms
[1.993s][info][gc,phases,start] GC(70) Adjust Roots
[1.993s][info][gc,phases      ] GC(70) Adjust Roots 0.151ms
[1.993s][info][gc,phases,start] GC(70) Compaction Phase
[2.022s][info][gc,phases      ] GC(70) Compaction Phase 29.169ms
[2.023s][info][gc,phases,start] GC(70) Post Compact
[2.024s][info][gc,phases      ] GC(70) Post Compact 1.441ms
[2.024s][info][gc,heap        ] GC(70) PSYoungGen: 19008K(24064K)->1484K(24064K) Eden: 0K(4608K)->0K(4608K) From: 19008K(19456K)->1484K(19456K)
[2.024s][info][gc,heap        ] GC(70) ParOldGen: 300594K(317952K)->317465K(365056K)
[2.024s][info][gc,metaspace   ] GC(70) Metaspace: 6299K(6464K)->6299K(6464K) NonClass: 5766K(5824K)->5766K(5824K) Class: 533K(640K)->533K(640K)
[2.024s][info][gc             ] GC(70) Pause Full (Ergonomics) 312M->311M(380M) 95.974ms
[2.024s][info][gc,cpu         ] GC(70) User=0.64s Sys=0.00s Real=0.10s
[2.030s][info][gc,start       ] GC(71) Pause Young (Allocation Failure)
[2.047s][info][gc,heap        ] GC(71) PSYoungGen: 6092K(24064K)->5248K(43008K) Eden: 4608K(4608K)->0K(5120K) From: 1484K(19456K)->5248K(37888K)
[2.047s][info][gc,heap        ] GC(71) ParOldGen: 317465K(365056K)->318513K(365056K)
[2.047s][info][gc,metaspace   ] GC(71) Metaspace: 6299K(6464K)->6299K(6464K) NonClass: 5766K(5824K)->5766K(5824K) Class: 533K(640K)->533K(640K)
[2.047s][info][gc             ] GC(71) Pause Young (Allocation Failure) 315M->316M(398M) 17.247ms
[2.047s][info][gc,cpu         ] GC(71) User=0.03s Sys=0.02s Real=0.02s
[2.053s][info][gc,start       ] GC(72) Pause Young (Allocation Failure)
[2.059s][info][gc,heap        ] GC(72) PSYoungGen: 10368K(43008K)->9760K(43520K) Eden: 5120K(5120K)->0K(5120K) From: 5248K(37888K)->9760K(38400K)
[2.059s][info][gc,heap        ] GC(72) ParOldGen: 318513K(365056K)->319025K(365056K)
[2.059s][info][gc,metaspace   ] GC(72) Metaspace: 6299K(6464K)->6299K(6464K) NonClass: 5766K(5824K)->5766K(5824K) Class: 533K(640K)->533K(640K)
[2.059s][info][gc             ] GC(72) Pause Young (Allocation Failure) 321M->321M(399M) 6.192ms
[2.059s][info][gc,cpu         ] GC(72) User=0.00s Sys=0.00s Real=0.01s
[2.065s][info][gc,start       ] GC(73) Pause Young (Allocation Failure)
[2.074s][info][gc,heap        ] GC(73) PSYoungGen: 14880K(43520K)->10336K(41472K) Eden: 5120K(5120K)->0K(6144K) From: 9760K(38400K)->10336K(35328K)
[2.074s][info][gc,heap        ] GC(73) ParOldGen: 319025K(365056K)->323697K(365056K)
[2.074s][info][gc,metaspace   ] GC(73) Metaspace: 6299K(6464K)->6299K(6464K) NonClass: 5766K(5824K)->5766K(5824K) Class: 533K(640K)->533K(640K)
[2.074s][info][gc             ] GC(73) Pause Young (Allocation Failure) 326M->326M(397M) 8.938ms
[2.074s][info][gc,cpu         ] GC(73) User=0.00s Sys=0.00s Real=0.01s
[2.081s][info][gc,start       ] GC(74) Pause Young (Allocation Failure)
[2.090s][info][gc,heap        ] GC(74) PSYoungGen: 16480K(41472K)->6240K(42496K) Eden: 6144K(6144K)->0K(6144K) From: 10336K(35328K)->6240K(36352K)
[2.091s][info][gc,heap        ] GC(74) ParOldGen: 323697K(365056K)->334025K(365056K)
[2.091s][info][gc,metaspace   ] GC(74) Metaspace: 6299K(6464K)->6299K(6464K) NonClass: 5766K(5824K)->5766K(5824K) Class: 533K(640K)->533K(640K)
[2.091s][info][gc             ] GC(74) Pause Young (Allocation Failure) 332M->332M(398M) 9.261ms
[2.091s][info][gc,cpu         ] GC(74) User=0.00s Sys=0.00s Real=0.01s
[2.097s][info][gc,start       ] GC(75) Pause Young (Allocation Failure)
[2.105s][info][gc,heap        ] GC(75) PSYoungGen: 12384K(42496K)->6272K(41984K) Eden: 6144K(6144K)->0K(7168K) From: 6240K(36352K)->6272K(34816K)
[2.105s][info][gc,heap        ] GC(75) ParOldGen: 334025K(365056K)->340265K(365056K)
[2.105s][info][gc,metaspace   ] GC(75) Metaspace: 6299K(6464K)->6299K(6464K) NonClass: 5766K(5824K)->5766K(5824K) Class: 533K(640K)->533K(640K)
[2.105s][info][gc             ] GC(75) Pause Young (Allocation Failure) 338M->338M(397M) 7.596ms
[2.105s][info][gc,cpu         ] GC(75) User=0.00s Sys=0.00s Real=0.01s
[2.170s][info][gc,start       ] GC(76) Pause Full (Ergonomics)
[2.170s][info][gc,phases,start] GC(76) Marking Phase
[2.250s][info][gc,phases      ] GC(76) Marking Phase 80.784ms
[2.250s][info][gc,phases,start] GC(76) Summary Phase
[2.250s][info][gc,phases      ] GC(76) Summary Phase 0.025ms
[2.251s][info][gc,phases,start] GC(76) Adjust Roots
[2.251s][info][gc,phases      ] GC(76) Adjust Roots 0.149ms
[2.251s][info][gc,phases,start] GC(76) Compaction Phase
[2.312s][info][gc,phases      ] GC(76) Compaction Phase 61.579ms
[2.312s][info][gc,phases,start] GC(76) Post Compact
[2.314s][info][gc,phases      ] GC(76) Post Compact 1.797ms
[2.314s][info][gc,heap        ] GC(76) PSYoungGen: 13440K(41984K)->0K(42496K) Eden: 7168K(7168K)->0K(7168K) From: 6272K(34816K)->0K(35328K)
[2.314s][info][gc,heap        ] GC(76) ParOldGen: 356649K(365056K)->361247K(409600K)
[2.314s][info][gc,metaspace   ] GC(76) Metaspace: 6299K(6464K)->6299K(6464K) NonClass: 5766K(5824K)->5766K(5824K) Class: 533K(640K)->533K(640K)
[2.314s][info][gc             ] GC(76) Pause Full (Ergonomics) 361M->352M(441M) 144.904ms
[2.314s][info][gc,cpu         ] GC(76) User=0.92s Sys=0.02s Real=0.14s
[2.324s][info][gc,start       ] GC(77) Pause Young (Allocation Failure)
[2.332s][info][gc,heap        ] GC(77) PSYoungGen: 7168K(42496K)->7328K(41472K) Eden: 7168K(7168K)->0K(8192K) From: 0K(35328K)->7328K(33280K)
[2.332s][info][gc,heap        ] GC(77) ParOldGen: 361247K(409600K)->361247K(409600K)
[2.332s][info][gc,metaspace   ] GC(77) Metaspace: 6299K(6464K)->6299K(6464K) NonClass: 5766K(5824K)->5766K(5824K) Class: 533K(640K)->533K(640K)
[2.332s][info][gc             ] GC(77) Pause Young (Allocation Failure) 359M->359M(440M) 7.897ms
[2.332s][info][gc,cpu         ] GC(77) User=0.00s Sys=0.00s Real=0.01s
[2.340s][info][gc,start       ] GC(78) Pause Young (Allocation Failure)
[2.349s][info][gc,heap        ] GC(78) PSYoungGen: 15520K(41472K)->15456K(42496K) Eden: 8192K(8192K)->0K(8192K) From: 7328K(33280K)->15456K(34304K)
[2.349s][info][gc,heap        ] GC(78) ParOldGen: 361247K(409600K)->361247K(409600K)
[2.349s][info][gc,metaspace   ] GC(78) Metaspace: 6299K(6464K)->6299K(6464K) NonClass: 5766K(5824K)->5766K(5824K) Class: 533K(640K)->533K(640K)
[2.349s][info][gc             ] GC(78) Pause Young (Allocation Failure) 367M->367M(441M) 9.038ms
[2.349s][info][gc,cpu         ] GC(78) User=0.02s Sys=0.00s Real=0.01s
[2.357s][info][gc,start       ] GC(79) Pause Young (Allocation Failure)
[2.369s][info][gc,heap        ] GC(79) PSYoungGen: 23648K(42496K)->16512K(40448K) Eden: 8192K(8192K)->0K(9216K) From: 15456K(34304K)->16512K(31232K)
[2.369s][info][gc,heap        ] GC(79) ParOldGen: 361247K(409600K)->368511K(409600K)
[2.369s][info][gc,metaspace   ] GC(79) Metaspace: 6299K(6464K)->6299K(6464K) NonClass: 5766K(5824K)->5766K(5824K) Class: 533K(640K)->533K(640K)
[2.369s][info][gc             ] GC(79) Pause Young (Allocation Failure) 375M->375M(439M) 12.060ms
[2.369s][info][gc,cpu         ] GC(79) User=0.02s Sys=0.00s Real=0.01s
[2.378s][info][gc,start       ] GC(80) Pause Young (Allocation Failure)
[2.391s][info][gc,heap        ] GC(80) PSYoungGen: 25728K(40448K)->17472K(41472K) Eden: 9216K(9216K)->0K(9216K) From: 16512K(31232K)->17472K(32256K)
[2.391s][info][gc,heap        ] GC(80) ParOldGen: 368511K(409600K)->376815K(409600K)
[2.391s][info][gc,metaspace   ] GC(80) Metaspace: 6299K(6464K)->6299K(6464K) NonClass: 5766K(5824K)->5766K(5824K) Class: 533K(640K)->533K(640K)
[2.391s][info][gc             ] GC(80) Pause Young (Allocation Failure) 384M->385M(440M) 12.722ms
[2.391s][info][gc,cpu         ] GC(80) User=0.02s Sys=0.00s Real=0.01s
[2.400s][info][gc,start       ] GC(81) Pause Young (Allocation Failure)
[2.413s][info][gc,heap        ] GC(81) PSYoungGen: 26688K(41472K)->18528K(42496K) Eden: 9216K(9216K)->0K(10752K) From: 17472K(32256K)->18528K(31744K)
[2.413s][info][gc,heap        ] GC(81) ParOldGen: 376815K(409600K)->385127K(409600K)
[2.413s][info][gc,metaspace   ] GC(81) Metaspace: 6299K(6464K)->6299K(6464K) NonClass: 5766K(5824K)->5766K(5824K) Class: 533K(640K)->533K(640K)
[2.413s][info][gc             ] GC(81) Pause Young (Allocation Failure) 394M->394M(441M) 12.867ms
[2.413s][info][gc,cpu         ] GC(81) User=0.02s Sys=0.00s Real=0.01s
[2.424s][info][gc,start       ] GC(82) Pause Young (Allocation Failure)
[2.439s][info][gc,heap        ] GC(82) PSYoungGen: 29280K(42496K)->20032K(42496K) Eden: 10752K(10752K)->0K(10752K) From: 18528K(31744K)->20032K(31744K)
[2.439s][info][gc,heap        ] GC(82) ParOldGen: 385127K(409600K)->394471K(409600K)
[2.439s][info][gc,metaspace   ] GC(82) Metaspace: 6299K(6464K)->6299K(6464K) NonClass: 5766K(5824K)->5766K(5824K) Class: 533K(640K)->533K(640K)
[2.439s][info][gc             ] GC(82) Pause Young (Allocation Failure) 404M->404M(441M) 14.374ms
[2.439s][info][gc,cpu         ] GC(82) User=0.02s Sys=0.00s Real=0.02s
[2.439s][info][gc,start       ] GC(83) Pause Full (Ergonomics)
[2.439s][info][gc,phases,start] GC(83) Marking Phase
[2.528s][info][gc,phases      ] GC(83) Marking Phase 88.648ms
[2.528s][info][gc,phases,start] GC(83) Summary Phase
[2.528s][info][gc,phases      ] GC(83) Summary Phase 0.019ms
[2.528s][info][gc,phases,start] GC(83) Adjust Roots
[2.528s][info][gc,phases      ] GC(83) Adjust Roots 0.152ms
[2.528s][info][gc,phases,start] GC(83) Compaction Phase
[2.570s][info][gc,phases      ] GC(83) Compaction Phase 41.886ms
[2.570s][info][gc,phases,start] GC(83) Post Compact
[2.572s][info][gc,phases      ] GC(83) Post Compact 2.119ms
[2.572s][info][gc,heap        ] GC(83) PSYoungGen: 20032K(42496K)->4570K(42496K) Eden: 0K(10752K)->0K(10752K) From: 20032K(31744K)->4570K(31744K)
[2.572s][info][gc,heap        ] GC(83) ParOldGen: 394471K(409600K)->409217K(460800K)
[2.572s][info][gc,metaspace   ] GC(83) Metaspace: 6299K(6464K)->6299K(6464K) NonClass: 5766K(5824K)->5766K(5824K) Class: 533K(640K)->533K(640K)
[2.572s][info][gc             ] GC(83) Pause Full (Ergonomics) 404M->404M(491M) 133.395ms
[2.572s][info][gc,cpu         ] GC(83) User=0.86s Sys=0.00s Real=0.13s
[2.583s][info][gc,start       ] GC(84) Pause Young (Allocation Failure)
[2.608s][info][gc,heap        ] GC(84) PSYoungGen: 15322K(42496K)->10848K(43008K) Eden: 10752K(10752K)->0K(12288K) From: 4570K(31744K)->10848K(30720K)
[2.608s][info][gc,heap        ] GC(84) ParOldGen: 409217K(460800K)->413881K(460800K)
[2.608s][info][gc,metaspace   ] GC(84) Metaspace: 6299K(6464K)->6299K(6464K) NonClass: 5766K(5824K)->5766K(5824K) Class: 533K(640K)->533K(640K)
[2.608s][info][gc             ] GC(84) Pause Young (Allocation Failure) 414M->414M(492M) 25.096ms
[2.608s][info][gc,cpu         ] GC(84) User=0.12s Sys=0.00s Real=0.03s
[2.623s][info][gc,start       ] GC(85) Pause Young (Allocation Failure)
[2.635s][info][gc,heap        ] GC(85) PSYoungGen: 23136K(43008K)->23168K(43520K) Eden: 12288K(12288K)->0K(12288K) From: 10848K(30720K)->23168K(31232K)
[2.635s][info][gc,heap        ] GC(85) ParOldGen: 413881K(460800K)->413881K(460800K)
[2.635s][info][gc,metaspace   ] GC(85) Metaspace: 6299K(6464K)->6299K(6464K) NonClass: 5766K(5824K)->5766K(5824K) Class: 533K(640K)->533K(640K)
[2.635s][info][gc             ] GC(85) Pause Young (Allocation Failure) 426M->426M(492M) 12.220ms
[2.635s][info][gc,cpu         ] GC(85) User=0.02s Sys=0.00s Real=0.01s
[2.647s][info][gc,start       ] GC(86) Pause Young (Allocation Failure)
[2.665s][info][gc,heap        ] GC(86) PSYoungGen: 35456K(43520K)->32768K(40960K) Eden: 12288K(12288K)->0K(8192K) From: 23168K(31232K)->32768K(32768K)
[2.665s][info][gc,heap        ] GC(86) ParOldGen: 413881K(460800K)->416481K(460800K)
[2.665s][info][gc,metaspace   ] GC(86) Metaspace: 6299K(6464K)->6299K(6464K) NonClass: 5766K(5824K)->5766K(5824K) Class: 533K(640K)->533K(640K)
[2.665s][info][gc             ] GC(86) Pause Young (Allocation Failure) 438M->438M(490M) 17.403ms
[2.665s][info][gc,cpu         ] GC(86) User=0.09s Sys=0.03s Real=0.02s
[2.674s][info][gc,start       ] GC(87) Pause Young (Allocation Failure)
[2.693s][info][gc,heap        ] GC(87) PSYoungGen: 40960K(40960K)->19840K(46592K) Eden: 8192K(8192K)->0K(8192K) From: 32768K(32768K)->19840K(38400K)
[2.694s][info][gc,heap        ] GC(87) ParOldGen: 416481K(460800K)->437969K(460800K)
[2.694s][info][gc,metaspace   ] GC(87) Metaspace: 6299K(6464K)->6299K(6464K) NonClass: 5766K(5824K)->5766K(5824K) Class: 533K(640K)->533K(640K)
[2.694s][info][gc             ] GC(87) Pause Young (Allocation Failure) 446M->447M(495M) 19.858ms
[2.694s][info][gc,cpu         ] GC(87) User=0.12s Sys=0.00s Real=0.02s
[2.702s][info][gc,start       ] GC(88) Pause Young (Allocation Failure)
[2.717s][info][gc,heap        ] GC(88) PSYoungGen: 28032K(46592K)->16512K(43520K) Eden: 8192K(8192K)->0K(9728K) From: 19840K(38400K)->16512K(33792K)
[2.717s][info][gc,heap        ] GC(88) ParOldGen: 437969K(460800K)->449681K(460800K)
[2.717s][info][gc,metaspace   ] GC(88) Metaspace: 6299K(6464K)->6299K(6464K) NonClass: 5766K(5824K)->5766K(5824K) Class: 533K(640K)->533K(640K)
[2.717s][info][gc             ] GC(88) Pause Young (Allocation Failure) 455M->455M(492M) 14.368ms
[2.717s][info][gc,cpu         ] GC(88) User=0.00s Sys=0.00s Real=0.01s
[2.717s][info][gc,start       ] GC(89) Pause Full (Ergonomics)
[2.717s][info][gc,phases,start] GC(89) Marking Phase
[2.821s][info][gc,phases      ] GC(89) Marking Phase 104.338ms
[2.821s][info][gc,phases,start] GC(89) Summary Phase
[2.821s][info][gc,phases      ] GC(89) Summary Phase 0.020ms
[2.821s][info][gc,phases,start] GC(89) Adjust Roots
[2.821s][info][gc,phases      ] GC(89) Adjust Roots 0.149ms
[2.821s][info][gc,phases,start] GC(89) Compaction Phase
[2.870s][info][gc,phases      ] GC(89) Compaction Phase 48.818ms
[2.870s][info][gc,phases,start] GC(89) Post Compact
[2.873s][info][gc,phases      ] GC(89) Post Compact 2.176ms
[2.873s][info][gc,heap        ] GC(89) PSYoungGen: 16512K(43520K)->4574K(45056K) Eden: 0K(9728K)->0K(11264K) From: 16512K(33792K)->4574K(33792K)
[2.873s][info][gc,heap        ] GC(89) ParOldGen: 449681K(460800K)->460776K(519680K)
[2.873s][info][gc,metaspace   ] GC(89) Metaspace: 6299K(6464K)->6299K(6464K) NonClass: 5766K(5824K)->5766K(5824K) Class: 533K(640K)->533K(640K)
[2.873s][info][gc             ] GC(89) Pause Full (Ergonomics) 455M->454M(551M) 156.037ms
[2.873s][info][gc,cpu         ] GC(89) User=1.14s Sys=0.00s Real=0.16s
[2.887s][info][gc,start       ] GC(90) Pause Young (Allocation Failure)
[2.914s][info][gc,heap        ] GC(90) PSYoungGen: 15838K(45056K)->11456K(46592K) Eden: 11264K(11264K)->0K(11264K) From: 4574K(33792K)->11456K(35328K)
[2.914s][info][gc,heap        ] GC(90) ParOldGen: 460776K(519680K)->465456K(519680K)
[2.914s][info][gc,metaspace   ] GC(90) Metaspace: 6299K(6464K)->6299K(6464K) NonClass: 5766K(5824K)->5766K(5824K) Class: 533K(640K)->533K(640K)
[2.915s][info][gc             ] GC(90) Pause Young (Allocation Failure) 465M->465M(553M) 27.792ms
[2.915s][info][gc,cpu         ] GC(90) User=0.14s Sys=0.00s Real=0.03s
[2.927s][info][gc,start       ] GC(91) Pause Young (Allocation Failure)
[2.939s][info][gc,heap        ] GC(91) PSYoungGen: 22720K(46592K)->22720K(47616K) Eden: 11264K(11264K)->0K(12800K) From: 11456K(35328K)->22720K(34816K)
[2.939s][info][gc,heap        ] GC(91) ParOldGen: 465456K(519680K)->465456K(519680K)
[2.939s][info][gc,metaspace   ] GC(91) Metaspace: 6299K(6464K)->6299K(6464K) NonClass: 5766K(5824K)->5766K(5824K) Class: 533K(640K)->533K(640K)
[2.939s][info][gc             ] GC(91) Pause Young (Allocation Failure) 476M->476M(554M) 12.120ms
[2.939s][info][gc,cpu         ] GC(91) User=0.02s Sys=0.00s Real=0.01s
[2.953s][info][gc,start       ] GC(92) Pause Young (Allocation Failure)
[2.971s][info][gc,heap        ] GC(92) PSYoungGen: 35520K(47616K)->24256K(47616K) Eden: 12800K(12800K)->0K(12800K) From: 22720K(34816K)->24256K(34816K)
[2.971s][info][gc,heap        ] GC(92) ParOldGen: 465456K(519680K)->476872K(519680K)
[2.971s][info][gc,metaspace   ] GC(92) Metaspace: 6299K(6464K)->6299K(6464K) NonClass: 5766K(5824K)->5766K(5824K) Class: 533K(640K)->533K(640K)
[2.971s][info][gc             ] GC(92) Pause Young (Allocation Failure) 489M->489M(554M) 18.062ms
[2.971s][info][gc,cpu         ] GC(92) User=0.08s Sys=0.05s Real=0.02s
[2.985s][info][gc,start       ] GC(93) Pause Young (Allocation Failure)
[3.003s][info][gc,heap        ] GC(93) PSYoungGen: 37056K(47616K)->25696K(49152K) Eden: 12800K(12800K)->0K(13312K) From: 24256K(34816K)->25696K(35840K)
[3.004s][info][gc,heap        ] GC(93) ParOldGen: 476872K(519680K)->488304K(519680K)
[3.004s][info][gc,metaspace   ] GC(93) Metaspace: 6299K(6464K)->6299K(6464K) NonClass: 5766K(5824K)->5766K(5824K) Class: 533K(640K)->533K(640K)
[3.004s][info][gc             ] GC(93) Pause Young (Allocation Failure) 501M->501M(555M) 18.729ms
[3.004s][info][gc,cpu         ] GC(93) User=0.12s Sys=0.00s Real=0.02s
[3.018s][info][gc,start       ] GC(94) Pause Young (Allocation Failure)
[3.038s][info][gc,heap        ] GC(94) PSYoungGen: 39008K(49152K)->26240K(50176K) Eden: 13312K(13312K)->0K(13312K) From: 25696K(35840K)->26240K(36864K)
[3.038s][info][gc,heap        ] GC(94) ParOldGen: 488304K(519680K)->501280K(519680K)
[3.038s][info][gc,metaspace   ] GC(94) Metaspace: 6299K(6464K)->6299K(6464K) NonClass: 5766K(5824K)->5766K(5824K) Class: 533K(640K)->533K(640K)
[3.038s][info][gc             ] GC(94) Pause Young (Allocation Failure) 514M->515M(556M) 19.916ms
[3.038s][info][gc,cpu         ] GC(94) User=0.12s Sys=0.00s Real=0.02s
[3.038s][info][gc,start       ] GC(95) Pause Full (Ergonomics)
[3.038s][info][gc,phases,start] GC(95) Marking Phase
[3.148s][info][gc,phases      ] GC(95) Marking Phase 110.734ms
[3.148s][info][gc,phases,start] GC(95) Summary Phase
[3.148s][info][gc,phases      ] GC(95) Summary Phase 0.020ms
[3.149s][info][gc,phases,start] GC(95) Adjust Roots
[3.149s][info][gc,phases      ] GC(95) Adjust Roots 0.156ms
[3.149s][info][gc,phases,start] GC(95) Compaction Phase
[3.197s][info][gc,phases      ] GC(95) Compaction Phase 48.746ms
[3.198s][info][gc,phases,start] GC(95) Post Compact
[3.200s][info][gc,phases      ] GC(95) Post Compact 2.560ms
[3.200s][info][gc,heap        ] GC(95) PSYoungGen: 26240K(50176K)->7145K(50176K) Eden: 0K(13312K)->0K(13312K) From: 26240K(36864K)->7145K(36864K)
[3.200s][info][gc,heap        ] GC(95) ParOldGen: 501280K(519680K)->519495K(583168K)
[3.201s][info][gc,metaspace   ] GC(95) Metaspace: 6299K(6464K)->6299K(6464K) NonClass: 5766K(5824K)->5766K(5824K) Class: 533K(640K)->533K(640K)
[3.201s][info][gc             ] GC(95) Pause Full (Ergonomics) 515M->514M(618M) 162.871ms
[3.201s][info][gc,cpu         ] GC(95) User=1.03s Sys=0.02s Real=0.16s
[3.215s][info][gc,start       ] GC(96) Pause Young (Allocation Failure)
[3.248s][info][gc,heap        ] GC(96) PSYoungGen: 20457K(50176K)->16704K(49152K) Eden: 13312K(13312K)->0K(14848K) From: 7145K(36864K)->16704K(34304K)
[3.248s][info][gc,heap        ] GC(96) ParOldGen: 519495K(583168K)->523471K(583168K)
[3.248s][info][gc,metaspace   ] GC(96) Metaspace: 6299K(6464K)->6299K(6464K) NonClass: 5766K(5824K)->5766K(5824K) Class: 533K(640K)->533K(640K)
[3.248s][info][gc             ] GC(96) Pause Young (Allocation Failure) 527M->527M(617M) 32.520ms
[3.248s][info][gc,cpu         ] GC(96) User=0.14s Sys=0.00s Real=0.03s
[3.264s][info][gc,start       ] GC(97) Pause Young (Allocation Failure)
[3.281s][info][gc,heap        ] GC(97) PSYoungGen: 31552K(49152K)->31552K(51200K) Eden: 14848K(14848K)->0K(14848K) From: 16704K(34304K)->31552K(36352K)
[3.281s][info][gc,heap        ] GC(97) ParOldGen: 523471K(583168K)->523471K(583168K)
[3.281s][info][gc,metaspace   ] GC(97) Metaspace: 6299K(6464K)->6299K(6464K) NonClass: 5766K(5824K)->5766K(5824K) Class: 533K(640K)->533K(640K)
[3.281s][info][gc             ] GC(97) Pause Young (Allocation Failure) 542M->542M(619M) 16.704ms
[3.281s][info][gc,cpu         ] GC(97) User=0.03s Sys=0.00s Real=0.02s
[3.297s][info][gc,start       ] GC(98) Pause Young (Allocation Failure)
[3.321s][info][gc,heap        ] GC(98) PSYoungGen: 46400K(51200K)->39424K(48128K) Eden: 14848K(14848K)->0K(8704K) From: 31552K(36352K)->39424K(39424K)
[3.321s][info][gc,heap        ] GC(98) ParOldGen: 523471K(583168K)->530407K(583168K)
[3.321s][info][gc,metaspace   ] GC(98) Metaspace: 6299K(6464K)->6299K(6464K) NonClass: 5766K(5824K)->5766K(5824K) Class: 533K(640K)->533K(640K)
[3.321s][info][gc             ] GC(98) Pause Young (Allocation Failure) 556M->556M(616M) 24.152ms
[3.321s][info][gc,cpu         ] GC(98) User=0.09s Sys=0.03s Real=0.02s
[3.331s][info][gc,start       ] GC(99) Pause Young (Allocation Failure)
[3.354s][info][gc,heap        ] GC(99) PSYoungGen: 48128K(48128K)->34272K(55808K) Eden: 8704K(8704K)->0K(8704K) From: 39424K(39424K)->34272K(47104K)
[3.354s][info][gc,heap        ] GC(99) ParOldGen: 530407K(583168K)->544567K(583168K)
[3.354s][info][gc,metaspace   ] GC(99) Metaspace: 6299K(6464K)->6299K(6464K) NonClass: 5766K(5824K)->5766K(5824K) Class: 533K(640K)->533K(640K)
[3.354s][info][gc             ] GC(99) Pause Young (Allocation Failure) 564M->565M(624M) 22.796ms
[3.354s][info][gc,cpu         ] GC(99) User=0.12s Sys=0.00s Real=0.02s
[3.364s][info][gc,start       ] GC(100) Pause Young (Allocation Failure)
[3.384s][info][gc,heap        ] GC(100) PSYoungGen: 42976K(55808K)->30208K(58880K) Eden: 8704K(8704K)->0K(10240K) From: 34272K(47104K)->30208K(48640K)
[3.384s][info][gc,heap        ] GC(100) ParOldGen: 544567K(583168K)->557551K(583168K)
[3.384s][info][gc,metaspace   ] GC(100) Metaspace: 6299K(6464K)->6299K(6464K) NonClass: 5766K(5824K)->5766K(5824K) Class: 533K(640K)->533K(640K)
[3.384s][info][gc             ] GC(100) Pause Young (Allocation Failure) 573M->573M(627M) 20.695ms
[3.384s][info][gc,cpu         ] GC(100) User=0.12s Sys=0.00s Real=0.02s
[3.395s][info][gc,start       ] GC(101) Pause Young (Allocation Failure)
[3.416s][info][gc,heap        ] GC(101) PSYoungGen: 40448K(58880K)->19072K(58880K) Eden: 10240K(10240K)->0K(10240K) From: 30208K(48640K)->19072K(48640K)
[3.416s][info][gc,heap        ] GC(101) ParOldGen: 557551K(583168K)->579199K(583168K)
[3.416s][info][gc,metaspace   ] GC(101) Metaspace: 6299K(6464K)->6299K(6464K) NonClass: 5766K(5824K)->5766K(5824K) Class: 533K(640K)->533K(640K)
[3.416s][info][gc             ] GC(101) Pause Young (Allocation Failure) 583M->584M(627M) 20.590ms
[3.416s][info][gc,cpu         ] GC(101) User=0.11s Sys=0.02s Real=0.02s
[3.416s][info][gc,start       ] GC(102) Pause Full (Ergonomics)
[3.416s][info][gc,phases,start] GC(102) Marking Phase
[3.544s][info][gc,phases      ] GC(102) Marking Phase 128.514ms
[3.545s][info][gc,phases,start] GC(102) Summary Phase
[3.545s][info][gc,phases      ] GC(102) Summary Phase 0.022ms
[3.545s][info][gc,phases,start] GC(102) Adjust Roots
[3.545s][info][gc,phases      ] GC(102) Adjust Roots 0.152ms
[3.545s][info][gc,phases,start] GC(102) Compaction Phase
[3.604s][info][gc,phases      ] GC(102) Compaction Phase 59.188ms
[3.604s][info][gc,phases,start] GC(102) Post Compact
[3.605s][info][gc,phases      ] GC(102) Post Compact 0.920ms
[3.605s][info][gc,heap        ] GC(102) PSYoungGen: 19072K(58880K)->14286K(58880K) Eden: 0K(10240K)->0K(10240K) From: 19072K(48640K)->14286K(48640K)
[3.605s][info][gc,heap        ] GC(102) ParOldGen: 579199K(583168K)->582824K(654848K)
[3.605s][info][gc,metaspace   ] GC(102) Metaspace: 6299K(6464K)->6299K(6464K) NonClass: 5766K(5824K)->5766K(5824K) Class: 533K(640K)->533K(640K)
[3.605s][info][gc             ] GC(102) Pause Full (Ergonomics) 584M->583M(697M) 189.341ms
[3.605s][info][gc,cpu         ] GC(102) User=1.33s Sys=0.00s Real=0.19s
[3.618s][info][gc,start       ] GC(103) Pause Young (Allocation Failure)
[3.654s][info][gc,heap        ] GC(103) PSYoungGen: 24526K(58880K)->10368K(57856K) Eden: 10240K(10240K)->0K(11264K) From: 14286K(48640K)->10368K(46592K)
[3.654s][info][gc,heap        ] GC(103) ParOldGen: 582824K(654848K)->597344K(654848K)
[3.654s][info][gc,metaspace   ] GC(103) Metaspace: 6299K(6464K)->6299K(6464K) NonClass: 5766K(5824K)->5766K(5824K) Class: 533K(640K)->533K(640K)
[3.654s][info][gc             ] GC(103) Pause Young (Allocation Failure) 593M->593M(696M) 36.073ms
[3.654s][info][gc,cpu         ] GC(103) User=0.16s Sys=0.00s Real=0.04s
[3.667s][info][gc,start       ] GC(104) Pause Young (Allocation Failure)
[3.680s][info][gc,heap        ] GC(104) PSYoungGen: 21632K(57856K)->11360K(58368K) Eden: 11264K(11264K)->0K(11264K) From: 10368K(46592K)->11360K(47104K)
[3.680s][info][gc,heap        ] GC(104) ParOldGen: 597344K(654848K)->607744K(654848K)
[3.680s][info][gc,metaspace   ] GC(104) Metaspace: 6299K(6464K)->6299K(6464K) NonClass: 5766K(5824K)->5766K(5824K) Class: 533K(640K)->533K(640K)
[3.680s][info][gc             ] GC(104) Pause Young (Allocation Failure) 604M->604M(696M) 13.431ms
[3.680s][info][gc,cpu         ] GC(104) User=0.02s Sys=0.00s Real=0.01s
[3.695s][info][gc,start       ] GC(105) Pause Young (Allocation Failure)
[3.709s][info][gc,heap        ] GC(105) PSYoungGen: 22624K(58368K)->11360K(58368K) Eden: 11264K(11264K)->0K(12800K) From: 11360K(47104K)->11360K(45568K)
[3.709s][info][gc,heap        ] GC(105) ParOldGen: 607744K(654848K)->619168K(654848K)
[3.709s][info][gc,metaspace   ] GC(105) Metaspace: 6299K(6464K)->6299K(6464K) NonClass: 5766K(5824K)->5766K(5824K) Class: 533K(640K)->533K(640K)
[3.709s][info][gc             ] GC(105) Pause Young (Allocation Failure) 615M->615M(696M) 14.095ms
[3.709s][info][gc,cpu         ] GC(105) User=0.02s Sys=0.00s Real=0.01s
[3.724s][info][gc,start       ] GC(106) Pause Young (Allocation Failure)
[3.739s][info][gc,heap        ] GC(106) PSYoungGen: 24160K(58368K)->12896K(58880K) Eden: 12800K(12800K)->0K(12800K) From: 11360K(45568K)->12896K(46080K)
[3.739s][info][gc,heap        ] GC(106) ParOldGen: 619168K(654848K)->630592K(654848K)
[3.739s][info][gc,metaspace   ] GC(106) Metaspace: 6299K(6464K)->6299K(6464K) NonClass: 5766K(5824K)->5766K(5824K) Class: 533K(640K)->533K(640K)
[3.739s][info][gc             ] GC(106) Pause Young (Allocation Failure) 628M->628M(697M) 14.809ms
[3.739s][info][gc,cpu         ] GC(106) User=0.02s Sys=0.00s Real=0.02s
[3.755s][info][gc,start       ] GC(107) Pause Young (Allocation Failure)
[3.771s][info][gc,heap        ] GC(107) PSYoungGen: 25696K(58880K)->12928K(56320K) Eden: 12800K(12800K)->0K(14336K) From: 12896K(46080K)->12928K(41984K)
[3.771s][info][gc,heap        ] GC(107) ParOldGen: 630592K(654848K)->643584K(654848K)
[3.771s][info][gc,metaspace   ] GC(107) Metaspace: 6299K(6464K)->6299K(6464K) NonClass: 5766K(5824K)->5766K(5824K) Class: 533K(640K)->533K(640K)
[3.771s][info][gc             ] GC(107) Pause Young (Allocation Failure) 640M->641M(694M) 16.549ms
[3.771s][info][gc,cpu         ] GC(107) User=0.02s Sys=0.00s Real=0.02s
[3.771s][info][gc,start       ] GC(108) Pause Full (Ergonomics)
[3.771s][info][gc,phases,start] GC(108) Marking Phase
[3.913s][info][gc,phases      ] GC(108) Marking Phase 141.910ms
[3.913s][info][gc,phases,start] GC(108) Summary Phase
[3.913s][info][gc,phases      ] GC(108) Summary Phase 0.036ms
[3.913s][info][gc,phases,start] GC(108) Adjust Roots
[3.913s][info][gc,phases      ] GC(108) Adjust Roots 0.208ms
[3.913s][info][gc,phases,start] GC(108) Compaction Phase
[3.973s][info][gc,phases      ] GC(108) Compaction Phase 59.986ms
[3.973s][info][gc,phases,start] GC(108) Post Compact
[3.974s][info][gc,phases      ] GC(108) Post Compact 0.996ms
[3.975s][info][gc,heap        ] GC(108) PSYoungGen: 12928K(56320K)->505K(57856K) Eden: 0K(14336K)->0K(15872K) From: 12928K(41984K)->505K(41984K)
[3.975s][info][gc,heap        ] GC(108) ParOldGen: 643584K(654848K)->654820K(729088K)
[3.975s][info][gc,metaspace   ] GC(108) Metaspace: 6299K(6464K)->6299K(6464K) NonClass: 5766K(5824K)->5766K(5824K) Class: 533K(640K)->533K(640K)
[3.975s][info][gc             ] GC(108) Pause Full (Ergonomics) 641M->639M(768M) 203.768ms
[3.975s][info][gc,cpu         ] GC(108) User=1.36s Sys=0.00s Real=0.20s
[3.994s][info][gc,start       ] GC(109) Pause Young (Allocation Failure)
[4.032s][info][gc,heap        ] GC(109) PSYoungGen: 16377K(57856K)->16000K(59392K) Eden: 15872K(15872K)->0K(15872K) From: 505K(41984K)->16000K(43520K)
[4.032s][info][gc,heap        ] GC(109) ParOldGen: 654820K(729088K)->655372K(729088K)
[4.032s][info][gc,metaspace   ] GC(109) Metaspace: 6299K(6464K)->6299K(6464K) NonClass: 5766K(5824K)->5766K(5824K) Class: 533K(640K)->533K(640K)
[4.032s][info][gc             ] GC(109) Pause Young (Allocation Failure) 655M->655M(770M) 38.298ms
[4.032s][info][gc,cpu         ] GC(109) User=0.17s Sys=0.00s Real=0.04s
[4.052s][info][gc,start       ] GC(110) Pause Young (Allocation Failure)
[4.071s][info][gc,heap        ] GC(110) PSYoungGen: 31872K(59392K)->31840K(57344K) Eden: 15872K(15872K)->0K(15360K) From: 16000K(43520K)->31840K(41984K)
[4.071s][info][gc,heap        ] GC(110) ParOldGen: 655372K(729088K)->655372K(729088K)
[4.071s][info][gc,metaspace   ] GC(110) Metaspace: 6299K(6464K)->6299K(6464K) NonClass: 5766K(5824K)->5766K(5824K) Class: 533K(640K)->533K(640K)
[4.071s][info][gc             ] GC(110) Pause Young (Allocation Failure) 671M->671M(768M) 19.093ms
[4.071s][info][gc,cpu         ] GC(110) User=0.05s Sys=0.00s Real=0.02s
[4.091s][info][gc,start       ] GC(111) Pause Young (Allocation Failure)
[4.115s][info][gc,heap        ] GC(111) PSYoungGen: 47200K(57344K)->44544K(59904K) Eden: 15360K(15360K)->0K(15360K) From: 31840K(41984K)->44544K(44544K)
[4.115s][info][gc,heap        ] GC(111) ParOldGen: 655372K(729088K)->658012K(729088K)
[4.115s][info][gc,metaspace   ] GC(111) Metaspace: 6299K(6464K)->6299K(6464K) NonClass: 5766K(5824K)->5766K(5824K) Class: 533K(640K)->533K(640K)
[4.115s][info][gc             ] GC(111) Pause Young (Allocation Failure) 686M->686M(770M) 24.432ms
[4.115s][info][gc,cpu         ] GC(111) User=0.14s Sys=0.00s Real=0.02s
[4.274s][info][gc,start       ] GC(112) Pause Young (Allocation Failure)
[4.320s][info][gc,heap        ] GC(112) PSYoungGen: 59904K(59904K)->29920K(68608K) Eden: 15360K(15360K)->0K(16896K) From: 44544K(44544K)->29920K(51712K)
[4.320s][info][gc,heap        ] GC(112) ParOldGen: 690780K(729088K)->721244K(729088K)
[4.320s][info][gc,metaspace   ] GC(112) Metaspace: 6299K(6464K)->6299K(6464K) NonClass: 5766K(5824K)->5766K(5824K) Class: 533K(640K)->533K(640K)
[4.320s][info][gc             ] GC(112) Pause Young (Allocation Failure) 733M->733M(779M) 45.731ms
[4.320s][info][gc,cpu         ] GC(112) User=0.27s Sys=0.00s Real=0.05s
[4.320s][info][gc,start       ] GC(113) Pause Full (Ergonomics)
[4.320s][info][gc,phases,start] GC(113) Marking Phase
[4.488s][info][gc,phases      ] GC(113) Marking Phase 168.090ms
[4.488s][info][gc,phases,start] GC(113) Summary Phase
[4.488s][info][gc,phases      ] GC(113) Summary Phase 0.023ms
[4.488s][info][gc,phases,start] GC(113) Adjust Roots
[4.488s][info][gc,phases      ] GC(113) Adjust Roots 0.151ms
[4.488s][info][gc,phases,start] GC(113) Compaction Phase
[4.612s][info][gc,phases      ] GC(113) Compaction Phase 123.281ms
[4.612s][info][gc,phases,start] GC(113) Post Compact
[4.613s][info][gc,phases      ] GC(113) Post Compact 1.529ms
[4.614s][info][gc,heap        ] GC(113) PSYoungGen: 29920K(68608K)->5232K(68608K) Eden: 0K(16896K)->0K(16896K) From: 29920K(51712K)->5232K(51712K)
[4.614s][info][gc,heap        ] GC(113) ParOldGen: 721244K(729088K)->728811K(815616K)
[4.614s][info][gc,metaspace   ] GC(113) Metaspace: 6299K(6464K)->6299K(6464K) NonClass: 5766K(5824K)->5766K(5824K) Class: 533K(640K)->533K(640K)
[4.614s][info][gc             ] GC(113) Pause Full (Ergonomics) 733M->716M(863M) 293.712ms
[4.614s][info][gc,cpu         ] GC(113) User=1.78s Sys=0.02s Real=0.29s
[4.635s][info][gc,start       ] GC(114) Pause Young (Allocation Failure)
[4.679s][info][gc,heap        ] GC(114) PSYoungGen: 22128K(68608K)->22272K(39424K) Eden: 16896K(16896K)->0K(16896K) From: 5232K(51712K)->22272K(22528K)
[4.679s][info][gc,heap        ] GC(114) ParOldGen: 728811K(815616K)->728811K(815616K)
[4.679s][info][gc,metaspace   ] GC(114) Metaspace: 6299K(6464K)->6299K(6464K) NonClass: 5766K(5824K)->5766K(5824K) Class: 533K(640K)->533K(640K)
[4.679s][info][gc             ] GC(114) Pause Young (Allocation Failure) 733M->733M(835M) 43.877ms
[4.679s][info][gc,cpu         ] GC(114) User=0.25s Sys=0.00s Real=0.04s
[4.697s][info][gc,start       ] GC(115) Pause Young (Allocation Failure)
[4.718s][info][gc,heap        ] GC(115) PSYoungGen: 39168K(39424K)->39136K(64512K) Eden: 16896K(16896K)->0K(15360K) From: 22272K(22528K)->39136K(49152K)
[4.718s][info][gc,heap        ] GC(115) ParOldGen: 728811K(815616K)->728811K(815616K)
[4.719s][info][gc,metaspace   ] GC(115) Metaspace: 6299K(6464K)->6299K(6464K) NonClass: 5766K(5824K)->5766K(5824K) Class: 533K(640K)->533K(640K)
[4.719s][info][gc             ] GC(115) Pause Young (Allocation Failure) 749M->749M(859M) 22.032ms
[4.719s][info][gc,cpu         ] GC(115) User=0.05s Sys=0.00s Real=0.02s
[4.735s][info][gc,start       ] GC(116) Pause Young (Allocation Failure)
[4.762s][info][gc,heap        ] GC(116) PSYoungGen: 54496K(64512K)->52224K(67584K) Eden: 15360K(15360K)->0K(15360K) From: 39136K(49152K)->52224K(52224K)
[4.762s][info][gc,heap        ] GC(116) ParOldGen: 728811K(815616K)->731051K(815616K)
[4.762s][info][gc,metaspace   ] GC(116) Metaspace: 6299K(6464K)->6299K(6464K) NonClass: 5766K(5824K)->5766K(5824K) Class: 533K(640K)->533K(640K)
[4.762s][info][gc             ] GC(116) Pause Young (Allocation Failure) 764M->764M(862M) 27.325ms
[4.762s][info][gc,cpu         ] GC(116) User=0.03s Sys=0.00s Real=0.03s
[4.778s][info][gc,start       ] GC(117) Pause Young (Allocation Failure)
[4.812s][info][gc,heap        ] GC(117) PSYoungGen: 67584K(67584K)->60416K(65536K) Eden: 15360K(15360K)->0K(5120K) From: 52224K(52224K)->60416K(60416K)
[4.812s][info][gc,heap        ] GC(117) ParOldGen: 731051K(815616K)->738339K(815616K)
[4.812s][info][gc,metaspace   ] GC(117) Metaspace: 6299K(6464K)->6299K(6464K) NonClass: 5766K(5824K)->5766K(5824K) Class: 533K(640K)->533K(640K)
[4.812s][info][gc             ] GC(117) Pause Young (Allocation Failure) 779M->780M(860M) 34.512ms
[4.812s][info][gc,cpu         ] GC(117) User=0.19s Sys=0.08s Real=0.04s
[4.818s][info][gc,start       ] GC(118) Pause Young (Allocation Failure)
[4.850s][info][gc,heap        ] GC(118) PSYoungGen: 65535K(65536K)->34496K(39936K) Eden: 5119K(5120K)->0K(5120K) From: 60416K(60416K)->34496K(34816K)
[4.850s][info][gc,heap        ] GC(118) ParOldGen: 738339K(815616K)->769875K(815616K)
[4.850s][info][gc,metaspace   ] GC(118) Metaspace: 6299K(6464K)->6299K(6464K) NonClass: 5766K(5824K)->5766K(5824K) Class: 533K(640K)->533K(640K)
[4.850s][info][gc             ] GC(118) Pause Young (Allocation Failure) 785M->785M(835M) 32.731ms
[4.850s][info][gc,cpu         ] GC(118) User=0.17s Sys=0.06s Real=0.03s
[4.856s][info][gc,start       ] GC(119) Pause Young (Allocation Failure)
[4.877s][info][gc,heap        ] GC(119) PSYoungGen: 39616K(39936K)->10336K(75264K) Eden: 5120K(5120K)->0K(6144K) From: 34496K(34816K)->10336K(69120K)
[4.877s][info][gc,heap        ] GC(119) ParOldGen: 769875K(815616K)->799531K(815616K)
[4.877s][info][gc,metaspace   ] GC(119) Metaspace: 6299K(6464K)->6299K(6464K) NonClass: 5766K(5824K)->5766K(5824K) Class: 533K(640K)->533K(640K)
[4.877s][info][gc             ] GC(119) Pause Young (Allocation Failure) 790M->790M(870M) 20.982ms
[4.877s][info][gc,cpu         ] GC(119) User=0.11s Sys=0.02s Real=0.02s
[4.877s][info][gc,start       ] GC(120) Pause Full (Ergonomics)
[4.877s][info][gc,phases,start] GC(120) Marking Phase
[5.062s][info][gc,phases      ] GC(120) Marking Phase 185.730ms
[5.063s][info][gc,phases,start] GC(120) Summary Phase
[5.063s][info][gc,phases      ] GC(120) Summary Phase 0.027ms
[5.063s][info][gc,phases,start] GC(120) Adjust Roots
[5.063s][info][gc,phases      ] GC(120) Adjust Roots 0.163ms
[5.063s][info][gc,phases,start] GC(120) Compaction Phase
[5.143s][info][gc,phases      ] GC(120) Compaction Phase 79.730ms
[5.143s][info][gc,phases,start] GC(120) Post Compact
[5.144s][info][gc,phases      ] GC(120) Post Compact 1.242ms
[5.144s][info][gc,heap        ] GC(120) PSYoungGen: 10336K(75264K)->0K(75264K) Eden: 0K(6144K)->0K(6144K) From: 10336K(69120K)->0K(69120K)
[5.144s][info][gc,heap        ] GC(120) ParOldGen: 799531K(815616K)->808610K(909312K)
[5.144s][info][gc,metaspace   ] GC(120) Metaspace: 6299K(6464K)->6299K(6464K) NonClass: 5766K(5824K)->5766K(5824K) Class: 533K(640K)->533K(640K)
[5.144s][info][gc             ] GC(120) Pause Full (Ergonomics) 790M->789M(961M) 267.480ms
[5.144s][info][gc,cpu         ] GC(120) User=1.75s Sys=0.02s Real=0.27s
[5.153s][info][gc,start       ] GC(121) Pause Young (Allocation Failure)
[5.163s][info][gc,heap        ] GC(121) PSYoungGen: 6144K(75264K)->6240K(76288K) Eden: 6144K(6144K)->0K(7168K) From: 0K(69120K)->6240K(69120K)
[5.164s][info][gc,heap        ] GC(121) ParOldGen: 808610K(909312K)->808610K(909312K)
[5.164s][info][gc,metaspace   ] GC(121) Metaspace: 6299K(6464K)->6299K(6464K) NonClass: 5766K(5824K)->5766K(5824K) Class: 533K(640K)->533K(640K)
[5.164s][info][gc             ] GC(121) Pause Young (Allocation Failure) 795M->795M(962M) 10.778ms
[5.164s][info][gc,cpu         ] GC(121) User=0.00s Sys=0.00s Real=0.01s
[5.171s][info][gc,start       ] GC(122) Pause Young (Allocation Failure)
[5.182s][info][gc,heap        ] GC(122) PSYoungGen: 13408K(76288K)->7264K(76288K) Eden: 7168K(7168K)->0K(7168K) From: 6240K(69120K)->7264K(69120K)
[5.182s][info][gc,heap        ] GC(122) ParOldGen: 808610K(909312K)->814842K(909312K)
[5.182s][info][gc,metaspace   ] GC(122) Metaspace: 6299K(6464K)->6299K(6464K) NonClass: 5766K(5824K)->5766K(5824K) Class: 533K(640K)->533K(640K)
[5.182s][info][gc             ] GC(122) Pause Young (Allocation Failure) 802M->802M(962M) 10.725ms
[5.182s][info][gc,cpu         ] GC(122) User=0.00s Sys=0.00s Real=0.01s
[5.189s][info][gc,start       ] GC(123) Pause Young (Allocation Failure)
[5.201s][info][gc,heap        ] GC(123) PSYoungGen: 14432K(76288K)->7296K(74752K) Eden: 7168K(7168K)->0K(8192K) From: 7264K(69120K)->7296K(66560K)
[5.201s][info][gc,heap        ] GC(123) ParOldGen: 814842K(909312K)->822114K(909312K)
[5.201s][info][gc,metaspace   ] GC(123) Metaspace: 6299K(6464K)->6299K(6464K) NonClass: 5766K(5824K)->5766K(5824K) Class: 533K(640K)->533K(640K)
[5.201s][info][gc             ] GC(123) Pause Young (Allocation Failure) 809M->809M(961M) 12.227ms
[5.201s][info][gc,cpu         ] GC(123) User=0.00s Sys=0.00s Real=0.01s
[5.210s][info][gc,start       ] GC(124) Pause Young (Allocation Failure)
[5.223s][info][gc,heap        ] GC(124) PSYoungGen: 15488K(74752K)->8288K(16896K) Eden: 8192K(8192K)->0K(8192K) From: 7296K(66560K)->8288K(8704K)
[5.223s][info][gc,heap        ] GC(124) ParOldGen: 822114K(909312K)->829378K(909312K)
[5.223s][info][gc,metaspace   ] GC(124) Metaspace: 6299K(6464K)->6299K(6464K) NonClass: 5766K(5824K)->5766K(5824K) Class: 533K(640K)->533K(640K)
[5.223s][info][gc             ] GC(124) Pause Young (Allocation Failure) 817M->818M(904M) 13.370ms
[5.223s][info][gc,cpu         ] GC(124) User=0.02s Sys=0.00s Real=0.01s
[5.232s][info][gc,start       ] GC(125) Pause Young (Allocation Failure)
[5.244s][info][gc,heap        ] GC(125) PSYoungGen: 16480K(16896K)->8288K(71168K) Eden: 8192K(8192K)->0K(9728K) From: 8288K(8704K)->8288K(61440K)
[5.244s][info][gc,heap        ] GC(125) ParOldGen: 829378K(909312K)->837706K(909312K)
[5.244s][info][gc,metaspace   ] GC(125) Metaspace: 6299K(6464K)->6299K(6464K) NonClass: 5766K(5824K)->5766K(5824K) Class: 533K(640K)->533K(640K)
[5.244s][info][gc             ] GC(125) Pause Young (Allocation Failure) 826M->826M(957M) 11.829ms
[5.244s][info][gc,cpu         ] GC(125) User=0.02s Sys=0.00s Real=0.01s
[5.254s][info][gc,start       ] GC(126) Pause Young (Allocation Failure)
[5.268s][info][gc,heap        ] GC(126) PSYoungGen: 18016K(71168K)->9856K(19968K) Eden: 9728K(9728K)->0K(9728K) From: 8288K(61440K)->9856K(10240K)
[5.268s][info][gc,heap        ] GC(126) ParOldGen: 837706K(909312K)->846010K(909312K)
[5.268s][info][gc,metaspace   ] GC(126) Metaspace: 6299K(6464K)->6299K(6464K) NonClass: 5766K(5824K)->5766K(5824K) Class: 533K(640K)->533K(640K)
[5.268s][info][gc             ] GC(126) Pause Young (Allocation Failure) 835M->835M(907M) 13.727ms
[5.268s][info][gc,cpu         ] GC(126) User=0.02s Sys=0.00s Real=0.01s
[5.279s][info][gc,start       ] GC(127) Pause Young (Allocation Failure)
[5.293s][info][gc,heap        ] GC(127) PSYoungGen: 19584K(19968K)->9824K(67584K) Eden: 9728K(9728K)->0K(11264K) From: 9856K(10240K)->9824K(56320K)
[5.293s][info][gc,heap        ] GC(127) ParOldGen: 846010K(909312K)->855874K(909312K)
[5.293s][info][gc,metaspace   ] GC(127) Metaspace: 6299K(6464K)->6299K(6464K) NonClass: 5766K(5824K)->5766K(5824K) Class: 533K(640K)->533K(640K)
[5.293s][info][gc             ] GC(127) Pause Young (Allocation Failure) 845M->845M(954M) 14.396ms
[5.293s][info][gc,cpu         ] GC(127) User=0.02s Sys=0.00s Real=0.01s
[5.305s][info][gc,start       ] GC(128) Pause Young (Allocation Failure)
[5.321s][info][gc,heap        ] GC(128) PSYoungGen: 21088K(67584K)->11424K(23040K) Eden: 11264K(11264K)->0K(11264K) From: 9824K(56320K)->11424K(11776K)
[5.322s][info][gc,heap        ] GC(128) ParOldGen: 855874K(909312K)->865738K(909312K)
[5.322s][info][gc,metaspace   ] GC(128) Metaspace: 6299K(6464K)->6299K(6464K) NonClass: 5766K(5824K)->5766K(5824K) Class: 533K(640K)->533K(640K)
[5.322s][info][gc             ] GC(128) Pause Young (Allocation Failure) 856M->856M(910M) 16.602ms
[5.322s][info][gc,cpu         ] GC(128) User=0.02s Sys=0.00s Real=0.02s
[5.334s][info][gc,start       ] GC(129) Pause Young (Allocation Failure)
[5.352s][info][gc,heap        ] GC(129) PSYoungGen: 22688K(23040K)->11392K(62976K) Eden: 11264K(11264K)->0K(12800K) From: 11424K(11776K)->11392K(50176K)
[5.352s][info][gc,heap        ] GC(129) ParOldGen: 865738K(909312K)->877162K(909312K)
[5.352s][info][gc,metaspace   ] GC(129) Metaspace: 6299K(6464K)->6299K(6464K) NonClass: 5766K(5824K)->5766K(5824K) Class: 533K(640K)->533K(640K)
[5.352s][info][gc             ] GC(129) Pause Young (Allocation Failure) 867M->867M(949M) 17.238ms
[5.352s][info][gc,cpu         ] GC(129) User=0.02s Sys=0.00s Real=0.02s
[5.365s][info][gc,start       ] GC(130) Pause Young (Allocation Failure)
[5.382s][info][gc,heap        ] GC(130) PSYoungGen: 24192K(62976K)->12960K(26112K) Eden: 12800K(12800K)->0K(12800K) From: 11392K(50176K)->12960K(13312K)
[5.382s][info][gc,heap        ] GC(130) ParOldGen: 877162K(909312K)->888578K(909312K)
[5.382s][info][gc,metaspace   ] GC(130) Metaspace: 6299K(6464K)->6299K(6464K) NonClass: 5766K(5824K)->5766K(5824K) Class: 533K(640K)->533K(640K)
[5.382s][info][gc             ] GC(130) Pause Young (Allocation Failure) 880M->880M(913M) 16.436ms
[5.382s][info][gc,cpu         ] GC(130) User=0.02s Sys=0.00s Real=0.02s
[5.382s][info][gc,start       ] GC(131) Pause Full (Ergonomics)
[5.382s][info][gc,phases,start] GC(131) Marking Phase
[5.585s][info][gc,phases      ] GC(131) Marking Phase 203.355ms
[5.585s][info][gc,phases,start] GC(131) Summary Phase
[5.585s][info][gc,phases      ] GC(131) Summary Phase 0.036ms
[5.585s][info][gc,phases,start] GC(131) Adjust Roots
[5.586s][info][gc,phases      ] GC(131) Adjust Roots 0.182ms
[5.586s][info][gc,phases,start] GC(131) Compaction Phase
[5.680s][info][gc,phases      ] GC(131) Compaction Phase 94.222ms
[5.680s][info][gc,phases,start] GC(131) Post Compact
[5.681s][info][gc,phases      ] GC(131) Post Compact 1.509ms
[5.682s][info][gc,heap        ] GC(131) PSYoungGen: 12960K(26112K)->0K(65024K) Eden: 0K(12800K)->0K(14336K) From: 12960K(13312K)->0K(50688K)
[5.682s][info][gc,heap        ] GC(131) ParOldGen: 888578K(909312K)->899939K(993792K)
[5.682s][info][gc,metaspace   ] GC(131) Metaspace: 6299K(6464K)->6299K(6464K) NonClass: 5766K(5824K)->5766K(5824K) Class: 533K(640K)->533K(640K)
[5.682s][info][gc             ] GC(131) Pause Full (Ergonomics) 880M->878M(1034M) 299.940ms
[5.682s][info][gc,cpu         ] GC(131) User=1.94s Sys=0.00s Real=0.30s
[5.699s][info][gc,start       ] GC(132) Pause Young (Allocation Failure)
[5.714s][info][gc,heap        ] GC(132) PSYoungGen: 14336K(65024K)->14496K(29184K) Eden: 14336K(14336K)->0K(14336K) From: 0K(50688K)->14496K(14848K)
[5.714s][info][gc,heap        ] GC(132) ParOldGen: 899939K(993792K)->899939K(993792K)
[5.714s][info][gc,metaspace   ] GC(132) Metaspace: 6299K(6464K)->6299K(6464K) NonClass: 5766K(5824K)->5766K(5824K) Class: 533K(640K)->533K(640K)
[5.714s][info][gc             ] GC(132) Pause Young (Allocation Failure) 892M->893M(999M) 14.508ms
[5.714s][info][gc,cpu         ] GC(132) User=0.02s Sys=0.00s Real=0.01s
[5.730s][info][gc,start       ] GC(133) Pause Young (Allocation Failure)
[5.747s][info][gc,heap        ] GC(133) PSYoungGen: 28832K(29184K)->28768K(61952K) Eden: 14336K(14336K)->0K(14336K) From: 14496K(14848K)->28768K(47616K)
[5.747s][info][gc,heap        ] GC(133) ParOldGen: 899939K(993792K)->899939K(993792K)
[5.747s][info][gc,metaspace   ] GC(133) Metaspace: 6299K(6464K)->6299K(6464K) NonClass: 5766K(5824K)->5766K(5824K) Class: 533K(640K)->533K(640K)
[5.747s][info][gc             ] GC(133) Pause Young (Allocation Failure) 907M->906M(1031M) 17.609ms
[5.747s][info][gc,cpu         ] GC(133) User=0.03s Sys=0.00s Real=0.02s
[5.763s][info][gc,start       ] GC(134) Pause Young (Allocation Failure)
[5.786s][info][gc,heap        ] GC(134) PSYoungGen: 43104K(61952K)->43136K(63488K) Eden: 14336K(14336K)->0K(14336K) From: 28768K(47616K)->43136K(49152K)
[5.786s][info][gc,heap        ] GC(134) ParOldGen: 899939K(993792K)->899939K(993792K)
[5.786s][info][gc,metaspace   ] GC(134) Metaspace: 6299K(6464K)->6299K(6464K) NonClass: 5766K(5824K)->5766K(5824K) Class: 533K(640K)->533K(640K)
[5.786s][info][gc             ] GC(134) Pause Young (Allocation Failure) 920M->920M(1032M) 22.930ms
[5.786s][info][gc,cpu         ] GC(134) User=0.14s Sys=0.00s Real=0.02s
[5.803s][info][gc,start       ] GC(135) Pause Young (Allocation Failure)
[5.836s][info][gc,heap        ] GC(135) PSYoungGen: 57472K(63488K)->43104K(66048K) Eden: 14336K(14336K)->0K(10752K) From: 43136K(49152K)->43104K(55296K)
[5.836s][info][gc,heap        ] GC(135) ParOldGen: 899939K(993792K)->914483K(993792K)
[5.837s][info][gc,metaspace   ] GC(135) Metaspace: 6299K(6464K)->6299K(6464K) NonClass: 5766K(5824K)->5766K(5824K) Class: 533K(640K)->533K(640K)
[5.837s][info][gc             ] GC(135) Pause Young (Allocation Failure) 934M->935M(1035M) 33.987ms
[5.837s][info][gc,cpu         ] GC(135) User=0.09s Sys=0.02s Real=0.03s
[5.849s][info][gc,start       ] GC(136) Pause Young (Allocation Failure)
[5.878s][info][gc,heap        ] GC(136) PSYoungGen: 53856K(66048K)->39520K(71168K) Eden: 10752K(10752K)->0K(10752K) From: 43104K(55296K)->39520K(60416K)
[5.878s][info][gc,heap        ] GC(136) ParOldGen: 914483K(993792K)->929035K(993792K)
[5.878s][info][gc,metaspace   ] GC(136) Metaspace: 6299K(6464K)->6299K(6464K) NonClass: 5766K(5824K)->5766K(5824K) Class: 533K(640K)->533K(640K)
[5.878s][info][gc             ] GC(136) Pause Young (Allocation Failure) 945M->945M(1040M) 29.056ms
[5.878s][info][gc,cpu         ] GC(136) User=0.12s Sys=0.00s Real=0.03s
[5.891s][info][gc,start       ] GC(137) Pause Young (Allocation Failure)
[5.917s][info][gc,heap        ] GC(137) PSYoungGen: 50272K(71168K)->21632K(68096K) Eden: 10752K(10752K)->0K(12288K) From: 39520K(60416K)->21632K(55808K)
[5.917s][info][gc,heap        ] GC(137) ParOldGen: 929035K(993792K)->958067K(993792K)
[5.917s][info][gc,metaspace   ] GC(137) Metaspace: 6299K(6464K)->6299K(6464K) NonClass: 5766K(5824K)->5766K(5824K) Class: 533K(640K)->533K(640K)
[5.917s][info][gc             ] GC(137) Pause Young (Allocation Failure) 956M->956M(1037M) 25.641ms
[5.917s][info][gc,cpu         ] GC(137) User=0.12s Sys=0.00s Real=0.03s
[5.931s][info][gc,start       ] GC(138) Pause Young (Allocation Failure)
[5.951s][info][gc,heap        ] GC(138) PSYoungGen: 33920K(68096K)->12384K(71680K) Eden: 12288K(12288K)->0K(12288K) From: 21632K(55808K)->12384K(59392K)
[5.951s][info][gc,heap        ] GC(138) ParOldGen: 958067K(993792K)->979827K(993792K)
[5.951s][info][gc,metaspace   ] GC(138) Metaspace: 6299K(6464K)->6299K(6464K) NonClass: 5766K(5824K)->5766K(5824K) Class: 533K(640K)->533K(640K)
[5.951s][info][gc             ] GC(138) Pause Young (Allocation Failure) 968M->968M(1040M) 20.354ms
[5.951s][info][gc,cpu         ] GC(138) User=0.02s Sys=0.00s Real=0.02s
[5.951s][info][gc,start       ] GC(139) Pause Full (Ergonomics)
[5.951s][info][gc,phases,start] GC(139) Marking Phase
[6.187s][info][gc,phases      ] GC(139) Marking Phase 235.751ms
[6.187s][info][gc,phases,start] GC(139) Summary Phase
[6.187s][info][gc,phases      ] GC(139) Summary Phase 0.030ms
[6.187s][info][gc,phases,start] GC(139) Adjust Roots
[6.187s][info][gc,phases      ] GC(139) Adjust Roots 0.171ms
[6.187s][info][gc,phases,start] GC(139) Compaction Phase
[6.284s][info][gc,phases      ] GC(139) Compaction Phase 96.794ms
[6.284s][info][gc,phases,start] GC(139) Post Compact
[6.286s][info][gc,phases      ] GC(139) Post Compact 1.669ms
[6.286s][info][gc,heap        ] GC(139) PSYoungGen: 12384K(71680K)->0K(71680K) Eden: 0K(12288K)->0K(13824K) From: 12384K(59392K)->0K(57856K)
[6.286s][info][gc,heap        ] GC(139) ParOldGen: 979827K(993792K)->990842K(1101312K)
[6.286s][info][gc,metaspace   ] GC(139) Metaspace: 6299K(6464K)->6299K(6464K) NonClass: 5766K(5824K)->5766K(5824K) Class: 533K(640K)->533K(640K)
[6.286s][info][gc             ] GC(139) Pause Full (Ergonomics) 968M->967M(1145M) 335.231ms
[6.286s][info][gc,cpu         ] GC(139) User=2.25s Sys=0.00s Real=0.34s
[6.303s][info][gc,start       ] GC(140) Pause Young (Allocation Failure)
[6.316s][info][gc,heap        ] GC(140) PSYoungGen: 13824K(71680K)->13952K(28160K) Eden: 13824K(13824K)->0K(13824K) From: 0K(57856K)->13952K(14336K)
[6.316s][info][gc,heap        ] GC(140) ParOldGen: 990842K(1101312K)->990842K(1101312K)
[6.316s][info][gc,metaspace   ] GC(140) Metaspace: 6299K(6464K)->6299K(6464K) NonClass: 5766K(5824K)->5766K(5824K) Class: 533K(640K)->533K(640K)
[6.316s][info][gc             ] GC(140) Pause Young (Allocation Failure) 981M->981M(1103M) 13.535ms
[6.316s][info][gc,cpu         ] GC(140) User=0.00s Sys=0.00s Real=0.01s
[6.332s][info][gc,start       ] GC(141) Pause Young (Allocation Failure)
[6.350s][info][gc,heap        ] GC(141) PSYoungGen: 27776K(28160K)->27776K(69120K) Eden: 13824K(13824K)->0K(15360K) From: 13952K(14336K)->27776K(53760K)
[6.350s][info][gc,heap        ] GC(141) ParOldGen: 990842K(1101312K)->990842K(1101312K)
[6.350s][info][gc,metaspace   ] GC(141) Metaspace: 6299K(6464K)->6299K(6464K) NonClass: 5766K(5824K)->5766K(5824K) Class: 533K(640K)->533K(640K)
[6.350s][info][gc             ] GC(141) Pause Young (Allocation Failure) 994M->994M(1143M) 17.933ms
[6.350s][info][gc,cpu         ] GC(141) User=0.03s Sys=0.00s Real=0.02s
[6.368s][info][gc,start       ] GC(142) Pause Young (Allocation Failure)
[6.391s][info][gc,heap        ] GC(142) PSYoungGen: 43136K(69120K)->43072K(70144K) Eden: 15360K(15360K)->0K(15360K) From: 27776K(53760K)->43072K(54784K)
[6.391s][info][gc,heap        ] GC(142) ParOldGen: 990842K(1101312K)->990842K(1101312K)
[6.391s][info][gc,metaspace   ] GC(142) Metaspace: 6299K(6464K)->6299K(6464K) NonClass: 5766K(5824K)->5766K(5824K) Class: 533K(640K)->533K(640K)
[6.391s][info][gc             ] GC(142) Pause Young (Allocation Failure) 1009M->1009M(1144M) 22.510ms
[6.391s][info][gc,cpu         ] GC(142) User=0.11s Sys=0.02s Real=0.02s
[6.407s][info][gc,start       ] GC(143) Pause Young (Allocation Failure)
[6.437s][info][gc,heap        ] GC(143) PSYoungGen: 58432K(70144K)->44672K(71680K) Eden: 15360K(15360K)->0K(12800K) From: 43072K(54784K)->44672K(58880K)
[6.437s][info][gc,heap        ] GC(143) ParOldGen: 990842K(1101312K)->1004866K(1101312K)
[6.437s][info][gc,metaspace   ] GC(143) Metaspace: 6299K(6464K)->6299K(6464K) NonClass: 5766K(5824K)->5766K(5824K) Class: 533K(640K)->533K(640K)
[6.437s][info][gc             ] GC(143) Pause Young (Allocation Failure) 1024M->1024M(1145M) 29.719ms
[6.437s][info][gc,cpu         ] GC(143) User=0.12s Sys=0.00s Real=0.03s
[6.450s][info][gc,start       ] GC(144) Pause Young (Allocation Failure)
[6.478s][info][gc,heap        ] GC(144) PSYoungGen: 57472K(71680K)->43648K(75776K) Eden: 12800K(12800K)->0K(12800K) From: 44672K(58880K)->43648K(62976K)
[6.479s][info][gc,heap        ] GC(144) ParOldGen: 1004866K(1101312K)->1018890K(1101312K)
[6.479s][info][gc,metaspace   ] GC(144) Metaspace: 6299K(6464K)->6299K(6464K) NonClass: 5766K(5824K)->5766K(5824K) Class: 533K(640K)->533K(640K)
[6.479s][info][gc             ] GC(144) Pause Young (Allocation Failure) 1037M->1037M(1149M) 28.334ms
[6.479s][info][gc,cpu         ] GC(144) User=0.14s Sys=0.00s Real=0.03s
[6.493s][info][gc,start       ] GC(145) Pause Young (Allocation Failure)
[6.522s][info][gc,heap        ] GC(145) PSYoungGen: 56448K(75776K)->41120K(78848K) Eden: 12800K(12800K)->0K(13312K) From: 43648K(62976K)->41120K(65536K)
[6.522s][info][gc,heap        ] GC(145) ParOldGen: 1018890K(1101312K)->1034458K(1101312K)
[6.522s][info][gc,metaspace   ] GC(145) Metaspace: 6299K(6464K)->6299K(6464K) NonClass: 5766K(5824K)->5766K(5824K) Class: 533K(640K)->533K(640K)
[6.522s][info][gc             ] GC(145) Pause Young (Allocation Failure) 1050M->1050M(1152M) 28.535ms
[6.522s][info][gc,cpu         ] GC(145) User=0.12s Sys=0.02s Real=0.03s
[6.536s][info][gc,start       ] GC(146) Pause Young (Allocation Failure)
[6.564s][info][gc,heap        ] GC(146) PSYoungGen: 54432K(78848K)->26208K(39936K) Eden: 13312K(13312K)->0K(13312K) From: 41120K(65536K)->26208K(26624K)
[6.565s][info][gc,heap        ] GC(146) ParOldGen: 1034458K(1101312K)->1062970K(1101312K)
[6.565s][info][gc,metaspace   ] GC(146) Metaspace: 6299K(6464K)->6299K(6464K) NonClass: 5766K(5824K)->5766K(5824K) Class: 533K(640K)->533K(640K)
[6.565s][info][gc             ] GC(146) Pause Young (Allocation Failure) 1063M->1063M(1114M) 28.291ms
[6.565s][info][gc,cpu         ] GC(146) User=0.12s Sys=0.02s Real=0.03s
[6.580s][info][gc,start       ] GC(147) Pause Young (Allocation Failure)
[6.604s][info][gc,heap        ] GC(147) PSYoungGen: 39520K(39936K)->13440K(77824K) Eden: 13312K(13312K)->0K(15360K) From: 26208K(26624K)->13440K(62464K)
[6.604s][info][gc,heap        ] GC(147) ParOldGen: 1062970K(1101312K)->1089426K(1101312K)
[6.604s][info][gc,metaspace   ] GC(147) Metaspace: 6299K(6464K)->6299K(6464K) NonClass: 5766K(5824K)->5766K(5824K) Class: 533K(640K)->533K(640K)
[6.604s][info][gc             ] GC(147) Pause Young (Allocation Failure) 1076M->1077M(1151M) 24.485ms
[6.604s][info][gc,cpu         ] GC(147) User=0.08s Sys=0.02s Real=0.02s
[6.604s][info][gc,start       ] GC(148) Pause Full (Ergonomics)
[6.604s][info][gc,phases,start] GC(148) Marking Phase
[6.859s][info][gc,phases      ] GC(148) Marking Phase 254.794ms
[6.859s][info][gc,phases,start] GC(148) Summary Phase
[6.859s][info][gc,phases      ] GC(148) Summary Phase 0.039ms
[6.859s][info][gc,phases,start] GC(148) Adjust Roots
[6.860s][info][gc,phases      ] GC(148) Adjust Roots 0.188ms
[6.860s][info][gc,phases,start] GC(148) Compaction Phase
[6.969s][info][gc,phases      ] GC(148) Compaction Phase 109.391ms
[6.969s][info][gc,phases,start] GC(148) Post Compact
[6.971s][info][gc,phases      ] GC(148) Post Compact 1.966ms
[6.972s][info][gc,heap        ] GC(148) PSYoungGen: 13440K(77824K)->0K(78336K) Eden: 0K(15360K)->0K(15360K) From: 13440K(62464K)->0K(62976K)
[6.972s][info][gc,heap        ] GC(148) ParOldGen: 1089426K(1101312K)->1101184K(1225728K)
[6.972s][info][gc,metaspace   ] GC(148) Metaspace: 6299K(6464K)->6299K(6464K) NonClass: 5766K(5824K)->5766K(5824K) Class: 533K(640K)->533K(640K)
[6.972s][info][gc             ] GC(148) Pause Full (Ergonomics) 1077M->1075M(1273M) 367.325ms
[6.972s][info][gc,cpu         ] GC(148) User=2.59s Sys=0.03s Real=0.37s
[6.989s][info][gc,start       ] GC(149) Pause Young (Allocation Failure)
[7.002s][info][gc,heap        ] GC(149) PSYoungGen: 15360K(78336K)->15520K(76288K) Eden: 15360K(15360K)->0K(16896K) From: 0K(62976K)->15520K(59392K)
[7.002s][info][gc,heap        ] GC(149) ParOldGen: 1101184K(1225728K)->1101184K(1225728K)
[7.002s][info][gc,metaspace   ] GC(149) Metaspace: 6299K(6464K)->6299K(6464K) NonClass: 5766K(5824K)->5766K(5824K) Class: 533K(640K)->533K(640K)
[7.002s][info][gc             ] GC(149) Pause Young (Allocation Failure) 1090M->1090M(1271M) 13.786ms
[7.002s][info][gc,cpu         ] GC(149) User=0.02s Sys=0.00s Real=0.01s
[7.020s][info][gc,start       ] GC(150) Pause Young (Allocation Failure)
[7.040s][info][gc,heap        ] GC(150) PSYoungGen: 32416K(76288K)->32384K(78336K) Eden: 16896K(16896K)->0K(16896K) From: 15520K(59392K)->32384K(61440K)
[7.040s][info][gc,heap        ] GC(150) ParOldGen: 1101184K(1225728K)->1101184K(1225728K)
[7.040s][info][gc,metaspace   ] GC(150) Metaspace: 6299K(6464K)->6299K(6464K) NonClass: 5766K(5824K)->5766K(5824K) Class: 533K(640K)->533K(640K)
[7.040s][info][gc             ] GC(150) Pause Young (Allocation Failure) 1107M->1107M(1273M) 19.293ms
[7.040s][info][gc,cpu         ] GC(150) User=0.03s Sys=0.00s Real=0.02s
[7.059s][info][gc,start       ] GC(151) Pause Young (Allocation Failure)
[7.084s][info][gc,heap        ] GC(151) PSYoungGen: 49280K(78336K)->49312K(74752K) Eden: 16896K(16896K)->0K(14336K) From: 32384K(61440K)->49312K(60416K)
[7.084s][info][gc,heap        ] GC(151) ParOldGen: 1101184K(1225728K)->1101184K(1225728K)
[7.084s][info][gc,metaspace   ] GC(151) Metaspace: 6299K(6464K)->6299K(6464K) NonClass: 5766K(5824K)->5766K(5824K) Class: 533K(640K)->533K(640K)
[7.084s][info][gc             ] GC(151) Pause Young (Allocation Failure) 1123M->1123M(1270M) 25.069ms
[7.084s][info][gc,cpu         ] GC(151) User=0.14s Sys=0.00s Real=0.03s
[7.102s][info][gc,start       ] GC(152) Pause Young (Allocation Failure)
[7.133s][info][gc,heap        ] GC(152) PSYoungGen: 63648K(74752K)->48288K(79360K) Eden: 14336K(14336K)->0K(14336K) From: 49312K(60416K)->48288K(65024K)
[7.133s][info][gc,heap        ] GC(152) ParOldGen: 1101184K(1225728K)->1116744K(1225728K)
[7.133s][info][gc,metaspace   ] GC(152) Metaspace: 6299K(6464K)->6299K(6464K) NonClass: 5766K(5824K)->5766K(5824K) Class: 533K(640K)->533K(640K)
[7.133s][info][gc             ] GC(152) Pause Young (Allocation Failure) 1137M->1137M(1274M) 31.193ms
[7.133s][info][gc,cpu         ] GC(152) User=0.14s Sys=0.00s Real=0.03s
[7.149s][info][gc,start       ] GC(153) Pause Young (Allocation Failure)
[7.182s][info][gc,heap        ] GC(153) PSYoungGen: 62624K(79360K)->45664K(83456K) Eden: 14336K(14336K)->0K(14848K) From: 48288K(65024K)->45664K(68608K)
[7.182s][info][gc,heap        ] GC(153) ParOldGen: 1116744K(1225728K)->1133880K(1225728K)
[7.182s][info][gc,metaspace   ] GC(153) Metaspace: 6299K(6464K)->6299K(6464K) NonClass: 5766K(5824K)->5766K(5824K) Class: 533K(640K)->533K(640K)
[7.182s][info][gc             ] GC(153) Pause Young (Allocation Failure) 1151M->1151M(1278M) 33.215ms
[7.182s][info][gc,cpu         ] GC(153) User=0.16s Sys=0.00s Real=0.03s
[7.200s][info][gc,start       ] GC(154) Pause Young (Allocation Failure)
[7.236s][info][gc,heap        ] GC(154) PSYoungGen: 60512K(83456K)->43648K(84992K) Eden: 14848K(14848K)->0K(14848K) From: 45664K(68608K)->43648K(70144K)
[7.236s][info][gc,heap        ] GC(154) ParOldGen: 1133880K(1225728K)->1151008K(1225728K)
[7.236s][info][gc,metaspace   ] GC(154) Metaspace: 6299K(6464K)->6299K(6464K) NonClass: 5766K(5824K)->5766K(5824K) Class: 533K(640K)->533K(640K)
[7.236s][info][gc             ] GC(154) Pause Young (Allocation Failure) 1166M->1166M(1280M) 36.222ms
[7.237s][info][gc,cpu         ] GC(154) User=0.22s Sys=0.00s Real=0.04s
[7.256s][info][gc,start       ] GC(155) Pause Young (Allocation Failure)
[7.289s][info][gc,heap        ] GC(155) PSYoungGen: 58496K(84992K)->29856K(81408K) Eden: 14848K(14848K)->0K(16896K) From: 43648K(70144K)->29856K(64512K)
[7.289s][info][gc,heap        ] GC(155) ParOldGen: 1151008K(1225728K)->1180064K(1225728K)
[7.289s][info][gc,metaspace   ] GC(155) Metaspace: 6299K(6464K)->6299K(6464K) NonClass: 5766K(5824K)->5766K(5824K) Class: 533K(640K)->533K(640K)
[7.289s][info][gc             ] GC(155) Pause Young (Allocation Failure) 1181M->1181M(1276M) 33.364ms
[7.289s][info][gc,cpu         ] GC(155) User=0.16s Sys=0.00s Real=0.03s
[7.309s][info][gc,start       ] GC(156) Pause Young (Allocation Failure)
[7.337s][info][gc,heap        ] GC(156) PSYoungGen: 46752K(81408K)->16992K(84480K) Eden: 16896K(16896K)->0K(16896K) From: 29856K(64512K)->16992K(67584K)
[7.337s][info][gc,heap        ] GC(156) ParOldGen: 1180064K(1225728K)->1210160K(1225728K)
[7.337s][info][gc,metaspace   ] GC(156) Metaspace: 6299K(6464K)->6299K(6464K) NonClass: 5766K(5824K)->5766K(5824K) Class: 533K(640K)->533K(640K)
[7.337s][info][gc             ] GC(156) Pause Young (Allocation Failure) 1198M->1198M(1279M) 27.234ms
[7.337s][info][gc,cpu         ] GC(156) User=0.14s Sys=0.00s Real=0.03s
[7.337s][info][gc,start       ] GC(157) Pause Full (Ergonomics)
[7.337s][info][gc,phases,start] GC(157) Marking Phase
[7.616s][info][gc,phases      ] GC(157) Marking Phase 278.959ms
[7.616s][info][gc,phases,start] GC(157) Summary Phase
[7.616s][info][gc,phases      ] GC(157) Summary Phase 0.033ms
[7.616s][info][gc,phases,start] GC(157) Adjust Roots
[7.616s][info][gc,phases      ] GC(157) Adjust Roots 0.157ms
[7.616s][info][gc,phases,start] GC(157) Compaction Phase
[7.730s][info][gc,phases      ] GC(157) Compaction Phase 113.884ms
[7.730s][info][gc,phases,start] GC(157) Post Compact
[7.732s][info][gc,phases      ] GC(157) Post Compact 1.946ms
[7.732s][info][gc,heap        ] GC(157) PSYoungGen: 16992K(84480K)->0K(86528K) Eden: 0K(16896K)->0K(19456K) From: 16992K(67584K)->0K(67072K)
[7.732s][info][gc,heap        ] GC(157) ParOldGen: 1210160K(1225728K)->1225353K(1364480K)
[7.732s][info][gc,metaspace   ] GC(157) Metaspace: 6299K(6464K)->6299K(6464K) NonClass: 5766K(5824K)->5766K(5824K) Class: 533K(640K)->533K(640K)
[7.732s][info][gc             ] GC(157) Pause Full (Ergonomics) 1198M->1196M(1417M) 395.752ms
[7.732s][info][gc,cpu         ] GC(157) User=2.72s Sys=0.00s Real=0.39s
[7.757s][info][gc,start       ] GC(158) Pause Young (Allocation Failure)
[7.772s][info][gc,heap        ] GC(158) PSYoungGen: 19456K(86528K)->19616K(86528K) Eden: 19456K(19456K)->0K(19456K) From: 0K(67072K)->19616K(67072K)
[7.772s][info][gc,heap        ] GC(158) ParOldGen: 1225353K(1364480K)->1225353K(1364480K)
[7.772s][info][gc,metaspace   ] GC(158) Metaspace: 6299K(6464K)->6299K(6464K) NonClass: 5766K(5824K)->5766K(5824K) Class: 533K(640K)->533K(640K)
[7.772s][info][gc             ] GC(158) Pause Young (Allocation Failure) 1215M->1215M(1417M) 15.183ms
[7.772s][info][gc,cpu         ] GC(158) User=0.02s Sys=0.00s Real=0.02s
[7.797s][info][gc,start       ] GC(159) Pause Young (Allocation Failure)
[7.819s][info][gc,heap        ] GC(159) PSYoungGen: 39072K(86528K)->39072K(86016K) Eden: 19456K(19456K)->0K(21504K) From: 19616K(67072K)->39072K(64512K)
[7.819s][info][gc,heap        ] GC(159) ParOldGen: 1225353K(1364480K)->1225353K(1364480K)
[7.819s][info][gc,metaspace   ] GC(159) Metaspace: 6299K(6464K)->6299K(6464K) NonClass: 5766K(5824K)->5766K(5824K) Class: 533K(640K)->533K(640K)
[7.819s][info][gc             ] GC(159) Pause Young (Allocation Failure) 1234M->1234M(1416M) 22.593ms
[7.819s][info][gc,cpu         ] GC(159) User=0.12s Sys=0.00s Real=0.02s
[7.845s][info][gc,start       ] GC(160) Pause Young (Allocation Failure)
[7.877s][info][gc,heap        ] GC(160) PSYoungGen: 60576K(86016K)->60608K(86528K) Eden: 21504K(21504K)->0K(21504K) From: 39072K(64512K)->60608K(65024K)
[7.877s][info][gc,heap        ] GC(160) ParOldGen: 1225353K(1364480K)->1225353K(1364480K)
[7.877s][info][gc,metaspace   ] GC(160) Metaspace: 6299K(6464K)->6299K(6464K) NonClass: 5766K(5824K)->5766K(5824K) Class: 533K(640K)->533K(640K)
[7.877s][info][gc             ] GC(160) Pause Young (Allocation Failure) 1255M->1255M(1417M) 32.241ms
[7.877s][info][gc,cpu         ] GC(160) User=0.12s Sys=0.00s Real=0.03s
[7.905s][info][gc,start       ] GC(161) Pause Young (Allocation Failure)
[7.945s][info][gc,heap        ] GC(161) PSYoungGen: 82112K(86528K)->59712K(91136K) Eden: 21504K(21504K)->0K(18432K) From: 60608K(65024K)->59712K(72704K)
[7.946s][info][gc,heap        ] GC(161) ParOldGen: 1225353K(1364480K)->1245073K(1364480K)
[7.946s][info][gc,metaspace   ] GC(161) Metaspace: 6299K(6464K)->6299K(6464K) NonClass: 5766K(5824K)->5766K(5824K) Class: 533K(640K)->533K(640K)
[7.946s][info][gc             ] GC(161) Pause Young (Allocation Failure) 1276M->1274M(1421M) 40.809ms
[7.946s][info][gc,cpu         ] GC(161) User=0.34s Sys=0.02s Real=0.04s
[7.960s][info][gc,start       ] GC(162) Pause Young (Allocation Failure)
[7.996s][info][gc,heap        ] GC(162) PSYoungGen: 78144K(91136K)->49824K(96768K) Eden: 18432K(18432K)->0K(18432K) From: 59712K(72704K)->49824K(78336K)
[7.996s][info][gc,heap        ] GC(162) ParOldGen: 1245073K(1364480K)->1264793K(1364480K)
[7.996s][info][gc,metaspace   ] GC(162) Metaspace: 6299K(6464K)->6299K(6464K) NonClass: 5766K(5824K)->5766K(5824K) Class: 533K(640K)->533K(640K)
[7.996s][info][gc             ] GC(162) Pause Young (Allocation Failure) 1292M->1283M(1427M) 36.271ms
[7.996s][info][gc,cpu         ] GC(162) User=0.16s Sys=0.00s Real=0.04s
[8.014s][info][gc,start       ] GC(163) Pause Young (Allocation Failure)
[8.047s][info][gc,heap        ] GC(163) PSYoungGen: 68256K(96768K)->40224K(93696K) Eden: 18432K(18432K)->0K(20992K) From: 49824K(78336K)->40224K(72704K)
[8.047s][info][gc,heap        ] GC(163) ParOldGen: 1264793K(1364480K)->1286593K(1364480K)
[8.047s][info][gc,metaspace   ] GC(163) Metaspace: 6299K(6464K)->6299K(6464K) NonClass: 5766K(5824K)->5766K(5824K) Class: 533K(640K)->533K(640K)
[8.047s][info][gc             ] GC(163) Pause Young (Allocation Failure) 1301M->1295M(1424M) 33.003ms
[8.047s][info][gc,cpu         ] GC(163) User=0.14s Sys=0.00s Real=0.03s
[8.073s][info][gc,start       ] GC(164) Pause Young (Allocation Failure)
[8.107s][info][gc,heap        ] GC(164) PSYoungGen: 61216K(93696K)->33024K(96768K) Eden: 20992K(20992K)->0K(20992K) From: 40224K(72704K)->33024K(75776K)
[8.107s][info][gc,heap        ] GC(164) ParOldGen: 1286593K(1364480K)->1315161K(1364480K)
[8.107s][info][gc,metaspace   ] GC(164) Metaspace: 6299K(6464K)->6299K(6464K) NonClass: 5766K(5824K)->5766K(5824K) Class: 533K(640K)->533K(640K)
[8.107s][info][gc             ] GC(164) Pause Young (Allocation Failure) 1316M->1316M(1427M) 34.062ms
[8.107s][info][gc,cpu         ] GC(164) User=0.16s Sys=0.00s Real=0.03s
[8.132s][info][gc,start       ] GC(165) Pause Young (Allocation Failure)
[8.163s][info][gc,heap        ] GC(165) PSYoungGen: 54016K(96768K)->21120K(95744K) Eden: 20992K(20992K)->0K(24064K) From: 33024K(75776K)->21120K(71680K)
[8.163s][info][gc,heap        ] GC(165) ParOldGen: 1315161K(1364480K)->1348473K(1364480K)
[8.163s][info][gc,metaspace   ] GC(165) Metaspace: 6299K(6464K)->6299K(6464K) NonClass: 5766K(5824K)->5766K(5824K) Class: 533K(640K)->533K(640K)
[8.164s][info][gc             ] GC(165) Pause Young (Allocation Failure) 1337M->1337M(1426M) 31.744ms
[8.164s][info][gc,cpu         ] GC(165) User=0.14s Sys=0.00s Real=0.03s
[8.164s][info][gc,start       ] GC(166) Pause Full (Ergonomics)
[8.164s][info][gc,phases,start] GC(166) Marking Phase
[8.475s][info][gc,phases      ] GC(166) Marking Phase 311.602ms
[8.475s][info][gc,phases,start] GC(166) Summary Phase
[8.475s][info][gc,phases      ] GC(166) Summary Phase 0.035ms
[8.475s][info][gc,phases,start] GC(166) Adjust Roots
[8.476s][info][gc,phases      ] GC(166) Adjust Roots 0.235ms
[8.476s][info][gc,phases,start] GC(166) Compaction Phase
[8.845s][info][gc,phases      ] GC(166) Compaction Phase 369.338ms
[8.845s][info][gc,phases,start] GC(166) Post Compact
[8.848s][info][gc,phases      ] GC(166) Post Compact 2.636ms
[8.848s][info][gc,heap        ] GC(166) PSYoungGen: 21120K(95744K)->3076K(96256K) Eden: 0K(24064K)->0K(24576K) From: 21120K(71680K)->3076K(71680K)
[8.848s][info][gc,heap        ] GC(166) ParOldGen: 1348473K(1364480K)->1364479K(1519616K)
[8.848s][info][gc,metaspace   ] GC(166) Metaspace: 6299K(6464K)->6299K(6464K) NonClass: 5766K(5824K)->5766K(5824K) Class: 533K(640K)->533K(640K)
[8.848s][info][gc             ] GC(166) Pause Full (Ergonomics) 1337M->1335M(1578M) 684.752ms
[8.848s][info][gc,cpu         ] GC(166) User=5.03s Sys=0.00s Real=0.68s
[8.880s][info][gc,start       ] GC(167) Pause Young (Allocation Failure)
[8.958s][info][gc,heap        ] GC(167) PSYoungGen: 27652K(96256K)->24736K(96768K) Eden: 24576K(24576K)->0K(24576K) From: 3076K(71680K)->24736K(72192K)
[8.958s][info][gc,heap        ] GC(167) ParOldGen: 1364479K(1519616K)->1367639K(1519616K)
[8.958s][info][gc,metaspace   ] GC(167) Metaspace: 6299K(6464K)->6299K(6464K) NonClass: 5766K(5824K)->5766K(5824K) Class: 533K(640K)->533K(640K)
[8.958s][info][gc             ] GC(167) Pause Young (Allocation Failure) 1359M->1359M(1578M) 77.513ms
[8.958s][info][gc,cpu         ] GC(167) User=0.38s Sys=0.02s Real=0.08s
[9.273s][info][gc,start       ] GC(168) Pause Young (Allocation Failure)
[9.332s][info][gc,heap        ] GC(168) PSYoungGen: 49312K(96768K)->49344K(96256K) Eden: 24576K(24576K)->0K(25600K) From: 24736K(72192K)->49344K(70656K)
[9.332s][info][gc,heap        ] GC(168) ParOldGen: 1433175K(1519616K)->1433175K(1519616K)
[9.332s][info][gc,metaspace   ] GC(168) Metaspace: 6299K(6464K)->6299K(6464K) NonClass: 5766K(5824K)->5766K(5824K) Class: 533K(640K)->533K(640K)
[9.332s][info][gc             ] GC(168) Pause Young (Allocation Failure) 1447M->1447M(1578M) 58.588ms
[9.332s][info][gc,cpu         ] GC(168) User=0.36s Sys=0.00s Real=0.06s
[9.355s][info][gc,start       ] GC(169) Pause Young (Allocation Failure)
[9.393s][info][gc,heap        ] GC(169) PSYoungGen: 74944K(96256K)->72192K(97792K) Eden: 25600K(25600K)->0K(25600K) From: 49344K(70656K)->72192K(72192K)
[9.393s][info][gc,heap        ] GC(169) ParOldGen: 1433175K(1519616K)->1435863K(1519616K)
[9.393s][info][gc,metaspace   ] GC(169) Metaspace: 6299K(6464K)->6299K(6464K) NonClass: 5766K(5824K)->5766K(5824K) Class: 533K(640K)->533K(640K)
[9.393s][info][gc             ] GC(169) Pause Young (Allocation Failure) 1472M->1472M(1579M) 37.601ms
[9.393s][info][gc,cpu         ] GC(169) User=0.17s Sys=0.00s Real=0.04s
[9.416s][info][gc,start       ] GC(170) Pause Young (Allocation Failure)
[9.465s][info][gc,heap        ] GC(170) PSYoungGen: 97792K(97792K)->49888K(110080K) Eden: 25600K(25600K)->0K(28160K) From: 72192K(72192K)->49888K(81920K)
[9.465s][info][gc,heap        ] GC(170) ParOldGen: 1435863K(1519616K)->1484431K(1519616K)
[9.465s][info][gc,metaspace   ] GC(170) Metaspace: 6299K(6464K)->6299K(6464K) NonClass: 5766K(5824K)->5766K(5824K) Class: 533K(640K)->533K(640K)
[9.465s][info][gc             ] GC(170) Pause Young (Allocation Failure) 1497M->1498M(1591M) 48.753ms
[9.465s][info][gc,cpu         ] GC(170) User=0.31s Sys=0.06s Real=0.05s
[9.465s][info][gc,start       ] GC(171) Pause Full (Ergonomics)
[9.465s][info][gc,phases,start] GC(171) Marking Phase
[9.798s][info][gc,phases      ] GC(171) Marking Phase 332.855ms
[9.798s][info][gc,phases,start] GC(171) Summary Phase
[9.798s][info][gc,phases      ] GC(171) Summary Phase 0.044ms
[9.798s][info][gc,phases,start] GC(171) Adjust Roots
[9.798s][info][gc,phases      ] GC(171) Adjust Roots 0.169ms
[9.798s][info][gc,phases,start] GC(171) Compaction Phase
[10.044s][info][gc,phases      ] GC(171) Compaction Phase 245.666ms
[10.044s][info][gc,phases,start] GC(171) Post Compact
[10.047s][info][gc,phases      ] GC(171) Post Compact 3.236ms
[10.048s][info][gc,heap        ] GC(171) PSYoungGen: 49888K(110080K)->0K(110592K) Eden: 0K(28160K)->0K(28160K) From: 49888K(81920K)->0K(82432K)
[10.048s][info][gc,heap        ] GC(171) ParOldGen: 1484431K(1519616K)->1500548K(1674752K)
[10.048s][info][gc,metaspace   ] GC(171) Metaspace: 6299K(6464K)->6299K(6464K) NonClass: 5766K(5824K)->5766K(5824K) Class: 533K(640K)->533K(640K)
[10.048s][info][gc             ] GC(171) Pause Full (Ergonomics) 1498M->1465M(1743M) 582.875ms
[10.048s][info][gc,cpu         ] GC(171) User=3.75s Sys=0.02s Real=0.58s
[10.073s][info][gc,start       ] GC(172) Pause Young (Allocation Failure)
[10.097s][info][gc,heap        ] GC(172) PSYoungGen: 28160K(110592K)->28352K(108544K) Eden: 28160K(28160K)->0K(30720K) From: 0K(82432K)->28352K(77824K)
[10.097s][info][gc,heap        ] GC(172) ParOldGen: 1500548K(1674752K)->1500548K(1674752K)
[10.097s][info][gc,metaspace   ] GC(172) Metaspace: 6299K(6464K)->6299K(6464K) NonClass: 5766K(5824K)->5766K(5824K) Class: 533K(640K)->533K(640K)
[10.097s][info][gc             ] GC(172) Pause Young (Allocation Failure) 1492M->1493M(1741M) 24.222ms
[10.097s][info][gc,cpu         ] GC(172) User=0.03s Sys=0.00s Real=0.02s
[10.129s][info][gc,start       ] GC(173) Pause Young (Allocation Failure)
[10.164s][info][gc,heap        ] GC(173) PSYoungGen: 59072K(108544K)->59072K(111104K) Eden: 30720K(30720K)->0K(30720K) From: 28352K(77824K)->59072K(80384K)
[10.164s][info][gc,heap        ] GC(173) ParOldGen: 1500548K(1674752K)->1500548K(1674752K)
[10.164s][info][gc,metaspace   ] GC(173) Metaspace: 6299K(6464K)->6299K(6464K) NonClass: 5766K(5824K)->5766K(5824K) Class: 533K(640K)->533K(640K)
[10.164s][info][gc             ] GC(173) Pause Young (Allocation Failure) 1523M->1523M(1744M) 34.635ms
[10.164s][info][gc,cpu         ] GC(173) User=0.14s Sys=0.00s Real=0.03s
[10.195s][info][gc,start       ] GC(174) Pause Young (Allocation Failure)
[10.243s][info][gc,heap        ] GC(174) PSYoungGen: 89792K(111104K)->83456K(103424K) Eden: 30720K(30720K)->0K(19968K) From: 59072K(80384K)->83456K(83456K)
[10.243s][info][gc,heap        ] GC(174) ParOldGen: 1500548K(1674752K)->1506900K(1674752K)
[10.243s][info][gc,metaspace   ] GC(174) Metaspace: 6299K(6464K)->6299K(6464K) NonClass: 5766K(5824K)->5766K(5824K) Class: 533K(640K)->533K(640K)
[10.243s][info][gc             ] GC(174) Pause Young (Allocation Failure) 1553M->1553M(1736M) 47.554ms
[10.243s][info][gc,cpu         ] GC(174) User=0.22s Sys=0.02s Real=0.05s
[10.263s][info][gc,start       ] GC(175) Pause Young (Allocation Failure)
[10.315s][info][gc,heap        ] GC(175) PSYoungGen: 103424K(103424K)->97280K(117248K) Eden: 19968K(19968K)->0K(19968K) From: 83456K(83456K)->97280K(97280K)
[10.315s][info][gc,heap        ] GC(175) ParOldGen: 1506900K(1674752K)->1513156K(1674752K)
[10.315s][info][gc,metaspace   ] GC(175) Metaspace: 6299K(6464K)->6299K(6464K) NonClass: 5766K(5824K)->5766K(5824K) Class: 533K(640K)->533K(640K)
[10.315s][info][gc             ] GC(175) Pause Young (Allocation Failure) 1572M->1572M(1750M) 51.723ms
[10.315s][info][gc,cpu         ] GC(175) User=0.25s Sys=0.02s Real=0.05s
[10.334s][info][gc,start       ] GC(176) Pause Young (Allocation Failure)
[10.392s][info][gc,heap        ] GC(176) PSYoungGen: 117248K(117248K)->66240K(133632K) Eden: 19968K(19968K)->0K(22528K) From: 97280K(97280K)->66240K(111104K)
[10.392s][info][gc,heap        ] GC(176) ParOldGen: 1513156K(1674752K)->1564972K(1674752K)
[10.392s][info][gc,metaspace   ] GC(176) Metaspace: 6299K(6464K)->6299K(6464K) NonClass: 5766K(5824K)->5766K(5824K) Class: 533K(640K)->533K(640K)
[10.392s][info][gc             ] GC(176) Pause Young (Allocation Failure) 1592M->1592M(1766M) 58.299ms
[10.392s][info][gc,cpu         ] GC(176) User=0.34s Sys=0.02s Real=0.06s
[10.417s][info][gc,start       ] GC(177) Pause Young (Allocation Failure)
[10.461s][info][gc,heap        ] GC(177) PSYoungGen: 88768K(133632K)->62496K(134656K) Eden: 22528K(22528K)->0K(22528K) From: 66240K(111104K)->62496K(112128K)
[10.461s][info][gc,heap        ] GC(177) ParOldGen: 1564972K(1674752K)->1591572K(1674752K)
[10.461s][info][gc,metaspace   ] GC(177) Metaspace: 6299K(6464K)->6299K(6464K) NonClass: 5766K(5824K)->5766K(5824K) Class: 533K(640K)->533K(640K)
[10.461s][info][gc             ] GC(177) Pause Young (Allocation Failure) 1614M->1615M(1767M) 44.685ms
[10.461s][info][gc,cpu         ] GC(177) User=0.23s Sys=0.02s Real=0.04s
[10.485s][info][gc,start       ] GC(178) Pause Young (Allocation Failure)
[10.528s][info][gc,heap        ] GC(178) PSYoungGen: 85024K(134656K)->45216K(128000K) Eden: 22528K(22528K)->0K(25600K) From: 62496K(112128K)->45216K(102400K)
[10.528s][info][gc,heap        ] GC(178) ParOldGen: 1591572K(1674752K)->1631868K(1674752K)
[10.528s][info][gc,metaspace   ] GC(178) Metaspace: 6299K(6464K)->6299K(6464K) NonClass: 5766K(5824K)->5766K(5824K) Class: 533K(640K)->533K(640K)
[10.528s][info][gc             ] GC(178) Pause Young (Allocation Failure) 1637M->1637M(1760M) 43.521ms
[10.528s][info][gc,cpu         ] GC(178) User=0.23s Sys=0.00s Real=0.04s
[10.528s][info][gc,start       ] GC(179) Pause Full (Ergonomics)
[10.528s][info][gc,phases,start] GC(179) Marking Phase
[10.902s][info][gc,phases      ] GC(179) Marking Phase 373.656ms
[10.902s][info][gc,phases,start] GC(179) Summary Phase
[10.902s][info][gc,phases      ] GC(179) Summary Phase 0.029ms
[10.902s][info][gc,phases,start] GC(179) Adjust Roots
[10.902s][info][gc,phases      ] GC(179) Adjust Roots 0.171ms
[10.902s][info][gc,phases,start] GC(179) Compaction Phase
[11.068s][info][gc,phases      ] GC(179) Compaction Phase 165.902ms
[11.068s][info][gc,phases,start] GC(179) Post Compact
[11.072s][info][gc,phases      ] GC(179) Post Compact 3.500ms
[11.073s][info][gc,heap        ] GC(179) PSYoungGen: 45216K(128000K)->546K(131584K) Eden: 0K(25600K)->0K(29184K) From: 45216K(102400K)->546K(102400K)
[11.073s][info][gc,heap        ] GC(179) ParOldGen: 1631868K(1674752K)->1674384K(1869824K)
[11.073s][info][gc,metaspace   ] GC(179) Metaspace: 6299K(6464K)->6299K(6464K) NonClass: 5766K(5824K)->5766K(5824K) Class: 533K(640K)->533K(640K)
[11.073s][info][gc             ] GC(179) Pause Full (Ergonomics) 1637M->1635M(1954M) 544.288ms
[11.073s][info][gc,cpu         ] GC(179) User=3.94s Sys=0.02s Real=0.54s
[11.107s][info][gc,start       ] GC(180) Pause Young (Allocation Failure)
[11.193s][info][gc,heap        ] GC(180) PSYoungGen: 29730K(131584K)->29280K(135168K) Eden: 29184K(29184K)->0K(29184K) From: 546K(102400K)->29280K(105984K)
[11.193s][info][gc,heap        ] GC(180) ParOldGen: 1674384K(1869824K)->1674968K(1869824K)
[11.193s][info][gc,metaspace   ] GC(180) Metaspace: 6299K(6464K)->6299K(6464K) NonClass: 5766K(5824K)->5766K(5824K) Class: 533K(640K)->533K(640K)
[11.193s][info][gc             ] GC(180) Pause Young (Allocation Failure) 1664M->1664M(1958M) 86.318ms
[11.193s][info][gc,cpu         ] GC(180) User=0.61s Sys=0.02s Real=0.09s
[11.223s][info][gc,start       ] GC(181) Pause Young (Allocation Failure)
[11.258s][info][gc,heap        ] GC(181) PSYoungGen: 58464K(135168K)->29344K(134144K) Eden: 29184K(29184K)->0K(32768K) From: 29280K(105984K)->29344K(101376K)
[11.258s][info][gc,heap        ] GC(181) ParOldGen: 1674968K(1869824K)->1704544K(1869824K)
[11.258s][info][gc,metaspace   ] GC(181) Metaspace: 6299K(6464K)->6299K(6464K) NonClass: 5766K(5824K)->5766K(5824K) Class: 533K(640K)->533K(640K)
[11.258s][info][gc             ] GC(181) Pause Young (Allocation Failure) 1692M->1693M(1957M) 35.433ms
[11.258s][info][gc,cpu         ] GC(181) User=0.16s Sys=0.00s Real=0.04s
[11.294s][info][gc,start       ] GC(182) Pause Young (Allocation Failure)
[11.332s][info][gc,heap        ] GC(182) PSYoungGen: 62112K(134144K)->32960K(135680K) Eden: 32768K(32768K)->0K(32768K) From: 29344K(101376K)->32960K(102912K)
[11.332s][info][gc,heap        ] GC(182) ParOldGen: 1704544K(1869824K)->1734120K(1869824K)
[11.332s][info][gc,metaspace   ] GC(182) Metaspace: 6299K(6464K)->6299K(6464K) NonClass: 5766K(5824K)->5766K(5824K) Class: 533K(640K)->533K(640K)
[11.332s][info][gc             ] GC(182) Pause Young (Allocation Failure) 1725M->1725M(1958M) 38.123ms
[11.332s][info][gc,cpu         ] GC(182) User=0.14s Sys=0.03s Real=0.04s
[11.366s][info][gc,start       ] GC(183) Pause Young (Allocation Failure)
[11.404s][info][gc,heap        ] GC(183) PSYoungGen: 65728K(135680K)->32928K(131584K) Eden: 32768K(32768K)->0K(36352K) From: 32960K(102912K)->32928K(95232K)
[11.405s][info][gc,heap        ] GC(183) ParOldGen: 1734120K(1869824K)->1767344K(1869824K)
[11.405s][info][gc,metaspace   ] GC(183) Metaspace: 6299K(6464K)->6299K(6464K) NonClass: 5766K(5824K)->5766K(5824K) Class: 533K(640K)->533K(640K)
[11.405s][info][gc             ] GC(183) Pause Young (Allocation Failure) 1757M->1758M(1954M) 38.950ms
[11.405s][info][gc,cpu         ] GC(183) User=0.16s Sys=0.00s Real=0.04s
[11.444s][info][gc,start       ] GC(184) Pause Young (Allocation Failure)
[11.484s][info][gc,heap        ] GC(184) PSYoungGen: 69280K(131584K)->36512K(134144K) Eden: 36352K(36352K)->0K(36352K) From: 32928K(95232K)->36512K(97792K)
[11.484s][info][gc,heap        ] GC(184) ParOldGen: 1767344K(1869824K)->1800560K(1869824K)
[11.484s][info][gc,metaspace   ] GC(184) Metaspace: 6299K(6464K)->6299K(6464K) NonClass: 5766K(5824K)->5766K(5824K) Class: 533K(640K)->533K(640K)
[11.484s][info][gc             ] GC(184) Pause Young (Allocation Failure) 1793M->1794M(1957M) 40.117ms
[11.484s][info][gc,cpu         ] GC(184) User=0.25s Sys=0.02s Real=0.04s
[11.525s][info][gc,start       ] GC(185) Pause Young (Allocation Failure)
[11.566s][info][gc,heap        ] GC(185) PSYoungGen: 72864K(134144K)->36512K(127488K) Eden: 36352K(36352K)->0K(40448K) From: 36512K(97792K)->36512K(87040K)
[11.566s][info][gc,heap        ] GC(185) ParOldGen: 1800560K(1869824K)->1837416K(1869824K)
[11.566s][info][gc,metaspace   ] GC(185) Metaspace: 6299K(6464K)->6299K(6464K) NonClass: 5766K(5824K)->5766K(5824K) Class: 533K(640K)->533K(640K)
[11.566s][info][gc             ] GC(185) Pause Young (Allocation Failure) 1829M->1830M(1950M) 41.122ms
[11.566s][info][gc,cpu         ] GC(185) User=0.27s Sys=0.00s Real=0.04s
[11.566s][info][gc,start       ] GC(186) Pause Full (Ergonomics)
[11.566s][info][gc,phases,start] GC(186) Marking Phase
[11.996s][info][gc,phases      ] GC(186) Marking Phase 429.931ms
[11.996s][info][gc,phases,start] GC(186) Summary Phase
[11.996s][info][gc,phases      ] GC(186) Summary Phase 0.031ms
[11.996s][info][gc,phases,start] GC(186) Adjust Roots
[11.996s][info][gc,phases      ] GC(186) Adjust Roots 0.167ms
[11.996s][info][gc,phases,start] GC(186) Compaction Phase
[12.187s][info][gc,phases      ] GC(186) Compaction Phase 190.816ms
[12.187s][info][gc,phases,start] GC(186) Post Compact
[12.191s][info][gc,phases      ] GC(186) Post Compact 3.970ms
[12.192s][info][gc,heap        ] GC(186) PSYoungGen: 36512K(127488K)->1579K(131072K) Eden: 0K(40448K)->0K(44032K) From: 36512K(87040K)->1579K(87040K)
[12.192s][info][gc,heap        ] GC(186) ParOldGen: 1837416K(1869824K)->1869765K(2081792K)
[12.192s][info][gc,metaspace   ] GC(186) Metaspace: 6299K(6464K)->6299K(6464K) NonClass: 5766K(5824K)->5766K(5824K) Class: 533K(640K)->533K(640K)
[12.192s][info][gc             ] GC(186) Pause Full (Ergonomics) 1830M->1827M(2161M) 626.076ms
[12.192s][info][gc,cpu         ] GC(186) User=4.25s Sys=0.03s Real=0.63s
[12.245s][info][gc,start       ] GC(187) Pause Young (Allocation Failure)
[12.349s][info][gc,heap        ] GC(187) PSYoungGen: 45611K(131072K)->44256K(88576K) Eden: 44032K(44032K)->0K(44032K) From: 1579K(87040K)->44256K(44544K)
[12.349s][info][gc,heap        ] GC(187) ParOldGen: 1869765K(2081792K)->1871397K(2081792K)
[12.349s][info][gc,metaspace   ] GC(187) Metaspace: 6299K(6464K)->6299K(6464K) NonClass: 5766K(5824K)->5766K(5824K) Class: 533K(640K)->533K(640K)
[12.349s][info][gc             ] GC(187) Pause Young (Allocation Failure) 1870M->1870M(2119M) 104.806ms
[12.349s][info][gc,cpu         ] GC(187) User=0.59s Sys=0.00s Real=0.11s
[12.401s][info][gc,start       ] GC(188) Pause Young (Allocation Failure)
[12.449s][info][gc,heap        ] GC(188) PSYoungGen: 88288K(88576K)->86016K(121856K) Eden: 44032K(44032K)->0K(35840K) From: 44256K(44544K)->86016K(86016K)
[12.449s][info][gc,heap        ] GC(188) ParOldGen: 1871397K(2081792K)->1873621K(2081792K)
[12.449s][info][gc,metaspace   ] GC(188) Metaspace: 6299K(6464K)->6299K(6464K) NonClass: 5766K(5824K)->5766K(5824K) Class: 533K(640K)->533K(640K)
[12.449s][info][gc             ] GC(188) Pause Young (Allocation Failure) 1913M->1913M(2152M) 48.490ms
[12.449s][info][gc,cpu         ] GC(188) User=0.28s Sys=0.00s Real=0.05s
[12.490s][info][gc,start       ] GC(189) Pause Young (Allocation Failure)
[12.554s][info][gc,heap        ] GC(189) PSYoungGen: 121856K(121856K)->36032K(134144K) Eden: 35840K(35840K)->0K(35840K) From: 86016K(86016K)->36032K(98304K)
[12.554s][info][gc,heap        ] GC(189) ParOldGen: 1873621K(2081792K)->1960677K(2081792K)
[12.554s][info][gc,metaspace   ] GC(189) Metaspace: 6299K(6464K)->6299K(6464K) NonClass: 5766K(5824K)->5766K(5824K) Class: 533K(640K)->533K(640K)
[12.554s][info][gc             ] GC(189) Pause Young (Allocation Failure) 1948M->1949M(2164M) 63.526ms
[12.554s][info][gc,cpu         ] GC(189) User=0.33s Sys=0.06s Real=0.06s
[12.600s][info][gc,start       ] GC(190) Pause Young (Allocation Failure)
[12.646s][info][gc,heap        ] GC(190) PSYoungGen: 71872K(134144K)->71872K(130048K) Eden: 35840K(35840K)->0K(34816K) From: 36032K(98304K)->71872K(95232K)
[12.646s][info][gc,heap        ] GC(190) ParOldGen: 1960677K(2081792K)->1960677K(2081792K)
[12.646s][info][gc,metaspace   ] GC(190) Metaspace: 6299K(6464K)->6299K(6464K) NonClass: 5766K(5824K)->5766K(5824K) Class: 533K(640K)->533K(640K)
[12.646s][info][gc             ] GC(190) Pause Young (Allocation Failure) 1984M->1984M(2160M) 45.865ms
[12.646s][info][gc,cpu         ] GC(190) User=0.17s Sys=0.00s Real=0.04s
[12.683s][info][gc,start       ] GC(191) Pause Young (Allocation Failure)
[12.743s][info][gc,heap        ] GC(191) PSYoungGen: 106688K(130048K)->99840K(134656K) Eden: 34816K(34816K)->0K(34816K) From: 71872K(95232K)->99840K(99840K)
[12.743s][info][gc,heap        ] GC(191) ParOldGen: 1960677K(2081792K)->1967581K(2081792K)
[12.743s][info][gc,metaspace   ] GC(191) Metaspace: 6299K(6464K)->6299K(6464K) NonClass: 5766K(5824K)->5766K(5824K) Class: 533K(640K)->533K(640K)
[12.743s][info][gc             ] GC(191) Pause Young (Allocation Failure) 2018M->2018M(2164M) 60.162ms
[12.743s][info][gc,cpu         ] GC(191) User=0.34s Sys=0.00s Real=0.06s
[12.780s][info][gc,start       ] GC(192) Pause Young (Allocation Failure)
[12.859s][info][gc,heap        ] GC(192) PSYoungGen: 134656K(134656K)->67840K(151552K) Eden: 34816K(34816K)->0K(38912K) From: 99840K(99840K)->67840K(112640K)
[12.859s][info][gc,heap        ] GC(192) ParOldGen: 1967581K(2081792K)->2035421K(2081792K)
[12.859s][info][gc,metaspace   ] GC(192) Metaspace: 6299K(6464K)->6299K(6464K) NonClass: 5766K(5824K)->5766K(5824K) Class: 533K(640K)->533K(640K)
[12.859s][info][gc             ] GC(192) Pause Young (Allocation Failure) 2052M->2053M(2181M) 79.400ms
[12.859s][info][gc,cpu         ] GC(192) User=0.48s Sys=0.02s Real=0.08s
[12.859s][info][gc,start       ] GC(193) Pause Full (Ergonomics)
[12.859s][info][gc,phases,start] GC(193) Marking Phase
[13.361s][info][gc,phases      ] GC(193) Marking Phase 502.420ms
[13.361s][info][gc,phases,start] GC(193) Summary Phase
[13.362s][info][gc,phases      ] GC(193) Summary Phase 0.041ms
[13.362s][info][gc,phases,start] GC(193) Adjust Roots
[13.362s][info][gc,phases      ] GC(193) Adjust Roots 0.166ms
[13.362s][info][gc,phases,start] GC(193) Compaction Phase
[13.570s][info][gc,phases      ] GC(193) Compaction Phase 208.251ms
[13.570s][info][gc,phases,start] GC(193) Post Compact
[13.574s][info][gc,phases      ] GC(193) Post Compact 4.184ms
[13.575s][info][gc,heap        ] GC(193) PSYoungGen: 67840K(151552K)->19013K(153088K) Eden: 0K(38912K)->0K(40448K) From: 67840K(112640K)->19013K(112640K)
[13.575s][info][gc,heap        ] GC(193) ParOldGen: 2035421K(2081792K)->2081524K(2335744K)
[13.575s][info][gc,metaspace   ] GC(193) Metaspace: 6299K(6464K)->6299K(6464K) NonClass: 5766K(5824K)->5766K(5824K) Class: 533K(640K)->533K(640K)
[13.575s][info][gc             ] GC(193) Pause Full (Ergonomics) 2053M->2051M(2430M) 716.377ms
[13.575s][info][gc,cpu         ] GC(193) User=4.58s Sys=0.05s Real=0.72s
[13.618s][info][gc,start       ] GC(194) Pause Young (Allocation Failure)
[13.745s][info][gc,heap        ] GC(194) PSYoungGen: 59461K(153088K)->51296K(92160K) Eden: 40448K(40448K)->0K(40448K) From: 19013K(112640K)->51296K(51712K)
[13.745s][info][gc,heap        ] GC(194) ParOldGen: 2081524K(2335744K)->2090020K(2335744K)
[13.745s][info][gc,metaspace   ] GC(194) Metaspace: 6299K(6464K)->6299K(6464K) NonClass: 5766K(5824K)->5766K(5824K) Class: 533K(640K)->533K(640K)
[13.745s][info][gc             ] GC(194) Pause Young (Allocation Failure) 2090M->2091M(2371M) 127.070ms
[13.745s][info][gc,cpu         ] GC(194) User=0.72s Sys=0.02s Real=0.13s
[13.790s][info][gc,start       ] GC(195) Pause Young (Allocation Failure)
[13.844s][info][gc,heap        ] GC(195) PSYoungGen: 91744K(92160K)->91808K(146432K) Eden: 40448K(40448K)->0K(36864K) From: 51296K(51712K)->91808K(109568K)
[13.844s][info][gc,heap        ] GC(195) ParOldGen: 2090020K(2335744K)->2090020K(2335744K)
[13.844s][info][gc,metaspace   ] GC(195) Metaspace: 6299K(6464K)->6299K(6464K) NonClass: 5766K(5824K)->5766K(5824K) Class: 533K(640K)->533K(640K)
[13.845s][info][gc             ] GC(195) Pause Young (Allocation Failure) 2130M->2130M(2424M) 54.557ms
[13.845s][info][gc,cpu         ] GC(195) User=0.36s Sys=0.02s Real=0.05s
[13.889s][info][gc,start       ] GC(196) Pause Young (Allocation Failure)
[13.959s][info][gc,heap        ] GC(196) PSYoungGen: 128672K(146432K)->117248K(154112K) Eden: 36864K(36864K)->0K(36864K) From: 91808K(109568K)->117248K(117248K)
[13.960s][info][gc,heap        ] GC(196) ParOldGen: 2090020K(2335744K)->2101540K(2335744K)
[13.960s][info][gc,metaspace   ] GC(196) Metaspace: 6299K(6464K)->6299K(6464K) NonClass: 5766K(5824K)->5766K(5824K) Class: 533K(640K)->533K(640K)
[13.960s][info][gc             ] GC(196) Pause Young (Allocation Failure) 2166M->2166M(2431M) 70.874ms
[13.960s][info][gc,cpu         ] GC(196) User=0.48s Sys=0.03s Real=0.07s
[14.008s][info][gc,start       ] GC(197) Pause Young (Allocation Failure)
[14.096s][info][gc,heap        ] GC(197) PSYoungGen: 154112K(154112K)->107488K(169984K) Eden: 36864K(36864K)->0K(32768K) From: 117248K(117248K)->107488K(137216K)
[14.096s][info][gc,heap        ] GC(197) ParOldGen: 2101540K(2335744K)->2148892K(2335744K)
[14.096s][info][gc,metaspace   ] GC(197) Metaspace: 6299K(6464K)->6299K(6464K) NonClass: 5766K(5824K)->5766K(5824K) Class: 533K(640K)->533K(640K)
[14.096s][info][gc             ] GC(197) Pause Young (Allocation Failure) 2202M->2203M(2447M) 88.702ms
[14.096s][info][gc,cpu         ] GC(197) User=0.53s Sys=0.06s Real=0.09s
[14.134s][info][gc,start       ] GC(198) Pause Young (Allocation Failure)
[14.211s][info][gc,heap        ] GC(198) PSYoungGen: 140256K(169984K)->102880K(178176K) Eden: 32768K(32768K)->0K(32768K) From: 107488K(137216K)->102880K(145408K)
[14.211s][info][gc,heap        ] GC(198) ParOldGen: 2148892K(2335744K)->2186812K(2335744K)
[14.211s][info][gc,metaspace   ] GC(198) Metaspace: 6299K(6464K)->6299K(6464K) NonClass: 5766K(5824K)->5766K(5824K) Class: 533K(640K)->533K(640K)
[14.211s][info][gc             ] GC(198) Pause Young (Allocation Failure) 2235M->2236M(2455M) 77.374ms
[14.211s][info][gc,cpu         ] GC(198) User=0.47s Sys=0.02s Real=0.08s
[14.251s][info][gc,start       ] GC(199) Pause Young (Allocation Failure)
[14.324s][info][gc,heap        ] GC(199) PSYoungGen: 135648K(178176K)->102720K(183808K) Eden: 32768K(32768K)->0K(33792K) From: 102880K(145408K)->102720K(150016K)
[14.324s][info][gc,heap        ] GC(199) ParOldGen: 2186812K(2335744K)->2220260K(2335744K)
[14.324s][info][gc,metaspace   ] GC(199) Metaspace: 6299K(6464K)->6299K(6464K) NonClass: 5766K(5824K)->5766K(5824K) Class: 533K(640K)->533K(640K)
[14.324s][info][gc             ] GC(199) Pause Young (Allocation Failure) 2268M->2268M(2460M) 72.804ms
[14.324s][info][gc,cpu         ] GC(199) User=0.42s Sys=0.02s Real=0.07s
[14.364s][info][gc,start       ] GC(200) Pause Young (Allocation Failure)
[14.436s][info][gc,heap        ] GC(200) PSYoungGen: 136512K(183808K)->66784K(100864K) Eden: 33792K(33792K)->0K(33792K) From: 102720K(150016K)->66784K(67072K)
[14.436s][info][gc,heap        ] GC(200) ParOldGen: 2220260K(2335744K)->2290636K(2335744K)
[14.436s][info][gc,metaspace   ] GC(200) Metaspace: 6299K(6464K)->6299K(6464K) NonClass: 5766K(5824K)->5766K(5824K) Class: 533K(640K)->533K(640K)
[14.436s][info][gc             ] GC(200) Pause Young (Allocation Failure) 2301M->2302M(2379M) 72.236ms
[14.436s][info][gc,cpu         ] GC(200) User=0.45s Sys=0.03s Real=0.07s
[14.436s][info][gc,start       ] GC(201) Pause Full (Ergonomics)
[14.436s][info][gc,phases,start] GC(201) Marking Phase
[14.985s][info][gc,phases      ] GC(201) Marking Phase 548.849ms
[14.985s][info][gc,phases,start] GC(201) Summary Phase
[14.985s][info][gc,phases      ] GC(201) Summary Phase 0.042ms
[14.985s][info][gc,phases,start] GC(201) Adjust Roots
[14.985s][info][gc,phases      ] GC(201) Adjust Roots 0.171ms
[14.985s][info][gc,phases,start] GC(201) Compaction Phase
[15.215s][info][gc,phases      ] GC(201) Compaction Phase 229.666ms
[15.215s][info][gc,phases,start] GC(201) Post Compact
[15.220s][info][gc,phases      ] GC(201) Post Compact 5.051ms
[15.221s][info][gc,heap        ] GC(201) PSYoungGen: 66784K(100864K)->18968K(100864K) Eden: 0K(33792K)->0K(33792K) From: 66784K(67072K)->18968K(67072K)
[15.222s][info][gc,heap        ] GC(201) ParOldGen: 2290636K(2335744K)->2335298K(2608640K)
[15.222s][info][gc,metaspace   ] GC(201) Metaspace: 6299K(6464K)->6299K(6464K) NonClass: 5766K(5824K)->5766K(5824K) Class: 533K(640K)->533K(640K)
[15.222s][info][gc             ] GC(201) Pause Full (Ergonomics) 2302M->2299M(2646M) 785.510ms
[15.222s][info][gc,cpu         ] GC(201) User=5.70s Sys=0.08s Real=0.79s
[15.263s][info][gc,start       ] GC(202) Pause Young (Allocation Failure)
[15.392s][info][gc,heap        ] GC(202) PSYoungGen: 52760K(100864K)->33920K(183296K) Eden: 33792K(33792K)->0K(37376K) From: 18968K(67072K)->33920K(145920K)
[15.392s][info][gc,heap        ] GC(202) ParOldGen: 2335298K(2608640K)->2354466K(2608640K)
[15.392s][info][gc,metaspace   ] GC(202) Metaspace: 6299K(6464K)->6299K(6464K) NonClass: 5766K(5824K)->5766K(5824K) Class: 533K(640K)->533K(640K)
[15.392s][info][gc             ] GC(202) Pause Young (Allocation Failure) 2332M->2332M(2726M) 128.492ms
[15.392s][info][gc,cpu         ] GC(202) User=0.89s Sys=0.00s Real=0.13s
[15.438s][info][gc,start       ] GC(203) Pause Young (Allocation Failure)
[15.482s][info][gc,heap        ] GC(203) PSYoungGen: 71296K(183296K)->37568K(184320K) Eden: 37376K(37376K)->0K(37376K) From: 33920K(145920K)->37568K(146944K)
[15.482s][info][gc,heap        ] GC(203) ParOldGen: 2354466K(2608640K)->2388562K(2608640K)
[15.482s][info][gc,metaspace   ] GC(203) Metaspace: 6299K(6464K)->6299K(6464K) NonClass: 5766K(5824K)->5766K(5824K) Class: 533K(640K)->533K(640K)
[15.482s][info][gc             ] GC(203) Pause Young (Allocation Failure) 2368M->2369M(2727M) 44.174ms
[15.482s][info][gc,cpu         ] GC(203) User=0.25s Sys=0.00s Real=0.04s
[15.528s][info][gc,start       ] GC(204) Pause Young (Allocation Failure)
[15.574s][info][gc,heap        ] GC(204) PSYoungGen: 74944K(184320K)->37536K(181760K) Eden: 37376K(37376K)->0K(41472K) From: 37568K(146944K)->37536K(140288K)
[15.574s][info][gc,heap        ] GC(204) ParOldGen: 2388562K(2608640K)->2426274K(2608640K)
[15.574s][info][gc,metaspace   ] GC(204) Metaspace: 6299K(6464K)->6299K(6464K) NonClass: 5766K(5824K)->5766K(5824K) Class: 533K(640K)->533K(640K)
[15.574s][info][gc             ] GC(204) Pause Young (Allocation Failure) 2405M->2406M(2725M) 45.768ms
[15.574s][info][gc,cpu         ] GC(204) User=0.27s Sys=0.00s Real=0.05s
[15.627s][info][gc,start       ] GC(205) Pause Young (Allocation Failure)
[15.673s][info][gc,heap        ] GC(205) PSYoungGen: 79008K(181760K)->41696K(184320K) Eden: 41472K(41472K)->0K(41472K) From: 37536K(140288K)->41696K(142848K)
[15.673s][info][gc,heap        ] GC(205) ParOldGen: 2426274K(2608640K)->2463978K(2608640K)
[15.673s][info][gc,metaspace   ] GC(205) Metaspace: 6299K(6464K)->6299K(6464K) NonClass: 5766K(5824K)->5766K(5824K) Class: 533K(640K)->533K(640K)
[15.673s][info][gc             ] GC(205) Pause Young (Allocation Failure) 2446M->2446M(2727M) 46.161ms
[15.673s][info][gc,cpu         ] GC(205) User=0.22s Sys=0.03s Real=0.05s
[15.725s][info][gc,start       ] GC(206) Pause Young (Allocation Failure)
[15.773s][info][gc,heap        ] GC(206) PSYoungGen: 83168K(184320K)->41664K(177152K) Eden: 41472K(41472K)->0K(46080K) From: 41696K(142848K)->41664K(131072K)
[15.773s][info][gc,heap        ] GC(206) ParOldGen: 2463978K(2608640K)->2505834K(2608640K)
[15.773s][info][gc,metaspace   ] GC(206) Metaspace: 6299K(6464K)->6299K(6464K) NonClass: 5766K(5824K)->5766K(5824K) Class: 533K(640K)->533K(640K)
[15.773s][info][gc             ] GC(206) Pause Young (Allocation Failure) 2487M->2487M(2720M) 48.375ms
[15.773s][info][gc,cpu         ] GC(206) User=0.23s Sys=0.03s Real=0.05s
[15.828s][info][gc,start       ] GC(207) Pause Young (Allocation Failure)
[15.879s][info][gc,heap        ] GC(207) PSYoungGen: 87744K(177152K)->46272K(92672K) Eden: 46080K(46080K)->0K(46080K) From: 41664K(131072K)->46272K(46592K)
[15.879s][info][gc,heap        ] GC(207) ParOldGen: 2505834K(2608640K)->2547682K(2608640K)
[15.879s][info][gc,metaspace   ] GC(207) Metaspace: 6299K(6464K)->6299K(6464K) NonClass: 5766K(5824K)->5766K(5824K) Class: 533K(640K)->533K(640K)
[15.880s][info][gc             ] GC(207) Pause Young (Allocation Failure) 2532M->2533M(2638M) 51.121ms
[15.880s][info][gc,cpu         ] GC(207) User=0.27s Sys=0.00s Real=0.05s
[15.880s][info][gc,start       ] GC(208) Pause Full (Ergonomics)
[15.880s][info][gc,phases,start] GC(208) Marking Phase
[16.471s][info][gc,phases      ] GC(208) Marking Phase 591.502ms
[16.471s][info][gc,phases,start] GC(208) Summary Phase
[16.471s][info][gc,phases      ] GC(208) Summary Phase 0.054ms
[16.471s][info][gc,phases,start] GC(208) Adjust Roots
[16.472s][info][gc,phases      ] GC(208) Adjust Roots 0.182ms
[16.472s][info][gc,phases,start] GC(208) Compaction Phase
[16.684s][info][gc,phases      ] GC(208) Compaction Phase 212.239ms
[16.684s][info][gc,phases,start] GC(208) Post Compact
[16.689s][info][gc,phases      ] GC(208) Post Compact 4.648ms
[16.689s][info][gc,heap        ] GC(208) PSYoungGen: 46272K(92672K)->0K(180736K) Eden: 0K(46080K)->0K(50688K) From: 46272K(46592K)->0K(130048K)
[16.689s][info][gc,heap        ] GC(208) ParOldGen: 2547682K(2608640K)->2591636K(2799104K)
[16.689s][info][gc,metaspace   ] GC(208) Metaspace: 6299K(6464K)->6299K(6464K) NonClass: 5766K(5824K)->5766K(5824K) Class: 533K(640K)->533K(640K)
[16.689s][info][gc             ] GC(208) Pause Full (Ergonomics) 2533M->2530M(2910M) 809.599ms
[16.689s][info][gc,cpu         ] GC(208) User=6.14s Sys=0.03s Real=0.81s
[16.752s][info][gc,start       ] GC(209) Pause Young (Allocation Failure)
[16.786s][info][gc,heap        ] GC(209) PSYoungGen: 50688K(180736K)->50912K(101888K) Eden: 50688K(50688K)->0K(50688K) From: 0K(130048K)->50912K(51200K)
[16.786s][info][gc,heap        ] GC(209) ParOldGen: 2591636K(2799104K)->2591636K(2799104K)
[16.786s][info][gc,metaspace   ] GC(209) Metaspace: 6299K(6464K)->6299K(6464K) NonClass: 5766K(5824K)->5766K(5824K) Class: 533K(640K)->533K(640K)
[16.786s][info][gc             ] GC(209) Pause Young (Allocation Failure) 2580M->2580M(2833M) 33.580ms
[16.786s][info][gc,cpu         ] GC(209) User=0.16s Sys=0.00s Real=0.03s
[16.847s][info][gc,start       ] GC(210) Pause Young (Allocation Failure)
[16.902s][info][gc,heap        ] GC(210) PSYoungGen: 101600K(101888K)->101664K(169984K) Eden: 50688K(50688K)->0K(45568K) From: 50912K(51200K)->101664K(124416K)
[16.902s][info][gc,heap        ] GC(210) ParOldGen: 2591636K(2799104K)->2591636K(2799104K)
[16.902s][info][gc,metaspace   ] GC(210) Metaspace: 6299K(6464K)->6299K(6464K) NonClass: 5766K(5824K)->5766K(5824K) Class: 533K(640K)->533K(640K)
[16.902s][info][gc             ] GC(210) Pause Young (Allocation Failure) 2630M->2630M(2899M) 54.444ms
[16.902s][info][gc,cpu         ] GC(210) User=0.30s Sys=0.00s Real=0.05s
[16.954s][info][gc,start       ] GC(211) Pause Young (Allocation Failure)
[17.029s][info][gc,heap        ] GC(211) PSYoungGen: 147232K(169984K)->134144K(179712K) Eden: 45568K(45568K)->0K(45568K) From: 101664K(124416K)->134144K(134144K)
[17.029s][info][gc,heap        ] GC(211) ParOldGen: 2591636K(2799104K)->2604780K(2799104K)
[17.029s][info][gc,metaspace   ] GC(211) Metaspace: 6299K(6464K)->6299K(6464K) NonClass: 5766K(5824K)->5766K(5824K) Class: 533K(640K)->533K(640K)
[17.029s][info][gc             ] GC(211) Pause Young (Allocation Failure) 2674M->2674M(2909M) 74.492ms
[17.029s][info][gc,cpu         ] GC(211) User=0.48s Sys=0.02s Real=0.08s
[17.081s][info][gc,start       ] GC(212) Pause Young (Allocation Failure)
[17.181s][info][gc,heap        ] GC(212) PSYoungGen: 179712K(179712K)->87008K(202240K) Eden: 45568K(45568K)->0K(50176K) From: 134144K(134144K)->87008K(152064K)
[17.181s][info][gc,heap        ] GC(212) ParOldGen: 2604780K(2799104K)->2698332K(2799104K)
[17.181s][info][gc,metaspace   ] GC(212) Metaspace: 6299K(6464K)->6299K(6464K) NonClass: 5766K(5824K)->5766K(5824K) Class: 533K(640K)->533K(640K)
[17.181s][info][gc             ] GC(212) Pause Young (Allocation Failure) 2719M->2720M(2931M) 99.869ms
[17.181s][info][gc,cpu         ] GC(212) User=0.64s Sys=0.00s Real=0.10s
[17.241s][info][gc,start       ] GC(213) Pause Young (Allocation Failure)
[17.317s][info][gc,heap        ] GC(213) PSYoungGen: 137184K(202240K)->96032K(205312K) Eden: 50176K(50176K)->0K(50176K) From: 87008K(152064K)->96032K(155136K)
[17.317s][info][gc,heap        ] GC(213) ParOldGen: 2698332K(2799104K)->2739908K(2799104K)
[17.317s][info][gc,metaspace   ] GC(213) Metaspace: 6299K(6464K)->6299K(6464K) NonClass: 5766K(5824K)->5766K(5824K) Class: 533K(640K)->533K(640K)
[17.317s][info][gc             ] GC(213) Pause Young (Allocation Failure) 2769M->2769M(2934M) 76.222ms
[17.317s][info][gc,cpu         ] GC(213) User=0.48s Sys=0.03s Real=0.08s
[17.317s][info][gc,start       ] GC(214) Pause Full (Ergonomics)
[17.317s][info][gc,phases,start] GC(214) Marking Phase
[17.952s][info][gc,phases      ] GC(214) Marking Phase 634.845ms
[17.952s][info][gc,phases,start] GC(214) Summary Phase
[17.952s][info][gc,phases      ] GC(214) Summary Phase 0.040ms
[17.952s][info][gc,phases,start] GC(214) Adjust Roots
[17.953s][info][gc,phases      ] GC(214) Adjust Roots 0.164ms
[17.953s][info][gc,phases,start] GC(214) Compaction Phase
[18.171s][info][gc,phases      ] GC(214) Compaction Phase 218.298ms
[18.171s][info][gc,phases,start] GC(214) Post Compact
[18.176s][info][gc,phases      ] GC(214) Post Compact 4.753ms
[18.176s][info][gc,heap        ] GC(214) PSYoungGen: 96032K(205312K)->35376K(205312K) Eden: 0K(50176K)->0K(50176K) From: 96032K(155136K)->35376K(155136K)
[18.176s][info][gc,heap        ] GC(214) ParOldGen: 2739908K(2799104K)->2798789K(2799104K)
[18.176s][info][gc,metaspace   ] GC(214) Metaspace: 6299K(6464K)->6299K(6464K) NonClass: 5766K(5824K)->5766K(5824K) Class: 533K(640K)->533K(640K)
[18.176s][info][gc             ] GC(214) Pause Full (Ergonomics) 2769M->2767M(2934M) 858.419ms
[18.176s][info][gc,cpu         ] GC(214) User=6.47s Sys=0.06s Real=0.86s
[18.183s][info][gc,start       ] GC(215) Pause Full (Ergonomics)
[18.183s][info][gc,phases,start] GC(215) Marking Phase
[18.828s][info][gc,phases      ] GC(215) Marking Phase 644.947ms
[18.828s][info][gc,phases,start] GC(215) Summary Phase
[18.828s][info][gc,phases      ] GC(215) Summary Phase 0.038ms
[18.828s][info][gc,phases,start] GC(215) Adjust Roots
[18.829s][info][gc,phases      ] GC(215) Adjust Roots 0.163ms
[18.829s][info][gc,phases,start] GC(215) Compaction Phase
[19.006s][info][gc,phases      ] GC(215) Compaction Phase 177.190ms
[19.006s][info][gc,phases,start] GC(215) Post Compact
[19.010s][info][gc,phases      ] GC(215) Post Compact 4.558ms
[19.010s][info][gc,heap        ] GC(215) PSYoungGen: 40391K(205312K)->40102K(205824K) Eden: 5015K(50176K)->40102K(50176K) From: 35376K(155136K)->0K(155648K)
[19.010s][info][gc,heap        ] GC(215) ParOldGen: 2798789K(2799104K)->2798789K(2799104K)
[19.011s][info][gc,metaspace   ] GC(215) Metaspace: 6299K(6464K)->6299K(6464K) NonClass: 5766K(5824K)->5766K(5824K) Class: 533K(640K)->533K(640K)
[19.011s][info][gc             ] GC(215) Pause Full (Ergonomics) 2772M->2772M(2934M) 827.259ms
[19.011s][info][gc,cpu         ] GC(215) User=6.34s Sys=0.00s Real=0.83s
[19.011s][info][gc,start       ] GC(216) Pause Full (Allocation Failure)
[19.011s][info][gc,phases,start] GC(216) Marking Phase
[19.664s][info][gc,phases      ] GC(216) Marking Phase 653.220ms
[19.664s][info][gc,phases,start] GC(216) Summary Phase
[19.664s][info][gc,phases      ] GC(216) Summary Phase 0.040ms
[19.664s][info][gc,phases,start] GC(216) Adjust Roots
[19.664s][info][gc,phases      ] GC(216) Adjust Roots 0.419ms
[19.664s][info][gc,phases,start] GC(216) Compaction Phase
[20.367s][info][gc,phases      ] GC(216) Compaction Phase 702.387ms
[20.367s][info][gc,phases,start] GC(216) Post Compact
[20.372s][info][gc,phases      ] GC(216) Post Compact 5.107ms
[20.372s][info][gc,heap        ] GC(216) PSYoungGen: 40102K(205824K)->40102K(205312K) Eden: 40102K(50176K)->40102K(50176K) From: 0K(155648K)->0K(155136K)
[20.372s][info][gc,heap        ] GC(216) ParOldGen: 2798789K(2799104K)->2798784K(2799104K)
[20.372s][info][gc,metaspace   ] GC(216) Metaspace: 6299K(6464K)->6298K(6464K) NonClass: 5766K(5824K)->5765K(5824K) Class: 533K(640K)->532K(640K)
[20.372s][info][gc             ] GC(216) Pause Full (Allocation Failure) 2772M->2772M(2934M) 1361.611ms
[20.372s][info][gc,cpu         ] GC(216) User=10.12s Sys=0.00s Real=1.36s
[20.374s][info][gc,heap,exit   ] Heap
[20.374s][info][gc,heap,exit   ]  PSYoungGen      total 205312K, used 42109K [0x00000007aa980000, 0x00000007c1000000, 0x0000000800000000)
[20.374s][info][gc,heap,exit   ]   eden space 50176K, 83% used [0x00000007aa980000,0x00000007ad29f478,0x00000007ada80000)
[20.374s][info][gc,heap,exit   ]   from space 155136K, 0% used [0x00000007ada80000,0x00000007ada80000,0x00000007b7200000)
[20.374s][info][gc,heap,exit   ]   to   space 155648K, 0% used [0x00000007b7800000,0x00000007b7800000,0x00000007c1000000)
[20.374s][info][gc,heap,exit   ]  ParOldGen       total 2799104K, used 2798784K [0x00000006ffc00000, 0x00000007aa980000, 0x00000007aa980000)
[20.374s][info][gc,heap,exit   ]   object space 2799104K, 99% used [0x00000006ffc00000,0x00000007aa9303b8,0x00000007aa980000)
[20.374s][info][gc,heap,exit   ]  Metaspace       used 6302K, committed 6464K, reserved 1114112K
[20.374s][info][gc,heap,exit   ]   class space    used 534K, committed 640K, reserved 1048576K
