[0.013s][info][gc,init] CardTable entry size: 512
[0.014s][info][gc     ] Using Parallel
[0.015s][info][gc,init] Version: 18.0.1+10 (release)
[0.015s][info][gc,init] CPUs: 8 total, 8 available
[0.015s][info][gc,init] Memory: 16063M
[0.015s][info][gc,init] Large Page Support: Disabled
[0.015s][info][gc,init] NUMA Support: Disabled
[0.015s][info][gc,init] Compressed Oops: Enabled (Zero based)
[0.015s][info][gc,init] Alignments: Space 512K, Generation 512K, Heap 2M
[0.015s][info][gc,init] Heap Min Capacity: 2M
[0.016s][info][gc,init] Heap Initial Capacity: 2M
[0.016s][info][gc,init] Heap Max Capacity: 15400M
[0.016s][info][gc,init] Pre-touch: Disabled
[0.016s][info][gc,init] Parallel Workers: 8
[0.016s][info][gc,metaspace] CDS archive(s) not mapped
[0.016s][info][gc,metaspace] Compressed class space mapped at: 0x0000000800000000-0x0000000840000000, reserved size: 1073741824
[0.016s][info][gc,metaspace] Narrow klass base: 0x0000000800000000, Narrow klass shift: 0, Narrow klass range: 0x40000000
[0.120s][info][gc,start    ] GC(0) Pause Young (Allocation Failure)
[0.122s][info][gc,heap     ] GC(0) PSYoungGen: 512K(1024K)->480K(1024K) Eden: 512K(512K)->0K(512K) From: 0K(512K)->480K(512K)
[0.122s][info][gc,heap     ] GC(0) ParOldGen: 0K(512K)->8K(512K)
[0.122s][info][gc,metaspace] GC(0) Metaspace: 4229K(4352K)->4229K(4352K) NonClass: 3908K(3968K)->3908K(3968K) Class: 321K(384K)->321K(384K)
[0.122s][info][gc          ] GC(0) Pause Young (Allocation Failure) 0M->0M(1M) 1.646ms
[0.122s][info][gc,cpu      ] GC(0) User=0.00s Sys=0.00s Real=0.00s
[0.190s][info][gc,start    ] GC(1) Pause Young (Allocation Failure)
[0.191s][info][gc,heap     ] GC(1) PSYoungGen: 991K(1024K)->512K(1536K) Eden: 511K(512K)->0K(1024K) From: 480K(512K)->512K(512K)
[0.191s][info][gc,heap     ] GC(1) ParOldGen: 8K(512K)->96K(512K)
[0.191s][info][gc,metaspace] GC(1) Metaspace: 5877K(5952K)->5877K(5952K) NonClass: 5380K(5440K)->5380K(5440K) Class: 496K(512K)->496K(512K)
[0.191s][info][gc          ] GC(1) Pause Young (Allocation Failure) 0M->0M(2M) 0.834ms
[0.191s][info][gc,cpu      ] GC(1) User=0.00s Sys=0.00s Real=0.00s
[0.211s][info][gc,start    ] GC(2) Pause Young (Allocation Failure)
[0.212s][info][gc,heap     ] GC(2) PSYoungGen: 1536K(1536K)->512K(1536K) Eden: 1024K(1024K)->0K(1024K) From: 512K(512K)->512K(512K)
[0.212s][info][gc,heap     ] GC(2) ParOldGen: 96K(512K)->520K(1024K)
[0.212s][info][gc,metaspace] GC(2) Metaspace: 6295K(6464K)->6295K(6464K) NonClass: 5761K(5824K)->5761K(5824K) Class: 533K(640K)->533K(640K)
[0.212s][info][gc          ] GC(2) Pause Young (Allocation Failure) 1M->1M(2M) 1.161ms
[0.212s][info][gc,cpu      ] GC(2) User=0.00s Sys=0.00s Real=0.00s
[0.213s][info][gc,start    ] GC(3) Pause Young (Allocation Failure)
[0.215s][info][gc,heap     ] GC(3) PSYoungGen: 1536K(1536K)->480K(2560K) Eden: 1024K(1024K)->0K(2048K) From: 512K(512K)->480K(512K)
[0.215s][info][gc,heap     ] GC(3) ParOldGen: 520K(1024K)->1076K(1536K)
[0.215s][info][gc,metaspace] GC(3) Metaspace: 6295K(6464K)->6295K(6464K) NonClass: 5761K(5824K)->5761K(5824K) Class: 533K(640K)->533K(640K)
[0.215s][info][gc          ] GC(3) Pause Young (Allocation Failure) 2M->1M(4M) 1.416ms
[0.215s][info][gc,cpu      ] GC(3) User=0.00s Sys=0.00s Real=0.00s
[0.215s][info][gc,start    ] GC(4) Pause Full (Ergonomics)
[0.215s][info][gc,phases,start] GC(4) Marking Phase
[0.216s][info][gc,phases      ] GC(4) Marking Phase 1.222ms
[0.216s][info][gc,phases,start] GC(4) Summary Phase
[0.216s][info][gc,phases      ] GC(4) Summary Phase 0.015ms
[0.216s][info][gc,phases,start] GC(4) Adjust Roots
[0.216s][info][gc,phases      ] GC(4) Adjust Roots 0.354ms
[0.216s][info][gc,phases,start] GC(4) Compaction Phase
[0.219s][info][gc,phases      ] GC(4) Compaction Phase 2.365ms
[0.219s][info][gc,phases,start] GC(4) Post Compact
[0.219s][info][gc,phases      ] GC(4) Post Compact 0.088ms
[0.219s][info][gc,heap        ] GC(4) PSYoungGen: 480K(2560K)->0K(2560K) Eden: 0K(2048K)->0K(2048K) From: 480K(512K)->0K(512K)
[0.219s][info][gc,heap        ] GC(4) ParOldGen: 1076K(1536K)->1495K(3584K)
[0.219s][info][gc,metaspace   ] GC(4) Metaspace: 6295K(6464K)->6295K(6464K) NonClass: 5761K(5824K)->5761K(5824K) Class: 533K(640K)->533K(640K)
[0.219s][info][gc             ] GC(4) Pause Full (Ergonomics) 1M->1M(6M) 4.383ms
[0.219s][info][gc,cpu         ] GC(4) User=0.00s Sys=0.00s Real=0.00s
[0.222s][info][gc,start       ] GC(5) Pause Young (Allocation Failure)
[0.223s][info][gc,heap        ] GC(5) PSYoungGen: 2048K(2560K)->480K(3584K) Eden: 2048K(2048K)->0K(3072K) From: 0K(512K)->480K(512K)
[0.223s][info][gc,heap        ] GC(5) ParOldGen: 1495K(3584K)->2111K(3584K)
[0.223s][info][gc,metaspace   ] GC(5) Metaspace: 6295K(6464K)->6295K(6464K) NonClass: 5761K(5824K)->5761K(5824K) Class: 533K(640K)->533K(640K)
[0.223s][info][gc             ] GC(5) Pause Young (Allocation Failure) 3M->2M(7M) 1.234ms
[0.223s][info][gc,cpu         ] GC(5) User=0.00s Sys=0.00s Real=0.00s
[0.228s][info][gc,start       ] GC(6) Pause Young (Allocation Failure)
[0.230s][info][gc,heap        ] GC(6) PSYoungGen: 3552K(3584K)->1504K(4608K) Eden: 3072K(3072K)->0K(3072K) From: 480K(512K)->1504K(1536K)
[0.230s][info][gc,heap        ] GC(6) ParOldGen: 2111K(3584K)->2679K(3584K)
[0.230s][info][gc,metaspace   ] GC(6) Metaspace: 6295K(6464K)->6295K(6464K) NonClass: 5761K(5824K)->5761K(5824K) Class: 533K(640K)->533K(640K)
[0.230s][info][gc             ] GC(6) Pause Young (Allocation Failure) 5M->4M(8M) 2.322ms
[0.230s][info][gc,cpu         ] GC(6) User=0.00s Sys=0.00s Real=0.00s
[0.234s][info][gc,start       ] GC(7) Pause Young (Allocation Failure)
[0.237s][info][gc,heap        ] GC(7) PSYoungGen: 4576K(4608K)->2016K(7168K) Eden: 3072K(3072K)->0K(5120K) From: 1504K(1536K)->2016K(2048K)
[0.237s][info][gc,heap        ] GC(7) ParOldGen: 2679K(3584K)->3767K(4096K)
[0.237s][info][gc,metaspace   ] GC(7) Metaspace: 6295K(6464K)->6295K(6464K) NonClass: 5761K(5824K)->5761K(5824K) Class: 533K(640K)->533K(640K)
[0.237s][info][gc             ] GC(7) Pause Young (Allocation Failure) 7M->5M(11M) 3.092ms
[0.237s][info][gc,cpu         ] GC(7) User=0.00s Sys=0.00s Real=0.00s
[0.237s][info][gc,start       ] GC(8) Pause Full (Ergonomics)
[0.237s][info][gc,phases,start] GC(8) Marking Phase
[0.240s][info][gc,phases      ] GC(8) Marking Phase 2.552ms
[0.240s][info][gc,phases,start] GC(8) Summary Phase
[0.240s][info][gc,phases      ] GC(8) Summary Phase 0.014ms
[0.240s][info][gc,phases,start] GC(8) Adjust Roots
[0.240s][info][gc,phases      ] GC(8) Adjust Roots 0.322ms
[0.240s][info][gc,phases,start] GC(8) Compaction Phase
[0.244s][info][gc,phases      ] GC(8) Compaction Phase 3.183ms
[0.244s][info][gc,phases,start] GC(8) Post Compact
[0.244s][info][gc,phases      ] GC(8) Post Compact 0.046ms
[0.244s][info][gc,heap        ] GC(8) PSYoungGen: 2016K(7168K)->2012K(7168K) Eden: 0K(5120K)->0K(5120K) From: 2016K(2048K)->2012K(2048K)
[0.244s][info][gc,heap        ] GC(8) ParOldGen: 3767K(4096K)->3682K(6656K)
[0.244s][info][gc,metaspace   ] GC(8) Metaspace: 6295K(6464K)->6295K(6464K) NonClass: 5761K(5824K)->5761K(5824K) Class: 533K(640K)->533K(640K)
[0.244s][info][gc             ] GC(8) Pause Full (Ergonomics) 5M->5M(13M) 6.413ms
[0.244s][info][gc,cpu         ] GC(8) User=0.02s Sys=0.00s Real=0.01s
[0.251s][info][gc,start       ] GC(9) Pause Young (Allocation Failure)
[0.255s][info][gc,heap        ] GC(9) PSYoungGen: 7132K(7168K)->3040K(8192K) Eden: 5120K(5120K)->0K(5120K) From: 2012K(2048K)->3040K(3072K)
[0.255s][info][gc,heap        ] GC(9) ParOldGen: 3682K(6656K)->5330K(6656K)
[0.255s][info][gc,metaspace   ] GC(9) Metaspace: 6295K(6464K)->6295K(6464K) NonClass: 5761K(5824K)->5761K(5824K) Class: 533K(640K)->533K(640K)
[0.255s][info][gc             ] GC(9) Pause Young (Allocation Failure) 10M->8M(14M) 3.881ms
[0.255s][info][gc,cpu         ] GC(9) User=0.00s Sys=0.00s Real=0.00s
[0.255s][info][gc,start       ] GC(10) Pause Full (Ergonomics)
[0.255s][info][gc,phases,start] GC(10) Marking Phase
[0.259s][info][gc,phases      ] GC(10) Marking Phase 4.228ms
[0.259s][info][gc,phases,start] GC(10) Summary Phase
[0.259s][info][gc,phases      ] GC(10) Summary Phase 0.016ms
[0.259s][info][gc,phases,start] GC(10) Adjust Roots
[0.259s][info][gc,phases      ] GC(10) Adjust Roots 0.182ms
[0.259s][info][gc,phases,start] GC(10) Compaction Phase
[0.262s][info][gc,phases      ] GC(10) Compaction Phase 2.638ms
[0.262s][info][gc,phases,start] GC(10) Post Compact
[0.262s][info][gc,phases      ] GC(10) Post Compact 0.071ms
[0.262s][info][gc,heap        ] GC(10) PSYoungGen: 3040K(8192K)->2012K(8192K) Eden: 0K(5120K)->0K(5120K) From: 3040K(3072K)->2012K(3072K)
[0.262s][info][gc,heap        ] GC(10) ParOldGen: 5330K(6656K)->6318K(10752K)
[0.262s][info][gc,metaspace   ] GC(10) Metaspace: 6295K(6464K)->6295K(6464K) NonClass: 5761K(5824K)->5761K(5824K) Class: 533K(640K)->533K(640K)
[0.262s][info][gc             ] GC(10) Pause Full (Ergonomics) 8M->8M(18M) 7.569ms
[0.262s][info][gc,cpu         ] GC(10) User=0.00s Sys=0.00s Real=0.01s
[0.268s][info][gc,start       ] GC(11) Pause Young (Allocation Failure)
[0.273s][info][gc,heap        ] GC(11) PSYoungGen: 7132K(8192K)->4224K(10752K) Eden: 5120K(5120K)->0K(6144K) From: 2012K(3072K)->4224K(4608K)
[0.273s][info][gc,heap        ] GC(11) ParOldGen: 6318K(10752K)->6806K(10752K)
[0.273s][info][gc,metaspace   ] GC(11) Metaspace: 6295K(6464K)->6295K(6464K) NonClass: 5761K(5824K)->5761K(5824K) Class: 533K(640K)->533K(640K)
[0.273s][info][gc             ] GC(11) Pause Young (Allocation Failure) 13M->10M(21M) 4.371ms
[0.273s][info][gc,cpu         ] GC(11) User=0.00s Sys=0.00s Real=0.01s
[0.279s][info][gc,start       ] GC(12) Pause Young (Allocation Failure)
[0.285s][info][gc,heap        ] GC(12) PSYoungGen: 10368K(10752K)->5088K(11264K) Eden: 6144K(6144K)->0K(6144K) From: 4224K(4608K)->5088K(5120K)
[0.285s][info][gc,heap        ] GC(12) ParOldGen: 6806K(10752K)->9374K(10752K)
[0.285s][info][gc,metaspace   ] GC(12) Metaspace: 6295K(6464K)->6295K(6464K) NonClass: 5761K(5824K)->5761K(5824K) Class: 533K(640K)->533K(640K)
[0.285s][info][gc             ] GC(12) Pause Young (Allocation Failure) 16M->14M(21M) 5.662ms
[0.285s][info][gc,cpu         ] GC(12) User=0.00s Sys=0.00s Real=0.01s
[0.285s][info][gc,start       ] GC(13) Pause Full (Ergonomics)
[0.285s][info][gc,phases,start] GC(13) Marking Phase
[0.291s][info][gc,phases      ] GC(13) Marking Phase 5.818ms
[0.291s][info][gc,phases,start] GC(13) Summary Phase
[0.291s][info][gc,phases      ] GC(13) Summary Phase 0.015ms
[0.291s][info][gc,phases,start] GC(13) Adjust Roots
[0.291s][info][gc,phases      ] GC(13) Adjust Roots 0.180ms
[0.291s][info][gc,phases,start] GC(13) Compaction Phase
[0.297s][info][gc,phases      ] GC(13) Compaction Phase 5.732ms
[0.297s][info][gc,phases,start] GC(13) Post Compact
[0.297s][info][gc,phases      ] GC(13) Post Compact 0.072ms
[0.297s][info][gc,heap        ] GC(13) PSYoungGen: 5088K(11264K)->3545K(11264K) Eden: 0K(6144K)->0K(6144K) From: 5088K(5120K)->3545K(5120K)
[0.297s][info][gc,heap        ] GC(13) ParOldGen: 9374K(10752K)->10586K(16384K)
[0.297s][info][gc,metaspace   ] GC(13) Metaspace: 6295K(6464K)->6295K(6464K) NonClass: 5761K(5824K)->5761K(5824K) Class: 533K(640K)->533K(640K)
[0.297s][info][gc             ] GC(13) Pause Full (Ergonomics) 14M->13M(27M) 12.131ms
[0.297s][info][gc,cpu         ] GC(13) User=0.02s Sys=0.00s Real=0.01s
[0.302s][info][gc,start       ] GC(14) Pause Young (Allocation Failure)
[0.307s][info][gc,heap        ] GC(14) PSYoungGen: 9689K(11264K)->4640K(15872K) Eden: 6144K(6144K)->0K(8704K) From: 3545K(5120K)->4640K(7168K)
[0.307s][info][gc,heap        ] GC(14) ParOldGen: 10586K(16384K)->12714K(16384K)
[0.307s][info][gc,metaspace   ] GC(14) Metaspace: 6297K(6464K)->6297K(6464K) NonClass: 5763K(5824K)->5763K(5824K) Class: 533K(640K)->533K(640K)
[0.307s][info][gc             ] GC(14) Pause Young (Allocation Failure) 19M->16M(31M) 5.695ms
[0.308s][info][gc,cpu         ] GC(14) User=0.02s Sys=0.00s Real=0.01s
[0.313s][info][gc,start       ] GC(15) Pause Young (Allocation Failure)
[0.319s][info][gc,heap        ] GC(15) PSYoungGen: 13344K(15872K)->7168K(15872K) Eden: 8704K(8704K)->0K(8704K) From: 4640K(7168K)->7168K(7168K)
[0.319s][info][gc,heap        ] GC(15) ParOldGen: 12714K(16384K)->14682K(16384K)
[0.319s][info][gc,metaspace   ] GC(15) Metaspace: 6297K(6464K)->6297K(6464K) NonClass: 5763K(5824K)->5763K(5824K) Class: 533K(640K)->533K(640K)
[0.319s][info][gc             ] GC(15) Pause Young (Allocation Failure) 25M->21M(31M) 6.357ms
[0.319s][info][gc,cpu         ] GC(15) User=0.02s Sys=0.00s Real=0.01s
[0.319s][info][gc,start       ] GC(16) Pause Full (Ergonomics)
[0.319s][info][gc,phases,start] GC(16) Marking Phase
[0.328s][info][gc,phases      ] GC(16) Marking Phase 9.118ms
[0.329s][info][gc,phases,start] GC(16) Summary Phase
[0.329s][info][gc,phases      ] GC(16) Summary Phase 0.019ms
[0.329s][info][gc,phases,start] GC(16) Adjust Roots
[0.329s][info][gc,phases      ] GC(16) Adjust Roots 0.214ms
[0.329s][info][gc,phases,start] GC(16) Compaction Phase
[0.335s][info][gc,phases      ] GC(16) Compaction Phase 6.657ms
[0.336s][info][gc,phases,start] GC(16) Post Compact
[0.336s][info][gc,phases      ] GC(16) Post Compact 0.123ms
[0.336s][info][gc,heap        ] GC(16) PSYoungGen: 7168K(15872K)->5620K(15872K) Eden: 0K(8704K)->0K(8704K) From: 7168K(7168K)->5620K(7168K)
[0.336s][info][gc,heap        ] GC(16) ParOldGen: 14682K(16384K)->16144K(23552K)
[0.336s][info][gc,metaspace   ] GC(16) Metaspace: 6297K(6464K)->6297K(6464K) NonClass: 5763K(5824K)->5763K(5824K) Class: 533K(640K)->533K(640K)
[0.336s][info][gc             ] GC(16) Pause Full (Ergonomics) 21M->21M(38M) 16.507ms
[0.336s][info][gc,cpu         ] GC(16) User=0.00s Sys=0.00s Real=0.02s
[0.343s][info][gc,start       ] GC(17) Pause Young (Allocation Failure)
[0.352s][info][gc,heap        ] GC(17) PSYoungGen: 14324K(15872K)->5024K(20992K) Eden: 8704K(8704K)->0K(11776K) From: 5620K(7168K)->5024K(9216K)
[0.352s][info][gc,heap        ] GC(17) ParOldGen: 16144K(23552K)->21864K(23552K)
[0.352s][info][gc,metaspace   ] GC(17) Metaspace: 6297K(6464K)->6297K(6464K) NonClass: 5763K(5824K)->5763K(5824K) Class: 533K(640K)->533K(640K)
[0.352s][info][gc             ] GC(17) Pause Young (Allocation Failure) 29M->26M(43M) 8.712ms
[0.352s][info][gc,cpu         ] GC(17) User=0.00s Sys=0.02s Real=0.01s
[0.352s][info][gc,start       ] GC(18) Pause Full (Ergonomics)
[0.352s][info][gc,phases,start] GC(18) Marking Phase
[0.363s][info][gc,phases      ] GC(18) Marking Phase 11.095ms
[0.363s][info][gc,phases,start] GC(18) Summary Phase
[0.363s][info][gc,phases      ] GC(18) Summary Phase 0.019ms
[0.363s][info][gc,phases,start] GC(18) Adjust Roots
[0.363s][info][gc,phases      ] GC(18) Adjust Roots 0.175ms
[0.363s][info][gc,phases,start] GC(18) Compaction Phase
[0.372s][info][gc,phases      ] GC(18) Compaction Phase 8.464ms
[0.372s][info][gc,phases,start] GC(18) Post Compact
[0.372s][info][gc,phases      ] GC(18) Post Compact 0.092ms
[0.372s][info][gc,heap        ] GC(18) PSYoungGen: 5024K(20992K)->2945K(20992K) Eden: 0K(11776K)->0K(11776K) From: 5024K(9216K)->2945K(9216K)
[0.372s][info][gc,heap        ] GC(18) ParOldGen: 21864K(23552K)->23299K(33792K)
[0.372s][info][gc,metaspace   ] GC(18) Metaspace: 6297K(6464K)->6297K(6464K) NonClass: 5763K(5824K)->5763K(5824K) Class: 533K(640K)->533K(640K)
[0.372s][info][gc             ] GC(18) Pause Full (Ergonomics) 26M->25M(53M) 20.165ms
[0.372s][info][gc,cpu         ] GC(18) User=0.00s Sys=0.00s Real=0.02s
[0.381s][info][gc,start       ] GC(19) Pause Young (Allocation Failure)
[0.388s][info][gc,heap        ] GC(19) PSYoungGen: 14721K(20992K)->6144K(20992K) Eden: 11776K(11776K)->0K(11776K) From: 2945K(9216K)->6144K(9216K)
[0.388s][info][gc,heap        ] GC(19) ParOldGen: 23299K(33792K)->26299K(33792K)
[0.388s][info][gc,metaspace   ] GC(19) Metaspace: 6297K(6464K)->6297K(6464K) NonClass: 5763K(5824K)->5763K(5824K) Class: 533K(640K)->533K(640K)
[0.389s][info][gc             ] GC(19) Pause Young (Allocation Failure) 37M->31M(53M) 7.956ms
[0.389s][info][gc,cpu         ] GC(19) User=0.00s Sys=0.00s Real=0.01s
[0.399s][info][gc,start       ] GC(20) Pause Young (Allocation Failure)
[0.413s][info][gc,heap        ] GC(20) PSYoungGen: 17920K(20992K)->9728K(20480K) Eden: 11776K(11776K)->0K(10752K) From: 6144K(9216K)->9728K(9728K)
[0.413s][info][gc,heap        ] GC(20) ParOldGen: 26299K(33792K)->33835K(34304K)
[0.413s][info][gc,metaspace   ] GC(20) Metaspace: 6297K(6464K)->6297K(6464K) NonClass: 5763K(5824K)->5763K(5824K) Class: 533K(640K)->533K(640K)
[0.413s][info][gc             ] GC(20) Pause Young (Allocation Failure) 43M->42M(53M) 13.452ms
[0.413s][info][gc,cpu         ] GC(20) User=0.00s Sys=0.00s Real=0.01s
[0.413s][info][gc,start       ] GC(21) Pause Full (Ergonomics)
[0.413s][info][gc,phases,start] GC(21) Marking Phase
[0.429s][info][gc,phases      ] GC(21) Marking Phase 16.695ms
[0.430s][info][gc,phases,start] GC(21) Summary Phase
[0.430s][info][gc,phases      ] GC(21) Summary Phase 0.019ms
[0.430s][info][gc,phases,start] GC(21) Adjust Roots
[0.430s][info][gc,phases      ] GC(21) Adjust Roots 0.203ms
[0.430s][info][gc,phases,start] GC(21) Compaction Phase
[0.443s][info][gc,phases      ] GC(21) Compaction Phase 13.255ms
[0.443s][info][gc,phases,start] GC(21) Post Compact
[0.443s][info][gc,phases      ] GC(21) Post Compact 0.257ms
[0.444s][info][gc,heap        ] GC(21) PSYoungGen: 9728K(20480K)->9197K(20480K) Eden: 0K(10752K)->0K(10752K) From: 9728K(9728K)->9197K(9728K)
[0.444s][info][gc,heap        ] GC(21) ParOldGen: 33835K(34304K)->34168K(48640K)
[0.444s][info][gc,metaspace   ] GC(21) Metaspace: 6297K(6464K)->6297K(6464K) NonClass: 5763K(5824K)->5763K(5824K) Class: 533K(640K)->533K(640K)
[0.444s][info][gc             ] GC(21) Pause Full (Ergonomics) 42M->42M(67M) 30.834ms
[0.444s][info][gc,cpu         ] GC(21) User=0.06s Sys=0.00s Real=0.03s
[0.460s][info][gc,start       ] GC(22) Pause Young (Allocation Failure)
[0.475s][info][gc,heap        ] GC(22) PSYoungGen: 19949K(20480K)->10784K(25088K) Eden: 10752K(10752K)->0K(10752K) From: 9197K(9728K)->10784K(14336K)
[0.475s][info][gc,heap        ] GC(22) ParOldGen: 34168K(48640K)->43520K(48640K)
[0.475s][info][gc,metaspace   ] GC(22) Metaspace: 6297K(6464K)->6297K(6464K) NonClass: 5763K(5824K)->5763K(5824K) Class: 533K(640K)->533K(640K)
[0.475s][info][gc             ] GC(22) Pause Young (Allocation Failure) 52M->53M(72M) 15.022ms
[0.475s][info][gc,cpu         ] GC(22) User=0.00s Sys=0.00s Real=0.01s
[0.475s][info][gc,start       ] GC(23) Pause Full (Ergonomics)
[0.475s][info][gc,phases,start] GC(23) Marking Phase
[0.496s][info][gc,phases      ] GC(23) Marking Phase 20.570ms
[0.496s][info][gc,phases,start] GC(23) Summary Phase
[0.496s][info][gc,phases      ] GC(23) Summary Phase 0.020ms
[0.496s][info][gc,phases,start] GC(23) Adjust Roots
[0.496s][info][gc,phases      ] GC(23) Adjust Roots 0.236ms
[0.496s][info][gc,phases,start] GC(23) Compaction Phase
[0.514s][info][gc,phases      ] GC(23) Compaction Phase 18.056ms
[0.514s][info][gc,phases,start] GC(23) Post Compact
[0.514s][info][gc,phases      ] GC(23) Post Compact 0.168ms
[0.515s][info][gc,heap        ] GC(23) PSYoungGen: 10784K(25088K)->4591K(25088K) Eden: 0K(10752K)->0K(10752K) From: 10784K(14336K)->4591K(14336K)
[0.515s][info][gc,heap        ] GC(23) ParOldGen: 43520K(48640K)->48478K(66560K)
[0.515s][info][gc,metaspace   ] GC(23) Metaspace: 6297K(6464K)->6297K(6464K) NonClass: 5763K(5824K)->5763K(5824K) Class: 533K(640K)->533K(640K)
[0.515s][info][gc             ] GC(23) Pause Full (Ergonomics) 53M->51M(89M) 39.522ms
[0.515s][info][gc,cpu         ] GC(23) User=0.05s Sys=0.00s Real=0.04s
[0.525s][info][gc,start       ] GC(24) Pause Young (Allocation Failure)
[0.540s][info][gc,heap        ] GC(24) PSYoungGen: 15343K(25088K)->15360K(25600K) Eden: 10752K(10752K)->0K(10240K) From: 4591K(14336K)->15360K(15360K)
[0.540s][info][gc,heap        ] GC(24) ParOldGen: 48478K(66560K)->48478K(66560K)
[0.540s][info][gc,metaspace   ] GC(24) Metaspace: 6297K(6464K)->6297K(6464K) NonClass: 5763K(5824K)->5763K(5824K) Class: 533K(640K)->533K(640K)
[0.540s][info][gc             ] GC(24) Pause Young (Allocation Failure) 62M->62M(90M) 15.154ms
[0.540s][info][gc,cpu         ] GC(24) User=0.00s Sys=0.00s Real=0.02s
[0.550s][info][gc,start       ] GC(25) Pause Young (Allocation Failure)
[0.566s][info][gc,heap        ] GC(25) PSYoungGen: 25600K(25600K)->17920K(28160K) Eden: 10240K(10240K)->0K(10240K) From: 15360K(15360K)->17920K(17920K)
[0.566s][info][gc,heap        ] GC(25) ParOldGen: 48478K(66560K)->56238K(66560K)
[0.566s][info][gc,metaspace   ] GC(25) Metaspace: 6297K(6464K)->6297K(6464K) NonClass: 5763K(5824K)->5763K(5824K) Class: 533K(640K)->533K(640K)
[0.566s][info][gc             ] GC(25) Pause Young (Allocation Failure) 72M->72M(92M) 16.434ms
[0.566s][info][gc,cpu         ] GC(25) User=0.03s Sys=0.00s Real=0.02s
[0.576s][info][gc,start       ] GC(26) Pause Young (Allocation Failure)
[0.596s][info][gc,heap        ] GC(26) PSYoungGen: 28160K(28160K)->17312K(34816K) Eden: 10240K(10240K)->0K(10752K) From: 17920K(17920K)->17312K(24064K)
[0.596s][info][gc,heap        ] GC(26) ParOldGen: 56238K(66560K)->67262K(67584K)
[0.596s][info][gc,metaspace   ] GC(26) Metaspace: 6297K(6464K)->6297K(6464K) NonClass: 5763K(5824K)->5763K(5824K) Class: 533K(640K)->533K(640K)
[0.596s][info][gc             ] GC(26) Pause Young (Allocation Failure) 82M->82M(100M) 20.096ms
[0.596s][info][gc,cpu         ] GC(26) User=0.03s Sys=0.00s Real=0.02s
[0.596s][info][gc,start       ] GC(27) Pause Full (Ergonomics)
[0.596s][info][gc,phases,start] GC(27) Marking Phase
[0.629s][info][gc,phases      ] GC(27) Marking Phase 32.821ms
[0.629s][info][gc,phases,start] GC(27) Summary Phase
[0.629s][info][gc,phases      ] GC(27) Summary Phase 0.020ms
[0.629s][info][gc,phases,start] GC(27) Adjust Roots
[0.629s][info][gc,phases      ] GC(27) Adjust Roots 0.164ms
[0.630s][info][gc,phases,start] GC(27) Compaction Phase
[0.655s][info][gc,phases      ] GC(27) Compaction Phase 25.737ms
[0.655s][info][gc,phases,start] GC(27) Post Compact
[0.656s][info][gc,phases      ] GC(27) Post Compact 0.447ms
[0.656s][info][gc,heap        ] GC(27) PSYoungGen: 17312K(34816K)->16733K(34816K) Eden: 0K(10752K)->0K(10752K) From: 17312K(24064K)->16733K(24064K)
[0.656s][info][gc,heap        ] GC(27) ParOldGen: 67262K(67584K)->67471K(90624K)
[0.656s][info][gc,metaspace   ] GC(27) Metaspace: 6297K(6464K)->6297K(6464K) NonClass: 5763K(5824K)->5763K(5824K) Class: 533K(640K)->533K(640K)
[0.656s][info][gc             ] GC(27) Pause Full (Ergonomics) 82M->82M(122M) 59.667ms
[0.656s][info][gc,cpu         ] GC(27) User=0.09s Sys=0.00s Real=0.06s
[0.674s][info][gc,start       ] GC(28) Pause Young (Allocation Failure)
[0.696s][info][gc,heap        ] GC(28) PSYoungGen: 27485K(34816K)->24832K(36352K) Eden: 10752K(10752K)->0K(10752K) From: 16733K(24064K)->24832K(25600K)
[0.696s][info][gc,heap        ] GC(28) ParOldGen: 67471K(90624K)->74359K(90624K)
[0.696s][info][gc,metaspace   ] GC(28) Metaspace: 6297K(6464K)->6297K(6464K) NonClass: 5763K(5824K)->5763K(5824K) Class: 533K(640K)->533K(640K)
[0.696s][info][gc             ] GC(28) Pause Young (Allocation Failure) 92M->96M(124M) 21.963ms
[0.696s][info][gc,cpu         ] GC(28) User=0.03s Sys=0.00s Real=0.02s
[0.706s][info][gc,start       ] GC(29) Pause Young (Allocation Failure)
[0.725s][info][gc,heap        ] GC(29) PSYoungGen: 35584K(36352K)->21504K(40960K) Eden: 10752K(10752K)->0K(11264K) From: 24832K(25600K)->21504K(29696K)
[0.725s][info][gc,heap        ] GC(29) ParOldGen: 74359K(90624K)->84479K(90624K)
[0.725s][info][gc,metaspace   ] GC(29) Metaspace: 6297K(6464K)->6297K(6464K) NonClass: 5763K(5824K)->5763K(5824K) Class: 533K(640K)->533K(640K)
[0.725s][info][gc             ] GC(29) Pause Young (Allocation Failure) 107M->103M(128M) 19.871ms
[0.725s][info][gc,cpu         ] GC(29) User=0.02s Sys=0.02s Real=0.02s
[0.726s][info][gc,start       ] GC(30) Pause Full (Ergonomics)
[0.726s][info][gc,phases,start] GC(30) Marking Phase
[0.754s][info][gc,phases      ] GC(30) Marking Phase 27.990ms
[0.754s][info][gc,phases,start] GC(30) Summary Phase
[0.754s][info][gc,phases      ] GC(30) Summary Phase 0.020ms
[0.754s][info][gc,phases,start] GC(30) Adjust Roots
[0.754s][info][gc,phases      ] GC(30) Adjust Roots 0.159ms
[0.754s][info][gc,phases,start] GC(30) Compaction Phase
[0.777s][info][gc,phases      ] GC(30) Compaction Phase 23.056ms
[0.777s][info][gc,phases,start] GC(30) Post Compact
[0.777s][info][gc,phases      ] GC(30) Post Compact 0.361ms
[0.777s][info][gc,heap        ] GC(30) PSYoungGen: 21504K(40960K)->13267K(40960K) Eden: 0K(11264K)->0K(11264K) From: 21504K(29696K)->13267K(29696K)
[0.777s][info][gc,heap        ] GC(30) ParOldGen: 84479K(90624K)->90340K(116736K)
[0.777s][info][gc,metaspace   ] GC(30) Metaspace: 6297K(6464K)->6297K(6464K) NonClass: 5763K(5824K)->5763K(5824K) Class: 533K(640K)->533K(640K)
[0.777s][info][gc             ] GC(30) Pause Full (Ergonomics) 103M->101M(154M) 51.989ms
[0.778s][info][gc,cpu         ] GC(30) User=0.09s Sys=0.00s Real=0.05s
[0.788s][info][gc,start       ] GC(31) Pause Young (Allocation Failure)
[0.806s][info][gc,heap        ] GC(31) PSYoungGen: 24531K(40960K)->19712K(43008K) Eden: 11264K(11264K)->0K(11264K) From: 13267K(29696K)->19712K(31744K)
[0.806s][info][gc,heap        ] GC(31) ParOldGen: 90340K(116736K)->95300K(116736K)
[0.806s][info][gc,metaspace   ] GC(31) Metaspace: 6297K(6464K)->6297K(6464K) NonClass: 5763K(5824K)->5763K(5824K) Class: 533K(640K)->533K(640K)
[0.806s][info][gc             ] GC(31) Pause Young (Allocation Failure) 112M->112M(156M) 18.136ms
[0.806s][info][gc,cpu         ] GC(31) User=0.03s Sys=0.00s Real=0.02s
[0.817s][info][gc,start       ] GC(32) Pause Young (Allocation Failure)
[0.833s][info][gc,heap        ] GC(32) PSYoungGen: 30976K(43008K)->22560K(45056K) Eden: 11264K(11264K)->0K(12288K) From: 19712K(31744K)->22560K(32768K)
[0.833s][info][gc,heap        ] GC(32) ParOldGen: 95300K(116736K)->103836K(116736K)
[0.833s][info][gc,metaspace   ] GC(32) Metaspace: 6297K(6464K)->6297K(6464K) NonClass: 5763K(5824K)->5763K(5824K) Class: 533K(640K)->533K(640K)
[0.833s][info][gc             ] GC(32) Pause Young (Allocation Failure) 123M->123M(158M) 15.898ms
[0.833s][info][gc,cpu         ] GC(32) User=0.02s Sys=0.00s Real=0.02s
[0.833s][info][gc,start       ] GC(33) Pause Full (Ergonomics)
[0.833s][info][gc,phases,start] GC(33) Marking Phase
[0.866s][info][gc,phases      ] GC(33) Marking Phase 33.016ms
[0.866s][info][gc,phases,start] GC(33) Summary Phase
[0.866s][info][gc,phases      ] GC(33) Summary Phase 0.018ms
[0.866s][info][gc,phases,start] GC(33) Adjust Roots
[0.866s][info][gc,phases      ] GC(33) Adjust Roots 0.181ms
[0.866s][info][gc,phases,start] GC(33) Compaction Phase
[0.886s][info][gc,phases      ] GC(33) Compaction Phase 20.027ms
[0.887s][info][gc,phases,start] GC(33) Post Compact
[0.887s][info][gc,phases      ] GC(33) Post Compact 0.592ms
[0.887s][info][gc,heap        ] GC(33) PSYoungGen: 22560K(45056K)->9693K(45056K) Eden: 0K(12288K)->0K(12288K) From: 22560K(32768K)->9693K(32768K)
[0.887s][info][gc,heap        ] GC(33) ParOldGen: 103836K(116736K)->116383K(143872K)
[0.887s][info][gc,metaspace   ] GC(33) Metaspace: 6297K(6464K)->6297K(6464K) NonClass: 5763K(5824K)->5763K(5824K) Class: 533K(640K)->533K(640K)
[0.887s][info][gc             ] GC(33) Pause Full (Ergonomics) 123M->123M(184M) 54.266ms
[0.887s][info][gc,cpu         ] GC(33) User=0.14s Sys=0.02s Real=0.06s
[0.899s][info][gc,start       ] GC(34) Pause Young (Allocation Failure)
[0.917s][info][gc,heap        ] GC(34) PSYoungGen: 21981K(45056K)->16512K(46592K) Eden: 12288K(12288K)->0K(12288K) From: 9693K(32768K)->16512K(34304K)
[0.917s][info][gc,heap        ] GC(34) ParOldGen: 116383K(143872K)->121999K(143872K)
[0.917s][info][gc,metaspace   ] GC(34) Metaspace: 6297K(6464K)->6297K(6464K) NonClass: 5763K(5824K)->5763K(5824K) Class: 533K(640K)->533K(640K)
[0.917s][info][gc             ] GC(34) Pause Young (Allocation Failure) 135M->135M(186M) 18.432ms
[0.917s][info][gc,cpu         ] GC(34) User=0.05s Sys=0.00s Real=0.02s
[0.929s][info][gc,start       ] GC(35) Pause Young (Allocation Failure)
[0.943s][info][gc,heap        ] GC(35) PSYoungGen: 28800K(46592K)->28800K(44544K) Eden: 12288K(12288K)->0K(11264K) From: 16512K(34304K)->28800K(33280K)
[0.943s][info][gc,heap        ] GC(35) ParOldGen: 121999K(143872K)->121999K(143872K)
[0.943s][info][gc,metaspace   ] GC(35) Metaspace: 6297K(6464K)->6297K(6464K) NonClass: 5763K(5824K)->5763K(5824K) Class: 533K(640K)->533K(640K)
[0.943s][info][gc             ] GC(35) Pause Young (Allocation Failure) 147M->147M(184M) 13.853ms
[0.943s][info][gc,cpu         ] GC(35) User=0.00s Sys=0.00s Real=0.01s
[0.954s][info][gc,start       ] GC(36) Pause Young (Allocation Failure)
[0.971s][info][gc,heap        ] GC(36) PSYoungGen: 40064K(44544K)->35904K(48128K) Eden: 11264K(11264K)->0K(11264K) From: 28800K(33280K)->35904K(36864K)
[0.971s][info][gc,heap        ] GC(36) ParOldGen: 121999K(143872K)->126247K(143872K)
[0.971s][info][gc,metaspace   ] GC(36) Metaspace: 6297K(6464K)->6297K(6464K) NonClass: 5763K(5824K)->5763K(5824K) Class: 533K(640K)->533K(640K)
[0.971s][info][gc             ] GC(36) Pause Young (Allocation Failure) 158M->158M(187M) 17.390ms
[0.971s][info][gc,cpu         ] GC(36) User=0.06s Sys=0.00s Real=0.02s
[0.982s][info][gc,start       ] GC(37) Pause Young (Allocation Failure)
[1.005s][info][gc,heap        ] GC(37) PSYoungGen: 47168K(48128K)->34848K(52224K) Eden: 11264K(11264K)->0K(9728K) From: 35904K(36864K)->34848K(42496K)
[1.005s][info][gc,heap        ] GC(37) ParOldGen: 126247K(143872K)->138703K(143872K)
[1.005s][info][gc,metaspace   ] GC(37) Metaspace: 6297K(6464K)->6297K(6464K) NonClass: 5763K(5824K)->5763K(5824K) Class: 533K(640K)->533K(640K)
[1.005s][info][gc             ] GC(37) Pause Young (Allocation Failure) 169M->169M(191M) 22.788ms
[1.005s][info][gc,cpu         ] GC(37) User=0.06s Sys=0.00s Real=0.02s
[1.005s][info][gc,start       ] GC(38) Pause Full (Ergonomics)
[1.005s][info][gc,phases,start] GC(38) Marking Phase
[1.054s][info][gc,phases      ] GC(38) Marking Phase 49.547ms
[1.054s][info][gc,phases,start] GC(38) Summary Phase
[1.054s][info][gc,phases      ] GC(38) Summary Phase 0.017ms
[1.054s][info][gc,phases,start] GC(38) Adjust Roots
[1.055s][info][gc,phases      ] GC(38) Adjust Roots 0.140ms
[1.055s][info][gc,phases,start] GC(38) Compaction Phase
[1.081s][info][gc,phases      ] GC(38) Compaction Phase 25.998ms
[1.081s][info][gc,phases,start] GC(38) Post Compact
[1.081s][info][gc,phases      ] GC(38) Post Compact 0.721ms
[1.082s][info][gc,heap        ] GC(38) PSYoungGen: 34848K(52224K)->29610K(52224K) Eden: 0K(9728K)->0K(9728K) From: 34848K(42496K)->29610K(42496K)
[1.082s][info][gc,heap        ] GC(38) ParOldGen: 138703K(143872K)->143439K(172544K)
[1.082s][info][gc,metaspace   ] GC(38) Metaspace: 6297K(6464K)->6297K(6464K) NonClass: 5763K(5824K)->5763K(5824K) Class: 533K(640K)->533K(640K)
[1.082s][info][gc             ] GC(38) Pause Full (Ergonomics) 169M->168M(219M) 76.849ms
[1.082s][info][gc,cpu         ] GC(38) User=0.22s Sys=0.00s Real=0.08s
[1.122s][info][gc,start       ] GC(39) Pause Young (Allocation Failure)
[1.149s][info][gc,heap        ] GC(39) PSYoungGen: 39338K(52224K)->19712K(29696K) Eden: 9728K(9728K)->0K(9728K) From: 29610K(42496K)->19712K(19968K)
[1.149s][info][gc,heap        ] GC(39) ParOldGen: 151631K(172544K)->171687K(172544K)
[1.149s][info][gc,metaspace   ] GC(39) Metaspace: 6297K(6464K)->6297K(6464K) NonClass: 5763K(5824K)->5763K(5824K) Class: 533K(640K)->533K(640K)
[1.149s][info][gc             ] GC(39) Pause Young (Allocation Failure) 186M->186M(197M) 26.975ms
[1.149s][info][gc,cpu         ] GC(39) User=0.03s Sys=0.00s Real=0.03s
[1.149s][info][gc,start       ] GC(40) Pause Full (Ergonomics)
[1.149s][info][gc,phases,start] GC(40) Marking Phase
[1.198s][info][gc,phases      ] GC(40) Marking Phase 48.666ms
[1.198s][info][gc,phases,start] GC(40) Summary Phase
[1.198s][info][gc,phases      ] GC(40) Summary Phase 0.018ms
[1.198s][info][gc,phases,start] GC(40) Adjust Roots
[1.198s][info][gc,phases      ] GC(40) Adjust Roots 0.171ms
[1.198s][info][gc,phases,start] GC(40) Compaction Phase
[1.234s][info][gc,phases      ] GC(40) Compaction Phase 35.675ms
[1.234s][info][gc,phases,start] GC(40) Post Compact
[1.235s][info][gc,phases      ] GC(40) Post Compact 0.754ms
[1.235s][info][gc,heap        ] GC(40) PSYoungGen: 19712K(29696K)->14453K(29696K) Eden: 0K(9728K)->0K(9728K) From: 19712K(19968K)->14453K(19968K)
[1.235s][info][gc,heap        ] GC(40) ParOldGen: 171687K(172544K)->172390K(208384K)
[1.235s][info][gc,metaspace   ] GC(40) Metaspace: 6297K(6464K)->6297K(6464K) NonClass: 5763K(5824K)->5763K(5824K) Class: 533K(640K)->533K(640K)
[1.235s][info][gc             ] GC(40) Pause Full (Ergonomics) 186M->182M(232M) 85.875ms
[1.235s][info][gc,cpu         ] GC(40) User=0.25s Sys=0.00s Real=0.09s
[1.246s][info][gc,start       ] GC(41) Pause Young (Allocation Failure)
[1.267s][info][gc,heap        ] GC(41) PSYoungGen: 24181K(29696K)->16480K(51712K) Eden: 9728K(9728K)->0K(11264K) From: 14453K(19968K)->16480K(40448K)
[1.267s][info][gc,heap        ] GC(41) ParOldGen: 172390K(208384K)->180342K(208384K)
[1.267s][info][gc,metaspace   ] GC(41) Metaspace: 6297K(6464K)->6297K(6464K) NonClass: 5763K(5824K)->5763K(5824K) Class: 533K(640K)->533K(640K)
[1.267s][info][gc             ] GC(41) Pause Young (Allocation Failure) 191M->192M(254M) 20.960ms
[1.267s][info][gc,cpu         ] GC(41) User=0.02s Sys=0.02s Real=0.02s
[1.278s][info][gc,start       ] GC(42) Pause Young (Allocation Failure)
[1.291s][info][gc,heap        ] GC(42) PSYoungGen: 27744K(51712K)->27712K(53248K) Eden: 11264K(11264K)->0K(11264K) From: 16480K(40448K)->27712K(41984K)
[1.291s][info][gc,heap        ] GC(42) ParOldGen: 180342K(208384K)->180342K(208384K)
[1.291s][info][gc,metaspace   ] GC(42) Metaspace: 6297K(6464K)->6297K(6464K) NonClass: 5763K(5824K)->5763K(5824K) Class: 533K(640K)->533K(640K)
[1.291s][info][gc             ] GC(42) Pause Young (Allocation Failure) 203M->203M(255M) 13.409ms
[1.291s][info][gc,cpu         ] GC(42) User=0.02s Sys=0.00s Real=0.01s
[1.303s][info][gc,start       ] GC(43) Pause Young (Allocation Failure)
[1.321s][info][gc,heap        ] GC(43) PSYoungGen: 38976K(53248K)->39008K(50688K) Eden: 11264K(11264K)->0K(8192K) From: 27712K(41984K)->39008K(42496K)
[1.321s][info][gc,heap        ] GC(43) ParOldGen: 180342K(208384K)->180342K(208384K)
[1.321s][info][gc,metaspace   ] GC(43) Metaspace: 6297K(6464K)->6297K(6464K) NonClass: 5763K(5824K)->5763K(5824K) Class: 533K(640K)->533K(640K)
[1.321s][info][gc             ] GC(43) Pause Young (Allocation Failure) 214M->214M(253M) 18.357ms
[1.321s][info][gc,cpu         ] GC(43) User=0.06s Sys=0.05s Real=0.02s
[1.330s][info][gc,start       ] GC(44) Pause Young (Allocation Failure)
[1.351s][info][gc,heap        ] GC(44) PSYoungGen: 47200K(50688K)->40512K(55808K) Eden: 8192K(8192K)->0K(8192K) From: 39008K(42496K)->40512K(47616K)
[1.351s][info][gc,heap        ] GC(44) ParOldGen: 180342K(208384K)->187094K(208384K)
[1.351s][info][gc,metaspace   ] GC(44) Metaspace: 6297K(6464K)->6297K(6464K) NonClass: 5763K(5824K)->5763K(5824K) Class: 533K(640K)->533K(640K)
[1.351s][info][gc             ] GC(44) Pause Young (Allocation Failure) 222M->222M(258M) 21.383ms
[1.351s][info][gc,cpu         ] GC(44) User=0.09s Sys=0.00s Real=0.02s
[1.361s][info][gc,start       ] GC(45) Pause Young (Allocation Failure)
[1.383s][info][gc,heap        ] GC(45) PSYoungGen: 48704K(55808K)->27744K(59392K) Eden: 8192K(8192K)->0K(9728K) From: 40512K(47616K)->27744K(49664K)
[1.384s][info][gc,heap        ] GC(45) ParOldGen: 187094K(208384K)->208350K(208384K)
[1.384s][info][gc,metaspace   ] GC(45) Metaspace: 6297K(6464K)->6297K(6464K) NonClass: 5763K(5824K)->5763K(5824K) Class: 533K(640K)->533K(640K)
[1.384s][info][gc             ] GC(45) Pause Young (Allocation Failure) 230M->230M(261M) 22.413ms
[1.384s][info][gc,cpu         ] GC(45) User=0.09s Sys=0.00s Real=0.02s
[1.384s][info][gc,start       ] GC(46) Pause Full (Ergonomics)
[1.384s][info][gc,phases,start] GC(46) Marking Phase
[1.440s][info][gc,phases      ] GC(46) Marking Phase 56.300ms
[1.440s][info][gc,phases,start] GC(46) Summary Phase
[1.440s][info][gc,phases      ] GC(46) Summary Phase 0.018ms
[1.440s][info][gc,phases,start] GC(46) Adjust Roots
[1.440s][info][gc,phases      ] GC(46) Adjust Roots 0.136ms
[1.440s][info][gc,phases,start] GC(46) Compaction Phase
[1.474s][info][gc,phases      ] GC(46) Compaction Phase 33.349ms
[1.474s][info][gc,phases,start] GC(46) Post Compact
[1.475s][info][gc,phases      ] GC(46) Post Compact 1.208ms
[1.475s][info][gc,heap        ] GC(46) PSYoungGen: 27744K(59392K)->27040K(60416K) Eden: 0K(9728K)->0K(10752K) From: 27744K(49664K)->27040K(49664K)
[1.475s][info][gc,heap        ] GC(46) ParOldGen: 208350K(208384K)->208289K(248320K)
[1.475s][info][gc,metaspace   ] GC(46) Metaspace: 6297K(6464K)->6297K(6464K) NonClass: 5763K(5824K)->5763K(5824K) Class: 533K(640K)->533K(640K)
[1.475s][info][gc             ] GC(46) Pause Full (Ergonomics) 230M->229M(301M) 91.648ms
[1.475s][info][gc,cpu         ] GC(46) User=0.36s Sys=0.00s Real=0.09s
[1.487s][info][gc,start       ] GC(47) Pause Young (Allocation Failure)
[1.512s][info][gc,heap        ] GC(47) PSYoungGen: 37792K(60416K)->18816K(61440K) Eden: 10752K(10752K)->0K(10752K) From: 27040K(49664K)->18816K(50688K)
[1.513s][info][gc,heap        ] GC(47) ParOldGen: 208289K(248320K)->227657K(248320K)
[1.513s][info][gc,metaspace   ] GC(47) Metaspace: 6297K(6464K)->6297K(6464K) NonClass: 5763K(5824K)->5763K(5824K) Class: 533K(640K)->533K(640K)
[1.513s][info][gc             ] GC(47) Pause Young (Allocation Failure) 240M->240M(302M) 25.316ms
[1.513s][info][gc,cpu         ] GC(47) User=0.09s Sys=0.03s Real=0.03s
[1.513s][info][gc,start       ] GC(48) Pause Full (Ergonomics)
[1.513s][info][gc,phases,start] GC(48) Marking Phase
[1.567s][info][gc,phases      ] GC(48) Marking Phase 54.695ms
[1.567s][info][gc,phases,start] GC(48) Summary Phase
[1.567s][info][gc,phases      ] GC(48) Summary Phase 0.022ms
[1.567s][info][gc,phases,start] GC(48) Adjust Roots
[1.568s][info][gc,phases      ] GC(48) Adjust Roots 0.239ms
[1.568s][info][gc,phases,start] GC(48) Compaction Phase
[1.593s][info][gc,phases      ] GC(48) Compaction Phase 24.939ms
[1.593s][info][gc,phases,start] GC(48) Post Compact
[1.594s][info][gc,phases      ] GC(48) Post Compact 1.143ms
[1.594s][info][gc,heap        ] GC(48) PSYoungGen: 18816K(61440K)->0K(60416K) Eden: 0K(10752K)->0K(12288K) From: 18816K(50688K)->0K(48128K)
[1.594s][info][gc,heap        ] GC(48) ParOldGen: 227657K(248320K)->246053K(291840K)
[1.594s][info][gc,metaspace   ] GC(48) Metaspace: 6297K(6464K)->6297K(6464K) NonClass: 5763K(5824K)->5763K(5824K) Class: 533K(640K)->533K(640K)
[1.594s][info][gc             ] GC(48) Pause Full (Ergonomics) 240M->240M(344M) 81.676ms
[1.594s][info][gc,cpu         ] GC(48) User=0.45s Sys=0.02s Real=0.08s
[1.608s][info][gc,start       ] GC(49) Pause Young (Allocation Failure)
[1.615s][info][gc,heap        ] GC(49) PSYoungGen: 12288K(60416K)->12384K(60928K) Eden: 12288K(12288K)->0K(12288K) From: 0K(48128K)->12384K(48640K)
[1.615s][info][gc,heap        ] GC(49) ParOldGen: 246053K(291840K)->246053K(291840K)
[1.615s][info][gc,metaspace   ] GC(49) Metaspace: 6297K(6464K)->6297K(6464K) NonClass: 5763K(5824K)->5763K(5824K) Class: 533K(640K)->533K(640K)
[1.615s][info][gc             ] GC(49) Pause Young (Allocation Failure) 252M->252M(344M) 7.270ms
[1.615s][info][gc,cpu         ] GC(49) User=0.00s Sys=0.00s Real=0.01s
[1.629s][info][gc,start       ] GC(50) Pause Young (Allocation Failure)
[1.641s][info][gc,heap        ] GC(50) PSYoungGen: 24672K(60928K)->24704K(58880K) Eden: 12288K(12288K)->0K(13824K) From: 12384K(48640K)->24704K(45056K)
[1.642s][info][gc,heap        ] GC(50) ParOldGen: 246053K(291840K)->246053K(291840K)
[1.642s][info][gc,metaspace   ] GC(50) Metaspace: 6297K(6464K)->6297K(6464K) NonClass: 5763K(5824K)->5763K(5824K) Class: 533K(640K)->533K(640K)
[1.642s][info][gc             ] GC(50) Pause Young (Allocation Failure) 264M->264M(342M) 12.528ms
[1.642s][info][gc,cpu         ] GC(50) User=0.02s Sys=0.00s Real=0.01s
[1.657s][info][gc,start       ] GC(51) Pause Young (Allocation Failure)
[1.675s][info][gc,heap        ] GC(51) PSYoungGen: 38528K(58880K)->38496K(60416K) Eden: 13824K(13824K)->0K(13824K) From: 24704K(45056K)->38496K(46592K)
[1.675s][info][gc,heap        ] GC(51) ParOldGen: 246053K(291840K)->246053K(291840K)
[1.675s][info][gc,metaspace   ] GC(51) Metaspace: 6297K(6464K)->6297K(6464K) NonClass: 5763K(5824K)->5763K(5824K) Class: 533K(640K)->533K(640K)
[1.675s][info][gc             ] GC(51) Pause Young (Allocation Failure) 277M->277M(344M) 17.824ms
[1.675s][info][gc,cpu         ] GC(51) User=0.09s Sys=0.00s Real=0.02s
[1.690s][info][gc,start       ] GC(52) Pause Young (Allocation Failure)
[1.714s][info][gc,heap        ] GC(52) PSYoungGen: 52320K(60416K)->50176K(58368K) Eden: 13824K(13824K)->0K(8192K) From: 38496K(46592K)->50176K(50176K)
[1.714s][info][gc,heap        ] GC(52) ParOldGen: 246053K(291840K)->248141K(291840K)
[1.715s][info][gc,metaspace   ] GC(52) Metaspace: 6297K(6464K)->6297K(6464K) NonClass: 5763K(5824K)->5763K(5824K) Class: 533K(640K)->533K(640K)
[1.715s][info][gc             ] GC(52) Pause Young (Allocation Failure) 291M->291M(342M) 24.050ms
[1.715s][info][gc,cpu         ] GC(52) User=0.06s Sys=0.08s Real=0.02s
[1.724s][info][gc,start       ] GC(53) Pause Young (Allocation Failure)
[1.748s][info][gc,heap        ] GC(53) PSYoungGen: 58368K(58368K)->46688K(66048K) Eden: 8192K(8192K)->0K(8192K) From: 50176K(50176K)->46688K(57856K)
[1.748s][info][gc,heap        ] GC(53) ParOldGen: 248141K(291840K)->260085K(291840K)
[1.748s][info][gc,metaspace   ] GC(53) Metaspace: 6297K(6464K)->6297K(6464K) NonClass: 5763K(5824K)->5763K(5824K) Class: 533K(640K)->533K(640K)
[1.748s][info][gc             ] GC(53) Pause Young (Allocation Failure) 299M->299M(349M) 24.313ms
[1.749s][info][gc,cpu         ] GC(53) User=0.14s Sys=0.00s Real=0.02s
[1.758s][info][gc,start       ] GC(54) Pause Young (Allocation Failure)
[1.781s][info][gc,heap        ] GC(54) PSYoungGen: 54880K(66048K)->43136K(69632K) Eden: 8192K(8192K)->0K(7680K) From: 46688K(57856K)->43136K(61952K)
[1.781s][info][gc,heap        ] GC(54) ParOldGen: 260085K(291840K)->271981K(291840K)
[1.781s][info][gc,metaspace   ] GC(54) Metaspace: 6297K(6464K)->6297K(6464K) NonClass: 5763K(5824K)->5763K(5824K) Class: 533K(640K)->533K(640K)
[1.781s][info][gc             ] GC(54) Pause Young (Allocation Failure) 307M->307M(353M) 23.101ms
[1.781s][info][gc,cpu         ] GC(54) User=0.11s Sys=0.02s Real=0.02s
[1.781s][info][gc,start       ] GC(55) Pause Full (Ergonomics)
[1.781s][info][gc,phases,start] GC(55) Marking Phase
[1.844s][info][gc,phases      ] GC(55) Marking Phase 62.781ms
[1.844s][info][gc,phases,start] GC(55) Summary Phase
[1.844s][info][gc,phases      ] GC(55) Summary Phase 0.019ms
[1.844s][info][gc,phases,start] GC(55) Adjust Roots
[1.844s][info][gc,phases      ] GC(55) Adjust Roots 0.147ms
[1.844s][info][gc,phases,start] GC(55) Compaction Phase
[1.875s][info][gc,phases      ] GC(55) Compaction Phase 30.809ms
[1.875s][info][gc,phases,start] GC(55) Post Compact
[1.877s][info][gc,phases      ] GC(55) Post Compact 1.493ms
[1.877s][info][gc,heap        ] GC(55) PSYoungGen: 43136K(69632K)->22999K(69632K) Eden: 0K(7680K)->0K(7680K) From: 43136K(61952K)->22999K(61952K)
[1.877s][info][gc,heap        ] GC(55) ParOldGen: 271981K(291840K)->291471K(337920K)
[1.877s][info][gc,metaspace   ] GC(55) Metaspace: 6297K(6464K)->6297K(6464K) NonClass: 5763K(5824K)->5763K(5824K) Class: 533K(640K)->533K(640K)
[1.877s][info][gc             ] GC(55) Pause Full (Ergonomics) 307M->307M(398M) 95.743ms
[1.877s][info][gc,cpu         ] GC(55) User=0.50s Sys=0.03s Real=0.10s
[1.886s][info][gc,start       ] GC(56) Pause Young (Allocation Failure)
[1.912s][info][gc,heap        ] GC(56) PSYoungGen: 30679K(69632K)->16800K(71680K) Eden: 7680K(7680K)->0K(7680K) From: 22999K(61952K)->16800K(64000K)
[1.912s][info][gc,heap        ] GC(56) ParOldGen: 291471K(337920K)->305655K(337920K)
[1.912s][info][gc,metaspace   ] GC(56) Metaspace: 6297K(6464K)->6297K(6464K) NonClass: 5763K(5824K)->5763K(5824K) Class: 533K(640K)->533K(640K)
[1.912s][info][gc             ] GC(56) Pause Young (Allocation Failure) 314M->314M(400M) 26.592ms
[1.912s][info][gc,cpu         ] GC(56) User=0.11s Sys=0.02s Real=0.03s
[1.921s][info][gc,start       ] GC(57) Pause Young (Allocation Failure)
[1.934s][info][gc,heap        ] GC(57) PSYoungGen: 24480K(71680K)->20160K(68096K) Eden: 7680K(7680K)->0K(9216K) From: 16800K(64000K)->20160K(58880K)
[1.934s][info][gc,heap        ] GC(57) ParOldGen: 305655K(337920K)->310063K(337920K)
[1.934s][info][gc,metaspace   ] GC(57) Metaspace: 6297K(6464K)->6297K(6464K) NonClass: 5763K(5824K)->5763K(5824K) Class: 533K(640K)->533K(640K)
[1.934s][info][gc             ] GC(57) Pause Young (Allocation Failure) 322M->322M(396M) 12.765ms
[1.934s][info][gc,cpu         ] GC(57) User=0.02s Sys=0.00s Real=0.01s
[1.945s][info][gc,start       ] GC(58) Pause Young (Allocation Failure)
[1.959s][info][gc,heap        ] GC(58) PSYoungGen: 29376K(68096K)->24704K(34304K) Eden: 9216K(9216K)->0K(9216K) From: 20160K(58880K)->24704K(25088K)
[1.959s][info][gc,heap        ] GC(58) ParOldGen: 310063K(337920K)->314847K(337920K)
[1.959s][info][gc,metaspace   ] GC(58) Metaspace: 6297K(6464K)->6297K(6464K) NonClass: 5763K(5824K)->5763K(5824K) Class: 533K(640K)->533K(640K)
[1.959s][info][gc             ] GC(58) Pause Young (Allocation Failure) 331M->331M(363M) 14.647ms
[1.959s][info][gc,cpu         ] GC(58) User=0.00s Sys=0.00s Real=0.01s
[1.969s][info][gc,start       ] GC(59) Pause Young (Allocation Failure)
[1.986s][info][gc,heap        ] GC(59) PSYoungGen: 33920K(34304K)->18496K(66048K) Eden: 9216K(9216K)->0K(10752K) From: 24704K(25088K)->18496K(55296K)
[1.986s][info][gc,heap        ] GC(59) ParOldGen: 314847K(337920K)->330391K(337920K)
[1.986s][info][gc,metaspace   ] GC(59) Metaspace: 6297K(6464K)->6297K(6464K) NonClass: 5763K(5824K)->5763K(5824K) Class: 533K(640K)->533K(640K)
[1.986s][info][gc             ] GC(59) Pause Young (Allocation Failure) 340M->340M(394M) 17.003ms
[1.986s][info][gc,cpu         ] GC(59) User=0.03s Sys=0.00s Real=0.02s
[1.986s][info][gc,start       ] GC(60) Pause Full (Ergonomics)
[1.986s][info][gc,phases,start] GC(60) Marking Phase
[2.067s][info][gc,phases      ] GC(60) Marking Phase 80.707ms
[2.067s][info][gc,phases,start] GC(60) Summary Phase
[2.067s][info][gc,phases      ] GC(60) Summary Phase 0.020ms
[2.067s][info][gc,phases,start] GC(60) Adjust Roots
[2.067s][info][gc,phases      ] GC(60) Adjust Roots 0.167ms
[2.067s][info][gc,phases,start] GC(60) Compaction Phase
[2.102s][info][gc,phases      ] GC(60) Compaction Phase 34.458ms
[2.102s][info][gc,phases,start] GC(60) Post Compact
[2.104s][info][gc,phases      ] GC(60) Post Compact 1.617ms
[2.104s][info][gc,heap        ] GC(60) PSYoungGen: 18496K(66048K)->10694K(67584K) Eden: 0K(10752K)->0K(12288K) From: 18496K(55296K)->10694K(55296K)
[2.104s][info][gc,heap        ] GC(60) ParOldGen: 330391K(337920K)->337437K(387584K)
[2.104s][info][gc,metaspace   ] GC(60) Metaspace: 6297K(6464K)->6297K(6464K) NonClass: 5763K(5824K)->5763K(5824K) Class: 533K(640K)->533K(640K)
[2.104s][info][gc             ] GC(60) Pause Full (Ergonomics) 340M->339M(444M) 117.610ms
[2.104s][info][gc,cpu         ] GC(60) User=0.78s Sys=0.00s Real=0.12s
[2.180s][info][gc,start       ] GC(61) Pause Young (Allocation Failure)
[2.205s][info][gc,heap        ] GC(61) PSYoungGen: 22982K(67584K)->12416K(69120K) Eden: 12288K(12288K)->0K(12288K) From: 10694K(55296K)->12416K(56832K)
[2.205s][info][gc,heap        ] GC(61) ParOldGen: 353821K(387584K)->364685K(387584K)
[2.205s][info][gc,metaspace   ] GC(61) Metaspace: 6297K(6464K)->6297K(6464K) NonClass: 5763K(5824K)->5763K(5824K) Class: 533K(640K)->533K(640K)
[2.205s][info][gc             ] GC(61) Pause Young (Allocation Failure) 367M->368M(446M) 24.973ms
[2.205s][info][gc,cpu         ] GC(61) User=0.08s Sys=0.02s Real=0.02s
[2.216s][info][gc,start       ] GC(62) Pause Young (Allocation Failure)
[2.230s][info][gc,heap        ] GC(62) PSYoungGen: 24704K(69120K)->12384K(69120K) Eden: 12288K(12288K)->0K(13824K) From: 12416K(56832K)->12384K(55296K)
[2.230s][info][gc,heap        ] GC(62) ParOldGen: 364685K(387584K)->377133K(387584K)
[2.230s][info][gc,metaspace   ] GC(62) Metaspace: 6297K(6464K)->6297K(6464K) NonClass: 5763K(5824K)->5763K(5824K) Class: 533K(640K)->533K(640K)
[2.230s][info][gc             ] GC(62) Pause Young (Allocation Failure) 380M->380M(446M) 13.335ms
[2.230s][info][gc,cpu         ] GC(62) User=0.02s Sys=0.00s Real=0.01s
[2.230s][info][gc,start       ] GC(63) Pause Full (Ergonomics)
[2.230s][info][gc,phases,start] GC(63) Marking Phase
[2.311s][info][gc,phases      ] GC(63) Marking Phase 80.700ms
[2.311s][info][gc,phases,start] GC(63) Summary Phase
[2.311s][info][gc,phases      ] GC(63) Summary Phase 0.025ms
[2.311s][info][gc,phases,start] GC(63) Adjust Roots
[2.311s][info][gc,phases      ] GC(63) Adjust Roots 0.146ms
[2.311s][info][gc,phases,start] GC(63) Compaction Phase
[2.376s][info][gc,phases      ] GC(63) Compaction Phase 65.502ms
[2.376s][info][gc,phases,start] GC(63) Post Compact
[2.378s][info][gc,phases      ] GC(63) Post Compact 1.942ms
[2.379s][info][gc,heap        ] GC(63) PSYoungGen: 12384K(69120K)->0K(69632K) Eden: 0K(13824K)->0K(13824K) From: 12384K(55296K)->0K(55808K)
[2.379s][info][gc,heap        ] GC(63) ParOldGen: 377133K(387584K)->380836K(433664K)
[2.379s][info][gc,metaspace   ] GC(63) Metaspace: 6297K(6464K)->6297K(6464K) NonClass: 5763K(5824K)->5763K(5824K) Class: 533K(640K)->533K(640K)
[2.379s][info][gc             ] GC(63) Pause Full (Ergonomics) 380M->371M(491M) 148.840ms
[2.379s][info][gc,cpu         ] GC(63) User=0.97s Sys=0.00s Real=0.15s
[2.395s][info][gc,start       ] GC(64) Pause Young (Allocation Failure)
[2.404s][info][gc,heap        ] GC(64) PSYoungGen: 13824K(69632K)->13952K(68096K) Eden: 13824K(13824K)->0K(15360K) From: 0K(55808K)->13952K(52736K)
[2.404s][info][gc,heap        ] GC(64) ParOldGen: 380836K(433664K)->380836K(433664K)
[2.404s][info][gc,metaspace   ] GC(64) Metaspace: 6297K(6464K)->6297K(6464K) NonClass: 5763K(5824K)->5763K(5824K) Class: 533K(640K)->533K(640K)
[2.404s][info][gc             ] GC(64) Pause Young (Allocation Failure) 385M->385M(490M) 9.362ms
[2.404s][info][gc,cpu         ] GC(64) User=0.02s Sys=0.00s Real=0.01s
[2.421s][info][gc,start       ] GC(65) Pause Young (Allocation Failure)
[2.435s][info][gc,heap        ] GC(65) PSYoungGen: 29312K(68096K)->29312K(69632K) Eden: 15360K(15360K)->0K(15360K) From: 13952K(52736K)->29312K(54272K)
[2.435s][info][gc,heap        ] GC(65) ParOldGen: 380836K(433664K)->380836K(433664K)
[2.435s][info][gc,metaspace   ] GC(65) Metaspace: 6297K(6464K)->6297K(6464K) NonClass: 5763K(5824K)->5763K(5824K) Class: 533K(640K)->533K(640K)
[2.435s][info][gc             ] GC(65) Pause Young (Allocation Failure) 400M->400M(491M) 14.590ms
[2.435s][info][gc,cpu         ] GC(65) User=0.02s Sys=0.00s Real=0.01s
[2.451s][info][gc,start       ] GC(66) Pause Young (Allocation Failure)
[2.471s][info][gc,heap        ] GC(66) PSYoungGen: 44672K(69632K)->44736K(65536K) Eden: 15360K(15360K)->0K(12288K) From: 29312K(54272K)->44736K(53248K)
[2.471s][info][gc,heap        ] GC(66) ParOldGen: 380836K(433664K)->380836K(433664K)
[2.471s][info][gc,metaspace   ] GC(66) Metaspace: 6297K(6464K)->6297K(6464K) NonClass: 5763K(5824K)->5763K(5824K) Class: 533K(640K)->533K(640K)
[2.471s][info][gc             ] GC(66) Pause Young (Allocation Failure) 415M->415M(487M) 20.820ms
[2.471s][info][gc,cpu         ] GC(66) User=0.12s Sys=0.00s Real=0.02s
[2.484s][info][gc,start       ] GC(67) Pause Young (Allocation Failure)
[2.509s][info][gc,heap        ] GC(67) PSYoungGen: 57024K(65536K)->56992K(70656K) Eden: 12288K(12288K)->0K(12288K) From: 44736K(53248K)->56992K(58368K)
[2.509s][info][gc,heap        ] GC(67) ParOldGen: 380836K(433664K)->380836K(433664K)
[2.509s][info][gc,metaspace   ] GC(67) Metaspace: 6297K(6464K)->6297K(6464K) NonClass: 5763K(5824K)->5763K(5824K) Class: 533K(640K)->533K(640K)
[2.509s][info][gc             ] GC(67) Pause Young (Allocation Failure) 427M->427M(492M) 25.483ms
[2.509s][info][gc,cpu         ] GC(67) User=0.14s Sys=0.00s Real=0.03s
[2.522s][info][gc,start       ] GC(68) Pause Young (Allocation Failure)
[2.553s][info][gc,heap        ] GC(68) PSYoungGen: 69280K(70656K)->55392K(74240K) Eden: 12288K(12288K)->0K(7680K) From: 56992K(58368K)->55392K(66560K)
[2.553s][info][gc,heap        ] GC(68) ParOldGen: 380836K(433664K)->394844K(433664K)
[2.553s][info][gc,metaspace   ] GC(68) Metaspace: 6297K(6464K)->6297K(6464K) NonClass: 5763K(5824K)->5763K(5824K) Class: 533K(640K)->533K(640K)
[2.553s][info][gc             ] GC(68) Pause Young (Allocation Failure) 439M->439M(496M) 30.737ms
[2.553s][info][gc,cpu         ] GC(68) User=0.25s Sys=0.00s Real=0.03s
[2.561s][info][gc,start       ] GC(69) Pause Young (Allocation Failure)
[2.589s][info][gc,heap        ] GC(69) PSYoungGen: 63072K(74240K)->32352K(40448K) Eden: 7680K(7680K)->0K(7680K) From: 55392K(66560K)->32352K(32768K)
[2.589s][info][gc,heap        ] GC(69) ParOldGen: 394844K(433664K)->425940K(433664K)
[2.589s][info][gc,metaspace   ] GC(69) Metaspace: 6297K(6464K)->6297K(6464K) NonClass: 5763K(5824K)->5763K(5824K) Class: 533K(640K)->533K(640K)
[2.589s][info][gc             ] GC(69) Pause Young (Allocation Failure) 447M->447M(463M) 28.488ms
[2.589s][info][gc,cpu         ] GC(69) User=0.14s Sys=0.00s Real=0.03s
[2.589s][info][gc,start       ] GC(70) Pause Full (Ergonomics)
[2.589s][info][gc,phases,start] GC(70) Marking Phase
[2.691s][info][gc,phases      ] GC(70) Marking Phase 101.514ms
[2.691s][info][gc,phases,start] GC(70) Summary Phase
[2.691s][info][gc,phases      ] GC(70) Summary Phase 0.019ms
[2.691s][info][gc,phases,start] GC(70) Adjust Roots
[2.691s][info][gc,phases      ] GC(70) Adjust Roots 0.146ms
[2.691s][info][gc,phases,start] GC(70) Compaction Phase
[2.745s][info][gc,phases      ] GC(70) Compaction Phase 53.623ms
[2.745s][info][gc,phases,start] GC(70) Post Compact
[2.747s][info][gc,phases      ] GC(70) Post Compact 2.202ms
[2.747s][info][gc,heap        ] GC(70) PSYoungGen: 32352K(40448K)->23990K(40448K) Eden: 0K(7680K)->0K(7680K) From: 32352K(32768K)->23990K(32768K)
[2.747s][info][gc,heap        ] GC(70) ParOldGen: 425940K(433664K)->433464K(495616K)
[2.747s][info][gc,metaspace   ] GC(70) Metaspace: 6297K(6464K)->6297K(6464K) NonClass: 5763K(5824K)->5763K(5824K) Class: 533K(640K)->533K(640K)
[2.747s][info][gc             ] GC(70) Pause Full (Ergonomics) 447M->446M(523M) 158.047ms
[2.747s][info][gc,cpu         ] GC(70) User=1.03s Sys=0.00s Real=0.16s
[2.757s][info][gc,start       ] GC(71) Pause Young (Allocation Failure)
[2.789s][info][gc,heap        ] GC(71) PSYoungGen: 31670K(40448K)->13088K(76800K) Eden: 7680K(7680K)->0K(9216K) From: 23990K(32768K)->13088K(67584K)
[2.789s][info][gc,heap        ] GC(71) ParOldGen: 433464K(495616K)->452432K(495616K)
[2.789s][info][gc,metaspace   ] GC(71) Metaspace: 6297K(6464K)->6297K(6464K) NonClass: 5763K(5824K)->5763K(5824K) Class: 533K(640K)->533K(640K)
[2.789s][info][gc             ] GC(71) Pause Young (Allocation Failure) 454M->454M(559M) 32.065ms
[2.789s][info][gc,cpu         ] GC(71) User=0.12s Sys=0.00s Real=0.03s
[2.799s][info][gc,start       ] GC(72) Pause Young (Allocation Failure)
[2.811s][info][gc,heap        ] GC(72) PSYoungGen: 22304K(76800K)->16992K(77312K) Eden: 9216K(9216K)->0K(9216K) From: 13088K(67584K)->16992K(68096K)
[2.811s][info][gc,heap        ] GC(72) ParOldGen: 452432K(495616K)->457816K(495616K)
[2.811s][info][gc,metaspace   ] GC(72) Metaspace: 6297K(6464K)->6297K(6464K) NonClass: 5763K(5824K)->5763K(5824K) Class: 533K(640K)->533K(640K)
[2.811s][info][gc             ] GC(72) Pause Young (Allocation Failure) 463M->463M(559M) 12.167ms
[2.811s][info][gc,cpu         ] GC(72) User=0.00s Sys=0.02s Real=0.01s
[2.821s][info][gc,start       ] GC(73) Pause Young (Allocation Failure)
[2.835s][info][gc,heap        ] GC(73) PSYoungGen: 26208K(77312K)->18528K(73216K) Eden: 9216K(9216K)->0K(10752K) From: 16992K(68096K)->18528K(62464K)
[2.835s][info][gc,heap        ] GC(73) ParOldGen: 457816K(495616K)->465592K(495616K)
[2.835s][info][gc,metaspace   ] GC(73) Metaspace: 6297K(6464K)->6297K(6464K) NonClass: 5763K(5824K)->5763K(5824K) Class: 533K(640K)->533K(640K)
[2.835s][info][gc             ] GC(73) Pause Young (Allocation Failure) 472M->472M(555M) 14.147ms
[2.835s][info][gc,cpu         ] GC(73) User=0.00s Sys=0.00s Real=0.01s
[2.848s][info][gc,start       ] GC(74) Pause Young (Allocation Failure)
[2.863s][info][gc,heap        ] GC(74) PSYoungGen: 29280K(73216K)->20096K(31232K) Eden: 10752K(10752K)->0K(10752K) From: 18528K(62464K)->20096K(20480K)
[2.863s][info][gc,heap        ] GC(74) ParOldGen: 465592K(495616K)->474936K(495616K)
[2.863s][info][gc,metaspace   ] GC(74) Metaspace: 6297K(6464K)->6297K(6464K) NonClass: 5763K(5824K)->5763K(5824K) Class: 533K(640K)->533K(640K)
[2.863s][info][gc             ] GC(74) Pause Young (Allocation Failure) 483M->483M(514M) 15.346ms
[2.863s][info][gc,cpu         ] GC(74) User=0.02s Sys=0.00s Real=0.01s
[2.863s][info][gc,start       ] GC(75) Pause Full (Ergonomics)
[2.863s][info][gc,phases,start] GC(75) Marking Phase
[2.974s][info][gc,phases      ] GC(75) Marking Phase 111.420ms
[2.974s][info][gc,phases,start] GC(75) Summary Phase
[2.974s][info][gc,phases      ] GC(75) Summary Phase 0.024ms
[2.974s][info][gc,phases,start] GC(75) Adjust Roots
[2.975s][info][gc,phases      ] GC(75) Adjust Roots 0.148ms
[2.975s][info][gc,phases,start] GC(75) Compaction Phase
[3.024s][info][gc,phases      ] GC(75) Compaction Phase 49.191ms
[3.024s][info][gc,phases,start] GC(75) Post Compact
[3.026s][info][gc,phases      ] GC(75) Post Compact 2.397ms
[3.027s][info][gc,heap        ] GC(75) PSYoungGen: 20096K(31232K)->0K(74240K) Eden: 0K(10752K)->0K(12288K) From: 20096K(20480K)->0K(61952K)
[3.027s][info][gc,heap        ] GC(75) ParOldGen: 474936K(495616K)->494195K(557056K)
[3.027s][info][gc,metaspace   ] GC(75) Metaspace: 6297K(6464K)->6297K(6464K) NonClass: 5763K(5824K)->5763K(5824K) Class: 533K(640K)->533K(640K)
[3.027s][info][gc             ] GC(75) Pause Full (Ergonomics) 483M->482M(616M) 163.717ms
[3.027s][info][gc,cpu         ] GC(75) User=1.12s Sys=0.00s Real=0.16s
[3.041s][info][gc,start       ] GC(76) Pause Young (Allocation Failure)
[3.050s][info][gc,heap        ] GC(76) PSYoungGen: 12288K(74240K)->12448K(74240K) Eden: 12288K(12288K)->0K(12288K) From: 0K(61952K)->12448K(61952K)
[3.051s][info][gc,heap        ] GC(76) ParOldGen: 494195K(557056K)->494195K(557056K)
[3.051s][info][gc,metaspace   ] GC(76) Metaspace: 6297K(6464K)->6297K(6464K) NonClass: 5763K(5824K)->5763K(5824K) Class: 533K(640K)->533K(640K)
[3.051s][info][gc             ] GC(76) Pause Young (Allocation Failure) 494M->494M(616M) 9.466ms
[3.051s][info][gc,cpu         ] GC(76) User=0.00s Sys=0.00s Real=0.01s
[3.064s][info][gc,start       ] GC(77) Pause Young (Allocation Failure)
[3.078s][info][gc,heap        ] GC(77) PSYoungGen: 24736K(74240K)->24672K(68608K) Eden: 12288K(12288K)->0K(13824K) From: 12448K(61952K)->24672K(54784K)
[3.078s][info][gc,heap        ] GC(77) ParOldGen: 494195K(557056K)->494195K(557056K)
[3.078s][info][gc,metaspace   ] GC(77) Metaspace: 6297K(6464K)->6297K(6464K) NonClass: 5763K(5824K)->5763K(5824K) Class: 533K(640K)->533K(640K)
[3.078s][info][gc             ] GC(77) Pause Young (Allocation Failure) 506M->506M(611M) 14.173ms
[3.078s][info][gc,cpu         ] GC(77) User=0.02s Sys=0.00s Real=0.02s
[3.093s][info][gc,start       ] GC(78) Pause Young (Allocation Failure)
[3.112s][info][gc,heap        ] GC(78) PSYoungGen: 38496K(68608K)->38496K(71680K) Eden: 13824K(13824K)->0K(13824K) From: 24672K(54784K)->38496K(57856K)
[3.112s][info][gc,heap        ] GC(78) ParOldGen: 494195K(557056K)->494195K(557056K)
[3.112s][info][gc,metaspace   ] GC(78) Metaspace: 6297K(6464K)->6297K(6464K) NonClass: 5763K(5824K)->5763K(5824K) Class: 533K(640K)->533K(640K)
[3.112s][info][gc             ] GC(78) Pause Young (Allocation Failure) 520M->520M(614M) 18.940ms
[3.112s][info][gc,cpu         ] GC(78) User=0.12s Sys=0.00s Real=0.02s
[3.127s][info][gc,start       ] GC(79) Pause Young (Allocation Failure)
[3.152s][info][gc,heap        ] GC(79) PSYoungGen: 52320K(71680K)->40032K(73216K) Eden: 13824K(13824K)->0K(13824K) From: 38496K(57856K)->40032K(59392K)
[3.152s][info][gc,heap        ] GC(79) ParOldGen: 494195K(557056K)->506651K(557056K)
[3.152s][info][gc,metaspace   ] GC(79) Metaspace: 6297K(6464K)->6297K(6464K) NonClass: 5763K(5824K)->5763K(5824K) Class: 533K(640K)->533K(640K)
[3.152s][info][gc             ] GC(79) Pause Young (Allocation Failure) 533M->533M(615M) 25.478ms
[3.152s][info][gc,cpu         ] GC(79) User=0.11s Sys=0.03s Real=0.03s
[3.167s][info][gc,start       ] GC(80) Pause Young (Allocation Failure)
[3.193s][info][gc,heap        ] GC(80) PSYoungGen: 53856K(73216K)->41600K(74752K) Eden: 13824K(13824K)->0K(13824K) From: 40032K(59392K)->41600K(60928K)
[3.193s][info][gc,heap        ] GC(80) ParOldGen: 506651K(557056K)->519107K(557056K)
[3.193s][info][gc,metaspace   ] GC(80) Metaspace: 6297K(6464K)->6297K(6464K) NonClass: 5763K(5824K)->5763K(5824K) Class: 533K(640K)->533K(640K)
[3.193s][info][gc             ] GC(80) Pause Young (Allocation Failure) 547M->547M(617M) 25.856ms
[3.193s][info][gc,cpu         ] GC(80) User=0.12s Sys=0.00s Real=0.03s
[3.209s][info][gc,start       ] GC(81) Pause Young (Allocation Failure)
[3.236s][info][gc,heap        ] GC(81) PSYoungGen: 55424K(74752K)->41600K(77824K) Eden: 13824K(13824K)->0K(14848K) From: 41600K(60928K)->41600K(62976K)
[3.236s][info][gc,heap        ] GC(81) ParOldGen: 519107K(557056K)->533115K(557056K)
[3.236s][info][gc,metaspace   ] GC(81) Metaspace: 6297K(6464K)->6297K(6464K) NonClass: 5763K(5824K)->5763K(5824K) Class: 533K(640K)->533K(640K)
[3.236s][info][gc             ] GC(81) Pause Young (Allocation Failure) 561M->561M(620M) 27.061ms
[3.236s][info][gc,cpu         ] GC(81) User=0.14s Sys=0.00s Real=0.03s
[3.236s][info][gc,start       ] GC(82) Pause Full (Ergonomics)
[3.236s][info][gc,phases,start] GC(82) Marking Phase
[3.360s][info][gc,phases      ] GC(82) Marking Phase 124.188ms
[3.360s][info][gc,phases,start] GC(82) Summary Phase
[3.360s][info][gc,phases      ] GC(82) Summary Phase 0.038ms
[3.360s][info][gc,phases,start] GC(82) Adjust Roots
[3.361s][info][gc,phases      ] GC(82) Adjust Roots 0.197ms
[3.361s][info][gc,phases,start] GC(82) Compaction Phase
[3.414s][info][gc,phases      ] GC(82) Compaction Phase 53.302ms
[3.414s][info][gc,phases,start] GC(82) Post Compact
[3.415s][info][gc,phases      ] GC(82) Post Compact 0.969ms
[3.415s][info][gc,heap        ] GC(82) PSYoungGen: 41600K(77824K)->16858K(77824K) Eden: 0K(14848K)->0K(14848K) From: 41600K(62976K)->16858K(62976K)
[3.415s][info][gc,heap        ] GC(82) ParOldGen: 533115K(557056K)->557022K(622592K)
[3.415s][info][gc,metaspace   ] GC(82) Metaspace: 6297K(6464K)->6297K(6464K) NonClass: 5763K(5824K)->5763K(5824K) Class: 533K(640K)->533K(640K)
[3.415s][info][gc             ] GC(82) Pause Full (Ergonomics) 561M->560M(684M) 179.246ms
[3.415s][info][gc,cpu         ] GC(82) User=1.14s Sys=0.05s Real=0.18s
[3.432s][info][gc,start       ] GC(83) Pause Young (Allocation Failure)
[3.470s][info][gc,heap        ] GC(83) PSYoungGen: 31706K(77824K)->21088K(78848K) Eden: 14848K(14848K)->0K(14848K) From: 16858K(62976K)->21088K(64000K)
[3.470s][info][gc,heap        ] GC(83) ParOldGen: 557022K(622592K)->567958K(622592K)
[3.470s][info][gc,metaspace   ] GC(83) Metaspace: 6297K(6464K)->6297K(6464K) NonClass: 5763K(5824K)->5763K(5824K) Class: 533K(640K)->533K(640K)
[3.470s][info][gc             ] GC(83) Pause Young (Allocation Failure) 574M->575M(685M) 38.346ms
[3.470s][info][gc,cpu         ] GC(83) User=0.25s Sys=0.00s Real=0.04s
[3.487s][info][gc,start       ] GC(84) Pause Young (Allocation Failure)
[3.506s][info][gc,heap        ] GC(84) PSYoungGen: 35936K(78848K)->29792K(72704K) Eden: 14848K(14848K)->0K(16384K) From: 21088K(64000K)->29792K(56320K)
[3.506s][info][gc,heap        ] GC(84) ParOldGen: 567958K(622592K)->574142K(622592K)
[3.506s][info][gc,metaspace   ] GC(84) Metaspace: 6297K(6464K)->6297K(6464K) NonClass: 5763K(5824K)->5763K(5824K) Class: 533K(640K)->533K(640K)
[3.506s][info][gc             ] GC(84) Pause Young (Allocation Failure) 589M->589M(679M) 19.321ms
[3.506s][info][gc,cpu         ] GC(84) User=0.09s Sys=0.03s Real=0.02s
[3.525s][info][gc,start       ] GC(85) Pause Young (Allocation Failure)
[3.549s][info][gc,heap        ] GC(85) PSYoungGen: 46176K(72704K)->31328K(48128K) Eden: 16384K(16384K)->0K(16384K) From: 29792K(56320K)->31328K(31744K)
[3.549s][info][gc,heap        ] GC(85) ParOldGen: 574142K(622592K)->589198K(622592K)
[3.549s][info][gc,metaspace   ] GC(85) Metaspace: 6297K(6464K)->6297K(6464K) NonClass: 5763K(5824K)->5763K(5824K) Class: 533K(640K)->533K(640K)
[3.549s][info][gc             ] GC(85) Pause Young (Allocation Failure) 605M->605M(655M) 23.532ms
[3.549s][info][gc,cpu         ] GC(85) User=0.12s Sys=0.00s Real=0.02s
[3.568s][info][gc,start       ] GC(86) Pause Young (Allocation Failure)
[3.594s][info][gc,heap        ] GC(86) PSYoungGen: 47712K(48128K)->32928K(72192K) Eden: 16384K(16384K)->0K(18432K) From: 31328K(31744K)->32928K(53760K)
[3.594s][info][gc,heap        ] GC(86) ParOldGen: 589198K(622592K)->604246K(622592K)
[3.594s][info][gc,metaspace   ] GC(86) Metaspace: 6297K(6464K)->6297K(6464K) NonClass: 5763K(5824K)->5763K(5824K) Class: 533K(640K)->533K(640K)
[3.594s][info][gc             ] GC(86) Pause Young (Allocation Failure) 621M->622M(678M) 25.223ms
[3.594s][info][gc,cpu         ] GC(86) User=0.23s Sys=0.02s Real=0.03s
[3.594s][info][gc,start       ] GC(87) Pause Full (Ergonomics)
[3.594s][info][gc,phases,start] GC(87) Marking Phase
[3.739s][info][gc,phases      ] GC(87) Marking Phase 145.205ms
[3.739s][info][gc,phases,start] GC(87) Summary Phase
[3.739s][info][gc,phases      ] GC(87) Summary Phase 0.021ms
[3.739s][info][gc,phases,start] GC(87) Adjust Roots
[3.739s][info][gc,phases      ] GC(87) Adjust Roots 0.149ms
[3.739s][info][gc,phases,start] GC(87) Compaction Phase
[3.802s][info][gc,phases      ] GC(87) Compaction Phase 62.817ms
[3.802s][info][gc,phases,start] GC(87) Post Compact
[3.803s][info][gc,phases      ] GC(87) Post Compact 1.153ms
[3.804s][info][gc,heap        ] GC(87) PSYoungGen: 32928K(72192K)->13802K(73728K) Eden: 0K(18432K)->0K(19968K) From: 32928K(53760K)->13802K(53760K)
[3.804s][info][gc,heap        ] GC(87) ParOldGen: 604246K(622592K)->622414K(692736K)
[3.804s][info][gc,metaspace   ] GC(87) Metaspace: 6297K(6464K)->6297K(6464K) NonClass: 5763K(5824K)->5763K(5824K) Class: 533K(640K)->533K(640K)
[3.804s][info][gc             ] GC(87) Pause Full (Ergonomics) 622M->621M(748M) 209.898ms
[3.804s][info][gc,cpu         ] GC(87) User=1.47s Sys=0.00s Real=0.21s
[3.828s][info][gc,start       ] GC(88) Pause Young (Allocation Failure)
[3.875s][info][gc,heap        ] GC(88) PSYoungGen: 33770K(73728K)->26208K(75264K) Eden: 19968K(19968K)->0K(19968K) From: 13802K(53760K)->26208K(55296K)
[3.875s][info][gc,heap        ] GC(88) ParOldGen: 622414K(692736K)->630286K(692736K)
[3.875s][info][gc,metaspace   ] GC(88) Metaspace: 6297K(6464K)->6297K(6464K) NonClass: 5763K(5824K)->5763K(5824K) Class: 533K(640K)->533K(640K)
[3.875s][info][gc             ] GC(88) Pause Young (Allocation Failure) 640M->641M(750M) 47.180ms
[3.875s][info][gc,cpu         ] GC(88) User=0.19s Sys=0.03s Real=0.05s
[3.898s][info][gc,start       ] GC(89) Pause Young (Allocation Failure)
[3.923s][info][gc,heap        ] GC(89) PSYoungGen: 46176K(75264K)->46144K(71168K) Eden: 19968K(19968K)->0K(17920K) From: 26208K(55296K)->46144K(53248K)
[3.923s][info][gc,heap        ] GC(89) ParOldGen: 630286K(692736K)->630286K(692736K)
[3.923s][info][gc,metaspace   ] GC(89) Metaspace: 6297K(6464K)->6297K(6464K) NonClass: 5763K(5824K)->5763K(5824K) Class: 533K(640K)->533K(640K)
[3.923s][info][gc             ] GC(89) Pause Young (Allocation Failure) 660M->660M(746M) 24.908ms
[3.923s][info][gc,cpu         ] GC(89) User=0.11s Sys=0.00s Real=0.02s
[3.946s][info][gc,start       ] GC(90) Pause Young (Allocation Failure)
[3.977s][info][gc,heap        ] GC(90) PSYoungGen: 64064K(71168K)->57344K(75264K) Eden: 17920K(17920K)->0K(17920K) From: 46144K(53248K)->57344K(57344K)
[3.977s][info][gc,heap        ] GC(90) ParOldGen: 630286K(692736K)->637006K(692736K)
[3.977s][info][gc,metaspace   ] GC(90) Metaspace: 6297K(6464K)->6297K(6464K) NonClass: 5763K(5824K)->5763K(5824K) Class: 533K(640K)->533K(640K)
[3.977s][info][gc             ] GC(90) Pause Young (Allocation Failure) 678M->678M(750M) 31.323ms
[3.977s][info][gc,cpu         ] GC(90) User=0.12s Sys=0.00s Real=0.03s
[4.106s][info][gc,start       ] GC(91) Pause Young (Allocation Failure)
[4.156s][info][gc,heap        ] GC(91) PSYoungGen: 75264K(75264K)->52672K(82944K) Eden: 17920K(17920K)->0K(16384K) From: 57344K(57344K)->52672K(66560K)
[4.156s][info][gc,heap        ] GC(91) ParOldGen: 669774K(692736K)->692798K(693248K)
[4.156s][info][gc,metaspace   ] GC(91) Metaspace: 6297K(6464K)->6297K(6464K) NonClass: 5763K(5824K)->5763K(5824K) Class: 533K(640K)->533K(640K)
[4.156s][info][gc             ] GC(91) Pause Young (Allocation Failure) 727M->727M(758M) 49.187ms
[4.156s][info][gc,cpu         ] GC(91) User=0.36s Sys=0.02s Real=0.05s
[4.156s][info][gc,start       ] GC(92) Pause Full (Ergonomics)
[4.156s][info][gc,phases,start] GC(92) Marking Phase
[4.320s][info][gc,phases      ] GC(92) Marking Phase 163.835ms
[4.320s][info][gc,phases,start] GC(92) Summary Phase
[4.320s][info][gc,phases      ] GC(92) Summary Phase 0.030ms
[4.320s][info][gc,phases,start] GC(92) Adjust Roots
[4.320s][info][gc,phases      ] GC(92) Adjust Roots 0.170ms
[4.320s][info][gc,phases,start] GC(92) Compaction Phase
[4.439s][info][gc,phases      ] GC(92) Compaction Phase 118.931ms
[4.439s][info][gc,phases,start] GC(92) Post Compact
[4.440s][info][gc,phases      ] GC(92) Post Compact 1.473ms
[4.441s][info][gc,heap        ] GC(92) PSYoungGen: 52672K(82944K)->35059K(82944K) Eden: 0K(16384K)->0K(16384K) From: 52672K(66560K)->35059K(66560K)
[4.441s][info][gc,heap        ] GC(92) ParOldGen: 692798K(693248K)->693196K(769536K)
[4.441s][info][gc,metaspace   ] GC(92) Metaspace: 6297K(6464K)->6297K(6464K) NonClass: 5763K(5824K)->5763K(5824K) Class: 533K(640K)->533K(640K)
[4.441s][info][gc             ] GC(92) Pause Full (Ergonomics) 727M->711M(832M) 285.099ms
[4.441s][info][gc,cpu         ] GC(92) User=1.92s Sys=0.00s Real=0.29s
[4.460s][info][gc,start       ] GC(93) Pause Young (Allocation Failure)
[4.509s][info][gc,heap        ] GC(93) PSYoungGen: 51443K(82944K)->51616K(86528K) Eden: 16384K(16384K)->0K(16384K) From: 35059K(66560K)->51616K(70144K)
[4.509s][info][gc,heap        ] GC(93) ParOldGen: 693196K(769536K)->693196K(769536K)
[4.509s][info][gc,metaspace   ] GC(93) Metaspace: 6297K(6464K)->6297K(6464K) NonClass: 5763K(5824K)->5763K(5824K) Class: 533K(640K)->533K(640K)
[4.509s][info][gc             ] GC(93) Pause Young (Allocation Failure) 727M->727M(836M) 49.755ms
[4.510s][info][gc,cpu         ] GC(93) User=0.50s Sys=0.00s Real=0.05s
[4.526s][info][gc,start       ] GC(94) Pause Young (Allocation Failure)
[4.558s][info][gc,heap        ] GC(94) PSYoungGen: 68000K(86528K)->68064K(82944K) Eden: 16384K(16384K)->0K(10240K) From: 51616K(70144K)->68064K(72704K)
[4.558s][info][gc,heap        ] GC(94) ParOldGen: 693196K(769536K)->693196K(769536K)
[4.558s][info][gc,metaspace   ] GC(94) Metaspace: 6297K(6464K)->6297K(6464K) NonClass: 5763K(5824K)->5763K(5824K) Class: 533K(640K)->533K(640K)
[4.558s][info][gc             ] GC(94) Pause Young (Allocation Failure) 743M->743M(832M) 31.881ms
[4.558s][info][gc,cpu         ] GC(94) User=0.14s Sys=0.00s Real=0.03s
[4.569s][info][gc,start       ] GC(95) Pause Young (Allocation Failure)
[4.603s][info][gc,heap        ] GC(95) PSYoungGen: 78304K(82944K)->78240K(90624K) Eden: 10240K(10240K)->0K(10240K) From: 68064K(72704K)->78240K(80384K)
[4.603s][info][gc,heap        ] GC(95) ParOldGen: 693196K(769536K)->693196K(769536K)
[4.603s][info][gc,metaspace   ] GC(95) Metaspace: 6297K(6464K)->6297K(6464K) NonClass: 5763K(5824K)->5763K(5824K) Class: 533K(640K)->533K(640K)
[4.603s][info][gc             ] GC(95) Pause Young (Allocation Failure) 753M->753M(840M) 34.625ms
[4.603s][info][gc,cpu         ] GC(95) User=0.38s Sys=0.00s Real=0.04s
[4.614s][info][gc,start       ] GC(96) Pause Young (Allocation Failure)
[4.654s][info][gc,heap        ] GC(96) PSYoungGen: 88480K(90624K)->75360K(95232K) Eden: 10240K(10240K)->0K(5120K) From: 78240K(80384K)->75360K(90112K)
[4.654s][info][gc,heap        ] GC(96) ParOldGen: 693196K(769536K)->706436K(769536K)
[4.654s][info][gc,metaspace   ] GC(96) Metaspace: 6297K(6464K)->6297K(6464K) NonClass: 5763K(5824K)->5763K(5824K) Class: 533K(640K)->533K(640K)
[4.654s][info][gc             ] GC(96) Pause Young (Allocation Failure) 763M->763M(844M) 40.103ms
[4.654s][info][gc,cpu         ] GC(96) User=0.23s Sys=0.02s Real=0.04s
[4.660s][info][gc,start       ] GC(97) Pause Young (Allocation Failure)
[4.696s][info][gc,heap        ] GC(97) PSYoungGen: 80480K(95232K)->58464K(101888K) Eden: 5120K(5120K)->0K(5120K) From: 75360K(90112K)->58464K(96768K)
[4.696s][info][gc,heap        ] GC(97) ParOldGen: 706436K(769536K)->728732K(769536K)
[4.696s][info][gc,metaspace   ] GC(97) Metaspace: 6297K(6464K)->6297K(6464K) NonClass: 5763K(5824K)->5763K(5824K) Class: 533K(640K)->533K(640K)
[4.696s][info][gc             ] GC(97) Pause Young (Allocation Failure) 768M->768M(851M) 35.995ms
[4.696s][info][gc,cpu         ] GC(97) User=0.27s Sys=0.00s Real=0.04s
[4.701s][info][gc,start       ] GC(98) Pause Young (Allocation Failure)
[4.732s][info][gc,heap        ] GC(98) PSYoungGen: 63584K(101888K)->30816K(98304K) Eden: 5120K(5120K)->0K(6144K) From: 58464K(96768K)->30816K(92160K)
[4.732s][info][gc,heap        ] GC(98) ParOldGen: 728732K(769536K)->761908K(769536K)
[4.732s][info][gc,metaspace   ] GC(98) Metaspace: 6297K(6464K)->6297K(6464K) NonClass: 5763K(5824K)->5763K(5824K) Class: 533K(640K)->533K(640K)
[4.732s][info][gc             ] GC(98) Pause Young (Allocation Failure) 773M->774M(847M) 30.651ms
[4.732s][info][gc,cpu         ] GC(98) User=0.14s Sys=0.00s Real=0.03s
[4.732s][info][gc,start       ] GC(99) Pause Full (Ergonomics)
[4.732s][info][gc,phases,start] GC(99) Marking Phase
[4.914s][info][gc,phases      ] GC(99) Marking Phase 181.676ms
[4.914s][info][gc,phases,start] GC(99) Summary Phase
[4.914s][info][gc,phases      ] GC(99) Summary Phase 0.046ms
[4.914s][info][gc,phases,start] GC(99) Adjust Roots
[4.914s][info][gc,phases      ] GC(99) Adjust Roots 0.201ms
[4.914s][info][gc,phases,start] GC(99) Compaction Phase
[5.003s][info][gc,phases      ] GC(99) Compaction Phase 89.037ms
[5.003s][info][gc,phases,start] GC(99) Post Compact
[5.004s][info][gc,phases      ] GC(99) Post Compact 1.442ms
[5.005s][info][gc,heap        ] GC(99) PSYoungGen: 30816K(98304K)->22415K(99840K) Eden: 0K(6144K)->0K(7680K) From: 30816K(92160K)->22415K(92160K)
[5.005s][info][gc,heap        ] GC(99) ParOldGen: 761908K(769536K)->769136K(859648K)
[5.005s][info][gc,metaspace   ] GC(99) Metaspace: 6297K(6464K)->6297K(6464K) NonClass: 5763K(5824K)->5763K(5824K) Class: 533K(640K)->533K(640K)
[5.005s][info][gc             ] GC(99) Pause Full (Ergonomics) 774M->772M(937M) 273.210ms
[5.005s][info][gc,cpu         ] GC(99) User=1.78s Sys=0.00s Real=0.27s
[5.013s][info][gc,start       ] GC(100) Pause Young (Allocation Failure)
[5.058s][info][gc,heap        ] GC(100) PSYoungGen: 30095K(99840K)->15808K(101888K) Eden: 7680K(7680K)->0K(7680K) From: 22415K(92160K)->15808K(94208K)
[5.058s][info][gc,heap        ] GC(100) ParOldGen: 769136K(859648K)->783784K(859648K)
[5.058s][info][gc,metaspace   ] GC(100) Metaspace: 6297K(6464K)->6297K(6464K) NonClass: 5763K(5824K)->5763K(5824K) Class: 533K(640K)->533K(640K)
[5.058s][info][gc             ] GC(100) Pause Young (Allocation Failure) 780M->780M(939M) 44.833ms
[5.058s][info][gc,cpu         ] GC(100) User=0.27s Sys=0.00s Real=0.05s
[5.066s][info][gc,start       ] GC(101) Pause Young (Allocation Failure)
[5.081s][info][gc,heap        ] GC(101) PSYoungGen: 23488K(101888K)->15456K(102912K) Eden: 7680K(7680K)->0K(8704K) From: 15808K(94208K)->15456K(94208K)
[5.081s][info][gc,heap        ] GC(101) ParOldGen: 783784K(859648K)->791888K(859648K)
[5.081s][info][gc,metaspace   ] GC(101) Metaspace: 6297K(6464K)->6297K(6464K) NonClass: 5763K(5824K)->5763K(5824K) Class: 533K(640K)->533K(640K)
[5.081s][info][gc             ] GC(101) Pause Young (Allocation Failure) 788M->788M(940M) 15.126ms
[5.081s][info][gc,cpu         ] GC(101) User=0.02s Sys=0.00s Real=0.01s
[5.090s][info][gc,start       ] GC(102) Pause Young (Allocation Failure)
[5.106s][info][gc,heap        ] GC(102) PSYoungGen: 24160K(102912K)->8832K(103424K) Eden: 8704K(8704K)->0K(8704K) From: 15456K(94208K)->8832K(94720K)
[5.106s][info][gc,heap        ] GC(102) ParOldGen: 791888K(859648K)->807424K(859648K)
[5.106s][info][gc,metaspace   ] GC(102) Metaspace: 6297K(6464K)->6297K(6464K) NonClass: 5763K(5824K)->5763K(5824K) Class: 533K(640K)->533K(640K)
[5.106s][info][gc             ] GC(102) Pause Young (Allocation Failure) 796M->797M(940M) 16.168ms
[5.106s][info][gc,cpu         ] GC(102) User=0.00s Sys=0.00s Real=0.02s
[5.115s][info][gc,start       ] GC(103) Pause Young (Allocation Failure)
[5.129s][info][gc,heap        ] GC(103) PSYoungGen: 17536K(103424K)->8768K(103936K) Eden: 8704K(8704K)->0K(10240K) From: 8832K(94720K)->8768K(93696K)
[5.129s][info][gc,heap        ] GC(103) ParOldGen: 807424K(859648K)->816240K(859648K)
[5.129s][info][gc,metaspace   ] GC(103) Metaspace: 6297K(6464K)->6297K(6464K) NonClass: 5763K(5824K)->5763K(5824K) Class: 533K(640K)->533K(640K)
[5.129s][info][gc             ] GC(103) Pause Young (Allocation Failure) 805M->805M(941M) 14.120ms
[5.129s][info][gc,cpu         ] GC(103) User=0.02s Sys=0.00s Real=0.01s
[5.140s][info][gc,start       ] GC(104) Pause Young (Allocation Failure)
[5.154s][info][gc,heap        ] GC(104) PSYoungGen: 19008K(103936K)->10368K(104448K) Eden: 10240K(10240K)->0K(10240K) From: 8768K(93696K)->10368K(94208K)
[5.154s][info][gc,heap        ] GC(104) ParOldGen: 816240K(859648K)->825072K(859648K)
[5.154s][info][gc,metaspace   ] GC(104) Metaspace: 6297K(6464K)->6297K(6464K) NonClass: 5763K(5824K)->5763K(5824K) Class: 533K(640K)->533K(640K)
[5.154s][info][gc             ] GC(104) Pause Young (Allocation Failure) 815M->815M(941M) 14.186ms
[5.154s][info][gc,cpu         ] GC(104) User=0.02s Sys=0.00s Real=0.01s
[5.165s][info][gc,start       ] GC(105) Pause Young (Allocation Failure)
[5.180s][info][gc,heap        ] GC(105) PSYoungGen: 20608K(104448K)->10336K(99328K) Eden: 10240K(10240K)->0K(11776K) From: 10368K(94208K)->10336K(87552K)
[5.180s][info][gc,heap        ] GC(105) ParOldGen: 825072K(859648K)->835456K(859648K)
[5.180s][info][gc,metaspace   ] GC(105) Metaspace: 6297K(6464K)->6297K(6464K) NonClass: 5763K(5824K)->5763K(5824K) Class: 533K(640K)->533K(640K)
[5.180s][info][gc             ] GC(105) Pause Young (Allocation Failure) 825M->825M(936M) 15.160ms
[5.180s][info][gc,cpu         ] GC(105) User=0.02s Sys=0.00s Real=0.02s
[5.180s][info][gc,start       ] GC(106) Pause Full (Ergonomics)
[5.180s][info][gc,phases,start] GC(106) Marking Phase
[5.374s][info][gc,phases      ] GC(106) Marking Phase 193.541ms
[5.374s][info][gc,phases,start] GC(106) Summary Phase
[5.374s][info][gc,phases      ] GC(106) Summary Phase 0.038ms
[5.374s][info][gc,phases,start] GC(106) Adjust Roots
[5.374s][info][gc,phases      ] GC(106) Adjust Roots 0.160ms
[5.374s][info][gc,phases,start] GC(106) Compaction Phase
[5.453s][info][gc,phases      ] GC(106) Compaction Phase 79.125ms
[5.453s][info][gc,phases,start] GC(106) Post Compact
[5.455s][info][gc,phases      ] GC(106) Post Compact 1.386ms
[5.455s][info][gc,heap        ] GC(106) PSYoungGen: 10336K(99328K)->0K(101888K) Eden: 0K(11776K)->0K(11776K) From: 10336K(87552K)->0K(90112K)
[5.455s][info][gc,heap        ] GC(106) ParOldGen: 835456K(859648K)->844605K(933888K)
[5.455s][info][gc,metaspace   ] GC(106) Metaspace: 6297K(6464K)->6297K(6464K) NonClass: 5763K(5824K)->5763K(5824K) Class: 533K(640K)->533K(640K)
[5.455s][info][gc             ] GC(106) Pause Full (Ergonomics) 825M->824M(1011M) 274.804ms
[5.455s][info][gc,cpu         ] GC(106) User=1.89s Sys=0.02s Real=0.27s
[5.470s][info][gc,start       ] GC(107) Pause Young (Allocation Failure)
[5.482s][info][gc,heap        ] GC(107) PSYoungGen: 11776K(101888K)->11936K(98304K) Eden: 11776K(11776K)->0K(13312K) From: 0K(90112K)->11936K(84992K)
[5.482s][info][gc,heap        ] GC(107) ParOldGen: 844605K(933888K)->844605K(933888K)
[5.482s][info][gc,metaspace   ] GC(107) Metaspace: 6297K(6464K)->6297K(6464K) NonClass: 5763K(5824K)->5763K(5824K) Class: 533K(640K)->533K(640K)
[5.482s][info][gc             ] GC(107) Pause Young (Allocation Failure) 836M->836M(1008M) 12.415ms
[5.482s][info][gc,cpu         ] GC(107) User=0.00s Sys=0.00s Real=0.01s
[5.496s][info][gc,start       ] GC(108) Pause Young (Allocation Failure)
[5.512s][info][gc,heap        ] GC(108) PSYoungGen: 25248K(98304K)->25184K(38912K) Eden: 13312K(13312K)->0K(13312K) From: 11936K(84992K)->25184K(25600K)
[5.512s][info][gc,heap        ] GC(108) ParOldGen: 844605K(933888K)->844605K(933888K)
[5.512s][info][gc,metaspace   ] GC(108) Metaspace: 6297K(6464K)->6297K(6464K) NonClass: 5763K(5824K)->5763K(5824K) Class: 533K(640K)->533K(640K)
[5.512s][info][gc             ] GC(108) Pause Young (Allocation Failure) 849M->849M(950M) 15.893ms
[5.512s][info][gc,cpu         ] GC(108) User=0.00s Sys=0.00s Real=0.02s
[5.527s][info][gc,start       ] GC(109) Pause Young (Allocation Failure)
[5.548s][info][gc,heap        ] GC(109) PSYoungGen: 38496K(38912K)->38528K(93696K) Eden: 13312K(13312K)->0K(14848K) From: 25184K(25600K)->38528K(78848K)
[5.548s][info][gc,heap        ] GC(109) ParOldGen: 844605K(933888K)->844605K(933888K)
[5.548s][info][gc,metaspace   ] GC(109) Metaspace: 6297K(6464K)->6297K(6464K) NonClass: 5763K(5824K)->5763K(5824K) Class: 533K(640K)->533K(640K)
[5.548s][info][gc             ] GC(109) Pause Young (Allocation Failure) 862M->862M(1003M) 20.635ms
[5.548s][info][gc,cpu         ] GC(109) User=0.05s Sys=0.00s Real=0.02s
[5.563s][info][gc,start       ] GC(110) Pause Young (Allocation Failure)
[5.589s][info][gc,heap        ] GC(110) PSYoungGen: 53376K(93696K)->41632K(95232K) Eden: 14848K(14848K)->0K(14848K) From: 38528K(78848K)->41632K(80384K)
[5.589s][info][gc,heap        ] GC(110) ParOldGen: 844605K(933888K)->856565K(933888K)
[5.589s][info][gc,metaspace   ] GC(110) Metaspace: 6297K(6464K)->6297K(6464K) NonClass: 5763K(5824K)->5763K(5824K) Class: 533K(640K)->533K(640K)
[5.589s][info][gc             ] GC(110) Pause Young (Allocation Failure) 876M->877M(1005M) 26.416ms
[5.589s][info][gc,cpu         ] GC(110) User=0.14s Sys=0.00s Real=0.03s
[5.605s][info][gc,start       ] GC(111) Pause Young (Allocation Failure)
[5.633s][info][gc,heap        ] GC(111) PSYoungGen: 56480K(95232K)->43136K(96768K) Eden: 14848K(14848K)->0K(16896K) From: 41632K(80384K)->43136K(79872K)
[5.633s][info][gc,heap        ] GC(111) ParOldGen: 856565K(933888K)->870069K(933888K)
[5.633s][info][gc,metaspace   ] GC(111) Metaspace: 6297K(6464K)->6297K(6464K) NonClass: 5763K(5824K)->5763K(5824K) Class: 533K(640K)->533K(640K)
[5.633s][info][gc             ] GC(111) Pause Young (Allocation Failure) 891M->891M(1006M) 27.921ms
[5.633s][info][gc,cpu         ] GC(111) User=0.12s Sys=0.00s Real=0.03s
[5.651s][info][gc,start       ] GC(112) Pause Young (Allocation Failure)
[5.681s][info][gc,heap        ] GC(112) PSYoungGen: 60032K(96768K)->46752K(96768K) Eden: 16896K(16896K)->0K(16896K) From: 43136K(79872K)->46752K(79872K)
[5.681s][info][gc,heap        ] GC(112) ParOldGen: 870069K(933888K)->883565K(933888K)
[5.681s][info][gc,metaspace   ] GC(112) Metaspace: 6297K(6464K)->6297K(6464K) NonClass: 5763K(5824K)->5763K(5824K) Class: 533K(640K)->533K(640K)
[5.681s][info][gc             ] GC(112) Pause Young (Allocation Failure) 908M->908M(1006M) 29.566ms
[5.681s][info][gc,cpu         ] GC(112) User=0.12s Sys=0.00s Real=0.03s
[5.699s][info][gc,start       ] GC(113) Pause Young (Allocation Failure)
[5.730s][info][gc,heap        ] GC(113) PSYoungGen: 63648K(96768K)->48768K(98304K) Eden: 16896K(16896K)->0K(17920K) From: 46752K(79872K)->48768K(80384K)
[5.730s][info][gc,heap        ] GC(113) ParOldGen: 883565K(933888K)->898613K(933888K)
[5.730s][info][gc,metaspace   ] GC(113) Metaspace: 6297K(6464K)->6297K(6464K) NonClass: 5763K(5824K)->5763K(5824K) Class: 533K(640K)->533K(640K)
[5.730s][info][gc             ] GC(113) Pause Young (Allocation Failure) 925M->925M(1008M) 31.150ms
[5.731s][info][gc,cpu         ] GC(113) User=0.14s Sys=0.00s Real=0.03s
[5.750s][info][gc,start       ] GC(114) Pause Young (Allocation Failure)
[5.784s][info][gc,heap        ] GC(114) PSYoungGen: 66688K(98304K)->34976K(53248K) Eden: 17920K(17920K)->0K(17920K) From: 48768K(80384K)->34976K(35328K)
[5.784s][info][gc,heap        ] GC(114) ParOldGen: 898613K(933888K)->930765K(933888K)
[5.784s][info][gc,metaspace   ] GC(114) Metaspace: 6297K(6464K)->6297K(6464K) NonClass: 5763K(5824K)->5763K(5824K) Class: 533K(640K)->533K(640K)
[5.784s][info][gc             ] GC(114) Pause Young (Allocation Failure) 942M->943M(964M) 33.595ms
[5.784s][info][gc,cpu         ] GC(114) User=0.16s Sys=0.00s Real=0.03s
[5.784s][info][gc,start       ] GC(115) Pause Full (Ergonomics)
[5.784s][info][gc,phases,start] GC(115) Marking Phase
[6.000s][info][gc,phases      ] GC(115) Marking Phase 216.377ms
[6.001s][info][gc,phases,start] GC(115) Summary Phase
[6.001s][info][gc,phases      ] GC(115) Summary Phase 0.026ms
[6.001s][info][gc,phases,start] GC(115) Adjust Roots
[6.001s][info][gc,phases      ] GC(115) Adjust Roots 0.191ms
[6.001s][info][gc,phases,start] GC(115) Compaction Phase
[6.093s][info][gc,phases      ] GC(115) Compaction Phase 92.616ms
[6.093s][info][gc,phases,start] GC(115) Post Compact
[6.095s][info][gc,phases      ] GC(115) Post Compact 1.740ms
[6.096s][info][gc,heap        ] GC(115) PSYoungGen: 34976K(53248K)->30663K(53248K) Eden: 0K(17920K)->0K(17920K) From: 34976K(35328K)->30663K(35328K)
[6.096s][info][gc,heap        ] GC(115) ParOldGen: 930765K(933888K)->933499K(1033728K)
[6.096s][info][gc,metaspace   ] GC(115) Metaspace: 6297K(6464K)->6297K(6464K) NonClass: 5763K(5824K)->5763K(5824K) Class: 533K(640K)->533K(640K)
[6.096s][info][gc             ] GC(115) Pause Full (Ergonomics) 943M->941M(1061M) 311.709ms
[6.096s][info][gc,cpu         ] GC(115) User=2.30s Sys=0.00s Real=0.31s
[6.116s][info][gc,start       ] GC(116) Pause Young (Allocation Failure)
[6.177s][info][gc,heap        ] GC(116) PSYoungGen: 48583K(53248K)->18080K(93696K) Eden: 17920K(17920K)->0K(19968K) From: 30663K(35328K)->18080K(73728K)
[6.177s][info][gc,heap        ] GC(116) ParOldGen: 933499K(1033728K)->964611K(1033728K)
[6.177s][info][gc,metaspace   ] GC(116) Metaspace: 6297K(6464K)->6297K(6464K) NonClass: 5763K(5824K)->5763K(5824K) Class: 533K(640K)->533K(640K)
[6.177s][info][gc             ] GC(116) Pause Young (Allocation Failure) 959M->959M(1101M) 60.769ms
[6.177s][info][gc,cpu         ] GC(116) User=0.33s Sys=0.05s Real=0.06s
[6.198s][info][gc,start       ] GC(117) Pause Young (Allocation Failure)
[6.221s][info][gc,heap        ] GC(117) PSYoungGen: 38048K(93696K)->20032K(95744K) Eden: 19968K(19968K)->0K(19968K) From: 18080K(73728K)->20032K(75776K)
[6.221s][info][gc,heap        ] GC(117) ParOldGen: 964611K(1033728K)->982779K(1033728K)
[6.221s][info][gc,metaspace   ] GC(117) Metaspace: 6297K(6464K)->6297K(6464K) NonClass: 5763K(5824K)->5763K(5824K) Class: 533K(640K)->533K(640K)
[6.221s][info][gc             ] GC(117) Pause Young (Allocation Failure) 979M->979M(1103M) 22.480ms
[6.221s][info][gc,cpu         ] GC(117) User=0.12s Sys=0.00s Real=0.02s
[6.243s][info][gc,start       ] GC(118) Pause Young (Allocation Failure)
[6.267s][info][gc,heap        ] GC(118) PSYoungGen: 40000K(95744K)->20096K(91648K) Eden: 19968K(19968K)->0K(22016K) From: 20032K(75776K)->20096K(69632K)
[6.267s][info][gc,heap        ] GC(118) ParOldGen: 982779K(1033728K)->1003027K(1033728K)
[6.267s][info][gc,metaspace   ] GC(118) Metaspace: 6297K(6464K)->6297K(6464K) NonClass: 5763K(5824K)->5763K(5824K) Class: 533K(640K)->533K(640K)
[6.267s][info][gc             ] GC(118) Pause Young (Allocation Failure) 998M->999M(1099M) 23.311ms
[6.267s][info][gc,cpu         ] GC(118) User=0.12s Sys=0.00s Real=0.02s
[6.267s][info][gc,start       ] GC(119) Pause Full (Ergonomics)
[6.267s][info][gc,phases,start] GC(119) Marking Phase
[6.500s][info][gc,phases      ] GC(119) Marking Phase 232.730ms
[6.500s][info][gc,phases,start] GC(119) Summary Phase
[6.500s][info][gc,phases      ] GC(119) Summary Phase 0.030ms
[6.500s][info][gc,phases,start] GC(119) Adjust Roots
[6.500s][info][gc,phases      ] GC(119) Adjust Roots 0.153ms
[6.500s][info][gc,phases,start] GC(119) Compaction Phase
[6.586s][info][gc,phases      ] GC(119) Compaction Phase 85.905ms
[6.586s][info][gc,phases,start] GC(119) Post Compact
[6.587s][info][gc,phases      ] GC(119) Post Compact 1.649ms
[6.588s][info][gc,heap        ] GC(119) PSYoungGen: 20096K(91648K)->0K(93696K) Eden: 0K(22016K)->0K(22016K) From: 20096K(69632K)->0K(71680K)
[6.588s][info][gc,heap        ] GC(119) ParOldGen: 1003027K(1033728K)->1021920K(1134080K)
[6.588s][info][gc,metaspace   ] GC(119) Metaspace: 6297K(6464K)->6297K(6464K) NonClass: 5763K(5824K)->5763K(5824K) Class: 533K(640K)->533K(640K)
[6.588s][info][gc             ] GC(119) Pause Full (Ergonomics) 999M->997M(1199M) 321.200ms
[6.588s][info][gc,cpu         ] GC(119) User=2.39s Sys=0.00s Real=0.32s
[6.614s][info][gc,start       ] GC(120) Pause Young (Allocation Failure)
[6.630s][info][gc,heap        ] GC(120) PSYoungGen: 22016K(93696K)->22112K(90112K) Eden: 22016K(22016K)->0K(24064K) From: 0K(71680K)->22112K(66048K)
[6.630s][info][gc,heap        ] GC(120) ParOldGen: 1021920K(1134080K)->1021920K(1134080K)
[6.630s][info][gc,metaspace   ] GC(120) Metaspace: 6297K(6464K)->6297K(6464K) NonClass: 5763K(5824K)->5763K(5824K) Class: 533K(640K)->533K(640K)
[6.630s][info][gc             ] GC(120) Pause Young (Allocation Failure) 1019M->1019M(1195M) 16.093ms
[6.630s][info][gc,cpu         ] GC(120) User=0.02s Sys=0.00s Real=0.02s
[6.656s][info][gc,start       ] GC(121) Pause Young (Allocation Failure)
[6.681s][info][gc,heap        ] GC(121) PSYoungGen: 46176K(90112K)->46240K(93184K) Eden: 24064K(24064K)->0K(24064K) From: 22112K(66048K)->46240K(69120K)
[6.681s][info][gc,heap        ] GC(121) ParOldGen: 1021920K(1134080K)->1021920K(1134080K)
[6.681s][info][gc,metaspace   ] GC(121) Metaspace: 6297K(6464K)->6297K(6464K) NonClass: 5763K(5824K)->5763K(5824K) Class: 533K(640K)->533K(640K)
[6.681s][info][gc             ] GC(121) Pause Young (Allocation Failure) 1043M->1043M(1198M) 24.540ms
[6.681s][info][gc,cpu         ] GC(121) User=0.14s Sys=0.00s Real=0.03s
[6.707s][info][gc,start       ] GC(122) Pause Young (Allocation Failure)
[6.742s][info][gc,heap        ] GC(122) PSYoungGen: 70304K(93184K)->70272K(87552K) Eden: 24064K(24064K)->0K(16384K) From: 46240K(69120K)->70272K(71168K)
[6.742s][info][gc,heap        ] GC(122) ParOldGen: 1021920K(1134080K)->1021920K(1134080K)
[6.742s][info][gc,metaspace   ] GC(122) Metaspace: 6297K(6464K)->6297K(6464K) NonClass: 5763K(5824K)->5763K(5824K) Class: 533K(640K)->533K(640K)
[6.742s][info][gc             ] GC(122) Pause Young (Allocation Failure) 1066M->1066M(1193M) 34.618ms
[6.742s][info][gc,cpu         ] GC(122) User=0.25s Sys=0.00s Real=0.03s
[6.760s][info][gc,start       ] GC(123) Pause Young (Allocation Failure)
[6.801s][info][gc,heap        ] GC(123) PSYoungGen: 86656K(87552K)->81408K(97792K) Eden: 16384K(16384K)->0K(16384K) From: 70272K(71168K)->81408K(81408K)
[6.801s][info][gc,heap        ] GC(123) ParOldGen: 1021920K(1134080K)->1027184K(1134080K)
[6.801s][info][gc,metaspace   ] GC(123) Metaspace: 6297K(6464K)->6297K(6464K) NonClass: 5763K(5824K)->5763K(5824K) Class: 533K(640K)->533K(640K)
[6.801s][info][gc             ] GC(123) Pause Young (Allocation Failure) 1082M->1082M(1203M) 40.988ms
[6.801s][info][gc,cpu         ] GC(123) User=0.25s Sys=0.00s Real=0.04s
[6.819s][info][gc,start       ] GC(124) Pause Young (Allocation Failure)
[6.868s][info][gc,heap        ] GC(124) PSYoungGen: 97792K(97792K)->54432K(114176K) Eden: 16384K(16384K)->0K(18432K) From: 81408K(81408K)->54432K(95744K)
[6.868s][info][gc,heap        ] GC(124) ParOldGen: 1027184K(1134080K)->1071216K(1134080K)
[6.868s][info][gc,metaspace   ] GC(124) Metaspace: 6297K(6464K)->6297K(6464K) NonClass: 5763K(5824K)->5763K(5824K) Class: 533K(640K)->533K(640K)
[6.868s][info][gc             ] GC(124) Pause Young (Allocation Failure) 1098M->1099M(1219M) 49.089ms
[6.868s][info][gc,cpu         ] GC(124) User=0.38s Sys=0.03s Real=0.05s
[6.888s][info][gc,start       ] GC(125) Pause Young (Allocation Failure)
[6.925s][info][gc,heap        ] GC(125) PSYoungGen: 72864K(114176K)->50944K(114176K) Eden: 18432K(18432K)->0K(18432K) From: 54432K(95744K)->50944K(95744K)
[6.925s][info][gc,heap        ] GC(125) ParOldGen: 1071216K(1134080K)->1093432K(1134080K)
[6.925s][info][gc,metaspace   ] GC(125) Metaspace: 6297K(6464K)->6297K(6464K) NonClass: 5763K(5824K)->5763K(5824K) Class: 533K(640K)->533K(640K)
[6.925s][info][gc             ] GC(125) Pause Young (Allocation Failure) 1117M->1117M(1219M) 37.194ms
[6.925s][info][gc,cpu         ] GC(125) User=0.23s Sys=0.00s Real=0.04s
[6.925s][info][gc,start       ] GC(126) Pause Full (Ergonomics)
[6.925s][info][gc,phases,start] GC(126) Marking Phase
[7.180s][info][gc,phases      ] GC(126) Marking Phase 255.124ms
[7.180s][info][gc,phases,start] GC(126) Summary Phase
[7.180s][info][gc,phases      ] GC(126) Summary Phase 0.040ms
[7.180s][info][gc,phases,start] GC(126) Adjust Roots
[7.180s][info][gc,phases      ] GC(126) Adjust Roots 0.161ms
[7.180s][info][gc,phases,start] GC(126) Compaction Phase
[7.280s][info][gc,phases      ] GC(126) Compaction Phase 99.392ms
[7.280s][info][gc,phases,start] GC(126) Post Compact
[7.282s][info][gc,phases      ] GC(126) Post Compact 1.902ms
[7.282s][info][gc,heap        ] GC(126) PSYoungGen: 50944K(114176K)->9307K(114176K) Eden: 0K(18432K)->0K(18432K) From: 50944K(95744K)->9307K(95744K)
[7.282s][info][gc,heap        ] GC(126) ParOldGen: 1093432K(1134080K)->1133764K(1260544K)
[7.282s][info][gc,metaspace   ] GC(126) Metaspace: 6297K(6464K)->6297K(6464K) NonClass: 5763K(5824K)->5763K(5824K) Class: 533K(640K)->533K(640K)
[7.282s][info][gc             ] GC(126) Pause Full (Ergonomics) 1117M->1116M(1342M) 357.395ms
[7.282s][info][gc,cpu         ] GC(126) User=2.45s Sys=0.02s Real=0.36s
[7.305s][info][gc,start       ] GC(127) Pause Young (Allocation Failure)
[7.368s][info][gc,heap        ] GC(127) PSYoungGen: 27739K(114176K)->26848K(108544K) Eden: 18432K(18432K)->0K(20480K) From: 9307K(95744K)->26848K(88064K)
[7.368s][info][gc,heap        ] GC(127) ParOldGen: 1133764K(1260544K)->1134844K(1260544K)
[7.368s][info][gc,metaspace   ] GC(127) Metaspace: 6297K(6464K)->6297K(6464K) NonClass: 5763K(5824K)->5763K(5824K) Class: 533K(640K)->533K(640K)
[7.368s][info][gc             ] GC(127) Pause Young (Allocation Failure) 1134M->1134M(1337M) 63.081ms
[7.368s][info][gc,cpu         ] GC(127) User=0.38s Sys=0.00s Real=0.06s
[7.392s][info][gc,start       ] GC(128) Pause Young (Allocation Failure)
[7.418s][info][gc,heap        ] GC(128) PSYoungGen: 47328K(108544K)->47360K(68096K) Eden: 20480K(20480K)->0K(20480K) From: 26848K(88064K)->47360K(47616K)
[7.418s][info][gc,heap        ] GC(128) ParOldGen: 1134844K(1260544K)->1134844K(1260544K)
[7.418s][info][gc,metaspace   ] GC(128) Metaspace: 6297K(6464K)->6297K(6464K) NonClass: 5763K(5824K)->5763K(5824K) Class: 533K(640K)->533K(640K)
[7.419s][info][gc             ] GC(128) Pause Young (Allocation Failure) 1154M->1154M(1297M) 26.851ms
[7.419s][info][gc,cpu         ] GC(128) User=0.14s Sys=0.00s Real=0.03s
[7.443s][info][gc,start       ] GC(129) Pause Young (Allocation Failure)
[7.478s][info][gc,heap        ] GC(129) PSYoungGen: 67840K(68096K)->67872K(105984K) Eden: 20480K(20480K)->0K(17408K) From: 47360K(47616K)->67872K(88576K)
[7.478s][info][gc,heap        ] GC(129) ParOldGen: 1134844K(1260544K)->1134844K(1260544K)
[7.478s][info][gc,metaspace   ] GC(129) Metaspace: 6297K(6464K)->6297K(6464K) NonClass: 5763K(5824K)->5763K(5824K) Class: 533K(640K)->533K(640K)
[7.478s][info][gc             ] GC(129) Pause Young (Allocation Failure) 1174M->1174M(1334M) 35.159ms
[7.478s][info][gc,cpu         ] GC(129) User=0.16s Sys=0.00s Real=0.04s
[7.498s][info][gc,start       ] GC(130) Pause Young (Allocation Failure)
[7.542s][info][gc,heap        ] GC(130) PSYoungGen: 85280K(105984K)->80768K(111104K) Eden: 17408K(17408K)->0K(17408K) From: 67872K(88576K)->80768K(93696K)
[7.542s][info][gc,heap        ] GC(130) ParOldGen: 1134844K(1260544K)->1139420K(1260544K)
[7.542s][info][gc,metaspace   ] GC(130) Metaspace: 6297K(6464K)->6297K(6464K) NonClass: 5763K(5824K)->5763K(5824K) Class: 533K(640K)->533K(640K)
[7.542s][info][gc             ] GC(130) Pause Young (Allocation Failure) 1191M->1191M(1339M) 43.282ms
[7.542s][info][gc,cpu         ] GC(130) User=0.22s Sys=0.03s Real=0.04s
[7.563s][info][gc,start       ] GC(131) Pause Young (Allocation Failure)
[7.615s][info][gc,heap        ] GC(131) PSYoungGen: 98176K(111104K)->94368K(109568K) Eden: 17408K(17408K)->0K(7680K) From: 80768K(93696K)->94368K(101888K)
[7.615s][info][gc,heap        ] GC(131) ParOldGen: 1139420K(1260544K)->1143284K(1260544K)
[7.615s][info][gc,metaspace   ] GC(131) Metaspace: 6297K(6464K)->6297K(6464K) NonClass: 5763K(5824K)->5763K(5824K) Class: 533K(640K)->533K(640K)
[7.615s][info][gc             ] GC(131) Pause Young (Allocation Failure) 1208M->1208M(1338M) 52.534ms
[7.615s][info][gc,cpu         ] GC(131) User=0.27s Sys=0.02s Real=0.05s
[7.624s][info][gc,start       ] GC(132) Pause Young (Allocation Failure)
[7.678s][info][gc,heap        ] GC(132) PSYoungGen: 102048K(109568K)->83584K(121344K) Eden: 7680K(7680K)->0K(7680K) From: 94368K(101888K)->83584K(113664K)
[7.678s][info][gc,heap        ] GC(132) ParOldGen: 1143284K(1260544K)->1161964K(1260544K)
[7.678s][info][gc,metaspace   ] GC(132) Metaspace: 6297K(6464K)->6297K(6464K) NonClass: 5763K(5824K)->5763K(5824K) Class: 533K(640K)->533K(640K)
[7.678s][info][gc             ] GC(132) Pause Young (Allocation Failure) 1216M->1216M(1349M) 54.048ms
[7.678s][info][gc,cpu         ] GC(132) User=0.36s Sys=0.02s Real=0.05s
[7.687s][info][gc,start       ] GC(133) Pause Young (Allocation Failure)
[7.736s][info][gc,heap        ] GC(133) PSYoungGen: 91264K(121344K)->50304K(117760K) Eden: 7680K(7680K)->0K(9216K) From: 83584K(113664K)->50304K(108544K)
[7.736s][info][gc,heap        ] GC(133) ParOldGen: 1161964K(1260544K)->1203452K(1260544K)
[7.736s][info][gc,metaspace   ] GC(133) Metaspace: 6297K(6464K)->6297K(6464K) NonClass: 5763K(5824K)->5763K(5824K) Class: 533K(640K)->533K(640K)
[7.736s][info][gc             ] GC(133) Pause Young (Allocation Failure) 1223M->1224M(1346M) 48.983ms
[7.736s][info][gc,cpu         ] GC(133) User=0.16s Sys=0.11s Real=0.05s
[7.747s][info][gc,start       ] GC(134) Pause Young (Allocation Failure)
[7.780s][info][gc,heap        ] GC(134) PSYoungGen: 59520K(117760K)->24672K(122880K) Eden: 9216K(9216K)->0K(9216K) From: 50304K(108544K)->24672K(113664K)
[7.780s][info][gc,heap        ] GC(134) ParOldGen: 1203452K(1260544K)->1238748K(1260544K)
[7.780s][info][gc,metaspace   ] GC(134) Metaspace: 6297K(6464K)->6297K(6464K) NonClass: 5763K(5824K)->5763K(5824K) Class: 533K(640K)->533K(640K)
[7.780s][info][gc             ] GC(134) Pause Young (Allocation Failure) 1233M->1233M(1351M) 32.513ms
[7.780s][info][gc,cpu         ] GC(134) User=0.12s Sys=0.02s Real=0.03s
[7.780s][info][gc,start       ] GC(135) Pause Full (Ergonomics)
[7.780s][info][gc,phases,start] GC(135) Marking Phase
[8.060s][info][gc,phases      ] GC(135) Marking Phase 280.769ms
[8.061s][info][gc,phases,start] GC(135) Summary Phase
[8.061s][info][gc,phases      ] GC(135) Summary Phase 0.034ms
[8.061s][info][gc,phases,start] GC(135) Adjust Roots
[8.061s][info][gc,phases      ] GC(135) Adjust Roots 0.147ms
[8.061s][info][gc,phases,start] GC(135) Compaction Phase
[8.165s][info][gc,phases      ] GC(135) Compaction Phase 104.046ms
[8.165s][info][gc,phases,start] GC(135) Post Compact
[8.167s][info][gc,phases      ] GC(135) Post Compact 2.097ms
[8.168s][info][gc,heap        ] GC(135) PSYoungGen: 24672K(122880K)->1490K(122880K) Eden: 0K(9216K)->0K(9216K) From: 24672K(113664K)->1490K(113664K)
[8.168s][info][gc,heap        ] GC(135) ParOldGen: 1238748K(1260544K)->1260112K(1404416K)
[8.168s][info][gc,metaspace   ] GC(135) Metaspace: 6297K(6464K)->6297K(6464K) NonClass: 5763K(5824K)->5763K(5824K) Class: 533K(640K)->533K(640K)
[8.168s][info][gc             ] GC(135) Pause Full (Ergonomics) 1233M->1232M(1491M) 387.905ms
[8.168s][info][gc,cpu         ] GC(135) User=2.77s Sys=0.00s Real=0.39s
[8.179s][info][gc,start       ] GC(136) Pause Young (Allocation Failure)
[8.240s][info][gc,heap        ] GC(136) PSYoungGen: 10706K(122880K)->9664K(122880K) Eden: 9216K(9216K)->0K(9728K) From: 1490K(113664K)->9664K(113152K)
[8.240s][info][gc,heap        ] GC(136) ParOldGen: 1260112K(1404416K)->1261328K(1404416K)
[8.240s][info][gc,metaspace   ] GC(136) Metaspace: 6297K(6464K)->6297K(6464K) NonClass: 5763K(5824K)->5763K(5824K) Class: 533K(640K)->533K(640K)
[8.240s][info][gc             ] GC(136) Pause Young (Allocation Failure) 1241M->1241M(1491M) 61.588ms
[8.240s][info][gc,cpu         ] GC(136) User=0.38s Sys=0.00s Real=0.06s
[8.252s][info][gc,start       ] GC(137) Pause Young (Allocation Failure)
[8.268s][info][gc,heap        ] GC(137) PSYoungGen: 19392K(122880K)->9824K(123904K) Eden: 9728K(9728K)->0K(9728K) From: 9664K(113152K)->9824K(114176K)
[8.268s][info][gc,heap        ] GC(137) ParOldGen: 1261328K(1404416K)->1271008K(1404416K)
[8.268s][info][gc,metaspace   ] GC(137) Metaspace: 6297K(6464K)->6297K(6464K) NonClass: 5763K(5824K)->5763K(5824K) Class: 533K(640K)->533K(640K)
[8.268s][info][gc             ] GC(137) Pause Young (Allocation Failure) 1250M->1250M(1492M) 16.333ms
[8.268s][info][gc,cpu         ] GC(137) User=0.03s Sys=0.00s Real=0.02s
[8.280s][info][gc,start       ] GC(138) Pause Young (Allocation Failure)
[8.295s][info][gc,heap        ] GC(138) PSYoungGen: 19552K(123904K)->9824K(123392K) Eden: 9728K(9728K)->0K(11264K) From: 9824K(114176K)->9824K(112128K)
[8.295s][info][gc,heap        ] GC(138) ParOldGen: 1271008K(1404416K)->1280872K(1404416K)
[8.295s][info][gc,metaspace   ] GC(138) Metaspace: 6297K(6464K)->6297K(6464K) NonClass: 5763K(5824K)->5763K(5824K) Class: 533K(640K)->533K(640K)
[8.295s][info][gc             ] GC(138) Pause Young (Allocation Failure) 1260M->1260M(1492M) 15.172ms
[8.295s][info][gc,cpu         ] GC(138) User=0.02s Sys=0.00s Real=0.02s
[8.311s][info][gc,start       ] GC(139) Pause Young (Allocation Failure)
[8.328s][info][gc,heap        ] GC(139) PSYoungGen: 21088K(123392K)->11264K(22528K) Eden: 11264K(11264K)->0K(11264K) From: 9824K(112128K)->11264K(11264K)
[8.328s][info][gc,heap        ] GC(139) ParOldGen: 1280872K(1404416K)->1290736K(1404416K)
[8.328s][info][gc,metaspace   ] GC(139) Metaspace: 6297K(6464K)->6297K(6464K) NonClass: 5763K(5824K)->5763K(5824K) Class: 533K(640K)->533K(640K)
[8.328s][info][gc             ] GC(139) Pause Young (Allocation Failure) 1271M->1271M(1393M) 16.968ms
[8.328s][info][gc,cpu         ] GC(139) User=0.03s Sys=0.00s Real=0.02s
[8.337s][info][gc,start       ] GC(140) Pause Young (Allocation Failure)
[8.352s][info][gc,heap        ] GC(140) PSYoungGen: 22528K(22528K)->5984K(120320K) Eden: 11264K(11264K)->0K(12800K) From: 11264K(11264K)->5984K(107520K)
[8.352s][info][gc,heap        ] GC(140) ParOldGen: 1290736K(1404416K)->1302032K(1404416K)
[8.352s][info][gc,metaspace   ] GC(140) Metaspace: 6297K(6464K)->6297K(6464K) NonClass: 5763K(5824K)->5763K(5824K) Class: 533K(640K)->533K(640K)
[8.352s][info][gc             ] GC(140) Pause Young (Allocation Failure) 1282M->1277M(1489M) 14.836ms
[8.352s][info][gc,cpu         ] GC(140) User=0.02s Sys=0.00s Real=0.02s
[8.362s][info][gc,start       ] GC(141) Pause Young (Allocation Failure)
[8.376s][info][gc,heap        ] GC(141) PSYoungGen: 18784K(120320K)->6720K(19968K) Eden: 12800K(12800K)->0K(12800K) From: 5984K(107520K)->6720K(7168K)
[8.376s][info][gc,heap        ] GC(141) ParOldGen: 1302032K(1404416K)->1307968K(1404416K)
[8.376s][info][gc,metaspace   ] GC(141) Metaspace: 6297K(6464K)->6297K(6464K) NonClass: 5763K(5824K)->5763K(5824K) Class: 533K(640K)->533K(640K)
[8.376s][info][gc             ] GC(141) Pause Young (Allocation Failure) 1289M->1283M(1391M) 14.011ms
[8.376s][info][gc,cpu         ] GC(141) User=0.02s Sys=0.00s Real=0.01s
[8.386s][info][gc,start       ] GC(142) Pause Young (Allocation Failure)
[8.400s][info][gc,heap        ] GC(142) PSYoungGen: 19520K(19968K)->6752K(113664K) Eden: 12800K(12800K)->0K(14336K) From: 6720K(7168K)->6752K(99328K)
[8.400s][info][gc,heap        ] GC(142) ParOldGen: 1307968K(1404416K)->1314712K(1404416K)
[8.400s][info][gc,metaspace   ] GC(142) Metaspace: 6297K(6464K)->6297K(6464K) NonClass: 5763K(5824K)->5763K(5824K) Class: 533K(640K)->533K(640K)
[8.400s][info][gc             ] GC(142) Pause Young (Allocation Failure) 1296M->1290M(1482M) 14.027ms
[8.400s][info][gc,cpu         ] GC(142) User=0.02s Sys=0.00s Real=0.01s
[8.418s][info][gc,start       ] GC(143) Pause Young (Allocation Failure)
[8.434s][info][gc,heap        ] GC(143) PSYoungGen: 21088K(113664K)->14016K(28672K) Eden: 14336K(14336K)->0K(14336K) From: 6752K(99328K)->14016K(14336K)
[8.434s][info][gc,heap        ] GC(143) ParOldGen: 1314712K(1404416K)->1321448K(1404416K)
[8.434s][info][gc,metaspace   ] GC(143) Metaspace: 6297K(6464K)->6297K(6464K) NonClass: 5763K(5824K)->5763K(5824K) Class: 533K(640K)->533K(640K)
[8.434s][info][gc             ] GC(143) Pause Young (Allocation Failure) 1304M->1304M(1399M) 16.372ms
[8.434s][info][gc,cpu         ] GC(143) User=0.02s Sys=0.00s Real=0.02s
[8.453s][info][gc,start       ] GC(144) Pause Young (Allocation Failure)
[8.472s][info][gc,heap        ] GC(144) PSYoungGen: 28352K(28672K)->14432K(105472K) Eden: 14336K(14336K)->0K(16384K) From: 14016K(14336K)->14432K(89088K)
[8.472s][info][gc,heap        ] GC(144) ParOldGen: 1321448K(1404416K)->1335512K(1404416K)
[8.472s][info][gc,metaspace   ] GC(144) Metaspace: 6297K(6464K)->6297K(6464K) NonClass: 5763K(5824K)->5763K(5824K) Class: 533K(640K)->533K(640K)
[8.472s][info][gc             ] GC(144) Pause Young (Allocation Failure) 1318M->1318M(1474M) 19.777ms
[8.472s][info][gc,cpu         ] GC(144) User=0.12s Sys=0.00s Real=0.02s
[8.491s][info][gc,start       ] GC(145) Pause Young (Allocation Failure)
[8.512s][info][gc,heap        ] GC(145) PSYoungGen: 30816K(105472K)->16512K(33280K) Eden: 16384K(16384K)->0K(16384K) From: 14432K(89088K)->16512K(16896K)
[8.512s][info][gc,heap        ] GC(145) ParOldGen: 1335512K(1404416K)->1350048K(1404416K)
[8.512s][info][gc,metaspace   ] GC(145) Metaspace: 6297K(6464K)->6297K(6464K) NonClass: 5763K(5824K)->5763K(5824K) Class: 533K(640K)->533K(640K)
[8.512s][info][gc             ] GC(145) Pause Young (Allocation Failure) 1334M->1334M(1404M) 21.224ms
[8.513s][info][gc,cpu         ] GC(145) User=0.11s Sys=0.02s Real=0.02s
[8.533s][info][gc,start       ] GC(146) Pause Young (Allocation Failure)
[8.556s][info][gc,heap        ] GC(146) PSYoungGen: 32896K(33280K)->16544K(97792K) Eden: 16384K(16384K)->0K(18432K) From: 16512K(16896K)->16544K(79360K)
[8.556s][info][gc,heap        ] GC(146) ParOldGen: 1350048K(1404416K)->1366648K(1404416K)
[8.556s][info][gc,metaspace   ] GC(146) Metaspace: 6297K(6464K)->6297K(6464K) NonClass: 5763K(5824K)->5763K(5824K) Class: 533K(640K)->533K(640K)
[8.556s][info][gc             ] GC(146) Pause Young (Allocation Failure) 1350M->1350M(1467M) 22.467ms
[8.556s][info][gc,cpu         ] GC(146) User=0.12s Sys=0.00s Real=0.02s
[8.578s][info][gc,start       ] GC(147) Pause Young (Allocation Failure)
[8.602s][info][gc,heap        ] GC(147) PSYoungGen: 34976K(97792K)->18560K(37376K) Eden: 18432K(18432K)->0K(18432K) From: 16544K(79360K)->18560K(18944K)
[8.602s][info][gc,heap        ] GC(147) ParOldGen: 1366648K(1404416K)->1383272K(1404416K)
[8.602s][info][gc,metaspace   ] GC(147) Metaspace: 6297K(6464K)->6297K(6464K) NonClass: 5763K(5824K)->5763K(5824K) Class: 533K(640K)->533K(640K)
[8.602s][info][gc             ] GC(147) Pause Young (Allocation Failure) 1368M->1368M(1408M) 23.493ms
[8.602s][info][gc,cpu         ] GC(147) User=0.11s Sys=0.02s Real=0.02s
[8.602s][info][gc,start       ] GC(148) Pause Full (Ergonomics)
[8.602s][info][gc,phases,start] GC(148) Marking Phase
[8.918s][info][gc,phases      ] GC(148) Marking Phase 315.952ms
[8.918s][info][gc,phases,start] GC(148) Summary Phase
[8.918s][info][gc,phases      ] GC(148) Summary Phase 0.060ms
[8.918s][info][gc,phases,start] GC(148) Adjust Roots
[8.918s][info][gc,phases      ] GC(148) Adjust Roots 0.181ms
[8.918s][info][gc,phases,start] GC(148) Compaction Phase
[9.038s][info][gc,phases      ] GC(148) Compaction Phase 120.214ms
[9.038s][info][gc,phases,start] GC(148) Post Compact
[9.041s][info][gc,phases      ] GC(148) Post Compact 2.661ms
[9.042s][info][gc,heap        ] GC(148) PSYoungGen: 18560K(37376K)->0K(99840K) Eden: 0K(18432K)->0K(20992K) From: 18560K(18944K)->0K(78848K)
[9.042s][info][gc,heap        ] GC(148) ParOldGen: 1383272K(1404416K)->1399599K(1534976K)
[9.042s][info][gc,metaspace   ] GC(148) Metaspace: 6297K(6464K)->6297K(6464K) NonClass: 5763K(5824K)->5763K(5824K) Class: 533K(640K)->533K(640K)
[9.042s][info][gc             ] GC(148) Pause Full (Ergonomics) 1368M->1366M(1596M) 440.068ms
[9.042s][info][gc,cpu         ] GC(148) User=3.23s Sys=0.00s Real=0.44s
[9.367s][info][gc,start       ] GC(149) Pause Young (Allocation Failure)
[9.417s][info][gc,heap        ] GC(149) PSYoungGen: 20992K(99840K)->21152K(42496K) Eden: 20992K(20992K)->0K(20992K) From: 0K(78848K)->21152K(21504K)
[9.417s][info][gc,heap        ] GC(149) ParOldGen: 1465135K(1534976K)->1465135K(1534976K)
[9.417s][info][gc,metaspace   ] GC(149) Metaspace: 6297K(6464K)->6297K(6464K) NonClass: 5763K(5824K)->5763K(5824K) Class: 533K(640K)->533K(640K)
[9.417s][info][gc             ] GC(149) Pause Young (Allocation Failure) 1451M->1451M(1540M) 50.364ms
[9.417s][info][gc,cpu         ] GC(149) User=0.27s Sys=0.00s Real=0.05s
[9.436s][info][gc,start       ] GC(150) Pause Young (Allocation Failure)
[9.464s][info][gc,heap        ] GC(150) PSYoungGen: 42144K(42496K)->42080K(94720K) Eden: 20992K(20992K)->0K(20992K) From: 21152K(21504K)->42080K(73728K)
[9.464s][info][gc,heap        ] GC(150) ParOldGen: 1465135K(1534976K)->1465135K(1534976K)
[9.464s][info][gc,metaspace   ] GC(150) Metaspace: 6297K(6464K)->6297K(6464K) NonClass: 5763K(5824K)->5763K(5824K) Class: 533K(640K)->533K(640K)
[9.464s][info][gc             ] GC(150) Pause Young (Allocation Failure) 1471M->1471M(1591M) 27.931ms
[9.464s][info][gc,cpu         ] GC(150) User=0.05s Sys=0.00s Real=0.03s
[9.483s][info][gc,start       ] GC(151) Pause Young (Allocation Failure)
[9.516s][info][gc,heap        ] GC(151) PSYoungGen: 63072K(94720K)->63136K(96768K) Eden: 20992K(20992K)->0K(20992K) From: 42080K(73728K)->63136K(75776K)
[9.516s][info][gc,heap        ] GC(151) ParOldGen: 1465135K(1534976K)->1465135K(1534976K)
[9.516s][info][gc,metaspace   ] GC(151) Metaspace: 6297K(6464K)->6297K(6464K) NonClass: 5763K(5824K)->5763K(5824K) Class: 533K(640K)->533K(640K)
[9.516s][info][gc             ] GC(151) Pause Young (Allocation Failure) 1492M->1492M(1593M) 33.442ms
[9.516s][info][gc,cpu         ] GC(151) User=0.08s Sys=0.00s Real=0.03s
[9.537s][info][gc,start       ] GC(152) Pause Young (Allocation Failure)
[9.577s][info][gc,heap        ] GC(152) PSYoungGen: 84128K(96768K)->63168K(100864K) Eden: 20992K(20992K)->0K(16384K) From: 63136K(75776K)->63168K(84480K)
[9.577s][info][gc,heap        ] GC(152) ParOldGen: 1465135K(1534976K)->1486415K(1534976K)
[9.577s][info][gc,metaspace   ] GC(152) Metaspace: 6297K(6464K)->6297K(6464K) NonClass: 5763K(5824K)->5763K(5824K) Class: 533K(640K)->533K(640K)
[9.577s][info][gc             ] GC(152) Pause Young (Allocation Failure) 1512M->1513M(1597M) 40.249ms
[9.577s][info][gc,cpu         ] GC(152) User=0.36s Sys=0.00s Real=0.04s
[9.593s][info][gc,start       ] GC(153) Pause Young (Allocation Failure)
[9.631s][info][gc,heap        ] GC(153) PSYoungGen: 79552K(100864K)->58528K(108032K) Eden: 16384K(16384K)->0K(16384K) From: 63168K(84480K)->58528K(91648K)
[9.631s][info][gc,heap        ] GC(153) ParOldGen: 1486415K(1534976K)->1507679K(1534976K)
[9.631s][info][gc,metaspace   ] GC(153) Metaspace: 6297K(6464K)->6297K(6464K) NonClass: 5763K(5824K)->5763K(5824K) Class: 533K(640K)->533K(640K)
[9.631s][info][gc             ] GC(153) Pause Young (Allocation Failure) 1529M->1529M(1604M) 38.242ms
[9.631s][info][gc,cpu         ] GC(153) User=0.25s Sys=0.00s Real=0.04s
[9.631s][info][gc,start       ] GC(154) Pause Full (Ergonomics)
[9.631s][info][gc,phases,start] GC(154) Marking Phase
[9.971s][info][gc,phases      ] GC(154) Marking Phase 340.145ms
[9.971s][info][gc,phases,start] GC(154) Summary Phase
[9.971s][info][gc,phases      ] GC(154) Summary Phase 0.075ms
[9.971s][info][gc,phases,start] GC(154) Adjust Roots
[9.971s][info][gc,phases      ] GC(154) Adjust Roots 0.186ms
[9.972s][info][gc,phases,start] GC(154) Compaction Phase
[10.219s][info][gc,phases      ] GC(154) Compaction Phase 247.029ms
[10.219s][info][gc,phases,start] GC(154) Post Compact
[10.222s][info][gc,phases      ] GC(154) Post Compact 3.168ms
[10.222s][info][gc,heap        ] GC(154) PSYoungGen: 58528K(108032K)->0K(114176K) Eden: 0K(16384K)->0K(18944K) From: 58528K(91648K)->0K(95232K)
[10.222s][info][gc,heap        ] GC(154) ParOldGen: 1507679K(1534976K)->1532571K(1679872K)
[10.222s][info][gc,metaspace   ] GC(154) Metaspace: 6297K(6464K)->6297K(6464K) NonClass: 5763K(5824K)->5763K(5824K) Class: 533K(640K)->533K(640K)
[10.222s][info][gc             ] GC(154) Pause Full (Ergonomics) 1529M->1496M(1752M) 591.477ms
[10.222s][info][gc,cpu         ] GC(154) User=4.19s Sys=0.02s Real=0.59s
[10.243s][info][gc,start       ] GC(155) Pause Young (Allocation Failure)
[10.270s][info][gc,heap        ] GC(155) PSYoungGen: 18944K(114176K)->19104K(38400K) Eden: 18944K(18944K)->0K(18944K) From: 0K(95232K)->19104K(19456K)
[10.270s][info][gc,heap        ] GC(155) ParOldGen: 1532571K(1679872K)->1532571K(1679872K)
[10.270s][info][gc,metaspace   ] GC(155) Metaspace: 6297K(6464K)->6297K(6464K) NonClass: 5763K(5824K)->5763K(5824K) Class: 533K(640K)->533K(640K)
[10.270s][info][gc             ] GC(155) Pause Young (Allocation Failure) 1515M->1515M(1678M) 26.747ms
[10.270s][info][gc,cpu         ] GC(155) User=0.02s Sys=0.00s Real=0.03s
[10.291s][info][gc,start       ] GC(156) Pause Young (Allocation Failure)
[10.317s][info][gc,heap        ] GC(156) PSYoungGen: 38048K(38400K)->38016K(104960K) Eden: 18944K(18944K)->0K(20992K) From: 19104K(19456K)->38016K(83968K)
[10.317s][info][gc,heap        ] GC(156) ParOldGen: 1532571K(1679872K)->1532571K(1679872K)
[10.317s][info][gc,metaspace   ] GC(156) Metaspace: 6297K(6464K)->6297K(6464K) NonClass: 5763K(5824K)->5763K(5824K) Class: 533K(640K)->533K(640K)
[10.317s][info][gc             ] GC(156) Pause Young (Allocation Failure) 1533M->1533M(1743M) 26.357ms
[10.317s][info][gc,cpu         ] GC(156) User=0.03s Sys=0.00s Real=0.03s
[10.340s][info][gc,start       ] GC(157) Pause Young (Allocation Failure)
[10.374s][info][gc,heap        ] GC(157) PSYoungGen: 59008K(104960K)->59072K(109056K) Eden: 20992K(20992K)->0K(20992K) From: 38016K(83968K)->59072K(88064K)
[10.374s][info][gc,heap        ] GC(157) ParOldGen: 1532571K(1679872K)->1532571K(1679872K)
[10.374s][info][gc,metaspace   ] GC(157) Metaspace: 6297K(6464K)->6297K(6464K) NonClass: 5763K(5824K)->5763K(5824K) Class: 533K(640K)->533K(640K)
[10.374s][info][gc             ] GC(157) Pause Young (Allocation Failure) 1554M->1554M(1747M) 34.208ms
[10.374s][info][gc,cpu         ] GC(157) User=0.06s Sys=0.00s Real=0.03s
[10.396s][info][gc,start       ] GC(158) Pause Young (Allocation Failure)
[10.436s][info][gc,heap        ] GC(158) PSYoungGen: 80064K(109056K)->61088K(111616K) Eden: 20992K(20992K)->0K(19968K) From: 59072K(88064K)->61088K(91648K)
[10.436s][info][gc,heap        ] GC(158) ParOldGen: 1532571K(1679872K)->1551747K(1679872K)
[10.436s][info][gc,metaspace   ] GC(158) Metaspace: 6297K(6464K)->6297K(6464K) NonClass: 5763K(5824K)->5763K(5824K) Class: 533K(640K)->533K(640K)
[10.436s][info][gc             ] GC(158) Pause Young (Allocation Failure) 1574M->1575M(1749M) 40.442ms
[10.436s][info][gc,cpu         ] GC(158) User=0.17s Sys=0.00s Real=0.04s
[10.455s][info][gc,start       ] GC(159) Pause Young (Allocation Failure)
[10.496s][info][gc,heap        ] GC(159) PSYoungGen: 81056K(111616K)->62144K(115200K) Eden: 19968K(19968K)->0K(19968K) From: 61088K(91648K)->62144K(95232K)
[10.496s][info][gc,heap        ] GC(159) ParOldGen: 1551747K(1679872K)->1570939K(1679872K)
[10.496s][info][gc,metaspace   ] GC(159) Metaspace: 6297K(6464K)->6297K(6464K) NonClass: 5763K(5824K)->5763K(5824K) Class: 533K(640K)->533K(640K)
[10.496s][info][gc             ] GC(159) Pause Young (Allocation Failure) 1594M->1594M(1753M) 41.018ms
[10.496s][info][gc,cpu         ] GC(159) User=0.27s Sys=0.00s Real=0.04s
[10.516s][info][gc,start       ] GC(160) Pause Young (Allocation Failure)
[10.557s][info][gc,heap        ] GC(160) PSYoungGen: 82112K(115200K)->40096K(109568K) Eden: 19968K(19968K)->0K(22528K) From: 62144K(95232K)->40096K(87040K)
[10.557s][info][gc,heap        ] GC(160) ParOldGen: 1570939K(1679872K)->1613443K(1679872K)
[10.557s][info][gc,metaspace   ] GC(160) Metaspace: 6297K(6464K)->6297K(6464K) NonClass: 5763K(5824K)->5763K(5824K) Class: 533K(640K)->533K(640K)
[10.557s][info][gc             ] GC(160) Pause Young (Allocation Failure) 1614M->1614M(1747M) 40.979ms
[10.557s][info][gc,cpu         ] GC(160) User=0.23s Sys=0.03s Real=0.04s
[10.580s][info][gc,start       ] GC(161) Pause Young (Allocation Failure)
[10.615s][info][gc,heap        ] GC(161) PSYoungGen: 62624K(109568K)->22624K(115200K) Eden: 22528K(22528K)->0K(22528K) From: 40096K(87040K)->22624K(92672K)
[10.615s][info][gc,heap        ] GC(161) ParOldGen: 1613443K(1679872K)->1653891K(1679872K)
[10.615s][info][gc,metaspace   ] GC(161) Metaspace: 6297K(6464K)->6297K(6464K) NonClass: 5763K(5824K)->5763K(5824K) Class: 533K(640K)->533K(640K)
[10.615s][info][gc             ] GC(161) Pause Young (Allocation Failure) 1636M->1637M(1753M) 35.161ms
[10.615s][info][gc,cpu         ] GC(161) User=0.16s Sys=0.00s Real=0.04s
[10.615s][info][gc,start       ] GC(162) Pause Full (Ergonomics)
[10.615s][info][gc,phases,start] GC(162) Marking Phase
[10.995s][info][gc,phases      ] GC(162) Marking Phase 379.400ms
[10.995s][info][gc,phases,start] GC(162) Summary Phase
[10.995s][info][gc,phases      ] GC(162) Summary Phase 0.053ms
[10.995s][info][gc,phases,start] GC(162) Adjust Roots
[10.995s][info][gc,phases      ] GC(162) Adjust Roots 0.194ms
[10.995s][info][gc,phases,start] GC(162) Compaction Phase
[11.157s][info][gc,phases      ] GC(162) Compaction Phase 162.007ms
[11.157s][info][gc,phases,start] GC(162) Post Compact
[11.160s][info][gc,phases      ] GC(162) Post Compact 2.917ms
[11.161s][info][gc,heap        ] GC(162) PSYoungGen: 22624K(115200K)->0K(116736K) Eden: 0K(22528K)->0K(25600K) From: 22624K(92672K)->0K(91136K)
[11.161s][info][gc,heap        ] GC(162) ParOldGen: 1653891K(1679872K)->1674679K(1851392K)
[11.161s][info][gc,metaspace   ] GC(162) Metaspace: 6297K(6464K)->6297K(6464K) NonClass: 5763K(5824K)->5763K(5824K) Class: 533K(640K)->533K(640K)
[11.161s][info][gc             ] GC(162) Pause Full (Ergonomics) 1637M->1635M(1922M) 545.468ms
[11.161s][info][gc,cpu         ] GC(162) User=3.89s Sys=0.02s Real=0.55s
[11.190s][info][gc,start       ] GC(163) Pause Young (Allocation Failure)
[11.214s][info][gc,heap        ] GC(163) PSYoungGen: 25600K(116736K)->25728K(51712K) Eden: 25600K(25600K)->0K(25600K) From: 0K(91136K)->25728K(26112K)
[11.214s][info][gc,heap        ] GC(163) ParOldGen: 1674679K(1851392K)->1674679K(1851392K)
[11.214s][info][gc,metaspace   ] GC(163) Metaspace: 6297K(6464K)->6297K(6464K) NonClass: 5763K(5824K)->5763K(5824K) Class: 533K(640K)->533K(640K)
[11.214s][info][gc             ] GC(163) Pause Young (Allocation Failure) 1660M->1660M(1858M) 23.909ms
[11.214s][info][gc,cpu         ] GC(163) User=0.05s Sys=0.00s Real=0.02s
[11.239s][info][gc,start       ] GC(164) Pause Young (Allocation Failure)
[11.270s][info][gc,heap        ] GC(164) PSYoungGen: 51328K(51712K)->51392K(116224K) Eden: 25600K(25600K)->0K(28160K) From: 25728K(26112K)->51392K(88064K)
[11.270s][info][gc,heap        ] GC(164) ParOldGen: 1674679K(1851392K)->1674679K(1851392K)
[11.270s][info][gc,metaspace   ] GC(164) Metaspace: 6297K(6464K)->6297K(6464K) NonClass: 5763K(5824K)->5763K(5824K) Class: 533K(640K)->533K(640K)
[11.270s][info][gc             ] GC(164) Pause Young (Allocation Failure) 1685M->1685M(1921M) 30.796ms
[11.270s][info][gc,cpu         ] GC(164) User=0.05s Sys=0.00s Real=0.03s
[11.300s][info][gc,start       ] GC(165) Pause Young (Allocation Failure)
[11.342s][info][gc,heap        ] GC(165) PSYoungGen: 79552K(116224K)->53888K(116224K) Eden: 28160K(28160K)->0K(28160K) From: 51392K(88064K)->53888K(88064K)
[11.342s][info][gc,heap        ] GC(165) ParOldGen: 1674679K(1851392K)->1700623K(1851392K)
[11.342s][info][gc,metaspace   ] GC(165) Metaspace: 6297K(6464K)->6297K(6464K) NonClass: 5763K(5824K)->5763K(5824K) Class: 533K(640K)->533K(640K)
[11.342s][info][gc             ] GC(165) Pause Young (Allocation Failure) 1713M->1713M(1921M) 41.864ms
[11.342s][info][gc,cpu         ] GC(165) User=0.14s Sys=0.02s Real=0.04s
[11.372s][info][gc,start       ] GC(166) Pause Young (Allocation Failure)
[11.413s][info][gc,heap        ] GC(166) PSYoungGen: 82048K(116224K)->56512K(118784K) Eden: 28160K(28160K)->0K(30208K) From: 53888K(88064K)->56512K(88576K)
[11.413s][info][gc,heap        ] GC(166) ParOldGen: 1700623K(1851392K)->1726567K(1851392K)
[11.413s][info][gc,metaspace   ] GC(166) Metaspace: 6297K(6464K)->6297K(6464K) NonClass: 5763K(5824K)->5763K(5824K) Class: 533K(640K)->533K(640K)
[11.413s][info][gc             ] GC(166) Pause Young (Allocation Failure) 1740M->1741M(1924M) 41.789ms
[11.413s][info][gc,cpu         ] GC(166) User=0.23s Sys=0.02s Real=0.04s
[11.446s][info][gc,start       ] GC(167) Pause Young (Allocation Failure)
[11.492s][info][gc,heap        ] GC(167) PSYoungGen: 86720K(118784K)->58560K(119808K) Eden: 30208K(30208K)->0K(30208K) From: 56512K(88576K)->58560K(89600K)
[11.492s][info][gc,heap        ] GC(167) ParOldGen: 1726567K(1851392K)->1755127K(1851392K)
[11.492s][info][gc,metaspace   ] GC(167) Metaspace: 6297K(6464K)->6297K(6464K) NonClass: 5763K(5824K)->5763K(5824K) Class: 533K(640K)->533K(640K)
[11.492s][info][gc             ] GC(167) Pause Young (Allocation Failure) 1770M->1771M(1925M) 45.669ms
[11.492s][info][gc,cpu         ] GC(167) User=0.16s Sys=0.02s Real=0.05s
[11.521s][info][gc,start       ] GC(168) Pause Young (Allocation Failure)
[11.566s][info][gc,heap        ] GC(168) PSYoungGen: 88768K(119808K)->60608K(123392K) Eden: 30208K(30208K)->0K(32256K) From: 58560K(89600K)->60608K(91136K)
[11.566s][info][gc,heap        ] GC(168) ParOldGen: 1755127K(1851392K)->1783671K(1851392K)
[11.566s][info][gc,metaspace   ] GC(168) Metaspace: 6297K(6464K)->6297K(6464K) NonClass: 5763K(5824K)->5763K(5824K) Class: 533K(640K)->533K(640K)
[11.566s][info][gc             ] GC(168) Pause Young (Allocation Failure) 1800M->1801M(1928M) 45.201ms
[11.566s][info][gc,cpu         ] GC(168) User=0.23s Sys=0.02s Real=0.05s
[11.602s][info][gc,start       ] GC(169) Pause Young (Allocation Failure)
[11.649s][info][gc,heap        ] GC(169) PSYoungGen: 92864K(123392K)->62688K(124928K) Eden: 32256K(32256K)->0K(32256K) From: 60608K(91136K)->62688K(92672K)
[11.649s][info][gc,heap        ] GC(169) ParOldGen: 1783671K(1851392K)->1814279K(1851392K)
[11.649s][info][gc,metaspace   ] GC(169) Metaspace: 6297K(6464K)->6297K(6464K) NonClass: 5763K(5824K)->5763K(5824K) Class: 533K(640K)->533K(640K)
[11.649s][info][gc             ] GC(169) Pause Young (Allocation Failure) 1832M->1832M(1930M) 47.639ms
[11.649s][info][gc,cpu         ] GC(169) User=0.27s Sys=0.00s Real=0.05s
[11.649s][info][gc,start       ] GC(170) Pause Full (Ergonomics)
[11.649s][info][gc,phases,start] GC(170) Marking Phase
[12.070s][info][gc,phases      ] GC(170) Marking Phase 421.128ms
[12.070s][info][gc,phases,start] GC(170) Summary Phase
[12.070s][info][gc,phases      ] GC(170) Summary Phase 0.038ms
[12.070s][info][gc,phases,start] GC(170) Adjust Roots
[12.071s][info][gc,phases      ] GC(170) Adjust Roots 0.227ms
[12.071s][info][gc,phases,start] GC(170) Compaction Phase
[12.591s][info][gc,phases      ] GC(170) Compaction Phase 520.518ms
[12.591s][info][gc,phases,start] GC(170) Post Compact
[12.595s][info][gc,phases      ] GC(170) Post Compact 3.704ms
[12.596s][info][gc,heap        ] GC(170) PSYoungGen: 62688K(124928K)->23567K(124928K) Eden: 0K(32256K)->0K(32256K) From: 62688K(92672K)->23567K(92672K)
[12.596s][info][gc,heap        ] GC(170) ParOldGen: 1814279K(1851392K)->1851075K(2044928K)
[12.596s][info][gc,metaspace   ] GC(170) Metaspace: 6297K(6464K)->6297K(6464K) NonClass: 5763K(5824K)->5763K(5824K) Class: 533K(640K)->533K(640K)
[12.596s][info][gc             ] GC(170) Pause Full (Ergonomics) 1832M->1830M(2119M) 946.873ms
[12.596s][info][gc,cpu         ] GC(170) User=6.59s Sys=0.05s Real=0.95s
[12.638s][info][gc,start       ] GC(171) Pause Young (Allocation Failure)
[12.740s][info][gc,heap        ] GC(171) PSYoungGen: 55823K(124928K)->42144K(120320K) Eden: 32256K(32256K)->0K(35328K) From: 23567K(92672K)->42144K(84992K)
[12.740s][info][gc,heap        ] GC(171) ParOldGen: 1851075K(2044928K)->1865099K(2044928K)
[12.740s][info][gc,metaspace   ] GC(171) Metaspace: 6297K(6464K)->6297K(6464K) NonClass: 5763K(5824K)->5763K(5824K) Class: 533K(640K)->533K(640K)
[12.740s][info][gc             ] GC(171) Pause Young (Allocation Failure) 1862M->1862M(2114M) 102.579ms
[12.740s][info][gc,cpu         ] GC(171) User=0.66s Sys=0.00s Real=0.10s
[12.781s][info][gc,start       ] GC(172) Pause Young (Allocation Failure)
[12.822s][info][gc,heap        ] GC(172) PSYoungGen: 77472K(120320K)->77536K(125440K) Eden: 35328K(35328K)->0K(35328K) From: 42144K(84992K)->77536K(90112K)
[12.822s][info][gc,heap        ] GC(172) ParOldGen: 1865099K(2044928K)->1865099K(2044928K)
[12.822s][info][gc,metaspace   ] GC(172) Metaspace: 6297K(6464K)->6297K(6464K) NonClass: 5763K(5824K)->5763K(5824K) Class: 533K(640K)->533K(640K)
[12.823s][info][gc             ] GC(172) Pause Young (Allocation Failure) 1897M->1897M(2119M) 41.843ms
[12.823s][info][gc,cpu         ] GC(172) User=0.27s Sys=0.00s Real=0.04s
[12.862s][info][gc,start       ] GC(173) Pause Young (Allocation Failure)
[12.920s][info][gc,heap        ] GC(173) PSYoungGen: 112864K(125440K)->97280K(117248K) Eden: 35328K(35328K)->0K(19968K) From: 77536K(90112K)->97280K(97280K)
[12.920s][info][gc,heap        ] GC(173) ParOldGen: 1865099K(2044928K)->1880827K(2044928K)
[12.920s][info][gc,metaspace   ] GC(173) Metaspace: 6297K(6464K)->6297K(6464K) NonClass: 5763K(5824K)->5763K(5824K) Class: 533K(640K)->533K(640K)
[12.920s][info][gc             ] GC(173) Pause Young (Allocation Failure) 1931M->1931M(2111M) 57.923ms
[12.920s][info][gc,cpu         ] GC(173) User=0.28s Sys=0.11s Real=0.06s
[12.943s][info][gc,start       ] GC(174) Pause Young (Allocation Failure)
[13.000s][info][gc,heap        ] GC(174) PSYoungGen: 117248K(117248K)->82144K(136192K) Eden: 19968K(19968K)->0K(19968K) From: 97280K(97280K)->82144K(116224K)
[13.000s][info][gc,heap        ] GC(174) ParOldGen: 1880827K(2044928K)->1916531K(2044928K)
[13.000s][info][gc,metaspace   ] GC(174) Metaspace: 6297K(6464K)->6297K(6464K) NonClass: 5763K(5824K)->5763K(5824K) Class: 533K(640K)->533K(640K)
[13.000s][info][gc             ] GC(174) Pause Young (Allocation Failure) 1951M->1951M(2130M) 56.827ms
[13.000s][info][gc,cpu         ] GC(174) User=0.50s Sys=0.00s Real=0.06s
[13.026s][info][gc,start       ] GC(175) Pause Young (Allocation Failure)
[13.077s][info][gc,heap        ] GC(175) PSYoungGen: 102112K(136192K)->72000K(139264K) Eden: 19968K(19968K)->0K(22528K) From: 82144K(116224K)->72000K(116736K)
[13.077s][info][gc,heap        ] GC(175) ParOldGen: 1916531K(2044928K)->1946995K(2044928K)
[13.077s][info][gc,metaspace   ] GC(175) Metaspace: 6297K(6464K)->6297K(6464K) NonClass: 5763K(5824K)->5763K(5824K) Class: 533K(640K)->533K(640K)
[13.077s][info][gc             ] GC(175) Pause Young (Allocation Failure) 1971M->1971M(2133M) 51.564ms
[13.077s][info][gc,cpu         ] GC(175) User=0.34s Sys=0.03s Real=0.05s
[13.104s][info][gc,start       ] GC(176) Pause Young (Allocation Failure)
[13.154s][info][gc,heap        ] GC(176) PSYoungGen: 94528K(139264K)->62624K(85504K) Eden: 22528K(22528K)->0K(22528K) From: 72000K(116736K)->62624K(62976K)
[13.154s][info][gc,heap        ] GC(176) ParOldGen: 1946995K(2044928K)->1979339K(2044928K)
[13.154s][info][gc,metaspace   ] GC(176) Metaspace: 6297K(6464K)->6297K(6464K) NonClass: 5763K(5824K)->5763K(5824K) Class: 533K(640K)->533K(640K)
[13.154s][info][gc             ] GC(176) Pause Young (Allocation Failure) 1993M->1994M(2080M) 50.198ms
[13.154s][info][gc,cpu         ] GC(176) User=0.25s Sys=0.03s Real=0.05s
[13.179s][info][gc,start       ] GC(177) Pause Young (Allocation Failure)
[13.225s][info][gc,heap        ] GC(177) PSYoungGen: 85152K(85504K)->65184K(132096K) Eden: 22528K(22528K)->0K(25600K) From: 62624K(62976K)->65184K(106496K)
[13.225s][info][gc,heap        ] GC(177) ParOldGen: 1979339K(2044928K)->1999571K(2044928K)
[13.225s][info][gc,metaspace   ] GC(177) Metaspace: 6297K(6464K)->6297K(6464K) NonClass: 5763K(5824K)->5763K(5824K) Class: 533K(640K)->533K(640K)
[13.225s][info][gc             ] GC(177) Pause Young (Allocation Failure) 2016M->2016M(2126M) 46.537ms
[13.225s][info][gc,cpu         ] GC(177) User=0.38s Sys=0.00s Real=0.05s
[13.225s][info][gc,start       ] GC(178) Pause Full (Ergonomics)
[13.225s][info][gc,phases,start] GC(178) Marking Phase
[13.678s][info][gc,phases      ] GC(178) Marking Phase 452.635ms
[13.678s][info][gc,phases,start] GC(178) Summary Phase
[13.678s][info][gc,phases      ] GC(178) Summary Phase 0.033ms
[13.678s][info][gc,phases,start] GC(178) Adjust Roots
[13.678s][info][gc,phases      ] GC(178) Adjust Roots 0.159ms
[13.678s][info][gc,phases,start] GC(178) Compaction Phase
[13.877s][info][gc,phases      ] GC(178) Compaction Phase 198.688ms
[13.877s][info][gc,phases,start] GC(178) Post Compact
[13.881s][info][gc,phases      ] GC(178) Post Compact 4.092ms
[13.882s][info][gc,heap        ] GC(178) PSYoungGen: 65184K(132096K)->17415K(135680K) Eden: 0K(25600K)->0K(29184K) From: 65184K(106496K)->17415K(106496K)
[13.883s][info][gc,heap        ] GC(178) ParOldGen: 1999571K(2044928K)->2044921K(2251776K)
[13.883s][info][gc,metaspace   ] GC(178) Metaspace: 6297K(6464K)->6297K(6464K) NonClass: 5763K(5824K)->5763K(5824K) Class: 533K(640K)->533K(640K)
[13.883s][info][gc             ] GC(178) Pause Full (Ergonomics) 2016M->2014M(2331M) 657.222ms
[13.883s][info][gc,cpu         ] GC(178) User=4.80s Sys=0.02s Real=0.66s
[13.915s][info][gc,start       ] GC(179) Pause Young (Allocation Failure)
[14.022s][info][gc,heap        ] GC(179) PSYoungGen: 46599K(135680K)->43488K(139264K) Eden: 29184K(29184K)->0K(29184K) From: 17415K(106496K)->43488K(110080K)
[14.022s][info][gc,heap        ] GC(179) ParOldGen: 2044921K(2251776K)->2048265K(2251776K)
[14.022s][info][gc,metaspace   ] GC(179) Metaspace: 6297K(6464K)->6297K(6464K) NonClass: 5763K(5824K)->5763K(5824K) Class: 533K(640K)->533K(640K)
[14.022s][info][gc             ] GC(179) Pause Young (Allocation Failure) 2042M->2042M(2335M) 106.791ms
[14.022s][info][gc,cpu         ] GC(179) User=0.67s Sys=0.00s Real=0.11s
[14.052s][info][gc,start       ] GC(180) Pause Young (Allocation Failure)
[14.093s][info][gc,heap        ] GC(180) PSYoungGen: 72672K(139264K)->72768K(139776K) Eden: 29184K(29184K)->0K(31744K) From: 43488K(110080K)->72768K(108032K)
[14.093s][info][gc,heap        ] GC(180) ParOldGen: 2048265K(2251776K)->2048265K(2251776K)
[14.093s][info][gc,metaspace   ] GC(180) Metaspace: 6297K(6464K)->6297K(6464K) NonClass: 5763K(5824K)->5763K(5824K) Class: 533K(640K)->533K(640K)
[14.093s][info][gc             ] GC(180) Pause Young (Allocation Failure) 2071M->2071M(2335M) 40.397ms
[14.093s][info][gc,cpu         ] GC(180) User=0.27s Sys=0.00s Real=0.04s
[14.126s][info][gc,start       ] GC(181) Pause Young (Allocation Failure)
[14.179s][info][gc,heap        ] GC(181) PSYoungGen: 104512K(139776K)->99168K(140288K) Eden: 31744K(31744K)->0K(31744K) From: 72768K(108032K)->99168K(108544K)
[14.179s][info][gc,heap        ] GC(181) ParOldGen: 2048265K(2251776K)->2053689K(2251776K)
[14.179s][info][gc,metaspace   ] GC(181) Metaspace: 6297K(6464K)->6297K(6464K) NonClass: 5763K(5824K)->5763K(5824K) Class: 533K(640K)->533K(640K)
[14.179s][info][gc             ] GC(181) Pause Young (Allocation Failure) 2102M->2102M(2336M) 53.236ms
[14.179s][info][gc,cpu         ] GC(181) User=0.38s Sys=0.00s Real=0.05s
[14.216s][info][gc,start       ] GC(182) Pause Young (Allocation Failure)
[14.282s][info][gc,heap        ] GC(182) PSYoungGen: 130912K(140288K)->117760K(133632K) Eden: 31744K(31744K)->0K(15872K) From: 99168K(108544K)->117760K(117760K)
[14.282s][info][gc,heap        ] GC(182) ParOldGen: 2053689K(2251776K)->2066921K(2251776K)
[14.282s][info][gc,metaspace   ] GC(182) Metaspace: 6297K(6464K)->6297K(6464K) NonClass: 5763K(5824K)->5763K(5824K) Class: 533K(640K)->533K(640K)
[14.282s][info][gc             ] GC(182) Pause Young (Allocation Failure) 2133M->2133M(2329M) 65.352ms
[14.282s][info][gc,cpu         ] GC(182) User=0.41s Sys=0.00s Real=0.07s
[14.299s][info][gc,start       ] GC(183) Pause Young (Allocation Failure)
[14.370s][info][gc,heap        ] GC(183) PSYoungGen: 133632K(133632K)->77376K(93696K) Eden: 15872K(15872K)->0K(15872K) From: 117760K(117760K)->77376K(77824K)
[14.370s][info][gc,heap        ] GC(183) ParOldGen: 2066921K(2251776K)->2123977K(2251776K)
[14.370s][info][gc,metaspace   ] GC(183) Metaspace: 6297K(6464K)->6297K(6464K) NonClass: 5763K(5824K)->5763K(5824K) Class: 533K(640K)->533K(640K)
[14.370s][info][gc             ] GC(183) Pause Young (Allocation Failure) 2148M->2149M(2290M) 70.169ms
[14.370s][info][gc,cpu         ] GC(183) User=0.50s Sys=0.02s Real=0.07s
[14.389s][info][gc,start       ] GC(184) Pause Young (Allocation Failure)
[14.440s][info][gc,heap        ] GC(184) PSYoungGen: 93248K(93696K)->31840K(151040K) Eden: 15872K(15872K)->0K(17920K) From: 77376K(77824K)->31840K(133120K)
[14.440s][info][gc,heap        ] GC(184) ParOldGen: 2123977K(2251776K)->2186097K(2251776K)
[14.440s][info][gc,metaspace   ] GC(184) Metaspace: 6297K(6464K)->6297K(6464K) NonClass: 5763K(5824K)->5763K(5824K) Class: 533K(640K)->533K(640K)
[14.440s][info][gc             ] GC(184) Pause Young (Allocation Failure) 2165M->2165M(2346M) 50.899ms
[14.440s][info][gc,cpu         ] GC(184) User=0.31s Sys=0.06s Real=0.05s
[14.440s][info][gc,start       ] GC(185) Pause Full (Ergonomics)
[14.440s][info][gc,phases,start] GC(185) Marking Phase
[14.950s][info][gc,phases      ] GC(185) Marking Phase 510.244ms
[14.950s][info][gc,phases,start] GC(185) Summary Phase
[14.951s][info][gc,phases      ] GC(185) Summary Phase 0.053ms
[14.951s][info][gc,phases,start] GC(185) Adjust Roots
[14.951s][info][gc,phases      ] GC(185) Adjust Roots 0.156ms
[14.951s][info][gc,phases,start] GC(185) Compaction Phase
[15.130s][info][gc,phases      ] GC(185) Compaction Phase 179.497ms
[15.130s][info][gc,phases,start] GC(185) Post Compact
[15.135s][info][gc,phases      ] GC(185) Post Compact 4.274ms
[15.136s][info][gc,heap        ] GC(185) PSYoungGen: 31840K(151040K)->0K(151552K) Eden: 0K(17920K)->0K(17920K) From: 31840K(133120K)->0K(133632K)
[15.136s][info][gc,heap        ] GC(185) ParOldGen: 2186097K(2251776K)->2215752K(2459648K)
[15.136s][info][gc,metaspace   ] GC(185) Metaspace: 6297K(6464K)->6297K(6464K) NonClass: 5763K(5824K)->5763K(5824K) Class: 533K(640K)->533K(640K)
[15.136s][info][gc             ] GC(185) Pause Full (Ergonomics) 2165M->2163M(2550M) 695.572ms
[15.136s][info][gc,cpu         ] GC(185) User=5.12s Sys=0.02s Real=0.70s
[15.162s][info][gc,start       ] GC(186) Pause Young (Allocation Failure)
[15.187s][info][gc,heap        ] GC(186) PSYoungGen: 17920K(151552K)->18048K(152064K) Eden: 17920K(17920K)->0K(18432K) From: 0K(133632K)->18048K(133632K)
[15.187s][info][gc,heap        ] GC(186) ParOldGen: 2215752K(2459648K)->2215752K(2459648K)
[15.187s][info][gc,metaspace   ] GC(186) Metaspace: 6297K(6464K)->6297K(6464K) NonClass: 5763K(5824K)->5763K(5824K) Class: 533K(640K)->533K(640K)
[15.187s][info][gc             ] GC(186) Pause Young (Allocation Failure) 2181M->2181M(2550M) 25.215ms
[15.187s][info][gc,cpu         ] GC(186) User=0.03s Sys=0.00s Real=0.03s
[15.210s][info][gc,start       ] GC(187) Pause Young (Allocation Failure)
[15.241s][info][gc,heap        ] GC(187) PSYoungGen: 36480K(152064K)->36544K(55296K) Eden: 18432K(18432K)->0K(18432K) From: 18048K(133632K)->36544K(36864K)
[15.241s][info][gc,heap        ] GC(187) ParOldGen: 2215752K(2459648K)->2215752K(2459648K)
[15.241s][info][gc,metaspace   ] GC(187) Metaspace: 6297K(6464K)->6297K(6464K) NonClass: 5763K(5824K)->5763K(5824K) Class: 533K(640K)->533K(640K)
[15.241s][info][gc             ] GC(187) Pause Young (Allocation Failure) 2199M->2199M(2456M) 30.290ms
[15.241s][info][gc,cpu         ] GC(187) User=0.03s Sys=0.00s Real=0.03s
[15.262s][info][gc,start       ] GC(188) Pause Young (Allocation Failure)
[15.297s][info][gc,heap        ] GC(188) PSYoungGen: 54976K(55296K)->36992K(147456K) Eden: 18432K(18432K)->0K(20992K) From: 36544K(36864K)->36992K(126464K)
[15.297s][info][gc,heap        ] GC(188) ParOldGen: 2215752K(2459648K)->2233936K(2459648K)
[15.297s][info][gc,metaspace   ] GC(188) Metaspace: 6297K(6464K)->6297K(6464K) NonClass: 5763K(5824K)->5763K(5824K) Class: 533K(640K)->533K(640K)
[15.297s][info][gc             ] GC(188) Pause Young (Allocation Failure) 2217M->2217M(2546M) 35.174ms
[15.297s][info][gc,cpu         ] GC(188) User=0.16s Sys=0.00s Real=0.04s
[15.322s][info][gc,start       ] GC(189) Pause Young (Allocation Failure)
[15.357s][info][gc,heap        ] GC(189) PSYoungGen: 57984K(147456K)->39552K(60928K) Eden: 20992K(20992K)->0K(20992K) From: 36992K(126464K)->39552K(39936K)
[15.357s][info][gc,heap        ] GC(189) ParOldGen: 2233936K(2459648K)->2252648K(2459648K)
[15.358s][info][gc,metaspace   ] GC(189) Metaspace: 6297K(6464K)->6297K(6464K) NonClass: 5763K(5824K)->5763K(5824K) Class: 533K(640K)->533K(640K)
[15.358s][info][gc             ] GC(189) Pause Young (Allocation Failure) 2238M->2238M(2461M) 35.642ms
[15.358s][info][gc,cpu         ] GC(189) User=0.14s Sys=0.00s Real=0.04s
[15.382s][info][gc,start       ] GC(190) Pause Young (Allocation Failure)
[15.418s][info][gc,heap        ] GC(190) PSYoungGen: 60544K(60928K)->42144K(140800K) Eden: 20992K(20992K)->0K(24064K) From: 39552K(39936K)->42144K(116736K)
[15.418s][info][gc,heap        ] GC(190) ParOldGen: 2252648K(2459648K)->2271264K(2459648K)
[15.418s][info][gc,metaspace   ] GC(190) Metaspace: 6297K(6464K)->6297K(6464K) NonClass: 5763K(5824K)->5763K(5824K) Class: 533K(640K)->533K(640K)
[15.418s][info][gc             ] GC(190) Pause Young (Allocation Failure) 2258M->2259M(2539M) 35.305ms
[15.418s][info][gc,cpu         ] GC(190) User=0.12s Sys=0.02s Real=0.04s
[15.444s][info][gc,start       ] GC(191) Pause Young (Allocation Failure)
[15.482s][info][gc,heap        ] GC(191) PSYoungGen: 66208K(140800K)->45184K(69632K) Eden: 24064K(24064K)->0K(24064K) From: 42144K(116736K)->45184K(45568K)
[15.482s][info][gc,heap        ] GC(191) ParOldGen: 2271264K(2459648K)->2292440K(2459648K)
[15.482s][info][gc,metaspace   ] GC(191) Metaspace: 6297K(6464K)->6297K(6464K) NonClass: 5763K(5824K)->5763K(5824K) Class: 533K(640K)->533K(640K)
[15.482s][info][gc             ] GC(191) Pause Young (Allocation Failure) 2282M->2282M(2470M) 37.722ms
[15.482s][info][gc,cpu         ] GC(191) User=0.16s Sys=0.02s Real=0.04s
[15.509s][info][gc,start       ] GC(192) Pause Young (Allocation Failure)
[15.548s][info][gc,heap        ] GC(192) PSYoungGen: 69248K(69632K)->48320K(132608K) Eden: 24064K(24064K)->0K(27136K) From: 45184K(45568K)->48320K(105472K)
[15.548s][info][gc,heap        ] GC(192) ParOldGen: 2292440K(2459648K)->2313616K(2459648K)
[15.548s][info][gc,metaspace   ] GC(192) Metaspace: 6297K(6464K)->6297K(6464K) NonClass: 5763K(5824K)->5763K(5824K) Class: 533K(640K)->533K(640K)
[15.548s][info][gc             ] GC(192) Pause Young (Allocation Failure) 2306M->2306M(2531M) 38.969ms
[15.548s][info][gc,cpu         ] GC(192) User=0.25s Sys=0.00s Real=0.04s
[15.579s][info][gc,start       ] GC(193) Pause Young (Allocation Failure)
[15.621s][info][gc,heap        ] GC(193) PSYoungGen: 75456K(132608K)->51392K(78848K) Eden: 27136K(27136K)->0K(27136K) From: 48320K(105472K)->51392K(51712K)
[15.621s][info][gc,heap        ] GC(193) ParOldGen: 2313616K(2459648K)->2337896K(2459648K)
[15.621s][info][gc,metaspace   ] GC(193) Metaspace: 6297K(6464K)->6297K(6464K) NonClass: 5763K(5824K)->5763K(5824K) Class: 533K(640K)->533K(640K)
[15.621s][info][gc             ] GC(193) Pause Young (Allocation Failure) 2333M->2333M(2479M) 41.884ms
[15.621s][info][gc,cpu         ] GC(193) User=0.27s Sys=0.00s Real=0.04s
[15.654s][info][gc,start       ] GC(194) Pause Young (Allocation Failure)
[15.698s][info][gc,heap        ] GC(194) PSYoungGen: 78528K(78848K)->54400K(126464K) Eden: 27136K(27136K)->0K(30720K) From: 51392K(51712K)->54400K(95744K)
[15.698s][info][gc,heap        ] GC(194) ParOldGen: 2337896K(2459648K)->2362184K(2459648K)
[15.698s][info][gc,metaspace   ] GC(194) Metaspace: 6297K(6464K)->6297K(6464K) NonClass: 5763K(5824K)->5763K(5824K) Class: 533K(640K)->533K(640K)
[15.698s][info][gc             ] GC(194) Pause Young (Allocation Failure) 2359M->2359M(2525M) 43.850ms
[15.698s][info][gc,cpu         ] GC(194) User=0.23s Sys=0.02s Real=0.04s
[15.735s][info][gc,start       ] GC(195) Pause Young (Allocation Failure)
[15.782s][info][gc,heap        ] GC(195) PSYoungGen: 85120K(126464K)->58048K(131072K) Eden: 30720K(30720K)->0K(30720K) From: 54400K(95744K)->58048K(100352K)
[15.782s][info][gc,heap        ] GC(195) ParOldGen: 2362184K(2459648K)->2389560K(2459648K)
[15.782s][info][gc,metaspace   ] GC(195) Metaspace: 6297K(6464K)->6297K(6464K) NonClass: 5763K(5824K)->5763K(5824K) Class: 533K(640K)->533K(640K)
[15.782s][info][gc             ] GC(195) Pause Young (Allocation Failure) 2389M->2390M(2530M) 47.057ms
[15.782s][info][gc,cpu         ] GC(195) User=0.27s Sys=0.00s Real=0.05s
[15.818s][info][gc,start       ] GC(196) Pause Young (Allocation Failure)
[15.867s][info][gc,heap        ] GC(196) PSYoungGen: 88768K(131072K)->61600K(129024K) Eden: 30720K(30720K)->0K(34304K) From: 58048K(100352K)->61600K(94720K)
[15.867s][info][gc,heap        ] GC(196) ParOldGen: 2389560K(2459648K)->2416936K(2459648K)
[15.867s][info][gc,metaspace   ] GC(196) Metaspace: 6297K(6464K)->6297K(6464K) NonClass: 5763K(5824K)->5763K(5824K) Class: 533K(640K)->533K(640K)
[15.867s][info][gc             ] GC(196) Pause Young (Allocation Failure) 2420M->2420M(2528M) 48.542ms
[15.867s][info][gc,cpu         ] GC(196) User=0.34s Sys=0.02s Real=0.05s
[15.867s][info][gc,start       ] GC(197) Pause Full (Ergonomics)
[15.867s][info][gc,phases,start] GC(197) Marking Phase
[16.438s][info][gc,phases      ] GC(197) Marking Phase 571.276ms
[16.438s][info][gc,phases,start] GC(197) Summary Phase
[16.438s][info][gc,phases      ] GC(197) Summary Phase 0.053ms
[16.438s][info][gc,phases,start] GC(197) Adjust Roots
[16.439s][info][gc,phases      ] GC(197) Adjust Roots 0.201ms
[16.439s][info][gc,phases,start] GC(197) Compaction Phase
[16.646s][info][gc,phases      ] GC(197) Compaction Phase 207.742ms
[16.646s][info][gc,phases,start] GC(197) Post Compact
[16.651s][info][gc,phases      ] GC(197) Post Compact 4.326ms
[16.652s][info][gc,heap        ] GC(197) PSYoungGen: 61600K(129024K)->16406K(130560K) Eden: 0K(34304K)->0K(35840K) From: 61600K(94720K)->16406K(94720K)
[16.652s][info][gc,heap        ] GC(197) ParOldGen: 2416936K(2459648K)->2459605K(2699264K)
[16.652s][info][gc,metaspace   ] GC(197) Metaspace: 6297K(6464K)->6297K(6464K) NonClass: 5763K(5824K)->5763K(5824K) Class: 533K(640K)->533K(640K)
[16.652s][info][gc             ] GC(197) Pause Full (Ergonomics) 2420M->2417M(2763M) 784.764ms
[16.652s][info][gc,cpu         ] GC(197) User=5.80s Sys=0.03s Real=0.79s
[16.696s][info][gc,start       ] GC(198) Pause Young (Allocation Failure)
[16.825s][info][gc,heap        ] GC(198) PSYoungGen: 52246K(130560K)->45216K(132096K) Eden: 35840K(35840K)->0K(35840K) From: 16406K(94720K)->45216K(96256K)
[16.825s][info][gc,heap        ] GC(198) ParOldGen: 2459605K(2699264K)->2466901K(2699264K)
[16.825s][info][gc,metaspace   ] GC(198) Metaspace: 6297K(6464K)->6297K(6464K) NonClass: 5763K(5824K)->5763K(5824K) Class: 533K(640K)->533K(640K)
[16.825s][info][gc             ] GC(198) Pause Young (Allocation Failure) 2452M->2453M(2765M) 128.847ms
[16.825s][info][gc,cpu         ] GC(198) User=0.78s Sys=0.00s Real=0.13s
[16.867s][info][gc,start       ] GC(199) Pause Young (Allocation Failure)
[16.913s][info][gc,heap        ] GC(199) PSYoungGen: 81056K(132096K)->81088K(126976K) Eden: 35840K(35840K)->0K(33280K) From: 45216K(96256K)->81088K(93696K)
[16.913s][info][gc,heap        ] GC(199) ParOldGen: 2466901K(2699264K)->2466901K(2699264K)
[16.913s][info][gc,metaspace   ] GC(199) Metaspace: 6297K(6464K)->6297K(6464K) NonClass: 5763K(5824K)->5763K(5824K) Class: 533K(640K)->533K(640K)
[16.913s][info][gc             ] GC(199) Pause Young (Allocation Failure) 2488M->2488M(2760M) 45.324ms
[16.913s][info][gc,cpu         ] GC(199) User=0.25s Sys=0.00s Real=0.04s
[16.951s][info][gc,start       ] GC(200) Pause Young (Allocation Failure)
[17.010s][info][gc,heap        ] GC(200) PSYoungGen: 114368K(126976K)->99840K(133120K) Eden: 33280K(33280K)->0K(33280K) From: 81088K(93696K)->99840K(99840K)
[17.010s][info][gc,heap        ] GC(200) ParOldGen: 2466901K(2699264K)->2481517K(2699264K)
[17.010s][info][gc,metaspace   ] GC(200) Metaspace: 6297K(6464K)->6297K(6464K) NonClass: 5763K(5824K)->5763K(5824K) Class: 533K(640K)->533K(640K)
[17.010s][info][gc             ] GC(200) Pause Young (Allocation Failure) 2520M->2520M(2766M) 59.021ms
[17.010s][info][gc,cpu         ] GC(200) User=0.33s Sys=0.05s Real=0.06s
[17.051s][info][gc,start       ] GC(201) Pause Young (Allocation Failure)
[17.121s][info][gc,heap        ] GC(201) PSYoungGen: 133120K(133120K)->93728K(147968K) Eden: 33280K(33280K)->0K(30720K) From: 99840K(99840K)->93728K(117248K)
[17.121s][info][gc,heap        ] GC(201) ParOldGen: 2481517K(2699264K)->2521373K(2699264K)
[17.121s][info][gc,metaspace   ] GC(201) Metaspace: 6297K(6464K)->6297K(6464K) NonClass: 5763K(5824K)->5763K(5824K) Class: 533K(640K)->533K(640K)
[17.121s][info][gc             ] GC(201) Pause Young (Allocation Failure) 2553M->2553M(2780M) 70.442ms
[17.121s][info][gc,cpu         ] GC(201) User=0.50s Sys=0.02s Real=0.07s
[17.158s][info][gc,start       ] GC(202) Pause Young (Allocation Failure)
[17.222s][info][gc,heap        ] GC(202) PSYoungGen: 124448K(147968K)->93536K(154112K) Eden: 30720K(30720K)->0K(30720K) From: 93728K(117248K)->93536K(123392K)
[17.222s][info][gc,heap        ] GC(202) ParOldGen: 2521373K(2699264K)->2552565K(2699264K)
[17.222s][info][gc,metaspace   ] GC(202) Metaspace: 6297K(6464K)->6297K(6464K) NonClass: 5763K(5824K)->5763K(5824K) Class: 533K(640K)->533K(640K)
[17.222s][info][gc             ] GC(202) Pause Young (Allocation Failure) 2583M->2584M(2786M) 64.000ms
[17.222s][info][gc,cpu         ] GC(202) User=0.39s Sys=0.00s Real=0.06s
[17.260s][info][gc,start       ] GC(203) Pause Young (Allocation Failure)
[17.324s][info][gc,heap        ] GC(203) PSYoungGen: 124256K(154112K)->94944K(158208K) Eden: 30720K(30720K)->0K(30208K) From: 93536K(123392K)->94944K(128000K)
[17.324s][info][gc,heap        ] GC(203) ParOldGen: 2552565K(2699264K)->2582149K(2699264K)
[17.324s][info][gc,metaspace   ] GC(203) Metaspace: 6297K(6464K)->6297K(6464K) NonClass: 5763K(5824K)->5763K(5824K) Class: 533K(640K)->533K(640K)
[17.324s][info][gc             ] GC(203) Pause Young (Allocation Failure) 2614M->2614M(2790M) 64.593ms
[17.324s][info][gc,cpu         ] GC(203) User=0.33s Sys=0.05s Real=0.06s
[17.362s][info][gc,start       ] GC(204) Pause Young (Allocation Failure)
[17.427s][info][gc,heap        ] GC(204) PSYoungGen: 125152K(158208K)->91840K(162304K) Eden: 30208K(30208K)->0K(30208K) From: 94944K(128000K)->91840K(132096K)
[17.427s][info][gc,heap        ] GC(204) ParOldGen: 2582149K(2699264K)->2615733K(2699264K)
[17.427s][info][gc,metaspace   ] GC(204) Metaspace: 6297K(6464K)->6297K(6464K) NonClass: 5763K(5824K)->5763K(5824K) Class: 533K(640K)->533K(640K)
[17.427s][info][gc             ] GC(204) Pause Young (Allocation Failure) 2643M->2644M(2794M) 65.559ms
[17.427s][info][gc,cpu         ] GC(204) User=0.39s Sys=0.00s Real=0.07s
[17.461s][info][gc,start       ] GC(205) Pause Young (Allocation Failure)
[17.526s][info][gc,heap        ] GC(205) PSYoungGen: 122048K(162304K)->91392K(166912K) Eden: 30208K(30208K)->0K(33280K) From: 91840K(132096K)->91392K(133632K)
[17.526s][info][gc,heap        ] GC(205) ParOldGen: 2615733K(2699264K)->2646733K(2699264K)
[17.526s][info][gc,metaspace   ] GC(205) Metaspace: 6297K(6464K)->6297K(6464K) NonClass: 5763K(5824K)->5763K(5824K) Class: 533K(640K)->533K(640K)
[17.526s][info][gc             ] GC(205) Pause Young (Allocation Failure) 2673M->2673M(2799M) 64.969ms
[17.526s][info][gc,cpu         ] GC(205) User=0.36s Sys=0.02s Real=0.07s
[17.563s][info][gc,start       ] GC(206) Pause Young (Allocation Failure)
[17.632s][info][gc,heap        ] GC(206) PSYoungGen: 124672K(166912K)->63680K(167936K) Eden: 33280K(33280K)->0K(33280K) From: 91392K(133632K)->63680K(134656K)
[17.632s][info][gc,heap        ] GC(206) ParOldGen: 2646733K(2699264K)->2708197K(2708480K)
[17.632s][info][gc,metaspace   ] GC(206) Metaspace: 6297K(6464K)->6297K(6464K) NonClass: 5763K(5824K)->5763K(5824K) Class: 533K(640K)->533K(640K)
[17.632s][info][gc             ] GC(206) Pause Young (Allocation Failure) 2706M->2706M(2809M) 69.249ms
[17.632s][info][gc,cpu         ] GC(206) User=0.38s Sys=0.03s Real=0.07s
[17.632s][info][gc,start       ] GC(207) Pause Full (Ergonomics)
[17.632s][info][gc,phases,start] GC(207) Marking Phase
[18.264s][info][gc,phases      ] GC(207) Marking Phase 631.781ms
[18.264s][info][gc,phases,start] GC(207) Summary Phase
[18.264s][info][gc,phases      ] GC(207) Summary Phase 0.046ms
[18.264s][info][gc,phases,start] GC(207) Adjust Roots
[18.264s][info][gc,phases      ] GC(207) Adjust Roots 0.163ms
[18.264s][info][gc,phases,start] GC(207) Compaction Phase
[18.499s][info][gc,phases      ] GC(207) Compaction Phase 235.007ms
[18.499s][info][gc,phases,start] GC(207) Post Compact
[18.505s][info][gc,phases      ] GC(207) Post Compact 5.439ms
[18.506s][info][gc,heap        ] GC(207) PSYoungGen: 63680K(167936K)->60871K(167936K) Eden: 0K(33280K)->0K(33280K) From: 63680K(134656K)->60871K(134656K)
[18.506s][info][gc,heap        ] GC(207) ParOldGen: 2708197K(2708480K)->2708233K(2985472K)
[18.506s][info][gc,metaspace   ] GC(207) Metaspace: 6297K(6464K)->6297K(6464K) NonClass: 5763K(5824K)->5763K(5824K) Class: 533K(640K)->533K(640K)
[18.506s][info][gc             ] GC(207) Pause Full (Ergonomics) 2706M->2704M(3079M) 874.034ms
[18.506s][info][gc,cpu         ] GC(207) User=6.44s Sys=0.00s Real=0.87s
[18.546s][info][gc,start       ] GC(208) Pause Young (Allocation Failure)
[18.706s][info][gc,heap        ] GC(208) PSYoungGen: 94151K(167936K)->33408K(167424K) Eden: 33280K(33280K)->0K(36864K) From: 60871K(134656K)->33408K(130560K)
[18.706s][info][gc,heap        ] GC(208) ParOldGen: 2708233K(2985472K)->2769697K(2985472K)
[18.706s][info][gc,metaspace   ] GC(208) Metaspace: 6297K(6464K)->6297K(6464K) NonClass: 5763K(5824K)->5763K(5824K) Class: 533K(640K)->533K(640K)
[18.707s][info][gc             ] GC(208) Pause Young (Allocation Failure) 2736M->2737M(3079M) 160.915ms
[18.707s][info][gc,cpu         ] GC(208) User=1.03s Sys=0.00s Real=0.16s
[19.312s][info][gc,start       ] GC(209) Pause Young (Allocation Failure)
[19.437s][info][gc,heap        ] GC(209) PSYoungGen: 70272K(167424K)->37056K(168448K) Eden: 36864K(36864K)->0K(36864K) From: 33408K(130560K)->37056K(131584K)
[19.437s][info][gc,heap        ] GC(209) ParOldGen: 2900769K(2985472K)->2934361K(2985472K)
[19.437s][info][gc,metaspace   ] GC(209) Metaspace: 6297K(6464K)->6297K(6464K) NonClass: 5763K(5824K)->5763K(5824K) Class: 533K(640K)->533K(640K)
[19.437s][info][gc             ] GC(209) Pause Young (Allocation Failure) 2901M->2901M(3080M) 125.822ms
[19.437s][info][gc,cpu         ] GC(209) User=0.56s Sys=0.00s Real=0.13s
[19.438s][info][gc,start       ] GC(210) Pause Full (Ergonomics)
[19.438s][info][gc,phases,start] GC(210) Marking Phase
[20.081s][info][gc,phases      ] GC(210) Marking Phase 643.534ms
[20.081s][info][gc,phases,start] GC(210) Summary Phase
[20.081s][info][gc,phases      ] GC(210) Summary Phase 0.079ms
[20.081s][info][gc,phases,start] GC(210) Adjust Roots
[20.081s][info][gc,phases      ] GC(210) Adjust Roots 0.156ms
[20.081s][info][gc,phases,start] GC(210) Compaction Phase
[20.513s][info][gc,phases      ] GC(210) Compaction Phase 431.680ms
[20.513s][info][gc,phases,start] GC(210) Post Compact
[20.519s][info][gc,phases      ] GC(210) Post Compact 5.751ms
[20.520s][info][gc,heap        ] GC(210) PSYoungGen: 37056K(168448K)->0K(171520K) Eden: 0K(36864K)->0K(40448K) From: 37056K(131584K)->0K(131072K)
[20.520s][info][gc,heap        ] GC(210) ParOldGen: 2934361K(2985472K)->2904721K(3211776K)
[20.520s][info][gc,metaspace   ] GC(210) Metaspace: 6297K(6464K)->6297K(6464K) NonClass: 5763K(5824K)->5763K(5824K) Class: 533K(640K)->533K(640K)
[20.520s][info][gc             ] GC(210) Pause Full (Ergonomics) 2901M->2836M(3304M) 1082.430ms
[20.520s][info][gc,cpu         ] GC(210) User=7.77s Sys=0.00s Real=1.08s
[20.568s][info][gc,start       ] GC(211) Pause Young (Allocation Failure)
[20.612s][info][gc,heap        ] GC(211) PSYoungGen: 40448K(171520K)->40640K(171520K) Eden: 40448K(40448K)->0K(40448K) From: 0K(131072K)->40640K(131072K)
[20.612s][info][gc,heap        ] GC(211) ParOldGen: 2904721K(3211776K)->2904721K(3211776K)
[20.612s][info][gc,metaspace   ] GC(211) Metaspace: 6297K(6464K)->6297K(6464K) NonClass: 5763K(5824K)->5763K(5824K) Class: 533K(640K)->533K(640K)
[20.612s][info][gc             ] GC(211) Pause Young (Allocation Failure) 2876M->2876M(3304M) 44.008ms
[20.612s][info][gc,cpu         ] GC(211) User=0.05s Sys=0.00s Real=0.04s
[20.653s][info][gc,start       ] GC(212) Pause Young (Allocation Failure)
[20.712s][info][gc,heap        ] GC(212) PSYoungGen: 81088K(171520K)->81120K(173056K) Eden: 40448K(40448K)->0K(44032K) From: 40640K(131072K)->81120K(129024K)
[20.712s][info][gc,heap        ] GC(212) ParOldGen: 2904721K(3211776K)->2904721K(3211776K)
[20.712s][info][gc,metaspace   ] GC(212) Metaspace: 6297K(6464K)->6297K(6464K) NonClass: 5763K(5824K)->5763K(5824K) Class: 533K(640K)->533K(640K)
[20.712s][info][gc             ] GC(212) Pause Young (Allocation Failure) 2915M->2915M(3305M) 58.958ms
[20.712s][info][gc,cpu         ] GC(212) User=0.17s Sys=0.00s Real=0.06s
[20.758s][info][gc,start       ] GC(213) Pause Young (Allocation Failure)
[20.829s][info][gc,heap        ] GC(213) PSYoungGen: 125152K(173056K)->125184K(173056K) Eden: 44032K(44032K)->0K(44032K) From: 81120K(129024K)->125184K(129024K)
[20.829s][info][gc,heap        ] GC(213) ParOldGen: 2904721K(3211776K)->2904721K(3211776K)
[20.829s][info][gc,metaspace   ] GC(213) Metaspace: 6297K(6464K)->6297K(6464K) NonClass: 5763K(5824K)->5763K(5824K) Class: 533K(640K)->533K(640K)
[20.829s][info][gc             ] GC(213) Pause Young (Allocation Failure) 2958M->2958M(3305M) 70.336ms
[20.829s][info][gc,cpu         ] GC(213) User=0.23s Sys=0.00s Real=0.07s
[20.871s][info][gc,start       ] GC(214) Pause Young (Allocation Failure)
[20.955s][info][gc,heap        ] GC(214) PSYoungGen: 169216K(173056K)->144384K(163840K) Eden: 44032K(44032K)->0K(19456K) From: 125184K(129024K)->144384K(144384K)
[20.955s][info][gc,heap        ] GC(214) ParOldGen: 2904721K(3211776K)->2929721K(3211776K)
[20.955s][info][gc,metaspace   ] GC(214) Metaspace: 6297K(6464K)->6297K(6464K) NonClass: 5763K(5824K)->5763K(5824K) Class: 533K(640K)->533K(640K)
[20.955s][info][gc             ] GC(214) Pause Young (Allocation Failure) 3001M->3002M(3296M) 83.778ms
[20.955s][info][gc,cpu         ] GC(214) User=0.38s Sys=0.05s Real=0.08s
[20.975s][info][gc,start       ] GC(215) Pause Young (Allocation Failure)
[21.053s][info][gc,heap        ] GC(215) PSYoungGen: 163840K(163840K)->126272K(193024K) Eden: 19456K(19456K)->0K(19456K) From: 144384K(144384K)->126272K(173568K)
[21.053s][info][gc,heap        ] GC(215) ParOldGen: 2929721K(3211776K)->2967713K(3211776K)
[21.053s][info][gc,metaspace   ] GC(215) Metaspace: 6297K(6464K)->6297K(6464K) NonClass: 5763K(5824K)->5763K(5824K) Class: 533K(640K)->533K(640K)
[21.053s][info][gc             ] GC(215) Pause Young (Allocation Failure) 3021M->3021M(3325M) 77.965ms
[21.053s][info][gc,cpu         ] GC(215) User=0.53s Sys=0.00s Real=0.08s
[21.070s][info][gc,start       ] GC(216) Pause Young (Allocation Failure)
[21.143s][info][gc,heap        ] GC(216) PSYoungGen: 145728K(193024K)->105280K(199680K) Eden: 19456K(19456K)->0K(22528K) From: 126272K(173568K)->105280K(177152K)
[21.143s][info][gc,heap        ] GC(216) ParOldGen: 2967713K(3211776K)->3008529K(3211776K)
[21.143s][info][gc,metaspace   ] GC(216) Metaspace: 6297K(6464K)->6297K(6464K) NonClass: 5763K(5824K)->5763K(5824K) Class: 533K(640K)->533K(640K)
[21.143s][info][gc             ] GC(216) Pause Young (Allocation Failure) 3040M->3040M(3331M) 72.907ms
[21.143s][info][gc,cpu         ] GC(216) User=0.31s Sys=0.00s Real=0.07s
[21.164s][info][gc,start       ] GC(217) Pause Young (Allocation Failure)
[21.232s][info][gc,heap        ] GC(217) PSYoungGen: 127808K(199680K)->61600K(84480K) Eden: 22528K(22528K)->0K(22528K) From: 105280K(177152K)->61600K(61952K)
[21.232s][info][gc,heap        ] GC(217) ParOldGen: 3008529K(3211776K)->3075217K(3211776K)
[21.232s][info][gc,metaspace   ] GC(217) Metaspace: 6297K(6464K)->6297K(6464K) NonClass: 5763K(5824K)->5763K(5824K) Class: 533K(640K)->533K(640K)
[21.232s][info][gc             ] GC(217) Pause Young (Allocation Failure) 3062M->3063M(3219M) 68.252ms
[21.232s][info][gc,cpu         ] GC(217) User=0.25s Sys=0.05s Real=0.07s
[21.254s][info][gc,start       ] GC(218) Pause Young (Allocation Failure)
[21.309s][info][gc,heap        ] GC(218) PSYoungGen: 84128K(84480K)->45152K(196608K) Eden: 22528K(22528K)->0K(26112K) From: 61600K(61952K)->45152K(170496K)
[21.309s][info][gc,heap        ] GC(218) ParOldGen: 3075217K(3211776K)->3114457K(3211776K)
[21.309s][info][gc,metaspace   ] GC(218) Metaspace: 6297K(6464K)->6297K(6464K) NonClass: 5763K(5824K)->5763K(5824K) Class: 533K(640K)->533K(640K)
[21.309s][info][gc             ] GC(218) Pause Young (Allocation Failure) 3085M->3085M(3328M) 54.902ms
[21.309s][info][gc,cpu         ] GC(218) User=0.17s Sys=0.00s Real=0.06s
[21.340s][info][gc,start       ] GC(219) Pause Young (Allocation Failure)
[21.396s][info][gc,heap        ] GC(219) PSYoungGen: 71264K(196608K)->26304K(198144K) Eden: 26112K(26112K)->0K(26112K) From: 45152K(170496K)->26304K(172032K)
[21.396s][info][gc,heap        ] GC(219) ParOldGen: 3114457K(3211776K)->3159889K(3211776K)
[21.396s][info][gc,metaspace   ] GC(219) Metaspace: 6297K(6464K)->6297K(6464K) NonClass: 5763K(5824K)->5763K(5824K) Class: 533K(640K)->533K(640K)
[21.396s][info][gc             ] GC(219) Pause Young (Allocation Failure) 3111M->3111M(3330M) 56.316ms
[21.396s][info][gc,cpu         ] GC(219) User=0.19s Sys=0.00s Real=0.06s
[21.396s][info][gc,start       ] GC(220) Pause Full (Ergonomics)
[21.396s][info][gc,phases,start] GC(220) Marking Phase
[22.121s][info][gc,phases      ] GC(220) Marking Phase 724.392ms
[22.121s][info][gc,phases,start] GC(220) Summary Phase
[22.121s][info][gc,phases      ] GC(220) Summary Phase 0.072ms
[22.121s][info][gc,phases,start] GC(220) Adjust Roots
[22.121s][info][gc,phases      ] GC(220) Adjust Roots 0.158ms
[22.121s][info][gc,phases,start] GC(220) Compaction Phase
[22.435s][info][gc,phases      ] GC(220) Compaction Phase 314.221ms
[22.435s][info][gc,phases,start] GC(220) Post Compact
[22.441s][info][gc,phases      ] GC(220) Post Compact 5.676ms
[22.442s][info][gc,heap        ] GC(220) PSYoungGen: 26304K(198144K)->0K(202240K) Eden: 0K(26112K)->0K(30208K) From: 26304K(172032K)->0K(172032K)
[22.442s][info][gc,heap        ] GC(220) ParOldGen: 3159889K(3211776K)->3183468K(3521536K)
[22.442s][info][gc,metaspace   ] GC(220) Metaspace: 6297K(6464K)->6297K(6464K) NonClass: 5763K(5824K)->5763K(5824K) Class: 533K(640K)->533K(640K)
[22.442s][info][gc             ] GC(220) Pause Full (Ergonomics) 3111M->3108M(3636M) 1045.869ms
[22.442s][info][gc,cpu         ] GC(220) User=7.58s Sys=0.02s Real=1.05s
[22.475s][info][gc,start       ] GC(221) Pause Young (Allocation Failure)
[22.512s][info][gc,heap        ] GC(221) PSYoungGen: 30208K(202240K)->30400K(202240K) Eden: 30208K(30208K)->0K(30208K) From: 0K(172032K)->30400K(172032K)
[22.512s][info][gc,heap        ] GC(221) ParOldGen: 3183468K(3521536K)->3183468K(3521536K)
[22.512s][info][gc,metaspace   ] GC(221) Metaspace: 6297K(6464K)->6297K(6464K) NonClass: 5763K(5824K)->5763K(5824K) Class: 533K(640K)->533K(640K)
[22.512s][info][gc             ] GC(221) Pause Young (Allocation Failure) 3138M->3138M(3636M) 36.595ms
[22.512s][info][gc,cpu         ] GC(221) User=0.05s Sys=0.00s Real=0.04s
[22.544s][info][gc,start       ] GC(222) Pause Young (Allocation Failure)
[22.595s][info][gc,heap        ] GC(222) PSYoungGen: 60608K(202240K)->30400K(198144K) Eden: 30208K(30208K)->0K(33792K) From: 30400K(172032K)->30400K(164352K)
[22.595s][info][gc,heap        ] GC(222) ParOldGen: 3183468K(3521536K)->3213948K(3521536K)
[22.595s][info][gc,metaspace   ] GC(222) Metaspace: 6297K(6464K)->6297K(6464K) NonClass: 5763K(5824K)->5763K(5824K) Class: 533K(640K)->533K(640K)
[22.595s][info][gc             ] GC(222) Pause Young (Allocation Failure) 3168M->3168M(3632M) 50.975ms
[22.595s][info][gc,cpu         ] GC(222) User=0.22s Sys=0.05s Real=0.05s
[22.630s][info][gc,start       ] GC(223) Pause Young (Allocation Failure)
[22.681s][info][gc,heap        ] GC(223) PSYoungGen: 64192K(198144K)->34016K(68096K) Eden: 33792K(33792K)->0K(33792K) From: 30400K(164352K)->34016K(34304K)
[22.681s][info][gc,heap        ] GC(223) ParOldGen: 3213948K(3521536K)->3244428K(3521536K)
[22.681s][info][gc,metaspace   ] GC(223) Metaspace: 6297K(6464K)->6297K(6464K) NonClass: 5763K(5824K)->5763K(5824K) Class: 533K(640K)->533K(640K)
[22.681s][info][gc             ] GC(223) Pause Young (Allocation Failure) 3201M->3201M(3505M) 51.332ms
[22.681s][info][gc,cpu         ] GC(223) User=0.14s Sys=0.02s Real=0.05s
[22.717s][info][gc,start       ] GC(224) Pause Young (Allocation Failure)
[22.775s][info][gc,heap        ] GC(224) PSYoungGen: 67808K(68096K)->33952K(191488K) Eden: 33792K(33792K)->0K(37888K) From: 34016K(34304K)->33952K(153600K)
[22.775s][info][gc,heap        ] GC(224) ParOldGen: 3244428K(3521536K)->3278532K(3521536K)
[22.775s][info][gc,metaspace   ] GC(224) Metaspace: 6297K(6464K)->6297K(6464K) NonClass: 5763K(5824K)->5763K(5824K) Class: 533K(640K)->533K(640K)
[22.775s][info][gc             ] GC(224) Pause Young (Allocation Failure) 3234M->3234M(3626M) 58.636ms
[22.775s][info][gc,cpu         ] GC(224) User=0.16s Sys=0.00s Real=0.06s
[22.816s][info][gc,start       ] GC(225) Pause Young (Allocation Failure)
[22.867s][info][gc,heap        ] GC(225) PSYoungGen: 71840K(191488K)->38112K(76288K) Eden: 37888K(37888K)->0K(37888K) From: 33952K(153600K)->38112K(38400K)
[22.867s][info][gc,heap        ] GC(225) ParOldGen: 3278532K(3521536K)->3312628K(3521536K)
[22.867s][info][gc,metaspace   ] GC(225) Metaspace: 6297K(6464K)->6297K(6464K) NonClass: 5763K(5824K)->5763K(5824K) Class: 533K(640K)->533K(640K)
[22.867s][info][gc             ] GC(225) Pause Young (Allocation Failure) 3271M->3272M(3513M) 51.729ms
[22.867s][info][gc,cpu         ] GC(225) User=0.17s Sys=0.00s Real=0.05s
[22.908s][info][gc,start       ] GC(226) Pause Young (Allocation Failure)
[22.966s][info][gc,heap        ] GC(226) PSYoungGen: 76000K(76288K)->38048K(183296K) Eden: 37888K(37888K)->0K(42496K) From: 38112K(38400K)->38048K(140800K)
[22.966s][info][gc,heap        ] GC(226) ParOldGen: 3312628K(3521536K)->3350852K(3521536K)
[22.966s][info][gc,metaspace   ] GC(226) Metaspace: 6297K(6464K)->6297K(6464K) NonClass: 5763K(5824K)->5763K(5824K) Class: 533K(640K)->533K(640K)
[22.966s][info][gc             ] GC(226) Pause Young (Allocation Failure) 3309M->3309M(3618M) 57.873ms
[22.966s][info][gc,cpu         ] GC(226) User=0.14s Sys=0.03s Real=0.06s
[23.013s][info][gc,start       ] GC(227) Pause Young (Allocation Failure)
[23.069s][info][gc,heap        ] GC(227) PSYoungGen: 80544K(183296K)->42688K(85504K) Eden: 42496K(42496K)->0K(42496K) From: 38048K(140800K)->42688K(43008K)
[23.069s][info][gc,heap        ] GC(227) ParOldGen: 3350852K(3521536K)->3389076K(3521536K)
[23.069s][info][gc,metaspace   ] GC(227) Metaspace: 6297K(6464K)->6297K(6464K) NonClass: 5763K(5824K)->5763K(5824K) Class: 533K(640K)->533K(640K)
[23.069s][info][gc             ] GC(227) Pause Young (Allocation Failure) 3350M->3351M(3522M) 56.820ms
[23.069s][info][gc,cpu         ] GC(227) User=0.17s Sys=0.02s Real=0.06s
[23.113s][info][gc,start       ] GC(228) Pause Young (Allocation Failure)
[23.171s][info][gc,heap        ] GC(228) PSYoungGen: 85184K(85504K)->42688K(175104K) Eden: 42496K(42496K)->0K(47616K) From: 42688K(43008K)->42688K(127488K)
[23.172s][info][gc,heap        ] GC(228) ParOldGen: 3389076K(3521536K)->3431964K(3521536K)
[23.172s][info][gc,metaspace   ] GC(228) Metaspace: 6297K(6464K)->6297K(6464K) NonClass: 5763K(5824K)->5763K(5824K) Class: 533K(640K)->533K(640K)
[23.172s][info][gc             ] GC(228) Pause Young (Allocation Failure) 3392M->3393M(3610M) 58.153ms
[23.172s][info][gc,cpu         ] GC(228) User=0.19s Sys=0.02s Real=0.06s
[23.214s][info][gc,start       ] GC(229) Pause Young (Allocation Failure)
[23.272s][info][gc,heap        ] GC(229) PSYoungGen: 90304K(175104K)->47808K(95744K) Eden: 47616K(47616K)->0K(47616K) From: 42688K(127488K)->47808K(48128K)
[23.272s][info][gc,heap        ] GC(229) ParOldGen: 3431964K(3521536K)->3474852K(3521536K)
[23.272s][info][gc,metaspace   ] GC(229) Metaspace: 6297K(6464K)->6297K(6464K) NonClass: 5763K(5824K)->5763K(5824K) Class: 533K(640K)->533K(640K)
[23.272s][info][gc             ] GC(229) Pause Young (Allocation Failure) 3439M->3440M(3532M) 57.709ms
[23.272s][info][gc,cpu         ] GC(229) User=0.17s Sys=0.02s Real=0.06s
[23.272s][info][gc,start       ] GC(230) Pause Full (Ergonomics)
[23.272s][info][gc,phases,start] GC(230) Marking Phase
[24.082s][info][gc,phases      ] GC(230) Marking Phase 809.705ms
[24.082s][info][gc,phases,start] GC(230) Summary Phase
[24.082s][info][gc,phases      ] GC(230) Summary Phase 0.089ms
[24.082s][info][gc,phases,start] GC(230) Adjust Roots
[24.082s][info][gc,phases      ] GC(230) Adjust Roots 0.162ms
[24.082s][info][gc,phases,start] GC(230) Compaction Phase
[24.409s][info][gc,phases      ] GC(230) Compaction Phase 326.918ms
[24.409s][info][gc,phases,start] GC(230) Post Compact
[24.415s][info][gc,phases      ] GC(230) Post Compact 6.405ms
[24.417s][info][gc,heap        ] GC(230) PSYoungGen: 47808K(95744K)->0K(179712K) Eden: 0K(47616K)->0K(53248K) From: 47808K(48128K)->0K(126464K)
[24.417s][info][gc,heap        ] GC(230) ParOldGen: 3474852K(3521536K)->3519563K(3875328K)
[24.417s][info][gc,metaspace   ] GC(230) Metaspace: 6297K(6464K)->6297K(6464K) NonClass: 5763K(5824K)->5763K(5824K) Class: 533K(640K)->533K(640K)
[24.417s][info][gc             ] GC(230) Pause Full (Ergonomics) 3440M->3437M(3960M) 1144.755ms
[24.417s][info][gc,cpu         ] GC(230) User=8.44s Sys=0.06s Real=1.14s
[24.470s][info][gc,start       ] GC(231) Pause Young (Allocation Failure)
[24.520s][info][gc,heap        ] GC(231) PSYoungGen: 53248K(179712K)->53440K(107008K) Eden: 53248K(53248K)->0K(53248K) From: 0K(126464K)->53440K(53760K)
[24.520s][info][gc,heap        ] GC(231) ParOldGen: 3519563K(3875328K)->3519563K(3875328K)
[24.520s][info][gc,metaspace   ] GC(231) Metaspace: 6297K(6464K)->6297K(6464K) NonClass: 5763K(5824K)->5763K(5824K) Class: 533K(640K)->533K(640K)
[24.520s][info][gc             ] GC(231) Pause Young (Allocation Failure) 3489M->3489M(3889M) 50.446ms
[24.520s][info][gc,cpu         ] GC(231) User=0.08s Sys=0.00s Real=0.05s
[24.578s][info][gc,start       ] GC(232) Pause Young (Allocation Failure)
[24.641s][info][gc,heap        ] GC(232) PSYoungGen: 106688K(107008K)->106816K(164352K) Eden: 53248K(53248K)->0K(45056K) From: 53440K(53760K)->106816K(119296K)
[24.641s][info][gc,heap        ] GC(232) ParOldGen: 3519563K(3875328K)->3519563K(3875328K)
[24.641s][info][gc,metaspace   ] GC(232) Metaspace: 6297K(6464K)->6297K(6464K) NonClass: 5763K(5824K)->5763K(5824K) Class: 533K(640K)->533K(640K)
[24.641s][info][gc             ] GC(232) Pause Young (Allocation Failure) 3541M->3541M(3945M) 62.781ms
[24.641s][info][gc,cpu         ] GC(232) User=0.28s Sys=0.00s Real=0.06s
[24.689s][info][gc,start       ] GC(233) Pause Young (Allocation Failure)
[24.767s][info][gc,heap        ] GC(233) PSYoungGen: 151872K(164352K)->132608K(177664K) Eden: 45056K(45056K)->0K(45056K) From: 106816K(119296K)->132608K(132608K)
[24.767s][info][gc,heap        ] GC(233) ParOldGen: 3519563K(3875328K)->3538907K(3875328K)
[24.767s][info][gc,metaspace   ] GC(233) Metaspace: 6297K(6464K)->6297K(6464K) NonClass: 5763K(5824K)->5763K(5824K) Class: 533K(640K)->533K(640K)
[24.767s][info][gc             ] GC(233) Pause Young (Allocation Failure) 3585M->3585M(3958M) 77.934ms
[24.767s][info][gc,cpu         ] GC(233) User=0.41s Sys=0.00s Real=0.08s
[24.811s][info][gc,start       ] GC(234) Pause Young (Allocation Failure)
[24.901s][info][gc,heap        ] GC(234) PSYoungGen: 177664K(177664K)->82624K(203264K) Eden: 45056K(45056K)->0K(50176K) From: 132608K(132608K)->82624K(153088K)
[24.901s][info][gc,heap        ] GC(234) ParOldGen: 3538907K(3875328K)->3634763K(3875328K)
[24.901s][info][gc,metaspace   ] GC(234) Metaspace: 6297K(6464K)->6297K(6464K) NonClass: 5763K(5824K)->5763K(5824K) Class: 533K(640K)->533K(640K)
[24.901s][info][gc             ] GC(234) Pause Young (Allocation Failure) 3629M->3630M(3983M) 89.899ms
[24.901s][info][gc,cpu         ] GC(234) User=0.58s Sys=0.06s Real=0.09s
[24.948s][info][gc,start       ] GC(235) Pause Young (Allocation Failure)
[25.021s][info][gc,heap        ] GC(235) PSYoungGen: 132800K(203264K)->95520K(206336K) Eden: 50176K(50176K)->0K(50176K) From: 82624K(153088K)->95520K(156160K)
[25.021s][info][gc,heap        ] GC(235) ParOldGen: 3634763K(3875328K)->3672491K(3875328K)
[25.021s][info][gc,metaspace   ] GC(235) Metaspace: 6297K(6464K)->6297K(6464K) NonClass: 5763K(5824K)->5763K(5824K) Class: 533K(640K)->533K(640K)
[25.021s][info][gc             ] GC(235) Pause Young (Allocation Failure) 3679M->3679M(3986M) 73.030ms
[25.021s][info][gc,cpu         ] GC(235) User=0.41s Sys=0.00s Real=0.07s
[25.069s][info][gc,start       ] GC(236) Pause Young (Allocation Failure)
[25.142s][info][gc,heap        ] GC(236) PSYoungGen: 145696K(206336K)->100640K(211456K) Eden: 50176K(50176K)->0K(54272K) From: 95520K(156160K)->100640K(157184K)
[25.142s][info][gc,heap        ] GC(236) ParOldGen: 3672491K(3875328K)->3717955K(3875328K)
[25.142s][info][gc,metaspace   ] GC(236) Metaspace: 6297K(6464K)->6297K(6464K) NonClass: 5763K(5824K)->5763K(5824K) Class: 533K(640K)->533K(640K)
[25.142s][info][gc             ] GC(236) Pause Young (Allocation Failure) 3728M->3729M(3991M) 73.903ms
[25.142s][info][gc,cpu         ] GC(236) User=0.61s Sys=0.02s Real=0.07s
[25.203s][info][gc,start       ] GC(237) Pause Young (Allocation Failure)
[25.281s][info][gc,heap        ] GC(237) PSYoungGen: 154912K(211456K)->104704K(213504K) Eden: 54272K(54272K)->0K(54272K) From: 100640K(157184K)->104704K(159232K)
[25.281s][info][gc,heap        ] GC(237) ParOldGen: 3717955K(3875328K)->3768579K(3875328K)
[25.281s][info][gc,metaspace   ] GC(237) Metaspace: 6297K(6464K)->6297K(6464K) NonClass: 5763K(5824K)->5763K(5824K) Class: 533K(640K)->533K(640K)
[25.281s][info][gc             ] GC(237) Pause Young (Allocation Failure) 3782M->3782M(3993M) 77.872ms
[25.281s][info][gc,cpu         ] GC(237) User=0.52s Sys=0.00s Real=0.08s
[25.337s][info][gc,start       ] GC(238) Pause Young (Allocation Failure)
[25.418s][info][gc,heap        ] GC(238) PSYoungGen: 158976K(213504K)->108832K(219648K) Eden: 54272K(54272K)->0K(57856K) From: 104704K(159232K)->108832K(161792K)
[25.418s][info][gc,heap        ] GC(238) ParOldGen: 3768579K(3875328K)->3819203K(3875328K)
[25.418s][info][gc,metaspace   ] GC(238) Metaspace: 6297K(6464K)->6297K(6464K) NonClass: 5763K(5824K)->5763K(5824K) Class: 533K(640K)->533K(640K)
[25.418s][info][gc             ] GC(238) Pause Young (Allocation Failure) 3835M->3835M(3999M) 81.257ms
[25.418s][info][gc,cpu         ] GC(238) User=0.48s Sys=0.03s Real=0.08s
[25.418s][info][gc,start       ] GC(239) Pause Full (Ergonomics)
[25.418s][info][gc,phases,start] GC(239) Marking Phase
[26.315s][info][gc,phases      ] GC(239) Marking Phase 896.529ms
[26.315s][info][gc,phases,start] GC(239) Summary Phase
[26.315s][info][gc,phases      ] GC(239) Summary Phase 0.056ms
[26.315s][info][gc,phases,start] GC(239) Adjust Roots
[26.315s][info][gc,phases      ] GC(239) Adjust Roots 0.193ms
[26.315s][info][gc,phases,start] GC(239) Compaction Phase
[27.160s][info][gc,phases      ] GC(239) Compaction Phase 845.320ms
[27.160s][info][gc,phases,start] GC(239) Post Compact
[27.168s][info][gc,phases      ] GC(239) Post Compact 7.461ms
[27.169s][info][gc,heap        ] GC(239) PSYoungGen: 108832K(219648K)->49714K(219648K) Eden: 0K(57856K)->0K(57856K) From: 108832K(161792K)->49714K(161792K)
[27.169s][info][gc,heap        ] GC(239) ParOldGen: 3819203K(3875328K)->3875096K(4280320K)
[27.169s][info][gc,metaspace   ] GC(239) Metaspace: 6297K(6464K)->6297K(6464K) NonClass: 5763K(5824K)->5763K(5824K) Class: 533K(640K)->533K(640K)
[27.169s][info][gc             ] GC(239) Pause Full (Ergonomics) 3835M->3832M(4394M) 1751.214ms
[27.169s][info][gc,cpu         ] GC(239) User=12.33s Sys=0.06s Real=1.75s
[27.226s][info][gc,start       ] GC(240) Pause Young (Allocation Failure)
[27.446s][info][gc,heap        ] GC(240) PSYoungGen: 107570K(219648K)->83392K(141312K) Eden: 57856K(57856K)->0K(57856K) From: 49714K(161792K)->83392K(83456K)
[27.446s][info][gc,heap        ] GC(240) ParOldGen: 3875096K(4280320K)->3899800K(4280320K)
[27.446s][info][gc,metaspace   ] GC(240) Metaspace: 6297K(6464K)->6297K(6464K) NonClass: 5763K(5824K)->5763K(5824K) Class: 533K(640K)->533K(640K)
[27.446s][info][gc             ] GC(240) Pause Young (Allocation Failure) 3889M->3889M(4318M) 219.600ms
[27.446s][info][gc,cpu         ] GC(240) User=1.47s Sys=0.06s Real=0.22s
[27.506s][info][gc,start       ] GC(241) Pause Young (Allocation Failure)
[27.581s][info][gc,heap        ] GC(241) PSYoungGen: 141248K(141312K)->141312K(205824K) Eden: 57856K(57856K)->0K(48640K) From: 83392K(83456K)->141312K(157184K)
[27.581s][info][gc,heap        ] GC(241) ParOldGen: 3899800K(4280320K)->3899800K(4280320K)
[27.581s][info][gc,metaspace   ] GC(241) Metaspace: 6297K(6464K)->6297K(6464K) NonClass: 5763K(5824K)->5763K(5824K) Class: 533K(640K)->533K(640K)
[27.581s][info][gc             ] GC(241) Pause Young (Allocation Failure) 3946M->3946M(4381M) 75.264ms
[27.581s][info][gc,cpu         ] GC(241) User=0.59s Sys=0.03s Real=0.07s
[27.636s][info][gc,start       ] GC(242) Pause Young (Allocation Failure)
[27.728s][info][gc,heap        ] GC(242) PSYoungGen: 189952K(205824K)->172032K(220672K) Eden: 48640K(48640K)->0K(48640K) From: 141312K(157184K)->172032K(172032K)
[27.728s][info][gc,heap        ] GC(242) ParOldGen: 3899800K(4280320K)->3917856K(4280320K)
[27.728s][info][gc,metaspace   ] GC(242) Metaspace: 6297K(6464K)->6297K(6464K) NonClass: 5763K(5824K)->5763K(5824K) Class: 533K(640K)->533K(640K)
[27.728s][info][gc             ] GC(242) Pause Young (Allocation Failure) 3993M->3994M(4395M) 92.677ms
[27.728s][info][gc,cpu         ] GC(242) User=0.62s Sys=0.02s Real=0.09s
[27.786s][info][gc,start       ] GC(243) Pause Young (Allocation Failure)
[27.899s][info][gc,heap        ] GC(243) PSYoungGen: 220672K(220672K)->145152K(248320K) Eden: 48640K(48640K)->0K(46592K) From: 172032K(172032K)->145152K(201728K)
[27.899s][info][gc,heap        ] GC(243) ParOldGen: 3917856K(4280320K)->3994112K(4280320K)
[27.899s][info][gc,metaspace   ] GC(243) Metaspace: 6297K(6464K)->6297K(6464K) NonClass: 5763K(5824K)->5763K(5824K) Class: 533K(640K)->533K(640K)
[27.899s][info][gc             ] GC(243) Pause Young (Allocation Failure) 4041M->4042M(4422M) 113.324ms
[27.899s][info][gc,cpu         ] GC(243) User=0.88s Sys=0.02s Real=0.11s
[27.946s][info][gc,start       ] GC(244) Pause Young (Allocation Failure)
[28.046s][info][gc,heap        ] GC(244) PSYoungGen: 191744K(248320K)->137984K(255488K) Eden: 46592K(46592K)->0K(46592K) From: 145152K(201728K)->137984K(208896K)
[28.046s][info][gc,heap        ] GC(244) ParOldGen: 3994112K(4280320K)->4048296K(4280320K)
[28.046s][info][gc,metaspace   ] GC(244) Metaspace: 6297K(6464K)->6297K(6464K) NonClass: 5763K(5824K)->5763K(5824K) Class: 533K(640K)->533K(640K)
[28.046s][info][gc             ] GC(244) Pause Young (Allocation Failure) 4087M->4088M(4429M) 100.121ms
[28.046s][info][gc,cpu         ] GC(244) User=0.55s Sys=0.09s Real=0.10s
[28.091s][info][gc,start       ] GC(245) Pause Young (Allocation Failure)
[28.183s][info][gc,heap        ] GC(245) PSYoungGen: 184576K(255488K)->142144K(261120K) Eden: 46592K(46592K)->0K(49664K) From: 137984K(208896K)->142144K(211456K)
[28.183s][info][gc,heap        ] GC(245) ParOldGen: 4048296K(4280320K)->4091128K(4280320K)
[28.183s][info][gc,metaspace   ] GC(245) Metaspace: 6297K(6464K)->6297K(6464K) NonClass: 5763K(5824K)->5763K(5824K) Class: 533K(640K)->533K(640K)
[28.183s][info][gc             ] GC(245) Pause Young (Allocation Failure) 4133M->4134M(4435M) 92.079ms
[28.183s][info][gc,cpu         ] GC(245) User=0.64s Sys=0.00s Real=0.09s
[28.239s][info][gc,start       ] GC(246) Pause Young (Allocation Failure)
[28.333s][info][gc,heap        ] GC(246) PSYoungGen: 191808K(261120K)->143168K(264192K) Eden: 49664K(49664K)->0K(49664K) From: 142144K(211456K)->143168K(214528K)
[28.334s][info][gc,heap        ] GC(246) ParOldGen: 4091128K(4280320K)->4140200K(4280320K)
[28.334s][info][gc,metaspace   ] GC(246) Metaspace: 6297K(6464K)->6297K(6464K) NonClass: 5763K(5824K)->5763K(5824K) Class: 533K(640K)->533K(640K)
[28.334s][info][gc             ] GC(246) Pause Young (Allocation Failure) 4182M->4182M(4438M) 94.871ms
[28.334s][info][gc,cpu         ] GC(246) User=0.58s Sys=0.06s Real=0.10s
[28.393s][info][gc,start       ] GC(247) Pause Young (Allocation Failure)
[28.489s][info][gc,heap        ] GC(247) PSYoungGen: 192832K(264192K)->146240K(270848K) Eden: 49664K(49664K)->0K(54272K) From: 143168K(214528K)->146240K(216576K)
[28.489s][info][gc,heap        ] GC(247) ParOldGen: 4140200K(4280320K)->4187200K(4280320K)
[28.489s][info][gc,metaspace   ] GC(247) Metaspace: 6297K(6464K)->6297K(6464K) NonClass: 5763K(5824K)->5763K(5824K) Class: 533K(640K)->533K(640K)
[28.489s][info][gc             ] GC(247) Pause Young (Allocation Failure) 4231M->4231M(4444M) 95.601ms
[28.489s][info][gc,cpu         ] GC(247) User=0.61s Sys=0.03s Real=0.10s
[28.550s][info][gc,start       ] GC(248) Pause Young (Allocation Failure)
[28.649s][info][gc,heap        ] GC(248) PSYoungGen: 200512K(270848K)->153952K(272896K) Eden: 54272K(54272K)->0K(54272K) From: 146240K(216576K)->153952K(218624K)
[28.649s][info][gc,heap        ] GC(248) ParOldGen: 4187200K(4280320K)->4234208K(4280320K)
[28.649s][info][gc,metaspace   ] GC(248) Metaspace: 6297K(6464K)->6297K(6464K) NonClass: 5763K(5824K)->5763K(5824K) Class: 533K(640K)->533K(640K)
[28.649s][info][gc             ] GC(248) Pause Young (Allocation Failure) 4284M->4285M(4446M) 99.842ms
[28.649s][info][gc,cpu         ] GC(248) User=0.66s Sys=0.02s Real=0.10s
[28.649s][info][gc,start       ] GC(249) Pause Full (Ergonomics)
[28.649s][info][gc,phases,start] GC(249) Marking Phase
[29.631s][info][gc,phases      ] GC(249) Marking Phase 981.873ms
[29.631s][info][gc,phases,start] GC(249) Summary Phase
[29.631s][info][gc,phases      ] GC(249) Summary Phase 0.059ms
[29.632s][info][gc,phases,start] GC(249) Adjust Roots
[29.632s][info][gc,phases      ] GC(249) Adjust Roots 0.158ms
[29.632s][info][gc,phases,start] GC(249) Compaction Phase
[30.043s][info][gc,phases      ] GC(249) Compaction Phase 411.043ms
[30.043s][info][gc,phases,start] GC(249) Post Compact
[30.050s][info][gc,phases      ] GC(249) Post Compact 6.820ms
[30.051s][info][gc,heap        ] GC(249) PSYoungGen: 153952K(272896K)->104435K(272896K) Eden: 0K(54272K)->0K(54272K) From: 153952K(218624K)->104435K(218624K)
[30.051s][info][gc,heap        ] GC(249) ParOldGen: 4234208K(4280320K)->4279852K(4722688K)
[30.051s][info][gc,metaspace   ] GC(249) Metaspace: 6297K(6464K)->6297K(6464K) NonClass: 5763K(5824K)->5763K(5824K) Class: 533K(640K)->533K(640K)
[30.051s][info][gc             ] GC(249) Pause Full (Ergonomics) 4285M->4281M(4878M) 1401.666ms
[30.051s][info][gc,cpu         ] GC(249) User=10.20s Sys=0.02s Real=1.40s
[30.106s][info][gc,start       ] GC(250) Pause Young (Allocation Failure)
[30.385s][info][gc,heap        ] GC(250) PSYoungGen: 158707K(272896K)->124704K(264192K) Eden: 54272K(54272K)->0K(60416K) From: 104435K(218624K)->124704K(203776K)
[30.385s][info][gc,heap        ] GC(250) ParOldGen: 4279852K(4722688K)->4314580K(4722688K)
[30.385s][info][gc,metaspace   ] GC(250) Metaspace: 6297K(6464K)->6297K(6464K) NonClass: 5763K(5824K)->5763K(5824K) Class: 533K(640K)->533K(640K)
[30.385s][info][gc             ] GC(250) Pause Young (Allocation Failure) 4334M->4335M(4870M) 278.719ms
[30.385s][info][gc,cpu         ] GC(250) User=1.89s Sys=0.00s Real=0.28s
[30.443s][info][gc,start       ] GC(251) Pause Young (Allocation Failure)
[30.551s][info][gc,heap        ] GC(251) PSYoungGen: 185120K(264192K)->153472K(273920K) Eden: 60416K(60416K)->0K(60416K) From: 124704K(203776K)->153472K(213504K)
[30.551s][info][gc,heap        ] GC(251) ParOldGen: 4314580K(4722688K)->4346620K(4722688K)
[30.551s][info][gc,metaspace   ] GC(251) Metaspace: 6297K(6464K)->6297K(6464K) NonClass: 5763K(5824K)->5763K(5824K) Class: 533K(640K)->533K(640K)
[30.551s][info][gc             ] GC(251) Pause Young (Allocation Failure) 4394M->4394M(4879M) 107.860ms
[30.551s][info][gc,cpu         ] GC(251) User=0.88s Sys=0.00s Real=0.11s
[30.626s][info][gc,start       ] GC(252) Pause Young (Allocation Failure)
[30.739s][info][gc,heap        ] GC(252) PSYoungGen: 213888K(273920K)->175488K(273920K) Eden: 60416K(60416K)->0K(57344K) From: 153472K(213504K)->175488K(216576K)
[30.739s][info][gc,heap        ] GC(252) ParOldGen: 4346620K(4722688K)->4385348K(4722688K)
[30.739s][info][gc,metaspace   ] GC(252) Metaspace: 6297K(6464K)->6297K(6464K) NonClass: 5763K(5824K)->5763K(5824K) Class: 533K(640K)->533K(640K)
[30.739s][info][gc             ] GC(252) Pause Young (Allocation Failure) 4453M->4453M(4879M) 113.765ms
[30.739s][info][gc,cpu         ] GC(252) User=0.72s Sys=0.05s Real=0.11s
[30.806s][info][gc,start       ] GC(253) Pause Young (Allocation Failure)
[30.929s][info][gc,heap        ] GC(253) PSYoungGen: 232832K(273920K)->178592K(283648K) Eden: 57344K(57344K)->0K(57344K) From: 175488K(216576K)->178592K(226304K)
[30.929s][info][gc,heap        ] GC(253) ParOldGen: 4385348K(4722688K)->4440124K(4722688K)
[30.929s][info][gc,metaspace   ] GC(253) Metaspace: 6297K(6464K)->6297K(6464K) NonClass: 5763K(5824K)->5763K(5824K) Class: 533K(640K)->533K(640K)
[30.929s][info][gc             ] GC(253) Pause Young (Allocation Failure) 4509M->4510M(4889M) 123.042ms
[30.929s][info][gc,cpu         ] GC(253) User=0.81s Sys=0.05s Real=0.12s
[30.988s][info][gc,start       ] GC(254) Pause Young (Allocation Failure)
[31.119s][info][gc,heap        ] GC(254) PSYoungGen: 235936K(283648K)->175488K(293888K) Eden: 57344K(57344K)->0K(58880K) From: 178592K(226304K)->175488K(235008K)
[31.120s][info][gc,heap        ] GC(254) ParOldGen: 4440124K(4722688K)->4501100K(4722688K)
[31.120s][info][gc,metaspace   ] GC(254) Metaspace: 6297K(6464K)->6297K(6464K) NonClass: 5763K(5824K)->5763K(5824K) Class: 533K(640K)->533K(640K)
[31.120s][info][gc             ] GC(254) Pause Young (Allocation Failure) 4566M->4566M(4899M) 131.148ms
[31.120s][info][gc,cpu         ] GC(254) User=0.94s Sys=0.06s Real=0.13s
[31.181s][info][gc,start       ] GC(255) Pause Young (Allocation Failure)
[31.310s][info][gc,heap        ] GC(255) PSYoungGen: 234368K(293888K)->116576K(299520K) Eden: 58880K(58880K)->0K(58880K) From: 175488K(235008K)->116576K(240640K)
[31.310s][info][gc,heap        ] GC(255) ParOldGen: 4501100K(4722688K)->4619884K(4722688K)
[31.310s][info][gc,metaspace   ] GC(255) Metaspace: 6297K(6464K)->6297K(6464K) NonClass: 5763K(5824K)->5763K(5824K) Class: 533K(640K)->533K(640K)
[31.310s][info][gc             ] GC(255) Pause Young (Allocation Failure) 4624M->4625M(4904M) 128.688ms
[31.310s][info][gc,cpu         ] GC(255) User=0.77s Sys=0.09s Real=0.13s
[31.378s][info][gc,start       ] GC(256) Pause Young (Allocation Failure)
[31.475s][info][gc,heap        ] GC(256) PSYoungGen: 175456K(299520K)->59072K(297472K) Eden: 58880K(58880K)->0K(63488K) From: 116576K(240640K)->59072K(233984K)
[31.475s][info][gc,heap        ] GC(256) ParOldGen: 4619884K(4722688K)->4737132K(4737536K)
[31.475s][info][gc,metaspace   ] GC(256) Metaspace: 6297K(6464K)->6297K(6464K) NonClass: 5763K(5824K)->5763K(5824K) Class: 533K(640K)->533K(640K)
[31.475s][info][gc             ] GC(256) Pause Young (Allocation Failure) 4682M->4683M(4917M) 97.350ms
[31.475s][info][gc,cpu         ] GC(256) User=0.59s Sys=0.06s Real=0.10s
[31.475s][info][gc,start       ] GC(257) Pause Full (Ergonomics)
[31.475s][info][gc,phases,start] GC(257) Marking Phase
[32.561s][info][gc,phases      ] GC(257) Marking Phase 1085.548ms
[32.561s][info][gc,phases,start] GC(257) Summary Phase
[32.561s][info][gc,phases      ] GC(257) Summary Phase 0.053ms
[32.561s][info][gc,phases,start] GC(257) Adjust Roots
[32.561s][info][gc,phases      ] GC(257) Adjust Roots 0.157ms
[32.561s][info][gc,phases,start] GC(257) Compaction Phase
[32.966s][info][gc,phases      ] GC(257) Compaction Phase 404.367ms
[32.966s][info][gc,phases,start] GC(257) Post Compact
[32.973s][info][gc,phases      ] GC(257) Post Compact 6.976ms
[32.974s][info][gc,heap        ] GC(257) PSYoungGen: 59072K(297472K)->54250K(297472K) Eden: 0K(63488K)->0K(63488K) From: 59072K(233984K)->54250K(233984K)
[32.974s][info][gc,heap        ] GC(257) ParOldGen: 4737132K(4737536K)->4737366K(5262336K)
[32.974s][info][gc,metaspace   ] GC(257) Metaspace: 6297K(6464K)->6297K(6464K) NonClass: 5763K(5824K)->5763K(5824K) Class: 533K(640K)->533K(640K)
[32.975s][info][gc             ] GC(257) Pause Full (Ergonomics) 4683M->4679M(5429M) 1499.069ms
[32.975s][info][gc,cpu         ] GC(257) User=11.31s Sys=0.08s Real=1.50s
[33.043s][info][gc,start       ] GC(258) Pause Young (Allocation Failure)
[33.314s][info][gc,heap        ] GC(258) PSYoungGen: 117738K(297472K)->63744K(300544K) Eden: 63488K(63488K)->0K(63488K) From: 54250K(233984K)->63744K(237056K)
[33.314s][info][gc,heap        ] GC(258) ParOldGen: 4737366K(5262336K)->4792142K(5262336K)
[33.314s][info][gc,metaspace   ] GC(258) Metaspace: 6297K(6464K)->6297K(6464K) NonClass: 5763K(5824K)->5763K(5824K) Class: 533K(640K)->533K(640K)
[33.314s][info][gc             ] GC(258) Pause Young (Allocation Failure) 4741M->4742M(5432M) 270.964ms
[33.314s][info][gc,cpu         ] GC(258) User=1.75s Sys=0.03s Real=0.27s
[33.381s][info][gc,start       ] GC(259) Pause Young (Allocation Failure)
[33.457s][info][gc,heap        ] GC(259) PSYoungGen: 127232K(300544K)->63712K(304128K) Eden: 63488K(63488K)->0K(70144K) From: 63744K(237056K)->63712K(233984K)
[33.457s][info][gc,heap        ] GC(259) ParOldGen: 4792142K(5262336K)->4856214K(5262336K)
[33.457s][info][gc,metaspace   ] GC(259) Metaspace: 6297K(6464K)->6297K(6464K) NonClass: 5763K(5824K)->5763K(5824K) Class: 533K(640K)->533K(640K)
[33.457s][info][gc             ] GC(259) Pause Young (Allocation Failure) 4804M->4804M(5436M) 76.368ms
[33.457s][info][gc,cpu         ] GC(259) User=0.62s Sys=0.00s Real=0.08s
[33.535s][info][gc,start       ] GC(260) Pause Young (Allocation Failure)
[33.613s][info][gc,heap        ] GC(260) PSYoungGen: 133856K(304128K)->70400K(305664K) Eden: 70144K(70144K)->0K(70144K) From: 63712K(233984K)->70400K(235520K)
[33.613s][info][gc,heap        ] GC(260) ParOldGen: 4856214K(5262336K)->4920270K(5262336K)
[33.613s][info][gc,metaspace   ] GC(260) Metaspace: 6297K(6464K)->6297K(6464K) NonClass: 5763K(5824K)->5763K(5824K) Class: 533K(640K)->533K(640K)
[33.613s][info][gc             ] GC(260) Pause Young (Allocation Failure) 4873M->4873M(5437M) 77.990ms
[33.613s][info][gc,cpu         ] GC(260) User=0.52s Sys=0.00s Real=0.08s
[33.694s][info][gc,start       ] GC(261) Pause Young (Allocation Failure)
[33.778s][info][gc,heap        ] GC(261) PSYoungGen: 140544K(305664K)->70400K(299008K) Eden: 70144K(70144K)->0K(77824K) From: 70400K(235520K)->70400K(221184K)
[33.778s][info][gc,heap        ] GC(261) ParOldGen: 4920270K(5262336K)->4991046K(5262336K)
[33.778s][info][gc,metaspace   ] GC(261) Metaspace: 6297K(6464K)->6297K(6464K) NonClass: 5763K(5824K)->5763K(5824K) Class: 533K(640K)->533K(640K)
[33.778s][info][gc             ] GC(261) Pause Young (Allocation Failure) 4942M->4942M(5431M) 83.233ms
[33.778s][info][gc,cpu         ] GC(261) User=0.48s Sys=0.03s Real=0.08s
[33.862s][info][gc,start       ] GC(262) Pause Young (Allocation Failure)
[33.952s][info][gc,heap        ] GC(262) PSYoungGen: 148224K(299008K)->78080K(304128K) Eden: 77824K(77824K)->0K(77824K) From: 70400K(221184K)->78080K(226304K)
[33.952s][info][gc,heap        ] GC(262) ParOldGen: 4991046K(5262336K)->5061822K(5262336K)
[33.952s][info][gc,metaspace   ] GC(262) Metaspace: 6297K(6464K)->6297K(6464K) NonClass: 5763K(5824K)->5763K(5824K) Class: 533K(640K)->533K(640K)
[33.952s][info][gc             ] GC(262) Pause Young (Allocation Failure) 5018M->5019M(5436M) 90.406ms
[33.952s][info][gc,cpu         ] GC(262) User=0.53s Sys=0.05s Real=0.09s
[34.039s][info][gc,start       ] GC(263) Pause Young (Allocation Failure)
[34.130s][info][gc,heap        ] GC(263) PSYoungGen: 155904K(304128K)->78080K(291328K) Eden: 77824K(77824K)->0K(86016K) From: 78080K(226304K)->78080K(205312K)
[34.130s][info][gc,heap        ] GC(263) ParOldGen: 5061822K(5262336K)->5140358K(5262336K)
[34.130s][info][gc,metaspace   ] GC(263) Metaspace: 6297K(6464K)->6297K(6464K) NonClass: 5763K(5824K)->5763K(5824K) Class: 533K(640K)->533K(640K)
[34.130s][info][gc             ] GC(263) Pause Young (Allocation Failure) 5095M->5096M(5423M) 91.343ms
[34.130s][info][gc,cpu         ] GC(263) User=0.55s Sys=0.08s Real=0.09s
[34.227s][info][gc,start       ] GC(264) Pause Young (Allocation Failure)
[34.322s][info][gc,heap        ] GC(264) PSYoungGen: 164096K(291328K)->86336K(298496K) Eden: 86016K(86016K)->0K(86016K) From: 78080K(205312K)->86336K(212480K)
[34.322s][info][gc,heap        ] GC(264) ParOldGen: 5140358K(5262336K)->5218886K(5262336K)
[34.322s][info][gc,metaspace   ] GC(264) Metaspace: 6297K(6464K)->6297K(6464K) NonClass: 5763K(5824K)->5763K(5824K) Class: 533K(640K)->533K(640K)
[34.322s][info][gc             ] GC(264) Pause Young (Allocation Failure) 5180M->5180M(5430M) 94.287ms
[34.322s][info][gc,cpu         ] GC(264) User=0.56s Sys=0.06s Real=0.10s
[34.322s][info][gc,start       ] GC(265) Pause Full (Ergonomics)
[34.322s][info][gc,phases,start] GC(265) Marking Phase
[35.527s][info][gc,phases      ] GC(265) Marking Phase 1205.240ms
[35.527s][info][gc,phases,start] GC(265) Summary Phase
[35.527s][info][gc,phases      ] GC(265) Summary Phase 0.068ms
[35.527s][info][gc,phases,start] GC(265) Adjust Roots
[35.527s][info][gc,phases      ] GC(265) Adjust Roots 0.159ms
[35.527s][info][gc,phases,start] GC(265) Compaction Phase
[35.976s][info][gc,phases      ] GC(265) Compaction Phase 448.412ms
[35.976s][info][gc,phases,start] GC(265) Post Compact
[35.985s][info][gc,phases      ] GC(265) Post Compact 9.071ms
[35.987s][info][gc,heap        ] GC(265) PSYoungGen: 86336K(298496K)->38456K(298496K) Eden: 0K(86016K)->0K(86016K) From: 86336K(212480K)->38456K(212480K)
[35.987s][info][gc,heap        ] GC(265) ParOldGen: 5218886K(5262336K)->5261874K(5820416K)
[35.987s][info][gc,metaspace   ] GC(265) Metaspace: 6297K(6464K)->6297K(6464K) NonClass: 5763K(5824K)->5763K(5824K) Class: 533K(640K)->533K(640K)
[35.987s][info][gc             ] GC(265) Pause Full (Ergonomics) 5180M->5176M(5975M) 1665.088ms
[35.987s][info][gc,cpu         ] GC(265) User=12.72s Sys=0.02s Real=1.66s
[36.086s][info][gc,start       ] GC(266) Pause Young (Allocation Failure)
[36.391s][info][gc,heap        ] GC(266) PSYoungGen: 124472K(298496K)->86304K(280064K) Eden: 86016K(86016K)->0K(93696K) From: 38456K(212480K)->86304K(186368K)
[36.391s][info][gc,heap        ] GC(266) ParOldGen: 5261874K(5820416K)->5300714K(5820416K)
[36.391s][info][gc,metaspace   ] GC(266) Metaspace: 6297K(6464K)->6297K(6464K) NonClass: 5763K(5824K)->5763K(5824K) Class: 533K(640K)->533K(640K)
[36.391s][info][gc             ] GC(266) Pause Young (Allocation Failure) 5260M->5260M(5957M) 305.830ms
[36.392s][info][gc,cpu         ] GC(266) User=1.91s Sys=0.03s Real=0.31s
[36.500s][info][gc,start       ] GC(267) Pause Young (Allocation Failure)
[36.603s][info][gc,heap        ] GC(267) PSYoungGen: 180000K(280064K)->180192K(289792K) Eden: 93696K(93696K)->0K(93696K) From: 86304K(186368K)->180192K(196096K)
[36.603s][info][gc,heap        ] GC(267) ParOldGen: 5300714K(5820416K)->5300714K(5820416K)
[36.603s][info][gc,metaspace   ] GC(267) Metaspace: 6297K(6464K)->6297K(6464K) NonClass: 5763K(5824K)->5763K(5824K) Class: 533K(640K)->533K(640K)
[36.603s][info][gc             ] GC(267) Pause Young (Allocation Failure) 5352M->5352M(5967M) 103.287ms
[36.603s][info][gc,cpu         ] GC(267) User=0.62s Sys=0.00s Real=0.10s
[36.711s][info][gc,start       ] GC(268) Pause Young (Allocation Failure)
[36.868s][info][gc,heap        ] GC(268) PSYoungGen: 273888K(289792K)->216576K(268288K) Eden: 93696K(93696K)->0K(51712K) From: 180192K(196096K)->216576K(216576K)
[36.868s][info][gc,heap        ] GC(268) ParOldGen: 5300714K(5820416K)->5358458K(5820416K)
[36.868s][info][gc,metaspace   ] GC(268) Metaspace: 6297K(6464K)->6297K(6464K) NonClass: 5763K(5824K)->5763K(5824K) Class: 533K(640K)->533K(640K)
[36.868s][info][gc             ] GC(268) Pause Young (Allocation Failure) 5443M->5444M(5946M) 157.242ms
[36.868s][info][gc,cpu         ] GC(268) User=0.98s Sys=0.06s Real=0.16s
[36.921s][info][gc,start       ] GC(269) Pause Young (Allocation Failure)
[37.082s][info][gc,heap        ] GC(269) PSYoungGen: 268288K(268288K)->120864K(173056K) Eden: 51712K(51712K)->0K(51712K) From: 216576K(216576K)->120864K(121344K)
[37.082s][info][gc,heap        ] GC(269) ParOldGen: 5358458K(5820416K)->5507146K(5820416K)
[37.082s][info][gc,metaspace   ] GC(269) Metaspace: 6297K(6464K)->6297K(6464K) NonClass: 5763K(5824K)->5763K(5824K) Class: 533K(640K)->533K(640K)
[37.082s][info][gc             ] GC(269) Pause Young (Allocation Failure) 5494M->5496M(5853M) 160.306ms
[37.082s][info][gc,cpu         ] GC(269) User=1.03s Sys=0.06s Real=0.16s
[37.143s][info][gc,start       ] GC(270) Pause Young (Allocation Failure)
[37.242s][info][gc,heap        ] GC(270) PSYoungGen: 172576K(173056K)->103712K(291840K) Eden: 51712K(51712K)->0K(57856K) From: 120864K(121344K)->103712K(233984K)
[37.242s][info][gc,heap        ] GC(270) ParOldGen: 5507146K(5820416K)->5576626K(5820416K)
[37.242s][info][gc,metaspace   ] GC(270) Metaspace: 6297K(6464K)->6297K(6464K) NonClass: 5763K(5824K)->5763K(5824K) Class: 533K(640K)->533K(640K)
[37.242s][info][gc             ] GC(270) Pause Young (Allocation Failure) 5546M->5547M(5969M) 99.117ms
[37.242s][info][gc,cpu         ] GC(270) User=0.66s Sys=0.00s Real=0.10s
[37.315s][info][gc,start       ] GC(271) Pause Young (Allocation Failure)
[37.408s][info][gc,heap        ] GC(271) PSYoungGen: 161568K(291840K)->109824K(167936K) Eden: 57856K(57856K)->0K(57856K) From: 103712K(233984K)->109824K(110080K)
[37.408s][info][gc,heap        ] GC(271) ParOldGen: 5576626K(5820416K)->5628802K(5820416K)
[37.408s][info][gc,metaspace   ] GC(271) Metaspace: 6297K(6464K)->6297K(6464K) NonClass: 5763K(5824K)->5763K(5824K) Class: 533K(640K)->533K(640K)
[37.408s][info][gc             ] GC(271) Pause Young (Allocation Failure) 5603M->5604M(5848M) 92.877ms
[37.408s][info][gc,cpu         ] GC(271) User=0.59s Sys=0.03s Real=0.09s
[38.693s][info][gc,start       ] GC(272) Pause Young (Allocation Failure)
[38.925s][info][gc,heap        ] GC(272) PSYoungGen: 167680K(167936K)->116032K(275456K) Eden: 57856K(57856K)->0K(63488K) From: 109824K(110080K)->116032K(211968K)
[38.925s][info][gc,heap        ] GC(272) ParOldGen: 5890946K(6083072K)->5943122K(6083072K)
[38.925s][info][gc,metaspace   ] GC(272) Metaspace: 6297K(6464K)->6297K(6464K) NonClass: 5763K(5824K)->5763K(5824K) Class: 533K(640K)->533K(640K)
[38.925s][info][gc             ] GC(272) Pause Young (Allocation Failure) 5916M->5917M(6209M) 232.606ms
[38.925s][info][gc,cpu         ] GC(272) User=1.36s Sys=0.03s Real=0.23s
[38.996s][info][gc,start       ] GC(273) Pause Young (Allocation Failure)
[39.109s][info][gc,heap        ] GC(273) PSYoungGen: 179520K(275456K)->179616K(286720K) Eden: 63488K(63488K)->0K(63488K) From: 116032K(211968K)->179616K(223232K)
[39.109s][info][gc,heap        ] GC(273) ParOldGen: 5943122K(6083072K)->5943122K(6083072K)
[39.109s][info][gc,metaspace   ] GC(273) Metaspace: 6297K(6464K)->6297K(6464K) NonClass: 5763K(5824K)->5763K(5824K) Class: 533K(640K)->533K(640K)
[39.109s][info][gc             ] GC(273) Pause Young (Allocation Failure) 5979M->5979M(6220M) 113.058ms
[39.109s][info][gc,cpu         ] GC(273) User=0.39s Sys=0.00s Real=0.11s
[39.181s][info][gc,start       ] GC(274) Pause Young (Allocation Failure)
[39.320s][info][gc,heap        ] GC(274) PSYoungGen: 243104K(286720K)->185248K(293888K) Eden: 63488K(63488K)->0K(58880K) From: 179616K(223232K)->185248K(235008K)
[39.320s][info][gc,heap        ] GC(274) ParOldGen: 5943122K(6083072K)->6001506K(6083072K)
[39.320s][info][gc,metaspace   ] GC(274) Metaspace: 6297K(6464K)->6297K(6464K) NonClass: 5763K(5824K)->5763K(5824K) Class: 533K(640K)->533K(640K)
[39.320s][info][gc             ] GC(274) Pause Young (Allocation Failure) 6041M->6041M(6227M) 139.539ms
[39.320s][info][gc,cpu         ] GC(274) User=0.45s Sys=0.03s Real=0.14s
[39.320s][info][gc,start       ] GC(275) Pause Full (Ergonomics)
[39.320s][info][gc,phases,start] GC(275) Marking Phase
[40.659s][info][gc,phases      ] GC(275) Marking Phase 1338.256ms
[40.659s][info][gc,phases,start] GC(275) Summary Phase
[40.659s][info][gc,phases      ] GC(275) Summary Phase 0.111ms
[40.659s][info][gc,phases,start] GC(275) Adjust Roots
[40.659s][info][gc,phases      ] GC(275) Adjust Roots 0.209ms
[40.659s][info][gc,phases,start] GC(275) Compaction Phase
[41.620s][info][gc,phases      ] GC(275) Compaction Phase 960.874ms
[41.620s][info][gc,phases,start] GC(275) Post Compact
[41.630s][info][gc,phases      ] GC(275) Post Compact 10.088ms
[41.632s][info][gc,heap        ] GC(275) PSYoungGen: 185248K(293888K)->0K(305152K) Eden: 0K(58880K)->0K(58880K) From: 185248K(235008K)->0K(246272K)
[41.632s][info][gc,heap        ] GC(275) ParOldGen: 6001506K(6083072K)->6050638K(6650368K)
[41.632s][info][gc,metaspace   ] GC(275) Metaspace: 6297K(6464K)->6297K(6464K) NonClass: 5763K(5824K)->5763K(5824K) Class: 533K(640K)->533K(640K)
[41.632s][info][gc             ] GC(275) Pause Full (Ergonomics) 6041M->5908M(6792M) 2311.704ms
[41.632s][info][gc,cpu         ] GC(275) User=16.11s Sys=0.03s Real=2.31s
[41.692s][info][gc,start       ] GC(276) Pause Young (Allocation Failure)
[41.765s][info][gc,heap        ] GC(276) PSYoungGen: 58880K(305152K)->59104K(310784K) Eden: 58880K(58880K)->0K(64512K) From: 0K(246272K)->59104K(246272K)
[41.765s][info][gc,heap        ] GC(276) ParOldGen: 6050638K(6650368K)->6050638K(6650368K)
[41.765s][info][gc,metaspace   ] GC(276) Metaspace: 6297K(6464K)->6297K(6464K) NonClass: 5763K(5824K)->5763K(5824K) Class: 533K(640K)->533K(640K)
[41.765s][info][gc             ] GC(276) Pause Young (Allocation Failure) 5966M->5966M(6798M) 73.174ms
[41.765s][info][gc,cpu         ] GC(276) User=0.22s Sys=0.00s Real=0.07s
[41.827s][info][gc,start       ] GC(277) Pause Young (Allocation Failure)
[41.929s][info][gc,heap        ] GC(277) PSYoungGen: 123616K(310784K)->123744K(188416K) Eden: 64512K(64512K)->0K(64512K) From: 59104K(246272K)->123744K(123904K)
[41.929s][info][gc,heap        ] GC(277) ParOldGen: 6050638K(6650368K)->6050638K(6650368K)
[41.929s][info][gc,metaspace   ] GC(277) Metaspace: 6297K(6464K)->6297K(6464K) NonClass: 5763K(5824K)->5763K(5824K) Class: 533K(640K)->533K(640K)
[41.929s][info][gc             ] GC(277) Pause Young (Allocation Failure) 6029M->6029M(6678M) 102.320ms
[41.929s][info][gc,cpu         ] GC(277) User=0.23s Sys=0.00s Real=0.10s
[42.001s][info][gc,start       ] GC(278) Pause Young (Allocation Failure)
[42.118s][info][gc,heap        ] GC(278) PSYoungGen: 188256K(188416K)->188352K(293888K) Eden: 64512K(64512K)->0K(58880K) From: 123744K(123904K)->188352K(235008K)
[42.118s][info][gc,heap        ] GC(278) ParOldGen: 6050638K(6650368K)->6050638K(6650368K)
[42.118s][info][gc,metaspace   ] GC(278) Metaspace: 6297K(6464K)->6297K(6464K) NonClass: 5763K(5824K)->5763K(5824K) Class: 533K(640K)->533K(640K)
[42.118s][info][gc             ] GC(278) Pause Young (Allocation Failure) 6092M->6092M(6781M) 117.076ms
[42.118s][info][gc,cpu         ] GC(278) User=0.33s Sys=0.02s Real=0.12s
[42.180s][info][gc,start       ] GC(279) Pause Young (Allocation Failure)
[42.311s][info][gc,heap        ] GC(279) PSYoungGen: 247232K(293888K)->247296K(306176K) Eden: 58880K(58880K)->0K(58880K) From: 188352K(235008K)->247296K(247296K)
[42.311s][info][gc,heap        ] GC(279) ParOldGen: 6050638K(6650368K)->6050646K(6650368K)
[42.311s][info][gc,metaspace   ] GC(279) Metaspace: 6297K(6464K)->6297K(6464K) NonClass: 5763K(5824K)->5763K(5824K) Class: 533K(640K)->533K(640K)
[42.311s][info][gc             ] GC(279) Pause Young (Allocation Failure) 6150M->6150M(6793M) 130.784ms
[42.311s][info][gc,cpu         ] GC(279) User=0.50s Sys=0.00s Real=0.13s
[42.371s][info][gc,start       ] GC(280) Pause Young (Allocation Failure)
[42.517s][info][gc,heap        ] GC(280) PSYoungGen: 306176K(306176K)->182624K(343552K) Eden: 58880K(58880K)->0K(64512K) From: 247296K(247296K)->182624K(279040K)
[42.517s][info][gc,heap        ] GC(280) ParOldGen: 6050646K(6650368K)->6175110K(6650368K)
[42.517s][info][gc,metaspace   ] GC(280) Metaspace: 6297K(6464K)->6297K(6464K) NonClass: 5763K(5824K)->5763K(5824K) Class: 533K(640K)->533K(640K)
[42.517s][info][gc             ] GC(280) Pause Young (Allocation Failure) 6207M->6208M(6830M) 145.686ms
[42.517s][info][gc,cpu         ] GC(280) User=0.83s Sys=0.06s Real=0.15s
[42.582s][info][gc,start       ] GC(281) Pause Young (Allocation Failure)
[42.720s][info][gc,heap        ] GC(281) PSYoungGen: 247136K(343552K)->123744K(188416K) Eden: 64512K(64512K)->0K(64512K) From: 182624K(279040K)->123744K(123904K)
[42.720s][info][gc,heap        ] GC(281) ParOldGen: 6175110K(6650368K)->6299590K(6650368K)
[42.720s][info][gc,metaspace   ] GC(281) Metaspace: 6297K(6464K)->6297K(6464K) NonClass: 5763K(5824K)->5763K(5824K) Class: 533K(640K)->533K(640K)
[42.720s][info][gc             ] GC(281) Pause Young (Allocation Failure) 6271M->6272M(6678M) 137.397ms
[42.720s][info][gc,cpu         ] GC(281) User=0.64s Sys=0.06s Real=0.14s
[42.791s][info][gc,start       ] GC(282) Pause Young (Allocation Failure)
[42.909s][info][gc,heap        ] GC(282) PSYoungGen: 188256K(188416K)->64736K(343040K) Eden: 64512K(64512K)->0K(72192K) From: 123744K(123904K)->64736K(270848K)
[42.909s][info][gc,heap        ] GC(282) ParOldGen: 6299590K(6650368K)->6424062K(6650368K)
[42.909s][info][gc,metaspace   ] GC(282) Metaspace: 6297K(6464K)->6297K(6464K) NonClass: 5763K(5824K)->5763K(5824K) Class: 533K(640K)->533K(640K)
[42.909s][info][gc             ] GC(282) Pause Young (Allocation Failure) 6335M->6336M(6829M) 117.951ms
[42.909s][info][gc,cpu         ] GC(282) User=0.33s Sys=0.06s Real=0.12s
[42.990s][info][gc,start       ] GC(283) Pause Young (Allocation Failure)
[43.093s][info][gc,heap        ] GC(283) PSYoungGen: 136928K(343040K)->72512K(343552K) Eden: 72192K(72192K)->0K(72192K) From: 64736K(270848K)->72512K(271360K)
[43.093s][info][gc,heap        ] GC(283) ParOldGen: 6424062K(6650368K)->6489150K(6650368K)
[43.093s][info][gc,metaspace   ] GC(283) Metaspace: 6297K(6464K)->6297K(6464K) NonClass: 5763K(5824K)->5763K(5824K) Class: 533K(640K)->533K(640K)
[43.093s][info][gc             ] GC(283) Pause Young (Allocation Failure) 6407M->6407M(6830M) 103.319ms
[43.093s][info][gc,cpu         ] GC(283) User=0.31s Sys=0.02s Real=0.10s
[43.168s][info][gc,start       ] GC(284) Pause Young (Allocation Failure)
[43.273s][info][gc,heap        ] GC(284) PSYoungGen: 144704K(343552K)->72448K(342016K) Eden: 72192K(72192K)->0K(81408K) From: 72512K(271360K)->72448K(260608K)
[43.273s][info][gc,heap        ] GC(284) ParOldGen: 6489150K(6650368K)->6561998K(6650368K)
[43.273s][info][gc,metaspace   ] GC(284) Metaspace: 6297K(6464K)->6297K(6464K) NonClass: 5763K(5824K)->5763K(5824K) Class: 533K(640K)->533K(640K)
[43.273s][info][gc             ] GC(284) Pause Young (Allocation Failure) 6478M->6478M(6828M) 105.176ms
[43.273s][info][gc,cpu         ] GC(284) User=0.39s Sys=0.00s Real=0.11s
[43.273s][info][gc,start       ] GC(285) Pause Full (Ergonomics)
[43.273s][info][gc,phases,start] GC(285) Marking Phase
[44.775s][info][gc,phases      ] GC(285) Marking Phase 1502.146ms
[44.775s][info][gc,phases,start] GC(285) Summary Phase
[44.776s][info][gc,phases      ] GC(285) Summary Phase 0.108ms
[44.776s][info][gc,phases,start] GC(285) Adjust Roots
[44.776s][info][gc,phases      ] GC(285) Adjust Roots 0.260ms
[44.776s][info][gc,phases,start] GC(285) Compaction Phase
[45.410s][info][gc,phases      ] GC(285) Compaction Phase 634.258ms
[45.410s][info][gc,phases,start] GC(285) Post Compact
[45.420s][info][gc,phases      ] GC(285) Post Compact 9.570ms
[45.422s][info][gc,heap        ] GC(285) PSYoungGen: 72448K(342016K)->0K(346112K) Eden: 0K(81408K)->0K(81408K) From: 72448K(260608K)->0K(264704K)
[45.422s][info][gc,heap        ] GC(285) ParOldGen: 6561998K(6650368K)->6629425K(7320064K)
[45.422s][info][gc,metaspace   ] GC(285) Metaspace: 6297K(6464K)->6297K(6464K) NonClass: 5763K(5824K)->5763K(5824K) Class: 533K(640K)->533K(640K)
[45.422s][info][gc             ] GC(285) Pause Full (Ergonomics) 6478M->6474M(7486M) 2148.755ms
[45.422s][info][gc,cpu         ] GC(285) User=15.73s Sys=0.02s Real=2.15s
[45.516s][info][gc,start       ] GC(286) Pause Young (Allocation Failure)
[45.601s][info][gc,heap        ] GC(286) PSYoungGen: 81408K(346112K)->81632K(337920K) Eden: 81408K(81408K)->0K(89088K) From: 0K(264704K)->81632K(248832K)
[45.601s][info][gc,heap        ] GC(286) ParOldGen: 6629425K(7320064K)->6629425K(7320064K)
[45.601s][info][gc,metaspace   ] GC(286) Metaspace: 6297K(6464K)->6297K(6464K) NonClass: 5763K(5824K)->5763K(5824K) Class: 533K(640K)->533K(640K)
[45.601s][info][gc             ] GC(286) Pause Young (Allocation Failure) 6553M->6553M(7478M) 84.964ms
[45.601s][info][gc,cpu         ] GC(286) User=0.20s Sys=0.00s Real=0.09s
[45.695s][info][gc,start       ] GC(287) Pause Young (Allocation Failure)
[45.807s][info][gc,heap        ] GC(287) PSYoungGen: 170720K(337920K)->170880K(347136K) Eden: 89088K(89088K)->0K(89088K) From: 81632K(248832K)->170880K(258048K)
[45.807s][info][gc,heap        ] GC(287) ParOldGen: 6629425K(7320064K)->6629425K(7320064K)
[45.807s][info][gc,metaspace   ] GC(287) Metaspace: 6297K(6464K)->6297K(6464K) NonClass: 5763K(5824K)->5763K(5824K) Class: 533K(640K)->533K(640K)
[45.807s][info][gc             ] GC(287) Pause Young (Allocation Failure) 6640M->6640M(7487M) 111.361ms
[45.807s][info][gc,cpu         ] GC(287) User=0.47s Sys=0.00s Real=0.11s
[45.900s][info][gc,start       ] GC(288) Pause Young (Allocation Failure)
[46.044s][info][gc,heap        ] GC(288) PSYoungGen: 259968K(347136K)->178688K(354816K) Eden: 89088K(89088K)->0K(91648K) From: 170880K(258048K)->178688K(263168K)
[46.044s][info][gc,heap        ] GC(288) ParOldGen: 6629425K(7320064K)->6711561K(7320064K)
[46.044s][info][gc,metaspace   ] GC(288) Metaspace: 6297K(6464K)->6297K(6464K) NonClass: 5763K(5824K)->5763K(5824K) Class: 533K(640K)->533K(640K)
[46.044s][info][gc             ] GC(288) Pause Young (Allocation Failure) 6727M->6728M(7495M) 143.693ms
[46.044s][info][gc,cpu         ] GC(288) User=0.56s Sys=0.02s Real=0.14s
[46.154s][info][gc,start       ] GC(289) Pause Young (Allocation Failure)
[46.300s][info][gc,heap        ] GC(289) PSYoungGen: 270336K(354816K)->181216K(360960K) Eden: 91648K(91648K)->0K(91648K) From: 178688K(263168K)->181216K(269312K)
[46.300s][info][gc,heap        ] GC(289) ParOldGen: 6711561K(7320064K)->6801457K(7320064K)
[46.300s][info][gc,metaspace   ] GC(289) Metaspace: 6297K(6464K)->6297K(6464K) NonClass: 5763K(5824K)->5763K(5824K) Class: 533K(640K)->533K(640K)
[46.300s][info][gc             ] GC(289) Pause Young (Allocation Failure) 6818M->6819M(7501M) 145.927ms
[46.300s][info][gc,cpu         ] GC(289) User=0.59s Sys=0.06s Real=0.15s
[46.387s][info][gc,start       ] GC(290) Pause Young (Allocation Failure)
[46.536s][info][gc,heap        ] GC(290) PSYoungGen: 272864K(360960K)->183744K(371200K) Eden: 91648K(91648K)->0K(97280K) From: 181216K(269312K)->183744K(273920K)
[46.536s][info][gc,heap        ] GC(290) ParOldGen: 6801457K(7320064K)->6891361K(7320064K)
[46.536s][info][gc,metaspace   ] GC(290) Metaspace: 6297K(6464K)->6297K(6464K) NonClass: 5763K(5824K)->5763K(5824K) Class: 533K(640K)->533K(640K)
[46.536s][info][gc             ] GC(290) Pause Young (Allocation Failure) 6908M->6909M(7511M) 148.947ms
[46.536s][info][gc,cpu         ] GC(290) User=0.84s Sys=0.05s Real=0.15s
[46.635s][info][gc,start       ] GC(291) Pause Young (Allocation Failure)
[46.780s][info][gc,heap        ] GC(291) PSYoungGen: 281024K(371200K)->189408K(375296K) Eden: 97280K(97280K)->0K(97280K) From: 183744K(273920K)->189408K(278016K)
[46.780s][info][gc,heap        ] GC(291) ParOldGen: 6891361K(7320064K)->6983833K(7320064K)
[46.780s][info][gc,metaspace   ] GC(291) Metaspace: 6297K(6464K)->6297K(6464K) NonClass: 5763K(5824K)->5763K(5824K) Class: 533K(640K)->533K(640K)
[46.780s][info][gc             ] GC(291) Pause Young (Allocation Failure) 7004M->7005M(7515M) 144.634ms
[46.780s][info][gc,cpu         ] GC(291) User=0.77s Sys=0.03s Real=0.14s
[46.879s][info][gc,start       ] GC(292) Pause Young (Allocation Failure)
[47.025s][info][gc,heap        ] GC(292) PSYoungGen: 286688K(375296K)->195040K(386560K) Eden: 97280K(97280K)->0K(103936K) From: 189408K(278016K)->195040K(282624K)
[47.025s][info][gc,heap        ] GC(292) ParOldGen: 6983833K(7320064K)->7076281K(7320064K)
[47.025s][info][gc,metaspace   ] GC(292) Metaspace: 6297K(6464K)->6297K(6464K) NonClass: 5763K(5824K)->5763K(5824K) Class: 533K(640K)->533K(640K)
[47.025s][info][gc             ] GC(292) Pause Young (Allocation Failure) 7100M->7100M(7526M) 145.687ms
[47.025s][info][gc,cpu         ] GC(292) User=0.92s Sys=0.05s Real=0.15s
[47.134s][info][gc,start       ] GC(293) Pause Young (Allocation Failure)
[47.284s][info][gc,heap        ] GC(293) PSYoungGen: 298976K(386560K)->201728K(391168K) Eden: 103936K(103936K)->0K(103936K) From: 195040K(282624K)->201728K(287232K)
[47.284s][info][gc,heap        ] GC(293) ParOldGen: 7076281K(7320064K)->7174449K(7320064K)
[47.284s][info][gc,metaspace   ] GC(293) Metaspace: 6297K(6464K)->6297K(6464K) NonClass: 5763K(5824K)->5763K(5824K) Class: 533K(640K)->533K(640K)
[47.284s][info][gc             ] GC(293) Pause Young (Allocation Failure) 7202M->7203M(7530M) 149.913ms
[47.284s][info][gc,cpu         ] GC(293) User=0.89s Sys=0.02s Real=0.15s
[47.284s][info][gc,start       ] GC(294) Pause Full (Ergonomics)
[47.284s][info][gc,phases,start] GC(294) Marking Phase
[48.925s][info][gc,phases      ] GC(294) Marking Phase 1640.920ms
[48.925s][info][gc,phases,start] GC(294) Summary Phase
[48.925s][info][gc,phases      ] GC(294) Summary Phase 0.083ms
[48.925s][info][gc,phases,start] GC(294) Adjust Roots
[48.925s][info][gc,phases      ] GC(294) Adjust Roots 0.156ms
[48.925s][info][gc,phases,start] GC(294) Compaction Phase
[49.673s][info][gc,phases      ] GC(294) Compaction Phase 747.945ms
[49.673s][info][gc,phases,start] GC(294) Post Compact
[49.684s][info][gc,phases      ] GC(294) Post Compact 11.006ms
[49.686s][info][gc,heap        ] GC(294) PSYoungGen: 201728K(391168K)->50942K(391168K) Eden: 0K(103936K)->0K(103936K) From: 201728K(287232K)->50942K(287232K)
[49.686s][info][gc,heap        ] GC(294) ParOldGen: 7174449K(7320064K)->7319594K(8077312K)
[49.686s][info][gc,metaspace   ] GC(294) Metaspace: 6297K(6464K)->6297K(6464K) NonClass: 5763K(5824K)->5763K(5824K) Class: 533K(640K)->533K(640K)
[49.686s][info][gc             ] GC(294) Pause Full (Ergonomics) 7203M->7197M(8270M) 2402.736ms
[49.686s][info][gc,cpu         ] GC(294) User=17.42s Sys=0.11s Real=2.40s
[49.803s][info][gc,start       ] GC(295) Pause Young (Allocation Failure)
[50.188s][info][gc,heap        ] GC(295) PSYoungGen: 154878K(391168K)->129856K(385536K) Eden: 103936K(103936K)->0K(114176K) From: 50942K(287232K)->129856K(271360K)
[50.188s][info][gc,heap        ] GC(295) ParOldGen: 7319594K(8077312K)->7345242K(8077312K)
[50.188s][info][gc,metaspace   ] GC(295) Metaspace: 6297K(6464K)->6297K(6464K) NonClass: 5763K(5824K)->5763K(5824K) Class: 533K(640K)->533K(640K)
[50.188s][info][gc             ] GC(295) Pause Young (Allocation Failure) 7299M->7299M(8264M) 385.452ms
[50.188s][info][gc,cpu         ] GC(295) User=2.58s Sys=0.00s Real=0.39s
[50.304s][info][gc,start       ] GC(296) Pause Young (Allocation Failure)
[50.443s][info][gc,heap        ] GC(296) PSYoungGen: 244032K(385536K)->244288K(397312K) Eden: 114176K(114176K)->0K(114176K) From: 129856K(271360K)->244288K(283136K)
[50.444s][info][gc,heap        ] GC(296) ParOldGen: 7345242K(8077312K)->7345242K(8077312K)
[50.444s][info][gc,metaspace   ] GC(296) Metaspace: 6297K(6464K)->6297K(6464K) NonClass: 5763K(5824K)->5763K(5824K) Class: 533K(640K)->533K(640K)
[50.444s][info][gc             ] GC(296) Pause Young (Allocation Failure) 7411M->7411M(8276M) 139.122ms
[50.444s][info][gc,cpu         ] GC(296) User=0.56s Sys=0.00s Real=0.14s
[50.562s][info][gc,start       ] GC(297) Pause Young (Allocation Failure)
[50.743s][info][gc,heap        ] GC(297) PSYoungGen: 358464K(397312K)->304128K(370688K) Eden: 114176K(114176K)->0K(66560K) From: 244288K(283136K)->304128K(304128K)
[50.743s][info][gc,heap        ] GC(297) ParOldGen: 7345242K(8077312K)->7400050K(8077312K)
[50.743s][info][gc,metaspace   ] GC(297) Metaspace: 6297K(6464K)->6297K(6464K) NonClass: 5763K(5824K)->5763K(5824K) Class: 533K(640K)->533K(640K)
[50.743s][info][gc             ] GC(297) Pause Young (Allocation Failure) 7523M->7523M(8250M) 181.352ms
[50.743s][info][gc,cpu         ] GC(297) User=1.14s Sys=0.12s Real=0.18s
[50.813s][info][gc,start       ] GC(298) Pause Young (Allocation Failure)
[51.008s][info][gc,heap        ] GC(298) PSYoungGen: 370688K(370688K)->265504K(429568K) Eden: 66560K(66560K)->0K(66560K) From: 304128K(304128K)->265504K(363008K)
[51.008s][info][gc,heap        ] GC(298) ParOldGen: 7400050K(8077312K)->7506234K(8077312K)
[51.008s][info][gc,metaspace   ] GC(298) Metaspace: 6297K(6464K)->6297K(6464K) NonClass: 5763K(5824K)->5763K(5824K) Class: 533K(640K)->533K(640K)
[51.008s][info][gc             ] GC(298) Pause Young (Allocation Failure) 7588M->7589M(8307M) 194.760ms
[51.008s][info][gc,cpu         ] GC(298) User=1.12s Sys=0.08s Real=0.19s
[51.084s][info][gc,start       ] GC(299) Pause Young (Allocation Failure)
[51.252s][info][gc,heap        ] GC(299) PSYoungGen: 332064K(429568K)->232768K(445952K) Eden: 66560K(66560K)->0K(74752K) From: 265504K(363008K)->232768K(371200K)
[51.252s][info][gc,heap        ] GC(299) ParOldGen: 7506234K(8077312K)->7606362K(8077312K)
[51.252s][info][gc,metaspace   ] GC(299) Metaspace: 6297K(6464K)->6297K(6464K) NonClass: 5763K(5824K)->5763K(5824K) Class: 533K(640K)->533K(640K)
[51.252s][info][gc             ] GC(299) Pause Young (Allocation Failure) 7654M->7655M(8323M) 167.834ms
[51.252s][info][gc,cpu         ] GC(299) User=1.16s Sys=0.12s Real=0.17s
[51.337s][info][gc,start       ] GC(300) Pause Young (Allocation Failure)
[51.500s][info][gc,heap        ] GC(300) PSYoungGen: 307520K(445952K)->141728K(448000K) Eden: 74752K(74752K)->0K(74752K) From: 232768K(371200K)->141728K(373248K)
[51.500s][info][gc,heap        ] GC(300) ParOldGen: 7606362K(8077312K)->7773498K(8077312K)
[51.500s][info][gc,metaspace   ] GC(300) Metaspace: 6297K(6464K)->6297K(6464K) NonClass: 5763K(5824K)->5763K(5824K) Class: 533K(640K)->533K(640K)
[51.500s][info][gc             ] GC(300) Pause Young (Allocation Failure) 7728M->7729M(8325M) 162.740ms
[51.500s][info][gc,cpu         ] GC(300) User=1.05s Sys=0.08s Real=0.16s
[51.577s][info][gc,start       ] GC(301) Pause Young (Allocation Failure)
[51.710s][info][gc,heap        ] GC(301) PSYoungGen: 216480K(448000K)->75008K(446464K) Eden: 74752K(74752K)->0K(82432K) From: 141728K(373248K)->75008K(364032K)
[51.710s][info][gc,heap        ] GC(301) ParOldGen: 7773498K(8077312K)->7916050K(8077312K)
[51.710s][info][gc,metaspace   ] GC(301) Metaspace: 6297K(6464K)->6297K(6464K) NonClass: 5763K(5824K)->5763K(5824K) Class: 533K(640K)->533K(640K)
[51.710s][info][gc             ] GC(301) Pause Young (Allocation Failure) 7802M->7803M(8324M) 132.846ms
[51.710s][info][gc,cpu         ] GC(301) User=0.64s Sys=0.12s Real=0.13s
[51.710s][info][gc,start       ] GC(302) Pause Full (Ergonomics)
[51.710s][info][gc,phases,start] GC(302) Marking Phase
[53.564s][info][gc,phases      ] GC(302) Marking Phase 1854.070ms
[53.564s][info][gc,phases,start] GC(302) Summary Phase
[53.565s][info][gc,phases      ] GC(302) Summary Phase 0.125ms
[53.565s][info][gc,phases,start] GC(302) Adjust Roots
[53.565s][info][gc,phases      ] GC(302) Adjust Roots 0.186ms
[53.565s][info][gc,phases,start] GC(302) Compaction Phase
[54.312s][info][gc,phases      ] GC(302) Compaction Phase 747.670ms
[54.313s][info][gc,phases,start] GC(302) Post Compact
[54.325s][info][gc,phases      ] GC(302) Post Compact 12.182ms
[54.327s][info][gc,heap        ] GC(302) PSYoungGen: 75008K(446464K)->0K(448512K) Eden: 0K(82432K)->0K(82432K) From: 75008K(364032K)->0K(366080K)
[54.327s][info][gc,heap        ] GC(302) ParOldGen: 7916050K(8077312K)->7985229K(8849408K)
[54.327s][info][gc,metaspace   ] GC(302) Metaspace: 6297K(6464K)->6297K(6464K) NonClass: 5763K(5824K)->5763K(5824K) Class: 533K(640K)->533K(640K)
[54.327s][info][gc             ] GC(302) Pause Full (Ergonomics) 7803M->7798M(9080M) 2617.082ms
[54.327s][info][gc,cpu         ] GC(302) User=19.16s Sys=0.02s Real=2.62s
[54.415s][info][gc,start       ] GC(303) Pause Young (Allocation Failure)
[54.499s][info][gc,heap        ] GC(303) PSYoungGen: 82432K(448512K)->82752K(449024K) Eden: 82432K(82432K)->0K(90624K) From: 0K(366080K)->82752K(358400K)
[54.499s][info][gc,heap        ] GC(303) ParOldGen: 7985229K(8849408K)->7985229K(8849408K)
[54.499s][info][gc,metaspace   ] GC(303) Metaspace: 6297K(6464K)->6297K(6464K) NonClass: 5763K(5824K)->5763K(5824K) Class: 533K(640K)->533K(640K)
[54.499s][info][gc             ] GC(303) Pause Young (Allocation Failure) 7878M->7878M(9080M) 83.892ms
[54.499s][info][gc,cpu         ] GC(303) User=0.19s Sys=0.00s Real=0.08s
[54.598s][info][gc,start       ] GC(304) Pause Young (Allocation Failure)
[54.713s][info][gc,heap        ] GC(304) PSYoungGen: 173376K(449024K)->173504K(264192K) Eden: 90624K(90624K)->0K(90624K) From: 82752K(358400K)->173504K(173568K)
[54.713s][info][gc,heap        ] GC(304) ParOldGen: 7985229K(8849408K)->7985229K(8849408K)
[54.713s][info][gc,metaspace   ] GC(304) Metaspace: 6297K(6464K)->6297K(6464K) NonClass: 5763K(5824K)->5763K(5824K) Class: 533K(640K)->533K(640K)
[54.714s][info][gc             ] GC(304) Pause Young (Allocation Failure) 7967M->7967M(8900M) 115.899ms
[54.714s][info][gc,cpu         ] GC(304) User=0.48s Sys=0.00s Real=0.12s
[54.807s][info][gc,start       ] GC(305) Pause Young (Allocation Failure)
[54.946s][info][gc,heap        ] GC(305) PSYoungGen: 264128K(264192K)->264288K(427520K) Eden: 90624K(90624K)->0K(81920K) From: 173504K(173568K)->264288K(345600K)
[54.946s][info][gc,heap        ] GC(305) ParOldGen: 7985229K(8849408K)->7985229K(8849408K)
[54.946s][info][gc,metaspace   ] GC(305) Metaspace: 6297K(6464K)->6297K(6464K) NonClass: 5763K(5824K)->5763K(5824K) Class: 533K(640K)->533K(640K)
[54.946s][info][gc             ] GC(305) Pause Young (Allocation Failure) 8056M->8056M(9059M) 139.625ms
[54.946s][info][gc,cpu         ] GC(305) User=0.69s Sys=0.00s Real=0.14s
[55.037s][info][gc,start       ] GC(306) Pause Young (Allocation Failure)
[55.205s][info][gc,heap        ] GC(306) PSYoungGen: 346208K(427520K)->263808K(445440K) Eden: 81920K(81920K)->0K(81920K) From: 264288K(345600K)->263808K(363520K)
[55.205s][info][gc,heap        ] GC(306) ParOldGen: 7985229K(8849408K)->8068389K(8849408K)
[55.205s][info][gc,metaspace   ] GC(306) Metaspace: 6297K(6464K)->6297K(6464K) NonClass: 5763K(5824K)->5763K(5824K) Class: 533K(640K)->533K(640K)
[55.205s][info][gc             ] GC(306) Pause Young (Allocation Failure) 8136M->8136M(9077M) 168.511ms
[55.205s][info][gc,cpu         ] GC(306) User=1.20s Sys=0.08s Real=0.17s
[55.285s][info][gc,start       ] GC(307) Pause Young (Allocation Failure)
[55.460s][info][gc,heap        ] GC(307) PSYoungGen: 345728K(445440K)->255104K(461824K) Eden: 81920K(81920K)->0K(84992K) From: 263808K(363520K)->255104K(376832K)
[55.460s][info][gc,heap        ] GC(307) ParOldGen: 8068389K(8849408K)->8159821K(8849408K)
[55.460s][info][gc,metaspace   ] GC(307) Metaspace: 6297K(6464K)->6297K(6464K) NonClass: 5763K(5824K)->5763K(5824K) Class: 533K(640K)->533K(640K)
[55.460s][info][gc             ] GC(307) Pause Young (Allocation Failure) 8216M->8217M(9093M) 174.476ms
[55.460s][info][gc,cpu         ] GC(307) User=1.20s Sys=0.08s Real=0.18s
[55.548s][info][gc,start       ] GC(308) Pause Young (Allocation Failure)
[55.711s][info][gc,heap        ] GC(308) PSYoungGen: 340096K(461824K)->249376K(467968K) Eden: 84992K(84992K)->0K(84992K) From: 255104K(376832K)->249376K(382976K)
[55.711s][info][gc,heap        ] GC(308) ParOldGen: 8159821K(8849408K)->8251261K(8849408K)
[55.711s][info][gc,metaspace   ] GC(308) Metaspace: 6297K(6464K)->6297K(6464K) NonClass: 5763K(5824K)->5763K(5824K) Class: 533K(640K)->533K(640K)
[55.711s][info][gc             ] GC(308) Pause Young (Allocation Failure) 8300M->8301M(9099M) 163.744ms
[55.711s][info][gc,cpu         ] GC(308) User=1.11s Sys=0.05s Real=0.16s
[55.803s][info][gc,start       ] GC(309) Pause Young (Allocation Failure)
[55.974s][info][gc,heap        ] GC(309) PSYoungGen: 334368K(467968K)->170432K(453632K) Eden: 84992K(84992K)->0K(95744K) From: 249376K(382976K)->170432K(357888K)
[55.974s][info][gc,heap        ] GC(309) ParOldGen: 8251261K(8849408K)->8416501K(8849408K)
[55.974s][info][gc,metaspace   ] GC(309) Metaspace: 6297K(6464K)->6297K(6464K) NonClass: 5763K(5824K)->5763K(5824K) Class: 533K(640K)->533K(640K)
[55.974s][info][gc             ] GC(309) Pause Young (Allocation Failure) 8384M->8385M(9085M) 170.485ms
[55.974s][info][gc,cpu         ] GC(309) User=1.19s Sys=0.12s Real=0.17s
[56.077s][info][gc,start       ] GC(310) Pause Young (Allocation Failure)
[56.235s][info][gc,heap        ] GC(310) PSYoungGen: 266176K(453632K)->96064K(466944K) Eden: 95744K(95744K)->0K(95744K) From: 170432K(357888K)->96064K(371200K)
[56.235s][info][gc,heap        ] GC(310) ParOldGen: 8416501K(8849408K)->8587957K(8849408K)
[56.235s][info][gc,metaspace   ] GC(310) Metaspace: 6297K(6464K)->6297K(6464K) NonClass: 5763K(5824K)->5763K(5824K) Class: 533K(640K)->533K(640K)
[56.235s][info][gc             ] GC(310) Pause Young (Allocation Failure) 8479M->8480M(9098M) 158.162ms
[56.235s][info][gc,cpu         ] GC(310) User=0.73s Sys=0.09s Real=0.16s
[56.342s][info][gc,start       ] GC(311) Pause Young (Allocation Failure)
[56.459s][info][gc,heap        ] GC(311) PSYoungGen: 191808K(466944K)->96000K(471552K) Eden: 95744K(95744K)->0K(107520K) From: 96064K(371200K)->96000K(364032K)
[56.459s][info][gc,heap        ] GC(311) ParOldGen: 8587957K(8849408K)->8684549K(8849408K)
[56.459s][info][gc,metaspace   ] GC(311) Metaspace: 6297K(6464K)->6297K(6464K) NonClass: 5763K(5824K)->5763K(5824K) Class: 533K(640K)->533K(640K)
[56.459s][info][gc             ] GC(311) Pause Young (Allocation Failure) 8573M->8574M(9102M) 117.656ms
[56.459s][info][gc,cpu         ] GC(311) User=0.55s Sys=0.11s Real=0.12s
[56.460s][info][gc,start       ] GC(312) Pause Full (Ergonomics)
[56.460s][info][gc,phases,start] GC(312) Marking Phase
[58.514s][info][gc,phases      ] GC(312) Marking Phase 2054.701ms
[58.514s][info][gc,phases,start] GC(312) Summary Phase
[58.514s][info][gc,phases      ] GC(312) Summary Phase 0.135ms
[58.514s][info][gc,phases,start] GC(312) Adjust Roots
[58.515s][info][gc,phases      ] GC(312) Adjust Roots 0.172ms
[58.515s][info][gc,phases,start] GC(312) Compaction Phase
[59.341s][info][gc,phases      ] GC(312) Compaction Phase 826.049ms
[59.341s][info][gc,phases,start] GC(312) Post Compact
[59.358s][info][gc,phases      ] GC(312) Post Compact 17.086ms
[59.361s][info][gc,heap        ] GC(312) PSYoungGen: 96000K(471552K)->0K(475136K) Eden: 0K(107520K)->0K(107520K) From: 96000K(364032K)->0K(367616K)
[59.361s][info][gc,heap        ] GC(312) ParOldGen: 8684549K(8849408K)->8773946K(9723904K)
[59.361s][info][gc,metaspace   ] GC(312) Metaspace: 6297K(6464K)->6297K(6464K) NonClass: 5763K(5824K)->5763K(5824K) Class: 533K(640K)->533K(640K)
[59.361s][info][gc             ] GC(312) Pause Full (Ergonomics) 8574M->8568M(9960M) 2901.188ms
[59.361s][info][gc,cpu         ] GC(312) User=21.45s Sys=0.09s Real=2.90s
[59.478s][info][gc,start       ] GC(313) Pause Young (Allocation Failure)
[59.574s][info][gc,heap        ] GC(313) PSYoungGen: 107520K(475136K)->107808K(467456K) Eden: 107520K(107520K)->0K(117248K) From: 0K(367616K)->107808K(350208K)
[59.574s][info][gc,heap        ] GC(313) ParOldGen: 8773946K(9723904K)->8773946K(9723904K)
[59.574s][info][gc,metaspace   ] GC(313) Metaspace: 6297K(6464K)->6297K(6464K) NonClass: 5763K(5824K)->5763K(5824K) Class: 533K(640K)->533K(640K)
[59.574s][info][gc             ] GC(313) Pause Young (Allocation Failure) 8673M->8673M(9952M) 96.559ms
[59.574s][info][gc,cpu         ] GC(313) User=0.36s Sys=0.00s Real=0.10s
[59.709s][info][gc,start       ] GC(314) Pause Young (Allocation Failure)
[59.847s][info][gc,heap        ] GC(314) PSYoungGen: 225056K(467456K)->225344K(477696K) Eden: 117248K(117248K)->0K(117248K) From: 107808K(350208K)->225344K(360448K)
[59.847s][info][gc,heap        ] GC(314) ParOldGen: 8773946K(9723904K)->8773946K(9723904K)
[59.847s][info][gc,metaspace   ] GC(314) Metaspace: 6297K(6464K)->6297K(6464K) NonClass: 5763K(5824K)->5763K(5824K) Class: 533K(640K)->533K(640K)
[59.847s][info][gc             ] GC(314) Pause Young (Allocation Failure) 8788M->8788M(9962M) 137.721ms
[59.847s][info][gc,cpu         ] GC(314) User=0.81s Sys=0.00s Real=0.14s
[59.973s][info][gc,start       ] GC(315) Pause Young (Allocation Failure)
[60.157s][info][gc,heap        ] GC(315) PSYoungGen: 342592K(477696K)->342816K(447488K) Eden: 117248K(117248K)->0K(85504K) From: 225344K(360448K)->342816K(361984K)
[60.157s][info][gc,heap        ] GC(315) ParOldGen: 8773946K(9723904K)->8773946K(9723904K)
[60.157s][info][gc,metaspace   ] GC(315) Metaspace: 6297K(6464K)->6297K(6464K) NonClass: 5763K(5824K)->5763K(5824K) Class: 533K(640K)->533K(640K)
[60.157s][info][gc             ] GC(315) Pause Young (Allocation Failure) 8902M->8903M(9933M) 184.502ms
[60.157s][info][gc,cpu         ] GC(315) User=1.05s Sys=0.03s Real=0.18s
[60.259s][info][gc,start       ] GC(316) Pause Young (Allocation Failure)
[60.479s][info][gc,heap        ] GC(316) PSYoungGen: 428320K(447488K)->404992K(490496K) Eden: 85504K(85504K)->0K(85504K) From: 342816K(361984K)->404992K(404992K)
[60.479s][info][gc,heap        ] GC(316) ParOldGen: 8773946K(9723904K)->8797490K(9723904K)
[60.479s][info][gc,metaspace   ] GC(316) Metaspace: 6297K(6464K)->6297K(6464K) NonClass: 5763K(5824K)->5763K(5824K) Class: 533K(640K)->533K(640K)
[60.479s][info][gc             ] GC(316) Pause Young (Allocation Failure) 8986M->8986M(9975M) 219.582ms
[60.479s][info][gc,cpu         ] GC(316) User=1.50s Sys=0.00s Real=0.22s
[60.580s][info][gc,start       ] GC(317) Pause Young (Allocation Failure)
[60.849s][info][gc,heap        ] GC(317) PSYoungGen: 490496K(490496K)->280256K(564224K) Eden: 85504K(85504K)->0K(95744K) From: 404992K(404992K)->280256K(468480K)
[60.849s][info][gc,heap        ] GC(317) ParOldGen: 8797490K(9723904K)->9009474K(9723904K)
[60.849s][info][gc,metaspace   ] GC(317) Metaspace: 6297K(6464K)->6297K(6464K) NonClass: 5763K(5824K)->5763K(5824K) Class: 533K(640K)->533K(640K)
[60.849s][info][gc             ] GC(317) Pause Young (Allocation Failure) 9070M->9072M(10047M) 269.521ms
[60.849s][info][gc,cpu         ] GC(317) User=2.00s Sys=0.11s Real=0.27s
[60.950s][info][gc,start       ] GC(318) Pause Young (Allocation Failure)
[61.157s][info][gc,heap        ] GC(318) PSYoungGen: 376000K(564224K)->264960K(565248K) Eden: 95744K(95744K)->0K(95744K) From: 280256K(468480K)->264960K(469504K)
[61.157s][info][gc,heap        ] GC(318) ParOldGen: 9009474K(9723904K)->9121490K(9723904K)
[61.157s][info][gc,metaspace   ] GC(318) Metaspace: 6297K(6464K)->6297K(6464K) NonClass: 5763K(5824K)->5763K(5824K) Class: 533K(640K)->533K(640K)
[61.157s][info][gc             ] GC(318) Pause Young (Allocation Failure) 9165M->9166M(10048M) 206.779ms
[61.157s][info][gc,cpu         ] GC(318) User=1.09s Sys=0.09s Real=0.21s
[61.267s][info][gc,start       ] GC(319) Pause Young (Allocation Failure)
[61.468s][info][gc,heap        ] GC(319) PSYoungGen: 360704K(565248K)->191968K(533504K) Eden: 95744K(95744K)->0K(108032K) From: 264960K(469504K)->191968K(425472K)
[61.468s][info][gc,heap        ] GC(319) ParOldGen: 9121490K(9723904K)->9291610K(9723904K)
[61.468s][info][gc,metaspace   ] GC(319) Metaspace: 6297K(6464K)->6297K(6464K) NonClass: 5763K(5824K)->5763K(5824K) Class: 533K(640K)->533K(640K)
[61.468s][info][gc             ] GC(319) Pause Young (Allocation Failure) 9259M->9261M(10017M) 200.687ms
[61.468s][info][gc,cpu         ] GC(319) User=1.27s Sys=0.11s Real=0.20s
[61.586s][info][gc,start       ] GC(320) Pause Young (Allocation Failure)
[61.754s][info][gc,heap        ] GC(320) PSYoungGen: 300000K(533504K)->108384K(550912K) Eden: 108032K(108032K)->0K(108032K) From: 191968K(425472K)->108384K(442880K)
[61.754s][info][gc,heap        ] GC(320) ParOldGen: 9291610K(9723904K)->9484802K(9723904K)
[61.754s][info][gc,metaspace   ] GC(320) Metaspace: 6297K(6464K)->6297K(6464K) NonClass: 5763K(5824K)->5763K(5824K) Class: 533K(640K)->533K(640K)
[61.754s][info][gc             ] GC(320) Pause Young (Allocation Failure) 9366M->9368M(10034M) 168.229ms
[61.754s][info][gc,cpu         ] GC(320) User=1.09s Sys=0.05s Real=0.17s
[61.754s][info][gc,start       ] GC(321) Pause Full (Ergonomics)
[61.754s][info][gc,phases,start] GC(321) Marking Phase
[63.987s][info][gc,phases      ] GC(321) Marking Phase 2233.480ms
[63.987s][info][gc,phases,start] GC(321) Summary Phase
[63.988s][info][gc,phases      ] GC(321) Summary Phase 0.149ms
[63.988s][info][gc,phases,start] GC(321) Adjust Roots
[63.988s][info][gc,phases      ] GC(321) Adjust Roots 0.212ms
[63.988s][info][gc,phases,start] GC(321) Compaction Phase
[64.880s][info][gc,phases      ] GC(321) Compaction Phase 892.509ms
[64.880s][info][gc,phases,start] GC(321) Post Compact
[64.894s][info][gc,phases      ] GC(321) Post Compact 13.900ms
[64.897s][info][gc,heap        ] GC(321) PSYoungGen: 108384K(550912K)->0K(562176K) Eden: 0K(108032K)->0K(121856K) From: 108384K(442880K)->0K(440320K)
[64.897s][info][gc,heap        ] GC(321) ParOldGen: 9484802K(9723904K)->9586241K(10513408K)
[64.897s][info][gc,metaspace   ] GC(321) Metaspace: 6297K(6464K)->6297K(6464K) NonClass: 5763K(5824K)->5763K(5824K) Class: 533K(640K)->533K(640K)
[64.897s][info][gc             ] GC(321) Pause Full (Ergonomics) 9368M->9361M(10816M) 3142.991ms
[64.897s][info][gc,cpu         ] GC(321) User=23.39s Sys=0.03s Real=3.14s
[65.032s][info][gc,start       ] GC(322) Pause Young (Allocation Failure)
[65.156s][info][gc,heap        ] GC(322) PSYoungGen: 121856K(562176K)->122208K(562176K) Eden: 121856K(121856K)->0K(121856K) From: 0K(440320K)->122208K(440320K)
[65.156s][info][gc,heap        ] GC(322) ParOldGen: 9586241K(10513408K)->9586241K(10513408K)
[65.156s][info][gc,metaspace   ] GC(322) Metaspace: 6297K(6464K)->6297K(6464K) NonClass: 5763K(5824K)->5763K(5824K) Class: 533K(640K)->533K(640K)
[65.156s][info][gc             ] GC(322) Pause Young (Allocation Failure) 9480M->9480M(10816M) 123.438ms
[65.156s][info][gc,cpu         ] GC(322) User=0.33s Sys=0.00s Real=0.12s
[65.276s][info][gc,start       ] GC(323) Pause Young (Allocation Failure)
[65.423s][info][gc,heap        ] GC(323) PSYoungGen: 244064K(562176K)->244320K(552448K) Eden: 121856K(121856K)->0K(134144K) From: 122208K(440320K)->244320K(418304K)
[65.423s][info][gc,heap        ] GC(323) ParOldGen: 9586241K(10513408K)->9586241K(10513408K)
[65.423s][info][gc,metaspace   ] GC(323) Metaspace: 6297K(6464K)->6297K(6464K) NonClass: 5763K(5824K)->5763K(5824K) Class: 533K(640K)->533K(640K)
[65.423s][info][gc             ] GC(323) Pause Young (Allocation Failure) 9599M->9600M(10806M) 147.084ms
[65.423s][info][gc,cpu         ] GC(323) User=0.81s Sys=0.00s Real=0.15s
[65.571s][info][gc,start       ] GC(324) Pause Young (Allocation Failure)
[65.776s][info][gc,heap        ] GC(324) PSYoungGen: 378464K(552448K)->378720K(559616K) Eden: 134144K(134144K)->0K(134144K) From: 244320K(418304K)->378720K(425472K)
[65.776s][info][gc,heap        ] GC(324) ParOldGen: 9586241K(10513408K)->9586241K(10513408K)
[65.776s][info][gc,metaspace   ] GC(324) Metaspace: 6297K(6464K)->6297K(6464K) NonClass: 5763K(5824K)->5763K(5824K) Class: 533K(640K)->533K(640K)
[65.776s][info][gc             ] GC(324) Pause Young (Allocation Failure) 9731M->9731M(10813M) 205.143ms
[65.776s][info][gc,cpu         ] GC(324) User=1.41s Sys=0.00s Real=0.21s
[65.924s][info][gc,start       ] GC(325) Pause Young (Allocation Failure)
[66.221s][info][gc,heap        ] GC(325) PSYoungGen: 512864K(559616K)->390976K(578048K) Eden: 134144K(134144K)->0K(111104K) From: 378720K(425472K)->390976K(466944K)
[66.221s][info][gc,heap        ] GC(325) ParOldGen: 9586241K(10513408K)->9709185K(10513408K)
[66.221s][info][gc,metaspace   ] GC(325) Metaspace: 6297K(6464K)->6297K(6464K) NonClass: 5763K(5824K)->5763K(5824K) Class: 533K(640K)->533K(640K)
[66.221s][info][gc             ] GC(325) Pause Young (Allocation Failure) 9862M->9863M(10831M) 296.725ms
[66.221s][info][gc,cpu         ] GC(325) User=1.83s Sys=0.14s Real=0.30s
[66.346s][info][gc,start       ] GC(326) Pause Young (Allocation Failure)
[66.636s][info][gc,heap        ] GC(326) PSYoungGen: 502080K(578048K)->380320K(615424K) Eden: 111104K(111104K)->0K(111104K) From: 390976K(466944K)->380320K(504320K)
[66.636s][info][gc,heap        ] GC(326) ParOldGen: 9709185K(10513408K)->9832153K(10513408K)
[66.636s][info][gc,metaspace   ] GC(326) Metaspace: 6297K(6464K)->6297K(6464K) NonClass: 5763K(5824K)->5763K(5824K) Class: 533K(640K)->533K(640K)
[66.636s][info][gc             ] GC(326) Pause Young (Allocation Failure) 9971M->9973M(10868M) 290.909ms
[66.636s][info][gc,cpu         ] GC(326) User=2.03s Sys=0.08s Real=0.29s
[66.757s][info][gc,start       ] GC(327) Pause Young (Allocation Failure)
[67.046s][info][gc,heap        ] GC(327) PSYoungGen: 491424K(615424K)->357152K(644096K) Eden: 111104K(111104K)->0K(114176K) From: 380320K(504320K)->357152K(529920K)
[67.046s][info][gc,heap        ] GC(327) ParOldGen: 9832153K(10513408K)->9967513K(10513408K)
[67.046s][info][gc,metaspace   ] GC(327) Metaspace: 6297K(6464K)->6297K(6464K) NonClass: 5763K(5824K)->5763K(5824K) Class: 533K(640K)->533K(640K)
[67.047s][info][gc             ] GC(327) Pause Young (Allocation Failure) 10081M->10082M(10896M) 289.665ms
[67.047s][info][gc,cpu         ] GC(327) User=1.84s Sys=0.06s Real=0.29s
[67.179s][info][gc,start       ] GC(328) Pause Young (Allocation Failure)
[67.447s][info][gc,heap        ] GC(328) PSYoungGen: 471328K(644096K)->225792K(339968K) Eden: 114176K(114176K)->0K(114176K) From: 357152K(529920K)->225792K(225792K)
[67.447s][info][gc,heap        ] GC(328) ParOldGen: 9967513K(10513408K)->10214953K(10513408K)
[67.447s][info][gc,metaspace   ] GC(328) Metaspace: 6297K(6464K)->6297K(6464K) NonClass: 5763K(5824K)->5763K(5824K) Class: 533K(640K)->533K(640K)
[67.447s][info][gc             ] GC(328) Pause Young (Allocation Failure) 10194M->10196M(10599M) 268.373ms
[67.447s][info][gc,cpu         ] GC(328) User=1.78s Sys=0.11s Real=0.27s
[67.576s][info][gc,start       ] GC(329) Pause Young (Allocation Failure)
[67.780s][info][gc,heap        ] GC(329) PSYoungGen: 339968K(339968K)->114496K(647168K) Eden: 114176K(114176K)->0K(129024K) From: 225792K(225792K)->114496K(518144K)
[67.780s][info][gc,heap        ] GC(329) ParOldGen: 10214953K(10513408K)->10442249K(10513408K)
[67.780s][info][gc,metaspace   ] GC(329) Metaspace: 6297K(6464K)->6297K(6464K) NonClass: 5763K(5824K)->5763K(5824K) Class: 533K(640K)->533K(640K)
[67.780s][info][gc             ] GC(329) Pause Young (Allocation Failure) 10307M->10309M(10899M) 204.039ms
[67.780s][info][gc,cpu         ] GC(329) User=1.25s Sys=0.17s Real=0.20s
[67.781s][info][gc,start       ] GC(330) Pause Full (Ergonomics)
[67.781s][info][gc,phases,start] GC(330) Marking Phase
[70.348s][info][gc,phases      ] GC(330) Marking Phase 2567.951ms
[70.349s][info][gc,phases,start] GC(330) Summary Phase
[70.349s][info][gc,phases      ] GC(330) Summary Phase 0.108ms
[70.349s][info][gc,phases,start] GC(330) Adjust Roots
[70.349s][info][gc,phases      ] GC(330) Adjust Roots 0.197ms
[70.349s][info][gc,phases,start] GC(330) Compaction Phase
[71.330s][info][gc,phases      ] GC(330) Compaction Phase 980.663ms
[71.330s][info][gc,phases,start] GC(330) Post Compact
[71.351s][info][gc,phases      ] GC(330) Post Compact 21.068ms
[71.351s][info][gc,heap        ] GC(330) PSYoungGen: 114496K(647168K)->35453K(647680K) Eden: 0K(129024K)->0K(129536K) From: 114496K(518144K)->35453K(518144K)
[71.351s][info][gc,heap        ] GC(330) ParOldGen: 10442249K(10513408K)->10513096K(10513408K)
[71.351s][info][gc,metaspace   ] GC(330) Metaspace: 6297K(6464K)->6297K(6464K) NonClass: 5763K(5824K)->5763K(5824K) Class: 533K(640K)->533K(640K)
[71.351s][info][gc             ] GC(330) Pause Full (Ergonomics) 10309M->10301M(10899M) 3570.406ms
[71.351s][info][gc,cpu         ] GC(330) User=26.02s Sys=0.12s Real=3.57s
[71.498s][info][gc,start       ] GC(331) Pause Full (Ergonomics)
[71.498s][info][gc,phases,start] GC(331) Marking Phase
[73.975s][info][gc,phases      ] GC(331) Marking Phase 2477.180ms
[73.975s][info][gc,phases,start] GC(331) Summary Phase
[73.975s][info][gc,phases      ] GC(331) Summary Phase 0.110ms
[73.975s][info][gc,phases,start] GC(331) Adjust Roots
[73.975s][info][gc,phases      ] GC(331) Adjust Roots 0.223ms
[73.976s][info][gc,phases,start] GC(331) Compaction Phase
[74.774s][info][gc,phases      ] GC(331) Compaction Phase 797.982ms
[74.774s][info][gc,phases,start] GC(331) Post Compact
[74.789s][info][gc,phases      ] GC(331) Post Compact 15.348ms
[74.789s][info][gc,heap        ] GC(331) PSYoungGen: 164989K(647680K)->164959K(647680K) Eden: 129536K(129536K)->129506K(129536K) From: 35453K(518144K)->35453K(518144K)
[74.789s][info][gc,heap        ] GC(331) ParOldGen: 10513096K(10513408K)->10513096K(10513408K)
[74.789s][info][gc,metaspace   ] GC(331) Metaspace: 6297K(6464K)->6297K(6464K) NonClass: 5763K(5824K)->5763K(5824K) Class: 533K(640K)->533K(640K)
[74.789s][info][gc             ] GC(331) Pause Full (Ergonomics) 10427M->10427M(10899M) 3291.266ms
[74.789s][info][gc,cpu         ] GC(331) User=24.62s Sys=0.03s Real=3.29s
[74.789s][info][gc,start       ] GC(332) Pause Full (Ergonomics)
[74.789s][info][gc,phases,start] GC(332) Marking Phase
[77.266s][info][gc,phases      ] GC(332) Marking Phase 2476.973ms
[77.266s][info][gc,phases,start] GC(332) Summary Phase
[77.266s][info][gc,phases      ] GC(332) Summary Phase 0.104ms
[77.266s][info][gc,phases,start] GC(332) Adjust Roots
[77.267s][info][gc,phases      ] GC(332) Adjust Roots 0.170ms
[77.267s][info][gc,phases,start] GC(332) Compaction Phase
[78.041s][info][gc,phases      ] GC(332) Compaction Phase 774.559ms
[78.041s][info][gc,phases,start] GC(332) Post Compact
[78.055s][info][gc,phases      ] GC(332) Post Compact 13.688ms
[78.055s][info][gc,heap        ] GC(332) PSYoungGen: 164989K(647680K)->164988K(647680K) Eden: 129536K(129536K)->129535K(129536K) From: 35453K(518144K)->35453K(518144K)
[78.055s][info][gc,heap        ] GC(332) ParOldGen: 10513096K(10513408K)->10513096K(10513408K)
[78.055s][info][gc,metaspace   ] GC(332) Metaspace: 6297K(6464K)->6297K(6464K) NonClass: 5763K(5824K)->5763K(5824K) Class: 533K(640K)->533K(640K)
[78.055s][info][gc             ] GC(332) Pause Full (Ergonomics) 10427M->10427M(10899M) 3265.842ms
[78.055s][info][gc,cpu         ] GC(332) User=24.84s Sys=0.00s Real=3.27s
[78.055s][info][gc,start       ] GC(333) Pause Full (Ergonomics)
[78.055s][info][gc,phases,start] GC(333) Marking Phase
[80.493s][info][gc,phases      ] GC(333) Marking Phase 2437.699ms
[80.493s][info][gc,phases,start] GC(333) Summary Phase
[80.493s][info][gc,phases      ] GC(333) Summary Phase 0.104ms
[80.493s][info][gc,phases,start] GC(333) Adjust Roots
[80.493s][info][gc,phases      ] GC(333) Adjust Roots 0.176ms
[80.493s][info][gc,phases,start] GC(333) Compaction Phase
[81.255s][info][gc,phases      ] GC(333) Compaction Phase 761.917ms
[81.255s][info][gc,phases,start] GC(333) Post Compact
[81.270s][info][gc,phases      ] GC(333) Post Compact 14.615ms
[81.270s][info][gc,heap        ] GC(333) PSYoungGen: 164989K(647680K)->164989K(647680K) Eden: 129535K(129536K)->129535K(129536K) From: 35453K(518144K)->35453K(518144K)
[81.270s][info][gc,heap        ] GC(333) ParOldGen: 10513096K(10513408K)->10513096K(10513408K)
[81.270s][info][gc,metaspace   ] GC(333) Metaspace: 6297K(6464K)->6297K(6464K) NonClass: 5763K(5824K)->5763K(5824K) Class: 533K(640K)->533K(640K)
[81.270s][info][gc             ] GC(333) Pause Full (Ergonomics) 10427M->10427M(10899M) 3214.865ms
[81.270s][info][gc,cpu         ] GC(333) User=24.59s Sys=0.03s Real=3.21s
[81.270s][info][gc,start       ] GC(334) Pause Full (Ergonomics)
[81.270s][info][gc,phases,start] GC(334) Marking Phase
[83.719s][info][gc,phases      ] GC(334) Marking Phase 2448.365ms
[83.719s][info][gc,phases,start] GC(334) Summary Phase
[83.719s][info][gc,phases      ] GC(334) Summary Phase 0.160ms
[83.719s][info][gc,phases,start] GC(334) Adjust Roots
[83.719s][info][gc,phases      ] GC(334) Adjust Roots 0.248ms
[83.719s][info][gc,phases,start] GC(334) Compaction Phase
[84.451s][info][gc,phases      ] GC(334) Compaction Phase 732.125ms
[84.452s][info][gc,phases,start] GC(334) Post Compact
[84.465s][info][gc,phases      ] GC(334) Post Compact 13.002ms
[84.465s][info][gc,heap        ] GC(334) PSYoungGen: 164989K(647680K)->164989K(647680K) Eden: 129536K(129536K)->129536K(129536K) From: 35453K(518144K)->35453K(518144K)
[84.465s][info][gc,heap        ] GC(334) ParOldGen: 10513101K(10513408K)->10513101K(10513408K)
[84.465s][info][gc,metaspace   ] GC(334) Metaspace: 6297K(6464K)->6297K(6464K) NonClass: 5763K(5824K)->5763K(5824K) Class: 533K(640K)->533K(640K)
[84.465s][info][gc             ] GC(334) Pause Full (Ergonomics) 10427M->10427M(10899M) 3194.262ms
[84.465s][info][gc,cpu         ] GC(334) User=24.94s Sys=0.02s Real=3.19s
[84.465s][info][gc,start       ] GC(335) Pause Full (Ergonomics)
[84.465s][info][gc,phases,start] GC(335) Marking Phase
[86.942s][info][gc,phases      ] GC(335) Marking Phase 2476.567ms
[86.942s][info][gc,phases,start] GC(335) Summary Phase
[86.942s][info][gc,phases      ] GC(335) Summary Phase 0.113ms
[86.942s][info][gc,phases,start] GC(335) Adjust Roots
[86.942s][info][gc,phases      ] GC(335) Adjust Roots 0.170ms
[86.942s][info][gc,phases,start] GC(335) Compaction Phase
[87.708s][info][gc,phases      ] GC(335) Compaction Phase 766.598ms
[87.709s][info][gc,phases,start] GC(335) Post Compact
[87.724s][info][gc,phases      ] GC(335) Post Compact 15.144ms
[87.724s][info][gc,heap        ] GC(335) PSYoungGen: 164989K(647680K)->164989K(647680K) Eden: 129536K(129536K)->129536K(129536K) From: 35453K(518144K)->35453K(518144K)
[87.724s][info][gc,heap        ] GC(335) ParOldGen: 10513106K(10513408K)->10513106K(10513408K)
[87.724s][info][gc,metaspace   ] GC(335) Metaspace: 6297K(6464K)->6297K(6464K) NonClass: 5763K(5824K)->5763K(5824K) Class: 533K(640K)->533K(640K)
[87.724s][info][gc             ] GC(335) Pause Full (Ergonomics) 10427M->10427M(10899M) 3258.974ms
[87.724s][info][gc,cpu         ] GC(335) User=25.09s Sys=0.03s Real=3.26s
[87.724s][info][gc,start       ] GC(336) Pause Full (Ergonomics)
[87.724s][info][gc,phases,start] GC(336) Marking Phase
[90.182s][info][gc,phases      ] GC(336) Marking Phase 2458.005ms
[90.182s][info][gc,phases,start] GC(336) Summary Phase
[90.182s][info][gc,phases      ] GC(336) Summary Phase 0.097ms
[90.182s][info][gc,phases,start] GC(336) Adjust Roots
[90.182s][info][gc,phases      ] GC(336) Adjust Roots 0.177ms
[90.183s][info][gc,phases,start] GC(336) Compaction Phase
[90.938s][info][gc,phases      ] GC(336) Compaction Phase 755.629ms
[90.938s][info][gc,phases,start] GC(336) Post Compact
[90.951s][info][gc,phases      ] GC(336) Post Compact 12.726ms
[90.951s][info][gc,heap        ] GC(336) PSYoungGen: 164989K(647680K)->164989K(647680K) Eden: 129536K(129536K)->129536K(129536K) From: 35453K(518144K)->35453K(518144K)
[90.951s][info][gc,heap        ] GC(336) ParOldGen: 10513111K(10513408K)->10513111K(10513408K)
[90.951s][info][gc,metaspace   ] GC(336) Metaspace: 6297K(6464K)->6297K(6464K) NonClass: 5763K(5824K)->5763K(5824K) Class: 533K(640K)->533K(640K)
[90.951s][info][gc             ] GC(336) Pause Full (Ergonomics) 10427M->10427M(10899M) 3226.977ms
[90.951s][info][gc,cpu         ] GC(336) User=25.03s Sys=0.02s Real=3.23s
[90.951s][info][gc,start       ] GC(337) Pause Full (Ergonomics)
[90.951s][info][gc,phases,start] GC(337) Marking Phase
[93.388s][info][gc,phases      ] GC(337) Marking Phase 2437.145ms
[93.389s][info][gc,phases,start] GC(337) Summary Phase
[93.389s][info][gc,phases      ] GC(337) Summary Phase 0.097ms
[93.389s][info][gc,phases,start] GC(337) Adjust Roots
[93.389s][info][gc,phases      ] GC(337) Adjust Roots 0.164ms
[93.389s][info][gc,phases,start] GC(337) Compaction Phase
[94.130s][info][gc,phases      ] GC(337) Compaction Phase 741.587ms
[94.130s][info][gc,phases,start] GC(337) Post Compact
[94.143s][info][gc,phases      ] GC(337) Post Compact 12.808ms
[94.143s][info][gc,heap        ] GC(337) PSYoungGen: 164989K(647680K)->164989K(647680K) Eden: 129536K(129536K)->129536K(129536K) From: 35453K(518144K)->35453K(518144K)
[94.143s][info][gc,heap        ] GC(337) ParOldGen: 10513116K(10513408K)->10513116K(10513408K)
[94.143s][info][gc,metaspace   ] GC(337) Metaspace: 6297K(6464K)->6297K(6464K) NonClass: 5763K(5824K)->5763K(5824K) Class: 533K(640K)->533K(640K)
[94.143s][info][gc             ] GC(337) Pause Full (Ergonomics) 10427M->10427M(10899M) 3192.159ms
[94.143s][info][gc,cpu         ] GC(337) User=24.72s Sys=0.00s Real=3.19s
[94.144s][info][gc,start       ] GC(338) Pause Full (Ergonomics)
[94.144s][info][gc,phases,start] GC(338) Marking Phase
[96.586s][info][gc,phases      ] GC(338) Marking Phase 2442.770ms
[96.587s][info][gc,phases,start] GC(338) Summary Phase
[96.587s][info][gc,phases      ] GC(338) Summary Phase 0.099ms
[96.587s][info][gc,phases,start] GC(338) Adjust Roots
[96.587s][info][gc,phases      ] GC(338) Adjust Roots 0.193ms
[96.587s][info][gc,phases,start] GC(338) Compaction Phase
[97.334s][info][gc,phases      ] GC(338) Compaction Phase 746.702ms
[97.334s][info][gc,phases,start] GC(338) Post Compact
[97.347s][info][gc,phases      ] GC(338) Post Compact 13.050ms
[97.347s][info][gc,heap        ] GC(338) PSYoungGen: 164989K(647680K)->164989K(647680K) Eden: 129536K(129536K)->129536K(129536K) From: 35453K(518144K)->35453K(518144K)
[97.347s][info][gc,heap        ] GC(338) ParOldGen: 10513121K(10513408K)->10513121K(10513408K)
[97.347s][info][gc,metaspace   ] GC(338) Metaspace: 6297K(6464K)->6297K(6464K) NonClass: 5763K(5824K)->5763K(5824K) Class: 533K(640K)->533K(640K)
[97.347s][info][gc             ] GC(338) Pause Full (Ergonomics) 10427M->10427M(10899M) 3203.176ms
[97.347s][info][gc,cpu         ] GC(338) User=24.92s Sys=0.00s Real=3.20s
[97.347s][info][gc,start       ] GC(339) Pause Full (Ergonomics)
[97.347s][info][gc,phases,start] GC(339) Marking Phase
[99.833s][info][gc,phases      ] GC(339) Marking Phase 2486.392ms
[99.834s][info][gc,phases,start] GC(339) Summary Phase
[99.834s][info][gc,phases      ] GC(339) Summary Phase 0.097ms
[99.834s][info][gc,phases,start] GC(339) Adjust Roots
[99.834s][info][gc,phases      ] GC(339) Adjust Roots 0.164ms
[99.834s][info][gc,phases,start] GC(339) Compaction Phase
[100.588s][info][gc,phases      ] GC(339) Compaction Phase 754.504ms
[100.588s][info][gc,phases,start] GC(339) Post Compact
[100.602s][info][gc,phases      ] GC(339) Post Compact 13.946ms
[100.602s][info][gc,heap        ] GC(339) PSYoungGen: 164989K(647680K)->164989K(647680K) Eden: 129536K(129536K)->129536K(129536K) From: 35453K(518144K)->35453K(518144K)
[100.602s][info][gc,heap        ] GC(339) ParOldGen: 10513125K(10513408K)->10513125K(10513408K)
[100.602s][info][gc,metaspace   ] GC(339) Metaspace: 6297K(6464K)->6297K(6464K) NonClass: 5763K(5824K)->5763K(5824K) Class: 533K(640K)->533K(640K)
[100.602s][info][gc             ] GC(339) Pause Full (Ergonomics) 10427M->10427M(10899M) 3255.454ms
[100.603s][info][gc,cpu         ] GC(339) User=25.20s Sys=0.00s Real=3.26s
[100.603s][info][gc,start       ] GC(340) Pause Full (Ergonomics)
[100.603s][info][gc,phases,start] GC(340) Marking Phase
[103.079s][info][gc,phases      ] GC(340) Marking Phase 2475.890ms
[103.079s][info][gc,phases,start] GC(340) Summary Phase
[103.079s][info][gc,phases      ] GC(340) Summary Phase 0.098ms
[103.079s][info][gc,phases,start] GC(340) Adjust Roots
[103.079s][info][gc,phases      ] GC(340) Adjust Roots 0.185ms
[103.079s][info][gc,phases,start] GC(340) Compaction Phase
[103.823s][info][gc,phases      ] GC(340) Compaction Phase 744.334ms
[103.823s][info][gc,phases,start] GC(340) Post Compact
[103.838s][info][gc,phases      ] GC(340) Post Compact 14.378ms
[103.838s][info][gc,heap        ] GC(340) PSYoungGen: 164989K(647680K)->164989K(647680K) Eden: 129536K(129536K)->129536K(129536K) From: 35453K(518144K)->35453K(518144K)
[103.838s][info][gc,heap        ] GC(340) ParOldGen: 10513130K(10513408K)->10513130K(10513408K)
[103.838s][info][gc,metaspace   ] GC(340) Metaspace: 6297K(6464K)->6297K(6464K) NonClass: 5763K(5824K)->5763K(5824K) Class: 533K(640K)->533K(640K)
[103.838s][info][gc             ] GC(340) Pause Full (Ergonomics) 10427M->10427M(10899M) 3235.255ms
[103.838s][info][gc,cpu         ] GC(340) User=25.14s Sys=0.00s Real=3.24s
[103.838s][info][gc,start       ] GC(341) Pause Full (Ergonomics)
[103.838s][info][gc,phases,start] GC(341) Marking Phase
[106.301s][info][gc,phases      ] GC(341) Marking Phase 2462.497ms
[106.301s][info][gc,phases,start] GC(341) Summary Phase
[106.301s][info][gc,phases      ] GC(341) Summary Phase 0.099ms
[106.301s][info][gc,phases,start] GC(341) Adjust Roots
[106.301s][info][gc,phases      ] GC(341) Adjust Roots 0.167ms
[106.301s][info][gc,phases,start] GC(341) Compaction Phase
[107.067s][info][gc,phases      ] GC(341) Compaction Phase 766.283ms
[107.067s][info][gc,phases,start] GC(341) Post Compact
[107.082s][info][gc,phases      ] GC(341) Post Compact 14.972ms
[107.082s][info][gc,heap        ] GC(341) PSYoungGen: 164989K(647680K)->164989K(647680K) Eden: 129536K(129536K)->129536K(129536K) From: 35453K(518144K)->35453K(518144K)
[107.083s][info][gc,heap        ] GC(341) ParOldGen: 10513135K(10513408K)->10513135K(10513408K)
[107.083s][info][gc,metaspace   ] GC(341) Metaspace: 6297K(6464K)->6297K(6464K) NonClass: 5763K(5824K)->5763K(5824K) Class: 533K(640K)->533K(640K)
[107.083s][info][gc             ] GC(341) Pause Full (Ergonomics) 10427M->10427M(10899M) 3244.391ms
[107.083s][info][gc,cpu         ] GC(341) User=25.06s Sys=0.03s Real=3.24s
[107.083s][info][gc,start       ] GC(342) Pause Full (Ergonomics)
[107.083s][info][gc,phases,start] GC(342) Marking Phase
[109.532s][info][gc,phases      ] GC(342) Marking Phase 2448.996ms
[109.532s][info][gc,phases,start] GC(342) Summary Phase
[109.532s][info][gc,phases      ] GC(342) Summary Phase 0.097ms
[109.532s][info][gc,phases,start] GC(342) Adjust Roots
[109.532s][info][gc,phases      ] GC(342) Adjust Roots 0.209ms
[109.532s][info][gc,phases,start] GC(342) Compaction Phase
[110.276s][info][gc,phases      ] GC(342) Compaction Phase 743.464ms
[110.276s][info][gc,phases,start] GC(342) Post Compact
[110.290s][info][gc,phases      ] GC(342) Post Compact 14.200ms
[110.290s][info][gc,heap        ] GC(342) PSYoungGen: 164989K(647680K)->164989K(647680K) Eden: 129536K(129536K)->129536K(129536K) From: 35453K(518144K)->35453K(518144K)
[110.290s][info][gc,heap        ] GC(342) ParOldGen: 10513140K(10513408K)->10513140K(10513408K)
[110.290s][info][gc,metaspace   ] GC(342) Metaspace: 6297K(6464K)->6297K(6464K) NonClass: 5763K(5824K)->5763K(5824K) Class: 533K(640K)->533K(640K)
[110.290s][info][gc             ] GC(342) Pause Full (Ergonomics) 10427M->10427M(10899M) 3207.338ms
[110.290s][info][gc,cpu         ] GC(342) User=24.84s Sys=0.00s Real=3.21s
[110.290s][info][gc,start       ] GC(343) Pause Full (Ergonomics)
[110.290s][info][gc,phases,start] GC(343) Marking Phase
[112.779s][info][gc,phases      ] GC(343) Marking Phase 2488.235ms
[112.779s][info][gc,phases,start] GC(343) Summary Phase
[112.779s][info][gc,phases      ] GC(343) Summary Phase 0.151ms
[112.779s][info][gc,phases,start] GC(343) Adjust Roots
[112.779s][info][gc,phases      ] GC(343) Adjust Roots 0.314ms
[112.779s][info][gc,phases,start] GC(343) Compaction Phase
[113.537s][info][gc,phases      ] GC(343) Compaction Phase 757.999ms
[113.537s][info][gc,phases,start] GC(343) Post Compact
[113.550s][info][gc,phases      ] GC(343) Post Compact 13.024ms
[113.550s][info][gc,heap        ] GC(343) PSYoungGen: 164989K(647680K)->164989K(647680K) Eden: 129536K(129536K)->129536K(129536K) From: 35453K(518144K)->35453K(518144K)
[113.550s][info][gc,heap        ] GC(343) ParOldGen: 10513145K(10513408K)->10513145K(10513408K)
[113.550s][info][gc,metaspace   ] GC(343) Metaspace: 6297K(6464K)->6297K(6464K) NonClass: 5763K(5824K)->5763K(5824K) Class: 533K(640K)->533K(640K)
[113.550s][info][gc             ] GC(343) Pause Full (Ergonomics) 10427M->10427M(10899M) 3260.098ms
[113.550s][info][gc,cpu         ] GC(343) User=24.92s Sys=0.00s Real=3.26s
[113.551s][info][gc,start       ] GC(344) Pause Full (Ergonomics)
[113.551s][info][gc,phases,start] GC(344) Marking Phase
[116.008s][info][gc,phases      ] GC(344) Marking Phase 2457.706ms
[116.008s][info][gc,phases,start] GC(344) Summary Phase
[116.009s][info][gc,phases      ] GC(344) Summary Phase 0.100ms
[116.009s][info][gc,phases,start] GC(344) Adjust Roots
[116.009s][info][gc,phases      ] GC(344) Adjust Roots 0.175ms
[116.009s][info][gc,phases,start] GC(344) Compaction Phase
[116.754s][info][gc,phases      ] GC(344) Compaction Phase 744.951ms
[116.754s][info][gc,phases,start] GC(344) Post Compact
[116.768s][info][gc,phases      ] GC(344) Post Compact 14.412ms
[116.768s][info][gc,heap        ] GC(344) PSYoungGen: 164989K(647680K)->164989K(647680K) Eden: 129536K(129536K)->129536K(129536K) From: 35453K(518144K)->35453K(518144K)
[116.768s][info][gc,heap        ] GC(344) ParOldGen: 10513150K(10513408K)->10513150K(10513408K)
[116.768s][info][gc,metaspace   ] GC(344) Metaspace: 6297K(6464K)->6297K(6464K) NonClass: 5763K(5824K)->5763K(5824K) Class: 533K(640K)->533K(640K)
[116.768s][info][gc             ] GC(344) Pause Full (Ergonomics) 10427M->10427M(10899M) 3217.731ms
[116.768s][info][gc,cpu         ] GC(344) User=24.88s Sys=0.00s Real=3.22s
[116.769s][info][gc,start       ] GC(345) Pause Full (Ergonomics)
[116.769s][info][gc,phases,start] GC(345) Marking Phase
[119.219s][info][gc,phases      ] GC(345) Marking Phase 2450.571ms
[119.219s][info][gc,phases,start] GC(345) Summary Phase
[119.219s][info][gc,phases      ] GC(345) Summary Phase 0.100ms
[119.219s][info][gc,phases,start] GC(345) Adjust Roots
[119.220s][info][gc,phases      ] GC(345) Adjust Roots 0.198ms
[119.220s][info][gc,phases,start] GC(345) Compaction Phase
[119.984s][info][gc,phases      ] GC(345) Compaction Phase 764.779ms
[119.984s][info][gc,phases,start] GC(345) Post Compact
[119.999s][info][gc,phases      ] GC(345) Post Compact 14.520ms
[119.999s][info][gc,heap        ] GC(345) PSYoungGen: 164989K(647680K)->164989K(647680K) Eden: 129536K(129536K)->129536K(129536K) From: 35453K(518144K)->35453K(518144K)
[119.999s][info][gc,heap        ] GC(345) ParOldGen: 10513154K(10513408K)->10513154K(10513408K)
[119.999s][info][gc,metaspace   ] GC(345) Metaspace: 6297K(6464K)->6297K(6464K) NonClass: 5763K(5824K)->5763K(5824K) Class: 533K(640K)->533K(640K)
[119.999s][info][gc             ] GC(345) Pause Full (Ergonomics) 10427M->10427M(10899M) 3230.533ms
[119.999s][info][gc,cpu         ] GC(345) User=24.69s Sys=0.02s Real=3.23s
[119.999s][info][gc,start       ] GC(346) Pause Full (Ergonomics)
[119.999s][info][gc,phases,start] GC(346) Marking Phase
[122.424s][info][gc,phases      ] GC(346) Marking Phase 2424.486ms
[122.424s][info][gc,phases,start] GC(346) Summary Phase
[122.424s][info][gc,phases      ] GC(346) Summary Phase 0.098ms
[122.424s][info][gc,phases,start] GC(346) Adjust Roots
[122.424s][info][gc,phases      ] GC(346) Adjust Roots 0.179ms
[122.424s][info][gc,phases,start] GC(346) Compaction Phase
[123.167s][info][gc,phases      ] GC(346) Compaction Phase 742.389ms
[123.167s][info][gc,phases,start] GC(346) Post Compact
[123.182s][info][gc,phases      ] GC(346) Post Compact 15.331ms
[123.182s][info][gc,heap        ] GC(346) PSYoungGen: 164989K(647680K)->164989K(647680K) Eden: 129536K(129536K)->129536K(129536K) From: 35453K(518144K)->35453K(518144K)
[123.182s][info][gc,heap        ] GC(346) ParOldGen: 10513159K(10513408K)->10513159K(10513408K)
[123.182s][info][gc,metaspace   ] GC(346) Metaspace: 6297K(6464K)->6297K(6464K) NonClass: 5763K(5824K)->5763K(5824K) Class: 533K(640K)->533K(640K)
[123.182s][info][gc             ] GC(346) Pause Full (Ergonomics) 10427M->10427M(10899M) 3183.006ms
[123.182s][info][gc,cpu         ] GC(346) User=24.44s Sys=0.00s Real=3.18s
[123.183s][info][gc,start       ] GC(347) Pause Full (Ergonomics)
[123.183s][info][gc,phases,start] GC(347) Marking Phase
[125.620s][info][gc,phases      ] GC(347) Marking Phase 2437.059ms
[125.620s][info][gc,phases,start] GC(347) Summary Phase
[125.620s][info][gc,phases      ] GC(347) Summary Phase 0.106ms
[125.620s][info][gc,phases,start] GC(347) Adjust Roots
[125.620s][info][gc,phases      ] GC(347) Adjust Roots 0.223ms
[125.620s][info][gc,phases,start] GC(347) Compaction Phase
[126.364s][info][gc,phases      ] GC(347) Compaction Phase 744.180ms
[126.364s][info][gc,phases,start] GC(347) Post Compact
[126.379s][info][gc,phases      ] GC(347) Post Compact 14.452ms
[126.379s][info][gc,heap        ] GC(347) PSYoungGen: 164989K(647680K)->164989K(647680K) Eden: 129536K(129536K)->129536K(129536K) From: 35453K(518144K)->35453K(518144K)
[126.379s][info][gc,heap        ] GC(347) ParOldGen: 10513164K(10513408K)->10513164K(10513408K)
[126.379s][info][gc,metaspace   ] GC(347) Metaspace: 6297K(6464K)->6297K(6464K) NonClass: 5763K(5824K)->5763K(5824K) Class: 533K(640K)->533K(640K)
[126.379s][info][gc             ] GC(347) Pause Full (Ergonomics) 10427M->10427M(10899M) 3196.343ms
[126.379s][info][gc,cpu         ] GC(347) User=24.78s Sys=0.00s Real=3.20s
[126.379s][info][gc,start       ] GC(348) Pause Full (Ergonomics)
[126.379s][info][gc,phases,start] GC(348) Marking Phase
[128.850s][info][gc,phases      ] GC(348) Marking Phase 2471.055ms
[128.850s][info][gc,phases,start] GC(348) Summary Phase
[128.850s][info][gc,phases      ] GC(348) Summary Phase 0.129ms
[128.850s][info][gc,phases,start] GC(348) Adjust Roots
[128.851s][info][gc,phases      ] GC(348) Adjust Roots 0.216ms
[128.851s][info][gc,phases,start] GC(348) Compaction Phase
[129.587s][info][gc,phases      ] GC(348) Compaction Phase 735.933ms
[129.587s][info][gc,phases,start] GC(348) Post Compact
[129.600s][info][gc,phases      ] GC(348) Post Compact 13.034ms
[129.600s][info][gc,heap        ] GC(348) PSYoungGen: 164989K(647680K)->164989K(647680K) Eden: 129536K(129536K)->129536K(129536K) From: 35453K(518144K)->35453K(518144K)
[129.600s][info][gc,heap        ] GC(348) ParOldGen: 10513169K(10513408K)->10513169K(10513408K)
[129.600s][info][gc,metaspace   ] GC(348) Metaspace: 6297K(6464K)->6297K(6464K) NonClass: 5763K(5824K)->5763K(5824K) Class: 533K(640K)->533K(640K)
[129.600s][info][gc             ] GC(348) Pause Full (Ergonomics) 10427M->10427M(10899M) 3220.735ms
[129.600s][info][gc,cpu         ] GC(348) User=25.06s Sys=0.00s Real=3.22s
[129.600s][info][gc,start       ] GC(349) Pause Full (Ergonomics)
[129.600s][info][gc,phases,start] GC(349) Marking Phase
[131.998s][info][gc,phases      ] GC(349) Marking Phase 2397.531ms
[131.998s][info][gc,phases,start] GC(349) Summary Phase
[131.998s][info][gc,phases      ] GC(349) Summary Phase 0.101ms
[131.998s][info][gc,phases,start] GC(349) Adjust Roots
[131.998s][info][gc,phases      ] GC(349) Adjust Roots 0.211ms
[131.998s][info][gc,phases,start] GC(349) Compaction Phase
[132.705s][info][gc,phases      ] GC(349) Compaction Phase 707.287ms
[132.705s][info][gc,phases,start] GC(349) Post Compact
[132.718s][info][gc,phases      ] GC(349) Post Compact 12.785ms
[132.718s][info][gc,heap        ] GC(349) PSYoungGen: 164989K(647680K)->164989K(647680K) Eden: 129536K(129536K)->129536K(129536K) From: 35453K(518144K)->35453K(518144K)
[132.718s][info][gc,heap        ] GC(349) ParOldGen: 10513174K(10513408K)->10513174K(10513408K)
[132.718s][info][gc,metaspace   ] GC(349) Metaspace: 6297K(6464K)->6297K(6464K) NonClass: 5763K(5824K)->5763K(5824K) Class: 533K(640K)->533K(640K)
[132.718s][info][gc             ] GC(349) Pause Full (Ergonomics) 10427M->10427M(10899M) 3118.259ms
[132.718s][info][gc,cpu         ] GC(349) User=24.30s Sys=0.00s Real=3.12s
[132.719s][info][gc,start       ] GC(350) Pause Full (Ergonomics)
[132.719s][info][gc,phases,start] GC(350) Marking Phase
[135.135s][info][gc,phases      ] GC(350) Marking Phase 2416.387ms
[135.135s][info][gc,phases,start] GC(350) Summary Phase
[135.135s][info][gc,phases      ] GC(350) Summary Phase 0.114ms
[135.135s][info][gc,phases,start] GC(350) Adjust Roots
[135.135s][info][gc,phases      ] GC(350) Adjust Roots 0.169ms
[135.135s][info][gc,phases,start] GC(350) Compaction Phase
[135.832s][info][gc,phases      ] GC(350) Compaction Phase 697.098ms
[135.833s][info][gc,phases,start] GC(350) Post Compact
[135.848s][info][gc,phases      ] GC(350) Post Compact 15.069ms
[135.848s][info][gc,heap        ] GC(350) PSYoungGen: 164989K(647680K)->164989K(647680K) Eden: 129536K(129536K)->129536K(129536K) From: 35453K(518144K)->35453K(518144K)
[135.848s][info][gc,heap        ] GC(350) ParOldGen: 10513179K(10513408K)->10513179K(10513408K)
[135.848s][info][gc,metaspace   ] GC(350) Metaspace: 6297K(6464K)->6297K(6464K) NonClass: 5763K(5824K)->5763K(5824K) Class: 533K(640K)->533K(640K)
[135.848s][info][gc             ] GC(350) Pause Full (Ergonomics) 10427M->10427M(10899M) 3129.193ms
[135.848s][info][gc,cpu         ] GC(350) User=24.02s Sys=0.03s Real=3.13s
[135.848s][info][gc,start       ] GC(351) Pause Full (Ergonomics)
[135.848s][info][gc,phases,start] GC(351) Marking Phase
[138.276s][info][gc,phases      ] GC(351) Marking Phase 2428.439ms
[138.277s][info][gc,phases,start] GC(351) Summary Phase
[138.277s][info][gc,phases      ] GC(351) Summary Phase 0.117ms
[138.277s][info][gc,phases,start] GC(351) Adjust Roots
[138.277s][info][gc,phases      ] GC(351) Adjust Roots 0.218ms
[138.277s][info][gc,phases,start] GC(351) Compaction Phase
[138.999s][info][gc,phases      ] GC(351) Compaction Phase 722.070ms
[138.999s][info][gc,phases,start] GC(351) Post Compact
[139.014s][info][gc,phases      ] GC(351) Post Compact 14.956ms
[139.014s][info][gc,heap        ] GC(351) PSYoungGen: 164989K(647680K)->164989K(647680K) Eden: 129536K(129536K)->129536K(129536K) From: 35453K(518144K)->35453K(518144K)
[139.014s][info][gc,heap        ] GC(351) ParOldGen: 10513183K(10513408K)->10513183K(10513408K)
[139.014s][info][gc,metaspace   ] GC(351) Metaspace: 6297K(6464K)->6297K(6464K) NonClass: 5763K(5824K)->5763K(5824K) Class: 533K(640K)->533K(640K)
[139.014s][info][gc             ] GC(351) Pause Full (Ergonomics) 10427M->10427M(10899M) 3166.166ms
[139.014s][info][gc,cpu         ] GC(351) User=24.45s Sys=0.02s Real=3.17s
[139.014s][info][gc,start       ] GC(352) Pause Full (Ergonomics)
[139.014s][info][gc,phases,start] GC(352) Marking Phase
[141.474s][info][gc,phases      ] GC(352) Marking Phase 2459.948ms
[141.474s][info][gc,phases,start] GC(352) Summary Phase
[141.475s][info][gc,phases      ] GC(352) Summary Phase 0.112ms
[141.475s][info][gc,phases,start] GC(352) Adjust Roots
[141.475s][info][gc,phases      ] GC(352) Adjust Roots 0.169ms
[141.475s][info][gc,phases,start] GC(352) Compaction Phase
[142.198s][info][gc,phases      ] GC(352) Compaction Phase 722.770ms
[142.198s][info][gc,phases,start] GC(352) Post Compact
[142.213s][info][gc,phases      ] GC(352) Post Compact 15.204ms
[142.213s][info][gc,heap        ] GC(352) PSYoungGen: 164989K(647680K)->164989K(647680K) Eden: 129536K(129536K)->129536K(129536K) From: 35453K(518144K)->35453K(518144K)
[142.213s][info][gc,heap        ] GC(352) ParOldGen: 10513188K(10513408K)->10513188K(10513408K)
[142.213s][info][gc,metaspace   ] GC(352) Metaspace: 6297K(6464K)->6297K(6464K) NonClass: 5763K(5824K)->5763K(5824K) Class: 533K(640K)->533K(640K)
[142.213s][info][gc             ] GC(352) Pause Full (Ergonomics) 10427M->10427M(10899M) 3198.563ms
[142.213s][info][gc,cpu         ] GC(352) User=24.69s Sys=0.00s Real=3.20s
[142.213s][info][gc,start       ] GC(353) Pause Full (Ergonomics)
[142.213s][info][gc,phases,start] GC(353) Marking Phase
[144.644s][info][gc,phases      ] GC(353) Marking Phase 2430.661ms
[144.644s][info][gc,phases,start] GC(353) Summary Phase
[144.644s][info][gc,phases      ] GC(353) Summary Phase 0.100ms
[144.644s][info][gc,phases,start] GC(353) Adjust Roots
[144.644s][info][gc,phases      ] GC(353) Adjust Roots 0.167ms
[144.644s][info][gc,phases,start] GC(353) Compaction Phase
[145.345s][info][gc,phases      ] GC(353) Compaction Phase 700.685ms
[145.345s][info][gc,phases,start] GC(353) Post Compact
[145.360s][info][gc,phases      ] GC(353) Post Compact 15.175ms
[145.360s][info][gc,heap        ] GC(353) PSYoungGen: 164989K(647680K)->164989K(647680K) Eden: 129536K(129536K)->129536K(129536K) From: 35453K(518144K)->35453K(518144K)
[145.360s][info][gc,heap        ] GC(353) ParOldGen: 10513193K(10513408K)->10513193K(10513408K)
[145.360s][info][gc,metaspace   ] GC(353) Metaspace: 6297K(6464K)->6297K(6464K) NonClass: 5763K(5824K)->5763K(5824K) Class: 533K(640K)->533K(640K)
[145.360s][info][gc             ] GC(353) Pause Full (Ergonomics) 10427M->10427M(10899M) 3147.235ms
[145.360s][info][gc,cpu         ] GC(353) User=24.34s Sys=0.02s Real=3.15s
[145.361s][info][gc,start       ] GC(354) Pause Full (Ergonomics)
[145.361s][info][gc,phases,start] GC(354) Marking Phase
[147.800s][info][gc,phases      ] GC(354) Marking Phase 2439.470ms
[147.800s][info][gc,phases,start] GC(354) Summary Phase
[147.800s][info][gc,phases      ] GC(354) Summary Phase 0.103ms
[147.800s][info][gc,phases,start] GC(354) Adjust Roots
[147.800s][info][gc,phases      ] GC(354) Adjust Roots 0.177ms
[147.801s][info][gc,phases,start] GC(354) Compaction Phase
[148.504s][info][gc,phases      ] GC(354) Compaction Phase 703.168ms
[148.504s][info][gc,phases,start] GC(354) Post Compact
[148.518s][info][gc,phases      ] GC(354) Post Compact 14.577ms
[148.518s][info][gc,heap        ] GC(354) PSYoungGen: 164989K(647680K)->164989K(647680K) Eden: 129536K(129536K)->129536K(129536K) From: 35453K(518144K)->35453K(518144K)
[148.518s][info][gc,heap        ] GC(354) ParOldGen: 10513198K(10513408K)->10513198K(10513408K)
[148.518s][info][gc,metaspace   ] GC(354) Metaspace: 6297K(6464K)->6297K(6464K) NonClass: 5763K(5824K)->5763K(5824K) Class: 533K(640K)->533K(640K)
[148.518s][info][gc             ] GC(354) Pause Full (Ergonomics) 10427M->10427M(10899M) 3157.854ms
[148.518s][info][gc,cpu         ] GC(354) User=24.52s Sys=0.00s Real=3.16s
[148.519s][info][gc,start       ] GC(355) Pause Full (Ergonomics)
[148.519s][info][gc,phases,start] GC(355) Marking Phase
[150.996s][info][gc,phases      ] GC(355) Marking Phase 2477.492ms
[150.996s][info][gc,phases,start] GC(355) Summary Phase
[150.996s][info][gc,phases      ] GC(355) Summary Phase 0.103ms
[150.996s][info][gc,phases,start] GC(355) Adjust Roots
[150.997s][info][gc,phases      ] GC(355) Adjust Roots 0.171ms
[150.997s][info][gc,phases,start] GC(355) Compaction Phase
[151.728s][info][gc,phases      ] GC(355) Compaction Phase 731.308ms
[151.728s][info][gc,phases,start] GC(355) Post Compact
[151.743s][info][gc,phases      ] GC(355) Post Compact 15.185ms
[151.743s][info][gc,heap        ] GC(355) PSYoungGen: 164989K(647680K)->164989K(647680K) Eden: 129536K(129536K)->129536K(129536K) From: 35453K(518144K)->35453K(518144K)
[151.743s][info][gc,heap        ] GC(355) ParOldGen: 10513203K(10513408K)->10513203K(10513408K)
[151.743s][info][gc,metaspace   ] GC(355) Metaspace: 6297K(6464K)->6297K(6464K) NonClass: 5763K(5824K)->5763K(5824K) Class: 533K(640K)->533K(640K)
[151.743s][info][gc             ] GC(355) Pause Full (Ergonomics) 10427M->10427M(10899M) 3224.607ms
[151.743s][info][gc,cpu         ] GC(355) User=24.73s Sys=0.03s Real=3.22s
[151.743s][info][gc,start       ] GC(356) Pause Full (Ergonomics)
[151.744s][info][gc,phases,start] GC(356) Marking Phase
[154.201s][info][gc,phases      ] GC(356) Marking Phase 2457.861ms
[154.201s][info][gc,phases,start] GC(356) Summary Phase
[154.202s][info][gc,phases      ] GC(356) Summary Phase 0.097ms
[154.202s][info][gc,phases,start] GC(356) Adjust Roots
[154.202s][info][gc,phases      ] GC(356) Adjust Roots 0.160ms
[154.202s][info][gc,phases,start] GC(356) Compaction Phase
[154.916s][info][gc,phases      ] GC(356) Compaction Phase 714.031ms
[154.916s][info][gc,phases,start] GC(356) Post Compact
[154.930s][info][gc,phases      ] GC(356) Post Compact 13.768ms
[154.930s][info][gc,heap        ] GC(356) PSYoungGen: 164989K(647680K)->164989K(647680K) Eden: 129536K(129536K)->129536K(129536K) From: 35453K(518144K)->35453K(518144K)
[154.930s][info][gc,heap        ] GC(356) ParOldGen: 10513208K(10513408K)->10513208K(10513408K)
[154.930s][info][gc,metaspace   ] GC(356) Metaspace: 6297K(6464K)->6297K(6464K) NonClass: 5763K(5824K)->5763K(5824K) Class: 533K(640K)->533K(640K)
[154.930s][info][gc             ] GC(356) Pause Full (Ergonomics) 10427M->10427M(10899M) 3186.270ms
[154.930s][info][gc,cpu         ] GC(356) User=24.70s Sys=0.00s Real=3.19s
[154.930s][info][gc,start       ] GC(357) Pause Full (Ergonomics)
[154.930s][info][gc,phases,start] GC(357) Marking Phase
[157.384s][info][gc,phases      ] GC(357) Marking Phase 2454.061ms
[157.384s][info][gc,phases,start] GC(357) Summary Phase
[157.384s][info][gc,phases      ] GC(357) Summary Phase 0.190ms
[157.384s][info][gc,phases,start] GC(357) Adjust Roots
[157.385s][info][gc,phases      ] GC(357) Adjust Roots 0.306ms
[157.385s][info][gc,phases,start] GC(357) Compaction Phase
[158.117s][info][gc,phases      ] GC(357) Compaction Phase 731.724ms
[158.117s][info][gc,phases,start] GC(357) Post Compact
[158.131s][info][gc,phases      ] GC(357) Post Compact 13.996ms
[158.131s][info][gc,heap        ] GC(357) PSYoungGen: 164989K(647680K)->164989K(647680K) Eden: 129536K(129536K)->129536K(129536K) From: 35453K(518144K)->35453K(518144K)
[158.131s][info][gc,heap        ] GC(357) ParOldGen: 10513212K(10513408K)->10513212K(10513408K)
[158.131s][info][gc,metaspace   ] GC(357) Metaspace: 6297K(6464K)->6297K(6464K) NonClass: 5763K(5824K)->5763K(5824K) Class: 533K(640K)->533K(640K)
[158.131s][info][gc             ] GC(357) Pause Full (Ergonomics) 10427M->10427M(10899M) 3200.700ms
[158.131s][info][gc,cpu         ] GC(357) User=24.70s Sys=0.00s Real=3.20s
[158.131s][info][gc,start       ] GC(358) Pause Full (Ergonomics)
[158.131s][info][gc,phases,start] GC(358) Marking Phase
[160.527s][info][gc,phases      ] GC(358) Marking Phase 2396.045ms
[160.527s][info][gc,phases,start] GC(358) Summary Phase
[160.527s][info][gc,phases      ] GC(358) Summary Phase 0.098ms
[160.527s][info][gc,phases,start] GC(358) Adjust Roots
[160.527s][info][gc,phases      ] GC(358) Adjust Roots 0.170ms
[160.527s][info][gc,phases,start] GC(358) Compaction Phase
[161.235s][info][gc,phases      ] GC(358) Compaction Phase 707.921ms
[161.235s][info][gc,phases,start] GC(358) Post Compact
[161.249s][info][gc,phases      ] GC(358) Post Compact 13.687ms
[161.249s][info][gc,heap        ] GC(358) PSYoungGen: 164989K(647680K)->164989K(647680K) Eden: 129536K(129536K)->129536K(129536K) From: 35453K(518144K)->35453K(518144K)
[161.249s][info][gc,heap        ] GC(358) ParOldGen: 10513217K(10513408K)->10513217K(10513408K)
[161.249s][info][gc,metaspace   ] GC(358) Metaspace: 6297K(6464K)->6297K(6464K) NonClass: 5763K(5824K)->5763K(5824K) Class: 533K(640K)->533K(640K)
[161.249s][info][gc             ] GC(358) Pause Full (Ergonomics) 10427M->10427M(10899M) 3118.268ms
[161.249s][info][gc,cpu         ] GC(358) User=24.11s Sys=0.00s Real=3.12s
[161.249s][info][gc,start       ] GC(359) Pause Full (Ergonomics)
[161.249s][info][gc,phases,start] GC(359) Marking Phase
[163.692s][info][gc,phases      ] GC(359) Marking Phase 2442.794ms
[163.692s][info][gc,phases,start] GC(359) Summary Phase
[163.692s][info][gc,phases      ] GC(359) Summary Phase 0.097ms
[163.692s][info][gc,phases,start] GC(359) Adjust Roots
[163.693s][info][gc,phases      ] GC(359) Adjust Roots 0.166ms
[163.693s][info][gc,phases,start] GC(359) Compaction Phase
[164.405s][info][gc,phases      ] GC(359) Compaction Phase 712.769ms
[164.405s][info][gc,phases,start] GC(359) Post Compact
[164.419s][info][gc,phases      ] GC(359) Post Compact 13.582ms
[164.419s][info][gc,heap        ] GC(359) PSYoungGen: 164989K(647680K)->164989K(647680K) Eden: 129536K(129536K)->129536K(129536K) From: 35453K(518144K)->35453K(518144K)
[164.419s][info][gc,heap        ] GC(359) ParOldGen: 10513222K(10513408K)->10513222K(10513408K)
[164.419s][info][gc,metaspace   ] GC(359) Metaspace: 6297K(6464K)->6297K(6464K) NonClass: 5763K(5824K)->5763K(5824K) Class: 533K(640K)->533K(640K)
[164.419s][info][gc             ] GC(359) Pause Full (Ergonomics) 10427M->10427M(10899M) 3169.757ms
[164.419s][info][gc,cpu         ] GC(359) User=24.67s Sys=0.00s Real=3.17s
[164.419s][info][gc,start       ] GC(360) Pause Full (Ergonomics)
[164.419s][info][gc,phases,start] GC(360) Marking Phase
[166.813s][info][gc,phases      ] GC(360) Marking Phase 2393.327ms
[166.813s][info][gc,phases,start] GC(360) Summary Phase
[166.813s][info][gc,phases      ] GC(360) Summary Phase 0.152ms
[166.813s][info][gc,phases,start] GC(360) Adjust Roots
[166.813s][info][gc,phases      ] GC(360) Adjust Roots 0.356ms
[166.813s][info][gc,phases,start] GC(360) Compaction Phase
[167.533s][info][gc,phases      ] GC(360) Compaction Phase 719.828ms
[167.533s][info][gc,phases,start] GC(360) Post Compact
[167.549s][info][gc,phases      ] GC(360) Post Compact 15.755ms
[167.549s][info][gc,heap        ] GC(360) PSYoungGen: 164989K(647680K)->164989K(647680K) Eden: 129536K(129536K)->129536K(129536K) From: 35453K(518144K)->35453K(518144K)
[167.549s][info][gc,heap        ] GC(360) ParOldGen: 10513227K(10513408K)->10513227K(10513408K)
[167.549s][info][gc,metaspace   ] GC(360) Metaspace: 6297K(6464K)->6297K(6464K) NonClass: 5763K(5824K)->5763K(5824K) Class: 533K(640K)->533K(640K)
[167.549s][info][gc             ] GC(360) Pause Full (Ergonomics) 10427M->10427M(10899M) 3129.789ms
[167.549s][info][gc,cpu         ] GC(360) User=24.11s Sys=0.00s Real=3.13s
[167.549s][info][gc,start       ] GC(361) Pause Full (Ergonomics)
[167.549s][info][gc,phases,start] GC(361) Marking Phase
[169.974s][info][gc,phases      ] GC(361) Marking Phase 2424.533ms
[169.974s][info][gc,phases,start] GC(361) Summary Phase
[169.974s][info][gc,phases      ] GC(361) Summary Phase 0.129ms
[169.974s][info][gc,phases,start] GC(361) Adjust Roots
[169.974s][info][gc,phases      ] GC(361) Adjust Roots 0.217ms
[169.974s][info][gc,phases,start] GC(361) Compaction Phase
[170.689s][info][gc,phases      ] GC(361) Compaction Phase 714.948ms
[170.689s][info][gc,phases,start] GC(361) Post Compact
[170.704s][info][gc,phases      ] GC(361) Post Compact 14.189ms
[170.704s][info][gc,heap        ] GC(361) PSYoungGen: 164989K(647680K)->164989K(647680K) Eden: 129536K(129536K)->129536K(129536K) From: 35453K(518144K)->35453K(518144K)
[170.704s][info][gc,heap        ] GC(361) ParOldGen: 10513232K(10513408K)->10513232K(10513408K)
[170.704s][info][gc,metaspace   ] GC(361) Metaspace: 6297K(6464K)->6297K(6464K) NonClass: 5763K(5824K)->5763K(5824K) Class: 533K(640K)->533K(640K)
[170.704s][info][gc             ] GC(361) Pause Full (Ergonomics) 10427M->10427M(10899M) 3154.368ms
[170.704s][info][gc,cpu         ] GC(361) User=24.58s Sys=0.02s Real=3.15s
[170.704s][info][gc,start       ] GC(362) Pause Full (Ergonomics)
[170.704s][info][gc,phases,start] GC(362) Marking Phase
[173.110s][info][gc,phases      ] GC(362) Marking Phase 2405.699ms
[173.110s][info][gc,phases,start] GC(362) Summary Phase
[173.110s][info][gc,phases      ] GC(362) Summary Phase 0.111ms
[173.110s][info][gc,phases,start] GC(362) Adjust Roots
[173.110s][info][gc,phases      ] GC(362) Adjust Roots 0.258ms
[173.110s][info][gc,phases,start] GC(362) Compaction Phase
[173.833s][info][gc,phases      ] GC(362) Compaction Phase 723.188ms
[173.833s][info][gc,phases,start] GC(362) Post Compact
[173.848s][info][gc,phases      ] GC(362) Post Compact 14.475ms
[173.848s][info][gc,heap        ] GC(362) PSYoungGen: 164989K(647680K)->164989K(647680K) Eden: 129536K(129536K)->129536K(129536K) From: 35453K(518144K)->35453K(518144K)
[173.848s][info][gc,heap        ] GC(362) ParOldGen: 10513237K(10513408K)->10513237K(10513408K)
[173.848s][info][gc,metaspace   ] GC(362) Metaspace: 6297K(6464K)->6297K(6464K) NonClass: 5763K(5824K)->5763K(5824K) Class: 533K(640K)->533K(640K)
[173.848s][info][gc             ] GC(362) Pause Full (Ergonomics) 10427M->10427M(10899M) 3144.099ms
[173.848s][info][gc,cpu         ] GC(362) User=24.20s Sys=0.05s Real=3.14s
[173.848s][info][gc,start       ] GC(363) Pause Full (Ergonomics)
[173.848s][info][gc,phases,start] GC(363) Marking Phase
[176.276s][info][gc,phases      ] GC(363) Marking Phase 2427.950ms
[176.276s][info][gc,phases,start] GC(363) Summary Phase
[176.276s][info][gc,phases      ] GC(363) Summary Phase 0.097ms
[176.276s][info][gc,phases,start] GC(363) Adjust Roots
[176.277s][info][gc,phases      ] GC(363) Adjust Roots 0.162ms
[176.277s][info][gc,phases,start] GC(363) Compaction Phase
[176.993s][info][gc,phases      ] GC(363) Compaction Phase 716.057ms
[176.993s][info][gc,phases,start] GC(363) Post Compact
[177.007s][info][gc,phases      ] GC(363) Post Compact 14.573ms
[177.007s][info][gc,heap        ] GC(363) PSYoungGen: 164989K(647680K)->164989K(647680K) Eden: 129536K(129536K)->129536K(129536K) From: 35453K(518144K)->35453K(518144K)
[177.007s][info][gc,heap        ] GC(363) ParOldGen: 10513241K(10513408K)->10513241K(10513408K)
[177.007s][info][gc,metaspace   ] GC(363) Metaspace: 6297K(6464K)->6297K(6464K) NonClass: 5763K(5824K)->5763K(5824K) Class: 533K(640K)->533K(640K)
[177.007s][info][gc             ] GC(363) Pause Full (Ergonomics) 10427M->10427M(10899M) 3159.193ms
[177.007s][info][gc,cpu         ] GC(363) User=24.50s Sys=0.00s Real=3.16s
[177.008s][info][gc,start       ] GC(364) Pause Full (Ergonomics)
[177.008s][info][gc,phases,start] GC(364) Marking Phase
[179.468s][info][gc,phases      ] GC(364) Marking Phase 2460.535ms
[179.468s][info][gc,phases,start] GC(364) Summary Phase
[179.468s][info][gc,phases      ] GC(364) Summary Phase 0.115ms
[179.468s][info][gc,phases,start] GC(364) Adjust Roots
[179.469s][info][gc,phases      ] GC(364) Adjust Roots 0.254ms
[179.469s][info][gc,phases,start] GC(364) Compaction Phase
[180.200s][info][gc,phases      ] GC(364) Compaction Phase 731.108ms
[180.200s][info][gc,phases,start] GC(364) Post Compact
[180.215s][info][gc,phases      ] GC(364) Post Compact 14.880ms
[180.215s][info][gc,heap        ] GC(364) PSYoungGen: 164989K(647680K)->164989K(647680K) Eden: 129536K(129536K)->129536K(129536K) From: 35453K(518144K)->35453K(518144K)
[180.215s][info][gc,heap        ] GC(364) ParOldGen: 10513246K(10513408K)->10513246K(10513408K)
[180.215s][info][gc,metaspace   ] GC(364) Metaspace: 6297K(6464K)->6297K(6464K) NonClass: 5763K(5824K)->5763K(5824K) Class: 533K(640K)->533K(640K)
[180.215s][info][gc             ] GC(364) Pause Full (Ergonomics) 10427M->10427M(10899M) 3207.261ms
[180.215s][info][gc,cpu         ] GC(364) User=24.44s Sys=0.02s Real=3.21s
[180.215s][info][gc,start       ] GC(365) Pause Full (Ergonomics)
[180.215s][info][gc,phases,start] GC(365) Marking Phase
[182.654s][info][gc,phases      ] GC(365) Marking Phase 2438.952ms
[182.654s][info][gc,phases,start] GC(365) Summary Phase
[182.654s][info][gc,phases      ] GC(365) Summary Phase 0.112ms
[182.654s][info][gc,phases,start] GC(365) Adjust Roots
[182.655s][info][gc,phases      ] GC(365) Adjust Roots 0.204ms
[182.655s][info][gc,phases,start] GC(365) Compaction Phase
[183.412s][info][gc,phases      ] GC(365) Compaction Phase 756.924ms
[183.412s][info][gc,phases,start] GC(365) Post Compact
[183.429s][info][gc,phases      ] GC(365) Post Compact 17.079ms
[183.429s][info][gc,heap        ] GC(365) PSYoungGen: 164989K(647680K)->164989K(647680K) Eden: 129536K(129536K)->129536K(129536K) From: 35453K(518144K)->35453K(518144K)
[183.429s][info][gc,heap        ] GC(365) ParOldGen: 10513251K(10513408K)->10513251K(10513408K)
[183.429s][info][gc,metaspace   ] GC(365) Metaspace: 6297K(6464K)->6297K(6464K) NonClass: 5763K(5824K)->5763K(5824K) Class: 533K(640K)->533K(640K)
[183.429s][info][gc             ] GC(365) Pause Full (Ergonomics) 10427M->10427M(10899M) 3213.663ms
[183.429s][info][gc,cpu         ] GC(365) User=24.58s Sys=0.00s Real=3.21s
[183.429s][info][gc,start       ] GC(366) Pause Full (Ergonomics)
[183.429s][info][gc,phases,start] GC(366) Marking Phase
[185.899s][info][gc,phases      ] GC(366) Marking Phase 2469.471ms
[185.899s][info][gc,phases,start] GC(366) Summary Phase
[185.899s][info][gc,phases      ] GC(366) Summary Phase 0.106ms
[185.899s][info][gc,phases,start] GC(366) Adjust Roots
[185.899s][info][gc,phases      ] GC(366) Adjust Roots 0.197ms
[185.899s][info][gc,phases,start] GC(366) Compaction Phase
[186.639s][info][gc,phases      ] GC(366) Compaction Phase 740.133ms
[186.639s][info][gc,phases,start] GC(366) Post Compact
[186.655s][info][gc,phases      ] GC(366) Post Compact 15.608ms
[186.655s][info][gc,heap        ] GC(366) PSYoungGen: 164989K(647680K)->164989K(647680K) Eden: 129536K(129536K)->129536K(129536K) From: 35453K(518144K)->35453K(518144K)
[186.655s][info][gc,heap        ] GC(366) ParOldGen: 10513256K(10513408K)->10513256K(10513408K)
[186.655s][info][gc,metaspace   ] GC(366) Metaspace: 6297K(6464K)->6297K(6464K) NonClass: 5763K(5824K)->5763K(5824K) Class: 533K(640K)->533K(640K)
[186.655s][info][gc             ] GC(366) Pause Full (Ergonomics) 10427M->10427M(10899M) 3225.905ms
[186.655s][info][gc,cpu         ] GC(366) User=24.64s Sys=0.00s Real=3.23s
[186.655s][info][gc,start       ] GC(367) Pause Full (Ergonomics)
[186.655s][info][gc,phases,start] GC(367) Marking Phase
[189.076s][info][gc,phases      ] GC(367) Marking Phase 2420.578ms
[189.076s][info][gc,phases,start] GC(367) Summary Phase
[189.076s][info][gc,phases      ] GC(367) Summary Phase 0.140ms
[189.076s][info][gc,phases,start] GC(367) Adjust Roots
[189.076s][info][gc,phases      ] GC(367) Adjust Roots 0.251ms
[189.076s][info][gc,phases,start] GC(367) Compaction Phase
[189.815s][info][gc,phases      ] GC(367) Compaction Phase 738.470ms
[189.815s][info][gc,phases,start] GC(367) Post Compact
[189.832s][info][gc,phases      ] GC(367) Post Compact 16.880ms
[189.832s][info][gc,heap        ] GC(367) PSYoungGen: 164989K(647680K)->164989K(647680K) Eden: 129536K(129536K)->129536K(129536K) From: 35453K(518144K)->35453K(518144K)
[189.832s][info][gc,heap        ] GC(367) ParOldGen: 10513261K(10513408K)->10513261K(10513408K)
[189.832s][info][gc,metaspace   ] GC(367) Metaspace: 6297K(6464K)->6297K(6464K) NonClass: 5763K(5824K)->5763K(5824K) Class: 533K(640K)->533K(640K)
[189.832s][info][gc             ] GC(367) Pause Full (Ergonomics) 10427M->10427M(10899M) 3176.701ms
[189.832s][info][gc,cpu         ] GC(367) User=24.44s Sys=0.00s Real=3.18s
[189.832s][info][gc,start       ] GC(368) Pause Full (Ergonomics)
[189.832s][info][gc,phases,start] GC(368) Marking Phase
[192.301s][info][gc,phases      ] GC(368) Marking Phase 2469.333ms
[192.302s][info][gc,phases,start] GC(368) Summary Phase
[192.302s][info][gc,phases      ] GC(368) Summary Phase 0.100ms
[192.302s][info][gc,phases,start] GC(368) Adjust Roots
[192.302s][info][gc,phases      ] GC(368) Adjust Roots 0.171ms
[192.302s][info][gc,phases,start] GC(368) Compaction Phase
[193.033s][info][gc,phases      ] GC(368) Compaction Phase 731.301ms
[193.033s][info][gc,phases,start] GC(368) Post Compact
[193.049s][info][gc,phases      ] GC(368) Post Compact 16.206ms
[193.049s][info][gc,heap        ] GC(368) PSYoungGen: 164989K(647680K)->164989K(647680K) Eden: 129536K(129536K)->129536K(129536K) From: 35453K(518144K)->35453K(518144K)
[193.049s][info][gc,heap        ] GC(368) ParOldGen: 10513266K(10513408K)->10513266K(10513408K)
[193.050s][info][gc,metaspace   ] GC(368) Metaspace: 6297K(6464K)->6297K(6464K) NonClass: 5763K(5824K)->5763K(5824K) Class: 533K(640K)->533K(640K)
[193.050s][info][gc             ] GC(368) Pause Full (Ergonomics) 10427M->10427M(10899M) 3217.459ms
[193.050s][info][gc,cpu         ] GC(368) User=23.98s Sys=0.00s Real=3.22s
[193.050s][info][gc,start       ] GC(369) Pause Full (Ergonomics)
[193.050s][info][gc,phases,start] GC(369) Marking Phase
[195.456s][info][gc,phases      ] GC(369) Marking Phase 2406.663ms
[195.457s][info][gc,phases,start] GC(369) Summary Phase
[195.457s][info][gc,phases      ] GC(369) Summary Phase 0.137ms
[195.457s][info][gc,phases,start] GC(369) Adjust Roots
[195.457s][info][gc,phases      ] GC(369) Adjust Roots 0.259ms
[195.457s][info][gc,phases,start] GC(369) Compaction Phase
[196.235s][info][gc,phases      ] GC(369) Compaction Phase 777.967ms
[196.235s][info][gc,phases,start] GC(369) Post Compact
[196.253s][info][gc,phases      ] GC(369) Post Compact 17.789ms
[196.253s][info][gc,heap        ] GC(369) PSYoungGen: 164989K(647680K)->164989K(647680K) Eden: 129536K(129536K)->129536K(129536K) From: 35453K(518144K)->35453K(518144K)
[196.253s][info][gc,heap        ] GC(369) ParOldGen: 10513270K(10513408K)->10513270K(10513408K)
[196.253s][info][gc,metaspace   ] GC(369) Metaspace: 6297K(6464K)->6297K(6464K) NonClass: 5763K(5824K)->5763K(5824K) Class: 533K(640K)->533K(640K)
[196.253s][info][gc             ] GC(369) Pause Full (Ergonomics) 10427M->10427M(10899M) 3203.191ms
[196.253s][info][gc,cpu         ] GC(369) User=24.47s Sys=0.00s Real=3.20s
[196.253s][info][gc,start       ] GC(370) Pause Full (Ergonomics)
[196.253s][info][gc,phases,start] GC(370) Marking Phase
[198.665s][info][gc,phases      ] GC(370) Marking Phase 2411.511ms
[198.665s][info][gc,phases,start] GC(370) Summary Phase
[198.665s][info][gc,phases      ] GC(370) Summary Phase 0.102ms
[198.665s][info][gc,phases,start] GC(370) Adjust Roots
[198.665s][info][gc,phases      ] GC(370) Adjust Roots 0.208ms
[198.665s][info][gc,phases,start] GC(370) Compaction Phase
[199.374s][info][gc,phases      ] GC(370) Compaction Phase 708.732ms
[199.374s][info][gc,phases,start] GC(370) Post Compact
[199.388s][info][gc,phases      ] GC(370) Post Compact 14.579ms
[199.389s][info][gc,heap        ] GC(370) PSYoungGen: 164989K(647680K)->164989K(647680K) Eden: 129536K(129536K)->129536K(129536K) From: 35453K(518144K)->35453K(518144K)
[199.389s][info][gc,heap        ] GC(370) ParOldGen: 10513275K(10513408K)->10513275K(10513408K)
[199.389s][info][gc,metaspace   ] GC(370) Metaspace: 6297K(6464K)->6297K(6464K) NonClass: 5763K(5824K)->5763K(5824K) Class: 533K(640K)->533K(640K)
[199.389s][info][gc             ] GC(370) Pause Full (Ergonomics) 10427M->10427M(10899M) 3135.476ms
[199.389s][info][gc,cpu         ] GC(370) User=24.48s Sys=0.00s Real=3.14s
[199.389s][info][gc,start       ] GC(371) Pause Full (Ergonomics)
[199.389s][info][gc,phases,start] GC(371) Marking Phase
[201.804s][info][gc,phases      ] GC(371) Marking Phase 2414.936ms
[201.804s][info][gc,phases,start] GC(371) Summary Phase
[201.804s][info][gc,phases      ] GC(371) Summary Phase 0.101ms
[201.804s][info][gc,phases,start] GC(371) Adjust Roots
[201.804s][info][gc,phases      ] GC(371) Adjust Roots 0.174ms
[201.804s][info][gc,phases,start] GC(371) Compaction Phase
[202.504s][info][gc,phases      ] GC(371) Compaction Phase 699.523ms
[202.504s][info][gc,phases,start] GC(371) Post Compact
[202.518s][info][gc,phases      ] GC(371) Post Compact 14.731ms
[202.519s][info][gc,heap        ] GC(371) PSYoungGen: 164989K(647680K)->164989K(647680K) Eden: 129536K(129536K)->129536K(129536K) From: 35453K(518144K)->35453K(518144K)
[202.519s][info][gc,heap        ] GC(371) ParOldGen: 10513280K(10513408K)->10513280K(10513408K)
[202.519s][info][gc,metaspace   ] GC(371) Metaspace: 6297K(6464K)->6297K(6464K) NonClass: 5763K(5824K)->5763K(5824K) Class: 533K(640K)->533K(640K)
[202.519s][info][gc             ] GC(371) Pause Full (Ergonomics) 10427M->10427M(10899M) 3129.789ms
[202.519s][info][gc,cpu         ] GC(371) User=24.22s Sys=0.00s Real=3.13s
[202.519s][info][gc,start       ] GC(372) Pause Full (Ergonomics)
[202.519s][info][gc,phases,start] GC(372) Marking Phase
[204.978s][info][gc,phases      ] GC(372) Marking Phase 2459.123ms
[204.978s][info][gc,phases,start] GC(372) Summary Phase
[204.978s][info][gc,phases      ] GC(372) Summary Phase 0.132ms
[204.978s][info][gc,phases,start] GC(372) Adjust Roots
[204.978s][info][gc,phases      ] GC(372) Adjust Roots 0.226ms
[204.978s][info][gc,phases,start] GC(372) Compaction Phase
[205.681s][info][gc,phases      ] GC(372) Compaction Phase 702.120ms
[205.681s][info][gc,phases,start] GC(372) Post Compact
[205.695s][info][gc,phases      ] GC(372) Post Compact 14.464ms
[205.695s][info][gc,heap        ] GC(372) PSYoungGen: 164989K(647680K)->164989K(647680K) Eden: 129536K(129536K)->129536K(129536K) From: 35453K(518144K)->35453K(518144K)
[205.695s][info][gc,heap        ] GC(372) ParOldGen: 10513285K(10513408K)->10513285K(10513408K)
[205.695s][info][gc,metaspace   ] GC(372) Metaspace: 6297K(6464K)->6297K(6464K) NonClass: 5763K(5824K)->5763K(5824K) Class: 533K(640K)->533K(640K)
[205.695s][info][gc             ] GC(372) Pause Full (Ergonomics) 10428M->10428M(10899M) 3176.441ms
[205.695s][info][gc,cpu         ] GC(372) User=24.53s Sys=0.02s Real=3.18s
[205.695s][info][gc,start       ] GC(373) Pause Full (Ergonomics)
[205.696s][info][gc,phases,start] GC(373) Marking Phase
[208.136s][info][gc,phases      ] GC(373) Marking Phase 2440.440ms
[208.136s][info][gc,phases,start] GC(373) Summary Phase
[208.136s][info][gc,phases      ] GC(373) Summary Phase 0.097ms
[208.136s][info][gc,phases,start] GC(373) Adjust Roots
[208.136s][info][gc,phases      ] GC(373) Adjust Roots 0.164ms
[208.136s][info][gc,phases,start] GC(373) Compaction Phase
[208.817s][info][gc,phases      ] GC(373) Compaction Phase 680.258ms
[208.817s][info][gc,phases,start] GC(373) Post Compact
[208.831s][info][gc,phases      ] GC(373) Post Compact 14.591ms
[208.831s][info][gc,heap        ] GC(373) PSYoungGen: 164989K(647680K)->164989K(647680K) Eden: 129536K(129536K)->129536K(129536K) From: 35453K(518144K)->35453K(518144K)
[208.831s][info][gc,heap        ] GC(373) ParOldGen: 10513290K(10513408K)->10513290K(10513408K)
[208.831s][info][gc,metaspace   ] GC(373) Metaspace: 6297K(6464K)->6297K(6464K) NonClass: 5763K(5824K)->5763K(5824K) Class: 533K(640K)->533K(640K)
[208.831s][info][gc             ] GC(373) Pause Full (Ergonomics) 10428M->10428M(10899M) 3135.918ms
[208.831s][info][gc,cpu         ] GC(373) User=24.34s Sys=0.00s Real=3.14s
[208.832s][info][gc,start       ] GC(374) Pause Full (Ergonomics)
[208.832s][info][gc,phases,start] GC(374) Marking Phase
[211.279s][info][gc,phases      ] GC(374) Marking Phase 2446.940ms
[211.279s][info][gc,phases,start] GC(374) Summary Phase
[211.279s][info][gc,phases      ] GC(374) Summary Phase 0.100ms
[211.279s][info][gc,phases,start] GC(374) Adjust Roots
[211.279s][info][gc,phases      ] GC(374) Adjust Roots 0.170ms
[211.279s][info][gc,phases,start] GC(374) Compaction Phase
[211.972s][info][gc,phases      ] GC(374) Compaction Phase 693.031ms
[211.972s][info][gc,phases,start] GC(374) Post Compact
[211.987s][info][gc,phases      ] GC(374) Post Compact 15.286ms
[211.987s][info][gc,heap        ] GC(374) PSYoungGen: 164989K(647680K)->164989K(647680K) Eden: 129536K(129536K)->129536K(129536K) From: 35453K(518144K)->35453K(518144K)
[211.987s][info][gc,heap        ] GC(374) ParOldGen: 10513295K(10513408K)->10513295K(10513408K)
[211.987s][info][gc,metaspace   ] GC(374) Metaspace: 6297K(6464K)->6297K(6464K) NonClass: 5763K(5824K)->5763K(5824K) Class: 533K(640K)->533K(640K)
[211.987s][info][gc             ] GC(374) Pause Full (Ergonomics) 10428M->10428M(10899M) 3155.885ms
[211.988s][info][gc,cpu         ] GC(374) User=24.20s Sys=0.00s Real=3.15s
[211.988s][info][gc,start       ] GC(375) Pause Full (Ergonomics)
[211.988s][info][gc,phases,start] GC(375) Marking Phase
[214.427s][info][gc,phases      ] GC(375) Marking Phase 2439.128ms
[214.427s][info][gc,phases,start] GC(375) Summary Phase
[214.427s][info][gc,phases      ] GC(375) Summary Phase 0.109ms
[214.427s][info][gc,phases,start] GC(375) Adjust Roots
[214.427s][info][gc,phases      ] GC(375) Adjust Roots 0.181ms
[214.427s][info][gc,phases,start] GC(375) Compaction Phase
[215.117s][info][gc,phases      ] GC(375) Compaction Phase 690.086ms
[215.117s][info][gc,phases,start] GC(375) Post Compact
[215.133s][info][gc,phases      ] GC(375) Post Compact 15.446ms
[215.133s][info][gc,heap        ] GC(375) PSYoungGen: 164989K(647680K)->164989K(647680K) Eden: 129536K(129536K)->129536K(129536K) From: 35453K(518144K)->35453K(518144K)
[215.133s][info][gc,heap        ] GC(375) ParOldGen: 10513299K(10513408K)->10513299K(10513408K)
[215.133s][info][gc,metaspace   ] GC(375) Metaspace: 6297K(6464K)->6297K(6464K) NonClass: 5763K(5824K)->5763K(5824K) Class: 533K(640K)->533K(640K)
[215.133s][info][gc             ] GC(375) Pause Full (Ergonomics) 10428M->10428M(10899M) 3145.339ms
[215.133s][info][gc,cpu         ] GC(375) User=24.14s Sys=0.00s Real=3.14s
[215.133s][info][gc,start       ] GC(376) Pause Full (Ergonomics)
[215.133s][info][gc,phases,start] GC(376) Marking Phase
[217.572s][info][gc,phases      ] GC(376) Marking Phase 2439.023ms
[217.572s][info][gc,phases,start] GC(376) Summary Phase
[217.573s][info][gc,phases      ] GC(376) Summary Phase 0.124ms
[217.573s][info][gc,phases,start] GC(376) Adjust Roots
[217.573s][info][gc,phases      ] GC(376) Adjust Roots 0.255ms
[217.573s][info][gc,phases,start] GC(376) Compaction Phase
[218.263s][info][gc,phases      ] GC(376) Compaction Phase 689.979ms
[218.263s][info][gc,phases,start] GC(376) Post Compact
[218.278s][info][gc,phases      ] GC(376) Post Compact 15.597ms
[218.279s][info][gc,heap        ] GC(376) PSYoungGen: 164989K(647680K)->164989K(647680K) Eden: 129536K(129536K)->129536K(129536K) From: 35453K(518144K)->35453K(518144K)
[218.279s][info][gc,heap        ] GC(376) ParOldGen: 10513304K(10513408K)->10513304K(10513408K)
[218.279s][info][gc,metaspace   ] GC(376) Metaspace: 6297K(6464K)->6297K(6464K) NonClass: 5763K(5824K)->5763K(5824K) Class: 533K(640K)->533K(640K)
[218.279s][info][gc             ] GC(376) Pause Full (Ergonomics) 10428M->10428M(10899M) 3145.370ms
[218.279s][info][gc,cpu         ] GC(376) User=24.14s Sys=0.00s Real=3.15s
[218.279s][info][gc,start       ] GC(377) Pause Full (Ergonomics)
[218.279s][info][gc,phases,start] GC(377) Marking Phase
[220.707s][info][gc,phases      ] GC(377) Marking Phase 2428.131ms
[220.707s][info][gc,phases,start] GC(377) Summary Phase
[220.707s][info][gc,phases      ] GC(377) Summary Phase 0.105ms
[220.707s][info][gc,phases,start] GC(377) Adjust Roots
[220.707s][info][gc,phases      ] GC(377) Adjust Roots 0.168ms
[220.707s][info][gc,phases,start] GC(377) Compaction Phase
[221.390s][info][gc,phases      ] GC(377) Compaction Phase 682.413ms
[221.390s][info][gc,phases,start] GC(377) Post Compact
[221.405s][info][gc,phases      ] GC(377) Post Compact 15.468ms
[221.405s][info][gc,heap        ] GC(377) PSYoungGen: 164989K(647680K)->164989K(647680K) Eden: 129536K(129536K)->129536K(129536K) From: 35453K(518144K)->35453K(518144K)
[221.405s][info][gc,heap        ] GC(377) ParOldGen: 10513309K(10513408K)->10513309K(10513408K)
[221.405s][info][gc,metaspace   ] GC(377) Metaspace: 6297K(6464K)->6297K(6464K) NonClass: 5763K(5824K)->5763K(5824K) Class: 533K(640K)->533K(640K)
[221.405s][info][gc             ] GC(377) Pause Full (Ergonomics) 10428M->10428M(10899M) 3126.626ms
[221.405s][info][gc,cpu         ] GC(377) User=24.06s Sys=0.00s Real=3.13s
[221.406s][info][gc,start       ] GC(378) Pause Full (Ergonomics)
[221.406s][info][gc,phases,start] GC(378) Marking Phase
[223.854s][info][gc,phases      ] GC(378) Marking Phase 2448.245ms
[223.854s][info][gc,phases,start] GC(378) Summary Phase
[223.854s][info][gc,phases      ] GC(378) Summary Phase 0.137ms
[223.854s][info][gc,phases,start] GC(378) Adjust Roots
[223.854s][info][gc,phases      ] GC(378) Adjust Roots 0.188ms
[223.854s][info][gc,phases,start] GC(378) Compaction Phase
[224.537s][info][gc,phases      ] GC(378) Compaction Phase 682.624ms
[224.537s][info][gc,phases,start] GC(378) Post Compact
[224.553s][info][gc,phases      ] GC(378) Post Compact 15.471ms
[224.553s][info][gc,heap        ] GC(378) PSYoungGen: 164989K(647680K)->164989K(647680K) Eden: 129536K(129536K)->129536K(129536K) From: 35453K(518144K)->35453K(518144K)
[224.553s][info][gc,heap        ] GC(378) ParOldGen: 10513314K(10513408K)->10513314K(10513408K)
[224.553s][info][gc,metaspace   ] GC(378) Metaspace: 6297K(6464K)->6297K(6464K) NonClass: 5763K(5824K)->5763K(5824K) Class: 533K(640K)->533K(640K)
[224.553s][info][gc             ] GC(378) Pause Full (Ergonomics) 10428M->10428M(10899M) 3147.050ms
[224.553s][info][gc,cpu         ] GC(378) User=24.20s Sys=0.00s Real=3.15s
[224.553s][info][gc,start       ] GC(379) Pause Full (Ergonomics)
[224.553s][info][gc,phases,start] GC(379) Marking Phase
[226.969s][info][gc,phases      ] GC(379) Marking Phase 2415.597ms
[226.969s][info][gc,phases,start] GC(379) Summary Phase
[226.969s][info][gc,phases      ] GC(379) Summary Phase 0.098ms
[226.969s][info][gc,phases,start] GC(379) Adjust Roots
[226.969s][info][gc,phases      ] GC(379) Adjust Roots 0.167ms
[226.969s][info][gc,phases,start] GC(379) Compaction Phase
[227.661s][info][gc,phases      ] GC(379) Compaction Phase 691.960ms
[227.661s][info][gc,phases,start] GC(379) Post Compact
[227.676s][info][gc,phases      ] GC(379) Post Compact 15.502ms
[227.677s][info][gc,heap        ] GC(379) PSYoungGen: 164989K(647680K)->164989K(647680K) Eden: 129536K(129536K)->129536K(129536K) From: 35453K(518144K)->35453K(518144K)
[227.677s][info][gc,heap        ] GC(379) ParOldGen: 10513319K(10513408K)->10513319K(10513408K)
[227.677s][info][gc,metaspace   ] GC(379) Metaspace: 6297K(6464K)->6297K(6464K) NonClass: 5763K(5824K)->5763K(5824K) Class: 533K(640K)->533K(640K)
[227.677s][info][gc             ] GC(379) Pause Full (Ergonomics) 10428M->10428M(10899M) 3123.648ms
[227.677s][info][gc,cpu         ] GC(379) User=24.03s Sys=0.00s Real=3.12s
[227.677s][info][gc,start       ] GC(380) Pause Full (Ergonomics)
[227.677s][info][gc,phases,start] GC(380) Marking Phase
[230.099s][info][gc,phases      ] GC(380) Marking Phase 2421.734ms
[230.099s][info][gc,phases,start] GC(380) Summary Phase
[230.099s][info][gc,phases      ] GC(380) Summary Phase 0.100ms
[230.099s][info][gc,phases,start] GC(380) Adjust Roots
[230.099s][info][gc,phases      ] GC(380) Adjust Roots 0.163ms
[230.099s][info][gc,phases,start] GC(380) Compaction Phase
[230.785s][info][gc,phases      ] GC(380) Compaction Phase 686.489ms
[230.786s][info][gc,phases,start] GC(380) Post Compact
[230.801s][info][gc,phases      ] GC(380) Post Compact 15.636ms
[230.801s][info][gc,heap        ] GC(380) PSYoungGen: 164989K(647680K)->164989K(647680K) Eden: 129536K(129536K)->129536K(129536K) From: 35453K(518144K)->35453K(518144K)
[230.801s][info][gc,heap        ] GC(380) ParOldGen: 10513324K(10513408K)->10513324K(10513408K)
[230.801s][info][gc,metaspace   ] GC(380) Metaspace: 6297K(6464K)->6297K(6464K) NonClass: 5763K(5824K)->5763K(5824K) Class: 533K(640K)->533K(640K)
[230.801s][info][gc             ] GC(380) Pause Full (Ergonomics) 10428M->10428M(10899M) 3124.464ms
[230.801s][info][gc,cpu         ] GC(380) User=24.05s Sys=0.00s Real=3.12s
[230.802s][info][gc,start       ] GC(381) Pause Full (Ergonomics)
[230.802s][info][gc,phases,start] GC(381) Marking Phase
[233.251s][info][gc,phases      ] GC(381) Marking Phase 2449.313ms
[233.251s][info][gc,phases,start] GC(381) Summary Phase
[233.251s][info][gc,phases      ] GC(381) Summary Phase 0.212ms
[233.251s][info][gc,phases,start] GC(381) Adjust Roots
[233.251s][info][gc,phases      ] GC(381) Adjust Roots 0.282ms
[233.251s][info][gc,phases,start] GC(381) Compaction Phase
[233.982s][info][gc,phases      ] GC(381) Compaction Phase 730.197ms
[233.982s][info][gc,phases,start] GC(381) Post Compact
[233.998s][info][gc,phases      ] GC(381) Post Compact 16.632ms
[233.998s][info][gc,heap        ] GC(381) PSYoungGen: 164989K(647680K)->164989K(647680K) Eden: 129536K(129536K)->129536K(129536K) From: 35453K(518144K)->35453K(518144K)
[233.998s][info][gc,heap        ] GC(381) ParOldGen: 10513328K(10513408K)->10513328K(10513408K)
[233.999s][info][gc,metaspace   ] GC(381) Metaspace: 6297K(6464K)->6297K(6464K) NonClass: 5763K(5824K)->5763K(5824K) Class: 533K(640K)->533K(640K)
[233.999s][info][gc             ] GC(381) Pause Full (Ergonomics) 10428M->10428M(10899M) 3197.016ms
[233.999s][info][gc,cpu         ] GC(381) User=24.06s Sys=0.02s Real=3.20s
[233.999s][info][gc,start       ] GC(382) Pause Full (Ergonomics)
[233.999s][info][gc,phases,start] GC(382) Marking Phase
[236.460s][info][gc,phases      ] GC(382) Marking Phase 2460.767ms
[236.460s][info][gc,phases,start] GC(382) Summary Phase
[236.460s][info][gc,phases      ] GC(382) Summary Phase 0.112ms
[236.460s][info][gc,phases,start] GC(382) Adjust Roots
[236.460s][info][gc,phases      ] GC(382) Adjust Roots 0.258ms
[236.460s][info][gc,phases,start] GC(382) Compaction Phase
[237.165s][info][gc,phases      ] GC(382) Compaction Phase 704.677ms
[237.165s][info][gc,phases,start] GC(382) Post Compact
[237.181s][info][gc,phases      ] GC(382) Post Compact 16.567ms
[237.181s][info][gc,heap        ] GC(382) PSYoungGen: 164989K(647680K)->164989K(647680K) Eden: 129536K(129536K)->129536K(129536K) From: 35453K(518144K)->35453K(518144K)
[237.181s][info][gc,heap        ] GC(382) ParOldGen: 10513333K(10513408K)->10513333K(10513408K)
[237.181s][info][gc,metaspace   ] GC(382) Metaspace: 6297K(6464K)->6297K(6464K) NonClass: 5763K(5824K)->5763K(5824K) Class: 533K(640K)->533K(640K)
[237.182s][info][gc             ] GC(382) Pause Full (Ergonomics) 10428M->10428M(10899M) 3182.744ms
[237.182s][info][gc,cpu         ] GC(382) User=24.11s Sys=0.02s Real=3.18s
[237.182s][info][gc,start       ] GC(383) Pause Full (Ergonomics)
[237.182s][info][gc,phases,start] GC(383) Marking Phase
[239.638s][info][gc,phases      ] GC(383) Marking Phase 2455.744ms
[239.638s][info][gc,phases,start] GC(383) Summary Phase
[239.638s][info][gc,phases      ] GC(383) Summary Phase 0.215ms
[239.638s][info][gc,phases,start] GC(383) Adjust Roots
[239.638s][info][gc,phases      ] GC(383) Adjust Roots 0.278ms
[239.638s][info][gc,phases,start] GC(383) Compaction Phase
[240.347s][info][gc,phases      ] GC(383) Compaction Phase 708.646ms
[240.347s][info][gc,phases,start] GC(383) Post Compact
[240.366s][info][gc,phases      ] GC(383) Post Compact 19.256ms
[240.366s][info][gc,heap        ] GC(383) PSYoungGen: 164989K(647680K)->164989K(647680K) Eden: 129536K(129536K)->129536K(129536K) From: 35453K(518144K)->35453K(518144K)
[240.366s][info][gc,heap        ] GC(383) ParOldGen: 10513338K(10513408K)->10513338K(10513408K)
[240.366s][info][gc,metaspace   ] GC(383) Metaspace: 6297K(6464K)->6297K(6464K) NonClass: 5763K(5824K)->5763K(5824K) Class: 533K(640K)->533K(640K)
[240.366s][info][gc             ] GC(383) Pause Full (Ergonomics) 10428M->10428M(10899M) 3184.519ms
[240.366s][info][gc,cpu         ] GC(383) User=23.91s Sys=0.00s Real=3.18s
[240.366s][info][gc,start       ] GC(384) Pause Full (Ergonomics)
[240.366s][info][gc,phases,start] GC(384) Marking Phase
[242.822s][info][gc,phases      ] GC(384) Marking Phase 2455.550ms
[242.822s][info][gc,phases,start] GC(384) Summary Phase
[242.822s][info][gc,phases      ] GC(384) Summary Phase 0.136ms
[242.822s][info][gc,phases,start] GC(384) Adjust Roots
[242.823s][info][gc,phases      ] GC(384) Adjust Roots 0.270ms
[242.823s][info][gc,phases,start] GC(384) Compaction Phase
[243.520s][info][gc,phases      ] GC(384) Compaction Phase 697.054ms
[243.520s][info][gc,phases,start] GC(384) Post Compact
[243.538s][info][gc,phases      ] GC(384) Post Compact 17.946ms
[243.538s][info][gc,heap        ] GC(384) PSYoungGen: 164989K(647680K)->164989K(647680K) Eden: 129536K(129536K)->129536K(129536K) From: 35453K(518144K)->35453K(518144K)
[243.538s][info][gc,heap        ] GC(384) ParOldGen: 10513343K(10513408K)->10513343K(10513408K)
[243.538s][info][gc,metaspace   ] GC(384) Metaspace: 6297K(6464K)->6297K(6464K) NonClass: 5763K(5824K)->5763K(5824K) Class: 533K(640K)->533K(640K)
[243.538s][info][gc             ] GC(384) Pause Full (Ergonomics) 10428M->10428M(10899M) 3171.348ms
[243.538s][info][gc,cpu         ] GC(384) User=23.94s Sys=0.00s Real=3.17s
[243.538s][info][gc,start       ] GC(385) Pause Full (Ergonomics)
[243.538s][info][gc,phases,start] GC(385) Marking Phase
[245.972s][info][gc,phases      ] GC(385) Marking Phase 2433.563ms
[245.972s][info][gc,phases,start] GC(385) Summary Phase
[245.972s][info][gc,phases      ] GC(385) Summary Phase 0.192ms
[245.972s][info][gc,phases,start] GC(385) Adjust Roots
[245.972s][info][gc,phases      ] GC(385) Adjust Roots 0.352ms
[245.972s][info][gc,phases,start] GC(385) Compaction Phase
[246.658s][info][gc,phases      ] GC(385) Compaction Phase 685.875ms
[246.658s][info][gc,phases,start] GC(385) Post Compact
[246.677s][info][gc,phases      ] GC(385) Post Compact 18.819ms
[246.677s][info][gc,heap        ] GC(385) PSYoungGen: 164989K(647680K)->164989K(647680K) Eden: 129536K(129536K)->129536K(129536K) From: 35453K(518144K)->35453K(518144K)
[246.677s][info][gc,heap        ] GC(385) ParOldGen: 10513348K(10513408K)->10513348K(10513408K)
[246.677s][info][gc,metaspace   ] GC(385) Metaspace: 6297K(6464K)->6297K(6464K) NonClass: 5763K(5824K)->5763K(5824K) Class: 533K(640K)->533K(640K)
[246.677s][info][gc             ] GC(385) Pause Full (Ergonomics) 10428M->10428M(10899M) 3139.280ms
[246.677s][info][gc,cpu         ] GC(385) User=23.44s Sys=0.02s Real=3.14s
[246.677s][info][gc,start       ] GC(386) Pause Full (Ergonomics)
[246.677s][info][gc,phases,start] GC(386) Marking Phase
[249.106s][info][gc,phases      ] GC(386) Marking Phase 2428.276ms
[249.106s][info][gc,phases,start] GC(386) Summary Phase
[249.106s][info][gc,phases      ] GC(386) Summary Phase 0.121ms
[249.106s][info][gc,phases,start] GC(386) Adjust Roots
[249.106s][info][gc,phases      ] GC(386) Adjust Roots 0.212ms
[249.106s][info][gc,phases,start] GC(386) Compaction Phase
[249.793s][info][gc,phases      ] GC(386) Compaction Phase 687.185ms
[249.793s][info][gc,phases,start] GC(386) Post Compact
[249.810s][info][gc,phases      ] GC(386) Post Compact 16.114ms
[249.810s][info][gc,heap        ] GC(386) PSYoungGen: 164989K(647680K)->164989K(647680K) Eden: 129536K(129536K)->129536K(129536K) From: 35453K(518144K)->35453K(518144K)
[249.810s][info][gc,heap        ] GC(386) ParOldGen: 10513353K(10513408K)->10513353K(10513408K)
[249.810s][info][gc,metaspace   ] GC(386) Metaspace: 6297K(6464K)->6297K(6464K) NonClass: 5763K(5824K)->5763K(5824K) Class: 533K(640K)->533K(640K)
[249.810s][info][gc             ] GC(386) Pause Full (Ergonomics) 10428M->10428M(10899M) 3132.271ms
[249.810s][info][gc,cpu         ] GC(386) User=23.70s Sys=0.03s Real=3.13s
[249.810s][info][gc,start       ] GC(387) Pause Full (Ergonomics)
[249.810s][info][gc,phases,start] GC(387) Marking Phase
[252.282s][info][gc,phases      ] GC(387) Marking Phase 2472.452ms
[252.283s][info][gc,phases,start] GC(387) Summary Phase
[252.283s][info][gc,phases      ] GC(387) Summary Phase 0.156ms
[252.283s][info][gc,phases,start] GC(387) Adjust Roots
[252.283s][info][gc,phases      ] GC(387) Adjust Roots 0.311ms
[252.283s][info][gc,phases,start] GC(387) Compaction Phase
[252.992s][info][gc,phases      ] GC(387) Compaction Phase 709.002ms
[252.992s][info][gc,phases,start] GC(387) Post Compact
[253.011s][info][gc,phases      ] GC(387) Post Compact 19.116ms
[253.011s][info][gc,heap        ] GC(387) PSYoungGen: 164989K(647680K)->164989K(647680K) Eden: 129536K(129536K)->129536K(129536K) From: 35453K(518144K)->35453K(518144K)
[253.011s][info][gc,heap        ] GC(387) ParOldGen: 10513357K(10513408K)->10513357K(10513408K)
[253.011s][info][gc,metaspace   ] GC(387) Metaspace: 6297K(6464K)->6297K(6464K) NonClass: 5763K(5824K)->5763K(5824K) Class: 533K(640K)->533K(640K)
[253.011s][info][gc             ] GC(387) Pause Full (Ergonomics) 10428M->10428M(10899M) 3201.465ms
[253.011s][info][gc,cpu         ] GC(387) User=24.08s Sys=0.02s Real=3.20s
[253.012s][info][gc,start       ] GC(388) Pause Full (Ergonomics)
[253.012s][info][gc,phases,start] GC(388) Marking Phase
[255.417s][info][gc,phases      ] GC(388) Marking Phase 2404.883ms
[255.417s][info][gc,phases,start] GC(388) Summary Phase
[255.417s][info][gc,phases      ] GC(388) Summary Phase 0.116ms
[255.417s][info][gc,phases,start] GC(388) Adjust Roots
[255.417s][info][gc,phases      ] GC(388) Adjust Roots 0.230ms
[255.417s][info][gc,phases,start] GC(388) Compaction Phase
[256.138s][info][gc,phases      ] GC(388) Compaction Phase 721.098ms
[256.138s][info][gc,phases,start] GC(388) Post Compact
[256.154s][info][gc,phases      ] GC(388) Post Compact 15.825ms
[256.154s][info][gc,heap        ] GC(388) PSYoungGen: 164989K(647680K)->164989K(647680K) Eden: 129536K(129536K)->129536K(129536K) From: 35453K(518144K)->35453K(518144K)
[256.154s][info][gc,heap        ] GC(388) ParOldGen: 10513362K(10513408K)->10513362K(10513408K)
[256.154s][info][gc,metaspace   ] GC(388) Metaspace: 6297K(6464K)->6297K(6464K) NonClass: 5763K(5824K)->5763K(5824K) Class: 533K(640K)->533K(640K)
[256.154s][info][gc             ] GC(388) Pause Full (Ergonomics) 10428M->10428M(10899M) 3142.503ms
[256.154s][info][gc,cpu         ] GC(388) User=23.77s Sys=0.02s Real=3.14s
[256.154s][info][gc,start       ] GC(389) Pause Full (Ergonomics)
[256.154s][info][gc,phases,start] GC(389) Marking Phase
[258.582s][info][gc,phases      ] GC(389) Marking Phase 2427.230ms
[258.582s][info][gc,phases,start] GC(389) Summary Phase
[258.582s][info][gc,phases      ] GC(389) Summary Phase 0.168ms
[258.582s][info][gc,phases,start] GC(389) Adjust Roots
[258.582s][info][gc,phases      ] GC(389) Adjust Roots 0.351ms
[258.582s][info][gc,phases,start] GC(389) Compaction Phase
[259.261s][info][gc,phases      ] GC(389) Compaction Phase 679.088ms
[259.261s][info][gc,phases,start] GC(389) Post Compact
[259.277s][info][gc,phases      ] GC(389) Post Compact 15.472ms
[259.277s][info][gc,heap        ] GC(389) PSYoungGen: 164989K(647680K)->164989K(647680K) Eden: 129536K(129536K)->129536K(129536K) From: 35453K(518144K)->35453K(518144K)
[259.277s][info][gc,heap        ] GC(389) ParOldGen: 10513367K(10513408K)->10513367K(10513408K)
[259.277s][info][gc,metaspace   ] GC(389) Metaspace: 6297K(6464K)->6297K(6464K) NonClass: 5763K(5824K)->5763K(5824K) Class: 533K(640K)->533K(640K)
[259.277s][info][gc             ] GC(389) Pause Full (Ergonomics) 10428M->10428M(10899M) 3122.747ms
[259.277s][info][gc,cpu         ] GC(389) User=23.95s Sys=0.00s Real=3.12s
[259.277s][info][gc,start       ] GC(390) Pause Full (Ergonomics)
[259.277s][info][gc,phases,start] GC(390) Marking Phase
[261.698s][info][gc,phases      ] GC(390) Marking Phase 2420.389ms
[261.698s][info][gc,phases,start] GC(390) Summary Phase
[261.698s][info][gc,phases      ] GC(390) Summary Phase 0.129ms
[261.698s][info][gc,phases,start] GC(390) Adjust Roots
[261.698s][info][gc,phases      ] GC(390) Adjust Roots 0.221ms
[261.698s][info][gc,phases,start] GC(390) Compaction Phase
[262.392s][info][gc,phases      ] GC(390) Compaction Phase 694.068ms
[262.392s][info][gc,phases,start] GC(390) Post Compact
[262.408s][info][gc,phases      ] GC(390) Post Compact 15.466ms
[262.408s][info][gc,heap        ] GC(390) PSYoungGen: 164989K(647680K)->164989K(647680K) Eden: 129536K(129536K)->129536K(129536K) From: 35453K(518144K)->35453K(518144K)
[262.408s][info][gc,heap        ] GC(390) ParOldGen: 10513372K(10513408K)->10513372K(10513408K)
[262.408s][info][gc,metaspace   ] GC(390) Metaspace: 6297K(6464K)->6297K(6464K) NonClass: 5763K(5824K)->5763K(5824K) Class: 533K(640K)->533K(640K)
[262.408s][info][gc             ] GC(390) Pause Full (Ergonomics) 10428M->10428M(10899M) 3130.624ms
[262.408s][info][gc,cpu         ] GC(390) User=23.84s Sys=0.00s Real=3.13s
[262.408s][info][gc,start       ] GC(391) Pause Full (Ergonomics)
[262.408s][info][gc,phases,start] GC(391) Marking Phase
[264.817s][info][gc,phases      ] GC(391) Marking Phase 2409.181ms
[264.817s][info][gc,phases,start] GC(391) Summary Phase
[264.817s][info][gc,phases      ] GC(391) Summary Phase 0.098ms
[264.818s][info][gc,phases,start] GC(391) Adjust Roots
[264.818s][info][gc,phases      ] GC(391) Adjust Roots 0.165ms
[264.818s][info][gc,phases,start] GC(391) Compaction Phase
[265.513s][info][gc,phases      ] GC(391) Compaction Phase 695.249ms
[265.513s][info][gc,phases,start] GC(391) Post Compact
[265.529s][info][gc,phases      ] GC(391) Post Compact 15.893ms
[265.529s][info][gc,heap        ] GC(391) PSYoungGen: 164989K(647680K)->164989K(647680K) Eden: 129536K(129536K)->129536K(129536K) From: 35453K(518144K)->35453K(518144K)
[265.529s][info][gc,heap        ] GC(391) ParOldGen: 10513377K(10513408K)->10513377K(10513408K)
[265.529s][info][gc,metaspace   ] GC(391) Metaspace: 6297K(6464K)->6297K(6464K) NonClass: 5763K(5824K)->5763K(5824K) Class: 533K(640K)->533K(640K)
[265.529s][info][gc             ] GC(391) Pause Full (Ergonomics) 10428M->10428M(10899M) 3120.961ms
[265.529s][info][gc,cpu         ] GC(391) User=23.92s Sys=0.03s Real=3.12s
[265.529s][info][gc,start       ] GC(392) Pause Full (Ergonomics)
[265.529s][info][gc,phases,start] GC(392) Marking Phase
[267.940s][info][gc,phases      ] GC(392) Marking Phase 2411.066ms
[267.940s][info][gc,phases,start] GC(392) Summary Phase
[267.941s][info][gc,phases      ] GC(392) Summary Phase 0.099ms
[267.941s][info][gc,phases,start] GC(392) Adjust Roots
[267.941s][info][gc,phases      ] GC(392) Adjust Roots 0.181ms
[267.941s][info][gc,phases,start] GC(392) Compaction Phase
[268.650s][info][gc,phases      ] GC(392) Compaction Phase 709.448ms
[268.650s][info][gc,phases,start] GC(392) Post Compact
[268.666s][info][gc,phases      ] GC(392) Post Compact 15.470ms
[268.666s][info][gc,heap        ] GC(392) PSYoungGen: 164989K(647680K)->164989K(647680K) Eden: 129536K(129536K)->129536K(129536K) From: 35453K(518144K)->35453K(518144K)
[268.666s][info][gc,heap        ] GC(392) ParOldGen: 10513382K(10513408K)->10513382K(10513408K)
[268.666s][info][gc,metaspace   ] GC(392) Metaspace: 6297K(6464K)->6297K(6464K) NonClass: 5763K(5824K)->5763K(5824K) Class: 533K(640K)->533K(640K)
[268.666s][info][gc             ] GC(392) Pause Full (Ergonomics) 10428M->10428M(10899M) 3136.607ms
[268.666s][info][gc,cpu         ] GC(392) User=23.89s Sys=0.00s Real=3.14s
[268.666s][info][gc,start       ] GC(393) Pause Full (Ergonomics)
[268.666s][info][gc,phases,start] GC(393) Marking Phase
[271.093s][info][gc,phases      ] GC(393) Marking Phase 2427.245ms
[271.093s][info][gc,phases,start] GC(393) Summary Phase
[271.094s][info][gc,phases      ] GC(393) Summary Phase 0.098ms
[271.094s][info][gc,phases,start] GC(393) Adjust Roots
[271.094s][info][gc,phases      ] GC(393) Adjust Roots 0.161ms
[271.094s][info][gc,phases,start] GC(393) Compaction Phase
[271.791s][info][gc,phases      ] GC(393) Compaction Phase 696.828ms
[271.791s][info][gc,phases,start] GC(393) Post Compact
[271.806s][info][gc,phases      ] GC(393) Post Compact 15.433ms
[271.806s][info][gc,heap        ] GC(393) PSYoungGen: 164989K(647680K)->164989K(647680K) Eden: 129536K(129536K)->129536K(129536K) From: 35453K(518144K)->35453K(518144K)
[271.806s][info][gc,heap        ] GC(393) ParOldGen: 10513386K(10513408K)->10513386K(10513408K)
[271.806s][info][gc,metaspace   ] GC(393) Metaspace: 6297K(6464K)->6297K(6464K) NonClass: 5763K(5824K)->5763K(5824K) Class: 533K(640K)->533K(640K)
[271.806s][info][gc             ] GC(393) Pause Full (Ergonomics) 10428M->10428M(10899M) 3140.111ms
[271.806s][info][gc,cpu         ] GC(393) User=23.94s Sys=0.02s Real=3.14s
[271.806s][info][gc,start       ] GC(394) Pause Full (Ergonomics)
[271.806s][info][gc,phases,start] GC(394) Marking Phase
[274.204s][info][gc,phases      ] GC(394) Marking Phase 2397.419ms
[274.204s][info][gc,phases,start] GC(394) Summary Phase
[274.204s][info][gc,phases      ] GC(394) Summary Phase 0.143ms
[274.204s][info][gc,phases,start] GC(394) Adjust Roots
[274.204s][info][gc,phases      ] GC(394) Adjust Roots 0.272ms
[274.204s][info][gc,phases,start] GC(394) Compaction Phase
[274.896s][info][gc,phases      ] GC(394) Compaction Phase 691.267ms
[274.896s][info][gc,phases,start] GC(394) Post Compact
[274.911s][info][gc,phases      ] GC(394) Post Compact 15.494ms
[274.911s][info][gc,heap        ] GC(394) PSYoungGen: 164989K(647680K)->164989K(647680K) Eden: 129536K(129536K)->129536K(129536K) From: 35453K(518144K)->35453K(518144K)
[274.911s][info][gc,heap        ] GC(394) ParOldGen: 10513391K(10513408K)->10513391K(10513408K)
[274.911s][info][gc,metaspace   ] GC(394) Metaspace: 6297K(6464K)->6297K(6464K) NonClass: 5763K(5824K)->5763K(5824K) Class: 533K(640K)->533K(640K)
[274.911s][info][gc             ] GC(394) Pause Full (Ergonomics) 10428M->10428M(10899M) 3104.989ms
[274.911s][info][gc,cpu         ] GC(394) User=23.78s Sys=0.00s Real=3.11s
[274.912s][info][gc,start       ] GC(395) Pause Full (Ergonomics)
[274.912s][info][gc,phases,start] GC(395) Marking Phase
[277.288s][info][gc,phases      ] GC(395) Marking Phase 2376.716ms
[277.288s][info][gc,phases,start] GC(395) Summary Phase
[277.289s][info][gc,phases      ] GC(395) Summary Phase 0.116ms
[277.289s][info][gc,phases,start] GC(395) Adjust Roots
[277.289s][info][gc,phases      ] GC(395) Adjust Roots 0.225ms
[277.289s][info][gc,phases,start] GC(395) Compaction Phase
[277.983s][info][gc,phases      ] GC(395) Compaction Phase 693.964ms
[277.983s][info][gc,phases,start] GC(395) Post Compact
[277.999s][info][gc,phases      ] GC(395) Post Compact 16.379ms
[277.999s][info][gc,heap        ] GC(395) PSYoungGen: 164989K(647680K)->164989K(647680K) Eden: 129536K(129536K)->129536K(129536K) From: 35453K(518144K)->35453K(518144K)
[277.999s][info][gc,heap        ] GC(395) ParOldGen: 10513396K(10513408K)->10513396K(10513408K)
[277.999s][info][gc,metaspace   ] GC(395) Metaspace: 6297K(6464K)->6297K(6464K) NonClass: 5763K(5824K)->5763K(5824K) Class: 533K(640K)->533K(640K)
[277.999s][info][gc             ] GC(395) Pause Full (Ergonomics) 10428M->10428M(10899M) 3087.773ms
[277.999s][info][gc,cpu         ] GC(395) User=23.56s Sys=0.00s Real=3.09s
[278.000s][info][gc,start       ] GC(396) Pause Full (Ergonomics)
[278.000s][info][gc,phases,start] GC(396) Marking Phase
[280.389s][info][gc,phases      ] GC(396) Marking Phase 2389.577ms
[280.389s][info][gc,phases,start] GC(396) Summary Phase
[280.389s][info][gc,phases      ] GC(396) Summary Phase 0.099ms
[280.389s][info][gc,phases,start] GC(396) Adjust Roots
[280.390s][info][gc,phases      ] GC(396) Adjust Roots 0.161ms
[280.390s][info][gc,phases,start] GC(396) Compaction Phase
[281.085s][info][gc,phases      ] GC(396) Compaction Phase 695.674ms
[281.085s][info][gc,phases,start] GC(396) Post Compact
[281.101s][info][gc,phases      ] GC(396) Post Compact 15.415ms
[281.101s][info][gc,heap        ] GC(396) PSYoungGen: 164989K(647680K)->164989K(647680K) Eden: 129536K(129536K)->129536K(129536K) From: 35453K(518144K)->35453K(518144K)
[281.101s][info][gc,heap        ] GC(396) ParOldGen: 10513401K(10513408K)->10513401K(10513408K)
[281.101s][info][gc,metaspace   ] GC(396) Metaspace: 6297K(6464K)->6297K(6464K) NonClass: 5763K(5824K)->5763K(5824K) Class: 533K(640K)->533K(640K)
[281.101s][info][gc             ] GC(396) Pause Full (Ergonomics) 10428M->10428M(10899M) 3101.299ms
[281.101s][info][gc,cpu         ] GC(396) User=23.83s Sys=0.00s Real=3.10s
[281.101s][info][gc,start       ] GC(397) Pause Full (Ergonomics)
[281.101s][info][gc,phases,start] GC(397) Marking Phase
[283.539s][info][gc,phases      ] GC(397) Marking Phase 2437.919ms
[283.539s][info][gc,phases,start] GC(397) Summary Phase
[283.539s][info][gc,phases      ] GC(397) Summary Phase 0.102ms
[283.539s][info][gc,phases,start] GC(397) Adjust Roots
[283.539s][info][gc,phases      ] GC(397) Adjust Roots 0.173ms
[283.539s][info][gc,phases,start] GC(397) Compaction Phase
[284.222s][info][gc,phases      ] GC(397) Compaction Phase 682.442ms
[284.222s][info][gc,phases,start] GC(397) Post Compact
[284.238s][info][gc,phases      ] GC(397) Post Compact 15.481ms
[284.238s][info][gc,heap        ] GC(397) PSYoungGen: 164989K(647680K)->164989K(647680K) Eden: 129536K(129536K)->129536K(129536K) From: 35453K(518144K)->35453K(518144K)
[284.238s][info][gc,heap        ] GC(397) ParOldGen: 10513406K(10513408K)->10513406K(10513408K)
[284.238s][info][gc,metaspace   ] GC(397) Metaspace: 6297K(6464K)->6297K(6464K) NonClass: 5763K(5824K)->5763K(5824K) Class: 533K(640K)->533K(640K)
[284.238s][info][gc             ] GC(397) Pause Full (Ergonomics) 10428M->10428M(10899M) 3136.503ms
[284.238s][info][gc,cpu         ] GC(397) User=24.05s Sys=0.00s Real=3.14s
[284.238s][info][gc,start       ] GC(398) Pause Full (Ergonomics)
[284.238s][info][gc,phases,start] GC(398) Marking Phase
[286.660s][info][gc,phases      ] GC(398) Marking Phase 2422.063ms
[286.660s][info][gc,phases,start] GC(398) Summary Phase
[286.660s][info][gc,phases      ] GC(398) Summary Phase 0.107ms
[286.660s][info][gc,phases,start] GC(398) Adjust Roots
[286.660s][info][gc,phases      ] GC(398) Adjust Roots 0.165ms
[286.660s][info][gc,phases,start] GC(398) Compaction Phase
[287.357s][info][gc,phases      ] GC(398) Compaction Phase 696.440ms
[287.357s][info][gc,phases,start] GC(398) Post Compact
[287.372s][info][gc,phases      ] GC(398) Post Compact 15.384ms
[287.372s][info][gc,heap        ] GC(398) PSYoungGen: 164989K(647680K)->164989K(647680K) Eden: 129536K(129536K)->129536K(129536K) From: 35453K(518144K)->35453K(518144K)
[287.372s][info][gc,heap        ] GC(398) ParOldGen: 10513407K(10513408K)->10513407K(10513408K)
[287.372s][info][gc,metaspace   ] GC(398) Metaspace: 6297K(6464K)->6297K(6464K) NonClass: 5763K(5824K)->5763K(5824K) Class: 533K(640K)->533K(640K)
[287.372s][info][gc             ] GC(398) Pause Full (Ergonomics) 10428M->10428M(10899M) 3134.499ms
[287.372s][info][gc,cpu         ] GC(398) User=24.08s Sys=0.00s Real=3.13s
[287.372s][info][gc,start       ] GC(399) Pause Full (Allocation Failure)
[287.372s][info][gc,phases,start] GC(399) Marking Phase
[289.783s][info][gc,phases      ] GC(399) Marking Phase 2410.987ms
[289.783s][info][gc,phases,start] GC(399) Summary Phase
[289.784s][info][gc,phases      ] GC(399) Summary Phase 0.099ms
[289.784s][info][gc,phases,start] GC(399) Adjust Roots
[289.784s][info][gc,phases      ] GC(399) Adjust Roots 0.392ms
[289.784s][info][gc,phases,start] GC(399) Compaction Phase
[292.407s][info][gc,phases      ] GC(399) Compaction Phase 2623.372ms
[292.407s][info][gc,phases,start] GC(399) Post Compact
[292.423s][info][gc,phases      ] GC(399) Post Compact 15.687ms
[292.423s][info][gc,heap        ] GC(399) PSYoungGen: 164989K(647680K)->164989K(647680K) Eden: 129536K(129536K)->129536K(129536K) From: 35453K(518144K)->35453K(518144K)
[292.423s][info][gc,heap        ] GC(399) ParOldGen: 10513407K(10513408K)->10513403K(10513408K)
[292.423s][info][gc,metaspace   ] GC(399) Metaspace: 6297K(6464K)->6295K(6464K) NonClass: 5763K(5824K)->5762K(5824K) Class: 533K(640K)->532K(640K)
[292.423s][info][gc             ] GC(399) Pause Full (Allocation Failure) 10428M->10428M(10899M) 5050.894ms
[292.423s][info][gc,cpu         ] GC(399) User=38.20s Sys=0.05s Real=5.05s
[292.424s][info][gc,start       ] GC(400) Pause Full (Ergonomics)
[292.424s][info][gc,phases,start] GC(400) Marking Phase
[294.813s][info][gc,phases      ] GC(400) Marking Phase 2388.322ms
[294.813s][info][gc,phases,start] GC(400) Summary Phase
[294.813s][info][gc,phases      ] GC(400) Summary Phase 0.105ms
[294.813s][info][gc,phases,start] GC(400) Adjust Roots
[294.813s][info][gc,phases      ] GC(400) Adjust Roots 0.193ms
[294.813s][info][gc,phases,start] GC(400) Compaction Phase
[295.514s][info][gc,phases      ] GC(400) Compaction Phase 701.182ms
[295.514s][info][gc,phases,start] GC(400) Post Compact
[295.530s][info][gc,phases      ] GC(400) Post Compact 15.559ms
[295.530s][info][gc,heap        ] GC(400) PSYoungGen: 164989K(647680K)->164989K(647680K) Eden: 129536K(129536K)->129536K(129536K) From: 35453K(518144K)->35453K(518144K)
[295.530s][info][gc,heap        ] GC(400) ParOldGen: 10513406K(10513408K)->10513406K(10513408K)
[295.530s][info][gc,metaspace   ] GC(400) Metaspace: 6295K(6464K)->6295K(6464K) NonClass: 5762K(5824K)->5762K(5824K) Class: 532K(640K)->532K(640K)
[295.530s][info][gc             ] GC(400) Pause Full (Ergonomics) 10428M->10428M(10899M) 3105.731ms
[295.530s][info][gc,cpu         ] GC(400) User=23.62s Sys=0.00s Real=3.11s
[295.531s][info][gc,start       ] GC(401) Pause Full (Ergonomics)
[295.531s][info][gc,phases,start] GC(401) Marking Phase
[297.936s][info][gc,phases      ] GC(401) Marking Phase 2404.911ms
[297.936s][info][gc,phases,start] GC(401) Summary Phase
[297.936s][info][gc,phases      ] GC(401) Summary Phase 0.098ms
[297.936s][info][gc,phases,start] GC(401) Adjust Roots
[297.936s][info][gc,phases      ] GC(401) Adjust Roots 0.166ms
[297.936s][info][gc,phases,start] GC(401) Compaction Phase
[298.636s][info][gc,phases      ] GC(401) Compaction Phase 700.037ms
[298.636s][info][gc,phases,start] GC(401) Post Compact
[298.652s][info][gc,phases      ] GC(401) Post Compact 15.651ms
[298.652s][info][gc,heap        ] GC(401) PSYoungGen: 164989K(647680K)->164989K(647680K) Eden: 129536K(129536K)->129536K(129536K) From: 35453K(518144K)->35453K(518144K)
[298.652s][info][gc,heap        ] GC(401) ParOldGen: 10513407K(10513408K)->10513407K(10513408K)
[298.652s][info][gc,metaspace   ] GC(401) Metaspace: 6295K(6464K)->6295K(6464K) NonClass: 5762K(5824K)->5762K(5824K) Class: 532K(640K)->532K(640K)
[298.652s][info][gc             ] GC(401) Pause Full (Ergonomics) 10428M->10428M(10899M) 3121.251ms
[298.652s][info][gc,cpu         ] GC(401) User=23.89s Sys=0.03s Real=3.12s
[298.652s][info][gc,start       ] GC(402) Pause Full (Allocation Failure)
[298.652s][info][gc,phases,start] GC(402) Marking Phase
[301.070s][info][gc,phases      ] GC(402) Marking Phase 2417.651ms
[301.070s][info][gc,phases,start] GC(402) Summary Phase
[301.070s][info][gc,phases      ] GC(402) Summary Phase 0.098ms
[301.070s][info][gc,phases,start] GC(402) Adjust Roots
[301.070s][info][gc,phases      ] GC(402) Adjust Roots 0.162ms
[301.070s][info][gc,phases,start] GC(402) Compaction Phase
[301.773s][info][gc,phases      ] GC(402) Compaction Phase 702.981ms
[301.773s][info][gc,phases,start] GC(402) Post Compact
[301.789s][info][gc,phases      ] GC(402) Post Compact 15.460ms
[301.789s][info][gc,heap        ] GC(402) PSYoungGen: 164989K(647680K)->164989K(647680K) Eden: 129536K(129536K)->129536K(129536K) From: 35453K(518144K)->35453K(518144K)
[301.789s][info][gc,heap        ] GC(402) ParOldGen: 10513407K(10513408K)->10513407K(10513408K)
[301.789s][info][gc,metaspace   ] GC(402) Metaspace: 6295K(6464K)->6295K(6464K) NonClass: 5762K(5824K)->5762K(5824K) Class: 532K(640K)->532K(640K)
[301.789s][info][gc             ] GC(402) Pause Full (Allocation Failure) 10428M->10428M(10899M) 3136.669ms
[301.789s][info][gc,cpu         ] GC(402) User=23.84s Sys=0.00s Real=3.14s
[301.789s][info][gc,start       ] GC(403) Pause Full (Ergonomics)
[301.789s][info][gc,phases,start] GC(403) Marking Phase
[304.237s][info][gc,phases      ] GC(403) Marking Phase 2448.070ms
[304.237s][info][gc,phases,start] GC(403) Summary Phase
[304.238s][info][gc,phases      ] GC(403) Summary Phase 0.114ms
[304.238s][info][gc,phases,start] GC(403) Adjust Roots
[304.238s][info][gc,phases      ] GC(403) Adjust Roots 0.264ms
[304.238s][info][gc,phases,start] GC(403) Compaction Phase
[306.889s][info][gc,phases      ] GC(403) Compaction Phase 2650.959ms
[306.889s][info][gc,phases,start] GC(403) Post Compact
[306.904s][info][gc,phases      ] GC(403) Post Compact 15.628ms
[306.905s][info][gc,heap        ] GC(403) PSYoungGen: 164989K(647680K)->164989K(647680K) Eden: 129536K(129536K)->129536K(129536K) From: 35453K(518144K)->35453K(518144K)
[306.905s][info][gc,heap        ] GC(403) ParOldGen: 10513407K(10513408K)->10513406K(10513408K)
[306.905s][info][gc,metaspace   ] GC(403) Metaspace: 6295K(6464K)->6295K(6464K) NonClass: 5762K(5824K)->5762K(5824K) Class: 532K(640K)->532K(640K)
[306.905s][info][gc             ] GC(403) Pause Full (Ergonomics) 10428M->10428M(10899M) 5115.406ms
[306.905s][info][gc,cpu         ] GC(403) User=38.61s Sys=0.00s Real=5.12s
[306.906s][info][gc,start       ] GC(404) Pause Full (Ergonomics)
[306.906s][info][gc,phases,start] GC(404) Marking Phase
[309.341s][info][gc,phases      ] GC(404) Marking Phase 2434.402ms
[309.341s][info][gc,phases,start] GC(404) Summary Phase
[309.341s][info][gc,phases      ] GC(404) Summary Phase 0.163ms
[309.341s][info][gc,phases,start] GC(404) Adjust Roots
[309.341s][info][gc,phases      ] GC(404) Adjust Roots 0.421ms
[309.341s][info][gc,phases,start] GC(404) Compaction Phase
[311.914s][info][gc,phases      ] GC(404) Compaction Phase 2573.003ms
[311.914s][info][gc,phases,start] GC(404) Post Compact
[311.933s][info][gc,phases      ] GC(404) Post Compact 18.564ms
[311.933s][info][gc,heap        ] GC(404) PSYoungGen: 164989K(647680K)->164989K(647680K) Eden: 129536K(129536K)->129536K(129536K) From: 35453K(518144K)->35453K(518144K)
[311.933s][info][gc,heap        ] GC(404) ParOldGen: 10513407K(10513408K)->10513405K(10513408K)
[311.933s][info][gc,metaspace   ] GC(404) Metaspace: 6297K(6464K)->6297K(6464K) NonClass: 5763K(5824K)->5763K(5824K) Class: 533K(640K)->533K(640K)
[311.933s][info][gc             ] GC(404) Pause Full (Ergonomics) 10428M->10428M(10899M) 5027.029ms
[311.933s][info][gc,cpu         ] GC(404) User=33.48s Sys=0.06s Real=5.03s
[311.934s][info][gc,heap,exit   ] Heap
[311.934s][info][gc,heap,exit   ]  PSYoungGen      total 647680K, used 164989K [0x00000006bf300000, 0x0000000707680000, 0x0000000800000000)
[311.934s][info][gc,heap,exit   ]   eden space 129536K, 100% used [0x00000006bf300000,0x00000006c7180000,0x00000006c7180000)
[311.934s][info][gc,heap,exit   ]   from space 518144K, 6% used [0x00000006e6c00000,0x00000006e8e9f4b0,0x0000000706600000)
[311.934s][info][gc,heap,exit   ]   to   space 518656K, 0% used [0x00000006c7180000,0x00000006c7180000,0x00000006e6c00000)
[311.934s][info][gc,heap,exit   ]  ParOldGen       total 10513408K, used 10513405K [0x000000043d800000, 0x00000006bf300000, 0x00000006bf300000)
[311.934s][info][gc,heap,exit   ]   object space 10513408K, 99% used [0x000000043d800000,0x00000006bf2ff780,0x00000006bf300000)
[311.934s][info][gc,heap,exit   ]  Metaspace       used 6300K, committed 6464K, reserved 1114112K
[311.934s][info][gc,heap,exit   ]   class space    used 534K, committed 640K, reserved 1048576K
