[0.013s][info][gc,init] CardTable entry size: 512
[0.013s][info][gc     ] Using Parallel
[0.014s][info][gc,init] Version: 18.0.1+10 (release)
[0.014s][info][gc,init] CPUs: 8 total, 8 available
[0.014s][info][gc,init] Memory: 16063M
[0.014s][info][gc,init] Large Page Support: Disabled
[0.014s][info][gc,init] NUMA Support: Disabled
[0.014s][info][gc,init] Compressed Oops: Enabled (32-bit)
[0.014s][info][gc,init] Alignments: Space 512K, Generation 512K, Heap 2M
[0.014s][info][gc,init] Heap Min Capacity: 2M
[0.014s][info][gc,init] Heap Initial Capacity: 2M
[0.014s][info][gc,init] Heap Max Capacity: 1800M
[0.014s][info][gc,init] Pre-touch: Disabled
[0.014s][info][gc,init] Parallel Workers: 8
[0.014s][info][gc,metaspace] CDS archive(s) not mapped
[0.014s][info][gc,metaspace] Compressed class space mapped at: 0x0000000100000000-0x0000000140000000, reserved size: 1073741824
[0.014s][info][gc,metaspace] Narrow klass base: 0x0000000000000000, Narrow klass shift: 3, Narrow klass range: 0x140000000
[0.122s][info][gc,start    ] GC(0) Pause Young (Allocation Failure)
[0.124s][info][gc,heap     ] GC(0) PSYoungGen: 512K(1024K)->480K(1024K) Eden: 512K(512K)->0K(512K) From: 0K(512K)->480K(512K)
[0.124s][info][gc,heap     ] GC(0) ParOldGen: 0K(512K)->8K(512K)
[0.124s][info][gc,metaspace] GC(0) Metaspace: 4229K(4352K)->4229K(4352K) NonClass: 3908K(3968K)->3908K(3968K) Class: 321K(384K)->321K(384K)
[0.124s][info][gc          ] GC(0) Pause Young (Allocation Failure) 0M->0M(1M) 1.552ms
[0.124s][info][gc,cpu      ] GC(0) User=0.00s Sys=0.00s Real=0.00s
[0.189s][info][gc,start    ] GC(1) Pause Young (Allocation Failure)
[0.190s][info][gc,heap     ] GC(1) PSYoungGen: 991K(1024K)->512K(1536K) Eden: 511K(512K)->0K(1024K) From: 480K(512K)->512K(512K)
[0.190s][info][gc,heap     ] GC(1) ParOldGen: 8K(512K)->72K(512K)
[0.190s][info][gc,metaspace] GC(1) Metaspace: 5878K(6016K)->5878K(6016K) NonClass: 5382K(5504K)->5382K(5504K) Class: 496K(512K)->496K(512K)
[0.190s][info][gc          ] GC(1) Pause Young (Allocation Failure) 0M->0M(2M) 0.862ms
[0.190s][info][gc,cpu      ] GC(1) User=0.00s Sys=0.00s Real=0.00s
[0.211s][info][gc,start    ] GC(2) Pause Young (Allocation Failure)
[0.213s][info][gc,heap     ] GC(2) PSYoungGen: 1536K(1536K)->512K(1536K) Eden: 1024K(1024K)->0K(1024K) From: 512K(512K)->512K(512K)
[0.213s][info][gc,heap     ] GC(2) ParOldGen: 72K(512K)->504K(512K)
[0.213s][info][gc,metaspace] GC(2) Metaspace: 6297K(6464K)->6297K(6464K) NonClass: 5764K(5824K)->5764K(5824K) Class: 533K(640K)->533K(640K)
[0.213s][info][gc          ] GC(2) Pause Young (Allocation Failure) 1M->0M(2M) 1.299ms
[0.213s][info][gc,cpu      ] GC(2) User=0.00s Sys=0.00s Real=0.00s
[0.213s][info][gc,start    ] GC(3) Pause Full (Ergonomics)
[0.213s][info][gc,phases,start] GC(3) Marking Phase
[0.214s][info][gc,phases      ] GC(3) Marking Phase 1.021ms
[0.214s][info][gc,phases,start] GC(3) Summary Phase
[0.214s][info][gc,phases      ] GC(3) Summary Phase 0.018ms
[0.214s][info][gc,phases,start] GC(3) Adjust Roots
[0.214s][info][gc,phases      ] GC(3) Adjust Roots 0.412ms
[0.214s][info][gc,phases,start] GC(3) Compaction Phase
[0.216s][info][gc,phases      ] GC(3) Compaction Phase 1.982ms
[0.216s][info][gc,phases,start] GC(3) Post Compact
[0.216s][info][gc,phases      ] GC(3) Post Compact 0.095ms
[0.216s][info][gc,heap        ] GC(3) PSYoungGen: 512K(1536K)->511K(1536K) Eden: 0K(1024K)->0K(1024K) From: 512K(512K)->511K(512K)
[0.216s][info][gc,heap        ] GC(3) ParOldGen: 504K(512K)->469K(2048K)
[0.216s][info][gc,metaspace   ] GC(3) Metaspace: 6297K(6464K)->6297K(6464K) NonClass: 5764K(5824K)->5764K(5824K) Class: 533K(640K)->533K(640K)
[0.216s][info][gc             ] GC(3) Pause Full (Ergonomics) 0M->0M(3M) 3.826ms
[0.216s][info][gc,cpu         ] GC(3) User=0.00s Sys=0.00s Real=0.00s
[0.218s][info][gc,start       ] GC(4) Pause Young (Allocation Failure)
[0.220s][info][gc,heap        ] GC(4) PSYoungGen: 1535K(1536K)->480K(2560K) Eden: 1024K(1024K)->0K(2048K) From: 511K(512K)->480K(512K)
[0.220s][info][gc,heap        ] GC(4) ParOldGen: 469K(2048K)->1030K(2048K)
[0.220s][info][gc,metaspace   ] GC(4) Metaspace: 6297K(6464K)->6297K(6464K) NonClass: 5764K(5824K)->5764K(5824K) Class: 533K(640K)->533K(640K)
[0.220s][info][gc             ] GC(4) Pause Young (Allocation Failure) 1M->1M(4M) 1.528ms
[0.220s][info][gc,cpu         ] GC(4) User=0.00s Sys=0.00s Real=0.00s
[0.223s][info][gc,start       ] GC(5) Pause Young (Allocation Failure)
[0.225s][info][gc,heap        ] GC(5) PSYoungGen: 2528K(2560K)->480K(2560K) Eden: 2048K(2048K)->0K(2048K) From: 480K(512K)->480K(512K)
[0.225s][info][gc,heap        ] GC(5) ParOldGen: 1030K(2048K)->2102K(2560K)
[0.225s][info][gc,metaspace   ] GC(5) Metaspace: 6297K(6464K)->6297K(6464K) NonClass: 5764K(5824K)->5764K(5824K) Class: 533K(640K)->533K(640K)
[0.225s][info][gc             ] GC(5) Pause Young (Allocation Failure) 3M->2M(5M) 2.124ms
[0.225s][info][gc,cpu         ] GC(5) User=0.00s Sys=0.00s Real=0.00s
[0.225s][info][gc,start       ] GC(6) Pause Full (Ergonomics)
[0.225s][info][gc,phases,start] GC(6) Marking Phase
[0.227s][info][gc,phases      ] GC(6) Marking Phase 1.917ms
[0.227s][info][gc,phases,start] GC(6) Summary Phase
[0.227s][info][gc,phases      ] GC(6) Summary Phase 0.014ms
[0.227s][info][gc,phases,start] GC(6) Adjust Roots
[0.228s][info][gc,phases      ] GC(6) Adjust Roots 0.424ms
[0.228s][info][gc,phases,start] GC(6) Compaction Phase
[0.231s][info][gc,phases      ] GC(6) Compaction Phase 2.661ms
[0.231s][info][gc,phases,start] GC(6) Post Compact
[0.231s][info][gc,phases      ] GC(6) Post Compact 0.033ms
[0.231s][info][gc,heap        ] GC(6) PSYoungGen: 480K(2560K)->0K(4096K) Eden: 0K(2048K)->0K(3072K) From: 480K(512K)->0K(1024K)
[0.231s][info][gc,heap        ] GC(6) ParOldGen: 2102K(2560K)->2542K(6144K)
[0.231s][info][gc,metaspace   ] GC(6) Metaspace: 6297K(6464K)->6297K(6464K) NonClass: 5764K(5824K)->5764K(5824K) Class: 533K(640K)->533K(640K)
[0.231s][info][gc             ] GC(6) Pause Full (Ergonomics) 2M->2M(10M) 5.440ms
[0.231s][info][gc,cpu         ] GC(6) User=0.00s Sys=0.00s Real=0.01s
[0.236s][info][gc,start       ] GC(7) Pause Young (Allocation Failure)
[0.238s][info][gc,heap        ] GC(7) PSYoungGen: 3072K(4096K)->1664K(5120K) Eden: 3072K(3072K)->0K(3072K) From: 0K(1024K)->1664K(2048K)
[0.238s][info][gc,heap        ] GC(7) ParOldGen: 2542K(6144K)->2542K(6144K)
[0.238s][info][gc,metaspace   ] GC(7) Metaspace: 6297K(6464K)->6297K(6464K) NonClass: 5764K(5824K)->5764K(5824K) Class: 533K(640K)->533K(640K)
[0.238s][info][gc             ] GC(7) Pause Young (Allocation Failure) 5M->4M(11M) 2.034ms
[0.238s][info][gc,cpu         ] GC(7) User=0.00s Sys=0.00s Real=0.00s
[0.243s][info][gc,start       ] GC(8) Pause Young (Allocation Failure)
[0.246s][info][gc,heap        ] GC(8) PSYoungGen: 4736K(5120K)->2016K(5632K) Eden: 3072K(3072K)->0K(3584K) From: 1664K(2048K)->2016K(2048K)
[0.246s][info][gc,heap        ] GC(8) ParOldGen: 2542K(6144K)->3766K(6144K)
[0.246s][info][gc,metaspace   ] GC(8) Metaspace: 6297K(6464K)->6297K(6464K) NonClass: 5764K(5824K)->5764K(5824K) Class: 533K(640K)->533K(640K)
[0.246s][info][gc             ] GC(8) Pause Young (Allocation Failure) 7M->5M(11M) 3.205ms
[0.246s][info][gc,cpu         ] GC(8) User=0.00s Sys=0.00s Real=0.00s
[0.251s][info][gc,start       ] GC(9) Pause Young (Allocation Failure)
[0.254s][info][gc,heap        ] GC(9) PSYoungGen: 5600K(5632K)->3040K(6656K) Eden: 3584K(3584K)->0K(3584K) From: 2016K(2048K)->3040K(3072K)
[0.254s][info][gc,heap        ] GC(9) ParOldGen: 3766K(6144K)->4606K(6144K)
[0.254s][info][gc,metaspace   ] GC(9) Metaspace: 6297K(6464K)->6297K(6464K) NonClass: 5764K(5824K)->5764K(5824K) Class: 533K(640K)->533K(640K)
[0.254s][info][gc             ] GC(9) Pause Young (Allocation Failure) 9M->7M(12M) 3.461ms
[0.254s][info][gc,cpu         ] GC(9) User=0.00s Sys=0.00s Real=0.00s
[0.259s][info][gc,start       ] GC(10) Pause Young (Allocation Failure)
[0.264s][info][gc,heap        ] GC(10) PSYoungGen: 6624K(6656K)->4064K(8704K) Eden: 3584K(3584K)->0K(4608K) From: 3040K(3072K)->4064K(4096K)
[0.264s][info][gc,heap        ] GC(10) ParOldGen: 4606K(6144K)->5446K(6144K)
[0.264s][info][gc,metaspace   ] GC(10) Metaspace: 6297K(6464K)->6297K(6464K) NonClass: 5764K(5824K)->5764K(5824K) Class: 533K(640K)->533K(640K)
[0.264s][info][gc             ] GC(10) Pause Young (Allocation Failure) 10M->9M(14M) 4.519ms
[0.264s][info][gc,cpu         ] GC(10) User=0.00s Sys=0.00s Real=0.01s
[0.264s][info][gc,start       ] GC(11) Pause Full (Ergonomics)
[0.264s][info][gc,phases,start] GC(11) Marking Phase
[0.269s][info][gc,phases      ] GC(11) Marking Phase 5.119ms
[0.269s][info][gc,phases,start] GC(11) Summary Phase
[0.269s][info][gc,phases      ] GC(11) Summary Phase 0.020ms
[0.269s][info][gc,phases,start] GC(11) Adjust Roots
[0.270s][info][gc,phases      ] GC(11) Adjust Roots 0.410ms
[0.270s][info][gc,phases,start] GC(11) Compaction Phase
[0.277s][info][gc,phases      ] GC(11) Compaction Phase 7.439ms
[0.277s][info][gc,phases,start] GC(11) Post Compact
[0.277s][info][gc,phases      ] GC(11) Post Compact 0.042ms
[0.277s][info][gc,heap        ] GC(11) PSYoungGen: 4064K(8704K)->3545K(8704K) Eden: 0K(4608K)->0K(4608K) From: 4064K(4096K)->3545K(4096K)
[0.277s][info][gc,heap        ] GC(11) ParOldGen: 5446K(6144K)->5820K(10752K)
[0.277s][info][gc,metaspace   ] GC(11) Metaspace: 6297K(6464K)->6297K(6464K) NonClass: 5764K(5824K)->5764K(5824K) Class: 533K(640K)->533K(640K)
[0.277s][info][gc             ] GC(11) Pause Full (Ergonomics) 9M->9M(19M) 13.304ms
[0.277s][info][gc,cpu         ] GC(11) User=0.02s Sys=0.00s Real=0.01s
[0.282s][info][gc,start       ] GC(12) Pause Young (Allocation Failure)
[0.286s][info][gc,heap        ] GC(12) PSYoungGen: 8099K(8704K)->5088K(9728K) Eden: 4553K(4608K)->0K(4608K) From: 3545K(4096K)->5088K(5120K)
[0.286s][info][gc,heap        ] GC(12) ParOldGen: 5820K(10752K)->6612K(10752K)
[0.286s][info][gc,metaspace   ] GC(12) Metaspace: 6297K(6464K)->6297K(6464K) NonClass: 5764K(5824K)->5764K(5824K) Class: 533K(640K)->533K(640K)
[0.286s][info][gc             ] GC(12) Pause Young (Allocation Failure) 13M->11M(20M) 4.187ms
[0.286s][info][gc,cpu         ] GC(12) User=0.02s Sys=0.00s Real=0.00s
[0.293s][info][gc,start       ] GC(13) Pause Young (Allocation Failure)
[0.299s][info][gc,heap        ] GC(13) PSYoungGen: 9696K(9728K)->6112K(11264K) Eden: 4608K(4608K)->0K(5120K) From: 5088K(5120K)->6112K(6144K)
[0.299s][info][gc,heap        ] GC(13) ParOldGen: 6612K(10752K)->7988K(10752K)
[0.299s][info][gc,metaspace   ] GC(13) Metaspace: 6297K(6464K)->6297K(6464K) NonClass: 5764K(5824K)->5764K(5824K) Class: 533K(640K)->533K(640K)
[0.299s][info][gc             ] GC(13) Pause Young (Allocation Failure) 15M->13M(21M) 6.407ms
[0.299s][info][gc,cpu         ] GC(13) User=0.00s Sys=0.00s Real=0.01s
[0.303s][info][gc,start       ] GC(14) Pause Young (Allocation Failure)
[0.309s][info][gc,heap        ] GC(14) PSYoungGen: 11232K(11264K)->5216K(12800K) Eden: 5120K(5120K)->0K(5120K) From: 6112K(6144K)->5216K(7680K)
[0.309s][info][gc,heap        ] GC(14) ParOldGen: 7988K(10752K)->11580K(11776K)
[0.309s][info][gc,metaspace   ] GC(14) Metaspace: 6299K(6464K)->6299K(6464K) NonClass: 5766K(5824K)->5766K(5824K) Class: 533K(640K)->533K(640K)
[0.309s][info][gc             ] GC(14) Pause Young (Allocation Failure) 18M->16M(24M) 5.661ms
[0.309s][info][gc,cpu         ] GC(14) User=0.00s Sys=0.00s Real=0.00s
[0.309s][info][gc,start       ] GC(15) Pause Full (Ergonomics)
[0.309s][info][gc,phases,start] GC(15) Marking Phase
[0.317s][info][gc,phases      ] GC(15) Marking Phase 7.678ms
[0.317s][info][gc,phases,start] GC(15) Summary Phase
[0.317s][info][gc,phases      ] GC(15) Summary Phase 0.015ms
[0.317s][info][gc,phases,start] GC(15) Adjust Roots
[0.317s][info][gc,phases      ] GC(15) Adjust Roots 0.209ms
[0.317s][info][gc,phases,start] GC(15) Compaction Phase
[0.324s][info][gc,phases      ] GC(15) Compaction Phase 6.660ms
[0.324s][info][gc,phases,start] GC(15) Post Compact
[0.324s][info][gc,phases      ] GC(15) Post Compact 0.082ms
[0.324s][info][gc,heap        ] GC(15) PSYoungGen: 5216K(12800K)->5186K(12800K) Eden: 0K(5120K)->0K(5120K) From: 5216K(7680K)->5186K(7680K)
[0.324s][info][gc,heap        ] GC(15) ParOldGen: 11580K(11776K)->11463K(18432K)
[0.324s][info][gc,metaspace   ] GC(15) Metaspace: 6299K(6464K)->6299K(6464K) NonClass: 5766K(5824K)->5766K(5824K) Class: 533K(640K)->533K(640K)
[0.324s][info][gc             ] GC(15) Pause Full (Ergonomics) 16M->16M(30M) 14.949ms
[0.324s][info][gc,cpu         ] GC(15) User=0.00s Sys=0.00s Real=0.02s
[0.327s][info][gc,start       ] GC(16) Pause Young (Allocation Failure)
[0.334s][info][gc,heap        ] GC(16) PSYoungGen: 10306K(12800K)->2688K(14336K) Eden: 5120K(5120K)->0K(7168K) From: 5186K(7680K)->2688K(7168K)
[0.334s][info][gc,heap        ] GC(16) ParOldGen: 11463K(18432K)->16735K(18432K)
[0.334s][info][gc,metaspace   ] GC(16) Metaspace: 6299K(6464K)->6299K(6464K) NonClass: 5766K(5824K)->5766K(5824K) Class: 533K(640K)->533K(640K)
[0.334s][info][gc             ] GC(16) Pause Young (Allocation Failure) 21M->18M(32M) 6.193ms
[0.334s][info][gc,cpu         ] GC(16) User=0.00s Sys=0.00s Real=0.01s
[0.334s][info][gc,start       ] GC(17) Pause Full (Ergonomics)
[0.334s][info][gc,phases,start] GC(17) Marking Phase
[0.342s][info][gc,phases      ] GC(17) Marking Phase 8.125ms
[0.342s][info][gc,phases,start] GC(17) Summary Phase
[0.342s][info][gc,phases      ] GC(17) Summary Phase 0.015ms
[0.342s][info][gc,phases,start] GC(17) Adjust Roots
[0.342s][info][gc,phases      ] GC(17) Adjust Roots 0.211ms
[0.342s][info][gc,phases,start] GC(17) Compaction Phase
[0.348s][info][gc,phases      ] GC(17) Compaction Phase 5.878ms
[0.348s][info][gc,phases,start] GC(17) Post Compact
[0.348s][info][gc,phases      ] GC(17) Post Compact 0.070ms
[0.348s][info][gc,heap        ] GC(17) PSYoungGen: 2688K(14336K)->1106K(14848K) Eden: 0K(7168K)->0K(7680K) From: 2688K(7168K)->1106K(7168K)
[0.348s][info][gc,heap        ] GC(17) ParOldGen: 16735K(18432K)->18182K(27648K)
[0.348s][info][gc,metaspace   ] GC(17) Metaspace: 6299K(6464K)->6299K(6464K) NonClass: 5766K(5824K)->5766K(5824K) Class: 533K(640K)->533K(640K)
[0.348s][info][gc             ] GC(17) Pause Full (Ergonomics) 18M->18M(41M) 14.608ms
[0.348s][info][gc,cpu         ] GC(17) User=0.00s Sys=0.00s Real=0.01s
[0.352s][info][gc,start       ] GC(18) Pause Young (Allocation Failure)
[0.357s][info][gc,heap        ] GC(18) PSYoungGen: 7796K(14848K)->3424K(15360K) Eden: 6689K(7680K)->0K(7680K) From: 1106K(7168K)->3424K(7680K)
[0.357s][info][gc,heap        ] GC(18) ParOldGen: 18182K(27648K)->19318K(27648K)
[0.357s][info][gc,metaspace   ] GC(18) Metaspace: 6299K(6464K)->6299K(6464K) NonClass: 5766K(5824K)->5766K(5824K) Class: 533K(640K)->533K(640K)
[0.357s][info][gc             ] GC(18) Pause Young (Allocation Failure) 25M->22M(42M) 4.844ms
[0.357s][info][gc,cpu         ] GC(18) User=0.00s Sys=0.00s Real=0.01s
[0.365s][info][gc,start       ] GC(19) Pause Young (Allocation Failure)
[0.372s][info][gc,heap        ] GC(19) PSYoungGen: 11104K(15360K)->4480K(17920K) Eden: 7680K(7680K)->0K(10240K) From: 3424K(7680K)->4480K(7680K)
[0.372s][info][gc,heap        ] GC(19) ParOldGen: 19318K(27648K)->22766K(27648K)
[0.372s][info][gc,metaspace   ] GC(19) Metaspace: 6299K(6464K)->6299K(6464K) NonClass: 5766K(5824K)->5766K(5824K) Class: 533K(640K)->533K(640K)
[0.372s][info][gc             ] GC(19) Pause Young (Allocation Failure) 29M->26M(44M) 6.698ms
[0.372s][info][gc,cpu         ] GC(19) User=0.00s Sys=0.00s Real=0.01s
[0.378s][info][gc,start       ] GC(20) Pause Young (Allocation Failure)
[0.385s][info][gc,heap        ] GC(20) PSYoungGen: 14720K(17920K)->5344K(17920K) Eden: 10240K(10240K)->0K(10240K) From: 4480K(7680K)->5344K(7680K)
[0.385s][info][gc,heap        ] GC(20) ParOldGen: 22766K(27648K)->27286K(27648K)
[0.385s][info][gc,metaspace   ] GC(20) Metaspace: 6299K(6464K)->6299K(6464K) NonClass: 5766K(5824K)->5766K(5824K) Class: 533K(640K)->533K(640K)
[0.385s][info][gc             ] GC(20) Pause Young (Allocation Failure) 36M->31M(44M) 7.169ms
[0.385s][info][gc,cpu         ] GC(20) User=0.00s Sys=0.00s Real=0.01s
[0.385s][info][gc,start       ] GC(21) Pause Full (Ergonomics)
[0.385s][info][gc,phases,start] GC(21) Marking Phase
[0.398s][info][gc,phases      ] GC(21) Marking Phase 12.934ms
[0.398s][info][gc,phases,start] GC(21) Summary Phase
[0.398s][info][gc,phases      ] GC(21) Summary Phase 0.015ms
[0.398s][info][gc,phases,start] GC(21) Adjust Roots
[0.399s][info][gc,phases      ] GC(21) Adjust Roots 0.194ms
[0.399s][info][gc,phases,start] GC(21) Compaction Phase
[0.410s][info][gc,phases      ] GC(21) Compaction Phase 11.539ms
[0.410s][info][gc,phases,start] GC(21) Post Compact
[0.410s][info][gc,phases      ] GC(21) Post Compact 0.104ms
[0.411s][info][gc,heap        ] GC(21) PSYoungGen: 5344K(17920K)->4780K(17920K) Eden: 0K(10240K)->0K(10240K) From: 5344K(7680K)->4780K(7680K)
[0.411s][info][gc,heap        ] GC(21) ParOldGen: 27286K(27648K)->27140K(38912K)
[0.411s][info][gc,metaspace   ] GC(21) Metaspace: 6299K(6464K)->6299K(6464K) NonClass: 5766K(5824K)->5766K(5824K) Class: 533K(640K)->533K(640K)
[0.411s][info][gc             ] GC(21) Pause Full (Ergonomics) 31M->31M(55M) 25.250ms
[0.411s][info][gc,cpu         ] GC(21) User=0.00s Sys=0.00s Real=0.02s
[0.419s][info][gc,start       ] GC(22) Pause Young (Allocation Failure)
[0.432s][info][gc,heap        ] GC(22) PSYoungGen: 15020K(17920K)->8192K(17920K) Eden: 10240K(10240K)->0K(9728K) From: 4780K(7680K)->8192K(8192K)
[0.432s][info][gc,heap        ] GC(22) ParOldGen: 27140K(38912K)->32956K(38912K)
[0.432s][info][gc,metaspace   ] GC(22) Metaspace: 6299K(6464K)->6299K(6464K) NonClass: 5766K(5824K)->5766K(5824K) Class: 533K(640K)->533K(640K)
[0.432s][info][gc             ] GC(22) Pause Young (Allocation Failure) 41M->40M(55M) 12.715ms
[0.432s][info][gc,cpu         ] GC(22) User=0.00s Sys=0.00s Real=0.01s
[0.432s][info][gc,start       ] GC(23) Pause Full (Ergonomics)
[0.432s][info][gc,phases,start] GC(23) Marking Phase
[0.449s][info][gc,phases      ] GC(23) Marking Phase 16.629ms
[0.449s][info][gc,phases,start] GC(23) Summary Phase
[0.449s][info][gc,phases      ] GC(23) Summary Phase 0.016ms
[0.449s][info][gc,phases,start] GC(23) Adjust Roots
[0.449s][info][gc,phases      ] GC(23) Adjust Roots 0.164ms
[0.449s][info][gc,phases,start] GC(23) Compaction Phase
[0.460s][info][gc,phases      ] GC(23) Compaction Phase 10.577ms
[0.460s][info][gc,phases,start] GC(23) Post Compact
[0.460s][info][gc,phases      ] GC(23) Post Compact 0.218ms
[0.460s][info][gc,heap        ] GC(23) PSYoungGen: 8192K(17920K)->2554K(17920K) Eden: 0K(9728K)->0K(9728K) From: 8192K(8192K)->2554K(8192K)
[0.460s][info][gc,heap        ] GC(23) ParOldGen: 32956K(38912K)->38477K(52736K)
[0.460s][info][gc,metaspace   ] GC(23) Metaspace: 6299K(6464K)->6299K(6464K) NonClass: 5766K(5824K)->5766K(5824K) Class: 533K(640K)->533K(640K)
[0.460s][info][gc             ] GC(23) Pause Full (Ergonomics) 40M->40M(69M) 28.000ms
[0.460s][info][gc,cpu         ] GC(23) User=0.03s Sys=0.00s Real=0.03s
[0.474s][info][gc,start       ] GC(24) Pause Young (Allocation Failure)
[0.483s][info][gc,heap        ] GC(24) PSYoungGen: 12282K(17920K)->9760K(20992K) Eden: 9728K(9728K)->0K(9728K) From: 2554K(8192K)->9760K(11264K)
[0.483s][info][gc,heap        ] GC(24) ParOldGen: 38477K(52736K)->41077K(52736K)
[0.483s][info][gc,metaspace   ] GC(24) Metaspace: 6299K(6464K)->6299K(6464K) NonClass: 5766K(5824K)->5766K(5824K) Class: 533K(640K)->533K(640K)
[0.483s][info][gc             ] GC(24) Pause Young (Allocation Failure) 49M->49M(72M) 9.711ms
[0.483s][info][gc,cpu         ] GC(24) User=0.00s Sys=0.00s Real=0.01s
[0.493s][info][gc,start       ] GC(25) Pause Young (Allocation Failure)
[0.506s][info][gc,heap        ] GC(25) PSYoungGen: 19488K(20992K)->12768K(19968K) Eden: 9728K(9728K)->0K(7168K) From: 9760K(11264K)->12768K(12800K)
[0.506s][info][gc,heap        ] GC(25) ParOldGen: 41077K(52736K)->47845K(52736K)
[0.506s][info][gc,metaspace   ] GC(25) Metaspace: 6299K(6464K)->6299K(6464K) NonClass: 5766K(5824K)->5766K(5824K) Class: 533K(640K)->533K(640K)
[0.506s][info][gc             ] GC(25) Pause Young (Allocation Failure) 59M->59M(71M) 13.093ms
[0.506s][info][gc,cpu         ] GC(25) User=0.02s Sys=0.00s Real=0.01s
[0.506s][info][gc,start       ] GC(26) Pause Full (Ergonomics)
[0.506s][info][gc,phases,start] GC(26) Marking Phase
[0.531s][info][gc,phases      ] GC(26) Marking Phase 25.132ms
[0.531s][info][gc,phases,start] GC(26) Summary Phase
[0.531s][info][gc,phases      ] GC(26) Summary Phase 0.020ms
[0.531s][info][gc,phases,start] GC(26) Adjust Roots
[0.532s][info][gc,phases      ] GC(26) Adjust Roots 0.188ms
[0.532s][info][gc,phases,start] GC(26) Compaction Phase
[0.549s][info][gc,phases      ] GC(26) Compaction Phase 17.591ms
[0.549s][info][gc,phases,start] GC(26) Post Compact
[0.549s][info][gc,phases      ] GC(26) Post Compact 0.201ms
[0.550s][info][gc,heap        ] GC(26) PSYoungGen: 12768K(19968K)->7122K(19968K) Eden: 0K(7168K)->0K(7168K) From: 12768K(12800K)->7122K(12800K)
[0.550s][info][gc,heap        ] GC(26) ParOldGen: 47845K(52736K)->52290K(69120K)
[0.550s][info][gc,metaspace   ] GC(26) Metaspace: 6299K(6464K)->6299K(6464K) NonClass: 5766K(5824K)->5766K(5824K) Class: 533K(640K)->533K(640K)
[0.550s][info][gc             ] GC(26) Pause Full (Ergonomics) 59M->58M(87M) 43.548ms
[0.550s][info][gc,cpu         ] GC(26) User=0.03s Sys=0.00s Real=0.04s
[0.557s][info][gc,start       ] GC(27) Pause Young (Allocation Failure)
[0.570s][info][gc,heap        ] GC(27) PSYoungGen: 14290K(19968K)->7200K(24576K) Eden: 7168K(7168K)->0K(7168K) From: 7122K(12800K)->7200K(17408K)
[0.570s][info][gc,heap        ] GC(27) ParOldGen: 52290K(69120K)->59538K(69120K)
[0.570s][info][gc,metaspace   ] GC(27) Metaspace: 6299K(6464K)->6299K(6464K) NonClass: 5766K(5824K)->5766K(5824K) Class: 533K(640K)->533K(640K)
[0.570s][info][gc             ] GC(27) Pause Young (Allocation Failure) 65M->65M(91M) 13.361ms
[0.570s][info][gc,cpu         ] GC(27) User=0.00s Sys=0.00s Real=0.01s
[0.577s][info][gc,start       ] GC(28) Pause Young (Allocation Failure)
[0.587s][info][gc,heap        ] GC(28) PSYoungGen: 14368K(24576K)->14336K(23040K) Eden: 7168K(7168K)->0K(6656K) From: 7200K(17408K)->14336K(16384K)
[0.587s][info][gc,heap        ] GC(28) ParOldGen: 59538K(69120K)->59538K(69120K)
[0.587s][info][gc,metaspace   ] GC(28) Metaspace: 6299K(6464K)->6299K(6464K) NonClass: 5766K(5824K)->5766K(5824K) Class: 533K(640K)->533K(640K)
[0.587s][info][gc             ] GC(28) Pause Young (Allocation Failure) 72M->72M(90M) 10.110ms
[0.588s][info][gc,cpu         ] GC(28) User=0.02s Sys=0.00s Real=0.01s
[0.594s][info][gc,start       ] GC(29) Pause Young (Allocation Failure)
[0.607s][info][gc,heap        ] GC(29) PSYoungGen: 20992K(23040K)->13824K(25088K) Eden: 6656K(6656K)->0K(6656K) From: 14336K(16384K)->13824K(18432K)
[0.607s][info][gc,heap        ] GC(29) ParOldGen: 59538K(69120K)->66802K(69120K)
[0.607s][info][gc,metaspace   ] GC(29) Metaspace: 6299K(6464K)->6299K(6464K) NonClass: 5766K(5824K)->5766K(5824K) Class: 533K(640K)->533K(640K)
[0.607s][info][gc             ] GC(29) Pause Young (Allocation Failure) 78M->78M(92M) 13.391ms
[0.607s][info][gc,cpu         ] GC(29) User=0.02s Sys=0.00s Real=0.01s
[0.608s][info][gc,start       ] GC(30) Pause Full (Ergonomics)
[0.608s][info][gc,phases,start] GC(30) Marking Phase
[0.639s][info][gc,phases      ] GC(30) Marking Phase 31.914ms
[0.640s][info][gc,phases,start] GC(30) Summary Phase
[0.640s][info][gc,phases      ] GC(30) Summary Phase 0.015ms
[0.640s][info][gc,phases,start] GC(30) Adjust Roots
[0.640s][info][gc,phases      ] GC(30) Adjust Roots 0.156ms
[0.640s][info][gc,phases,start] GC(30) Compaction Phase
[0.659s][info][gc,phases      ] GC(30) Compaction Phase 19.104ms
[0.659s][info][gc,phases,start] GC(30) Post Compact
[0.659s][info][gc,phases      ] GC(30) Post Compact 0.326ms
[0.659s][info][gc,heap        ] GC(30) PSYoungGen: 13824K(25088K)->11209K(25088K) Eden: 0K(6656K)->0K(6656K) From: 13824K(18432K)->11209K(18432K)
[0.659s][info][gc,heap        ] GC(30) ParOldGen: 66802K(69120K)->69106K(89600K)
[0.659s][info][gc,metaspace   ] GC(30) Metaspace: 6299K(6464K)->6299K(6464K) NonClass: 5766K(5824K)->5766K(5824K) Class: 533K(640K)->533K(640K)
[0.659s][info][gc             ] GC(30) Pause Full (Ergonomics) 78M->78M(112M) 51.878ms
[0.659s][info][gc,cpu         ] GC(30) User=0.06s Sys=0.00s Real=0.05s
[0.666s][info][gc,start       ] GC(31) Pause Young (Allocation Failure)
[0.682s][info][gc,heap        ] GC(31) PSYoungGen: 17865K(25088K)->11968K(27648K) Eden: 6656K(6656K)->0K(8192K) From: 11209K(18432K)->11968K(19456K)
[0.682s][info][gc,heap        ] GC(31) ParOldGen: 69106K(89600K)->75146K(89600K)
[0.682s][info][gc,metaspace   ] GC(31) Metaspace: 6299K(6464K)->6299K(6464K) NonClass: 5766K(5824K)->5766K(5824K) Class: 533K(640K)->533K(640K)
[0.682s][info][gc             ] GC(31) Pause Young (Allocation Failure) 84M->85M(114M) 15.702ms
[0.682s][info][gc,cpu         ] GC(31) User=0.02s Sys=0.00s Real=0.02s
[0.696s][info][gc,start       ] GC(32) Pause Young (Allocation Failure)
[0.710s][info][gc,heap        ] GC(32) PSYoungGen: 20160K(27648K)->14880K(28160K) Eden: 8192K(8192K)->0K(8192K) From: 11968K(19456K)->14880K(19968K)
[0.710s][info][gc,heap        ] GC(32) ParOldGen: 75146K(89600K)->80514K(89600K)
[0.710s][info][gc,metaspace   ] GC(32) Metaspace: 6299K(6464K)->6299K(6464K) NonClass: 5766K(5824K)->5766K(5824K) Class: 533K(640K)->533K(640K)
[0.710s][info][gc             ] GC(32) Pause Young (Allocation Failure) 93M->93M(115M) 13.852ms
[0.710s][info][gc,cpu         ] GC(32) User=0.02s Sys=0.00s Real=0.01s
[0.710s][info][gc,start       ] GC(33) Pause Full (Ergonomics)
[0.710s][info][gc,phases,start] GC(33) Marking Phase
[0.747s][info][gc,phases      ] GC(33) Marking Phase 36.714ms
[0.747s][info][gc,phases,start] GC(33) Summary Phase
[0.747s][info][gc,phases      ] GC(33) Summary Phase 0.019ms
[0.747s][info][gc,phases,start] GC(33) Adjust Roots
[0.747s][info][gc,phases      ] GC(33) Adjust Roots 0.169ms
[0.747s][info][gc,phases,start] GC(33) Compaction Phase
[0.772s][info][gc,phases      ] GC(33) Compaction Phase 24.842ms
[0.772s][info][gc,phases,start] GC(33) Post Compact
[0.772s][info][gc,phases      ] GC(33) Post Compact 0.309ms
[0.773s][info][gc,heap        ] GC(33) PSYoungGen: 14880K(28160K)->3553K(28160K) Eden: 0K(8192K)->0K(8192K) From: 14880K(19968K)->3553K(19968K)
[0.773s][info][gc,heap        ] GC(33) ParOldGen: 80514K(89600K)->89518K(112128K)
[0.773s][info][gc,metaspace   ] GC(33) Metaspace: 6299K(6464K)->6299K(6464K) NonClass: 5766K(5824K)->5766K(5824K) Class: 533K(640K)->533K(640K)
[0.773s][info][gc             ] GC(33) Pause Full (Ergonomics) 93M->90M(137M) 62.424ms
[0.773s][info][gc,cpu         ] GC(33) User=0.09s Sys=0.00s Real=0.06s
[0.780s][info][gc,start       ] GC(34) Pause Young (Allocation Failure)
[0.791s][info][gc,heap        ] GC(34) PSYoungGen: 11745K(28160K)->10176K(29184K) Eden: 8192K(8192K)->0K(9728K) From: 3553K(19968K)->10176K(19456K)
[0.791s][info][gc,heap        ] GC(34) ParOldGen: 89518K(112128K)->91166K(112128K)
[0.791s][info][gc,metaspace   ] GC(34) Metaspace: 6299K(6464K)->6299K(6464K) NonClass: 5766K(5824K)->5766K(5824K) Class: 533K(640K)->533K(640K)
[0.791s][info][gc             ] GC(34) Pause Young (Allocation Failure) 98M->98M(138M) 11.337ms
[0.791s][info][gc,cpu         ] GC(34) User=0.00s Sys=0.00s Real=0.01s
[0.800s][info][gc,start       ] GC(35) Pause Young (Allocation Failure)
[0.810s][info][gc,heap        ] GC(35) PSYoungGen: 19904K(29184K)->19872K(30208K) Eden: 9728K(9728K)->0K(9728K) From: 10176K(19456K)->19872K(20480K)
[0.810s][info][gc,heap        ] GC(35) ParOldGen: 91166K(112128K)->91166K(112128K)
[0.810s][info][gc,metaspace   ] GC(35) Metaspace: 6299K(6464K)->6299K(6464K) NonClass: 5766K(5824K)->5766K(5824K) Class: 533K(640K)->533K(640K)
[0.810s][info][gc             ] GC(35) Pause Young (Allocation Failure) 108M->108M(139M) 10.497ms
[0.810s][info][gc,cpu         ] GC(35) User=0.02s Sys=0.00s Real=0.01s
[0.819s][info][gc,start       ] GC(36) Pause Young (Allocation Failure)
[0.835s][info][gc,heap        ] GC(36) PSYoungGen: 29600K(30208K)->23552K(29184K) Eden: 9728K(9728K)->0K(5632K) From: 19872K(20480K)->23552K(23552K)
[0.836s][info][gc,heap        ] GC(36) ParOldGen: 91166K(112128K)->97262K(112128K)
[0.836s][info][gc,metaspace   ] GC(36) Metaspace: 6299K(6464K)->6299K(6464K) NonClass: 5766K(5824K)->5766K(5824K) Class: 533K(640K)->533K(640K)
[0.836s][info][gc             ] GC(36) Pause Young (Allocation Failure) 117M->117M(138M) 16.152ms
[0.836s][info][gc,cpu         ] GC(36) User=0.00s Sys=0.00s Real=0.02s
[0.841s][info][gc,start       ] GC(37) Pause Young (Allocation Failure)
[0.856s][info][gc,heap        ] GC(37) PSYoungGen: 29184K(29184K)->19680K(34816K) Eden: 5632K(5632K)->0K(5632K) From: 23552K(23552K)->19680K(29184K)
[0.856s][info][gc,heap        ] GC(37) ParOldGen: 97262K(112128K)->106934K(112128K)
[0.856s][info][gc,metaspace   ] GC(37) Metaspace: 6299K(6464K)->6299K(6464K) NonClass: 5766K(5824K)->5766K(5824K) Class: 533K(640K)->533K(640K)
[0.856s][info][gc             ] GC(37) Pause Young (Allocation Failure) 123M->123M(143M) 14.695ms
[0.856s][info][gc,cpu         ] GC(37) User=0.00s Sys=0.02s Real=0.02s
[0.856s][info][gc,start       ] GC(38) Pause Full (Ergonomics)
[0.856s][info][gc,phases,start] GC(38) Marking Phase
[0.889s][info][gc,phases      ] GC(38) Marking Phase 33.578ms
[0.889s][info][gc,phases,start] GC(38) Summary Phase
[0.889s][info][gc,phases      ] GC(38) Summary Phase 0.015ms
[0.890s][info][gc,phases,start] GC(38) Adjust Roots
[0.890s][info][gc,phases      ] GC(38) Adjust Roots 0.142ms
[0.890s][info][gc,phases,start] GC(38) Compaction Phase
[0.915s][info][gc,phases      ] GC(38) Compaction Phase 25.209ms
[0.915s][info][gc,phases,start] GC(38) Post Compact
[0.915s][info][gc,phases      ] GC(38) Post Compact 0.490ms
[0.916s][info][gc,heap        ] GC(38) PSYoungGen: 19680K(34816K)->14484K(34816K) Eden: 0K(5632K)->0K(5632K) From: 19680K(29184K)->14484K(29184K)
[0.916s][info][gc,heap        ] GC(38) ParOldGen: 106934K(112128K)->111735K(137728K)
[0.916s][info][gc,metaspace   ] GC(38) Metaspace: 6299K(6464K)->6299K(6464K) NonClass: 5766K(5824K)->5766K(5824K) Class: 533K(640K)->533K(640K)
[0.916s][info][gc             ] GC(38) Pause Full (Ergonomics) 123M->123M(168M) 59.806ms
[0.916s][info][gc,cpu         ] GC(38) User=0.12s Sys=0.00s Real=0.06s
[0.921s][info][gc,start       ] GC(39) Pause Young (Allocation Failure)
[0.936s][info][gc,heap        ] GC(39) PSYoungGen: 20116K(34816K)->10144K(34304K) Eden: 5632K(5632K)->0K(6656K) From: 14484K(29184K)->10144K(27648K)
[0.936s][info][gc,heap        ] GC(39) ParOldGen: 111735K(137728K)->121919K(137728K)
[0.936s][info][gc,metaspace   ] GC(39) Metaspace: 6299K(6464K)->6299K(6464K) NonClass: 5766K(5824K)->5766K(5824K) Class: 533K(640K)->533K(640K)
[0.936s][info][gc             ] GC(39) Pause Young (Allocation Failure) 128M->128M(168M) 15.411ms
[0.936s][info][gc,cpu         ] GC(39) User=0.00s Sys=0.00s Real=0.02s
[0.943s][info][gc,start       ] GC(40) Pause Young (Allocation Failure)
[0.952s][info][gc,heap        ] GC(40) PSYoungGen: 16800K(34304K)->12320K(35840K) Eden: 6656K(6656K)->0K(6656K) From: 10144K(27648K)->12320K(29184K)
[0.952s][info][gc,heap        ] GC(40) ParOldGen: 121919K(137728K)->126463K(137728K)
[0.952s][info][gc,metaspace   ] GC(40) Metaspace: 6299K(6464K)->6299K(6464K) NonClass: 5766K(5824K)->5766K(5824K) Class: 533K(640K)->533K(640K)
[0.952s][info][gc             ] GC(40) Pause Young (Allocation Failure) 135M->135M(169M) 8.624ms
[0.952s][info][gc,cpu         ] GC(40) User=0.00s Sys=0.00s Real=0.01s
[0.952s][info][gc,start       ] GC(41) Pause Full (Ergonomics)
[0.952s][info][gc,phases,start] GC(41) Marking Phase
[0.989s][info][gc,phases      ] GC(41) Marking Phase 37.165ms
[0.989s][info][gc,phases,start] GC(41) Summary Phase
[0.989s][info][gc,phases      ] GC(41) Summary Phase 0.020ms
[0.989s][info][gc,phases,start] GC(41) Adjust Roots
[0.989s][info][gc,phases      ] GC(41) Adjust Roots 0.154ms
[0.989s][info][gc,phases,start] GC(41) Compaction Phase
[1.008s][info][gc,phases      ] GC(41) Compaction Phase 18.738ms
[1.008s][info][gc,phases,start] GC(41) Post Compact
[1.009s][info][gc,phases      ] GC(41) Post Compact 0.639ms
[1.009s][info][gc,heap        ] GC(41) PSYoungGen: 12320K(35840K)->987K(7680K) Eden: 0K(6656K)->0K(6656K) From: 12320K(29184K)->987K(1024K)
[1.009s][info][gc,heap        ] GC(41) ParOldGen: 126463K(137728K)->137461K(166400K)
[1.009s][info][gc,metaspace   ] GC(41) Metaspace: 6299K(6464K)->6299K(6464K) NonClass: 5766K(5824K)->5766K(5824K) Class: 533K(640K)->533K(640K)
[1.009s][info][gc             ] GC(41) Pause Full (Ergonomics) 135M->135M(170M) 57.365ms
[1.009s][info][gc,cpu         ] GC(41) User=0.12s Sys=0.03s Real=0.06s
[1.016s][info][gc,start       ] GC(42) Pause Young (Allocation Failure)
[1.028s][info][gc,heap        ] GC(42) PSYoungGen: 7643K(7680K)->7584K(34304K) Eden: 6656K(6656K)->0K(7680K) From: 987K(1024K)->7584K(26624K)
[1.028s][info][gc,heap        ] GC(42) ParOldGen: 137461K(166400K)->137589K(166400K)
[1.028s][info][gc,metaspace   ] GC(42) Metaspace: 6299K(6464K)->6299K(6464K) NonClass: 5766K(5824K)->5766K(5824K) Class: 533K(640K)->533K(640K)
[1.028s][info][gc             ] GC(42) Pause Young (Allocation Failure) 141M->141M(196M) 12.583ms
[1.028s][info][gc,cpu         ] GC(42) User=0.02s Sys=0.00s Real=0.01s
[1.036s][info][gc,start       ] GC(43) Pause Young (Allocation Failure)
[1.044s][info][gc,heap        ] GC(43) PSYoungGen: 15264K(34304K)->15232K(34816K) Eden: 7680K(7680K)->0K(7680K) From: 7584K(26624K)->15232K(27136K)
[1.044s][info][gc,heap        ] GC(43) ParOldGen: 137589K(166400K)->137589K(166400K)
[1.044s][info][gc,metaspace   ] GC(43) Metaspace: 6299K(6464K)->6299K(6464K) NonClass: 5766K(5824K)->5766K(5824K) Class: 533K(640K)->533K(640K)
[1.044s][info][gc             ] GC(43) Pause Young (Allocation Failure) 149M->149M(196M) 8.472ms
[1.044s][info][gc,cpu         ] GC(43) User=0.00s Sys=0.00s Real=0.01s
[1.052s][info][gc,start       ] GC(44) Pause Young (Allocation Failure)
[1.064s][info][gc,heap        ] GC(44) PSYoungGen: 22912K(34816K)->22912K(33280K) Eden: 7680K(7680K)->0K(6656K) From: 15232K(27136K)->22912K(26624K)
[1.064s][info][gc,heap        ] GC(44) ParOldGen: 137589K(166400K)->137589K(166400K)
[1.064s][info][gc,metaspace   ] GC(44) Metaspace: 6299K(6464K)->6299K(6464K) NonClass: 5766K(5824K)->5766K(5824K) Class: 533K(640K)->533K(640K)
[1.064s][info][gc             ] GC(44) Pause Young (Allocation Failure) 156M->156M(195M) 11.926ms
[1.064s][info][gc,cpu         ] GC(44) User=0.00s Sys=0.00s Real=0.01s
[1.070s][info][gc,start       ] GC(45) Pause Young (Allocation Failure)
[1.084s][info][gc,heap        ] GC(45) PSYoungGen: 29568K(33280K)->28640K(35840K) Eden: 6656K(6656K)->0K(6656K) From: 22912K(26624K)->28640K(29184K)
[1.084s][info][gc,heap        ] GC(45) ParOldGen: 137589K(166400K)->138493K(166400K)
[1.084s][info][gc,metaspace   ] GC(45) Metaspace: 6299K(6464K)->6299K(6464K) NonClass: 5766K(5824K)->5766K(5824K) Class: 533K(640K)->533K(640K)
[1.084s][info][gc             ] GC(45) Pause Young (Allocation Failure) 163M->163M(197M) 13.455ms
[1.084s][info][gc,cpu         ] GC(45) User=0.02s Sys=0.00s Real=0.01s
[1.091s][info][gc,start       ] GC(46) Pause Young (Allocation Failure)
[1.107s][info][gc,heap        ] GC(46) PSYoungGen: 35296K(35840K)->28672K(38400K) Eden: 6656K(6656K)->0K(5120K) From: 28640K(29184K)->28672K(33280K)
[1.107s][info][gc,heap        ] GC(46) ParOldGen: 138493K(166400K)->145237K(166400K)
[1.107s][info][gc,metaspace   ] GC(46) Metaspace: 6299K(6464K)->6299K(6464K) NonClass: 5766K(5824K)->5766K(5824K) Class: 533K(640K)->533K(640K)
[1.107s][info][gc             ] GC(46) Pause Young (Allocation Failure) 169M->169M(200M) 16.678ms
[1.107s][info][gc,cpu         ] GC(46) User=0.02s Sys=0.00s Real=0.02s
[1.138s][info][gc,start       ] GC(47) Pause Young (Allocation Failure)
[1.158s][info][gc,heap        ] GC(47) PSYoungGen: 33792K(38400K)->18432K(41472K) Eden: 5120K(5120K)->0K(5120K) From: 28672K(33280K)->18432K(36352K)
[1.158s][info][gc,heap        ] GC(47) ParOldGen: 153429K(166400K)->168981K(169472K)
[1.158s][info][gc,metaspace   ] GC(47) Metaspace: 6299K(6464K)->6299K(6464K) NonClass: 5766K(5824K)->5766K(5824K) Class: 533K(640K)->533K(640K)
[1.158s][info][gc             ] GC(47) Pause Young (Allocation Failure) 182M->183M(206M) 19.838ms
[1.158s][info][gc,cpu         ] GC(47) User=0.05s Sys=0.00s Real=0.02s
[1.158s][info][gc,start       ] GC(48) Pause Full (Ergonomics)
[1.158s][info][gc,phases,start] GC(48) Marking Phase
[1.200s][info][gc,phases      ] GC(48) Marking Phase 41.838ms
[1.200s][info][gc,phases,start] GC(48) Summary Phase
[1.200s][info][gc,phases      ] GC(48) Summary Phase 0.023ms
[1.200s][info][gc,phases,start] GC(48) Adjust Roots
[1.200s][info][gc,phases      ] GC(48) Adjust Roots 0.151ms
[1.200s][info][gc,phases,start] GC(48) Compaction Phase
[1.236s][info][gc,phases      ] GC(48) Compaction Phase 35.285ms
[1.236s][info][gc,phases,start] GC(48) Post Compact
[1.237s][info][gc,phases      ] GC(48) Post Compact 0.862ms
[1.237s][info][gc,heap        ] GC(48) PSYoungGen: 18432K(41472K)->13742K(41472K) Eden: 0K(5120K)->0K(5120K) From: 18432K(36352K)->13742K(36352K)
[1.237s][info][gc,heap        ] GC(48) ParOldGen: 168981K(169472K)->169067K(202752K)
[1.237s][info][gc,metaspace   ] GC(48) Metaspace: 6299K(6464K)->6299K(6464K) NonClass: 5766K(5824K)->5766K(5824K) Class: 533K(640K)->533K(640K)
[1.237s][info][gc             ] GC(48) Pause Full (Ergonomics) 183M->178M(238M) 78.630ms
[1.237s][info][gc,cpu         ] GC(48) User=0.19s Sys=0.00s Real=0.08s
[1.243s][info][gc,start       ] GC(49) Pause Young (Allocation Failure)
[1.260s][info][gc,heap        ] GC(49) PSYoungGen: 18862K(41472K)->13664K(38400K) Eden: 5120K(5120K)->0K(6144K) From: 13742K(36352K)->13664K(32256K)
[1.260s][info][gc,heap        ] GC(49) ParOldGen: 169067K(202752K)->174427K(202752K)
[1.260s][info][gc,metaspace   ] GC(49) Metaspace: 6299K(6464K)->6299K(6464K) NonClass: 5766K(5824K)->5766K(5824K) Class: 533K(640K)->533K(640K)
[1.260s][info][gc             ] GC(49) Pause Young (Allocation Failure) 183M->183M(235M) 16.930ms
[1.260s][info][gc,cpu         ] GC(49) User=0.02s Sys=0.00s Real=0.02s
[1.266s][info][gc,start       ] GC(50) Pause Young (Allocation Failure)
[1.277s][info][gc,heap        ] GC(50) PSYoungGen: 19808K(38400K)->14880K(21504K) Eden: 6144K(6144K)->0K(6144K) From: 13664K(32256K)->14880K(15360K)
[1.277s][info][gc,heap        ] GC(50) ParOldGen: 174427K(202752K)->179459K(202752K)
[1.277s][info][gc,metaspace   ] GC(50) Metaspace: 6299K(6464K)->6299K(6464K) NonClass: 5766K(5824K)->5766K(5824K) Class: 533K(640K)->533K(640K)
[1.277s][info][gc             ] GC(50) Pause Young (Allocation Failure) 189M->189M(219M) 10.406ms
[1.277s][info][gc,cpu         ] GC(50) User=0.02s Sys=0.00s Real=0.01s
[1.283s][info][gc,start       ] GC(51) Pause Young (Allocation Failure)
[1.296s][info][gc,heap        ] GC(51) PSYoungGen: 21024K(21504K)->17408K(37376K) Eden: 6144K(6144K)->0K(7168K) From: 14880K(15360K)->17408K(30208K)
[1.296s][info][gc,heap        ] GC(51) ParOldGen: 179459K(202752K)->183091K(202752K)
[1.296s][info][gc,metaspace   ] GC(51) Metaspace: 6299K(6464K)->6299K(6464K) NonClass: 5766K(5824K)->5766K(5824K) Class: 533K(640K)->533K(640K)
[1.296s][info][gc             ] GC(51) Pause Young (Allocation Failure) 195M->195M(234M) 13.100ms
[1.296s][info][gc,cpu         ] GC(51) User=0.00s Sys=0.00s Real=0.01s
[1.305s][info][gc,start       ] GC(52) Pause Young (Allocation Failure)
[1.319s][info][gc,heap        ] GC(52) PSYoungGen: 24576K(37376K)->13344K(38400K) Eden: 7168K(7168K)->0K(7168K) From: 17408K(30208K)->13344K(31232K)
[1.319s][info][gc,heap        ] GC(52) ParOldGen: 183091K(202752K)->194491K(202752K)
[1.319s][info][gc,metaspace   ] GC(52) Metaspace: 6299K(6464K)->6299K(6464K) NonClass: 5766K(5824K)->5766K(5824K) Class: 533K(640K)->533K(640K)
[1.319s][info][gc             ] GC(52) Pause Young (Allocation Failure) 202M->202M(235M) 14.697ms
[1.319s][info][gc,cpu         ] GC(52) User=0.00s Sys=0.00s Real=0.02s
[1.319s][info][gc,start       ] GC(53) Pause Full (Ergonomics)
[1.319s][info][gc,phases,start] GC(53) Marking Phase
[1.378s][info][gc,phases      ] GC(53) Marking Phase 58.752ms
[1.378s][info][gc,phases,start] GC(53) Summary Phase
[1.378s][info][gc,phases      ] GC(53) Summary Phase 0.018ms
[1.378s][info][gc,phases,start] GC(53) Adjust Roots
[1.378s][info][gc,phases      ] GC(53) Adjust Roots 0.184ms
[1.378s][info][gc,phases,start] GC(53) Compaction Phase
[1.406s][info][gc,phases      ] GC(53) Compaction Phase 27.098ms
[1.406s][info][gc,phases,start] GC(53) Post Compact
[1.407s][info][gc,phases      ] GC(53) Post Compact 1.208ms
[1.407s][info][gc,heap        ] GC(53) PSYoungGen: 13344K(38400K)->4557K(38400K) Eden: 0K(7168K)->0K(7168K) From: 13344K(31232K)->4557K(31232K)
[1.407s][info][gc,heap        ] GC(53) ParOldGen: 194491K(202752K)->202701K(238080K)
[1.407s][info][gc,metaspace   ] GC(53) Metaspace: 6299K(6464K)->6299K(6464K) NonClass: 5766K(5824K)->5766K(5824K) Class: 533K(640K)->533K(640K)
[1.407s][info][gc             ] GC(53) Pause Full (Ergonomics) 202M->202M(270M) 87.868ms
[1.407s][info][gc,cpu         ] GC(53) User=0.33s Sys=0.00s Real=0.09s
[1.415s][info][gc,start       ] GC(54) Pause Young (Allocation Failure)
[1.433s][info][gc,heap        ] GC(54) PSYoungGen: 11725K(38400K)->7232K(37888K) Eden: 7168K(7168K)->0K(8192K) From: 4557K(31232K)->7232K(29696K)
[1.433s][info][gc,heap        ] GC(54) ParOldGen: 202701K(238080K)->207349K(238080K)
[1.433s][info][gc,metaspace   ] GC(54) Metaspace: 6299K(6464K)->6299K(6464K) NonClass: 5766K(5824K)->5766K(5824K) Class: 533K(640K)->533K(640K)
[1.433s][info][gc             ] GC(54) Pause Young (Allocation Failure) 209M->209M(269M) 17.702ms
[1.433s][info][gc,cpu         ] GC(54) User=0.02s Sys=0.00s Real=0.02s
[1.442s][info][gc,start       ] GC(55) Pause Young (Allocation Failure)
[1.452s][info][gc,heap        ] GC(55) PSYoungGen: 15424K(37888K)->8256K(38400K) Eden: 8192K(8192K)->0K(8192K) From: 7232K(29696K)->8256K(30208K)
[1.452s][info][gc,heap        ] GC(55) ParOldGen: 207349K(238080K)->214613K(238080K)
[1.452s][info][gc,metaspace   ] GC(55) Metaspace: 6299K(6464K)->6299K(6464K) NonClass: 5766K(5824K)->5766K(5824K) Class: 533K(640K)->533K(640K)
[1.452s][info][gc             ] GC(55) Pause Young (Allocation Failure) 217M->217M(270M) 10.552ms
[1.452s][info][gc,cpu         ] GC(55) User=0.02s Sys=0.00s Real=0.01s
[1.463s][info][gc,start       ] GC(56) Pause Young (Allocation Failure)
[1.473s][info][gc,heap        ] GC(56) PSYoungGen: 16448K(38400K)->8288K(39424K) Eden: 8192K(8192K)->0K(9728K) From: 8256K(30208K)->8288K(29696K)
[1.474s][info][gc,heap        ] GC(56) ParOldGen: 214613K(238080K)->222925K(238080K)
[1.474s][info][gc,metaspace   ] GC(56) Metaspace: 6299K(6464K)->6299K(6464K) NonClass: 5766K(5824K)->5766K(5824K) Class: 533K(640K)->533K(640K)
[1.474s][info][gc             ] GC(56) Pause Young (Allocation Failure) 225M->225M(271M) 10.871ms
[1.474s][info][gc,cpu         ] GC(56) User=0.02s Sys=0.00s Real=0.01s
[1.485s][info][gc,start       ] GC(57) Pause Young (Allocation Failure)
[1.496s][info][gc,heap        ] GC(57) PSYoungGen: 18016K(39424K)->9824K(39424K) Eden: 9728K(9728K)->0K(9728K) From: 8288K(29696K)->9824K(29696K)
[1.496s][info][gc,heap        ] GC(57) ParOldGen: 222925K(238080K)->231237K(238080K)
[1.496s][info][gc,metaspace   ] GC(57) Metaspace: 6299K(6464K)->6299K(6464K) NonClass: 5766K(5824K)->5766K(5824K) Class: 533K(640K)->533K(640K)
[1.496s][info][gc             ] GC(57) Pause Young (Allocation Failure) 235M->235M(271M) 11.154ms
[1.496s][info][gc,cpu         ] GC(57) User=0.00s Sys=0.02s Real=0.01s
[1.496s][info][gc,start       ] GC(58) Pause Full (Ergonomics)
[1.496s][info][gc,phases,start] GC(58) Marking Phase
[1.562s][info][gc,phases      ] GC(58) Marking Phase 65.745ms
[1.562s][info][gc,phases,start] GC(58) Summary Phase
[1.562s][info][gc,phases      ] GC(58) Summary Phase 0.018ms
[1.562s][info][gc,phases,start] GC(58) Adjust Roots
[1.562s][info][gc,phases      ] GC(58) Adjust Roots 0.152ms
[1.562s][info][gc,phases,start] GC(58) Compaction Phase
[1.589s][info][gc,phases      ] GC(58) Compaction Phase 27.019ms
[1.589s][info][gc,phases,start] GC(58) Post Compact
[1.591s][info][gc,phases      ] GC(58) Post Compact 1.670ms
[1.591s][info][gc,heap        ] GC(58) PSYoungGen: 9824K(39424K)->2543K(39424K) Eden: 0K(9728K)->0K(9728K) From: 9824K(29696K)->2543K(29696K)
[1.591s][info][gc,heap        ] GC(58) ParOldGen: 231237K(238080K)->237871K(274944K)
[1.591s][info][gc,metaspace   ] GC(58) Metaspace: 6299K(6464K)->6299K(6464K) NonClass: 5766K(5824K)->5766K(5824K) Class: 533K(640K)->533K(640K)
[1.591s][info][gc             ] GC(58) Pause Full (Ergonomics) 235M->234M(307M) 95.190ms
[1.591s][info][gc,cpu         ] GC(58) User=0.41s Sys=0.00s Real=0.10s
[1.602s][info][gc,start       ] GC(59) Pause Young (Allocation Failure)
[1.622s][info][gc,heap        ] GC(59) PSYoungGen: 12271K(39424K)->9824K(37888K) Eden: 9728K(9728K)->0K(11264K) From: 2543K(29696K)->9824K(26624K)
[1.622s][info][gc,heap        ] GC(59) ParOldGen: 237871K(274944K)->240479K(274944K)
[1.622s][info][gc,metaspace   ] GC(59) Metaspace: 6299K(6464K)->6299K(6464K) NonClass: 5766K(5824K)->5766K(5824K) Class: 533K(640K)->533K(640K)
[1.622s][info][gc             ] GC(59) Pause Young (Allocation Failure) 244M->244M(305M) 19.319ms
[1.622s][info][gc,cpu         ] GC(59) User=0.02s Sys=0.00s Real=0.02s
[1.635s][info][gc,start       ] GC(60) Pause Young (Allocation Failure)
[1.647s][info][gc,heap        ] GC(60) PSYoungGen: 21088K(37888K)->21120K(38912K) Eden: 11264K(11264K)->0K(11264K) From: 9824K(26624K)->21120K(27648K)
[1.647s][info][gc,heap        ] GC(60) ParOldGen: 240479K(274944K)->240479K(274944K)
[1.647s][info][gc,metaspace   ] GC(60) Metaspace: 6299K(6464K)->6299K(6464K) NonClass: 5766K(5824K)->5766K(5824K) Class: 533K(640K)->533K(640K)
[1.647s][info][gc             ] GC(60) Pause Young (Allocation Failure) 255M->255M(306M) 12.086ms
[1.647s][info][gc,cpu         ] GC(60) User=0.00s Sys=0.00s Real=0.01s
[1.660s][info][gc,start       ] GC(61) Pause Young (Allocation Failure)
[1.677s][info][gc,heap        ] GC(61) PSYoungGen: 32384K(38912K)->29184K(36352K) Eden: 11264K(11264K)->0K(7168K) From: 21120K(27648K)->29184K(29184K)
[1.677s][info][gc,heap        ] GC(61) ParOldGen: 240479K(274944K)->243575K(274944K)
[1.677s][info][gc,metaspace   ] GC(61) Metaspace: 6299K(6464K)->6299K(6464K) NonClass: 5766K(5824K)->5766K(5824K) Class: 533K(640K)->533K(640K)
[1.677s][info][gc             ] GC(61) Pause Young (Allocation Failure) 266M->266M(304M) 17.438ms
[1.677s][info][gc,cpu         ] GC(61) User=0.03s Sys=0.02s Real=0.02s
[1.685s][info][gc,start       ] GC(62) Pause Young (Allocation Failure)
[1.704s][info][gc,heap        ] GC(62) PSYoungGen: 36352K(36352K)->17984K(41984K) Eden: 7168K(7168K)->0K(7168K) From: 29184K(29184K)->17984K(34816K)
[1.704s][info][gc,heap        ] GC(62) ParOldGen: 243575K(274944K)->262271K(274944K)
[1.704s][info][gc,metaspace   ] GC(62) Metaspace: 6299K(6464K)->6299K(6464K) NonClass: 5766K(5824K)->5766K(5824K) Class: 533K(640K)->533K(640K)
[1.704s][info][gc             ] GC(62) Pause Young (Allocation Failure) 273M->273M(309M) 18.567ms
[1.704s][info][gc,cpu         ] GC(62) User=0.11s Sys=0.00s Real=0.02s
[1.704s][info][gc,start       ] GC(63) Pause Full (Ergonomics)
[1.704s][info][gc,phases,start] GC(63) Marking Phase
[1.775s][info][gc,phases      ] GC(63) Marking Phase 71.041ms
[1.775s][info][gc,phases,start] GC(63) Summary Phase
[1.775s][info][gc,phases      ] GC(63) Summary Phase 0.027ms
[1.775s][info][gc,phases,start] GC(63) Adjust Roots
[1.775s][info][gc,phases      ] GC(63) Adjust Roots 0.204ms
[1.775s][info][gc,phases,start] GC(63) Compaction Phase
[1.803s][info][gc,phases      ] GC(63) Compaction Phase 27.867ms
[1.803s][info][gc,phases,start] GC(63) Post Compact
[1.805s][info][gc,phases      ] GC(63) Post Compact 1.930ms
[1.806s][info][gc,heap        ] GC(63) PSYoungGen: 17984K(41984K)->5090K(41984K) Eden: 0K(7168K)->0K(7168K) From: 17984K(34816K)->5090K(34816K)
[1.806s][info][gc,heap        ] GC(63) ParOldGen: 262271K(274944K)->274617K(317440K)
[1.806s][info][gc,metaspace   ] GC(63) Metaspace: 6299K(6464K)->6299K(6464K) NonClass: 5766K(5824K)->5766K(5824K) Class: 533K(640K)->533K(640K)
[1.806s][info][gc             ] GC(63) Pause Full (Ergonomics) 273M->273M(351M) 102.035ms
[1.806s][info][gc,cpu         ] GC(63) User=0.53s Sys=0.00s Real=0.10s
[1.815s][info][gc,start       ] GC(64) Pause Young (Allocation Failure)
[1.833s][info][gc,heap        ] GC(64) PSYoungGen: 12258K(41984K)->9600K(39936K) Eden: 7168K(7168K)->0K(8192K) From: 5090K(34816K)->9600K(31744K)
[1.833s][info][gc,heap        ] GC(64) ParOldGen: 274617K(317440K)->277433K(317440K)
[1.833s][info][gc,metaspace   ] GC(64) Metaspace: 6299K(6464K)->6299K(6464K) NonClass: 5766K(5824K)->5766K(5824K) Class: 533K(640K)->533K(640K)
[1.833s][info][gc             ] GC(64) Pause Young (Allocation Failure) 280M->280M(349M) 18.694ms
[1.833s][info][gc,cpu         ] GC(64) User=0.05s Sys=0.00s Real=0.02s
[1.843s][info][gc,start       ] GC(65) Pause Young (Allocation Failure)
[1.853s][info][gc,heap        ] GC(65) PSYoungGen: 17792K(39936K)->17792K(40960K) Eden: 8192K(8192K)->0K(8192K) From: 9600K(31744K)->17792K(32768K)
[1.853s][info][gc,heap        ] GC(65) ParOldGen: 277433K(317440K)->277433K(317440K)
[1.853s][info][gc,metaspace   ] GC(65) Metaspace: 6299K(6464K)->6299K(6464K) NonClass: 5766K(5824K)->5766K(5824K) Class: 533K(640K)->533K(640K)
[1.853s][info][gc             ] GC(65) Pause Young (Allocation Failure) 288M->288M(350M) 9.838ms
[1.853s][info][gc,cpu         ] GC(65) User=0.02s Sys=0.00s Real=0.01s
[1.862s][info][gc,start       ] GC(66) Pause Young (Allocation Failure)
[1.874s][info][gc,heap        ] GC(66) PSYoungGen: 25984K(40960K)->23616K(40448K) Eden: 8192K(8192K)->0K(8192K) From: 17792K(32768K)->23616K(32256K)
[1.874s][info][gc,heap        ] GC(66) ParOldGen: 277433K(317440K)->279825K(317440K)
[1.874s][info][gc,metaspace   ] GC(66) Metaspace: 6299K(6464K)->6299K(6464K) NonClass: 5766K(5824K)->5766K(5824K) Class: 533K(640K)->533K(640K)
[1.874s][info][gc             ] GC(66) Pause Young (Allocation Failure) 296M->296M(349M) 12.786ms
[1.874s][info][gc,cpu         ] GC(66) User=0.02s Sys=0.00s Real=0.01s
[1.884s][info][gc,start       ] GC(67) Pause Young (Allocation Failure)
[1.900s][info][gc,heap        ] GC(67) PSYoungGen: 31808K(40448K)->24672K(41472K) Eden: 8192K(8192K)->0K(8192K) From: 23616K(32256K)->24672K(33280K)
[1.900s][info][gc,heap        ] GC(67) ParOldGen: 279825K(317440K)->287089K(317440K)
[1.900s][info][gc,metaspace   ] GC(67) Metaspace: 6299K(6464K)->6299K(6464K) NonClass: 5766K(5824K)->5766K(5824K) Class: 533K(640K)->533K(640K)
[1.900s][info][gc             ] GC(67) Pause Young (Allocation Failure) 304M->304M(350M) 15.683ms
[1.900s][info][gc,cpu         ] GC(67) User=0.02s Sys=0.00s Real=0.02s
[1.909s][info][gc,start       ] GC(68) Pause Young (Allocation Failure)
[1.926s][info][gc,heap        ] GC(68) PSYoungGen: 32864K(41472K)->24608K(43520K) Eden: 8192K(8192K)->0K(8704K) From: 24672K(33280K)->24608K(34816K)
[1.926s][info][gc,heap        ] GC(68) ParOldGen: 287089K(317440K)->295401K(317440K)
[1.926s][info][gc,metaspace   ] GC(68) Metaspace: 6299K(6464K)->6299K(6464K) NonClass: 5766K(5824K)->5766K(5824K) Class: 533K(640K)->533K(640K)
[1.926s][info][gc             ] GC(68) Pause Young (Allocation Failure) 312M->312M(352M) 16.354ms
[1.926s][info][gc,cpu         ] GC(68) User=0.02s Sys=0.00s Real=0.02s
[1.936s][info][gc,start       ] GC(69) Pause Young (Allocation Failure)
[1.952s][info][gc,heap        ] GC(69) PSYoungGen: 33312K(43520K)->17024K(44544K) Eden: 8704K(8704K)->0K(8704K) From: 24608K(34816K)->17024K(35840K)
[1.952s][info][gc,heap        ] GC(69) ParOldGen: 295401K(317440K)->311985K(317440K)
[1.952s][info][gc,metaspace   ] GC(69) Metaspace: 6299K(6464K)->6299K(6464K) NonClass: 5766K(5824K)->5766K(5824K) Class: 533K(640K)->533K(640K)
[1.952s][info][gc             ] GC(69) Pause Young (Allocation Failure) 321M->321M(353M) 16.696ms
[1.952s][info][gc,cpu         ] GC(69) User=0.03s Sys=0.00s Real=0.02s
[1.952s][info][gc,start       ] GC(70) Pause Full (Ergonomics)
[1.952s][info][gc,phases,start] GC(70) Marking Phase
[2.024s][info][gc,phases      ] GC(70) Marking Phase 71.751ms
[2.024s][info][gc,phases,start] GC(70) Summary Phase
[2.024s][info][gc,phases      ] GC(70) Summary Phase 0.024ms
[2.024s][info][gc,phases,start] GC(70) Adjust Roots
[2.024s][info][gc,phases      ] GC(70) Adjust Roots 0.195ms
[2.025s][info][gc,phases,start] GC(70) Compaction Phase
[2.055s][info][gc,phases      ] GC(70) Compaction Phase 30.262ms
[2.055s][info][gc,phases,start] GC(70) Post Compact
[2.056s][info][gc,phases      ] GC(70) Post Compact 1.562ms
[2.057s][info][gc,heap        ] GC(70) PSYoungGen: 17024K(44544K)->11213K(44544K) Eden: 0K(8704K)->0K(8704K) From: 17024K(35840K)->11213K(35840K)
[2.057s][info][gc,heap        ] GC(70) ParOldGen: 311985K(317440K)->316948K(363520K)
[2.057s][info][gc,metaspace   ] GC(70) Metaspace: 6299K(6464K)->6299K(6464K) NonClass: 5766K(5824K)->5766K(5824K) Class: 533K(640K)->533K(640K)
[2.057s][info][gc             ] GC(70) Pause Full (Ergonomics) 321M->320M(398M) 104.308ms
[2.057s][info][gc,cpu         ] GC(70) User=0.62s Sys=0.02s Real=0.11s
[2.067s][info][gc,start       ] GC(71) Pause Young (Allocation Failure)
[2.090s][info][gc,heap        ] GC(71) PSYoungGen: 19917K(44544K)->8832K(43520K) Eden: 8704K(8704K)->0K(9728K) From: 11213K(35840K)->8832K(33792K)
[2.090s][info][gc,heap        ] GC(71) ParOldGen: 316948K(363520K)->328340K(363520K)
[2.090s][info][gc,metaspace   ] GC(71) Metaspace: 6299K(6464K)->6299K(6464K) NonClass: 5766K(5824K)->5766K(5824K) Class: 533K(640K)->533K(640K)
[2.090s][info][gc             ] GC(71) Pause Young (Allocation Failure) 328M->329M(397M) 22.646ms
[2.090s][info][gc,cpu         ] GC(71) User=0.06s Sys=0.08s Real=0.02s
[2.100s][info][gc,start       ] GC(72) Pause Young (Allocation Failure)
[2.110s][info][gc,heap        ] GC(72) PSYoungGen: 18560K(43520K)->9888K(44032K) Eden: 9728K(9728K)->0K(9728K) From: 8832K(33792K)->9888K(34304K)
[2.110s][info][gc,heap        ] GC(72) ParOldGen: 328340K(363520K)->337180K(363520K)
[2.110s][info][gc,metaspace   ] GC(72) Metaspace: 6299K(6464K)->6299K(6464K) NonClass: 5766K(5824K)->5766K(5824K) Class: 533K(640K)->533K(640K)
[2.110s][info][gc             ] GC(72) Pause Young (Allocation Failure) 338M->338M(398M) 10.273ms
[2.110s][info][gc,cpu         ] GC(72) User=0.00s Sys=0.00s Real=0.01s
[2.184s][info][gc,start       ] GC(73) Pause Full (Ergonomics)
[2.185s][info][gc,phases,start] GC(73) Marking Phase
[2.263s][info][gc,phases      ] GC(73) Marking Phase 78.024ms
[2.263s][info][gc,phases,start] GC(73) Summary Phase
[2.263s][info][gc,phases      ] GC(73) Summary Phase 0.018ms
[2.263s][info][gc,phases,start] GC(73) Adjust Roots
[2.263s][info][gc,phases      ] GC(73) Adjust Roots 0.145ms
[2.263s][info][gc,phases,start] GC(73) Compaction Phase
[2.333s][info][gc,phases      ] GC(73) Compaction Phase 70.350ms
[2.333s][info][gc,phases,start] GC(73) Post Compact
[2.335s][info][gc,phases      ] GC(73) Post Compact 2.026ms
[2.336s][info][gc,heap        ] GC(73) PSYoungGen: 19616K(44032K)->1010K(44032K) Eden: 9728K(9728K)->0K(9728K) From: 9888K(34304K)->1010K(34304K)
[2.336s][info][gc,heap        ] GC(73) ParOldGen: 353564K(363520K)->363408K(413184K)
[2.336s][info][gc,metaspace   ] GC(73) Metaspace: 6299K(6464K)->6299K(6464K) NonClass: 5766K(5824K)->5766K(5824K) Class: 533K(640K)->533K(640K)
[2.336s][info][gc             ] GC(73) Pause Full (Ergonomics) 364M->355M(446M) 151.338ms
[2.336s][info][gc,cpu         ] GC(73) User=0.83s Sys=0.00s Real=0.15s
[2.345s][info][gc,start       ] GC(74) Pause Young (Allocation Failure)
[2.370s][info][gc,heap        ] GC(74) PSYoungGen: 10738K(44032K)->9856K(43520K) Eden: 9728K(9728K)->0K(10752K) From: 1010K(34304K)->9856K(32768K)
[2.370s][info][gc,heap        ] GC(74) ParOldGen: 363408K(413184K)->364464K(413184K)
[2.370s][info][gc,metaspace   ] GC(74) Metaspace: 6299K(6464K)->6299K(6464K) NonClass: 5766K(5824K)->5766K(5824K) Class: 533K(640K)->533K(640K)
[2.370s][info][gc             ] GC(74) Pause Young (Allocation Failure) 365M->365M(446M) 25.057ms
[2.370s][info][gc,cpu         ] GC(74) User=0.12s Sys=0.00s Real=0.03s
[2.382s][info][gc,start       ] GC(75) Pause Young (Allocation Failure)
[2.393s][info][gc,heap        ] GC(75) PSYoungGen: 20608K(43520K)->20544K(44032K) Eden: 10752K(10752K)->0K(10752K) From: 9856K(32768K)->20544K(33280K)
[2.393s][info][gc,heap        ] GC(75) ParOldGen: 364464K(413184K)->364464K(413184K)
[2.393s][info][gc,metaspace   ] GC(75) Metaspace: 6299K(6464K)->6299K(6464K) NonClass: 5766K(5824K)->5766K(5824K) Class: 533K(640K)->533K(640K)
[2.393s][info][gc             ] GC(75) Pause Young (Allocation Failure) 376M->375M(446M) 11.737ms
[2.393s][info][gc,cpu         ] GC(75) User=0.00s Sys=0.00s Real=0.01s
[2.404s][info][gc,start       ] GC(76) Pause Young (Allocation Failure)
[2.421s][info][gc,heap        ] GC(76) PSYoungGen: 31296K(44032K)->31328K(41984K) Eden: 10752K(10752K)->0K(8704K) From: 20544K(33280K)->31328K(33280K)
[2.421s][info][gc,heap        ] GC(76) ParOldGen: 364464K(413184K)->364464K(413184K)
[2.421s][info][gc,metaspace   ] GC(76) Metaspace: 6299K(6464K)->6299K(6464K) NonClass: 5766K(5824K)->5766K(5824K) Class: 533K(640K)->533K(640K)
[2.421s][info][gc             ] GC(76) Pause Young (Allocation Failure) 386M->386M(444M) 16.583ms
[2.421s][info][gc,cpu         ] GC(76) User=0.09s Sys=0.00s Real=0.02s
[2.430s][info][gc,start       ] GC(77) Pause Young (Allocation Failure)
[2.451s][info][gc,heap        ] GC(77) PSYoungGen: 40032K(41984K)->30304K(45568K) Eden: 8704K(8704K)->0K(8704K) From: 31328K(33280K)->30304K(36864K)
[2.451s][info][gc,heap        ] GC(77) ParOldGen: 364464K(413184K)->374328K(413184K)
[2.451s][info][gc,metaspace   ] GC(77) Metaspace: 6299K(6464K)->6299K(6464K) NonClass: 5766K(5824K)->5766K(5824K) Class: 533K(640K)->533K(640K)
[2.451s][info][gc             ] GC(77) Pause Young (Allocation Failure) 395M->395M(448M) 20.579ms
[2.451s][info][gc,cpu         ] GC(77) User=0.09s Sys=0.00s Real=0.02s
[2.460s][info][gc,start       ] GC(78) Pause Young (Allocation Failure)
[2.480s][info][gc,heap        ] GC(78) PSYoungGen: 39008K(45568K)->28256K(48640K) Eden: 8704K(8704K)->0K(8704K) From: 30304K(36864K)->28256K(39936K)
[2.480s][info][gc,heap        ] GC(78) ParOldGen: 374328K(413184K)->385224K(413184K)
[2.480s][info][gc,metaspace   ] GC(78) Metaspace: 6299K(6464K)->6299K(6464K) NonClass: 5766K(5824K)->5766K(5824K) Class: 533K(640K)->533K(640K)
[2.480s][info][gc             ] GC(78) Pause Young (Allocation Failure) 403M->403M(451M) 19.837ms
[2.480s][info][gc,cpu         ] GC(78) User=0.11s Sys=0.00s Real=0.02s
[2.489s][info][gc,start       ] GC(79) Pause Young (Allocation Failure)
[2.508s][info][gc,heap        ] GC(79) PSYoungGen: 36960K(48640K)->17504K(26624K) Eden: 8704K(8704K)->0K(8704K) From: 28256K(39936K)->17504K(17920K)
[2.508s][info][gc,heap        ] GC(79) ParOldGen: 385224K(413184K)->404904K(413184K)
[2.508s][info][gc,metaspace   ] GC(79) Metaspace: 6299K(6464K)->6299K(6464K) NonClass: 5766K(5824K)->5766K(5824K) Class: 533K(640K)->533K(640K)
[2.508s][info][gc             ] GC(79) Pause Young (Allocation Failure) 412M->412M(429M) 19.062ms
[2.508s][info][gc,cpu         ] GC(79) User=0.14s Sys=0.00s Real=0.02s
[2.508s][info][gc,start       ] GC(80) Pause Full (Ergonomics)
[2.508s][info][gc,phases,start] GC(80) Marking Phase
[2.596s][info][gc,phases      ] GC(80) Marking Phase 88.347ms
[2.597s][info][gc,phases,start] GC(80) Summary Phase
[2.597s][info][gc,phases      ] GC(80) Summary Phase 0.019ms
[2.597s][info][gc,phases,start] GC(80) Adjust Roots
[2.597s][info][gc,phases      ] GC(80) Adjust Roots 0.156ms
[2.597s][info][gc,phases,start] GC(80) Compaction Phase
[2.640s][info][gc,phases      ] GC(80) Compaction Phase 42.840ms
[2.640s][info][gc,phases,start] GC(80) Post Compact
[2.642s][info][gc,phases      ] GC(80) Post Compact 1.974ms
[2.642s][info][gc,heap        ] GC(80) PSYoungGen: 17504K(26624K)->8658K(26624K) Eden: 0K(8704K)->0K(8704K) From: 17504K(17920K)->8658K(17920K)
[2.642s][info][gc,heap        ] GC(80) ParOldGen: 404904K(413184K)->412904K(470016K)
[2.642s][info][gc,metaspace   ] GC(80) Metaspace: 6299K(6464K)->6299K(6464K) NonClass: 5766K(5824K)->5766K(5824K) Class: 533K(640K)->533K(640K)
[2.642s][info][gc             ] GC(80) Pause Full (Ergonomics) 412M->411M(485M) 133.866ms
[2.642s][info][gc,cpu         ] GC(80) User=0.88s Sys=0.02s Real=0.13s
[2.651s][info][gc,start       ] GC(81) Pause Young (Allocation Failure)
[2.675s][info][gc,heap        ] GC(81) PSYoungGen: 17362K(26624K)->8800K(49664K) Eden: 8704K(8704K)->0K(10240K) From: 8658K(17920K)->8800K(39424K)
[2.676s][info][gc,heap        ] GC(81) ParOldGen: 412904K(470016K)->421704K(470016K)
[2.676s][info][gc,metaspace   ] GC(81) Metaspace: 6299K(6464K)->6299K(6464K) NonClass: 5766K(5824K)->5766K(5824K) Class: 533K(640K)->533K(640K)
[2.676s][info][gc             ] GC(81) Pause Young (Allocation Failure) 420M->420M(507M) 24.806ms
[2.676s][info][gc,cpu         ] GC(81) User=0.12s Sys=0.00s Real=0.03s
[2.686s][info][gc,start       ] GC(82) Pause Young (Allocation Failure)
[2.697s][info][gc,heap        ] GC(82) PSYoungGen: 19040K(49664K)->10336K(49664K) Eden: 10240K(10240K)->0K(10240K) From: 8800K(39424K)->10336K(39424K)
[2.697s][info][gc,heap        ] GC(82) ParOldGen: 421704K(470016K)->430536K(470016K)
[2.697s][info][gc,metaspace   ] GC(82) Metaspace: 6299K(6464K)->6299K(6464K) NonClass: 5766K(5824K)->5766K(5824K) Class: 533K(640K)->533K(640K)
[2.697s][info][gc             ] GC(82) Pause Young (Allocation Failure) 430M->430M(507M) 10.859ms
[2.697s][info][gc,cpu         ] GC(82) User=0.02s Sys=0.00s Real=0.01s
[2.707s][info][gc,start       ] GC(83) Pause Young (Allocation Failure)
[2.719s][info][gc,heap        ] GC(83) PSYoungGen: 20576K(49664K)->10400K(48640K) Eden: 10240K(10240K)->0K(11776K) From: 10336K(39424K)->10400K(36864K)
[2.719s][info][gc,heap        ] GC(83) ParOldGen: 430536K(470016K)->440920K(470016K)
[2.719s][info][gc,metaspace   ] GC(83) Metaspace: 6299K(6464K)->6299K(6464K) NonClass: 5766K(5824K)->5766K(5824K) Class: 533K(640K)->533K(640K)
[2.719s][info][gc             ] GC(83) Pause Young (Allocation Failure) 440M->440M(506M) 11.709ms
[2.719s][info][gc,cpu         ] GC(83) User=0.02s Sys=0.00s Real=0.01s
[2.732s][info][gc,start       ] GC(84) Pause Young (Allocation Failure)
[2.744s][info][gc,heap        ] GC(84) PSYoungGen: 22176K(48640K)->11936K(49664K) Eden: 11776K(11776K)->0K(11776K) From: 10400K(36864K)->11936K(37888K)
[2.745s][info][gc,heap        ] GC(84) ParOldGen: 440920K(470016K)->451304K(470016K)
[2.745s][info][gc,metaspace   ] GC(84) Metaspace: 6299K(6464K)->6299K(6464K) NonClass: 5766K(5824K)->5766K(5824K) Class: 533K(640K)->533K(640K)
[2.745s][info][gc             ] GC(84) Pause Young (Allocation Failure) 452M->452M(507M) 12.188ms
[2.745s][info][gc,cpu         ] GC(84) User=0.02s Sys=0.00s Real=0.01s
[2.745s][info][gc,start       ] GC(85) Pause Full (Ergonomics)
[2.745s][info][gc,phases,start] GC(85) Marking Phase
[2.844s][info][gc,phases      ] GC(85) Marking Phase 99.731ms
[2.844s][info][gc,phases,start] GC(85) Summary Phase
[2.844s][info][gc,phases      ] GC(85) Summary Phase 0.025ms
[2.844s][info][gc,phases,start] GC(85) Adjust Roots
[2.845s][info][gc,phases      ] GC(85) Adjust Roots 0.157ms
[2.845s][info][gc,phases,start] GC(85) Compaction Phase
[2.896s][info][gc,phases      ] GC(85) Compaction Phase 50.835ms
[2.896s][info][gc,phases,start] GC(85) Post Compact
[2.898s][info][gc,phases      ] GC(85) Post Compact 2.352ms
[2.898s][info][gc,heap        ] GC(85) PSYoungGen: 11936K(49664K)->0K(50176K) Eden: 0K(11776K)->0K(13312K) From: 11936K(37888K)->0K(36864K)
[2.898s][info][gc,heap        ] GC(85) ParOldGen: 451304K(470016K)->462397K(521216K)
[2.898s][info][gc,metaspace   ] GC(85) Metaspace: 6299K(6464K)->6299K(6464K) NonClass: 5766K(5824K)->5766K(5824K) Class: 533K(640K)->533K(640K)
[2.898s][info][gc             ] GC(85) Pause Full (Ergonomics) 452M->451M(558M) 153.700ms
[2.898s][info][gc,cpu         ] GC(85) User=0.94s Sys=0.00s Real=0.15s
[2.913s][info][gc,start       ] GC(86) Pause Young (Allocation Failure)
[2.923s][info][gc,heap        ] GC(86) PSYoungGen: 13312K(50176K)->13472K(50176K) Eden: 13312K(13312K)->0K(13312K) From: 0K(36864K)->13472K(36864K)
[2.923s][info][gc,heap        ] GC(86) ParOldGen: 462397K(521216K)->462397K(521216K)
[2.923s][info][gc,metaspace   ] GC(86) Metaspace: 6299K(6464K)->6299K(6464K) NonClass: 5766K(5824K)->5766K(5824K) Class: 533K(640K)->533K(640K)
[2.923s][info][gc             ] GC(86) Pause Young (Allocation Failure) 464M->464M(558M) 9.780ms
[2.923s][info][gc,cpu         ] GC(86) User=0.00s Sys=0.00s Real=0.01s
[2.938s][info][gc,start       ] GC(87) Pause Young (Allocation Failure)
[2.952s][info][gc,heap        ] GC(87) PSYoungGen: 26784K(50176K)->26720K(48128K) Eden: 13312K(13312K)->0K(12800K) From: 13472K(36864K)->26720K(35328K)
[2.952s][info][gc,heap        ] GC(87) ParOldGen: 462397K(521216K)->462397K(521216K)
[2.952s][info][gc,metaspace   ] GC(87) Metaspace: 6299K(6464K)->6299K(6464K) NonClass: 5766K(5824K)->5766K(5824K) Class: 533K(640K)->533K(640K)
[2.952s][info][gc             ] GC(87) Pause Young (Allocation Failure) 477M->477M(556M) 14.056ms
[2.952s][info][gc,cpu         ] GC(87) User=0.02s Sys=0.00s Real=0.01s
[2.966s][info][gc,start       ] GC(88) Pause Young (Allocation Failure)
[2.986s][info][gc,heap        ] GC(88) PSYoungGen: 39520K(48128K)->37376K(50176K) Eden: 12800K(12800K)->0K(12800K) From: 26720K(35328K)->37376K(37376K)
[2.986s][info][gc,heap        ] GC(88) ParOldGen: 462397K(521216K)->464477K(521216K)
[2.986s][info][gc,metaspace   ] GC(88) Metaspace: 6299K(6464K)->6299K(6464K) NonClass: 5766K(5824K)->5766K(5824K) Class: 533K(640K)->533K(640K)
[2.986s][info][gc             ] GC(88) Pause Young (Allocation Failure) 490M->490M(558M) 19.435ms
[2.986s][info][gc,cpu         ] GC(88) User=0.12s Sys=0.00s Real=0.02s
[2.999s][info][gc,start       ] GC(89) Pause Young (Allocation Failure)
[3.023s][info][gc,heap        ] GC(89) PSYoungGen: 50176K(50176K)->25184K(56832K) Eden: 12800K(12800K)->0K(14336K) From: 37376K(37376K)->25184K(42496K)
[3.023s][info][gc,heap        ] GC(89) ParOldGen: 464477K(521216K)->489885K(521216K)
[3.023s][info][gc,metaspace   ] GC(89) Metaspace: 6299K(6464K)->6299K(6464K) NonClass: 5766K(5824K)->5766K(5824K) Class: 533K(640K)->533K(640K)
[3.023s][info][gc             ] GC(89) Pause Young (Allocation Failure) 502M->502M(564M) 24.321ms
[3.023s][info][gc,cpu         ] GC(89) User=0.14s Sys=0.00s Real=0.03s
[3.039s][info][gc,start       ] GC(90) Pause Young (Allocation Failure)
[3.058s][info][gc,heap        ] GC(90) PSYoungGen: 39520K(56832K)->27232K(57344K) Eden: 14336K(14336K)->0K(14336K) From: 25184K(42496K)->27232K(43008K)
[3.059s][info][gc,heap        ] GC(90) ParOldGen: 489885K(521216K)->502365K(521216K)
[3.059s][info][gc,metaspace   ] GC(90) Metaspace: 6299K(6464K)->6299K(6464K) NonClass: 5766K(5824K)->5766K(5824K) Class: 533K(640K)->533K(640K)
[3.059s][info][gc             ] GC(90) Pause Young (Allocation Failure) 516M->517M(565M) 19.544ms
[3.059s][info][gc,cpu         ] GC(90) User=0.12s Sys=0.00s Real=0.02s
[3.059s][info][gc,start       ] GC(91) Pause Full (Ergonomics)
[3.059s][info][gc,phases,start] GC(91) Marking Phase
[3.166s][info][gc,phases      ] GC(91) Marking Phase 107.599ms
[3.166s][info][gc,phases,start] GC(91) Summary Phase
[3.166s][info][gc,phases      ] GC(91) Summary Phase 0.021ms
[3.166s][info][gc,phases,start] GC(91) Adjust Roots
[3.167s][info][gc,phases      ] GC(91) Adjust Roots 0.149ms
[3.167s][info][gc,phases,start] GC(91) Compaction Phase
[3.215s][info][gc,phases      ] GC(91) Compaction Phase 48.925ms
[3.216s][info][gc,phases,start] GC(91) Post Compact
[3.218s][info][gc,phases      ] GC(91) Post Compact 2.584ms
[3.219s][info][gc,heap        ] GC(91) PSYoungGen: 27232K(57344K)->7653K(57344K) Eden: 0K(14336K)->0K(14336K) From: 27232K(43008K)->7653K(43008K)
[3.219s][info][gc,heap        ] GC(91) ParOldGen: 502365K(521216K)->521140K(588288K)
[3.219s][info][gc,metaspace   ] GC(91) Metaspace: 6299K(6464K)->6299K(6464K) NonClass: 5766K(5824K)->5766K(5824K) Class: 533K(640K)->533K(640K)
[3.219s][info][gc             ] GC(91) Pause Full (Ergonomics) 517M->516M(630M) 159.930ms
[3.219s][info][gc,cpu         ] GC(91) User=1.03s Sys=0.00s Real=0.16s
[3.234s][info][gc,start       ] GC(92) Pause Young (Allocation Failure)
[3.267s][info][gc,heap        ] GC(92) PSYoungGen: 21989K(57344K)->17824K(55808K) Eden: 14336K(14336K)->0K(15872K) From: 7653K(43008K)->17824K(39936K)
[3.267s][info][gc,heap        ] GC(92) ParOldGen: 521140K(588288K)->525516K(588288K)
[3.267s][info][gc,metaspace   ] GC(92) Metaspace: 6299K(6464K)->6299K(6464K) NonClass: 5766K(5824K)->5766K(5824K) Class: 533K(640K)->533K(640K)
[3.267s][info][gc             ] GC(92) Pause Young (Allocation Failure) 530M->530M(629M) 33.270ms
[3.268s][info][gc,cpu         ] GC(92) User=0.11s Sys=0.00s Real=0.03s
[3.286s][info][gc,start       ] GC(93) Pause Young (Allocation Failure)
[3.305s][info][gc,heap        ] GC(93) PSYoungGen: 33696K(55808K)->33728K(57856K) Eden: 15872K(15872K)->0K(15872K) From: 17824K(39936K)->33728K(41984K)
[3.305s][info][gc,heap        ] GC(93) ParOldGen: 525516K(588288K)->525516K(588288K)
[3.305s][info][gc,metaspace   ] GC(93) Metaspace: 6299K(6464K)->6299K(6464K) NonClass: 5766K(5824K)->5766K(5824K) Class: 533K(640K)->533K(640K)
[3.305s][info][gc             ] GC(93) Pause Young (Allocation Failure) 546M->546M(631M) 19.406ms
[3.305s][info][gc,cpu         ] GC(93) User=0.11s Sys=0.00s Real=0.02s
[3.323s][info][gc,start       ] GC(94) Pause Young (Allocation Failure)
[3.351s][info][gc,heap        ] GC(94) PSYoungGen: 49600K(57856K)->44544K(54272K) Eden: 15872K(15872K)->0K(9728K) From: 33728K(41984K)->44544K(44544K)
[3.351s][info][gc,heap        ] GC(94) ParOldGen: 525516K(588288K)->530516K(588288K)
[3.351s][info][gc,metaspace   ] GC(94) Metaspace: 6299K(6464K)->6299K(6464K) NonClass: 5766K(5824K)->5766K(5824K) Class: 533K(640K)->533K(640K)
[3.351s][info][gc             ] GC(94) Pause Young (Allocation Failure) 561M->561M(627M) 28.128ms
[3.351s][info][gc,cpu         ] GC(94) User=0.09s Sys=0.02s Real=0.03s
[3.363s][info][gc,start       ] GC(95) Pause Young (Allocation Failure)
[3.391s][info][gc,heap        ] GC(95) PSYoungGen: 54272K(54272K)->38976K(62464K) Eden: 9728K(9728K)->0K(9728K) From: 44544K(44544K)->38976K(52736K)
[3.391s][info][gc,heap        ] GC(95) ParOldGen: 530516K(588288K)->546236K(588288K)
[3.391s][info][gc,metaspace   ] GC(95) Metaspace: 6299K(6464K)->6299K(6464K) NonClass: 5766K(5824K)->5766K(5824K) Class: 533K(640K)->533K(640K)
[3.391s][info][gc             ] GC(95) Pause Young (Allocation Failure) 571M->571M(635M) 28.253ms
[3.391s][info][gc,cpu         ] GC(95) User=0.11s Sys=0.00s Real=0.03s
[3.402s][info][gc,start       ] GC(96) Pause Young (Allocation Failure)
[3.428s][info][gc,heap        ] GC(96) PSYoungGen: 48704K(62464K)->33856K(66560K) Eden: 9728K(9728K)->0K(11264K) From: 38976K(52736K)->33856K(55296K)
[3.428s][info][gc,heap        ] GC(96) ParOldGen: 546236K(588288K)->561212K(588288K)
[3.428s][info][gc,metaspace   ] GC(96) Metaspace: 6299K(6464K)->6299K(6464K) NonClass: 5766K(5824K)->5766K(5824K) Class: 533K(640K)->533K(640K)
[3.428s][info][gc             ] GC(96) Pause Young (Allocation Failure) 580M->581M(639M) 26.009ms
[3.428s][info][gc,cpu         ] GC(96) User=0.11s Sys=0.02s Real=0.03s
[3.441s][info][gc,start       ] GC(97) Pause Young (Allocation Failure)
[3.466s][info][gc,heap        ] GC(97) PSYoungGen: 45120K(66560K)->21120K(32768K) Eden: 11264K(11264K)->0K(11264K) From: 33856K(55296K)->21120K(21504K)
[3.466s][info][gc,heap        ] GC(97) ParOldGen: 561212K(588288K)->585556K(588288K)
[3.466s][info][gc,metaspace   ] GC(97) Metaspace: 6299K(6464K)->6299K(6464K) NonClass: 5766K(5824K)->5766K(5824K) Class: 533K(640K)->533K(640K)
[3.466s][info][gc             ] GC(97) Pause Young (Allocation Failure) 592M->592M(606M) 25.184ms
[3.466s][info][gc,cpu         ] GC(97) User=0.09s Sys=0.00s Real=0.03s
[3.466s][info][gc,start       ] GC(98) Pause Full (Ergonomics)
[3.466s][info][gc,phases,start] GC(98) Marking Phase
[3.594s][info][gc,phases      ] GC(98) Marking Phase 127.439ms
[3.594s][info][gc,phases,start] GC(98) Summary Phase
[3.594s][info][gc,phases      ] GC(98) Summary Phase 0.021ms
[3.594s][info][gc,phases,start] GC(98) Adjust Roots
[3.594s][info][gc,phases      ] GC(98) Adjust Roots 0.160ms
[3.594s][info][gc,phases,start] GC(98) Compaction Phase
[3.652s][info][gc,phases      ] GC(98) Compaction Phase 58.287ms
[3.652s][info][gc,phases,start] GC(98) Post Compact
[3.653s][info][gc,phases      ] GC(98) Post Compact 0.939ms
[3.654s][info][gc,heap        ] GC(98) PSYoungGen: 21120K(32768K)->17350K(32768K) Eden: 0K(11264K)->0K(11264K) From: 21120K(21504K)->17350K(21504K)
[3.654s][info][gc,heap        ] GC(98) ParOldGen: 585556K(588288K)->588056K(664576K)
[3.654s][info][gc,metaspace   ] GC(98) Metaspace: 6299K(6464K)->6299K(6464K) NonClass: 5766K(5824K)->5766K(5824K) Class: 533K(640K)->533K(640K)
[3.654s][info][gc             ] GC(98) Pause Full (Ergonomics) 592M->591M(681M) 187.385ms
[3.654s][info][gc,cpu         ] GC(98) User=1.16s Sys=0.03s Real=0.19s
[3.667s][info][gc,start       ] GC(99) Pause Young (Allocation Failure)
[3.704s][info][gc,heap        ] GC(99) PSYoungGen: 28614K(32768K)->11392K(66048K) Eden: 11264K(11264K)->0K(12800K) From: 17350K(21504K)->11392K(53248K)
[3.704s][info][gc,heap        ] GC(99) ParOldGen: 588056K(664576K)->605672K(664576K)
[3.705s][info][gc,metaspace   ] GC(99) Metaspace: 6299K(6464K)->6299K(6464K) NonClass: 5766K(5824K)->5766K(5824K) Class: 533K(640K)->533K(640K)
[3.705s][info][gc             ] GC(99) Pause Young (Allocation Failure) 602M->602M(713M) 37.557ms
[3.705s][info][gc,cpu         ] GC(99) User=0.19s Sys=0.00s Real=0.04s
[3.720s][info][gc,start       ] GC(100) Pause Young (Allocation Failure)
[3.736s][info][gc,heap        ] GC(100) PSYoungGen: 24192K(66048K)->12896K(66048K) Eden: 12800K(12800K)->0K(12800K) From: 11392K(53248K)->12896K(53248K)
[3.736s][info][gc,heap        ] GC(100) ParOldGen: 605672K(664576K)->617088K(664576K)
[3.736s][info][gc,metaspace   ] GC(100) Metaspace: 6299K(6464K)->6299K(6464K) NonClass: 5766K(5824K)->5766K(5824K) Class: 533K(640K)->533K(640K)
[3.736s][info][gc             ] GC(100) Pause Young (Allocation Failure) 615M->615M(713M) 15.639ms
[3.736s][info][gc,cpu         ] GC(100) User=0.02s Sys=0.00s Real=0.01s
[3.751s][info][gc,start       ] GC(101) Pause Young (Allocation Failure)
[3.768s][info][gc,heap        ] GC(101) PSYoungGen: 25696K(66048K)->12896K(64512K) Eden: 12800K(12800K)->0K(14336K) From: 12896K(53248K)->12896K(50176K)
[3.768s][info][gc,heap        ] GC(101) ParOldGen: 617088K(664576K)->630056K(664576K)
[3.768s][info][gc,metaspace   ] GC(101) Metaspace: 6299K(6464K)->6299K(6464K) NonClass: 5766K(5824K)->5766K(5824K) Class: 533K(640K)->533K(640K)
[3.768s][info][gc             ] GC(101) Pause Young (Allocation Failure) 627M->627M(712M) 16.893ms
[3.768s][info][gc,cpu         ] GC(101) User=0.02s Sys=0.00s Real=0.02s
[3.784s][info][gc,start       ] GC(102) Pause Young (Allocation Failure)
[3.801s][info][gc,heap        ] GC(102) PSYoungGen: 27232K(64512K)->14432K(65536K) Eden: 14336K(14336K)->0K(14336K) From: 12896K(50176K)->14432K(51200K)
[3.801s][info][gc,heap        ] GC(102) ParOldGen: 630056K(664576K)->643040K(664576K)
[3.802s][info][gc,metaspace   ] GC(102) Metaspace: 6299K(6464K)->6299K(6464K) NonClass: 5766K(5824K)->5766K(5824K) Class: 533K(640K)->533K(640K)
[3.802s][info][gc             ] GC(102) Pause Young (Allocation Failure) 641M->642M(713M) 17.107ms
[3.802s][info][gc,cpu         ] GC(102) User=0.02s Sys=0.00s Real=0.02s
[3.802s][info][gc,start       ] GC(103) Pause Full (Ergonomics)
[3.802s][info][gc,phases,start] GC(103) Marking Phase
[3.957s][info][gc,phases      ] GC(103) Marking Phase 155.074ms
[3.957s][info][gc,phases,start] GC(103) Summary Phase
[3.957s][info][gc,phases      ] GC(103) Summary Phase 0.026ms
[3.957s][info][gc,phases,start] GC(103) Adjust Roots
[3.957s][info][gc,phases      ] GC(103) Adjust Roots 0.165ms
[3.957s][info][gc,phases,start] GC(103) Compaction Phase
[4.014s][info][gc,phases      ] GC(103) Compaction Phase 56.700ms
[4.014s][info][gc,phases,start] GC(103) Post Compact
[4.015s][info][gc,phases      ] GC(103) Post Compact 0.999ms
[4.015s][info][gc,heap        ] GC(103) PSYoungGen: 14432K(65536K)->0K(65024K) Eden: 0K(14336K)->0K(15872K) From: 14432K(51200K)->0K(49152K)
[4.015s][info][gc,heap        ] GC(103) ParOldGen: 643040K(664576K)->656478K(735744K)
[4.015s][info][gc,metaspace   ] GC(103) Metaspace: 6299K(6464K)->6299K(6464K) NonClass: 5766K(5824K)->5766K(5824K) Class: 533K(640K)->533K(640K)
[4.015s][info][gc             ] GC(103) Pause Full (Ergonomics) 642M->641M(782M) 213.541ms
[4.015s][info][gc,cpu         ] GC(103) User=1.58s Sys=0.02s Real=0.21s
[4.036s][info][gc,start       ] GC(104) Pause Young (Allocation Failure)
[4.046s][info][gc,heap        ] GC(104) PSYoungGen: 15872K(65024K)->16000K(65536K) Eden: 15872K(15872K)->0K(15872K) From: 0K(49152K)->16000K(49664K)
[4.046s][info][gc,heap        ] GC(104) ParOldGen: 656478K(735744K)->656478K(735744K)
[4.046s][info][gc,metaspace   ] GC(104) Metaspace: 6299K(6464K)->6299K(6464K) NonClass: 5766K(5824K)->5766K(5824K) Class: 533K(640K)->533K(640K)
[4.047s][info][gc             ] GC(104) Pause Young (Allocation Failure) 656M->656M(782M) 10.952ms
[4.047s][info][gc,cpu         ] GC(104) User=0.02s Sys=0.00s Real=0.01s
[4.066s][info][gc,start       ] GC(105) Pause Young (Allocation Failure)
[4.083s][info][gc,heap        ] GC(105) PSYoungGen: 31872K(65536K)->31840K(65024K) Eden: 15872K(15872K)->0K(16896K) From: 16000K(49664K)->31840K(48128K)
[4.084s][info][gc,heap        ] GC(105) ParOldGen: 656478K(735744K)->656478K(735744K)
[4.084s][info][gc,metaspace   ] GC(105) Metaspace: 6299K(6464K)->6299K(6464K) NonClass: 5766K(5824K)->5766K(5824K) Class: 533K(640K)->533K(640K)
[4.084s][info][gc             ] GC(105) Pause Young (Allocation Failure) 672M->672M(782M) 17.532ms
[4.084s][info][gc,cpu         ] GC(105) User=0.03s Sys=0.00s Real=0.02s
[4.105s][info][gc,start       ] GC(106) Pause Young (Allocation Failure)
[4.130s][info][gc,heap        ] GC(106) PSYoungGen: 48736K(65024K)->48768K(66048K) Eden: 16896K(16896K)->0K(16896K) From: 31840K(48128K)->48768K(49152K)
[4.130s][info][gc,heap        ] GC(106) ParOldGen: 656478K(735744K)->656478K(735744K)
[4.130s][info][gc,metaspace   ] GC(106) Metaspace: 6299K(6464K)->6299K(6464K) NonClass: 5766K(5824K)->5766K(5824K) Class: 533K(640K)->533K(640K)
[4.130s][info][gc             ] GC(106) Pause Young (Allocation Failure) 688M->688M(783M) 25.114ms
[4.130s][info][gc,cpu         ] GC(106) User=0.14s Sys=0.00s Real=0.03s
[4.274s][info][gc,start       ] GC(107) Pause Young (Allocation Failure)
[4.320s][info][gc,heap        ] GC(107) PSYoungGen: 65664K(66048K)->56320K(62976K) Eden: 16896K(16896K)->0K(6656K) From: 48768K(49152K)->56320K(56320K)
[4.320s][info][gc,heap        ] GC(107) ParOldGen: 689246K(735744K)->698590K(735744K)
[4.320s][info][gc,metaspace   ] GC(107) Metaspace: 6299K(6464K)->6299K(6464K) NonClass: 5766K(5824K)->5766K(5824K) Class: 533K(640K)->533K(640K)
[4.320s][info][gc             ] GC(107) Pause Young (Allocation Failure) 737M->737M(780M) 46.325ms
[4.321s][info][gc,cpu         ] GC(107) User=0.22s Sys=0.02s Real=0.05s
[4.328s][info][gc,start       ] GC(108) Pause Young (Allocation Failure)
[4.359s][info][gc,heap        ] GC(108) PSYoungGen: 62976K(62976K)->36896K(75264K) Eden: 6656K(6656K)->0K(6656K) From: 56320K(56320K)->36896K(68608K)
[4.359s][info][gc,heap        ] GC(108) ParOldGen: 698590K(735744K)->725126K(735744K)
[4.359s][info][gc,metaspace   ] GC(108) Metaspace: 6299K(6464K)->6299K(6464K) NonClass: 5766K(5824K)->5766K(5824K) Class: 533K(640K)->533K(640K)
[4.359s][info][gc             ] GC(108) Pause Young (Allocation Failure) 743M->744M(792M) 30.792ms
[4.359s][info][gc,cpu         ] GC(108) User=0.11s Sys=0.00s Real=0.03s
[4.359s][info][gc,start       ] GC(109) Pause Full (Ergonomics)
[4.359s][info][gc,phases,start] GC(109) Marking Phase
[4.512s][info][gc,phases      ] GC(109) Marking Phase 153.128ms
[4.512s][info][gc,phases,start] GC(109) Summary Phase
[4.512s][info][gc,phases      ] GC(109) Summary Phase 0.029ms
[4.512s][info][gc,phases,start] GC(109) Adjust Roots
[4.512s][info][gc,phases      ] GC(109) Adjust Roots 0.177ms
[4.512s][info][gc,phases,start] GC(109) Compaction Phase
[4.630s][info][gc,phases      ] GC(109) Compaction Phase 117.945ms
[4.630s][info][gc,phases,start] GC(109) Post Compact
[4.632s][info][gc,phases      ] GC(109) Post Compact 1.594ms
[4.632s][info][gc,heap        ] GC(109) PSYoungGen: 36896K(75264K)->9597K(75264K) Eden: 0K(6656K)->0K(6656K) From: 36896K(68608K)->9597K(68608K)
[4.632s][info][gc,heap        ] GC(109) ParOldGen: 725126K(735744K)->735311K(821248K)
[4.632s][info][gc,metaspace   ] GC(109) Metaspace: 6299K(6464K)->6299K(6464K) NonClass: 5766K(5824K)->5766K(5824K) Class: 533K(640K)->533K(640K)
[4.632s][info][gc             ] GC(109) Pause Full (Ergonomics) 744M->727M(875M) 273.510ms
[4.632s][info][gc,cpu         ] GC(109) User=1.77s Sys=0.03s Real=0.28s
[4.641s][info][gc,start       ] GC(110) Pause Young (Allocation Failure)
[4.682s][info][gc,heap        ] GC(110) PSYoungGen: 16253K(75264K)->15072K(72192K) Eden: 6656K(6656K)->0K(7680K) From: 9597K(68608K)->15072K(64512K)
[4.682s][info][gc,heap        ] GC(110) ParOldGen: 735311K(821248K)->736655K(821248K)
[4.682s][info][gc,metaspace   ] GC(110) Metaspace: 6299K(6464K)->6299K(6464K) NonClass: 5766K(5824K)->5766K(5824K) Class: 533K(640K)->533K(640K)
[4.682s][info][gc             ] GC(110) Pause Young (Allocation Failure) 733M->734M(872M) 40.895ms
[4.682s][info][gc,cpu         ] GC(110) User=0.14s Sys=0.00s Real=0.04s
[4.690s][info][gc,start       ] GC(111) Pause Young (Allocation Failure)
[4.705s][info][gc,heap        ] GC(111) PSYoungGen: 22752K(72192K)->22752K(30720K) Eden: 7680K(7680K)->0K(7680K) From: 15072K(64512K)->22752K(23040K)
[4.705s][info][gc,heap        ] GC(111) ParOldGen: 736655K(821248K)->736655K(821248K)
[4.705s][info][gc,metaspace   ] GC(111) Metaspace: 6299K(6464K)->6299K(6464K) NonClass: 5766K(5824K)->5766K(5824K) Class: 533K(640K)->533K(640K)
[4.705s][info][gc             ] GC(111) Pause Young (Allocation Failure) 741M->741M(832M) 15.027ms
[4.705s][info][gc,cpu         ] GC(111) User=0.02s Sys=0.00s Real=0.02s
[4.713s][info][gc,start       ] GC(112) Pause Young (Allocation Failure)
[4.730s][info][gc,heap        ] GC(112) PSYoungGen: 30432K(30720K)->25888K(65024K) Eden: 7680K(7680K)->0K(8704K) From: 22752K(23040K)->25888K(56320K)
[4.730s][info][gc,heap        ] GC(112) ParOldGen: 736655K(821248K)->741271K(821248K)
[4.730s][info][gc,metaspace   ] GC(112) Metaspace: 6299K(6464K)->6299K(6464K) NonClass: 5766K(5824K)->5766K(5824K) Class: 533K(640K)->533K(640K)
[4.730s][info][gc             ] GC(112) Pause Young (Allocation Failure) 749M->749M(865M) 17.396ms
[4.730s][info][gc,cpu         ] GC(112) User=0.02s Sys=0.02s Real=0.02s
[4.740s][info][gc,start       ] GC(113) Pause Young (Allocation Failure)
[4.759s][info][gc,heap        ] GC(113) PSYoungGen: 34592K(65024K)->30784K(39936K) Eden: 8704K(8704K)->0K(8704K) From: 25888K(56320K)->30784K(31232K)
[4.759s][info][gc,heap        ] GC(113) ParOldGen: 741271K(821248K)->745119K(821248K)
[4.759s][info][gc,metaspace   ] GC(113) Metaspace: 6299K(6464K)->6299K(6464K) NonClass: 5766K(5824K)->5766K(5824K) Class: 533K(640K)->533K(640K)
[4.759s][info][gc             ] GC(113) Pause Young (Allocation Failure) 757M->757M(841M) 19.123ms
[4.759s][info][gc,cpu         ] GC(113) User=0.02s Sys=0.00s Real=0.02s
[4.768s][info][gc,start       ] GC(114) Pause Young (Allocation Failure)
[4.789s][info][gc,heap        ] GC(114) PSYoungGen: 39488K(39936K)->25184K(64000K) Eden: 8704K(8704K)->0K(10240K) From: 30784K(31232K)->25184K(53760K)
[4.789s][info][gc,heap        ] GC(114) ParOldGen: 745119K(821248K)->759623K(821248K)
[4.789s][info][gc,metaspace   ] GC(114) Metaspace: 6299K(6464K)->6299K(6464K) NonClass: 5766K(5824K)->5766K(5824K) Class: 533K(640K)->533K(640K)
[4.789s][info][gc             ] GC(114) Pause Young (Allocation Failure) 766M->766M(864M) 20.916ms
[4.789s][info][gc,cpu         ] GC(114) User=0.14s Sys=0.00s Real=0.02s
[4.800s][info][gc,start       ] GC(115) Pause Young (Allocation Failure)
[4.820s][info][gc,heap        ] GC(115) PSYoungGen: 35424K(64000K)->19072K(66048K) Eden: 10240K(10240K)->0K(10240K) From: 25184K(53760K)->19072K(55808K)
[4.820s][info][gc,heap        ] GC(115) ParOldGen: 759623K(821248K)->776199K(821248K)
[4.820s][info][gc,metaspace   ] GC(115) Metaspace: 6299K(6464K)->6299K(6464K) NonClass: 5766K(5824K)->5766K(5824K) Class: 533K(640K)->533K(640K)
[4.820s][info][gc             ] GC(115) Pause Young (Allocation Failure) 776M->776M(866M) 20.077ms
[4.820s][info][gc,cpu         ] GC(115) User=0.03s Sys=0.00s Real=0.02s
[4.830s][info][gc,start       ] GC(116) Pause Young (Allocation Failure)
[4.852s][info][gc,heap        ] GC(116) PSYoungGen: 29312K(66048K)->10336K(66048K) Eden: 10240K(10240K)->0K(11776K) From: 19072K(55808K)->10336K(54272K)
[4.852s][info][gc,heap        ] GC(116) ParOldGen: 776199K(821248K)->795407K(821248K)
[4.852s][info][gc,metaspace   ] GC(116) Metaspace: 6299K(6464K)->6299K(6464K) NonClass: 5766K(5824K)->5766K(5824K) Class: 533K(640K)->533K(640K)
[4.852s][info][gc             ] GC(116) Pause Young (Allocation Failure) 786M->786M(866M) 21.729ms
[4.852s][info][gc,cpu         ] GC(116) User=0.06s Sys=0.00s Real=0.02s
[4.852s][info][gc,start       ] GC(117) Pause Full (Ergonomics)
[4.852s][info][gc,phases,start] GC(117) Marking Phase
[5.048s][info][gc,phases      ] GC(117) Marking Phase 195.674ms
[5.048s][info][gc,phases,start] GC(117) Summary Phase
[5.048s][info][gc,phases      ] GC(117) Summary Phase 0.053ms
[5.048s][info][gc,phases,start] GC(117) Adjust Roots
[5.048s][info][gc,phases      ] GC(117) Adjust Roots 0.310ms
[5.048s][info][gc,phases,start] GC(117) Compaction Phase
[5.141s][info][gc,phases      ] GC(117) Compaction Phase 92.295ms
[5.141s][info][gc,phases,start] GC(117) Post Compact
[5.142s][info][gc,phases      ] GC(117) Post Compact 1.497ms
[5.143s][info][gc,heap        ] GC(117) PSYoungGen: 10336K(66048K)->0K(66048K) Eden: 0K(11776K)->0K(11776K) From: 10336K(54272K)->0K(54272K)
[5.143s][info][gc,heap        ] GC(117) ParOldGen: 795407K(821248K)->804599K(898048K)
[5.143s][info][gc,metaspace   ] GC(117) Metaspace: 6299K(6464K)->6299K(6464K) NonClass: 5766K(5824K)->5766K(5824K) Class: 533K(640K)->533K(640K)
[5.143s][info][gc             ] GC(117) Pause Full (Ergonomics) 786M->785M(941M) 290.472ms
[5.143s][info][gc,cpu         ] GC(117) User=1.78s Sys=0.02s Real=0.29s
[5.156s][info][gc,start       ] GC(118) Pause Young (Allocation Failure)
[5.168s][info][gc,heap        ] GC(118) PSYoungGen: 11776K(66048K)->11904K(66048K) Eden: 11776K(11776K)->0K(13312K) From: 0K(54272K)->11904K(52736K)
[5.168s][info][gc,heap        ] GC(118) ParOldGen: 804599K(898048K)->804599K(898048K)
[5.168s][info][gc,metaspace   ] GC(118) Metaspace: 6299K(6464K)->6299K(6464K) NonClass: 5766K(5824K)->5766K(5824K) Class: 533K(640K)->533K(640K)
[5.168s][info][gc             ] GC(118) Pause Young (Allocation Failure) 797M->797M(941M) 12.634ms
[5.168s][info][gc,cpu         ] GC(118) User=0.00s Sys=0.00s Real=0.01s
[5.182s][info][gc,start       ] GC(119) Pause Young (Allocation Failure)
[5.200s][info][gc,heap        ] GC(119) PSYoungGen: 25216K(66048K)->13408K(67072K) Eden: 13312K(13312K)->0K(13312K) From: 11904K(52736K)->13408K(53760K)
[5.200s][info][gc,heap        ] GC(119) ParOldGen: 804599K(898048K)->816551K(898048K)
[5.200s][info][gc,metaspace   ] GC(119) Metaspace: 6299K(6464K)->6299K(6464K) NonClass: 5766K(5824K)->5766K(5824K) Class: 533K(640K)->533K(640K)
[5.200s][info][gc             ] GC(119) Pause Young (Allocation Failure) 810M->810M(942M) 17.854ms
[5.200s][info][gc,cpu         ] GC(119) User=0.02s Sys=0.00s Real=0.02s
[5.214s][info][gc,start       ] GC(120) Pause Young (Allocation Failure)
[5.233s][info][gc,heap        ] GC(120) PSYoungGen: 26720K(67072K)->13408K(66048K) Eden: 13312K(13312K)->0K(15360K) From: 13408K(53760K)->13408K(50688K)
[5.233s][info][gc,heap        ] GC(120) ParOldGen: 816551K(898048K)->830047K(898048K)
[5.233s][info][gc,metaspace   ] GC(120) Metaspace: 6299K(6464K)->6299K(6464K) NonClass: 5766K(5824K)->5766K(5824K) Class: 533K(640K)->533K(640K)
[5.233s][info][gc             ] GC(120) Pause Young (Allocation Failure) 823M->823M(941M) 18.551ms
[5.233s][info][gc,cpu         ] GC(120) User=0.02s Sys=0.00s Real=0.02s
[5.250s][info][gc,start       ] GC(121) Pause Young (Allocation Failure)
[5.269s][info][gc,heap        ] GC(121) PSYoungGen: 28768K(66048K)->15520K(66560K) Eden: 15360K(15360K)->0K(15360K) From: 13408K(50688K)->15520K(51200K)
[5.269s][info][gc,heap        ] GC(121) ParOldGen: 830047K(898048K)->843567K(898048K)
[5.269s][info][gc,metaspace   ] GC(121) Metaspace: 6299K(6464K)->6299K(6464K) NonClass: 5766K(5824K)->5766K(5824K) Class: 533K(640K)->533K(640K)
[5.269s][info][gc             ] GC(121) Pause Young (Allocation Failure) 838M->838M(942M) 19.183ms
[5.269s][info][gc,cpu         ] GC(121) User=0.03s Sys=0.00s Real=0.02s
[5.288s][info][gc,start       ] GC(122) Pause Young (Allocation Failure)
[5.307s][info][gc,heap        ] GC(122) PSYoungGen: 30880K(66560K)->15520K(63488K) Eden: 15360K(15360K)->0K(17408K) From: 15520K(51200K)->15520K(46080K)
[5.307s][info][gc,heap        ] GC(122) ParOldGen: 843567K(898048K)->859167K(898048K)
[5.307s][info][gc,metaspace   ] GC(122) Metaspace: 6299K(6464K)->6299K(6464K) NonClass: 5766K(5824K)->5766K(5824K) Class: 533K(640K)->533K(640K)
[5.307s][info][gc             ] GC(122) Pause Young (Allocation Failure) 853M->854M(939M) 19.174ms
[5.307s][info][gc,cpu         ] GC(122) User=0.08s Sys=0.02s Real=0.02s
[5.326s][info][gc,start       ] GC(123) Pause Young (Allocation Failure)
[5.346s][info][gc,heap        ] GC(123) PSYoungGen: 32928K(63488K)->17600K(35328K) Eden: 17408K(17408K)->0K(17408K) From: 15520K(46080K)->17600K(17920K)
[5.346s][info][gc,heap        ] GC(123) ParOldGen: 859167K(898048K)->874743K(898048K)
[5.346s][info][gc,metaspace   ] GC(123) Metaspace: 6299K(6464K)->6299K(6464K) NonClass: 5766K(5824K)->5766K(5824K) Class: 533K(640K)->533K(640K)
[5.346s][info][gc             ] GC(123) Pause Young (Allocation Failure) 871M->871M(911M) 19.662ms
[5.346s][info][gc,cpu         ] GC(123) User=0.12s Sys=0.00s Real=0.02s
[5.346s][info][gc,start       ] GC(124) Pause Full (Ergonomics)
[5.346s][info][gc,phases,start] GC(124) Marking Phase
[5.542s][info][gc,phases      ] GC(124) Marking Phase 196.011ms
[5.542s][info][gc,phases,start] GC(124) Summary Phase
[5.542s][info][gc,phases      ] GC(124) Summary Phase 0.029ms
[5.542s][info][gc,phases,start] GC(124) Adjust Roots
[5.542s][info][gc,phases      ] GC(124) Adjust Roots 0.150ms
[5.542s][info][gc,phases,start] GC(124) Compaction Phase
[5.628s][info][gc,phases      ] GC(124) Compaction Phase 86.062ms
[5.629s][info][gc,phases,start] GC(124) Post Compact
[5.630s][info][gc,phases      ] GC(124) Post Compact 1.629ms
[5.631s][info][gc,heap        ] GC(124) PSYoungGen: 17600K(35328K)->0K(64512K) Eden: 0K(17408K)->0K(19456K) From: 17600K(17920K)->0K(45056K)
[5.631s][info][gc,heap        ] GC(124) ParOldGen: 874743K(898048K)->890941K(989696K)
[5.631s][info][gc,metaspace   ] GC(124) Metaspace: 6299K(6464K)->6299K(6464K) NonClass: 5766K(5824K)->5766K(5824K) Class: 533K(640K)->533K(640K)
[5.631s][info][gc             ] GC(124) Pause Full (Ergonomics) 871M->870M(1029M) 284.678ms
[5.631s][info][gc,cpu         ] GC(124) User=1.92s Sys=0.03s Real=0.28s
[5.652s][info][gc,start       ] GC(125) Pause Young (Allocation Failure)
[5.668s][info][gc,heap        ] GC(125) PSYoungGen: 19456K(64512K)->19552K(64512K) Eden: 19456K(19456K)->0K(19456K) From: 0K(45056K)->19552K(45056K)
[5.668s][info][gc,heap        ] GC(125) ParOldGen: 890941K(989696K)->890941K(989696K)
[5.668s][info][gc,metaspace   ] GC(125) Metaspace: 6299K(6464K)->6299K(6464K) NonClass: 5766K(5824K)->5766K(5824K) Class: 533K(640K)->533K(640K)
[5.668s][info][gc             ] GC(125) Pause Young (Allocation Failure) 889M->889M(1029M) 16.244ms
[5.668s][info][gc,cpu         ] GC(125) User=0.00s Sys=0.00s Real=0.02s
[5.689s][info][gc,start       ] GC(126) Pause Young (Allocation Failure)
[5.711s][info][gc,heap        ] GC(126) PSYoungGen: 39008K(64512K)->39072K(59904K) Eden: 19456K(19456K)->0K(16896K) From: 19552K(45056K)->39072K(43008K)
[5.711s][info][gc,heap        ] GC(126) ParOldGen: 890941K(989696K)->890941K(989696K)
[5.711s][info][gc,metaspace   ] GC(126) Metaspace: 6299K(6464K)->6299K(6464K) NonClass: 5766K(5824K)->5766K(5824K) Class: 533K(640K)->533K(640K)
[5.711s][info][gc             ] GC(126) Pause Young (Allocation Failure) 908M->908M(1025M) 21.823ms
[5.711s][info][gc,cpu         ] GC(126) User=0.12s Sys=0.00s Real=0.02s
[5.730s][info][gc,start       ] GC(127) Pause Young (Allocation Failure)
[5.759s][info][gc,heap        ] GC(127) PSYoungGen: 55968K(59904K)->47616K(64512K) Eden: 16896K(16896K)->0K(16896K) From: 39072K(43008K)->47616K(47616K)
[5.760s][info][gc,heap        ] GC(127) ParOldGen: 890941K(989696K)->899277K(989696K)
[5.760s][info][gc,metaspace   ] GC(127) Metaspace: 6299K(6464K)->6299K(6464K) NonClass: 5766K(5824K)->5766K(5824K) Class: 533K(640K)->533K(640K)
[5.760s][info][gc             ] GC(127) Pause Young (Allocation Failure) 924M->924M(1029M) 29.966ms
[5.760s][info][gc,cpu         ] GC(127) User=0.12s Sys=0.00s Real=0.03s
[5.778s][info][gc,start       ] GC(128) Pause Young (Allocation Failure)
[5.812s][info][gc,heap        ] GC(128) PSYoungGen: 64512K(64512K)->31136K(73728K) Eden: 16896K(16896K)->0K(18944K) From: 47616K(47616K)->31136K(54784K)
[5.812s][info][gc,heap        ] GC(128) ParOldGen: 899277K(989696K)->933213K(989696K)
[5.812s][info][gc,metaspace   ] GC(128) Metaspace: 6299K(6464K)->6299K(6464K) NonClass: 5766K(5824K)->5766K(5824K) Class: 533K(640K)->533K(640K)
[5.812s][info][gc             ] GC(128) Pause Young (Allocation Failure) 941M->941M(1038M) 34.064ms
[5.812s][info][gc,cpu         ] GC(128) User=0.22s Sys=0.00s Real=0.03s
[5.833s][info][gc,start       ] GC(129) Pause Young (Allocation Failure)
[5.860s][info][gc,heap        ] GC(129) PSYoungGen: 50080K(73728K)->35968K(75264K) Eden: 18944K(18944K)->0K(18944K) From: 31136K(54784K)->35968K(56320K)
[5.860s][info][gc,heap        ] GC(129) ParOldGen: 933213K(989696K)->947533K(989696K)
[5.860s][info][gc,metaspace   ] GC(129) Metaspace: 6299K(6464K)->6299K(6464K) NonClass: 5766K(5824K)->5766K(5824K) Class: 533K(640K)->533K(640K)
[5.860s][info][gc             ] GC(129) Pause Young (Allocation Failure) 960M->960M(1040M) 27.411ms
[5.860s][info][gc,cpu         ] GC(129) User=0.11s Sys=0.00s Real=0.03s
[5.882s][info][gc,start       ] GC(130) Pause Young (Allocation Failure)
[5.912s][info][gc,heap        ] GC(130) PSYoungGen: 54912K(75264K)->38016K(77824K) Eden: 18944K(18944K)->0K(20480K) From: 35968K(56320K)->38016K(57344K)
[5.912s][info][gc,heap        ] GC(130) ParOldGen: 947533K(989696K)->964669K(989696K)
[5.912s][info][gc,metaspace   ] GC(130) Metaspace: 6299K(6464K)->6299K(6464K) NonClass: 5766K(5824K)->5766K(5824K) Class: 533K(640K)->533K(640K)
[5.912s][info][gc             ] GC(130) Pause Young (Allocation Failure) 978M->979M(1042M) 29.747ms
[5.912s][info][gc,cpu         ] GC(130) User=0.09s Sys=0.02s Real=0.03s
[5.912s][info][gc,start       ] GC(131) Pause Full (Ergonomics)
[5.912s][info][gc,phases,start] GC(131) Marking Phase
[6.147s][info][gc,phases      ] GC(131) Marking Phase 234.916ms
[6.147s][info][gc,phases,start] GC(131) Summary Phase
[6.147s][info][gc,phases      ] GC(131) Summary Phase 0.034ms
[6.147s][info][gc,phases,start] GC(131) Adjust Roots
[6.147s][info][gc,phases      ] GC(131) Adjust Roots 0.181ms
[6.147s][info][gc,phases,start] GC(131) Compaction Phase
[6.241s][info][gc,phases      ] GC(131) Compaction Phase 93.792ms
[6.241s][info][gc,phases,start] GC(131) Post Compact
[6.243s][info][gc,phases      ] GC(131) Post Compact 1.951ms
[6.243s][info][gc,heap        ] GC(131) PSYoungGen: 38016K(77824K)->11770K(77824K) Eden: 0K(20480K)->0K(20480K) From: 38016K(57344K)->11770K(57344K)
[6.243s][info][gc,heap        ] GC(131) ParOldGen: 964669K(989696K)->989576K(1100288K)
[6.243s][info][gc,metaspace   ] GC(131) Metaspace: 6299K(6464K)->6299K(6464K) NonClass: 5766K(5824K)->5766K(5824K) Class: 533K(640K)->533K(640K)
[6.243s][info][gc             ] GC(131) Pause Full (Ergonomics) 979M->977M(1150M) 331.758ms
[6.243s][info][gc,cpu         ] GC(131) User=2.19s Sys=0.00s Real=0.33s
[6.269s][info][gc,start       ] GC(132) Pause Young (Allocation Failure)
[6.327s][info][gc,heap        ] GC(132) PSYoungGen: 32250K(77824K)->23840K(44544K) Eden: 20480K(20480K)->0K(20480K) From: 11770K(57344K)->23840K(24064K)
[6.327s][info][gc,heap        ] GC(132) ParOldGen: 989576K(1100288K)->998296K(1100288K)
[6.327s][info][gc,metaspace   ] GC(132) Metaspace: 6299K(6464K)->6299K(6464K) NonClass: 5766K(5824K)->5766K(5824K) Class: 533K(640K)->533K(640K)
[6.327s][info][gc             ] GC(132) Pause Young (Allocation Failure) 997M->998M(1118M) 58.054ms
[6.327s][info][gc,cpu         ] GC(132) User=0.48s Sys=0.00s Real=0.06s
[6.350s][info][gc,start       ] GC(133) Pause Young (Allocation Failure)
[6.375s][info][gc,heap        ] GC(133) PSYoungGen: 44320K(44544K)->44320K(74752K) Eden: 20480K(20480K)->0K(18944K) From: 23840K(24064K)->44320K(55808K)
[6.375s][info][gc,heap        ] GC(133) ParOldGen: 998296K(1100288K)->998296K(1100288K)
[6.375s][info][gc,metaspace   ] GC(133) Metaspace: 6299K(6464K)->6299K(6464K) NonClass: 5766K(5824K)->5766K(5824K) Class: 533K(640K)->533K(640K)
[6.375s][info][gc             ] GC(133) Pause Young (Allocation Failure) 1018M->1018M(1147M) 24.708ms
[6.375s][info][gc,cpu         ] GC(133) User=0.12s Sys=0.00s Real=0.02s
[6.396s][info][gc,start       ] GC(134) Pause Young (Allocation Failure)
[6.428s][info][gc,heap        ] GC(134) PSYoungGen: 63264K(74752K)->59392K(78336K) Eden: 18944K(18944K)->0K(18944K) From: 44320K(55808K)->59392K(59392K)
[6.428s][info][gc,heap        ] GC(134) ParOldGen: 998296K(1100288K)->1002096K(1100288K)
[6.428s][info][gc,metaspace   ] GC(134) Metaspace: 6299K(6464K)->6299K(6464K) NonClass: 5766K(5824K)->5766K(5824K) Class: 533K(640K)->533K(640K)
[6.428s][info][gc             ] GC(134) Pause Young (Allocation Failure) 1036M->1036M(1151M) 32.062ms
[6.428s][info][gc,cpu         ] GC(134) User=0.11s Sys=0.00s Real=0.03s
[6.452s][info][gc,start       ] GC(135) Pause Young (Allocation Failure)
[6.491s][info][gc,heap        ] GC(135) PSYoungGen: 78336K(78336K)->56384K(84992K) Eden: 18944K(18944K)->0K(15872K) From: 59392K(59392K)->56384K(69120K)
[6.491s][info][gc,heap        ] GC(135) ParOldGen: 1002096K(1100288K)->1024496K(1100288K)
[6.491s][info][gc,metaspace   ] GC(135) Metaspace: 6299K(6464K)->6299K(6464K) NonClass: 5766K(5824K)->5766K(5824K) Class: 533K(640K)->533K(640K)
[6.491s][info][gc             ] GC(135) Pause Young (Allocation Failure) 1055M->1055M(1157M) 38.874ms
[6.491s][info][gc,cpu         ] GC(135) User=0.25s Sys=0.02s Real=0.04s
[6.509s][info][gc,start       ] GC(136) Pause Young (Allocation Failure)
[6.545s][info][gc,heap        ] GC(136) PSYoungGen: 72256K(84992K)->52640K(90112K) Eden: 15872K(15872K)->0K(15872K) From: 56384K(69120K)->52640K(74240K)
[6.545s][info][gc,heap        ] GC(136) ParOldGen: 1024496K(1100288K)->1044360K(1100288K)
[6.545s][info][gc,metaspace   ] GC(136) Metaspace: 6299K(6464K)->6299K(6464K) NonClass: 5766K(5824K)->5766K(5824K) Class: 533K(640K)->533K(640K)
[6.545s][info][gc             ] GC(136) Pause Young (Allocation Failure) 1071M->1071M(1162M) 36.350ms
[6.545s][info][gc,cpu         ] GC(136) User=0.25s Sys=0.00s Real=0.04s
[6.563s][info][gc,start       ] GC(137) Pause Young (Allocation Failure)
[6.601s][info][gc,heap        ] GC(137) PSYoungGen: 68512K(90112K)->50816K(93696K) Eden: 15872K(15872K)->0K(16896K) From: 52640K(74240K)->50816K(76800K)
[6.601s][info][gc,heap        ] GC(137) ParOldGen: 1044360K(1100288K)->1062288K(1100288K)
[6.601s][info][gc,metaspace   ] GC(137) Metaspace: 6299K(6464K)->6299K(6464K) NonClass: 5766K(5824K)->5766K(5824K) Class: 533K(640K)->533K(640K)
[6.601s][info][gc             ] GC(137) Pause Young (Allocation Failure) 1086M->1087M(1166M) 37.473ms
[6.601s][info][gc,cpu         ] GC(137) User=0.22s Sys=0.00s Real=0.04s
[6.625s][info][gc,start       ] GC(138) Pause Young (Allocation Failure)
[6.668s][info][gc,heap        ] GC(138) PSYoungGen: 67712K(93696K)->32928K(50176K) Eden: 16896K(16896K)->0K(16896K) From: 50816K(76800K)->32928K(33280K)
[6.668s][info][gc,heap        ] GC(138) ParOldGen: 1062288K(1100288K)->1097568K(1100288K)
[6.668s][info][gc,metaspace   ] GC(138) Metaspace: 6299K(6464K)->6299K(6464K) NonClass: 5766K(5824K)->5766K(5824K) Class: 533K(640K)->533K(640K)
[6.668s][info][gc             ] GC(138) Pause Young (Allocation Failure) 1103M->1104M(1123M) 42.976ms
[6.668s][info][gc,cpu         ] GC(138) User=0.20s Sys=0.05s Real=0.04s
[6.668s][info][gc,start       ] GC(139) Pause Full (Ergonomics)
[6.668s][info][gc,phases,start] GC(139) Marking Phase
[6.922s][info][gc,phases      ] GC(139) Marking Phase 253.762ms
[6.922s][info][gc,phases,start] GC(139) Summary Phase
[6.922s][info][gc,phases      ] GC(139) Summary Phase 0.026ms
[6.922s][info][gc,phases,start] GC(139) Adjust Roots
[6.922s][info][gc,phases      ] GC(139) Adjust Roots 0.178ms
[6.922s][info][gc,phases,start] GC(139) Compaction Phase
[7.032s][info][gc,phases      ] GC(139) Compaction Phase 109.577ms
[7.032s][info][gc,phases,start] GC(139) Post Compact
[7.034s][info][gc,phases      ] GC(139) Post Compact 2.193ms
[7.035s][info][gc,heap        ] GC(139) PSYoungGen: 32928K(50176K)->28619K(50176K) Eden: 0K(16896K)->0K(16896K) From: 32928K(33280K)->28619K(33280K)
[7.035s][info][gc,heap        ] GC(139) ParOldGen: 1097568K(1100288K)->1099993K(1227264K)
[7.035s][info][gc,metaspace   ] GC(139) Metaspace: 6299K(6464K)->6299K(6464K) NonClass: 5766K(5824K)->5766K(5824K) Class: 533K(640K)->533K(640K)
[7.035s][info][gc             ] GC(139) Pause Full (Ergonomics) 1104M->1102M(1247M) 366.645ms
[7.035s][info][gc,cpu         ] GC(139) User=2.50s Sys=0.02s Real=0.37s
[7.054s][info][gc,start       ] GC(140) Pause Young (Allocation Failure)
[7.122s][info][gc,heap        ] GC(140) PSYoungGen: 45515K(50176K)->17024K(93184K) Eden: 16896K(16896K)->0K(18944K) From: 28619K(33280K)->17024K(74240K)
[7.122s][info][gc,heap        ] GC(140) ParOldGen: 1099993K(1227264K)->1129033K(1227264K)
[7.122s][info][gc,metaspace   ] GC(140) Metaspace: 6299K(6464K)->6299K(6464K) NonClass: 5766K(5824K)->5766K(5824K) Class: 533K(640K)->533K(640K)
[7.122s][info][gc             ] GC(140) Pause Young (Allocation Failure) 1118M->1119M(1289M) 68.485ms
[7.122s][info][gc,cpu         ] GC(140) User=0.36s Sys=0.03s Real=0.07s
[7.144s][info][gc,start       ] GC(141) Pause Young (Allocation Failure)
[7.166s][info][gc,heap        ] GC(141) PSYoungGen: 35968K(93184K)->19104K(93696K) Eden: 18944K(18944K)->0K(18944K) From: 17024K(74240K)->19104K(74752K)
[7.166s][info][gc,heap        ] GC(141) ParOldGen: 1129033K(1227264K)->1146161K(1227264K)
[7.166s][info][gc,metaspace   ] GC(141) Metaspace: 6299K(6464K)->6299K(6464K) NonClass: 5766K(5824K)->5766K(5824K) Class: 533K(640K)->533K(640K)
[7.166s][info][gc             ] GC(141) Pause Young (Allocation Failure) 1137M->1137M(1290M) 22.205ms
[7.166s][info][gc,cpu         ] GC(141) User=0.12s Sys=0.02s Real=0.02s
[7.189s][info][gc,start       ] GC(142) Pause Young (Allocation Failure)
[7.212s][info][gc,heap        ] GC(142) PSYoungGen: 38048K(93696K)->19136K(91648K) Eden: 18944K(18944K)->0K(20992K) From: 19104K(74752K)->19136K(70656K)
[7.212s][info][gc,heap        ] GC(142) ParOldGen: 1146161K(1227264K)->1165369K(1227264K)
[7.212s][info][gc,metaspace   ] GC(142) Metaspace: 6299K(6464K)->6299K(6464K) NonClass: 5766K(5824K)->5766K(5824K) Class: 533K(640K)->533K(640K)
[7.212s][info][gc             ] GC(142) Pause Young (Allocation Failure) 1156M->1156M(1288M) 22.730ms
[7.212s][info][gc,cpu         ] GC(142) User=0.14s Sys=0.00s Real=0.02s
[7.237s][info][gc,start       ] GC(143) Pause Young (Allocation Failure)
[7.261s][info][gc,heap        ] GC(143) PSYoungGen: 40128K(91648K)->21152K(93184K) Eden: 20992K(20992K)->0K(20992K) From: 19136K(70656K)->21152K(72192K)
[7.261s][info][gc,heap        ] GC(143) ParOldGen: 1165369K(1227264K)->1184585K(1227264K)
[7.261s][info][gc,metaspace   ] GC(143) Metaspace: 6299K(6464K)->6299K(6464K) NonClass: 5766K(5824K)->5766K(5824K) Class: 533K(640K)->533K(640K)
[7.261s][info][gc             ] GC(143) Pause Young (Allocation Failure) 1177M->1177M(1289M) 23.903ms
[7.261s][info][gc,cpu         ] GC(143) User=0.12s Sys=0.02s Real=0.02s
[7.285s][info][gc,start       ] GC(144) Pause Young (Allocation Failure)
[7.310s][info][gc,heap        ] GC(144) PSYoungGen: 42144K(93184K)->21088K(89600K) Eden: 20992K(20992K)->0K(23552K) From: 21152K(72192K)->21088K(66048K)
[7.310s][info][gc,heap        ] GC(144) ParOldGen: 1184585K(1227264K)->1205873K(1227264K)
[7.310s][info][gc,metaspace   ] GC(144) Metaspace: 6299K(6464K)->6299K(6464K) NonClass: 5766K(5824K)->5766K(5824K) Class: 533K(640K)->533K(640K)
[7.310s][info][gc             ] GC(144) Pause Young (Allocation Failure) 1197M->1198M(1286M) 25.171ms
[7.310s][info][gc,cpu         ] GC(144) User=0.14s Sys=0.00s Real=0.03s
[7.311s][info][gc,start       ] GC(145) Pause Full (Ergonomics)
[7.311s][info][gc,phases,start] GC(145) Marking Phase
[7.576s][info][gc,phases      ] GC(145) Marking Phase 265.159ms
[7.576s][info][gc,phases,start] GC(145) Summary Phase
[7.576s][info][gc,phases      ] GC(145) Summary Phase 0.032ms
[7.576s][info][gc,phases,start] GC(145) Adjust Roots
[7.576s][info][gc,phases      ] GC(145) Adjust Roots 0.149ms
[7.576s][info][gc,phases,start] GC(145) Compaction Phase
[7.681s][info][gc,phases      ] GC(145) Compaction Phase 105.400ms
[7.681s][info][gc,phases,start] GC(145) Post Compact
[7.684s][info][gc,phases      ] GC(145) Post Compact 2.036ms
[7.684s][info][gc,heap        ] GC(145) PSYoungGen: 21088K(89600K)->0K(91648K) Eden: 0K(23552K)->0K(23552K) From: 21088K(66048K)->0K(68096K)
[7.684s][info][gc,heap        ] GC(145) ParOldGen: 1205873K(1227264K)->1225227K(1228800K)
[7.684s][info][gc,metaspace   ] GC(145) Metaspace: 6299K(6464K)->6299K(6464K) NonClass: 5766K(5824K)->5766K(5824K) Class: 533K(640K)->533K(640K)
[7.684s][info][gc             ] GC(145) Pause Full (Ergonomics) 1198M->1196M(1289M) 373.139ms
[7.684s][info][gc,cpu         ] GC(145) User=2.77s Sys=0.00s Real=0.37s
[7.712s][info][gc,start       ] GC(146) Pause Full (Ergonomics)
[7.712s][info][gc,phases,start] GC(146) Marking Phase
[7.985s][info][gc,phases      ] GC(146) Marking Phase 272.711ms
[7.985s][info][gc,phases,start] GC(146) Summary Phase
[7.985s][info][gc,phases      ] GC(146) Summary Phase 0.026ms
[7.985s][info][gc,phases,start] GC(146) Adjust Roots
[7.985s][info][gc,phases      ] GC(146) Adjust Roots 0.185ms
[7.985s][info][gc,phases,start] GC(146) Compaction Phase
[8.070s][info][gc,phases      ] GC(146) Compaction Phase 84.354ms
[8.070s][info][gc,phases,start] GC(146) Post Compact
[8.072s][info][gc,phases      ] GC(146) Post Compact 1.989ms
[8.072s][info][gc,heap        ] GC(146) PSYoungGen: 23552K(91648K)->20453K(91648K) Eden: 23552K(23552K)->20453K(23552K) From: 0K(68096K)->0K(68096K)
[8.072s][info][gc,heap        ] GC(146) ParOldGen: 1225227K(1228800K)->1228295K(1228800K)
[8.072s][info][gc,metaspace   ] GC(146) Metaspace: 6299K(6464K)->6299K(6464K) NonClass: 5766K(5824K)->5766K(5824K) Class: 533K(640K)->533K(640K)
[8.072s][info][gc             ] GC(146) Pause Full (Ergonomics) 1219M->1219M(1289M) 359.663ms
[8.072s][info][gc,cpu         ] GC(146) User=2.53s Sys=0.00s Real=0.36s
[8.076s][info][gc,start       ] GC(147) Pause Full (Ergonomics)
[8.076s][info][gc,phases,start] GC(147) Marking Phase
[8.358s][info][gc,phases      ] GC(147) Marking Phase 281.412ms
[8.358s][info][gc,phases,start] GC(147) Summary Phase
[8.358s][info][gc,phases      ] GC(147) Summary Phase 0.029ms
[8.358s][info][gc,phases,start] GC(147) Adjust Roots
[8.358s][info][gc,phases      ] GC(147) Adjust Roots 0.184ms
[8.358s][info][gc,phases,start] GC(147) Compaction Phase
[8.436s][info][gc,phases      ] GC(147) Compaction Phase 78.448ms
[8.436s][info][gc,phases,start] GC(147) Post Compact
[8.438s][info][gc,phases      ] GC(147) Post Compact 1.862ms
[8.438s][info][gc,heap        ] GC(147) PSYoungGen: 23552K(91648K)->23547K(91648K) Eden: 23552K(23552K)->23547K(23552K) From: 0K(68096K)->0K(68096K)
[8.438s][info][gc,heap        ] GC(147) ParOldGen: 1228295K(1228800K)->1228295K(1228800K)
[8.438s][info][gc,metaspace   ] GC(147) Metaspace: 6299K(6464K)->6299K(6464K) NonClass: 5766K(5824K)->5766K(5824K) Class: 533K(640K)->533K(640K)
[8.438s][info][gc             ] GC(147) Pause Full (Ergonomics) 1222M->1222M(1289M) 362.266ms
[8.439s][info][gc,cpu         ] GC(147) User=2.75s Sys=0.00s Real=0.36s
[8.439s][info][gc,start       ] GC(148) Pause Full (Ergonomics)
[8.439s][info][gc,phases,start] GC(148) Marking Phase
[8.717s][info][gc,phases      ] GC(148) Marking Phase 278.757ms
[8.718s][info][gc,phases,start] GC(148) Summary Phase
[8.718s][info][gc,phases      ] GC(148) Summary Phase 0.026ms
[8.718s][info][gc,phases,start] GC(148) Adjust Roots
[8.718s][info][gc,phases      ] GC(148) Adjust Roots 0.161ms
[8.718s][info][gc,phases,start] GC(148) Compaction Phase
[8.806s][info][gc,phases      ] GC(148) Compaction Phase 87.957ms
[8.806s][info][gc,phases,start] GC(148) Post Compact
[8.808s][info][gc,phases      ] GC(148) Post Compact 2.264ms
[8.808s][info][gc,heap        ] GC(148) PSYoungGen: 23552K(91648K)->23551K(91648K) Eden: 23552K(23552K)->23551K(23552K) From: 0K(68096K)->0K(68096K)
[8.808s][info][gc,heap        ] GC(148) ParOldGen: 1228295K(1228800K)->1228295K(1228800K)
[8.808s][info][gc,metaspace   ] GC(148) Metaspace: 6299K(6464K)->6299K(6464K) NonClass: 5766K(5824K)->5766K(5824K) Class: 533K(640K)->533K(640K)
[8.808s][info][gc             ] GC(148) Pause Full (Ergonomics) 1222M->1222M(1289M) 369.527ms
[8.808s][info][gc,cpu         ] GC(148) User=2.59s Sys=0.00s Real=0.37s
[8.808s][info][gc,start       ] GC(149) Pause Full (Ergonomics)
[8.808s][info][gc,phases,start] GC(149) Marking Phase
[9.091s][info][gc,phases      ] GC(149) Marking Phase 282.206ms
[9.091s][info][gc,phases,start] GC(149) Summary Phase
[9.091s][info][gc,phases      ] GC(149) Summary Phase 0.036ms
[9.091s][info][gc,phases,start] GC(149) Adjust Roots
[9.091s][info][gc,phases      ] GC(149) Adjust Roots 0.239ms
[9.091s][info][gc,phases,start] GC(149) Compaction Phase
[9.174s][info][gc,phases      ] GC(149) Compaction Phase 83.424ms
[9.175s][info][gc,phases,start] GC(149) Post Compact
[9.176s][info][gc,phases      ] GC(149) Post Compact 1.934ms
[9.177s][info][gc,heap        ] GC(149) PSYoungGen: 23551K(91648K)->23551K(91648K) Eden: 23551K(23552K)->23551K(23552K) From: 0K(68096K)->0K(68096K)
[9.177s][info][gc,heap        ] GC(149) ParOldGen: 1228295K(1228800K)->1228295K(1228800K)
[9.177s][info][gc,metaspace   ] GC(149) Metaspace: 6299K(6464K)->6299K(6464K) NonClass: 5766K(5824K)->5766K(5824K) Class: 533K(640K)->533K(640K)
[9.177s][info][gc             ] GC(149) Pause Full (Ergonomics) 1222M->1222M(1289M) 368.208ms
[9.177s][info][gc,cpu         ] GC(149) User=2.70s Sys=0.02s Real=0.37s
[9.177s][info][gc,start       ] GC(150) Pause Full (Ergonomics)
[9.177s][info][gc,phases,start] GC(150) Marking Phase
[9.466s][info][gc,phases      ] GC(150) Marking Phase 289.221ms
[9.466s][info][gc,phases,start] GC(150) Summary Phase
[9.466s][info][gc,phases      ] GC(150) Summary Phase 0.025ms
[9.466s][info][gc,phases,start] GC(150) Adjust Roots
[9.466s][info][gc,phases      ] GC(150) Adjust Roots 0.154ms
[9.466s][info][gc,phases,start] GC(150) Compaction Phase
[9.547s][info][gc,phases      ] GC(150) Compaction Phase 80.414ms
[9.547s][info][gc,phases,start] GC(150) Post Compact
[9.549s][info][gc,phases      ] GC(150) Post Compact 1.860ms
[9.549s][info][gc,heap        ] GC(150) PSYoungGen: 23551K(91648K)->23551K(91648K) Eden: 23551K(23552K)->23551K(23552K) From: 0K(68096K)->0K(68096K)
[9.549s][info][gc,heap        ] GC(150) ParOldGen: 1228300K(1228800K)->1228300K(1228800K)
[9.549s][info][gc,metaspace   ] GC(150) Metaspace: 6299K(6464K)->6299K(6464K) NonClass: 5766K(5824K)->5766K(5824K) Class: 533K(640K)->533K(640K)
[9.549s][info][gc             ] GC(150) Pause Full (Ergonomics) 1222M->1222M(1289M) 371.995ms
[9.549s][info][gc,cpu         ] GC(150) User=2.73s Sys=0.00s Real=0.37s
[9.549s][info][gc,start       ] GC(151) Pause Full (Ergonomics)
[9.549s][info][gc,phases,start] GC(151) Marking Phase
[9.828s][info][gc,phases      ] GC(151) Marking Phase 278.715ms
[9.828s][info][gc,phases,start] GC(151) Summary Phase
[9.828s][info][gc,phases      ] GC(151) Summary Phase 0.032ms
[9.828s][info][gc,phases,start] GC(151) Adjust Roots
[9.828s][info][gc,phases      ] GC(151) Adjust Roots 0.154ms
[9.828s][info][gc,phases,start] GC(151) Compaction Phase
[9.911s][info][gc,phases      ] GC(151) Compaction Phase 82.510ms
[9.911s][info][gc,phases,start] GC(151) Post Compact
[9.912s][info][gc,phases      ] GC(151) Post Compact 1.885ms
[9.913s][info][gc,heap        ] GC(151) PSYoungGen: 23551K(91648K)->23551K(91648K) Eden: 23551K(23552K)->23551K(23552K) From: 0K(68096K)->0K(68096K)
[9.913s][info][gc,heap        ] GC(151) ParOldGen: 1228305K(1228800K)->1228305K(1228800K)
[9.913s][info][gc,metaspace   ] GC(151) Metaspace: 6299K(6464K)->6299K(6464K) NonClass: 5766K(5824K)->5766K(5824K) Class: 533K(640K)->533K(640K)
[9.913s][info][gc             ] GC(151) Pause Full (Ergonomics) 1222M->1222M(1289M) 363.612ms
[9.913s][info][gc,cpu         ] GC(151) User=2.72s Sys=0.00s Real=0.36s
[9.913s][info][gc,start       ] GC(152) Pause Full (Ergonomics)
[9.913s][info][gc,phases,start] GC(152) Marking Phase
[10.190s][info][gc,phases      ] GC(152) Marking Phase 276.774ms
[10.190s][info][gc,phases,start] GC(152) Summary Phase
[10.190s][info][gc,phases      ] GC(152) Summary Phase 0.025ms
[10.190s][info][gc,phases,start] GC(152) Adjust Roots
[10.190s][info][gc,phases      ] GC(152) Adjust Roots 0.161ms
[10.190s][info][gc,phases,start] GC(152) Compaction Phase
[10.267s][info][gc,phases      ] GC(152) Compaction Phase 77.542ms
[10.268s][info][gc,phases,start] GC(152) Post Compact
[10.269s][info][gc,phases      ] GC(152) Post Compact 1.926ms
[10.270s][info][gc,heap        ] GC(152) PSYoungGen: 23551K(91648K)->23551K(91648K) Eden: 23551K(23552K)->23551K(23552K) From: 0K(68096K)->0K(68096K)
[10.270s][info][gc,heap        ] GC(152) ParOldGen: 1228309K(1228800K)->1228309K(1228800K)
[10.270s][info][gc,metaspace   ] GC(152) Metaspace: 6299K(6464K)->6299K(6464K) NonClass: 5766K(5824K)->5766K(5824K) Class: 533K(640K)->533K(640K)
[10.270s][info][gc             ] GC(152) Pause Full (Ergonomics) 1222M->1222M(1289M) 356.760ms
[10.270s][info][gc,cpu         ] GC(152) User=2.62s Sys=0.00s Real=0.36s
[10.270s][info][gc,start       ] GC(153) Pause Full (Ergonomics)
[10.270s][info][gc,phases,start] GC(153) Marking Phase
[10.551s][info][gc,phases      ] GC(153) Marking Phase 281.637ms
[10.552s][info][gc,phases,start] GC(153) Summary Phase
[10.552s][info][gc,phases      ] GC(153) Summary Phase 0.041ms
[10.552s][info][gc,phases,start] GC(153) Adjust Roots
[10.552s][info][gc,phases      ] GC(153) Adjust Roots 0.193ms
[10.552s][info][gc,phases,start] GC(153) Compaction Phase
[10.630s][info][gc,phases      ] GC(153) Compaction Phase 78.601ms
[10.630s][info][gc,phases,start] GC(153) Post Compact
[10.633s][info][gc,phases      ] GC(153) Post Compact 2.209ms
[10.633s][info][gc,heap        ] GC(153) PSYoungGen: 23551K(91648K)->23551K(91648K) Eden: 23551K(23552K)->23551K(23552K) From: 0K(68096K)->0K(68096K)
[10.633s][info][gc,heap        ] GC(153) ParOldGen: 1228314K(1228800K)->1228314K(1228800K)
[10.633s][info][gc,metaspace   ] GC(153) Metaspace: 6299K(6464K)->6299K(6464K) NonClass: 5766K(5824K)->5766K(5824K) Class: 533K(640K)->533K(640K)
[10.633s][info][gc             ] GC(153) Pause Full (Ergonomics) 1222M->1222M(1289M) 363.063ms
[10.633s][info][gc,cpu         ] GC(153) User=2.72s Sys=0.00s Real=0.36s
[10.633s][info][gc,start       ] GC(154) Pause Full (Ergonomics)
[10.633s][info][gc,phases,start] GC(154) Marking Phase
[10.909s][info][gc,phases      ] GC(154) Marking Phase 276.383ms
[10.910s][info][gc,phases,start] GC(154) Summary Phase
[10.910s][info][gc,phases      ] GC(154) Summary Phase 0.025ms
[10.910s][info][gc,phases,start] GC(154) Adjust Roots
[10.910s][info][gc,phases      ] GC(154) Adjust Roots 0.152ms
[10.910s][info][gc,phases,start] GC(154) Compaction Phase
[11.002s][info][gc,phases      ] GC(154) Compaction Phase 92.082ms
[11.002s][info][gc,phases,start] GC(154) Post Compact
[11.004s][info][gc,phases      ] GC(154) Post Compact 2.074ms
[11.004s][info][gc,heap        ] GC(154) PSYoungGen: 23551K(91648K)->23551K(91648K) Eden: 23551K(23552K)->23551K(23552K) From: 0K(68096K)->0K(68096K)
[11.004s][info][gc,heap        ] GC(154) ParOldGen: 1228319K(1228800K)->1228319K(1228800K)
[11.004s][info][gc,metaspace   ] GC(154) Metaspace: 6299K(6464K)->6299K(6464K) NonClass: 5766K(5824K)->5766K(5824K) Class: 533K(640K)->533K(640K)
[11.004s][info][gc             ] GC(154) Pause Full (Ergonomics) 1222M->1222M(1289M) 371.048ms
[11.004s][info][gc,cpu         ] GC(154) User=2.67s Sys=0.00s Real=0.37s
[11.004s][info][gc,start       ] GC(155) Pause Full (Ergonomics)
[11.004s][info][gc,phases,start] GC(155) Marking Phase
[11.282s][info][gc,phases      ] GC(155) Marking Phase 277.286ms
[11.282s][info][gc,phases,start] GC(155) Summary Phase
[11.282s][info][gc,phases      ] GC(155) Summary Phase 0.026ms
[11.282s][info][gc,phases,start] GC(155) Adjust Roots
[11.282s][info][gc,phases      ] GC(155) Adjust Roots 0.178ms
[11.282s][info][gc,phases,start] GC(155) Compaction Phase
[11.370s][info][gc,phases      ] GC(155) Compaction Phase 87.598ms
[11.370s][info][gc,phases,start] GC(155) Post Compact
[11.372s][info][gc,phases      ] GC(155) Post Compact 2.374ms
[11.372s][info][gc,heap        ] GC(155) PSYoungGen: 23551K(91648K)->23551K(91648K) Eden: 23551K(23552K)->23551K(23552K) From: 0K(68096K)->0K(68096K)
[11.372s][info][gc,heap        ] GC(155) ParOldGen: 1228323K(1228800K)->1228323K(1228800K)
[11.372s][info][gc,metaspace   ] GC(155) Metaspace: 6299K(6464K)->6299K(6464K) NonClass: 5766K(5824K)->5766K(5824K) Class: 533K(640K)->533K(640K)
[11.372s][info][gc             ] GC(155) Pause Full (Ergonomics) 1222M->1222M(1289M) 367.833ms
[11.372s][info][gc,cpu         ] GC(155) User=2.77s Sys=0.00s Real=0.37s
[11.372s][info][gc,start       ] GC(156) Pause Full (Ergonomics)
[11.372s][info][gc,phases,start] GC(156) Marking Phase
[11.652s][info][gc,phases      ] GC(156) Marking Phase 279.925ms
[11.652s][info][gc,phases,start] GC(156) Summary Phase
[11.652s][info][gc,phases      ] GC(156) Summary Phase 0.025ms
[11.652s][info][gc,phases,start] GC(156) Adjust Roots
[11.653s][info][gc,phases      ] GC(156) Adjust Roots 0.151ms
[11.653s][info][gc,phases,start] GC(156) Compaction Phase
[11.730s][info][gc,phases      ] GC(156) Compaction Phase 77.002ms
[11.730s][info][gc,phases,start] GC(156) Post Compact
[11.732s][info][gc,phases      ] GC(156) Post Compact 2.035ms
[11.732s][info][gc,heap        ] GC(156) PSYoungGen: 23551K(91648K)->23551K(91648K) Eden: 23551K(23552K)->23551K(23552K) From: 0K(68096K)->0K(68096K)
[11.732s][info][gc,heap        ] GC(156) ParOldGen: 1228328K(1228800K)->1228328K(1228800K)
[11.732s][info][gc,metaspace   ] GC(156) Metaspace: 6299K(6464K)->6299K(6464K) NonClass: 5766K(5824K)->5766K(5824K) Class: 533K(640K)->533K(640K)
[11.732s][info][gc             ] GC(156) Pause Full (Ergonomics) 1222M->1222M(1289M) 359.488ms
[11.732s][info][gc,cpu         ] GC(156) User=2.75s Sys=0.00s Real=0.36s
[11.732s][info][gc,start       ] GC(157) Pause Full (Ergonomics)
[11.732s][info][gc,phases,start] GC(157) Marking Phase
[12.012s][info][gc,phases      ] GC(157) Marking Phase 280.292ms
[12.012s][info][gc,phases,start] GC(157) Summary Phase
[12.012s][info][gc,phases      ] GC(157) Summary Phase 0.025ms
[12.013s][info][gc,phases,start] GC(157) Adjust Roots
[12.013s][info][gc,phases      ] GC(157) Adjust Roots 0.154ms
[12.013s][info][gc,phases,start] GC(157) Compaction Phase
[12.090s][info][gc,phases      ] GC(157) Compaction Phase 76.822ms
[12.090s][info][gc,phases,start] GC(157) Post Compact
[12.092s][info][gc,phases      ] GC(157) Post Compact 2.192ms
[12.092s][info][gc,heap        ] GC(157) PSYoungGen: 23551K(91648K)->23551K(91648K) Eden: 23551K(23552K)->23551K(23552K) From: 0K(68096K)->0K(68096K)
[12.092s][info][gc,heap        ] GC(157) ParOldGen: 1228333K(1228800K)->1228333K(1228800K)
[12.092s][info][gc,metaspace   ] GC(157) Metaspace: 6299K(6464K)->6299K(6464K) NonClass: 5766K(5824K)->5766K(5824K) Class: 533K(640K)->533K(640K)
[12.092s][info][gc             ] GC(157) Pause Full (Ergonomics) 1222M->1222M(1289M) 359.825ms
[12.092s][info][gc,cpu         ] GC(157) User=2.59s Sys=0.00s Real=0.36s
[12.092s][info][gc,start       ] GC(158) Pause Full (Ergonomics)
[12.092s][info][gc,phases,start] GC(158) Marking Phase
[12.358s][info][gc,phases      ] GC(158) Marking Phase 265.502ms
[12.358s][info][gc,phases,start] GC(158) Summary Phase
[12.358s][info][gc,phases      ] GC(158) Summary Phase 0.025ms
[12.358s][info][gc,phases,start] GC(158) Adjust Roots
[12.358s][info][gc,phases      ] GC(158) Adjust Roots 0.148ms
[12.358s][info][gc,phases,start] GC(158) Compaction Phase
[12.441s][info][gc,phases      ] GC(158) Compaction Phase 83.212ms
[12.441s][info][gc,phases,start] GC(158) Post Compact
[12.443s][info][gc,phases      ] GC(158) Post Compact 2.171ms
[12.443s][info][gc,heap        ] GC(158) PSYoungGen: 23551K(91648K)->23551K(91648K) Eden: 23551K(23552K)->23551K(23552K) From: 0K(68096K)->0K(68096K)
[12.443s][info][gc,heap        ] GC(158) ParOldGen: 1228337K(1228800K)->1228337K(1228800K)
[12.443s][info][gc,metaspace   ] GC(158) Metaspace: 6299K(6464K)->6299K(6464K) NonClass: 5766K(5824K)->5766K(5824K) Class: 533K(640K)->533K(640K)
[12.444s][info][gc             ] GC(158) Pause Full (Ergonomics) 1222M->1222M(1289M) 351.393ms
[12.444s][info][gc,cpu         ] GC(158) User=2.62s Sys=0.00s Real=0.35s
[12.444s][info][gc,start       ] GC(159) Pause Full (Ergonomics)
[12.444s][info][gc,phases,start] GC(159) Marking Phase
[12.725s][info][gc,phases      ] GC(159) Marking Phase 281.114ms
[12.725s][info][gc,phases,start] GC(159) Summary Phase
[12.725s][info][gc,phases      ] GC(159) Summary Phase 0.024ms
[12.725s][info][gc,phases,start] GC(159) Adjust Roots
[12.725s][info][gc,phases      ] GC(159) Adjust Roots 0.151ms
[12.725s][info][gc,phases,start] GC(159) Compaction Phase
[12.805s][info][gc,phases      ] GC(159) Compaction Phase 80.009ms
[12.805s][info][gc,phases,start] GC(159) Post Compact
[12.807s][info][gc,phases      ] GC(159) Post Compact 2.273ms
[12.808s][info][gc,heap        ] GC(159) PSYoungGen: 23551K(91648K)->23551K(91648K) Eden: 23551K(23552K)->23551K(23552K) From: 0K(68096K)->0K(68096K)
[12.808s][info][gc,heap        ] GC(159) ParOldGen: 1228342K(1228800K)->1228342K(1228800K)
[12.808s][info][gc,metaspace   ] GC(159) Metaspace: 6299K(6464K)->6299K(6464K) NonClass: 5766K(5824K)->5766K(5824K) Class: 533K(640K)->533K(640K)
[12.808s][info][gc             ] GC(159) Pause Full (Ergonomics) 1222M->1222M(1289M) 363.916ms
[12.808s][info][gc,cpu         ] GC(159) User=2.64s Sys=0.00s Real=0.36s
[12.808s][info][gc,start       ] GC(160) Pause Full (Ergonomics)
[12.808s][info][gc,phases,start] GC(160) Marking Phase
[13.094s][info][gc,phases      ] GC(160) Marking Phase 286.464ms
[13.094s][info][gc,phases,start] GC(160) Summary Phase
[13.094s][info][gc,phases      ] GC(160) Summary Phase 0.026ms
[13.094s][info][gc,phases,start] GC(160) Adjust Roots
[13.095s][info][gc,phases      ] GC(160) Adjust Roots 0.156ms
[13.095s][info][gc,phases,start] GC(160) Compaction Phase
[13.171s][info][gc,phases      ] GC(160) Compaction Phase 76.570ms
[13.171s][info][gc,phases,start] GC(160) Post Compact
[13.173s][info][gc,phases      ] GC(160) Post Compact 1.872ms
[13.173s][info][gc,heap        ] GC(160) PSYoungGen: 23551K(91648K)->23551K(91648K) Eden: 23551K(23552K)->23551K(23552K) From: 0K(68096K)->0K(68096K)
[13.173s][info][gc,heap        ] GC(160) ParOldGen: 1228347K(1228800K)->1228347K(1228800K)
[13.173s][info][gc,metaspace   ] GC(160) Metaspace: 6299K(6464K)->6299K(6464K) NonClass: 5766K(5824K)->5766K(5824K) Class: 533K(640K)->533K(640K)
[13.173s][info][gc             ] GC(160) Pause Full (Ergonomics) 1222M->1222M(1289M) 365.394ms
[13.173s][info][gc,cpu         ] GC(160) User=2.62s Sys=0.00s Real=0.37s
[13.173s][info][gc,start       ] GC(161) Pause Full (Ergonomics)
[13.173s][info][gc,phases,start] GC(161) Marking Phase
[13.448s][info][gc,phases      ] GC(161) Marking Phase 274.675ms
[13.448s][info][gc,phases,start] GC(161) Summary Phase
[13.448s][info][gc,phases      ] GC(161) Summary Phase 0.036ms
[13.448s][info][gc,phases,start] GC(161) Adjust Roots
[13.448s][info][gc,phases      ] GC(161) Adjust Roots 0.172ms
[13.448s][info][gc,phases,start] GC(161) Compaction Phase
[13.530s][info][gc,phases      ] GC(161) Compaction Phase 81.514ms
[13.530s][info][gc,phases,start] GC(161) Post Compact
[13.532s][info][gc,phases      ] GC(161) Post Compact 1.848ms
[13.532s][info][gc,heap        ] GC(161) PSYoungGen: 23551K(91648K)->23551K(91648K) Eden: 23551K(23552K)->23551K(23552K) From: 0K(68096K)->0K(68096K)
[13.532s][info][gc,heap        ] GC(161) ParOldGen: 1228351K(1228800K)->1228351K(1228800K)
[13.532s][info][gc,metaspace   ] GC(161) Metaspace: 6299K(6464K)->6299K(6464K) NonClass: 5766K(5824K)->5766K(5824K) Class: 533K(640K)->533K(640K)
[13.532s][info][gc             ] GC(161) Pause Full (Ergonomics) 1222M->1222M(1289M) 358.575ms
[13.532s][info][gc,cpu         ] GC(161) User=2.72s Sys=0.00s Real=0.36s
[13.532s][info][gc,start       ] GC(162) Pause Full (Ergonomics)
[13.532s][info][gc,phases,start] GC(162) Marking Phase
[13.811s][info][gc,phases      ] GC(162) Marking Phase 279.224ms
[13.812s][info][gc,phases,start] GC(162) Summary Phase
[13.812s][info][gc,phases      ] GC(162) Summary Phase 0.026ms
[13.812s][info][gc,phases,start] GC(162) Adjust Roots
[13.812s][info][gc,phases      ] GC(162) Adjust Roots 0.153ms
[13.812s][info][gc,phases,start] GC(162) Compaction Phase
[13.901s][info][gc,phases      ] GC(162) Compaction Phase 89.441ms
[13.901s][info][gc,phases,start] GC(162) Post Compact
[13.904s][info][gc,phases      ] GC(162) Post Compact 2.263ms
[13.904s][info][gc,heap        ] GC(162) PSYoungGen: 23551K(91648K)->23551K(91648K) Eden: 23551K(23552K)->23551K(23552K) From: 0K(68096K)->0K(68096K)
[13.904s][info][gc,heap        ] GC(162) ParOldGen: 1228356K(1228800K)->1228356K(1228800K)
[13.904s][info][gc,metaspace   ] GC(162) Metaspace: 6299K(6464K)->6299K(6464K) NonClass: 5766K(5824K)->5766K(5824K) Class: 533K(640K)->533K(640K)
[13.904s][info][gc             ] GC(162) Pause Full (Ergonomics) 1222M->1222M(1289M) 371.481ms
[13.904s][info][gc,cpu         ] GC(162) User=2.78s Sys=0.00s Real=0.37s
[13.904s][info][gc,start       ] GC(163) Pause Full (Ergonomics)
[13.904s][info][gc,phases,start] GC(163) Marking Phase
[14.192s][info][gc,phases      ] GC(163) Marking Phase 288.543ms
[14.193s][info][gc,phases,start] GC(163) Summary Phase
[14.193s][info][gc,phases      ] GC(163) Summary Phase 0.026ms
[14.193s][info][gc,phases,start] GC(163) Adjust Roots
[14.193s][info][gc,phases      ] GC(163) Adjust Roots 0.148ms
[14.193s][info][gc,phases,start] GC(163) Compaction Phase
[14.272s][info][gc,phases      ] GC(163) Compaction Phase 79.335ms
[14.272s][info][gc,phases,start] GC(163) Post Compact
[14.274s][info][gc,phases      ] GC(163) Post Compact 1.876ms
[14.274s][info][gc,heap        ] GC(163) PSYoungGen: 23551K(91648K)->23551K(91648K) Eden: 23551K(23552K)->23551K(23552K) From: 0K(68096K)->0K(68096K)
[14.274s][info][gc,heap        ] GC(163) ParOldGen: 1228361K(1228800K)->1228361K(1228800K)
[14.274s][info][gc,metaspace   ] GC(163) Metaspace: 6299K(6464K)->6299K(6464K) NonClass: 5766K(5824K)->5766K(5824K) Class: 533K(640K)->533K(640K)
[14.274s][info][gc             ] GC(163) Pause Full (Ergonomics) 1222M->1222M(1289M) 370.246ms
[14.274s][info][gc,cpu         ] GC(163) User=2.78s Sys=0.00s Real=0.37s
[14.274s][info][gc,start       ] GC(164) Pause Full (Ergonomics)
[14.274s][info][gc,phases,start] GC(164) Marking Phase
[14.544s][info][gc,phases      ] GC(164) Marking Phase 269.320ms
[14.544s][info][gc,phases,start] GC(164) Summary Phase
[14.544s][info][gc,phases      ] GC(164) Summary Phase 0.025ms
[14.544s][info][gc,phases,start] GC(164) Adjust Roots
[14.544s][info][gc,phases      ] GC(164) Adjust Roots 0.153ms
[14.544s][info][gc,phases,start] GC(164) Compaction Phase
[14.634s][info][gc,phases      ] GC(164) Compaction Phase 90.216ms
[14.634s][info][gc,phases,start] GC(164) Post Compact
[14.636s][info][gc,phases      ] GC(164) Post Compact 2.071ms
[14.637s][info][gc,heap        ] GC(164) PSYoungGen: 23551K(91648K)->23551K(91648K) Eden: 23551K(23552K)->23551K(23552K) From: 0K(68096K)->0K(68096K)
[14.637s][info][gc,heap        ] GC(164) ParOldGen: 1228365K(1228800K)->1228365K(1228800K)
[14.637s][info][gc,metaspace   ] GC(164) Metaspace: 6299K(6464K)->6299K(6464K) NonClass: 5766K(5824K)->5766K(5824K) Class: 533K(640K)->533K(640K)
[14.637s][info][gc             ] GC(164) Pause Full (Ergonomics) 1222M->1222M(1289M) 362.273ms
[14.637s][info][gc,cpu         ] GC(164) User=2.52s Sys=0.00s Real=0.36s
[14.637s][info][gc,start       ] GC(165) Pause Full (Ergonomics)
[14.637s][info][gc,phases,start] GC(165) Marking Phase
[14.918s][info][gc,phases      ] GC(165) Marking Phase 281.202ms
[14.918s][info][gc,phases,start] GC(165) Summary Phase
[14.918s][info][gc,phases      ] GC(165) Summary Phase 0.027ms
[14.918s][info][gc,phases,start] GC(165) Adjust Roots
[14.918s][info][gc,phases      ] GC(165) Adjust Roots 0.184ms
[14.918s][info][gc,phases,start] GC(165) Compaction Phase
[14.998s][info][gc,phases      ] GC(165) Compaction Phase 79.872ms
[14.998s][info][gc,phases,start] GC(165) Post Compact
[15.001s][info][gc,phases      ] GC(165) Post Compact 2.443ms
[15.001s][info][gc,heap        ] GC(165) PSYoungGen: 23551K(91648K)->23551K(91648K) Eden: 23551K(23552K)->23551K(23552K) From: 0K(68096K)->0K(68096K)
[15.001s][info][gc,heap        ] GC(165) ParOldGen: 1228370K(1228800K)->1228370K(1228800K)
[15.001s][info][gc,metaspace   ] GC(165) Metaspace: 6299K(6464K)->6299K(6464K) NonClass: 5766K(5824K)->5766K(5824K) Class: 533K(640K)->533K(640K)
[15.001s][info][gc             ] GC(165) Pause Full (Ergonomics) 1222M->1222M(1289M) 364.048ms
[15.001s][info][gc,cpu         ] GC(165) User=2.66s Sys=0.00s Real=0.36s
[15.001s][info][gc,start       ] GC(166) Pause Full (Ergonomics)
[15.001s][info][gc,phases,start] GC(166) Marking Phase
[15.274s][info][gc,phases      ] GC(166) Marking Phase 272.755ms
[15.274s][info][gc,phases,start] GC(166) Summary Phase
[15.274s][info][gc,phases      ] GC(166) Summary Phase 0.039ms
[15.274s][info][gc,phases,start] GC(166) Adjust Roots
[15.274s][info][gc,phases      ] GC(166) Adjust Roots 0.284ms
[15.274s][info][gc,phases,start] GC(166) Compaction Phase
[15.364s][info][gc,phases      ] GC(166) Compaction Phase 89.414ms
[15.364s][info][gc,phases,start] GC(166) Post Compact
[15.366s][info][gc,phases      ] GC(166) Post Compact 1.913ms
[15.366s][info][gc,heap        ] GC(166) PSYoungGen: 23551K(91648K)->23551K(91648K) Eden: 23551K(23552K)->23551K(23552K) From: 0K(68096K)->0K(68096K)
[15.366s][info][gc,heap        ] GC(166) ParOldGen: 1228375K(1228800K)->1228375K(1228800K)
[15.366s][info][gc,metaspace   ] GC(166) Metaspace: 6299K(6464K)->6299K(6464K) NonClass: 5766K(5824K)->5766K(5824K) Class: 533K(640K)->533K(640K)
[15.366s][info][gc             ] GC(166) Pause Full (Ergonomics) 1222M->1222M(1289M) 364.803ms
[15.366s][info][gc,cpu         ] GC(166) User=2.66s Sys=0.00s Real=0.37s
[15.366s][info][gc,start       ] GC(167) Pause Full (Ergonomics)
[15.366s][info][gc,phases,start] GC(167) Marking Phase
[15.647s][info][gc,phases      ] GC(167) Marking Phase 280.991ms
[15.647s][info][gc,phases,start] GC(167) Summary Phase
[15.647s][info][gc,phases      ] GC(167) Summary Phase 0.035ms
[15.647s][info][gc,phases,start] GC(167) Adjust Roots
[15.647s][info][gc,phases      ] GC(167) Adjust Roots 0.229ms
[15.648s][info][gc,phases,start] GC(167) Compaction Phase
[15.729s][info][gc,phases      ] GC(167) Compaction Phase 81.484ms
[15.729s][info][gc,phases,start] GC(167) Post Compact
[15.731s][info][gc,phases      ] GC(167) Post Compact 2.133ms
[15.731s][info][gc,heap        ] GC(167) PSYoungGen: 23551K(91648K)->23551K(91648K) Eden: 23551K(23552K)->23551K(23552K) From: 0K(68096K)->0K(68096K)
[15.731s][info][gc,heap        ] GC(167) ParOldGen: 1228379K(1228800K)->1228379K(1228800K)
[15.731s][info][gc,metaspace   ] GC(167) Metaspace: 6299K(6464K)->6299K(6464K) NonClass: 5766K(5824K)->5766K(5824K) Class: 533K(640K)->533K(640K)
[15.731s][info][gc             ] GC(167) Pause Full (Ergonomics) 1222M->1222M(1289M) 365.381ms
[15.731s][info][gc,cpu         ] GC(167) User=2.66s Sys=0.00s Real=0.37s
[15.732s][info][gc,start       ] GC(168) Pause Full (Ergonomics)
[15.732s][info][gc,phases,start] GC(168) Marking Phase
[16.012s][info][gc,phases      ] GC(168) Marking Phase 280.706ms
[16.012s][info][gc,phases,start] GC(168) Summary Phase
[16.012s][info][gc,phases      ] GC(168) Summary Phase 0.028ms
[16.013s][info][gc,phases,start] GC(168) Adjust Roots
[16.013s][info][gc,phases      ] GC(168) Adjust Roots 0.448ms
[16.013s][info][gc,phases,start] GC(168) Compaction Phase
[16.094s][info][gc,phases      ] GC(168) Compaction Phase 80.584ms
[16.094s][info][gc,phases,start] GC(168) Post Compact
[16.096s][info][gc,phases      ] GC(168) Post Compact 2.622ms
[16.096s][info][gc,heap        ] GC(168) PSYoungGen: 23551K(91648K)->23551K(91648K) Eden: 23551K(23552K)->23551K(23552K) From: 0K(68096K)->0K(68096K)
[16.096s][info][gc,heap        ] GC(168) ParOldGen: 1228384K(1228800K)->1228384K(1228800K)
[16.096s][info][gc,metaspace   ] GC(168) Metaspace: 6299K(6464K)->6299K(6464K) NonClass: 5766K(5824K)->5766K(5824K) Class: 533K(640K)->533K(640K)
[16.096s][info][gc             ] GC(168) Pause Full (Ergonomics) 1222M->1222M(1289M) 364.750ms
[16.096s][info][gc,cpu         ] GC(168) User=2.64s Sys=0.00s Real=0.37s
[16.097s][info][gc,start       ] GC(169) Pause Full (Ergonomics)
[16.097s][info][gc,phases,start] GC(169) Marking Phase
[16.384s][info][gc,phases      ] GC(169) Marking Phase 286.966ms
[16.384s][info][gc,phases,start] GC(169) Summary Phase
[16.384s][info][gc,phases      ] GC(169) Summary Phase 0.049ms
[16.384s][info][gc,phases,start] GC(169) Adjust Roots
[16.384s][info][gc,phases      ] GC(169) Adjust Roots 0.226ms
[16.384s][info][gc,phases,start] GC(169) Compaction Phase
[16.481s][info][gc,phases      ] GC(169) Compaction Phase 97.339ms
[16.482s][info][gc,phases,start] GC(169) Post Compact
[16.484s][info][gc,phases      ] GC(169) Post Compact 2.454ms
[16.484s][info][gc,heap        ] GC(169) PSYoungGen: 23551K(91648K)->23551K(91648K) Eden: 23551K(23552K)->23551K(23552K) From: 0K(68096K)->0K(68096K)
[16.484s][info][gc,heap        ] GC(169) ParOldGen: 1228389K(1228800K)->1228389K(1228800K)
[16.484s][info][gc,metaspace   ] GC(169) Metaspace: 6299K(6464K)->6299K(6464K) NonClass: 5766K(5824K)->5766K(5824K) Class: 533K(640K)->533K(640K)
[16.484s][info][gc             ] GC(169) Pause Full (Ergonomics) 1222M->1222M(1289M) 387.410ms
[16.484s][info][gc,cpu         ] GC(169) User=2.75s Sys=0.00s Real=0.39s
[16.484s][info][gc,start       ] GC(170) Pause Full (Ergonomics)
[16.484s][info][gc,phases,start] GC(170) Marking Phase
[16.773s][info][gc,phases      ] GC(170) Marking Phase 288.573ms
[16.773s][info][gc,phases,start] GC(170) Summary Phase
[16.773s][info][gc,phases      ] GC(170) Summary Phase 0.027ms
[16.773s][info][gc,phases,start] GC(170) Adjust Roots
[16.773s][info][gc,phases      ] GC(170) Adjust Roots 0.213ms
[16.773s][info][gc,phases,start] GC(170) Compaction Phase
[16.851s][info][gc,phases      ] GC(170) Compaction Phase 78.155ms
[16.851s][info][gc,phases,start] GC(170) Post Compact
[16.854s][info][gc,phases      ] GC(170) Post Compact 2.570ms
[16.854s][info][gc,heap        ] GC(170) PSYoungGen: 23551K(91648K)->23551K(91648K) Eden: 23551K(23552K)->23551K(23552K) From: 0K(68096K)->0K(68096K)
[16.854s][info][gc,heap        ] GC(170) ParOldGen: 1228393K(1228800K)->1228393K(1228800K)
[16.854s][info][gc,metaspace   ] GC(170) Metaspace: 6299K(6464K)->6299K(6464K) NonClass: 5766K(5824K)->5766K(5824K) Class: 533K(640K)->533K(640K)
[16.854s][info][gc             ] GC(170) Pause Full (Ergonomics) 1222M->1222M(1289M) 369.900ms
[16.854s][info][gc,cpu         ] GC(170) User=2.73s Sys=0.00s Real=0.37s
[16.854s][info][gc,start       ] GC(171) Pause Full (Ergonomics)
[16.854s][info][gc,phases,start] GC(171) Marking Phase
[17.143s][info][gc,phases      ] GC(171) Marking Phase 288.082ms
[17.143s][info][gc,phases,start] GC(171) Summary Phase
[17.143s][info][gc,phases      ] GC(171) Summary Phase 0.109ms
[17.143s][info][gc,phases,start] GC(171) Adjust Roots
[17.143s][info][gc,phases      ] GC(171) Adjust Roots 0.195ms
[17.143s][info][gc,phases,start] GC(171) Compaction Phase
[17.228s][info][gc,phases      ] GC(171) Compaction Phase 84.916ms
[17.228s][info][gc,phases,start] GC(171) Post Compact
[17.231s][info][gc,phases      ] GC(171) Post Compact 2.515ms
[17.231s][info][gc,heap        ] GC(171) PSYoungGen: 23551K(91648K)->23551K(91648K) Eden: 23551K(23552K)->23551K(23552K) From: 0K(68096K)->0K(68096K)
[17.231s][info][gc,heap        ] GC(171) ParOldGen: 1228398K(1228800K)->1228398K(1228800K)
[17.231s][info][gc,metaspace   ] GC(171) Metaspace: 6299K(6464K)->6299K(6464K) NonClass: 5766K(5824K)->5766K(5824K) Class: 533K(640K)->533K(640K)
[17.231s][info][gc             ] GC(171) Pause Full (Ergonomics) 1222M->1222M(1289M) 376.199ms
[17.231s][info][gc,cpu         ] GC(171) User=2.67s Sys=0.02s Real=0.38s
[17.231s][info][gc,start       ] GC(172) Pause Full (Ergonomics)
[17.231s][info][gc,phases,start] GC(172) Marking Phase
[17.515s][info][gc,phases      ] GC(172) Marking Phase 283.620ms
[17.515s][info][gc,phases,start] GC(172) Summary Phase
[17.515s][info][gc,phases      ] GC(172) Summary Phase 0.026ms
[17.515s][info][gc,phases,start] GC(172) Adjust Roots
[17.515s][info][gc,phases      ] GC(172) Adjust Roots 0.184ms
[17.515s][info][gc,phases,start] GC(172) Compaction Phase
[17.593s][info][gc,phases      ] GC(172) Compaction Phase 77.961ms
[17.593s][info][gc,phases,start] GC(172) Post Compact
[17.595s][info][gc,phases      ] GC(172) Post Compact 2.223ms
[17.595s][info][gc,heap        ] GC(172) PSYoungGen: 23551K(91648K)->23551K(91648K) Eden: 23551K(23552K)->23551K(23552K) From: 0K(68096K)->0K(68096K)
[17.595s][info][gc,heap        ] GC(172) ParOldGen: 1228403K(1228800K)->1228403K(1228800K)
[17.595s][info][gc,metaspace   ] GC(172) Metaspace: 6299K(6464K)->6299K(6464K) NonClass: 5766K(5824K)->5766K(5824K) Class: 533K(640K)->533K(640K)
[17.595s][info][gc             ] GC(172) Pause Full (Ergonomics) 1222M->1222M(1289M) 364.342ms
[17.595s][info][gc,cpu         ] GC(172) User=2.64s Sys=0.00s Real=0.37s
[17.595s][info][gc,start       ] GC(173) Pause Full (Ergonomics)
[17.595s][info][gc,phases,start] GC(173) Marking Phase
[17.883s][info][gc,phases      ] GC(173) Marking Phase 287.446ms
[17.883s][info][gc,phases,start] GC(173) Summary Phase
[17.883s][info][gc,phases      ] GC(173) Summary Phase 0.025ms
[17.883s][info][gc,phases,start] GC(173) Adjust Roots
[17.883s][info][gc,phases      ] GC(173) Adjust Roots 0.156ms
[17.883s][info][gc,phases,start] GC(173) Compaction Phase
[17.961s][info][gc,phases      ] GC(173) Compaction Phase 78.172ms
[17.961s][info][gc,phases,start] GC(173) Post Compact
[17.964s][info][gc,phases      ] GC(173) Post Compact 2.265ms
[17.964s][info][gc,heap        ] GC(173) PSYoungGen: 23551K(91648K)->23551K(91648K) Eden: 23551K(23552K)->23551K(23552K) From: 0K(68096K)->0K(68096K)
[17.964s][info][gc,heap        ] GC(173) ParOldGen: 1228407K(1228800K)->1228407K(1228800K)
[17.964s][info][gc,metaspace   ] GC(173) Metaspace: 6299K(6464K)->6299K(6464K) NonClass: 5766K(5824K)->5766K(5824K) Class: 533K(640K)->533K(640K)
[17.964s][info][gc             ] GC(173) Pause Full (Ergonomics) 1222M->1222M(1289M) 368.397ms
[17.964s][info][gc,cpu         ] GC(173) User=2.77s Sys=0.00s Real=0.37s
[17.964s][info][gc,start       ] GC(174) Pause Full (Ergonomics)
[17.964s][info][gc,phases,start] GC(174) Marking Phase
[18.249s][info][gc,phases      ] GC(174) Marking Phase 284.947ms
[18.249s][info][gc,phases,start] GC(174) Summary Phase
[18.249s][info][gc,phases      ] GC(174) Summary Phase 0.031ms
[18.249s][info][gc,phases,start] GC(174) Adjust Roots
[18.249s][info][gc,phases      ] GC(174) Adjust Roots 0.249ms
[18.249s][info][gc,phases,start] GC(174) Compaction Phase
[18.346s][info][gc,phases      ] GC(174) Compaction Phase 96.626ms
[18.346s][info][gc,phases,start] GC(174) Post Compact
[18.349s][info][gc,phases      ] GC(174) Post Compact 2.557ms
[18.349s][info][gc,heap        ] GC(174) PSYoungGen: 23551K(91648K)->23551K(91648K) Eden: 23551K(23552K)->23551K(23552K) From: 0K(68096K)->0K(68096K)
[18.349s][info][gc,heap        ] GC(174) ParOldGen: 1228412K(1228800K)->1228412K(1228800K)
[18.349s][info][gc,metaspace   ] GC(174) Metaspace: 6299K(6464K)->6299K(6464K) NonClass: 5766K(5824K)->5766K(5824K) Class: 533K(640K)->533K(640K)
[18.349s][info][gc             ] GC(174) Pause Full (Ergonomics) 1222M->1222M(1289M) 384.936ms
[18.349s][info][gc,cpu         ] GC(174) User=2.64s Sys=0.00s Real=0.39s
[18.349s][info][gc,start       ] GC(175) Pause Full (Ergonomics)
[18.349s][info][gc,phases,start] GC(175) Marking Phase
[18.636s][info][gc,phases      ] GC(175) Marking Phase 287.239ms
[18.637s][info][gc,phases,start] GC(175) Summary Phase
[18.637s][info][gc,phases      ] GC(175) Summary Phase 0.033ms
[18.637s][info][gc,phases,start] GC(175) Adjust Roots
[18.637s][info][gc,phases      ] GC(175) Adjust Roots 0.190ms
[18.637s][info][gc,phases,start] GC(175) Compaction Phase
[18.740s][info][gc,phases      ] GC(175) Compaction Phase 102.970ms
[18.740s][info][gc,phases,start] GC(175) Post Compact
[18.742s][info][gc,phases      ] GC(175) Post Compact 2.208ms
[18.742s][info][gc,heap        ] GC(175) PSYoungGen: 23551K(91648K)->23551K(91648K) Eden: 23551K(23552K)->23551K(23552K) From: 0K(68096K)->0K(68096K)
[18.742s][info][gc,heap        ] GC(175) ParOldGen: 1228417K(1228800K)->1228417K(1228800K)
[18.742s][info][gc,metaspace   ] GC(175) Metaspace: 6299K(6464K)->6299K(6464K) NonClass: 5766K(5824K)->5766K(5824K) Class: 533K(640K)->533K(640K)
[18.742s][info][gc             ] GC(175) Pause Full (Ergonomics) 1222M->1222M(1289M) 392.968ms
[18.742s][info][gc,cpu         ] GC(175) User=2.67s Sys=0.02s Real=0.39s
[18.742s][info][gc,start       ] GC(176) Pause Full (Ergonomics)
[18.742s][info][gc,phases,start] GC(176) Marking Phase
[19.016s][info][gc,phases      ] GC(176) Marking Phase 273.531ms
[19.016s][info][gc,phases,start] GC(176) Summary Phase
[19.016s][info][gc,phases      ] GC(176) Summary Phase 0.030ms
[19.016s][info][gc,phases,start] GC(176) Adjust Roots
[19.016s][info][gc,phases      ] GC(176) Adjust Roots 0.192ms
[19.016s][info][gc,phases,start] GC(176) Compaction Phase
[19.097s][info][gc,phases      ] GC(176) Compaction Phase 80.251ms
[19.097s][info][gc,phases,start] GC(176) Post Compact
[19.099s][info][gc,phases      ] GC(176) Post Compact 2.186ms
[19.099s][info][gc,heap        ] GC(176) PSYoungGen: 23551K(91648K)->23551K(91648K) Eden: 23551K(23552K)->23551K(23552K) From: 0K(68096K)->0K(68096K)
[19.099s][info][gc,heap        ] GC(176) ParOldGen: 1228421K(1228800K)->1228421K(1228800K)
[19.099s][info][gc,metaspace   ] GC(176) Metaspace: 6299K(6464K)->6299K(6464K) NonClass: 5766K(5824K)->5766K(5824K) Class: 533K(640K)->533K(640K)
[19.099s][info][gc             ] GC(176) Pause Full (Ergonomics) 1222M->1222M(1289M) 356.524ms
[19.099s][info][gc,cpu         ] GC(176) User=2.59s Sys=0.02s Real=0.36s
[19.099s][info][gc,start       ] GC(177) Pause Full (Ergonomics)
[19.099s][info][gc,phases,start] GC(177) Marking Phase
[19.383s][info][gc,phases      ] GC(177) Marking Phase 283.787ms
[19.383s][info][gc,phases,start] GC(177) Summary Phase
[19.383s][info][gc,phases      ] GC(177) Summary Phase 0.039ms
[19.383s][info][gc,phases,start] GC(177) Adjust Roots
[19.383s][info][gc,phases      ] GC(177) Adjust Roots 0.215ms
[19.383s][info][gc,phases,start] GC(177) Compaction Phase
[19.465s][info][gc,phases      ] GC(177) Compaction Phase 81.593ms
[19.465s][info][gc,phases,start] GC(177) Post Compact
[19.467s][info][gc,phases      ] GC(177) Post Compact 1.929ms
[19.467s][info][gc,heap        ] GC(177) PSYoungGen: 23551K(91648K)->23551K(91648K) Eden: 23551K(23552K)->23551K(23552K) From: 0K(68096K)->0K(68096K)
[19.467s][info][gc,heap        ] GC(177) ParOldGen: 1228426K(1228800K)->1228426K(1228800K)
[19.467s][info][gc,metaspace   ] GC(177) Metaspace: 6299K(6464K)->6299K(6464K) NonClass: 5766K(5824K)->5766K(5824K) Class: 533K(640K)->533K(640K)
[19.467s][info][gc             ] GC(177) Pause Full (Ergonomics) 1222M->1222M(1289M) 367.960ms
[19.467s][info][gc,cpu         ] GC(177) User=2.58s Sys=0.00s Real=0.37s
[19.467s][info][gc,start       ] GC(178) Pause Full (Ergonomics)
[19.467s][info][gc,phases,start] GC(178) Marking Phase
[19.766s][info][gc,phases      ] GC(178) Marking Phase 298.108ms
[19.766s][info][gc,phases,start] GC(178) Summary Phase
[19.766s][info][gc,phases      ] GC(178) Summary Phase 0.033ms
[19.766s][info][gc,phases,start] GC(178) Adjust Roots
[19.766s][info][gc,phases      ] GC(178) Adjust Roots 0.221ms
[19.766s][info][gc,phases,start] GC(178) Compaction Phase
[19.861s][info][gc,phases      ] GC(178) Compaction Phase 94.893ms
[19.861s][info][gc,phases,start] GC(178) Post Compact
[19.863s][info][gc,phases      ] GC(178) Post Compact 2.233ms
[19.863s][info][gc,heap        ] GC(178) PSYoungGen: 23551K(91648K)->23551K(91648K) Eden: 23551K(23552K)->23551K(23552K) From: 0K(68096K)->0K(68096K)
[19.863s][info][gc,heap        ] GC(178) ParOldGen: 1228431K(1228800K)->1228431K(1228800K)
[19.863s][info][gc,metaspace   ] GC(178) Metaspace: 6299K(6464K)->6299K(6464K) NonClass: 5766K(5824K)->5766K(5824K) Class: 533K(640K)->533K(640K)
[19.863s][info][gc             ] GC(178) Pause Full (Ergonomics) 1222M->1222M(1289M) 395.848ms
[19.863s][info][gc,cpu         ] GC(178) User=2.88s Sys=0.00s Real=0.40s
[19.863s][info][gc,start       ] GC(179) Pause Full (Ergonomics)
[19.863s][info][gc,phases,start] GC(179) Marking Phase
[20.152s][info][gc,phases      ] GC(179) Marking Phase 288.279ms
[20.152s][info][gc,phases,start] GC(179) Summary Phase
[20.152s][info][gc,phases      ] GC(179) Summary Phase 0.052ms
[20.152s][info][gc,phases,start] GC(179) Adjust Roots
[20.152s][info][gc,phases      ] GC(179) Adjust Roots 0.214ms
[20.152s][info][gc,phases,start] GC(179) Compaction Phase
[20.243s][info][gc,phases      ] GC(179) Compaction Phase 91.225ms
[20.243s][info][gc,phases,start] GC(179) Post Compact
[20.246s][info][gc,phases      ] GC(179) Post Compact 2.148ms
[20.246s][info][gc,heap        ] GC(179) PSYoungGen: 23551K(91648K)->23551K(91648K) Eden: 23551K(23552K)->23551K(23552K) From: 0K(68096K)->0K(68096K)
[20.246s][info][gc,heap        ] GC(179) ParOldGen: 1228435K(1228800K)->1228435K(1228800K)
[20.246s][info][gc,metaspace   ] GC(179) Metaspace: 6299K(6464K)->6299K(6464K) NonClass: 5766K(5824K)->5766K(5824K) Class: 533K(640K)->533K(640K)
[20.246s][info][gc             ] GC(179) Pause Full (Ergonomics) 1222M->1222M(1289M) 382.268ms
[20.246s][info][gc,cpu         ] GC(179) User=2.78s Sys=0.00s Real=0.38s
[20.246s][info][gc,start       ] GC(180) Pause Full (Ergonomics)
[20.246s][info][gc,phases,start] GC(180) Marking Phase
[20.531s][info][gc,phases      ] GC(180) Marking Phase 284.963ms
[20.531s][info][gc,phases,start] GC(180) Summary Phase
[20.531s][info][gc,phases      ] GC(180) Summary Phase 0.030ms
[20.531s][info][gc,phases,start] GC(180) Adjust Roots
[20.531s][info][gc,phases      ] GC(180) Adjust Roots 0.210ms
[20.531s][info][gc,phases,start] GC(180) Compaction Phase
[20.609s][info][gc,phases      ] GC(180) Compaction Phase 77.274ms
[20.609s][info][gc,phases,start] GC(180) Post Compact
[20.611s][info][gc,phases      ] GC(180) Post Compact 2.029ms
[20.611s][info][gc,heap        ] GC(180) PSYoungGen: 23551K(91648K)->23551K(91648K) Eden: 23551K(23552K)->23551K(23552K) From: 0K(68096K)->0K(68096K)
[20.611s][info][gc,heap        ] GC(180) ParOldGen: 1228440K(1228800K)->1228440K(1228800K)
[20.611s][info][gc,metaspace   ] GC(180) Metaspace: 6299K(6464K)->6299K(6464K) NonClass: 5766K(5824K)->5766K(5824K) Class: 533K(640K)->533K(640K)
[20.611s][info][gc             ] GC(180) Pause Full (Ergonomics) 1222M->1222M(1289M) 364.849ms
[20.611s][info][gc,cpu         ] GC(180) User=2.62s Sys=0.00s Real=0.37s
[20.611s][info][gc,start       ] GC(181) Pause Full (Ergonomics)
[20.611s][info][gc,phases,start] GC(181) Marking Phase
[20.895s][info][gc,phases      ] GC(181) Marking Phase 283.556ms
[20.895s][info][gc,phases,start] GC(181) Summary Phase
[20.895s][info][gc,phases      ] GC(181) Summary Phase 0.044ms
[20.895s][info][gc,phases,start] GC(181) Adjust Roots
[20.895s][info][gc,phases      ] GC(181) Adjust Roots 0.279ms
[20.895s][info][gc,phases,start] GC(181) Compaction Phase
[20.974s][info][gc,phases      ] GC(181) Compaction Phase 78.967ms
[20.974s][info][gc,phases,start] GC(181) Post Compact
[20.977s][info][gc,phases      ] GC(181) Post Compact 2.415ms
[20.977s][info][gc,heap        ] GC(181) PSYoungGen: 23551K(91648K)->23551K(91648K) Eden: 23551K(23552K)->23551K(23552K) From: 0K(68096K)->0K(68096K)
[20.977s][info][gc,heap        ] GC(181) ParOldGen: 1228445K(1228800K)->1228445K(1228800K)
[20.977s][info][gc,metaspace   ] GC(181) Metaspace: 6299K(6464K)->6299K(6464K) NonClass: 5766K(5824K)->5766K(5824K) Class: 533K(640K)->533K(640K)
[20.977s][info][gc             ] GC(181) Pause Full (Ergonomics) 1222M->1222M(1289M) 365.717ms
[20.977s][info][gc,cpu         ] GC(181) User=2.80s Sys=0.00s Real=0.37s
[20.977s][info][gc,start       ] GC(182) Pause Full (Ergonomics)
[20.977s][info][gc,phases,start] GC(182) Marking Phase
[21.263s][info][gc,phases      ] GC(182) Marking Phase 286.176ms
[21.263s][info][gc,phases,start] GC(182) Summary Phase
[21.263s][info][gc,phases      ] GC(182) Summary Phase 0.025ms
[21.263s][info][gc,phases,start] GC(182) Adjust Roots
[21.263s][info][gc,phases      ] GC(182) Adjust Roots 0.152ms
[21.263s][info][gc,phases,start] GC(182) Compaction Phase
[21.347s][info][gc,phases      ] GC(182) Compaction Phase 83.980ms
[21.347s][info][gc,phases,start] GC(182) Post Compact
[21.349s][info][gc,phases      ] GC(182) Post Compact 1.886ms
[21.349s][info][gc,heap        ] GC(182) PSYoungGen: 23551K(91648K)->23551K(91648K) Eden: 23551K(23552K)->23551K(23552K) From: 0K(68096K)->0K(68096K)
[21.349s][info][gc,heap        ] GC(182) ParOldGen: 1228449K(1228800K)->1228449K(1228800K)
[21.349s][info][gc,metaspace   ] GC(182) Metaspace: 6299K(6464K)->6299K(6464K) NonClass: 5766K(5824K)->5766K(5824K) Class: 533K(640K)->533K(640K)
[21.349s][info][gc             ] GC(182) Pause Full (Ergonomics) 1222M->1222M(1289M) 372.510ms
[21.349s][info][gc,cpu         ] GC(182) User=2.64s Sys=0.00s Real=0.37s
[21.350s][info][gc,start       ] GC(183) Pause Full (Ergonomics)
[21.350s][info][gc,phases,start] GC(183) Marking Phase
[21.636s][info][gc,phases      ] GC(183) Marking Phase 286.025ms
[21.636s][info][gc,phases,start] GC(183) Summary Phase
[21.636s][info][gc,phases      ] GC(183) Summary Phase 0.024ms
[21.636s][info][gc,phases,start] GC(183) Adjust Roots
[21.636s][info][gc,phases      ] GC(183) Adjust Roots 0.177ms
[21.636s][info][gc,phases,start] GC(183) Compaction Phase
[21.715s][info][gc,phases      ] GC(183) Compaction Phase 79.309ms
[21.715s][info][gc,phases,start] GC(183) Post Compact
[21.717s][info][gc,phases      ] GC(183) Post Compact 1.930ms
[21.717s][info][gc,heap        ] GC(183) PSYoungGen: 23551K(91648K)->23551K(91648K) Eden: 23551K(23552K)->23551K(23552K) From: 0K(68096K)->0K(68096K)
[21.717s][info][gc,heap        ] GC(183) ParOldGen: 1228454K(1228800K)->1228454K(1228800K)
[21.717s][info][gc,metaspace   ] GC(183) Metaspace: 6299K(6464K)->6299K(6464K) NonClass: 5766K(5824K)->5766K(5824K) Class: 533K(640K)->533K(640K)
[21.717s][info][gc             ] GC(183) Pause Full (Ergonomics) 1222M->1222M(1289M) 367.784ms
[21.717s][info][gc,cpu         ] GC(183) User=2.62s Sys=0.00s Real=0.37s
[21.718s][info][gc,start       ] GC(184) Pause Full (Ergonomics)
[21.718s][info][gc,phases,start] GC(184) Marking Phase
[21.999s][info][gc,phases      ] GC(184) Marking Phase 280.964ms
[21.999s][info][gc,phases,start] GC(184) Summary Phase
[21.999s][info][gc,phases      ] GC(184) Summary Phase 0.041ms
[21.999s][info][gc,phases,start] GC(184) Adjust Roots
[21.999s][info][gc,phases      ] GC(184) Adjust Roots 0.263ms
[21.999s][info][gc,phases,start] GC(184) Compaction Phase
[22.080s][info][gc,phases      ] GC(184) Compaction Phase 80.827ms
[22.080s][info][gc,phases,start] GC(184) Post Compact
[22.082s][info][gc,phases      ] GC(184) Post Compact 1.882ms
[22.082s][info][gc,heap        ] GC(184) PSYoungGen: 23551K(91648K)->23551K(91648K) Eden: 23551K(23552K)->23551K(23552K) From: 0K(68096K)->0K(68096K)
[22.082s][info][gc,heap        ] GC(184) ParOldGen: 1228459K(1228800K)->1228459K(1228800K)
[22.082s][info][gc,metaspace   ] GC(184) Metaspace: 6299K(6464K)->6299K(6464K) NonClass: 5766K(5824K)->5766K(5824K) Class: 533K(640K)->533K(640K)
[22.082s][info][gc             ] GC(184) Pause Full (Ergonomics) 1222M->1222M(1289M) 364.361ms
[22.082s][info][gc,cpu         ] GC(184) User=2.75s Sys=0.00s Real=0.36s
[22.082s][info][gc,start       ] GC(185) Pause Full (Ergonomics)
[22.082s][info][gc,phases,start] GC(185) Marking Phase
[22.363s][info][gc,phases      ] GC(185) Marking Phase 280.500ms
[22.363s][info][gc,phases,start] GC(185) Summary Phase
[22.363s][info][gc,phases      ] GC(185) Summary Phase 0.025ms
[22.363s][info][gc,phases,start] GC(185) Adjust Roots
[22.363s][info][gc,phases      ] GC(185) Adjust Roots 0.148ms
[22.363s][info][gc,phases,start] GC(185) Compaction Phase
[22.441s][info][gc,phases      ] GC(185) Compaction Phase 78.372ms
[22.441s][info][gc,phases,start] GC(185) Post Compact
[22.443s][info][gc,phases      ] GC(185) Post Compact 1.911ms
[22.443s][info][gc,heap        ] GC(185) PSYoungGen: 23551K(91648K)->23551K(91648K) Eden: 23551K(23552K)->23551K(23552K) From: 0K(68096K)->0K(68096K)
[22.443s][info][gc,heap        ] GC(185) ParOldGen: 1228463K(1228800K)->1228463K(1228800K)
[22.443s][info][gc,metaspace   ] GC(185) Metaspace: 6299K(6464K)->6299K(6464K) NonClass: 5766K(5824K)->5766K(5824K) Class: 533K(640K)->533K(640K)
[22.443s][info][gc             ] GC(185) Pause Full (Ergonomics) 1222M->1222M(1289M) 361.278ms
[22.443s][info][gc,cpu         ] GC(185) User=2.84s Sys=0.00s Real=0.36s
[22.444s][info][gc,start       ] GC(186) Pause Full (Ergonomics)
[22.444s][info][gc,phases,start] GC(186) Marking Phase
[22.731s][info][gc,phases      ] GC(186) Marking Phase 287.570ms
[22.731s][info][gc,phases,start] GC(186) Summary Phase
[22.731s][info][gc,phases      ] GC(186) Summary Phase 0.025ms
[22.731s][info][gc,phases,start] GC(186) Adjust Roots
[22.732s][info][gc,phases      ] GC(186) Adjust Roots 0.152ms
[22.732s][info][gc,phases,start] GC(186) Compaction Phase
[22.816s][info][gc,phases      ] GC(186) Compaction Phase 84.294ms
[22.816s][info][gc,phases,start] GC(186) Post Compact
[22.818s][info][gc,phases      ] GC(186) Post Compact 1.925ms
[22.818s][info][gc,heap        ] GC(186) PSYoungGen: 23551K(91648K)->23551K(91648K) Eden: 23551K(23552K)->23551K(23552K) From: 0K(68096K)->0K(68096K)
[22.818s][info][gc,heap        ] GC(186) ParOldGen: 1228468K(1228800K)->1228468K(1228800K)
[22.818s][info][gc,metaspace   ] GC(186) Metaspace: 6299K(6464K)->6299K(6464K) NonClass: 5766K(5824K)->5766K(5824K) Class: 533K(640K)->533K(640K)
[22.818s][info][gc             ] GC(186) Pause Full (Ergonomics) 1222M->1222M(1289M) 374.296ms
[22.818s][info][gc,cpu         ] GC(186) User=2.64s Sys=0.00s Real=0.37s
[22.818s][info][gc,start       ] GC(187) Pause Full (Ergonomics)
[22.818s][info][gc,phases,start] GC(187) Marking Phase
[23.113s][info][gc,phases      ] GC(187) Marking Phase 294.303ms
[23.113s][info][gc,phases,start] GC(187) Summary Phase
[23.113s][info][gc,phases      ] GC(187) Summary Phase 0.026ms
[23.113s][info][gc,phases,start] GC(187) Adjust Roots
[23.113s][info][gc,phases      ] GC(187) Adjust Roots 0.159ms
[23.113s][info][gc,phases,start] GC(187) Compaction Phase
[23.199s][info][gc,phases      ] GC(187) Compaction Phase 86.427ms
[23.199s][info][gc,phases,start] GC(187) Post Compact
[23.202s][info][gc,phases      ] GC(187) Post Compact 2.277ms
[23.202s][info][gc,heap        ] GC(187) PSYoungGen: 23551K(91648K)->23551K(91648K) Eden: 23551K(23552K)->23551K(23552K) From: 0K(68096K)->0K(68096K)
[23.202s][info][gc,heap        ] GC(187) ParOldGen: 1228473K(1228800K)->1228473K(1228800K)
[23.202s][info][gc,metaspace   ] GC(187) Metaspace: 6299K(6464K)->6299K(6464K) NonClass: 5766K(5824K)->5766K(5824K) Class: 533K(640K)->533K(640K)
[23.202s][info][gc             ] GC(187) Pause Full (Ergonomics) 1222M->1222M(1289M) 383.513ms
[23.202s][info][gc,cpu         ] GC(187) User=2.81s Sys=0.00s Real=0.38s
[23.202s][info][gc,start       ] GC(188) Pause Full (Ergonomics)
[23.202s][info][gc,phases,start] GC(188) Marking Phase
[23.483s][info][gc,phases      ] GC(188) Marking Phase 281.220ms
[23.483s][info][gc,phases,start] GC(188) Summary Phase
[23.483s][info][gc,phases      ] GC(188) Summary Phase 0.029ms
[23.483s][info][gc,phases,start] GC(188) Adjust Roots
[23.483s][info][gc,phases      ] GC(188) Adjust Roots 0.168ms
[23.483s][info][gc,phases,start] GC(188) Compaction Phase
[23.564s][info][gc,phases      ] GC(188) Compaction Phase 80.711ms
[23.564s][info][gc,phases,start] GC(188) Post Compact
[23.566s][info][gc,phases      ] GC(188) Post Compact 2.042ms
[23.566s][info][gc,heap        ] GC(188) PSYoungGen: 23551K(91648K)->23551K(91648K) Eden: 23551K(23552K)->23551K(23552K) From: 0K(68096K)->0K(68096K)
[23.566s][info][gc,heap        ] GC(188) ParOldGen: 1228477K(1228800K)->1228477K(1228800K)
[23.566s][info][gc,metaspace   ] GC(188) Metaspace: 6299K(6464K)->6299K(6464K) NonClass: 5766K(5824K)->5766K(5824K) Class: 533K(640K)->533K(640K)
[23.566s][info][gc             ] GC(188) Pause Full (Ergonomics) 1222M->1222M(1289M) 364.501ms
[23.566s][info][gc,cpu         ] GC(188) User=2.75s Sys=0.00s Real=0.37s
[23.567s][info][gc,start       ] GC(189) Pause Full (Ergonomics)
[23.567s][info][gc,phases,start] GC(189) Marking Phase
[23.858s][info][gc,phases      ] GC(189) Marking Phase 291.155ms
[23.858s][info][gc,phases,start] GC(189) Summary Phase
[23.858s][info][gc,phases      ] GC(189) Summary Phase 0.037ms
[23.858s][info][gc,phases,start] GC(189) Adjust Roots
[23.858s][info][gc,phases      ] GC(189) Adjust Roots 0.292ms
[23.858s][info][gc,phases,start] GC(189) Compaction Phase
[23.941s][info][gc,phases      ] GC(189) Compaction Phase 82.331ms
[23.941s][info][gc,phases,start] GC(189) Post Compact
[23.943s][info][gc,phases      ] GC(189) Post Compact 1.858ms
[23.943s][info][gc,heap        ] GC(189) PSYoungGen: 23551K(91648K)->23551K(91648K) Eden: 23551K(23552K)->23551K(23552K) From: 0K(68096K)->0K(68096K)
[23.943s][info][gc,heap        ] GC(189) ParOldGen: 1228482K(1228800K)->1228482K(1228800K)
[23.943s][info][gc,metaspace   ] GC(189) Metaspace: 6299K(6464K)->6299K(6464K) NonClass: 5766K(5824K)->5766K(5824K) Class: 533K(640K)->533K(640K)
[23.943s][info][gc             ] GC(189) Pause Full (Ergonomics) 1222M->1222M(1289M) 376.038ms
[23.943s][info][gc,cpu         ] GC(189) User=2.81s Sys=0.00s Real=0.38s
[23.943s][info][gc,start       ] GC(190) Pause Full (Ergonomics)
[23.943s][info][gc,phases,start] GC(190) Marking Phase
[24.222s][info][gc,phases      ] GC(190) Marking Phase 279.059ms
[24.222s][info][gc,phases,start] GC(190) Summary Phase
[24.222s][info][gc,phases      ] GC(190) Summary Phase 0.027ms
[24.222s][info][gc,phases,start] GC(190) Adjust Roots
[24.222s][info][gc,phases      ] GC(190) Adjust Roots 0.173ms
[24.222s][info][gc,phases,start] GC(190) Compaction Phase
[24.302s][info][gc,phases      ] GC(190) Compaction Phase 79.142ms
[24.302s][info][gc,phases,start] GC(190) Post Compact
[24.304s][info][gc,phases      ] GC(190) Post Compact 2.213ms
[24.304s][info][gc,heap        ] GC(190) PSYoungGen: 23551K(91648K)->23551K(91648K) Eden: 23551K(23552K)->23551K(23552K) From: 0K(68096K)->0K(68096K)
[24.304s][info][gc,heap        ] GC(190) ParOldGen: 1228487K(1228800K)->1228487K(1228800K)
[24.304s][info][gc,metaspace   ] GC(190) Metaspace: 6299K(6464K)->6299K(6464K) NonClass: 5766K(5824K)->5766K(5824K) Class: 533K(640K)->533K(640K)
[24.304s][info][gc             ] GC(190) Pause Full (Ergonomics) 1222M->1222M(1289M) 360.982ms
[24.304s][info][gc,cpu         ] GC(190) User=2.72s Sys=0.00s Real=0.36s
[24.304s][info][gc,start       ] GC(191) Pause Full (Ergonomics)
[24.304s][info][gc,phases,start] GC(191) Marking Phase
[24.599s][info][gc,phases      ] GC(191) Marking Phase 294.654ms
[24.599s][info][gc,phases,start] GC(191) Summary Phase
[24.599s][info][gc,phases      ] GC(191) Summary Phase 0.029ms
[24.599s][info][gc,phases,start] GC(191) Adjust Roots
[24.599s][info][gc,phases      ] GC(191) Adjust Roots 0.150ms
[24.599s][info][gc,phases,start] GC(191) Compaction Phase
[24.689s][info][gc,phases      ] GC(191) Compaction Phase 89.924ms
[24.689s][info][gc,phases,start] GC(191) Post Compact
[24.691s][info][gc,phases      ] GC(191) Post Compact 2.059ms
[24.691s][info][gc,heap        ] GC(191) PSYoungGen: 23551K(91648K)->23551K(91648K) Eden: 23551K(23552K)->23551K(23552K) From: 0K(68096K)->0K(68096K)
[24.691s][info][gc,heap        ] GC(191) ParOldGen: 1228491K(1228800K)->1228491K(1228800K)
[24.691s][info][gc,metaspace   ] GC(191) Metaspace: 6299K(6464K)->6299K(6464K) NonClass: 5766K(5824K)->5766K(5824K) Class: 533K(640K)->533K(640K)
[24.691s][info][gc             ] GC(191) Pause Full (Ergonomics) 1222M->1222M(1289M) 387.135ms
[24.691s][info][gc,cpu         ] GC(191) User=2.75s Sys=0.00s Real=0.39s
[24.692s][info][gc,start       ] GC(192) Pause Full (Ergonomics)
[24.692s][info][gc,phases,start] GC(192) Marking Phase
[24.977s][info][gc,phases      ] GC(192) Marking Phase 285.000ms
[24.977s][info][gc,phases,start] GC(192) Summary Phase
[24.977s][info][gc,phases      ] GC(192) Summary Phase 0.025ms
[24.977s][info][gc,phases,start] GC(192) Adjust Roots
[24.977s][info][gc,phases      ] GC(192) Adjust Roots 0.153ms
[24.977s][info][gc,phases,start] GC(192) Compaction Phase
[25.065s][info][gc,phases      ] GC(192) Compaction Phase 87.978ms
[25.065s][info][gc,phases,start] GC(192) Post Compact
[25.067s][info][gc,phases      ] GC(192) Post Compact 1.972ms
[25.067s][info][gc,heap        ] GC(192) PSYoungGen: 23551K(91648K)->23551K(91648K) Eden: 23551K(23552K)->23551K(23552K) From: 0K(68096K)->0K(68096K)
[25.067s][info][gc,heap        ] GC(192) ParOldGen: 1228496K(1228800K)->1228496K(1228800K)
[25.067s][info][gc,metaspace   ] GC(192) Metaspace: 6299K(6464K)->6299K(6464K) NonClass: 5766K(5824K)->5766K(5824K) Class: 533K(640K)->533K(640K)
[25.067s][info][gc             ] GC(192) Pause Full (Ergonomics) 1222M->1222M(1289M) 375.470ms
[25.067s][info][gc,cpu         ] GC(192) User=2.77s Sys=0.00s Real=0.38s
[25.067s][info][gc,start       ] GC(193) Pause Full (Ergonomics)
[25.067s][info][gc,phases,start] GC(193) Marking Phase
[25.359s][info][gc,phases      ] GC(193) Marking Phase 291.306ms
[25.359s][info][gc,phases,start] GC(193) Summary Phase
[25.359s][info][gc,phases      ] GC(193) Summary Phase 0.031ms
[25.359s][info][gc,phases,start] GC(193) Adjust Roots
[25.359s][info][gc,phases      ] GC(193) Adjust Roots 0.155ms
[25.359s][info][gc,phases,start] GC(193) Compaction Phase
[25.441s][info][gc,phases      ] GC(193) Compaction Phase 82.173ms
[25.441s][info][gc,phases,start] GC(193) Post Compact
[25.443s][info][gc,phases      ] GC(193) Post Compact 2.013ms
[25.443s][info][gc,heap        ] GC(193) PSYoungGen: 23551K(91648K)->23551K(91648K) Eden: 23551K(23552K)->23551K(23552K) From: 0K(68096K)->0K(68096K)
[25.443s][info][gc,heap        ] GC(193) ParOldGen: 1228501K(1228800K)->1228501K(1228800K)
[25.443s][info][gc,metaspace   ] GC(193) Metaspace: 6299K(6464K)->6299K(6464K) NonClass: 5766K(5824K)->5766K(5824K) Class: 533K(640K)->533K(640K)
[25.443s][info][gc             ] GC(193) Pause Full (Ergonomics) 1222M->1222M(1289M) 376.028ms
[25.443s][info][gc,cpu         ] GC(193) User=2.77s Sys=0.00s Real=0.38s
[25.444s][info][gc,start       ] GC(194) Pause Full (Ergonomics)
[25.444s][info][gc,phases,start] GC(194) Marking Phase
[25.738s][info][gc,phases      ] GC(194) Marking Phase 294.515ms
[25.738s][info][gc,phases,start] GC(194) Summary Phase
[25.738s][info][gc,phases      ] GC(194) Summary Phase 0.025ms
[25.738s][info][gc,phases,start] GC(194) Adjust Roots
[25.738s][info][gc,phases      ] GC(194) Adjust Roots 0.149ms
[25.738s][info][gc,phases,start] GC(194) Compaction Phase
[25.834s][info][gc,phases      ] GC(194) Compaction Phase 95.529ms
[25.834s][info][gc,phases,start] GC(194) Post Compact
[25.836s][info][gc,phases      ] GC(194) Post Compact 2.298ms
[25.836s][info][gc,heap        ] GC(194) PSYoungGen: 23551K(91648K)->23551K(91648K) Eden: 23551K(23552K)->23551K(23552K) From: 0K(68096K)->0K(68096K)
[25.836s][info][gc,heap        ] GC(194) ParOldGen: 1228505K(1228800K)->1228505K(1228800K)
[25.836s][info][gc,metaspace   ] GC(194) Metaspace: 6299K(6464K)->6299K(6464K) NonClass: 5766K(5824K)->5766K(5824K) Class: 533K(640K)->533K(640K)
[25.836s][info][gc             ] GC(194) Pause Full (Ergonomics) 1222M->1222M(1289M) 392.912ms
[25.836s][info][gc,cpu         ] GC(194) User=2.92s Sys=0.00s Real=0.39s
[25.837s][info][gc,start       ] GC(195) Pause Full (Ergonomics)
[25.837s][info][gc,phases,start] GC(195) Marking Phase
[26.136s][info][gc,phases      ] GC(195) Marking Phase 299.267ms
[26.136s][info][gc,phases,start] GC(195) Summary Phase
[26.136s][info][gc,phases      ] GC(195) Summary Phase 0.027ms
[26.136s][info][gc,phases,start] GC(195) Adjust Roots
[26.136s][info][gc,phases      ] GC(195) Adjust Roots 0.175ms
[26.136s][info][gc,phases,start] GC(195) Compaction Phase
[26.221s][info][gc,phases      ] GC(195) Compaction Phase 84.910ms
[26.221s][info][gc,phases,start] GC(195) Post Compact
[26.224s][info][gc,phases      ] GC(195) Post Compact 2.596ms
[26.224s][info][gc,heap        ] GC(195) PSYoungGen: 23551K(91648K)->23551K(91648K) Eden: 23551K(23552K)->23551K(23552K) From: 0K(68096K)->0K(68096K)
[26.224s][info][gc,heap        ] GC(195) ParOldGen: 1228510K(1228800K)->1228510K(1228800K)
[26.224s][info][gc,metaspace   ] GC(195) Metaspace: 6299K(6464K)->6299K(6464K) NonClass: 5766K(5824K)->5766K(5824K) Class: 533K(640K)->533K(640K)
[26.224s][info][gc             ] GC(195) Pause Full (Ergonomics) 1222M->1222M(1289M) 387.343ms
[26.224s][info][gc,cpu         ] GC(195) User=2.64s Sys=0.00s Real=0.39s
[26.224s][info][gc,start       ] GC(196) Pause Full (Ergonomics)
[26.224s][info][gc,phases,start] GC(196) Marking Phase
[26.512s][info][gc,phases      ] GC(196) Marking Phase 287.937ms
[26.512s][info][gc,phases,start] GC(196) Summary Phase
[26.512s][info][gc,phases      ] GC(196) Summary Phase 0.039ms
[26.512s][info][gc,phases,start] GC(196) Adjust Roots
[26.513s][info][gc,phases      ] GC(196) Adjust Roots 0.193ms
[26.513s][info][gc,phases,start] GC(196) Compaction Phase
[26.594s][info][gc,phases      ] GC(196) Compaction Phase 81.422ms
[26.594s][info][gc,phases,start] GC(196) Post Compact
[26.596s][info][gc,phases      ] GC(196) Post Compact 2.131ms
[26.596s][info][gc,heap        ] GC(196) PSYoungGen: 23551K(91648K)->23551K(91648K) Eden: 23551K(23552K)->23551K(23552K) From: 0K(68096K)->0K(68096K)
[26.596s][info][gc,heap        ] GC(196) ParOldGen: 1228515K(1228800K)->1228515K(1228800K)
[26.596s][info][gc,metaspace   ] GC(196) Metaspace: 6299K(6464K)->6299K(6464K) NonClass: 5766K(5824K)->5766K(5824K) Class: 533K(640K)->533K(640K)
[26.596s][info][gc             ] GC(196) Pause Full (Ergonomics) 1222M->1222M(1289M) 372.111ms
[26.596s][info][gc,cpu         ] GC(196) User=2.62s Sys=0.00s Real=0.37s
[26.597s][info][gc,start       ] GC(197) Pause Full (Ergonomics)
[26.597s][info][gc,phases,start] GC(197) Marking Phase
[26.886s][info][gc,phases      ] GC(197) Marking Phase 289.067ms
[26.886s][info][gc,phases,start] GC(197) Summary Phase
[26.886s][info][gc,phases      ] GC(197) Summary Phase 0.026ms
[26.886s][info][gc,phases,start] GC(197) Adjust Roots
[26.886s][info][gc,phases      ] GC(197) Adjust Roots 0.202ms
[26.886s][info][gc,phases,start] GC(197) Compaction Phase
[26.970s][info][gc,phases      ] GC(197) Compaction Phase 84.317ms
[26.970s][info][gc,phases,start] GC(197) Post Compact
[26.972s][info][gc,phases      ] GC(197) Post Compact 2.033ms
[26.973s][info][gc,heap        ] GC(197) PSYoungGen: 23551K(91648K)->23551K(91648K) Eden: 23551K(23552K)->23551K(23552K) From: 0K(68096K)->0K(68096K)
[26.973s][info][gc,heap        ] GC(197) ParOldGen: 1228519K(1228800K)->1228519K(1228800K)
[26.973s][info][gc,metaspace   ] GC(197) Metaspace: 6299K(6464K)->6299K(6464K) NonClass: 5766K(5824K)->5766K(5824K) Class: 533K(640K)->533K(640K)
[26.973s][info][gc             ] GC(197) Pause Full (Ergonomics) 1222M->1222M(1289M) 375.972ms
[26.973s][info][gc,cpu         ] GC(197) User=2.89s Sys=0.00s Real=0.38s
[26.973s][info][gc,start       ] GC(198) Pause Full (Ergonomics)
[26.973s][info][gc,phases,start] GC(198) Marking Phase
[27.255s][info][gc,phases      ] GC(198) Marking Phase 282.100ms
[27.255s][info][gc,phases,start] GC(198) Summary Phase
[27.255s][info][gc,phases      ] GC(198) Summary Phase 0.026ms
[27.255s][info][gc,phases,start] GC(198) Adjust Roots
[27.255s][info][gc,phases      ] GC(198) Adjust Roots 0.158ms
[27.255s][info][gc,phases,start] GC(198) Compaction Phase
[27.342s][info][gc,phases      ] GC(198) Compaction Phase 86.695ms
[27.342s][info][gc,phases,start] GC(198) Post Compact
[27.345s][info][gc,phases      ] GC(198) Post Compact 2.929ms
[27.345s][info][gc,heap        ] GC(198) PSYoungGen: 23551K(91648K)->23551K(91648K) Eden: 23551K(23552K)->23551K(23552K) From: 0K(68096K)->0K(68096K)
[27.345s][info][gc,heap        ] GC(198) ParOldGen: 1228524K(1228800K)->1228524K(1228800K)
[27.345s][info][gc,metaspace   ] GC(198) Metaspace: 6299K(6464K)->6299K(6464K) NonClass: 5766K(5824K)->5766K(5824K) Class: 533K(640K)->533K(640K)
[27.345s][info][gc             ] GC(198) Pause Full (Ergonomics) 1222M->1222M(1289M) 372.282ms
[27.345s][info][gc,cpu         ] GC(198) User=2.70s Sys=0.00s Real=0.37s
[27.345s][info][gc,start       ] GC(199) Pause Full (Ergonomics)
[27.345s][info][gc,phases,start] GC(199) Marking Phase
[27.658s][info][gc,phases      ] GC(199) Marking Phase 312.514ms
[27.658s][info][gc,phases,start] GC(199) Summary Phase
[27.658s][info][gc,phases      ] GC(199) Summary Phase 0.046ms
[27.658s][info][gc,phases,start] GC(199) Adjust Roots
[27.658s][info][gc,phases      ] GC(199) Adjust Roots 0.282ms
[27.658s][info][gc,phases,start] GC(199) Compaction Phase
[27.748s][info][gc,phases      ] GC(199) Compaction Phase 89.149ms
[27.748s][info][gc,phases,start] GC(199) Post Compact
[27.751s][info][gc,phases      ] GC(199) Post Compact 3.102ms
[27.751s][info][gc,heap        ] GC(199) PSYoungGen: 23551K(91648K)->23551K(91648K) Eden: 23551K(23552K)->23551K(23552K) From: 0K(68096K)->0K(68096K)
[27.751s][info][gc,heap        ] GC(199) ParOldGen: 1228529K(1228800K)->1228529K(1228800K)
[27.751s][info][gc,metaspace   ] GC(199) Metaspace: 6299K(6464K)->6299K(6464K) NonClass: 5766K(5824K)->5766K(5824K) Class: 533K(640K)->533K(640K)
[27.751s][info][gc             ] GC(199) Pause Full (Ergonomics) 1222M->1222M(1289M) 405.594ms
[27.751s][info][gc,cpu         ] GC(199) User=2.94s Sys=0.00s Real=0.40s
[27.751s][info][gc,start       ] GC(200) Pause Full (Ergonomics)
[27.751s][info][gc,phases,start] GC(200) Marking Phase
[28.076s][info][gc,phases      ] GC(200) Marking Phase 324.771ms
[28.076s][info][gc,phases,start] GC(200) Summary Phase
[28.076s][info][gc,phases      ] GC(200) Summary Phase 0.037ms
[28.076s][info][gc,phases,start] GC(200) Adjust Roots
[28.076s][info][gc,phases      ] GC(200) Adjust Roots 0.214ms
[28.076s][info][gc,phases,start] GC(200) Compaction Phase
[28.165s][info][gc,phases      ] GC(200) Compaction Phase 88.200ms
[28.165s][info][gc,phases,start] GC(200) Post Compact
[28.169s][info][gc,phases      ] GC(200) Post Compact 3.857ms
[28.169s][info][gc,heap        ] GC(200) PSYoungGen: 23551K(91648K)->23551K(91648K) Eden: 23551K(23552K)->23551K(23552K) From: 0K(68096K)->0K(68096K)
[28.169s][info][gc,heap        ] GC(200) ParOldGen: 1228533K(1228800K)->1228533K(1228800K)
[28.169s][info][gc,metaspace   ] GC(200) Metaspace: 6299K(6464K)->6299K(6464K) NonClass: 5766K(5824K)->5766K(5824K) Class: 533K(640K)->533K(640K)
[28.169s][info][gc             ] GC(200) Pause Full (Ergonomics) 1222M->1222M(1289M) 417.555ms
[28.169s][info][gc,cpu         ] GC(200) User=2.91s Sys=0.00s Real=0.42s
[28.169s][info][gc,start       ] GC(201) Pause Full (Ergonomics)
[28.169s][info][gc,phases,start] GC(201) Marking Phase
[28.475s][info][gc,phases      ] GC(201) Marking Phase 305.608ms
[28.475s][info][gc,phases,start] GC(201) Summary Phase
[28.475s][info][gc,phases      ] GC(201) Summary Phase 0.045ms
[28.475s][info][gc,phases,start] GC(201) Adjust Roots
[28.475s][info][gc,phases      ] GC(201) Adjust Roots 0.316ms
[28.475s][info][gc,phases,start] GC(201) Compaction Phase
[28.567s][info][gc,phases      ] GC(201) Compaction Phase 91.793ms
[28.567s][info][gc,phases,start] GC(201) Post Compact
[28.571s][info][gc,phases      ] GC(201) Post Compact 4.133ms
[28.572s][info][gc,heap        ] GC(201) PSYoungGen: 23551K(91648K)->23551K(91648K) Eden: 23551K(23552K)->23551K(23552K) From: 0K(68096K)->0K(68096K)
[28.572s][info][gc,heap        ] GC(201) ParOldGen: 1228538K(1228800K)->1228538K(1228800K)
[28.572s][info][gc,metaspace   ] GC(201) Metaspace: 6299K(6464K)->6299K(6464K) NonClass: 5766K(5824K)->5766K(5824K) Class: 533K(640K)->533K(640K)
[28.572s][info][gc             ] GC(201) Pause Full (Ergonomics) 1222M->1222M(1289M) 402.471ms
[28.572s][info][gc,cpu         ] GC(201) User=2.69s Sys=0.02s Real=0.40s
[28.572s][info][gc,start       ] GC(202) Pause Full (Ergonomics)
[28.572s][info][gc,phases,start] GC(202) Marking Phase
[28.887s][info][gc,phases      ] GC(202) Marking Phase 314.991ms
[28.887s][info][gc,phases,start] GC(202) Summary Phase
[28.887s][info][gc,phases      ] GC(202) Summary Phase 0.055ms
[28.887s][info][gc,phases,start] GC(202) Adjust Roots
[28.887s][info][gc,phases      ] GC(202) Adjust Roots 0.337ms
[28.887s][info][gc,phases,start] GC(202) Compaction Phase
[28.983s][info][gc,phases      ] GC(202) Compaction Phase 95.905ms
[28.983s][info][gc,phases,start] GC(202) Post Compact
[28.987s][info][gc,phases      ] GC(202) Post Compact 3.403ms
[28.987s][info][gc,heap        ] GC(202) PSYoungGen: 23551K(91648K)->23551K(91648K) Eden: 23551K(23552K)->23551K(23552K) From: 0K(68096K)->0K(68096K)
[28.987s][info][gc,heap        ] GC(202) ParOldGen: 1228543K(1228800K)->1228543K(1228800K)
[28.987s][info][gc,metaspace   ] GC(202) Metaspace: 6299K(6464K)->6299K(6464K) NonClass: 5766K(5824K)->5766K(5824K) Class: 533K(640K)->533K(640K)
[28.987s][info][gc             ] GC(202) Pause Full (Ergonomics) 1222M->1222M(1289M) 415.234ms
[28.987s][info][gc,cpu         ] GC(202) User=2.77s Sys=0.02s Real=0.41s
[28.987s][info][gc,start       ] GC(203) Pause Full (Ergonomics)
[28.987s][info][gc,phases,start] GC(203) Marking Phase
[29.298s][info][gc,phases      ] GC(203) Marking Phase 310.716ms
[29.298s][info][gc,phases,start] GC(203) Summary Phase
[29.298s][info][gc,phases      ] GC(203) Summary Phase 0.035ms
[29.298s][info][gc,phases,start] GC(203) Adjust Roots
[29.299s][info][gc,phases      ] GC(203) Adjust Roots 0.350ms
[29.299s][info][gc,phases,start] GC(203) Compaction Phase
[29.401s][info][gc,phases      ] GC(203) Compaction Phase 102.198ms
[29.401s][info][gc,phases,start] GC(203) Post Compact
[29.404s][info][gc,phases      ] GC(203) Post Compact 3.055ms
[29.404s][info][gc,heap        ] GC(203) PSYoungGen: 23551K(91648K)->23551K(91648K) Eden: 23551K(23552K)->23551K(23552K) From: 0K(68096K)->0K(68096K)
[29.404s][info][gc,heap        ] GC(203) ParOldGen: 1228547K(1228800K)->1228547K(1228800K)
[29.404s][info][gc,metaspace   ] GC(203) Metaspace: 6299K(6464K)->6299K(6464K) NonClass: 5766K(5824K)->5766K(5824K) Class: 533K(640K)->533K(640K)
[29.404s][info][gc             ] GC(203) Pause Full (Ergonomics) 1222M->1222M(1289M) 416.881ms
[29.404s][info][gc,cpu         ] GC(203) User=2.77s Sys=0.00s Real=0.42s
[29.404s][info][gc,start       ] GC(204) Pause Full (Ergonomics)
[29.405s][info][gc,phases,start] GC(204) Marking Phase
[29.716s][info][gc,phases      ] GC(204) Marking Phase 311.021ms
[29.716s][info][gc,phases,start] GC(204) Summary Phase
[29.716s][info][gc,phases      ] GC(204) Summary Phase 0.049ms
[29.716s][info][gc,phases,start] GC(204) Adjust Roots
[29.716s][info][gc,phases      ] GC(204) Adjust Roots 0.303ms
[29.716s][info][gc,phases,start] GC(204) Compaction Phase
[29.806s][info][gc,phases      ] GC(204) Compaction Phase 89.966ms
[29.806s][info][gc,phases,start] GC(204) Post Compact
[29.809s][info][gc,phases      ] GC(204) Post Compact 2.532ms
[29.809s][info][gc,heap        ] GC(204) PSYoungGen: 23551K(91648K)->23551K(91648K) Eden: 23551K(23552K)->23551K(23552K) From: 0K(68096K)->0K(68096K)
[29.809s][info][gc,heap        ] GC(204) ParOldGen: 1228552K(1228800K)->1228552K(1228800K)
[29.809s][info][gc,metaspace   ] GC(204) Metaspace: 6299K(6464K)->6299K(6464K) NonClass: 5766K(5824K)->5766K(5824K) Class: 533K(640K)->533K(640K)
[29.809s][info][gc             ] GC(204) Pause Full (Ergonomics) 1222M->1222M(1289M) 404.378ms
[29.809s][info][gc,cpu         ] GC(204) User=2.92s Sys=0.00s Real=0.40s
[29.809s][info][gc,start       ] GC(205) Pause Full (Ergonomics)
[29.809s][info][gc,phases,start] GC(205) Marking Phase
[30.114s][info][gc,phases      ] GC(205) Marking Phase 304.554ms
[30.114s][info][gc,phases,start] GC(205) Summary Phase
[30.114s][info][gc,phases      ] GC(205) Summary Phase 0.037ms
[30.114s][info][gc,phases,start] GC(205) Adjust Roots
[30.114s][info][gc,phases      ] GC(205) Adjust Roots 0.303ms
[30.114s][info][gc,phases,start] GC(205) Compaction Phase
[30.221s][info][gc,phases      ] GC(205) Compaction Phase 107.157ms
[30.221s][info][gc,phases,start] GC(205) Post Compact
[30.225s][info][gc,phases      ] GC(205) Post Compact 3.539ms
[30.225s][info][gc,heap        ] GC(205) PSYoungGen: 23551K(91648K)->23551K(91648K) Eden: 23551K(23552K)->23551K(23552K) From: 0K(68096K)->0K(68096K)
[30.225s][info][gc,heap        ] GC(205) ParOldGen: 1228557K(1228800K)->1228557K(1228800K)
[30.225s][info][gc,metaspace   ] GC(205) Metaspace: 6299K(6464K)->6299K(6464K) NonClass: 5766K(5824K)->5766K(5824K) Class: 533K(640K)->533K(640K)
[30.225s][info][gc             ] GC(205) Pause Full (Ergonomics) 1222M->1222M(1289M) 416.113ms
[30.225s][info][gc,cpu         ] GC(205) User=2.84s Sys=0.02s Real=0.42s
[30.225s][info][gc,start       ] GC(206) Pause Full (Ergonomics)
[30.225s][info][gc,phases,start] GC(206) Marking Phase
[30.549s][info][gc,phases      ] GC(206) Marking Phase 323.479ms
[30.549s][info][gc,phases,start] GC(206) Summary Phase
[30.549s][info][gc,phases      ] GC(206) Summary Phase 0.051ms
[30.549s][info][gc,phases,start] GC(206) Adjust Roots
[30.549s][info][gc,phases      ] GC(206) Adjust Roots 0.337ms
[30.550s][info][gc,phases,start] GC(206) Compaction Phase
[30.637s][info][gc,phases      ] GC(206) Compaction Phase 87.224ms
[30.637s][info][gc,phases,start] GC(206) Post Compact
[30.640s][info][gc,phases      ] GC(206) Post Compact 3.104ms
[30.640s][info][gc,heap        ] GC(206) PSYoungGen: 23551K(91648K)->23551K(91648K) Eden: 23551K(23552K)->23551K(23552K) From: 0K(68096K)->0K(68096K)
[30.640s][info][gc,heap        ] GC(206) ParOldGen: 1228561K(1228800K)->1228561K(1228800K)
[30.640s][info][gc,metaspace   ] GC(206) Metaspace: 6299K(6464K)->6299K(6464K) NonClass: 5766K(5824K)->5766K(5824K) Class: 533K(640K)->533K(640K)
[30.640s][info][gc             ] GC(206) Pause Full (Ergonomics) 1222M->1222M(1289M) 414.680ms
[30.640s][info][gc,cpu         ] GC(206) User=2.73s Sys=0.00s Real=0.41s
[30.640s][info][gc,start       ] GC(207) Pause Full (Ergonomics)
[30.640s][info][gc,phases,start] GC(207) Marking Phase
[30.964s][info][gc,phases      ] GC(207) Marking Phase 323.143ms
[30.964s][info][gc,phases,start] GC(207) Summary Phase
[30.964s][info][gc,phases      ] GC(207) Summary Phase 0.026ms
[30.964s][info][gc,phases,start] GC(207) Adjust Roots
[30.964s][info][gc,phases      ] GC(207) Adjust Roots 0.199ms
[30.964s][info][gc,phases,start] GC(207) Compaction Phase
[31.056s][info][gc,phases      ] GC(207) Compaction Phase 91.905ms
[31.056s][info][gc,phases,start] GC(207) Post Compact
[31.059s][info][gc,phases      ] GC(207) Post Compact 2.618ms
[31.059s][info][gc,heap        ] GC(207) PSYoungGen: 23551K(91648K)->23551K(91648K) Eden: 23551K(23552K)->23551K(23552K) From: 0K(68096K)->0K(68096K)
[31.059s][info][gc,heap        ] GC(207) ParOldGen: 1228566K(1228800K)->1228566K(1228800K)
[31.059s][info][gc,metaspace   ] GC(207) Metaspace: 6299K(6464K)->6299K(6464K) NonClass: 5766K(5824K)->5766K(5824K) Class: 533K(640K)->533K(640K)
[31.059s][info][gc             ] GC(207) Pause Full (Ergonomics) 1222M->1222M(1289M) 418.333ms
[31.059s][info][gc,cpu         ] GC(207) User=3.00s Sys=0.00s Real=0.42s
[31.059s][info][gc,start       ] GC(208) Pause Full (Ergonomics)
[31.059s][info][gc,phases,start] GC(208) Marking Phase
[31.382s][info][gc,phases      ] GC(208) Marking Phase 322.560ms
[31.382s][info][gc,phases,start] GC(208) Summary Phase
[31.382s][info][gc,phases      ] GC(208) Summary Phase 0.089ms
[31.382s][info][gc,phases,start] GC(208) Adjust Roots
[31.382s][info][gc,phases      ] GC(208) Adjust Roots 0.430ms
[31.382s][info][gc,phases,start] GC(208) Compaction Phase
[31.483s][info][gc,phases      ] GC(208) Compaction Phase 100.366ms
[31.483s][info][gc,phases,start] GC(208) Post Compact
[31.486s][info][gc,phases      ] GC(208) Post Compact 3.280ms
[31.486s][info][gc,heap        ] GC(208) PSYoungGen: 23551K(91648K)->23551K(91648K) Eden: 23551K(23552K)->23551K(23552K) From: 0K(68096K)->0K(68096K)
[31.486s][info][gc,heap        ] GC(208) ParOldGen: 1228571K(1228800K)->1228571K(1228800K)
[31.486s][info][gc,metaspace   ] GC(208) Metaspace: 6299K(6464K)->6299K(6464K) NonClass: 5766K(5824K)->5766K(5824K) Class: 533K(640K)->533K(640K)
[31.486s][info][gc             ] GC(208) Pause Full (Ergonomics) 1222M->1222M(1289M) 427.376ms
[31.486s][info][gc,cpu         ] GC(208) User=2.77s Sys=0.00s Real=0.43s
[31.487s][info][gc,start       ] GC(209) Pause Full (Ergonomics)
[31.487s][info][gc,phases,start] GC(209) Marking Phase
[31.785s][info][gc,phases      ] GC(209) Marking Phase 298.318ms
[31.785s][info][gc,phases,start] GC(209) Summary Phase
[31.785s][info][gc,phases      ] GC(209) Summary Phase 0.038ms
[31.785s][info][gc,phases,start] GC(209) Adjust Roots
[31.785s][info][gc,phases      ] GC(209) Adjust Roots 0.266ms
[31.785s][info][gc,phases,start] GC(209) Compaction Phase
[31.877s][info][gc,phases      ] GC(209) Compaction Phase 91.814ms
[31.877s][info][gc,phases,start] GC(209) Post Compact
[31.881s][info][gc,phases      ] GC(209) Post Compact 3.442ms
[31.881s][info][gc,heap        ] GC(209) PSYoungGen: 23551K(91648K)->23551K(91648K) Eden: 23551K(23552K)->23551K(23552K) From: 0K(68096K)->0K(68096K)
[31.881s][info][gc,heap        ] GC(209) ParOldGen: 1228575K(1228800K)->1228575K(1228800K)
[31.881s][info][gc,metaspace   ] GC(209) Metaspace: 6299K(6464K)->6299K(6464K) NonClass: 5766K(5824K)->5766K(5824K) Class: 533K(640K)->533K(640K)
[31.881s][info][gc             ] GC(209) Pause Full (Ergonomics) 1222M->1222M(1289M) 394.468ms
[31.881s][info][gc,cpu         ] GC(209) User=2.89s Sys=0.00s Real=0.39s
[31.881s][info][gc,start       ] GC(210) Pause Full (Ergonomics)
[31.881s][info][gc,phases,start] GC(210) Marking Phase
[32.190s][info][gc,phases      ] GC(210) Marking Phase 308.528ms
[32.190s][info][gc,phases,start] GC(210) Summary Phase
[32.190s][info][gc,phases      ] GC(210) Summary Phase 0.042ms
[32.190s][info][gc,phases,start] GC(210) Adjust Roots
[32.190s][info][gc,phases      ] GC(210) Adjust Roots 0.257ms
[32.190s][info][gc,phases,start] GC(210) Compaction Phase
[32.287s][info][gc,phases      ] GC(210) Compaction Phase 96.223ms
[32.287s][info][gc,phases,start] GC(210) Post Compact
[32.289s][info][gc,phases      ] GC(210) Post Compact 2.330ms
[32.289s][info][gc,heap        ] GC(210) PSYoungGen: 23551K(91648K)->23551K(91648K) Eden: 23551K(23552K)->23551K(23552K) From: 0K(68096K)->0K(68096K)
[32.289s][info][gc,heap        ] GC(210) ParOldGen: 1228580K(1228800K)->1228580K(1228800K)
[32.289s][info][gc,metaspace   ] GC(210) Metaspace: 6299K(6464K)->6299K(6464K) NonClass: 5766K(5824K)->5766K(5824K) Class: 533K(640K)->533K(640K)
[32.289s][info][gc             ] GC(210) Pause Full (Ergonomics) 1222M->1222M(1289M) 407.780ms
[32.289s][info][gc,cpu         ] GC(210) User=2.83s Sys=0.00s Real=0.41s
[32.289s][info][gc,start       ] GC(211) Pause Full (Ergonomics)
[32.289s][info][gc,phases,start] GC(211) Marking Phase
[32.598s][info][gc,phases      ] GC(211) Marking Phase 308.083ms
[32.598s][info][gc,phases,start] GC(211) Summary Phase
[32.598s][info][gc,phases      ] GC(211) Summary Phase 0.028ms
[32.598s][info][gc,phases,start] GC(211) Adjust Roots
[32.598s][info][gc,phases      ] GC(211) Adjust Roots 0.211ms
[32.598s][info][gc,phases,start] GC(211) Compaction Phase
[32.694s][info][gc,phases      ] GC(211) Compaction Phase 95.999ms
[32.694s][info][gc,phases,start] GC(211) Post Compact
[32.698s][info][gc,phases      ] GC(211) Post Compact 3.623ms
[32.698s][info][gc,heap        ] GC(211) PSYoungGen: 23551K(91648K)->23551K(91648K) Eden: 23551K(23552K)->23551K(23552K) From: 0K(68096K)->0K(68096K)
[32.698s][info][gc,heap        ] GC(211) ParOldGen: 1228585K(1228800K)->1228585K(1228800K)
[32.698s][info][gc,metaspace   ] GC(211) Metaspace: 6299K(6464K)->6299K(6464K) NonClass: 5766K(5824K)->5766K(5824K) Class: 533K(640K)->533K(640K)
[32.698s][info][gc             ] GC(211) Pause Full (Ergonomics) 1222M->1222M(1289M) 408.525ms
[32.698s][info][gc,cpu         ] GC(211) User=2.67s Sys=0.02s Real=0.41s
[32.698s][info][gc,start       ] GC(212) Pause Full (Ergonomics)
[32.698s][info][gc,phases,start] GC(212) Marking Phase
[33.018s][info][gc,phases      ] GC(212) Marking Phase 319.856ms
[33.018s][info][gc,phases,start] GC(212) Summary Phase
[33.018s][info][gc,phases      ] GC(212) Summary Phase 0.033ms
[33.018s][info][gc,phases,start] GC(212) Adjust Roots
[33.018s][info][gc,phases      ] GC(212) Adjust Roots 0.208ms
[33.019s][info][gc,phases,start] GC(212) Compaction Phase
[33.109s][info][gc,phases      ] GC(212) Compaction Phase 90.191ms
[33.109s][info][gc,phases,start] GC(212) Post Compact
[33.112s][info][gc,phases      ] GC(212) Post Compact 2.703ms
[33.112s][info][gc,heap        ] GC(212) PSYoungGen: 23551K(91648K)->23551K(91648K) Eden: 23551K(23552K)->23551K(23552K) From: 0K(68096K)->0K(68096K)
[33.112s][info][gc,heap        ] GC(212) ParOldGen: 1228589K(1228800K)->1228589K(1228800K)
[33.112s][info][gc,metaspace   ] GC(212) Metaspace: 6299K(6464K)->6299K(6464K) NonClass: 5766K(5824K)->5766K(5824K) Class: 533K(640K)->533K(640K)
[33.112s][info][gc             ] GC(212) Pause Full (Ergonomics) 1222M->1222M(1289M) 413.451ms
[33.112s][info][gc,cpu         ] GC(212) User=2.86s Sys=0.00s Real=0.41s
[33.112s][info][gc,start       ] GC(213) Pause Full (Ergonomics)
[33.112s][info][gc,phases,start] GC(213) Marking Phase
[33.411s][info][gc,phases      ] GC(213) Marking Phase 298.696ms
[33.411s][info][gc,phases,start] GC(213) Summary Phase
[33.411s][info][gc,phases      ] GC(213) Summary Phase 0.029ms
[33.411s][info][gc,phases,start] GC(213) Adjust Roots
[33.411s][info][gc,phases      ] GC(213) Adjust Roots 0.278ms
[33.411s][info][gc,phases,start] GC(213) Compaction Phase
[33.506s][info][gc,phases      ] GC(213) Compaction Phase 94.674ms
[33.506s][info][gc,phases,start] GC(213) Post Compact
[33.509s][info][gc,phases      ] GC(213) Post Compact 2.919ms
[33.509s][info][gc,heap        ] GC(213) PSYoungGen: 23551K(91648K)->23551K(91648K) Eden: 23551K(23552K)->23551K(23552K) From: 0K(68096K)->0K(68096K)
[33.509s][info][gc,heap        ] GC(213) ParOldGen: 1228594K(1228800K)->1228594K(1228800K)
[33.509s][info][gc,metaspace   ] GC(213) Metaspace: 6299K(6464K)->6299K(6464K) NonClass: 5766K(5824K)->5766K(5824K) Class: 533K(640K)->533K(640K)
[33.509s][info][gc             ] GC(213) Pause Full (Ergonomics) 1222M->1222M(1289M) 397.022ms
[33.509s][info][gc,cpu         ] GC(213) User=2.72s Sys=0.00s Real=0.40s
[33.509s][info][gc,start       ] GC(214) Pause Full (Ergonomics)
[33.509s][info][gc,phases,start] GC(214) Marking Phase
[33.822s][info][gc,phases      ] GC(214) Marking Phase 312.284ms
[33.822s][info][gc,phases,start] GC(214) Summary Phase
[33.822s][info][gc,phases      ] GC(214) Summary Phase 0.025ms
[33.822s][info][gc,phases,start] GC(214) Adjust Roots
[33.822s][info][gc,phases      ] GC(214) Adjust Roots 0.201ms
[33.822s][info][gc,phases,start] GC(214) Compaction Phase
[33.912s][info][gc,phases      ] GC(214) Compaction Phase 90.008ms
[33.912s][info][gc,phases,start] GC(214) Post Compact
[33.914s][info][gc,phases      ] GC(214) Post Compact 2.016ms
[33.914s][info][gc,heap        ] GC(214) PSYoungGen: 23551K(91648K)->23551K(91648K) Eden: 23551K(23552K)->23551K(23552K) From: 0K(68096K)->0K(68096K)
[33.914s][info][gc,heap        ] GC(214) ParOldGen: 1228599K(1228800K)->1228599K(1228800K)
[33.914s][info][gc,metaspace   ] GC(214) Metaspace: 6299K(6464K)->6299K(6464K) NonClass: 5766K(5824K)->5766K(5824K) Class: 533K(640K)->533K(640K)
[33.914s][info][gc             ] GC(214) Pause Full (Ergonomics) 1222M->1222M(1289M) 404.964ms
[33.914s][info][gc,cpu         ] GC(214) User=2.70s Sys=0.00s Real=0.40s
[33.914s][info][gc,start       ] GC(215) Pause Full (Ergonomics)
[33.914s][info][gc,phases,start] GC(215) Marking Phase
[34.240s][info][gc,phases      ] GC(215) Marking Phase 325.799ms
[34.240s][info][gc,phases,start] GC(215) Summary Phase
[34.240s][info][gc,phases      ] GC(215) Summary Phase 0.028ms
[34.240s][info][gc,phases,start] GC(215) Adjust Roots
[34.241s][info][gc,phases      ] GC(215) Adjust Roots 0.197ms
[34.241s][info][gc,phases,start] GC(215) Compaction Phase
[34.343s][info][gc,phases      ] GC(215) Compaction Phase 101.935ms
[34.343s][info][gc,phases,start] GC(215) Post Compact
[34.345s][info][gc,phases      ] GC(215) Post Compact 2.606ms
[34.345s][info][gc,heap        ] GC(215) PSYoungGen: 23551K(91648K)->23551K(91648K) Eden: 23551K(23552K)->23551K(23552K) From: 0K(68096K)->0K(68096K)
[34.345s][info][gc,heap        ] GC(215) ParOldGen: 1228603K(1228800K)->1228603K(1228800K)
[34.345s][info][gc,metaspace   ] GC(215) Metaspace: 6299K(6464K)->6299K(6464K) NonClass: 5766K(5824K)->5766K(5824K) Class: 533K(640K)->533K(640K)
[34.345s][info][gc             ] GC(215) Pause Full (Ergonomics) 1222M->1222M(1289M) 431.018ms
[34.345s][info][gc,cpu         ] GC(215) User=2.78s Sys=0.00s Real=0.43s
[34.346s][info][gc,start       ] GC(216) Pause Full (Ergonomics)
[34.346s][info][gc,phases,start] GC(216) Marking Phase
[34.656s][info][gc,phases      ] GC(216) Marking Phase 310.072ms
[34.656s][info][gc,phases,start] GC(216) Summary Phase
[34.656s][info][gc,phases      ] GC(216) Summary Phase 0.025ms
[34.656s][info][gc,phases,start] GC(216) Adjust Roots
[34.656s][info][gc,phases      ] GC(216) Adjust Roots 0.203ms
[34.656s][info][gc,phases,start] GC(216) Compaction Phase
[34.753s][info][gc,phases      ] GC(216) Compaction Phase 97.084ms
[34.753s][info][gc,phases,start] GC(216) Post Compact
[34.756s][info][gc,phases      ] GC(216) Post Compact 2.658ms
[34.756s][info][gc,heap        ] GC(216) PSYoungGen: 23551K(91648K)->23551K(91648K) Eden: 23551K(23552K)->23551K(23552K) From: 0K(68096K)->0K(68096K)
[34.756s][info][gc,heap        ] GC(216) ParOldGen: 1228608K(1228800K)->1228608K(1228800K)
[34.756s][info][gc,metaspace   ] GC(216) Metaspace: 6299K(6464K)->6299K(6464K) NonClass: 5766K(5824K)->5766K(5824K) Class: 533K(640K)->533K(640K)
[34.756s][info][gc             ] GC(216) Pause Full (Ergonomics) 1222M->1222M(1289M) 410.407ms
[34.756s][info][gc,cpu         ] GC(216) User=2.95s Sys=0.00s Real=0.41s
[34.756s][info][gc,start       ] GC(217) Pause Full (Ergonomics)
[34.756s][info][gc,phases,start] GC(217) Marking Phase
[35.065s][info][gc,phases      ] GC(217) Marking Phase 308.493ms
[35.065s][info][gc,phases,start] GC(217) Summary Phase
[35.065s][info][gc,phases      ] GC(217) Summary Phase 0.046ms
[35.065s][info][gc,phases,start] GC(217) Adjust Roots
[35.065s][info][gc,phases      ] GC(217) Adjust Roots 0.238ms
[35.065s][info][gc,phases,start] GC(217) Compaction Phase
[35.158s][info][gc,phases      ] GC(217) Compaction Phase 92.982ms
[35.158s][info][gc,phases,start] GC(217) Post Compact
[35.161s][info][gc,phases      ] GC(217) Post Compact 2.626ms
[35.161s][info][gc,heap        ] GC(217) PSYoungGen: 23551K(91648K)->23551K(91648K) Eden: 23551K(23552K)->23551K(23552K) From: 0K(68096K)->0K(68096K)
[35.161s][info][gc,heap        ] GC(217) ParOldGen: 1228613K(1228800K)->1228613K(1228800K)
[35.161s][info][gc,metaspace   ] GC(217) Metaspace: 6299K(6464K)->6299K(6464K) NonClass: 5766K(5824K)->5766K(5824K) Class: 533K(640K)->533K(640K)
[35.161s][info][gc             ] GC(217) Pause Full (Ergonomics) 1222M->1222M(1289M) 404.800ms
[35.161s][info][gc,cpu         ] GC(217) User=2.94s Sys=0.00s Real=0.40s
[35.161s][info][gc,start       ] GC(218) Pause Full (Ergonomics)
[35.161s][info][gc,phases,start] GC(218) Marking Phase
[35.461s][info][gc,phases      ] GC(218) Marking Phase 299.382ms
[35.461s][info][gc,phases,start] GC(218) Summary Phase
[35.461s][info][gc,phases      ] GC(218) Summary Phase 0.041ms
[35.461s][info][gc,phases,start] GC(218) Adjust Roots
[35.461s][info][gc,phases      ] GC(218) Adjust Roots 0.263ms
[35.461s][info][gc,phases,start] GC(218) Compaction Phase
[35.554s][info][gc,phases      ] GC(218) Compaction Phase 93.020ms
[35.554s][info][gc,phases,start] GC(218) Post Compact
[35.558s][info][gc,phases      ] GC(218) Post Compact 3.098ms
[35.558s][info][gc,heap        ] GC(218) PSYoungGen: 23551K(91648K)->23551K(91648K) Eden: 23551K(23552K)->23551K(23552K) From: 0K(68096K)->0K(68096K)
[35.558s][info][gc,heap        ] GC(218) ParOldGen: 1228617K(1228800K)->1228617K(1228800K)
[35.558s][info][gc,metaspace   ] GC(218) Metaspace: 6299K(6464K)->6299K(6464K) NonClass: 5766K(5824K)->5766K(5824K) Class: 533K(640K)->533K(640K)
[35.558s][info][gc             ] GC(218) Pause Full (Ergonomics) 1222M->1222M(1289M) 396.314ms
[35.558s][info][gc,cpu         ] GC(218) User=2.67s Sys=0.00s Real=0.40s
[35.558s][info][gc,start       ] GC(219) Pause Full (Ergonomics)
[35.558s][info][gc,phases,start] GC(219) Marking Phase
[35.883s][info][gc,phases      ] GC(219) Marking Phase 325.349ms
[35.883s][info][gc,phases,start] GC(219) Summary Phase
[35.883s][info][gc,phases      ] GC(219) Summary Phase 0.026ms
[35.883s][info][gc,phases,start] GC(219) Adjust Roots
[35.884s][info][gc,phases      ] GC(219) Adjust Roots 0.171ms
[35.884s][info][gc,phases,start] GC(219) Compaction Phase
[35.984s][info][gc,phases      ] GC(219) Compaction Phase 100.116ms
[35.984s][info][gc,phases,start] GC(219) Post Compact
[35.986s][info][gc,phases      ] GC(219) Post Compact 2.032ms
[35.986s][info][gc,heap        ] GC(219) PSYoungGen: 23551K(91648K)->23551K(91648K) Eden: 23551K(23552K)->23551K(23552K) From: 0K(68096K)->0K(68096K)
[35.986s][info][gc,heap        ] GC(219) ParOldGen: 1228622K(1228800K)->1228622K(1228800K)
[35.986s][info][gc,metaspace   ] GC(219) Metaspace: 6299K(6464K)->6299K(6464K) NonClass: 5766K(5824K)->5766K(5824K) Class: 533K(640K)->533K(640K)
[35.986s][info][gc             ] GC(219) Pause Full (Ergonomics) 1222M->1222M(1289M) 428.022ms
[35.986s][info][gc,cpu         ] GC(219) User=2.81s Sys=0.03s Real=0.43s
[35.986s][info][gc,start       ] GC(220) Pause Full (Ergonomics)
[35.986s][info][gc,phases,start] GC(220) Marking Phase
[36.291s][info][gc,phases      ] GC(220) Marking Phase 304.903ms
[36.291s][info][gc,phases,start] GC(220) Summary Phase
[36.291s][info][gc,phases      ] GC(220) Summary Phase 0.028ms
[36.291s][info][gc,phases,start] GC(220) Adjust Roots
[36.292s][info][gc,phases      ] GC(220) Adjust Roots 0.195ms
[36.292s][info][gc,phases,start] GC(220) Compaction Phase
[36.387s][info][gc,phases      ] GC(220) Compaction Phase 95.816ms
[36.387s][info][gc,phases,start] GC(220) Post Compact
[36.390s][info][gc,phases      ] GC(220) Post Compact 2.252ms
[36.390s][info][gc,heap        ] GC(220) PSYoungGen: 23551K(91648K)->23551K(91648K) Eden: 23551K(23552K)->23551K(23552K) From: 0K(68096K)->0K(68096K)
[36.390s][info][gc,heap        ] GC(220) ParOldGen: 1228627K(1228800K)->1228627K(1228800K)
[36.390s][info][gc,metaspace   ] GC(220) Metaspace: 6299K(6464K)->6299K(6464K) NonClass: 5766K(5824K)->5766K(5824K) Class: 533K(640K)->533K(640K)
[36.390s][info][gc             ] GC(220) Pause Full (Ergonomics) 1222M->1222M(1289M) 403.561ms
[36.390s][info][gc,cpu         ] GC(220) User=3.05s Sys=0.00s Real=0.40s
[36.390s][info][gc,start       ] GC(221) Pause Full (Ergonomics)
[36.390s][info][gc,phases,start] GC(221) Marking Phase
[36.709s][info][gc,phases      ] GC(221) Marking Phase 319.199ms
[36.709s][info][gc,phases,start] GC(221) Summary Phase
[36.709s][info][gc,phases      ] GC(221) Summary Phase 0.027ms
[36.709s][info][gc,phases,start] GC(221) Adjust Roots
[36.710s][info][gc,phases      ] GC(221) Adjust Roots 0.239ms
[36.710s][info][gc,phases,start] GC(221) Compaction Phase
[36.802s][info][gc,phases      ] GC(221) Compaction Phase 91.961ms
[36.802s][info][gc,phases,start] GC(221) Post Compact
[36.805s][info][gc,phases      ] GC(221) Post Compact 3.074ms
[36.805s][info][gc,heap        ] GC(221) PSYoungGen: 23551K(91648K)->23551K(91648K) Eden: 23551K(23552K)->23551K(23552K) From: 0K(68096K)->0K(68096K)
[36.805s][info][gc,heap        ] GC(221) ParOldGen: 1228631K(1228800K)->1228631K(1228800K)
[36.805s][info][gc,metaspace   ] GC(221) Metaspace: 6299K(6464K)->6299K(6464K) NonClass: 5766K(5824K)->5766K(5824K) Class: 533K(640K)->533K(640K)
[36.805s][info][gc             ] GC(221) Pause Full (Ergonomics) 1222M->1222M(1289M) 414.858ms
[36.805s][info][gc,cpu         ] GC(221) User=2.91s Sys=0.00s Real=0.41s
[36.805s][info][gc,start       ] GC(222) Pause Full (Ergonomics)
[36.805s][info][gc,phases,start] GC(222) Marking Phase
[37.117s][info][gc,phases      ] GC(222) Marking Phase 311.870ms
[37.117s][info][gc,phases,start] GC(222) Summary Phase
[37.117s][info][gc,phases      ] GC(222) Summary Phase 0.051ms
[37.117s][info][gc,phases,start] GC(222) Adjust Roots
[37.118s][info][gc,phases      ] GC(222) Adjust Roots 0.309ms
[37.118s][info][gc,phases,start] GC(222) Compaction Phase
[37.213s][info][gc,phases      ] GC(222) Compaction Phase 95.591ms
[37.213s][info][gc,phases,start] GC(222) Post Compact
[37.216s][info][gc,phases      ] GC(222) Post Compact 3.026ms
[37.217s][info][gc,heap        ] GC(222) PSYoungGen: 23551K(91648K)->23551K(91648K) Eden: 23551K(23552K)->23551K(23552K) From: 0K(68096K)->0K(68096K)
[37.217s][info][gc,heap        ] GC(222) ParOldGen: 1228636K(1228800K)->1228636K(1228800K)
[37.217s][info][gc,metaspace   ] GC(222) Metaspace: 6299K(6464K)->6299K(6464K) NonClass: 5766K(5824K)->5766K(5824K) Class: 533K(640K)->533K(640K)
[37.217s][info][gc             ] GC(222) Pause Full (Ergonomics) 1222M->1222M(1289M) 411.338ms
[37.217s][info][gc,cpu         ] GC(222) User=2.91s Sys=0.00s Real=0.41s
[37.217s][info][gc,start       ] GC(223) Pause Full (Ergonomics)
[37.217s][info][gc,phases,start] GC(223) Marking Phase
[37.535s][info][gc,phases      ] GC(223) Marking Phase 318.446ms
[37.535s][info][gc,phases,start] GC(223) Summary Phase
[37.536s][info][gc,phases      ] GC(223) Summary Phase 0.063ms
[37.536s][info][gc,phases,start] GC(223) Adjust Roots
[37.536s][info][gc,phases      ] GC(223) Adjust Roots 0.405ms
[37.536s][info][gc,phases,start] GC(223) Compaction Phase
[37.631s][info][gc,phases      ] GC(223) Compaction Phase 94.860ms
[37.631s][info][gc,phases,start] GC(223) Post Compact
[37.634s][info][gc,phases      ] GC(223) Post Compact 3.012ms
[37.634s][info][gc,heap        ] GC(223) PSYoungGen: 23551K(91648K)->23551K(91648K) Eden: 23551K(23552K)->23551K(23552K) From: 0K(68096K)->0K(68096K)
[37.634s][info][gc,heap        ] GC(223) ParOldGen: 1228641K(1228800K)->1228641K(1228800K)
[37.634s][info][gc,metaspace   ] GC(223) Metaspace: 6299K(6464K)->6299K(6464K) NonClass: 5766K(5824K)->5766K(5824K) Class: 533K(640K)->533K(640K)
[37.634s][info][gc             ] GC(223) Pause Full (Ergonomics) 1222M->1222M(1289M) 417.340ms
[37.634s][info][gc,cpu         ] GC(223) User=2.95s Sys=0.00s Real=0.42s
[37.635s][info][gc,start       ] GC(224) Pause Full (Ergonomics)
[37.635s][info][gc,phases,start] GC(224) Marking Phase
[37.942s][info][gc,phases      ] GC(224) Marking Phase 307.350ms
[37.942s][info][gc,phases,start] GC(224) Summary Phase
[37.942s][info][gc,phases      ] GC(224) Summary Phase 0.049ms
[37.942s][info][gc,phases,start] GC(224) Adjust Roots
[37.942s][info][gc,phases      ] GC(224) Adjust Roots 0.279ms
[37.942s][info][gc,phases,start] GC(224) Compaction Phase
[38.039s][info][gc,phases      ] GC(224) Compaction Phase 96.727ms
[38.039s][info][gc,phases,start] GC(224) Post Compact
[38.042s][info][gc,phases      ] GC(224) Post Compact 3.161ms
[38.042s][info][gc,heap        ] GC(224) PSYoungGen: 23551K(91648K)->23551K(91648K) Eden: 23551K(23552K)->23551K(23552K) From: 0K(68096K)->0K(68096K)
[38.043s][info][gc,heap        ] GC(224) ParOldGen: 1228645K(1228800K)->1228645K(1228800K)
[38.043s][info][gc,metaspace   ] GC(224) Metaspace: 6299K(6464K)->6299K(6464K) NonClass: 5766K(5824K)->5766K(5824K) Class: 533K(640K)->533K(640K)
[38.043s][info][gc             ] GC(224) Pause Full (Ergonomics) 1222M->1222M(1289M) 408.026ms
[38.043s][info][gc,cpu         ] GC(224) User=2.78s Sys=0.00s Real=0.41s
[38.043s][info][gc,start       ] GC(225) Pause Full (Ergonomics)
[38.043s][info][gc,phases,start] GC(225) Marking Phase
[38.351s][info][gc,phases      ] GC(225) Marking Phase 307.962ms
[38.351s][info][gc,phases,start] GC(225) Summary Phase
[38.351s][info][gc,phases      ] GC(225) Summary Phase 0.026ms
[38.351s][info][gc,phases,start] GC(225) Adjust Roots
[38.351s][info][gc,phases      ] GC(225) Adjust Roots 0.165ms
[38.351s][info][gc,phases,start] GC(225) Compaction Phase
[38.441s][info][gc,phases      ] GC(225) Compaction Phase 89.564ms
[38.441s][info][gc,phases,start] GC(225) Post Compact
[38.445s][info][gc,phases      ] GC(225) Post Compact 3.796ms
[38.445s][info][gc,heap        ] GC(225) PSYoungGen: 23551K(91648K)->23551K(91648K) Eden: 23551K(23552K)->23551K(23552K) From: 0K(68096K)->0K(68096K)
[38.445s][info][gc,heap        ] GC(225) ParOldGen: 1228650K(1228800K)->1228650K(1228800K)
[38.445s][info][gc,metaspace   ] GC(225) Metaspace: 6299K(6464K)->6299K(6464K) NonClass: 5766K(5824K)->5766K(5824K) Class: 533K(640K)->533K(640K)
[38.445s][info][gc             ] GC(225) Pause Full (Ergonomics) 1222M->1222M(1289M) 401.979ms
[38.445s][info][gc,cpu         ] GC(225) User=2.83s Sys=0.02s Real=0.40s
[38.445s][info][gc,start       ] GC(226) Pause Full (Ergonomics)
[38.445s][info][gc,phases,start] GC(226) Marking Phase
[38.761s][info][gc,phases      ] GC(226) Marking Phase 315.784ms
[38.761s][info][gc,phases,start] GC(226) Summary Phase
[38.761s][info][gc,phases      ] GC(226) Summary Phase 0.044ms
[38.761s][info][gc,phases,start] GC(226) Adjust Roots
[38.761s][info][gc,phases      ] GC(226) Adjust Roots 0.283ms
[38.761s][info][gc,phases,start] GC(226) Compaction Phase
[38.856s][info][gc,phases      ] GC(226) Compaction Phase 94.872ms
[38.856s][info][gc,phases,start] GC(226) Post Compact
[38.859s][info][gc,phases      ] GC(226) Post Compact 2.959ms
[38.860s][info][gc,heap        ] GC(226) PSYoungGen: 23551K(91648K)->23551K(91648K) Eden: 23551K(23552K)->23551K(23552K) From: 0K(68096K)->0K(68096K)
[38.860s][info][gc,heap        ] GC(226) ParOldGen: 1228655K(1228800K)->1228655K(1228800K)
[38.860s][info][gc,metaspace   ] GC(226) Metaspace: 6299K(6464K)->6299K(6464K) NonClass: 5766K(5824K)->5766K(5824K) Class: 533K(640K)->533K(640K)
[38.860s][info][gc             ] GC(226) Pause Full (Ergonomics) 1222M->1222M(1289M) 414.516ms
[38.860s][info][gc,cpu         ] GC(226) User=2.89s Sys=0.00s Real=0.41s
[38.860s][info][gc,start       ] GC(227) Pause Full (Ergonomics)
[38.860s][info][gc,phases,start] GC(227) Marking Phase
[39.161s][info][gc,phases      ] GC(227) Marking Phase 301.345ms
[39.161s][info][gc,phases,start] GC(227) Summary Phase
[39.161s][info][gc,phases      ] GC(227) Summary Phase 0.037ms
[39.161s][info][gc,phases,start] GC(227) Adjust Roots
[39.162s][info][gc,phases      ] GC(227) Adjust Roots 0.271ms
[39.162s][info][gc,phases,start] GC(227) Compaction Phase
[39.255s][info][gc,phases      ] GC(227) Compaction Phase 93.480ms
[39.255s][info][gc,phases,start] GC(227) Post Compact
[39.258s][info][gc,phases      ] GC(227) Post Compact 2.642ms
[39.258s][info][gc,heap        ] GC(227) PSYoungGen: 23551K(91648K)->23551K(91648K) Eden: 23551K(23552K)->23551K(23552K) From: 0K(68096K)->0K(68096K)
[39.258s][info][gc,heap        ] GC(227) ParOldGen: 1228659K(1228800K)->1228659K(1228800K)
[39.258s][info][gc,metaspace   ] GC(227) Metaspace: 6299K(6464K)->6299K(6464K) NonClass: 5766K(5824K)->5766K(5824K) Class: 533K(640K)->533K(640K)
[39.258s][info][gc             ] GC(227) Pause Full (Ergonomics) 1222M->1222M(1289M) 398.260ms
[39.258s][info][gc,cpu         ] GC(227) User=2.98s Sys=0.00s Real=0.40s
[39.258s][info][gc,start       ] GC(228) Pause Full (Ergonomics)
[39.259s][info][gc,phases,start] GC(228) Marking Phase
[39.563s][info][gc,phases      ] GC(228) Marking Phase 304.190ms
[39.563s][info][gc,phases,start] GC(228) Summary Phase
[39.563s][info][gc,phases      ] GC(228) Summary Phase 0.039ms
[39.563s][info][gc,phases,start] GC(228) Adjust Roots
[39.563s][info][gc,phases      ] GC(228) Adjust Roots 0.221ms
[39.563s][info][gc,phases,start] GC(228) Compaction Phase
[39.660s][info][gc,phases      ] GC(228) Compaction Phase 97.401ms
[39.661s][info][gc,phases,start] GC(228) Post Compact
[39.664s][info][gc,phases      ] GC(228) Post Compact 3.760ms
[39.665s][info][gc,heap        ] GC(228) PSYoungGen: 23551K(91648K)->23551K(91648K) Eden: 23551K(23552K)->23551K(23552K) From: 0K(68096K)->0K(68096K)
[39.665s][info][gc,heap        ] GC(228) ParOldGen: 1228664K(1228800K)->1228664K(1228800K)
[39.665s][info][gc,metaspace   ] GC(228) Metaspace: 6299K(6464K)->6299K(6464K) NonClass: 5766K(5824K)->5766K(5824K) Class: 533K(640K)->533K(640K)
[39.665s][info][gc             ] GC(228) Pause Full (Ergonomics) 1222M->1222M(1289M) 406.117ms
[39.665s][info][gc,cpu         ] GC(228) User=2.94s Sys=0.00s Real=0.41s
[39.665s][info][gc,start       ] GC(229) Pause Full (Ergonomics)
[39.665s][info][gc,phases,start] GC(229) Marking Phase
[39.959s][info][gc,phases      ] GC(229) Marking Phase 293.901ms
[39.959s][info][gc,phases,start] GC(229) Summary Phase
[39.959s][info][gc,phases      ] GC(229) Summary Phase 0.049ms
[39.959s][info][gc,phases,start] GC(229) Adjust Roots
[39.959s][info][gc,phases      ] GC(229) Adjust Roots 0.350ms
[39.959s][info][gc,phases,start] GC(229) Compaction Phase
[40.062s][info][gc,phases      ] GC(229) Compaction Phase 102.390ms
[40.062s][info][gc,phases,start] GC(229) Post Compact
[40.065s][info][gc,phases      ] GC(229) Post Compact 2.762ms
[40.065s][info][gc,heap        ] GC(229) PSYoungGen: 23551K(91648K)->23551K(91648K) Eden: 23551K(23552K)->23551K(23552K) From: 0K(68096K)->0K(68096K)
[40.065s][info][gc,heap        ] GC(229) ParOldGen: 1228669K(1228800K)->1228669K(1228800K)
[40.065s][info][gc,metaspace   ] GC(229) Metaspace: 6299K(6464K)->6299K(6464K) NonClass: 5766K(5824K)->5766K(5824K) Class: 533K(640K)->533K(640K)
[40.065s][info][gc             ] GC(229) Pause Full (Ergonomics) 1222M->1222M(1289M) 400.002ms
[40.065s][info][gc,cpu         ] GC(229) User=2.89s Sys=0.00s Real=0.40s
[40.065s][info][gc,start       ] GC(230) Pause Full (Ergonomics)
[40.065s][info][gc,phases,start] GC(230) Marking Phase
[40.358s][info][gc,phases      ] GC(230) Marking Phase 293.276ms
[40.359s][info][gc,phases,start] GC(230) Summary Phase
[40.359s][info][gc,phases      ] GC(230) Summary Phase 0.046ms
[40.359s][info][gc,phases,start] GC(230) Adjust Roots
[40.359s][info][gc,phases      ] GC(230) Adjust Roots 0.270ms
[40.359s][info][gc,phases,start] GC(230) Compaction Phase
[40.446s][info][gc,phases      ] GC(230) Compaction Phase 87.514ms
[40.446s][info][gc,phases,start] GC(230) Post Compact
[40.449s][info][gc,phases      ] GC(230) Post Compact 2.796ms
[40.449s][info][gc,heap        ] GC(230) PSYoungGen: 23551K(91648K)->23551K(91648K) Eden: 23551K(23552K)->23551K(23552K) From: 0K(68096K)->0K(68096K)
[40.449s][info][gc,heap        ] GC(230) ParOldGen: 1228673K(1228800K)->1228673K(1228800K)
[40.449s][info][gc,metaspace   ] GC(230) Metaspace: 6299K(6464K)->6299K(6464K) NonClass: 5766K(5824K)->5766K(5824K) Class: 533K(640K)->533K(640K)
[40.449s][info][gc             ] GC(230) Pause Full (Ergonomics) 1222M->1222M(1289M) 384.365ms
[40.450s][info][gc,cpu         ] GC(230) User=2.95s Sys=0.00s Real=0.38s
[40.450s][info][gc,start       ] GC(231) Pause Full (Ergonomics)
[40.450s][info][gc,phases,start] GC(231) Marking Phase
[40.739s][info][gc,phases      ] GC(231) Marking Phase 289.579ms
[40.739s][info][gc,phases,start] GC(231) Summary Phase
[40.739s][info][gc,phases      ] GC(231) Summary Phase 0.034ms
[40.739s][info][gc,phases,start] GC(231) Adjust Roots
[40.740s][info][gc,phases      ] GC(231) Adjust Roots 0.245ms
[40.740s][info][gc,phases,start] GC(231) Compaction Phase
[40.832s][info][gc,phases      ] GC(231) Compaction Phase 91.848ms
[40.832s][info][gc,phases,start] GC(231) Post Compact
[40.834s][info][gc,phases      ] GC(231) Post Compact 1.938ms
[40.834s][info][gc,heap        ] GC(231) PSYoungGen: 23551K(91648K)->23551K(91648K) Eden: 23551K(23552K)->23551K(23552K) From: 0K(68096K)->0K(68096K)
[40.834s][info][gc,heap        ] GC(231) ParOldGen: 1228678K(1228800K)->1228678K(1228800K)
[40.834s][info][gc,metaspace   ] GC(231) Metaspace: 6299K(6464K)->6299K(6464K) NonClass: 5766K(5824K)->5766K(5824K) Class: 533K(640K)->533K(640K)
[40.834s][info][gc             ] GC(231) Pause Full (Ergonomics) 1222M->1222M(1289M) 384.016ms
[40.834s][info][gc,cpu         ] GC(231) User=2.80s Sys=0.00s Real=0.38s
[40.834s][info][gc,start       ] GC(232) Pause Full (Ergonomics)
[40.834s][info][gc,phases,start] GC(232) Marking Phase
[41.124s][info][gc,phases      ] GC(232) Marking Phase 290.334ms
[41.124s][info][gc,phases,start] GC(232) Summary Phase
[41.124s][info][gc,phases      ] GC(232) Summary Phase 0.044ms
[41.125s][info][gc,phases,start] GC(232) Adjust Roots
[41.125s][info][gc,phases      ] GC(232) Adjust Roots 0.201ms
[41.125s][info][gc,phases,start] GC(232) Compaction Phase
[41.209s][info][gc,phases      ] GC(232) Compaction Phase 83.956ms
[41.209s][info][gc,phases,start] GC(232) Post Compact
[41.211s][info][gc,phases      ] GC(232) Post Compact 2.261ms
[41.211s][info][gc,heap        ] GC(232) PSYoungGen: 23551K(91648K)->23551K(91648K) Eden: 23551K(23552K)->23551K(23552K) From: 0K(68096K)->0K(68096K)
[41.211s][info][gc,heap        ] GC(232) ParOldGen: 1228683K(1228800K)->1228683K(1228800K)
[41.211s][info][gc,metaspace   ] GC(232) Metaspace: 6299K(6464K)->6299K(6464K) NonClass: 5766K(5824K)->5766K(5824K) Class: 533K(640K)->533K(640K)
[41.211s][info][gc             ] GC(232) Pause Full (Ergonomics) 1222M->1222M(1289M) 377.211ms
[41.211s][info][gc,cpu         ] GC(232) User=2.77s Sys=0.00s Real=0.38s
[41.211s][info][gc,start       ] GC(233) Pause Full (Ergonomics)
[41.211s][info][gc,phases,start] GC(233) Marking Phase
[41.501s][info][gc,phases      ] GC(233) Marking Phase 289.261ms
[41.501s][info][gc,phases,start] GC(233) Summary Phase
[41.501s][info][gc,phases      ] GC(233) Summary Phase 0.025ms
[41.501s][info][gc,phases,start] GC(233) Adjust Roots
[41.501s][info][gc,phases      ] GC(233) Adjust Roots 0.150ms
[41.501s][info][gc,phases,start] GC(233) Compaction Phase
[41.589s][info][gc,phases      ] GC(233) Compaction Phase 88.220ms
[41.589s][info][gc,phases,start] GC(233) Post Compact
[41.591s][info][gc,phases      ] GC(233) Post Compact 1.920ms
[41.591s][info][gc,heap        ] GC(233) PSYoungGen: 23551K(91648K)->23551K(91648K) Eden: 23551K(23552K)->23551K(23552K) From: 0K(68096K)->0K(68096K)
[41.591s][info][gc,heap        ] GC(233) ParOldGen: 1228687K(1228800K)->1228687K(1228800K)
[41.591s][info][gc,metaspace   ] GC(233) Metaspace: 6299K(6464K)->6299K(6464K) NonClass: 5766K(5824K)->5766K(5824K) Class: 533K(640K)->533K(640K)
[41.591s][info][gc             ] GC(233) Pause Full (Ergonomics) 1222M->1222M(1289M) 379.911ms
[41.591s][info][gc,cpu         ] GC(233) User=2.78s Sys=0.00s Real=0.38s
[41.592s][info][gc,start       ] GC(234) Pause Full (Ergonomics)
[41.592s][info][gc,phases,start] GC(234) Marking Phase
[41.889s][info][gc,phases      ] GC(234) Marking Phase 297.765ms
[41.889s][info][gc,phases,start] GC(234) Summary Phase
[41.889s][info][gc,phases      ] GC(234) Summary Phase 0.026ms
[41.889s][info][gc,phases,start] GC(234) Adjust Roots
[41.890s][info][gc,phases      ] GC(234) Adjust Roots 0.153ms
[41.890s][info][gc,phases,start] GC(234) Compaction Phase
[41.976s][info][gc,phases      ] GC(234) Compaction Phase 86.217ms
[41.976s][info][gc,phases,start] GC(234) Post Compact
[41.978s][info][gc,phases      ] GC(234) Post Compact 2.168ms
[41.978s][info][gc,heap        ] GC(234) PSYoungGen: 23551K(91648K)->23551K(91648K) Eden: 23551K(23552K)->23551K(23552K) From: 0K(68096K)->0K(68096K)
[41.978s][info][gc,heap        ] GC(234) ParOldGen: 1228692K(1228800K)->1228692K(1228800K)
[41.978s][info][gc,metaspace   ] GC(234) Metaspace: 6299K(6464K)->6299K(6464K) NonClass: 5766K(5824K)->5766K(5824K) Class: 533K(640K)->533K(640K)
[41.978s][info][gc             ] GC(234) Pause Full (Ergonomics) 1222M->1222M(1289M) 386.691ms
[41.978s][info][gc,cpu         ] GC(234) User=2.91s Sys=0.02s Real=0.39s
[41.978s][info][gc,start       ] GC(235) Pause Full (Ergonomics)
[41.978s][info][gc,phases,start] GC(235) Marking Phase
[42.286s][info][gc,phases      ] GC(235) Marking Phase 307.878ms
[42.286s][info][gc,phases,start] GC(235) Summary Phase
[42.286s][info][gc,phases      ] GC(235) Summary Phase 0.025ms
[42.286s][info][gc,phases,start] GC(235) Adjust Roots
[42.287s][info][gc,phases      ] GC(235) Adjust Roots 0.153ms
[42.287s][info][gc,phases,start] GC(235) Compaction Phase
[42.369s][info][gc,phases      ] GC(235) Compaction Phase 82.254ms
[42.369s][info][gc,phases,start] GC(235) Post Compact
[42.371s][info][gc,phases      ] GC(235) Post Compact 1.892ms
[42.371s][info][gc,heap        ] GC(235) PSYoungGen: 23551K(91648K)->23551K(91648K) Eden: 23551K(23552K)->23551K(23552K) From: 0K(68096K)->0K(68096K)
[42.371s][info][gc,heap        ] GC(235) ParOldGen: 1228697K(1228800K)->1228697K(1228800K)
[42.371s][info][gc,metaspace   ] GC(235) Metaspace: 6299K(6464K)->6299K(6464K) NonClass: 5766K(5824K)->5766K(5824K) Class: 533K(640K)->533K(640K)
[42.371s][info][gc             ] GC(235) Pause Full (Ergonomics) 1222M->1222M(1289M) 392.520ms
[42.371s][info][gc,cpu         ] GC(235) User=2.92s Sys=0.00s Real=0.39s
[42.371s][info][gc,start       ] GC(236) Pause Full (Ergonomics)
[42.371s][info][gc,phases,start] GC(236) Marking Phase
[42.674s][info][gc,phases      ] GC(236) Marking Phase 303.120ms
[42.674s][info][gc,phases,start] GC(236) Summary Phase
[42.674s][info][gc,phases      ] GC(236) Summary Phase 0.026ms
[42.674s][info][gc,phases,start] GC(236) Adjust Roots
[42.675s][info][gc,phases      ] GC(236) Adjust Roots 0.150ms
[42.675s][info][gc,phases,start] GC(236) Compaction Phase
[42.762s][info][gc,phases      ] GC(236) Compaction Phase 87.665ms
[42.762s][info][gc,phases,start] GC(236) Post Compact
[42.765s][info][gc,phases      ] GC(236) Post Compact 2.207ms
[42.765s][info][gc,heap        ] GC(236) PSYoungGen: 23551K(91648K)->23551K(91648K) Eden: 23551K(23552K)->23551K(23552K) From: 0K(68096K)->0K(68096K)
[42.765s][info][gc,heap        ] GC(236) ParOldGen: 1228701K(1228800K)->1228701K(1228800K)
[42.765s][info][gc,metaspace   ] GC(236) Metaspace: 6299K(6464K)->6299K(6464K) NonClass: 5766K(5824K)->5766K(5824K) Class: 533K(640K)->533K(640K)
[42.765s][info][gc             ] GC(236) Pause Full (Ergonomics) 1222M->1222M(1289M) 393.523ms
[42.765s][info][gc,cpu         ] GC(236) User=2.91s Sys=0.02s Real=0.39s
[42.765s][info][gc,start       ] GC(237) Pause Full (Ergonomics)
[42.765s][info][gc,phases,start] GC(237) Marking Phase
[43.058s][info][gc,phases      ] GC(237) Marking Phase 293.285ms
[43.058s][info][gc,phases,start] GC(237) Summary Phase
[43.058s][info][gc,phases      ] GC(237) Summary Phase 0.026ms
[43.058s][info][gc,phases,start] GC(237) Adjust Roots
[43.059s][info][gc,phases      ] GC(237) Adjust Roots 0.150ms
[43.059s][info][gc,phases,start] GC(237) Compaction Phase
[43.145s][info][gc,phases      ] GC(237) Compaction Phase 86.122ms
[43.145s][info][gc,phases,start] GC(237) Post Compact
[43.147s][info][gc,phases      ] GC(237) Post Compact 2.240ms
[43.147s][info][gc,heap        ] GC(237) PSYoungGen: 23551K(91648K)->23551K(91648K) Eden: 23551K(23552K)->23551K(23552K) From: 0K(68096K)->0K(68096K)
[43.147s][info][gc,heap        ] GC(237) ParOldGen: 1228706K(1228800K)->1228706K(1228800K)
[43.147s][info][gc,metaspace   ] GC(237) Metaspace: 6299K(6464K)->6299K(6464K) NonClass: 5766K(5824K)->5766K(5824K) Class: 533K(640K)->533K(640K)
[43.147s][info][gc             ] GC(237) Pause Full (Ergonomics) 1222M->1222M(1289M) 382.195ms
[43.147s][info][gc,cpu         ] GC(237) User=2.91s Sys=0.00s Real=0.38s
[43.147s][info][gc,start       ] GC(238) Pause Full (Ergonomics)
[43.147s][info][gc,phases,start] GC(238) Marking Phase
[43.453s][info][gc,phases      ] GC(238) Marking Phase 305.931ms
[43.453s][info][gc,phases,start] GC(238) Summary Phase
[43.453s][info][gc,phases      ] GC(238) Summary Phase 0.037ms
[43.453s][info][gc,phases,start] GC(238) Adjust Roots
[43.454s][info][gc,phases      ] GC(238) Adjust Roots 0.156ms
[43.454s][info][gc,phases,start] GC(238) Compaction Phase
[43.539s][info][gc,phases      ] GC(238) Compaction Phase 85.014ms
[43.539s][info][gc,phases,start] GC(238) Post Compact
[43.542s][info][gc,phases      ] GC(238) Post Compact 3.116ms
[43.542s][info][gc,heap        ] GC(238) PSYoungGen: 23551K(91648K)->23551K(91648K) Eden: 23551K(23552K)->23551K(23552K) From: 0K(68096K)->0K(68096K)
[43.542s][info][gc,heap        ] GC(238) ParOldGen: 1228711K(1228800K)->1228711K(1228800K)
[43.542s][info][gc,metaspace   ] GC(238) Metaspace: 6299K(6464K)->6299K(6464K) NonClass: 5766K(5824K)->5766K(5824K) Class: 533K(640K)->533K(640K)
[43.542s][info][gc             ] GC(238) Pause Full (Ergonomics) 1222M->1222M(1289M) 394.697ms
[43.542s][info][gc,cpu         ] GC(238) User=2.91s Sys=0.00s Real=0.39s
[43.542s][info][gc,start       ] GC(239) Pause Full (Ergonomics)
[43.542s][info][gc,phases,start] GC(239) Marking Phase
[43.840s][info][gc,phases      ] GC(239) Marking Phase 297.435ms
[43.840s][info][gc,phases,start] GC(239) Summary Phase
[43.840s][info][gc,phases      ] GC(239) Summary Phase 0.026ms
[43.840s][info][gc,phases,start] GC(239) Adjust Roots
[43.840s][info][gc,phases      ] GC(239) Adjust Roots 0.173ms
[43.840s][info][gc,phases,start] GC(239) Compaction Phase
[43.924s][info][gc,phases      ] GC(239) Compaction Phase 83.699ms
[43.924s][info][gc,phases,start] GC(239) Post Compact
[43.926s][info][gc,phases      ] GC(239) Post Compact 1.953ms
[43.926s][info][gc,heap        ] GC(239) PSYoungGen: 23551K(91648K)->23551K(91648K) Eden: 23551K(23552K)->23551K(23552K) From: 0K(68096K)->0K(68096K)
[43.926s][info][gc,heap        ] GC(239) ParOldGen: 1228715K(1228800K)->1228715K(1228800K)
[43.926s][info][gc,metaspace   ] GC(239) Metaspace: 6299K(6464K)->6299K(6464K) NonClass: 5766K(5824K)->5766K(5824K) Class: 533K(640K)->533K(640K)
[43.926s][info][gc             ] GC(239) Pause Full (Ergonomics) 1222M->1222M(1289M) 383.624ms
[43.926s][info][gc,cpu         ] GC(239) User=2.83s Sys=0.00s Real=0.38s
[43.926s][info][gc,start       ] GC(240) Pause Full (Ergonomics)
[43.926s][info][gc,phases,start] GC(240) Marking Phase
[44.219s][info][gc,phases      ] GC(240) Marking Phase 292.319ms
[44.219s][info][gc,phases,start] GC(240) Summary Phase
[44.219s][info][gc,phases      ] GC(240) Summary Phase 0.039ms
[44.219s][info][gc,phases,start] GC(240) Adjust Roots
[44.219s][info][gc,phases      ] GC(240) Adjust Roots 0.234ms
[44.219s][info][gc,phases,start] GC(240) Compaction Phase
[44.301s][info][gc,phases      ] GC(240) Compaction Phase 82.210ms
[44.301s][info][gc,phases,start] GC(240) Post Compact
[44.304s][info][gc,phases      ] GC(240) Post Compact 2.344ms
[44.304s][info][gc,heap        ] GC(240) PSYoungGen: 23551K(91648K)->23551K(91648K) Eden: 23551K(23552K)->23551K(23552K) From: 0K(68096K)->0K(68096K)
[44.304s][info][gc,heap        ] GC(240) ParOldGen: 1228720K(1228800K)->1228720K(1228800K)
[44.304s][info][gc,metaspace   ] GC(240) Metaspace: 6299K(6464K)->6299K(6464K) NonClass: 5766K(5824K)->5766K(5824K) Class: 533K(640K)->533K(640K)
[44.304s][info][gc             ] GC(240) Pause Full (Ergonomics) 1222M->1222M(1289M) 377.630ms
[44.304s][info][gc,cpu         ] GC(240) User=2.81s Sys=0.00s Real=0.38s
[44.304s][info][gc,start       ] GC(241) Pause Full (Ergonomics)
[44.304s][info][gc,phases,start] GC(241) Marking Phase
[44.604s][info][gc,phases      ] GC(241) Marking Phase 299.763ms
[44.604s][info][gc,phases,start] GC(241) Summary Phase
[44.604s][info][gc,phases      ] GC(241) Summary Phase 0.025ms
[44.604s][info][gc,phases,start] GC(241) Adjust Roots
[44.604s][info][gc,phases      ] GC(241) Adjust Roots 0.152ms
[44.604s][info][gc,phases,start] GC(241) Compaction Phase
[44.689s][info][gc,phases      ] GC(241) Compaction Phase 85.297ms
[44.689s][info][gc,phases,start] GC(241) Post Compact
[44.691s][info][gc,phases      ] GC(241) Post Compact 1.972ms
[44.692s][info][gc,heap        ] GC(241) PSYoungGen: 23551K(91648K)->23551K(91648K) Eden: 23551K(23552K)->23551K(23552K) From: 0K(68096K)->0K(68096K)
[44.692s][info][gc,heap        ] GC(241) ParOldGen: 1228725K(1228800K)->1228725K(1228800K)
[44.692s][info][gc,metaspace   ] GC(241) Metaspace: 6299K(6464K)->6299K(6464K) NonClass: 5766K(5824K)->5766K(5824K) Class: 533K(640K)->533K(640K)
[44.692s][info][gc             ] GC(241) Pause Full (Ergonomics) 1222M->1222M(1289M) 387.555ms
[44.692s][info][gc,cpu         ] GC(241) User=2.84s Sys=0.00s Real=0.39s
[44.692s][info][gc,start       ] GC(242) Pause Full (Ergonomics)
[44.692s][info][gc,phases,start] GC(242) Marking Phase
[44.989s][info][gc,phases      ] GC(242) Marking Phase 297.504ms
[44.989s][info][gc,phases,start] GC(242) Summary Phase
[44.989s][info][gc,phases      ] GC(242) Summary Phase 0.025ms
[44.989s][info][gc,phases,start] GC(242) Adjust Roots
[44.990s][info][gc,phases      ] GC(242) Adjust Roots 0.149ms
[44.990s][info][gc,phases,start] GC(242) Compaction Phase
[45.087s][info][gc,phases      ] GC(242) Compaction Phase 97.334ms
[45.087s][info][gc,phases,start] GC(242) Post Compact
[45.089s][info][gc,phases      ] GC(242) Post Compact 2.251ms
[45.089s][info][gc,heap        ] GC(242) PSYoungGen: 23551K(91648K)->23551K(91648K) Eden: 23551K(23552K)->23551K(23552K) From: 0K(68096K)->0K(68096K)
[45.089s][info][gc,heap        ] GC(242) ParOldGen: 1228729K(1228800K)->1228729K(1228800K)
[45.089s][info][gc,metaspace   ] GC(242) Metaspace: 6299K(6464K)->6299K(6464K) NonClass: 5766K(5824K)->5766K(5824K) Class: 533K(640K)->533K(640K)
[45.089s][info][gc             ] GC(242) Pause Full (Ergonomics) 1222M->1222M(1289M) 397.614ms
[45.089s][info][gc,cpu         ] GC(242) User=2.80s Sys=0.00s Real=0.40s
[45.090s][info][gc,start       ] GC(243) Pause Full (Ergonomics)
[45.090s][info][gc,phases,start] GC(243) Marking Phase
[45.381s][info][gc,phases      ] GC(243) Marking Phase 290.923ms
[45.381s][info][gc,phases,start] GC(243) Summary Phase
[45.381s][info][gc,phases      ] GC(243) Summary Phase 0.025ms
[45.381s][info][gc,phases,start] GC(243) Adjust Roots
[45.381s][info][gc,phases      ] GC(243) Adjust Roots 0.155ms
[45.381s][info][gc,phases,start] GC(243) Compaction Phase
[45.462s][info][gc,phases      ] GC(243) Compaction Phase 80.702ms
[45.462s][info][gc,phases,start] GC(243) Post Compact
[45.464s][info][gc,phases      ] GC(243) Post Compact 1.925ms
[45.464s][info][gc,heap        ] GC(243) PSYoungGen: 23551K(91648K)->23551K(91648K) Eden: 23551K(23552K)->23551K(23552K) From: 0K(68096K)->0K(68096K)
[45.464s][info][gc,heap        ] GC(243) ParOldGen: 1228734K(1228800K)->1228734K(1228800K)
[45.464s][info][gc,metaspace   ] GC(243) Metaspace: 6299K(6464K)->6299K(6464K) NonClass: 5766K(5824K)->5766K(5824K) Class: 533K(640K)->533K(640K)
[45.464s][info][gc             ] GC(243) Pause Full (Ergonomics) 1222M->1222M(1289M) 374.071ms
[45.464s][info][gc,cpu         ] GC(243) User=2.80s Sys=0.00s Real=0.37s
[45.464s][info][gc,start       ] GC(244) Pause Full (Ergonomics)
[45.464s][info][gc,phases,start] GC(244) Marking Phase
[45.754s][info][gc,phases      ] GC(244) Marking Phase 290.073ms
[45.754s][info][gc,phases,start] GC(244) Summary Phase
[45.754s][info][gc,phases      ] GC(244) Summary Phase 0.026ms
[45.754s][info][gc,phases,start] GC(244) Adjust Roots
[45.754s][info][gc,phases      ] GC(244) Adjust Roots 0.220ms
[45.754s][info][gc,phases,start] GC(244) Compaction Phase
[45.855s][info][gc,phases      ] GC(244) Compaction Phase 100.719ms
[45.855s][info][gc,phases,start] GC(244) Post Compact
[45.858s][info][gc,phases      ] GC(244) Post Compact 2.579ms
[45.858s][info][gc,heap        ] GC(244) PSYoungGen: 23551K(91648K)->23551K(91648K) Eden: 23551K(23552K)->23551K(23552K) From: 0K(68096K)->0K(68096K)
[45.858s][info][gc,heap        ] GC(244) ParOldGen: 1228739K(1228800K)->1228739K(1228800K)
[45.858s][info][gc,metaspace   ] GC(244) Metaspace: 6299K(6464K)->6299K(6464K) NonClass: 5766K(5824K)->5766K(5824K) Class: 533K(640K)->533K(640K)
[45.858s][info][gc             ] GC(244) Pause Full (Ergonomics) 1222M->1222M(1289M) 394.013ms
[45.858s][info][gc,cpu         ] GC(244) User=2.77s Sys=0.00s Real=0.39s
[45.858s][info][gc,start       ] GC(245) Pause Full (Ergonomics)
[45.858s][info][gc,phases,start] GC(245) Marking Phase
[46.160s][info][gc,phases      ] GC(245) Marking Phase 301.461ms
[46.160s][info][gc,phases,start] GC(245) Summary Phase
[46.160s][info][gc,phases      ] GC(245) Summary Phase 0.026ms
[46.160s][info][gc,phases,start] GC(245) Adjust Roots
[46.160s][info][gc,phases      ] GC(245) Adjust Roots 0.152ms
[46.160s][info][gc,phases,start] GC(245) Compaction Phase
[46.263s][info][gc,phases      ] GC(245) Compaction Phase 103.385ms
[46.263s][info][gc,phases,start] GC(245) Post Compact
[46.266s][info][gc,phases      ] GC(245) Post Compact 2.090ms
[46.266s][info][gc,heap        ] GC(245) PSYoungGen: 23551K(91648K)->23551K(91648K) Eden: 23551K(23552K)->23551K(23552K) From: 0K(68096K)->0K(68096K)
[46.266s][info][gc,heap        ] GC(245) ParOldGen: 1228743K(1228800K)->1228743K(1228800K)
[46.266s][info][gc,metaspace   ] GC(245) Metaspace: 6299K(6464K)->6299K(6464K) NonClass: 5766K(5824K)->5766K(5824K) Class: 533K(640K)->533K(640K)
[46.266s][info][gc             ] GC(245) Pause Full (Ergonomics) 1222M->1222M(1289M) 407.465ms
[46.266s][info][gc,cpu         ] GC(245) User=3.06s Sys=0.00s Real=0.41s
[46.266s][info][gc,start       ] GC(246) Pause Full (Ergonomics)
[46.266s][info][gc,phases,start] GC(246) Marking Phase
[46.561s][info][gc,phases      ] GC(246) Marking Phase 295.116ms
[46.561s][info][gc,phases,start] GC(246) Summary Phase
[46.561s][info][gc,phases      ] GC(246) Summary Phase 0.027ms
[46.561s][info][gc,phases,start] GC(246) Adjust Roots
[46.561s][info][gc,phases      ] GC(246) Adjust Roots 0.163ms
[46.561s][info][gc,phases,start] GC(246) Compaction Phase
[46.652s][info][gc,phases      ] GC(246) Compaction Phase 90.350ms
[46.652s][info][gc,phases,start] GC(246) Post Compact
[46.654s][info][gc,phases      ] GC(246) Post Compact 2.211ms
[46.654s][info][gc,heap        ] GC(246) PSYoungGen: 23551K(91648K)->23551K(91648K) Eden: 23551K(23552K)->23551K(23552K) From: 0K(68096K)->0K(68096K)
[46.654s][info][gc,heap        ] GC(246) ParOldGen: 1228748K(1228800K)->1228748K(1228800K)
[46.654s][info][gc,metaspace   ] GC(246) Metaspace: 6299K(6464K)->6299K(6464K) NonClass: 5766K(5824K)->5766K(5824K) Class: 533K(640K)->533K(640K)
[46.654s][info][gc             ] GC(246) Pause Full (Ergonomics) 1222M->1222M(1289M) 388.204ms
[46.654s][info][gc,cpu         ] GC(246) User=2.92s Sys=0.00s Real=0.39s
[46.654s][info][gc,start       ] GC(247) Pause Full (Ergonomics)
[46.654s][info][gc,phases,start] GC(247) Marking Phase
[46.953s][info][gc,phases      ] GC(247) Marking Phase 298.800ms
[46.953s][info][gc,phases,start] GC(247) Summary Phase
[46.953s][info][gc,phases      ] GC(247) Summary Phase 0.031ms
[46.953s][info][gc,phases,start] GC(247) Adjust Roots
[46.953s][info][gc,phases      ] GC(247) Adjust Roots 0.153ms
[46.953s][info][gc,phases,start] GC(247) Compaction Phase
[47.040s][info][gc,phases      ] GC(247) Compaction Phase 86.838ms
[47.040s][info][gc,phases,start] GC(247) Post Compact
[47.043s][info][gc,phases      ] GC(247) Post Compact 2.179ms
[47.043s][info][gc,heap        ] GC(247) PSYoungGen: 23551K(91648K)->23551K(91648K) Eden: 23551K(23552K)->23551K(23552K) From: 0K(68096K)->0K(68096K)
[47.043s][info][gc,heap        ] GC(247) ParOldGen: 1228753K(1228800K)->1228753K(1228800K)
[47.043s][info][gc,metaspace   ] GC(247) Metaspace: 6299K(6464K)->6299K(6464K) NonClass: 5766K(5824K)->5766K(5824K) Class: 533K(640K)->533K(640K)
[47.043s][info][gc             ] GC(247) Pause Full (Ergonomics) 1222M->1222M(1289M) 388.368ms
[47.043s][info][gc,cpu         ] GC(247) User=2.95s Sys=0.00s Real=0.39s
[47.043s][info][gc,start       ] GC(248) Pause Full (Ergonomics)
[47.043s][info][gc,phases,start] GC(248) Marking Phase
[47.346s][info][gc,phases      ] GC(248) Marking Phase 303.500ms
[47.347s][info][gc,phases,start] GC(248) Summary Phase
[47.347s][info][gc,phases      ] GC(248) Summary Phase 0.025ms
[47.347s][info][gc,phases,start] GC(248) Adjust Roots
[47.347s][info][gc,phases      ] GC(248) Adjust Roots 0.170ms
[47.347s][info][gc,phases,start] GC(248) Compaction Phase
[47.438s][info][gc,phases      ] GC(248) Compaction Phase 91.204ms
[47.438s][info][gc,phases,start] GC(248) Post Compact
[47.440s][info][gc,phases      ] GC(248) Post Compact 1.940ms
[47.440s][info][gc,heap        ] GC(248) PSYoungGen: 23551K(91648K)->23551K(91648K) Eden: 23551K(23552K)->23551K(23552K) From: 0K(68096K)->0K(68096K)
[47.440s][info][gc,heap        ] GC(248) ParOldGen: 1228757K(1228800K)->1228757K(1228800K)
[47.440s][info][gc,metaspace   ] GC(248) Metaspace: 6299K(6464K)->6299K(6464K) NonClass: 5766K(5824K)->5766K(5824K) Class: 533K(640K)->533K(640K)
[47.440s][info][gc             ] GC(248) Pause Full (Ergonomics) 1222M->1222M(1289M) 397.142ms
[47.440s][info][gc,cpu         ] GC(248) User=2.97s Sys=0.00s Real=0.40s
[47.440s][info][gc,start       ] GC(249) Pause Full (Ergonomics)
[47.440s][info][gc,phases,start] GC(249) Marking Phase
[47.746s][info][gc,phases      ] GC(249) Marking Phase 305.384ms
[47.746s][info][gc,phases,start] GC(249) Summary Phase
[47.746s][info][gc,phases      ] GC(249) Summary Phase 0.025ms
[47.746s][info][gc,phases,start] GC(249) Adjust Roots
[47.746s][info][gc,phases      ] GC(249) Adjust Roots 0.157ms
[47.746s][info][gc,phases,start] GC(249) Compaction Phase
[47.835s][info][gc,phases      ] GC(249) Compaction Phase 89.402ms
[47.836s][info][gc,phases,start] GC(249) Post Compact
[47.837s][info][gc,phases      ] GC(249) Post Compact 1.872ms
[47.837s][info][gc,heap        ] GC(249) PSYoungGen: 23551K(91648K)->23551K(91648K) Eden: 23551K(23552K)->23551K(23552K) From: 0K(68096K)->0K(68096K)
[47.837s][info][gc,heap        ] GC(249) ParOldGen: 1228762K(1228800K)->1228762K(1228800K)
[47.837s][info][gc,metaspace   ] GC(249) Metaspace: 6299K(6464K)->6299K(6464K) NonClass: 5766K(5824K)->5766K(5824K) Class: 533K(640K)->533K(640K)
[47.837s][info][gc             ] GC(249) Pause Full (Ergonomics) 1222M->1222M(1289M) 397.166ms
[47.838s][info][gc,cpu         ] GC(249) User=3.03s Sys=0.00s Real=0.40s
[47.838s][info][gc,start       ] GC(250) Pause Full (Ergonomics)
[47.838s][info][gc,phases,start] GC(250) Marking Phase
[48.135s][info][gc,phases      ] GC(250) Marking Phase 297.700ms
[48.136s][info][gc,phases,start] GC(250) Summary Phase
[48.136s][info][gc,phases      ] GC(250) Summary Phase 0.025ms
[48.136s][info][gc,phases,start] GC(250) Adjust Roots
[48.136s][info][gc,phases      ] GC(250) Adjust Roots 0.154ms
[48.136s][info][gc,phases,start] GC(250) Compaction Phase
[48.225s][info][gc,phases      ] GC(250) Compaction Phase 89.711ms
[48.226s][info][gc,phases,start] GC(250) Post Compact
[48.228s][info][gc,phases      ] GC(250) Post Compact 2.000ms
[48.228s][info][gc,heap        ] GC(250) PSYoungGen: 23551K(91648K)->23551K(91648K) Eden: 23551K(23552K)->23551K(23552K) From: 0K(68096K)->0K(68096K)
[48.228s][info][gc,heap        ] GC(250) ParOldGen: 1228767K(1228800K)->1228767K(1228800K)
[48.228s][info][gc,metaspace   ] GC(250) Metaspace: 6299K(6464K)->6299K(6464K) NonClass: 5766K(5824K)->5766K(5824K) Class: 533K(640K)->533K(640K)
[48.228s][info][gc             ] GC(250) Pause Full (Ergonomics) 1222M->1222M(1289M) 389.945ms
[48.228s][info][gc,cpu         ] GC(250) User=2.80s Sys=0.00s Real=0.39s
[48.228s][info][gc,start       ] GC(251) Pause Full (Ergonomics)
[48.228s][info][gc,phases,start] GC(251) Marking Phase
[48.527s][info][gc,phases      ] GC(251) Marking Phase 299.399ms
[48.527s][info][gc,phases,start] GC(251) Summary Phase
[48.527s][info][gc,phases      ] GC(251) Summary Phase 0.026ms
[48.527s][info][gc,phases,start] GC(251) Adjust Roots
[48.528s][info][gc,phases      ] GC(251) Adjust Roots 0.152ms
[48.528s][info][gc,phases,start] GC(251) Compaction Phase
[48.618s][info][gc,phases      ] GC(251) Compaction Phase 90.492ms
[48.618s][info][gc,phases,start] GC(251) Post Compact
[48.620s][info][gc,phases      ] GC(251) Post Compact 1.915ms
[48.620s][info][gc,heap        ] GC(251) PSYoungGen: 23551K(91648K)->23551K(91648K) Eden: 23551K(23552K)->23551K(23552K) From: 0K(68096K)->0K(68096K)
[48.620s][info][gc,heap        ] GC(251) ParOldGen: 1228771K(1228800K)->1228771K(1228800K)
[48.620s][info][gc,metaspace   ] GC(251) Metaspace: 6299K(6464K)->6299K(6464K) NonClass: 5766K(5824K)->5766K(5824K) Class: 533K(640K)->533K(640K)
[48.620s][info][gc             ] GC(251) Pause Full (Ergonomics) 1222M->1222M(1289M) 392.334ms
[48.620s][info][gc,cpu         ] GC(251) User=2.80s Sys=0.00s Real=0.39s
[48.620s][info][gc,start       ] GC(252) Pause Full (Ergonomics)
[48.621s][info][gc,phases,start] GC(252) Marking Phase
[48.914s][info][gc,phases      ] GC(252) Marking Phase 293.502ms
[48.914s][info][gc,phases,start] GC(252) Summary Phase
[48.914s][info][gc,phases      ] GC(252) Summary Phase 0.025ms
[48.914s][info][gc,phases,start] GC(252) Adjust Roots
[48.914s][info][gc,phases      ] GC(252) Adjust Roots 0.170ms
[48.914s][info][gc,phases,start] GC(252) Compaction Phase
[48.999s][info][gc,phases      ] GC(252) Compaction Phase 84.752ms
[48.999s][info][gc,phases,start] GC(252) Post Compact
[49.001s][info][gc,phases      ] GC(252) Post Compact 1.936ms
[49.001s][info][gc,heap        ] GC(252) PSYoungGen: 23551K(91648K)->23551K(91648K) Eden: 23551K(23552K)->23551K(23552K) From: 0K(68096K)->0K(68096K)
[49.001s][info][gc,heap        ] GC(252) ParOldGen: 1228776K(1228800K)->1228776K(1228800K)
[49.001s][info][gc,metaspace   ] GC(252) Metaspace: 6299K(6464K)->6299K(6464K) NonClass: 5766K(5824K)->5766K(5824K) Class: 533K(640K)->533K(640K)
[49.001s][info][gc             ] GC(252) Pause Full (Ergonomics) 1222M->1222M(1289M) 380.727ms
[49.001s][info][gc,cpu         ] GC(252) User=2.73s Sys=0.00s Real=0.38s
[49.001s][info][gc,start       ] GC(253) Pause Full (Ergonomics)
[49.001s][info][gc,phases,start] GC(253) Marking Phase
[49.301s][info][gc,phases      ] GC(253) Marking Phase 299.948ms
[49.301s][info][gc,phases,start] GC(253) Summary Phase
[49.301s][info][gc,phases      ] GC(253) Summary Phase 0.025ms
[49.302s][info][gc,phases,start] GC(253) Adjust Roots
[49.302s][info][gc,phases      ] GC(253) Adjust Roots 0.154ms
[49.302s][info][gc,phases,start] GC(253) Compaction Phase
[49.390s][info][gc,phases      ] GC(253) Compaction Phase 88.548ms
[49.390s][info][gc,phases,start] GC(253) Post Compact
[49.392s][info][gc,phases      ] GC(253) Post Compact 1.865ms
[49.392s][info][gc,heap        ] GC(253) PSYoungGen: 23551K(91648K)->23551K(91648K) Eden: 23551K(23552K)->23551K(23552K) From: 0K(68096K)->0K(68096K)
[49.392s][info][gc,heap        ] GC(253) ParOldGen: 1228781K(1228800K)->1228781K(1228800K)
[49.392s][info][gc,metaspace   ] GC(253) Metaspace: 6299K(6464K)->6299K(6464K) NonClass: 5766K(5824K)->5766K(5824K) Class: 533K(640K)->533K(640K)
[49.392s][info][gc             ] GC(253) Pause Full (Ergonomics) 1222M->1222M(1289M) 390.857ms
[49.392s][info][gc,cpu         ] GC(253) User=2.88s Sys=0.00s Real=0.39s
[49.392s][info][gc,start       ] GC(254) Pause Full (Ergonomics)
[49.393s][info][gc,phases,start] GC(254) Marking Phase
[49.693s][info][gc,phases      ] GC(254) Marking Phase 300.833ms
[49.693s][info][gc,phases,start] GC(254) Summary Phase
[49.693s][info][gc,phases      ] GC(254) Summary Phase 0.025ms
[49.693s][info][gc,phases,start] GC(254) Adjust Roots
[49.694s][info][gc,phases      ] GC(254) Adjust Roots 0.155ms
[49.694s][info][gc,phases,start] GC(254) Compaction Phase
[49.779s][info][gc,phases      ] GC(254) Compaction Phase 85.631ms
[49.779s][info][gc,phases,start] GC(254) Post Compact
[49.782s][info][gc,phases      ] GC(254) Post Compact 2.311ms
[49.782s][info][gc,heap        ] GC(254) PSYoungGen: 23551K(91648K)->23551K(91648K) Eden: 23551K(23552K)->23551K(23552K) From: 0K(68096K)->0K(68096K)
[49.782s][info][gc,heap        ] GC(254) ParOldGen: 1228785K(1228800K)->1228785K(1228800K)
[49.782s][info][gc,metaspace   ] GC(254) Metaspace: 6299K(6464K)->6299K(6464K) NonClass: 5766K(5824K)->5766K(5824K) Class: 533K(640K)->533K(640K)
[49.782s][info][gc             ] GC(254) Pause Full (Ergonomics) 1222M->1222M(1289M) 389.341ms
[49.782s][info][gc,cpu         ] GC(254) User=2.88s Sys=0.02s Real=0.39s
[49.782s][info][gc,start       ] GC(255) Pause Full (Ergonomics)
[49.782s][info][gc,phases,start] GC(255) Marking Phase
[50.068s][info][gc,phases      ] GC(255) Marking Phase 286.067ms
[50.068s][info][gc,phases,start] GC(255) Summary Phase
[50.068s][info][gc,phases      ] GC(255) Summary Phase 0.036ms
[50.068s][info][gc,phases,start] GC(255) Adjust Roots
[50.068s][info][gc,phases      ] GC(255) Adjust Roots 0.161ms
[50.068s][info][gc,phases,start] GC(255) Compaction Phase
[50.153s][info][gc,phases      ] GC(255) Compaction Phase 84.611ms
[50.153s][info][gc,phases,start] GC(255) Post Compact
[50.155s][info][gc,phases      ] GC(255) Post Compact 1.863ms
[50.155s][info][gc,heap        ] GC(255) PSYoungGen: 23551K(91648K)->23551K(91648K) Eden: 23551K(23552K)->23551K(23552K) From: 0K(68096K)->0K(68096K)
[50.155s][info][gc,heap        ] GC(255) ParOldGen: 1228790K(1228800K)->1228790K(1228800K)
[50.155s][info][gc,metaspace   ] GC(255) Metaspace: 6299K(6464K)->6299K(6464K) NonClass: 5766K(5824K)->5766K(5824K) Class: 533K(640K)->533K(640K)
[50.155s][info][gc             ] GC(255) Pause Full (Ergonomics) 1222M->1222M(1289M) 373.071ms
[50.155s][info][gc,cpu         ] GC(255) User=2.77s Sys=0.00s Real=0.37s
[50.155s][info][gc,start       ] GC(256) Pause Full (Ergonomics)
[50.155s][info][gc,phases,start] GC(256) Marking Phase
[50.452s][info][gc,phases      ] GC(256) Marking Phase 296.684ms
[50.452s][info][gc,phases,start] GC(256) Summary Phase
[50.452s][info][gc,phases      ] GC(256) Summary Phase 0.026ms
[50.452s][info][gc,phases,start] GC(256) Adjust Roots
[50.452s][info][gc,phases      ] GC(256) Adjust Roots 0.152ms
[50.452s][info][gc,phases,start] GC(256) Compaction Phase
[50.541s][info][gc,phases      ] GC(256) Compaction Phase 88.326ms
[50.541s][info][gc,phases,start] GC(256) Post Compact
[50.543s][info][gc,phases      ] GC(256) Post Compact 1.993ms
[50.543s][info][gc,heap        ] GC(256) PSYoungGen: 23551K(91648K)->23551K(91648K) Eden: 23551K(23552K)->23551K(23552K) From: 0K(68096K)->0K(68096K)
[50.543s][info][gc,heap        ] GC(256) ParOldGen: 1228795K(1228800K)->1228795K(1228800K)
[50.543s][info][gc,metaspace   ] GC(256) Metaspace: 6299K(6464K)->6299K(6464K) NonClass: 5766K(5824K)->5766K(5824K) Class: 533K(640K)->533K(640K)
[50.543s][info][gc             ] GC(256) Pause Full (Ergonomics) 1222M->1222M(1289M) 387.529ms
[50.543s][info][gc,cpu         ] GC(256) User=2.89s Sys=0.00s Real=0.39s
[50.543s][info][gc,start       ] GC(257) Pause Full (Ergonomics)
[50.543s][info][gc,phases,start] GC(257) Marking Phase
[50.853s][info][gc,phases      ] GC(257) Marking Phase 309.473ms
[50.853s][info][gc,phases,start] GC(257) Summary Phase
[50.853s][info][gc,phases      ] GC(257) Summary Phase 0.025ms
[50.853s][info][gc,phases,start] GC(257) Adjust Roots
[50.853s][info][gc,phases      ] GC(257) Adjust Roots 0.148ms
[50.853s][info][gc,phases,start] GC(257) Compaction Phase
[50.939s][info][gc,phases      ] GC(257) Compaction Phase 85.956ms
[50.939s][info][gc,phases,start] GC(257) Post Compact
[50.941s][info][gc,phases      ] GC(257) Post Compact 1.933ms
[50.941s][info][gc,heap        ] GC(257) PSYoungGen: 23551K(91648K)->23551K(91648K) Eden: 23551K(23552K)->23551K(23552K) From: 0K(68096K)->0K(68096K)
[50.941s][info][gc,heap        ] GC(257) ParOldGen: 1228799K(1228800K)->1228799K(1228800K)
[50.941s][info][gc,metaspace   ] GC(257) Metaspace: 6299K(6464K)->6299K(6464K) NonClass: 5766K(5824K)->5766K(5824K) Class: 533K(640K)->533K(640K)
[50.941s][info][gc             ] GC(257) Pause Full (Ergonomics) 1222M->1222M(1289M) 397.900ms
[50.941s][info][gc,cpu         ] GC(257) User=2.97s Sys=0.00s Real=0.40s
[50.941s][info][gc,start       ] GC(258) Pause Full (Ergonomics)
[50.941s][info][gc,phases,start] GC(258) Marking Phase
[51.248s][info][gc,phases      ] GC(258) Marking Phase 306.781ms
[51.248s][info][gc,phases,start] GC(258) Summary Phase
[51.248s][info][gc,phases      ] GC(258) Summary Phase 0.025ms
[51.248s][info][gc,phases,start] GC(258) Adjust Roots
[51.248s][info][gc,phases      ] GC(258) Adjust Roots 0.169ms
[51.248s][info][gc,phases,start] GC(258) Compaction Phase
[51.353s][info][gc,phases      ] GC(258) Compaction Phase 104.932ms
[51.353s][info][gc,phases,start] GC(258) Post Compact
[51.356s][info][gc,phases      ] GC(258) Post Compact 2.176ms
[51.356s][info][gc,heap        ] GC(258) PSYoungGen: 23551K(91648K)->23551K(91648K) Eden: 23551K(23552K)->23551K(23552K) From: 0K(68096K)->0K(68096K)
[51.356s][info][gc,heap        ] GC(258) ParOldGen: 1228800K(1228800K)->1228800K(1228800K)
[51.356s][info][gc,metaspace   ] GC(258) Metaspace: 6299K(6464K)->6299K(6464K) NonClass: 5766K(5824K)->5766K(5824K) Class: 533K(640K)->533K(640K)
[51.356s][info][gc             ] GC(258) Pause Full (Ergonomics) 1222M->1222M(1289M) 414.415ms
[51.356s][info][gc,cpu         ] GC(258) User=3.06s Sys=0.00s Real=0.41s
[51.356s][info][gc,start       ] GC(259) Pause Full (Allocation Failure)
[51.356s][info][gc,phases,start] GC(259) Marking Phase
[51.660s][info][gc,phases      ] GC(259) Marking Phase 304.327ms
[51.660s][info][gc,phases,start] GC(259) Summary Phase
[51.660s][info][gc,phases      ] GC(259) Summary Phase 0.026ms
[51.660s][info][gc,phases,start] GC(259) Adjust Roots
[51.661s][info][gc,phases      ] GC(259) Adjust Roots 0.372ms
[51.661s][info][gc,phases,start] GC(259) Compaction Phase
[51.971s][info][gc,phases      ] GC(259) Compaction Phase 310.231ms
[51.971s][info][gc,phases,start] GC(259) Post Compact
[51.973s][info][gc,phases      ] GC(259) Post Compact 2.318ms
[51.973s][info][gc,heap        ] GC(259) PSYoungGen: 23551K(91648K)->23551K(91648K) Eden: 23551K(23552K)->23551K(23552K) From: 0K(68096K)->0K(68096K)
[51.973s][info][gc,heap        ] GC(259) ParOldGen: 1228800K(1228800K)->1228795K(1228800K)
[51.973s][info][gc,metaspace   ] GC(259) Metaspace: 6299K(6464K)->6297K(6464K) NonClass: 5766K(5824K)->5765K(5824K) Class: 533K(640K)->532K(640K)
[51.973s][info][gc             ] GC(259) Pause Full (Allocation Failure) 1222M->1222M(1289M) 617.591ms
[51.973s][info][gc,cpu         ] GC(259) User=4.34s Sys=0.00s Real=0.62s
[51.974s][info][gc,start       ] GC(260) Pause Full (Ergonomics)
[51.974s][info][gc,phases,start] GC(260) Marking Phase
[52.268s][info][gc,phases      ] GC(260) Marking Phase 294.557ms
[52.269s][info][gc,phases,start] GC(260) Summary Phase
[52.269s][info][gc,phases      ] GC(260) Summary Phase 0.025ms
[52.269s][info][gc,phases,start] GC(260) Adjust Roots
[52.269s][info][gc,phases      ] GC(260) Adjust Roots 0.148ms
[52.269s][info][gc,phases,start] GC(260) Compaction Phase
[52.351s][info][gc,phases      ] GC(260) Compaction Phase 82.328ms
[52.351s][info][gc,phases,start] GC(260) Post Compact
[52.353s][info][gc,phases      ] GC(260) Post Compact 1.910ms
[52.353s][info][gc,heap        ] GC(260) PSYoungGen: 23551K(91648K)->23551K(91648K) Eden: 23551K(23552K)->23551K(23552K) From: 0K(68096K)->0K(68096K)
[52.353s][info][gc,heap        ] GC(260) ParOldGen: 1228800K(1228800K)->1228800K(1228800K)
[52.353s][info][gc,metaspace   ] GC(260) Metaspace: 6297K(6464K)->6297K(6464K) NonClass: 5765K(5824K)->5765K(5824K) Class: 532K(640K)->532K(640K)
[52.353s][info][gc             ] GC(260) Pause Full (Ergonomics) 1222M->1222M(1289M) 379.303ms
[52.353s][info][gc,cpu         ] GC(260) User=2.86s Sys=0.00s Real=0.38s
[52.353s][info][gc,start       ] GC(261) Pause Full (Allocation Failure)
[52.353s][info][gc,phases,start] GC(261) Marking Phase
[52.651s][info][gc,phases      ] GC(261) Marking Phase 297.305ms
[52.651s][info][gc,phases,start] GC(261) Summary Phase
[52.651s][info][gc,phases      ] GC(261) Summary Phase 0.024ms
[52.651s][info][gc,phases,start] GC(261) Adjust Roots
[52.651s][info][gc,phases      ] GC(261) Adjust Roots 0.195ms
[52.651s][info][gc,phases,start] GC(261) Compaction Phase
[52.734s][info][gc,phases      ] GC(261) Compaction Phase 82.680ms
[52.734s][info][gc,phases,start] GC(261) Post Compact
[52.736s][info][gc,phases      ] GC(261) Post Compact 1.939ms
[52.736s][info][gc,heap        ] GC(261) PSYoungGen: 23551K(91648K)->23551K(91648K) Eden: 23551K(23552K)->23551K(23552K) From: 0K(68096K)->0K(68096K)
[52.736s][info][gc,heap        ] GC(261) ParOldGen: 1228800K(1228800K)->1228800K(1228800K)
[52.736s][info][gc,metaspace   ] GC(261) Metaspace: 6297K(6464K)->6297K(6464K) NonClass: 5765K(5824K)->5765K(5824K) Class: 532K(640K)->532K(640K)
[52.736s][info][gc             ] GC(261) Pause Full (Allocation Failure) 1222M->1222M(1289M) 382.463ms
[52.736s][info][gc,cpu         ] GC(261) User=2.81s Sys=0.00s Real=0.38s
[52.736s][info][gc,start       ] GC(262) Pause Full (Ergonomics)
[52.736s][info][gc,phases,start] GC(262) Marking Phase
[53.021s][info][gc,phases      ] GC(262) Marking Phase 284.538ms
[53.021s][info][gc,phases,start] GC(262) Summary Phase
[53.021s][info][gc,phases      ] GC(262) Summary Phase 0.025ms
[53.021s][info][gc,phases,start] GC(262) Adjust Roots
[53.021s][info][gc,phases      ] GC(262) Adjust Roots 0.229ms
[53.021s][info][gc,phases,start] GC(262) Compaction Phase
[53.335s][info][gc,phases      ] GC(262) Compaction Phase 313.409ms
[53.335s][info][gc,phases,start] GC(262) Post Compact
[53.337s][info][gc,phases      ] GC(262) Post Compact 2.319ms
[53.337s][info][gc,heap        ] GC(262) PSYoungGen: 23551K(91648K)->23551K(91648K) Eden: 23551K(23552K)->23551K(23552K) From: 0K(68096K)->0K(68096K)
[53.337s][info][gc,heap        ] GC(262) ParOldGen: 1228800K(1228800K)->1228798K(1228800K)
[53.337s][info][gc,metaspace   ] GC(262) Metaspace: 6297K(6464K)->6297K(6464K) NonClass: 5765K(5824K)->5765K(5824K) Class: 532K(640K)->532K(640K)
[53.337s][info][gc             ] GC(262) Pause Full (Ergonomics) 1222M->1222M(1289M) 600.874ms
[53.337s][info][gc,cpu         ] GC(262) User=4.28s Sys=0.00s Real=0.60s
[53.338s][info][gc,start       ] GC(263) Pause Full (Ergonomics)
[53.338s][info][gc,phases,start] GC(263) Marking Phase
[53.623s][info][gc,phases      ] GC(263) Marking Phase 285.762ms
[53.623s][info][gc,phases,start] GC(263) Summary Phase
[53.624s][info][gc,phases      ] GC(263) Summary Phase 0.026ms
[53.624s][info][gc,phases,start] GC(263) Adjust Roots
[53.624s][info][gc,phases      ] GC(263) Adjust Roots 0.200ms
[53.624s][info][gc,phases,start] GC(263) Compaction Phase
[53.706s][info][gc,phases      ] GC(263) Compaction Phase 82.070ms
[53.706s][info][gc,phases,start] GC(263) Post Compact
[53.708s][info][gc,phases      ] GC(263) Post Compact 1.927ms
[53.708s][info][gc,heap        ] GC(263) PSYoungGen: 23551K(91648K)->23551K(91648K) Eden: 23551K(23552K)->23551K(23552K) From: 0K(68096K)->0K(68096K)
[53.708s][info][gc,heap        ] GC(263) ParOldGen: 1228798K(1228800K)->1228798K(1228800K)
[53.708s][info][gc,metaspace   ] GC(263) Metaspace: 6297K(6464K)->6297K(6464K) NonClass: 5765K(5824K)->5765K(5824K) Class: 532K(640K)->532K(640K)
[53.708s][info][gc             ] GC(263) Pause Full (Ergonomics) 1222M->1222M(1289M) 370.327ms
[53.708s][info][gc,cpu         ] GC(263) User=2.62s Sys=0.00s Real=0.37s
[53.709s][info][gc,start       ] GC(264) Pause Full (Ergonomics)
[53.709s][info][gc,phases,start] GC(264) Marking Phase
[54.002s][info][gc,phases      ] GC(264) Marking Phase 292.383ms
[54.002s][info][gc,phases,start] GC(264) Summary Phase
[54.002s][info][gc,phases      ] GC(264) Summary Phase 0.026ms
[54.002s][info][gc,phases,start] GC(264) Adjust Roots
[54.002s][info][gc,phases      ] GC(264) Adjust Roots 0.345ms
[54.002s][info][gc,phases,start] GC(264) Compaction Phase
[54.321s][info][gc,phases      ] GC(264) Compaction Phase 318.561ms
[54.321s][info][gc,phases,start] GC(264) Post Compact
[54.323s][info][gc,phases      ] GC(264) Post Compact 2.332ms
[54.323s][info][gc,heap        ] GC(264) PSYoungGen: 23551K(91648K)->23551K(91648K) Eden: 23551K(23552K)->23551K(23552K) From: 0K(68096K)->0K(68096K)
[54.323s][info][gc,heap        ] GC(264) ParOldGen: 1228799K(1228800K)->1228797K(1228800K)
[54.323s][info][gc,metaspace   ] GC(264) Metaspace: 6299K(6464K)->6299K(6464K) NonClass: 5765K(5824K)->5765K(5824K) Class: 533K(640K)->533K(640K)
[54.323s][info][gc             ] GC(264) Pause Full (Ergonomics) 1222M->1222M(1289M) 614.035ms
[54.323s][info][gc,cpu         ] GC(264) User=4.53s Sys=0.00s Real=0.61s
[54.324s][info][gc,heap,exit   ] Heap
[54.324s][info][gc,heap,exit   ]  PSYoungGen      total 91648K, used 23551K [0x00000000da800000, 0x00000000e4680000, 0x0000000100000000)
[54.324s][info][gc,heap,exit   ]   eden space 23552K, 99% used [0x00000000da800000,0x00000000dbeffff8,0x00000000dbf00000)
[54.324s][info][gc,heap,exit   ]   from space 68096K, 0% used [0x00000000e0400000,0x00000000e0400000,0x00000000e4680000)
[54.324s][info][gc,heap,exit   ]   to   space 68096K, 0% used [0x00000000dbf00000,0x00000000dbf00000,0x00000000e0180000)
[54.324s][info][gc,heap,exit   ]  ParOldGen       total 1228800K, used 1228797K [0x000000008f800000, 0x00000000da800000, 0x00000000da800000)
[54.324s][info][gc,heap,exit   ]   object space 1228800K, 99% used [0x000000008f800000,0x00000000da7ff780,0x00000000da800000)
[54.324s][info][gc,heap,exit   ]  Metaspace       used 6302K, committed 6464K, reserved 1114112K
[54.324s][info][gc,heap,exit   ]   class space    used 534K, committed 640K, reserved 1048576K
