[0.011s][info][gc,init] CardTable entry size: 512
[0.012s][info][gc     ] Using Parallel
[0.012s][info][gc,init] Version: 18.0.1+10 (release)
[0.012s][info][gc,init] CPUs: 8 total, 8 available
[0.012s][info][gc,init] Memory: 16063M
[0.013s][info][gc,init] Large Page Support: Disabled
[0.013s][info][gc,init] NUMA Support: Disabled
[0.013s][info][gc,init] Compressed Oops: Enabled (Zero based)
[0.013s][info][gc,init] Alignments: Space 512K, Generation 512K, Heap 2M
[0.013s][info][gc,init] Heap Min Capacity: 2M
[0.013s][info][gc,init] Heap Initial Capacity: 2M
[0.013s][info][gc,init] Heap Max Capacity: 8800M
[0.013s][info][gc,init] Pre-touch: Disabled
[0.013s][info][gc,init] Parallel Workers: 8
[0.013s][info][gc,metaspace] CDS archive(s) not mapped
[0.013s][info][gc,metaspace] Compressed class space mapped at: 0x0000000800000000-0x0000000840000000, reserved size: 1073741824
[0.013s][info][gc,metaspace] Narrow klass base: 0x0000000800000000, Narrow klass shift: 0, Narrow klass range: 0x40000000
[0.098s][info][gc,start    ] GC(0) Pause Young (Allocation Failure)
[0.099s][info][gc,heap     ] GC(0) PSYoungGen: 512K(1024K)->480K(1024K) Eden: 512K(512K)->0K(512K) From: 0K(512K)->480K(512K)
[0.099s][info][gc,heap     ] GC(0) ParOldGen: 0K(512K)->8K(512K)
[0.099s][info][gc,metaspace] GC(0) Metaspace: 4229K(4352K)->4229K(4352K) NonClass: 3908K(3968K)->3908K(3968K) Class: 321K(384K)->321K(384K)
[0.099s][info][gc          ] GC(0) Pause Young (Allocation Failure) 0M->0M(1M) 1.452ms
[0.099s][info][gc,cpu      ] GC(0) User=0.00s Sys=0.00s Real=0.00s
[0.162s][info][gc,start    ] GC(1) Pause Young (Allocation Failure)
[0.162s][info][gc,heap     ] GC(1) PSYoungGen: 991K(1024K)->512K(1536K) Eden: 511K(512K)->0K(1024K) From: 480K(512K)->512K(512K)
[0.162s][info][gc,heap     ] GC(1) ParOldGen: 8K(512K)->88K(512K)
[0.162s][info][gc,metaspace] GC(1) Metaspace: 5877K(5952K)->5877K(5952K) NonClass: 5380K(5440K)->5380K(5440K) Class: 496K(512K)->496K(512K)
[0.162s][info][gc          ] GC(1) Pause Young (Allocation Failure) 0M->0M(2M) 0.834ms
[0.163s][info][gc,cpu      ] GC(1) User=0.00s Sys=0.00s Real=0.00s
[0.182s][info][gc,start    ] GC(2) Pause Young (Allocation Failure)
[0.183s][info][gc,heap     ] GC(2) PSYoungGen: 1536K(1536K)->512K(1536K) Eden: 1024K(1024K)->0K(1024K) From: 512K(512K)->512K(512K)
[0.183s][info][gc,heap     ] GC(2) ParOldGen: 88K(512K)->512K(1024K)
[0.183s][info][gc,metaspace] GC(2) Metaspace: 6296K(6464K)->6296K(6464K) NonClass: 5763K(5824K)->5763K(5824K) Class: 533K(640K)->533K(640K)
[0.183s][info][gc          ] GC(2) Pause Young (Allocation Failure) 1M->1M(2M) 1.115ms
[0.183s][info][gc,cpu      ] GC(2) User=0.00s Sys=0.00s Real=0.00s
[0.184s][info][gc,start    ] GC(3) Pause Young (Allocation Failure)
[0.186s][info][gc,heap     ] GC(3) PSYoungGen: 1536K(1536K)->480K(2560K) Eden: 1024K(1024K)->0K(2048K) From: 512K(512K)->480K(512K)
[0.186s][info][gc,heap     ] GC(3) ParOldGen: 512K(1024K)->1072K(1536K)
[0.186s][info][gc,metaspace] GC(3) Metaspace: 6296K(6464K)->6296K(6464K) NonClass: 5763K(5824K)->5763K(5824K) Class: 533K(640K)->533K(640K)
[0.186s][info][gc          ] GC(3) Pause Young (Allocation Failure) 2M->1M(4M) 1.230ms
[0.186s][info][gc,cpu      ] GC(3) User=0.00s Sys=0.00s Real=0.00s
[0.186s][info][gc,start    ] GC(4) Pause Full (Ergonomics)
[0.186s][info][gc,phases,start] GC(4) Marking Phase
[0.187s][info][gc,phases      ] GC(4) Marking Phase 1.428ms
[0.187s][info][gc,phases,start] GC(4) Summary Phase
[0.187s][info][gc,phases      ] GC(4) Summary Phase 0.016ms
[0.187s][info][gc,phases,start] GC(4) Adjust Roots
[0.188s][info][gc,phases      ] GC(4) Adjust Roots 0.345ms
[0.188s][info][gc,phases,start] GC(4) Compaction Phase
[0.190s][info][gc,phases      ] GC(4) Compaction Phase 2.111ms
[0.190s][info][gc,phases,start] GC(4) Post Compact
[0.190s][info][gc,phases      ] GC(4) Post Compact 0.094ms
[0.190s][info][gc,heap        ] GC(4) PSYoungGen: 480K(2560K)->0K(2560K) Eden: 0K(2048K)->0K(2048K) From: 480K(512K)->0K(512K)
[0.190s][info][gc,heap        ] GC(4) ParOldGen: 1072K(1536K)->1496K(3584K)
[0.190s][info][gc,metaspace   ] GC(4) Metaspace: 6296K(6464K)->6296K(6464K) NonClass: 5763K(5824K)->5763K(5824K) Class: 533K(640K)->533K(640K)
[0.190s][info][gc             ] GC(4) Pause Full (Ergonomics) 1M->1M(6M) 4.362ms
[0.190s][info][gc,cpu         ] GC(4) User=0.00s Sys=0.00s Real=0.00s
[0.193s][info][gc,start       ] GC(5) Pause Young (Allocation Failure)
[0.194s][info][gc,heap        ] GC(5) PSYoungGen: 2048K(2560K)->480K(3584K) Eden: 2048K(2048K)->0K(3072K) From: 0K(512K)->480K(512K)
[0.194s][info][gc,heap        ] GC(5) ParOldGen: 1496K(3584K)->2112K(3584K)
[0.194s][info][gc,metaspace   ] GC(5) Metaspace: 6296K(6464K)->6296K(6464K) NonClass: 5763K(5824K)->5763K(5824K) Class: 533K(640K)->533K(640K)
[0.194s][info][gc             ] GC(5) Pause Young (Allocation Failure) 3M->2M(7M) 1.403ms
[0.194s][info][gc,cpu         ] GC(5) User=0.00s Sys=0.00s Real=0.00s
[0.198s][info][gc,start       ] GC(6) Pause Young (Allocation Failure)
[0.200s][info][gc,heap        ] GC(6) PSYoungGen: 3552K(3584K)->1504K(4608K) Eden: 3072K(3072K)->0K(3072K) From: 480K(512K)->1504K(1536K)
[0.200s][info][gc,heap        ] GC(6) ParOldGen: 2112K(3584K)->2688K(3584K)
[0.200s][info][gc,metaspace   ] GC(6) Metaspace: 6296K(6464K)->6296K(6464K) NonClass: 5763K(5824K)->5763K(5824K) Class: 533K(640K)->533K(640K)
[0.200s][info][gc             ] GC(6) Pause Young (Allocation Failure) 5M->4M(8M) 2.099ms
[0.200s][info][gc,cpu         ] GC(6) User=0.00s Sys=0.00s Real=0.00s
[0.201s][info][gc,start       ] GC(7) Pause Full (Ergonomics)
[0.201s][info][gc,phases,start] GC(7) Marking Phase
[0.203s][info][gc,phases      ] GC(7) Marking Phase 2.068ms
[0.203s][info][gc,phases,start] GC(7) Summary Phase
[0.203s][info][gc,phases      ] GC(7) Summary Phase 0.015ms
[0.203s][info][gc,phases,start] GC(7) Adjust Roots
[0.203s][info][gc,phases      ] GC(7) Adjust Roots 0.394ms
[0.203s][info][gc,phases,start] GC(7) Compaction Phase
[0.206s][info][gc,phases      ] GC(7) Compaction Phase 2.694ms
[0.206s][info][gc,phases,start] GC(7) Post Compact
[0.206s][info][gc,phases      ] GC(7) Post Compact 0.032ms
[0.206s][info][gc,heap        ] GC(7) PSYoungGen: 1504K(4608K)->989K(4608K) Eden: 0K(3072K)->0K(3072K) From: 1504K(1536K)->989K(1536K)
[0.206s][info][gc,heap        ] GC(7) ParOldGen: 2688K(3584K)->3127K(6144K)
[0.206s][info][gc,metaspace   ] GC(7) Metaspace: 6296K(6464K)->6296K(6464K) NonClass: 5763K(5824K)->5763K(5824K) Class: 533K(640K)->533K(640K)
[0.206s][info][gc             ] GC(7) Pause Full (Ergonomics) 4M->4M(10M) 5.548ms
[0.206s][info][gc,cpu         ] GC(7) User=0.00s Sys=0.00s Real=0.01s
[0.210s][info][gc,start       ] GC(8) Pause Young (Allocation Failure)
[0.213s][info][gc,heap        ] GC(8) PSYoungGen: 4061K(4608K)->2048K(5632K) Eden: 3072K(3072K)->0K(3584K) From: 989K(1536K)->2048K(2048K)
[0.213s][info][gc,heap        ] GC(8) ParOldGen: 3127K(6144K)->3663K(6144K)
[0.213s][info][gc,metaspace   ] GC(8) Metaspace: 6296K(6464K)->6296K(6464K) NonClass: 5763K(5824K)->5763K(5824K) Class: 533K(640K)->533K(640K)
[0.213s][info][gc             ] GC(8) Pause Young (Allocation Failure) 7M->5M(11M) 2.562ms
[0.213s][info][gc,cpu         ] GC(8) User=0.00s Sys=0.00s Real=0.00s
[0.219s][info][gc,start       ] GC(9) Pause Young (Allocation Failure)
[0.222s][info][gc,heap        ] GC(9) PSYoungGen: 5632K(5632K)->3040K(6656K) Eden: 3584K(3584K)->0K(3584K) From: 2048K(2048K)->3040K(3072K)
[0.222s][info][gc,heap        ] GC(9) ParOldGen: 3663K(6144K)->4663K(6144K)
[0.222s][info][gc,metaspace   ] GC(9) Metaspace: 6296K(6464K)->6296K(6464K) NonClass: 5763K(5824K)->5763K(5824K) Class: 533K(640K)->533K(640K)
[0.222s][info][gc             ] GC(9) Pause Young (Allocation Failure) 9M->7M(12M) 3.468ms
[0.222s][info][gc,cpu         ] GC(9) User=0.00s Sys=0.00s Real=0.00s
[0.226s][info][gc,start       ] GC(10) Pause Young (Allocation Failure)
[0.230s][info][gc,heap        ] GC(10) PSYoungGen: 6624K(6656K)->4064K(9216K) Eden: 3584K(3584K)->0K(5120K) From: 3040K(3072K)->4064K(4096K)
[0.230s][info][gc,heap        ] GC(10) ParOldGen: 4663K(6144K)->5543K(6144K)
[0.230s][info][gc,metaspace   ] GC(10) Metaspace: 6296K(6464K)->6296K(6464K) NonClass: 5763K(5824K)->5763K(5824K) Class: 533K(640K)->533K(640K)
[0.230s][info][gc             ] GC(10) Pause Young (Allocation Failure) 11M->9M(15M) 4.323ms
[0.230s][info][gc,cpu         ] GC(10) User=0.00s Sys=0.00s Real=0.00s
[0.230s][info][gc,start       ] GC(11) Pause Full (Ergonomics)
[0.230s][info][gc,phases,start] GC(11) Marking Phase
[0.234s][info][gc,phases      ] GC(11) Marking Phase 4.063ms
[0.234s][info][gc,phases,start] GC(11) Summary Phase
[0.234s][info][gc,phases      ] GC(11) Summary Phase 0.016ms
[0.234s][info][gc,phases,start] GC(11) Adjust Roots
[0.234s][info][gc,phases      ] GC(11) Adjust Roots 0.168ms
[0.234s][info][gc,phases,start] GC(11) Compaction Phase
[0.238s][info][gc,phases      ] GC(11) Compaction Phase 3.993ms
[0.238s][info][gc,phases,start] GC(11) Post Compact
[0.239s][info][gc,phases      ] GC(11) Post Compact 0.067ms
[0.239s][info][gc,heap        ] GC(11) PSYoungGen: 4064K(9216K)->3440K(9216K) Eden: 0K(5120K)->0K(5120K) From: 4064K(4096K)->3440K(4096K)
[0.239s][info][gc,heap        ] GC(11) ParOldGen: 5543K(6144K)->5936K(10240K)
[0.239s][info][gc,metaspace   ] GC(11) Metaspace: 6296K(6464K)->6296K(6464K) NonClass: 5763K(5824K)->5763K(5824K) Class: 533K(640K)->533K(640K)
[0.239s][info][gc             ] GC(11) Pause Full (Ergonomics) 9M->9M(19M) 8.614ms
[0.239s][info][gc,cpu         ] GC(11) User=0.00s Sys=0.00s Real=0.01s
[0.245s][info][gc,start       ] GC(12) Pause Young (Allocation Failure)
[0.250s][info][gc,heap        ] GC(12) PSYoungGen: 8560K(9216K)->4576K(9728K) Eden: 5120K(5120K)->0K(5120K) From: 3440K(4096K)->4576K(4608K)
[0.250s][info][gc,heap        ] GC(12) ParOldGen: 5936K(10240K)->7728K(10240K)
[0.250s][info][gc,metaspace   ] GC(12) Metaspace: 6296K(6464K)->6296K(6464K) NonClass: 5763K(5824K)->5763K(5824K) Class: 533K(640K)->533K(640K)
[0.250s][info][gc             ] GC(12) Pause Young (Allocation Failure) 14M->12M(19M) 5.157ms
[0.251s][info][gc,cpu         ] GC(12) User=0.00s Sys=0.00s Real=0.01s
[0.255s][info][gc,start       ] GC(13) Pause Young (Allocation Failure)
[0.260s][info][gc,heap        ] GC(13) PSYoungGen: 9696K(9728K)->2656K(12288K) Eden: 5120K(5120K)->0K(7168K) From: 4576K(4608K)->2656K(5120K)
[0.261s][info][gc,heap        ] GC(13) ParOldGen: 7728K(10240K)->12368K(12800K)
[0.261s][info][gc,metaspace   ] GC(13) Metaspace: 6298K(6464K)->6298K(6464K) NonClass: 5764K(5824K)->5764K(5824K) Class: 533K(640K)->533K(640K)
[0.261s][info][gc             ] GC(13) Pause Young (Allocation Failure) 17M->14M(24M) 5.757ms
[0.261s][info][gc,cpu         ] GC(13) User=0.00s Sys=0.00s Real=0.01s
[0.261s][info][gc,start       ] GC(14) Pause Full (Ergonomics)
[0.261s][info][gc,phases,start] GC(14) Marking Phase
[0.267s][info][gc,phases      ] GC(14) Marking Phase 6.256ms
[0.267s][info][gc,phases,start] GC(14) Summary Phase
[0.267s][info][gc,phases      ] GC(14) Summary Phase 0.015ms
[0.267s][info][gc,phases,start] GC(14) Adjust Roots
[0.267s][info][gc,phases      ] GC(14) Adjust Roots 0.197ms
[0.267s][info][gc,phases,start] GC(14) Compaction Phase
[0.273s][info][gc,phases      ] GC(14) Compaction Phase 6.005ms
[0.273s][info][gc,phases,start] GC(14) Post Compact
[0.273s][info][gc,phases      ] GC(14) Post Compact 0.071ms
[0.273s][info][gc,heap        ] GC(14) PSYoungGen: 2656K(12288K)->2099K(12800K) Eden: 0K(7168K)->0K(7680K) From: 2656K(5120K)->2099K(5120K)
[0.273s][info][gc,heap        ] GC(14) ParOldGen: 12368K(12800K)->12517K(19968K)
[0.273s][info][gc,metaspace   ] GC(14) Metaspace: 6298K(6464K)->6298K(6464K) NonClass: 5764K(5824K)->5764K(5824K) Class: 533K(640K)->533K(640K)
[0.274s][info][gc             ] GC(14) Pause Full (Ergonomics) 14M->14M(32M) 12.858ms
[0.274s][info][gc,cpu         ] GC(14) User=0.00s Sys=0.00s Real=0.01s
[0.279s][info][gc,start       ] GC(15) Pause Young (Allocation Failure)
[0.284s][info][gc,heap        ] GC(15) PSYoungGen: 9779K(12800K)->4000K(13312K) Eden: 7680K(7680K)->0K(7680K) From: 2099K(5120K)->4000K(5632K)
[0.284s][info][gc,heap        ] GC(15) ParOldGen: 12517K(19968K)->14653K(19968K)
[0.284s][info][gc,metaspace   ] GC(15) Metaspace: 6298K(6464K)->6298K(6464K) NonClass: 5764K(5824K)->5764K(5824K) Class: 533K(640K)->533K(640K)
[0.284s][info][gc             ] GC(15) Pause Young (Allocation Failure) 21M->18M(32M) 5.155ms
[0.284s][info][gc,cpu         ] GC(15) User=0.00s Sys=0.00s Real=0.01s
[0.289s][info][gc,start       ] GC(16) Pause Young (Allocation Failure)
[0.295s][info][gc,heap        ] GC(16) PSYoungGen: 11680K(13312K)->4000K(16896K) Eden: 7680K(7680K)->0K(10752K) From: 4000K(5632K)->4000K(6144K)
[0.296s][info][gc,heap        ] GC(16) ParOldGen: 14653K(19968K)->18661K(19968K)
[0.296s][info][gc,metaspace   ] GC(16) Metaspace: 6298K(6464K)->6298K(6464K) NonClass: 5764K(5824K)->5764K(5824K) Class: 533K(640K)->533K(640K)
[0.296s][info][gc             ] GC(16) Pause Young (Allocation Failure) 25M->22M(36M) 6.603ms
[0.296s][info][gc,cpu         ] GC(16) User=0.00s Sys=0.00s Real=0.01s
[0.296s][info][gc,start       ] GC(17) Pause Full (Ergonomics)
[0.296s][info][gc,phases,start] GC(17) Marking Phase
[0.305s][info][gc,phases      ] GC(17) Marking Phase 8.974ms
[0.305s][info][gc,phases,start] GC(17) Summary Phase
[0.305s][info][gc,phases      ] GC(17) Summary Phase 0.021ms
[0.305s][info][gc,phases,start] GC(17) Adjust Roots
[0.305s][info][gc,phases      ] GC(17) Adjust Roots 0.252ms
[0.305s][info][gc,phases,start] GC(17) Compaction Phase
[0.312s][info][gc,phases      ] GC(17) Compaction Phase 7.291ms
[0.312s][info][gc,phases,start] GC(17) Post Compact
[0.313s][info][gc,phases      ] GC(17) Post Compact 0.160ms
[0.313s][info][gc,heap        ] GC(17) PSYoungGen: 4000K(16896K)->2943K(16896K) Eden: 0K(10752K)->0K(10752K) From: 4000K(6144K)->2943K(6144K)
[0.313s][info][gc,heap        ] GC(17) ParOldGen: 18661K(19968K)->19578K(29184K)
[0.313s][info][gc,metaspace   ] GC(17) Metaspace: 6298K(6464K)->6298K(6464K) NonClass: 5764K(5824K)->5764K(5824K) Class: 533K(640K)->533K(640K)
[0.313s][info][gc             ] GC(17) Pause Full (Ergonomics) 22M->21M(45M) 17.098ms
[0.313s][info][gc,cpu         ] GC(17) User=0.00s Sys=0.00s Real=0.02s
[0.322s][info][gc,start       ] GC(18) Pause Young (Allocation Failure)
[0.329s][info][gc,heap        ] GC(18) PSYoungGen: 13695K(16896K)->6112K(16896K) Eden: 10752K(10752K)->0K(10752K) From: 2943K(6144K)->6112K(6144K)
[0.329s][info][gc,heap        ] GC(18) ParOldGen: 19578K(29184K)->22578K(29184K)
[0.329s][info][gc,metaspace   ] GC(18) Metaspace: 6298K(6464K)->6298K(6464K) NonClass: 5764K(5824K)->5764K(5824K) Class: 533K(640K)->533K(640K)
[0.329s][info][gc             ] GC(18) Pause Young (Allocation Failure) 32M->28M(45M) 7.401ms
[0.329s][info][gc,cpu         ] GC(18) User=0.00s Sys=0.00s Real=0.01s
[0.336s][info][gc,start       ] GC(19) Pause Young (Allocation Failure)
[0.345s][info][gc,heap        ] GC(19) PSYoungGen: 16864K(16896K)->5600K(20992K) Eden: 10752K(10752K)->0K(13824K) From: 6112K(6144K)->5600K(7168K)
[0.345s][info][gc,heap        ] GC(19) ParOldGen: 22578K(29184K)->28723K(29184K)
[0.345s][info][gc,metaspace   ] GC(19) Metaspace: 6298K(6464K)->6298K(6464K) NonClass: 5764K(5824K)->5764K(5824K) Class: 533K(640K)->533K(640K)
[0.345s][info][gc             ] GC(19) Pause Young (Allocation Failure) 38M->33M(49M) 9.190ms
[0.345s][info][gc,cpu         ] GC(19) User=0.00s Sys=0.00s Real=0.01s
[0.345s][info][gc,start       ] GC(20) Pause Full (Ergonomics)
[0.345s][info][gc,phases,start] GC(20) Marking Phase
[0.359s][info][gc,phases      ] GC(20) Marking Phase 13.737ms
[0.359s][info][gc,phases,start] GC(20) Summary Phase
[0.359s][info][gc,phases      ] GC(20) Summary Phase 0.017ms
[0.359s][info][gc,phases,start] GC(20) Adjust Roots
[0.359s][info][gc,phases      ] GC(20) Adjust Roots 0.176ms
[0.359s][info][gc,phases,start] GC(20) Compaction Phase
[0.371s][info][gc,phases      ] GC(20) Compaction Phase 11.705ms
[0.371s][info][gc,phases,start] GC(20) Post Compact
[0.371s][info][gc,phases      ] GC(20) Post Compact 0.121ms
[0.371s][info][gc,heap        ] GC(20) PSYoungGen: 5600K(20992K)->4535K(20992K) Eden: 0K(13824K)->0K(13824K) From: 5600K(7168K)->4535K(7168K)
[0.372s][info][gc,heap        ] GC(20) ParOldGen: 28723K(29184K)->29085K(41472K)
[0.372s][info][gc,metaspace   ] GC(20) Metaspace: 6298K(6464K)->6298K(6464K) NonClass: 5764K(5824K)->5764K(5824K) Class: 533K(640K)->533K(640K)
[0.372s][info][gc             ] GC(20) Pause Full (Ergonomics) 33M->32M(61M) 26.169ms
[0.372s][info][gc,cpu         ] GC(20) User=0.03s Sys=0.00s Real=0.03s
[0.383s][info][gc,start       ] GC(21) Pause Young (Allocation Failure)
[0.396s][info][gc,heap        ] GC(21) PSYoungGen: 16914K(20992K)->7680K(21504K) Eden: 12379K(13824K)->0K(13824K) From: 4535K(7168K)->7680K(7680K)
[0.396s][info][gc,heap        ] GC(21) ParOldGen: 29085K(41472K)->37165K(41472K)
[0.396s][info][gc,metaspace   ] GC(21) Metaspace: 6298K(6464K)->6298K(6464K) NonClass: 5764K(5824K)->5764K(5824K) Class: 533K(640K)->533K(640K)
[0.396s][info][gc             ] GC(21) Pause Young (Allocation Failure) 44M->43M(61M) 13.205ms
[0.396s][info][gc,cpu         ] GC(21) User=0.00s Sys=0.00s Real=0.01s
[0.396s][info][gc,start       ] GC(22) Pause Full (Ergonomics)
[0.396s][info][gc,phases,start] GC(22) Marking Phase
[0.415s][info][gc,phases      ] GC(22) Marking Phase 18.199ms
[0.415s][info][gc,phases,start] GC(22) Summary Phase
[0.415s][info][gc,phases      ] GC(22) Summary Phase 0.019ms
[0.415s][info][gc,phases,start] GC(22) Adjust Roots
[0.415s][info][gc,phases      ] GC(22) Adjust Roots 0.155ms
[0.415s][info][gc,phases,start] GC(22) Compaction Phase
[0.426s][info][gc,phases      ] GC(22) Compaction Phase 10.783ms
[0.426s][info][gc,phases,start] GC(22) Post Compact
[0.426s][info][gc,phases      ] GC(22) Post Compact 0.214ms
[0.426s][info][gc,heap        ] GC(22) PSYoungGen: 7680K(21504K)->3577K(21504K) Eden: 0K(13824K)->0K(13824K) From: 7680K(7680K)->3577K(7680K)
[0.426s][info][gc,heap        ] GC(22) ParOldGen: 37165K(41472K)->41119K(56832K)
[0.426s][info][gc,metaspace   ] GC(22) Metaspace: 6298K(6464K)->6298K(6464K) NonClass: 5764K(5824K)->5764K(5824K) Class: 533K(640K)->533K(640K)
[0.426s][info][gc             ] GC(22) Pause Full (Ergonomics) 43M->43M(76M) 29.740ms
[0.426s][info][gc,cpu         ] GC(22) User=0.03s Sys=0.00s Real=0.03s
[0.444s][info][gc,start       ] GC(23) Pause Young (Allocation Failure)
[0.459s][info][gc,heap        ] GC(23) PSYoungGen: 17401K(21504K)->12256K(25088K) Eden: 13824K(13824K)->0K(12800K) From: 3577K(7680K)->12256K(12288K)
[0.460s][info][gc,heap        ] GC(23) ParOldGen: 41119K(56832K)->46351K(56832K)
[0.460s][info][gc,metaspace   ] GC(23) Metaspace: 6298K(6464K)->6298K(6464K) NonClass: 5764K(5824K)->5764K(5824K) Class: 533K(640K)->533K(640K)
[0.460s][info][gc             ] GC(23) Pause Young (Allocation Failure) 57M->57M(80M) 15.421ms
[0.460s][info][gc,cpu         ] GC(23) User=0.00s Sys=0.00s Real=0.01s
[0.472s][info][gc,start       ] GC(24) Pause Young (Allocation Failure)
[0.490s][info][gc,heap        ] GC(24) PSYoungGen: 25056K(25088K)->12832K(29184K) Eden: 12800K(12800K)->0K(12800K) From: 12256K(12288K)->12832K(16384K)
[0.490s][info][gc,heap        ] GC(24) ParOldGen: 46351K(56832K)->58759K(58880K)
[0.490s][info][gc,metaspace   ] GC(24) Metaspace: 6298K(6464K)->6298K(6464K) NonClass: 5764K(5824K)->5764K(5824K) Class: 533K(640K)->533K(640K)
[0.490s][info][gc             ] GC(24) Pause Young (Allocation Failure) 69M->69M(86M) 17.404ms
[0.490s][info][gc,cpu         ] GC(24) User=0.03s Sys=0.00s Real=0.02s
[0.490s][info][gc,start       ] GC(25) Pause Full (Ergonomics)
[0.490s][info][gc,phases,start] GC(25) Marking Phase
[0.517s][info][gc,phases      ] GC(25) Marking Phase 27.367ms
[0.517s][info][gc,phases,start] GC(25) Summary Phase
[0.517s][info][gc,phases      ] GC(25) Summary Phase 0.024ms
[0.517s][info][gc,phases,start] GC(25) Adjust Roots
[0.518s][info][gc,phases      ] GC(25) Adjust Roots 0.162ms
[0.518s][info][gc,phases,start] GC(25) Compaction Phase
[0.539s][info][gc,phases      ] GC(25) Compaction Phase 21.397ms
[0.539s][info][gc,phases,start] GC(25) Post Compact
[0.539s][info][gc,phases      ] GC(25) Post Compact 0.234ms
[0.539s][info][gc,heap        ] GC(25) PSYoungGen: 12832K(29184K)->11743K(29184K) Eden: 0K(12800K)->0K(12800K) From: 12832K(16384K)->11743K(16384K)
[0.540s][info][gc,heap        ] GC(25) ParOldGen: 58759K(58880K)->58493K(78848K)
[0.540s][info][gc,metaspace   ] GC(25) Metaspace: 6298K(6464K)->6298K(6464K) NonClass: 5764K(5824K)->5764K(5824K) Class: 533K(640K)->533K(640K)
[0.540s][info][gc             ] GC(25) Pause Full (Ergonomics) 69M->68M(105M) 49.608ms
[0.540s][info][gc,cpu         ] GC(25) User=0.05s Sys=0.00s Real=0.05s
[0.552s][info][gc,start       ] GC(26) Pause Young (Allocation Failure)
[0.574s][info][gc,heap        ] GC(26) PSYoungGen: 24543K(29184K)->12832K(32256K) Eden: 12800K(12800K)->0K(14336K) From: 11743K(16384K)->12832K(17920K)
[0.574s][info][gc,heap        ] GC(26) ParOldGen: 58493K(78848K)->70429K(78848K)
[0.574s][info][gc,metaspace   ] GC(26) Metaspace: 6298K(6464K)->6298K(6464K) NonClass: 5764K(5824K)->5764K(5824K) Class: 533K(640K)->533K(640K)
[0.574s][info][gc             ] GC(26) Pause Young (Allocation Failure) 81M->81M(108M) 21.258ms
[0.574s][info][gc,cpu         ] GC(26) User=0.02s Sys=0.02s Real=0.02s
[0.574s][info][gc,start       ] GC(27) Pause Full (Ergonomics)
[0.574s][info][gc,phases,start] GC(27) Marking Phase
[0.606s][info][gc,phases      ] GC(27) Marking Phase 31.911ms
[0.606s][info][gc,phases,start] GC(27) Summary Phase
[0.606s][info][gc,phases      ] GC(27) Summary Phase 0.018ms
[0.606s][info][gc,phases,start] GC(27) Adjust Roots
[0.606s][info][gc,phases      ] GC(27) Adjust Roots 0.179ms
[0.606s][info][gc,phases,start] GC(27) Compaction Phase
[0.625s][info][gc,phases      ] GC(27) Compaction Phase 18.610ms
[0.625s][info][gc,phases,start] GC(27) Post Compact
[0.625s][info][gc,phases      ] GC(27) Post Compact 0.347ms
[0.625s][info][gc,heap        ] GC(27) PSYoungGen: 12832K(32256K)->4594K(32256K) Eden: 0K(14336K)->0K(14336K) From: 12832K(17920K)->4594K(17920K)
[0.625s][info][gc,heap        ] GC(27) ParOldGen: 70429K(78848K)->78413K(102912K)
[0.625s][info][gc,metaspace   ] GC(27) Metaspace: 6298K(6464K)->6298K(6464K) NonClass: 5764K(5824K)->5764K(5824K) Class: 533K(640K)->533K(640K)
[0.625s][info][gc             ] GC(27) Pause Full (Ergonomics) 81M->81M(132M) 51.465ms
[0.625s][info][gc,cpu         ] GC(27) User=0.05s Sys=0.02s Real=0.05s
[0.648s][info][gc,start       ] GC(28) Pause Young (Allocation Failure)
[0.661s][info][gc,heap        ] GC(28) PSYoungGen: 18930K(32256K)->18912K(33280K) Eden: 14336K(14336K)->0K(14336K) From: 4594K(17920K)->18912K(18944K)
[0.661s][info][gc,heap        ] GC(28) ParOldGen: 78413K(102912K)->78445K(102912K)
[0.661s][info][gc,metaspace   ] GC(28) Metaspace: 6298K(6464K)->6298K(6464K) NonClass: 5764K(5824K)->5764K(5824K) Class: 533K(640K)->533K(640K)
[0.661s][info][gc             ] GC(28) Pause Young (Allocation Failure) 95M->95M(133M) 13.379ms
[0.661s][info][gc,cpu         ] GC(28) User=0.00s Sys=0.00s Real=0.01s
[0.674s][info][gc,start       ] GC(29) Pause Young (Allocation Failure)
[0.691s][info][gc,heap        ] GC(29) PSYoungGen: 33248K(33280K)->14368K(37888K) Eden: 14336K(14336K)->0K(15872K) From: 18912K(18944K)->14368K(22016K)
[0.692s][info][gc,heap        ] GC(29) ParOldGen: 78445K(102912K)->97573K(102912K)
[0.692s][info][gc,metaspace   ] GC(29) Metaspace: 6298K(6464K)->6298K(6464K) NonClass: 5764K(5824K)->5764K(5824K) Class: 533K(640K)->533K(640K)
[0.692s][info][gc             ] GC(29) Pause Young (Allocation Failure) 109M->109M(137M) 17.810ms
[0.692s][info][gc,cpu         ] GC(29) User=0.05s Sys=0.00s Real=0.02s
[0.692s][info][gc,start       ] GC(30) Pause Full (Ergonomics)
[0.692s][info][gc,phases,start] GC(30) Marking Phase
[0.724s][info][gc,phases      ] GC(30) Marking Phase 32.845ms
[0.725s][info][gc,phases,start] GC(30) Summary Phase
[0.725s][info][gc,phases      ] GC(30) Summary Phase 0.015ms
[0.725s][info][gc,phases,start] GC(30) Adjust Roots
[0.725s][info][gc,phases      ] GC(30) Adjust Roots 0.150ms
[0.725s][info][gc,phases,start] GC(30) Compaction Phase
[0.750s][info][gc,phases      ] GC(30) Compaction Phase 25.558ms
[0.750s][info][gc,phases,start] GC(30) Post Compact
[0.751s][info][gc,phases      ] GC(30) Post Compact 0.473ms
[0.751s][info][gc,heap        ] GC(30) PSYoungGen: 14368K(37888K)->7152K(37888K) Eden: 0K(15872K)->0K(15872K) From: 14368K(22016K)->7152K(22016K)
[0.751s][info][gc,heap        ] GC(30) ParOldGen: 97573K(102912K)->102426K(133120K)
[0.751s][info][gc,metaspace   ] GC(30) Metaspace: 6298K(6464K)->6298K(6464K) NonClass: 5764K(5824K)->5764K(5824K) Class: 533K(640K)->533K(640K)
[0.751s][info][gc             ] GC(30) Pause Full (Ergonomics) 109M->107M(167M) 59.458ms
[0.751s][info][gc,cpu         ] GC(30) User=0.09s Sys=0.00s Real=0.06s
[0.766s][info][gc,start       ] GC(31) Pause Young (Allocation Failure)
[0.785s][info][gc,heap        ] GC(31) PSYoungGen: 23024K(37888K)->23040K(38912K) Eden: 15872K(15872K)->0K(15872K) From: 7152K(22016K)->23040K(23040K)
[0.785s][info][gc,heap        ] GC(31) ParOldGen: 102426K(133120K)->102466K(133120K)
[0.785s][info][gc,metaspace   ] GC(31) Metaspace: 6298K(6464K)->6298K(6464K) NonClass: 5764K(5824K)->5764K(5824K) Class: 533K(640K)->533K(640K)
[0.785s][info][gc             ] GC(31) Pause Young (Allocation Failure) 122M->122M(168M) 19.161ms
[0.785s][info][gc,cpu         ] GC(31) User=0.03s Sys=0.00s Real=0.02s
[0.801s][info][gc,start       ] GC(32) Pause Young (Allocation Failure)
[0.823s][info][gc,heap        ] GC(32) PSYoungGen: 38912K(38912K)->15936K(46080K) Eden: 15872K(15872K)->0K(18944K) From: 23040K(23040K)->15936K(27136K)
[0.823s][info][gc,heap        ] GC(32) ParOldGen: 102466K(133120K)->125802K(133120K)
[0.823s][info][gc,metaspace   ] GC(32) Metaspace: 6298K(6464K)->6298K(6464K) NonClass: 5764K(5824K)->5764K(5824K) Class: 533K(640K)->533K(640K)
[0.823s][info][gc             ] GC(32) Pause Young (Allocation Failure) 138M->138M(175M) 22.851ms
[0.823s][info][gc,cpu         ] GC(32) User=0.08s Sys=0.00s Real=0.02s
[0.823s][info][gc,start       ] GC(33) Pause Full (Ergonomics)
[0.823s][info][gc,phases,start] GC(33) Marking Phase
[0.860s][info][gc,phases      ] GC(33) Marking Phase 36.274ms
[0.860s][info][gc,phases,start] GC(33) Summary Phase
[0.860s][info][gc,phases      ] GC(33) Summary Phase 0.015ms
[0.860s][info][gc,phases,start] GC(33) Adjust Roots
[0.860s][info][gc,phases      ] GC(33) Adjust Roots 0.140ms
[0.860s][info][gc,phases,start] GC(33) Compaction Phase
[0.879s][info][gc,phases      ] GC(33) Compaction Phase 19.377ms
[0.879s][info][gc,phases,start] GC(33) Post Compact
[0.880s][info][gc,phases      ] GC(33) Post Compact 0.508ms
[0.880s][info][gc,heap        ] GC(33) PSYoungGen: 15936K(46080K)->8175K(46080K) Eden: 0K(18944K)->0K(18944K) From: 15936K(27136K)->8175K(27136K)
[0.880s][info][gc,heap        ] GC(33) ParOldGen: 125802K(133120K)->133085K(171520K)
[0.880s][info][gc,metaspace   ] GC(33) Metaspace: 6298K(6464K)->6298K(6464K) NonClass: 5764K(5824K)->5764K(5824K) Class: 533K(640K)->533K(640K)
[0.880s][info][gc             ] GC(33) Pause Full (Ergonomics) 138M->137M(212M) 56.764ms
[0.880s][info][gc,cpu         ] GC(33) User=0.17s Sys=0.00s Real=0.06s
[0.899s][info][gc,start       ] GC(34) Pause Young (Allocation Failure)
[0.919s][info][gc,heap        ] GC(34) PSYoungGen: 27119K(46080K)->27136K(46080K) Eden: 18944K(18944K)->0K(18944K) From: 8175K(27136K)->27136K(27136K)
[0.919s][info][gc,heap        ] GC(34) ParOldGen: 133085K(171520K)->133149K(171520K)
[0.919s][info][gc,metaspace   ] GC(34) Metaspace: 6298K(6464K)->6298K(6464K) NonClass: 5764K(5824K)->5764K(5824K) Class: 533K(640K)->533K(640K)
[0.919s][info][gc             ] GC(34) Pause Young (Allocation Failure) 156M->156M(212M) 20.361ms
[0.919s][info][gc,cpu         ] GC(34) User=0.06s Sys=0.00s Real=0.02s
[0.936s][info][gc,start       ] GC(35) Pause Young (Allocation Failure)
[0.960s][info][gc,heap        ] GC(35) PSYoungGen: 44155K(46080K)->16704K(52224K) Eden: 17019K(18944K)->0K(22016K) From: 27136K(27136K)->16704K(30208K)
[0.960s][info][gc,heap        ] GC(35) ParOldGen: 133149K(171520K)->160621K(171520K)
[0.960s][info][gc,metaspace   ] GC(35) Metaspace: 6298K(6464K)->6298K(6464K) NonClass: 5764K(5824K)->5764K(5824K) Class: 533K(640K)->533K(640K)
[0.960s][info][gc             ] GC(35) Pause Young (Allocation Failure) 173M->173M(218M) 24.362ms
[0.960s][info][gc,cpu         ] GC(35) User=0.08s Sys=0.00s Real=0.02s
[0.960s][info][gc,start       ] GC(36) Pause Full (Ergonomics)
[0.960s][info][gc,phases,start] GC(36) Marking Phase
[1.010s][info][gc,phases      ] GC(36) Marking Phase 49.359ms
[1.010s][info][gc,phases,start] GC(36) Summary Phase
[1.010s][info][gc,phases      ] GC(36) Summary Phase 0.017ms
[1.010s][info][gc,phases,start] GC(36) Adjust Roots
[1.010s][info][gc,phases      ] GC(36) Adjust Roots 0.152ms
[1.010s][info][gc,phases,start] GC(36) Compaction Phase
[1.035s][info][gc,phases      ] GC(36) Compaction Phase 24.786ms
[1.035s][info][gc,phases,start] GC(36) Post Compact
[1.036s][info][gc,phases      ] GC(36) Post Compact 0.677ms
[1.036s][info][gc,heap        ] GC(36) PSYoungGen: 16704K(52224K)->5374K(53248K) Eden: 0K(22016K)->0K(23040K) From: 16704K(30208K)->5374K(30208K)
[1.036s][info][gc,heap        ] GC(36) ParOldGen: 160621K(171520K)->171417K(217600K)
[1.036s][info][gc,metaspace   ] GC(36) Metaspace: 6298K(6464K)->6298K(6464K) NonClass: 5764K(5824K)->5764K(5824K) Class: 533K(640K)->533K(640K)
[1.036s][info][gc             ] GC(36) Pause Full (Ergonomics) 173M->172M(264M) 75.539ms
[1.036s][info][gc,cpu         ] GC(36) User=0.23s Sys=0.03s Real=0.08s
[1.072s][info][gc,start       ] GC(37) Pause Young (Allocation Failure)
[1.098s][info][gc,heap        ] GC(37) PSYoungGen: 28414K(53248K)->23168K(54272K) Eden: 23040K(23040K)->0K(23040K) From: 5374K(30208K)->23168K(31232K)
[1.098s][info][gc,heap        ] GC(37) ParOldGen: 171417K(217600K)->176889K(217600K)
[1.098s][info][gc,metaspace   ] GC(37) Metaspace: 6298K(6464K)->6298K(6464K) NonClass: 5764K(5824K)->5764K(5824K) Class: 533K(640K)->533K(640K)
[1.098s][info][gc             ] GC(37) Pause Young (Allocation Failure) 195M->195M(265M) 26.320ms
[1.098s][info][gc,cpu         ] GC(37) User=0.02s Sys=0.00s Real=0.03s
[1.124s][info][gc,start       ] GC(38) Pause Young (Allocation Failure)
[1.152s][info][gc,heap        ] GC(38) PSYoungGen: 46208K(54272K)->33248K(49664K) Eden: 23040K(23040K)->0K(16384K) From: 23168K(31232K)->33248K(33280K)
[1.152s][info][gc,heap        ] GC(38) ParOldGen: 176889K(217600K)->189953K(217600K)
[1.152s][info][gc,metaspace   ] GC(38) Metaspace: 6298K(6464K)->6298K(6464K) NonClass: 5764K(5824K)->5764K(5824K) Class: 533K(640K)->533K(640K)
[1.152s][info][gc             ] GC(38) Pause Young (Allocation Failure) 217M->217M(261M) 27.712ms
[1.152s][info][gc,cpu         ] GC(38) User=0.03s Sys=0.00s Real=0.03s
[1.169s][info][gc,start       ] GC(39) Pause Young (Allocation Failure)
[1.195s][info][gc,heap        ] GC(39) PSYoungGen: 49632K(49664K)->16480K(59904K) Eden: 16384K(16384K)->0K(16384K) From: 33248K(33280K)->16480K(43520K)
[1.195s][info][gc,heap        ] GC(39) ParOldGen: 189953K(217600K)->223561K(223744K)
[1.195s][info][gc,metaspace   ] GC(39) Metaspace: 6298K(6464K)->6298K(6464K) NonClass: 5764K(5824K)->5764K(5824K) Class: 533K(640K)->533K(640K)
[1.195s][info][gc             ] GC(39) Pause Young (Allocation Failure) 233M->234M(277M) 25.822ms
[1.195s][info][gc,cpu         ] GC(39) User=0.02s Sys=0.00s Real=0.03s
[1.195s][info][gc,start       ] GC(40) Pause Full (Ergonomics)
[1.195s][info][gc,phases,start] GC(40) Marking Phase
[1.255s][info][gc,phases      ] GC(40) Marking Phase 59.901ms
[1.255s][info][gc,phases,start] GC(40) Summary Phase
[1.255s][info][gc,phases      ] GC(40) Summary Phase 0.018ms
[1.255s][info][gc,phases,start] GC(40) Adjust Roots
[1.255s][info][gc,phases      ] GC(40) Adjust Roots 0.148ms
[1.255s][info][gc,phases,start] GC(40) Compaction Phase
[1.302s][info][gc,phases      ] GC(40) Compaction Phase 47.040ms
[1.302s][info][gc,phases,start] GC(40) Post Compact
[1.304s][info][gc,phases      ] GC(40) Post Compact 1.178ms
[1.304s][info][gc,heap        ] GC(40) PSYoungGen: 16480K(59904K)->11755K(59904K) Eden: 0K(16384K)->0K(16384K) From: 16480K(43520K)->11755K(43520K)
[1.304s][info][gc,heap        ] GC(40) ParOldGen: 223561K(223744K)->223327K(276992K)
[1.304s][info][gc,metaspace   ] GC(40) Metaspace: 6298K(6464K)->6298K(6464K) NonClass: 5764K(5824K)->5764K(5824K) Class: 533K(640K)->533K(640K)
[1.304s][info][gc             ] GC(40) Pause Full (Ergonomics) 234M->229M(329M) 108.940ms
[1.304s][info][gc,cpu         ] GC(40) User=0.42s Sys=0.00s Real=0.11s
[1.322s][info][gc,start       ] GC(41) Pause Young (Allocation Failure)
[1.345s][info][gc,heap        ] GC(41) PSYoungGen: 28139K(59904K)->16512K(55808K) Eden: 16384K(16384K)->0K(18944K) From: 11755K(43520K)->16512K(36864K)
[1.345s][info][gc,heap        ] GC(41) ParOldGen: 223327K(276992K)->235287K(276992K)
[1.345s][info][gc,metaspace   ] GC(41) Metaspace: 6298K(6464K)->6298K(6464K) NonClass: 5764K(5824K)->5764K(5824K) Class: 533K(640K)->533K(640K)
[1.345s][info][gc             ] GC(41) Pause Young (Allocation Failure) 245M->245M(325M) 23.797ms
[1.345s][info][gc,cpu         ] GC(41) User=0.09s Sys=0.00s Real=0.02s
[1.366s][info][gc,start       ] GC(42) Pause Young (Allocation Failure)
[1.384s][info][gc,heap        ] GC(42) PSYoungGen: 35456K(55808K)->35456K(57856K) Eden: 18944K(18944K)->0K(18944K) From: 16512K(36864K)->35456K(38912K)
[1.384s][info][gc,heap        ] GC(42) ParOldGen: 235287K(276992K)->235287K(276992K)
[1.384s][info][gc,metaspace   ] GC(42) Metaspace: 6298K(6464K)->6298K(6464K) NonClass: 5764K(5824K)->5764K(5824K) Class: 533K(640K)->533K(640K)
[1.384s][info][gc             ] GC(42) Pause Young (Allocation Failure) 264M->264M(327M) 17.515ms
[1.384s][info][gc,cpu         ] GC(42) User=0.11s Sys=0.00s Real=0.02s
[1.405s][info][gc,start       ] GC(43) Pause Young (Allocation Failure)
[1.431s][info][gc,heap        ] GC(43) PSYoungGen: 54400K(57856K)->43520K(54784K) Eden: 18944K(18944K)->0K(11264K) From: 35456K(38912K)->43520K(43520K)
[1.431s][info][gc,heap        ] GC(43) ParOldGen: 235287K(276992K)->246199K(276992K)
[1.431s][info][gc,metaspace   ] GC(43) Metaspace: 6298K(6464K)->6298K(6464K) NonClass: 5764K(5824K)->5764K(5824K) Class: 533K(640K)->533K(640K)
[1.432s][info][gc             ] GC(43) Pause Young (Allocation Failure) 282M->282M(324M) 26.710ms
[1.432s][info][gc,cpu         ] GC(43) User=0.08s Sys=0.02s Real=0.03s
[1.444s][info][gc,start       ] GC(44) Pause Young (Allocation Failure)
[1.469s][info][gc,heap        ] GC(44) PSYoungGen: 54784K(54784K)->26944K(65536K) Eden: 11264K(11264K)->0K(11264K) From: 43520K(43520K)->26944K(54272K)
[1.469s][info][gc,heap        ] GC(44) ParOldGen: 246199K(276992K)->274503K(276992K)
[1.469s][info][gc,metaspace   ] GC(44) Metaspace: 6298K(6464K)->6298K(6464K) NonClass: 5764K(5824K)->5764K(5824K) Class: 533K(640K)->533K(640K)
[1.469s][info][gc             ] GC(44) Pause Young (Allocation Failure) 293M->294M(334M) 24.928ms
[1.469s][info][gc,cpu         ] GC(44) User=0.09s Sys=0.00s Real=0.02s
[1.469s][info][gc,start       ] GC(45) Pause Full (Ergonomics)
[1.469s][info][gc,phases,start] GC(45) Marking Phase
[1.535s][info][gc,phases      ] GC(45) Marking Phase 66.023ms
[1.535s][info][gc,phases,start] GC(45) Summary Phase
[1.535s][info][gc,phases      ] GC(45) Summary Phase 0.019ms
[1.535s][info][gc,phases,start] GC(45) Adjust Roots
[1.535s][info][gc,phases      ] GC(45) Adjust Roots 0.147ms
[1.535s][info][gc,phases,start] GC(45) Compaction Phase
[1.575s][info][gc,phases      ] GC(45) Compaction Phase 40.139ms
[1.575s][info][gc,phases,start] GC(45) Post Compact
[1.577s][info][gc,phases      ] GC(45) Post Compact 1.527ms
[1.577s][info][gc,heap        ] GC(45) PSYoungGen: 26944K(65536K)->23732K(65536K) Eden: 0K(11264K)->0K(11264K) From: 26944K(54272K)->23732K(54272K)
[1.577s][info][gc,heap        ] GC(45) ParOldGen: 274503K(276992K)->276763K(332288K)
[1.577s][info][gc,metaspace   ] GC(45) Metaspace: 6298K(6464K)->6298K(6464K) NonClass: 5764K(5824K)->5764K(5824K) Class: 533K(640K)->533K(640K)
[1.577s][info][gc             ] GC(45) Pause Full (Ergonomics) 294M->293M(388M) 108.447ms
[1.577s][info][gc,cpu         ] GC(45) User=0.73s Sys=0.00s Real=0.11s
[1.591s][info][gc,start       ] GC(46) Pause Young (Allocation Failure)
[1.623s][info][gc,heap        ] GC(46) PSYoungGen: 34996K(65536K)->11360K(62976K) Eden: 11264K(11264K)->0K(12800K) From: 23732K(54272K)->11360K(50176K)
[1.623s][info][gc,heap        ] GC(46) ParOldGen: 276763K(332288K)->300859K(332288K)
[1.623s][info][gc,metaspace   ] GC(46) Metaspace: 6298K(6464K)->6298K(6464K) NonClass: 5764K(5824K)->5764K(5824K) Class: 533K(640K)->533K(640K)
[1.623s][info][gc             ] GC(46) Pause Young (Allocation Failure) 304M->304M(386M) 31.922ms
[1.623s][info][gc,cpu         ] GC(46) User=0.06s Sys=0.03s Real=0.03s
[1.623s][info][gc,start       ] GC(47) Pause Full (Ergonomics)
[1.623s][info][gc,phases,start] GC(47) Marking Phase
[1.696s][info][gc,phases      ] GC(47) Marking Phase 73.596ms
[1.697s][info][gc,phases,start] GC(47) Summary Phase
[1.697s][info][gc,phases      ] GC(47) Summary Phase 0.024ms
[1.697s][info][gc,phases,start] GC(47) Adjust Roots
[1.697s][info][gc,phases      ] GC(47) Adjust Roots 0.181ms
[1.697s][info][gc,phases,start] GC(47) Compaction Phase
[1.725s][info][gc,phases      ] GC(47) Compaction Phase 28.577ms
[1.725s][info][gc,phases,start] GC(47) Post Compact
[1.727s][info][gc,phases      ] GC(47) Post Compact 1.666ms
[1.727s][info][gc,heap        ] GC(47) PSYoungGen: 11360K(62976K)->0K(64512K) Eden: 0K(12800K)->0K(12800K) From: 11360K(50176K)->0K(51712K)
[1.727s][info][gc,heap        ] GC(47) ParOldGen: 300859K(332288K)->311724K(372224K)
[1.727s][info][gc,metaspace   ] GC(47) Metaspace: 6298K(6464K)->6298K(6464K) NonClass: 5764K(5824K)->5764K(5824K) Class: 533K(640K)->533K(640K)
[1.727s][info][gc             ] GC(47) Pause Full (Ergonomics) 304M->304M(426M) 104.606ms
[1.727s][info][gc,cpu         ] GC(47) User=0.61s Sys=0.03s Real=0.10s
[1.743s][info][gc,start       ] GC(48) Pause Young (Allocation Failure)
[1.751s][info][gc,heap        ] GC(48) PSYoungGen: 12800K(64512K)->12928K(62464K) Eden: 12800K(12800K)->0K(14336K) From: 0K(51712K)->12928K(48128K)
[1.751s][info][gc,heap        ] GC(48) ParOldGen: 311724K(372224K)->311724K(372224K)
[1.751s][info][gc,metaspace   ] GC(48) Metaspace: 6298K(6464K)->6298K(6464K) NonClass: 5764K(5824K)->5764K(5824K) Class: 533K(640K)->533K(640K)
[1.751s][info][gc             ] GC(48) Pause Young (Allocation Failure) 316M->317M(424M) 7.937ms
[1.751s][info][gc,cpu         ] GC(48) User=0.00s Sys=0.00s Real=0.01s
[1.767s][info][gc,start       ] GC(49) Pause Young (Allocation Failure)
[1.781s][info][gc,heap        ] GC(49) PSYoungGen: 27264K(62464K)->27232K(64512K) Eden: 14336K(14336K)->0K(14336K) From: 12928K(48128K)->27232K(50176K)
[1.782s][info][gc,heap        ] GC(49) ParOldGen: 311724K(372224K)->311724K(372224K)
[1.782s][info][gc,metaspace   ] GC(49) Metaspace: 6298K(6464K)->6298K(6464K) NonClass: 5764K(5824K)->5764K(5824K) Class: 533K(640K)->533K(640K)
[1.782s][info][gc             ] GC(49) Pause Young (Allocation Failure) 331M->331M(426M) 14.250ms
[1.782s][info][gc,cpu         ] GC(49) User=0.02s Sys=0.00s Real=0.01s
[1.860s][info][gc,start       ] GC(50) Pause Young (Allocation Failure)
[1.886s][info][gc,heap        ] GC(50) PSYoungGen: 41568K(64512K)->41664K(60928K) Eden: 14336K(14336K)->0K(11264K) From: 27232K(50176K)->41664K(49664K)
[1.886s][info][gc,heap        ] GC(50) ParOldGen: 328108K(372224K)->328108K(372224K)
[1.886s][info][gc,metaspace   ] GC(50) Metaspace: 6298K(6464K)->6298K(6464K) NonClass: 5764K(5824K)->5764K(5824K) Class: 533K(640K)->533K(640K)
[1.886s][info][gc             ] GC(50) Pause Young (Allocation Failure) 361M->361M(423M) 25.995ms
[1.886s][info][gc,cpu         ] GC(50) User=0.14s Sys=0.00s Real=0.03s
[1.897s][info][gc,start       ] GC(51) Pause Young (Allocation Failure)
[1.921s][info][gc,heap        ] GC(51) PSYoungGen: 52928K(60928K)->52832K(65536K) Eden: 11264K(11264K)->0K(11264K) From: 41664K(49664K)->52832K(54272K)
[1.921s][info][gc,heap        ] GC(51) ParOldGen: 328108K(372224K)->328108K(372224K)
[1.921s][info][gc,metaspace   ] GC(51) Metaspace: 6298K(6464K)->6298K(6464K) NonClass: 5764K(5824K)->5764K(5824K) Class: 533K(640K)->533K(640K)
[1.921s][info][gc             ] GC(51) Pause Young (Allocation Failure) 372M->372M(427M) 23.754ms
[1.921s][info][gc,cpu         ] GC(51) User=0.03s Sys=0.00s Real=0.02s
[1.932s][info][gc,start       ] GC(52) Pause Young (Allocation Failure)
[1.961s][info][gc,heap        ] GC(52) PSYoungGen: 64096K(65536K)->61952K(64512K) Eden: 11264K(11264K)->0K(2560K) From: 52832K(54272K)->61952K(61952K)
[1.961s][info][gc,heap        ] GC(52) ParOldGen: 328108K(372224K)->330188K(372224K)
[1.961s][info][gc,metaspace   ] GC(52) Metaspace: 6298K(6464K)->6298K(6464K) NonClass: 5764K(5824K)->5764K(5824K) Class: 533K(640K)->533K(640K)
[1.961s][info][gc             ] GC(52) Pause Young (Allocation Failure) 383M->382M(426M) 28.788ms
[1.961s][info][gc,cpu         ] GC(52) User=0.14s Sys=0.00s Real=0.03s
[1.964s][info][gc,start       ] GC(53) Pause Young (Allocation Failure)
[1.992s][info][gc,heap        ] GC(53) PSYoungGen: 64512K(64512K)->38240K(74752K) Eden: 2560K(2560K)->0K(2560K) From: 61952K(61952K)->38240K(72192K)
[1.992s][info][gc,heap        ] GC(53) ParOldGen: 330188K(372224K)->356892K(372224K)
[1.992s][info][gc,metaspace   ] GC(53) Metaspace: 6298K(6464K)->6298K(6464K) NonClass: 5764K(5824K)->5764K(5824K) Class: 533K(640K)->533K(640K)
[1.992s][info][gc             ] GC(53) Pause Young (Allocation Failure) 385M->385M(436M) 28.664ms
[1.992s][info][gc,cpu         ] GC(53) User=0.12s Sys=0.00s Real=0.03s
[1.992s][info][gc,start       ] GC(54) Pause Full (Ergonomics)
[1.993s][info][gc,phases,start] GC(54) Marking Phase
[2.075s][info][gc,phases      ] GC(54) Marking Phase 82.339ms
[2.075s][info][gc,phases,start] GC(54) Summary Phase
[2.075s][info][gc,phases      ] GC(54) Summary Phase 0.039ms
[2.075s][info][gc,phases,start] GC(54) Adjust Roots
[2.075s][info][gc,phases      ] GC(54) Adjust Roots 0.184ms
[2.075s][info][gc,phases,start] GC(54) Compaction Phase
[2.143s][info][gc,phases      ] GC(54) Compaction Phase 67.943ms
[2.143s][info][gc,phases,start] GC(54) Post Compact
[2.145s][info][gc,phases      ] GC(54) Post Compact 2.057ms
[2.146s][info][gc,heap        ] GC(54) PSYoungGen: 38240K(74752K)->14527K(74752K) Eden: 0K(2560K)->0K(2560K) From: 38240K(72192K)->14527K(72192K)
[2.146s][info][gc,heap        ] GC(54) ParOldGen: 356892K(372224K)->371756K(433664K)
[2.146s][info][gc,metaspace   ] GC(54) Metaspace: 6298K(6464K)->6298K(6464K) NonClass: 5764K(5824K)->5764K(5824K) Class: 533K(640K)->533K(640K)
[2.146s][info][gc             ] GC(54) Pause Full (Ergonomics) 385M->377M(496M) 153.200ms
[2.146s][info][gc,cpu         ] GC(54) User=0.86s Sys=0.03s Real=0.15s
[2.150s][info][gc,start       ] GC(55) Pause Young (Allocation Failure)
[2.173s][info][gc,heap        ] GC(55) PSYoungGen: 17087K(74752K)->9280K(74752K) Eden: 2560K(2560K)->0K(3584K) From: 14527K(72192K)->9280K(71168K)
[2.173s][info][gc,heap        ] GC(55) ParOldGen: 371756K(433664K)->379812K(433664K)
[2.173s][info][gc,metaspace   ] GC(55) Metaspace: 6298K(6464K)->6298K(6464K) NonClass: 5764K(5824K)->5764K(5824K) Class: 533K(640K)->533K(640K)
[2.173s][info][gc             ] GC(55) Pause Young (Allocation Failure) 379M->379M(496M) 23.512ms
[2.173s][info][gc,cpu         ] GC(55) User=0.11s Sys=0.00s Real=0.02s
[2.177s][info][gc,start       ] GC(56) Pause Young (Allocation Failure)
[2.185s][info][gc,heap        ] GC(56) PSYoungGen: 12864K(74752K)->7712K(74752K) Eden: 3584K(3584K)->0K(3584K) From: 9280K(71168K)->7712K(71168K)
[2.185s][info][gc,heap        ] GC(56) ParOldGen: 379812K(433664K)->385028K(433664K)
[2.185s][info][gc,metaspace   ] GC(56) Metaspace: 6298K(6464K)->6298K(6464K) NonClass: 5764K(5824K)->5764K(5824K) Class: 533K(640K)->533K(640K)
[2.185s][info][gc             ] GC(56) Pause Young (Allocation Failure) 383M->383M(496M) 8.565ms
[2.185s][info][gc,cpu         ] GC(56) User=0.00s Sys=0.00s Real=0.01s
[2.189s][info][gc,start       ] GC(57) Pause Young (Allocation Failure)
[2.196s][info][gc,heap        ] GC(57) PSYoungGen: 11296K(74752K)->7264K(72704K) Eden: 3584K(3584K)->0K(4608K) From: 7712K(71168K)->7264K(68096K)
[2.197s][info][gc,heap        ] GC(57) ParOldGen: 385028K(433664K)->389124K(433664K)
[2.197s][info][gc,metaspace   ] GC(57) Metaspace: 6298K(6464K)->6298K(6464K) NonClass: 5764K(5824K)->5764K(5824K) Class: 533K(640K)->533K(640K)
[2.197s][info][gc             ] GC(57) Pause Young (Allocation Failure) 387M->387M(494M) 7.896ms
[2.197s][info][gc,cpu         ] GC(57) User=0.02s Sys=0.00s Real=0.01s
[2.201s][info][gc,start       ] GC(58) Pause Young (Allocation Failure)
[2.209s][info][gc,heap        ] GC(58) PSYoungGen: 11872K(72704K)->4736K(73728K) Eden: 4608K(4608K)->0K(4608K) From: 7264K(68096K)->4736K(69120K)
[2.209s][info][gc,heap        ] GC(58) ParOldGen: 389124K(433664K)->396356K(433664K)
[2.209s][info][gc,metaspace   ] GC(58) Metaspace: 6298K(6464K)->6298K(6464K) NonClass: 5764K(5824K)->5764K(5824K) Class: 533K(640K)->533K(640K)
[2.209s][info][gc             ] GC(58) Pause Young (Allocation Failure) 391M->391M(495M) 7.766ms
[2.209s][info][gc,cpu         ] GC(58) User=0.00s Sys=0.00s Real=0.01s
[2.214s][info][gc,start       ] GC(59) Pause Young (Allocation Failure)
[2.221s][info][gc,heap        ] GC(59) PSYoungGen: 9344K(73728K)->4704K(71680K) Eden: 4608K(4608K)->0K(5632K) From: 4736K(69120K)->4704K(66048K)
[2.221s][info][gc,heap        ] GC(59) ParOldGen: 396356K(433664K)->401028K(433664K)
[2.221s][info][gc,metaspace   ] GC(59) Metaspace: 6298K(6464K)->6298K(6464K) NonClass: 5764K(5824K)->5764K(5824K) Class: 533K(640K)->533K(640K)
[2.221s][info][gc             ] GC(59) Pause Young (Allocation Failure) 396M->396M(493M) 7.341ms
[2.221s][info][gc,cpu         ] GC(59) User=0.00s Sys=0.00s Real=0.01s
[2.228s][info][gc,start       ] GC(60) Pause Young (Allocation Failure)
[2.235s][info][gc,heap        ] GC(60) PSYoungGen: 10336K(71680K)->5728K(11776K) Eden: 5632K(5632K)->0K(5632K) From: 4704K(66048K)->5728K(6144K)
[2.235s][info][gc,heap        ] GC(60) ParOldGen: 401028K(433664K)->405708K(433664K)
[2.235s][info][gc,metaspace   ] GC(60) Metaspace: 6298K(6464K)->6298K(6464K) NonClass: 5764K(5824K)->5764K(5824K) Class: 533K(640K)->533K(640K)
[2.235s][info][gc             ] GC(60) Pause Young (Allocation Failure) 401M->401M(435M) 7.573ms
[2.235s][info][gc,cpu         ] GC(60) User=0.00s Sys=0.00s Real=0.01s
[2.241s][info][gc,start       ] GC(61) Pause Young (Allocation Failure)
[2.250s][info][gc,heap        ] GC(61) PSYoungGen: 11360K(11776K)->5728K(66560K) Eden: 5632K(5632K)->0K(6656K) From: 5728K(6144K)->5728K(59904K)
[2.250s][info][gc,heap        ] GC(61) ParOldGen: 405708K(433664K)->411420K(433664K)
[2.250s][info][gc,metaspace   ] GC(61) Metaspace: 6298K(6464K)->6298K(6464K) NonClass: 5764K(5824K)->5764K(5824K) Class: 533K(640K)->533K(640K)
[2.250s][info][gc             ] GC(61) Pause Young (Allocation Failure) 407M->407M(488M) 8.436ms
[2.250s][info][gc,cpu         ] GC(61) User=0.00s Sys=0.00s Real=0.01s
[2.250s][info][gc,start       ] GC(62) Pause Full (Ergonomics)
[2.250s][info][gc,phases,start] GC(62) Marking Phase
[2.340s][info][gc,phases      ] GC(62) Marking Phase 90.077ms
[2.340s][info][gc,phases,start] GC(62) Summary Phase
[2.340s][info][gc,phases      ] GC(62) Summary Phase 0.023ms
[2.340s][info][gc,phases,start] GC(62) Adjust Roots
[2.340s][info][gc,phases      ] GC(62) Adjust Roots 0.151ms
[2.340s][info][gc,phases,start] GC(62) Compaction Phase
[2.382s][info][gc,phases      ] GC(62) Compaction Phase 42.135ms
[2.382s][info][gc,phases,start] GC(62) Post Compact
[2.384s][info][gc,phases      ] GC(62) Post Compact 1.931ms
[2.385s][info][gc,heap        ] GC(62) PSYoungGen: 5728K(66560K)->0K(69120K) Eden: 0K(6656K)->0K(6656K) From: 5728K(59904K)->0K(62464K)
[2.385s][info][gc,heap        ] GC(62) ParOldGen: 411420K(433664K)->416276K(470016K)
[2.385s][info][gc,metaspace   ] GC(62) Metaspace: 6298K(6464K)->6298K(6464K) NonClass: 5764K(5824K)->5764K(5824K) Class: 533K(640K)->533K(640K)
[2.385s][info][gc             ] GC(62) Pause Full (Ergonomics) 407M->406M(526M) 134.797ms
[2.385s][info][gc,cpu         ] GC(62) User=0.80s Sys=0.00s Real=0.14s
[2.393s][info][gc,start       ] GC(63) Pause Young (Allocation Failure)
[2.401s][info][gc,heap        ] GC(63) PSYoungGen: 6656K(69120K)->6720K(66048K) Eden: 6656K(6656K)->0K(7680K) From: 0K(62464K)->6720K(58368K)
[2.401s][info][gc,heap        ] GC(63) ParOldGen: 416276K(470016K)->416276K(470016K)
[2.401s][info][gc,metaspace   ] GC(63) Metaspace: 6298K(6464K)->6298K(6464K) NonClass: 5764K(5824K)->5764K(5824K) Class: 533K(640K)->533K(640K)
[2.401s][info][gc             ] GC(63) Pause Young (Allocation Failure) 413M->413M(523M) 8.225ms
[2.401s][info][gc,cpu         ] GC(63) User=0.02s Sys=0.00s Real=0.01s
[2.410s][info][gc,start       ] GC(64) Pause Young (Allocation Failure)
[2.419s][info][gc,heap        ] GC(64) PSYoungGen: 14400K(66048K)->14464K(22528K) Eden: 7680K(7680K)->0K(7680K) From: 6720K(58368K)->14464K(14848K)
[2.419s][info][gc,heap        ] GC(64) ParOldGen: 416276K(470016K)->416276K(470016K)
[2.419s][info][gc,metaspace   ] GC(64) Metaspace: 6298K(6464K)->6298K(6464K) NonClass: 5764K(5824K)->5764K(5824K) Class: 533K(640K)->533K(640K)
[2.419s][info][gc             ] GC(64) Pause Young (Allocation Failure) 420M->420M(481M) 9.362ms
[2.419s][info][gc,cpu         ] GC(64) User=0.02s Sys=0.00s Real=0.01s
[2.428s][info][gc,start       ] GC(65) Pause Young (Allocation Failure)
[2.440s][info][gc,heap        ] GC(65) PSYoungGen: 22144K(22528K)->15424K(57856K) Eden: 7680K(7680K)->0K(8704K) From: 14464K(14848K)->15424K(49152K)
[2.440s][info][gc,heap        ] GC(65) ParOldGen: 416276K(470016K)->423012K(470016K)
[2.440s][info][gc,metaspace   ] GC(65) Metaspace: 6298K(6464K)->6298K(6464K) NonClass: 5764K(5824K)->5764K(5824K) Class: 533K(640K)->533K(640K)
[2.440s][info][gc             ] GC(65) Pause Young (Allocation Failure) 428M->428M(515M) 12.402ms
[2.440s][info][gc,cpu         ] GC(65) User=0.00s Sys=0.00s Real=0.01s
[2.449s][info][gc,start       ] GC(66) Pause Young (Allocation Failure)
[2.462s][info][gc,heap        ] GC(66) PSYoungGen: 24128K(57856K)->16448K(25600K) Eden: 8704K(8704K)->0K(8704K) From: 15424K(49152K)->16448K(16896K)
[2.462s][info][gc,heap        ] GC(66) ParOldGen: 423012K(470016K)->430788K(470016K)
[2.462s][info][gc,metaspace   ] GC(66) Metaspace: 6298K(6464K)->6298K(6464K) NonClass: 5764K(5824K)->5764K(5824K) Class: 533K(640K)->533K(640K)
[2.462s][info][gc             ] GC(66) Pause Young (Allocation Failure) 436M->436M(484M) 13.071ms
[2.462s][info][gc,cpu         ] GC(66) User=0.02s Sys=0.00s Real=0.01s
[2.471s][info][gc,start       ] GC(67) Pause Young (Allocation Failure)
[2.485s][info][gc,heap        ] GC(67) PSYoungGen: 25152K(25600K)->17504K(53248K) Eden: 8704K(8704K)->0K(10240K) From: 16448K(16896K)->17504K(43008K)
[2.485s][info][gc,heap        ] GC(67) ParOldGen: 430788K(470016K)->438580K(470016K)
[2.485s][info][gc,metaspace   ] GC(67) Metaspace: 6298K(6464K)->6298K(6464K) NonClass: 5764K(5824K)->5764K(5824K) Class: 533K(640K)->533K(640K)
[2.485s][info][gc             ] GC(67) Pause Young (Allocation Failure) 445M->445M(511M) 13.356ms
[2.485s][info][gc,cpu         ] GC(67) User=0.02s Sys=0.00s Real=0.01s
[2.496s][info][gc,start       ] GC(68) Pause Young (Allocation Failure)
[2.510s][info][gc,heap        ] GC(68) PSYoungGen: 27744K(53248K)->19040K(29696K) Eden: 10240K(10240K)->0K(10240K) From: 17504K(43008K)->19040K(19456K)
[2.510s][info][gc,heap        ] GC(68) ParOldGen: 438580K(470016K)->447404K(470016K)
[2.510s][info][gc,metaspace   ] GC(68) Metaspace: 6298K(6464K)->6298K(6464K) NonClass: 5764K(5824K)->5764K(5824K) Class: 533K(640K)->533K(640K)
[2.510s][info][gc             ] GC(68) Pause Young (Allocation Failure) 455M->455M(488M) 14.746ms
[2.510s][info][gc,cpu         ] GC(68) User=0.02s Sys=0.00s Real=0.02s
[2.521s][info][gc,start       ] GC(69) Pause Young (Allocation Failure)
[2.538s][info][gc,heap        ] GC(69) PSYoungGen: 29280K(29696K)->20608K(53760K) Eden: 10240K(10240K)->0K(11776K) From: 19040K(19456K)->20608K(41984K)
[2.538s][info][gc,heap        ] GC(69) ParOldGen: 447404K(470016K)->456228K(470016K)
[2.538s][info][gc,metaspace   ] GC(69) Metaspace: 6298K(6464K)->6298K(6464K) NonClass: 5764K(5824K)->5764K(5824K) Class: 533K(640K)->533K(640K)
[2.538s][info][gc             ] GC(69) Pause Young (Allocation Failure) 465M->465M(511M) 17.252ms
[2.538s][info][gc,cpu         ] GC(69) User=0.03s Sys=0.02s Real=0.02s
[2.538s][info][gc,start       ] GC(70) Pause Full (Ergonomics)
[2.539s][info][gc,phases,start] GC(70) Marking Phase
[2.638s][info][gc,phases      ] GC(70) Marking Phase 98.995ms
[2.638s][info][gc,phases,start] GC(70) Summary Phase
[2.638s][info][gc,phases      ] GC(70) Summary Phase 0.026ms
[2.638s][info][gc,phases,start] GC(70) Adjust Roots
[2.638s][info][gc,phases      ] GC(70) Adjust Roots 0.157ms
[2.638s][info][gc,phases,start] GC(70) Compaction Phase
[2.683s][info][gc,phases      ] GC(70) Compaction Phase 45.035ms
[2.683s][info][gc,phases,start] GC(70) Post Compact
[2.685s][info][gc,phases      ] GC(70) Post Compact 2.567ms
[2.686s][info][gc,heap        ] GC(70) PSYoungGen: 20608K(53760K)->6110K(54784K) Eden: 0K(11776K)->0K(12800K) From: 20608K(41984K)->6110K(41984K)
[2.686s][info][gc,heap        ] GC(70) ParOldGen: 456228K(470016K)->469848K(521216K)
[2.686s][info][gc,metaspace   ] GC(70) Metaspace: 6298K(6464K)->6298K(6464K) NonClass: 5764K(5824K)->5764K(5824K) Class: 533K(640K)->533K(640K)
[2.686s][info][gc             ] GC(70) Pause Full (Ergonomics) 465M->464M(562M) 147.361ms
[2.686s][info][gc,cpu         ] GC(70) User=0.98s Sys=0.02s Real=0.15s
[2.701s][info][gc,start       ] GC(71) Pause Young (Allocation Failure)
[2.730s][info][gc,heap        ] GC(71) PSYoungGen: 18910K(54784K)->12960K(26112K) Eden: 12800K(12800K)->0K(12800K) From: 6110K(41984K)->12960K(13312K)
[2.730s][info][gc,heap        ] GC(71) ParOldGen: 469848K(521216K)->476072K(521216K)
[2.730s][info][gc,metaspace   ] GC(71) Metaspace: 6298K(6464K)->6298K(6464K) NonClass: 5764K(5824K)->5764K(5824K) Class: 533K(640K)->533K(640K)
[2.730s][info][gc             ] GC(71) Pause Young (Allocation Failure) 477M->477M(534M) 28.746ms
[2.730s][info][gc,cpu         ] GC(71) User=0.14s Sys=0.00s Real=0.03s
[2.743s][info][gc,start       ] GC(72) Pause Young (Allocation Failure)
[2.758s][info][gc,heap        ] GC(72) PSYoungGen: 25760K(26112K)->25728K(54272K) Eden: 12800K(12800K)->0K(13312K) From: 12960K(13312K)->25728K(40960K)
[2.758s][info][gc,heap        ] GC(72) ParOldGen: 476072K(521216K)->476072K(521216K)
[2.758s][info][gc,metaspace   ] GC(72) Metaspace: 6298K(6464K)->6298K(6464K) NonClass: 5764K(5824K)->5764K(5824K) Class: 533K(640K)->533K(640K)
[2.758s][info][gc             ] GC(72) Pause Young (Allocation Failure) 490M->490M(562M) 14.236ms
[2.758s][info][gc,cpu         ] GC(72) User=0.02s Sys=0.00s Real=0.01s
[2.772s][info][gc,start       ] GC(73) Pause Young (Allocation Failure)
[2.792s][info][gc,heap        ] GC(73) PSYoungGen: 39040K(54272K)->26240K(55296K) Eden: 13312K(13312K)->0K(13312K) From: 25728K(40960K)->26240K(41984K)
[2.792s][info][gc,heap        ] GC(73) ParOldGen: 476072K(521216K)->489056K(521216K)
[2.792s][info][gc,metaspace   ] GC(73) Metaspace: 6298K(6464K)->6298K(6464K) NonClass: 5764K(5824K)->5764K(5824K) Class: 533K(640K)->533K(640K)
[2.792s][info][gc             ] GC(73) Pause Young (Allocation Failure) 503M->503M(563M) 20.266ms
[2.792s][info][gc,cpu         ] GC(73) User=0.12s Sys=0.00s Real=0.02s
[2.806s][info][gc,start       ] GC(74) Pause Young (Allocation Failure)
[2.826s][info][gc,heap        ] GC(74) PSYoungGen: 39552K(55296K)->26720K(56320K) Eden: 13312K(13312K)->0K(13824K) From: 26240K(41984K)->26720K(42496K)
[2.826s][info][gc,heap        ] GC(74) ParOldGen: 489056K(521216K)->502024K(521216K)
[2.826s][info][gc,metaspace   ] GC(74) Metaspace: 6298K(6464K)->6298K(6464K) NonClass: 5764K(5824K)->5764K(5824K) Class: 533K(640K)->533K(640K)
[2.827s][info][gc             ] GC(74) Pause Young (Allocation Failure) 516M->516M(564M) 20.107ms
[2.827s][info][gc,cpu         ] GC(74) User=0.11s Sys=0.02s Real=0.02s
[2.827s][info][gc,start       ] GC(75) Pause Full (Ergonomics)
[2.827s][info][gc,phases,start] GC(75) Marking Phase
[2.946s][info][gc,phases      ] GC(75) Marking Phase 118.963ms
[2.946s][info][gc,phases,start] GC(75) Summary Phase
[2.946s][info][gc,phases      ] GC(75) Summary Phase 0.020ms
[2.946s][info][gc,phases,start] GC(75) Adjust Roots
[2.946s][info][gc,phases      ] GC(75) Adjust Roots 0.148ms
[2.946s][info][gc,phases,start] GC(75) Compaction Phase
[2.991s][info][gc,phases      ] GC(75) Compaction Phase 44.814ms
[2.991s][info][gc,phases,start] GC(75) Post Compact
[2.993s][info][gc,phases      ] GC(75) Post Compact 2.566ms
[2.994s][info][gc,heap        ] GC(75) PSYoungGen: 26720K(56320K)->7150K(56320K) Eden: 0K(13824K)->0K(13824K) From: 26720K(42496K)->7150K(42496K)
[2.994s][info][gc,heap        ] GC(75) ParOldGen: 502024K(521216K)->520913K(576512K)
[2.994s][info][gc,metaspace   ] GC(75) Metaspace: 6298K(6464K)->6298K(6464K) NonClass: 5764K(5824K)->5764K(5824K) Class: 533K(640K)->533K(640K)
[2.994s][info][gc             ] GC(75) Pause Full (Ergonomics) 516M->515M(618M) 167.051ms
[2.994s][info][gc,cpu         ] GC(75) User=1.12s Sys=0.03s Real=0.17s
[3.009s][info][gc,start       ] GC(76) Pause Young (Allocation Failure)
[3.041s][info][gc,heap        ] GC(76) PSYoungGen: 20974K(56320K)->16640K(30720K) Eden: 13824K(13824K)->0K(13824K) From: 7150K(42496K)->16640K(16896K)
[3.041s][info][gc,heap        ] GC(76) ParOldGen: 520913K(576512K)->525489K(576512K)
[3.041s][info][gc,metaspace   ] GC(76) Metaspace: 6298K(6464K)->6298K(6464K) NonClass: 5764K(5824K)->5764K(5824K) Class: 533K(640K)->533K(640K)
[3.041s][info][gc             ] GC(76) Pause Young (Allocation Failure) 529M->529M(593M) 32.259ms
[3.041s][info][gc,cpu         ] GC(76) User=0.14s Sys=0.00s Real=0.03s
[3.056s][info][gc,start       ] GC(77) Pause Young (Allocation Failure)
[3.073s][info][gc,heap        ] GC(77) PSYoungGen: 30464K(30720K)->30464K(54784K) Eden: 13824K(13824K)->0K(13312K) From: 16640K(16896K)->30464K(41472K)
[3.073s][info][gc,heap        ] GC(77) ParOldGen: 525489K(576512K)->525489K(576512K)
[3.073s][info][gc,metaspace   ] GC(77) Metaspace: 6298K(6464K)->6298K(6464K) NonClass: 5764K(5824K)->5764K(5824K) Class: 533K(640K)->533K(640K)
[3.073s][info][gc             ] GC(77) Pause Young (Allocation Failure) 542M->542M(616M) 16.620ms
[3.073s][info][gc,cpu         ] GC(77) User=0.03s Sys=0.00s Real=0.02s
[3.088s][info][gc,start       ] GC(78) Pause Young (Allocation Failure)
[3.110s][info][gc,heap        ] GC(78) PSYoungGen: 43776K(54784K)->43520K(56832K) Eden: 13312K(13312K)->0K(13312K) From: 30464K(41472K)->43520K(43520K)
[3.110s][info][gc,heap        ] GC(78) ParOldGen: 525489K(576512K)->525737K(576512K)
[3.110s][info][gc,metaspace   ] GC(78) Metaspace: 6298K(6464K)->6298K(6464K) NonClass: 5764K(5824K)->5764K(5824K) Class: 533K(640K)->533K(640K)
[3.110s][info][gc             ] GC(78) Pause Young (Allocation Failure) 555M->555M(618M) 22.042ms
[3.110s][info][gc,cpu         ] GC(78) User=0.12s Sys=0.00s Real=0.02s
[3.125s][info][gc,start       ] GC(79) Pause Young (Allocation Failure)
[3.154s][info][gc,heap        ] GC(79) PSYoungGen: 56832K(56832K)->40352K(60416K) Eden: 13312K(13312K)->0K(10752K) From: 43520K(43520K)->40352K(49664K)
[3.154s][info][gc,heap        ] GC(79) ParOldGen: 525737K(576512K)->542433K(576512K)
[3.154s][info][gc,metaspace   ] GC(79) Metaspace: 6298K(6464K)->6298K(6464K) NonClass: 5764K(5824K)->5764K(5824K) Class: 533K(640K)->533K(640K)
[3.154s][info][gc             ] GC(79) Pause Young (Allocation Failure) 568M->569M(622M) 28.716ms
[3.154s][info][gc,cpu         ] GC(79) User=0.14s Sys=0.00s Real=0.03s
[3.166s][info][gc,start       ] GC(80) Pause Young (Allocation Failure)
[3.191s][info][gc,heap        ] GC(80) PSYoungGen: 51104K(60416K)->37344K(64512K) Eden: 10752K(10752K)->0K(10752K) From: 40352K(49664K)->37344K(53760K)
[3.191s][info][gc,heap        ] GC(80) ParOldGen: 542433K(576512K)->556393K(576512K)
[3.191s][info][gc,metaspace   ] GC(80) Metaspace: 6298K(6464K)->6298K(6464K) NonClass: 5764K(5824K)->5764K(5824K) Class: 533K(640K)->533K(640K)
[3.191s][info][gc             ] GC(80) Pause Young (Allocation Failure) 579M->579M(626M) 25.375ms
[3.191s][info][gc,cpu         ] GC(80) User=0.12s Sys=0.00s Real=0.03s
[3.191s][info][gc,start       ] GC(81) Pause Full (Ergonomics)
[3.191s][info][gc,phases,start] GC(81) Marking Phase
[3.321s][info][gc,phases      ] GC(81) Marking Phase 129.712ms
[3.321s][info][gc,phases,start] GC(81) Summary Phase
[3.321s][info][gc,phases      ] GC(81) Summary Phase 0.021ms
[3.321s][info][gc,phases,start] GC(81) Adjust Roots
[3.321s][info][gc,phases      ] GC(81) Adjust Roots 0.144ms
[3.321s][info][gc,phases,start] GC(81) Compaction Phase
[3.370s][info][gc,phases      ] GC(81) Compaction Phase 48.797ms
[3.370s][info][gc,phases,start] GC(81) Post Compact
[3.371s][info][gc,phases      ] GC(81) Post Compact 0.918ms
[3.372s][info][gc,heap        ] GC(81) PSYoungGen: 37344K(64512K)->16696K(64512K) Eden: 0K(10752K)->0K(10752K) From: 37344K(53760K)->16696K(53760K)
[3.372s][info][gc,heap        ] GC(81) ParOldGen: 556393K(576512K)->576235K(637952K)
[3.372s][info][gc,metaspace   ] GC(81) Metaspace: 6298K(6464K)->6298K(6464K) NonClass: 5764K(5824K)->5764K(5824K) Class: 533K(640K)->533K(640K)
[3.372s][info][gc             ] GC(81) Pause Full (Ergonomics) 579M->579M(686M) 180.083ms
[3.372s][info][gc,cpu         ] GC(81) User=1.38s Sys=0.00s Real=0.18s
[3.385s][info][gc,start       ] GC(82) Pause Young (Allocation Failure)
[3.422s][info][gc,heap        ] GC(82) PSYoungGen: 27448K(64512K)->17344K(65024K) Eden: 10752K(10752K)->0K(12288K) From: 16696K(53760K)->17344K(52736K)
[3.422s][info][gc,heap        ] GC(82) ParOldGen: 576235K(637952K)->586603K(637952K)
[3.422s][info][gc,metaspace   ] GC(82) Metaspace: 6298K(6464K)->6298K(6464K) NonClass: 5764K(5824K)->5764K(5824K) Class: 533K(640K)->533K(640K)
[3.422s][info][gc             ] GC(82) Pause Young (Allocation Failure) 589M->589M(686M) 37.605ms
[3.422s][info][gc,cpu         ] GC(82) User=0.14s Sys=0.00s Real=0.04s
[3.437s][info][gc,start       ] GC(83) Pause Young (Allocation Failure)
[3.454s][info][gc,heap        ] GC(83) PSYoungGen: 29632K(65024K)->23168K(35840K) Eden: 12288K(12288K)->0K(12288K) From: 17344K(52736K)->23168K(23552K)
[3.454s][info][gc,heap        ] GC(83) ParOldGen: 586603K(637952K)->593211K(637952K)
[3.454s][info][gc,metaspace   ] GC(83) Metaspace: 6298K(6464K)->6298K(6464K) NonClass: 5764K(5824K)->5764K(5824K) Class: 533K(640K)->533K(640K)
[3.454s][info][gc             ] GC(83) Pause Young (Allocation Failure) 601M->601M(658M) 17.081ms
[3.454s][info][gc,cpu         ] GC(83) User=0.03s Sys=0.00s Real=0.02s
[3.470s][info][gc,start       ] GC(84) Pause Young (Allocation Failure)
[3.489s][info][gc,heap        ] GC(84) PSYoungGen: 35456K(35840K)->24672K(59904K) Eden: 12288K(12288K)->0K(13824K) From: 23168K(23552K)->24672K(46080K)
[3.489s][info][gc,heap        ] GC(84) ParOldGen: 593211K(637952K)->604115K(637952K)
[3.489s][info][gc,metaspace   ] GC(84) Metaspace: 6298K(6464K)->6298K(6464K) NonClass: 5764K(5824K)->5764K(5824K) Class: 533K(640K)->533K(640K)
[3.489s][info][gc             ] GC(84) Pause Young (Allocation Failure) 613M->614M(681M) 19.344ms
[3.489s][info][gc,cpu         ] GC(84) User=0.14s Sys=0.00s Real=0.02s
[3.506s][info][gc,start       ] GC(85) Pause Young (Allocation Failure)
[3.527s][info][gc,heap        ] GC(85) PSYoungGen: 38496K(59904K)->26208K(62464K) Eden: 13824K(13824K)->0K(13824K) From: 24672K(46080K)->26208K(48640K)
[3.527s][info][gc,heap        ] GC(85) ParOldGen: 604115K(637952K)->616579K(637952K)
[3.527s][info][gc,metaspace   ] GC(85) Metaspace: 6298K(6464K)->6298K(6464K) NonClass: 5764K(5824K)->5764K(5824K) Class: 533K(640K)->533K(640K)
[3.527s][info][gc             ] GC(85) Pause Young (Allocation Failure) 627M->627M(684M) 21.394ms
[3.527s][info][gc,cpu         ] GC(85) User=0.11s Sys=0.00s Real=0.02s
[3.544s][info][gc,start       ] GC(86) Pause Young (Allocation Failure)
[3.565s][info][gc,heap        ] GC(86) PSYoungGen: 40032K(62464K)->27744K(60928K) Eden: 13824K(13824K)->0K(15872K) From: 26208K(48640K)->27744K(45056K)
[3.565s][info][gc,heap        ] GC(86) ParOldGen: 616579K(637952K)->629043K(637952K)
[3.565s][info][gc,metaspace   ] GC(86) Metaspace: 6298K(6464K)->6298K(6464K) NonClass: 5764K(5824K)->5764K(5824K) Class: 533K(640K)->533K(640K)
[3.565s][info][gc             ] GC(86) Pause Young (Allocation Failure) 641M->641M(682M) 21.529ms
[3.565s][info][gc,cpu         ] GC(86) User=0.11s Sys=0.02s Real=0.02s
[3.565s][info][gc,start       ] GC(87) Pause Full (Ergonomics)
[3.565s][info][gc,phases,start] GC(87) Marking Phase
[3.700s][info][gc,phases      ] GC(87) Marking Phase 134.628ms
[3.700s][info][gc,phases,start] GC(87) Summary Phase
[3.700s][info][gc,phases      ] GC(87) Summary Phase 0.028ms
[3.700s][info][gc,phases,start] GC(87) Adjust Roots
[3.700s][info][gc,phases      ] GC(87) Adjust Roots 0.149ms
[3.700s][info][gc,phases,start] GC(87) Compaction Phase
[3.758s][info][gc,phases      ] GC(87) Compaction Phase 57.617ms
[3.758s][info][gc,phases,start] GC(87) Post Compact
[3.759s][info][gc,phases      ] GC(87) Post Compact 1.043ms
[3.759s][info][gc,heap        ] GC(87) PSYoungGen: 27744K(60928K)->17878K(61952K) Eden: 0K(15872K)->0K(16896K) From: 27744K(45056K)->17878K(45056K)
[3.759s][info][gc,heap        ] GC(87) ParOldGen: 629043K(637952K)->637881K(702464K)
[3.759s][info][gc,metaspace   ] GC(87) Metaspace: 6298K(6464K)->6298K(6464K) NonClass: 5764K(5824K)->5764K(5824K) Class: 533K(640K)->533K(640K)
[3.759s][info][gc             ] GC(87) Pause Full (Ergonomics) 641M->640M(746M) 193.962ms
[3.759s][info][gc,cpu         ] GC(87) User=1.50s Sys=0.00s Real=0.19s
[3.780s][info][gc,start       ] GC(88) Pause Young (Allocation Failure)
[3.830s][info][gc,heap        ] GC(88) PSYoungGen: 34774K(61952K)->25760K(62976K) Eden: 16896K(16896K)->0K(16896K) From: 17878K(45056K)->25760K(46080K)
[3.830s][info][gc,heap        ] GC(88) ParOldGen: 637881K(702464K)->647169K(702464K)
[3.830s][info][gc,metaspace   ] GC(88) Metaspace: 6298K(6464K)->6298K(6464K) NonClass: 5764K(5824K)->5764K(5824K) Class: 533K(640K)->533K(640K)
[3.830s][info][gc             ] GC(88) Pause Young (Allocation Failure) 656M->657M(747M) 49.936ms
[3.830s][info][gc,cpu         ] GC(88) User=0.25s Sys=0.02s Real=0.05s
[3.851s][info][gc,start       ] GC(89) Pause Young (Allocation Failure)
[3.875s][info][gc,heap        ] GC(89) PSYoungGen: 42656K(62976K)->42688K(58368K) Eden: 16896K(16896K)->0K(14336K) From: 25760K(46080K)->42688K(44032K)
[3.875s][info][gc,heap        ] GC(89) ParOldGen: 647169K(702464K)->647169K(702464K)
[3.875s][info][gc,metaspace   ] GC(89) Metaspace: 6298K(6464K)->6298K(6464K) NonClass: 5764K(5824K)->5764K(5824K) Class: 533K(640K)->533K(640K)
[3.875s][info][gc             ] GC(89) Pause Young (Allocation Failure) 673M->673M(743M) 23.367ms
[3.875s][info][gc,cpu         ] GC(89) User=0.12s Sys=0.00s Real=0.02s
[3.893s][info][gc,start       ] GC(90) Pause Young (Allocation Failure)
[3.921s][info][gc,heap        ] GC(90) PSYoungGen: 57024K(58368K)->48224K(62976K) Eden: 14336K(14336K)->0K(14336K) From: 42688K(44032K)->48224K(48640K)
[3.921s][info][gc,heap        ] GC(90) ParOldGen: 647169K(702464K)->656057K(702464K)
[3.921s][info][gc,metaspace   ] GC(90) Metaspace: 6298K(6464K)->6298K(6464K) NonClass: 5764K(5824K)->5764K(5824K) Class: 533K(640K)->533K(640K)
[3.921s][info][gc             ] GC(90) Pause Young (Allocation Failure) 687M->687M(747M) 28.152ms
[3.921s][info][gc,cpu         ] GC(90) User=0.14s Sys=0.00s Real=0.03s
[4.065s][info][gc,start       ] GC(91) Pause Full (Ergonomics)
[4.066s][info][gc,phases,start] GC(91) Marking Phase
[4.225s][info][gc,phases      ] GC(91) Marking Phase 159.424ms
[4.225s][info][gc,phases,start] GC(91) Summary Phase
[4.225s][info][gc,phases      ] GC(91) Summary Phase 0.023ms
[4.225s][info][gc,phases,start] GC(91) Adjust Roots
[4.225s][info][gc,phases      ] GC(91) Adjust Roots 0.149ms
[4.225s][info][gc,phases,start] GC(91) Compaction Phase
[4.350s][info][gc,phases      ] GC(91) Compaction Phase 124.947ms
[4.350s][info][gc,phases,start] GC(91) Post Compact
[4.352s][info][gc,phases      ] GC(91) Post Compact 1.508ms
[4.352s][info][gc,heap        ] GC(91) PSYoungGen: 62560K(62976K)->32189K(62976K) Eden: 14336K(14336K)->0K(14336K) From: 48224K(48640K)->32189K(48640K)
[4.352s][info][gc,heap        ] GC(91) ParOldGen: 688825K(702464K)->702291K(769024K)
[4.352s][info][gc,metaspace   ] GC(91) Metaspace: 6298K(6464K)->6298K(6464K) NonClass: 5764K(5824K)->5764K(5824K) Class: 533K(640K)->533K(640K)
[4.352s][info][gc             ] GC(91) Pause Full (Ergonomics) 733M->717M(812M) 286.738ms
[4.352s][info][gc,cpu         ] GC(91) User=1.89s Sys=0.03s Real=0.29s
[4.370s][info][gc,start       ] GC(92) Pause Young (Allocation Failure)
[4.418s][info][gc,heap        ] GC(92) PSYoungGen: 46525K(62976K)->34784K(68608K) Eden: 14336K(14336K)->0K(15872K) From: 32189K(48640K)->34784K(52736K)
[4.418s][info][gc,heap        ] GC(92) ParOldGen: 702291K(769024K)->714315K(769024K)
[4.418s][info][gc,metaspace   ] GC(92) Metaspace: 6298K(6464K)->6298K(6464K) NonClass: 5764K(5824K)->5764K(5824K) Class: 533K(640K)->533K(640K)
[4.418s][info][gc             ] GC(92) Pause Young (Allocation Failure) 731M->731M(818M) 48.398ms
[4.418s][info][gc,cpu         ] GC(92) User=0.27s Sys=0.00s Real=0.05s
[4.434s][info][gc,start       ] GC(93) Pause Young (Allocation Failure)
[4.459s][info][gc,heap        ] GC(93) PSYoungGen: 50656K(68608K)->50688K(69632K) Eden: 15872K(15872K)->0K(15872K) From: 34784K(52736K)->50688K(53760K)
[4.459s][info][gc,heap        ] GC(93) ParOldGen: 714315K(769024K)->714315K(769024K)
[4.459s][info][gc,metaspace   ] GC(93) Metaspace: 6298K(6464K)->6298K(6464K) NonClass: 5764K(5824K)->5764K(5824K) Class: 533K(640K)->533K(640K)
[4.459s][info][gc             ] GC(93) Pause Young (Allocation Failure) 747M->747M(819M) 25.008ms
[4.459s][info][gc,cpu         ] GC(93) User=0.05s Sys=0.00s Real=0.03s
[4.476s][info][gc,start       ] GC(94) Pause Young (Allocation Failure)
[4.508s][info][gc,heap        ] GC(94) PSYoungGen: 66560K(69632K)->59392K(67072K) Eden: 15872K(15872K)->0K(7680K) From: 50688K(53760K)->59392K(59392K)
[4.508s][info][gc,heap        ] GC(94) ParOldGen: 714315K(769024K)->721507K(769024K)
[4.508s][info][gc,metaspace   ] GC(94) Metaspace: 6298K(6464K)->6298K(6464K) NonClass: 5764K(5824K)->5764K(5824K) Class: 533K(640K)->533K(640K)
[4.509s][info][gc             ] GC(94) Pause Young (Allocation Failure) 762M->762M(816M) 32.551ms
[4.509s][info][gc,cpu         ] GC(94) User=0.17s Sys=0.08s Real=0.03s
[4.517s][info][gc,start       ] GC(95) Pause Young (Allocation Failure)
[4.548s][info][gc,heap        ] GC(95) PSYoungGen: 67072K(67072K)->49056K(77312K) Eden: 7680K(7680K)->0K(7680K) From: 59392K(59392K)->49056K(69632K)
[4.548s][info][gc,heap        ] GC(95) ParOldGen: 721507K(769024K)->739899K(769024K)
[4.548s][info][gc,metaspace   ] GC(95) Metaspace: 6298K(6464K)->6298K(6464K) NonClass: 5764K(5824K)->5764K(5824K) Class: 533K(640K)->533K(640K)
[4.548s][info][gc             ] GC(95) Pause Young (Allocation Failure) 770M->770M(826M) 31.410ms
[4.548s][info][gc,cpu         ] GC(95) User=0.14s Sys=0.00s Real=0.03s
[4.556s][info][gc,start       ] GC(96) Pause Young (Allocation Failure)
[4.583s][info][gc,heap        ] GC(96) PSYoungGen: 56736K(77312K)->31040K(74752K) Eden: 7680K(7680K)->0K(8704K) From: 49056K(69632K)->31040K(66048K)
[4.583s][info][gc,heap        ] GC(96) ParOldGen: 739899K(769024K)->765835K(769024K)
[4.583s][info][gc,metaspace   ] GC(96) Metaspace: 6298K(6464K)->6298K(6464K) NonClass: 5764K(5824K)->5764K(5824K) Class: 533K(640K)->533K(640K)
[4.583s][info][gc             ] GC(96) Pause Young (Allocation Failure) 777M->778M(824M) 27.233ms
[4.583s][info][gc,cpu         ] GC(96) User=0.12s Sys=0.00s Real=0.03s
[4.583s][info][gc,start       ] GC(97) Pause Full (Ergonomics)
[4.583s][info][gc,phases,start] GC(97) Marking Phase
[4.749s][info][gc,phases      ] GC(97) Marking Phase 165.991ms
[4.749s][info][gc,phases,start] GC(97) Summary Phase
[4.749s][info][gc,phases      ] GC(97) Summary Phase 0.032ms
[4.749s][info][gc,phases,start] GC(97) Adjust Roots
[4.749s][info][gc,phases      ] GC(97) Adjust Roots 0.190ms
[4.749s][info][gc,phases,start] GC(97) Compaction Phase
[4.835s][info][gc,phases      ] GC(97) Compaction Phase 85.104ms
[4.835s][info][gc,phases,start] GC(97) Post Compact
[4.836s][info][gc,phases      ] GC(97) Post Compact 1.473ms
[4.837s][info][gc,heap        ] GC(97) PSYoungGen: 31040K(74752K)->26810K(76288K) Eden: 0K(8704K)->0K(10240K) From: 31040K(66048K)->26810K(66048K)
[4.837s][info][gc,heap        ] GC(97) ParOldGen: 765835K(769024K)->768955K(847360K)
[4.837s][info][gc,metaspace   ] GC(97) Metaspace: 6298K(6464K)->6298K(6464K) NonClass: 5764K(5824K)->5764K(5824K) Class: 533K(640K)->533K(640K)
[4.837s][info][gc             ] GC(97) Pause Full (Ergonomics) 778M->777M(902M) 253.560ms
[4.837s][info][gc,cpu         ] GC(97) User=1.61s Sys=0.02s Real=0.25s
[4.847s][info][gc,start       ] GC(98) Pause Young (Allocation Failure)
[4.895s][info][gc,heap        ] GC(98) PSYoungGen: 37050K(76288K)->16864K(78848K) Eden: 10240K(10240K)->0K(10240K) From: 26810K(66048K)->16864K(68608K)
[4.895s][info][gc,heap        ] GC(98) ParOldGen: 768955K(847360K)->789595K(847360K)
[4.895s][info][gc,metaspace   ] GC(98) Metaspace: 6298K(6464K)->6298K(6464K) NonClass: 5764K(5824K)->5764K(5824K) Class: 533K(640K)->533K(640K)
[4.895s][info][gc             ] GC(98) Pause Young (Allocation Failure) 787M->787M(904M) 47.648ms
[4.895s][info][gc,cpu         ] GC(98) User=0.25s Sys=0.00s Real=0.05s
[4.905s][info][gc,start       ] GC(99) Pause Young (Allocation Failure)
[4.922s][info][gc,heap        ] GC(99) PSYoungGen: 27104K(78848K)->20576K(78336K) Eden: 10240K(10240K)->0K(11776K) From: 16864K(68608K)->20576K(66560K)
[4.922s][info][gc,heap        ] GC(99) ParOldGen: 789595K(847360K)->796187K(847360K)
[4.922s][info][gc,metaspace   ] GC(99) Metaspace: 6298K(6464K)->6298K(6464K) NonClass: 5764K(5824K)->5764K(5824K) Class: 533K(640K)->533K(640K)
[4.922s][info][gc             ] GC(99) Pause Young (Allocation Failure) 797M->797M(904M) 16.942ms
[4.922s][info][gc,cpu         ] GC(99) User=0.03s Sys=0.00s Real=0.02s
[4.934s][info][gc,start       ] GC(100) Pause Young (Allocation Failure)
[4.952s][info][gc,heap        ] GC(100) PSYoungGen: 32352K(78336K)->22144K(79360K) Eden: 11776K(11776K)->0K(11776K) From: 20576K(66560K)->22144K(67584K)
[4.952s][info][gc,heap        ] GC(100) ParOldGen: 796187K(847360K)->806555K(847360K)
[4.952s][info][gc,metaspace   ] GC(100) Metaspace: 6298K(6464K)->6298K(6464K) NonClass: 5764K(5824K)->5764K(5824K) Class: 533K(640K)->533K(640K)
[4.952s][info][gc             ] GC(100) Pause Young (Allocation Failure) 809M->809M(905M) 17.829ms
[4.952s][info][gc,cpu         ] GC(100) User=0.05s Sys=0.02s Real=0.02s
[4.965s][info][gc,start       ] GC(101) Pause Young (Allocation Failure)
[4.983s][info][gc,heap        ] GC(101) PSYoungGen: 33920K(79360K)->23712K(75264K) Eden: 11776K(11776K)->0K(13312K) From: 22144K(67584K)->23712K(61952K)
[4.983s][info][gc,heap        ] GC(101) ParOldGen: 806555K(847360K)->816939K(847360K)
[4.983s][info][gc,metaspace   ] GC(101) Metaspace: 6298K(6464K)->6298K(6464K) NonClass: 5764K(5824K)->5764K(5824K) Class: 533K(640K)->533K(640K)
[4.983s][info][gc             ] GC(101) Pause Young (Allocation Failure) 820M->820M(901M) 18.613ms
[4.983s][info][gc,cpu         ] GC(101) User=0.08s Sys=0.00s Real=0.02s
[4.997s][info][gc,start       ] GC(102) Pause Young (Allocation Failure)
[5.018s][info][gc,heap        ] GC(102) PSYoungGen: 37024K(75264K)->13440K(77312K) Eden: 13312K(13312K)->0K(13312K) From: 23712K(61952K)->13440K(64000K)
[5.018s][info][gc,heap        ] GC(102) ParOldGen: 816939K(847360K)->840779K(847360K)
[5.018s][info][gc,metaspace   ] GC(102) Metaspace: 6298K(6464K)->6298K(6464K) NonClass: 5764K(5824K)->5764K(5824K) Class: 533K(640K)->533K(640K)
[5.018s][info][gc             ] GC(102) Pause Young (Allocation Failure) 833M->834M(903M) 20.487ms
[5.018s][info][gc,cpu         ] GC(102) User=0.12s Sys=0.00s Real=0.02s
[5.018s][info][gc,start       ] GC(103) Pause Full (Ergonomics)
[5.018s][info][gc,phases,start] GC(103) Marking Phase
[5.201s][info][gc,phases      ] GC(103) Marking Phase 183.411ms
[5.201s][info][gc,phases,start] GC(103) Summary Phase
[5.201s][info][gc,phases      ] GC(103) Summary Phase 0.024ms
[5.201s][info][gc,phases,start] GC(103) Adjust Roots
[5.202s][info][gc,phases      ] GC(103) Adjust Roots 0.153ms
[5.202s][info][gc,phases,start] GC(103) Compaction Phase
[5.284s][info][gc,phases      ] GC(103) Compaction Phase 82.478ms
[5.284s][info][gc,phases,start] GC(103) Post Compact
[5.286s][info][gc,phases      ] GC(103) Post Compact 1.475ms
[5.286s][info][gc,heap        ] GC(103) PSYoungGen: 13440K(77312K)->5612K(77312K) Eden: 0K(13312K)->0K(13312K) From: 13440K(64000K)->5612K(64000K)
[5.286s][info][gc,heap        ] GC(103) ParOldGen: 840779K(847360K)->847330K(934400K)
[5.286s][info][gc,metaspace   ] GC(103) Metaspace: 6298K(6464K)->6298K(6464K) NonClass: 5764K(5824K)->5764K(5824K) Class: 533K(640K)->533K(640K)
[5.286s][info][gc             ] GC(103) Pause Full (Ergonomics) 834M->832M(988M) 268.235ms
[5.286s][info][gc,cpu         ] GC(103) User=1.91s Sys=0.02s Real=0.27s
[5.302s][info][gc,start       ] GC(104) Pause Young (Allocation Failure)
[5.347s][info][gc,heap        ] GC(104) PSYoungGen: 18924K(77312K)->13440K(76800K) Eden: 13312K(13312K)->0K(14848K) From: 5612K(64000K)->13440K(61952K)
[5.347s][info][gc,heap        ] GC(104) ParOldGen: 847330K(934400K)->853034K(934400K)
[5.347s][info][gc,metaspace   ] GC(104) Metaspace: 6298K(6464K)->6298K(6464K) NonClass: 5764K(5824K)->5764K(5824K) Class: 533K(640K)->533K(640K)
[5.347s][info][gc             ] GC(104) Pause Young (Allocation Failure) 845M->846M(987M) 45.148ms
[5.347s][info][gc,cpu         ] GC(104) User=0.25s Sys=0.00s Real=0.05s
[5.364s][info][gc,start       ] GC(105) Pause Young (Allocation Failure)
[5.383s][info][gc,heap        ] GC(105) PSYoungGen: 28288K(76800K)->28320K(43520K) Eden: 14848K(14848K)->0K(14848K) From: 13440K(61952K)->28320K(28672K)
[5.383s][info][gc,heap        ] GC(105) ParOldGen: 853034K(934400K)->853034K(934400K)
[5.383s][info][gc,metaspace   ] GC(105) Metaspace: 6298K(6464K)->6298K(6464K) NonClass: 5764K(5824K)->5764K(5824K) Class: 533K(640K)->533K(640K)
[5.383s][info][gc             ] GC(105) Pause Young (Allocation Failure) 860M->860M(955M) 19.150ms
[5.383s][info][gc,cpu         ] GC(105) User=0.06s Sys=0.00s Real=0.02s
[5.398s][info][gc,start       ] GC(106) Pause Young (Allocation Failure)
[5.421s][info][gc,heap        ] GC(106) PSYoungGen: 43168K(43520K)->43136K(74240K) Eden: 14848K(14848K)->0K(14336K) From: 28320K(28672K)->43136K(59904K)
[5.421s][info][gc,heap        ] GC(106) ParOldGen: 853034K(934400K)->853034K(934400K)
[5.421s][info][gc,metaspace   ] GC(106) Metaspace: 6298K(6464K)->6298K(6464K) NonClass: 5764K(5824K)->5764K(5824K) Class: 533K(640K)->533K(640K)
[5.421s][info][gc             ] GC(106) Pause Young (Allocation Failure) 875M->875M(985M) 22.499ms
[5.421s][info][gc,cpu         ] GC(106) User=0.11s Sys=0.00s Real=0.02s
[5.436s][info][gc,start       ] GC(107) Pause Young (Allocation Failure)
[5.465s][info][gc,heap        ] GC(107) PSYoungGen: 57472K(74240K)->44160K(76288K) Eden: 14336K(14336K)->0K(14336K) From: 43136K(59904K)->44160K(61952K)
[5.465s][info][gc,heap        ] GC(107) ParOldGen: 853034K(934400K)->866546K(934400K)
[5.465s][info][gc,metaspace   ] GC(107) Metaspace: 6298K(6464K)->6298K(6464K) NonClass: 5764K(5824K)->5764K(5824K) Class: 533K(640K)->533K(640K)
[5.465s][info][gc             ] GC(107) Pause Young (Allocation Failure) 889M->889M(987M) 29.078ms
[5.465s][info][gc,cpu         ] GC(107) User=0.09s Sys=0.05s Real=0.03s
[5.481s][info][gc,start       ] GC(108) Pause Young (Allocation Failure)
[5.511s][info][gc,heap        ] GC(108) PSYoungGen: 58496K(76288K)->43680K(79360K) Eden: 14336K(14336K)->0K(14848K) From: 44160K(61952K)->43680K(64512K)
[5.511s][info][gc,heap        ] GC(108) ParOldGen: 866546K(934400K)->881610K(934400K)
[5.511s][info][gc,metaspace   ] GC(108) Metaspace: 6298K(6464K)->6298K(6464K) NonClass: 5764K(5824K)->5764K(5824K) Class: 533K(640K)->533K(640K)
[5.511s][info][gc             ] GC(108) Pause Young (Allocation Failure) 903M->903M(990M) 29.750ms
[5.511s][info][gc,cpu         ] GC(108) User=0.14s Sys=0.00s Real=0.03s
[5.527s][info][gc,start       ] GC(109) Pause Young (Allocation Failure)
[5.556s][info][gc,heap        ] GC(109) PSYoungGen: 58528K(79360K)->43648K(80896K) Eden: 14848K(14848K)->0K(14848K) From: 43680K(64512K)->43648K(66048K)
[5.556s][info][gc,heap        ] GC(109) ParOldGen: 881610K(934400K)->896658K(934400K)
[5.556s][info][gc,metaspace   ] GC(109) Metaspace: 6298K(6464K)->6298K(6464K) NonClass: 5764K(5824K)->5764K(5824K) Class: 533K(640K)->533K(640K)
[5.556s][info][gc             ] GC(109) Pause Young (Allocation Failure) 918M->918M(991M) 28.731ms
[5.556s][info][gc,cpu         ] GC(109) User=0.14s Sys=0.00s Real=0.03s
[5.573s][info][gc,start       ] GC(110) Pause Young (Allocation Failure)
[5.603s][info][gc,heap        ] GC(110) PSYoungGen: 58496K(80896K)->29856K(77824K) Eden: 14848K(14848K)->0K(16896K) From: 43648K(66048K)->29856K(60928K)
[5.603s][info][gc,heap        ] GC(110) ParOldGen: 896658K(934400K)->925698K(934400K)
[5.603s][info][gc,metaspace   ] GC(110) Metaspace: 6298K(6464K)->6298K(6464K) NonClass: 5764K(5824K)->5764K(5824K) Class: 533K(640K)->533K(640K)
[5.603s][info][gc             ] GC(110) Pause Young (Allocation Failure) 932M->933M(988M) 30.267ms
[5.603s][info][gc,cpu         ] GC(110) User=0.14s Sys=0.00s Real=0.03s
[5.603s][info][gc,start       ] GC(111) Pause Full (Ergonomics)
[5.603s][info][gc,phases,start] GC(111) Marking Phase
[5.807s][info][gc,phases      ] GC(111) Marking Phase 203.962ms
[5.807s][info][gc,phases,start] GC(111) Summary Phase
[5.807s][info][gc,phases      ] GC(111) Summary Phase 0.023ms
[5.807s][info][gc,phases,start] GC(111) Adjust Roots
[5.807s][info][gc,phases      ] GC(111) Adjust Roots 0.150ms
[5.807s][info][gc,phases,start] GC(111) Compaction Phase
[5.900s][info][gc,phases      ] GC(111) Compaction Phase 92.559ms
[5.900s][info][gc,phases,start] GC(111) Post Compact
[5.901s][info][gc,phases      ] GC(111) Post Compact 1.643ms
[5.902s][info][gc,heap        ] GC(111) PSYoungGen: 29856K(77824K)->19927K(80384K) Eden: 0K(16896K)->0K(19456K) From: 29856K(60928K)->19927K(60928K)
[5.902s][info][gc,heap        ] GC(111) ParOldGen: 925698K(934400K)->934180K(1031168K)
[5.902s][info][gc,metaspace   ] GC(111) Metaspace: 6298K(6464K)->6298K(6464K) NonClass: 5764K(5824K)->5764K(5824K) Class: 533K(640K)->533K(640K)
[5.902s][info][gc             ] GC(111) Pause Full (Ergonomics) 933M->931M(1085M) 298.966ms
[5.902s][info][gc,cpu         ] GC(111) User=2.00s Sys=0.03s Real=0.30s
[5.925s][info][gc,start       ] GC(112) Pause Young (Allocation Failure)
[5.983s][info][gc,heap        ] GC(112) PSYoungGen: 39383K(80384K)->19584K(83456K) Eden: 19456K(19456K)->0K(19456K) From: 19927K(60928K)->19584K(64000K)
[5.983s][info][gc,heap        ] GC(112) ParOldGen: 934180K(1031168K)->954396K(1031168K)
[5.983s][info][gc,metaspace   ] GC(112) Metaspace: 6298K(6464K)->6298K(6464K) NonClass: 5764K(5824K)->5764K(5824K) Class: 533K(640K)->533K(640K)
[5.983s][info][gc             ] GC(112) Pause Young (Allocation Failure) 950M->951M(1088M) 57.527ms
[5.983s][info][gc,cpu         ] GC(112) User=0.41s Sys=0.09s Real=0.06s
[6.006s][info][gc,start       ] GC(113) Pause Young (Allocation Failure)
[6.028s][info][gc,heap        ] GC(113) PSYoungGen: 39040K(83456K)->19584K(82432K) Eden: 19456K(19456K)->0K(21504K) From: 19584K(64000K)->19584K(60928K)
[6.028s][info][gc,heap        ] GC(113) ParOldGen: 954396K(1031168K)->974124K(1031168K)
[6.028s][info][gc,metaspace   ] GC(113) Metaspace: 6298K(6464K)->6298K(6464K) NonClass: 5764K(5824K)->5764K(5824K) Class: 533K(640K)->533K(640K)
[6.028s][info][gc             ] GC(113) Pause Young (Allocation Failure) 970M->970M(1087M) 22.550ms
[6.029s][info][gc,cpu         ] GC(113) User=0.11s Sys=0.02s Real=0.02s
[6.053s][info][gc,start       ] GC(114) Pause Young (Allocation Failure)
[6.076s][info][gc,heap        ] GC(114) PSYoungGen: 41088K(82432K)->21696K(83456K) Eden: 21504K(21504K)->0K(21504K) From: 19584K(60928K)->21696K(61952K)
[6.077s][info][gc,heap        ] GC(114) ParOldGen: 974124K(1031168K)->993844K(1031168K)
[6.077s][info][gc,metaspace   ] GC(114) Metaspace: 6298K(6464K)->6298K(6464K) NonClass: 5764K(5824K)->5764K(5824K) Class: 533K(640K)->533K(640K)
[6.077s][info][gc             ] GC(114) Pause Young (Allocation Failure) 991M->991M(1088M) 23.782ms
[6.077s][info][gc,cpu         ] GC(114) User=0.11s Sys=0.02s Real=0.02s
[6.100s][info][gc,start       ] GC(115) Pause Young (Allocation Failure)
[6.124s][info][gc,heap        ] GC(115) PSYoungGen: 43200K(83456K)->21664K(81408K) Eden: 21504K(21504K)->0K(24064K) From: 21696K(61952K)->21664K(57344K)
[6.124s][info][gc,heap        ] GC(115) ParOldGen: 993844K(1031168K)->1015644K(1031168K)
[6.124s][info][gc,metaspace   ] GC(115) Metaspace: 6298K(6464K)->6298K(6464K) NonClass: 5764K(5824K)->5764K(5824K) Class: 533K(640K)->533K(640K)
[6.124s][info][gc             ] GC(115) Pause Young (Allocation Failure) 1012M->1012M(1086M) 24.166ms
[6.124s][info][gc,cpu         ] GC(115) User=0.12s Sys=0.00s Real=0.02s
[6.124s][info][gc,start       ] GC(116) Pause Full (Ergonomics)
[6.124s][info][gc,phases,start] GC(116) Marking Phase
[6.349s][info][gc,phases      ] GC(116) Marking Phase 224.482ms
[6.349s][info][gc,phases,start] GC(116) Summary Phase
[6.349s][info][gc,phases      ] GC(116) Summary Phase 0.024ms
[6.349s][info][gc,phases,start] GC(116) Adjust Roots
[6.349s][info][gc,phases      ] GC(116) Adjust Roots 0.146ms
[6.349s][info][gc,phases,start] GC(116) Compaction Phase
[6.451s][info][gc,phases      ] GC(116) Compaction Phase 102.096ms
[6.451s][info][gc,phases,start] GC(116) Post Compact
[6.453s][info][gc,phases      ] GC(116) Post Compact 1.789ms
[6.454s][info][gc,heap        ] GC(116) PSYoungGen: 21664K(81408K)->5126K(82944K) Eden: 0K(24064K)->0K(25600K) From: 21664K(57344K)->5126K(57344K)
[6.454s][info][gc,heap        ] GC(116) ParOldGen: 1015644K(1031168K)->1030771K(1137664K)
[6.454s][info][gc,metaspace   ] GC(116) Metaspace: 6298K(6464K)->6298K(6464K) NonClass: 5764K(5824K)->5764K(5824K) Class: 533K(640K)->533K(640K)
[6.454s][info][gc             ] GC(116) Pause Full (Ergonomics) 1012M->1011M(1192M) 329.559ms
[6.454s][info][gc,cpu         ] GC(116) User=2.30s Sys=0.00s Real=0.33s
[6.482s][info][gc,start       ] GC(117) Pause Young (Allocation Failure)
[6.542s][info][gc,heap        ] GC(117) PSYoungGen: 30726K(82944K)->25792K(84480K) Eden: 25600K(25600K)->0K(25600K) From: 5126K(57344K)->25792K(58880K)
[6.542s][info][gc,heap        ] GC(117) ParOldGen: 1030771K(1137664K)->1035987K(1137664K)
[6.542s][info][gc,metaspace   ] GC(117) Metaspace: 6298K(6464K)->6298K(6464K) NonClass: 5764K(5824K)->5764K(5824K) Class: 533K(640K)->533K(640K)
[6.542s][info][gc             ] GC(117) Pause Young (Allocation Failure) 1036M->1036M(1193M) 60.051ms
[6.542s][info][gc,cpu         ] GC(117) User=0.38s Sys=0.00s Real=0.06s
[6.571s][info][gc,start       ] GC(118) Pause Young (Allocation Failure)
[6.599s][info][gc,heap        ] GC(118) PSYoungGen: 51392K(84480K)->51392K(78848K) Eden: 25600K(25600K)->0K(22528K) From: 25792K(58880K)->51392K(56320K)
[6.599s][info][gc,heap        ] GC(118) ParOldGen: 1035987K(1137664K)->1035987K(1137664K)
[6.599s][info][gc,metaspace   ] GC(118) Metaspace: 6298K(6464K)->6298K(6464K) NonClass: 5764K(5824K)->5764K(5824K) Class: 533K(640K)->533K(640K)
[6.599s][info][gc             ] GC(118) Pause Young (Allocation Failure) 1061M->1061M(1188M) 27.742ms
[6.599s][info][gc,cpu         ] GC(118) User=0.12s Sys=0.00s Real=0.03s
[6.624s][info][gc,start       ] GC(119) Pause Young (Allocation Failure)
[6.662s][info][gc,heap        ] GC(119) PSYoungGen: 73920K(78848K)->61952K(84480K) Eden: 22528K(22528K)->0K(22528K) From: 51392K(56320K)->61952K(61952K)
[6.662s][info][gc,heap        ] GC(119) ParOldGen: 1035987K(1137664K)->1047979K(1137664K)
[6.662s][info][gc,metaspace   ] GC(119) Metaspace: 6298K(6464K)->6298K(6464K) NonClass: 5764K(5824K)->5764K(5824K) Class: 533K(640K)->533K(640K)
[6.662s][info][gc             ] GC(119) Pause Young (Allocation Failure) 1083M->1083M(1193M) 38.081ms
[6.663s][info][gc,cpu         ] GC(119) User=0.20s Sys=0.05s Real=0.04s
[6.687s][info][gc,start       ] GC(120) Pause Young (Allocation Failure)
[6.731s][info][gc,heap        ] GC(120) PSYoungGen: 84480K(84480K)->42912K(97792K) Eden: 22528K(22528K)->0K(25088K) From: 61952K(61952K)->42912K(72704K)
[6.731s][info][gc,heap        ] GC(120) ParOldGen: 1047979K(1137664K)->1090235K(1137664K)
[6.731s][info][gc,metaspace   ] GC(120) Metaspace: 6298K(6464K)->6298K(6464K) NonClass: 5764K(5824K)->5764K(5824K) Class: 533K(640K)->533K(640K)
[6.731s][info][gc             ] GC(120) Pause Young (Allocation Failure) 1105M->1106M(1206M) 43.700ms
[6.731s][info][gc,cpu         ] GC(120) User=0.25s Sys=0.02s Real=0.04s
[6.758s][info][gc,start       ] GC(121) Pause Young (Allocation Failure)
[6.795s][info][gc,heap        ] GC(121) PSYoungGen: 68000K(97792K)->47808K(98816K) Eden: 25088K(25088K)->0K(25088K) From: 42912K(72704K)->47808K(73728K)
[6.795s][info][gc,heap        ] GC(121) ParOldGen: 1090235K(1137664K)->1110747K(1137664K)
[6.795s][info][gc,metaspace   ] GC(121) Metaspace: 6298K(6464K)->6298K(6464K) NonClass: 5764K(5824K)->5764K(5824K) Class: 533K(640K)->533K(640K)
[6.795s][info][gc             ] GC(121) Pause Young (Allocation Failure) 1131M->1131M(1207M) 36.501ms
[6.795s][info][gc,cpu         ] GC(121) User=0.25s Sys=0.00s Real=0.04s
[6.795s][info][gc,start       ] GC(122) Pause Full (Ergonomics)
[6.795s][info][gc,phases,start] GC(122) Marking Phase
[7.051s][info][gc,phases      ] GC(122) Marking Phase 256.578ms
[7.052s][info][gc,phases,start] GC(122) Summary Phase
[7.052s][info][gc,phases      ] GC(122) Summary Phase 0.026ms
[7.052s][info][gc,phases,start] GC(122) Adjust Roots
[7.052s][info][gc,phases      ] GC(122) Adjust Roots 0.152ms
[7.052s][info][gc,phases,start] GC(122) Compaction Phase
[7.150s][info][gc,phases      ] GC(122) Compaction Phase 98.128ms
[7.150s][info][gc,phases,start] GC(122) Post Compact
[7.152s][info][gc,phases      ] GC(122) Post Compact 1.920ms
[7.152s][info][gc,heap        ] GC(122) PSYoungGen: 47808K(98816K)->19455K(98816K) Eden: 0K(25088K)->0K(25088K) From: 47808K(73728K)->19455K(73728K)
[7.152s][info][gc,heap        ] GC(122) ParOldGen: 1110747K(1137664K)->1137636K(1257984K)
[7.152s][info][gc,metaspace   ] GC(122) Metaspace: 6298K(6464K)->6298K(6464K) NonClass: 5764K(5824K)->5764K(5824K) Class: 533K(640K)->533K(640K)
[7.152s][info][gc             ] GC(122) Pause Full (Ergonomics) 1131M->1129M(1325M) 357.601ms
[7.153s][info][gc,cpu         ] GC(122) User=2.53s Sys=0.06s Real=0.36s
[7.183s][info][gc,start       ] GC(123) Pause Young (Allocation Failure)
[7.253s][info][gc,heap        ] GC(123) PSYoungGen: 44543K(98816K)->36800K(94208K) Eden: 25088K(25088K)->0K(27648K) From: 19455K(73728K)->36800K(66560K)
[7.253s][info][gc,heap        ] GC(123) ParOldGen: 1137636K(1257984K)->1145780K(1257984K)
[7.253s][info][gc,metaspace   ] GC(123) Metaspace: 6298K(6464K)->6298K(6464K) NonClass: 5764K(5824K)->5764K(5824K) Class: 533K(640K)->533K(640K)
[7.253s][info][gc             ] GC(123) Pause Young (Allocation Failure) 1154M->1154M(1320M) 70.306ms
[7.253s][info][gc,cpu         ] GC(123) User=0.39s Sys=0.00s Real=0.07s
[7.286s][info][gc,start       ] GC(124) Pause Young (Allocation Failure)
[7.321s][info][gc,heap        ] GC(124) PSYoungGen: 64448K(94208K)->64384K(98304K) Eden: 27648K(27648K)->0K(27648K) From: 36800K(66560K)->64384K(70656K)
[7.321s][info][gc,heap        ] GC(124) ParOldGen: 1145780K(1257984K)->1145780K(1257984K)
[7.321s][info][gc,metaspace   ] GC(124) Metaspace: 6298K(6464K)->6298K(6464K) NonClass: 5764K(5824K)->5764K(5824K) Class: 533K(640K)->533K(640K)
[7.321s][info][gc             ] GC(124) Pause Young (Allocation Failure) 1181M->1181M(1324M) 34.365ms
[7.321s][info][gc,cpu         ] GC(124) User=0.14s Sys=0.00s Real=0.03s
[7.355s][info][gc,start       ] GC(125) Pause Young (Allocation Failure)
[7.407s][info][gc,heap        ] GC(125) PSYoungGen: 92032K(98304K)->77824K(93184K) Eden: 27648K(27648K)->0K(15360K) From: 64384K(70656K)->77824K(77824K)
[7.407s][info][gc,heap        ] GC(125) ParOldGen: 1145780K(1257984K)->1160084K(1257984K)
[7.407s][info][gc,metaspace   ] GC(125) Metaspace: 6298K(6464K)->6298K(6464K) NonClass: 5764K(5824K)->5764K(5824K) Class: 533K(640K)->533K(640K)
[7.407s][info][gc             ] GC(125) Pause Young (Allocation Failure) 1208M->1208M(1319M) 52.242ms
[7.407s][info][gc,cpu         ] GC(125) User=0.27s Sys=0.02s Real=0.05s
[7.425s][info][gc,start       ] GC(126) Pause Young (Allocation Failure)
[7.474s][info][gc,heap        ] GC(126) PSYoungGen: 93184K(93184K)->63232K(108544K) Eden: 15360K(15360K)->0K(15360K) From: 77824K(77824K)->63232K(93184K)
[7.474s][info][gc,heap        ] GC(126) ParOldGen: 1160084K(1257984K)->1190524K(1257984K)
[7.474s][info][gc,metaspace   ] GC(126) Metaspace: 6298K(6464K)->6298K(6464K) NonClass: 5764K(5824K)->5764K(5824K) Class: 533K(640K)->533K(640K)
[7.474s][info][gc             ] GC(126) Pause Young (Allocation Failure) 1223M->1224M(1334M) 48.449ms
[7.474s][info][gc,cpu         ] GC(126) User=0.36s Sys=0.02s Real=0.05s
[7.492s][info][gc,start       ] GC(127) Pause Young (Allocation Failure)
[7.533s][info][gc,heap        ] GC(127) PSYoungGen: 78592K(108544K)->55136K(109568K) Eden: 15360K(15360K)->0K(17408K) From: 63232K(93184K)->55136K(92160K)
[7.533s][info][gc,heap        ] GC(127) ParOldGen: 1190524K(1257984K)->1214284K(1257984K)
[7.533s][info][gc,metaspace   ] GC(127) Metaspace: 6298K(6464K)->6298K(6464K) NonClass: 5764K(5824K)->5764K(5824K) Class: 533K(640K)->533K(640K)
[7.533s][info][gc             ] GC(127) Pause Young (Allocation Failure) 1239M->1239M(1335M) 41.700ms
[7.533s][info][gc,cpu         ] GC(127) User=0.23s Sys=0.02s Real=0.04s
[7.556s][info][gc,start       ] GC(128) Pause Young (Allocation Failure)
[7.594s][info][gc,heap        ] GC(128) PSYoungGen: 72544K(109568K)->32960K(111104K) Eden: 17408K(17408K)->0K(17408K) From: 55136K(92160K)->32960K(93696K)
[7.594s][info][gc,heap        ] GC(128) ParOldGen: 1214284K(1257984K)->1254460K(1257984K)
[7.594s][info][gc,metaspace   ] GC(128) Metaspace: 6298K(6464K)->6298K(6464K) NonClass: 5764K(5824K)->5764K(5824K) Class: 533K(640K)->533K(640K)
[7.595s][info][gc             ] GC(128) Pause Young (Allocation Failure) 1256M->1257M(1337M) 39.003ms
[7.595s][info][gc,cpu         ] GC(128) User=0.19s Sys=0.06s Real=0.04s
[7.595s][info][gc,start       ] GC(129) Pause Full (Ergonomics)
[7.595s][info][gc,phases,start] GC(129) Marking Phase
[7.880s][info][gc,phases      ] GC(129) Marking Phase 285.052ms
[7.880s][info][gc,phases,start] GC(129) Summary Phase
[7.880s][info][gc,phases      ] GC(129) Summary Phase 0.036ms
[7.880s][info][gc,phases,start] GC(129) Adjust Roots
[7.880s][info][gc,phases      ] GC(129) Adjust Roots 0.193ms
[7.880s][info][gc,phases,start] GC(129) Compaction Phase
[7.986s][info][gc,phases      ] GC(129) Compaction Phase 106.380ms
[7.986s][info][gc,phases,start] GC(129) Post Compact
[7.988s][info][gc,phases      ] GC(129) Post Compact 1.968ms
[7.989s][info][gc,heap        ] GC(129) PSYoungGen: 32960K(111104K)->27594K(111104K) Eden: 0K(17408K)->0K(17408K) From: 32960K(93696K)->27594K(93696K)
[7.989s][info][gc,heap        ] GC(129) ParOldGen: 1254460K(1257984K)->1257829K(1393664K)
[7.989s][info][gc,metaspace   ] GC(129) Metaspace: 6298K(6464K)->6298K(6464K) NonClass: 5764K(5824K)->5764K(5824K) Class: 533K(640K)->533K(640K)
[7.989s][info][gc             ] GC(129) Pause Full (Ergonomics) 1257M->1255M(1469M) 394.409ms
[7.989s][info][gc,cpu         ] GC(129) User=2.94s Sys=0.00s Real=0.39s
[8.014s][info][gc,start       ] GC(130) Pause Young (Allocation Failure)
[8.089s][info][gc,heap        ] GC(130) PSYoungGen: 45002K(111104K)->16704K(110592K) Eden: 17408K(17408K)->0K(19456K) From: 27594K(93696K)->16704K(91136K)
[8.089s][info][gc,heap        ] GC(130) ParOldGen: 1257829K(1393664K)->1285845K(1393664K)
[8.089s][info][gc,metaspace   ] GC(130) Metaspace: 6298K(6464K)->6298K(6464K) NonClass: 5764K(5824K)->5764K(5824K) Class: 533K(640K)->533K(640K)
[8.089s][info][gc             ] GC(130) Pause Young (Allocation Failure) 1272M->1272M(1469M) 75.404ms
[8.089s][info][gc,cpu         ] GC(130) User=0.42s Sys=0.00s Real=0.08s
[8.107s][info][gc,start       ] GC(131) Pause Young (Allocation Failure)
[8.127s][info][gc,heap        ] GC(131) PSYoungGen: 36160K(110592K)->10240K(111104K) Eden: 19456K(19456K)->0K(19456K) From: 16704K(91136K)->10240K(91648K)
[8.127s][info][gc,heap        ] GC(131) ParOldGen: 1285845K(1393664K)->1302701K(1393664K)
[8.127s][info][gc,metaspace   ] GC(131) Metaspace: 6298K(6464K)->6298K(6464K) NonClass: 5764K(5824K)->5764K(5824K) Class: 533K(640K)->533K(640K)
[8.127s][info][gc             ] GC(131) Pause Young (Allocation Failure) 1291M->1282M(1469M) 19.958ms
[8.127s][info][gc,cpu         ] GC(131) User=0.09s Sys=0.00s Real=0.02s
[8.144s][info][gc,start       ] GC(132) Pause Young (Allocation Failure)
[8.161s][info][gc,heap        ] GC(132) PSYoungGen: 29696K(111104K)->11392K(113152K) Eden: 19456K(19456K)->0K(21504K) From: 10240K(91648K)->11392K(91648K)
[8.161s][info][gc,heap        ] GC(132) ParOldGen: 1302701K(1393664K)->1312949K(1393664K)
[8.161s][info][gc,metaspace   ] GC(132) Metaspace: 6298K(6464K)->6298K(6464K) NonClass: 5764K(5824K)->5764K(5824K) Class: 533K(640K)->533K(640K)
[8.161s][info][gc             ] GC(132) Pause Young (Allocation Failure) 1301M->1293M(1471M) 17.109ms
[8.161s][info][gc,cpu         ] GC(132) User=0.03s Sys=0.00s Real=0.02s
[8.188s][info][gc,start       ] GC(133) Pause Young (Allocation Failure)
[8.210s][info][gc,heap        ] GC(133) PSYoungGen: 32896K(113152K)->21728K(113664K) Eden: 21504K(21504K)->0K(21504K) From: 11392K(91648K)->21728K(92160K)
[8.210s][info][gc,heap        ] GC(133) ParOldGen: 1312949K(1393664K)->1324413K(1393664K)
[8.210s][info][gc,metaspace   ] GC(133) Metaspace: 6298K(6464K)->6298K(6464K) NonClass: 5764K(5824K)->5764K(5824K) Class: 533K(640K)->533K(640K)
[8.210s][info][gc             ] GC(133) Pause Young (Allocation Failure) 1314M->1314M(1472M) 21.837ms
[8.210s][info][gc,cpu         ] GC(133) User=0.12s Sys=0.00s Real=0.02s
[8.235s][info][gc,start       ] GC(134) Pause Young (Allocation Failure)
[8.261s][info][gc,heap        ] GC(134) PSYoungGen: 43232K(113664K)->21664K(107520K) Eden: 21504K(21504K)->0K(24064K) From: 21728K(92160K)->21664K(83456K)
[8.262s][info][gc,heap        ] GC(134) ParOldGen: 1324413K(1393664K)->1346237K(1393664K)
[8.262s][info][gc,metaspace   ] GC(134) Metaspace: 6298K(6464K)->6298K(6464K) NonClass: 5764K(5824K)->5764K(5824K) Class: 533K(640K)->533K(640K)
[8.262s][info][gc             ] GC(134) Pause Young (Allocation Failure) 1335M->1335M(1466M) 26.731ms
[8.262s][info][gc,cpu         ] GC(134) User=0.14s Sys=0.00s Real=0.03s
[8.292s][info][gc,start       ] GC(135) Pause Young (Allocation Failure)
[8.320s][info][gc,heap        ] GC(135) PSYoungGen: 45728K(107520K)->24192K(48640K) Eden: 24064K(24064K)->0K(24064K) From: 21664K(83456K)->24192K(24576K)
[8.320s][info][gc,heap        ] GC(135) ParOldGen: 1346237K(1393664K)->1368037K(1393664K)
[8.320s][info][gc,metaspace   ] GC(135) Metaspace: 6298K(6464K)->6298K(6464K) NonClass: 5764K(5824K)->5764K(5824K) Class: 533K(640K)->533K(640K)
[8.320s][info][gc             ] GC(135) Pause Young (Allocation Failure) 1359M->1359M(1408M) 28.771ms
[8.320s][info][gc,cpu         ] GC(135) User=0.11s Sys=0.03s Real=0.03s
[8.320s][info][gc,start       ] GC(136) Pause Full (Ergonomics)
[8.320s][info][gc,phases,start] GC(136) Marking Phase
[8.631s][info][gc,phases      ] GC(136) Marking Phase 310.786ms
[8.631s][info][gc,phases,start] GC(136) Summary Phase
[8.631s][info][gc,phases      ] GC(136) Summary Phase 0.046ms
[8.631s][info][gc,phases,start] GC(136) Adjust Roots
[8.631s][info][gc,phases      ] GC(136) Adjust Roots 0.161ms
[8.632s][info][gc,phases,start] GC(136) Compaction Phase
[8.745s][info][gc,phases      ] GC(136) Compaction Phase 113.531ms
[8.745s][info][gc,phases,start] GC(136) Post Compact
[8.747s][info][gc,phases      ] GC(136) Post Compact 2.330ms
[8.748s][info][gc,heap        ] GC(136) PSYoungGen: 24192K(48640K)->0K(109568K) Eden: 0K(24064K)->0K(26624K) From: 24192K(24576K)->0K(82944K)
[8.748s][info][gc,heap        ] GC(136) ParOldGen: 1368037K(1393664K)->1390326K(1530368K)
[8.748s][info][gc,metaspace   ] GC(136) Metaspace: 6298K(6464K)->6298K(6464K) NonClass: 5764K(5824K)->5764K(5824K) Class: 533K(640K)->533K(640K)
[8.748s][info][gc             ] GC(136) Pause Full (Ergonomics) 1359M->1357M(1601M) 427.641ms
[8.748s][info][gc,cpu         ] GC(136) User=3.09s Sys=0.03s Real=0.43s
[9.019s][info][gc,start       ] GC(137) Pause Young (Allocation Failure)
[9.071s][info][gc,heap        ] GC(137) PSYoungGen: 26624K(109568K)->26784K(53760K) Eden: 26624K(26624K)->0K(26624K) From: 0K(82944K)->26784K(27136K)
[9.071s][info][gc,heap        ] GC(137) ParOldGen: 1455862K(1530368K)->1455862K(1530368K)
[9.071s][info][gc,metaspace   ] GC(137) Metaspace: 6298K(6464K)->6298K(6464K) NonClass: 5764K(5824K)->5764K(5824K) Class: 533K(640K)->533K(640K)
[9.071s][info][gc             ] GC(137) Pause Young (Allocation Failure) 1447M->1447M(1547M) 52.017ms
[9.071s][info][gc,cpu         ] GC(137) User=0.27s Sys=0.00s Real=0.05s
[9.096s][info][gc,start       ] GC(138) Pause Young (Allocation Failure)
[9.127s][info][gc,heap        ] GC(138) PSYoungGen: 53408K(53760K)->53472K(104960K) Eden: 26624K(26624K)->0K(26112K) From: 26784K(27136K)->53472K(78848K)
[9.127s][info][gc,heap        ] GC(138) ParOldGen: 1455862K(1530368K)->1455862K(1530368K)
[9.127s][info][gc,metaspace   ] GC(138) Metaspace: 6298K(6464K)->6298K(6464K) NonClass: 5764K(5824K)->5764K(5824K) Class: 533K(640K)->533K(640K)
[9.127s][info][gc             ] GC(138) Pause Young (Allocation Failure) 1473M->1473M(1597M) 31.018ms
[9.127s][info][gc,cpu         ] GC(138) User=0.05s Sys=0.00s Real=0.03s
[9.150s][info][gc,start       ] GC(139) Pause Young (Allocation Failure)
[9.188s][info][gc,heap        ] GC(139) PSYoungGen: 79584K(104960K)->79584K(108032K) Eden: 26112K(26112K)->0K(26112K) From: 53472K(78848K)->79584K(81920K)
[9.188s][info][gc,heap        ] GC(139) ParOldGen: 1455862K(1530368K)->1455862K(1530368K)
[9.188s][info][gc,metaspace   ] GC(139) Metaspace: 6298K(6464K)->6298K(6464K) NonClass: 5764K(5824K)->5764K(5824K) Class: 533K(640K)->533K(640K)
[9.188s][info][gc             ] GC(139) Pause Young (Allocation Failure) 1499M->1499M(1600M) 37.903ms
[9.188s][info][gc,cpu         ] GC(139) User=0.25s Sys=0.00s Real=0.04s
[9.214s][info][gc,start       ] GC(140) Pause Young (Allocation Failure)
[9.264s][info][gc,heap        ] GC(140) PSYoungGen: 105696K(108032K)->94208K(104448K) Eden: 26112K(26112K)->0K(10240K) From: 79584K(81920K)->94208K(94208K)
[9.264s][info][gc,heap        ] GC(140) ParOldGen: 1455862K(1530368K)->1467406K(1530368K)
[9.264s][info][gc,metaspace   ] GC(140) Metaspace: 6298K(6464K)->6298K(6464K) NonClass: 5764K(5824K)->5764K(5824K) Class: 533K(640K)->533K(640K)
[9.264s][info][gc             ] GC(140) Pause Young (Allocation Failure) 1524M->1525M(1596M) 49.807ms
[9.264s][info][gc,cpu         ] GC(140) User=0.33s Sys=0.05s Real=0.05s
[9.274s][info][gc,start       ] GC(141) Pause Young (Allocation Failure)
[9.323s][info][gc,heap        ] GC(141) PSYoungGen: 104448K(104448K)->58496K(69120K) Eden: 10240K(10240K)->0K(10240K) From: 94208K(94208K)->58496K(58880K)
[9.323s][info][gc,heap        ] GC(141) ParOldGen: 1467406K(1530368K)->1514062K(1530368K)
[9.323s][info][gc,metaspace   ] GC(141) Metaspace: 6298K(6464K)->6298K(6464K) NonClass: 5764K(5824K)->5764K(5824K) Class: 533K(640K)->533K(640K)
[9.323s][info][gc             ] GC(141) Pause Young (Allocation Failure) 1535M->1535M(1562M) 48.805ms
[9.323s][info][gc,cpu         ] GC(141) User=0.28s Sys=0.02s Real=0.05s
[9.323s][info][gc,start       ] GC(142) Pause Full (Ergonomics)
[9.323s][info][gc,phases,start] GC(142) Marking Phase
[9.667s][info][gc,phases      ] GC(142) Marking Phase 344.060ms
[9.667s][info][gc,phases,start] GC(142) Summary Phase
[9.667s][info][gc,phases      ] GC(142) Summary Phase 0.037ms
[9.667s][info][gc,phases,start] GC(142) Adjust Roots
[9.667s][info][gc,phases      ] GC(142) Adjust Roots 0.240ms
[9.667s][info][gc,phases,start] GC(142) Compaction Phase
[10.025s][info][gc,phases      ] GC(142) Compaction Phase 357.683ms
[10.025s][info][gc,phases,start] GC(142) Post Compact
[10.028s][info][gc,phases      ] GC(142) Post Compact 3.086ms
[10.029s][info][gc,heap        ] GC(142) PSYoungGen: 58496K(69120K)->8625K(69120K) Eden: 0K(10240K)->0K(10240K) From: 58496K(58880K)->8625K(58880K)
[10.029s][info][gc,heap        ] GC(142) ParOldGen: 1514062K(1530368K)->1530027K(1684480K)
[10.029s][info][gc,metaspace   ] GC(142) Metaspace: 6298K(6464K)->6298K(6464K) NonClass: 5764K(5824K)->5764K(5824K) Class: 533K(640K)->533K(640K)
[10.029s][info][gc             ] GC(142) Pause Full (Ergonomics) 1535M->1502M(1712M) 705.957ms
[10.029s][info][gc,cpu         ] GC(142) User=4.88s Sys=0.03s Real=0.71s
[10.042s][info][gc,start       ] GC(143) Pause Young (Allocation Failure)
[10.119s][info][gc,heap        ] GC(143) PSYoungGen: 18865K(69120K)->10336K(121856K) Eden: 10240K(10240K)->0K(11264K) From: 8625K(58880K)->10336K(110592K)
[10.119s][info][gc,heap        ] GC(143) ParOldGen: 1530027K(1684480K)->1538803K(1684480K)
[10.119s][info][gc,metaspace   ] GC(143) Metaspace: 6298K(6464K)->6298K(6464K) NonClass: 5764K(5824K)->5764K(5824K) Class: 533K(640K)->533K(640K)
[10.119s][info][gc             ] GC(143) Pause Young (Allocation Failure) 1512M->1512M(1764M) 76.866ms
[10.119s][info][gc,cpu         ] GC(143) User=0.41s Sys=0.00s Real=0.08s
[10.130s][info][gc,start       ] GC(144) Pause Young (Allocation Failure)
[10.153s][info][gc,heap        ] GC(144) PSYoungGen: 21600K(121856K)->21632K(33280K) Eden: 11264K(11264K)->0K(11264K) From: 10336K(110592K)->21632K(22016K)
[10.153s][info][gc,heap        ] GC(144) ParOldGen: 1538803K(1684480K)->1538803K(1684480K)
[10.153s][info][gc,metaspace   ] GC(144) Metaspace: 6298K(6464K)->6298K(6464K) NonClass: 5764K(5824K)->5764K(5824K) Class: 533K(640K)->533K(640K)
[10.153s][info][gc             ] GC(144) Pause Young (Allocation Failure) 1523M->1523M(1677M) 22.659ms
[10.153s][info][gc,cpu         ] GC(144) User=0.02s Sys=0.00s Real=0.02s
[10.165s][info][gc,start       ] GC(145) Pause Young (Allocation Failure)
[10.191s][info][gc,heap        ] GC(145) PSYoungGen: 32896K(33280K)->32896K(110592K) Eden: 11264K(11264K)->0K(12800K) From: 21632K(22016K)->32896K(97792K)
[10.191s][info][gc,heap        ] GC(145) ParOldGen: 1538803K(1684480K)->1538803K(1684480K)
[10.191s][info][gc,metaspace   ] GC(145) Metaspace: 6298K(6464K)->6298K(6464K) NonClass: 5764K(5824K)->5764K(5824K) Class: 533K(640K)->533K(640K)
[10.191s][info][gc             ] GC(145) Pause Young (Allocation Failure) 1534M->1534M(1753M) 26.756ms
[10.191s][info][gc,cpu         ] GC(145) User=0.02s Sys=0.00s Real=0.03s
[10.204s][info][gc,start       ] GC(146) Pause Young (Allocation Failure)
[10.237s][info][gc,heap        ] GC(146) PSYoungGen: 45696K(110592K)->35456K(48640K) Eden: 12800K(12800K)->0K(12800K) From: 32896K(97792K)->35456K(35840K)
[10.237s][info][gc,heap        ] GC(146) ParOldGen: 1538803K(1684480K)->1549195K(1684480K)
[10.237s][info][gc,metaspace   ] GC(146) Metaspace: 6298K(6464K)->6298K(6464K) NonClass: 5764K(5824K)->5764K(5824K) Class: 533K(640K)->533K(640K)
[10.237s][info][gc             ] GC(146) Pause Young (Allocation Failure) 1547M->1547M(1692M) 33.056ms
[10.237s][info][gc,cpu         ] GC(146) User=0.05s Sys=0.00s Real=0.03s
[10.251s][info][gc,start       ] GC(147) Pause Young (Allocation Failure)
[10.282s][info][gc,heap        ] GC(147) PSYoungGen: 48256K(48640K)->25760K(106496K) Eden: 12800K(12800K)->0K(14848K) From: 35456K(35840K)->25760K(91648K)
[10.282s][info][gc,heap        ] GC(147) ParOldGen: 1549195K(1684480K)->1571995K(1684480K)
[10.282s][info][gc,metaspace   ] GC(147) Metaspace: 6298K(6464K)->6298K(6464K) NonClass: 5764K(5824K)->5764K(5824K) Class: 533K(640K)->533K(640K)
[10.282s][info][gc             ] GC(147) Pause Young (Allocation Failure) 1560M->1560M(1749M) 31.709ms
[10.282s][info][gc,cpu         ] GC(147) User=0.11s Sys=0.02s Real=0.03s
[10.298s][info][gc,start       ] GC(148) Pause Young (Allocation Failure)
[10.327s][info][gc,heap        ] GC(148) PSYoungGen: 40608K(106496K)->14976K(109056K) Eden: 14848K(14848K)->0K(14848K) From: 25760K(91648K)->14976K(94208K)
[10.327s][info][gc,heap        ] GC(148) ParOldGen: 1571995K(1684480K)->1597915K(1684480K)
[10.327s][info][gc,metaspace   ] GC(148) Metaspace: 6298K(6464K)->6298K(6464K) NonClass: 5764K(5824K)->5764K(5824K) Class: 533K(640K)->533K(640K)
[10.327s][info][gc             ] GC(148) Pause Young (Allocation Failure) 1574M->1575M(1751M) 29.214ms
[10.327s][info][gc,cpu         ] GC(148) User=0.03s Sys=0.00s Real=0.03s
[10.341s][info][gc,start       ] GC(149) Pause Young (Allocation Failure)
[10.367s][info][gc,heap        ] GC(149) PSYoungGen: 29824K(109056K)->14976K(105472K) Eden: 14848K(14848K)->0K(16896K) From: 14976K(94208K)->14976K(88576K)
[10.367s][info][gc,heap        ] GC(149) ParOldGen: 1597915K(1684480K)->1612971K(1684480K)
[10.367s][info][gc,metaspace   ] GC(149) Metaspace: 6298K(6464K)->6298K(6464K) NonClass: 5764K(5824K)->5764K(5824K) Class: 533K(640K)->533K(640K)
[10.367s][info][gc             ] GC(149) Pause Young (Allocation Failure) 1589M->1589M(1748M) 25.965ms
[10.367s][info][gc,cpu         ] GC(149) User=0.03s Sys=0.00s Real=0.03s
[10.384s][info][gc,start       ] GC(150) Pause Young (Allocation Failure)
[10.409s][info][gc,heap        ] GC(150) PSYoungGen: 31872K(105472K)->17056K(34304K) Eden: 16896K(16896K)->0K(16896K) From: 14976K(88576K)->17056K(17408K)
[10.409s][info][gc,heap        ] GC(150) ParOldGen: 1612971K(1684480K)->1628003K(1684480K)
[10.409s][info][gc,metaspace   ] GC(150) Metaspace: 6298K(6464K)->6298K(6464K) NonClass: 5764K(5824K)->5764K(5824K) Class: 533K(640K)->533K(640K)
[10.409s][info][gc             ] GC(150) Pause Young (Allocation Failure) 1606M->1606M(1678M) 25.732ms
[10.410s][info][gc,cpu         ] GC(150) User=0.03s Sys=0.00s Real=0.03s
[10.427s][info][gc,start       ] GC(151) Pause Young (Allocation Failure)
[10.454s][info][gc,heap        ] GC(151) PSYoungGen: 33952K(34304K)->17056K(101888K) Eden: 16896K(16896K)->0K(19456K) From: 17056K(17408K)->17056K(82432K)
[10.454s][info][gc,heap        ] GC(151) ParOldGen: 1628003K(1684480K)->1645123K(1684480K)
[10.454s][info][gc,metaspace   ] GC(151) Metaspace: 6298K(6464K)->6298K(6464K) NonClass: 5764K(5824K)->5764K(5824K) Class: 533K(640K)->533K(640K)
[10.455s][info][gc             ] GC(151) Pause Young (Allocation Failure) 1623M->1623M(1744M) 27.686ms
[10.455s][info][gc,cpu         ] GC(151) User=0.03s Sys=0.00s Real=0.03s
[10.474s][info][gc,start       ] GC(152) Pause Young (Allocation Failure)
[10.501s][info][gc,heap        ] GC(152) PSYoungGen: 36512K(101888K)->19616K(39424K) Eden: 19456K(19456K)->0K(19456K) From: 17056K(82432K)->19616K(19968K)
[10.501s][info][gc,heap        ] GC(152) ParOldGen: 1645123K(1684480K)->1662259K(1684480K)
[10.501s][info][gc,metaspace   ] GC(152) Metaspace: 6298K(6464K)->6298K(6464K) NonClass: 5764K(5824K)->5764K(5824K) Class: 533K(640K)->533K(640K)
[10.501s][info][gc             ] GC(152) Pause Young (Allocation Failure) 1642M->1642M(1683M) 27.012ms
[10.501s][info][gc,cpu         ] GC(152) User=0.03s Sys=0.00s Real=0.03s
[10.501s][info][gc,start       ] GC(153) Pause Full (Ergonomics)
[10.501s][info][gc,phases,start] GC(153) Marking Phase
[10.871s][info][gc,phases      ] GC(153) Marking Phase 370.048ms
[10.871s][info][gc,phases,start] GC(153) Summary Phase
[10.871s][info][gc,phases      ] GC(153) Summary Phase 0.047ms
[10.871s][info][gc,phases,start] GC(153) Adjust Roots
[10.871s][info][gc,phases      ] GC(153) Adjust Roots 0.155ms
[10.871s][info][gc,phases,start] GC(153) Compaction Phase
[11.040s][info][gc,phases      ] GC(153) Compaction Phase 168.337ms
[11.040s][info][gc,phases,start] GC(153) Post Compact
[11.043s][info][gc,phases      ] GC(153) Post Compact 3.119ms
[11.043s][info][gc,heap        ] GC(153) PSYoungGen: 19616K(39424K)->0K(103424K) Eden: 0K(19456K)->0K(22016K) From: 19616K(19968K)->0K(81408K)
[11.043s][info][gc,heap        ] GC(153) ParOldGen: 1662259K(1684480K)->1679652K(1836032K)
[11.044s][info][gc,metaspace   ] GC(153) Metaspace: 6298K(6464K)->6298K(6464K) NonClass: 5764K(5824K)->5764K(5824K) Class: 533K(640K)->533K(640K)
[11.044s][info][gc             ] GC(153) Pause Full (Ergonomics) 1642M->1640M(1894M) 542.755ms
[11.044s][info][gc,cpu         ] GC(153) User=3.89s Sys=0.00s Real=0.54s
[11.068s][info][gc,start       ] GC(154) Pause Young (Allocation Failure)
[11.089s][info][gc,heap        ] GC(154) PSYoungGen: 22016K(103424K)->22176K(44544K) Eden: 22016K(22016K)->0K(22016K) From: 0K(81408K)->22176K(22528K)
[11.089s][info][gc,heap        ] GC(154) ParOldGen: 1679652K(1836032K)->1679652K(1836032K)
[11.089s][info][gc,metaspace   ] GC(154) Metaspace: 6298K(6464K)->6298K(6464K) NonClass: 5764K(5824K)->5764K(5824K) Class: 533K(640K)->533K(640K)
[11.089s][info][gc             ] GC(154) Pause Young (Allocation Failure) 1661M->1661M(1836M) 21.215ms
[11.089s][info][gc,cpu         ] GC(154) User=0.02s Sys=0.00s Real=0.02s
[11.111s][info][gc,start       ] GC(155) Pause Young (Allocation Failure)
[11.140s][info][gc,heap        ] GC(155) PSYoungGen: 44192K(44544K)->44192K(100864K) Eden: 22016K(22016K)->0K(23552K) From: 22176K(22528K)->44192K(77312K)
[11.140s][info][gc,heap        ] GC(155) ParOldGen: 1679652K(1836032K)->1679652K(1836032K)
[11.140s][info][gc,metaspace   ] GC(155) Metaspace: 6298K(6464K)->6298K(6464K) NonClass: 5764K(5824K)->5764K(5824K) Class: 533K(640K)->533K(640K)
[11.140s][info][gc             ] GC(155) Pause Young (Allocation Failure) 1683M->1683M(1891M) 29.505ms
[11.140s][info][gc,cpu         ] GC(155) User=0.05s Sys=0.00s Real=0.03s
[11.166s][info][gc,start       ] GC(156) Pause Young (Allocation Failure)
[11.203s][info][gc,heap        ] GC(156) PSYoungGen: 67744K(100864K)->45824K(101888K) Eden: 23552K(23552K)->0K(23552K) From: 44192K(77312K)->45824K(78336K)
[11.203s][info][gc,heap        ] GC(156) ParOldGen: 1679652K(1836032K)->1701972K(1836032K)
[11.203s][info][gc,metaspace   ] GC(156) Metaspace: 6298K(6464K)->6298K(6464K) NonClass: 5764K(5824K)->5764K(5824K) Class: 533K(640K)->533K(640K)
[11.203s][info][gc             ] GC(156) Pause Young (Allocation Failure) 1706M->1706M(1892M) 36.843ms
[11.203s][info][gc,cpu         ] GC(156) User=0.12s Sys=0.02s Real=0.04s
[11.228s][info][gc,start       ] GC(157) Pause Young (Allocation Failure)
[11.266s][info][gc,heap        ] GC(157) PSYoungGen: 69376K(101888K)->47296K(104960K) Eden: 23552K(23552K)->0K(25600K) From: 45824K(78336K)->47296K(79360K)
[11.266s][info][gc,heap        ] GC(157) ParOldGen: 1701972K(1836032K)->1724284K(1836032K)
[11.266s][info][gc,metaspace   ] GC(157) Metaspace: 6298K(6464K)->6298K(6464K) NonClass: 5764K(5824K)->5764K(5824K) Class: 533K(640K)->533K(640K)
[11.266s][info][gc             ] GC(157) Pause Young (Allocation Failure) 1729M->1730M(1895M) 38.217ms
[11.266s][info][gc,cpu         ] GC(157) User=0.14s Sys=0.00s Real=0.04s
[11.293s][info][gc,start       ] GC(158) Pause Young (Allocation Failure)
[11.332s][info][gc,heap        ] GC(158) PSYoungGen: 72896K(104960K)->49344K(105984K) Eden: 25600K(25600K)->0K(25600K) From: 47296K(79360K)->49344K(80384K)
[11.332s][info][gc,heap        ] GC(158) ParOldGen: 1724284K(1836032K)->1748180K(1836032K)
[11.332s][info][gc,metaspace   ] GC(158) Metaspace: 6298K(6464K)->6298K(6464K) NonClass: 5764K(5824K)->5764K(5824K) Class: 533K(640K)->533K(640K)
[11.332s][info][gc             ] GC(158) Pause Young (Allocation Failure) 1755M->1755M(1896M) 39.550ms
[11.332s][info][gc,cpu         ] GC(158) User=0.16s Sys=0.00s Real=0.04s
[11.359s][info][gc,start       ] GC(159) Pause Young (Allocation Failure)
[11.399s][info][gc,heap        ] GC(159) PSYoungGen: 74944K(105984K)->51392K(108544K) Eden: 25600K(25600K)->0K(27136K) From: 49344K(80384K)->51392K(81408K)
[11.399s][info][gc,heap        ] GC(159) ParOldGen: 1748180K(1836032K)->1772060K(1836032K)
[11.399s][info][gc,metaspace   ] GC(159) Metaspace: 6298K(6464K)->6298K(6464K) NonClass: 5764K(5824K)->5764K(5824K) Class: 533K(640K)->533K(640K)
[11.399s][info][gc             ] GC(159) Pause Young (Allocation Failure) 1780M->1780M(1899M) 39.764ms
[11.399s][info][gc,cpu         ] GC(159) User=0.27s Sys=0.00s Real=0.04s
[11.427s][info][gc,start       ] GC(160) Pause Young (Allocation Failure)
[11.468s][info][gc,heap        ] GC(160) PSYoungGen: 78528K(108544K)->52928K(110080K) Eden: 27136K(27136K)->0K(27136K) From: 51392K(81408K)->52928K(82944K)
[11.468s][info][gc,heap        ] GC(160) ParOldGen: 1772060K(1836032K)->1798012K(1836032K)
[11.468s][info][gc,metaspace   ] GC(160) Metaspace: 6298K(6464K)->6298K(6464K) NonClass: 5764K(5824K)->5764K(5824K) Class: 533K(640K)->533K(640K)
[11.468s][info][gc             ] GC(160) Pause Young (Allocation Failure) 1807M->1807M(1900M) 40.159ms
[11.468s][info][gc,cpu         ] GC(160) User=0.25s Sys=0.00s Real=0.04s
[11.468s][info][gc,start       ] GC(161) Pause Full (Ergonomics)
[11.468s][info][gc,phases,start] GC(161) Marking Phase
[11.881s][info][gc,phases      ] GC(161) Marking Phase 413.718ms
[11.882s][info][gc,phases,start] GC(161) Summary Phase
[11.882s][info][gc,phases      ] GC(161) Summary Phase 0.038ms
[11.882s][info][gc,phases,start] GC(161) Adjust Roots
[11.882s][info][gc,phases      ] GC(161) Adjust Roots 0.217ms
[11.882s][info][gc,phases,start] GC(161) Compaction Phase
[12.061s][info][gc,phases      ] GC(161) Compaction Phase 179.692ms
[12.062s][info][gc,phases,start] GC(161) Post Compact
[12.065s][info][gc,phases      ] GC(161) Post Compact 3.482ms
[12.066s][info][gc,heap        ] GC(161) PSYoungGen: 52928K(110080K)->13332K(110080K) Eden: 0K(27136K)->0K(27136K) From: 52928K(82944K)->13332K(82944K)
[12.066s][info][gc,heap        ] GC(161) ParOldGen: 1798012K(1836032K)->1835570K(2010624K)
[12.066s][info][gc,metaspace   ] GC(161) Metaspace: 6298K(6464K)->6298K(6464K) NonClass: 5764K(5824K)->5764K(5824K) Class: 533K(640K)->533K(640K)
[12.066s][info][gc             ] GC(161) Pause Full (Ergonomics) 1807M->1805M(2071M) 598.067ms
[12.066s][info][gc,cpu         ] GC(161) User=4.22s Sys=0.00s Real=0.60s
[12.097s][info][gc,start       ] GC(162) Pause Young (Allocation Failure)
[12.192s][info][gc,heap        ] GC(162) PSYoungGen: 40468K(110080K)->35072K(105984K) Eden: 27136K(27136K)->0K(30208K) From: 13332K(82944K)->35072K(75776K)
[12.192s][info][gc,heap        ] GC(162) ParOldGen: 1835570K(2010624K)->1841258K(2010624K)
[12.192s][info][gc,metaspace   ] GC(162) Metaspace: 6298K(6464K)->6298K(6464K) NonClass: 5764K(5824K)->5764K(5824K) Class: 533K(640K)->533K(640K)
[12.192s][info][gc             ] GC(162) Pause Young (Allocation Failure) 1832M->1832M(2067M) 94.641ms
[12.192s][info][gc,cpu         ] GC(162) User=0.75s Sys=0.00s Real=0.10s
[12.228s][info][gc,start       ] GC(163) Pause Young (Allocation Failure)
[12.266s][info][gc,heap        ] GC(163) PSYoungGen: 65280K(105984K)->65280K(110592K) Eden: 30208K(30208K)->0K(30208K) From: 35072K(75776K)->65280K(80384K)
[12.266s][info][gc,heap        ] GC(163) ParOldGen: 1841258K(2010624K)->1841258K(2010624K)
[12.267s][info][gc,metaspace   ] GC(163) Metaspace: 6298K(6464K)->6298K(6464K) NonClass: 5764K(5824K)->5764K(5824K) Class: 533K(640K)->533K(640K)
[12.267s][info][gc             ] GC(163) Pause Young (Allocation Failure) 1861M->1861M(2071M) 38.257ms
[12.267s][info][gc,cpu         ] GC(163) User=0.16s Sys=0.00s Real=0.04s
[12.300s][info][gc,start       ] GC(164) Pause Young (Allocation Failure)
[12.349s][info][gc,heap        ] GC(164) PSYoungGen: 95488K(110592K)->86016K(103424K) Eden: 30208K(30208K)->0K(17408K) From: 65280K(80384K)->86016K(86016K)
[12.349s][info][gc,heap        ] GC(164) ParOldGen: 1841258K(2010624K)->1850778K(2010624K)
[12.349s][info][gc,metaspace   ] GC(164) Metaspace: 6298K(6464K)->6298K(6464K) NonClass: 5764K(5824K)->5764K(5824K) Class: 533K(640K)->533K(640K)
[12.349s][info][gc             ] GC(164) Pause Young (Allocation Failure) 1891M->1891M(2064M) 49.455ms
[12.349s][info][gc,cpu         ] GC(164) User=0.27s Sys=0.03s Real=0.05s
[12.368s][info][gc,start       ] GC(165) Pause Young (Allocation Failure)
[12.419s][info][gc,heap        ] GC(165) PSYoungGen: 103424K(103424K)->72480K(119296K) Eden: 17408K(17408K)->0K(17408K) From: 86016K(86016K)->72480K(101888K)
[12.419s][info][gc,heap        ] GC(165) ParOldGen: 1850778K(2010624K)->1882266K(2010624K)
[12.419s][info][gc,metaspace   ] GC(165) Metaspace: 6298K(6464K)->6298K(6464K) NonClass: 5764K(5824K)->5764K(5824K) Class: 533K(640K)->533K(640K)
[12.419s][info][gc             ] GC(165) Pause Young (Allocation Failure) 1908M->1908M(2080M) 50.907ms
[12.419s][info][gc,cpu         ] GC(165) User=0.36s Sys=0.02s Real=0.05s
[12.440s][info][gc,start       ] GC(166) Pause Young (Allocation Failure)
[12.486s][info][gc,heap        ] GC(166) PSYoungGen: 89888K(119296K)->61184K(124416K) Eden: 17408K(17408K)->0K(19968K) From: 72480K(101888K)->61184K(104448K)
[12.486s][info][gc,heap        ] GC(166) ParOldGen: 1882266K(2010624K)->1911338K(2010624K)
[12.486s][info][gc,metaspace   ] GC(166) Metaspace: 6298K(6464K)->6298K(6464K) NonClass: 5764K(5824K)->5764K(5824K) Class: 533K(640K)->533K(640K)
[12.486s][info][gc             ] GC(166) Pause Young (Allocation Failure) 1925M->1926M(2085M) 46.083ms
[12.486s][info][gc,cpu         ] GC(166) User=0.25s Sys=0.02s Real=0.05s
[12.509s][info][gc,start       ] GC(167) Pause Young (Allocation Failure)
[12.553s][info][gc,heap        ] GC(167) PSYoungGen: 81152K(124416K)->54944K(75264K) Eden: 19968K(19968K)->0K(19968K) From: 61184K(104448K)->54944K(55296K)
[12.553s][info][gc,heap        ] GC(167) ParOldGen: 1911338K(2010624K)->1937866K(2010624K)
[12.553s][info][gc,metaspace   ] GC(167) Metaspace: 6298K(6464K)->6298K(6464K) NonClass: 5764K(5824K)->5764K(5824K) Class: 533K(640K)->533K(640K)
[12.553s][info][gc             ] GC(167) Pause Young (Allocation Failure) 1945M->1946M(2037M) 44.125ms
[12.553s][info][gc,cpu         ] GC(167) User=0.23s Sys=0.02s Real=0.04s
[12.578s][info][gc,start       ] GC(168) Pause Young (Allocation Failure)
[12.620s][info][gc,heap        ] GC(168) PSYoungGen: 74912K(75264K)->40096K(116736K) Eden: 19968K(19968K)->0K(22528K) From: 54944K(55296K)->40096K(94208K)
[12.620s][info][gc,heap        ] GC(168) ParOldGen: 1937866K(2010624K)->1973138K(2010624K)
[12.620s][info][gc,metaspace   ] GC(168) Metaspace: 6298K(6464K)->6298K(6464K) NonClass: 5764K(5824K)->5764K(5824K) Class: 533K(640K)->533K(640K)
[12.620s][info][gc             ] GC(168) Pause Young (Allocation Failure) 1965M->1966M(2077M) 41.894ms
[12.620s][info][gc,cpu         ] GC(168) User=0.27s Sys=0.00s Real=0.04s
[12.620s][info][gc,start       ] GC(169) Pause Full (Ergonomics)
[12.620s][info][gc,phases,start] GC(169) Marking Phase
[13.064s][info][gc,phases      ] GC(169) Marking Phase 444.170ms
[13.064s][info][gc,phases,start] GC(169) Summary Phase
[13.064s][info][gc,phases      ] GC(169) Summary Phase 0.038ms
[13.064s][info][gc,phases,start] GC(169) Adjust Roots
[13.064s][info][gc,phases      ] GC(169) Adjust Roots 0.155ms
[13.064s][info][gc,phases,start] GC(169) Compaction Phase
[13.264s][info][gc,phases      ] GC(169) Compaction Phase 200.075ms
[13.264s][info][gc,phases,start] GC(169) Post Compact
[13.268s][info][gc,phases      ] GC(169) Post Compact 3.677ms
[13.269s][info][gc,heap        ] GC(169) PSYoungGen: 40096K(116736K)->539K(119808K) Eden: 0K(22528K)->0K(25600K) From: 40096K(94208K)->539K(94208K)
[13.269s][info][gc,heap        ] GC(169) ParOldGen: 1973138K(2010624K)->2010459K(2209792K)
[13.269s][info][gc,metaspace   ] GC(169) Metaspace: 6298K(6464K)->6298K(6464K) NonClass: 5764K(5824K)->5764K(5824K) Class: 533K(640K)->533K(640K)
[13.269s][info][gc             ] GC(169) Pause Full (Ergonomics) 1966M->1963M(2275M) 649.409ms
[13.269s][info][gc,cpu         ] GC(169) User=4.72s Sys=0.05s Real=0.65s
[13.303s][info][gc,start       ] GC(170) Pause Young (Allocation Failure)
[13.400s][info][gc,heap        ] GC(170) PSYoungGen: 26139K(119808K)->25728K(123392K) Eden: 25600K(25600K)->0K(25600K) From: 539K(94208K)->25728K(97792K)
[13.400s][info][gc,heap        ] GC(170) ParOldGen: 2010459K(2209792K)->2011043K(2209792K)
[13.400s][info][gc,metaspace   ] GC(170) Metaspace: 6298K(6464K)->6298K(6464K) NonClass: 5764K(5824K)->5764K(5824K) Class: 533K(640K)->533K(640K)
[13.401s][info][gc             ] GC(170) Pause Young (Allocation Failure) 1988M->1989M(2278M) 97.798ms
[13.401s][info][gc,cpu         ] GC(170) User=0.64s Sys=0.00s Real=0.10s
[13.427s][info][gc,start       ] GC(171) Pause Young (Allocation Failure)
[13.461s][info][gc,heap        ] GC(171) PSYoungGen: 51328K(123392K)->51392K(119296K) Eden: 25600K(25600K)->0K(28672K) From: 25728K(97792K)->51392K(90624K)
[13.461s][info][gc,heap        ] GC(171) ParOldGen: 2011043K(2209792K)->2011043K(2209792K)
[13.461s][info][gc,metaspace   ] GC(171) Metaspace: 6298K(6464K)->6298K(6464K) NonClass: 5764K(5824K)->5764K(5824K) Class: 533K(640K)->533K(640K)
[13.461s][info][gc             ] GC(171) Pause Young (Allocation Failure) 2014M->2014M(2274M) 34.477ms
[13.461s][info][gc,cpu         ] GC(171) User=0.16s Sys=0.00s Real=0.04s
[13.492s][info][gc,start       ] GC(172) Pause Young (Allocation Failure)
[13.536s][info][gc,heap        ] GC(172) PSYoungGen: 80064K(119296K)->54464K(122368K) Eden: 28672K(28672K)->0K(28672K) From: 51392K(90624K)->54464K(93696K)
[13.536s][info][gc,heap        ] GC(172) ParOldGen: 2011043K(2209792K)->2037003K(2209792K)
[13.536s][info][gc,metaspace   ] GC(172) Metaspace: 6298K(6464K)->6298K(6464K) NonClass: 5764K(5824K)->5764K(5824K) Class: 533K(640K)->533K(640K)
[13.536s][info][gc             ] GC(172) Pause Young (Allocation Failure) 2042M->2042M(2277M) 44.038ms
[13.536s][info][gc,cpu         ] GC(172) User=0.25s Sys=0.00s Real=0.05s
[13.568s][info][gc,start       ] GC(173) Pause Young (Allocation Failure)
[13.612s][info][gc,heap        ] GC(173) PSYoungGen: 83136K(122368K)->57536K(121856K) Eden: 28672K(28672K)->0K(32256K) From: 54464K(93696K)->57536K(89600K)
[13.612s][info][gc,heap        ] GC(173) ParOldGen: 2037003K(2209792K)->2062955K(2209792K)
[13.612s][info][gc,metaspace   ] GC(173) Metaspace: 6298K(6464K)->6298K(6464K) NonClass: 5764K(5824K)->5764K(5824K) Class: 533K(640K)->533K(640K)
[13.612s][info][gc             ] GC(173) Pause Young (Allocation Failure) 2070M->2070M(2277M) 44.314ms
[13.612s][info][gc,cpu         ] GC(173) User=0.23s Sys=0.02s Real=0.05s
[13.647s][info][gc,start       ] GC(174) Pause Young (Allocation Failure)
[13.694s][info][gc,heap        ] GC(174) PSYoungGen: 89792K(121856K)->61184K(122880K) Eden: 32256K(32256K)->0K(32256K) From: 57536K(89600K)->61184K(90624K)
[13.695s][info][gc,heap        ] GC(174) ParOldGen: 2062955K(2209792K)->2092027K(2209792K)
[13.695s][info][gc,metaspace   ] GC(174) Metaspace: 6298K(6464K)->6298K(6464K) NonClass: 5764K(5824K)->5764K(5824K) Class: 533K(640K)->533K(640K)
[13.695s][info][gc             ] GC(174) Pause Young (Allocation Failure) 2102M->2102M(2278M) 48.041ms
[13.695s][info][gc,cpu         ] GC(174) User=0.25s Sys=0.00s Real=0.05s
[13.729s][info][gc,start       ] GC(175) Pause Young (Allocation Failure)
[13.779s][info][gc,heap        ] GC(175) PSYoungGen: 93440K(122880K)->64736K(125952K) Eden: 32256K(32256K)->0K(34816K) From: 61184K(90624K)->64736K(91136K)
[13.779s][info][gc,heap        ] GC(175) ParOldGen: 2092027K(2209792K)->2121091K(2209792K)
[13.779s][info][gc,metaspace   ] GC(175) Metaspace: 6298K(6464K)->6298K(6464K) NonClass: 5764K(5824K)->5764K(5824K) Class: 533K(640K)->533K(640K)
[13.779s][info][gc             ] GC(175) Pause Young (Allocation Failure) 2134M->2134M(2281M) 49.761ms
[13.779s][info][gc,cpu         ] GC(175) User=0.27s Sys=0.00s Real=0.05s
[13.820s][info][gc,start       ] GC(176) Pause Young (Allocation Failure)
[13.874s][info][gc,heap        ] GC(176) PSYoungGen: 99552K(125952K)->67296K(127488K) Eden: 34816K(34816K)->0K(34816K) From: 64736K(91136K)->67296K(92672K)
[13.874s][info][gc,heap        ] GC(176) ParOldGen: 2121091K(2209792K)->2153779K(2209792K)
[13.874s][info][gc,metaspace   ] GC(176) Metaspace: 6298K(6464K)->6298K(6464K) NonClass: 5764K(5824K)->5764K(5824K) Class: 533K(640K)->533K(640K)
[13.874s][info][gc             ] GC(176) Pause Young (Allocation Failure) 2168M->2169M(2282M) 53.744ms
[13.874s][info][gc,cpu         ] GC(176) User=0.34s Sys=0.03s Real=0.05s
[13.922s][info][gc,start       ] GC(177) Pause Young (Allocation Failure)
[13.977s][info][gc,heap        ] GC(177) PSYoungGen: 102112K(127488K)->69856K(131072K) Eden: 34816K(34816K)->0K(36864K) From: 67296K(92672K)->69856K(94208K)
[13.977s][info][gc,heap        ] GC(177) ParOldGen: 2153779K(2209792K)->2186475K(2209792K)
[13.977s][info][gc,metaspace   ] GC(177) Metaspace: 6298K(6464K)->6298K(6464K) NonClass: 5764K(5824K)->5764K(5824K) Class: 533K(640K)->533K(640K)
[13.977s][info][gc             ] GC(177) Pause Young (Allocation Failure) 2203M->2203M(2286M) 55.125ms
[13.977s][info][gc,cpu         ] GC(177) User=0.34s Sys=0.03s Real=0.06s
[13.977s][info][gc,start       ] GC(178) Pause Full (Ergonomics)
[13.977s][info][gc,phases,start] GC(178) Marking Phase
[14.483s][info][gc,phases      ] GC(178) Marking Phase 505.478ms
[14.483s][info][gc,phases,start] GC(178) Summary Phase
[14.483s][info][gc,phases      ] GC(178) Summary Phase 0.041ms
[14.483s][info][gc,phases,start] GC(178) Adjust Roots
[14.483s][info][gc,phases      ] GC(178) Adjust Roots 0.159ms
[14.483s][info][gc,phases,start] GC(178) Compaction Phase
[14.684s][info][gc,phases      ] GC(178) Compaction Phase 200.980ms
[14.684s][info][gc,phases,start] GC(178) Post Compact
[14.688s][info][gc,phases      ] GC(178) Post Compact 4.239ms
[14.689s][info][gc,heap        ] GC(178) PSYoungGen: 69856K(131072K)->44020K(131072K) Eden: 0K(36864K)->0K(36864K) From: 69856K(94208K)->44020K(94208K)
[14.689s][info][gc,heap        ] GC(178) ParOldGen: 2186475K(2209792K)->2209420K(2429952K)
[14.689s][info][gc,metaspace   ] GC(178) Metaspace: 6298K(6464K)->6298K(6464K) NonClass: 5764K(5824K)->5764K(5824K) Class: 533K(640K)->533K(640K)
[14.689s][info][gc             ] GC(178) Pause Full (Ergonomics) 2203M->2200M(2501M) 712.064ms
[14.689s][info][gc,cpu         ] GC(178) User=5.28s Sys=0.03s Real=0.71s
[14.733s][info][gc,start       ] GC(179) Pause Young (Allocation Failure)
[14.865s][info][gc,heap        ] GC(179) PSYoungGen: 80884K(131072K)->56608K(133120K) Eden: 36864K(36864K)->0K(36864K) From: 44020K(94208K)->56608K(96256K)
[14.865s][info][gc,heap        ] GC(179) ParOldGen: 2209420K(2429952K)->2234292K(2429952K)
[14.865s][info][gc,metaspace   ] GC(179) Metaspace: 6298K(6464K)->6298K(6464K) NonClass: 5764K(5824K)->5764K(5824K) Class: 533K(640K)->533K(640K)
[14.865s][info][gc             ] GC(179) Pause Young (Allocation Failure) 2236M->2237M(2503M) 132.042ms
[14.865s][info][gc,cpu         ] GC(179) User=0.91s Sys=0.00s Real=0.13s
[14.911s][info][gc,start       ] GC(180) Pause Young (Allocation Failure)
[14.961s][info][gc,heap        ] GC(180) PSYoungGen: 93472K(133120K)->92672K(122880K) Eden: 36864K(36864K)->0K(30208K) From: 56608K(96256K)->92672K(92672K)
[14.961s][info][gc,heap        ] GC(180) ParOldGen: 2234292K(2429952K)->2235108K(2429952K)
[14.961s][info][gc,metaspace   ] GC(180) Metaspace: 6298K(6464K)->6298K(6464K) NonClass: 5764K(5824K)->5764K(5824K) Class: 533K(640K)->533K(640K)
[14.961s][info][gc             ] GC(180) Pause Young (Allocation Failure) 2273M->2273M(2493M) 50.870ms
[14.961s][info][gc,cpu         ] GC(180) User=0.38s Sys=0.00s Real=0.05s
[14.995s][info][gc,start       ] GC(181) Pause Young (Allocation Failure)
[15.058s][info][gc,heap        ] GC(181) PSYoungGen: 122880K(122880K)->67072K(133120K) Eden: 30208K(30208K)->0K(30208K) From: 92672K(92672K)->67072K(102912K)
[15.058s][info][gc,heap        ] GC(181) ParOldGen: 2235108K(2429952K)->2291532K(2429952K)
[15.058s][info][gc,metaspace   ] GC(181) Metaspace: 6298K(6464K)->6298K(6464K) NonClass: 5764K(5824K)->5764K(5824K) Class: 533K(640K)->533K(640K)
[15.058s][info][gc             ] GC(181) Pause Young (Allocation Failure) 2302M->2303M(2503M) 62.912ms
[15.058s][info][gc,cpu         ] GC(181) User=0.36s Sys=0.03s Real=0.06s
[15.092s][info][gc,start       ] GC(182) Pause Young (Allocation Failure)
[15.145s][info][gc,heap        ] GC(182) PSYoungGen: 97280K(133120K)->60576K(127488K) Eden: 30208K(30208K)->0K(33792K) From: 67072K(102912K)->60576K(93696K)
[15.145s][info][gc,heap        ] GC(182) ParOldGen: 2291532K(2429952K)->2328468K(2429952K)
[15.145s][info][gc,metaspace   ] GC(182) Metaspace: 6298K(6464K)->6298K(6464K) NonClass: 5764K(5824K)->5764K(5824K) Class: 533K(640K)->533K(640K)
[15.145s][info][gc             ] GC(182) Pause Young (Allocation Failure) 2332M->2333M(2497M) 52.368ms
[15.145s][info][gc,cpu         ] GC(182) User=0.27s Sys=0.00s Real=0.05s
[15.185s][info][gc,start       ] GC(183) Pause Young (Allocation Failure)
[15.236s][info][gc,heap        ] GC(183) PSYoungGen: 94368K(127488K)->64224K(131584K) Eden: 33792K(33792K)->0K(33792K) From: 60576K(93696K)->64224K(97792K)
[15.236s][info][gc,heap        ] GC(183) ParOldGen: 2328468K(2429952K)->2358948K(2429952K)
[15.236s][info][gc,metaspace   ] GC(183) Metaspace: 6298K(6464K)->6298K(6464K) NonClass: 5764K(5824K)->5764K(5824K) Class: 533K(640K)->533K(640K)
[15.236s][info][gc             ] GC(183) Pause Young (Allocation Failure) 2366M->2366M(2501M) 51.531ms
[15.236s][info][gc,cpu         ] GC(183) User=0.27s Sys=0.00s Real=0.05s
[15.277s][info][gc,start       ] GC(184) Pause Young (Allocation Failure)
[15.334s][info][gc,heap        ] GC(184) PSYoungGen: 98016K(131584K)->67776K(131584K) Eden: 33792K(33792K)->0K(37888K) From: 64224K(97792K)->67776K(93696K)
[15.334s][info][gc,heap        ] GC(184) ParOldGen: 2358948K(2429952K)->2389428K(2429952K)
[15.334s][info][gc,metaspace   ] GC(184) Metaspace: 6298K(6464K)->6298K(6464K) NonClass: 5764K(5824K)->5764K(5824K) Class: 533K(640K)->533K(640K)
[15.334s][info][gc             ] GC(184) Pause Young (Allocation Failure) 2399M->2399M(2501M) 57.644ms
[15.334s][info][gc,cpu         ] GC(184) User=0.34s Sys=0.00s Real=0.06s
[15.334s][info][gc,start       ] GC(185) Pause Full (Ergonomics)
[15.334s][info][gc,phases,start] GC(185) Marking Phase
[15.905s][info][gc,phases      ] GC(185) Marking Phase 571.106ms
[15.905s][info][gc,phases,start] GC(185) Summary Phase
[15.905s][info][gc,phases      ] GC(185) Summary Phase 0.041ms
[15.905s][info][gc,phases,start] GC(185) Adjust Roots
[15.906s][info][gc,phases      ] GC(185) Adjust Roots 0.164ms
[15.906s][info][gc,phases,start] GC(185) Compaction Phase
[16.117s][info][gc,phases      ] GC(185) Compaction Phase 211.357ms
[16.117s][info][gc,phases,start] GC(185) Post Compact
[16.122s][info][gc,phases      ] GC(185) Post Compact 4.768ms
[16.123s][info][gc,heap        ] GC(185) PSYoungGen: 67776K(131584K)->25105K(132608K) Eden: 0K(37888K)->0K(38912K) From: 67776K(93696K)->25105K(93696K)
[16.123s][info][gc,heap        ] GC(185) ParOldGen: 2389428K(2429952K)->2429867K(2675712K)
[16.123s][info][gc,metaspace   ] GC(185) Metaspace: 6298K(6464K)->6298K(6464K) NonClass: 5764K(5824K)->5764K(5824K) Class: 533K(640K)->533K(640K)
[16.123s][info][gc             ] GC(185) Pause Full (Ergonomics) 2399M->2397M(2742M) 788.610ms
[16.123s][info][gc,cpu         ] GC(185) User=5.83s Sys=0.03s Real=0.79s
[16.175s][info][gc,start       ] GC(186) Pause Young (Allocation Failure)
[16.322s][info][gc,heap        ] GC(186) PSYoungGen: 64017K(132608K)->51648K(133632K) Eden: 38912K(38912K)->0K(38912K) From: 25105K(93696K)->51648K(94720K)
[16.322s][info][gc,heap        ] GC(186) ParOldGen: 2429867K(2675712K)->2442603K(2675712K)
[16.322s][info][gc,metaspace   ] GC(186) Metaspace: 6298K(6464K)->6298K(6464K) NonClass: 5764K(5824K)->5764K(5824K) Class: 533K(640K)->533K(640K)
[16.322s][info][gc             ] GC(186) Pause Young (Allocation Failure) 2435M->2435M(2743M) 146.799ms
[16.322s][info][gc,cpu         ] GC(186) User=0.89s Sys=0.03s Real=0.15s
[16.379s][info][gc,start       ] GC(187) Pause Young (Allocation Failure)
[16.442s][info][gc,heap        ] GC(187) PSYoungGen: 90560K(133632K)->90592K(128000K) Eden: 38912K(38912K)->0K(34816K) From: 51648K(94720K)->90592K(93184K)
[16.442s][info][gc,heap        ] GC(187) ParOldGen: 2442603K(2675712K)->2442603K(2675712K)
[16.442s][info][gc,metaspace   ] GC(187) Metaspace: 6298K(6464K)->6298K(6464K) NonClass: 5764K(5824K)->5764K(5824K) Class: 533K(640K)->533K(640K)
[16.442s][info][gc             ] GC(187) Pause Young (Allocation Failure) 2473M->2473M(2738M) 63.430ms
[16.442s][info][gc,cpu         ] GC(187) User=0.38s Sys=0.02s Real=0.06s
[16.500s][info][gc,start       ] GC(188) Pause Young (Allocation Failure)
[16.578s][info][gc,heap        ] GC(188) PSYoungGen: 125408K(128000K)->101376K(136192K) Eden: 34816K(34816K)->0K(34816K) From: 90592K(93184K)->101376K(101376K)
[16.578s][info][gc,heap        ] GC(188) ParOldGen: 2442603K(2675712K)->2466731K(2675712K)
[16.578s][info][gc,metaspace   ] GC(188) Metaspace: 6298K(6464K)->6298K(6464K) NonClass: 5764K(5824K)->5764K(5824K) Class: 533K(640K)->533K(640K)
[16.578s][info][gc             ] GC(188) Pause Young (Allocation Failure) 2507M->2507M(2746M) 78.025ms
[16.578s][info][gc,cpu         ] GC(188) User=0.53s Sys=0.03s Real=0.08s
[16.650s][info][gc,start       ] GC(189) Pause Young (Allocation Failure)
[16.729s][info][gc,heap        ] GC(189) PSYoungGen: 136192K(136192K)->97312K(153600K) Eden: 34816K(34816K)->0K(33280K) From: 101376K(101376K)->97312K(120320K)
[16.729s][info][gc,heap        ] GC(189) ParOldGen: 2466731K(2675712K)->2506123K(2675712K)
[16.729s][info][gc,metaspace   ] GC(189) Metaspace: 6298K(6464K)->6298K(6464K) NonClass: 5764K(5824K)->5764K(5824K) Class: 533K(640K)->533K(640K)
[16.729s][info][gc             ] GC(189) Pause Young (Allocation Failure) 2541M->2542M(2763M) 79.689ms
[16.729s][info][gc,cpu         ] GC(189) User=0.47s Sys=0.05s Real=0.08s
[16.773s][info][gc,start       ] GC(190) Pause Young (Allocation Failure)
[16.851s][info][gc,heap        ] GC(190) PSYoungGen: 130592K(153600K)->96992K(158720K) Eden: 33280K(33280K)->0K(33280K) From: 97312K(120320K)->96992K(125440K)
[16.851s][info][gc,heap        ] GC(190) ParOldGen: 2506123K(2675712K)->2539963K(2675712K)
[16.851s][info][gc,metaspace   ] GC(190) Metaspace: 6298K(6464K)->6298K(6464K) NonClass: 5764K(5824K)->5764K(5824K) Class: 533K(640K)->533K(640K)
[16.851s][info][gc             ] GC(190) Pause Young (Allocation Failure) 2574M->2575M(2768M) 77.340ms
[16.851s][info][gc,cpu         ] GC(190) User=0.42s Sys=0.09s Real=0.08s
[16.894s][info][gc,start       ] GC(191) Pause Young (Allocation Failure)
[16.978s][info][gc,heap        ] GC(191) PSYoungGen: 130272K(158720K)->101600K(161792K) Eden: 33280K(33280K)->0K(32256K) From: 96992K(125440K)->101600K(129536K)
[16.978s][info][gc,heap        ] GC(191) ParOldGen: 2539963K(2675712K)->2568923K(2675712K)
[16.978s][info][gc,metaspace   ] GC(191) Metaspace: 6298K(6464K)->6298K(6464K) NonClass: 5764K(5824K)->5764K(5824K) Class: 533K(640K)->533K(640K)
[16.978s][info][gc             ] GC(191) Pause Young (Allocation Failure) 2607M->2607M(2771M) 83.368ms
[16.978s][info][gc,cpu         ] GC(191) User=0.58s Sys=0.02s Real=0.08s
[17.028s][info][gc,start       ] GC(192) Pause Young (Allocation Failure)
[17.110s][info][gc,heap        ] GC(192) PSYoungGen: 133856K(161792K)->99040K(166400K) Eden: 32256K(32256K)->0K(32256K) From: 101600K(129536K)->99040K(134144K)
[17.110s][info][gc,heap        ] GC(192) ParOldGen: 2568923K(2675712K)->2604067K(2675712K)
[17.110s][info][gc,metaspace   ] GC(192) Metaspace: 6298K(6464K)->6298K(6464K) NonClass: 5764K(5824K)->5764K(5824K) Class: 533K(640K)->533K(640K)
[17.110s][info][gc             ] GC(192) Pause Young (Allocation Failure) 2639M->2639M(2775M) 81.569ms
[17.110s][info][gc,cpu         ] GC(192) User=0.45s Sys=0.02s Real=0.08s
[17.151s][info][gc,start       ] GC(193) Pause Young (Allocation Failure)
[17.230s][info][gc,heap        ] GC(193) PSYoungGen: 131296K(166400K)->98016K(171008K) Eden: 32256K(32256K)->0K(34816K) From: 99040K(134144K)->98016K(136192K)
[17.230s][info][gc,heap        ] GC(193) ParOldGen: 2604067K(2675712K)->2637635K(2675712K)
[17.230s][info][gc,metaspace   ] GC(193) Metaspace: 6298K(6464K)->6298K(6464K) NonClass: 5764K(5824K)->5764K(5824K) Class: 533K(640K)->533K(640K)
[17.230s][info][gc             ] GC(193) Pause Young (Allocation Failure) 2671M->2671M(2780M) 79.509ms
[17.230s][info][gc,cpu         ] GC(193) User=0.47s Sys=0.03s Real=0.08s
[17.230s][info][gc,start       ] GC(194) Pause Full (Ergonomics)
[17.230s][info][gc,phases,start] GC(194) Marking Phase
[17.908s][info][gc,phases      ] GC(194) Marking Phase 677.707ms
[17.908s][info][gc,phases,start] GC(194) Summary Phase
[17.908s][info][gc,phases      ] GC(194) Summary Phase 0.067ms
[17.908s][info][gc,phases,start] GC(194) Adjust Roots
[17.908s][info][gc,phases      ] GC(194) Adjust Roots 0.320ms
[17.908s][info][gc,phases,start] GC(194) Compaction Phase
[18.174s][info][gc,phases      ] GC(194) Compaction Phase 265.348ms
[18.174s][info][gc,phases,start] GC(194) Post Compact
[18.181s][info][gc,phases      ] GC(194) Post Compact 6.704ms
[18.182s][info][gc,heap        ] GC(194) PSYoungGen: 98016K(171008K)->57833K(171008K) Eden: 0K(34816K)->0K(34816K) From: 98016K(136192K)->57833K(136192K)
[18.182s][info][gc,heap        ] GC(194) ParOldGen: 2637635K(2675712K)->2675422K(2936832K)
[18.182s][info][gc,metaspace   ] GC(194) Metaspace: 6298K(6464K)->6298K(6464K) NonClass: 5764K(5824K)->5764K(5824K) Class: 533K(640K)->533K(640K)
[18.182s][info][gc             ] GC(194) Pause Full (Ergonomics) 2671M->2669M(3035M) 951.739ms
[18.182s][info][gc,cpu         ] GC(194) User=6.78s Sys=0.02s Real=0.95s
[18.224s][info][gc,start       ] GC(195) Pause Young (Allocation Failure)
[18.405s][info][gc,heap        ] GC(195) PSYoungGen: 92649K(171008K)->57248K(172544K) Eden: 34816K(34816K)->0K(34816K) From: 57833K(136192K)->57248K(137728K)
[18.405s][info][gc,heap        ] GC(195) ParOldGen: 2675422K(2936832K)->2711438K(2936832K)
[18.405s][info][gc,metaspace   ] GC(195) Metaspace: 6298K(6464K)->6298K(6464K) NonClass: 5764K(5824K)->5764K(5824K) Class: 533K(640K)->533K(640K)
[18.405s][info][gc             ] GC(195) Pause Young (Allocation Failure) 2703M->2703M(3036M) 181.202ms
[18.405s][info][gc,cpu         ] GC(195) User=1.09s Sys=0.05s Real=0.18s
[18.449s][info][gc,start       ] GC(196) Pause Young (Allocation Failure)
[18.507s][info][gc,heap        ] GC(196) PSYoungGen: 92064K(172544K)->69888K(167424K) Eden: 34816K(34816K)->0K(38912K) From: 57248K(137728K)->69888K(128512K)
[18.507s][info][gc,heap        ] GC(196) ParOldGen: 2711438K(2936832K)->2733854K(2936832K)
[18.507s][info][gc,metaspace   ] GC(196) Metaspace: 6298K(6464K)->6298K(6464K) NonClass: 5764K(5824K)->5764K(5824K) Class: 533K(640K)->533K(640K)
[18.507s][info][gc             ] GC(196) Pause Young (Allocation Failure) 2737M->2738M(3031M) 58.298ms
[18.507s][info][gc,cpu         ] GC(196) User=0.28s Sys=0.05s Real=0.06s
[19.143s][info][gc,start       ] GC(197) Pause Young (Allocation Failure)
[19.281s][info][gc,heap        ] GC(197) PSYoungGen: 108800K(167424K)->73952K(113152K) Eden: 38912K(38912K)->0K(38912K) From: 69888K(128512K)->73952K(74240K)
[19.281s][info][gc,heap        ] GC(197) ParOldGen: 2864926K(2936832K)->2900046K(2936832K)
[19.281s][info][gc,metaspace   ] GC(197) Metaspace: 6298K(6464K)->6298K(6464K) NonClass: 5764K(5824K)->5764K(5824K) Class: 533K(640K)->533K(640K)
[19.281s][info][gc             ] GC(197) Pause Young (Allocation Failure) 2904M->2904M(2978M) 137.426ms
[19.281s][info][gc,cpu         ] GC(197) User=0.66s Sys=0.00s Real=0.14s
[19.281s][info][gc,start       ] GC(198) Pause Full (Ergonomics)
[19.281s][info][gc,phases,start] GC(198) Marking Phase
[19.984s][info][gc,phases      ] GC(198) Marking Phase 703.130ms
[19.984s][info][gc,phases,start] GC(198) Summary Phase
[19.984s][info][gc,phases      ] GC(198) Summary Phase 0.126ms
[19.984s][info][gc,phases,start] GC(198) Adjust Roots
[19.984s][info][gc,phases      ] GC(198) Adjust Roots 0.248ms
[19.984s][info][gc,phases,start] GC(198) Compaction Phase
[20.454s][info][gc,phases      ] GC(198) Compaction Phase 469.372ms
[20.454s][info][gc,phases,start] GC(198) Post Compact
[20.462s][info][gc,phases      ] GC(198) Post Compact 7.882ms
[20.463s][info][gc,heap        ] GC(198) PSYoungGen: 73952K(113152K)->0K(170496K) Eden: 0K(38912K)->0K(43008K) From: 73952K(74240K)->0K(127488K)
[20.463s][info][gc,heap        ] GC(198) ParOldGen: 2900046K(2936832K)->2907245K(3190784K)
[20.463s][info][gc,metaspace   ] GC(198) Metaspace: 6298K(6464K)->6298K(6464K) NonClass: 5764K(5824K)->5764K(5824K) Class: 533K(640K)->533K(640K)
[20.463s][info][gc             ] GC(198) Pause Full (Ergonomics) 2904M->2839M(3282M) 1182.422ms
[20.463s][info][gc,cpu         ] GC(198) User=7.47s Sys=0.05s Real=1.18s
[20.514s][info][gc,start       ] GC(199) Pause Young (Allocation Failure)
[20.566s][info][gc,heap        ] GC(199) PSYoungGen: 43008K(170496K)->43232K(170496K) Eden: 43008K(43008K)->0K(43008K) From: 0K(127488K)->43232K(127488K)
[20.566s][info][gc,heap        ] GC(199) ParOldGen: 2907245K(3190784K)->2907245K(3190784K)
[20.566s][info][gc,metaspace   ] GC(199) Metaspace: 6298K(6464K)->6298K(6464K) NonClass: 5764K(5824K)->5764K(5824K) Class: 533K(640K)->533K(640K)
[20.566s][info][gc             ] GC(199) Pause Young (Allocation Failure) 2881M->2881M(3282M) 51.485ms
[20.566s][info][gc,cpu         ] GC(199) User=0.06s Sys=0.00s Real=0.05s
[20.616s][info][gc,start       ] GC(200) Pause Young (Allocation Failure)
[20.678s][info][gc,heap        ] GC(200) PSYoungGen: 86240K(170496K)->86208K(174592K) Eden: 43008K(43008K)->0K(47104K) From: 43232K(127488K)->86208K(127488K)
[20.678s][info][gc,heap        ] GC(200) ParOldGen: 2907245K(3190784K)->2907245K(3190784K)
[20.678s][info][gc,metaspace   ] GC(200) Metaspace: 6298K(6464K)->6298K(6464K) NonClass: 5764K(5824K)->5764K(5824K) Class: 533K(640K)->533K(640K)
[20.678s][info][gc             ] GC(200) Pause Young (Allocation Failure) 2923M->2923M(3286M) 62.474ms
[20.678s][info][gc,cpu         ] GC(200) User=0.19s Sys=0.00s Real=0.06s
[20.725s][info][gc,start       ] GC(201) Pause Young (Allocation Failure)
[20.809s][info][gc,heap        ] GC(201) PSYoungGen: 133312K(174592K)->127488K(174592K) Eden: 47104K(47104K)->0K(47104K) From: 86208K(127488K)->127488K(127488K)
[20.809s][info][gc,heap        ] GC(201) ParOldGen: 2907245K(3190784K)->2913125K(3190784K)
[20.809s][info][gc,metaspace   ] GC(201) Metaspace: 6298K(6464K)->6298K(6464K) NonClass: 5764K(5824K)->5764K(5824K) Class: 533K(640K)->533K(640K)
[20.809s][info][gc             ] GC(201) Pause Young (Allocation Failure) 2969M->2969M(3286M) 83.667ms
[20.809s][info][gc,cpu         ] GC(201) User=0.30s Sys=0.00s Real=0.08s
[20.857s][info][gc,start       ] GC(202) Pause Young (Allocation Failure)
[20.958s][info][gc,heap        ] GC(202) PSYoungGen: 174592K(174592K)->143360K(166400K) Eden: 47104K(47104K)->0K(23040K) From: 127488K(127488K)->143360K(143360K)
[20.958s][info][gc,heap        ] GC(202) ParOldGen: 2913125K(3190784K)->2944669K(3190784K)
[20.958s][info][gc,metaspace   ] GC(202) Metaspace: 6298K(6464K)->6298K(6464K) NonClass: 5764K(5824K)->5764K(5824K) Class: 533K(640K)->533K(640K)
[20.958s][info][gc             ] GC(202) Pause Young (Allocation Failure) 3015M->3015M(3278M) 100.959ms
[20.958s][info][gc,cpu         ] GC(202) User=0.41s Sys=0.09s Real=0.10s
[20.983s][info][gc,start       ] GC(203) Pause Young (Allocation Failure)
[21.078s][info][gc,heap        ] GC(203) PSYoungGen: 166400K(166400K)->86464K(109568K) Eden: 23040K(23040K)->0K(23040K) From: 143360K(143360K)->86464K(86528K)
[21.078s][info][gc,heap        ] GC(203) ParOldGen: 2944669K(3190784K)->3025357K(3190784K)
[21.078s][info][gc,metaspace   ] GC(203) Metaspace: 6298K(6464K)->6298K(6464K) NonClass: 5764K(5824K)->5764K(5824K) Class: 533K(640K)->533K(640K)
[21.078s][info][gc             ] GC(203) Pause Young (Allocation Failure) 3038M->3038M(3223M) 94.922ms
[21.078s][info][gc,cpu         ] GC(203) User=0.45s Sys=0.08s Real=0.10s
[21.101s][info][gc,start       ] GC(204) Pause Young (Allocation Failure)
[21.178s][info][gc,heap        ] GC(204) PSYoungGen: 109504K(109568K)->46272K(189952K) Eden: 23040K(23040K)->0K(25600K) From: 86464K(86528K)->46272K(164352K)
[21.178s][info][gc,heap        ] GC(204) ParOldGen: 3025357K(3190784K)->3089101K(3190784K)
[21.178s][info][gc,metaspace   ] GC(204) Metaspace: 6298K(6464K)->6298K(6464K) NonClass: 5764K(5824K)->5764K(5824K) Class: 533K(640K)->533K(640K)
[21.178s][info][gc             ] GC(204) Pause Young (Allocation Failure) 3061M->3061M(3301M) 76.560ms
[21.178s][info][gc,cpu         ] GC(204) User=0.17s Sys=0.00s Real=0.08s
[21.204s][info][gc,start       ] GC(205) Pause Young (Allocation Failure)
[21.268s][info][gc,heap        ] GC(205) PSYoungGen: 71872K(189952K)->25760K(190464K) Eden: 25600K(25600K)->0K(25600K) From: 46272K(164352K)->25760K(164864K)
[21.268s][info][gc,heap        ] GC(205) ParOldGen: 3089101K(3190784K)->3135565K(3190784K)
[21.268s][info][gc,metaspace   ] GC(205) Metaspace: 6298K(6464K)->6298K(6464K) NonClass: 5764K(5824K)->5764K(5824K) Class: 533K(640K)->533K(640K)
[21.268s][info][gc             ] GC(205) Pause Young (Allocation Failure) 3086M->3087M(3302M) 63.410ms
[21.268s][info][gc,cpu         ] GC(205) User=0.19s Sys=0.03s Real=0.06s
[21.268s][info][gc,start       ] GC(206) Pause Full (Ergonomics)
[21.268s][info][gc,phases,start] GC(206) Marking Phase
[22.063s][info][gc,phases      ] GC(206) Marking Phase 795.383ms
[22.063s][info][gc,phases,start] GC(206) Summary Phase
[22.064s][info][gc,phases      ] GC(206) Summary Phase 0.123ms
[22.064s][info][gc,phases,start] GC(206) Adjust Roots
[22.064s][info][gc,phases      ] GC(206) Adjust Roots 0.320ms
[22.064s][info][gc,phases,start] GC(206) Compaction Phase
[22.416s][info][gc,phases      ] GC(206) Compaction Phase 351.869ms
[22.416s][info][gc,phases,start] GC(206) Post Compact
[22.423s][info][gc,phases      ] GC(206) Post Compact 7.532ms
[22.425s][info][gc,heap        ] GC(206) PSYoungGen: 25760K(190464K)->0K(196096K) Eden: 0K(25600K)->0K(29184K) From: 25760K(164864K)->0K(166912K)
[22.425s][info][gc,heap        ] GC(206) ParOldGen: 3135565K(3190784K)->3158925K(3492352K)
[22.425s][info][gc,metaspace   ] GC(206) Metaspace: 6298K(6464K)->6298K(6464K) NonClass: 5764K(5824K)->5764K(5824K) Class: 533K(640K)->533K(640K)
[22.425s][info][gc             ] GC(206) Pause Full (Ergonomics) 3087M->3084M(3602M) 1156.750ms
[22.425s][info][gc,cpu         ] GC(206) User=7.81s Sys=0.06s Real=1.16s
[22.458s][info][gc,start       ] GC(207) Pause Young (Allocation Failure)
[22.502s][info][gc,heap        ] GC(207) PSYoungGen: 29184K(196096K)->29376K(196096K) Eden: 29184K(29184K)->0K(29184K) From: 0K(166912K)->29376K(166912K)
[22.502s][info][gc,heap        ] GC(207) ParOldGen: 3158925K(3492352K)->3158925K(3492352K)
[22.502s][info][gc,metaspace   ] GC(207) Metaspace: 6298K(6464K)->6298K(6464K) NonClass: 5764K(5824K)->5764K(5824K) Class: 533K(640K)->533K(640K)
[22.502s][info][gc             ] GC(207) Pause Young (Allocation Failure) 3113M->3113M(3602M) 44.630ms
[22.502s][info][gc,cpu         ] GC(207) User=0.08s Sys=0.00s Real=0.04s
[22.536s][info][gc,start       ] GC(208) Pause Young (Allocation Failure)
[22.591s][info][gc,heap        ] GC(208) PSYoungGen: 58560K(196096K)->29408K(197120K) Eden: 29184K(29184K)->0K(32768K) From: 29376K(166912K)->29408K(164352K)
[22.591s][info][gc,heap        ] GC(208) ParOldGen: 3158925K(3492352K)->3188381K(3492352K)
[22.591s][info][gc,metaspace   ] GC(208) Metaspace: 6298K(6464K)->6298K(6464K) NonClass: 5764K(5824K)->5764K(5824K) Class: 533K(640K)->533K(640K)
[22.591s][info][gc             ] GC(208) Pause Young (Allocation Failure) 3142M->3142M(3603M) 54.744ms
[22.591s][info][gc,cpu         ] GC(208) User=0.12s Sys=0.02s Real=0.05s
[22.627s][info][gc,start       ] GC(209) Pause Young (Allocation Failure)
[22.681s][info][gc,heap        ] GC(209) PSYoungGen: 62176K(197120K)->32928K(198144K) Eden: 32768K(32768K)->0K(32768K) From: 29408K(164352K)->32928K(165376K)
[22.681s][info][gc,heap        ] GC(209) ParOldGen: 3188381K(3492352K)->3217837K(3492352K)
[22.681s][info][gc,metaspace   ] GC(209) Metaspace: 6298K(6464K)->6298K(6464K) NonClass: 5764K(5824K)->5764K(5824K) Class: 533K(640K)->533K(640K)
[22.681s][info][gc             ] GC(209) Pause Young (Allocation Failure) 3174M->3174M(3604M) 53.698ms
[22.681s][info][gc,cpu         ] GC(209) User=0.12s Sys=0.03s Real=0.05s
[22.713s][info][gc,start       ] GC(210) Pause Young (Allocation Failure)
[22.771s][info][gc,heap        ] GC(210) PSYoungGen: 65696K(198144K)->32960K(190976K) Eden: 32768K(32768K)->0K(36864K) From: 32928K(165376K)->32960K(154112K)
[22.771s][info][gc,heap        ] GC(210) ParOldGen: 3217837K(3492352K)->3250901K(3492352K)
[22.771s][info][gc,metaspace   ] GC(210) Metaspace: 6298K(6464K)->6298K(6464K) NonClass: 5764K(5824K)->5764K(5824K) Class: 533K(640K)->533K(640K)
[22.771s][info][gc             ] GC(210) Pause Young (Allocation Failure) 3206M->3206M(3597M) 57.700ms
[22.771s][info][gc,cpu         ] GC(210) User=0.14s Sys=0.00s Real=0.06s
[22.810s][info][gc,start       ] GC(211) Pause Young (Allocation Failure)
[22.868s][info][gc,heap        ] GC(211) PSYoungGen: 69824K(190976K)->37056K(74240K) Eden: 36864K(36864K)->0K(36864K) From: 32960K(154112K)->37056K(37376K)
[22.868s][info][gc,heap        ] GC(211) ParOldGen: 3250901K(3492352K)->3283965K(3492352K)
[22.868s][info][gc,metaspace   ] GC(211) Metaspace: 6298K(6464K)->6298K(6464K) NonClass: 5764K(5824K)->5764K(5824K) Class: 533K(640K)->533K(640K)
[22.868s][info][gc             ] GC(211) Pause Young (Allocation Failure) 3242M->3243M(3483M) 57.827ms
[22.868s][info][gc,cpu         ] GC(211) User=0.28s Sys=0.02s Real=0.06s
[22.907s][info][gc,start       ] GC(212) Pause Young (Allocation Failure)
[22.974s][info][gc,heap        ] GC(212) PSYoungGen: 73920K(74240K)->37056K(184320K) Eden: 36864K(36864K)->0K(41472K) From: 37056K(37376K)->37056K(142848K)
[22.974s][info][gc,heap        ] GC(212) ParOldGen: 3283965K(3492352K)->3321157K(3492352K)
[22.974s][info][gc,metaspace   ] GC(212) Metaspace: 6298K(6464K)->6298K(6464K) NonClass: 5764K(5824K)->5764K(5824K) Class: 533K(640K)->533K(640K)
[22.974s][info][gc             ] GC(212) Pause Young (Allocation Failure) 3279M->3279M(3590M) 67.046ms
[22.974s][info][gc,cpu         ] GC(212) User=0.16s Sys=0.00s Real=0.07s
[23.021s][info][gc,start       ] GC(213) Pause Young (Allocation Failure)
[23.089s][info][gc,heap        ] GC(213) PSYoungGen: 78528K(184320K)->41664K(83456K) Eden: 41472K(41472K)->0K(41472K) From: 37056K(142848K)->41664K(41984K)
[23.090s][info][gc,heap        ] GC(213) ParOldGen: 3321157K(3492352K)->3358349K(3492352K)
[23.090s][info][gc,metaspace   ] GC(213) Metaspace: 6298K(6464K)->6298K(6464K) NonClass: 5764K(5824K)->5764K(5824K) Class: 533K(640K)->533K(640K)
[23.090s][info][gc             ] GC(213) Pause Young (Allocation Failure) 3320M->3320M(3492M) 68.925ms
[23.090s][info][gc,cpu         ] GC(213) User=0.14s Sys=0.00s Real=0.07s
[23.136s][info][gc,start       ] GC(214) Pause Young (Allocation Failure)
[23.204s][info][gc,heap        ] GC(214) PSYoungGen: 83136K(83456K)->41664K(176128K) Eden: 41472K(41472K)->0K(46592K) From: 41664K(41984K)->41664K(129536K)
[23.204s][info][gc,heap        ] GC(214) ParOldGen: 3358349K(3492352K)->3400181K(3492352K)
[23.204s][info][gc,metaspace   ] GC(214) Metaspace: 6298K(6464K)->6298K(6464K) NonClass: 5764K(5824K)->5764K(5824K) Class: 533K(640K)->533K(640K)
[23.204s][info][gc             ] GC(214) Pause Young (Allocation Failure) 3360M->3361M(3582M) 68.347ms
[23.204s][info][gc,cpu         ] GC(214) User=0.14s Sys=0.02s Real=0.07s
[23.252s][info][gc,start       ] GC(215) Pause Young (Allocation Failure)
[23.321s][info][gc,heap        ] GC(215) PSYoungGen: 88256K(176128K)->46816K(93696K) Eden: 46592K(46592K)->0K(46592K) From: 41664K(129536K)->46816K(47104K)
[23.321s][info][gc,heap        ] GC(215) ParOldGen: 3400181K(3492352K)->3442037K(3492352K)
[23.321s][info][gc,metaspace   ] GC(215) Metaspace: 6298K(6464K)->6298K(6464K) NonClass: 5764K(5824K)->5764K(5824K) Class: 533K(640K)->533K(640K)
[23.321s][info][gc             ] GC(215) Pause Young (Allocation Failure) 3406M->3407M(3502M) 68.988ms
[23.321s][info][gc,cpu         ] GC(215) User=0.22s Sys=0.05s Real=0.07s
[23.321s][info][gc,start       ] GC(216) Pause Full (Ergonomics)
[23.321s][info][gc,phases,start] GC(216) Marking Phase
[24.153s][info][gc,phases      ] GC(216) Marking Phase 831.686ms
[24.153s][info][gc,phases,start] GC(216) Summary Phase
[24.153s][info][gc,phases      ] GC(216) Summary Phase 0.157ms
[24.153s][info][gc,phases,start] GC(216) Adjust Roots
[24.153s][info][gc,phases      ] GC(216) Adjust Roots 0.335ms
[24.153s][info][gc,phases,start] GC(216) Compaction Phase
[24.521s][info][gc,phases      ] GC(216) Compaction Phase 367.574ms
[24.521s][info][gc,phases,start] GC(216) Post Compact
[24.530s][info][gc,phases      ] GC(216) Post Compact 9.092ms
[24.531s][info][gc,heap        ] GC(216) PSYoungGen: 46816K(93696K)->0K(181760K) Eden: 0K(46592K)->0K(52736K) From: 46816K(47104K)->0K(129024K)
[24.531s][info][gc,heap        ] GC(216) ParOldGen: 3442037K(3492352K)->3485821K(3830784K)
[24.531s][info][gc,metaspace   ] GC(216) Metaspace: 6298K(6464K)->6298K(6464K) NonClass: 5764K(5824K)->5764K(5824K) Class: 533K(640K)->533K(640K)
[24.531s][info][gc             ] GC(216) Pause Full (Ergonomics) 3407M->3404M(3918M) 1210.412ms
[24.531s][info][gc,cpu         ] GC(216) User=8.17s Sys=0.00s Real=1.21s
[24.582s][info][gc,start       ] GC(217) Pause Young (Allocation Failure)
[24.634s][info][gc,heap        ] GC(217) PSYoungGen: 52736K(181760K)->52928K(105984K) Eden: 52736K(52736K)->0K(52736K) From: 0K(129024K)->52928K(53248K)
[24.634s][info][gc,heap        ] GC(217) ParOldGen: 3485821K(3830784K)->3485821K(3830784K)
[24.634s][info][gc,metaspace   ] GC(217) Metaspace: 6298K(6464K)->6298K(6464K) NonClass: 5764K(5824K)->5764K(5824K) Class: 533K(640K)->533K(640K)
[24.634s][info][gc             ] GC(217) Pause Young (Allocation Failure) 3455M->3455M(3844M) 51.860ms
[24.634s][info][gc,cpu         ] GC(217) User=0.19s Sys=0.00s Real=0.05s
[24.690s][info][gc,start       ] GC(218) Pause Young (Allocation Failure)
[24.764s][info][gc,heap        ] GC(218) PSYoungGen: 105664K(105984K)->105792K(167424K) Eden: 52736K(52736K)->0K(45568K) From: 52928K(53248K)->105792K(121856K)
[24.764s][info][gc,heap        ] GC(218) ParOldGen: 3485821K(3830784K)->3485821K(3830784K)
[24.764s][info][gc,metaspace   ] GC(218) Metaspace: 6298K(6464K)->6298K(6464K) NonClass: 5764K(5824K)->5764K(5824K) Class: 533K(640K)->533K(640K)
[24.764s][info][gc             ] GC(218) Pause Young (Allocation Failure) 3507M->3507M(3904M) 73.535ms
[24.764s][info][gc,cpu         ] GC(218) User=0.25s Sys=0.00s Real=0.07s
[24.815s][info][gc,start       ] GC(219) Pause Young (Allocation Failure)
[24.903s][info][gc,heap        ] GC(219) PSYoungGen: 151360K(167424K)->134144K(179712K) Eden: 45568K(45568K)->0K(45568K) From: 105792K(121856K)->134144K(134144K)
[24.903s][info][gc,heap        ] GC(219) ParOldGen: 3485821K(3830784K)->3503109K(3830784K)
[24.903s][info][gc,metaspace   ] GC(219) Metaspace: 6298K(6464K)->6298K(6464K) NonClass: 5764K(5824K)->5764K(5824K) Class: 533K(640K)->533K(640K)
[24.903s][info][gc             ] GC(219) Pause Young (Allocation Failure) 3551M->3552M(3916M) 87.599ms
[24.903s][info][gc,cpu         ] GC(219) User=0.31s Sys=0.00s Real=0.09s
[24.955s][info][gc,start       ] GC(220) Pause Young (Allocation Failure)
[25.051s][info][gc,heap        ] GC(220) PSYoungGen: 179712K(179712K)->80192K(202240K) Eden: 45568K(45568K)->0K(50688K) From: 134144K(134144K)->80192K(151552K)
[25.051s][info][gc,heap        ] GC(220) ParOldGen: 3503109K(3830784K)->3603533K(3830784K)
[25.051s][info][gc,metaspace   ] GC(220) Metaspace: 6298K(6464K)->6298K(6464K) NonClass: 5764K(5824K)->5764K(5824K) Class: 533K(640K)->533K(640K)
[25.051s][info][gc             ] GC(220) Pause Young (Allocation Failure) 3596M->3597M(3938M) 96.231ms
[25.051s][info][gc,cpu         ] GC(220) User=0.59s Sys=0.02s Real=0.10s
[25.103s][info][gc,start       ] GC(221) Pause Young (Allocation Failure)
[25.186s][info][gc,heap        ] GC(221) PSYoungGen: 130880K(202240K)->96512K(206848K) Eden: 50688K(50688K)->0K(50688K) From: 80192K(151552K)->96512K(156160K)
[25.187s][info][gc,heap        ] GC(221) ParOldGen: 3603533K(3830784K)->3638237K(3830784K)
[25.187s][info][gc,metaspace   ] GC(221) Metaspace: 6298K(6464K)->6298K(6464K) NonClass: 5764K(5824K)->5764K(5824K) Class: 533K(640K)->533K(640K)
[25.187s][info][gc             ] GC(221) Pause Young (Allocation Failure) 3646M->3647M(3943M) 83.455ms
[25.187s][info][gc,cpu         ] GC(221) User=0.38s Sys=0.00s Real=0.08s
[25.238s][info][gc,start       ] GC(222) Pause Young (Allocation Failure)
[25.327s][info][gc,heap        ] GC(222) PSYoungGen: 147200K(206848K)->101664K(211456K) Eden: 50688K(50688K)->0K(54272K) From: 96512K(156160K)->101664K(157184K)
[25.327s][info][gc,heap        ] GC(222) ParOldGen: 3638237K(3830784K)->3684213K(3830784K)
[25.327s][info][gc,metaspace   ] GC(222) Metaspace: 6298K(6464K)->6298K(6464K) NonClass: 5764K(5824K)->5764K(5824K) Class: 533K(640K)->533K(640K)
[25.327s][info][gc             ] GC(222) Pause Young (Allocation Failure) 3696M->3697M(3947M) 88.422ms
[25.327s][info][gc,cpu         ] GC(222) User=0.48s Sys=0.02s Real=0.09s
[25.381s][info][gc,start       ] GC(223) Pause Young (Allocation Failure)
[25.466s][info][gc,heap        ] GC(223) PSYoungGen: 155936K(211456K)->105248K(214016K) Eden: 54272K(54272K)->0K(54272K) From: 101664K(157184K)->105248K(159744K)
[25.466s][info][gc,heap        ] GC(223) ParOldGen: 3684213K(3830784K)->3735357K(3830784K)
[25.466s][info][gc,metaspace   ] GC(223) Metaspace: 6298K(6464K)->6298K(6464K) NonClass: 5764K(5824K)->5764K(5824K) Class: 533K(640K)->533K(640K)
[25.466s][info][gc             ] GC(223) Pause Young (Allocation Failure) 3750M->3750M(3950M) 84.363ms
[25.466s][info][gc,cpu         ] GC(223) User=0.44s Sys=0.11s Real=0.09s
[25.529s][info][gc,start       ] GC(224) Pause Young (Allocation Failure)
[25.618s][info][gc,heap        ] GC(224) PSYoungGen: 159520K(214016K)->108832K(220160K) Eden: 54272K(54272K)->0K(57856K) From: 105248K(159744K)->108832K(162304K)
[25.618s][info][gc,heap        ] GC(224) ParOldGen: 3735357K(3830784K)->3786501K(3830784K)
[25.618s][info][gc,metaspace   ] GC(224) Metaspace: 6298K(6464K)->6298K(6464K) NonClass: 5764K(5824K)->5764K(5824K) Class: 533K(640K)->533K(640K)
[25.618s][info][gc             ] GC(224) Pause Young (Allocation Failure) 3803M->3804M(3956M) 88.589ms
[25.618s][info][gc,cpu         ] GC(224) User=0.61s Sys=0.00s Real=0.09s
[25.618s][info][gc,start       ] GC(225) Pause Full (Ergonomics)
[25.618s][info][gc,phases,start] GC(225) Marking Phase
[26.556s][info][gc,phases      ] GC(225) Marking Phase 938.416ms
[26.556s][info][gc,phases,start] GC(225) Summary Phase
[26.556s][info][gc,phases      ] GC(225) Summary Phase 0.074ms
[26.556s][info][gc,phases,start] GC(225) Adjust Roots
[26.557s][info][gc,phases      ] GC(225) Adjust Roots 0.315ms
[26.557s][info][gc,phases,start] GC(225) Compaction Phase
[27.470s][info][gc,phases      ] GC(225) Compaction Phase 913.173ms
[27.470s][info][gc,phases,start] GC(225) Post Compact
[27.480s][info][gc,phases      ] GC(225) Post Compact 9.698ms
[27.482s][info][gc,heap        ] GC(225) PSYoungGen: 108832K(220160K)->61462K(220160K) Eden: 0K(57856K)->0K(57856K) From: 108832K(162304K)->61462K(162304K)
[27.482s][info][gc,heap        ] GC(225) ParOldGen: 3786501K(3830784K)->3830639K(4224512K)
[27.482s][info][gc,metaspace   ] GC(225) Metaspace: 6298K(6464K)->6298K(6464K) NonClass: 5764K(5824K)->5764K(5824K) Class: 533K(640K)->533K(640K)
[27.482s][info][gc             ] GC(225) Pause Full (Ergonomics) 3804M->3800M(4340M) 1864.025ms
[27.482s][info][gc,cpu         ] GC(225) User=10.86s Sys=0.08s Real=1.86s
[27.546s][info][gc,start       ] GC(226) Pause Young (Allocation Failure)
[27.855s][info][gc,heap        ] GC(226) PSYoungGen: 119318K(220160K)->81888K(139776K) Eden: 57856K(57856K)->0K(57856K) From: 61462K(162304K)->81888K(81920K)
[27.855s][info][gc,heap        ] GC(226) ParOldGen: 3830639K(4224512K)->3868679K(4224512K)
[27.855s][info][gc,metaspace   ] GC(226) Metaspace: 6298K(6464K)->6298K(6464K) NonClass: 5764K(5824K)->5764K(5824K) Class: 533K(640K)->533K(640K)
[27.855s][info][gc             ] GC(226) Pause Young (Allocation Failure) 3857M->3857M(4262M) 309.041ms
[27.855s][info][gc,cpu         ] GC(226) User=1.59s Sys=0.05s Real=0.31s
[27.920s][info][gc,start       ] GC(227) Pause Young (Allocation Failure)
[28.003s][info][gc,heap        ] GC(227) PSYoungGen: 139744K(139776K)->139872K(206336K) Eden: 57856K(57856K)->0K(49152K) From: 81888K(81920K)->139872K(157184K)
[28.003s][info][gc,heap        ] GC(227) ParOldGen: 3868679K(4224512K)->3868679K(4224512K)
[28.003s][info][gc,metaspace   ] GC(227) Metaspace: 6298K(6464K)->6298K(6464K) NonClass: 5764K(5824K)->5764K(5824K) Class: 533K(640K)->533K(640K)
[28.003s][info][gc             ] GC(227) Pause Young (Allocation Failure) 3914M->3914M(4327M) 83.328ms
[28.003s][info][gc,cpu         ] GC(227) User=0.48s Sys=0.02s Real=0.08s
[28.059s][info][gc,start       ] GC(228) Pause Young (Allocation Failure)
[28.162s][info][gc,heap        ] GC(228) PSYoungGen: 189024K(206336K)->171520K(220672K) Eden: 49152K(49152K)->0K(49152K) From: 139872K(157184K)->171520K(171520K)
[28.162s][info][gc,heap        ] GC(228) ParOldGen: 3868679K(4224512K)->3886287K(4224512K)
[28.162s][info][gc,metaspace   ] GC(228) Metaspace: 6298K(6464K)->6298K(6464K) NonClass: 5764K(5824K)->5764K(5824K) Class: 533K(640K)->533K(640K)
[28.162s][info][gc             ] GC(228) Pause Young (Allocation Failure) 3962M->3962M(4341M) 102.652ms
[28.162s][info][gc,cpu         ] GC(228) User=0.62s Sys=0.00s Real=0.10s
[28.224s][info][gc,start       ] GC(229) Pause Young (Allocation Failure)
[28.365s][info][gc,heap        ] GC(229) PSYoungGen: 220672K(220672K)->147968K(247296K) Eden: 49152K(49152K)->0K(46592K) From: 171520K(171520K)->147968K(200704K)
[28.365s][info][gc,heap        ] GC(229) ParOldGen: 3886287K(4224512K)->3959735K(4224512K)
[28.365s][info][gc,metaspace   ] GC(229) Metaspace: 6298K(6464K)->6298K(6464K) NonClass: 5764K(5824K)->5764K(5824K) Class: 533K(640K)->533K(640K)
[28.365s][info][gc             ] GC(229) Pause Young (Allocation Failure) 4010M->4011M(4367M) 141.937ms
[28.365s][info][gc,cpu         ] GC(229) User=0.77s Sys=0.08s Real=0.14s
[28.433s][info][gc,start       ] GC(230) Pause Young (Allocation Failure)
[28.558s][info][gc,heap        ] GC(230) PSYoungGen: 194560K(247296K)->137184K(255488K) Eden: 46592K(46592K)->0K(46592K) From: 147968K(200704K)->137184K(208896K)
[28.558s][info][gc,heap        ] GC(230) ParOldGen: 3959735K(4224512K)->4017575K(4224512K)
[28.558s][info][gc,metaspace   ] GC(230) Metaspace: 6298K(6464K)->6298K(6464K) NonClass: 5764K(5824K)->5764K(5824K) Class: 533K(640K)->533K(640K)
[28.558s][info][gc             ] GC(230) Pause Young (Allocation Failure) 4056M->4057M(4375M) 124.736ms
[28.558s][info][gc,cpu         ] GC(230) User=0.72s Sys=0.03s Real=0.12s
[28.614s][info][gc,start       ] GC(231) Pause Young (Allocation Failure)
[28.714s][info][gc,heap        ] GC(231) PSYoungGen: 183776K(255488K)->142688K(261120K) Eden: 46592K(46592K)->0K(49664K) From: 137184K(208896K)->142688K(211456K)
[28.714s][info][gc,heap        ] GC(231) ParOldGen: 4017575K(4224512K)->4059071K(4224512K)
[28.714s][info][gc,metaspace   ] GC(231) Metaspace: 6298K(6464K)->6298K(6464K) NonClass: 5764K(5824K)->5764K(5824K) Class: 533K(640K)->533K(640K)
[28.714s][info][gc             ] GC(231) Pause Young (Allocation Failure) 4102M->4103M(4380M) 100.244ms
[28.714s][info][gc,cpu         ] GC(231) User=0.70s Sys=0.03s Real=0.10s
[28.766s][info][gc,start       ] GC(232) Pause Young (Allocation Failure)
[28.866s][info][gc,heap        ] GC(232) PSYoungGen: 192352K(261120K)->143168K(264192K) Eden: 49664K(49664K)->0K(49664K) From: 142688K(211456K)->143168K(214528K)
[28.866s][info][gc,heap        ] GC(232) ParOldGen: 4059071K(4224512K)->4108679K(4224512K)
[28.866s][info][gc,metaspace   ] GC(232) Metaspace: 6298K(6464K)->6298K(6464K) NonClass: 5764K(5824K)->5764K(5824K) Class: 533K(640K)->533K(640K)
[28.866s][info][gc             ] GC(232) Pause Young (Allocation Failure) 4151M->4152M(4383M) 100.235ms
[28.866s][info][gc,cpu         ] GC(232) User=0.55s Sys=0.06s Real=0.10s
[28.925s][info][gc,start       ] GC(233) Pause Young (Allocation Failure)
[29.022s][info][gc,heap        ] GC(233) PSYoungGen: 192832K(264192K)->146304K(270336K) Eden: 49664K(49664K)->0K(54272K) From: 143168K(214528K)->146304K(216064K)
[29.022s][info][gc,heap        ] GC(233) ParOldGen: 4108679K(4224512K)->4155695K(4224512K)
[29.022s][info][gc,metaspace   ] GC(233) Metaspace: 6298K(6464K)->6298K(6464K) NonClass: 5764K(5824K)->5764K(5824K) Class: 533K(640K)->533K(640K)
[29.022s][info][gc             ] GC(233) Pause Young (Allocation Failure) 4200M->4201M(4389M) 97.682ms
[29.022s][info][gc,cpu         ] GC(233) User=0.75s Sys=0.00s Real=0.10s
[29.022s][info][gc,start       ] GC(234) Pause Full (Ergonomics)
[29.022s][info][gc,phases,start] GC(234) Marking Phase
[30.032s][info][gc,phases      ] GC(234) Marking Phase 1009.494ms
[30.032s][info][gc,phases,start] GC(234) Summary Phase
[30.032s][info][gc,phases      ] GC(234) Summary Phase 0.088ms
[30.032s][info][gc,phases,start] GC(234) Adjust Roots
[30.032s][info][gc,phases      ] GC(234) Adjust Roots 0.214ms
[30.032s][info][gc,phases,start] GC(234) Compaction Phase
[30.463s][info][gc,phases      ] GC(234) Compaction Phase 430.617ms
[30.463s][info][gc,phases,start] GC(234) Post Compact
[30.470s][info][gc,phases      ] GC(234) Post Compact 6.751ms
[30.471s][info][gc,heap        ] GC(234) PSYoungGen: 146304K(270336K)->74272K(270336K) Eden: 0K(54272K)->0K(54272K) From: 146304K(216064K)->74272K(216064K)
[30.471s][info][gc,heap        ] GC(234) ParOldGen: 4155695K(4224512K)->4224089K(4653056K)
[30.471s][info][gc,metaspace   ] GC(234) Metaspace: 6298K(6464K)->6298K(6464K) NonClass: 5764K(5824K)->5764K(5824K) Class: 533K(640K)->533K(640K)
[30.471s][info][gc             ] GC(234) Pause Full (Ergonomics) 4201M->4197M(4808M) 1448.955ms
[30.471s][info][gc,cpu         ] GC(234) User=10.28s Sys=0.05s Real=1.45s
[30.542s][info][gc,start       ] GC(235) Pause Young (Allocation Failure)
[30.807s][info][gc,heap        ] GC(235) PSYoungGen: 128544K(270336K)->110880K(165376K) Eden: 54272K(54272K)->0K(54272K) From: 74272K(216064K)->110880K(111104K)
[30.807s][info][gc,heap        ] GC(235) ParOldGen: 4224089K(4653056K)->4242337K(4653056K)
[30.807s][info][gc,metaspace   ] GC(235) Metaspace: 6298K(6464K)->6298K(6464K) NonClass: 5764K(5824K)->5764K(5824K) Class: 533K(640K)->533K(640K)
[30.807s][info][gc             ] GC(235) Pause Young (Allocation Failure) 4250M->4251M(4705M) 265.198ms
[30.807s][info][gc,cpu         ] GC(235) User=1.72s Sys=0.02s Real=0.27s
[30.862s][info][gc,start       ] GC(236) Pause Young (Allocation Failure)
[30.952s][info][gc,heap        ] GC(236) PSYoungGen: 165152K(165376K)->133120K(264192K) Eden: 54272K(54272K)->0K(60416K) From: 110880K(111104K)->133120K(203776K)
[30.952s][info][gc,heap        ] GC(236) ParOldGen: 4242337K(4653056K)->4274657K(4653056K)
[30.952s][info][gc,metaspace   ] GC(236) Metaspace: 6298K(6464K)->6298K(6464K) NonClass: 5764K(5824K)->5764K(5824K) Class: 533K(640K)->533K(640K)
[30.952s][info][gc             ] GC(236) Pause Young (Allocation Failure) 4304M->4304M(4802M) 90.140ms
[30.952s][info][gc,cpu         ] GC(236) User=0.58s Sys=0.06s Real=0.09s
[31.012s][info][gc,start       ] GC(237) Pause Young (Allocation Failure)
[31.119s][info][gc,heap        ] GC(237) PSYoungGen: 193536K(264192K)->169408K(266752K) Eden: 60416K(60416K)->0K(60416K) From: 133120K(203776K)->169408K(206336K)
[31.119s][info][gc,heap        ] GC(237) ParOldGen: 4274657K(4653056K)->4299185K(4653056K)
[31.119s][info][gc,metaspace   ] GC(237) Metaspace: 6298K(6464K)->6298K(6464K) NonClass: 5764K(5824K)->5764K(5824K) Class: 533K(640K)->533K(640K)
[31.119s][info][gc             ] GC(237) Pause Young (Allocation Failure) 4363M->4363M(4804M) 106.545ms
[31.119s][info][gc,cpu         ] GC(237) User=0.75s Sys=0.00s Real=0.11s
[31.184s][info][gc,start       ] GC(238) Pause Young (Allocation Failure)
[31.308s][info][gc,heap        ] GC(238) PSYoungGen: 229824K(266752K)->175520K(273920K) Eden: 60416K(60416K)->0K(57344K) From: 169408K(206336K)->175520K(216576K)
[31.308s][info][gc,heap        ] GC(238) ParOldGen: 4299185K(4653056K)->4353969K(4653056K)
[31.308s][info][gc,metaspace   ] GC(238) Metaspace: 6298K(6464K)->6298K(6464K) NonClass: 5764K(5824K)->5764K(5824K) Class: 533K(640K)->533K(640K)
[31.308s][info][gc             ] GC(238) Pause Young (Allocation Failure) 4422M->4423M(4811M) 124.172ms
[31.308s][info][gc,cpu         ] GC(238) User=0.80s Sys=0.08s Real=0.12s
[31.382s][info][gc,start       ] GC(239) Pause Young (Allocation Failure)
[31.508s][info][gc,heap        ] GC(239) PSYoungGen: 232864K(273920K)->178592K(284160K) Eden: 57344K(57344K)->0K(57344K) From: 175520K(216576K)->178592K(226816K)
[31.508s][info][gc,heap        ] GC(239) ParOldGen: 4353969K(4653056K)->4408729K(4653056K)
[31.508s][info][gc,metaspace   ] GC(239) Metaspace: 6298K(6464K)->6298K(6464K) NonClass: 5764K(5824K)->5764K(5824K) Class: 533K(640K)->533K(640K)
[31.508s][info][gc             ] GC(239) Pause Young (Allocation Failure) 4479M->4479M(4821M) 126.328ms
[31.508s][info][gc,cpu         ] GC(239) User=0.83s Sys=0.06s Real=0.13s
[31.574s][info][gc,start       ] GC(240) Pause Young (Allocation Failure)
[31.705s][info][gc,heap        ] GC(240) PSYoungGen: 235936K(284160K)->175488K(294400K) Eden: 57344K(57344K)->0K(58880K) From: 178592K(226816K)->175488K(235520K)
[31.705s][info][gc,heap        ] GC(240) ParOldGen: 4408729K(4653056K)->4469697K(4653056K)
[31.705s][info][gc,metaspace   ] GC(240) Metaspace: 6298K(6464K)->6298K(6464K) NonClass: 5764K(5824K)->5764K(5824K) Class: 533K(640K)->533K(640K)
[31.705s][info][gc             ] GC(240) Pause Young (Allocation Failure) 4535M->4536M(4831M) 131.352ms
[31.705s][info][gc,cpu         ] GC(240) User=0.86s Sys=0.03s Real=0.13s
[31.767s][info][gc,start       ] GC(241) Pause Young (Allocation Failure)
[31.904s][info][gc,heap        ] GC(241) PSYoungGen: 234368K(294400K)->116544K(300032K) Eden: 58880K(58880K)->0K(58880K) From: 175488K(235520K)->116544K(241152K)
[31.904s][info][gc,heap        ] GC(241) ParOldGen: 4469697K(4653056K)->4588505K(4653056K)
[31.904s][info][gc,metaspace   ] GC(241) Metaspace: 6298K(6464K)->6298K(6464K) NonClass: 5764K(5824K)->5764K(5824K) Class: 533K(640K)->533K(640K)
[31.904s][info][gc             ] GC(241) Pause Young (Allocation Failure) 4593M->4594M(4837M) 137.004ms
[31.904s][info][gc,cpu         ] GC(241) User=0.94s Sys=0.06s Real=0.14s
[31.904s][info][gc,start       ] GC(242) Pause Full (Ergonomics)
[31.904s][info][gc,phases,start] GC(242) Marking Phase
[32.978s][info][gc,phases      ] GC(242) Marking Phase 1073.827ms
[32.978s][info][gc,phases,start] GC(242) Summary Phase
[32.978s][info][gc,phases      ] GC(242) Summary Phase 0.065ms
[32.978s][info][gc,phases,start] GC(242) Adjust Roots
[32.979s][info][gc,phases      ] GC(242) Adjust Roots 0.225ms
[32.979s][info][gc,phases,start] GC(242) Compaction Phase
[33.401s][info][gc,phases      ] GC(242) Compaction Phase 422.365ms
[33.401s][info][gc,phases,start] GC(242) Post Compact
[33.408s][info][gc,phases      ] GC(242) Post Compact 6.887ms
[33.410s][info][gc,heap        ] GC(242) PSYoungGen: 116544K(300032K)->48195K(300032K) Eden: 0K(58880K)->0K(58880K) From: 116544K(241152K)->48195K(241152K)
[33.410s][info][gc,heap        ] GC(242) ParOldGen: 4588505K(4653056K)->4652886K(5148672K)
[33.410s][info][gc,metaspace   ] GC(242) Metaspace: 6298K(6464K)->6298K(6464K) NonClass: 5764K(5824K)->5764K(5824K) Class: 533K(640K)->533K(640K)
[33.410s][info][gc             ] GC(242) Pause Full (Ergonomics) 4594M->4590M(5321M) 1505.389ms
[33.410s][info][gc,cpu         ] GC(242) User=11.31s Sys=0.06s Real=1.51s
[33.480s][info][gc,start       ] GC(243) Pause Young (Allocation Failure)
[33.753s][info][gc,heap        ] GC(243) PSYoungGen: 107075K(300032K)->59104K(297984K) Eden: 58880K(58880K)->0K(63488K) From: 48195K(241152K)->59104K(234496K)
[33.753s][info][gc,heap        ] GC(243) ParOldGen: 4652886K(5148672K)->4701574K(5148672K)
[33.753s][info][gc,metaspace   ] GC(243) Metaspace: 6298K(6464K)->6298K(6464K) NonClass: 5764K(5824K)->5764K(5824K) Class: 533K(640K)->533K(640K)
[33.753s][info][gc             ] GC(243) Pause Young (Allocation Failure) 4648M->4649M(5319M) 273.162ms
[33.753s][info][gc,cpu         ] GC(243) User=1.73s Sys=0.03s Real=0.27s
[33.829s][info][gc,start       ] GC(244) Pause Young (Allocation Failure)
[33.906s][info][gc,heap        ] GC(244) PSYoungGen: 122592K(297984K)->63712K(301056K) Eden: 63488K(63488K)->0K(63488K) From: 59104K(234496K)->63712K(237568K)
[33.906s][info][gc,heap        ] GC(244) ParOldGen: 4701574K(5148672K)->4761006K(5148672K)
[33.906s][info][gc,metaspace   ] GC(244) Metaspace: 6298K(6464K)->6298K(6464K) NonClass: 5764K(5824K)->5764K(5824K) Class: 533K(640K)->533K(640K)
[33.906s][info][gc             ] GC(244) Pause Young (Allocation Failure) 4711M->4711M(5322M) 76.921ms
[33.906s][info][gc,cpu         ] GC(244) User=0.48s Sys=0.03s Real=0.08s
[33.971s][info][gc,start       ] GC(245) Pause Young (Allocation Failure)
[34.047s][info][gc,heap        ] GC(245) PSYoungGen: 127200K(301056K)->63712K(304128K) Eden: 63488K(63488K)->0K(70144K) From: 63712K(237568K)->63712K(233984K)
[34.047s][info][gc,heap        ] GC(245) ParOldGen: 4761006K(5148672K)->4825078K(5148672K)
[34.047s][info][gc,metaspace   ] GC(245) Metaspace: 6298K(6464K)->6298K(6464K) NonClass: 5764K(5824K)->5764K(5824K) Class: 533K(640K)->533K(640K)
[34.047s][info][gc             ] GC(245) Pause Young (Allocation Failure) 4773M->4774M(5325M) 76.019ms
[34.047s][info][gc,cpu         ] GC(245) User=0.36s Sys=0.06s Real=0.08s
[34.124s][info][gc,start       ] GC(246) Pause Young (Allocation Failure)
[34.202s][info][gc,heap        ] GC(246) PSYoungGen: 133856K(304128K)->70432K(305664K) Eden: 70144K(70144K)->0K(70144K) From: 63712K(233984K)->70432K(235520K)
[34.202s][info][gc,heap        ] GC(246) ParOldGen: 4825078K(5148672K)->4889158K(5148672K)
[34.202s][info][gc,metaspace   ] GC(246) Metaspace: 6298K(6464K)->6298K(6464K) NonClass: 5764K(5824K)->5764K(5824K) Class: 533K(640K)->533K(640K)
[34.202s][info][gc             ] GC(246) Pause Young (Allocation Failure) 4842M->4843M(5326M) 78.103ms
[34.202s][info][gc,cpu         ] GC(246) User=0.52s Sys=0.00s Real=0.08s
[34.279s][info][gc,start       ] GC(247) Pause Young (Allocation Failure)
[34.363s][info][gc,heap        ] GC(247) PSYoungGen: 140576K(305664K)->70400K(298496K) Eden: 70144K(70144K)->0K(77824K) From: 70432K(235520K)->70400K(220672K)
[34.363s][info][gc,heap        ] GC(247) ParOldGen: 4889158K(5148672K)->4959958K(5148672K)
[34.363s][info][gc,metaspace   ] GC(247) Metaspace: 6298K(6464K)->6298K(6464K) NonClass: 5764K(5824K)->5764K(5824K) Class: 533K(640K)->533K(640K)
[34.363s][info][gc             ] GC(247) Pause Young (Allocation Failure) 4911M->4912M(5319M) 83.751ms
[34.363s][info][gc,cpu         ] GC(247) User=0.45s Sys=0.03s Real=0.08s
[34.453s][info][gc,start       ] GC(248) Pause Young (Allocation Failure)
[34.543s][info][gc,heap        ] GC(248) PSYoungGen: 148224K(298496K)->78112K(303616K) Eden: 77824K(77824K)->0K(77824K) From: 70400K(220672K)->78112K(225792K)
[34.543s][info][gc,heap        ] GC(248) ParOldGen: 4959958K(5148672K)->5030750K(5148672K)
[34.543s][info][gc,metaspace   ] GC(248) Metaspace: 6298K(6464K)->6298K(6464K) NonClass: 5764K(5824K)->5764K(5824K) Class: 533K(640K)->533K(640K)
[34.543s][info][gc             ] GC(248) Pause Young (Allocation Failure) 4988M->4989M(5324M) 90.885ms
[34.543s][info][gc,cpu         ] GC(248) User=0.62s Sys=0.02s Real=0.09s
[34.629s][info][gc,start       ] GC(249) Pause Young (Allocation Failure)
[34.720s][info][gc,heap        ] GC(249) PSYoungGen: 155936K(303616K)->78048K(290816K) Eden: 77824K(77824K)->0K(86016K) From: 78112K(225792K)->78048K(204800K)
[34.720s][info][gc,heap        ] GC(249) ParOldGen: 5030750K(5148672K)->5109302K(5148672K)
[34.720s][info][gc,metaspace   ] GC(249) Metaspace: 6298K(6464K)->6298K(6464K) NonClass: 5764K(5824K)->5764K(5824K) Class: 533K(640K)->533K(640K)
[34.720s][info][gc             ] GC(249) Pause Young (Allocation Failure) 5065M->5065M(5312M) 91.399ms
[34.720s][info][gc,cpu         ] GC(249) User=0.70s Sys=0.05s Real=0.09s
[34.720s][info][gc,start       ] GC(250) Pause Full (Ergonomics)
[34.720s][info][gc,phases,start] GC(250) Marking Phase
[35.920s][info][gc,phases      ] GC(250) Marking Phase 1199.619ms
[35.920s][info][gc,phases,start] GC(250) Summary Phase
[35.920s][info][gc,phases      ] GC(250) Summary Phase 0.093ms
[35.920s][info][gc,phases,start] GC(250) Adjust Roots
[35.920s][info][gc,phases      ] GC(250) Adjust Roots 0.246ms
[35.920s][info][gc,phases,start] GC(250) Compaction Phase
[36.377s][info][gc,phases      ] GC(250) Compaction Phase 457.106ms
[36.377s][info][gc,phases,start] GC(250) Post Compact
[36.385s][info][gc,phases      ] GC(250) Post Compact 7.752ms
[36.387s][info][gc,heap        ] GC(250) PSYoungGen: 78048K(290816K)->34352K(297984K) Eden: 0K(86016K)->0K(93184K) From: 78048K(204800K)->34352K(204800K)
[36.387s][info][gc,heap        ] GC(250) ParOldGen: 5109302K(5148672K)->5148308K(5685248K)
[36.387s][info][gc,metaspace   ] GC(250) Metaspace: 6298K(6464K)->6298K(6464K) NonClass: 5764K(5824K)->5764K(5824K) Class: 533K(640K)->533K(640K)
[36.387s][info][gc             ] GC(250) Pause Full (Ergonomics) 5065M->5061M(5843M) 1666.895ms
[36.387s][info][gc,cpu         ] GC(250) User=12.62s Sys=0.03s Real=1.67s
[36.499s][info][gc,start       ] GC(251) Pause Young (Allocation Failure)
[36.804s][info][gc,heap        ] GC(251) PSYoungGen: 127536K(297984K)->93472K(186880K) Eden: 93184K(93184K)->0K(93184K) From: 34352K(204800K)->93472K(93696K)
[36.804s][info][gc,heap        ] GC(251) ParOldGen: 5148308K(5685248K)->5183012K(5685248K)
[36.804s][info][gc,metaspace   ] GC(251) Metaspace: 6298K(6464K)->6298K(6464K) NonClass: 5764K(5824K)->5764K(5824K) Class: 533K(640K)->533K(640K)
[36.804s][info][gc             ] GC(251) Pause Young (Allocation Failure) 5152M->5152M(5734M) 304.915ms
[36.804s][info][gc,cpu         ] GC(251) User=1.98s Sys=0.02s Real=0.31s
[36.911s][info][gc,start       ] GC(252) Pause Young (Allocation Failure)
[37.020s][info][gc,heap        ] GC(252) PSYoungGen: 186656K(186880K)->186848K(282112K) Eden: 93184K(93184K)->0K(79872K) From: 93472K(93696K)->186848K(202240K)
[37.020s][info][gc,heap        ] GC(252) ParOldGen: 5183012K(5685248K)->5183012K(5685248K)
[37.020s][info][gc,metaspace   ] GC(252) Metaspace: 6298K(6464K)->6298K(6464K) NonClass: 5764K(5824K)->5764K(5824K) Class: 533K(640K)->533K(640K)
[37.020s][info][gc             ] GC(252) Pause Young (Allocation Failure) 5243M->5244M(5827M) 108.481ms
[37.020s][info][gc,cpu         ] GC(252) User=0.72s Sys=0.02s Real=0.11s
[37.107s][info][gc,start       ] GC(253) Pause Young (Allocation Failure)
[37.251s][info][gc,heap        ] GC(253) PSYoungGen: 266720K(282112K)->224256K(304128K) Eden: 79872K(79872K)->0K(79872K) From: 186848K(202240K)->224256K(224256K)
[37.252s][info][gc,heap        ] GC(253) ParOldGen: 5183012K(5685248K)->5225804K(5685248K)
[37.252s][info][gc,metaspace   ] GC(253) Metaspace: 6298K(6464K)->6298K(6464K) NonClass: 5764K(5824K)->5764K(5824K) Class: 533K(640K)->533K(640K)
[37.252s][info][gc             ] GC(253) Pause Young (Allocation Failure) 5322M->5322M(5849M) 144.498ms
[37.252s][info][gc,cpu         ] GC(253) User=0.98s Sys=0.03s Real=0.14s
[37.348s][info][gc,start       ] GC(254) Pause Young (Allocation Failure)
[37.523s][info][gc,heap        ] GC(254) PSYoungGen: 304128K(304128K)->147008K(347648K) Eden: 79872K(79872K)->0K(88576K) From: 224256K(224256K)->147008K(259072K)
[37.523s][info][gc,heap        ] GC(254) ParOldGen: 5225804K(5685248K)->5384332K(5685248K)
[37.523s][info][gc,metaspace   ] GC(254) Metaspace: 6298K(6464K)->6298K(6464K) NonClass: 5764K(5824K)->5764K(5824K) Class: 533K(640K)->533K(640K)
[37.523s][info][gc             ] GC(254) Pause Young (Allocation Failure) 5400M->5401M(5891M) 175.426ms
[37.523s][info][gc,cpu         ] GC(254) User=1.12s Sys=0.12s Real=0.18s
[37.623s][info][gc,start       ] GC(255) Pause Young (Allocation Failure)
[37.762s][info][gc,heap        ] GC(255) PSYoungGen: 235584K(347648K)->168864K(353280K) Eden: 88576K(88576K)->0K(88576K) From: 147008K(259072K)->168864K(264704K)
[37.762s][info][gc,heap        ] GC(255) ParOldGen: 5384332K(5685248K)->5451692K(5685248K)
[37.762s][info][gc,metaspace   ] GC(255) Metaspace: 6298K(6464K)->6298K(6464K) NonClass: 5764K(5824K)->5764K(5824K) Class: 533K(640K)->533K(640K)
[37.762s][info][gc             ] GC(255) Pause Young (Allocation Failure) 5488M->5488M(5897M) 139.182ms
[37.762s][info][gc,cpu         ] GC(255) User=0.91s Sys=0.09s Real=0.14s
[37.875s][info][gc,start       ] GC(256) Pause Young (Allocation Failure)
[38.028s][info][gc,heap        ] GC(256) PSYoungGen: 257440K(353280K)->177600K(360960K) Eden: 88576K(88576K)->0K(94720K) From: 168864K(264704K)->177600K(266240K)
[38.029s][info][gc,heap        ] GC(256) ParOldGen: 5451692K(5685248K)->5532292K(5685248K)
[38.029s][info][gc,metaspace   ] GC(256) Metaspace: 6298K(6464K)->6298K(6464K) NonClass: 5764K(5824K)->5764K(5824K) Class: 533K(640K)->533K(640K)
[38.029s][info][gc             ] GC(256) Pause Young (Allocation Failure) 5575M->5576M(5904M) 153.485ms
[38.029s][info][gc,cpu         ] GC(256) User=0.98s Sys=0.03s Real=0.15s
[39.180s][info][gc,start       ] GC(257) Pause Young (Allocation Failure)
[39.451s][info][gc,heap        ] GC(257) PSYoungGen: 272320K(360960K)->183744K(364544K) Eden: 94720K(94720K)->0K(94720K) From: 177600K(266240K)->183744K(269824K)
[39.451s][info][gc,heap        ] GC(257) ParOldGen: 5794436K(5947904K)->5883836K(5947904K)
[39.451s][info][gc,metaspace   ] GC(257) Metaspace: 6298K(6464K)->6298K(6464K) NonClass: 5764K(5824K)->5764K(5824K) Class: 533K(640K)->533K(640K)
[39.451s][info][gc             ] GC(257) Pause Young (Allocation Failure) 5924M->5925M(6164M) 270.360ms
[39.451s][info][gc,cpu         ] GC(257) User=1.73s Sys=0.02s Real=0.27s
[39.451s][info][gc,start       ] GC(258) Pause Full (Ergonomics)
[39.451s][info][gc,phases,start] GC(258) Marking Phase
[40.777s][info][gc,phases      ] GC(258) Marking Phase 1326.534ms
[40.777s][info][gc,phases,start] GC(258) Summary Phase
[40.777s][info][gc,phases      ] GC(258) Summary Phase 0.117ms
[40.777s][info][gc,phases,start] GC(258) Adjust Roots
[40.778s][info][gc,phases      ] GC(258) Adjust Roots 0.163ms
[40.778s][info][gc,phases,start] GC(258) Compaction Phase
[41.726s][info][gc,phases      ] GC(258) Compaction Phase 948.548ms
[41.726s][info][gc,phases,start] GC(258) Post Compact
[41.739s][info][gc,phases      ] GC(258) Post Compact 12.486ms
[41.739s][info][gc,heap        ] GC(258) PSYoungGen: 183744K(364544K)->0K(377856K) Eden: 0K(94720K)->0K(103424K) From: 183744K(269824K)->0K(274432K)
[41.739s][info][gc,heap        ] GC(258) ParOldGen: 5883836K(5947904K)->5931492K(6007808K)
[41.739s][info][gc,metaspace   ] GC(258) Metaspace: 6298K(6464K)->6298K(6464K) NonClass: 5764K(5824K)->5764K(5824K) Class: 533K(640K)->533K(640K)
[41.739s][info][gc             ] GC(258) Pause Full (Ergonomics) 5925M->5792M(6236M) 2288.436ms
[41.739s][info][gc,cpu         ] GC(258) User=15.83s Sys=0.16s Real=2.29s
[41.856s][info][gc,start       ] GC(259) Pause Full (Ergonomics)
[41.856s][info][gc,phases,start] GC(259) Marking Phase
[43.190s][info][gc,phases      ] GC(259) Marking Phase 1333.730ms
[43.190s][info][gc,phases,start] GC(259) Summary Phase
[43.190s][info][gc,phases      ] GC(259) Summary Phase 0.071ms
[43.190s][info][gc,phases,start] GC(259) Adjust Roots
[43.190s][info][gc,phases      ] GC(259) Adjust Roots 0.216ms
[43.190s][info][gc,phases,start] GC(259) Compaction Phase
[43.690s][info][gc,phases      ] GC(259) Compaction Phase 499.623ms
[43.690s][info][gc,phases,start] GC(259) Post Compact
[43.698s][info][gc,phases      ] GC(259) Post Compact 8.765ms
[43.698s][info][gc,heap        ] GC(259) PSYoungGen: 103424K(377856K)->27127K(377856K) Eden: 103424K(103424K)->27127K(103424K) From: 0K(274432K)->0K(274432K)
[43.698s][info][gc,heap        ] GC(259) ParOldGen: 5931492K(6007808K)->6007760K(6007808K)
[43.698s][info][gc,metaspace   ] GC(259) Metaspace: 6298K(6464K)->6298K(6464K) NonClass: 5764K(5824K)->5764K(5824K) Class: 533K(640K)->533K(640K)
[43.698s][info][gc             ] GC(259) Pause Full (Ergonomics) 5893M->5893M(6236M) 1842.794ms
[43.699s][info][gc,cpu         ] GC(259) User=13.38s Sys=0.05s Real=1.84s
[43.782s][info][gc,start       ] GC(260) Pause Full (Ergonomics)
[43.782s][info][gc,phases,start] GC(260) Marking Phase
[45.163s][info][gc,phases      ] GC(260) Marking Phase 1380.488ms
[45.163s][info][gc,phases,start] GC(260) Summary Phase
[45.163s][info][gc,phases      ] GC(260) Summary Phase 0.070ms
[45.163s][info][gc,phases,start] GC(260) Adjust Roots
[45.163s][info][gc,phases      ] GC(260) Adjust Roots 0.161ms
[45.163s][info][gc,phases,start] GC(260) Compaction Phase
[45.686s][info][gc,phases      ] GC(260) Compaction Phase 522.721ms
[45.686s][info][gc,phases,start] GC(260) Post Compact
[45.695s][info][gc,phases      ] GC(260) Post Compact 8.977ms
[45.695s][info][gc,heap        ] GC(260) PSYoungGen: 103424K(377856K)->103402K(377856K) Eden: 103424K(103424K)->103402K(103424K) From: 0K(274432K)->0K(274432K)
[45.695s][info][gc,heap        ] GC(260) ParOldGen: 6007760K(6007808K)->6007760K(6007808K)
[45.695s][info][gc,metaspace   ] GC(260) Metaspace: 6298K(6464K)->6298K(6464K) NonClass: 5764K(5824K)->5764K(5824K) Class: 533K(640K)->533K(640K)
[45.695s][info][gc             ] GC(260) Pause Full (Ergonomics) 5967M->5967M(6236M) 1912.790ms
[45.695s][info][gc,cpu         ] GC(260) User=13.62s Sys=0.03s Real=1.91s
[45.695s][info][gc,start       ] GC(261) Pause Full (Ergonomics)
[45.695s][info][gc,phases,start] GC(261) Marking Phase
[47.073s][info][gc,phases      ] GC(261) Marking Phase 1378.103ms
[47.074s][info][gc,phases,start] GC(261) Summary Phase
[47.074s][info][gc,phases      ] GC(261) Summary Phase 0.098ms
[47.074s][info][gc,phases,start] GC(261) Adjust Roots
[47.074s][info][gc,phases      ] GC(261) Adjust Roots 0.248ms
[47.074s][info][gc,phases,start] GC(261) Compaction Phase
[47.597s][info][gc,phases      ] GC(261) Compaction Phase 522.867ms
[47.597s][info][gc,phases,start] GC(261) Post Compact
[47.606s][info][gc,phases      ] GC(261) Post Compact 8.863ms
[47.606s][info][gc,heap        ] GC(261) PSYoungGen: 103424K(377856K)->103423K(377856K) Eden: 103424K(103424K)->103423K(103424K) From: 0K(274432K)->0K(274432K)
[47.606s][info][gc,heap        ] GC(261) ParOldGen: 6007760K(6007808K)->6007760K(6007808K)
[47.606s][info][gc,metaspace   ] GC(261) Metaspace: 6298K(6464K)->6298K(6464K) NonClass: 5764K(5824K)->5764K(5824K) Class: 533K(640K)->533K(640K)
[47.606s][info][gc             ] GC(261) Pause Full (Ergonomics) 5967M->5967M(6236M) 1910.513ms
[47.606s][info][gc,cpu         ] GC(261) User=13.72s Sys=0.00s Real=1.91s
[47.606s][info][gc,start       ] GC(262) Pause Full (Ergonomics)
[47.606s][info][gc,phases,start] GC(262) Marking Phase
[48.973s][info][gc,phases      ] GC(262) Marking Phase 1366.965ms
[48.973s][info][gc,phases,start] GC(262) Summary Phase
[48.973s][info][gc,phases      ] GC(262) Summary Phase 0.076ms
[48.973s][info][gc,phases,start] GC(262) Adjust Roots
[48.973s][info][gc,phases      ] GC(262) Adjust Roots 0.217ms
[48.973s][info][gc,phases,start] GC(262) Compaction Phase
[49.489s][info][gc,phases      ] GC(262) Compaction Phase 515.686ms
[49.489s][info][gc,phases,start] GC(262) Post Compact
[49.498s][info][gc,phases      ] GC(262) Post Compact 9.094ms
[49.498s][info][gc,heap        ] GC(262) PSYoungGen: 103423K(377856K)->103423K(377856K) Eden: 103423K(103424K)->103423K(103424K) From: 0K(274432K)->0K(274432K)
[49.498s][info][gc,heap        ] GC(262) ParOldGen: 6007760K(6007808K)->6007760K(6007808K)
[49.498s][info][gc,metaspace   ] GC(262) Metaspace: 6298K(6464K)->6298K(6464K) NonClass: 5764K(5824K)->5764K(5824K) Class: 533K(640K)->533K(640K)
[49.498s][info][gc             ] GC(262) Pause Full (Ergonomics) 5967M->5967M(6236M) 1892.396ms
[49.498s][info][gc,cpu         ] GC(262) User=13.53s Sys=0.00s Real=1.89s
[49.499s][info][gc,start       ] GC(263) Pause Full (Ergonomics)
[49.499s][info][gc,phases,start] GC(263) Marking Phase
[50.875s][info][gc,phases      ] GC(263) Marking Phase 1376.384ms
[50.875s][info][gc,phases,start] GC(263) Summary Phase
[50.875s][info][gc,phases      ] GC(263) Summary Phase 0.063ms
[50.875s][info][gc,phases,start] GC(263) Adjust Roots
[50.875s][info][gc,phases      ] GC(263) Adjust Roots 0.193ms
[50.875s][info][gc,phases,start] GC(263) Compaction Phase
[51.386s][info][gc,phases      ] GC(263) Compaction Phase 510.754ms
[51.386s][info][gc,phases,start] GC(263) Post Compact
[51.395s][info][gc,phases      ] GC(263) Post Compact 8.910ms
[51.395s][info][gc,heap        ] GC(263) PSYoungGen: 103423K(377856K)->103423K(377856K) Eden: 103423K(103424K)->103423K(103424K) From: 0K(274432K)->0K(274432K)
[51.395s][info][gc,heap        ] GC(263) ParOldGen: 6007764K(6007808K)->6007764K(6007808K)
[51.395s][info][gc,metaspace   ] GC(263) Metaspace: 6298K(6464K)->6298K(6464K) NonClass: 5764K(5824K)->5764K(5824K) Class: 533K(640K)->533K(640K)
[51.395s][info][gc             ] GC(263) Pause Full (Ergonomics) 5967M->5967M(6236M) 1896.684ms
[51.395s][info][gc,cpu         ] GC(263) User=13.69s Sys=0.00s Real=1.90s
[51.395s][info][gc,start       ] GC(264) Pause Full (Ergonomics)
[51.395s][info][gc,phases,start] GC(264) Marking Phase
[52.788s][info][gc,phases      ] GC(264) Marking Phase 1392.515ms
[52.788s][info][gc,phases,start] GC(264) Summary Phase
[52.788s][info][gc,phases      ] GC(264) Summary Phase 0.076ms
[52.788s][info][gc,phases,start] GC(264) Adjust Roots
[52.788s][info][gc,phases      ] GC(264) Adjust Roots 0.170ms
[52.788s][info][gc,phases,start] GC(264) Compaction Phase
[53.309s][info][gc,phases      ] GC(264) Compaction Phase 520.918ms
[53.309s][info][gc,phases,start] GC(264) Post Compact
[53.319s][info][gc,phases      ] GC(264) Post Compact 9.209ms
[53.319s][info][gc,heap        ] GC(264) PSYoungGen: 103423K(377856K)->103423K(377856K) Eden: 103423K(103424K)->103423K(103424K) From: 0K(274432K)->0K(274432K)
[53.319s][info][gc,heap        ] GC(264) ParOldGen: 6007769K(6007808K)->6007769K(6007808K)
[53.319s][info][gc,metaspace   ] GC(264) Metaspace: 6298K(6464K)->6298K(6464K) NonClass: 5764K(5824K)->5764K(5824K) Class: 533K(640K)->533K(640K)
[53.319s][info][gc             ] GC(264) Pause Full (Ergonomics) 5967M->5967M(6236M) 1923.216ms
[53.319s][info][gc,cpu         ] GC(264) User=13.80s Sys=0.00s Real=1.92s
[53.319s][info][gc,start       ] GC(265) Pause Full (Ergonomics)
[53.319s][info][gc,phases,start] GC(265) Marking Phase
[54.696s][info][gc,phases      ] GC(265) Marking Phase 1376.842ms
[54.696s][info][gc,phases,start] GC(265) Summary Phase
[54.696s][info][gc,phases      ] GC(265) Summary Phase 0.079ms
[54.696s][info][gc,phases,start] GC(265) Adjust Roots
[54.696s][info][gc,phases      ] GC(265) Adjust Roots 0.183ms
[54.696s][info][gc,phases,start] GC(265) Compaction Phase
[55.206s][info][gc,phases      ] GC(265) Compaction Phase 509.690ms
[55.206s][info][gc,phases,start] GC(265) Post Compact
[55.217s][info][gc,phases      ] GC(265) Post Compact 10.848ms
[55.217s][info][gc,heap        ] GC(265) PSYoungGen: 103423K(377856K)->103423K(377856K) Eden: 103423K(103424K)->103423K(103424K) From: 0K(274432K)->0K(274432K)
[55.217s][info][gc,heap        ] GC(265) ParOldGen: 6007774K(6007808K)->6007774K(6007808K)
[55.217s][info][gc,metaspace   ] GC(265) Metaspace: 6298K(6464K)->6298K(6464K) NonClass: 5764K(5824K)->5764K(5824K) Class: 533K(640K)->533K(640K)
[55.217s][info][gc             ] GC(265) Pause Full (Ergonomics) 5967M->5967M(6236M) 1897.979ms
[55.217s][info][gc,cpu         ] GC(265) User=13.64s Sys=0.02s Real=1.90s
[55.217s][info][gc,start       ] GC(266) Pause Full (Ergonomics)
[55.217s][info][gc,phases,start] GC(266) Marking Phase
[56.616s][info][gc,phases      ] GC(266) Marking Phase 1399.043ms
[56.616s][info][gc,phases,start] GC(266) Summary Phase
[56.616s][info][gc,phases      ] GC(266) Summary Phase 0.063ms
[56.616s][info][gc,phases,start] GC(266) Adjust Roots
[56.616s][info][gc,phases      ] GC(266) Adjust Roots 0.161ms
[56.616s][info][gc,phases,start] GC(266) Compaction Phase
[57.214s][info][gc,phases      ] GC(266) Compaction Phase 597.146ms
[57.214s][info][gc,phases,start] GC(266) Post Compact
[57.223s][info][gc,phases      ] GC(266) Post Compact 8.873ms
[57.223s][info][gc,heap        ] GC(266) PSYoungGen: 103423K(377856K)->103423K(377856K) Eden: 103423K(103424K)->103423K(103424K) From: 0K(274432K)->0K(274432K)
[57.223s][info][gc,heap        ] GC(266) ParOldGen: 6007779K(6007808K)->6007779K(6007808K)
[57.223s][info][gc,metaspace   ] GC(266) Metaspace: 6298K(6464K)->6298K(6464K) NonClass: 5764K(5824K)->5764K(5824K) Class: 533K(640K)->533K(640K)
[57.223s][info][gc             ] GC(266) Pause Full (Ergonomics) 5967M->5967M(6236M) 2005.667ms
[57.223s][info][gc,cpu         ] GC(266) User=13.88s Sys=0.00s Real=2.01s
[57.223s][info][gc,start       ] GC(267) Pause Full (Ergonomics)
[57.223s][info][gc,phases,start] GC(267) Marking Phase
[58.617s][info][gc,phases      ] GC(267) Marking Phase 1393.717ms
[58.617s][info][gc,phases,start] GC(267) Summary Phase
[58.617s][info][gc,phases      ] GC(267) Summary Phase 0.110ms
[58.617s][info][gc,phases,start] GC(267) Adjust Roots
[58.617s][info][gc,phases      ] GC(267) Adjust Roots 0.280ms
[58.617s][info][gc,phases,start] GC(267) Compaction Phase
[59.148s][info][gc,phases      ] GC(267) Compaction Phase 530.651ms
[59.148s][info][gc,phases,start] GC(267) Post Compact
[59.157s][info][gc,phases      ] GC(267) Post Compact 8.883ms
[59.157s][info][gc,heap        ] GC(267) PSYoungGen: 103423K(377856K)->103423K(377856K) Eden: 103423K(103424K)->103423K(103424K) From: 0K(274432K)->0K(274432K)
[59.157s][info][gc,heap        ] GC(267) ParOldGen: 6007784K(6007808K)->6007784K(6007808K)
[59.157s][info][gc,metaspace   ] GC(267) Metaspace: 6298K(6464K)->6298K(6464K) NonClass: 5764K(5824K)->5764K(5824K) Class: 533K(640K)->533K(640K)
[59.157s][info][gc             ] GC(267) Pause Full (Ergonomics) 5967M->5967M(6236M) 1933.994ms
[59.157s][info][gc,cpu         ] GC(267) User=13.75s Sys=0.00s Real=1.93s
[59.157s][info][gc,start       ] GC(268) Pause Full (Ergonomics)
[59.157s][info][gc,phases,start] GC(268) Marking Phase
[60.536s][info][gc,phases      ] GC(268) Marking Phase 1378.560ms
[60.536s][info][gc,phases,start] GC(268) Summary Phase
[60.536s][info][gc,phases      ] GC(268) Summary Phase 0.064ms
[60.536s][info][gc,phases,start] GC(268) Adjust Roots
[60.536s][info][gc,phases      ] GC(268) Adjust Roots 0.189ms
[60.536s][info][gc,phases,start] GC(268) Compaction Phase
[61.077s][info][gc,phases      ] GC(268) Compaction Phase 540.683ms
[61.077s][info][gc,phases,start] GC(268) Post Compact
[61.086s][info][gc,phases      ] GC(268) Post Compact 8.848ms
[61.086s][info][gc,heap        ] GC(268) PSYoungGen: 103423K(377856K)->103423K(377856K) Eden: 103423K(103424K)->103423K(103424K) From: 0K(274432K)->0K(274432K)
[61.086s][info][gc,heap        ] GC(268) ParOldGen: 6007789K(6007808K)->6007789K(6007808K)
[61.086s][info][gc,metaspace   ] GC(268) Metaspace: 6298K(6464K)->6298K(6464K) NonClass: 5764K(5824K)->5764K(5824K) Class: 533K(640K)->533K(640K)
[61.086s][info][gc             ] GC(268) Pause Full (Ergonomics) 5967M->5967M(6236M) 1928.649ms
[61.086s][info][gc,cpu         ] GC(268) User=13.73s Sys=0.00s Real=1.93s
[61.086s][info][gc,start       ] GC(269) Pause Full (Ergonomics)
[61.086s][info][gc,phases,start] GC(269) Marking Phase
[62.458s][info][gc,phases      ] GC(269) Marking Phase 1371.845ms
[62.458s][info][gc,phases,start] GC(269) Summary Phase
[62.458s][info][gc,phases      ] GC(269) Summary Phase 0.064ms
[62.458s][info][gc,phases,start] GC(269) Adjust Roots
[62.458s][info][gc,phases      ] GC(269) Adjust Roots 0.208ms
[62.458s][info][gc,phases,start] GC(269) Compaction Phase
[62.985s][info][gc,phases      ] GC(269) Compaction Phase 526.928ms
[62.985s][info][gc,phases,start] GC(269) Post Compact
[62.994s][info][gc,phases      ] GC(269) Post Compact 9.015ms
[62.994s][info][gc,heap        ] GC(269) PSYoungGen: 103423K(377856K)->103423K(377856K) Eden: 103423K(103424K)->103423K(103424K) From: 0K(274432K)->0K(274432K)
[62.994s][info][gc,heap        ] GC(269) ParOldGen: 6007793K(6007808K)->6007793K(6007808K)
[62.994s][info][gc,metaspace   ] GC(269) Metaspace: 6298K(6464K)->6298K(6464K) NonClass: 5764K(5824K)->5764K(5824K) Class: 533K(640K)->533K(640K)
[62.994s][info][gc             ] GC(269) Pause Full (Ergonomics) 5967M->5967M(6236M) 1908.404ms
[62.994s][info][gc,cpu         ] GC(269) User=13.59s Sys=0.03s Real=1.91s
[62.995s][info][gc,start       ] GC(270) Pause Full (Ergonomics)
[62.995s][info][gc,phases,start] GC(270) Marking Phase
[64.367s][info][gc,phases      ] GC(270) Marking Phase 1372.420ms
[64.367s][info][gc,phases,start] GC(270) Summary Phase
[64.367s][info][gc,phases      ] GC(270) Summary Phase 0.073ms
[64.367s][info][gc,phases,start] GC(270) Adjust Roots
[64.367s][info][gc,phases      ] GC(270) Adjust Roots 0.220ms
[64.367s][info][gc,phases,start] GC(270) Compaction Phase
[64.871s][info][gc,phases      ] GC(270) Compaction Phase 504.009ms
[64.872s][info][gc,phases,start] GC(270) Post Compact
[64.880s][info][gc,phases      ] GC(270) Post Compact 8.871ms
[64.880s][info][gc,heap        ] GC(270) PSYoungGen: 103423K(377856K)->103423K(377856K) Eden: 103423K(103424K)->103423K(103424K) From: 0K(274432K)->0K(274432K)
[64.880s][info][gc,heap        ] GC(270) ParOldGen: 6007798K(6007808K)->6007798K(6007808K)
[64.880s][info][gc,metaspace   ] GC(270) Metaspace: 6298K(6464K)->6298K(6464K) NonClass: 5764K(5824K)->5764K(5824K) Class: 533K(640K)->533K(640K)
[64.880s][info][gc             ] GC(270) Pause Full (Ergonomics) 5967M->5967M(6236M) 1885.868ms
[64.880s][info][gc,cpu         ] GC(270) User=13.59s Sys=0.00s Real=1.89s
[64.881s][info][gc,start       ] GC(271) Pause Full (Ergonomics)
[64.881s][info][gc,phases,start] GC(271) Marking Phase
[66.249s][info][gc,phases      ] GC(271) Marking Phase 1367.955ms
[66.249s][info][gc,phases,start] GC(271) Summary Phase
[66.249s][info][gc,phases      ] GC(271) Summary Phase 0.074ms
[66.249s][info][gc,phases,start] GC(271) Adjust Roots
[66.249s][info][gc,phases      ] GC(271) Adjust Roots 0.173ms
[66.249s][info][gc,phases,start] GC(271) Compaction Phase
[66.778s][info][gc,phases      ] GC(271) Compaction Phase 529.140ms
[66.778s][info][gc,phases,start] GC(271) Post Compact
[66.787s][info][gc,phases      ] GC(271) Post Compact 8.975ms
[66.787s][info][gc,heap        ] GC(271) PSYoungGen: 103423K(377856K)->103423K(377856K) Eden: 103423K(103424K)->103423K(103424K) From: 0K(274432K)->0K(274432K)
[66.787s][info][gc,heap        ] GC(271) ParOldGen: 6007803K(6007808K)->6007803K(6007808K)
[66.787s][info][gc,metaspace   ] GC(271) Metaspace: 6298K(6464K)->6298K(6464K) NonClass: 5764K(5824K)->5764K(5824K) Class: 533K(640K)->533K(640K)
[66.787s][info][gc             ] GC(271) Pause Full (Ergonomics) 5967M->5967M(6236M) 1906.663ms
[66.787s][info][gc,cpu         ] GC(271) User=13.62s Sys=0.00s Real=1.91s
[66.788s][info][gc,start       ] GC(272) Pause Full (Ergonomics)
[66.788s][info][gc,phases,start] GC(272) Marking Phase
[68.184s][info][gc,phases      ] GC(272) Marking Phase 1396.383ms
[68.184s][info][gc,phases,start] GC(272) Summary Phase
[68.184s][info][gc,phases      ] GC(272) Summary Phase 0.063ms
[68.184s][info][gc,phases,start] GC(272) Adjust Roots
[68.184s][info][gc,phases      ] GC(272) Adjust Roots 0.185ms
[68.184s][info][gc,phases,start] GC(272) Compaction Phase
[68.733s][info][gc,phases      ] GC(272) Compaction Phase 548.817ms
[68.733s][info][gc,phases,start] GC(272) Post Compact
[68.742s][info][gc,phases      ] GC(272) Post Compact 8.905ms
[68.742s][info][gc,heap        ] GC(272) PSYoungGen: 103423K(377856K)->103423K(377856K) Eden: 103423K(103424K)->103423K(103424K) From: 0K(274432K)->0K(274432K)
[68.742s][info][gc,heap        ] GC(272) ParOldGen: 6007807K(6007808K)->6007807K(6007808K)
[68.742s][info][gc,metaspace   ] GC(272) Metaspace: 6298K(6464K)->6298K(6464K) NonClass: 5764K(5824K)->5764K(5824K) Class: 533K(640K)->533K(640K)
[68.742s][info][gc             ] GC(272) Pause Full (Ergonomics) 5967M->5967M(6236M) 1954.653ms
[68.742s][info][gc,cpu         ] GC(272) User=13.86s Sys=0.02s Real=1.95s
[68.742s][info][gc,start       ] GC(273) Pause Full (Allocation Failure)
[68.742s][info][gc,phases,start] GC(273) Marking Phase
[70.116s][info][gc,phases      ] GC(273) Marking Phase 1374.214ms
[70.117s][info][gc,phases,start] GC(273) Summary Phase
[70.117s][info][gc,phases      ] GC(273) Summary Phase 0.065ms
[70.117s][info][gc,phases,start] GC(273) Adjust Roots
[70.117s][info][gc,phases      ] GC(273) Adjust Roots 0.465ms
[70.117s][info][gc,phases,start] GC(273) Compaction Phase
[71.687s][info][gc,phases      ] GC(273) Compaction Phase 1570.311ms
[71.687s][info][gc,phases,start] GC(273) Post Compact
[71.697s][info][gc,phases      ] GC(273) Post Compact 9.173ms
[71.697s][info][gc,heap        ] GC(273) PSYoungGen: 103423K(377856K)->103423K(377856K) Eden: 103423K(103424K)->103423K(103424K) From: 0K(274432K)->0K(274432K)
[71.697s][info][gc,heap        ] GC(273) ParOldGen: 6007807K(6007808K)->6007803K(6007808K)
[71.697s][info][gc,metaspace   ] GC(273) Metaspace: 6298K(6464K)->6296K(6464K) NonClass: 5764K(5824K)->5763K(5824K) Class: 533K(640K)->532K(640K)
[71.697s][info][gc             ] GC(273) Pause Full (Allocation Failure) 5967M->5967M(6236M) 2954.583ms
[71.697s][info][gc,cpu         ] GC(273) User=21.75s Sys=0.02s Real=2.95s
[71.697s][info][gc,start       ] GC(274) Pause Full (Ergonomics)
[71.697s][info][gc,phases,start] GC(274) Marking Phase
[73.080s][info][gc,phases      ] GC(274) Marking Phase 1383.011ms
[73.080s][info][gc,phases,start] GC(274) Summary Phase
[73.080s][info][gc,phases      ] GC(274) Summary Phase 0.064ms
[73.080s][info][gc,phases,start] GC(274) Adjust Roots
[73.081s][info][gc,phases      ] GC(274) Adjust Roots 0.181ms
[73.081s][info][gc,phases,start] GC(274) Compaction Phase
[73.603s][info][gc,phases      ] GC(274) Compaction Phase 522.114ms
[73.603s][info][gc,phases,start] GC(274) Post Compact
[73.612s][info][gc,phases      ] GC(274) Post Compact 8.775ms
[73.612s][info][gc,heap        ] GC(274) PSYoungGen: 103423K(377856K)->103423K(377856K) Eden: 103423K(103424K)->103423K(103424K) From: 0K(274432K)->0K(274432K)
[73.612s][info][gc,heap        ] GC(274) ParOldGen: 6007804K(6007808K)->6007804K(6007808K)
[73.612s][info][gc,metaspace   ] GC(274) Metaspace: 6296K(6464K)->6296K(6464K) NonClass: 5763K(5824K)->5763K(5824K) Class: 532K(640K)->532K(640K)
[73.612s][info][gc             ] GC(274) Pause Full (Ergonomics) 5967M->5967M(6236M) 1914.461ms
[73.612s][info][gc,cpu         ] GC(274) User=13.73s Sys=0.03s Real=1.91s
[73.612s][info][gc,start       ] GC(275) Pause Full (Ergonomics)
[73.612s][info][gc,phases,start] GC(275) Marking Phase
[75.019s][info][gc,phases      ] GC(275) Marking Phase 1407.209ms
[75.019s][info][gc,phases,start] GC(275) Summary Phase
[75.019s][info][gc,phases      ] GC(275) Summary Phase 0.075ms
[75.019s][info][gc,phases,start] GC(275) Adjust Roots
[75.020s][info][gc,phases      ] GC(275) Adjust Roots 0.208ms
[75.020s][info][gc,phases,start] GC(275) Compaction Phase
[75.546s][info][gc,phases      ] GC(275) Compaction Phase 526.088ms
[75.546s][info][gc,phases,start] GC(275) Post Compact
[75.555s][info][gc,phases      ] GC(275) Post Compact 8.952ms
[75.555s][info][gc,heap        ] GC(275) PSYoungGen: 103423K(377856K)->103423K(377856K) Eden: 103423K(103424K)->103423K(103424K) From: 0K(274432K)->0K(274432K)
[75.555s][info][gc,heap        ] GC(275) ParOldGen: 6007807K(6007808K)->6007807K(6007808K)
[75.555s][info][gc,metaspace   ] GC(275) Metaspace: 6296K(6464K)->6296K(6464K) NonClass: 5763K(5824K)->5763K(5824K) Class: 532K(640K)->532K(640K)
[75.555s][info][gc             ] GC(275) Pause Full (Ergonomics) 5967M->5967M(6236M) 1942.882ms
[75.555s][info][gc,cpu         ] GC(275) User=13.98s Sys=0.00s Real=1.94s
[75.555s][info][gc,start       ] GC(276) Pause Full (Allocation Failure)
[75.555s][info][gc,phases,start] GC(276) Marking Phase
[76.934s][info][gc,phases      ] GC(276) Marking Phase 1379.050ms
[76.934s][info][gc,phases,start] GC(276) Summary Phase
[76.934s][info][gc,phases      ] GC(276) Summary Phase 0.066ms
[76.934s][info][gc,phases,start] GC(276) Adjust Roots
[76.934s][info][gc,phases      ] GC(276) Adjust Roots 0.214ms
[76.934s][info][gc,phases,start] GC(276) Compaction Phase
[77.449s][info][gc,phases      ] GC(276) Compaction Phase 514.921ms
[77.449s][info][gc,phases,start] GC(276) Post Compact
[77.458s][info][gc,phases      ] GC(276) Post Compact 8.852ms
[77.458s][info][gc,heap        ] GC(276) PSYoungGen: 103423K(377856K)->103423K(377856K) Eden: 103423K(103424K)->103423K(103424K) From: 0K(274432K)->0K(274432K)
[77.458s][info][gc,heap        ] GC(276) ParOldGen: 6007807K(6007808K)->6007807K(6007808K)
[77.458s][info][gc,metaspace   ] GC(276) Metaspace: 6296K(6464K)->6296K(6464K) NonClass: 5763K(5824K)->5763K(5824K) Class: 532K(640K)->532K(640K)
[77.459s][info][gc             ] GC(276) Pause Full (Allocation Failure) 5967M->5967M(6236M) 1903.507ms
[77.459s][info][gc,cpu         ] GC(276) User=13.89s Sys=0.00s Real=1.90s
[77.459s][info][gc,start       ] GC(277) Pause Full (Ergonomics)
[77.459s][info][gc,phases,start] GC(277) Marking Phase
[78.854s][info][gc,phases      ] GC(277) Marking Phase 1394.873ms
[78.854s][info][gc,phases,start] GC(277) Summary Phase
[78.854s][info][gc,phases      ] GC(277) Summary Phase 0.064ms
[78.854s][info][gc,phases,start] GC(277) Adjust Roots
[78.854s][info][gc,phases      ] GC(277) Adjust Roots 0.284ms
[78.854s][info][gc,phases,start] GC(277) Compaction Phase
[80.380s][info][gc,phases      ] GC(277) Compaction Phase 1525.581ms
[80.380s][info][gc,phases,start] GC(277) Post Compact
[80.392s][info][gc,phases      ] GC(277) Post Compact 11.867ms
[80.392s][info][gc,heap        ] GC(277) PSYoungGen: 103423K(377856K)->103423K(377856K) Eden: 103423K(103424K)->103423K(103424K) From: 0K(274432K)->0K(274432K)
[80.392s][info][gc,heap        ] GC(277) ParOldGen: 6007807K(6007808K)->6007806K(6007808K)
[80.392s][info][gc,metaspace   ] GC(277) Metaspace: 6296K(6464K)->6296K(6464K) NonClass: 5763K(5824K)->5763K(5824K) Class: 532K(640K)->532K(640K)
[80.392s][info][gc             ] GC(277) Pause Full (Ergonomics) 5967M->5967M(6236M) 2933.060ms
[80.392s][info][gc,cpu         ] GC(277) User=19.14s Sys=0.00s Real=2.93s
[80.392s][info][gc,start       ] GC(278) Pause Full (Ergonomics)
[80.393s][info][gc,phases,start] GC(278) Marking Phase
[81.880s][info][gc,phases      ] GC(278) Marking Phase 1487.642ms
[81.880s][info][gc,phases,start] GC(278) Summary Phase
[81.880s][info][gc,phases      ] GC(278) Summary Phase 0.085ms
[81.880s][info][gc,phases,start] GC(278) Adjust Roots
[81.881s][info][gc,phases      ] GC(278) Adjust Roots 0.219ms
[81.881s][info][gc,phases,start] GC(278) Compaction Phase
[82.380s][info][gc,phases      ] GC(278) Compaction Phase 498.896ms
[82.380s][info][gc,phases,start] GC(278) Post Compact
[82.390s][info][gc,phases      ] GC(278) Post Compact 10.138ms
[82.390s][info][gc,heap        ] GC(278) PSYoungGen: 103423K(377856K)->103423K(377856K) Eden: 103423K(103424K)->103423K(103424K) From: 0K(274432K)->0K(274432K)
[82.390s][info][gc,heap        ] GC(278) ParOldGen: 6007806K(6007808K)->6007806K(6007808K)
[82.390s][info][gc,metaspace   ] GC(278) Metaspace: 6296K(6464K)->6296K(6464K) NonClass: 5763K(5824K)->5763K(5824K) Class: 532K(640K)->532K(640K)
[82.390s][info][gc             ] GC(278) Pause Full (Ergonomics) 5967M->5967M(6236M) 1997.395ms
[82.390s][info][gc,cpu         ] GC(278) User=13.47s Sys=0.03s Real=2.00s
[82.391s][info][gc,start       ] GC(279) Pause Full (Ergonomics)
[82.391s][info][gc,phases,start] GC(279) Marking Phase
[83.875s][info][gc,phases      ] GC(279) Marking Phase 1484.446ms
[83.875s][info][gc,phases,start] GC(279) Summary Phase
[83.876s][info][gc,phases      ] GC(279) Summary Phase 0.102ms
[83.876s][info][gc,phases,start] GC(279) Adjust Roots
[83.876s][info][gc,phases      ] GC(279) Adjust Roots 0.446ms
[83.876s][info][gc,phases,start] GC(279) Compaction Phase
[85.404s][info][gc,phases      ] GC(279) Compaction Phase 1528.020ms
[85.404s][info][gc,phases,start] GC(279) Post Compact
[85.413s][info][gc,phases      ] GC(279) Post Compact 8.907ms
[85.413s][info][gc,heap        ] GC(279) PSYoungGen: 103423K(377856K)->103423K(377856K) Eden: 103423K(103424K)->103423K(103424K) From: 0K(274432K)->0K(274432K)
[85.413s][info][gc,heap        ] GC(279) ParOldGen: 6007807K(6007808K)->6007805K(6007808K)
[85.413s][info][gc,metaspace   ] GC(279) Metaspace: 6298K(6464K)->6298K(6464K) NonClass: 5764K(5824K)->5764K(5824K) Class: 533K(640K)->533K(640K)
[85.413s][info][gc             ] GC(279) Pause Full (Ergonomics) 5967M->5967M(6236M) 3022.298ms
[85.413s][info][gc,cpu         ] GC(279) User=19.44s Sys=0.05s Real=3.02s
[85.414s][info][gc,heap,exit   ] Heap
[85.414s][info][gc,heap,exit   ]  PSYoungGen      total 377856K, used 103423K [0x0000000748b00000, 0x0000000771180000, 0x0000000800000000)
[85.414s][info][gc,heap,exit   ]   eden space 103424K, 99% used [0x0000000748b00000,0x000000074efffff8,0x000000074f000000)
[85.414s][info][gc,heap,exit   ]   from space 274432K, 0% used [0x000000074f000000,0x000000074f000000,0x000000075fc00000)
[85.414s][info][gc,heap,exit   ]   to   space 274432K, 0% used [0x000000075fc00000,0x000000075fc00000,0x0000000770800000)
[85.414s][info][gc,heap,exit   ]  ParOldGen       total 6007808K, used 6007805K [0x00000005da000000, 0x0000000748b00000, 0x0000000748b00000)
[85.414s][info][gc,heap,exit   ]   object space 6007808K, 99% used [0x00000005da000000,0x0000000748aff7a8,0x0000000748b00000)
[85.414s][info][gc,heap,exit   ]  Metaspace       used 6301K, committed 6464K, reserved 1114112K
[85.414s][info][gc,heap,exit   ]   class space    used 534K, committed 640K, reserved 1048576K
