[0.013s][info][gc,init] CardTable entry size: 512
[0.013s][info][gc     ] Using Parallel
[0.015s][info][gc,init] Version: 18.0.1+10 (release)
[0.015s][info][gc,init] CPUs: 8 total, 8 available
[0.015s][info][gc,init] Memory: 16063M
[0.015s][info][gc,init] Large Page Support: Disabled
[0.016s][info][gc,init] NUMA Support: Disabled
[0.016s][info][gc,init] Compressed Oops: Enabled (Zero based)
[0.016s][info][gc,init] Alignments: Space 512K, Generation 512K, Heap 2M
[0.016s][info][gc,init] Heap Min Capacity: 2M
[0.016s][info][gc,init] Heap Initial Capacity: 2M
[0.016s][info][gc,init] Heap Max Capacity: 13800M
[0.016s][info][gc,init] Pre-touch: Disabled
[0.016s][info][gc,init] Parallel Workers: 8
[0.016s][info][gc,metaspace] CDS archive(s) not mapped
[0.016s][info][gc,metaspace] Compressed class space mapped at: 0x0000000800000000-0x0000000840000000, reserved size: 1073741824
[0.016s][info][gc,metaspace] Narrow klass base: 0x0000000800000000, Narrow klass shift: 0, Narrow klass range: 0x40000000
[0.113s][info][gc,start    ] GC(0) Pause Young (Allocation Failure)
[0.115s][info][gc,heap     ] GC(0) PSYoungGen: 512K(1024K)->480K(1024K) Eden: 512K(512K)->0K(512K) From: 0K(512K)->480K(512K)
[0.115s][info][gc,heap     ] GC(0) ParOldGen: 0K(512K)->8K(512K)
[0.115s][info][gc,metaspace] GC(0) Metaspace: 4229K(4352K)->4229K(4352K) NonClass: 3908K(3968K)->3908K(3968K) Class: 321K(384K)->321K(384K)
[0.115s][info][gc          ] GC(0) Pause Young (Allocation Failure) 0M->0M(1M) 1.815ms
[0.115s][info][gc,cpu      ] GC(0) User=0.00s Sys=0.00s Real=0.00s
[0.199s][info][gc,start    ] GC(1) Pause Young (Allocation Failure)
[0.200s][info][gc,heap     ] GC(1) PSYoungGen: 991K(1024K)->512K(1536K) Eden: 511K(512K)->0K(1024K) From: 480K(512K)->512K(512K)
[0.200s][info][gc,heap     ] GC(1) ParOldGen: 8K(512K)->100K(512K)
[0.200s][info][gc,metaspace] GC(1) Metaspace: 5878K(6016K)->5878K(6016K) NonClass: 5381K(5504K)->5381K(5504K) Class: 496K(512K)->496K(512K)
[0.200s][info][gc          ] GC(1) Pause Young (Allocation Failure) 0M->0M(2M) 1.371ms
[0.200s][info][gc,cpu      ] GC(1) User=0.00s Sys=0.00s Real=0.00s
[0.234s][info][gc,start    ] GC(2) Pause Young (Allocation Failure)
[0.236s][info][gc,heap     ] GC(2) PSYoungGen: 1536K(1536K)->512K(1536K) Eden: 1024K(1024K)->0K(1024K) From: 512K(512K)->512K(512K)
[0.236s][info][gc,heap     ] GC(2) ParOldGen: 100K(512K)->508K(512K)
[0.236s][info][gc,metaspace] GC(2) Metaspace: 6296K(6464K)->6296K(6464K) NonClass: 5763K(5824K)->5763K(5824K) Class: 533K(640K)->533K(640K)
[0.236s][info][gc          ] GC(2) Pause Young (Allocation Failure) 1M->0M(2M) 1.706ms
[0.236s][info][gc,cpu      ] GC(2) User=0.00s Sys=0.00s Real=0.00s
[0.236s][info][gc,start    ] GC(3) Pause Full (Ergonomics)
[0.236s][info][gc,phases,start] GC(3) Marking Phase
[0.237s][info][gc,phases      ] GC(3) Marking Phase 1.082ms
[0.237s][info][gc,phases,start] GC(3) Summary Phase
[0.237s][info][gc,phases      ] GC(3) Summary Phase 0.014ms
[0.237s][info][gc,phases,start] GC(3) Adjust Roots
[0.238s][info][gc,phases      ] GC(3) Adjust Roots 0.349ms
[0.238s][info][gc,phases,start] GC(3) Compaction Phase
[0.239s][info][gc,phases      ] GC(3) Compaction Phase 1.572ms
[0.239s][info][gc,phases,start] GC(3) Post Compact
[0.240s][info][gc,phases      ] GC(3) Post Compact 0.080ms
[0.240s][info][gc,heap        ] GC(3) PSYoungGen: 512K(1536K)->511K(1536K) Eden: 0K(1024K)->0K(1024K) From: 512K(512K)->511K(512K)
[0.240s][info][gc,heap        ] GC(3) ParOldGen: 508K(512K)->469K(2048K)
[0.240s][info][gc,metaspace   ] GC(3) Metaspace: 6296K(6464K)->6296K(6464K) NonClass: 5763K(5824K)->5763K(5824K) Class: 533K(640K)->533K(640K)
[0.240s][info][gc             ] GC(3) Pause Full (Ergonomics) 0M->0M(3M) 3.333ms
[0.240s][info][gc,cpu         ] GC(3) User=0.00s Sys=0.00s Real=0.00s
[0.241s][info][gc,start       ] GC(4) Pause Young (Allocation Failure)
[0.242s][info][gc,heap        ] GC(4) PSYoungGen: 1535K(1536K)->480K(2560K) Eden: 1024K(1024K)->0K(2048K) From: 511K(512K)->480K(512K)
[0.242s][info][gc,heap        ] GC(4) ParOldGen: 469K(2048K)->1030K(2048K)
[0.243s][info][gc,metaspace   ] GC(4) Metaspace: 6296K(6464K)->6296K(6464K) NonClass: 5763K(5824K)->5763K(5824K) Class: 533K(640K)->533K(640K)
[0.243s][info][gc             ] GC(4) Pause Young (Allocation Failure) 1M->1M(4M) 1.576ms
[0.243s][info][gc,cpu         ] GC(4) User=0.00s Sys=0.00s Real=0.00s
[0.245s][info][gc,start       ] GC(5) Pause Young (Allocation Failure)
[0.247s][info][gc,heap        ] GC(5) PSYoungGen: 2528K(2560K)->480K(2560K) Eden: 2048K(2048K)->0K(2048K) From: 480K(512K)->480K(512K)
[0.247s][info][gc,heap        ] GC(5) ParOldGen: 1030K(2048K)->2102K(2560K)
[0.247s][info][gc,metaspace   ] GC(5) Metaspace: 6296K(6464K)->6296K(6464K) NonClass: 5763K(5824K)->5763K(5824K) Class: 533K(640K)->533K(640K)
[0.247s][info][gc             ] GC(5) Pause Young (Allocation Failure) 3M->2M(5M) 1.712ms
[0.247s][info][gc,cpu         ] GC(5) User=0.00s Sys=0.00s Real=0.00s
[0.247s][info][gc,start       ] GC(6) Pause Full (Ergonomics)
[0.247s][info][gc,phases,start] GC(6) Marking Phase
[0.249s][info][gc,phases      ] GC(6) Marking Phase 1.520ms
[0.249s][info][gc,phases,start] GC(6) Summary Phase
[0.249s][info][gc,phases      ] GC(6) Summary Phase 0.015ms
[0.249s][info][gc,phases,start] GC(6) Adjust Roots
[0.249s][info][gc,phases      ] GC(6) Adjust Roots 0.388ms
[0.249s][info][gc,phases,start] GC(6) Compaction Phase
[0.252s][info][gc,phases      ] GC(6) Compaction Phase 2.499ms
[0.252s][info][gc,phases,start] GC(6) Post Compact
[0.252s][info][gc,phases      ] GC(6) Post Compact 0.030ms
[0.252s][info][gc,heap        ] GC(6) PSYoungGen: 480K(2560K)->0K(4096K) Eden: 0K(2048K)->0K(3072K) From: 480K(512K)->0K(1024K)
[0.252s][info][gc,heap        ] GC(6) ParOldGen: 2102K(2560K)->2542K(6144K)
[0.252s][info][gc,metaspace   ] GC(6) Metaspace: 6296K(6464K)->6296K(6464K) NonClass: 5763K(5824K)->5763K(5824K) Class: 533K(640K)->533K(640K)
[0.252s][info][gc             ] GC(6) Pause Full (Ergonomics) 2M->2M(10M) 4.815ms
[0.252s][info][gc,cpu         ] GC(6) User=0.00s Sys=0.00s Real=0.01s
[0.257s][info][gc,start       ] GC(7) Pause Young (Allocation Failure)
[0.259s][info][gc,heap        ] GC(7) PSYoungGen: 3072K(4096K)->1664K(5120K) Eden: 3072K(3072K)->0K(3072K) From: 0K(1024K)->1664K(2048K)
[0.259s][info][gc,heap        ] GC(7) ParOldGen: 2542K(6144K)->2542K(6144K)
[0.259s][info][gc,metaspace   ] GC(7) Metaspace: 6296K(6464K)->6296K(6464K) NonClass: 5763K(5824K)->5763K(5824K) Class: 533K(640K)->533K(640K)
[0.259s][info][gc             ] GC(7) Pause Young (Allocation Failure) 5M->4M(11M) 1.965ms
[0.259s][info][gc,cpu         ] GC(7) User=0.00s Sys=0.00s Real=0.00s
[0.264s][info][gc,start       ] GC(8) Pause Young (Allocation Failure)
[0.267s][info][gc,heap        ] GC(8) PSYoungGen: 4736K(5120K)->2016K(5632K) Eden: 3072K(3072K)->0K(3584K) From: 1664K(2048K)->2016K(2048K)
[0.267s][info][gc,heap        ] GC(8) ParOldGen: 2542K(6144K)->3774K(6144K)
[0.267s][info][gc,metaspace   ] GC(8) Metaspace: 6296K(6464K)->6296K(6464K) NonClass: 5763K(5824K)->5763K(5824K) Class: 533K(640K)->533K(640K)
[0.267s][info][gc             ] GC(8) Pause Young (Allocation Failure) 7M->5M(11M) 3.532ms
[0.267s][info][gc,cpu         ] GC(8) User=0.00s Sys=0.00s Real=0.00s
[0.273s][info][gc,start       ] GC(9) Pause Young (Allocation Failure)
[0.277s][info][gc,heap        ] GC(9) PSYoungGen: 5600K(5632K)->3040K(6656K) Eden: 3584K(3584K)->0K(3584K) From: 2016K(2048K)->3040K(3072K)
[0.277s][info][gc,heap        ] GC(9) ParOldGen: 3774K(6144K)->4614K(6144K)
[0.277s][info][gc,metaspace   ] GC(9) Metaspace: 6296K(6464K)->6296K(6464K) NonClass: 5763K(5824K)->5763K(5824K) Class: 533K(640K)->533K(640K)
[0.277s][info][gc             ] GC(9) Pause Young (Allocation Failure) 9M->7M(12M) 4.380ms
[0.277s][info][gc,cpu         ] GC(9) User=0.02s Sys=0.00s Real=0.00s
[0.281s][info][gc,start       ] GC(10) Pause Young (Allocation Failure)
[0.285s][info][gc,heap        ] GC(10) PSYoungGen: 6624K(6656K)->4064K(8704K) Eden: 3584K(3584K)->0K(4608K) From: 3040K(3072K)->4064K(4096K)
[0.285s][info][gc,heap        ] GC(10) ParOldGen: 4614K(6144K)->5454K(6144K)
[0.285s][info][gc,metaspace   ] GC(10) Metaspace: 6296K(6464K)->6296K(6464K) NonClass: 5763K(5824K)->5763K(5824K) Class: 533K(640K)->533K(640K)
[0.285s][info][gc             ] GC(10) Pause Young (Allocation Failure) 10M->9M(14M) 4.046ms
[0.285s][info][gc,cpu         ] GC(10) User=0.00s Sys=0.00s Real=0.00s
[0.285s][info][gc,start       ] GC(11) Pause Full (Ergonomics)
[0.285s][info][gc,phases,start] GC(11) Marking Phase
[0.290s][info][gc,phases      ] GC(11) Marking Phase 4.648ms
[0.290s][info][gc,phases,start] GC(11) Summary Phase
[0.290s][info][gc,phases      ] GC(11) Summary Phase 0.015ms
[0.290s][info][gc,phases,start] GC(11) Adjust Roots
[0.291s][info][gc,phases      ] GC(11) Adjust Roots 0.337ms
[0.291s][info][gc,phases,start] GC(11) Compaction Phase
[0.297s][info][gc,phases      ] GC(11) Compaction Phase 6.369ms
[0.297s][info][gc,phases,start] GC(11) Post Compact
[0.297s][info][gc,phases      ] GC(11) Post Compact 0.058ms
[0.297s][info][gc,heap        ] GC(11) PSYoungGen: 4064K(8704K)->3545K(8704K) Eden: 0K(4608K)->0K(4608K) From: 4064K(4096K)->3545K(4096K)
[0.297s][info][gc,heap        ] GC(11) ParOldGen: 5454K(6144K)->5831K(10752K)
[0.297s][info][gc,metaspace   ] GC(11) Metaspace: 6296K(6464K)->6296K(6464K) NonClass: 5763K(5824K)->5763K(5824K) Class: 533K(640K)->533K(640K)
[0.297s][info][gc             ] GC(11) Pause Full (Ergonomics) 9M->9M(19M) 11.732ms
[0.297s][info][gc,cpu         ] GC(11) User=0.00s Sys=0.00s Real=0.01s
[0.301s][info][gc,start       ] GC(12) Pause Young (Allocation Failure)
[0.305s][info][gc,heap        ] GC(12) PSYoungGen: 8013K(8704K)->5088K(9728K) Eden: 4468K(4608K)->0K(4608K) From: 3545K(4096K)->5088K(5120K)
[0.305s][info][gc,heap        ] GC(12) ParOldGen: 5831K(10752K)->6615K(10752K)
[0.305s][info][gc,metaspace   ] GC(12) Metaspace: 6296K(6464K)->6296K(6464K) NonClass: 5763K(5824K)->5763K(5824K) Class: 533K(640K)->533K(640K)
[0.305s][info][gc             ] GC(12) Pause Young (Allocation Failure) 13M->11M(20M) 3.847ms
[0.305s][info][gc,cpu         ] GC(12) User=0.00s Sys=0.00s Real=0.00s
[0.311s][info][gc,start       ] GC(13) Pause Young (Allocation Failure)
[0.317s][info][gc,heap        ] GC(13) PSYoungGen: 9696K(9728K)->6112K(11264K) Eden: 4608K(4608K)->0K(5120K) From: 5088K(5120K)->6112K(6144K)
[0.317s][info][gc,heap        ] GC(13) ParOldGen: 6615K(10752K)->7991K(10752K)
[0.317s][info][gc,metaspace   ] GC(13) Metaspace: 6296K(6464K)->6296K(6464K) NonClass: 5763K(5824K)->5763K(5824K) Class: 533K(640K)->533K(640K)
[0.317s][info][gc             ] GC(13) Pause Young (Allocation Failure) 15M->13M(21M) 5.868ms
[0.317s][info][gc,cpu         ] GC(13) User=0.00s Sys=0.00s Real=0.01s
[0.321s][info][gc,start       ] GC(14) Pause Young (Allocation Failure)
[0.326s][info][gc,heap        ] GC(14) PSYoungGen: 11232K(11264K)->5248K(12800K) Eden: 5120K(5120K)->0K(5120K) From: 6112K(6144K)->5248K(7680K)
[0.326s][info][gc,heap        ] GC(14) ParOldGen: 7991K(10752K)->11583K(11776K)
[0.326s][info][gc,metaspace   ] GC(14) Metaspace: 6298K(6464K)->6298K(6464K) NonClass: 5765K(5824K)->5765K(5824K) Class: 533K(640K)->533K(640K)
[0.326s][info][gc             ] GC(14) Pause Young (Allocation Failure) 18M->16M(24M) 5.423ms
[0.326s][info][gc,cpu         ] GC(14) User=0.00s Sys=0.00s Real=0.01s
[0.326s][info][gc,start       ] GC(15) Pause Full (Ergonomics)
[0.326s][info][gc,phases,start] GC(15) Marking Phase
[0.334s][info][gc,phases      ] GC(15) Marking Phase 7.446ms
[0.334s][info][gc,phases,start] GC(15) Summary Phase
[0.334s][info][gc,phases      ] GC(15) Summary Phase 0.017ms
[0.334s][info][gc,phases,start] GC(15) Adjust Roots
[0.334s][info][gc,phases      ] GC(15) Adjust Roots 0.221ms
[0.334s][info][gc,phases,start] GC(15) Compaction Phase
[0.342s][info][gc,phases      ] GC(15) Compaction Phase 7.938ms
[0.342s][info][gc,phases,start] GC(15) Post Compact
[0.342s][info][gc,phases      ] GC(15) Post Compact 0.103ms
[0.342s][info][gc,heap        ] GC(15) PSYoungGen: 5248K(12800K)->5190K(12800K) Eden: 0K(5120K)->0K(5120K) From: 5248K(7680K)->5190K(7680K)
[0.342s][info][gc,heap        ] GC(15) ParOldGen: 11583K(11776K)->11459K(18432K)
[0.342s][info][gc,metaspace   ] GC(15) Metaspace: 6298K(6464K)->6298K(6464K) NonClass: 5765K(5824K)->5765K(5824K) Class: 533K(640K)->533K(640K)
[0.342s][info][gc             ] GC(15) Pause Full (Ergonomics) 16M->16M(30M) 16.117ms
[0.342s][info][gc,cpu         ] GC(15) User=0.00s Sys=0.00s Real=0.01s
[0.346s][info][gc,start       ] GC(16) Pause Young (Allocation Failure)
[0.352s][info][gc,heap        ] GC(16) PSYoungGen: 10310K(12800K)->2688K(14336K) Eden: 5120K(5120K)->0K(7168K) From: 5190K(7680K)->2688K(7168K)
[0.352s][info][gc,heap        ] GC(16) ParOldGen: 11459K(18432K)->16732K(18432K)
[0.352s][info][gc,metaspace   ] GC(16) Metaspace: 6298K(6464K)->6298K(6464K) NonClass: 5765K(5824K)->5765K(5824K) Class: 533K(640K)->533K(640K)
[0.352s][info][gc             ] GC(16) Pause Young (Allocation Failure) 21M->18M(32M) 6.318ms
[0.352s][info][gc,cpu         ] GC(16) User=0.00s Sys=0.00s Real=0.01s
[0.352s][info][gc,start       ] GC(17) Pause Full (Ergonomics)
[0.352s][info][gc,phases,start] GC(17) Marking Phase
[0.361s][info][gc,phases      ] GC(17) Marking Phase 8.232ms
[0.361s][info][gc,phases,start] GC(17) Summary Phase
[0.361s][info][gc,phases      ] GC(17) Summary Phase 0.014ms
[0.361s][info][gc,phases,start] GC(17) Adjust Roots
[0.361s][info][gc,phases      ] GC(17) Adjust Roots 0.227ms
[0.361s][info][gc,phases,start] GC(17) Compaction Phase
[0.368s][info][gc,phases      ] GC(17) Compaction Phase 6.580ms
[0.368s][info][gc,phases,start] GC(17) Post Compact
[0.368s][info][gc,phases      ] GC(17) Post Compact 0.063ms
[0.368s][info][gc,heap        ] GC(17) PSYoungGen: 2688K(14336K)->1105K(14848K) Eden: 0K(7168K)->0K(7680K) From: 2688K(7168K)->1105K(7168K)
[0.368s][info][gc,heap        ] GC(17) ParOldGen: 16732K(18432K)->18183K(27648K)
[0.368s][info][gc,metaspace   ] GC(17) Metaspace: 6298K(6464K)->6298K(6464K) NonClass: 5765K(5824K)->5765K(5824K) Class: 533K(640K)->533K(640K)
[0.368s][info][gc             ] GC(17) Pause Full (Ergonomics) 18M->18M(41M) 15.413ms
[0.368s][info][gc,cpu         ] GC(17) User=0.00s Sys=0.00s Real=0.02s
[0.372s][info][gc,start       ] GC(18) Pause Young (Allocation Failure)
[0.377s][info][gc,heap        ] GC(18) PSYoungGen: 7799K(14848K)->3424K(15360K) Eden: 6694K(7680K)->0K(7680K) From: 1105K(7168K)->3424K(7680K)
[0.377s][info][gc,heap        ] GC(18) ParOldGen: 18183K(27648K)->19319K(27648K)
[0.377s][info][gc,metaspace   ] GC(18) Metaspace: 6298K(6464K)->6298K(6464K) NonClass: 5765K(5824K)->5765K(5824K) Class: 533K(640K)->533K(640K)
[0.377s][info][gc             ] GC(18) Pause Young (Allocation Failure) 25M->22M(42M) 4.623ms
[0.377s][info][gc,cpu         ] GC(18) User=0.00s Sys=0.00s Real=0.01s
[0.385s][info][gc,start       ] GC(19) Pause Young (Allocation Failure)
[0.391s][info][gc,heap        ] GC(19) PSYoungGen: 11103K(15360K)->7648K(16896K) Eden: 7679K(7680K)->0K(9216K) From: 3424K(7680K)->7648K(7680K)
[0.391s][info][gc,heap        ] GC(19) ParOldGen: 19319K(27648K)->19543K(27648K)
[0.391s][info][gc,metaspace   ] GC(19) Metaspace: 6298K(6464K)->6298K(6464K) NonClass: 5765K(5824K)->5765K(5824K) Class: 533K(640K)->533K(640K)
[0.391s][info][gc             ] GC(19) Pause Young (Allocation Failure) 29M->26M(43M) 6.354ms
[0.391s][info][gc,cpu         ] GC(19) User=0.00s Sys=0.00s Real=0.01s
[0.397s][info][gc,start       ] GC(20) Pause Young (Allocation Failure)
[0.406s][info][gc,heap        ] GC(20) PSYoungGen: 16864K(16896K)->4800K(17920K) Eden: 9216K(9216K)->0K(9216K) From: 7648K(7680K)->4800K(8704K)
[0.406s][info][gc,heap        ] GC(20) ParOldGen: 19543K(27648K)->27287K(27648K)
[0.406s][info][gc,metaspace   ] GC(20) Metaspace: 6298K(6464K)->6298K(6464K) NonClass: 5765K(5824K)->5765K(5824K) Class: 533K(640K)->533K(640K)
[0.406s][info][gc             ] GC(20) Pause Young (Allocation Failure) 35M->31M(44M) 9.495ms
[0.406s][info][gc,cpu         ] GC(20) User=0.00s Sys=0.00s Real=0.01s
[0.406s][info][gc,start       ] GC(21) Pause Full (Ergonomics)
[0.406s][info][gc,phases,start] GC(21) Marking Phase
[0.419s][info][gc,phases      ] GC(21) Marking Phase 12.535ms
[0.419s][info][gc,phases,start] GC(21) Summary Phase
[0.419s][info][gc,phases      ] GC(21) Summary Phase 0.013ms
[0.419s][info][gc,phases,start] GC(21) Adjust Roots
[0.419s][info][gc,phases      ] GC(21) Adjust Roots 0.181ms
[0.419s][info][gc,phases,start] GC(21) Compaction Phase
[0.430s][info][gc,phases      ] GC(21) Compaction Phase 10.741ms
[0.430s][info][gc,phases,start] GC(21) Post Compact
[0.430s][info][gc,phases      ] GC(21) Post Compact 0.131ms
[0.430s][info][gc,heap        ] GC(21) PSYoungGen: 4800K(17920K)->4249K(17920K) Eden: 0K(9216K)->0K(9216K) From: 4800K(8704K)->4249K(8704K)
[0.430s][info][gc,heap        ] GC(21) ParOldGen: 27287K(27648K)->27140K(39424K)
[0.430s][info][gc,metaspace   ] GC(21) Metaspace: 6298K(6464K)->6298K(6464K) NonClass: 5765K(5824K)->5765K(5824K) Class: 533K(640K)->533K(640K)
[0.430s][info][gc             ] GC(21) Pause Full (Ergonomics) 31M->30M(56M) 24.089ms
[0.430s][info][gc,cpu         ] GC(21) User=0.00s Sys=0.00s Real=0.02s
[0.439s][info][gc,start       ] GC(22) Pause Young (Allocation Failure)
[0.450s][info][gc,heap        ] GC(22) PSYoungGen: 13465K(17920K)->7648K(19456K) Eden: 9216K(9216K)->0K(10752K) From: 4249K(8704K)->7648K(8704K)
[0.450s][info][gc,heap        ] GC(22) ParOldGen: 27140K(39424K)->31468K(39424K)
[0.450s][info][gc,metaspace   ] GC(22) Metaspace: 6298K(6464K)->6298K(6464K) NonClass: 5765K(5824K)->5765K(5824K) Class: 533K(640K)->533K(640K)
[0.450s][info][gc             ] GC(22) Pause Young (Allocation Failure) 39M->38M(57M) 10.807ms
[0.450s][info][gc,cpu         ] GC(22) User=0.00s Sys=0.00s Real=0.01s
[0.465s][info][gc,start       ] GC(23) Pause Young (Allocation Failure)
[0.478s][info][gc,heap        ] GC(23) PSYoungGen: 18400K(19456K)->9696K(20480K) Eden: 10752K(10752K)->0K(10752K) From: 7648K(8704K)->9696K(9728K)
[0.478s][info][gc,heap        ] GC(23) ParOldGen: 31468K(39424K)->40268K(40448K)
[0.478s][info][gc,metaspace   ] GC(23) Metaspace: 6298K(6464K)->6298K(6464K) NonClass: 5765K(5824K)->5765K(5824K) Class: 533K(640K)->533K(640K)
[0.478s][info][gc             ] GC(23) Pause Young (Allocation Failure) 48M->48M(59M) 13.076ms
[0.478s][info][gc,cpu         ] GC(23) User=0.00s Sys=0.00s Real=0.01s
[0.478s][info][gc,start       ] GC(24) Pause Full (Ergonomics)
[0.478s][info][gc,phases,start] GC(24) Marking Phase
[0.497s][info][gc,phases      ] GC(24) Marking Phase 18.645ms
[0.497s][info][gc,phases,start] GC(24) Summary Phase
[0.497s][info][gc,phases      ] GC(24) Summary Phase 0.019ms
[0.497s][info][gc,phases,start] GC(24) Adjust Roots
[0.497s][info][gc,phases      ] GC(24) Adjust Roots 0.161ms
[0.497s][info][gc,phases,start] GC(24) Compaction Phase
[0.514s][info][gc,phases      ] GC(24) Compaction Phase 17.173ms
[0.515s][info][gc,phases,start] GC(24) Post Compact
[0.515s][info][gc,phases      ] GC(24) Post Compact 0.158ms
[0.515s][info][gc,heap        ] GC(24) PSYoungGen: 9696K(20480K)->9681K(20480K) Eden: 0K(10752K)->0K(10752K) From: 9696K(9728K)->9681K(9728K)
[0.515s][info][gc,heap        ] GC(24) ParOldGen: 40268K(40448K)->39016K(54784K)
[0.515s][info][gc,metaspace   ] GC(24) Metaspace: 6298K(6464K)->6298K(6464K) NonClass: 5765K(5824K)->5765K(5824K) Class: 533K(640K)->533K(640K)
[0.515s][info][gc             ] GC(24) Pause Full (Ergonomics) 48M->47M(73M) 36.537ms
[0.515s][info][gc,cpu         ] GC(24) User=0.06s Sys=0.00s Real=0.04s
[0.526s][info][gc,start       ] GC(25) Pause Young (Allocation Failure)
[0.542s][info][gc,heap        ] GC(25) PSYoungGen: 20433K(20480K)->10784K(26624K) Eden: 10752K(10752K)->0K(12288K) From: 9681K(9728K)->10784K(14336K)
[0.543s][info][gc,heap        ] GC(25) ParOldGen: 39016K(54784K)->48824K(54784K)
[0.543s][info][gc,metaspace   ] GC(25) Metaspace: 6298K(6464K)->6298K(6464K) NonClass: 5765K(5824K)->5765K(5824K) Class: 533K(640K)->533K(640K)
[0.543s][info][gc             ] GC(25) Pause Young (Allocation Failure) 58M->58M(79M) 16.796ms
[0.543s][info][gc,cpu         ] GC(25) User=0.03s Sys=0.00s Real=0.02s
[0.543s][info][gc,start       ] GC(26) Pause Full (Ergonomics)
[0.543s][info][gc,phases,start] GC(26) Marking Phase
[0.566s][info][gc,phases      ] GC(26) Marking Phase 23.363ms
[0.566s][info][gc,phases,start] GC(26) Summary Phase
[0.566s][info][gc,phases      ] GC(26) Summary Phase 0.026ms
[0.566s][info][gc,phases,start] GC(26) Adjust Roots
[0.566s][info][gc,phases      ] GC(26) Adjust Roots 0.160ms
[0.566s][info][gc,phases,start] GC(26) Compaction Phase
[0.584s][info][gc,phases      ] GC(26) Compaction Phase 17.571ms
[0.584s][info][gc,phases,start] GC(26) Post Compact
[0.584s][info][gc,phases      ] GC(26) Post Compact 0.219ms
[0.584s][info][gc,heap        ] GC(26) PSYoungGen: 10784K(26624K)->5098K(26624K) Eden: 0K(12288K)->0K(12288K) From: 10784K(14336K)->5098K(14336K)
[0.584s][info][gc,heap        ] GC(26) ParOldGen: 48824K(54784K)->54319K(73728K)
[0.584s][info][gc,metaspace   ] GC(26) Metaspace: 6298K(6464K)->6298K(6464K) NonClass: 5765K(5824K)->5765K(5824K) Class: 533K(640K)->533K(640K)
[0.584s][info][gc             ] GC(26) Pause Full (Ergonomics) 58M->58M(98M) 41.745ms
[0.584s][info][gc,cpu         ] GC(26) User=0.03s Sys=0.00s Real=0.04s
[0.597s][info][gc,start       ] GC(27) Pause Young (Allocation Failure)
[0.612s][info][gc,heap        ] GC(27) PSYoungGen: 17386K(26624K)->12320K(27648K) Eden: 12288K(12288K)->0K(12288K) From: 5098K(14336K)->12320K(15360K)
[0.612s][info][gc,heap        ] GC(27) ParOldGen: 54319K(73728K)->59503K(73728K)
[0.612s][info][gc,metaspace   ] GC(27) Metaspace: 6298K(6464K)->6298K(6464K) NonClass: 5765K(5824K)->5765K(5824K) Class: 533K(640K)->533K(640K)
[0.612s][info][gc             ] GC(27) Pause Young (Allocation Failure) 70M->70M(99M) 15.510ms
[0.612s][info][gc,cpu         ] GC(27) User=0.00s Sys=0.00s Real=0.02s
[0.624s][info][gc,start       ] GC(28) Pause Young (Allocation Failure)
[0.644s][info][gc,heap        ] GC(28) PSYoungGen: 24608K(27648K)->16896K(26112K) Eden: 12288K(12288K)->0K(9216K) From: 12320K(15360K)->16896K(16896K)
[0.644s][info][gc,heap        ] GC(28) ParOldGen: 59503K(73728K)->67271K(73728K)
[0.644s][info][gc,metaspace   ] GC(28) Metaspace: 6298K(6464K)->6298K(6464K) NonClass: 5765K(5824K)->5765K(5824K) Class: 533K(640K)->533K(640K)
[0.644s][info][gc             ] GC(28) Pause Young (Allocation Failure) 82M->82M(97M) 20.070ms
[0.644s][info][gc,cpu         ] GC(28) User=0.00s Sys=0.03s Real=0.02s
[0.644s][info][gc,start       ] GC(29) Pause Full (Ergonomics)
[0.644s][info][gc,phases,start] GC(29) Marking Phase
[0.678s][info][gc,phases      ] GC(29) Marking Phase 33.328ms
[0.678s][info][gc,phases,start] GC(29) Summary Phase
[0.678s][info][gc,phases      ] GC(29) Summary Phase 0.019ms
[0.678s][info][gc,phases,start] GC(29) Adjust Roots
[0.678s][info][gc,phases      ] GC(29) Adjust Roots 0.195ms
[0.678s][info][gc,phases,start] GC(29) Compaction Phase
[0.700s][info][gc,phases      ] GC(29) Compaction Phase 21.454ms
[0.700s][info][gc,phases,start] GC(29) Post Compact
[0.700s][info][gc,phases      ] GC(29) Post Compact 0.407ms
[0.700s][info][gc,heap        ] GC(29) PSYoungGen: 16896K(26112K)->10219K(26112K) Eden: 0K(9216K)->0K(9216K) From: 16896K(16896K)->10219K(16896K)
[0.700s][info][gc,heap        ] GC(29) ParOldGen: 67271K(73728K)->73709K(95232K)
[0.700s][info][gc,metaspace   ] GC(29) Metaspace: 6298K(6464K)->6298K(6464K) NonClass: 5765K(5824K)->5765K(5824K) Class: 533K(640K)->533K(640K)
[0.700s][info][gc             ] GC(29) Pause Full (Ergonomics) 82M->81M(118M) 56.000ms
[0.700s][info][gc,cpu         ] GC(29) User=0.09s Sys=0.00s Real=0.06s
[0.719s][info][gc,start       ] GC(30) Pause Young (Allocation Failure)
[0.740s][info][gc,heap        ] GC(30) PSYoungGen: 19435K(26112K)->9248K(31744K) Eden: 9216K(9216K)->0K(9216K) From: 10219K(16896K)->9248K(22528K)
[0.740s][info][gc,heap        ] GC(30) ParOldGen: 73709K(95232K)->84101K(95232K)
[0.740s][info][gc,metaspace   ] GC(30) Metaspace: 6298K(6464K)->6298K(6464K) NonClass: 5765K(5824K)->5765K(5824K) Class: 533K(640K)->533K(640K)
[0.740s][info][gc             ] GC(30) Pause Young (Allocation Failure) 90M->91M(124M) 20.925ms
[0.740s][info][gc,cpu         ] GC(30) User=0.03s Sys=0.00s Real=0.02s
[0.740s][info][gc,start       ] GC(31) Pause Full (Ergonomics)
[0.740s][info][gc,phases,start] GC(31) Marking Phase
[0.779s][info][gc,phases      ] GC(31) Marking Phase 39.126ms
[0.780s][info][gc,phases,start] GC(31) Summary Phase
[0.780s][info][gc,phases      ] GC(31) Summary Phase 0.021ms
[0.780s][info][gc,phases,start] GC(31) Adjust Roots
[0.780s][info][gc,phases      ] GC(31) Adjust Roots 0.165ms
[0.780s][info][gc,phases,start] GC(31) Compaction Phase
[0.808s][info][gc,phases      ] GC(31) Compaction Phase 28.213ms
[0.808s][info][gc,phases,start] GC(31) Post Compact
[0.809s][info][gc,phases      ] GC(31) Post Compact 0.492ms
[0.809s][info][gc,heap        ] GC(31) PSYoungGen: 9248K(31744K)->0K(32768K) Eden: 0K(9216K)->0K(11264K) From: 9248K(22528K)->0K(21504K)
[0.809s][info][gc,heap        ] GC(31) ParOldGen: 84101K(95232K)->91081K(116224K)
[0.809s][info][gc,metaspace   ] GC(31) Metaspace: 6298K(6464K)->6298K(6464K) NonClass: 5765K(5824K)->5765K(5824K) Class: 533K(640K)->533K(640K)
[0.809s][info][gc             ] GC(31) Pause Full (Ergonomics) 91M->88M(145M) 68.528ms
[0.809s][info][gc,cpu         ] GC(31) User=0.09s Sys=0.00s Real=0.07s
[0.819s][info][gc,start       ] GC(32) Pause Young (Allocation Failure)
[0.825s][info][gc,heap        ] GC(32) PSYoungGen: 11264K(32768K)->11328K(32768K) Eden: 11264K(11264K)->0K(11264K) From: 0K(21504K)->11328K(21504K)
[0.825s][info][gc,heap        ] GC(32) ParOldGen: 91081K(116224K)->91081K(116224K)
[0.825s][info][gc,metaspace   ] GC(32) Metaspace: 6298K(6464K)->6298K(6464K) NonClass: 5765K(5824K)->5765K(5824K) Class: 533K(640K)->533K(640K)
[0.825s][info][gc             ] GC(32) Pause Young (Allocation Failure) 99M->100M(145M) 6.656ms
[0.825s][info][gc,cpu         ] GC(32) User=0.00s Sys=0.00s Real=0.01s
[0.835s][info][gc,start       ] GC(33) Pause Young (Allocation Failure)
[0.851s][info][gc,heap        ] GC(33) PSYoungGen: 22592K(32768K)->21504K(31232K) Eden: 11264K(11264K)->0K(9728K) From: 11328K(21504K)->21504K(21504K)
[0.851s][info][gc,heap        ] GC(33) ParOldGen: 91081K(116224K)->92121K(116224K)
[0.851s][info][gc,metaspace   ] GC(33) Metaspace: 6298K(6464K)->6298K(6464K) NonClass: 5765K(5824K)->5765K(5824K) Class: 533K(640K)->533K(640K)
[0.851s][info][gc             ] GC(33) Pause Young (Allocation Failure) 111M->110M(144M) 15.617ms
[0.851s][info][gc,cpu         ] GC(33) User=0.00s Sys=0.00s Real=0.02s
[0.861s][info][gc,start       ] GC(34) Pause Young (Allocation Failure)
[0.883s][info][gc,heap        ] GC(34) PSYoungGen: 31232K(31232K)->20032K(34816K) Eden: 9728K(9728K)->0K(9728K) From: 21504K(21504K)->20032K(25088K)
[0.883s][info][gc,heap        ] GC(34) ParOldGen: 92121K(116224K)->103513K(116224K)
[0.883s][info][gc,metaspace   ] GC(34) Metaspace: 6298K(6464K)->6298K(6464K) NonClass: 5765K(5824K)->5765K(5824K) Class: 533K(640K)->533K(640K)
[0.883s][info][gc             ] GC(34) Pause Young (Allocation Failure) 120M->120M(147M) 22.395ms
[0.883s][info][gc,cpu         ] GC(34) User=0.02s Sys=0.03s Real=0.02s
[0.883s][info][gc,start       ] GC(35) Pause Full (Ergonomics)
[0.884s][info][gc,phases,start] GC(35) Marking Phase
[0.918s][info][gc,phases      ] GC(35) Marking Phase 34.143ms
[0.918s][info][gc,phases,start] GC(35) Summary Phase
[0.918s][info][gc,phases      ] GC(35) Summary Phase 0.034ms
[0.918s][info][gc,phases,start] GC(35) Adjust Roots
[0.918s][info][gc,phases      ] GC(35) Adjust Roots 0.159ms
[0.918s][info][gc,phases,start] GC(35) Compaction Phase
[0.944s][info][gc,phases      ] GC(35) Compaction Phase 26.241ms
[0.944s][info][gc,phases,start] GC(35) Post Compact
[0.945s][info][gc,phases      ] GC(35) Post Compact 0.605ms
[0.945s][info][gc,heap        ] GC(35) PSYoungGen: 20032K(34816K)->7182K(34816K) Eden: 0K(9728K)->0K(9728K) From: 20032K(25088K)->7182K(25088K)
[0.945s][info][gc,heap        ] GC(35) ParOldGen: 103513K(116224K)->116063K(144384K)
[0.945s][info][gc,metaspace   ] GC(35) Metaspace: 6298K(6464K)->6298K(6464K) NonClass: 5765K(5824K)->5765K(5824K) Class: 533K(640K)->533K(640K)
[0.945s][info][gc             ] GC(35) Pause Full (Ergonomics) 120M->120M(175M) 61.820ms
[0.945s][info][gc,cpu         ] GC(35) User=0.17s Sys=0.02s Real=0.06s
[0.955s][info][gc,start       ] GC(36) Pause Young (Allocation Failure)
[0.971s][info][gc,heap        ] GC(36) PSYoungGen: 16910K(34816K)->16992K(37888K) Eden: 9728K(9728K)->0K(10752K) From: 7182K(25088K)->16992K(27136K)
[0.971s][info][gc,heap        ] GC(36) ParOldGen: 116063K(144384K)->116063K(144384K)
[0.971s][info][gc,metaspace   ] GC(36) Metaspace: 6298K(6464K)->6298K(6464K) NonClass: 5765K(5824K)->5765K(5824K) Class: 533K(640K)->533K(640K)
[0.971s][info][gc             ] GC(36) Pause Young (Allocation Failure) 129M->129M(178M) 15.452ms
[0.971s][info][gc,cpu         ] GC(36) User=0.00s Sys=0.00s Real=0.02s
[0.981s][info][gc,start       ] GC(37) Pause Young (Allocation Failure)
[0.994s][info][gc,heap        ] GC(37) PSYoungGen: 27744K(37888K)->27648K(38400K) Eden: 10752K(10752K)->0K(10752K) From: 16992K(27136K)->27648K(27648K)
[0.994s][info][gc,heap        ] GC(37) ParOldGen: 116063K(144384K)->116103K(144384K)
[0.994s][info][gc,metaspace   ] GC(37) Metaspace: 6298K(6464K)->6298K(6464K) NonClass: 5765K(5824K)->5765K(5824K) Class: 533K(640K)->533K(640K)
[0.994s][info][gc             ] GC(37) Pause Young (Allocation Failure) 140M->140M(178M) 12.672ms
[0.994s][info][gc,cpu         ] GC(37) User=0.00s Sys=0.00s Real=0.01s
[1.004s][info][gc,start       ] GC(38) Pause Young (Allocation Failure)
[1.039s][info][gc,heap        ] GC(38) PSYoungGen: 38400K(38400K)->31264K(40448K) Eden: 10752K(10752K)->0K(8192K) From: 27648K(27648K)->31264K(32256K)
[1.039s][info][gc,heap        ] GC(38) ParOldGen: 116103K(144384K)->123415K(144384K)
[1.039s][info][gc,metaspace   ] GC(38) Metaspace: 6298K(6464K)->6298K(6464K) NonClass: 5765K(5824K)->5765K(5824K) Class: 533K(640K)->533K(640K)
[1.039s][info][gc             ] GC(38) Pause Young (Allocation Failure) 150M->151M(180M) 34.834ms
[1.039s][info][gc,cpu         ] GC(38) User=0.05s Sys=0.08s Real=0.03s
[1.048s][info][gc,start       ] GC(39) Pause Young (Allocation Failure)
[1.074s][info][gc,heap        ] GC(39) PSYoungGen: 39456K(40448K)->29696K(45056K) Eden: 8192K(8192K)->0K(8192K) From: 31264K(32256K)->29696K(36864K)
[1.074s][info][gc,heap        ] GC(39) ParOldGen: 123415K(144384K)->133271K(144384K)
[1.074s][info][gc,metaspace   ] GC(39) Metaspace: 6298K(6464K)->6298K(6464K) NonClass: 5765K(5824K)->5765K(5824K) Class: 533K(640K)->533K(640K)
[1.074s][info][gc             ] GC(39) Pause Young (Allocation Failure) 159M->159M(185M) 25.813ms
[1.074s][info][gc,cpu         ] GC(39) User=0.05s Sys=0.03s Real=0.03s
[1.074s][info][gc,start       ] GC(40) Pause Full (Ergonomics)
[1.074s][info][gc,phases,start] GC(40) Marking Phase
[1.117s][info][gc,phases      ] GC(40) Marking Phase 42.827ms
[1.117s][info][gc,phases,start] GC(40) Summary Phase
[1.117s][info][gc,phases      ] GC(40) Summary Phase 0.019ms
[1.117s][info][gc,phases,start] GC(40) Adjust Roots
[1.117s][info][gc,phases      ] GC(40) Adjust Roots 0.148ms
[1.117s][info][gc,phases,start] GC(40) Compaction Phase
[1.145s][info][gc,phases      ] GC(40) Compaction Phase 27.558ms
[1.145s][info][gc,phases,start] GC(40) Post Compact
[1.146s][info][gc,phases      ] GC(40) Post Compact 0.829ms
[1.146s][info][gc,heap        ] GC(40) PSYoungGen: 29696K(45056K)->18342K(45056K) Eden: 0K(8192K)->0K(8192K) From: 29696K(36864K)->18342K(36864K)
[1.146s][info][gc,heap        ] GC(40) ParOldGen: 133271K(144384K)->144204K(174592K)
[1.146s][info][gc,metaspace   ] GC(40) Metaspace: 6298K(6464K)->6298K(6464K) NonClass: 5765K(5824K)->5765K(5824K) Class: 533K(640K)->533K(640K)
[1.146s][info][gc             ] GC(40) Pause Full (Ergonomics) 159M->158M(214M) 72.126ms
[1.146s][info][gc,cpu         ] GC(40) User=0.16s Sys=0.02s Real=0.07s
[1.156s][info][gc,start       ] GC(41) Pause Young (Allocation Failure)
[1.183s][info][gc,heap        ] GC(41) PSYoungGen: 26534K(45056K)->13792K(46592K) Eden: 8192K(8192K)->0K(9728K) From: 18342K(36864K)->13792K(36864K)
[1.183s][info][gc,heap        ] GC(41) ParOldGen: 144204K(174592K)->157268K(174592K)
[1.183s][info][gc,metaspace   ] GC(41) Metaspace: 6298K(6464K)->6298K(6464K) NonClass: 5765K(5824K)->5765K(5824K) Class: 533K(640K)->533K(640K)
[1.183s][info][gc             ] GC(41) Pause Young (Allocation Failure) 166M->167M(216M) 27.064ms
[1.183s][info][gc,cpu         ] GC(41) User=0.03s Sys=0.03s Real=0.03s
[1.227s][info][gc,start       ] GC(42) Pause Full (Ergonomics)
[1.227s][info][gc,phases,start] GC(42) Marking Phase
[1.280s][info][gc,phases      ] GC(42) Marking Phase 53.376ms
[1.280s][info][gc,phases,start] GC(42) Summary Phase
[1.280s][info][gc,phases      ] GC(42) Summary Phase 0.018ms
[1.280s][info][gc,phases,start] GC(42) Adjust Roots
[1.281s][info][gc,phases      ] GC(42) Adjust Roots 0.170ms
[1.281s][info][gc,phases,start] GC(42) Compaction Phase
[1.322s][info][gc,phases      ] GC(42) Compaction Phase 41.569ms
[1.322s][info][gc,phases,start] GC(42) Post Compact
[1.323s][info][gc,phases      ] GC(42) Post Compact 0.857ms
[1.324s][info][gc,heap        ] GC(42) PSYoungGen: 23520K(46592K)->10085K(48128K) Eden: 9728K(9728K)->0K(11264K) From: 13792K(36864K)->10085K(36864K)
[1.324s][info][gc,heap        ] GC(42) ParOldGen: 165460K(174592K)->174413K(208896K)
[1.324s][info][gc,metaspace   ] GC(42) Metaspace: 6298K(6464K)->6298K(6464K) NonClass: 5765K(5824K)->5765K(5824K) Class: 533K(640K)->533K(640K)
[1.324s][info][gc             ] GC(42) Pause Full (Ergonomics) 184M->180M(251M) 96.666ms
[1.324s][info][gc,cpu         ] GC(42) User=0.25s Sys=0.00s Real=0.10s
[1.335s][info][gc,start       ] GC(43) Pause Young (Allocation Failure)
[1.356s][info][gc,heap        ] GC(43) PSYoungGen: 21349K(48128K)->16736K(49664K) Eden: 11264K(11264K)->0K(11264K) From: 10085K(36864K)->16736K(38400K)
[1.356s][info][gc,heap        ] GC(43) ParOldGen: 174413K(208896K)->179229K(208896K)
[1.356s][info][gc,metaspace   ] GC(43) Metaspace: 6298K(6464K)->6298K(6464K) NonClass: 5765K(5824K)->5765K(5824K) Class: 533K(640K)->533K(640K)
[1.356s][info][gc             ] GC(43) Pause Young (Allocation Failure) 191M->191M(252M) 21.538ms
[1.357s][info][gc,cpu         ] GC(43) User=0.03s Sys=0.02s Real=0.02s
[1.367s][info][gc,start       ] GC(44) Pause Young (Allocation Failure)
[1.383s][info][gc,heap        ] GC(44) PSYoungGen: 28000K(49664K)->28000K(47616K) Eden: 11264K(11264K)->0K(11264K) From: 16736K(38400K)->28000K(36352K)
[1.383s][info][gc,heap        ] GC(44) ParOldGen: 179229K(208896K)->179229K(208896K)
[1.383s][info][gc,metaspace   ] GC(44) Metaspace: 6298K(6464K)->6298K(6464K) NonClass: 5765K(5824K)->5765K(5824K) Class: 533K(640K)->533K(640K)
[1.383s][info][gc             ] GC(44) Pause Young (Allocation Failure) 202M->202M(250M) 15.461ms
[1.383s][info][gc,cpu         ] GC(44) User=0.02s Sys=0.00s Real=0.02s
[1.395s][info][gc,start       ] GC(45) Pause Young (Allocation Failure)
[1.417s][info][gc,heap        ] GC(45) PSYoungGen: 39264K(47616K)->33888K(49664K) Eden: 11264K(11264K)->0K(11264K) From: 28000K(36352K)->33888K(38400K)
[1.417s][info][gc,heap        ] GC(45) ParOldGen: 179229K(208896K)->184701K(208896K)
[1.417s][info][gc,metaspace   ] GC(45) Metaspace: 6298K(6464K)->6298K(6464K) NonClass: 5765K(5824K)->5765K(5824K) Class: 533K(640K)->533K(640K)
[1.417s][info][gc             ] GC(45) Pause Young (Allocation Failure) 213M->213M(252M) 22.178ms
[1.417s][info][gc,cpu         ] GC(45) User=0.06s Sys=0.02s Real=0.02s
[1.430s][info][gc,start       ] GC(46) Pause Young (Allocation Failure)
[1.453s][info][gc,heap        ] GC(46) PSYoungGen: 45152K(49664K)->33856K(52736K) Eden: 11264K(11264K)->0K(10240K) From: 33888K(38400K)->33856K(42496K)
[1.453s][info][gc,heap        ] GC(46) ParOldGen: 184701K(208896K)->196117K(208896K)
[1.453s][info][gc,metaspace   ] GC(46) Metaspace: 6298K(6464K)->6298K(6464K) NonClass: 5765K(5824K)->5765K(5824K) Class: 533K(640K)->533K(640K)
[1.453s][info][gc             ] GC(46) Pause Young (Allocation Failure) 224M->224M(255M) 22.718ms
[1.453s][info][gc,cpu         ] GC(46) User=0.06s Sys=0.02s Real=0.02s
[1.453s][info][gc,start       ] GC(47) Pause Full (Ergonomics)
[1.453s][info][gc,phases,start] GC(47) Marking Phase
[1.508s][info][gc,phases      ] GC(47) Marking Phase 54.967ms
[1.508s][info][gc,phases,start] GC(47) Summary Phase
[1.508s][info][gc,phases      ] GC(47) Summary Phase 0.016ms
[1.508s][info][gc,phases,start] GC(47) Adjust Roots
[1.508s][info][gc,phases      ] GC(47) Adjust Roots 0.144ms
[1.508s][info][gc,phases,start] GC(47) Compaction Phase
[1.537s][info][gc,phases      ] GC(47) Compaction Phase 29.106ms
[1.537s][info][gc,phases,start] GC(47) Post Compact
[1.538s][info][gc,phases      ] GC(47) Post Compact 1.007ms
[1.538s][info][gc,heap        ] GC(47) PSYoungGen: 33856K(52736K)->20921K(52736K) Eden: 0K(10240K)->0K(10240K) From: 33856K(42496K)->20921K(42496K)
[1.538s][info][gc,heap        ] GC(47) ParOldGen: 196117K(208896K)->208508K(244224K)
[1.539s][info][gc,metaspace   ] GC(47) Metaspace: 6298K(6464K)->6298K(6464K) NonClass: 5765K(5824K)->5765K(5824K) Class: 533K(640K)->533K(640K)
[1.539s][info][gc             ] GC(47) Pause Full (Ergonomics) 224M->224M(290M) 85.812ms
[1.539s][info][gc,cpu         ] GC(47) User=0.25s Sys=0.03s Real=0.09s
[1.550s][info][gc,start       ] GC(48) Pause Young (Allocation Failure)
[1.579s][info][gc,heap        ] GC(48) PSYoungGen: 31161K(52736K)->17248K(55808K) Eden: 10240K(10240K)->0K(10240K) From: 20921K(42496K)->17248K(45568K)
[1.580s][info][gc,heap        ] GC(48) ParOldGen: 208508K(244224K)->222724K(244224K)
[1.580s][info][gc,metaspace   ] GC(48) Metaspace: 6298K(6464K)->6298K(6464K) NonClass: 5765K(5824K)->5765K(5824K) Class: 533K(640K)->533K(640K)
[1.580s][info][gc             ] GC(48) Pause Young (Allocation Failure) 234M->234M(293M) 29.988ms
[1.580s][info][gc,cpu         ] GC(48) User=0.02s Sys=0.06s Real=0.03s
[1.591s][info][gc,start       ] GC(49) Pause Young (Allocation Failure)
[1.607s][info][gc,heap        ] GC(49) PSYoungGen: 27488K(55808K)->20576K(50688K) Eden: 10240K(10240K)->0K(11776K) From: 17248K(45568K)->20576K(38912K)
[1.607s][info][gc,heap        ] GC(49) ParOldGen: 222724K(244224K)->229788K(244224K)
[1.607s][info][gc,metaspace   ] GC(49) Metaspace: 6298K(6464K)->6298K(6464K) NonClass: 5765K(5824K)->5765K(5824K) Class: 533K(640K)->533K(640K)
[1.607s][info][gc             ] GC(49) Pause Young (Allocation Failure) 244M->244M(288M) 16.574ms
[1.607s][info][gc,cpu         ] GC(49) User=0.02s Sys=0.02s Real=0.02s
[1.607s][info][gc,start       ] GC(50) Pause Full (Ergonomics)
[1.607s][info][gc,phases,start] GC(50) Marking Phase
[1.669s][info][gc,phases      ] GC(50) Marking Phase 61.845ms
[1.669s][info][gc,phases,start] GC(50) Summary Phase
[1.669s][info][gc,phases      ] GC(50) Summary Phase 0.018ms
[1.669s][info][gc,phases,start] GC(50) Adjust Roots
[1.669s][info][gc,phases      ] GC(50) Adjust Roots 0.151ms
[1.669s][info][gc,phases,start] GC(50) Compaction Phase
[1.699s][info][gc,phases      ] GC(50) Compaction Phase 29.453ms
[1.699s][info][gc,phases,start] GC(50) Post Compact
[1.700s][info][gc,phases      ] GC(50) Post Compact 1.215ms
[1.701s][info][gc,heap        ] GC(50) PSYoungGen: 20576K(50688K)->6114K(52736K) Eden: 0K(11776K)->0K(13824K) From: 20576K(38912K)->6114K(38912K)
[1.701s][info][gc,heap        ] GC(50) ParOldGen: 229788K(244224K)->243736K(282624K)
[1.701s][info][gc,metaspace   ] GC(50) Metaspace: 6298K(6464K)->6298K(6464K) NonClass: 5765K(5824K)->5765K(5824K) Class: 533K(640K)->533K(640K)
[1.701s][info][gc             ] GC(50) Pause Full (Ergonomics) 244M->243M(327M) 93.360ms
[1.701s][info][gc,cpu         ] GC(50) User=0.31s Sys=0.03s Real=0.09s
[1.716s][info][gc,start       ] GC(51) Pause Young (Allocation Failure)
[1.738s][info][gc,heap        ] GC(51) PSYoungGen: 19938K(52736K)->17408K(55296K) Eden: 13824K(13824K)->0K(13824K) From: 6114K(38912K)->17408K(41472K)
[1.738s][info][gc,heap        ] GC(51) ParOldGen: 243736K(282624K)->246440K(282624K)
[1.738s][info][gc,metaspace   ] GC(51) Metaspace: 6298K(6464K)->6298K(6464K) NonClass: 5765K(5824K)->5765K(5824K) Class: 533K(640K)->533K(640K)
[1.738s][info][gc             ] GC(51) Pause Young (Allocation Failure) 257M->257M(330M) 22.085ms
[1.738s][info][gc,cpu         ] GC(51) User=0.03s Sys=0.05s Real=0.02s
[1.753s][info][gc,start       ] GC(52) Pause Young (Allocation Failure)
[1.769s][info][gc,heap        ] GC(52) PSYoungGen: 31232K(55296K)->31232K(53760K) Eden: 13824K(13824K)->0K(13824K) From: 17408K(41472K)->31232K(39936K)
[1.769s][info][gc,heap        ] GC(52) ParOldGen: 246440K(282624K)->246440K(282624K)
[1.769s][info][gc,metaspace   ] GC(52) Metaspace: 6298K(6464K)->6298K(6464K) NonClass: 5765K(5824K)->5765K(5824K) Class: 533K(640K)->533K(640K)
[1.769s][info][gc             ] GC(52) Pause Young (Allocation Failure) 271M->271M(328M) 15.844ms
[1.769s][info][gc,cpu         ] GC(52) User=0.02s Sys=0.00s Real=0.02s
[1.784s][info][gc,start       ] GC(53) Pause Young (Allocation Failure)
[1.807s][info][gc,heap        ] GC(53) PSYoungGen: 45056K(53760K)->41984K(55808K) Eden: 13824K(13824K)->0K(13824K) From: 31232K(39936K)->41984K(41984K)
[1.807s][info][gc,heap        ] GC(53) ParOldGen: 246440K(282624K)->249480K(282624K)
[1.807s][info][gc,metaspace   ] GC(53) Metaspace: 6298K(6464K)->6298K(6464K) NonClass: 5765K(5824K)->5765K(5824K) Class: 533K(640K)->533K(640K)
[1.807s][info][gc             ] GC(53) Pause Young (Allocation Failure) 284M->284M(330M) 23.240ms
[1.807s][info][gc,cpu         ] GC(53) User=0.11s Sys=0.00s Real=0.02s
[1.822s][info][gc,start       ] GC(54) Pause Young (Allocation Failure)
[1.857s][info][gc,heap        ] GC(54) PSYoungGen: 55808K(55808K)->40160K(61440K) Eden: 13824K(13824K)->0K(12288K) From: 41984K(41984K)->40160K(49152K)
[1.857s][info][gc,heap        ] GC(54) ParOldGen: 249480K(282624K)->265440K(282624K)
[1.857s][info][gc,metaspace   ] GC(54) Metaspace: 6298K(6464K)->6298K(6464K) NonClass: 5765K(5824K)->5765K(5824K) Class: 533K(640K)->533K(640K)
[1.857s][info][gc             ] GC(54) Pause Young (Allocation Failure) 298M->298M(336M) 35.227ms
[1.857s][info][gc,cpu         ] GC(54) User=0.16s Sys=0.08s Real=0.04s
[1.858s][info][gc,start       ] GC(55) Pause Full (Ergonomics)
[1.858s][info][gc,phases,start] GC(55) Marking Phase
[1.919s][info][gc,phases      ] GC(55) Marking Phase 61.550ms
[1.919s][info][gc,phases,start] GC(55) Summary Phase
[1.919s][info][gc,phases      ] GC(55) Summary Phase 0.019ms
[1.919s][info][gc,phases,start] GC(55) Adjust Roots
[1.919s][info][gc,phases      ] GC(55) Adjust Roots 0.150ms
[1.919s][info][gc,phases,start] GC(55) Compaction Phase
[1.952s][info][gc,phases      ] GC(55) Compaction Phase 32.249ms
[1.952s][info][gc,phases,start] GC(55) Post Compact
[1.953s][info][gc,phases      ] GC(55) Post Compact 1.498ms
[1.954s][info][gc,heap        ] GC(55) PSYoungGen: 40160K(61440K)->22632K(61440K) Eden: 0K(12288K)->0K(12288K) From: 40160K(49152K)->22632K(49152K)
[1.954s][info][gc,heap        ] GC(55) ParOldGen: 265440K(282624K)->282391K(325120K)
[1.954s][info][gc,metaspace   ] GC(55) Metaspace: 6298K(6464K)->6298K(6464K) NonClass: 5765K(5824K)->5765K(5824K) Class: 533K(640K)->533K(640K)
[1.954s][info][gc             ] GC(55) Pause Full (Ergonomics) 298M->297M(377M) 96.163ms
[1.954s][info][gc,cpu         ] GC(55) User=0.50s Sys=0.05s Real=0.10s
[1.968s][info][gc,start       ] GC(56) Pause Young (Allocation Failure)
[1.998s][info][gc,heap        ] GC(56) PSYoungGen: 34920K(61440K)->28192K(40960K) Eden: 12288K(12288K)->0K(12288K) From: 22632K(49152K)->28192K(28672K)
[1.998s][info][gc,heap        ] GC(56) ParOldGen: 282391K(325120K)->289343K(325120K)
[1.998s][info][gc,metaspace   ] GC(56) Metaspace: 6298K(6464K)->6298K(6464K) NonClass: 5765K(5824K)->5765K(5824K) Class: 533K(640K)->533K(640K)
[1.998s][info][gc             ] GC(56) Pause Young (Allocation Failure) 309M->310M(357M) 30.777ms
[1.998s][info][gc,cpu         ] GC(56) User=0.12s Sys=0.00s Real=0.03s
[2.012s][info][gc,start       ] GC(57) Pause Young (Allocation Failure)
[2.035s][info][gc,heap        ] GC(57) PSYoungGen: 40480K(40960K)->33952K(63488K) Eden: 12288K(12288K)->0K(12800K) From: 28192K(28672K)->33952K(50688K)
[2.035s][info][gc,heap        ] GC(57) ParOldGen: 289343K(325120K)->296087K(325120K)
[2.035s][info][gc,metaspace   ] GC(57) Metaspace: 6298K(6464K)->6298K(6464K) NonClass: 5765K(5824K)->5765K(5824K) Class: 533K(640K)->533K(640K)
[2.035s][info][gc             ] GC(57) Pause Young (Allocation Failure) 322M->322M(379M) 22.706ms
[2.035s][info][gc,cpu         ] GC(57) User=0.09s Sys=0.00s Real=0.02s
[2.049s][info][gc,start       ] GC(58) Pause Young (Allocation Failure)
[2.073s][info][gc,heap        ] GC(58) PSYoungGen: 46752K(63488K)->37504K(64512K) Eden: 12800K(12800K)->0K(12800K) From: 33952K(50688K)->37504K(51712K)
[2.074s][info][gc,heap        ] GC(58) ParOldGen: 296087K(325120K)->305455K(325120K)
[2.074s][info][gc,metaspace   ] GC(58) Metaspace: 6298K(6464K)->6298K(6464K) NonClass: 5765K(5824K)->5765K(5824K) Class: 533K(640K)->533K(640K)
[2.074s][info][gc             ] GC(58) Pause Young (Allocation Failure) 334M->334M(380M) 24.394ms
[2.074s][info][gc,cpu         ] GC(58) User=0.12s Sys=0.00s Real=0.03s
[2.178s][info][gc,start       ] GC(59) Pause Full (Ergonomics)
[2.178s][info][gc,phases,start] GC(59) Marking Phase
[2.261s][info][gc,phases      ] GC(59) Marking Phase 82.676ms
[2.261s][info][gc,phases,start] GC(59) Summary Phase
[2.261s][info][gc,phases      ] GC(59) Summary Phase 0.020ms
[2.261s][info][gc,phases,start] GC(59) Adjust Roots
[2.261s][info][gc,phases      ] GC(59) Adjust Roots 0.175ms
[2.261s][info][gc,phases,start] GC(59) Compaction Phase
[2.331s][info][gc,phases      ] GC(59) Compaction Phase 69.998ms
[2.331s][info][gc,phases,start] GC(59) Post Compact
[2.333s][info][gc,phases      ] GC(59) Post Compact 1.850ms
[2.333s][info][gc,heap        ] GC(59) PSYoungGen: 50304K(64512K)->38309K(64512K) Eden: 12800K(12800K)->12774K(12800K) From: 37504K(51712K)->25534K(51712K)
[2.333s][info][gc,heap        ] GC(59) ParOldGen: 321839K(325120K)->324965K(368640K)
[2.333s][info][gc,metaspace   ] GC(59) Metaspace: 6298K(6464K)->6298K(6464K) NonClass: 5765K(5824K)->5765K(5824K) Class: 533K(640K)->533K(640K)
[2.333s][info][gc             ] GC(59) Pause Full (Ergonomics) 363M->354M(423M) 155.420ms
[2.333s][info][gc,cpu         ] GC(59) User=0.89s Sys=0.05s Real=0.15s
[2.333s][info][gc,start       ] GC(60) Pause Young (Allocation Failure)
[2.369s][info][gc,heap        ] GC(60) PSYoungGen: 38334K(64512K)->13984K(66048K) Eden: 12800K(12800K)->0K(14336K) From: 25534K(51712K)->13984K(51712K)
[2.369s][info][gc,heap        ] GC(60) ParOldGen: 324965K(368640K)->349909K(368640K)
[2.369s][info][gc,metaspace   ] GC(60) Metaspace: 6298K(6464K)->6298K(6464K) NonClass: 5765K(5824K)->5765K(5824K) Class: 533K(640K)->533K(640K)
[2.369s][info][gc             ] GC(60) Pause Young (Allocation Failure) 354M->355M(424M) 35.851ms
[2.369s][info][gc,cpu         ] GC(60) User=0.14s Sys=0.11s Real=0.04s
[2.369s][info][gc,start       ] GC(61) Pause Full (Ergonomics)
[2.369s][info][gc,phases,start] GC(61) Marking Phase
[2.449s][info][gc,phases      ] GC(61) Marking Phase 80.185ms
[2.450s][info][gc,phases,start] GC(61) Summary Phase
[2.450s][info][gc,phases      ] GC(61) Summary Phase 0.021ms
[2.450s][info][gc,phases,start] GC(61) Adjust Roots
[2.450s][info][gc,phases      ] GC(61) Adjust Roots 0.146ms
[2.450s][info][gc,phases,start] GC(61) Compaction Phase
[2.488s][info][gc,phases      ] GC(61) Compaction Phase 37.996ms
[2.488s][info][gc,phases,start] GC(61) Post Compact
[2.490s][info][gc,phases      ] GC(61) Post Compact 1.753ms
[2.490s][info][gc,heap        ] GC(61) PSYoungGen: 13984K(66048K)->0K(67072K) Eden: 0K(14336K)->0K(14336K) From: 13984K(51712K)->0K(52736K)
[2.490s][info][gc,heap        ] GC(61) ParOldGen: 349909K(368640K)->363299K(416256K)
[2.490s][info][gc,metaspace   ] GC(61) Metaspace: 6298K(6464K)->6298K(6464K) NonClass: 5765K(5824K)->5765K(5824K) Class: 533K(640K)->533K(640K)
[2.490s][info][gc             ] GC(61) Pause Full (Ergonomics) 355M->354M(472M) 120.968ms
[2.490s][info][gc,cpu         ] GC(61) User=0.69s Sys=0.00s Real=0.12s
[2.504s][info][gc,start       ] GC(62) Pause Young (Allocation Failure)
[2.514s][info][gc,heap        ] GC(62) PSYoungGen: 14336K(67072K)->14464K(67072K) Eden: 14336K(14336K)->0K(15872K) From: 0K(52736K)->14464K(51200K)
[2.514s][info][gc,heap        ] GC(62) ParOldGen: 363299K(416256K)->363299K(416256K)
[2.514s][info][gc,metaspace   ] GC(62) Metaspace: 6298K(6464K)->6298K(6464K) NonClass: 5765K(5824K)->5765K(5824K) Class: 533K(640K)->533K(640K)
[2.514s][info][gc             ] GC(62) Pause Young (Allocation Failure) 368M->368M(472M) 9.633ms
[2.514s][info][gc,cpu         ] GC(62) User=0.02s Sys=0.00s Real=0.01s
[2.530s][info][gc,start       ] GC(63) Pause Young (Allocation Failure)
[2.545s][info][gc,heap        ] GC(63) PSYoungGen: 30336K(67072K)->30304K(68096K) Eden: 15872K(15872K)->0K(15872K) From: 14464K(51200K)->30304K(52224K)
[2.545s][info][gc,heap        ] GC(63) ParOldGen: 363299K(416256K)->363299K(416256K)
[2.545s][info][gc,metaspace   ] GC(63) Metaspace: 6298K(6464K)->6298K(6464K) NonClass: 5765K(5824K)->5765K(5824K) Class: 533K(640K)->533K(640K)
[2.545s][info][gc             ] GC(63) Pause Young (Allocation Failure) 384M->384M(473M) 15.557ms
[2.546s][info][gc,cpu         ] GC(63) User=0.02s Sys=0.00s Real=0.02s
[2.562s][info][gc,start       ] GC(64) Pause Young (Allocation Failure)
[2.588s][info][gc,heap        ] GC(64) PSYoungGen: 46176K(68096K)->46176K(64000K) Eden: 15872K(15872K)->0K(12288K) From: 30304K(52224K)->46176K(51712K)
[2.588s][info][gc,heap        ] GC(64) ParOldGen: 363299K(416256K)->363299K(416256K)
[2.588s][info][gc,metaspace   ] GC(64) Metaspace: 6298K(6464K)->6298K(6464K) NonClass: 5765K(5824K)->5765K(5824K) Class: 533K(640K)->533K(640K)
[2.588s][info][gc             ] GC(64) Pause Young (Allocation Failure) 399M->399M(469M) 26.408ms
[2.588s][info][gc,cpu         ] GC(64) User=0.12s Sys=0.00s Real=0.03s
[2.602s][info][gc,start       ] GC(65) Pause Young (Allocation Failure)
[2.628s][info][gc,heap        ] GC(65) PSYoungGen: 58464K(64000K)->56832K(69120K) Eden: 12288K(12288K)->0K(12288K) From: 46176K(51712K)->56832K(56832K)
[2.628s][info][gc,heap        ] GC(65) ParOldGen: 363299K(416256K)->364859K(416256K)
[2.628s][info][gc,metaspace   ] GC(65) Metaspace: 6298K(6464K)->6298K(6464K) NonClass: 5765K(5824K)->5765K(5824K) Class: 533K(640K)->533K(640K)
[2.628s][info][gc             ] GC(65) Pause Young (Allocation Failure) 411M->411M(474M) 26.465ms
[2.628s][info][gc,cpu         ] GC(65) User=0.14s Sys=0.00s Real=0.03s
[2.641s][info][gc,start       ] GC(66) Pause Young (Allocation Failure)
[2.680s][info][gc,heap        ] GC(66) PSYoungGen: 69120K(69120K)->54912K(73216K) Eden: 12288K(12288K)->0K(8192K) From: 56832K(56832K)->54912K(65024K)
[2.680s][info][gc,heap        ] GC(66) ParOldGen: 364859K(416256K)->379379K(416256K)
[2.680s][info][gc,metaspace   ] GC(66) Metaspace: 6298K(6464K)->6298K(6464K) NonClass: 5765K(5824K)->5765K(5824K) Class: 533K(640K)->533K(640K)
[2.680s][info][gc             ] GC(66) Pause Young (Allocation Failure) 423M->424M(478M) 39.486ms
[2.680s][info][gc,cpu         ] GC(66) User=0.16s Sys=0.09s Real=0.04s
[2.688s][info][gc,start       ] GC(67) Pause Young (Allocation Failure)
[2.721s][info][gc,heap        ] GC(67) PSYoungGen: 63104K(73216K)->48224K(78848K) Eden: 8192K(8192K)->0K(8192K) From: 54912K(65024K)->48224K(70656K)
[2.721s][info][gc,heap        ] GC(67) ParOldGen: 379379K(416256K)->394507K(416256K)
[2.721s][info][gc,metaspace   ] GC(67) Metaspace: 6298K(6464K)->6298K(6464K) NonClass: 5765K(5824K)->5765K(5824K) Class: 533K(640K)->533K(640K)
[2.721s][info][gc             ] GC(67) Pause Young (Allocation Failure) 432M->432M(483M) 33.204ms
[2.721s][info][gc,cpu         ] GC(67) User=0.11s Sys=0.14s Real=0.03s
[2.721s][info][gc,start       ] GC(68) Pause Full (Ergonomics)
[2.721s][info][gc,phases,start] GC(68) Marking Phase
[2.820s][info][gc,phases      ] GC(68) Marking Phase 98.286ms
[2.820s][info][gc,phases,start] GC(68) Summary Phase
[2.820s][info][gc,phases      ] GC(68) Summary Phase 0.025ms
[2.820s][info][gc,phases,start] GC(68) Adjust Roots
[2.820s][info][gc,phases      ] GC(68) Adjust Roots 0.198ms
[2.820s][info][gc,phases,start] GC(68) Compaction Phase
[2.872s][info][gc,phases      ] GC(68) Compaction Phase 51.544ms
[2.872s][info][gc,phases,start] GC(68) Post Compact
[2.874s][info][gc,phases      ] GC(68) Post Compact 2.100ms
[2.874s][info][gc,heap        ] GC(68) PSYoungGen: 48224K(78848K)->26030K(78848K) Eden: 0K(8192K)->0K(8192K) From: 48224K(70656K)->26030K(70656K)
[2.874s][info][gc,heap        ] GC(68) ParOldGen: 394507K(416256K)->415896K(472576K)
[2.874s][info][gc,metaspace   ] GC(68) Metaspace: 6298K(6464K)->6298K(6464K) NonClass: 5765K(5824K)->5765K(5824K) Class: 533K(640K)->533K(640K)
[2.874s][info][gc             ] GC(68) Pause Full (Ergonomics) 432M->431M(538M) 152.922ms
[2.874s][info][gc,cpu         ] GC(68) User=0.98s Sys=0.05s Real=0.15s
[2.883s][info][gc,start       ] GC(69) Pause Young (Allocation Failure)
[2.920s][info][gc,heap        ] GC(69) PSYoungGen: 34222K(78848K)->19552K(79360K) Eden: 8192K(8192K)->0K(9728K) From: 26030K(70656K)->19552K(69632K)
[2.920s][info][gc,heap        ] GC(69) ParOldGen: 415896K(472576K)->431016K(472576K)
[2.920s][info][gc,metaspace   ] GC(69) Metaspace: 6298K(6464K)->6298K(6464K) NonClass: 5765K(5824K)->5765K(5824K) Class: 533K(640K)->533K(640K)
[2.920s][info][gc             ] GC(69) Pause Young (Allocation Failure) 439M->440M(539M) 37.337ms
[2.920s][info][gc,cpu         ] GC(69) User=0.20s Sys=0.06s Real=0.04s
[2.930s][info][gc,start       ] GC(70) Pause Young (Allocation Failure)
[2.945s][info][gc,heap        ] GC(70) PSYoungGen: 29280K(79360K)->22944K(32768K) Eden: 9728K(9728K)->0K(9728K) From: 19552K(69632K)->22944K(23040K)
[2.946s][info][gc,heap        ] GC(70) ParOldGen: 431016K(472576K)->437408K(472576K)
[2.946s][info][gc,metaspace   ] GC(70) Metaspace: 6298K(6464K)->6298K(6464K) NonClass: 5765K(5824K)->5765K(5824K) Class: 533K(640K)->533K(640K)
[2.946s][info][gc             ] GC(70) Pause Young (Allocation Failure) 449M->449M(493M) 15.698ms
[2.946s][info][gc,cpu         ] GC(70) User=0.02s Sys=0.00s Real=0.02s
[2.956s][info][gc,start       ] GC(71) Pause Young (Allocation Failure)
[2.973s][info][gc,heap        ] GC(71) PSYoungGen: 32672K(32768K)->27712K(75264K) Eden: 9728K(9728K)->0K(11264K) From: 22944K(23040K)->27712K(64000K)
[2.973s][info][gc,heap        ] GC(71) ParOldGen: 437408K(472576K)->442400K(472576K)
[2.973s][info][gc,metaspace   ] GC(71) Metaspace: 6298K(6464K)->6298K(6464K) NonClass: 5765K(5824K)->5765K(5824K) Class: 533K(640K)->533K(640K)
[2.973s][info][gc             ] GC(71) Pause Young (Allocation Failure) 459M->459M(535M) 17.092ms
[2.973s][info][gc,cpu         ] GC(71) User=0.05s Sys=0.02s Real=0.02s
[2.985s][info][gc,start       ] GC(72) Pause Young (Allocation Failure)
[3.010s][info][gc,heap        ] GC(72) PSYoungGen: 38976K(75264K)->21088K(32768K) Eden: 11264K(11264K)->0K(11264K) From: 27712K(64000K)->21088K(21504K)
[3.010s][info][gc,heap        ] GC(72) ParOldGen: 442400K(472576K)->460560K(472576K)
[3.010s][info][gc,metaspace   ] GC(72) Metaspace: 6298K(6464K)->6298K(6464K) NonClass: 5765K(5824K)->5765K(5824K) Class: 533K(640K)->533K(640K)
[3.010s][info][gc             ] GC(72) Pause Young (Allocation Failure) 470M->470M(493M) 24.967ms
[3.010s][info][gc,cpu         ] GC(72) User=0.12s Sys=0.00s Real=0.02s
[3.010s][info][gc,start       ] GC(73) Pause Full (Ergonomics)
[3.010s][info][gc,phases,start] GC(73) Marking Phase
[3.106s][info][gc,phases      ] GC(73) Marking Phase 96.600ms
[3.106s][info][gc,phases,start] GC(73) Summary Phase
[3.106s][info][gc,phases      ] GC(73) Summary Phase 0.032ms
[3.106s][info][gc,phases,start] GC(73) Adjust Roots
[3.107s][info][gc,phases      ] GC(73) Adjust Roots 0.153ms
[3.107s][info][gc,phases,start] GC(73) Compaction Phase
[3.155s][info][gc,phases      ] GC(73) Compaction Phase 48.523ms
[3.155s][info][gc,phases,start] GC(73) Post Compact
[3.158s][info][gc,phases      ] GC(73) Post Compact 2.430ms
[3.158s][info][gc,heap        ] GC(73) PSYoungGen: 21088K(32768K)->8156K(32768K) Eden: 0K(11264K)->0K(11264K) From: 21088K(21504K)->8156K(21504K)
[3.158s][info][gc,heap        ] GC(73) ParOldGen: 460560K(472576K)->472555K(534016K)
[3.158s][info][gc,metaspace   ] GC(73) Metaspace: 6298K(6464K)->6298K(6464K) NonClass: 5765K(5824K)->5765K(5824K) Class: 533K(640K)->533K(640K)
[3.158s][info][gc             ] GC(73) Pause Full (Ergonomics) 470M->469M(553M) 148.596ms
[3.158s][info][gc,cpu         ] GC(73) User=1.06s Sys=0.06s Real=0.15s
[3.172s][info][gc,start       ] GC(74) Pause Young (Allocation Failure)
[3.205s][info][gc,heap        ] GC(74) PSYoungGen: 19420K(32768K)->11392K(77312K) Eden: 11264K(11264K)->0K(12800K) From: 8156K(21504K)->11392K(64512K)
[3.205s][info][gc,heap        ] GC(74) ParOldGen: 472555K(534016K)->480867K(534016K)
[3.205s][info][gc,metaspace   ] GC(74) Metaspace: 6298K(6464K)->6298K(6464K) NonClass: 5765K(5824K)->5765K(5824K) Class: 533K(640K)->533K(640K)
[3.205s][info][gc             ] GC(74) Pause Young (Allocation Failure) 480M->480M(597M) 32.929ms
[3.205s][info][gc,cpu         ] GC(74) User=0.14s Sys=0.02s Real=0.03s
[3.217s][info][gc,start       ] GC(75) Pause Young (Allocation Failure)
[3.235s][info][gc,heap        ] GC(75) PSYoungGen: 24192K(77312K)->12928K(77312K) Eden: 12800K(12800K)->0K(12800K) From: 11392K(64512K)->12928K(64512K)
[3.235s][info][gc,heap        ] GC(75) ParOldGen: 480867K(534016K)->492315K(534016K)
[3.235s][info][gc,metaspace   ] GC(75) Metaspace: 6298K(6464K)->6298K(6464K) NonClass: 5765K(5824K)->5765K(5824K) Class: 533K(640K)->533K(640K)
[3.235s][info][gc             ] GC(75) Pause Young (Allocation Failure) 493M->493M(597M) 17.711ms
[3.235s][info][gc,cpu         ] GC(75) User=0.09s Sys=0.03s Real=0.02s
[3.249s][info][gc,start       ] GC(76) Pause Young (Allocation Failure)
[3.268s][info][gc,heap        ] GC(76) PSYoungGen: 25728K(77312K)->12992K(75264K) Eden: 12800K(12800K)->0K(14336K) From: 12928K(64512K)->12992K(60928K)
[3.268s][info][gc,heap        ] GC(76) ParOldGen: 492315K(534016K)->505307K(534016K)
[3.268s][info][gc,metaspace   ] GC(76) Metaspace: 6298K(6464K)->6298K(6464K) NonClass: 5765K(5824K)->5765K(5824K) Class: 533K(640K)->533K(640K)
[3.268s][info][gc             ] GC(76) Pause Young (Allocation Failure) 505M->506M(595M) 18.992ms
[3.268s][info][gc,cpu         ] GC(76) User=0.05s Sys=0.08s Real=0.02s
[3.282s][info][gc,start       ] GC(77) Pause Young (Allocation Failure)
[3.301s][info][gc,heap        ] GC(77) PSYoungGen: 27328K(75264K)->14464K(76800K) Eden: 14336K(14336K)->0K(14336K) From: 12992K(60928K)->14464K(62464K)
[3.301s][info][gc,heap        ] GC(77) ParOldGen: 505307K(534016K)->518307K(534016K)
[3.301s][info][gc,metaspace   ] GC(77) Metaspace: 6298K(6464K)->6298K(6464K) NonClass: 5765K(5824K)->5765K(5824K) Class: 533K(640K)->533K(640K)
[3.301s][info][gc             ] GC(77) Pause Young (Allocation Failure) 520M->520M(596M) 18.527ms
[3.301s][info][gc,cpu         ] GC(77) User=0.11s Sys=0.02s Real=0.02s
[3.301s][info][gc,start       ] GC(78) Pause Full (Ergonomics)
[3.301s][info][gc,phases,start] GC(78) Marking Phase
[3.410s][info][gc,phases      ] GC(78) Marking Phase 109.021ms
[3.410s][info][gc,phases,start] GC(78) Summary Phase
[3.410s][info][gc,phases      ] GC(78) Summary Phase 0.034ms
[3.410s][info][gc,phases,start] GC(78) Adjust Roots
[3.410s][info][gc,phases      ] GC(78) Adjust Roots 0.173ms
[3.410s][info][gc,phases,start] GC(78) Compaction Phase
[3.459s][info][gc,phases      ] GC(78) Compaction Phase 48.118ms
[3.459s][info][gc,phases,start] GC(78) Post Compact
[3.459s][info][gc,phases      ] GC(78) Post Compact 0.784ms
[3.460s][info][gc,heap        ] GC(78) PSYoungGen: 14464K(76800K)->0K(77312K) Eden: 0K(14336K)->0K(16384K) From: 14464K(62464K)->0K(60928K)
[3.460s][info][gc,heap        ] GC(78) ParOldGen: 518307K(534016K)->531790K(595456K)
[3.460s][info][gc,metaspace   ] GC(78) Metaspace: 6298K(6464K)->6298K(6464K) NonClass: 5765K(5824K)->5765K(5824K) Class: 533K(640K)->533K(640K)
[3.460s][info][gc             ] GC(78) Pause Full (Ergonomics) 520M->519M(657M) 158.975ms
[3.460s][info][gc,cpu         ] GC(78) User=1.03s Sys=0.03s Real=0.16s
[3.478s][info][gc,start       ] GC(79) Pause Young (Allocation Failure)
[3.489s][info][gc,heap        ] GC(79) PSYoungGen: 16384K(77312K)->16544K(33280K) Eden: 16384K(16384K)->0K(16384K) From: 0K(60928K)->16544K(16896K)
[3.489s][info][gc,heap        ] GC(79) ParOldGen: 531790K(595456K)->531790K(595456K)
[3.489s][info][gc,metaspace   ] GC(79) Metaspace: 6298K(6464K)->6298K(6464K) NonClass: 5765K(5824K)->5765K(5824K) Class: 533K(640K)->533K(640K)
[3.489s][info][gc             ] GC(79) Pause Young (Allocation Failure) 535M->535M(614M) 11.104ms
[3.489s][info][gc,cpu         ] GC(79) User=0.02s Sys=0.00s Real=0.01s
[3.507s][info][gc,start       ] GC(80) Pause Young (Allocation Failure)
[3.524s][info][gc,heap        ] GC(80) PSYoungGen: 32928K(33280K)->32896K(76800K) Eden: 16384K(16384K)->0K(18432K) From: 16544K(16896K)->32896K(58368K)
[3.524s][info][gc,heap        ] GC(80) ParOldGen: 531790K(595456K)->531790K(595456K)
[3.524s][info][gc,metaspace   ] GC(80) Metaspace: 6298K(6464K)->6298K(6464K) NonClass: 5765K(5824K)->5765K(5824K) Class: 533K(640K)->533K(640K)
[3.524s][info][gc             ] GC(80) Pause Young (Allocation Failure) 551M->551M(656M) 16.905ms
[3.524s][info][gc,cpu         ] GC(80) User=0.03s Sys=0.00s Real=0.02s
[3.544s][info][gc,start       ] GC(81) Pause Young (Allocation Failure)
[3.568s][info][gc,heap        ] GC(81) PSYoungGen: 51328K(76800K)->51360K(76800K) Eden: 18432K(18432K)->0K(18432K) From: 32896K(58368K)->51360K(58368K)
[3.569s][info][gc,heap        ] GC(81) ParOldGen: 531790K(595456K)->531790K(595456K)
[3.569s][info][gc,metaspace   ] GC(81) Metaspace: 6298K(6464K)->6298K(6464K) NonClass: 5765K(5824K)->5765K(5824K) Class: 533K(640K)->533K(640K)
[3.569s][info][gc             ] GC(81) Pause Young (Allocation Failure) 569M->569M(656M) 24.475ms
[3.569s][info][gc,cpu         ] GC(81) User=0.12s Sys=0.00s Real=0.02s
[3.587s][info][gc,start       ] GC(82) Pause Young (Allocation Failure)
[3.627s][info][gc,heap        ] GC(82) PSYoungGen: 69792K(76800K)->65024K(73728K) Eden: 18432K(18432K)->0K(8704K) From: 51360K(58368K)->65024K(65024K)
[3.627s][info][gc,heap        ] GC(82) ParOldGen: 531790K(595456K)->536518K(595456K)
[3.627s][info][gc,metaspace   ] GC(82) Metaspace: 6298K(6464K)->6298K(6464K) NonClass: 5765K(5824K)->5765K(5824K) Class: 533K(640K)->533K(640K)
[3.627s][info][gc             ] GC(82) Pause Young (Allocation Failure) 587M->587M(653M) 40.082ms
[3.627s][info][gc,cpu         ] GC(82) User=0.25s Sys=0.12s Real=0.04s
[3.637s][info][gc,start       ] GC(83) Pause Young (Allocation Failure)
[3.684s][info][gc,heap        ] GC(83) PSYoungGen: 73728K(73728K)->43488K(85504K) Eden: 8704K(8704K)->0K(8704K) From: 65024K(65024K)->43488K(76800K)
[3.684s][info][gc,heap        ] GC(83) ParOldGen: 536518K(595456K)->567318K(595456K)
[3.684s][info][gc,metaspace   ] GC(83) Metaspace: 6298K(6464K)->6298K(6464K) NonClass: 5765K(5824K)->5765K(5824K) Class: 533K(640K)->533K(640K)
[3.684s][info][gc             ] GC(83) Pause Young (Allocation Failure) 595M->596M(665M) 46.823ms
[3.684s][info][gc,cpu         ] GC(83) User=0.25s Sys=0.02s Real=0.05s
[3.695s][info][gc,start       ] GC(84) Pause Young (Allocation Failure)
[3.735s][info][gc,heap        ] GC(84) PSYoungGen: 52192K(85504K)->17504K(82944K) Eden: 8704K(8704K)->0K(10240K) From: 43488K(76800K)->17504K(72704K)
[3.735s][info][gc,heap        ] GC(84) ParOldGen: 567318K(595456K)->602454K(602624K)
[3.735s][info][gc,metaspace   ] GC(84) Metaspace: 6298K(6464K)->6298K(6464K) NonClass: 5765K(5824K)->5765K(5824K) Class: 533K(640K)->533K(640K)
[3.735s][info][gc             ] GC(84) Pause Young (Allocation Failure) 604M->605M(669M) 39.917ms
[3.735s][info][gc,cpu         ] GC(84) User=0.09s Sys=0.16s Real=0.04s
[3.735s][info][gc,start       ] GC(85) Pause Full (Ergonomics)
[3.735s][info][gc,phases,start] GC(85) Marking Phase
[3.870s][info][gc,phases      ] GC(85) Marking Phase 134.905ms
[3.870s][info][gc,phases,start] GC(85) Summary Phase
[3.870s][info][gc,phases      ] GC(85) Summary Phase 0.121ms
[3.870s][info][gc,phases,start] GC(85) Adjust Roots
[3.870s][info][gc,phases      ] GC(85) Adjust Roots 0.149ms
[3.870s][info][gc,phases,start] GC(85) Compaction Phase
[3.931s][info][gc,phases      ] GC(85) Compaction Phase 61.474ms
[3.932s][info][gc,phases,start] GC(85) Post Compact
[3.933s][info][gc,phases      ] GC(85) Post Compact 0.976ms
[3.933s][info][gc,heap        ] GC(85) PSYoungGen: 17504K(82944K)->16322K(84480K) Eden: 0K(10240K)->0K(11776K) From: 17504K(72704K)->16322K(72704K)
[3.933s][info][gc,heap        ] GC(85) ParOldGen: 602454K(602624K)->602322K(681984K)
[3.933s][info][gc,metaspace   ] GC(85) Metaspace: 6298K(6464K)->6298K(6464K) NonClass: 5765K(5824K)->5765K(5824K) Class: 533K(640K)->533K(640K)
[3.933s][info][gc             ] GC(85) Pause Full (Ergonomics) 605M->604M(748M) 198.590ms
[3.933s][info][gc,cpu         ] GC(85) User=1.39s Sys=0.00s Real=0.20s
[3.948s][info][gc,start       ] GC(86) Pause Young (Allocation Failure)
[3.992s][info][gc,heap        ] GC(86) PSYoungGen: 28098K(84480K)->11904K(86528K) Eden: 11776K(11776K)->0K(11776K) From: 16322K(72704K)->11904K(74752K)
[3.992s][info][gc,heap        ] GC(86) ParOldGen: 602322K(681984K)->618930K(681984K)
[3.992s][info][gc,metaspace   ] GC(86) Metaspace: 6298K(6464K)->6298K(6464K) NonClass: 5765K(5824K)->5765K(5824K) Class: 533K(640K)->533K(640K)
[3.992s][info][gc             ] GC(86) Pause Young (Allocation Failure) 615M->616M(750M) 44.483ms
[3.992s][info][gc,cpu         ] GC(86) User=0.19s Sys=0.06s Real=0.04s
[4.006s][info][gc,start       ] GC(87) Pause Young (Allocation Failure)
[4.024s][info][gc,heap        ] GC(87) PSYoungGen: 23680K(86528K)->11936K(84992K) Eden: 11776K(11776K)->0K(13312K) From: 11904K(74752K)->11936K(71680K)
[4.024s][info][gc,heap        ] GC(87) ParOldGen: 618930K(681984K)->630882K(681984K)
[4.024s][info][gc,metaspace   ] GC(87) Metaspace: 6298K(6464K)->6298K(6464K) NonClass: 5765K(5824K)->5765K(5824K) Class: 533K(640K)->533K(640K)
[4.024s][info][gc             ] GC(87) Pause Young (Allocation Failure) 627M->627M(749M) 18.925ms
[4.025s][info][gc,cpu         ] GC(87) User=0.11s Sys=0.00s Real=0.02s
[4.040s][info][gc,start       ] GC(88) Pause Young (Allocation Failure)
[4.058s][info][gc,heap        ] GC(88) PSYoungGen: 25248K(84992K)->13408K(27136K) Eden: 13312K(13312K)->0K(13312K) From: 11936K(71680K)->13408K(13824K)
[4.058s][info][gc,heap        ] GC(88) ParOldGen: 630882K(681984K)->642850K(681984K)
[4.058s][info][gc,metaspace   ] GC(88) Metaspace: 6298K(6464K)->6298K(6464K) NonClass: 5765K(5824K)->5765K(5824K) Class: 533K(640K)->533K(640K)
[4.058s][info][gc             ] GC(88) Pause Young (Allocation Failure) 640M->640M(692M) 18.362ms
[4.058s][info][gc,cpu         ] GC(88) User=0.05s Sys=0.00s Real=0.02s
[4.073s][info][gc,start       ] GC(89) Pause Young (Allocation Failure)
[4.093s][info][gc,heap        ] GC(89) PSYoungGen: 26720K(27136K)->13440K(81408K) Eden: 13312K(13312K)->0K(15360K) From: 13408K(13824K)->13440K(66048K)
[4.093s][info][gc,heap        ] GC(89) ParOldGen: 642850K(681984K)->656362K(681984K)
[4.093s][info][gc,metaspace   ] GC(89) Metaspace: 6298K(6464K)->6298K(6464K) NonClass: 5765K(5824K)->5765K(5824K) Class: 533K(640K)->533K(640K)
[4.093s][info][gc             ] GC(89) Pause Young (Allocation Failure) 653M->654M(745M) 20.116ms
[4.093s][info][gc,cpu         ] GC(89) User=0.05s Sys=0.08s Real=0.02s
[4.093s][info][gc,start       ] GC(90) Pause Full (Ergonomics)
[4.093s][info][gc,phases,start] GC(90) Marking Phase
[4.237s][info][gc,phases      ] GC(90) Marking Phase 143.909ms
[4.237s][info][gc,phases,start] GC(90) Summary Phase
[4.237s][info][gc,phases      ] GC(90) Summary Phase 0.026ms
[4.237s][info][gc,phases,start] GC(90) Adjust Roots
[4.238s][info][gc,phases      ] GC(90) Adjust Roots 0.157ms
[4.238s][info][gc,phases,start] GC(90) Compaction Phase
[4.291s][info][gc,phases      ] GC(90) Compaction Phase 53.745ms
[4.291s][info][gc,phases,start] GC(90) Post Compact
[4.292s][info][gc,phases      ] GC(90) Post Compact 1.027ms
[4.293s][info][gc,heap        ] GC(90) PSYoungGen: 13440K(81408K)->0K(83456K) Eden: 0K(15360K)->0K(15360K) From: 13440K(66048K)->0K(68096K)
[4.293s][info][gc,heap        ] GC(90) ParOldGen: 656362K(681984K)->668697K(748032K)
[4.293s][info][gc,metaspace   ] GC(90) Metaspace: 6298K(6464K)->6298K(6464K) NonClass: 5765K(5824K)->5765K(5824K) Class: 533K(640K)->533K(640K)
[4.293s][info][gc             ] GC(90) Pause Full (Ergonomics) 654M->653M(812M) 199.695ms
[4.293s][info][gc,cpu         ] GC(90) User=1.38s Sys=0.02s Real=0.20s
[4.311s][info][gc,start       ] GC(91) Pause Young (Allocation Failure)
[4.321s][info][gc,heap        ] GC(91) PSYoungGen: 15360K(83456K)->15488K(79360K) Eden: 15360K(15360K)->0K(16896K) From: 0K(68096K)->15488K(62464K)
[4.321s][info][gc,heap        ] GC(91) ParOldGen: 668697K(748032K)->668697K(748032K)
[4.321s][info][gc,metaspace   ] GC(91) Metaspace: 6298K(6464K)->6298K(6464K) NonClass: 5765K(5824K)->5765K(5824K) Class: 533K(640K)->533K(640K)
[4.321s][info][gc             ] GC(91) Pause Young (Allocation Failure) 668M->668M(808M) 10.538ms
[4.321s][info][gc,cpu         ] GC(91) User=0.00s Sys=0.00s Real=0.01s
[4.342s][info][gc,start       ] GC(92) Pause Young (Allocation Failure)
[4.360s][info][gc,heap        ] GC(92) PSYoungGen: 32384K(79360K)->32448K(82432K) Eden: 16896K(16896K)->0K(16896K) From: 15488K(62464K)->32448K(65536K)
[4.360s][info][gc,heap        ] GC(92) ParOldGen: 668697K(748032K)->668697K(748032K)
[4.360s][info][gc,metaspace   ] GC(92) Metaspace: 6298K(6464K)->6298K(6464K) NonClass: 5765K(5824K)->5765K(5824K) Class: 533K(640K)->533K(640K)
[4.360s][info][gc             ] GC(92) Pause Young (Allocation Failure) 684M->684M(811M) 17.656ms
[4.360s][info][gc,cpu         ] GC(92) User=0.03s Sys=0.00s Real=0.02s
[4.506s][info][gc,start       ] GC(93) Pause Young (Allocation Failure)
[4.543s][info][gc,heap        ] GC(93) PSYoungGen: 49344K(82432K)->49312K(78336K) Eden: 16896K(16896K)->0K(13824K) From: 32448K(65536K)->49312K(64512K)
[4.543s][info][gc,heap        ] GC(93) ParOldGen: 701465K(748032K)->701465K(748032K)
[4.543s][info][gc,metaspace   ] GC(93) Metaspace: 6298K(6464K)->6298K(6464K) NonClass: 5765K(5824K)->5765K(5824K) Class: 533K(640K)->533K(640K)
[4.543s][info][gc             ] GC(93) Pause Young (Allocation Failure) 733M->733M(807M) 36.810ms
[4.543s][info][gc,cpu         ] GC(93) User=0.27s Sys=0.00s Real=0.04s
[4.558s][info][gc,start       ] GC(94) Pause Young (Allocation Failure)
[4.587s][info][gc,heap        ] GC(94) PSYoungGen: 63136K(78336K)->63104K(83456K) Eden: 13824K(13824K)->0K(13824K) From: 49312K(64512K)->63104K(69632K)
[4.587s][info][gc,heap        ] GC(94) ParOldGen: 701465K(748032K)->701465K(748032K)
[4.587s][info][gc,metaspace   ] GC(94) Metaspace: 6298K(6464K)->6298K(6464K) NonClass: 5765K(5824K)->5765K(5824K) Class: 533K(640K)->533K(640K)
[4.587s][info][gc             ] GC(94) Pause Young (Allocation Failure) 746M->746M(812M) 28.841ms
[4.587s][info][gc,cpu         ] GC(94) User=0.05s Sys=0.00s Real=0.03s
[4.601s][info][gc,start       ] GC(95) Pause Young (Allocation Failure)
[4.643s][info][gc,heap        ] GC(95) PSYoungGen: 76928K(83456K)->76960K(81920K) Eden: 13824K(13824K)->0K(3072K) From: 63104K(69632K)->76960K(78848K)
[4.643s][info][gc,heap        ] GC(95) ParOldGen: 701465K(748032K)->701465K(748032K)
[4.643s][info][gc,metaspace   ] GC(95) Metaspace: 6298K(6464K)->6298K(6464K) NonClass: 5765K(5824K)->5765K(5824K) Class: 533K(640K)->533K(640K)
[4.643s][info][gc             ] GC(95) Pause Young (Allocation Failure) 760M->760M(810M) 42.630ms
[4.643s][info][gc,cpu         ] GC(95) User=0.16s Sys=0.19s Real=0.04s
[4.646s][info][gc,start       ] GC(96) Pause Young (Allocation Failure)
[4.685s][info][gc,heap        ] GC(96) PSYoungGen: 80032K(81920K)->64640K(94208K) Eden: 3072K(3072K)->0K(3072K) From: 76960K(78848K)->64640K(91136K)
[4.685s][info][gc,heap        ] GC(96) ParOldGen: 701465K(748032K)->717065K(748032K)
[4.685s][info][gc,metaspace   ] GC(96) Metaspace: 6298K(6464K)->6298K(6464K) NonClass: 5765K(5824K)->5765K(5824K) Class: 533K(640K)->533K(640K)
[4.685s][info][gc             ] GC(96) Pause Young (Allocation Failure) 763M->763M(822M) 38.532ms
[4.685s][info][gc,cpu         ] GC(96) User=0.23s Sys=0.02s Real=0.04s
[4.688s][info][gc,start       ] GC(97) Pause Young (Allocation Failure)
[4.729s][info][gc,heap        ] GC(97) PSYoungGen: 67712K(94208K)->33824K(90112K) Eden: 3072K(3072K)->0K(4096K) From: 64640K(91136K)->33824K(86016K)
[4.729s][info][gc,heap        ] GC(97) ParOldGen: 717065K(748032K)->751345K(751616K)
[4.729s][info][gc,metaspace   ] GC(97) Metaspace: 6298K(6464K)->6298K(6464K) NonClass: 5765K(5824K)->5765K(5824K) Class: 533K(640K)->533K(640K)
[4.729s][info][gc             ] GC(97) Pause Young (Allocation Failure) 766M->766M(822M) 41.331ms
[4.729s][info][gc,cpu         ] GC(97) User=0.17s Sys=0.08s Real=0.04s
[4.730s][info][gc,start       ] GC(98) Pause Full (Ergonomics)
[4.730s][info][gc,phases,start] GC(98) Marking Phase
[4.885s][info][gc,phases      ] GC(98) Marking Phase 155.758ms
[4.885s][info][gc,phases,start] GC(98) Summary Phase
[4.885s][info][gc,phases      ] GC(98) Summary Phase 0.022ms
[4.885s][info][gc,phases,start] GC(98) Adjust Roots
[4.886s][info][gc,phases      ] GC(98) Adjust Roots 0.154ms
[4.886s][info][gc,phases,start] GC(98) Compaction Phase
[5.010s][info][gc,phases      ] GC(98) Compaction Phase 124.400ms
[5.010s][info][gc,phases,start] GC(98) Post Compact
[5.012s][info][gc,phases      ] GC(98) Post Compact 1.982ms
[5.013s][info][gc,heap        ] GC(98) PSYoungGen: 33824K(90112K)->16289K(91136K) Eden: 0K(4096K)->0K(5120K) From: 33824K(86016K)->16289K(86016K)
[5.013s][info][gc,heap        ] GC(98) ParOldGen: 751345K(751616K)->751507K(840192K)
[5.013s][info][gc,metaspace   ] GC(98) Metaspace: 6298K(6464K)->6298K(6464K) NonClass: 5765K(5824K)->5765K(5824K) Class: 533K(640K)->533K(640K)
[5.013s][info][gc             ] GC(98) Pause Full (Ergonomics) 766M->749M(909M) 283.272ms
[5.013s][info][gc,cpu         ] GC(98) User=1.72s Sys=0.03s Real=0.28s
[5.020s][info][gc,start       ] GC(99) Pause Young (Allocation Failure)
[5.069s][info][gc,heap        ] GC(99) PSYoungGen: 21409K(91136K)->7648K(96256K) Eden: 5120K(5120K)->0K(5120K) From: 16289K(86016K)->7648K(91136K)
[5.069s][info][gc,heap        ] GC(99) ParOldGen: 751507K(840192K)->765651K(840192K)
[5.069s][info][gc,metaspace   ] GC(99) Metaspace: 6298K(6464K)->6298K(6464K) NonClass: 5765K(5824K)->5765K(5824K) Class: 533K(640K)->533K(640K)
[5.069s][info][gc             ] GC(99) Pause Young (Allocation Failure) 754M->755M(914M) 49.093ms
[5.069s][info][gc,cpu         ] GC(99) User=0.20s Sys=0.06s Real=0.05s
[5.075s][info][gc,start       ] GC(100) Pause Young (Allocation Failure)
[5.086s][info][gc,heap        ] GC(100) PSYoungGen: 12768K(96256K)->10368K(94208K) Eden: 5120K(5120K)->0K(6144K) From: 7648K(91136K)->10368K(88064K)
[5.086s][info][gc,heap        ] GC(100) ParOldGen: 765651K(840192K)->768123K(840192K)
[5.086s][info][gc,metaspace   ] GC(100) Metaspace: 6298K(6464K)->6298K(6464K) NonClass: 5765K(5824K)->5765K(5824K) Class: 533K(640K)->533K(640K)
[5.086s][info][gc             ] GC(100) Pause Young (Allocation Failure) 760M->760M(912M) 11.581ms
[5.086s][info][gc,cpu         ] GC(100) User=0.00s Sys=0.00s Real=0.01s
[5.092s][info][gc,start       ] GC(101) Pause Young (Allocation Failure)
[5.108s][info][gc,heap        ] GC(101) PSYoungGen: 16512K(94208K)->6272K(95744K) Eden: 6144K(6144K)->0K(6144K) From: 10368K(88064K)->6272K(89600K)
[5.108s][info][gc,heap        ] GC(101) ParOldGen: 768123K(840192K)->778507K(840192K)
[5.108s][info][gc,metaspace   ] GC(101) Metaspace: 6298K(6464K)->6298K(6464K) NonClass: 5765K(5824K)->5765K(5824K) Class: 533K(640K)->533K(640K)
[5.108s][info][gc             ] GC(101) Pause Young (Allocation Failure) 766M->766M(914M) 15.531ms
[5.108s][info][gc,cpu         ] GC(101) User=0.00s Sys=0.02s Real=0.02s
[5.114s][info][gc,start       ] GC(102) Pause Young (Allocation Failure)
[5.126s][info][gc,heap        ] GC(102) PSYoungGen: 12416K(95744K)->6240K(91648K) Eden: 6144K(6144K)->0K(7168K) From: 6272K(89600K)->6240K(84480K)
[5.127s][info][gc,heap        ] GC(102) ParOldGen: 778507K(840192K)->784763K(840192K)
[5.127s][info][gc,metaspace   ] GC(102) Metaspace: 6298K(6464K)->6298K(6464K) NonClass: 5765K(5824K)->5765K(5824K) Class: 533K(640K)->533K(640K)
[5.127s][info][gc             ] GC(102) Pause Young (Allocation Failure) 772M->772M(910M) 12.302ms
[5.127s][info][gc,cpu         ] GC(102) User=0.00s Sys=0.00s Real=0.01s
[5.134s][info][gc,start       ] GC(103) Pause Young (Allocation Failure)
[5.146s][info][gc,heap        ] GC(103) PSYoungGen: 13408K(91648K)->7296K(14848K) Eden: 7168K(7168K)->0K(7168K) From: 6240K(84480K)->7296K(7680K)
[5.146s][info][gc,heap        ] GC(103) ParOldGen: 784763K(840192K)->790995K(840192K)
[5.146s][info][gc,metaspace   ] GC(103) Metaspace: 6298K(6464K)->6298K(6464K) NonClass: 5765K(5824K)->5765K(5824K) Class: 533K(640K)->533K(640K)
[5.146s][info][gc             ] GC(103) Pause Young (Allocation Failure) 779M->779M(835M) 12.975ms
[5.147s][info][gc,cpu         ] GC(103) User=0.02s Sys=0.00s Real=0.01s
[5.153s][info][gc,start       ] GC(104) Pause Young (Allocation Failure)
[5.168s][info][gc,heap        ] GC(104) PSYoungGen: 14464K(14848K)->7328K(87040K) Eden: 7168K(7168K)->0K(8192K) From: 7296K(7680K)->7328K(78848K)
[5.168s][info][gc,heap        ] GC(104) ParOldGen: 790995K(840192K)->798291K(840192K)
[5.168s][info][gc,metaspace   ] GC(104) Metaspace: 6298K(6464K)->6298K(6464K) NonClass: 5765K(5824K)->5765K(5824K) Class: 533K(640K)->533K(640K)
[5.168s][info][gc             ] GC(104) Pause Young (Allocation Failure) 786M->786M(905M) 14.638ms
[5.168s][info][gc,cpu         ] GC(104) User=0.00s Sys=0.02s Real=0.01s
[5.176s][info][gc,start       ] GC(105) Pause Young (Allocation Failure)
[5.192s][info][gc,heap        ] GC(105) PSYoungGen: 15520K(87040K)->8352K(16896K) Eden: 8192K(8192K)->0K(8192K) From: 7328K(78848K)->8352K(8704K)
[5.192s][info][gc,heap        ] GC(105) ParOldGen: 798291K(840192K)->805579K(840192K)
[5.192s][info][gc,metaspace   ] GC(105) Metaspace: 6298K(6464K)->6298K(6464K) NonClass: 5765K(5824K)->5765K(5824K) Class: 533K(640K)->533K(640K)
[5.192s][info][gc             ] GC(105) Pause Young (Allocation Failure) 794M->794M(837M) 15.681ms
[5.192s][info][gc,cpu         ] GC(105) User=0.02s Sys=0.00s Real=0.02s
[5.200s][info][gc,start       ] GC(106) Pause Young (Allocation Failure)
[5.214s][info][gc,heap        ] GC(106) PSYoungGen: 16544K(16896K)->8320K(80896K) Eden: 8192K(8192K)->0K(9728K) From: 8352K(8704K)->8320K(71168K)
[5.214s][info][gc,heap        ] GC(106) ParOldGen: 805579K(840192K)->813907K(840192K)
[5.214s][info][gc,metaspace   ] GC(106) Metaspace: 6298K(6464K)->6298K(6464K) NonClass: 5765K(5824K)->5765K(5824K) Class: 533K(640K)->533K(640K)
[5.214s][info][gc             ] GC(106) Pause Young (Allocation Failure) 802M->802M(899M) 14.312ms
[5.214s][info][gc,cpu         ] GC(106) User=0.00s Sys=0.02s Real=0.01s
[5.223s][info][gc,start       ] GC(107) Pause Young (Allocation Failure)
[5.238s][info][gc,heap        ] GC(107) PSYoungGen: 18048K(80896K)->9856K(19968K) Eden: 9728K(9728K)->0K(9728K) From: 8320K(71168K)->9856K(10240K)
[5.238s][info][gc,heap        ] GC(107) ParOldGen: 813907K(840192K)->822219K(840192K)
[5.238s][info][gc,metaspace   ] GC(107) Metaspace: 6298K(6464K)->6298K(6464K) NonClass: 5765K(5824K)->5765K(5824K) Class: 533K(640K)->533K(640K)
[5.238s][info][gc             ] GC(107) Pause Young (Allocation Failure) 812M->812M(840M) 14.583ms
[5.238s][info][gc,cpu         ] GC(107) User=0.02s Sys=0.00s Real=0.02s
[5.238s][info][gc,start       ] GC(108) Pause Full (Ergonomics)
[5.238s][info][gc,phases,start] GC(108) Marking Phase
[5.421s][info][gc,phases      ] GC(108) Marking Phase 183.067ms
[5.421s][info][gc,phases,start] GC(108) Summary Phase
[5.421s][info][gc,phases      ] GC(108) Summary Phase 0.028ms
[5.421s][info][gc,phases,start] GC(108) Adjust Roots
[5.421s][info][gc,phases      ] GC(108) Adjust Roots 0.157ms
[5.421s][info][gc,phases,start] GC(108) Compaction Phase
[5.500s][info][gc,phases      ] GC(108) Compaction Phase 78.208ms
[5.500s][info][gc,phases,start] GC(108) Post Compact
[5.501s][info][gc,phases      ] GC(108) Post Compact 1.501ms
[5.502s][info][gc,heap        ] GC(108) PSYoungGen: 9856K(19968K)->0K(82432K) Eden: 0K(9728K)->0K(11264K) From: 9856K(10240K)->0K(71168K)
[5.502s][info][gc,heap        ] GC(108) ParOldGen: 822219K(840192K)->830482K(913408K)
[5.502s][info][gc,metaspace   ] GC(108) Metaspace: 6298K(6464K)->6298K(6464K) NonClass: 5765K(5824K)->5765K(5824K) Class: 533K(640K)->533K(640K)
[5.502s][info][gc             ] GC(108) Pause Full (Ergonomics) 812M->811M(972M) 264.204ms
[5.502s][info][gc,cpu         ] GC(108) User=1.77s Sys=0.02s Real=0.26s
[5.514s][info][gc,start       ] GC(109) Pause Young (Allocation Failure)
[5.528s][info][gc,heap        ] GC(109) PSYoungGen: 11264K(82432K)->11392K(23040K) Eden: 11264K(11264K)->0K(11264K) From: 0K(71168K)->11392K(11776K)
[5.528s][info][gc,heap        ] GC(109) ParOldGen: 830482K(913408K)->830482K(913408K)
[5.528s][info][gc,metaspace   ] GC(109) Metaspace: 6298K(6464K)->6298K(6464K) NonClass: 5765K(5824K)->5765K(5824K) Class: 533K(640K)->533K(640K)
[5.528s][info][gc             ] GC(109) Pause Young (Allocation Failure) 822M->822M(914M) 13.253ms
[5.528s][info][gc,cpu         ] GC(109) User=0.02s Sys=0.00s Real=0.01s
[5.540s][info][gc,start       ] GC(110) Pause Young (Allocation Failure)
[5.557s][info][gc,heap        ] GC(110) PSYoungGen: 22656K(23040K)->11360K(73216K) Eden: 11264K(11264K)->0K(12800K) From: 11392K(11776K)->11360K(60416K)
[5.557s][info][gc,heap        ] GC(110) ParOldGen: 830482K(913408K)->841922K(913408K)
[5.557s][info][gc,metaspace   ] GC(110) Metaspace: 6298K(6464K)->6298K(6464K) NonClass: 5765K(5824K)->5765K(5824K) Class: 533K(640K)->533K(640K)
[5.557s][info][gc             ] GC(110) Pause Young (Allocation Failure) 833M->833M(963M) 16.502ms
[5.557s][info][gc,cpu         ] GC(110) User=0.03s Sys=0.00s Real=0.02s
[5.570s][info][gc,start       ] GC(111) Pause Young (Allocation Failure)
[5.586s][info][gc,heap        ] GC(111) PSYoungGen: 24160K(73216K)->12928K(26112K) Eden: 12800K(12800K)->0K(12800K) From: 11360K(60416K)->12928K(13312K)
[5.586s][info][gc,heap        ] GC(111) ParOldGen: 841922K(913408K)->853354K(913408K)
[5.586s][info][gc,metaspace   ] GC(111) Metaspace: 6298K(6464K)->6298K(6464K) NonClass: 5765K(5824K)->5765K(5824K) Class: 533K(640K)->533K(640K)
[5.586s][info][gc             ] GC(111) Pause Young (Allocation Failure) 845M->845M(917M) 16.142ms
[5.586s][info][gc,cpu         ] GC(111) User=0.02s Sys=0.00s Real=0.02s
[5.600s][info][gc,start       ] GC(112) Pause Young (Allocation Failure)
[5.618s][info][gc,heap        ] GC(112) PSYoungGen: 25728K(26112K)->12960K(67584K) Eden: 12800K(12800K)->0K(14336K) From: 12928K(13312K)->12960K(53248K)
[5.618s][info][gc,heap        ] GC(112) ParOldGen: 853354K(913408K)->866370K(913408K)
[5.618s][info][gc,metaspace   ] GC(112) Metaspace: 6298K(6464K)->6298K(6464K) NonClass: 5765K(5824K)->5765K(5824K) Class: 533K(640K)->533K(640K)
[5.618s][info][gc             ] GC(112) Pause Young (Allocation Failure) 858M->858M(958M) 17.807ms
[5.618s][info][gc,cpu         ] GC(112) User=0.02s Sys=0.03s Real=0.02s
[5.633s][info][gc,start       ] GC(113) Pause Young (Allocation Failure)
[5.651s][info][gc,heap        ] GC(113) PSYoungGen: 27296K(67584K)->14432K(29184K) Eden: 14336K(14336K)->0K(14336K) From: 12960K(53248K)->14432K(14848K)
[5.651s][info][gc,heap        ] GC(113) ParOldGen: 866370K(913408K)->879362K(913408K)
[5.651s][info][gc,metaspace   ] GC(113) Metaspace: 6298K(6464K)->6298K(6464K) NonClass: 5765K(5824K)->5765K(5824K) Class: 533K(640K)->533K(640K)
[5.651s][info][gc             ] GC(113) Pause Young (Allocation Failure) 872M->872M(920M) 18.157ms
[5.651s][info][gc,cpu         ] GC(113) User=0.03s Sys=0.03s Real=0.02s
[5.666s][info][gc,start       ] GC(114) Pause Young (Allocation Failure)
[5.686s][info][gc,heap        ] GC(114) PSYoungGen: 28768K(29184K)->14464K(63488K) Eden: 14336K(14336K)->0K(16384K) From: 14432K(14848K)->14464K(47104K)
[5.686s][info][gc,heap        ] GC(114) ParOldGen: 879362K(913408K)->893930K(913408K)
[5.686s][info][gc,metaspace   ] GC(114) Metaspace: 6298K(6464K)->6298K(6464K) NonClass: 5765K(5824K)->5765K(5824K) Class: 533K(640K)->533K(640K)
[5.686s][info][gc             ] GC(114) Pause Young (Allocation Failure) 886M->887M(954M) 20.273ms
[5.686s][info][gc,cpu         ] GC(114) User=0.17s Sys=0.08s Real=0.02s
[5.686s][info][gc,start       ] GC(115) Pause Full (Ergonomics)
[5.686s][info][gc,phases,start] GC(115) Marking Phase
[5.876s][info][gc,phases      ] GC(115) Marking Phase 189.389ms
[5.876s][info][gc,phases,start] GC(115) Summary Phase
[5.876s][info][gc,phases      ] GC(115) Summary Phase 0.044ms
[5.876s][info][gc,phases,start] GC(115) Adjust Roots
[5.876s][info][gc,phases      ] GC(115) Adjust Roots 0.197ms
[5.876s][info][gc,phases,start] GC(115) Compaction Phase
[5.959s][info][gc,phases      ] GC(115) Compaction Phase 83.077ms
[5.959s][info][gc,phases,start] GC(115) Post Compact
[5.961s][info][gc,phases      ] GC(115) Post Compact 1.641ms
[5.962s][info][gc,heap        ] GC(115) PSYoungGen: 14464K(63488K)->0K(66560K) Eden: 0K(16384K)->0K(16384K) From: 14464K(47104K)->0K(50176K)
[5.962s][info][gc,heap        ] GC(115) ParOldGen: 893930K(913408K)->907093K(996864K)
[5.962s][info][gc,metaspace   ] GC(115) Metaspace: 6298K(6464K)->6298K(6464K) NonClass: 5765K(5824K)->5765K(5824K) Class: 533K(640K)->533K(640K)
[5.962s][info][gc             ] GC(115) Pause Full (Ergonomics) 887M->885M(1038M) 275.550ms
[5.962s][info][gc,cpu         ] GC(115) User=1.83s Sys=0.03s Real=0.28s
[5.980s][info][gc,start       ] GC(116) Pause Young (Allocation Failure)
[5.994s][info][gc,heap        ] GC(116) PSYoungGen: 16384K(66560K)->16512K(62464K) Eden: 16384K(16384K)->0K(18432K) From: 0K(50176K)->16512K(44032K)
[5.994s][info][gc,heap        ] GC(116) ParOldGen: 907093K(996864K)->907093K(996864K)
[5.994s][info][gc,metaspace   ] GC(116) Metaspace: 6298K(6464K)->6298K(6464K) NonClass: 5765K(5824K)->5765K(5824K) Class: 533K(640K)->533K(640K)
[5.994s][info][gc             ] GC(116) Pause Young (Allocation Failure) 901M->901M(1034M) 14.432ms
[5.994s][info][gc,cpu         ] GC(116) User=0.00s Sys=0.00s Real=0.02s
[6.014s][info][gc,start       ] GC(117) Pause Young (Allocation Failure)
[6.036s][info][gc,heap        ] GC(117) PSYoungGen: 34944K(62464K)->34944K(65536K) Eden: 18432K(18432K)->0K(18432K) From: 16512K(44032K)->34944K(47104K)
[6.036s][info][gc,heap        ] GC(117) ParOldGen: 907093K(996864K)->907093K(996864K)
[6.036s][info][gc,metaspace   ] GC(117) Metaspace: 6298K(6464K)->6298K(6464K) NonClass: 5765K(5824K)->5765K(5824K) Class: 533K(640K)->533K(640K)
[6.036s][info][gc             ] GC(117) Pause Young (Allocation Failure) 919M->919M(1037M) 22.151ms
[6.036s][info][gc,cpu         ] GC(117) User=0.05s Sys=0.00s Real=0.02s
[6.057s][info][gc,start       ] GC(118) Pause Young (Allocation Failure)
[6.086s][info][gc,heap        ] GC(118) PSYoungGen: 53376K(65536K)->50688K(61440K) Eden: 18432K(18432K)->0K(10752K) From: 34944K(47104K)->50688K(50688K)
[6.086s][info][gc,heap        ] GC(118) ParOldGen: 907093K(996864K)->909741K(996864K)
[6.086s][info][gc,metaspace   ] GC(118) Metaspace: 6298K(6464K)->6298K(6464K) NonClass: 5765K(5824K)->5765K(5824K) Class: 533K(640K)->533K(640K)
[6.086s][info][gc             ] GC(118) Pause Young (Allocation Failure) 937M->937M(1033M) 29.370ms
[6.086s][info][gc,cpu         ] GC(118) User=0.25s Sys=0.00s Real=0.03s
[6.098s][info][gc,start       ] GC(119) Pause Young (Allocation Failure)
[6.137s][info][gc,heap        ] GC(119) PSYoungGen: 61440K(61440K)->28896K(71168K) Eden: 10752K(10752K)->0K(10752K) From: 50688K(50688K)->28896K(60416K)
[6.137s][info][gc,heap        ] GC(119) ParOldGen: 909741K(996864K)->942877K(996864K)
[6.137s][info][gc,metaspace   ] GC(119) Metaspace: 6298K(6464K)->6298K(6464K) NonClass: 5765K(5824K)->5765K(5824K) Class: 533K(640K)->533K(640K)
[6.137s][info][gc             ] GC(119) Pause Young (Allocation Failure) 948M->948M(1043M) 39.609ms
[6.137s][info][gc,cpu         ] GC(119) User=0.09s Sys=0.17s Real=0.04s
[6.149s][info][gc,start       ] GC(120) Pause Young (Allocation Failure)
[6.174s][info][gc,heap        ] GC(120) PSYoungGen: 39648K(71168K)->21600K(65024K) Eden: 10752K(10752K)->0K(12288K) From: 28896K(60416K)->21600K(52736K)
[6.174s][info][gc,heap        ] GC(120) ParOldGen: 942877K(996864K)->961213K(996864K)
[6.174s][info][gc,metaspace   ] GC(120) Metaspace: 6298K(6464K)->6298K(6464K) NonClass: 5765K(5824K)->5765K(5824K) Class: 533K(640K)->533K(640K)
[6.174s][info][gc             ] GC(120) Pause Young (Allocation Failure) 959M->959M(1037M) 25.306ms
[6.174s][info][gc,cpu         ] GC(120) User=0.06s Sys=0.08s Real=0.02s
[6.187s][info][gc,start       ] GC(121) Pause Young (Allocation Failure)
[6.213s][info][gc,heap        ] GC(121) PSYoungGen: 33888K(65024K)->12384K(68096K) Eden: 12288K(12288K)->0K(12288K) From: 21600K(52736K)->12384K(55808K)
[6.213s][info][gc,heap        ] GC(121) ParOldGen: 961213K(996864K)->983021K(996864K)
[6.213s][info][gc,metaspace   ] GC(121) Metaspace: 6298K(6464K)->6298K(6464K) NonClass: 5765K(5824K)->5765K(5824K) Class: 533K(640K)->533K(640K)
[6.213s][info][gc             ] GC(121) Pause Young (Allocation Failure) 971M->972M(1040M) 25.957ms
[6.213s][info][gc,cpu         ] GC(121) User=0.14s Sys=0.00s Real=0.03s
[6.213s][info][gc,start       ] GC(122) Pause Full (Ergonomics)
[6.213s][info][gc,phases,start] GC(122) Marking Phase
[6.428s][info][gc,phases      ] GC(122) Marking Phase 214.737ms
[6.428s][info][gc,phases,start] GC(122) Summary Phase
[6.428s][info][gc,phases      ] GC(122) Summary Phase 0.029ms
[6.428s][info][gc,phases,start] GC(122) Adjust Roots
[6.428s][info][gc,phases      ] GC(122) Adjust Roots 0.152ms
[6.428s][info][gc,phases,start] GC(122) Compaction Phase
[6.512s][info][gc,phases      ] GC(122) Compaction Phase 83.328ms
[6.512s][info][gc,phases,start] GC(122) Post Compact
[6.513s][info][gc,phases      ] GC(122) Post Compact 1.570ms
[6.514s][info][gc,heap        ] GC(122) PSYoungGen: 12384K(68096K)->0K(68608K) Eden: 0K(12288K)->0K(14336K) From: 12384K(55808K)->0K(54272K)
[6.514s][info][gc,heap        ] GC(122) ParOldGen: 983021K(996864K)->993947K(1100800K)
[6.514s][info][gc,metaspace   ] GC(122) Metaspace: 6298K(6464K)->6298K(6464K) NonClass: 5765K(5824K)->5765K(5824K) Class: 533K(640K)->533K(640K)
[6.514s][info][gc             ] GC(122) Pause Full (Ergonomics) 972M->970M(1142M) 301.055ms
[6.514s][info][gc,cpu         ] GC(122) User=2.09s Sys=0.02s Real=0.30s
[6.531s][info][gc,start       ] GC(123) Pause Young (Allocation Failure)
[6.544s][info][gc,heap        ] GC(123) PSYoungGen: 14336K(68608K)->14464K(29184K) Eden: 14336K(14336K)->0K(14336K) From: 0K(54272K)->14464K(14848K)
[6.544s][info][gc,heap        ] GC(123) ParOldGen: 993947K(1100800K)->993947K(1100800K)
[6.544s][info][gc,metaspace   ] GC(123) Metaspace: 6298K(6464K)->6298K(6464K) NonClass: 5765K(5824K)->5765K(5824K) Class: 533K(640K)->533K(640K)
[6.544s][info][gc             ] GC(123) Pause Young (Allocation Failure) 984M->984M(1103M) 13.480ms
[6.544s][info][gc,cpu         ] GC(123) User=0.02s Sys=0.00s Real=0.01s
[6.560s][info][gc,start       ] GC(124) Pause Young (Allocation Failure)
[6.578s][info][gc,heap        ] GC(124) PSYoungGen: 28800K(29184K)->28800K(67072K) Eden: 14336K(14336K)->0K(15872K) From: 14464K(14848K)->28800K(51200K)
[6.578s][info][gc,heap        ] GC(124) ParOldGen: 993947K(1100800K)->993947K(1100800K)
[6.578s][info][gc,metaspace   ] GC(124) Metaspace: 6298K(6464K)->6298K(6464K) NonClass: 5765K(5824K)->5765K(5824K) Class: 533K(640K)->533K(640K)
[6.578s][info][gc             ] GC(124) Pause Young (Allocation Failure) 998M->998M(1140M) 18.095ms
[6.578s][info][gc,cpu         ] GC(124) User=0.03s Sys=0.00s Real=0.02s
[6.594s][info][gc,start       ] GC(125) Pause Young (Allocation Failure)
[6.622s][info][gc,heap        ] GC(125) PSYoungGen: 44672K(67072K)->30336K(67584K) Eden: 15872K(15872K)->0K(15872K) From: 28800K(51200K)->30336K(51712K)
[6.622s][info][gc,heap        ] GC(125) ParOldGen: 993947K(1100800K)->1008531K(1100800K)
[6.622s][info][gc,metaspace   ] GC(125) Metaspace: 6298K(6464K)->6298K(6464K) NonClass: 5765K(5824K)->5765K(5824K) Class: 533K(640K)->533K(640K)
[6.622s][info][gc             ] GC(125) Pause Young (Allocation Failure) 1014M->1014M(1141M) 27.352ms
[6.622s][info][gc,cpu         ] GC(125) User=0.14s Sys=0.00s Real=0.03s
[6.639s][info][gc,start       ] GC(126) Pause Young (Allocation Failure)
[6.667s][info][gc,heap        ] GC(126) PSYoungGen: 46208K(67584K)->31872K(69632K) Eden: 15872K(15872K)->0K(17408K) From: 30336K(51712K)->31872K(52224K)
[6.667s][info][gc,heap        ] GC(126) ParOldGen: 1008531K(1100800K)->1023091K(1100800K)
[6.667s][info][gc,metaspace   ] GC(126) Metaspace: 6298K(6464K)->6298K(6464K) NonClass: 5765K(5824K)->5765K(5824K) Class: 533K(640K)->533K(640K)
[6.667s][info][gc             ] GC(126) Pause Young (Allocation Failure) 1030M->1030M(1143M) 28.486ms
[6.667s][info][gc,cpu         ] GC(126) User=0.12s Sys=0.00s Real=0.03s
[6.686s][info][gc,start       ] GC(127) Pause Young (Allocation Failure)
[6.716s][info][gc,heap        ] GC(127) PSYoungGen: 49280K(69632K)->33408K(70144K) Eden: 17408K(17408K)->0K(17408K) From: 31872K(52224K)->33408K(52736K)
[6.716s][info][gc,heap        ] GC(127) ParOldGen: 1023091K(1100800K)->1039227K(1100800K)
[6.716s][info][gc,metaspace   ] GC(127) Metaspace: 6298K(6464K)->6298K(6464K) NonClass: 5765K(5824K)->5765K(5824K) Class: 533K(640K)->533K(640K)
[6.716s][info][gc             ] GC(127) Pause Young (Allocation Failure) 1047M->1047M(1143M) 30.696ms
[6.716s][info][gc,cpu         ] GC(127) User=0.08s Sys=0.06s Real=0.03s
[6.735s][info][gc,start       ] GC(128) Pause Young (Allocation Failure)
[6.766s][info][gc,heap        ] GC(128) PSYoungGen: 50816K(70144K)->34976K(71680K) Eden: 17408K(17408K)->0K(18432K) From: 33408K(52736K)->34976K(53248K)
[6.766s][info][gc,heap        ] GC(128) ParOldGen: 1039227K(1100800K)->1055347K(1100800K)
[6.766s][info][gc,metaspace   ] GC(128) Metaspace: 6298K(6464K)->6298K(6464K) NonClass: 5765K(5824K)->5765K(5824K) Class: 533K(640K)->533K(640K)
[6.766s][info][gc             ] GC(128) Pause Young (Allocation Failure) 1064M->1064M(1145M) 30.980ms
[6.766s][info][gc,cpu         ] GC(128) User=0.06s Sys=0.08s Real=0.03s
[6.787s][info][gc,start       ] GC(129) Pause Young (Allocation Failure)
[6.819s][info][gc,heap        ] GC(129) PSYoungGen: 53408K(71680K)->36000K(72704K) Eden: 18432K(18432K)->0K(18432K) From: 34976K(53248K)->36000K(54272K)
[6.819s][info][gc,heap        ] GC(129) ParOldGen: 1055347K(1100800K)->1073019K(1100800K)
[6.819s][info][gc,metaspace   ] GC(129) Metaspace: 6298K(6464K)->6298K(6464K) NonClass: 5765K(5824K)->5765K(5824K) Class: 533K(640K)->533K(640K)
[6.819s][info][gc             ] GC(129) Pause Young (Allocation Failure) 1082M->1083M(1146M) 32.263ms
[6.819s][info][gc,cpu         ] GC(129) User=0.11s Sys=0.03s Real=0.03s
[6.819s][info][gc,start       ] GC(130) Pause Full (Ergonomics)
[6.819s][info][gc,phases,start] GC(130) Marking Phase
[7.055s][info][gc,phases      ] GC(130) Marking Phase 235.625ms
[7.055s][info][gc,phases,start] GC(130) Summary Phase
[7.055s][info][gc,phases      ] GC(130) Summary Phase 0.039ms
[7.055s][info][gc,phases,start] GC(130) Adjust Roots
[7.055s][info][gc,phases      ] GC(130) Adjust Roots 0.169ms
[7.055s][info][gc,phases,start] GC(130) Compaction Phase
[7.158s][info][gc,phases      ] GC(130) Compaction Phase 102.471ms
[7.158s][info][gc,phases,start] GC(130) Post Compact
[7.160s][info][gc,phases      ] GC(130) Post Compact 1.990ms
[7.160s][info][gc,heap        ] GC(130) PSYoungGen: 36000K(72704K)->6654K(72704K) Eden: 0K(18432K)->0K(18432K) From: 36000K(54272K)->6654K(54272K)
[7.160s][info][gc,heap        ] GC(130) ParOldGen: 1073019K(1100800K)->1100739K(1213952K)
[7.160s][info][gc,metaspace   ] GC(130) Metaspace: 6298K(6464K)->6298K(6464K) NonClass: 5765K(5824K)->5765K(5824K) Class: 533K(640K)->533K(640K)
[7.160s][info][gc             ] GC(130) Pause Full (Ergonomics) 1083M->1081M(1256M) 341.141ms
[7.160s][info][gc,cpu         ] GC(130) User=2.45s Sys=0.14s Real=0.34s
[7.180s][info][gc,start       ] GC(131) Pause Young (Allocation Failure)
[7.243s][info][gc,heap        ] GC(131) PSYoungGen: 25086K(72704K)->18592K(72192K) Eden: 18432K(18432K)->0K(20480K) From: 6654K(54272K)->18592K(51712K)
[7.243s][info][gc,heap        ] GC(131) ParOldGen: 1100739K(1213952K)->1107523K(1213952K)
[7.243s][info][gc,metaspace   ] GC(131) Metaspace: 6298K(6464K)->6298K(6464K) NonClass: 5765K(5824K)->5765K(5824K) Class: 533K(640K)->533K(640K)
[7.243s][info][gc             ] GC(131) Pause Young (Allocation Failure) 1099M->1099M(1256M) 63.026ms
[7.243s][info][gc,cpu         ] GC(131) User=0.36s Sys=0.03s Real=0.06s
[7.266s][info][gc,start       ] GC(132) Pause Young (Allocation Failure)
[7.287s][info][gc,heap        ] GC(132) PSYoungGen: 39072K(72192K)->39072K(74240K) Eden: 20480K(20480K)->0K(20480K) From: 18592K(51712K)->39072K(53760K)
[7.287s][info][gc,heap        ] GC(132) ParOldGen: 1107523K(1213952K)->1107523K(1213952K)
[7.287s][info][gc,metaspace   ] GC(132) Metaspace: 6298K(6464K)->6298K(6464K) NonClass: 5765K(5824K)->5765K(5824K) Class: 533K(640K)->533K(640K)
[7.287s][info][gc             ] GC(132) Pause Young (Allocation Failure) 1119M->1119M(1258M) 21.882ms
[7.287s][info][gc,cpu         ] GC(132) User=0.12s Sys=0.00s Real=0.02s
[7.310s][info][gc,start       ] GC(133) Pause Young (Allocation Failure)
[7.347s][info][gc,heap        ] GC(133) PSYoungGen: 59552K(74240K)->41120K(76800K) Eden: 20480K(20480K)->0K(20480K) From: 39072K(53760K)->41120K(56320K)
[7.347s][info][gc,heap        ] GC(133) ParOldGen: 1107523K(1213952K)->1126219K(1213952K)
[7.347s][info][gc,metaspace   ] GC(133) Metaspace: 6298K(6464K)->6298K(6464K) NonClass: 5765K(5824K)->5765K(5824K) Class: 533K(640K)->533K(640K)
[7.347s][info][gc             ] GC(133) Pause Young (Allocation Failure) 1139M->1139M(1260M) 36.927ms
[7.347s][info][gc,cpu         ] GC(133) User=0.23s Sys=0.00s Real=0.04s
[7.372s][info][gc,start       ] GC(134) Pause Young (Allocation Failure)
[7.411s][info][gc,heap        ] GC(134) PSYoungGen: 61600K(76800K)->41120K(78848K) Eden: 20480K(20480K)->0K(20480K) From: 41120K(56320K)->41120K(58368K)
[7.411s][info][gc,heap        ] GC(134) ParOldGen: 1126219K(1213952K)->1146995K(1213952K)
[7.411s][info][gc,metaspace   ] GC(134) Metaspace: 6298K(6464K)->6298K(6464K) NonClass: 5765K(5824K)->5765K(5824K) Class: 533K(640K)->533K(640K)
[7.411s][info][gc             ] GC(134) Pause Young (Allocation Failure) 1159M->1160M(1262M) 38.847ms
[7.411s][info][gc,cpu         ] GC(134) User=0.23s Sys=0.02s Real=0.04s
[7.435s][info][gc,start       ] GC(135) Pause Young (Allocation Failure)
[7.475s][info][gc,heap        ] GC(135) PSYoungGen: 61600K(78848K)->41120K(82432K) Eden: 20480K(20480K)->0K(22016K) From: 41120K(58368K)->41120K(60416K)
[7.475s][info][gc,heap        ] GC(135) ParOldGen: 1146995K(1213952K)->1167771K(1213952K)
[7.475s][info][gc,metaspace   ] GC(135) Metaspace: 6298K(6464K)->6298K(6464K) NonClass: 5765K(5824K)->5765K(5824K) Class: 533K(640K)->533K(640K)
[7.475s][info][gc             ] GC(135) Pause Young (Allocation Failure) 1180M->1180M(1266M) 40.307ms
[7.475s][info][gc,cpu         ] GC(135) User=0.22s Sys=0.03s Real=0.04s
[7.501s][info][gc,start       ] GC(136) Pause Young (Allocation Failure)
[7.541s][info][gc,heap        ] GC(136) PSYoungGen: 63136K(82432K)->42688K(83456K) Eden: 22016K(22016K)->0K(22016K) From: 41120K(60416K)->42688K(61440K)
[7.541s][info][gc,heap        ] GC(136) ParOldGen: 1167771K(1213952K)->1188555K(1213952K)
[7.541s][info][gc,metaspace   ] GC(136) Metaspace: 6298K(6464K)->6298K(6464K) NonClass: 5765K(5824K)->5765K(5824K) Class: 533K(640K)->533K(640K)
[7.541s][info][gc             ] GC(136) Pause Young (Allocation Failure) 1202M->1202M(1267M) 40.201ms
[7.541s][info][gc,cpu         ] GC(136) User=0.19s Sys=0.06s Real=0.04s
[7.541s][info][gc,start       ] GC(137) Pause Full (Ergonomics)
[7.541s][info][gc,phases,start] GC(137) Marking Phase
[7.799s][info][gc,phases      ] GC(137) Marking Phase 258.095ms
[7.799s][info][gc,phases,start] GC(137) Summary Phase
[7.799s][info][gc,phases      ] GC(137) Summary Phase 0.046ms
[7.799s][info][gc,phases,start] GC(137) Adjust Roots
[7.799s][info][gc,phases      ] GC(137) Adjust Roots 0.159ms
[7.799s][info][gc,phases,start] GC(137) Compaction Phase
[7.902s][info][gc,phases      ] GC(137) Compaction Phase 102.277ms
[7.902s][info][gc,phases,start] GC(137) Post Compact
[7.904s][info][gc,phases      ] GC(137) Post Compact 1.918ms
[7.905s][info][gc,heap        ] GC(137) PSYoungGen: 42688K(83456K)->15862K(83456K) Eden: 0K(22016K)->0K(22016K) From: 42688K(61440K)->15862K(61440K)
[7.905s][info][gc,heap        ] GC(137) ParOldGen: 1188555K(1213952K)->1213705K(1339392K)
[7.905s][info][gc,metaspace   ] GC(137) Metaspace: 6298K(6464K)->6298K(6464K) NonClass: 5765K(5824K)->5765K(5824K) Class: 533K(640K)->533K(640K)
[7.905s][info][gc             ] GC(137) Pause Full (Ergonomics) 1202M->1200M(1389M) 363.898ms
[7.905s][info][gc,cpu         ] GC(137) User=2.77s Sys=0.00s Real=0.37s
[7.930s][info][gc,start       ] GC(138) Pause Young (Allocation Failure)
[8.006s][info][gc,heap        ] GC(138) PSYoungGen: 37878K(83456K)->28832K(82432K) Eden: 22016K(22016K)->0K(24576K) From: 15862K(61440K)->28832K(57856K)
[8.006s][info][gc,heap        ] GC(138) ParOldGen: 1213705K(1339392K)->1223105K(1339392K)
[8.006s][info][gc,metaspace   ] GC(138) Metaspace: 6298K(6464K)->6298K(6464K) NonClass: 5765K(5824K)->5765K(5824K) Class: 533K(640K)->533K(640K)
[8.006s][info][gc             ] GC(138) Pause Young (Allocation Failure) 1222M->1222M(1388M) 76.144ms
[8.006s][info][gc,cpu         ] GC(138) User=0.39s Sys=0.02s Real=0.08s
[8.034s][info][gc,start       ] GC(139) Pause Young (Allocation Failure)
[8.065s][info][gc,heap        ] GC(139) PSYoungGen: 53408K(82432K)->46784K(84992K) Eden: 24576K(24576K)->0K(24576K) From: 28832K(57856K)->46784K(60416K)
[8.065s][info][gc,heap        ] GC(139) ParOldGen: 1223105K(1339392K)->1229865K(1339392K)
[8.065s][info][gc,metaspace   ] GC(139) Metaspace: 6298K(6464K)->6298K(6464K) NonClass: 5765K(5824K)->5765K(5824K) Class: 533K(640K)->533K(640K)
[8.065s][info][gc             ] GC(139) Pause Young (Allocation Failure) 1246M->1246M(1391M) 30.650ms
[8.065s][info][gc,cpu         ] GC(139) User=0.14s Sys=0.00s Real=0.03s
[8.096s][info][gc,start       ] GC(140) Pause Young (Allocation Failure)
[8.143s][info][gc,heap        ] GC(140) PSYoungGen: 71360K(84992K)->49312K(87040K) Eden: 24576K(24576K)->0K(24064K) From: 46784K(60416K)->49312K(62976K)
[8.143s][info][gc,heap        ] GC(140) ParOldGen: 1229865K(1339392K)->1252217K(1339392K)
[8.143s][info][gc,metaspace   ] GC(140) Metaspace: 6298K(6464K)->6298K(6464K) NonClass: 5765K(5824K)->5765K(5824K) Class: 533K(640K)->533K(640K)
[8.143s][info][gc             ] GC(140) Pause Young (Allocation Failure) 1270M->1271M(1393M) 46.947ms
[8.143s][info][gc,cpu         ] GC(140) User=0.09s Sys=0.17s Real=0.05s
[8.163s][info][gc,start       ] GC(141) Pause Young (Allocation Failure)
[8.203s][info][gc,heap        ] GC(141) PSYoungGen: 73376K(87040K)->37472K(90112K) Eden: 24064K(24064K)->0K(24064K) From: 49312K(62976K)->37472K(66048K)
[8.203s][info][gc,heap        ] GC(141) ParOldGen: 1252217K(1339392K)->1277169K(1339392K)
[8.203s][info][gc,metaspace   ] GC(141) Metaspace: 6298K(6464K)->6298K(6464K) NonClass: 5765K(5824K)->5765K(5824K) Class: 533K(640K)->533K(640K)
[8.203s][info][gc             ] GC(141) Pause Young (Allocation Failure) 1294M->1283M(1396M) 39.781ms
[8.203s][info][gc,cpu         ] GC(141) User=0.23s Sys=0.03s Real=0.04s
[8.224s][info][gc,start       ] GC(142) Pause Young (Allocation Failure)
[8.260s][info][gc,heap        ] GC(142) PSYoungGen: 61536K(90112K)->28288K(87040K) Eden: 24064K(24064K)->0K(27136K) From: 37472K(66048K)->28288K(59904K)
[8.260s][info][gc,heap        ] GC(142) ParOldGen: 1277169K(1339392K)->1302137K(1339392K)
[8.260s][info][gc,metaspace   ] GC(142) Metaspace: 6298K(6464K)->6298K(6464K) NonClass: 5765K(5824K)->5765K(5824K) Class: 533K(640K)->533K(640K)
[8.260s][info][gc             ] GC(142) Pause Young (Allocation Failure) 1307M->1299M(1393M) 36.261ms
[8.260s][info][gc,cpu         ] GC(142) User=0.12s Sys=0.12s Real=0.04s
[8.294s][info][gc,start       ] GC(143) Pause Young (Allocation Failure)
[8.335s][info][gc,heap        ] GC(143) PSYoungGen: 55424K(87040K)->27328K(89088K) Eden: 27136K(27136K)->0K(27136K) From: 28288K(59904K)->27328K(61952K)
[8.335s][info][gc,heap        ] GC(143) ParOldGen: 1302137K(1339392K)->1330697K(1339392K)
[8.335s][info][gc,metaspace   ] GC(143) Metaspace: 6298K(6464K)->6298K(6464K) NonClass: 5765K(5824K)->5765K(5824K) Class: 533K(640K)->533K(640K)
[8.335s][info][gc             ] GC(143) Pause Young (Allocation Failure) 1325M->1326M(1395M) 40.916ms
[8.335s][info][gc,cpu         ] GC(143) User=0.08s Sys=0.16s Real=0.04s
[8.335s][info][gc,start       ] GC(144) Pause Full (Ergonomics)
[8.335s][info][gc,phases,start] GC(144) Marking Phase
[8.639s][info][gc,phases      ] GC(144) Marking Phase 303.835ms
[8.639s][info][gc,phases,start] GC(144) Summary Phase
[8.639s][info][gc,phases      ] GC(144) Summary Phase 0.027ms
[8.639s][info][gc,phases,start] GC(144) Adjust Roots
[8.639s][info][gc,phases      ] GC(144) Adjust Roots 0.274ms
[8.639s][info][gc,phases,start] GC(144) Compaction Phase
[9.006s][info][gc,phases      ] GC(144) Compaction Phase 366.719ms
[9.006s][info][gc,phases,start] GC(144) Post Compact
[9.009s][info][gc,phases      ] GC(144) Post Compact 2.634ms
[9.010s][info][gc,heap        ] GC(144) PSYoungGen: 27328K(89088K)->16886K(89088K) Eden: 0K(27136K)->0K(27136K) From: 27328K(61952K)->16886K(61952K)
[9.010s][info][gc,heap        ] GC(144) ParOldGen: 1330697K(1339392K)->1338956K(1481216K)
[9.010s][info][gc,metaspace   ] GC(144) Metaspace: 6298K(6464K)->6298K(6464K) NonClass: 5765K(5824K)->5765K(5824K) Class: 533K(640K)->533K(640K)
[9.010s][info][gc             ] GC(144) Pause Full (Ergonomics) 1326M->1324M(1533M) 675.300ms
[9.010s][info][gc,cpu         ] GC(144) User=4.84s Sys=0.02s Real=0.67s
[9.042s][info][gc,start       ] GC(145) Pause Young (Allocation Failure)
[9.131s][info][gc,heap        ] GC(145) PSYoungGen: 44022K(89088K)->27232K(87040K) Eden: 27136K(27136K)->0K(30208K) From: 16886K(61952K)->27232K(56832K)
[9.131s][info][gc,heap        ] GC(145) ParOldGen: 1338956K(1481216K)->1356132K(1481216K)
[9.131s][info][gc,metaspace   ] GC(145) Metaspace: 6298K(6464K)->6298K(6464K) NonClass: 5765K(5824K)->5765K(5824K) Class: 533K(640K)->533K(640K)
[9.131s][info][gc             ] GC(145) Pause Young (Allocation Failure) 1350M->1350M(1531M) 88.682ms
[9.131s][info][gc,cpu         ] GC(145) User=0.41s Sys=0.08s Real=0.09s
[9.458s][info][gc,start       ] GC(146) Pause Young (Allocation Failure)
[9.523s][info][gc,heap        ] GC(146) PSYoungGen: 57440K(87040K)->57600K(89088K) Eden: 30208K(30208K)->0K(30208K) From: 27232K(56832K)->57600K(58880K)
[9.523s][info][gc,heap        ] GC(146) ParOldGen: 1421668K(1481216K)->1421668K(1481216K)
[9.523s][info][gc,metaspace   ] GC(146) Metaspace: 6298K(6464K)->6298K(6464K) NonClass: 5765K(5824K)->5765K(5824K) Class: 533K(640K)->533K(640K)
[9.523s][info][gc             ] GC(146) Pause Young (Allocation Failure) 1444M->1444M(1533M) 64.948ms
[9.523s][info][gc,cpu         ] GC(146) User=0.30s Sys=0.00s Real=0.06s
[9.553s][info][gc,start       ] GC(147) Pause Young (Allocation Failure)
[9.613s][info][gc,heap        ] GC(147) PSYoungGen: 87808K(89088K)->65536K(81920K) Eden: 30208K(30208K)->0K(16384K) From: 57600K(58880K)->65536K(65536K)
[9.613s][info][gc,heap        ] GC(147) ParOldGen: 1421668K(1481216K)->1444124K(1481216K)
[9.613s][info][gc,metaspace   ] GC(147) Metaspace: 6298K(6464K)->6298K(6464K) NonClass: 5765K(5824K)->5765K(5824K) Class: 533K(640K)->533K(640K)
[9.613s][info][gc             ] GC(147) Pause Young (Allocation Failure) 1474M->1474M(1526M) 59.569ms
[9.613s][info][gc,cpu         ] GC(147) User=0.20s Sys=0.11s Real=0.06s
[9.629s][info][gc,start       ] GC(148) Pause Young (Allocation Failure)
[9.683s][info][gc,heap        ] GC(148) PSYoungGen: 81920K(81920K)->37568K(54272K) Eden: 16384K(16384K)->0K(16384K) From: 65536K(65536K)->37568K(37888K)
[9.683s][info][gc,heap        ] GC(148) ParOldGen: 1444124K(1481216K)->1489244K(1489408K)
[9.683s][info][gc,metaspace   ] GC(148) Metaspace: 6298K(6464K)->6298K(6464K) NonClass: 5765K(5824K)->5765K(5824K) Class: 533K(640K)->533K(640K)
[9.683s][info][gc             ] GC(148) Pause Young (Allocation Failure) 1490M->1491M(1507M) 54.264ms
[9.683s][info][gc,cpu         ] GC(148) User=0.33s Sys=0.06s Real=0.05s
[9.683s][info][gc,start       ] GC(149) Pause Full (Ergonomics)
[9.683s][info][gc,phases,start] GC(149) Marking Phase
[9.999s][info][gc,phases      ] GC(149) Marking Phase 316.100ms
[10.000s][info][gc,phases,start] GC(149) Summary Phase
[10.000s][info][gc,phases      ] GC(149) Summary Phase 0.055ms
[10.000s][info][gc,phases,start] GC(149) Adjust Roots
[10.000s][info][gc,phases      ] GC(149) Adjust Roots 0.210ms
[10.000s][info][gc,phases,start] GC(149) Compaction Phase
[10.234s][info][gc,phases      ] GC(149) Compaction Phase 234.409ms
[10.234s][info][gc,phases,start] GC(149) Post Compact
[10.238s][info][gc,phases      ] GC(149) Post Compact 3.474ms
[10.239s][info][gc,heap        ] GC(149) PSYoungGen: 37568K(54272K)->3115K(54272K) Eden: 0K(16384K)->0K(16384K) From: 37568K(37888K)->3115K(37888K)
[10.239s][info][gc,heap        ] GC(149) ParOldGen: 1489244K(1489408K)->1489313K(1648640K)
[10.239s][info][gc,metaspace   ] GC(149) Metaspace: 6298K(6464K)->6298K(6464K) NonClass: 5765K(5824K)->5765K(5824K) Class: 533K(640K)->533K(640K)
[10.239s][info][gc             ] GC(149) Pause Full (Ergonomics) 1491M->1457M(1663M) 555.923ms
[10.239s][info][gc,cpu         ] GC(149) User=3.66s Sys=0.00s Real=0.56s
[10.253s][info][gc,start       ] GC(150) Pause Young (Allocation Failure)
[10.327s][info][gc,heap        ] GC(150) PSYoungGen: 19499K(54272K)->18848K(96768K) Eden: 16384K(16384K)->0K(18432K) From: 3115K(37888K)->18848K(78336K)
[10.328s][info][gc,heap        ] GC(150) ParOldGen: 1489313K(1648640K)->1490169K(1648640K)
[10.328s][info][gc,metaspace   ] GC(150) Metaspace: 6298K(6464K)->6298K(6464K) NonClass: 5765K(5824K)->5765K(5824K) Class: 533K(640K)->533K(640K)
[10.328s][info][gc             ] GC(150) Pause Young (Allocation Failure) 1473M->1473M(1704M) 74.108ms
[10.328s][info][gc,cpu         ] GC(150) User=0.38s Sys=0.00s Real=0.07s
[10.344s][info][gc,start       ] GC(151) Pause Young (Allocation Failure)
[10.372s][info][gc,heap        ] GC(151) PSYoungGen: 37280K(96768K)->37248K(55808K) Eden: 18432K(18432K)->0K(18432K) From: 18848K(78336K)->37248K(37376K)
[10.372s][info][gc,heap        ] GC(151) ParOldGen: 1490169K(1648640K)->1490169K(1648640K)
[10.372s][info][gc,metaspace   ] GC(151) Metaspace: 6298K(6464K)->6298K(6464K) NonClass: 5765K(5824K)->5765K(5824K) Class: 533K(640K)->533K(640K)
[10.372s][info][gc             ] GC(151) Pause Young (Allocation Failure) 1491M->1491M(1664M) 27.734ms
[10.372s][info][gc,cpu         ] GC(151) User=0.03s Sys=0.00s Real=0.03s
[10.390s][info][gc,start       ] GC(152) Pause Young (Allocation Failure)
[10.422s][info][gc,heap        ] GC(152) PSYoungGen: 55680K(55808K)->53440K(93184K) Eden: 18432K(18432K)->0K(18432K) From: 37248K(37376K)->53440K(74752K)
[10.422s][info][gc,heap        ] GC(152) ParOldGen: 1490169K(1648640K)->1492529K(1648640K)
[10.422s][info][gc,metaspace   ] GC(152) Metaspace: 6298K(6464K)->6298K(6464K) NonClass: 5765K(5824K)->5765K(5824K) Class: 533K(640K)->533K(640K)
[10.422s][info][gc             ] GC(152) Pause Young (Allocation Failure) 1509M->1509M(1701M) 31.946ms
[10.422s][info][gc,cpu         ] GC(152) User=0.05s Sys=0.00s Real=0.03s
[10.441s][info][gc,start       ] GC(153) Pause Young (Allocation Failure)
[10.482s][info][gc,heap        ] GC(153) PSYoungGen: 71872K(93184K)->55456K(95232K) Eden: 18432K(18432K)->0K(18432K) From: 53440K(74752K)->55456K(76800K)
[10.482s][info][gc,heap        ] GC(153) ParOldGen: 1492529K(1648640K)->1509161K(1648640K)
[10.482s][info][gc,metaspace   ] GC(153) Metaspace: 6298K(6464K)->6298K(6464K) NonClass: 5765K(5824K)->5765K(5824K) Class: 533K(640K)->533K(640K)
[10.482s][info][gc             ] GC(153) Pause Young (Allocation Failure) 1527M->1527M(1703M) 40.388ms
[10.482s][info][gc,cpu         ] GC(153) User=0.12s Sys=0.08s Real=0.04s
[10.500s][info][gc,start       ] GC(154) Pause Young (Allocation Failure)
[10.543s][info][gc,heap        ] GC(154) PSYoungGen: 73888K(95232K)->55424K(98304K) Eden: 18432K(18432K)->0K(19456K) From: 55456K(76800K)->55424K(78848K)
[10.543s][info][gc,heap        ] GC(154) ParOldGen: 1509161K(1648640K)->1527881K(1648640K)
[10.543s][info][gc,metaspace   ] GC(154) Metaspace: 6298K(6464K)->6298K(6464K) NonClass: 5765K(5824K)->5765K(5824K) Class: 533K(640K)->533K(640K)
[10.543s][info][gc             ] GC(154) Pause Young (Allocation Failure) 1545M->1546M(1706M) 42.936ms
[10.543s][info][gc,cpu         ] GC(154) User=0.12s Sys=0.06s Real=0.04s
[10.563s][info][gc,start       ] GC(155) Pause Young (Allocation Failure)
[10.612s][info][gc,heap        ] GC(155) PSYoungGen: 74880K(98304K)->38048K(57856K) Eden: 19456K(19456K)->0K(19456K) From: 55424K(78848K)->38048K(38400K)
[10.612s][info][gc,heap        ] GC(155) ParOldGen: 1527881K(1648640K)->1565281K(1648640K)
[10.612s][info][gc,metaspace   ] GC(155) Metaspace: 6298K(6464K)->6298K(6464K) NonClass: 5765K(5824K)->5765K(5824K) Class: 533K(640K)->533K(640K)
[10.612s][info][gc             ] GC(155) Pause Young (Allocation Failure) 1565M->1565M(1666M) 49.191ms
[10.612s][info][gc,cpu         ] GC(155) User=0.19s Sys=0.09s Real=0.05s
[10.631s][info][gc,start       ] GC(156) Pause Young (Allocation Failure)
[10.674s][info][gc,heap        ] GC(156) PSYoungGen: 57504K(57856K)->19616K(98816K) Eden: 19456K(19456K)->0K(21504K) From: 38048K(38400K)->19616K(77312K)
[10.675s][info][gc,heap        ] GC(156) ParOldGen: 1565281K(1648640K)->1603729K(1648640K)
[10.675s][info][gc,metaspace   ] GC(156) Metaspace: 6298K(6464K)->6298K(6464K) NonClass: 5765K(5824K)->5765K(5824K) Class: 533K(640K)->533K(640K)
[10.675s][info][gc             ] GC(156) Pause Young (Allocation Failure) 1584M->1585M(1706M) 43.602ms
[10.675s][info][gc,cpu         ] GC(156) User=0.20s Sys=0.06s Real=0.04s
[10.675s][info][gc,start       ] GC(157) Pause Full (Ergonomics)
[10.675s][info][gc,phases,start] GC(157) Marking Phase
[11.030s][info][gc,phases      ] GC(157) Marking Phase 355.121ms
[11.030s][info][gc,phases,start] GC(157) Summary Phase
[11.030s][info][gc,phases      ] GC(157) Summary Phase 0.050ms
[11.030s][info][gc,phases,start] GC(157) Adjust Roots
[11.030s][info][gc,phases      ] GC(157) Adjust Roots 0.263ms
[11.030s][info][gc,phases,start] GC(157) Compaction Phase
[11.198s][info][gc,phases      ] GC(157) Compaction Phase 167.290ms
[11.198s][info][gc,phases,start] GC(157) Post Compact
[11.201s][info][gc,phases      ] GC(157) Post Compact 3.121ms
[11.202s][info][gc,heap        ] GC(157) PSYoungGen: 19616K(98816K)->0K(99328K) Eden: 0K(21504K)->0K(21504K) From: 19616K(77312K)->0K(77824K)
[11.202s][info][gc,heap        ] GC(157) ParOldGen: 1603729K(1648640K)->1621240K(1798656K)
[11.202s][info][gc,metaspace   ] GC(157) Metaspace: 6298K(6464K)->6298K(6464K) NonClass: 5765K(5824K)->5765K(5824K) Class: 533K(640K)->533K(640K)
[11.202s][info][gc             ] GC(157) Pause Full (Ergonomics) 1585M->1583M(1853M) 527.553ms
[11.202s][info][gc,cpu         ] GC(157) User=3.73s Sys=0.03s Real=0.53s
[11.223s][info][gc,start       ] GC(158) Pause Young (Allocation Failure)
[11.248s][info][gc,heap        ] GC(158) PSYoungGen: 21504K(99328K)->21632K(99328K) Eden: 21504K(21504K)->0K(24064K) From: 0K(77824K)->21632K(75264K)
[11.248s][info][gc,heap        ] GC(158) ParOldGen: 1621240K(1798656K)->1621240K(1798656K)
[11.248s][info][gc,metaspace   ] GC(158) Metaspace: 6298K(6464K)->6298K(6464K) NonClass: 5765K(5824K)->5765K(5824K) Class: 533K(640K)->533K(640K)
[11.248s][info][gc             ] GC(158) Pause Young (Allocation Failure) 1604M->1604M(1853M) 25.460ms
[11.248s][info][gc,cpu         ] GC(158) User=0.02s Sys=0.00s Real=0.03s
[11.271s][info][gc,start       ] GC(159) Pause Young (Allocation Failure)
[11.303s][info][gc,heap        ] GC(159) PSYoungGen: 45696K(99328K)->24224K(100864K) Eden: 24064K(24064K)->0K(24064K) From: 21632K(75264K)->24224K(76800K)
[11.304s][info][gc,heap        ] GC(159) ParOldGen: 1621240K(1798656K)->1643072K(1798656K)
[11.304s][info][gc,metaspace   ] GC(159) Metaspace: 6298K(6464K)->6298K(6464K) NonClass: 5765K(5824K)->5765K(5824K) Class: 533K(640K)->533K(640K)
[11.304s][info][gc             ] GC(159) Pause Young (Allocation Failure) 1627M->1628M(1855M) 32.550ms
[11.304s][info][gc,cpu         ] GC(159) User=0.08s Sys=0.08s Real=0.03s
[11.328s][info][gc,start       ] GC(160) Pause Young (Allocation Failure)
[11.362s][info][gc,heap        ] GC(160) PSYoungGen: 48288K(100864K)->24192K(98816K) Eden: 24064K(24064K)->0K(27136K) From: 24224K(76800K)->24192K(71680K)
[11.362s][info][gc,heap        ] GC(160) ParOldGen: 1643072K(1798656K)->1667520K(1798656K)
[11.362s][info][gc,metaspace   ] GC(160) Metaspace: 6298K(6464K)->6298K(6464K) NonClass: 5765K(5824K)->5765K(5824K) Class: 533K(640K)->533K(640K)
[11.363s][info][gc             ] GC(160) Pause Young (Allocation Failure) 1651M->1652M(1853M) 34.687ms
[11.363s][info][gc,cpu         ] GC(160) User=0.06s Sys=0.08s Real=0.03s
[11.389s][info][gc,start       ] GC(161) Pause Young (Allocation Failure)
[11.427s][info][gc,heap        ] GC(161) PSYoungGen: 51328K(98816K)->27296K(100864K) Eden: 27136K(27136K)->0K(27136K) From: 24192K(71680K)->27296K(73728K)
[11.427s][info][gc,heap        ] GC(161) ParOldGen: 1667520K(1798656K)->1691960K(1798656K)
[11.427s][info][gc,metaspace   ] GC(161) Metaspace: 6298K(6464K)->6298K(6464K) NonClass: 5765K(5824K)->5765K(5824K) Class: 533K(640K)->533K(640K)
[11.427s][info][gc             ] GC(161) Pause Young (Allocation Failure) 1678M->1678M(1855M) 37.446ms
[11.427s][info][gc,cpu         ] GC(161) User=0.06s Sys=0.00s Real=0.04s
[11.456s][info][gc,start       ] GC(162) Pause Young (Allocation Failure)
[11.493s][info][gc,heap        ] GC(162) PSYoungGen: 54432K(100864K)->27264K(98304K) Eden: 27136K(27136K)->0K(30720K) From: 27296K(73728K)->27264K(67584K)
[11.493s][info][gc,heap        ] GC(162) ParOldGen: 1691960K(1798656K)->1719536K(1798656K)
[11.493s][info][gc,metaspace   ] GC(162) Metaspace: 6298K(6464K)->6298K(6464K) NonClass: 5765K(5824K)->5765K(5824K) Class: 533K(640K)->533K(640K)
[11.493s][info][gc             ] GC(162) Pause Young (Allocation Failure) 1705M->1705M(1852M) 37.025ms
[11.493s][info][gc,cpu         ] GC(162) User=0.11s Sys=0.08s Real=0.04s
[11.525s][info][gc,start       ] GC(163) Pause Young (Allocation Failure)
[11.564s][info][gc,heap        ] GC(163) PSYoungGen: 57984K(98304K)->30848K(99840K) Eden: 30720K(30720K)->0K(30720K) From: 27264K(67584K)->30848K(69120K)
[11.564s][info][gc,heap        ] GC(163) ParOldGen: 1719536K(1798656K)->1747112K(1798656K)
[11.564s][info][gc,metaspace   ] GC(163) Metaspace: 6298K(6464K)->6298K(6464K) NonClass: 5765K(5824K)->5765K(5824K) Class: 533K(640K)->533K(640K)
[11.564s][info][gc             ] GC(163) Pause Young (Allocation Failure) 1735M->1736M(1854M) 39.560ms
[11.564s][info][gc,cpu         ] GC(163) User=0.16s Sys=0.19s Real=0.04s
[11.596s][info][gc,start       ] GC(164) Pause Young (Allocation Failure)
[11.639s][info][gc,heap        ] GC(164) PSYoungGen: 61568K(99840K)->30880K(95232K) Eden: 30720K(30720K)->0K(34304K) From: 30848K(69120K)->30880K(60928K)
[11.639s][info][gc,heap        ] GC(164) ParOldGen: 1747112K(1798656K)->1778304K(1798656K)
[11.639s][info][gc,metaspace   ] GC(164) Metaspace: 6298K(6464K)->6298K(6464K) NonClass: 5765K(5824K)->5765K(5824K) Class: 533K(640K)->533K(640K)
[11.639s][info][gc             ] GC(164) Pause Young (Allocation Failure) 1766M->1766M(1849M) 42.320ms
[11.639s][info][gc,cpu         ] GC(164) User=0.22s Sys=0.05s Real=0.04s
[11.639s][info][gc,start       ] GC(165) Pause Full (Ergonomics)
[11.639s][info][gc,phases,start] GC(165) Marking Phase
[12.023s][info][gc,phases      ] GC(165) Marking Phase 384.095ms
[12.023s][info][gc,phases,start] GC(165) Summary Phase
[12.023s][info][gc,phases      ] GC(165) Summary Phase 0.047ms
[12.023s][info][gc,phases,start] GC(165) Adjust Roots
[12.023s][info][gc,phases      ] GC(165) Adjust Roots 0.201ms
[12.023s][info][gc,phases,start] GC(165) Compaction Phase
[12.195s][info][gc,phases      ] GC(165) Compaction Phase 171.717ms
[12.195s][info][gc,phases,start] GC(165) Post Compact
[12.199s][info][gc,phases      ] GC(165) Post Compact 3.729ms
[12.200s][info][gc,heap        ] GC(165) PSYoungGen: 30880K(95232K)->8205K(97792K) Eden: 0K(34304K)->0K(36864K) From: 30880K(60928K)->8205K(60928K)
[12.200s][info][gc,heap        ] GC(165) ParOldGen: 1778304K(1798656K)->1798161K(1987072K)
[12.200s][info][gc,metaspace   ] GC(165) Metaspace: 6298K(6464K)->6298K(6464K) NonClass: 5765K(5824K)->5765K(5824K) Class: 533K(640K)->533K(640K)
[12.200s][info][gc             ] GC(165) Pause Full (Ergonomics) 1766M->1764M(2036M) 561.513ms
[12.200s][info][gc,cpu         ] GC(165) User=4.03s Sys=0.02s Real=0.56s
[12.236s][info][gc,start       ] GC(166) Pause Young (Allocation Failure)
[12.333s][info][gc,heap        ] GC(166) PSYoungGen: 45069K(97792K)->37024K(100352K) Eden: 36864K(36864K)->0K(36864K) From: 8205K(60928K)->37024K(63488K)
[12.333s][info][gc,heap        ] GC(166) ParOldGen: 1798161K(1987072K)->1806537K(1987072K)
[12.333s][info][gc,metaspace   ] GC(166) Metaspace: 6298K(6464K)->6298K(6464K) NonClass: 5765K(5824K)->5765K(5824K) Class: 533K(640K)->533K(640K)
[12.333s][info][gc             ] GC(166) Pause Young (Allocation Failure) 1800M->1800M(2038M) 96.977ms
[12.333s][info][gc,cpu         ] GC(166) User=0.62s Sys=0.02s Real=0.10s
[12.376s][info][gc,start       ] GC(167) Pause Young (Allocation Failure)
[12.420s][info][gc,heap        ] GC(167) PSYoungGen: 73888K(100352K)->61952K(90624K) Eden: 36864K(36864K)->0K(28672K) From: 37024K(63488K)->61952K(61952K)
[12.420s][info][gc,heap        ] GC(167) ParOldGen: 1806537K(1987072K)->1818593K(1987072K)
[12.420s][info][gc,metaspace   ] GC(167) Metaspace: 6298K(6464K)->6298K(6464K) NonClass: 5765K(5824K)->5765K(5824K) Class: 533K(640K)->533K(640K)
[12.420s][info][gc             ] GC(167) Pause Young (Allocation Failure) 1836M->1836M(2029M) 44.406ms
[12.420s][info][gc,cpu         ] GC(167) User=0.22s Sys=0.06s Real=0.04s
[12.452s][info][gc,start       ] GC(168) Pause Young (Allocation Failure)
[12.516s][info][gc,heap        ] GC(168) PSYoungGen: 90624K(90624K)->28832K(102400K) Eden: 28672K(28672K)->0K(28672K) From: 61952K(61952K)->28832K(73728K)
[12.516s][info][gc,heap        ] GC(168) ParOldGen: 1818593K(1987072K)->1881401K(1987072K)
[12.516s][info][gc,metaspace   ] GC(168) Metaspace: 6298K(6464K)->6298K(6464K) NonClass: 5765K(5824K)->5765K(5824K) Class: 533K(640K)->533K(640K)
[12.516s][info][gc             ] GC(168) Pause Young (Allocation Failure) 1864M->1865M(2040M) 64.263ms
[12.516s][info][gc,cpu         ] GC(168) User=0.17s Sys=0.22s Real=0.06s
[12.547s][info][gc,start       ] GC(169) Pause Young (Allocation Failure)
[12.588s][info][gc,heap        ] GC(169) PSYoungGen: 57504K(102400K)->28832K(99840K) Eden: 28672K(28672K)->0K(32256K) From: 28832K(73728K)->28832K(67584K)
[12.588s][info][gc,heap        ] GC(169) ParOldGen: 1881401K(1987072K)->1910521K(1987072K)
[12.588s][info][gc,metaspace   ] GC(169) Metaspace: 6298K(6464K)->6298K(6464K) NonClass: 5765K(5824K)->5765K(5824K) Class: 533K(640K)->533K(640K)
[12.588s][info][gc             ] GC(169) Pause Young (Allocation Failure) 1893M->1893M(2038M) 40.617ms
[12.588s][info][gc,cpu         ] GC(169) User=0.17s Sys=0.08s Real=0.04s
[12.625s][info][gc,start       ] GC(170) Pause Young (Allocation Failure)
[12.667s][info][gc,heap        ] GC(170) PSYoungGen: 61088K(99840K)->32416K(101888K) Eden: 32256K(32256K)->0K(32256K) From: 28832K(67584K)->32416K(69632K)
[12.668s][info][gc,heap        ] GC(170) ParOldGen: 1910521K(1987072K)->1939649K(1987072K)
[12.668s][info][gc,metaspace   ] GC(170) Metaspace: 6298K(6464K)->6298K(6464K) NonClass: 5765K(5824K)->5765K(5824K) Class: 533K(640K)->533K(640K)
[12.668s][info][gc             ] GC(170) Pause Young (Allocation Failure) 1925M->1925M(2040M) 42.360ms
[12.668s][info][gc,cpu         ] GC(170) User=0.22s Sys=0.03s Real=0.04s
[12.668s][info][gc,start       ] GC(171) Pause Full (Ergonomics)
[12.668s][info][gc,phases,start] GC(171) Marking Phase
[13.104s][info][gc,phases      ] GC(171) Marking Phase 436.147ms
[13.104s][info][gc,phases,start] GC(171) Summary Phase
[13.104s][info][gc,phases      ] GC(171) Summary Phase 0.057ms
[13.104s][info][gc,phases,start] GC(171) Adjust Roots
[13.104s][info][gc,phases      ] GC(171) Adjust Roots 0.201ms
[13.104s][info][gc,phases,start] GC(171) Compaction Phase
[13.282s][info][gc,phases      ] GC(171) Compaction Phase 178.045ms
[13.282s][info][gc,phases,start] GC(171) Post Compact
[13.286s][info][gc,phases      ] GC(171) Post Compact 4.078ms
[13.288s][info][gc,heap        ] GC(171) PSYoungGen: 32416K(101888K)->0K(102912K) Eden: 0K(32256K)->0K(35840K) From: 32416K(69632K)->0K(67072K)
[13.288s][info][gc,heap        ] GC(171) ParOldGen: 1939649K(1987072K)->1969543K(2182144K)
[13.288s][info][gc,metaspace   ] GC(171) Metaspace: 6298K(6464K)->6298K(6464K) NonClass: 5765K(5824K)->5765K(5824K) Class: 533K(640K)->533K(640K)
[13.288s][info][gc             ] GC(171) Pause Full (Ergonomics) 1925M->1923M(2231M) 620.564ms
[13.288s][info][gc,cpu         ] GC(171) User=4.38s Sys=0.08s Real=0.62s
[13.329s][info][gc,start       ] GC(172) Pause Young (Allocation Failure)
[13.356s][info][gc,heap        ] GC(172) PSYoungGen: 35840K(102912K)->36032K(102912K) Eden: 35840K(35840K)->0K(35840K) From: 0K(67072K)->36032K(67072K)
[13.356s][info][gc,heap        ] GC(172) ParOldGen: 1969543K(2182144K)->1969543K(2182144K)
[13.356s][info][gc,metaspace   ] GC(172) Metaspace: 6298K(6464K)->6298K(6464K) NonClass: 5765K(5824K)->5765K(5824K) Class: 533K(640K)->533K(640K)
[13.356s][info][gc             ] GC(172) Pause Young (Allocation Failure) 1958M->1958M(2231M) 27.081ms
[13.356s][info][gc,cpu         ] GC(172) User=0.06s Sys=0.00s Real=0.03s
[13.399s][info][gc,start       ] GC(173) Pause Young (Allocation Failure)
[13.440s][info][gc,heap        ] GC(173) PSYoungGen: 71872K(102912K)->64000K(92160K) Eden: 35840K(35840K)->0K(28160K) From: 36032K(67072K)->64000K(64000K)
[13.440s][info][gc,heap        ] GC(173) ParOldGen: 1969543K(2182144K)->1977447K(2182144K)
[13.440s][info][gc,metaspace   ] GC(173) Metaspace: 6298K(6464K)->6298K(6464K) NonClass: 5765K(5824K)->5765K(5824K) Class: 533K(640K)->533K(640K)
[13.440s][info][gc             ] GC(173) Pause Young (Allocation Failure) 1993M->1993M(2221M) 41.034ms
[13.440s][info][gc,cpu         ] GC(173) User=0.20s Sys=0.00s Real=0.04s
[13.469s][info][gc,start       ] GC(174) Pause Young (Allocation Failure)
[13.547s][info][gc,heap        ] GC(174) PSYoungGen: 92160K(92160K)->28320K(102912K) Eden: 28160K(28160K)->0K(28160K) From: 64000K(64000K)->28320K(74752K)
[13.547s][info][gc,heap        ] GC(174) ParOldGen: 1977447K(2182144K)->2042335K(2182144K)
[13.547s][info][gc,metaspace   ] GC(174) Metaspace: 6298K(6464K)->6298K(6464K) NonClass: 5765K(5824K)->5765K(5824K) Class: 533K(640K)->533K(640K)
[13.547s][info][gc             ] GC(174) Pause Young (Allocation Failure) 2021M->2022M(2231M) 78.374ms
[13.547s][info][gc,cpu         ] GC(174) User=0.22s Sys=0.30s Real=0.08s
[13.575s][info][gc,start       ] GC(175) Pause Young (Allocation Failure)
[13.616s][info][gc,heap        ] GC(175) PSYoungGen: 56480K(102912K)->28288K(100864K) Eden: 28160K(28160K)->0K(31232K) From: 28320K(74752K)->28288K(69632K)
[13.616s][info][gc,heap        ] GC(175) ParOldGen: 2042335K(2182144K)->2070927K(2182144K)
[13.616s][info][gc,metaspace   ] GC(175) Metaspace: 6298K(6464K)->6298K(6464K) NonClass: 5765K(5824K)->5765K(5824K) Class: 533K(640K)->533K(640K)
[13.616s][info][gc             ] GC(175) Pause Young (Allocation Failure) 2049M->2050M(2229M) 40.609ms
[13.616s][info][gc,cpu         ] GC(175) User=0.19s Sys=0.06s Real=0.04s
[13.650s][info][gc,start       ] GC(176) Pause Young (Allocation Failure)
[13.692s][info][gc,heap        ] GC(176) PSYoungGen: 59520K(100864K)->31392K(102400K) Eden: 31232K(31232K)->0K(31232K) From: 28288K(69632K)->31392K(71168K)
[13.692s][info][gc,heap        ] GC(176) ParOldGen: 2070927K(2182144K)->2099527K(2182144K)
[13.692s][info][gc,metaspace   ] GC(176) Metaspace: 6298K(6464K)->6298K(6464K) NonClass: 5765K(5824K)->5765K(5824K) Class: 533K(640K)->533K(640K)
[13.692s][info][gc             ] GC(176) Pause Young (Allocation Failure) 2080M->2080M(2231M) 42.760ms
[13.692s][info][gc,cpu         ] GC(176) User=0.34s Sys=0.02s Real=0.04s
[13.724s][info][gc,start       ] GC(177) Pause Young (Allocation Failure)
[13.769s][info][gc,heap        ] GC(177) PSYoungGen: 62624K(102400K)->31392K(100352K) Eden: 31232K(31232K)->0K(35328K) From: 31392K(71168K)->31392K(65024K)
[13.769s][info][gc,heap        ] GC(177) ParOldGen: 2099527K(2182144K)->2131247K(2182144K)
[13.769s][info][gc,metaspace   ] GC(177) Metaspace: 6298K(6464K)->6298K(6464K) NonClass: 5765K(5824K)->5765K(5824K) Class: 533K(640K)->533K(640K)
[13.769s][info][gc             ] GC(177) Pause Young (Allocation Failure) 2111M->2111M(2229M) 44.867ms
[13.769s][info][gc,cpu         ] GC(177) User=0.12s Sys=0.14s Real=0.04s
[13.769s][info][gc,start       ] GC(178) Pause Full (Ergonomics)
[13.769s][info][gc,phases,start] GC(178) Marking Phase
[14.248s][info][gc,phases      ] GC(178) Marking Phase 478.881ms
[14.248s][info][gc,phases,start] GC(178) Summary Phase
[14.248s][info][gc,phases      ] GC(178) Summary Phase 0.051ms
[14.248s][info][gc,phases,start] GC(178) Adjust Roots
[14.248s][info][gc,phases      ] GC(178) Adjust Roots 0.205ms
[14.248s][info][gc,phases,start] GC(178) Compaction Phase
[14.448s][info][gc,phases      ] GC(178) Compaction Phase 199.805ms
[14.448s][info][gc,phases,start] GC(178) Post Compact
[14.452s][info][gc,phases      ] GC(178) Post Compact 4.182ms
[14.453s][info][gc,heap        ] GC(178) PSYoungGen: 31392K(100352K)->0K(101888K) Eden: 0K(35328K)->0K(35328K) From: 31392K(65024K)->0K(66560K)
[14.453s][info][gc,heap        ] GC(178) ParOldGen: 2131247K(2182144K)->2159826K(2392576K)
[14.453s][info][gc,metaspace   ] GC(178) Metaspace: 6298K(6464K)->6298K(6464K) NonClass: 5765K(5824K)->5765K(5824K) Class: 533K(640K)->533K(640K)
[14.453s][info][gc             ] GC(178) Pause Full (Ergonomics) 2111M->2109M(2436M) 684.399ms
[14.453s][info][gc,cpu         ] GC(178) User=4.89s Sys=0.08s Real=0.68s
[14.499s][info][gc,start       ] GC(179) Pause Young (Allocation Failure)
[14.527s][info][gc,heap        ] GC(179) PSYoungGen: 35328K(101888K)->35488K(98816K) Eden: 35328K(35328K)->0K(38912K) From: 0K(66560K)->35488K(59904K)
[14.527s][info][gc,heap        ] GC(179) ParOldGen: 2159826K(2392576K)->2159826K(2392576K)
[14.527s][info][gc,metaspace   ] GC(179) Metaspace: 6298K(6464K)->6298K(6464K) NonClass: 5765K(5824K)->5765K(5824K) Class: 533K(640K)->533K(640K)
[14.527s][info][gc             ] GC(179) Pause Young (Allocation Failure) 2143M->2143M(2433M) 27.918ms
[14.527s][info][gc,cpu         ] GC(179) User=0.08s Sys=0.00s Real=0.03s
[14.574s][info][gc,start       ] GC(180) Pause Young (Allocation Failure)
[14.618s][info][gc,heap        ] GC(180) PSYoungGen: 74400K(98816K)->63488K(102400K) Eden: 38912K(38912K)->0K(38912K) From: 35488K(59904K)->63488K(63488K)
[14.618s][info][gc,heap        ] GC(180) ParOldGen: 2159826K(2392576K)->2170842K(2392576K)
[14.618s][info][gc,metaspace   ] GC(180) Metaspace: 6298K(6464K)->6298K(6464K) NonClass: 5765K(5824K)->5765K(5824K) Class: 533K(640K)->533K(640K)
[14.618s][info][gc             ] GC(180) Pause Young (Allocation Failure) 2181M->2181M(2436M) 44.273ms
[14.618s][info][gc,cpu         ] GC(180) User=0.25s Sys=0.00s Real=0.04s
[14.663s][info][gc,start       ] GC(181) Pause Young (Allocation Failure)
[14.744s][info][gc,heap        ] GC(181) PSYoungGen: 102400K(102400K)->39072K(111104K) Eden: 38912K(38912K)->0K(43008K) From: 63488K(63488K)->39072K(68096K)
[14.744s][info][gc,heap        ] GC(181) ParOldGen: 2170842K(2392576K)->2235210K(2392576K)
[14.744s][info][gc,metaspace   ] GC(181) Metaspace: 6298K(6464K)->6298K(6464K) NonClass: 5765K(5824K)->5765K(5824K) Class: 533K(640K)->533K(640K)
[14.744s][info][gc             ] GC(181) Pause Young (Allocation Failure) 2219M->2220M(2445M) 81.354ms
[14.744s][info][gc,cpu         ] GC(181) User=0.34s Sys=0.17s Real=0.08s
[14.792s][info][gc,start       ] GC(182) Pause Young (Allocation Failure)
[14.841s][info][gc,heap        ] GC(182) PSYoungGen: 82080K(111104K)->71680K(114688K) Eden: 43008K(43008K)->0K(43008K) From: 39072K(68096K)->71680K(71680K)
[14.841s][info][gc,heap        ] GC(182) ParOldGen: 2235210K(2392576K)->2245706K(2392576K)
[14.841s][info][gc,metaspace   ] GC(182) Metaspace: 6298K(6464K)->6298K(6464K) NonClass: 5765K(5824K)->5765K(5824K) Class: 533K(640K)->533K(640K)
[14.841s][info][gc             ] GC(182) Pause Young (Allocation Failure) 2262M->2263M(2448M) 48.727ms
[14.841s][info][gc,cpu         ] GC(182) User=0.27s Sys=0.00s Real=0.05s
[14.897s][info][gc,start       ] GC(183) Pause Young (Allocation Failure)
[14.991s][info][gc,heap        ] GC(183) PSYoungGen: 114688K(114688K)->43168K(123904K) Eden: 43008K(43008K)->0K(47616K) From: 71680K(71680K)->43168K(76288K)
[14.991s][info][gc,heap        ] GC(183) ParOldGen: 2245706K(2392576K)->2317946K(2392576K)
[14.991s][info][gc,metaspace   ] GC(183) Metaspace: 6298K(6464K)->6298K(6464K) NonClass: 5765K(5824K)->5765K(5824K) Class: 533K(640K)->533K(640K)
[14.991s][info][gc             ] GC(183) Pause Young (Allocation Failure) 2305M->2305M(2457M) 93.600ms
[14.991s][info][gc,cpu         ] GC(183) User=0.31s Sys=0.33s Real=0.10s
[14.991s][info][gc,start       ] GC(184) Pause Full (Ergonomics)
[14.991s][info][gc,phases,start] GC(184) Marking Phase
[15.521s][info][gc,phases      ] GC(184) Marking Phase 530.501ms
[15.521s][info][gc,phases,start] GC(184) Summary Phase
[15.522s][info][gc,phases      ] GC(184) Summary Phase 0.069ms
[15.522s][info][gc,phases,start] GC(184) Adjust Roots
[15.522s][info][gc,phases      ] GC(184) Adjust Roots 0.209ms
[15.522s][info][gc,phases,start] GC(184) Compaction Phase
[15.717s][info][gc,phases      ] GC(184) Compaction Phase 195.297ms
[15.717s][info][gc,phases,start] GC(184) Post Compact
[15.721s][info][gc,phases      ] GC(184) Post Compact 4.223ms
[15.723s][info][gc,heap        ] GC(184) PSYoungGen: 43168K(123904K)->0K(128000K) Eden: 0K(47616K)->0K(47616K) From: 43168K(76288K)->0K(80384K)
[15.724s][info][gc,heap        ] GC(184) ParOldGen: 2317946K(2392576K)->2358828K(2631680K)
[15.724s][info][gc,metaspace   ] GC(184) Metaspace: 6298K(6464K)->6298K(6464K) NonClass: 5765K(5824K)->5765K(5824K) Class: 533K(640K)->533K(640K)
[15.724s][info][gc             ] GC(184) Pause Full (Ergonomics) 2305M->2303M(2695M) 732.678ms
[15.724s][info][gc,cpu         ] GC(184) User=5.58s Sys=0.02s Real=0.73s
[15.776s][info][gc,start       ] GC(185) Pause Young (Allocation Failure)
[15.809s][info][gc,heap        ] GC(185) PSYoungGen: 47616K(128000K)->47840K(126976K) Eden: 47616K(47616K)->0K(51712K) From: 0K(80384K)->47840K(75264K)
[15.809s][info][gc,heap        ] GC(185) ParOldGen: 2358828K(2631680K)->2358828K(2631680K)
[15.810s][info][gc,metaspace   ] GC(185) Metaspace: 6298K(6464K)->6298K(6464K) NonClass: 5765K(5824K)->5765K(5824K) Class: 533K(640K)->533K(640K)
[15.810s][info][gc             ] GC(185) Pause Young (Allocation Failure) 2350M->2350M(2694M) 33.893ms
[15.810s][info][gc,cpu         ] GC(185) User=0.12s Sys=0.02s Real=0.03s
[15.871s][info][gc,start       ] GC(186) Pause Young (Allocation Failure)
[15.932s][info][gc,heap        ] GC(186) PSYoungGen: 99552K(126976K)->78336K(130048K) Eden: 51712K(51712K)->0K(51712K) From: 47840K(75264K)->78336K(78336K)
[15.932s][info][gc,heap        ] GC(186) ParOldGen: 2358828K(2631680K)->2380140K(2631680K)
[15.932s][info][gc,metaspace   ] GC(186) Metaspace: 6298K(6464K)->6298K(6464K) NonClass: 5765K(5824K)->5765K(5824K) Class: 533K(640K)->533K(640K)
[15.932s][info][gc             ] GC(186) Pause Young (Allocation Failure) 2400M->2400M(2697M) 61.157ms
[15.932s][info][gc,cpu         ] GC(186) User=0.30s Sys=0.09s Real=0.06s
[15.999s][info][gc,start       ] GC(187) Pause Young (Allocation Failure)
[16.100s][info][gc,heap        ] GC(187) PSYoungGen: 130048K(130048K)->51904K(144896K) Eden: 51712K(51712K)->0K(56832K) From: 78336K(78336K)->51904K(88064K)
[16.101s][info][gc,heap        ] GC(187) ParOldGen: 2380140K(2631680K)->2459052K(2631680K)
[16.101s][info][gc,metaspace   ] GC(187) Metaspace: 6298K(6464K)->6298K(6464K) NonClass: 5765K(5824K)->5765K(5824K) Class: 533K(640K)->533K(640K)
[16.101s][info][gc             ] GC(187) Pause Young (Allocation Failure) 2451M->2452M(2711M) 101.586ms
[16.101s][info][gc,cpu         ] GC(187) User=0.47s Sys=0.25s Real=0.10s
[16.165s][info][gc,start       ] GC(188) Pause Young (Allocation Failure)
[16.228s][info][gc,heap        ] GC(188) PSYoungGen: 108736K(144896K)->91648K(148480K) Eden: 56832K(56832K)->0K(56832K) From: 51904K(88064K)->91648K(91648K)
[16.228s][info][gc,heap        ] GC(188) ParOldGen: 2459052K(2631680K)->2476268K(2631680K)
[16.228s][info][gc,metaspace   ] GC(188) Metaspace: 6298K(6464K)->6298K(6464K) NonClass: 5765K(5824K)->5765K(5824K) Class: 533K(640K)->533K(640K)
[16.228s][info][gc             ] GC(188) Pause Young (Allocation Failure) 2507M->2507M(2715M) 63.023ms
[16.228s][info][gc,cpu         ] GC(188) User=0.34s Sys=0.16s Real=0.06s
[16.300s][info][gc,start       ] GC(189) Pause Young (Allocation Failure)
[16.418s][info][gc,heap        ] GC(189) PSYoungGen: 148480K(148480K)->57056K(163328K) Eden: 56832K(56832K)->0K(62976K) From: 91648K(91648K)->57056K(100352K)
[16.418s][info][gc,heap        ] GC(189) ParOldGen: 2476268K(2631680K)->2568588K(2631680K)
[16.418s][info][gc,metaspace   ] GC(189) Metaspace: 6298K(6464K)->6298K(6464K) NonClass: 5765K(5824K)->5765K(5824K) Class: 533K(640K)->533K(640K)
[16.418s][info][gc             ] GC(189) Pause Young (Allocation Failure) 2563M->2564M(2729M) 117.624ms
[16.418s][info][gc,cpu         ] GC(189) User=0.50s Sys=0.38s Real=0.12s
[16.418s][info][gc,start       ] GC(190) Pause Full (Ergonomics)
[16.418s][info][gc,phases,start] GC(190) Marking Phase
[17.006s][info][gc,phases      ] GC(190) Marking Phase 587.790ms
[17.006s][info][gc,phases,start] GC(190) Summary Phase
[17.006s][info][gc,phases      ] GC(190) Summary Phase 0.086ms
[17.006s][info][gc,phases,start] GC(190) Adjust Roots
[17.006s][info][gc,phases      ] GC(190) Adjust Roots 0.175ms
[17.006s][info][gc,phases,start] GC(190) Compaction Phase
[17.232s][info][gc,phases      ] GC(190) Compaction Phase 225.655ms
[17.232s][info][gc,phases,start] GC(190) Post Compact
[17.236s][info][gc,phases      ] GC(190) Post Compact 4.696ms
[17.239s][info][gc,heap        ] GC(190) PSYoungGen: 57056K(163328K)->0K(167424K) Eden: 0K(62976K)->0K(62976K) From: 57056K(100352K)->0K(104448K)
[17.239s][info][gc,heap        ] GC(190) ParOldGen: 2568588K(2631680K)->2623384K(2940416K)
[17.239s][info][gc,metaspace   ] GC(190) Metaspace: 6298K(6464K)->6298K(6464K) NonClass: 5765K(5824K)->5765K(5824K) Class: 533K(640K)->533K(640K)
[17.239s][info][gc             ] GC(190) Pause Full (Ergonomics) 2564M->2561M(3035M) 821.385ms
[17.239s][info][gc,cpu         ] GC(190) User=6.30s Sys=0.09s Real=0.82s
[17.314s][info][gc,start       ] GC(191) Pause Young (Allocation Failure)
[17.355s][info][gc,heap        ] GC(191) PSYoungGen: 62976K(167424K)->63232K(166912K) Eden: 62976K(62976K)->0K(68608K) From: 0K(104448K)->63232K(98304K)
[17.355s][info][gc,heap        ] GC(191) ParOldGen: 2623384K(2940416K)->2623384K(2940416K)
[17.356s][info][gc,metaspace   ] GC(191) Metaspace: 6298K(6464K)->6298K(6464K) NonClass: 5765K(5824K)->5765K(5824K) Class: 533K(640K)->533K(640K)
[17.356s][info][gc             ] GC(191) Pause Young (Allocation Failure) 2623M->2623M(3034M) 41.631ms
[17.356s][info][gc,cpu         ] GC(191) User=0.20s Sys=0.05s Real=0.04s
[17.434s][info][gc,start       ] GC(192) Pause Young (Allocation Failure)
[17.522s][info][gc,heap        ] GC(192) PSYoungGen: 131840K(166912K)->101888K(170496K) Eden: 68608K(68608K)->0K(68608K) From: 63232K(98304K)->101888K(101888K)
[17.522s][info][gc,heap        ] GC(192) ParOldGen: 2623384K(2940416K)->2653536K(2940416K)
[17.522s][info][gc,metaspace   ] GC(192) Metaspace: 6298K(6464K)->6298K(6464K) NonClass: 5765K(5824K)->5765K(5824K) Class: 533K(640K)->533K(640K)
[17.522s][info][gc             ] GC(192) Pause Young (Allocation Failure) 2690M->2690M(3038M) 88.246ms
[17.522s][info][gc,cpu         ] GC(192) User=0.36s Sys=0.14s Real=0.09s
[17.601s][info][gc,start       ] GC(193) Pause Young (Allocation Failure)
[17.733s][info][gc,heap        ] GC(193) PSYoungGen: 170496K(170496K)->68864K(192000K) Eden: 68608K(68608K)->0K(75264K) From: 101888K(101888K)->68864K(116736K)
[17.734s][info][gc,heap        ] GC(193) ParOldGen: 2653536K(2940416K)->2756168K(2940416K)
[17.734s][info][gc,metaspace   ] GC(193) Metaspace: 6298K(6464K)->6298K(6464K) NonClass: 5765K(5824K)->5765K(5824K) Class: 533K(640K)->533K(640K)
[17.734s][info][gc             ] GC(193) Pause Young (Allocation Failure) 2757M->2758M(3059M) 132.598ms
[17.734s][info][gc,cpu         ] GC(193) User=0.66s Sys=0.38s Real=0.13s
[18.456s][info][gc,start       ] GC(194) Pause Full (Ergonomics)
[18.456s][info][gc,phases,start] GC(194) Marking Phase
[19.109s][info][gc,phases      ] GC(194) Marking Phase 652.817ms
[19.109s][info][gc,phases,start] GC(194) Summary Phase
[19.109s][info][gc,phases      ] GC(194) Summary Phase 0.053ms
[19.109s][info][gc,phases,start] GC(194) Adjust Roots
[19.109s][info][gc,phases      ] GC(194) Adjust Roots 0.163ms
[19.110s][info][gc,phases,start] GC(194) Compaction Phase
[19.576s][info][gc,phases      ] GC(194) Compaction Phase 466.174ms
[19.576s][info][gc,phases,start] GC(194) Post Compact
[19.584s][info][gc,phases      ] GC(194) Post Compact 7.939ms
[19.587s][info][gc,heap        ] GC(194) PSYoungGen: 144128K(192000K)->24109K(196096K) Eden: 75264K(75264K)->0K(79360K) From: 68864K(116736K)->24109K(116736K)
[19.587s][info][gc,heap        ] GC(194) ParOldGen: 2887240K(2940416K)->2940137K(3291136K)
[19.587s][info][gc,metaspace   ] GC(194) Metaspace: 6298K(6464K)->6298K(6464K) NonClass: 5765K(5824K)->5765K(5824K) Class: 533K(640K)->533K(640K)
[19.587s][info][gc             ] GC(194) Pause Full (Ergonomics) 2960M->2894M(3405M) 1130.864ms
[19.587s][info][gc,cpu         ] GC(194) User=7.75s Sys=0.16s Real=1.13s
[19.665s][info][gc,start       ] GC(195) Pause Young (Allocation Failure)
[19.832s][info][gc,heap        ] GC(195) PSYoungGen: 103469K(196096K)->103808K(200192K) Eden: 79360K(79360K)->0K(79360K) From: 24109K(116736K)->103808K(120832K)
[19.832s][info][gc,heap        ] GC(195) ParOldGen: 2940137K(3291136K)->2940137K(3291136K)
[19.832s][info][gc,metaspace   ] GC(195) Metaspace: 6298K(6464K)->6298K(6464K) NonClass: 5765K(5824K)->5765K(5824K) Class: 533K(640K)->533K(640K)
[19.832s][info][gc             ] GC(195) Pause Young (Allocation Failure) 2972M->2972M(3409M) 167.705ms
[19.832s][info][gc,cpu         ] GC(195) User=1.28s Sys=0.00s Real=0.17s
[19.910s][info][gc,start       ] GC(196) Pause Young (Allocation Failure)
[20.056s][info][gc,heap        ] GC(196) PSYoungGen: 183168K(200192K)->130048K(179712K) Eden: 79360K(79360K)->0K(49664K) From: 103808K(120832K)->130048K(130048K)
[20.056s][info][gc,heap        ] GC(196) ParOldGen: 2940137K(3291136K)->2993609K(3291136K)
[20.056s][info][gc,metaspace   ] GC(196) Metaspace: 6298K(6464K)->6298K(6464K) NonClass: 5765K(5824K)->5765K(5824K) Class: 533K(640K)->533K(640K)
[20.056s][info][gc             ] GC(196) Pause Young (Allocation Failure) 3050M->3050M(3389M) 146.097ms
[20.056s][info][gc,cpu         ] GC(196) User=0.55s Sys=0.45s Real=0.15s
[20.110s][info][gc,start       ] GC(197) Pause Young (Allocation Failure)
[20.227s][info][gc,heap        ] GC(197) PSYoungGen: 179712K(179712K)->103200K(216064K) Eden: 49664K(49664K)->0K(49664K) From: 130048K(130048K)->103200K(166400K)
[20.227s][info][gc,heap        ] GC(197) ParOldGen: 2993609K(3291136K)->3070913K(3291136K)
[20.227s][info][gc,metaspace   ] GC(197) Metaspace: 6298K(6464K)->6298K(6464K) NonClass: 5765K(5824K)->5765K(5824K) Class: 533K(640K)->533K(640K)
[20.227s][info][gc             ] GC(197) Pause Young (Allocation Failure) 3098M->3099M(3425M) 117.047ms
[20.227s][info][gc,cpu         ] GC(197) User=0.47s Sys=0.41s Real=0.12s
[20.282s][info][gc,start       ] GC(198) Pause Young (Allocation Failure)
[20.375s][info][gc,heap        ] GC(198) PSYoungGen: 152864K(216064K)->99616K(217600K) Eden: 49664K(49664K)->0K(55296K) From: 103200K(166400K)->99616K(162304K)
[20.375s][info][gc,heap        ] GC(198) ParOldGen: 3070913K(3291136K)->3124649K(3291136K)
[20.375s][info][gc,metaspace   ] GC(198) Metaspace: 6298K(6464K)->6298K(6464K) NonClass: 5765K(5824K)->5765K(5824K) Class: 533K(640K)->533K(640K)
[20.375s][info][gc             ] GC(198) Pause Young (Allocation Failure) 3148M->3148M(3426M) 93.822ms
[20.375s][info][gc,cpu         ] GC(198) User=0.56s Sys=0.08s Real=0.09s
[20.432s][info][gc,start       ] GC(199) Pause Young (Allocation Failure)
[20.526s][info][gc,heap        ] GC(199) PSYoungGen: 154912K(217600K)->105248K(219648K) Eden: 55296K(55296K)->0K(55296K) From: 99616K(162304K)->105248K(164352K)
[20.526s][info][gc,heap        ] GC(199) ParOldGen: 3124649K(3291136K)->3174761K(3291136K)
[20.526s][info][gc,metaspace   ] GC(199) Metaspace: 6298K(6464K)->6298K(6464K) NonClass: 5765K(5824K)->5765K(5824K) Class: 533K(640K)->533K(640K)
[20.526s][info][gc             ] GC(199) Pause Young (Allocation Failure) 3202M->3203M(3428M) 93.545ms
[20.526s][info][gc,cpu         ] GC(199) User=0.55s Sys=0.11s Real=0.10s
[20.582s][info][gc,start       ] GC(200) Pause Young (Allocation Failure)
[20.676s][info][gc,heap        ] GC(200) PSYoungGen: 160544K(219648K)->110912K(224256K) Eden: 55296K(55296K)->0K(60416K) From: 105248K(164352K)->110912K(163840K)
[20.676s][info][gc,heap        ] GC(200) ParOldGen: 3174761K(3291136K)->3224865K(3291136K)
[20.676s][info][gc,metaspace   ] GC(200) Metaspace: 6298K(6464K)->6298K(6464K) NonClass: 5765K(5824K)->5765K(5824K) Class: 533K(640K)->533K(640K)
[20.676s][info][gc             ] GC(200) Pause Young (Allocation Failure) 3257M->3257M(3433M) 94.512ms
[20.677s][info][gc,cpu         ] GC(200) User=0.50s Sys=0.14s Real=0.09s
[20.677s][info][gc,start       ] GC(201) Pause Full (Ergonomics)
[20.677s][info][gc,phases,start] GC(201) Marking Phase
[21.403s][info][gc,phases      ] GC(201) Marking Phase 726.753ms
[21.403s][info][gc,phases,start] GC(201) Summary Phase
[21.403s][info][gc,phases      ] GC(201) Summary Phase 0.054ms
[21.403s][info][gc,phases,start] GC(201) Adjust Roots
[21.404s][info][gc,phases      ] GC(201) Adjust Roots 0.160ms
[21.404s][info][gc,phases,start] GC(201) Compaction Phase
[21.759s][info][gc,phases      ] GC(201) Compaction Phase 355.581ms
[21.759s][info][gc,phases,start] GC(201) Post Compact
[21.766s][info][gc,phases      ] GC(201) Post Compact 6.213ms
[21.769s][info][gc,heap        ] GC(201) PSYoungGen: 110912K(224256K)->42062K(224256K) Eden: 0K(60416K)->0K(60416K) From: 110912K(163840K)->42062K(163840K)
[21.769s][info][gc,heap        ] GC(201) ParOldGen: 3224865K(3291136K)->3290635K(3659264K)
[21.769s][info][gc,metaspace   ] GC(201) Metaspace: 6298K(6464K)->6298K(6464K) NonClass: 5765K(5824K)->5765K(5824K) Class: 533K(640K)->533K(640K)
[21.769s][info][gc             ] GC(201) Pause Full (Ergonomics) 3257M->3254M(3792M) 1092.023ms
[21.769s][info][gc,cpu         ] GC(201) User=7.53s Sys=0.16s Real=1.09s
[21.833s][info][gc,start       ] GC(202) Pause Young (Allocation Failure)
[22.025s][info][gc,heap        ] GC(202) PSYoungGen: 102478K(224256K)->76832K(225792K) Eden: 60416K(60416K)->0K(60416K) From: 42062K(163840K)->76832K(165376K)
[22.025s][info][gc,heap        ] GC(202) ParOldGen: 3290635K(3659264K)->3316835K(3659264K)
[22.025s][info][gc,metaspace   ] GC(202) Metaspace: 6298K(6464K)->6298K(6464K) NonClass: 5765K(5824K)->5765K(5824K) Class: 533K(640K)->533K(640K)
[22.025s][info][gc             ] GC(202) Pause Young (Allocation Failure) 3313M->3314M(3794M) 191.567ms
[22.025s][info][gc,cpu         ] GC(202) User=1.34s Sys=0.08s Real=0.19s
[22.092s][info][gc,start       ] GC(203) Pause Young (Allocation Failure)
[22.174s][info][gc,heap        ] GC(203) PSYoungGen: 137248K(225792K)->137312K(215040K) Eden: 60416K(60416K)->0K(55296K) From: 76832K(165376K)->137312K(159744K)
[22.174s][info][gc,heap        ] GC(203) ParOldGen: 3316835K(3659264K)->3316835K(3659264K)
[22.174s][info][gc,metaspace   ] GC(203) Metaspace: 6298K(6464K)->6298K(6464K) NonClass: 5765K(5824K)->5765K(5824K) Class: 533K(640K)->533K(640K)
[22.174s][info][gc             ] GC(203) Pause Young (Allocation Failure) 3373M->3373M(3783M) 82.077ms
[22.174s][info][gc,cpu         ] GC(203) User=0.31s Sys=0.03s Real=0.08s
[22.227s][info][gc,start       ] GC(204) Pause Young (Allocation Failure)
[22.327s][info][gc,heap        ] GC(204) PSYoungGen: 192608K(215040K)->171008K(226304K) Eden: 55296K(55296K)->0K(55296K) From: 137312K(159744K)->171008K(171008K)
[22.327s][info][gc,heap        ] GC(204) ParOldGen: 3316835K(3659264K)->3338603K(3659264K)
[22.327s][info][gc,metaspace   ] GC(204) Metaspace: 6298K(6464K)->6298K(6464K) NonClass: 5765K(5824K)->5765K(5824K) Class: 533K(640K)->533K(640K)
[22.327s][info][gc             ] GC(204) Pause Young (Allocation Failure) 3427M->3427M(3794M) 99.746ms
[22.327s][info][gc,cpu         ] GC(204) User=0.56s Sys=0.05s Real=0.10s
[22.382s][info][gc,start       ] GC(205) Pause Young (Allocation Failure)
[22.548s][info][gc,heap        ] GC(205) PSYoungGen: 226304K(226304K)->109536K(248320K) Eden: 55296K(55296K)->0K(61952K) From: 171008K(171008K)->109536K(186368K)
[22.548s][info][gc,heap        ] GC(205) ParOldGen: 3338603K(3659264K)->3456451K(3659264K)
[22.548s][info][gc,metaspace   ] GC(205) Metaspace: 6298K(6464K)->6298K(6464K) NonClass: 5765K(5824K)->5765K(5824K) Class: 533K(640K)->533K(640K)
[22.548s][info][gc             ] GC(205) Pause Young (Allocation Failure) 3481M->3482M(3816M) 165.884ms
[22.548s][info][gc,cpu         ] GC(205) User=0.83s Sys=0.45s Real=0.17s
[22.613s][info][gc,start       ] GC(206) Pause Young (Allocation Failure)
[22.743s][info][gc,heap        ] GC(206) PSYoungGen: 171488K(248320K)->62176K(254976K) Eden: 61952K(61952K)->0K(61952K) From: 109536K(186368K)->62176K(193024K)
[22.743s][info][gc,heap        ] GC(206) ParOldGen: 3456451K(3659264K)->3566627K(3659264K)
[22.743s][info][gc,metaspace   ] GC(206) Metaspace: 6298K(6464K)->6298K(6464K) NonClass: 5765K(5824K)->5765K(5824K) Class: 533K(640K)->533K(640K)
[22.743s][info][gc             ] GC(206) Pause Young (Allocation Failure) 3542M->3543M(3822M) 129.966ms
[22.743s][info][gc,cpu         ] GC(206) User=0.52s Sys=0.38s Real=0.13s
[22.743s][info][gc,start       ] GC(207) Pause Full (Ergonomics)
[22.743s][info][gc,phases,start] GC(207) Marking Phase
[23.569s][info][gc,phases      ] GC(207) Marking Phase 825.848ms
[23.569s][info][gc,phases,start] GC(207) Summary Phase
[23.569s][info][gc,phases      ] GC(207) Summary Phase 0.111ms
[23.569s][info][gc,phases,start] GC(207) Adjust Roots
[23.570s][info][gc,phases      ] GC(207) Adjust Roots 0.237ms
[23.570s][info][gc,phases,start] GC(207) Compaction Phase
[23.937s][info][gc,phases      ] GC(207) Compaction Phase 367.190ms
[23.937s][info][gc,phases,start] GC(207) Post Compact
[23.944s][info][gc,phases      ] GC(207) Post Compact 7.355ms
[23.948s][info][gc,heap        ] GC(207) PSYoungGen: 62176K(254976K)->0K(261120K) Eden: 0K(61952K)->0K(70144K) From: 62176K(193024K)->0K(190976K)
[23.948s][info][gc,heap        ] GC(207) ParOldGen: 3566627K(3659264K)->3625925K(4054528K)
[23.948s][info][gc,metaspace   ] GC(207) Metaspace: 6298K(6464K)->6298K(6464K) NonClass: 5765K(5824K)->5765K(5824K) Class: 533K(640K)->533K(640K)
[23.948s][info][gc             ] GC(207) Pause Full (Ergonomics) 3543M->3540M(4214M) 1204.295ms
[23.948s][info][gc,cpu         ] GC(207) User=8.25s Sys=0.11s Real=1.20s
[24.020s][info][gc,start       ] GC(208) Pause Young (Allocation Failure)
[24.076s][info][gc,heap        ] GC(208) PSYoungGen: 70144K(261120K)->70368K(261120K) Eden: 70144K(70144K)->0K(70144K) From: 0K(190976K)->70368K(190976K)
[24.076s][info][gc,heap        ] GC(208) ParOldGen: 3625925K(4054528K)->3625925K(4054528K)
[24.076s][info][gc,metaspace   ] GC(208) Metaspace: 6298K(6464K)->6298K(6464K) NonClass: 5765K(5824K)->5765K(5824K) Class: 533K(640K)->533K(640K)
[24.076s][info][gc             ] GC(208) Pause Young (Allocation Failure) 3609M->3609M(4214M) 55.657ms
[24.076s][info][gc,cpu         ] GC(208) User=0.19s Sys=0.00s Real=0.06s
[24.145s][info][gc,start       ] GC(209) Pause Young (Allocation Failure)
[24.235s][info][gc,heap        ] GC(209) PSYoungGen: 140512K(261120K)->140640K(257024K) Eden: 70144K(70144K)->0K(70144K) From: 70368K(190976K)->140640K(186880K)
[24.235s][info][gc,heap        ] GC(209) ParOldGen: 3625925K(4054528K)->3625925K(4054528K)
[24.235s][info][gc,metaspace   ] GC(209) Metaspace: 6298K(6464K)->6298K(6464K) NonClass: 5765K(5824K)->5765K(5824K) Class: 533K(640K)->533K(640K)
[24.235s][info][gc             ] GC(209) Pause Young (Allocation Failure) 3678M->3678M(4210M) 90.683ms
[24.235s][info][gc,cpu         ] GC(209) User=0.30s Sys=0.05s Real=0.09s
[24.306s][info][gc,start       ] GC(210) Pause Young (Allocation Failure)
[24.436s][info][gc,heap        ] GC(210) PSYoungGen: 210784K(257024K)->140704K(264192K) Eden: 70144K(70144K)->0K(70144K) From: 140640K(186880K)->140704K(194048K)
[24.436s][info][gc,heap        ] GC(210) ParOldGen: 3625925K(4054528K)->3696693K(4054528K)
[24.436s][info][gc,metaspace   ] GC(210) Metaspace: 6298K(6464K)->6298K(6464K) NonClass: 5765K(5824K)->5765K(5824K) Class: 533K(640K)->533K(640K)
[24.437s][info][gc             ] GC(210) Pause Young (Allocation Failure) 3746M->3747M(4217M) 130.741ms
[24.437s][info][gc,cpu         ] GC(210) User=0.88s Sys=0.12s Real=0.13s
[24.517s][info][gc,start       ] GC(211) Pause Young (Allocation Failure)
[24.661s][info][gc,heap        ] GC(211) PSYoungGen: 210848K(264192K)->140640K(273408K) Eden: 70144K(70144K)->0K(73728K) From: 140704K(194048K)->140640K(199680K)
[24.662s][info][gc,heap        ] GC(211) ParOldGen: 3696693K(4054528K)->3767477K(4054528K)
[24.662s][info][gc,metaspace   ] GC(211) Metaspace: 6298K(6464K)->6298K(6464K) NonClass: 5765K(5824K)->5765K(5824K) Class: 533K(640K)->533K(640K)
[24.662s][info][gc             ] GC(211) Pause Young (Allocation Failure) 3815M->3816M(4226M) 144.240ms
[24.662s][info][gc,cpu         ] GC(211) User=0.72s Sys=0.16s Real=0.14s
[24.735s][info][gc,start       ] GC(212) Pause Young (Allocation Failure)
[24.879s][info][gc,heap        ] GC(212) PSYoungGen: 214368K(273408K)->144288K(277504K) Eden: 73728K(73728K)->0K(73728K) From: 140640K(199680K)->144288K(203776K)
[24.879s][info][gc,heap        ] GC(212) ParOldGen: 3767477K(4054528K)->3838253K(4054528K)
[24.879s][info][gc,metaspace   ] GC(212) Metaspace: 6298K(6464K)->6298K(6464K) NonClass: 5765K(5824K)->5765K(5824K) Class: 533K(640K)->533K(640K)
[24.879s][info][gc             ] GC(212) Pause Young (Allocation Failure) 3888M->3889M(4230M) 143.474ms
[24.879s][info][gc,cpu         ] GC(212) User=0.69s Sys=0.25s Real=0.14s
[24.953s][info][gc,start       ] GC(213) Pause Young (Allocation Failure)
[25.126s][info][gc,heap        ] GC(213) PSYoungGen: 218016K(277504K)->147840K(286208K) Eden: 73728K(73728K)->0K(78848K) From: 144288K(203776K)->147840K(207360K)
[25.126s][info][gc,heap        ] GC(213) ParOldGen: 3838253K(4054528K)->3909029K(4054528K)
[25.126s][info][gc,metaspace   ] GC(213) Metaspace: 6298K(6464K)->6298K(6464K) NonClass: 5765K(5824K)->5765K(5824K) Class: 533K(640K)->533K(640K)
[25.126s][info][gc             ] GC(213) Pause Young (Allocation Failure) 3961M->3961M(4239M) 172.898ms
[25.126s][info][gc,cpu         ] GC(213) User=0.66s Sys=0.38s Real=0.17s
[25.215s][info][gc,start       ] GC(214) Pause Young (Allocation Failure)
[25.414s][info][gc,heap        ] GC(214) PSYoungGen: 226688K(286208K)->79104K(289792K) Eden: 78848K(78848K)->0K(78848K) From: 147840K(207360K)->79104K(210944K)
[25.414s][info][gc,heap        ] GC(214) ParOldGen: 3909029K(4054528K)->4057765K(4058112K)
[25.414s][info][gc,metaspace   ] GC(214) Metaspace: 6298K(6464K)->6298K(6464K) NonClass: 5765K(5824K)->5765K(5824K) Class: 533K(640K)->533K(640K)
[25.414s][info][gc             ] GC(214) Pause Young (Allocation Failure) 4038M->4039M(4246M) 198.587ms
[25.414s][info][gc,cpu         ] GC(214) User=0.83s Sys=0.55s Real=0.20s
[25.414s][info][gc,start       ] GC(215) Pause Full (Ergonomics)
[25.414s][info][gc,phases,start] GC(215) Marking Phase
[26.357s][info][gc,phases      ] GC(215) Marking Phase 943.090ms
[26.357s][info][gc,phases,start] GC(215) Summary Phase
[26.357s][info][gc,phases      ] GC(215) Summary Phase 0.058ms
[26.357s][info][gc,phases,start] GC(215) Adjust Roots
[26.357s][info][gc,phases      ] GC(215) Adjust Roots 0.224ms
[26.357s][info][gc,phases,start] GC(215) Compaction Phase
[26.798s][info][gc,phases      ] GC(215) Compaction Phase 441.076ms
[26.798s][info][gc,phases,start] GC(215) Post Compact
[26.806s][info][gc,phases      ] GC(215) Post Compact 7.394ms
[26.808s][info][gc,heap        ] GC(215) PSYoungGen: 79104K(289792K)->74726K(289792K) Eden: 0K(78848K)->0K(78848K) From: 79104K(210944K)->74726K(210944K)
[26.808s][info][gc,heap        ] GC(215) ParOldGen: 4057765K(4058112K)->4057848K(4539904K)
[26.808s][info][gc,metaspace   ] GC(215) Metaspace: 6298K(6464K)->6298K(6464K) NonClass: 5765K(5824K)->5765K(5824K) Class: 533K(640K)->533K(640K)
[26.808s][info][gc             ] GC(215) Pause Full (Ergonomics) 4039M->4035M(4716M) 1393.995ms
[26.808s][info][gc,cpu         ] GC(215) User=9.56s Sys=0.08s Real=1.39s
[26.886s][info][gc,start       ] GC(216) Pause Young (Allocation Failure)
[27.169s][info][gc,heap        ] GC(216) PSYoungGen: 153574K(289792K)->79072K(284672K) Eden: 78848K(78848K)->0K(87040K) From: 74726K(210944K)->79072K(197632K)
[27.169s][info][gc,heap        ] GC(216) ParOldGen: 4057848K(4539904K)->4133272K(4539904K)
[27.169s][info][gc,metaspace   ] GC(216) Metaspace: 6298K(6464K)->6298K(6464K) NonClass: 5765K(5824K)->5765K(5824K) Class: 533K(640K)->533K(640K)
[27.169s][info][gc             ] GC(216) Pause Young (Allocation Failure) 4112M->4113M(4711M) 283.071ms
[27.169s][info][gc,cpu         ] GC(216) User=1.47s Sys=0.38s Real=0.28s
[27.264s][info][gc,start       ] GC(217) Pause Young (Allocation Failure)
[27.386s][info][gc,heap        ] GC(217) PSYoungGen: 166112K(284672K)->87328K(290816K) Eden: 87040K(87040K)->0K(87040K) From: 79072K(197632K)->87328K(203776K)
[27.386s][info][gc,heap        ] GC(217) ParOldGen: 4133272K(4539904K)->4212832K(4539904K)
[27.386s][info][gc,metaspace   ] GC(217) Metaspace: 6298K(6464K)->6298K(6464K) NonClass: 5765K(5824K)->5765K(5824K) Class: 533K(640K)->533K(640K)
[27.386s][info][gc             ] GC(217) Pause Young (Allocation Failure) 4198M->4199M(4717M) 122.082ms
[27.386s][info][gc,cpu         ] GC(217) User=0.62s Sys=0.25s Real=0.12s
[27.491s][info][gc,start       ] GC(218) Pause Young (Allocation Failure)
[27.632s][info][gc,heap        ] GC(218) PSYoungGen: 174368K(290816K)->87328K(283136K) Eden: 87040K(87040K)->0K(96768K) From: 87328K(203776K)->87328K(186368K)
[27.632s][info][gc,heap        ] GC(218) ParOldGen: 4212832K(4539904K)->4300640K(4539904K)
[27.632s][info][gc,metaspace   ] GC(218) Metaspace: 6298K(6464K)->6298K(6464K) NonClass: 5765K(5824K)->5765K(5824K) Class: 533K(640K)->533K(640K)
[27.632s][info][gc             ] GC(218) Pause Young (Allocation Failure) 4284M->4285M(4710M) 141.117ms
[27.632s][info][gc,cpu         ] GC(218) User=0.75s Sys=0.25s Real=0.14s
[27.729s][info][gc,start       ] GC(219) Pause Young (Allocation Failure)
[27.865s][info][gc,heap        ] GC(219) PSYoungGen: 184096K(283136K)->97056K(288768K) Eden: 96768K(96768K)->0K(96768K) From: 87328K(186368K)->97056K(192000K)
[27.865s][info][gc,heap        ] GC(219) ParOldGen: 4300640K(4539904K)->4388464K(4539904K)
[27.865s][info][gc,metaspace   ] GC(219) Metaspace: 6298K(6464K)->6298K(6464K) NonClass: 5765K(5824K)->5765K(5824K) Class: 533K(640K)->533K(640K)
[27.865s][info][gc             ] GC(219) Pause Young (Allocation Failure) 4379M->4380M(4715M) 136.107ms
[27.865s][info][gc,cpu         ] GC(219) User=0.58s Sys=0.38s Real=0.14s
[27.976s][info][gc,start       ] GC(220) Pause Young (Allocation Failure)
[28.131s][info][gc,heap        ] GC(220) PSYoungGen: 193824K(288768K)->97056K(279040K) Eden: 96768K(96768K)->0K(108032K) From: 97056K(192000K)->97056K(171008K)
[28.131s][info][gc,heap        ] GC(220) ParOldGen: 4388464K(4539904K)->4486104K(4539904K)
[28.131s][info][gc,metaspace   ] GC(220) Metaspace: 6298K(6464K)->6298K(6464K) NonClass: 5765K(5824K)->5765K(5824K) Class: 533K(640K)->533K(640K)
[28.131s][info][gc             ] GC(220) Pause Young (Allocation Failure) 4474M->4475M(4706M) 155.133ms
[28.131s][info][gc,cpu         ] GC(220) User=0.83s Sys=0.36s Real=0.16s
[28.131s][info][gc,start       ] GC(221) Pause Full (Ergonomics)
[28.131s][info][gc,phases,start] GC(221) Marking Phase
[29.152s][info][gc,phases      ] GC(221) Marking Phase 1020.635ms
[29.152s][info][gc,phases,start] GC(221) Summary Phase
[29.152s][info][gc,phases      ] GC(221) Summary Phase 0.074ms
[29.152s][info][gc,phases,start] GC(221) Adjust Roots
[29.152s][info][gc,phases      ] GC(221) Adjust Roots 0.160ms
[29.152s][info][gc,phases,start] GC(221) Compaction Phase
[29.574s][info][gc,phases      ] GC(221) Compaction Phase 422.046ms
[29.574s][info][gc,phases,start] GC(221) Post Compact
[29.581s][info][gc,phases      ] GC(221) Post Compact 6.642ms
[29.585s][info][gc,heap        ] GC(221) PSYoungGen: 97056K(279040K)->38982K(285696K) Eden: 0K(108032K)->0K(114688K) From: 97056K(171008K)->38982K(171008K)
[29.585s][info][gc,heap        ] GC(221) ParOldGen: 4486104K(4539904K)->4539892K(5050880K)
[29.585s][info][gc,metaspace   ] GC(221) Metaspace: 6298K(6464K)->6298K(6464K) NonClass: 5765K(5824K)->5765K(5824K) Class: 533K(640K)->533K(640K)
[29.585s][info][gc             ] GC(221) Pause Full (Ergonomics) 4475M->4471M(5211M) 1453.968ms
[29.585s][info][gc,cpu         ] GC(221) User=10.91s Sys=0.08s Real=1.45s
[29.712s][info][gc,start       ] GC(222) Pause Young (Allocation Failure)
[30.018s][info][gc,heap        ] GC(222) PSYoungGen: 153670K(285696K)->115008K(292352K) Eden: 114688K(114688K)->0K(114688K) From: 38982K(171008K)->115008K(177664K)
[30.018s][info][gc,heap        ] GC(222) ParOldGen: 4539892K(5050880K)->4579276K(5050880K)
[30.018s][info][gc,metaspace   ] GC(222) Metaspace: 6298K(6464K)->6298K(6464K) NonClass: 5765K(5824K)->5765K(5824K) Class: 533K(640K)->533K(640K)
[30.018s][info][gc             ] GC(222) Pause Young (Allocation Failure) 4583M->4584M(5218M) 305.666ms
[30.018s][info][gc,cpu         ] GC(222) User=2.06s Sys=0.11s Real=0.31s
[30.153s][info][gc,start       ] GC(223) Pause Young (Allocation Failure)
[30.312s][info][gc,heap        ] GC(223) PSYoungGen: 229696K(292352K)->174592K(261120K) Eden: 114688K(114688K)->0K(86528K) From: 115008K(177664K)->174592K(174592K)
[30.312s][info][gc,heap        ] GC(223) ParOldGen: 4579276K(5050880K)->4634868K(5050880K)
[30.312s][info][gc,metaspace   ] GC(223) Metaspace: 6298K(6464K)->6298K(6464K) NonClass: 5765K(5824K)->5765K(5824K) Class: 533K(640K)->533K(640K)
[30.312s][info][gc             ] GC(223) Pause Young (Allocation Failure) 4696M->4696M(5187M) 159.209ms
[30.312s][info][gc,cpu         ] GC(223) User=0.72s Sys=0.41s Real=0.16s
[30.400s][info][gc,start       ] GC(224) Pause Young (Allocation Failure)
[30.628s][info][gc,heap        ] GC(224) PSYoungGen: 261120K(261120K)->86816K(300544K) Eden: 86528K(86528K)->0K(86528K) From: 174592K(174592K)->86816K(214016K)
[30.628s][info][gc,heap        ] GC(224) ParOldGen: 4634868K(5050880K)->4810748K(5050880K)
[30.628s][info][gc,metaspace   ] GC(224) Metaspace: 6298K(6464K)->6298K(6464K) NonClass: 5765K(5824K)->5765K(5824K) Class: 533K(640K)->533K(640K)
[30.628s][info][gc             ] GC(224) Pause Young (Allocation Failure) 4781M->4782M(5226M) 228.094ms
[30.628s][info][gc,cpu         ] GC(224) User=1.08s Sys=0.64s Real=0.23s
[30.717s][info][gc,start       ] GC(225) Pause Young (Allocation Failure)
[30.861s][info][gc,heap        ] GC(225) PSYoungGen: 173344K(300544K)->86816K(296448K) Eden: 86528K(86528K)->0K(96256K) From: 86816K(214016K)->86816K(200192K)
[30.861s][info][gc,heap        ] GC(225) ParOldGen: 4810748K(5050880K)->4898068K(5050880K)
[30.861s][info][gc,metaspace   ] GC(225) Metaspace: 6298K(6464K)->6298K(6464K) NonClass: 5765K(5824K)->5765K(5824K) Class: 533K(640K)->533K(640K)
[30.861s][info][gc             ] GC(225) Pause Young (Allocation Failure) 4867M->4868M(5222M) 143.548ms
[30.861s][info][gc,cpu         ] GC(225) User=0.62s Sys=0.38s Real=0.14s
[30.861s][info][gc,start       ] GC(226) Pause Full (Ergonomics)
[30.861s][info][gc,phases,start] GC(226) Marking Phase
[32.140s][info][gc,phases      ] GC(226) Marking Phase 1278.709ms
[32.140s][info][gc,phases,start] GC(226) Summary Phase
[32.140s][info][gc,phases      ] GC(226) Summary Phase 0.114ms
[32.140s][info][gc,phases,start] GC(226) Adjust Roots
[32.140s][info][gc,phases      ] GC(226) Adjust Roots 0.184ms
[32.140s][info][gc,phases,start] GC(226) Compaction Phase
[32.619s][info][gc,phases      ] GC(226) Compaction Phase 478.791ms
[32.619s][info][gc,phases,start] GC(226) Post Compact
[32.628s][info][gc,phases      ] GC(226) Post Compact 8.697ms
[32.632s][info][gc,heap        ] GC(226) PSYoungGen: 86816K(296448K)->0K(301056K) Eden: 0K(96256K)->0K(96256K) From: 86816K(200192K)->0K(204800K)
[32.632s][info][gc,heap        ] GC(226) ParOldGen: 4898068K(5050880K)->4981185K(5548544K)
[32.632s][info][gc,metaspace   ] GC(226) Metaspace: 6298K(6464K)->6298K(6464K) NonClass: 5765K(5824K)->5765K(5824K) Class: 533K(640K)->533K(640K)
[32.632s][info][gc             ] GC(226) Pause Full (Ergonomics) 4868M->4864M(5712M) 1771.308ms
[32.632s][info][gc,cpu         ] GC(226) User=11.11s Sys=0.16s Real=1.77s
[32.761s][info][gc,start       ] GC(227) Pause Young (Allocation Failure)
[32.840s][info][gc,heap        ] GC(227) PSYoungGen: 96256K(301056K)->96544K(292864K) Eden: 96256K(96256K)->0K(104960K) From: 0K(204800K)->96544K(187904K)
[32.840s][info][gc,heap        ] GC(227) ParOldGen: 4981185K(5548544K)->4981185K(5548544K)
[32.840s][info][gc,metaspace   ] GC(227) Metaspace: 6298K(6464K)->6298K(6464K) NonClass: 5765K(5824K)->5765K(5824K) Class: 533K(640K)->533K(640K)
[32.840s][info][gc             ] GC(227) Pause Young (Allocation Failure) 4958M->4958M(5704M) 78.856ms
[32.840s][info][gc,cpu         ] GC(227) User=0.31s Sys=0.00s Real=0.08s
[32.959s][info][gc,start       ] GC(228) Pause Young (Allocation Failure)
[33.087s][info][gc,heap        ] GC(228) PSYoungGen: 201504K(292864K)->197632K(302592K) Eden: 104960K(104960K)->0K(104960K) From: 96544K(187904K)->197632K(197632K)
[33.087s][info][gc,heap        ] GC(228) ParOldGen: 4981185K(5548544K)->4985185K(5548544K)
[33.087s][info][gc,metaspace   ] GC(228) Metaspace: 6298K(6464K)->6298K(6464K) NonClass: 5765K(5824K)->5765K(5824K) Class: 533K(640K)->533K(640K)
[33.087s][info][gc             ] GC(228) Pause Young (Allocation Failure) 5061M->5061M(5714M) 128.307ms
[33.087s][info][gc,cpu         ] GC(228) User=0.73s Sys=0.00s Real=0.13s
[33.203s][info][gc,start       ] GC(229) Pause Young (Allocation Failure)
[33.463s][info][gc,heap        ] GC(229) PSYoungGen: 302592K(302592K)->105280K(323584K) Eden: 104960K(104960K)->0K(115712K) From: 197632K(197632K)->105280K(207872K)
[33.463s][info][gc,heap        ] GC(229) ParOldGen: 4985185K(5548544K)->5184209K(5548544K)
[33.463s][info][gc,metaspace   ] GC(229) Metaspace: 6298K(6464K)->6298K(6464K) NonClass: 5765K(5824K)->5765K(5824K) Class: 533K(640K)->533K(640K)
[33.463s][info][gc             ] GC(229) Pause Young (Allocation Failure) 5163M->5165M(5734M) 260.057ms
[33.463s][info][gc,cpu         ] GC(229) User=0.98s Sys=0.89s Real=0.26s
[33.586s][info][gc,start       ] GC(230) Pause Young (Allocation Failure)
[33.757s][info][gc,heap        ] GC(230) PSYoungGen: 220992K(323584K)->116032K(330752K) Eden: 115712K(115712K)->0K(115712K) From: 105280K(207872K)->116032K(215040K)
[33.757s][info][gc,heap        ] GC(230) ParOldGen: 5184209K(5548544K)->5290105K(5548544K)
[33.757s][info][gc,metaspace   ] GC(230) Metaspace: 6298K(6464K)->6298K(6464K) NonClass: 5765K(5824K)->5765K(5824K) Class: 533K(640K)->533K(640K)
[33.757s][info][gc             ] GC(230) Pause Young (Allocation Failure) 5278M->5279M(5741M) 171.043ms
[33.757s][info][gc,cpu         ] GC(230) User=0.92s Sys=0.41s Real=0.17s
[33.889s][info][gc,start       ] GC(231) Pause Young (Allocation Failure)
[34.075s][info][gc,heap        ] GC(231) PSYoungGen: 231744K(330752K)->116064K(317440K) Eden: 115712K(115712K)->0K(128512K) From: 116032K(215040K)->116064K(188928K)
[34.075s][info][gc,heap        ] GC(231) ParOldGen: 5290105K(5548544K)->5406865K(5548544K)
[34.075s][info][gc,metaspace   ] GC(231) Metaspace: 6298K(6464K)->6298K(6464K) NonClass: 5765K(5824K)->5765K(5824K) Class: 533K(640K)->533K(640K)
[34.075s][info][gc             ] GC(231) Pause Young (Allocation Failure) 5392M->5393M(5728M) 185.564ms
[34.075s][info][gc,cpu         ] GC(231) User=0.78s Sys=0.44s Real=0.19s
[34.075s][info][gc,start       ] GC(232) Pause Full (Ergonomics)
[34.075s][info][gc,phases,start] GC(232) Marking Phase
[35.271s][info][gc,phases      ] GC(232) Marking Phase 1196.347ms
[35.271s][info][gc,phases,start] GC(232) Summary Phase
[35.272s][info][gc,phases      ] GC(232) Summary Phase 0.104ms
[35.272s][info][gc,phases,start] GC(232) Adjust Roots
[35.272s][info][gc,phases      ] GC(232) Adjust Roots 0.162ms
[35.272s][info][gc,phases,start] GC(232) Compaction Phase
[35.742s][info][gc,phases      ] GC(232) Compaction Phase 470.268ms
[35.742s][info][gc,phases,start] GC(232) Post Compact
[35.749s][info][gc,phases      ] GC(232) Post Compact 6.952ms
[35.751s][info][gc,heap        ] GC(232) PSYoungGen: 116064K(317440K)->0K(325632K) Eden: 0K(128512K)->0K(128512K) From: 116064K(188928K)->0K(197120K)
[35.751s][info][gc,heap        ] GC(232) ParOldGen: 5406865K(5548544K)->5518612K(6161920K)
[35.751s][info][gc,metaspace   ] GC(232) Metaspace: 6298K(6464K)->6298K(6464K) NonClass: 5765K(5824K)->5765K(5824K) Class: 533K(640K)->533K(640K)
[35.751s][info][gc             ] GC(232) Pause Full (Ergonomics) 5393M->5389M(6335M) 1676.217ms
[35.751s][info][gc,cpu         ] GC(232) User=12.77s Sys=0.17s Real=1.68s
[35.897s][info][gc,start       ] GC(233) Pause Young (Allocation Failure)
[35.976s][info][gc,heap        ] GC(233) PSYoungGen: 128512K(325632K)->128864K(327680K) Eden: 128512K(128512K)->0K(140288K) From: 0K(197120K)->128864K(187392K)
[35.976s][info][gc,heap        ] GC(233) ParOldGen: 5518612K(6161920K)->5518612K(6161920K)
[35.976s][info][gc,metaspace   ] GC(233) Metaspace: 6298K(6464K)->6298K(6464K) NonClass: 5765K(5824K)->5765K(5824K) Class: 533K(640K)->533K(640K)
[35.976s][info][gc             ] GC(233) Pause Young (Allocation Failure) 5514M->5515M(6337M) 79.178ms
[35.976s][info][gc,cpu         ] GC(233) User=0.52s Sys=0.00s Real=0.08s
[37.081s][info][gc,start       ] GC(234) Pause Young (Allocation Failure)
[37.326s][info][gc,heap        ] GC(234) PSYoungGen: 269152K(327680K)->193536K(333824K) Eden: 140288K(140288K)->0K(140288K) From: 128864K(187392K)->193536K(193536K)
[37.326s][info][gc,heap        ] GC(234) ParOldGen: 5780756K(6161920K)->5857084K(6161920K)
[37.326s][info][gc,metaspace   ] GC(234) Metaspace: 6298K(6464K)->6298K(6464K) NonClass: 5765K(5824K)->5765K(5824K) Class: 533K(640K)->533K(640K)
[37.326s][info][gc             ] GC(234) Pause Young (Allocation Failure) 5908M->5908M(6343M) 245.774ms
[37.326s][info][gc,cpu         ] GC(234) User=1.41s Sys=0.02s Real=0.25s
[37.478s][info][gc,start       ] GC(235) Pause Young (Allocation Failure)
[37.661s][info][gc,heap        ] GC(235) PSYoungGen: 333824K(333824K)->140672K(378368K) Eden: 140288K(140288K)->0K(152576K) From: 193536K(193536K)->140672K(225792K)
[37.661s][info][gc,heap        ] GC(235) ParOldGen: 5857084K(6161920K)->6051996K(6161920K)
[37.661s][info][gc,metaspace   ] GC(235) Metaspace: 6298K(6464K)->6298K(6464K) NonClass: 5765K(5824K)->5765K(5824K) Class: 533K(640K)->533K(640K)
[37.661s][info][gc             ] GC(235) Pause Young (Allocation Failure) 6045M->6047M(6387M) 183.041ms
[37.661s][info][gc,cpu         ] GC(235) User=1.11s Sys=0.19s Real=0.18s
[37.661s][info][gc,start       ] GC(236) Pause Full (Ergonomics)
[37.661s][info][gc,phases,start] GC(236) Marking Phase
[38.971s][info][gc,phases      ] GC(236) Marking Phase 1309.435ms
[38.971s][info][gc,phases,start] GC(236) Summary Phase
[38.971s][info][gc,phases      ] GC(236) Summary Phase 0.166ms
[38.971s][info][gc,phases,start] GC(236) Adjust Roots
[38.971s][info][gc,phases      ] GC(236) Adjust Roots 0.257ms
[38.971s][info][gc,phases,start] GC(236) Compaction Phase
[39.913s][info][gc,phases      ] GC(236) Compaction Phase 941.260ms
[39.913s][info][gc,phases,start] GC(236) Post Compact
[39.923s][info][gc,phases      ] GC(236) Post Compact 10.192ms
[39.925s][info][gc,heap        ] GC(236) PSYoungGen: 140672K(378368K)->0K(386048K) Eden: 0K(152576K)->0K(152576K) From: 140672K(225792K)->0K(233472K)
[39.925s][info][gc,heap        ] GC(236) ParOldGen: 6051996K(6161920K)->6058674K(6766080K)
[39.925s][info][gc,metaspace   ] GC(236) Metaspace: 6298K(6464K)->6298K(6464K) NonClass: 5765K(5824K)->5765K(5824K) Class: 533K(640K)->533K(640K)
[39.925s][info][gc             ] GC(236) Pause Full (Ergonomics) 6047M->5916M(6984M) 2263.588ms
[39.925s][info][gc,cpu         ] GC(236) User=15.89s Sys=0.06s Real=2.26s
[40.081s][info][gc,start       ] GC(237) Pause Young (Allocation Failure)
[40.192s][info][gc,heap        ] GC(237) PSYoungGen: 152576K(386048K)->152960K(391168K) Eden: 152576K(152576K)->0K(164352K) From: 0K(233472K)->152960K(226816K)
[40.192s][info][gc,heap        ] GC(237) ParOldGen: 6058674K(6766080K)->6058674K(6766080K)
[40.192s][info][gc,metaspace   ] GC(237) Metaspace: 6298K(6464K)->6298K(6464K) NonClass: 5765K(5824K)->5765K(5824K) Class: 533K(640K)->533K(640K)
[40.192s][info][gc             ] GC(237) Pause Young (Allocation Failure) 6065M->6066M(6989M) 111.315ms
[40.192s][info][gc,cpu         ] GC(237) User=0.33s Sys=0.00s Real=0.11s
[40.364s][info][gc,start       ] GC(238) Pause Young (Allocation Failure)
[40.518s][info][gc,heap        ] GC(238) PSYoungGen: 317312K(391168K)->230912K(395264K) Eden: 164352K(164352K)->0K(164352K) From: 152960K(226816K)->230912K(230912K)
[40.518s][info][gc,heap        ] GC(238) ParOldGen: 6058674K(6766080K)->6145930K(6766080K)
[40.518s][info][gc,metaspace   ] GC(238) Metaspace: 6298K(6464K)->6298K(6464K) NonClass: 5765K(5824K)->5765K(5824K) Class: 533K(640K)->533K(640K)
[40.518s][info][gc             ] GC(238) Pause Young (Allocation Failure) 6226M->6227M(6993M) 154.268ms
[40.518s][info][gc,cpu         ] GC(238) User=0.84s Sys=0.02s Real=0.15s
[40.697s][info][gc,start       ] GC(239) Pause Young (Allocation Failure)
[40.894s][info][gc,heap        ] GC(239) PSYoungGen: 395264K(395264K)->283296K(432128K) Eden: 164352K(164352K)->0K(143360K) From: 230912K(230912K)->283296K(288768K)
[40.894s][info][gc,heap        ] GC(239) ParOldGen: 6145930K(6766080K)->6259146K(6766080K)
[40.895s][info][gc,metaspace   ] GC(239) Metaspace: 6298K(6464K)->6298K(6464K) NonClass: 5765K(5824K)->5765K(5824K) Class: 533K(640K)->533K(640K)
[40.895s][info][gc             ] GC(239) Pause Young (Allocation Failure) 6387M->6389M(7029M) 197.511ms
[40.895s][info][gc,cpu         ] GC(239) User=1.28s Sys=0.23s Real=0.20s
[41.043s][info][gc,start       ] GC(240) Pause Young (Allocation Failure)
[41.256s][info][gc,heap        ] GC(240) PSYoungGen: 426656K(432128K)->323072K(466432K) Eden: 143360K(143360K)->0K(143360K) From: 283296K(288768K)->323072K(323072K)
[41.256s][info][gc,heap        ] GC(240) ParOldGen: 6259146K(6766080K)->6363650K(6766080K)
[41.256s][info][gc,metaspace   ] GC(240) Metaspace: 6298K(6464K)->6298K(6464K) NonClass: 5765K(5824K)->5765K(5824K) Class: 533K(640K)->533K(640K)
[41.256s][info][gc             ] GC(240) Pause Young (Allocation Failure) 6529M->6530M(7063M) 213.862ms
[41.256s][info][gc,cpu         ] GC(240) User=1.39s Sys=0.11s Real=0.21s
[41.409s][info][gc,start       ] GC(241) Pause Young (Allocation Failure)
[41.664s][info][gc,heap        ] GC(241) PSYoungGen: 466432K(466432K)->245024K(559104K) Eden: 143360K(143360K)->0K(157696K) From: 323072K(323072K)->245024K(401408K)
[41.664s][info][gc,heap        ] GC(241) ParOldGen: 6363650K(6766080K)->6587074K(6766080K)
[41.664s][info][gc,metaspace   ] GC(241) Metaspace: 6298K(6464K)->6298K(6464K) NonClass: 5765K(5824K)->5765K(5824K) Class: 533K(640K)->533K(640K)
[41.664s][info][gc             ] GC(241) Pause Young (Allocation Failure) 6670M->6671M(7153M) 255.780ms
[41.664s][info][gc,cpu         ] GC(241) User=1.22s Sys=0.08s Real=0.26s
[41.664s][info][gc,start       ] GC(242) Pause Full (Ergonomics)
[41.664s][info][gc,phases,start] GC(242) Marking Phase
[43.184s][info][gc,phases      ] GC(242) Marking Phase 1519.116ms
[43.184s][info][gc,phases,start] GC(242) Summary Phase
[43.184s][info][gc,phases      ] GC(242) Summary Phase 0.115ms
[43.184s][info][gc,phases,start] GC(242) Adjust Roots
[43.184s][info][gc,phases      ] GC(242) Adjust Roots 0.211ms
[43.184s][info][gc,phases,start] GC(242) Compaction Phase
[43.874s][info][gc,phases      ] GC(242) Compaction Phase 690.108ms
[43.874s][info][gc,phases,start] GC(242) Post Compact
[43.884s][info][gc,phases      ] GC(242) Post Compact 10.234ms
[43.887s][info][gc,heap        ] GC(242) PSYoungGen: 245024K(559104K)->60928K(559616K) Eden: 0K(157696K)->0K(158208K) From: 245024K(401408K)->60928K(401408K)
[43.887s][info][gc,heap        ] GC(242) ParOldGen: 6587074K(6766080K)->6765582K(7544832K)
[43.887s][info][gc,metaspace   ] GC(242) Metaspace: 6298K(6464K)->6298K(6464K) NonClass: 5765K(5824K)->5765K(5824K) Class: 533K(640K)->533K(640K)
[43.887s][info][gc             ] GC(242) Pause Full (Ergonomics) 6671M->6666M(7914M) 2222.919ms
[43.887s][info][gc,cpu         ] GC(242) User=16.09s Sys=0.12s Real=2.22s
[44.068s][info][gc,start       ] GC(243) Pause Young (Allocation Failure)
[44.447s][info][gc,heap        ] GC(243) PSYoungGen: 219136K(559616K)->208128K(366592K) Eden: 158208K(158208K)->0K(158208K) From: 60928K(401408K)->208128K(208384K)
[44.447s][info][gc,heap        ] GC(243) ParOldGen: 6765582K(7544832K)->6777262K(7544832K)
[44.447s][info][gc,metaspace   ] GC(243) Metaspace: 6298K(6464K)->6298K(6464K) NonClass: 5765K(5824K)->5765K(5824K) Class: 533K(640K)->533K(640K)
[44.447s][info][gc             ] GC(243) Pause Young (Allocation Failure) 6821M->6821M(7726M) 379.814ms
[44.447s][info][gc,cpu         ] GC(243) User=2.80s Sys=0.00s Real=0.38s
[44.600s][info][gc,start       ] GC(244) Pause Young (Allocation Failure)
[44.786s][info][gc,heap        ] GC(244) PSYoungGen: 366336K(366592K)->366688K(513536K) Eden: 158208K(158208K)->0K(128512K) From: 208128K(208384K)->366688K(385024K)
[44.786s][info][gc,heap        ] GC(244) ParOldGen: 6777262K(7544832K)->6777262K(7544832K)
[44.786s][info][gc,metaspace   ] GC(244) Metaspace: 6298K(6464K)->6298K(6464K) NonClass: 5765K(5824K)->5765K(5824K) Class: 533K(640K)->533K(640K)
[44.786s][info][gc             ] GC(244) Pause Young (Allocation Failure) 6976M->6976M(7869M) 185.873ms
[44.786s][info][gc,cpu         ] GC(244) User=1.30s Sys=0.11s Real=0.19s
[44.917s][info][gc,start       ] GC(245) Pause Young (Allocation Failure)
[45.165s][info][gc,heap        ] GC(245) PSYoungGen: 495200K(513536K)->428544K(557056K) Eden: 128512K(128512K)->0K(128512K) From: 366688K(385024K)->428544K(428544K)
[45.165s][info][gc,heap        ] GC(245) ParOldGen: 6777262K(7544832K)->6844542K(7544832K)
[45.165s][info][gc,metaspace   ] GC(245) Metaspace: 6298K(6464K)->6298K(6464K) NonClass: 5765K(5824K)->5765K(5824K) Class: 533K(640K)->533K(640K)
[45.165s][info][gc             ] GC(245) Pause Young (Allocation Failure) 7102M->7102M(7912M) 248.667ms
[45.165s][info][gc,cpu         ] GC(245) User=1.67s Sys=0.05s Real=0.25s
[45.298s][info][gc,start       ] GC(246) Pause Young (Allocation Failure)
[45.611s][info][gc,heap        ] GC(246) PSYoungGen: 557056K(557056K)->378624K(629760K) Eden: 128512K(128512K)->0K(118784K) From: 428544K(428544K)->378624K(510976K)
[45.611s][info][gc,heap        ] GC(246) ParOldGen: 6844542K(7544832K)->7024646K(7544832K)
[45.611s][info][gc,metaspace   ] GC(246) Metaspace: 6298K(6464K)->6298K(6464K) NonClass: 5765K(5824K)->5765K(5824K) Class: 533K(640K)->533K(640K)
[45.611s][info][gc             ] GC(246) Pause Young (Allocation Failure) 7228M->7229M(7983M) 313.738ms
[45.611s][info][gc,cpu         ] GC(246) User=1.64s Sys=0.22s Real=0.31s
[45.740s][info][gc,start       ] GC(247) Pause Young (Allocation Failure)
[46.003s][info][gc,heap        ] GC(247) PSYoungGen: 497408K(629760K)->360224K(652800K) Eden: 118784K(118784K)->0K(118784K) From: 378624K(510976K)->360224K(534016K)
[46.003s][info][gc,heap        ] GC(247) ParOldGen: 7024646K(7544832K)->7162998K(7544832K)
[46.003s][info][gc,metaspace   ] GC(247) Metaspace: 6298K(6464K)->6298K(6464K) NonClass: 5765K(5824K)->5765K(5824K) Class: 533K(640K)->533K(640K)
[46.003s][info][gc             ] GC(247) Pause Young (Allocation Failure) 7345M->7346M(8005M) 263.009ms
[46.003s][info][gc,cpu         ] GC(247) User=1.92s Sys=0.05s Real=0.26s
[46.131s][info][gc,start       ] GC(248) Pause Young (Allocation Failure)
[46.366s][info][gc,heap        ] GC(248) PSYoungGen: 479008K(652800K)->366880K(668160K) Eden: 118784K(118784K)->0K(123904K) From: 360224K(534016K)->366880K(544256K)
[46.366s][info][gc,heap        ] GC(248) ParOldGen: 7162998K(7544832K)->7276134K(7544832K)
[46.366s][info][gc,metaspace   ] GC(248) Metaspace: 6298K(6464K)->6298K(6464K) NonClass: 5765K(5824K)->5765K(5824K) Class: 533K(640K)->533K(640K)
[46.366s][info][gc             ] GC(248) Pause Young (Allocation Failure) 7462M->7463M(8020M) 234.892ms
[46.366s][info][gc,cpu         ] GC(248) User=1.61s Sys=0.03s Real=0.23s
[46.496s][info][gc,start       ] GC(249) Pause Young (Allocation Failure)
[46.758s][info][gc,heap        ] GC(249) PSYoungGen: 490784K(668160K)->362304K(677376K) Eden: 123904K(123904K)->0K(123904K) From: 366880K(544256K)->362304K(553472K)
[46.758s][info][gc,heap        ] GC(249) ParOldGen: 7276134K(7544832K)->7405806K(7544832K)
[46.758s][info][gc,metaspace   ] GC(249) Metaspace: 6298K(6464K)->6298K(6464K) NonClass: 5765K(5824K)->5765K(5824K) Class: 533K(640K)->533K(640K)
[46.758s][info][gc             ] GC(249) Pause Young (Allocation Failure) 7584M->7586M(8029M) 261.991ms
[46.758s][info][gc,cpu         ] GC(249) User=1.78s Sys=0.06s Real=0.26s
[46.758s][info][gc,start       ] GC(250) Pause Full (Ergonomics)
[46.758s][info][gc,phases,start] GC(250) Marking Phase
[48.495s][info][gc,phases      ] GC(250) Marking Phase 1737.069ms
[48.495s][info][gc,phases,start] GC(250) Summary Phase
[48.495s][info][gc,phases      ] GC(250) Summary Phase 0.091ms
[48.495s][info][gc,phases,start] GC(250) Adjust Roots
[48.496s][info][gc,phases      ] GC(250) Adjust Roots 0.210ms
[48.496s][info][gc,phases,start] GC(250) Compaction Phase
[49.313s][info][gc,phases      ] GC(250) Compaction Phase 817.592ms
[49.313s][info][gc,phases,start] GC(250) Post Compact
[49.328s][info][gc,phases      ] GC(250) Post Compact 14.327ms
[49.331s][info][gc,heap        ] GC(250) PSYoungGen: 362304K(677376K)->216730K(677376K) Eden: 0K(123904K)->0K(123904K) From: 362304K(553472K)->216730K(553472K)
[49.331s][info][gc,heap        ] GC(250) ParOldGen: 7405806K(7544832K)->7544465K(8378368K)
[49.331s][info][gc,metaspace   ] GC(250) Metaspace: 6298K(6464K)->6298K(6464K) NonClass: 5765K(5824K)->5765K(5824K) Class: 533K(640K)->533K(640K)
[49.331s][info][gc             ] GC(250) Pause Full (Ergonomics) 7586M->7579M(8843M) 2572.650ms
[49.331s][info][gc,cpu         ] GC(250) User=18.31s Sys=0.09s Real=2.57s
[49.475s][info][gc,start       ] GC(251) Pause Young (Allocation Failure)
[50.023s][info][gc,heap        ] GC(251) PSYoungGen: 340634K(677376K)->199744K(666624K) Eden: 123904K(123904K)->0K(136704K) From: 216730K(553472K)->199744K(529920K)
[50.023s][info][gc,heap        ] GC(251) ParOldGen: 7544465K(8378368K)->7687265K(8378368K)
[50.023s][info][gc,metaspace   ] GC(251) Metaspace: 6298K(6464K)->6298K(6464K) NonClass: 5765K(5824K)->5765K(5824K) Class: 533K(640K)->533K(640K)
[50.023s][info][gc             ] GC(251) Pause Young (Allocation Failure) 7700M->7702M(8833M) 547.496ms
[50.023s][info][gc,cpu         ] GC(251) User=3.75s Sys=0.08s Real=0.55s
[50.160s][info][gc,start       ] GC(252) Pause Young (Allocation Failure)
[50.344s][info][gc,heap        ] GC(252) PSYoungGen: 336448K(666624K)->261248K(398336K) Eden: 136704K(136704K)->0K(136704K) From: 199744K(529920K)->261248K(261632K)
[50.344s][info][gc,heap        ] GC(252) ParOldGen: 7687265K(8378368K)->7763257K(8378368K)
[50.344s][info][gc,metaspace   ] GC(252) Metaspace: 6298K(6464K)->6298K(6464K) NonClass: 5765K(5824K)->5765K(5824K) Class: 533K(640K)->533K(640K)
[50.344s][info][gc             ] GC(252) Pause Young (Allocation Failure) 7835M->7836M(8571M) 183.418ms
[50.344s][info][gc,cpu         ] GC(252) User=1.16s Sys=0.11s Real=0.18s
[50.494s][info][gc,start       ] GC(253) Pause Young (Allocation Failure)
[50.712s][info][gc,heap        ] GC(253) PSYoungGen: 397952K(398336K)->274048K(624640K) Eden: 136704K(136704K)->0K(151552K) From: 261248K(261632K)->274048K(473088K)
[50.712s][info][gc,heap        ] GC(253) ParOldGen: 7763257K(8378368K)->7888281K(8378368K)
[50.712s][info][gc,metaspace   ] GC(253) Metaspace: 6298K(6464K)->6298K(6464K) NonClass: 5765K(5824K)->5765K(5824K) Class: 533K(640K)->533K(640K)
[50.712s][info][gc             ] GC(253) Pause Young (Allocation Failure) 7969M->7971M(8792M) 218.124ms
[50.712s][info][gc,cpu         ] GC(253) User=1.44s Sys=0.11s Real=0.22s
[50.871s][info][gc,start       ] GC(254) Pause Young (Allocation Failure)
[51.104s][info][gc,heap        ] GC(254) PSYoungGen: 425600K(624640K)->288960K(648192K) Eden: 151552K(151552K)->0K(151552K) From: 274048K(473088K)->288960K(496640K)
[51.105s][info][gc,heap        ] GC(254) ParOldGen: 7888281K(8378368K)->8026225K(8378368K)
[51.105s][info][gc,metaspace   ] GC(254) Metaspace: 6298K(6464K)->6298K(6464K) NonClass: 5765K(5824K)->5765K(5824K) Class: 533K(640K)->533K(640K)
[51.105s][info][gc             ] GC(254) Pause Young (Allocation Failure) 8119M->8120M(8815M) 233.884ms
[51.105s][info][gc,cpu         ] GC(254) User=1.48s Sys=0.08s Real=0.23s
[51.256s][info][gc,start       ] GC(255) Pause Young (Allocation Failure)
[51.500s][info][gc,heap        ] GC(255) PSYoungGen: 440512K(648192K)->303808K(628736K) Eden: 151552K(151552K)->0K(169472K) From: 288960K(496640K)->303808K(459264K)
[51.500s][info][gc,heap        ] GC(255) ParOldGen: 8026225K(8378368K)->8164161K(8378368K)
[51.500s][info][gc,metaspace   ] GC(255) Metaspace: 6298K(6464K)->6298K(6464K) NonClass: 5765K(5824K)->5765K(5824K) Class: 533K(640K)->533K(640K)
[51.500s][info][gc             ] GC(255) Pause Young (Allocation Failure) 8268M->8269M(8796M) 244.595ms
[51.500s][info][gc,cpu         ] GC(255) User=1.69s Sys=0.17s Real=0.24s
[51.500s][info][gc,start       ] GC(256) Pause Full (Ergonomics)
[51.500s][info][gc,phases,start] GC(256) Marking Phase
[53.394s][info][gc,phases      ] GC(256) Marking Phase 1893.489ms
[53.394s][info][gc,phases,start] GC(256) Summary Phase
[53.394s][info][gc,phases      ] GC(256) Summary Phase 0.106ms
[53.394s][info][gc,phases,start] GC(256) Adjust Roots
[53.394s][info][gc,phases      ] GC(256) Adjust Roots 0.243ms
[53.394s][info][gc,phases,start] GC(256) Compaction Phase
[54.291s][info][gc,phases      ] GC(256) Compaction Phase 896.779ms
[54.291s][info][gc,phases,start] GC(256) Post Compact
[54.304s][info][gc,phases      ] GC(256) Post Compact 12.775ms
[54.307s][info][gc,heap        ] GC(256) PSYoungGen: 303808K(628736K)->83334K(638464K) Eden: 0K(169472K)->0K(179200K) From: 303808K(459264K)->83334K(459264K)
[54.307s][info][gc,heap        ] GC(256) ParOldGen: 8164161K(8378368K)->8378117K(9267712K)
[54.307s][info][gc,metaspace   ] GC(256) Metaspace: 6298K(6464K)->6298K(6464K) NonClass: 5765K(5824K)->5765K(5824K) Class: 533K(640K)->533K(640K)
[54.307s][info][gc             ] GC(256) Pause Full (Ergonomics) 8269M->8263M(9674M) 2806.969ms
[54.307s][info][gc,cpu         ] GC(256) User=20.16s Sys=0.12s Real=2.81s
[54.496s][info][gc,start       ] GC(257) Pause Young (Allocation Failure)
[55.024s][info][gc,heap        ] GC(257) PSYoungGen: 262534K(638464K)->225408K(648192K) Eden: 179200K(179200K)->0K(179200K) From: 83334K(459264K)->225408K(468992K)
[55.025s][info][gc,heap        ] GC(257) ParOldGen: 8378117K(9267712K)->8416205K(9267712K)
[55.025s][info][gc,metaspace   ] GC(257) Metaspace: 6298K(6464K)->6298K(6464K) NonClass: 5765K(5824K)->5765K(5824K) Class: 533K(640K)->533K(640K)
[55.025s][info][gc             ] GC(257) Pause Young (Allocation Failure) 8438M->8439M(9683M) 528.162ms
[55.025s][info][gc,cpu         ] GC(257) User=3.56s Sys=0.05s Real=0.53s
[55.219s][info][gc,start       ] GC(258) Pause Young (Allocation Failure)
[55.449s][info][gc,heap        ] GC(258) PSYoungGen: 404608K(648192K)->404928K(625152K) Eden: 179200K(179200K)->0K(165888K) From: 225408K(468992K)->404928K(459264K)
[55.449s][info][gc,heap        ] GC(258) ParOldGen: 8416205K(9267712K)->8416205K(9267712K)
[55.449s][info][gc,metaspace   ] GC(258) Metaspace: 6298K(6464K)->6298K(6464K) NonClass: 5765K(5824K)->5765K(5824K) Class: 533K(640K)->533K(640K)
[55.449s][info][gc             ] GC(258) Pause Young (Allocation Failure) 8614M->8614M(9661M) 229.761ms
[55.449s][info][gc,cpu         ] GC(258) User=1.61s Sys=0.02s Real=0.23s
[55.642s][info][gc,start       ] GC(259) Pause Young (Allocation Failure)
[55.968s][info][gc,heap        ] GC(259) PSYoungGen: 570816K(625152K)->489472K(655360K) Eden: 165888K(165888K)->0K(165888K) From: 404928K(459264K)->489472K(489472K)
[55.968s][info][gc,heap        ] GC(259) ParOldGen: 8416205K(9267712K)->8498453K(9267712K)
[55.968s][info][gc,metaspace   ] GC(259) Metaspace: 6298K(6464K)->6298K(6464K) NonClass: 5765K(5824K)->5765K(5824K) Class: 533K(640K)->533K(640K)
[55.969s][info][gc             ] GC(259) Pause Young (Allocation Failure) 8776M->8777M(9690M) 326.554ms
[55.969s][info][gc,cpu         ] GC(259) User=2.19s Sys=0.09s Real=0.33s
[56.146s][info][gc,start       ] GC(260) Pause Young (Allocation Failure)
[56.551s][info][gc,heap        ] GC(260) PSYoungGen: 655360K(655360K)->473216K(725504K) Eden: 165888K(165888K)->0K(151040K) From: 489472K(489472K)->473216K(574464K)
[56.551s][info][gc,heap        ] GC(260) ParOldGen: 8498453K(9267712K)->8682325K(9267712K)
[56.551s][info][gc,metaspace   ] GC(260) Metaspace: 6298K(6464K)->6298K(6464K) NonClass: 5765K(5824K)->5765K(5824K) Class: 533K(640K)->533K(640K)
[56.551s][info][gc             ] GC(260) Pause Young (Allocation Failure) 8939M->8940M(9759M) 404.625ms
[56.551s][info][gc,cpu         ] GC(260) User=1.95s Sys=0.42s Real=0.40s
[56.728s][info][gc,start       ] GC(261) Pause Young (Allocation Failure)
[57.104s][info][gc,heap        ] GC(261) PSYoungGen: 624256K(725504K)->464000K(757760K) Eden: 151040K(151040K)->0K(151040K) From: 473216K(574464K)->464000K(606720K)
[57.104s][info][gc,heap        ] GC(261) ParOldGen: 8682325K(9267712K)->8844037K(9267712K)
[57.104s][info][gc,metaspace   ] GC(261) Metaspace: 6298K(6464K)->6298K(6464K) NonClass: 5765K(5824K)->5765K(5824K) Class: 533K(640K)->533K(640K)
[57.104s][info][gc             ] GC(261) Pause Young (Allocation Failure) 9088M->9089M(9790M) 376.404ms
[57.104s][info][gc,cpu         ] GC(261) User=2.59s Sys=0.14s Real=0.38s
[57.276s][info][gc,start       ] GC(262) Pause Young (Allocation Failure)
[57.670s][info][gc,heap        ] GC(262) PSYoungGen: 615040K(757760K)->302752K(757248K) Eden: 151040K(151040K)->0K(169984K) From: 464000K(606720K)->302752K(587264K)
[57.670s][info][gc,heap        ] GC(262) ParOldGen: 8844037K(9267712K)->9158757K(9267712K)
[57.670s][info][gc,metaspace   ] GC(262) Metaspace: 6298K(6464K)->6298K(6464K) NonClass: 5765K(5824K)->5765K(5824K) Class: 533K(640K)->533K(640K)
[57.670s][info][gc             ] GC(262) Pause Young (Allocation Failure) 9237M->9239M(9790M) 394.206ms
[57.670s][info][gc,cpu         ] GC(262) User=2.64s Sys=0.16s Real=0.39s
[57.670s][info][gc,start       ] GC(263) Pause Full (Ergonomics)
[57.670s][info][gc,phases,start] GC(263) Marking Phase
[59.922s][info][gc,phases      ] GC(263) Marking Phase 2251.283ms
[59.922s][info][gc,phases,start] GC(263) Summary Phase
[59.922s][info][gc,phases      ] GC(263) Summary Phase 0.203ms
[59.922s][info][gc,phases,start] GC(263) Adjust Roots
[59.922s][info][gc,phases      ] GC(263) Adjust Roots 0.234ms
[59.922s][info][gc,phases,start] GC(263) Compaction Phase
[60.920s][info][gc,phases      ] GC(263) Compaction Phase 997.647ms
[60.920s][info][gc,phases,start] GC(263) Post Compact
[60.938s][info][gc,phases      ] GC(263) Post Compact 17.566ms
[60.939s][info][gc,heap        ] GC(263) PSYoungGen: 302752K(757248K)->185995K(777216K) Eden: 0K(169984K)->0K(189952K) From: 302752K(587264K)->185995K(587264K)
[60.939s][info][gc,heap        ] GC(263) ParOldGen: 9158757K(9267712K)->9267530K(9420800K)
[60.939s][info][gc,metaspace   ] GC(263) Metaspace: 6298K(6464K)->6298K(6464K) NonClass: 5765K(5824K)->5765K(5824K) Class: 533K(640K)->533K(640K)
[60.939s][info][gc             ] GC(263) Pause Full (Ergonomics) 9239M->9231M(9959M) 3268.243ms
[60.939s][info][gc,cpu         ] GC(263) User=22.91s Sys=0.08s Real=3.27s
[61.148s][info][gc,start       ] GC(264) Pause Full (Ergonomics)
[61.148s][info][gc,phases,start] GC(264) Marking Phase
[63.289s][info][gc,phases      ] GC(264) Marking Phase 2141.243ms
[63.289s][info][gc,phases,start] GC(264) Summary Phase
[63.289s][info][gc,phases      ] GC(264) Summary Phase 0.130ms
[63.289s][info][gc,phases,start] GC(264) Adjust Roots
[63.290s][info][gc,phases      ] GC(264) Adjust Roots 0.271ms
[63.290s][info][gc,phases,start] GC(264) Compaction Phase
[64.017s][info][gc,phases      ] GC(264) Compaction Phase 727.214ms
[64.017s][info][gc,phases,start] GC(264) Post Compact
[64.032s][info][gc,phases      ] GC(264) Post Compact 15.470ms
[64.033s][info][gc,heap        ] GC(264) PSYoungGen: 375947K(777216K)->222852K(777216K) Eden: 189952K(189952K)->189945K(189952K) From: 185995K(587264K)->32907K(587264K)
[64.033s][info][gc,heap        ] GC(264) ParOldGen: 9267530K(9420800K)->9420594K(9420800K)
[64.033s][info][gc,metaspace   ] GC(264) Metaspace: 6298K(6464K)->6298K(6464K) NonClass: 5765K(5824K)->5765K(5824K) Class: 533K(640K)->533K(640K)
[64.033s][info][gc             ] GC(264) Pause Full (Ergonomics) 9417M->9417M(9959M) 2884.876ms
[64.033s][info][gc,cpu         ] GC(264) User=22.06s Sys=0.22s Real=2.88s
[64.033s][info][gc,start       ] GC(265) Pause Full (Ergonomics)
[64.033s][info][gc,phases,start] GC(265) Marking Phase
[66.200s][info][gc,phases      ] GC(265) Marking Phase 2166.624ms
[66.200s][info][gc,phases,start] GC(265) Summary Phase
[66.200s][info][gc,phases      ] GC(265) Summary Phase 0.091ms
[66.200s][info][gc,phases,start] GC(265) Adjust Roots
[66.200s][info][gc,phases      ] GC(265) Adjust Roots 0.166ms
[66.200s][info][gc,phases,start] GC(265) Compaction Phase
[66.860s][info][gc,phases      ] GC(265) Compaction Phase 659.539ms
[66.860s][info][gc,phases,start] GC(265) Post Compact
[66.874s][info][gc,phases      ] GC(265) Post Compact 14.608ms
[66.874s][info][gc,heap        ] GC(265) PSYoungGen: 222859K(777216K)->222858K(777216K) Eden: 189952K(189952K)->189951K(189952K) From: 32907K(587264K)->32907K(587264K)
[66.874s][info][gc,heap        ] GC(265) ParOldGen: 9420594K(9420800K)->9420594K(9420800K)
[66.874s][info][gc,metaspace   ] GC(265) Metaspace: 6298K(6464K)->6298K(6464K) NonClass: 5765K(5824K)->5765K(5824K) Class: 533K(640K)->533K(640K)
[66.874s][info][gc             ] GC(265) Pause Full (Ergonomics) 9417M->9417M(9959M) 2841.478ms
[66.874s][info][gc,cpu         ] GC(265) User=22.16s Sys=0.02s Real=2.84s
[66.875s][info][gc,start       ] GC(266) Pause Full (Ergonomics)
[66.875s][info][gc,phases,start] GC(266) Marking Phase
[69.101s][info][gc,phases      ] GC(266) Marking Phase 2226.667ms
[69.101s][info][gc,phases,start] GC(266) Summary Phase
[69.102s][info][gc,phases      ] GC(266) Summary Phase 0.153ms
[69.102s][info][gc,phases,start] GC(266) Adjust Roots
[69.102s][info][gc,phases      ] GC(266) Adjust Roots 0.349ms
[69.102s][info][gc,phases,start] GC(266) Compaction Phase
[69.804s][info][gc,phases      ] GC(266) Compaction Phase 701.775ms
[69.804s][info][gc,phases,start] GC(266) Post Compact
[69.817s][info][gc,phases      ] GC(266) Post Compact 12.934ms
[69.817s][info][gc,heap        ] GC(266) PSYoungGen: 222859K(777216K)->222859K(777216K) Eden: 189951K(189952K)->189951K(189952K) From: 32907K(587264K)->32907K(587264K)
[69.817s][info][gc,heap        ] GC(266) ParOldGen: 9420594K(9420800K)->9420594K(9420800K)
[69.817s][info][gc,metaspace   ] GC(266) Metaspace: 6298K(6464K)->6298K(6464K) NonClass: 5765K(5824K)->5765K(5824K) Class: 533K(640K)->533K(640K)
[69.817s][info][gc             ] GC(266) Pause Full (Ergonomics) 9417M->9417M(9959M) 2942.252ms
[69.817s][info][gc,cpu         ] GC(266) User=22.59s Sys=0.00s Real=2.94s
[69.817s][info][gc,start       ] GC(267) Pause Full (Ergonomics)
[69.817s][info][gc,phases,start] GC(267) Marking Phase
[72.036s][info][gc,phases      ] GC(267) Marking Phase 2218.502ms
[72.036s][info][gc,phases,start] GC(267) Summary Phase
[72.036s][info][gc,phases      ] GC(267) Summary Phase 0.154ms
[72.036s][info][gc,phases,start] GC(267) Adjust Roots
[72.036s][info][gc,phases      ] GC(267) Adjust Roots 0.325ms
[72.036s][info][gc,phases,start] GC(267) Compaction Phase
[72.780s][info][gc,phases      ] GC(267) Compaction Phase 743.488ms
[72.780s][info][gc,phases,start] GC(267) Post Compact
[72.795s][info][gc,phases      ] GC(267) Post Compact 14.774ms
[72.795s][info][gc,heap        ] GC(267) PSYoungGen: 222859K(777216K)->222859K(777216K) Eden: 189951K(189952K)->189951K(189952K) From: 32907K(587264K)->32907K(587264K)
[72.795s][info][gc,heap        ] GC(267) ParOldGen: 9420599K(9420800K)->9420599K(9420800K)
[72.795s][info][gc,metaspace   ] GC(267) Metaspace: 6298K(6464K)->6298K(6464K) NonClass: 5765K(5824K)->5765K(5824K) Class: 533K(640K)->533K(640K)
[72.795s][info][gc             ] GC(267) Pause Full (Ergonomics) 9417M->9417M(9959M) 2977.667ms
[72.795s][info][gc,cpu         ] GC(267) User=22.58s Sys=0.02s Real=2.98s
[72.795s][info][gc,start       ] GC(268) Pause Full (Ergonomics)
[72.795s][info][gc,phases,start] GC(268) Marking Phase
[75.110s][info][gc,phases      ] GC(268) Marking Phase 2315.440ms
[75.110s][info][gc,phases,start] GC(268) Summary Phase
[75.111s][info][gc,phases      ] GC(268) Summary Phase 0.172ms
[75.111s][info][gc,phases,start] GC(268) Adjust Roots
[75.111s][info][gc,phases      ] GC(268) Adjust Roots 0.378ms
[75.111s][info][gc,phases,start] GC(268) Compaction Phase
[75.843s][info][gc,phases      ] GC(268) Compaction Phase 732.038ms
[75.843s][info][gc,phases,start] GC(268) Post Compact
[75.860s][info][gc,phases      ] GC(268) Post Compact 16.287ms
[75.860s][info][gc,heap        ] GC(268) PSYoungGen: 222859K(777216K)->222859K(777216K) Eden: 189951K(189952K)->189951K(189952K) From: 32907K(587264K)->32907K(587264K)
[75.860s][info][gc,heap        ] GC(268) ParOldGen: 9420603K(9420800K)->9420603K(9420800K)
[75.860s][info][gc,metaspace   ] GC(268) Metaspace: 6298K(6464K)->6298K(6464K) NonClass: 5765K(5824K)->5765K(5824K) Class: 533K(640K)->533K(640K)
[75.860s][info][gc             ] GC(268) Pause Full (Ergonomics) 9417M->9417M(9959M) 3064.773ms
[75.860s][info][gc,cpu         ] GC(268) User=22.78s Sys=0.00s Real=3.06s
[75.860s][info][gc,start       ] GC(269) Pause Full (Ergonomics)
[75.860s][info][gc,phases,start] GC(269) Marking Phase
[78.143s][info][gc,phases      ] GC(269) Marking Phase 2283.237ms
[78.143s][info][gc,phases,start] GC(269) Summary Phase
[78.143s][info][gc,phases      ] GC(269) Summary Phase 0.105ms
[78.143s][info][gc,phases,start] GC(269) Adjust Roots
[78.144s][info][gc,phases      ] GC(269) Adjust Roots 0.246ms
[78.144s][info][gc,phases,start] GC(269) Compaction Phase
[78.873s][info][gc,phases      ] GC(269) Compaction Phase 729.140ms
[78.873s][info][gc,phases,start] GC(269) Post Compact
[78.888s][info][gc,phases      ] GC(269) Post Compact 14.562ms
[78.888s][info][gc,heap        ] GC(269) PSYoungGen: 222859K(777216K)->222859K(777216K) Eden: 189951K(189952K)->189951K(189952K) From: 32907K(587264K)->32907K(587264K)
[78.888s][info][gc,heap        ] GC(269) ParOldGen: 9420608K(9420800K)->9420608K(9420800K)
[78.888s][info][gc,metaspace   ] GC(269) Metaspace: 6298K(6464K)->6298K(6464K) NonClass: 5765K(5824K)->5765K(5824K) Class: 533K(640K)->533K(640K)
[78.888s][info][gc             ] GC(269) Pause Full (Ergonomics) 9417M->9417M(9959M) 3027.655ms
[78.888s][info][gc,cpu         ] GC(269) User=22.88s Sys=0.05s Real=3.03s
[78.888s][info][gc,start       ] GC(270) Pause Full (Ergonomics)
[78.888s][info][gc,phases,start] GC(270) Marking Phase
[81.132s][info][gc,phases      ] GC(270) Marking Phase 2244.119ms
[81.132s][info][gc,phases,start] GC(270) Summary Phase
[81.132s][info][gc,phases      ] GC(270) Summary Phase 0.116ms
[81.132s][info][gc,phases,start] GC(270) Adjust Roots
[81.133s][info][gc,phases      ] GC(270) Adjust Roots 0.269ms
[81.133s][info][gc,phases,start] GC(270) Compaction Phase
[81.883s][info][gc,phases      ] GC(270) Compaction Phase 750.341ms
[81.883s][info][gc,phases,start] GC(270) Post Compact
[81.896s][info][gc,phases      ] GC(270) Post Compact 13.516ms
[81.897s][info][gc,heap        ] GC(270) PSYoungGen: 222859K(777216K)->222859K(777216K) Eden: 189951K(189952K)->189951K(189952K) From: 32907K(587264K)->32907K(587264K)
[81.897s][info][gc,heap        ] GC(270) ParOldGen: 9420613K(9420800K)->9420613K(9420800K)
[81.897s][info][gc,metaspace   ] GC(270) Metaspace: 6298K(6464K)->6298K(6464K) NonClass: 5765K(5824K)->5765K(5824K) Class: 533K(640K)->533K(640K)
[81.897s][info][gc             ] GC(270) Pause Full (Ergonomics) 9417M->9417M(9959M) 3008.720ms
[81.897s][info][gc,cpu         ] GC(270) User=23.03s Sys=0.00s Real=3.01s
[81.897s][info][gc,start       ] GC(271) Pause Full (Ergonomics)
[81.897s][info][gc,phases,start] GC(271) Marking Phase
[84.150s][info][gc,phases      ] GC(271) Marking Phase 2253.067ms
[84.150s][info][gc,phases,start] GC(271) Summary Phase
[84.150s][info][gc,phases      ] GC(271) Summary Phase 0.191ms
[84.150s][info][gc,phases,start] GC(271) Adjust Roots
[84.151s][info][gc,phases      ] GC(271) Adjust Roots 0.340ms
[84.151s][info][gc,phases,start] GC(271) Compaction Phase
[84.911s][info][gc,phases      ] GC(271) Compaction Phase 759.933ms
[84.911s][info][gc,phases,start] GC(271) Post Compact
[84.924s][info][gc,phases      ] GC(271) Post Compact 13.540ms
[84.924s][info][gc,heap        ] GC(271) PSYoungGen: 222859K(777216K)->222859K(777216K) Eden: 189951K(189952K)->189951K(189952K) From: 32907K(587264K)->32907K(587264K)
[84.924s][info][gc,heap        ] GC(271) ParOldGen: 9420618K(9420800K)->9420618K(9420800K)
[84.924s][info][gc,metaspace   ] GC(271) Metaspace: 6298K(6464K)->6298K(6464K) NonClass: 5765K(5824K)->5765K(5824K) Class: 533K(640K)->533K(640K)
[84.924s][info][gc             ] GC(271) Pause Full (Ergonomics) 9417M->9417M(9959M) 3027.488ms
[84.924s][info][gc,cpu         ] GC(271) User=23.22s Sys=0.00s Real=3.03s
[84.925s][info][gc,start       ] GC(272) Pause Full (Ergonomics)
[84.925s][info][gc,phases,start] GC(272) Marking Phase
[87.192s][info][gc,phases      ] GC(272) Marking Phase 2267.110ms
[87.192s][info][gc,phases,start] GC(272) Summary Phase
[87.192s][info][gc,phases      ] GC(272) Summary Phase 0.128ms
[87.192s][info][gc,phases,start] GC(272) Adjust Roots
[87.192s][info][gc,phases      ] GC(272) Adjust Roots 0.236ms
[87.192s][info][gc,phases,start] GC(272) Compaction Phase
[87.934s][info][gc,phases      ] GC(272) Compaction Phase 741.726ms
[87.934s][info][gc,phases,start] GC(272) Post Compact
[87.947s][info][gc,phases      ] GC(272) Post Compact 13.109ms
[87.947s][info][gc,heap        ] GC(272) PSYoungGen: 222859K(777216K)->222859K(777216K) Eden: 189951K(189952K)->189951K(189952K) From: 32907K(587264K)->32907K(587264K)
[87.947s][info][gc,heap        ] GC(272) ParOldGen: 9420623K(9420800K)->9420623K(9420800K)
[87.947s][info][gc,metaspace   ] GC(272) Metaspace: 6298K(6464K)->6298K(6464K) NonClass: 5765K(5824K)->5765K(5824K) Class: 533K(640K)->533K(640K)
[87.947s][info][gc             ] GC(272) Pause Full (Ergonomics) 9417M->9417M(9959M) 3022.657ms
[87.947s][info][gc,cpu         ] GC(272) User=23.33s Sys=0.00s Real=3.02s
[87.947s][info][gc,start       ] GC(273) Pause Full (Ergonomics)
[87.947s][info][gc,phases,start] GC(273) Marking Phase
[90.277s][info][gc,phases      ] GC(273) Marking Phase 2329.928ms
[90.277s][info][gc,phases,start] GC(273) Summary Phase
[90.278s][info][gc,phases      ] GC(273) Summary Phase 0.141ms
[90.278s][info][gc,phases,start] GC(273) Adjust Roots
[90.278s][info][gc,phases      ] GC(273) Adjust Roots 0.287ms
[90.278s][info][gc,phases,start] GC(273) Compaction Phase
[91.089s][info][gc,phases      ] GC(273) Compaction Phase 810.565ms
[91.089s][info][gc,phases,start] GC(273) Post Compact
[91.103s][info][gc,phases      ] GC(273) Post Compact 14.892ms
[91.104s][info][gc,heap        ] GC(273) PSYoungGen: 222859K(777216K)->222859K(777216K) Eden: 189951K(189952K)->189951K(189952K) From: 32907K(587264K)->32907K(587264K)
[91.104s][info][gc,heap        ] GC(273) ParOldGen: 9420628K(9420800K)->9420628K(9420800K)
[91.104s][info][gc,metaspace   ] GC(273) Metaspace: 6298K(6464K)->6298K(6464K) NonClass: 5765K(5824K)->5765K(5824K) Class: 533K(640K)->533K(640K)
[91.104s][info][gc             ] GC(273) Pause Full (Ergonomics) 9417M->9417M(9959M) 3156.190ms
[91.104s][info][gc,cpu         ] GC(273) User=23.73s Sys=0.02s Real=3.16s
[91.104s][info][gc,start       ] GC(274) Pause Full (Ergonomics)
[91.104s][info][gc,phases,start] GC(274) Marking Phase
[93.495s][info][gc,phases      ] GC(274) Marking Phase 2391.121ms
[93.495s][info][gc,phases,start] GC(274) Summary Phase
[93.495s][info][gc,phases      ] GC(274) Summary Phase 0.140ms
[93.495s][info][gc,phases,start] GC(274) Adjust Roots
[93.496s][info][gc,phases      ] GC(274) Adjust Roots 0.225ms
[93.496s][info][gc,phases,start] GC(274) Compaction Phase
[94.314s][info][gc,phases      ] GC(274) Compaction Phase 818.013ms
[94.314s][info][gc,phases,start] GC(274) Post Compact
[94.330s][info][gc,phases      ] GC(274) Post Compact 16.088ms
[94.330s][info][gc,heap        ] GC(274) PSYoungGen: 222859K(777216K)->222859K(777216K) Eden: 189951K(189952K)->189951K(189952K) From: 32907K(587264K)->32907K(587264K)
[94.330s][info][gc,heap        ] GC(274) ParOldGen: 9420632K(9420800K)->9420632K(9420800K)
[94.330s][info][gc,metaspace   ] GC(274) Metaspace: 6298K(6464K)->6298K(6464K) NonClass: 5765K(5824K)->5765K(5824K) Class: 533K(640K)->533K(640K)
[94.330s][info][gc             ] GC(274) Pause Full (Ergonomics) 9417M->9417M(9959M) 3226.062ms
[94.330s][info][gc,cpu         ] GC(274) User=24.03s Sys=0.00s Real=3.23s
[94.330s][info][gc,start       ] GC(275) Pause Full (Ergonomics)
[94.330s][info][gc,phases,start] GC(275) Marking Phase
[96.785s][info][gc,phases      ] GC(275) Marking Phase 2454.587ms
[96.785s][info][gc,phases,start] GC(275) Summary Phase
[96.785s][info][gc,phases      ] GC(275) Summary Phase 0.097ms
[96.785s][info][gc,phases,start] GC(275) Adjust Roots
[96.785s][info][gc,phases      ] GC(275) Adjust Roots 0.200ms
[96.785s][info][gc,phases,start] GC(275) Compaction Phase
[97.602s][info][gc,phases      ] GC(275) Compaction Phase 817.160ms
[97.602s][info][gc,phases,start] GC(275) Post Compact
[97.616s][info][gc,phases      ] GC(275) Post Compact 13.569ms
[97.616s][info][gc,heap        ] GC(275) PSYoungGen: 222859K(777216K)->222859K(777216K) Eden: 189951K(189952K)->189951K(189952K) From: 32907K(587264K)->32907K(587264K)
[97.616s][info][gc,heap        ] GC(275) ParOldGen: 9420637K(9420800K)->9420637K(9420800K)
[97.616s][info][gc,metaspace   ] GC(275) Metaspace: 6298K(6464K)->6298K(6464K) NonClass: 5765K(5824K)->5765K(5824K) Class: 533K(640K)->533K(640K)
[97.616s][info][gc             ] GC(275) Pause Full (Ergonomics) 9417M->9417M(9959M) 3285.950ms
[97.616s][info][gc,cpu         ] GC(275) User=24.09s Sys=0.00s Real=3.29s
[97.616s][info][gc,start       ] GC(276) Pause Full (Ergonomics)
[97.616s][info][gc,phases,start] GC(276) Marking Phase
[100.088s][info][gc,phases      ] GC(276) Marking Phase 2471.362ms
[100.088s][info][gc,phases,start] GC(276) Summary Phase
[100.088s][info][gc,phases      ] GC(276) Summary Phase 0.107ms
[100.088s][info][gc,phases,start] GC(276) Adjust Roots
[100.088s][info][gc,phases      ] GC(276) Adjust Roots 0.208ms
[100.088s][info][gc,phases,start] GC(276) Compaction Phase
[101.001s][info][gc,phases      ] GC(276) Compaction Phase 913.167ms
[101.001s][info][gc,phases,start] GC(276) Post Compact
[101.016s][info][gc,phases      ] GC(276) Post Compact 14.902ms
[101.016s][info][gc,heap        ] GC(276) PSYoungGen: 222859K(777216K)->222859K(777216K) Eden: 189951K(189952K)->189951K(189952K) From: 32907K(587264K)->32907K(587264K)
[101.016s][info][gc,heap        ] GC(276) ParOldGen: 9420642K(9420800K)->9420642K(9420800K)
[101.016s][info][gc,metaspace   ] GC(276) Metaspace: 6298K(6464K)->6298K(6464K) NonClass: 5765K(5824K)->5765K(5824K) Class: 533K(640K)->533K(640K)
[101.017s][info][gc             ] GC(276) Pause Full (Ergonomics) 9417M->9417M(9959M) 3400.141ms
[101.017s][info][gc,cpu         ] GC(276) User=24.42s Sys=0.02s Real=3.40s
[101.017s][info][gc,start       ] GC(277) Pause Full (Ergonomics)
[101.017s][info][gc,phases,start] GC(277) Marking Phase
[103.430s][info][gc,phases      ] GC(277) Marking Phase 2413.502ms
[103.430s][info][gc,phases,start] GC(277) Summary Phase
[103.431s][info][gc,phases      ] GC(277) Summary Phase 0.154ms
[103.431s][info][gc,phases,start] GC(277) Adjust Roots
[103.431s][info][gc,phases      ] GC(277) Adjust Roots 0.302ms
[103.431s][info][gc,phases,start] GC(277) Compaction Phase
[104.260s][info][gc,phases      ] GC(277) Compaction Phase 829.318ms
[104.260s][info][gc,phases,start] GC(277) Post Compact
[104.273s][info][gc,phases      ] GC(277) Post Compact 12.577ms
[104.273s][info][gc,heap        ] GC(277) PSYoungGen: 222859K(777216K)->222859K(777216K) Eden: 189951K(189952K)->189951K(189952K) From: 32907K(587264K)->32907K(587264K)
[104.273s][info][gc,heap        ] GC(277) ParOldGen: 9420647K(9420800K)->9420647K(9420800K)
[104.273s][info][gc,metaspace   ] GC(277) Metaspace: 6298K(6464K)->6298K(6464K) NonClass: 5765K(5824K)->5765K(5824K) Class: 533K(640K)->533K(640K)
[104.273s][info][gc             ] GC(277) Pause Full (Ergonomics) 9417M->9417M(9959M) 3256.260ms
[104.273s][info][gc,cpu         ] GC(277) User=23.48s Sys=0.05s Real=3.26s
[104.273s][info][gc,start       ] GC(278) Pause Full (Ergonomics)
[104.273s][info][gc,phases,start] GC(278) Marking Phase
[106.678s][info][gc,phases      ] GC(278) Marking Phase 2404.379ms
[106.678s][info][gc,phases,start] GC(278) Summary Phase
[106.678s][info][gc,phases      ] GC(278) Summary Phase 0.175ms
[106.678s][info][gc,phases,start] GC(278) Adjust Roots
[106.678s][info][gc,phases      ] GC(278) Adjust Roots 0.455ms
[106.678s][info][gc,phases,start] GC(278) Compaction Phase
[107.550s][info][gc,phases      ] GC(278) Compaction Phase 871.463ms
[107.550s][info][gc,phases,start] GC(278) Post Compact
[107.566s][info][gc,phases      ] GC(278) Post Compact 16.186ms
[107.566s][info][gc,heap        ] GC(278) PSYoungGen: 222859K(777216K)->222859K(777216K) Eden: 189951K(189952K)->189951K(189952K) From: 32907K(587264K)->32907K(587264K)
[107.566s][info][gc,heap        ] GC(278) ParOldGen: 9420652K(9420800K)->9420652K(9420800K)
[107.566s][info][gc,metaspace   ] GC(278) Metaspace: 6298K(6464K)->6298K(6464K) NonClass: 5765K(5824K)->5765K(5824K) Class: 533K(640K)->533K(640K)
[107.566s][info][gc             ] GC(278) Pause Full (Ergonomics) 9417M->9417M(9959M) 3293.122ms
[107.566s][info][gc,cpu         ] GC(278) User=24.14s Sys=0.02s Real=3.29s
[107.567s][info][gc,start       ] GC(279) Pause Full (Ergonomics)
[107.567s][info][gc,phases,start] GC(279) Marking Phase
[109.937s][info][gc,phases      ] GC(279) Marking Phase 2370.713ms
[109.937s][info][gc,phases,start] GC(279) Summary Phase
[109.938s][info][gc,phases      ] GC(279) Summary Phase 0.105ms
[109.938s][info][gc,phases,start] GC(279) Adjust Roots
[109.938s][info][gc,phases      ] GC(279) Adjust Roots 0.178ms
[109.938s][info][gc,phases,start] GC(279) Compaction Phase
[110.737s][info][gc,phases      ] GC(279) Compaction Phase 799.521ms
[110.737s][info][gc,phases,start] GC(279) Post Compact
[110.750s][info][gc,phases      ] GC(279) Post Compact 12.424ms
[110.750s][info][gc,heap        ] GC(279) PSYoungGen: 222859K(777216K)->222859K(777216K) Eden: 189951K(189952K)->189951K(189952K) From: 32907K(587264K)->32907K(587264K)
[110.750s][info][gc,heap        ] GC(279) ParOldGen: 9420657K(9420800K)->9420657K(9420800K)
[110.750s][info][gc,metaspace   ] GC(279) Metaspace: 6298K(6464K)->6298K(6464K) NonClass: 5765K(5824K)->5765K(5824K) Class: 533K(640K)->533K(640K)
[110.750s][info][gc             ] GC(279) Pause Full (Ergonomics) 9417M->9417M(9959M) 3183.292ms
[110.750s][info][gc,cpu         ] GC(279) User=23.91s Sys=0.00s Real=3.18s
[110.750s][info][gc,start       ] GC(280) Pause Full (Ergonomics)
[110.750s][info][gc,phases,start] GC(280) Marking Phase
[113.160s][info][gc,phases      ] GC(280) Marking Phase 2409.785ms
[113.160s][info][gc,phases,start] GC(280) Summary Phase
[113.160s][info][gc,phases      ] GC(280) Summary Phase 0.090ms
[113.160s][info][gc,phases,start] GC(280) Adjust Roots
[113.160s][info][gc,phases      ] GC(280) Adjust Roots 0.169ms
[113.160s][info][gc,phases,start] GC(280) Compaction Phase
[113.983s][info][gc,phases      ] GC(280) Compaction Phase 822.885ms
[113.983s][info][gc,phases,start] GC(280) Post Compact
[113.997s][info][gc,phases      ] GC(280) Post Compact 13.993ms
[113.997s][info][gc,heap        ] GC(280) PSYoungGen: 222859K(777216K)->222859K(777216K) Eden: 189951K(189952K)->189951K(189952K) From: 32907K(587264K)->32907K(587264K)
[113.997s][info][gc,heap        ] GC(280) ParOldGen: 9420661K(9420800K)->9420661K(9420800K)
[113.997s][info][gc,metaspace   ] GC(280) Metaspace: 6298K(6464K)->6298K(6464K) NonClass: 5765K(5824K)->5765K(5824K) Class: 533K(640K)->533K(640K)
[113.997s][info][gc             ] GC(280) Pause Full (Ergonomics) 9417M->9417M(9959M) 3247.257ms
[113.997s][info][gc,cpu         ] GC(280) User=24.30s Sys=0.02s Real=3.25s
[113.998s][info][gc,start       ] GC(281) Pause Full (Ergonomics)
[113.998s][info][gc,phases,start] GC(281) Marking Phase
[116.399s][info][gc,phases      ] GC(281) Marking Phase 2401.671ms
[116.399s][info][gc,phases,start] GC(281) Summary Phase
[116.399s][info][gc,phases      ] GC(281) Summary Phase 0.095ms
[116.400s][info][gc,phases,start] GC(281) Adjust Roots
[116.400s][info][gc,phases      ] GC(281) Adjust Roots 0.220ms
[116.400s][info][gc,phases,start] GC(281) Compaction Phase
[117.244s][info][gc,phases      ] GC(281) Compaction Phase 843.862ms
[117.244s][info][gc,phases,start] GC(281) Post Compact
[117.257s][info][gc,phases      ] GC(281) Post Compact 12.932ms
[117.257s][info][gc,heap        ] GC(281) PSYoungGen: 222859K(777216K)->222859K(777216K) Eden: 189951K(189952K)->189951K(189952K) From: 32907K(587264K)->32907K(587264K)
[117.257s][info][gc,heap        ] GC(281) ParOldGen: 9420666K(9420800K)->9420666K(9420800K)
[117.257s][info][gc,metaspace   ] GC(281) Metaspace: 6298K(6464K)->6298K(6464K) NonClass: 5765K(5824K)->5765K(5824K) Class: 533K(640K)->533K(640K)
[117.257s][info][gc             ] GC(281) Pause Full (Ergonomics) 9417M->9417M(9959M) 3259.241ms
[117.257s][info][gc,cpu         ] GC(281) User=24.27s Sys=0.02s Real=3.26s
[117.257s][info][gc,start       ] GC(282) Pause Full (Ergonomics)
[117.257s][info][gc,phases,start] GC(282) Marking Phase
[119.710s][info][gc,phases      ] GC(282) Marking Phase 2453.299ms
[119.711s][info][gc,phases,start] GC(282) Summary Phase
[119.711s][info][gc,phases      ] GC(282) Summary Phase 0.100ms
[119.711s][info][gc,phases,start] GC(282) Adjust Roots
[119.711s][info][gc,phases      ] GC(282) Adjust Roots 0.261ms
[119.711s][info][gc,phases,start] GC(282) Compaction Phase
[120.526s][info][gc,phases      ] GC(282) Compaction Phase 815.283ms
[120.526s][info][gc,phases,start] GC(282) Post Compact
[120.541s][info][gc,phases      ] GC(282) Post Compact 14.537ms
[120.541s][info][gc,heap        ] GC(282) PSYoungGen: 222859K(777216K)->222859K(777216K) Eden: 189951K(189952K)->189951K(189952K) From: 32907K(587264K)->32907K(587264K)
[120.541s][info][gc,heap        ] GC(282) ParOldGen: 9420671K(9420800K)->9420671K(9420800K)
[120.541s][info][gc,metaspace   ] GC(282) Metaspace: 6298K(6464K)->6298K(6464K) NonClass: 5765K(5824K)->5765K(5824K) Class: 533K(640K)->533K(640K)
[120.541s][info][gc             ] GC(282) Pause Full (Ergonomics) 9417M->9417M(9959M) 3283.842ms
[120.541s][info][gc,cpu         ] GC(282) User=24.08s Sys=0.00s Real=3.28s
[120.541s][info][gc,start       ] GC(283) Pause Full (Ergonomics)
[120.541s][info][gc,phases,start] GC(283) Marking Phase
[123.037s][info][gc,phases      ] GC(283) Marking Phase 2495.648ms
[123.037s][info][gc,phases,start] GC(283) Summary Phase
[123.037s][info][gc,phases      ] GC(283) Summary Phase 0.111ms
[123.037s][info][gc,phases,start] GC(283) Adjust Roots
[123.037s][info][gc,phases      ] GC(283) Adjust Roots 0.244ms
[123.037s][info][gc,phases,start] GC(283) Compaction Phase
[123.860s][info][gc,phases      ] GC(283) Compaction Phase 822.418ms
[123.860s][info][gc,phases,start] GC(283) Post Compact
[123.874s][info][gc,phases      ] GC(283) Post Compact 13.757ms
[123.874s][info][gc,heap        ] GC(283) PSYoungGen: 222859K(777216K)->222859K(777216K) Eden: 189951K(189952K)->189951K(189952K) From: 32907K(587264K)->32907K(587264K)
[123.874s][info][gc,heap        ] GC(283) ParOldGen: 9420676K(9420800K)->9420676K(9420800K)
[123.874s][info][gc,metaspace   ] GC(283) Metaspace: 6298K(6464K)->6298K(6464K) NonClass: 5765K(5824K)->5765K(5824K) Class: 533K(640K)->533K(640K)
[123.874s][info][gc             ] GC(283) Pause Full (Ergonomics) 9417M->9417M(9959M) 3332.531ms
[123.874s][info][gc,cpu         ] GC(283) User=24.06s Sys=0.05s Real=3.33s
[123.874s][info][gc,start       ] GC(284) Pause Full (Ergonomics)
[123.874s][info][gc,phases,start] GC(284) Marking Phase
[126.279s][info][gc,phases      ] GC(284) Marking Phase 2404.729ms
[126.279s][info][gc,phases,start] GC(284) Summary Phase
[126.279s][info][gc,phases      ] GC(284) Summary Phase 0.193ms
[126.279s][info][gc,phases,start] GC(284) Adjust Roots
[126.279s][info][gc,phases      ] GC(284) Adjust Roots 0.357ms
[126.280s][info][gc,phases,start] GC(284) Compaction Phase
[127.095s][info][gc,phases      ] GC(284) Compaction Phase 815.672ms
[127.095s][info][gc,phases,start] GC(284) Post Compact
[127.110s][info][gc,phases      ] GC(284) Post Compact 15.094ms
[127.110s][info][gc,heap        ] GC(284) PSYoungGen: 222859K(777216K)->222859K(777216K) Eden: 189951K(189952K)->189951K(189952K) From: 32907K(587264K)->32907K(587264K)
[127.111s][info][gc,heap        ] GC(284) ParOldGen: 9420681K(9420800K)->9420681K(9420800K)
[127.111s][info][gc,metaspace   ] GC(284) Metaspace: 6298K(6464K)->6298K(6464K) NonClass: 5765K(5824K)->5765K(5824K) Class: 533K(640K)->533K(640K)
[127.111s][info][gc             ] GC(284) Pause Full (Ergonomics) 9417M->9417M(9959M) 3236.631ms
[127.111s][info][gc,cpu         ] GC(284) User=23.84s Sys=0.00s Real=3.24s
[127.111s][info][gc,start       ] GC(285) Pause Full (Ergonomics)
[127.111s][info][gc,phases,start] GC(285) Marking Phase
[129.568s][info][gc,phases      ] GC(285) Marking Phase 2456.985ms
[129.568s][info][gc,phases,start] GC(285) Summary Phase
[129.568s][info][gc,phases      ] GC(285) Summary Phase 0.148ms
[129.568s][info][gc,phases,start] GC(285) Adjust Roots
[129.568s][info][gc,phases      ] GC(285) Adjust Roots 0.272ms
[129.568s][info][gc,phases,start] GC(285) Compaction Phase
[130.386s][info][gc,phases      ] GC(285) Compaction Phase 817.956ms
[130.386s][info][gc,phases,start] GC(285) Post Compact
[130.401s][info][gc,phases      ] GC(285) Post Compact 14.468ms
[130.401s][info][gc,heap        ] GC(285) PSYoungGen: 222859K(777216K)->222859K(777216K) Eden: 189951K(189952K)->189951K(189952K) From: 32907K(587264K)->32907K(587264K)
[130.401s][info][gc,heap        ] GC(285) ParOldGen: 9420686K(9420800K)->9420686K(9420800K)
[130.401s][info][gc,metaspace   ] GC(285) Metaspace: 6298K(6464K)->6298K(6464K) NonClass: 5765K(5824K)->5765K(5824K) Class: 533K(640K)->533K(640K)
[130.401s][info][gc             ] GC(285) Pause Full (Ergonomics) 9417M->9417M(9959M) 3290.217ms
[130.401s][info][gc,cpu         ] GC(285) User=23.86s Sys=0.02s Real=3.29s
[130.401s][info][gc,start       ] GC(286) Pause Full (Ergonomics)
[130.401s][info][gc,phases,start] GC(286) Marking Phase
[132.787s][info][gc,phases      ] GC(286) Marking Phase 2385.273ms
[132.787s][info][gc,phases,start] GC(286) Summary Phase
[132.787s][info][gc,phases      ] GC(286) Summary Phase 0.170ms
[132.787s][info][gc,phases,start] GC(286) Adjust Roots
[132.787s][info][gc,phases      ] GC(286) Adjust Roots 0.326ms
[132.787s][info][gc,phases,start] GC(286) Compaction Phase
[133.609s][info][gc,phases      ] GC(286) Compaction Phase 821.385ms
[133.609s][info][gc,phases,start] GC(286) Post Compact
[133.631s][info][gc,phases      ] GC(286) Post Compact 22.608ms
[133.631s][info][gc,heap        ] GC(286) PSYoungGen: 222859K(777216K)->222859K(777216K) Eden: 189951K(189952K)->189951K(189952K) From: 32907K(587264K)->32907K(587264K)
[133.632s][info][gc,heap        ] GC(286) ParOldGen: 9420690K(9420800K)->9420690K(9420800K)
[133.632s][info][gc,metaspace   ] GC(286) Metaspace: 6298K(6464K)->6298K(6464K) NonClass: 5765K(5824K)->5765K(5824K) Class: 533K(640K)->533K(640K)
[133.632s][info][gc             ] GC(286) Pause Full (Ergonomics) 9417M->9417M(9959M) 3230.259ms
[133.632s][info][gc,cpu         ] GC(286) User=23.44s Sys=0.00s Real=3.23s
[133.632s][info][gc,start       ] GC(287) Pause Full (Ergonomics)
[133.632s][info][gc,phases,start] GC(287) Marking Phase
[136.021s][info][gc,phases      ] GC(287) Marking Phase 2389.306ms
[136.021s][info][gc,phases,start] GC(287) Summary Phase
[136.021s][info][gc,phases      ] GC(287) Summary Phase 0.182ms
[136.021s][info][gc,phases,start] GC(287) Adjust Roots
[136.022s][info][gc,phases      ] GC(287) Adjust Roots 0.331ms
[136.022s][info][gc,phases,start] GC(287) Compaction Phase
[136.838s][info][gc,phases      ] GC(287) Compaction Phase 816.175ms
[136.838s][info][gc,phases,start] GC(287) Post Compact
[136.853s][info][gc,phases      ] GC(287) Post Compact 14.731ms
[136.853s][info][gc,heap        ] GC(287) PSYoungGen: 222859K(777216K)->222859K(777216K) Eden: 189951K(189952K)->189951K(189952K) From: 32907K(587264K)->32907K(587264K)
[136.853s][info][gc,heap        ] GC(287) ParOldGen: 9420695K(9420800K)->9420695K(9420800K)
[136.853s][info][gc,metaspace   ] GC(287) Metaspace: 6298K(6464K)->6298K(6464K) NonClass: 5765K(5824K)->5765K(5824K) Class: 533K(640K)->533K(640K)
[136.853s][info][gc             ] GC(287) Pause Full (Ergonomics) 9417M->9417M(9959M) 3221.115ms
[136.853s][info][gc,cpu         ] GC(287) User=23.94s Sys=0.00s Real=3.22s
[136.853s][info][gc,start       ] GC(288) Pause Full (Ergonomics)
[136.853s][info][gc,phases,start] GC(288) Marking Phase
[139.281s][info][gc,phases      ] GC(288) Marking Phase 2427.467ms
[139.281s][info][gc,phases,start] GC(288) Summary Phase
[139.281s][info][gc,phases      ] GC(288) Summary Phase 0.151ms
[139.281s][info][gc,phases,start] GC(288) Adjust Roots
[139.281s][info][gc,phases      ] GC(288) Adjust Roots 0.333ms
[139.281s][info][gc,phases,start] GC(288) Compaction Phase
[140.135s][info][gc,phases      ] GC(288) Compaction Phase 853.305ms
[140.135s][info][gc,phases,start] GC(288) Post Compact
[140.149s][info][gc,phases      ] GC(288) Post Compact 13.966ms
[140.149s][info][gc,heap        ] GC(288) PSYoungGen: 222859K(777216K)->222859K(777216K) Eden: 189951K(189952K)->189951K(189952K) From: 32907K(587264K)->32907K(587264K)
[140.149s][info][gc,heap        ] GC(288) ParOldGen: 9420700K(9420800K)->9420700K(9420800K)
[140.149s][info][gc,metaspace   ] GC(288) Metaspace: 6298K(6464K)->6298K(6464K) NonClass: 5765K(5824K)->5765K(5824K) Class: 533K(640K)->533K(640K)
[140.149s][info][gc             ] GC(288) Pause Full (Ergonomics) 9417M->9417M(9959M) 3295.638ms
[140.149s][info][gc,cpu         ] GC(288) User=24.38s Sys=0.03s Real=3.30s
[140.149s][info][gc,start       ] GC(289) Pause Full (Ergonomics)
[140.149s][info][gc,phases,start] GC(289) Marking Phase
[142.523s][info][gc,phases      ] GC(289) Marking Phase 2373.905ms
[142.523s][info][gc,phases,start] GC(289) Summary Phase
[142.523s][info][gc,phases      ] GC(289) Summary Phase 0.142ms
[142.523s][info][gc,phases,start] GC(289) Adjust Roots
[142.524s][info][gc,phases      ] GC(289) Adjust Roots 0.272ms
[142.524s][info][gc,phases,start] GC(289) Compaction Phase
[143.321s][info][gc,phases      ] GC(289) Compaction Phase 797.683ms
[143.321s][info][gc,phases,start] GC(289) Post Compact
[143.336s][info][gc,phases      ] GC(289) Post Compact 14.428ms
[143.336s][info][gc,heap        ] GC(289) PSYoungGen: 222859K(777216K)->222859K(777216K) Eden: 189951K(189952K)->189951K(189952K) From: 32907K(587264K)->32907K(587264K)
[143.336s][info][gc,heap        ] GC(289) ParOldGen: 9420705K(9420800K)->9420705K(9420800K)
[143.336s][info][gc,metaspace   ] GC(289) Metaspace: 6298K(6464K)->6298K(6464K) NonClass: 5765K(5824K)->5765K(5824K) Class: 533K(640K)->533K(640K)
[143.336s][info][gc             ] GC(289) Pause Full (Ergonomics) 9417M->9417M(9959M) 3186.809ms
[143.336s][info][gc,cpu         ] GC(289) User=24.17s Sys=0.02s Real=3.19s
[143.336s][info][gc,start       ] GC(290) Pause Full (Ergonomics)
[143.336s][info][gc,phases,start] GC(290) Marking Phase
[145.657s][info][gc,phases      ] GC(290) Marking Phase 2320.960ms
[145.657s][info][gc,phases,start] GC(290) Summary Phase
[145.657s][info][gc,phases      ] GC(290) Summary Phase 0.095ms
[145.657s][info][gc,phases,start] GC(290) Adjust Roots
[145.657s][info][gc,phases      ] GC(290) Adjust Roots 0.175ms
[145.657s][info][gc,phases,start] GC(290) Compaction Phase
[146.454s][info][gc,phases      ] GC(290) Compaction Phase 796.075ms
[146.454s][info][gc,phases,start] GC(290) Post Compact
[146.468s][info][gc,phases      ] GC(290) Post Compact 14.579ms
[146.468s][info][gc,heap        ] GC(290) PSYoungGen: 222859K(777216K)->222859K(777216K) Eden: 189951K(189952K)->189951K(189952K) From: 32907K(587264K)->32907K(587264K)
[146.468s][info][gc,heap        ] GC(290) ParOldGen: 9420710K(9420800K)->9420710K(9420800K)
[146.468s][info][gc,metaspace   ] GC(290) Metaspace: 6298K(6464K)->6298K(6464K) NonClass: 5765K(5824K)->5765K(5824K) Class: 533K(640K)->533K(640K)
[146.468s][info][gc             ] GC(290) Pause Full (Ergonomics) 9417M->9417M(9959M) 3132.269ms
[146.468s][info][gc,cpu         ] GC(290) User=23.08s Sys=0.02s Real=3.13s
[146.469s][info][gc,start       ] GC(291) Pause Full (Ergonomics)
[146.469s][info][gc,phases,start] GC(291) Marking Phase
[148.838s][info][gc,phases      ] GC(291) Marking Phase 2369.761ms
[148.838s][info][gc,phases,start] GC(291) Summary Phase
[148.839s][info][gc,phases      ] GC(291) Summary Phase 0.161ms
[148.839s][info][gc,phases,start] GC(291) Adjust Roots
[148.839s][info][gc,phases      ] GC(291) Adjust Roots 0.361ms
[148.839s][info][gc,phases,start] GC(291) Compaction Phase
[149.592s][info][gc,phases      ] GC(291) Compaction Phase 752.960ms
[149.592s][info][gc,phases,start] GC(291) Post Compact
[149.606s][info][gc,phases      ] GC(291) Post Compact 13.520ms
[149.606s][info][gc,heap        ] GC(291) PSYoungGen: 222859K(777216K)->222859K(777216K) Eden: 189951K(189952K)->189951K(189952K) From: 32907K(587264K)->32907K(587264K)
[149.606s][info][gc,heap        ] GC(291) ParOldGen: 9420715K(9420800K)->9420715K(9420800K)
[149.606s][info][gc,metaspace   ] GC(291) Metaspace: 6298K(6464K)->6298K(6464K) NonClass: 5765K(5824K)->5765K(5824K) Class: 533K(640K)->533K(640K)
[149.606s][info][gc             ] GC(291) Pause Full (Ergonomics) 9417M->9417M(9959M) 3137.199ms
[149.606s][info][gc,cpu         ] GC(291) User=23.70s Sys=0.02s Real=3.14s
[149.606s][info][gc,start       ] GC(292) Pause Full (Ergonomics)
[149.606s][info][gc,phases,start] GC(292) Marking Phase
[151.895s][info][gc,phases      ] GC(292) Marking Phase 2289.404ms
[151.896s][info][gc,phases,start] GC(292) Summary Phase
[151.896s][info][gc,phases      ] GC(292) Summary Phase 0.091ms
[151.896s][info][gc,phases,start] GC(292) Adjust Roots
[151.896s][info][gc,phases      ] GC(292) Adjust Roots 0.161ms
[151.896s][info][gc,phases,start] GC(292) Compaction Phase
[152.643s][info][gc,phases      ] GC(292) Compaction Phase 746.939ms
[152.643s][info][gc,phases,start] GC(292) Post Compact
[152.656s][info][gc,phases      ] GC(292) Post Compact 13.371ms
[152.656s][info][gc,heap        ] GC(292) PSYoungGen: 222859K(777216K)->222859K(777216K) Eden: 189951K(189952K)->189951K(189952K) From: 32907K(587264K)->32907K(587264K)
[152.656s][info][gc,heap        ] GC(292) ParOldGen: 9420719K(9420800K)->9420719K(9420800K)
[152.656s][info][gc,metaspace   ] GC(292) Metaspace: 6298K(6464K)->6298K(6464K) NonClass: 5765K(5824K)->5765K(5824K) Class: 533K(640K)->533K(640K)
[152.656s][info][gc             ] GC(292) Pause Full (Ergonomics) 9417M->9417M(9959M) 3050.313ms
[152.656s][info][gc,cpu         ] GC(292) User=23.23s Sys=0.00s Real=3.05s
[152.657s][info][gc,start       ] GC(293) Pause Full (Ergonomics)
[152.657s][info][gc,phases,start] GC(293) Marking Phase
[154.941s][info][gc,phases      ] GC(293) Marking Phase 2284.623ms
[154.941s][info][gc,phases,start] GC(293) Summary Phase
[154.941s][info][gc,phases      ] GC(293) Summary Phase 0.147ms
[154.941s][info][gc,phases,start] GC(293) Adjust Roots
[154.942s][info][gc,phases      ] GC(293) Adjust Roots 0.212ms
[154.942s][info][gc,phases,start] GC(293) Compaction Phase
[155.686s][info][gc,phases      ] GC(293) Compaction Phase 744.391ms
[155.686s][info][gc,phases,start] GC(293) Post Compact
[155.700s][info][gc,phases      ] GC(293) Post Compact 13.954ms
[155.700s][info][gc,heap        ] GC(293) PSYoungGen: 222859K(777216K)->222859K(777216K) Eden: 189951K(189952K)->189951K(189952K) From: 32907K(587264K)->32907K(587264K)
[155.700s][info][gc,heap        ] GC(293) ParOldGen: 9420724K(9420800K)->9420724K(9420800K)
[155.700s][info][gc,metaspace   ] GC(293) Metaspace: 6298K(6464K)->6298K(6464K) NonClass: 5765K(5824K)->5765K(5824K) Class: 533K(640K)->533K(640K)
[155.700s][info][gc             ] GC(293) Pause Full (Ergonomics) 9417M->9417M(9959M) 3043.697ms
[155.700s][info][gc,cpu         ] GC(293) User=22.69s Sys=0.00s Real=3.04s
[155.701s][info][gc,start       ] GC(294) Pause Full (Ergonomics)
[155.701s][info][gc,phases,start] GC(294) Marking Phase
[158.008s][info][gc,phases      ] GC(294) Marking Phase 2307.847ms
[158.008s][info][gc,phases,start] GC(294) Summary Phase
[158.009s][info][gc,phases      ] GC(294) Summary Phase 0.099ms
[158.009s][info][gc,phases,start] GC(294) Adjust Roots
[158.009s][info][gc,phases      ] GC(294) Adjust Roots 0.222ms
[158.009s][info][gc,phases,start] GC(294) Compaction Phase
[158.746s][info][gc,phases      ] GC(294) Compaction Phase 737.233ms
[158.746s][info][gc,phases,start] GC(294) Post Compact
[158.760s][info][gc,phases      ] GC(294) Post Compact 13.451ms
[158.760s][info][gc,heap        ] GC(294) PSYoungGen: 222859K(777216K)->222859K(777216K) Eden: 189951K(189952K)->189951K(189952K) From: 32907K(587264K)->32907K(587264K)
[158.760s][info][gc,heap        ] GC(294) ParOldGen: 9420729K(9420800K)->9420729K(9420800K)
[158.760s][info][gc,metaspace   ] GC(294) Metaspace: 6298K(6464K)->6298K(6464K) NonClass: 5765K(5824K)->5765K(5824K) Class: 533K(640K)->533K(640K)
[158.760s][info][gc             ] GC(294) Pause Full (Ergonomics) 9417M->9417M(9959M) 3059.201ms
[158.760s][info][gc,cpu         ] GC(294) User=23.36s Sys=0.02s Real=3.06s
[158.760s][info][gc,start       ] GC(295) Pause Full (Ergonomics)
[158.760s][info][gc,phases,start] GC(295) Marking Phase
[161.042s][info][gc,phases      ] GC(295) Marking Phase 2281.982ms
[161.042s][info][gc,phases,start] GC(295) Summary Phase
[161.042s][info][gc,phases      ] GC(295) Summary Phase 0.098ms
[161.042s][info][gc,phases,start] GC(295) Adjust Roots
[161.042s][info][gc,phases      ] GC(295) Adjust Roots 0.222ms
[161.042s][info][gc,phases,start] GC(295) Compaction Phase
[161.770s][info][gc,phases      ] GC(295) Compaction Phase 727.294ms
[161.770s][info][gc,phases,start] GC(295) Post Compact
[161.783s][info][gc,phases      ] GC(295) Post Compact 13.393ms
[161.783s][info][gc,heap        ] GC(295) PSYoungGen: 222859K(777216K)->222859K(777216K) Eden: 189951K(189952K)->189951K(189952K) From: 32907K(587264K)->32907K(587264K)
[161.783s][info][gc,heap        ] GC(295) ParOldGen: 9420734K(9420800K)->9420734K(9420800K)
[161.783s][info][gc,metaspace   ] GC(295) Metaspace: 6298K(6464K)->6298K(6464K) NonClass: 5765K(5824K)->5765K(5824K) Class: 533K(640K)->533K(640K)
[161.783s][info][gc             ] GC(295) Pause Full (Ergonomics) 9417M->9417M(9959M) 3023.320ms
[161.783s][info][gc,cpu         ] GC(295) User=23.03s Sys=0.02s Real=3.02s
[161.784s][info][gc,start       ] GC(296) Pause Full (Ergonomics)
[161.784s][info][gc,phases,start] GC(296) Marking Phase
[164.028s][info][gc,phases      ] GC(296) Marking Phase 2244.219ms
[164.028s][info][gc,phases,start] GC(296) Summary Phase
[164.028s][info][gc,phases      ] GC(296) Summary Phase 0.133ms
[164.028s][info][gc,phases,start] GC(296) Adjust Roots
[164.028s][info][gc,phases      ] GC(296) Adjust Roots 0.282ms
[164.028s][info][gc,phases,start] GC(296) Compaction Phase
[164.735s][info][gc,phases      ] GC(296) Compaction Phase 706.747ms
[164.735s][info][gc,phases,start] GC(296) Post Compact
[164.747s][info][gc,phases      ] GC(296) Post Compact 12.315ms
[164.748s][info][gc,heap        ] GC(296) PSYoungGen: 222859K(777216K)->222859K(777216K) Eden: 189951K(189952K)->189951K(189952K) From: 32907K(587264K)->32907K(587264K)
[164.748s][info][gc,heap        ] GC(296) ParOldGen: 9420739K(9420800K)->9420739K(9420800K)
[164.748s][info][gc,metaspace   ] GC(296) Metaspace: 6298K(6464K)->6298K(6464K) NonClass: 5765K(5824K)->5765K(5824K) Class: 533K(640K)->533K(640K)
[164.748s][info][gc             ] GC(296) Pause Full (Ergonomics) 9417M->9417M(9959M) 2964.084ms
[164.748s][info][gc,cpu         ] GC(296) User=22.84s Sys=0.00s Real=2.96s
[164.748s][info][gc,start       ] GC(297) Pause Full (Ergonomics)
[164.748s][info][gc,phases,start] GC(297) Marking Phase
[167.016s][info][gc,phases      ] GC(297) Marking Phase 2268.530ms
[167.017s][info][gc,phases,start] GC(297) Summary Phase
[167.017s][info][gc,phases      ] GC(297) Summary Phase 0.179ms
[167.017s][info][gc,phases,start] GC(297) Adjust Roots
[167.017s][info][gc,phases      ] GC(297) Adjust Roots 0.433ms
[167.017s][info][gc,phases,start] GC(297) Compaction Phase
[167.786s][info][gc,phases      ] GC(297) Compaction Phase 768.585ms
[167.786s][info][gc,phases,start] GC(297) Post Compact
[167.802s][info][gc,phases      ] GC(297) Post Compact 16.581ms
[167.803s][info][gc,heap        ] GC(297) PSYoungGen: 222859K(777216K)->222859K(777216K) Eden: 189951K(189952K)->189951K(189952K) From: 32907K(587264K)->32907K(587264K)
[167.803s][info][gc,heap        ] GC(297) ParOldGen: 9420744K(9420800K)->9420744K(9420800K)
[167.803s][info][gc,metaspace   ] GC(297) Metaspace: 6298K(6464K)->6298K(6464K) NonClass: 5765K(5824K)->5765K(5824K) Class: 533K(640K)->533K(640K)
[167.803s][info][gc             ] GC(297) Pause Full (Ergonomics) 9417M->9417M(9959M) 3054.724ms
[167.803s][info][gc,cpu         ] GC(297) User=22.36s Sys=0.03s Real=3.06s
[167.803s][info][gc,start       ] GC(298) Pause Full (Ergonomics)
[167.803s][info][gc,phases,start] GC(298) Marking Phase
[170.070s][info][gc,phases      ] GC(298) Marking Phase 2267.104ms
[170.070s][info][gc,phases,start] GC(298) Summary Phase
[170.070s][info][gc,phases      ] GC(298) Summary Phase 0.098ms
[170.070s][info][gc,phases,start] GC(298) Adjust Roots
[170.070s][info][gc,phases      ] GC(298) Adjust Roots 0.181ms
[170.070s][info][gc,phases,start] GC(298) Compaction Phase
[170.785s][info][gc,phases      ] GC(298) Compaction Phase 714.424ms
[170.785s][info][gc,phases,start] GC(298) Post Compact
[170.798s][info][gc,phases      ] GC(298) Post Compact 13.342ms
[170.798s][info][gc,heap        ] GC(298) PSYoungGen: 222859K(777216K)->222859K(777216K) Eden: 189951K(189952K)->189951K(189952K) From: 32907K(587264K)->32907K(587264K)
[170.798s][info][gc,heap        ] GC(298) ParOldGen: 9420748K(9420800K)->9420748K(9420800K)
[170.798s][info][gc,metaspace   ] GC(298) Metaspace: 6298K(6464K)->6298K(6464K) NonClass: 5765K(5824K)->5765K(5824K) Class: 533K(640K)->533K(640K)
[170.798s][info][gc             ] GC(298) Pause Full (Ergonomics) 9417M->9417M(9959M) 2995.502ms
[170.798s][info][gc,cpu         ] GC(298) User=22.41s Sys=0.00s Real=2.99s
[170.799s][info][gc,start       ] GC(299) Pause Full (Ergonomics)
[170.799s][info][gc,phases,start] GC(299) Marking Phase
[172.985s][info][gc,phases      ] GC(299) Marking Phase 2186.711ms
[172.985s][info][gc,phases,start] GC(299) Summary Phase
[172.985s][info][gc,phases      ] GC(299) Summary Phase 0.109ms
[172.985s][info][gc,phases,start] GC(299) Adjust Roots
[172.986s][info][gc,phases      ] GC(299) Adjust Roots 0.178ms
[172.986s][info][gc,phases,start] GC(299) Compaction Phase
[173.692s][info][gc,phases      ] GC(299) Compaction Phase 705.866ms
[173.692s][info][gc,phases,start] GC(299) Post Compact
[173.704s][info][gc,phases      ] GC(299) Post Compact 12.414ms
[173.704s][info][gc,heap        ] GC(299) PSYoungGen: 222859K(777216K)->222859K(777216K) Eden: 189951K(189952K)->189951K(189952K) From: 32907K(587264K)->32907K(587264K)
[173.704s][info][gc,heap        ] GC(299) ParOldGen: 9420753K(9420800K)->9420753K(9420800K)
[173.704s][info][gc,metaspace   ] GC(299) Metaspace: 6298K(6464K)->6298K(6464K) NonClass: 5765K(5824K)->5765K(5824K) Class: 533K(640K)->533K(640K)
[173.704s][info][gc             ] GC(299) Pause Full (Ergonomics) 9417M->9417M(9959M) 2905.651ms
[173.704s][info][gc,cpu         ] GC(299) User=22.19s Sys=0.00s Real=2.90s
[173.704s][info][gc,start       ] GC(300) Pause Full (Ergonomics)
[173.704s][info][gc,phases,start] GC(300) Marking Phase
[175.989s][info][gc,phases      ] GC(300) Marking Phase 2284.482ms
[175.989s][info][gc,phases,start] GC(300) Summary Phase
[175.989s][info][gc,phases      ] GC(300) Summary Phase 0.095ms
[175.989s][info][gc,phases,start] GC(300) Adjust Roots
[175.989s][info][gc,phases      ] GC(300) Adjust Roots 0.182ms
[175.989s][info][gc,phases,start] GC(300) Compaction Phase
[176.698s][info][gc,phases      ] GC(300) Compaction Phase 708.170ms
[176.698s][info][gc,phases,start] GC(300) Post Compact
[176.711s][info][gc,phases      ] GC(300) Post Compact 13.687ms
[176.711s][info][gc,heap        ] GC(300) PSYoungGen: 222859K(777216K)->222859K(777216K) Eden: 189951K(189952K)->189951K(189952K) From: 32907K(587264K)->32907K(587264K)
[176.711s][info][gc,heap        ] GC(300) ParOldGen: 9420758K(9420800K)->9420758K(9420800K)
[176.711s][info][gc,metaspace   ] GC(300) Metaspace: 6298K(6464K)->6298K(6464K) NonClass: 5765K(5824K)->5765K(5824K) Class: 533K(640K)->533K(640K)
[176.711s][info][gc             ] GC(300) Pause Full (Ergonomics) 9417M->9417M(9959M) 3006.956ms
[176.711s][info][gc,cpu         ] GC(300) User=23.20s Sys=0.02s Real=3.01s
[176.712s][info][gc,start       ] GC(301) Pause Full (Ergonomics)
[176.712s][info][gc,phases,start] GC(301) Marking Phase
[179.006s][info][gc,phases      ] GC(301) Marking Phase 2294.795ms
[179.007s][info][gc,phases,start] GC(301) Summary Phase
[179.007s][info][gc,phases      ] GC(301) Summary Phase 0.160ms
[179.007s][info][gc,phases,start] GC(301) Adjust Roots
[179.007s][info][gc,phases      ] GC(301) Adjust Roots 0.363ms
[179.007s][info][gc,phases,start] GC(301) Compaction Phase
[179.753s][info][gc,phases      ] GC(301) Compaction Phase 745.620ms
[179.753s][info][gc,phases,start] GC(301) Post Compact
[179.767s][info][gc,phases      ] GC(301) Post Compact 13.808ms
[179.767s][info][gc,heap        ] GC(301) PSYoungGen: 222859K(777216K)->222859K(777216K) Eden: 189951K(189952K)->189951K(189952K) From: 32907K(587264K)->32907K(587264K)
[179.767s][info][gc,heap        ] GC(301) ParOldGen: 9420763K(9420800K)->9420763K(9420800K)
[179.767s][info][gc,metaspace   ] GC(301) Metaspace: 6298K(6464K)->6298K(6464K) NonClass: 5765K(5824K)->5765K(5824K) Class: 533K(640K)->533K(640K)
[179.767s][info][gc             ] GC(301) Pause Full (Ergonomics) 9417M->9417M(9959M) 3055.163ms
[179.767s][info][gc,cpu         ] GC(301) User=22.05s Sys=0.03s Real=3.05s
[179.767s][info][gc,start       ] GC(302) Pause Full (Ergonomics)
[179.767s][info][gc,phases,start] GC(302) Marking Phase
[182.079s][info][gc,phases      ] GC(302) Marking Phase 2312.265ms
[182.079s][info][gc,phases,start] GC(302) Summary Phase
[182.080s][info][gc,phases      ] GC(302) Summary Phase 0.112ms
[182.080s][info][gc,phases,start] GC(302) Adjust Roots
[182.080s][info][gc,phases      ] GC(302) Adjust Roots 0.280ms
[182.080s][info][gc,phases,start] GC(302) Compaction Phase
[182.817s][info][gc,phases      ] GC(302) Compaction Phase 736.938ms
[182.817s][info][gc,phases,start] GC(302) Post Compact
[182.831s][info][gc,phases      ] GC(302) Post Compact 13.616ms
[182.831s][info][gc,heap        ] GC(302) PSYoungGen: 222859K(777216K)->222859K(777216K) Eden: 189951K(189952K)->189951K(189952K) From: 32907K(587264K)->32907K(587264K)
[182.831s][info][gc,heap        ] GC(302) ParOldGen: 9420768K(9420800K)->9420768K(9420800K)
[182.831s][info][gc,metaspace   ] GC(302) Metaspace: 6298K(6464K)->6298K(6464K) NonClass: 5765K(5824K)->5765K(5824K) Class: 533K(640K)->533K(640K)
[182.831s][info][gc             ] GC(302) Pause Full (Ergonomics) 9417M->9417M(9959M) 3063.638ms
[182.831s][info][gc,cpu         ] GC(302) User=22.39s Sys=0.00s Real=3.06s
[182.831s][info][gc,start       ] GC(303) Pause Full (Ergonomics)
[182.831s][info][gc,phases,start] GC(303) Marking Phase
[185.113s][info][gc,phases      ] GC(303) Marking Phase 2281.677ms
[185.113s][info][gc,phases,start] GC(303) Summary Phase
[185.113s][info][gc,phases      ] GC(303) Summary Phase 0.133ms
[185.113s][info][gc,phases,start] GC(303) Adjust Roots
[185.113s][info][gc,phases      ] GC(303) Adjust Roots 0.204ms
[185.113s][info][gc,phases,start] GC(303) Compaction Phase
[185.847s][info][gc,phases      ] GC(303) Compaction Phase 734.380ms
[185.847s][info][gc,phases,start] GC(303) Post Compact
[185.861s][info][gc,phases      ] GC(303) Post Compact 13.465ms
[185.861s][info][gc,heap        ] GC(303) PSYoungGen: 222859K(777216K)->222859K(777216K) Eden: 189951K(189952K)->189951K(189952K) From: 32907K(587264K)->32907K(587264K)
[185.861s][info][gc,heap        ] GC(303) ParOldGen: 9420773K(9420800K)->9420773K(9420800K)
[185.861s][info][gc,metaspace   ] GC(303) Metaspace: 6298K(6464K)->6298K(6464K) NonClass: 5765K(5824K)->5765K(5824K) Class: 533K(640K)->533K(640K)
[185.861s][info][gc             ] GC(303) Pause Full (Ergonomics) 9417M->9417M(9959M) 3030.198ms
[185.861s][info][gc,cpu         ] GC(303) User=22.58s Sys=0.00s Real=3.03s
[185.861s][info][gc,start       ] GC(304) Pause Full (Ergonomics)
[185.861s][info][gc,phases,start] GC(304) Marking Phase
[188.118s][info][gc,phases      ] GC(304) Marking Phase 2256.464ms
[188.118s][info][gc,phases,start] GC(304) Summary Phase
[188.118s][info][gc,phases      ] GC(304) Summary Phase 0.098ms
[188.118s][info][gc,phases,start] GC(304) Adjust Roots
[188.118s][info][gc,phases      ] GC(304) Adjust Roots 0.232ms
[188.118s][info][gc,phases,start] GC(304) Compaction Phase
[188.825s][info][gc,phases      ] GC(304) Compaction Phase 706.771ms
[188.825s][info][gc,phases,start] GC(304) Post Compact
[188.837s][info][gc,phases      ] GC(304) Post Compact 12.384ms
[188.838s][info][gc,heap        ] GC(304) PSYoungGen: 222859K(777216K)->222859K(777216K) Eden: 189951K(189952K)->189951K(189952K) From: 32907K(587264K)->32907K(587264K)
[188.838s][info][gc,heap        ] GC(304) ParOldGen: 9420777K(9420800K)->9420777K(9420800K)
[188.838s][info][gc,metaspace   ] GC(304) Metaspace: 6298K(6464K)->6298K(6464K) NonClass: 5765K(5824K)->5765K(5824K) Class: 533K(640K)->533K(640K)
[188.838s][info][gc             ] GC(304) Pause Full (Ergonomics) 9417M->9417M(9959M) 2976.302ms
[188.838s][info][gc,cpu         ] GC(304) User=22.14s Sys=0.00s Real=2.98s
[188.838s][info][gc,start       ] GC(305) Pause Full (Ergonomics)
[188.838s][info][gc,phases,start] GC(305) Marking Phase
[191.097s][info][gc,phases      ] GC(305) Marking Phase 2259.404ms
[191.097s][info][gc,phases,start] GC(305) Summary Phase
[191.097s][info][gc,phases      ] GC(305) Summary Phase 0.163ms
[191.097s][info][gc,phases,start] GC(305) Adjust Roots
[191.098s][info][gc,phases      ] GC(305) Adjust Roots 0.296ms
[191.098s][info][gc,phases,start] GC(305) Compaction Phase
[191.814s][info][gc,phases      ] GC(305) Compaction Phase 715.893ms
[191.814s][info][gc,phases,start] GC(305) Post Compact
[191.829s][info][gc,phases      ] GC(305) Post Compact 14.920ms
[191.829s][info][gc,heap        ] GC(305) PSYoungGen: 222859K(777216K)->222859K(777216K) Eden: 189951K(189952K)->189951K(189952K) From: 32907K(587264K)->32907K(587264K)
[191.829s][info][gc,heap        ] GC(305) ParOldGen: 9420782K(9420800K)->9420782K(9420800K)
[191.829s][info][gc,metaspace   ] GC(305) Metaspace: 6298K(6464K)->6298K(6464K) NonClass: 5765K(5824K)->5765K(5824K) Class: 533K(640K)->533K(640K)
[191.829s][info][gc             ] GC(305) Pause Full (Ergonomics) 9417M->9417M(9959M) 2991.146ms
[191.829s][info][gc,cpu         ] GC(305) User=22.39s Sys=0.00s Real=2.99s
[191.829s][info][gc,start       ] GC(306) Pause Full (Ergonomics)
[191.829s][info][gc,phases,start] GC(306) Marking Phase
[194.048s][info][gc,phases      ] GC(306) Marking Phase 2218.610ms
[194.048s][info][gc,phases,start] GC(306) Summary Phase
[194.048s][info][gc,phases      ] GC(306) Summary Phase 0.104ms
[194.048s][info][gc,phases,start] GC(306) Adjust Roots
[194.048s][info][gc,phases      ] GC(306) Adjust Roots 0.205ms
[194.048s][info][gc,phases,start] GC(306) Compaction Phase
[194.768s][info][gc,phases      ] GC(306) Compaction Phase 719.478ms
[194.768s][info][gc,phases,start] GC(306) Post Compact
[194.783s][info][gc,phases      ] GC(306) Post Compact 15.285ms
[194.783s][info][gc,heap        ] GC(306) PSYoungGen: 222859K(777216K)->222859K(777216K) Eden: 189951K(189952K)->189951K(189952K) From: 32907K(587264K)->32907K(587264K)
[194.783s][info][gc,heap        ] GC(306) ParOldGen: 9420787K(9420800K)->9420787K(9420800K)
[194.783s][info][gc,metaspace   ] GC(306) Metaspace: 6298K(6464K)->6298K(6464K) NonClass: 5765K(5824K)->5765K(5824K) Class: 533K(640K)->533K(640K)
[194.783s][info][gc             ] GC(306) Pause Full (Ergonomics) 9417M->9417M(9959M) 2954.045ms
[194.783s][info][gc,cpu         ] GC(306) User=21.94s Sys=0.05s Real=2.95s
[194.783s][info][gc,start       ] GC(307) Pause Full (Ergonomics)
[194.783s][info][gc,phases,start] GC(307) Marking Phase
[197.022s][info][gc,phases      ] GC(307) Marking Phase 2238.723ms
[197.022s][info][gc,phases,start] GC(307) Summary Phase
[197.022s][info][gc,phases      ] GC(307) Summary Phase 0.098ms
[197.022s][info][gc,phases,start] GC(307) Adjust Roots
[197.023s][info][gc,phases      ] GC(307) Adjust Roots 0.171ms
[197.023s][info][gc,phases,start] GC(307) Compaction Phase
[197.730s][info][gc,phases      ] GC(307) Compaction Phase 707.359ms
[197.730s][info][gc,phases,start] GC(307) Post Compact
[197.744s][info][gc,phases      ] GC(307) Post Compact 14.343ms
[197.744s][info][gc,heap        ] GC(307) PSYoungGen: 222859K(777216K)->222859K(777216K) Eden: 189951K(189952K)->189951K(189952K) From: 32907K(587264K)->32907K(587264K)
[197.744s][info][gc,heap        ] GC(307) ParOldGen: 9420792K(9420800K)->9420792K(9420800K)
[197.744s][info][gc,metaspace   ] GC(307) Metaspace: 6298K(6464K)->6298K(6464K) NonClass: 5765K(5824K)->5765K(5824K) Class: 533K(640K)->533K(640K)
[197.744s][info][gc             ] GC(307) Pause Full (Ergonomics) 9417M->9417M(9959M) 2961.032ms
[197.745s][info][gc,cpu         ] GC(307) User=22.30s Sys=0.02s Real=2.96s
[197.745s][info][gc,start       ] GC(308) Pause Full (Ergonomics)
[197.745s][info][gc,phases,start] GC(308) Marking Phase
[199.973s][info][gc,phases      ] GC(308) Marking Phase 2227.805ms
[199.973s][info][gc,phases,start] GC(308) Summary Phase
[199.973s][info][gc,phases      ] GC(308) Summary Phase 0.096ms
[199.973s][info][gc,phases,start] GC(308) Adjust Roots
[199.973s][info][gc,phases      ] GC(308) Adjust Roots 0.163ms
[199.973s][info][gc,phases,start] GC(308) Compaction Phase
[200.674s][info][gc,phases      ] GC(308) Compaction Phase 700.851ms
[200.674s][info][gc,phases,start] GC(308) Post Compact
[200.686s][info][gc,phases      ] GC(308) Post Compact 12.299ms
[200.686s][info][gc,heap        ] GC(308) PSYoungGen: 222859K(777216K)->222859K(777216K) Eden: 189951K(189952K)->189951K(189952K) From: 32907K(587264K)->32907K(587264K)
[200.686s][info][gc,heap        ] GC(308) ParOldGen: 9420797K(9420800K)->9420797K(9420800K)
[200.686s][info][gc,metaspace   ] GC(308) Metaspace: 6298K(6464K)->6298K(6464K) NonClass: 5765K(5824K)->5765K(5824K) Class: 533K(640K)->533K(640K)
[200.686s][info][gc             ] GC(308) Pause Full (Ergonomics) 9417M->9417M(9959M) 2941.542ms
[200.686s][info][gc,cpu         ] GC(308) User=21.95s Sys=0.02s Real=2.94s
[200.686s][info][gc,start       ] GC(309) Pause Full (Ergonomics)
[200.686s][info][gc,phases,start] GC(309) Marking Phase
[202.957s][info][gc,phases      ] GC(309) Marking Phase 2270.420ms
[202.957s][info][gc,phases,start] GC(309) Summary Phase
[202.957s][info][gc,phases      ] GC(309) Summary Phase 0.142ms
[202.957s][info][gc,phases,start] GC(309) Adjust Roots
[202.957s][info][gc,phases      ] GC(309) Adjust Roots 0.228ms
[202.957s][info][gc,phases,start] GC(309) Compaction Phase
[203.638s][info][gc,phases      ] GC(309) Compaction Phase 680.730ms
[203.638s][info][gc,phases,start] GC(309) Post Compact
[203.652s][info][gc,phases      ] GC(309) Post Compact 13.726ms
[203.652s][info][gc,heap        ] GC(309) PSYoungGen: 222859K(777216K)->222859K(777216K) Eden: 189951K(189952K)->189951K(189952K) From: 32907K(587264K)->32907K(587264K)
[203.652s][info][gc,heap        ] GC(309) ParOldGen: 9420799K(9420800K)->9420799K(9420800K)
[203.652s][info][gc,metaspace   ] GC(309) Metaspace: 6298K(6464K)->6298K(6464K) NonClass: 5765K(5824K)->5765K(5824K) Class: 533K(640K)->533K(640K)
[203.652s][info][gc             ] GC(309) Pause Full (Ergonomics) 9417M->9417M(9959M) 2965.601ms
[203.652s][info][gc,cpu         ] GC(309) User=22.06s Sys=0.02s Real=2.96s
[203.652s][info][gc,start       ] GC(310) Pause Full (Allocation Failure)
[203.652s][info][gc,phases,start] GC(310) Marking Phase
[205.865s][info][gc,phases      ] GC(310) Marking Phase 2212.707ms
[205.865s][info][gc,phases,start] GC(310) Summary Phase
[205.865s][info][gc,phases      ] GC(310) Summary Phase 0.099ms
[205.865s][info][gc,phases,start] GC(310) Adjust Roots
[205.865s][info][gc,phases      ] GC(310) Adjust Roots 0.384ms
[205.865s][info][gc,phases,start] GC(310) Compaction Phase
[208.190s][info][gc,phases      ] GC(310) Compaction Phase 2324.202ms
[208.190s][info][gc,phases,start] GC(310) Post Compact
[208.205s][info][gc,phases      ] GC(310) Post Compact 15.226ms
[208.205s][info][gc,heap        ] GC(310) PSYoungGen: 222859K(777216K)->222859K(777216K) Eden: 189951K(189952K)->189951K(189952K) From: 32907K(587264K)->32907K(587264K)
[208.205s][info][gc,heap        ] GC(310) ParOldGen: 9420799K(9420800K)->9420795K(9420800K)
[208.205s][info][gc,metaspace   ] GC(310) Metaspace: 6298K(6464K)->6297K(6464K) NonClass: 5765K(5824K)->5764K(5824K) Class: 533K(640K)->532K(640K)
[208.205s][info][gc             ] GC(310) Pause Full (Allocation Failure) 9417M->9417M(9959M) 4552.953ms
[208.205s][info][gc,cpu         ] GC(310) User=32.03s Sys=0.05s Real=4.55s
[208.206s][info][gc,start       ] GC(311) Pause Full (Ergonomics)
[208.206s][info][gc,phases,start] GC(311) Marking Phase
[210.403s][info][gc,phases      ] GC(311) Marking Phase 2197.713ms
[210.403s][info][gc,phases,start] GC(311) Summary Phase
[210.403s][info][gc,phases      ] GC(311) Summary Phase 0.092ms
[210.403s][info][gc,phases,start] GC(311) Adjust Roots
[210.404s][info][gc,phases      ] GC(311) Adjust Roots 0.207ms
[210.404s][info][gc,phases,start] GC(311) Compaction Phase
[211.069s][info][gc,phases      ] GC(311) Compaction Phase 665.495ms
[211.069s][info][gc,phases,start] GC(311) Post Compact
[211.089s][info][gc,phases      ] GC(311) Post Compact 19.445ms
[211.089s][info][gc,heap        ] GC(311) PSYoungGen: 222859K(777216K)->222859K(777216K) Eden: 189951K(189952K)->189951K(189952K) From: 32907K(587264K)->32907K(587264K)
[211.089s][info][gc,heap        ] GC(311) ParOldGen: 9420797K(9420800K)->9420797K(9420800K)
[211.089s][info][gc,metaspace   ] GC(311) Metaspace: 6297K(6464K)->6297K(6464K) NonClass: 5764K(5824K)->5764K(5824K) Class: 532K(640K)->532K(640K)
[211.089s][info][gc             ] GC(311) Pause Full (Ergonomics) 9417M->9417M(9959M) 2883.373ms
[211.089s][info][gc,cpu         ] GC(311) User=22.11s Sys=0.00s Real=2.88s
[211.089s][info][gc,start       ] GC(312) Pause Full (Ergonomics)
[211.089s][info][gc,phases,start] GC(312) Marking Phase
[213.256s][info][gc,phases      ] GC(312) Marking Phase 2166.302ms
[213.256s][info][gc,phases,start] GC(312) Summary Phase
[213.256s][info][gc,phases      ] GC(312) Summary Phase 0.091ms
[213.256s][info][gc,phases,start] GC(312) Adjust Roots
[213.256s][info][gc,phases      ] GC(312) Adjust Roots 0.160ms
[213.256s][info][gc,phases,start] GC(312) Compaction Phase
[213.925s][info][gc,phases      ] GC(312) Compaction Phase 668.444ms
[213.925s][info][gc,phases,start] GC(312) Post Compact
[213.939s][info][gc,phases      ] GC(312) Post Compact 14.198ms
[213.939s][info][gc,heap        ] GC(312) PSYoungGen: 222859K(777216K)->222859K(777216K) Eden: 189951K(189952K)->189951K(189952K) From: 32907K(587264K)->32907K(587264K)
[213.939s][info][gc,heap        ] GC(312) ParOldGen: 9420799K(9420800K)->9420799K(9420800K)
[213.939s][info][gc,metaspace   ] GC(312) Metaspace: 6297K(6464K)->6297K(6464K) NonClass: 5764K(5824K)->5764K(5824K) Class: 532K(640K)->532K(640K)
[213.939s][info][gc             ] GC(312) Pause Full (Ergonomics) 9417M->9417M(9959M) 2849.567ms
[213.939s][info][gc,cpu         ] GC(312) User=21.59s Sys=0.02s Real=2.85s
[213.939s][info][gc,start       ] GC(313) Pause Full (Allocation Failure)
[213.939s][info][gc,phases,start] GC(313) Marking Phase
[216.096s][info][gc,phases      ] GC(313) Marking Phase 2157.374ms
[216.096s][info][gc,phases,start] GC(313) Summary Phase
[216.097s][info][gc,phases      ] GC(313) Summary Phase 0.104ms
[216.097s][info][gc,phases,start] GC(313) Adjust Roots
[216.097s][info][gc,phases      ] GC(313) Adjust Roots 0.184ms
[216.097s][info][gc,phases,start] GC(313) Compaction Phase
[216.763s][info][gc,phases      ] GC(313) Compaction Phase 666.289ms
[216.763s][info][gc,phases,start] GC(313) Post Compact
[216.775s][info][gc,phases      ] GC(313) Post Compact 12.329ms
[216.776s][info][gc,heap        ] GC(313) PSYoungGen: 222859K(777216K)->222859K(777216K) Eden: 189951K(189952K)->189951K(189952K) From: 32907K(587264K)->32907K(587264K)
[216.776s][info][gc,heap        ] GC(313) ParOldGen: 9420799K(9420800K)->9420799K(9420800K)
[216.776s][info][gc,metaspace   ] GC(313) Metaspace: 6297K(6464K)->6297K(6464K) NonClass: 5764K(5824K)->5764K(5824K) Class: 532K(640K)->532K(640K)
[216.776s][info][gc             ] GC(313) Pause Full (Allocation Failure) 9417M->9417M(9959M) 2836.630ms
[216.776s][info][gc,cpu         ] GC(313) User=21.78s Sys=0.02s Real=2.84s
[216.776s][info][gc,start       ] GC(314) Pause Full (Ergonomics)
[216.776s][info][gc,phases,start] GC(314) Marking Phase
[218.952s][info][gc,phases      ] GC(314) Marking Phase 2175.775ms
[218.952s][info][gc,phases,start] GC(314) Summary Phase
[218.952s][info][gc,phases      ] GC(314) Summary Phase 0.108ms
[218.952s][info][gc,phases,start] GC(314) Adjust Roots
[218.952s][info][gc,phases      ] GC(314) Adjust Roots 0.265ms
[218.952s][info][gc,phases,start] GC(314) Compaction Phase
[221.316s][info][gc,phases      ] GC(314) Compaction Phase 2363.959ms
[221.316s][info][gc,phases,start] GC(314) Post Compact
[221.331s][info][gc,phases      ] GC(314) Post Compact 14.732ms
[221.331s][info][gc,heap        ] GC(314) PSYoungGen: 222859K(777216K)->222859K(777216K) Eden: 189952K(189952K)->189952K(189952K) From: 32907K(587264K)->32907K(587264K)
[221.331s][info][gc,heap        ] GC(314) ParOldGen: 9420800K(9420800K)->9420798K(9420800K)
[221.331s][info][gc,metaspace   ] GC(314) Metaspace: 6297K(6464K)->6297K(6464K) NonClass: 5764K(5824K)->5764K(5824K) Class: 532K(640K)->532K(640K)
[221.331s][info][gc             ] GC(314) Pause Full (Ergonomics) 9417M->9417M(9959M) 4555.253ms
[221.331s][info][gc,cpu         ] GC(314) User=33.06s Sys=0.00s Real=4.56s
[221.332s][info][gc,start       ] GC(315) Pause Full (Ergonomics)
[221.333s][info][gc,phases,start] GC(315) Marking Phase
[223.557s][info][gc,phases      ] GC(315) Marking Phase 2224.226ms
[223.557s][info][gc,phases,start] GC(315) Summary Phase
[223.557s][info][gc,phases      ] GC(315) Summary Phase 0.122ms
[223.557s][info][gc,phases,start] GC(315) Adjust Roots
[223.557s][info][gc,phases      ] GC(315) Adjust Roots 0.455ms
[223.557s][info][gc,phases,start] GC(315) Compaction Phase
[225.924s][info][gc,phases      ] GC(315) Compaction Phase 2366.217ms
[225.924s][info][gc,phases,start] GC(315) Post Compact
[225.941s][info][gc,phases      ] GC(315) Post Compact 17.425ms
[225.941s][info][gc,heap        ] GC(315) PSYoungGen: 222859K(777216K)->222859K(777216K) Eden: 189952K(189952K)->189952K(189952K) From: 32907K(587264K)->32907K(587264K)
[225.941s][info][gc,heap        ] GC(315) ParOldGen: 9420799K(9420800K)->9420797K(9420800K)
[225.941s][info][gc,metaspace   ] GC(315) Metaspace: 6298K(6464K)->6298K(6464K) NonClass: 5764K(5824K)->5764K(5824K) Class: 533K(640K)->533K(640K)
[225.941s][info][gc             ] GC(315) Pause Full (Ergonomics) 9417M->9417M(9959M) 4608.838ms
[225.941s][info][gc,cpu         ] GC(315) User=33.06s Sys=0.06s Real=4.61s
[225.942s][info][gc,start       ] GC(316) Pause Full (Ergonomics)
[225.942s][info][gc,phases,start] GC(316) Marking Phase
[228.222s][info][gc,phases      ] GC(316) Marking Phase 2279.691ms
[228.222s][info][gc,phases,start] GC(316) Summary Phase
[228.222s][info][gc,phases      ] GC(316) Summary Phase 0.156ms
[228.222s][info][gc,phases,start] GC(316) Adjust Roots
[228.222s][info][gc,phases      ] GC(316) Adjust Roots 0.434ms
[228.223s][info][gc,phases,start] GC(316) Compaction Phase
[230.537s][info][gc,phases      ] GC(316) Compaction Phase 2314.446ms
[230.537s][info][gc,phases,start] GC(316) Post Compact
[230.553s][info][gc,phases      ] GC(316) Post Compact 15.666ms
[230.553s][info][gc,heap        ] GC(316) PSYoungGen: 222859K(777216K)->222859K(777216K) Eden: 189952K(189952K)->189952K(189952K) From: 32907K(587264K)->32907K(587264K)
[230.553s][info][gc,heap        ] GC(316) ParOldGen: 9420797K(9420800K)->9420797K(9420800K)
[230.553s][info][gc,metaspace   ] GC(316) Metaspace: 6300K(6464K)->6300K(6464K) NonClass: 5766K(5824K)->5766K(5824K) Class: 534K(640K)->534K(640K)
[230.553s][info][gc             ] GC(316) Pause Full (Ergonomics) 9417M->9417M(9959M) 4610.886ms
[230.553s][info][gc,cpu         ] GC(316) User=29.19s Sys=0.03s Real=4.61s
[230.554s][info][gc,heap,exit   ] Heap
[230.554s][info][gc,heap,exit   ]  PSYoungGen      total 777216K, used 222859K [0x00000006e0800000, 0x0000000737b00000, 0x0000000800000000)
[230.554s][info][gc,heap,exit   ]   eden space 189952K, 100% used [0x00000006e0800000,0x00000006ec180000,0x00000006ec180000)
[230.554s][info][gc,heap,exit   ]   from space 587264K, 5% used [0x0000000711280000,0x00000007132a2e10,0x0000000735000000)
[230.554s][info][gc,heap,exit   ]   to   space 607232K, 0% used [0x00000006ec180000,0x00000006ec180000,0x0000000711280000)
[230.554s][info][gc,heap,exit   ]  ParOldGen       total 9420800K, used 9420797K [0x00000004a1800000, 0x00000006e0800000, 0x00000006e0800000)
[230.554s][info][gc,heap,exit   ]   object space 9420800K, 99% used [0x00000004a1800000,0x00000006e07ff600,0x00000006e0800000)
[230.554s][info][gc,heap,exit   ]  Metaspace       used 6301K, committed 6464K, reserved 1114112K
[230.554s][info][gc,heap,exit   ]   class space    used 534K, committed 640K, reserved 1048576K
