[0.013s][info][gc,init] CardTable entry size: 512
[0.013s][info][gc     ] Using Parallel
[0.014s][info][gc,init] Version: 18.0.1+10 (release)
[0.014s][info][gc,init] CPUs: 8 total, 8 available
[0.014s][info][gc,init] Memory: 16063M
[0.014s][info][gc,init] Large Page Support: Disabled
[0.014s][info][gc,init] NUMA Support: Disabled
[0.014s][info][gc,init] Compressed Oops: Enabled (Zero based)
[0.014s][info][gc,init] Alignments: Space 512K, Generation 512K, Heap 2M
[0.014s][info][gc,init] Heap Min Capacity: 2M
[0.014s][info][gc,init] Heap Initial Capacity: 2M
[0.014s][info][gc,init] Heap Max Capacity: 6800M
[0.014s][info][gc,init] Pre-touch: Disabled
[0.014s][info][gc,init] Parallel Workers: 8
[0.015s][info][gc,metaspace] CDS archive(s) not mapped
[0.015s][info][gc,metaspace] Compressed class space mapped at: 0x0000000800000000-0x0000000840000000, reserved size: 1073741824
[0.015s][info][gc,metaspace] Narrow klass base: 0x0000000800000000, Narrow klass shift: 0, Narrow klass range: 0x40000000
[0.106s][info][gc,start    ] GC(0) Pause Young (Allocation Failure)
[0.108s][info][gc,heap     ] GC(0) PSYoungGen: 512K(1024K)->480K(1024K) Eden: 512K(512K)->0K(512K) From: 0K(512K)->480K(512K)
[0.108s][info][gc,heap     ] GC(0) ParOldGen: 0K(512K)->8K(512K)
[0.108s][info][gc,metaspace] GC(0) Metaspace: 4229K(4352K)->4229K(4352K) NonClass: 3908K(3968K)->3908K(3968K) Class: 321K(384K)->321K(384K)
[0.108s][info][gc          ] GC(0) Pause Young (Allocation Failure) 0M->0M(1M) 1.656ms
[0.108s][info][gc,cpu      ] GC(0) User=0.00s Sys=0.00s Real=0.00s
[0.167s][info][gc,start    ] GC(1) Pause Young (Allocation Failure)
[0.168s][info][gc,heap     ] GC(1) PSYoungGen: 991K(1024K)->512K(1536K) Eden: 511K(512K)->0K(1024K) From: 480K(512K)->512K(512K)
[0.168s][info][gc,heap     ] GC(1) ParOldGen: 8K(512K)->80K(512K)
[0.168s][info][gc,metaspace] GC(1) Metaspace: 5882K(6016K)->5882K(6016K) NonClass: 5385K(5504K)->5385K(5504K) Class: 496K(512K)->496K(512K)
[0.168s][info][gc          ] GC(1) Pause Young (Allocation Failure) 0M->0M(2M) 0.826ms
[0.168s][info][gc,cpu      ] GC(1) User=0.00s Sys=0.00s Real=0.00s
[0.187s][info][gc,start    ] GC(2) Pause Young (Allocation Failure)
[0.188s][info][gc,heap     ] GC(2) PSYoungGen: 1536K(1536K)->512K(1536K) Eden: 1024K(1024K)->0K(1024K) From: 512K(512K)->512K(512K)
[0.188s][info][gc,heap     ] GC(2) ParOldGen: 80K(512K)->496K(512K)
[0.188s][info][gc,metaspace] GC(2) Metaspace: 6300K(6464K)->6300K(6464K) NonClass: 5767K(5824K)->5767K(5824K) Class: 533K(640K)->533K(640K)
[0.188s][info][gc          ] GC(2) Pause Young (Allocation Failure) 1M->0M(2M) 1.111ms
[0.188s][info][gc,cpu      ] GC(2) User=0.00s Sys=0.00s Real=0.00s
[0.188s][info][gc,start    ] GC(3) Pause Full (Ergonomics)
[0.188s][info][gc,phases,start] GC(3) Marking Phase
[0.189s][info][gc,phases      ] GC(3) Marking Phase 0.894ms
[0.189s][info][gc,phases,start] GC(3) Summary Phase
[0.189s][info][gc,phases      ] GC(3) Summary Phase 0.015ms
[0.189s][info][gc,phases,start] GC(3) Adjust Roots
[0.190s][info][gc,phases      ] GC(3) Adjust Roots 0.324ms
[0.190s][info][gc,phases,start] GC(3) Compaction Phase
[0.191s][info][gc,phases      ] GC(3) Compaction Phase 1.512ms
[0.191s][info][gc,phases,start] GC(3) Post Compact
[0.191s][info][gc,phases      ] GC(3) Post Compact 0.078ms
[0.191s][info][gc,heap        ] GC(3) PSYoungGen: 512K(1536K)->507K(1536K) Eden: 0K(1024K)->0K(1024K) From: 512K(512K)->507K(512K)
[0.191s][info][gc,heap        ] GC(3) ParOldGen: 496K(512K)->473K(2048K)
[0.191s][info][gc,metaspace   ] GC(3) Metaspace: 6300K(6464K)->6300K(6464K) NonClass: 5767K(5824K)->5767K(5824K) Class: 533K(640K)->533K(640K)
[0.191s][info][gc             ] GC(3) Pause Full (Ergonomics) 0M->0M(3M) 3.040ms
[0.191s][info][gc,cpu         ] GC(3) User=0.00s Sys=0.00s Real=0.00s
[0.193s][info][gc,start       ] GC(4) Pause Young (Allocation Failure)
[0.194s][info][gc,heap        ] GC(4) PSYoungGen: 1531K(1536K)->480K(2560K) Eden: 1024K(1024K)->0K(2048K) From: 507K(512K)->480K(512K)
[0.194s][info][gc,heap        ] GC(4) ParOldGen: 473K(2048K)->1037K(2048K)
[0.194s][info][gc,metaspace   ] GC(4) Metaspace: 6300K(6464K)->6300K(6464K) NonClass: 5767K(5824K)->5767K(5824K) Class: 533K(640K)->533K(640K)
[0.194s][info][gc             ] GC(4) Pause Young (Allocation Failure) 1M->1M(4M) 1.286ms
[0.194s][info][gc,cpu         ] GC(4) User=0.00s Sys=0.00s Real=0.00s
[0.197s][info][gc,start       ] GC(5) Pause Young (Allocation Failure)
[0.199s][info][gc,heap        ] GC(5) PSYoungGen: 2528K(2560K)->480K(2560K) Eden: 2048K(2048K)->0K(2048K) From: 480K(512K)->480K(512K)
[0.199s][info][gc,heap        ] GC(5) ParOldGen: 1037K(2048K)->2101K(2560K)
[0.199s][info][gc,metaspace   ] GC(5) Metaspace: 6300K(6464K)->6300K(6464K) NonClass: 5767K(5824K)->5767K(5824K) Class: 533K(640K)->533K(640K)
[0.199s][info][gc             ] GC(5) Pause Young (Allocation Failure) 3M->2M(5M) 1.670ms
[0.199s][info][gc,cpu         ] GC(5) User=0.00s Sys=0.00s Real=0.00s
[0.199s][info][gc,start       ] GC(6) Pause Full (Ergonomics)
[0.199s][info][gc,phases,start] GC(6) Marking Phase
[0.201s][info][gc,phases      ] GC(6) Marking Phase 1.596ms
[0.201s][info][gc,phases,start] GC(6) Summary Phase
[0.201s][info][gc,phases      ] GC(6) Summary Phase 0.016ms
[0.201s][info][gc,phases,start] GC(6) Adjust Roots
[0.201s][info][gc,phases      ] GC(6) Adjust Roots 0.297ms
[0.201s][info][gc,phases,start] GC(6) Compaction Phase
[0.203s][info][gc,phases      ] GC(6) Compaction Phase 1.939ms
[0.203s][info][gc,phases,start] GC(6) Post Compact
[0.203s][info][gc,phases      ] GC(6) Post Compact 0.032ms
[0.203s][info][gc,heap        ] GC(6) PSYoungGen: 480K(2560K)->0K(4096K) Eden: 0K(2048K)->0K(3072K) From: 480K(512K)->0K(1024K)
[0.203s][info][gc,heap        ] GC(6) ParOldGen: 2101K(2560K)->2542K(6144K)
[0.203s][info][gc,metaspace   ] GC(6) Metaspace: 6300K(6464K)->6300K(6464K) NonClass: 5767K(5824K)->5767K(5824K) Class: 533K(640K)->533K(640K)
[0.203s][info][gc             ] GC(6) Pause Full (Ergonomics) 2M->2M(10M) 4.215ms
[0.203s][info][gc,cpu         ] GC(6) User=0.02s Sys=0.00s Real=0.00s
[0.207s][info][gc,start       ] GC(7) Pause Young (Allocation Failure)
[0.209s][info][gc,heap        ] GC(7) PSYoungGen: 3072K(4096K)->1664K(5120K) Eden: 3072K(3072K)->0K(3072K) From: 0K(1024K)->1664K(2048K)
[0.209s][info][gc,heap        ] GC(7) ParOldGen: 2542K(6144K)->2542K(6144K)
[0.209s][info][gc,metaspace   ] GC(7) Metaspace: 6300K(6464K)->6300K(6464K) NonClass: 5767K(5824K)->5767K(5824K) Class: 533K(640K)->533K(640K)
[0.209s][info][gc             ] GC(7) Pause Young (Allocation Failure) 5M->4M(11M) 1.736ms
[0.209s][info][gc,cpu         ] GC(7) User=0.00s Sys=0.00s Real=0.00s
[0.213s][info][gc,start       ] GC(8) Pause Young (Allocation Failure)
[0.216s][info][gc,heap        ] GC(8) PSYoungGen: 4736K(5120K)->2016K(5632K) Eden: 3072K(3072K)->0K(3584K) From: 1664K(2048K)->2016K(2048K)
[0.216s][info][gc,heap        ] GC(8) ParOldGen: 2542K(6144K)->3774K(6144K)
[0.216s][info][gc,metaspace   ] GC(8) Metaspace: 6300K(6464K)->6300K(6464K) NonClass: 5767K(5824K)->5767K(5824K) Class: 533K(640K)->533K(640K)
[0.216s][info][gc             ] GC(8) Pause Young (Allocation Failure) 7M->5M(11M) 3.025ms
[0.216s][info][gc,cpu         ] GC(8) User=0.00s Sys=0.00s Real=0.00s
[0.221s][info][gc,start       ] GC(9) Pause Young (Allocation Failure)
[0.225s][info][gc,heap        ] GC(9) PSYoungGen: 5600K(5632K)->3040K(6656K) Eden: 3584K(3584K)->0K(3584K) From: 2016K(2048K)->3040K(3072K)
[0.225s][info][gc,heap        ] GC(9) ParOldGen: 3774K(6144K)->4614K(6144K)
[0.225s][info][gc,metaspace   ] GC(9) Metaspace: 6300K(6464K)->6300K(6464K) NonClass: 5767K(5824K)->5767K(5824K) Class: 533K(640K)->533K(640K)
[0.225s][info][gc             ] GC(9) Pause Young (Allocation Failure) 9M->7M(12M) 3.800ms
[0.225s][info][gc,cpu         ] GC(9) User=0.00s Sys=0.00s Real=0.00s
[0.228s][info][gc,start       ] GC(10) Pause Young (Allocation Failure)
[0.232s][info][gc,heap        ] GC(10) PSYoungGen: 6624K(6656K)->4064K(9216K) Eden: 3584K(3584K)->0K(5120K) From: 3040K(3072K)->4064K(4096K)
[0.232s][info][gc,heap        ] GC(10) ParOldGen: 4614K(6144K)->5454K(6144K)
[0.232s][info][gc,metaspace   ] GC(10) Metaspace: 6300K(6464K)->6300K(6464K) NonClass: 5767K(5824K)->5767K(5824K) Class: 533K(640K)->533K(640K)
[0.232s][info][gc             ] GC(10) Pause Young (Allocation Failure) 10M->9M(15M) 3.823ms
[0.232s][info][gc,cpu         ] GC(10) User=0.02s Sys=0.00s Real=0.00s
[0.232s][info][gc,start       ] GC(11) Pause Full (Ergonomics)
[0.232s][info][gc,phases,start] GC(11) Marking Phase
[0.236s][info][gc,phases      ] GC(11) Marking Phase 4.169ms
[0.237s][info][gc,phases,start] GC(11) Summary Phase
[0.237s][info][gc,phases      ] GC(11) Summary Phase 0.015ms
[0.237s][info][gc,phases,start] GC(11) Adjust Roots
[0.237s][info][gc,phases      ] GC(11) Adjust Roots 0.344ms
[0.237s][info][gc,phases,start] GC(11) Compaction Phase
[0.243s][info][gc,phases      ] GC(11) Compaction Phase 5.759ms
[0.243s][info][gc,phases,start] GC(11) Post Compact
[0.243s][info][gc,phases      ] GC(11) Post Compact 0.054ms
[0.243s][info][gc,heap        ] GC(11) PSYoungGen: 4064K(9216K)->3545K(9216K) Eden: 0K(5120K)->0K(5120K) From: 4064K(4096K)->3545K(4096K)
[0.243s][info][gc,heap        ] GC(11) ParOldGen: 5454K(6144K)->5831K(10752K)
[0.243s][info][gc,metaspace   ] GC(11) Metaspace: 6300K(6464K)->6300K(6464K) NonClass: 5767K(5824K)->5767K(5824K) Class: 533K(640K)->533K(640K)
[0.243s][info][gc             ] GC(11) Pause Full (Ergonomics) 9M->9M(19M) 10.643ms
[0.243s][info][gc,cpu         ] GC(11) User=0.00s Sys=0.00s Real=0.01s
[0.249s][info][gc,start       ] GC(12) Pause Young (Allocation Failure)
[0.253s][info][gc,heap        ] GC(12) PSYoungGen: 8665K(9216K)->5088K(10240K) Eden: 5120K(5120K)->0K(5120K) From: 3545K(4096K)->5088K(5120K)
[0.253s][info][gc,heap        ] GC(12) ParOldGen: 5831K(10752K)->6951K(10752K)
[0.253s][info][gc,metaspace   ] GC(12) Metaspace: 6300K(6464K)->6300K(6464K) NonClass: 5767K(5824K)->5767K(5824K) Class: 533K(640K)->533K(640K)
[0.253s][info][gc             ] GC(12) Pause Young (Allocation Failure) 14M->11M(20M) 3.997ms
[0.253s][info][gc,cpu         ] GC(12) User=0.00s Sys=0.00s Real=0.00s
[0.258s][info][gc,start       ] GC(13) Pause Young (Allocation Failure)
[0.263s][info][gc,heap        ] GC(13) PSYoungGen: 10208K(10240K)->6464K(12800K) Eden: 5120K(5120K)->0K(6144K) From: 5088K(5120K)->6464K(6656K)
[0.263s][info][gc,heap        ] GC(13) ParOldGen: 6951K(10752K)->8247K(10752K)
[0.263s][info][gc,metaspace   ] GC(13) Metaspace: 6302K(6464K)->6302K(6464K) NonClass: 5769K(5824K)->5769K(5824K) Class: 533K(640K)->533K(640K)
[0.263s][info][gc             ] GC(13) Pause Young (Allocation Failure) 16M->14M(23M) 5.460ms
[0.263s][info][gc,cpu         ] GC(13) User=0.00s Sys=0.00s Real=0.01s
[0.268s][info][gc,start       ] GC(14) Pause Young (Allocation Failure)
[0.274s][info][gc,heap        ] GC(14) PSYoungGen: 12608K(12800K)->5824K(13824K) Eden: 6144K(6144K)->0K(6144K) From: 6464K(6656K)->5824K(7680K)
[0.274s][info][gc,heap        ] GC(14) ParOldGen: 8247K(10752K)->12119K(12288K)
[0.274s][info][gc,metaspace   ] GC(14) Metaspace: 6302K(6464K)->6302K(6464K) NonClass: 5769K(5824K)->5769K(5824K) Class: 533K(640K)->533K(640K)
[0.274s][info][gc             ] GC(14) Pause Young (Allocation Failure) 20M->17M(25M) 6.622ms
[0.274s][info][gc,cpu         ] GC(14) User=0.00s Sys=0.00s Real=0.01s
[0.274s][info][gc,start       ] GC(15) Pause Full (Ergonomics)
[0.274s][info][gc,phases,start] GC(15) Marking Phase
[0.282s][info][gc,phases      ] GC(15) Marking Phase 7.586ms
[0.282s][info][gc,phases,start] GC(15) Summary Phase
[0.282s][info][gc,phases      ] GC(15) Summary Phase 0.019ms
[0.282s][info][gc,phases,start] GC(15) Adjust Roots
[0.282s][info][gc,phases      ] GC(15) Adjust Roots 0.196ms
[0.282s][info][gc,phases,start] GC(15) Compaction Phase
[0.290s][info][gc,phases      ] GC(15) Compaction Phase 7.548ms
[0.290s][info][gc,phases,start] GC(15) Post Compact
[0.290s][info][gc,phases      ] GC(15) Post Compact 0.073ms
[0.290s][info][gc,heap        ] GC(15) PSYoungGen: 5824K(13824K)->5759K(13824K) Eden: 0K(6144K)->0K(6144K) From: 5824K(7680K)->5759K(7680K)
[0.290s][info][gc,heap        ] GC(15) ParOldGen: 12119K(12288K)->12005K(18944K)
[0.290s][info][gc,metaspace   ] GC(15) Metaspace: 6302K(6464K)->6302K(6464K) NonClass: 5769K(5824K)->5769K(5824K) Class: 533K(640K)->533K(640K)
[0.290s][info][gc             ] GC(15) Pause Full (Ergonomics) 17M->17M(32M) 15.757ms
[0.290s][info][gc,cpu         ] GC(15) User=0.00s Sys=0.00s Real=0.02s
[0.294s][info][gc,start       ] GC(16) Pause Young (Allocation Failure)
[0.301s][info][gc,heap        ] GC(16) PSYoungGen: 11903K(13824K)->3200K(15360K) Eden: 6144K(6144K)->0K(8704K) From: 5759K(7680K)->3200K(6656K)
[0.301s][info][gc,heap        ] GC(16) ParOldGen: 12005K(18944K)->17861K(18944K)
[0.301s][info][gc,metaspace   ] GC(16) Metaspace: 6302K(6464K)->6302K(6464K) NonClass: 5769K(5824K)->5769K(5824K) Class: 533K(640K)->533K(640K)
[0.301s][info][gc             ] GC(16) Pause Young (Allocation Failure) 23M->20M(33M) 7.064ms
[0.301s][info][gc,cpu         ] GC(16) User=0.00s Sys=0.00s Real=0.01s
[0.301s][info][gc,start       ] GC(17) Pause Full (Ergonomics)
[0.301s][info][gc,phases,start] GC(17) Marking Phase
[0.311s][info][gc,phases      ] GC(17) Marking Phase 9.394ms
[0.311s][info][gc,phases,start] GC(17) Summary Phase
[0.311s][info][gc,phases      ] GC(17) Summary Phase 0.014ms
[0.311s][info][gc,phases,start] GC(17) Adjust Roots
[0.311s][info][gc,phases      ] GC(17) Adjust Roots 0.247ms
[0.311s][info][gc,phases,start] GC(17) Compaction Phase
[0.317s][info][gc,phases      ] GC(17) Compaction Phase 5.547ms
[0.317s][info][gc,phases,start] GC(17) Post Compact
[0.317s][info][gc,phases      ] GC(17) Post Compact 0.111ms
[0.317s][info][gc,heap        ] GC(17) PSYoungGen: 3200K(15360K)->2146K(16384K) Eden: 0K(8704K)->0K(9728K) From: 3200K(6656K)->2146K(6656K)
[0.317s][info][gc,heap        ] GC(17) ParOldGen: 17861K(18944K)->18786K(28672K)
[0.317s][info][gc,metaspace   ] GC(17) Metaspace: 6302K(6464K)->6302K(6464K) NonClass: 5769K(5824K)->5769K(5824K) Class: 533K(640K)->533K(640K)
[0.317s][info][gc             ] GC(17) Pause Full (Ergonomics) 20M->20M(44M) 15.569ms
[0.317s][info][gc,cpu         ] GC(17) User=0.02s Sys=0.00s Real=0.02s
[0.327s][info][gc,start       ] GC(18) Pause Young (Allocation Failure)
[0.333s][info][gc,heap        ] GC(18) PSYoungGen: 11874K(16384K)->5536K(17408K) Eden: 9728K(9728K)->0K(9728K) From: 2146K(6656K)->5536K(7680K)
[0.333s][info][gc,heap        ] GC(18) ParOldGen: 18786K(28672K)->20970K(28672K)
[0.333s][info][gc,metaspace   ] GC(18) Metaspace: 6302K(6464K)->6302K(6464K) NonClass: 5769K(5824K)->5769K(5824K) Class: 533K(640K)->533K(640K)
[0.333s][info][gc             ] GC(18) Pause Young (Allocation Failure) 29M->25M(45M) 6.056ms
[0.333s][info][gc,cpu         ] GC(18) User=0.00s Sys=0.00s Real=0.01s
[0.339s][info][gc,start       ] GC(19) Pause Young (Allocation Failure)
[0.347s][info][gc,heap        ] GC(19) PSYoungGen: 15264K(17408K)->5088K(20992K) Eden: 9728K(9728K)->0K(12800K) From: 5536K(7680K)->5088K(8192K)
[0.347s][info][gc,heap        ] GC(19) ParOldGen: 20970K(28672K)->26578K(28672K)
[0.347s][info][gc,metaspace   ] GC(19) Metaspace: 6302K(6464K)->6302K(6464K) NonClass: 5769K(5824K)->5769K(5824K) Class: 533K(640K)->533K(640K)
[0.347s][info][gc             ] GC(19) Pause Young (Allocation Failure) 35M->30M(48M) 8.582ms
[0.347s][info][gc,cpu         ] GC(19) User=0.00s Sys=0.00s Real=0.01s
[0.347s][info][gc,start       ] GC(20) Pause Full (Ergonomics)
[0.347s][info][gc,phases,start] GC(20) Marking Phase
[0.365s][info][gc,phases      ] GC(20) Marking Phase 17.112ms
[0.365s][info][gc,phases,start] GC(20) Summary Phase
[0.365s][info][gc,phases      ] GC(20) Summary Phase 0.019ms
[0.365s][info][gc,phases,start] GC(20) Adjust Roots
[0.365s][info][gc,phases      ] GC(20) Adjust Roots 0.189ms
[0.365s][info][gc,phases,start] GC(20) Compaction Phase
[0.377s][info][gc,phases      ] GC(20) Compaction Phase 12.087ms
[0.377s][info][gc,phases,start] GC(20) Post Compact
[0.377s][info][gc,phases      ] GC(20) Post Compact 0.135ms
[0.377s][info][gc,heap        ] GC(20) PSYoungGen: 5088K(20992K)->2471K(20992K) Eden: 0K(12800K)->0K(12800K) From: 5088K(8192K)->2471K(8192K)
[0.377s][info][gc,heap        ] GC(20) ParOldGen: 26578K(28672K)->28497K(40448K)
[0.377s][info][gc,metaspace   ] GC(20) Metaspace: 6302K(6464K)->6302K(6464K) NonClass: 5769K(5824K)->5769K(5824K) Class: 533K(640K)->533K(640K)
[0.377s][info][gc             ] GC(20) Pause Full (Ergonomics) 30M->30M(60M) 30.003ms
[0.377s][info][gc,cpu         ] GC(20) User=0.02s Sys=0.00s Real=0.03s
[0.390s][info][gc,start       ] GC(21) Pause Young (Allocation Failure)
[0.402s][info][gc,heap        ] GC(21) PSYoungGen: 15271K(20992K)->8192K(20992K) Eden: 12800K(12800K)->0K(12800K) From: 2471K(8192K)->8192K(8192K)
[0.402s][info][gc,heap        ] GC(21) ParOldGen: 28497K(40448K)->33665K(40448K)
[0.402s][info][gc,metaspace   ] GC(21) Metaspace: 6302K(6464K)->6302K(6464K) NonClass: 5769K(5824K)->5769K(5824K) Class: 533K(640K)->533K(640K)
[0.402s][info][gc             ] GC(21) Pause Young (Allocation Failure) 42M->40M(60M) 11.716ms
[0.402s][info][gc,cpu         ] GC(21) User=0.00s Sys=0.00s Real=0.01s
[0.417s][info][gc,start       ] GC(22) Pause Young (Allocation Failure)
[0.433s][info][gc,heap        ] GC(22) PSYoungGen: 20992K(20992K)->11744K(23552K) Eden: 12800K(12800K)->0K(11776K) From: 8192K(8192K)->11744K(11776K)
[0.434s][info][gc,heap        ] GC(22) ParOldGen: 33665K(40448K)->43049K(43520K)
[0.434s][info][gc,metaspace   ] GC(22) Metaspace: 6302K(6464K)->6302K(6464K) NonClass: 5769K(5824K)->5769K(5824K) Class: 533K(640K)->533K(640K)
[0.434s][info][gc             ] GC(22) Pause Young (Allocation Failure) 53M->53M(65M) 16.894ms
[0.434s][info][gc,cpu         ] GC(22) User=0.02s Sys=0.00s Real=0.02s
[0.434s][info][gc,start       ] GC(23) Pause Full (Ergonomics)
[0.434s][info][gc,phases,start] GC(23) Marking Phase
[0.455s][info][gc,phases      ] GC(23) Marking Phase 21.640ms
[0.455s][info][gc,phases,start] GC(23) Summary Phase
[0.455s][info][gc,phases      ] GC(23) Summary Phase 0.020ms
[0.455s][info][gc,phases,start] GC(23) Adjust Roots
[0.456s][info][gc,phases      ] GC(23) Adjust Roots 0.161ms
[0.456s][info][gc,phases,start] GC(23) Compaction Phase
[0.474s][info][gc,phases      ] GC(23) Compaction Phase 18.890ms
[0.475s][info][gc,phases,start] GC(23) Post Compact
[0.475s][info][gc,phases      ] GC(23) Post Compact 0.183ms
[0.475s][info][gc,heap        ] GC(23) PSYoungGen: 11744K(23552K)->11725K(23552K) Eden: 0K(11776K)->0K(11776K) From: 11744K(11776K)->11725K(11776K)
[0.475s][info][gc,heap        ] GC(23) ParOldGen: 43049K(43520K)->41780K(57856K)
[0.475s][info][gc,metaspace   ] GC(23) Metaspace: 6302K(6464K)->6302K(6464K) NonClass: 5769K(5824K)->5769K(5824K) Class: 533K(640K)->533K(640K)
[0.475s][info][gc             ] GC(23) Pause Full (Ergonomics) 53M->52M(79M) 41.244ms
[0.475s][info][gc,cpu         ] GC(23) User=0.06s Sys=0.00s Real=0.04s
[0.487s][info][gc,start       ] GC(24) Pause Young (Allocation Failure)
[0.503s][info][gc,heap        ] GC(24) PSYoungGen: 23501K(23552K)->11808K(28672K) Eden: 11776K(11776K)->0K(11776K) From: 11725K(11776K)->11808K(16896K)
[0.503s][info][gc,heap        ] GC(24) ParOldGen: 41780K(57856K)->53660K(57856K)
[0.503s][info][gc,metaspace   ] GC(24) Metaspace: 6302K(6464K)->6302K(6464K) NonClass: 5769K(5824K)->5769K(5824K) Class: 533K(640K)->533K(640K)
[0.503s][info][gc             ] GC(24) Pause Young (Allocation Failure) 63M->63M(84M) 16.539ms
[0.503s][info][gc,cpu         ] GC(24) User=0.02s Sys=0.00s Real=0.02s
[0.503s][info][gc,start       ] GC(25) Pause Full (Ergonomics)
[0.503s][info][gc,phases,start] GC(25) Marking Phase
[0.528s][info][gc,phases      ] GC(25) Marking Phase 24.340ms
[0.528s][info][gc,phases,start] GC(25) Summary Phase
[0.528s][info][gc,phases      ] GC(25) Summary Phase 0.020ms
[0.528s][info][gc,phases,start] GC(25) Adjust Roots
[0.528s][info][gc,phases      ] GC(25) Adjust Roots 0.161ms
[0.528s][info][gc,phases,start] GC(25) Compaction Phase
[0.548s][info][gc,phases      ] GC(25) Compaction Phase 19.490ms
[0.548s][info][gc,phases,start] GC(25) Post Compact
[0.548s][info][gc,phases      ] GC(25) Post Compact 0.229ms
[0.548s][info][gc,heap        ] GC(25) PSYoungGen: 11808K(28672K)->7658K(28672K) Eden: 0K(11776K)->0K(11776K) From: 11808K(16896K)->7658K(16896K)
[0.548s][info][gc,heap        ] GC(25) ParOldGen: 53660K(57856K)->57593K(77824K)
[0.548s][info][gc,metaspace   ] GC(25) Metaspace: 6302K(6464K)->6302K(6464K) NonClass: 5769K(5824K)->5769K(5824K) Class: 533K(640K)->533K(640K)
[0.548s][info][gc             ] GC(25) Pause Full (Ergonomics) 63M->63M(104M) 44.649ms
[0.548s][info][gc,cpu         ] GC(25) User=0.03s Sys=0.00s Real=0.04s
[0.560s][info][gc,start       ] GC(26) Pause Young (Allocation Failure)
[0.577s][info][gc,heap        ] GC(26) PSYoungGen: 19434K(28672K)->11808K(31232K) Eden: 11776K(11776K)->0K(13312K) From: 7658K(16896K)->11808K(17920K)
[0.577s][info][gc,heap        ] GC(26) ParOldGen: 57593K(77824K)->65377K(77824K)
[0.577s][info][gc,metaspace   ] GC(26) Metaspace: 6302K(6464K)->6302K(6464K) NonClass: 5769K(5824K)->5769K(5824K) Class: 533K(640K)->533K(640K)
[0.577s][info][gc             ] GC(26) Pause Young (Allocation Failure) 75M->75M(106M) 16.722ms
[0.577s][info][gc,cpu         ] GC(26) User=0.02s Sys=0.00s Real=0.02s
[0.590s][info][gc,start       ] GC(27) Pause Young (Allocation Failure)
[0.607s][info][gc,heap        ] GC(27) PSYoungGen: 23758K(31232K)->18944K(32256K) Eden: 11950K(13312K)->0K(13312K) From: 11808K(17920K)->18944K(18944K)
[0.607s][info][gc,heap        ] GC(27) ParOldGen: 65377K(77824K)->70025K(77824K)
[0.607s][info][gc,metaspace   ] GC(27) Metaspace: 6302K(6464K)->6302K(6464K) NonClass: 5769K(5824K)->5769K(5824K) Class: 533K(640K)->533K(640K)
[0.607s][info][gc             ] GC(27) Pause Young (Allocation Failure) 87M->86M(107M) 16.280ms
[0.607s][info][gc,cpu         ] GC(27) User=0.02s Sys=0.00s Real=0.02s
[0.607s][info][gc,start       ] GC(28) Pause Full (Ergonomics)
[0.607s][info][gc,phases,start] GC(28) Marking Phase
[0.643s][info][gc,phases      ] GC(28) Marking Phase 35.988ms
[0.643s][info][gc,phases,start] GC(28) Summary Phase
[0.643s][info][gc,phases      ] GC(28) Summary Phase 0.019ms
[0.643s][info][gc,phases,start] GC(28) Adjust Roots
[0.643s][info][gc,phases      ] GC(28) Adjust Roots 0.184ms
[0.643s][info][gc,phases,start] GC(28) Compaction Phase
[0.665s][info][gc,phases      ] GC(28) Compaction Phase 21.622ms
[0.665s][info][gc,phases,start] GC(28) Post Compact
[0.665s][info][gc,phases      ] GC(28) Post Compact 0.430ms
[0.665s][info][gc,heap        ] GC(28) PSYoungGen: 18944K(32256K)->11242K(32256K) Eden: 0K(13312K)->0K(13312K) From: 18944K(18944K)->11242K(18944K)
[0.665s][info][gc,heap        ] GC(28) ParOldGen: 70025K(77824K)->77486K(99328K)
[0.665s][info][gc,metaspace   ] GC(28) Metaspace: 6302K(6464K)->6302K(6464K) NonClass: 5769K(5824K)->5769K(5824K) Class: 533K(640K)->533K(640K)
[0.665s][info][gc             ] GC(28) Pause Full (Ergonomics) 86M->86M(128M) 58.667ms
[0.665s][info][gc,cpu         ] GC(28) User=0.09s Sys=0.00s Real=0.06s
[0.687s][info][gc,start       ] GC(29) Pause Young (Allocation Failure)
[0.703s][info][gc,heap        ] GC(29) PSYoungGen: 24554K(32256K)->13344K(38912K) Eden: 13312K(13312K)->0K(15360K) From: 11242K(18944K)->13344K(23552K)
[0.703s][info][gc,heap        ] GC(29) ParOldGen: 77486K(99328K)->88918K(99328K)
[0.703s][info][gc,metaspace   ] GC(29) Metaspace: 6302K(6464K)->6302K(6464K) NonClass: 5769K(5824K)->5769K(5824K) Class: 533K(640K)->533K(640K)
[0.703s][info][gc             ] GC(29) Pause Young (Allocation Failure) 99M->99M(135M) 16.570ms
[0.703s][info][gc,cpu         ] GC(29) User=0.03s Sys=0.00s Real=0.02s
[0.703s][info][gc,start       ] GC(30) Pause Full (Ergonomics)
[0.703s][info][gc,phases,start] GC(30) Marking Phase
[0.734s][info][gc,phases      ] GC(30) Marking Phase 30.458ms
[0.734s][info][gc,phases,start] GC(30) Summary Phase
[0.734s][info][gc,phases      ] GC(30) Summary Phase 0.039ms
[0.734s][info][gc,phases,start] GC(30) Adjust Roots
[0.734s][info][gc,phases      ] GC(30) Adjust Roots 0.299ms
[0.734s][info][gc,phases,start] GC(30) Compaction Phase
[0.760s][info][gc,phases      ] GC(30) Compaction Phase 26.097ms
[0.760s][info][gc,phases,start] GC(30) Post Compact
[0.761s][info][gc,phases      ] GC(30) Post Compact 0.419ms
[0.761s][info][gc,heap        ] GC(30) PSYoungGen: 13344K(38912K)->1017K(38912K) Eden: 0K(15360K)->0K(15360K) From: 13344K(23552K)->1017K(23552K)
[0.761s][info][gc,heap        ] GC(30) ParOldGen: 88918K(99328K)->98952K(124928K)
[0.761s][info][gc,metaspace   ] GC(30) Metaspace: 6302K(6464K)->6302K(6464K) NonClass: 5769K(5824K)->5769K(5824K) Class: 533K(640K)->533K(640K)
[0.761s][info][gc             ] GC(30) Pause Full (Ergonomics) 99M->97M(160M) 57.755ms
[0.761s][info][gc,cpu         ] GC(30) User=0.09s Sys=0.00s Real=0.06s
[0.775s][info][gc,start       ] GC(31) Pause Young (Allocation Failure)
[0.790s][info][gc,heap        ] GC(31) PSYoungGen: 16377K(38912K)->16448K(39424K) Eden: 15360K(15360K)->0K(15360K) From: 1017K(23552K)->16448K(24064K)
[0.790s][info][gc,heap        ] GC(31) ParOldGen: 98952K(124928K)->98952K(124928K)
[0.790s][info][gc,metaspace   ] GC(31) Metaspace: 6302K(6464K)->6302K(6464K) NonClass: 5769K(5824K)->5769K(5824K) Class: 533K(640K)->533K(640K)
[0.790s][info][gc             ] GC(31) Pause Young (Allocation Failure) 112M->112M(160M) 14.417ms
[0.790s][info][gc,cpu         ] GC(31) User=0.02s Sys=0.00s Real=0.01s
[0.804s][info][gc,start       ] GC(32) Pause Young (Allocation Failure)
[0.823s][info][gc,heap        ] GC(32) PSYoungGen: 31808K(39424K)->25088K(36352K) Eden: 15360K(15360K)->0K(11264K) From: 16448K(24064K)->25088K(25088K)
[0.823s][info][gc,heap        ] GC(32) ParOldGen: 98952K(124928K)->105712K(124928K)
[0.823s][info][gc,metaspace   ] GC(32) Metaspace: 6302K(6464K)->6302K(6464K) NonClass: 5769K(5824K)->5769K(5824K) Class: 533K(640K)->533K(640K)
[0.823s][info][gc             ] GC(32) Pause Young (Allocation Failure) 127M->127M(157M) 18.795ms
[0.823s][info][gc,cpu         ] GC(32) User=0.05s Sys=0.00s Real=0.02s
[0.834s][info][gc,start       ] GC(33) Pause Young (Allocation Failure)
[0.855s][info][gc,heap        ] GC(33) PSYoungGen: 36352K(36352K)->24288K(43008K) Eden: 11264K(11264K)->0K(11264K) From: 25088K(25088K)->24288K(31744K)
[0.855s][info][gc,heap        ] GC(33) ParOldGen: 105712K(124928K)->117984K(124928K)
[0.855s][info][gc,metaspace   ] GC(33) Metaspace: 6302K(6464K)->6302K(6464K) NonClass: 5769K(5824K)->5769K(5824K) Class: 533K(640K)->533K(640K)
[0.855s][info][gc             ] GC(33) Pause Young (Allocation Failure) 138M->138M(164M) 21.014ms
[0.855s][info][gc,cpu         ] GC(33) User=0.03s Sys=0.02s Real=0.02s
[0.855s][info][gc,start       ] GC(34) Pause Full (Ergonomics)
[0.855s][info][gc,phases,start] GC(34) Marking Phase
[0.898s][info][gc,phases      ] GC(34) Marking Phase 42.545ms
[0.898s][info][gc,phases,start] GC(34) Summary Phase
[0.898s][info][gc,phases      ] GC(34) Summary Phase 0.015ms
[0.898s][info][gc,phases,start] GC(34) Adjust Roots
[0.898s][info][gc,phases      ] GC(34) Adjust Roots 0.165ms
[0.898s][info][gc,phases,start] GC(34) Compaction Phase
[0.920s][info][gc,phases      ] GC(34) Compaction Phase 21.566ms
[0.920s][info][gc,phases,start] GC(34) Post Compact
[0.921s][info][gc,phases      ] GC(34) Post Compact 0.696ms
[0.921s][info][gc,heap        ] GC(34) PSYoungGen: 24288K(43008K)->17043K(43008K) Eden: 0K(11264K)->0K(11264K) From: 24288K(31744K)->17043K(31744K)
[0.921s][info][gc,heap        ] GC(34) ParOldGen: 117984K(124928K)->124815K(154112K)
[0.921s][info][gc,metaspace   ] GC(34) Metaspace: 6302K(6464K)->6302K(6464K) NonClass: 5769K(5824K)->5769K(5824K) Class: 533K(640K)->533K(640K)
[0.921s][info][gc             ] GC(34) Pause Full (Ergonomics) 138M->138M(192M) 65.569ms
[0.921s][info][gc,cpu         ] GC(34) User=0.16s Sys=0.00s Real=0.06s
[0.932s][info][gc,start       ] GC(35) Pause Young (Allocation Failure)
[0.952s][info][gc,heap        ] GC(35) PSYoungGen: 28307K(43008K)->28416K(44032K) Eden: 11264K(11264K)->0K(9728K) From: 17043K(31744K)->28416K(34304K)
[0.952s][info][gc,heap        ] GC(35) ParOldGen: 124815K(154112K)->124815K(154112K)
[0.952s][info][gc,metaspace   ] GC(35) Metaspace: 6302K(6464K)->6302K(6464K) NonClass: 5769K(5824K)->5769K(5824K) Class: 533K(640K)->533K(640K)
[0.952s][info][gc             ] GC(35) Pause Young (Allocation Failure) 149M->149M(193M) 20.208ms
[0.952s][info][gc,cpu         ] GC(35) User=0.06s Sys=0.00s Real=0.02s
[0.962s][info][gc,start       ] GC(36) Pause Young (Allocation Failure)
[0.978s][info][gc,heap        ] GC(36) PSYoungGen: 38144K(44032K)->37888K(47616K) Eden: 9728K(9728K)->0K(9728K) From: 28416K(34304K)->37888K(37888K)
[0.978s][info][gc,heap        ] GC(36) ParOldGen: 124815K(154112K)->125023K(154112K)
[0.978s][info][gc,metaspace   ] GC(36) Metaspace: 6302K(6464K)->6302K(6464K) NonClass: 5769K(5824K)->5769K(5824K) Class: 533K(640K)->533K(640K)
[0.978s][info][gc             ] GC(36) Pause Young (Allocation Failure) 159M->159M(197M) 16.575ms
[0.979s][info][gc,cpu         ] GC(36) User=0.03s Sys=0.00s Real=0.02s
[0.988s][info][gc,start       ] GC(37) Pause Young (Allocation Failure)
[1.012s][info][gc,heap        ] GC(37) PSYoungGen: 47616K(47616K)->30560K(53248K) Eden: 9728K(9728K)->0K(9216K) From: 37888K(37888K)->30560K(44032K)
[1.012s][info][gc,heap        ] GC(37) ParOldGen: 125023K(154112K)->142303K(154112K)
[1.012s][info][gc,metaspace   ] GC(37) Metaspace: 6302K(6464K)->6302K(6464K) NonClass: 5769K(5824K)->5769K(5824K) Class: 533K(640K)->533K(640K)
[1.012s][info][gc             ] GC(37) Pause Young (Allocation Failure) 168M->168M(202M) 24.066ms
[1.012s][info][gc,cpu         ] GC(37) User=0.02s Sys=0.05s Real=0.02s
[1.012s][info][gc,start       ] GC(38) Pause Full (Ergonomics)
[1.012s][info][gc,phases,start] GC(38) Marking Phase
[1.056s][info][gc,phases      ] GC(38) Marking Phase 43.756ms
[1.056s][info][gc,phases,start] GC(38) Summary Phase
[1.056s][info][gc,phases      ] GC(38) Summary Phase 0.017ms
[1.056s][info][gc,phases,start] GC(38) Adjust Roots
[1.056s][info][gc,phases      ] GC(38) Adjust Roots 0.149ms
[1.056s][info][gc,phases,start] GC(38) Compaction Phase
[1.080s][info][gc,phases      ] GC(38) Compaction Phase 23.606ms
[1.080s][info][gc,phases,start] GC(38) Post Compact
[1.081s][info][gc,phases      ] GC(38) Post Compact 0.714ms
[1.081s][info][gc,heap        ] GC(38) PSYoungGen: 30560K(53248K)->18706K(53248K) Eden: 0K(9216K)->0K(9216K) From: 30560K(44032K)->18706K(44032K)
[1.081s][info][gc,heap        ] GC(38) ParOldGen: 142303K(154112K)->153775K(188416K)
[1.081s][info][gc,metaspace   ] GC(38) Metaspace: 6302K(6464K)->6302K(6464K) NonClass: 5769K(5824K)->5769K(5824K) Class: 533K(640K)->533K(640K)
[1.081s][info][gc             ] GC(38) Pause Full (Ergonomics) 168M->168M(236M) 68.670ms
[1.081s][info][gc,cpu         ] GC(38) User=0.22s Sys=0.00s Real=0.07s
[1.118s][info][gc,start       ] GC(39) Pause Young (Allocation Failure)
[1.140s][info][gc,heap        ] GC(39) PSYoungGen: 27922K(53248K)->21312K(55296K) Eden: 9216K(9216K)->0K(9216K) From: 18706K(44032K)->21312K(46080K)
[1.140s][info][gc,heap        ] GC(39) ParOldGen: 161967K(188416K)->168799K(188416K)
[1.140s][info][gc,metaspace   ] GC(39) Metaspace: 6302K(6464K)->6302K(6464K) NonClass: 5769K(5824K)->5769K(5824K) Class: 533K(640K)->533K(640K)
[1.140s][info][gc             ] GC(39) Pause Young (Allocation Failure) 185M->185M(238M) 21.861ms
[1.140s][info][gc,cpu         ] GC(39) User=0.03s Sys=0.00s Real=0.02s
[1.149s][info][gc,start       ] GC(40) Pause Young (Allocation Failure)
[1.164s][info][gc,heap        ] GC(40) PSYoungGen: 30528K(55296K)->24544K(55296K) Eden: 9216K(9216K)->0K(11264K) From: 21312K(46080K)->24544K(44032K)
[1.164s][info][gc,heap        ] GC(40) ParOldGen: 168799K(188416K)->174847K(188416K)
[1.164s][info][gc,metaspace   ] GC(40) Metaspace: 6302K(6464K)->6302K(6464K) NonClass: 5769K(5824K)->5769K(5824K) Class: 533K(640K)->533K(640K)
[1.164s][info][gc             ] GC(40) Pause Young (Allocation Failure) 194M->194M(238M) 15.414ms
[1.164s][info][gc,cpu         ] GC(40) User=0.00s Sys=0.00s Real=0.01s
[1.164s][info][gc,start       ] GC(41) Pause Full (Ergonomics)
[1.164s][info][gc,phases,start] GC(41) Marking Phase
[1.213s][info][gc,phases      ] GC(41) Marking Phase 48.493ms
[1.213s][info][gc,phases,start] GC(41) Summary Phase
[1.213s][info][gc,phases      ] GC(41) Summary Phase 0.017ms
[1.213s][info][gc,phases,start] GC(41) Adjust Roots
[1.213s][info][gc,phases      ] GC(41) Adjust Roots 0.143ms
[1.213s][info][gc,phases,start] GC(41) Compaction Phase
[1.249s][info][gc,phases      ] GC(41) Compaction Phase 35.976ms
[1.249s][info][gc,phases,start] GC(41) Post Compact
[1.250s][info][gc,phases      ] GC(41) Post Compact 0.901ms
[1.250s][info][gc,heap        ] GC(41) PSYoungGen: 24544K(55296K)->7043K(55296K) Eden: 0K(11264K)->0K(11264K) From: 24544K(44032K)->7043K(44032K)
[1.250s][info][gc,heap        ] GC(41) ParOldGen: 174847K(188416K)->187907K(222720K)
[1.250s][info][gc,metaspace   ] GC(41) Metaspace: 6302K(6464K)->6302K(6464K) NonClass: 5769K(5824K)->5769K(5824K) Class: 533K(640K)->533K(640K)
[1.250s][info][gc             ] GC(41) Pause Full (Ergonomics) 194M->190M(271M) 86.061ms
[1.250s][info][gc,cpu         ] GC(41) User=0.28s Sys=0.00s Real=0.09s
[1.263s][info][gc,start       ] GC(42) Pause Young (Allocation Failure)
[1.281s][info][gc,heap        ] GC(42) PSYoungGen: 18307K(55296K)->16768K(55296K) Eden: 11264K(11264K)->0K(11264K) From: 7043K(44032K)->16768K(44032K)
[1.281s][info][gc,heap        ] GC(42) ParOldGen: 187907K(222720K)->189603K(222720K)
[1.281s][info][gc,metaspace   ] GC(42) Metaspace: 6302K(6464K)->6302K(6464K) NonClass: 5769K(5824K)->5769K(5824K) Class: 533K(640K)->533K(640K)
[1.281s][info][gc             ] GC(42) Pause Young (Allocation Failure) 201M->201M(271M) 18.240ms
[1.281s][info][gc,cpu         ] GC(42) User=0.08s Sys=0.00s Real=0.02s
[1.293s][info][gc,start       ] GC(43) Pause Young (Allocation Failure)
[1.307s][info][gc,heap        ] GC(43) PSYoungGen: 28032K(55296K)->28000K(54272K) Eden: 11264K(11264K)->0K(12288K) From: 16768K(44032K)->28000K(41984K)
[1.307s][info][gc,heap        ] GC(43) ParOldGen: 189603K(222720K)->189603K(222720K)
[1.307s][info][gc,metaspace   ] GC(43) Metaspace: 6302K(6464K)->6302K(6464K) NonClass: 5769K(5824K)->5769K(5824K) Class: 533K(640K)->533K(640K)
[1.307s][info][gc             ] GC(43) Pause Young (Allocation Failure) 212M->212M(270M) 13.795ms
[1.307s][info][gc,cpu         ] GC(43) User=0.02s Sys=0.00s Real=0.01s
[1.320s][info][gc,start       ] GC(44) Pause Young (Allocation Failure)
[1.338s][info][gc,heap        ] GC(44) PSYoungGen: 40288K(54272K)->40256K(55296K) Eden: 12288K(12288K)->0K(12288K) From: 28000K(41984K)->40256K(43008K)
[1.338s][info][gc,heap        ] GC(44) ParOldGen: 189603K(222720K)->189603K(222720K)
[1.338s][info][gc,metaspace   ] GC(44) Metaspace: 6302K(6464K)->6302K(6464K) NonClass: 5769K(5824K)->5769K(5824K) Class: 533K(640K)->533K(640K)
[1.338s][info][gc             ] GC(44) Pause Young (Allocation Failure) 224M->224M(271M) 18.558ms
[1.338s][info][gc,cpu         ] GC(44) User=0.09s Sys=0.00s Real=0.02s
[1.352s][info][gc,start       ] GC(45) Pause Young (Allocation Failure)
[1.377s][info][gc,heap        ] GC(45) PSYoungGen: 52544K(55296K)->48128K(53760K) Eden: 12288K(12288K)->0K(5632K) From: 40256K(43008K)->48128K(48128K)
[1.377s][info][gc,heap        ] GC(45) ParOldGen: 189603K(222720K)->194019K(222720K)
[1.377s][info][gc,metaspace   ] GC(45) Metaspace: 6302K(6464K)->6302K(6464K) NonClass: 5769K(5824K)->5769K(5824K) Class: 533K(640K)->533K(640K)
[1.377s][info][gc             ] GC(45) Pause Young (Allocation Failure) 236M->236M(270M) 25.279ms
[1.377s][info][gc,cpu         ] GC(45) User=0.09s Sys=0.00s Real=0.03s
[1.383s][info][gc,start       ] GC(46) Pause Young (Allocation Failure)
[1.407s][info][gc,heap        ] GC(46) PSYoungGen: 53760K(53760K)->40160K(62464K) Eden: 5632K(5632K)->0K(5632K) From: 48128K(48128K)->40160K(56832K)
[1.407s][info][gc,heap        ] GC(46) ParOldGen: 194019K(222720K)->207931K(222720K)
[1.407s][info][gc,metaspace   ] GC(46) Metaspace: 6302K(6464K)->6302K(6464K) NonClass: 5769K(5824K)->5769K(5824K) Class: 533K(640K)->533K(640K)
[1.407s][info][gc             ] GC(46) Pause Young (Allocation Failure) 241M->242M(278M) 24.172ms
[1.407s][info][gc,cpu         ] GC(46) User=0.06s Sys=0.02s Real=0.02s
[1.408s][info][gc,start       ] GC(47) Pause Full (Ergonomics)
[1.408s][info][gc,phases,start] GC(47) Marking Phase
[1.468s][info][gc,phases      ] GC(47) Marking Phase 60.045ms
[1.468s][info][gc,phases,start] GC(47) Summary Phase
[1.468s][info][gc,phases      ] GC(47) Summary Phase 0.028ms
[1.468s][info][gc,phases,start] GC(47) Adjust Roots
[1.468s][info][gc,phases      ] GC(47) Adjust Roots 0.156ms
[1.468s][info][gc,phases,start] GC(47) Compaction Phase
[1.500s][info][gc,phases      ] GC(47) Compaction Phase 32.087ms
[1.500s][info][gc,phases,start] GC(47) Post Compact
[1.501s][info][gc,phases      ] GC(47) Post Compact 1.284ms
[1.502s][info][gc,heap        ] GC(47) PSYoungGen: 40160K(62464K)->25125K(62464K) Eden: 0K(5632K)->0K(5632K) From: 40160K(56832K)->25125K(56832K)
[1.502s][info][gc,heap        ] GC(47) ParOldGen: 207931K(222720K)->222399K(259584K)
[1.502s][info][gc,metaspace   ] GC(47) Metaspace: 6302K(6464K)->6302K(6464K) NonClass: 5769K(5824K)->5769K(5824K) Class: 533K(640K)->533K(640K)
[1.502s][info][gc             ] GC(47) Pause Full (Ergonomics) 242M->241M(314M) 94.085ms
[1.502s][info][gc,cpu         ] GC(47) User=0.36s Sys=0.00s Real=0.10s
[1.509s][info][gc,start       ] GC(48) Pause Young (Allocation Failure)
[1.534s][info][gc,heap        ] GC(48) PSYoungGen: 30757K(62464K)->17056K(62976K) Eden: 5632K(5632K)->0K(6656K) From: 25125K(56832K)->17056K(56320K)
[1.534s][info][gc,heap        ] GC(48) ParOldGen: 222399K(259584K)->236455K(259584K)
[1.534s][info][gc,metaspace   ] GC(48) Metaspace: 6302K(6464K)->6302K(6464K) NonClass: 5769K(5824K)->5769K(5824K) Class: 533K(640K)->533K(640K)
[1.534s][info][gc             ] GC(48) Pause Young (Allocation Failure) 247M->247M(315M) 25.271ms
[1.534s][info][gc,cpu         ] GC(48) User=0.09s Sys=0.03s Real=0.03s
[1.543s][info][gc,start       ] GC(49) Pause Young (Allocation Failure)
[1.556s][info][gc,heap        ] GC(49) PSYoungGen: 23712K(62976K)->15840K(64512K) Eden: 6656K(6656K)->0K(6656K) From: 17056K(56320K)->15840K(57856K)
[1.556s][info][gc,heap        ] GC(49) ParOldGen: 236455K(259584K)->244375K(259584K)
[1.556s][info][gc,metaspace   ] GC(49) Metaspace: 6302K(6464K)->6302K(6464K) NonClass: 5769K(5824K)->5769K(5824K) Class: 533K(640K)->533K(640K)
[1.556s][info][gc             ] GC(49) Pause Young (Allocation Failure) 254M->254M(316M) 13.275ms
[1.556s][info][gc,cpu         ] GC(49) User=0.02s Sys=0.00s Real=0.01s
[1.556s][info][gc,start       ] GC(50) Pause Full (Ergonomics)
[1.556s][info][gc,phases,start] GC(50) Marking Phase
[1.616s][info][gc,phases      ] GC(50) Marking Phase 59.908ms
[1.616s][info][gc,phases,start] GC(50) Summary Phase
[1.616s][info][gc,phases      ] GC(50) Summary Phase 0.021ms
[1.616s][info][gc,phases,start] GC(50) Adjust Roots
[1.616s][info][gc,phases      ] GC(50) Adjust Roots 0.175ms
[1.616s][info][gc,phases,start] GC(50) Compaction Phase
[1.643s][info][gc,phases      ] GC(50) Compaction Phase 26.453ms
[1.643s][info][gc,phases,start] GC(50) Post Compact
[1.644s][info][gc,phases      ] GC(50) Post Compact 1.224ms
[1.644s][info][gc,heap        ] GC(50) PSYoungGen: 15840K(64512K)->440K(64512K) Eden: 0K(6656K)->0K(6656K) From: 15840K(57856K)->440K(57856K)
[1.644s][info][gc,heap        ] GC(50) ParOldGen: 244375K(259584K)->259310K(300032K)
[1.644s][info][gc,metaspace   ] GC(50) Metaspace: 6302K(6464K)->6302K(6464K) NonClass: 5769K(5824K)->5769K(5824K) Class: 533K(640K)->533K(640K)
[1.644s][info][gc             ] GC(50) Pause Full (Ergonomics) 254M->253M(356M) 88.356ms
[1.644s][info][gc,cpu         ] GC(50) User=0.42s Sys=0.05s Real=0.09s
[1.652s][info][gc,start       ] GC(51) Pause Young (Allocation Failure)
[1.667s][info][gc,heap        ] GC(51) PSYoungGen: 7096K(64512K)->6976K(63488K) Eden: 6656K(6656K)->0K(7680K) From: 440K(57856K)->6976K(55808K)
[1.667s][info][gc,heap        ] GC(51) ParOldGen: 259310K(300032K)->259566K(300032K)
[1.667s][info][gc,metaspace   ] GC(51) Metaspace: 6302K(6464K)->6302K(6464K) NonClass: 5769K(5824K)->5769K(5824K) Class: 533K(640K)->533K(640K)
[1.667s][info][gc             ] GC(51) Pause Young (Allocation Failure) 260M->260M(355M) 14.986ms
[1.667s][info][gc,cpu         ] GC(51) User=0.02s Sys=0.00s Real=0.01s
[1.676s][info][gc,start       ] GC(52) Pause Young (Allocation Failure)
[1.684s][info][gc,heap        ] GC(52) PSYoungGen: 14656K(63488K)->14656K(22528K) Eden: 7680K(7680K)->0K(7680K) From: 6976K(55808K)->14656K(14848K)
[1.684s][info][gc,heap        ] GC(52) ParOldGen: 259566K(300032K)->259566K(300032K)
[1.684s][info][gc,metaspace   ] GC(52) Metaspace: 6302K(6464K)->6302K(6464K) NonClass: 5769K(5824K)->5769K(5824K) Class: 533K(640K)->533K(640K)
[1.684s][info][gc             ] GC(52) Pause Young (Allocation Failure) 267M->267M(315M) 8.396ms
[1.684s][info][gc,cpu         ] GC(52) User=0.00s Sys=0.00s Real=0.01s
[1.693s][info][gc,start       ] GC(53) Pause Young (Allocation Failure)
[1.704s][info][gc,heap        ] GC(53) PSYoungGen: 22336K(22528K)->22304K(56832K) Eden: 7680K(7680K)->0K(8704K) From: 14656K(14848K)->22304K(48128K)
[1.704s][info][gc,heap        ] GC(53) ParOldGen: 259566K(300032K)->259566K(300032K)
[1.704s][info][gc,metaspace   ] GC(53) Metaspace: 6302K(6464K)->6302K(6464K) NonClass: 5769K(5824K)->5769K(5824K) Class: 533K(640K)->533K(640K)
[1.704s][info][gc             ] GC(53) Pause Young (Allocation Failure) 275M->275M(348M) 11.608ms
[1.704s][info][gc,cpu         ] GC(53) User=0.00s Sys=0.00s Real=0.01s
[1.714s][info][gc,start       ] GC(54) Pause Young (Allocation Failure)
[1.729s][info][gc,heap        ] GC(54) PSYoungGen: 31008K(56832K)->30784K(59904K) Eden: 8704K(8704K)->0K(8704K) From: 22304K(48128K)->30784K(51200K)
[1.729s][info][gc,heap        ] GC(54) ParOldGen: 259566K(300032K)->259814K(300032K)
[1.729s][info][gc,metaspace   ] GC(54) Metaspace: 6302K(6464K)->6302K(6464K) NonClass: 5769K(5824K)->5769K(5824K) Class: 533K(640K)->533K(640K)
[1.729s][info][gc             ] GC(54) Pause Young (Allocation Failure) 283M->283M(351M) 14.624ms
[1.729s][info][gc,cpu         ] GC(54) User=0.02s Sys=0.00s Real=0.01s
[1.739s][info][gc,start       ] GC(55) Pause Young (Allocation Failure)
[1.757s][info][gc,heap        ] GC(55) PSYoungGen: 39488K(59904K)->32832K(61440K) Eden: 8704K(8704K)->0K(9728K) From: 30784K(51200K)->32832K(51712K)
[1.757s][info][gc,heap        ] GC(55) ParOldGen: 259814K(300032K)->266558K(300032K)
[1.757s][info][gc,metaspace   ] GC(55) Metaspace: 6302K(6464K)->6302K(6464K) NonClass: 5769K(5824K)->5769K(5824K) Class: 533K(640K)->533K(640K)
[1.757s][info][gc             ] GC(55) Pause Young (Allocation Failure) 292M->292M(353M) 18.129ms
[1.757s][info][gc,cpu         ] GC(55) User=0.12s Sys=0.00s Real=0.02s
[1.768s][info][gc,start       ] GC(56) Pause Young (Allocation Failure)
[1.787s][info][gc,heap        ] GC(56) PSYoungGen: 42560K(61440K)->34880K(61952K) Eden: 9728K(9728K)->0K(9728K) From: 32832K(51712K)->34880K(52224K)
[1.787s][info][gc,heap        ] GC(56) ParOldGen: 266558K(300032K)->274342K(300032K)
[1.787s][info][gc,metaspace   ] GC(56) Metaspace: 6302K(6464K)->6302K(6464K) NonClass: 5769K(5824K)->5769K(5824K) Class: 533K(640K)->533K(640K)
[1.787s][info][gc             ] GC(56) Pause Young (Allocation Failure) 301M->301M(353M) 19.600ms
[1.787s][info][gc,cpu         ] GC(56) User=0.05s Sys=0.00s Real=0.02s
[1.799s][info][gc,start       ] GC(57) Pause Young (Allocation Failure)
[1.819s][info][gc,heap        ] GC(57) PSYoungGen: 44608K(61952K)->28256K(60928K) Eden: 9728K(9728K)->0K(11264K) From: 34880K(52224K)->28256K(49664K)
[1.819s][info][gc,heap        ] GC(57) ParOldGen: 274342K(300032K)->290902K(300032K)
[1.819s][info][gc,metaspace   ] GC(57) Metaspace: 6302K(6464K)->6302K(6464K) NonClass: 5769K(5824K)->5769K(5824K) Class: 533K(640K)->533K(640K)
[1.819s][info][gc             ] GC(57) Pause Young (Allocation Failure) 311M->311M(352M) 20.820ms
[1.819s][info][gc,cpu         ] GC(57) User=0.12s Sys=0.00s Real=0.02s
[1.820s][info][gc,start       ] GC(58) Pause Full (Ergonomics)
[1.820s][info][gc,phases,start] GC(58) Marking Phase
[1.891s][info][gc,phases      ] GC(58) Marking Phase 71.097ms
[1.891s][info][gc,phases,start] GC(58) Summary Phase
[1.891s][info][gc,phases      ] GC(58) Summary Phase 0.019ms
[1.891s][info][gc,phases,start] GC(58) Adjust Roots
[1.891s][info][gc,phases      ] GC(58) Adjust Roots 0.158ms
[1.891s][info][gc,phases,start] GC(58) Compaction Phase
[1.923s][info][gc,phases      ] GC(58) Compaction Phase 32.450ms
[1.923s][info][gc,phases,start] GC(58) Post Compact
[1.925s][info][gc,phases      ] GC(58) Post Compact 1.520ms
[1.925s][info][gc,heap        ] GC(58) PSYoungGen: 28256K(60928K)->18864K(62464K) Eden: 0K(11264K)->0K(12800K) From: 28256K(49664K)->18864K(49664K)
[1.925s][info][gc,heap        ] GC(58) ParOldGen: 290902K(300032K)->299541K(344064K)
[1.925s][info][gc,metaspace   ] GC(58) Metaspace: 6302K(6464K)->6302K(6464K) NonClass: 5769K(5824K)->5769K(5824K) Class: 533K(640K)->533K(640K)
[1.925s][info][gc             ] GC(58) Pause Full (Ergonomics) 311M->310M(397M) 105.777ms
[1.925s][info][gc,cpu         ] GC(58) User=0.67s Sys=0.02s Real=0.11s
[1.940s][info][gc,start       ] GC(59) Pause Young (Allocation Failure)
[1.967s][info][gc,heap        ] GC(59) PSYoungGen: 31664K(62464K)->19424K(64512K) Eden: 12800K(12800K)->0K(12800K) From: 18864K(49664K)->19424K(51712K)
[1.967s][info][gc,heap        ] GC(59) ParOldGen: 299541K(344064K)->312149K(344064K)
[1.967s][info][gc,metaspace   ] GC(59) Metaspace: 6302K(6464K)->6302K(6464K) NonClass: 5769K(5824K)->5769K(5824K) Class: 533K(640K)->533K(640K)
[1.967s][info][gc             ] GC(59) Pause Young (Allocation Failure) 323M->323M(399M) 26.549ms
[1.967s][info][gc,cpu         ] GC(59) User=0.11s Sys=0.02s Real=0.03s
[1.981s][info][gc,start       ] GC(60) Pause Young (Allocation Failure)
[1.998s][info][gc,heap        ] GC(60) PSYoungGen: 32224K(64512K)->25760K(60928K) Eden: 12800K(12800K)->0K(14848K) From: 19424K(51712K)->25760K(46080K)
[1.998s][info][gc,heap        ] GC(60) ParOldGen: 312149K(344064K)->318725K(344064K)
[1.998s][info][gc,metaspace   ] GC(60) Metaspace: 6302K(6464K)->6302K(6464K) NonClass: 5769K(5824K)->5769K(5824K) Class: 533K(640K)->533K(640K)
[1.998s][info][gc             ] GC(60) Pause Young (Allocation Failure) 336M->336M(395M) 17.039ms
[1.998s][info][gc,cpu         ] GC(60) User=0.02s Sys=0.00s Real=0.02s
[2.078s][info][gc,start       ] GC(61) Pause Full (Ergonomics)
[2.078s][info][gc,phases,start] GC(61) Marking Phase
[2.159s][info][gc,phases      ] GC(61) Marking Phase 80.873ms
[2.159s][info][gc,phases,start] GC(61) Summary Phase
[2.159s][info][gc,phases      ] GC(61) Summary Phase 0.018ms
[2.159s][info][gc,phases,start] GC(61) Adjust Roots
[2.160s][info][gc,phases      ] GC(61) Adjust Roots 0.151ms
[2.160s][info][gc,phases,start] GC(61) Compaction Phase
[2.225s][info][gc,phases      ] GC(61) Compaction Phase 65.545ms
[2.225s][info][gc,phases,start] GC(61) Post Compact
[2.227s][info][gc,phases      ] GC(61) Post Compact 1.883ms
[2.227s][info][gc,heap        ] GC(61) PSYoungGen: 40608K(60928K)->22983K(62976K) Eden: 14848K(14848K)->0K(16896K) From: 25760K(46080K)->22983K(46080K)
[2.227s][info][gc,heap        ] GC(61) ParOldGen: 335109K(344064K)->343972K(390656K)
[2.227s][info][gc,metaspace   ] GC(61) Metaspace: 6302K(6464K)->6302K(6464K) NonClass: 5769K(5824K)->5769K(5824K) Class: 533K(640K)->533K(640K)
[2.227s][info][gc             ] GC(61) Pause Full (Ergonomics) 366M->358M(443M) 149.070ms
[2.228s][info][gc,cpu         ] GC(61) User=0.86s Sys=0.03s Real=0.15s
[2.247s][info][gc,start       ] GC(62) Pause Young (Allocation Failure)
[2.279s][info][gc,heap        ] GC(62) PSYoungGen: 39879K(62976K)->28352K(65024K) Eden: 16896K(16896K)->0K(16896K) From: 22983K(46080K)->28352K(48128K)
[2.279s][info][gc,heap        ] GC(62) ParOldGen: 343972K(390656K)->355812K(390656K)
[2.279s][info][gc,metaspace   ] GC(62) Metaspace: 6302K(6464K)->6302K(6464K) NonClass: 5769K(5824K)->5769K(5824K) Class: 533K(640K)->533K(640K)
[2.279s][info][gc             ] GC(62) Pause Young (Allocation Failure) 374M->375M(445M) 32.192ms
[2.279s][info][gc,cpu         ] GC(62) User=0.14s Sys=0.00s Real=0.03s
[2.297s][info][gc,start       ] GC(63) Pause Young (Allocation Failure)
[2.318s][info][gc,heap        ] GC(63) PSYoungGen: 45248K(65024K)->45280K(60928K) Eden: 16896K(16896K)->0K(13824K) From: 28352K(48128K)->45280K(47104K)
[2.318s][info][gc,heap        ] GC(63) ParOldGen: 355812K(390656K)->355812K(390656K)
[2.318s][info][gc,metaspace   ] GC(63) Metaspace: 6302K(6464K)->6302K(6464K) NonClass: 5769K(5824K)->5769K(5824K) Class: 533K(640K)->533K(640K)
[2.318s][info][gc             ] GC(63) Pause Young (Allocation Failure) 391M->391M(441M) 21.549ms
[2.318s][info][gc,cpu         ] GC(63) User=0.12s Sys=0.00s Real=0.02s
[2.334s][info][gc,start       ] GC(64) Pause Young (Allocation Failure)
[2.361s][info][gc,heap        ] GC(64) PSYoungGen: 59104K(60928K)->47744K(66048K) Eden: 13824K(13824K)->0K(13824K) From: 45280K(47104K)->47744K(52224K)
[2.361s][info][gc,heap        ] GC(64) ParOldGen: 355812K(390656K)->367324K(390656K)
[2.361s][info][gc,metaspace   ] GC(64) Metaspace: 6302K(6464K)->6302K(6464K) NonClass: 5769K(5824K)->5769K(5824K) Class: 533K(640K)->533K(640K)
[2.361s][info][gc             ] GC(64) Pause Young (Allocation Failure) 405M->405M(446M) 26.879ms
[2.361s][info][gc,cpu         ] GC(64) User=0.14s Sys=0.00s Real=0.03s
[2.375s][info][gc,start       ] GC(65) Pause Young (Allocation Failure)
[2.403s][info][gc,heap        ] GC(65) PSYoungGen: 61568K(66048K)->44672K(70144K) Eden: 13824K(13824K)->0K(12800K) From: 47744K(52224K)->44672K(57344K)
[2.403s][info][gc,heap        ] GC(65) ParOldGen: 367324K(390656K)->384452K(390656K)
[2.403s][info][gc,metaspace   ] GC(65) Metaspace: 6302K(6464K)->6302K(6464K) NonClass: 5769K(5824K)->5769K(5824K) Class: 533K(640K)->533K(640K)
[2.403s][info][gc             ] GC(65) Pause Young (Allocation Failure) 418M->419M(450M) 28.216ms
[2.403s][info][gc,cpu         ] GC(65) User=0.12s Sys=0.00s Real=0.03s
[2.403s][info][gc,start       ] GC(66) Pause Full (Ergonomics)
[2.403s][info][gc,phases,start] GC(66) Marking Phase
[2.500s][info][gc,phases      ] GC(66) Marking Phase 96.778ms
[2.500s][info][gc,phases,start] GC(66) Summary Phase
[2.500s][info][gc,phases      ] GC(66) Summary Phase 0.019ms
[2.500s][info][gc,phases,start] GC(66) Adjust Roots
[2.500s][info][gc,phases      ] GC(66) Adjust Roots 0.152ms
[2.500s][info][gc,phases,start] GC(66) Compaction Phase
[2.549s][info][gc,phases      ] GC(66) Compaction Phase 48.341ms
[2.549s][info][gc,phases,start] GC(66) Post Compact
[2.551s][info][gc,phases      ] GC(66) Post Compact 2.004ms
[2.551s][info][gc,heap        ] GC(66) PSYoungGen: 44672K(70144K)->37812K(70144K) Eden: 0K(12800K)->0K(12800K) From: 44672K(57344K)->37812K(57344K)
[2.551s][info][gc,heap        ] GC(66) ParOldGen: 384452K(390656K)->390466K(443392K)
[2.551s][info][gc,metaspace   ] GC(66) Metaspace: 6302K(6464K)->6302K(6464K) NonClass: 5769K(5824K)->5769K(5824K) Class: 533K(640K)->533K(640K)
[2.551s][info][gc             ] GC(66) Pause Full (Ergonomics) 419M->418M(501M) 147.852ms
[2.551s][info][gc,cpu         ] GC(66) User=1.00s Sys=0.00s Real=0.15s
[2.565s][info][gc,start       ] GC(67) Pause Young (Allocation Failure)
[2.603s][info][gc,heap        ] GC(67) PSYoungGen: 50612K(70144K)->24928K(37888K) Eden: 12800K(12800K)->0K(12800K) From: 37812K(57344K)->24928K(25088K)
[2.603s][info][gc,heap        ] GC(67) ParOldGen: 390466K(443392K)->416626K(443392K)
[2.603s][info][gc,metaspace   ] GC(67) Metaspace: 6302K(6464K)->6302K(6464K) NonClass: 5769K(5824K)->5769K(5824K) Class: 533K(640K)->533K(640K)
[2.603s][info][gc             ] GC(67) Pause Young (Allocation Failure) 430M->431M(470M) 37.671ms
[2.603s][info][gc,cpu         ] GC(67) User=0.23s Sys=0.02s Real=0.04s
[2.603s][info][gc,start       ] GC(68) Pause Full (Ergonomics)
[2.603s][info][gc,phases,start] GC(68) Marking Phase
[2.700s][info][gc,phases      ] GC(68) Marking Phase 96.996ms
[2.700s][info][gc,phases,start] GC(68) Summary Phase
[2.700s][info][gc,phases      ] GC(68) Summary Phase 0.036ms
[2.700s][info][gc,phases,start] GC(68) Adjust Roots
[2.700s][info][gc,phases      ] GC(68) Adjust Roots 0.161ms
[2.700s][info][gc,phases,start] GC(68) Compaction Phase
[2.741s][info][gc,phases      ] GC(68) Compaction Phase 41.103ms
[2.741s][info][gc,phases,start] GC(68) Post Compact
[2.743s][info][gc,phases      ] GC(68) Post Compact 2.144ms
[2.744s][info][gc,heap        ] GC(68) PSYoungGen: 24928K(37888K)->0K(72704K) Eden: 0K(12800K)->0K(14336K) From: 24928K(25088K)->0K(58368K)
[2.744s][info][gc,heap        ] GC(68) ParOldGen: 416626K(443392K)->441048K(502784K)
[2.744s][info][gc,metaspace   ] GC(68) Metaspace: 6302K(6464K)->6302K(6464K) NonClass: 5769K(5824K)->5769K(5824K) Class: 533K(640K)->533K(640K)
[2.744s][info][gc             ] GC(68) Pause Full (Ergonomics) 431M->430M(562M) 140.974ms
[2.744s][info][gc,cpu         ] GC(68) User=0.92s Sys=0.00s Real=0.14s
[2.760s][info][gc,start       ] GC(69) Pause Young (Allocation Failure)
[2.769s][info][gc,heap        ] GC(69) PSYoungGen: 14336K(72704K)->14496K(72704K) Eden: 14336K(14336K)->0K(14336K) From: 0K(58368K)->14496K(58368K)
[2.769s][info][gc,heap        ] GC(69) ParOldGen: 441048K(502784K)->441048K(502784K)
[2.769s][info][gc,metaspace   ] GC(69) Metaspace: 6302K(6464K)->6302K(6464K) NonClass: 5769K(5824K)->5769K(5824K) Class: 533K(640K)->533K(640K)
[2.769s][info][gc             ] GC(69) Pause Young (Allocation Failure) 444M->444M(562M) 9.381ms
[2.769s][info][gc,cpu         ] GC(69) User=0.02s Sys=0.00s Real=0.01s
[2.785s][info][gc,start       ] GC(70) Pause Young (Allocation Failure)
[2.800s][info][gc,heap        ] GC(70) PSYoungGen: 28832K(72704K)->28800K(68096K) Eden: 14336K(14336K)->0K(15872K) From: 14496K(58368K)->28800K(52224K)
[2.800s][info][gc,heap        ] GC(70) ParOldGen: 441048K(502784K)->441048K(502784K)
[2.800s][info][gc,metaspace   ] GC(70) Metaspace: 6302K(6464K)->6302K(6464K) NonClass: 5769K(5824K)->5769K(5824K) Class: 533K(640K)->533K(640K)
[2.800s][info][gc             ] GC(70) Pause Young (Allocation Failure) 458M->458M(557M) 15.380ms
[2.800s][info][gc,cpu         ] GC(70) User=0.02s Sys=0.00s Real=0.02s
[2.817s][info][gc,start       ] GC(71) Pause Young (Allocation Failure)
[2.839s][info][gc,heap        ] GC(71) PSYoungGen: 44672K(68096K)->44704K(71168K) Eden: 15872K(15872K)->0K(15872K) From: 28800K(52224K)->44704K(55296K)
[2.839s][info][gc,heap        ] GC(71) ParOldGen: 441048K(502784K)->441048K(502784K)
[2.839s][info][gc,metaspace   ] GC(71) Metaspace: 6302K(6464K)->6302K(6464K) NonClass: 5769K(5824K)->5769K(5824K) Class: 533K(640K)->533K(640K)
[2.839s][info][gc             ] GC(71) Pause Young (Allocation Failure) 474M->474M(560M) 21.533ms
[2.839s][info][gc,cpu         ] GC(71) User=0.12s Sys=0.00s Real=0.02s
[2.857s][info][gc,start       ] GC(72) Pause Young (Allocation Failure)
[2.886s][info][gc,heap        ] GC(72) PSYoungGen: 60576K(71168K)->58880K(68608K) Eden: 15872K(15872K)->0K(9728K) From: 44704K(55296K)->58880K(58880K)
[2.886s][info][gc,heap        ] GC(72) ParOldGen: 441048K(502784K)->442640K(502784K)
[2.886s][info][gc,metaspace   ] GC(72) Metaspace: 6302K(6464K)->6302K(6464K) NonClass: 5769K(5824K)->5769K(5824K) Class: 533K(640K)->533K(640K)
[2.886s][info][gc             ] GC(72) Pause Young (Allocation Failure) 489M->489M(558M) 28.859ms
[2.886s][info][gc,cpu         ] GC(72) User=0.12s Sys=0.00s Real=0.03s
[2.898s][info][gc,start       ] GC(73) Pause Young (Allocation Failure)
[2.928s][info][gc,heap        ] GC(73) PSYoungGen: 68608K(68608K)->54752K(76800K) Eden: 9728K(9728K)->0K(9728K) From: 58880K(58880K)->54752K(67072K)
[2.928s][info][gc,heap        ] GC(73) ParOldGen: 442640K(502784K)->456752K(502784K)
[2.928s][info][gc,metaspace   ] GC(73) Metaspace: 6302K(6464K)->6302K(6464K) NonClass: 5769K(5824K)->5769K(5824K) Class: 533K(640K)->533K(640K)
[2.928s][info][gc             ] GC(73) Pause Young (Allocation Failure) 499M->499M(566M) 30.122ms
[2.928s][info][gc,cpu         ] GC(73) User=0.14s Sys=0.00s Real=0.03s
[2.939s][info][gc,start       ] GC(74) Pause Young (Allocation Failure)
[2.968s][info][gc,heap        ] GC(74) PSYoungGen: 64480K(76800K)->50592K(80896K) Eden: 9728K(9728K)->0K(9216K) From: 54752K(67072K)->50592K(71680K)
[2.968s][info][gc,heap        ] GC(74) ParOldGen: 456752K(502784K)->470848K(502784K)
[2.968s][info][gc,metaspace   ] GC(74) Metaspace: 6302K(6464K)->6302K(6464K) NonClass: 5769K(5824K)->5769K(5824K) Class: 533K(640K)->533K(640K)
[2.968s][info][gc             ] GC(74) Pause Young (Allocation Failure) 509M->509M(570M) 29.411ms
[2.968s][info][gc,cpu         ] GC(74) User=0.11s Sys=0.02s Real=0.03s
[2.978s][info][gc,start       ] GC(75) Pause Young (Allocation Failure)
[3.005s][info][gc,heap        ] GC(75) PSYoungGen: 59808K(80896K)->44224K(82944K) Eden: 9216K(9216K)->0K(9216K) From: 50592K(71680K)->44224K(73728K)
[3.005s][info][gc,heap        ] GC(75) ParOldGen: 470848K(502784K)->486672K(502784K)
[3.005s][info][gc,metaspace   ] GC(75) Metaspace: 6302K(6464K)->6302K(6464K) NonClass: 5769K(5824K)->5769K(5824K) Class: 533K(640K)->533K(640K)
[3.005s][info][gc             ] GC(75) Pause Young (Allocation Failure) 518M->518M(572M) 27.417ms
[3.005s][info][gc,cpu         ] GC(75) User=0.14s Sys=0.00s Real=0.03s
[3.005s][info][gc,start       ] GC(76) Pause Full (Ergonomics)
[3.005s][info][gc,phases,start] GC(76) Marking Phase
[3.120s][info][gc,phases      ] GC(76) Marking Phase 114.545ms
[3.120s][info][gc,phases,start] GC(76) Summary Phase
[3.120s][info][gc,phases      ] GC(76) Summary Phase 0.020ms
[3.120s][info][gc,phases,start] GC(76) Adjust Roots
[3.120s][info][gc,phases      ] GC(76) Adjust Roots 0.150ms
[3.120s][info][gc,phases,start] GC(76) Compaction Phase
[3.172s][info][gc,phases      ] GC(76) Compaction Phase 51.447ms
[3.172s][info][gc,phases,start] GC(76) Post Compact
[3.174s][info][gc,phases      ] GC(76) Post Compact 2.575ms
[3.175s][info][gc,heap        ] GC(76) PSYoungGen: 44224K(82944K)->27603K(82944K) Eden: 0K(9216K)->0K(9216K) From: 44224K(73728K)->27603K(73728K)
[3.175s][info][gc,heap        ] GC(76) ParOldGen: 486672K(502784K)->502313K(567296K)
[3.175s][info][gc,metaspace   ] GC(76) Metaspace: 6302K(6464K)->6302K(6464K) NonClass: 5769K(5824K)->5769K(5824K) Class: 533K(640K)->533K(640K)
[3.175s][info][gc             ] GC(76) Pause Full (Ergonomics) 518M->517M(635M) 169.364ms
[3.175s][info][gc,cpu         ] GC(76) User=1.17s Sys=0.00s Real=0.17s
[3.186s][info][gc,start       ] GC(77) Pause Young (Allocation Failure)
[3.223s][info][gc,heap        ] GC(77) PSYoungGen: 36819K(82944K)->21600K(82432K) Eden: 9216K(9216K)->0K(10752K) From: 27603K(73728K)->21600K(71680K)
[3.223s][info][gc,heap        ] GC(77) ParOldGen: 502313K(567296K)->517849K(567296K)
[3.223s][info][gc,metaspace   ] GC(77) Metaspace: 6302K(6464K)->6302K(6464K) NonClass: 5769K(5824K)->5769K(5824K) Class: 533K(640K)->533K(640K)
[3.223s][info][gc             ] GC(77) Pause Young (Allocation Failure) 526M->526M(634M) 37.286ms
[3.223s][info][gc,cpu         ] GC(77) User=0.23s Sys=0.02s Real=0.04s
[3.235s][info][gc,start       ] GC(78) Pause Young (Allocation Failure)
[3.252s][info][gc,heap        ] GC(78) PSYoungGen: 32352K(82432K)->26272K(37376K) Eden: 10752K(10752K)->0K(10752K) From: 21600K(71680K)->26272K(26624K)
[3.252s][info][gc,heap        ] GC(78) ParOldGen: 517849K(567296K)->524081K(567296K)
[3.252s][info][gc,metaspace   ] GC(78) Metaspace: 6302K(6464K)->6302K(6464K) NonClass: 5769K(5824K)->5769K(5824K) Class: 533K(640K)->533K(640K)
[3.252s][info][gc             ] GC(78) Pause Young (Allocation Failure) 537M->537M(590M) 17.534ms
[3.252s][info][gc,cpu         ] GC(78) User=0.03s Sys=0.00s Real=0.02s
[3.264s][info][gc,start       ] GC(79) Pause Young (Allocation Failure)
[3.283s][info][gc,heap        ] GC(79) PSYoungGen: 37024K(37376K)->30816K(76288K) Eden: 10752K(10752K)->0K(12288K) From: 26272K(26624K)->30816K(64000K)
[3.283s][info][gc,heap        ] GC(79) ParOldGen: 524081K(567296K)->530353K(567296K)
[3.283s][info][gc,metaspace   ] GC(79) Metaspace: 6302K(6464K)->6302K(6464K) NonClass: 5769K(5824K)->5769K(5824K) Class: 533K(640K)->533K(640K)
[3.283s][info][gc             ] GC(79) Pause Young (Allocation Failure) 547M->548M(628M) 18.854ms
[3.283s][info][gc,cpu         ] GC(79) User=0.11s Sys=0.02s Real=0.02s
[3.297s][info][gc,start       ] GC(80) Pause Young (Allocation Failure)
[3.318s][info][gc,heap        ] GC(80) PSYoungGen: 43104K(76288K)->33856K(46592K) Eden: 12288K(12288K)->0K(12288K) From: 30816K(64000K)->33856K(34304K)
[3.318s][info][gc,heap        ] GC(80) ParOldGen: 530353K(567296K)->539705K(567296K)
[3.318s][info][gc,metaspace   ] GC(80) Metaspace: 6302K(6464K)->6302K(6464K) NonClass: 5769K(5824K)->5769K(5824K) Class: 533K(640K)->533K(640K)
[3.318s][info][gc             ] GC(80) Pause Young (Allocation Failure) 560M->560M(599M) 21.676ms
[3.318s][info][gc,cpu         ] GC(80) User=0.11s Sys=0.00s Real=0.02s
[3.334s][info][gc,start       ] GC(81) Pause Young (Allocation Failure)
[3.357s][info][gc,heap        ] GC(81) PSYoungGen: 46144K(46592K)->24672K(75776K) Eden: 12288K(12288K)->0K(13824K) From: 33856K(34304K)->24672K(61952K)
[3.357s][info][gc,heap        ] GC(81) ParOldGen: 539705K(567296K)->561473K(567296K)
[3.357s][info][gc,metaspace   ] GC(81) Metaspace: 6302K(6464K)->6302K(6464K) NonClass: 5769K(5824K)->5769K(5824K) Class: 533K(640K)->533K(640K)
[3.357s][info][gc             ] GC(81) Pause Young (Allocation Failure) 572M->572M(628M) 23.587ms
[3.358s][info][gc,cpu         ] GC(81) User=0.08s Sys=0.06s Real=0.02s
[3.358s][info][gc,start       ] GC(82) Pause Full (Ergonomics)
[3.358s][info][gc,phases,start] GC(82) Marking Phase
[3.481s][info][gc,phases      ] GC(82) Marking Phase 123.866ms
[3.482s][info][gc,phases,start] GC(82) Summary Phase
[3.482s][info][gc,phases      ] GC(82) Summary Phase 0.021ms
[3.482s][info][gc,phases,start] GC(82) Adjust Roots
[3.482s][info][gc,phases      ] GC(82) Adjust Roots 0.161ms
[3.482s][info][gc,phases,start] GC(82) Compaction Phase
[3.536s][info][gc,phases      ] GC(82) Compaction Phase 53.768ms
[3.536s][info][gc,phases,start] GC(82) Post Compact
[3.537s][info][gc,phases      ] GC(82) Post Compact 0.949ms
[3.537s][info][gc,heap        ] GC(82) PSYoungGen: 24672K(75776K)->17867K(76800K) Eden: 0K(13824K)->0K(14848K) From: 24672K(61952K)->17867K(61952K)
[3.537s][info][gc,heap        ] GC(82) ParOldGen: 561473K(567296K)->567188K(636416K)
[3.537s][info][gc,metaspace   ] GC(82) Metaspace: 6302K(6464K)->6302K(6464K) NonClass: 5769K(5824K)->5769K(5824K) Class: 533K(640K)->533K(640K)
[3.537s][info][gc             ] GC(82) Pause Full (Ergonomics) 572M->571M(696M) 179.354ms
[3.537s][info][gc,cpu         ] GC(82) User=1.20s Sys=0.00s Real=0.18s
[3.554s][info][gc,start       ] GC(83) Pause Young (Allocation Failure)
[3.594s][info][gc,heap        ] GC(83) PSYoungGen: 32715K(76800K)->14944K(77824K) Eden: 14848K(14848K)->0K(14848K) From: 17867K(61952K)->14944K(62976K)
[3.594s][info][gc,heap        ] GC(83) ParOldGen: 567188K(636416K)->585308K(636416K)
[3.594s][info][gc,metaspace   ] GC(83) Metaspace: 6302K(6464K)->6302K(6464K) NonClass: 5769K(5824K)->5769K(5824K) Class: 533K(640K)->533K(640K)
[3.594s][info][gc             ] GC(83) Pause Young (Allocation Failure) 585M->586M(697M) 39.677ms
[3.594s][info][gc,cpu         ] GC(83) User=0.25s Sys=0.00s Real=0.04s
[3.611s][info][gc,start       ] GC(84) Pause Young (Allocation Failure)
[3.628s][info][gc,heap        ] GC(84) PSYoungGen: 29792K(77824K)->14976K(79360K) Eden: 14848K(14848K)->0K(16384K) From: 14944K(62976K)->14976K(62976K)
[3.629s][info][gc,heap        ] GC(84) ParOldGen: 585308K(636416K)->600348K(636416K)
[3.629s][info][gc,metaspace   ] GC(84) Metaspace: 6302K(6464K)->6302K(6464K) NonClass: 5769K(5824K)->5769K(5824K) Class: 533K(640K)->533K(640K)
[3.629s][info][gc             ] GC(84) Pause Young (Allocation Failure) 600M->600M(699M) 17.156ms
[3.629s][info][gc,cpu         ] GC(84) User=0.02s Sys=0.00s Real=0.02s
[3.648s][info][gc,start       ] GC(85) Pause Young (Allocation Failure)
[3.667s][info][gc,heap        ] GC(85) PSYoungGen: 31360K(79360K)->16512K(79360K) Eden: 16384K(16384K)->0K(16384K) From: 14976K(62976K)->16512K(62976K)
[3.667s][info][gc,heap        ] GC(85) ParOldGen: 600348K(636416K)->615396K(636416K)
[3.667s][info][gc,metaspace   ] GC(85) Metaspace: 6302K(6464K)->6302K(6464K) NonClass: 5769K(5824K)->5769K(5824K) Class: 533K(640K)->533K(640K)
[3.667s][info][gc             ] GC(85) Pause Young (Allocation Failure) 616M->617M(699M) 18.324ms
[3.667s][info][gc,cpu         ] GC(85) User=0.11s Sys=0.00s Real=0.02s
[3.667s][info][gc,start       ] GC(86) Pause Full (Ergonomics)
[3.667s][info][gc,phases,start] GC(86) Marking Phase
[3.802s][info][gc,phases      ] GC(86) Marking Phase 134.855ms
[3.802s][info][gc,phases,start] GC(86) Summary Phase
[3.802s][info][gc,phases      ] GC(86) Summary Phase 0.032ms
[3.802s][info][gc,phases,start] GC(86) Adjust Roots
[3.802s][info][gc,phases      ] GC(86) Adjust Roots 0.153ms
[3.802s][info][gc,phases,start] GC(86) Compaction Phase
[3.855s][info][gc,phases      ] GC(86) Compaction Phase 52.994ms
[3.855s][info][gc,phases,start] GC(86) Post Compact
[3.856s][info][gc,phases      ] GC(86) Post Compact 0.994ms
[3.856s][info][gc,heap        ] GC(86) PSYoungGen: 16512K(79360K)->0K(80384K) Eden: 0K(16384K)->0K(18432K) From: 16512K(62976K)->0K(61952K)
[3.856s][info][gc,heap        ] GC(86) ParOldGen: 615396K(636416K)->631039K(705536K)
[3.856s][info][gc,metaspace   ] GC(86) Metaspace: 6302K(6464K)->6302K(6464K) NonClass: 5769K(5824K)->5769K(5824K) Class: 533K(640K)->533K(640K)
[3.856s][info][gc             ] GC(86) Pause Full (Ergonomics) 617M->616M(767M) 189.585ms
[3.856s][info][gc,cpu         ] GC(86) User=1.41s Sys=0.00s Real=0.19s
[3.879s][info][gc,start       ] GC(87) Pause Young (Allocation Failure)
[3.891s][info][gc,heap        ] GC(87) PSYoungGen: 18432K(80384K)->18560K(80384K) Eden: 18432K(18432K)->0K(18432K) From: 0K(61952K)->18560K(61952K)
[3.891s][info][gc,heap        ] GC(87) ParOldGen: 631039K(705536K)->631039K(705536K)
[3.891s][info][gc,metaspace   ] GC(87) Metaspace: 6302K(6464K)->6302K(6464K) NonClass: 5769K(5824K)->5769K(5824K) Class: 533K(640K)->533K(640K)
[3.891s][info][gc             ] GC(87) Pause Young (Allocation Failure) 634M->634M(767M) 12.236ms
[3.891s][info][gc,cpu         ] GC(87) User=0.02s Sys=0.00s Real=0.01s
[3.914s][info][gc,start       ] GC(88) Pause Young (Allocation Failure)
[3.933s][info][gc,heap        ] GC(88) PSYoungGen: 36992K(80384K)->36992K(80896K) Eden: 18432K(18432K)->0K(20480K) From: 18560K(61952K)->36992K(60416K)
[3.933s][info][gc,heap        ] GC(88) ParOldGen: 631039K(705536K)->631039K(705536K)
[3.933s][info][gc,metaspace   ] GC(88) Metaspace: 6302K(6464K)->6302K(6464K) NonClass: 5769K(5824K)->5769K(5824K) Class: 533K(640K)->533K(640K)
[3.933s][info][gc             ] GC(88) Pause Young (Allocation Failure) 652M->652M(768M) 19.870ms
[3.933s][info][gc,cpu         ] GC(88) User=0.12s Sys=0.00s Real=0.02s
[3.959s][info][gc,start       ] GC(89) Pause Young (Allocation Failure)
[3.988s][info][gc,heap        ] GC(89) PSYoungGen: 57472K(80896K)->57536K(80896K) Eden: 20480K(20480K)->0K(20480K) From: 36992K(60416K)->57536K(60416K)
[3.988s][info][gc,heap        ] GC(89) ParOldGen: 631039K(705536K)->631039K(705536K)
[3.988s][info][gc,metaspace   ] GC(89) Metaspace: 6302K(6464K)->6302K(6464K) NonClass: 5769K(5824K)->5769K(5824K) Class: 533K(640K)->533K(640K)
[3.988s][info][gc             ] GC(89) Pause Young (Allocation Failure) 672M->672M(768M) 28.733ms
[3.988s][info][gc,cpu         ] GC(89) User=0.14s Sys=0.00s Real=0.03s
[4.128s][info][gc,start       ] GC(90) Pause Young (Allocation Failure)
[4.179s][info][gc,heap        ] GC(90) PSYoungGen: 78016K(80896K)->68096K(76800K) Eden: 20480K(20480K)->0K(8704K) From: 57536K(60416K)->68096K(68096K)
[4.179s][info][gc,heap        ] GC(90) ParOldGen: 663807K(705536K)->673711K(705536K)
[4.179s][info][gc,metaspace   ] GC(90) Metaspace: 6302K(6464K)->6302K(6464K) NonClass: 5769K(5824K)->5769K(5824K) Class: 533K(640K)->533K(640K)
[4.179s][info][gc             ] GC(90) Pause Young (Allocation Failure) 724M->724M(764M) 51.731ms
[4.179s][info][gc,cpu         ] GC(90) User=0.36s Sys=0.02s Real=0.05s
[4.189s][info][gc,start       ] GC(91) Pause Young (Allocation Failure)
[4.224s][info][gc,heap        ] GC(91) PSYoungGen: 76800K(76800K)->45760K(90624K) Eden: 8704K(8704K)->0K(8704K) From: 68096K(68096K)->45760K(81920K)
[4.225s][info][gc,heap        ] GC(91) ParOldGen: 673711K(705536K)->705279K(705536K)
[4.225s][info][gc,metaspace   ] GC(91) Metaspace: 6302K(6464K)->6302K(6464K) NonClass: 5769K(5824K)->5769K(5824K) Class: 533K(640K)->533K(640K)
[4.225s][info][gc             ] GC(91) Pause Young (Allocation Failure) 732M->733M(777M) 35.239ms
[4.225s][info][gc,cpu         ] GC(91) User=0.25s Sys=0.00s Real=0.04s
[4.225s][info][gc,start       ] GC(92) Pause Full (Ergonomics)
[4.225s][info][gc,phases,start] GC(92) Marking Phase
[4.385s][info][gc,phases      ] GC(92) Marking Phase 160.866ms
[4.386s][info][gc,phases,start] GC(92) Summary Phase
[4.386s][info][gc,phases      ] GC(92) Summary Phase 0.022ms
[4.386s][info][gc,phases,start] GC(92) Adjust Roots
[4.386s][info][gc,phases      ] GC(92) Adjust Roots 0.157ms
[4.386s][info][gc,phases,start] GC(92) Compaction Phase
[4.508s][info][gc,phases      ] GC(92) Compaction Phase 122.203ms
[4.508s][info][gc,phases,start] GC(92) Post Compact
[4.510s][info][gc,phases      ] GC(92) Post Compact 1.582ms
[4.510s][info][gc,heap        ] GC(92) PSYoungGen: 45760K(90624K)->28646K(90624K) Eden: 0K(8704K)->0K(8704K) From: 45760K(81920K)->28646K(81920K)
[4.510s][info][gc,heap        ] GC(92) ParOldGen: 705279K(705536K)->705150K(787456K)
[4.510s][info][gc,metaspace   ] GC(92) Metaspace: 6302K(6464K)->6302K(6464K) NonClass: 5769K(5824K)->5769K(5824K) Class: 533K(640K)->533K(640K)
[4.510s][info][gc             ] GC(92) Pause Full (Ergonomics) 733M->716M(857M) 285.531ms
[4.510s][info][gc,cpu         ] GC(92) User=1.92s Sys=0.00s Real=0.29s
[4.521s][info][gc,start       ] GC(93) Pause Young (Allocation Failure)
[4.566s][info][gc,heap        ] GC(93) PSYoungGen: 37350K(90624K)->25952K(85504K) Eden: 8704K(8704K)->0K(9728K) From: 28646K(81920K)->25952K(75776K)
[4.566s][info][gc,heap        ] GC(93) ParOldGen: 705150K(787456K)->716886K(787456K)
[4.566s][info][gc,metaspace   ] GC(93) Metaspace: 6302K(6464K)->6302K(6464K) NonClass: 5769K(5824K)->5769K(5824K) Class: 533K(640K)->533K(640K)
[4.566s][info][gc             ] GC(93) Pause Young (Allocation Failure) 725M->725M(852M) 44.895ms
[4.566s][info][gc,cpu         ] GC(93) User=0.27s Sys=0.00s Real=0.05s
[4.577s][info][gc,start       ] GC(94) Pause Young (Allocation Failure)
[4.595s][info][gc,heap        ] GC(94) PSYoungGen: 35680K(85504K)->35712K(45568K) Eden: 9728K(9728K)->0K(9728K) From: 25952K(75776K)->35712K(35840K)
[4.595s][info][gc,heap        ] GC(94) ParOldGen: 716886K(787456K)->716886K(787456K)
[4.595s][info][gc,metaspace   ] GC(94) Metaspace: 6302K(6464K)->6302K(6464K) NonClass: 5769K(5824K)->5769K(5824K) Class: 533K(640K)->533K(640K)
[4.595s][info][gc             ] GC(94) Pause Young (Allocation Failure) 734M->734M(813M) 18.511ms
[4.595s][info][gc,cpu         ] GC(94) User=0.05s Sys=0.00s Real=0.02s
[4.605s][info][gc,start       ] GC(95) Pause Young (Allocation Failure)
[4.628s][info][gc,heap        ] GC(95) PSYoungGen: 45440K(45568K)->33568K(78848K) Eden: 9728K(9728K)->0K(11264K) From: 35712K(35840K)->33568K(67584K)
[4.628s][info][gc,heap        ] GC(95) ParOldGen: 716886K(787456K)->728862K(787456K)
[4.628s][info][gc,metaspace   ] GC(95) Metaspace: 6302K(6464K)->6302K(6464K) NonClass: 5769K(5824K)->5769K(5824K) Class: 533K(640K)->533K(640K)
[4.628s][info][gc             ] GC(95) Pause Young (Allocation Failure) 744M->744M(846M) 22.866ms
[4.628s][info][gc,cpu         ] GC(95) User=0.14s Sys=0.00s Real=0.02s
[4.640s][info][gc,start       ] GC(96) Pause Young (Allocation Failure)
[4.662s][info][gc,heap        ] GC(96) PSYoungGen: 44832K(78848K)->39552K(51200K) Eden: 11264K(11264K)->0K(11264K) From: 33568K(67584K)->39552K(39936K)
[4.662s][info][gc,heap        ] GC(96) ParOldGen: 728862K(787456K)->734246K(787456K)
[4.662s][info][gc,metaspace   ] GC(96) Metaspace: 6302K(6464K)->6302K(6464K) NonClass: 5769K(5824K)->5769K(5824K) Class: 533K(640K)->533K(640K)
[4.662s][info][gc             ] GC(96) Pause Young (Allocation Failure) 755M->755M(819M) 22.198ms
[4.662s][info][gc,cpu         ] GC(96) User=0.09s Sys=0.03s Real=0.02s
[4.674s][info][gc,start       ] GC(97) Pause Young (Allocation Failure)
[4.699s][info][gc,heap        ] GC(97) PSYoungGen: 50816K(51200K)->42080K(79360K) Eden: 11264K(11264K)->0K(12800K) From: 39552K(39936K)->42080K(66560K)
[4.699s][info][gc,heap        ] GC(97) ParOldGen: 734246K(787456K)->743062K(787456K)
[4.699s][info][gc,metaspace   ] GC(97) Metaspace: 6302K(6464K)->6302K(6464K) NonClass: 5769K(5824K)->5769K(5824K) Class: 533K(640K)->533K(640K)
[4.699s][info][gc             ] GC(97) Pause Young (Allocation Failure) 766M->766M(846M) 24.779ms
[4.699s][info][gc,cpu         ] GC(97) User=0.12s Sys=0.00s Real=0.03s
[4.713s][info][gc,start       ] GC(98) Pause Young (Allocation Failure)
[4.740s][info][gc,heap        ] GC(98) PSYoungGen: 54880K(79360K)->35424K(48640K) Eden: 12800K(12800K)->0K(12800K) From: 42080K(66560K)->35424K(35840K)
[4.740s][info][gc,heap        ] GC(98) ParOldGen: 743062K(787456K)->762742K(787456K)
[4.740s][info][gc,metaspace   ] GC(98) Metaspace: 6302K(6464K)->6302K(6464K) NonClass: 5769K(5824K)->5769K(5824K) Class: 533K(640K)->533K(640K)
[4.740s][info][gc             ] GC(98) Pause Young (Allocation Failure) 779M->779M(816M) 27.237ms
[4.740s][info][gc,cpu         ] GC(98) User=0.12s Sys=0.02s Real=0.03s
[4.740s][info][gc,start       ] GC(99) Pause Full (Ergonomics)
[4.740s][info][gc,phases,start] GC(99) Marking Phase
[4.909s][info][gc,phases      ] GC(99) Marking Phase 168.964ms
[4.909s][info][gc,phases,start] GC(99) Summary Phase
[4.909s][info][gc,phases      ] GC(99) Summary Phase 0.034ms
[4.909s][info][gc,phases,start] GC(99) Adjust Roots
[4.909s][info][gc,phases      ] GC(99) Adjust Roots 0.166ms
[4.909s][info][gc,phases,start] GC(99) Compaction Phase
[4.992s][info][gc,phases      ] GC(99) Compaction Phase 82.721ms
[4.992s][info][gc,phases,start] GC(99) Post Compact
[4.993s][info][gc,phases      ] GC(99) Post Compact 1.396ms
[4.994s][info][gc,heap        ] GC(99) PSYoungGen: 35424K(48640K)->9691K(48640K) Eden: 0K(12800K)->0K(12800K) From: 35424K(35840K)->9691K(35840K)
[4.994s][info][gc,heap        ] GC(99) ParOldGen: 762742K(787456K)->787408K(871424K)
[4.994s][info][gc,metaspace   ] GC(99) Metaspace: 6302K(6464K)->6302K(6464K) NonClass: 5769K(5824K)->5769K(5824K) Class: 533K(640K)->533K(640K)
[4.994s][info][gc             ] GC(99) Pause Full (Ergonomics) 779M->778M(898M) 253.879ms
[4.994s][info][gc,cpu         ] GC(99) User=1.77s Sys=0.00s Real=0.25s
[5.008s][info][gc,start       ] GC(100) Pause Young (Allocation Failure)
[5.051s][info][gc,heap        ] GC(100) PSYoungGen: 22491K(48640K)->19040K(79360K) Eden: 12800K(12800K)->0K(14336K) From: 9691K(35840K)->19040K(65024K)
[5.051s][info][gc,heap        ] GC(100) ParOldGen: 787408K(871424K)->791096K(871424K)
[5.051s][info][gc,metaspace   ] GC(100) Metaspace: 6302K(6464K)->6302K(6464K) NonClass: 5769K(5824K)->5769K(5824K) Class: 533K(640K)->533K(640K)
[5.051s][info][gc             ] GC(100) Pause Young (Allocation Failure) 790M->791M(928M) 42.457ms
[5.051s][info][gc,cpu         ] GC(100) User=0.27s Sys=0.00s Real=0.04s
[5.065s][info][gc,start       ] GC(101) Pause Young (Allocation Failure)
[5.084s][info][gc,heap        ] GC(101) PSYoungGen: 33376K(79360K)->27200K(79360K) Eden: 14336K(14336K)->0K(14336K) From: 19040K(65024K)->27200K(65024K)
[5.084s][info][gc,heap        ] GC(101) ParOldGen: 791096K(871424K)->797272K(871424K)
[5.084s][info][gc,metaspace   ] GC(101) Metaspace: 6302K(6464K)->6302K(6464K) NonClass: 5769K(5824K)->5769K(5824K) Class: 533K(640K)->533K(640K)
[5.084s][info][gc             ] GC(101) Pause Young (Allocation Failure) 805M->805M(928M) 18.840ms
[5.084s][info][gc,cpu         ] GC(101) User=0.03s Sys=0.00s Real=0.02s
[5.100s][info][gc,start       ] GC(102) Pause Young (Allocation Failure)
[5.122s][info][gc,heap        ] GC(102) PSYoungGen: 41536K(79360K)->28800K(76288K) Eden: 14336K(14336K)->0K(16384K) From: 27200K(65024K)->28800K(59904K)
[5.122s][info][gc,heap        ] GC(102) ParOldGen: 797272K(871424K)->810224K(871424K)
[5.122s][info][gc,metaspace   ] GC(102) Metaspace: 6302K(6464K)->6302K(6464K) NonClass: 5769K(5824K)->5769K(5824K) Class: 533K(640K)->533K(640K)
[5.122s][info][gc             ] GC(102) Pause Young (Allocation Failure) 819M->819M(925M) 22.119ms
[5.122s][info][gc,cpu         ] GC(102) User=0.12s Sys=0.00s Real=0.02s
[5.140s][info][gc,start       ] GC(103) Pause Young (Allocation Failure)
[5.164s][info][gc,heap        ] GC(103) PSYoungGen: 45184K(76288K)->30880K(47616K) Eden: 16384K(16384K)->0K(16384K) From: 28800K(59904K)->30880K(31232K)
[5.164s][info][gc,heap        ] GC(103) ParOldGen: 810224K(871424K)->824736K(871424K)
[5.164s][info][gc,metaspace   ] GC(103) Metaspace: 6302K(6464K)->6302K(6464K) NonClass: 5769K(5824K)->5769K(5824K) Class: 533K(640K)->533K(640K)
[5.164s][info][gc             ] GC(103) Pause Young (Allocation Failure) 835M->835M(897M) 23.904ms
[5.164s][info][gc,cpu         ] GC(103) User=0.12s Sys=0.00s Real=0.02s
[5.181s][info][gc,start       ] GC(104) Pause Young (Allocation Failure)
[5.206s][info][gc,heap        ] GC(104) PSYoungGen: 47264K(47616K)->32896K(72192K) Eden: 16384K(16384K)->0K(18432K) From: 30880K(31232K)->32896K(53760K)
[5.206s][info][gc,heap        ] GC(104) ParOldGen: 824736K(871424K)->839264K(871424K)
[5.206s][info][gc,metaspace   ] GC(104) Metaspace: 6302K(6464K)->6302K(6464K) NonClass: 5769K(5824K)->5769K(5824K) Class: 533K(640K)->533K(640K)
[5.206s][info][gc             ] GC(104) Pause Young (Allocation Failure) 851M->851M(921M) 25.150ms
[5.206s][info][gc,cpu         ] GC(104) User=0.14s Sys=0.00s Real=0.03s
[5.226s][info][gc,start       ] GC(105) Pause Young (Allocation Failure)
[5.253s][info][gc,heap        ] GC(105) PSYoungGen: 51328K(72192K)->34976K(74752K) Eden: 18432K(18432K)->0K(18432K) From: 32896K(53760K)->34976K(56320K)
[5.253s][info][gc,heap        ] GC(105) ParOldGen: 839264K(871424K)->855872K(871424K)
[5.253s][info][gc,metaspace   ] GC(105) Metaspace: 6302K(6464K)->6302K(6464K) NonClass: 5769K(5824K)->5769K(5824K) Class: 533K(640K)->533K(640K)
[5.253s][info][gc             ] GC(105) Pause Young (Allocation Failure) 869M->869M(924M) 26.718ms
[5.253s][info][gc,cpu         ] GC(105) User=0.14s Sys=0.00s Real=0.03s
[5.253s][info][gc,start       ] GC(106) Pause Full (Ergonomics)
[5.253s][info][gc,phases,start] GC(106) Marking Phase
[5.442s][info][gc,phases      ] GC(106) Marking Phase 188.854ms
[5.442s][info][gc,phases,start] GC(106) Summary Phase
[5.442s][info][gc,phases      ] GC(106) Summary Phase 0.023ms
[5.442s][info][gc,phases,start] GC(106) Adjust Roots
[5.442s][info][gc,phases      ] GC(106) Adjust Roots 0.160ms
[5.442s][info][gc,phases,start] GC(106) Compaction Phase
[5.528s][info][gc,phases      ] GC(106) Compaction Phase 85.630ms
[5.528s][info][gc,phases,start] GC(106) Post Compact
[5.529s][info][gc,phases      ] GC(106) Post Compact 1.580ms
[5.530s][info][gc,heap        ] GC(106) PSYoungGen: 34976K(74752K)->18406K(74752K) Eden: 0K(18432K)->0K(18432K) From: 34976K(56320K)->18406K(56320K)
[5.530s][info][gc,heap        ] GC(106) ParOldGen: 855872K(871424K)->871173K(961024K)
[5.530s][info][gc,metaspace   ] GC(106) Metaspace: 6302K(6464K)->6302K(6464K) NonClass: 5769K(5824K)->5769K(5824K) Class: 533K(640K)->533K(640K)
[5.530s][info][gc             ] GC(106) Pause Full (Ergonomics) 869M->868M(1011M) 276.848ms
[5.530s][info][gc,cpu         ] GC(106) User=1.84s Sys=0.02s Real=0.28s
[5.552s][info][gc,start       ] GC(107) Pause Young (Allocation Failure)
[5.606s][info][gc,heap        ] GC(107) PSYoungGen: 36838K(74752K)->29280K(71680K) Eden: 18432K(18432K)->0K(20480K) From: 18406K(56320K)->29280K(51200K)
[5.606s][info][gc,heap        ] GC(107) ParOldGen: 871173K(961024K)->879029K(961024K)
[5.606s][info][gc,metaspace   ] GC(107) Metaspace: 6302K(6464K)->6302K(6464K) NonClass: 5769K(5824K)->5769K(5824K) Class: 533K(640K)->533K(640K)
[5.606s][info][gc             ] GC(107) Pause Young (Allocation Failure) 886M->887M(1008M) 53.704ms
[5.606s][info][gc,cpu         ] GC(107) User=0.34s Sys=0.02s Real=0.05s
[5.628s][info][gc,start       ] GC(108) Pause Young (Allocation Failure)
[5.655s][info][gc,heap        ] GC(108) PSYoungGen: 49760K(71680K)->49792K(73728K) Eden: 20480K(20480K)->0K(20480K) From: 29280K(51200K)->49792K(53248K)
[5.655s][info][gc,heap        ] GC(108) ParOldGen: 879029K(961024K)->879029K(961024K)
[5.655s][info][gc,metaspace   ] GC(108) Metaspace: 6302K(6464K)->6302K(6464K) NonClass: 5769K(5824K)->5769K(5824K) Class: 533K(640K)->533K(640K)
[5.655s][info][gc             ] GC(108) Pause Young (Allocation Failure) 907M->907M(1010M) 26.267ms
[5.655s][info][gc,cpu         ] GC(108) User=0.12s Sys=0.00s Real=0.03s
[5.678s][info][gc,start       ] GC(109) Pause Young (Allocation Failure)
[5.713s][info][gc,heap        ] GC(109) PSYoungGen: 70272K(73728K)->57856K(69632K) Eden: 20480K(20480K)->0K(11776K) From: 49792K(53248K)->57856K(57856K)
[5.713s][info][gc,heap        ] GC(109) ParOldGen: 879029K(961024K)->891461K(961024K)
[5.713s][info][gc,metaspace   ] GC(109) Metaspace: 6302K(6464K)->6302K(6464K) NonClass: 5769K(5824K)->5769K(5824K) Class: 533K(640K)->533K(640K)
[5.713s][info][gc             ] GC(109) Pause Young (Allocation Failure) 927M->927M(1006M) 35.148ms
[5.713s][info][gc,cpu         ] GC(109) User=0.22s Sys=0.03s Real=0.03s
[5.726s][info][gc,start       ] GC(110) Pause Young (Allocation Failure)
[5.764s][info][gc,heap        ] GC(110) PSYoungGen: 69632K(69632K)->31616K(43520K) Eden: 11776K(11776K)->0K(11776K) From: 57856K(57856K)->31616K(31744K)
[5.764s][info][gc,heap        ] GC(110) ParOldGen: 891461K(961024K)->930077K(961024K)
[5.764s][info][gc,metaspace   ] GC(110) Metaspace: 6302K(6464K)->6302K(6464K) NonClass: 5769K(5824K)->5769K(5824K) Class: 533K(640K)->533K(640K)
[5.764s][info][gc             ] GC(110) Pause Young (Allocation Failure) 938M->939M(981M) 38.306ms
[5.764s][info][gc,cpu         ] GC(110) User=0.17s Sys=0.00s Real=0.04s
[5.765s][info][gc,start       ] GC(111) Pause Full (Ergonomics)
[5.765s][info][gc,phases,start] GC(111) Marking Phase
[5.990s][info][gc,phases      ] GC(111) Marking Phase 225.220ms
[5.990s][info][gc,phases,start] GC(111) Summary Phase
[5.990s][info][gc,phases      ] GC(111) Summary Phase 0.037ms
[5.990s][info][gc,phases,start] GC(111) Adjust Roots
[5.990s][info][gc,phases      ] GC(111) Adjust Roots 0.219ms
[5.990s][info][gc,phases,start] GC(111) Compaction Phase
[6.079s][info][gc,phases      ] GC(111) Compaction Phase 88.791ms
[6.079s][info][gc,phases,start] GC(111) Post Compact
[6.081s][info][gc,phases      ] GC(111) Post Compact 1.657ms
[6.081s][info][gc,heap        ] GC(111) PSYoungGen: 31616K(43520K)->0K(79872K) Eden: 0K(11776K)->0K(13312K) From: 31616K(31744K)->0K(66560K)
[6.081s][info][gc,heap        ] GC(111) ParOldGen: 930077K(961024K)->960625K(1063936K)
[6.081s][info][gc,metaspace   ] GC(111) Metaspace: 6302K(6464K)->6302K(6464K) NonClass: 5769K(5824K)->5769K(5824K) Class: 533K(640K)->533K(640K)
[6.081s][info][gc             ] GC(111) Pause Full (Ergonomics) 939M->938M(1117M) 316.589ms
[6.081s][info][gc,cpu         ] GC(111) User=2.17s Sys=0.00s Real=0.32s
[6.097s][info][gc,start       ] GC(112) Pause Young (Allocation Failure)
[6.111s][info][gc,heap        ] GC(112) PSYoungGen: 13312K(79872K)->13440K(79872K) Eden: 13312K(13312K)->0K(13312K) From: 0K(66560K)->13440K(66560K)
[6.111s][info][gc,heap        ] GC(112) ParOldGen: 960625K(1063936K)->960625K(1063936K)
[6.111s][info][gc,metaspace   ] GC(112) Metaspace: 6302K(6464K)->6302K(6464K) NonClass: 5769K(5824K)->5769K(5824K) Class: 533K(640K)->533K(640K)
[6.111s][info][gc             ] GC(112) Pause Young (Allocation Failure) 951M->951M(1117M) 14.120ms
[6.111s][info][gc,cpu         ] GC(112) User=0.02s Sys=0.00s Real=0.01s
[6.126s][info][gc,start       ] GC(113) Pause Young (Allocation Failure)
[6.143s][info][gc,heap        ] GC(113) PSYoungGen: 26752K(79872K)->26752K(78848K) Eden: 13312K(13312K)->0K(14848K) From: 13440K(66560K)->26752K(64000K)
[6.143s][info][gc,heap        ] GC(113) ParOldGen: 960625K(1063936K)->960625K(1063936K)
[6.143s][info][gc,metaspace   ] GC(113) Metaspace: 6302K(6464K)->6302K(6464K) NonClass: 5769K(5824K)->5769K(5824K) Class: 533K(640K)->533K(640K)
[6.143s][info][gc             ] GC(113) Pause Young (Allocation Failure) 964M->964M(1116M) 16.704ms
[6.143s][info][gc,cpu         ] GC(113) User=0.02s Sys=0.00s Real=0.02s
[6.159s][info][gc,start       ] GC(114) Pause Young (Allocation Failure)
[6.180s][info][gc,heap        ] GC(114) PSYoungGen: 41600K(78848K)->41632K(80896K) Eden: 14848K(14848K)->0K(14848K) From: 26752K(64000K)->41632K(66048K)
[6.180s][info][gc,heap        ] GC(114) ParOldGen: 960625K(1063936K)->960625K(1063936K)
[6.180s][info][gc,metaspace   ] GC(114) Metaspace: 6302K(6464K)->6302K(6464K) NonClass: 5769K(5824K)->5769K(5824K) Class: 533K(640K)->533K(640K)
[6.180s][info][gc             ] GC(114) Pause Young (Allocation Failure) 978M->978M(1118M) 21.381ms
[6.180s][info][gc,cpu         ] GC(114) User=0.12s Sys=0.00s Real=0.02s
[6.197s][info][gc,start       ] GC(115) Pause Young (Allocation Failure)
[6.224s][info][gc,heap        ] GC(115) PSYoungGen: 56480K(80896K)->43168K(81920K) Eden: 14848K(14848K)->0K(16384K) From: 41632K(66048K)->43168K(65536K)
[6.224s][info][gc,heap        ] GC(115) ParOldGen: 960625K(1063936K)->974121K(1063936K)
[6.224s][info][gc,metaspace   ] GC(115) Metaspace: 6302K(6464K)->6302K(6464K) NonClass: 5769K(5824K)->5769K(5824K) Class: 533K(640K)->533K(640K)
[6.224s][info][gc             ] GC(115) Pause Young (Allocation Failure) 993M->993M(1119M) 27.685ms
[6.224s][info][gc,cpu         ] GC(115) User=0.14s Sys=0.00s Real=0.03s
[6.242s][info][gc,start       ] GC(116) Pause Young (Allocation Failure)
[6.272s][info][gc,heap        ] GC(116) PSYoungGen: 59552K(81920K)->46240K(81920K) Eden: 16384K(16384K)->0K(16384K) From: 43168K(65536K)->46240K(65536K)
[6.272s][info][gc,heap        ] GC(116) ParOldGen: 974121K(1063936K)->987617K(1063936K)
[6.272s][info][gc,metaspace   ] GC(116) Metaspace: 6302K(6464K)->6302K(6464K) NonClass: 5769K(5824K)->5769K(5824K) Class: 533K(640K)->533K(640K)
[6.272s][info][gc             ] GC(116) Pause Young (Allocation Failure) 1009M->1009M(1119M) 29.514ms
[6.272s][info][gc,cpu         ] GC(116) User=0.14s Sys=0.00s Real=0.03s
[6.291s][info][gc,start       ] GC(117) Pause Young (Allocation Failure)
[6.322s][info][gc,heap        ] GC(117) PSYoungGen: 62624K(81920K)->47776K(83968K) Eden: 16384K(16384K)->0K(17408K) From: 46240K(65536K)->47776K(66560K)
[6.322s][info][gc,heap        ] GC(117) ParOldGen: 987617K(1063936K)->1002673K(1063936K)
[6.322s][info][gc,metaspace   ] GC(117) Metaspace: 6302K(6464K)->6302K(6464K) NonClass: 5769K(5824K)->5769K(5824K) Class: 533K(640K)->533K(640K)
[6.322s][info][gc             ] GC(117) Pause Young (Allocation Failure) 1025M->1025M(1121M) 30.911ms
[6.322s][info][gc,cpu         ] GC(117) User=0.14s Sys=0.00s Real=0.03s
[6.340s][info][gc,start       ] GC(118) Pause Young (Allocation Failure)
[6.373s][info][gc,heap        ] GC(118) PSYoungGen: 65184K(83968K)->50304K(84992K) Eden: 17408K(17408K)->0K(17408K) From: 47776K(66560K)->50304K(67584K)
[6.373s][info][gc,heap        ] GC(118) ParOldGen: 1002673K(1063936K)->1017729K(1063936K)
[6.373s][info][gc,metaspace   ] GC(118) Metaspace: 6302K(6464K)->6302K(6464K) NonClass: 5769K(5824K)->5769K(5824K) Class: 533K(640K)->533K(640K)
[6.373s][info][gc             ] GC(118) Pause Young (Allocation Failure) 1042M->1043M(1122M) 32.801ms
[6.373s][info][gc,cpu         ] GC(118) User=0.19s Sys=0.00s Real=0.03s
[6.393s][info][gc,start       ] GC(119) Pause Young (Allocation Failure)
[6.428s][info][gc,heap        ] GC(119) PSYoungGen: 67712K(84992K)->34976K(84992K) Eden: 17408K(17408K)->0K(19968K) From: 50304K(67584K)->34976K(65024K)
[6.428s][info][gc,heap        ] GC(119) ParOldGen: 1017729K(1063936K)->1050913K(1063936K)
[6.428s][info][gc,metaspace   ] GC(119) Metaspace: 6302K(6464K)->6302K(6464K) NonClass: 5769K(5824K)->5769K(5824K) Class: 533K(640K)->533K(640K)
[6.428s][info][gc             ] GC(119) Pause Young (Allocation Failure) 1060M->1060M(1122M) 35.485ms
[6.428s][info][gc,cpu         ] GC(119) User=0.22s Sys=0.03s Real=0.04s
[6.429s][info][gc,start       ] GC(120) Pause Full (Ergonomics)
[6.429s][info][gc,phases,start] GC(120) Marking Phase
[6.678s][info][gc,phases      ] GC(120) Marking Phase 249.109ms
[6.678s][info][gc,phases,start] GC(120) Summary Phase
[6.678s][info][gc,phases      ] GC(120) Summary Phase 0.038ms
[6.678s][info][gc,phases,start] GC(120) Adjust Roots
[6.678s][info][gc,phases      ] GC(120) Adjust Roots 0.207ms
[6.678s][info][gc,phases,start] GC(120) Compaction Phase
[6.774s][info][gc,phases      ] GC(120) Compaction Phase 95.639ms
[6.774s][info][gc,phases,start] GC(120) Post Compact
[6.776s][info][gc,phases      ] GC(120) Post Compact 2.001ms
[6.776s][info][gc,heap        ] GC(120) PSYoungGen: 34976K(84992K)->20448K(87040K) Eden: 0K(19968K)->0K(22016K) From: 34976K(65024K)->20448K(65024K)
[6.776s][info][gc,heap        ] GC(120) ParOldGen: 1050913K(1063936K)->1063843K(1177088K)
[6.776s][info][gc,metaspace   ] GC(120) Metaspace: 6302K(6464K)->6302K(6464K) NonClass: 5769K(5824K)->5769K(5824K) Class: 533K(640K)->533K(640K)
[6.776s][info][gc             ] GC(120) Pause Full (Ergonomics) 1060M->1058M(1234M) 347.890ms
[6.776s][info][gc,cpu         ] GC(120) User=2.58s Sys=0.00s Real=0.35s
[6.803s][info][gc,start       ] GC(121) Pause Young (Allocation Failure)
[6.869s][info][gc,heap        ] GC(121) PSYoungGen: 42464K(87040K)->22176K(89088K) Eden: 22016K(22016K)->0K(22016K) From: 20448K(65024K)->22176K(67072K)
[6.869s][info][gc,heap        ] GC(121) ParOldGen: 1063843K(1177088K)->1084579K(1177088K)
[6.869s][info][gc,metaspace   ] GC(121) Metaspace: 6302K(6464K)->6302K(6464K) NonClass: 5769K(5824K)->5769K(5824K) Class: 533K(640K)->533K(640K)
[6.869s][info][gc             ] GC(121) Pause Young (Allocation Failure) 1080M->1080M(1236M) 65.899ms
[6.869s][info][gc,cpu         ] GC(121) User=0.38s Sys=0.02s Real=0.07s
[6.893s][info][gc,start       ] GC(122) Pause Young (Allocation Failure)
[6.919s][info][gc,heap        ] GC(122) PSYoungGen: 44192K(89088K)->22176K(90624K) Eden: 22016K(22016K)->0K(24576K) From: 22176K(67072K)->22176K(66048K)
[6.919s][info][gc,heap        ] GC(122) ParOldGen: 1084579K(1177088K)->1106891K(1177088K)
[6.919s][info][gc,metaspace   ] GC(122) Metaspace: 6302K(6464K)->6302K(6464K) NonClass: 5769K(5824K)->5769K(5824K) Class: 533K(640K)->533K(640K)
[6.919s][info][gc             ] GC(122) Pause Young (Allocation Failure) 1102M->1102M(1238M) 26.312ms
[6.919s][info][gc,cpu         ] GC(122) User=0.14s Sys=0.00s Real=0.03s
[6.948s][info][gc,start       ] GC(123) Pause Young (Allocation Failure)
[6.975s][info][gc,heap        ] GC(123) PSYoungGen: 46752K(90624K)->24704K(91136K) Eden: 24576K(24576K)->0K(24576K) From: 22176K(66048K)->24704K(66560K)
[6.975s][info][gc,heap        ] GC(123) ParOldGen: 1106891K(1177088K)->1129219K(1177088K)
[6.975s][info][gc,metaspace   ] GC(123) Metaspace: 6302K(6464K)->6302K(6464K) NonClass: 5769K(5824K)->5769K(5824K) Class: 533K(640K)->533K(640K)
[6.975s][info][gc             ] GC(123) Pause Young (Allocation Failure) 1126M->1126M(1238M) 27.129ms
[6.975s][info][gc,cpu         ] GC(123) User=0.14s Sys=0.00s Real=0.03s
[7.003s][info][gc,start       ] GC(124) Pause Young (Allocation Failure)
[7.031s][info][gc,heap        ] GC(124) PSYoungGen: 49280K(91136K)->24704K(89600K) Eden: 24576K(24576K)->0K(27136K) From: 24704K(66560K)->24704K(62464K)
[7.031s][info][gc,heap        ] GC(124) ParOldGen: 1129219K(1177088K)->1154139K(1177088K)
[7.032s][info][gc,metaspace   ] GC(124) Metaspace: 6302K(6464K)->6302K(6464K) NonClass: 5769K(5824K)->5769K(5824K) Class: 533K(640K)->533K(640K)
[7.032s][info][gc             ] GC(124) Pause Young (Allocation Failure) 1150M->1151M(1237M) 28.383ms
[7.032s][info][gc,cpu         ] GC(124) User=0.14s Sys=0.00s Real=0.03s
[7.032s][info][gc,start       ] GC(125) Pause Full (Ergonomics)
[7.032s][info][gc,phases,start] GC(125) Marking Phase
[7.301s][info][gc,phases      ] GC(125) Marking Phase 269.217ms
[7.301s][info][gc,phases,start] GC(125) Summary Phase
[7.301s][info][gc,phases      ] GC(125) Summary Phase 0.025ms
[7.301s][info][gc,phases,start] GC(125) Adjust Roots
[7.301s][info][gc,phases      ] GC(125) Adjust Roots 0.152ms
[7.301s][info][gc,phases,start] GC(125) Compaction Phase
[7.405s][info][gc,phases      ] GC(125) Compaction Phase 103.521ms
[7.405s][info][gc,phases,start] GC(125) Post Compact
[7.407s][info][gc,phases      ] GC(125) Post Compact 1.883ms
[7.407s][info][gc,heap        ] GC(125) PSYoungGen: 24704K(89600K)->532K(91136K) Eden: 0K(27136K)->0K(28672K) From: 24704K(62464K)->532K(62464K)
[7.407s][info][gc,heap        ] GC(125) ParOldGen: 1154139K(1177088K)->1176806K(1302016K)
[7.407s][info][gc,metaspace   ] GC(125) Metaspace: 6302K(6464K)->6302K(6464K) NonClass: 5769K(5824K)->5769K(5824K) Class: 533K(640K)->533K(640K)
[7.408s][info][gc             ] GC(125) Pause Full (Ergonomics) 1151M->1149M(1360M) 375.914ms
[7.408s][info][gc,cpu         ] GC(125) User=2.58s Sys=0.02s Real=0.38s
[7.444s][info][gc,start       ] GC(126) Pause Young (Allocation Failure)
[7.509s][info][gc,heap        ] GC(126) PSYoungGen: 29204K(91136K)->28832K(92672K) Eden: 28672K(28672K)->0K(28672K) From: 532K(62464K)->28832K(64000K)
[7.509s][info][gc,heap        ] GC(126) ParOldGen: 1176806K(1302016K)->1177382K(1302016K)
[7.509s][info][gc,metaspace   ] GC(126) Metaspace: 6302K(6464K)->6302K(6464K) NonClass: 5769K(5824K)->5769K(5824K) Class: 533K(640K)->533K(640K)
[7.509s][info][gc             ] GC(126) Pause Young (Allocation Failure) 1177M->1177M(1362M) 65.021ms
[7.509s][info][gc,cpu         ] GC(126) User=0.39s Sys=0.00s Real=0.06s
[7.543s][info][gc,start       ] GC(127) Pause Young (Allocation Failure)
[7.576s][info][gc,heap        ] GC(127) PSYoungGen: 57504K(92672K)->57536K(87552K) Eden: 28672K(28672K)->0K(25600K) From: 28832K(64000K)->57536K(61952K)
[7.576s][info][gc,heap        ] GC(127) ParOldGen: 1177382K(1302016K)->1177382K(1302016K)
[7.576s][info][gc,metaspace   ] GC(127) Metaspace: 6302K(6464K)->6302K(6464K) NonClass: 5769K(5824K)->5769K(5824K) Class: 533K(640K)->533K(640K)
[7.576s][info][gc             ] GC(127) Pause Young (Allocation Failure) 1205M->1205M(1357M) 32.431ms
[7.576s][info][gc,cpu         ] GC(127) User=0.27s Sys=0.00s Real=0.03s
[7.608s][info][gc,start       ] GC(128) Pause Young (Allocation Failure)
[7.651s][info][gc,heap        ] GC(128) PSYoungGen: 83136K(87552K)->68096K(93696K) Eden: 25600K(25600K)->0K(25600K) From: 57536K(61952K)->68096K(68096K)
[7.651s][info][gc,heap        ] GC(128) ParOldGen: 1177382K(1302016K)->1192510K(1302016K)
[7.651s][info][gc,metaspace   ] GC(128) Metaspace: 6302K(6464K)->6302K(6464K) NonClass: 5769K(5824K)->5769K(5824K) Class: 533K(640K)->533K(640K)
[7.651s][info][gc             ] GC(128) Pause Young (Allocation Failure) 1230M->1231M(1363M) 42.994ms
[7.651s][info][gc,cpu         ] GC(128) User=0.25s Sys=0.00s Real=0.04s
[7.681s][info][gc,start       ] GC(129) Pause Young (Allocation Failure)
[7.730s][info][gc,heap        ] GC(129) PSYoungGen: 93696K(93696K)->46880K(107520K) Eden: 25600K(25600K)->0K(28160K) From: 68096K(68096K)->46880K(79360K)
[7.730s][info][gc,heap        ] GC(129) ParOldGen: 1192510K(1302016K)->1240038K(1302016K)
[7.730s][info][gc,metaspace   ] GC(129) Metaspace: 6302K(6464K)->6302K(6464K) NonClass: 5769K(5824K)->5769K(5824K) Class: 533K(640K)->533K(640K)
[7.730s][info][gc             ] GC(129) Pause Young (Allocation Failure) 1256M->1256M(1376M) 49.485ms
[7.730s][info][gc,cpu         ] GC(129) User=0.28s Sys=0.00s Real=0.05s
[7.763s][info][gc,start       ] GC(130) Pause Young (Allocation Failure)
[7.801s][info][gc,heap        ] GC(130) PSYoungGen: 75040K(107520K)->47776K(109056K) Eden: 28160K(28160K)->0K(28160K) From: 46880K(79360K)->47776K(80896K)
[7.801s][info][gc,heap        ] GC(130) ParOldGen: 1240038K(1302016K)->1261494K(1302016K)
[7.801s][info][gc,metaspace   ] GC(130) Metaspace: 6302K(6464K)->6302K(6464K) NonClass: 5769K(5824K)->5769K(5824K) Class: 533K(640K)->533K(640K)
[7.801s][info][gc             ] GC(130) Pause Young (Allocation Failure) 1284M->1278M(1378M) 38.045ms
[7.801s][info][gc,cpu         ] GC(130) User=0.22s Sys=0.02s Real=0.04s
[7.801s][info][gc,start       ] GC(131) Pause Full (Ergonomics)
[7.801s][info][gc,phases,start] GC(131) Marking Phase
[8.088s][info][gc,phases      ] GC(131) Marking Phase 287.047ms
[8.088s][info][gc,phases,start] GC(131) Summary Phase
[8.088s][info][gc,phases      ] GC(131) Summary Phase 0.026ms
[8.088s][info][gc,phases,start] GC(131) Adjust Roots
[8.088s][info][gc,phases      ] GC(131) Adjust Roots 0.237ms
[8.088s][info][gc,phases,start] GC(131) Compaction Phase
[8.444s][info][gc,phases      ] GC(131) Compaction Phase 356.020ms
[8.444s][info][gc,phases,start] GC(131) Post Compact
[8.447s][info][gc,phases      ] GC(131) Post Compact 2.640ms
[8.448s][info][gc,heap        ] GC(131) PSYoungGen: 47776K(109056K)->6178K(109056K) Eden: 0K(28160K)->0K(28160K) From: 47776K(80896K)->6178K(80896K)
[8.448s][info][gc,heap        ] GC(131) ParOldGen: 1261494K(1302016K)->1301578K(1442816K)
[8.448s][info][gc,metaspace   ] GC(131) Metaspace: 6302K(6464K)->6302K(6464K) NonClass: 5769K(5824K)->5769K(5824K) Class: 533K(640K)->533K(640K)
[8.448s][info][gc             ] GC(131) Pause Full (Ergonomics) 1278M->1277M(1515M) 646.792ms
[8.448s][info][gc,cpu         ] GC(131) User=4.53s Sys=0.03s Real=0.65s
[8.473s][info][gc,start       ] GC(132) Pause Young (Allocation Failure)
[8.541s][info][gc,heap        ] GC(132) PSYoungGen: 34338K(109056K)->18944K(109568K) Eden: 28160K(28160K)->0K(30720K) From: 6178K(80896K)->18944K(78848K)
[8.542s][info][gc,heap        ] GC(132) ParOldGen: 1301578K(1442816K)->1305034K(1442816K)
[8.542s][info][gc,metaspace   ] GC(132) Metaspace: 6302K(6464K)->6302K(6464K) NonClass: 5769K(5824K)->5769K(5824K) Class: 533K(640K)->533K(640K)
[8.542s][info][gc             ] GC(132) Pause Young (Allocation Failure) 1304M->1292M(1516M) 68.288ms
[8.542s][info][gc,cpu         ] GC(132) User=0.38s Sys=0.00s Real=0.07s
[8.582s][info][gc,start       ] GC(133) Pause Young (Allocation Failure)
[8.612s][info][gc,heap        ] GC(133) PSYoungGen: 49664K(109568K)->49664K(110080K) Eden: 30720K(30720K)->0K(30720K) From: 18944K(78848K)->49664K(79360K)
[8.612s][info][gc,heap        ] GC(133) ParOldGen: 1305034K(1442816K)->1305034K(1442816K)
[8.612s][info][gc,metaspace   ] GC(133) Metaspace: 6302K(6464K)->6302K(6464K) NonClass: 5769K(5824K)->5769K(5824K) Class: 533K(640K)->533K(640K)
[8.612s][info][gc             ] GC(133) Pause Young (Allocation Failure) 1322M->1322M(1516M) 30.009ms
[8.612s][info][gc,cpu         ] GC(133) User=0.14s Sys=0.00s Real=0.03s
[8.649s][info][gc,start       ] GC(134) Pause Young (Allocation Failure)
[8.694s][info][gc,heap        ] GC(134) PSYoungGen: 80384K(110080K)->79360K(102400K) Eden: 30720K(30720K)->0K(23040K) From: 49664K(79360K)->79360K(79360K)
[8.694s][info][gc,heap        ] GC(134) ParOldGen: 1305034K(1442816K)->1306130K(1442816K)
[8.694s][info][gc,metaspace   ] GC(134) Metaspace: 6302K(6464K)->6302K(6464K) NonClass: 5769K(5824K)->5769K(5824K) Class: 533K(640K)->533K(640K)
[8.694s][info][gc             ] GC(134) Pause Young (Allocation Failure) 1352M->1353M(1509M) 45.170ms
[8.694s][info][gc,cpu         ] GC(134) User=0.22s Sys=0.05s Real=0.04s
[8.723s][info][gc,start       ] GC(135) Pause Young (Allocation Failure)
[8.780s][info][gc,heap        ] GC(135) PSYoungGen: 102400K(102400K)->83712K(113152K) Eden: 23040K(23040K)->0K(23040K) From: 79360K(79360K)->83712K(90112K)
[8.780s][info][gc,heap        ] GC(135) ParOldGen: 1306130K(1442816K)->1325074K(1442816K)
[8.780s][info][gc,metaspace   ] GC(135) Metaspace: 6302K(6464K)->6302K(6464K) NonClass: 5769K(5824K)->5769K(5824K) Class: 533K(640K)->533K(640K)
[8.780s][info][gc             ] GC(135) Pause Young (Allocation Failure) 1375M->1375M(1519M) 57.098ms
[8.780s][info][gc,cpu         ] GC(135) User=0.38s Sys=0.00s Real=0.06s
[9.050s][info][gc,start       ] GC(136) Pause Young (Allocation Failure)
[9.133s][info][gc,heap        ] GC(136) PSYoungGen: 106752K(113152K)->100352K(109568K) Eden: 23040K(23040K)->0K(9216K) From: 83712K(90112K)->100352K(100352K)
[9.133s][info][gc,heap        ] GC(136) ParOldGen: 1390610K(1442816K)->1397026K(1442816K)
[9.133s][info][gc,metaspace   ] GC(136) Metaspace: 6302K(6464K)->6302K(6464K) NonClass: 5769K(5824K)->5769K(5824K) Class: 533K(640K)->533K(640K)
[9.133s][info][gc             ] GC(136) Pause Young (Allocation Failure) 1462M->1462M(1516M) 83.742ms
[9.133s][info][gc,cpu         ] GC(136) User=0.47s Sys=0.06s Real=0.08s
[9.142s][info][gc,start       ] GC(137) Pause Young (Allocation Failure)
[9.198s][info][gc,heap        ] GC(137) PSYoungGen: 109568K(109568K)->52160K(61440K) Eden: 9216K(9216K)->0K(9216K) From: 100352K(100352K)->52160K(52224K)
[9.198s][info][gc,heap        ] GC(137) ParOldGen: 1397026K(1442816K)->1455202K(1455616K)
[9.198s][info][gc,metaspace   ] GC(137) Metaspace: 6302K(6464K)->6302K(6464K) NonClass: 5769K(5824K)->5769K(5824K) Class: 533K(640K)->533K(640K)
[9.198s][info][gc             ] GC(137) Pause Young (Allocation Failure) 1471M->1472M(1481M) 55.534ms
[9.198s][info][gc,cpu         ] GC(137) User=0.31s Sys=0.03s Real=0.06s
[9.198s][info][gc,start       ] GC(138) Pause Full (Ergonomics)
[9.198s][info][gc,phases,start] GC(138) Marking Phase
[9.531s][info][gc,phases      ] GC(138) Marking Phase 333.388ms
[9.531s][info][gc,phases,start] GC(138) Summary Phase
[9.531s][info][gc,phases      ] GC(138) Summary Phase 0.033ms
[9.531s][info][gc,phases,start] GC(138) Adjust Roots
[9.531s][info][gc,phases      ] GC(138) Adjust Roots 0.171ms
[9.531s][info][gc,phases,start] GC(138) Compaction Phase
[9.772s][info][gc,phases      ] GC(138) Compaction Phase 240.291ms
[9.772s][info][gc,phases,start] GC(138) Post Compact
[9.775s][info][gc,phases      ] GC(138) Post Compact 2.885ms
[9.775s][info][gc,heap        ] GC(138) PSYoungGen: 52160K(61440K)->17689K(61440K) Eden: 0K(9216K)->0K(9216K) From: 52160K(52224K)->17689K(52224K)
[9.775s][info][gc,heap        ] GC(138) ParOldGen: 1455202K(1455616K)->1455380K(1616896K)
[9.775s][info][gc,metaspace   ] GC(138) Metaspace: 6302K(6464K)->6302K(6464K) NonClass: 5769K(5824K)->5769K(5824K) Class: 533K(640K)->533K(640K)
[9.775s][info][gc             ] GC(138) Pause Full (Ergonomics) 1472M->1438M(1639M) 577.624ms
[9.775s][info][gc,cpu         ] GC(138) User=4.00s Sys=0.03s Real=0.58s
[9.786s][info][gc,start       ] GC(139) Pause Young (Allocation Failure)
[9.861s][info][gc,heap        ] GC(139) PSYoungGen: 26905K(61440K)->20704K(120320K) Eden: 9216K(9216K)->0K(10240K) From: 17689K(52224K)->20704K(110080K)
[9.861s][info][gc,heap        ] GC(139) ParOldGen: 1455380K(1616896K)->1461852K(1616896K)
[9.861s][info][gc,metaspace   ] GC(139) Metaspace: 6302K(6464K)->6302K(6464K) NonClass: 5769K(5824K)->5769K(5824K) Class: 533K(640K)->533K(640K)
[9.861s][info][gc             ] GC(139) Pause Young (Allocation Failure) 1447M->1447M(1696M) 74.573ms
[9.861s][info][gc,cpu         ] GC(139) User=0.39s Sys=0.00s Real=0.07s
[9.870s][info][gc,start       ] GC(140) Pause Young (Allocation Failure)
[9.903s][info][gc,heap        ] GC(140) PSYoungGen: 30944K(120320K)->30880K(41472K) Eden: 10240K(10240K)->0K(10240K) From: 20704K(110080K)->30880K(31232K)
[9.903s][info][gc,heap        ] GC(140) ParOldGen: 1461852K(1616896K)->1461852K(1616896K)
[9.903s][info][gc,metaspace   ] GC(140) Metaspace: 6302K(6464K)->6302K(6464K) NonClass: 5769K(5824K)->5769K(5824K) Class: 533K(640K)->533K(640K)
[9.903s][info][gc             ] GC(140) Pause Young (Allocation Failure) 1457M->1457M(1619M) 33.315ms
[9.903s][info][gc,cpu         ] GC(140) User=0.05s Sys=0.00s Real=0.03s
[9.913s][info][gc,start       ] GC(141) Pause Young (Allocation Failure)
[9.940s][info][gc,heap        ] GC(141) PSYoungGen: 41120K(41472K)->30016K(114688K) Eden: 10240K(10240K)->0K(11776K) From: 30880K(31232K)->30016K(102912K)
[9.940s][info][gc,heap        ] GC(141) ParOldGen: 1461852K(1616896K)->1473164K(1616896K)
[9.940s][info][gc,metaspace   ] GC(141) Metaspace: 6302K(6464K)->6302K(6464K) NonClass: 5769K(5824K)->5769K(5824K) Class: 533K(640K)->533K(640K)
[9.940s][info][gc             ] GC(141) Pause Young (Allocation Failure) 1467M->1467M(1691M) 26.838ms
[9.940s][info][gc,cpu         ] GC(141) User=0.05s Sys=0.00s Real=0.03s
[9.950s][info][gc,start       ] GC(142) Pause Young (Allocation Failure)
[9.978s][info][gc,heap        ] GC(142) PSYoungGen: 41792K(114688K)->41568K(53760K) Eden: 11776K(11776K)->0K(11776K) From: 30016K(102912K)->41568K(41984K)
[9.978s][info][gc,heap        ] GC(142) ParOldGen: 1473164K(1616896K)->1473388K(1616896K)
[9.978s][info][gc,metaspace   ] GC(142) Metaspace: 6302K(6464K)->6302K(6464K) NonClass: 5769K(5824K)->5769K(5824K) Class: 533K(640K)->533K(640K)
[9.978s][info][gc             ] GC(142) Pause Young (Allocation Failure) 1479M->1479M(1631M) 27.610ms
[9.978s][info][gc,cpu         ] GC(142) User=0.03s Sys=0.00s Real=0.03s
[9.989s][info][gc,start       ] GC(143) Pause Young (Allocation Failure)
[10.020s][info][gc,heap        ] GC(143) PSYoungGen: 53344K(53760K)->33888K(108032K) Eden: 11776K(11776K)->0K(13824K) From: 41568K(41984K)->33888K(94208K)
[10.020s][info][gc,heap        ] GC(143) ParOldGen: 1473388K(1616896K)->1493052K(1616896K)
[10.020s][info][gc,metaspace   ] GC(143) Metaspace: 6302K(6464K)->6302K(6464K) NonClass: 5769K(5824K)->5769K(5824K) Class: 533K(640K)->533K(640K)
[10.020s][info][gc             ] GC(143) Pause Young (Allocation Failure) 1490M->1491M(1684M) 31.053ms
[10.020s][info][gc,cpu         ] GC(143) User=0.03s Sys=0.02s Real=0.03s
[10.034s][info][gc,start       ] GC(144) Pause Young (Allocation Failure)
[10.064s][info][gc,heap        ] GC(144) PSYoungGen: 47712K(108032K)->25728K(111104K) Eden: 13824K(13824K)->0K(13824K) From: 33888K(94208K)->25728K(97280K)
[10.064s][info][gc,heap        ] GC(144) ParOldGen: 1493052K(1616896K)->1515332K(1616896K)
[10.064s][info][gc,metaspace   ] GC(144) Metaspace: 6302K(6464K)->6302K(6464K) NonClass: 5769K(5824K)->5769K(5824K) Class: 533K(640K)->533K(640K)
[10.064s][info][gc             ] GC(144) Pause Young (Allocation Failure) 1504M->1504M(1687M) 30.650ms
[10.064s][info][gc,cpu         ] GC(144) User=0.03s Sys=0.02s Real=0.03s
[10.078s][info][gc,start       ] GC(145) Pause Young (Allocation Failure)
[10.107s][info][gc,heap        ] GC(145) PSYoungGen: 39552K(111104K)->13984K(111104K) Eden: 13824K(13824K)->0K(15872K) From: 25728K(97280K)->13984K(95232K)
[10.107s][info][gc,heap        ] GC(145) ParOldGen: 1515332K(1616896K)->1541260K(1616896K)
[10.107s][info][gc,metaspace   ] GC(145) Metaspace: 6302K(6464K)->6302K(6464K) NonClass: 5769K(5824K)->5769K(5824K) Class: 533K(640K)->533K(640K)
[10.107s][info][gc             ] GC(145) Pause Young (Allocation Failure) 1518M->1518M(1687M) 28.621ms
[10.107s][info][gc,cpu         ] GC(145) User=0.05s Sys=0.00s Real=0.03s
[10.124s][info][gc,start       ] GC(146) Pause Young (Allocation Failure)
[10.150s][info][gc,heap        ] GC(146) PSYoungGen: 29856K(111104K)->16000K(111104K) Eden: 15872K(15872K)->0K(15872K) From: 13984K(95232K)->16000K(95232K)
[10.150s][info][gc,heap        ] GC(146) ParOldGen: 1541260K(1616896K)->1555268K(1616896K)
[10.150s][info][gc,metaspace   ] GC(146) Metaspace: 6302K(6464K)->6302K(6464K) NonClass: 5769K(5824K)->5769K(5824K) Class: 533K(640K)->533K(640K)
[10.150s][info][gc             ] GC(146) Pause Young (Allocation Failure) 1534M->1534M(1687M) 25.789ms
[10.150s][info][gc,cpu         ] GC(146) User=0.03s Sys=0.00s Real=0.03s
[10.166s][info][gc,start       ] GC(147) Pause Young (Allocation Failure)
[10.192s][info][gc,heap        ] GC(147) PSYoungGen: 31872K(111104K)->16000K(108032K) Eden: 15872K(15872K)->0K(18432K) From: 16000K(95232K)->16000K(89600K)
[10.192s][info][gc,heap        ] GC(147) ParOldGen: 1555268K(1616896K)->1571356K(1616896K)
[10.192s][info][gc,metaspace   ] GC(147) Metaspace: 6302K(6464K)->6302K(6464K) NonClass: 5769K(5824K)->5769K(5824K) Class: 533K(640K)->533K(640K)
[10.192s][info][gc             ] GC(147) Pause Young (Allocation Failure) 1549M->1550M(1684M) 26.373ms
[10.192s][info][gc,cpu         ] GC(147) User=0.03s Sys=0.00s Real=0.03s
[10.211s][info][gc,start       ] GC(148) Pause Young (Allocation Failure)
[10.238s][info][gc,heap        ] GC(148) PSYoungGen: 34432K(108032K)->18528K(110080K) Eden: 18432K(18432K)->0K(18432K) From: 16000K(89600K)->18528K(91648K)
[10.238s][info][gc,heap        ] GC(148) ParOldGen: 1571356K(1616896K)->1587444K(1616896K)
[10.238s][info][gc,metaspace   ] GC(148) Metaspace: 6302K(6464K)->6302K(6464K) NonClass: 5769K(5824K)->5769K(5824K) Class: 533K(640K)->533K(640K)
[10.238s][info][gc             ] GC(148) Pause Young (Allocation Failure) 1568M->1568M(1686M) 26.930ms
[10.238s][info][gc,cpu         ] GC(148) User=0.03s Sys=0.00s Real=0.03s
[10.238s][info][gc,start       ] GC(149) Pause Full (Ergonomics)
[10.238s][info][gc,phases,start] GC(149) Marking Phase
[10.585s][info][gc,phases      ] GC(149) Marking Phase 347.018ms
[10.585s][info][gc,phases,start] GC(149) Summary Phase
[10.585s][info][gc,phases      ] GC(149) Summary Phase 0.037ms
[10.585s][info][gc,phases,start] GC(149) Adjust Roots
[10.585s][info][gc,phases      ] GC(149) Adjust Roots 0.189ms
[10.585s][info][gc,phases,start] GC(149) Compaction Phase
[10.744s][info][gc,phases      ] GC(149) Compaction Phase 159.070ms
[10.744s][info][gc,phases,start] GC(149) Post Compact
[10.747s][info][gc,phases      ] GC(149) Post Compact 2.824ms
[10.748s][info][gc,heap        ] GC(149) PSYoungGen: 18528K(110080K)->0K(110080K) Eden: 0K(18432K)->0K(20992K) From: 18528K(91648K)->0K(89088K)
[10.748s][info][gc,heap        ] GC(149) ParOldGen: 1587444K(1616896K)->1603841K(1762304K)
[10.748s][info][gc,metaspace   ] GC(149) Metaspace: 6302K(6464K)->6302K(6464K) NonClass: 5769K(5824K)->5769K(5824K) Class: 533K(640K)->533K(640K)
[10.748s][info][gc             ] GC(149) Pause Full (Ergonomics) 1568M->1566M(1828M) 510.062ms
[10.748s][info][gc,cpu         ] GC(149) User=3.50s Sys=0.05s Real=0.51s
[10.770s][info][gc,start       ] GC(150) Pause Young (Allocation Failure)
[10.794s][info][gc,heap        ] GC(150) PSYoungGen: 20992K(110080K)->21120K(42496K) Eden: 20992K(20992K)->0K(20992K) From: 0K(89088K)->21120K(21504K)
[10.794s][info][gc,heap        ] GC(150) ParOldGen: 1603841K(1762304K)->1603841K(1762304K)
[10.794s][info][gc,metaspace   ] GC(150) Metaspace: 6302K(6464K)->6302K(6464K) NonClass: 5769K(5824K)->5769K(5824K) Class: 533K(640K)->533K(640K)
[10.794s][info][gc             ] GC(150) Pause Young (Allocation Failure) 1586M->1586M(1762M) 24.715ms
[10.794s][info][gc,cpu         ] GC(150) User=0.02s Sys=0.00s Real=0.02s
[10.814s][info][gc,start       ] GC(151) Pause Young (Allocation Failure)
[10.842s][info][gc,heap        ] GC(151) PSYoungGen: 42112K(42496K)->42144K(105472K) Eden: 20992K(20992K)->0K(23552K) From: 21120K(21504K)->42144K(81920K)
[10.842s][info][gc,heap        ] GC(151) ParOldGen: 1603841K(1762304K)->1603841K(1762304K)
[10.842s][info][gc,metaspace   ] GC(151) Metaspace: 6302K(6464K)->6302K(6464K) NonClass: 5769K(5824K)->5769K(5824K) Class: 533K(640K)->533K(640K)
[10.842s][info][gc             ] GC(151) Pause Young (Allocation Failure) 1607M->1607M(1824M) 27.990ms
[10.842s][info][gc,cpu         ] GC(151) User=0.03s Sys=0.00s Real=0.03s
[10.867s][info][gc,start       ] GC(152) Pause Young (Allocation Failure)
[10.903s][info][gc,heap        ] GC(152) PSYoungGen: 65696K(105472K)->44704K(107520K) Eden: 23552K(23552K)->0K(23552K) From: 42144K(81920K)->44704K(83968K)
[10.903s][info][gc,heap        ] GC(152) ParOldGen: 1603841K(1762304K)->1625129K(1762304K)
[10.903s][info][gc,metaspace   ] GC(152) Metaspace: 6302K(6464K)->6302K(6464K) NonClass: 5769K(5824K)->5769K(5824K) Class: 533K(640K)->533K(640K)
[10.903s][info][gc             ] GC(152) Pause Young (Allocation Failure) 1630M->1630M(1826M) 36.123ms
[10.903s][info][gc,cpu         ] GC(152) User=0.20s Sys=0.05s Real=0.04s
[10.926s][info][gc,start       ] GC(153) Pause Young (Allocation Failure)
[10.963s][info][gc,heap        ] GC(153) PSYoungGen: 68256K(107520K)->47296K(109568K) Eden: 23552K(23552K)->0K(26624K) From: 44704K(83968K)->47296K(82944K)
[10.963s][info][gc,heap        ] GC(153) ParOldGen: 1625129K(1762304K)->1646433K(1762304K)
[10.963s][info][gc,metaspace   ] GC(153) Metaspace: 6302K(6464K)->6302K(6464K) NonClass: 5769K(5824K)->5769K(5824K) Class: 533K(640K)->533K(640K)
[10.963s][info][gc             ] GC(153) Pause Young (Allocation Failure) 1653M->1654M(1828M) 37.520ms
[10.963s][info][gc,cpu         ] GC(153) User=0.16s Sys=0.09s Real=0.04s
[10.990s][info][gc,start       ] GC(154) Pause Young (Allocation Failure)
[11.033s][info][gc,heap        ] GC(154) PSYoungGen: 73920K(109568K)->50336K(109568K) Eden: 26624K(26624K)->0K(26624K) From: 47296K(82944K)->50336K(82944K)
[11.033s][info][gc,heap        ] GC(154) ParOldGen: 1646433K(1762304K)->1670353K(1762304K)
[11.033s][info][gc,metaspace   ] GC(154) Metaspace: 6302K(6464K)->6302K(6464K) NonClass: 5769K(5824K)->5769K(5824K) Class: 533K(640K)->533K(640K)
[11.033s][info][gc             ] GC(154) Pause Young (Allocation Failure) 1680M->1680M(1828M) 42.925ms
[11.033s][info][gc,cpu         ] GC(154) User=0.22s Sys=0.05s Real=0.04s
[11.062s][info][gc,start       ] GC(155) Pause Young (Allocation Failure)
[11.106s][info][gc,heap        ] GC(155) PSYoungGen: 76960K(109568K)->53408K(112128K) Eden: 26624K(26624K)->0K(28672K) From: 50336K(82944K)->53408K(83456K)
[11.106s][info][gc,heap        ] GC(155) ParOldGen: 1670353K(1762304K)->1694273K(1762304K)
[11.106s][info][gc,metaspace   ] GC(155) Metaspace: 6302K(6464K)->6302K(6464K) NonClass: 5769K(5824K)->5769K(5824K) Class: 533K(640K)->533K(640K)
[11.106s][info][gc             ] GC(155) Pause Young (Allocation Failure) 1706M->1706M(1830M) 44.716ms
[11.106s][info][gc,cpu         ] GC(155) User=0.09s Sys=0.08s Real=0.05s
[11.137s][info][gc,start       ] GC(156) Pause Young (Allocation Failure)
[11.185s][info][gc,heap        ] GC(156) PSYoungGen: 82080K(112128K)->55488K(113664K) Eden: 28672K(28672K)->0K(28672K) From: 53408K(83456K)->55488K(84992K)
[11.185s][info][gc,heap        ] GC(156) ParOldGen: 1694273K(1762304K)->1721313K(1762304K)
[11.185s][info][gc,metaspace   ] GC(156) Metaspace: 6302K(6464K)->6302K(6464K) NonClass: 5769K(5824K)->5769K(5824K) Class: 533K(640K)->533K(640K)
[11.185s][info][gc             ] GC(156) Pause Young (Allocation Failure) 1734M->1735M(1832M) 48.010ms
[11.185s][info][gc,cpu         ] GC(156) User=0.33s Sys=0.06s Real=0.05s
[11.185s][info][gc,start       ] GC(157) Pause Full (Ergonomics)
[11.185s][info][gc,phases,start] GC(157) Marking Phase
[11.586s][info][gc,phases      ] GC(157) Marking Phase 400.838ms
[11.586s][info][gc,phases,start] GC(157) Summary Phase
[11.586s][info][gc,phases      ] GC(157) Summary Phase 0.050ms
[11.586s][info][gc,phases,start] GC(157) Adjust Roots
[11.586s][info][gc,phases      ] GC(157) Adjust Roots 0.162ms
[11.586s][info][gc,phases,start] GC(157) Compaction Phase
[11.750s][info][gc,phases      ] GC(157) Compaction Phase 164.383ms
[11.751s][info][gc,phases,start] GC(157) Post Compact
[11.754s][info][gc,phases      ] GC(157) Post Compact 3.580ms
[11.756s][info][gc,heap        ] GC(157) PSYoungGen: 55488K(113664K)->12827K(113664K) Eden: 0K(28672K)->0K(28672K) From: 55488K(84992K)->12827K(84992K)
[11.756s][info][gc,heap        ] GC(157) ParOldGen: 1721313K(1762304K)->1761810K(1935872K)
[11.756s][info][gc,metaspace   ] GC(157) Metaspace: 6302K(6464K)->6302K(6464K) NonClass: 5769K(5824K)->5769K(5824K) Class: 533K(640K)->533K(640K)
[11.756s][info][gc             ] GC(157) Pause Full (Ergonomics) 1735M->1733M(2001M) 570.914ms
[11.756s][info][gc,cpu         ] GC(157) User=4.03s Sys=0.03s Real=0.57s
[11.788s][info][gc,start       ] GC(158) Pause Young (Allocation Failure)
[11.884s][info][gc,heap        ] GC(158) PSYoungGen: 41499K(113664K)->28832K(112640K) Eden: 28672K(28672K)->0K(31744K) From: 12827K(84992K)->28832K(80896K)
[11.884s][info][gc,heap        ] GC(158) ParOldGen: 1761810K(1935872K)->1774866K(1935872K)
[11.884s][info][gc,metaspace   ] GC(158) Metaspace: 6302K(6464K)->6302K(6464K) NonClass: 5769K(5824K)->5769K(5824K) Class: 533K(640K)->533K(640K)
[11.884s][info][gc             ] GC(158) Pause Young (Allocation Failure) 1761M->1761M(2000M) 95.390ms
[11.884s][info][gc,cpu         ] GC(158) User=0.55s Sys=0.09s Real=0.10s
[11.918s][info][gc,start       ] GC(159) Pause Young (Allocation Failure)
[11.954s][info][gc,heap        ] GC(159) PSYoungGen: 60576K(112640K)->60608K(115712K) Eden: 31744K(31744K)->0K(31744K) From: 28832K(80896K)->60608K(83968K)
[11.954s][info][gc,heap        ] GC(159) ParOldGen: 1774866K(1935872K)->1774866K(1935872K)
[11.954s][info][gc,metaspace   ] GC(159) Metaspace: 6302K(6464K)->6302K(6464K) NonClass: 5769K(5824K)->5769K(5824K) Class: 533K(640K)->533K(640K)
[11.954s][info][gc             ] GC(159) Pause Young (Allocation Failure) 1792M->1792M(2003M) 36.282ms
[11.954s][info][gc,cpu         ] GC(159) User=0.19s Sys=0.00s Real=0.04s
[11.988s][info][gc,start       ] GC(160) Pause Young (Allocation Failure)
[12.041s][info][gc,heap        ] GC(160) PSYoungGen: 92352K(115712K)->87552K(109056K) Eden: 31744K(31744K)->0K(21504K) From: 60608K(83968K)->87552K(87552K)
[12.041s][info][gc,heap        ] GC(160) ParOldGen: 1774866K(1935872K)->1779674K(1935872K)
[12.041s][info][gc,metaspace   ] GC(160) Metaspace: 6302K(6464K)->6302K(6464K) NonClass: 5769K(5824K)->5769K(5824K) Class: 533K(640K)->533K(640K)
[12.041s][info][gc             ] GC(160) Pause Young (Allocation Failure) 1823M->1823M(1997M) 53.017ms
[12.041s][info][gc,cpu         ] GC(160) User=0.28s Sys=0.09s Real=0.05s
[12.066s][info][gc,start       ] GC(161) Pause Young (Allocation Failure)
[12.137s][info][gc,heap        ] GC(161) PSYoungGen: 109056K(109056K)->52640K(122880K) Eden: 21504K(21504K)->0K(21504K) From: 87552K(87552K)->52640K(101376K)
[12.137s][info][gc,heap        ] GC(161) ParOldGen: 1779674K(1935872K)->1837002K(1935872K)
[12.137s][info][gc,metaspace   ] GC(161) Metaspace: 6302K(6464K)->6302K(6464K) NonClass: 5769K(5824K)->5769K(5824K) Class: 533K(640K)->533K(640K)
[12.137s][info][gc             ] GC(161) Pause Young (Allocation Failure) 1844M->1845M(2010M) 71.441ms
[12.137s][info][gc,cpu         ] GC(161) User=0.30s Sys=0.20s Real=0.07s
[12.161s][info][gc,start       ] GC(162) Pause Young (Allocation Failure)
[12.209s][info][gc,heap        ] GC(162) PSYoungGen: 74144K(122880K)->43168K(113664K) Eden: 21504K(21504K)->0K(24576K) From: 52640K(101376K)->43168K(89088K)
[12.209s][info][gc,heap        ] GC(162) ParOldGen: 1837002K(1935872K)->1868442K(1935872K)
[12.209s][info][gc,metaspace   ] GC(162) Metaspace: 6302K(6464K)->6302K(6464K) NonClass: 5769K(5824K)->5769K(5824K) Class: 533K(640K)->533K(640K)
[12.209s][info][gc             ] GC(162) Pause Young (Allocation Failure) 1866M->1866M(2001M) 47.936ms
[12.209s][info][gc,cpu         ] GC(162) User=0.11s Sys=0.16s Real=0.05s
[12.235s][info][gc,start       ] GC(163) Pause Young (Allocation Failure)
[12.285s][info][gc,heap        ] GC(163) PSYoungGen: 67744K(113664K)->24800K(118272K) Eden: 24576K(24576K)->0K(24576K) From: 43168K(89088K)->24800K(93696K)
[12.285s][info][gc,heap        ] GC(163) ParOldGen: 1868442K(1935872K)->1912082K(1935872K)
[12.285s][info][gc,metaspace   ] GC(163) Metaspace: 6302K(6464K)->6302K(6464K) NonClass: 5769K(5824K)->5769K(5824K) Class: 533K(640K)->533K(640K)
[12.285s][info][gc             ] GC(163) Pause Young (Allocation Failure) 1890M->1891M(2006M) 49.445ms
[12.285s][info][gc,cpu         ] GC(163) User=0.17s Sys=0.11s Real=0.05s
[12.285s][info][gc,start       ] GC(164) Pause Full (Ergonomics)
[12.285s][info][gc,phases,start] GC(164) Marking Phase
[12.719s][info][gc,phases      ] GC(164) Marking Phase 434.779ms
[12.720s][info][gc,phases,start] GC(164) Summary Phase
[12.720s][info][gc,phases      ] GC(164) Summary Phase 0.041ms
[12.720s][info][gc,phases,start] GC(164) Adjust Roots
[12.720s][info][gc,phases      ] GC(164) Adjust Roots 0.160ms
[12.720s][info][gc,phases,start] GC(164) Compaction Phase
[12.905s][info][gc,phases      ] GC(164) Compaction Phase 185.572ms
[12.905s][info][gc,phases,start] GC(164) Post Compact
[12.909s][info][gc,phases      ] GC(164) Post Compact 3.603ms
[12.911s][info][gc,heap        ] GC(164) PSYoungGen: 24800K(118272K)->0K(121344K) Eden: 0K(24576K)->0K(28160K) From: 24800K(93696K)->0K(93184K)
[12.911s][info][gc,heap        ] GC(164) ParOldGen: 1912082K(1935872K)->1934195K(2139648K)
[12.911s][info][gc,metaspace   ] GC(164) Metaspace: 6302K(6464K)->6302K(6464K) NonClass: 5769K(5824K)->5769K(5824K) Class: 533K(640K)->533K(640K)
[12.911s][info][gc             ] GC(164) Pause Full (Ergonomics) 1891M->1888M(2208M) 626.465ms
[12.911s][info][gc,cpu         ] GC(164) User=4.58s Sys=0.02s Real=0.63s
[12.945s][info][gc,start       ] GC(165) Pause Young (Allocation Failure)
[12.971s][info][gc,heap        ] GC(165) PSYoungGen: 28160K(121344K)->28352K(121344K) Eden: 28160K(28160K)->0K(28160K) From: 0K(93184K)->28352K(93184K)
[12.971s][info][gc,heap        ] GC(165) ParOldGen: 1934195K(2139648K)->1934195K(2139648K)
[12.971s][info][gc,metaspace   ] GC(165) Metaspace: 6302K(6464K)->6302K(6464K) NonClass: 5769K(5824K)->5769K(5824K) Class: 533K(640K)->533K(640K)
[12.971s][info][gc             ] GC(165) Pause Young (Allocation Failure) 1916M->1916M(2208M) 25.904ms
[12.971s][info][gc,cpu         ] GC(165) User=0.03s Sys=0.00s Real=0.03s
[13.003s][info][gc,start       ] GC(166) Pause Young (Allocation Failure)
[13.037s][info][gc,heap        ] GC(166) PSYoungGen: 56512K(121344K)->56512K(122368K) Eden: 28160K(28160K)->0K(31232K) From: 28352K(93184K)->56512K(91136K)
[13.037s][info][gc,heap        ] GC(166) ParOldGen: 1934195K(2139648K)->1934195K(2139648K)
[13.037s][info][gc,metaspace   ] GC(166) Metaspace: 6302K(6464K)->6302K(6464K) NonClass: 5769K(5824K)->5769K(5824K) Class: 533K(640K)->533K(640K)
[13.037s][info][gc             ] GC(166) Pause Young (Allocation Failure) 1944M->1944M(2209M) 34.083ms
[13.037s][info][gc,cpu         ] GC(166) User=0.16s Sys=0.00s Real=0.03s
[13.077s][info][gc,start       ] GC(167) Pause Young (Allocation Failure)
[13.122s][info][gc,heap        ] GC(167) PSYoungGen: 87744K(122368K)->87808K(122368K) Eden: 31232K(31232K)->0K(31232K) From: 56512K(91136K)->87808K(91136K)
[13.123s][info][gc,heap        ] GC(167) ParOldGen: 1934195K(2139648K)->1934195K(2139648K)
[13.123s][info][gc,metaspace   ] GC(167) Metaspace: 6302K(6464K)->6302K(6464K) NonClass: 5769K(5824K)->5769K(5824K) Class: 533K(640K)->533K(640K)
[13.123s][info][gc             ] GC(167) Pause Young (Allocation Failure) 1974M->1974M(2209M) 45.300ms
[13.123s][info][gc,cpu         ] GC(167) User=0.25s Sys=0.00s Real=0.05s
[13.159s][info][gc,start       ] GC(168) Pause Young (Allocation Failure)
[13.231s][info][gc,heap        ] GC(168) PSYoungGen: 119040K(122368K)->90880K(126976K) Eden: 31232K(31232K)->0K(24576K) From: 87808K(91136K)->90880K(102400K)
[13.231s][info][gc,heap        ] GC(168) ParOldGen: 1934195K(2139648K)->1962787K(2139648K)
[13.231s][info][gc,metaspace   ] GC(168) Metaspace: 6302K(6464K)->6302K(6464K) NonClass: 5769K(5824K)->5769K(5824K) Class: 533K(640K)->533K(640K)
[13.231s][info][gc             ] GC(168) Pause Young (Allocation Failure) 2005M->2005M(2213M) 71.631ms
[13.231s][info][gc,cpu         ] GC(168) User=0.34s Sys=0.16s Real=0.07s
[13.258s][info][gc,start       ] GC(169) Pause Young (Allocation Failure)
[13.322s][info][gc,heap        ] GC(169) PSYoungGen: 115456K(126976K)->87264K(137216K) Eden: 24576K(24576K)->0K(24576K) From: 90880K(102400K)->87264K(112640K)
[13.322s][info][gc,heap        ] GC(169) ParOldGen: 1962787K(2139648K)->1991363K(2139648K)
[13.322s][info][gc,metaspace   ] GC(169) Metaspace: 6302K(6464K)->6302K(6464K) NonClass: 5769K(5824K)->5769K(5824K) Class: 533K(640K)->533K(640K)
[13.322s][info][gc             ] GC(169) Pause Young (Allocation Failure) 2029M->2029M(2223M) 64.175ms
[13.322s][info][gc,cpu         ] GC(169) User=0.34s Sys=0.05s Real=0.07s
[13.347s][info][gc,start       ] GC(170) Pause Young (Allocation Failure)
[13.410s][info][gc,heap        ] GC(170) PSYoungGen: 111840K(137216K)->80608K(144896K) Eden: 24576K(24576K)->0K(25088K) From: 87264K(112640K)->80608K(119808K)
[13.410s][info][gc,heap        ] GC(170) ParOldGen: 1991363K(2139648K)->2023059K(2139648K)
[13.410s][info][gc,metaspace   ] GC(170) Metaspace: 6302K(6464K)->6302K(6464K) NonClass: 5769K(5824K)->5769K(5824K) Class: 533K(640K)->533K(640K)
[13.410s][info][gc             ] GC(170) Pause Young (Allocation Failure) 2053M->2054M(2231M) 63.310ms
[13.410s][info][gc,cpu         ] GC(170) User=0.28s Sys=0.11s Real=0.06s
[13.437s][info][gc,start       ] GC(171) Pause Young (Allocation Failure)
[13.511s][info][gc,heap        ] GC(171) PSYoungGen: 105696K(144896K)->49856K(75264K) Eden: 25088K(25088K)->0K(25088K) From: 80608K(119808K)->49856K(50176K)
[13.511s][info][gc,heap        ] GC(171) ParOldGen: 2023059K(2139648K)->2079675K(2139648K)
[13.511s][info][gc,metaspace   ] GC(171) Metaspace: 6302K(6464K)->6302K(6464K) NonClass: 5769K(5824K)->5769K(5824K) Class: 533K(640K)->533K(640K)
[13.511s][info][gc             ] GC(171) Pause Young (Allocation Failure) 2078M->2079M(2163M) 74.351ms
[13.511s][info][gc,cpu         ] GC(171) User=0.33s Sys=0.17s Real=0.08s
[13.511s][info][gc,start       ] GC(172) Pause Full (Ergonomics)
[13.511s][info][gc,phases,start] GC(172) Marking Phase
[13.979s][info][gc,phases      ] GC(172) Marking Phase 467.606ms
[13.979s][info][gc,phases,start] GC(172) Summary Phase
[13.979s][info][gc,phases      ] GC(172) Summary Phase 0.056ms
[13.979s][info][gc,phases,start] GC(172) Adjust Roots
[13.979s][info][gc,phases      ] GC(172) Adjust Roots 0.177ms
[13.979s][info][gc,phases,start] GC(172) Compaction Phase
[14.178s][info][gc,phases      ] GC(172) Compaction Phase 198.690ms
[14.178s][info][gc,phases,start] GC(172) Post Compact
[14.182s][info][gc,phases      ] GC(172) Post Compact 3.994ms
[14.184s][info][gc,heap        ] GC(172) PSYoungGen: 49856K(75264K)->0K(145920K) Eden: 0K(25088K)->0K(28672K) From: 49856K(50176K)->0K(117248K)
[14.184s][info][gc,heap        ] GC(172) ParOldGen: 2079675K(2139648K)->2126990K(2355712K)
[14.184s][info][gc,metaspace   ] GC(172) Metaspace: 6302K(6464K)->6302K(6464K) NonClass: 5769K(5824K)->5769K(5824K) Class: 533K(640K)->533K(640K)
[14.184s][info][gc             ] GC(172) Pause Full (Ergonomics) 2079M->2077M(2443M) 672.925ms
[14.184s][info][gc,cpu         ] GC(172) User=4.97s Sys=0.12s Real=0.67s
[14.216s][info][gc,start       ] GC(173) Pause Young (Allocation Failure)
[14.243s][info][gc,heap        ] GC(173) PSYoungGen: 28672K(145920K)->28800K(145920K) Eden: 28672K(28672K)->0K(28672K) From: 0K(117248K)->28800K(117248K)
[14.243s][info][gc,heap        ] GC(173) ParOldGen: 2126990K(2355712K)->2126990K(2355712K)
[14.243s][info][gc,metaspace   ] GC(173) Metaspace: 6302K(6464K)->6302K(6464K) NonClass: 5769K(5824K)->5769K(5824K) Class: 533K(640K)->533K(640K)
[14.243s][info][gc             ] GC(173) Pause Young (Allocation Failure) 2105M->2105M(2443M) 26.699ms
[14.243s][info][gc,cpu         ] GC(173) User=0.03s Sys=0.00s Real=0.03s
[14.273s][info][gc,start       ] GC(174) Pause Young (Allocation Failure)
[14.317s][info][gc,heap        ] GC(174) PSYoungGen: 57472K(145920K)->28832K(145920K) Eden: 28672K(28672K)->0K(32256K) From: 28800K(117248K)->28832K(113664K)
[14.317s][info][gc,heap        ] GC(174) ParOldGen: 2126990K(2355712K)->2156110K(2355712K)
[14.317s][info][gc,metaspace   ] GC(174) Metaspace: 6302K(6464K)->6302K(6464K) NonClass: 5769K(5824K)->5769K(5824K) Class: 533K(640K)->533K(640K)
[14.317s][info][gc             ] GC(174) Pause Young (Allocation Failure) 2133M->2133M(2443M) 43.418ms
[14.317s][info][gc,cpu         ] GC(174) User=0.23s Sys=0.03s Real=0.04s
[14.354s][info][gc,start       ] GC(175) Pause Young (Allocation Failure)
[14.397s][info][gc,heap        ] GC(175) PSYoungGen: 61088K(145920K)->32416K(146944K) Eden: 32256K(32256K)->0K(32256K) From: 28832K(113664K)->32416K(114688K)
[14.397s][info][gc,heap        ] GC(175) ParOldGen: 2156110K(2355712K)->2185230K(2355712K)
[14.397s][info][gc,metaspace   ] GC(175) Metaspace: 6302K(6464K)->6302K(6464K) NonClass: 5769K(5824K)->5769K(5824K) Class: 533K(640K)->533K(640K)
[14.397s][info][gc             ] GC(175) Pause Young (Allocation Failure) 2165M->2165M(2444M) 42.965ms
[14.397s][info][gc,cpu         ] GC(175) User=0.27s Sys=0.00s Real=0.04s
[14.438s][info][gc,start       ] GC(176) Pause Young (Allocation Failure)
[14.485s][info][gc,heap        ] GC(176) PSYoungGen: 64672K(146944K)->32448K(141824K) Eden: 32256K(32256K)->0K(35840K) From: 32416K(114688K)->32448K(105984K)
[14.485s][info][gc,heap        ] GC(176) ParOldGen: 2185230K(2355712K)->2217982K(2355712K)
[14.485s][info][gc,metaspace   ] GC(176) Metaspace: 6302K(6464K)->6302K(6464K) NonClass: 5769K(5824K)->5769K(5824K) Class: 533K(640K)->533K(640K)
[14.485s][info][gc             ] GC(176) Pause Young (Allocation Failure) 2197M->2197M(2439M) 47.088ms
[14.485s][info][gc,cpu         ] GC(176) User=0.14s Sys=0.12s Real=0.05s
[14.527s][info][gc,start       ] GC(177) Pause Young (Allocation Failure)
[14.572s][info][gc,heap        ] GC(177) PSYoungGen: 68288K(141824K)->36032K(144896K) Eden: 35840K(35840K)->0K(35840K) From: 32448K(105984K)->36032K(109056K)
[14.572s][info][gc,heap        ] GC(177) ParOldGen: 2217982K(2355712K)->2250742K(2355712K)
[14.573s][info][gc,metaspace   ] GC(177) Metaspace: 6302K(6464K)->6302K(6464K) NonClass: 5769K(5824K)->5769K(5824K) Class: 533K(640K)->533K(640K)
[14.573s][info][gc             ] GC(177) Pause Young (Allocation Failure) 2232M->2233M(2442M) 45.963ms
[14.573s][info][gc,cpu         ] GC(177) User=0.16s Sys=0.11s Real=0.05s
[14.615s][info][gc,start       ] GC(178) Pause Young (Allocation Failure)
[14.665s][info][gc,heap        ] GC(178) PSYoungGen: 71872K(144896K)->36032K(137728K) Eden: 35840K(35840K)->0K(39936K) From: 36032K(109056K)->36032K(97792K)
[14.665s][info][gc,heap        ] GC(178) ParOldGen: 2250742K(2355712K)->2286918K(2355712K)
[14.665s][info][gc,metaspace   ] GC(178) Metaspace: 6302K(6464K)->6302K(6464K) NonClass: 5769K(5824K)->5769K(5824K) Class: 533K(640K)->533K(640K)
[14.665s][info][gc             ] GC(178) Pause Young (Allocation Failure) 2268M->2268M(2435M) 49.939ms
[14.665s][info][gc,cpu         ] GC(178) User=0.23s Sys=0.03s Real=0.05s
[14.709s][info][gc,start       ] GC(179) Pause Young (Allocation Failure)
[14.763s][info][gc,heap        ] GC(179) PSYoungGen: 75968K(137728K)->40096K(141312K) Eden: 39936K(39936K)->0K(39936K) From: 36032K(97792K)->40096K(101376K)
[14.764s][info][gc,heap        ] GC(179) ParOldGen: 2286918K(2355712K)->2323070K(2355712K)
[14.764s][info][gc,metaspace   ] GC(179) Metaspace: 6302K(6464K)->6302K(6464K) NonClass: 5769K(5824K)->5769K(5824K) Class: 533K(640K)->533K(640K)
[14.764s][info][gc             ] GC(179) Pause Young (Allocation Failure) 2307M->2307M(2438M) 54.212ms
[14.764s][info][gc,cpu         ] GC(179) User=0.33s Sys=0.05s Real=0.05s
[14.764s][info][gc,start       ] GC(180) Pause Full (Ergonomics)
[14.764s][info][gc,phases,start] GC(180) Marking Phase
[15.305s][info][gc,phases      ] GC(180) Marking Phase 541.334ms
[15.305s][info][gc,phases,start] GC(180) Summary Phase
[15.305s][info][gc,phases      ] GC(180) Summary Phase 0.036ms
[15.305s][info][gc,phases,start] GC(180) Adjust Roots
[15.305s][info][gc,phases      ] GC(180) Adjust Roots 0.188ms
[15.305s][info][gc,phases,start] GC(180) Compaction Phase
[15.530s][info][gc,phases      ] GC(180) Compaction Phase 224.979ms
[15.530s][info][gc,phases,start] GC(180) Post Compact
[15.536s][info][gc,phases      ] GC(180) Post Compact 5.309ms
[15.538s][info][gc,heap        ] GC(180) PSYoungGen: 40096K(141312K)->4645K(141312K) Eden: 0K(39936K)->0K(39936K) From: 40096K(101376K)->4645K(101376K)
[15.538s][info][gc,heap        ] GC(180) ParOldGen: 2323070K(2355712K)->2355598K(2598400K)
[15.538s][info][gc,metaspace   ] GC(180) Metaspace: 6302K(6464K)->6302K(6464K) NonClass: 5769K(5824K)->5769K(5824K) Class: 533K(640K)->533K(640K)
[15.538s][info][gc             ] GC(180) Pause Full (Ergonomics) 2307M->2304M(2675M) 773.952ms
[15.538s][info][gc,cpu         ] GC(180) User=5.17s Sys=0.19s Real=0.77s
[15.583s][info][gc,start       ] GC(181) Pause Young (Allocation Failure)
[15.716s][info][gc,heap        ] GC(181) PSYoungGen: 44581K(141312K)->40128K(132096K) Eden: 39936K(39936K)->0K(44032K) From: 4645K(101376K)->40128K(88064K)
[15.716s][info][gc,heap        ] GC(181) ParOldGen: 2355598K(2598400K)->2360326K(2598400K)
[15.716s][info][gc,metaspace   ] GC(181) Metaspace: 6302K(6464K)->6302K(6464K) NonClass: 5769K(5824K)->5769K(5824K) Class: 533K(640K)->533K(640K)
[15.716s][info][gc             ] GC(181) Pause Young (Allocation Failure) 2343M->2344M(2666M) 132.943ms
[15.716s][info][gc,cpu         ] GC(181) User=0.73s Sys=0.00s Real=0.13s
[15.770s][info][gc,start       ] GC(182) Pause Young (Allocation Failure)
[15.824s][info][gc,heap        ] GC(182) PSYoungGen: 84160K(132096K)->84192K(136704K) Eden: 44032K(44032K)->0K(44032K) From: 40128K(88064K)->84192K(92672K)
[15.824s][info][gc,heap        ] GC(182) ParOldGen: 2360326K(2598400K)->2360326K(2598400K)
[15.824s][info][gc,metaspace   ] GC(182) Metaspace: 6302K(6464K)->6302K(6464K) NonClass: 5769K(5824K)->5769K(5824K) Class: 533K(640K)->533K(640K)
[15.824s][info][gc             ] GC(182) Pause Young (Allocation Failure) 2387M->2387M(2671M) 54.242ms
[15.824s][info][gc,cpu         ] GC(182) User=0.27s Sys=0.00s Real=0.05s
[15.881s][info][gc,start       ] GC(183) Pause Young (Allocation Failure)
[15.980s][info][gc,heap        ] GC(183) PSYoungGen: 128224K(136704K)->102400K(126976K) Eden: 44032K(44032K)->0K(24576K) From: 84192K(92672K)->102400K(102400K)
[15.980s][info][gc,heap        ] GC(183) ParOldGen: 2360326K(2598400K)->2386286K(2598400K)
[15.980s][info][gc,metaspace   ] GC(183) Metaspace: 6302K(6464K)->6302K(6464K) NonClass: 5769K(5824K)->5769K(5824K) Class: 533K(640K)->533K(640K)
[15.980s][info][gc             ] GC(183) Pause Young (Allocation Failure) 2430M->2430M(2661M) 99.112ms
[15.980s][info][gc,cpu         ] GC(183) User=0.38s Sys=0.06s Real=0.10s
[16.010s][info][gc,start       ] GC(184) Pause Young (Allocation Failure)
[16.103s][info][gc,heap        ] GC(184) PSYoungGen: 126976K(126976K)->58720K(83456K) Eden: 24576K(24576K)->0K(24576K) From: 102400K(102400K)->58720K(58880K)
[16.103s][info][gc,heap        ] GC(184) ParOldGen: 2386286K(2598400K)->2455214K(2598400K)
[16.103s][info][gc,metaspace   ] GC(184) Metaspace: 6302K(6464K)->6302K(6464K) NonClass: 5769K(5824K)->5769K(5824K) Class: 533K(640K)->533K(640K)
[16.103s][info][gc             ] GC(184) Pause Young (Allocation Failure) 2454M->2455M(2619M) 92.887ms
[16.103s][info][gc,cpu         ] GC(184) User=0.45s Sys=0.23s Real=0.09s
[16.132s][info][gc,start       ] GC(185) Pause Young (Allocation Failure)
[16.193s][info][gc,heap        ] GC(185) PSYoungGen: 83296K(83456K)->49344K(137728K) Eden: 24576K(24576K)->0K(27648K) From: 58720K(58880K)->49344K(110080K)
[16.193s][info][gc,heap        ] GC(185) ParOldGen: 2455214K(2598400K)->2489486K(2598400K)
[16.193s][info][gc,metaspace   ] GC(185) Metaspace: 6302K(6464K)->6302K(6464K) NonClass: 5769K(5824K)->5769K(5824K) Class: 533K(640K)->533K(640K)
[16.193s][info][gc             ] GC(185) Pause Young (Allocation Failure) 2479M->2479M(2672M) 60.694ms
[16.193s][info][gc,cpu         ] GC(185) User=0.30s Sys=0.06s Real=0.06s
[16.226s][info][gc,start       ] GC(186) Pause Young (Allocation Failure)
[16.281s][info][gc,heap        ] GC(186) PSYoungGen: 76992K(137728K)->52384K(80384K) Eden: 27648K(27648K)->0K(27648K) From: 49344K(110080K)->52384K(52736K)
[16.281s][info][gc,heap        ] GC(186) ParOldGen: 2489486K(2598400K)->2514286K(2598400K)
[16.281s][info][gc,metaspace   ] GC(186) Metaspace: 6302K(6464K)->6302K(6464K) NonClass: 5769K(5824K)->5769K(5824K) Class: 533K(640K)->533K(640K)
[16.281s][info][gc             ] GC(186) Pause Young (Allocation Failure) 2506M->2506M(2616M) 54.767ms
[16.281s][info][gc,cpu         ] GC(186) User=0.33s Sys=0.02s Real=0.06s
[16.314s][info][gc,start       ] GC(187) Pause Young (Allocation Failure)
[16.371s][info][gc,heap        ] GC(187) PSYoungGen: 80032K(80384K)->55456K(130048K) Eden: 27648K(27648K)->0K(31232K) From: 52384K(52736K)->55456K(98816K)
[16.371s][info][gc,heap        ] GC(187) ParOldGen: 2514286K(2598400K)->2539094K(2598400K)
[16.371s][info][gc,metaspace   ] GC(187) Metaspace: 6302K(6464K)->6302K(6464K) NonClass: 5769K(5824K)->5769K(5824K) Class: 533K(640K)->533K(640K)
[16.371s][info][gc             ] GC(187) Pause Young (Allocation Failure) 2533M->2533M(2664M) 57.192ms
[16.371s][info][gc,cpu         ] GC(187) User=0.22s Sys=0.06s Real=0.06s
[16.371s][info][gc,start       ] GC(188) Pause Full (Ergonomics)
[16.371s][info][gc,phases,start] GC(188) Marking Phase
[17.020s][info][gc,phases      ] GC(188) Marking Phase 648.387ms
[17.020s][info][gc,phases,start] GC(188) Summary Phase
[17.020s][info][gc,phases      ] GC(188) Summary Phase 0.128ms
[17.020s][info][gc,phases,start] GC(188) Adjust Roots
[17.020s][info][gc,phases      ] GC(188) Adjust Roots 0.176ms
[17.020s][info][gc,phases,start] GC(188) Compaction Phase
[17.272s][info][gc,phases      ] GC(188) Compaction Phase 251.585ms
[17.272s][info][gc,phases,start] GC(188) Post Compact
[17.277s][info][gc,phases      ] GC(188) Post Compact 5.471ms
[17.279s][info][gc,heap        ] GC(188) PSYoungGen: 55456K(130048K)->0K(135680K) Eden: 0K(31232K)->0K(31232K) From: 55456K(98816K)->0K(104448K)
[17.279s][info][gc,heap        ] GC(188) ParOldGen: 2539094K(2598400K)->2592474K(2855936K)
[17.279s][info][gc,metaspace   ] GC(188) Metaspace: 6302K(6464K)->6302K(6464K) NonClass: 5769K(5824K)->5769K(5824K) Class: 533K(640K)->533K(640K)
[17.279s][info][gc             ] GC(188) Pause Full (Ergonomics) 2533M->2531M(2921M) 908.179ms
[17.280s][info][gc,cpu         ] GC(188) User=6.33s Sys=0.06s Real=0.91s
[17.318s][info][gc,start       ] GC(189) Pause Young (Allocation Failure)
[17.347s][info][gc,heap        ] GC(189) PSYoungGen: 31232K(135680K)->31392K(136704K) Eden: 31232K(31232K)->0K(34304K) From: 0K(104448K)->31392K(102400K)
[17.347s][info][gc,heap        ] GC(189) ParOldGen: 2592474K(2855936K)->2592474K(2855936K)
[17.347s][info][gc,metaspace   ] GC(189) Metaspace: 6302K(6464K)->6302K(6464K) NonClass: 5769K(5824K)->5769K(5824K) Class: 533K(640K)->533K(640K)
[17.347s][info][gc             ] GC(189) Pause Young (Allocation Failure) 2562M->2562M(2922M) 28.878ms
[17.347s][info][gc,cpu         ] GC(189) User=0.03s Sys=0.00s Real=0.03s
[17.388s][info][gc,start       ] GC(190) Pause Young (Allocation Failure)
[17.429s][info][gc,heap        ] GC(190) PSYoungGen: 65696K(136704K)->65696K(138240K) Eden: 34304K(34304K)->0K(34304K) From: 31392K(102400K)->65696K(103936K)
[17.429s][info][gc,heap        ] GC(190) ParOldGen: 2592474K(2855936K)->2592474K(2855936K)
[17.429s][info][gc,metaspace   ] GC(190) Metaspace: 6302K(6464K)->6302K(6464K) NonClass: 5769K(5824K)->5769K(5824K) Class: 533K(640K)->533K(640K)
[17.429s][info][gc             ] GC(190) Pause Young (Allocation Failure) 2595M->2595M(2924M) 40.843ms
[17.429s][info][gc,cpu         ] GC(190) User=0.16s Sys=0.00s Real=0.04s
[17.473s][info][gc,start       ] GC(191) Pause Young (Allocation Failure)
[17.526s][info][gc,heap        ] GC(191) PSYoungGen: 100000K(138240K)->100032K(129536K) Eden: 34304K(34304K)->0K(26112K) From: 65696K(103936K)->100032K(103424K)
[17.526s][info][gc,heap        ] GC(191) ParOldGen: 2592474K(2855936K)->2592474K(2855936K)
[17.526s][info][gc,metaspace   ] GC(191) Metaspace: 6302K(6464K)->6302K(6464K) NonClass: 5769K(5824K)->5769K(5824K) Class: 533K(640K)->533K(640K)
[17.526s][info][gc             ] GC(191) Pause Young (Allocation Failure) 2629M->2629M(2915M) 53.212ms
[17.526s][info][gc,cpu         ] GC(191) User=0.27s Sys=0.00s Real=0.05s
[17.558s][info][gc,start       ] GC(192) Pause Young (Allocation Failure)
[17.628s][info][gc,heap        ] GC(192) PSYoungGen: 126144K(129536K)->115200K(141312K) Eden: 26112K(26112K)->0K(26112K) From: 100032K(103424K)->115200K(115200K)
[17.628s][info][gc,heap        ] GC(192) ParOldGen: 2592474K(2855936K)->2603466K(2855936K)
[17.628s][info][gc,metaspace   ] GC(192) Metaspace: 6302K(6464K)->6302K(6464K) NonClass: 5769K(5824K)->5769K(5824K) Class: 533K(640K)->533K(640K)
[17.628s][info][gc             ] GC(192) Pause Young (Allocation Failure) 2654M->2654M(2927M) 70.895ms
[17.628s][info][gc,cpu         ] GC(192) User=0.38s Sys=0.00s Real=0.07s
[17.657s][info][gc,start       ] GC(193) Pause Young (Allocation Failure)
[17.753s][info][gc,heap        ] GC(193) PSYoungGen: 141312K(141312K)->81536K(162816K) Eden: 26112K(26112K)->0K(29696K) From: 115200K(115200K)->81536K(133120K)
[17.753s][info][gc,heap        ] GC(193) ParOldGen: 2603466K(2855936K)->2663866K(2855936K)
[17.753s][info][gc,metaspace   ] GC(193) Metaspace: 6302K(6464K)->6302K(6464K) NonClass: 5769K(5824K)->5769K(5824K) Class: 533K(640K)->533K(640K)
[17.753s][info][gc             ] GC(193) Pause Young (Allocation Failure) 2680M->2681M(2948M) 95.976ms
[17.753s][info][gc,cpu         ] GC(193) User=0.41s Sys=0.14s Real=0.10s
[17.786s][info][gc,start       ] GC(194) Pause Young (Allocation Failure)
[17.866s][info][gc,heap        ] GC(194) PSYoungGen: 111232K(162816K)->55968K(86016K) Eden: 29696K(29696K)->0K(29696K) From: 81536K(133120K)->55968K(56320K)
[17.866s][info][gc,heap        ] GC(194) ParOldGen: 2663866K(2855936K)->2719546K(2855936K)
[17.866s][info][gc,metaspace   ] GC(194) Metaspace: 6302K(6464K)->6302K(6464K) NonClass: 5769K(5824K)->5769K(5824K) Class: 533K(640K)->533K(640K)
[17.866s][info][gc             ] GC(194) Pause Young (Allocation Failure) 2710M->2710M(2873M) 80.239ms
[17.866s][info][gc,cpu         ] GC(194) User=0.33s Sys=0.16s Real=0.08s
[17.902s][info][gc,start       ] GC(195) Pause Young (Allocation Failure)
[17.966s][info][gc,heap        ] GC(195) PSYoungGen: 85664K(86016K)->29824K(162816K) Eden: 29696K(29696K)->0K(33792K) From: 55968K(56320K)->29824K(129024K)
[17.966s][info][gc,heap        ] GC(195) ParOldGen: 2719546K(2855936K)->2775834K(2855936K)
[17.966s][info][gc,metaspace   ] GC(195) Metaspace: 6302K(6464K)->6302K(6464K) NonClass: 5769K(5824K)->5769K(5824K) Class: 533K(640K)->533K(640K)
[17.966s][info][gc             ] GC(195) Pause Young (Allocation Failure) 2739M->2739M(2948M) 63.292ms
[17.966s][info][gc,cpu         ] GC(195) User=0.19s Sys=0.25s Real=0.06s
[18.005s][info][gc,start       ] GC(196) Pause Young (Allocation Failure)
[18.051s][info][gc,heap        ] GC(196) PSYoungGen: 63616K(162816K)->33984K(162816K) Eden: 33792K(33792K)->0K(33792K) From: 29824K(129024K)->33984K(129024K)
[18.051s][info][gc,heap        ] GC(196) ParOldGen: 2775834K(2855936K)->2805794K(2855936K)
[18.051s][info][gc,metaspace   ] GC(196) Metaspace: 6302K(6464K)->6302K(6464K) NonClass: 5769K(5824K)->5769K(5824K) Class: 533K(640K)->533K(640K)
[18.051s][info][gc             ] GC(196) Pause Young (Allocation Failure) 2772M->2773M(2948M) 45.613ms
[18.051s][info][gc,cpu         ] GC(196) User=0.19s Sys=0.08s Real=0.05s
[18.051s][info][gc,start       ] GC(197) Pause Full (Ergonomics)
[18.051s][info][gc,phases,start] GC(197) Marking Phase
[18.723s][info][gc,phases      ] GC(197) Marking Phase 672.408ms
[18.723s][info][gc,phases,start] GC(197) Summary Phase
[18.723s][info][gc,phases      ] GC(197) Summary Phase 0.066ms
[18.723s][info][gc,phases,start] GC(197) Adjust Roots
[18.724s][info][gc,phases      ] GC(197) Adjust Roots 0.170ms
[18.724s][info][gc,phases,start] GC(197) Compaction Phase
[18.959s][info][gc,phases      ] GC(197) Compaction Phase 235.632ms
[18.959s][info][gc,phases,start] GC(197) Post Compact
[18.964s][info][gc,phases      ] GC(197) Post Compact 4.765ms
[18.966s][info][gc,heap        ] GC(197) PSYoungGen: 33984K(162816K)->0K(165376K) Eden: 0K(33792K)->0K(38400K) From: 33984K(129024K)->0K(126976K)
[18.966s][info][gc,heap        ] GC(197) ParOldGen: 2805794K(2855936K)->2837477K(3134976K)
[18.966s][info][gc,metaspace   ] GC(197) Metaspace: 6302K(6464K)->6302K(6464K) NonClass: 5769K(5824K)->5769K(5824K) Class: 533K(640K)->533K(640K)
[18.966s][info][gc             ] GC(197) Pause Full (Ergonomics) 2773M->2770M(3223M) 915.308ms
[18.966s][info][gc,cpu         ] GC(197) User=6.67s Sys=0.08s Real=0.92s
[19.632s][info][gc,start       ] GC(198) Pause Young (Allocation Failure)
[19.734s][info][gc,heap        ] GC(198) PSYoungGen: 38400K(165376K)->38560K(165376K) Eden: 38400K(38400K)->0K(38400K) From: 0K(126976K)->38560K(126976K)
[19.734s][info][gc,heap        ] GC(198) ParOldGen: 2968549K(3134976K)->2968549K(3134976K)
[19.734s][info][gc,metaspace   ] GC(198) Metaspace: 6302K(6464K)->6302K(6464K) NonClass: 5769K(5824K)->5769K(5824K) Class: 533K(640K)->533K(640K)
[19.734s][info][gc             ] GC(198) Pause Young (Allocation Failure) 2936M->2936M(3223M) 102.266ms
[19.734s][info][gc,cpu         ] GC(198) User=0.52s Sys=0.00s Real=0.10s
[19.775s][info][gc,start       ] GC(199) Pause Young (Allocation Failure)
[19.832s][info][gc,heap        ] GC(199) PSYoungGen: 76960K(165376K)->77024K(165888K) Eden: 38400K(38400K)->0K(41984K) From: 38560K(126976K)->77024K(123904K)
[19.833s][info][gc,heap        ] GC(199) ParOldGen: 2968549K(3134976K)->2968549K(3134976K)
[19.833s][info][gc,metaspace   ] GC(199) Metaspace: 6302K(6464K)->6302K(6464K) NonClass: 5769K(5824K)->5769K(5824K) Class: 533K(640K)->533K(640K)
[19.833s][info][gc             ] GC(199) Pause Young (Allocation Failure) 2974M->2974M(3223M) 57.070ms
[19.833s][info][gc,cpu         ] GC(199) User=0.16s Sys=0.00s Real=0.06s
[19.875s][info][gc,start       ] GC(200) Pause Young (Allocation Failure)
[19.954s][info][gc,heap        ] GC(200) PSYoungGen: 119008K(165888K)->80640K(166400K) Eden: 41984K(41984K)->0K(41984K) From: 77024K(123904K)->80640K(124416K)
[19.954s][info][gc,heap        ] GC(200) ParOldGen: 2968549K(3134976K)->3007301K(3134976K)
[19.954s][info][gc,metaspace   ] GC(200) Metaspace: 6302K(6464K)->6302K(6464K) NonClass: 5769K(5824K)->5769K(5824K) Class: 533K(640K)->533K(640K)
[19.954s][info][gc             ] GC(200) Pause Young (Allocation Failure) 3015M->3015M(3224M) 79.183ms
[19.954s][info][gc,cpu         ] GC(200) User=0.28s Sys=0.09s Real=0.08s
[19.995s][info][gc,start       ] GC(201) Pause Young (Allocation Failure)
[20.073s][info][gc,heap        ] GC(201) PSYoungGen: 122624K(166400K)->84256K(171008K) Eden: 41984K(41984K)->0K(45056K) From: 80640K(124416K)->84256K(125952K)
[20.073s][info][gc,heap        ] GC(201) ParOldGen: 3007301K(3134976K)->3046053K(3134976K)
[20.073s][info][gc,metaspace   ] GC(201) Metaspace: 6302K(6464K)->6302K(6464K) NonClass: 5769K(5824K)->5769K(5824K) Class: 533K(640K)->533K(640K)
[20.073s][info][gc             ] GC(201) Pause Young (Allocation Failure) 3056M->3056M(3228M) 78.105ms
[20.073s][info][gc,cpu         ] GC(201) User=0.33s Sys=0.00s Real=0.08s
[20.117s][info][gc,start       ] GC(202) Pause Young (Allocation Failure)
[20.199s][info][gc,heap        ] GC(202) PSYoungGen: 129312K(171008K)->87296K(173056K) Eden: 45056K(45056K)->0K(45056K) From: 84256K(125952K)->87296K(128000K)
[20.199s][info][gc,heap        ] GC(202) ParOldGen: 3046053K(3134976K)->3088421K(3134976K)
[20.199s][info][gc,metaspace   ] GC(202) Metaspace: 6302K(6464K)->6302K(6464K) NonClass: 5769K(5824K)->5769K(5824K) Class: 533K(640K)->533K(640K)
[20.199s][info][gc             ] GC(202) Pause Young (Allocation Failure) 3100M->3101M(3230M) 82.487ms
[20.199s][info][gc,cpu         ] GC(202) User=0.42s Sys=0.12s Real=0.08s
[20.199s][info][gc,start       ] GC(203) Pause Full (Ergonomics)
[20.199s][info][gc,phases,start] GC(203) Marking Phase
[20.987s][info][gc,phases      ] GC(203) Marking Phase 788.149ms
[20.988s][info][gc,phases,start] GC(203) Summary Phase
[20.988s][info][gc,phases      ] GC(203) Summary Phase 0.170ms
[20.988s][info][gc,phases,start] GC(203) Adjust Roots
[20.988s][info][gc,phases      ] GC(203) Adjust Roots 0.340ms
[20.988s][info][gc,phases,start] GC(203) Compaction Phase
[21.492s][info][gc,phases      ] GC(203) Compaction Phase 503.426ms
[21.492s][info][gc,phases,start] GC(203) Post Compact
[21.499s][info][gc,phases      ] GC(203) Post Compact 7.355ms
[21.502s][info][gc,heap        ] GC(203) PSYoungGen: 87296K(173056K)->0K(180736K) Eden: 0K(45056K)->0K(50688K) From: 87296K(128000K)->0K(130048K)
[21.502s][info][gc,heap        ] GC(203) ParOldGen: 3088421K(3134976K)->3108689K(3427840K)
[21.502s][info][gc,metaspace   ] GC(203) Metaspace: 6302K(6464K)->6302K(6464K) NonClass: 5769K(5824K)->5769K(5824K) Class: 533K(640K)->533K(640K)
[21.502s][info][gc             ] GC(203) Pause Full (Ergonomics) 3101M->3035M(3524M) 1302.453ms
[21.502s][info][gc,cpu         ] GC(203) User=8.34s Sys=0.05s Real=1.30s
[21.551s][info][gc,start       ] GC(204) Pause Young (Allocation Failure)
[21.596s][info][gc,heap        ] GC(204) PSYoungGen: 50688K(180736K)->50912K(180736K) Eden: 50688K(50688K)->0K(50688K) From: 0K(130048K)->50912K(130048K)
[21.596s][info][gc,heap        ] GC(204) ParOldGen: 3108689K(3427840K)->3108689K(3427840K)
[21.596s][info][gc,metaspace   ] GC(204) Metaspace: 6302K(6464K)->6302K(6464K) NonClass: 5769K(5824K)->5769K(5824K) Class: 533K(640K)->533K(640K)
[21.596s][info][gc             ] GC(204) Pause Young (Allocation Failure) 3085M->3085M(3524M) 44.908ms
[21.596s][info][gc,cpu         ] GC(204) User=0.06s Sys=0.00s Real=0.04s
[21.657s][info][gc,start       ] GC(205) Pause Young (Allocation Failure)
[21.726s][info][gc,heap        ] GC(205) PSYoungGen: 101600K(180736K)->101632K(174592K) Eden: 50688K(50688K)->0K(48128K) From: 50912K(130048K)->101632K(126464K)
[21.726s][info][gc,heap        ] GC(205) ParOldGen: 3108689K(3427840K)->3108689K(3427840K)
[21.726s][info][gc,metaspace   ] GC(205) Metaspace: 6302K(6464K)->6302K(6464K) NonClass: 5769K(5824K)->5769K(5824K) Class: 533K(640K)->533K(640K)
[21.726s][info][gc             ] GC(205) Pause Young (Allocation Failure) 3135M->3135M(3518M) 68.879ms
[21.726s][info][gc,cpu         ] GC(205) User=0.22s Sys=0.02s Real=0.07s
[21.778s][info][gc,start       ] GC(206) Pause Young (Allocation Failure)
[21.860s][info][gc,heap        ] GC(206) PSYoungGen: 149760K(174592K)->134144K(182272K) Eden: 48128K(48128K)->0K(48128K) From: 101632K(126464K)->134144K(134144K)
[21.860s][info][gc,heap        ] GC(206) ParOldGen: 3108689K(3427840K)->3124433K(3427840K)
[21.860s][info][gc,metaspace   ] GC(206) Metaspace: 6302K(6464K)->6302K(6464K) NonClass: 5769K(5824K)->5769K(5824K) Class: 533K(640K)->533K(640K)
[21.860s][info][gc             ] GC(206) Pause Young (Allocation Failure) 3182M->3182M(3525M) 81.604ms
[21.860s][info][gc,cpu         ] GC(206) User=0.39s Sys=0.02s Real=0.08s
[21.909s][info][gc,start       ] GC(207) Pause Young (Allocation Failure)
[22.027s][info][gc,heap        ] GC(207) PSYoungGen: 182272K(182272K)->133344K(198144K) Eden: 48128K(48128K)->0K(40448K) From: 134144K(134144K)->133344K(157696K)
[22.027s][info][gc,heap        ] GC(207) ParOldGen: 3124433K(3427840K)->3173937K(3427840K)
[22.027s][info][gc,metaspace   ] GC(207) Metaspace: 6302K(6464K)->6302K(6464K) NonClass: 5769K(5824K)->5769K(5824K) Class: 533K(640K)->533K(640K)
[22.027s][info][gc             ] GC(207) Pause Young (Allocation Failure) 3229M->3229M(3541M) 118.005ms
[22.027s][info][gc,cpu         ] GC(207) User=0.41s Sys=0.47s Real=0.12s
[22.068s][info][gc,start       ] GC(208) Pause Young (Allocation Failure)
[22.160s][info][gc,heap        ] GC(208) PSYoungGen: 173792K(198144K)->135712K(210944K) Eden: 40448K(40448K)->0K(40448K) From: 133344K(157696K)->135712K(170496K)
[22.160s][info][gc,heap        ] GC(208) ParOldGen: 3173937K(3427840K)->3212369K(3427840K)
[22.160s][info][gc,metaspace   ] GC(208) Metaspace: 6302K(6464K)->6302K(6464K) NonClass: 5769K(5824K)->5769K(5824K) Class: 533K(640K)->533K(640K)
[22.160s][info][gc             ] GC(208) Pause Young (Allocation Failure) 3269M->3269M(3553M) 91.888ms
[22.160s][info][gc,cpu         ] GC(208) User=0.56s Sys=0.08s Real=0.09s
[22.203s][info][gc,start       ] GC(209) Pause Young (Allocation Failure)
[22.319s][info][gc,heap        ] GC(209) PSYoungGen: 176160K(210944K)->81088K(210432K) Eden: 40448K(40448K)->0K(45568K) From: 135712K(170496K)->81088K(164864K)
[22.319s][info][gc,heap        ] GC(209) ParOldGen: 3212369K(3427840K)->3308121K(3427840K)
[22.319s][info][gc,metaspace   ] GC(209) Metaspace: 6302K(6464K)->6302K(6464K) NonClass: 5769K(5824K)->5769K(5824K) Class: 533K(640K)->533K(640K)
[22.319s][info][gc             ] GC(209) Pause Young (Allocation Failure) 3309M->3309M(3553M) 115.932ms
[22.319s][info][gc,cpu         ] GC(209) User=0.64s Sys=0.22s Real=0.12s
[22.367s][info][gc,start       ] GC(210) Pause Young (Allocation Failure)
[22.460s][info][gc,heap        ] GC(210) PSYoungGen: 126656K(210432K)->45728K(218624K) Eden: 45568K(45568K)->0K(45568K) From: 81088K(164864K)->45728K(173056K)
[22.460s][info][gc,heap        ] GC(210) ParOldGen: 3308121K(3427840K)->3389705K(3427840K)
[22.460s][info][gc,metaspace   ] GC(210) Metaspace: 6302K(6464K)->6302K(6464K) NonClass: 5769K(5824K)->5769K(5824K) Class: 533K(640K)->533K(640K)
[22.460s][info][gc             ] GC(210) Pause Young (Allocation Failure) 3354M->3354M(3561M) 92.952ms
[22.460s][info][gc,cpu         ] GC(210) User=0.39s Sys=0.25s Real=0.09s
[22.460s][info][gc,start       ] GC(211) Pause Full (Ergonomics)
[22.460s][info][gc,phases,start] GC(211) Marking Phase
[23.229s][info][gc,phases      ] GC(211) Marking Phase 768.968ms
[23.229s][info][gc,phases,start] GC(211) Summary Phase
[23.229s][info][gc,phases      ] GC(211) Summary Phase 0.057ms
[23.229s][info][gc,phases,start] GC(211) Adjust Roots
[23.230s][info][gc,phases      ] GC(211) Adjust Roots 0.170ms
[23.230s][info][gc,phases,start] GC(211) Compaction Phase
[23.961s][info][gc,phases      ] GC(211) Compaction Phase 731.242ms
[23.961s][info][gc,phases,start] GC(211) Post Compact
[23.967s][info][gc,phases      ] GC(211) Post Compact 6.274ms
[23.970s][info][gc,heap        ] GC(211) PSYoungGen: 45728K(218624K)->5204K(218624K) Eden: 0K(45568K)->0K(45568K) From: 45728K(173056K)->5204K(173056K)
[23.970s][info][gc,heap        ] GC(211) ParOldGen: 3389705K(3427840K)->3427363K(3805696K)
[23.970s][info][gc,metaspace   ] GC(211) Metaspace: 6302K(6464K)->6302K(6464K) NonClass: 5769K(5824K)->5769K(5824K) Class: 533K(640K)->533K(640K)
[23.970s][info][gc             ] GC(211) Pause Full (Ergonomics) 3354M->3352M(3930M) 1510.238ms
[23.971s][info][gc,cpu         ] GC(211) User=10.50s Sys=0.20s Real=1.51s
[24.016s][info][gc,start       ] GC(212) Pause Young (Allocation Failure)
[24.188s][info][gc,heap        ] GC(212) PSYoungGen: 50772K(218624K)->45760K(215040K) Eden: 45568K(45568K)->0K(50176K) From: 5204K(173056K)->45760K(164864K)
[24.188s][info][gc,heap        ] GC(212) ParOldGen: 3427363K(3805696K)->3432643K(3805696K)
[24.188s][info][gc,metaspace   ] GC(212) Metaspace: 6302K(6464K)->6302K(6464K) NonClass: 5769K(5824K)->5769K(5824K) Class: 533K(640K)->533K(640K)
[24.188s][info][gc             ] GC(212) Pause Young (Allocation Failure) 3396M->3396M(3926M) 171.347ms
[24.188s][info][gc,cpu         ] GC(212) User=1.08s Sys=0.06s Real=0.17s
[24.236s][info][gc,start       ] GC(213) Pause Young (Allocation Failure)
[24.295s][info][gc,heap        ] GC(213) PSYoungGen: 95936K(215040K)->96032K(219136K) Eden: 50176K(50176K)->0K(50176K) From: 45760K(164864K)->96032K(168960K)
[24.295s][info][gc,heap        ] GC(213) ParOldGen: 3432643K(3805696K)->3432643K(3805696K)
[24.295s][info][gc,metaspace   ] GC(213) Metaspace: 6302K(6464K)->6302K(6464K) NonClass: 5769K(5824K)->5769K(5824K) Class: 533K(640K)->533K(640K)
[24.295s][info][gc             ] GC(213) Pause Young (Allocation Failure) 3445M->3445M(3930M) 59.338ms
[24.295s][info][gc,cpu         ] GC(213) User=0.19s Sys=0.00s Real=0.06s
[24.345s][info][gc,start       ] GC(214) Pause Young (Allocation Failure)
[24.430s][info][gc,heap        ] GC(214) PSYoungGen: 146208K(219136K)->100640K(220160K) Eden: 50176K(50176K)->0K(55808K) From: 96032K(168960K)->100640K(164352K)
[24.431s][info][gc,heap        ] GC(214) ParOldGen: 3432643K(3805696K)->3478627K(3805696K)
[24.431s][info][gc,metaspace   ] GC(214) Metaspace: 6302K(6464K)->6302K(6464K) NonClass: 5769K(5824K)->5769K(5824K) Class: 533K(640K)->533K(640K)
[24.431s][info][gc             ] GC(214) Pause Young (Allocation Failure) 3494M->3495M(3931M) 85.387ms
[24.431s][info][gc,cpu         ] GC(214) User=0.48s Sys=0.12s Real=0.09s
[24.491s][info][gc,start       ] GC(215) Pause Young (Allocation Failure)
[24.584s][info][gc,heap        ] GC(215) PSYoungGen: 156448K(220160K)->106272K(221184K) Eden: 55808K(55808K)->0K(55808K) From: 100640K(164352K)->106272K(165376K)
[24.584s][info][gc,heap        ] GC(215) ParOldGen: 3478627K(3805696K)->3529235K(3805696K)
[24.584s][info][gc,metaspace   ] GC(215) Metaspace: 6302K(6464K)->6302K(6464K) NonClass: 5769K(5824K)->5769K(5824K) Class: 533K(640K)->533K(640K)
[24.584s][info][gc             ] GC(215) Pause Young (Allocation Failure) 3549M->3550M(3932M) 93.271ms
[24.584s][info][gc,cpu         ] GC(215) User=0.38s Sys=0.17s Real=0.09s
[24.646s][info][gc,start       ] GC(216) Pause Young (Allocation Failure)
[24.742s][info][gc,heap        ] GC(216) PSYoungGen: 162080K(221184K)->111872K(225792K) Eden: 55808K(55808K)->0K(60416K) From: 106272K(165376K)->111872K(165376K)
[24.742s][info][gc,heap        ] GC(216) ParOldGen: 3529235K(3805696K)->3579851K(3805696K)
[24.742s][info][gc,metaspace   ] GC(216) Metaspace: 6302K(6464K)->6302K(6464K) NonClass: 5769K(5824K)->5769K(5824K) Class: 533K(640K)->533K(640K)
[24.742s][info][gc             ] GC(216) Pause Young (Allocation Failure) 3604M->3605M(3937M) 96.542ms
[24.742s][info][gc,cpu         ] GC(216) User=0.48s Sys=0.16s Real=0.10s
[24.802s][info][gc,start       ] GC(217) Pause Young (Allocation Failure)
[24.904s][info][gc,heap        ] GC(217) PSYoungGen: 172288K(225792K)->116576K(227840K) Eden: 60416K(60416K)->0K(60416K) From: 111872K(165376K)->116576K(167424K)
[24.904s][info][gc,heap        ] GC(217) ParOldGen: 3579851K(3805696K)->3636155K(3805696K)
[24.904s][info][gc,metaspace   ] GC(217) Metaspace: 6302K(6464K)->6302K(6464K) NonClass: 5769K(5824K)->5769K(5824K) Class: 533K(640K)->533K(640K)
[24.904s][info][gc             ] GC(217) Pause Young (Allocation Failure) 3664M->3664M(3939M) 101.918ms
[24.904s][info][gc,cpu         ] GC(217) User=0.48s Sys=0.27s Real=0.10s
[24.965s][info][gc,start       ] GC(218) Pause Young (Allocation Failure)
[25.075s][info][gc,heap        ] GC(218) PSYoungGen: 176992K(227840K)->121184K(234496K) Eden: 60416K(60416K)->0K(64512K) From: 116576K(167424K)->121184K(169984K)
[25.075s][info][gc,heap        ] GC(218) ParOldGen: 3636155K(3805696K)->3692475K(3805696K)
[25.075s][info][gc,metaspace   ] GC(218) Metaspace: 6302K(6464K)->6302K(6464K) NonClass: 5769K(5824K)->5769K(5824K) Class: 533K(640K)->533K(640K)
[25.075s][info][gc             ] GC(218) Pause Young (Allocation Failure) 3723M->3724M(3945M) 109.536ms
[25.075s][info][gc,cpu         ] GC(218) User=0.67s Sys=0.19s Real=0.11s
[25.145s][info][gc,start       ] GC(219) Pause Young (Allocation Failure)
[25.261s][info][gc,heap        ] GC(219) PSYoungGen: 185696K(234496K)->125248K(238080K) Eden: 64512K(64512K)->0K(64512K) From: 121184K(169984K)->125248K(173568K)
[25.261s][info][gc,heap        ] GC(219) ParOldGen: 3692475K(3805696K)->3753427K(3805696K)
[25.261s][info][gc,metaspace   ] GC(219) Metaspace: 6302K(6464K)->6302K(6464K) NonClass: 5769K(5824K)->5769K(5824K) Class: 533K(640K)->533K(640K)
[25.261s][info][gc             ] GC(219) Pause Young (Allocation Failure) 3787M->3787M(3949M) 116.268ms
[25.261s][info][gc,cpu         ] GC(219) User=0.73s Sys=0.11s Real=0.12s
[25.261s][info][gc,start       ] GC(220) Pause Full (Ergonomics)
[25.261s][info][gc,phases,start] GC(220) Marking Phase
[26.129s][info][gc,phases      ] GC(220) Marking Phase 868.022ms
[26.129s][info][gc,phases,start] GC(220) Summary Phase
[26.129s][info][gc,phases      ] GC(220) Summary Phase 0.062ms
[26.129s][info][gc,phases,start] GC(220) Adjust Roots
[26.130s][info][gc,phases      ] GC(220) Adjust Roots 0.185ms
[26.130s][info][gc,phases,start] GC(220) Compaction Phase
[26.530s][info][gc,phases      ] GC(220) Compaction Phase 400.693ms
[26.530s][info][gc,phases,start] GC(220) Post Compact
[26.538s][info][gc,phases      ] GC(220) Post Compact 7.465ms
[26.541s][info][gc,heap        ] GC(220) PSYoungGen: 125248K(238080K)->69671K(238080K) Eden: 0K(64512K)->0K(64512K) From: 125248K(173568K)->69671K(173568K)
[26.541s][info][gc,heap        ] GC(220) ParOldGen: 3753427K(3805696K)->3805515K(4212224K)
[26.541s][info][gc,metaspace   ] GC(220) Metaspace: 6302K(6464K)->6302K(6464K) NonClass: 5769K(5824K)->5769K(5824K) Class: 533K(640K)->533K(640K)
[26.541s][info][gc             ] GC(220) Pause Full (Ergonomics) 3787M->3784M(4346M) 1280.111ms
[26.541s][info][gc,cpu         ] GC(220) User=9.31s Sys=0.14s Real=1.28s
[26.610s][info][gc,start       ] GC(221) Pause Young (Allocation Failure)
[26.851s][info][gc,heap        ] GC(221) PSYoungGen: 134183K(238080K)->94560K(231424K) Eden: 64512K(64512K)->0K(71168K) From: 69671K(173568K)->94560K(160256K)
[26.851s][info][gc,heap        ] GC(221) ParOldGen: 3805515K(4212224K)->3845851K(4212224K)
[26.851s][info][gc,metaspace   ] GC(221) Metaspace: 6302K(6464K)->6302K(6464K) NonClass: 5769K(5824K)->5769K(5824K) Class: 533K(640K)->533K(640K)
[26.851s][info][gc             ] GC(221) Pause Young (Allocation Failure) 3847M->3848M(4339M) 240.780ms
[26.851s][info][gc,cpu         ] GC(221) User=1.58s Sys=0.09s Real=0.24s
[26.924s][info][gc,start       ] GC(222) Pause Young (Allocation Failure)
[27.014s][info][gc,heap        ] GC(222) PSYoungGen: 165728K(231424K)->136064K(240640K) Eden: 71168K(71168K)->0K(71168K) From: 94560K(160256K)->136064K(169472K)
[27.014s][info][gc,heap        ] GC(222) ParOldGen: 3845851K(4212224K)->3875923K(4212224K)
[27.014s][info][gc,metaspace   ] GC(222) Metaspace: 6302K(6464K)->6302K(6464K) NonClass: 5769K(5824K)->5769K(5824K) Class: 533K(640K)->533K(640K)
[27.014s][info][gc             ] GC(222) Pause Young (Allocation Failure) 3917M->3917M(4348M) 90.239ms
[27.014s][info][gc,cpu         ] GC(222) User=0.58s Sys=0.03s Real=0.09s
[27.091s][info][gc,start       ] GC(223) Pause Young (Allocation Failure)
[27.228s][info][gc,heap        ] GC(223) PSYoungGen: 207232K(240640K)->142688K(248320K) Eden: 71168K(71168K)->0K(71168K) From: 136064K(169472K)->142688K(177152K)
[27.228s][info][gc,heap        ] GC(223) ParOldGen: 3875923K(4212224K)->3941027K(4212224K)
[27.228s][info][gc,metaspace   ] GC(223) Metaspace: 6302K(6464K)->6302K(6464K) NonClass: 5769K(5824K)->5769K(5824K) Class: 533K(640K)->533K(640K)
[27.228s][info][gc             ] GC(223) Pause Young (Allocation Failure) 3987M->3988M(4356M) 137.010ms
[27.228s][info][gc,cpu         ] GC(223) User=0.67s Sys=0.31s Real=0.14s
[27.309s][info][gc,start       ] GC(224) Pause Young (Allocation Failure)
[27.442s][info][gc,heap        ] GC(224) PSYoungGen: 213856K(248320K)->142688K(256000K) Eden: 71168K(71168K)->0K(71168K) From: 142688K(177152K)->142688K(184832K)
[27.442s][info][gc,heap        ] GC(224) ParOldGen: 3941027K(4212224K)->4012843K(4212224K)
[27.442s][info][gc,metaspace   ] GC(224) Metaspace: 6302K(6464K)->6302K(6464K) NonClass: 5769K(5824K)->5769K(5824K) Class: 533K(640K)->533K(640K)
[27.442s][info][gc             ] GC(224) Pause Young (Allocation Failure) 4057M->4058M(4363M) 132.906ms
[27.442s][info][gc,cpu         ] GC(224) User=0.84s Sys=0.19s Real=0.13s
[27.511s][info][gc,start       ] GC(225) Pause Young (Allocation Failure)
[27.647s][info][gc,heap        ] GC(225) PSYoungGen: 213856K(256000K)->142688K(265728K) Eden: 71168K(71168K)->0K(74752K) From: 142688K(184832K)->142688K(190976K)
[27.647s][info][gc,heap        ] GC(225) ParOldGen: 4012843K(4212224K)->4084651K(4212224K)
[27.647s][info][gc,metaspace   ] GC(225) Metaspace: 6302K(6464K)->6302K(6464K) NonClass: 5769K(5824K)->5769K(5824K) Class: 533K(640K)->533K(640K)
[27.647s][info][gc             ] GC(225) Pause Young (Allocation Failure) 4127M->4128M(4373M) 135.880ms
[27.647s][info][gc,cpu         ] GC(225) User=0.72s Sys=0.41s Real=0.14s
[27.731s][info][gc,start       ] GC(226) Pause Young (Allocation Failure)
[27.867s][info][gc,heap        ] GC(226) PSYoungGen: 217440K(265728K)->146336K(270336K) Eden: 74752K(74752K)->0K(74752K) From: 142688K(190976K)->146336K(195584K)
[27.867s][info][gc,heap        ] GC(226) ParOldGen: 4084651K(4212224K)->4156467K(4212224K)
[27.867s][info][gc,metaspace   ] GC(226) Metaspace: 6302K(6464K)->6302K(6464K) NonClass: 5769K(5824K)->5769K(5824K) Class: 533K(640K)->533K(640K)
[27.867s][info][gc             ] GC(226) Pause Young (Allocation Failure) 4201M->4201M(4377M) 136.412ms
[27.867s][info][gc,cpu         ] GC(226) User=0.92s Sys=0.20s Real=0.14s
[27.867s][info][gc,start       ] GC(227) Pause Full (Ergonomics)
[27.867s][info][gc,phases,start] GC(227) Marking Phase
[28.847s][info][gc,phases      ] GC(227) Marking Phase 980.194ms
[28.847s][info][gc,phases,start] GC(227) Summary Phase
[28.847s][info][gc,phases      ] GC(227) Summary Phase 0.065ms
[28.848s][info][gc,phases,start] GC(227) Adjust Roots
[28.848s][info][gc,phases      ] GC(227) Adjust Roots 0.251ms
[28.848s][info][gc,phases,start] GC(227) Compaction Phase
[29.275s][info][gc,phases      ] GC(227) Compaction Phase 427.108ms
[29.275s][info][gc,phases,start] GC(227) Post Compact
[29.282s][info][gc,phases      ] GC(227) Post Compact 7.442ms
[29.287s][info][gc,heap        ] GC(227) PSYoungGen: 146336K(270336K)->87077K(270336K) Eden: 0K(74752K)->0K(74752K) From: 146336K(195584K)->87077K(195584K)
[29.287s][info][gc,heap        ] GC(227) ParOldGen: 4156467K(4212224K)->4211848K(4642304K)
[29.287s][info][gc,metaspace   ] GC(227) Metaspace: 6302K(6464K)->6302K(6464K) NonClass: 5769K(5824K)->5769K(5824K) Class: 533K(640K)->533K(640K)
[29.287s][info][gc             ] GC(227) Pause Full (Ergonomics) 4201M->4198M(4797M) 1419.979ms
[29.287s][info][gc,cpu         ] GC(227) User=10.41s Sys=0.08s Real=1.42s
[29.375s][info][gc,start       ] GC(228) Pause Young (Allocation Failure)
[29.710s][info][gc,heap        ] GC(228) PSYoungGen: 161829K(270336K)->75008K(277504K) Eden: 74752K(74752K)->0K(82432K) From: 87077K(195584K)->75008K(195072K)
[29.710s][info][gc,heap        ] GC(228) ParOldGen: 4211848K(4642304K)->4299768K(4642304K)
[29.710s][info][gc,metaspace   ] GC(228) Metaspace: 6302K(6464K)->6302K(6464K) NonClass: 5769K(5824K)->5769K(5824K) Class: 533K(640K)->533K(640K)
[29.710s][info][gc             ] GC(228) Pause Young (Allocation Failure) 4271M->4272M(4804M) 334.325ms
[29.710s][info][gc,cpu         ] GC(228) User=1.70s Sys=0.48s Real=0.33s
[29.792s][info][gc,start       ] GC(229) Pause Young (Allocation Failure)
[29.926s][info][gc,heap        ] GC(229) PSYoungGen: 157440K(277504K)->82688K(280576K) Eden: 82432K(82432K)->0K(82432K) From: 75008K(195072K)->82688K(198144K)
[29.926s][info][gc,heap        ] GC(229) ParOldGen: 4299768K(4642304K)->4375192K(4642304K)
[29.926s][info][gc,metaspace   ] GC(229) Metaspace: 6302K(6464K)->6302K(6464K) NonClass: 5769K(5824K)->5769K(5824K) Class: 533K(640K)->533K(640K)
[29.926s][info][gc             ] GC(229) Pause Young (Allocation Failure) 4352M->4353M(4807M) 134.080ms
[29.926s][info][gc,cpu         ] GC(229) User=0.48s Sys=0.36s Real=0.13s
[30.018s][info][gc,start       ] GC(230) Pause Young (Allocation Failure)
[30.157s][info][gc,heap        ] GC(230) PSYoungGen: 165120K(280576K)->82752K(278016K) Eden: 82432K(82432K)->0K(91648K) From: 82688K(198144K)->82752K(186368K)
[30.157s][info][gc,heap        ] GC(230) ParOldGen: 4375192K(4642304K)->4458368K(4642304K)
[30.157s][info][gc,metaspace   ] GC(230) Metaspace: 6302K(6464K)->6302K(6464K) NonClass: 5769K(5824K)->5769K(5824K) Class: 533K(640K)->533K(640K)
[30.157s][info][gc             ] GC(230) Pause Young (Allocation Failure) 4433M->4434M(4805M) 138.624ms
[30.157s][info][gc,cpu         ] GC(230) User=0.50s Sys=0.45s Real=0.14s
[30.269s][info][gc,start       ] GC(231) Pause Young (Allocation Failure)
[30.418s][info][gc,heap        ] GC(231) PSYoungGen: 174400K(278016K)->91968K(282112K) Eden: 91648K(91648K)->0K(91648K) From: 82752K(186368K)->91968K(190464K)
[30.418s][info][gc,heap        ] GC(231) ParOldGen: 4458368K(4642304K)->4541544K(4642304K)
[30.418s][info][gc,metaspace   ] GC(231) Metaspace: 6302K(6464K)->6302K(6464K) NonClass: 5769K(5824K)->5769K(5824K) Class: 533K(640K)->533K(640K)
[30.418s][info][gc             ] GC(231) Pause Young (Allocation Failure) 4524M->4524M(4809M) 148.732ms
[30.418s][info][gc,cpu         ] GC(231) User=0.61s Sys=0.39s Real=0.15s
[30.418s][info][gc,start       ] GC(232) Pause Full (Ergonomics)
[30.418s][info][gc,phases,start] GC(232) Marking Phase
[31.581s][info][gc,phases      ] GC(232) Marking Phase 1162.912ms
[31.581s][info][gc,phases,start] GC(232) Summary Phase
[31.581s][info][gc,phases      ] GC(232) Summary Phase 0.087ms
[31.581s][info][gc,phases,start] GC(232) Adjust Roots
[31.582s][info][gc,phases      ] GC(232) Adjust Roots 0.196ms
[31.582s][info][gc,phases,start] GC(232) Compaction Phase
[32.028s][info][gc,phases      ] GC(232) Compaction Phase 446.444ms
[32.028s][info][gc,phases,start] GC(232) Post Compact
[32.035s][info][gc,phases      ] GC(232) Post Compact 6.894ms
[32.035s][info][gc,heap        ] GC(232) PSYoungGen: 91968K(282112K)->0K(286208K) Eden: 0K(91648K)->0K(101888K) From: 91968K(190464K)->0K(184320K)
[32.035s][info][gc,heap        ] GC(232) ParOldGen: 4541544K(4642304K)->4630068K(4642304K)
[32.035s][info][gc,metaspace   ] GC(232) Metaspace: 6302K(6464K)->6302K(6464K) NonClass: 5769K(5824K)->5769K(5824K) Class: 533K(640K)->533K(640K)
[32.035s][info][gc             ] GC(232) Pause Full (Ergonomics) 4524M->4521M(4813M) 1616.838ms
[32.035s][info][gc,cpu         ] GC(232) User=10.69s Sys=0.22s Real=1.62s
[32.147s][info][gc,start       ] GC(233) Pause Full (Ergonomics)
[32.147s][info][gc,phases,start] GC(233) Marking Phase
[33.279s][info][gc,phases      ] GC(233) Marking Phase 1131.812ms
[33.279s][info][gc,phases,start] GC(233) Summary Phase
[33.279s][info][gc,phases      ] GC(233) Summary Phase 0.054ms
[33.279s][info][gc,phases,start] GC(233) Adjust Roots
[33.279s][info][gc,phases      ] GC(233) Adjust Roots 0.199ms
[33.279s][info][gc,phases,start] GC(233) Compaction Phase
[33.584s][info][gc,phases      ] GC(233) Compaction Phase 304.122ms
[33.584s][info][gc,phases,start] GC(233) Post Compact
[33.590s][info][gc,phases      ] GC(233) Post Compact 6.204ms
[33.590s][info][gc,heap        ] GC(233) PSYoungGen: 101888K(286208K)->90084K(286208K) Eden: 101888K(101888K)->90084K(101888K) From: 0K(184320K)->0K(184320K)
[33.590s][info][gc,heap        ] GC(233) ParOldGen: 4630068K(4642304K)->4641841K(4642304K)
[33.590s][info][gc,metaspace   ] GC(233) Metaspace: 6302K(6464K)->6302K(6464K) NonClass: 5769K(5824K)->5769K(5824K) Class: 533K(640K)->533K(640K)
[33.590s][info][gc             ] GC(233) Pause Full (Ergonomics) 4621M->4621M(4813M) 1442.804ms
[33.590s][info][gc,cpu         ] GC(233) User=10.58s Sys=0.06s Real=1.44s
[33.605s][info][gc,start       ] GC(234) Pause Full (Ergonomics)
[33.605s][info][gc,phases,start] GC(234) Marking Phase
[34.679s][info][gc,phases      ] GC(234) Marking Phase 1073.714ms
[34.679s][info][gc,phases,start] GC(234) Summary Phase
[34.679s][info][gc,phases      ] GC(234) Summary Phase 0.054ms
[34.679s][info][gc,phases,start] GC(234) Adjust Roots
[34.679s][info][gc,phases      ] GC(234) Adjust Roots 0.165ms
[34.679s][info][gc,phases,start] GC(234) Compaction Phase
[34.978s][info][gc,phases      ] GC(234) Compaction Phase 298.978ms
[34.978s][info][gc,phases,start] GC(234) Post Compact
[34.986s][info][gc,phases      ] GC(234) Post Compact 7.235ms
[34.986s][info][gc,heap        ] GC(234) PSYoungGen: 101888K(286208K)->101884K(286208K) Eden: 101888K(101888K)->101884K(101888K) From: 0K(184320K)->0K(184320K)
[34.986s][info][gc,heap        ] GC(234) ParOldGen: 4641841K(4642304K)->4641841K(4642304K)
[34.986s][info][gc,metaspace   ] GC(234) Metaspace: 6302K(6464K)->6302K(6464K) NonClass: 5769K(5824K)->5769K(5824K) Class: 533K(640K)->533K(640K)
[34.986s][info][gc             ] GC(234) Pause Full (Ergonomics) 4632M->4632M(4813M) 1380.491ms
[34.986s][info][gc,cpu         ] GC(234) User=10.34s Sys=0.05s Real=1.38s
[34.986s][info][gc,start       ] GC(235) Pause Full (Ergonomics)
[34.986s][info][gc,phases,start] GC(235) Marking Phase
[36.039s][info][gc,phases      ] GC(235) Marking Phase 1052.922ms
[36.039s][info][gc,phases,start] GC(235) Summary Phase
[36.039s][info][gc,phases      ] GC(235) Summary Phase 0.053ms
[36.039s][info][gc,phases,start] GC(235) Adjust Roots
[36.039s][info][gc,phases      ] GC(235) Adjust Roots 0.170ms
[36.039s][info][gc,phases,start] GC(235) Compaction Phase
[36.336s][info][gc,phases      ] GC(235) Compaction Phase 296.923ms
[36.336s][info][gc,phases,start] GC(235) Post Compact
[36.343s][info][gc,phases      ] GC(235) Post Compact 7.010ms
[36.343s][info][gc,heap        ] GC(235) PSYoungGen: 101888K(286208K)->101887K(286208K) Eden: 101888K(101888K)->101887K(101888K) From: 0K(184320K)->0K(184320K)
[36.343s][info][gc,heap        ] GC(235) ParOldGen: 4641841K(4642304K)->4641841K(4642304K)
[36.343s][info][gc,metaspace   ] GC(235) Metaspace: 6302K(6464K)->6302K(6464K) NonClass: 5769K(5824K)->5769K(5824K) Class: 533K(640K)->533K(640K)
[36.343s][info][gc             ] GC(235) Pause Full (Ergonomics) 4632M->4632M(4813M) 1357.463ms
[36.343s][info][gc,cpu         ] GC(235) User=10.33s Sys=0.02s Real=1.36s
[36.343s][info][gc,start       ] GC(236) Pause Full (Ergonomics)
[36.343s][info][gc,phases,start] GC(236) Marking Phase
[37.453s][info][gc,phases      ] GC(236) Marking Phase 1109.138ms
[37.453s][info][gc,phases,start] GC(236) Summary Phase
[37.453s][info][gc,phases      ] GC(236) Summary Phase 0.098ms
[37.453s][info][gc,phases,start] GC(236) Adjust Roots
[37.453s][info][gc,phases      ] GC(236) Adjust Roots 0.348ms
[37.453s][info][gc,phases,start] GC(236) Compaction Phase
[37.806s][info][gc,phases      ] GC(236) Compaction Phase 353.149ms
[37.806s][info][gc,phases,start] GC(236) Post Compact
[37.814s][info][gc,phases      ] GC(236) Post Compact 7.352ms
[37.814s][info][gc,heap        ] GC(236) PSYoungGen: 101887K(286208K)->101887K(286208K) Eden: 101887K(101888K)->101887K(101888K) From: 0K(184320K)->0K(184320K)
[37.814s][info][gc,heap        ] GC(236) ParOldGen: 4641841K(4642304K)->4641841K(4642304K)
[37.814s][info][gc,metaspace   ] GC(236) Metaspace: 6302K(6464K)->6302K(6464K) NonClass: 5769K(5824K)->5769K(5824K) Class: 533K(640K)->533K(640K)
[37.814s][info][gc             ] GC(236) Pause Full (Ergonomics) 4632M->4632M(4813M) 1470.480ms
[37.814s][info][gc,cpu         ] GC(236) User=10.17s Sys=0.00s Real=1.47s
[37.814s][info][gc,start       ] GC(237) Pause Full (Ergonomics)
[37.814s][info][gc,phases,start] GC(237) Marking Phase
[38.907s][info][gc,phases      ] GC(237) Marking Phase 1092.667ms
[38.907s][info][gc,phases,start] GC(237) Summary Phase
[38.907s][info][gc,phases      ] GC(237) Summary Phase 0.062ms
[38.907s][info][gc,phases,start] GC(237) Adjust Roots
[38.907s][info][gc,phases      ] GC(237) Adjust Roots 0.181ms
[38.907s][info][gc,phases,start] GC(237) Compaction Phase
[39.217s][info][gc,phases      ] GC(237) Compaction Phase 310.252ms
[39.218s][info][gc,phases,start] GC(237) Post Compact
[39.224s][info][gc,phases      ] GC(237) Post Compact 6.664ms
[39.224s][info][gc,heap        ] GC(237) PSYoungGen: 101887K(286208K)->101887K(286208K) Eden: 101887K(101888K)->101887K(101888K) From: 0K(184320K)->0K(184320K)
[39.224s][info][gc,heap        ] GC(237) ParOldGen: 4641846K(4642304K)->4641846K(4642304K)
[39.224s][info][gc,metaspace   ] GC(237) Metaspace: 6302K(6464K)->6302K(6464K) NonClass: 5769K(5824K)->5769K(5824K) Class: 533K(640K)->533K(640K)
[39.224s][info][gc             ] GC(237) Pause Full (Ergonomics) 4632M->4632M(4813M) 1410.123ms
[39.224s][info][gc,cpu         ] GC(237) User=10.50s Sys=0.00s Real=1.41s
[39.225s][info][gc,start       ] GC(238) Pause Full (Ergonomics)
[39.225s][info][gc,phases,start] GC(238) Marking Phase
[40.271s][info][gc,phases      ] GC(238) Marking Phase 1046.475ms
[40.271s][info][gc,phases,start] GC(238) Summary Phase
[40.271s][info][gc,phases      ] GC(238) Summary Phase 0.054ms
[40.271s][info][gc,phases,start] GC(238) Adjust Roots
[40.271s][info][gc,phases      ] GC(238) Adjust Roots 0.203ms
[40.271s][info][gc,phases,start] GC(238) Compaction Phase
[40.588s][info][gc,phases      ] GC(238) Compaction Phase 317.050ms
[40.589s][info][gc,phases,start] GC(238) Post Compact
[40.595s][info][gc,phases      ] GC(238) Post Compact 6.791ms
[40.595s][info][gc,heap        ] GC(238) PSYoungGen: 101887K(286208K)->101887K(286208K) Eden: 101887K(101888K)->101887K(101888K) From: 0K(184320K)->0K(184320K)
[40.595s][info][gc,heap        ] GC(238) ParOldGen: 4641851K(4642304K)->4641851K(4642304K)
[40.595s][info][gc,metaspace   ] GC(238) Metaspace: 6302K(6464K)->6302K(6464K) NonClass: 5769K(5824K)->5769K(5824K) Class: 533K(640K)->533K(640K)
[40.595s][info][gc             ] GC(238) Pause Full (Ergonomics) 4632M->4632M(4813M) 1370.895ms
[40.595s][info][gc,cpu         ] GC(238) User=10.38s Sys=0.00s Real=1.37s
[40.596s][info][gc,start       ] GC(239) Pause Full (Ergonomics)
[40.596s][info][gc,phases,start] GC(239) Marking Phase
[41.658s][info][gc,phases      ] GC(239) Marking Phase 1062.464ms
[41.658s][info][gc,phases,start] GC(239) Summary Phase
[41.658s][info][gc,phases      ] GC(239) Summary Phase 0.062ms
[41.658s][info][gc,phases,start] GC(239) Adjust Roots
[41.658s][info][gc,phases      ] GC(239) Adjust Roots 0.209ms
[41.658s][info][gc,phases,start] GC(239) Compaction Phase
[41.969s][info][gc,phases      ] GC(239) Compaction Phase 310.182ms
[41.969s][info][gc,phases,start] GC(239) Post Compact
[41.975s][info][gc,phases      ] GC(239) Post Compact 6.207ms
[41.975s][info][gc,heap        ] GC(239) PSYoungGen: 101887K(286208K)->101887K(286208K) Eden: 101887K(101888K)->101887K(101888K) From: 0K(184320K)->0K(184320K)
[41.975s][info][gc,heap        ] GC(239) ParOldGen: 4641856K(4642304K)->4641856K(4642304K)
[41.975s][info][gc,metaspace   ] GC(239) Metaspace: 6302K(6464K)->6302K(6464K) NonClass: 5769K(5824K)->5769K(5824K) Class: 533K(640K)->533K(640K)
[41.975s][info][gc             ] GC(239) Pause Full (Ergonomics) 4632M->4632M(4813M) 1379.435ms
[41.975s][info][gc,cpu         ] GC(239) User=10.47s Sys=0.00s Real=1.38s
[41.975s][info][gc,start       ] GC(240) Pause Full (Ergonomics)
[41.975s][info][gc,phases,start] GC(240) Marking Phase
[43.030s][info][gc,phases      ] GC(240) Marking Phase 1054.637ms
[43.030s][info][gc,phases,start] GC(240) Summary Phase
[43.030s][info][gc,phases      ] GC(240) Summary Phase 0.052ms
[43.030s][info][gc,phases,start] GC(240) Adjust Roots
[43.030s][info][gc,phases      ] GC(240) Adjust Roots 0.166ms
[43.030s][info][gc,phases,start] GC(240) Compaction Phase
[43.444s][info][gc,phases      ] GC(240) Compaction Phase 413.615ms
[43.444s][info][gc,phases,start] GC(240) Post Compact
[43.451s][info][gc,phases      ] GC(240) Post Compact 6.933ms
[43.451s][info][gc,heap        ] GC(240) PSYoungGen: 101887K(286208K)->101887K(286208K) Eden: 101887K(101888K)->101887K(101888K) From: 0K(184320K)->0K(184320K)
[43.451s][info][gc,heap        ] GC(240) ParOldGen: 4641860K(4642304K)->4641860K(4642304K)
[43.451s][info][gc,metaspace   ] GC(240) Metaspace: 6302K(6464K)->6302K(6464K) NonClass: 5769K(5824K)->5769K(5824K) Class: 533K(640K)->533K(640K)
[43.451s][info][gc             ] GC(240) Pause Full (Ergonomics) 4632M->4632M(4813M) 1475.735ms
[43.451s][info][gc,cpu         ] GC(240) User=10.55s Sys=0.00s Real=1.48s
[43.451s][info][gc,start       ] GC(241) Pause Full (Ergonomics)
[43.451s][info][gc,phases,start] GC(241) Marking Phase
[44.528s][info][gc,phases      ] GC(241) Marking Phase 1077.191ms
[44.528s][info][gc,phases,start] GC(241) Summary Phase
[44.529s][info][gc,phases      ] GC(241) Summary Phase 0.054ms
[44.529s][info][gc,phases,start] GC(241) Adjust Roots
[44.529s][info][gc,phases      ] GC(241) Adjust Roots 0.166ms
[44.529s][info][gc,phases,start] GC(241) Compaction Phase
[44.871s][info][gc,phases      ] GC(241) Compaction Phase 342.481ms
[44.871s][info][gc,phases,start] GC(241) Post Compact
[44.880s][info][gc,phases      ] GC(241) Post Compact 8.252ms
[44.880s][info][gc,heap        ] GC(241) PSYoungGen: 101887K(286208K)->101887K(286208K) Eden: 101887K(101888K)->101887K(101888K) From: 0K(184320K)->0K(184320K)
[44.880s][info][gc,heap        ] GC(241) ParOldGen: 4641865K(4642304K)->4641865K(4642304K)
[44.880s][info][gc,metaspace   ] GC(241) Metaspace: 6302K(6464K)->6302K(6464K) NonClass: 5769K(5824K)->5769K(5824K) Class: 533K(640K)->533K(640K)
[44.880s][info][gc             ] GC(241) Pause Full (Ergonomics) 4632M->4632M(4813M) 1428.494ms
[44.880s][info][gc,cpu         ] GC(241) User=10.50s Sys=0.00s Real=1.43s
[44.880s][info][gc,start       ] GC(242) Pause Full (Ergonomics)
[44.880s][info][gc,phases,start] GC(242) Marking Phase
[45.944s][info][gc,phases      ] GC(242) Marking Phase 1064.245ms
[45.944s][info][gc,phases,start] GC(242) Summary Phase
[45.944s][info][gc,phases      ] GC(242) Summary Phase 0.058ms
[45.944s][info][gc,phases,start] GC(242) Adjust Roots
[45.944s][info][gc,phases      ] GC(242) Adjust Roots 0.172ms
[45.944s][info][gc,phases,start] GC(242) Compaction Phase
[46.249s][info][gc,phases      ] GC(242) Compaction Phase 304.779ms
[46.249s][info][gc,phases,start] GC(242) Post Compact
[46.256s][info][gc,phases      ] GC(242) Post Compact 6.237ms
[46.256s][info][gc,heap        ] GC(242) PSYoungGen: 101887K(286208K)->101887K(286208K) Eden: 101887K(101888K)->101887K(101888K) From: 0K(184320K)->0K(184320K)
[46.256s][info][gc,heap        ] GC(242) ParOldGen: 4641870K(4642304K)->4641870K(4642304K)
[46.256s][info][gc,metaspace   ] GC(242) Metaspace: 6302K(6464K)->6302K(6464K) NonClass: 5769K(5824K)->5769K(5824K) Class: 533K(640K)->533K(640K)
[46.256s][info][gc             ] GC(242) Pause Full (Ergonomics) 4632M->4632M(4813M) 1375.787ms
[46.256s][info][gc,cpu         ] GC(242) User=10.73s Sys=0.00s Real=1.38s
[46.256s][info][gc,start       ] GC(243) Pause Full (Ergonomics)
[46.256s][info][gc,phases,start] GC(243) Marking Phase
[47.350s][info][gc,phases      ] GC(243) Marking Phase 1093.753ms
[47.350s][info][gc,phases,start] GC(243) Summary Phase
[47.350s][info][gc,phases      ] GC(243) Summary Phase 0.051ms
[47.350s][info][gc,phases,start] GC(243) Adjust Roots
[47.350s][info][gc,phases      ] GC(243) Adjust Roots 0.163ms
[47.350s][info][gc,phases,start] GC(243) Compaction Phase
[47.658s][info][gc,phases      ] GC(243) Compaction Phase 307.587ms
[47.658s][info][gc,phases,start] GC(243) Post Compact
[47.664s][info][gc,phases      ] GC(243) Post Compact 6.645ms
[47.664s][info][gc,heap        ] GC(243) PSYoungGen: 101887K(286208K)->101887K(286208K) Eden: 101887K(101888K)->101887K(101888K) From: 0K(184320K)->0K(184320K)
[47.664s][info][gc,heap        ] GC(243) ParOldGen: 4641875K(4642304K)->4641875K(4642304K)
[47.664s][info][gc,metaspace   ] GC(243) Metaspace: 6302K(6464K)->6302K(6464K) NonClass: 5769K(5824K)->5769K(5824K) Class: 533K(640K)->533K(640K)
[47.664s][info][gc             ] GC(243) Pause Full (Ergonomics) 4632M->4632M(4813M) 1408.485ms
[47.664s][info][gc,cpu         ] GC(243) User=10.89s Sys=0.00s Real=1.41s
[47.665s][info][gc,start       ] GC(244) Pause Full (Ergonomics)
[47.665s][info][gc,phases,start] GC(244) Marking Phase
[48.753s][info][gc,phases      ] GC(244) Marking Phase 1088.918ms
[48.754s][info][gc,phases,start] GC(244) Summary Phase
[48.754s][info][gc,phases      ] GC(244) Summary Phase 0.089ms
[48.754s][info][gc,phases,start] GC(244) Adjust Roots
[48.754s][info][gc,phases      ] GC(244) Adjust Roots 0.198ms
[48.754s][info][gc,phases,start] GC(244) Compaction Phase
[49.093s][info][gc,phases      ] GC(244) Compaction Phase 339.271ms
[49.093s][info][gc,phases,start] GC(244) Post Compact
[49.101s][info][gc,phases      ] GC(244) Post Compact 7.309ms
[49.101s][info][gc,heap        ] GC(244) PSYoungGen: 101887K(286208K)->101887K(286208K) Eden: 101887K(101888K)->101887K(101888K) From: 0K(184320K)->0K(184320K)
[49.101s][info][gc,heap        ] GC(244) ParOldGen: 4641880K(4642304K)->4641880K(4642304K)
[49.101s][info][gc,metaspace   ] GC(244) Metaspace: 6302K(6464K)->6302K(6464K) NonClass: 5769K(5824K)->5769K(5824K) Class: 533K(640K)->533K(640K)
[49.101s][info][gc             ] GC(244) Pause Full (Ergonomics) 4632M->4632M(4813M) 1436.115ms
[49.101s][info][gc,cpu         ] GC(244) User=10.75s Sys=0.00s Real=1.44s
[49.101s][info][gc,start       ] GC(245) Pause Full (Ergonomics)
[49.101s][info][gc,phases,start] GC(245) Marking Phase
[50.172s][info][gc,phases      ] GC(245) Marking Phase 1071.584ms
[50.173s][info][gc,phases,start] GC(245) Summary Phase
[50.173s][info][gc,phases      ] GC(245) Summary Phase 0.052ms
[50.173s][info][gc,phases,start] GC(245) Adjust Roots
[50.173s][info][gc,phases      ] GC(245) Adjust Roots 0.163ms
[50.173s][info][gc,phases,start] GC(245) Compaction Phase
[50.473s][info][gc,phases      ] GC(245) Compaction Phase 299.769ms
[50.473s][info][gc,phases,start] GC(245) Post Compact
[50.478s][info][gc,phases      ] GC(245) Post Compact 5.661ms
[50.478s][info][gc,heap        ] GC(245) PSYoungGen: 101887K(286208K)->101887K(286208K) Eden: 101887K(101888K)->101887K(101888K) From: 0K(184320K)->0K(184320K)
[50.478s][info][gc,heap        ] GC(245) ParOldGen: 4641885K(4642304K)->4641885K(4642304K)
[50.478s][info][gc,metaspace   ] GC(245) Metaspace: 6302K(6464K)->6302K(6464K) NonClass: 5769K(5824K)->5769K(5824K) Class: 533K(640K)->533K(640K)
[50.478s][info][gc             ] GC(245) Pause Full (Ergonomics) 4632M->4632M(4813M) 1377.550ms
[50.478s][info][gc,cpu         ] GC(245) User=10.50s Sys=0.03s Real=1.38s
[50.479s][info][gc,start       ] GC(246) Pause Full (Ergonomics)
[50.479s][info][gc,phases,start] GC(246) Marking Phase
[51.565s][info][gc,phases      ] GC(246) Marking Phase 1086.427ms
[51.565s][info][gc,phases,start] GC(246) Summary Phase
[51.565s][info][gc,phases      ] GC(246) Summary Phase 0.051ms
[51.565s][info][gc,phases,start] GC(246) Adjust Roots
[51.565s][info][gc,phases      ] GC(246) Adjust Roots 0.169ms
[51.565s][info][gc,phases,start] GC(246) Compaction Phase
[51.905s][info][gc,phases      ] GC(246) Compaction Phase 339.387ms
[51.905s][info][gc,phases,start] GC(246) Post Compact
[51.912s][info][gc,phases      ] GC(246) Post Compact 7.009ms
[51.912s][info][gc,heap        ] GC(246) PSYoungGen: 101887K(286208K)->101887K(286208K) Eden: 101887K(101888K)->101887K(101888K) From: 0K(184320K)->0K(184320K)
[51.912s][info][gc,heap        ] GC(246) ParOldGen: 4641889K(4642304K)->4641889K(4642304K)
[51.912s][info][gc,metaspace   ] GC(246) Metaspace: 6302K(6464K)->6302K(6464K) NonClass: 5769K(5824K)->5769K(5824K) Class: 533K(640K)->533K(640K)
[51.912s][info][gc             ] GC(246) Pause Full (Ergonomics) 4632M->4632M(4813M) 1433.359ms
[51.912s][info][gc,cpu         ] GC(246) User=10.80s Sys=0.00s Real=1.43s
[51.912s][info][gc,start       ] GC(247) Pause Full (Ergonomics)
[51.912s][info][gc,phases,start] GC(247) Marking Phase
[52.975s][info][gc,phases      ] GC(247) Marking Phase 1062.918ms
[52.975s][info][gc,phases,start] GC(247) Summary Phase
[52.975s][info][gc,phases      ] GC(247) Summary Phase 0.052ms
[52.975s][info][gc,phases,start] GC(247) Adjust Roots
[52.975s][info][gc,phases      ] GC(247) Adjust Roots 0.264ms
[52.975s][info][gc,phases,start] GC(247) Compaction Phase
[53.289s][info][gc,phases      ] GC(247) Compaction Phase 313.686ms
[53.289s][info][gc,phases,start] GC(247) Post Compact
[53.295s][info][gc,phases      ] GC(247) Post Compact 6.025ms
[53.295s][info][gc,heap        ] GC(247) PSYoungGen: 101887K(286208K)->101887K(286208K) Eden: 101887K(101888K)->101887K(101888K) From: 0K(184320K)->0K(184320K)
[53.295s][info][gc,heap        ] GC(247) ParOldGen: 4641894K(4642304K)->4641894K(4642304K)
[53.295s][info][gc,metaspace   ] GC(247) Metaspace: 6302K(6464K)->6302K(6464K) NonClass: 5769K(5824K)->5769K(5824K) Class: 533K(640K)->533K(640K)
[53.295s][info][gc             ] GC(247) Pause Full (Ergonomics) 4632M->4632M(4813M) 1383.241ms
[53.295s][info][gc,cpu         ] GC(247) User=10.78s Sys=0.00s Real=1.38s
[53.296s][info][gc,start       ] GC(248) Pause Full (Ergonomics)
[53.296s][info][gc,phases,start] GC(248) Marking Phase
[54.374s][info][gc,phases      ] GC(248) Marking Phase 1078.839ms
[54.374s][info][gc,phases,start] GC(248) Summary Phase
[54.375s][info][gc,phases      ] GC(248) Summary Phase 0.052ms
[54.375s][info][gc,phases,start] GC(248) Adjust Roots
[54.375s][info][gc,phases      ] GC(248) Adjust Roots 0.163ms
[54.375s][info][gc,phases,start] GC(248) Compaction Phase
[54.692s][info][gc,phases      ] GC(248) Compaction Phase 316.790ms
[54.692s][info][gc,phases,start] GC(248) Post Compact
[54.697s][info][gc,phases      ] GC(248) Post Compact 5.899ms
[54.698s][info][gc,heap        ] GC(248) PSYoungGen: 101887K(286208K)->101887K(286208K) Eden: 101887K(101888K)->101887K(101888K) From: 0K(184320K)->0K(184320K)
[54.698s][info][gc,heap        ] GC(248) ParOldGen: 4641899K(4642304K)->4641899K(4642304K)
[54.698s][info][gc,metaspace   ] GC(248) Metaspace: 6302K(6464K)->6302K(6464K) NonClass: 5769K(5824K)->5769K(5824K) Class: 533K(640K)->533K(640K)
[54.698s][info][gc             ] GC(248) Pause Full (Ergonomics) 4632M->4632M(4813M) 1402.046ms
[54.698s][info][gc,cpu         ] GC(248) User=10.70s Sys=0.00s Real=1.40s
[54.698s][info][gc,start       ] GC(249) Pause Full (Ergonomics)
[54.698s][info][gc,phases,start] GC(249) Marking Phase
[55.762s][info][gc,phases      ] GC(249) Marking Phase 1063.820ms
[55.762s][info][gc,phases,start] GC(249) Summary Phase
[55.762s][info][gc,phases      ] GC(249) Summary Phase 0.052ms
[55.762s][info][gc,phases,start] GC(249) Adjust Roots
[55.762s][info][gc,phases      ] GC(249) Adjust Roots 0.203ms
[55.762s][info][gc,phases,start] GC(249) Compaction Phase
[56.112s][info][gc,phases      ] GC(249) Compaction Phase 349.876ms
[56.112s][info][gc,phases,start] GC(249) Post Compact
[56.120s][info][gc,phases      ] GC(249) Post Compact 7.553ms
[56.120s][info][gc,heap        ] GC(249) PSYoungGen: 101887K(286208K)->101887K(286208K) Eden: 101887K(101888K)->101887K(101888K) From: 0K(184320K)->0K(184320K)
[56.120s][info][gc,heap        ] GC(249) ParOldGen: 4641904K(4642304K)->4641904K(4642304K)
[56.120s][info][gc,metaspace   ] GC(249) Metaspace: 6302K(6464K)->6302K(6464K) NonClass: 5769K(5824K)->5769K(5824K) Class: 533K(640K)->533K(640K)
[56.120s][info][gc             ] GC(249) Pause Full (Ergonomics) 4632M->4632M(4813M) 1421.848ms
[56.120s][info][gc,cpu         ] GC(249) User=10.80s Sys=0.02s Real=1.42s
[56.120s][info][gc,start       ] GC(250) Pause Full (Ergonomics)
[56.120s][info][gc,phases,start] GC(250) Marking Phase
[57.192s][info][gc,phases      ] GC(250) Marking Phase 1071.919ms
[57.192s][info][gc,phases,start] GC(250) Summary Phase
[57.192s][info][gc,phases      ] GC(250) Summary Phase 0.052ms
[57.192s][info][gc,phases,start] GC(250) Adjust Roots
[57.192s][info][gc,phases      ] GC(250) Adjust Roots 0.168ms
[57.192s][info][gc,phases,start] GC(250) Compaction Phase
[57.507s][info][gc,phases      ] GC(250) Compaction Phase 315.207ms
[57.507s][info][gc,phases,start] GC(250) Post Compact
[57.513s][info][gc,phases      ] GC(250) Post Compact 5.810ms
[57.513s][info][gc,heap        ] GC(250) PSYoungGen: 101887K(286208K)->101887K(286208K) Eden: 101887K(101888K)->101887K(101888K) From: 0K(184320K)->0K(184320K)
[57.513s][info][gc,heap        ] GC(250) ParOldGen: 4641909K(4642304K)->4641909K(4642304K)
[57.513s][info][gc,metaspace   ] GC(250) Metaspace: 6302K(6464K)->6302K(6464K) NonClass: 5769K(5824K)->5769K(5824K) Class: 533K(640K)->533K(640K)
[57.513s][info][gc             ] GC(250) Pause Full (Ergonomics) 4632M->4632M(4813M) 1393.463ms
[57.513s][info][gc,cpu         ] GC(250) User=10.77s Sys=0.00s Real=1.39s
[57.514s][info][gc,start       ] GC(251) Pause Full (Ergonomics)
[57.514s][info][gc,phases,start] GC(251) Marking Phase
[58.606s][info][gc,phases      ] GC(251) Marking Phase 1092.792ms
[58.606s][info][gc,phases,start] GC(251) Summary Phase
[58.607s][info][gc,phases      ] GC(251) Summary Phase 0.065ms
[58.607s][info][gc,phases,start] GC(251) Adjust Roots
[58.607s][info][gc,phases      ] GC(251) Adjust Roots 0.254ms
[58.607s][info][gc,phases,start] GC(251) Compaction Phase
[58.936s][info][gc,phases      ] GC(251) Compaction Phase 328.962ms
[58.936s][info][gc,phases,start] GC(251) Post Compact
[58.947s][info][gc,phases      ] GC(251) Post Compact 11.053ms
[58.947s][info][gc,heap        ] GC(251) PSYoungGen: 101887K(286208K)->101887K(286208K) Eden: 101887K(101888K)->101887K(101888K) From: 0K(184320K)->0K(184320K)
[58.947s][info][gc,heap        ] GC(251) ParOldGen: 4641914K(4642304K)->4641914K(4642304K)
[58.947s][info][gc,metaspace   ] GC(251) Metaspace: 6302K(6464K)->6302K(6464K) NonClass: 5769K(5824K)->5769K(5824K) Class: 533K(640K)->533K(640K)
[58.947s][info][gc             ] GC(251) Pause Full (Ergonomics) 4632M->4632M(4813M) 1433.543ms
[58.947s][info][gc,cpu         ] GC(251) User=10.92s Sys=0.00s Real=1.43s
[58.947s][info][gc,start       ] GC(252) Pause Full (Ergonomics)
[58.948s][info][gc,phases,start] GC(252) Marking Phase
[60.017s][info][gc,phases      ] GC(252) Marking Phase 1069.069ms
[60.017s][info][gc,phases,start] GC(252) Summary Phase
[60.017s][info][gc,phases      ] GC(252) Summary Phase 0.060ms
[60.017s][info][gc,phases,start] GC(252) Adjust Roots
[60.017s][info][gc,phases      ] GC(252) Adjust Roots 0.193ms
[60.017s][info][gc,phases,start] GC(252) Compaction Phase
[60.356s][info][gc,phases      ] GC(252) Compaction Phase 339.476ms
[60.356s][info][gc,phases,start] GC(252) Post Compact
[60.364s][info][gc,phases      ] GC(252) Post Compact 7.385ms
[60.364s][info][gc,heap        ] GC(252) PSYoungGen: 101887K(286208K)->101887K(286208K) Eden: 101887K(101888K)->101887K(101888K) From: 0K(184320K)->0K(184320K)
[60.364s][info][gc,heap        ] GC(252) ParOldGen: 4641918K(4642304K)->4641918K(4642304K)
[60.364s][info][gc,metaspace   ] GC(252) Metaspace: 6302K(6464K)->6302K(6464K) NonClass: 5769K(5824K)->5769K(5824K) Class: 533K(640K)->533K(640K)
[60.364s][info][gc             ] GC(252) Pause Full (Ergonomics) 4632M->4632M(4813M) 1416.608ms
[60.364s][info][gc,cpu         ] GC(252) User=10.66s Sys=0.00s Real=1.42s
[60.364s][info][gc,start       ] GC(253) Pause Full (Ergonomics)
[60.364s][info][gc,phases,start] GC(253) Marking Phase
[61.440s][info][gc,phases      ] GC(253) Marking Phase 1075.799ms
[61.440s][info][gc,phases,start] GC(253) Summary Phase
[61.440s][info][gc,phases      ] GC(253) Summary Phase 0.054ms
[61.440s][info][gc,phases,start] GC(253) Adjust Roots
[61.440s][info][gc,phases      ] GC(253) Adjust Roots 0.190ms
[61.440s][info][gc,phases,start] GC(253) Compaction Phase
[61.760s][info][gc,phases      ] GC(253) Compaction Phase 319.224ms
[61.760s][info][gc,phases,start] GC(253) Post Compact
[61.766s][info][gc,phases      ] GC(253) Post Compact 6.651ms
[61.766s][info][gc,heap        ] GC(253) PSYoungGen: 101887K(286208K)->101887K(286208K) Eden: 101887K(101888K)->101887K(101888K) From: 0K(184320K)->0K(184320K)
[61.766s][info][gc,heap        ] GC(253) ParOldGen: 4641923K(4642304K)->4641923K(4642304K)
[61.766s][info][gc,metaspace   ] GC(253) Metaspace: 6302K(6464K)->6302K(6464K) NonClass: 5769K(5824K)->5769K(5824K) Class: 533K(640K)->533K(640K)
[61.767s][info][gc             ] GC(253) Pause Full (Ergonomics) 4632M->4632M(4813M) 1402.222ms
[61.767s][info][gc,cpu         ] GC(253) User=10.78s Sys=0.00s Real=1.40s
[61.767s][info][gc,start       ] GC(254) Pause Full (Ergonomics)
[61.767s][info][gc,phases,start] GC(254) Marking Phase
[62.874s][info][gc,phases      ] GC(254) Marking Phase 1107.456ms
[62.874s][info][gc,phases,start] GC(254) Summary Phase
[62.874s][info][gc,phases      ] GC(254) Summary Phase 0.051ms
[62.874s][info][gc,phases,start] GC(254) Adjust Roots
[62.874s][info][gc,phases      ] GC(254) Adjust Roots 0.170ms
[62.875s][info][gc,phases,start] GC(254) Compaction Phase
[63.199s][info][gc,phases      ] GC(254) Compaction Phase 324.817ms
[63.199s][info][gc,phases,start] GC(254) Post Compact
[63.206s][info][gc,phases      ] GC(254) Post Compact 6.277ms
[63.206s][info][gc,heap        ] GC(254) PSYoungGen: 101887K(286208K)->101887K(286208K) Eden: 101887K(101888K)->101887K(101888K) From: 0K(184320K)->0K(184320K)
[63.206s][info][gc,heap        ] GC(254) ParOldGen: 4641928K(4642304K)->4641928K(4642304K)
[63.206s][info][gc,metaspace   ] GC(254) Metaspace: 6302K(6464K)->6302K(6464K) NonClass: 5769K(5824K)->5769K(5824K) Class: 533K(640K)->533K(640K)
[63.206s][info][gc             ] GC(254) Pause Full (Ergonomics) 4632M->4632M(4813M) 1439.086ms
[63.206s][info][gc,cpu         ] GC(254) User=11.05s Sys=0.00s Real=1.44s
[63.206s][info][gc,start       ] GC(255) Pause Full (Ergonomics)
[63.206s][info][gc,phases,start] GC(255) Marking Phase
[64.298s][info][gc,phases      ] GC(255) Marking Phase 1091.965ms
[64.298s][info][gc,phases,start] GC(255) Summary Phase
[64.298s][info][gc,phases      ] GC(255) Summary Phase 0.053ms
[64.298s][info][gc,phases,start] GC(255) Adjust Roots
[64.298s][info][gc,phases      ] GC(255) Adjust Roots 0.211ms
[64.298s][info][gc,phases,start] GC(255) Compaction Phase
[64.654s][info][gc,phases      ] GC(255) Compaction Phase 355.470ms
[64.654s][info][gc,phases,start] GC(255) Post Compact
[64.661s][info][gc,phases      ] GC(255) Post Compact 6.949ms
[64.661s][info][gc,heap        ] GC(255) PSYoungGen: 101887K(286208K)->101887K(286208K) Eden: 101887K(101888K)->101887K(101888K) From: 0K(184320K)->0K(184320K)
[64.661s][info][gc,heap        ] GC(255) ParOldGen: 4641933K(4642304K)->4641933K(4642304K)
[64.661s][info][gc,metaspace   ] GC(255) Metaspace: 6302K(6464K)->6302K(6464K) NonClass: 5769K(5824K)->5769K(5824K) Class: 533K(640K)->533K(640K)
[64.661s][info][gc             ] GC(255) Pause Full (Ergonomics) 4632M->4632M(4813M) 1454.964ms
[64.661s][info][gc,cpu         ] GC(255) User=10.95s Sys=0.00s Real=1.46s
[64.661s][info][gc,start       ] GC(256) Pause Full (Ergonomics)
[64.661s][info][gc,phases,start] GC(256) Marking Phase
[65.747s][info][gc,phases      ] GC(256) Marking Phase 1085.874ms
[65.747s][info][gc,phases,start] GC(256) Summary Phase
[65.747s][info][gc,phases      ] GC(256) Summary Phase 0.057ms
[65.747s][info][gc,phases,start] GC(256) Adjust Roots
[65.747s][info][gc,phases      ] GC(256) Adjust Roots 0.180ms
[65.747s][info][gc,phases,start] GC(256) Compaction Phase
[66.076s][info][gc,phases      ] GC(256) Compaction Phase 328.582ms
[66.076s][info][gc,phases,start] GC(256) Post Compact
[66.083s][info][gc,phases      ] GC(256) Post Compact 6.681ms
[66.083s][info][gc,heap        ] GC(256) PSYoungGen: 101887K(286208K)->101887K(286208K) Eden: 101887K(101888K)->101887K(101888K) From: 0K(184320K)->0K(184320K)
[66.083s][info][gc,heap        ] GC(256) ParOldGen: 4641938K(4642304K)->4641938K(4642304K)
[66.083s][info][gc,metaspace   ] GC(256) Metaspace: 6302K(6464K)->6302K(6464K) NonClass: 5769K(5824K)->5769K(5824K) Class: 533K(640K)->533K(640K)
[66.083s][info][gc             ] GC(256) Pause Full (Ergonomics) 4632M->4632M(4813M) 1421.687ms
[66.083s][info][gc,cpu         ] GC(256) User=10.94s Sys=0.00s Real=1.42s
[66.083s][info][gc,start       ] GC(257) Pause Full (Ergonomics)
[66.083s][info][gc,phases,start] GC(257) Marking Phase
[67.176s][info][gc,phases      ] GC(257) Marking Phase 1092.425ms
[67.176s][info][gc,phases,start] GC(257) Summary Phase
[67.176s][info][gc,phases      ] GC(257) Summary Phase 0.074ms
[67.176s][info][gc,phases,start] GC(257) Adjust Roots
[67.176s][info][gc,phases      ] GC(257) Adjust Roots 0.176ms
[67.176s][info][gc,phases,start] GC(257) Compaction Phase
[67.498s][info][gc,phases      ] GC(257) Compaction Phase 321.778ms
[67.498s][info][gc,phases,start] GC(257) Post Compact
[67.506s][info][gc,phases      ] GC(257) Post Compact 7.937ms
[67.506s][info][gc,heap        ] GC(257) PSYoungGen: 101887K(286208K)->101887K(286208K) Eden: 101887K(101888K)->101887K(101888K) From: 0K(184320K)->0K(184320K)
[67.506s][info][gc,heap        ] GC(257) ParOldGen: 4641943K(4642304K)->4641943K(4642304K)
[67.506s][info][gc,metaspace   ] GC(257) Metaspace: 6302K(6464K)->6302K(6464K) NonClass: 5769K(5824K)->5769K(5824K) Class: 533K(640K)->533K(640K)
[67.506s][info][gc             ] GC(257) Pause Full (Ergonomics) 4632M->4632M(4813M) 1422.755ms
[67.506s][info][gc,cpu         ] GC(257) User=11.08s Sys=0.00s Real=1.42s
[67.506s][info][gc,start       ] GC(258) Pause Full (Ergonomics)
[67.506s][info][gc,phases,start] GC(258) Marking Phase
[68.624s][info][gc,phases      ] GC(258) Marking Phase 1117.617ms
[68.624s][info][gc,phases,start] GC(258) Summary Phase
[68.624s][info][gc,phases      ] GC(258) Summary Phase 0.052ms
[68.624s][info][gc,phases,start] GC(258) Adjust Roots
[68.624s][info][gc,phases      ] GC(258) Adjust Roots 0.166ms
[68.624s][info][gc,phases,start] GC(258) Compaction Phase
[68.986s][info][gc,phases      ] GC(258) Compaction Phase 362.121ms
[68.986s][info][gc,phases,start] GC(258) Post Compact
[68.993s][info][gc,phases      ] GC(258) Post Compact 6.854ms
[68.993s][info][gc,heap        ] GC(258) PSYoungGen: 101887K(286208K)->101887K(286208K) Eden: 101887K(101888K)->101887K(101888K) From: 0K(184320K)->0K(184320K)
[68.993s][info][gc,heap        ] GC(258) ParOldGen: 4641947K(4642304K)->4641947K(4642304K)
[68.993s][info][gc,metaspace   ] GC(258) Metaspace: 6302K(6464K)->6302K(6464K) NonClass: 5769K(5824K)->5769K(5824K) Class: 533K(640K)->533K(640K)
[68.993s][info][gc             ] GC(258) Pause Full (Ergonomics) 4632M->4632M(4813M) 1487.124ms
[68.993s][info][gc,cpu         ] GC(258) User=11.11s Sys=0.00s Real=1.49s
[68.993s][info][gc,start       ] GC(259) Pause Full (Ergonomics)
[68.993s][info][gc,phases,start] GC(259) Marking Phase
[70.074s][info][gc,phases      ] GC(259) Marking Phase 1080.272ms
[70.074s][info][gc,phases,start] GC(259) Summary Phase
[70.074s][info][gc,phases      ] GC(259) Summary Phase 0.052ms
[70.074s][info][gc,phases,start] GC(259) Adjust Roots
[70.074s][info][gc,phases      ] GC(259) Adjust Roots 0.196ms
[70.074s][info][gc,phases,start] GC(259) Compaction Phase
[70.414s][info][gc,phases      ] GC(259) Compaction Phase 339.564ms
[70.414s][info][gc,phases,start] GC(259) Post Compact
[70.420s][info][gc,phases      ] GC(259) Post Compact 6.693ms
[70.420s][info][gc,heap        ] GC(259) PSYoungGen: 101887K(286208K)->101887K(286208K) Eden: 101887K(101888K)->101887K(101888K) From: 0K(184320K)->0K(184320K)
[70.420s][info][gc,heap        ] GC(259) ParOldGen: 4641952K(4642304K)->4641952K(4642304K)
[70.420s][info][gc,metaspace   ] GC(259) Metaspace: 6302K(6464K)->6302K(6464K) NonClass: 5769K(5824K)->5769K(5824K) Class: 533K(640K)->533K(640K)
[70.420s][info][gc             ] GC(259) Pause Full (Ergonomics) 4632M->4632M(4813M) 1427.090ms
[70.421s][info][gc,cpu         ] GC(259) User=11.02s Sys=0.00s Real=1.43s
[70.421s][info][gc,start       ] GC(260) Pause Full (Ergonomics)
[70.421s][info][gc,phases,start] GC(260) Marking Phase
[71.529s][info][gc,phases      ] GC(260) Marking Phase 1108.239ms
[71.529s][info][gc,phases,start] GC(260) Summary Phase
[71.529s][info][gc,phases      ] GC(260) Summary Phase 0.052ms
[71.529s][info][gc,phases,start] GC(260) Adjust Roots
[71.529s][info][gc,phases      ] GC(260) Adjust Roots 0.193ms
[71.529s][info][gc,phases,start] GC(260) Compaction Phase
[71.880s][info][gc,phases      ] GC(260) Compaction Phase 350.922ms
[71.880s][info][gc,phases,start] GC(260) Post Compact
[71.887s][info][gc,phases      ] GC(260) Post Compact 7.015ms
[71.887s][info][gc,heap        ] GC(260) PSYoungGen: 101887K(286208K)->101887K(286208K) Eden: 101887K(101888K)->101887K(101888K) From: 0K(184320K)->0K(184320K)
[71.887s][info][gc,heap        ] GC(260) ParOldGen: 4641957K(4642304K)->4641957K(4642304K)
[71.887s][info][gc,metaspace   ] GC(260) Metaspace: 6302K(6464K)->6302K(6464K) NonClass: 5769K(5824K)->5769K(5824K) Class: 533K(640K)->533K(640K)
[71.887s][info][gc             ] GC(260) Pause Full (Ergonomics) 4632M->4632M(4813M) 1466.715ms
[71.887s][info][gc,cpu         ] GC(260) User=11.05s Sys=0.00s Real=1.47s
[71.888s][info][gc,start       ] GC(261) Pause Full (Ergonomics)
[71.888s][info][gc,phases,start] GC(261) Marking Phase
[72.967s][info][gc,phases      ] GC(261) Marking Phase 1079.236ms
[72.967s][info][gc,phases,start] GC(261) Summary Phase
[72.967s][info][gc,phases      ] GC(261) Summary Phase 0.052ms
[72.967s][info][gc,phases,start] GC(261) Adjust Roots
[72.967s][info][gc,phases      ] GC(261) Adjust Roots 0.193ms
[72.967s][info][gc,phases,start] GC(261) Compaction Phase
[73.300s][info][gc,phases      ] GC(261) Compaction Phase 332.287ms
[73.300s][info][gc,phases,start] GC(261) Post Compact
[73.306s][info][gc,phases      ] GC(261) Post Compact 6.216ms
[73.306s][info][gc,heap        ] GC(261) PSYoungGen: 101887K(286208K)->101887K(286208K) Eden: 101887K(101888K)->101887K(101888K) From: 0K(184320K)->0K(184320K)
[73.306s][info][gc,heap        ] GC(261) ParOldGen: 4641962K(4642304K)->4641962K(4642304K)
[73.306s][info][gc,metaspace   ] GC(261) Metaspace: 6302K(6464K)->6302K(6464K) NonClass: 5769K(5824K)->5769K(5824K) Class: 533K(640K)->533K(640K)
[73.306s][info][gc             ] GC(261) Pause Full (Ergonomics) 4632M->4632M(4813M) 1418.332ms
[73.306s][info][gc,cpu         ] GC(261) User=10.83s Sys=0.00s Real=1.42s
[73.306s][info][gc,start       ] GC(262) Pause Full (Ergonomics)
[73.306s][info][gc,phases,start] GC(262) Marking Phase
[74.391s][info][gc,phases      ] GC(262) Marking Phase 1084.502ms
[74.391s][info][gc,phases,start] GC(262) Summary Phase
[74.391s][info][gc,phases      ] GC(262) Summary Phase 0.053ms
[74.391s][info][gc,phases,start] GC(262) Adjust Roots
[74.391s][info][gc,phases      ] GC(262) Adjust Roots 0.176ms
[74.391s][info][gc,phases,start] GC(262) Compaction Phase
[74.730s][info][gc,phases      ] GC(262) Compaction Phase 339.165ms
[74.730s][info][gc,phases,start] GC(262) Post Compact
[74.737s][info][gc,phases      ] GC(262) Post Compact 6.963ms
[74.737s][info][gc,heap        ] GC(262) PSYoungGen: 101887K(286208K)->101887K(286208K) Eden: 101887K(101888K)->101887K(101888K) From: 0K(184320K)->0K(184320K)
[74.737s][info][gc,heap        ] GC(262) ParOldGen: 4641967K(4642304K)->4641967K(4642304K)
[74.737s][info][gc,metaspace   ] GC(262) Metaspace: 6302K(6464K)->6302K(6464K) NonClass: 5769K(5824K)->5769K(5824K) Class: 533K(640K)->533K(640K)
[74.737s][info][gc             ] GC(262) Pause Full (Ergonomics) 4632M->4632M(4813M) 1431.177ms
[74.737s][info][gc,cpu         ] GC(262) User=10.88s Sys=0.06s Real=1.43s
[74.738s][info][gc,start       ] GC(263) Pause Full (Ergonomics)
[74.738s][info][gc,phases,start] GC(263) Marking Phase
[75.840s][info][gc,phases      ] GC(263) Marking Phase 1101.959ms
[75.840s][info][gc,phases,start] GC(263) Summary Phase
[75.840s][info][gc,phases      ] GC(263) Summary Phase 0.052ms
[75.840s][info][gc,phases,start] GC(263) Adjust Roots
[75.840s][info][gc,phases      ] GC(263) Adjust Roots 0.218ms
[75.840s][info][gc,phases,start] GC(263) Compaction Phase
[76.176s][info][gc,phases      ] GC(263) Compaction Phase 336.103ms
[76.176s][info][gc,phases,start] GC(263) Post Compact
[76.183s][info][gc,phases      ] GC(263) Post Compact 6.800ms
[76.183s][info][gc,heap        ] GC(263) PSYoungGen: 101887K(286208K)->101887K(286208K) Eden: 101887K(101888K)->101887K(101888K) From: 0K(184320K)->0K(184320K)
[76.183s][info][gc,heap        ] GC(263) ParOldGen: 4641972K(4642304K)->4641972K(4642304K)
[76.183s][info][gc,metaspace   ] GC(263) Metaspace: 6302K(6464K)->6302K(6464K) NonClass: 5769K(5824K)->5769K(5824K) Class: 533K(640K)->533K(640K)
[76.183s][info][gc             ] GC(263) Pause Full (Ergonomics) 4632M->4632M(4813M) 1445.463ms
[76.183s][info][gc,cpu         ] GC(263) User=11.12s Sys=0.00s Real=1.45s
[76.183s][info][gc,start       ] GC(264) Pause Full (Ergonomics)
[76.183s][info][gc,phases,start] GC(264) Marking Phase
[77.274s][info][gc,phases      ] GC(264) Marking Phase 1090.801ms
[77.274s][info][gc,phases,start] GC(264) Summary Phase
[77.274s][info][gc,phases      ] GC(264) Summary Phase 0.073ms
[77.274s][info][gc,phases,start] GC(264) Adjust Roots
[77.275s][info][gc,phases      ] GC(264) Adjust Roots 0.222ms
[77.275s][info][gc,phases,start] GC(264) Compaction Phase
[77.608s][info][gc,phases      ] GC(264) Compaction Phase 333.747ms
[77.608s][info][gc,phases,start] GC(264) Post Compact
[77.615s][info][gc,phases      ] GC(264) Post Compact 6.288ms
[77.615s][info][gc,heap        ] GC(264) PSYoungGen: 101887K(286208K)->101887K(286208K) Eden: 101887K(101888K)->101887K(101888K) From: 0K(184320K)->0K(184320K)
[77.615s][info][gc,heap        ] GC(264) ParOldGen: 4641976K(4642304K)->4641976K(4642304K)
[77.615s][info][gc,metaspace   ] GC(264) Metaspace: 6302K(6464K)->6302K(6464K) NonClass: 5769K(5824K)->5769K(5824K) Class: 533K(640K)->533K(640K)
[77.615s][info][gc             ] GC(264) Pause Full (Ergonomics) 4632M->4632M(4813M) 1431.486ms
[77.615s][info][gc,cpu         ] GC(264) User=11.16s Sys=0.00s Real=1.43s
[77.615s][info][gc,start       ] GC(265) Pause Full (Ergonomics)
[77.615s][info][gc,phases,start] GC(265) Marking Phase
[78.716s][info][gc,phases      ] GC(265) Marking Phase 1100.992ms
[78.716s][info][gc,phases,start] GC(265) Summary Phase
[78.716s][info][gc,phases      ] GC(265) Summary Phase 0.058ms
[78.716s][info][gc,phases,start] GC(265) Adjust Roots
[78.716s][info][gc,phases      ] GC(265) Adjust Roots 0.172ms
[78.716s][info][gc,phases,start] GC(265) Compaction Phase
[79.050s][info][gc,phases      ] GC(265) Compaction Phase 333.354ms
[79.050s][info][gc,phases,start] GC(265) Post Compact
[79.056s][info][gc,phases      ] GC(265) Post Compact 6.087ms
[79.056s][info][gc,heap        ] GC(265) PSYoungGen: 101887K(286208K)->101887K(286208K) Eden: 101887K(101888K)->101887K(101888K) From: 0K(184320K)->0K(184320K)
[79.056s][info][gc,heap        ] GC(265) ParOldGen: 4641981K(4642304K)->4641981K(4642304K)
[79.056s][info][gc,metaspace   ] GC(265) Metaspace: 6302K(6464K)->6302K(6464K) NonClass: 5769K(5824K)->5769K(5824K) Class: 533K(640K)->533K(640K)
[79.056s][info][gc             ] GC(265) Pause Full (Ergonomics) 4632M->4632M(4813M) 1440.968ms
[79.056s][info][gc,cpu         ] GC(265) User=11.09s Sys=0.00s Real=1.44s
[79.056s][info][gc,start       ] GC(266) Pause Full (Ergonomics)
[79.056s][info][gc,phases,start] GC(266) Marking Phase
[80.164s][info][gc,phases      ] GC(266) Marking Phase 1107.791ms
[80.164s][info][gc,phases,start] GC(266) Summary Phase
[80.164s][info][gc,phases      ] GC(266) Summary Phase 0.053ms
[80.164s][info][gc,phases,start] GC(266) Adjust Roots
[80.164s][info][gc,phases      ] GC(266) Adjust Roots 0.166ms
[80.164s][info][gc,phases,start] GC(266) Compaction Phase
[80.491s][info][gc,phases      ] GC(266) Compaction Phase 326.549ms
[80.491s][info][gc,phases,start] GC(266) Post Compact
[80.498s][info][gc,phases      ] GC(266) Post Compact 7.051ms
[80.498s][info][gc,heap        ] GC(266) PSYoungGen: 101887K(286208K)->101887K(286208K) Eden: 101887K(101888K)->101887K(101888K) From: 0K(184320K)->0K(184320K)
[80.498s][info][gc,heap        ] GC(266) ParOldGen: 4641986K(4642304K)->4641986K(4642304K)
[80.498s][info][gc,metaspace   ] GC(266) Metaspace: 6302K(6464K)->6302K(6464K) NonClass: 5769K(5824K)->5769K(5824K) Class: 533K(640K)->533K(640K)
[80.498s][info][gc             ] GC(266) Pause Full (Ergonomics) 4632M->4632M(4813M) 1441.956ms
[80.498s][info][gc,cpu         ] GC(266) User=11.25s Sys=0.00s Real=1.44s
[80.498s][info][gc,start       ] GC(267) Pause Full (Ergonomics)
[80.498s][info][gc,phases,start] GC(267) Marking Phase
[81.620s][info][gc,phases      ] GC(267) Marking Phase 1121.125ms
[81.620s][info][gc,phases,start] GC(267) Summary Phase
[81.620s][info][gc,phases      ] GC(267) Summary Phase 0.052ms
[81.620s][info][gc,phases,start] GC(267) Adjust Roots
[81.620s][info][gc,phases      ] GC(267) Adjust Roots 0.169ms
[81.620s][info][gc,phases,start] GC(267) Compaction Phase
[81.987s][info][gc,phases      ] GC(267) Compaction Phase 367.533ms
[81.987s][info][gc,phases,start] GC(267) Post Compact
[81.995s][info][gc,phases      ] GC(267) Post Compact 7.128ms
[81.995s][info][gc,heap        ] GC(267) PSYoungGen: 101887K(286208K)->101887K(286208K) Eden: 101887K(101888K)->101887K(101888K) From: 0K(184320K)->0K(184320K)
[81.995s][info][gc,heap        ] GC(267) ParOldGen: 4641991K(4642304K)->4641991K(4642304K)
[81.995s][info][gc,metaspace   ] GC(267) Metaspace: 6302K(6464K)->6302K(6464K) NonClass: 5769K(5824K)->5769K(5824K) Class: 533K(640K)->533K(640K)
[81.995s][info][gc             ] GC(267) Pause Full (Ergonomics) 4632M->4632M(4813M) 1496.299ms
[81.995s][info][gc,cpu         ] GC(267) User=11.20s Sys=0.00s Real=1.50s
[81.995s][info][gc,start       ] GC(268) Pause Full (Ergonomics)
[81.995s][info][gc,phases,start] GC(268) Marking Phase
[83.104s][info][gc,phases      ] GC(268) Marking Phase 1109.287ms
[83.104s][info][gc,phases,start] GC(268) Summary Phase
[83.104s][info][gc,phases      ] GC(268) Summary Phase 0.052ms
[83.104s][info][gc,phases,start] GC(268) Adjust Roots
[83.104s][info][gc,phases      ] GC(268) Adjust Roots 0.169ms
[83.105s][info][gc,phases,start] GC(268) Compaction Phase
[83.442s][info][gc,phases      ] GC(268) Compaction Phase 337.069ms
[83.442s][info][gc,phases,start] GC(268) Post Compact
[83.449s][info][gc,phases      ] GC(268) Post Compact 6.852ms
[83.449s][info][gc,heap        ] GC(268) PSYoungGen: 101887K(286208K)->101887K(286208K) Eden: 101887K(101888K)->101887K(101888K) From: 0K(184320K)->0K(184320K)
[83.449s][info][gc,heap        ] GC(268) ParOldGen: 4641996K(4642304K)->4641996K(4642304K)
[83.449s][info][gc,metaspace   ] GC(268) Metaspace: 6302K(6464K)->6302K(6464K) NonClass: 5769K(5824K)->5769K(5824K) Class: 533K(640K)->533K(640K)
[83.449s][info][gc             ] GC(268) Pause Full (Ergonomics) 4632M->4632M(4813M) 1453.750ms
[83.449s][info][gc,cpu         ] GC(268) User=11.34s Sys=0.00s Real=1.45s
[83.449s][info][gc,start       ] GC(269) Pause Full (Ergonomics)
[83.449s][info][gc,phases,start] GC(269) Marking Phase
[84.561s][info][gc,phases      ] GC(269) Marking Phase 1111.680ms
[84.561s][info][gc,phases,start] GC(269) Summary Phase
[84.561s][info][gc,phases      ] GC(269) Summary Phase 0.052ms
[84.561s][info][gc,phases,start] GC(269) Adjust Roots
[84.561s][info][gc,phases      ] GC(269) Adjust Roots 0.169ms
[84.561s][info][gc,phases,start] GC(269) Compaction Phase
[84.911s][info][gc,phases      ] GC(269) Compaction Phase 350.206ms
[84.911s][info][gc,phases,start] GC(269) Post Compact
[84.918s][info][gc,phases      ] GC(269) Post Compact 7.101ms
[84.918s][info][gc,heap        ] GC(269) PSYoungGen: 101887K(286208K)->101887K(286208K) Eden: 101887K(101888K)->101887K(101888K) From: 0K(184320K)->0K(184320K)
[84.918s][info][gc,heap        ] GC(269) ParOldGen: 4642001K(4642304K)->4642001K(4642304K)
[84.918s][info][gc,metaspace   ] GC(269) Metaspace: 6302K(6464K)->6302K(6464K) NonClass: 5769K(5824K)->5769K(5824K) Class: 533K(640K)->533K(640K)
[84.918s][info][gc             ] GC(269) Pause Full (Ergonomics) 4632M->4632M(4813M) 1469.511ms
[84.918s][info][gc,cpu         ] GC(269) User=11.27s Sys=0.00s Real=1.47s
[84.919s][info][gc,start       ] GC(270) Pause Full (Ergonomics)
[84.919s][info][gc,phases,start] GC(270) Marking Phase
[86.025s][info][gc,phases      ] GC(270) Marking Phase 1106.454ms
[86.025s][info][gc,phases,start] GC(270) Summary Phase
[86.025s][info][gc,phases      ] GC(270) Summary Phase 0.051ms
[86.025s][info][gc,phases,start] GC(270) Adjust Roots
[86.025s][info][gc,phases      ] GC(270) Adjust Roots 0.219ms
[86.025s][info][gc,phases,start] GC(270) Compaction Phase
[86.403s][info][gc,phases      ] GC(270) Compaction Phase 377.774ms
[86.403s][info][gc,phases,start] GC(270) Post Compact
[86.410s][info][gc,phases      ] GC(270) Post Compact 7.004ms
[86.410s][info][gc,heap        ] GC(270) PSYoungGen: 101887K(286208K)->101887K(286208K) Eden: 101887K(101888K)->101887K(101888K) From: 0K(184320K)->0K(184320K)
[86.410s][info][gc,heap        ] GC(270) ParOldGen: 4642005K(4642304K)->4642005K(4642304K)
[86.410s][info][gc,metaspace   ] GC(270) Metaspace: 6302K(6464K)->6302K(6464K) NonClass: 5769K(5824K)->5769K(5824K) Class: 533K(640K)->533K(640K)
[86.410s][info][gc             ] GC(270) Pause Full (Ergonomics) 4632M->4632M(4813M) 1491.794ms
[86.410s][info][gc,cpu         ] GC(270) User=11.19s Sys=0.02s Real=1.49s
[86.411s][info][gc,start       ] GC(271) Pause Full (Ergonomics)
[86.411s][info][gc,phases,start] GC(271) Marking Phase
[87.522s][info][gc,phases      ] GC(271) Marking Phase 1111.135ms
[87.522s][info][gc,phases,start] GC(271) Summary Phase
[87.522s][info][gc,phases      ] GC(271) Summary Phase 0.052ms
[87.522s][info][gc,phases,start] GC(271) Adjust Roots
[87.522s][info][gc,phases      ] GC(271) Adjust Roots 0.170ms
[87.522s][info][gc,phases,start] GC(271) Compaction Phase
[87.851s][info][gc,phases      ] GC(271) Compaction Phase 328.597ms
[87.851s][info][gc,phases,start] GC(271) Post Compact
[87.858s][info][gc,phases      ] GC(271) Post Compact 6.748ms
[87.858s][info][gc,heap        ] GC(271) PSYoungGen: 101887K(286208K)->101887K(286208K) Eden: 101887K(101888K)->101887K(101888K) From: 0K(184320K)->0K(184320K)
[87.858s][info][gc,heap        ] GC(271) ParOldGen: 4642010K(4642304K)->4642010K(4642304K)
[87.858s][info][gc,metaspace   ] GC(271) Metaspace: 6302K(6464K)->6302K(6464K) NonClass: 5769K(5824K)->5769K(5824K) Class: 533K(640K)->533K(640K)
[87.858s][info][gc             ] GC(271) Pause Full (Ergonomics) 4632M->4632M(4813M) 1447.045ms
[87.858s][info][gc,cpu         ] GC(271) User=11.25s Sys=0.00s Real=1.45s
[87.858s][info][gc,start       ] GC(272) Pause Full (Ergonomics)
[87.858s][info][gc,phases,start] GC(272) Marking Phase
[88.983s][info][gc,phases      ] GC(272) Marking Phase 1125.019ms
[88.983s][info][gc,phases,start] GC(272) Summary Phase
[88.983s][info][gc,phases      ] GC(272) Summary Phase 0.052ms
[88.983s][info][gc,phases,start] GC(272) Adjust Roots
[88.983s][info][gc,phases      ] GC(272) Adjust Roots 0.166ms
[88.983s][info][gc,phases,start] GC(272) Compaction Phase
[89.350s][info][gc,phases      ] GC(272) Compaction Phase 366.766ms
[89.350s][info][gc,phases,start] GC(272) Post Compact
[89.357s][info][gc,phases      ] GC(272) Post Compact 6.926ms
[89.357s][info][gc,heap        ] GC(272) PSYoungGen: 101887K(286208K)->101887K(286208K) Eden: 101887K(101888K)->101887K(101888K) From: 0K(184320K)->0K(184320K)
[89.357s][info][gc,heap        ] GC(272) ParOldGen: 4642015K(4642304K)->4642015K(4642304K)
[89.357s][info][gc,metaspace   ] GC(272) Metaspace: 6302K(6464K)->6302K(6464K) NonClass: 5769K(5824K)->5769K(5824K) Class: 533K(640K)->533K(640K)
[89.357s][info][gc             ] GC(272) Pause Full (Ergonomics) 4632M->4632M(4813M) 1499.253ms
[89.357s][info][gc,cpu         ] GC(272) User=11.22s Sys=0.00s Real=1.50s
[89.357s][info][gc,start       ] GC(273) Pause Full (Ergonomics)
[89.357s][info][gc,phases,start] GC(273) Marking Phase
[90.469s][info][gc,phases      ] GC(273) Marking Phase 1111.681ms
[90.469s][info][gc,phases,start] GC(273) Summary Phase
[90.469s][info][gc,phases      ] GC(273) Summary Phase 0.072ms
[90.469s][info][gc,phases,start] GC(273) Adjust Roots
[90.469s][info][gc,phases      ] GC(273) Adjust Roots 0.263ms
[90.470s][info][gc,phases,start] GC(273) Compaction Phase
[90.806s][info][gc,phases      ] GC(273) Compaction Phase 336.705ms
[90.806s][info][gc,phases,start] GC(273) Post Compact
[90.813s][info][gc,phases      ] GC(273) Post Compact 6.405ms
[90.813s][info][gc,heap        ] GC(273) PSYoungGen: 101887K(286208K)->101887K(286208K) Eden: 101887K(101888K)->101887K(101888K) From: 0K(184320K)->0K(184320K)
[90.813s][info][gc,heap        ] GC(273) ParOldGen: 4642020K(4642304K)->4642020K(4642304K)
[90.813s][info][gc,metaspace   ] GC(273) Metaspace: 6302K(6464K)->6302K(6464K) NonClass: 5769K(5824K)->5769K(5824K) Class: 533K(640K)->533K(640K)
[90.813s][info][gc             ] GC(273) Pause Full (Ergonomics) 4632M->4632M(4813M) 1455.460ms
[90.813s][info][gc,cpu         ] GC(273) User=11.09s Sys=0.00s Real=1.46s
[90.813s][info][gc,start       ] GC(274) Pause Full (Ergonomics)
[90.813s][info][gc,phases,start] GC(274) Marking Phase
[91.920s][info][gc,phases      ] GC(274) Marking Phase 1106.879ms
[91.920s][info][gc,phases,start] GC(274) Summary Phase
[91.920s][info][gc,phases      ] GC(274) Summary Phase 0.074ms
[91.920s][info][gc,phases,start] GC(274) Adjust Roots
[91.920s][info][gc,phases      ] GC(274) Adjust Roots 0.218ms
[91.920s][info][gc,phases,start] GC(274) Compaction Phase
[92.261s][info][gc,phases      ] GC(274) Compaction Phase 340.593ms
[92.261s][info][gc,phases,start] GC(274) Post Compact
[92.267s][info][gc,phases      ] GC(274) Post Compact 6.223ms
[92.267s][info][gc,heap        ] GC(274) PSYoungGen: 101887K(286208K)->101887K(286208K) Eden: 101887K(101888K)->101887K(101888K) From: 0K(184320K)->0K(184320K)
[92.267s][info][gc,heap        ] GC(274) ParOldGen: 4642025K(4642304K)->4642025K(4642304K)
[92.267s][info][gc,metaspace   ] GC(274) Metaspace: 6302K(6464K)->6302K(6464K) NonClass: 5769K(5824K)->5769K(5824K) Class: 533K(640K)->533K(640K)
[92.267s][info][gc             ] GC(274) Pause Full (Ergonomics) 4632M->4632M(4813M) 1454.321ms
[92.267s][info][gc,cpu         ] GC(274) User=11.08s Sys=0.00s Real=1.45s
[92.268s][info][gc,start       ] GC(275) Pause Full (Ergonomics)
[92.268s][info][gc,phases,start] GC(275) Marking Phase
[93.385s][info][gc,phases      ] GC(275) Marking Phase 1117.019ms
[93.385s][info][gc,phases,start] GC(275) Summary Phase
[93.385s][info][gc,phases      ] GC(275) Summary Phase 0.102ms
[93.385s][info][gc,phases,start] GC(275) Adjust Roots
[93.385s][info][gc,phases      ] GC(275) Adjust Roots 0.345ms
[93.385s][info][gc,phases,start] GC(275) Compaction Phase
[93.720s][info][gc,phases      ] GC(275) Compaction Phase 334.245ms
[93.720s][info][gc,phases,start] GC(275) Post Compact
[93.728s][info][gc,phases      ] GC(275) Post Compact 8.861ms
[93.729s][info][gc,heap        ] GC(275) PSYoungGen: 101887K(286208K)->101887K(286208K) Eden: 101887K(101888K)->101887K(101888K) From: 0K(184320K)->0K(184320K)
[93.729s][info][gc,heap        ] GC(275) ParOldGen: 4642030K(4642304K)->4642030K(4642304K)
[93.729s][info][gc,metaspace   ] GC(275) Metaspace: 6302K(6464K)->6302K(6464K) NonClass: 5769K(5824K)->5769K(5824K) Class: 533K(640K)->533K(640K)
[93.729s][info][gc             ] GC(275) Pause Full (Ergonomics) 4632M->4632M(4813M) 1461.114ms
[93.729s][info][gc,cpu         ] GC(275) User=11.17s Sys=0.00s Real=1.46s
[93.729s][info][gc,start       ] GC(276) Pause Full (Ergonomics)
[93.729s][info][gc,phases,start] GC(276) Marking Phase
[94.869s][info][gc,phases      ] GC(276) Marking Phase 1139.993ms
[94.869s][info][gc,phases,start] GC(276) Summary Phase
[94.869s][info][gc,phases      ] GC(276) Summary Phase 0.075ms
[94.869s][info][gc,phases,start] GC(276) Adjust Roots
[94.869s][info][gc,phases      ] GC(276) Adjust Roots 0.296ms
[94.870s][info][gc,phases,start] GC(276) Compaction Phase
[95.231s][info][gc,phases      ] GC(276) Compaction Phase 361.433ms
[95.231s][info][gc,phases,start] GC(276) Post Compact
[95.238s][info][gc,phases      ] GC(276) Post Compact 7.180ms
[95.238s][info][gc,heap        ] GC(276) PSYoungGen: 101887K(286208K)->101887K(286208K) Eden: 101887K(101888K)->101887K(101888K) From: 0K(184320K)->0K(184320K)
[95.238s][info][gc,heap        ] GC(276) ParOldGen: 4642034K(4642304K)->4642034K(4642304K)
[95.238s][info][gc,metaspace   ] GC(276) Metaspace: 6302K(6464K)->6302K(6464K) NonClass: 5769K(5824K)->5769K(5824K) Class: 533K(640K)->533K(640K)
[95.238s][info][gc             ] GC(276) Pause Full (Ergonomics) 4632M->4632M(4813M) 1509.476ms
[95.238s][info][gc,cpu         ] GC(276) User=11.52s Sys=0.00s Real=1.51s
[95.239s][info][gc,start       ] GC(277) Pause Full (Ergonomics)
[95.239s][info][gc,phases,start] GC(277) Marking Phase
[96.335s][info][gc,phases      ] GC(277) Marking Phase 1096.421ms
[96.335s][info][gc,phases,start] GC(277) Summary Phase
[96.335s][info][gc,phases      ] GC(277) Summary Phase 0.080ms
[96.335s][info][gc,phases,start] GC(277) Adjust Roots
[96.336s][info][gc,phases      ] GC(277) Adjust Roots 0.307ms
[96.336s][info][gc,phases,start] GC(277) Compaction Phase
[96.668s][info][gc,phases      ] GC(277) Compaction Phase 332.799ms
[96.669s][info][gc,phases,start] GC(277) Post Compact
[96.677s][info][gc,phases      ] GC(277) Post Compact 8.641ms
[96.677s][info][gc,heap        ] GC(277) PSYoungGen: 101887K(286208K)->101887K(286208K) Eden: 101887K(101888K)->101887K(101888K) From: 0K(184320K)->0K(184320K)
[96.677s][info][gc,heap        ] GC(277) ParOldGen: 4642039K(4642304K)->4642039K(4642304K)
[96.677s][info][gc,metaspace   ] GC(277) Metaspace: 6302K(6464K)->6302K(6464K) NonClass: 5769K(5824K)->5769K(5824K) Class: 533K(640K)->533K(640K)
[96.677s][info][gc             ] GC(277) Pause Full (Ergonomics) 4632M->4632M(4813M) 1438.691ms
[96.677s][info][gc,cpu         ] GC(277) User=11.17s Sys=0.00s Real=1.44s
[96.678s][info][gc,start       ] GC(278) Pause Full (Ergonomics)
[96.678s][info][gc,phases,start] GC(278) Marking Phase
[97.779s][info][gc,phases      ] GC(278) Marking Phase 1101.306ms
[97.779s][info][gc,phases,start] GC(278) Summary Phase
[97.779s][info][gc,phases      ] GC(278) Summary Phase 0.087ms
[97.779s][info][gc,phases,start] GC(278) Adjust Roots
[97.780s][info][gc,phases      ] GC(278) Adjust Roots 0.288ms
[97.780s][info][gc,phases,start] GC(278) Compaction Phase
[98.171s][info][gc,phases      ] GC(278) Compaction Phase 391.155ms
[98.171s][info][gc,phases,start] GC(278) Post Compact
[98.178s][info][gc,phases      ] GC(278) Post Compact 7.324ms
[98.178s][info][gc,heap        ] GC(278) PSYoungGen: 101887K(286208K)->101887K(286208K) Eden: 101887K(101888K)->101887K(101888K) From: 0K(184320K)->0K(184320K)
[98.178s][info][gc,heap        ] GC(278) ParOldGen: 4642044K(4642304K)->4642044K(4642304K)
[98.178s][info][gc,metaspace   ] GC(278) Metaspace: 6302K(6464K)->6302K(6464K) NonClass: 5769K(5824K)->5769K(5824K) Class: 533K(640K)->533K(640K)
[98.178s][info][gc             ] GC(278) Pause Full (Ergonomics) 4632M->4632M(4813M) 1500.590ms
[98.178s][info][gc,cpu         ] GC(278) User=11.34s Sys=0.00s Real=1.50s
[98.179s][info][gc,start       ] GC(279) Pause Full (Ergonomics)
[98.179s][info][gc,phases,start] GC(279) Marking Phase
[99.286s][info][gc,phases      ] GC(279) Marking Phase 1107.261ms
[99.286s][info][gc,phases,start] GC(279) Summary Phase
[99.286s][info][gc,phases      ] GC(279) Summary Phase 0.062ms
[99.286s][info][gc,phases,start] GC(279) Adjust Roots
[99.286s][info][gc,phases      ] GC(279) Adjust Roots 0.295ms
[99.286s][info][gc,phases,start] GC(279) Compaction Phase
[99.684s][info][gc,phases      ] GC(279) Compaction Phase 398.120ms
[99.684s][info][gc,phases,start] GC(279) Post Compact
[99.691s][info][gc,phases      ] GC(279) Post Compact 6.800ms
[99.691s][info][gc,heap        ] GC(279) PSYoungGen: 101887K(286208K)->101887K(286208K) Eden: 101887K(101888K)->101887K(101888K) From: 0K(184320K)->0K(184320K)
[99.691s][info][gc,heap        ] GC(279) ParOldGen: 4642049K(4642304K)->4642049K(4642304K)
[99.691s][info][gc,metaspace   ] GC(279) Metaspace: 6302K(6464K)->6302K(6464K) NonClass: 5769K(5824K)->5769K(5824K) Class: 533K(640K)->533K(640K)
[99.691s][info][gc             ] GC(279) Pause Full (Ergonomics) 4632M->4632M(4813M) 1512.844ms
[99.691s][info][gc,cpu         ] GC(279) User=11.14s Sys=0.00s Real=1.51s
[99.692s][info][gc,start       ] GC(280) Pause Full (Ergonomics)
[99.692s][info][gc,phases,start] GC(280) Marking Phase
[100.768s][info][gc,phases      ] GC(280) Marking Phase 1076.660ms
[100.768s][info][gc,phases,start] GC(280) Summary Phase
[100.768s][info][gc,phases      ] GC(280) Summary Phase 0.090ms
[100.768s][info][gc,phases,start] GC(280) Adjust Roots
[100.769s][info][gc,phases      ] GC(280) Adjust Roots 0.384ms
[100.769s][info][gc,phases,start] GC(280) Compaction Phase
[101.136s][info][gc,phases      ] GC(280) Compaction Phase 367.540ms
[101.137s][info][gc,phases,start] GC(280) Post Compact
[101.143s][info][gc,phases      ] GC(280) Post Compact 6.753ms
[101.143s][info][gc,heap        ] GC(280) PSYoungGen: 101887K(286208K)->101887K(286208K) Eden: 101887K(101888K)->101887K(101888K) From: 0K(184320K)->0K(184320K)
[101.143s][info][gc,heap        ] GC(280) ParOldGen: 4642054K(4642304K)->4642054K(4642304K)
[101.143s][info][gc,metaspace   ] GC(280) Metaspace: 6302K(6464K)->6302K(6464K) NonClass: 5769K(5824K)->5769K(5824K) Class: 533K(640K)->533K(640K)
[101.143s][info][gc             ] GC(280) Pause Full (Ergonomics) 4632M->4632M(4813M) 1451.822ms
[101.143s][info][gc,cpu         ] GC(280) User=11.05s Sys=0.00s Real=1.45s
[101.144s][info][gc,start       ] GC(281) Pause Full (Ergonomics)
[101.144s][info][gc,phases,start] GC(281) Marking Phase
[102.262s][info][gc,phases      ] GC(281) Marking Phase 1118.335ms
[102.262s][info][gc,phases,start] GC(281) Summary Phase
[102.262s][info][gc,phases      ] GC(281) Summary Phase 0.054ms
[102.262s][info][gc,phases,start] GC(281) Adjust Roots
[102.262s][info][gc,phases      ] GC(281) Adjust Roots 0.198ms
[102.262s][info][gc,phases,start] GC(281) Compaction Phase
[102.597s][info][gc,phases      ] GC(281) Compaction Phase 334.724ms
[102.597s][info][gc,phases,start] GC(281) Post Compact
[102.605s][info][gc,phases      ] GC(281) Post Compact 7.428ms
[102.605s][info][gc,heap        ] GC(281) PSYoungGen: 101887K(286208K)->101887K(286208K) Eden: 101887K(101888K)->101887K(101888K) From: 0K(184320K)->0K(184320K)
[102.605s][info][gc,heap        ] GC(281) ParOldGen: 4642059K(4642304K)->4642059K(4642304K)
[102.605s][info][gc,metaspace   ] GC(281) Metaspace: 6302K(6464K)->6302K(6464K) NonClass: 5769K(5824K)->5769K(5824K) Class: 533K(640K)->533K(640K)
[102.605s][info][gc             ] GC(281) Pause Full (Ergonomics) 4632M->4632M(4813M) 1461.088ms
[102.605s][info][gc,cpu         ] GC(281) User=11.22s Sys=0.00s Real=1.46s
[102.605s][info][gc,start       ] GC(282) Pause Full (Ergonomics)
[102.605s][info][gc,phases,start] GC(282) Marking Phase
[103.734s][info][gc,phases      ] GC(282) Marking Phase 1129.136ms
[103.734s][info][gc,phases,start] GC(282) Summary Phase
[103.734s][info][gc,phases      ] GC(282) Summary Phase 0.051ms
[103.734s][info][gc,phases,start] GC(282) Adjust Roots
[103.734s][info][gc,phases      ] GC(282) Adjust Roots 0.162ms
[103.734s][info][gc,phases,start] GC(282) Compaction Phase
[104.069s][info][gc,phases      ] GC(282) Compaction Phase 334.121ms
[104.069s][info][gc,phases,start] GC(282) Post Compact
[104.076s][info][gc,phases      ] GC(282) Post Compact 6.936ms
[104.076s][info][gc,heap        ] GC(282) PSYoungGen: 101887K(286208K)->101887K(286208K) Eden: 101887K(101888K)->101887K(101888K) From: 0K(184320K)->0K(184320K)
[104.076s][info][gc,heap        ] GC(282) ParOldGen: 4642063K(4642304K)->4642063K(4642304K)
[104.076s][info][gc,metaspace   ] GC(282) Metaspace: 6302K(6464K)->6302K(6464K) NonClass: 5769K(5824K)->5769K(5824K) Class: 533K(640K)->533K(640K)
[104.076s][info][gc             ] GC(282) Pause Full (Ergonomics) 4632M->4632M(4813M) 1470.737ms
[104.076s][info][gc,cpu         ] GC(282) User=11.28s Sys=0.00s Real=1.47s
[104.076s][info][gc,start       ] GC(283) Pause Full (Ergonomics)
[104.076s][info][gc,phases,start] GC(283) Marking Phase
[105.181s][info][gc,phases      ] GC(283) Marking Phase 1105.285ms
[105.181s][info][gc,phases,start] GC(283) Summary Phase
[105.181s][info][gc,phases      ] GC(283) Summary Phase 0.109ms
[105.181s][info][gc,phases,start] GC(283) Adjust Roots
[105.182s][info][gc,phases      ] GC(283) Adjust Roots 0.374ms
[105.182s][info][gc,phases,start] GC(283) Compaction Phase
[105.558s][info][gc,phases      ] GC(283) Compaction Phase 375.831ms
[105.558s][info][gc,phases,start] GC(283) Post Compact
[105.565s][info][gc,phases      ] GC(283) Post Compact 6.915ms
[105.565s][info][gc,heap        ] GC(283) PSYoungGen: 101887K(286208K)->101887K(286208K) Eden: 101887K(101888K)->101887K(101888K) From: 0K(184320K)->0K(184320K)
[105.565s][info][gc,heap        ] GC(283) ParOldGen: 4642068K(4642304K)->4642068K(4642304K)
[105.565s][info][gc,metaspace   ] GC(283) Metaspace: 6302K(6464K)->6302K(6464K) NonClass: 5769K(5824K)->5769K(5824K) Class: 533K(640K)->533K(640K)
[105.565s][info][gc             ] GC(283) Pause Full (Ergonomics) 4632M->4632M(4813M) 1488.920ms
[105.565s][info][gc,cpu         ] GC(283) User=11.09s Sys=0.00s Real=1.49s
[105.565s][info][gc,start       ] GC(284) Pause Full (Ergonomics)
[105.565s][info][gc,phases,start] GC(284) Marking Phase
[106.653s][info][gc,phases      ] GC(284) Marking Phase 1088.046ms
[106.653s][info][gc,phases,start] GC(284) Summary Phase
[106.653s][info][gc,phases      ] GC(284) Summary Phase 0.072ms
[106.653s][info][gc,phases,start] GC(284) Adjust Roots
[106.654s][info][gc,phases      ] GC(284) Adjust Roots 0.278ms
[106.654s][info][gc,phases,start] GC(284) Compaction Phase
[106.997s][info][gc,phases      ] GC(284) Compaction Phase 343.607ms
[106.997s][info][gc,phases,start] GC(284) Post Compact
[107.004s][info][gc,phases      ] GC(284) Post Compact 6.604ms
[107.004s][info][gc,heap        ] GC(284) PSYoungGen: 101887K(286208K)->101887K(286208K) Eden: 101887K(101888K)->101887K(101888K) From: 0K(184320K)->0K(184320K)
[107.004s][info][gc,heap        ] GC(284) ParOldGen: 4642073K(4642304K)->4642073K(4642304K)
[107.004s][info][gc,metaspace   ] GC(284) Metaspace: 6302K(6464K)->6302K(6464K) NonClass: 5769K(5824K)->5769K(5824K) Class: 533K(640K)->533K(640K)
[107.004s][info][gc             ] GC(284) Pause Full (Ergonomics) 4632M->4632M(4813M) 1438.966ms
[107.004s][info][gc,cpu         ] GC(284) User=10.98s Sys=0.02s Real=1.44s
[107.004s][info][gc,start       ] GC(285) Pause Full (Ergonomics)
[107.004s][info][gc,phases,start] GC(285) Marking Phase
[108.119s][info][gc,phases      ] GC(285) Marking Phase 1114.883ms
[108.119s][info][gc,phases,start] GC(285) Summary Phase
[108.119s][info][gc,phases      ] GC(285) Summary Phase 0.051ms
[108.119s][info][gc,phases,start] GC(285) Adjust Roots
[108.119s][info][gc,phases      ] GC(285) Adjust Roots 0.170ms
[108.119s][info][gc,phases,start] GC(285) Compaction Phase
[108.446s][info][gc,phases      ] GC(285) Compaction Phase 326.577ms
[108.446s][info][gc,phases,start] GC(285) Post Compact
[108.452s][info][gc,phases      ] GC(285) Post Compact 6.089ms
[108.452s][info][gc,heap        ] GC(285) PSYoungGen: 101887K(286208K)->101887K(286208K) Eden: 101887K(101888K)->101887K(101888K) From: 0K(184320K)->0K(184320K)
[108.452s][info][gc,heap        ] GC(285) ParOldGen: 4642078K(4642304K)->4642078K(4642304K)
[108.452s][info][gc,metaspace   ] GC(285) Metaspace: 6302K(6464K)->6302K(6464K) NonClass: 5769K(5824K)->5769K(5824K) Class: 533K(640K)->533K(640K)
[108.452s][info][gc             ] GC(285) Pause Full (Ergonomics) 4632M->4632M(4813M) 1448.080ms
[108.452s][info][gc,cpu         ] GC(285) User=11.25s Sys=0.00s Real=1.45s
[108.453s][info][gc,start       ] GC(286) Pause Full (Ergonomics)
[108.453s][info][gc,phases,start] GC(286) Marking Phase
[109.571s][info][gc,phases      ] GC(286) Marking Phase 1118.740ms
[109.571s][info][gc,phases,start] GC(286) Summary Phase
[109.571s][info][gc,phases      ] GC(286) Summary Phase 0.053ms
[109.571s][info][gc,phases,start] GC(286) Adjust Roots
[109.572s][info][gc,phases      ] GC(286) Adjust Roots 0.167ms
[109.572s][info][gc,phases,start] GC(286) Compaction Phase
[109.898s][info][gc,phases      ] GC(286) Compaction Phase 326.395ms
[109.898s][info][gc,phases,start] GC(286) Post Compact
[109.904s][info][gc,phases      ] GC(286) Post Compact 5.998ms
[109.904s][info][gc,heap        ] GC(286) PSYoungGen: 101887K(286208K)->101887K(286208K) Eden: 101887K(101888K)->101887K(101888K) From: 0K(184320K)->0K(184320K)
[109.904s][info][gc,heap        ] GC(286) ParOldGen: 4642083K(4642304K)->4642083K(4642304K)
[109.904s][info][gc,metaspace   ] GC(286) Metaspace: 6302K(6464K)->6302K(6464K) NonClass: 5769K(5824K)->5769K(5824K) Class: 533K(640K)->533K(640K)
[109.904s][info][gc             ] GC(286) Pause Full (Ergonomics) 4632M->4632M(4813M) 1451.660ms
[109.904s][info][gc,cpu         ] GC(286) User=11.25s Sys=0.02s Real=1.45s
[109.904s][info][gc,start       ] GC(287) Pause Full (Ergonomics)
[109.904s][info][gc,phases,start] GC(287) Marking Phase
[111.009s][info][gc,phases      ] GC(287) Marking Phase 1104.549ms
[111.009s][info][gc,phases,start] GC(287) Summary Phase
[111.009s][info][gc,phases      ] GC(287) Summary Phase 0.075ms
[111.009s][info][gc,phases,start] GC(287) Adjust Roots
[111.009s][info][gc,phases      ] GC(287) Adjust Roots 0.186ms
[111.009s][info][gc,phases,start] GC(287) Compaction Phase
[111.337s][info][gc,phases      ] GC(287) Compaction Phase 327.680ms
[111.337s][info][gc,phases,start] GC(287) Post Compact
[111.343s][info][gc,phases      ] GC(287) Post Compact 6.175ms
[111.343s][info][gc,heap        ] GC(287) PSYoungGen: 101887K(286208K)->101887K(286208K) Eden: 101887K(101888K)->101887K(101888K) From: 0K(184320K)->0K(184320K)
[111.343s][info][gc,heap        ] GC(287) ParOldGen: 4642088K(4642304K)->4642088K(4642304K)
[111.343s][info][gc,metaspace   ] GC(287) Metaspace: 6302K(6464K)->6302K(6464K) NonClass: 5769K(5824K)->5769K(5824K) Class: 533K(640K)->533K(640K)
[111.343s][info][gc             ] GC(287) Pause Full (Ergonomics) 4632M->4632M(4813M) 1439.051ms
[111.343s][info][gc,cpu         ] GC(287) User=10.89s Sys=0.00s Real=1.44s
[111.344s][info][gc,start       ] GC(288) Pause Full (Ergonomics)
[111.344s][info][gc,phases,start] GC(288) Marking Phase
[112.447s][info][gc,phases      ] GC(288) Marking Phase 1103.524ms
[112.447s][info][gc,phases,start] GC(288) Summary Phase
[112.447s][info][gc,phases      ] GC(288) Summary Phase 0.052ms
[112.447s][info][gc,phases,start] GC(288) Adjust Roots
[112.448s][info][gc,phases      ] GC(288) Adjust Roots 0.166ms
[112.448s][info][gc,phases,start] GC(288) Compaction Phase
[112.773s][info][gc,phases      ] GC(288) Compaction Phase 325.548ms
[112.773s][info][gc,phases,start] GC(288) Post Compact
[112.780s][info][gc,phases      ] GC(288) Post Compact 6.619ms
[112.780s][info][gc,heap        ] GC(288) PSYoungGen: 101887K(286208K)->101887K(286208K) Eden: 101887K(101888K)->101887K(101888K) From: 0K(184320K)->0K(184320K)
[112.780s][info][gc,heap        ] GC(288) ParOldGen: 4642092K(4642304K)->4642092K(4642304K)
[112.780s][info][gc,metaspace   ] GC(288) Metaspace: 6302K(6464K)->6302K(6464K) NonClass: 5769K(5824K)->5769K(5824K) Class: 533K(640K)->533K(640K)
[112.780s][info][gc             ] GC(288) Pause Full (Ergonomics) 4632M->4632M(4813M) 1436.250ms
[112.780s][info][gc,cpu         ] GC(288) User=10.95s Sys=0.02s Real=1.44s
[112.780s][info][gc,start       ] GC(289) Pause Full (Ergonomics)
[112.780s][info][gc,phases,start] GC(289) Marking Phase
[113.909s][info][gc,phases      ] GC(289) Marking Phase 1128.847ms
[113.909s][info][gc,phases,start] GC(289) Summary Phase
[113.909s][info][gc,phases      ] GC(289) Summary Phase 0.071ms
[113.909s][info][gc,phases,start] GC(289) Adjust Roots
[113.910s][info][gc,phases      ] GC(289) Adjust Roots 1.041ms
[113.910s][info][gc,phases,start] GC(289) Compaction Phase
[114.265s][info][gc,phases      ] GC(289) Compaction Phase 354.625ms
[114.265s][info][gc,phases,start] GC(289) Post Compact
[114.273s][info][gc,phases      ] GC(289) Post Compact 8.321ms
[114.273s][info][gc,heap        ] GC(289) PSYoungGen: 101887K(286208K)->101887K(286208K) Eden: 101887K(101888K)->101887K(101888K) From: 0K(184320K)->0K(184320K)
[114.274s][info][gc,heap        ] GC(289) ParOldGen: 4642097K(4642304K)->4642097K(4642304K)
[114.274s][info][gc,metaspace   ] GC(289) Metaspace: 6302K(6464K)->6302K(6464K) NonClass: 5769K(5824K)->5769K(5824K) Class: 533K(640K)->533K(640K)
[114.274s][info][gc             ] GC(289) Pause Full (Ergonomics) 4632M->4632M(4813M) 1493.361ms
[114.274s][info][gc,cpu         ] GC(289) User=11.41s Sys=0.02s Real=1.49s
[114.274s][info][gc,start       ] GC(290) Pause Full (Ergonomics)
[114.274s][info][gc,phases,start] GC(290) Marking Phase
[115.385s][info][gc,phases      ] GC(290) Marking Phase 1111.409ms
[115.385s][info][gc,phases,start] GC(290) Summary Phase
[115.385s][info][gc,phases      ] GC(290) Summary Phase 0.099ms
[115.385s][info][gc,phases,start] GC(290) Adjust Roots
[115.386s][info][gc,phases      ] GC(290) Adjust Roots 0.303ms
[115.386s][info][gc,phases,start] GC(290) Compaction Phase
[115.741s][info][gc,phases      ] GC(290) Compaction Phase 355.289ms
[115.741s][info][gc,phases,start] GC(290) Post Compact
[115.750s][info][gc,phases      ] GC(290) Post Compact 8.832ms
[115.750s][info][gc,heap        ] GC(290) PSYoungGen: 101887K(286208K)->101887K(286208K) Eden: 101887K(101888K)->101887K(101888K) From: 0K(184320K)->0K(184320K)
[115.750s][info][gc,heap        ] GC(290) ParOldGen: 4642102K(4642304K)->4642102K(4642304K)
[115.750s][info][gc,metaspace   ] GC(290) Metaspace: 6302K(6464K)->6302K(6464K) NonClass: 5769K(5824K)->5769K(5824K) Class: 533K(640K)->533K(640K)
[115.750s][info][gc             ] GC(290) Pause Full (Ergonomics) 4632M->4632M(4813M) 1476.465ms
[115.750s][info][gc,cpu         ] GC(290) User=11.30s Sys=0.00s Real=1.48s
[115.751s][info][gc,start       ] GC(291) Pause Full (Ergonomics)
[115.751s][info][gc,phases,start] GC(291) Marking Phase
[116.869s][info][gc,phases      ] GC(291) Marking Phase 1118.188ms
[116.869s][info][gc,phases,start] GC(291) Summary Phase
[116.869s][info][gc,phases      ] GC(291) Summary Phase 0.092ms
[116.869s][info][gc,phases,start] GC(291) Adjust Roots
[116.869s][info][gc,phases      ] GC(291) Adjust Roots 0.337ms
[116.869s][info][gc,phases,start] GC(291) Compaction Phase
[117.216s][info][gc,phases      ] GC(291) Compaction Phase 346.384ms
[117.216s][info][gc,phases,start] GC(291) Post Compact
[117.225s][info][gc,phases      ] GC(291) Post Compact 9.169ms
[117.225s][info][gc,heap        ] GC(291) PSYoungGen: 101887K(286208K)->101887K(286208K) Eden: 101887K(101888K)->101887K(101888K) From: 0K(184320K)->0K(184320K)
[117.225s][info][gc,heap        ] GC(291) ParOldGen: 4642107K(4642304K)->4642107K(4642304K)
[117.225s][info][gc,metaspace   ] GC(291) Metaspace: 6302K(6464K)->6302K(6464K) NonClass: 5769K(5824K)->5769K(5824K) Class: 533K(640K)->533K(640K)
[117.225s][info][gc             ] GC(291) Pause Full (Ergonomics) 4632M->4632M(4813M) 1474.675ms
[117.225s][info][gc,cpu         ] GC(291) User=11.39s Sys=0.00s Real=1.47s
[117.225s][info][gc,start       ] GC(292) Pause Full (Ergonomics)
[117.226s][info][gc,phases,start] GC(292) Marking Phase
[118.320s][info][gc,phases      ] GC(292) Marking Phase 1094.605ms
[118.320s][info][gc,phases,start] GC(292) Summary Phase
[118.320s][info][gc,phases      ] GC(292) Summary Phase 0.088ms
[118.320s][info][gc,phases,start] GC(292) Adjust Roots
[118.321s][info][gc,phases      ] GC(292) Adjust Roots 0.373ms
[118.321s][info][gc,phases,start] GC(292) Compaction Phase
[118.661s][info][gc,phases      ] GC(292) Compaction Phase 340.594ms
[118.661s][info][gc,phases,start] GC(292) Post Compact
[118.669s][info][gc,phases      ] GC(292) Post Compact 7.106ms
[118.669s][info][gc,heap        ] GC(292) PSYoungGen: 101887K(286208K)->101887K(286208K) Eden: 101887K(101888K)->101887K(101888K) From: 0K(184320K)->0K(184320K)
[118.669s][info][gc,heap        ] GC(292) ParOldGen: 4642112K(4642304K)->4642112K(4642304K)
[118.669s][info][gc,metaspace   ] GC(292) Metaspace: 6302K(6464K)->6302K(6464K) NonClass: 5769K(5824K)->5769K(5824K) Class: 533K(640K)->533K(640K)
[118.669s][info][gc             ] GC(292) Pause Full (Ergonomics) 4632M->4632M(4813M) 1443.161ms
[118.669s][info][gc,cpu         ] GC(292) User=10.97s Sys=0.00s Real=1.44s
[118.669s][info][gc,start       ] GC(293) Pause Full (Ergonomics)
[118.669s][info][gc,phases,start] GC(293) Marking Phase
[119.748s][info][gc,phases      ] GC(293) Marking Phase 1079.150ms
[119.748s][info][gc,phases,start] GC(293) Summary Phase
[119.748s][info][gc,phases      ] GC(293) Summary Phase 0.079ms
[119.748s][info][gc,phases,start] GC(293) Adjust Roots
[119.749s][info][gc,phases      ] GC(293) Adjust Roots 0.318ms
[119.749s][info][gc,phases,start] GC(293) Compaction Phase
[120.085s][info][gc,phases      ] GC(293) Compaction Phase 336.637ms
[120.085s][info][gc,phases,start] GC(293) Post Compact
[120.092s][info][gc,phases      ] GC(293) Post Compact 6.534ms
[120.092s][info][gc,heap        ] GC(293) PSYoungGen: 101887K(286208K)->101887K(286208K) Eden: 101887K(101888K)->101887K(101888K) From: 0K(184320K)->0K(184320K)
[120.092s][info][gc,heap        ] GC(293) ParOldGen: 4642117K(4642304K)->4642117K(4642304K)
[120.092s][info][gc,metaspace   ] GC(293) Metaspace: 6302K(6464K)->6302K(6464K) NonClass: 5769K(5824K)->5769K(5824K) Class: 533K(640K)->533K(640K)
[120.092s][info][gc             ] GC(293) Pause Full (Ergonomics) 4632M->4632M(4813M) 1423.239ms
[120.092s][info][gc,cpu         ] GC(293) User=10.72s Sys=0.02s Real=1.42s
[120.092s][info][gc,start       ] GC(294) Pause Full (Ergonomics)
[120.092s][info][gc,phases,start] GC(294) Marking Phase
[121.194s][info][gc,phases      ] GC(294) Marking Phase 1101.689ms
[121.194s][info][gc,phases,start] GC(294) Summary Phase
[121.194s][info][gc,phases      ] GC(294) Summary Phase 0.092ms
[121.194s][info][gc,phases,start] GC(294) Adjust Roots
[121.195s][info][gc,phases      ] GC(294) Adjust Roots 0.331ms
[121.195s][info][gc,phases,start] GC(294) Compaction Phase
[121.503s][info][gc,phases      ] GC(294) Compaction Phase 308.549ms
[121.503s][info][gc,phases,start] GC(294) Post Compact
[121.510s][info][gc,phases      ] GC(294) Post Compact 6.689ms
[121.510s][info][gc,heap        ] GC(294) PSYoungGen: 101887K(286208K)->101887K(286208K) Eden: 101887K(101888K)->101887K(101888K) From: 0K(184320K)->0K(184320K)
[121.510s][info][gc,heap        ] GC(294) ParOldGen: 4642121K(4642304K)->4642121K(4642304K)
[121.510s][info][gc,metaspace   ] GC(294) Metaspace: 6302K(6464K)->6302K(6464K) NonClass: 5769K(5824K)->5769K(5824K) Class: 533K(640K)->533K(640K)
[121.510s][info][gc             ] GC(294) Pause Full (Ergonomics) 4632M->4632M(4813M) 1417.807ms
[121.510s][info][gc,cpu         ] GC(294) User=10.69s Sys=0.02s Real=1.42s
[121.510s][info][gc,start       ] GC(295) Pause Full (Ergonomics)
[121.510s][info][gc,phases,start] GC(295) Marking Phase
[122.614s][info][gc,phases      ] GC(295) Marking Phase 1103.638ms
[122.614s][info][gc,phases,start] GC(295) Summary Phase
[122.614s][info][gc,phases      ] GC(295) Summary Phase 0.062ms
[122.614s][info][gc,phases,start] GC(295) Adjust Roots
[122.614s][info][gc,phases      ] GC(295) Adjust Roots 0.218ms
[122.614s][info][gc,phases,start] GC(295) Compaction Phase
[122.909s][info][gc,phases      ] GC(295) Compaction Phase 294.514ms
[122.909s][info][gc,phases,start] GC(295) Post Compact
[122.916s][info][gc,phases      ] GC(295) Post Compact 7.194ms
[122.916s][info][gc,heap        ] GC(295) PSYoungGen: 101887K(286208K)->101887K(286208K) Eden: 101887K(101888K)->101887K(101888K) From: 0K(184320K)->0K(184320K)
[122.916s][info][gc,heap        ] GC(295) ParOldGen: 4642126K(4642304K)->4642126K(4642304K)
[122.916s][info][gc,metaspace   ] GC(295) Metaspace: 6302K(6464K)->6302K(6464K) NonClass: 5769K(5824K)->5769K(5824K) Class: 533K(640K)->533K(640K)
[122.916s][info][gc             ] GC(295) Pause Full (Ergonomics) 4632M->4632M(4813M) 1405.974ms
[122.916s][info][gc,cpu         ] GC(295) User=10.78s Sys=0.00s Real=1.41s
[122.917s][info][gc,start       ] GC(296) Pause Full (Ergonomics)
[122.917s][info][gc,phases,start] GC(296) Marking Phase
[124.019s][info][gc,phases      ] GC(296) Marking Phase 1102.116ms
[124.019s][info][gc,phases,start] GC(296) Summary Phase
[124.019s][info][gc,phases      ] GC(296) Summary Phase 0.052ms
[124.019s][info][gc,phases,start] GC(296) Adjust Roots
[124.019s][info][gc,phases      ] GC(296) Adjust Roots 0.174ms
[124.019s][info][gc,phases,start] GC(296) Compaction Phase
[124.320s][info][gc,phases      ] GC(296) Compaction Phase 301.362ms
[124.320s][info][gc,phases,start] GC(296) Post Compact
[124.327s][info][gc,phases      ] GC(296) Post Compact 6.261ms
[124.327s][info][gc,heap        ] GC(296) PSYoungGen: 101887K(286208K)->101887K(286208K) Eden: 101887K(101888K)->101887K(101888K) From: 0K(184320K)->0K(184320K)
[124.327s][info][gc,heap        ] GC(296) ParOldGen: 4642131K(4642304K)->4642131K(4642304K)
[124.327s][info][gc,metaspace   ] GC(296) Metaspace: 6302K(6464K)->6302K(6464K) NonClass: 5769K(5824K)->5769K(5824K) Class: 533K(640K)->533K(640K)
[124.327s][info][gc             ] GC(296) Pause Full (Ergonomics) 4632M->4632M(4813M) 1410.261ms
[124.327s][info][gc,cpu         ] GC(296) User=10.83s Sys=0.00s Real=1.41s
[124.327s][info][gc,start       ] GC(297) Pause Full (Ergonomics)
[124.327s][info][gc,phases,start] GC(297) Marking Phase
[125.422s][info][gc,phases      ] GC(297) Marking Phase 1094.913ms
[125.422s][info][gc,phases,start] GC(297) Summary Phase
[125.422s][info][gc,phases      ] GC(297) Summary Phase 0.062ms
[125.422s][info][gc,phases,start] GC(297) Adjust Roots
[125.422s][info][gc,phases      ] GC(297) Adjust Roots 0.212ms
[125.422s][info][gc,phases,start] GC(297) Compaction Phase
[125.718s][info][gc,phases      ] GC(297) Compaction Phase 295.790ms
[125.718s][info][gc,phases,start] GC(297) Post Compact
[125.725s][info][gc,phases      ] GC(297) Post Compact 6.487ms
[125.725s][info][gc,heap        ] GC(297) PSYoungGen: 101887K(286208K)->101887K(286208K) Eden: 101887K(101888K)->101887K(101888K) From: 0K(184320K)->0K(184320K)
[125.725s][info][gc,heap        ] GC(297) ParOldGen: 4642136K(4642304K)->4642136K(4642304K)
[125.725s][info][gc,metaspace   ] GC(297) Metaspace: 6302K(6464K)->6302K(6464K) NonClass: 5769K(5824K)->5769K(5824K) Class: 533K(640K)->533K(640K)
[125.725s][info][gc             ] GC(297) Pause Full (Ergonomics) 4632M->4632M(4813M) 1397.843ms
[125.725s][info][gc,cpu         ] GC(297) User=10.55s Sys=0.02s Real=1.40s
[125.725s][info][gc,start       ] GC(298) Pause Full (Ergonomics)
[125.725s][info][gc,phases,start] GC(298) Marking Phase
[126.814s][info][gc,phases      ] GC(298) Marking Phase 1088.872ms
[126.814s][info][gc,phases,start] GC(298) Summary Phase
[126.814s][info][gc,phases      ] GC(298) Summary Phase 0.067ms
[126.814s][info][gc,phases,start] GC(298) Adjust Roots
[126.814s][info][gc,phases      ] GC(298) Adjust Roots 0.251ms
[126.814s][info][gc,phases,start] GC(298) Compaction Phase
[127.119s][info][gc,phases      ] GC(298) Compaction Phase 304.801ms
[127.119s][info][gc,phases,start] GC(298) Post Compact
[127.126s][info][gc,phases      ] GC(298) Post Compact 6.736ms
[127.126s][info][gc,heap        ] GC(298) PSYoungGen: 101887K(286208K)->101887K(286208K) Eden: 101887K(101888K)->101887K(101888K) From: 0K(184320K)->0K(184320K)
[127.126s][info][gc,heap        ] GC(298) ParOldGen: 4642141K(4642304K)->4642141K(4642304K)
[127.126s][info][gc,metaspace   ] GC(298) Metaspace: 6302K(6464K)->6302K(6464K) NonClass: 5769K(5824K)->5769K(5824K) Class: 533K(640K)->533K(640K)
[127.126s][info][gc             ] GC(298) Pause Full (Ergonomics) 4632M->4632M(4813M) 1401.121ms
[127.126s][info][gc,cpu         ] GC(298) User=10.53s Sys=0.00s Real=1.40s
[127.126s][info][gc,start       ] GC(299) Pause Full (Ergonomics)
[127.126s][info][gc,phases,start] GC(299) Marking Phase
[128.264s][info][gc,phases      ] GC(299) Marking Phase 1138.060ms
[128.265s][info][gc,phases,start] GC(299) Summary Phase
[128.265s][info][gc,phases      ] GC(299) Summary Phase 0.066ms
[128.265s][info][gc,phases,start] GC(299) Adjust Roots
[128.265s][info][gc,phases      ] GC(299) Adjust Roots 0.209ms
[128.265s][info][gc,phases,start] GC(299) Compaction Phase
[128.574s][info][gc,phases      ] GC(299) Compaction Phase 308.712ms
[128.574s][info][gc,phases,start] GC(299) Post Compact
[128.581s][info][gc,phases      ] GC(299) Post Compact 7.359ms
[128.581s][info][gc,heap        ] GC(299) PSYoungGen: 101887K(286208K)->101887K(286208K) Eden: 101887K(101888K)->101887K(101888K) From: 0K(184320K)->0K(184320K)
[128.581s][info][gc,heap        ] GC(299) ParOldGen: 4642146K(4642304K)->4642146K(4642304K)
[128.581s][info][gc,metaspace   ] GC(299) Metaspace: 6302K(6464K)->6302K(6464K) NonClass: 5769K(5824K)->5769K(5824K) Class: 533K(640K)->533K(640K)
[128.581s][info][gc             ] GC(299) Pause Full (Ergonomics) 4632M->4632M(4813M) 1454.766ms
[128.581s][info][gc,cpu         ] GC(299) User=10.70s Sys=0.00s Real=1.45s
[128.581s][info][gc,start       ] GC(300) Pause Full (Ergonomics)
[128.581s][info][gc,phases,start] GC(300) Marking Phase
[129.709s][info][gc,phases      ] GC(300) Marking Phase 1127.368ms
[129.709s][info][gc,phases,start] GC(300) Summary Phase
[129.709s][info][gc,phases      ] GC(300) Summary Phase 0.093ms
[129.709s][info][gc,phases,start] GC(300) Adjust Roots
[129.709s][info][gc,phases      ] GC(300) Adjust Roots 0.350ms
[129.709s][info][gc,phases,start] GC(300) Compaction Phase
[130.020s][info][gc,phases      ] GC(300) Compaction Phase 310.427ms
[130.020s][info][gc,phases,start] GC(300) Post Compact
[130.028s][info][gc,phases      ] GC(300) Post Compact 7.790ms
[130.028s][info][gc,heap        ] GC(300) PSYoungGen: 101887K(286208K)->101887K(286208K) Eden: 101887K(101888K)->101887K(101888K) From: 0K(184320K)->0K(184320K)
[130.028s][info][gc,heap        ] GC(300) ParOldGen: 4642150K(4642304K)->4642150K(4642304K)
[130.028s][info][gc,metaspace   ] GC(300) Metaspace: 6302K(6464K)->6302K(6464K) NonClass: 5769K(5824K)->5769K(5824K) Class: 533K(640K)->533K(640K)
[130.028s][info][gc             ] GC(300) Pause Full (Ergonomics) 4632M->4632M(4813M) 1446.491ms
[130.028s][info][gc,cpu         ] GC(300) User=10.48s Sys=0.00s Real=1.45s
[130.028s][info][gc,start       ] GC(301) Pause Full (Ergonomics)
[130.028s][info][gc,phases,start] GC(301) Marking Phase
[131.151s][info][gc,phases      ] GC(301) Marking Phase 1122.532ms
[131.151s][info][gc,phases,start] GC(301) Summary Phase
[131.151s][info][gc,phases      ] GC(301) Summary Phase 0.132ms
[131.151s][info][gc,phases,start] GC(301) Adjust Roots
[131.151s][info][gc,phases      ] GC(301) Adjust Roots 0.418ms
[131.152s][info][gc,phases,start] GC(301) Compaction Phase
[131.488s][info][gc,phases      ] GC(301) Compaction Phase 336.843ms
[131.488s][info][gc,phases,start] GC(301) Post Compact
[131.499s][info][gc,phases      ] GC(301) Post Compact 10.192ms
[131.499s][info][gc,heap        ] GC(301) PSYoungGen: 101887K(286208K)->101887K(286208K) Eden: 101887K(101888K)->101887K(101888K) From: 0K(184320K)->0K(184320K)
[131.499s][info][gc,heap        ] GC(301) ParOldGen: 4642155K(4642304K)->4642155K(4642304K)
[131.499s][info][gc,metaspace   ] GC(301) Metaspace: 6302K(6464K)->6302K(6464K) NonClass: 5769K(5824K)->5769K(5824K) Class: 533K(640K)->533K(640K)
[131.499s][info][gc             ] GC(301) Pause Full (Ergonomics) 4632M->4632M(4813M) 1470.717ms
[131.499s][info][gc,cpu         ] GC(301) User=10.33s Sys=0.00s Real=1.47s
[131.500s][info][gc,start       ] GC(302) Pause Full (Ergonomics)
[131.501s][info][gc,phases,start] GC(302) Marking Phase
[132.669s][info][gc,phases      ] GC(302) Marking Phase 1168.091ms
[132.669s][info][gc,phases,start] GC(302) Summary Phase
[132.669s][info][gc,phases      ] GC(302) Summary Phase 0.128ms
[132.669s][info][gc,phases,start] GC(302) Adjust Roots
[132.669s][info][gc,phases      ] GC(302) Adjust Roots 0.331ms
[132.669s][info][gc,phases,start] GC(302) Compaction Phase
[133.083s][info][gc,phases      ] GC(302) Compaction Phase 413.744ms
[133.083s][info][gc,phases,start] GC(302) Post Compact
[133.094s][info][gc,phases      ] GC(302) Post Compact 10.730ms
[133.094s][info][gc,heap        ] GC(302) PSYoungGen: 101887K(286208K)->101887K(286208K) Eden: 101887K(101888K)->101887K(101888K) From: 0K(184320K)->0K(184320K)
[133.094s][info][gc,heap        ] GC(302) ParOldGen: 4642160K(4642304K)->4642160K(4642304K)
[133.094s][info][gc,metaspace   ] GC(302) Metaspace: 6302K(6464K)->6302K(6464K) NonClass: 5769K(5824K)->5769K(5824K) Class: 533K(640K)->533K(640K)
[133.094s][info][gc             ] GC(302) Pause Full (Ergonomics) 4632M->4632M(4813M) 1593.604ms
[133.094s][info][gc,cpu         ] GC(302) User=10.38s Sys=0.00s Real=1.59s
[133.095s][info][gc,start       ] GC(303) Pause Full (Ergonomics)
[133.095s][info][gc,phases,start] GC(303) Marking Phase
[134.256s][info][gc,phases      ] GC(303) Marking Phase 1160.246ms
[134.256s][info][gc,phases,start] GC(303) Summary Phase
[134.256s][info][gc,phases      ] GC(303) Summary Phase 0.086ms
[134.256s][info][gc,phases,start] GC(303) Adjust Roots
[134.256s][info][gc,phases      ] GC(303) Adjust Roots 0.331ms
[134.256s][info][gc,phases,start] GC(303) Compaction Phase
[134.580s][info][gc,phases      ] GC(303) Compaction Phase 323.730ms
[134.580s][info][gc,phases,start] GC(303) Post Compact
[134.590s][info][gc,phases      ] GC(303) Post Compact 10.308ms
[134.591s][info][gc,heap        ] GC(303) PSYoungGen: 101887K(286208K)->101887K(286208K) Eden: 101887K(101888K)->101887K(101888K) From: 0K(184320K)->0K(184320K)
[134.591s][info][gc,heap        ] GC(303) ParOldGen: 4642165K(4642304K)->4642165K(4642304K)
[134.591s][info][gc,metaspace   ] GC(303) Metaspace: 6302K(6464K)->6302K(6464K) NonClass: 5769K(5824K)->5769K(5824K) Class: 533K(640K)->533K(640K)
[134.591s][info][gc             ] GC(303) Pause Full (Ergonomics) 4632M->4632M(4813M) 1495.238ms
[134.591s][info][gc,cpu         ] GC(303) User=10.30s Sys=0.00s Real=1.49s
[134.592s][info][gc,start       ] GC(304) Pause Full (Ergonomics)
[134.592s][info][gc,phases,start] GC(304) Marking Phase
[135.638s][info][gc,phases      ] GC(304) Marking Phase 1045.893ms
[135.638s][info][gc,phases,start] GC(304) Summary Phase
[135.638s][info][gc,phases      ] GC(304) Summary Phase 0.084ms
[135.638s][info][gc,phases,start] GC(304) Adjust Roots
[135.639s][info][gc,phases      ] GC(304) Adjust Roots 0.393ms
[135.639s][info][gc,phases,start] GC(304) Compaction Phase
[135.966s][info][gc,phases      ] GC(304) Compaction Phase 327.212ms
[135.966s][info][gc,phases,start] GC(304) Post Compact
[135.975s][info][gc,phases      ] GC(304) Post Compact 8.852ms
[135.975s][info][gc,heap        ] GC(304) PSYoungGen: 101887K(286208K)->101887K(286208K) Eden: 101887K(101888K)->101887K(101888K) From: 0K(184320K)->0K(184320K)
[135.975s][info][gc,heap        ] GC(304) ParOldGen: 4642170K(4642304K)->4642170K(4642304K)
[135.975s][info][gc,metaspace   ] GC(304) Metaspace: 6302K(6464K)->6302K(6464K) NonClass: 5769K(5824K)->5769K(5824K) Class: 533K(640K)->533K(640K)
[135.975s][info][gc             ] GC(304) Pause Full (Ergonomics) 4632M->4632M(4813M) 1383.168ms
[135.975s][info][gc,cpu         ] GC(304) User=10.12s Sys=0.00s Real=1.38s
[135.975s][info][gc,start       ] GC(305) Pause Full (Ergonomics)
[135.975s][info][gc,phases,start] GC(305) Marking Phase
[137.044s][info][gc,phases      ] GC(305) Marking Phase 1068.801ms
[137.044s][info][gc,phases,start] GC(305) Summary Phase
[137.044s][info][gc,phases      ] GC(305) Summary Phase 0.080ms
[137.044s][info][gc,phases,start] GC(305) Adjust Roots
[137.045s][info][gc,phases      ] GC(305) Adjust Roots 0.316ms
[137.045s][info][gc,phases,start] GC(305) Compaction Phase
[137.349s][info][gc,phases      ] GC(305) Compaction Phase 304.243ms
[137.349s][info][gc,phases,start] GC(305) Post Compact
[137.357s][info][gc,phases      ] GC(305) Post Compact 7.570ms
[137.357s][info][gc,heap        ] GC(305) PSYoungGen: 101887K(286208K)->101887K(286208K) Eden: 101887K(101888K)->101887K(101888K) From: 0K(184320K)->0K(184320K)
[137.357s][info][gc,heap        ] GC(305) ParOldGen: 4642175K(4642304K)->4642175K(4642304K)
[137.357s][info][gc,metaspace   ] GC(305) Metaspace: 6302K(6464K)->6302K(6464K) NonClass: 5769K(5824K)->5769K(5824K) Class: 533K(640K)->533K(640K)
[137.357s][info][gc             ] GC(305) Pause Full (Ergonomics) 4632M->4632M(4813M) 1381.557ms
[137.357s][info][gc,cpu         ] GC(305) User=10.34s Sys=0.00s Real=1.38s
[137.357s][info][gc,start       ] GC(306) Pause Full (Ergonomics)
[137.357s][info][gc,phases,start] GC(306) Marking Phase
[138.464s][info][gc,phases      ] GC(306) Marking Phase 1106.222ms
[138.464s][info][gc,phases,start] GC(306) Summary Phase
[138.464s][info][gc,phases      ] GC(306) Summary Phase 0.082ms
[138.464s][info][gc,phases,start] GC(306) Adjust Roots
[138.464s][info][gc,phases      ] GC(306) Adjust Roots 0.299ms
[138.464s][info][gc,phases,start] GC(306) Compaction Phase
[138.771s][info][gc,phases      ] GC(306) Compaction Phase 306.962ms
[138.771s][info][gc,phases,start] GC(306) Post Compact
[138.780s][info][gc,phases      ] GC(306) Post Compact 8.724ms
[138.780s][info][gc,heap        ] GC(306) PSYoungGen: 101887K(286208K)->101887K(286208K) Eden: 101887K(101888K)->101887K(101888K) From: 0K(184320K)->0K(184320K)
[138.780s][info][gc,heap        ] GC(306) ParOldGen: 4642179K(4642304K)->4642179K(4642304K)
[138.780s][info][gc,metaspace   ] GC(306) Metaspace: 6302K(6464K)->6302K(6464K) NonClass: 5769K(5824K)->5769K(5824K) Class: 533K(640K)->533K(640K)
[138.780s][info][gc             ] GC(306) Pause Full (Ergonomics) 4632M->4632M(4813M) 1422.743ms
[138.780s][info][gc,cpu         ] GC(306) User=10.56s Sys=0.00s Real=1.42s
[138.780s][info][gc,start       ] GC(307) Pause Full (Ergonomics)
[138.780s][info][gc,phases,start] GC(307) Marking Phase
[139.894s][info][gc,phases      ] GC(307) Marking Phase 1113.732ms
[139.894s][info][gc,phases,start] GC(307) Summary Phase
[139.894s][info][gc,phases      ] GC(307) Summary Phase 0.102ms
[139.894s][info][gc,phases,start] GC(307) Adjust Roots
[139.895s][info][gc,phases      ] GC(307) Adjust Roots 0.331ms
[139.895s][info][gc,phases,start] GC(307) Compaction Phase
[140.193s][info][gc,phases      ] GC(307) Compaction Phase 297.953ms
[140.193s][info][gc,phases,start] GC(307) Post Compact
[140.199s][info][gc,phases      ] GC(307) Post Compact 6.216ms
[140.199s][info][gc,heap        ] GC(307) PSYoungGen: 101887K(286208K)->101887K(286208K) Eden: 101887K(101888K)->101887K(101888K) From: 0K(184320K)->0K(184320K)
[140.199s][info][gc,heap        ] GC(307) ParOldGen: 4642184K(4642304K)->4642184K(4642304K)
[140.199s][info][gc,metaspace   ] GC(307) Metaspace: 6302K(6464K)->6302K(6464K) NonClass: 5769K(5824K)->5769K(5824K) Class: 533K(640K)->533K(640K)
[140.199s][info][gc             ] GC(307) Pause Full (Ergonomics) 4632M->4632M(4813M) 1418.861ms
[140.199s][info][gc,cpu         ] GC(307) User=10.41s Sys=0.00s Real=1.42s
[140.199s][info][gc,start       ] GC(308) Pause Full (Ergonomics)
[140.199s][info][gc,phases,start] GC(308) Marking Phase
[141.299s][info][gc,phases      ] GC(308) Marking Phase 1099.565ms
[141.299s][info][gc,phases,start] GC(308) Summary Phase
[141.299s][info][gc,phases      ] GC(308) Summary Phase 0.064ms
[141.299s][info][gc,phases,start] GC(308) Adjust Roots
[141.299s][info][gc,phases      ] GC(308) Adjust Roots 0.257ms
[141.299s][info][gc,phases,start] GC(308) Compaction Phase
[141.607s][info][gc,phases      ] GC(308) Compaction Phase 307.154ms
[141.607s][info][gc,phases,start] GC(308) Post Compact
[141.614s][info][gc,phases      ] GC(308) Post Compact 7.626ms
[141.614s][info][gc,heap        ] GC(308) PSYoungGen: 101887K(286208K)->101887K(286208K) Eden: 101887K(101888K)->101887K(101888K) From: 0K(184320K)->0K(184320K)
[141.614s][info][gc,heap        ] GC(308) ParOldGen: 4642189K(4642304K)->4642189K(4642304K)
[141.614s][info][gc,metaspace   ] GC(308) Metaspace: 6302K(6464K)->6302K(6464K) NonClass: 5769K(5824K)->5769K(5824K) Class: 533K(640K)->533K(640K)
[141.614s][info][gc             ] GC(308) Pause Full (Ergonomics) 4632M->4632M(4813M) 1415.079ms
[141.614s][info][gc,cpu         ] GC(308) User=10.75s Sys=0.00s Real=1.41s
[141.615s][info][gc,start       ] GC(309) Pause Full (Ergonomics)
[141.615s][info][gc,phases,start] GC(309) Marking Phase
[142.705s][info][gc,phases      ] GC(309) Marking Phase 1090.612ms
[142.705s][info][gc,phases,start] GC(309) Summary Phase
[142.705s][info][gc,phases      ] GC(309) Summary Phase 0.061ms
[142.705s][info][gc,phases,start] GC(309) Adjust Roots
[142.706s][info][gc,phases      ] GC(309) Adjust Roots 0.253ms
[142.706s][info][gc,phases,start] GC(309) Compaction Phase
[143.008s][info][gc,phases      ] GC(309) Compaction Phase 302.118ms
[143.008s][info][gc,phases,start] GC(309) Post Compact
[143.015s][info][gc,phases      ] GC(309) Post Compact 7.489ms
[143.016s][info][gc,heap        ] GC(309) PSYoungGen: 101887K(286208K)->101887K(286208K) Eden: 101887K(101888K)->101887K(101888K) From: 0K(184320K)->0K(184320K)
[143.016s][info][gc,heap        ] GC(309) ParOldGen: 4642194K(4642304K)->4642194K(4642304K)
[143.016s][info][gc,metaspace   ] GC(309) Metaspace: 6302K(6464K)->6302K(6464K) NonClass: 5769K(5824K)->5769K(5824K) Class: 533K(640K)->533K(640K)
[143.016s][info][gc             ] GC(309) Pause Full (Ergonomics) 4632M->4632M(4813M) 1400.881ms
[143.016s][info][gc,cpu         ] GC(309) User=10.70s Sys=0.00s Real=1.40s
[143.016s][info][gc,start       ] GC(310) Pause Full (Ergonomics)
[143.016s][info][gc,phases,start] GC(310) Marking Phase
[144.104s][info][gc,phases      ] GC(310) Marking Phase 1087.669ms
[144.104s][info][gc,phases,start] GC(310) Summary Phase
[144.104s][info][gc,phases      ] GC(310) Summary Phase 0.060ms
[144.104s][info][gc,phases,start] GC(310) Adjust Roots
[144.104s][info][gc,phases      ] GC(310) Adjust Roots 0.243ms
[144.104s][info][gc,phases,start] GC(310) Compaction Phase
[144.421s][info][gc,phases      ] GC(310) Compaction Phase 317.131ms
[144.421s][info][gc,phases,start] GC(310) Post Compact
[144.428s][info][gc,phases      ] GC(310) Post Compact 6.755ms
[144.428s][info][gc,heap        ] GC(310) PSYoungGen: 101887K(286208K)->101887K(286208K) Eden: 101887K(101888K)->101887K(101888K) From: 0K(184320K)->0K(184320K)
[144.428s][info][gc,heap        ] GC(310) ParOldGen: 4642199K(4642304K)->4642199K(4642304K)
[144.428s][info][gc,metaspace   ] GC(310) Metaspace: 6302K(6464K)->6302K(6464K) NonClass: 5769K(5824K)->5769K(5824K) Class: 533K(640K)->533K(640K)
[144.428s][info][gc             ] GC(310) Pause Full (Ergonomics) 4632M->4632M(4813M) 1412.335ms
[144.428s][info][gc,cpu         ] GC(310) User=10.62s Sys=0.00s Real=1.41s
[144.428s][info][gc,start       ] GC(311) Pause Full (Ergonomics)
[144.428s][info][gc,phases,start] GC(311) Marking Phase
[145.520s][info][gc,phases      ] GC(311) Marking Phase 1091.774ms
[145.520s][info][gc,phases,start] GC(311) Summary Phase
[145.520s][info][gc,phases      ] GC(311) Summary Phase 0.057ms
[145.520s][info][gc,phases,start] GC(311) Adjust Roots
[145.521s][info][gc,phases      ] GC(311) Adjust Roots 0.210ms
[145.521s][info][gc,phases,start] GC(311) Compaction Phase
[145.823s][info][gc,phases      ] GC(311) Compaction Phase 302.599ms
[145.823s][info][gc,phases,start] GC(311) Post Compact
[145.830s][info][gc,phases      ] GC(311) Post Compact 6.583ms
[145.830s][info][gc,heap        ] GC(311) PSYoungGen: 101887K(286208K)->101887K(286208K) Eden: 101887K(101888K)->101887K(101888K) From: 0K(184320K)->0K(184320K)
[145.830s][info][gc,heap        ] GC(311) ParOldGen: 4642204K(4642304K)->4642204K(4642304K)
[145.830s][info][gc,metaspace   ] GC(311) Metaspace: 6302K(6464K)->6302K(6464K) NonClass: 5769K(5824K)->5769K(5824K) Class: 533K(640K)->533K(640K)
[145.830s][info][gc             ] GC(311) Pause Full (Ergonomics) 4632M->4632M(4813M) 1401.521ms
[145.830s][info][gc,cpu         ] GC(311) User=10.73s Sys=0.00s Real=1.40s
[145.830s][info][gc,start       ] GC(312) Pause Full (Ergonomics)
[145.830s][info][gc,phases,start] GC(312) Marking Phase
[146.927s][info][gc,phases      ] GC(312) Marking Phase 1097.280ms
[146.927s][info][gc,phases,start] GC(312) Summary Phase
[146.927s][info][gc,phases      ] GC(312) Summary Phase 0.053ms
[146.928s][info][gc,phases,start] GC(312) Adjust Roots
[146.928s][info][gc,phases      ] GC(312) Adjust Roots 0.168ms
[146.928s][info][gc,phases,start] GC(312) Compaction Phase
[147.234s][info][gc,phases      ] GC(312) Compaction Phase 305.995ms
[147.234s][info][gc,phases,start] GC(312) Post Compact
[147.241s][info][gc,phases      ] GC(312) Post Compact 7.207ms
[147.241s][info][gc,heap        ] GC(312) PSYoungGen: 101887K(286208K)->101887K(286208K) Eden: 101887K(101888K)->101887K(101888K) From: 0K(184320K)->0K(184320K)
[147.241s][info][gc,heap        ] GC(312) ParOldGen: 4642208K(4642304K)->4642208K(4642304K)
[147.241s][info][gc,metaspace   ] GC(312) Metaspace: 6302K(6464K)->6302K(6464K) NonClass: 5769K(5824K)->5769K(5824K) Class: 533K(640K)->533K(640K)
[147.241s][info][gc             ] GC(312) Pause Full (Ergonomics) 4632M->4632M(4813M) 1411.023ms
[147.241s][info][gc,cpu         ] GC(312) User=10.69s Sys=0.00s Real=1.41s
[147.241s][info][gc,start       ] GC(313) Pause Full (Ergonomics)
[147.241s][info][gc,phases,start] GC(313) Marking Phase
[148.346s][info][gc,phases      ] GC(313) Marking Phase 1104.898ms
[148.346s][info][gc,phases,start] GC(313) Summary Phase
[148.346s][info][gc,phases      ] GC(313) Summary Phase 0.086ms
[148.346s][info][gc,phases,start] GC(313) Adjust Roots
[148.347s][info][gc,phases      ] GC(313) Adjust Roots 0.318ms
[148.347s][info][gc,phases,start] GC(313) Compaction Phase
[148.648s][info][gc,phases      ] GC(313) Compaction Phase 300.745ms
[148.648s][info][gc,phases,start] GC(313) Post Compact
[148.655s][info][gc,phases      ] GC(313) Post Compact 7.305ms
[148.655s][info][gc,heap        ] GC(313) PSYoungGen: 101887K(286208K)->101887K(286208K) Eden: 101887K(101888K)->101887K(101888K) From: 0K(184320K)->0K(184320K)
[148.655s][info][gc,heap        ] GC(313) ParOldGen: 4642213K(4642304K)->4642213K(4642304K)
[148.655s][info][gc,metaspace   ] GC(313) Metaspace: 6302K(6464K)->6302K(6464K) NonClass: 5769K(5824K)->5769K(5824K) Class: 533K(640K)->533K(640K)
[148.655s][info][gc             ] GC(313) Pause Full (Ergonomics) 4632M->4632M(4813M) 1413.759ms
[148.655s][info][gc,cpu         ] GC(313) User=10.70s Sys=0.00s Real=1.41s
[148.655s][info][gc,start       ] GC(314) Pause Full (Ergonomics)
[148.655s][info][gc,phases,start] GC(314) Marking Phase
[149.784s][info][gc,phases      ] GC(314) Marking Phase 1128.631ms
[149.784s][info][gc,phases,start] GC(314) Summary Phase
[149.784s][info][gc,phases      ] GC(314) Summary Phase 0.056ms
[149.784s][info][gc,phases,start] GC(314) Adjust Roots
[149.784s][info][gc,phases      ] GC(314) Adjust Roots 0.186ms
[149.784s][info][gc,phases,start] GC(314) Compaction Phase
[150.092s][info][gc,phases      ] GC(314) Compaction Phase 307.537ms
[150.092s][info][gc,phases,start] GC(314) Post Compact
[150.099s][info][gc,phases      ] GC(314) Post Compact 7.261ms
[150.099s][info][gc,heap        ] GC(314) PSYoungGen: 101887K(286208K)->101887K(286208K) Eden: 101887K(101888K)->101887K(101888K) From: 0K(184320K)->0K(184320K)
[150.099s][info][gc,heap        ] GC(314) ParOldGen: 4642218K(4642304K)->4642218K(4642304K)
[150.099s][info][gc,metaspace   ] GC(314) Metaspace: 6302K(6464K)->6302K(6464K) NonClass: 5769K(5824K)->5769K(5824K) Class: 533K(640K)->533K(640K)
[150.099s][info][gc             ] GC(314) Pause Full (Ergonomics) 4632M->4632M(4813M) 1443.991ms
[150.099s][info][gc,cpu         ] GC(314) User=10.84s Sys=0.02s Real=1.44s
[150.099s][info][gc,start       ] GC(315) Pause Full (Ergonomics)
[150.099s][info][gc,phases,start] GC(315) Marking Phase
[151.211s][info][gc,phases      ] GC(315) Marking Phase 1111.904ms
[151.211s][info][gc,phases,start] GC(315) Summary Phase
[151.211s][info][gc,phases      ] GC(315) Summary Phase 0.054ms
[151.211s][info][gc,phases,start] GC(315) Adjust Roots
[151.212s][info][gc,phases      ] GC(315) Adjust Roots 0.171ms
[151.212s][info][gc,phases,start] GC(315) Compaction Phase
[151.509s][info][gc,phases      ] GC(315) Compaction Phase 297.158ms
[151.509s][info][gc,phases,start] GC(315) Post Compact
[151.516s][info][gc,phases      ] GC(315) Post Compact 7.313ms
[151.516s][info][gc,heap        ] GC(315) PSYoungGen: 101887K(286208K)->101887K(286208K) Eden: 101887K(101888K)->101887K(101888K) From: 0K(184320K)->0K(184320K)
[151.516s][info][gc,heap        ] GC(315) ParOldGen: 4642223K(4642304K)->4642223K(4642304K)
[151.516s][info][gc,metaspace   ] GC(315) Metaspace: 6302K(6464K)->6302K(6464K) NonClass: 5769K(5824K)->5769K(5824K) Class: 533K(640K)->533K(640K)
[151.516s][info][gc             ] GC(315) Pause Full (Ergonomics) 4632M->4632M(4813M) 1416.971ms
[151.516s][info][gc,cpu         ] GC(315) User=10.86s Sys=0.00s Real=1.42s
[151.517s][info][gc,start       ] GC(316) Pause Full (Ergonomics)
[151.517s][info][gc,phases,start] GC(316) Marking Phase
[152.680s][info][gc,phases      ] GC(316) Marking Phase 1163.542ms
[152.680s][info][gc,phases,start] GC(316) Summary Phase
[152.680s][info][gc,phases      ] GC(316) Summary Phase 0.089ms
[152.680s][info][gc,phases,start] GC(316) Adjust Roots
[152.681s][info][gc,phases      ] GC(316) Adjust Roots 0.334ms
[152.681s][info][gc,phases,start] GC(316) Compaction Phase
[152.979s][info][gc,phases      ] GC(316) Compaction Phase 297.880ms
[152.979s][info][gc,phases,start] GC(316) Post Compact
[152.986s][info][gc,phases      ] GC(316) Post Compact 7.082ms
[152.986s][info][gc,heap        ] GC(316) PSYoungGen: 101887K(286208K)->101887K(286208K) Eden: 101887K(101888K)->101887K(101888K) From: 0K(184320K)->0K(184320K)
[152.986s][info][gc,heap        ] GC(316) ParOldGen: 4642228K(4642304K)->4642228K(4642304K)
[152.986s][info][gc,metaspace   ] GC(316) Metaspace: 6302K(6464K)->6302K(6464K) NonClass: 5769K(5824K)->5769K(5824K) Class: 533K(640K)->533K(640K)
[152.986s][info][gc             ] GC(316) Pause Full (Ergonomics) 4632M->4632M(4813M) 1469.331ms
[152.986s][info][gc,cpu         ] GC(316) User=10.67s Sys=0.02s Real=1.47s
[152.986s][info][gc,start       ] GC(317) Pause Full (Ergonomics)
[152.986s][info][gc,phases,start] GC(317) Marking Phase
[154.094s][info][gc,phases      ] GC(317) Marking Phase 1107.809ms
[154.094s][info][gc,phases,start] GC(317) Summary Phase
[154.094s][info][gc,phases      ] GC(317) Summary Phase 0.059ms
[154.094s][info][gc,phases,start] GC(317) Adjust Roots
[154.094s][info][gc,phases      ] GC(317) Adjust Roots 0.201ms
[154.094s][info][gc,phases,start] GC(317) Compaction Phase
[154.422s][info][gc,phases      ] GC(317) Compaction Phase 327.419ms
[154.422s][info][gc,phases,start] GC(317) Post Compact
[154.429s][info][gc,phases      ] GC(317) Post Compact 6.995ms
[154.429s][info][gc,heap        ] GC(317) PSYoungGen: 101887K(286208K)->101887K(286208K) Eden: 101887K(101888K)->101887K(101888K) From: 0K(184320K)->0K(184320K)
[154.429s][info][gc,heap        ] GC(317) ParOldGen: 4642233K(4642304K)->4642233K(4642304K)
[154.429s][info][gc,metaspace   ] GC(317) Metaspace: 6302K(6464K)->6302K(6464K) NonClass: 5769K(5824K)->5769K(5824K) Class: 533K(640K)->533K(640K)
[154.429s][info][gc             ] GC(317) Pause Full (Ergonomics) 4632M->4632M(4813M) 1442.805ms
[154.429s][info][gc,cpu         ] GC(317) User=10.67s Sys=0.00s Real=1.44s
[154.429s][info][gc,start       ] GC(318) Pause Full (Ergonomics)
[154.429s][info][gc,phases,start] GC(318) Marking Phase
[155.674s][info][gc,phases      ] GC(318) Marking Phase 1244.282ms
[155.674s][info][gc,phases,start] GC(318) Summary Phase
[155.674s][info][gc,phases      ] GC(318) Summary Phase 0.105ms
[155.674s][info][gc,phases,start] GC(318) Adjust Roots
[155.674s][info][gc,phases      ] GC(318) Adjust Roots 0.353ms
[155.674s][info][gc,phases,start] GC(318) Compaction Phase
[156.001s][info][gc,phases      ] GC(318) Compaction Phase 327.266ms
[156.001s][info][gc,phases,start] GC(318) Post Compact
[156.010s][info][gc,phases      ] GC(318) Post Compact 8.704ms
[156.010s][info][gc,heap        ] GC(318) PSYoungGen: 101887K(286208K)->101887K(286208K) Eden: 101887K(101888K)->101887K(101888K) From: 0K(184320K)->0K(184320K)
[156.010s][info][gc,heap        ] GC(318) ParOldGen: 4642237K(4642304K)->4642237K(4642304K)
[156.010s][info][gc,metaspace   ] GC(318) Metaspace: 6302K(6464K)->6302K(6464K) NonClass: 5769K(5824K)->5769K(5824K) Class: 533K(640K)->533K(640K)
[156.010s][info][gc             ] GC(318) Pause Full (Ergonomics) 4632M->4632M(4813M) 1581.182ms
[156.010s][info][gc,cpu         ] GC(318) User=10.61s Sys=0.02s Real=1.58s
[156.011s][info][gc,start       ] GC(319) Pause Full (Ergonomics)
[156.011s][info][gc,phases,start] GC(319) Marking Phase
[157.110s][info][gc,phases      ] GC(319) Marking Phase 1099.821ms
[157.110s][info][gc,phases,start] GC(319) Summary Phase
[157.111s][info][gc,phases      ] GC(319) Summary Phase 0.087ms
[157.111s][info][gc,phases,start] GC(319) Adjust Roots
[157.111s][info][gc,phases      ] GC(319) Adjust Roots 0.351ms
[157.111s][info][gc,phases,start] GC(319) Compaction Phase
[157.430s][info][gc,phases      ] GC(319) Compaction Phase 318.747ms
[157.430s][info][gc,phases,start] GC(319) Post Compact
[157.437s][info][gc,phases      ] GC(319) Post Compact 7.432ms
[157.437s][info][gc,heap        ] GC(319) PSYoungGen: 101887K(286208K)->101887K(286208K) Eden: 101887K(101888K)->101887K(101888K) From: 0K(184320K)->0K(184320K)
[157.437s][info][gc,heap        ] GC(319) ParOldGen: 4642242K(4642304K)->4642242K(4642304K)
[157.437s][info][gc,metaspace   ] GC(319) Metaspace: 6302K(6464K)->6302K(6464K) NonClass: 5769K(5824K)->5769K(5824K) Class: 533K(640K)->533K(640K)
[157.437s][info][gc             ] GC(319) Pause Full (Ergonomics) 4632M->4632M(4813M) 1426.833ms
[157.437s][info][gc,cpu         ] GC(319) User=10.66s Sys=0.02s Real=1.43s
[157.438s][info][gc,start       ] GC(320) Pause Full (Ergonomics)
[157.438s][info][gc,phases,start] GC(320) Marking Phase
[158.567s][info][gc,phases      ] GC(320) Marking Phase 1129.793ms
[158.567s][info][gc,phases,start] GC(320) Summary Phase
[158.568s][info][gc,phases      ] GC(320) Summary Phase 0.056ms
[158.568s][info][gc,phases,start] GC(320) Adjust Roots
[158.568s][info][gc,phases      ] GC(320) Adjust Roots 0.185ms
[158.568s][info][gc,phases,start] GC(320) Compaction Phase
[158.866s][info][gc,phases      ] GC(320) Compaction Phase 298.484ms
[158.866s][info][gc,phases,start] GC(320) Post Compact
[158.874s][info][gc,phases      ] GC(320) Post Compact 7.453ms
[158.874s][info][gc,heap        ] GC(320) PSYoungGen: 101887K(286208K)->101887K(286208K) Eden: 101887K(101888K)->101887K(101888K) From: 0K(184320K)->0K(184320K)
[158.874s][info][gc,heap        ] GC(320) ParOldGen: 4642247K(4642304K)->4642247K(4642304K)
[158.874s][info][gc,metaspace   ] GC(320) Metaspace: 6302K(6464K)->6302K(6464K) NonClass: 5769K(5824K)->5769K(5824K) Class: 533K(640K)->533K(640K)
[158.874s][info][gc             ] GC(320) Pause Full (Ergonomics) 4632M->4632M(4813M) 1436.315ms
[158.874s][info][gc,cpu         ] GC(320) User=10.09s Sys=0.03s Real=1.44s
[158.874s][info][gc,start       ] GC(321) Pause Full (Ergonomics)
[158.874s][info][gc,phases,start] GC(321) Marking Phase
[159.965s][info][gc,phases      ] GC(321) Marking Phase 1090.338ms
[159.965s][info][gc,phases,start] GC(321) Summary Phase
[159.965s][info][gc,phases      ] GC(321) Summary Phase 0.068ms
[159.965s][info][gc,phases,start] GC(321) Adjust Roots
[159.965s][info][gc,phases      ] GC(321) Adjust Roots 0.224ms
[159.965s][info][gc,phases,start] GC(321) Compaction Phase
[160.271s][info][gc,phases      ] GC(321) Compaction Phase 306.229ms
[160.271s][info][gc,phases,start] GC(321) Post Compact
[160.278s][info][gc,phases      ] GC(321) Post Compact 6.465ms
[160.278s][info][gc,heap        ] GC(321) PSYoungGen: 101887K(286208K)->101887K(286208K) Eden: 101887K(101888K)->101887K(101888K) From: 0K(184320K)->0K(184320K)
[160.278s][info][gc,heap        ] GC(321) ParOldGen: 4642252K(4642304K)->4642252K(4642304K)
[160.278s][info][gc,metaspace   ] GC(321) Metaspace: 6302K(6464K)->6302K(6464K) NonClass: 5769K(5824K)->5769K(5824K) Class: 533K(640K)->533K(640K)
[160.278s][info][gc             ] GC(321) Pause Full (Ergonomics) 4632M->4632M(4813M) 1403.681ms
[160.278s][info][gc,cpu         ] GC(321) User=10.61s Sys=0.00s Real=1.40s
[160.278s][info][gc,start       ] GC(322) Pause Full (Ergonomics)
[160.278s][info][gc,phases,start] GC(322) Marking Phase
[161.370s][info][gc,phases      ] GC(322) Marking Phase 1091.823ms
[161.370s][info][gc,phases,start] GC(322) Summary Phase
[161.370s][info][gc,phases      ] GC(322) Summary Phase 0.055ms
[161.370s][info][gc,phases,start] GC(322) Adjust Roots
[161.370s][info][gc,phases      ] GC(322) Adjust Roots 0.187ms
[161.370s][info][gc,phases,start] GC(322) Compaction Phase
[161.677s][info][gc,phases      ] GC(322) Compaction Phase 307.238ms
[161.678s][info][gc,phases,start] GC(322) Post Compact
[161.684s][info][gc,phases      ] GC(322) Post Compact 6.653ms
[161.684s][info][gc,heap        ] GC(322) PSYoungGen: 101887K(286208K)->101887K(286208K) Eden: 101887K(101888K)->101887K(101888K) From: 0K(184320K)->0K(184320K)
[161.684s][info][gc,heap        ] GC(322) ParOldGen: 4642257K(4642304K)->4642257K(4642304K)
[161.684s][info][gc,metaspace   ] GC(322) Metaspace: 6302K(6464K)->6302K(6464K) NonClass: 5769K(5824K)->5769K(5824K) Class: 533K(640K)->533K(640K)
[161.684s][info][gc             ] GC(322) Pause Full (Ergonomics) 4632M->4632M(4813M) 1406.265ms
[161.684s][info][gc,cpu         ] GC(322) User=10.62s Sys=0.00s Real=1.41s
[161.684s][info][gc,start       ] GC(323) Pause Full (Ergonomics)
[161.685s][info][gc,phases,start] GC(323) Marking Phase
[162.780s][info][gc,phases      ] GC(323) Marking Phase 1095.262ms
[162.780s][info][gc,phases,start] GC(323) Summary Phase
[162.780s][info][gc,phases      ] GC(323) Summary Phase 0.055ms
[162.780s][info][gc,phases,start] GC(323) Adjust Roots
[162.780s][info][gc,phases      ] GC(323) Adjust Roots 0.206ms
[162.780s][info][gc,phases,start] GC(323) Compaction Phase
[163.079s][info][gc,phases      ] GC(323) Compaction Phase 299.161ms
[163.079s][info][gc,phases,start] GC(323) Post Compact
[163.086s][info][gc,phases      ] GC(323) Post Compact 6.971ms
[163.086s][info][gc,heap        ] GC(323) PSYoungGen: 101887K(286208K)->101887K(286208K) Eden: 101887K(101888K)->101887K(101888K) From: 0K(184320K)->0K(184320K)
[163.086s][info][gc,heap        ] GC(323) ParOldGen: 4642262K(4642304K)->4642262K(4642304K)
[163.086s][info][gc,metaspace   ] GC(323) Metaspace: 6302K(6464K)->6302K(6464K) NonClass: 5769K(5824K)->5769K(5824K) Class: 533K(640K)->533K(640K)
[163.086s][info][gc             ] GC(323) Pause Full (Ergonomics) 4632M->4632M(4813M) 1402.008ms
[163.087s][info][gc,cpu         ] GC(323) User=10.53s Sys=0.00s Real=1.40s
[163.087s][info][gc,start       ] GC(324) Pause Full (Ergonomics)
[163.087s][info][gc,phases,start] GC(324) Marking Phase
[164.179s][info][gc,phases      ] GC(324) Marking Phase 1091.868ms
[164.179s][info][gc,phases,start] GC(324) Summary Phase
[164.179s][info][gc,phases      ] GC(324) Summary Phase 0.053ms
[164.179s][info][gc,phases,start] GC(324) Adjust Roots
[164.179s][info][gc,phases      ] GC(324) Adjust Roots 0.198ms
[164.179s][info][gc,phases,start] GC(324) Compaction Phase
[164.476s][info][gc,phases      ] GC(324) Compaction Phase 297.125ms
[164.476s][info][gc,phases,start] GC(324) Post Compact
[164.482s][info][gc,phases      ] GC(324) Post Compact 6.081ms
[164.482s][info][gc,heap        ] GC(324) PSYoungGen: 101887K(286208K)->101887K(286208K) Eden: 101887K(101888K)->101887K(101888K) From: 0K(184320K)->0K(184320K)
[164.482s][info][gc,heap        ] GC(324) ParOldGen: 4642266K(4642304K)->4642266K(4642304K)
[164.482s][info][gc,metaspace   ] GC(324) Metaspace: 6302K(6464K)->6302K(6464K) NonClass: 5769K(5824K)->5769K(5824K) Class: 533K(640K)->533K(640K)
[164.482s][info][gc             ] GC(324) Pause Full (Ergonomics) 4632M->4632M(4813M) 1395.633ms
[164.482s][info][gc,cpu         ] GC(324) User=10.83s Sys=0.00s Real=1.40s
[164.483s][info][gc,start       ] GC(325) Pause Full (Ergonomics)
[164.483s][info][gc,phases,start] GC(325) Marking Phase
[165.589s][info][gc,phases      ] GC(325) Marking Phase 1106.483ms
[165.589s][info][gc,phases,start] GC(325) Summary Phase
[165.589s][info][gc,phases      ] GC(325) Summary Phase 0.053ms
[165.589s][info][gc,phases,start] GC(325) Adjust Roots
[165.589s][info][gc,phases      ] GC(325) Adjust Roots 0.174ms
[165.589s][info][gc,phases,start] GC(325) Compaction Phase
[165.903s][info][gc,phases      ] GC(325) Compaction Phase 313.176ms
[165.903s][info][gc,phases,start] GC(325) Post Compact
[165.910s][info][gc,phases      ] GC(325) Post Compact 6.977ms
[165.910s][info][gc,heap        ] GC(325) PSYoungGen: 101887K(286208K)->101887K(286208K) Eden: 101887K(101888K)->101887K(101888K) From: 0K(184320K)->0K(184320K)
[165.910s][info][gc,heap        ] GC(325) ParOldGen: 4642271K(4642304K)->4642271K(4642304K)
[165.910s][info][gc,metaspace   ] GC(325) Metaspace: 6302K(6464K)->6302K(6464K) NonClass: 5769K(5824K)->5769K(5824K) Class: 533K(640K)->533K(640K)
[165.910s][info][gc             ] GC(325) Pause Full (Ergonomics) 4632M->4632M(4813M) 1427.202ms
[165.910s][info][gc,cpu         ] GC(325) User=10.81s Sys=0.00s Real=1.43s
[165.910s][info][gc,start       ] GC(326) Pause Full (Ergonomics)
[165.910s][info][gc,phases,start] GC(326) Marking Phase
[166.980s][info][gc,phases      ] GC(326) Marking Phase 1070.448ms
[166.980s][info][gc,phases,start] GC(326) Summary Phase
[166.981s][info][gc,phases      ] GC(326) Summary Phase 0.058ms
[166.981s][info][gc,phases,start] GC(326) Adjust Roots
[166.981s][info][gc,phases      ] GC(326) Adjust Roots 0.172ms
[166.981s][info][gc,phases,start] GC(326) Compaction Phase
[167.289s][info][gc,phases      ] GC(326) Compaction Phase 308.730ms
[167.290s][info][gc,phases,start] GC(326) Post Compact
[167.297s][info][gc,phases      ] GC(326) Post Compact 7.505ms
[167.297s][info][gc,heap        ] GC(326) PSYoungGen: 101887K(286208K)->101887K(286208K) Eden: 101887K(101888K)->101887K(101888K) From: 0K(184320K)->0K(184320K)
[167.297s][info][gc,heap        ] GC(326) ParOldGen: 4642276K(4642304K)->4642276K(4642304K)
[167.297s][info][gc,metaspace   ] GC(326) Metaspace: 6302K(6464K)->6302K(6464K) NonClass: 5769K(5824K)->5769K(5824K) Class: 533K(640K)->533K(640K)
[167.297s][info][gc             ] GC(326) Pause Full (Ergonomics) 4632M->4632M(4813M) 1387.234ms
[167.297s][info][gc,cpu         ] GC(326) User=10.58s Sys=0.00s Real=1.39s
[167.297s][info][gc,start       ] GC(327) Pause Full (Ergonomics)
[167.297s][info][gc,phases,start] GC(327) Marking Phase
[168.389s][info][gc,phases      ] GC(327) Marking Phase 1091.958ms
[168.389s][info][gc,phases,start] GC(327) Summary Phase
[168.389s][info][gc,phases      ] GC(327) Summary Phase 0.053ms
[168.389s][info][gc,phases,start] GC(327) Adjust Roots
[168.390s][info][gc,phases      ] GC(327) Adjust Roots 0.181ms
[168.390s][info][gc,phases,start] GC(327) Compaction Phase
[168.691s][info][gc,phases      ] GC(327) Compaction Phase 301.045ms
[168.691s][info][gc,phases,start] GC(327) Post Compact
[168.697s][info][gc,phases      ] GC(327) Post Compact 6.569ms
[168.697s][info][gc,heap        ] GC(327) PSYoungGen: 101887K(286208K)->101887K(286208K) Eden: 101887K(101888K)->101887K(101888K) From: 0K(184320K)->0K(184320K)
[168.697s][info][gc,heap        ] GC(327) ParOldGen: 4642281K(4642304K)->4642281K(4642304K)
[168.697s][info][gc,metaspace   ] GC(327) Metaspace: 6302K(6464K)->6302K(6464K) NonClass: 5769K(5824K)->5769K(5824K) Class: 533K(640K)->533K(640K)
[168.697s][info][gc             ] GC(327) Pause Full (Ergonomics) 4632M->4632M(4813M) 1400.116ms
[168.698s][info][gc,cpu         ] GC(327) User=10.64s Sys=0.02s Real=1.40s
[168.698s][info][gc,start       ] GC(328) Pause Full (Ergonomics)
[168.698s][info][gc,phases,start] GC(328) Marking Phase
[169.795s][info][gc,phases      ] GC(328) Marking Phase 1097.438ms
[169.795s][info][gc,phases,start] GC(328) Summary Phase
[169.795s][info][gc,phases      ] GC(328) Summary Phase 0.052ms
[169.795s][info][gc,phases,start] GC(328) Adjust Roots
[169.795s][info][gc,phases      ] GC(328) Adjust Roots 0.169ms
[169.796s][info][gc,phases,start] GC(328) Compaction Phase
[170.096s][info][gc,phases      ] GC(328) Compaction Phase 300.918ms
[170.096s][info][gc,phases,start] GC(328) Post Compact
[170.103s][info][gc,phases      ] GC(328) Post Compact 6.354ms
[170.103s][info][gc,heap        ] GC(328) PSYoungGen: 101887K(286208K)->101887K(286208K) Eden: 101887K(101888K)->101887K(101888K) From: 0K(184320K)->0K(184320K)
[170.103s][info][gc,heap        ] GC(328) ParOldGen: 4642286K(4642304K)->4642286K(4642304K)
[170.103s][info][gc,metaspace   ] GC(328) Metaspace: 6302K(6464K)->6302K(6464K) NonClass: 5769K(5824K)->5769K(5824K) Class: 533K(640K)->533K(640K)
[170.103s][info][gc             ] GC(328) Pause Full (Ergonomics) 4632M->4632M(4813M) 1405.259ms
[170.103s][info][gc,cpu         ] GC(328) User=10.77s Sys=0.00s Real=1.41s
[170.103s][info][gc,start       ] GC(329) Pause Full (Ergonomics)
[170.103s][info][gc,phases,start] GC(329) Marking Phase
[171.223s][info][gc,phases      ] GC(329) Marking Phase 1120.255ms
[171.224s][info][gc,phases,start] GC(329) Summary Phase
[171.224s][info][gc,phases      ] GC(329) Summary Phase 0.054ms
[171.224s][info][gc,phases,start] GC(329) Adjust Roots
[171.224s][info][gc,phases      ] GC(329) Adjust Roots 0.174ms
[171.224s][info][gc,phases,start] GC(329) Compaction Phase
[171.524s][info][gc,phases      ] GC(329) Compaction Phase 299.991ms
[171.524s][info][gc,phases,start] GC(329) Post Compact
[171.531s][info][gc,phases      ] GC(329) Post Compact 6.707ms
[171.531s][info][gc,heap        ] GC(329) PSYoungGen: 101887K(286208K)->101887K(286208K) Eden: 101887K(101888K)->101887K(101888K) From: 0K(184320K)->0K(184320K)
[171.531s][info][gc,heap        ] GC(329) ParOldGen: 4642291K(4642304K)->4642291K(4642304K)
[171.531s][info][gc,metaspace   ] GC(329) Metaspace: 6302K(6464K)->6302K(6464K) NonClass: 5769K(5824K)->5769K(5824K) Class: 533K(640K)->533K(640K)
[171.531s][info][gc             ] GC(329) Pause Full (Ergonomics) 4632M->4632M(4813M) 1427.506ms
[171.531s][info][gc,cpu         ] GC(329) User=10.91s Sys=0.00s Real=1.43s
[171.531s][info][gc,start       ] GC(330) Pause Full (Ergonomics)
[171.531s][info][gc,phases,start] GC(330) Marking Phase
[172.638s][info][gc,phases      ] GC(330) Marking Phase 1107.366ms
[172.638s][info][gc,phases,start] GC(330) Summary Phase
[172.638s][info][gc,phases      ] GC(330) Summary Phase 0.053ms
[172.638s][info][gc,phases,start] GC(330) Adjust Roots
[172.639s][info][gc,phases      ] GC(330) Adjust Roots 0.169ms
[172.639s][info][gc,phases,start] GC(330) Compaction Phase
[172.949s][info][gc,phases      ] GC(330) Compaction Phase 309.994ms
[172.949s][info][gc,phases,start] GC(330) Post Compact
[172.956s][info][gc,phases      ] GC(330) Post Compact 7.319ms
[172.956s][info][gc,heap        ] GC(330) PSYoungGen: 101887K(286208K)->101887K(286208K) Eden: 101887K(101888K)->101887K(101888K) From: 0K(184320K)->0K(184320K)
[172.956s][info][gc,heap        ] GC(330) ParOldGen: 4642295K(4642304K)->4642295K(4642304K)
[172.956s][info][gc,metaspace   ] GC(330) Metaspace: 6302K(6464K)->6302K(6464K) NonClass: 5769K(5824K)->5769K(5824K) Class: 533K(640K)->533K(640K)
[172.956s][info][gc             ] GC(330) Pause Full (Ergonomics) 4632M->4632M(4813M) 1425.223ms
[172.956s][info][gc,cpu         ] GC(330) User=10.81s Sys=0.00s Real=1.43s
[172.956s][info][gc,start       ] GC(331) Pause Full (Ergonomics)
[172.956s][info][gc,phases,start] GC(331) Marking Phase
[174.044s][info][gc,phases      ] GC(331) Marking Phase 1087.721ms
[174.044s][info][gc,phases,start] GC(331) Summary Phase
[174.044s][info][gc,phases      ] GC(331) Summary Phase 0.053ms
[174.044s][info][gc,phases,start] GC(331) Adjust Roots
[174.044s][info][gc,phases      ] GC(331) Adjust Roots 0.170ms
[174.044s][info][gc,phases,start] GC(331) Compaction Phase
[174.350s][info][gc,phases      ] GC(331) Compaction Phase 305.318ms
[174.350s][info][gc,phases,start] GC(331) Post Compact
[174.356s][info][gc,phases      ] GC(331) Post Compact 6.711ms
[174.357s][info][gc,heap        ] GC(331) PSYoungGen: 101887K(286208K)->101887K(286208K) Eden: 101887K(101888K)->101887K(101888K) From: 0K(184320K)->0K(184320K)
[174.357s][info][gc,heap        ] GC(331) ParOldGen: 4642300K(4642304K)->4642300K(4642304K)
[174.357s][info][gc,metaspace   ] GC(331) Metaspace: 6302K(6464K)->6302K(6464K) NonClass: 5769K(5824K)->5769K(5824K) Class: 533K(640K)->533K(640K)
[174.357s][info][gc             ] GC(331) Pause Full (Ergonomics) 4632M->4632M(4813M) 1400.274ms
[174.357s][info][gc,cpu         ] GC(331) User=10.58s Sys=0.00s Real=1.40s
[174.357s][info][gc,start       ] GC(332) Pause Full (Ergonomics)
[174.357s][info][gc,phases,start] GC(332) Marking Phase
[175.454s][info][gc,phases      ] GC(332) Marking Phase 1097.158ms
[175.454s][info][gc,phases,start] GC(332) Summary Phase
[175.454s][info][gc,phases      ] GC(332) Summary Phase 0.053ms
[175.454s][info][gc,phases,start] GC(332) Adjust Roots
[175.454s][info][gc,phases      ] GC(332) Adjust Roots 0.168ms
[175.454s][info][gc,phases,start] GC(332) Compaction Phase
[175.767s][info][gc,phases      ] GC(332) Compaction Phase 312.561ms
[175.767s][info][gc,phases,start] GC(332) Post Compact
[175.774s][info][gc,phases      ] GC(332) Post Compact 7.064ms
[175.774s][info][gc,heap        ] GC(332) PSYoungGen: 101887K(286208K)->101887K(286208K) Eden: 101887K(101888K)->101887K(101888K) From: 0K(184320K)->0K(184320K)
[175.774s][info][gc,heap        ] GC(332) ParOldGen: 4642303K(4642304K)->4642303K(4642304K)
[175.774s][info][gc,metaspace   ] GC(332) Metaspace: 6302K(6464K)->6302K(6464K) NonClass: 5769K(5824K)->5769K(5824K) Class: 533K(640K)->533K(640K)
[175.774s][info][gc             ] GC(332) Pause Full (Ergonomics) 4632M->4632M(4813M) 1417.345ms
[175.774s][info][gc,cpu         ] GC(332) User=10.69s Sys=0.00s Real=1.42s
[175.774s][info][gc,start       ] GC(333) Pause Full (Allocation Failure)
[175.774s][info][gc,phases,start] GC(333) Marking Phase
[176.873s][info][gc,phases      ] GC(333) Marking Phase 1098.436ms
[176.873s][info][gc,phases,start] GC(333) Summary Phase
[176.873s][info][gc,phases      ] GC(333) Summary Phase 0.054ms
[176.873s][info][gc,phases,start] GC(333) Adjust Roots
[176.873s][info][gc,phases      ] GC(333) Adjust Roots 0.391ms
[176.873s][info][gc,phases,start] GC(333) Compaction Phase
[178.054s][info][gc,phases      ] GC(333) Compaction Phase 1180.825ms
[178.054s][info][gc,phases,start] GC(333) Post Compact
[178.061s][info][gc,phases      ] GC(333) Post Compact 7.177ms
[178.061s][info][gc,heap        ] GC(333) PSYoungGen: 101887K(286208K)->101887K(286208K) Eden: 101887K(101888K)->101887K(101888K) From: 0K(184320K)->0K(184320K)
[178.061s][info][gc,heap        ] GC(333) ParOldGen: 4642303K(4642304K)->4642299K(4642304K)
[178.061s][info][gc,metaspace   ] GC(333) Metaspace: 6302K(6464K)->6300K(6464K) NonClass: 5769K(5824K)->5767K(5824K) Class: 533K(640K)->532K(640K)
[178.061s][info][gc             ] GC(333) Pause Full (Allocation Failure) 4632M->4632M(4813M) 2287.204ms
[178.061s][info][gc,cpu         ] GC(333) User=17.09s Sys=0.00s Real=2.29s
[178.062s][info][gc,start       ] GC(334) Pause Full (Ergonomics)
[178.062s][info][gc,phases,start] GC(334) Marking Phase
[179.150s][info][gc,phases      ] GC(334) Marking Phase 1087.799ms
[179.150s][info][gc,phases,start] GC(334) Summary Phase
[179.150s][info][gc,phases      ] GC(334) Summary Phase 0.054ms
[179.150s][info][gc,phases,start] GC(334) Adjust Roots
[179.150s][info][gc,phases      ] GC(334) Adjust Roots 0.182ms
[179.150s][info][gc,phases,start] GC(334) Compaction Phase
[179.448s][info][gc,phases      ] GC(334) Compaction Phase 297.950ms
[179.448s][info][gc,phases,start] GC(334) Post Compact
[179.455s][info][gc,phases      ] GC(334) Post Compact 6.653ms
[179.455s][info][gc,heap        ] GC(334) PSYoungGen: 101887K(286208K)->101887K(286208K) Eden: 101887K(101888K)->101887K(101888K) From: 0K(184320K)->0K(184320K)
[179.455s][info][gc,heap        ] GC(334) ParOldGen: 4642301K(4642304K)->4642301K(4642304K)
[179.455s][info][gc,metaspace   ] GC(334) Metaspace: 6300K(6464K)->6300K(6464K) NonClass: 5767K(5824K)->5767K(5824K) Class: 532K(640K)->532K(640K)
[179.455s][info][gc             ] GC(334) Pause Full (Ergonomics) 4632M->4632M(4813M) 1392.966ms
[179.455s][info][gc,cpu         ] GC(334) User=10.59s Sys=0.00s Real=1.39s
[179.455s][info][gc,start       ] GC(335) Pause Full (Ergonomics)
[179.455s][info][gc,phases,start] GC(335) Marking Phase
[180.539s][info][gc,phases      ] GC(335) Marking Phase 1083.677ms
[180.539s][info][gc,phases,start] GC(335) Summary Phase
[180.539s][info][gc,phases      ] GC(335) Summary Phase 0.051ms
[180.539s][info][gc,phases,start] GC(335) Adjust Roots
[180.539s][info][gc,phases      ] GC(335) Adjust Roots 0.180ms
[180.539s][info][gc,phases,start] GC(335) Compaction Phase
[180.851s][info][gc,phases      ] GC(335) Compaction Phase 311.691ms
[180.851s][info][gc,phases,start] GC(335) Post Compact
[180.857s][info][gc,phases      ] GC(335) Post Compact 6.051ms
[180.857s][info][gc,heap        ] GC(335) PSYoungGen: 101887K(286208K)->101887K(286208K) Eden: 101887K(101888K)->101887K(101888K) From: 0K(184320K)->0K(184320K)
[180.857s][info][gc,heap        ] GC(335) ParOldGen: 4642303K(4642304K)->4642303K(4642304K)
[180.857s][info][gc,metaspace   ] GC(335) Metaspace: 6300K(6464K)->6300K(6464K) NonClass: 5767K(5824K)->5767K(5824K) Class: 532K(640K)->532K(640K)
[180.857s][info][gc             ] GC(335) Pause Full (Ergonomics) 4632M->4632M(4813M) 1401.962ms
[180.857s][info][gc,cpu         ] GC(335) User=10.73s Sys=0.00s Real=1.40s
[180.857s][info][gc,start       ] GC(336) Pause Full (Allocation Failure)
[180.857s][info][gc,phases,start] GC(336) Marking Phase
[181.948s][info][gc,phases      ] GC(336) Marking Phase 1091.078ms
[181.948s][info][gc,phases,start] GC(336) Summary Phase
[181.948s][info][gc,phases      ] GC(336) Summary Phase 0.057ms
[181.948s][info][gc,phases,start] GC(336) Adjust Roots
[181.949s][info][gc,phases      ] GC(336) Adjust Roots 0.170ms
[181.949s][info][gc,phases,start] GC(336) Compaction Phase
[182.260s][info][gc,phases      ] GC(336) Compaction Phase 311.665ms
[182.260s][info][gc,phases,start] GC(336) Post Compact
[182.267s][info][gc,phases      ] GC(336) Post Compact 6.702ms
[182.267s][info][gc,heap        ] GC(336) PSYoungGen: 101887K(286208K)->101887K(286208K) Eden: 101887K(101888K)->101887K(101888K) From: 0K(184320K)->0K(184320K)
[182.267s][info][gc,heap        ] GC(336) ParOldGen: 4642303K(4642304K)->4642303K(4642304K)
[182.267s][info][gc,metaspace   ] GC(336) Metaspace: 6300K(6464K)->6300K(6464K) NonClass: 5767K(5824K)->5767K(5824K) Class: 532K(640K)->532K(640K)
[182.267s][info][gc             ] GC(336) Pause Full (Allocation Failure) 4632M->4632M(4813M) 1409.977ms
[182.267s][info][gc,cpu         ] GC(336) User=10.73s Sys=0.00s Real=1.41s
[182.268s][info][gc,start       ] GC(337) Pause Full (Ergonomics)
[182.268s][info][gc,phases,start] GC(337) Marking Phase
[183.368s][info][gc,phases      ] GC(337) Marking Phase 1100.683ms
[183.368s][info][gc,phases,start] GC(337) Summary Phase
[183.368s][info][gc,phases      ] GC(337) Summary Phase 0.054ms
[183.368s][info][gc,phases,start] GC(337) Adjust Roots
[183.369s][info][gc,phases      ] GC(337) Adjust Roots 0.251ms
[183.369s][info][gc,phases,start] GC(337) Compaction Phase
[184.556s][info][gc,phases      ] GC(337) Compaction Phase 1186.985ms
[184.556s][info][gc,phases,start] GC(337) Post Compact
[184.563s][info][gc,phases      ] GC(337) Post Compact 6.927ms
[184.563s][info][gc,heap        ] GC(337) PSYoungGen: 101887K(286208K)->101887K(286208K) Eden: 101887K(101888K)->101887K(101888K) From: 0K(184320K)->0K(184320K)
[184.563s][info][gc,heap        ] GC(337) ParOldGen: 4642303K(4642304K)->4642302K(4642304K)
[184.563s][info][gc,metaspace   ] GC(337) Metaspace: 6300K(6464K)->6300K(6464K) NonClass: 5767K(5824K)->5767K(5824K) Class: 532K(640K)->532K(640K)
[184.563s][info][gc             ] GC(337) Pause Full (Ergonomics) 4632M->4632M(4813M) 2295.235ms
[184.563s][info][gc,cpu         ] GC(337) User=17.12s Sys=0.02s Real=2.30s
[184.564s][info][gc,start       ] GC(338) Pause Full (Ergonomics)
[184.564s][info][gc,phases,start] GC(338) Marking Phase
[185.649s][info][gc,phases      ] GC(338) Marking Phase 1085.332ms
[185.649s][info][gc,phases,start] GC(338) Summary Phase
[185.649s][info][gc,phases      ] GC(338) Summary Phase 0.055ms
[185.649s][info][gc,phases,start] GC(338) Adjust Roots
[185.650s][info][gc,phases      ] GC(338) Adjust Roots 0.246ms
[185.650s][info][gc,phases,start] GC(338) Compaction Phase
[186.848s][info][gc,phases      ] GC(338) Compaction Phase 1197.936ms
[186.848s][info][gc,phases,start] GC(338) Post Compact
[186.855s][info][gc,phases      ] GC(338) Post Compact 7.100ms
[186.855s][info][gc,heap        ] GC(338) PSYoungGen: 101888K(286208K)->101888K(286208K) Eden: 101888K(101888K)->101888K(101888K) From: 0K(184320K)->0K(184320K)
[186.855s][info][gc,heap        ] GC(338) ParOldGen: 4642303K(4642304K)->4642302K(4642304K)
[186.855s][info][gc,metaspace   ] GC(338) Metaspace: 6301K(6464K)->6301K(6464K) NonClass: 5767K(5824K)->5767K(5824K) Class: 533K(640K)->533K(640K)
[186.855s][info][gc             ] GC(338) Pause Full (Ergonomics) 4632M->4632M(4813M) 2291.052ms
[186.855s][info][gc,cpu         ] GC(338) User=16.92s Sys=0.02s Real=2.29s
[186.856s][info][gc,heap,exit   ] Heap
[186.856s][info][gc,heap,exit   ]  PSYoungGen      total 286208K, used 101888K [0x0000000772580000, 0x000000078fc00000, 0x0000000800000000)
[186.856s][info][gc,heap,exit   ]   eden space 101888K, 100% used [0x0000000772580000,0x0000000778900000,0x0000000778900000)
[186.856s][info][gc,heap,exit   ]   from space 184320K, 0% used [0x0000000783d00000,0x0000000783d00000,0x000000078f100000)
[186.856s][info][gc,heap,exit   ]   to   space 184320K, 0% used [0x0000000778900000,0x0000000778900000,0x0000000783d00000)
[186.856s][info][gc,heap,exit   ]  ParOldGen       total 4642304K, used 4642303K [0x0000000657000000, 0x0000000772580000, 0x0000000772580000)
[186.856s][info][gc,heap,exit   ]   object space 4642304K, 99% used [0x0000000657000000,0x000000077257fc50,0x0000000772580000)
[186.856s][info][gc,heap,exit   ]  Metaspace       used 6305K, committed 6528K, reserved 1114112K
[186.856s][info][gc,heap,exit   ]   class space    used 534K, committed 640K, reserved 1048576K
