[0.011s][info][gc,init] CardTable entry size: 512
[0.011s][info][gc     ] Using Parallel
[0.012s][info][gc,init] Version: 18.0.1+10 (release)
[0.012s][info][gc,init] CPUs: 8 total, 8 available
[0.012s][info][gc,init] Memory: 16063M
[0.012s][info][gc,init] Large Page Support: Disabled
[0.012s][info][gc,init] NUMA Support: Disabled
[0.012s][info][gc,init] Compressed Oops: Enabled (Zero based)
[0.012s][info][gc,init] Alignments: Space 512K, Generation 512K, Heap 2M
[0.012s][info][gc,init] Heap Min Capacity: 2M
[0.012s][info][gc,init] Heap Initial Capacity: 2M
[0.012s][info][gc,init] Heap Max Capacity: 15100M
[0.013s][info][gc,init] Pre-touch: Disabled
[0.013s][info][gc,init] Parallel Workers: 8
[0.013s][info][gc,metaspace] CDS archive(s) not mapped
[0.013s][info][gc,metaspace] Compressed class space mapped at: 0x0000000800000000-0x0000000840000000, reserved size: 1073741824
[0.013s][info][gc,metaspace] Narrow klass base: 0x0000000800000000, Narrow klass shift: 0, Narrow klass range: 0x40000000
[0.115s][info][gc,start    ] GC(0) Pause Young (Allocation Failure)
[0.116s][info][gc,heap     ] GC(0) PSYoungGen: 512K(1024K)->480K(1024K) Eden: 512K(512K)->0K(512K) From: 0K(512K)->480K(512K)
[0.116s][info][gc,heap     ] GC(0) ParOldGen: 0K(512K)->8K(512K)
[0.116s][info][gc,metaspace] GC(0) Metaspace: 4229K(4352K)->4229K(4352K) NonClass: 3908K(3968K)->3908K(3968K) Class: 321K(384K)->321K(384K)
[0.116s][info][gc          ] GC(0) Pause Young (Allocation Failure) 0M->0M(1M) 1.281ms
[0.116s][info][gc,cpu      ] GC(0) User=0.00s Sys=0.00s Real=0.00s
[0.177s][info][gc,start    ] GC(1) Pause Young (Allocation Failure)
[0.178s][info][gc,heap     ] GC(1) PSYoungGen: 991K(1024K)->512K(1536K) Eden: 511K(512K)->0K(1024K) From: 480K(512K)->512K(512K)
[0.178s][info][gc,heap     ] GC(1) ParOldGen: 8K(512K)->88K(512K)
[0.178s][info][gc,metaspace] GC(1) Metaspace: 5877K(6016K)->5877K(6016K) NonClass: 5381K(5504K)->5381K(5504K) Class: 496K(512K)->496K(512K)
[0.178s][info][gc          ] GC(1) Pause Young (Allocation Failure) 0M->0M(2M) 0.952ms
[0.178s][info][gc,cpu      ] GC(1) User=0.00s Sys=0.00s Real=0.00s
[0.200s][info][gc,start    ] GC(2) Pause Young (Allocation Failure)
[0.202s][info][gc,heap     ] GC(2) PSYoungGen: 1536K(1536K)->512K(1536K) Eden: 1024K(1024K)->0K(1024K) From: 512K(512K)->512K(512K)
[0.202s][info][gc,heap     ] GC(2) ParOldGen: 88K(512K)->496K(512K)
[0.202s][info][gc,metaspace] GC(2) Metaspace: 6296K(6464K)->6296K(6464K) NonClass: 5762K(5824K)->5762K(5824K) Class: 533K(640K)->533K(640K)
[0.202s][info][gc          ] GC(2) Pause Young (Allocation Failure) 1M->0M(2M) 1.586ms
[0.202s][info][gc,cpu      ] GC(2) User=0.00s Sys=0.00s Real=0.00s
[0.202s][info][gc,start    ] GC(3) Pause Full (Ergonomics)
[0.202s][info][gc,phases,start] GC(3) Marking Phase
[0.203s][info][gc,phases      ] GC(3) Marking Phase 1.038ms
[0.203s][info][gc,phases,start] GC(3) Summary Phase
[0.203s][info][gc,phases      ] GC(3) Summary Phase 0.015ms
[0.203s][info][gc,phases,start] GC(3) Adjust Roots
[0.203s][info][gc,phases      ] GC(3) Adjust Roots 0.377ms
[0.203s][info][gc,phases,start] GC(3) Compaction Phase
[0.205s][info][gc,phases      ] GC(3) Compaction Phase 1.932ms
[0.205s][info][gc,phases,start] GC(3) Post Compact
[0.206s][info][gc,phases      ] GC(3) Post Compact 0.095ms
[0.206s][info][gc,heap        ] GC(3) PSYoungGen: 512K(1536K)->509K(1536K) Eden: 0K(1024K)->0K(1024K) From: 512K(512K)->509K(512K)
[0.206s][info][gc,heap        ] GC(3) ParOldGen: 496K(512K)->471K(2048K)
[0.206s][info][gc,metaspace   ] GC(3) Metaspace: 6296K(6464K)->6296K(6464K) NonClass: 5762K(5824K)->5762K(5824K) Class: 533K(640K)->533K(640K)
[0.206s][info][gc             ] GC(3) Pause Full (Ergonomics) 0M->0M(3M) 3.759ms
[0.206s][info][gc,cpu         ] GC(3) User=0.00s Sys=0.00s Real=0.00s
[0.207s][info][gc,start       ] GC(4) Pause Young (Allocation Failure)
[0.209s][info][gc,heap        ] GC(4) PSYoungGen: 1533K(1536K)->480K(2560K) Eden: 1024K(1024K)->0K(2048K) From: 509K(512K)->480K(512K)
[0.209s][info][gc,heap        ] GC(4) ParOldGen: 471K(2048K)->1035K(2048K)
[0.209s][info][gc,metaspace   ] GC(4) Metaspace: 6296K(6464K)->6296K(6464K) NonClass: 5762K(5824K)->5762K(5824K) Class: 533K(640K)->533K(640K)
[0.209s][info][gc             ] GC(4) Pause Young (Allocation Failure) 1M->1M(4M) 1.560ms
[0.209s][info][gc,cpu         ] GC(4) User=0.00s Sys=0.00s Real=0.00s
[0.212s][info][gc,start       ] GC(5) Pause Young (Allocation Failure)
[0.214s][info][gc,heap        ] GC(5) PSYoungGen: 2528K(2560K)->480K(2560K) Eden: 2048K(2048K)->0K(2048K) From: 480K(512K)->480K(512K)
[0.214s][info][gc,heap        ] GC(5) ParOldGen: 1035K(2048K)->2107K(2560K)
[0.214s][info][gc,metaspace   ] GC(5) Metaspace: 6296K(6464K)->6296K(6464K) NonClass: 5762K(5824K)->5762K(5824K) Class: 533K(640K)->533K(640K)
[0.214s][info][gc             ] GC(5) Pause Young (Allocation Failure) 3M->2M(5M) 1.833ms
[0.214s][info][gc,cpu         ] GC(5) User=0.00s Sys=0.00s Real=0.00s
[0.214s][info][gc,start       ] GC(6) Pause Full (Ergonomics)
[0.214s][info][gc,phases,start] GC(6) Marking Phase
[0.215s][info][gc,phases      ] GC(6) Marking Phase 1.453ms
[0.216s][info][gc,phases,start] GC(6) Summary Phase
[0.216s][info][gc,phases      ] GC(6) Summary Phase 0.018ms
[0.216s][info][gc,phases,start] GC(6) Adjust Roots
[0.216s][info][gc,phases      ] GC(6) Adjust Roots 0.322ms
[0.216s][info][gc,phases,start] GC(6) Compaction Phase
[0.219s][info][gc,phases      ] GC(6) Compaction Phase 2.609ms
[0.219s][info][gc,phases,start] GC(6) Post Compact
[0.219s][info][gc,phases      ] GC(6) Post Compact 0.035ms
[0.219s][info][gc,heap        ] GC(6) PSYoungGen: 480K(2560K)->0K(4096K) Eden: 0K(2048K)->0K(3072K) From: 480K(512K)->0K(1024K)
[0.219s][info][gc,heap        ] GC(6) ParOldGen: 2107K(2560K)->2542K(6144K)
[0.219s][info][gc,metaspace   ] GC(6) Metaspace: 6296K(6464K)->6296K(6464K) NonClass: 5762K(5824K)->5762K(5824K) Class: 533K(640K)->533K(640K)
[0.219s][info][gc             ] GC(6) Pause Full (Ergonomics) 2M->2M(10M) 4.807ms
[0.219s][info][gc,cpu         ] GC(6) User=0.00s Sys=0.00s Real=0.00s
[0.223s][info][gc,start       ] GC(7) Pause Young (Allocation Failure)
[0.225s][info][gc,heap        ] GC(7) PSYoungGen: 3072K(4096K)->1664K(5120K) Eden: 3072K(3072K)->0K(3072K) From: 0K(1024K)->1664K(2048K)
[0.225s][info][gc,heap        ] GC(7) ParOldGen: 2542K(6144K)->2542K(6144K)
[0.225s][info][gc,metaspace   ] GC(7) Metaspace: 6296K(6464K)->6296K(6464K) NonClass: 5762K(5824K)->5762K(5824K) Class: 533K(640K)->533K(640K)
[0.225s][info][gc             ] GC(7) Pause Young (Allocation Failure) 5M->4M(11M) 2.044ms
[0.225s][info][gc,cpu         ] GC(7) User=0.00s Sys=0.00s Real=0.00s
[0.229s][info][gc,start       ] GC(8) Pause Young (Allocation Failure)
[0.232s][info][gc,heap        ] GC(8) PSYoungGen: 4736K(5120K)->2016K(5632K) Eden: 3072K(3072K)->0K(3584K) From: 1664K(2048K)->2016K(2048K)
[0.232s][info][gc,heap        ] GC(8) ParOldGen: 2542K(6144K)->3766K(6144K)
[0.232s][info][gc,metaspace   ] GC(8) Metaspace: 6296K(6464K)->6296K(6464K) NonClass: 5762K(5824K)->5762K(5824K) Class: 533K(640K)->533K(640K)
[0.232s][info][gc             ] GC(8) Pause Young (Allocation Failure) 7M->5M(11M) 2.835ms
[0.232s][info][gc,cpu         ] GC(8) User=0.02s Sys=0.00s Real=0.00s
[0.239s][info][gc,start       ] GC(9) Pause Young (Allocation Failure)
[0.243s][info][gc,heap        ] GC(9) PSYoungGen: 5600K(5632K)->3040K(6656K) Eden: 3584K(3584K)->0K(3584K) From: 2016K(2048K)->3040K(3072K)
[0.243s][info][gc,heap        ] GC(9) ParOldGen: 3766K(6144K)->4606K(6144K)
[0.243s][info][gc,metaspace   ] GC(9) Metaspace: 6296K(6464K)->6296K(6464K) NonClass: 5762K(5824K)->5762K(5824K) Class: 533K(640K)->533K(640K)
[0.243s][info][gc             ] GC(9) Pause Young (Allocation Failure) 9M->7M(12M) 4.204ms
[0.243s][info][gc,cpu         ] GC(9) User=0.00s Sys=0.00s Real=0.00s
[0.249s][info][gc,start       ] GC(10) Pause Young (Allocation Failure)
[0.254s][info][gc,heap        ] GC(10) PSYoungGen: 6624K(6656K)->4064K(8704K) Eden: 3584K(3584K)->0K(4608K) From: 3040K(3072K)->4064K(4096K)
[0.254s][info][gc,heap        ] GC(10) ParOldGen: 4606K(6144K)->5446K(6144K)
[0.254s][info][gc,metaspace   ] GC(10) Metaspace: 6296K(6464K)->6296K(6464K) NonClass: 5762K(5824K)->5762K(5824K) Class: 533K(640K)->533K(640K)
[0.254s][info][gc             ] GC(10) Pause Young (Allocation Failure) 10M->9M(14M) 5.034ms
[0.254s][info][gc,cpu         ] GC(10) User=0.00s Sys=0.00s Real=0.01s
[0.254s][info][gc,start       ] GC(11) Pause Full (Ergonomics)
[0.254s][info][gc,phases,start] GC(11) Marking Phase
[0.258s][info][gc,phases      ] GC(11) Marking Phase 4.271ms
[0.258s][info][gc,phases,start] GC(11) Summary Phase
[0.258s][info][gc,phases      ] GC(11) Summary Phase 0.015ms
[0.258s][info][gc,phases,start] GC(11) Adjust Roots
[0.258s][info][gc,phases      ] GC(11) Adjust Roots 0.351ms
[0.259s][info][gc,phases,start] GC(11) Compaction Phase
[0.264s][info][gc,phases      ] GC(11) Compaction Phase 5.792ms
[0.264s][info][gc,phases,start] GC(11) Post Compact
[0.264s][info][gc,phases      ] GC(11) Post Compact 0.073ms
[0.265s][info][gc,heap        ] GC(11) PSYoungGen: 4064K(8704K)->3545K(8704K) Eden: 0K(4608K)->0K(4608K) From: 4064K(4096K)->3545K(4096K)
[0.265s][info][gc,heap        ] GC(11) ParOldGen: 5446K(6144K)->5820K(10752K)
[0.265s][info][gc,metaspace   ] GC(11) Metaspace: 6296K(6464K)->6296K(6464K) NonClass: 5762K(5824K)->5762K(5824K) Class: 533K(640K)->533K(640K)
[0.265s][info][gc             ] GC(11) Pause Full (Ergonomics) 9M->9M(19M) 10.875ms
[0.265s][info][gc,cpu         ] GC(11) User=0.02s Sys=0.00s Real=0.01s
[0.270s][info][gc,start       ] GC(12) Pause Young (Allocation Failure)
[0.275s][info][gc,heap        ] GC(12) PSYoungGen: 8099K(8704K)->5088K(9728K) Eden: 4553K(4608K)->0K(4608K) From: 3545K(4096K)->5088K(5120K)
[0.275s][info][gc,heap        ] GC(12) ParOldGen: 5820K(10752K)->6612K(10752K)
[0.275s][info][gc,metaspace   ] GC(12) Metaspace: 6296K(6464K)->6296K(6464K) NonClass: 5762K(5824K)->5762K(5824K) Class: 533K(640K)->533K(640K)
[0.275s][info][gc             ] GC(12) Pause Young (Allocation Failure) 13M->11M(20M) 4.648ms
[0.275s][info][gc,cpu         ] GC(12) User=0.00s Sys=0.00s Real=0.01s
[0.282s][info][gc,start       ] GC(13) Pause Young (Allocation Failure)
[0.289s][info][gc,heap        ] GC(13) PSYoungGen: 9696K(9728K)->6112K(11264K) Eden: 4608K(4608K)->0K(5120K) From: 5088K(5120K)->6112K(6144K)
[0.289s][info][gc,heap        ] GC(13) ParOldGen: 6612K(10752K)->7988K(10752K)
[0.289s][info][gc,metaspace   ] GC(13) Metaspace: 6296K(6464K)->6296K(6464K) NonClass: 5762K(5824K)->5762K(5824K) Class: 533K(640K)->533K(640K)
[0.289s][info][gc             ] GC(13) Pause Young (Allocation Failure) 15M->13M(21M) 7.266ms
[0.289s][info][gc,cpu         ] GC(13) User=0.00s Sys=0.00s Real=0.01s
[0.296s][info][gc,start       ] GC(14) Pause Young (Allocation Failure)
[0.303s][info][gc,heap        ] GC(14) PSYoungGen: 11232K(11264K)->5216K(12800K) Eden: 5120K(5120K)->0K(5120K) From: 6112K(6144K)->5216K(7680K)
[0.303s][info][gc,heap        ] GC(14) ParOldGen: 7988K(10752K)->11588K(11776K)
[0.303s][info][gc,metaspace   ] GC(14) Metaspace: 6298K(6464K)->6298K(6464K) NonClass: 5764K(5824K)->5764K(5824K) Class: 533K(640K)->533K(640K)
[0.303s][info][gc             ] GC(14) Pause Young (Allocation Failure) 18M->16M(24M) 7.118ms
[0.303s][info][gc,cpu         ] GC(14) User=0.00s Sys=0.00s Real=0.01s
[0.303s][info][gc,start       ] GC(15) Pause Full (Ergonomics)
[0.303s][info][gc,phases,start] GC(15) Marking Phase
[0.311s][info][gc,phases      ] GC(15) Marking Phase 8.154ms
[0.311s][info][gc,phases,start] GC(15) Summary Phase
[0.311s][info][gc,phases      ] GC(15) Summary Phase 0.016ms
[0.311s][info][gc,phases,start] GC(15) Adjust Roots
[0.311s][info][gc,phases      ] GC(15) Adjust Roots 0.229ms
[0.311s][info][gc,phases,start] GC(15) Compaction Phase
[0.318s][info][gc,phases      ] GC(15) Compaction Phase 6.750ms
[0.318s][info][gc,phases,start] GC(15) Post Compact
[0.318s][info][gc,phases      ] GC(15) Post Compact 0.062ms
[0.318s][info][gc,heap        ] GC(15) PSYoungGen: 5216K(12800K)->5172K(12800K) Eden: 0K(5120K)->0K(5120K) From: 5216K(7680K)->5172K(7680K)
[0.318s][info][gc,heap        ] GC(15) ParOldGen: 11588K(11776K)->11477K(18432K)
[0.318s][info][gc,metaspace   ] GC(15) Metaspace: 6298K(6464K)->6298K(6464K) NonClass: 5764K(5824K)->5764K(5824K) Class: 533K(640K)->533K(640K)
[0.318s][info][gc             ] GC(15) Pause Full (Ergonomics) 16M->16M(30M) 15.565ms
[0.318s][info][gc,cpu         ] GC(15) User=0.02s Sys=0.00s Real=0.02s
[0.322s][info][gc,start       ] GC(16) Pause Young (Allocation Failure)
[0.328s][info][gc,heap        ] GC(16) PSYoungGen: 10292K(12800K)->2688K(14336K) Eden: 5120K(5120K)->0K(7168K) From: 5172K(7680K)->2688K(7168K)
[0.328s][info][gc,heap        ] GC(16) ParOldGen: 11477K(18432K)->16733K(18432K)
[0.328s][info][gc,metaspace   ] GC(16) Metaspace: 6298K(6464K)->6298K(6464K) NonClass: 5764K(5824K)->5764K(5824K) Class: 533K(640K)->533K(640K)
[0.328s][info][gc             ] GC(16) Pause Young (Allocation Failure) 21M->18M(32M) 6.533ms
[0.328s][info][gc,cpu         ] GC(16) User=0.02s Sys=0.00s Real=0.01s
[0.328s][info][gc,start       ] GC(17) Pause Full (Ergonomics)
[0.328s][info][gc,phases,start] GC(17) Marking Phase
[0.337s][info][gc,phases      ] GC(17) Marking Phase 8.382ms
[0.337s][info][gc,phases,start] GC(17) Summary Phase
[0.337s][info][gc,phases      ] GC(17) Summary Phase 0.016ms
[0.337s][info][gc,phases,start] GC(17) Adjust Roots
[0.337s][info][gc,phases      ] GC(17) Adjust Roots 0.169ms
[0.337s][info][gc,phases,start] GC(17) Compaction Phase
[0.344s][info][gc,phases      ] GC(17) Compaction Phase 7.143ms
[0.344s][info][gc,phases,start] GC(17) Post Compact
[0.344s][info][gc,phases      ] GC(17) Post Compact 0.079ms
[0.344s][info][gc,heap        ] GC(17) PSYoungGen: 2688K(14336K)->1106K(14848K) Eden: 0K(7168K)->0K(7680K) From: 2688K(7168K)->1106K(7168K)
[0.344s][info][gc,heap        ] GC(17) ParOldGen: 16733K(18432K)->18182K(27648K)
[0.344s][info][gc,metaspace   ] GC(17) Metaspace: 6298K(6464K)->6298K(6464K) NonClass: 5764K(5824K)->5764K(5824K) Class: 533K(640K)->533K(640K)
[0.344s][info][gc             ] GC(17) Pause Full (Ergonomics) 18M->18M(41M) 16.090ms
[0.344s][info][gc,cpu         ] GC(17) User=0.02s Sys=0.00s Real=0.02s
[0.348s][info][gc,start       ] GC(18) Pause Young (Allocation Failure)
[0.353s][info][gc,heap        ] GC(18) PSYoungGen: 7796K(14848K)->3424K(15360K) Eden: 6689K(7680K)->0K(7680K) From: 1106K(7168K)->3424K(7680K)
[0.354s][info][gc,heap        ] GC(18) ParOldGen: 18182K(27648K)->19310K(27648K)
[0.354s][info][gc,metaspace   ] GC(18) Metaspace: 6298K(6464K)->6298K(6464K) NonClass: 5764K(5824K)->5764K(5824K) Class: 533K(640K)->533K(640K)
[0.354s][info][gc             ] GC(18) Pause Young (Allocation Failure) 25M->22M(42M) 5.095ms
[0.354s][info][gc,cpu         ] GC(18) User=0.00s Sys=0.00s Real=0.00s
[0.361s][info][gc,start       ] GC(19) Pause Young (Allocation Failure)
[0.368s][info][gc,heap        ] GC(19) PSYoungGen: 11104K(15360K)->4512K(17920K) Eden: 7680K(7680K)->0K(10240K) From: 3424K(7680K)->4512K(7680K)
[0.368s][info][gc,heap        ] GC(19) ParOldGen: 19310K(27648K)->22766K(27648K)
[0.368s][info][gc,metaspace   ] GC(19) Metaspace: 6298K(6464K)->6298K(6464K) NonClass: 5764K(5824K)->5764K(5824K) Class: 533K(640K)->533K(640K)
[0.368s][info][gc             ] GC(19) Pause Young (Allocation Failure) 29M->26M(44M) 6.716ms
[0.368s][info][gc,cpu         ] GC(19) User=0.00s Sys=0.00s Real=0.01s
[0.374s][info][gc,start       ] GC(20) Pause Young (Allocation Failure)
[0.381s][info][gc,heap        ] GC(20) PSYoungGen: 14752K(17920K)->5344K(17920K) Eden: 10240K(10240K)->0K(10240K) From: 4512K(7680K)->5344K(7680K)
[0.381s][info][gc,heap        ] GC(20) ParOldGen: 22766K(27648K)->27294K(27648K)
[0.381s][info][gc,metaspace   ] GC(20) Metaspace: 6298K(6464K)->6298K(6464K) NonClass: 5764K(5824K)->5764K(5824K) Class: 533K(640K)->533K(640K)
[0.381s][info][gc             ] GC(20) Pause Young (Allocation Failure) 36M->31M(44M) 7.222ms
[0.381s][info][gc,cpu         ] GC(20) User=0.00s Sys=0.00s Real=0.01s
[0.381s][info][gc,start       ] GC(21) Pause Full (Ergonomics)
[0.381s][info][gc,phases,start] GC(21) Marking Phase
[0.394s][info][gc,phases      ] GC(21) Marking Phase 13.236ms
[0.394s][info][gc,phases,start] GC(21) Summary Phase
[0.394s][info][gc,phases      ] GC(21) Summary Phase 0.016ms
[0.394s][info][gc,phases,start] GC(21) Adjust Roots
[0.395s][info][gc,phases      ] GC(21) Adjust Roots 0.169ms
[0.395s][info][gc,phases,start] GC(21) Compaction Phase
[0.407s][info][gc,phases      ] GC(21) Compaction Phase 12.524ms
[0.407s][info][gc,phases,start] GC(21) Post Compact
[0.407s][info][gc,phases      ] GC(21) Post Compact 0.107ms
[0.407s][info][gc,heap        ] GC(21) PSYoungGen: 5344K(17920K)->4780K(17920K) Eden: 0K(10240K)->0K(10240K) From: 5344K(7680K)->4780K(7680K)
[0.408s][info][gc,heap        ] GC(21) ParOldGen: 27294K(27648K)->27140K(38912K)
[0.408s][info][gc,metaspace   ] GC(21) Metaspace: 6298K(6464K)->6298K(6464K) NonClass: 5764K(5824K)->5764K(5824K) Class: 533K(640K)->533K(640K)
[0.408s][info][gc             ] GC(21) Pause Full (Ergonomics) 31M->31M(55M) 26.447ms
[0.408s][info][gc,cpu         ] GC(21) User=0.00s Sys=0.00s Real=0.03s
[0.417s][info][gc,start       ] GC(22) Pause Young (Allocation Failure)
[0.428s][info][gc,heap        ] GC(22) PSYoungGen: 15020K(17920K)->8192K(17920K) Eden: 10240K(10240K)->0K(9728K) From: 4780K(7680K)->8192K(8192K)
[0.428s][info][gc,heap        ] GC(22) ParOldGen: 27140K(38912K)->32980K(38912K)
[0.428s][info][gc,metaspace   ] GC(22) Metaspace: 6298K(6464K)->6298K(6464K) NonClass: 5764K(5824K)->5764K(5824K) Class: 533K(640K)->533K(640K)
[0.428s][info][gc             ] GC(22) Pause Young (Allocation Failure) 41M->40M(55M) 11.572ms
[0.428s][info][gc,cpu         ] GC(22) User=0.00s Sys=0.00s Real=0.01s
[0.428s][info][gc,start       ] GC(23) Pause Full (Ergonomics)
[0.428s][info][gc,phases,start] GC(23) Marking Phase
[0.444s][info][gc,phases      ] GC(23) Marking Phase 15.985ms
[0.444s][info][gc,phases,start] GC(23) Summary Phase
[0.444s][info][gc,phases      ] GC(23) Summary Phase 0.021ms
[0.444s][info][gc,phases,start] GC(23) Adjust Roots
[0.445s][info][gc,phases      ] GC(23) Adjust Roots 0.183ms
[0.445s][info][gc,phases,start] GC(23) Compaction Phase
[0.456s][info][gc,phases      ] GC(23) Compaction Phase 10.940ms
[0.456s][info][gc,phases,start] GC(23) Post Compact
[0.456s][info][gc,phases      ] GC(23) Post Compact 0.201ms
[0.456s][info][gc,heap        ] GC(23) PSYoungGen: 8192K(17920K)->2555K(17920K) Eden: 0K(9728K)->0K(9728K) From: 8192K(8192K)->2555K(8192K)
[0.456s][info][gc,heap        ] GC(23) ParOldGen: 32980K(38912K)->38496K(52736K)
[0.456s][info][gc,metaspace   ] GC(23) Metaspace: 6298K(6464K)->6298K(6464K) NonClass: 5764K(5824K)->5764K(5824K) Class: 533K(640K)->533K(640K)
[0.456s][info][gc             ] GC(23) Pause Full (Ergonomics) 40M->40M(69M) 27.731ms
[0.456s][info][gc,cpu         ] GC(23) User=0.00s Sys=0.00s Real=0.03s
[0.470s][info][gc,start       ] GC(24) Pause Young (Allocation Failure)
[0.480s][info][gc,heap        ] GC(24) PSYoungGen: 12283K(17920K)->9760K(20992K) Eden: 9728K(9728K)->0K(9728K) From: 2555K(8192K)->9760K(11264K)
[0.480s][info][gc,heap        ] GC(24) ParOldGen: 38496K(52736K)->41096K(52736K)
[0.480s][info][gc,metaspace   ] GC(24) Metaspace: 6298K(6464K)->6298K(6464K) NonClass: 5764K(5824K)->5764K(5824K) Class: 533K(640K)->533K(640K)
[0.480s][info][gc             ] GC(24) Pause Young (Allocation Failure) 49M->49M(72M) 9.852ms
[0.480s][info][gc,cpu         ] GC(24) User=0.00s Sys=0.00s Real=0.01s
[0.489s][info][gc,start       ] GC(25) Pause Young (Allocation Failure)
[0.503s][info][gc,heap        ] GC(25) PSYoungGen: 19488K(20992K)->12768K(19968K) Eden: 9728K(9728K)->0K(7168K) From: 9760K(11264K)->12768K(12800K)
[0.503s][info][gc,heap        ] GC(25) ParOldGen: 41096K(52736K)->47864K(52736K)
[0.503s][info][gc,metaspace   ] GC(25) Metaspace: 6298K(6464K)->6298K(6464K) NonClass: 5764K(5824K)->5764K(5824K) Class: 533K(640K)->533K(640K)
[0.503s][info][gc             ] GC(25) Pause Young (Allocation Failure) 59M->59M(71M) 14.212ms
[0.503s][info][gc,cpu         ] GC(25) User=0.02s Sys=0.00s Real=0.02s
[0.503s][info][gc,start       ] GC(26) Pause Full (Ergonomics)
[0.503s][info][gc,phases,start] GC(26) Marking Phase
[0.527s][info][gc,phases      ] GC(26) Marking Phase 23.949ms
[0.527s][info][gc,phases,start] GC(26) Summary Phase
[0.527s][info][gc,phases      ] GC(26) Summary Phase 0.020ms
[0.527s][info][gc,phases,start] GC(26) Adjust Roots
[0.528s][info][gc,phases      ] GC(26) Adjust Roots 0.168ms
[0.528s][info][gc,phases,start] GC(26) Compaction Phase
[0.546s][info][gc,phases      ] GC(26) Compaction Phase 18.398ms
[0.546s][info][gc,phases,start] GC(26) Post Compact
[0.546s][info][gc,phases      ] GC(26) Post Compact 0.203ms
[0.546s][info][gc,heap        ] GC(26) PSYoungGen: 12768K(19968K)->7122K(19968K) Eden: 0K(7168K)->0K(7168K) From: 12768K(12800K)->7122K(12800K)
[0.546s][info][gc,heap        ] GC(26) ParOldGen: 47864K(52736K)->52307K(69120K)
[0.546s][info][gc,metaspace   ] GC(26) Metaspace: 6298K(6464K)->6298K(6464K) NonClass: 5764K(5824K)->5764K(5824K) Class: 533K(640K)->533K(640K)
[0.546s][info][gc             ] GC(26) Pause Full (Ergonomics) 59M->58M(87M) 43.103ms
[0.546s][info][gc,cpu         ] GC(26) User=0.05s Sys=0.00s Real=0.04s
[0.553s][info][gc,start       ] GC(27) Pause Young (Allocation Failure)
[0.567s][info][gc,heap        ] GC(27) PSYoungGen: 14290K(19968K)->7168K(24576K) Eden: 7168K(7168K)->0K(7168K) From: 7122K(12800K)->7168K(17408K)
[0.567s][info][gc,heap        ] GC(27) ParOldGen: 52307K(69120K)->59555K(69120K)
[0.567s][info][gc,metaspace   ] GC(27) Metaspace: 6298K(6464K)->6298K(6464K) NonClass: 5764K(5824K)->5764K(5824K) Class: 533K(640K)->533K(640K)
[0.567s][info][gc             ] GC(27) Pause Young (Allocation Failure) 65M->65M(91M) 13.449ms
[0.567s][info][gc,cpu         ] GC(27) User=0.00s Sys=0.00s Real=0.01s
[0.575s][info][gc,start       ] GC(28) Pause Young (Allocation Failure)
[0.585s][info][gc,heap        ] GC(28) PSYoungGen: 14336K(24576K)->14336K(23040K) Eden: 7168K(7168K)->0K(6656K) From: 7168K(17408K)->14336K(16384K)
[0.585s][info][gc,heap        ] GC(28) ParOldGen: 59555K(69120K)->59555K(69120K)
[0.585s][info][gc,metaspace   ] GC(28) Metaspace: 6298K(6464K)->6298K(6464K) NonClass: 5764K(5824K)->5764K(5824K) Class: 533K(640K)->533K(640K)
[0.585s][info][gc             ] GC(28) Pause Young (Allocation Failure) 72M->72M(90M) 10.206ms
[0.585s][info][gc,cpu         ] GC(28) User=0.00s Sys=0.00s Real=0.01s
[0.593s][info][gc,start       ] GC(29) Pause Young (Allocation Failure)
[0.606s][info][gc,heap        ] GC(29) PSYoungGen: 20992K(23040K)->13824K(25088K) Eden: 6656K(6656K)->0K(6656K) From: 14336K(16384K)->13824K(18432K)
[0.607s][info][gc,heap        ] GC(29) ParOldGen: 59555K(69120K)->66819K(69120K)
[0.607s][info][gc,metaspace   ] GC(29) Metaspace: 6298K(6464K)->6298K(6464K) NonClass: 5764K(5824K)->5764K(5824K) Class: 533K(640K)->533K(640K)
[0.607s][info][gc             ] GC(29) Pause Young (Allocation Failure) 78M->78M(92M) 13.700ms
[0.607s][info][gc,cpu         ] GC(29) User=0.00s Sys=0.00s Real=0.01s
[0.607s][info][gc,start       ] GC(30) Pause Full (Ergonomics)
[0.607s][info][gc,phases,start] GC(30) Marking Phase
[0.639s][info][gc,phases      ] GC(30) Marking Phase 32.209ms
[0.639s][info][gc,phases,start] GC(30) Summary Phase
[0.639s][info][gc,phases      ] GC(30) Summary Phase 0.019ms
[0.639s][info][gc,phases,start] GC(30) Adjust Roots
[0.639s][info][gc,phases      ] GC(30) Adjust Roots 0.216ms
[0.639s][info][gc,phases,start] GC(30) Compaction Phase
[0.659s][info][gc,phases      ] GC(30) Compaction Phase 19.866ms
[0.659s][info][gc,phases,start] GC(30) Post Compact
[0.660s][info][gc,phases      ] GC(30) Post Compact 0.391ms
[0.660s][info][gc,heap        ] GC(30) PSYoungGen: 13824K(25088K)->11720K(25088K) Eden: 0K(6656K)->0K(6656K) From: 13824K(18432K)->11720K(18432K)
[0.660s][info][gc,heap        ] GC(30) ParOldGen: 66819K(69120K)->68612K(89088K)
[0.660s][info][gc,metaspace   ] GC(30) Metaspace: 6298K(6464K)->6298K(6464K) NonClass: 5764K(5824K)->5764K(5824K) Class: 533K(640K)->533K(640K)
[0.660s][info][gc             ] GC(30) Pause Full (Ergonomics) 78M->78M(111M) 53.119ms
[0.660s][info][gc,cpu         ] GC(30) User=0.06s Sys=0.00s Real=0.05s
[0.667s][info][gc,start       ] GC(31) Pause Young (Allocation Failure)
[0.683s][info][gc,heap        ] GC(31) PSYoungGen: 18376K(25088K)->12192K(27648K) Eden: 6656K(6656K)->0K(8192K) From: 11720K(18432K)->12192K(19456K)
[0.683s][info][gc,heap        ] GC(31) ParOldGen: 68612K(89088K)->74948K(89088K)
[0.683s][info][gc,metaspace   ] GC(31) Metaspace: 6298K(6464K)->6298K(6464K) NonClass: 5764K(5824K)->5764K(5824K) Class: 533K(640K)->533K(640K)
[0.683s][info][gc             ] GC(31) Pause Young (Allocation Failure) 84M->85M(114M) 16.685ms
[0.684s][info][gc,cpu         ] GC(31) User=0.03s Sys=0.00s Real=0.02s
[0.701s][info][gc,start       ] GC(32) Pause Young (Allocation Failure)
[0.715s][info][gc,heap        ] GC(32) PSYoungGen: 20384K(27648K)->14848K(28160K) Eden: 8192K(8192K)->0K(8192K) From: 12192K(19456K)->14848K(19968K)
[0.715s][info][gc,heap        ] GC(32) ParOldGen: 74948K(89088K)->80532K(89088K)
[0.715s][info][gc,metaspace   ] GC(32) Metaspace: 6298K(6464K)->6298K(6464K) NonClass: 5764K(5824K)->5764K(5824K) Class: 533K(640K)->533K(640K)
[0.715s][info][gc             ] GC(32) Pause Young (Allocation Failure) 93M->93M(114M) 14.873ms
[0.715s][info][gc,cpu         ] GC(32) User=0.00s Sys=0.00s Real=0.01s
[0.715s][info][gc,start       ] GC(33) Pause Full (Ergonomics)
[0.715s][info][gc,phases,start] GC(33) Marking Phase
[0.755s][info][gc,phases      ] GC(33) Marking Phase 39.857ms
[0.755s][info][gc,phases,start] GC(33) Summary Phase
[0.755s][info][gc,phases      ] GC(33) Summary Phase 0.020ms
[0.755s][info][gc,phases,start] GC(33) Adjust Roots
[0.756s][info][gc,phases      ] GC(33) Adjust Roots 0.159ms
[0.756s][info][gc,phases,start] GC(33) Compaction Phase
[0.784s][info][gc,phases      ] GC(33) Compaction Phase 28.597ms
[0.784s][info][gc,phases,start] GC(33) Post Compact
[0.785s][info][gc,phases      ] GC(33) Post Compact 0.341ms
[0.785s][info][gc,heap        ] GC(33) PSYoungGen: 14848K(28160K)->4064K(28160K) Eden: 0K(8192K)->0K(8192K) From: 14848K(19968K)->4064K(19968K)
[0.785s][info][gc,heap        ] GC(33) ParOldGen: 80532K(89088K)->89023K(112128K)
[0.785s][info][gc,metaspace   ] GC(33) Metaspace: 6298K(6464K)->6298K(6464K) NonClass: 5764K(5824K)->5764K(5824K) Class: 533K(640K)->533K(640K)
[0.785s][info][gc             ] GC(33) Pause Full (Ergonomics) 93M->90M(137M) 69.394ms
[0.785s][info][gc,cpu         ] GC(33) User=0.09s Sys=0.00s Real=0.07s
[0.793s][info][gc,start       ] GC(34) Pause Young (Allocation Failure)
[0.805s][info][gc,heap        ] GC(34) PSYoungGen: 12256K(28160K)->10336K(29184K) Eden: 8192K(8192K)->0K(9728K) From: 4064K(19968K)->10336K(19456K)
[0.805s][info][gc,heap        ] GC(34) ParOldGen: 89023K(112128K)->91031K(112128K)
[0.805s][info][gc,metaspace   ] GC(34) Metaspace: 6298K(6464K)->6298K(6464K) NonClass: 5764K(5824K)->5764K(5824K) Class: 533K(640K)->533K(640K)
[0.805s][info][gc             ] GC(34) Pause Young (Allocation Failure) 98M->98M(138M) 12.634ms
[0.805s][info][gc,cpu         ] GC(34) User=0.00s Sys=0.00s Real=0.01s
[0.815s][info][gc,start       ] GC(35) Pause Young (Allocation Failure)
[0.825s][info][gc,heap        ] GC(35) PSYoungGen: 20064K(29184K)->20064K(30208K) Eden: 9728K(9728K)->0K(9728K) From: 10336K(19456K)->20064K(20480K)
[0.825s][info][gc,heap        ] GC(35) ParOldGen: 91031K(112128K)->91031K(112128K)
[0.825s][info][gc,metaspace   ] GC(35) Metaspace: 6298K(6464K)->6298K(6464K) NonClass: 5764K(5824K)->5764K(5824K) Class: 533K(640K)->533K(640K)
[0.825s][info][gc             ] GC(35) Pause Young (Allocation Failure) 108M->108M(139M) 10.464ms
[0.825s][info][gc,cpu         ] GC(35) User=0.02s Sys=0.00s Real=0.01s
[0.836s][info][gc,start       ] GC(36) Pause Young (Allocation Failure)
[0.852s][info][gc,heap        ] GC(36) PSYoungGen: 29792K(30208K)->23552K(28672K) Eden: 9728K(9728K)->0K(5120K) From: 20064K(20480K)->23552K(23552K)
[0.852s][info][gc,heap        ] GC(36) ParOldGen: 91031K(112128K)->97279K(112128K)
[0.852s][info][gc,metaspace   ] GC(36) Metaspace: 6298K(6464K)->6298K(6464K) NonClass: 5764K(5824K)->5764K(5824K) Class: 533K(640K)->533K(640K)
[0.852s][info][gc             ] GC(36) Pause Young (Allocation Failure) 117M->117M(137M) 16.527ms
[0.852s][info][gc,cpu         ] GC(36) User=0.05s Sys=0.00s Real=0.02s
[0.858s][info][gc,start       ] GC(37) Pause Young (Allocation Failure)
[0.872s][info][gc,heap        ] GC(37) PSYoungGen: 28672K(28672K)->19136K(34816K) Eden: 5120K(5120K)->0K(5120K) From: 23552K(23552K)->19136K(29696K)
[0.872s][info][gc,heap        ] GC(37) ParOldGen: 97279K(112128K)->106967K(112128K)
[0.872s][info][gc,metaspace   ] GC(37) Metaspace: 6298K(6464K)->6298K(6464K) NonClass: 5764K(5824K)->5764K(5824K) Class: 533K(640K)->533K(640K)
[0.872s][info][gc             ] GC(37) Pause Young (Allocation Failure) 122M->123M(143M) 13.963ms
[0.872s][info][gc,cpu         ] GC(37) User=0.00s Sys=0.00s Real=0.01s
[0.872s][info][gc,start       ] GC(38) Pause Full (Ergonomics)
[0.872s][info][gc,phases,start] GC(38) Marking Phase
[0.905s][info][gc,phases      ] GC(38) Marking Phase 33.277ms
[0.905s][info][gc,phases,start] GC(38) Summary Phase
[0.905s][info][gc,phases      ] GC(38) Summary Phase 0.021ms
[0.905s][info][gc,phases,start] GC(38) Adjust Roots
[0.906s][info][gc,phases      ] GC(38) Adjust Roots 0.149ms
[0.906s][info][gc,phases,start] GC(38) Compaction Phase
[0.924s][info][gc,phases      ] GC(38) Compaction Phase 18.153ms
[0.924s][info][gc,phases,start] GC(38) Post Compact
[0.924s][info][gc,phases      ] GC(38) Post Compact 0.639ms
[0.925s][info][gc,heap        ] GC(38) PSYoungGen: 19136K(34816K)->13954K(34816K) Eden: 0K(5120K)->0K(5120K) From: 19136K(29696K)->13954K(29696K)
[0.925s][info][gc,heap        ] GC(38) ParOldGen: 106967K(112128K)->111766K(137728K)
[0.925s][info][gc,metaspace   ] GC(38) Metaspace: 6298K(6464K)->6298K(6464K) NonClass: 5764K(5824K)->5764K(5824K) Class: 533K(640K)->533K(640K)
[0.925s][info][gc             ] GC(38) Pause Full (Ergonomics) 123M->122M(168M) 52.701ms
[0.925s][info][gc,cpu         ] GC(38) User=0.14s Sys=0.00s Real=0.05s
[0.930s][info][gc,start       ] GC(39) Pause Young (Allocation Failure)
[0.946s][info][gc,heap        ] GC(39) PSYoungGen: 19074K(34816K)->13312K(33280K) Eden: 5120K(5120K)->0K(6144K) From: 13954K(29696K)->13312K(27136K)
[0.946s][info][gc,heap        ] GC(39) ParOldGen: 111766K(137728K)->117710K(137728K)
[0.946s][info][gc,metaspace   ] GC(39) Metaspace: 6298K(6464K)->6298K(6464K) NonClass: 5764K(5824K)->5764K(5824K) Class: 533K(640K)->533K(640K)
[0.946s][info][gc             ] GC(39) Pause Young (Allocation Failure) 127M->127M(167M) 16.715ms
[0.946s][info][gc,cpu         ] GC(39) User=0.03s Sys=0.00s Real=0.02s
[0.953s][info][gc,start       ] GC(40) Pause Young (Allocation Failure)
[0.963s][info][gc,heap        ] GC(40) PSYoungGen: 19456K(33280K)->15328K(34816K) Eden: 6144K(6144K)->0K(6144K) From: 13312K(27136K)->15328K(28672K)
[0.963s][info][gc,heap        ] GC(40) ParOldGen: 117710K(137728K)->121886K(137728K)
[0.963s][info][gc,metaspace   ] GC(40) Metaspace: 6298K(6464K)->6298K(6464K) NonClass: 5764K(5824K)->5764K(5824K) Class: 533K(640K)->533K(640K)
[0.963s][info][gc             ] GC(40) Pause Young (Allocation Failure) 133M->133M(168M) 9.876ms
[0.963s][info][gc,cpu         ] GC(40) User=0.00s Sys=0.00s Real=0.01s
[0.970s][info][gc,start       ] GC(41) Pause Young (Allocation Failure)
[0.980s][info][gc,heap        ] GC(41) PSYoungGen: 21472K(34816K)->17440K(35840K) Eden: 6144K(6144K)->0K(7680K) From: 15328K(28672K)->17440K(28160K)
[0.980s][info][gc,heap        ] GC(41) ParOldGen: 121886K(137728K)->125974K(137728K)
[0.980s][info][gc,metaspace   ] GC(41) Metaspace: 6298K(6464K)->6298K(6464K) NonClass: 5764K(5824K)->5764K(5824K) Class: 533K(640K)->533K(640K)
[0.980s][info][gc             ] GC(41) Pause Young (Allocation Failure) 139M->140M(169M) 10.385ms
[0.980s][info][gc,cpu         ] GC(41) User=0.02s Sys=0.00s Real=0.01s
[0.989s][info][gc,start       ] GC(42) Pause Young (Allocation Failure)
[1.002s][info][gc,heap        ] GC(42) PSYoungGen: 25120K(35840K)->13888K(35840K) Eden: 7680K(7680K)->0K(7680K) From: 17440K(28160K)->13888K(28160K)
[1.002s][info][gc,heap        ] GC(42) ParOldGen: 125974K(137728K)->137358K(137728K)
[1.002s][info][gc,metaspace   ] GC(42) Metaspace: 6298K(6464K)->6298K(6464K) NonClass: 5764K(5824K)->5764K(5824K) Class: 533K(640K)->533K(640K)
[1.002s][info][gc             ] GC(42) Pause Young (Allocation Failure) 147M->147M(169M) 13.093ms
[1.002s][info][gc,cpu         ] GC(42) User=0.02s Sys=0.00s Real=0.01s
[1.002s][info][gc,start       ] GC(43) Pause Full (Ergonomics)
[1.002s][info][gc,phases,start] GC(43) Marking Phase
[1.046s][info][gc,phases      ] GC(43) Marking Phase 44.400ms
[1.046s][info][gc,phases,start] GC(43) Summary Phase
[1.046s][info][gc,phases      ] GC(43) Summary Phase 0.019ms
[1.046s][info][gc,phases,start] GC(43) Adjust Roots
[1.046s][info][gc,phases      ] GC(43) Adjust Roots 0.202ms
[1.046s][info][gc,phases,start] GC(43) Compaction Phase
[1.072s][info][gc,phases      ] GC(43) Compaction Phase 25.814ms
[1.072s][info][gc,phases,start] GC(43) Post Compact
[1.073s][info][gc,phases      ] GC(43) Post Compact 0.793ms
[1.073s][info][gc,heap        ] GC(43) PSYoungGen: 13888K(35840K)->13253K(35840K) Eden: 0K(7680K)->0K(7680K) From: 13888K(28160K)->13253K(28160K)
[1.073s][info][gc,heap        ] GC(43) ParOldGen: 137358K(137728K)->137437K(166400K)
[1.073s][info][gc,metaspace   ] GC(43) Metaspace: 6298K(6464K)->6298K(6464K) NonClass: 5764K(5824K)->5764K(5824K) Class: 533K(640K)->533K(640K)
[1.073s][info][gc             ] GC(43) Pause Full (Ergonomics) 147M->147M(197M) 71.700ms
[1.073s][info][gc,cpu         ] GC(43) User=0.20s Sys=0.00s Real=0.07s
[1.081s][info][gc,start       ] GC(44) Pause Young (Allocation Failure)
[1.101s][info][gc,heap        ] GC(44) PSYoungGen: 20933K(35840K)->7744K(34816K) Eden: 7680K(7680K)->0K(8704K) From: 13253K(28160K)->7744K(26112K)
[1.101s][info][gc,heap        ] GC(44) ParOldGen: 137437K(166400K)->150917K(166400K)
[1.101s][info][gc,metaspace   ] GC(44) Metaspace: 6298K(6464K)->6298K(6464K) NonClass: 5764K(5824K)->5764K(5824K) Class: 533K(640K)->533K(640K)
[1.101s][info][gc             ] GC(44) Pause Young (Allocation Failure) 154M->154M(196M) 19.665ms
[1.101s][info][gc,cpu         ] GC(44) User=0.05s Sys=0.00s Real=0.02s
[1.109s][info][gc,start       ] GC(45) Pause Young (Allocation Failure)
[1.118s][info][gc,heap        ] GC(45) PSYoungGen: 16448K(34816K)->8736K(35328K) Eden: 8704K(8704K)->0K(8704K) From: 7744K(26112K)->8736K(26624K)
[1.118s][info][gc,heap        ] GC(45) ParOldGen: 150917K(166400K)->158701K(166400K)
[1.118s][info][gc,metaspace   ] GC(45) Metaspace: 6298K(6464K)->6298K(6464K) NonClass: 5764K(5824K)->5764K(5824K) Class: 533K(640K)->533K(640K)
[1.118s][info][gc             ] GC(45) Pause Young (Allocation Failure) 163M->163M(197M) 9.055ms
[1.118s][info][gc,cpu         ] GC(45) User=0.00s Sys=0.00s Real=0.01s
[1.118s][info][gc,start       ] GC(46) Pause Full (Ergonomics)
[1.119s][info][gc,phases,start] GC(46) Marking Phase
[1.161s][info][gc,phases      ] GC(46) Marking Phase 42.369ms
[1.161s][info][gc,phases,start] GC(46) Summary Phase
[1.161s][info][gc,phases      ] GC(46) Summary Phase 0.017ms
[1.161s][info][gc,phases,start] GC(46) Adjust Roots
[1.161s][info][gc,phases      ] GC(46) Adjust Roots 0.135ms
[1.161s][info][gc,phases,start] GC(46) Compaction Phase
[1.183s][info][gc,phases      ] GC(46) Compaction Phase 21.381ms
[1.183s][info][gc,phases,start] GC(46) Post Compact
[1.183s][info][gc,phases      ] GC(46) Post Compact 0.864ms
[1.184s][info][gc,heap        ] GC(46) PSYoungGen: 8736K(35328K)->1005K(35328K) Eden: 0K(8704K)->0K(8704K) From: 8736K(26624K)->1005K(26624K)
[1.184s][info][gc,heap        ] GC(46) ParOldGen: 158701K(166400K)->166004K(199168K)
[1.184s][info][gc,metaspace   ] GC(46) Metaspace: 6298K(6464K)->6298K(6464K) NonClass: 5764K(5824K)->5764K(5824K) Class: 533K(640K)->533K(640K)
[1.184s][info][gc             ] GC(46) Pause Full (Ergonomics) 163M->163M(229M) 65.315ms
[1.184s][info][gc,cpu         ] GC(46) User=0.20s Sys=0.00s Real=0.06s
[1.193s][info][gc,start       ] GC(47) Pause Young (Allocation Failure)
[1.207s][info][gc,heap        ] GC(47) PSYoungGen: 9709K(35328K)->8768K(34304K) Eden: 8704K(8704K)->0K(10240K) From: 1005K(26624K)->8768K(24064K)
[1.208s][info][gc,heap        ] GC(47) ParOldGen: 166004K(199168K)->167052K(199168K)
[1.208s][info][gc,metaspace   ] GC(47) Metaspace: 6298K(6464K)->6298K(6464K) NonClass: 5764K(5824K)->5764K(5824K) Class: 533K(640K)->533K(640K)
[1.208s][info][gc             ] GC(47) Pause Young (Allocation Failure) 171M->171M(228M) 14.893ms
[1.208s][info][gc,cpu         ] GC(47) User=0.02s Sys=0.00s Real=0.02s
[1.232s][info][gc,start       ] GC(48) Pause Young (Allocation Failure)
[1.247s][info][gc,heap        ] GC(48) PSYoungGen: 19008K(34304K)->19040K(35328K) Eden: 10240K(10240K)->0K(10240K) From: 8768K(24064K)->19040K(25088K)
[1.247s][info][gc,heap        ] GC(48) ParOldGen: 167052K(199168K)->167052K(199168K)
[1.247s][info][gc,metaspace   ] GC(48) Metaspace: 6298K(6464K)->6298K(6464K) NonClass: 5764K(5824K)->5764K(5824K) Class: 533K(640K)->533K(640K)
[1.247s][info][gc             ] GC(48) Pause Young (Allocation Failure) 181M->181M(229M) 14.318ms
[1.247s][info][gc,cpu         ] GC(48) User=0.02s Sys=0.00s Real=0.01s
[1.257s][info][gc,start       ] GC(49) Pause Young (Allocation Failure)
[1.273s][info][gc,heap        ] GC(49) PSYoungGen: 29280K(35328K)->26592K(33792K) Eden: 10240K(10240K)->0K(7168K) From: 19040K(25088K)->26592K(26624K)
[1.273s][info][gc,heap        ] GC(49) ParOldGen: 167052K(199168K)->169668K(199168K)
[1.273s][info][gc,metaspace   ] GC(49) Metaspace: 6298K(6464K)->6298K(6464K) NonClass: 5764K(5824K)->5764K(5824K) Class: 533K(640K)->533K(640K)
[1.273s][info][gc             ] GC(49) Pause Young (Allocation Failure) 191M->191M(227M) 15.840ms
[1.273s][info][gc,cpu         ] GC(49) User=0.02s Sys=0.00s Real=0.01s
[1.280s][info][gc,start       ] GC(50) Pause Young (Allocation Failure)
[1.298s][info][gc,heap        ] GC(50) PSYoungGen: 33760K(33792K)->16288K(38400K) Eden: 7168K(7168K)->0K(7168K) From: 26592K(26624K)->16288K(31232K)
[1.298s][info][gc,heap        ] GC(50) ParOldGen: 169668K(199168K)->187316K(199168K)
[1.298s][info][gc,metaspace   ] GC(50) Metaspace: 6298K(6464K)->6298K(6464K) NonClass: 5764K(5824K)->5764K(5824K) Class: 533K(640K)->533K(640K)
[1.298s][info][gc             ] GC(50) Pause Young (Allocation Failure) 198M->198M(232M) 18.781ms
[1.298s][info][gc,cpu         ] GC(50) User=0.02s Sys=0.00s Real=0.02s
[1.298s][info][gc,start       ] GC(51) Pause Full (Ergonomics)
[1.298s][info][gc,phases,start] GC(51) Marking Phase
[1.347s][info][gc,phases      ] GC(51) Marking Phase 48.742ms
[1.347s][info][gc,phases,start] GC(51) Summary Phase
[1.347s][info][gc,phases      ] GC(51) Summary Phase 0.020ms
[1.347s][info][gc,phases,start] GC(51) Adjust Roots
[1.347s][info][gc,phases      ] GC(51) Adjust Roots 0.146ms
[1.347s][info][gc,phases,start] GC(51) Compaction Phase
[1.384s][info][gc,phases      ] GC(51) Compaction Phase 37.008ms
[1.384s][info][gc,phases,start] GC(51) Post Compact
[1.385s][info][gc,phases      ] GC(51) Post Compact 0.853ms
[1.386s][info][gc,heap        ] GC(51) PSYoungGen: 16288K(38400K)->0K(38912K) Eden: 0K(7168K)->0K(8704K) From: 16288K(31232K)->0K(30208K)
[1.386s][info][gc,heap        ] GC(51) ParOldGen: 187316K(199168K)->199159K(237056K)
[1.386s][info][gc,metaspace   ] GC(51) Metaspace: 6298K(6464K)->6298K(6464K) NonClass: 5764K(5824K)->5764K(5824K) Class: 533K(640K)->533K(640K)
[1.386s][info][gc             ] GC(51) Pause Full (Ergonomics) 198M->194M(269M) 87.247ms
[1.386s][info][gc,cpu         ] GC(51) User=0.28s Sys=0.00s Real=0.09s
[1.395s][info][gc,start       ] GC(52) Pause Young (Allocation Failure)
[1.401s][info][gc,heap        ] GC(52) PSYoungGen: 8704K(38912K)->8800K(38912K) Eden: 8704K(8704K)->0K(8704K) From: 0K(30208K)->8800K(30208K)
[1.401s][info][gc,heap        ] GC(52) ParOldGen: 199159K(237056K)->199159K(237056K)
[1.401s][info][gc,metaspace   ] GC(52) Metaspace: 6298K(6464K)->6298K(6464K) NonClass: 5764K(5824K)->5764K(5824K) Class: 533K(640K)->533K(640K)
[1.401s][info][gc             ] GC(52) Pause Young (Allocation Failure) 202M->203M(269M) 5.588ms
[1.401s][info][gc,cpu         ] GC(52) User=0.00s Sys=0.00s Real=0.00s
[1.410s][info][gc,start       ] GC(53) Pause Young (Allocation Failure)
[1.419s][info][gc,heap        ] GC(53) PSYoungGen: 17504K(38912K)->17472K(38912K) Eden: 8704K(8704K)->0K(10240K) From: 8800K(30208K)->17472K(28672K)
[1.419s][info][gc,heap        ] GC(53) ParOldGen: 199159K(237056K)->199159K(237056K)
[1.419s][info][gc,metaspace   ] GC(53) Metaspace: 6298K(6464K)->6298K(6464K) NonClass: 5764K(5824K)->5764K(5824K) Class: 533K(640K)->533K(640K)
[1.419s][info][gc             ] GC(53) Pause Young (Allocation Failure) 211M->211M(269M) 8.962ms
[1.419s][info][gc,cpu         ] GC(53) User=0.02s Sys=0.00s Real=0.01s
[1.431s][info][gc,start       ] GC(54) Pause Young (Allocation Failure)
[1.444s][info][gc,heap        ] GC(54) PSYoungGen: 27712K(38912K)->27712K(39424K) Eden: 10240K(10240K)->0K(10240K) From: 17472K(28672K)->27712K(29184K)
[1.444s][info][gc,heap        ] GC(54) ParOldGen: 199159K(237056K)->199159K(237056K)
[1.444s][info][gc,metaspace   ] GC(54) Metaspace: 6298K(6464K)->6298K(6464K) NonClass: 5764K(5824K)->5764K(5824K) Class: 533K(640K)->533K(640K)
[1.444s][info][gc             ] GC(54) Pause Young (Allocation Failure) 221M->221M(270M) 13.488ms
[1.444s][info][gc,cpu         ] GC(54) User=0.00s Sys=0.00s Real=0.01s
[1.455s][info][gc,start       ] GC(55) Pause Young (Allocation Failure)
[1.474s][info][gc,heap        ] GC(55) PSYoungGen: 37952K(39424K)->32768K(37888K) Eden: 10240K(10240K)->0K(5120K) From: 27712K(29184K)->32768K(32768K)
[1.474s][info][gc,heap        ] GC(55) ParOldGen: 199159K(237056K)->204327K(237056K)
[1.474s][info][gc,metaspace   ] GC(55) Metaspace: 6298K(6464K)->6298K(6464K) NonClass: 5764K(5824K)->5764K(5824K) Class: 533K(640K)->533K(640K)
[1.474s][info][gc             ] GC(55) Pause Young (Allocation Failure) 231M->231M(268M) 18.781ms
[1.474s][info][gc,cpu         ] GC(55) User=0.06s Sys=0.03s Real=0.02s
[1.481s][info][gc,start       ] GC(56) Pause Young (Allocation Failure)
[1.498s][info][gc,heap        ] GC(56) PSYoungGen: 37888K(37888K)->23680K(44544K) Eden: 5120K(5120K)->0K(5120K) From: 32768K(32768K)->23680K(39424K)
[1.498s][info][gc,heap        ] GC(56) ParOldGen: 204327K(237056K)->218871K(237056K)
[1.498s][info][gc,metaspace   ] GC(56) Metaspace: 6298K(6464K)->6298K(6464K) NonClass: 5764K(5824K)->5764K(5824K) Class: 533K(640K)->533K(640K)
[1.498s][info][gc             ] GC(56) Pause Young (Allocation Failure) 236M->236M(275M) 17.218ms
[1.498s][info][gc,cpu         ] GC(56) User=0.09s Sys=0.00s Real=0.02s
[1.504s][info][gc,start       ] GC(57) Pause Young (Allocation Failure)
[1.519s][info][gc,heap        ] GC(57) PSYoungGen: 28800K(44544K)->10304K(44544K) Eden: 5120K(5120K)->0K(6144K) From: 23680K(39424K)->10304K(38400K)
[1.519s][info][gc,heap        ] GC(57) ParOldGen: 218871K(237056K)->237567K(237568K)
[1.519s][info][gc,metaspace   ] GC(57) Metaspace: 6298K(6464K)->6298K(6464K) NonClass: 5764K(5824K)->5764K(5824K) Class: 533K(640K)->533K(640K)
[1.519s][info][gc             ] GC(57) Pause Young (Allocation Failure) 241M->242M(275M) 15.323ms
[1.519s][info][gc,cpu         ] GC(57) User=0.02s Sys=0.00s Real=0.01s
[1.519s][info][gc,start       ] GC(58) Pause Full (Ergonomics)
[1.519s][info][gc,phases,start] GC(58) Marking Phase
[1.581s][info][gc,phases      ] GC(58) Marking Phase 62.140ms
[1.581s][info][gc,phases,start] GC(58) Summary Phase
[1.581s][info][gc,phases      ] GC(58) Summary Phase 0.023ms
[1.581s][info][gc,phases,start] GC(58) Adjust Roots
[1.582s][info][gc,phases      ] GC(58) Adjust Roots 0.182ms
[1.582s][info][gc,phases,start] GC(58) Compaction Phase
[1.610s][info][gc,phases      ] GC(58) Compaction Phase 28.835ms
[1.611s][info][gc,phases,start] GC(58) Post Compact
[1.612s][info][gc,phases      ] GC(58) Post Compact 1.553ms
[1.612s][info][gc,heap        ] GC(58) PSYoungGen: 10304K(44544K)->9667K(45056K) Eden: 0K(6144K)->0K(6656K) From: 10304K(38400K)->9667K(38400K)
[1.612s][info][gc,heap        ] GC(58) ParOldGen: 237567K(237568K)->237436K(281600K)
[1.612s][info][gc,metaspace   ] GC(58) Metaspace: 6298K(6464K)->6298K(6464K) NonClass: 5764K(5824K)->5764K(5824K) Class: 533K(640K)->533K(640K)
[1.612s][info][gc             ] GC(58) Pause Full (Ergonomics) 242M->241M(319M) 93.305ms
[1.612s][info][gc,cpu         ] GC(58) User=0.34s Sys=0.03s Real=0.09s
[1.620s][info][gc,start       ] GC(59) Pause Young (Allocation Failure)
[1.638s][info][gc,heap        ] GC(59) PSYoungGen: 16323K(45056K)->6752K(45568K) Eden: 6656K(6656K)->0K(6656K) From: 9667K(38400K)->6752K(38912K)
[1.638s][info][gc,heap        ] GC(59) ParOldGen: 237436K(281600K)->247276K(281600K)
[1.638s][info][gc,metaspace   ] GC(59) Metaspace: 6298K(6464K)->6298K(6464K) NonClass: 5764K(5824K)->5764K(5824K) Class: 533K(640K)->533K(640K)
[1.638s][info][gc             ] GC(59) Pause Young (Allocation Failure) 247M->248M(319M) 18.506ms
[1.639s][info][gc,cpu         ] GC(59) User=0.05s Sys=0.02s Real=0.02s
[1.646s][info][gc,start       ] GC(60) Pause Young (Allocation Failure)
[1.654s][info][gc,heap        ] GC(60) PSYoungGen: 13408K(45568K)->6752K(45056K) Eden: 6656K(6656K)->0K(7680K) From: 6752K(38912K)->6752K(37376K)
[1.654s][info][gc,heap        ] GC(60) ParOldGen: 247276K(281600K)->254028K(281600K)
[1.654s][info][gc,metaspace   ] GC(60) Metaspace: 6298K(6464K)->6298K(6464K) NonClass: 5764K(5824K)->5764K(5824K) Class: 533K(640K)->533K(640K)
[1.654s][info][gc             ] GC(60) Pause Young (Allocation Failure) 254M->254M(319M) 7.819ms
[1.654s][info][gc,cpu         ] GC(60) User=0.00s Sys=0.00s Real=0.01s
[1.662s][info][gc,start       ] GC(61) Pause Young (Allocation Failure)
[1.671s][info][gc,heap        ] GC(61) PSYoungGen: 14432K(45056K)->7776K(45568K) Eden: 7680K(7680K)->0K(7680K) From: 6752K(37376K)->7776K(37888K)
[1.671s][info][gc,heap        ] GC(61) ParOldGen: 254028K(281600K)->260780K(281600K)
[1.671s][info][gc,metaspace   ] GC(61) Metaspace: 6298K(6464K)->6298K(6464K) NonClass: 5764K(5824K)->5764K(5824K) Class: 533K(640K)->533K(640K)
[1.671s][info][gc             ] GC(61) Pause Young (Allocation Failure) 262M->262M(319M) 8.220ms
[1.671s][info][gc,cpu         ] GC(61) User=0.02s Sys=0.00s Real=0.01s
[1.680s][info][gc,start       ] GC(62) Pause Young (Allocation Failure)
[1.689s][info][gc,heap        ] GC(62) PSYoungGen: 15456K(45568K)->7808K(44544K) Eden: 7680K(7680K)->0K(9216K) From: 7776K(37888K)->7808K(35328K)
[1.689s][info][gc,heap        ] GC(62) ParOldGen: 260780K(281600K)->268572K(281600K)
[1.689s][info][gc,metaspace   ] GC(62) Metaspace: 6298K(6464K)->6298K(6464K) NonClass: 5764K(5824K)->5764K(5824K) Class: 533K(640K)->533K(640K)
[1.689s][info][gc             ] GC(62) Pause Young (Allocation Failure) 269M->269M(318M) 8.970ms
[1.689s][info][gc,cpu         ] GC(62) User=0.02s Sys=0.00s Real=0.01s
[1.689s][info][gc,start       ] GC(63) Pause Full (Ergonomics)
[1.689s][info][gc,phases,start] GC(63) Marking Phase
[1.759s][info][gc,phases      ] GC(63) Marking Phase 70.160ms
[1.759s][info][gc,phases,start] GC(63) Summary Phase
[1.759s][info][gc,phases      ] GC(63) Summary Phase 0.025ms
[1.759s][info][gc,phases,start] GC(63) Adjust Roots
[1.759s][info][gc,phases      ] GC(63) Adjust Roots 0.150ms
[1.759s][info][gc,phases,start] GC(63) Compaction Phase
[1.790s][info][gc,phases      ] GC(63) Compaction Phase 31.075ms
[1.790s][info][gc,phases,start] GC(63) Post Compact
[1.792s][info][gc,phases      ] GC(63) Post Compact 1.301ms
[1.792s][info][gc,heap        ] GC(63) PSYoungGen: 7808K(44544K)->0K(45568K) Eden: 0K(9216K)->0K(9216K) From: 7808K(35328K)->0K(36352K)
[1.792s][info][gc,heap        ] GC(63) ParOldGen: 268572K(281600K)->275656K(318464K)
[1.792s][info][gc,metaspace   ] GC(63) Metaspace: 6298K(6464K)->6298K(6464K) NonClass: 5764K(5824K)->5764K(5824K) Class: 533K(640K)->533K(640K)
[1.792s][info][gc             ] GC(63) Pause Full (Ergonomics) 269M->269M(355M) 103.239ms
[1.792s][info][gc,cpu         ] GC(63) User=0.56s Sys=0.02s Real=0.10s
[1.802s][info][gc,start       ] GC(64) Pause Young (Allocation Failure)
[1.808s][info][gc,heap        ] GC(64) PSYoungGen: 9216K(45568K)->9312K(43520K) Eden: 9216K(9216K)->0K(10240K) From: 0K(36352K)->9312K(33280K)
[1.808s][info][gc,heap        ] GC(64) ParOldGen: 275656K(318464K)->275656K(318464K)
[1.808s][info][gc,metaspace   ] GC(64) Metaspace: 6298K(6464K)->6298K(6464K) NonClass: 5764K(5824K)->5764K(5824K) Class: 533K(640K)->533K(640K)
[1.808s][info][gc             ] GC(64) Pause Young (Allocation Failure) 278M->278M(353M) 5.862ms
[1.808s][info][gc,cpu         ] GC(64) User=0.02s Sys=0.00s Real=0.01s
[1.820s][info][gc,start       ] GC(65) Pause Young (Allocation Failure)
[1.830s][info][gc,heap        ] GC(65) PSYoungGen: 19552K(43520K)->19552K(45056K) Eden: 10240K(10240K)->0K(10240K) From: 9312K(33280K)->19552K(34816K)
[1.830s][info][gc,heap        ] GC(65) ParOldGen: 275656K(318464K)->275656K(318464K)
[1.830s][info][gc,metaspace   ] GC(65) Metaspace: 6298K(6464K)->6298K(6464K) NonClass: 5764K(5824K)->5764K(5824K) Class: 533K(640K)->533K(640K)
[1.830s][info][gc             ] GC(65) Pause Young (Allocation Failure) 288M->288M(355M) 10.161ms
[1.830s][info][gc,cpu         ] GC(65) User=0.02s Sys=0.00s Real=0.01s
[1.841s][info][gc,start       ] GC(66) Pause Young (Allocation Failure)
[1.856s][info][gc,heap        ] GC(66) PSYoungGen: 29792K(45056K)->29824K(43008K) Eden: 10240K(10240K)->0K(8192K) From: 19552K(34816K)->29824K(34816K)
[1.856s][info][gc,heap        ] GC(66) ParOldGen: 275656K(318464K)->275656K(318464K)
[1.856s][info][gc,metaspace   ] GC(66) Metaspace: 6298K(6464K)->6298K(6464K) NonClass: 5764K(5824K)->5764K(5824K) Class: 533K(640K)->533K(640K)
[1.856s][info][gc             ] GC(66) Pause Young (Allocation Failure) 298M->298M(353M) 14.281ms
[1.856s][info][gc,cpu         ] GC(66) User=0.02s Sys=0.00s Real=0.01s
[1.866s][info][gc,start       ] GC(67) Pause Young (Allocation Failure)
[1.883s][info][gc,heap        ] GC(67) PSYoungGen: 38016K(43008K)->37984K(46592K) Eden: 8192K(8192K)->0K(8192K) From: 29824K(34816K)->37984K(38400K)
[1.883s][info][gc,heap        ] GC(67) ParOldGen: 275656K(318464K)->275656K(318464K)
[1.883s][info][gc,metaspace   ] GC(67) Metaspace: 6298K(6464K)->6298K(6464K) NonClass: 5764K(5824K)->5764K(5824K) Class: 533K(640K)->533K(640K)
[1.883s][info][gc             ] GC(67) Pause Young (Allocation Failure) 306M->306M(356M) 17.222ms
[1.883s][info][gc,cpu         ] GC(67) User=0.03s Sys=0.00s Real=0.02s
[1.893s][info][gc,start       ] GC(68) Pause Young (Allocation Failure)
[1.914s][info][gc,heap        ] GC(68) PSYoungGen: 46176K(46592K)->36960K(49152K) Eden: 8192K(8192K)->0K(4608K) From: 37984K(38400K)->36960K(44544K)
[1.914s][info][gc,heap        ] GC(68) ParOldGen: 275656K(318464K)->285000K(318464K)
[1.914s][info][gc,metaspace   ] GC(68) Metaspace: 6298K(6464K)->6298K(6464K) NonClass: 5764K(5824K)->5764K(5824K) Class: 533K(640K)->533K(640K)
[1.914s][info][gc             ] GC(68) Pause Young (Allocation Failure) 314M->314M(359M) 20.677ms
[1.914s][info][gc,cpu         ] GC(68) User=0.11s Sys=0.00s Real=0.02s
[1.919s][info][gc,start       ] GC(69) Pause Young (Allocation Failure)
[1.937s][info][gc,heap        ] GC(69) PSYoungGen: 41568K(49152K)->31328K(53760K) Eden: 4608K(4608K)->0K(4608K) From: 36960K(44544K)->31328K(49152K)
[1.937s][info][gc,heap        ] GC(69) ParOldGen: 285000K(318464K)->295392K(318464K)
[1.937s][info][gc,metaspace   ] GC(69) Metaspace: 6298K(6464K)->6298K(6464K) NonClass: 5764K(5824K)->5764K(5824K) Class: 533K(640K)->533K(640K)
[1.937s][info][gc             ] GC(69) Pause Young (Allocation Failure) 318M->319M(363M) 18.451ms
[1.937s][info][gc,cpu         ] GC(69) User=0.11s Sys=0.02s Real=0.02s
[1.943s][info][gc,start       ] GC(70) Pause Young (Allocation Failure)
[1.960s][info][gc,heap        ] GC(70) PSYoungGen: 35936K(53760K)->17472K(51712K) Eden: 4608K(4608K)->0K(5632K) From: 31328K(49152K)->17472K(46080K)
[1.960s][info][gc,heap        ] GC(70) ParOldGen: 295392K(318464K)->314048K(318464K)
[1.960s][info][gc,metaspace   ] GC(70) Metaspace: 6298K(6464K)->6298K(6464K) NonClass: 5764K(5824K)->5764K(5824K) Class: 533K(640K)->533K(640K)
[1.960s][info][gc             ] GC(70) Pause Young (Allocation Failure) 323M->323M(361M) 17.007ms
[1.960s][info][gc,cpu         ] GC(70) User=0.03s Sys=0.00s Real=0.02s
[1.960s][info][gc,start       ] GC(71) Pause Full (Ergonomics)
[1.960s][info][gc,phases,start] GC(71) Marking Phase
[2.032s][info][gc,phases      ] GC(71) Marking Phase 72.367ms
[2.032s][info][gc,phases,start] GC(71) Summary Phase
[2.032s][info][gc,phases      ] GC(71) Summary Phase 0.022ms
[2.032s][info][gc,phases,start] GC(71) Adjust Roots
[2.033s][info][gc,phases      ] GC(71) Adjust Roots 0.162ms
[2.033s][info][gc,phases,start] GC(71) Compaction Phase
[2.065s][info][gc,phases      ] GC(71) Compaction Phase 32.020ms
[2.065s][info][gc,phases,start] GC(71) Post Compact
[2.066s][info][gc,phases      ] GC(71) Post Compact 1.491ms
[2.066s][info][gc,heap        ] GC(71) PSYoungGen: 17472K(51712K)->12709K(52736K) Eden: 0K(5632K)->0K(6656K) From: 17472K(46080K)->12709K(46080K)
[2.066s][info][gc,heap        ] GC(71) ParOldGen: 314048K(318464K)->318025K(366080K)
[2.066s][info][gc,metaspace   ] GC(71) Metaspace: 6298K(6464K)->6298K(6464K) NonClass: 5764K(5824K)->5764K(5824K) Class: 533K(640K)->533K(640K)
[2.066s][info][gc             ] GC(71) Pause Full (Ergonomics) 323M->322M(409M) 106.578ms
[2.066s][info][gc,cpu         ] GC(71) User=0.66s Sys=0.00s Real=0.11s
[2.075s][info][gc,start       ] GC(72) Pause Young (Allocation Failure)
[2.097s][info][gc,heap        ] GC(72) PSYoungGen: 19365K(52736K)->9984K(54784K) Eden: 6656K(6656K)->0K(6656K) From: 12709K(46080K)->9984K(48128K)
[2.097s][info][gc,heap        ] GC(72) ParOldGen: 318025K(366080K)->327673K(366080K)
[2.097s][info][gc,metaspace   ] GC(72) Metaspace: 6298K(6464K)->6298K(6464K) NonClass: 5764K(5824K)->5764K(5824K) Class: 533K(640K)->533K(640K)
[2.097s][info][gc             ] GC(72) Pause Young (Allocation Failure) 329M->329M(411M) 22.634ms
[2.097s][info][gc,cpu         ] GC(72) User=0.09s Sys=0.03s Real=0.02s
[2.104s][info][gc,start       ] GC(73) Pause Young (Allocation Failure)
[2.113s][info][gc,heap        ] GC(73) PSYoungGen: 16640K(54784K)->6752K(53760K) Eden: 6656K(6656K)->0K(7680K) From: 9984K(48128K)->6752K(46080K)
[2.113s][info][gc,heap        ] GC(73) ParOldGen: 327673K(366080K)->337697K(366080K)
[2.113s][info][gc,metaspace   ] GC(73) Metaspace: 6298K(6464K)->6298K(6464K) NonClass: 5764K(5824K)->5764K(5824K) Class: 533K(640K)->533K(640K)
[2.113s][info][gc             ] GC(73) Pause Young (Allocation Failure) 336M->336M(410M) 9.195ms
[2.114s][info][gc,cpu         ] GC(73) User=0.02s Sys=0.00s Real=0.01s
[2.122s][info][gc,start       ] GC(74) Pause Young (Allocation Failure)
[2.130s][info][gc,heap        ] GC(74) PSYoungGen: 14432K(53760K)->7776K(54272K) Eden: 7680K(7680K)->0K(7680K) From: 6752K(46080K)->7776K(46592K)
[2.130s][info][gc,heap        ] GC(74) ParOldGen: 337697K(366080K)->344441K(366080K)
[2.130s][info][gc,metaspace   ] GC(74) Metaspace: 6298K(6464K)->6298K(6464K) NonClass: 5764K(5824K)->5764K(5824K) Class: 533K(640K)->533K(640K)
[2.130s][info][gc             ] GC(74) Pause Young (Allocation Failure) 343M->343M(410M) 8.336ms
[2.131s][info][gc,cpu         ] GC(74) User=0.00s Sys=0.00s Real=0.01s
[2.198s][info][gc,start       ] GC(75) Pause Full (Ergonomics)
[2.198s][info][gc,phases,start] GC(75) Marking Phase
[2.269s][info][gc,phases      ] GC(75) Marking Phase 70.222ms
[2.269s][info][gc,phases,start] GC(75) Summary Phase
[2.269s][info][gc,phases      ] GC(75) Summary Phase 0.017ms
[2.269s][info][gc,phases,start] GC(75) Adjust Roots
[2.269s][info][gc,phases      ] GC(75) Adjust Roots 0.137ms
[2.269s][info][gc,phases,start] GC(75) Compaction Phase
[2.328s][info][gc,phases      ] GC(75) Compaction Phase 58.937ms
[2.328s][info][gc,phases,start] GC(75) Post Compact
[2.330s][info][gc,phases      ] GC(75) Post Compact 1.667ms
[2.330s][info][gc,heap        ] GC(75) PSYoungGen: 15456K(54272K)->1518K(54272K) Eden: 7680K(7680K)->0K(7680K) From: 7776K(46592K)->1518K(46592K)
[2.330s][info][gc,heap        ] GC(75) ParOldGen: 360825K(366080K)->365949K(415744K)
[2.330s][info][gc,metaspace   ] GC(75) Metaspace: 6298K(6464K)->6298K(6464K) NonClass: 5764K(5824K)->5764K(5824K) Class: 533K(640K)->533K(640K)
[2.330s][info][gc             ] GC(75) Pause Full (Ergonomics) 367M->358M(459M) 131.539ms
[2.330s][info][gc,cpu         ] GC(75) User=0.78s Sys=0.00s Real=0.13s
[2.339s][info][gc,start       ] GC(76) Pause Young (Allocation Failure)
[2.360s][info][gc,heap        ] GC(76) PSYoungGen: 9198K(54272K)->7808K(52224K) Eden: 7680K(7680K)->0K(8704K) From: 1518K(46592K)->7808K(43520K)
[2.360s][info][gc,heap        ] GC(76) ParOldGen: 365949K(415744K)->367525K(415744K)
[2.360s][info][gc,metaspace   ] GC(76) Metaspace: 6298K(6464K)->6298K(6464K) NonClass: 5764K(5824K)->5764K(5824K) Class: 533K(640K)->533K(640K)
[2.360s][info][gc             ] GC(76) Pause Young (Allocation Failure) 366M->366M(457M) 20.930ms
[2.360s][info][gc,cpu         ] GC(76) User=0.12s Sys=0.00s Real=0.02s
[2.369s][info][gc,start       ] GC(77) Pause Young (Allocation Failure)
[2.378s][info][gc,heap        ] GC(77) PSYoungGen: 16512K(52224K)->16512K(25600K) Eden: 8704K(8704K)->0K(8704K) From: 7808K(43520K)->16512K(16896K)
[2.378s][info][gc,heap        ] GC(77) ParOldGen: 367525K(415744K)->367525K(415744K)
[2.378s][info][gc,metaspace   ] GC(77) Metaspace: 6298K(6464K)->6298K(6464K) NonClass: 5764K(5824K)->5764K(5824K) Class: 533K(640K)->533K(640K)
[2.378s][info][gc             ] GC(77) Pause Young (Allocation Failure) 375M->375M(431M) 9.248ms
[2.378s][info][gc,cpu         ] GC(77) User=0.02s Sys=0.00s Real=0.01s
[2.387s][info][gc,start       ] GC(78) Pause Young (Allocation Failure)
[2.400s][info][gc,heap        ] GC(78) PSYoungGen: 25216K(25600K)->17472K(47104K) Eden: 8704K(8704K)->0K(9728K) From: 16512K(16896K)->17472K(37376K)
[2.400s][info][gc,heap        ] GC(78) ParOldGen: 367525K(415744K)->375309K(415744K)
[2.400s][info][gc,metaspace   ] GC(78) Metaspace: 6298K(6464K)->6298K(6464K) NonClass: 5764K(5824K)->5764K(5824K) Class: 533K(640K)->533K(640K)
[2.400s][info][gc             ] GC(78) Pause Young (Allocation Failure) 383M->383M(452M) 13.206ms
[2.400s][info][gc,cpu         ] GC(78) User=0.00s Sys=0.00s Real=0.01s
[2.409s][info][gc,start       ] GC(79) Pause Young (Allocation Failure)
[2.424s][info][gc,heap        ] GC(79) PSYoungGen: 27200K(47104K)->18560K(49152K) Eden: 9728K(9728K)->0K(9728K) From: 17472K(37376K)->18560K(39424K)
[2.424s][info][gc,heap        ] GC(79) ParOldGen: 375309K(415744K)->384133K(415744K)
[2.424s][info][gc,metaspace   ] GC(79) Metaspace: 6298K(6464K)->6298K(6464K) NonClass: 5764K(5824K)->5764K(5824K) Class: 533K(640K)->533K(640K)
[2.424s][info][gc             ] GC(79) Pause Young (Allocation Failure) 393M->393M(454M) 14.584ms
[2.424s][info][gc,cpu         ] GC(79) User=0.00s Sys=0.02s Real=0.02s
[2.436s][info][gc,start       ] GC(80) Pause Young (Allocation Failure)
[2.451s][info][gc,heap        ] GC(80) PSYoungGen: 28288K(49152K)->19584K(47104K) Eden: 9728K(9728K)->0K(11264K) From: 18560K(39424K)->19584K(35840K)
[2.451s][info][gc,heap        ] GC(80) ParOldGen: 384133K(415744K)->392957K(415744K)
[2.451s][info][gc,metaspace   ] GC(80) Metaspace: 6298K(6464K)->6298K(6464K) NonClass: 5764K(5824K)->5764K(5824K) Class: 533K(640K)->533K(640K)
[2.451s][info][gc             ] GC(80) Pause Young (Allocation Failure) 402M->402M(452M) 14.557ms
[2.451s][info][gc,cpu         ] GC(80) User=0.02s Sys=0.00s Real=0.01s
[2.462s][info][gc,start       ] GC(81) Pause Young (Allocation Failure)
[2.477s][info][gc,heap        ] GC(81) PSYoungGen: 30848K(47104K)->21056K(48128K) Eden: 11264K(11264K)->0K(11264K) From: 19584K(35840K)->21056K(36864K)
[2.477s][info][gc,heap        ] GC(81) ParOldGen: 392957K(415744K)->402813K(415744K)
[2.478s][info][gc,metaspace   ] GC(81) Metaspace: 6298K(6464K)->6298K(6464K) NonClass: 5764K(5824K)->5764K(5824K) Class: 533K(640K)->533K(640K)
[2.478s][info][gc             ] GC(81) Pause Young (Allocation Failure) 413M->413M(453M) 15.517ms
[2.478s][info][gc,cpu         ] GC(81) User=0.02s Sys=0.00s Real=0.02s
[2.478s][info][gc,start       ] GC(82) Pause Full (Ergonomics)
[2.478s][info][gc,phases,start] GC(82) Marking Phase
[2.570s][info][gc,phases      ] GC(82) Marking Phase 92.352ms
[2.570s][info][gc,phases,start] GC(82) Summary Phase
[2.570s][info][gc,phases      ] GC(82) Summary Phase 0.020ms
[2.570s][info][gc,phases,start] GC(82) Adjust Roots
[2.570s][info][gc,phases      ] GC(82) Adjust Roots 0.175ms
[2.570s][info][gc,phases,start] GC(82) Compaction Phase
[2.620s][info][gc,phases      ] GC(82) Compaction Phase 49.283ms
[2.620s][info][gc,phases,start] GC(82) Post Compact
[2.622s][info][gc,phases      ] GC(82) Post Compact 2.029ms
[2.622s][info][gc,heap        ] GC(82) PSYoungGen: 21056K(48128K)->7640K(48128K) Eden: 0K(11264K)->0K(11264K) From: 21056K(36864K)->7640K(36864K)
[2.622s][info][gc,heap        ] GC(82) ParOldGen: 402813K(415744K)->415443K(466432K)
[2.622s][info][gc,metaspace   ] GC(82) Metaspace: 6298K(6464K)->6298K(6464K) NonClass: 5764K(5824K)->5764K(5824K) Class: 533K(640K)->533K(640K)
[2.622s][info][gc             ] GC(82) Pause Full (Ergonomics) 413M->413M(502M) 144.462ms
[2.622s][info][gc,cpu         ] GC(82) User=1.03s Sys=0.00s Real=0.14s
[2.636s][info][gc,start       ] GC(83) Pause Young (Allocation Failure)
[2.662s][info][gc,heap        ] GC(83) PSYoungGen: 18904K(48128K)->11392K(48128K) Eden: 11264K(11264K)->0K(12800K) From: 7640K(36864K)->11392K(35328K)
[2.662s][info][gc,heap        ] GC(83) ParOldGen: 415443K(466432K)->423195K(466432K)
[2.662s][info][gc,metaspace   ] GC(83) Metaspace: 6298K(6464K)->6298K(6464K) NonClass: 5764K(5824K)->5764K(5824K) Class: 533K(640K)->533K(640K)
[2.662s][info][gc             ] GC(83) Pause Young (Allocation Failure) 424M->424M(502M) 26.522ms
[2.662s][info][gc,cpu         ] GC(83) User=0.12s Sys=0.00s Real=0.03s
[2.675s][info][gc,start       ] GC(84) Pause Young (Allocation Failure)
[2.688s][info][gc,heap        ] GC(84) PSYoungGen: 24192K(48128K)->24192K(48640K) Eden: 12800K(12800K)->0K(12800K) From: 11392K(35328K)->24192K(35840K)
[2.688s][info][gc,heap        ] GC(84) ParOldGen: 423195K(466432K)->423195K(466432K)
[2.688s][info][gc,metaspace   ] GC(84) Metaspace: 6298K(6464K)->6298K(6464K) NonClass: 5764K(5824K)->5764K(5824K) Class: 533K(640K)->533K(640K)
[2.688s][info][gc             ] GC(84) Pause Young (Allocation Failure) 436M->436M(503M) 12.842ms
[2.688s][info][gc,cpu         ] GC(84) User=0.02s Sys=0.00s Real=0.01s
[2.702s][info][gc,start       ] GC(85) Pause Young (Allocation Failure)
[2.720s][info][gc,heap        ] GC(85) PSYoungGen: 36992K(48640K)->25696K(49152K) Eden: 12800K(12800K)->0K(12800K) From: 24192K(35840K)->25696K(36352K)
[2.720s][info][gc,heap        ] GC(85) ParOldGen: 423195K(466432K)->434611K(466432K)
[2.720s][info][gc,metaspace   ] GC(85) Metaspace: 6298K(6464K)->6298K(6464K) NonClass: 5764K(5824K)->5764K(5824K) Class: 533K(640K)->533K(640K)
[2.720s][info][gc             ] GC(85) Pause Young (Allocation Failure) 449M->449M(503M) 18.298ms
[2.720s][info][gc,cpu         ] GC(85) User=0.12s Sys=0.00s Real=0.02s
[2.735s][info][gc,start       ] GC(86) Pause Young (Allocation Failure)
[2.754s][info][gc,heap        ] GC(86) PSYoungGen: 38496K(49152K)->25760K(50688K) Eden: 12800K(12800K)->0K(12800K) From: 25696K(36352K)->25760K(37888K)
[2.754s][info][gc,heap        ] GC(86) ParOldGen: 434611K(466432K)->447579K(466432K)
[2.754s][info][gc,metaspace   ] GC(86) Metaspace: 6298K(6464K)->6298K(6464K) NonClass: 5764K(5824K)->5764K(5824K) Class: 533K(640K)->533K(640K)
[2.754s][info][gc             ] GC(86) Pause Young (Allocation Failure) 462M->462M(505M) 19.055ms
[2.754s][info][gc,cpu         ] GC(86) User=0.12s Sys=0.00s Real=0.02s
[2.768s][info][gc,start       ] GC(87) Pause Young (Allocation Failure)
[2.787s][info][gc,heap        ] GC(87) PSYoungGen: 38560K(50688K)->25728K(52224K) Eden: 12800K(12800K)->0K(13824K) From: 25760K(37888K)->25728K(38400K)
[2.787s][info][gc,heap        ] GC(87) ParOldGen: 447579K(466432K)->460555K(466432K)
[2.788s][info][gc,metaspace   ] GC(87) Metaspace: 6298K(6464K)->6298K(6464K) NonClass: 5764K(5824K)->5764K(5824K) Class: 533K(640K)->533K(640K)
[2.788s][info][gc             ] GC(87) Pause Young (Allocation Failure) 474M->474M(506M) 19.704ms
[2.788s][info][gc,cpu         ] GC(87) User=0.09s Sys=0.03s Real=0.02s
[2.788s][info][gc,start       ] GC(88) Pause Full (Ergonomics)
[2.788s][info][gc,phases,start] GC(88) Marking Phase
[2.899s][info][gc,phases      ] GC(88) Marking Phase 111.159ms
[2.899s][info][gc,phases,start] GC(88) Summary Phase
[2.899s][info][gc,phases      ] GC(88) Summary Phase 0.023ms
[2.899s][info][gc,phases,start] GC(88) Adjust Roots
[2.899s][info][gc,phases      ] GC(88) Adjust Roots 0.195ms
[2.899s][info][gc,phases,start] GC(88) Compaction Phase
[2.951s][info][gc,phases      ] GC(88) Compaction Phase 51.990ms
[2.951s][info][gc,phases,start] GC(88) Post Compact
[2.954s][info][gc,phases      ] GC(88) Post Compact 2.340ms
[2.954s][info][gc,heap        ] GC(88) PSYoungGen: 25728K(52224K)->19405K(52224K) Eden: 0K(13824K)->0K(13824K) From: 25728K(38400K)->19405K(38400K)
[2.954s][info][gc,heap        ] GC(88) ParOldGen: 460555K(466432K)->465979K(522240K)
[2.954s][info][gc,metaspace   ] GC(88) Metaspace: 6298K(6464K)->6298K(6464K) NonClass: 5764K(5824K)->5764K(5824K) Class: 533K(640K)->533K(640K)
[2.954s][info][gc             ] GC(88) Pause Full (Ergonomics) 474M->474M(561M) 166.304ms
[2.954s][info][gc,cpu         ] GC(88) User=1.05s Sys=0.00s Real=0.17s
[2.969s][info][gc,start       ] GC(89) Pause Young (Allocation Failure)
[3.004s][info][gc,heap        ] GC(89) PSYoungGen: 33229K(52224K)->23520K(52736K) Eden: 13824K(13824K)->0K(13824K) From: 19405K(38400K)->23520K(38912K)
[3.004s][info][gc,heap        ] GC(89) ParOldGen: 465979K(522240K)->476019K(522240K)
[3.004s][info][gc,metaspace   ] GC(89) Metaspace: 6298K(6464K)->6298K(6464K) NonClass: 5764K(5824K)->5764K(5824K) Class: 533K(640K)->533K(640K)
[3.004s][info][gc             ] GC(89) Pause Young (Allocation Failure) 487M->487M(561M) 35.051ms
[3.004s][info][gc,cpu         ] GC(89) User=0.19s Sys=0.00s Real=0.04s
[3.020s][info][gc,start       ] GC(90) Pause Young (Allocation Failure)
[3.039s][info][gc,heap        ] GC(90) PSYoungGen: 37344K(52736K)->37344K(49152K) Eden: 13824K(13824K)->0K(10752K) From: 23520K(38912K)->37344K(38400K)
[3.039s][info][gc,heap        ] GC(90) ParOldGen: 476019K(522240K)->476019K(522240K)
[3.039s][info][gc,metaspace   ] GC(90) Metaspace: 6298K(6464K)->6298K(6464K) NonClass: 5764K(5824K)->5764K(5824K) Class: 533K(640K)->533K(640K)
[3.039s][info][gc             ] GC(90) Pause Young (Allocation Failure) 501M->501M(558M) 19.088ms
[3.039s][info][gc,cpu         ] GC(90) User=0.08s Sys=0.05s Real=0.02s
[3.051s][info][gc,start       ] GC(91) Pause Young (Allocation Failure)
[3.074s][info][gc,heap        ] GC(91) PSYoungGen: 48096K(49152K)->38496K(53760K) Eden: 10752K(10752K)->0K(10752K) From: 37344K(38400K)->38496K(43008K)
[3.074s][info][gc,heap        ] GC(91) ParOldGen: 476019K(522240K)->485707K(522240K)
[3.074s][info][gc,metaspace   ] GC(91) Metaspace: 6298K(6464K)->6298K(6464K) NonClass: 5764K(5824K)->5764K(5824K) Class: 533K(640K)->533K(640K)
[3.074s][info][gc             ] GC(91) Pause Young (Allocation Failure) 511M->511M(562M) 23.140ms
[3.074s][info][gc,cpu         ] GC(91) User=0.12s Sys=0.00s Real=0.02s
[3.085s][info][gc,start       ] GC(92) Pause Young (Allocation Failure)
[3.109s][info][gc,heap        ] GC(92) PSYoungGen: 49248K(53760K)->35424K(57344K) Eden: 10752K(10752K)->0K(10240K) From: 38496K(43008K)->35424K(47104K)
[3.109s][info][gc,heap        ] GC(92) ParOldGen: 485707K(522240K)->499723K(522240K)
[3.109s][info][gc,metaspace   ] GC(92) Metaspace: 6298K(6464K)->6298K(6464K) NonClass: 5764K(5824K)->5764K(5824K) Class: 533K(640K)->533K(640K)
[3.109s][info][gc             ] GC(92) Pause Young (Allocation Failure) 522M->522M(566M) 23.838ms
[3.109s][info][gc,cpu         ] GC(92) User=0.12s Sys=0.00s Real=0.02s
[3.120s][info][gc,start       ] GC(93) Pause Young (Allocation Failure)
[3.143s][info][gc,heap        ] GC(93) PSYoungGen: 45664K(57344K)->21088K(59392K) Eden: 10240K(10240K)->0K(10240K) From: 35424K(47104K)->21088K(49152K)
[3.143s][info][gc,heap        ] GC(93) ParOldGen: 499723K(522240K)->524603K(524800K)
[3.143s][info][gc,metaspace   ] GC(93) Metaspace: 6298K(6464K)->6298K(6464K) NonClass: 5764K(5824K)->5764K(5824K) Class: 533K(640K)->533K(640K)
[3.143s][info][gc             ] GC(93) Pause Young (Allocation Failure) 532M->532M(570M) 23.001ms
[3.143s][info][gc,cpu         ] GC(93) User=0.09s Sys=0.03s Real=0.02s
[3.143s][info][gc,start       ] GC(94) Pause Full (Ergonomics)
[3.143s][info][gc,phases,start] GC(94) Marking Phase
[3.266s][info][gc,phases      ] GC(94) Marking Phase 122.922ms
[3.266s][info][gc,phases,start] GC(94) Summary Phase
[3.266s][info][gc,phases      ] GC(94) Summary Phase 0.021ms
[3.266s][info][gc,phases,start] GC(94) Adjust Roots
[3.267s][info][gc,phases      ] GC(94) Adjust Roots 0.149ms
[3.267s][info][gc,phases,start] GC(94) Compaction Phase
[3.321s][info][gc,phases      ] GC(94) Compaction Phase 54.068ms
[3.321s][info][gc,phases,start] GC(94) Post Compact
[3.322s][info][gc,phases      ] GC(94) Post Compact 0.848ms
[3.322s][info][gc,heap        ] GC(94) PSYoungGen: 21088K(59392K)->19911K(59392K) Eden: 0K(10240K)->0K(10240K) From: 21088K(49152K)->19911K(49152K)
[3.322s][info][gc,heap        ] GC(94) ParOldGen: 524603K(524800K)->524719K(590336K)
[3.322s][info][gc,metaspace   ] GC(94) Metaspace: 6298K(6464K)->6298K(6464K) NonClass: 5764K(5824K)->5764K(5824K) Class: 533K(640K)->533K(640K)
[3.322s][info][gc             ] GC(94) Pause Full (Ergonomics) 532M->531M(634M) 178.529ms
[3.322s][info][gc,cpu         ] GC(94) User=1.19s Sys=0.00s Real=0.18s
[3.334s][info][gc,start       ] GC(95) Pause Young (Allocation Failure)
[3.370s][info][gc,heap        ] GC(95) PSYoungGen: 30151K(59392K)->10368K(58368K) Eden: 10240K(10240K)->0K(11264K) From: 19911K(49152K)->10368K(47104K)
[3.370s][info][gc,heap        ] GC(95) ParOldGen: 524719K(590336K)->544943K(590336K)
[3.370s][info][gc,metaspace   ] GC(95) Metaspace: 6298K(6464K)->6298K(6464K) NonClass: 5764K(5824K)->5764K(5824K) Class: 533K(640K)->533K(640K)
[3.370s][info][gc             ] GC(95) Pause Young (Allocation Failure) 541M->542M(633M) 35.686ms
[3.370s][info][gc,cpu         ] GC(95) User=0.16s Sys=0.00s Real=0.04s
[3.382s][info][gc,start       ] GC(96) Pause Young (Allocation Failure)
[3.395s][info][gc,heap        ] GC(96) PSYoungGen: 21632K(58368K)->11392K(58880K) Eden: 11264K(11264K)->0K(11264K) From: 10368K(47104K)->11392K(47616K)
[3.395s][info][gc,heap        ] GC(96) ParOldGen: 544943K(590336K)->555327K(590336K)
[3.395s][info][gc,metaspace   ] GC(96) Metaspace: 6298K(6464K)->6298K(6464K) NonClass: 5764K(5824K)->5764K(5824K) Class: 533K(640K)->533K(640K)
[3.395s][info][gc             ] GC(96) Pause Young (Allocation Failure) 553M->553M(634M) 13.069ms
[3.395s][info][gc,cpu         ] GC(96) User=0.02s Sys=0.00s Real=0.01s
[3.408s][info][gc,start       ] GC(97) Pause Young (Allocation Failure)
[3.421s][info][gc,heap        ] GC(97) PSYoungGen: 22656K(58880K)->11392K(57856K) Eden: 11264K(11264K)->0K(12800K) From: 11392K(47616K)->11392K(45056K)
[3.421s][info][gc,heap        ] GC(97) ParOldGen: 555327K(590336K)->566751K(590336K)
[3.421s][info][gc,metaspace   ] GC(97) Metaspace: 6298K(6464K)->6298K(6464K) NonClass: 5764K(5824K)->5764K(5824K) Class: 533K(640K)->533K(640K)
[3.421s][info][gc             ] GC(97) Pause Young (Allocation Failure) 564M->564M(633M) 13.557ms
[3.421s][info][gc,cpu         ] GC(97) User=0.02s Sys=0.00s Real=0.01s
[3.421s][info][gc,start       ] GC(98) Pause Full (Ergonomics)
[3.421s][info][gc,phases,start] GC(98) Marking Phase
[3.542s][info][gc,phases      ] GC(98) Marking Phase 120.187ms
[3.542s][info][gc,phases,start] GC(98) Summary Phase
[3.542s][info][gc,phases      ] GC(98) Summary Phase 0.033ms
[3.542s][info][gc,phases,start] GC(98) Adjust Roots
[3.542s][info][gc,phases      ] GC(98) Adjust Roots 0.144ms
[3.542s][info][gc,phases,start] GC(98) Compaction Phase
[3.590s][info][gc,phases      ] GC(98) Compaction Phase 48.212ms
[3.590s][info][gc,phases,start] GC(98) Post Compact
[3.591s][info][gc,phases      ] GC(98) Post Compact 0.817ms
[3.591s][info][gc,heap        ] GC(98) PSYoungGen: 11392K(57856K)->0K(58880K) Eden: 0K(12800K)->0K(12800K) From: 11392K(45056K)->0K(46080K)
[3.591s][info][gc,heap        ] GC(98) ParOldGen: 566751K(590336K)->577307K(647168K)
[3.591s][info][gc,metaspace   ] GC(98) Metaspace: 6298K(6464K)->6298K(6464K) NonClass: 5764K(5824K)->5764K(5824K) Class: 533K(640K)->533K(640K)
[3.591s][info][gc             ] GC(98) Pause Full (Ergonomics) 564M->563M(689M) 169.862ms
[3.591s][info][gc,cpu         ] GC(98) User=1.11s Sys=0.02s Real=0.17s
[3.606s][info][gc,start       ] GC(99) Pause Young (Allocation Failure)
[3.616s][info][gc,heap        ] GC(99) PSYoungGen: 12800K(58880K)->12960K(58368K) Eden: 12800K(12800K)->0K(14336K) From: 0K(46080K)->12960K(44032K)
[3.616s][info][gc,heap        ] GC(99) ParOldGen: 577307K(647168K)->577307K(647168K)
[3.616s][info][gc,metaspace   ] GC(99) Metaspace: 6298K(6464K)->6298K(6464K) NonClass: 5764K(5824K)->5764K(5824K) Class: 533K(640K)->533K(640K)
[3.616s][info][gc             ] GC(99) Pause Young (Allocation Failure) 576M->576M(689M) 9.665ms
[3.616s][info][gc,cpu         ] GC(99) User=0.00s Sys=0.00s Real=0.01s
[3.632s][info][gc,start       ] GC(100) Pause Young (Allocation Failure)
[3.647s][info][gc,heap        ] GC(100) PSYoungGen: 27296K(58368K)->27264K(59392K) Eden: 14336K(14336K)->0K(14336K) From: 12960K(44032K)->27264K(45056K)
[3.647s][info][gc,heap        ] GC(100) ParOldGen: 577307K(647168K)->577307K(647168K)
[3.647s][info][gc,metaspace   ] GC(100) Metaspace: 6298K(6464K)->6298K(6464K) NonClass: 5764K(5824K)->5764K(5824K) Class: 533K(640K)->533K(640K)
[3.647s][info][gc             ] GC(100) Pause Young (Allocation Failure) 590M->590M(690M) 14.645ms
[3.647s][info][gc,cpu         ] GC(100) User=0.02s Sys=0.00s Real=0.01s
[3.664s][info][gc,start       ] GC(101) Pause Young (Allocation Failure)
[3.684s][info][gc,heap        ] GC(101) PSYoungGen: 41600K(59392K)->41600K(56320K) Eden: 14336K(14336K)->0K(10752K) From: 27264K(45056K)->41600K(45568K)
[3.684s][info][gc,heap        ] GC(101) ParOldGen: 577307K(647168K)->577307K(647168K)
[3.684s][info][gc,metaspace   ] GC(101) Metaspace: 6298K(6464K)->6298K(6464K) NonClass: 5764K(5824K)->5764K(5824K) Class: 533K(640K)->533K(640K)
[3.684s][info][gc             ] GC(101) Pause Young (Allocation Failure) 604M->604M(687M) 20.891ms
[3.685s][info][gc,cpu         ] GC(101) User=0.11s Sys=0.02s Real=0.02s
[3.698s][info][gc,start       ] GC(102) Pause Young (Allocation Failure)
[3.724s][info][gc,heap        ] GC(102) PSYoungGen: 52352K(56320K)->50688K(61440K) Eden: 10752K(10752K)->0K(10752K) From: 41600K(45568K)->50688K(50688K)
[3.724s][info][gc,heap        ] GC(102) ParOldGen: 577307K(647168K)->578939K(647168K)
[3.724s][info][gc,metaspace   ] GC(102) Metaspace: 6298K(6464K)->6298K(6464K) NonClass: 5764K(5824K)->5764K(5824K) Class: 533K(640K)->533K(640K)
[3.724s][info][gc             ] GC(102) Pause Young (Allocation Failure) 614M->614M(692M) 25.636ms
[3.724s][info][gc,cpu         ] GC(102) User=0.20s Sys=0.00s Real=0.03s
[3.736s][info][gc,start       ] GC(103) Pause Young (Allocation Failure)
[3.765s][info][gc,heap        ] GC(103) PSYoungGen: 61440K(61440K)->35072K(71168K) Eden: 10752K(10752K)->0K(12288K) From: 50688K(50688K)->35072K(58880K)
[3.765s][info][gc,heap        ] GC(103) ParOldGen: 578939K(647168K)->605699K(647168K)
[3.765s][info][gc,metaspace   ] GC(103) Metaspace: 6298K(6464K)->6298K(6464K) NonClass: 5764K(5824K)->5764K(5824K) Class: 533K(640K)->533K(640K)
[3.765s][info][gc             ] GC(103) Pause Young (Allocation Failure) 625M->625M(701M) 29.368ms
[3.765s][info][gc,cpu         ] GC(103) User=0.12s Sys=0.02s Real=0.03s
[3.781s][info][gc,start       ] GC(104) Pause Young (Allocation Failure)
[3.805s][info][gc,heap        ] GC(104) PSYoungGen: 47360K(71168K)->33504K(71168K) Eden: 12288K(12288K)->0K(12288K) From: 35072K(58880K)->33504K(58880K)
[3.805s][info][gc,heap        ] GC(104) ParOldGen: 605699K(647168K)->619715K(647168K)
[3.805s][info][gc,metaspace   ] GC(104) Metaspace: 6298K(6464K)->6298K(6464K) NonClass: 5764K(5824K)->5764K(5824K) Class: 533K(640K)->533K(640K)
[3.805s][info][gc             ] GC(104) Pause Young (Allocation Failure) 637M->637M(701M) 23.996ms
[3.805s][info][gc,cpu         ] GC(104) User=0.12s Sys=0.00s Real=0.02s
[3.818s][info][gc,start       ] GC(105) Pause Young (Allocation Failure)
[3.842s][info][gc,heap        ] GC(105) PSYoungGen: 45792K(71168K)->35424K(72192K) Eden: 12288K(12288K)->0K(13824K) From: 33504K(58880K)->35424K(58368K)
[3.842s][info][gc,heap        ] GC(105) ParOldGen: 619715K(647168K)->630227K(647168K)
[3.842s][info][gc,metaspace   ] GC(105) Metaspace: 6298K(6464K)->6298K(6464K) NonClass: 5764K(5824K)->5764K(5824K) Class: 533K(640K)->533K(640K)
[3.842s][info][gc             ] GC(105) Pause Young (Allocation Failure) 649M->650M(702M) 23.172ms
[3.842s][info][gc,cpu         ] GC(105) User=0.12s Sys=0.00s Real=0.02s
[3.842s][info][gc,start       ] GC(106) Pause Full (Ergonomics)
[3.842s][info][gc,phases,start] GC(106) Marking Phase
[3.998s][info][gc,phases      ] GC(106) Marking Phase 156.363ms
[3.998s][info][gc,phases,start] GC(106) Summary Phase
[3.998s][info][gc,phases      ] GC(106) Summary Phase 0.025ms
[3.998s][info][gc,phases,start] GC(106) Adjust Roots
[3.998s][info][gc,phases      ] GC(106) Adjust Roots 0.170ms
[3.998s][info][gc,phases,start] GC(106) Compaction Phase
[4.061s][info][gc,phases      ] GC(106) Compaction Phase 62.414ms
[4.061s][info][gc,phases,start] GC(106) Post Compact
[4.062s][info][gc,phases      ] GC(106) Post Compact 1.042ms
[4.062s][info][gc,heap        ] GC(106) PSYoungGen: 35424K(72192K)->17849K(72192K) Eden: 0K(13824K)->0K(13824K) From: 35424K(58368K)->17849K(58368K)
[4.062s][info][gc,heap        ] GC(106) ParOldGen: 630227K(647168K)->646777K(723456K)
[4.062s][info][gc,metaspace   ] GC(106) Metaspace: 6298K(6464K)->6298K(6464K) NonClass: 5764K(5824K)->5764K(5824K) Class: 533K(640K)->533K(640K)
[4.062s][info][gc             ] GC(106) Pause Full (Ergonomics) 650M->649M(777M) 220.572ms
[4.062s][info][gc,cpu         ] GC(106) User=1.52s Sys=0.00s Real=0.22s
[4.079s][info][gc,start       ] GC(107) Pause Young (Allocation Failure)
[4.122s][info][gc,heap        ] GC(107) PSYoungGen: 31673K(72192K)->21184K(35328K) Eden: 13824K(13824K)->0K(13824K) From: 17849K(58368K)->21184K(21504K)
[4.122s][info][gc,heap        ] GC(107) ParOldGen: 646777K(723456K)->657585K(723456K)
[4.122s][info][gc,metaspace   ] GC(107) Metaspace: 6298K(6464K)->6298K(6464K) NonClass: 5764K(5824K)->5764K(5824K) Class: 533K(640K)->533K(640K)
[4.122s][info][gc             ] GC(107) Pause Young (Allocation Failure) 662M->662M(741M) 42.526ms
[4.122s][info][gc,cpu         ] GC(107) User=0.25s Sys=0.02s Real=0.04s
[4.140s][info][gc,start       ] GC(108) Pause Young (Allocation Failure)
[4.159s][info][gc,heap        ] GC(108) PSYoungGen: 35008K(35328K)->27712K(66560K) Eden: 13824K(13824K)->0K(15360K) From: 21184K(21504K)->27712K(51200K)
[4.159s][info][gc,heap        ] GC(108) ParOldGen: 657585K(723456K)->664921K(723456K)
[4.159s][info][gc,metaspace   ] GC(108) Metaspace: 6298K(6464K)->6298K(6464K) NonClass: 5764K(5824K)->5764K(5824K) Class: 533K(640K)->533K(640K)
[4.159s][info][gc             ] GC(108) Pause Young (Allocation Failure) 676M->676M(771M) 19.638ms
[4.159s][info][gc,cpu         ] GC(108) User=0.12s Sys=0.00s Real=0.02s
[4.327s][info][gc,start       ] GC(109) Pause Young (Allocation Failure)
[4.364s][info][gc,heap        ] GC(109) PSYoungGen: 43072K(66560K)->29280K(45056K) Eden: 15360K(15360K)->0K(15360K) From: 27712K(51200K)->29280K(29696K)
[4.364s][info][gc,heap        ] GC(109) ParOldGen: 697689K(723456K)->711697K(723456K)
[4.364s][info][gc,metaspace   ] GC(109) Metaspace: 6298K(6464K)->6298K(6464K) NonClass: 5764K(5824K)->5764K(5824K) Class: 533K(640K)->533K(640K)
[4.365s][info][gc             ] GC(109) Pause Young (Allocation Failure) 723M->723M(750M) 38.003ms
[4.365s][info][gc,cpu         ] GC(109) User=0.14s Sys=0.02s Real=0.04s
[4.365s][info][gc,start       ] GC(110) Pause Full (Ergonomics)
[4.365s][info][gc,phases,start] GC(110) Marking Phase
[4.521s][info][gc,phases      ] GC(110) Marking Phase 156.763ms
[4.521s][info][gc,phases,start] GC(110) Summary Phase
[4.521s][info][gc,phases      ] GC(110) Summary Phase 0.025ms
[4.521s][info][gc,phases,start] GC(110) Adjust Roots
[4.522s][info][gc,phases      ] GC(110) Adjust Roots 0.172ms
[4.522s][info][gc,phases,start] GC(110) Compaction Phase
[4.637s][info][gc,phases      ] GC(110) Compaction Phase 115.760ms
[4.638s][info][gc,phases,start] GC(110) Post Compact
[4.639s][info][gc,phases      ] GC(110) Post Compact 1.432ms
[4.639s][info][gc,heap        ] GC(110) PSYoungGen: 29280K(45056K)->516K(45056K) Eden: 0K(15360K)->0K(15360K) From: 29280K(29696K)->516K(29696K)
[4.639s][info][gc,heap        ] GC(110) ParOldGen: 711697K(723456K)->723410K(804352K)
[4.639s][info][gc,metaspace   ] GC(110) Metaspace: 6298K(6464K)->6298K(6464K) NonClass: 5764K(5824K)->5764K(5824K) Class: 533K(640K)->533K(640K)
[4.639s][info][gc             ] GC(110) Pause Full (Ergonomics) 723M->706M(829M) 274.743ms
[4.639s][info][gc,cpu         ] GC(110) User=1.75s Sys=0.03s Real=0.28s
[4.657s][info][gc,start       ] GC(111) Pause Young (Allocation Failure)
[4.699s][info][gc,heap        ] GC(111) PSYoungGen: 15876K(45056K)->16000K(67584K) Eden: 15360K(15360K)->0K(16896K) From: 516K(29696K)->16000K(50688K)
[4.699s][info][gc,heap        ] GC(111) ParOldGen: 723410K(804352K)->723410K(804352K)
[4.699s][info][gc,metaspace   ] GC(111) Metaspace: 6298K(6464K)->6298K(6464K) NonClass: 5764K(5824K)->5764K(5824K) Class: 533K(640K)->533K(640K)
[4.699s][info][gc             ] GC(111) Pause Young (Allocation Failure) 721M->722M(851M) 41.284ms
[4.699s][info][gc,cpu         ] GC(111) User=0.19s Sys=0.00s Real=0.04s
[4.716s][info][gc,start       ] GC(112) Pause Young (Allocation Failure)
[4.735s][info][gc,heap        ] GC(112) PSYoungGen: 32896K(67584K)->32928K(68096K) Eden: 16896K(16896K)->0K(16896K) From: 16000K(50688K)->32928K(51200K)
[4.735s][info][gc,heap        ] GC(112) ParOldGen: 723410K(804352K)->723410K(804352K)
[4.735s][info][gc,metaspace   ] GC(112) Metaspace: 6298K(6464K)->6298K(6464K) NonClass: 5764K(5824K)->5764K(5824K) Class: 533K(640K)->533K(640K)
[4.735s][info][gc             ] GC(112) Pause Young (Allocation Failure) 738M->738M(852M) 19.116ms
[4.735s][info][gc,cpu         ] GC(112) User=0.02s Sys=0.00s Real=0.02s
[4.754s][info][gc,start       ] GC(113) Pause Young (Allocation Failure)
[4.779s][info][gc,heap        ] GC(113) PSYoungGen: 49824K(68096K)->49856K(64000K) Eden: 16896K(16896K)->0K(12800K) From: 32928K(51200K)->49856K(51200K)
[4.779s][info][gc,heap        ] GC(113) ParOldGen: 723410K(804352K)->723410K(804352K)
[4.779s][info][gc,metaspace   ] GC(113) Metaspace: 6298K(6464K)->6298K(6464K) NonClass: 5764K(5824K)->5764K(5824K) Class: 533K(640K)->533K(640K)
[4.779s][info][gc             ] GC(113) Pause Young (Allocation Failure) 755M->755M(848M) 24.581ms
[4.779s][info][gc,cpu         ] GC(113) User=0.05s Sys=0.00s Real=0.02s
[4.792s][info][gc,start       ] GC(114) Pause Young (Allocation Failure)
[4.821s][info][gc,heap        ] GC(114) PSYoungGen: 62656K(64000K)->57344K(70144K) Eden: 12800K(12800K)->0K(12800K) From: 49856K(51200K)->57344K(57344K)
[4.821s][info][gc,heap        ] GC(114) ParOldGen: 723410K(804352K)->728626K(804352K)
[4.821s][info][gc,metaspace   ] GC(114) Metaspace: 6298K(6464K)->6298K(6464K) NonClass: 5764K(5824K)->5764K(5824K) Class: 533K(640K)->533K(640K)
[4.821s][info][gc             ] GC(114) Pause Young (Allocation Failure) 767M->767M(854M) 28.976ms
[4.821s][info][gc,cpu         ] GC(114) User=0.12s Sys=0.00s Real=0.03s
[4.834s][info][gc,start       ] GC(115) Pause Young (Allocation Failure)
[4.867s][info][gc,heap        ] GC(115) PSYoungGen: 70144K(70144K)->66560K(70144K) Eden: 12800K(12800K)->0K(3584K) From: 57344K(57344K)->66560K(66560K)
[4.867s][info][gc,heap        ] GC(115) ParOldGen: 728626K(804352K)->732274K(804352K)
[4.867s][info][gc,metaspace   ] GC(115) Metaspace: 6298K(6464K)->6298K(6464K) NonClass: 5764K(5824K)->5764K(5824K) Class: 533K(640K)->533K(640K)
[4.867s][info][gc             ] GC(115) Pause Young (Allocation Failure) 780M->780M(854M) 32.735ms
[4.867s][info][gc,cpu         ] GC(115) User=0.22s Sys=0.03s Real=0.03s
[4.871s][info][gc,start       ] GC(116) Pause Young (Allocation Failure)
[4.902s][info][gc,heap        ] GC(116) PSYoungGen: 70144K(70144K)->43008K(46592K) Eden: 3584K(3584K)->0K(3584K) From: 66560K(66560K)->43008K(43008K)
[4.903s][info][gc,heap        ] GC(116) ParOldGen: 732274K(804352K)->759818K(804352K)
[4.903s][info][gc,metaspace   ] GC(116) Metaspace: 6298K(6464K)->6298K(6464K) NonClass: 5764K(5824K)->5764K(5824K) Class: 533K(640K)->533K(640K)
[4.903s][info][gc             ] GC(116) Pause Young (Allocation Failure) 783M->784M(831M) 31.957ms
[4.903s][info][gc,cpu         ] GC(116) User=0.23s Sys=0.00s Real=0.03s
[4.906s][info][gc,start       ] GC(117) Pause Young (Allocation Failure)
[4.929s][info][gc,heap        ] GC(117) PSYoungGen: 46592K(46592K)->18464K(78336K) Eden: 3584K(3584K)->0K(4608K) From: 43008K(43008K)->18464K(73728K)
[4.929s][info][gc,heap        ] GC(117) ParOldGen: 759818K(804352K)->788274K(804352K)
[4.929s][info][gc,metaspace   ] GC(117) Metaspace: 6298K(6464K)->6298K(6464K) NonClass: 5764K(5824K)->5764K(5824K) Class: 533K(640K)->533K(640K)
[4.929s][info][gc             ] GC(117) Pause Young (Allocation Failure) 787M->787M(862M) 22.780ms
[4.929s][info][gc,cpu         ] GC(117) User=0.12s Sys=0.00s Real=0.02s
[4.929s][info][gc,start       ] GC(118) Pause Full (Ergonomics)
[4.929s][info][gc,phases,start] GC(118) Marking Phase
[5.105s][info][gc,phases      ] GC(118) Marking Phase 175.521ms
[5.105s][info][gc,phases,start] GC(118) Summary Phase
[5.105s][info][gc,phases      ] GC(118) Summary Phase 0.028ms
[5.105s][info][gc,phases,start] GC(118) Adjust Roots
[5.105s][info][gc,phases      ] GC(118) Adjust Roots 0.185ms
[5.105s][info][gc,phases,start] GC(118) Compaction Phase
[5.188s][info][gc,phases      ] GC(118) Compaction Phase 82.675ms
[5.188s][info][gc,phases,start] GC(118) Post Compact
[5.189s][info][gc,phases      ] GC(118) Post Compact 1.434ms
[5.190s][info][gc,heap        ] GC(118) PSYoungGen: 18464K(78336K)->1452K(79360K) Eden: 0K(4608K)->0K(5632K) From: 18464K(73728K)->1452K(73728K)
[5.190s][info][gc,heap        ] GC(118) ParOldGen: 788274K(804352K)->804176K(899072K)
[5.190s][info][gc,metaspace   ] GC(118) Metaspace: 6298K(6464K)->6298K(6464K) NonClass: 5764K(5824K)->5764K(5824K) Class: 533K(640K)->533K(640K)
[5.190s][info][gc             ] GC(118) Pause Full (Ergonomics) 787M->786M(955M) 260.643ms
[5.190s][info][gc,cpu         ] GC(118) User=1.78s Sys=0.00s Real=0.26s
[5.196s][info][gc,start       ] GC(119) Pause Young (Allocation Failure)
[5.235s][info][gc,heap        ] GC(119) PSYoungGen: 7084K(79360K)->6208K(80384K) Eden: 5632K(5632K)->0K(5632K) From: 1452K(73728K)->6208K(74752K)
[5.235s][info][gc,heap        ] GC(119) ParOldGen: 804176K(899072K)->805208K(899072K)
[5.235s][info][gc,metaspace   ] GC(119) Metaspace: 6298K(6464K)->6298K(6464K) NonClass: 5764K(5824K)->5764K(5824K) Class: 533K(640K)->533K(640K)
[5.235s][info][gc             ] GC(119) Pause Young (Allocation Failure) 792M->792M(956M) 39.073ms
[5.235s][info][gc,cpu         ] GC(119) User=0.16s Sys=0.00s Real=0.04s
[5.241s][info][gc,start       ] GC(120) Pause Young (Allocation Failure)
[5.252s][info][gc,heap        ] GC(120) PSYoungGen: 11840K(80384K)->5728K(81920K) Eden: 5632K(5632K)->0K(6144K) From: 6208K(74752K)->5728K(75776K)
[5.252s][info][gc,heap        ] GC(120) ParOldGen: 805208K(899072K)->811384K(899072K)
[5.252s][info][gc,metaspace   ] GC(120) Metaspace: 6298K(6464K)->6298K(6464K) NonClass: 5764K(5824K)->5764K(5824K) Class: 533K(640K)->533K(640K)
[5.252s][info][gc             ] GC(120) Pause Young (Allocation Failure) 797M->797M(958M) 10.997ms
[5.252s][info][gc,cpu         ] GC(120) User=0.02s Sys=0.00s Real=0.01s
[5.258s][info][gc,start       ] GC(121) Pause Young (Allocation Failure)
[5.270s][info][gc,heap        ] GC(121) PSYoungGen: 11872K(81920K)->6240K(82432K) Eden: 6144K(6144K)->0K(6144K) From: 5728K(75776K)->6240K(76288K)
[5.271s][info][gc,heap        ] GC(121) ParOldGen: 811384K(899072K)->817096K(899072K)
[5.271s][info][gc,metaspace   ] GC(121) Metaspace: 6298K(6464K)->6298K(6464K) NonClass: 5764K(5824K)->5764K(5824K) Class: 533K(640K)->533K(640K)
[5.271s][info][gc             ] GC(121) Pause Young (Allocation Failure) 803M->804M(958M) 12.191ms
[5.271s][info][gc,cpu         ] GC(121) User=0.00s Sys=0.02s Real=0.01s
[5.277s][info][gc,start       ] GC(122) Pause Young (Allocation Failure)
[5.288s][info][gc,heap        ] GC(122) PSYoungGen: 12384K(82432K)->6240K(80384K) Eden: 6144K(6144K)->0K(7168K) From: 6240K(76288K)->6240K(73216K)
[5.288s][info][gc,heap        ] GC(122) ParOldGen: 817096K(899072K)->823328K(899072K)
[5.288s][info][gc,metaspace   ] GC(122) Metaspace: 6298K(6464K)->6298K(6464K) NonClass: 5764K(5824K)->5764K(5824K) Class: 533K(640K)->533K(640K)
[5.288s][info][gc             ] GC(122) Pause Young (Allocation Failure) 810M->810M(956M) 11.888ms
[5.288s][info][gc,cpu         ] GC(122) User=0.00s Sys=0.00s Real=0.01s
[5.296s][info][gc,start       ] GC(123) Pause Young (Allocation Failure)
[5.309s][info][gc,heap        ] GC(123) PSYoungGen: 13408K(80384K)->7296K(14848K) Eden: 7168K(7168K)->0K(7168K) From: 6240K(73216K)->7296K(7680K)
[5.309s][info][gc,heap        ] GC(123) ParOldGen: 823328K(899072K)->829568K(899072K)
[5.309s][info][gc,metaspace   ] GC(123) Metaspace: 6298K(6464K)->6298K(6464K) NonClass: 5764K(5824K)->5764K(5824K) Class: 533K(640K)->533K(640K)
[5.309s][info][gc             ] GC(123) Pause Young (Allocation Failure) 817M->817M(892M) 12.562ms
[5.309s][info][gc,cpu         ] GC(123) User=0.00s Sys=0.00s Real=0.01s
[5.317s][info][gc,start       ] GC(124) Pause Young (Allocation Failure)
[5.330s][info][gc,heap        ] GC(124) PSYoungGen: 14464K(14848K)->7328K(75776K) Eden: 7168K(7168K)->0K(8192K) From: 7296K(7680K)->7328K(67584K)
[5.330s][info][gc,heap        ] GC(124) ParOldGen: 829568K(899072K)->836832K(899072K)
[5.330s][info][gc,metaspace   ] GC(124) Metaspace: 6298K(6464K)->6298K(6464K) NonClass: 5764K(5824K)->5764K(5824K) Class: 533K(640K)->533K(640K)
[5.330s][info][gc             ] GC(124) Pause Young (Allocation Failure) 824M->824M(952M) 12.890ms
[5.330s][info][gc,cpu         ] GC(124) User=0.00s Sys=0.00s Real=0.01s
[5.338s][info][gc,start       ] GC(125) Pause Young (Allocation Failure)
[5.351s][info][gc,heap        ] GC(125) PSYoungGen: 15520K(75776K)->8256K(16896K) Eden: 8192K(8192K)->0K(8192K) From: 7328K(67584K)->8256K(8704K)
[5.351s][info][gc,heap        ] GC(125) ParOldGen: 836832K(899072K)->844096K(899072K)
[5.351s][info][gc,metaspace   ] GC(125) Metaspace: 6298K(6464K)->6298K(6464K) NonClass: 5764K(5824K)->5764K(5824K) Class: 533K(640K)->533K(640K)
[5.351s][info][gc             ] GC(125) Pause Young (Allocation Failure) 832M->832M(894M) 12.704ms
[5.351s][info][gc,cpu         ] GC(125) User=0.02s Sys=0.00s Real=0.01s
[5.360s][info][gc,start       ] GC(126) Pause Young (Allocation Failure)
[5.374s][info][gc,heap        ] GC(126) PSYoungGen: 16448K(16896K)->8352K(72192K) Eden: 8192K(8192K)->0K(9728K) From: 8256K(8704K)->8352K(62464K)
[5.374s][info][gc,heap        ] GC(126) ParOldGen: 844096K(899072K)->852392K(899072K)
[5.374s][info][gc,metaspace   ] GC(126) Metaspace: 6298K(6464K)->6298K(6464K) NonClass: 5764K(5824K)->5764K(5824K) Class: 533K(640K)->533K(640K)
[5.374s][info][gc             ] GC(126) Pause Young (Allocation Failure) 840M->840M(948M) 14.014ms
[5.374s][info][gc,cpu         ] GC(126) User=0.02s Sys=0.00s Real=0.01s
[5.384s][info][gc,start       ] GC(127) Pause Young (Allocation Failure)
[5.399s][info][gc,heap        ] GC(127) PSYoungGen: 18080K(72192K)->9856K(19968K) Eden: 9728K(9728K)->0K(9728K) From: 8352K(62464K)->9856K(10240K)
[5.399s][info][gc,heap        ] GC(127) ParOldGen: 852392K(899072K)->860704K(899072K)
[5.399s][info][gc,metaspace   ] GC(127) Metaspace: 6298K(6464K)->6298K(6464K) NonClass: 5764K(5824K)->5764K(5824K) Class: 533K(640K)->533K(640K)
[5.399s][info][gc             ] GC(127) Pause Young (Allocation Failure) 850M->850M(897M) 15.645ms
[5.399s][info][gc,cpu         ] GC(127) User=0.02s Sys=0.00s Real=0.02s
[5.410s][info][gc,start       ] GC(128) Pause Young (Allocation Failure)
[5.425s][info][gc,heap        ] GC(128) PSYoungGen: 19584K(19968K)->9824K(67584K) Eden: 9728K(9728K)->0K(11264K) From: 9856K(10240K)->9824K(56320K)
[5.425s][info][gc,heap        ] GC(128) ParOldGen: 860704K(899072K)->870560K(899072K)
[5.425s][info][gc,metaspace   ] GC(128) Metaspace: 6298K(6464K)->6298K(6464K) NonClass: 5764K(5824K)->5764K(5824K) Class: 533K(640K)->533K(640K)
[5.425s][info][gc             ] GC(128) Pause Young (Allocation Failure) 859M->859M(944M) 15.324ms
[5.425s][info][gc,cpu         ] GC(128) User=0.02s Sys=0.00s Real=0.02s
[5.437s][info][gc,start       ] GC(129) Pause Young (Allocation Failure)
[5.453s][info][gc,heap        ] GC(129) PSYoungGen: 21088K(67584K)->11392K(23040K) Eden: 11264K(11264K)->0K(11264K) From: 9824K(56320K)->11392K(11776K)
[5.453s][info][gc,heap        ] GC(129) ParOldGen: 870560K(899072K)->880424K(899072K)
[5.453s][info][gc,metaspace   ] GC(129) Metaspace: 6298K(6464K)->6298K(6464K) NonClass: 5764K(5824K)->5764K(5824K) Class: 533K(640K)->533K(640K)
[5.453s][info][gc             ] GC(129) Pause Young (Allocation Failure) 870M->870M(900M) 15.721ms
[5.453s][info][gc,cpu         ] GC(129) User=0.00s Sys=0.00s Real=0.01s
[5.464s][info][gc,start       ] GC(130) Pause Young (Allocation Failure)
[5.481s][info][gc,heap        ] GC(130) PSYoungGen: 22656K(23040K)->11360K(62976K) Eden: 11264K(11264K)->0K(12800K) From: 11392K(11776K)->11360K(50176K)
[5.481s][info][gc,heap        ] GC(130) ParOldGen: 880424K(899072K)->891832K(899072K)
[5.481s][info][gc,metaspace   ] GC(130) Metaspace: 6298K(6464K)->6298K(6464K) NonClass: 5764K(5824K)->5764K(5824K) Class: 533K(640K)->533K(640K)
[5.481s][info][gc             ] GC(130) Pause Young (Allocation Failure) 881M->882M(939M) 16.430ms
[5.481s][info][gc,cpu         ] GC(130) User=0.00s Sys=0.00s Real=0.02s
[5.481s][info][gc,start       ] GC(131) Pause Full (Ergonomics)
[5.481s][info][gc,phases,start] GC(131) Marking Phase
[5.670s][info][gc,phases      ] GC(131) Marking Phase 188.818ms
[5.670s][info][gc,phases,start] GC(131) Summary Phase
[5.670s][info][gc,phases      ] GC(131) Summary Phase 0.024ms
[5.670s][info][gc,phases,start] GC(131) Adjust Roots
[5.670s][info][gc,phases      ] GC(131) Adjust Roots 0.184ms
[5.670s][info][gc,phases,start] GC(131) Compaction Phase
[5.766s][info][gc,phases      ] GC(131) Compaction Phase 95.657ms
[5.766s][info][gc,phases,start] GC(131) Post Compact
[5.767s][info][gc,phases      ] GC(131) Post Compact 1.590ms
[5.768s][info][gc,heap        ] GC(131) PSYoungGen: 11360K(62976K)->2546K(64512K) Eden: 0K(12800K)->0K(14336K) From: 11360K(50176K)->2546K(50176K)
[5.768s][info][gc,heap        ] GC(131) ParOldGen: 891832K(899072K)->898964K(988160K)
[5.768s][info][gc,metaspace   ] GC(131) Metaspace: 6298K(6464K)->6298K(6464K) NonClass: 5764K(5824K)->5764K(5824K) Class: 533K(640K)->533K(640K)
[5.768s][info][gc             ] GC(131) Pause Full (Ergonomics) 882M->880M(1028M) 287.009ms
[5.768s][info][gc,cpu         ] GC(131) User=1.84s Sys=0.02s Real=0.29s
[5.786s][info][gc,start       ] GC(132) Pause Young (Allocation Failure)
[5.832s][info][gc,heap        ] GC(132) PSYoungGen: 16882K(64512K)->14464K(29184K) Eden: 14336K(14336K)->0K(14336K) From: 2546K(50176K)->14464K(14848K)
[5.832s][info][gc,heap        ] GC(132) ParOldGen: 898964K(988160K)->901572K(988160K)
[5.832s][info][gc,metaspace   ] GC(132) Metaspace: 6298K(6464K)->6298K(6464K) NonClass: 5764K(5824K)->5764K(5824K) Class: 533K(640K)->533K(640K)
[5.832s][info][gc             ] GC(132) Pause Young (Allocation Failure) 894M->894M(993M) 46.548ms
[5.832s][info][gc,cpu         ] GC(132) User=0.27s Sys=0.00s Real=0.05s
[5.848s][info][gc,start       ] GC(133) Pause Young (Allocation Failure)
[5.866s][info][gc,heap        ] GC(133) PSYoungGen: 28800K(29184K)->14496K(59392K) Eden: 14336K(14336K)->0K(15872K) From: 14464K(14848K)->14496K(43520K)
[5.867s][info][gc,heap        ] GC(133) ParOldGen: 901572K(988160K)->916100K(988160K)
[5.867s][info][gc,metaspace   ] GC(133) Metaspace: 6298K(6464K)->6298K(6464K) NonClass: 5764K(5824K)->5764K(5824K) Class: 533K(640K)->533K(640K)
[5.867s][info][gc             ] GC(133) Pause Young (Allocation Failure) 908M->908M(1023M) 18.650ms
[5.867s][info][gc,cpu         ] GC(133) User=0.03s Sys=0.00s Real=0.02s
[5.884s][info][gc,start       ] GC(134) Pause Young (Allocation Failure)
[5.903s][info][gc,heap        ] GC(134) PSYoungGen: 30368K(59392K)->16032K(32256K) Eden: 15872K(15872K)->0K(15872K) From: 14496K(43520K)->16032K(16384K)
[5.903s][info][gc,heap        ] GC(134) ParOldGen: 916100K(988160K)->930652K(988160K)
[5.903s][info][gc,metaspace   ] GC(134) Metaspace: 6298K(6464K)->6298K(6464K) NonClass: 5764K(5824K)->5764K(5824K) Class: 533K(640K)->533K(640K)
[5.903s][info][gc             ] GC(134) Pause Young (Allocation Failure) 924M->924M(996M) 18.933ms
[5.903s][info][gc,cpu         ] GC(134) User=0.03s Sys=0.00s Real=0.02s
[5.920s][info][gc,start       ] GC(135) Pause Young (Allocation Failure)
[5.940s][info][gc,heap        ] GC(135) PSYoungGen: 31904K(32256K)->16000K(56320K) Eden: 15872K(15872K)->0K(17920K) From: 16032K(16384K)->16000K(38400K)
[5.940s][info][gc,heap        ] GC(135) ParOldGen: 930652K(988160K)->946732K(988160K)
[5.940s][info][gc,metaspace   ] GC(135) Metaspace: 6298K(6464K)->6298K(6464K) NonClass: 5764K(5824K)->5764K(5824K) Class: 533K(640K)->533K(640K)
[5.940s][info][gc             ] GC(135) Pause Young (Allocation Failure) 939M->940M(1020M) 19.569ms
[5.940s][info][gc,cpu         ] GC(135) User=0.12s Sys=0.00s Real=0.02s
[5.960s][info][gc,start       ] GC(136) Pause Young (Allocation Failure)
[5.980s][info][gc,heap        ] GC(136) PSYoungGen: 33920K(56320K)->18080K(58880K) Eden: 17920K(17920K)->0K(17920K) From: 16000K(38400K)->18080K(40960K)
[5.980s][info][gc,heap        ] GC(136) ParOldGen: 946732K(988160K)->962828K(988160K)
[5.980s][info][gc,metaspace   ] GC(136) Metaspace: 6298K(6464K)->6298K(6464K) NonClass: 5764K(5824K)->5764K(5824K) Class: 533K(640K)->533K(640K)
[5.980s][info][gc             ] GC(136) Pause Young (Allocation Failure) 957M->957M(1022M) 20.394ms
[5.980s][info][gc,cpu         ] GC(136) User=0.03s Sys=0.00s Real=0.02s
[5.999s][info][gc,start       ] GC(137) Pause Young (Allocation Failure)
[6.020s][info][gc,heap        ] GC(137) PSYoungGen: 36000K(58880K)->18048K(56320K) Eden: 17920K(17920K)->0K(19968K) From: 18080K(40960K)->18048K(36352K)
[6.020s][info][gc,heap        ] GC(137) ParOldGen: 962828K(988160K)->980996K(988160K)
[6.020s][info][gc,metaspace   ] GC(137) Metaspace: 6298K(6464K)->6298K(6464K) NonClass: 5764K(5824K)->5764K(5824K) Class: 533K(640K)->533K(640K)
[6.020s][info][gc             ] GC(137) Pause Young (Allocation Failure) 975M->975M(1020M) 20.904ms
[6.020s][info][gc,cpu         ] GC(137) User=0.11s Sys=0.02s Real=0.02s
[6.020s][info][gc,start       ] GC(138) Pause Full (Ergonomics)
[6.020s][info][gc,phases,start] GC(138) Marking Phase
[6.229s][info][gc,phases      ] GC(138) Marking Phase 208.894ms
[6.229s][info][gc,phases,start] GC(138) Summary Phase
[6.229s][info][gc,phases      ] GC(138) Summary Phase 0.024ms
[6.229s][info][gc,phases,start] GC(138) Adjust Roots
[6.229s][info][gc,phases      ] GC(138) Adjust Roots 0.146ms
[6.229s][info][gc,phases,start] GC(138) Compaction Phase
[6.315s][info][gc,phases      ] GC(138) Compaction Phase 85.877ms
[6.315s][info][gc,phases,start] GC(138) Post Compact
[6.317s][info][gc,phases      ] GC(138) Post Compact 1.539ms
[6.317s][info][gc,heap        ] GC(138) PSYoungGen: 18048K(56320K)->9712K(57856K) Eden: 0K(19968K)->0K(21504K) From: 18048K(36352K)->9712K(36352K)
[6.317s][info][gc,heap        ] GC(138) ParOldGen: 980996K(988160K)->987869K(1090560K)
[6.317s][info][gc,metaspace   ] GC(138) Metaspace: 6298K(6464K)->6298K(6464K) NonClass: 5764K(5824K)->5764K(5824K) Class: 533K(640K)->533K(640K)
[6.317s][info][gc             ] GC(138) Pause Full (Ergonomics) 975M->974M(1121M) 297.204ms
[6.317s][info][gc,cpu         ] GC(138) User=2.03s Sys=0.00s Real=0.30s
[6.342s][info][gc,start       ] GC(139) Pause Young (Allocation Failure)
[6.398s][info][gc,heap        ] GC(139) PSYoungGen: 31216K(57856K)->21600K(59392K) Eden: 21504K(21504K)->0K(21504K) From: 9712K(36352K)->21600K(37888K)
[6.398s][info][gc,heap        ] GC(139) ParOldGen: 987869K(1090560K)->997741K(1090560K)
[6.398s][info][gc,metaspace   ] GC(139) Metaspace: 6298K(6464K)->6298K(6464K) NonClass: 5764K(5824K)->5764K(5824K) Class: 533K(640K)->533K(640K)
[6.398s][info][gc             ] GC(139) Pause Young (Allocation Failure) 995M->995M(1123M) 56.476ms
[6.398s][info][gc,cpu         ] GC(139) User=0.34s Sys=0.03s Real=0.06s
[6.423s][info][gc,start       ] GC(140) Pause Young (Allocation Failure)
[6.447s][info][gc,heap        ] GC(140) PSYoungGen: 43104K(59392K)->37376K(53760K) Eden: 21504K(21504K)->0K(16384K) From: 21600K(37888K)->37376K(37376K)
[6.447s][info][gc,heap        ] GC(140) ParOldGen: 997741K(1090560K)->1003501K(1090560K)
[6.447s][info][gc,metaspace   ] GC(140) Metaspace: 6298K(6464K)->6298K(6464K) NonClass: 5764K(5824K)->5764K(5824K) Class: 533K(640K)->533K(640K)
[6.447s][info][gc             ] GC(140) Pause Young (Allocation Failure) 1016M->1016M(1117M) 24.011ms
[6.447s][info][gc,cpu         ] GC(140) User=0.12s Sys=0.00s Real=0.02s
[6.465s][info][gc,start       ] GC(141) Pause Young (Allocation Failure)
[6.494s][info][gc,heap        ] GC(141) PSYoungGen: 53760K(53760K)->16544K(61440K) Eden: 16384K(16384K)->0K(16384K) From: 37376K(37376K)->16544K(45056K)
[6.494s][info][gc,heap        ] GC(141) ParOldGen: 1003501K(1090560K)->1041341K(1090560K)
[6.494s][info][gc,metaspace   ] GC(141) Metaspace: 6298K(6464K)->6298K(6464K) NonClass: 5764K(5824K)->5764K(5824K) Class: 533K(640K)->533K(640K)
[6.494s][info][gc             ] GC(141) Pause Young (Allocation Failure) 1032M->1033M(1125M) 29.005ms
[6.494s][info][gc,cpu         ] GC(141) User=0.03s Sys=0.09s Real=0.03s
[6.512s][info][gc,start       ] GC(142) Pause Young (Allocation Failure)
[6.532s][info][gc,heap        ] GC(142) PSYoungGen: 32928K(61440K)->16512K(58368K) Eden: 16384K(16384K)->0K(18432K) From: 16544K(45056K)->16512K(39936K)
[6.532s][info][gc,heap        ] GC(142) ParOldGen: 1041341K(1090560K)->1057949K(1090560K)
[6.532s][info][gc,metaspace   ] GC(142) Metaspace: 6298K(6464K)->6298K(6464K) NonClass: 5764K(5824K)->5764K(5824K) Class: 533K(640K)->533K(640K)
[6.532s][info][gc             ] GC(142) Pause Young (Allocation Failure) 1049M->1049M(1122M) 19.867ms
[6.532s][info][gc,cpu         ] GC(142) User=0.12s Sys=0.00s Real=0.02s
[6.553s][info][gc,start       ] GC(143) Pause Young (Allocation Failure)
[6.573s][info][gc,heap        ] GC(143) PSYoungGen: 34944K(58368K)->18560K(37376K) Eden: 18432K(18432K)->0K(18432K) From: 16512K(39936K)->18560K(18944K)
[6.573s][info][gc,heap        ] GC(143) ParOldGen: 1057949K(1090560K)->1074549K(1090560K)
[6.573s][info][gc,metaspace   ] GC(143) Metaspace: 6298K(6464K)->6298K(6464K) NonClass: 5764K(5824K)->5764K(5824K) Class: 533K(640K)->533K(640K)
[6.573s][info][gc             ] GC(143) Pause Young (Allocation Failure) 1067M->1067M(1101M) 20.897ms
[6.573s][info][gc,cpu         ] GC(143) User=0.12s Sys=0.00s Real=0.02s
[6.573s][info][gc,start       ] GC(144) Pause Full (Ergonomics)
[6.573s][info][gc,phases,start] GC(144) Marking Phase
[6.820s][info][gc,phases      ] GC(144) Marking Phase 246.340ms
[6.820s][info][gc,phases,start] GC(144) Summary Phase
[6.820s][info][gc,phases      ] GC(144) Summary Phase 0.025ms
[6.820s][info][gc,phases,start] GC(144) Adjust Roots
[6.820s][info][gc,phases      ] GC(144) Adjust Roots 0.151ms
[6.820s][info][gc,phases,start] GC(144) Compaction Phase
[6.912s][info][gc,phases      ] GC(144) Compaction Phase 92.384ms
[6.913s][info][gc,phases,start] GC(144) Post Compact
[6.914s][info][gc,phases      ] GC(144) Post Compact 1.702ms
[6.915s][info][gc,heap        ] GC(144) PSYoungGen: 18560K(37376K)->1541K(37376K) Eden: 0K(18432K)->0K(18432K) From: 18560K(18944K)->1541K(18944K)
[6.915s][info][gc,heap        ] GC(144) ParOldGen: 1074549K(1090560K)->1090089K(1207808K)
[6.915s][info][gc,metaspace   ] GC(144) Metaspace: 6298K(6464K)->6298K(6464K) NonClass: 5764K(5824K)->5764K(5824K) Class: 533K(640K)->533K(640K)
[6.915s][info][gc             ] GC(144) Pause Full (Ergonomics) 1067M->1066M(1216M) 341.295ms
[6.915s][info][gc,cpu         ] GC(144) User=2.55s Sys=0.03s Real=0.34s
[6.938s][info][gc,start       ] GC(145) Pause Young (Allocation Failure)
[6.996s][info][gc,heap        ] GC(145) PSYoungGen: 19973K(37376K)->18560K(56320K) Eden: 18432K(18432K)->0K(20480K) From: 1541K(18944K)->18560K(35840K)
[6.996s][info][gc,heap        ] GC(145) ParOldGen: 1090089K(1207808K)->1091689K(1207808K)
[6.996s][info][gc,metaspace   ] GC(145) Metaspace: 6298K(6464K)->6298K(6464K) NonClass: 5764K(5824K)->5764K(5824K) Class: 533K(640K)->533K(640K)
[6.996s][info][gc             ] GC(145) Pause Young (Allocation Failure) 1084M->1084M(1234M) 57.307ms
[6.996s][info][gc,cpu         ] GC(145) User=0.39s Sys=0.00s Real=0.06s
[7.019s][info][gc,start       ] GC(146) Pause Young (Allocation Failure)
[7.042s][info][gc,heap        ] GC(146) PSYoungGen: 39040K(56320K)->37376K(57856K) Eden: 20480K(20480K)->0K(20480K) From: 18560K(35840K)->37376K(37376K)
[7.042s][info][gc,heap        ] GC(146) ParOldGen: 1091689K(1207808K)->1093297K(1207808K)
[7.042s][info][gc,metaspace   ] GC(146) Metaspace: 6298K(6464K)->6298K(6464K) NonClass: 5764K(5824K)->5764K(5824K) Class: 533K(640K)->533K(640K)
[7.042s][info][gc             ] GC(146) Pause Young (Allocation Failure) 1104M->1104M(1236M) 22.729ms
[7.042s][info][gc,cpu         ] GC(146) User=0.12s Sys=0.00s Real=0.02s
[7.064s][info][gc,start       ] GC(147) Pause Young (Allocation Failure)
[7.095s][info][gc,heap        ] GC(147) PSYoungGen: 57856K(57856K)->20672K(60416K) Eden: 20480K(20480K)->0K(22528K) From: 37376K(37376K)->20672K(37888K)
[7.095s][info][gc,heap        ] GC(147) ParOldGen: 1093297K(1207808K)->1131137K(1207808K)
[7.095s][info][gc,metaspace   ] GC(147) Metaspace: 6298K(6464K)->6298K(6464K) NonClass: 5764K(5824K)->5764K(5824K) Class: 533K(640K)->533K(640K)
[7.095s][info][gc             ] GC(147) Pause Young (Allocation Failure) 1124M->1124M(1238M) 31.185ms
[7.095s][info][gc,cpu         ] GC(147) User=0.11s Sys=0.03s Real=0.03s
[7.121s][info][gc,start       ] GC(148) Pause Young (Allocation Failure)
[7.146s][info][gc,heap        ] GC(148) PSYoungGen: 43200K(60416K)->40448K(62976K) Eden: 22528K(22528K)->0K(22528K) From: 20672K(37888K)->40448K(40448K)
[7.146s][info][gc,heap        ] GC(148) ParOldGen: 1131137K(1207808K)->1133793K(1207808K)
[7.146s][info][gc,metaspace   ] GC(148) Metaspace: 6298K(6464K)->6298K(6464K) NonClass: 5764K(5824K)->5764K(5824K) Class: 533K(640K)->533K(640K)
[7.146s][info][gc             ] GC(148) Pause Young (Allocation Failure) 1146M->1146M(1241M) 24.595ms
[7.146s][info][gc,cpu         ] GC(148) User=0.12s Sys=0.00s Real=0.02s
[7.172s][info][gc,start       ] GC(149) Pause Young (Allocation Failure)
[7.206s][info][gc,heap        ] GC(149) PSYoungGen: 62976K(62976K)->22688K(67072K) Eden: 22528K(22528K)->0K(25088K) From: 40448K(40448K)->22688K(41984K)
[7.206s][info][gc,heap        ] GC(149) ParOldGen: 1133793K(1207808K)->1174753K(1207808K)
[7.206s][info][gc,metaspace   ] GC(149) Metaspace: 6298K(6464K)->6298K(6464K) NonClass: 5764K(5824K)->5764K(5824K) Class: 533K(640K)->533K(640K)
[7.206s][info][gc             ] GC(149) Pause Young (Allocation Failure) 1168M->1169M(1245M) 33.701ms
[7.206s][info][gc,cpu         ] GC(149) User=0.16s Sys=0.02s Real=0.03s
[7.206s][info][gc,start       ] GC(150) Pause Full (Ergonomics)
[7.206s][info][gc,phases,start] GC(150) Marking Phase
[7.455s][info][gc,phases      ] GC(150) Marking Phase 248.952ms
[7.455s][info][gc,phases,start] GC(150) Summary Phase
[7.455s][info][gc,phases      ] GC(150) Summary Phase 0.032ms
[7.455s][info][gc,phases,start] GC(150) Adjust Roots
[7.455s][info][gc,phases      ] GC(150) Adjust Roots 0.160ms
[7.455s][info][gc,phases,start] GC(150) Compaction Phase
[7.552s][info][gc,phases      ] GC(150) Compaction Phase 96.798ms
[7.552s][info][gc,phases,start] GC(150) Post Compact
[7.554s][info][gc,phases      ] GC(150) Post Compact 1.896ms
[7.554s][info][gc,heap        ] GC(150) PSYoungGen: 22688K(67072K)->0K(69632K) Eden: 0K(25088K)->0K(25088K) From: 22688K(41984K)->0K(44544K)
[7.554s][info][gc,heap        ] GC(150) ParOldGen: 1174753K(1207808K)->1195913K(1338368K)
[7.554s][info][gc,metaspace   ] GC(150) Metaspace: 6298K(6464K)->6298K(6464K) NonClass: 5764K(5824K)->5764K(5824K) Class: 533K(640K)->533K(640K)
[7.554s][info][gc             ] GC(150) Pause Full (Ergonomics) 1169M->1167M(1375M) 348.722ms
[7.554s][info][gc,cpu         ] GC(150) User=2.50s Sys=0.05s Real=0.35s
[7.587s][info][gc,start       ] GC(151) Pause Young (Allocation Failure)
[7.605s][info][gc,heap        ] GC(151) PSYoungGen: 25088K(69632K)->25248K(70144K) Eden: 25088K(25088K)->0K(27648K) From: 0K(44544K)->25248K(42496K)
[7.605s][info][gc,heap        ] GC(151) ParOldGen: 1195913K(1338368K)->1195913K(1338368K)
[7.605s][info][gc,metaspace   ] GC(151) Metaspace: 6298K(6464K)->6298K(6464K) NonClass: 5764K(5824K)->5764K(5824K) Class: 533K(640K)->533K(640K)
[7.605s][info][gc             ] GC(151) Pause Young (Allocation Failure) 1192M->1192M(1375M) 18.117ms
[7.605s][info][gc,cpu         ] GC(151) User=0.02s Sys=0.02s Real=0.02s
[7.638s][info][gc,start       ] GC(152) Pause Young (Allocation Failure)
[7.666s][info][gc,heap        ] GC(152) PSYoungGen: 52896K(70144K)->43520K(71168K) Eden: 27648K(27648K)->0K(27648K) From: 25248K(42496K)->43520K(43520K)
[7.666s][info][gc,heap        ] GC(152) ParOldGen: 1195913K(1338368K)->1205313K(1338368K)
[7.666s][info][gc,metaspace   ] GC(152) Metaspace: 6298K(6464K)->6298K(6464K) NonClass: 5764K(5824K)->5764K(5824K) Class: 533K(640K)->533K(640K)
[7.666s][info][gc             ] GC(152) Pause Young (Allocation Failure) 1219M->1219M(1376M) 28.706ms
[7.667s][info][gc,cpu         ] GC(152) User=0.12s Sys=0.00s Real=0.03s
[7.700s][info][gc,start       ] GC(153) Pause Young (Allocation Failure)
[7.738s][info][gc,heap        ] GC(153) PSYoungGen: 71168K(71168K)->27776K(78336K) Eden: 27648K(27648K)->0K(30208K) From: 43520K(43520K)->27776K(48128K)
[7.738s][info][gc,heap        ] GC(153) ParOldGen: 1205313K(1338368K)->1249393K(1338368K)
[7.738s][info][gc,metaspace   ] GC(153) Metaspace: 6298K(6464K)->6298K(6464K) NonClass: 5764K(5824K)->5764K(5824K) Class: 533K(640K)->533K(640K)
[7.738s][info][gc             ] GC(153) Pause Young (Allocation Failure) 1246M->1247M(1383M) 37.988ms
[7.738s][info][gc,cpu         ] GC(153) User=0.19s Sys=0.06s Real=0.04s
[7.774s][info][gc,start       ] GC(154) Pause Young (Allocation Failure)
[7.805s][info][gc,heap        ] GC(154) PSYoungGen: 57984K(78336K)->50176K(80384K) Eden: 30208K(30208K)->0K(30208K) From: 27776K(48128K)->50176K(50176K)
[7.805s][info][gc,heap        ] GC(154) ParOldGen: 1249393K(1338368K)->1254697K(1338368K)
[7.805s][info][gc,metaspace   ] GC(154) Metaspace: 6298K(6464K)->6298K(6464K) NonClass: 5764K(5824K)->5764K(5824K) Class: 533K(640K)->533K(640K)
[7.805s][info][gc             ] GC(154) Pause Young (Allocation Failure) 1276M->1274M(1385M) 30.853ms
[7.805s][info][gc,cpu         ] GC(154) User=0.14s Sys=0.00s Real=0.03s
[7.828s][info][gc,start       ] GC(155) Pause Young (Allocation Failure)
[7.863s][info][gc,heap        ] GC(155) PSYoungGen: 80384K(80384K)->15840K(90112K) Eden: 30208K(30208K)->0K(33280K) From: 50176K(50176K)->15840K(56832K)
[7.863s][info][gc,heap        ] GC(155) ParOldGen: 1254697K(1338368K)->1305513K(1338368K)
[7.863s][info][gc,metaspace   ] GC(155) Metaspace: 6298K(6464K)->6298K(6464K) NonClass: 5764K(5824K)->5764K(5824K) Class: 533K(640K)->533K(640K)
[7.864s][info][gc             ] GC(155) Pause Young (Allocation Failure) 1303M->1290M(1395M) 35.986ms
[7.864s][info][gc,cpu         ] GC(155) User=0.23s Sys=0.00s Real=0.04s
[7.864s][info][gc,start       ] GC(156) Pause Full (Ergonomics)
[7.864s][info][gc,phases,start] GC(156) Marking Phase
[8.152s][info][gc,phases      ] GC(156) Marking Phase 288.185ms
[8.152s][info][gc,phases,start] GC(156) Summary Phase
[8.152s][info][gc,phases      ] GC(156) Summary Phase 0.048ms
[8.152s][info][gc,phases,start] GC(156) Adjust Roots
[8.152s][info][gc,phases      ] GC(156) Adjust Roots 0.176ms
[8.152s][info][gc,phases,start] GC(156) Compaction Phase
[8.260s][info][gc,phases      ] GC(156) Compaction Phase 107.869ms
[8.260s][info][gc,phases,start] GC(156) Post Compact
[8.262s][info][gc,phases      ] GC(156) Post Compact 2.078ms
[8.263s][info][gc,heap        ] GC(156) PSYoungGen: 15840K(90112K)->0K(91136K) Eden: 0K(33280K)->0K(33280K) From: 15840K(56832K)->0K(57856K)
[8.263s][info][gc,heap        ] GC(156) ParOldGen: 1305513K(1338368K)->1319506K(1485312K)
[8.263s][info][gc,metaspace   ] GC(156) Metaspace: 6298K(6464K)->6298K(6464K) NonClass: 5764K(5824K)->5764K(5824K) Class: 533K(640K)->533K(640K)
[8.263s][info][gc             ] GC(156) Pause Full (Ergonomics) 1290M->1288M(1539M) 399.207ms
[8.263s][info][gc,cpu         ] GC(156) User=2.97s Sys=0.02s Real=0.40s
[8.305s][info][gc,start       ] GC(157) Pause Young (Allocation Failure)
[8.325s][info][gc,heap        ] GC(157) PSYoungGen: 33280K(91136K)->32192K(91648K) Eden: 33280K(33280K)->0K(36352K) From: 0K(57856K)->32192K(55296K)
[8.326s][info][gc,heap        ] GC(157) ParOldGen: 1319506K(1485312K)->1319506K(1485312K)
[8.326s][info][gc,metaspace   ] GC(157) Metaspace: 6298K(6464K)->6298K(6464K) NonClass: 5764K(5824K)->5764K(5824K) Class: 533K(640K)->533K(640K)
[8.326s][info][gc             ] GC(157) Pause Young (Allocation Failure) 1321M->1320M(1540M) 20.934ms
[8.326s][info][gc,cpu         ] GC(157) User=0.12s Sys=0.00s Real=0.02s
[8.369s][info][gc,start       ] GC(158) Pause Young (Allocation Failure)
[8.406s][info][gc,heap        ] GC(158) PSYoungGen: 68544K(91648K)->56832K(93184K) Eden: 36352K(36352K)->0K(36352K) From: 32192K(55296K)->56832K(56832K)
[8.406s][info][gc,heap        ] GC(158) ParOldGen: 1319506K(1485312K)->1331298K(1485312K)
[8.406s][info][gc,metaspace   ] GC(158) Metaspace: 6298K(6464K)->6298K(6464K) NonClass: 5764K(5824K)->5764K(5824K) Class: 533K(640K)->533K(640K)
[8.406s][info][gc             ] GC(158) Pause Young (Allocation Failure) 1355M->1355M(1541M) 37.277ms
[8.406s][info][gc,cpu         ] GC(158) User=0.27s Sys=0.00s Real=0.04s
[8.773s][info][gc,start       ] GC(159) Pause Young (Allocation Failure)
[8.855s][info][gc,heap        ] GC(159) PSYoungGen: 93184K(93184K)->36512K(103424K) Eden: 36352K(36352K)->0K(39424K) From: 56832K(56832K)->36512K(64000K)
[8.855s][info][gc,heap        ] GC(159) ParOldGen: 1396834K(1485312K)->1454346K(1485312K)
[8.855s][info][gc,metaspace   ] GC(159) Metaspace: 6298K(6464K)->6298K(6464K) NonClass: 5764K(5824K)->5764K(5824K) Class: 533K(640K)->533K(640K)
[8.855s][info][gc             ] GC(159) Pause Young (Allocation Failure) 1455M->1455M(1551M) 81.732ms
[8.855s][info][gc,cpu         ] GC(159) User=0.44s Sys=0.06s Real=0.08s
[8.855s][info][gc,start       ] GC(160) Pause Full (Ergonomics)
[8.855s][info][gc,phases,start] GC(160) Marking Phase
[9.179s][info][gc,phases      ] GC(160) Marking Phase 324.050ms
[9.179s][info][gc,phases,start] GC(160) Summary Phase
[9.179s][info][gc,phases      ] GC(160) Summary Phase 0.050ms
[9.179s][info][gc,phases,start] GC(160) Adjust Roots
[9.179s][info][gc,phases      ] GC(160) Adjust Roots 0.160ms
[9.179s][info][gc,phases,start] GC(160) Compaction Phase
[9.407s][info][gc,phases      ] GC(160) Compaction Phase 227.905ms
[9.407s][info][gc,phases,start] GC(160) Post Compact
[9.410s][info][gc,phases      ] GC(160) Post Compact 2.886ms
[9.411s][info][gc,heap        ] GC(160) PSYoungGen: 36512K(103424K)->0K(105984K) Eden: 0K(39424K)->0K(39424K) From: 36512K(64000K)->0K(66560K)
[9.411s][info][gc,heap        ] GC(160) ParOldGen: 1454346K(1485312K)->1456903K(1642496K)
[9.411s][info][gc,metaspace   ] GC(160) Metaspace: 6298K(6464K)->6298K(6464K) NonClass: 5764K(5824K)->5764K(5824K) Class: 533K(640K)->533K(640K)
[9.411s][info][gc             ] GC(160) Pause Full (Ergonomics) 1455M->1422M(1707M) 555.971ms
[9.411s][info][gc,cpu         ] GC(160) User=3.91s Sys=0.00s Real=0.56s
[9.449s][info][gc,start       ] GC(161) Pause Young (Allocation Failure)
[9.476s][info][gc,heap        ] GC(161) PSYoungGen: 39424K(105984K)->39616K(107520K) Eden: 39424K(39424K)->0K(42496K) From: 0K(66560K)->39616K(65024K)
[9.476s][info][gc,heap        ] GC(161) ParOldGen: 1456903K(1642496K)->1456903K(1642496K)
[9.476s][info][gc,metaspace   ] GC(161) Metaspace: 6298K(6464K)->6298K(6464K) NonClass: 5764K(5824K)->5764K(5824K) Class: 533K(640K)->533K(640K)
[9.476s][info][gc             ] GC(161) Pause Young (Allocation Failure) 1461M->1461M(1709M) 27.099ms
[9.476s][info][gc,cpu         ] GC(161) User=0.03s Sys=0.00s Real=0.03s
[9.515s][info][gc,start       ] GC(162) Pause Young (Allocation Failure)
[9.556s][info][gc,heap        ] GC(162) PSYoungGen: 82112K(107520K)->66048K(108544K) Eden: 42496K(42496K)->0K(42496K) From: 39616K(65024K)->66048K(66048K)
[9.556s][info][gc,heap        ] GC(162) ParOldGen: 1456903K(1642496K)->1473079K(1642496K)
[9.556s][info][gc,metaspace   ] GC(162) Metaspace: 6298K(6464K)->6298K(6464K) NonClass: 5764K(5824K)->5764K(5824K) Class: 533K(640K)->533K(640K)
[9.556s][info][gc             ] GC(162) Pause Young (Allocation Failure) 1502M->1503M(1710M) 41.157ms
[9.556s][info][gc,cpu         ] GC(162) User=0.23s Sys=0.00s Real=0.04s
[9.601s][info][gc,start       ] GC(163) Pause Young (Allocation Failure)
[9.655s][info][gc,heap        ] GC(163) PSYoungGen: 108544K(108544K)->76704K(117248K) Eden: 42496K(42496K)->0K(36352K) From: 66048K(66048K)->76704K(80896K)
[9.655s][info][gc,heap        ] GC(163) ParOldGen: 1473079K(1642496K)->1505503K(1642496K)
[9.655s][info][gc,metaspace   ] GC(163) Metaspace: 6298K(6464K)->6298K(6464K) NonClass: 5764K(5824K)->5764K(5824K) Class: 533K(640K)->533K(640K)
[9.655s][info][gc             ] GC(163) Pause Young (Allocation Failure) 1544M->1545M(1718M) 54.420ms
[9.655s][info][gc,cpu         ] GC(163) User=0.31s Sys=0.08s Real=0.06s
[9.692s][info][gc,start       ] GC(164) Pause Young (Allocation Failure)
[9.746s][info][gc,heap        ] GC(164) PSYoungGen: 113056K(117248K)->90624K(126976K) Eden: 36352K(36352K)->0K(36352K) From: 76704K(80896K)->90624K(90624K)
[9.746s][info][gc,heap        ] GC(164) ParOldGen: 1505503K(1642496K)->1528095K(1642496K)
[9.746s][info][gc,metaspace   ] GC(164) Metaspace: 6298K(6464K)->6298K(6464K) NonClass: 5764K(5824K)->5764K(5824K) Class: 533K(640K)->533K(640K)
[9.746s][info][gc             ] GC(164) Pause Young (Allocation Failure) 1580M->1580M(1728M) 54.158ms
[9.746s][info][gc,cpu         ] GC(164) User=0.38s Sys=0.00s Real=0.05s
[9.784s][info][gc,start       ] GC(165) Pause Young (Allocation Failure)
[9.848s][info][gc,heap        ] GC(165) PSYoungGen: 126976K(126976K)->64672K(152064K) Eden: 36352K(36352K)->0K(40448K) From: 90624K(90624K)->64672K(111616K)
[9.848s][info][gc,heap        ] GC(165) ParOldGen: 1528095K(1642496K)->1591311K(1642496K)
[9.848s][info][gc,metaspace   ] GC(165) Metaspace: 6298K(6464K)->6298K(6464K) NonClass: 5764K(5824K)->5764K(5824K) Class: 533K(640K)->533K(640K)
[9.848s][info][gc             ] GC(165) Pause Young (Allocation Failure) 1616M->1617M(1752M) 64.407ms
[9.848s][info][gc,cpu         ] GC(165) User=0.41s Sys=0.00s Real=0.07s
[9.848s][info][gc,start       ] GC(166) Pause Full (Ergonomics)
[9.848s][info][gc,phases,start] GC(166) Marking Phase
[10.209s][info][gc,phases      ] GC(166) Marking Phase 361.258ms
[10.209s][info][gc,phases,start] GC(166) Summary Phase
[10.210s][info][gc,phases      ] GC(166) Summary Phase 0.048ms
[10.210s][info][gc,phases,start] GC(166) Adjust Roots
[10.210s][info][gc,phases      ] GC(166) Adjust Roots 0.293ms
[10.210s][info][gc,phases,start] GC(166) Compaction Phase
[10.671s][info][gc,phases      ] GC(166) Compaction Phase 461.145ms
[10.671s][info][gc,phases,start] GC(166) Post Compact
[10.675s][info][gc,phases      ] GC(166) Post Compact 3.500ms
[10.676s][info][gc,heap        ] GC(166) PSYoungGen: 64672K(152064K)->11792K(152064K) Eden: 0K(40448K)->0K(40448K) From: 64672K(111616K)->11792K(111616K)
[10.676s][info][gc,heap        ] GC(166) ParOldGen: 1591311K(1642496K)->1642075K(1845248K)
[10.676s][info][gc,metaspace   ] GC(166) Metaspace: 6298K(6464K)->6298K(6464K) NonClass: 5764K(5824K)->5764K(5824K) Class: 533K(640K)->533K(640K)
[10.676s][info][gc             ] GC(166) Pause Full (Ergonomics) 1617M->1615M(1950M) 827.649ms
[10.676s][info][gc,cpu         ] GC(166) User=5.94s Sys=0.03s Real=0.83s
[10.721s][info][gc,start       ] GC(167) Pause Young (Allocation Failure)
[10.812s][info][gc,heap        ] GC(167) PSYoungGen: 52240K(152064K)->50144K(90624K) Eden: 40448K(40448K)->0K(40448K) From: 11792K(111616K)->50144K(50176K)
[10.812s][info][gc,heap        ] GC(167) ParOldGen: 1642075K(1845248K)->1644411K(1845248K)
[10.812s][info][gc,metaspace   ] GC(167) Metaspace: 6298K(6464K)->6298K(6464K) NonClass: 5764K(5824K)->5764K(5824K) Class: 533K(640K)->533K(640K)
[10.812s][info][gc             ] GC(167) Pause Young (Allocation Failure) 1654M->1654M(1890M) 91.822ms
[10.812s][info][gc,cpu         ] GC(167) User=0.61s Sys=0.00s Real=0.09s
[10.853s][info][gc,start       ] GC(168) Pause Young (Allocation Failure)
[10.900s][info][gc,heap        ] GC(168) PSYoungGen: 90592K(90624K)->90720K(140288K) Eden: 40448K(40448K)->0K(34816K) From: 50144K(50176K)->90720K(105472K)
[10.900s][info][gc,heap        ] GC(168) ParOldGen: 1644411K(1845248K)->1644411K(1845248K)
[10.900s][info][gc,metaspace   ] GC(168) Metaspace: 6298K(6464K)->6298K(6464K) NonClass: 5764K(5824K)->5764K(5824K) Class: 533K(640K)->533K(640K)
[10.900s][info][gc             ] GC(168) Pause Young (Allocation Failure) 1694M->1694M(1939M) 46.609ms
[10.900s][info][gc,cpu         ] GC(168) User=0.25s Sys=0.00s Real=0.05s
[10.939s][info][gc,start       ] GC(169) Pause Young (Allocation Failure)
[10.999s][info][gc,heap        ] GC(169) PSYoungGen: 125536K(140288K)->114688K(149504K) Eden: 34816K(34816K)->0K(34816K) From: 90720K(105472K)->114688K(114688K)
[10.999s][info][gc,heap        ] GC(169) ParOldGen: 1644411K(1845248K)->1655291K(1845248K)
[10.999s][info][gc,metaspace   ] GC(169) Metaspace: 6298K(6464K)->6298K(6464K) NonClass: 5764K(5824K)->5764K(5824K) Class: 533K(640K)->533K(640K)
[10.999s][info][gc             ] GC(169) Pause Young (Allocation Failure) 1728M->1728M(1948M) 59.931ms
[10.999s][info][gc,cpu         ] GC(169) User=0.39s Sys=0.00s Real=0.06s
[11.036s][info][gc,start       ] GC(170) Pause Young (Allocation Failure)
[11.110s][info][gc,heap        ] GC(170) PSYoungGen: 149504K(149504K)->105600K(164864K) Eden: 34816K(34816K)->0K(29696K) From: 114688K(114688K)->105600K(135168K)
[11.110s][info][gc,heap        ] GC(170) ParOldGen: 1655291K(1845248K)->1699851K(1845248K)
[11.110s][info][gc,metaspace   ] GC(170) Metaspace: 6298K(6464K)->6298K(6464K) NonClass: 5764K(5824K)->5764K(5824K) Class: 533K(640K)->533K(640K)
[11.110s][info][gc             ] GC(170) Pause Young (Allocation Failure) 1762M->1763M(1963M) 74.294ms
[11.110s][info][gc,cpu         ] GC(170) User=0.44s Sys=0.08s Real=0.07s
[11.140s][info][gc,start       ] GC(171) Pause Young (Allocation Failure)
[11.204s][info][gc,heap        ] GC(171) PSYoungGen: 135296K(164864K)->97536K(173568K) Eden: 29696K(29696K)->0K(29696K) From: 105600K(135168K)->97536K(143872K)
[11.204s][info][gc,heap        ] GC(171) ParOldGen: 1699851K(1845248K)->1738147K(1845248K)
[11.204s][info][gc,metaspace   ] GC(171) Metaspace: 6298K(6464K)->6298K(6464K) NonClass: 5764K(5824K)->5764K(5824K) Class: 533K(640K)->533K(640K)
[11.204s][info][gc             ] GC(171) Pause Young (Allocation Failure) 1792M->1792M(1971M) 64.707ms
[11.205s][info][gc,cpu         ] GC(171) User=0.38s Sys=0.03s Real=0.07s
[11.236s][info][gc,start       ] GC(172) Pause Young (Allocation Failure)
[11.298s][info][gc,heap        ] GC(172) PSYoungGen: 127232K(173568K)->94432K(179712K) Eden: 29696K(29696K)->0K(31744K) From: 97536K(143872K)->94432K(147968K)
[11.298s][info][gc,heap        ] GC(172) ParOldGen: 1738147K(1845248K)->1771371K(1845248K)
[11.298s][info][gc,metaspace   ] GC(172) Metaspace: 6298K(6464K)->6298K(6464K) NonClass: 5764K(5824K)->5764K(5824K) Class: 533K(640K)->533K(640K)
[11.298s][info][gc             ] GC(172) Pause Young (Allocation Failure) 1821M->1822M(1977M) 61.864ms
[11.298s][info][gc,cpu         ] GC(172) User=0.36s Sys=0.02s Real=0.06s
[11.334s][info][gc,start       ] GC(173) Pause Young (Allocation Failure)
[11.396s][info][gc,heap        ] GC(173) PSYoungGen: 126176K(179712K)->91392K(181248K) Eden: 31744K(31744K)->0K(31744K) From: 94432K(147968K)->91392K(149504K)
[11.396s][info][gc,heap        ] GC(173) ParOldGen: 1771371K(1845248K)->1806667K(1845248K)
[11.396s][info][gc,metaspace   ] GC(173) Metaspace: 6298K(6464K)->6298K(6464K) NonClass: 5764K(5824K)->5764K(5824K) Class: 533K(640K)->533K(640K)
[11.396s][info][gc             ] GC(173) Pause Young (Allocation Failure) 1853M->1853M(1979M) 61.900ms
[11.396s][info][gc,cpu         ] GC(173) User=0.39s Sys=0.00s Real=0.06s
[11.396s][info][gc,start       ] GC(174) Pause Full (Ergonomics)
[11.396s][info][gc,phases,start] GC(174) Marking Phase
[11.825s][info][gc,phases      ] GC(174) Marking Phase 428.325ms
[11.825s][info][gc,phases,start] GC(174) Summary Phase
[11.825s][info][gc,phases      ] GC(174) Summary Phase 0.045ms
[11.825s][info][gc,phases,start] GC(174) Adjust Roots
[11.825s][info][gc,phases      ] GC(174) Adjust Roots 0.200ms
[11.825s][info][gc,phases,start] GC(174) Compaction Phase
[12.012s][info][gc,phases      ] GC(174) Compaction Phase 186.380ms
[12.012s][info][gc,phases,start] GC(174) Post Compact
[12.015s][info][gc,phases      ] GC(174) Post Compact 3.638ms
[12.016s][info][gc,heap        ] GC(174) PSYoungGen: 91392K(181248K)->50169K(181248K) Eden: 0K(31744K)->0K(31744K) From: 91392K(149504K)->50169K(149504K)
[12.016s][info][gc,heap        ] GC(174) ParOldGen: 1806667K(1845248K)->1845153K(2062336K)
[12.016s][info][gc,metaspace   ] GC(174) Metaspace: 6298K(6464K)->6298K(6464K) NonClass: 5764K(5824K)->5764K(5824K) Class: 533K(640K)->533K(640K)
[12.016s][info][gc             ] GC(174) Pause Full (Ergonomics) 1853M->1850M(2191M) 619.703ms
[12.016s][info][gc,cpu         ] GC(174) User=4.47s Sys=0.03s Real=0.62s
[12.051s][info][gc,start       ] GC(175) Pause Young (Allocation Failure)
[12.165s][info][gc,heap        ] GC(175) PSYoungGen: 81913K(181248K)->64416K(171520K) Eden: 31744K(31744K)->0K(35328K) From: 50169K(149504K)->64416K(136192K)
[12.165s][info][gc,heap        ] GC(175) ParOldGen: 1845153K(2062336K)->1863161K(2062336K)
[12.165s][info][gc,metaspace   ] GC(175) Metaspace: 6298K(6464K)->6298K(6464K) NonClass: 5764K(5824K)->5764K(5824K) Class: 533K(640K)->533K(640K)
[12.165s][info][gc             ] GC(175) Pause Young (Allocation Failure) 1881M->1882M(2181M) 113.467ms
[12.165s][info][gc,cpu         ] GC(175) User=0.73s Sys=0.05s Real=0.11s
[12.205s][info][gc,start       ] GC(176) Pause Young (Allocation Failure)
[12.256s][info][gc,heap        ] GC(176) PSYoungGen: 99744K(171520K)->99744K(178176K) Eden: 35328K(35328K)->0K(35328K) From: 64416K(136192K)->99744K(142848K)
[12.257s][info][gc,heap        ] GC(176) ParOldGen: 1863161K(2062336K)->1863161K(2062336K)
[12.257s][info][gc,metaspace   ] GC(176) Metaspace: 6298K(6464K)->6298K(6464K) NonClass: 5764K(5824K)->5764K(5824K) Class: 533K(640K)->533K(640K)
[12.257s][info][gc             ] GC(176) Pause Young (Allocation Failure) 1916M->1916M(2188M) 51.486ms
[12.257s][info][gc,cpu         ] GC(176) User=0.31s Sys=0.00s Real=0.05s
[12.297s][info][gc,start       ] GC(177) Pause Young (Allocation Failure)
[12.366s][info][gc,heap        ] GC(177) PSYoungGen: 135072K(178176K)->118848K(176128K) Eden: 35328K(35328K)->0K(30208K) From: 99744K(142848K)->118848K(145920K)
[12.366s][info][gc,heap        ] GC(177) ParOldGen: 1863161K(2062336K)->1879697K(2062336K)
[12.366s][info][gc,metaspace   ] GC(177) Metaspace: 6298K(6464K)->6298K(6464K) NonClass: 5764K(5824K)->5764K(5824K) Class: 533K(640K)->533K(640K)
[12.366s][info][gc             ] GC(177) Pause Young (Allocation Failure) 1951M->1951M(2186M) 69.226ms
[12.366s][info][gc,cpu         ] GC(177) User=0.48s Sys=0.02s Real=0.07s
[12.404s][info][gc,start       ] GC(178) Pause Young (Allocation Failure)
[12.481s][info][gc,heap        ] GC(178) PSYoungGen: 149056K(176128K)->132896K(185344K) Eden: 30208K(30208K)->0K(30208K) From: 118848K(145920K)->132896K(155136K)
[12.481s][info][gc,heap        ] GC(178) ParOldGen: 1879697K(2062336K)->1896017K(2062336K)
[12.481s][info][gc,metaspace   ] GC(178) Metaspace: 6298K(6464K)->6298K(6464K) NonClass: 5764K(5824K)->5764K(5824K) Class: 533K(640K)->533K(640K)
[12.481s][info][gc             ] GC(178) Pause Young (Allocation Failure) 1981M->1981M(2195M) 76.726ms
[12.481s][info][gc,cpu         ] GC(178) User=0.50s Sys=0.00s Real=0.08s
[12.515s][info][gc,start       ] GC(179) Pause Young (Allocation Failure)
[12.603s][info][gc,heap        ] GC(179) PSYoungGen: 163104K(185344K)->131360K(191488K) Eden: 30208K(30208K)->0K(24576K) From: 132896K(155136K)->131360K(166912K)
[12.603s][info][gc,heap        ] GC(179) ParOldGen: 1896017K(2062336K)->1928185K(2062336K)
[12.603s][info][gc,metaspace   ] GC(179) Metaspace: 6298K(6464K)->6298K(6464K) NonClass: 5764K(5824K)->5764K(5824K) Class: 533K(640K)->533K(640K)
[12.603s][info][gc             ] GC(179) Pause Young (Allocation Failure) 2010M->2011M(2201M) 87.655ms
[12.603s][info][gc,cpu         ] GC(179) User=0.58s Sys=0.02s Real=0.09s
[12.629s][info][gc,start       ] GC(180) Pause Young (Allocation Failure)
[12.715s][info][gc,heap        ] GC(180) PSYoungGen: 155936K(191488K)->85216K(110080K) Eden: 24576K(24576K)->0K(24576K) From: 131360K(166912K)->85216K(85504K)
[12.715s][info][gc,heap        ] GC(180) ParOldGen: 1928185K(2062336K)->1999753K(2062336K)
[12.715s][info][gc,metaspace   ] GC(180) Metaspace: 6298K(6464K)->6298K(6464K) NonClass: 5764K(5824K)->5764K(5824K) Class: 533K(640K)->533K(640K)
[12.715s][info][gc             ] GC(180) Pause Young (Allocation Failure) 2035M->2036M(2121M) 86.133ms
[12.715s][info][gc,cpu         ] GC(180) User=0.59s Sys=0.02s Real=0.09s
[12.715s][info][gc,start       ] GC(181) Pause Full (Ergonomics)
[12.715s][info][gc,phases,start] GC(181) Marking Phase
[13.183s][info][gc,phases      ] GC(181) Marking Phase 468.142ms
[13.183s][info][gc,phases,start] GC(181) Summary Phase
[13.183s][info][gc,phases      ] GC(181) Summary Phase 0.036ms
[13.183s][info][gc,phases,start] GC(181) Adjust Roots
[13.183s][info][gc,phases      ] GC(181) Adjust Roots 0.158ms
[13.183s][info][gc,phases,start] GC(181) Compaction Phase
[13.379s][info][gc,phases      ] GC(181) Compaction Phase 195.443ms
[13.379s][info][gc,phases,start] GC(181) Post Compact
[13.383s][info][gc,phases      ] GC(181) Post Compact 4.085ms
[13.384s][info][gc,heap        ] GC(181) PSYoungGen: 85216K(110080K)->20521K(110080K) Eden: 0K(24576K)->0K(24576K) From: 85216K(85504K)->20521K(85504K)
[13.384s][info][gc,heap        ] GC(181) ParOldGen: 1999753K(2062336K)->2062005K(2298880K)
[13.384s][info][gc,metaspace   ] GC(181) Metaspace: 6298K(6464K)->6298K(6464K) NonClass: 5764K(5824K)->5764K(5824K) Class: 533K(640K)->533K(640K)
[13.384s][info][gc             ] GC(181) Pause Full (Ergonomics) 2036M->2033M(2352M) 669.009ms
[13.384s][info][gc,cpu         ] GC(181) User=4.81s Sys=0.02s Real=0.67s
[13.413s][info][gc,start       ] GC(182) Pause Young (Allocation Failure)
[13.522s][info][gc,heap        ] GC(182) PSYoungGen: 45097K(110080K)->31008K(194048K) Eden: 24576K(24576K)->0K(26112K) From: 20521K(85504K)->31008K(167936K)
[13.522s][info][gc,heap        ] GC(182) ParOldGen: 2062005K(2298880K)->2076453K(2298880K)
[13.522s][info][gc,metaspace   ] GC(182) Metaspace: 6298K(6464K)->6298K(6464K) NonClass: 5764K(5824K)->5764K(5824K) Class: 533K(640K)->533K(640K)
[13.522s][info][gc             ] GC(182) Pause Young (Allocation Failure) 2057M->2058M(2434M) 108.619ms
[13.522s][info][gc,cpu         ] GC(182) User=0.67s Sys=0.00s Real=0.11s
[13.549s][info][gc,start       ] GC(183) Pause Young (Allocation Failure)
[13.585s][info][gc,heap        ] GC(183) PSYoungGen: 57120K(194048K)->50880K(196096K) Eden: 26112K(26112K)->0K(26112K) From: 31008K(167936K)->50880K(169984K)
[13.585s][info][gc,heap        ] GC(183) ParOldGen: 2076453K(2298880K)->2082845K(2298880K)
[13.585s][info][gc,metaspace   ] GC(183) Metaspace: 6298K(6464K)->6298K(6464K) NonClass: 5764K(5824K)->5764K(5824K) Class: 533K(640K)->533K(640K)
[13.585s][info][gc             ] GC(183) Pause Young (Allocation Failure) 2083M->2083M(2436M) 35.996ms
[13.585s][info][gc,cpu         ] GC(183) User=0.16s Sys=0.00s Real=0.04s
[13.612s][info][gc,start       ] GC(184) Pause Young (Allocation Failure)
[13.655s][info][gc,heap        ] GC(184) PSYoungGen: 76992K(196096K)->52416K(189952K) Eden: 26112K(26112K)->0K(29696K) From: 50880K(169984K)->52416K(160256K)
[13.655s][info][gc,heap        ] GC(184) ParOldGen: 2082845K(2298880K)->2107757K(2298880K)
[13.655s][info][gc,metaspace   ] GC(184) Metaspace: 6298K(6464K)->6298K(6464K) NonClass: 5764K(5824K)->5764K(5824K) Class: 533K(640K)->533K(640K)
[13.655s][info][gc             ] GC(184) Pause Young (Allocation Failure) 2109M->2109M(2430M) 43.769ms
[13.656s][info][gc,cpu         ] GC(184) User=0.23s Sys=0.02s Real=0.04s
[13.687s][info][gc,start       ] GC(185) Pause Young (Allocation Failure)
[13.732s][info][gc,heap        ] GC(185) PSYoungGen: 82112K(189952K)->56000K(86016K) Eden: 29696K(29696K)->0K(29696K) From: 52416K(160256K)->56000K(56320K)
[13.732s][info][gc,heap        ] GC(185) ParOldGen: 2107757K(2298880K)->2134221K(2298880K)
[13.732s][info][gc,metaspace   ] GC(185) Metaspace: 6298K(6464K)->6298K(6464K) NonClass: 5764K(5824K)->5764K(5824K) Class: 533K(640K)->533K(640K)
[13.732s][info][gc             ] GC(185) Pause Young (Allocation Failure) 2138M->2138M(2329M) 45.091ms
[13.733s][info][gc,cpu         ] GC(185) User=0.20s Sys=0.03s Real=0.04s
[13.768s][info][gc,start       ] GC(186) Pause Young (Allocation Failure)
[13.815s][info][gc,heap        ] GC(186) PSYoungGen: 85696K(86016K)->59616K(180224K) Eden: 29696K(29696K)->0K(33280K) From: 56000K(56320K)->59616K(146944K)
[13.815s][info][gc,heap        ] GC(186) ParOldGen: 2134221K(2298880K)->2160693K(2298880K)
[13.815s][info][gc,metaspace   ] GC(186) Metaspace: 6298K(6464K)->6298K(6464K) NonClass: 5764K(5824K)->5764K(5824K) Class: 533K(640K)->533K(640K)
[13.815s][info][gc             ] GC(186) Pause Young (Allocation Failure) 2167M->2168M(2421M) 47.021ms
[13.815s][info][gc,cpu         ] GC(186) User=0.27s Sys=0.00s Real=0.05s
[13.857s][info][gc,start       ] GC(187) Pause Young (Allocation Failure)
[13.910s][info][gc,heap        ] GC(187) PSYoungGen: 92896K(180224K)->63200K(96768K) Eden: 33280K(33280K)->0K(33280K) From: 59616K(146944K)->63200K(63488K)
[13.910s][info][gc,heap        ] GC(187) ParOldGen: 2160693K(2298880K)->2190797K(2298880K)
[13.910s][info][gc,metaspace   ] GC(187) Metaspace: 6298K(6464K)->6298K(6464K) NonClass: 5764K(5824K)->5764K(5824K) Class: 533K(640K)->533K(640K)
[13.910s][info][gc             ] GC(187) Pause Young (Allocation Failure) 2200M->2201M(2339M) 52.239ms
[13.910s][info][gc,cpu         ] GC(187) User=0.23s Sys=0.05s Real=0.05s
[13.949s][info][gc,start       ] GC(188) Pause Young (Allocation Failure)
[14.004s][info][gc,heap        ] GC(188) PSYoungGen: 96480K(96768K)->66816K(171520K) Eden: 33280K(33280K)->0K(37376K) From: 63200K(63488K)->66816K(134144K)
[14.004s][info][gc,heap        ] GC(188) ParOldGen: 2190797K(2298880K)->2220917K(2298880K)
[14.004s][info][gc,metaspace   ] GC(188) Metaspace: 6298K(6464K)->6298K(6464K) NonClass: 5764K(5824K)->5764K(5824K) Class: 533K(640K)->533K(640K)
[14.004s][info][gc             ] GC(188) Pause Young (Allocation Failure) 2233M->2234M(2412M) 54.737ms
[14.004s][info][gc,cpu         ] GC(188) User=0.25s Sys=0.03s Real=0.05s
[14.047s][info][gc,start       ] GC(189) Pause Young (Allocation Failure)
[14.103s][info][gc,heap        ] GC(189) PSYoungGen: 104192K(171520K)->70880K(108544K) Eden: 37376K(37376K)->0K(37376K) From: 66816K(134144K)->70880K(71168K)
[14.103s][info][gc,heap        ] GC(189) ParOldGen: 2220917K(2298880K)->2254677K(2298880K)
[14.103s][info][gc,metaspace   ] GC(189) Metaspace: 6298K(6464K)->6298K(6464K) NonClass: 5764K(5824K)->5764K(5824K) Class: 533K(640K)->533K(640K)
[14.103s][info][gc             ] GC(189) Pause Young (Allocation Failure) 2270M->2271M(2351M) 56.257ms
[14.103s][info][gc,cpu         ] GC(189) User=0.36s Sys=0.02s Real=0.06s
[14.103s][info][gc,start       ] GC(190) Pause Full (Ergonomics)
[14.103s][info][gc,phases,start] GC(190) Marking Phase
[14.621s][info][gc,phases      ] GC(190) Marking Phase 517.220ms
[14.621s][info][gc,phases,start] GC(190) Summary Phase
[14.621s][info][gc,phases      ] GC(190) Summary Phase 0.049ms
[14.621s][info][gc,phases,start] GC(190) Adjust Roots
[14.621s][info][gc,phases      ] GC(190) Adjust Roots 0.176ms
[14.621s][info][gc,phases,start] GC(190) Compaction Phase
[14.820s][info][gc,phases      ] GC(190) Compaction Phase 199.103ms
[14.820s][info][gc,phases,start] GC(190) Post Compact
[14.825s][info][gc,phases      ] GC(190) Post Compact 4.603ms
[14.826s][info][gc,heap        ] GC(190) PSYoungGen: 70880K(108544K)->23587K(108544K) Eden: 0K(37376K)->0K(37376K) From: 70880K(71168K)->23587K(71168K)
[14.826s][info][gc,heap        ] GC(190) ParOldGen: 2254677K(2298880K)->2298819K(2536960K)
[14.826s][info][gc,metaspace   ] GC(190) Metaspace: 6298K(6464K)->6298K(6464K) NonClass: 5764K(5824K)->5764K(5824K) Class: 533K(640K)->533K(640K)
[14.826s][info][gc             ] GC(190) Pause Full (Ergonomics) 2271M->2267M(2583M) 722.524ms
[14.826s][info][gc,cpu         ] GC(190) User=5.47s Sys=0.02s Real=0.72s
[14.868s][info][gc,start       ] GC(191) Pause Young (Allocation Failure)
[14.995s][info][gc,heap        ] GC(191) PSYoungGen: 60963K(108544K)->50624K(169472K) Eden: 37376K(37376K)->0K(41472K) From: 23587K(71168K)->50624K(128000K)
[14.995s][info][gc,heap        ] GC(191) ParOldGen: 2298819K(2536960K)->2309459K(2536960K)
[14.995s][info][gc,metaspace   ] GC(191) Metaspace: 6298K(6464K)->6298K(6464K) NonClass: 5764K(5824K)->5764K(5824K) Class: 533K(640K)->533K(640K)
[14.995s][info][gc             ] GC(191) Pause Young (Allocation Failure) 2304M->2304M(2643M) 127.001ms
[14.995s][info][gc,cpu         ] GC(191) User=0.89s Sys=0.00s Real=0.13s
[15.046s][info][gc,start       ] GC(192) Pause Young (Allocation Failure)
[15.096s][info][gc,heap        ] GC(192) PSYoungGen: 92096K(169472K)->92224K(172544K) Eden: 41472K(41472K)->0K(41472K) From: 50624K(128000K)->92224K(131072K)
[15.096s][info][gc,heap        ] GC(192) ParOldGen: 2309459K(2536960K)->2309459K(2536960K)
[15.096s][info][gc,metaspace   ] GC(192) Metaspace: 6298K(6464K)->6298K(6464K) NonClass: 5764K(5824K)->5764K(5824K) Class: 533K(640K)->533K(640K)
[15.096s][info][gc             ] GC(192) Pause Young (Allocation Failure) 2345M->2345M(2646M) 50.116ms
[15.096s][info][gc,cpu         ] GC(192) User=0.27s Sys=0.00s Real=0.05s
[15.147s][info][gc,start       ] GC(193) Pause Young (Allocation Failure)
[15.216s][info][gc,heap        ] GC(193) PSYoungGen: 133696K(172544K)->133120K(162304K) Eden: 41472K(41472K)->0K(29184K) From: 92224K(131072K)->133120K(133120K)
[15.216s][info][gc,heap        ] GC(193) ParOldGen: 2309459K(2536960K)->2310075K(2536960K)
[15.216s][info][gc,metaspace   ] GC(193) Metaspace: 6298K(6464K)->6298K(6464K) NonClass: 5764K(5824K)->5764K(5824K) Class: 533K(640K)->533K(640K)
[15.216s][info][gc             ] GC(193) Pause Young (Allocation Failure) 2385M->2385M(2636M) 68.627ms
[15.216s][info][gc,cpu         ] GC(193) User=0.41s Sys=0.00s Real=0.07s
[15.250s][info][gc,start       ] GC(194) Pause Young (Allocation Failure)
[15.339s][info][gc,heap        ] GC(194) PSYoungGen: 162304K(162304K)->111904K(179200K) Eden: 29184K(29184K)->0K(29184K) From: 133120K(133120K)->111904K(150016K)
[15.339s][info][gc,heap        ] GC(194) ParOldGen: 2310075K(2536960K)->2360891K(2536960K)
[15.339s][info][gc,metaspace   ] GC(194) Metaspace: 6298K(6464K)->6298K(6464K) NonClass: 5764K(5824K)->5764K(5824K) Class: 533K(640K)->533K(640K)
[15.339s][info][gc             ] GC(194) Pause Young (Allocation Failure) 2414M->2414M(2652M) 88.437ms
[15.339s][info][gc,cpu         ] GC(194) User=0.61s Sys=0.02s Real=0.09s
[15.376s][info][gc,start       ] GC(195) Pause Young (Allocation Failure)
[15.452s][info][gc,heap        ] GC(195) PSYoungGen: 141088K(179200K)->99712K(186880K) Eden: 29184K(29184K)->0K(32768K) From: 111904K(150016K)->99712K(154112K)
[15.452s][info][gc,heap        ] GC(195) ParOldGen: 2360891K(2536960K)->2402635K(2536960K)
[15.452s][info][gc,metaspace   ] GC(195) Metaspace: 6298K(6464K)->6298K(6464K) NonClass: 5764K(5824K)->5764K(5824K) Class: 533K(640K)->533K(640K)
[15.452s][info][gc             ] GC(195) Pause Young (Allocation Failure) 2443M->2443M(2660M) 76.064ms
[15.452s][info][gc,cpu         ] GC(195) User=0.47s Sys=0.03s Real=0.08s
[15.490s][info][gc,start       ] GC(196) Pause Young (Allocation Failure)
[15.566s][info][gc,heap        ] GC(196) PSYoungGen: 132480K(186880K)->62144K(187392K) Eden: 32768K(32768K)->0K(32768K) From: 99712K(154112K)->62144K(154624K)
[15.566s][info][gc,heap        ] GC(196) ParOldGen: 2402635K(2536960K)->2473523K(2536960K)
[15.566s][info][gc,metaspace   ] GC(196) Metaspace: 6298K(6464K)->6298K(6464K) NonClass: 5764K(5824K)->5764K(5824K) Class: 533K(640K)->533K(640K)
[15.566s][info][gc             ] GC(196) Pause Young (Allocation Failure) 2475M->2476M(2660M) 75.466ms
[15.566s][info][gc,cpu         ] GC(196) User=0.48s Sys=0.03s Real=0.08s
[15.566s][info][gc,start       ] GC(197) Pause Full (Ergonomics)
[15.566s][info][gc,phases,start] GC(197) Marking Phase
[16.140s][info][gc,phases      ] GC(197) Marking Phase 573.852ms
[16.140s][info][gc,phases,start] GC(197) Summary Phase
[16.140s][info][gc,phases      ] GC(197) Summary Phase 0.058ms
[16.140s][info][gc,phases,start] GC(197) Adjust Roots
[16.140s][info][gc,phases      ] GC(197) Adjust Roots 0.166ms
[16.140s][info][gc,phases,start] GC(197) Compaction Phase
[16.336s][info][gc,phases      ] GC(197) Compaction Phase 196.066ms
[16.336s][info][gc,phases,start] GC(197) Post Compact
[16.341s][info][gc,phases      ] GC(197) Post Compact 4.496ms
[16.342s][info][gc,heap        ] GC(197) PSYoungGen: 62144K(187392K)->0K(187904K) Eden: 0K(32768K)->0K(36864K) From: 62144K(154624K)->0K(151040K)
[16.342s][info][gc,heap        ] GC(197) ParOldGen: 2473523K(2536960K)->2533676K(2812416K)
[16.342s][info][gc,metaspace   ] GC(197) Metaspace: 6298K(6464K)->6298K(6464K) NonClass: 5764K(5824K)->5764K(5824K) Class: 533K(640K)->533K(640K)
[16.342s][info][gc             ] GC(197) Pause Full (Ergonomics) 2476M->2474M(2930M) 776.011ms
[16.342s][info][gc,cpu         ] GC(197) User=5.88s Sys=0.03s Real=0.78s
[16.384s][info][gc,start       ] GC(198) Pause Young (Allocation Failure)
[16.412s][info][gc,heap        ] GC(198) PSYoungGen: 36864K(187904K)->36992K(187904K) Eden: 36864K(36864K)->0K(36864K) From: 0K(151040K)->36992K(151040K)
[16.412s][info][gc,heap        ] GC(198) ParOldGen: 2533676K(2812416K)->2533676K(2812416K)
[16.412s][info][gc,metaspace   ] GC(198) Metaspace: 6298K(6464K)->6298K(6464K) NonClass: 5764K(5824K)->5764K(5824K) Class: 533K(640K)->533K(640K)
[16.412s][info][gc             ] GC(198) Pause Young (Allocation Failure) 2510M->2510M(2930M) 27.633ms
[16.412s][info][gc,cpu         ] GC(198) User=0.05s Sys=0.00s Real=0.03s
[16.458s][info][gc,start       ] GC(199) Pause Young (Allocation Failure)
[16.500s][info][gc,heap        ] GC(199) PSYoungGen: 73856K(187904K)->73920K(179200K) Eden: 36864K(36864K)->0K(40960K) From: 36992K(151040K)->73920K(138240K)
[16.500s][info][gc,heap        ] GC(199) ParOldGen: 2533676K(2812416K)->2533676K(2812416K)
[16.500s][info][gc,metaspace   ] GC(199) Metaspace: 6298K(6464K)->6298K(6464K) NonClass: 5764K(5824K)->5764K(5824K) Class: 533K(640K)->533K(640K)
[16.500s][info][gc             ] GC(199) Pause Young (Allocation Failure) 2546M->2546M(2921M) 42.466ms
[16.500s][info][gc,cpu         ] GC(199) User=0.25s Sys=0.00s Real=0.04s
[16.549s][info][gc,start       ] GC(200) Pause Young (Allocation Failure)
[16.609s][info][gc,heap        ] GC(200) PSYoungGen: 114880K(179200K)->114944K(185856K) Eden: 40960K(40960K)->0K(40960K) From: 73920K(138240K)->114944K(144896K)
[16.609s][info][gc,heap        ] GC(200) ParOldGen: 2533676K(2812416K)->2533676K(2812416K)
[16.609s][info][gc,metaspace   ] GC(200) Metaspace: 6298K(6464K)->6298K(6464K) NonClass: 5764K(5824K)->5764K(5824K) Class: 533K(640K)->533K(640K)
[16.609s][info][gc             ] GC(200) Pause Young (Allocation Failure) 2586M->2586M(2928M) 60.890ms
[16.609s][info][gc,cpu         ] GC(200) User=0.25s Sys=0.00s Real=0.06s
[16.663s][info][gc,start       ] GC(201) Pause Young (Allocation Failure)
[16.748s][info][gc,heap        ] GC(201) PSYoungGen: 155904K(185856K)->119040K(189952K) Eden: 40960K(40960K)->0K(37888K) From: 114944K(144896K)->119040K(152064K)
[16.748s][info][gc,heap        ] GC(201) ParOldGen: 2533676K(2812416K)->2570868K(2812416K)
[16.748s][info][gc,metaspace   ] GC(201) Metaspace: 6298K(6464K)->6298K(6464K) NonClass: 5764K(5824K)->5764K(5824K) Class: 533K(640K)->533K(640K)
[16.748s][info][gc             ] GC(201) Pause Young (Allocation Failure) 2626M->2626M(2932M) 84.532ms
[16.748s][info][gc,cpu         ] GC(201) User=0.52s Sys=0.00s Real=0.08s
[16.792s][info][gc,start       ] GC(202) Pause Young (Allocation Failure)
[16.875s][info][gc,heap        ] GC(202) PSYoungGen: 156928K(189952K)->120064K(197120K) Eden: 37888K(37888K)->0K(37888K) From: 119040K(152064K)->120064K(159232K)
[16.875s][info][gc,heap        ] GC(202) ParOldGen: 2570868K(2812416K)->2608068K(2812416K)
[16.875s][info][gc,metaspace   ] GC(202) Metaspace: 6298K(6464K)->6298K(6464K) NonClass: 5764K(5824K)->5764K(5824K) Class: 533K(640K)->533K(640K)
[16.875s][info][gc             ] GC(202) Pause Young (Allocation Failure) 2663M->2664M(2939M) 82.907ms
[16.875s][info][gc,cpu         ] GC(202) User=0.64s Sys=0.02s Real=0.08s
[16.918s][info][gc,start       ] GC(203) Pause Young (Allocation Failure)
[17.004s][info][gc,heap        ] GC(203) PSYoungGen: 157952K(197120K)->116992K(204288K) Eden: 37888K(37888K)->0K(39424K) From: 120064K(159232K)->116992K(164864K)
[17.004s][info][gc,heap        ] GC(203) ParOldGen: 2608068K(2812416K)->2649404K(2812416K)
[17.004s][info][gc,metaspace   ] GC(203) Metaspace: 6298K(6464K)->6298K(6464K) NonClass: 5764K(5824K)->5764K(5824K) Class: 533K(640K)->533K(640K)
[17.005s][info][gc             ] GC(203) Pause Young (Allocation Failure) 2701M->2701M(2946M) 86.771ms
[17.005s][info][gc,cpu         ] GC(203) User=0.48s Sys=0.05s Real=0.09s
[17.049s][info][gc,start       ] GC(204) Pause Young (Allocation Failure)
[17.141s][info][gc,heap        ] GC(204) PSYoungGen: 156416K(204288K)->77568K(207360K) Eden: 39424K(39424K)->0K(39424K) From: 116992K(164864K)->77568K(167936K)
[17.141s][info][gc,heap        ] GC(204) ParOldGen: 2649404K(2812416K)->2728964K(2812416K)
[17.141s][info][gc,metaspace   ] GC(204) Metaspace: 6298K(6464K)->6298K(6464K) NonClass: 5764K(5824K)->5764K(5824K) Class: 533K(640K)->533K(640K)
[17.141s][info][gc             ] GC(204) Pause Young (Allocation Failure) 2740M->2740M(2949M) 91.352ms
[17.141s][info][gc,cpu         ] GC(204) User=0.64s Sys=0.00s Real=0.09s
[17.141s][info][gc,start       ] GC(205) Pause Full (Ergonomics)
[17.141s][info][gc,phases,start] GC(205) Marking Phase
[17.767s][info][gc,phases      ] GC(205) Marking Phase 626.439ms
[17.767s][info][gc,phases,start] GC(205) Summary Phase
[17.767s][info][gc,phases      ] GC(205) Summary Phase 0.060ms
[17.767s][info][gc,phases,start] GC(205) Adjust Roots
[17.768s][info][gc,phases      ] GC(205) Adjust Roots 0.155ms
[17.768s][info][gc,phases,start] GC(205) Compaction Phase
[17.985s][info][gc,phases      ] GC(205) Compaction Phase 217.656ms
[17.985s][info][gc,phases,start] GC(205) Post Compact
[17.990s][info][gc,phases      ] GC(205) Post Compact 4.912ms
[17.991s][info][gc,heap        ] GC(205) PSYoungGen: 77568K(207360K)->0K(207360K) Eden: 0K(39424K)->0K(44544K) From: 77568K(167936K)->0K(162816K)
[17.991s][info][gc,heap        ] GC(205) ParOldGen: 2728964K(2812416K)->2804296K(3113984K)
[17.991s][info][gc,metaspace   ] GC(205) Metaspace: 6298K(6464K)->6298K(6464K) NonClass: 5764K(5824K)->5764K(5824K) Class: 533K(640K)->533K(640K)
[17.992s][info][gc             ] GC(205) Pause Full (Ergonomics) 2740M->2738M(3243M) 850.668ms
[17.992s][info][gc,cpu         ] GC(205) User=6.45s Sys=0.06s Real=0.85s
[18.601s][info][gc,start       ] GC(206) Pause Young (Allocation Failure)
[18.705s][info][gc,heap        ] GC(206) PSYoungGen: 44544K(207360K)->44736K(207360K) Eden: 44544K(44544K)->0K(44544K) From: 0K(162816K)->44736K(162816K)
[18.706s][info][gc,heap        ] GC(206) ParOldGen: 2935368K(3113984K)->2935368K(3113984K)
[18.706s][info][gc,metaspace   ] GC(206) Metaspace: 6298K(6464K)->6298K(6464K) NonClass: 5764K(5824K)->5764K(5824K) Class: 533K(640K)->533K(640K)
[18.706s][info][gc             ] GC(206) Pause Young (Allocation Failure) 2910M->2910M(3243M) 105.029ms
[18.706s][info][gc,cpu         ] GC(206) User=0.53s Sys=0.00s Real=0.11s
[18.753s][info][gc,start       ] GC(207) Pause Young (Allocation Failure)
[18.812s][info][gc,heap        ] GC(207) PSYoungGen: 89280K(207360K)->89376K(199680K) Eden: 44544K(44544K)->0K(49152K) From: 44736K(162816K)->89376K(150528K)
[18.812s][info][gc,heap        ] GC(207) ParOldGen: 2935368K(3113984K)->2935368K(3113984K)
[18.812s][info][gc,metaspace   ] GC(207) Metaspace: 6298K(6464K)->6298K(6464K) NonClass: 5764K(5824K)->5764K(5824K) Class: 533K(640K)->533K(640K)
[18.812s][info][gc             ] GC(207) Pause Young (Allocation Failure) 2953M->2953M(3236M) 59.058ms
[18.812s][info][gc,cpu         ] GC(207) User=0.20s Sys=0.00s Real=0.06s
[18.865s][info][gc,start       ] GC(208) Pause Young (Allocation Failure)
[18.939s][info][gc,heap        ] GC(208) PSYoungGen: 138528K(199680K)->93952K(205824K) Eden: 49152K(49152K)->0K(49152K) From: 89376K(150528K)->93952K(156672K)
[18.939s][info][gc,heap        ] GC(208) ParOldGen: 2935368K(3113984K)->2980312K(3113984K)
[18.939s][info][gc,metaspace   ] GC(208) Metaspace: 6298K(6464K)->6298K(6464K) NonClass: 5764K(5824K)->5764K(5824K) Class: 533K(640K)->533K(640K)
[18.939s][info][gc             ] GC(208) Pause Young (Allocation Failure) 3001M->3002M(3242M) 74.444ms
[18.939s][info][gc,cpu         ] GC(208) User=0.44s Sys=0.02s Real=0.08s
[18.986s][info][gc,start       ] GC(209) Pause Young (Allocation Failure)
[19.062s][info][gc,heap        ] GC(209) PSYoungGen: 143104K(205824K)->98560K(203776K) Eden: 49152K(49152K)->0K(54784K) From: 93952K(156672K)->98560K(148992K)
[19.062s][info][gc,heap        ] GC(209) ParOldGen: 2980312K(3113984K)->3025256K(3113984K)
[19.062s][info][gc,metaspace   ] GC(209) Metaspace: 6298K(6464K)->6298K(6464K) NonClass: 5764K(5824K)->5764K(5824K) Class: 533K(640K)->533K(640K)
[19.062s][info][gc             ] GC(209) Pause Young (Allocation Failure) 3050M->3050M(3240M) 76.225ms
[19.062s][info][gc,cpu         ] GC(209) User=0.44s Sys=0.05s Real=0.08s
[19.112s][info][gc,start       ] GC(210) Pause Young (Allocation Failure)
[19.192s][info][gc,heap        ] GC(210) PSYoungGen: 153344K(203776K)->104192K(205824K) Eden: 54784K(54784K)->0K(54784K) From: 98560K(148992K)->104192K(151040K)
[19.193s][info][gc,heap        ] GC(210) ParOldGen: 3025256K(3113984K)->3074848K(3113984K)
[19.193s][info][gc,metaspace   ] GC(210) Metaspace: 6298K(6464K)->6298K(6464K) NonClass: 5764K(5824K)->5764K(5824K) Class: 533K(640K)->533K(640K)
[19.193s][info][gc             ] GC(210) Pause Young (Allocation Failure) 3104M->3104M(3242M) 80.192ms
[19.193s][info][gc,cpu         ] GC(210) User=0.44s Sys=0.00s Real=0.08s
[19.193s][info][gc,start       ] GC(211) Pause Full (Ergonomics)
[19.193s][info][gc,phases,start] GC(211) Marking Phase
[19.889s][info][gc,phases      ] GC(211) Marking Phase 695.999ms
[19.889s][info][gc,phases,start] GC(211) Summary Phase
[19.889s][info][gc,phases      ] GC(211) Summary Phase 0.070ms
[19.889s][info][gc,phases,start] GC(211) Adjust Roots
[19.889s][info][gc,phases      ] GC(211) Adjust Roots 0.160ms
[19.889s][info][gc,phases,start] GC(211) Compaction Phase
[20.382s][info][gc,phases      ] GC(211) Compaction Phase 492.492ms
[20.382s][info][gc,phases,start] GC(211) Post Compact
[20.388s][info][gc,phases      ] GC(211) Post Compact 6.446ms
[20.389s][info][gc,heap        ] GC(211) PSYoungGen: 104192K(205824K)->0K(211968K) Eden: 0K(54784K)->0K(61440K) From: 104192K(151040K)->0K(150528K)
[20.389s][info][gc,heap        ] GC(211) ParOldGen: 3074848K(3113984K)->3111847K(3443200K)
[20.389s][info][gc,metaspace   ] GC(211) Metaspace: 6298K(6464K)->6298K(6464K) NonClass: 5764K(5824K)->5764K(5824K) Class: 533K(640K)->533K(640K)
[20.389s][info][gc             ] GC(211) Pause Full (Ergonomics) 3104M->3038M(3569M) 1196.587ms
[20.389s][info][gc,cpu         ] GC(211) User=8.33s Sys=0.08s Real=1.20s
[20.450s][info][gc,start       ] GC(212) Pause Young (Allocation Failure)
[20.500s][info][gc,heap        ] GC(212) PSYoungGen: 61440K(211968K)->61664K(211968K) Eden: 61440K(61440K)->0K(61440K) From: 0K(150528K)->61664K(150528K)
[20.500s][info][gc,heap        ] GC(212) ParOldGen: 3111847K(3443200K)->3111847K(3443200K)
[20.500s][info][gc,metaspace   ] GC(212) Metaspace: 6298K(6464K)->6298K(6464K) NonClass: 5764K(5824K)->5764K(5824K) Class: 533K(640K)->533K(640K)
[20.500s][info][gc             ] GC(212) Pause Young (Allocation Failure) 3098M->3099M(3569M) 49.447ms
[20.500s][info][gc,cpu         ] GC(212) User=0.17s Sys=0.00s Real=0.05s
[20.569s][info][gc,start       ] GC(213) Pause Young (Allocation Failure)
[20.641s][info][gc,heap        ] GC(213) PSYoungGen: 123104K(211968K)->123136K(208384K) Eden: 61440K(61440K)->0K(59392K) From: 61664K(150528K)->123136K(148992K)
[20.641s][info][gc,heap        ] GC(213) ParOldGen: 3111847K(3443200K)->3111847K(3443200K)
[20.641s][info][gc,metaspace   ] GC(213) Metaspace: 6298K(6464K)->6298K(6464K) NonClass: 5764K(5824K)->5764K(5824K) Class: 533K(640K)->533K(640K)
[20.641s][info][gc             ] GC(213) Pause Young (Allocation Failure) 3159M->3159M(3566M) 71.624ms
[20.641s][info][gc,cpu         ] GC(213) User=0.27s Sys=0.00s Real=0.07s
[20.701s][info][gc,start       ] GC(214) Pause Young (Allocation Failure)
[20.789s][info][gc,heap        ] GC(214) PSYoungGen: 182528K(208384K)->156672K(216064K) Eden: 59392K(59392K)->0K(59392K) From: 123136K(148992K)->156672K(156672K)
[20.789s][info][gc,heap        ] GC(214) ParOldGen: 3111847K(3443200K)->3137959K(3443200K)
[20.789s][info][gc,metaspace   ] GC(214) Metaspace: 6298K(6464K)->6298K(6464K) NonClass: 5764K(5824K)->5764K(5824K) Class: 533K(640K)->533K(640K)
[20.789s][info][gc             ] GC(214) Pause Young (Allocation Failure) 3217M->3217M(3573M) 87.646ms
[20.789s][info][gc,cpu         ] GC(214) User=0.58s Sys=0.05s Real=0.09s
[20.849s][info][gc,start       ] GC(215) Pause Young (Allocation Failure)
[20.954s][info][gc,heap        ] GC(215) PSYoungGen: 216064K(216064K)->161952K(235008K) Eden: 59392K(59392K)->0K(50688K) From: 156672K(156672K)->161952K(184320K)
[20.954s][info][gc,heap        ] GC(215) ParOldGen: 3137959K(3443200K)->3192759K(3443200K)
[20.954s][info][gc,metaspace   ] GC(215) Metaspace: 6298K(6464K)->6298K(6464K) NonClass: 5764K(5824K)->5764K(5824K) Class: 533K(640K)->533K(640K)
[20.954s][info][gc             ] GC(215) Pause Young (Allocation Failure) 3275M->3276M(3592M) 104.362ms
[20.954s][info][gc,cpu         ] GC(215) User=0.72s Sys=0.05s Real=0.10s
[21.013s][info][gc,start       ] GC(216) Pause Young (Allocation Failure)
[21.112s][info][gc,heap        ] GC(216) PSYoungGen: 212640K(235008K)->169184K(249856K) Eden: 50688K(50688K)->0K(50688K) From: 161952K(184320K)->169184K(199168K)
[21.113s][info][gc,heap        ] GC(216) ParOldGen: 3192759K(3443200K)->3236583K(3443200K)
[21.113s][info][gc,metaspace   ] GC(216) Metaspace: 6298K(6464K)->6298K(6464K) NonClass: 5764K(5824K)->5764K(5824K) Class: 533K(640K)->533K(640K)
[21.113s][info][gc             ] GC(216) Pause Young (Allocation Failure) 3325M->3325M(3606M) 99.389ms
[21.113s][info][gc,cpu         ] GC(216) User=0.70s Sys=0.05s Real=0.10s
[21.166s][info][gc,start       ] GC(217) Pause Young (Allocation Failure)
[21.270s][info][gc,heap        ] GC(217) PSYoungGen: 219872K(249856K)->161120K(261120K) Eden: 50688K(50688K)->0K(48128K) From: 169184K(199168K)->161120K(212992K)
[21.270s][info][gc,heap        ] GC(217) ParOldGen: 3236583K(3443200K)->3295807K(3443200K)
[21.270s][info][gc,metaspace   ] GC(217) Metaspace: 6298K(6464K)->6298K(6464K) NonClass: 5764K(5824K)->5764K(5824K) Class: 533K(640K)->533K(640K)
[21.270s][info][gc             ] GC(217) Pause Young (Allocation Failure) 3375M->3375M(3617M) 104.769ms
[21.270s][info][gc,cpu         ] GC(217) User=0.81s Sys=0.05s Real=0.11s
[21.316s][info][gc,start       ] GC(218) Pause Young (Allocation Failure)
[21.417s][info][gc,heap        ] GC(218) PSYoungGen: 209248K(261120K)->99104K(147456K) Eden: 48128K(48128K)->0K(48128K) From: 161120K(212992K)->99104K(99328K)
[21.417s][info][gc,heap        ] GC(218) ParOldGen: 3295807K(3443200K)->3406863K(3443200K)
[21.417s][info][gc,metaspace   ] GC(218) Metaspace: 6298K(6464K)->6298K(6464K) NonClass: 5764K(5824K)->5764K(5824K) Class: 533K(640K)->533K(640K)
[21.417s][info][gc             ] GC(218) Pause Young (Allocation Failure) 3422M->3423M(3506M) 100.243ms
[21.417s][info][gc,cpu         ] GC(218) User=0.62s Sys=0.12s Real=0.10s
[21.417s][info][gc,start       ] GC(219) Pause Full (Ergonomics)
[21.417s][info][gc,phases,start] GC(219) Marking Phase
[22.213s][info][gc,phases      ] GC(219) Marking Phase 795.898ms
[22.213s][info][gc,phases,start] GC(219) Summary Phase
[22.213s][info][gc,phases      ] GC(219) Summary Phase 0.049ms
[22.213s][info][gc,phases,start] GC(219) Adjust Roots
[22.213s][info][gc,phases      ] GC(219) Adjust Roots 0.159ms
[22.213s][info][gc,phases,start] GC(219) Compaction Phase
[22.932s][info][gc,phases      ] GC(219) Compaction Phase 718.772ms
[22.932s][info][gc,phases,start] GC(219) Post Compact
[22.939s][info][gc,phases      ] GC(219) Post Compact 7.210ms
[22.940s][info][gc,heap        ] GC(219) PSYoungGen: 99104K(147456K)->59910K(147456K) Eden: 0K(48128K)->0K(48128K) From: 99104K(99328K)->59910K(99328K)
[22.940s][info][gc,heap        ] GC(219) ParOldGen: 3406863K(3443200K)->3442880K(3825152K)
[22.940s][info][gc,metaspace   ] GC(219) Metaspace: 6298K(6464K)->6298K(6464K) NonClass: 5764K(5824K)->5764K(5824K) Class: 533K(640K)->533K(640K)
[22.940s][info][gc             ] GC(219) Pause Full (Ergonomics) 3423M->3420M(3879M) 1523.620ms
[22.940s][info][gc,cpu         ] GC(219) User=10.67s Sys=0.09s Real=1.52s
[22.985s][info][gc,start       ] GC(220) Pause Young (Allocation Failure)
[23.174s][info][gc,heap        ] GC(220) PSYoungGen: 108038K(147456K)->48320K(266752K) Eden: 48128K(48128K)->0K(52736K) From: 59910K(99328K)->48320K(214016K)
[23.174s][info][gc,heap        ] GC(220) ParOldGen: 3442880K(3825152K)->3503384K(3825152K)
[23.174s][info][gc,metaspace   ] GC(220) Metaspace: 6298K(6464K)->6298K(6464K) NonClass: 5764K(5824K)->5764K(5824K) Class: 533K(640K)->533K(640K)
[23.174s][info][gc             ] GC(220) Pause Young (Allocation Failure) 3467M->3468M(3996M) 189.210ms
[23.174s][info][gc,cpu         ] GC(220) User=1.31s Sys=0.06s Real=0.19s
[23.228s][info][gc,start       ] GC(221) Pause Young (Allocation Failure)
[23.290s][info][gc,heap        ] GC(221) PSYoungGen: 101056K(266752K)->101216K(154112K) Eden: 52736K(52736K)->0K(52736K) From: 48320K(214016K)->101216K(101376K)
[23.290s][info][gc,heap        ] GC(221) ParOldGen: 3503384K(3825152K)->3503384K(3825152K)
[23.290s][info][gc,metaspace   ] GC(221) Metaspace: 6298K(6464K)->6298K(6464K) NonClass: 5764K(5824K)->5764K(5824K) Class: 533K(640K)->533K(640K)
[23.290s][info][gc             ] GC(221) Pause Young (Allocation Failure) 3519M->3520M(3886M) 62.147ms
[23.290s][info][gc,cpu         ] GC(221) User=0.19s Sys=0.00s Real=0.06s
[23.346s][info][gc,start       ] GC(222) Pause Young (Allocation Failure)
[23.425s][info][gc,heap        ] GC(222) PSYoungGen: 153952K(154112K)->105792K(245760K) Eden: 52736K(52736K)->0K(58368K) From: 101216K(101376K)->105792K(187392K)
[23.425s][info][gc,heap        ] GC(222) ParOldGen: 3503384K(3825152K)->3551944K(3825152K)
[23.425s][info][gc,metaspace   ] GC(222) Metaspace: 6298K(6464K)->6298K(6464K) NonClass: 5764K(5824K)->5764K(5824K) Class: 533K(640K)->533K(640K)
[23.425s][info][gc             ] GC(222) Pause Young (Allocation Failure) 3571M->3572M(3975M) 79.169ms
[23.425s][info][gc,cpu         ] GC(222) User=0.47s Sys=0.05s Real=0.08s
[23.484s][info][gc,start       ] GC(223) Pause Young (Allocation Failure)
[23.568s][info][gc,heap        ] GC(223) PSYoungGen: 164160K(245760K)->111424K(169984K) Eden: 58368K(58368K)->0K(58368K) From: 105792K(187392K)->111424K(111616K)
[23.568s][info][gc,heap        ] GC(223) ParOldGen: 3551944K(3825152K)->3605168K(3825152K)
[23.568s][info][gc,metaspace   ] GC(223) Metaspace: 6298K(6464K)->6298K(6464K) NonClass: 5764K(5824K)->5764K(5824K) Class: 533K(640K)->533K(640K)
[23.568s][info][gc             ] GC(223) Pause Young (Allocation Failure) 3629M->3629M(3901M) 83.739ms
[23.568s][info][gc,cpu         ] GC(223) User=0.52s Sys=0.05s Real=0.08s
[23.625s][info][gc,start       ] GC(224) Pause Young (Allocation Failure)
[23.710s][info][gc,heap        ] GC(224) PSYoungGen: 169792K(169984K)->117056K(244736K) Eden: 58368K(58368K)->0K(65024K) From: 111424K(111616K)->117056K(179712K)
[23.710s][info][gc,heap        ] GC(224) ParOldGen: 3605168K(3825152K)->3658400K(3825152K)
[23.710s][info][gc,metaspace   ] GC(224) Metaspace: 6298K(6464K)->6298K(6464K) NonClass: 5764K(5824K)->5764K(5824K) Class: 533K(640K)->533K(640K)
[23.710s][info][gc             ] GC(224) Pause Young (Allocation Failure) 3686M->3686M(3974M) 85.228ms
[23.710s][info][gc,cpu         ] GC(224) User=0.58s Sys=0.05s Real=0.09s
[23.774s][info][gc,start       ] GC(225) Pause Young (Allocation Failure)
[23.865s][info][gc,heap        ] GC(225) PSYoungGen: 182080K(244736K)->123808K(249344K) Eden: 65024K(65024K)->0K(65024K) From: 117056K(179712K)->123808K(184320K)
[23.865s][info][gc,heap        ] GC(225) ParOldGen: 3658400K(3825152K)->3717288K(3825152K)
[23.865s][info][gc,metaspace   ] GC(225) Metaspace: 6298K(6464K)->6298K(6464K) NonClass: 5764K(5824K)->5764K(5824K) Class: 533K(640K)->533K(640K)
[23.865s][info][gc             ] GC(225) Pause Young (Allocation Failure) 3750M->3751M(3979M) 91.026ms
[23.865s][info][gc,cpu         ] GC(225) User=0.72s Sys=0.03s Real=0.09s
[23.935s][info][gc,start       ] GC(226) Pause Young (Allocation Failure)
[24.028s][info][gc,heap        ] GC(226) PSYoungGen: 188832K(249344K)->130400K(254464K) Eden: 65024K(65024K)->0K(72192K) From: 123808K(184320K)->130400K(182272K)
[24.028s][info][gc,heap        ] GC(226) ParOldGen: 3717288K(3825152K)->3776176K(3825152K)
[24.028s][info][gc,metaspace   ] GC(226) Metaspace: 6298K(6464K)->6298K(6464K) NonClass: 5764K(5824K)->5764K(5824K) Class: 533K(640K)->533K(640K)
[24.028s][info][gc             ] GC(226) Pause Young (Allocation Failure) 3814M->3815M(3984M) 93.694ms
[24.028s][info][gc,cpu         ] GC(226) User=0.61s Sys=0.02s Real=0.09s
[24.028s][info][gc,start       ] GC(227) Pause Full (Ergonomics)
[24.028s][info][gc,phases,start] GC(227) Marking Phase
[24.908s][info][gc,phases      ] GC(227) Marking Phase 879.334ms
[24.908s][info][gc,phases,start] GC(227) Summary Phase
[24.908s][info][gc,phases      ] GC(227) Summary Phase 0.046ms
[24.908s][info][gc,phases,start] GC(227) Adjust Roots
[24.908s][info][gc,phases      ] GC(227) Adjust Roots 0.170ms
[24.908s][info][gc,phases,start] GC(227) Compaction Phase
[25.294s][info][gc,phases      ] GC(227) Compaction Phase 386.185ms
[25.294s][info][gc,phases,start] GC(227) Post Compact
[25.302s][info][gc,phases      ] GC(227) Post Compact 7.342ms
[25.303s][info][gc,heap        ] GC(227) PSYoungGen: 130400K(254464K)->77851K(254464K) Eden: 0K(72192K)->0K(72192K) From: 130400K(182272K)->77851K(182272K)
[25.303s][info][gc,heap        ] GC(227) ParOldGen: 3776176K(3825152K)->3825112K(4227072K)
[25.303s][info][gc,metaspace   ] GC(227) Metaspace: 6298K(6464K)->6298K(6464K) NonClass: 5764K(5824K)->5764K(5824K) Class: 533K(640K)->533K(640K)
[25.303s][info][gc             ] GC(227) Pause Full (Ergonomics) 3815M->3811M(4376M) 1274.694ms
[25.303s][info][gc,cpu         ] GC(227) User=9.03s Sys=0.05s Real=1.28s
[25.375s][info][gc,start       ] GC(228) Pause Young (Allocation Failure)
[25.615s][info][gc,heap        ] GC(228) PSYoungGen: 150043K(254464K)->105568K(254976K) Eden: 72192K(72192K)->0K(72192K) From: 77851K(182272K)->105568K(182784K)
[25.615s][info][gc,heap        ] GC(228) ParOldGen: 3825112K(4227072K)->3870384K(4227072K)
[25.615s][info][gc,metaspace   ] GC(228) Metaspace: 6298K(6464K)->6298K(6464K) NonClass: 5764K(5824K)->5764K(5824K) Class: 533K(640K)->533K(640K)
[25.616s][info][gc             ] GC(228) Pause Young (Allocation Failure) 3881M->3882M(4377M) 240.043ms
[25.616s][info][gc,cpu         ] GC(228) User=1.61s Sys=0.03s Real=0.24s
[25.691s][info][gc,start       ] GC(229) Pause Young (Allocation Failure)
[25.782s][info][gc,heap        ] GC(229) PSYoungGen: 177760K(254976K)->176640K(238080K) Eden: 72192K(72192K)->0K(61440K) From: 105568K(182784K)->176640K(176640K)
[25.782s][info][gc,heap        ] GC(229) ParOldGen: 3870384K(4227072K)->3871536K(4227072K)
[25.782s][info][gc,metaspace   ] GC(229) Metaspace: 6298K(6464K)->6298K(6464K) NonClass: 5764K(5824K)->5764K(5824K) Class: 533K(640K)->533K(640K)
[25.782s][info][gc             ] GC(229) Pause Young (Allocation Failure) 3953M->3953M(4360M) 91.337ms
[25.782s][info][gc,cpu         ] GC(229) User=0.64s Sys=0.00s Real=0.09s
[25.857s][info][gc,start       ] GC(230) Pause Young (Allocation Failure)
[25.980s][info][gc,heap        ] GC(230) PSYoungGen: 238080K(238080K)->133408K(256000K) Eden: 61440K(61440K)->0K(61440K) From: 176640K(176640K)->133408K(194560K)
[25.980s][info][gc,heap        ] GC(230) ParOldGen: 3871536K(4227072K)->3977144K(4227072K)
[25.980s][info][gc,metaspace   ] GC(230) Metaspace: 6298K(6464K)->6298K(6464K) NonClass: 5764K(5824K)->5764K(5824K) Class: 533K(640K)->533K(640K)
[25.980s][info][gc             ] GC(230) Pause Young (Allocation Failure) 4013M->4014M(4378M) 123.104ms
[25.980s][info][gc,cpu         ] GC(230) User=0.86s Sys=0.02s Real=0.12s
[26.043s][info][gc,start       ] GC(231) Pause Young (Allocation Failure)
[26.148s][info][gc,heap        ] GC(231) PSYoungGen: 194848K(256000K)->123232K(250368K) Eden: 61440K(61440K)->0K(68608K) From: 133408K(194560K)->123232K(181760K)
[26.148s][info][gc,heap        ] GC(231) ParOldGen: 3977144K(4227072K)->4049440K(4227072K)
[26.148s][info][gc,metaspace   ] GC(231) Metaspace: 6298K(6464K)->6298K(6464K) NonClass: 5764K(5824K)->5764K(5824K) Class: 533K(640K)->533K(640K)
[26.148s][info][gc             ] GC(231) Pause Young (Allocation Failure) 4074M->4074M(4372M) 104.505ms
[26.148s][info][gc,cpu         ] GC(231) User=0.72s Sys=0.03s Real=0.10s
[26.215s][info][gc,start       ] GC(232) Pause Young (Allocation Failure)
[26.311s][info][gc,heap        ] GC(232) PSYoungGen: 191840K(250368K)->130432K(255488K) Eden: 68608K(68608K)->0K(68608K) From: 123232K(181760K)->130432K(186880K)
[26.311s][info][gc,heap        ] GC(232) ParOldGen: 4049440K(4227072K)->4111432K(4227072K)
[26.311s][info][gc,metaspace   ] GC(232) Metaspace: 6298K(6464K)->6298K(6464K) NonClass: 5764K(5824K)->5764K(5824K) Class: 533K(640K)->533K(640K)
[26.311s][info][gc             ] GC(232) Pause Young (Allocation Failure) 4141M->4142M(4377M) 96.719ms
[26.311s][info][gc,cpu         ] GC(232) User=0.62s Sys=0.02s Real=0.10s
[26.311s][info][gc,start       ] GC(233) Pause Full (Ergonomics)
[26.311s][info][gc,phases,start] GC(233) Marking Phase
[27.287s][info][gc,phases      ] GC(233) Marking Phase 975.507ms
[27.287s][info][gc,phases,start] GC(233) Summary Phase
[27.287s][info][gc,phases      ] GC(233) Summary Phase 0.066ms
[27.287s][info][gc,phases,start] GC(233) Adjust Roots
[27.287s][info][gc,phases      ] GC(233) Adjust Roots 0.170ms
[27.287s][info][gc,phases,start] GC(233) Compaction Phase
[27.693s][info][gc,phases      ] GC(233) Compaction Phase 405.368ms
[27.693s][info][gc,phases,start] GC(233) Post Compact
[27.699s][info][gc,phases      ] GC(233) Post Compact 6.323ms
[27.701s][info][gc,heap        ] GC(233) PSYoungGen: 130432K(255488K)->11965K(255488K) Eden: 0K(68608K)->0K(68608K) From: 130432K(186880K)->11965K(186880K)
[27.701s][info][gc,heap        ] GC(233) ParOldGen: 4111432K(4227072K)->4226709K(4677120K)
[27.701s][info][gc,metaspace   ] GC(233) Metaspace: 6298K(6464K)->6298K(6464K) NonClass: 5764K(5824K)->5764K(5824K) Class: 533K(640K)->533K(640K)
[27.701s][info][gc             ] GC(233) Pause Full (Ergonomics) 4142M->4139M(4817M) 1389.312ms
[27.701s][info][gc,cpu         ] GC(233) User=9.98s Sys=0.09s Real=1.39s
[27.778s][info][gc,start       ] GC(234) Pause Young (Allocation Failure)
[28.001s][info][gc,heap        ] GC(234) PSYoungGen: 80573K(255488K)->78368K(259072K) Eden: 68608K(68608K)->0K(75264K) From: 11965K(186880K)->78368K(183808K)
[28.001s][info][gc,heap        ] GC(234) ParOldGen: 4226709K(4677120K)->4229229K(4677120K)
[28.001s][info][gc,metaspace   ] GC(234) Metaspace: 6298K(6464K)->6298K(6464K) NonClass: 5764K(5824K)->5764K(5824K) Class: 533K(640K)->533K(640K)
[28.001s][info][gc             ] GC(234) Pause Young (Allocation Failure) 4206M->4206M(4820M) 223.079ms
[28.001s][info][gc,cpu         ] GC(234) User=1.53s Sys=0.00s Real=0.22s
[28.087s][info][gc,start       ] GC(235) Pause Young (Allocation Failure)
[28.172s][info][gc,heap        ] GC(235) PSYoungGen: 153632K(259072K)->153728K(260096K) Eden: 75264K(75264K)->0K(75264K) From: 78368K(183808K)->153728K(184832K)
[28.173s][info][gc,heap        ] GC(235) ParOldGen: 4229229K(4677120K)->4229229K(4677120K)
[28.173s][info][gc,metaspace   ] GC(235) Metaspace: 6298K(6464K)->6298K(6464K) NonClass: 5764K(5824K)->5764K(5824K) Class: 533K(640K)->533K(640K)
[28.173s][info][gc             ] GC(235) Pause Young (Allocation Failure) 4280M->4280M(4821M) 85.790ms
[28.173s][info][gc,cpu         ] GC(235) User=0.59s Sys=0.00s Real=0.09s
[28.248s][info][gc,start       ] GC(236) Pause Young (Allocation Failure)
[28.365s][info][gc,heap        ] GC(236) PSYoungGen: 228992K(260096K)->192000K(241664K) Eden: 75264K(75264K)->0K(49664K) From: 153728K(184832K)->192000K(192000K)
[28.365s][info][gc,heap        ] GC(236) ParOldGen: 4229229K(4677120K)->4266541K(4677120K)
[28.365s][info][gc,metaspace   ] GC(236) Metaspace: 6298K(6464K)->6298K(6464K) NonClass: 5764K(5824K)->5764K(5824K) Class: 533K(640K)->533K(640K)
[28.365s][info][gc             ] GC(236) Pause Young (Allocation Failure) 4353M->4354M(4803M) 116.430ms
[28.365s][info][gc,cpu         ] GC(236) User=0.75s Sys=0.03s Real=0.12s
[28.417s][info][gc,start       ] GC(237) Pause Young (Allocation Failure)
[28.540s][info][gc,heap        ] GC(237) PSYoungGen: 241664K(241664K)->179200K(274432K) Eden: 49664K(49664K)->0K(49664K) From: 192000K(192000K)->179200K(224768K)
[28.541s][info][gc,heap        ] GC(237) ParOldGen: 4266541K(4677120K)->4329749K(4677120K)
[28.541s][info][gc,metaspace   ] GC(237) Metaspace: 6298K(6464K)->6298K(6464K) NonClass: 5764K(5824K)->5764K(5824K) Class: 533K(640K)->533K(640K)
[28.541s][info][gc             ] GC(237) Pause Young (Allocation Failure) 4402M->4403M(4835M) 123.921ms
[28.541s][info][gc,cpu         ] GC(237) User=0.97s Sys=0.03s Real=0.12s
[28.599s][info][gc,start       ] GC(238) Pause Young (Allocation Failure)
[28.717s][info][gc,heap        ] GC(238) PSYoungGen: 228864K(274432K)->166336K(287744K) Eden: 49664K(49664K)->0K(54272K) From: 179200K(224768K)->166336K(233472K)
[28.717s][info][gc,heap        ] GC(238) ParOldGen: 4329749K(4677120K)->4392781K(4677120K)
[28.717s][info][gc,metaspace   ] GC(238) Metaspace: 6298K(6464K)->6298K(6464K) NonClass: 5764K(5824K)->5764K(5824K) Class: 533K(640K)->533K(640K)
[28.717s][info][gc             ] GC(238) Pause Young (Allocation Failure) 4451M->4452M(4848M) 118.118ms
[28.717s][info][gc,cpu         ] GC(238) User=0.78s Sys=0.02s Real=0.12s
[28.781s][info][gc,start       ] GC(239) Pause Young (Allocation Failure)
[28.896s][info][gc,heap        ] GC(239) PSYoungGen: 220608K(287744K)->153984K(288768K) Eden: 54272K(54272K)->0K(54272K) From: 166336K(233472K)->153984K(234496K)
[28.896s][info][gc,heap        ] GC(239) ParOldGen: 4392781K(4677120K)->4459989K(4677120K)
[28.896s][info][gc,metaspace   ] GC(239) Metaspace: 6298K(6464K)->6298K(6464K) NonClass: 5764K(5824K)->5764K(5824K) Class: 533K(640K)->533K(640K)
[28.896s][info][gc             ] GC(239) Pause Young (Allocation Failure) 4505M->4505M(4849M) 115.695ms
[28.896s][info][gc,cpu         ] GC(239) User=0.75s Sys=0.02s Real=0.12s
[28.956s][info][gc,start       ] GC(240) Pause Young (Allocation Failure)
[29.069s][info][gc,heap        ] GC(240) PSYoungGen: 208256K(288768K)->158592K(287232K) Eden: 54272K(54272K)->0K(61440K) From: 153984K(234496K)->158592K(225792K)
[29.069s][info][gc,heap        ] GC(240) ParOldGen: 4459989K(4677120K)->4510109K(4677120K)
[29.069s][info][gc,metaspace   ] GC(240) Metaspace: 6298K(6464K)->6298K(6464K) NonClass: 5764K(5824K)->5764K(5824K) Class: 533K(640K)->533K(640K)
[29.069s][info][gc             ] GC(240) Pause Young (Allocation Failure) 4558M->4559M(4848M) 112.919ms
[29.069s][info][gc,cpu         ] GC(240) User=0.77s Sys=0.02s Real=0.11s
[29.135s][info][gc,start       ] GC(241) Pause Young (Allocation Failure)
[29.254s][info][gc,heap        ] GC(241) PSYoungGen: 220032K(287232K)->116000K(289792K) Eden: 61440K(61440K)->0K(61440K) From: 158592K(225792K)->116000K(228352K)
[29.254s][info][gc,heap        ] GC(241) ParOldGen: 4510109K(4677120K)->4614957K(4677120K)
[29.254s][info][gc,metaspace   ] GC(241) Metaspace: 6298K(6464K)->6298K(6464K) NonClass: 5764K(5824K)->5764K(5824K) Class: 533K(640K)->533K(640K)
[29.254s][info][gc             ] GC(241) Pause Young (Allocation Failure) 4619M->4620M(4850M) 118.987ms
[29.254s][info][gc,cpu         ] GC(241) User=0.75s Sys=0.08s Real=0.12s
[29.254s][info][gc,start       ] GC(242) Pause Full (Ergonomics)
[29.254s][info][gc,phases,start] GC(242) Marking Phase
[30.315s][info][gc,phases      ] GC(242) Marking Phase 1060.932ms
[30.315s][info][gc,phases,start] GC(242) Summary Phase
[30.315s][info][gc,phases      ] GC(242) Summary Phase 0.057ms
[30.315s][info][gc,phases,start] GC(242) Adjust Roots
[30.315s][info][gc,phases      ] GC(242) Adjust Roots 0.185ms
[30.315s][info][gc,phases,start] GC(242) Compaction Phase
[30.770s][info][gc,phases      ] GC(242) Compaction Phase 454.278ms
[30.770s][info][gc,phases,start] GC(242) Post Compact
[30.777s][info][gc,phases      ] GC(242) Post Compact 6.985ms
[30.778s][info][gc,heap        ] GC(242) PSYoungGen: 116000K(289792K)->50236K(289792K) Eden: 0K(61440K)->0K(61440K) From: 116000K(228352K)->50236K(228352K)
[30.778s][info][gc,heap        ] GC(242) ParOldGen: 4614957K(4677120K)->4676630K(5167616K)
[30.778s][info][gc,metaspace   ] GC(242) Metaspace: 6298K(6464K)->6298K(6464K) NonClass: 5764K(5824K)->5764K(5824K) Class: 533K(640K)->533K(640K)
[30.778s][info][gc             ] GC(242) Pause Full (Ergonomics) 4620M->4616M(5329M) 1524.255ms
[30.778s][info][gc,cpu         ] GC(242) User=10.94s Sys=0.05s Real=1.52s
[30.851s][info][gc,start       ] GC(243) Pause Young (Allocation Failure)
[31.125s][info][gc,heap        ] GC(243) PSYoungGen: 111676K(289792K)->61632K(288256K) Eden: 61440K(61440K)->0K(64000K) From: 50236K(228352K)->61632K(224256K)
[31.125s][info][gc,heap        ] GC(243) ParOldGen: 4676630K(5167616K)->4727366K(5167616K)
[31.125s][info][gc,metaspace   ] GC(243) Metaspace: 6298K(6464K)->6298K(6464K) NonClass: 5764K(5824K)->5764K(5824K) Class: 533K(640K)->533K(640K)
[31.125s][info][gc             ] GC(243) Pause Young (Allocation Failure) 4676M->4676M(5328M) 273.639ms
[31.125s][info][gc,cpu         ] GC(243) User=1.84s Sys=0.05s Real=0.27s
[31.192s][info][gc,start       ] GC(244) Pause Young (Allocation Failure)
[31.270s][info][gc,heap        ] GC(244) PSYoungGen: 125632K(288256K)->64288K(293376K) Eden: 64000K(64000K)->0K(64000K) From: 61632K(224256K)->64288K(229376K)
[31.270s][info][gc,heap        ] GC(244) ParOldGen: 4727366K(5167616K)->4789374K(5167616K)
[31.270s][info][gc,metaspace   ] GC(244) Metaspace: 6298K(6464K)->6298K(6464K) NonClass: 5764K(5824K)->5764K(5824K) Class: 533K(640K)->533K(640K)
[31.270s][info][gc             ] GC(244) Pause Young (Allocation Failure) 4739M->4739M(5333M) 77.895ms
[31.270s][info][gc,cpu         ] GC(244) User=0.42s Sys=0.09s Real=0.08s
[31.333s][info][gc,start       ] GC(245) Pause Young (Allocation Failure)
[31.409s][info][gc,heap        ] GC(245) PSYoungGen: 128288K(293376K)->64256K(301568K) Eden: 64000K(64000K)->0K(70656K) From: 64288K(229376K)->64256K(230912K)
[31.409s][info][gc,heap        ] GC(245) ParOldGen: 4789374K(5167616K)->4853958K(5167616K)
[31.410s][info][gc,metaspace   ] GC(245) Metaspace: 6298K(6464K)->6298K(6464K) NonClass: 5764K(5824K)->5764K(5824K) Class: 533K(640K)->533K(640K)
[31.410s][info][gc             ] GC(245) Pause Young (Allocation Failure) 4802M->4802M(5341M) 76.320ms
[31.410s][info][gc,cpu         ] GC(245) User=0.48s Sys=0.03s Real=0.08s
[31.482s][info][gc,start       ] GC(246) Pause Young (Allocation Failure)
[31.560s][info][gc,heap        ] GC(246) PSYoungGen: 134912K(301568K)->70912K(301568K) Eden: 70656K(70656K)->0K(70656K) From: 64256K(230912K)->70912K(230912K)
[31.560s][info][gc,heap        ] GC(246) ParOldGen: 4853958K(5167616K)->4918550K(5167616K)
[31.560s][info][gc,metaspace   ] GC(246) Metaspace: 6298K(6464K)->6298K(6464K) NonClass: 5764K(5824K)->5764K(5824K) Class: 533K(640K)->533K(640K)
[31.560s][info][gc             ] GC(246) Pause Young (Allocation Failure) 4871M->4872M(5341M) 78.392ms
[31.560s][info][gc,cpu         ] GC(246) User=0.48s Sys=0.03s Real=0.08s
[31.646s][info][gc,start       ] GC(247) Pause Young (Allocation Failure)
[31.731s][info][gc,heap        ] GC(247) PSYoungGen: 141568K(301568K)->70944K(297984K) Eden: 70656K(70656K)->0K(78336K) From: 70912K(230912K)->70944K(219648K)
[31.731s][info][gc,heap        ] GC(247) ParOldGen: 4918550K(5167616K)->4989846K(5167616K)
[31.731s][info][gc,metaspace   ] GC(247) Metaspace: 6298K(6464K)->6298K(6464K) NonClass: 5764K(5824K)->5764K(5824K) Class: 533K(640K)->533K(640K)
[31.731s][info][gc             ] GC(247) Pause Young (Allocation Failure) 4941M->4942M(5337M) 84.410ms
[31.731s][info][gc,cpu         ] GC(247) User=0.52s Sys=0.00s Real=0.08s
[31.813s][info][gc,start       ] GC(248) Pause Young (Allocation Failure)
[31.900s][info][gc,heap        ] GC(248) PSYoungGen: 149280K(297984K)->78560K(302080K) Eden: 78336K(78336K)->0K(78336K) From: 70944K(219648K)->78560K(223744K)
[31.900s][info][gc,heap        ] GC(248) ParOldGen: 4989846K(5167616K)->5061142K(5167616K)
[31.900s][info][gc,metaspace   ] GC(248) Metaspace: 6298K(6464K)->6298K(6464K) NonClass: 5764K(5824K)->5764K(5824K) Class: 533K(640K)->533K(640K)
[31.900s][info][gc             ] GC(248) Pause Young (Allocation Failure) 5018M->5019M(5341M) 87.565ms
[31.900s][info][gc,cpu         ] GC(248) User=0.48s Sys=0.03s Real=0.09s
[31.900s][info][gc,start       ] GC(249) Pause Full (Ergonomics)
[31.900s][info][gc,phases,start] GC(249) Marking Phase
[33.059s][info][gc,phases      ] GC(249) Marking Phase 1158.794ms
[33.059s][info][gc,phases,start] GC(249) Summary Phase
[33.059s][info][gc,phases      ] GC(249) Summary Phase 0.094ms
[33.059s][info][gc,phases,start] GC(249) Adjust Roots
[33.060s][info][gc,phases      ] GC(249) Adjust Roots 0.211ms
[33.060s][info][gc,phases,start] GC(249) Compaction Phase
[33.496s][info][gc,phases      ] GC(249) Compaction Phase 436.242ms
[33.496s][info][gc,phases,start] GC(249) Post Compact
[33.504s][info][gc,phases      ] GC(249) Post Compact 7.483ms
[33.505s][info][gc,heap        ] GC(249) PSYoungGen: 78560K(302080K)->0K(304640K) Eden: 0K(78336K)->0K(86528K) From: 78560K(223744K)->0K(218112K)
[33.505s][info][gc,heap        ] GC(249) ParOldGen: 5061142K(5167616K)->5135768K(5655040K)
[33.505s][info][gc,metaspace   ] GC(249) Metaspace: 6298K(6464K)->6298K(6464K) NonClass: 5764K(5824K)->5764K(5824K) Class: 533K(640K)->533K(640K)
[33.505s][info][gc             ] GC(249) Pause Full (Ergonomics) 5019M->5015M(5820M) 1604.618ms
[33.505s][info][gc,cpu         ] GC(249) User=11.95s Sys=0.08s Real=1.61s
[33.602s][info][gc,start       ] GC(250) Pause Young (Allocation Failure)
[33.670s][info][gc,heap        ] GC(250) PSYoungGen: 86528K(304640K)->86848K(304640K) Eden: 86528K(86528K)->0K(86528K) From: 0K(218112K)->86848K(218112K)
[33.670s][info][gc,heap        ] GC(250) ParOldGen: 5135768K(5655040K)->5135768K(5655040K)
[33.670s][info][gc,metaspace   ] GC(250) Metaspace: 6298K(6464K)->6298K(6464K) NonClass: 5764K(5824K)->5764K(5824K) Class: 533K(640K)->533K(640K)
[33.670s][info][gc             ] GC(250) Pause Young (Allocation Failure) 5099M->5100M(5820M) 67.394ms
[33.670s][info][gc,cpu         ] GC(250) User=0.25s Sys=0.00s Real=0.07s
[33.764s][info][gc,start       ] GC(251) Pause Young (Allocation Failure)
[33.856s][info][gc,heap        ] GC(251) PSYoungGen: 173376K(304640K)->173504K(289792K) Eden: 86528K(86528K)->0K(79360K) From: 86848K(218112K)->173504K(210432K)
[33.856s][info][gc,heap        ] GC(251) ParOldGen: 5135768K(5655040K)->5135768K(5655040K)
[33.856s][info][gc,metaspace   ] GC(251) Metaspace: 6298K(6464K)->6298K(6464K) NonClass: 5764K(5824K)->5764K(5824K) Class: 533K(640K)->533K(640K)
[33.856s][info][gc             ] GC(251) Pause Young (Allocation Failure) 5184M->5184M(5805M) 92.151ms
[33.856s][info][gc,cpu         ] GC(251) User=0.62s Sys=0.00s Real=0.09s
[33.946s][info][gc,start       ] GC(252) Pause Young (Allocation Failure)
[34.079s][info][gc,heap        ] GC(252) PSYoungGen: 252864K(289792K)->225280K(304640K) Eden: 79360K(79360K)->0K(79360K) From: 173504K(210432K)->225280K(225280K)
[34.079s][info][gc,heap        ] GC(252) ParOldGen: 5135768K(5655040K)->5163568K(5655040K)
[34.079s][info][gc,metaspace   ] GC(252) Metaspace: 6298K(6464K)->6298K(6464K) NonClass: 5764K(5824K)->5764K(5824K) Class: 533K(640K)->533K(640K)
[34.079s][info][gc             ] GC(252) Pause Young (Allocation Failure) 5262M->5262M(5820M) 133.277ms
[34.079s][info][gc,cpu         ] GC(252) User=1.02s Sys=0.00s Real=0.13s
[34.171s][info][gc,start       ] GC(253) Pause Young (Allocation Failure)
[34.342s][info][gc,heap        ] GC(253) PSYoungGen: 304640K(304640K)->146208K(340992K) Eden: 79360K(79360K)->0K(87552K) From: 225280K(225280K)->146208K(253440K)
[34.342s][info][gc,heap        ] GC(253) ParOldGen: 5163568K(5655040K)->5323376K(5655040K)
[34.342s][info][gc,metaspace   ] GC(253) Metaspace: 6298K(6464K)->6298K(6464K) NonClass: 5764K(5824K)->5764K(5824K) Class: 533K(640K)->533K(640K)
[34.342s][info][gc             ] GC(253) Pause Young (Allocation Failure) 5340M->5341M(5855M) 171.424ms
[34.342s][info][gc,cpu         ] GC(253) User=1.05s Sys=0.20s Real=0.17s
[34.441s][info][gc,start       ] GC(254) Pause Young (Allocation Failure)
[34.574s][info][gc,heap        ] GC(254) PSYoungGen: 233760K(340992K)->167328K(347136K) Eden: 87552K(87552K)->0K(87552K) From: 146208K(253440K)->167328K(259584K)
[34.574s][info][gc,heap        ] GC(254) ParOldGen: 5323376K(5655040K)->5390456K(5655040K)
[34.574s][info][gc,metaspace   ] GC(254) Metaspace: 6298K(6464K)->6298K(6464K) NonClass: 5764K(5824K)->5764K(5824K) Class: 533K(640K)->533K(640K)
[34.574s][info][gc             ] GC(254) Pause Young (Allocation Failure) 5426M->5427M(5861M) 133.536ms
[34.574s][info][gc,cpu         ] GC(254) User=0.84s Sys=0.05s Real=0.13s
[34.668s][info][gc,start       ] GC(255) Pause Young (Allocation Failure)
[34.816s][info][gc,heap        ] GC(255) PSYoungGen: 254880K(347136K)->175552K(355328K) Eden: 87552K(87552K)->0K(94208K) From: 167328K(259584K)->175552K(261120K)
[34.816s][info][gc,heap        ] GC(255) ParOldGen: 5390456K(5655040K)->5470528K(5655040K)
[34.816s][info][gc,metaspace   ] GC(255) Metaspace: 6298K(6464K)->6298K(6464K) NonClass: 5764K(5824K)->5764K(5824K) Class: 533K(640K)->533K(640K)
[34.816s][info][gc             ] GC(255) Pause Young (Allocation Failure) 5513M->5513M(5869M) 147.712ms
[34.816s][info][gc,cpu         ] GC(255) User=0.94s Sys=0.02s Real=0.15s
[34.931s][info][gc,start       ] GC(256) Pause Young (Allocation Failure)
[35.086s][info][gc,heap        ] GC(256) PSYoungGen: 269760K(355328K)->182208K(358400K) Eden: 94208K(94208K)->0K(94208K) From: 175552K(261120K)->182208K(264192K)
[35.086s][info][gc,heap        ] GC(256) ParOldGen: 5470528K(5655040K)->5558864K(5655040K)
[35.086s][info][gc,metaspace   ] GC(256) Metaspace: 6298K(6464K)->6298K(6464K) NonClass: 5764K(5824K)->5764K(5824K) Class: 533K(640K)->533K(640K)
[35.086s][info][gc             ] GC(256) Pause Young (Allocation Failure) 5605M->5606M(5872M) 154.889ms
[35.086s][info][gc,cpu         ] GC(256) User=1.03s Sys=0.00s Real=0.15s
[35.086s][info][gc,start       ] GC(257) Pause Full (Ergonomics)
[35.086s][info][gc,phases,start] GC(257) Marking Phase
[36.383s][info][gc,phases      ] GC(257) Marking Phase 1297.169ms
[36.383s][info][gc,phases,start] GC(257) Summary Phase
[36.384s][info][gc,phases      ] GC(257) Summary Phase 0.064ms
[36.384s][info][gc,phases,start] GC(257) Adjust Roots
[36.384s][info][gc,phases      ] GC(257) Adjust Roots 0.198ms
[36.384s][info][gc,phases,start] GC(257) Compaction Phase
[36.860s][info][gc,phases      ] GC(257) Compaction Phase 475.878ms
[36.860s][info][gc,phases,start] GC(257) Post Compact
[36.869s][info][gc,phases      ] GC(257) Post Compact 9.163ms
[36.871s][info][gc,heap        ] GC(257) PSYoungGen: 182208K(358400K)->82032K(358400K) Eden: 0K(94208K)->0K(94208K) From: 182208K(264192K)->82032K(264192K)
[36.871s][info][gc,heap        ] GC(257) ParOldGen: 5558864K(5655040K)->5654606K(6243840K)
[36.871s][info][gc,metaspace   ] GC(257) Metaspace: 6298K(6464K)->6298K(6464K) NonClass: 5764K(5824K)->5764K(5824K) Class: 533K(640K)->533K(640K)
[36.871s][info][gc             ] GC(257) Pause Full (Ergonomics) 5606M->5602M(6447M) 1784.723ms
[36.871s][info][gc,cpu         ] GC(257) User=13.62s Sys=0.03s Real=1.79s
[38.001s][info][gc,start       ] GC(258) Pause Young (Allocation Failure)
[38.342s][info][gc,heap        ] GC(258) PSYoungGen: 176240K(358400K)->130848K(347136K) Eden: 94208K(94208K)->0K(102912K) From: 82032K(264192K)->130848K(244224K)
[38.342s][info][gc,heap        ] GC(258) ParOldGen: 5916750K(6243840K)->5962990K(6243840K)
[38.342s][info][gc,metaspace   ] GC(258) Metaspace: 6298K(6464K)->6298K(6464K) NonClass: 5764K(5824K)->5764K(5824K) Class: 533K(640K)->533K(640K)
[38.342s][info][gc             ] GC(258) Pause Young (Allocation Failure) 5950M->5951M(6436M) 340.970ms
[38.342s][info][gc,cpu         ] GC(258) User=2.02s Sys=0.00s Real=0.34s
[38.453s][info][gc,start       ] GC(259) Pause Young (Allocation Failure)
[38.621s][info][gc,heap        ] GC(259) PSYoungGen: 233760K(347136K)->233952K(360448K) Eden: 102912K(102912K)->0K(102912K) From: 130848K(244224K)->233952K(257536K)
[38.621s][info][gc,heap        ] GC(259) ParOldGen: 5962990K(6243840K)->5962990K(6243840K)
[38.621s][info][gc,metaspace   ] GC(259) Metaspace: 6298K(6464K)->6298K(6464K) NonClass: 5764K(5824K)->5764K(5824K) Class: 533K(640K)->533K(640K)
[38.621s][info][gc             ] GC(259) Pause Young (Allocation Failure) 6051M->6051M(6449M) 168.805ms
[38.621s][info][gc,cpu         ] GC(259) User=0.48s Sys=0.00s Real=0.17s
[38.719s][info][gc,start       ] GC(260) Pause Young (Allocation Failure)
[38.905s][info][gc,heap        ] GC(260) PSYoungGen: 336864K(360448K)->280576K(337408K) Eden: 102912K(102912K)->0K(56832K) From: 233952K(257536K)->280576K(280576K)
[38.905s][info][gc,heap        ] GC(260) ParOldGen: 5962990K(6243840K)->6019774K(6243840K)
[38.905s][info][gc,metaspace   ] GC(260) Metaspace: 6298K(6464K)->6298K(6464K) NonClass: 5764K(5824K)->5764K(5824K) Class: 533K(640K)->533K(640K)
[38.905s][info][gc             ] GC(260) Pause Young (Allocation Failure) 6152M->6152M(6427M) 186.578ms
[38.905s][info][gc,cpu         ] GC(260) User=1.14s Sys=0.09s Real=0.19s
[38.968s][info][gc,start       ] GC(261) Pause Young (Allocation Failure)
[39.159s][info][gc,heap        ] GC(261) PSYoungGen: 337408K(337408K)->235808K(393728K) Eden: 56832K(56832K)->0K(56832K) From: 280576K(280576K)->235808K(336896K)
[39.159s][info][gc,heap        ] GC(261) ParOldGen: 6019774K(6243840K)->6122334K(6243840K)
[39.159s][info][gc,metaspace   ] GC(261) Metaspace: 6298K(6464K)->6298K(6464K) NonClass: 5764K(5824K)->5764K(5824K) Class: 533K(640K)->533K(640K)
[39.159s][info][gc             ] GC(261) Pause Young (Allocation Failure) 6208M->6209M(6482M) 190.689ms
[39.159s][info][gc,cpu         ] GC(261) User=0.95s Sys=0.06s Real=0.19s
[39.159s][info][gc,start       ] GC(262) Pause Full (Ergonomics)
[39.159s][info][gc,phases,start] GC(262) Marking Phase
[40.529s][info][gc,phases      ] GC(262) Marking Phase 1369.267ms
[40.529s][info][gc,phases,start] GC(262) Summary Phase
[40.529s][info][gc,phases      ] GC(262) Summary Phase 0.140ms
[40.529s][info][gc,phases,start] GC(262) Adjust Roots
[40.529s][info][gc,phases      ] GC(262) Adjust Roots 0.191ms
[40.529s][info][gc,phases,start] GC(262) Compaction Phase
[41.490s][info][gc,phases      ] GC(262) Compaction Phase 961.010ms
[41.490s][info][gc,phases,start] GC(262) Post Compact
[41.500s][info][gc,phases      ] GC(262) Post Compact 10.365ms
[41.503s][info][gc,heap        ] GC(262) PSYoungGen: 235808K(393728K)->0K(409088K) Eden: 0K(56832K)->0K(64000K) From: 235808K(336896K)->0K(345088K)
[41.503s][info][gc,heap        ] GC(262) ParOldGen: 6122334K(6243840K)->6224446K(6857216K)
[41.503s][info][gc,metaspace   ] GC(262) Metaspace: 6298K(6464K)->6298K(6464K) NonClass: 5764K(5824K)->5764K(5824K) Class: 533K(640K)->533K(640K)
[41.503s][info][gc             ] GC(262) Pause Full (Ergonomics) 6209M->6078M(7096M) 2343.656ms
[41.503s][info][gc,cpu         ] GC(262) User=16.50s Sys=0.06s Real=2.34s
[41.574s][info][gc,start       ] GC(263) Pause Young (Allocation Failure)
[41.661s][info][gc,heap        ] GC(263) PSYoungGen: 64000K(409088K)->64256K(409088K) Eden: 64000K(64000K)->0K(64000K) From: 0K(345088K)->64256K(345088K)
[41.661s][info][gc,heap        ] GC(263) ParOldGen: 6224446K(6857216K)->6224446K(6857216K)
[41.661s][info][gc,metaspace   ] GC(263) Metaspace: 6298K(6464K)->6298K(6464K) NonClass: 5764K(5824K)->5764K(5824K) Class: 533K(640K)->533K(640K)
[41.661s][info][gc             ] GC(263) Pause Young (Allocation Failure) 6141M->6141M(7096M) 86.928ms
[41.661s][info][gc,cpu         ] GC(263) User=0.17s Sys=0.00s Real=0.09s
[41.727s][info][gc,start       ] GC(264) Pause Young (Allocation Failure)
[41.825s][info][gc,heap        ] GC(264) PSYoungGen: 128256K(409088K)->128320K(393728K) Eden: 64000K(64000K)->0K(70656K) From: 64256K(345088K)->128320K(323072K)
[41.825s][info][gc,heap        ] GC(264) ParOldGen: 6224446K(6857216K)->6224446K(6857216K)
[41.825s][info][gc,metaspace   ] GC(264) Metaspace: 6298K(6464K)->6298K(6464K) NonClass: 5764K(5824K)->5764K(5824K) Class: 533K(640K)->533K(640K)
[41.825s][info][gc             ] GC(264) Pause Young (Allocation Failure) 6203M->6203M(7081M) 97.806ms
[41.825s][info][gc,cpu         ] GC(264) User=0.45s Sys=0.00s Real=0.10s
[41.897s][info][gc,start       ] GC(265) Pause Young (Allocation Failure)
[42.020s][info][gc,heap        ] GC(265) PSYoungGen: 198976K(393728K)->199104K(405504K) Eden: 70656K(70656K)->0K(70656K) From: 128320K(323072K)->199104K(334848K)
[42.020s][info][gc,heap        ] GC(265) ParOldGen: 6224446K(6857216K)->6224446K(6857216K)
[42.020s][info][gc,metaspace   ] GC(265) Metaspace: 6298K(6464K)->6298K(6464K) NonClass: 5764K(5824K)->5764K(5824K) Class: 533K(640K)->533K(640K)
[42.020s][info][gc             ] GC(265) Pause Young (Allocation Failure) 6272M->6272M(7092M) 123.003ms
[42.020s][info][gc,cpu         ] GC(265) User=0.45s Sys=0.00s Real=0.12s
[42.098s][info][gc,start       ] GC(266) Pause Young (Allocation Failure)
[42.237s][info][gc,heap        ] GC(266) PSYoungGen: 269760K(405504K)->269920K(387584K) Eden: 70656K(70656K)->0K(55808K) From: 199104K(334848K)->269920K(331776K)
[42.237s][info][gc,heap        ] GC(266) ParOldGen: 6224446K(6857216K)->6224446K(6857216K)
[42.237s][info][gc,metaspace   ] GC(266) Metaspace: 6298K(6464K)->6298K(6464K) NonClass: 5764K(5824K)->5764K(5824K) Class: 533K(640K)->533K(640K)
[42.237s][info][gc             ] GC(266) Pause Young (Allocation Failure) 6341M->6342M(7075M) 138.985ms
[42.237s][info][gc,cpu         ] GC(266) User=0.61s Sys=0.00s Real=0.14s
[42.299s][info][gc,start       ] GC(267) Pause Young (Allocation Failure)
[42.453s][info][gc,heap        ] GC(267) PSYoungGen: 325728K(387584K)->325760K(410112K) Eden: 55808K(55808K)->0K(55808K) From: 269920K(331776K)->325760K(354304K)
[42.453s][info][gc,heap        ] GC(267) ParOldGen: 6224446K(6857216K)->6224446K(6857216K)
[42.453s][info][gc,metaspace   ] GC(267) Metaspace: 6298K(6464K)->6298K(6464K) NonClass: 5764K(5824K)->5764K(5824K) Class: 533K(640K)->533K(640K)
[42.453s][info][gc             ] GC(267) Pause Young (Allocation Failure) 6396M->6396M(7097M) 153.949ms
[42.453s][info][gc,cpu         ] GC(267) User=0.77s Sys=0.00s Real=0.15s
[42.508s][info][gc,start       ] GC(268) Pause Young (Allocation Failure)
[42.681s][info][gc,heap        ] GC(268) PSYoungGen: 381568K(410112K)->253504K(451584K) Eden: 55808K(55808K)->0K(59392K) From: 325760K(354304K)->253504K(392192K)
[42.681s][info][gc,heap        ] GC(268) ParOldGen: 6224446K(6857216K)->6353574K(6857216K)
[42.681s][info][gc,metaspace   ] GC(268) Metaspace: 6298K(6464K)->6298K(6464K) NonClass: 5764K(5824K)->5764K(5824K) Class: 533K(640K)->533K(640K)
[42.681s][info][gc             ] GC(268) Pause Young (Allocation Failure) 6451M->6452M(7137M) 173.691ms
[42.681s][info][gc,cpu         ] GC(268) User=1.28s Sys=0.05s Real=0.17s
[42.742s][info][gc,start       ] GC(269) Pause Young (Allocation Failure)
[42.894s][info][gc,heap        ] GC(269) PSYoungGen: 312896K(451584K)->171392K(230912K) Eden: 59392K(59392K)->0K(59392K) From: 253504K(392192K)->171392K(171520K)
[42.894s][info][gc,heap        ] GC(269) ParOldGen: 6353574K(6857216K)->6496118K(6857216K)
[42.894s][info][gc,metaspace   ] GC(269) Metaspace: 6298K(6464K)->6298K(6464K) NonClass: 5764K(5824K)->5764K(5824K) Class: 533K(640K)->533K(640K)
[42.894s][info][gc             ] GC(269) Pause Young (Allocation Failure) 6510M->6511M(6922M) 151.455ms
[42.894s][info][gc,cpu         ] GC(269) User=0.59s Sys=0.03s Real=0.15s
[42.965s][info][gc,start       ] GC(270) Pause Young (Allocation Failure)
[43.095s][info][gc,heap        ] GC(270) PSYoungGen: 230784K(230912K)->119104K(435200K) Eden: 59392K(59392K)->0K(67584K) From: 171392K(171520K)->119104K(367616K)
[43.095s][info][gc,heap        ] GC(270) ParOldGen: 6496118K(6857216K)->6608710K(6857216K)
[43.095s][info][gc,metaspace   ] GC(270) Metaspace: 6298K(6464K)->6298K(6464K) NonClass: 5764K(5824K)->5764K(5824K) Class: 533K(640K)->533K(640K)
[43.095s][info][gc             ] GC(270) Pause Young (Allocation Failure) 6569M->6570M(7121M) 130.456ms
[43.095s][info][gc,cpu         ] GC(270) User=0.52s Sys=0.05s Real=0.13s
[43.167s][info][gc,start       ] GC(271) Pause Young (Allocation Failure)
[43.288s][info][gc,heap        ] GC(271) PSYoungGen: 186688K(435200K)->67776K(441344K) Eden: 67584K(67584K)->0K(67584K) From: 119104K(367616K)->67776K(373760K)
[43.288s][info][gc,heap        ] GC(271) ParOldGen: 6608710K(6857216K)->6728518K(6857216K)
[43.288s][info][gc,metaspace   ] GC(271) Metaspace: 6298K(6464K)->6298K(6464K) NonClass: 5764K(5824K)->5764K(5824K) Class: 533K(640K)->533K(640K)
[43.288s][info][gc             ] GC(271) Pause Young (Allocation Failure) 6636M->6637M(7127M) 120.971ms
[43.288s][info][gc,cpu         ] GC(271) User=0.42s Sys=0.06s Real=0.12s
[43.288s][info][gc,start       ] GC(272) Pause Full (Ergonomics)
[43.288s][info][gc,phases,start] GC(272) Marking Phase
[44.829s][info][gc,phases      ] GC(272) Marking Phase 1540.764ms
[44.829s][info][gc,phases,start] GC(272) Summary Phase
[44.829s][info][gc,phases      ] GC(272) Summary Phase 0.133ms
[44.829s][info][gc,phases,start] GC(272) Adjust Roots
[44.829s][info][gc,phases      ] GC(272) Adjust Roots 0.276ms
[44.829s][info][gc,phases,start] GC(272) Compaction Phase
[45.508s][info][gc,phases      ] GC(272) Compaction Phase 678.727ms
[45.508s][info][gc,phases,start] GC(272) Post Compact
[45.518s][info][gc,phases      ] GC(272) Post Compact 9.808ms
[45.520s][info][gc,heap        ] GC(272) PSYoungGen: 67776K(441344K)->0K(452096K) Eden: 0K(67584K)->0K(76800K) From: 67776K(373760K)->0K(375296K)
[45.520s][info][gc,heap        ] GC(272) ParOldGen: 6728518K(6857216K)->6791464K(7531520K)
[45.520s][info][gc,metaspace   ] GC(272) Metaspace: 6298K(6464K)->6298K(6464K) NonClass: 5764K(5824K)->5764K(5824K) Class: 533K(640K)->533K(640K)
[45.520s][info][gc             ] GC(272) Pause Full (Ergonomics) 6637M->6632M(7796M) 2232.124ms
[45.520s][info][gc,cpu         ] GC(272) User=15.89s Sys=0.05s Real=2.23s
[45.603s][info][gc,start       ] GC(273) Pause Young (Allocation Failure)
[45.693s][info][gc,heap        ] GC(273) PSYoungGen: 76800K(452096K)->76992K(452096K) Eden: 76800K(76800K)->0K(76800K) From: 0K(375296K)->76992K(375296K)
[45.694s][info][gc,heap        ] GC(273) ParOldGen: 6791464K(7531520K)->6791464K(7531520K)
[45.694s][info][gc,metaspace   ] GC(273) Metaspace: 6298K(6464K)->6298K(6464K) NonClass: 5764K(5824K)->5764K(5824K) Class: 533K(640K)->533K(640K)
[45.694s][info][gc             ] GC(273) Pause Young (Allocation Failure) 6707M->6707M(7796M) 90.547ms
[45.694s][info][gc,cpu         ] GC(273) User=0.19s Sys=0.00s Real=0.09s
[45.785s][info][gc,start       ] GC(274) Pause Young (Allocation Failure)
[45.894s][info][gc,heap        ] GC(274) PSYoungGen: 153792K(452096K)->77024K(445952K) Eden: 76800K(76800K)->0K(84992K) From: 76992K(375296K)->77024K(360960K)
[45.894s][info][gc,heap        ] GC(274) ParOldGen: 6791464K(7531520K)->6868952K(7531520K)
[45.894s][info][gc,metaspace   ] GC(274) Metaspace: 6298K(6464K)->6298K(6464K) NonClass: 5764K(5824K)->5764K(5824K) Class: 533K(640K)->533K(640K)
[45.894s][info][gc             ] GC(274) Pause Young (Allocation Failure) 6782M->6783M(7790M) 109.222ms
[45.894s][info][gc,cpu         ] GC(274) User=0.33s Sys=0.02s Real=0.11s
[45.979s][info][gc,start       ] GC(275) Pause Young (Allocation Failure)
[46.095s][info][gc,heap        ] GC(275) PSYoungGen: 162016K(445952K)->85280K(451072K) Eden: 84992K(84992K)->0K(84992K) From: 77024K(360960K)->85280K(366080K)
[46.095s][info][gc,heap        ] GC(275) ParOldGen: 6868952K(7531520K)->6946432K(7531520K)
[46.095s][info][gc,metaspace   ] GC(275) Metaspace: 6298K(6464K)->6298K(6464K) NonClass: 5764K(5824K)->5764K(5824K) Class: 533K(640K)->533K(640K)
[46.095s][info][gc             ] GC(275) Pause Young (Allocation Failure) 6866M->6866M(7795M) 116.426ms
[46.095s][info][gc,cpu         ] GC(275) User=0.47s Sys=0.02s Real=0.12s
[46.179s][info][gc,start       ] GC(276) Pause Young (Allocation Failure)
[46.290s][info][gc,heap        ] GC(276) PSYoungGen: 170272K(451072K)->85248K(432640K) Eden: 84992K(84992K)->0K(94720K) From: 85280K(366080K)->85248K(337920K)
[46.290s][info][gc,heap        ] GC(276) ParOldGen: 6946432K(7531520K)->7032192K(7531520K)
[46.290s][info][gc,metaspace   ] GC(276) Metaspace: 6298K(6464K)->6298K(6464K) NonClass: 5764K(5824K)->5764K(5824K) Class: 533K(640K)->533K(640K)
[46.290s][info][gc             ] GC(276) Pause Young (Allocation Failure) 6949M->6950M(7777M) 111.054ms
[46.290s][info][gc,cpu         ] GC(276) User=0.31s Sys=0.03s Real=0.11s
[46.390s][info][gc,start       ] GC(277) Pause Young (Allocation Failure)
[46.509s][info][gc,heap        ] GC(277) PSYoungGen: 179968K(432640K)->94976K(189952K) Eden: 94720K(94720K)->0K(94720K) From: 85248K(337920K)->94976K(95232K)
[46.509s][info][gc,heap        ] GC(277) ParOldGen: 7032192K(7531520K)->7117952K(7531520K)
[46.509s][info][gc,metaspace   ] GC(277) Metaspace: 6298K(6464K)->6298K(6464K) NonClass: 5764K(5824K)->5764K(5824K) Class: 533K(640K)->533K(640K)
[46.509s][info][gc             ] GC(277) Pause Young (Allocation Failure) 7043M->7043M(7540M) 118.696ms
[46.509s][info][gc,cpu         ] GC(277) User=0.41s Sys=0.06s Real=0.12s
[46.602s][info][gc,start       ] GC(278) Pause Young (Allocation Failure)
[46.727s][info][gc,heap        ] GC(278) PSYoungGen: 189696K(189952K)->95072K(415232K) Eden: 94720K(94720K)->0K(105472K) From: 94976K(95232K)->95072K(309760K)
[46.727s][info][gc,heap        ] GC(278) ParOldGen: 7117952K(7531520K)->7213544K(7531520K)
[46.727s][info][gc,metaspace   ] GC(278) Metaspace: 6298K(6464K)->6298K(6464K) NonClass: 5764K(5824K)->5764K(5824K) Class: 533K(640K)->533K(640K)
[46.727s][info][gc             ] GC(278) Pause Young (Allocation Failure) 7136M->7137M(7760M) 124.726ms
[46.727s][info][gc,cpu         ] GC(278) User=0.42s Sys=0.03s Real=0.12s
[46.841s][info][gc,start       ] GC(279) Pause Young (Allocation Failure)
[46.964s][info][gc,heap        ] GC(279) PSYoungGen: 200544K(415232K)->105824K(211456K) Eden: 105472K(105472K)->0K(105472K) From: 95072K(309760K)->105824K(105984K)
[46.965s][info][gc,heap        ] GC(279) ParOldGen: 7213544K(7531520K)->7309120K(7531520K)
[46.965s][info][gc,metaspace   ] GC(279) Metaspace: 6298K(6464K)->6298K(6464K) NonClass: 5764K(5824K)->5764K(5824K) Class: 533K(640K)->533K(640K)
[46.965s][info][gc             ] GC(279) Pause Young (Allocation Failure) 7240M->7241M(7561M) 123.589ms
[46.965s][info][gc,cpu         ] GC(279) User=0.52s Sys=0.06s Real=0.12s
[47.073s][info][gc,start       ] GC(280) Pause Young (Allocation Failure)
[47.199s][info][gc,heap        ] GC(280) PSYoungGen: 211296K(211456K)->105760K(397824K) Eden: 105472K(105472K)->0K(117248K) From: 105824K(105984K)->105760K(280576K)
[47.199s][info][gc,heap        ] GC(280) ParOldGen: 7309120K(7531520K)->7415552K(7531520K)
[47.199s][info][gc,metaspace   ] GC(280) Metaspace: 6298K(6464K)->6298K(6464K) NonClass: 5764K(5824K)->5764K(5824K) Class: 533K(640K)->533K(640K)
[47.199s][info][gc             ] GC(280) Pause Young (Allocation Failure) 7344M->7345M(7743M) 126.366ms
[47.199s][info][gc,cpu         ] GC(280) User=0.53s Sys=0.05s Real=0.12s
[47.200s][info][gc,start       ] GC(281) Pause Full (Ergonomics)
[47.200s][info][gc,phases,start] GC(281) Marking Phase
[48.910s][info][gc,phases      ] GC(281) Marking Phase 1710.744ms
[48.910s][info][gc,phases,start] GC(281) Summary Phase
[48.910s][info][gc,phases      ] GC(281) Summary Phase 0.134ms
[48.911s][info][gc,phases,start] GC(281) Adjust Roots
[48.911s][info][gc,phases      ] GC(281) Adjust Roots 0.195ms
[48.911s][info][gc,phases,start] GC(281) Compaction Phase
[49.600s][info][gc,phases      ] GC(281) Compaction Phase 689.184ms
[49.600s][info][gc,phases,start] GC(281) Post Compact
[49.613s][info][gc,phases      ] GC(281) Post Compact 12.717ms
[49.615s][info][gc,heap        ] GC(281) PSYoungGen: 105760K(397824K)->0K(411648K) Eden: 0K(117248K)->0K(117248K) From: 105760K(280576K)->0K(294400K)
[49.615s][info][gc,heap        ] GC(281) ParOldGen: 7415552K(7531520K)->7515162K(8302080K)
[49.615s][info][gc,metaspace   ] GC(281) Metaspace: 6298K(6464K)->6298K(6464K) NonClass: 5764K(5824K)->5764K(5824K) Class: 533K(640K)->533K(640K)
[49.615s][info][gc             ] GC(281) Pause Full (Ergonomics) 7345M->7339M(8509M) 2415.845ms
[49.615s][info][gc,cpu         ] GC(281) User=17.61s Sys=0.08s Real=2.42s
[49.741s][info][gc,start       ] GC(282) Pause Young (Allocation Failure)
[49.842s][info][gc,heap        ] GC(282) PSYoungGen: 117248K(411648K)->117600K(389632K) Eden: 117248K(117248K)->0K(127488K) From: 0K(294400K)->117600K(262144K)
[49.842s][info][gc,heap        ] GC(282) ParOldGen: 7515162K(8302080K)->7515162K(8302080K)
[49.842s][info][gc,metaspace   ] GC(282) Metaspace: 6298K(6464K)->6298K(6464K) NonClass: 5764K(5824K)->5764K(5824K) Class: 533K(640K)->533K(640K)
[49.842s][info][gc             ] GC(282) Pause Young (Allocation Failure) 7453M->7453M(8488M) 101.161ms
[49.842s][info][gc,cpu         ] GC(282) User=0.31s Sys=0.00s Real=0.10s
[49.982s][info][gc,start       ] GC(283) Pause Young (Allocation Failure)
[50.118s][info][gc,heap        ] GC(283) PSYoungGen: 245088K(389632K)->245312K(407040K) Eden: 127488K(127488K)->0K(127488K) From: 117600K(262144K)->245312K(279552K)
[50.118s][info][gc,heap        ] GC(283) ParOldGen: 7515162K(8302080K)->7515162K(8302080K)
[50.118s][info][gc,metaspace   ] GC(283) Metaspace: 6298K(6464K)->6298K(6464K) NonClass: 5764K(5824K)->5764K(5824K) Class: 533K(640K)->533K(640K)
[50.118s][info][gc             ] GC(283) Pause Young (Allocation Failure) 7578M->7578M(8505M) 136.409ms
[50.118s][info][gc,cpu         ] GC(283) User=0.61s Sys=0.00s Real=0.14s
[50.267s][info][gc,start       ] GC(284) Pause Young (Allocation Failure)
[50.447s][info][gc,heap        ] GC(284) PSYoungGen: 372800K(407040K)->308224K(376832K) Eden: 127488K(127488K)->0K(68608K) From: 245312K(279552K)->308224K(308224K)
[50.447s][info][gc,heap        ] GC(284) ParOldGen: 7515162K(8302080K)->7580330K(8302080K)
[50.447s][info][gc,metaspace   ] GC(284) Metaspace: 6298K(6464K)->6298K(6464K) NonClass: 5764K(5824K)->5764K(5824K) Class: 533K(640K)->533K(640K)
[50.447s][info][gc             ] GC(284) Pause Young (Allocation Failure) 7703M->7703M(8475M) 179.951ms
[50.447s][info][gc,cpu         ] GC(284) User=1.17s Sys=0.11s Real=0.18s
[50.516s][info][gc,start       ] GC(285) Pause Young (Allocation Failure)
[50.730s][info][gc,heap        ] GC(285) PSYoungGen: 376832K(376832K)->180000K(248832K) Eden: 68608K(68608K)->0K(68608K) From: 308224K(308224K)->180000K(180224K)
[50.730s][info][gc,heap        ] GC(285) ParOldGen: 7580330K(8302080K)->7778794K(8302080K)
[50.730s][info][gc,metaspace   ] GC(285) Metaspace: 6298K(6464K)->6298K(6464K) NonClass: 5764K(5824K)->5764K(5824K) Class: 533K(640K)->533K(640K)
[50.730s][info][gc             ] GC(285) Pause Young (Allocation Failure) 7770M->7772M(8350M) 214.340ms
[50.730s][info][gc,cpu         ] GC(285) User=1.30s Sys=0.11s Real=0.21s
[50.803s][info][gc,start       ] GC(286) Pause Young (Allocation Failure)
[50.944s][info][gc,heap        ] GC(286) PSYoungGen: 248608K(248832K)->137600K(409600K) Eden: 68608K(68608K)->0K(76800K) From: 180000K(180224K)->137600K(332800K)
[50.944s][info][gc,heap        ] GC(286) ParOldGen: 7778794K(8302080K)->7890754K(8302080K)
[50.944s][info][gc,metaspace   ] GC(286) Metaspace: 6298K(6464K)->6298K(6464K) NonClass: 5764K(5824K)->5764K(5824K) Class: 533K(640K)->533K(640K)
[50.944s][info][gc             ] GC(286) Pause Young (Allocation Failure) 7839M->7840M(8507M) 140.590ms
[50.944s][info][gc,cpu         ] GC(286) User=0.78s Sys=0.03s Real=0.14s
[51.027s][info][gc,start       ] GC(287) Pause Young (Allocation Failure)
[51.155s][info][gc,heap        ] GC(287) PSYoungGen: 214400K(409600K)->145856K(222720K) Eden: 76800K(76800K)->0K(76800K) From: 137600K(332800K)->145856K(145920K)
[51.155s][info][gc,heap        ] GC(287) ParOldGen: 7890754K(8302080K)->7960002K(8302080K)
[51.155s][info][gc,metaspace   ] GC(287) Metaspace: 6298K(6464K)->6298K(6464K) NonClass: 5764K(5824K)->5764K(5824K) Class: 533K(640K)->533K(640K)
[51.155s][info][gc             ] GC(287) Pause Young (Allocation Failure) 7915M->7915M(8325M) 128.085ms
[51.155s][info][gc,cpu         ] GC(287) User=0.50s Sys=0.00s Real=0.13s
[51.234s][info][gc,start       ] GC(288) Pause Young (Allocation Failure)
[51.364s][info][gc,heap        ] GC(288) PSYoungGen: 222656K(222720K)->153984K(385024K) Eden: 76800K(76800K)->0K(86016K) From: 145856K(145920K)->153984K(299008K)
[51.364s][info][gc,heap        ] GC(288) ParOldGen: 7960002K(8302080K)->8029234K(8302080K)
[51.364s][info][gc,metaspace   ] GC(288) Metaspace: 6298K(6464K)->6298K(6464K) NonClass: 5764K(5824K)->5764K(5824K) Class: 533K(640K)->533K(640K)
[51.364s][info][gc             ] GC(288) Pause Young (Allocation Failure) 7990M->7991M(8483M) 130.344ms
[51.364s][info][gc,cpu         ] GC(288) User=0.50s Sys=0.00s Real=0.13s
[51.454s][info][gc,start       ] GC(289) Pause Young (Allocation Failure)
[51.591s][info][gc,heap        ] GC(289) PSYoungGen: 240000K(385024K)->163200K(249344K) Eden: 86016K(86016K)->0K(86016K) From: 153984K(299008K)->163200K(163328K)
[51.591s][info][gc,heap        ] GC(289) ParOldGen: 8029234K(8302080K)->8106730K(8302080K)
[51.591s][info][gc,metaspace   ] GC(289) Metaspace: 6298K(6464K)->6298K(6464K) NonClass: 5764K(5824K)->5764K(5824K) Class: 533K(640K)->533K(640K)
[51.591s][info][gc             ] GC(289) Pause Young (Allocation Failure) 8075M->8076M(8351M) 136.876ms
[51.591s][info][gc,cpu         ] GC(289) User=0.62s Sys=0.06s Real=0.14s
[51.702s][info][gc,start       ] GC(290) Pause Young (Allocation Failure)
[51.845s][info][gc,heap        ] GC(290) PSYoungGen: 249216K(249344K)->172448K(377856K) Eden: 86016K(86016K)->0K(96256K) From: 163200K(163328K)->172448K(281600K)
[51.845s][info][gc,heap        ] GC(290) ParOldGen: 8106730K(8302080K)->8184226K(8302080K)
[51.845s][info][gc,metaspace   ] GC(290) Metaspace: 6298K(6464K)->6298K(6464K) NonClass: 5764K(5824K)->5764K(5824K) Class: 533K(640K)->533K(640K)
[51.845s][info][gc             ] GC(290) Pause Young (Allocation Failure) 8160M->8160M(8476M) 142.764ms
[51.845s][info][gc,cpu         ] GC(290) User=0.77s Sys=0.05s Real=0.14s
[51.845s][info][gc,start       ] GC(291) Pause Full (Ergonomics)
[51.845s][info][gc,phases,start] GC(291) Marking Phase
[53.743s][info][gc,phases      ] GC(291) Marking Phase 1898.498ms
[53.743s][info][gc,phases,start] GC(291) Summary Phase
[53.744s][info][gc,phases      ] GC(291) Summary Phase 0.089ms
[53.744s][info][gc,phases,start] GC(291) Adjust Roots
[53.744s][info][gc,phases      ] GC(291) Adjust Roots 0.188ms
[53.744s][info][gc,phases,start] GC(291) Compaction Phase
[54.567s][info][gc,phases      ] GC(291) Compaction Phase 823.605ms
[54.567s][info][gc,phases,start] GC(291) Post Compact
[54.581s][info][gc,phases      ] GC(291) Post Compact 13.139ms
[54.583s][info][gc,heap        ] GC(291) PSYoungGen: 172448K(377856K)->48311K(388096K) Eden: 0K(96256K)->0K(106496K) From: 172448K(281600K)->48311K(281600K)
[54.583s][info][gc,heap        ] GC(291) ParOldGen: 8184226K(8302080K)->8301642K(9144320K)
[54.583s][info][gc,metaspace   ] GC(291) Metaspace: 6298K(6464K)->6298K(6464K) NonClass: 5764K(5824K)->5764K(5824K) Class: 533K(640K)->533K(640K)
[54.583s][info][gc             ] GC(291) Pause Full (Ergonomics) 8160M->8154M(9309M) 2738.552ms
[54.583s][info][gc,cpu         ] GC(291) User=19.78s Sys=0.06s Real=2.74s
[54.687s][info][gc,start       ] GC(292) Pause Young (Allocation Failure)
[55.139s][info][gc,heap        ] GC(292) PSYoungGen: 154807K(388096K)->134400K(398336K) Eden: 106496K(106496K)->0K(106496K) From: 48311K(281600K)->134400K(291840K)
[55.139s][info][gc,heap        ] GC(292) ParOldGen: 8301642K(9144320K)->8322698K(9144320K)
[55.139s][info][gc,metaspace   ] GC(292) Metaspace: 6298K(6464K)->6298K(6464K) NonClass: 5764K(5824K)->5764K(5824K) Class: 533K(640K)->533K(640K)
[55.139s][info][gc             ] GC(292) Pause Young (Allocation Failure) 8258M->8258M(9319M) 452.016ms
[55.139s][info][gc,cpu         ] GC(292) User=3.05s Sys=0.00s Real=0.45s
[55.256s][info][gc,start       ] GC(293) Pause Young (Allocation Failure)
[55.400s][info][gc,heap        ] GC(293) PSYoungGen: 240896K(398336K)->241120K(382464K) Eden: 106496K(106496K)->0K(98816K) From: 134400K(291840K)->241120K(283648K)
[55.400s][info][gc,heap        ] GC(293) ParOldGen: 8322698K(9144320K)->8322698K(9144320K)
[55.400s][info][gc,metaspace   ] GC(293) Metaspace: 6298K(6464K)->6298K(6464K) NonClass: 5764K(5824K)->5764K(5824K) Class: 533K(640K)->533K(640K)
[55.400s][info][gc             ] GC(293) Pause Young (Allocation Failure) 8362M->8363M(9303M) 143.443ms
[55.400s][info][gc,cpu         ] GC(293) User=0.62s Sys=0.00s Real=0.14s
[55.495s][info][gc,start       ] GC(294) Pause Young (Allocation Failure)
[55.673s][info][gc,heap        ] GC(294) PSYoungGen: 339936K(382464K)->301568K(400384K) Eden: 98816K(98816K)->0K(98816K) From: 241120K(283648K)->301568K(301568K)
[55.673s][info][gc,heap        ] GC(294) ParOldGen: 8322698K(9144320K)->8361370K(9144320K)
[55.673s][info][gc,metaspace   ] GC(294) Metaspace: 6298K(6464K)->6298K(6464K) NonClass: 5764K(5824K)->5764K(5824K) Class: 533K(640K)->533K(640K)
[55.673s][info][gc             ] GC(294) Pause Young (Allocation Failure) 8459M->8459M(9321M) 178.291ms
[55.673s][info][gc,cpu         ] GC(294) User=1.19s Sys=0.03s Real=0.18s
[55.779s][info][gc,start       ] GC(295) Pause Young (Allocation Failure)
[55.995s][info][gc,heap        ] GC(295) PSYoungGen: 400384K(400384K)->284832K(441344K) Eden: 98816K(98816K)->0K(89088K) From: 301568K(301568K)->284832K(352256K)
[55.995s][info][gc,heap        ] GC(295) ParOldGen: 8361370K(9144320K)->8478074K(9144320K)
[55.995s][info][gc,metaspace   ] GC(295) Metaspace: 6298K(6464K)->6298K(6464K) NonClass: 5764K(5824K)->5764K(5824K) Class: 533K(640K)->533K(640K)
[55.995s][info][gc             ] GC(295) Pause Young (Allocation Failure) 8556M->8557M(9361M) 216.285ms
[55.995s][info][gc,cpu         ] GC(295) User=1.41s Sys=0.14s Real=0.22s
[56.093s][info][gc,start       ] GC(296) Pause Young (Allocation Failure)
[56.300s][info][gc,heap        ] GC(296) PSYoungGen: 373920K(441344K)->278176K(461824K) Eden: 89088K(89088K)->0K(89088K) From: 284832K(352256K)->278176K(372736K)
[56.300s][info][gc,heap        ] GC(296) ParOldGen: 8478074K(9144320K)->8574714K(9144320K)
[56.300s][info][gc,metaspace   ] GC(296) Metaspace: 6298K(6464K)->6298K(6464K) NonClass: 5764K(5824K)->5764K(5824K) Class: 533K(640K)->533K(640K)
[56.300s][info][gc             ] GC(296) Pause Young (Allocation Failure) 8644M->8645M(9381M) 206.968ms
[56.300s][info][gc,cpu         ] GC(296) User=1.31s Sys=0.05s Real=0.21s
[56.397s][info][gc,start       ] GC(297) Pause Young (Allocation Failure)
[56.598s][info][gc,heap        ] GC(297) PSYoungGen: 367264K(461824K)->277600K(476160K) Eden: 89088K(89088K)->0K(90112K) From: 278176K(372736K)->277600K(386048K)
[56.598s][info][gc,heap        ] GC(297) ParOldGen: 8574714K(9144320K)->8665146K(9144320K)
[56.598s][info][gc,metaspace   ] GC(297) Metaspace: 6298K(6464K)->6298K(6464K) NonClass: 5764K(5824K)->5764K(5824K) Class: 533K(640K)->533K(640K)
[56.598s][info][gc             ] GC(297) Pause Young (Allocation Failure) 8732M->8733M(9395M) 201.600ms
[56.598s][info][gc,cpu         ] GC(297) User=1.41s Sys=0.06s Real=0.20s
[56.699s][info][gc,start       ] GC(298) Pause Young (Allocation Failure)
[56.921s][info][gc,heap        ] GC(298) PSYoungGen: 367712K(476160K)->179616K(269824K) Eden: 90112K(90112K)->0K(90112K) From: 277600K(386048K)->179616K(179712K)
[56.921s][info][gc,heap        ] GC(298) ParOldGen: 8665146K(9144320K)->8854722K(9144320K)
[56.921s][info][gc,metaspace   ] GC(298) Metaspace: 6298K(6464K)->6298K(6464K) NonClass: 5764K(5824K)->5764K(5824K) Class: 533K(640K)->533K(640K)
[56.921s][info][gc             ] GC(298) Pause Young (Allocation Failure) 8821M->8822M(9193M) 222.050ms
[56.921s][info][gc,cpu         ] GC(298) User=1.48s Sys=0.03s Real=0.22s
[57.016s][info][gc,start       ] GC(299) Pause Young (Allocation Failure)
[57.182s][info][gc,heap        ] GC(299) PSYoungGen: 269728K(269824K)->90432K(482304K) Eden: 90112K(90112K)->0K(99840K) From: 179616K(179712K)->90432K(382464K)
[57.182s][info][gc,heap        ] GC(299) ParOldGen: 8854722K(9144320K)->9035546K(9144320K)
[57.182s][info][gc,metaspace   ] GC(299) Metaspace: 6298K(6464K)->6298K(6464K) NonClass: 5764K(5824K)->5764K(5824K) Class: 533K(640K)->533K(640K)
[57.182s][info][gc             ] GC(299) Pause Young (Allocation Failure) 8910M->8912M(9401M) 165.608ms
[57.182s][info][gc,cpu         ] GC(299) User=1.03s Sys=0.11s Real=0.17s
[57.182s][info][gc,start       ] GC(300) Pause Full (Ergonomics)
[57.182s][info][gc,phases,start] GC(300) Marking Phase
[59.299s][info][gc,phases      ] GC(300) Marking Phase 2116.590ms
[59.299s][info][gc,phases,start] GC(300) Summary Phase
[59.299s][info][gc,phases      ] GC(300) Summary Phase 0.140ms
[59.299s][info][gc,phases,start] GC(300) Adjust Roots
[59.299s][info][gc,phases      ] GC(300) Adjust Roots 0.190ms
[59.299s][info][gc,phases,start] GC(300) Compaction Phase
[60.117s][info][gc,phases      ] GC(300) Compaction Phase 817.667ms
[60.117s][info][gc,phases,start] GC(300) Post Compact
[60.131s][info][gc,phases      ] GC(300) Post Compact 13.886ms
[60.134s][info][gc,heap        ] GC(300) PSYoungGen: 90432K(482304K)->0K(484352K) Eden: 0K(99840K)->0K(99840K) From: 90432K(382464K)->0K(384512K)
[60.134s][info][gc,heap        ] GC(300) ParOldGen: 9035546K(9144320K)->9118723K(10100736K)
[60.134s][info][gc,metaspace   ] GC(300) Metaspace: 6298K(6464K)->6298K(6464K) NonClass: 5764K(5824K)->5764K(5824K) Class: 533K(640K)->533K(640K)
[60.134s][info][gc             ] GC(300) Pause Full (Ergonomics) 8912M->8905M(10337M) 2951.727ms
[60.134s][info][gc,cpu         ] GC(300) User=22.03s Sys=0.06s Real=2.95s
[60.257s][info][gc,start       ] GC(301) Pause Young (Allocation Failure)
[60.351s][info][gc,heap        ] GC(301) PSYoungGen: 99840K(484352K)->100160K(485888K) Eden: 99840K(99840K)->0K(109568K) From: 0K(384512K)->100160K(376320K)
[60.351s][info][gc,heap        ] GC(301) ParOldGen: 9118723K(10100736K)->9118723K(10100736K)
[60.351s][info][gc,metaspace   ] GC(301) Metaspace: 6298K(6464K)->6298K(6464K) NonClass: 5764K(5824K)->5764K(5824K) Class: 533K(640K)->533K(640K)
[60.351s][info][gc             ] GC(301) Pause Young (Allocation Failure) 9002M->9002M(10338M) 94.451ms
[60.351s][info][gc,cpu         ] GC(301) User=0.31s Sys=0.00s Real=0.09s
[60.473s][info][gc,start       ] GC(302) Pause Young (Allocation Failure)
[60.605s][info][gc,heap        ] GC(302) PSYoungGen: 209728K(485888K)->209888K(491520K) Eden: 109568K(109568K)->0K(109568K) From: 100160K(376320K)->209888K(381952K)
[60.605s][info][gc,heap        ] GC(302) ParOldGen: 9118723K(10100736K)->9118723K(10100736K)
[60.605s][info][gc,metaspace   ] GC(302) Metaspace: 6298K(6464K)->6298K(6464K) NonClass: 5764K(5824K)->5764K(5824K) Class: 533K(640K)->533K(640K)
[60.605s][info][gc             ] GC(302) Pause Young (Allocation Failure) 9109M->9109M(10344M) 132.609ms
[60.605s][info][gc,cpu         ] GC(302) User=0.58s Sys=0.00s Real=0.13s
[60.729s][info][gc,start       ] GC(303) Pause Young (Allocation Failure)
[60.903s][info][gc,heap        ] GC(303) PSYoungGen: 319456K(491520K)->319648K(461824K) Eden: 109568K(109568K)->0K(90624K) From: 209888K(381952K)->319648K(371200K)
[60.904s][info][gc,heap        ] GC(303) ParOldGen: 9118723K(10100736K)->9118723K(10100736K)
[60.904s][info][gc,metaspace   ] GC(303) Metaspace: 6298K(6464K)->6298K(6464K) NonClass: 5764K(5824K)->5764K(5824K) Class: 533K(640K)->533K(640K)
[60.904s][info][gc             ] GC(303) Pause Young (Allocation Failure) 9216M->9217M(10315M) 174.653ms
[60.904s][info][gc,cpu         ] GC(303) User=1.09s Sys=0.00s Real=0.17s
[60.998s][info][gc,start       ] GC(304) Pause Young (Allocation Failure)
[61.213s][info][gc,heap        ] GC(304) PSYoungGen: 410272K(461824K)->310496K(492032K) Eden: 90624K(90624K)->0K(90624K) From: 319648K(371200K)->310496K(401408K)
[61.213s][info][gc,heap        ] GC(304) ParOldGen: 9118723K(10100736K)->9219459K(10100736K)
[61.213s][info][gc,metaspace   ] GC(304) Metaspace: 6298K(6464K)->6298K(6464K) NonClass: 5764K(5824K)->5764K(5824K) Class: 533K(640K)->533K(640K)
[61.214s][info][gc             ] GC(304) Pause Young (Allocation Failure) 9305M->9306M(10344M) 215.432ms
[61.214s][info][gc,cpu         ] GC(304) User=1.45s Sys=0.06s Real=0.22s
[61.312s][info][gc,start       ] GC(305) Pause Young (Allocation Failure)
[61.523s][info][gc,heap        ] GC(305) PSYoungGen: 401120K(492032K)->291488K(515072K) Eden: 90624K(90624K)->0K(93184K) From: 310496K(401408K)->291488K(421888K)
[61.523s][info][gc,heap        ] GC(305) ParOldGen: 9219459K(10100736K)->9330027K(10100736K)
[61.523s][info][gc,metaspace   ] GC(305) Metaspace: 6298K(6464K)->6298K(6464K) NonClass: 5764K(5824K)->5764K(5824K) Class: 533K(640K)->533K(640K)
[61.523s][info][gc             ] GC(305) Pause Young (Allocation Failure) 9395M->9396M(10367M) 211.329ms
[61.523s][info][gc,cpu         ] GC(305) User=1.36s Sys=0.17s Real=0.21s
[61.629s][info][gc,start       ] GC(306) Pause Young (Allocation Failure)
[61.840s][info][gc,heap        ] GC(306) PSYoungGen: 384672K(515072K)->275072K(523264K) Eden: 93184K(93184K)->0K(93184K) From: 291488K(421888K)->275072K(430080K)
[61.840s][info][gc,heap        ] GC(306) ParOldGen: 9330027K(10100736K)->9440579K(10100736K)
[61.840s][info][gc,metaspace   ] GC(306) Metaspace: 6298K(6464K)->6298K(6464K) NonClass: 5764K(5824K)->5764K(5824K) Class: 533K(640K)->533K(640K)
[61.840s][info][gc             ] GC(306) Pause Young (Allocation Failure) 9487M->9487M(10375M) 211.647ms
[61.840s][info][gc,cpu         ] GC(306) User=1.17s Sys=0.03s Real=0.21s
[61.930s][info][gc,start       ] GC(307) Pause Young (Allocation Failure)
[62.132s][info][gc,heap        ] GC(307) PSYoungGen: 368256K(523264K)->186880K(507904K) Eden: 93184K(93184K)->0K(105472K) From: 275072K(430080K)->186880K(402432K)
[62.132s][info][gc,heap        ] GC(307) ParOldGen: 9440579K(10100736K)->9623435K(10100736K)
[62.132s][info][gc,metaspace   ] GC(307) Metaspace: 6298K(6464K)->6298K(6464K) NonClass: 5764K(5824K)->5764K(5824K) Class: 533K(640K)->533K(640K)
[62.132s][info][gc             ] GC(307) Pause Young (Allocation Failure) 9578M->9580M(10360M) 201.828ms
[62.132s][info][gc,cpu         ] GC(307) User=1.33s Sys=0.19s Real=0.20s
[62.247s][info][gc,start       ] GC(308) Pause Young (Allocation Failure)
[62.417s][info][gc,heap        ] GC(308) PSYoungGen: 292352K(507904K)->105792K(521216K) Eden: 105472K(105472K)->0K(105472K) From: 186880K(402432K)->105792K(415744K)
[62.417s][info][gc,heap        ] GC(308) ParOldGen: 9623435K(10100736K)->9811459K(10100736K)
[62.417s][info][gc,metaspace   ] GC(308) Metaspace: 6298K(6464K)->6298K(6464K) NonClass: 5764K(5824K)->5764K(5824K) Class: 533K(640K)->533K(640K)
[62.417s][info][gc             ] GC(308) Pause Young (Allocation Failure) 9683M->9684M(10373M) 170.234ms
[62.417s][info][gc,cpu         ] GC(308) User=1.03s Sys=0.11s Real=0.17s
[62.531s][info][gc,start       ] GC(309) Pause Young (Allocation Failure)
[62.663s][info][gc,heap        ] GC(309) PSYoungGen: 211264K(521216K)->105792K(528384K) Eden: 105472K(105472K)->0K(118784K) From: 105792K(415744K)->105792K(409600K)
[62.663s][info][gc,heap        ] GC(309) ParOldGen: 9811459K(10100736K)->9917883K(10100736K)
[62.663s][info][gc,metaspace   ] GC(309) Metaspace: 6298K(6464K)->6298K(6464K) NonClass: 5764K(5824K)->5764K(5824K) Class: 533K(640K)->533K(640K)
[62.663s][info][gc             ] GC(309) Pause Young (Allocation Failure) 9787M->9788M(10380M) 131.437ms
[62.663s][info][gc,cpu         ] GC(309) User=0.69s Sys=0.03s Real=0.13s
[62.663s][info][gc,start       ] GC(310) Pause Full (Ergonomics)
[62.663s][info][gc,phases,start] GC(310) Marking Phase
[65.066s][info][gc,phases      ] GC(310) Marking Phase 2402.639ms
[65.066s][info][gc,phases,start] GC(310) Summary Phase
[65.066s][info][gc,phases      ] GC(310) Summary Phase 0.150ms
[65.066s][info][gc,phases,start] GC(310) Adjust Roots
[65.066s][info][gc,phases      ] GC(310) Adjust Roots 0.198ms
[65.066s][info][gc,phases,start] GC(310) Compaction Phase
[65.985s][info][gc,phases      ] GC(310) Compaction Phase 918.876ms
[65.985s][info][gc,phases,start] GC(310) Post Compact
[66.000s][info][gc,phases      ] GC(310) Post Compact 15.245ms
[66.001s][info][gc,heap        ] GC(310) PSYoungGen: 105792K(528384K)->0K(531968K) Eden: 0K(118784K)->0K(118784K) From: 105792K(409600K)->0K(413184K)
[66.001s][info][gc,heap        ] GC(310) ParOldGen: 9917883K(10100736K)->10015972K(10308608K)
[66.001s][info][gc,metaspace   ] GC(310) Metaspace: 6298K(6464K)->6298K(6464K) NonClass: 5764K(5824K)->5764K(5824K) Class: 533K(640K)->533K(640K)
[66.001s][info][gc             ] GC(310) Pause Full (Ergonomics) 9788M->9781M(10586M) 3338.133ms
[66.001s][info][gc,cpu         ] GC(310) User=24.48s Sys=0.08s Real=3.34s
[66.138s][info][gc,start       ] GC(311) Pause Young (Allocation Failure)
[66.243s][info][gc,heap        ] GC(311) PSYoungGen: 118784K(531968K)->119136K(524288K) Eden: 118784K(118784K)->0K(130048K) From: 0K(413184K)->119136K(394240K)
[66.243s][info][gc,heap        ] GC(311) ParOldGen: 10015972K(10308608K)->10015972K(10308608K)
[66.243s][info][gc,metaspace   ] GC(311) Metaspace: 6298K(6464K)->6298K(6464K) NonClass: 5764K(5824K)->5764K(5824K) Class: 533K(640K)->533K(640K)
[66.243s][info][gc             ] GC(311) Pause Young (Allocation Failure) 9897M->9897M(10579M) 105.345ms
[66.243s][info][gc,cpu         ] GC(311) User=0.41s Sys=0.00s Real=0.11s
[66.383s][info][gc,start       ] GC(312) Pause Young (Allocation Failure)
[66.532s][info][gc,heap        ] GC(312) PSYoungGen: 249184K(524288K)->249472K(535552K) Eden: 130048K(130048K)->0K(130048K) From: 119136K(394240K)->249472K(405504K)
[66.532s][info][gc,heap        ] GC(312) ParOldGen: 10015972K(10308608K)->10015972K(10308608K)
[66.532s][info][gc,metaspace   ] GC(312) Metaspace: 6298K(6464K)->6298K(6464K) NonClass: 5764K(5824K)->5764K(5824K) Class: 533K(640K)->533K(640K)
[66.532s][info][gc             ] GC(312) Pause Young (Allocation Failure) 10024M->10024M(10590M) 148.957ms
[66.532s][info][gc,cpu         ] GC(312) User=0.83s Sys=0.00s Real=0.15s
[66.688s][info][gc,start       ] GC(313) Pause Young (Allocation Failure)
[66.903s][info][gc,heap        ] GC(313) PSYoungGen: 379520K(535552K)->379680K(501760K) Eden: 130048K(130048K)->0K(96256K) From: 249472K(405504K)->379680K(405504K)
[66.903s][info][gc,heap        ] GC(313) ParOldGen: 10015972K(10308608K)->10015972K(10308608K)
[66.903s][info][gc,metaspace   ] GC(313) Metaspace: 6298K(6464K)->6298K(6464K) NonClass: 5764K(5824K)->5764K(5824K) Class: 533K(640K)->533K(640K)
[66.903s][info][gc             ] GC(313) Pause Young (Allocation Failure) 10151M->10152M(10557M) 215.029ms
[66.903s][info][gc,cpu         ] GC(313) User=1.44s Sys=0.05s Real=0.21s
[67.002s][info][gc,start       ] GC(314) Pause Young (Allocation Failure)
[67.259s][info][gc,heap        ] GC(314) PSYoungGen: 475936K(501760K)->452096K(548352K) Eden: 96256K(96256K)->0K(96256K) From: 379680K(405504K)->452096K(452096K)
[67.259s][info][gc,heap        ] GC(314) ParOldGen: 10015972K(10308608K)->10040132K(10308608K)
[67.259s][info][gc,metaspace   ] GC(314) Metaspace: 6298K(6464K)->6298K(6464K) NonClass: 5764K(5824K)->5764K(5824K) Class: 533K(640K)->533K(640K)
[67.259s][info][gc             ] GC(314) Pause Young (Allocation Failure) 10246M->10246M(10602M) 257.178ms
[67.259s][info][gc,cpu         ] GC(314) User=1.80s Sys=0.00s Real=0.26s
[67.375s][info][gc,start       ] GC(315) Pause Young (Allocation Failure)
[67.694s][info][gc,heap        ] GC(315) PSYoungGen: 548352K(548352K)->312480K(628736K) Eden: 96256K(96256K)->0K(108032K) From: 452096K(452096K)->312480K(520704K)
[67.694s][info][gc,heap        ] GC(315) ParOldGen: 10040132K(10308608K)->10277964K(10308608K)
[67.694s][info][gc,metaspace   ] GC(315) Metaspace: 6298K(6464K)->6298K(6464K) NonClass: 5764K(5824K)->5764K(5824K) Class: 533K(640K)->533K(640K)
[67.694s][info][gc             ] GC(315) Pause Young (Allocation Failure) 10340M->10342M(10681M) 318.980ms
[67.694s][info][gc,cpu         ] GC(315) User=2.03s Sys=0.17s Real=0.32s
[67.694s][info][gc,start       ] GC(316) Pause Full (Ergonomics)
[67.694s][info][gc,phases,start] GC(316) Marking Phase
[70.197s][info][gc,phases      ] GC(316) Marking Phase 2502.822ms
[70.197s][info][gc,phases,start] GC(316) Summary Phase
[70.197s][info][gc,phases      ] GC(316) Summary Phase 0.101ms
[70.197s][info][gc,phases,start] GC(316) Adjust Roots
[70.197s][info][gc,phases      ] GC(316) Adjust Roots 0.185ms
[70.197s][info][gc,phases,start] GC(316) Compaction Phase
[71.059s][info][gc,phases      ] GC(316) Compaction Phase 861.659ms
[71.059s][info][gc,phases,start] GC(316) Post Compact
[71.075s][info][gc,phases      ] GC(316) Post Compact 16.308ms
[71.076s][info][gc,heap        ] GC(316) PSYoungGen: 312480K(628736K)->278948K(630784K) Eden: 0K(108032K)->0K(110080K) From: 312480K(520704K)->278948K(520704K)
[71.076s][info][gc,heap        ] GC(316) ParOldGen: 10277964K(10308608K)->10308263K(10308608K)
[71.076s][info][gc,metaspace   ] GC(316) Metaspace: 6298K(6464K)->6298K(6464K) NonClass: 5764K(5824K)->5764K(5824K) Class: 533K(640K)->533K(640K)
[71.076s][info][gc             ] GC(316) Pause Full (Ergonomics) 10342M->10339M(10683M) 3381.465ms
[71.076s][info][gc,cpu         ] GC(316) User=25.53s Sys=0.05s Real=3.38s
[71.193s][info][gc,start       ] GC(317) Pause Full (Ergonomics)
[71.193s][info][gc,phases,start] GC(317) Marking Phase
[73.644s][info][gc,phases      ] GC(317) Marking Phase 2451.154ms
[73.644s][info][gc,phases,start] GC(317) Summary Phase
[73.644s][info][gc,phases      ] GC(317) Summary Phase 0.116ms
[73.644s][info][gc,phases,start] GC(317) Adjust Roots
[73.644s][info][gc,phases      ] GC(317) Adjust Roots 0.195ms
[73.644s][info][gc,phases,start] GC(317) Compaction Phase
[74.340s][info][gc,phases      ] GC(317) Compaction Phase 696.081ms
[74.340s][info][gc,phases,start] GC(317) Post Compact
[74.355s][info][gc,phases      ] GC(317) Post Compact 14.377ms
[74.355s][info][gc,heap        ] GC(317) PSYoungGen: 389028K(630784K)->388999K(630784K) Eden: 110080K(110080K)->110050K(110080K) From: 278948K(520704K)->278948K(520704K)
[74.355s][info][gc,heap        ] GC(317) ParOldGen: 10308263K(10308608K)->10308263K(10308608K)
[74.355s][info][gc,metaspace   ] GC(317) Metaspace: 6298K(6464K)->6298K(6464K) NonClass: 5764K(5824K)->5764K(5824K) Class: 533K(640K)->533K(640K)
[74.355s][info][gc             ] GC(317) Pause Full (Ergonomics) 10446M->10446M(10683M) 3162.364ms
[74.355s][info][gc,cpu         ] GC(317) User=24.31s Sys=0.00s Real=3.16s
[74.355s][info][gc,start       ] GC(318) Pause Full (Ergonomics)
[74.355s][info][gc,phases,start] GC(318) Marking Phase
[76.967s][info][gc,phases      ] GC(318) Marking Phase 2611.913ms
[76.967s][info][gc,phases,start] GC(318) Summary Phase
[76.968s][info][gc,phases      ] GC(318) Summary Phase 0.209ms
[76.968s][info][gc,phases,start] GC(318) Adjust Roots
[76.968s][info][gc,phases      ] GC(318) Adjust Roots 0.380ms
[76.968s][info][gc,phases,start] GC(318) Compaction Phase
[77.789s][info][gc,phases      ] GC(318) Compaction Phase 820.818ms
[77.789s][info][gc,phases,start] GC(318) Post Compact
[77.806s][info][gc,phases      ] GC(318) Post Compact 16.987ms
[77.806s][info][gc,heap        ] GC(318) PSYoungGen: 389028K(630784K)->389027K(630784K) Eden: 110080K(110080K)->110079K(110080K) From: 278948K(520704K)->278948K(520704K)
[77.806s][info][gc,heap        ] GC(318) ParOldGen: 10308263K(10308608K)->10308263K(10308608K)
[77.806s][info][gc,metaspace   ] GC(318) Metaspace: 6298K(6464K)->6298K(6464K) NonClass: 5764K(5824K)->5764K(5824K) Class: 533K(640K)->533K(640K)
[77.806s][info][gc             ] GC(318) Pause Full (Ergonomics) 10446M->10446M(10683M) 3450.887ms
[77.806s][info][gc,cpu         ] GC(318) User=24.73s Sys=0.02s Real=3.45s
[77.806s][info][gc,start       ] GC(319) Pause Full (Ergonomics)
[77.806s][info][gc,phases,start] GC(319) Marking Phase
[80.346s][info][gc,phases      ] GC(319) Marking Phase 2539.327ms
[80.346s][info][gc,phases,start] GC(319) Summary Phase
[80.346s][info][gc,phases      ] GC(319) Summary Phase 0.113ms
[80.346s][info][gc,phases,start] GC(319) Adjust Roots
[80.346s][info][gc,phases      ] GC(319) Adjust Roots 0.171ms
[80.346s][info][gc,phases,start] GC(319) Compaction Phase
[81.164s][info][gc,phases      ] GC(319) Compaction Phase 817.786ms
[81.164s][info][gc,phases,start] GC(319) Post Compact
[81.181s][info][gc,phases      ] GC(319) Post Compact 16.797ms
[81.181s][info][gc,heap        ] GC(319) PSYoungGen: 389028K(630784K)->389028K(630784K) Eden: 110079K(110080K)->110079K(110080K) From: 278948K(520704K)->278948K(520704K)
[81.181s][info][gc,heap        ] GC(319) ParOldGen: 10308263K(10308608K)->10308263K(10308608K)
[81.181s][info][gc,metaspace   ] GC(319) Metaspace: 6298K(6464K)->6298K(6464K) NonClass: 5764K(5824K)->5764K(5824K) Class: 533K(640K)->533K(640K)
[81.181s][info][gc             ] GC(319) Pause Full (Ergonomics) 10446M->10446M(10683M) 3374.538ms
[81.181s][info][gc,cpu         ] GC(319) User=24.67s Sys=0.03s Real=3.37s
[81.181s][info][gc,start       ] GC(320) Pause Full (Ergonomics)
[81.181s][info][gc,phases,start] GC(320) Marking Phase
[83.676s][info][gc,phases      ] GC(320) Marking Phase 2494.260ms
[83.676s][info][gc,phases,start] GC(320) Summary Phase
[83.676s][info][gc,phases      ] GC(320) Summary Phase 0.135ms
[83.676s][info][gc,phases,start] GC(320) Adjust Roots
[83.676s][info][gc,phases      ] GC(320) Adjust Roots 0.258ms
[83.676s][info][gc,phases,start] GC(320) Compaction Phase
[84.388s][info][gc,phases      ] GC(320) Compaction Phase 711.848ms
[84.388s][info][gc,phases,start] GC(320) Post Compact
[84.403s][info][gc,phases      ] GC(320) Post Compact 15.325ms
[84.403s][info][gc,heap        ] GC(320) PSYoungGen: 389028K(630784K)->389028K(630784K) Eden: 110080K(110080K)->110080K(110080K) From: 278948K(520704K)->278948K(520704K)
[84.403s][info][gc,heap        ] GC(320) ParOldGen: 10308268K(10308608K)->10308268K(10308608K)
[84.403s][info][gc,metaspace   ] GC(320) Metaspace: 6298K(6464K)->6298K(6464K) NonClass: 5764K(5824K)->5764K(5824K) Class: 533K(640K)->533K(640K)
[84.404s][info][gc             ] GC(320) Pause Full (Ergonomics) 10446M->10446M(10683M) 3222.300ms
[84.404s][info][gc,cpu         ] GC(320) User=25.14s Sys=0.00s Real=3.22s
[84.404s][info][gc,start       ] GC(321) Pause Full (Ergonomics)
[84.404s][info][gc,phases,start] GC(321) Marking Phase
[86.892s][info][gc,phases      ] GC(321) Marking Phase 2488.542ms
[86.892s][info][gc,phases,start] GC(321) Summary Phase
[86.892s][info][gc,phases      ] GC(321) Summary Phase 0.103ms
[86.893s][info][gc,phases,start] GC(321) Adjust Roots
[86.893s][info][gc,phases      ] GC(321) Adjust Roots 0.174ms
[86.893s][info][gc,phases,start] GC(321) Compaction Phase
[87.650s][info][gc,phases      ] GC(321) Compaction Phase 757.598ms
[87.650s][info][gc,phases,start] GC(321) Post Compact
[87.666s][info][gc,phases      ] GC(321) Post Compact 15.144ms
[87.666s][info][gc,heap        ] GC(321) PSYoungGen: 389028K(630784K)->389028K(630784K) Eden: 110080K(110080K)->110080K(110080K) From: 278948K(520704K)->278948K(520704K)
[87.666s][info][gc,heap        ] GC(321) ParOldGen: 10308273K(10308608K)->10308273K(10308608K)
[87.666s][info][gc,metaspace   ] GC(321) Metaspace: 6298K(6464K)->6298K(6464K) NonClass: 5764K(5824K)->5764K(5824K) Class: 533K(640K)->533K(640K)
[87.666s][info][gc             ] GC(321) Pause Full (Ergonomics) 10446M->10446M(10683M) 3261.908ms
[87.666s][info][gc,cpu         ] GC(321) User=25.12s Sys=0.00s Real=3.26s
[87.666s][info][gc,start       ] GC(322) Pause Full (Ergonomics)
[87.666s][info][gc,phases,start] GC(322) Marking Phase
[90.122s][info][gc,phases      ] GC(322) Marking Phase 2456.510ms
[90.123s][info][gc,phases,start] GC(322) Summary Phase
[90.123s][info][gc,phases      ] GC(322) Summary Phase 0.121ms
[90.123s][info][gc,phases,start] GC(322) Adjust Roots
[90.123s][info][gc,phases      ] GC(322) Adjust Roots 0.222ms
[90.123s][info][gc,phases,start] GC(322) Compaction Phase
[90.881s][info][gc,phases      ] GC(322) Compaction Phase 757.611ms
[90.881s][info][gc,phases,start] GC(322) Post Compact
[90.897s][info][gc,phases      ] GC(322) Post Compact 16.524ms
[90.897s][info][gc,heap        ] GC(322) PSYoungGen: 389028K(630784K)->389028K(630784K) Eden: 110080K(110080K)->110080K(110080K) From: 278948K(520704K)->278948K(520704K)
[90.897s][info][gc,heap        ] GC(322) ParOldGen: 10308278K(10308608K)->10308278K(10308608K)
[90.897s][info][gc,metaspace   ] GC(322) Metaspace: 6298K(6464K)->6298K(6464K) NonClass: 5764K(5824K)->5764K(5824K) Class: 533K(640K)->533K(640K)
[90.897s][info][gc             ] GC(322) Pause Full (Ergonomics) 10446M->10446M(10683M) 3231.358ms
[90.897s][info][gc,cpu         ] GC(322) User=25.14s Sys=0.00s Real=3.23s
[90.897s][info][gc,start       ] GC(323) Pause Full (Ergonomics)
[90.897s][info][gc,phases,start] GC(323) Marking Phase
[93.308s][info][gc,phases      ] GC(323) Marking Phase 2410.158ms
[93.308s][info][gc,phases,start] GC(323) Summary Phase
[93.308s][info][gc,phases      ] GC(323) Summary Phase 0.116ms
[93.308s][info][gc,phases,start] GC(323) Adjust Roots
[93.308s][info][gc,phases      ] GC(323) Adjust Roots 0.176ms
[93.308s][info][gc,phases,start] GC(323) Compaction Phase
[94.029s][info][gc,phases      ] GC(323) Compaction Phase 721.184ms
[94.029s][info][gc,phases,start] GC(323) Post Compact
[94.054s][info][gc,phases      ] GC(323) Post Compact 24.670ms
[94.054s][info][gc,heap        ] GC(323) PSYoungGen: 389028K(630784K)->389028K(630784K) Eden: 110080K(110080K)->110080K(110080K) From: 278948K(520704K)->278948K(520704K)
[94.054s][info][gc,heap        ] GC(323) ParOldGen: 10308283K(10308608K)->10308283K(10308608K)
[94.054s][info][gc,metaspace   ] GC(323) Metaspace: 6298K(6464K)->6298K(6464K) NonClass: 5764K(5824K)->5764K(5824K) Class: 533K(640K)->533K(640K)
[94.054s][info][gc             ] GC(323) Pause Full (Ergonomics) 10446M->10446M(10683M) 3156.694ms
[94.054s][info][gc,cpu         ] GC(323) User=24.67s Sys=0.00s Real=3.16s
[94.054s][info][gc,start       ] GC(324) Pause Full (Ergonomics)
[94.054s][info][gc,phases,start] GC(324) Marking Phase
[96.517s][info][gc,phases      ] GC(324) Marking Phase 2462.817ms
[96.517s][info][gc,phases,start] GC(324) Summary Phase
[96.517s][info][gc,phases      ] GC(324) Summary Phase 0.100ms
[96.517s][info][gc,phases,start] GC(324) Adjust Roots
[96.518s][info][gc,phases      ] GC(324) Adjust Roots 0.167ms
[96.518s][info][gc,phases,start] GC(324) Compaction Phase
[97.255s][info][gc,phases      ] GC(324) Compaction Phase 737.534ms
[97.255s][info][gc,phases,start] GC(324) Post Compact
[97.270s][info][gc,phases      ] GC(324) Post Compact 15.053ms
[97.270s][info][gc,heap        ] GC(324) PSYoungGen: 389028K(630784K)->389028K(630784K) Eden: 110080K(110080K)->110080K(110080K) From: 278948K(520704K)->278948K(520704K)
[97.270s][info][gc,heap        ] GC(324) ParOldGen: 10308288K(10308608K)->10308288K(10308608K)
[97.270s][info][gc,metaspace   ] GC(324) Metaspace: 6298K(6464K)->6298K(6464K) NonClass: 5764K(5824K)->5764K(5824K) Class: 533K(640K)->533K(640K)
[97.270s][info][gc             ] GC(324) Pause Full (Ergonomics) 10446M->10446M(10683M) 3216.057ms
[97.271s][info][gc,cpu         ] GC(324) User=25.11s Sys=0.00s Real=3.22s
[97.271s][info][gc,start       ] GC(325) Pause Full (Ergonomics)
[97.271s][info][gc,phases,start] GC(325) Marking Phase
[99.694s][info][gc,phases      ] GC(325) Marking Phase 2423.340ms
[99.694s][info][gc,phases,start] GC(325) Summary Phase
[99.694s][info][gc,phases      ] GC(325) Summary Phase 0.099ms
[99.694s][info][gc,phases,start] GC(325) Adjust Roots
[99.694s][info][gc,phases      ] GC(325) Adjust Roots 0.162ms
[99.694s][info][gc,phases,start] GC(325) Compaction Phase
[100.408s][info][gc,phases      ] GC(325) Compaction Phase 713.988ms
[100.409s][info][gc,phases,start] GC(325) Post Compact
[100.425s][info][gc,phases      ] GC(325) Post Compact 16.232ms
[100.425s][info][gc,heap        ] GC(325) PSYoungGen: 389028K(630784K)->389028K(630784K) Eden: 110080K(110080K)->110080K(110080K) From: 278948K(520704K)->278948K(520704K)
[100.425s][info][gc,heap        ] GC(325) ParOldGen: 10308293K(10308608K)->10308293K(10308608K)
[100.425s][info][gc,metaspace   ] GC(325) Metaspace: 6298K(6464K)->6298K(6464K) NonClass: 5764K(5824K)->5764K(5824K) Class: 533K(640K)->533K(640K)
[100.425s][info][gc             ] GC(325) Pause Full (Ergonomics) 10446M->10446M(10683M) 3154.196ms
[100.425s][info][gc,cpu         ] GC(325) User=24.89s Sys=0.00s Real=3.15s
[100.425s][info][gc,start       ] GC(326) Pause Full (Ergonomics)
[100.425s][info][gc,phases,start] GC(326) Marking Phase
[102.898s][info][gc,phases      ] GC(326) Marking Phase 2473.069ms
[102.898s][info][gc,phases,start] GC(326) Summary Phase
[102.898s][info][gc,phases      ] GC(326) Summary Phase 0.105ms
[102.898s][info][gc,phases,start] GC(326) Adjust Roots
[102.899s][info][gc,phases      ] GC(326) Adjust Roots 0.165ms
[102.899s][info][gc,phases,start] GC(326) Compaction Phase
[103.618s][info][gc,phases      ] GC(326) Compaction Phase 719.404ms
[103.618s][info][gc,phases,start] GC(326) Post Compact
[103.632s][info][gc,phases      ] GC(326) Post Compact 13.961ms
[103.632s][info][gc,heap        ] GC(326) PSYoungGen: 389028K(630784K)->389028K(630784K) Eden: 110080K(110080K)->110080K(110080K) From: 278948K(520704K)->278948K(520704K)
[103.632s][info][gc,heap        ] GC(326) ParOldGen: 10308297K(10308608K)->10308297K(10308608K)
[103.632s][info][gc,metaspace   ] GC(326) Metaspace: 6298K(6464K)->6298K(6464K) NonClass: 5764K(5824K)->5764K(5824K) Class: 533K(640K)->533K(640K)
[103.632s][info][gc             ] GC(326) Pause Full (Ergonomics) 10446M->10446M(10683M) 3207.051ms
[103.632s][info][gc,cpu         ] GC(326) User=25.28s Sys=0.00s Real=3.21s
[103.632s][info][gc,start       ] GC(327) Pause Full (Ergonomics)
[103.632s][info][gc,phases,start] GC(327) Marking Phase
[106.090s][info][gc,phases      ] GC(327) Marking Phase 2457.899ms
[106.090s][info][gc,phases,start] GC(327) Summary Phase
[106.091s][info][gc,phases      ] GC(327) Summary Phase 0.129ms
[106.091s][info][gc,phases,start] GC(327) Adjust Roots
[106.091s][info][gc,phases      ] GC(327) Adjust Roots 0.276ms
[106.091s][info][gc,phases,start] GC(327) Compaction Phase
[106.831s][info][gc,phases      ] GC(327) Compaction Phase 739.667ms
[106.831s][info][gc,phases,start] GC(327) Post Compact
[106.845s][info][gc,phases      ] GC(327) Post Compact 13.901ms
[106.845s][info][gc,heap        ] GC(327) PSYoungGen: 389028K(630784K)->389028K(630784K) Eden: 110080K(110080K)->110080K(110080K) From: 278948K(520704K)->278948K(520704K)
[106.845s][info][gc,heap        ] GC(327) ParOldGen: 10308302K(10308608K)->10308302K(10308608K)
[106.845s][info][gc,metaspace   ] GC(327) Metaspace: 6298K(6464K)->6298K(6464K) NonClass: 5764K(5824K)->5764K(5824K) Class: 533K(640K)->533K(640K)
[106.845s][info][gc             ] GC(327) Pause Full (Ergonomics) 10446M->10446M(10683M) 3212.252ms
[106.845s][info][gc,cpu         ] GC(327) User=25.14s Sys=0.02s Real=3.21s
[106.845s][info][gc,start       ] GC(328) Pause Full (Ergonomics)
[106.845s][info][gc,phases,start] GC(328) Marking Phase
[109.319s][info][gc,phases      ] GC(328) Marking Phase 2473.962ms
[109.319s][info][gc,phases,start] GC(328) Summary Phase
[109.319s][info][gc,phases      ] GC(328) Summary Phase 0.104ms
[109.319s][info][gc,phases,start] GC(328) Adjust Roots
[109.319s][info][gc,phases      ] GC(328) Adjust Roots 0.176ms
[109.319s][info][gc,phases,start] GC(328) Compaction Phase
[110.060s][info][gc,phases      ] GC(328) Compaction Phase 741.164ms
[110.061s][info][gc,phases,start] GC(328) Post Compact
[110.075s][info][gc,phases      ] GC(328) Post Compact 14.200ms
[110.075s][info][gc,heap        ] GC(328) PSYoungGen: 389028K(630784K)->389028K(630784K) Eden: 110080K(110080K)->110080K(110080K) From: 278948K(520704K)->278948K(520704K)
[110.075s][info][gc,heap        ] GC(328) ParOldGen: 10308307K(10308608K)->10308307K(10308608K)
[110.075s][info][gc,metaspace   ] GC(328) Metaspace: 6298K(6464K)->6298K(6464K) NonClass: 5764K(5824K)->5764K(5824K) Class: 533K(640K)->533K(640K)
[110.075s][info][gc             ] GC(328) Pause Full (Ergonomics) 10446M->10446M(10683M) 3229.990ms
[110.075s][info][gc,cpu         ] GC(328) User=25.23s Sys=0.00s Real=3.23s
[110.075s][info][gc,start       ] GC(329) Pause Full (Ergonomics)
[110.075s][info][gc,phases,start] GC(329) Marking Phase
[112.522s][info][gc,phases      ] GC(329) Marking Phase 2446.776ms
[112.522s][info][gc,phases,start] GC(329) Summary Phase
[112.522s][info][gc,phases      ] GC(329) Summary Phase 0.099ms
[112.522s][info][gc,phases,start] GC(329) Adjust Roots
[112.522s][info][gc,phases      ] GC(329) Adjust Roots 0.164ms
[112.522s][info][gc,phases,start] GC(329) Compaction Phase
[113.254s][info][gc,phases      ] GC(329) Compaction Phase 732.026ms
[113.254s][info][gc,phases,start] GC(329) Post Compact
[113.269s][info][gc,phases      ] GC(329) Post Compact 14.955ms
[113.269s][info][gc,heap        ] GC(329) PSYoungGen: 389028K(630784K)->389028K(630784K) Eden: 110080K(110080K)->110080K(110080K) From: 278948K(520704K)->278948K(520704K)
[113.269s][info][gc,heap        ] GC(329) ParOldGen: 10308312K(10308608K)->10308312K(10308608K)
[113.269s][info][gc,metaspace   ] GC(329) Metaspace: 6298K(6464K)->6298K(6464K) NonClass: 5764K(5824K)->5764K(5824K) Class: 533K(640K)->533K(640K)
[113.269s][info][gc             ] GC(329) Pause Full (Ergonomics) 10446M->10446M(10683M) 3194.395ms
[113.270s][info][gc,cpu         ] GC(329) User=24.88s Sys=0.00s Real=3.20s
[113.270s][info][gc,start       ] GC(330) Pause Full (Ergonomics)
[113.270s][info][gc,phases,start] GC(330) Marking Phase
[115.742s][info][gc,phases      ] GC(330) Marking Phase 2471.873ms
[115.742s][info][gc,phases,start] GC(330) Summary Phase
[115.742s][info][gc,phases      ] GC(330) Summary Phase 0.117ms
[115.742s][info][gc,phases,start] GC(330) Adjust Roots
[115.742s][info][gc,phases      ] GC(330) Adjust Roots 0.188ms
[115.742s][info][gc,phases,start] GC(330) Compaction Phase
[116.480s][info][gc,phases      ] GC(330) Compaction Phase 737.749ms
[116.480s][info][gc,phases,start] GC(330) Post Compact
[116.494s][info][gc,phases      ] GC(330) Post Compact 13.998ms
[116.494s][info][gc,heap        ] GC(330) PSYoungGen: 389028K(630784K)->389028K(630784K) Eden: 110080K(110080K)->110080K(110080K) From: 278948K(520704K)->278948K(520704K)
[116.494s][info][gc,heap        ] GC(330) ParOldGen: 10308317K(10308608K)->10308317K(10308608K)
[116.494s][info][gc,metaspace   ] GC(330) Metaspace: 6298K(6464K)->6298K(6464K) NonClass: 5764K(5824K)->5764K(5824K) Class: 533K(640K)->533K(640K)
[116.494s][info][gc             ] GC(330) Pause Full (Ergonomics) 10446M->10446M(10683M) 3224.309ms
[116.494s][info][gc,cpu         ] GC(330) User=25.22s Sys=0.00s Real=3.22s
[116.494s][info][gc,start       ] GC(331) Pause Full (Ergonomics)
[116.494s][info][gc,phases,start] GC(331) Marking Phase
[118.945s][info][gc,phases      ] GC(331) Marking Phase 2450.747ms
[118.945s][info][gc,phases,start] GC(331) Summary Phase
[118.945s][info][gc,phases      ] GC(331) Summary Phase 0.099ms
[118.945s][info][gc,phases,start] GC(331) Adjust Roots
[118.945s][info][gc,phases      ] GC(331) Adjust Roots 0.164ms
[118.945s][info][gc,phases,start] GC(331) Compaction Phase
[119.668s][info][gc,phases      ] GC(331) Compaction Phase 722.286ms
[119.668s][info][gc,phases,start] GC(331) Post Compact
[119.682s][info][gc,phases      ] GC(331) Post Compact 14.044ms
[119.682s][info][gc,heap        ] GC(331) PSYoungGen: 389028K(630784K)->389028K(630784K) Eden: 110080K(110080K)->110080K(110080K) From: 278948K(520704K)->278948K(520704K)
[119.682s][info][gc,heap        ] GC(331) ParOldGen: 10308322K(10308608K)->10308322K(10308608K)
[119.682s][info][gc,metaspace   ] GC(331) Metaspace: 6298K(6464K)->6298K(6464K) NonClass: 5764K(5824K)->5764K(5824K) Class: 533K(640K)->533K(640K)
[119.682s][info][gc             ] GC(331) Pause Full (Ergonomics) 10446M->10446M(10683M) 3187.673ms
[119.682s][info][gc,cpu         ] GC(331) User=24.88s Sys=0.02s Real=3.19s
[119.682s][info][gc,start       ] GC(332) Pause Full (Ergonomics)
[119.682s][info][gc,phases,start] GC(332) Marking Phase
[122.102s][info][gc,phases      ] GC(332) Marking Phase 2419.906ms
[122.102s][info][gc,phases,start] GC(332) Summary Phase
[122.102s][info][gc,phases      ] GC(332) Summary Phase 0.099ms
[122.102s][info][gc,phases,start] GC(332) Adjust Roots
[122.102s][info][gc,phases      ] GC(332) Adjust Roots 0.161ms
[122.102s][info][gc,phases,start] GC(332) Compaction Phase
[122.821s][info][gc,phases      ] GC(332) Compaction Phase 718.389ms
[122.821s][info][gc,phases,start] GC(332) Post Compact
[122.837s][info][gc,phases      ] GC(332) Post Compact 15.804ms
[122.837s][info][gc,heap        ] GC(332) PSYoungGen: 389028K(630784K)->389028K(630784K) Eden: 110080K(110080K)->110080K(110080K) From: 278948K(520704K)->278948K(520704K)
[122.837s][info][gc,heap        ] GC(332) ParOldGen: 10308326K(10308608K)->10308326K(10308608K)
[122.837s][info][gc,metaspace   ] GC(332) Metaspace: 6298K(6464K)->6298K(6464K) NonClass: 5764K(5824K)->5764K(5824K) Class: 533K(640K)->533K(640K)
[122.837s][info][gc             ] GC(332) Pause Full (Ergonomics) 10446M->10446M(10683M) 3154.733ms
[122.837s][info][gc,cpu         ] GC(332) User=24.61s Sys=0.00s Real=3.15s
[122.837s][info][gc,start       ] GC(333) Pause Full (Ergonomics)
[122.837s][info][gc,phases,start] GC(333) Marking Phase
[125.277s][info][gc,phases      ] GC(333) Marking Phase 2439.352ms
[125.277s][info][gc,phases,start] GC(333) Summary Phase
[125.277s][info][gc,phases      ] GC(333) Summary Phase 0.099ms
[125.277s][info][gc,phases,start] GC(333) Adjust Roots
[125.277s][info][gc,phases      ] GC(333) Adjust Roots 0.208ms
[125.277s][info][gc,phases,start] GC(333) Compaction Phase
[126.023s][info][gc,phases      ] GC(333) Compaction Phase 745.997ms
[126.023s][info][gc,phases,start] GC(333) Post Compact
[126.039s][info][gc,phases      ] GC(333) Post Compact 15.474ms
[126.039s][info][gc,heap        ] GC(333) PSYoungGen: 389028K(630784K)->389028K(630784K) Eden: 110080K(110080K)->110080K(110080K) From: 278948K(520704K)->278948K(520704K)
[126.039s][info][gc,heap        ] GC(333) ParOldGen: 10308331K(10308608K)->10308331K(10308608K)
[126.039s][info][gc,metaspace   ] GC(333) Metaspace: 6298K(6464K)->6298K(6464K) NonClass: 5764K(5824K)->5764K(5824K) Class: 533K(640K)->533K(640K)
[126.039s][info][gc             ] GC(333) Pause Full (Ergonomics) 10446M->10446M(10683M) 3201.506ms
[126.039s][info][gc,cpu         ] GC(333) User=24.89s Sys=0.02s Real=3.20s
[126.039s][info][gc,start       ] GC(334) Pause Full (Ergonomics)
[126.039s][info][gc,phases,start] GC(334) Marking Phase
[128.505s][info][gc,phases      ] GC(334) Marking Phase 2466.197ms
[128.505s][info][gc,phases,start] GC(334) Summary Phase
[128.505s][info][gc,phases      ] GC(334) Summary Phase 0.119ms
[128.505s][info][gc,phases,start] GC(334) Adjust Roots
[128.505s][info][gc,phases      ] GC(334) Adjust Roots 0.178ms
[128.505s][info][gc,phases,start] GC(334) Compaction Phase
[129.209s][info][gc,phases      ] GC(334) Compaction Phase 703.888ms
[129.209s][info][gc,phases,start] GC(334) Post Compact
[129.224s][info][gc,phases      ] GC(334) Post Compact 14.396ms
[129.224s][info][gc,heap        ] GC(334) PSYoungGen: 389028K(630784K)->389028K(630784K) Eden: 110080K(110080K)->110080K(110080K) From: 278948K(520704K)->278948K(520704K)
[129.224s][info][gc,heap        ] GC(334) ParOldGen: 10308336K(10308608K)->10308336K(10308608K)
[129.224s][info][gc,metaspace   ] GC(334) Metaspace: 6298K(6464K)->6298K(6464K) NonClass: 5764K(5824K)->5764K(5824K) Class: 533K(640K)->533K(640K)
[129.224s][info][gc             ] GC(334) Pause Full (Ergonomics) 10446M->10446M(10683M) 3185.124ms
[129.224s][info][gc,cpu         ] GC(334) User=24.97s Sys=0.02s Real=3.19s
[129.224s][info][gc,start       ] GC(335) Pause Full (Ergonomics)
[129.224s][info][gc,phases,start] GC(335) Marking Phase
[131.657s][info][gc,phases      ] GC(335) Marking Phase 2432.409ms
[131.657s][info][gc,phases,start] GC(335) Summary Phase
[131.657s][info][gc,phases      ] GC(335) Summary Phase 0.108ms
[131.657s][info][gc,phases,start] GC(335) Adjust Roots
[131.657s][info][gc,phases      ] GC(335) Adjust Roots 0.198ms
[131.657s][info][gc,phases,start] GC(335) Compaction Phase
[132.377s][info][gc,phases      ] GC(335) Compaction Phase 719.458ms
[132.377s][info][gc,phases,start] GC(335) Post Compact
[132.393s][info][gc,phases      ] GC(335) Post Compact 16.893ms
[132.394s][info][gc,heap        ] GC(335) PSYoungGen: 389028K(630784K)->389028K(630784K) Eden: 110080K(110080K)->110080K(110080K) From: 278948K(520704K)->278948K(520704K)
[132.394s][info][gc,heap        ] GC(335) ParOldGen: 10308341K(10308608K)->10308341K(10308608K)
[132.394s][info][gc,metaspace   ] GC(335) Metaspace: 6298K(6464K)->6298K(6464K) NonClass: 5764K(5824K)->5764K(5824K) Class: 533K(640K)->533K(640K)
[132.394s][info][gc             ] GC(335) Pause Full (Ergonomics) 10446M->10446M(10683M) 3169.459ms
[132.394s][info][gc,cpu         ] GC(335) User=24.78s Sys=0.00s Real=3.17s
[132.394s][info][gc,start       ] GC(336) Pause Full (Ergonomics)
[132.394s][info][gc,phases,start] GC(336) Marking Phase
[134.826s][info][gc,phases      ] GC(336) Marking Phase 2432.267ms
[134.826s][info][gc,phases,start] GC(336) Summary Phase
[134.826s][info][gc,phases      ] GC(336) Summary Phase 0.116ms
[134.826s][info][gc,phases,start] GC(336) Adjust Roots
[134.827s][info][gc,phases      ] GC(336) Adjust Roots 0.161ms
[134.827s][info][gc,phases,start] GC(336) Compaction Phase
[135.524s][info][gc,phases      ] GC(336) Compaction Phase 697.467ms
[135.524s][info][gc,phases,start] GC(336) Post Compact
[135.538s][info][gc,phases      ] GC(336) Post Compact 13.716ms
[135.538s][info][gc,heap        ] GC(336) PSYoungGen: 389028K(630784K)->389028K(630784K) Eden: 110080K(110080K)->110080K(110080K) From: 278948K(520704K)->278948K(520704K)
[135.538s][info][gc,heap        ] GC(336) ParOldGen: 10308346K(10308608K)->10308346K(10308608K)
[135.538s][info][gc,metaspace   ] GC(336) Metaspace: 6298K(6464K)->6298K(6464K) NonClass: 5764K(5824K)->5764K(5824K) Class: 533K(640K)->533K(640K)
[135.538s][info][gc             ] GC(336) Pause Full (Ergonomics) 10446M->10446M(10683M) 3144.090ms
[135.538s][info][gc,cpu         ] GC(336) User=24.62s Sys=0.02s Real=3.14s
[135.538s][info][gc,start       ] GC(337) Pause Full (Ergonomics)
[135.538s][info][gc,phases,start] GC(337) Marking Phase
[137.953s][info][gc,phases      ] GC(337) Marking Phase 2414.829ms
[137.953s][info][gc,phases,start] GC(337) Summary Phase
[137.953s][info][gc,phases      ] GC(337) Summary Phase 0.104ms
[137.953s][info][gc,phases,start] GC(337) Adjust Roots
[137.953s][info][gc,phases      ] GC(337) Adjust Roots 0.189ms
[137.954s][info][gc,phases,start] GC(337) Compaction Phase
[138.646s][info][gc,phases      ] GC(337) Compaction Phase 692.007ms
[138.646s][info][gc,phases,start] GC(337) Post Compact
[138.659s][info][gc,phases      ] GC(337) Post Compact 13.887ms
[138.660s][info][gc,heap        ] GC(337) PSYoungGen: 389028K(630784K)->389028K(630784K) Eden: 110080K(110080K)->110080K(110080K) From: 278948K(520704K)->278948K(520704K)
[138.660s][info][gc,heap        ] GC(337) ParOldGen: 10308351K(10308608K)->10308351K(10308608K)
[138.660s][info][gc,metaspace   ] GC(337) Metaspace: 6298K(6464K)->6298K(6464K) NonClass: 5764K(5824K)->5764K(5824K) Class: 533K(640K)->533K(640K)
[138.660s][info][gc             ] GC(337) Pause Full (Ergonomics) 10446M->10446M(10683M) 3121.376ms
[138.660s][info][gc,cpu         ] GC(337) User=24.27s Sys=0.00s Real=3.12s
[138.660s][info][gc,start       ] GC(338) Pause Full (Ergonomics)
[138.660s][info][gc,phases,start] GC(338) Marking Phase
[141.082s][info][gc,phases      ] GC(338) Marking Phase 2422.043ms
[141.082s][info][gc,phases,start] GC(338) Summary Phase
[141.082s][info][gc,phases      ] GC(338) Summary Phase 0.100ms
[141.082s][info][gc,phases,start] GC(338) Adjust Roots
[141.082s][info][gc,phases      ] GC(338) Adjust Roots 0.160ms
[141.082s][info][gc,phases,start] GC(338) Compaction Phase
[141.780s][info][gc,phases      ] GC(338) Compaction Phase 697.276ms
[141.780s][info][gc,phases,start] GC(338) Post Compact
[141.793s][info][gc,phases      ] GC(338) Post Compact 13.771ms
[141.793s][info][gc,heap        ] GC(338) PSYoungGen: 389028K(630784K)->389028K(630784K) Eden: 110080K(110080K)->110080K(110080K) From: 278948K(520704K)->278948K(520704K)
[141.793s][info][gc,heap        ] GC(338) ParOldGen: 10308355K(10308608K)->10308355K(10308608K)
[141.793s][info][gc,metaspace   ] GC(338) Metaspace: 6298K(6464K)->6298K(6464K) NonClass: 5764K(5824K)->5764K(5824K) Class: 533K(640K)->533K(640K)
[141.794s][info][gc             ] GC(338) Pause Full (Ergonomics) 10446M->10446M(10683M) 3133.705ms
[141.794s][info][gc,cpu         ] GC(338) User=24.44s Sys=0.05s Real=3.13s
[141.794s][info][gc,start       ] GC(339) Pause Full (Ergonomics)
[141.794s][info][gc,phases,start] GC(339) Marking Phase
[144.211s][info][gc,phases      ] GC(339) Marking Phase 2417.446ms
[144.211s][info][gc,phases,start] GC(339) Summary Phase
[144.211s][info][gc,phases      ] GC(339) Summary Phase 0.149ms
[144.211s][info][gc,phases,start] GC(339) Adjust Roots
[144.212s][info][gc,phases      ] GC(339) Adjust Roots 0.220ms
[144.212s][info][gc,phases,start] GC(339) Compaction Phase
[144.912s][info][gc,phases      ] GC(339) Compaction Phase 700.217ms
[144.912s][info][gc,phases,start] GC(339) Post Compact
[144.926s][info][gc,phases      ] GC(339) Post Compact 14.016ms
[144.926s][info][gc,heap        ] GC(339) PSYoungGen: 389028K(630784K)->389028K(630784K) Eden: 110080K(110080K)->110080K(110080K) From: 278948K(520704K)->278948K(520704K)
[144.926s][info][gc,heap        ] GC(339) ParOldGen: 10308360K(10308608K)->10308360K(10308608K)
[144.926s][info][gc,metaspace   ] GC(339) Metaspace: 6298K(6464K)->6298K(6464K) NonClass: 5764K(5824K)->5764K(5824K) Class: 533K(640K)->533K(640K)
[144.926s][info][gc             ] GC(339) Pause Full (Ergonomics) 10446M->10446M(10683M) 3132.426ms
[144.926s][info][gc,cpu         ] GC(339) User=24.34s Sys=0.03s Real=3.13s
[144.926s][info][gc,start       ] GC(340) Pause Full (Ergonomics)
[144.926s][info][gc,phases,start] GC(340) Marking Phase
[147.353s][info][gc,phases      ] GC(340) Marking Phase 2426.770ms
[147.353s][info][gc,phases,start] GC(340) Summary Phase
[147.353s][info][gc,phases      ] GC(340) Summary Phase 0.104ms
[147.353s][info][gc,phases,start] GC(340) Adjust Roots
[147.354s][info][gc,phases      ] GC(340) Adjust Roots 0.167ms
[147.354s][info][gc,phases,start] GC(340) Compaction Phase
[148.055s][info][gc,phases      ] GC(340) Compaction Phase 701.256ms
[148.055s][info][gc,phases,start] GC(340) Post Compact
[148.069s][info][gc,phases      ] GC(340) Post Compact 14.207ms
[148.069s][info][gc,heap        ] GC(340) PSYoungGen: 389028K(630784K)->389028K(630784K) Eden: 110080K(110080K)->110080K(110080K) From: 278948K(520704K)->278948K(520704K)
[148.069s][info][gc,heap        ] GC(340) ParOldGen: 10308365K(10308608K)->10308365K(10308608K)
[148.069s][info][gc,metaspace   ] GC(340) Metaspace: 6298K(6464K)->6298K(6464K) NonClass: 5764K(5824K)->5764K(5824K) Class: 533K(640K)->533K(640K)
[148.069s][info][gc             ] GC(340) Pause Full (Ergonomics) 10446M->10446M(10683M) 3142.961ms
[148.069s][info][gc,cpu         ] GC(340) User=24.47s Sys=0.00s Real=3.14s
[148.070s][info][gc,start       ] GC(341) Pause Full (Ergonomics)
[148.070s][info][gc,phases,start] GC(341) Marking Phase
[150.559s][info][gc,phases      ] GC(341) Marking Phase 2489.922ms
[150.560s][info][gc,phases,start] GC(341) Summary Phase
[150.560s][info][gc,phases      ] GC(341) Summary Phase 0.099ms
[150.560s][info][gc,phases,start] GC(341) Adjust Roots
[150.560s][info][gc,phases      ] GC(341) Adjust Roots 0.166ms
[150.560s][info][gc,phases,start] GC(341) Compaction Phase
[151.250s][info][gc,phases      ] GC(341) Compaction Phase 689.669ms
[151.250s][info][gc,phases,start] GC(341) Post Compact
[151.263s][info][gc,phases      ] GC(341) Post Compact 13.638ms
[151.263s][info][gc,heap        ] GC(341) PSYoungGen: 389028K(630784K)->389028K(630784K) Eden: 110080K(110080K)->110080K(110080K) From: 278948K(520704K)->278948K(520704K)
[151.263s][info][gc,heap        ] GC(341) ParOldGen: 10308370K(10308608K)->10308370K(10308608K)
[151.263s][info][gc,metaspace   ] GC(341) Metaspace: 6298K(6464K)->6298K(6464K) NonClass: 5764K(5824K)->5764K(5824K) Class: 533K(640K)->533K(640K)
[151.263s][info][gc             ] GC(341) Pause Full (Ergonomics) 10446M->10446M(10683M) 3193.840ms
[151.263s][info][gc,cpu         ] GC(341) User=24.95s Sys=0.02s Real=3.19s
[151.264s][info][gc,start       ] GC(342) Pause Full (Ergonomics)
[151.264s][info][gc,phases,start] GC(342) Marking Phase
[153.717s][info][gc,phases      ] GC(342) Marking Phase 2453.154ms
[153.717s][info][gc,phases,start] GC(342) Summary Phase
[153.717s][info][gc,phases      ] GC(342) Summary Phase 0.149ms
[153.717s][info][gc,phases,start] GC(342) Adjust Roots
[153.717s][info][gc,phases      ] GC(342) Adjust Roots 0.230ms
[153.717s][info][gc,phases,start] GC(342) Compaction Phase
[154.400s][info][gc,phases      ] GC(342) Compaction Phase 682.647ms
[154.400s][info][gc,phases,start] GC(342) Post Compact
[154.414s][info][gc,phases      ] GC(342) Post Compact 13.886ms
[154.414s][info][gc,heap        ] GC(342) PSYoungGen: 389028K(630784K)->389028K(630784K) Eden: 110080K(110080K)->110080K(110080K) From: 278948K(520704K)->278948K(520704K)
[154.414s][info][gc,heap        ] GC(342) ParOldGen: 10308375K(10308608K)->10308375K(10308608K)
[154.414s][info][gc,metaspace   ] GC(342) Metaspace: 6298K(6464K)->6298K(6464K) NonClass: 5764K(5824K)->5764K(5824K) Class: 533K(640K)->533K(640K)
[154.414s][info][gc             ] GC(342) Pause Full (Ergonomics) 10446M->10446M(10683M) 3150.418ms
[154.414s][info][gc,cpu         ] GC(342) User=24.67s Sys=0.00s Real=3.15s
[154.414s][info][gc,start       ] GC(343) Pause Full (Ergonomics)
[154.414s][info][gc,phases,start] GC(343) Marking Phase
[156.830s][info][gc,phases      ] GC(343) Marking Phase 2415.383ms
[156.830s][info][gc,phases,start] GC(343) Summary Phase
[156.830s][info][gc,phases      ] GC(343) Summary Phase 0.099ms
[156.830s][info][gc,phases,start] GC(343) Adjust Roots
[156.830s][info][gc,phases      ] GC(343) Adjust Roots 0.163ms
[156.830s][info][gc,phases,start] GC(343) Compaction Phase
[157.519s][info][gc,phases      ] GC(343) Compaction Phase 689.147ms
[157.519s][info][gc,phases,start] GC(343) Post Compact
[157.534s][info][gc,phases      ] GC(343) Post Compact 14.939ms
[157.534s][info][gc,heap        ] GC(343) PSYoungGen: 389028K(630784K)->389028K(630784K) Eden: 110080K(110080K)->110080K(110080K) From: 278948K(520704K)->278948K(520704K)
[157.534s][info][gc,heap        ] GC(343) ParOldGen: 10308380K(10308608K)->10308380K(10308608K)
[157.534s][info][gc,metaspace   ] GC(343) Metaspace: 6298K(6464K)->6298K(6464K) NonClass: 5764K(5824K)->5764K(5824K) Class: 533K(640K)->533K(640K)
[157.534s][info][gc             ] GC(343) Pause Full (Ergonomics) 10446M->10446M(10683M) 3120.162ms
[157.534s][info][gc,cpu         ] GC(343) User=24.28s Sys=0.02s Real=3.12s
[157.535s][info][gc,start       ] GC(344) Pause Full (Ergonomics)
[157.535s][info][gc,phases,start] GC(344) Marking Phase
[159.983s][info][gc,phases      ] GC(344) Marking Phase 2448.572ms
[159.983s][info][gc,phases,start] GC(344) Summary Phase
[159.983s][info][gc,phases      ] GC(344) Summary Phase 0.100ms
[159.983s][info][gc,phases,start] GC(344) Adjust Roots
[159.984s][info][gc,phases      ] GC(344) Adjust Roots 0.161ms
[159.984s][info][gc,phases,start] GC(344) Compaction Phase
[160.664s][info][gc,phases      ] GC(344) Compaction Phase 680.651ms
[160.664s][info][gc,phases,start] GC(344) Post Compact
[160.679s][info][gc,phases      ] GC(344) Post Compact 14.878ms
[160.679s][info][gc,heap        ] GC(344) PSYoungGen: 389028K(630784K)->389028K(630784K) Eden: 110080K(110080K)->110080K(110080K) From: 278948K(520704K)->278948K(520704K)
[160.679s][info][gc,heap        ] GC(344) ParOldGen: 10308384K(10308608K)->10308384K(10308608K)
[160.679s][info][gc,metaspace   ] GC(344) Metaspace: 6298K(6464K)->6298K(6464K) NonClass: 5764K(5824K)->5764K(5824K) Class: 533K(640K)->533K(640K)
[160.679s][info][gc             ] GC(344) Pause Full (Ergonomics) 10446M->10446M(10683M) 3144.713ms
[160.679s][info][gc,cpu         ] GC(344) User=24.64s Sys=0.03s Real=3.14s
[160.680s][info][gc,start       ] GC(345) Pause Full (Ergonomics)
[160.680s][info][gc,phases,start] GC(345) Marking Phase
[163.092s][info][gc,phases      ] GC(345) Marking Phase 2412.529ms
[163.092s][info][gc,phases,start] GC(345) Summary Phase
[163.092s][info][gc,phases      ] GC(345) Summary Phase 0.099ms
[163.092s][info][gc,phases,start] GC(345) Adjust Roots
[163.092s][info][gc,phases      ] GC(345) Adjust Roots 0.157ms
[163.092s][info][gc,phases,start] GC(345) Compaction Phase
[163.771s][info][gc,phases      ] GC(345) Compaction Phase 678.981ms
[163.772s][info][gc,phases,start] GC(345) Post Compact
[163.785s][info][gc,phases      ] GC(345) Post Compact 13.802ms
[163.785s][info][gc,heap        ] GC(345) PSYoungGen: 389028K(630784K)->389028K(630784K) Eden: 110080K(110080K)->110080K(110080K) From: 278948K(520704K)->278948K(520704K)
[163.785s][info][gc,heap        ] GC(345) ParOldGen: 10308389K(10308608K)->10308389K(10308608K)
[163.785s][info][gc,metaspace   ] GC(345) Metaspace: 6298K(6464K)->6298K(6464K) NonClass: 5764K(5824K)->5764K(5824K) Class: 533K(640K)->533K(640K)
[163.785s][info][gc             ] GC(345) Pause Full (Ergonomics) 10446M->10446M(10683M) 3105.910ms
[163.785s][info][gc,cpu         ] GC(345) User=24.33s Sys=0.00s Real=3.11s
[163.786s][info][gc,start       ] GC(346) Pause Full (Ergonomics)
[163.786s][info][gc,phases,start] GC(346) Marking Phase
[166.206s][info][gc,phases      ] GC(346) Marking Phase 2420.060ms
[166.206s][info][gc,phases,start] GC(346) Summary Phase
[166.206s][info][gc,phases      ] GC(346) Summary Phase 0.211ms
[166.206s][info][gc,phases,start] GC(346) Adjust Roots
[166.206s][info][gc,phases      ] GC(346) Adjust Roots 0.217ms
[166.206s][info][gc,phases,start] GC(346) Compaction Phase
[166.906s][info][gc,phases      ] GC(346) Compaction Phase 699.510ms
[166.906s][info][gc,phases,start] GC(346) Post Compact
[166.921s][info][gc,phases      ] GC(346) Post Compact 15.060ms
[166.921s][info][gc,heap        ] GC(346) PSYoungGen: 389028K(630784K)->389028K(630784K) Eden: 110080K(110080K)->110080K(110080K) From: 278948K(520704K)->278948K(520704K)
[166.921s][info][gc,heap        ] GC(346) ParOldGen: 10308394K(10308608K)->10308394K(10308608K)
[166.921s][info][gc,metaspace   ] GC(346) Metaspace: 6298K(6464K)->6298K(6464K) NonClass: 5764K(5824K)->5764K(5824K) Class: 533K(640K)->533K(640K)
[166.921s][info][gc             ] GC(346) Pause Full (Ergonomics) 10446M->10446M(10683M) 3135.515ms
[166.921s][info][gc,cpu         ] GC(346) User=24.47s Sys=0.00s Real=3.14s
[166.921s][info][gc,start       ] GC(347) Pause Full (Ergonomics)
[166.921s][info][gc,phases,start] GC(347) Marking Phase
[169.328s][info][gc,phases      ] GC(347) Marking Phase 2406.506ms
[169.328s][info][gc,phases,start] GC(347) Summary Phase
[169.328s][info][gc,phases      ] GC(347) Summary Phase 0.101ms
[169.328s][info][gc,phases,start] GC(347) Adjust Roots
[169.328s][info][gc,phases      ] GC(347) Adjust Roots 0.167ms
[169.328s][info][gc,phases,start] GC(347) Compaction Phase
[170.020s][info][gc,phases      ] GC(347) Compaction Phase 691.169ms
[170.020s][info][gc,phases,start] GC(347) Post Compact
[170.034s][info][gc,phases      ] GC(347) Post Compact 14.885ms
[170.035s][info][gc,heap        ] GC(347) PSYoungGen: 389028K(630784K)->389028K(630784K) Eden: 110080K(110080K)->110080K(110080K) From: 278948K(520704K)->278948K(520704K)
[170.035s][info][gc,heap        ] GC(347) ParOldGen: 10308399K(10308608K)->10308399K(10308608K)
[170.035s][info][gc,metaspace   ] GC(347) Metaspace: 6298K(6464K)->6298K(6464K) NonClass: 5764K(5824K)->5764K(5824K) Class: 533K(640K)->533K(640K)
[170.035s][info][gc             ] GC(347) Pause Full (Ergonomics) 10446M->10446M(10683M) 3113.205ms
[170.035s][info][gc,cpu         ] GC(347) User=24.30s Sys=0.00s Real=3.11s
[170.035s][info][gc,start       ] GC(348) Pause Full (Ergonomics)
[170.035s][info][gc,phases,start] GC(348) Marking Phase
[172.499s][info][gc,phases      ] GC(348) Marking Phase 2463.774ms
[172.499s][info][gc,phases,start] GC(348) Summary Phase
[172.499s][info][gc,phases      ] GC(348) Summary Phase 0.099ms
[172.499s][info][gc,phases,start] GC(348) Adjust Roots
[172.499s][info][gc,phases      ] GC(348) Adjust Roots 0.188ms
[172.499s][info][gc,phases,start] GC(348) Compaction Phase
[173.172s][info][gc,phases      ] GC(348) Compaction Phase 672.634ms
[173.172s][info][gc,phases,start] GC(348) Post Compact
[173.186s][info][gc,phases      ] GC(348) Post Compact 14.722ms
[173.187s][info][gc,heap        ] GC(348) PSYoungGen: 389028K(630784K)->389028K(630784K) Eden: 110080K(110080K)->110080K(110080K) From: 278948K(520704K)->278948K(520704K)
[173.187s][info][gc,heap        ] GC(348) ParOldGen: 10308404K(10308608K)->10308404K(10308608K)
[173.187s][info][gc,metaspace   ] GC(348) Metaspace: 6298K(6464K)->6298K(6464K) NonClass: 5764K(5824K)->5764K(5824K) Class: 533K(640K)->533K(640K)
[173.187s][info][gc             ] GC(348) Pause Full (Ergonomics) 10446M->10446M(10683M) 3151.786ms
[173.187s][info][gc,cpu         ] GC(348) User=24.59s Sys=0.02s Real=3.15s
[173.187s][info][gc,start       ] GC(349) Pause Full (Ergonomics)
[173.187s][info][gc,phases,start] GC(349) Marking Phase
[175.651s][info][gc,phases      ] GC(349) Marking Phase 2464.147ms
[175.651s][info][gc,phases,start] GC(349) Summary Phase
[175.651s][info][gc,phases      ] GC(349) Summary Phase 0.099ms
[175.651s][info][gc,phases,start] GC(349) Adjust Roots
[175.651s][info][gc,phases      ] GC(349) Adjust Roots 0.160ms
[175.651s][info][gc,phases,start] GC(349) Compaction Phase
[176.330s][info][gc,phases      ] GC(349) Compaction Phase 679.006ms
[176.330s][info][gc,phases,start] GC(349) Post Compact
[176.345s][info][gc,phases      ] GC(349) Post Compact 14.518ms
[176.345s][info][gc,heap        ] GC(349) PSYoungGen: 389028K(630784K)->389028K(630784K) Eden: 110080K(110080K)->110080K(110080K) From: 278948K(520704K)->278948K(520704K)
[176.345s][info][gc,heap        ] GC(349) ParOldGen: 10308409K(10308608K)->10308409K(10308608K)
[176.345s][info][gc,metaspace   ] GC(349) Metaspace: 6298K(6464K)->6298K(6464K) NonClass: 5764K(5824K)->5764K(5824K) Class: 533K(640K)->533K(640K)
[176.345s][info][gc             ] GC(349) Pause Full (Ergonomics) 10446M->10446M(10683M) 3158.419ms
[176.345s][info][gc,cpu         ] GC(349) User=24.73s Sys=0.00s Real=3.16s
[176.345s][info][gc,start       ] GC(350) Pause Full (Ergonomics)
[176.346s][info][gc,phases,start] GC(350) Marking Phase
[178.748s][info][gc,phases      ] GC(350) Marking Phase 2402.429ms
[178.748s][info][gc,phases,start] GC(350) Summary Phase
[178.748s][info][gc,phases      ] GC(350) Summary Phase 0.099ms
[178.748s][info][gc,phases,start] GC(350) Adjust Roots
[178.748s][info][gc,phases      ] GC(350) Adjust Roots 0.163ms
[178.748s][info][gc,phases,start] GC(350) Compaction Phase
[179.436s][info][gc,phases      ] GC(350) Compaction Phase 687.349ms
[179.436s][info][gc,phases,start] GC(350) Post Compact
[179.450s][info][gc,phases      ] GC(350) Post Compact 13.908ms
[179.450s][info][gc,heap        ] GC(350) PSYoungGen: 389028K(630784K)->389028K(630784K) Eden: 110080K(110080K)->110080K(110080K) From: 278948K(520704K)->278948K(520704K)
[179.450s][info][gc,heap        ] GC(350) ParOldGen: 10308413K(10308608K)->10308413K(10308608K)
[179.450s][info][gc,metaspace   ] GC(350) Metaspace: 6298K(6464K)->6298K(6464K) NonClass: 5764K(5824K)->5764K(5824K) Class: 533K(640K)->533K(640K)
[179.450s][info][gc             ] GC(350) Pause Full (Ergonomics) 10446M->10446M(10683M) 3104.319ms
[179.450s][info][gc,cpu         ] GC(350) User=24.14s Sys=0.02s Real=3.10s
[179.450s][info][gc,start       ] GC(351) Pause Full (Ergonomics)
[179.450s][info][gc,phases,start] GC(351) Marking Phase
[181.846s][info][gc,phases      ] GC(351) Marking Phase 2395.925ms
[181.846s][info][gc,phases,start] GC(351) Summary Phase
[181.846s][info][gc,phases      ] GC(351) Summary Phase 0.111ms
[181.846s][info][gc,phases,start] GC(351) Adjust Roots
[181.846s][info][gc,phases      ] GC(351) Adjust Roots 0.196ms
[181.846s][info][gc,phases,start] GC(351) Compaction Phase
[182.519s][info][gc,phases      ] GC(351) Compaction Phase 672.446ms
[182.519s][info][gc,phases,start] GC(351) Post Compact
[182.534s][info][gc,phases      ] GC(351) Post Compact 14.630ms
[182.534s][info][gc,heap        ] GC(351) PSYoungGen: 389028K(630784K)->389028K(630784K) Eden: 110080K(110080K)->110080K(110080K) From: 278948K(520704K)->278948K(520704K)
[182.534s][info][gc,heap        ] GC(351) ParOldGen: 10308418K(10308608K)->10308418K(10308608K)
[182.534s][info][gc,metaspace   ] GC(351) Metaspace: 6298K(6464K)->6298K(6464K) NonClass: 5764K(5824K)->5764K(5824K) Class: 533K(640K)->533K(640K)
[182.534s][info][gc             ] GC(351) Pause Full (Ergonomics) 10446M->10446M(10683M) 3083.656ms
[182.534s][info][gc,cpu         ] GC(351) User=24.23s Sys=0.00s Real=3.08s
[182.534s][info][gc,start       ] GC(352) Pause Full (Ergonomics)
[182.534s][info][gc,phases,start] GC(352) Marking Phase
[184.948s][info][gc,phases      ] GC(352) Marking Phase 2413.966ms
[184.948s][info][gc,phases,start] GC(352) Summary Phase
[184.948s][info][gc,phases      ] GC(352) Summary Phase 0.106ms
[184.948s][info][gc,phases,start] GC(352) Adjust Roots
[184.948s][info][gc,phases      ] GC(352) Adjust Roots 0.164ms
[184.948s][info][gc,phases,start] GC(352) Compaction Phase
[185.645s][info][gc,phases      ] GC(352) Compaction Phase 696.615ms
[185.645s][info][gc,phases,start] GC(352) Post Compact
[185.660s][info][gc,phases      ] GC(352) Post Compact 15.005ms
[185.660s][info][gc,heap        ] GC(352) PSYoungGen: 389028K(630784K)->389028K(630784K) Eden: 110080K(110080K)->110080K(110080K) From: 278948K(520704K)->278948K(520704K)
[185.660s][info][gc,heap        ] GC(352) ParOldGen: 10308423K(10308608K)->10308423K(10308608K)
[185.660s][info][gc,metaspace   ] GC(352) Metaspace: 6298K(6464K)->6298K(6464K) NonClass: 5764K(5824K)->5764K(5824K) Class: 533K(640K)->533K(640K)
[185.660s][info][gc             ] GC(352) Pause Full (Ergonomics) 10446M->10446M(10683M) 3126.202ms
[185.660s][info][gc,cpu         ] GC(352) User=24.39s Sys=0.00s Real=3.13s
[185.660s][info][gc,start       ] GC(353) Pause Full (Ergonomics)
[185.660s][info][gc,phases,start] GC(353) Marking Phase
[188.079s][info][gc,phases      ] GC(353) Marking Phase 2418.994ms
[188.080s][info][gc,phases,start] GC(353) Summary Phase
[188.080s][info][gc,phases      ] GC(353) Summary Phase 0.106ms
[188.080s][info][gc,phases,start] GC(353) Adjust Roots
[188.080s][info][gc,phases      ] GC(353) Adjust Roots 0.202ms
[188.080s][info][gc,phases,start] GC(353) Compaction Phase
[188.754s][info][gc,phases      ] GC(353) Compaction Phase 674.497ms
[188.754s][info][gc,phases,start] GC(353) Post Compact
[188.770s][info][gc,phases      ] GC(353) Post Compact 15.153ms
[188.770s][info][gc,heap        ] GC(353) PSYoungGen: 389028K(630784K)->389028K(630784K) Eden: 110080K(110080K)->110080K(110080K) From: 278948K(520704K)->278948K(520704K)
[188.770s][info][gc,heap        ] GC(353) ParOldGen: 10308428K(10308608K)->10308428K(10308608K)
[188.770s][info][gc,metaspace   ] GC(353) Metaspace: 6298K(6464K)->6298K(6464K) NonClass: 5764K(5824K)->5764K(5824K) Class: 533K(640K)->533K(640K)
[188.770s][info][gc             ] GC(353) Pause Full (Ergonomics) 10446M->10446M(10683M) 3109.316ms
[188.770s][info][gc,cpu         ] GC(353) User=24.45s Sys=0.00s Real=3.11s
[188.770s][info][gc,start       ] GC(354) Pause Full (Ergonomics)
[188.770s][info][gc,phases,start] GC(354) Marking Phase
[191.182s][info][gc,phases      ] GC(354) Marking Phase 2411.953ms
[191.182s][info][gc,phases,start] GC(354) Summary Phase
[191.182s][info][gc,phases      ] GC(354) Summary Phase 0.138ms
[191.182s][info][gc,phases,start] GC(354) Adjust Roots
[191.182s][info][gc,phases      ] GC(354) Adjust Roots 0.207ms
[191.182s][info][gc,phases,start] GC(354) Compaction Phase
[191.881s][info][gc,phases      ] GC(354) Compaction Phase 698.677ms
[191.881s][info][gc,phases,start] GC(354) Post Compact
[191.896s][info][gc,phases      ] GC(354) Post Compact 14.910ms
[191.896s][info][gc,heap        ] GC(354) PSYoungGen: 389028K(630784K)->389028K(630784K) Eden: 110080K(110080K)->110080K(110080K) From: 278948K(520704K)->278948K(520704K)
[191.896s][info][gc,heap        ] GC(354) ParOldGen: 10308433K(10308608K)->10308433K(10308608K)
[191.896s][info][gc,metaspace   ] GC(354) Metaspace: 6298K(6464K)->6298K(6464K) NonClass: 5764K(5824K)->5764K(5824K) Class: 533K(640K)->533K(640K)
[191.896s][info][gc             ] GC(354) Pause Full (Ergonomics) 10446M->10446M(10683M) 3126.237ms
[191.896s][info][gc,cpu         ] GC(354) User=24.39s Sys=0.02s Real=3.13s
[191.896s][info][gc,start       ] GC(355) Pause Full (Ergonomics)
[191.896s][info][gc,phases,start] GC(355) Marking Phase
[194.347s][info][gc,phases      ] GC(355) Marking Phase 2450.219ms
[194.347s][info][gc,phases,start] GC(355) Summary Phase
[194.347s][info][gc,phases      ] GC(355) Summary Phase 0.103ms
[194.347s][info][gc,phases,start] GC(355) Adjust Roots
[194.347s][info][gc,phases      ] GC(355) Adjust Roots 0.186ms
[194.347s][info][gc,phases,start] GC(355) Compaction Phase
[195.033s][info][gc,phases      ] GC(355) Compaction Phase 685.693ms
[195.033s][info][gc,phases,start] GC(355) Post Compact
[195.048s][info][gc,phases      ] GC(355) Post Compact 15.038ms
[195.048s][info][gc,heap        ] GC(355) PSYoungGen: 389028K(630784K)->389028K(630784K) Eden: 110080K(110080K)->110080K(110080K) From: 278948K(520704K)->278948K(520704K)
[195.048s][info][gc,heap        ] GC(355) ParOldGen: 10308438K(10308608K)->10308438K(10308608K)
[195.048s][info][gc,metaspace   ] GC(355) Metaspace: 6298K(6464K)->6298K(6464K) NonClass: 5764K(5824K)->5764K(5824K) Class: 533K(640K)->533K(640K)
[195.048s][info][gc             ] GC(355) Pause Full (Ergonomics) 10446M->10446M(10683M) 3151.594ms
[195.048s][info][gc,cpu         ] GC(355) User=24.53s Sys=0.00s Real=3.15s
[195.048s][info][gc,start       ] GC(356) Pause Full (Ergonomics)
[195.048s][info][gc,phases,start] GC(356) Marking Phase
[197.502s][info][gc,phases      ] GC(356) Marking Phase 2453.462ms
[197.502s][info][gc,phases,start] GC(356) Summary Phase
[197.502s][info][gc,phases      ] GC(356) Summary Phase 0.099ms
[197.502s][info][gc,phases,start] GC(356) Adjust Roots
[197.502s][info][gc,phases      ] GC(356) Adjust Roots 0.164ms
[197.502s][info][gc,phases,start] GC(356) Compaction Phase
[198.181s][info][gc,phases      ] GC(356) Compaction Phase 678.493ms
[198.181s][info][gc,phases,start] GC(356) Post Compact
[198.196s][info][gc,phases      ] GC(356) Post Compact 14.968ms
[198.196s][info][gc,heap        ] GC(356) PSYoungGen: 389028K(630784K)->389028K(630784K) Eden: 110080K(110080K)->110080K(110080K) From: 278948K(520704K)->278948K(520704K)
[198.196s][info][gc,heap        ] GC(356) ParOldGen: 10308442K(10308608K)->10308442K(10308608K)
[198.196s][info][gc,metaspace   ] GC(356) Metaspace: 6298K(6464K)->6298K(6464K) NonClass: 5764K(5824K)->5764K(5824K) Class: 533K(640K)->533K(640K)
[198.196s][info][gc             ] GC(356) Pause Full (Ergonomics) 10446M->10446M(10683M) 3147.536ms
[198.196s][info][gc,cpu         ] GC(356) User=24.73s Sys=0.00s Real=3.15s
[198.196s][info][gc,start       ] GC(357) Pause Full (Ergonomics)
[198.196s][info][gc,phases,start] GC(357) Marking Phase
[200.608s][info][gc,phases      ] GC(357) Marking Phase 2412.292ms
[200.608s][info][gc,phases,start] GC(357) Summary Phase
[200.608s][info][gc,phases      ] GC(357) Summary Phase 0.099ms
[200.608s][info][gc,phases,start] GC(357) Adjust Roots
[200.609s][info][gc,phases      ] GC(357) Adjust Roots 0.157ms
[200.609s][info][gc,phases,start] GC(357) Compaction Phase
[201.292s][info][gc,phases      ] GC(357) Compaction Phase 683.681ms
[201.292s][info][gc,phases,start] GC(357) Post Compact
[201.306s][info][gc,phases      ] GC(357) Post Compact 13.599ms
[201.306s][info][gc,heap        ] GC(357) PSYoungGen: 389028K(630784K)->389028K(630784K) Eden: 110080K(110080K)->110080K(110080K) From: 278948K(520704K)->278948K(520704K)
[201.306s][info][gc,heap        ] GC(357) ParOldGen: 10308447K(10308608K)->10308447K(10308608K)
[201.306s][info][gc,metaspace   ] GC(357) Metaspace: 6298K(6464K)->6298K(6464K) NonClass: 5764K(5824K)->5764K(5824K) Class: 533K(640K)->533K(640K)
[201.306s][info][gc             ] GC(357) Pause Full (Ergonomics) 10446M->10446M(10683M) 3110.187ms
[201.306s][info][gc,cpu         ] GC(357) User=24.47s Sys=0.00s Real=3.11s
[201.306s][info][gc,start       ] GC(358) Pause Full (Ergonomics)
[201.306s][info][gc,phases,start] GC(358) Marking Phase
[203.743s][info][gc,phases      ] GC(358) Marking Phase 2436.969ms
[203.743s][info][gc,phases,start] GC(358) Summary Phase
[203.744s][info][gc,phases      ] GC(358) Summary Phase 0.101ms
[203.744s][info][gc,phases,start] GC(358) Adjust Roots
[203.744s][info][gc,phases      ] GC(358) Adjust Roots 0.161ms
[203.744s][info][gc,phases,start] GC(358) Compaction Phase
[204.452s][info][gc,phases      ] GC(358) Compaction Phase 707.808ms
[204.452s][info][gc,phases,start] GC(358) Post Compact
[204.466s][info][gc,phases      ] GC(358) Post Compact 14.875ms
[204.467s][info][gc,heap        ] GC(358) PSYoungGen: 389028K(630784K)->389028K(630784K) Eden: 110080K(110080K)->110080K(110080K) From: 278948K(520704K)->278948K(520704K)
[204.467s][info][gc,heap        ] GC(358) ParOldGen: 10308452K(10308608K)->10308452K(10308608K)
[204.467s][info][gc,metaspace   ] GC(358) Metaspace: 6298K(6464K)->6298K(6464K) NonClass: 5764K(5824K)->5764K(5824K) Class: 533K(640K)->533K(640K)
[204.467s][info][gc             ] GC(358) Pause Full (Ergonomics) 10446M->10446M(10683M) 3160.274ms
[204.467s][info][gc,cpu         ] GC(358) User=24.61s Sys=0.00s Real=3.16s
[204.467s][info][gc,start       ] GC(359) Pause Full (Ergonomics)
[204.467s][info][gc,phases,start] GC(359) Marking Phase
[206.894s][info][gc,phases      ] GC(359) Marking Phase 2427.385ms
[206.894s][info][gc,phases,start] GC(359) Summary Phase
[206.894s][info][gc,phases      ] GC(359) Summary Phase 0.106ms
[206.894s][info][gc,phases,start] GC(359) Adjust Roots
[206.895s][info][gc,phases      ] GC(359) Adjust Roots 0.163ms
[206.895s][info][gc,phases,start] GC(359) Compaction Phase
[207.583s][info][gc,phases      ] GC(359) Compaction Phase 688.048ms
[207.583s][info][gc,phases,start] GC(359) Post Compact
[207.597s][info][gc,phases      ] GC(359) Post Compact 14.479ms
[207.597s][info][gc,heap        ] GC(359) PSYoungGen: 389028K(630784K)->389028K(630784K) Eden: 110080K(110080K)->110080K(110080K) From: 278948K(520704K)->278948K(520704K)
[207.597s][info][gc,heap        ] GC(359) ParOldGen: 10308457K(10308608K)->10308457K(10308608K)
[207.597s][info][gc,metaspace   ] GC(359) Metaspace: 6298K(6464K)->6298K(6464K) NonClass: 5764K(5824K)->5764K(5824K) Class: 533K(640K)->533K(640K)
[207.597s][info][gc             ] GC(359) Pause Full (Ergonomics) 10446M->10446M(10683M) 3130.558ms
[207.597s][info][gc,cpu         ] GC(359) User=24.42s Sys=0.00s Real=3.13s
[207.598s][info][gc,start       ] GC(360) Pause Full (Ergonomics)
[207.598s][info][gc,phases,start] GC(360) Marking Phase
[210.047s][info][gc,phases      ] GC(360) Marking Phase 2449.015ms
[210.047s][info][gc,phases,start] GC(360) Summary Phase
[210.047s][info][gc,phases      ] GC(360) Summary Phase 0.098ms
[210.047s][info][gc,phases,start] GC(360) Adjust Roots
[210.047s][info][gc,phases      ] GC(360) Adjust Roots 0.164ms
[210.047s][info][gc,phases,start] GC(360) Compaction Phase
[210.719s][info][gc,phases      ] GC(360) Compaction Phase 672.112ms
[210.719s][info][gc,phases,start] GC(360) Post Compact
[210.734s][info][gc,phases      ] GC(360) Post Compact 14.635ms
[210.734s][info][gc,heap        ] GC(360) PSYoungGen: 389028K(630784K)->389028K(630784K) Eden: 110080K(110080K)->110080K(110080K) From: 278948K(520704K)->278948K(520704K)
[210.734s][info][gc,heap        ] GC(360) ParOldGen: 10308462K(10308608K)->10308462K(10308608K)
[210.734s][info][gc,metaspace   ] GC(360) Metaspace: 6298K(6464K)->6298K(6464K) NonClass: 5764K(5824K)->5764K(5824K) Class: 533K(640K)->533K(640K)
[210.734s][info][gc             ] GC(360) Pause Full (Ergonomics) 10446M->10446M(10683M) 3136.368ms
[210.734s][info][gc,cpu         ] GC(360) User=24.50s Sys=0.03s Real=3.14s
[210.734s][info][gc,start       ] GC(361) Pause Full (Ergonomics)
[210.734s][info][gc,phases,start] GC(361) Marking Phase
[213.175s][info][gc,phases      ] GC(361) Marking Phase 2440.657ms
[213.175s][info][gc,phases,start] GC(361) Summary Phase
[213.175s][info][gc,phases      ] GC(361) Summary Phase 0.104ms
[213.175s][info][gc,phases,start] GC(361) Adjust Roots
[213.175s][info][gc,phases      ] GC(361) Adjust Roots 0.171ms
[213.175s][info][gc,phases,start] GC(361) Compaction Phase
[213.826s][info][gc,phases      ] GC(361) Compaction Phase 650.916ms
[213.826s][info][gc,phases,start] GC(361) Post Compact
[213.841s][info][gc,phases      ] GC(361) Post Compact 14.860ms
[213.841s][info][gc,heap        ] GC(361) PSYoungGen: 389028K(630784K)->389028K(630784K) Eden: 110080K(110080K)->110080K(110080K) From: 278948K(520704K)->278948K(520704K)
[213.841s][info][gc,heap        ] GC(361) ParOldGen: 10308467K(10308608K)->10308467K(10308608K)
[213.841s][info][gc,metaspace   ] GC(361) Metaspace: 6298K(6464K)->6298K(6464K) NonClass: 5764K(5824K)->5764K(5824K) Class: 533K(640K)->533K(640K)
[213.841s][info][gc             ] GC(361) Pause Full (Ergonomics) 10446M->10446M(10683M) 3107.055ms
[213.841s][info][gc,cpu         ] GC(361) User=24.45s Sys=0.00s Real=3.11s
[213.841s][info][gc,start       ] GC(362) Pause Full (Ergonomics)
[213.841s][info][gc,phases,start] GC(362) Marking Phase
[216.271s][info][gc,phases      ] GC(362) Marking Phase 2429.702ms
[216.271s][info][gc,phases,start] GC(362) Summary Phase
[216.271s][info][gc,phases      ] GC(362) Summary Phase 0.098ms
[216.271s][info][gc,phases,start] GC(362) Adjust Roots
[216.271s][info][gc,phases      ] GC(362) Adjust Roots 0.163ms
[216.272s][info][gc,phases,start] GC(362) Compaction Phase
[216.918s][info][gc,phases      ] GC(362) Compaction Phase 646.534ms
[216.918s][info][gc,phases,start] GC(362) Post Compact
[216.932s][info][gc,phases      ] GC(362) Post Compact 13.481ms
[216.932s][info][gc,heap        ] GC(362) PSYoungGen: 389028K(630784K)->389028K(630784K) Eden: 110080K(110080K)->110080K(110080K) From: 278948K(520704K)->278948K(520704K)
[216.932s][info][gc,heap        ] GC(362) ParOldGen: 10308471K(10308608K)->10308471K(10308608K)
[216.932s][info][gc,metaspace   ] GC(362) Metaspace: 6298K(6464K)->6298K(6464K) NonClass: 5764K(5824K)->5764K(5824K) Class: 533K(640K)->533K(640K)
[216.932s][info][gc             ] GC(362) Pause Full (Ergonomics) 10446M->10446M(10683M) 3090.338ms
[216.932s][info][gc,cpu         ] GC(362) User=24.19s Sys=0.00s Real=3.09s
[216.932s][info][gc,start       ] GC(363) Pause Full (Ergonomics)
[216.932s][info][gc,phases,start] GC(363) Marking Phase
[219.370s][info][gc,phases      ] GC(363) Marking Phase 2437.612ms
[219.370s][info][gc,phases,start] GC(363) Summary Phase
[219.370s][info][gc,phases      ] GC(363) Summary Phase 0.106ms
[219.370s][info][gc,phases,start] GC(363) Adjust Roots
[219.370s][info][gc,phases      ] GC(363) Adjust Roots 0.197ms
[219.370s][info][gc,phases,start] GC(363) Compaction Phase
[220.010s][info][gc,phases      ] GC(363) Compaction Phase 639.936ms
[220.010s][info][gc,phases,start] GC(363) Post Compact
[220.024s][info][gc,phases      ] GC(363) Post Compact 13.655ms
[220.024s][info][gc,heap        ] GC(363) PSYoungGen: 389028K(630784K)->389028K(630784K) Eden: 110080K(110080K)->110080K(110080K) From: 278948K(520704K)->278948K(520704K)
[220.024s][info][gc,heap        ] GC(363) ParOldGen: 10308476K(10308608K)->10308476K(10308608K)
[220.024s][info][gc,metaspace   ] GC(363) Metaspace: 6298K(6464K)->6298K(6464K) NonClass: 5764K(5824K)->5764K(5824K) Class: 533K(640K)->533K(640K)
[220.024s][info][gc             ] GC(363) Pause Full (Ergonomics) 10446M->10446M(10683M) 3091.859ms
[220.024s][info][gc,cpu         ] GC(363) User=24.33s Sys=0.05s Real=3.09s
[220.024s][info][gc,start       ] GC(364) Pause Full (Ergonomics)
[220.024s][info][gc,phases,start] GC(364) Marking Phase
[222.465s][info][gc,phases      ] GC(364) Marking Phase 2441.280ms
[222.465s][info][gc,phases,start] GC(364) Summary Phase
[222.465s][info][gc,phases      ] GC(364) Summary Phase 0.101ms
[222.466s][info][gc,phases,start] GC(364) Adjust Roots
[222.466s][info][gc,phases      ] GC(364) Adjust Roots 0.185ms
[222.466s][info][gc,phases,start] GC(364) Compaction Phase
[223.107s][info][gc,phases      ] GC(364) Compaction Phase 641.587ms
[223.107s][info][gc,phases,start] GC(364) Post Compact
[223.122s][info][gc,phases      ] GC(364) Post Compact 14.252ms
[223.122s][info][gc,heap        ] GC(364) PSYoungGen: 389028K(630784K)->389028K(630784K) Eden: 110080K(110080K)->110080K(110080K) From: 278948K(520704K)->278948K(520704K)
[223.122s][info][gc,heap        ] GC(364) ParOldGen: 10308481K(10308608K)->10308481K(10308608K)
[223.122s][info][gc,metaspace   ] GC(364) Metaspace: 6298K(6464K)->6298K(6464K) NonClass: 5764K(5824K)->5764K(5824K) Class: 533K(640K)->533K(640K)
[223.122s][info][gc             ] GC(364) Pause Full (Ergonomics) 10446M->10446M(10683M) 3097.749ms
[223.122s][info][gc,cpu         ] GC(364) User=24.25s Sys=0.00s Real=3.10s
[223.122s][info][gc,start       ] GC(365) Pause Full (Ergonomics)
[223.122s][info][gc,phases,start] GC(365) Marking Phase
[225.589s][info][gc,phases      ] GC(365) Marking Phase 2466.850ms
[225.589s][info][gc,phases,start] GC(365) Summary Phase
[225.589s][info][gc,phases      ] GC(365) Summary Phase 0.123ms
[225.589s][info][gc,phases,start] GC(365) Adjust Roots
[225.589s][info][gc,phases      ] GC(365) Adjust Roots 0.190ms
[225.589s][info][gc,phases,start] GC(365) Compaction Phase
[226.243s][info][gc,phases      ] GC(365) Compaction Phase 653.949ms
[226.243s][info][gc,phases,start] GC(365) Post Compact
[226.258s][info][gc,phases      ] GC(365) Post Compact 14.458ms
[226.258s][info][gc,heap        ] GC(365) PSYoungGen: 389028K(630784K)->389028K(630784K) Eden: 110080K(110080K)->110080K(110080K) From: 278948K(520704K)->278948K(520704K)
[226.258s][info][gc,heap        ] GC(365) ParOldGen: 10308486K(10308608K)->10308486K(10308608K)
[226.258s][info][gc,metaspace   ] GC(365) Metaspace: 6298K(6464K)->6298K(6464K) NonClass: 5764K(5824K)->5764K(5824K) Class: 533K(640K)->533K(640K)
[226.258s][info][gc             ] GC(365) Pause Full (Ergonomics) 10446M->10446M(10683M) 3135.963ms
[226.258s][info][gc,cpu         ] GC(365) User=24.36s Sys=0.00s Real=3.13s
[226.258s][info][gc,start       ] GC(366) Pause Full (Ergonomics)
[226.258s][info][gc,phases,start] GC(366) Marking Phase
[228.684s][info][gc,phases      ] GC(366) Marking Phase 2425.293ms
[228.684s][info][gc,phases,start] GC(366) Summary Phase
[228.684s][info][gc,phases      ] GC(366) Summary Phase 0.105ms
[228.684s][info][gc,phases,start] GC(366) Adjust Roots
[228.684s][info][gc,phases      ] GC(366) Adjust Roots 0.161ms
[228.684s][info][gc,phases,start] GC(366) Compaction Phase
[229.326s][info][gc,phases      ] GC(366) Compaction Phase 642.073ms
[229.326s][info][gc,phases,start] GC(366) Post Compact
[229.340s][info][gc,phases      ] GC(366) Post Compact 13.903ms
[229.340s][info][gc,heap        ] GC(366) PSYoungGen: 389028K(630784K)->389028K(630784K) Eden: 110080K(110080K)->110080K(110080K) From: 278948K(520704K)->278948K(520704K)
[229.340s][info][gc,heap        ] GC(366) ParOldGen: 10308491K(10308608K)->10308491K(10308608K)
[229.340s][info][gc,metaspace   ] GC(366) Metaspace: 6298K(6464K)->6298K(6464K) NonClass: 5764K(5824K)->5764K(5824K) Class: 533K(640K)->533K(640K)
[229.340s][info][gc             ] GC(366) Pause Full (Ergonomics) 10446M->10446M(10683M) 3081.867ms
[229.340s][info][gc,cpu         ] GC(366) User=24.12s Sys=0.05s Real=3.08s
[229.340s][info][gc,start       ] GC(367) Pause Full (Ergonomics)
[229.340s][info][gc,phases,start] GC(367) Marking Phase
[231.802s][info][gc,phases      ] GC(367) Marking Phase 2461.527ms
[231.802s][info][gc,phases,start] GC(367) Summary Phase
[231.802s][info][gc,phases      ] GC(367) Summary Phase 0.141ms
[231.802s][info][gc,phases,start] GC(367) Adjust Roots
[231.802s][info][gc,phases      ] GC(367) Adjust Roots 0.297ms
[231.802s][info][gc,phases,start] GC(367) Compaction Phase
[232.446s][info][gc,phases      ] GC(367) Compaction Phase 643.527ms
[232.446s][info][gc,phases,start] GC(367) Post Compact
[232.465s][info][gc,phases      ] GC(367) Post Compact 18.598ms
[232.465s][info][gc,heap        ] GC(367) PSYoungGen: 389028K(630784K)->389028K(630784K) Eden: 110080K(110080K)->110080K(110080K) From: 278948K(520704K)->278948K(520704K)
[232.465s][info][gc,heap        ] GC(367) ParOldGen: 10308496K(10308608K)->10308496K(10308608K)
[232.465s][info][gc,metaspace   ] GC(367) Metaspace: 6298K(6464K)->6298K(6464K) NonClass: 5764K(5824K)->5764K(5824K) Class: 533K(640K)->533K(640K)
[232.465s][info][gc             ] GC(367) Pause Full (Ergonomics) 10446M->10446M(10683M) 3124.492ms
[232.465s][info][gc,cpu         ] GC(367) User=24.16s Sys=0.02s Real=3.12s
[232.465s][info][gc,start       ] GC(368) Pause Full (Ergonomics)
[232.465s][info][gc,phases,start] GC(368) Marking Phase
[234.908s][info][gc,phases      ] GC(368) Marking Phase 2443.162ms
[234.908s][info][gc,phases,start] GC(368) Summary Phase
[234.909s][info][gc,phases      ] GC(368) Summary Phase 0.244ms
[234.909s][info][gc,phases,start] GC(368) Adjust Roots
[234.909s][info][gc,phases      ] GC(368) Adjust Roots 0.295ms
[234.909s][info][gc,phases,start] GC(368) Compaction Phase
[235.549s][info][gc,phases      ] GC(368) Compaction Phase 639.982ms
[235.549s][info][gc,phases,start] GC(368) Post Compact
[235.567s][info][gc,phases      ] GC(368) Post Compact 18.112ms
[235.567s][info][gc,heap        ] GC(368) PSYoungGen: 389028K(630784K)->389028K(630784K) Eden: 110080K(110080K)->110080K(110080K) From: 278948K(520704K)->278948K(520704K)
[235.567s][info][gc,heap        ] GC(368) ParOldGen: 10308500K(10308608K)->10308500K(10308608K)
[235.567s][info][gc,metaspace   ] GC(368) Metaspace: 6298K(6464K)->6298K(6464K) NonClass: 5764K(5824K)->5764K(5824K) Class: 533K(640K)->533K(640K)
[235.567s][info][gc             ] GC(368) Pause Full (Ergonomics) 10446M->10446M(10683M) 3102.159ms
[235.567s][info][gc,cpu         ] GC(368) User=24.00s Sys=0.00s Real=3.10s
[235.567s][info][gc,start       ] GC(369) Pause Full (Ergonomics)
[235.567s][info][gc,phases,start] GC(369) Marking Phase
[237.986s][info][gc,phases      ] GC(369) Marking Phase 2418.853ms
[237.986s][info][gc,phases,start] GC(369) Summary Phase
[237.986s][info][gc,phases      ] GC(369) Summary Phase 0.170ms
[237.986s][info][gc,phases,start] GC(369) Adjust Roots
[237.987s][info][gc,phases      ] GC(369) Adjust Roots 0.350ms
[237.987s][info][gc,phases,start] GC(369) Compaction Phase
[238.628s][info][gc,phases      ] GC(369) Compaction Phase 641.216ms
[238.628s][info][gc,phases,start] GC(369) Post Compact
[238.644s][info][gc,phases      ] GC(369) Post Compact 15.579ms
[238.644s][info][gc,heap        ] GC(369) PSYoungGen: 389028K(630784K)->389028K(630784K) Eden: 110080K(110080K)->110080K(110080K) From: 278948K(520704K)->278948K(520704K)
[238.644s][info][gc,heap        ] GC(369) ParOldGen: 10308505K(10308608K)->10308505K(10308608K)
[238.644s][info][gc,metaspace   ] GC(369) Metaspace: 6298K(6464K)->6298K(6464K) NonClass: 5764K(5824K)->5764K(5824K) Class: 533K(640K)->533K(640K)
[238.644s][info][gc             ] GC(369) Pause Full (Ergonomics) 10446M->10446M(10683M) 3076.576ms
[238.644s][info][gc,cpu         ] GC(369) User=23.94s Sys=0.00s Real=3.08s
[238.644s][info][gc,start       ] GC(370) Pause Full (Ergonomics)
[238.644s][info][gc,phases,start] GC(370) Marking Phase
[241.061s][info][gc,phases      ] GC(370) Marking Phase 2417.245ms
[241.061s][info][gc,phases,start] GC(370) Summary Phase
[241.062s][info][gc,phases      ] GC(370) Summary Phase 0.177ms
[241.062s][info][gc,phases,start] GC(370) Adjust Roots
[241.062s][info][gc,phases      ] GC(370) Adjust Roots 0.370ms
[241.062s][info][gc,phases,start] GC(370) Compaction Phase
[241.710s][info][gc,phases      ] GC(370) Compaction Phase 647.665ms
[241.710s][info][gc,phases,start] GC(370) Post Compact
[241.724s][info][gc,phases      ] GC(370) Post Compact 14.587ms
[241.724s][info][gc,heap        ] GC(370) PSYoungGen: 389028K(630784K)->389028K(630784K) Eden: 110080K(110080K)->110080K(110080K) From: 278948K(520704K)->278948K(520704K)
[241.725s][info][gc,heap        ] GC(370) ParOldGen: 10308510K(10308608K)->10308510K(10308608K)
[241.725s][info][gc,metaspace   ] GC(370) Metaspace: 6298K(6464K)->6298K(6464K) NonClass: 5764K(5824K)->5764K(5824K) Class: 533K(640K)->533K(640K)
[241.725s][info][gc             ] GC(370) Pause Full (Ergonomics) 10446M->10446M(10683M) 3080.410ms
[241.725s][info][gc,cpu         ] GC(370) User=23.92s Sys=0.00s Real=3.08s
[241.725s][info][gc,start       ] GC(371) Pause Full (Ergonomics)
[241.725s][info][gc,phases,start] GC(371) Marking Phase
[244.204s][info][gc,phases      ] GC(371) Marking Phase 2479.378ms
[244.204s][info][gc,phases,start] GC(371) Summary Phase
[244.204s][info][gc,phases      ] GC(371) Summary Phase 0.115ms
[244.204s][info][gc,phases,start] GC(371) Adjust Roots
[244.205s][info][gc,phases      ] GC(371) Adjust Roots 0.195ms
[244.205s][info][gc,phases,start] GC(371) Compaction Phase
[244.836s][info][gc,phases      ] GC(371) Compaction Phase 631.538ms
[244.836s][info][gc,phases,start] GC(371) Post Compact
[244.850s][info][gc,phases      ] GC(371) Post Compact 14.124ms
[244.850s][info][gc,heap        ] GC(371) PSYoungGen: 389028K(630784K)->389028K(630784K) Eden: 110080K(110080K)->110080K(110080K) From: 278948K(520704K)->278948K(520704K)
[244.850s][info][gc,heap        ] GC(371) ParOldGen: 10308515K(10308608K)->10308515K(10308608K)
[244.850s][info][gc,metaspace   ] GC(371) Metaspace: 6298K(6464K)->6298K(6464K) NonClass: 5764K(5824K)->5764K(5824K) Class: 533K(640K)->533K(640K)
[244.850s][info][gc             ] GC(371) Pause Full (Ergonomics) 10446M->10446M(10683M) 3125.691ms
[244.850s][info][gc,cpu         ] GC(371) User=24.39s Sys=0.00s Real=3.13s
[244.851s][info][gc,start       ] GC(372) Pause Full (Ergonomics)
[244.851s][info][gc,phases,start] GC(372) Marking Phase
[247.269s][info][gc,phases      ] GC(372) Marking Phase 2418.025ms
[247.269s][info][gc,phases,start] GC(372) Summary Phase
[247.269s][info][gc,phases      ] GC(372) Summary Phase 0.141ms
[247.269s][info][gc,phases,start] GC(372) Adjust Roots
[247.269s][info][gc,phases      ] GC(372) Adjust Roots 0.201ms
[247.269s][info][gc,phases,start] GC(372) Compaction Phase
[247.904s][info][gc,phases      ] GC(372) Compaction Phase 635.216ms
[247.904s][info][gc,phases,start] GC(372) Post Compact
[247.918s][info][gc,phases      ] GC(372) Post Compact 14.026ms
[247.919s][info][gc,heap        ] GC(372) PSYoungGen: 389028K(630784K)->389028K(630784K) Eden: 110080K(110080K)->110080K(110080K) From: 278948K(520704K)->278948K(520704K)
[247.919s][info][gc,heap        ] GC(372) ParOldGen: 10308520K(10308608K)->10308520K(10308608K)
[247.919s][info][gc,metaspace   ] GC(372) Metaspace: 6298K(6464K)->6298K(6464K) NonClass: 5764K(5824K)->5764K(5824K) Class: 533K(640K)->533K(640K)
[247.919s][info][gc             ] GC(372) Pause Full (Ergonomics) 10446M->10446M(10683M) 3067.929ms
[247.919s][info][gc,cpu         ] GC(372) User=23.88s Sys=0.00s Real=3.07s
[247.919s][info][gc,start       ] GC(373) Pause Full (Ergonomics)
[247.919s][info][gc,phases,start] GC(373) Marking Phase
[250.370s][info][gc,phases      ] GC(373) Marking Phase 2450.949ms
[250.370s][info][gc,phases,start] GC(373) Summary Phase
[250.370s][info][gc,phases      ] GC(373) Summary Phase 0.177ms
[250.370s][info][gc,phases,start] GC(373) Adjust Roots
[250.370s][info][gc,phases      ] GC(373) Adjust Roots 0.369ms
[250.371s][info][gc,phases,start] GC(373) Compaction Phase
[251.009s][info][gc,phases      ] GC(373) Compaction Phase 638.090ms
[251.009s][info][gc,phases,start] GC(373) Post Compact
[251.025s][info][gc,phases      ] GC(373) Post Compact 16.251ms
[251.025s][info][gc,heap        ] GC(373) PSYoungGen: 389028K(630784K)->389028K(630784K) Eden: 110080K(110080K)->110080K(110080K) From: 278948K(520704K)->278948K(520704K)
[251.025s][info][gc,heap        ] GC(373) ParOldGen: 10308525K(10308608K)->10308525K(10308608K)
[251.025s][info][gc,metaspace   ] GC(373) Metaspace: 6298K(6464K)->6298K(6464K) NonClass: 5764K(5824K)->5764K(5824K) Class: 533K(640K)->533K(640K)
[251.025s][info][gc             ] GC(373) Pause Full (Ergonomics) 10446M->10446M(10683M) 3106.274ms
[251.025s][info][gc,cpu         ] GC(373) User=24.08s Sys=0.02s Real=3.11s
[251.025s][info][gc,start       ] GC(374) Pause Full (Ergonomics)
[251.025s][info][gc,phases,start] GC(374) Marking Phase
[253.436s][info][gc,phases      ] GC(374) Marking Phase 2410.794ms
[253.436s][info][gc,phases,start] GC(374) Summary Phase
[253.436s][info][gc,phases      ] GC(374) Summary Phase 0.188ms
[253.436s][info][gc,phases,start] GC(374) Adjust Roots
[253.437s][info][gc,phases      ] GC(374) Adjust Roots 0.381ms
[253.437s][info][gc,phases,start] GC(374) Compaction Phase
[254.072s][info][gc,phases      ] GC(374) Compaction Phase 635.314ms
[254.072s][info][gc,phases,start] GC(374) Post Compact
[254.086s][info][gc,phases      ] GC(374) Post Compact 13.818ms
[254.086s][info][gc,heap        ] GC(374) PSYoungGen: 389028K(630784K)->389028K(630784K) Eden: 110080K(110080K)->110080K(110080K) From: 278948K(520704K)->278948K(520704K)
[254.086s][info][gc,heap        ] GC(374) ParOldGen: 10308529K(10308608K)->10308529K(10308608K)
[254.086s][info][gc,metaspace   ] GC(374) Metaspace: 6298K(6464K)->6298K(6464K) NonClass: 5764K(5824K)->5764K(5824K) Class: 533K(640K)->533K(640K)
[254.086s][info][gc             ] GC(374) Pause Full (Ergonomics) 10446M->10446M(10683M) 3060.937ms
[254.086s][info][gc,cpu         ] GC(374) User=23.73s Sys=0.00s Real=3.06s
[254.086s][info][gc,start       ] GC(375) Pause Full (Ergonomics)
[254.086s][info][gc,phases,start] GC(375) Marking Phase
[256.495s][info][gc,phases      ] GC(375) Marking Phase 2408.708ms
[256.495s][info][gc,phases,start] GC(375) Summary Phase
[256.495s][info][gc,phases      ] GC(375) Summary Phase 0.138ms
[256.495s][info][gc,phases,start] GC(375) Adjust Roots
[256.496s][info][gc,phases      ] GC(375) Adjust Roots 0.210ms
[256.496s][info][gc,phases,start] GC(375) Compaction Phase
[257.149s][info][gc,phases      ] GC(375) Compaction Phase 653.273ms
[257.149s][info][gc,phases,start] GC(375) Post Compact
[257.163s][info][gc,phases      ] GC(375) Post Compact 13.900ms
[257.163s][info][gc,heap        ] GC(375) PSYoungGen: 389028K(630784K)->389028K(630784K) Eden: 110080K(110080K)->110080K(110080K) From: 278948K(520704K)->278948K(520704K)
[257.163s][info][gc,heap        ] GC(375) ParOldGen: 10308534K(10308608K)->10308534K(10308608K)
[257.163s][info][gc,metaspace   ] GC(375) Metaspace: 6298K(6464K)->6298K(6464K) NonClass: 5764K(5824K)->5764K(5824K) Class: 533K(640K)->533K(640K)
[257.163s][info][gc             ] GC(375) Pause Full (Ergonomics) 10446M->10446M(10683M) 3076.615ms
[257.163s][info][gc,cpu         ] GC(375) User=23.81s Sys=0.02s Real=3.08s
[257.163s][info][gc,start       ] GC(376) Pause Full (Ergonomics)
[257.163s][info][gc,phases,start] GC(376) Marking Phase
[259.579s][info][gc,phases      ] GC(376) Marking Phase 2415.467ms
[259.579s][info][gc,phases,start] GC(376) Summary Phase
[259.579s][info][gc,phases      ] GC(376) Summary Phase 0.112ms
[259.579s][info][gc,phases,start] GC(376) Adjust Roots
[259.579s][info][gc,phases      ] GC(376) Adjust Roots 0.185ms
[259.579s][info][gc,phases,start] GC(376) Compaction Phase
[260.237s][info][gc,phases      ] GC(376) Compaction Phase 657.762ms
[260.237s][info][gc,phases,start] GC(376) Post Compact
[260.252s][info][gc,phases      ] GC(376) Post Compact 14.936ms
[260.252s][info][gc,heap        ] GC(376) PSYoungGen: 389028K(630784K)->389028K(630784K) Eden: 110080K(110080K)->110080K(110080K) From: 278948K(520704K)->278948K(520704K)
[260.252s][info][gc,heap        ] GC(376) ParOldGen: 10308539K(10308608K)->10308539K(10308608K)
[260.252s][info][gc,metaspace   ] GC(376) Metaspace: 6298K(6464K)->6298K(6464K) NonClass: 5764K(5824K)->5764K(5824K) Class: 533K(640K)->533K(640K)
[260.252s][info][gc             ] GC(376) Pause Full (Ergonomics) 10446M->10446M(10683M) 3088.797ms
[260.252s][info][gc,cpu         ] GC(376) User=23.88s Sys=0.00s Real=3.09s
[260.252s][info][gc,start       ] GC(377) Pause Full (Ergonomics)
[260.252s][info][gc,phases,start] GC(377) Marking Phase
[262.677s][info][gc,phases      ] GC(377) Marking Phase 2424.201ms
[262.677s][info][gc,phases,start] GC(377) Summary Phase
[262.677s][info][gc,phases      ] GC(377) Summary Phase 0.164ms
[262.677s][info][gc,phases,start] GC(377) Adjust Roots
[262.677s][info][gc,phases      ] GC(377) Adjust Roots 0.375ms
[262.677s][info][gc,phases,start] GC(377) Compaction Phase
[263.319s][info][gc,phases      ] GC(377) Compaction Phase 641.659ms
[263.319s][info][gc,phases,start] GC(377) Post Compact
[263.334s][info][gc,phases      ] GC(377) Post Compact 14.909ms
[263.334s][info][gc,heap        ] GC(377) PSYoungGen: 389028K(630784K)->389028K(630784K) Eden: 110080K(110080K)->110080K(110080K) From: 278948K(520704K)->278948K(520704K)
[263.334s][info][gc,heap        ] GC(377) ParOldGen: 10308544K(10308608K)->10308544K(10308608K)
[263.334s][info][gc,metaspace   ] GC(377) Metaspace: 6298K(6464K)->6298K(6464K) NonClass: 5764K(5824K)->5764K(5824K) Class: 533K(640K)->533K(640K)
[263.334s][info][gc             ] GC(377) Pause Full (Ergonomics) 10446M->10446M(10683M) 3081.778ms
[263.334s][info][gc,cpu         ] GC(377) User=23.86s Sys=0.02s Real=3.08s
[263.334s][info][gc,start       ] GC(378) Pause Full (Ergonomics)
[263.334s][info][gc,phases,start] GC(378) Marking Phase
[265.762s][info][gc,phases      ] GC(378) Marking Phase 2427.891ms
[265.762s][info][gc,phases,start] GC(378) Summary Phase
[265.762s][info][gc,phases      ] GC(378) Summary Phase 0.109ms
[265.762s][info][gc,phases,start] GC(378) Adjust Roots
[265.763s][info][gc,phases      ] GC(378) Adjust Roots 0.178ms
[265.763s][info][gc,phases,start] GC(378) Compaction Phase
[266.407s][info][gc,phases      ] GC(378) Compaction Phase 644.467ms
[266.407s][info][gc,phases,start] GC(378) Post Compact
[266.421s][info][gc,phases      ] GC(378) Post Compact 14.087ms
[266.421s][info][gc,heap        ] GC(378) PSYoungGen: 389028K(630784K)->389028K(630784K) Eden: 110080K(110080K)->110080K(110080K) From: 278948K(520704K)->278948K(520704K)
[266.421s][info][gc,heap        ] GC(378) ParOldGen: 10308549K(10308608K)->10308549K(10308608K)
[266.421s][info][gc,metaspace   ] GC(378) Metaspace: 6298K(6464K)->6298K(6464K) NonClass: 5764K(5824K)->5764K(5824K) Class: 533K(640K)->533K(640K)
[266.421s][info][gc             ] GC(378) Pause Full (Ergonomics) 10446M->10446M(10683M) 3087.106ms
[266.421s][info][gc,cpu         ] GC(378) User=24.00s Sys=0.00s Real=3.09s
[266.422s][info][gc,start       ] GC(379) Pause Full (Ergonomics)
[266.422s][info][gc,phases,start] GC(379) Marking Phase
[268.829s][info][gc,phases      ] GC(379) Marking Phase 2407.172ms
[268.829s][info][gc,phases,start] GC(379) Summary Phase
[268.829s][info][gc,phases      ] GC(379) Summary Phase 0.116ms
[268.829s][info][gc,phases,start] GC(379) Adjust Roots
[268.829s][info][gc,phases      ] GC(379) Adjust Roots 0.178ms
[268.829s][info][gc,phases,start] GC(379) Compaction Phase
[269.485s][info][gc,phases      ] GC(379) Compaction Phase 656.192ms
[269.485s][info][gc,phases,start] GC(379) Post Compact
[269.500s][info][gc,phases      ] GC(379) Post Compact 14.787ms
[269.500s][info][gc,heap        ] GC(379) PSYoungGen: 389028K(630784K)->389028K(630784K) Eden: 110080K(110080K)->110080K(110080K) From: 278948K(520704K)->278948K(520704K)
[269.500s][info][gc,heap        ] GC(379) ParOldGen: 10308554K(10308608K)->10308554K(10308608K)
[269.500s][info][gc,metaspace   ] GC(379) Metaspace: 6298K(6464K)->6298K(6464K) NonClass: 5764K(5824K)->5764K(5824K) Class: 533K(640K)->533K(640K)
[269.500s][info][gc             ] GC(379) Pause Full (Ergonomics) 10446M->10446M(10683M) 3078.809ms
[269.500s][info][gc,cpu         ] GC(379) User=23.84s Sys=0.00s Real=3.08s
[269.501s][info][gc,start       ] GC(380) Pause Full (Ergonomics)
[269.501s][info][gc,phases,start] GC(380) Marking Phase
[271.901s][info][gc,phases      ] GC(380) Marking Phase 2400.149ms
[271.901s][info][gc,phases,start] GC(380) Summary Phase
[271.901s][info][gc,phases      ] GC(380) Summary Phase 0.100ms
[271.901s][info][gc,phases,start] GC(380) Adjust Roots
[271.901s][info][gc,phases      ] GC(380) Adjust Roots 0.161ms
[271.901s][info][gc,phases,start] GC(380) Compaction Phase
[272.564s][info][gc,phases      ] GC(380) Compaction Phase 662.957ms
[272.564s][info][gc,phases,start] GC(380) Post Compact
[272.580s][info][gc,phases      ] GC(380) Post Compact 15.989ms
[272.580s][info][gc,heap        ] GC(380) PSYoungGen: 389028K(630784K)->389028K(630784K) Eden: 110080K(110080K)->110080K(110080K) From: 278948K(520704K)->278948K(520704K)
[272.580s][info][gc,heap        ] GC(380) ParOldGen: 10308558K(10308608K)->10308558K(10308608K)
[272.580s][info][gc,metaspace   ] GC(380) Metaspace: 6298K(6464K)->6298K(6464K) NonClass: 5764K(5824K)->5764K(5824K) Class: 533K(640K)->533K(640K)
[272.580s][info][gc             ] GC(380) Pause Full (Ergonomics) 10446M->10446M(10683M) 3079.723ms
[272.580s][info][gc,cpu         ] GC(380) User=23.89s Sys=0.00s Real=3.08s
[272.581s][info][gc,start       ] GC(381) Pause Full (Ergonomics)
[272.581s][info][gc,phases,start] GC(381) Marking Phase
[274.996s][info][gc,phases      ] GC(381) Marking Phase 2415.873ms
[274.997s][info][gc,phases,start] GC(381) Summary Phase
[274.997s][info][gc,phases      ] GC(381) Summary Phase 0.098ms
[274.997s][info][gc,phases,start] GC(381) Adjust Roots
[274.997s][info][gc,phases      ] GC(381) Adjust Roots 0.162ms
[274.997s][info][gc,phases,start] GC(381) Compaction Phase
[275.656s][info][gc,phases      ] GC(381) Compaction Phase 659.274ms
[275.656s][info][gc,phases,start] GC(381) Post Compact
[275.671s][info][gc,phases      ] GC(381) Post Compact 14.729ms
[275.671s][info][gc,heap        ] GC(381) PSYoungGen: 389028K(630784K)->389028K(630784K) Eden: 110080K(110080K)->110080K(110080K) From: 278948K(520704K)->278948K(520704K)
[275.671s][info][gc,heap        ] GC(381) ParOldGen: 10308563K(10308608K)->10308563K(10308608K)
[275.671s][info][gc,metaspace   ] GC(381) Metaspace: 6298K(6464K)->6298K(6464K) NonClass: 5764K(5824K)->5764K(5824K) Class: 533K(640K)->533K(640K)
[275.671s][info][gc             ] GC(381) Pause Full (Ergonomics) 10446M->10446M(10683M) 3090.520ms
[275.671s][info][gc,cpu         ] GC(381) User=23.94s Sys=0.00s Real=3.09s
[275.671s][info][gc,start       ] GC(382) Pause Full (Ergonomics)
[275.671s][info][gc,phases,start] GC(382) Marking Phase
[278.068s][info][gc,phases      ] GC(382) Marking Phase 2396.375ms
[278.068s][info][gc,phases,start] GC(382) Summary Phase
[278.068s][info][gc,phases      ] GC(382) Summary Phase 0.101ms
[278.068s][info][gc,phases,start] GC(382) Adjust Roots
[278.068s][info][gc,phases      ] GC(382) Adjust Roots 0.160ms
[278.068s][info][gc,phases,start] GC(382) Compaction Phase
[278.733s][info][gc,phases      ] GC(382) Compaction Phase 665.017ms
[278.733s][info][gc,phases,start] GC(382) Post Compact
[278.748s][info][gc,phases      ] GC(382) Post Compact 14.954ms
[278.748s][info][gc,heap        ] GC(382) PSYoungGen: 389028K(630784K)->389028K(630784K) Eden: 110080K(110080K)->110080K(110080K) From: 278948K(520704K)->278948K(520704K)
[278.748s][info][gc,heap        ] GC(382) ParOldGen: 10308568K(10308608K)->10308568K(10308608K)
[278.748s][info][gc,metaspace   ] GC(382) Metaspace: 6298K(6464K)->6298K(6464K) NonClass: 5764K(5824K)->5764K(5824K) Class: 533K(640K)->533K(640K)
[278.748s][info][gc             ] GC(382) Pause Full (Ergonomics) 10446M->10446M(10683M) 3076.952ms
[278.748s][info][gc,cpu         ] GC(382) User=23.88s Sys=0.00s Real=3.08s
[278.748s][info][gc,start       ] GC(383) Pause Full (Ergonomics)
[278.749s][info][gc,phases,start] GC(383) Marking Phase
[281.162s][info][gc,phases      ] GC(383) Marking Phase 2413.270ms
[281.162s][info][gc,phases,start] GC(383) Summary Phase
[281.162s][info][gc,phases      ] GC(383) Summary Phase 0.103ms
[281.162s][info][gc,phases,start] GC(383) Adjust Roots
[281.162s][info][gc,phases      ] GC(383) Adjust Roots 0.200ms
[281.162s][info][gc,phases,start] GC(383) Compaction Phase
[281.818s][info][gc,phases      ] GC(383) Compaction Phase 656.050ms
[281.818s][info][gc,phases,start] GC(383) Post Compact
[281.833s][info][gc,phases      ] GC(383) Post Compact 14.674ms
[281.833s][info][gc,heap        ] GC(383) PSYoungGen: 389028K(630784K)->389028K(630784K) Eden: 110080K(110080K)->110080K(110080K) From: 278948K(520704K)->278948K(520704K)
[281.833s][info][gc,heap        ] GC(383) ParOldGen: 10308573K(10308608K)->10308573K(10308608K)
[281.833s][info][gc,metaspace   ] GC(383) Metaspace: 6298K(6464K)->6298K(6464K) NonClass: 5764K(5824K)->5764K(5824K) Class: 533K(640K)->533K(640K)
[281.833s][info][gc             ] GC(383) Pause Full (Ergonomics) 10446M->10446M(10683M) 3084.648ms
[281.833s][info][gc,cpu         ] GC(383) User=23.84s Sys=0.00s Real=3.09s
[281.833s][info][gc,start       ] GC(384) Pause Full (Ergonomics)
[281.833s][info][gc,phases,start] GC(384) Marking Phase
[284.254s][info][gc,phases      ] GC(384) Marking Phase 2420.777ms
[284.254s][info][gc,phases,start] GC(384) Summary Phase
[284.254s][info][gc,phases      ] GC(384) Summary Phase 0.100ms
[284.254s][info][gc,phases,start] GC(384) Adjust Roots
[284.255s][info][gc,phases      ] GC(384) Adjust Roots 0.165ms
[284.255s][info][gc,phases,start] GC(384) Compaction Phase
[284.930s][info][gc,phases      ] GC(384) Compaction Phase 674.981ms
[284.930s][info][gc,phases,start] GC(384) Post Compact
[284.945s][info][gc,phases      ] GC(384) Post Compact 15.408ms
[284.945s][info][gc,heap        ] GC(384) PSYoungGen: 389028K(630784K)->389028K(630784K) Eden: 110080K(110080K)->110080K(110080K) From: 278948K(520704K)->278948K(520704K)
[284.945s][info][gc,heap        ] GC(384) ParOldGen: 10308578K(10308608K)->10308578K(10308608K)
[284.945s][info][gc,metaspace   ] GC(384) Metaspace: 6298K(6464K)->6298K(6464K) NonClass: 5764K(5824K)->5764K(5824K) Class: 533K(640K)->533K(640K)
[284.945s][info][gc             ] GC(384) Pause Full (Ergonomics) 10446M->10446M(10683M) 3111.784ms
[284.945s][info][gc,cpu         ] GC(384) User=24.02s Sys=0.02s Real=3.11s
[284.945s][info][gc,start       ] GC(385) Pause Full (Ergonomics)
[284.945s][info][gc,phases,start] GC(385) Marking Phase
[287.379s][info][gc,phases      ] GC(385) Marking Phase 2433.930ms
[287.379s][info][gc,phases,start] GC(385) Summary Phase
[287.379s][info][gc,phases      ] GC(385) Summary Phase 0.104ms
[287.380s][info][gc,phases,start] GC(385) Adjust Roots
[287.380s][info][gc,phases      ] GC(385) Adjust Roots 0.174ms
[287.380s][info][gc,phases,start] GC(385) Compaction Phase
[288.031s][info][gc,phases      ] GC(385) Compaction Phase 651.171ms
[288.031s][info][gc,phases,start] GC(385) Post Compact
[288.045s][info][gc,phases      ] GC(385) Post Compact 14.373ms
[288.045s][info][gc,heap        ] GC(385) PSYoungGen: 389028K(630784K)->389028K(630784K) Eden: 110080K(110080K)->110080K(110080K) From: 278948K(520704K)->278948K(520704K)
[288.045s][info][gc,heap        ] GC(385) ParOldGen: 10308583K(10308608K)->10308583K(10308608K)
[288.045s][info][gc,metaspace   ] GC(385) Metaspace: 6298K(6464K)->6298K(6464K) NonClass: 5764K(5824K)->5764K(5824K) Class: 533K(640K)->533K(640K)
[288.045s][info][gc             ] GC(385) Pause Full (Ergonomics) 10446M->10446M(10683M) 3100.102ms
[288.045s][info][gc,cpu         ] GC(385) User=24.08s Sys=0.00s Real=3.10s
[288.046s][info][gc,start       ] GC(386) Pause Full (Ergonomics)
[288.046s][info][gc,phases,start] GC(386) Marking Phase
[290.488s][info][gc,phases      ] GC(386) Marking Phase 2441.831ms
[290.488s][info][gc,phases,start] GC(386) Summary Phase
[290.488s][info][gc,phases      ] GC(386) Summary Phase 0.099ms
[290.488s][info][gc,phases,start] GC(386) Adjust Roots
[290.488s][info][gc,phases      ] GC(386) Adjust Roots 0.162ms
[290.488s][info][gc,phases,start] GC(386) Compaction Phase
[291.141s][info][gc,phases      ] GC(386) Compaction Phase 653.058ms
[291.141s][info][gc,phases,start] GC(386) Post Compact
[291.155s][info][gc,phases      ] GC(386) Post Compact 14.493ms
[291.156s][info][gc,heap        ] GC(386) PSYoungGen: 389028K(630784K)->389028K(630784K) Eden: 110080K(110080K)->110080K(110080K) From: 278948K(520704K)->278948K(520704K)
[291.156s][info][gc,heap        ] GC(386) ParOldGen: 10308587K(10308608K)->10308587K(10308608K)
[291.156s][info][gc,metaspace   ] GC(386) Metaspace: 6298K(6464K)->6298K(6464K) NonClass: 5764K(5824K)->5764K(5824K) Class: 533K(640K)->533K(640K)
[291.156s][info][gc             ] GC(386) Pause Full (Ergonomics) 10446M->10446M(10683M) 3109.986ms
[291.156s][info][gc,cpu         ] GC(386) User=24.23s Sys=0.02s Real=3.11s
[291.156s][info][gc,start       ] GC(387) Pause Full (Ergonomics)
[291.156s][info][gc,phases,start] GC(387) Marking Phase
[293.609s][info][gc,phases      ] GC(387) Marking Phase 2452.797ms
[293.609s][info][gc,phases,start] GC(387) Summary Phase
[293.609s][info][gc,phases      ] GC(387) Summary Phase 0.102ms
[293.609s][info][gc,phases,start] GC(387) Adjust Roots
[293.609s][info][gc,phases      ] GC(387) Adjust Roots 0.176ms
[293.609s][info][gc,phases,start] GC(387) Compaction Phase
[294.268s][info][gc,phases      ] GC(387) Compaction Phase 658.723ms
[294.268s][info][gc,phases,start] GC(387) Post Compact
[294.283s][info][gc,phases      ] GC(387) Post Compact 14.635ms
[294.283s][info][gc,heap        ] GC(387) PSYoungGen: 389028K(630784K)->389028K(630784K) Eden: 110080K(110080K)->110080K(110080K) From: 278948K(520704K)->278948K(520704K)
[294.283s][info][gc,heap        ] GC(387) ParOldGen: 10308592K(10308608K)->10308592K(10308608K)
[294.283s][info][gc,metaspace   ] GC(387) Metaspace: 6298K(6464K)->6298K(6464K) NonClass: 5764K(5824K)->5764K(5824K) Class: 533K(640K)->533K(640K)
[294.283s][info][gc             ] GC(387) Pause Full (Ergonomics) 10446M->10446M(10683M) 3126.784ms
[294.283s][info][gc,cpu         ] GC(387) User=24.20s Sys=0.00s Real=3.13s
[294.283s][info][gc,start       ] GC(388) Pause Full (Ergonomics)
[294.283s][info][gc,phases,start] GC(388) Marking Phase
[296.711s][info][gc,phases      ] GC(388) Marking Phase 2428.441ms
[296.711s][info][gc,phases,start] GC(388) Summary Phase
[296.712s][info][gc,phases      ] GC(388) Summary Phase 0.102ms
[296.712s][info][gc,phases,start] GC(388) Adjust Roots
[296.712s][info][gc,phases      ] GC(388) Adjust Roots 0.162ms
[296.712s][info][gc,phases,start] GC(388) Compaction Phase
[297.358s][info][gc,phases      ] GC(388) Compaction Phase 645.788ms
[297.358s][info][gc,phases,start] GC(388) Post Compact
[297.373s][info][gc,phases      ] GC(388) Post Compact 14.968ms
[297.373s][info][gc,heap        ] GC(388) PSYoungGen: 389028K(630784K)->389028K(630784K) Eden: 110080K(110080K)->110080K(110080K) From: 278948K(520704K)->278948K(520704K)
[297.373s][info][gc,heap        ] GC(388) ParOldGen: 10308597K(10308608K)->10308597K(10308608K)
[297.373s][info][gc,metaspace   ] GC(388) Metaspace: 6298K(6464K)->6298K(6464K) NonClass: 5764K(5824K)->5764K(5824K) Class: 533K(640K)->533K(640K)
[297.373s][info][gc             ] GC(388) Pause Full (Ergonomics) 10446M->10446M(10683M) 3089.839ms
[297.373s][info][gc,cpu         ] GC(388) User=23.83s Sys=0.02s Real=3.09s
[297.373s][info][gc,start       ] GC(389) Pause Full (Ergonomics)
[297.373s][info][gc,phases,start] GC(389) Marking Phase
[299.828s][info][gc,phases      ] GC(389) Marking Phase 2455.050ms
[299.828s][info][gc,phases,start] GC(389) Summary Phase
[299.828s][info][gc,phases      ] GC(389) Summary Phase 0.111ms
[299.828s][info][gc,phases,start] GC(389) Adjust Roots
[299.828s][info][gc,phases      ] GC(389) Adjust Roots 0.171ms
[299.828s][info][gc,phases,start] GC(389) Compaction Phase
[300.484s][info][gc,phases      ] GC(389) Compaction Phase 655.827ms
[300.484s][info][gc,phases,start] GC(389) Post Compact
[300.499s][info][gc,phases      ] GC(389) Post Compact 14.894ms
[300.499s][info][gc,heap        ] GC(389) PSYoungGen: 389028K(630784K)->389028K(630784K) Eden: 110080K(110080K)->110080K(110080K) From: 278948K(520704K)->278948K(520704K)
[300.499s][info][gc,heap        ] GC(389) ParOldGen: 10308602K(10308608K)->10308602K(10308608K)
[300.499s][info][gc,metaspace   ] GC(389) Metaspace: 6298K(6464K)->6298K(6464K) NonClass: 5764K(5824K)->5764K(5824K) Class: 533K(640K)->533K(640K)
[300.499s][info][gc             ] GC(389) Pause Full (Ergonomics) 10446M->10446M(10683M) 3126.408ms
[300.499s][info][gc,cpu         ] GC(389) User=24.27s Sys=0.02s Real=3.13s
[300.500s][info][gc,start       ] GC(390) Pause Full (Ergonomics)
[300.500s][info][gc,phases,start] GC(390) Marking Phase
[302.960s][info][gc,phases      ] GC(390) Marking Phase 2460.486ms
[302.960s][info][gc,phases,start] GC(390) Summary Phase
[302.960s][info][gc,phases      ] GC(390) Summary Phase 0.100ms
[302.960s][info][gc,phases,start] GC(390) Adjust Roots
[302.960s][info][gc,phases      ] GC(390) Adjust Roots 0.188ms
[302.960s][info][gc,phases,start] GC(390) Compaction Phase
[303.605s][info][gc,phases      ] GC(390) Compaction Phase 644.306ms
[303.605s][info][gc,phases,start] GC(390) Post Compact
[303.621s][info][gc,phases      ] GC(390) Post Compact 15.692ms
[303.621s][info][gc,heap        ] GC(390) PSYoungGen: 389028K(630784K)->389028K(630784K) Eden: 110080K(110080K)->110080K(110080K) From: 278948K(520704K)->278948K(520704K)
[303.621s][info][gc,heap        ] GC(390) ParOldGen: 10308607K(10308608K)->10308607K(10308608K)
[303.621s][info][gc,metaspace   ] GC(390) Metaspace: 6298K(6464K)->6298K(6464K) NonClass: 5764K(5824K)->5764K(5824K) Class: 533K(640K)->533K(640K)
[303.621s][info][gc             ] GC(390) Pause Full (Ergonomics) 10446M->10446M(10683M) 3121.105ms
[303.621s][info][gc,cpu         ] GC(390) User=24.31s Sys=0.03s Real=3.12s
[303.621s][info][gc,start       ] GC(391) Pause Full (Ergonomics)
[303.621s][info][gc,phases,start] GC(391) Marking Phase
[306.051s][info][gc,phases      ] GC(391) Marking Phase 2430.052ms
[306.051s][info][gc,phases,start] GC(391) Summary Phase
[306.051s][info][gc,phases      ] GC(391) Summary Phase 0.100ms
[306.051s][info][gc,phases,start] GC(391) Adjust Roots
[306.051s][info][gc,phases      ] GC(391) Adjust Roots 0.177ms
[306.051s][info][gc,phases,start] GC(391) Compaction Phase
[306.710s][info][gc,phases      ] GC(391) Compaction Phase 658.980ms
[306.710s][info][gc,phases,start] GC(391) Post Compact
[306.726s][info][gc,phases      ] GC(391) Post Compact 15.235ms
[306.726s][info][gc,heap        ] GC(391) PSYoungGen: 389028K(630784K)->389028K(630784K) Eden: 110080K(110080K)->110080K(110080K) From: 278948K(520704K)->278948K(520704K)
[306.726s][info][gc,heap        ] GC(391) ParOldGen: 10308607K(10308608K)->10308607K(10308608K)
[306.726s][info][gc,metaspace   ] GC(391) Metaspace: 6298K(6464K)->6298K(6464K) NonClass: 5764K(5824K)->5764K(5824K) Class: 533K(640K)->533K(640K)
[306.726s][info][gc             ] GC(391) Pause Full (Ergonomics) 10446M->10446M(10683M) 3104.895ms
[306.726s][info][gc,cpu         ] GC(391) User=24.05s Sys=0.00s Real=3.11s
[306.726s][info][gc,start       ] GC(392) Pause Full (Allocation Failure)
[306.726s][info][gc,phases,start] GC(392) Marking Phase
[309.167s][info][gc,phases      ] GC(392) Marking Phase 2441.050ms
[309.167s][info][gc,phases,start] GC(392) Summary Phase
[309.167s][info][gc,phases      ] GC(392) Summary Phase 0.103ms
[309.167s][info][gc,phases,start] GC(392) Adjust Roots
[309.167s][info][gc,phases      ] GC(392) Adjust Roots 0.388ms
[309.168s][info][gc,phases,start] GC(392) Compaction Phase
[311.759s][info][gc,phases      ] GC(392) Compaction Phase 2591.447ms
[311.759s][info][gc,phases,start] GC(392) Post Compact
[311.775s][info][gc,phases      ] GC(392) Post Compact 16.352ms
[311.775s][info][gc,heap        ] GC(392) PSYoungGen: 389028K(630784K)->389028K(630784K) Eden: 110080K(110080K)->110080K(110080K) From: 278948K(520704K)->278948K(520704K)
[311.776s][info][gc,heap        ] GC(392) ParOldGen: 10308607K(10308608K)->10308603K(10308608K)
[311.776s][info][gc,metaspace   ] GC(392) Metaspace: 6298K(6464K)->6296K(6464K) NonClass: 5764K(5824K)->5763K(5824K) Class: 533K(640K)->532K(640K)
[311.776s][info][gc             ] GC(392) Pause Full (Allocation Failure) 10446M->10446M(10683M) 5049.702ms
[311.776s][info][gc,cpu         ] GC(392) User=38.12s Sys=0.02s Real=5.05s
[311.776s][info][gc,start       ] GC(393) Pause Full (Ergonomics)
[311.776s][info][gc,phases,start] GC(393) Marking Phase
[314.214s][info][gc,phases      ] GC(393) Marking Phase 2437.625ms
[314.214s][info][gc,phases,start] GC(393) Summary Phase
[314.214s][info][gc,phases      ] GC(393) Summary Phase 0.129ms
[314.214s][info][gc,phases,start] GC(393) Adjust Roots
[314.214s][info][gc,phases      ] GC(393) Adjust Roots 0.217ms
[314.214s][info][gc,phases,start] GC(393) Compaction Phase
[314.863s][info][gc,phases      ] GC(393) Compaction Phase 648.947ms
[314.863s][info][gc,phases,start] GC(393) Post Compact
[314.877s][info][gc,phases      ] GC(393) Post Compact 13.844ms
[314.877s][info][gc,heap        ] GC(393) PSYoungGen: 389028K(630784K)->389028K(630784K) Eden: 110080K(110080K)->110080K(110080K) From: 278948K(520704K)->278948K(520704K)
[314.877s][info][gc,heap        ] GC(393) ParOldGen: 10308607K(10308608K)->10308607K(10308608K)
[314.877s][info][gc,metaspace   ] GC(393) Metaspace: 6296K(6464K)->6296K(6464K) NonClass: 5763K(5824K)->5763K(5824K) Class: 532K(640K)->532K(640K)
[314.877s][info][gc             ] GC(393) Pause Full (Ergonomics) 10446M->10446M(10683M) 3101.104ms
[314.877s][info][gc,cpu         ] GC(393) User=24.14s Sys=0.00s Real=3.10s
[314.878s][info][gc,start       ] GC(394) Pause Full (Ergonomics)
[314.878s][info][gc,phases,start] GC(394) Marking Phase
[317.303s][info][gc,phases      ] GC(394) Marking Phase 2425.372ms
[317.303s][info][gc,phases,start] GC(394) Summary Phase
[317.303s][info][gc,phases      ] GC(394) Summary Phase 0.103ms
[317.303s][info][gc,phases,start] GC(394) Adjust Roots
[317.303s][info][gc,phases      ] GC(394) Adjust Roots 0.192ms
[317.303s][info][gc,phases,start] GC(394) Compaction Phase
[317.956s][info][gc,phases      ] GC(394) Compaction Phase 652.690ms
[317.956s][info][gc,phases,start] GC(394) Post Compact
[317.971s][info][gc,phases      ] GC(394) Post Compact 15.304ms
[317.971s][info][gc,heap        ] GC(394) PSYoungGen: 389028K(630784K)->389028K(630784K) Eden: 110080K(110080K)->110080K(110080K) From: 278948K(520704K)->278948K(520704K)
[317.972s][info][gc,heap        ] GC(394) ParOldGen: 10308607K(10308608K)->10308607K(10308608K)
[317.972s][info][gc,metaspace   ] GC(394) Metaspace: 6296K(6464K)->6296K(6464K) NonClass: 5763K(5824K)->5763K(5824K) Class: 532K(640K)->532K(640K)
[317.972s][info][gc             ] GC(394) Pause Full (Ergonomics) 10446M->10446M(10683M) 3094.053ms
[317.972s][info][gc,cpu         ] GC(394) User=24.00s Sys=0.00s Real=3.09s
[317.972s][info][gc,start       ] GC(395) Pause Full (Allocation Failure)
[317.972s][info][gc,phases,start] GC(395) Marking Phase
[320.402s][info][gc,phases      ] GC(395) Marking Phase 2430.702ms
[320.402s][info][gc,phases,start] GC(395) Summary Phase
[320.403s][info][gc,phases      ] GC(395) Summary Phase 0.099ms
[320.403s][info][gc,phases,start] GC(395) Adjust Roots
[320.403s][info][gc,phases      ] GC(395) Adjust Roots 0.160ms
[320.403s][info][gc,phases,start] GC(395) Compaction Phase
[321.051s][info][gc,phases      ] GC(395) Compaction Phase 648.165ms
[321.051s][info][gc,phases,start] GC(395) Post Compact
[321.066s][info][gc,phases      ] GC(395) Post Compact 14.606ms
[321.066s][info][gc,heap        ] GC(395) PSYoungGen: 389028K(630784K)->389028K(630784K) Eden: 110080K(110080K)->110080K(110080K) From: 278948K(520704K)->278948K(520704K)
[321.066s][info][gc,heap        ] GC(395) ParOldGen: 10308607K(10308608K)->10308607K(10308608K)
[321.066s][info][gc,metaspace   ] GC(395) Metaspace: 6296K(6464K)->6296K(6464K) NonClass: 5763K(5824K)->5763K(5824K) Class: 532K(640K)->532K(640K)
[321.066s][info][gc             ] GC(395) Pause Full (Allocation Failure) 10446M->10446M(10683M) 3094.066ms
[321.066s][info][gc,cpu         ] GC(395) User=24.02s Sys=0.02s Real=3.09s
[321.066s][info][gc,start       ] GC(396) Pause Full (Ergonomics)
[321.066s][info][gc,phases,start] GC(396) Marking Phase
[323.484s][info][gc,phases      ] GC(396) Marking Phase 2418.213ms
[323.484s][info][gc,phases,start] GC(396) Summary Phase
[323.485s][info][gc,phases      ] GC(396) Summary Phase 0.129ms
[323.485s][info][gc,phases,start] GC(396) Adjust Roots
[323.485s][info][gc,phases      ] GC(396) Adjust Roots 0.350ms
[323.485s][info][gc,phases,start] GC(396) Compaction Phase
[326.075s][info][gc,phases      ] GC(396) Compaction Phase 2590.277ms
[326.075s][info][gc,phases,start] GC(396) Post Compact
[326.092s][info][gc,phases      ] GC(396) Post Compact 16.331ms
[326.092s][info][gc,heap        ] GC(396) PSYoungGen: 389028K(630784K)->389028K(630784K) Eden: 110080K(110080K)->110080K(110080K) From: 278948K(520704K)->278948K(520704K)
[326.092s][info][gc,heap        ] GC(396) ParOldGen: 10308607K(10308608K)->10308606K(10308608K)
[326.092s][info][gc,metaspace   ] GC(396) Metaspace: 6296K(6464K)->6296K(6464K) NonClass: 5763K(5824K)->5763K(5824K) Class: 532K(640K)->532K(640K)
[326.092s][info][gc             ] GC(396) Pause Full (Ergonomics) 10446M->10446M(10683M) 5025.700ms
[326.092s][info][gc,cpu         ] GC(396) User=37.27s Sys=0.02s Real=5.03s
[326.093s][info][gc,start       ] GC(397) Pause Full (Ergonomics)
[326.093s][info][gc,phases,start] GC(397) Marking Phase
[328.542s][info][gc,phases      ] GC(397) Marking Phase 2448.827ms
[328.542s][info][gc,phases,start] GC(397) Summary Phase
[328.542s][info][gc,phases      ] GC(397) Summary Phase 0.146ms
[328.542s][info][gc,phases,start] GC(397) Adjust Roots
[328.543s][info][gc,phases      ] GC(397) Adjust Roots 0.490ms
[328.543s][info][gc,phases,start] GC(397) Compaction Phase
[331.155s][info][gc,phases      ] GC(397) Compaction Phase 2612.232ms
[331.155s][info][gc,phases,start] GC(397) Post Compact
[331.173s][info][gc,phases      ] GC(397) Post Compact 18.006ms
[331.173s][info][gc,heap        ] GC(397) PSYoungGen: 389028K(630784K)->389028K(630784K) Eden: 110080K(110080K)->110080K(110080K) From: 278948K(520704K)->278948K(520704K)
[331.173s][info][gc,heap        ] GC(397) ParOldGen: 10308607K(10308608K)->10308605K(10308608K)
[331.173s][info][gc,metaspace   ] GC(397) Metaspace: 6298K(6464K)->6298K(6464K) NonClass: 5764K(5824K)->5764K(5824K) Class: 533K(640K)->533K(640K)
[331.173s][info][gc             ] GC(397) Pause Full (Ergonomics) 10446M->10446M(10683M) 5080.106ms
[331.173s][info][gc,cpu         ] GC(397) User=37.98s Sys=0.02s Real=5.08s
[331.174s][info][gc,heap,exit   ] Heap
[331.174s][info][gc,heap,exit   ]  PSYoungGen      total 630784K, used 389028K [0x00000006c5700000, 0x000000070cc80000, 0x0000000800000000)
[331.174s][info][gc,heap,exit   ]   eden space 110080K, 100% used [0x00000006c5700000,0x00000006cc280000,0x00000006cc280000)
[331.174s][info][gc,heap,exit   ]   from space 520704K, 53% used [0x00000006ec100000,0x00000006fd1692c0,0x000000070bd80000)
[331.174s][info][gc,heap,exit   ]   to   space 522752K, 0% used [0x00000006cc280000,0x00000006cc280000,0x00000006ec100000)
[331.174s][info][gc,heap,exit   ]  ParOldGen       total 10308608K, used 10308606K [0x0000000450400000, 0x00000006c5700000, 0x00000006c5700000)
[331.174s][info][gc,heap,exit   ]   object space 10308608K, 99% used [0x0000000450400000,0x00000006c56ff800,0x00000006c5700000)
[331.174s][info][gc,heap,exit   ]  Metaspace       used 6301K, committed 6464K, reserved 1114112K
[331.174s][info][gc,heap,exit   ]   class space    used 534K, committed 640K, reserved 1048576K
