[0.012s][info][gc,init] CardTable entry size: 512
[0.013s][info][gc     ] Using Parallel
[0.013s][info][gc,init] Version: 18.0.1+10 (release)
[0.013s][info][gc,init] CPUs: 8 total, 8 available
[0.013s][info][gc,init] Memory: 16063M
[0.014s][info][gc,init] Large Page Support: Disabled
[0.014s][info][gc,init] NUMA Support: Disabled
[0.014s][info][gc,init] Compressed Oops: Enabled (Zero based)
[0.014s][info][gc,init] Alignments: Space 512K, Generation 512K, Heap 2M
[0.014s][info][gc,init] Heap Min Capacity: 2M
[0.014s][info][gc,init] Heap Initial Capacity: 2M
[0.014s][info][gc,init] Heap Max Capacity: 6500M
[0.014s][info][gc,init] Pre-touch: Disabled
[0.014s][info][gc,init] Parallel Workers: 8
[0.014s][info][gc,metaspace] CDS archive(s) not mapped
[0.014s][info][gc,metaspace] Compressed class space mapped at: 0x0000000800000000-0x0000000840000000, reserved size: 1073741824
[0.014s][info][gc,metaspace] Narrow klass base: 0x0000000800000000, Narrow klass shift: 0, Narrow klass range: 0x40000000
[0.110s][info][gc,start    ] GC(0) Pause Young (Allocation Failure)
[0.112s][info][gc,heap     ] GC(0) PSYoungGen: 512K(1024K)->480K(1024K) Eden: 512K(512K)->0K(512K) From: 0K(512K)->480K(512K)
[0.112s][info][gc,heap     ] GC(0) ParOldGen: 0K(512K)->8K(512K)
[0.112s][info][gc,metaspace] GC(0) Metaspace: 4229K(4352K)->4229K(4352K) NonClass: 3908K(3968K)->3908K(3968K) Class: 321K(384K)->321K(384K)
[0.112s][info][gc          ] GC(0) Pause Young (Allocation Failure) 0M->0M(1M) 1.881ms
[0.112s][info][gc,cpu      ] GC(0) User=0.00s Sys=0.00s Real=0.00s
[0.185s][info][gc,start    ] GC(1) Pause Young (Allocation Failure)
[0.186s][info][gc,heap     ] GC(1) PSYoungGen: 991K(1024K)->512K(1536K) Eden: 511K(512K)->0K(1024K) From: 480K(512K)->512K(512K)
[0.186s][info][gc,heap     ] GC(1) ParOldGen: 8K(512K)->88K(512K)
[0.186s][info][gc,metaspace] GC(1) Metaspace: 5877K(6016K)->5877K(6016K) NonClass: 5381K(5504K)->5381K(5504K) Class: 496K(512K)->496K(512K)
[0.186s][info][gc          ] GC(1) Pause Young (Allocation Failure) 0M->0M(2M) 1.050ms
[0.186s][info][gc,cpu      ] GC(1) User=0.00s Sys=0.00s Real=0.00s
[0.207s][info][gc,start    ] GC(2) Pause Young (Allocation Failure)
[0.208s][info][gc,heap     ] GC(2) PSYoungGen: 1536K(1536K)->512K(1536K) Eden: 1024K(1024K)->0K(1024K) From: 512K(512K)->512K(512K)
[0.208s][info][gc,heap     ] GC(2) ParOldGen: 88K(512K)->504K(512K)
[0.208s][info][gc,metaspace] GC(2) Metaspace: 6296K(6464K)->6296K(6464K) NonClass: 5763K(5824K)->5763K(5824K) Class: 533K(640K)->533K(640K)
[0.208s][info][gc          ] GC(2) Pause Young (Allocation Failure) 1M->0M(2M) 1.393ms
[0.208s][info][gc,cpu      ] GC(2) User=0.00s Sys=0.00s Real=0.00s
[0.208s][info][gc,start    ] GC(3) Pause Full (Ergonomics)
[0.208s][info][gc,phases,start] GC(3) Marking Phase
[0.209s][info][gc,phases      ] GC(3) Marking Phase 1.167ms
[0.209s][info][gc,phases,start] GC(3) Summary Phase
[0.209s][info][gc,phases      ] GC(3) Summary Phase 0.018ms
[0.210s][info][gc,phases,start] GC(3) Adjust Roots
[0.210s][info][gc,phases      ] GC(3) Adjust Roots 0.519ms
[0.210s][info][gc,phases,start] GC(3) Compaction Phase
[0.212s][info][gc,phases      ] GC(3) Compaction Phase 1.769ms
[0.212s][info][gc,phases,start] GC(3) Post Compact
[0.212s][info][gc,phases      ] GC(3) Post Compact 0.089ms
[0.212s][info][gc,heap        ] GC(3) PSYoungGen: 512K(1536K)->506K(1536K) Eden: 0K(1024K)->0K(1024K) From: 512K(512K)->506K(512K)
[0.212s][info][gc,heap        ] GC(3) ParOldGen: 504K(512K)->474K(2048K)
[0.212s][info][gc,metaspace   ] GC(3) Metaspace: 6296K(6464K)->6296K(6464K) NonClass: 5763K(5824K)->5763K(5824K) Class: 533K(640K)->533K(640K)
[0.212s][info][gc             ] GC(3) Pause Full (Ergonomics) 0M->0M(3M) 3.876ms
[0.212s][info][gc,cpu         ] GC(3) User=0.00s Sys=0.00s Real=0.00s
[0.214s][info][gc,start       ] GC(4) Pause Young (Allocation Failure)
[0.215s][info][gc,heap        ] GC(4) PSYoungGen: 1530K(1536K)->480K(2560K) Eden: 1024K(1024K)->0K(2048K) From: 506K(512K)->480K(512K)
[0.215s][info][gc,heap        ] GC(4) ParOldGen: 474K(2048K)->1046K(2048K)
[0.216s][info][gc,metaspace   ] GC(4) Metaspace: 6296K(6464K)->6296K(6464K) NonClass: 5763K(5824K)->5763K(5824K) Class: 533K(640K)->533K(640K)
[0.216s][info][gc             ] GC(4) Pause Young (Allocation Failure) 1M->1M(4M) 1.885ms
[0.216s][info][gc,cpu         ] GC(4) User=0.00s Sys=0.00s Real=0.00s
[0.219s][info][gc,start       ] GC(5) Pause Young (Allocation Failure)
[0.220s][info][gc,heap        ] GC(5) PSYoungGen: 2528K(2560K)->480K(2560K) Eden: 2048K(2048K)->0K(2048K) From: 480K(512K)->480K(512K)
[0.220s][info][gc,heap        ] GC(5) ParOldGen: 1046K(2048K)->2110K(2560K)
[0.220s][info][gc,metaspace   ] GC(5) Metaspace: 6296K(6464K)->6296K(6464K) NonClass: 5763K(5824K)->5763K(5824K) Class: 533K(640K)->533K(640K)
[0.221s][info][gc             ] GC(5) Pause Young (Allocation Failure) 3M->2M(5M) 1.856ms
[0.221s][info][gc,cpu         ] GC(5) User=0.02s Sys=0.00s Real=0.00s
[0.221s][info][gc,start       ] GC(6) Pause Full (Ergonomics)
[0.221s][info][gc,phases,start] GC(6) Marking Phase
[0.222s][info][gc,phases      ] GC(6) Marking Phase 1.850ms
[0.223s][info][gc,phases,start] GC(6) Summary Phase
[0.223s][info][gc,phases      ] GC(6) Summary Phase 0.018ms
[0.223s][info][gc,phases,start] GC(6) Adjust Roots
[0.223s][info][gc,phases      ] GC(6) Adjust Roots 0.426ms
[0.223s][info][gc,phases,start] GC(6) Compaction Phase
[0.227s][info][gc,phases      ] GC(6) Compaction Phase 3.642ms
[0.227s][info][gc,phases,start] GC(6) Post Compact
[0.227s][info][gc,phases      ] GC(6) Post Compact 0.041ms
[0.227s][info][gc,heap        ] GC(6) PSYoungGen: 480K(2560K)->0K(4096K) Eden: 0K(2048K)->0K(3072K) From: 480K(512K)->0K(1024K)
[0.227s][info][gc,heap        ] GC(6) ParOldGen: 2110K(2560K)->2542K(6144K)
[0.227s][info][gc,metaspace   ] GC(6) Metaspace: 6296K(6464K)->6296K(6464K) NonClass: 5763K(5824K)->5763K(5824K) Class: 533K(640K)->533K(640K)
[0.227s][info][gc             ] GC(6) Pause Full (Ergonomics) 2M->2M(10M) 6.463ms
[0.227s][info][gc,cpu         ] GC(6) User=0.00s Sys=0.00s Real=0.01s
[0.232s][info][gc,start       ] GC(7) Pause Young (Allocation Failure)
[0.234s][info][gc,heap        ] GC(7) PSYoungGen: 3072K(4096K)->1664K(5120K) Eden: 3072K(3072K)->0K(3072K) From: 0K(1024K)->1664K(2048K)
[0.234s][info][gc,heap        ] GC(7) ParOldGen: 2542K(6144K)->2542K(6144K)
[0.234s][info][gc,metaspace   ] GC(7) Metaspace: 6296K(6464K)->6296K(6464K) NonClass: 5763K(5824K)->5763K(5824K) Class: 533K(640K)->533K(640K)
[0.234s][info][gc             ] GC(7) Pause Young (Allocation Failure) 5M->4M(11M) 1.963ms
[0.234s][info][gc,cpu         ] GC(7) User=0.00s Sys=0.00s Real=0.00s
[0.239s][info][gc,start       ] GC(8) Pause Young (Allocation Failure)
[0.242s][info][gc,heap        ] GC(8) PSYoungGen: 4736K(5120K)->2016K(5632K) Eden: 3072K(3072K)->0K(3584K) From: 1664K(2048K)->2016K(2048K)
[0.242s][info][gc,heap        ] GC(8) ParOldGen: 2542K(6144K)->3774K(6144K)
[0.242s][info][gc,metaspace   ] GC(8) Metaspace: 6296K(6464K)->6296K(6464K) NonClass: 5763K(5824K)->5763K(5824K) Class: 533K(640K)->533K(640K)
[0.242s][info][gc             ] GC(8) Pause Young (Allocation Failure) 7M->5M(11M) 3.139ms
[0.242s][info][gc,cpu         ] GC(8) User=0.00s Sys=0.00s Real=0.00s
[0.248s][info][gc,start       ] GC(9) Pause Young (Allocation Failure)
[0.251s][info][gc,heap        ] GC(9) PSYoungGen: 5600K(5632K)->3040K(6656K) Eden: 3584K(3584K)->0K(3584K) From: 2016K(2048K)->3040K(3072K)
[0.251s][info][gc,heap        ] GC(9) ParOldGen: 3774K(6144K)->4614K(6144K)
[0.251s][info][gc,metaspace   ] GC(9) Metaspace: 6296K(6464K)->6296K(6464K) NonClass: 5763K(5824K)->5763K(5824K) Class: 533K(640K)->533K(640K)
[0.251s][info][gc             ] GC(9) Pause Young (Allocation Failure) 9M->7M(12M) 3.694ms
[0.251s][info][gc,cpu         ] GC(9) User=0.02s Sys=0.00s Real=0.00s
[0.256s][info][gc,start       ] GC(10) Pause Young (Allocation Failure)
[0.260s][info][gc,heap        ] GC(10) PSYoungGen: 6624K(6656K)->4064K(8704K) Eden: 3584K(3584K)->0K(4608K) From: 3040K(3072K)->4064K(4096K)
[0.260s][info][gc,heap        ] GC(10) ParOldGen: 4614K(6144K)->5454K(6144K)
[0.260s][info][gc,metaspace   ] GC(10) Metaspace: 6296K(6464K)->6296K(6464K) NonClass: 5763K(5824K)->5763K(5824K) Class: 533K(640K)->533K(640K)
[0.260s][info][gc             ] GC(10) Pause Young (Allocation Failure) 10M->9M(14M) 4.292ms
[0.260s][info][gc,cpu         ] GC(10) User=0.00s Sys=0.00s Real=0.00s
[0.260s][info][gc,start       ] GC(11) Pause Full (Ergonomics)
[0.260s][info][gc,phases,start] GC(11) Marking Phase
[0.265s][info][gc,phases      ] GC(11) Marking Phase 4.683ms
[0.265s][info][gc,phases,start] GC(11) Summary Phase
[0.265s][info][gc,phases      ] GC(11) Summary Phase 0.018ms
[0.265s][info][gc,phases,start] GC(11) Adjust Roots
[0.265s][info][gc,phases      ] GC(11) Adjust Roots 0.364ms
[0.265s][info][gc,phases,start] GC(11) Compaction Phase
[0.271s][info][gc,phases      ] GC(11) Compaction Phase 6.343ms
[0.272s][info][gc,phases,start] GC(11) Post Compact
[0.272s][info][gc,phases      ] GC(11) Post Compact 0.050ms
[0.272s][info][gc,heap        ] GC(11) PSYoungGen: 4064K(8704K)->3545K(8704K) Eden: 0K(4608K)->0K(4608K) From: 4064K(4096K)->3545K(4096K)
[0.272s][info][gc,heap        ] GC(11) ParOldGen: 5454K(6144K)->5831K(10752K)
[0.272s][info][gc,metaspace   ] GC(11) Metaspace: 6296K(6464K)->6296K(6464K) NonClass: 5763K(5824K)->5763K(5824K) Class: 533K(640K)->533K(640K)
[0.272s][info][gc             ] GC(11) Pause Full (Ergonomics) 9M->9M(19M) 11.800ms
[0.272s][info][gc,cpu         ] GC(11) User=0.00s Sys=0.00s Real=0.01s
[0.277s][info][gc,start       ] GC(12) Pause Young (Allocation Failure)
[0.281s][info][gc,heap        ] GC(12) PSYoungGen: 8013K(8704K)->5088K(9728K) Eden: 4468K(4608K)->0K(4608K) From: 3545K(4096K)->5088K(5120K)
[0.281s][info][gc,heap        ] GC(12) ParOldGen: 5831K(10752K)->6615K(10752K)
[0.281s][info][gc,metaspace   ] GC(12) Metaspace: 6296K(6464K)->6296K(6464K) NonClass: 5763K(5824K)->5763K(5824K) Class: 533K(640K)->533K(640K)
[0.281s][info][gc             ] GC(12) Pause Young (Allocation Failure) 13M->11M(20M) 4.063ms
[0.281s][info][gc,cpu         ] GC(12) User=0.00s Sys=0.00s Real=0.00s
[0.286s][info][gc,start       ] GC(13) Pause Young (Allocation Failure)
[0.292s][info][gc,heap        ] GC(13) PSYoungGen: 9696K(9728K)->6112K(11264K) Eden: 4608K(4608K)->0K(5120K) From: 5088K(5120K)->6112K(6144K)
[0.292s][info][gc,heap        ] GC(13) ParOldGen: 6615K(10752K)->7983K(10752K)
[0.292s][info][gc,metaspace   ] GC(13) Metaspace: 6296K(6464K)->6296K(6464K) NonClass: 5763K(5824K)->5763K(5824K) Class: 533K(640K)->533K(640K)
[0.292s][info][gc             ] GC(13) Pause Young (Allocation Failure) 15M->13M(21M) 5.593ms
[0.292s][info][gc,cpu         ] GC(13) User=0.00s Sys=0.00s Real=0.01s
[0.296s][info][gc,start       ] GC(14) Pause Young (Allocation Failure)
[0.302s][info][gc,heap        ] GC(14) PSYoungGen: 11232K(11264K)->5216K(12800K) Eden: 5120K(5120K)->0K(5120K) From: 6112K(6144K)->5216K(7680K)
[0.302s][info][gc,heap        ] GC(14) ParOldGen: 7983K(10752K)->11583K(11776K)
[0.302s][info][gc,metaspace   ] GC(14) Metaspace: 6298K(6464K)->6298K(6464K) NonClass: 5765K(5824K)->5765K(5824K) Class: 533K(640K)->533K(640K)
[0.302s][info][gc             ] GC(14) Pause Young (Allocation Failure) 18M->16M(24M) 5.823ms
[0.302s][info][gc,cpu         ] GC(14) User=0.00s Sys=0.00s Real=0.01s
[0.302s][info][gc,start       ] GC(15) Pause Full (Ergonomics)
[0.302s][info][gc,phases,start] GC(15) Marking Phase
[0.309s][info][gc,phases      ] GC(15) Marking Phase 7.295ms
[0.309s][info][gc,phases,start] GC(15) Summary Phase
[0.309s][info][gc,phases      ] GC(15) Summary Phase 0.015ms
[0.309s][info][gc,phases,start] GC(15) Adjust Roots
[0.310s][info][gc,phases      ] GC(15) Adjust Roots 0.217ms
[0.310s][info][gc,phases,start] GC(15) Compaction Phase
[0.316s][info][gc,phases      ] GC(15) Compaction Phase 6.462ms
[0.316s][info][gc,phases,start] GC(15) Post Compact
[0.316s][info][gc,phases      ] GC(15) Post Compact 0.083ms
[0.316s][info][gc,heap        ] GC(15) PSYoungGen: 5216K(12800K)->5182K(12800K) Eden: 0K(5120K)->0K(5120K) From: 5216K(7680K)->5182K(7680K)
[0.316s][info][gc,heap        ] GC(15) ParOldGen: 11583K(11776K)->11468K(18432K)
[0.316s][info][gc,metaspace   ] GC(15) Metaspace: 6298K(6464K)->6298K(6464K) NonClass: 5765K(5824K)->5765K(5824K) Class: 533K(640K)->533K(640K)
[0.316s][info][gc             ] GC(15) Pause Full (Ergonomics) 16M->16M(30M) 14.381ms
[0.316s][info][gc,cpu         ] GC(15) User=0.00s Sys=0.00s Real=0.01s
[0.320s][info][gc,start       ] GC(16) Pause Young (Allocation Failure)
[0.326s][info][gc,heap        ] GC(16) PSYoungGen: 10302K(12800K)->2688K(14336K) Eden: 5120K(5120K)->0K(7168K) From: 5182K(7680K)->2688K(7168K)
[0.326s][info][gc,heap        ] GC(16) ParOldGen: 11468K(18432K)->16732K(18432K)
[0.326s][info][gc,metaspace   ] GC(16) Metaspace: 6298K(6464K)->6298K(6464K) NonClass: 5765K(5824K)->5765K(5824K) Class: 533K(640K)->533K(640K)
[0.326s][info][gc             ] GC(16) Pause Young (Allocation Failure) 21M->18M(32M) 6.680ms
[0.326s][info][gc,cpu         ] GC(16) User=0.00s Sys=0.00s Real=0.01s
[0.326s][info][gc,start       ] GC(17) Pause Full (Ergonomics)
[0.327s][info][gc,phases,start] GC(17) Marking Phase
[0.335s][info][gc,phases      ] GC(17) Marking Phase 8.030ms
[0.335s][info][gc,phases,start] GC(17) Summary Phase
[0.335s][info][gc,phases      ] GC(17) Summary Phase 0.014ms
[0.335s][info][gc,phases,start] GC(17) Adjust Roots
[0.335s][info][gc,phases      ] GC(17) Adjust Roots 0.291ms
[0.335s][info][gc,phases,start] GC(17) Compaction Phase
[0.341s][info][gc,phases      ] GC(17) Compaction Phase 5.887ms
[0.341s][info][gc,phases,start] GC(17) Post Compact
[0.341s][info][gc,phases      ] GC(17) Post Compact 0.088ms
[0.341s][info][gc,heap        ] GC(17) PSYoungGen: 2688K(14336K)->1105K(14848K) Eden: 0K(7168K)->0K(7680K) From: 2688K(7168K)->1105K(7168K)
[0.341s][info][gc,heap        ] GC(17) ParOldGen: 16732K(18432K)->18183K(27648K)
[0.341s][info][gc,metaspace   ] GC(17) Metaspace: 6298K(6464K)->6298K(6464K) NonClass: 5765K(5824K)->5765K(5824K) Class: 533K(640K)->533K(640K)
[0.341s][info][gc             ] GC(17) Pause Full (Ergonomics) 18M->18M(41M) 14.664ms
[0.341s][info][gc,cpu         ] GC(17) User=0.00s Sys=0.00s Real=0.01s
[0.346s][info][gc,start       ] GC(18) Pause Young (Allocation Failure)
[0.350s][info][gc,heap        ] GC(18) PSYoungGen: 7799K(14848K)->3424K(15360K) Eden: 6694K(7680K)->0K(7680K) From: 1105K(7168K)->3424K(7680K)
[0.350s][info][gc,heap        ] GC(18) ParOldGen: 18183K(27648K)->19311K(27648K)
[0.350s][info][gc,metaspace   ] GC(18) Metaspace: 6298K(6464K)->6298K(6464K) NonClass: 5765K(5824K)->5765K(5824K) Class: 533K(640K)->533K(640K)
[0.350s][info][gc             ] GC(18) Pause Young (Allocation Failure) 25M->22M(42M) 4.710ms
[0.350s][info][gc,cpu         ] GC(18) User=0.00s Sys=0.00s Real=0.00s
[0.357s][info][gc,start       ] GC(19) Pause Young (Allocation Failure)
[0.364s][info][gc,heap        ] GC(19) PSYoungGen: 11103K(15360K)->4512K(17920K) Eden: 7679K(7680K)->0K(10240K) From: 3424K(7680K)->4512K(7680K)
[0.364s][info][gc,heap        ] GC(19) ParOldGen: 19311K(27648K)->22767K(27648K)
[0.364s][info][gc,metaspace   ] GC(19) Metaspace: 6298K(6464K)->6298K(6464K) NonClass: 5765K(5824K)->5765K(5824K) Class: 533K(640K)->533K(640K)
[0.364s][info][gc             ] GC(19) Pause Young (Allocation Failure) 29M->26M(44M) 7.093ms
[0.364s][info][gc,cpu         ] GC(19) User=0.00s Sys=0.02s Real=0.01s
[0.370s][info][gc,start       ] GC(20) Pause Young (Allocation Failure)
[0.378s][info][gc,heap        ] GC(20) PSYoungGen: 14752K(17920K)->5344K(17920K) Eden: 10240K(10240K)->0K(10240K) From: 4512K(7680K)->5344K(7680K)
[0.378s][info][gc,heap        ] GC(20) ParOldGen: 22767K(27648K)->27295K(27648K)
[0.378s][info][gc,metaspace   ] GC(20) Metaspace: 6298K(6464K)->6298K(6464K) NonClass: 5765K(5824K)->5765K(5824K) Class: 533K(640K)->533K(640K)
[0.378s][info][gc             ] GC(20) Pause Young (Allocation Failure) 36M->31M(44M) 7.577ms
[0.378s][info][gc,cpu         ] GC(20) User=0.00s Sys=0.00s Real=0.01s
[0.378s][info][gc,start       ] GC(21) Pause Full (Ergonomics)
[0.378s][info][gc,phases,start] GC(21) Marking Phase
[0.391s][info][gc,phases      ] GC(21) Marking Phase 13.311ms
[0.391s][info][gc,phases,start] GC(21) Summary Phase
[0.391s][info][gc,phases      ] GC(21) Summary Phase 0.017ms
[0.391s][info][gc,phases,start] GC(21) Adjust Roots
[0.392s][info][gc,phases      ] GC(21) Adjust Roots 0.162ms
[0.392s][info][gc,phases,start] GC(21) Compaction Phase
[0.403s][info][gc,phases      ] GC(21) Compaction Phase 11.538ms
[0.403s][info][gc,phases,start] GC(21) Post Compact
[0.403s][info][gc,phases      ] GC(21) Post Compact 0.113ms
[0.404s][info][gc,heap        ] GC(21) PSYoungGen: 5344K(17920K)->4779K(17920K) Eden: 0K(10240K)->0K(10240K) From: 5344K(7680K)->4779K(7680K)
[0.404s][info][gc,heap        ] GC(21) ParOldGen: 27295K(27648K)->27139K(38912K)
[0.404s][info][gc,metaspace   ] GC(21) Metaspace: 6298K(6464K)->6298K(6464K) NonClass: 5765K(5824K)->5765K(5824K) Class: 533K(640K)->533K(640K)
[0.404s][info][gc             ] GC(21) Pause Full (Ergonomics) 31M->31M(55M) 25.647ms
[0.404s][info][gc,cpu         ] GC(21) User=0.00s Sys=0.00s Real=0.03s
[0.413s][info][gc,start       ] GC(22) Pause Young (Allocation Failure)
[0.425s][info][gc,heap        ] GC(22) PSYoungGen: 15019K(17920K)->8192K(17920K) Eden: 10240K(10240K)->0K(9728K) From: 4779K(7680K)->8192K(8192K)
[0.425s][info][gc,heap        ] GC(22) ParOldGen: 27139K(38912K)->32955K(38912K)
[0.425s][info][gc,metaspace   ] GC(22) Metaspace: 6298K(6464K)->6298K(6464K) NonClass: 5765K(5824K)->5765K(5824K) Class: 533K(640K)->533K(640K)
[0.425s][info][gc             ] GC(22) Pause Young (Allocation Failure) 41M->40M(55M) 12.042ms
[0.425s][info][gc,cpu         ] GC(22) User=0.02s Sys=0.00s Real=0.01s
[0.425s][info][gc,start       ] GC(23) Pause Full (Ergonomics)
[0.425s][info][gc,phases,start] GC(23) Marking Phase
[0.442s][info][gc,phases      ] GC(23) Marking Phase 17.089ms
[0.442s][info][gc,phases,start] GC(23) Summary Phase
[0.442s][info][gc,phases      ] GC(23) Summary Phase 0.020ms
[0.442s][info][gc,phases,start] GC(23) Adjust Roots
[0.442s][info][gc,phases      ] GC(23) Adjust Roots 0.159ms
[0.442s][info][gc,phases,start] GC(23) Compaction Phase
[0.454s][info][gc,phases      ] GC(23) Compaction Phase 11.623ms
[0.454s][info][gc,phases,start] GC(23) Post Compact
[0.454s][info][gc,phases      ] GC(23) Post Compact 0.242ms
[0.455s][info][gc,heap        ] GC(23) PSYoungGen: 8192K(17920K)->2555K(17920K) Eden: 0K(9728K)->0K(9728K) From: 8192K(8192K)->2555K(8192K)
[0.455s][info][gc,heap        ] GC(23) ParOldGen: 32955K(38912K)->38481K(52736K)
[0.455s][info][gc,metaspace   ] GC(23) Metaspace: 6298K(6464K)->6298K(6464K) NonClass: 5765K(5824K)->5765K(5824K) Class: 533K(640K)->533K(640K)
[0.455s][info][gc             ] GC(23) Pause Full (Ergonomics) 40M->40M(69M) 29.546ms
[0.455s][info][gc,cpu         ] GC(23) User=0.03s Sys=0.00s Real=0.03s
[0.468s][info][gc,start       ] GC(24) Pause Young (Allocation Failure)
[0.479s][info][gc,heap        ] GC(24) PSYoungGen: 12283K(17920K)->9760K(20992K) Eden: 9728K(9728K)->0K(9728K) From: 2555K(8192K)->9760K(11264K)
[0.479s][info][gc,heap        ] GC(24) ParOldGen: 38481K(52736K)->41081K(52736K)
[0.479s][info][gc,metaspace   ] GC(24) Metaspace: 6298K(6464K)->6298K(6464K) NonClass: 5765K(5824K)->5765K(5824K) Class: 533K(640K)->533K(640K)
[0.479s][info][gc             ] GC(24) Pause Young (Allocation Failure) 49M->49M(72M) 10.720ms
[0.479s][info][gc,cpu         ] GC(24) User=0.00s Sys=0.00s Real=0.01s
[0.488s][info][gc,start       ] GC(25) Pause Young (Allocation Failure)
[0.506s][info][gc,heap        ] GC(25) PSYoungGen: 19488K(20992K)->12768K(19968K) Eden: 9728K(9728K)->0K(7168K) From: 9760K(11264K)->12768K(12800K)
[0.506s][info][gc,heap        ] GC(25) ParOldGen: 41081K(52736K)->47849K(52736K)
[0.506s][info][gc,metaspace   ] GC(25) Metaspace: 6298K(6464K)->6298K(6464K) NonClass: 5765K(5824K)->5765K(5824K) Class: 533K(640K)->533K(640K)
[0.506s][info][gc             ] GC(25) Pause Young (Allocation Failure) 59M->59M(71M) 17.423ms
[0.506s][info][gc,cpu         ] GC(25) User=0.02s Sys=0.00s Real=0.02s
[0.506s][info][gc,start       ] GC(26) Pause Full (Ergonomics)
[0.506s][info][gc,phases,start] GC(26) Marking Phase
[0.531s][info][gc,phases      ] GC(26) Marking Phase 24.574ms
[0.531s][info][gc,phases,start] GC(26) Summary Phase
[0.531s][info][gc,phases      ] GC(26) Summary Phase 0.014ms
[0.531s][info][gc,phases,start] GC(26) Adjust Roots
[0.531s][info][gc,phases      ] GC(26) Adjust Roots 0.155ms
[0.531s][info][gc,phases,start] GC(26) Compaction Phase
[0.548s][info][gc,phases      ] GC(26) Compaction Phase 16.894ms
[0.548s][info][gc,phases,start] GC(26) Post Compact
[0.548s][info][gc,phases      ] GC(26) Post Compact 0.204ms
[0.548s][info][gc,heap        ] GC(26) PSYoungGen: 12768K(19968K)->8148K(19968K) Eden: 0K(7168K)->0K(7168K) From: 12768K(12800K)->8148K(12800K)
[0.548s][info][gc,heap        ] GC(26) ParOldGen: 47849K(52736K)->51267K(68096K)
[0.548s][info][gc,metaspace   ] GC(26) Metaspace: 6298K(6464K)->6298K(6464K) NonClass: 5765K(5824K)->5765K(5824K) Class: 533K(640K)->533K(640K)
[0.548s][info][gc             ] GC(26) Pause Full (Ergonomics) 59M->58M(86M) 42.202ms
[0.548s][info][gc,cpu         ] GC(26) User=0.03s Sys=0.00s Real=0.04s
[0.556s][info][gc,start       ] GC(27) Pause Young (Allocation Failure)
[0.569s][info][gc,heap        ] GC(27) PSYoungGen: 15316K(19968K)->7200K(24576K) Eden: 7168K(7168K)->0K(7168K) From: 8148K(12800K)->7200K(17408K)
[0.569s][info][gc,heap        ] GC(27) ParOldGen: 51267K(68096K)->59523K(68096K)
[0.569s][info][gc,metaspace   ] GC(27) Metaspace: 6298K(6464K)->6298K(6464K) NonClass: 5765K(5824K)->5765K(5824K) Class: 533K(640K)->533K(640K)
[0.569s][info][gc             ] GC(27) Pause Young (Allocation Failure) 65M->65M(90M) 13.786ms
[0.569s][info][gc,cpu         ] GC(27) User=0.00s Sys=0.00s Real=0.01s
[0.569s][info][gc,start       ] GC(28) Pause Full (Ergonomics)
[0.569s][info][gc,phases,start] GC(28) Marking Phase
[0.595s][info][gc,phases      ] GC(28) Marking Phase 25.175ms
[0.595s][info][gc,phases,start] GC(28) Summary Phase
[0.595s][info][gc,phases      ] GC(28) Summary Phase 0.021ms
[0.595s][info][gc,phases,start] GC(28) Adjust Roots
[0.595s][info][gc,phases      ] GC(28) Adjust Roots 0.159ms
[0.595s][info][gc,phases,start] GC(28) Compaction Phase
[0.611s][info][gc,phases      ] GC(28) Compaction Phase 16.239ms
[0.611s][info][gc,phases,start] GC(28) Post Compact
[0.611s][info][gc,phases      ] GC(28) Post Compact 0.238ms
[0.612s][info][gc,heap        ] GC(28) PSYoungGen: 7200K(24576K)->0K(25088K) Eden: 0K(7168K)->0K(8704K) From: 7200K(17408K)->0K(16384K)
[0.612s][info][gc,heap        ] GC(28) ParOldGen: 59523K(68096K)->66554K(86528K)
[0.612s][info][gc,metaspace   ] GC(28) Metaspace: 6298K(6464K)->6298K(6464K) NonClass: 5765K(5824K)->5765K(5824K) Class: 533K(640K)->533K(640K)
[0.612s][info][gc             ] GC(28) Pause Full (Ergonomics) 65M->64M(109M) 42.215ms
[0.612s][info][gc,cpu         ] GC(28) User=0.03s Sys=0.00s Real=0.04s
[0.620s][info][gc,start       ] GC(29) Pause Young (Allocation Failure)
[0.627s][info][gc,heap        ] GC(29) PSYoungGen: 8704K(25088K)->8736K(25088K) Eden: 8704K(8704K)->0K(8704K) From: 0K(16384K)->8736K(16384K)
[0.627s][info][gc,heap        ] GC(29) ParOldGen: 66554K(86528K)->66554K(86528K)
[0.627s][info][gc,metaspace   ] GC(29) Metaspace: 6298K(6464K)->6298K(6464K) NonClass: 5765K(5824K)->5765K(5824K) Class: 533K(640K)->533K(640K)
[0.627s][info][gc             ] GC(29) Pause Young (Allocation Failure) 73M->73M(109M) 6.825ms
[0.627s][info][gc,cpu         ] GC(29) User=0.00s Sys=0.00s Real=0.01s
[0.637s][info][gc,start       ] GC(30) Pause Young (Allocation Failure)
[0.650s][info][gc,heap        ] GC(30) PSYoungGen: 17440K(25088K)->16384K(23552K) Eden: 8704K(8704K)->0K(7168K) From: 8736K(16384K)->16384K(16384K)
[0.650s][info][gc,heap        ] GC(30) ParOldGen: 66554K(86528K)->67562K(86528K)
[0.650s][info][gc,metaspace   ] GC(30) Metaspace: 6298K(6464K)->6298K(6464K) NonClass: 5765K(5824K)->5765K(5824K) Class: 533K(640K)->533K(640K)
[0.650s][info][gc             ] GC(30) Pause Young (Allocation Failure) 82M->81M(107M) 12.193ms
[0.650s][info][gc,cpu         ] GC(30) User=0.00s Sys=0.00s Real=0.01s
[0.669s][info][gc,start       ] GC(31) Pause Young (Allocation Failure)
[0.687s][info][gc,heap        ] GC(31) PSYoungGen: 23552K(23552K)->15392K(26624K) Eden: 7168K(7168K)->0K(7168K) From: 16384K(16384K)->15392K(19456K)
[0.687s][info][gc,heap        ] GC(31) ParOldGen: 71658K(86528K)->79978K(86528K)
[0.687s][info][gc,metaspace   ] GC(31) Metaspace: 6298K(6464K)->6298K(6464K) NonClass: 5765K(5824K)->5765K(5824K) Class: 533K(640K)->533K(640K)
[0.687s][info][gc             ] GC(31) Pause Young (Allocation Failure) 92M->93M(110M) 18.373ms
[0.687s][info][gc,cpu         ] GC(31) User=0.02s Sys=0.00s Real=0.02s
[0.687s][info][gc,start       ] GC(32) Pause Full (Ergonomics)
[0.687s][info][gc,phases,start] GC(32) Marking Phase
[0.725s][info][gc,phases      ] GC(32) Marking Phase 37.990ms
[0.725s][info][gc,phases,start] GC(32) Summary Phase
[0.725s][info][gc,phases      ] GC(32) Summary Phase 0.020ms
[0.725s][info][gc,phases,start] GC(32) Adjust Roots
[0.725s][info][gc,phases      ] GC(32) Adjust Roots 0.170ms
[0.726s][info][gc,phases,start] GC(32) Compaction Phase
[0.751s][info][gc,phases      ] GC(32) Compaction Phase 25.249ms
[0.751s][info][gc,phases,start] GC(32) Post Compact
[0.751s][info][gc,phases      ] GC(32) Post Compact 0.331ms
[0.751s][info][gc,heap        ] GC(32) PSYoungGen: 15392K(26624K)->6622K(26624K) Eden: 0K(7168K)->0K(7168K) From: 15392K(19456K)->6622K(19456K)
[0.751s][info][gc,heap        ] GC(32) ParOldGen: 79978K(86528K)->86455K(109568K)
[0.751s][info][gc,metaspace   ] GC(32) Metaspace: 6298K(6464K)->6298K(6464K) NonClass: 5765K(5824K)->5765K(5824K) Class: 533K(640K)->533K(640K)
[0.751s][info][gc             ] GC(32) Pause Full (Ergonomics) 93M->90M(133M) 64.121ms
[0.751s][info][gc,cpu         ] GC(32) User=0.09s Sys=0.00s Real=0.07s
[0.758s][info][gc,start       ] GC(33) Pause Young (Allocation Failure)
[0.771s][info][gc,heap        ] GC(33) PSYoungGen: 13790K(26624K)->13824K(29184K) Eden: 7168K(7168K)->0K(8192K) From: 6622K(19456K)->13824K(20992K)
[0.771s][info][gc,heap        ] GC(33) ParOldGen: 86455K(109568K)->86455K(109568K)
[0.771s][info][gc,metaspace   ] GC(33) Metaspace: 6298K(6464K)->6298K(6464K) NonClass: 5765K(5824K)->5765K(5824K) Class: 533K(640K)->533K(640K)
[0.771s][info][gc             ] GC(33) Pause Young (Allocation Failure) 97M->97M(135M) 13.064ms
[0.771s][info][gc,cpu         ] GC(33) User=0.00s Sys=0.00s Real=0.01s
[0.778s][info][gc,start       ] GC(34) Pause Young (Allocation Failure)
[0.789s][info][gc,heap        ] GC(34) PSYoungGen: 22016K(29184K)->21504K(29696K) Eden: 8192K(8192K)->0K(8192K) From: 13824K(20992K)->21504K(21504K)
[0.790s][info][gc,heap        ] GC(34) ParOldGen: 86455K(109568K)->86943K(109568K)
[0.790s][info][gc,metaspace   ] GC(34) Metaspace: 6298K(6464K)->6298K(6464K) NonClass: 5765K(5824K)->5765K(5824K) Class: 533K(640K)->533K(640K)
[0.790s][info][gc             ] GC(34) Pause Young (Allocation Failure) 105M->105M(136M) 11.975ms
[0.790s][info][gc,cpu         ] GC(34) User=0.00s Sys=0.00s Real=0.01s
[0.797s][info][gc,start       ] GC(35) Pause Young (Allocation Failure)
[0.813s][info][gc,heap        ] GC(35) PSYoungGen: 29696K(29696K)->23328K(31232K) Eden: 8192K(8192K)->0K(6144K) From: 21504K(21504K)->23328K(25088K)
[0.813s][info][gc,heap        ] GC(35) ParOldGen: 86943K(109568K)->93415K(109568K)
[0.813s][info][gc,metaspace   ] GC(35) Metaspace: 6298K(6464K)->6298K(6464K) NonClass: 5765K(5824K)->5765K(5824K) Class: 533K(640K)->533K(640K)
[0.813s][info][gc             ] GC(35) Pause Young (Allocation Failure) 113M->114M(137M) 15.666ms
[0.813s][info][gc,cpu         ] GC(35) User=0.00s Sys=0.00s Real=0.02s
[0.818s][info][gc,start       ] GC(36) Pause Young (Allocation Failure)
[0.833s][info][gc,heap        ] GC(36) PSYoungGen: 29472K(31232K)->22368K(34816K) Eden: 6144K(6144K)->0K(6144K) From: 23328K(25088K)->22368K(28672K)
[0.833s][info][gc,heap        ] GC(36) ParOldGen: 93415K(109568K)->100631K(109568K)
[0.833s][info][gc,metaspace   ] GC(36) Metaspace: 6298K(6464K)->6298K(6464K) NonClass: 5765K(5824K)->5765K(5824K) Class: 533K(640K)->533K(640K)
[0.833s][info][gc             ] GC(36) Pause Young (Allocation Failure) 120M->120M(141M) 14.750ms
[0.833s][info][gc,cpu         ] GC(36) User=0.00s Sys=0.00s Real=0.01s
[0.833s][info][gc,start       ] GC(37) Pause Full (Ergonomics)
[0.833s][info][gc,phases,start] GC(37) Marking Phase
[0.872s][info][gc,phases      ] GC(37) Marking Phase 38.594ms
[0.872s][info][gc,phases,start] GC(37) Summary Phase
[0.872s][info][gc,phases      ] GC(37) Summary Phase 0.029ms
[0.872s][info][gc,phases,start] GC(37) Adjust Roots
[0.872s][info][gc,phases      ] GC(37) Adjust Roots 0.183ms
[0.872s][info][gc,phases,start] GC(37) Compaction Phase
[0.892s][info][gc,phases      ] GC(37) Compaction Phase 19.271ms
[0.892s][info][gc,phases,start] GC(37) Post Compact
[0.892s][info][gc,phases      ] GC(37) Post Compact 0.537ms
[0.892s][info][gc,heap        ] GC(37) PSYoungGen: 22368K(34816K)->13591K(34816K) Eden: 0K(6144K)->0K(6144K) From: 22368K(28672K)->13591K(28672K)
[0.892s][info][gc,heap        ] GC(37) ParOldGen: 100631K(109568K)->109067K(134656K)
[0.892s][info][gc,metaspace   ] GC(37) Metaspace: 6298K(6464K)->6298K(6464K) NonClass: 5765K(5824K)->5765K(5824K) Class: 533K(640K)->533K(640K)
[0.892s][info][gc             ] GC(37) Pause Full (Ergonomics) 120M->119M(165M) 59.065ms
[0.892s][info][gc,cpu         ] GC(37) User=0.12s Sys=0.00s Real=0.06s
[0.898s][info][gc,start       ] GC(38) Pause Young (Allocation Failure)
[0.917s][info][gc,heap        ] GC(38) PSYoungGen: 19735K(34816K)->10208K(35328K) Eden: 6144K(6144K)->0K(7168K) From: 13591K(28672K)->10208K(28160K)
[0.917s][info][gc,heap        ] GC(38) ParOldGen: 109067K(134656K)->118827K(134656K)
[0.917s][info][gc,metaspace   ] GC(38) Metaspace: 6298K(6464K)->6298K(6464K) NonClass: 5765K(5824K)->5765K(5824K) Class: 533K(640K)->533K(640K)
[0.917s][info][gc             ] GC(38) Pause Young (Allocation Failure) 125M->126M(166M) 18.399ms
[0.917s][info][gc,cpu         ] GC(38) User=0.03s Sys=0.00s Real=0.02s
[0.924s][info][gc,start       ] GC(39) Pause Young (Allocation Failure)
[0.934s][info][gc,heap        ] GC(39) PSYoungGen: 17376K(35328K)->13312K(36864K) Eden: 7168K(7168K)->0K(7168K) From: 10208K(28160K)->13312K(29696K)
[0.934s][info][gc,heap        ] GC(39) ParOldGen: 118827K(134656K)->122899K(134656K)
[0.934s][info][gc,metaspace   ] GC(39) Metaspace: 6298K(6464K)->6298K(6464K) NonClass: 5765K(5824K)->5765K(5824K) Class: 533K(640K)->533K(640K)
[0.934s][info][gc             ] GC(39) Pause Young (Allocation Failure) 133M->133M(167M) 10.241ms
[0.934s][info][gc,cpu         ] GC(39) User=0.00s Sys=0.00s Real=0.01s
[0.941s][info][gc,start       ] GC(40) Pause Young (Allocation Failure)
[0.951s][info][gc,heap        ] GC(40) PSYoungGen: 20480K(36864K)->14368K(34816K) Eden: 7168K(7168K)->0K(8704K) From: 13312K(29696K)->14368K(26112K)
[0.951s][info][gc,heap        ] GC(40) ParOldGen: 122899K(134656K)->129123K(134656K)
[0.951s][info][gc,metaspace   ] GC(40) Metaspace: 6298K(6464K)->6298K(6464K) NonClass: 5765K(5824K)->5765K(5824K) Class: 533K(640K)->533K(640K)
[0.951s][info][gc             ] GC(40) Pause Young (Allocation Failure) 140M->140M(165M) 10.475ms
[0.951s][info][gc,cpu         ] GC(40) User=0.00s Sys=0.00s Real=0.01s
[0.951s][info][gc,start       ] GC(41) Pause Full (Ergonomics)
[0.951s][info][gc,phases,start] GC(41) Marking Phase
[0.992s][info][gc,phases      ] GC(41) Marking Phase 40.373ms
[0.992s][info][gc,phases,start] GC(41) Summary Phase
[0.992s][info][gc,phases      ] GC(41) Summary Phase 0.023ms
[0.992s][info][gc,phases,start] GC(41) Adjust Roots
[0.992s][info][gc,phases      ] GC(41) Adjust Roots 0.159ms
[0.992s][info][gc,phases,start] GC(41) Compaction Phase
[1.013s][info][gc,phases      ] GC(41) Compaction Phase 20.580ms
[1.013s][info][gc,phases,start] GC(41) Post Compact
[1.013s][info][gc,phases      ] GC(41) Post Compact 0.730ms
[1.014s][info][gc,heap        ] GC(41) PSYoungGen: 14368K(34816K)->8655K(35840K) Eden: 0K(8704K)->0K(9728K) From: 14368K(26112K)->8655K(26112K)
[1.014s][info][gc,heap        ] GC(41) ParOldGen: 129123K(134656K)->134394K(162816K)
[1.014s][info][gc,metaspace   ] GC(41) Metaspace: 6298K(6464K)->6298K(6464K) NonClass: 5765K(5824K)->5765K(5824K) Class: 533K(640K)->533K(640K)
[1.014s][info][gc             ] GC(41) Pause Full (Ergonomics) 140M->139M(194M) 62.395ms
[1.014s][info][gc,cpu         ] GC(41) User=0.11s Sys=0.00s Real=0.06s
[1.023s][info][gc,start       ] GC(42) Pause Young (Allocation Failure)
[1.041s][info][gc,heap        ] GC(42) PSYoungGen: 18383K(35840K)->9760K(36864K) Eden: 9728K(9728K)->0K(9728K) From: 8655K(26112K)->9760K(27136K)
[1.041s][info][gc,heap        ] GC(42) ParOldGen: 134394K(162816K)->143194K(162816K)
[1.041s][info][gc,metaspace   ] GC(42) Metaspace: 6298K(6464K)->6298K(6464K) NonClass: 5765K(5824K)->5765K(5824K) Class: 533K(640K)->533K(640K)
[1.041s][info][gc             ] GC(42) Pause Young (Allocation Failure) 149M->149M(195M) 17.323ms
[1.041s][info][gc,cpu         ] GC(42) User=0.03s Sys=0.00s Real=0.02s
[1.050s][info][gc,start       ] GC(43) Pause Young (Allocation Failure)
[1.061s][info][gc,heap        ] GC(43) PSYoungGen: 19488K(36864K)->9792K(36352K) Eden: 9728K(9728K)->0K(11264K) From: 9760K(27136K)->9792K(25088K)
[1.061s][info][gc,heap        ] GC(43) ParOldGen: 143194K(162816K)->153058K(162816K)
[1.061s][info][gc,metaspace   ] GC(43) Metaspace: 6298K(6464K)->6298K(6464K) NonClass: 5765K(5824K)->5765K(5824K) Class: 533K(640K)->533K(640K)
[1.061s][info][gc             ] GC(43) Pause Young (Allocation Failure) 158M->159M(194M) 10.762ms
[1.061s][info][gc,cpu         ] GC(43) User=0.00s Sys=0.00s Real=0.01s
[1.061s][info][gc,start       ] GC(44) Pause Full (Ergonomics)
[1.061s][info][gc,phases,start] GC(44) Marking Phase
[1.099s][info][gc,phases      ] GC(44) Marking Phase 38.316ms
[1.099s][info][gc,phases,start] GC(44) Summary Phase
[1.100s][info][gc,phases      ] GC(44) Summary Phase 0.032ms
[1.100s][info][gc,phases,start] GC(44) Adjust Roots
[1.100s][info][gc,phases      ] GC(44) Adjust Roots 0.150ms
[1.100s][info][gc,phases,start] GC(44) Compaction Phase
[1.120s][info][gc,phases      ] GC(44) Compaction Phase 19.925ms
[1.120s][info][gc,phases,start] GC(44) Post Compact
[1.121s][info][gc,phases      ] GC(44) Post Compact 0.804ms
[1.121s][info][gc,heap        ] GC(44) PSYoungGen: 9792K(36352K)->0K(36864K) Eden: 0K(11264K)->0K(11264K) From: 9792K(25088K)->0K(25600K)
[1.121s][info][gc,heap        ] GC(44) ParOldGen: 153058K(162816K)->162445K(194560K)
[1.121s][info][gc,metaspace   ] GC(44) Metaspace: 6298K(6464K)->6298K(6464K) NonClass: 5765K(5824K)->5765K(5824K) Class: 533K(640K)->533K(640K)
[1.121s][info][gc             ] GC(44) Pause Full (Ergonomics) 159M->158M(226M) 59.745ms
[1.121s][info][gc,cpu         ] GC(44) User=0.19s Sys=0.00s Real=0.06s
[1.132s][info][gc,start       ] GC(45) Pause Young (Allocation Failure)
[1.139s][info][gc,heap        ] GC(45) PSYoungGen: 11264K(36864K)->11296K(35328K) Eden: 11264K(11264K)->0K(12800K) From: 0K(25600K)->11296K(22528K)
[1.139s][info][gc,heap        ] GC(45) ParOldGen: 162445K(194560K)->162445K(194560K)
[1.140s][info][gc,metaspace   ] GC(45) Metaspace: 6298K(6464K)->6298K(6464K) NonClass: 5765K(5824K)->5765K(5824K) Class: 533K(640K)->533K(640K)
[1.140s][info][gc             ] GC(45) Pause Young (Allocation Failure) 169M->169M(224M) 7.537ms
[1.140s][info][gc,cpu         ] GC(45) User=0.00s Sys=0.00s Real=0.01s
[1.167s][info][gc,start       ] GC(46) Pause Young (Allocation Failure)
[1.184s][info][gc,heap        ] GC(46) PSYoungGen: 24096K(35328K)->24032K(36864K) Eden: 12800K(12800K)->0K(12800K) From: 11296K(22528K)->24032K(24064K)
[1.184s][info][gc,heap        ] GC(46) ParOldGen: 162445K(194560K)->162517K(194560K)
[1.184s][info][gc,metaspace   ] GC(46) Metaspace: 6298K(6464K)->6298K(6464K) NonClass: 5765K(5824K)->5765K(5824K) Class: 533K(640K)->533K(640K)
[1.184s][info][gc             ] GC(46) Pause Young (Allocation Failure) 182M->182M(226M) 17.304ms
[1.184s][info][gc,cpu         ] GC(46) User=0.02s Sys=0.00s Real=0.02s
[1.196s][info][gc,start       ] GC(47) Pause Young (Allocation Failure)
[1.217s][info][gc,heap        ] GC(47) PSYoungGen: 36832K(36864K)->12896K(39936K) Eden: 12800K(12800K)->0K(14848K) From: 24032K(24064K)->12896K(25088K)
[1.217s][info][gc,heap        ] GC(47) ParOldGen: 162517K(194560K)->186733K(194560K)
[1.217s][info][gc,metaspace   ] GC(47) Metaspace: 6298K(6464K)->6298K(6464K) NonClass: 5765K(5824K)->5765K(5824K) Class: 533K(640K)->533K(640K)
[1.217s][info][gc             ] GC(47) Pause Young (Allocation Failure) 194M->194M(229M) 21.263ms
[1.217s][info][gc,cpu         ] GC(47) User=0.00s Sys=0.00s Real=0.02s
[1.217s][info][gc,start       ] GC(48) Pause Full (Ergonomics)
[1.217s][info][gc,phases,start] GC(48) Marking Phase
[1.264s][info][gc,phases      ] GC(48) Marking Phase 46.358ms
[1.264s][info][gc,phases,start] GC(48) Summary Phase
[1.264s][info][gc,phases      ] GC(48) Summary Phase 0.015ms
[1.264s][info][gc,phases,start] GC(48) Adjust Roots
[1.264s][info][gc,phases      ] GC(48) Adjust Roots 0.150ms
[1.264s][info][gc,phases,start] GC(48) Compaction Phase
[1.301s][info][gc,phases      ] GC(48) Compaction Phase 36.505ms
[1.301s][info][gc,phases,start] GC(48) Post Compact
[1.302s][info][gc,phases      ] GC(48) Post Compact 0.991ms
[1.302s][info][gc,heap        ] GC(48) PSYoungGen: 12896K(39936K)->1014K(40960K) Eden: 0K(14848K)->0K(15872K) From: 12896K(25088K)->1014K(25088K)
[1.302s][info][gc,heap        ] GC(48) ParOldGen: 186733K(194560K)->194119K(235008K)
[1.302s][info][gc,metaspace   ] GC(48) Metaspace: 6298K(6464K)->6298K(6464K) NonClass: 5765K(5824K)->5765K(5824K) Class: 533K(640K)->533K(640K)
[1.302s][info][gc             ] GC(48) Pause Full (Ergonomics) 194M->190M(269M) 84.486ms
[1.302s][info][gc,cpu         ] GC(48) User=0.23s Sys=0.00s Real=0.08s
[1.318s][info][gc,start       ] GC(49) Pause Young (Allocation Failure)
[1.336s][info][gc,heap        ] GC(49) PSYoungGen: 16886K(40960K)->16992K(41984K) Eden: 15872K(15872K)->0K(15872K) From: 1014K(25088K)->16992K(26112K)
[1.336s][info][gc,heap        ] GC(49) ParOldGen: 194119K(235008K)->194119K(235008K)
[1.336s][info][gc,metaspace   ] GC(49) Metaspace: 6298K(6464K)->6298K(6464K) NonClass: 5765K(5824K)->5765K(5824K) Class: 533K(640K)->533K(640K)
[1.336s][info][gc             ] GC(49) Pause Young (Allocation Failure) 206M->206M(270M) 18.083ms
[1.336s][info][gc,cpu         ] GC(49) User=0.08s Sys=0.00s Real=0.02s
[1.353s][info][gc,start       ] GC(50) Pause Young (Allocation Failure)
[1.370s][info][gc,heap        ] GC(50) PSYoungGen: 32864K(41984K)->26112K(37888K) Eden: 15872K(15872K)->0K(11776K) From: 16992K(26112K)->26112K(26112K)
[1.370s][info][gc,heap        ] GC(50) ParOldGen: 194119K(235008K)->200871K(235008K)
[1.370s][info][gc,metaspace   ] GC(50) Metaspace: 6298K(6464K)->6298K(6464K) NonClass: 5765K(5824K)->5765K(5824K) Class: 533K(640K)->533K(640K)
[1.370s][info][gc             ] GC(50) Pause Young (Allocation Failure) 221M->221M(266M) 17.404ms
[1.370s][info][gc,cpu         ] GC(50) User=0.02s Sys=0.00s Real=0.02s
[1.384s][info][gc,start       ] GC(51) Pause Young (Allocation Failure)
[1.401s][info][gc,heap        ] GC(51) PSYoungGen: 37888K(37888K)->23936K(44032K) Eden: 11776K(11776K)->0K(11776K) From: 26112K(26112K)->23936K(32256K)
[1.401s][info][gc,heap        ] GC(51) ParOldGen: 200871K(235008K)->215095K(235008K)
[1.401s][info][gc,metaspace   ] GC(51) Metaspace: 6298K(6464K)->6298K(6464K) NonClass: 5765K(5824K)->5765K(5824K) Class: 533K(640K)->533K(640K)
[1.401s][info][gc             ] GC(51) Pause Young (Allocation Failure) 233M->233M(272M) 17.649ms
[1.401s][info][gc,cpu         ] GC(51) User=0.08s Sys=0.00s Real=0.02s
[1.401s][info][gc,start       ] GC(52) Pause Full (Ergonomics)
[1.401s][info][gc,phases,start] GC(52) Marking Phase
[1.456s][info][gc,phases      ] GC(52) Marking Phase 54.293ms
[1.456s][info][gc,phases,start] GC(52) Summary Phase
[1.456s][info][gc,phases      ] GC(52) Summary Phase 0.016ms
[1.456s][info][gc,phases,start] GC(52) Adjust Roots
[1.456s][info][gc,phases      ] GC(52) Adjust Roots 0.149ms
[1.456s][info][gc,phases,start] GC(52) Compaction Phase
[1.481s][info][gc,phases      ] GC(52) Compaction Phase 25.168ms
[1.481s][info][gc,phases,start] GC(52) Post Compact
[1.482s][info][gc,phases      ] GC(52) Post Compact 1.125ms
[1.483s][info][gc,heap        ] GC(52) PSYoungGen: 23936K(44032K)->3880K(44032K) Eden: 0K(11776K)->0K(11776K) From: 23936K(32256K)->3880K(32256K)
[1.483s][info][gc,heap        ] GC(52) ParOldGen: 215095K(235008K)->234675K(278528K)
[1.483s][info][gc,metaspace   ] GC(52) Metaspace: 6298K(6464K)->6298K(6464K) NonClass: 5765K(5824K)->5765K(5824K) Class: 533K(640K)->533K(640K)
[1.483s][info][gc             ] GC(52) Pause Full (Ergonomics) 233M->232M(315M) 81.269ms
[1.483s][info][gc,cpu         ] GC(52) User=0.30s Sys=0.02s Real=0.08s
[1.497s][info][gc,start       ] GC(53) Pause Young (Allocation Failure)
[1.516s][info][gc,heap        ] GC(53) PSYoungGen: 15656K(44032K)->15776K(44032K) Eden: 11776K(11776K)->0K(13312K) From: 3880K(32256K)->15776K(30720K)
[1.516s][info][gc,heap        ] GC(53) ParOldGen: 234675K(278528K)->234675K(278528K)
[1.516s][info][gc,metaspace   ] GC(53) Metaspace: 6298K(6464K)->6298K(6464K) NonClass: 5765K(5824K)->5765K(5824K) Class: 533K(640K)->533K(640K)
[1.516s][info][gc             ] GC(53) Pause Young (Allocation Failure) 244M->244M(315M) 18.904ms
[1.516s][info][gc,cpu         ] GC(53) User=0.03s Sys=0.00s Real=0.02s
[1.533s][info][gc,start       ] GC(54) Pause Young (Allocation Failure)
[1.549s][info][gc,heap        ] GC(54) PSYoungGen: 29088K(44032K)->29056K(45568K) Eden: 13312K(13312K)->0K(13312K) From: 15776K(30720K)->29056K(32256K)
[1.549s][info][gc,heap        ] GC(54) ParOldGen: 234675K(278528K)->234675K(278528K)
[1.549s][info][gc,metaspace   ] GC(54) Metaspace: 6298K(6464K)->6298K(6464K) NonClass: 5765K(5824K)->5765K(5824K) Class: 533K(640K)->533K(640K)
[1.549s][info][gc             ] GC(54) Pause Young (Allocation Failure) 257M->257M(316M) 15.298ms
[1.549s][info][gc,cpu         ] GC(54) User=0.02s Sys=0.00s Real=0.02s
[1.563s][info][gc,start       ] GC(55) Pause Young (Allocation Failure)
[1.585s][info][gc,heap        ] GC(55) PSYoungGen: 42368K(45568K)->35328K(43520K) Eden: 13312K(13312K)->0K(8192K) From: 29056K(32256K)->35328K(35328K)
[1.585s][info][gc,heap        ] GC(55) ParOldGen: 234675K(278528K)->241731K(278528K)
[1.585s][info][gc,metaspace   ] GC(55) Metaspace: 6298K(6464K)->6298K(6464K) NonClass: 5765K(5824K)->5765K(5824K) Class: 533K(640K)->533K(640K)
[1.585s][info][gc             ] GC(55) Pause Young (Allocation Failure) 270M->270M(314M) 21.788ms
[1.585s][info][gc,cpu         ] GC(55) User=0.20s Sys=0.00s Real=0.02s
[1.594s][info][gc,start       ] GC(56) Pause Young (Allocation Failure)
[1.614s][info][gc,heap        ] GC(56) PSYoungGen: 43520K(43520K)->40672K(50688K) Eden: 8192K(8192K)->0K(8192K) From: 35328K(35328K)->40672K(42496K)
[1.614s][info][gc,heap        ] GC(56) ParOldGen: 241731K(278528K)->244739K(278528K)
[1.614s][info][gc,metaspace   ] GC(56) Metaspace: 6298K(6464K)->6298K(6464K) NonClass: 5765K(5824K)->5765K(5824K) Class: 533K(640K)->533K(640K)
[1.614s][info][gc             ] GC(56) Pause Young (Allocation Failure) 278M->278M(321M) 19.505ms
[1.614s][info][gc,cpu         ] GC(56) User=0.19s Sys=0.00s Real=0.02s
[1.623s][info][gc,start       ] GC(57) Pause Young (Allocation Failure)
[1.645s][info][gc,heap        ] GC(57) PSYoungGen: 48864K(50688K)->39136K(54272K) Eden: 8192K(8192K)->0K(6144K) From: 40672K(42496K)->39136K(48128K)
[1.645s][info][gc,heap        ] GC(57) ParOldGen: 244739K(278528K)->254571K(278528K)
[1.645s][info][gc,metaspace   ] GC(57) Metaspace: 6298K(6464K)->6298K(6464K) NonClass: 5765K(5824K)->5765K(5824K) Class: 533K(640K)->533K(640K)
[1.645s][info][gc             ] GC(57) Pause Young (Allocation Failure) 286M->286M(325M) 21.750ms
[1.645s][info][gc,cpu         ] GC(57) User=0.06s Sys=0.05s Real=0.02s
[1.652s][info][gc,start       ] GC(58) Pause Young (Allocation Failure)
[1.673s][info][gc,heap        ] GC(58) PSYoungGen: 45280K(54272K)->22592K(29184K) Eden: 6144K(6144K)->0K(6144K) From: 39136K(48128K)->22592K(23040K)
[1.673s][info][gc,heap        ] GC(58) ParOldGen: 254571K(278528K)->277595K(278528K)
[1.673s][info][gc,metaspace   ] GC(58) Metaspace: 6298K(6464K)->6298K(6464K) NonClass: 5765K(5824K)->5765K(5824K) Class: 533K(640K)->533K(640K)
[1.673s][info][gc             ] GC(58) Pause Young (Allocation Failure) 292M->293M(300M) 20.997ms
[1.673s][info][gc,cpu         ] GC(58) User=0.08s Sys=0.02s Real=0.02s
[1.673s][info][gc,start       ] GC(59) Pause Full (Ergonomics)
[1.673s][info][gc,phases,start] GC(59) Marking Phase
[1.738s][info][gc,phases      ] GC(59) Marking Phase 65.170ms
[1.738s][info][gc,phases,start] GC(59) Summary Phase
[1.738s][info][gc,phases      ] GC(59) Summary Phase 0.017ms
[1.738s][info][gc,phases,start] GC(59) Adjust Roots
[1.738s][info][gc,phases      ] GC(59) Adjust Roots 0.145ms
[1.738s][info][gc,phases,start] GC(59) Compaction Phase
[1.770s][info][gc,phases      ] GC(59) Compaction Phase 31.892ms
[1.770s][info][gc,phases,start] GC(59) Post Compact
[1.772s][info][gc,phases      ] GC(59) Post Compact 1.429ms
[1.772s][info][gc,heap        ] GC(59) PSYoungGen: 22592K(29184K)->20902K(29184K) Eden: 0K(6144K)->0K(6144K) From: 22592K(23040K)->20902K(23040K)
[1.772s][info][gc,heap        ] GC(59) ParOldGen: 277595K(278528K)->278395K(327680K)
[1.772s][info][gc,metaspace   ] GC(59) Metaspace: 6298K(6464K)->6298K(6464K) NonClass: 5765K(5824K)->5765K(5824K) Class: 533K(640K)->533K(640K)
[1.772s][info][gc             ] GC(59) Pause Full (Ergonomics) 293M->292M(348M) 99.155ms
[1.772s][info][gc,cpu         ] GC(59) User=0.64s Sys=0.02s Real=0.10s
[1.779s][info][gc,start       ] GC(60) Pause Young (Allocation Failure)
[1.802s][info][gc,heap        ] GC(60) PSYoungGen: 27046K(29184K)->12096K(55296K) Eden: 6144K(6144K)->0K(7168K) From: 20902K(23040K)->12096K(48128K)
[1.802s][info][gc,heap        ] GC(60) ParOldGen: 278395K(327680K)->293707K(327680K)
[1.803s][info][gc,metaspace   ] GC(60) Metaspace: 6298K(6464K)->6298K(6464K) NonClass: 5765K(5824K)->5765K(5824K) Class: 533K(640K)->533K(640K)
[1.803s][info][gc             ] GC(60) Pause Young (Allocation Failure) 298M->298M(374M) 23.477ms
[1.803s][info][gc,cpu         ] GC(60) User=0.14s Sys=0.00s Real=0.02s
[1.811s][info][gc,start       ] GC(61) Pause Young (Allocation Failure)
[1.821s][info][gc,heap        ] GC(61) PSYoungGen: 19264K(55296K)->7360K(55808K) Eden: 7168K(7168K)->0K(7168K) From: 12096K(48128K)->7360K(48640K)
[1.821s][info][gc,heap        ] GC(61) ParOldGen: 293707K(327680K)->305851K(327680K)
[1.821s][info][gc,metaspace   ] GC(61) Metaspace: 6298K(6464K)->6298K(6464K) NonClass: 5765K(5824K)->5765K(5824K) Class: 533K(640K)->533K(640K)
[1.821s][info][gc             ] GC(61) Pause Young (Allocation Failure) 305M->305M(374M) 10.756ms
[1.821s][info][gc,cpu         ] GC(61) User=0.02s Sys=0.00s Real=0.01s
[1.821s][info][gc,start       ] GC(62) Pause Full (Ergonomics)
[1.822s][info][gc,phases,start] GC(62) Marking Phase
[1.890s][info][gc,phases      ] GC(62) Marking Phase 68.002ms
[1.890s][info][gc,phases,start] GC(62) Summary Phase
[1.890s][info][gc,phases      ] GC(62) Summary Phase 0.022ms
[1.890s][info][gc,phases,start] GC(62) Adjust Roots
[1.890s][info][gc,phases      ] GC(62) Adjust Roots 0.200ms
[1.890s][info][gc,phases,start] GC(62) Compaction Phase
[1.918s][info][gc,phases      ] GC(62) Compaction Phase 27.932ms
[1.918s][info][gc,phases,start] GC(62) Post Compact
[1.919s][info][gc,phases      ] GC(62) Post Compact 1.425ms
[1.919s][info][gc,heap        ] GC(62) PSYoungGen: 7360K(55808K)->0K(57344K) Eden: 0K(7168K)->0K(8704K) From: 7360K(48640K)->0K(48640K)
[1.919s][info][gc,heap        ] GC(62) ParOldGen: 305851K(327680K)->312551K(366080K)
[1.920s][info][gc,metaspace   ] GC(62) Metaspace: 6298K(6464K)->6298K(6464K) NonClass: 5765K(5824K)->5765K(5824K) Class: 533K(640K)->533K(640K)
[1.920s][info][gc             ] GC(62) Pause Full (Ergonomics) 305M->305M(413M) 98.032ms
[1.920s][info][gc,cpu         ] GC(62) User=0.62s Sys=0.02s Real=0.10s
[1.929s][info][gc,start       ] GC(63) Pause Young (Allocation Failure)
[1.935s][info][gc,heap        ] GC(63) PSYoungGen: 8704K(57344K)->8832K(57344K) Eden: 8704K(8704K)->0K(8704K) From: 0K(48640K)->8832K(48640K)
[1.935s][info][gc,heap        ] GC(63) ParOldGen: 312551K(366080K)->312551K(366080K)
[1.935s][info][gc,metaspace   ] GC(63) Metaspace: 6298K(6464K)->6298K(6464K) NonClass: 5765K(5824K)->5765K(5824K) Class: 533K(640K)->533K(640K)
[1.935s][info][gc             ] GC(63) Pause Young (Allocation Failure) 313M->313M(413M) 5.500ms
[1.935s][info][gc,cpu         ] GC(63) User=0.00s Sys=0.00s Real=0.00s
[1.945s][info][gc,start       ] GC(64) Pause Young (Allocation Failure)
[1.955s][info][gc,heap        ] GC(64) PSYoungGen: 17536K(57344K)->17536K(52736K) Eden: 8704K(8704K)->0K(9728K) From: 8832K(48640K)->17536K(43008K)
[1.955s][info][gc,heap        ] GC(64) ParOldGen: 312551K(366080K)->312551K(366080K)
[1.955s][info][gc,metaspace   ] GC(64) Metaspace: 6298K(6464K)->6298K(6464K) NonClass: 5765K(5824K)->5765K(5824K) Class: 533K(640K)->533K(640K)
[1.955s][info][gc             ] GC(64) Pause Young (Allocation Failure) 322M->322M(409M) 9.692ms
[1.955s][info][gc,cpu         ] GC(64) User=0.02s Sys=0.00s Real=0.01s
[1.966s][info][gc,start       ] GC(65) Pause Young (Allocation Failure)
[1.979s][info][gc,heap        ] GC(65) PSYoungGen: 27264K(52736K)->27168K(55296K) Eden: 9728K(9728K)->0K(9728K) From: 17536K(43008K)->27168K(45568K)
[1.979s][info][gc,heap        ] GC(65) ParOldGen: 312551K(366080K)->312551K(366080K)
[1.979s][info][gc,metaspace   ] GC(65) Metaspace: 6298K(6464K)->6298K(6464K) NonClass: 5765K(5824K)->5765K(5824K) Class: 533K(640K)->533K(640K)
[1.979s][info][gc             ] GC(65) Pause Young (Allocation Failure) 331M->331M(411M) 13.160ms
[1.979s][info][gc,cpu         ] GC(65) User=0.02s Sys=0.00s Real=0.01s
[1.989s][info][gc,start       ] GC(66) Pause Young (Allocation Failure)
[2.006s][info][gc,heap        ] GC(66) PSYoungGen: 36896K(55296K)->36960K(52224K) Eden: 9728K(9728K)->0K(6656K) From: 27168K(45568K)->36960K(45568K)
[2.006s][info][gc,heap        ] GC(66) ParOldGen: 312551K(366080K)->312551K(366080K)
[2.006s][info][gc,metaspace   ] GC(66) Metaspace: 6298K(6464K)->6298K(6464K) NonClass: 5765K(5824K)->5765K(5824K) Class: 533K(640K)->533K(640K)
[2.006s][info][gc             ] GC(66) Pause Young (Allocation Failure) 341M->341M(408M) 16.943ms
[2.006s][info][gc,cpu         ] GC(66) User=0.03s Sys=0.00s Real=0.02s
[2.071s][info][gc,start       ] GC(67) Pause Young (Allocation Failure)
[2.098s][info][gc,heap        ] GC(67) PSYoungGen: 43616K(52224K)->34912K(56320K) Eden: 6656K(6656K)->0K(6656K) From: 36960K(45568K)->34912K(49664K)
[2.098s][info][gc,heap        ] GC(67) ParOldGen: 328935K(366080K)->337759K(366080K)
[2.098s][info][gc,metaspace   ] GC(67) Metaspace: 6298K(6464K)->6298K(6464K) NonClass: 5765K(5824K)->5765K(5824K) Class: 533K(640K)->533K(640K)
[2.098s][info][gc             ] GC(67) Pause Young (Allocation Failure) 363M->363M(412M) 26.373ms
[2.098s][info][gc,cpu         ] GC(67) User=0.14s Sys=0.00s Real=0.03s
[2.104s][info][gc,start       ] GC(68) Pause Young (Allocation Failure)
[2.123s][info][gc,heap        ] GC(68) PSYoungGen: 41568K(56320K)->41504K(55808K) Eden: 6656K(6656K)->0K(4096K) From: 34912K(49664K)->41504K(51712K)
[2.123s][info][gc,heap        ] GC(68) ParOldGen: 337759K(366080K)->337759K(366080K)
[2.123s][info][gc,metaspace   ] GC(68) Metaspace: 6298K(6464K)->6298K(6464K) NonClass: 5765K(5824K)->5765K(5824K) Class: 533K(640K)->533K(640K)
[2.123s][info][gc             ] GC(68) Pause Young (Allocation Failure) 370M->370M(412M) 18.675ms
[2.123s][info][gc,cpu         ] GC(68) User=0.09s Sys=0.02s Real=0.02s
[2.127s][info][gc,start       ] GC(69) Pause Young (Allocation Failure)
[2.147s][info][gc,heap        ] GC(69) PSYoungGen: 45600K(55808K)->36928K(59392K) Eden: 4096K(4096K)->0K(4096K) From: 41504K(51712K)->36928K(55296K)
[2.147s][info][gc,heap        ] GC(69) ParOldGen: 337759K(366080K)->346583K(366080K)
[2.147s][info][gc,metaspace   ] GC(69) Metaspace: 6298K(6464K)->6298K(6464K) NonClass: 5765K(5824K)->5765K(5824K) Class: 533K(640K)->533K(640K)
[2.147s][info][gc             ] GC(69) Pause Young (Allocation Failure) 374M->374M(415M) 20.052ms
[2.147s][info][gc,cpu         ] GC(69) User=0.11s Sys=0.02s Real=0.02s
[2.147s][info][gc,start       ] GC(70) Pause Full (Ergonomics)
[2.147s][info][gc,phases,start] GC(70) Marking Phase
[2.224s][info][gc,phases      ] GC(70) Marking Phase 77.304ms
[2.224s][info][gc,phases,start] GC(70) Summary Phase
[2.224s][info][gc,phases      ] GC(70) Summary Phase 0.021ms
[2.224s][info][gc,phases,start] GC(70) Adjust Roots
[2.224s][info][gc,phases      ] GC(70) Adjust Roots 0.154ms
[2.224s][info][gc,phases,start] GC(70) Compaction Phase
[2.289s][info][gc,phases      ] GC(70) Compaction Phase 64.678ms
[2.289s][info][gc,phases,start] GC(70) Post Compact
[2.291s][info][gc,phases      ] GC(70) Post Compact 1.955ms
[2.291s][info][gc,heap        ] GC(70) PSYoungGen: 36928K(59392K)->9108K(59392K) Eden: 0K(4096K)->0K(4096K) From: 36928K(55296K)->9108K(55296K)
[2.291s][info][gc,heap        ] GC(70) ParOldGen: 346583K(366080K)->365681K(418304K)
[2.291s][info][gc,metaspace   ] GC(70) Metaspace: 6298K(6464K)->6298K(6464K) NonClass: 5765K(5824K)->5765K(5824K) Class: 533K(640K)->533K(640K)
[2.291s][info][gc             ] GC(70) Pause Full (Ergonomics) 374M->366M(466M) 144.644ms
[2.291s][info][gc,cpu         ] GC(70) User=0.75s Sys=0.05s Real=0.14s
[2.297s][info][gc,start       ] GC(71) Pause Young (Allocation Failure)
[2.319s][info][gc,heap        ] GC(71) PSYoungGen: 13204K(59392K)->8544K(61952K) Eden: 4096K(4096K)->0K(5120K) From: 9108K(55296K)->8544K(56832K)
[2.319s][info][gc,heap        ] GC(71) ParOldGen: 365681K(418304K)->370521K(418304K)
[2.319s][info][gc,metaspace   ] GC(71) Metaspace: 6298K(6464K)->6298K(6464K) NonClass: 5765K(5824K)->5765K(5824K) Class: 533K(640K)->533K(640K)
[2.319s][info][gc             ] GC(71) Pause Young (Allocation Failure) 370M->370M(469M) 22.270ms
[2.319s][info][gc,cpu         ] GC(71) User=0.05s Sys=0.00s Real=0.02s
[2.325s][info][gc,start       ] GC(72) Pause Young (Allocation Failure)
[2.333s][info][gc,heap        ] GC(72) PSYoungGen: 13664K(61952K)->11456K(61952K) Eden: 5120K(5120K)->0K(5120K) From: 8544K(56832K)->11456K(56832K)
[2.333s][info][gc,heap        ] GC(72) ParOldGen: 370521K(418304K)->372769K(418304K)
[2.333s][info][gc,metaspace   ] GC(72) Metaspace: 6298K(6464K)->6298K(6464K) NonClass: 5765K(5824K)->5765K(5824K) Class: 533K(640K)->533K(640K)
[2.333s][info][gc             ] GC(72) Pause Young (Allocation Failure) 375M->375M(469M) 8.232ms
[2.333s][info][gc,cpu         ] GC(72) User=0.02s Sys=0.00s Real=0.01s
[2.339s][info][gc,start       ] GC(73) Pause Young (Allocation Failure)
[2.349s][info][gc,heap        ] GC(73) PSYoungGen: 16576K(61952K)->14400K(58880K) Eden: 5120K(5120K)->0K(6144K) From: 11456K(56832K)->14400K(52736K)
[2.349s][info][gc,heap        ] GC(73) ParOldGen: 372769K(418304K)->374993K(418304K)
[2.349s][info][gc,metaspace   ] GC(73) Metaspace: 6298K(6464K)->6298K(6464K) NonClass: 5765K(5824K)->5765K(5824K) Class: 533K(640K)->533K(640K)
[2.349s][info][gc             ] GC(73) Pause Young (Allocation Failure) 380M->380M(466M) 10.035ms
[2.349s][info][gc,cpu         ] GC(73) User=0.00s Sys=0.00s Real=0.01s
[2.355s][info][gc,start       ] GC(74) Pause Young (Allocation Failure)
[2.366s][info][gc,heap        ] GC(74) PSYoungGen: 20544K(58880K)->16448K(23040K) Eden: 6144K(6144K)->0K(6144K) From: 14400K(52736K)->16448K(16896K)
[2.366s][info][gc,heap        ] GC(74) ParOldGen: 374993K(418304K)->379137K(418304K)
[2.366s][info][gc,metaspace   ] GC(74) Metaspace: 6298K(6464K)->6298K(6464K) NonClass: 5765K(5824K)->5765K(5824K) Class: 533K(640K)->533K(640K)
[2.366s][info][gc             ] GC(74) Pause Young (Allocation Failure) 386M->386M(431M) 11.100ms
[2.366s][info][gc,cpu         ] GC(74) User=0.02s Sys=0.00s Real=0.01s
[2.372s][info][gc,start       ] GC(75) Pause Young (Allocation Failure)
[2.384s][info][gc,heap        ] GC(75) PSYoungGen: 22592K(23040K)->12384K(56832K) Eden: 6144K(6144K)->0K(7168K) From: 16448K(16896K)->12384K(49664K)
[2.384s][info][gc,heap        ] GC(75) ParOldGen: 379137K(418304K)->389481K(418304K)
[2.384s][info][gc,metaspace   ] GC(75) Metaspace: 6298K(6464K)->6298K(6464K) NonClass: 5765K(5824K)->5765K(5824K) Class: 533K(640K)->533K(640K)
[2.384s][info][gc             ] GC(75) Pause Young (Allocation Failure) 392M->392M(464M) 11.542ms
[2.384s][info][gc,cpu         ] GC(75) User=0.02s Sys=0.00s Real=0.01s
[2.392s][info][gc,start       ] GC(76) Pause Young (Allocation Failure)
[2.402s][info][gc,heap        ] GC(76) PSYoungGen: 19552K(56832K)->7264K(57856K) Eden: 7168K(7168K)->0K(7168K) From: 12384K(49664K)->7264K(50688K)
[2.402s][info][gc,heap        ] GC(76) ParOldGen: 389481K(418304K)->401897K(418304K)
[2.402s][info][gc,metaspace   ] GC(76) Metaspace: 6298K(6464K)->6298K(6464K) NonClass: 5765K(5824K)->5765K(5824K) Class: 533K(640K)->533K(640K)
[2.402s][info][gc             ] GC(76) Pause Young (Allocation Failure) 399M->399M(465M) 10.470ms
[2.402s][info][gc,cpu         ] GC(76) User=0.02s Sys=0.00s Real=0.01s
[2.402s][info][gc,start       ] GC(77) Pause Full (Ergonomics)
[2.402s][info][gc,phases,start] GC(77) Marking Phase
[2.492s][info][gc,phases      ] GC(77) Marking Phase 90.158ms
[2.492s][info][gc,phases,start] GC(77) Summary Phase
[2.492s][info][gc,phases      ] GC(77) Summary Phase 0.022ms
[2.492s][info][gc,phases,start] GC(77) Adjust Roots
[2.493s][info][gc,phases      ] GC(77) Adjust Roots 0.150ms
[2.493s][info][gc,phases,start] GC(77) Compaction Phase
[2.532s][info][gc,phases      ] GC(77) Compaction Phase 38.885ms
[2.532s][info][gc,phases,start] GC(77) Post Compact
[2.534s][info][gc,phases      ] GC(77) Post Compact 2.001ms
[2.534s][info][gc,heap        ] GC(77) PSYoungGen: 7264K(57856K)->0K(57856K) Eden: 0K(7168K)->0K(8192K) From: 7264K(50688K)->0K(49664K)
[2.534s][info][gc,heap        ] GC(77) ParOldGen: 401897K(418304K)->408387K(462848K)
[2.534s][info][gc,metaspace   ] GC(77) Metaspace: 6298K(6464K)->6298K(6464K) NonClass: 5765K(5824K)->5765K(5824K) Class: 533K(640K)->533K(640K)
[2.534s][info][gc             ] GC(77) Pause Full (Ergonomics) 399M->398M(508M) 131.714ms
[2.534s][info][gc,cpu         ] GC(77) User=0.75s Sys=0.02s Real=0.13s
[2.543s][info][gc,start       ] GC(78) Pause Young (Allocation Failure)
[2.550s][info][gc,heap        ] GC(78) PSYoungGen: 8192K(57856K)->8288K(57856K) Eden: 8192K(8192K)->0K(8192K) From: 0K(49664K)->8288K(49664K)
[2.551s][info][gc,heap        ] GC(78) ParOldGen: 408387K(462848K)->408387K(462848K)
[2.551s][info][gc,metaspace   ] GC(78) Metaspace: 6298K(6464K)->6298K(6464K) NonClass: 5765K(5824K)->5765K(5824K) Class: 533K(640K)->533K(640K)
[2.551s][info][gc             ] GC(78) Pause Young (Allocation Failure) 406M->406M(508M) 7.303ms
[2.551s][info][gc,cpu         ] GC(78) User=0.02s Sys=0.00s Real=0.01s
[2.559s][info][gc,start       ] GC(79) Pause Young (Allocation Failure)
[2.568s][info][gc,heap        ] GC(79) PSYoungGen: 16480K(57856K)->16512K(52736K) Eden: 8192K(8192K)->0K(9216K) From: 8288K(49664K)->16512K(43520K)
[2.568s][info][gc,heap        ] GC(79) ParOldGen: 408387K(462848K)->408387K(462848K)
[2.568s][info][gc,metaspace   ] GC(79) Metaspace: 6298K(6464K)->6298K(6464K) NonClass: 5765K(5824K)->5765K(5824K) Class: 533K(640K)->533K(640K)
[2.568s][info][gc             ] GC(79) Pause Young (Allocation Failure) 414M->414M(503M) 9.316ms
[2.568s][info][gc,cpu         ] GC(79) User=0.02s Sys=0.00s Real=0.01s
[2.578s][info][gc,start       ] GC(80) Pause Young (Allocation Failure)
[2.591s][info][gc,heap        ] GC(80) PSYoungGen: 25728K(52736K)->17504K(27136K) Eden: 9216K(9216K)->0K(9216K) From: 16512K(43520K)->17504K(17920K)
[2.591s][info][gc,heap        ] GC(80) ParOldGen: 408387K(462848K)->416691K(462848K)
[2.591s][info][gc,metaspace   ] GC(80) Metaspace: 6298K(6464K)->6298K(6464K) NonClass: 5765K(5824K)->5765K(5824K) Class: 533K(640K)->533K(640K)
[2.591s][info][gc             ] GC(80) Pause Young (Allocation Failure) 423M->424M(478M) 13.558ms
[2.591s][info][gc,cpu         ] GC(80) User=0.00s Sys=0.02s Real=0.01s
[2.600s][info][gc,start       ] GC(81) Pause Young (Allocation Failure)
[2.614s][info][gc,heap        ] GC(81) PSYoungGen: 26720K(27136K)->18528K(49664K) Eden: 9216K(9216K)->0K(10752K) From: 17504K(17920K)->18528K(38912K)
[2.614s][info][gc,heap        ] GC(81) ParOldGen: 416691K(462848K)->424979K(462848K)
[2.614s][info][gc,metaspace   ] GC(81) Metaspace: 6298K(6464K)->6298K(6464K) NonClass: 5765K(5824K)->5765K(5824K) Class: 533K(640K)->533K(640K)
[2.614s][info][gc             ] GC(81) Pause Young (Allocation Failure) 433M->433M(500M) 13.919ms
[2.614s][info][gc,cpu         ] GC(81) User=0.02s Sys=0.00s Real=0.01s
[2.625s][info][gc,start       ] GC(82) Pause Young (Allocation Failure)
[2.640s][info][gc,heap        ] GC(82) PSYoungGen: 29280K(49664K)->20096K(51712K) Eden: 10752K(10752K)->0K(10752K) From: 18528K(38912K)->20096K(40960K)
[2.640s][info][gc,heap        ] GC(82) ParOldGen: 424979K(462848K)->434315K(462848K)
[2.640s][info][gc,metaspace   ] GC(82) Metaspace: 6298K(6464K)->6298K(6464K) NonClass: 5765K(5824K)->5765K(5824K) Class: 533K(640K)->533K(640K)
[2.640s][info][gc             ] GC(82) Pause Young (Allocation Failure) 443M->443M(502M) 14.858ms
[2.640s][info][gc,cpu         ] GC(82) User=0.02s Sys=0.00s Real=0.02s
[2.652s][info][gc,start       ] GC(83) Pause Young (Allocation Failure)
[2.667s][info][gc,heap        ] GC(83) PSYoungGen: 30848K(51712K)->21600K(49664K) Eden: 10752K(10752K)->0K(12288K) From: 20096K(40960K)->21600K(37376K)
[2.667s][info][gc,heap        ] GC(83) ParOldGen: 434315K(462848K)->443659K(462848K)
[2.667s][info][gc,metaspace   ] GC(83) Metaspace: 6298K(6464K)->6298K(6464K) NonClass: 5765K(5824K)->5765K(5824K) Class: 533K(640K)->533K(640K)
[2.667s][info][gc             ] GC(83) Pause Young (Allocation Failure) 454M->454M(500M) 15.584ms
[2.667s][info][gc,cpu         ] GC(83) User=0.02s Sys=0.00s Real=0.02s
[2.680s][info][gc,start       ] GC(84) Pause Young (Allocation Failure)
[2.697s][info][gc,heap        ] GC(84) PSYoungGen: 33888K(49664K)->23136K(50688K) Eden: 12288K(12288K)->0K(12288K) From: 21600K(37376K)->23136K(38400K)
[2.697s][info][gc,heap        ] GC(84) ParOldGen: 443659K(462848K)->454555K(462848K)
[2.697s][info][gc,metaspace   ] GC(84) Metaspace: 6298K(6464K)->6298K(6464K) NonClass: 5765K(5824K)->5765K(5824K) Class: 533K(640K)->533K(640K)
[2.697s][info][gc             ] GC(84) Pause Young (Allocation Failure) 466M->466M(501M) 16.972ms
[2.697s][info][gc,cpu         ] GC(84) User=0.02s Sys=0.00s Real=0.02s
[2.697s][info][gc,start       ] GC(85) Pause Full (Ergonomics)
[2.697s][info][gc,phases,start] GC(85) Marking Phase
[2.802s][info][gc,phases      ] GC(85) Marking Phase 104.819ms
[2.802s][info][gc,phases,start] GC(85) Summary Phase
[2.802s][info][gc,phases      ] GC(85) Summary Phase 0.020ms
[2.802s][info][gc,phases,start] GC(85) Adjust Roots
[2.802s][info][gc,phases      ] GC(85) Adjust Roots 0.208ms
[2.802s][info][gc,phases,start] GC(85) Compaction Phase
[2.852s][info][gc,phases      ] GC(85) Compaction Phase 50.005ms
[2.853s][info][gc,phases,start] GC(85) Post Compact
[2.855s][info][gc,phases      ] GC(85) Post Compact 2.468ms
[2.855s][info][gc,heap        ] GC(85) PSYoungGen: 23136K(50688K)->14286K(50688K) Eden: 0K(12288K)->0K(12288K) From: 23136K(38400K)->14286K(38400K)
[2.855s][info][gc,heap        ] GC(85) ParOldGen: 454555K(462848K)->462481K(520192K)
[2.855s][info][gc,metaspace   ] GC(85) Metaspace: 6298K(6464K)->6298K(6464K) NonClass: 5765K(5824K)->5765K(5824K) Class: 533K(640K)->533K(640K)
[2.855s][info][gc             ] GC(85) Pause Full (Ergonomics) 466M->465M(557M) 158.061ms
[2.855s][info][gc,cpu         ] GC(85) User=1.03s Sys=0.00s Real=0.16s
[2.871s][info][gc,start       ] GC(86) Pause Young (Allocation Failure)
[2.903s][info][gc,heap        ] GC(86) PSYoungGen: 26574K(50688K)->20256K(49152K) Eden: 12288K(12288K)->0K(13824K) From: 14286K(38400K)->20256K(35328K)
[2.903s][info][gc,heap        ] GC(86) ParOldGen: 462481K(520192K)->468985K(520192K)
[2.903s][info][gc,metaspace   ] GC(86) Metaspace: 6298K(6464K)->6298K(6464K) NonClass: 5765K(5824K)->5765K(5824K) Class: 533K(640K)->533K(640K)
[2.903s][info][gc             ] GC(86) Pause Young (Allocation Failure) 477M->477M(556M) 32.254ms
[2.903s][info][gc,cpu         ] GC(86) User=0.12s Sys=0.00s Real=0.03s
[2.918s][info][gc,start       ] GC(87) Pause Young (Allocation Failure)
[2.935s][info][gc,heap        ] GC(87) PSYoungGen: 34080K(49152K)->34144K(50688K) Eden: 13824K(13824K)->0K(13824K) From: 20256K(35328K)->34144K(36864K)
[2.935s][info][gc,heap        ] GC(87) ParOldGen: 468985K(520192K)->468985K(520192K)
[2.936s][info][gc,metaspace   ] GC(87) Metaspace: 6298K(6464K)->6298K(6464K) NonClass: 5765K(5824K)->5765K(5824K) Class: 533K(640K)->533K(640K)
[2.936s][info][gc             ] GC(87) Pause Young (Allocation Failure) 491M->491M(557M) 17.519ms
[2.936s][info][gc,cpu         ] GC(87) User=0.06s Sys=0.00s Real=0.02s
[2.951s][info][gc,start       ] GC(88) Pause Young (Allocation Failure)
[2.975s][info][gc,heap        ] GC(88) PSYoungGen: 47968K(50688K)->40096K(50176K) Eden: 13824K(13824K)->0K(9728K) From: 34144K(36864K)->40096K(40448K)
[2.975s][info][gc,heap        ] GC(88) ParOldGen: 468985K(520192K)->477017K(520192K)
[2.975s][info][gc,metaspace   ] GC(88) Metaspace: 6298K(6464K)->6298K(6464K) NonClass: 5765K(5824K)->5765K(5824K) Class: 533K(640K)->533K(640K)
[2.975s][info][gc             ] GC(88) Pause Young (Allocation Failure) 504M->504M(557M) 24.127ms
[2.975s][info][gc,cpu         ] GC(88) User=0.12s Sys=0.02s Real=0.03s
[2.986s][info][gc,start       ] GC(89) Pause Young (Allocation Failure)
[3.010s][info][gc,heap        ] GC(89) PSYoungGen: 49824K(50176K)->37504K(55808K) Eden: 9728K(9728K)->0K(9728K) From: 40096K(40448K)->37504K(46080K)
[3.010s][info][gc,heap        ] GC(89) ParOldGen: 477017K(520192K)->489497K(520192K)
[3.010s][info][gc,metaspace   ] GC(89) Metaspace: 6298K(6464K)->6298K(6464K) NonClass: 5765K(5824K)->5765K(5824K) Class: 533K(640K)->533K(640K)
[3.010s][info][gc             ] GC(89) Pause Young (Allocation Failure) 514M->514M(562M) 24.418ms
[3.010s][info][gc,cpu         ] GC(89) User=0.12s Sys=0.00s Real=0.02s
[3.021s][info][gc,start       ] GC(90) Pause Young (Allocation Failure)
[3.044s][info][gc,heap        ] GC(90) PSYoungGen: 47232K(55808K)->19584K(56320K) Eden: 9728K(9728K)->0K(11264K) From: 37504K(46080K)->19584K(45056K)
[3.044s][info][gc,heap        ] GC(90) ParOldGen: 489497K(520192K)->517497K(520192K)
[3.044s][info][gc,metaspace   ] GC(90) Metaspace: 6298K(6464K)->6298K(6464K) NonClass: 5765K(5824K)->5765K(5824K) Class: 533K(640K)->533K(640K)
[3.044s][info][gc             ] GC(90) Pause Young (Allocation Failure) 524M->524M(563M) 23.505ms
[3.044s][info][gc,cpu         ] GC(90) User=0.09s Sys=0.03s Real=0.02s
[3.044s][info][gc,start       ] GC(91) Pause Full (Ergonomics)
[3.044s][info][gc,phases,start] GC(91) Marking Phase
[3.166s][info][gc,phases      ] GC(91) Marking Phase 121.450ms
[3.166s][info][gc,phases,start] GC(91) Summary Phase
[3.166s][info][gc,phases      ] GC(91) Summary Phase 0.019ms
[3.166s][info][gc,phases,start] GC(91) Adjust Roots
[3.166s][info][gc,phases      ] GC(91) Adjust Roots 0.148ms
[3.166s][info][gc,phases,start] GC(91) Compaction Phase
[3.216s][info][gc,phases      ] GC(91) Compaction Phase 49.681ms
[3.216s][info][gc,phases,start] GC(91) Post Compact
[3.216s][info][gc,phases      ] GC(91) Post Compact 0.818ms
[3.217s][info][gc,heap        ] GC(91) PSYoungGen: 19584K(56320K)->15818K(57856K) Eden: 0K(11264K)->0K(12800K) From: 19584K(45056K)->15818K(45056K)
[3.217s][info][gc,heap        ] GC(91) ParOldGen: 517497K(520192K)->520182K(588288K)
[3.217s][info][gc,metaspace   ] GC(91) Metaspace: 6298K(6464K)->6298K(6464K) NonClass: 5765K(5824K)->5765K(5824K) Class: 533K(640K)->533K(640K)
[3.217s][info][gc             ] GC(91) Pause Full (Ergonomics) 524M->523M(631M) 172.809ms
[3.217s][info][gc,cpu         ] GC(91) User=1.19s Sys=0.00s Real=0.17s
[3.232s][info][gc,start       ] GC(92) Pause Young (Allocation Failure)
[3.266s][info][gc,heap        ] GC(92) PSYoungGen: 28618K(57856K)->12928K(59904K) Eden: 12800K(12800K)->0K(12800K) From: 15818K(45056K)->12928K(47104K)
[3.266s][info][gc,heap        ] GC(92) ParOldGen: 520182K(588288K)->536254K(588288K)
[3.266s][info][gc,metaspace   ] GC(92) Metaspace: 6298K(6464K)->6298K(6464K) NonClass: 5765K(5824K)->5765K(5824K) Class: 533K(640K)->533K(640K)
[3.266s][info][gc             ] GC(92) Pause Young (Allocation Failure) 535M->536M(633M) 34.718ms
[3.266s][info][gc,cpu         ] GC(92) User=0.14s Sys=0.00s Real=0.04s
[3.280s][info][gc,start       ] GC(93) Pause Young (Allocation Failure)
[3.295s][info][gc,heap        ] GC(93) PSYoungGen: 25728K(59904K)->12928K(59904K) Eden: 12800K(12800K)->0K(14336K) From: 12928K(47104K)->12928K(45568K)
[3.295s][info][gc,heap        ] GC(93) ParOldGen: 536254K(588288K)->549230K(588288K)
[3.295s][info][gc,metaspace   ] GC(93) Metaspace: 6298K(6464K)->6298K(6464K) NonClass: 5765K(5824K)->5765K(5824K) Class: 533K(640K)->533K(640K)
[3.295s][info][gc             ] GC(93) Pause Young (Allocation Failure) 548M->548M(633M) 14.982ms
[3.295s][info][gc,cpu         ] GC(93) User=0.03s Sys=0.00s Real=0.01s
[3.311s][info][gc,start       ] GC(94) Pause Young (Allocation Failure)
[3.327s][info][gc,heap        ] GC(94) PSYoungGen: 27264K(59904K)->14464K(60416K) Eden: 14336K(14336K)->0K(14336K) From: 12928K(45568K)->14464K(46080K)
[3.327s][info][gc,heap        ] GC(94) ParOldGen: 549230K(588288K)->562206K(588288K)
[3.327s][info][gc,metaspace   ] GC(94) Metaspace: 6298K(6464K)->6298K(6464K) NonClass: 5765K(5824K)->5765K(5824K) Class: 533K(640K)->533K(640K)
[3.327s][info][gc             ] GC(94) Pause Young (Allocation Failure) 562M->563M(633M) 15.848ms
[3.327s][info][gc,cpu         ] GC(94) User=0.02s Sys=0.00s Real=0.02s
[3.343s][info][gc,start       ] GC(95) Pause Young (Allocation Failure)
[3.359s][info][gc,heap        ] GC(95) PSYoungGen: 28800K(60416K)->14496K(58880K) Eden: 14336K(14336K)->0K(16384K) From: 14464K(46080K)->14496K(42496K)
[3.359s][info][gc,heap        ] GC(95) ParOldGen: 562206K(588288K)->576734K(588288K)
[3.359s][info][gc,metaspace   ] GC(95) Metaspace: 6298K(6464K)->6298K(6464K) NonClass: 5765K(5824K)->5765K(5824K) Class: 533K(640K)->533K(640K)
[3.359s][info][gc             ] GC(95) Pause Young (Allocation Failure) 577M->577M(632M) 16.393ms
[3.359s][info][gc,cpu         ] GC(95) User=0.02s Sys=0.00s Real=0.02s
[3.359s][info][gc,start       ] GC(96) Pause Full (Ergonomics)
[3.360s][info][gc,phases,start] GC(96) Marking Phase
[3.488s][info][gc,phases      ] GC(96) Marking Phase 128.214ms
[3.488s][info][gc,phases,start] GC(96) Summary Phase
[3.488s][info][gc,phases      ] GC(96) Summary Phase 0.021ms
[3.488s][info][gc,phases,start] GC(96) Adjust Roots
[3.488s][info][gc,phases      ] GC(96) Adjust Roots 0.148ms
[3.488s][info][gc,phases,start] GC(96) Compaction Phase
[3.542s][info][gc,phases      ] GC(96) Compaction Phase 53.601ms
[3.542s][info][gc,phases,start] GC(96) Post Compact
[3.543s][info][gc,phases      ] GC(96) Post Compact 0.914ms
[3.543s][info][gc,heap        ] GC(96) PSYoungGen: 14496K(58880K)->2043K(59904K) Eden: 0K(16384K)->0K(17408K) From: 14496K(42496K)->2043K(42496K)
[3.543s][info][gc,heap        ] GC(96) ParOldGen: 576734K(588288K)->588099K(660992K)
[3.543s][info][gc,metaspace   ] GC(96) Metaspace: 6298K(6464K)->6298K(6464K) NonClass: 5765K(5824K)->5765K(5824K) Class: 533K(640K)->533K(640K)
[3.543s][info][gc             ] GC(96) Pause Full (Ergonomics) 577M->576M(704M) 183.465ms
[3.543s][info][gc,cpu         ] GC(96) User=1.27s Sys=0.00s Real=0.18s
[3.563s][info][gc,start       ] GC(97) Pause Young (Allocation Failure)
[3.599s][info][gc,heap        ] GC(97) PSYoungGen: 19451K(59904K)->17536K(60928K) Eden: 17408K(17408K)->0K(17408K) From: 2043K(42496K)->17536K(43520K)
[3.599s][info][gc,heap        ] GC(97) ParOldGen: 588099K(660992K)->590195K(660992K)
[3.599s][info][gc,metaspace   ] GC(97) Metaspace: 6298K(6464K)->6298K(6464K) NonClass: 5765K(5824K)->5765K(5824K) Class: 533K(640K)->533K(640K)
[3.599s][info][gc             ] GC(97) Pause Young (Allocation Failure) 593M->593M(705M) 35.155ms
[3.599s][info][gc,cpu         ] GC(97) User=0.14s Sys=0.00s Real=0.04s
[3.619s][info][gc,start       ] GC(98) Pause Young (Allocation Failure)
[3.638s][info][gc,heap        ] GC(98) PSYoungGen: 34944K(60928K)->34880K(58368K) Eden: 17408K(17408K)->0K(16384K) From: 17536K(43520K)->34880K(41984K)
[3.638s][info][gc,heap        ] GC(98) ParOldGen: 590195K(660992K)->590195K(660992K)
[3.638s][info][gc,metaspace   ] GC(98) Metaspace: 6298K(6464K)->6298K(6464K) NonClass: 5765K(5824K)->5765K(5824K) Class: 533K(640K)->533K(640K)
[3.638s][info][gc             ] GC(98) Pause Young (Allocation Failure) 610M->610M(702M) 19.259ms
[3.638s][info][gc,cpu         ] GC(98) User=0.12s Sys=0.00s Real=0.02s
[3.658s][info][gc,start       ] GC(99) Pause Young (Allocation Failure)
[3.683s][info][gc,heap        ] GC(99) PSYoungGen: 51264K(58368K)->45056K(61440K) Eden: 16384K(16384K)->0K(16384K) From: 34880K(41984K)->45056K(45056K)
[3.683s][info][gc,heap        ] GC(99) ParOldGen: 590195K(660992K)->596443K(660992K)
[3.683s][info][gc,metaspace   ] GC(99) Metaspace: 6298K(6464K)->6298K(6464K) NonClass: 5765K(5824K)->5765K(5824K) Class: 533K(640K)->533K(640K)
[3.683s][info][gc             ] GC(99) Pause Young (Allocation Failure) 626M->626M(705M) 25.756ms
[3.683s][info][gc,cpu         ] GC(99) User=0.12s Sys=0.00s Real=0.03s
[3.703s][info][gc,start       ] GC(100) Pause Young (Allocation Failure)
[3.733s][info][gc,heap        ] GC(100) PSYoungGen: 61440K(61440K)->31008K(71168K) Eden: 16384K(16384K)->0K(18432K) From: 45056K(45056K)->31008K(52736K)
[3.733s][info][gc,heap        ] GC(100) ParOldGen: 596443K(660992K)->627411K(660992K)
[3.733s][info][gc,metaspace   ] GC(100) Metaspace: 6298K(6464K)->6298K(6464K) NonClass: 5765K(5824K)->5765K(5824K) Class: 533K(640K)->533K(640K)
[3.733s][info][gc             ] GC(100) Pause Young (Allocation Failure) 642M->642M(715M) 30.086ms
[3.733s][info][gc,cpu         ] GC(100) User=0.14s Sys=0.00s Real=0.03s
[3.755s][info][gc,start       ] GC(101) Pause Young (Allocation Failure)
[3.781s][info][gc,heap        ] GC(101) PSYoungGen: 49440K(71168K)->34976K(71680K) Eden: 18432K(18432K)->0K(18432K) From: 31008K(52736K)->34976K(53248K)
[3.781s][info][gc,heap        ] GC(101) ParOldGen: 627411K(660992K)->642099K(660992K)
[3.781s][info][gc,metaspace   ] GC(101) Metaspace: 6298K(6464K)->6298K(6464K) NonClass: 5765K(5824K)->5765K(5824K) Class: 533K(640K)->533K(640K)
[3.781s][info][gc             ] GC(101) Pause Young (Allocation Failure) 660M->661M(715M) 25.700ms
[3.781s][info][gc,cpu         ] GC(101) User=0.12s Sys=0.00s Real=0.03s
[3.781s][info][gc,start       ] GC(102) Pause Full (Ergonomics)
[3.781s][info][gc,phases,start] GC(102) Marking Phase
[3.939s][info][gc,phases      ] GC(102) Marking Phase 158.062ms
[3.939s][info][gc,phases,start] GC(102) Summary Phase
[3.939s][info][gc,phases      ] GC(102) Summary Phase 0.023ms
[3.939s][info][gc,phases,start] GC(102) Adjust Roots
[3.940s][info][gc,phases      ] GC(102) Adjust Roots 0.170ms
[3.940s][info][gc,phases,start] GC(102) Compaction Phase
[4.000s][info][gc,phases      ] GC(102) Compaction Phase 60.702ms
[4.000s][info][gc,phases,start] GC(102) Post Compact
[4.001s][info][gc,phases      ] GC(102) Post Compact 1.044ms
[4.002s][info][gc,heap        ] GC(102) PSYoungGen: 34976K(71680K)->15338K(71680K) Eden: 0K(18432K)->0K(18432K) From: 34976K(53248K)->15338K(53248K)
[4.002s][info][gc,heap        ] GC(102) ParOldGen: 642099K(660992K)->660670K(743424K)
[4.002s][info][gc,metaspace   ] GC(102) Metaspace: 6298K(6464K)->6298K(6464K) NonClass: 5765K(5824K)->5765K(5824K) Class: 533K(640K)->533K(640K)
[4.002s][info][gc             ] GC(102) Pause Full (Ergonomics) 661M->660M(796M) 220.604ms
[4.002s][info][gc,cpu         ] GC(102) User=1.64s Sys=0.00s Real=0.22s
[4.029s][info][gc,start       ] GC(103) Pause Young (Allocation Failure)
[4.074s][info][gc,heap        ] GC(103) PSYoungGen: 33770K(71680K)->26656K(69120K) Eden: 18432K(18432K)->0K(20480K) From: 15338K(53248K)->26656K(48640K)
[4.074s][info][gc,heap        ] GC(103) ParOldGen: 660670K(743424K)->668046K(743424K)
[4.074s][info][gc,metaspace   ] GC(103) Metaspace: 6298K(6464K)->6298K(6464K) NonClass: 5765K(5824K)->5765K(5824K) Class: 533K(640K)->533K(640K)
[4.074s][info][gc             ] GC(103) Pause Young (Allocation Failure) 678M->678M(793M) 45.044ms
[4.074s][info][gc,cpu         ] GC(103) User=0.27s Sys=0.00s Real=0.04s
[4.214s][info][gc,start       ] GC(104) Pause Young (Allocation Failure)
[4.251s][info][gc,heap        ] GC(104) PSYoungGen: 47136K(69120K)->47168K(72192K) Eden: 20480K(20480K)->0K(20480K) From: 26656K(48640K)->47168K(51712K)
[4.251s][info][gc,heap        ] GC(104) ParOldGen: 700814K(743424K)->700814K(743424K)
[4.251s][info][gc,metaspace   ] GC(104) Metaspace: 6298K(6464K)->6298K(6464K) NonClass: 5765K(5824K)->5765K(5824K) Class: 533K(640K)->533K(640K)
[4.251s][info][gc             ] GC(104) Pause Young (Allocation Failure) 730M->730M(796M) 36.983ms
[4.251s][info][gc,cpu         ] GC(104) User=0.17s Sys=0.00s Real=0.04s
[4.272s][info][gc,start       ] GC(105) Pause Young (Allocation Failure)
[4.306s][info][gc,heap        ] GC(105) PSYoungGen: 67648K(72192K)->56832K(67584K) Eden: 20480K(20480K)->0K(10752K) From: 47168K(51712K)->56832K(56832K)
[4.306s][info][gc,heap        ] GC(105) ParOldGen: 700814K(743424K)->711646K(743424K)
[4.306s][info][gc,metaspace   ] GC(105) Metaspace: 6298K(6464K)->6298K(6464K) NonClass: 5765K(5824K)->5765K(5824K) Class: 533K(640K)->533K(640K)
[4.306s][info][gc             ] GC(105) Pause Young (Allocation Failure) 750M->750M(792M) 33.589ms
[4.306s][info][gc,cpu         ] GC(105) User=0.22s Sys=0.03s Real=0.03s
[4.317s][info][gc,start       ] GC(106) Pause Young (Allocation Failure)
[4.349s][info][gc,heap        ] GC(106) PSYoungGen: 67584K(67584K)->45504K(79360K) Eden: 10752K(10752K)->0K(10752K) From: 56832K(56832K)->45504K(68608K)
[4.349s][info][gc,heap        ] GC(106) ParOldGen: 711646K(743424K)->734134K(743424K)
[4.349s][info][gc,metaspace   ] GC(106) Metaspace: 6298K(6464K)->6298K(6464K) NonClass: 5765K(5824K)->5765K(5824K) Class: 533K(640K)->533K(640K)
[4.349s][info][gc             ] GC(106) Pause Young (Allocation Failure) 760M->761M(803M) 32.514ms
[4.349s][info][gc,cpu         ] GC(106) User=0.17s Sys=0.00s Real=0.03s
[4.349s][info][gc,start       ] GC(107) Pause Full (Ergonomics)
[4.349s][info][gc,phases,start] GC(107) Marking Phase
[4.520s][info][gc,phases      ] GC(107) Marking Phase 170.653ms
[4.520s][info][gc,phases,start] GC(107) Summary Phase
[4.520s][info][gc,phases      ] GC(107) Summary Phase 0.023ms
[4.520s][info][gc,phases,start] GC(107) Adjust Roots
[4.520s][info][gc,phases      ] GC(107) Adjust Roots 0.152ms
[4.520s][info][gc,phases,start] GC(107) Compaction Phase
[4.648s][info][gc,phases      ] GC(107) Compaction Phase 128.201ms
[4.648s][info][gc,phases,start] GC(107) Post Compact
[4.650s][info][gc,phases      ] GC(107) Post Compact 1.501ms
[4.650s][info][gc,heap        ] GC(107) PSYoungGen: 45504K(79360K)->19222K(79360K) Eden: 0K(10752K)->0K(10752K) From: 45504K(68608K)->19222K(68608K)
[4.650s][info][gc,heap        ] GC(107) ParOldGen: 734134K(743424K)->743187K(830976K)
[4.650s][info][gc,metaspace   ] GC(107) Metaspace: 6298K(6464K)->6298K(6464K) NonClass: 5765K(5824K)->5765K(5824K) Class: 533K(640K)->533K(640K)
[4.650s][info][gc             ] GC(107) Pause Full (Ergonomics) 761M->744M(889M) 301.132ms
[4.650s][info][gc,cpu         ] GC(107) User=1.83s Sys=0.02s Real=0.30s
[4.664s][info][gc,start       ] GC(108) Pause Young (Allocation Failure)
[4.707s][info][gc,heap        ] GC(108) PSYoungGen: 29974K(79360K)->22304K(78336K) Eden: 10752K(10752K)->0K(12288K) From: 19222K(68608K)->22304K(66048K)
[4.707s][info][gc,heap        ] GC(108) ParOldGen: 743187K(830976K)->751131K(830976K)
[4.707s][info][gc,metaspace   ] GC(108) Metaspace: 6298K(6464K)->6298K(6464K) NonClass: 5765K(5824K)->5765K(5824K) Class: 533K(640K)->533K(640K)
[4.707s][info][gc             ] GC(108) Pause Young (Allocation Failure) 755M->755M(888M) 43.402ms
[4.707s][info][gc,cpu         ] GC(108) User=0.27s Sys=0.00s Real=0.04s
[4.720s][info][gc,start       ] GC(109) Pause Young (Allocation Failure)
[4.739s][info][gc,heap        ] GC(109) PSYoungGen: 34592K(78336K)->34560K(47104K) Eden: 12288K(12288K)->0K(12288K) From: 22304K(66048K)->34560K(34816K)
[4.739s][info][gc,heap        ] GC(109) ParOldGen: 751131K(830976K)->751131K(830976K)
[4.739s][info][gc,metaspace   ] GC(109) Metaspace: 6298K(6464K)->6298K(6464K) NonClass: 5765K(5824K)->5765K(5824K) Class: 533K(640K)->533K(640K)
[4.739s][info][gc             ] GC(109) Pause Young (Allocation Failure) 767M->767M(857M) 18.756ms
[4.739s][info][gc,cpu         ] GC(109) User=0.03s Sys=0.00s Real=0.02s
[4.752s][info][gc,start       ] GC(110) Pause Young (Allocation Failure)
[4.775s][info][gc,heap        ] GC(110) PSYoungGen: 46848K(47104K)->40544K(78336K) Eden: 12288K(12288K)->0K(13824K) From: 34560K(34816K)->40544K(64512K)
[4.775s][info][gc,heap        ] GC(110) ParOldGen: 751131K(830976K)->757531K(830976K)
[4.775s][info][gc,metaspace   ] GC(110) Metaspace: 6298K(6464K)->6298K(6464K) NonClass: 5765K(5824K)->5765K(5824K) Class: 533K(640K)->533K(640K)
[4.775s][info][gc             ] GC(110) Pause Young (Allocation Failure) 779M->779M(888M) 23.508ms
[4.775s][info][gc,cpu         ] GC(110) User=0.03s Sys=0.00s Real=0.02s
[4.789s][info][gc,start       ] GC(111) Pause Young (Allocation Failure)
[4.815s][info][gc,heap        ] GC(111) PSYoungGen: 54368K(78336K)->49248K(78848K) Eden: 13824K(13824K)->0K(13824K) From: 40544K(64512K)->49248K(65024K)
[4.815s][info][gc,heap        ] GC(111) ParOldGen: 757531K(830976K)->762747K(830976K)
[4.815s][info][gc,metaspace   ] GC(111) Metaspace: 6298K(6464K)->6298K(6464K) NonClass: 5765K(5824K)->5765K(5824K) Class: 533K(640K)->533K(640K)
[4.815s][info][gc             ] GC(111) Pause Young (Allocation Failure) 792M->792M(888M) 25.846ms
[4.815s][info][gc,cpu         ] GC(111) User=0.14s Sys=0.00s Real=0.03s
[4.829s][info][gc,start       ] GC(112) Pause Young (Allocation Failure)
[4.859s][info][gc,heap        ] GC(112) PSYoungGen: 63072K(78848K)->52352K(79872K) Eden: 13824K(13824K)->0K(12288K) From: 49248K(65024K)->52352K(67584K)
[4.859s][info][gc,heap        ] GC(112) ParOldGen: 762747K(830976K)->773635K(830976K)
[4.859s][info][gc,metaspace   ] GC(112) Metaspace: 6298K(6464K)->6298K(6464K) NonClass: 5765K(5824K)->5765K(5824K) Class: 533K(640K)->533K(640K)
[4.859s][info][gc             ] GC(112) Pause Young (Allocation Failure) 806M->806M(889M) 29.970ms
[4.859s][info][gc,cpu         ] GC(112) User=0.12s Sys=0.00s Real=0.03s
[4.872s][info][gc,start       ] GC(113) Pause Young (Allocation Failure)
[4.903s][info][gc,heap        ] GC(113) PSYoungGen: 64640K(79872K)->40064K(52736K) Eden: 12288K(12288K)->0K(12288K) From: 52352K(67584K)->40064K(40448K)
[4.903s][info][gc,heap        ] GC(113) ParOldGen: 773635K(830976K)->798515K(830976K)
[4.903s][info][gc,metaspace   ] GC(113) Metaspace: 6298K(6464K)->6298K(6464K) NonClass: 5765K(5824K)->5765K(5824K) Class: 533K(640K)->533K(640K)
[4.903s][info][gc             ] GC(113) Pause Young (Allocation Failure) 818M->818M(863M) 30.959ms
[4.903s][info][gc,cpu         ] GC(113) User=0.12s Sys=0.02s Real=0.03s
[4.916s][info][gc,start       ] GC(114) Pause Young (Allocation Failure)
[4.942s][info][gc,heap        ] GC(114) PSYoungGen: 52352K(52736K)->24640K(80896K) Eden: 12288K(12288K)->0K(14336K) From: 40064K(40448K)->24640K(66560K)
[4.943s][info][gc,heap        ] GC(114) ParOldGen: 798515K(830976K)->826507K(830976K)
[4.943s][info][gc,metaspace   ] GC(114) Metaspace: 6298K(6464K)->6298K(6464K) NonClass: 5765K(5824K)->5765K(5824K) Class: 533K(640K)->533K(640K)
[4.943s][info][gc             ] GC(114) Pause Young (Allocation Failure) 830M->831M(890M) 26.607ms
[4.943s][info][gc,cpu         ] GC(114) User=0.12s Sys=0.02s Real=0.03s
[4.943s][info][gc,start       ] GC(115) Pause Full (Ergonomics)
[4.943s][info][gc,phases,start] GC(115) Marking Phase
[5.125s][info][gc,phases      ] GC(115) Marking Phase 182.240ms
[5.125s][info][gc,phases,start] GC(115) Summary Phase
[5.125s][info][gc,phases      ] GC(115) Summary Phase 0.029ms
[5.125s][info][gc,phases,start] GC(115) Adjust Roots
[5.125s][info][gc,phases      ] GC(115) Adjust Roots 0.150ms
[5.125s][info][gc,phases,start] GC(115) Compaction Phase
[5.221s][info][gc,phases      ] GC(115) Compaction Phase 95.854ms
[5.221s][info][gc,phases,start] GC(115) Post Compact
[5.223s][info][gc,phases      ] GC(115) Post Compact 1.548ms
[5.223s][info][gc,heap        ] GC(115) PSYoungGen: 24640K(80896K)->18895K(81920K) Eden: 0K(14336K)->0K(15360K) From: 24640K(66560K)->18895K(66560K)
[5.223s][info][gc,heap        ] GC(115) ParOldGen: 826507K(830976K)->830855K(928768K)
[5.223s][info][gc,metaspace   ] GC(115) Metaspace: 6298K(6464K)->6298K(6464K) NonClass: 5765K(5824K)->5765K(5824K) Class: 533K(640K)->533K(640K)
[5.223s][info][gc             ] GC(115) Pause Full (Ergonomics) 831M->829M(987M) 280.596ms
[5.223s][info][gc,cpu         ] GC(115) User=1.94s Sys=0.00s Real=0.28s
[5.241s][info][gc,start       ] GC(116) Pause Young (Allocation Failure)
[5.291s][info][gc,heap        ] GC(116) PSYoungGen: 34255K(81920K)->15488K(82944K) Eden: 15360K(15360K)->0K(15360K) From: 18895K(66560K)->15488K(67584K)
[5.291s][info][gc,heap        ] GC(116) ParOldGen: 830855K(928768K)->850039K(928768K)
[5.291s][info][gc,metaspace   ] GC(116) Metaspace: 6298K(6464K)->6298K(6464K) NonClass: 5765K(5824K)->5765K(5824K) Class: 533K(640K)->533K(640K)
[5.291s][info][gc             ] GC(116) Pause Young (Allocation Failure) 844M->845M(988M) 50.216ms
[5.292s][info][gc,cpu         ] GC(116) User=0.25s Sys=0.00s Real=0.05s
[5.308s][info][gc,start       ] GC(117) Pause Young (Allocation Failure)
[5.327s][info][gc,heap        ] GC(117) PSYoungGen: 30848K(82944K)->15488K(84480K) Eden: 15360K(15360K)->0K(17408K) From: 15488K(67584K)->15488K(67072K)
[5.327s][info][gc,heap        ] GC(117) ParOldGen: 850039K(928768K)->865607K(928768K)
[5.327s][info][gc,metaspace   ] GC(117) Metaspace: 6298K(6464K)->6298K(6464K) NonClass: 5765K(5824K)->5765K(5824K) Class: 533K(640K)->533K(640K)
[5.327s][info][gc             ] GC(117) Pause Young (Allocation Failure) 860M->860M(989M) 19.048ms
[5.327s][info][gc,cpu         ] GC(117) User=0.03s Sys=0.00s Real=0.02s
[5.345s][info][gc,start       ] GC(118) Pause Young (Allocation Failure)
[5.365s][info][gc,heap        ] GC(118) PSYoungGen: 32896K(84480K)->17536K(84992K) Eden: 17408K(17408K)->0K(17408K) From: 15488K(67072K)->17536K(67584K)
[5.365s][info][gc,heap        ] GC(118) ParOldGen: 865607K(928768K)->881159K(928768K)
[5.365s][info][gc,metaspace   ] GC(118) Metaspace: 6298K(6464K)->6298K(6464K) NonClass: 5765K(5824K)->5765K(5824K) Class: 533K(640K)->533K(640K)
[5.365s][info][gc             ] GC(118) Pause Young (Allocation Failure) 877M->877M(990M) 19.377ms
[5.365s][info][gc,cpu         ] GC(118) User=0.03s Sys=0.00s Real=0.02s
[5.384s][info][gc,start       ] GC(119) Pause Young (Allocation Failure)
[5.404s][info][gc,heap        ] GC(119) PSYoungGen: 34944K(84992K)->17568K(83968K) Eden: 17408K(17408K)->0K(19456K) From: 17536K(67584K)->17568K(64512K)
[5.404s][info][gc,heap        ] GC(119) ParOldGen: 881159K(928768K)->898815K(928768K)
[5.404s][info][gc,metaspace   ] GC(119) Metaspace: 6298K(6464K)->6298K(6464K) NonClass: 5765K(5824K)->5765K(5824K) Class: 533K(640K)->533K(640K)
[5.404s][info][gc             ] GC(119) Pause Young (Allocation Failure) 894M->894M(989M) 20.222ms
[5.404s][info][gc,cpu         ] GC(119) User=0.12s Sys=0.00s Real=0.02s
[5.404s][info][gc,start       ] GC(120) Pause Full (Ergonomics)
[5.404s][info][gc,phases,start] GC(120) Marking Phase
[5.601s][info][gc,phases      ] GC(120) Marking Phase 197.614ms
[5.602s][info][gc,phases,start] GC(120) Summary Phase
[5.602s][info][gc,phases      ] GC(120) Summary Phase 0.029ms
[5.602s][info][gc,phases,start] GC(120) Adjust Roots
[5.602s][info][gc,phases      ] GC(120) Adjust Roots 0.152ms
[5.602s][info][gc,phases,start] GC(120) Compaction Phase
[5.687s][info][gc,phases      ] GC(120) Compaction Phase 84.748ms
[5.687s][info][gc,phases,start] GC(120) Post Compact
[5.688s][info][gc,phases      ] GC(120) Post Compact 1.477ms
[5.688s][info][gc,heap        ] GC(120) PSYoungGen: 17568K(83968K)->0K(84992K) Eden: 0K(19456K)->0K(19456K) From: 17568K(64512K)->0K(65536K)
[5.689s][info][gc,heap        ] GC(120) ParOldGen: 898815K(928768K)->915157K(1018368K)
[5.689s][info][gc,metaspace   ] GC(120) Metaspace: 6298K(6464K)->6298K(6464K) NonClass: 5765K(5824K)->5765K(5824K) Class: 533K(640K)->533K(640K)
[5.689s][info][gc             ] GC(120) Pause Full (Ergonomics) 894M->893M(1077M) 284.681ms
[5.689s][info][gc,cpu         ] GC(120) User=2.09s Sys=0.03s Real=0.28s
[5.710s][info][gc,start       ] GC(121) Pause Young (Allocation Failure)
[5.726s][info][gc,heap        ] GC(121) PSYoungGen: 19456K(84992K)->19616K(82432K) Eden: 19456K(19456K)->0K(21504K) From: 0K(65536K)->19616K(60928K)
[5.726s][info][gc,heap        ] GC(121) ParOldGen: 915157K(1018368K)->915157K(1018368K)
[5.726s][info][gc,metaspace   ] GC(121) Metaspace: 6298K(6464K)->6298K(6464K) NonClass: 5765K(5824K)->5765K(5824K) Class: 533K(640K)->533K(640K)
[5.726s][info][gc             ] GC(121) Pause Young (Allocation Failure) 912M->912M(1075M) 15.963ms
[5.726s][info][gc,cpu         ] GC(121) User=0.00s Sys=0.00s Real=0.02s
[5.750s][info][gc,start       ] GC(122) Pause Young (Allocation Failure)
[5.772s][info][gc,heap        ] GC(122) PSYoungGen: 41120K(82432K)->41120K(84992K) Eden: 21504K(21504K)->0K(21504K) From: 19616K(60928K)->41120K(63488K)
[5.772s][info][gc,heap        ] GC(122) ParOldGen: 915157K(1018368K)->915157K(1018368K)
[5.772s][info][gc,metaspace   ] GC(122) Metaspace: 6298K(6464K)->6298K(6464K) NonClass: 5765K(5824K)->5765K(5824K) Class: 533K(640K)->533K(640K)
[5.772s][info][gc             ] GC(122) Pause Young (Allocation Failure) 933M->933M(1077M) 21.788ms
[5.772s][info][gc,cpu         ] GC(122) User=0.14s Sys=0.00s Real=0.02s
[5.795s][info][gc,start       ] GC(123) Pause Young (Allocation Failure)
[5.825s][info][gc,heap        ] GC(123) PSYoungGen: 62624K(84992K)->62560K(79360K) Eden: 21504K(21504K)->0K(14848K) From: 41120K(63488K)->62560K(64512K)
[5.825s][info][gc,heap        ] GC(123) ParOldGen: 915157K(1018368K)->915157K(1018368K)
[5.825s][info][gc,metaspace   ] GC(123) Metaspace: 6298K(6464K)->6298K(6464K) NonClass: 5765K(5824K)->5765K(5824K) Class: 533K(640K)->533K(640K)
[5.825s][info][gc             ] GC(123) Pause Young (Allocation Failure) 954M->954M(1072M) 30.506ms
[5.825s][info][gc,cpu         ] GC(123) User=0.14s Sys=0.00s Real=0.03s
[5.842s][info][gc,start       ] GC(124) Pause Young (Allocation Failure)
[5.877s][info][gc,heap        ] GC(124) PSYoungGen: 77408K(79360K)->73216K(88064K) Eden: 14848K(14848K)->0K(14848K) From: 62560K(64512K)->73216K(73216K)
[5.877s][info][gc,heap        ] GC(124) ParOldGen: 915157K(1018368K)->919357K(1018368K)
[5.877s][info][gc,metaspace   ] GC(124) Metaspace: 6298K(6464K)->6298K(6464K) NonClass: 5765K(5824K)->5765K(5824K) Class: 533K(640K)->533K(640K)
[5.877s][info][gc             ] GC(124) Pause Young (Allocation Failure) 969M->969M(1080M) 35.846ms
[5.877s][info][gc,cpu         ] GC(124) User=0.27s Sys=0.00s Real=0.04s
[5.894s][info][gc,start       ] GC(125) Pause Young (Allocation Failure)
[5.935s][info][gc,heap        ] GC(125) PSYoungGen: 88064K(88064K)->49984K(101888K) Eden: 14848K(14848K)->0K(16896K) From: 73216K(73216K)->49984K(84992K)
[5.935s][info][gc,heap        ] GC(125) ParOldGen: 919357K(1018368K)->958053K(1018368K)
[5.935s][info][gc,metaspace   ] GC(125) Metaspace: 6298K(6464K)->6298K(6464K) NonClass: 5765K(5824K)->5765K(5824K) Class: 533K(640K)->533K(640K)
[5.935s][info][gc             ] GC(125) Pause Young (Allocation Failure) 983M->984M(1094M) 41.219ms
[5.935s][info][gc,cpu         ] GC(125) User=0.23s Sys=0.02s Real=0.04s
[5.954s][info][gc,start       ] GC(126) Pause Young (Allocation Failure)
[5.987s][info][gc,heap        ] GC(126) PSYoungGen: 66880K(101888K)->45696K(102400K) Eden: 16896K(16896K)->0K(16896K) From: 49984K(84992K)->45696K(85504K)
[5.987s][info][gc,heap        ] GC(126) ParOldGen: 958053K(1018368K)->979541K(1018368K)
[5.987s][info][gc,metaspace   ] GC(126) Metaspace: 6298K(6464K)->6298K(6464K) NonClass: 5765K(5824K)->5765K(5824K) Class: 533K(640K)->533K(640K)
[5.987s][info][gc             ] GC(126) Pause Young (Allocation Failure) 1000M->1001M(1094M) 32.719ms
[5.987s][info][gc,cpu         ] GC(126) User=0.16s Sys=0.00s Real=0.03s
[6.007s][info][gc,start       ] GC(127) Pause Young (Allocation Failure)
[6.038s][info][gc,heap        ] GC(127) PSYoungGen: 62592K(102400K)->33952K(95744K) Eden: 16896K(16896K)->0K(19456K) From: 45696K(85504K)->33952K(76288K)
[6.038s][info][gc,heap        ] GC(127) ParOldGen: 979541K(1018368K)->1008557K(1018368K)
[6.038s][info][gc,metaspace   ] GC(127) Metaspace: 6298K(6464K)->6298K(6464K) NonClass: 5765K(5824K)->5765K(5824K) Class: 533K(640K)->533K(640K)
[6.038s][info][gc             ] GC(127) Pause Young (Allocation Failure) 1017M->1018M(1088M) 31.491ms
[6.038s][info][gc,cpu         ] GC(127) User=0.08s Sys=0.06s Real=0.03s
[6.038s][info][gc,start       ] GC(128) Pause Full (Ergonomics)
[6.038s][info][gc,phases,start] GC(128) Marking Phase
[6.273s][info][gc,phases      ] GC(128) Marking Phase 234.964ms
[6.273s][info][gc,phases,start] GC(128) Summary Phase
[6.273s][info][gc,phases      ] GC(128) Summary Phase 0.024ms
[6.273s][info][gc,phases,start] GC(128) Adjust Roots
[6.273s][info][gc,phases      ] GC(128) Adjust Roots 0.150ms
[6.273s][info][gc,phases,start] GC(128) Compaction Phase
[6.371s][info][gc,phases      ] GC(128) Compaction Phase 97.713ms
[6.371s][info][gc,phases,start] GC(128) Post Compact
[6.373s][info][gc,phases      ] GC(128) Post Compact 1.682ms
[6.373s][info][gc,heap        ] GC(128) PSYoungGen: 33952K(95744K)->23000K(98304K) Eden: 0K(19456K)->0K(22016K) From: 33952K(76288K)->23000K(76288K)
[6.373s][info][gc,heap        ] GC(128) ParOldGen: 1008557K(1018368K)->1017888K(1137664K)
[6.374s][info][gc,metaspace   ] GC(128) Metaspace: 6298K(6464K)->6298K(6464K) NonClass: 5765K(5824K)->5765K(5824K) Class: 533K(640K)->533K(640K)
[6.374s][info][gc             ] GC(128) Pause Full (Ergonomics) 1018M->1016M(1207M) 335.299ms
[6.374s][info][gc,cpu         ] GC(128) User=2.30s Sys=0.00s Real=0.34s
[6.400s][info][gc,start       ] GC(129) Pause Young (Allocation Failure)
[6.464s][info][gc,heap        ] GC(129) PSYoungGen: 45016K(98304K)->22144K(101888K) Eden: 22016K(22016K)->0K(22016K) From: 23000K(76288K)->22144K(79872K)
[6.464s][info][gc,heap        ] GC(129) ParOldGen: 1017888K(1137664K)->1041208K(1137664K)
[6.464s][info][gc,metaspace   ] GC(129) Metaspace: 6298K(6464K)->6298K(6464K) NonClass: 5765K(5824K)->5765K(5824K) Class: 533K(640K)->533K(640K)
[6.464s][info][gc             ] GC(129) Pause Young (Allocation Failure) 1037M->1038M(1210M) 63.646ms
[6.464s][info][gc,cpu         ] GC(129) User=0.38s Sys=0.02s Real=0.06s
[6.490s][info][gc,start       ] GC(130) Pause Young (Allocation Failure)
[6.516s][info][gc,heap        ] GC(130) PSYoungGen: 44160K(101888K)->22176K(100352K) Eden: 22016K(22016K)->0K(24576K) From: 22144K(79872K)->22176K(75776K)
[6.516s][info][gc,heap        ] GC(130) ParOldGen: 1041208K(1137664K)->1063512K(1137664K)
[6.516s][info][gc,metaspace   ] GC(130) Metaspace: 6298K(6464K)->6298K(6464K) NonClass: 5765K(5824K)->5765K(5824K) Class: 533K(640K)->533K(640K)
[6.516s][info][gc             ] GC(130) Pause Young (Allocation Failure) 1059M->1060M(1209M) 25.695ms
[6.516s][info][gc,cpu         ] GC(130) User=0.11s Sys=0.02s Real=0.03s
[6.544s][info][gc,start       ] GC(131) Pause Young (Allocation Failure)
[6.571s][info][gc,heap        ] GC(131) PSYoungGen: 46752K(100352K)->24736K(101888K) Eden: 24576K(24576K)->0K(24576K) From: 22176K(75776K)->24736K(77312K)
[6.571s][info][gc,heap        ] GC(131) ParOldGen: 1063512K(1137664K)->1085832K(1137664K)
[6.571s][info][gc,metaspace   ] GC(131) Metaspace: 6298K(6464K)->6298K(6464K) NonClass: 5765K(5824K)->5765K(5824K) Class: 533K(640K)->533K(640K)
[6.571s][info][gc             ] GC(131) Pause Young (Allocation Failure) 1084M->1084M(1210M) 26.976ms
[6.571s][info][gc,cpu         ] GC(131) User=0.14s Sys=0.00s Real=0.03s
[6.597s][info][gc,start       ] GC(132) Pause Young (Allocation Failure)
[6.625s][info][gc,heap        ] GC(132) PSYoungGen: 49312K(101888K)->24704K(97792K) Eden: 24576K(24576K)->0K(27136K) From: 24736K(77312K)->24704K(70656K)
[6.625s][info][gc,heap        ] GC(132) ParOldGen: 1085832K(1137664K)->1110736K(1137664K)
[6.625s][info][gc,metaspace   ] GC(132) Metaspace: 6298K(6464K)->6298K(6464K) NonClass: 5765K(5824K)->5765K(5824K) Class: 533K(640K)->533K(640K)
[6.625s][info][gc             ] GC(132) Pause Young (Allocation Failure) 1108M->1108M(1206M) 27.858ms
[6.625s][info][gc,cpu         ] GC(132) User=0.08s Sys=0.05s Real=0.03s
[6.625s][info][gc,start       ] GC(133) Pause Full (Ergonomics)
[6.625s][info][gc,phases,start] GC(133) Marking Phase
[6.867s][info][gc,phases      ] GC(133) Marking Phase 241.692ms
[6.867s][info][gc,phases,start] GC(133) Summary Phase
[6.867s][info][gc,phases      ] GC(133) Summary Phase 0.031ms
[6.867s][info][gc,phases,start] GC(133) Adjust Roots
[6.867s][info][gc,phases      ] GC(133) Adjust Roots 0.148ms
[6.867s][info][gc,phases,start] GC(133) Compaction Phase
[6.977s][info][gc,phases      ] GC(133) Compaction Phase 110.092ms
[6.977s][info][gc,phases,start] GC(133) Post Compact
[6.979s][info][gc,phases      ] GC(133) Post Compact 1.963ms
[6.980s][info][gc,heap        ] GC(133) PSYoungGen: 24704K(97792K)->0K(99840K) Eden: 0K(27136K)->0K(27136K) From: 24704K(70656K)->0K(72704K)
[6.980s][info][gc,heap        ] GC(133) ParOldGen: 1110736K(1137664K)->1133936K(1263616K)
[6.980s][info][gc,metaspace   ] GC(133) Metaspace: 6298K(6464K)->6298K(6464K) NonClass: 5765K(5824K)->5765K(5824K) Class: 533K(640K)->533K(640K)
[6.980s][info][gc             ] GC(133) Pause Full (Ergonomics) 1108M->1107M(1331M) 354.667ms
[6.980s][info][gc,cpu         ] GC(133) User=2.56s Sys=0.03s Real=0.36s
[7.013s][info][gc,start       ] GC(134) Pause Young (Allocation Failure)
[7.031s][info][gc,heap        ] GC(134) PSYoungGen: 27136K(99840K)->27296K(95744K) Eden: 27136K(27136K)->0K(29696K) From: 0K(72704K)->27296K(66048K)
[7.031s][info][gc,heap        ] GC(134) ParOldGen: 1133936K(1263616K)->1133936K(1263616K)
[7.031s][info][gc,metaspace   ] GC(134) Metaspace: 6298K(6464K)->6298K(6464K) NonClass: 5765K(5824K)->5765K(5824K) Class: 533K(640K)->533K(640K)
[7.031s][info][gc             ] GC(134) Pause Young (Allocation Failure) 1133M->1134M(1327M) 18.207ms
[7.031s][info][gc,cpu         ] GC(134) User=0.03s Sys=0.00s Real=0.02s
[7.065s][info][gc,start       ] GC(135) Pause Young (Allocation Failure)
[7.096s][info][gc,heap        ] GC(135) PSYoungGen: 56992K(95744K)->57024K(99328K) Eden: 29696K(29696K)->0K(29696K) From: 27296K(66048K)->57024K(69632K)
[7.096s][info][gc,heap        ] GC(135) ParOldGen: 1133936K(1263616K)->1133936K(1263616K)
[7.096s][info][gc,metaspace   ] GC(135) Metaspace: 6298K(6464K)->6298K(6464K) NonClass: 5765K(5824K)->5765K(5824K) Class: 533K(640K)->533K(640K)
[7.096s][info][gc             ] GC(135) Pause Young (Allocation Failure) 1163M->1163M(1331M) 30.690ms
[7.096s][info][gc,cpu         ] GC(135) User=0.12s Sys=0.00s Real=0.03s
[7.134s][info][gc,start       ] GC(136) Pause Young (Allocation Failure)
[7.179s][info][gc,heap        ] GC(136) PSYoungGen: 86720K(99328K)->75264K(93184K) Eden: 29696K(29696K)->0K(17920K) From: 57024K(69632K)->75264K(75264K)
[7.179s][info][gc,heap        ] GC(136) ParOldGen: 1133936K(1263616K)->1145440K(1263616K)
[7.179s][info][gc,metaspace   ] GC(136) Metaspace: 6298K(6464K)->6298K(6464K) NonClass: 5765K(5824K)->5765K(5824K) Class: 533K(640K)->533K(640K)
[7.179s][info][gc             ] GC(136) Pause Young (Allocation Failure) 1192M->1192M(1325M) 44.998ms
[7.179s][info][gc,cpu         ] GC(136) User=0.22s Sys=0.05s Real=0.04s
[7.200s][info][gc,start       ] GC(137) Pause Young (Allocation Failure)
[7.250s][info][gc,heap        ] GC(137) PSYoungGen: 93184K(93184K)->42912K(60928K) Eden: 17920K(17920K)->0K(17920K) From: 75264K(75264K)->42912K(43008K)
[7.250s][info][gc,heap        ] GC(137) ParOldGen: 1145440K(1263616K)->1196408K(1263616K)
[7.250s][info][gc,metaspace   ] GC(137) Metaspace: 6298K(6464K)->6298K(6464K) NonClass: 5765K(5824K)->5765K(5824K) Class: 533K(640K)->533K(640K)
[7.250s][info][gc             ] GC(137) Pause Young (Allocation Failure) 1209M->1210M(1293M) 49.271ms
[7.250s][info][gc,cpu         ] GC(137) User=0.25s Sys=0.02s Real=0.05s
[7.271s][info][gc,start       ] GC(138) Pause Young (Allocation Failure)
[7.303s][info][gc,heap        ] GC(138) PSYoungGen: 60832K(60928K)->36000K(98816K) Eden: 17920K(17920K)->0K(19968K) From: 42912K(43008K)->36000K(78848K)
[7.303s][info][gc,heap        ] GC(138) ParOldGen: 1196408K(1263616K)->1221648K(1263616K)
[7.303s][info][gc,metaspace   ] GC(138) Metaspace: 6298K(6464K)->6298K(6464K) NonClass: 5765K(5824K)->5765K(5824K) Class: 533K(640K)->533K(640K)
[7.303s][info][gc             ] GC(138) Pause Young (Allocation Failure) 1227M->1228M(1330M) 32.104ms
[7.303s][info][gc,cpu         ] GC(138) User=0.14s Sys=0.00s Real=0.03s
[7.303s][info][gc,start       ] GC(139) Pause Full (Ergonomics)
[7.303s][info][gc,phases,start] GC(139) Marking Phase
[7.596s][info][gc,phases      ] GC(139) Marking Phase 293.729ms
[7.597s][info][gc,phases,start] GC(139) Summary Phase
[7.597s][info][gc,phases      ] GC(139) Summary Phase 0.033ms
[7.597s][info][gc,phases,start] GC(139) Adjust Roots
[7.597s][info][gc,phases      ] GC(139) Adjust Roots 0.148ms
[7.597s][info][gc,phases,start] GC(139) Compaction Phase
[7.712s][info][gc,phases      ] GC(139) Compaction Phase 115.528ms
[7.712s][info][gc,phases,start] GC(139) Post Compact
[7.715s][info][gc,phases      ] GC(139) Post Compact 2.373ms
[7.716s][info][gc,heap        ] GC(139) PSYoungGen: 36000K(98816K)->0K(102400K) Eden: 0K(19968K)->0K(19968K) From: 36000K(78848K)->0K(82432K)
[7.716s][info][gc,heap        ] GC(139) ParOldGen: 1221648K(1263616K)->1256143K(1401344K)
[7.716s][info][gc,metaspace   ] GC(139) Metaspace: 6298K(6464K)->6298K(6464K) NonClass: 5765K(5824K)->5765K(5824K) Class: 533K(640K)->533K(640K)
[7.716s][info][gc             ] GC(139) Pause Full (Ergonomics) 1228M->1226M(1468M) 412.841ms
[7.716s][info][gc,cpu         ] GC(139) User=2.92s Sys=0.00s Real=0.41s
[7.740s][info][gc,start       ] GC(140) Pause Young (Allocation Failure)
[7.756s][info][gc,heap        ] GC(140) PSYoungGen: 19968K(102400K)->20128K(101888K) Eden: 19968K(19968K)->0K(22016K) From: 0K(82432K)->20128K(79872K)
[7.756s][info][gc,heap        ] GC(140) ParOldGen: 1256143K(1401344K)->1256143K(1401344K)
[7.756s][info][gc,metaspace   ] GC(140) Metaspace: 6298K(6464K)->6298K(6464K) NonClass: 5765K(5824K)->5765K(5824K) Class: 533K(640K)->533K(640K)
[7.756s][info][gc             ] GC(140) Pause Young (Allocation Failure) 1246M->1246M(1468M) 15.909ms
[7.756s][info][gc,cpu         ] GC(140) User=0.02s Sys=0.00s Real=0.02s
[7.783s][info][gc,start       ] GC(141) Pause Young (Allocation Failure)
[7.808s][info][gc,heap        ] GC(141) PSYoungGen: 42144K(101888K)->42112K(64512K) Eden: 22016K(22016K)->0K(22016K) From: 20128K(79872K)->42112K(42496K)
[7.808s][info][gc,heap        ] GC(141) ParOldGen: 1256143K(1401344K)->1256143K(1401344K)
[7.808s][info][gc,metaspace   ] GC(141) Metaspace: 6298K(6464K)->6298K(6464K) NonClass: 5765K(5824K)->5765K(5824K) Class: 533K(640K)->533K(640K)
[7.808s][info][gc             ] GC(141) Pause Young (Allocation Failure) 1267M->1267M(1431M) 24.811ms
[7.808s][info][gc,cpu         ] GC(141) User=0.12s Sys=0.00s Real=0.03s
[7.827s][info][gc,start       ] GC(142) Pause Young (Allocation Failure)
[7.856s][info][gc,heap        ] GC(142) PSYoungGen: 64128K(64512K)->55072K(100864K) Eden: 22016K(22016K)->0K(22016K) From: 42112K(42496K)->55072K(78848K)
[7.856s][info][gc,heap        ] GC(142) ParOldGen: 1256143K(1401344K)->1256143K(1401344K)
[7.856s][info][gc,metaspace   ] GC(142) Metaspace: 6298K(6464K)->6298K(6464K) NonClass: 5765K(5824K)->5765K(5824K) Class: 533K(640K)->533K(640K)
[7.856s][info][gc             ] GC(142) Pause Young (Allocation Failure) 1289M->1280M(1467M) 29.501ms
[7.856s][info][gc,cpu         ] GC(142) User=0.14s Sys=0.02s Real=0.03s
[7.877s][info][gc,start       ] GC(143) Pause Young (Allocation Failure)
[7.912s][info][gc,heap        ] GC(143) PSYoungGen: 77088K(100864K)->69536K(102912K) Eden: 22016K(22016K)->0K(22016K) From: 55072K(78848K)->69536K(80896K)
[7.913s][info][gc,heap        ] GC(143) ParOldGen: 1256143K(1401344K)->1256143K(1401344K)
[7.913s][info][gc,metaspace   ] GC(143) Metaspace: 6298K(6464K)->6298K(6464K) NonClass: 5765K(5824K)->5765K(5824K) Class: 533K(640K)->533K(640K)
[7.913s][info][gc             ] GC(143) Pause Young (Allocation Failure) 1301M->1294M(1469M) 35.337ms
[7.913s][info][gc,cpu         ] GC(143) User=0.16s Sys=0.00s Real=0.03s
[7.941s][info][gc,start       ] GC(144) Pause Young (Allocation Failure)
[7.987s][info][gc,heap        ] GC(144) PSYoungGen: 91552K(102912K)->87552K(98816K) Eden: 22016K(22016K)->0K(11264K) From: 69536K(80896K)->87552K(87552K)
[7.987s][info][gc,heap        ] GC(144) ParOldGen: 1256143K(1401344K)->1260135K(1401344K)
[7.987s][info][gc,metaspace   ] GC(144) Metaspace: 6298K(6464K)->6298K(6464K) NonClass: 5765K(5824K)->5765K(5824K) Class: 533K(640K)->533K(640K)
[7.987s][info][gc             ] GC(144) Pause Young (Allocation Failure) 1316M->1316M(1465M) 46.380ms
[7.987s][info][gc,cpu         ] GC(144) User=0.25s Sys=0.00s Real=0.05s
[8.000s][info][gc,start       ] GC(145) Pause Young (Allocation Failure)
[8.051s][info][gc,heap        ] GC(145) PSYoungGen: 98816K(98816K)->58592K(112128K) Eden: 11264K(11264K)->0K(11264K) From: 87552K(87552K)->58592K(100864K)
[8.051s][info][gc,heap        ] GC(145) ParOldGen: 1260135K(1401344K)->1300967K(1401344K)
[8.051s][info][gc,metaspace   ] GC(145) Metaspace: 6298K(6464K)->6298K(6464K) NonClass: 5765K(5824K)->5765K(5824K) Class: 533K(640K)->533K(640K)
[8.051s][info][gc             ] GC(145) Pause Young (Allocation Failure) 1327M->1327M(1478M) 50.757ms
[8.051s][info][gc,cpu         ] GC(145) User=0.41s Sys=0.09s Real=0.05s
[8.064s][info][gc,start       ] GC(146) Pause Young (Allocation Failure)
[8.099s][info][gc,heap        ] GC(146) PSYoungGen: 69856K(112128K)->43616K(105472K) Eden: 11264K(11264K)->0K(13312K) From: 58592K(100864K)->43616K(92160K)
[8.099s][info][gc,heap        ] GC(146) ParOldGen: 1300967K(1401344K)->1327519K(1401344K)
[8.099s][info][gc,metaspace   ] GC(146) Metaspace: 6298K(6464K)->6298K(6464K) NonClass: 5765K(5824K)->5765K(5824K) Class: 533K(640K)->533K(640K)
[8.099s][info][gc             ] GC(146) Pause Young (Allocation Failure) 1338M->1338M(1471M) 35.335ms
[8.099s][info][gc,cpu         ] GC(146) User=0.17s Sys=0.08s Real=0.04s
[8.116s][info][gc,start       ] GC(147) Pause Young (Allocation Failure)
[8.147s][info][gc,heap        ] GC(147) PSYoungGen: 56928K(105472K)->24672K(109056K) Eden: 13312K(13312K)->0K(13312K) From: 43616K(92160K)->24672K(95744K)
[8.147s][info][gc,heap        ] GC(147) ParOldGen: 1327519K(1401344K)->1360191K(1401344K)
[8.147s][info][gc,metaspace   ] GC(147) Metaspace: 6298K(6464K)->6298K(6464K) NonClass: 5765K(5824K)->5765K(5824K) Class: 533K(640K)->533K(640K)
[8.147s][info][gc             ] GC(147) Pause Young (Allocation Failure) 1351M->1352M(1475M) 30.963ms
[8.147s][info][gc,cpu         ] GC(147) User=0.12s Sys=0.02s Real=0.03s
[8.147s][info][gc,start       ] GC(148) Pause Full (Ergonomics)
[8.147s][info][gc,phases,start] GC(148) Marking Phase
[8.458s][info][gc,phases      ] GC(148) Marking Phase 310.841ms
[8.458s][info][gc,phases,start] GC(148) Summary Phase
[8.458s][info][gc,phases      ] GC(148) Summary Phase 0.052ms
[8.458s][info][gc,phases,start] GC(148) Adjust Roots
[8.458s][info][gc,phases      ] GC(148) Adjust Roots 0.162ms
[8.458s][info][gc,phases,start] GC(148) Compaction Phase
[8.571s][info][gc,phases      ] GC(148) Compaction Phase 112.428ms
[8.571s][info][gc,phases,start] GC(148) Post Compact
[8.573s][info][gc,phases      ] GC(148) Post Compact 2.571ms
[8.574s][info][gc,heap        ] GC(148) PSYoungGen: 24672K(109056K)->0K(110592K) Eden: 0K(13312K)->0K(15360K) From: 24672K(95744K)->0K(95232K)
[8.574s][info][gc,heap        ] GC(148) ParOldGen: 1360191K(1401344K)->1383119K(1543680K)
[8.574s][info][gc,metaspace   ] GC(148) Metaspace: 6298K(6464K)->6298K(6464K) NonClass: 5765K(5824K)->5765K(5824K) Class: 533K(640K)->533K(640K)
[8.574s][info][gc             ] GC(148) Pause Full (Ergonomics) 1352M->1350M(1615M) 426.864ms
[8.574s][info][gc,cpu         ] GC(148) User=3.14s Sys=0.00s Real=0.43s
[8.593s][info][gc,start       ] GC(149) Pause Young (Allocation Failure)
[8.608s][info][gc,heap        ] GC(149) PSYoungGen: 15360K(110592K)->15456K(110592K) Eden: 15360K(15360K)->0K(15360K) From: 0K(95232K)->15456K(95232K)
[8.608s][info][gc,heap        ] GC(149) ParOldGen: 1383119K(1543680K)->1383119K(1543680K)
[8.608s][info][gc,metaspace   ] GC(149) Metaspace: 6298K(6464K)->6298K(6464K) NonClass: 5765K(5824K)->5765K(5824K) Class: 533K(640K)->533K(640K)
[8.608s][info][gc             ] GC(149) Pause Young (Allocation Failure) 1365M->1365M(1615M) 14.703ms
[8.608s][info][gc,cpu         ] GC(149) User=0.02s Sys=0.00s Real=0.02s
[8.898s][info][gc,start       ] GC(150) Pause Young (Allocation Failure)
[8.951s][info][gc,heap        ] GC(150) PSYoungGen: 30816K(110592K)->15520K(111104K) Eden: 15360K(15360K)->0K(16896K) From: 15456K(95232K)->15520K(94208K)
[8.951s][info][gc,heap        ] GC(150) ParOldGen: 1448655K(1543680K)->1464231K(1543680K)
[8.951s][info][gc,metaspace   ] GC(150) Metaspace: 6298K(6464K)->6298K(6464K) NonClass: 5765K(5824K)->5765K(5824K) Class: 533K(640K)->533K(640K)
[8.951s][info][gc             ] GC(150) Pause Young (Allocation Failure) 1444M->1445M(1616M) 52.830ms
[8.951s][info][gc,cpu         ] GC(150) User=0.27s Sys=0.00s Real=0.05s
[8.966s][info][gc,start       ] GC(151) Pause Young (Allocation Failure)
[8.993s][info][gc,heap        ] GC(151) PSYoungGen: 32416K(111104K)->32416K(49664K) Eden: 16896K(16896K)->0K(16896K) From: 15520K(94208K)->32416K(32768K)
[8.993s][info][gc,heap        ] GC(151) ParOldGen: 1464231K(1543680K)->1464231K(1543680K)
[8.993s][info][gc,metaspace   ] GC(151) Metaspace: 6298K(6464K)->6298K(6464K) NonClass: 5765K(5824K)->5765K(5824K) Class: 533K(640K)->533K(640K)
[8.993s][info][gc             ] GC(151) Pause Young (Allocation Failure) 1461M->1461M(1556M) 26.582ms
[8.993s][info][gc,cpu         ] GC(151) User=0.02s Sys=0.00s Real=0.03s
[9.009s][info][gc,start       ] GC(152) Pause Young (Allocation Failure)
[9.040s][info][gc,heap        ] GC(152) PSYoungGen: 49312K(49664K)->49280K(106496K) Eden: 16896K(16896K)->0K(18944K) From: 32416K(32768K)->49280K(87552K)
[9.040s][info][gc,heap        ] GC(152) ParOldGen: 1464231K(1543680K)->1464231K(1543680K)
[9.040s][info][gc,metaspace   ] GC(152) Metaspace: 6298K(6464K)->6298K(6464K) NonClass: 5765K(5824K)->5765K(5824K) Class: 533K(640K)->533K(640K)
[9.040s][info][gc             ] GC(152) Pause Young (Allocation Failure) 1478M->1478M(1611M) 30.315ms
[9.040s][info][gc,cpu         ] GC(152) User=0.05s Sys=0.00s Real=0.03s
[9.059s][info][gc,start       ] GC(153) Pause Young (Allocation Failure)
[9.093s][info][gc,heap        ] GC(153) PSYoungGen: 68224K(106496K)->52896K(108032K) Eden: 18944K(18944K)->0K(18944K) From: 49280K(87552K)->52896K(89088K)
[9.093s][info][gc,heap        ] GC(153) ParOldGen: 1464231K(1543680K)->1479791K(1543680K)
[9.093s][info][gc,metaspace   ] GC(153) Metaspace: 6298K(6464K)->6298K(6464K) NonClass: 5765K(5824K)->5765K(5824K) Class: 533K(640K)->533K(640K)
[9.093s][info][gc             ] GC(153) Pause Young (Allocation Failure) 1496M->1496M(1613M) 34.585ms
[9.093s][info][gc,cpu         ] GC(153) User=0.14s Sys=0.02s Real=0.03s
[9.110s][info][gc,start       ] GC(154) Pause Young (Allocation Failure)
[9.147s][info][gc,heap        ] GC(154) PSYoungGen: 71840K(108032K)->54976K(110592K) Eden: 18944K(18944K)->0K(21504K) From: 52896K(89088K)->54976K(89088K)
[9.147s][info][gc,heap        ] GC(154) ParOldGen: 1479791K(1543680K)->1496911K(1543680K)
[9.147s][info][gc,metaspace   ] GC(154) Metaspace: 6298K(6464K)->6298K(6464K) NonClass: 5765K(5824K)->5765K(5824K) Class: 533K(640K)->533K(640K)
[9.147s][info][gc             ] GC(154) Pause Young (Allocation Failure) 1515M->1515M(1615M) 36.814ms
[9.147s][info][gc,cpu         ] GC(154) User=0.03s Sys=0.00s Real=0.04s
[9.168s][info][gc,start       ] GC(155) Pause Young (Allocation Failure)
[9.206s][info][gc,heap        ] GC(155) PSYoungGen: 76480K(110592K)->59584K(110592K) Eden: 21504K(21504K)->0K(21504K) From: 54976K(89088K)->59584K(89088K)
[9.206s][info][gc,heap        ] GC(155) ParOldGen: 1496911K(1543680K)->1514015K(1543680K)
[9.206s][info][gc,metaspace   ] GC(155) Metaspace: 6298K(6464K)->6298K(6464K) NonClass: 5765K(5824K)->5765K(5824K) Class: 533K(640K)->533K(640K)
[9.206s][info][gc             ] GC(155) Pause Young (Allocation Failure) 1536M->1536M(1615M) 38.196ms
[9.206s][info][gc,cpu         ] GC(155) User=0.28s Sys=0.00s Real=0.04s
[9.206s][info][gc,start       ] GC(156) Pause Full (Ergonomics)
[9.206s][info][gc,phases,start] GC(156) Marking Phase
[9.550s][info][gc,phases      ] GC(156) Marking Phase 344.337ms
[9.550s][info][gc,phases,start] GC(156) Summary Phase
[9.550s][info][gc,phases      ] GC(156) Summary Phase 0.059ms
[9.550s][info][gc,phases,start] GC(156) Adjust Roots
[9.551s][info][gc,phases      ] GC(156) Adjust Roots 0.190ms
[9.551s][info][gc,phases,start] GC(156) Compaction Phase
[9.802s][info][gc,phases      ] GC(156) Compaction Phase 251.279ms
[9.802s][info][gc,phases,start] GC(156) Post Compact
[9.805s][info][gc,phases      ] GC(156) Post Compact 3.064ms
[9.806s][info][gc,heap        ] GC(156) PSYoungGen: 59584K(110592K)->0K(115200K) Eden: 0K(21504K)->0K(24576K) From: 59584K(89088K)->0K(90624K)
[9.806s][info][gc,heap        ] GC(156) ParOldGen: 1514015K(1543680K)->1539571K(1699328K)
[9.806s][info][gc,metaspace   ] GC(156) Metaspace: 6298K(6464K)->6298K(6464K) NonClass: 5765K(5824K)->5765K(5824K) Class: 533K(640K)->533K(640K)
[9.806s][info][gc             ] GC(156) Pause Full (Ergonomics) 1536M->1503M(1772M) 599.780ms
[9.806s][info][gc,cpu         ] GC(156) User=4.00s Sys=0.02s Real=0.60s
[9.832s][info][gc,start       ] GC(157) Pause Young (Allocation Failure)
[9.855s][info][gc,heap        ] GC(157) PSYoungGen: 24576K(115200K)->24736K(115200K) Eden: 24576K(24576K)->0K(24576K) From: 0K(90624K)->24736K(90624K)
[9.855s][info][gc,heap        ] GC(157) ParOldGen: 1539571K(1699328K)->1539571K(1699328K)
[9.855s][info][gc,metaspace   ] GC(157) Metaspace: 6298K(6464K)->6298K(6464K) NonClass: 5765K(5824K)->5765K(5824K) Class: 533K(640K)->533K(640K)
[9.855s][info][gc             ] GC(157) Pause Young (Allocation Failure) 1527M->1527M(1772M) 22.762ms
[9.855s][info][gc,cpu         ] GC(157) User=0.00s Sys=0.00s Real=0.02s
[9.881s][info][gc,start       ] GC(158) Pause Young (Allocation Failure)
[9.911s][info][gc,heap        ] GC(158) PSYoungGen: 49312K(115200K)->49312K(112640K) Eden: 24576K(24576K)->0K(27136K) From: 24736K(90624K)->49312K(85504K)
[9.911s][info][gc,heap        ] GC(158) ParOldGen: 1539571K(1699328K)->1539571K(1699328K)
[9.911s][info][gc,metaspace   ] GC(158) Metaspace: 6298K(6464K)->6298K(6464K) NonClass: 5765K(5824K)->5765K(5824K) Class: 533K(640K)->533K(640K)
[9.911s][info][gc             ] GC(158) Pause Young (Allocation Failure) 1551M->1551M(1769M) 29.792ms
[9.911s][info][gc,cpu         ] GC(158) User=0.03s Sys=0.00s Real=0.03s
[9.937s][info][gc,start       ] GC(159) Pause Young (Allocation Failure)
[9.976s][info][gc,heap        ] GC(159) PSYoungGen: 76448K(112640K)->76480K(114688K) Eden: 27136K(27136K)->0K(27136K) From: 49312K(85504K)->76480K(87552K)
[9.976s][info][gc,heap        ] GC(159) ParOldGen: 1539571K(1699328K)->1539571K(1699328K)
[9.976s][info][gc,metaspace   ] GC(159) Metaspace: 6298K(6464K)->6298K(6464K) NonClass: 5765K(5824K)->5765K(5824K) Class: 533K(640K)->533K(640K)
[9.976s][info][gc             ] GC(159) Pause Young (Allocation Failure) 1578M->1578M(1771M) 38.992ms
[9.976s][info][gc,cpu         ] GC(159) User=0.16s Sys=0.00s Real=0.04s
[10.003s][info][gc,start       ] GC(160) Pause Young (Allocation Failure)
[10.056s][info][gc,heap        ] GC(160) PSYoungGen: 103616K(114688K)->79040K(118272K) Eden: 27136K(27136K)->0K(23040K) From: 76480K(87552K)->79040K(95232K)
[10.056s][info][gc,heap        ] GC(160) ParOldGen: 1539571K(1699328K)->1564499K(1699328K)
[10.056s][info][gc,metaspace   ] GC(160) Metaspace: 6298K(6464K)->6298K(6464K) NonClass: 5765K(5824K)->5765K(5824K) Class: 533K(640K)->533K(640K)
[10.056s][info][gc             ] GC(160) Pause Young (Allocation Failure) 1604M->1605M(1775M) 53.628ms
[10.056s][info][gc,cpu         ] GC(160) User=0.25s Sys=0.12s Real=0.05s
[10.079s][info][gc,start       ] GC(161) Pause Young (Allocation Failure)
[10.135s][info][gc,heap        ] GC(161) PSYoungGen: 102080K(118272K)->77504K(125440K) Eden: 23040K(23040K)->0K(23040K) From: 79040K(95232K)->77504K(102400K)
[10.135s][info][gc,heap        ] GC(161) ParOldGen: 1564499K(1699328K)->1589451K(1699328K)
[10.135s][info][gc,metaspace   ] GC(161) Metaspace: 6298K(6464K)->6298K(6464K) NonClass: 5765K(5824K)->5765K(5824K) Class: 533K(640K)->533K(640K)
[10.135s][info][gc             ] GC(161) Pause Young (Allocation Failure) 1627M->1627M(1782M) 55.413ms
[10.135s][info][gc,cpu         ] GC(161) User=0.34s Sys=0.03s Real=0.06s
[10.160s][info][gc,start       ] GC(162) Pause Young (Allocation Failure)
[10.223s][info][gc,heap        ] GC(162) PSYoungGen: 100544K(125440K)->46208K(124416K) Eden: 23040K(23040K)->0K(26112K) From: 77504K(102400K)->46208K(98304K)
[10.223s][info][gc,heap        ] GC(162) ParOldGen: 1589451K(1699328K)->1644499K(1699328K)
[10.223s][info][gc,metaspace   ] GC(162) Metaspace: 6298K(6464K)->6298K(6464K) NonClass: 5765K(5824K)->5765K(5824K) Class: 533K(640K)->533K(640K)
[10.223s][info][gc             ] GC(162) Pause Young (Allocation Failure) 1650M->1651M(1781M) 63.393ms
[10.223s][info][gc,cpu         ] GC(162) User=0.19s Sys=0.20s Real=0.06s
[10.252s][info][gc,start       ] GC(163) Pause Young (Allocation Failure)
[10.303s][info][gc,heap        ] GC(163) PSYoungGen: 72320K(124416K)->26240K(129024K) Eden: 26112K(26112K)->0K(26112K) From: 46208K(98304K)->26240K(102912K)
[10.303s][info][gc,heap        ] GC(163) ParOldGen: 1644499K(1699328K)->1691259K(1699328K)
[10.303s][info][gc,metaspace   ] GC(163) Metaspace: 6298K(6464K)->6298K(6464K) NonClass: 5765K(5824K)->5765K(5824K) Class: 533K(640K)->533K(640K)
[10.303s][info][gc             ] GC(163) Pause Young (Allocation Failure) 1676M->1677M(1785M) 50.681ms
[10.303s][info][gc,cpu         ] GC(163) User=0.17s Sys=0.20s Real=0.05s
[10.303s][info][gc,start       ] GC(164) Pause Full (Ergonomics)
[10.303s][info][gc,phases,start] GC(164) Marking Phase
[10.679s][info][gc,phases      ] GC(164) Marking Phase 375.944ms
[10.679s][info][gc,phases,start] GC(164) Summary Phase
[10.679s][info][gc,phases      ] GC(164) Summary Phase 0.033ms
[10.679s][info][gc,phases,start] GC(164) Adjust Roots
[10.679s][info][gc,phases      ] GC(164) Adjust Roots 0.291ms
[10.679s][info][gc,phases,start] GC(164) Compaction Phase
[11.165s][info][gc,phases      ] GC(164) Compaction Phase 485.789ms
[11.165s][info][gc,phases,start] GC(164) Post Compact
[11.168s][info][gc,phases      ] GC(164) Post Compact 3.103ms
[11.169s][info][gc,heap        ] GC(164) PSYoungGen: 26240K(129024K)->15857K(129024K) Eden: 0K(26112K)->0K(26112K) From: 26240K(102912K)->15857K(102912K)
[11.169s][info][gc,heap        ] GC(164) ParOldGen: 1691259K(1699328K)->1699113K(1894912K)
[11.169s][info][gc,metaspace   ] GC(164) Metaspace: 6298K(6464K)->6298K(6464K) NonClass: 5765K(5824K)->5765K(5824K) Class: 533K(640K)->533K(640K)
[11.169s][info][gc             ] GC(164) Pause Full (Ergonomics) 1677M->1674M(1976M) 866.812ms
[11.170s][info][gc,cpu         ] GC(164) User=6.02s Sys=0.12s Real=0.87s
[11.202s][info][gc,start       ] GC(165) Pause Young (Allocation Failure)
[11.295s][info][gc,heap        ] GC(165) PSYoungGen: 41969K(129024K)->26272K(128000K) Eden: 26112K(26112K)->0K(29184K) From: 15857K(102912K)->26272K(98816K)
[11.295s][info][gc,heap        ] GC(165) ParOldGen: 1699113K(1894912K)->1715265K(1894912K)
[11.295s][info][gc,metaspace   ] GC(165) Metaspace: 6298K(6464K)->6298K(6464K) NonClass: 5765K(5824K)->5765K(5824K) Class: 533K(640K)->533K(640K)
[11.295s][info][gc             ] GC(165) Pause Young (Allocation Failure) 1700M->1700M(1975M) 93.660ms
[11.295s][info][gc,cpu         ] GC(165) User=0.52s Sys=0.11s Real=0.09s
[11.328s][info][gc,start       ] GC(166) Pause Young (Allocation Failure)
[11.364s][info][gc,heap        ] GC(166) PSYoungGen: 55456K(128000K)->55456K(130048K) Eden: 29184K(29184K)->0K(29184K) From: 26272K(98816K)->55456K(100864K)
[11.364s][info][gc,heap        ] GC(166) ParOldGen: 1715265K(1894912K)->1715265K(1894912K)
[11.364s][info][gc,metaspace   ] GC(166) Metaspace: 6298K(6464K)->6298K(6464K) NonClass: 5765K(5824K)->5765K(5824K) Class: 533K(640K)->533K(640K)
[11.364s][info][gc             ] GC(166) Pause Young (Allocation Failure) 1729M->1729M(1977M) 36.014ms
[11.364s][info][gc,cpu         ] GC(166) User=0.17s Sys=0.00s Real=0.04s
[11.394s][info][gc,start       ] GC(167) Pause Young (Allocation Failure)
[11.440s][info][gc,heap        ] GC(167) PSYoungGen: 84640K(130048K)->84704K(122880K) Eden: 29184K(29184K)->0K(24064K) From: 55456K(100864K)->84704K(98816K)
[11.440s][info][gc,heap        ] GC(167) ParOldGen: 1715265K(1894912K)->1715265K(1894912K)
[11.440s][info][gc,metaspace   ] GC(167) Metaspace: 6298K(6464K)->6298K(6464K) NonClass: 5765K(5824K)->5765K(5824K) Class: 533K(640K)->533K(640K)
[11.440s][info][gc             ] GC(167) Pause Young (Allocation Failure) 1757M->1757M(1970M) 45.374ms
[11.440s][info][gc,cpu         ] GC(167) User=0.25s Sys=0.00s Real=0.05s
[11.465s][info][gc,start       ] GC(168) Pause Young (Allocation Failure)
[11.523s][info][gc,heap        ] GC(168) PSYoungGen: 108768K(122880K)->82656K(131072K) Eden: 24064K(24064K)->0K(24064K) From: 84704K(98816K)->82656K(107008K)
[11.523s][info][gc,heap        ] GC(168) ParOldGen: 1715265K(1894912K)->1741777K(1894912K)
[11.523s][info][gc,metaspace   ] GC(168) Metaspace: 6298K(6464K)->6298K(6464K) NonClass: 5765K(5824K)->5765K(5824K) Class: 533K(640K)->533K(640K)
[11.524s][info][gc             ] GC(168) Pause Young (Allocation Failure) 1781M->1781M(1978M) 59.004ms
[11.524s][info][gc,cpu         ] GC(168) User=0.34s Sys=0.03s Real=0.06s
[11.547s][info][gc,start       ] GC(169) Pause Young (Allocation Failure)
[11.606s][info][gc,heap        ] GC(169) PSYoungGen: 106720K(131072K)->77504K(137728K) Eden: 24064K(24064K)->0K(24576K) From: 82656K(107008K)->77504K(113152K)
[11.607s][info][gc,heap        ] GC(169) ParOldGen: 1741777K(1894912K)->1771417K(1894912K)
[11.607s][info][gc,metaspace   ] GC(169) Metaspace: 6298K(6464K)->6298K(6464K) NonClass: 5765K(5824K)->5765K(5824K) Class: 533K(640K)->533K(640K)
[11.607s][info][gc             ] GC(169) Pause Young (Allocation Failure) 1805M->1805M(1985M) 59.611ms
[11.607s][info][gc,cpu         ] GC(169) User=0.41s Sys=0.06s Real=0.06s
[11.636s][info][gc,start       ] GC(170) Pause Young (Allocation Failure)
[11.702s][info][gc,heap        ] GC(170) PSYoungGen: 102080K(137728K)->48736K(73728K) Eden: 24576K(24576K)->0K(24576K) From: 77504K(113152K)->48736K(49152K)
[11.702s][info][gc,heap        ] GC(170) ParOldGen: 1771417K(1894912K)->1825441K(1894912K)
[11.702s][info][gc,metaspace   ] GC(170) Metaspace: 6298K(6464K)->6298K(6464K) NonClass: 5765K(5824K)->5765K(5824K) Class: 533K(640K)->533K(640K)
[11.702s][info][gc             ] GC(170) Pause Young (Allocation Failure) 1829M->1830M(1922M) 66.364ms
[11.702s][info][gc,cpu         ] GC(170) User=0.20s Sys=0.30s Real=0.07s
[11.731s][info][gc,start       ] GC(171) Pause Young (Allocation Failure)
[11.785s][info][gc,heap        ] GC(171) PSYoungGen: 73312K(73728K)->24704K(139264K) Eden: 24576K(24576K)->0K(28160K) From: 48736K(49152K)->24704K(111104K)
[11.785s][info][gc,heap        ] GC(171) ParOldGen: 1825441K(1894912K)->1874801K(1894912K)
[11.785s][info][gc,metaspace   ] GC(171) Metaspace: 6298K(6464K)->6298K(6464K) NonClass: 5765K(5824K)->5765K(5824K) Class: 533K(640K)->533K(640K)
[11.785s][info][gc             ] GC(171) Pause Young (Allocation Failure) 1854M->1854M(1986M) 53.659ms
[11.785s][info][gc,cpu         ] GC(171) User=0.19s Sys=0.20s Real=0.05s
[11.785s][info][gc,start       ] GC(172) Pause Full (Ergonomics)
[11.785s][info][gc,phases,start] GC(172) Marking Phase
[12.202s][info][gc,phases      ] GC(172) Marking Phase 416.754ms
[12.202s][info][gc,phases,start] GC(172) Summary Phase
[12.202s][info][gc,phases      ] GC(172) Summary Phase 0.040ms
[12.202s][info][gc,phases,start] GC(172) Adjust Roots
[12.202s][info][gc,phases      ] GC(172) Adjust Roots 0.197ms
[12.202s][info][gc,phases,start] GC(172) Compaction Phase
[12.388s][info][gc,phases      ] GC(172) Compaction Phase 186.134ms
[12.388s][info][gc,phases,start] GC(172) Post Compact
[12.392s][info][gc,phases      ] GC(172) Post Compact 3.553ms
[12.394s][info][gc,heap        ] GC(172) PSYoungGen: 24704K(139264K)->2062K(139264K) Eden: 0K(28160K)->0K(28160K) From: 24704K(111104K)->2062K(111104K)
[12.394s][info][gc,heap        ] GC(172) ParOldGen: 1874801K(1894912K)->1894448K(2114560K)
[12.394s][info][gc,metaspace   ] GC(172) Metaspace: 6298K(6464K)->6298K(6464K) NonClass: 5765K(5824K)->5765K(5824K) Class: 533K(640K)->533K(640K)
[12.394s][info][gc             ] GC(172) Pause Full (Ergonomics) 1854M->1852M(2201M) 608.898ms
[12.394s][info][gc,cpu         ] GC(172) User=4.30s Sys=0.05s Real=0.61s
[12.430s][info][gc,start       ] GC(173) Pause Young (Allocation Failure)
[12.523s][info][gc,heap        ] GC(173) PSYoungGen: 30222K(139264K)->28320K(139264K) Eden: 28160K(28160K)->0K(28160K) From: 2062K(111104K)->28320K(111104K)
[12.523s][info][gc,heap        ] GC(173) ParOldGen: 1894448K(2114560K)->1896584K(2114560K)
[12.523s][info][gc,metaspace   ] GC(173) Metaspace: 6298K(6464K)->6298K(6464K) NonClass: 5765K(5824K)->5765K(5824K) Class: 533K(640K)->533K(640K)
[12.523s][info][gc             ] GC(173) Pause Young (Allocation Failure) 1879M->1879M(2201M) 93.246ms
[12.523s][info][gc,cpu         ] GC(173) User=0.62s Sys=0.00s Real=0.09s
[12.553s][info][gc,start       ] GC(174) Pause Young (Allocation Failure)
[12.593s][info][gc,heap        ] GC(174) PSYoungGen: 56480K(139264K)->28320K(136704K) Eden: 28160K(28160K)->0K(31232K) From: 28320K(111104K)->28320K(105472K)
[12.593s][info][gc,heap        ] GC(174) ParOldGen: 1896584K(2114560K)->1925184K(2114560K)
[12.593s][info][gc,metaspace   ] GC(174) Metaspace: 6298K(6464K)->6298K(6464K) NonClass: 5765K(5824K)->5765K(5824K) Class: 533K(640K)->533K(640K)
[12.593s][info][gc             ] GC(174) Pause Young (Allocation Failure) 1907M->1907M(2198M) 40.426ms
[12.593s][info][gc,cpu         ] GC(174) User=0.23s Sys=0.02s Real=0.04s
[12.632s][info][gc,start       ] GC(175) Pause Young (Allocation Failure)
[12.675s][info][gc,heap        ] GC(175) PSYoungGen: 59552K(136704K)->31360K(138752K) Eden: 31232K(31232K)->0K(31232K) From: 28320K(105472K)->31360K(107520K)
[12.675s][info][gc,heap        ] GC(175) ParOldGen: 1925184K(2114560K)->1953776K(2114560K)
[12.675s][info][gc,metaspace   ] GC(175) Metaspace: 6298K(6464K)->6298K(6464K) NonClass: 5765K(5824K)->5765K(5824K) Class: 533K(640K)->533K(640K)
[12.675s][info][gc             ] GC(175) Pause Young (Allocation Failure) 1938M->1938M(2200M) 42.695ms
[12.675s][info][gc,cpu         ] GC(175) User=0.16s Sys=0.09s Real=0.04s
[12.716s][info][gc,start       ] GC(176) Pause Young (Allocation Failure)
[12.761s][info][gc,heap        ] GC(176) PSYoungGen: 62592K(138752K)->31424K(133120K) Eden: 31232K(31232K)->0K(34816K) From: 31360K(107520K)->31424K(98304K)
[12.761s][info][gc,heap        ] GC(176) ParOldGen: 1953776K(2114560K)->1985504K(2114560K)
[12.761s][info][gc,metaspace   ] GC(176) Metaspace: 6298K(6464K)->6298K(6464K) NonClass: 5765K(5824K)->5765K(5824K) Class: 533K(640K)->533K(640K)
[12.761s][info][gc             ] GC(176) Pause Young (Allocation Failure) 1969M->1969M(2195M) 45.056ms
[12.761s][info][gc,cpu         ] GC(176) User=0.22s Sys=0.05s Real=0.04s
[12.801s][info][gc,start       ] GC(177) Pause Young (Allocation Failure)
[12.849s][info][gc,heap        ] GC(177) PSYoungGen: 66240K(133120K)->35008K(136192K) Eden: 34816K(34816K)->0K(34816K) From: 31424K(98304K)->35008K(101376K)
[12.849s][info][gc,heap        ] GC(177) ParOldGen: 1985504K(2114560K)->2017224K(2114560K)
[12.849s][info][gc,metaspace   ] GC(177) Metaspace: 6298K(6464K)->6298K(6464K) NonClass: 5765K(5824K)->5765K(5824K) Class: 533K(640K)->533K(640K)
[12.849s][info][gc             ] GC(177) Pause Young (Allocation Failure) 2003M->2004M(2198M) 47.715ms
[12.849s][info][gc,cpu         ] GC(177) User=0.14s Sys=0.12s Real=0.05s
[12.885s][info][gc,start       ] GC(178) Pause Young (Allocation Failure)
[12.935s][info][gc,heap        ] GC(178) PSYoungGen: 69824K(136192K)->34944K(129024K) Eden: 34816K(34816K)->0K(38912K) From: 35008K(101376K)->34944K(90112K)
[12.936s][info][gc,heap        ] GC(178) ParOldGen: 2017224K(2114560K)->2052584K(2114560K)
[12.936s][info][gc,metaspace   ] GC(178) Metaspace: 6298K(6464K)->6298K(6464K) NonClass: 5765K(5824K)->5765K(5824K) Class: 533K(640K)->533K(640K)
[12.936s][info][gc             ] GC(178) Pause Young (Allocation Failure) 2038M->2038M(2191M) 50.620ms
[12.936s][info][gc,cpu         ] GC(178) User=0.20s Sys=0.08s Real=0.05s
[12.936s][info][gc,start       ] GC(179) Pause Full (Ergonomics)
[12.936s][info][gc,phases,start] GC(179) Marking Phase
[13.396s][info][gc,phases      ] GC(179) Marking Phase 460.593ms
[13.396s][info][gc,phases,start] GC(179) Summary Phase
[13.396s][info][gc,phases      ] GC(179) Summary Phase 0.043ms
[13.396s][info][gc,phases,start] GC(179) Adjust Roots
[13.397s][info][gc,phases      ] GC(179) Adjust Roots 0.159ms
[13.397s][info][gc,phases,start] GC(179) Compaction Phase
[13.606s][info][gc,phases      ] GC(179) Compaction Phase 209.147ms
[13.606s][info][gc,phases,start] GC(179) Post Compact
[13.610s][info][gc,phases      ] GC(179) Post Compact 3.792ms
[13.611s][info][gc,heap        ] GC(179) PSYoungGen: 34944K(129024K)->0K(132608K) Eden: 0K(38912K)->0K(38912K) From: 34944K(90112K)->0K(93696K)
[13.611s][info][gc,heap        ] GC(179) ParOldGen: 2052584K(2114560K)->2084735K(2313216K)
[13.611s][info][gc,metaspace   ] GC(179) Metaspace: 6298K(6464K)->6298K(6464K) NonClass: 5765K(5824K)->5765K(5824K) Class: 533K(640K)->533K(640K)
[13.611s][info][gc             ] GC(179) Pause Full (Ergonomics) 2038M->2035M(2388M) 675.750ms
[13.611s][info][gc,cpu         ] GC(179) User=4.73s Sys=0.00s Real=0.68s
[13.652s][info][gc,start       ] GC(180) Pause Young (Allocation Failure)
[13.682s][info][gc,heap        ] GC(180) PSYoungGen: 38912K(132608K)->39072K(126976K) Eden: 38912K(38912K)->0K(42496K) From: 0K(93696K)->39072K(84480K)
[13.682s][info][gc,heap        ] GC(180) ParOldGen: 2084735K(2313216K)->2084735K(2313216K)
[13.682s][info][gc,metaspace   ] GC(180) Metaspace: 6298K(6464K)->6298K(6464K) NonClass: 5765K(5824K)->5765K(5824K) Class: 533K(640K)->533K(640K)
[13.682s][info][gc             ] GC(180) Pause Young (Allocation Failure) 2073M->2074M(2383M) 30.172ms
[13.682s][info][gc,cpu         ] GC(180) User=0.03s Sys=0.00s Real=0.03s
[13.727s][info][gc,start       ] GC(181) Pause Young (Allocation Failure)
[13.769s][info][gc,heap        ] GC(181) PSYoungGen: 81568K(126976K)->81632K(132096K) Eden: 42496K(42496K)->0K(42496K) From: 39072K(84480K)->81632K(89600K)
[13.770s][info][gc,heap        ] GC(181) ParOldGen: 2084735K(2313216K)->2084735K(2313216K)
[13.770s][info][gc,metaspace   ] GC(181) Metaspace: 6298K(6464K)->6298K(6464K) NonClass: 5765K(5824K)->5765K(5824K) Class: 533K(640K)->533K(640K)
[13.770s][info][gc             ] GC(181) Pause Young (Allocation Failure) 2115M->2115M(2388M) 42.875ms
[13.770s][info][gc,cpu         ] GC(181) User=0.27s Sys=0.00s Real=0.04s
[13.818s][info][gc,start       ] GC(182) Pause Young (Allocation Failure)
[13.899s][info][gc,heap        ] GC(182) PSYoungGen: 124128K(132096K)->99328K(122368K) Eden: 42496K(42496K)->0K(23040K) From: 81632K(89600K)->99328K(99328K)
[13.899s][info][gc,heap        ] GC(182) ParOldGen: 2084735K(2313216K)->2109823K(2313216K)
[13.899s][info][gc,metaspace   ] GC(182) Metaspace: 6298K(6464K)->6298K(6464K) NonClass: 5765K(5824K)->5765K(5824K) Class: 533K(640K)->533K(640K)
[13.899s][info][gc             ] GC(182) Pause Young (Allocation Failure) 2157M->2157M(2378M) 81.500ms
[13.899s][info][gc,cpu         ] GC(182) User=0.33s Sys=0.19s Real=0.08s
[13.929s][info][gc,start       ] GC(183) Pause Young (Allocation Failure)
[14.011s][info][gc,heap        ] GC(183) PSYoungGen: 122368K(122368K)->59584K(82944K) Eden: 23040K(23040K)->0K(23040K) From: 99328K(99328K)->59584K(59904K)
[14.011s][info][gc,heap        ] GC(183) ParOldGen: 2109823K(2313216K)->2173607K(2313216K)
[14.011s][info][gc,metaspace   ] GC(183) Metaspace: 6298K(6464K)->6298K(6464K) NonClass: 5765K(5824K)->5765K(5824K) Class: 533K(640K)->533K(640K)
[14.011s][info][gc             ] GC(183) Pause Young (Allocation Failure) 2179M->2180M(2340M) 82.232ms
[14.011s][info][gc,cpu         ] GC(183) User=0.44s Sys=0.09s Real=0.08s
[14.040s][info][gc,start       ] GC(184) Pause Young (Allocation Failure)
[14.094s][info][gc,heap        ] GC(184) PSYoungGen: 82624K(82944K)->46208K(135168K) Eden: 23040K(23040K)->0K(26112K) From: 59584K(59904K)->46208K(109056K)
[14.094s][info][gc,heap        ] GC(184) ParOldGen: 2173607K(2313216K)->2210495K(2313216K)
[14.094s][info][gc,metaspace   ] GC(184) Metaspace: 6298K(6464K)->6298K(6464K) NonClass: 5765K(5824K)->5765K(5824K) Class: 533K(640K)->533K(640K)
[14.094s][info][gc             ] GC(184) Pause Young (Allocation Failure) 2203M->2203M(2391M) 53.597ms
[14.094s][info][gc,cpu         ] GC(184) User=0.22s Sys=0.14s Real=0.05s
[14.123s][info][gc,start       ] GC(185) Pause Young (Allocation Failure)
[14.169s][info][gc,heap        ] GC(185) PSYoungGen: 72320K(135168K)->49280K(75776K) Eden: 26112K(26112K)->0K(26112K) From: 46208K(109056K)->49280K(49664K)
[14.169s][info][gc,heap        ] GC(185) ParOldGen: 2210495K(2313216K)->2233895K(2313216K)
[14.169s][info][gc,metaspace   ] GC(185) Metaspace: 6298K(6464K)->6298K(6464K) NonClass: 5765K(5824K)->5765K(5824K) Class: 533K(640K)->533K(640K)
[14.169s][info][gc             ] GC(185) Pause Young (Allocation Failure) 2229M->2229M(2333M) 45.767ms
[14.169s][info][gc,cpu         ] GC(185) User=0.14s Sys=0.12s Real=0.04s
[14.198s][info][gc,start       ] GC(186) Pause Young (Allocation Failure)
[14.245s][info][gc,heap        ] GC(186) PSYoungGen: 75392K(75776K)->52384K(127488K) Eden: 26112K(26112K)->0K(29696K) From: 49280K(49664K)->52384K(97792K)
[14.245s][info][gc,heap        ] GC(186) ParOldGen: 2233895K(2313216K)->2257287K(2313216K)
[14.245s][info][gc,metaspace   ] GC(186) Metaspace: 6298K(6464K)->6298K(6464K) NonClass: 5765K(5824K)->5765K(5824K) Class: 533K(640K)->533K(640K)
[14.245s][info][gc             ] GC(186) Pause Young (Allocation Failure) 2255M->2255M(2383M) 46.613ms
[14.245s][info][gc,cpu         ] GC(186) User=0.23s Sys=0.03s Real=0.05s
[14.245s][info][gc,start       ] GC(187) Pause Full (Ergonomics)
[14.245s][info][gc,phases,start] GC(187) Marking Phase
[14.762s][info][gc,phases      ] GC(187) Marking Phase 517.229ms
[14.762s][info][gc,phases,start] GC(187) Summary Phase
[14.762s][info][gc,phases      ] GC(187) Summary Phase 0.046ms
[14.762s][info][gc,phases,start] GC(187) Adjust Roots
[14.763s][info][gc,phases      ] GC(187) Adjust Roots 0.170ms
[14.763s][info][gc,phases,start] GC(187) Compaction Phase
[14.971s][info][gc,phases      ] GC(187) Compaction Phase 207.966ms
[14.971s][info][gc,phases,start] GC(187) Post Compact
[14.975s][info][gc,phases      ] GC(187) Post Compact 4.627ms
[14.977s][info][gc,heap        ] GC(187) PSYoungGen: 52384K(127488K)->0K(132608K) Eden: 0K(29696K)->0K(29696K) From: 52384K(97792K)->0K(102912K)
[14.978s][info][gc,heap        ] GC(187) ParOldGen: 2257287K(2313216K)->2306714K(2551808K)
[14.978s][info][gc,metaspace   ] GC(187) Metaspace: 6298K(6464K)->6298K(6464K) NonClass: 5765K(5824K)->5765K(5824K) Class: 533K(640K)->533K(640K)
[14.978s][info][gc             ] GC(187) Pause Full (Ergonomics) 2255M->2252M(2621M) 732.432ms
[14.978s][info][gc,cpu         ] GC(187) User=5.59s Sys=0.03s Real=0.73s
[15.014s][info][gc,start       ] GC(188) Pause Young (Allocation Failure)
[15.040s][info][gc,heap        ] GC(188) PSYoungGen: 29696K(132608K)->29824K(132608K) Eden: 29696K(29696K)->0K(32768K) From: 0K(102912K)->29824K(99840K)
[15.040s][info][gc,heap        ] GC(188) ParOldGen: 2306714K(2551808K)->2306714K(2551808K)
[15.040s][info][gc,metaspace   ] GC(188) Metaspace: 6298K(6464K)->6298K(6464K) NonClass: 5765K(5824K)->5765K(5824K) Class: 533K(640K)->533K(640K)
[15.040s][info][gc             ] GC(188) Pause Young (Allocation Failure) 2281M->2281M(2621M) 26.377ms
[15.040s][info][gc,cpu         ] GC(188) User=0.02s Sys=0.00s Real=0.03s
[15.077s][info][gc,start       ] GC(189) Pause Young (Allocation Failure)
[15.114s][info][gc,heap        ] GC(189) PSYoungGen: 62592K(132608K)->62656K(134656K) Eden: 32768K(32768K)->0K(32768K) From: 29824K(99840K)->62656K(101888K)
[15.114s][info][gc,heap        ] GC(189) ParOldGen: 2306714K(2551808K)->2306714K(2551808K)
[15.114s][info][gc,metaspace   ] GC(189) Metaspace: 6298K(6464K)->6298K(6464K) NonClass: 5765K(5824K)->5765K(5824K) Class: 533K(640K)->533K(640K)
[15.114s][info][gc             ] GC(189) Pause Young (Allocation Failure) 2313M->2313M(2623M) 37.246ms
[15.114s][info][gc,cpu         ] GC(189) User=0.16s Sys=0.00s Real=0.04s
[15.151s][info][gc,start       ] GC(190) Pause Young (Allocation Failure)
[15.199s][info][gc,heap        ] GC(190) PSYoungGen: 95424K(134656K)->95424K(125440K) Eden: 32768K(32768K)->0K(24576K) From: 62656K(101888K)->95424K(100864K)
[15.199s][info][gc,heap        ] GC(190) ParOldGen: 2306714K(2551808K)->2306714K(2551808K)
[15.199s][info][gc,metaspace   ] GC(190) Metaspace: 6298K(6464K)->6298K(6464K) NonClass: 5765K(5824K)->5765K(5824K) Class: 533K(640K)->533K(640K)
[15.199s][info][gc             ] GC(190) Pause Young (Allocation Failure) 2345M->2345M(2614M) 47.892ms
[15.199s][info][gc,cpu         ] GC(190) User=0.27s Sys=0.00s Real=0.05s
[15.228s][info][gc,start       ] GC(191) Pause Young (Allocation Failure)
[15.290s][info][gc,heap        ] GC(191) PSYoungGen: 120000K(125440K)->112128K(136704K) Eden: 24576K(24576K)->0K(24576K) From: 95424K(100864K)->112128K(112128K)
[15.290s][info][gc,heap        ] GC(191) ParOldGen: 2306714K(2551808K)->2314594K(2551808K)
[15.291s][info][gc,metaspace   ] GC(191) Metaspace: 6298K(6464K)->6298K(6464K) NonClass: 5765K(5824K)->5765K(5824K) Class: 533K(640K)->533K(640K)
[15.291s][info][gc             ] GC(191) Pause Young (Allocation Failure) 2369M->2369M(2625M) 62.059ms
[15.291s][info][gc,cpu         ] GC(191) User=0.38s Sys=0.02s Real=0.06s
[15.322s][info][gc,start       ] GC(192) Pause Young (Allocation Failure)
[15.403s][info][gc,heap        ] GC(192) PSYoungGen: 136704K(136704K)->109728K(146944K) Eden: 24576K(24576K)->0K(16896K) From: 112128K(112128K)->109728K(130048K)
[15.403s][info][gc,heap        ] GC(192) ParOldGen: 2314594K(2551808K)->2341914K(2551808K)
[15.403s][info][gc,metaspace   ] GC(192) Metaspace: 6298K(6464K)->6298K(6464K) NonClass: 5765K(5824K)->5765K(5824K) Class: 533K(640K)->533K(640K)
[15.403s][info][gc             ] GC(192) Pause Young (Allocation Failure) 2393M->2394M(2635M) 81.553ms
[15.403s][info][gc,cpu         ] GC(192) User=0.33s Sys=0.17s Real=0.08s
[15.423s][info][gc,start       ] GC(193) Pause Young (Allocation Failure)
[15.491s][info][gc,heap        ] GC(193) PSYoungGen: 126624K(146944K)->96128K(157696K) Eden: 16896K(16896K)->0K(16896K) From: 109728K(130048K)->96128K(140800K)
[15.491s][info][gc,heap        ] GC(193) ParOldGen: 2341914K(2551808K)->2372674K(2551808K)
[15.491s][info][gc,metaspace   ] GC(193) Metaspace: 6298K(6464K)->6298K(6464K) NonClass: 5765K(5824K)->5765K(5824K) Class: 533K(640K)->533K(640K)
[15.491s][info][gc             ] GC(193) Pause Young (Allocation Failure) 2410M->2410M(2646M) 68.174ms
[15.491s][info][gc,cpu         ] GC(193) User=0.62s Sys=0.00s Real=0.07s
[15.512s][info][gc,start       ] GC(194) Pause Young (Allocation Failure)
[15.585s][info][gc,heap        ] GC(194) PSYoungGen: 113024K(157696K)->58528K(153088K) Eden: 16896K(16896K)->0K(19456K) From: 96128K(140800K)->58528K(133632K)
[15.585s][info][gc,heap        ] GC(194) ParOldGen: 2372674K(2551808K)->2427586K(2551808K)
[15.585s][info][gc,metaspace   ] GC(194) Metaspace: 6298K(6464K)->6298K(6464K) NonClass: 5765K(5824K)->5765K(5824K) Class: 533K(640K)->533K(640K)
[15.585s][info][gc             ] GC(194) Pause Young (Allocation Failure) 2427M->2427M(2641M) 73.046ms
[15.585s][info][gc,cpu         ] GC(194) User=0.23s Sys=0.28s Real=0.07s
[15.608s][info][gc,start       ] GC(195) Pause Young (Allocation Failure)
[15.662s][info][gc,heap        ] GC(195) PSYoungGen: 77984K(153088K)->36512K(158208K) Eden: 19456K(19456K)->0K(19456K) From: 58528K(133632K)->36512K(138752K)
[15.662s][info][gc,heap        ] GC(195) ParOldGen: 2427586K(2551808K)->2469402K(2551808K)
[15.662s][info][gc,metaspace   ] GC(195) Metaspace: 6298K(6464K)->6298K(6464K) NonClass: 5765K(5824K)->5765K(5824K) Class: 533K(640K)->533K(640K)
[15.662s][info][gc             ] GC(195) Pause Young (Allocation Failure) 2446M->2447M(2646M) 54.175ms
[15.662s][info][gc,cpu         ] GC(195) User=0.25s Sys=0.14s Real=0.05s
[15.685s][info][gc,start       ] GC(196) Pause Young (Allocation Failure)
[15.727s][info][gc,heap        ] GC(196) PSYoungGen: 55968K(158208K)->19616K(158720K) Eden: 19456K(19456K)->0K(21504K) From: 36512K(138752K)->19616K(137216K)
[15.727s][info][gc,heap        ] GC(196) ParOldGen: 2469402K(2551808K)->2506058K(2551808K)
[15.727s][info][gc,metaspace   ] GC(196) Metaspace: 6298K(6464K)->6298K(6464K) NonClass: 5765K(5824K)->5765K(5824K) Class: 533K(640K)->533K(640K)
[15.727s][info][gc             ] GC(196) Pause Young (Allocation Failure) 2466M->2466M(2647M) 42.598ms
[15.727s][info][gc,cpu         ] GC(196) User=0.14s Sys=0.12s Real=0.04s
[15.728s][info][gc,start       ] GC(197) Pause Full (Ergonomics)
[15.728s][info][gc,phases,start] GC(197) Marking Phase
[16.294s][info][gc,phases      ] GC(197) Marking Phase 566.165ms
[16.294s][info][gc,phases,start] GC(197) Summary Phase
[16.294s][info][gc,phases      ] GC(197) Summary Phase 0.062ms
[16.294s][info][gc,phases,start] GC(197) Adjust Roots
[16.294s][info][gc,phases      ] GC(197) Adjust Roots 0.162ms
[16.294s][info][gc,phases,start] GC(197) Compaction Phase
[16.503s][info][gc,phases      ] GC(197) Compaction Phase 208.536ms
[16.503s][info][gc,phases,start] GC(197) Post Compact
[16.507s][info][gc,phases      ] GC(197) Post Compact 4.829ms
[16.510s][info][gc,heap        ] GC(197) PSYoungGen: 19616K(158720K)->0K(159744K) Eden: 0K(21504K)->0K(21504K) From: 19616K(137216K)->0K(138240K)
[16.510s][info][gc,heap        ] GC(197) ParOldGen: 2506058K(2551808K)->2523517K(2793472K)
[16.510s][info][gc,metaspace   ] GC(197) Metaspace: 6298K(6464K)->6298K(6464K) NonClass: 5765K(5824K)->5765K(5824K) Class: 533K(640K)->533K(640K)
[16.510s][info][gc             ] GC(197) Pause Full (Ergonomics) 2466M->2464M(2884M) 782.124ms
[16.510s][info][gc,cpu         ] GC(197) User=6.02s Sys=0.02s Real=0.78s
[16.536s][info][gc,start       ] GC(198) Pause Young (Allocation Failure)
[16.561s][info][gc,heap        ] GC(198) PSYoungGen: 21504K(159744K)->21632K(159232K) Eden: 21504K(21504K)->0K(24064K) From: 0K(138240K)->21632K(135168K)
[16.561s][info][gc,heap        ] GC(198) ParOldGen: 2523517K(2793472K)->2523517K(2793472K)
[16.561s][info][gc,metaspace   ] GC(198) Metaspace: 6298K(6464K)->6298K(6464K) NonClass: 5765K(5824K)->5765K(5824K) Class: 533K(640K)->533K(640K)
[16.561s][info][gc             ] GC(198) Pause Young (Allocation Failure) 2485M->2485M(2883M) 24.684ms
[16.561s][info][gc,cpu         ] GC(198) User=0.03s Sys=0.00s Real=0.03s
[16.589s][info][gc,start       ] GC(199) Pause Young (Allocation Failure)
[16.623s][info][gc,heap        ] GC(199) PSYoungGen: 45696K(159232K)->24192K(161280K) Eden: 24064K(24064K)->0K(24064K) From: 21632K(135168K)->24192K(137216K)
[16.623s][info][gc,heap        ] GC(199) ParOldGen: 2523517K(2793472K)->2545213K(2793472K)
[16.623s][info][gc,metaspace   ] GC(199) Metaspace: 6298K(6464K)->6298K(6464K) NonClass: 5765K(5824K)->5765K(5824K) Class: 533K(640K)->533K(640K)
[16.623s][info][gc             ] GC(199) Pause Young (Allocation Failure) 2508M->2509M(2885M) 33.689ms
[16.623s][info][gc,cpu         ] GC(199) User=0.16s Sys=0.00s Real=0.03s
[16.652s][info][gc,start       ] GC(200) Pause Young (Allocation Failure)
[16.687s][info][gc,heap        ] GC(200) PSYoungGen: 48256K(161280K)->24192K(156160K) Eden: 24064K(24064K)->0K(27136K) From: 24192K(137216K)->24192K(129024K)
[16.687s][info][gc,heap        ] GC(200) ParOldGen: 2545213K(2793472K)->2569501K(2793472K)
[16.687s][info][gc,metaspace   ] GC(200) Metaspace: 6298K(6464K)->6298K(6464K) NonClass: 5765K(5824K)->5765K(5824K) Class: 533K(640K)->533K(640K)
[16.687s][info][gc             ] GC(200) Pause Young (Allocation Failure) 2532M->2532M(2880M) 35.526ms
[16.687s][info][gc,cpu         ] GC(200) User=0.23s Sys=0.02s Real=0.04s
[16.720s][info][gc,start       ] GC(201) Pause Young (Allocation Failure)
[16.757s][info][gc,heap        ] GC(201) PSYoungGen: 51328K(156160K)->27296K(54784K) Eden: 27136K(27136K)->0K(27136K) From: 24192K(129024K)->27296K(27648K)
[16.757s][info][gc,heap        ] GC(201) ParOldGen: 2569501K(2793472K)->2593781K(2793472K)
[16.757s][info][gc,metaspace   ] GC(201) Metaspace: 6298K(6464K)->6298K(6464K) NonClass: 5765K(5824K)->5765K(5824K) Class: 533K(640K)->533K(640K)
[16.758s][info][gc             ] GC(201) Pause Young (Allocation Failure) 2559M->2559M(2781M) 37.986ms
[16.758s][info][gc,cpu         ] GC(201) User=0.23s Sys=0.02s Real=0.04s
[16.790s][info][gc,start       ] GC(202) Pause Young (Allocation Failure)
[16.830s][info][gc,heap        ] GC(202) PSYoungGen: 54432K(54784K)->27264K(150016K) Eden: 27136K(27136K)->0K(30208K) From: 27296K(27648K)->27264K(119808K)
[16.830s][info][gc,heap        ] GC(202) ParOldGen: 2593781K(2793472K)->2621157K(2793472K)
[16.830s][info][gc,metaspace   ] GC(202) Metaspace: 6298K(6464K)->6298K(6464K) NonClass: 5765K(5824K)->5765K(5824K) Class: 533K(640K)->533K(640K)
[16.830s][info][gc             ] GC(202) Pause Young (Allocation Failure) 2586M->2586M(2874M) 39.964ms
[16.830s][info][gc,cpu         ] GC(202) User=0.20s Sys=0.06s Real=0.04s
[16.867s][info][gc,start       ] GC(203) Pause Young (Allocation Failure)
[16.908s][info][gc,heap        ] GC(203) PSYoungGen: 57472K(150016K)->30400K(60928K) Eden: 30208K(30208K)->0K(30208K) From: 27264K(119808K)->30400K(30720K)
[16.908s][info][gc,heap        ] GC(203) ParOldGen: 2621157K(2793472K)->2648517K(2793472K)
[16.908s][info][gc,metaspace   ] GC(203) Metaspace: 6298K(6464K)->6298K(6464K) NonClass: 5765K(5824K)->5765K(5824K) Class: 533K(640K)->533K(640K)
[16.908s][info][gc             ] GC(203) Pause Young (Allocation Failure) 2615M->2616M(2787M) 41.668ms
[16.908s][info][gc,cpu         ] GC(203) User=0.17s Sys=0.08s Real=0.04s
[16.947s][info][gc,start       ] GC(204) Pause Young (Allocation Failure)
[16.993s][info][gc,heap        ] GC(204) PSYoungGen: 60608K(60928K)->30400K(142336K) Eden: 30208K(30208K)->0K(33792K) From: 30400K(30720K)->30400K(108544K)
[16.993s][info][gc,heap        ] GC(204) ParOldGen: 2648517K(2793472K)->2678989K(2793472K)
[16.993s][info][gc,metaspace   ] GC(204) Metaspace: 6298K(6464K)->6298K(6464K) NonClass: 5765K(5824K)->5765K(5824K) Class: 533K(640K)->533K(640K)
[16.993s][info][gc             ] GC(204) Pause Young (Allocation Failure) 2645M->2645M(2867M) 45.616ms
[16.993s][info][gc,cpu         ] GC(204) User=0.23s Sys=0.03s Real=0.05s
[17.032s][info][gc,start       ] GC(205) Pause Young (Allocation Failure)
[17.076s][info][gc,heap        ] GC(205) PSYoungGen: 64192K(142336K)->33984K(68096K) Eden: 33792K(33792K)->0K(33792K) From: 30400K(108544K)->33984K(34304K)
[17.076s][info][gc,heap        ] GC(205) ParOldGen: 2678989K(2793472K)->2709469K(2793472K)
[17.076s][info][gc,metaspace   ] GC(205) Metaspace: 6298K(6464K)->6298K(6464K) NonClass: 5765K(5824K)->5765K(5824K) Class: 533K(640K)->533K(640K)
[17.076s][info][gc             ] GC(205) Pause Young (Allocation Failure) 2678M->2679M(2794M) 44.443ms
[17.076s][info][gc,cpu         ] GC(205) User=0.16s Sys=0.11s Real=0.04s
[17.114s][info][gc,start       ] GC(206) Pause Young (Allocation Failure)
[17.160s][info][gc,heap        ] GC(206) PSYoungGen: 67776K(68096K)->33952K(136192K) Eden: 33792K(33792K)->0K(37888K) From: 33984K(34304K)->33952K(98304K)
[17.160s][info][gc,heap        ] GC(206) ParOldGen: 2709469K(2793472K)->2743557K(2793472K)
[17.161s][info][gc,metaspace   ] GC(206) Metaspace: 6298K(6464K)->6298K(6464K) NonClass: 5765K(5824K)->5765K(5824K) Class: 533K(640K)->533K(640K)
[17.161s][info][gc             ] GC(206) Pause Young (Allocation Failure) 2712M->2712M(2861M) 46.878ms
[17.161s][info][gc,cpu         ] GC(206) User=0.19s Sys=0.06s Real=0.05s
[17.161s][info][gc,start       ] GC(207) Pause Full (Ergonomics)
[17.161s][info][gc,phases,start] GC(207) Marking Phase
[17.793s][info][gc,phases      ] GC(207) Marking Phase 632.652ms
[17.793s][info][gc,phases,start] GC(207) Summary Phase
[17.793s][info][gc,phases      ] GC(207) Summary Phase 0.052ms
[17.793s][info][gc,phases,start] GC(207) Adjust Roots
[17.794s][info][gc,phases      ] GC(207) Adjust Roots 0.164ms
[17.794s][info][gc,phases,start] GC(207) Compaction Phase
[18.024s][info][gc,phases      ] GC(207) Compaction Phase 230.216ms
[18.024s][info][gc,phases,start] GC(207) Post Compact
[18.029s][info][gc,phases      ] GC(207) Post Compact 5.313ms
[18.031s][info][gc,heap        ] GC(207) PSYoungGen: 33952K(136192K)->0K(141312K) Eden: 0K(37888K)->0K(37888K) From: 33952K(98304K)->0K(103424K)
[18.031s][info][gc,heap        ] GC(207) ParOldGen: 2743557K(2793472K)->2775129K(3051520K)
[18.031s][info][gc,metaspace   ] GC(207) Metaspace: 6298K(6464K)->6298K(6464K) NonClass: 5765K(5824K)->5765K(5824K) Class: 533K(640K)->533K(640K)
[18.031s][info][gc             ] GC(207) Pause Full (Ergonomics) 2712M->2710M(3118M) 870.576ms
[18.031s][info][gc,cpu         ] GC(207) User=6.56s Sys=0.08s Real=0.87s
[18.075s][info][gc,start       ] GC(208) Pause Young (Allocation Failure)
[18.105s][info][gc,heap        ] GC(208) PSYoungGen: 37888K(141312K)->38016K(132608K) Eden: 37888K(37888K)->0K(41472K) From: 0K(103424K)->38016K(91136K)
[18.105s][info][gc,heap        ] GC(208) ParOldGen: 2775129K(3051520K)->2775129K(3051520K)
[18.105s][info][gc,metaspace   ] GC(208) Metaspace: 6298K(6464K)->6298K(6464K) NonClass: 5765K(5824K)->5765K(5824K) Class: 533K(640K)->533K(640K)
[18.105s][info][gc             ] GC(208) Pause Young (Allocation Failure) 2747M->2747M(3109M) 30.771ms
[18.105s][info][gc,cpu         ] GC(208) User=0.11s Sys=0.00s Real=0.03s
[18.754s][info][gc,start       ] GC(209) Pause Young (Allocation Failure)
[18.866s][info][gc,heap        ] GC(209) PSYoungGen: 79488K(132608K)->79584K(139264K) Eden: 41472K(41472K)->0K(41472K) From: 38016K(91136K)->79584K(97792K)
[18.866s][info][gc,heap        ] GC(209) ParOldGen: 2906201K(3051520K)->2906201K(3051520K)
[18.866s][info][gc,metaspace   ] GC(209) Metaspace: 6298K(6464K)->6298K(6464K) NonClass: 5765K(5824K)->5765K(5824K) Class: 533K(640K)->533K(640K)
[18.866s][info][gc             ] GC(209) Pause Young (Allocation Failure) 2915M->2915M(3116M) 112.396ms
[18.866s][info][gc,cpu         ] GC(209) User=0.62s Sys=0.00s Real=0.11s
[18.912s][info][gc,start       ] GC(210) Pause Young (Allocation Failure)
[18.990s][info][gc,heap        ] GC(210) PSYoungGen: 121056K(139264K)->106496K(129536K) Eden: 41472K(41472K)->0K(23040K) From: 79584K(97792K)->106496K(106496K)
[18.990s][info][gc,heap        ] GC(210) ParOldGen: 2906201K(3051520K)->2920825K(3051520K)
[18.990s][info][gc,metaspace   ] GC(210) Metaspace: 6298K(6464K)->6298K(6464K) NonClass: 5765K(5824K)->5765K(5824K) Class: 533K(640K)->533K(640K)
[18.990s][info][gc             ] GC(210) Pause Young (Allocation Failure) 2956M->2956M(3106M) 77.617ms
[18.990s][info][gc,cpu         ] GC(210) User=0.23s Sys=0.08s Real=0.08s
[19.017s][info][gc,start       ] GC(211) Pause Young (Allocation Failure)
[19.100s][info][gc,heap        ] GC(211) PSYoungGen: 129536K(129536K)->64736K(88064K) Eden: 23040K(23040K)->0K(23040K) From: 106496K(106496K)->64736K(65024K)
[19.101s][info][gc,heap        ] GC(211) ParOldGen: 2920825K(3051520K)->2986289K(3051520K)
[19.101s][info][gc,metaspace   ] GC(211) Metaspace: 6298K(6464K)->6298K(6464K) NonClass: 5765K(5824K)->5765K(5824K) Class: 533K(640K)->533K(640K)
[19.101s][info][gc             ] GC(211) Pause Young (Allocation Failure) 2978M->2979M(3066M) 83.734ms
[19.101s][info][gc,cpu         ] GC(211) User=0.23s Sys=0.33s Real=0.08s
[19.128s][info][gc,start       ] GC(212) Pause Young (Allocation Failure)
[19.194s][info][gc,heap        ] GC(212) PSYoungGen: 87776K(88064K)->46272K(138752K) Eden: 23040K(23040K)->0K(25600K) From: 64736K(65024K)->46272K(113152K)
[19.194s][info][gc,heap        ] GC(212) ParOldGen: 2986289K(3051520K)->3028137K(3051520K)
[19.194s][info][gc,metaspace   ] GC(212) Metaspace: 6298K(6464K)->6298K(6464K) NonClass: 5765K(5824K)->5765K(5824K) Class: 533K(640K)->533K(640K)
[19.194s][info][gc             ] GC(212) Pause Young (Allocation Failure) 3002M->3002M(3115M) 66.305ms
[19.194s][info][gc,cpu         ] GC(212) User=0.16s Sys=0.12s Real=0.07s
[19.194s][info][gc,start       ] GC(213) Pause Full (Ergonomics)
[19.194s][info][gc,phases,start] GC(213) Marking Phase
[19.872s][info][gc,phases      ] GC(213) Marking Phase 678.489ms
[19.872s][info][gc,phases,start] GC(213) Summary Phase
[19.873s][info][gc,phases      ] GC(213) Summary Phase 0.058ms
[19.873s][info][gc,phases,start] GC(213) Adjust Roots
[19.873s][info][gc,phases      ] GC(213) Adjust Roots 0.161ms
[19.873s][info][gc,phases,start] GC(213) Compaction Phase
[20.323s][info][gc,phases      ] GC(213) Compaction Phase 450.513ms
[20.323s][info][gc,phases,start] GC(213) Post Compact
[20.330s][info][gc,phases      ] GC(213) Post Compact 6.929ms
[20.332s][info][gc,heap        ] GC(213) PSYoungGen: 46272K(138752K)->0K(144896K) Eden: 0K(25600K)->0K(25600K) From: 46272K(113152K)->0K(119296K)
[20.332s][info][gc,heap        ] GC(213) ParOldGen: 3028137K(3051520K)->3007417K(3319296K)
[20.332s][info][gc,metaspace   ] GC(213) Metaspace: 6298K(6464K)->6298K(6464K) NonClass: 5765K(5824K)->5765K(5824K) Class: 533K(640K)->533K(640K)
[20.332s][info][gc             ] GC(213) Pause Full (Ergonomics) 3002M->2936M(3383M) 1138.442ms
[20.332s][info][gc,cpu         ] GC(213) User=8.00s Sys=0.11s Real=1.14s
[20.358s][info][gc,start       ] GC(214) Pause Young (Allocation Failure)
[20.394s][info][gc,heap        ] GC(214) PSYoungGen: 25600K(144896K)->25760K(143872K) Eden: 25600K(25600K)->0K(28160K) From: 0K(119296K)->25760K(115712K)
[20.394s][info][gc,heap        ] GC(214) ParOldGen: 3007417K(3319296K)->3007417K(3319296K)
[20.394s][info][gc,metaspace   ] GC(214) Metaspace: 6298K(6464K)->6298K(6464K) NonClass: 5765K(5824K)->5765K(5824K) Class: 533K(640K)->533K(640K)
[20.394s][info][gc             ] GC(214) Pause Young (Allocation Failure) 2961M->2962M(3382M) 36.481ms
[20.394s][info][gc,cpu         ] GC(214) User=0.06s Sys=0.00s Real=0.04s
[20.423s][info][gc,start       ] GC(215) Pause Young (Allocation Failure)
[20.467s][info][gc,heap        ] GC(215) PSYoungGen: 53920K(143872K)->53952K(82432K) Eden: 28160K(28160K)->0K(28160K) From: 25760K(115712K)->53952K(54272K)
[20.467s][info][gc,heap        ] GC(215) ParOldGen: 3007417K(3319296K)->3007417K(3319296K)
[20.467s][info][gc,metaspace   ] GC(215) Metaspace: 6298K(6464K)->6298K(6464K) NonClass: 5765K(5824K)->5765K(5824K) Class: 533K(640K)->533K(640K)
[20.467s][info][gc             ] GC(215) Pause Young (Allocation Failure) 2989M->2989M(3322M) 44.108ms
[20.467s][info][gc,cpu         ] GC(215) User=0.08s Sys=0.00s Real=0.04s
[20.492s][info][gc,start       ] GC(216) Pause Young (Allocation Failure)
[20.553s][info][gc,heap        ] GC(216) PSYoungGen: 82112K(82432K)->82144K(137728K) Eden: 28160K(28160K)->0K(25600K) From: 53952K(54272K)->82144K(112128K)
[20.553s][info][gc,heap        ] GC(216) ParOldGen: 3007417K(3319296K)->3007417K(3319296K)
[20.553s][info][gc,metaspace   ] GC(216) Metaspace: 6298K(6464K)->6298K(6464K) NonClass: 5765K(5824K)->5765K(5824K) Class: 533K(640K)->533K(640K)
[20.553s][info][gc             ] GC(216) Pause Young (Allocation Failure) 3017M->3017M(3376M) 60.957ms
[20.553s][info][gc,cpu         ] GC(216) User=0.22s Sys=0.00s Real=0.06s
[20.576s][info][gc,start       ] GC(217) Pause Young (Allocation Failure)
[20.635s][info][gc,heap        ] GC(217) PSYoungGen: 107744K(137728K)->107712K(143360K) Eden: 25600K(25600K)->0K(25600K) From: 82144K(112128K)->107712K(117760K)
[20.635s][info][gc,heap        ] GC(217) ParOldGen: 3007417K(3319296K)->3007417K(3319296K)
[20.635s][info][gc,metaspace   ] GC(217) Metaspace: 6298K(6464K)->6298K(6464K) NonClass: 5765K(5824K)->5765K(5824K) Class: 533K(640K)->533K(640K)
[20.635s][info][gc             ] GC(217) Pause Young (Allocation Failure) 3042M->3042M(3381M) 58.837ms
[20.635s][info][gc,cpu         ] GC(217) User=0.17s Sys=0.00s Real=0.06s
[20.659s][info][gc,start       ] GC(218) Pause Young (Allocation Failure)
[20.729s][info][gc,heap        ] GC(218) PSYoungGen: 133312K(143360K)->107776K(148992K) Eden: 25600K(25600K)->0K(17920K) From: 107712K(117760K)->107776K(131072K)
[20.729s][info][gc,heap        ] GC(218) ParOldGen: 3007417K(3319296K)->3033265K(3319296K)
[20.729s][info][gc,metaspace   ] GC(218) Metaspace: 6298K(6464K)->6298K(6464K) NonClass: 5765K(5824K)->5765K(5824K) Class: 533K(640K)->533K(640K)
[20.729s][info][gc             ] GC(218) Pause Young (Allocation Failure) 3067M->3067M(3387M) 70.260ms
[20.729s][info][gc,cpu         ] GC(218) User=0.19s Sys=0.05s Real=0.07s
[20.747s][info][gc,start       ] GC(219) Pause Young (Allocation Failure)
[20.828s][info][gc,heap        ] GC(219) PSYoungGen: 125696K(148992K)->69312K(87552K) Eden: 17920K(17920K)->0K(17920K) From: 107776K(131072K)->69312K(69632K)
[20.828s][info][gc,heap        ] GC(219) ParOldGen: 3033265K(3319296K)->3090065K(3319296K)
[20.828s][info][gc,metaspace   ] GC(219) Metaspace: 6298K(6464K)->6298K(6464K) NonClass: 5765K(5824K)->5765K(5824K) Class: 533K(640K)->533K(640K)
[20.828s][info][gc             ] GC(219) Pause Young (Allocation Failure) 3084M->3085M(3327M) 80.725ms
[20.828s][info][gc,cpu         ] GC(219) User=0.17s Sys=0.17s Real=0.08s
[20.848s][info][gc,start       ] GC(220) Pause Young (Allocation Failure)
[20.909s][info][gc,heap        ] GC(220) PSYoungGen: 87232K(87552K)->35968K(151552K) Eden: 17920K(17920K)->0K(20480K) From: 69312K(69632K)->35968K(131072K)
[20.909s][info][gc,heap        ] GC(220) ParOldGen: 3090065K(3319296K)->3141705K(3319296K)
[20.909s][info][gc,metaspace   ] GC(220) Metaspace: 6298K(6464K)->6298K(6464K) NonClass: 5765K(5824K)->5765K(5824K) Class: 533K(640K)->533K(640K)
[20.909s][info][gc             ] GC(220) Pause Young (Allocation Failure) 3102M->3103M(3389M) 60.385ms
[20.909s][info][gc,cpu         ] GC(220) User=0.20s Sys=0.11s Real=0.06s
[20.932s][info][gc,start       ] GC(221) Pause Young (Allocation Failure)
[20.984s][info][gc,heap        ] GC(221) PSYoungGen: 56448K(151552K)->20640K(154112K) Eden: 20480K(20480K)->0K(20480K) From: 35968K(131072K)->20640K(133632K)
[20.984s][info][gc,heap        ] GC(221) ParOldGen: 3141705K(3319296K)->3177833K(3319296K)
[20.984s][info][gc,metaspace   ] GC(221) Metaspace: 6298K(6464K)->6298K(6464K) NonClass: 5765K(5824K)->5765K(5824K) Class: 533K(640K)->533K(640K)
[20.984s][info][gc             ] GC(221) Pause Young (Allocation Failure) 3123M->3123M(3392M) 52.385ms
[20.984s][info][gc,cpu         ] GC(221) User=0.17s Sys=0.09s Real=0.05s
[21.006s][info][gc,start       ] GC(222) Pause Young (Allocation Failure)
[21.053s][info][gc,heap        ] GC(222) PSYoungGen: 41120K(154112K)->20608K(155136K) Eden: 20480K(20480K)->0K(23552K) From: 20640K(133632K)->20608K(131584K)
[21.053s][info][gc,heap        ] GC(222) ParOldGen: 3177833K(3319296K)->3198513K(3319296K)
[21.053s][info][gc,metaspace   ] GC(222) Metaspace: 6298K(6464K)->6298K(6464K) NonClass: 5765K(5824K)->5765K(5824K) Class: 533K(640K)->533K(640K)
[21.053s][info][gc             ] GC(222) Pause Young (Allocation Failure) 3143M->3143M(3393M) 46.862ms
[21.053s][info][gc,cpu         ] GC(222) User=0.08s Sys=0.06s Real=0.05s
[21.078s][info][gc,start       ] GC(223) Pause Young (Allocation Failure)
[21.127s][info][gc,heap        ] GC(223) PSYoungGen: 44160K(155136K)->23712K(156160K) Eden: 23552K(23552K)->0K(23552K) From: 20608K(131584K)->23712K(132608K)
[21.127s][info][gc,heap        ] GC(223) ParOldGen: 3198513K(3319296K)->3219185K(3319296K)
[21.127s][info][gc,metaspace   ] GC(223) Metaspace: 6298K(6464K)->6298K(6464K) NonClass: 5765K(5824K)->5765K(5824K) Class: 533K(640K)->533K(640K)
[21.127s][info][gc             ] GC(223) Pause Young (Allocation Failure) 3166M->3166M(3394M) 49.915ms
[21.127s][info][gc,cpu         ] GC(223) User=0.12s Sys=0.03s Real=0.05s
[21.150s][info][gc,start       ] GC(224) Pause Young (Allocation Failure)
[21.198s][info][gc,heap        ] GC(224) PSYoungGen: 47264K(156160K)->23744K(150528K) Eden: 23552K(23552K)->0K(27136K) From: 23712K(132608K)->23744K(123392K)
[21.198s][info][gc,heap        ] GC(224) ParOldGen: 3219185K(3319296K)->3242953K(3319296K)
[21.198s][info][gc,metaspace   ] GC(224) Metaspace: 6298K(6464K)->6298K(6464K) NonClass: 5765K(5824K)->5765K(5824K) Class: 533K(640K)->533K(640K)
[21.198s][info][gc             ] GC(224) Pause Young (Allocation Failure) 3189M->3190M(3388M) 47.928ms
[21.198s][info][gc,cpu         ] GC(224) User=0.09s Sys=0.05s Real=0.05s
[21.226s][info][gc,start       ] GC(225) Pause Young (Allocation Failure)
[21.271s][info][gc,heap        ] GC(225) PSYoungGen: 50880K(150528K)->27264K(153600K) Eden: 27136K(27136K)->0K(27136K) From: 23744K(123392K)->27264K(126464K)
[21.271s][info][gc,heap        ] GC(225) ParOldGen: 3242953K(3319296K)->3266721K(3319296K)
[21.271s][info][gc,metaspace   ] GC(225) Metaspace: 6298K(6464K)->6298K(6464K) NonClass: 5765K(5824K)->5765K(5824K) Class: 533K(640K)->533K(640K)
[21.271s][info][gc             ] GC(225) Pause Young (Allocation Failure) 3216M->3216M(3391M) 45.231ms
[21.271s][info][gc,cpu         ] GC(225) User=0.08s Sys=0.09s Real=0.05s
[21.271s][info][gc,start       ] GC(226) Pause Full (Ergonomics)
[21.271s][info][gc,phases,start] GC(226) Marking Phase
[22.018s][info][gc,phases      ] GC(226) Marking Phase 746.406ms
[22.018s][info][gc,phases,start] GC(226) Summary Phase
[22.018s][info][gc,phases      ] GC(226) Summary Phase 0.073ms
[22.018s][info][gc,phases,start] GC(226) Adjust Roots
[22.018s][info][gc,phases      ] GC(226) Adjust Roots 0.161ms
[22.018s][info][gc,phases,start] GC(226) Compaction Phase
[22.346s][info][gc,phases      ] GC(226) Compaction Phase 327.353ms
[22.346s][info][gc,phases,start] GC(226) Post Compact
[22.352s][info][gc,phases      ] GC(226) Post Compact 6.204ms
[22.355s][info][gc,heap        ] GC(226) PSYoungGen: 27264K(153600K)->0K(153600K) Eden: 0K(27136K)->0K(31232K) From: 27264K(126464K)->0K(122368K)
[22.355s][info][gc,heap        ] GC(226) ParOldGen: 3266721K(3319296K)->3291193K(3624448K)
[22.355s][info][gc,metaspace   ] GC(226) Metaspace: 6298K(6464K)->6298K(6464K) NonClass: 5765K(5824K)->5765K(5824K) Class: 533K(640K)->533K(640K)
[22.355s][info][gc             ] GC(226) Pause Full (Ergonomics) 3216M->3214M(3689M) 1083.376ms
[22.355s][info][gc,cpu         ] GC(226) User=7.59s Sys=0.05s Real=1.08s
[22.389s][info][gc,start       ] GC(227) Pause Young (Allocation Failure)
[22.429s][info][gc,heap        ] GC(227) PSYoungGen: 31232K(153600K)->31392K(62976K) Eden: 31232K(31232K)->0K(31232K) From: 0K(122368K)->31392K(31744K)
[22.429s][info][gc,heap        ] GC(227) ParOldGen: 3291193K(3624448K)->3291193K(3624448K)
[22.429s][info][gc,metaspace   ] GC(227) Metaspace: 6298K(6464K)->6298K(6464K) NonClass: 5765K(5824K)->5765K(5824K) Class: 533K(640K)->533K(640K)
[22.429s][info][gc             ] GC(227) Pause Young (Allocation Failure) 3244M->3244M(3601M) 39.757ms
[22.429s][info][gc,cpu         ] GC(227) User=0.06s Sys=0.00s Real=0.04s
[22.461s][info][gc,start       ] GC(228) Pause Young (Allocation Failure)
[22.519s][info][gc,heap        ] GC(228) PSYoungGen: 62624K(62976K)->31392K(142848K) Eden: 31232K(31232K)->0K(35328K) From: 31392K(31744K)->31392K(107520K)
[22.519s][info][gc,heap        ] GC(228) ParOldGen: 3291193K(3624448K)->3322697K(3624448K)
[22.519s][info][gc,metaspace   ] GC(228) Metaspace: 6298K(6464K)->6298K(6464K) NonClass: 5765K(5824K)->5765K(5824K) Class: 533K(640K)->533K(640K)
[22.519s][info][gc             ] GC(228) Pause Young (Allocation Failure) 3275M->3275M(3679M) 58.137ms
[22.519s][info][gc,cpu         ] GC(228) User=0.20s Sys=0.17s Real=0.06s
[22.556s][info][gc,start       ] GC(229) Pause Young (Allocation Failure)
[22.618s][info][gc,heap        ] GC(229) PSYoungGen: 66720K(142848K)->35488K(71168K) Eden: 35328K(35328K)->0K(35328K) From: 31392K(107520K)->35488K(35840K)
[22.618s][info][gc,heap        ] GC(229) ParOldGen: 3322697K(3624448K)->3354217K(3624448K)
[22.618s][info][gc,metaspace   ] GC(229) Metaspace: 6298K(6464K)->6298K(6464K) NonClass: 5765K(5824K)->5765K(5824K) Class: 533K(640K)->533K(640K)
[22.618s][info][gc             ] GC(229) Pause Young (Allocation Failure) 3309M->3310M(3609M) 61.805ms
[22.618s][info][gc,cpu         ] GC(229) User=0.22s Sys=0.06s Real=0.06s
[22.656s][info][gc,start       ] GC(230) Pause Young (Allocation Failure)
[22.714s][info][gc,heap        ] GC(230) PSYoungGen: 70816K(71168K)->35456K(135680K) Eden: 35328K(35328K)->0K(39424K) From: 35488K(35840K)->35456K(96256K)
[22.714s][info][gc,heap        ] GC(230) ParOldGen: 3354217K(3624448K)->3389849K(3624448K)
[22.714s][info][gc,metaspace   ] GC(230) Metaspace: 6298K(6464K)->6298K(6464K) NonClass: 5765K(5824K)->5765K(5824K) Class: 533K(640K)->533K(640K)
[22.714s][info][gc             ] GC(230) Pause Young (Allocation Failure) 3344M->3345M(3672M) 58.062ms
[22.714s][info][gc,cpu         ] GC(230) User=0.11s Sys=0.09s Real=0.06s
[22.755s][info][gc,start       ] GC(231) Pause Young (Allocation Failure)
[22.813s][info][gc,heap        ] GC(231) PSYoungGen: 74880K(135680K)->39584K(79360K) Eden: 39424K(39424K)->0K(39424K) From: 35456K(96256K)->39584K(39936K)
[22.813s][info][gc,heap        ] GC(231) ParOldGen: 3389849K(3624448K)->3425497K(3624448K)
[22.814s][info][gc,metaspace   ] GC(231) Metaspace: 6298K(6464K)->6298K(6464K) NonClass: 5765K(5824K)->5765K(5824K) Class: 533K(640K)->533K(640K)
[22.814s][info][gc             ] GC(231) Pause Young (Allocation Failure) 3383M->3383M(3617M) 58.792ms
[22.814s][info][gc,cpu         ] GC(231) User=0.17s Sys=0.12s Real=0.06s
[22.849s][info][gc,start       ] GC(232) Pause Young (Allocation Failure)
[22.907s][info][gc,heap        ] GC(232) PSYoungGen: 79008K(79360K)->39616K(130048K) Eden: 39424K(39424K)->0K(44544K) From: 39584K(39936K)->39616K(85504K)
[22.907s][info][gc,heap        ] GC(232) ParOldGen: 3425497K(3624448K)->3465281K(3624448K)
[22.907s][info][gc,metaspace   ] GC(232) Metaspace: 6298K(6464K)->6298K(6464K) NonClass: 5765K(5824K)->5765K(5824K) Class: 533K(640K)->533K(640K)
[22.907s][info][gc             ] GC(232) Pause Young (Allocation Failure) 3422M->3422M(3666M) 57.978ms
[22.907s][info][gc,cpu         ] GC(232) User=0.09s Sys=0.19s Real=0.06s
[22.949s][info][gc,start       ] GC(233) Pause Young (Allocation Failure)
[23.010s][info][gc,heap        ] GC(233) PSYoungGen: 84160K(130048K)->44768K(135168K) Eden: 44544K(44544K)->0K(44544K) From: 39616K(85504K)->44768K(90624K)
[23.010s][info][gc,heap        ] GC(233) ParOldGen: 3465281K(3624448K)->3505049K(3624448K)
[23.010s][info][gc,metaspace   ] GC(233) Metaspace: 6298K(6464K)->6298K(6464K) NonClass: 5765K(5824K)->5765K(5824K) Class: 533K(640K)->533K(640K)
[23.010s][info][gc             ] GC(233) Pause Young (Allocation Failure) 3466M->3466M(3671M) 61.493ms
[23.010s][info][gc,cpu         ] GC(233) User=0.19s Sys=0.12s Real=0.06s
[23.057s][info][gc,start       ] GC(234) Pause Young (Allocation Failure)
[23.119s][info][gc,heap        ] GC(234) PSYoungGen: 89312K(135168K)->44768K(131072K) Eden: 44544K(44544K)->0K(50176K) From: 44768K(90624K)->44768K(80896K)
[23.119s][info][gc,heap        ] GC(234) ParOldGen: 3505049K(3624448K)->3549993K(3624448K)
[23.119s][info][gc,metaspace   ] GC(234) Metaspace: 6298K(6464K)->6298K(6464K) NonClass: 5765K(5824K)->5765K(5824K) Class: 533K(640K)->533K(640K)
[23.119s][info][gc             ] GC(234) Pause Young (Allocation Failure) 3510M->3510M(3667M) 62.124ms
[23.119s][info][gc,cpu         ] GC(234) User=0.25s Sys=0.14s Real=0.06s
[23.176s][info][gc,start       ] GC(235) Pause Young (Allocation Failure)
[23.239s][info][gc,heap        ] GC(235) PSYoungGen: 94944K(131072K)->50400K(134144K) Eden: 50176K(50176K)->0K(50176K) From: 44768K(80896K)->50400K(83968K)
[23.239s][info][gc,heap        ] GC(235) ParOldGen: 3549993K(3624448K)->3594937K(3624448K)
[23.239s][info][gc,metaspace   ] GC(235) Metaspace: 6298K(6464K)->6298K(6464K) NonClass: 5765K(5824K)->5765K(5824K) Class: 533K(640K)->533K(640K)
[23.239s][info][gc             ] GC(235) Pause Young (Allocation Failure) 3559M->3559M(3670M) 63.699ms
[23.239s][info][gc,cpu         ] GC(235) User=0.20s Sys=0.19s Real=0.06s
[23.239s][info][gc,start       ] GC(236) Pause Full (Ergonomics)
[23.239s][info][gc,phases,start] GC(236) Marking Phase
[24.053s][info][gc,phases      ] GC(236) Marking Phase 813.779ms
[24.053s][info][gc,phases,start] GC(236) Summary Phase
[24.053s][info][gc,phases      ] GC(236) Summary Phase 0.054ms
[24.053s][info][gc,phases,start] GC(236) Adjust Roots
[24.053s][info][gc,phases      ] GC(236) Adjust Roots 0.167ms
[24.053s][info][gc,phases,start] GC(236) Compaction Phase
[24.819s][info][gc,phases      ] GC(236) Compaction Phase 765.507ms
[24.819s][info][gc,phases,start] GC(236) Post Compact
[24.826s][info][gc,phases      ] GC(236) Post Compact 6.605ms
[24.828s][info][gc,heap        ] GC(236) PSYoungGen: 50400K(134144K)->17950K(134144K) Eden: 0K(50176K)->0K(50176K) From: 50400K(83968K)->17950K(83968K)
[24.828s][info][gc,heap        ] GC(236) ParOldGen: 3594937K(3624448K)->3624189K(3997184K)
[24.828s][info][gc,metaspace   ] GC(236) Metaspace: 6298K(6464K)->6298K(6464K) NonClass: 5765K(5824K)->5765K(5824K) Class: 533K(640K)->533K(640K)
[24.828s][info][gc             ] GC(236) Pause Full (Ergonomics) 3559M->3556M(4034M) 1588.985ms
[24.828s][info][gc,cpu         ] GC(236) User=11.25s Sys=0.11s Real=1.59s
[24.882s][info][gc,start       ] GC(237) Pause Young (Allocation Failure)
[25.075s][info][gc,heap        ] GC(237) PSYoungGen: 68126K(134144K)->50400K(134144K) Eden: 50176K(50176K)->0K(55296K) From: 17950K(83968K)->50400K(78848K)
[25.075s][info][gc,heap        ] GC(237) ParOldGen: 3624189K(3997184K)->3642341K(3997184K)
[25.075s][info][gc,metaspace   ] GC(237) Metaspace: 6298K(6464K)->6298K(6464K) NonClass: 5765K(5824K)->5765K(5824K) Class: 533K(640K)->533K(640K)
[25.075s][info][gc             ] GC(237) Pause Young (Allocation Failure) 3605M->3606M(4034M) 193.673ms
[25.075s][info][gc,cpu         ] GC(237) User=1.27s Sys=0.03s Real=0.19s
[25.129s][info][gc,start       ] GC(238) Pause Young (Allocation Failure)
[25.201s][info][gc,heap        ] GC(238) PSYoungGen: 105696K(134144K)->81408K(136704K) Eden: 55296K(55296K)->0K(55296K) From: 50400K(78848K)->81408K(81408K)
[25.201s][info][gc,heap        ] GC(238) ParOldGen: 3642341K(3997184K)->3666749K(3997184K)
[25.201s][info][gc,metaspace   ] GC(238) Metaspace: 6298K(6464K)->6298K(6464K) NonClass: 5765K(5824K)->5765K(5824K) Class: 533K(640K)->533K(640K)
[25.201s][info][gc             ] GC(238) Pause Young (Allocation Failure) 3660M->3660M(4037M) 72.241ms
[25.201s][info][gc,cpu         ] GC(238) User=0.38s Sys=0.00s Real=0.07s
[25.257s][info][gc,start       ] GC(239) Pause Young (Allocation Failure)
[25.363s][info][gc,heap        ] GC(239) PSYoungGen: 136704K(136704K)->55488K(156672K) Eden: 55296K(55296K)->0K(61440K) From: 81408K(81408K)->55488K(95232K)
[25.363s][info][gc,heap        ] GC(239) ParOldGen: 3666749K(3997184K)->3748765K(3997184K)
[25.363s][info][gc,metaspace   ] GC(239) Metaspace: 6298K(6464K)->6298K(6464K) NonClass: 5765K(5824K)->5765K(5824K) Class: 533K(640K)->533K(640K)
[25.363s][info][gc             ] GC(239) Pause Young (Allocation Failure) 3714M->3715M(4056M) 105.439ms
[25.363s][info][gc,cpu         ] GC(239) User=0.45s Sys=0.31s Real=0.11s
[25.428s][info][gc,start       ] GC(240) Pause Young (Allocation Failure)
[25.518s][info][gc,heap        ] GC(240) PSYoungGen: 116928K(156672K)->61664K(159232K) Eden: 61440K(61440K)->0K(61440K) From: 55488K(95232K)->61664K(97792K)
[25.518s][info][gc,heap        ] GC(240) ParOldGen: 3748765K(3997184K)->3804541K(3997184K)
[25.518s][info][gc,metaspace   ] GC(240) Metaspace: 6298K(6464K)->6298K(6464K) NonClass: 5765K(5824K)->5765K(5824K) Class: 533K(640K)->533K(640K)
[25.518s][info][gc             ] GC(240) Pause Young (Allocation Failure) 3775M->3775M(4059M) 89.375ms
[25.518s][info][gc,cpu         ] GC(240) User=0.33s Sys=0.20s Real=0.09s
[25.582s][info][gc,start       ] GC(241) Pause Young (Allocation Failure)
[25.669s][info][gc,heap        ] GC(241) PSYoungGen: 123104K(159232K)->61664K(164352K) Eden: 61440K(61440K)->0K(68608K) From: 61664K(97792K)->61664K(95744K)
[25.669s][info][gc,heap        ] GC(241) ParOldGen: 3804541K(3997184K)->3866517K(3997184K)
[25.669s][info][gc,metaspace   ] GC(241) Metaspace: 6298K(6464K)->6298K(6464K) NonClass: 5765K(5824K)->5765K(5824K) Class: 533K(640K)->533K(640K)
[25.669s][info][gc             ] GC(241) Pause Young (Allocation Failure) 3835M->3836M(4064M) 87.190ms
[25.669s][info][gc,cpu         ] GC(241) User=0.34s Sys=0.28s Real=0.09s
[25.742s][info][gc,start       ] GC(242) Pause Young (Allocation Failure)
[25.830s][info][gc,heap        ] GC(242) PSYoungGen: 130272K(164352K)->68864K(164864K) Eden: 68608K(68608K)->0K(68608K) From: 61664K(95744K)->68864K(96256K)
[25.830s][info][gc,heap        ] GC(242) ParOldGen: 3866517K(3997184K)->3928501K(3997184K)
[25.830s][info][gc,metaspace   ] GC(242) Metaspace: 6298K(6464K)->6298K(6464K) NonClass: 5765K(5824K)->5765K(5824K) Class: 533K(640K)->533K(640K)
[25.830s][info][gc             ] GC(242) Pause Young (Allocation Failure) 3903M->3903M(4064M) 88.680ms
[25.830s][info][gc,cpu         ] GC(242) User=0.53s Sys=0.11s Real=0.09s
[25.830s][info][gc,start       ] GC(243) Pause Full (Ergonomics)
[25.830s][info][gc,phases,start] GC(243) Marking Phase
[26.733s][info][gc,phases      ] GC(243) Marking Phase 902.879ms
[26.733s][info][gc,phases,start] GC(243) Summary Phase
[26.733s][info][gc,phases      ] GC(243) Summary Phase 0.082ms
[26.733s][info][gc,phases,start] GC(243) Adjust Roots
[26.734s][info][gc,phases      ] GC(243) Adjust Roots 0.162ms
[26.734s][info][gc,phases,start] GC(243) Compaction Phase
[27.141s][info][gc,phases      ] GC(243) Compaction Phase 407.582ms
[27.141s][info][gc,phases,start] GC(243) Post Compact
[27.149s][info][gc,phases      ] GC(243) Post Compact 7.230ms
[27.152s][info][gc,heap        ] GC(243) PSYoungGen: 68864K(164864K)->0K(174592K) Eden: 0K(68608K)->0K(76288K) From: 68864K(96256K)->0K(98304K)
[27.152s][info][gc,heap        ] GC(243) ParOldGen: 3928501K(3997184K)->3994198K(4427264K)
[27.152s][info][gc,metaspace   ] GC(243) Metaspace: 6298K(6464K)->6298K(6464K) NonClass: 5765K(5824K)->5765K(5824K) Class: 533K(640K)->533K(640K)
[27.152s][info][gc             ] GC(243) Pause Full (Ergonomics) 3903M->3900M(4494M) 1321.604ms
[27.152s][info][gc,cpu         ] GC(243) User=9.53s Sys=0.12s Real=1.32s
[27.233s][info][gc,start       ] GC(244) Pause Young (Allocation Failure)
[27.296s][info][gc,heap        ] GC(244) PSYoungGen: 76288K(174592K)->76544K(174592K) Eden: 76288K(76288K)->0K(76288K) From: 0K(98304K)->76544K(98304K)
[27.296s][info][gc,heap        ] GC(244) ParOldGen: 3994198K(4427264K)->3994198K(4427264K)
[27.296s][info][gc,metaspace   ] GC(244) Metaspace: 6298K(6464K)->6298K(6464K) NonClass: 5765K(5824K)->5765K(5824K) Class: 533K(640K)->533K(640K)
[27.296s][info][gc             ] GC(244) Pause Young (Allocation Failure) 3975M->3975M(4494M) 63.083ms
[27.296s][info][gc,cpu         ] GC(244) User=0.28s Sys=0.00s Real=0.06s
[27.389s][info][gc,start       ] GC(245) Pause Young (Allocation Failure)
[27.504s][info][gc,heap        ] GC(245) PSYoungGen: 152832K(174592K)->101888K(153600K) Eden: 76288K(76288K)->0K(51712K) From: 76544K(98304K)->101888K(101888K)
[27.504s][info][gc,heap        ] GC(245) ParOldGen: 3994198K(4427264K)->4045494K(4427264K)
[27.504s][info][gc,metaspace   ] GC(245) Metaspace: 6298K(6464K)->6298K(6464K) NonClass: 5765K(5824K)->5765K(5824K) Class: 533K(640K)->533K(640K)
[27.504s][info][gc             ] GC(245) Pause Young (Allocation Failure) 4049M->4050M(4473M) 115.123ms
[27.504s][info][gc,cpu         ] GC(245) User=0.42s Sys=0.38s Real=0.12s
[27.557s][info][gc,start       ] GC(246) Pause Young (Allocation Failure)
[27.673s][info][gc,heap        ] GC(246) PSYoungGen: 153600K(153600K)->51968K(184832K) Eden: 51712K(51712K)->0K(51712K) From: 101888K(101888K)->51968K(133120K)
[27.673s][info][gc,heap        ] GC(246) ParOldGen: 4045494K(4427264K)->4148126K(4427264K)
[27.673s][info][gc,metaspace   ] GC(246) Metaspace: 6298K(6464K)->6298K(6464K) NonClass: 5765K(5824K)->5765K(5824K) Class: 533K(640K)->533K(640K)
[27.673s][info][gc             ] GC(246) Pause Young (Allocation Failure) 4100M->4101M(4504M) 115.856ms
[27.673s][info][gc,cpu         ] GC(246) User=0.42s Sys=0.45s Real=0.12s
[27.729s][info][gc,start       ] GC(247) Pause Young (Allocation Failure)
[27.804s][info][gc,heap        ] GC(247) PSYoungGen: 103680K(184832K)->51936K(179200K) Eden: 51712K(51712K)->0K(57856K) From: 51968K(133120K)->51936K(121344K)
[27.804s][info][gc,heap        ] GC(247) ParOldGen: 4148126K(4427264K)->4200286K(4427264K)
[27.804s][info][gc,metaspace   ] GC(247) Metaspace: 6298K(6464K)->6298K(6464K) NonClass: 5765K(5824K)->5765K(5824K) Class: 533K(640K)->533K(640K)
[27.804s][info][gc             ] GC(247) Pause Young (Allocation Failure) 4152M->4152M(4498M) 75.130ms
[27.804s][info][gc,cpu         ] GC(247) User=0.33s Sys=0.19s Real=0.08s
[27.871s][info][gc,start       ] GC(248) Pause Young (Allocation Failure)
[27.953s][info][gc,heap        ] GC(248) PSYoungGen: 109792K(179200K)->58016K(182784K) Eden: 57856K(57856K)->0K(57856K) From: 51936K(121344K)->58016K(124928K)
[27.954s][info][gc,heap        ] GC(248) ParOldGen: 4200286K(4427264K)->4252470K(4427264K)
[27.954s][info][gc,metaspace   ] GC(248) Metaspace: 6298K(6464K)->6298K(6464K) NonClass: 5765K(5824K)->5765K(5824K) Class: 533K(640K)->533K(640K)
[27.954s][info][gc             ] GC(248) Pause Young (Allocation Failure) 4209M->4209M(4502M) 82.108ms
[27.954s][info][gc,cpu         ] GC(248) User=0.25s Sys=0.17s Real=0.08s
[28.024s][info][gc,start       ] GC(249) Pause Young (Allocation Failure)
[28.110s][info][gc,heap        ] GC(249) PSYoungGen: 115872K(182784K)->58080K(174080K) Eden: 57856K(57856K)->0K(64512K) From: 58016K(124928K)->58080K(109568K)
[28.110s][info][gc,heap        ] GC(249) ParOldGen: 4252470K(4427264K)->4310846K(4427264K)
[28.110s][info][gc,metaspace   ] GC(249) Metaspace: 6298K(6464K)->6298K(6464K) NonClass: 5765K(5824K)->5765K(5824K) Class: 533K(640K)->533K(640K)
[28.110s][info][gc             ] GC(249) Pause Young (Allocation Failure) 4265M->4266M(4493M) 86.788ms
[28.110s][info][gc,cpu         ] GC(249) User=0.41s Sys=0.22s Real=0.09s
[28.177s][info][gc,start       ] GC(250) Pause Young (Allocation Failure)
[28.275s][info][gc,heap        ] GC(250) PSYoungGen: 122592K(174080K)->64768K(179200K) Eden: 64512K(64512K)->0K(64512K) From: 58080K(109568K)->64768K(114688K)
[28.275s][info][gc,heap        ] GC(250) ParOldGen: 4310846K(4427264K)->4369214K(4427264K)
[28.275s][info][gc,metaspace   ] GC(250) Metaspace: 6298K(6464K)->6298K(6464K) NonClass: 5765K(5824K)->5765K(5824K) Class: 533K(640K)->533K(640K)
[28.275s][info][gc             ] GC(250) Pause Young (Allocation Failure) 4329M->4330M(4498M) 97.251ms
[28.275s][info][gc,cpu         ] GC(250) User=0.39s Sys=0.25s Real=0.10s
[28.275s][info][gc,start       ] GC(251) Pause Full (Ergonomics)
[28.275s][info][gc,phases,start] GC(251) Marking Phase
[29.262s][info][gc,phases      ] GC(251) Marking Phase 987.282ms
[29.262s][info][gc,phases,start] GC(251) Summary Phase
[29.262s][info][gc,phases      ] GC(251) Summary Phase 0.052ms
[29.262s][info][gc,phases,start] GC(251) Adjust Roots
[29.262s][info][gc,phases      ] GC(251) Adjust Roots 0.167ms
[29.262s][info][gc,phases,start] GC(251) Compaction Phase
[29.670s][info][gc,phases      ] GC(251) Compaction Phase 407.921ms
[29.670s][info][gc,phases,start] GC(251) Post Compact
[29.677s][info][gc,phases      ] GC(251) Post Compact 6.445ms
[29.677s][info][gc,heap        ] GC(251) PSYoungGen: 64768K(179200K)->3176K(179200K) Eden: 0K(64512K)->0K(64512K) From: 64768K(114688K)->3176K(114688K)
[29.677s][info][gc,heap        ] GC(251) ParOldGen: 4369214K(4427264K)->4427034K(4437504K)
[29.677s][info][gc,metaspace   ] GC(251) Metaspace: 6298K(6464K)->6298K(6464K) NonClass: 5765K(5824K)->5765K(5824K) Class: 533K(640K)->533K(640K)
[29.677s][info][gc             ] GC(251) Pause Full (Ergonomics) 4330M->4326M(4508M) 1402.230ms
[29.677s][info][gc,cpu         ] GC(251) User=10.42s Sys=0.16s Real=1.40s
[29.741s][info][gc,start       ] GC(252) Pause Full (Ergonomics)
[29.741s][info][gc,phases,start] GC(252) Marking Phase
[30.723s][info][gc,phases      ] GC(252) Marking Phase 982.213ms
[30.724s][info][gc,phases,start] GC(252) Summary Phase
[30.724s][info][gc,phases      ] GC(252) Summary Phase 0.050ms
[30.724s][info][gc,phases,start] GC(252) Adjust Roots
[30.724s][info][gc,phases      ] GC(252) Adjust Roots 0.158ms
[30.724s][info][gc,phases,start] GC(252) Compaction Phase
[31.031s][info][gc,phases      ] GC(252) Compaction Phase 307.656ms
[31.032s][info][gc,phases,start] GC(252) Post Compact
[31.038s][info][gc,phases      ] GC(252) Post Compact 6.602ms
[31.038s][info][gc,heap        ] GC(252) PSYoungGen: 67688K(179200K)->57421K(175104K) Eden: 64512K(64512K)->57421K(64512K) From: 3176K(114688K)->0K(110592K)
[31.038s][info][gc,heap        ] GC(252) ParOldGen: 4427034K(4437504K)->4437270K(4437504K)
[31.038s][info][gc,metaspace   ] GC(252) Metaspace: 6298K(6464K)->6298K(6464K) NonClass: 5765K(5824K)->5765K(5824K) Class: 533K(640K)->533K(640K)
[31.038s][info][gc             ] GC(252) Pause Full (Ergonomics) 4389M->4389M(4504M) 1297.017ms
[31.038s][info][gc,cpu         ] GC(252) User=9.67s Sys=0.05s Real=1.30s
[31.048s][info][gc,start       ] GC(253) Pause Full (Ergonomics)
[31.049s][info][gc,phases,start] GC(253) Marking Phase
[32.070s][info][gc,phases      ] GC(253) Marking Phase 1021.523ms
[32.070s][info][gc,phases,start] GC(253) Summary Phase
[32.070s][info][gc,phases      ] GC(253) Summary Phase 0.050ms
[32.070s][info][gc,phases,start] GC(253) Adjust Roots
[32.070s][info][gc,phases      ] GC(253) Adjust Roots 0.163ms
[32.070s][info][gc,phases,start] GC(253) Compaction Phase
[32.366s][info][gc,phases      ] GC(253) Compaction Phase 295.332ms
[32.366s][info][gc,phases,start] GC(253) Post Compact
[32.372s][info][gc,phases      ] GC(253) Post Compact 6.533ms
[32.372s][info][gc,heap        ] GC(253) PSYoungGen: 64512K(175104K)->64508K(179200K) Eden: 64512K(64512K)->64508K(64512K) From: 0K(110592K)->0K(114688K)
[32.372s][info][gc,heap        ] GC(253) ParOldGen: 4437270K(4437504K)->4437270K(4437504K)
[32.372s][info][gc,metaspace   ] GC(253) Metaspace: 6298K(6464K)->6298K(6464K) NonClass: 5765K(5824K)->5765K(5824K) Class: 533K(640K)->533K(640K)
[32.372s][info][gc             ] GC(253) Pause Full (Ergonomics) 4396M->4396M(4508M) 1323.952ms
[32.372s][info][gc,cpu         ] GC(253) User=9.92s Sys=0.02s Real=1.32s
[32.373s][info][gc,start       ] GC(254) Pause Full (Ergonomics)
[32.373s][info][gc,phases,start] GC(254) Marking Phase
[33.378s][info][gc,phases      ] GC(254) Marking Phase 1004.955ms
[33.378s][info][gc,phases,start] GC(254) Summary Phase
[33.378s][info][gc,phases      ] GC(254) Summary Phase 0.050ms
[33.378s][info][gc,phases,start] GC(254) Adjust Roots
[33.378s][info][gc,phases      ] GC(254) Adjust Roots 0.158ms
[33.378s][info][gc,phases,start] GC(254) Compaction Phase
[33.696s][info][gc,phases      ] GC(254) Compaction Phase 318.346ms
[33.696s][info][gc,phases,start] GC(254) Post Compact
[33.703s][info][gc,phases      ] GC(254) Post Compact 6.371ms
[33.703s][info][gc,heap        ] GC(254) PSYoungGen: 64512K(179200K)->64511K(175104K) Eden: 64512K(64512K)->64511K(64512K) From: 0K(114688K)->0K(110592K)
[33.703s][info][gc,heap        ] GC(254) ParOldGen: 4437270K(4437504K)->4437270K(4437504K)
[33.703s][info][gc,metaspace   ] GC(254) Metaspace: 6298K(6464K)->6298K(6464K) NonClass: 5765K(5824K)->5765K(5824K) Class: 533K(640K)->533K(640K)
[33.703s][info][gc             ] GC(254) Pause Full (Ergonomics) 4396M->4396M(4504M) 1330.156ms
[33.703s][info][gc,cpu         ] GC(254) User=9.92s Sys=0.00s Real=1.33s
[33.703s][info][gc,start       ] GC(255) Pause Full (Ergonomics)
[33.703s][info][gc,phases,start] GC(255) Marking Phase
[34.699s][info][gc,phases      ] GC(255) Marking Phase 996.514ms
[34.699s][info][gc,phases,start] GC(255) Summary Phase
[34.700s][info][gc,phases      ] GC(255) Summary Phase 0.050ms
[34.700s][info][gc,phases,start] GC(255) Adjust Roots
[34.700s][info][gc,phases      ] GC(255) Adjust Roots 0.158ms
[34.700s][info][gc,phases,start] GC(255) Compaction Phase
[35.004s][info][gc,phases      ] GC(255) Compaction Phase 304.149ms
[35.004s][info][gc,phases,start] GC(255) Post Compact
[35.011s][info][gc,phases      ] GC(255) Post Compact 6.593ms
[35.011s][info][gc,heap        ] GC(255) PSYoungGen: 64511K(175104K)->64511K(179200K) Eden: 64511K(64512K)->64511K(64512K) From: 0K(110592K)->0K(114688K)
[35.011s][info][gc,heap        ] GC(255) ParOldGen: 4437270K(4437504K)->4437270K(4437504K)
[35.011s][info][gc,metaspace   ] GC(255) Metaspace: 6298K(6464K)->6298K(6464K) NonClass: 5765K(5824K)->5765K(5824K) Class: 533K(640K)->533K(640K)
[35.011s][info][gc             ] GC(255) Pause Full (Ergonomics) 4396M->4396M(4508M) 1307.757ms
[35.011s][info][gc,cpu         ] GC(255) User=10.02s Sys=0.00s Real=1.31s
[35.011s][info][gc,start       ] GC(256) Pause Full (Ergonomics)
[35.011s][info][gc,phases,start] GC(256) Marking Phase
[36.005s][info][gc,phases      ] GC(256) Marking Phase 994.047ms
[36.005s][info][gc,phases,start] GC(256) Summary Phase
[36.005s][info][gc,phases      ] GC(256) Summary Phase 0.051ms
[36.005s][info][gc,phases,start] GC(256) Adjust Roots
[36.005s][info][gc,phases      ] GC(256) Adjust Roots 0.162ms
[36.005s][info][gc,phases,start] GC(256) Compaction Phase
[36.306s][info][gc,phases      ] GC(256) Compaction Phase 301.094ms
[36.306s][info][gc,phases,start] GC(256) Post Compact
[36.313s][info][gc,phases      ] GC(256) Post Compact 6.518ms
[36.313s][info][gc,heap        ] GC(256) PSYoungGen: 64511K(179200K)->64511K(175104K) Eden: 64511K(64512K)->64511K(64512K) From: 0K(114688K)->0K(110592K)
[36.313s][info][gc,heap        ] GC(256) ParOldGen: 4437275K(4437504K)->4437275K(4437504K)
[36.313s][info][gc,metaspace   ] GC(256) Metaspace: 6298K(6464K)->6298K(6464K) NonClass: 5765K(5824K)->5765K(5824K) Class: 533K(640K)->533K(640K)
[36.313s][info][gc             ] GC(256) Pause Full (Ergonomics) 4396M->4396M(4504M) 1302.147ms
[36.313s][info][gc,cpu         ] GC(256) User=9.78s Sys=0.00s Real=1.30s
[36.313s][info][gc,start       ] GC(257) Pause Full (Ergonomics)
[36.313s][info][gc,phases,start] GC(257) Marking Phase
[37.319s][info][gc,phases      ] GC(257) Marking Phase 1005.474ms
[37.319s][info][gc,phases,start] GC(257) Summary Phase
[37.319s][info][gc,phases      ] GC(257) Summary Phase 0.061ms
[37.319s][info][gc,phases,start] GC(257) Adjust Roots
[37.319s][info][gc,phases      ] GC(257) Adjust Roots 0.182ms
[37.319s][info][gc,phases,start] GC(257) Compaction Phase
[37.616s][info][gc,phases      ] GC(257) Compaction Phase 297.388ms
[37.616s][info][gc,phases,start] GC(257) Post Compact
[37.623s][info][gc,phases      ] GC(257) Post Compact 6.453ms
[37.623s][info][gc,heap        ] GC(257) PSYoungGen: 64511K(175104K)->64511K(179200K) Eden: 64511K(64512K)->64511K(64512K) From: 0K(110592K)->0K(114688K)
[37.623s][info][gc,heap        ] GC(257) ParOldGen: 4437280K(4437504K)->4437280K(4437504K)
[37.623s][info][gc,metaspace   ] GC(257) Metaspace: 6298K(6464K)->6298K(6464K) NonClass: 5765K(5824K)->5765K(5824K) Class: 533K(640K)->533K(640K)
[37.623s][info][gc             ] GC(257) Pause Full (Ergonomics) 4396M->4396M(4508M) 1309.840ms
[37.623s][info][gc,cpu         ] GC(257) User=9.92s Sys=0.02s Real=1.31s
[37.623s][info][gc,start       ] GC(258) Pause Full (Ergonomics)
[37.623s][info][gc,phases,start] GC(258) Marking Phase
[38.620s][info][gc,phases      ] GC(258) Marking Phase 996.761ms
[38.620s][info][gc,phases,start] GC(258) Summary Phase
[38.620s][info][gc,phases      ] GC(258) Summary Phase 0.081ms
[38.620s][info][gc,phases,start] GC(258) Adjust Roots
[38.620s][info][gc,phases      ] GC(258) Adjust Roots 0.285ms
[38.620s][info][gc,phases,start] GC(258) Compaction Phase
[38.925s][info][gc,phases      ] GC(258) Compaction Phase 304.991ms
[38.926s][info][gc,phases,start] GC(258) Post Compact
[38.932s][info][gc,phases      ] GC(258) Post Compact 6.343ms
[38.932s][info][gc,heap        ] GC(258) PSYoungGen: 64511K(179200K)->64511K(175104K) Eden: 64511K(64512K)->64511K(64512K) From: 0K(114688K)->0K(110592K)
[38.932s][info][gc,heap        ] GC(258) ParOldGen: 4437285K(4437504K)->4437285K(4437504K)
[38.932s][info][gc,metaspace   ] GC(258) Metaspace: 6298K(6464K)->6298K(6464K) NonClass: 5765K(5824K)->5765K(5824K) Class: 533K(640K)->533K(640K)
[38.932s][info][gc             ] GC(258) Pause Full (Ergonomics) 4396M->4396M(4504M) 1308.772ms
[38.932s][info][gc,cpu         ] GC(258) User=10.09s Sys=0.00s Real=1.31s
[38.932s][info][gc,start       ] GC(259) Pause Full (Ergonomics)
[38.932s][info][gc,phases,start] GC(259) Marking Phase
[39.941s][info][gc,phases      ] GC(259) Marking Phase 1008.604ms
[39.941s][info][gc,phases,start] GC(259) Summary Phase
[39.941s][info][gc,phases      ] GC(259) Summary Phase 0.050ms
[39.941s][info][gc,phases,start] GC(259) Adjust Roots
[39.941s][info][gc,phases      ] GC(259) Adjust Roots 0.164ms
[39.941s][info][gc,phases,start] GC(259) Compaction Phase
[40.254s][info][gc,phases      ] GC(259) Compaction Phase 312.637ms
[40.254s][info][gc,phases,start] GC(259) Post Compact
[40.260s][info][gc,phases      ] GC(259) Post Compact 6.598ms
[40.260s][info][gc,heap        ] GC(259) PSYoungGen: 64511K(175104K)->64511K(179200K) Eden: 64511K(64512K)->64511K(64512K) From: 0K(110592K)->0K(114688K)
[40.260s][info][gc,heap        ] GC(259) ParOldGen: 4437289K(4437504K)->4437289K(4437504K)
[40.260s][info][gc,metaspace   ] GC(259) Metaspace: 6298K(6464K)->6298K(6464K) NonClass: 5765K(5824K)->5765K(5824K) Class: 533K(640K)->533K(640K)
[40.261s][info][gc             ] GC(259) Pause Full (Ergonomics) 4396M->4396M(4508M) 1328.351ms
[40.261s][info][gc,cpu         ] GC(259) User=9.92s Sys=0.00s Real=1.33s
[40.261s][info][gc,start       ] GC(260) Pause Full (Ergonomics)
[40.261s][info][gc,phases,start] GC(260) Marking Phase
[41.271s][info][gc,phases      ] GC(260) Marking Phase 1010.692ms
[41.271s][info][gc,phases,start] GC(260) Summary Phase
[41.272s][info][gc,phases      ] GC(260) Summary Phase 0.079ms
[41.272s][info][gc,phases,start] GC(260) Adjust Roots
[41.272s][info][gc,phases      ] GC(260) Adjust Roots 0.302ms
[41.272s][info][gc,phases,start] GC(260) Compaction Phase
[41.587s][info][gc,phases      ] GC(260) Compaction Phase 315.010ms
[41.587s][info][gc,phases,start] GC(260) Post Compact
[41.594s][info][gc,phases      ] GC(260) Post Compact 6.530ms
[41.594s][info][gc,heap        ] GC(260) PSYoungGen: 64511K(179200K)->64511K(175104K) Eden: 64511K(64512K)->64511K(64512K) From: 0K(114688K)->0K(110592K)
[41.594s][info][gc,heap        ] GC(260) ParOldGen: 4437294K(4437504K)->4437294K(4437504K)
[41.594s][info][gc,metaspace   ] GC(260) Metaspace: 6298K(6464K)->6298K(6464K) NonClass: 5765K(5824K)->5765K(5824K) Class: 533K(640K)->533K(640K)
[41.594s][info][gc             ] GC(260) Pause Full (Ergonomics) 4396M->4396M(4504M) 1332.951ms
[41.594s][info][gc,cpu         ] GC(260) User=10.08s Sys=0.02s Real=1.33s
[41.594s][info][gc,start       ] GC(261) Pause Full (Ergonomics)
[41.594s][info][gc,phases,start] GC(261) Marking Phase
[42.599s][info][gc,phases      ] GC(261) Marking Phase 1005.451ms
[42.599s][info][gc,phases,start] GC(261) Summary Phase
[42.599s][info][gc,phases      ] GC(261) Summary Phase 0.066ms
[42.599s][info][gc,phases,start] GC(261) Adjust Roots
[42.600s][info][gc,phases      ] GC(261) Adjust Roots 0.229ms
[42.600s][info][gc,phases,start] GC(261) Compaction Phase
[42.897s][info][gc,phases      ] GC(261) Compaction Phase 297.720ms
[42.897s][info][gc,phases,start] GC(261) Post Compact
[42.903s][info][gc,phases      ] GC(261) Post Compact 5.678ms
[42.903s][info][gc,heap        ] GC(261) PSYoungGen: 64511K(175104K)->64511K(179200K) Eden: 64511K(64512K)->64511K(64512K) From: 0K(110592K)->0K(114688K)
[42.903s][info][gc,heap        ] GC(261) ParOldGen: 4437299K(4437504K)->4437299K(4437504K)
[42.903s][info][gc,metaspace   ] GC(261) Metaspace: 6298K(6464K)->6298K(6464K) NonClass: 5765K(5824K)->5765K(5824K) Class: 533K(640K)->533K(640K)
[42.903s][info][gc             ] GC(261) Pause Full (Ergonomics) 4396M->4396M(4508M) 1309.446ms
[42.903s][info][gc,cpu         ] GC(261) User=10.00s Sys=0.00s Real=1.31s
[42.903s][info][gc,start       ] GC(262) Pause Full (Ergonomics)
[42.903s][info][gc,phases,start] GC(262) Marking Phase
[43.935s][info][gc,phases      ] GC(262) Marking Phase 1031.781ms
[43.935s][info][gc,phases,start] GC(262) Summary Phase
[43.935s][info][gc,phases      ] GC(262) Summary Phase 0.050ms
[43.935s][info][gc,phases,start] GC(262) Adjust Roots
[43.935s][info][gc,phases      ] GC(262) Adjust Roots 0.169ms
[43.936s][info][gc,phases,start] GC(262) Compaction Phase
[44.242s][info][gc,phases      ] GC(262) Compaction Phase 306.460ms
[44.242s][info][gc,phases,start] GC(262) Post Compact
[44.248s][info][gc,phases      ] GC(262) Post Compact 6.453ms
[44.249s][info][gc,heap        ] GC(262) PSYoungGen: 64511K(179200K)->64511K(175104K) Eden: 64511K(64512K)->64511K(64512K) From: 0K(114688K)->0K(110592K)
[44.249s][info][gc,heap        ] GC(262) ParOldGen: 4437304K(4437504K)->4437304K(4437504K)
[44.249s][info][gc,metaspace   ] GC(262) Metaspace: 6298K(6464K)->6298K(6464K) NonClass: 5765K(5824K)->5765K(5824K) Class: 533K(640K)->533K(640K)
[44.249s][info][gc             ] GC(262) Pause Full (Ergonomics) 4396M->4396M(4504M) 1345.188ms
[44.249s][info][gc,cpu         ] GC(262) User=10.27s Sys=0.00s Real=1.35s
[44.249s][info][gc,start       ] GC(263) Pause Full (Ergonomics)
[44.249s][info][gc,phases,start] GC(263) Marking Phase
[45.243s][info][gc,phases      ] GC(263) Marking Phase 994.108ms
[45.243s][info][gc,phases,start] GC(263) Summary Phase
[45.243s][info][gc,phases      ] GC(263) Summary Phase 0.049ms
[45.243s][info][gc,phases,start] GC(263) Adjust Roots
[45.243s][info][gc,phases      ] GC(263) Adjust Roots 0.158ms
[45.243s][info][gc,phases,start] GC(263) Compaction Phase
[45.551s][info][gc,phases      ] GC(263) Compaction Phase 308.097ms
[45.551s][info][gc,phases,start] GC(263) Post Compact
[45.558s][info][gc,phases      ] GC(263) Post Compact 6.626ms
[45.558s][info][gc,heap        ] GC(263) PSYoungGen: 64511K(175104K)->64511K(179200K) Eden: 64511K(64512K)->64511K(64512K) From: 0K(110592K)->0K(114688K)
[45.558s][info][gc,heap        ] GC(263) ParOldGen: 4437309K(4437504K)->4437309K(4437504K)
[45.558s][info][gc,metaspace   ] GC(263) Metaspace: 6298K(6464K)->6298K(6464K) NonClass: 5765K(5824K)->5765K(5824K) Class: 533K(640K)->533K(640K)
[45.558s][info][gc             ] GC(263) Pause Full (Ergonomics) 4396M->4396M(4508M) 1309.323ms
[45.558s][info][gc,cpu         ] GC(263) User=10.02s Sys=0.00s Real=1.31s
[45.558s][info][gc,start       ] GC(264) Pause Full (Ergonomics)
[45.558s][info][gc,phases,start] GC(264) Marking Phase
[46.584s][info][gc,phases      ] GC(264) Marking Phase 1025.296ms
[46.584s][info][gc,phases,start] GC(264) Summary Phase
[46.584s][info][gc,phases      ] GC(264) Summary Phase 0.049ms
[46.584s][info][gc,phases,start] GC(264) Adjust Roots
[46.584s][info][gc,phases      ] GC(264) Adjust Roots 0.166ms
[46.584s][info][gc,phases,start] GC(264) Compaction Phase
[46.916s][info][gc,phases      ] GC(264) Compaction Phase 332.488ms
[46.916s][info][gc,phases,start] GC(264) Post Compact
[46.923s][info][gc,phases      ] GC(264) Post Compact 6.467ms
[46.923s][info][gc,heap        ] GC(264) PSYoungGen: 64511K(179200K)->64511K(175104K) Eden: 64511K(64512K)->64511K(64512K) From: 0K(114688K)->0K(110592K)
[46.923s][info][gc,heap        ] GC(264) ParOldGen: 4437314K(4437504K)->4437314K(4437504K)
[46.923s][info][gc,metaspace   ] GC(264) Metaspace: 6298K(6464K)->6298K(6464K) NonClass: 5765K(5824K)->5765K(5824K) Class: 533K(640K)->533K(640K)
[46.923s][info][gc             ] GC(264) Pause Full (Ergonomics) 4396M->4396M(4504M) 1364.748ms
[46.923s][info][gc,cpu         ] GC(264) User=10.08s Sys=0.00s Real=1.36s
[46.923s][info][gc,start       ] GC(265) Pause Full (Ergonomics)
[46.923s][info][gc,phases,start] GC(265) Marking Phase
[47.936s][info][gc,phases      ] GC(265) Marking Phase 1012.891ms
[47.936s][info][gc,phases,start] GC(265) Summary Phase
[47.936s][info][gc,phases      ] GC(265) Summary Phase 0.053ms
[47.936s][info][gc,phases,start] GC(265) Adjust Roots
[47.936s][info][gc,phases      ] GC(265) Adjust Roots 0.192ms
[47.936s][info][gc,phases,start] GC(265) Compaction Phase
[48.239s][info][gc,phases      ] GC(265) Compaction Phase 302.212ms
[48.239s][info][gc,phases,start] GC(265) Post Compact
[48.245s][info][gc,phases      ] GC(265) Post Compact 6.058ms
[48.245s][info][gc,heap        ] GC(265) PSYoungGen: 64511K(175104K)->64511K(179200K) Eden: 64511K(64512K)->64511K(64512K) From: 0K(110592K)->0K(114688K)
[48.245s][info][gc,heap        ] GC(265) ParOldGen: 4437318K(4437504K)->4437318K(4437504K)
[48.245s][info][gc,metaspace   ] GC(265) Metaspace: 6298K(6464K)->6298K(6464K) NonClass: 5765K(5824K)->5765K(5824K) Class: 533K(640K)->533K(640K)
[48.245s][info][gc             ] GC(265) Pause Full (Ergonomics) 4396M->4396M(4508M) 1321.689ms
[48.245s][info][gc,cpu         ] GC(265) User=10.06s Sys=0.00s Real=1.32s
[48.245s][info][gc,start       ] GC(266) Pause Full (Ergonomics)
[48.245s][info][gc,phases,start] GC(266) Marking Phase
[49.280s][info][gc,phases      ] GC(266) Marking Phase 1035.157ms
[49.280s][info][gc,phases,start] GC(266) Summary Phase
[49.280s][info][gc,phases      ] GC(266) Summary Phase 0.049ms
[49.280s][info][gc,phases,start] GC(266) Adjust Roots
[49.280s][info][gc,phases      ] GC(266) Adjust Roots 0.159ms
[49.281s][info][gc,phases,start] GC(266) Compaction Phase
[49.595s][info][gc,phases      ] GC(266) Compaction Phase 314.458ms
[49.595s][info][gc,phases,start] GC(266) Post Compact
[49.602s][info][gc,phases      ] GC(266) Post Compact 6.897ms
[49.602s][info][gc,heap        ] GC(266) PSYoungGen: 64511K(179200K)->64511K(175104K) Eden: 64511K(64512K)->64511K(64512K) From: 0K(114688K)->0K(110592K)
[49.602s][info][gc,heap        ] GC(266) ParOldGen: 4437323K(4437504K)->4437323K(4437504K)
[49.602s][info][gc,metaspace   ] GC(266) Metaspace: 6298K(6464K)->6298K(6464K) NonClass: 5765K(5824K)->5765K(5824K) Class: 533K(640K)->533K(640K)
[49.602s][info][gc             ] GC(266) Pause Full (Ergonomics) 4396M->4396M(4504M) 1357.025ms
[49.602s][info][gc,cpu         ] GC(266) User=10.36s Sys=0.00s Real=1.36s
[49.602s][info][gc,start       ] GC(267) Pause Full (Ergonomics)
[49.602s][info][gc,phases,start] GC(267) Marking Phase
[50.621s][info][gc,phases      ] GC(267) Marking Phase 1018.516ms
[50.621s][info][gc,phases,start] GC(267) Summary Phase
[50.621s][info][gc,phases      ] GC(267) Summary Phase 0.049ms
[50.621s][info][gc,phases,start] GC(267) Adjust Roots
[50.621s][info][gc,phases      ] GC(267) Adjust Roots 0.178ms
[50.621s][info][gc,phases,start] GC(267) Compaction Phase
[50.942s][info][gc,phases      ] GC(267) Compaction Phase 320.654ms
[50.942s][info][gc,phases,start] GC(267) Post Compact
[50.948s][info][gc,phases      ] GC(267) Post Compact 6.480ms
[50.948s][info][gc,heap        ] GC(267) PSYoungGen: 64511K(175104K)->64511K(179200K) Eden: 64511K(64512K)->64511K(64512K) From: 0K(110592K)->0K(114688K)
[50.948s][info][gc,heap        ] GC(267) ParOldGen: 4437328K(4437504K)->4437328K(4437504K)
[50.948s][info][gc,metaspace   ] GC(267) Metaspace: 6298K(6464K)->6298K(6464K) NonClass: 5765K(5824K)->5765K(5824K) Class: 533K(640K)->533K(640K)
[50.948s][info][gc             ] GC(267) Pause Full (Ergonomics) 4396M->4396M(4508M) 1346.177ms
[50.948s][info][gc,cpu         ] GC(267) User=10.27s Sys=0.00s Real=1.35s
[50.949s][info][gc,start       ] GC(268) Pause Full (Ergonomics)
[50.949s][info][gc,phases,start] GC(268) Marking Phase
[51.972s][info][gc,phases      ] GC(268) Marking Phase 1023.395ms
[51.972s][info][gc,phases,start] GC(268) Summary Phase
[51.972s][info][gc,phases      ] GC(268) Summary Phase 0.054ms
[51.972s][info][gc,phases,start] GC(268) Adjust Roots
[51.972s][info][gc,phases      ] GC(268) Adjust Roots 0.166ms
[51.972s][info][gc,phases,start] GC(268) Compaction Phase
[52.286s][info][gc,phases      ] GC(268) Compaction Phase 313.693ms
[52.286s][info][gc,phases,start] GC(268) Post Compact
[52.293s][info][gc,phases      ] GC(268) Post Compact 6.649ms
[52.293s][info][gc,heap        ] GC(268) PSYoungGen: 64511K(179200K)->64511K(175104K) Eden: 64511K(64512K)->64511K(64512K) From: 0K(114688K)->0K(110592K)
[52.293s][info][gc,heap        ] GC(268) ParOldGen: 4437333K(4437504K)->4437333K(4437504K)
[52.293s][info][gc,metaspace   ] GC(268) Metaspace: 6298K(6464K)->6298K(6464K) NonClass: 5765K(5824K)->5765K(5824K) Class: 533K(640K)->533K(640K)
[52.293s][info][gc             ] GC(268) Pause Full (Ergonomics) 4396M->4396M(4504M) 1344.254ms
[52.293s][info][gc,cpu         ] GC(268) User=10.16s Sys=0.00s Real=1.35s
[52.293s][info][gc,start       ] GC(269) Pause Full (Ergonomics)
[52.293s][info][gc,phases,start] GC(269) Marking Phase
[53.302s][info][gc,phases      ] GC(269) Marking Phase 1009.307ms
[53.302s][info][gc,phases,start] GC(269) Summary Phase
[53.303s][info][gc,phases      ] GC(269) Summary Phase 0.054ms
[53.303s][info][gc,phases,start] GC(269) Adjust Roots
[53.303s][info][gc,phases      ] GC(269) Adjust Roots 0.172ms
[53.303s][info][gc,phases,start] GC(269) Compaction Phase
[53.622s][info][gc,phases      ] GC(269) Compaction Phase 318.871ms
[53.622s][info][gc,phases,start] GC(269) Post Compact
[53.629s][info][gc,phases      ] GC(269) Post Compact 7.105ms
[53.629s][info][gc,heap        ] GC(269) PSYoungGen: 64511K(175104K)->64511K(179200K) Eden: 64511K(64512K)->64511K(64512K) From: 0K(110592K)->0K(114688K)
[53.629s][info][gc,heap        ] GC(269) ParOldGen: 4437338K(4437504K)->4437338K(4437504K)
[53.629s][info][gc,metaspace   ] GC(269) Metaspace: 6298K(6464K)->6298K(6464K) NonClass: 5765K(5824K)->5765K(5824K) Class: 533K(640K)->533K(640K)
[53.629s][info][gc             ] GC(269) Pause Full (Ergonomics) 4396M->4396M(4508M) 1335.842ms
[53.629s][info][gc,cpu         ] GC(269) User=10.16s Sys=0.00s Real=1.34s
[53.629s][info][gc,start       ] GC(270) Pause Full (Ergonomics)
[53.629s][info][gc,phases,start] GC(270) Marking Phase
[54.658s][info][gc,phases      ] GC(270) Marking Phase 1028.990ms
[54.658s][info][gc,phases,start] GC(270) Summary Phase
[54.658s][info][gc,phases      ] GC(270) Summary Phase 0.059ms
[54.658s][info][gc,phases,start] GC(270) Adjust Roots
[54.659s][info][gc,phases      ] GC(270) Adjust Roots 0.172ms
[54.659s][info][gc,phases,start] GC(270) Compaction Phase
[54.993s][info][gc,phases      ] GC(270) Compaction Phase 334.758ms
[54.993s][info][gc,phases,start] GC(270) Post Compact
[55.001s][info][gc,phases      ] GC(270) Post Compact 7.271ms
[55.001s][info][gc,heap        ] GC(270) PSYoungGen: 64511K(179200K)->64511K(175104K) Eden: 64511K(64512K)->64511K(64512K) From: 0K(114688K)->0K(110592K)
[55.001s][info][gc,heap        ] GC(270) ParOldGen: 4437343K(4437504K)->4437343K(4437504K)
[55.001s][info][gc,metaspace   ] GC(270) Metaspace: 6298K(6464K)->6298K(6464K) NonClass: 5765K(5824K)->5765K(5824K) Class: 533K(640K)->533K(640K)
[55.001s][info][gc             ] GC(270) Pause Full (Ergonomics) 4396M->4396M(4504M) 1371.624ms
[55.001s][info][gc,cpu         ] GC(270) User=10.22s Sys=0.00s Real=1.37s
[55.001s][info][gc,start       ] GC(271) Pause Full (Ergonomics)
[55.001s][info][gc,phases,start] GC(271) Marking Phase
[56.015s][info][gc,phases      ] GC(271) Marking Phase 1014.030ms
[56.015s][info][gc,phases,start] GC(271) Summary Phase
[56.015s][info][gc,phases      ] GC(271) Summary Phase 0.053ms
[56.015s][info][gc,phases,start] GC(271) Adjust Roots
[56.015s][info][gc,phases      ] GC(271) Adjust Roots 0.203ms
[56.015s][info][gc,phases,start] GC(271) Compaction Phase
[56.343s][info][gc,phases      ] GC(271) Compaction Phase 327.289ms
[56.343s][info][gc,phases,start] GC(271) Post Compact
[56.350s][info][gc,phases      ] GC(271) Post Compact 6.769ms
[56.350s][info][gc,heap        ] GC(271) PSYoungGen: 64511K(175104K)->64511K(179200K) Eden: 64511K(64512K)->64511K(64512K) From: 0K(110592K)->0K(114688K)
[56.350s][info][gc,heap        ] GC(271) ParOldGen: 4437347K(4437504K)->4437347K(4437504K)
[56.350s][info][gc,metaspace   ] GC(271) Metaspace: 6298K(6464K)->6298K(6464K) NonClass: 5765K(5824K)->5765K(5824K) Class: 533K(640K)->533K(640K)
[56.350s][info][gc             ] GC(271) Pause Full (Ergonomics) 4396M->4396M(4508M) 1348.655ms
[56.350s][info][gc,cpu         ] GC(271) User=10.12s Sys=0.00s Real=1.35s
[56.350s][info][gc,start       ] GC(272) Pause Full (Ergonomics)
[56.350s][info][gc,phases,start] GC(272) Marking Phase
[57.393s][info][gc,phases      ] GC(272) Marking Phase 1043.022ms
[57.393s][info][gc,phases,start] GC(272) Summary Phase
[57.393s][info][gc,phases      ] GC(272) Summary Phase 0.081ms
[57.393s][info][gc,phases,start] GC(272) Adjust Roots
[57.393s][info][gc,phases      ] GC(272) Adjust Roots 0.241ms
[57.393s][info][gc,phases,start] GC(272) Compaction Phase
[57.729s][info][gc,phases      ] GC(272) Compaction Phase 335.396ms
[57.729s][info][gc,phases,start] GC(272) Post Compact
[57.736s][info][gc,phases      ] GC(272) Post Compact 7.213ms
[57.736s][info][gc,heap        ] GC(272) PSYoungGen: 64511K(179200K)->64511K(175104K) Eden: 64511K(64512K)->64511K(64512K) From: 0K(114688K)->0K(110592K)
[57.736s][info][gc,heap        ] GC(272) ParOldGen: 4437352K(4437504K)->4437352K(4437504K)
[57.736s][info][gc,metaspace   ] GC(272) Metaspace: 6298K(6464K)->6298K(6464K) NonClass: 5765K(5824K)->5765K(5824K) Class: 533K(640K)->533K(640K)
[57.736s][info][gc             ] GC(272) Pause Full (Ergonomics) 4396M->4396M(4504M) 1386.336ms
[57.736s][info][gc,cpu         ] GC(272) User=10.53s Sys=0.00s Real=1.39s
[57.736s][info][gc,start       ] GC(273) Pause Full (Ergonomics)
[57.736s][info][gc,phases,start] GC(273) Marking Phase
[58.774s][info][gc,phases      ] GC(273) Marking Phase 1037.840ms
[58.774s][info][gc,phases,start] GC(273) Summary Phase
[58.774s][info][gc,phases      ] GC(273) Summary Phase 0.050ms
[58.774s][info][gc,phases,start] GC(273) Adjust Roots
[58.775s][info][gc,phases      ] GC(273) Adjust Roots 0.174ms
[58.775s][info][gc,phases,start] GC(273) Compaction Phase
[59.094s][info][gc,phases      ] GC(273) Compaction Phase 319.121ms
[59.094s][info][gc,phases,start] GC(273) Post Compact
[59.104s][info][gc,phases      ] GC(273) Post Compact 10.351ms
[59.104s][info][gc,heap        ] GC(273) PSYoungGen: 64511K(175104K)->64511K(179200K) Eden: 64511K(64512K)->64511K(64512K) From: 0K(110592K)->0K(114688K)
[59.104s][info][gc,heap        ] GC(273) ParOldGen: 4437357K(4437504K)->4437357K(4437504K)
[59.104s][info][gc,metaspace   ] GC(273) Metaspace: 6298K(6464K)->6298K(6464K) NonClass: 5765K(5824K)->5765K(5824K) Class: 533K(640K)->533K(640K)
[59.104s][info][gc             ] GC(273) Pause Full (Ergonomics) 4396M->4396M(4508M) 1367.910ms
[59.104s][info][gc,cpu         ] GC(273) User=10.36s Sys=0.00s Real=1.37s
[59.105s][info][gc,start       ] GC(274) Pause Full (Ergonomics)
[59.105s][info][gc,phases,start] GC(274) Marking Phase
[60.123s][info][gc,phases      ] GC(274) Marking Phase 1017.924ms
[60.123s][info][gc,phases,start] GC(274) Summary Phase
[60.123s][info][gc,phases      ] GC(274) Summary Phase 0.061ms
[60.123s][info][gc,phases,start] GC(274) Adjust Roots
[60.123s][info][gc,phases      ] GC(274) Adjust Roots 0.266ms
[60.123s][info][gc,phases,start] GC(274) Compaction Phase
[60.454s][info][gc,phases      ] GC(274) Compaction Phase 331.148ms
[60.454s][info][gc,phases,start] GC(274) Post Compact
[60.461s][info][gc,phases      ] GC(274) Post Compact 7.029ms
[60.461s][info][gc,heap        ] GC(274) PSYoungGen: 64511K(179200K)->64511K(175104K) Eden: 64511K(64512K)->64511K(64512K) From: 0K(114688K)->0K(110592K)
[60.461s][info][gc,heap        ] GC(274) ParOldGen: 4437362K(4437504K)->4437362K(4437504K)
[60.461s][info][gc,metaspace   ] GC(274) Metaspace: 6298K(6464K)->6298K(6464K) NonClass: 5765K(5824K)->5765K(5824K) Class: 533K(640K)->533K(640K)
[60.461s][info][gc             ] GC(274) Pause Full (Ergonomics) 4396M->4396M(4504M) 1356.721ms
[60.461s][info][gc,cpu         ] GC(274) User=10.39s Sys=0.00s Real=1.36s
[60.461s][info][gc,start       ] GC(275) Pause Full (Ergonomics)
[60.462s][info][gc,phases,start] GC(275) Marking Phase
[61.492s][info][gc,phases      ] GC(275) Marking Phase 1030.360ms
[61.492s][info][gc,phases,start] GC(275) Summary Phase
[61.492s][info][gc,phases      ] GC(275) Summary Phase 0.062ms
[61.492s][info][gc,phases,start] GC(275) Adjust Roots
[61.492s][info][gc,phases      ] GC(275) Adjust Roots 0.230ms
[61.492s][info][gc,phases,start] GC(275) Compaction Phase
[61.848s][info][gc,phases      ] GC(275) Compaction Phase 355.313ms
[61.848s][info][gc,phases,start] GC(275) Post Compact
[61.855s][info][gc,phases      ] GC(275) Post Compact 6.892ms
[61.855s][info][gc,heap        ] GC(275) PSYoungGen: 64511K(175104K)->64511K(179200K) Eden: 64511K(64512K)->64511K(64512K) From: 0K(110592K)->0K(114688K)
[61.855s][info][gc,heap        ] GC(275) ParOldGen: 4437367K(4437504K)->4437367K(4437504K)
[61.855s][info][gc,metaspace   ] GC(275) Metaspace: 6298K(6464K)->6298K(6464K) NonClass: 5765K(5824K)->5765K(5824K) Class: 533K(640K)->533K(640K)
[61.855s][info][gc             ] GC(275) Pause Full (Ergonomics) 4396M->4396M(4508M) 1393.157ms
[61.855s][info][gc,cpu         ] GC(275) User=10.36s Sys=0.00s Real=1.39s
[61.855s][info][gc,start       ] GC(276) Pause Full (Ergonomics)
[61.855s][info][gc,phases,start] GC(276) Marking Phase
[62.882s][info][gc,phases      ] GC(276) Marking Phase 1027.047ms
[62.882s][info][gc,phases,start] GC(276) Summary Phase
[62.882s][info][gc,phases      ] GC(276) Summary Phase 0.066ms
[62.882s][info][gc,phases,start] GC(276) Adjust Roots
[62.882s][info][gc,phases      ] GC(276) Adjust Roots 0.205ms
[62.882s][info][gc,phases,start] GC(276) Compaction Phase
[63.245s][info][gc,phases      ] GC(276) Compaction Phase 363.133ms
[63.246s][info][gc,phases,start] GC(276) Post Compact
[63.253s][info][gc,phases      ] GC(276) Post Compact 7.583ms
[63.253s][info][gc,heap        ] GC(276) PSYoungGen: 64511K(179200K)->64511K(175104K) Eden: 64511K(64512K)->64511K(64512K) From: 0K(114688K)->0K(110592K)
[63.253s][info][gc,heap        ] GC(276) ParOldGen: 4437372K(4437504K)->4437372K(4437504K)
[63.253s][info][gc,metaspace   ] GC(276) Metaspace: 6298K(6464K)->6298K(6464K) NonClass: 5765K(5824K)->5765K(5824K) Class: 533K(640K)->533K(640K)
[63.253s][info][gc             ] GC(276) Pause Full (Ergonomics) 4396M->4396M(4504M) 1398.412ms
[63.253s][info][gc,cpu         ] GC(276) User=10.47s Sys=0.00s Real=1.40s
[63.253s][info][gc,start       ] GC(277) Pause Full (Ergonomics)
[63.254s][info][gc,phases,start] GC(277) Marking Phase
[64.292s][info][gc,phases      ] GC(277) Marking Phase 1038.430ms
[64.292s][info][gc,phases,start] GC(277) Summary Phase
[64.292s][info][gc,phases      ] GC(277) Summary Phase 0.061ms
[64.292s][info][gc,phases,start] GC(277) Adjust Roots
[64.292s][info][gc,phases      ] GC(277) Adjust Roots 0.207ms
[64.292s][info][gc,phases,start] GC(277) Compaction Phase
[64.693s][info][gc,phases      ] GC(277) Compaction Phase 400.983ms
[64.693s][info][gc,phases,start] GC(277) Post Compact
[64.701s][info][gc,phases      ] GC(277) Post Compact 7.605ms
[64.701s][info][gc,heap        ] GC(277) PSYoungGen: 64511K(175104K)->64511K(179200K) Eden: 64511K(64512K)->64511K(64512K) From: 0K(110592K)->0K(114688K)
[64.701s][info][gc,heap        ] GC(277) ParOldGen: 4437376K(4437504K)->4437376K(4437504K)
[64.701s][info][gc,metaspace   ] GC(277) Metaspace: 6298K(6464K)->6298K(6464K) NonClass: 5765K(5824K)->5765K(5824K) Class: 533K(640K)->533K(640K)
[64.701s][info][gc             ] GC(277) Pause Full (Ergonomics) 4396M->4396M(4508M) 1447.623ms
[64.701s][info][gc,cpu         ] GC(277) User=10.48s Sys=0.02s Real=1.45s
[64.701s][info][gc,start       ] GC(278) Pause Full (Ergonomics)
[64.701s][info][gc,phases,start] GC(278) Marking Phase
[65.775s][info][gc,phases      ] GC(278) Marking Phase 1074.132ms
[65.776s][info][gc,phases,start] GC(278) Summary Phase
[65.776s][info][gc,phases      ] GC(278) Summary Phase 0.057ms
[65.776s][info][gc,phases,start] GC(278) Adjust Roots
[65.776s][info][gc,phases      ] GC(278) Adjust Roots 0.200ms
[65.776s][info][gc,phases,start] GC(278) Compaction Phase
[66.120s][info][gc,phases      ] GC(278) Compaction Phase 343.676ms
[66.120s][info][gc,phases,start] GC(278) Post Compact
[66.127s][info][gc,phases      ] GC(278) Post Compact 7.535ms
[66.127s][info][gc,heap        ] GC(278) PSYoungGen: 64511K(179200K)->64511K(175104K) Eden: 64511K(64512K)->64511K(64512K) From: 0K(114688K)->0K(110592K)
[66.127s][info][gc,heap        ] GC(278) ParOldGen: 4437381K(4437504K)->4437381K(4437504K)
[66.127s][info][gc,metaspace   ] GC(278) Metaspace: 6298K(6464K)->6298K(6464K) NonClass: 5765K(5824K)->5765K(5824K) Class: 533K(640K)->533K(640K)
[66.127s][info][gc             ] GC(278) Pause Full (Ergonomics) 4396M->4396M(4504M) 1425.954ms
[66.127s][info][gc,cpu         ] GC(278) User=10.83s Sys=0.00s Real=1.43s
[66.127s][info][gc,start       ] GC(279) Pause Full (Ergonomics)
[66.127s][info][gc,phases,start] GC(279) Marking Phase
[67.219s][info][gc,phases      ] GC(279) Marking Phase 1091.398ms
[67.219s][info][gc,phases,start] GC(279) Summary Phase
[67.219s][info][gc,phases      ] GC(279) Summary Phase 0.054ms
[67.219s][info][gc,phases,start] GC(279) Adjust Roots
[67.219s][info][gc,phases      ] GC(279) Adjust Roots 0.176ms
[67.219s][info][gc,phases,start] GC(279) Compaction Phase
[67.561s][info][gc,phases      ] GC(279) Compaction Phase 341.886ms
[67.561s][info][gc,phases,start] GC(279) Post Compact
[67.568s][info][gc,phases      ] GC(279) Post Compact 6.514ms
[67.568s][info][gc,heap        ] GC(279) PSYoungGen: 64511K(175104K)->64511K(179200K) Eden: 64511K(64512K)->64511K(64512K) From: 0K(110592K)->0K(114688K)
[67.568s][info][gc,heap        ] GC(279) ParOldGen: 4437386K(4437504K)->4437386K(4437504K)
[67.568s][info][gc,metaspace   ] GC(279) Metaspace: 6298K(6464K)->6298K(6464K) NonClass: 5765K(5824K)->5765K(5824K) Class: 533K(640K)->533K(640K)
[67.568s][info][gc             ] GC(279) Pause Full (Ergonomics) 4396M->4396M(4508M) 1440.316ms
[67.568s][info][gc,cpu         ] GC(279) User=10.48s Sys=0.00s Real=1.44s
[67.568s][info][gc,start       ] GC(280) Pause Full (Ergonomics)
[67.568s][info][gc,phases,start] GC(280) Marking Phase
[68.630s][info][gc,phases      ] GC(280) Marking Phase 1061.840ms
[68.630s][info][gc,phases,start] GC(280) Summary Phase
[68.630s][info][gc,phases      ] GC(280) Summary Phase 0.095ms
[68.630s][info][gc,phases,start] GC(280) Adjust Roots
[68.630s][info][gc,phases      ] GC(280) Adjust Roots 0.281ms
[68.630s][info][gc,phases,start] GC(280) Compaction Phase
[68.970s][info][gc,phases      ] GC(280) Compaction Phase 340.027ms
[68.970s][info][gc,phases,start] GC(280) Post Compact
[68.977s][info][gc,phases      ] GC(280) Post Compact 6.454ms
[68.977s][info][gc,heap        ] GC(280) PSYoungGen: 64511K(179200K)->64511K(175104K) Eden: 64511K(64512K)->64511K(64512K) From: 0K(114688K)->0K(110592K)
[68.977s][info][gc,heap        ] GC(280) ParOldGen: 4437391K(4437504K)->4437391K(4437504K)
[68.977s][info][gc,metaspace   ] GC(280) Metaspace: 6298K(6464K)->6298K(6464K) NonClass: 5765K(5824K)->5765K(5824K) Class: 533K(640K)->533K(640K)
[68.977s][info][gc             ] GC(280) Pause Full (Ergonomics) 4396M->4396M(4504M) 1409.024ms
[68.977s][info][gc,cpu         ] GC(280) User=10.67s Sys=0.00s Real=1.41s
[68.977s][info][gc,start       ] GC(281) Pause Full (Ergonomics)
[68.977s][info][gc,phases,start] GC(281) Marking Phase
[70.030s][info][gc,phases      ] GC(281) Marking Phase 1052.690ms
[70.030s][info][gc,phases,start] GC(281) Summary Phase
[70.030s][info][gc,phases      ] GC(281) Summary Phase 0.050ms
[70.030s][info][gc,phases,start] GC(281) Adjust Roots
[70.030s][info][gc,phases      ] GC(281) Adjust Roots 0.180ms
[70.030s][info][gc,phases,start] GC(281) Compaction Phase
[70.412s][info][gc,phases      ] GC(281) Compaction Phase 381.672ms
[70.412s][info][gc,phases,start] GC(281) Post Compact
[70.418s][info][gc,phases      ] GC(281) Post Compact 6.372ms
[70.418s][info][gc,heap        ] GC(281) PSYoungGen: 64511K(175104K)->64511K(179200K) Eden: 64511K(64512K)->64511K(64512K) From: 0K(110592K)->0K(114688K)
[70.418s][info][gc,heap        ] GC(281) ParOldGen: 4437396K(4437504K)->4437396K(4437504K)
[70.418s][info][gc,metaspace   ] GC(281) Metaspace: 6298K(6464K)->6298K(6464K) NonClass: 5765K(5824K)->5765K(5824K) Class: 533K(640K)->533K(640K)
[70.418s][info][gc             ] GC(281) Pause Full (Ergonomics) 4396M->4396M(4508M) 1441.229ms
[70.418s][info][gc,cpu         ] GC(281) User=10.70s Sys=0.03s Real=1.44s
[70.419s][info][gc,start       ] GC(282) Pause Full (Ergonomics)
[70.419s][info][gc,phases,start] GC(282) Marking Phase
[71.496s][info][gc,phases      ] GC(282) Marking Phase 1077.244ms
[71.496s][info][gc,phases,start] GC(282) Summary Phase
[71.496s][info][gc,phases      ] GC(282) Summary Phase 0.050ms
[71.496s][info][gc,phases,start] GC(282) Adjust Roots
[71.496s][info][gc,phases      ] GC(282) Adjust Roots 0.169ms
[71.496s][info][gc,phases,start] GC(282) Compaction Phase
[71.833s][info][gc,phases      ] GC(282) Compaction Phase 337.197ms
[71.833s][info][gc,phases,start] GC(282) Post Compact
[71.840s][info][gc,phases      ] GC(282) Post Compact 6.386ms
[71.840s][info][gc,heap        ] GC(282) PSYoungGen: 64511K(179200K)->64511K(175104K) Eden: 64511K(64512K)->64511K(64512K) From: 0K(114688K)->0K(110592K)
[71.840s][info][gc,heap        ] GC(282) ParOldGen: 4437401K(4437504K)->4437401K(4437504K)
[71.840s][info][gc,metaspace   ] GC(282) Metaspace: 6298K(6464K)->6298K(6464K) NonClass: 5765K(5824K)->5765K(5824K) Class: 533K(640K)->533K(640K)
[71.840s][info][gc             ] GC(282) Pause Full (Ergonomics) 4396M->4396M(4504M) 1421.341ms
[71.840s][info][gc,cpu         ] GC(282) User=11.02s Sys=0.00s Real=1.42s
[71.840s][info][gc,start       ] GC(283) Pause Full (Ergonomics)
[71.840s][info][gc,phases,start] GC(283) Marking Phase
[72.916s][info][gc,phases      ] GC(283) Marking Phase 1075.625ms
[72.916s][info][gc,phases,start] GC(283) Summary Phase
[72.916s][info][gc,phases      ] GC(283) Summary Phase 0.084ms
[72.916s][info][gc,phases,start] GC(283) Adjust Roots
[72.916s][info][gc,phases      ] GC(283) Adjust Roots 0.243ms
[72.916s][info][gc,phases,start] GC(283) Compaction Phase
[73.269s][info][gc,phases      ] GC(283) Compaction Phase 353.082ms
[73.269s][info][gc,phases,start] GC(283) Post Compact
[73.276s][info][gc,phases      ] GC(283) Post Compact 6.547ms
[73.276s][info][gc,heap        ] GC(283) PSYoungGen: 64511K(175104K)->64511K(179200K) Eden: 64511K(64512K)->64511K(64512K) From: 0K(110592K)->0K(114688K)
[73.276s][info][gc,heap        ] GC(283) ParOldGen: 4437405K(4437504K)->4437405K(4437504K)
[73.276s][info][gc,metaspace   ] GC(283) Metaspace: 6298K(6464K)->6298K(6464K) NonClass: 5765K(5824K)->5765K(5824K) Class: 533K(640K)->533K(640K)
[73.276s][info][gc             ] GC(283) Pause Full (Ergonomics) 4396M->4396M(4508M) 1435.867ms
[73.276s][info][gc,cpu         ] GC(283) User=10.91s Sys=0.02s Real=1.44s
[73.276s][info][gc,start       ] GC(284) Pause Full (Ergonomics)
[73.276s][info][gc,phases,start] GC(284) Marking Phase
[74.321s][info][gc,phases      ] GC(284) Marking Phase 1044.401ms
[74.321s][info][gc,phases,start] GC(284) Summary Phase
[74.321s][info][gc,phases      ] GC(284) Summary Phase 0.050ms
[74.321s][info][gc,phases,start] GC(284) Adjust Roots
[74.321s][info][gc,phases      ] GC(284) Adjust Roots 0.163ms
[74.321s][info][gc,phases,start] GC(284) Compaction Phase
[74.695s][info][gc,phases      ] GC(284) Compaction Phase 374.002ms
[74.695s][info][gc,phases,start] GC(284) Post Compact
[74.701s][info][gc,phases      ] GC(284) Post Compact 6.454ms
[74.701s][info][gc,heap        ] GC(284) PSYoungGen: 64511K(179200K)->64511K(175104K) Eden: 64511K(64512K)->64511K(64512K) From: 0K(114688K)->0K(110592K)
[74.701s][info][gc,heap        ] GC(284) ParOldGen: 4437410K(4437504K)->4437410K(4437504K)
[74.701s][info][gc,metaspace   ] GC(284) Metaspace: 6298K(6464K)->6298K(6464K) NonClass: 5765K(5824K)->5765K(5824K) Class: 533K(640K)->533K(640K)
[74.702s][info][gc             ] GC(284) Pause Full (Ergonomics) 4396M->4396M(4504M) 1425.372ms
[74.702s][info][gc,cpu         ] GC(284) User=10.64s Sys=0.00s Real=1.42s
[74.702s][info][gc,start       ] GC(285) Pause Full (Ergonomics)
[74.702s][info][gc,phases,start] GC(285) Marking Phase
[75.777s][info][gc,phases      ] GC(285) Marking Phase 1075.636ms
[75.777s][info][gc,phases,start] GC(285) Summary Phase
[75.777s][info][gc,phases      ] GC(285) Summary Phase 0.050ms
[75.777s][info][gc,phases,start] GC(285) Adjust Roots
[75.778s][info][gc,phases      ] GC(285) Adjust Roots 0.163ms
[75.778s][info][gc,phases,start] GC(285) Compaction Phase
[76.135s][info][gc,phases      ] GC(285) Compaction Phase 357.367ms
[76.135s][info][gc,phases,start] GC(285) Post Compact
[76.142s][info][gc,phases      ] GC(285) Post Compact 6.653ms
[76.142s][info][gc,heap        ] GC(285) PSYoungGen: 64511K(175104K)->64511K(179200K) Eden: 64511K(64512K)->64511K(64512K) From: 0K(110592K)->0K(114688K)
[76.142s][info][gc,heap        ] GC(285) ParOldGen: 4437415K(4437504K)->4437415K(4437504K)
[76.142s][info][gc,metaspace   ] GC(285) Metaspace: 6298K(6464K)->6298K(6464K) NonClass: 5765K(5824K)->5765K(5824K) Class: 533K(640K)->533K(640K)
[76.142s][info][gc             ] GC(285) Pause Full (Ergonomics) 4396M->4396M(4508M) 1440.165ms
[76.142s][info][gc,cpu         ] GC(285) User=11.09s Sys=0.00s Real=1.44s
[76.142s][info][gc,start       ] GC(286) Pause Full (Ergonomics)
[76.142s][info][gc,phases,start] GC(286) Marking Phase
[77.229s][info][gc,phases      ] GC(286) Marking Phase 1086.685ms
[77.229s][info][gc,phases,start] GC(286) Summary Phase
[77.229s][info][gc,phases      ] GC(286) Summary Phase 0.050ms
[77.229s][info][gc,phases,start] GC(286) Adjust Roots
[77.229s][info][gc,phases      ] GC(286) Adjust Roots 0.165ms
[77.229s][info][gc,phases,start] GC(286) Compaction Phase
[77.565s][info][gc,phases      ] GC(286) Compaction Phase 335.903ms
[77.565s][info][gc,phases,start] GC(286) Post Compact
[77.571s][info][gc,phases      ] GC(286) Post Compact 6.071ms
[77.571s][info][gc,heap        ] GC(286) PSYoungGen: 64511K(179200K)->64511K(175104K) Eden: 64511K(64512K)->64511K(64512K) From: 0K(114688K)->0K(110592K)
[77.571s][info][gc,heap        ] GC(286) ParOldGen: 4437420K(4437504K)->4437420K(4437504K)
[77.571s][info][gc,metaspace   ] GC(286) Metaspace: 6298K(6464K)->6298K(6464K) NonClass: 5765K(5824K)->5765K(5824K) Class: 533K(640K)->533K(640K)
[77.571s][info][gc             ] GC(286) Pause Full (Ergonomics) 4396M->4396M(4504M) 1429.172ms
[77.571s][info][gc,cpu         ] GC(286) User=10.95s Sys=0.00s Real=1.43s
[77.571s][info][gc,start       ] GC(287) Pause Full (Ergonomics)
[77.571s][info][gc,phases,start] GC(287) Marking Phase
[78.647s][info][gc,phases      ] GC(287) Marking Phase 1075.233ms
[78.647s][info][gc,phases,start] GC(287) Summary Phase
[78.647s][info][gc,phases      ] GC(287) Summary Phase 0.051ms
[78.647s][info][gc,phases,start] GC(287) Adjust Roots
[78.647s][info][gc,phases      ] GC(287) Adjust Roots 0.165ms
[78.647s][info][gc,phases,start] GC(287) Compaction Phase
[79.000s][info][gc,phases      ] GC(287) Compaction Phase 352.660ms
[79.000s][info][gc,phases,start] GC(287) Post Compact
[79.007s][info][gc,phases      ] GC(287) Post Compact 7.020ms
[79.007s][info][gc,heap        ] GC(287) PSYoungGen: 64511K(175104K)->64511K(179200K) Eden: 64511K(64512K)->64511K(64512K) From: 0K(110592K)->0K(114688K)
[79.007s][info][gc,heap        ] GC(287) ParOldGen: 4437425K(4437504K)->4437425K(4437504K)
[79.007s][info][gc,metaspace   ] GC(287) Metaspace: 6298K(6464K)->6298K(6464K) NonClass: 5765K(5824K)->5765K(5824K) Class: 533K(640K)->533K(640K)
[79.007s][info][gc             ] GC(287) Pause Full (Ergonomics) 4396M->4396M(4508M) 1435.417ms
[79.007s][info][gc,cpu         ] GC(287) User=10.83s Sys=0.02s Real=1.43s
[79.007s][info][gc,start       ] GC(288) Pause Full (Ergonomics)
[79.007s][info][gc,phases,start] GC(288) Marking Phase
[80.129s][info][gc,phases      ] GC(288) Marking Phase 1121.480ms
[80.129s][info][gc,phases,start] GC(288) Summary Phase
[80.129s][info][gc,phases      ] GC(288) Summary Phase 0.050ms
[80.129s][info][gc,phases,start] GC(288) Adjust Roots
[80.129s][info][gc,phases      ] GC(288) Adjust Roots 0.163ms
[80.129s][info][gc,phases,start] GC(288) Compaction Phase
[80.474s][info][gc,phases      ] GC(288) Compaction Phase 344.921ms
[80.474s][info][gc,phases,start] GC(288) Post Compact
[80.480s][info][gc,phases      ] GC(288) Post Compact 6.405ms
[80.480s][info][gc,heap        ] GC(288) PSYoungGen: 64511K(179200K)->64511K(175104K) Eden: 64511K(64512K)->64511K(64512K) From: 0K(114688K)->0K(110592K)
[80.480s][info][gc,heap        ] GC(288) ParOldGen: 4437430K(4437504K)->4437430K(4437504K)
[80.480s][info][gc,metaspace   ] GC(288) Metaspace: 6298K(6464K)->6298K(6464K) NonClass: 5765K(5824K)->5765K(5824K) Class: 533K(640K)->533K(640K)
[80.480s][info][gc             ] GC(288) Pause Full (Ergonomics) 4396M->4396M(4504M) 1473.330ms
[80.480s][info][gc,cpu         ] GC(288) User=11.23s Sys=0.00s Real=1.47s
[80.481s][info][gc,start       ] GC(289) Pause Full (Ergonomics)
[80.481s][info][gc,phases,start] GC(289) Marking Phase
[81.580s][info][gc,phases      ] GC(289) Marking Phase 1099.345ms
[81.580s][info][gc,phases,start] GC(289) Summary Phase
[81.580s][info][gc,phases      ] GC(289) Summary Phase 0.089ms
[81.580s][info][gc,phases,start] GC(289) Adjust Roots
[81.580s][info][gc,phases      ] GC(289) Adjust Roots 0.184ms
[81.580s][info][gc,phases,start] GC(289) Compaction Phase
[81.957s][info][gc,phases      ] GC(289) Compaction Phase 376.871ms
[81.957s][info][gc,phases,start] GC(289) Post Compact
[81.964s][info][gc,phases      ] GC(289) Post Compact 6.390ms
[81.964s][info][gc,heap        ] GC(289) PSYoungGen: 64511K(175104K)->64511K(179200K) Eden: 64511K(64512K)->64511K(64512K) From: 0K(110592K)->0K(114688K)
[81.964s][info][gc,heap        ] GC(289) ParOldGen: 4437434K(4437504K)->4437434K(4437504K)
[81.964s][info][gc,metaspace   ] GC(289) Metaspace: 6298K(6464K)->6298K(6464K) NonClass: 5765K(5824K)->5765K(5824K) Class: 533K(640K)->533K(640K)
[81.964s][info][gc             ] GC(289) Pause Full (Ergonomics) 4396M->4396M(4508M) 1483.183ms
[81.964s][info][gc,cpu         ] GC(289) User=10.91s Sys=0.02s Real=1.48s
[81.964s][info][gc,start       ] GC(290) Pause Full (Ergonomics)
[81.964s][info][gc,phases,start] GC(290) Marking Phase
[83.075s][info][gc,phases      ] GC(290) Marking Phase 1110.897ms
[83.075s][info][gc,phases,start] GC(290) Summary Phase
[83.075s][info][gc,phases      ] GC(290) Summary Phase 0.050ms
[83.075s][info][gc,phases,start] GC(290) Adjust Roots
[83.075s][info][gc,phases      ] GC(290) Adjust Roots 0.163ms
[83.075s][info][gc,phases,start] GC(290) Compaction Phase
[83.469s][info][gc,phases      ] GC(290) Compaction Phase 394.245ms
[83.470s][info][gc,phases,start] GC(290) Post Compact
[83.476s][info][gc,phases      ] GC(290) Post Compact 6.565ms
[83.476s][info][gc,heap        ] GC(290) PSYoungGen: 64511K(179200K)->64511K(175104K) Eden: 64511K(64512K)->64511K(64512K) From: 0K(114688K)->0K(110592K)
[83.476s][info][gc,heap        ] GC(290) ParOldGen: 4437439K(4437504K)->4437439K(4437504K)
[83.476s][info][gc,metaspace   ] GC(290) Metaspace: 6298K(6464K)->6298K(6464K) NonClass: 5765K(5824K)->5765K(5824K) Class: 533K(640K)->533K(640K)
[83.476s][info][gc             ] GC(290) Pause Full (Ergonomics) 4396M->4396M(4504M) 1512.182ms
[83.476s][info][gc,cpu         ] GC(290) User=11.20s Sys=0.02s Real=1.51s
[83.476s][info][gc,start       ] GC(291) Pause Full (Ergonomics)
[83.476s][info][gc,phases,start] GC(291) Marking Phase
[84.598s][info][gc,phases      ] GC(291) Marking Phase 1122.022ms
[84.598s][info][gc,phases,start] GC(291) Summary Phase
[84.598s][info][gc,phases      ] GC(291) Summary Phase 0.050ms
[84.599s][info][gc,phases,start] GC(291) Adjust Roots
[84.599s][info][gc,phases      ] GC(291) Adjust Roots 0.173ms
[84.599s][info][gc,phases,start] GC(291) Compaction Phase
[84.937s][info][gc,phases      ] GC(291) Compaction Phase 338.648ms
[84.937s][info][gc,phases,start] GC(291) Post Compact
[84.944s][info][gc,phases      ] GC(291) Post Compact 6.477ms
[84.944s][info][gc,heap        ] GC(291) PSYoungGen: 64511K(175104K)->64511K(179200K) Eden: 64511K(64512K)->64511K(64512K) From: 0K(110592K)->0K(114688K)
[84.944s][info][gc,heap        ] GC(291) ParOldGen: 4437444K(4437504K)->4437444K(4437504K)
[84.944s][info][gc,metaspace   ] GC(291) Metaspace: 6298K(6464K)->6298K(6464K) NonClass: 5765K(5824K)->5765K(5824K) Class: 533K(640K)->533K(640K)
[84.944s][info][gc             ] GC(291) Pause Full (Ergonomics) 4396M->4396M(4508M) 1467.676ms
[84.944s][info][gc,cpu         ] GC(291) User=11.31s Sys=0.00s Real=1.47s
[84.944s][info][gc,start       ] GC(292) Pause Full (Ergonomics)
[84.944s][info][gc,phases,start] GC(292) Marking Phase
[86.077s][info][gc,phases      ] GC(292) Marking Phase 1132.373ms
[86.077s][info][gc,phases,start] GC(292) Summary Phase
[86.077s][info][gc,phases      ] GC(292) Summary Phase 0.050ms
[86.077s][info][gc,phases,start] GC(292) Adjust Roots
[86.077s][info][gc,phases      ] GC(292) Adjust Roots 0.170ms
[86.077s][info][gc,phases,start] GC(292) Compaction Phase
[86.392s][info][gc,phases      ] GC(292) Compaction Phase 314.709ms
[86.392s][info][gc,phases,start] GC(292) Post Compact
[86.398s][info][gc,phases      ] GC(292) Post Compact 6.392ms
[86.398s][info][gc,heap        ] GC(292) PSYoungGen: 64511K(179200K)->64511K(175104K) Eden: 64511K(64512K)->64511K(64512K) From: 0K(114688K)->0K(110592K)
[86.398s][info][gc,heap        ] GC(292) ParOldGen: 4437449K(4437504K)->4437449K(4437504K)
[86.398s][info][gc,metaspace   ] GC(292) Metaspace: 6298K(6464K)->6298K(6464K) NonClass: 5765K(5824K)->5765K(5824K) Class: 533K(640K)->533K(640K)
[86.398s][info][gc             ] GC(292) Pause Full (Ergonomics) 4396M->4396M(4504M) 1453.996ms
[86.398s][info][gc,cpu         ] GC(292) User=11.20s Sys=0.00s Real=1.45s
[86.398s][info][gc,start       ] GC(293) Pause Full (Ergonomics)
[86.398s][info][gc,phases,start] GC(293) Marking Phase
[87.509s][info][gc,phases      ] GC(293) Marking Phase 1110.997ms
[87.509s][info][gc,phases,start] GC(293) Summary Phase
[87.510s][info][gc,phases      ] GC(293) Summary Phase 0.049ms
[87.510s][info][gc,phases,start] GC(293) Adjust Roots
[87.510s][info][gc,phases      ] GC(293) Adjust Roots 0.164ms
[87.510s][info][gc,phases,start] GC(293) Compaction Phase
[87.832s][info][gc,phases      ] GC(293) Compaction Phase 322.662ms
[87.832s][info][gc,phases,start] GC(293) Post Compact
[87.839s][info][gc,phases      ] GC(293) Post Compact 6.366ms
[87.839s][info][gc,heap        ] GC(293) PSYoungGen: 64511K(175104K)->64511K(179200K) Eden: 64511K(64512K)->64511K(64512K) From: 0K(110592K)->0K(114688K)
[87.839s][info][gc,heap        ] GC(293) ParOldGen: 4437454K(4437504K)->4437454K(4437504K)
[87.839s][info][gc,metaspace   ] GC(293) Metaspace: 6298K(6464K)->6298K(6464K) NonClass: 5765K(5824K)->5765K(5824K) Class: 533K(640K)->533K(640K)
[87.839s][info][gc             ] GC(293) Pause Full (Ergonomics) 4396M->4396M(4508M) 1440.513ms
[87.839s][info][gc,cpu         ] GC(293) User=10.89s Sys=0.00s Real=1.44s
[87.839s][info][gc,start       ] GC(294) Pause Full (Ergonomics)
[87.839s][info][gc,phases,start] GC(294) Marking Phase
[88.953s][info][gc,phases      ] GC(294) Marking Phase 1114.337ms
[88.954s][info][gc,phases,start] GC(294) Summary Phase
[88.954s][info][gc,phases      ] GC(294) Summary Phase 0.050ms
[88.954s][info][gc,phases,start] GC(294) Adjust Roots
[88.954s][info][gc,phases      ] GC(294) Adjust Roots 0.163ms
[88.954s][info][gc,phases,start] GC(294) Compaction Phase
[89.268s][info][gc,phases      ] GC(294) Compaction Phase 314.596ms
[89.268s][info][gc,phases,start] GC(294) Post Compact
[89.275s][info][gc,phases      ] GC(294) Post Compact 6.543ms
[89.275s][info][gc,heap        ] GC(294) PSYoungGen: 64511K(179200K)->64511K(175104K) Eden: 64511K(64512K)->64511K(64512K) From: 0K(114688K)->0K(110592K)
[89.275s][info][gc,heap        ] GC(294) ParOldGen: 4437459K(4437504K)->4437459K(4437504K)
[89.275s][info][gc,metaspace   ] GC(294) Metaspace: 6298K(6464K)->6298K(6464K) NonClass: 5765K(5824K)->5765K(5824K) Class: 533K(640K)->533K(640K)
[89.275s][info][gc             ] GC(294) Pause Full (Ergonomics) 4396M->4396M(4504M) 1435.976ms
[89.275s][info][gc,cpu         ] GC(294) User=10.88s Sys=0.00s Real=1.44s
[89.275s][info][gc,start       ] GC(295) Pause Full (Ergonomics)
[89.275s][info][gc,phases,start] GC(295) Marking Phase
[90.400s][info][gc,phases      ] GC(295) Marking Phase 1125.170ms
[90.400s][info][gc,phases,start] GC(295) Summary Phase
[90.401s][info][gc,phases      ] GC(295) Summary Phase 0.049ms
[90.401s][info][gc,phases,start] GC(295) Adjust Roots
[90.401s][info][gc,phases      ] GC(295) Adjust Roots 0.184ms
[90.401s][info][gc,phases,start] GC(295) Compaction Phase
[90.702s][info][gc,phases      ] GC(295) Compaction Phase 301.381ms
[90.702s][info][gc,phases,start] GC(295) Post Compact
[90.709s][info][gc,phases      ] GC(295) Post Compact 6.398ms
[90.709s][info][gc,heap        ] GC(295) PSYoungGen: 64511K(175104K)->64511K(179200K) Eden: 64511K(64512K)->64511K(64512K) From: 0K(110592K)->0K(114688K)
[90.709s][info][gc,heap        ] GC(295) ParOldGen: 4437463K(4437504K)->4437463K(4437504K)
[90.709s][info][gc,metaspace   ] GC(295) Metaspace: 6298K(6464K)->6298K(6464K) NonClass: 5765K(5824K)->5765K(5824K) Class: 533K(640K)->533K(640K)
[90.709s][info][gc             ] GC(295) Pause Full (Ergonomics) 4396M->4396M(4508M) 1433.450ms
[90.709s][info][gc,cpu         ] GC(295) User=11.00s Sys=0.00s Real=1.43s
[90.709s][info][gc,start       ] GC(296) Pause Full (Ergonomics)
[90.709s][info][gc,phases,start] GC(296) Marking Phase
[91.816s][info][gc,phases      ] GC(296) Marking Phase 1107.513ms
[91.816s][info][gc,phases,start] GC(296) Summary Phase
[91.816s][info][gc,phases      ] GC(296) Summary Phase 0.054ms
[91.816s][info][gc,phases,start] GC(296) Adjust Roots
[91.817s][info][gc,phases      ] GC(296) Adjust Roots 0.177ms
[91.817s][info][gc,phases,start] GC(296) Compaction Phase
[92.130s][info][gc,phases      ] GC(296) Compaction Phase 313.314ms
[92.130s][info][gc,phases,start] GC(296) Post Compact
[92.137s][info][gc,phases      ] GC(296) Post Compact 7.035ms
[92.137s][info][gc,heap        ] GC(296) PSYoungGen: 64511K(179200K)->64511K(175104K) Eden: 64511K(64512K)->64511K(64512K) From: 0K(114688K)->0K(110592K)
[92.137s][info][gc,heap        ] GC(296) ParOldGen: 4437468K(4437504K)->4437468K(4437504K)
[92.137s][info][gc,metaspace   ] GC(296) Metaspace: 6298K(6464K)->6298K(6464K) NonClass: 5765K(5824K)->5765K(5824K) Class: 533K(640K)->533K(640K)
[92.137s][info][gc             ] GC(296) Pause Full (Ergonomics) 4396M->4396M(4504M) 1428.399ms
[92.137s][info][gc,cpu         ] GC(296) User=10.73s Sys=0.00s Real=1.43s
[92.137s][info][gc,start       ] GC(297) Pause Full (Ergonomics)
[92.137s][info][gc,phases,start] GC(297) Marking Phase
[93.225s][info][gc,phases      ] GC(297) Marking Phase 1088.016ms
[93.226s][info][gc,phases,start] GC(297) Summary Phase
[93.226s][info][gc,phases      ] GC(297) Summary Phase 0.050ms
[93.226s][info][gc,phases,start] GC(297) Adjust Roots
[93.226s][info][gc,phases      ] GC(297) Adjust Roots 0.163ms
[93.226s][info][gc,phases,start] GC(297) Compaction Phase
[93.539s][info][gc,phases      ] GC(297) Compaction Phase 312.907ms
[93.539s][info][gc,phases,start] GC(297) Post Compact
[93.545s][info][gc,phases      ] GC(297) Post Compact 6.524ms
[93.545s][info][gc,heap        ] GC(297) PSYoungGen: 64511K(175104K)->64511K(179200K) Eden: 64511K(64512K)->64511K(64512K) From: 0K(110592K)->0K(114688K)
[93.545s][info][gc,heap        ] GC(297) ParOldGen: 4437473K(4437504K)->4437473K(4437504K)
[93.545s][info][gc,metaspace   ] GC(297) Metaspace: 6298K(6464K)->6298K(6464K) NonClass: 5765K(5824K)->5765K(5824K) Class: 533K(640K)->533K(640K)
[93.545s][info][gc             ] GC(297) Pause Full (Ergonomics) 4396M->4396M(4508M) 1407.975ms
[93.545s][info][gc,cpu         ] GC(297) User=10.59s Sys=0.00s Real=1.41s
[93.546s][info][gc,start       ] GC(298) Pause Full (Ergonomics)
[93.546s][info][gc,phases,start] GC(298) Marking Phase
[94.630s][info][gc,phases      ] GC(298) Marking Phase 1084.397ms
[94.630s][info][gc,phases,start] GC(298) Summary Phase
[94.630s][info][gc,phases      ] GC(298) Summary Phase 0.051ms
[94.630s][info][gc,phases,start] GC(298) Adjust Roots
[94.630s][info][gc,phases      ] GC(298) Adjust Roots 0.166ms
[94.630s][info][gc,phases,start] GC(298) Compaction Phase
[94.944s][info][gc,phases      ] GC(298) Compaction Phase 313.312ms
[94.944s][info][gc,phases,start] GC(298) Post Compact
[94.950s][info][gc,phases      ] GC(298) Post Compact 6.626ms
[94.950s][info][gc,heap        ] GC(298) PSYoungGen: 64511K(179200K)->64511K(175104K) Eden: 64511K(64512K)->64511K(64512K) From: 0K(114688K)->0K(110592K)
[94.950s][info][gc,heap        ] GC(298) ParOldGen: 4437478K(4437504K)->4437478K(4437504K)
[94.950s][info][gc,metaspace   ] GC(298) Metaspace: 6298K(6464K)->6298K(6464K) NonClass: 5765K(5824K)->5765K(5824K) Class: 533K(640K)->533K(640K)
[94.950s][info][gc             ] GC(298) Pause Full (Ergonomics) 4396M->4396M(4504M) 1404.848ms
[94.950s][info][gc,cpu         ] GC(298) User=10.58s Sys=0.00s Real=1.40s
[94.951s][info][gc,start       ] GC(299) Pause Full (Ergonomics)
[94.951s][info][gc,phases,start] GC(299) Marking Phase
[96.053s][info][gc,phases      ] GC(299) Marking Phase 1101.988ms
[96.053s][info][gc,phases,start] GC(299) Summary Phase
[96.053s][info][gc,phases      ] GC(299) Summary Phase 0.051ms
[96.053s][info][gc,phases,start] GC(299) Adjust Roots
[96.053s][info][gc,phases      ] GC(299) Adjust Roots 0.170ms
[96.053s][info][gc,phases,start] GC(299) Compaction Phase
[96.362s][info][gc,phases      ] GC(299) Compaction Phase 309.268ms
[96.362s][info][gc,phases,start] GC(299) Post Compact
[96.369s][info][gc,phases      ] GC(299) Post Compact 6.325ms
[96.369s][info][gc,heap        ] GC(299) PSYoungGen: 64511K(175104K)->64511K(179200K) Eden: 64511K(64512K)->64511K(64512K) From: 0K(110592K)->0K(114688K)
[96.369s][info][gc,heap        ] GC(299) ParOldGen: 4437483K(4437504K)->4437483K(4437504K)
[96.369s][info][gc,metaspace   ] GC(299) Metaspace: 6298K(6464K)->6298K(6464K) NonClass: 5765K(5824K)->5765K(5824K) Class: 533K(640K)->533K(640K)
[96.369s][info][gc             ] GC(299) Pause Full (Ergonomics) 4396M->4396M(4508M) 1418.087ms
[96.369s][info][gc,cpu         ] GC(299) User=10.64s Sys=0.00s Real=1.42s
[96.369s][info][gc,start       ] GC(300) Pause Full (Ergonomics)
[96.369s][info][gc,phases,start] GC(300) Marking Phase
[97.443s][info][gc,phases      ] GC(300) Marking Phase 1073.757ms
[97.443s][info][gc,phases,start] GC(300) Summary Phase
[97.443s][info][gc,phases      ] GC(300) Summary Phase 0.058ms
[97.443s][info][gc,phases,start] GC(300) Adjust Roots
[97.443s][info][gc,phases      ] GC(300) Adjust Roots 0.245ms
[97.443s][info][gc,phases,start] GC(300) Compaction Phase
[97.752s][info][gc,phases      ] GC(300) Compaction Phase 309.359ms
[97.753s][info][gc,phases,start] GC(300) Post Compact
[97.760s][info][gc,phases      ] GC(300) Post Compact 7.346ms
[97.760s][info][gc,heap        ] GC(300) PSYoungGen: 64511K(179200K)->64511K(175104K) Eden: 64511K(64512K)->64511K(64512K) From: 0K(114688K)->0K(110592K)
[97.760s][info][gc,heap        ] GC(300) ParOldGen: 4437488K(4437504K)->4437488K(4437504K)
[97.760s][info][gc,metaspace   ] GC(300) Metaspace: 6298K(6464K)->6298K(6464K) NonClass: 5765K(5824K)->5765K(5824K) Class: 533K(640K)->533K(640K)
[97.760s][info][gc             ] GC(300) Pause Full (Ergonomics) 4396M->4396M(4504M) 1391.187ms
[97.760s][info][gc,cpu         ] GC(300) User=10.52s Sys=0.00s Real=1.39s
[97.760s][info][gc,start       ] GC(301) Pause Full (Ergonomics)
[97.760s][info][gc,phases,start] GC(301) Marking Phase
[98.844s][info][gc,phases      ] GC(301) Marking Phase 1083.780ms
[98.844s][info][gc,phases,start] GC(301) Summary Phase
[98.844s][info][gc,phases      ] GC(301) Summary Phase 0.074ms
[98.844s][info][gc,phases,start] GC(301) Adjust Roots
[98.845s][info][gc,phases      ] GC(301) Adjust Roots 0.237ms
[98.845s][info][gc,phases,start] GC(301) Compaction Phase
[99.163s][info][gc,phases      ] GC(301) Compaction Phase 318.651ms
[99.163s][info][gc,phases,start] GC(301) Post Compact
[99.170s][info][gc,phases      ] GC(301) Post Compact 7.112ms
[99.170s][info][gc,heap        ] GC(301) PSYoungGen: 64511K(175104K)->64511K(179200K) Eden: 64511K(64512K)->64511K(64512K) From: 0K(110592K)->0K(114688K)
[99.170s][info][gc,heap        ] GC(301) ParOldGen: 4437492K(4437504K)->4437492K(4437504K)
[99.170s][info][gc,metaspace   ] GC(301) Metaspace: 6298K(6464K)->6298K(6464K) NonClass: 5765K(5824K)->5765K(5824K) Class: 533K(640K)->533K(640K)
[99.171s][info][gc             ] GC(301) Pause Full (Ergonomics) 4396M->4396M(4508M) 1410.193ms
[99.171s][info][gc,cpu         ] GC(301) User=10.47s Sys=0.00s Real=1.41s
[99.171s][info][gc,start       ] GC(302) Pause Full (Ergonomics)
[99.171s][info][gc,phases,start] GC(302) Marking Phase
[100.269s][info][gc,phases      ] GC(302) Marking Phase 1098.442ms
[100.269s][info][gc,phases,start] GC(302) Summary Phase
[100.269s][info][gc,phases      ] GC(302) Summary Phase 0.064ms
[100.269s][info][gc,phases,start] GC(302) Adjust Roots
[100.270s][info][gc,phases      ] GC(302) Adjust Roots 0.224ms
[100.270s][info][gc,phases,start] GC(302) Compaction Phase
[100.578s][info][gc,phases      ] GC(302) Compaction Phase 308.505ms
[100.578s][info][gc,phases,start] GC(302) Post Compact
[100.585s][info][gc,phases      ] GC(302) Post Compact 6.451ms
[100.585s][info][gc,heap        ] GC(302) PSYoungGen: 64511K(179200K)->64511K(175104K) Eden: 64511K(64512K)->64511K(64512K) From: 0K(114688K)->0K(110592K)
[100.585s][info][gc,heap        ] GC(302) ParOldGen: 4437497K(4437504K)->4437497K(4437504K)
[100.585s][info][gc,metaspace   ] GC(302) Metaspace: 6298K(6464K)->6298K(6464K) NonClass: 5765K(5824K)->5765K(5824K) Class: 533K(640K)->533K(640K)
[100.585s][info][gc             ] GC(302) Pause Full (Ergonomics) 4396M->4396M(4504M) 1414.000ms
[100.585s][info][gc,cpu         ] GC(302) User=10.62s Sys=0.00s Real=1.41s
[100.585s][info][gc,start       ] GC(303) Pause Full (Ergonomics)
[100.585s][info][gc,phases,start] GC(303) Marking Phase
[101.673s][info][gc,phases      ] GC(303) Marking Phase 1088.303ms
[101.673s][info][gc,phases,start] GC(303) Summary Phase
[101.673s][info][gc,phases      ] GC(303) Summary Phase 0.073ms
[101.673s][info][gc,phases,start] GC(303) Adjust Roots
[101.674s][info][gc,phases      ] GC(303) Adjust Roots 0.173ms
[101.674s][info][gc,phases,start] GC(303) Compaction Phase
[101.986s][info][gc,phases      ] GC(303) Compaction Phase 312.601ms
[101.986s][info][gc,phases,start] GC(303) Post Compact
[101.993s][info][gc,phases      ] GC(303) Post Compact 6.756ms
[101.993s][info][gc,heap        ] GC(303) PSYoungGen: 64511K(175104K)->64511K(179200K) Eden: 64511K(64512K)->64511K(64512K) From: 0K(110592K)->0K(114688K)
[101.993s][info][gc,heap        ] GC(303) ParOldGen: 4437502K(4437504K)->4437502K(4437504K)
[101.993s][info][gc,metaspace   ] GC(303) Metaspace: 6298K(6464K)->6298K(6464K) NonClass: 5765K(5824K)->5765K(5824K) Class: 533K(640K)->533K(640K)
[101.993s][info][gc             ] GC(303) Pause Full (Ergonomics) 4396M->4396M(4508M) 1408.241ms
[101.993s][info][gc,cpu         ] GC(303) User=10.48s Sys=0.00s Real=1.41s
[101.993s][info][gc,start       ] GC(304) Pause Full (Ergonomics)
[101.993s][info][gc,phases,start] GC(304) Marking Phase
[103.057s][info][gc,phases      ] GC(304) Marking Phase 1063.698ms
[103.057s][info][gc,phases,start] GC(304) Summary Phase
[103.057s][info][gc,phases      ] GC(304) Summary Phase 0.053ms
[103.057s][info][gc,phases,start] GC(304) Adjust Roots
[103.057s][info][gc,phases      ] GC(304) Adjust Roots 0.227ms
[103.057s][info][gc,phases,start] GC(304) Compaction Phase
[103.363s][info][gc,phases      ] GC(304) Compaction Phase 305.691ms
[103.363s][info][gc,phases,start] GC(304) Post Compact
[103.370s][info][gc,phases      ] GC(304) Post Compact 6.687ms
[103.370s][info][gc,heap        ] GC(304) PSYoungGen: 64511K(179200K)->64511K(175104K) Eden: 64511K(64512K)->64511K(64512K) From: 0K(114688K)->0K(110592K)
[103.370s][info][gc,heap        ] GC(304) ParOldGen: 4437503K(4437504K)->4437503K(4437504K)
[103.370s][info][gc,metaspace   ] GC(304) Metaspace: 6298K(6464K)->6298K(6464K) NonClass: 5765K(5824K)->5765K(5824K) Class: 533K(640K)->533K(640K)
[103.370s][info][gc             ] GC(304) Pause Full (Ergonomics) 4396M->4396M(4504M) 1376.651ms
[103.370s][info][gc,cpu         ] GC(304) User=10.52s Sys=0.00s Real=1.38s
[103.370s][info][gc,start       ] GC(305) Pause Full (Allocation Failure)
[103.370s][info][gc,phases,start] GC(305) Marking Phase
[104.450s][info][gc,phases      ] GC(305) Marking Phase 1079.810ms
[104.450s][info][gc,phases,start] GC(305) Summary Phase
[104.450s][info][gc,phases      ] GC(305) Summary Phase 0.052ms
[104.450s][info][gc,phases,start] GC(305) Adjust Roots
[104.450s][info][gc,phases      ] GC(305) Adjust Roots 0.398ms
[104.450s][info][gc,phases,start] GC(305) Compaction Phase
[105.589s][info][gc,phases      ] GC(305) Compaction Phase 1138.822ms
[105.589s][info][gc,phases,start] GC(305) Post Compact
[105.596s][info][gc,phases      ] GC(305) Post Compact 6.656ms
[105.596s][info][gc,heap        ] GC(305) PSYoungGen: 64511K(175104K)->64511K(179200K) Eden: 64511K(64512K)->64511K(64512K) From: 0K(110592K)->0K(114688K)
[105.596s][info][gc,heap        ] GC(305) ParOldGen: 4437503K(4437504K)->4437499K(4437504K)
[105.596s][info][gc,metaspace   ] GC(305) Metaspace: 6298K(6464K)->6296K(6464K) NonClass: 5765K(5824K)->5764K(5824K) Class: 533K(640K)->532K(640K)
[105.596s][info][gc             ] GC(305) Pause Full (Allocation Failure) 4396M->4396M(4508M) 2226.019ms
[105.596s][info][gc,cpu         ] GC(305) User=16.56s Sys=0.02s Real=2.23s
[105.596s][info][gc,start       ] GC(306) Pause Full (Ergonomics)
[105.596s][info][gc,phases,start] GC(306) Marking Phase
[106.695s][info][gc,phases      ] GC(306) Marking Phase 1098.148ms
[106.695s][info][gc,phases,start] GC(306) Summary Phase
[106.695s][info][gc,phases      ] GC(306) Summary Phase 0.052ms
[106.695s][info][gc,phases,start] GC(306) Adjust Roots
[106.695s][info][gc,phases      ] GC(306) Adjust Roots 0.209ms
[106.695s][info][gc,phases,start] GC(306) Compaction Phase
[107.010s][info][gc,phases      ] GC(306) Compaction Phase 315.218ms
[107.010s][info][gc,phases,start] GC(306) Post Compact
[107.017s][info][gc,phases      ] GC(306) Post Compact 6.721ms
[107.017s][info][gc,heap        ] GC(306) PSYoungGen: 64511K(179200K)->64511K(175104K) Eden: 64511K(64512K)->64511K(64512K) From: 0K(114688K)->0K(110592K)
[107.017s][info][gc,heap        ] GC(306) ParOldGen: 4437503K(4437504K)->4437503K(4437504K)
[107.017s][info][gc,metaspace   ] GC(306) Metaspace: 6296K(6464K)->6296K(6464K) NonClass: 5764K(5824K)->5764K(5824K) Class: 532K(640K)->532K(640K)
[107.017s][info][gc             ] GC(306) Pause Full (Ergonomics) 4396M->4396M(4504M) 1420.661ms
[107.017s][info][gc,cpu         ] GC(306) User=10.45s Sys=0.02s Real=1.42s
[107.017s][info][gc,start       ] GC(307) Pause Full (Ergonomics)
[107.017s][info][gc,phases,start] GC(307) Marking Phase
[108.087s][info][gc,phases      ] GC(307) Marking Phase 1069.163ms
[108.087s][info][gc,phases,start] GC(307) Summary Phase
[108.087s][info][gc,phases      ] GC(307) Summary Phase 0.050ms
[108.087s][info][gc,phases,start] GC(307) Adjust Roots
[108.087s][info][gc,phases      ] GC(307) Adjust Roots 0.165ms
[108.087s][info][gc,phases,start] GC(307) Compaction Phase
[108.396s][info][gc,phases      ] GC(307) Compaction Phase 309.123ms
[108.396s][info][gc,phases,start] GC(307) Post Compact
[108.403s][info][gc,phases      ] GC(307) Post Compact 6.439ms
[108.403s][info][gc,heap        ] GC(307) PSYoungGen: 64511K(175104K)->64511K(179200K) Eden: 64511K(64512K)->64511K(64512K) From: 0K(110592K)->0K(114688K)
[108.403s][info][gc,heap        ] GC(307) ParOldGen: 4437504K(4437504K)->4437504K(4437504K)
[108.403s][info][gc,metaspace   ] GC(307) Metaspace: 6296K(6464K)->6296K(6464K) NonClass: 5764K(5824K)->5764K(5824K) Class: 532K(640K)->532K(640K)
[108.403s][info][gc             ] GC(307) Pause Full (Ergonomics) 4396M->4396M(4508M) 1385.249ms
[108.403s][info][gc,cpu         ] GC(307) User=10.28s Sys=0.00s Real=1.38s
[108.403s][info][gc,start       ] GC(308) Pause Full (Allocation Failure)
[108.403s][info][gc,phases,start] GC(308) Marking Phase
[109.467s][info][gc,phases      ] GC(308) Marking Phase 1064.726ms
[109.467s][info][gc,phases,start] GC(308) Summary Phase
[109.468s][info][gc,phases      ] GC(308) Summary Phase 0.051ms
[109.468s][info][gc,phases,start] GC(308) Adjust Roots
[109.468s][info][gc,phases      ] GC(308) Adjust Roots 0.162ms
[109.468s][info][gc,phases,start] GC(308) Compaction Phase
[109.773s][info][gc,phases      ] GC(308) Compaction Phase 305.704ms
[109.774s][info][gc,phases,start] GC(308) Post Compact
[109.780s][info][gc,phases      ] GC(308) Post Compact 6.620ms
[109.780s][info][gc,heap        ] GC(308) PSYoungGen: 64511K(179200K)->64511K(175104K) Eden: 64511K(64512K)->64511K(64512K) From: 0K(114688K)->0K(110592K)
[109.780s][info][gc,heap        ] GC(308) ParOldGen: 4437504K(4437504K)->4437504K(4437504K)
[109.780s][info][gc,metaspace   ] GC(308) Metaspace: 6296K(6464K)->6296K(6464K) NonClass: 5764K(5824K)->5764K(5824K) Class: 532K(640K)->532K(640K)
[109.780s][info][gc             ] GC(308) Pause Full (Allocation Failure) 4396M->4396M(4504M) 1377.563ms
[109.780s][info][gc,cpu         ] GC(308) User=10.48s Sys=0.03s Real=1.38s
[109.781s][info][gc,start       ] GC(309) Pause Full (Ergonomics)
[109.781s][info][gc,phases,start] GC(309) Marking Phase
[110.832s][info][gc,phases      ] GC(309) Marking Phase 1051.716ms
[110.832s][info][gc,phases,start] GC(309) Summary Phase
[110.832s][info][gc,phases      ] GC(309) Summary Phase 0.051ms
[110.832s][info][gc,phases,start] GC(309) Adjust Roots
[110.833s][info][gc,phases      ] GC(309) Adjust Roots 0.280ms
[110.833s][info][gc,phases,start] GC(309) Compaction Phase
[111.976s][info][gc,phases      ] GC(309) Compaction Phase 1142.759ms
[111.976s][info][gc,phases,start] GC(309) Post Compact
[111.982s][info][gc,phases      ] GC(309) Post Compact 6.615ms
[111.982s][info][gc,heap        ] GC(309) PSYoungGen: 64511K(175104K)->64511K(179200K) Eden: 64511K(64512K)->64511K(64512K) From: 0K(110592K)->0K(114688K)
[111.982s][info][gc,heap        ] GC(309) ParOldGen: 4437504K(4437504K)->4437502K(4437504K)
[111.982s][info][gc,metaspace   ] GC(309) Metaspace: 6296K(6464K)->6296K(6464K) NonClass: 5764K(5824K)->5764K(5824K) Class: 532K(640K)->532K(640K)
[111.982s][info][gc             ] GC(309) Pause Full (Ergonomics) 4396M->4396M(4508M) 2201.809ms
[111.982s][info][gc,cpu         ] GC(309) User=16.39s Sys=0.05s Real=2.20s
[111.983s][info][gc,start       ] GC(310) Pause Full (Ergonomics)
[111.984s][info][gc,phases,start] GC(310) Marking Phase
[113.076s][info][gc,phases      ] GC(310) Marking Phase 1092.090ms
[113.076s][info][gc,phases,start] GC(310) Summary Phase
[113.076s][info][gc,phases      ] GC(310) Summary Phase 0.062ms
[113.076s][info][gc,phases,start] GC(310) Adjust Roots
[113.076s][info][gc,phases      ] GC(310) Adjust Roots 0.247ms
[113.076s][info][gc,phases,start] GC(310) Compaction Phase
[114.202s][info][gc,phases      ] GC(310) Compaction Phase 1125.756ms
[114.202s][info][gc,phases,start] GC(310) Post Compact
[114.209s][info][gc,phases      ] GC(310) Post Compact 6.977ms
[114.209s][info][gc,heap        ] GC(310) PSYoungGen: 64511K(179200K)->64511K(175104K) Eden: 64511K(64512K)->64511K(64512K) From: 0K(114688K)->0K(110592K)
[114.209s][info][gc,heap        ] GC(310) ParOldGen: 4437503K(4437504K)->4437501K(4437504K)
[114.209s][info][gc,metaspace   ] GC(310) Metaspace: 6298K(6464K)->6298K(6464K) NonClass: 5764K(5824K)->5764K(5824K) Class: 533K(640K)->533K(640K)
[114.209s][info][gc             ] GC(310) Pause Full (Ergonomics) 4396M->4396M(4504M) 2225.506ms
[114.209s][info][gc,cpu         ] GC(310) User=16.72s Sys=0.02s Real=2.23s
[114.209s][info][gc,heap,exit   ] Heap
[114.209s][info][gc,heap,exit   ]  PSYoungGen      total 175104K, used 64511K [0x0000000778980000, 0x000000078a800000, 0x0000000800000000)
[114.210s][info][gc,heap,exit   ]   eden space 64512K, 99% used [0x0000000778980000,0x000000077c87fff8,0x000000077c880000)
[114.210s][info][gc,heap,exit   ]   from space 110592K, 0% used [0x0000000783c00000,0x0000000783c00000,0x000000078a800000)
[114.210s][info][gc,heap,exit   ]   to   space 114688K, 0% used [0x000000077c880000,0x000000077c880000,0x0000000783880000)
[114.210s][info][gc,heap,exit   ]  ParOldGen       total 4437504K, used 4437501K [0x0000000669c00000, 0x0000000778980000, 0x0000000778980000)
[114.210s][info][gc,heap,exit   ]   object space 4437504K, 99% used [0x0000000669c00000,0x000000077897f778,0x0000000778980000)
[114.210s][info][gc,heap,exit   ]  Metaspace       used 6301K, committed 6464K, reserved 1114112K
[114.210s][info][gc,heap,exit   ]   class space    used 534K, committed 640K, reserved 1048576K
