[0.011s][info][gc,init] CardTable entry size: 512
[0.012s][info][gc     ] Using Parallel
[0.013s][info][gc,init] Version: 18.0.1+10 (release)
[0.013s][info][gc,init] CPUs: 8 total, 8 available
[0.013s][info][gc,init] Memory: 16063M
[0.013s][info][gc,init] Large Page Support: Disabled
[0.013s][info][gc,init] NUMA Support: Disabled
[0.013s][info][gc,init] Compressed Oops: Enabled (Zero based)
[0.013s][info][gc,init] Alignments: Space 512K, Generation 512K, Heap 2M
[0.013s][info][gc,init] Heap Min Capacity: 2M
[0.013s][info][gc,init] Heap Initial Capacity: 2M
[0.013s][info][gc,init] Heap Max Capacity: 12800M
[0.013s][info][gc,init] Pre-touch: Disabled
[0.013s][info][gc,init] Parallel Workers: 8
[0.013s][info][gc,metaspace] CDS archive(s) not mapped
[0.013s][info][gc,metaspace] Compressed class space mapped at: 0x0000000800000000-0x0000000840000000, reserved size: 1073741824
[0.013s][info][gc,metaspace] Narrow klass base: 0x0000000800000000, Narrow klass shift: 0, Narrow klass range: 0x40000000
[0.111s][info][gc,start    ] GC(0) Pause Young (Allocation Failure)
[0.112s][info][gc,heap     ] GC(0) PSYoungGen: 512K(1024K)->480K(1024K) Eden: 512K(512K)->0K(512K) From: 0K(512K)->480K(512K)
[0.112s][info][gc,heap     ] GC(0) ParOldGen: 0K(512K)->8K(512K)
[0.112s][info][gc,metaspace] GC(0) Metaspace: 4229K(4352K)->4229K(4352K) NonClass: 3908K(3968K)->3908K(3968K) Class: 321K(384K)->321K(384K)
[0.112s][info][gc          ] GC(0) Pause Young (Allocation Failure) 0M->0M(1M) 1.385ms
[0.112s][info][gc,cpu      ] GC(0) User=0.00s Sys=0.00s Real=0.00s
[0.177s][info][gc,start    ] GC(1) Pause Young (Allocation Failure)
[0.178s][info][gc,heap     ] GC(1) PSYoungGen: 991K(1024K)->512K(1536K) Eden: 511K(512K)->0K(1024K) From: 480K(512K)->512K(512K)
[0.178s][info][gc,heap     ] GC(1) ParOldGen: 8K(512K)->88K(512K)
[0.178s][info][gc,metaspace] GC(1) Metaspace: 5881K(6016K)->5881K(6016K) NonClass: 5384K(5504K)->5384K(5504K) Class: 496K(512K)->496K(512K)
[0.178s][info][gc          ] GC(1) Pause Young (Allocation Failure) 0M->0M(2M) 0.869ms
[0.178s][info][gc,cpu      ] GC(1) User=0.00s Sys=0.00s Real=0.00s
[0.197s][info][gc,start    ] GC(2) Pause Young (Allocation Failure)
[0.199s][info][gc,heap     ] GC(2) PSYoungGen: 1536K(1536K)->512K(1536K) Eden: 1024K(1024K)->0K(1024K) From: 512K(512K)->512K(512K)
[0.199s][info][gc,heap     ] GC(2) ParOldGen: 88K(512K)->504K(512K)
[0.199s][info][gc,metaspace] GC(2) Metaspace: 6300K(6464K)->6300K(6464K) NonClass: 5767K(5824K)->5767K(5824K) Class: 533K(640K)->533K(640K)
[0.199s][info][gc          ] GC(2) Pause Young (Allocation Failure) 1M->0M(2M) 1.366ms
[0.199s][info][gc,cpu      ] GC(2) User=0.00s Sys=0.00s Real=0.00s
[0.199s][info][gc,start    ] GC(3) Pause Full (Ergonomics)
[0.199s][info][gc,phases,start] GC(3) Marking Phase
[0.200s][info][gc,phases      ] GC(3) Marking Phase 0.948ms
[0.200s][info][gc,phases,start] GC(3) Summary Phase
[0.200s][info][gc,phases      ] GC(3) Summary Phase 0.014ms
[0.200s][info][gc,phases,start] GC(3) Adjust Roots
[0.200s][info][gc,phases      ] GC(3) Adjust Roots 0.346ms
[0.200s][info][gc,phases,start] GC(3) Compaction Phase
[0.202s][info][gc,phases      ] GC(3) Compaction Phase 1.618ms
[0.202s][info][gc,phases,start] GC(3) Post Compact
[0.202s][info][gc,phases      ] GC(3) Post Compact 0.080ms
[0.202s][info][gc,heap        ] GC(3) PSYoungGen: 512K(1536K)->506K(1536K) Eden: 0K(1024K)->0K(1024K) From: 512K(512K)->506K(512K)
[0.202s][info][gc,heap        ] GC(3) ParOldGen: 504K(512K)->474K(2048K)
[0.202s][info][gc,metaspace   ] GC(3) Metaspace: 6300K(6464K)->6300K(6464K) NonClass: 5767K(5824K)->5767K(5824K) Class: 533K(640K)->533K(640K)
[0.202s][info][gc             ] GC(3) Pause Full (Ergonomics) 0M->0M(3M) 3.354ms
[0.202s][info][gc,cpu         ] GC(3) User=0.00s Sys=0.00s Real=0.00s
[0.204s][info][gc,start       ] GC(4) Pause Young (Allocation Failure)
[0.205s][info][gc,heap        ] GC(4) PSYoungGen: 1530K(1536K)->480K(2560K) Eden: 1024K(1024K)->0K(2048K) From: 506K(512K)->480K(512K)
[0.205s][info][gc,heap        ] GC(4) ParOldGen: 474K(2048K)->1030K(2048K)
[0.205s][info][gc,metaspace   ] GC(4) Metaspace: 6300K(6464K)->6300K(6464K) NonClass: 5767K(5824K)->5767K(5824K) Class: 533K(640K)->533K(640K)
[0.205s][info][gc             ] GC(4) Pause Young (Allocation Failure) 1M->1M(4M) 1.397ms
[0.205s][info][gc,cpu         ] GC(4) User=0.00s Sys=0.00s Real=0.00s
[0.208s][info][gc,start       ] GC(5) Pause Young (Allocation Failure)
[0.210s][info][gc,heap        ] GC(5) PSYoungGen: 2528K(2560K)->480K(2560K) Eden: 2048K(2048K)->0K(2048K) From: 480K(512K)->480K(512K)
[0.210s][info][gc,heap        ] GC(5) ParOldGen: 1030K(2048K)->2102K(2560K)
[0.210s][info][gc,metaspace   ] GC(5) Metaspace: 6300K(6464K)->6300K(6464K) NonClass: 5767K(5824K)->5767K(5824K) Class: 533K(640K)->533K(640K)
[0.210s][info][gc             ] GC(5) Pause Young (Allocation Failure) 3M->2M(5M) 2.126ms
[0.210s][info][gc,cpu         ] GC(5) User=0.00s Sys=0.00s Real=0.00s
[0.210s][info][gc,start       ] GC(6) Pause Full (Ergonomics)
[0.210s][info][gc,phases,start] GC(6) Marking Phase
[0.212s][info][gc,phases      ] GC(6) Marking Phase 1.540ms
[0.212s][info][gc,phases,start] GC(6) Summary Phase
[0.212s][info][gc,phases      ] GC(6) Summary Phase 0.014ms
[0.212s][info][gc,phases,start] GC(6) Adjust Roots
[0.212s][info][gc,phases      ] GC(6) Adjust Roots 0.305ms
[0.212s][info][gc,phases,start] GC(6) Compaction Phase
[0.214s][info][gc,phases      ] GC(6) Compaction Phase 2.152ms
[0.214s][info][gc,phases,start] GC(6) Post Compact
[0.214s][info][gc,phases      ] GC(6) Post Compact 0.033ms
[0.214s][info][gc,heap        ] GC(6) PSYoungGen: 480K(2560K)->0K(4096K) Eden: 0K(2048K)->0K(3072K) From: 480K(512K)->0K(1024K)
[0.214s][info][gc,heap        ] GC(6) ParOldGen: 2102K(2560K)->2542K(6144K)
[0.214s][info][gc,metaspace   ] GC(6) Metaspace: 6300K(6464K)->6300K(6464K) NonClass: 5767K(5824K)->5767K(5824K) Class: 533K(640K)->533K(640K)
[0.214s][info][gc             ] GC(6) Pause Full (Ergonomics) 2M->2M(10M) 4.389ms
[0.215s][info][gc,cpu         ] GC(6) User=0.00s Sys=0.00s Real=0.00s
[0.219s][info][gc,start       ] GC(7) Pause Young (Allocation Failure)
[0.221s][info][gc,heap        ] GC(7) PSYoungGen: 3072K(4096K)->1664K(5120K) Eden: 3072K(3072K)->0K(3072K) From: 0K(1024K)->1664K(2048K)
[0.221s][info][gc,heap        ] GC(7) ParOldGen: 2542K(6144K)->2542K(6144K)
[0.221s][info][gc,metaspace   ] GC(7) Metaspace: 6300K(6464K)->6300K(6464K) NonClass: 5767K(5824K)->5767K(5824K) Class: 533K(640K)->533K(640K)
[0.221s][info][gc             ] GC(7) Pause Young (Allocation Failure) 5M->4M(11M) 1.718ms
[0.221s][info][gc,cpu         ] GC(7) User=0.00s Sys=0.00s Real=0.00s
[0.224s][info][gc,start       ] GC(8) Pause Young (Allocation Failure)
[0.227s][info][gc,heap        ] GC(8) PSYoungGen: 4736K(5120K)->2016K(5632K) Eden: 3072K(3072K)->0K(3584K) From: 1664K(2048K)->2016K(2048K)
[0.227s][info][gc,heap        ] GC(8) ParOldGen: 2542K(6144K)->3774K(6144K)
[0.227s][info][gc,metaspace   ] GC(8) Metaspace: 6300K(6464K)->6300K(6464K) NonClass: 5767K(5824K)->5767K(5824K) Class: 533K(640K)->533K(640K)
[0.227s][info][gc             ] GC(8) Pause Young (Allocation Failure) 7M->5M(11M) 2.895ms
[0.227s][info][gc,cpu         ] GC(8) User=0.00s Sys=0.00s Real=0.00s
[0.233s][info][gc,start       ] GC(9) Pause Young (Allocation Failure)
[0.236s][info][gc,heap        ] GC(9) PSYoungGen: 5600K(5632K)->3040K(6656K) Eden: 3584K(3584K)->0K(3584K) From: 2016K(2048K)->3040K(3072K)
[0.236s][info][gc,heap        ] GC(9) ParOldGen: 3774K(6144K)->4614K(6144K)
[0.236s][info][gc,metaspace   ] GC(9) Metaspace: 6300K(6464K)->6300K(6464K) NonClass: 5767K(5824K)->5767K(5824K) Class: 533K(640K)->533K(640K)
[0.236s][info][gc             ] GC(9) Pause Young (Allocation Failure) 9M->7M(12M) 3.382ms
[0.236s][info][gc,cpu         ] GC(9) User=0.00s Sys=0.00s Real=0.00s
[0.240s][info][gc,start       ] GC(10) Pause Young (Allocation Failure)
[0.244s][info][gc,heap        ] GC(10) PSYoungGen: 6624K(6656K)->4064K(9216K) Eden: 3584K(3584K)->0K(5120K) From: 3040K(3072K)->4064K(4096K)
[0.244s][info][gc,heap        ] GC(10) ParOldGen: 4614K(6144K)->5462K(6144K)
[0.244s][info][gc,metaspace   ] GC(10) Metaspace: 6300K(6464K)->6300K(6464K) NonClass: 5767K(5824K)->5767K(5824K) Class: 533K(640K)->533K(640K)
[0.244s][info][gc             ] GC(10) Pause Young (Allocation Failure) 10M->9M(15M) 4.217ms
[0.244s][info][gc,cpu         ] GC(10) User=0.00s Sys=0.00s Real=0.00s
[0.244s][info][gc,start       ] GC(11) Pause Full (Ergonomics)
[0.244s][info][gc,phases,start] GC(11) Marking Phase
[0.249s][info][gc,phases      ] GC(11) Marking Phase 4.675ms
[0.249s][info][gc,phases,start] GC(11) Summary Phase
[0.249s][info][gc,phases      ] GC(11) Summary Phase 0.015ms
[0.249s][info][gc,phases,start] GC(11) Adjust Roots
[0.249s][info][gc,phases      ] GC(11) Adjust Roots 0.361ms
[0.249s][info][gc,phases,start] GC(11) Compaction Phase
[0.255s][info][gc,phases      ] GC(11) Compaction Phase 5.701ms
[0.255s][info][gc,phases,start] GC(11) Post Compact
[0.255s][info][gc,phases      ] GC(11) Post Compact 0.057ms
[0.255s][info][gc,heap        ] GC(11) PSYoungGen: 4064K(9216K)->3545K(9216K) Eden: 0K(5120K)->0K(5120K) From: 4064K(4096K)->3545K(4096K)
[0.255s][info][gc,heap        ] GC(11) ParOldGen: 5462K(6144K)->5831K(10752K)
[0.255s][info][gc,metaspace   ] GC(11) Metaspace: 6300K(6464K)->6300K(6464K) NonClass: 5767K(5824K)->5767K(5824K) Class: 533K(640K)->533K(640K)
[0.255s][info][gc             ] GC(11) Pause Full (Ergonomics) 9M->9M(19M) 11.112ms
[0.255s][info][gc,cpu         ] GC(11) User=0.00s Sys=0.00s Real=0.01s
[0.262s][info][gc,start       ] GC(12) Pause Young (Allocation Failure)
[0.266s][info][gc,heap        ] GC(12) PSYoungGen: 8665K(9216K)->5088K(10240K) Eden: 5120K(5120K)->0K(5120K) From: 3545K(4096K)->5088K(5120K)
[0.266s][info][gc,heap        ] GC(12) ParOldGen: 5831K(10752K)->6951K(10752K)
[0.266s][info][gc,metaspace   ] GC(12) Metaspace: 6300K(6464K)->6300K(6464K) NonClass: 5767K(5824K)->5767K(5824K) Class: 533K(640K)->533K(640K)
[0.266s][info][gc             ] GC(12) Pause Young (Allocation Failure) 14M->11M(20M) 4.857ms
[0.266s][info][gc,cpu         ] GC(12) User=0.00s Sys=0.00s Real=0.01s
[0.271s][info][gc,start       ] GC(13) Pause Young (Allocation Failure)
[0.276s][info][gc,heap        ] GC(13) PSYoungGen: 10208K(10240K)->6464K(12800K) Eden: 5120K(5120K)->0K(6144K) From: 5088K(5120K)->6464K(6656K)
[0.276s][info][gc,heap        ] GC(13) ParOldGen: 6951K(10752K)->8239K(10752K)
[0.277s][info][gc,metaspace   ] GC(13) Metaspace: 6302K(6464K)->6302K(6464K) NonClass: 5769K(5824K)->5769K(5824K) Class: 533K(640K)->533K(640K)
[0.277s][info][gc             ] GC(13) Pause Young (Allocation Failure) 16M->14M(23M) 5.785ms
[0.277s][info][gc,cpu         ] GC(13) User=0.00s Sys=0.00s Real=0.01s
[0.281s][info][gc,start       ] GC(14) Pause Young (Allocation Failure)
[0.287s][info][gc,heap        ] GC(14) PSYoungGen: 12608K(12800K)->5824K(13824K) Eden: 6144K(6144K)->0K(6144K) From: 6464K(6656K)->5824K(7680K)
[0.287s][info][gc,heap        ] GC(14) ParOldGen: 8239K(10752K)->12119K(12288K)
[0.287s][info][gc,metaspace   ] GC(14) Metaspace: 6302K(6464K)->6302K(6464K) NonClass: 5769K(5824K)->5769K(5824K) Class: 533K(640K)->533K(640K)
[0.287s][info][gc             ] GC(14) Pause Young (Allocation Failure) 20M->17M(25M) 5.749ms
[0.287s][info][gc,cpu         ] GC(14) User=0.00s Sys=0.00s Real=0.01s
[0.287s][info][gc,start       ] GC(15) Pause Full (Ergonomics)
[0.287s][info][gc,phases,start] GC(15) Marking Phase
[0.294s][info][gc,phases      ] GC(15) Marking Phase 7.529ms
[0.294s][info][gc,phases,start] GC(15) Summary Phase
[0.294s][info][gc,phases      ] GC(15) Summary Phase 0.019ms
[0.294s][info][gc,phases,start] GC(15) Adjust Roots
[0.295s][info][gc,phases      ] GC(15) Adjust Roots 0.226ms
[0.295s][info][gc,phases,start] GC(15) Compaction Phase
[0.303s][info][gc,phases      ] GC(15) Compaction Phase 8.806ms
[0.303s][info][gc,phases,start] GC(15) Post Compact
[0.304s][info][gc,phases      ] GC(15) Post Compact 0.082ms
[0.304s][info][gc,heap        ] GC(15) PSYoungGen: 5824K(13824K)->5758K(13824K) Eden: 0K(6144K)->0K(6144K) From: 5824K(7680K)->5758K(7680K)
[0.304s][info][gc,heap        ] GC(15) ParOldGen: 12119K(12288K)->12006K(18944K)
[0.304s][info][gc,metaspace   ] GC(15) Metaspace: 6302K(6464K)->6302K(6464K) NonClass: 5769K(5824K)->5769K(5824K) Class: 533K(640K)->533K(640K)
[0.304s][info][gc             ] GC(15) Pause Full (Ergonomics) 17M->17M(32M) 17.153ms
[0.304s][info][gc,cpu         ] GC(15) User=0.00s Sys=0.00s Real=0.02s
[0.308s][info][gc,start       ] GC(16) Pause Young (Allocation Failure)
[0.315s][info][gc,heap        ] GC(16) PSYoungGen: 11902K(13824K)->3200K(15872K) Eden: 6144K(6144K)->0K(8704K) From: 5758K(7680K)->3200K(7168K)
[0.315s][info][gc,heap        ] GC(16) ParOldGen: 12006K(18944K)->17862K(18944K)
[0.315s][info][gc,metaspace   ] GC(16) Metaspace: 6302K(6464K)->6302K(6464K) NonClass: 5769K(5824K)->5769K(5824K) Class: 533K(640K)->533K(640K)
[0.315s][info][gc             ] GC(16) Pause Young (Allocation Failure) 23M->20M(34M) 6.899ms
[0.315s][info][gc,cpu         ] GC(16) User=0.00s Sys=0.00s Real=0.01s
[0.315s][info][gc,start       ] GC(17) Pause Full (Ergonomics)
[0.315s][info][gc,phases,start] GC(17) Marking Phase
[0.325s][info][gc,phases      ] GC(17) Marking Phase 9.464ms
[0.325s][info][gc,phases,start] GC(17) Summary Phase
[0.325s][info][gc,phases      ] GC(17) Summary Phase 0.021ms
[0.325s][info][gc,phases,start] GC(17) Adjust Roots
[0.325s][info][gc,phases      ] GC(17) Adjust Roots 0.225ms
[0.325s][info][gc,phases,start] GC(17) Compaction Phase
[0.331s][info][gc,phases      ] GC(17) Compaction Phase 5.995ms
[0.331s][info][gc,phases,start] GC(17) Post Compact
[0.331s][info][gc,phases      ] GC(17) Post Compact 0.130ms
[0.331s][info][gc,heap        ] GC(17) PSYoungGen: 3200K(15872K)->2146K(16384K) Eden: 0K(8704K)->0K(9216K) From: 3200K(7168K)->2146K(7168K)
[0.331s][info][gc,heap        ] GC(17) ParOldGen: 17862K(18944K)->18786K(28672K)
[0.331s][info][gc,metaspace   ] GC(17) Metaspace: 6302K(6464K)->6302K(6464K) NonClass: 5769K(5824K)->5769K(5824K) Class: 533K(640K)->533K(640K)
[0.331s][info][gc             ] GC(17) Pause Full (Ergonomics) 20M->20M(44M) 16.182ms
[0.331s][info][gc,cpu         ] GC(17) User=0.00s Sys=0.00s Real=0.02s
[0.340s][info][gc,start       ] GC(18) Pause Young (Allocation Failure)
[0.347s][info][gc,heap        ] GC(18) PSYoungGen: 11362K(16384K)->5312K(16896K) Eden: 9216K(9216K)->0K(9216K) From: 2146K(7168K)->5312K(7680K)
[0.347s][info][gc,heap        ] GC(18) ParOldGen: 18786K(28672K)->20978K(28672K)
[0.347s][info][gc,metaspace   ] GC(18) Metaspace: 6302K(6464K)->6302K(6464K) NonClass: 5769K(5824K)->5769K(5824K) Class: 533K(640K)->533K(640K)
[0.347s][info][gc             ] GC(18) Pause Young (Allocation Failure) 29M->25M(44M) 6.248ms
[0.347s][info][gc,cpu         ] GC(18) User=0.00s Sys=0.00s Real=0.01s
[0.352s][info][gc,start       ] GC(19) Pause Young (Allocation Failure)
[0.360s][info][gc,heap        ] GC(19) PSYoungGen: 14528K(16896K)->4800K(20480K) Eden: 9216K(9216K)->0K(12288K) From: 5312K(7680K)->4800K(8192K)
[0.360s][info][gc,heap        ] GC(19) ParOldGen: 20978K(28672K)->26314K(28672K)
[0.360s][info][gc,metaspace   ] GC(19) Metaspace: 6302K(6464K)->6302K(6464K) NonClass: 5769K(5824K)->5769K(5824K) Class: 533K(640K)->533K(640K)
[0.360s][info][gc             ] GC(19) Pause Young (Allocation Failure) 34M->30M(48M) 7.375ms
[0.360s][info][gc,cpu         ] GC(19) User=0.00s Sys=0.00s Real=0.01s
[0.360s][info][gc,start       ] GC(20) Pause Full (Ergonomics)
[0.360s][info][gc,phases,start] GC(20) Marking Phase
[0.373s][info][gc,phases      ] GC(20) Marking Phase 13.201ms
[0.373s][info][gc,phases,start] GC(20) Summary Phase
[0.373s][info][gc,phases      ] GC(20) Summary Phase 0.021ms
[0.373s][info][gc,phases,start] GC(20) Adjust Roots
[0.373s][info][gc,phases      ] GC(20) Adjust Roots 0.187ms
[0.373s][info][gc,phases,start] GC(20) Compaction Phase
[0.385s][info][gc,phases      ] GC(20) Compaction Phase 11.335ms
[0.385s][info][gc,phases,start] GC(20) Post Compact
[0.385s][info][gc,phases      ] GC(20) Post Compact 0.124ms
[0.385s][info][gc,heap        ] GC(20) PSYoungGen: 4800K(20480K)->2206K(20480K) Eden: 0K(12288K)->0K(12288K) From: 4800K(8192K)->2206K(8192K)
[0.385s][info][gc,heap        ] GC(20) ParOldGen: 26314K(28672K)->28232K(39936K)
[0.385s][info][gc,metaspace   ] GC(20) Metaspace: 6302K(6464K)->6302K(6464K) NonClass: 5769K(5824K)->5769K(5824K) Class: 533K(640K)->533K(640K)
[0.385s][info][gc             ] GC(20) Pause Full (Ergonomics) 30M->29M(59M) 25.248ms
[0.385s][info][gc,cpu         ] GC(20) User=0.00s Sys=0.00s Real=0.03s
[0.396s][info][gc,start       ] GC(21) Pause Young (Allocation Failure)
[0.407s][info][gc,heap        ] GC(21) PSYoungGen: 14494K(20480K)->8192K(20480K) Eden: 12288K(12288K)->0K(12288K) From: 2206K(8192K)->8192K(8192K)
[0.407s][info][gc,heap        ] GC(21) ParOldGen: 28232K(39936K)->33816K(39936K)
[0.407s][info][gc,metaspace   ] GC(21) Metaspace: 6302K(6464K)->6302K(6464K) NonClass: 5769K(5824K)->5769K(5824K) Class: 533K(640K)->533K(640K)
[0.407s][info][gc             ] GC(21) Pause Young (Allocation Failure) 41M->41M(59M) 11.342ms
[0.407s][info][gc,cpu         ] GC(21) User=0.00s Sys=0.00s Real=0.01s
[0.407s][info][gc,start       ] GC(22) Pause Full (Ergonomics)
[0.407s][info][gc,phases,start] GC(22) Marking Phase
[0.424s][info][gc,phases      ] GC(22) Marking Phase 17.290ms
[0.425s][info][gc,phases,start] GC(22) Summary Phase
[0.425s][info][gc,phases      ] GC(22) Summary Phase 0.019ms
[0.425s][info][gc,phases,start] GC(22) Adjust Roots
[0.425s][info][gc,phases      ] GC(22) Adjust Roots 0.162ms
[0.425s][info][gc,phases,start] GC(22) Compaction Phase
[0.436s][info][gc,phases      ] GC(22) Compaction Phase 11.160ms
[0.436s][info][gc,phases,start] GC(22) Post Compact
[0.436s][info][gc,phases      ] GC(22) Post Compact 0.204ms
[0.436s][info][gc,heap        ] GC(22) PSYoungGen: 8192K(20480K)->2044K(20480K) Eden: 0K(12288K)->0K(12288K) From: 8192K(8192K)->2044K(8192K)
[0.436s][info][gc,heap        ] GC(22) ParOldGen: 33816K(39936K)->39852K(54272K)
[0.436s][info][gc,metaspace   ] GC(22) Metaspace: 6302K(6464K)->6302K(6464K) NonClass: 5769K(5824K)->5769K(5824K) Class: 533K(640K)->533K(640K)
[0.436s][info][gc             ] GC(22) Pause Full (Ergonomics) 41M->40M(73M) 29.235ms
[0.436s][info][gc,cpu         ] GC(22) User=0.03s Sys=0.00s Real=0.03s
[0.452s][info][gc,start       ] GC(23) Pause Young (Allocation Failure)
[0.466s][info][gc,heap        ] GC(23) PSYoungGen: 14332K(20480K)->11744K(24064K) Eden: 12288K(12288K)->0K(12288K) From: 2044K(8192K)->11744K(11776K)
[0.466s][info][gc,heap        ] GC(23) ParOldGen: 39852K(54272K)->42484K(54272K)
[0.466s][info][gc,metaspace   ] GC(23) Metaspace: 6302K(6464K)->6302K(6464K) NonClass: 5769K(5824K)->5769K(5824K) Class: 533K(640K)->533K(640K)
[0.466s][info][gc             ] GC(23) Pause Young (Allocation Failure) 52M->52M(76M) 13.781ms
[0.466s][info][gc,cpu         ] GC(23) User=0.00s Sys=0.00s Real=0.02s
[0.479s][info][gc,start       ] GC(24) Pause Young (Allocation Failure)
[0.494s][info][gc,heap        ] GC(24) PSYoungGen: 24032K(24064K)->12320K(26624K) Eden: 12288K(12288K)->0K(12288K) From: 11744K(11776K)->12320K(14336K)
[0.494s][info][gc,heap        ] GC(24) ParOldGen: 42484K(54272K)->54372K(54784K)
[0.494s][info][gc,metaspace   ] GC(24) Metaspace: 6302K(6464K)->6302K(6464K) NonClass: 5769K(5824K)->5769K(5824K) Class: 533K(640K)->533K(640K)
[0.495s][info][gc             ] GC(24) Pause Young (Allocation Failure) 64M->65M(79M) 15.116ms
[0.495s][info][gc,cpu         ] GC(24) User=0.00s Sys=0.00s Real=0.01s
[0.495s][info][gc,start       ] GC(25) Pause Full (Ergonomics)
[0.495s][info][gc,phases,start] GC(25) Marking Phase
[0.519s][info][gc,phases      ] GC(25) Marking Phase 24.824ms
[0.520s][info][gc,phases,start] GC(25) Summary Phase
[0.520s][info][gc,phases      ] GC(25) Summary Phase 0.019ms
[0.520s][info][gc,phases,start] GC(25) Adjust Roots
[0.520s][info][gc,phases      ] GC(25) Adjust Roots 0.164ms
[0.520s][info][gc,phases,start] GC(25) Compaction Phase
[0.540s][info][gc,phases      ] GC(25) Compaction Phase 20.625ms
[0.540s][info][gc,phases,start] GC(25) Post Compact
[0.541s][info][gc,phases      ] GC(25) Post Compact 0.252ms
[0.541s][info][gc,heap        ] GC(25) PSYoungGen: 12320K(26624K)->10723K(26624K) Eden: 0K(12288K)->0K(12288K) From: 12320K(14336K)->10723K(14336K)
[0.541s][info][gc,heap        ] GC(25) ParOldGen: 54372K(54784K)->54667K(73728K)
[0.541s][info][gc,metaspace   ] GC(25) Metaspace: 6302K(6464K)->6302K(6464K) NonClass: 5769K(5824K)->5769K(5824K) Class: 533K(640K)->533K(640K)
[0.541s][info][gc             ] GC(25) Pause Full (Ergonomics) 65M->63M(98M) 46.246ms
[0.541s][info][gc,cpu         ] GC(25) User=0.03s Sys=0.00s Real=0.05s
[0.553s][info][gc,start       ] GC(26) Pause Young (Allocation Failure)
[0.572s][info][gc,heap        ] GC(26) PSYoungGen: 23011K(26624K)->16384K(26112K) Eden: 12288K(12288K)->0K(9728K) From: 10723K(14336K)->16384K(16384K)
[0.572s][info][gc,heap        ] GC(26) ParOldGen: 54667K(73728K)->61411K(73728K)
[0.572s][info][gc,metaspace   ] GC(26) Metaspace: 6302K(6464K)->6302K(6464K) NonClass: 5769K(5824K)->5769K(5824K) Class: 533K(640K)->533K(640K)
[0.572s][info][gc             ] GC(26) Pause Young (Allocation Failure) 75M->75M(97M) 19.382ms
[0.572s][info][gc,cpu         ] GC(26) User=0.02s Sys=0.02s Real=0.02s
[0.583s][info][gc,start       ] GC(27) Pause Young (Allocation Failure)
[0.602s][info][gc,heap        ] GC(27) PSYoungGen: 26112K(26112K)->9760K(31232K) Eden: 9728K(9728K)->0K(9728K) From: 16384K(16384K)->9760K(21504K)
[0.602s][info][gc,heap        ] GC(27) ParOldGen: 61411K(73728K)->78027K(78336K)
[0.602s][info][gc,metaspace   ] GC(27) Metaspace: 6302K(6464K)->6302K(6464K) NonClass: 5769K(5824K)->5769K(5824K) Class: 533K(640K)->533K(640K)
[0.602s][info][gc             ] GC(27) Pause Young (Allocation Failure) 85M->85M(107M) 19.015ms
[0.602s][info][gc,cpu         ] GC(27) User=0.02s Sys=0.00s Real=0.02s
[0.602s][info][gc,start       ] GC(28) Pause Full (Ergonomics)
[0.602s][info][gc,phases,start] GC(28) Marking Phase
[0.635s][info][gc,phases      ] GC(28) Marking Phase 33.385ms
[0.635s][info][gc,phases,start] GC(28) Summary Phase
[0.636s][info][gc,phases      ] GC(28) Summary Phase 0.020ms
[0.636s][info][gc,phases,start] GC(28) Adjust Roots
[0.636s][info][gc,phases      ] GC(28) Adjust Roots 0.176ms
[0.636s][info][gc,phases,start] GC(28) Compaction Phase
[0.658s][info][gc,phases      ] GC(28) Compaction Phase 22.275ms
[0.658s][info][gc,phases,start] GC(28) Post Compact
[0.659s][info][gc,phases      ] GC(28) Post Compact 0.412ms
[0.659s][info][gc,heap        ] GC(28) PSYoungGen: 9760K(31232K)->9187K(31232K) Eden: 0K(9728K)->0K(9728K) From: 9760K(21504K)->9187K(21504K)
[0.659s][info][gc,heap        ] GC(28) ParOldGen: 78027K(78336K)->78160K(103424K)
[0.659s][info][gc,metaspace   ] GC(28) Metaspace: 6302K(6464K)->6302K(6464K) NonClass: 5769K(5824K)->5769K(5824K) Class: 533K(640K)->533K(640K)
[0.659s][info][gc             ] GC(28) Pause Full (Ergonomics) 85M->85M(131M) 56.721ms
[0.659s][info][gc,cpu         ] GC(28) User=0.09s Sys=0.00s Real=0.06s
[0.677s][info][gc,start       ] GC(29) Pause Young (Allocation Failure)
[0.691s][info][gc,heap        ] GC(29) PSYoungGen: 18915K(31232K)->9792K(30720K) Eden: 9728K(9728K)->0K(11776K) From: 9187K(21504K)->9792K(18944K)
[0.691s][info][gc,heap        ] GC(29) ParOldGen: 78160K(103424K)->87504K(103424K)
[0.691s][info][gc,metaspace   ] GC(29) Metaspace: 6302K(6464K)->6302K(6464K) NonClass: 5769K(5824K)->5769K(5824K) Class: 533K(640K)->533K(640K)
[0.691s][info][gc             ] GC(29) Pause Young (Allocation Failure) 94M->95M(131M) 13.680ms
[0.691s][info][gc,cpu         ] GC(29) User=0.00s Sys=0.00s Real=0.01s
[0.702s][info][gc,start       ] GC(30) Pause Young (Allocation Failure)
[0.712s][info][gc,heap        ] GC(30) PSYoungGen: 21568K(30720K)->19936K(31744K) Eden: 11776K(11776K)->0K(11776K) From: 9792K(18944K)->19936K(19968K)
[0.712s][info][gc,heap        ] GC(30) ParOldGen: 87504K(103424K)->89096K(103424K)
[0.712s][info][gc,metaspace   ] GC(30) Metaspace: 6302K(6464K)->6302K(6464K) NonClass: 5769K(5824K)->5769K(5824K) Class: 533K(640K)->533K(640K)
[0.712s][info][gc             ] GC(30) Pause Young (Allocation Failure) 106M->106M(132M) 10.178ms
[0.712s][info][gc,cpu         ] GC(30) User=0.00s Sys=0.00s Real=0.01s
[0.712s][info][gc,start       ] GC(31) Pause Full (Ergonomics)
[0.712s][info][gc,phases,start] GC(31) Marking Phase
[0.742s][info][gc,phases      ] GC(31) Marking Phase 29.744ms
[0.742s][info][gc,phases,start] GC(31) Summary Phase
[0.742s][info][gc,phases      ] GC(31) Summary Phase 0.020ms
[0.742s][info][gc,phases,start] GC(31) Adjust Roots
[0.742s][info][gc,phases      ] GC(31) Adjust Roots 0.152ms
[0.742s][info][gc,phases,start] GC(31) Compaction Phase
[0.768s][info][gc,phases      ] GC(31) Compaction Phase 26.143ms
[0.768s][info][gc,phases,start] GC(31) Post Compact
[0.768s][info][gc,phases      ] GC(31) Post Compact 0.378ms
[0.769s][info][gc,heap        ] GC(31) PSYoungGen: 19936K(31744K)->3545K(31744K) Eden: 0K(11776K)->0K(11776K) From: 19936K(19968K)->3545K(19968K)
[0.769s][info][gc,heap        ] GC(31) ParOldGen: 89096K(103424K)->103212K(131072K)
[0.769s][info][gc,metaspace   ] GC(31) Metaspace: 6302K(6464K)->6302K(6464K) NonClass: 5769K(5824K)->5769K(5824K) Class: 533K(640K)->533K(640K)
[0.769s][info][gc             ] GC(31) Pause Full (Ergonomics) 106M->104M(159M) 56.829ms
[0.769s][info][gc,cpu         ] GC(31) User=0.09s Sys=0.00s Real=0.06s
[0.780s][info][gc,start       ] GC(32) Pause Young (Allocation Failure)
[0.795s][info][gc,heap        ] GC(32) PSYoungGen: 15321K(31744K)->11808K(37376K) Eden: 11776K(11776K)->0K(14336K) From: 3545K(19968K)->11808K(23040K)
[0.796s][info][gc,heap        ] GC(32) ParOldGen: 103212K(131072K)->106820K(131072K)
[0.796s][info][gc,metaspace   ] GC(32) Metaspace: 6302K(6464K)->6302K(6464K) NonClass: 5769K(5824K)->5769K(5824K) Class: 533K(640K)->533K(640K)
[0.796s][info][gc             ] GC(32) Pause Young (Allocation Failure) 115M->115M(164M) 15.255ms
[0.796s][info][gc,cpu         ] GC(32) User=0.00s Sys=0.00s Real=0.02s
[0.809s][info][gc,start       ] GC(33) Pause Young (Allocation Failure)
[0.823s][info][gc,heap        ] GC(33) PSYoungGen: 26144K(37376K)->23552K(37888K) Eden: 14336K(14336K)->0K(14336K) From: 11808K(23040K)->23552K(23552K)
[0.823s][info][gc,heap        ] GC(33) ParOldGen: 106820K(131072K)->109412K(131072K)
[0.823s][info][gc,metaspace   ] GC(33) Metaspace: 6302K(6464K)->6302K(6464K) NonClass: 5769K(5824K)->5769K(5824K) Class: 533K(640K)->533K(640K)
[0.823s][info][gc             ] GC(33) Pause Young (Allocation Failure) 129M->129M(165M) 14.285ms
[0.823s][info][gc,cpu         ] GC(33) User=0.00s Sys=0.00s Real=0.01s
[0.837s][info][gc,start       ] GC(34) Pause Young (Allocation Failure)
[0.860s][info][gc,heap        ] GC(34) PSYoungGen: 37888K(37888K)->14400K(43520K) Eden: 14336K(14336K)->0K(16896K) From: 23552K(23552K)->14400K(26624K)
[0.860s][info][gc,heap        ] GC(34) ParOldGen: 109412K(131072K)->133300K(133632K)
[0.860s][info][gc,metaspace   ] GC(34) Metaspace: 6302K(6464K)->6302K(6464K) NonClass: 5769K(5824K)->5769K(5824K) Class: 533K(640K)->533K(640K)
[0.860s][info][gc             ] GC(34) Pause Young (Allocation Failure) 143M->144M(173M) 22.517ms
[0.860s][info][gc,cpu         ] GC(34) User=0.02s Sys=0.02s Real=0.02s
[0.860s][info][gc,start       ] GC(35) Pause Full (Ergonomics)
[0.860s][info][gc,phases,start] GC(35) Marking Phase
[0.890s][info][gc,phases      ] GC(35) Marking Phase 30.049ms
[0.890s][info][gc,phases,start] GC(35) Summary Phase
[0.890s][info][gc,phases      ] GC(35) Summary Phase 0.016ms
[0.890s][info][gc,phases,start] GC(35) Adjust Roots
[0.890s][info][gc,phases      ] GC(35) Adjust Roots 0.155ms
[0.890s][info][gc,phases,start] GC(35) Compaction Phase
[0.912s][info][gc,phases      ] GC(35) Compaction Phase 21.675ms
[0.912s][info][gc,phases,start] GC(35) Post Compact
[0.913s][info][gc,phases      ] GC(35) Post Compact 0.797ms
[0.913s][info][gc,heap        ] GC(35) PSYoungGen: 14400K(43520K)->13789K(44544K) Eden: 0K(16896K)->0K(17920K) From: 14400K(26624K)->13789K(26624K)
[0.913s][info][gc,heap        ] GC(35) ParOldGen: 133300K(133632K)->133316K(167936K)
[0.913s][info][gc,metaspace   ] GC(35) Metaspace: 6302K(6464K)->6302K(6464K) NonClass: 5769K(5824K)->5769K(5824K) Class: 533K(640K)->533K(640K)
[0.913s][info][gc             ] GC(35) Pause Full (Ergonomics) 144M->143M(207M) 53.199ms
[0.913s][info][gc,cpu         ] GC(35) User=0.08s Sys=0.00s Real=0.05s
[0.930s][info][gc,start       ] GC(36) Pause Young (Allocation Failure)
[0.954s][info][gc,heap        ] GC(36) PSYoungGen: 31709K(44544K)->17984K(45568K) Eden: 17920K(17920K)->0K(17920K) From: 13789K(26624K)->17984K(27648K)
[0.954s][info][gc,heap        ] GC(36) ParOldGen: 133316K(167936K)->147348K(167936K)
[0.954s][info][gc,metaspace   ] GC(36) Metaspace: 6302K(6464K)->6302K(6464K) NonClass: 5769K(5824K)->5769K(5824K) Class: 533K(640K)->533K(640K)
[0.954s][info][gc             ] GC(36) Pause Young (Allocation Failure) 161M->161M(208M) 23.325ms
[0.954s][info][gc,cpu         ] GC(36) User=0.08s Sys=0.00s Real=0.02s
[0.954s][info][gc,start       ] GC(37) Pause Full (Ergonomics)
[0.954s][info][gc,phases,start] GC(37) Marking Phase
[0.994s][info][gc,phases      ] GC(37) Marking Phase 39.954ms
[0.994s][info][gc,phases,start] GC(37) Summary Phase
[0.994s][info][gc,phases      ] GC(37) Summary Phase 0.022ms
[0.994s][info][gc,phases,start] GC(37) Adjust Roots
[0.994s][info][gc,phases      ] GC(37) Adjust Roots 0.161ms
[0.994s][info][gc,phases,start] GC(37) Compaction Phase
[1.015s][info][gc,phases      ] GC(37) Compaction Phase 21.016ms
[1.015s][info][gc,phases,start] GC(37) Post Compact
[1.016s][info][gc,phases      ] GC(37) Post Compact 0.864ms
[1.016s][info][gc,heap        ] GC(37) PSYoungGen: 17984K(45568K)->0K(48128K) Eden: 0K(17920K)->0K(20480K) From: 17984K(27648K)->0K(27648K)
[1.016s][info][gc,heap        ] GC(37) ParOldGen: 147348K(167936K)->164991K(203264K)
[1.016s][info][gc,metaspace   ] GC(37) Metaspace: 6302K(6464K)->6302K(6464K) NonClass: 5769K(5824K)->5769K(5824K) Class: 533K(640K)->533K(640K)
[1.016s][info][gc             ] GC(37) Pause Full (Ergonomics) 161M->161M(245M) 62.630ms
[1.017s][info][gc,cpu         ] GC(37) User=0.19s Sys=0.03s Real=0.06s
[1.053s][info][gc,start       ] GC(38) Pause Young (Allocation Failure)
[1.069s][info][gc,heap        ] GC(38) PSYoungGen: 20480K(48128K)->20544K(48640K) Eden: 20480K(20480K)->0K(20480K) From: 0K(27648K)->20544K(28160K)
[1.069s][info][gc,heap        ] GC(38) ParOldGen: 164991K(203264K)->164991K(203264K)
[1.069s][info][gc,metaspace   ] GC(38) Metaspace: 6302K(6464K)->6302K(6464K) NonClass: 5769K(5824K)->5769K(5824K) Class: 533K(640K)->533K(640K)
[1.069s][info][gc             ] GC(38) Pause Young (Allocation Failure) 181M->181M(246M) 16.757ms
[1.069s][info][gc,cpu         ] GC(38) User=0.02s Sys=0.00s Real=0.02s
[1.089s][info][gc,start       ] GC(39) Pause Young (Allocation Failure)
[1.115s][info][gc,heap        ] GC(39) PSYoungGen: 41024K(48640K)->29664K(40960K) Eden: 20480K(20480K)->0K(11264K) From: 20544K(28160K)->29664K(29696K)
[1.115s][info][gc,heap        ] GC(39) ParOldGen: 164991K(203264K)->184783K(203264K)
[1.115s][info][gc,metaspace   ] GC(39) Metaspace: 6302K(6464K)->6302K(6464K) NonClass: 5769K(5824K)->5769K(5824K) Class: 533K(640K)->533K(640K)
[1.115s][info][gc             ] GC(39) Pause Young (Allocation Failure) 201M->209M(238M) 26.230ms
[1.115s][info][gc,cpu         ] GC(39) User=0.03s Sys=0.00s Real=0.03s
[1.115s][info][gc,start       ] GC(40) Pause Full (Ergonomics)
[1.115s][info][gc,phases,start] GC(40) Marking Phase
[1.164s][info][gc,phases      ] GC(40) Marking Phase 48.898ms
[1.164s][info][gc,phases,start] GC(40) Summary Phase
[1.164s][info][gc,phases      ] GC(40) Summary Phase 0.021ms
[1.164s][info][gc,phases,start] GC(40) Adjust Roots
[1.165s][info][gc,phases      ] GC(40) Adjust Roots 0.145ms
[1.165s][info][gc,phases,start] GC(40) Compaction Phase
[1.201s][info][gc,phases      ] GC(40) Compaction Phase 36.449ms
[1.201s][info][gc,phases,start] GC(40) Post Compact
[1.202s][info][gc,phases      ] GC(40) Post Compact 1.084ms
[1.203s][info][gc,heap        ] GC(40) PSYoungGen: 29664K(40960K)->0K(52736K) Eden: 0K(11264K)->0K(11264K) From: 29664K(29696K)->0K(41472K)
[1.203s][info][gc,heap        ] GC(40) ParOldGen: 184783K(203264K)->201804K(244736K)
[1.203s][info][gc,metaspace   ] GC(40) Metaspace: 6302K(6464K)->6302K(6464K) NonClass: 5769K(5824K)->5769K(5824K) Class: 533K(640K)->533K(640K)
[1.203s][info][gc             ] GC(40) Pause Full (Ergonomics) 209M->197M(290M) 87.260ms
[1.203s][info][gc,cpu         ] GC(40) User=0.31s Sys=0.00s Real=0.09s
[1.215s][info][gc,start       ] GC(41) Pause Young (Allocation Failure)
[1.223s][info][gc,heap        ] GC(41) PSYoungGen: 11264K(52736K)->11360K(50688K) Eden: 11264K(11264K)->0K(12800K) From: 0K(41472K)->11360K(37888K)
[1.223s][info][gc,heap        ] GC(41) ParOldGen: 201804K(244736K)->201804K(244736K)
[1.223s][info][gc,metaspace   ] GC(41) Metaspace: 6302K(6464K)->6302K(6464K) NonClass: 5769K(5824K)->5769K(5824K) Class: 533K(640K)->533K(640K)
[1.223s][info][gc             ] GC(41) Pause Young (Allocation Failure) 208M->208M(288M) 7.248ms
[1.223s][info][gc,cpu         ] GC(41) User=0.00s Sys=0.00s Real=0.01s
[1.236s][info][gc,start       ] GC(42) Pause Young (Allocation Failure)
[1.248s][info][gc,heap        ] GC(42) PSYoungGen: 24160K(50688K)->24160K(52736K) Eden: 12800K(12800K)->0K(12800K) From: 11360K(37888K)->24160K(39936K)
[1.248s][info][gc,heap        ] GC(42) ParOldGen: 201804K(244736K)->201804K(244736K)
[1.248s][info][gc,metaspace   ] GC(42) Metaspace: 6302K(6464K)->6302K(6464K) NonClass: 5769K(5824K)->5769K(5824K) Class: 533K(640K)->533K(640K)
[1.248s][info][gc             ] GC(42) Pause Young (Allocation Failure) 220M->220M(290M) 12.431ms
[1.248s][info][gc,cpu         ] GC(42) User=0.00s Sys=0.00s Real=0.01s
[1.262s][info][gc,start       ] GC(43) Pause Young (Allocation Failure)
[1.280s][info][gc,heap        ] GC(43) PSYoungGen: 36960K(52736K)->36960K(50176K) Eden: 12800K(12800K)->0K(9728K) From: 24160K(39936K)->36960K(40448K)
[1.280s][info][gc,heap        ] GC(43) ParOldGen: 201804K(244736K)->201804K(244736K)
[1.280s][info][gc,metaspace   ] GC(43) Metaspace: 6302K(6464K)->6302K(6464K) NonClass: 5769K(5824K)->5769K(5824K) Class: 533K(640K)->533K(640K)
[1.280s][info][gc             ] GC(43) Pause Young (Allocation Failure) 233M->233M(288M) 17.765ms
[1.280s][info][gc,cpu         ] GC(43) User=0.08s Sys=0.03s Real=0.02s
[1.290s][info][gc,start       ] GC(44) Pause Young (Allocation Failure)
[1.311s][info][gc,heap        ] GC(44) PSYoungGen: 46688K(50176K)->45568K(55296K) Eden: 9728K(9728K)->0K(9728K) From: 36960K(40448K)->45568K(45568K)
[1.311s][info][gc,heap        ] GC(44) ParOldGen: 201804K(244736K)->202836K(244736K)
[1.311s][info][gc,metaspace   ] GC(44) Metaspace: 6302K(6464K)->6302K(6464K) NonClass: 5769K(5824K)->5769K(5824K) Class: 533K(640K)->533K(640K)
[1.311s][info][gc             ] GC(44) Pause Young (Allocation Failure) 242M->242M(293M) 20.633ms
[1.311s][info][gc,cpu         ] GC(44) User=0.06s Sys=0.00s Real=0.02s
[1.322s][info][gc,start       ] GC(45) Pause Young (Allocation Failure)
[1.347s][info][gc,heap        ] GC(45) PSYoungGen: 55296K(55296K)->44480K(59392K) Eden: 9728K(9728K)->0K(6144K) From: 45568K(45568K)->44480K(53248K)
[1.347s][info][gc,heap        ] GC(45) ParOldGen: 202836K(244736K)->213916K(244736K)
[1.347s][info][gc,metaspace   ] GC(45) Metaspace: 6302K(6464K)->6302K(6464K) NonClass: 5769K(5824K)->5769K(5824K) Class: 533K(640K)->533K(640K)
[1.347s][info][gc             ] GC(45) Pause Young (Allocation Failure) 252M->252M(297M) 25.164ms
[1.347s][info][gc,cpu         ] GC(45) User=0.03s Sys=0.00s Real=0.02s
[1.354s][info][gc,start       ] GC(46) Pause Young (Allocation Failure)
[1.377s][info][gc,heap        ] GC(46) PSYoungGen: 50624K(59392K)->25408K(31744K) Eden: 6144K(6144K)->0K(6144K) From: 44480K(53248K)->25408K(25600K)
[1.377s][info][gc,heap        ] GC(46) ParOldGen: 213916K(244736K)->239436K(244736K)
[1.377s][info][gc,metaspace   ] GC(46) Metaspace: 6302K(6464K)->6302K(6464K) NonClass: 5769K(5824K)->5769K(5824K) Class: 533K(640K)->533K(640K)
[1.377s][info][gc             ] GC(46) Pause Young (Allocation Failure) 258M->258M(270M) 22.815ms
[1.377s][info][gc,cpu         ] GC(46) User=0.12s Sys=0.00s Real=0.02s
[1.377s][info][gc,start       ] GC(47) Pause Full (Ergonomics)
[1.377s][info][gc,phases,start] GC(47) Marking Phase
[1.436s][info][gc,phases      ] GC(47) Marking Phase 59.328ms
[1.436s][info][gc,phases,start] GC(47) Summary Phase
[1.436s][info][gc,phases      ] GC(47) Summary Phase 0.018ms
[1.436s][info][gc,phases,start] GC(47) Adjust Roots
[1.436s][info][gc,phases      ] GC(47) Adjust Roots 0.149ms
[1.436s][info][gc,phases,start] GC(47) Compaction Phase
[1.467s][info][gc,phases      ] GC(47) Compaction Phase 31.096ms
[1.468s][info][gc,phases,start] GC(47) Post Compact
[1.469s][info][gc,phases      ] GC(47) Post Compact 1.242ms
[1.469s][info][gc,heap        ] GC(47) PSYoungGen: 25408K(31744K)->19614K(31744K) Eden: 0K(6144K)->0K(6144K) From: 25408K(25600K)->19614K(25600K)
[1.469s][info][gc,heap        ] GC(47) ParOldGen: 239436K(244736K)->244465K(292864K)
[1.469s][info][gc,metaspace   ] GC(47) Metaspace: 6302K(6464K)->6302K(6464K) NonClass: 5769K(5824K)->5769K(5824K) Class: 533K(640K)->533K(640K)
[1.469s][info][gc             ] GC(47) Pause Full (Ergonomics) 258M->257M(317M) 92.311ms
[1.469s][info][gc,cpu         ] GC(47) User=0.36s Sys=0.02s Real=0.09s
[1.476s][info][gc,start       ] GC(48) Pause Young (Allocation Failure)
[1.497s][info][gc,heap        ] GC(48) PSYoungGen: 25758K(31744K)->10976K(60928K) Eden: 6144K(6144K)->0K(7168K) From: 19614K(25600K)->10976K(53760K)
[1.497s][info][gc,heap        ] GC(48) ParOldGen: 244465K(292864K)->259537K(292864K)
[1.497s][info][gc,metaspace   ] GC(48) Metaspace: 6302K(6464K)->6302K(6464K) NonClass: 5769K(5824K)->5769K(5824K) Class: 533K(640K)->533K(640K)
[1.497s][info][gc             ] GC(48) Pause Young (Allocation Failure) 263M->264M(345M) 21.378ms
[1.497s][info][gc,cpu         ] GC(48) User=0.08s Sys=0.03s Real=0.02s
[1.505s][info][gc,start       ] GC(49) Pause Young (Allocation Failure)
[1.514s][info][gc,heap        ] GC(49) PSYoungGen: 18144K(60928K)->13440K(61952K) Eden: 7168K(7168K)->0K(7168K) From: 10976K(53760K)->13440K(54784K)
[1.514s][info][gc,heap        ] GC(49) ParOldGen: 259537K(292864K)->264401K(292864K)
[1.514s][info][gc,metaspace   ] GC(49) Metaspace: 6302K(6464K)->6302K(6464K) NonClass: 5769K(5824K)->5769K(5824K) Class: 533K(640K)->533K(640K)
[1.514s][info][gc             ] GC(49) Pause Young (Allocation Failure) 271M->271M(346M) 9.771ms
[1.515s][info][gc,cpu         ] GC(49) User=0.00s Sys=0.00s Real=0.01s
[1.523s][info][gc,start       ] GC(50) Pause Young (Allocation Failure)
[1.533s][info][gc,heap        ] GC(50) PSYoungGen: 20608K(61952K)->7296K(60928K) Eden: 7168K(7168K)->0K(8704K) From: 13440K(54784K)->7296K(52224K)
[1.533s][info][gc,heap        ] GC(50) ParOldGen: 264401K(292864K)->277873K(292864K)
[1.533s][info][gc,metaspace   ] GC(50) Metaspace: 6302K(6464K)->6302K(6464K) NonClass: 5769K(5824K)->5769K(5824K) Class: 533K(640K)->533K(640K)
[1.533s][info][gc             ] GC(50) Pause Young (Allocation Failure) 278M->278M(345M) 10.542ms
[1.533s][info][gc,cpu         ] GC(50) User=0.02s Sys=0.00s Real=0.01s
[1.533s][info][gc,start       ] GC(51) Pause Full (Ergonomics)
[1.533s][info][gc,phases,start] GC(51) Marking Phase
[1.592s][info][gc,phases      ] GC(51) Marking Phase 59.027ms
[1.592s][info][gc,phases,start] GC(51) Summary Phase
[1.592s][info][gc,phases      ] GC(51) Summary Phase 0.020ms
[1.592s][info][gc,phases,start] GC(51) Adjust Roots
[1.592s][info][gc,phases      ] GC(51) Adjust Roots 0.152ms
[1.592s][info][gc,phases,start] GC(51) Compaction Phase
[1.621s][info][gc,phases      ] GC(51) Compaction Phase 28.458ms
[1.621s][info][gc,phases,start] GC(51) Post Compact
[1.622s][info][gc,phases      ] GC(51) Post Compact 1.391ms
[1.623s][info][gc,heap        ] GC(51) PSYoungGen: 7296K(60928K)->0K(61440K) Eden: 0K(8704K)->0K(8704K) From: 7296K(52224K)->0K(52736K)
[1.623s][info][gc,heap        ] GC(51) ParOldGen: 277873K(292864K)->284471K(334848K)
[1.623s][info][gc,metaspace   ] GC(51) Metaspace: 6302K(6464K)->6302K(6464K) NonClass: 5769K(5824K)->5769K(5824K) Class: 533K(640K)->533K(640K)
[1.623s][info][gc             ] GC(51) Pause Full (Ergonomics) 278M->277M(387M) 89.587ms
[1.623s][info][gc,cpu         ] GC(51) User=0.50s Sys=0.02s Real=0.09s
[1.633s][info][gc,start       ] GC(52) Pause Young (Allocation Failure)
[1.639s][info][gc,heap        ] GC(52) PSYoungGen: 8704K(61440K)->8864K(59904K) Eden: 8704K(8704K)->0K(10240K) From: 0K(52736K)->8864K(49664K)
[1.639s][info][gc,heap        ] GC(52) ParOldGen: 284471K(334848K)->284471K(334848K)
[1.639s][info][gc,metaspace   ] GC(52) Metaspace: 6302K(6464K)->6302K(6464K) NonClass: 5769K(5824K)->5769K(5824K) Class: 533K(640K)->533K(640K)
[1.639s][info][gc             ] GC(52) Pause Young (Allocation Failure) 286M->286M(385M) 5.438ms
[1.639s][info][gc,cpu         ] GC(52) User=0.00s Sys=0.00s Real=0.01s
[1.650s][info][gc,start       ] GC(53) Pause Young (Allocation Failure)
[1.660s][info][gc,heap        ] GC(53) PSYoungGen: 19104K(59904K)->19040K(29696K) Eden: 10240K(10240K)->0K(10240K) From: 8864K(49664K)->19040K(19456K)
[1.660s][info][gc,heap        ] GC(53) ParOldGen: 284471K(334848K)->284471K(334848K)
[1.660s][info][gc,metaspace   ] GC(53) Metaspace: 6302K(6464K)->6302K(6464K) NonClass: 5769K(5824K)->5769K(5824K) Class: 533K(640K)->533K(640K)
[1.660s][info][gc             ] GC(53) Pause Young (Allocation Failure) 296M->296M(356M) 9.601ms
[1.660s][info][gc,cpu         ] GC(53) User=0.03s Sys=0.00s Real=0.01s
[1.672s][info][gc,start       ] GC(54) Pause Young (Allocation Failure)
[1.686s][info][gc,heap        ] GC(54) PSYoungGen: 29280K(29696K)->29312K(58880K) Eden: 10240K(10240K)->0K(10752K) From: 19040K(19456K)->29312K(48128K)
[1.686s][info][gc,heap        ] GC(54) ParOldGen: 284471K(334848K)->284471K(334848K)
[1.686s][info][gc,metaspace   ] GC(54) Metaspace: 6302K(6464K)->6302K(6464K) NonClass: 5769K(5824K)->5769K(5824K) Class: 533K(640K)->533K(640K)
[1.686s][info][gc             ] GC(54) Pause Young (Allocation Failure) 306M->306M(384M) 14.106ms
[1.686s][info][gc,cpu         ] GC(54) User=0.00s Sys=0.00s Real=0.01s
[1.699s][info][gc,start       ] GC(55) Pause Young (Allocation Failure)
[1.717s][info][gc,heap        ] GC(55) PSYoungGen: 40064K(58880K)->31328K(59904K) Eden: 10752K(10752K)->0K(10752K) From: 29312K(48128K)->31328K(49152K)
[1.717s][info][gc,heap        ] GC(55) ParOldGen: 284471K(334848K)->293287K(334848K)
[1.717s][info][gc,metaspace   ] GC(55) Metaspace: 6302K(6464K)->6302K(6464K) NonClass: 5769K(5824K)->5769K(5824K) Class: 533K(640K)->533K(640K)
[1.717s][info][gc             ] GC(55) Pause Young (Allocation Failure) 316M->317M(385M) 18.325ms
[1.717s][info][gc,cpu         ] GC(55) User=0.12s Sys=0.00s Real=0.02s
[1.729s][info][gc,start       ] GC(56) Pause Young (Allocation Failure)
[1.749s][info][gc,heap        ] GC(56) PSYoungGen: 42080K(59904K)->31904K(61440K) Eden: 10752K(10752K)->0K(11264K) From: 31328K(49152K)->31904K(50176K)
[1.749s][info][gc,heap        ] GC(56) ParOldGen: 293287K(334848K)->303671K(334848K)
[1.749s][info][gc,metaspace   ] GC(56) Metaspace: 6302K(6464K)->6302K(6464K) NonClass: 5769K(5824K)->5769K(5824K) Class: 533K(640K)->533K(640K)
[1.749s][info][gc             ] GC(56) Pause Young (Allocation Failure) 327M->327M(387M) 19.816ms
[1.749s][info][gc,cpu         ] GC(56) User=0.12s Sys=0.00s Real=0.02s
[1.762s][info][gc,start       ] GC(57) Pause Young (Allocation Failure)
[1.783s][info][gc,heap        ] GC(57) PSYoungGen: 43168K(61440K)->32864K(62464K) Eden: 11264K(11264K)->0K(11264K) From: 31904K(50176K)->32864K(51200K)
[1.783s][info][gc,heap        ] GC(57) ParOldGen: 303671K(334848K)->314055K(334848K)
[1.783s][info][gc,metaspace   ] GC(57) Metaspace: 6302K(6464K)->6302K(6464K) NonClass: 5769K(5824K)->5769K(5824K) Class: 533K(640K)->533K(640K)
[1.783s][info][gc             ] GC(57) Pause Young (Allocation Failure) 338M->338M(388M) 20.896ms
[1.783s][info][gc,cpu         ] GC(57) User=0.14s Sys=0.00s Real=0.02s
[1.783s][info][gc,start       ] GC(58) Pause Full (Ergonomics)
[1.783s][info][gc,phases,start] GC(58) Marking Phase
[1.852s][info][gc,phases      ] GC(58) Marking Phase 69.458ms
[1.852s][info][gc,phases,start] GC(58) Summary Phase
[1.852s][info][gc,phases      ] GC(58) Summary Phase 0.026ms
[1.852s][info][gc,phases,start] GC(58) Adjust Roots
[1.853s][info][gc,phases      ] GC(58) Adjust Roots 0.154ms
[1.853s][info][gc,phases,start] GC(58) Compaction Phase
[1.887s][info][gc,phases      ] GC(58) Compaction Phase 34.335ms
[1.887s][info][gc,phases,start] GC(58) Post Compact
[1.889s][info][gc,phases      ] GC(58) Post Compact 1.748ms
[1.889s][info][gc,heap        ] GC(58) PSYoungGen: 32864K(62464K)->11728K(62464K) Eden: 0K(11264K)->0K(11264K) From: 32864K(51200K)->11728K(51200K)
[1.889s][info][gc,heap        ] GC(58) ParOldGen: 314055K(334848K)->334516K(383488K)
[1.889s][info][gc,metaspace   ] GC(58) Metaspace: 6302K(6464K)->6302K(6464K) NonClass: 5769K(5824K)->5769K(5824K) Class: 533K(640K)->533K(640K)
[1.889s][info][gc             ] GC(58) Pause Full (Ergonomics) 338M->338M(435M) 106.282ms
[1.889s][info][gc,cpu         ] GC(58) User=0.66s Sys=0.02s Real=0.11s
[1.964s][info][gc,start       ] GC(59) Pause Young (Allocation Failure)
[1.988s][info][gc,heap        ] GC(59) PSYoungGen: 22992K(62464K)->15392K(61952K) Eden: 11264K(11264K)->0K(12800K) From: 11728K(51200K)->15392K(49152K)
[1.989s][info][gc,heap        ] GC(59) ParOldGen: 350900K(383488K)->358780K(383488K)
[1.989s][info][gc,metaspace   ] GC(59) Metaspace: 6302K(6464K)->6302K(6464K) NonClass: 5769K(5824K)->5769K(5824K) Class: 533K(640K)->533K(640K)
[1.989s][info][gc             ] GC(59) Pause Young (Allocation Failure) 365M->365M(435M) 24.481ms
[1.989s][info][gc,cpu         ] GC(59) User=0.12s Sys=0.02s Real=0.02s
[2.000s][info][gc,start       ] GC(60) Pause Young (Allocation Failure)
[2.015s][info][gc,heap        ] GC(60) PSYoungGen: 28192K(61952K)->24192K(63488K) Eden: 12800K(12800K)->0K(12800K) From: 15392K(49152K)->24192K(50688K)
[2.015s][info][gc,heap        ] GC(60) ParOldGen: 358780K(383488K)->362836K(383488K)
[2.015s][info][gc,metaspace   ] GC(60) Metaspace: 6302K(6464K)->6302K(6464K) NonClass: 5769K(5824K)->5769K(5824K) Class: 533K(640K)->533K(640K)
[2.015s][info][gc             ] GC(60) Pause Young (Allocation Failure) 377M->377M(436M) 14.535ms
[2.015s][info][gc,cpu         ] GC(60) User=0.02s Sys=0.00s Real=0.02s
[2.015s][info][gc,start       ] GC(61) Pause Full (Ergonomics)
[2.015s][info][gc,phases,start] GC(61) Marking Phase
[2.092s][info][gc,phases      ] GC(61) Marking Phase 77.048ms
[2.092s][info][gc,phases,start] GC(61) Summary Phase
[2.092s][info][gc,phases      ] GC(61) Summary Phase 0.030ms
[2.092s][info][gc,phases,start] GC(61) Adjust Roots
[2.092s][info][gc,phases      ] GC(61) Adjust Roots 0.152ms
[2.092s][info][gc,phases,start] GC(61) Compaction Phase
[2.152s][info][gc,phases      ] GC(61) Compaction Phase 59.790ms
[2.152s][info][gc,phases,start] GC(61) Post Compact
[2.154s][info][gc,phases      ] GC(61) Post Compact 1.938ms
[2.154s][info][gc,heap        ] GC(61) PSYoungGen: 24192K(63488K)->0K(62464K) Eden: 0K(12800K)->0K(14336K) From: 24192K(50688K)->0K(48128K)
[2.155s][info][gc,heap        ] GC(61) ParOldGen: 362836K(383488K)->378440K(428544K)
[2.155s][info][gc,metaspace   ] GC(61) Metaspace: 6302K(6464K)->6302K(6464K) NonClass: 5769K(5824K)->5769K(5824K) Class: 533K(640K)->533K(640K)
[2.155s][info][gc             ] GC(61) Pause Full (Ergonomics) 377M->369M(479M) 139.552ms
[2.155s][info][gc,cpu         ] GC(61) User=0.73s Sys=0.03s Real=0.14s
[2.173s][info][gc,start       ] GC(62) Pause Young (Allocation Failure)
[2.183s][info][gc,heap        ] GC(62) PSYoungGen: 14336K(62464K)->14464K(62976K) Eden: 14336K(14336K)->0K(14336K) From: 0K(48128K)->14464K(48640K)
[2.183s][info][gc,heap        ] GC(62) ParOldGen: 378440K(428544K)->378440K(428544K)
[2.183s][info][gc,metaspace   ] GC(62) Metaspace: 6302K(6464K)->6302K(6464K) NonClass: 5769K(5824K)->5769K(5824K) Class: 533K(640K)->533K(640K)
[2.183s][info][gc             ] GC(62) Pause Young (Allocation Failure) 383M->383M(480M) 9.910ms
[2.183s][info][gc,cpu         ] GC(62) User=0.00s Sys=0.00s Real=0.01s
[2.199s][info][gc,start       ] GC(63) Pause Young (Allocation Failure)
[2.213s][info][gc,heap        ] GC(63) PSYoungGen: 28800K(62976K)->28768K(64000K) Eden: 14336K(14336K)->0K(16384K) From: 14464K(48640K)->28768K(47616K)
[2.213s][info][gc,heap        ] GC(63) ParOldGen: 378440K(428544K)->378440K(428544K)
[2.213s][info][gc,metaspace   ] GC(63) Metaspace: 6302K(6464K)->6302K(6464K) NonClass: 5769K(5824K)->5769K(5824K) Class: 533K(640K)->533K(640K)
[2.213s][info][gc             ] GC(63) Pause Young (Allocation Failure) 397M->397M(481M) 14.403ms
[2.213s][info][gc,cpu         ] GC(63) User=0.02s Sys=0.00s Real=0.02s
[2.230s][info][gc,start       ] GC(64) Pause Young (Allocation Failure)
[2.251s][info][gc,heap        ] GC(64) PSYoungGen: 45152K(64000K)->45184K(64000K) Eden: 16384K(16384K)->0K(16384K) From: 28768K(47616K)->45184K(47616K)
[2.251s][info][gc,heap        ] GC(64) ParOldGen: 378440K(428544K)->378440K(428544K)
[2.251s][info][gc,metaspace   ] GC(64) Metaspace: 6302K(6464K)->6302K(6464K) NonClass: 5769K(5824K)->5769K(5824K) Class: 533K(640K)->533K(640K)
[2.251s][info][gc             ] GC(64) Pause Young (Allocation Failure) 413M->413M(481M) 21.270ms
[2.251s][info][gc,cpu         ] GC(64) User=0.14s Sys=0.00s Real=0.02s
[2.268s][info][gc,start       ] GC(65) Pause Young (Allocation Failure)
[2.296s][info][gc,heap        ] GC(65) PSYoungGen: 61568K(64000K)->53248K(60928K) Eden: 16384K(16384K)->0K(7680K) From: 45184K(47616K)->53248K(53248K)
[2.296s][info][gc,heap        ] GC(65) ParOldGen: 378440K(428544K)->386760K(428544K)
[2.296s][info][gc,metaspace   ] GC(65) Metaspace: 6302K(6464K)->6302K(6464K) NonClass: 5769K(5824K)->5769K(5824K) Class: 533K(640K)->533K(640K)
[2.296s][info][gc             ] GC(65) Pause Young (Allocation Failure) 429M->429M(478M) 28.184ms
[2.296s][info][gc,cpu         ] GC(65) User=0.14s Sys=0.00s Real=0.03s
[2.304s][info][gc,start       ] GC(66) Pause Young (Allocation Failure)
[2.330s][info][gc,heap        ] GC(66) PSYoungGen: 60928K(60928K)->49120K(71680K) Eden: 7680K(7680K)->0K(7680K) From: 53248K(53248K)->49120K(64000K)
[2.330s][info][gc,heap        ] GC(66) ParOldGen: 386760K(428544K)->398840K(428544K)
[2.330s][info][gc,metaspace   ] GC(66) Metaspace: 6302K(6464K)->6302K(6464K) NonClass: 5769K(5824K)->5769K(5824K) Class: 533K(640K)->533K(640K)
[2.330s][info][gc             ] GC(66) Pause Young (Allocation Failure) 437M->437M(488M) 26.336ms
[2.330s][info][gc,cpu         ] GC(66) User=0.14s Sys=0.00s Real=0.03s
[2.338s][info][gc,start       ] GC(67) Pause Young (Allocation Failure)
[2.364s][info][gc,heap        ] GC(67) PSYoungGen: 56800K(71680K)->28896K(70144K) Eden: 7680K(7680K)->0K(9216K) From: 49120K(64000K)->28896K(60928K)
[2.364s][info][gc,heap        ] GC(67) ParOldGen: 398840K(428544K)->427064K(428544K)
[2.364s][info][gc,metaspace   ] GC(67) Metaspace: 6302K(6464K)->6302K(6464K) NonClass: 5769K(5824K)->5769K(5824K) Class: 533K(640K)->533K(640K)
[2.364s][info][gc             ] GC(67) Pause Young (Allocation Failure) 444M->445M(487M) 25.751ms
[2.364s][info][gc,cpu         ] GC(67) User=0.14s Sys=0.00s Real=0.02s
[2.364s][info][gc,start       ] GC(68) Pause Full (Ergonomics)
[2.364s][info][gc,phases,start] GC(68) Marking Phase
[2.460s][info][gc,phases      ] GC(68) Marking Phase 96.010ms
[2.460s][info][gc,phases,start] GC(68) Summary Phase
[2.460s][info][gc,phases      ] GC(68) Summary Phase 0.026ms
[2.460s][info][gc,phases,start] GC(68) Adjust Roots
[2.460s][info][gc,phases      ] GC(68) Adjust Roots 0.169ms
[2.460s][info][gc,phases,start] GC(68) Compaction Phase
[2.511s][info][gc,phases      ] GC(68) Compaction Phase 50.554ms
[2.511s][info][gc,phases,start] GC(68) Post Compact
[2.513s][info][gc,phases      ] GC(68) Post Compact 2.203ms
[2.513s][info][gc,heap        ] GC(68) PSYoungGen: 28896K(70144K)->26685K(71680K) Eden: 0K(9216K)->0K(10752K) From: 28896K(60928K)->26685K(60928K)
[2.513s][info][gc,heap        ] GC(68) ParOldGen: 427064K(428544K)->428369K(487424K)
[2.513s][info][gc,metaspace   ] GC(68) Metaspace: 6302K(6464K)->6302K(6464K) NonClass: 5769K(5824K)->5769K(5824K) Class: 533K(640K)->533K(640K)
[2.513s][info][gc             ] GC(68) Pause Full (Ergonomics) 445M->444M(546M) 149.507ms
[2.513s][info][gc,cpu         ] GC(68) User=0.89s Sys=0.03s Real=0.15s
[2.525s][info][gc,start       ] GC(69) Pause Young (Allocation Failure)
[2.558s][info][gc,heap        ] GC(69) PSYoungGen: 37437K(71680K)->18144K(75264K) Eden: 10752K(10752K)->0K(10752K) From: 26685K(60928K)->18144K(64512K)
[2.558s][info][gc,heap        ] GC(69) ParOldGen: 428369K(487424K)->448105K(487424K)
[2.558s][info][gc,metaspace   ] GC(69) Metaspace: 6302K(6464K)->6302K(6464K) NonClass: 5769K(5824K)->5769K(5824K) Class: 533K(640K)->533K(640K)
[2.558s][info][gc             ] GC(69) Pause Young (Allocation Failure) 454M->455M(549M) 32.836ms
[2.558s][info][gc,cpu         ] GC(69) User=0.14s Sys=0.02s Real=0.03s
[2.569s][info][gc,start       ] GC(70) Pause Young (Allocation Failure)
[2.585s][info][gc,heap        ] GC(70) PSYoungGen: 28896K(75264K)->21632K(71680K) Eden: 10752K(10752K)->0K(12288K) From: 18144K(64512K)->21632K(59392K)
[2.585s][info][gc,heap        ] GC(70) ParOldGen: 448105K(487424K)->455481K(487424K)
[2.585s][info][gc,metaspace   ] GC(70) Metaspace: 6302K(6464K)->6302K(6464K) NonClass: 5769K(5824K)->5769K(5824K) Class: 533K(640K)->533K(640K)
[2.585s][info][gc             ] GC(70) Pause Young (Allocation Failure) 465M->465M(546M) 15.497ms
[2.585s][info][gc,cpu         ] GC(70) User=0.02s Sys=0.00s Real=0.02s
[2.599s][info][gc,start       ] GC(71) Pause Young (Allocation Failure)
[2.617s][info][gc,heap        ] GC(71) PSYoungGen: 33920K(71680K)->12384K(73728K) Eden: 12288K(12288K)->0K(12288K) From: 21632K(59392K)->12384K(61440K)
[2.617s][info][gc,heap        ] GC(71) ParOldGen: 455481K(487424K)->477257K(487424K)
[2.617s][info][gc,metaspace   ] GC(71) Metaspace: 6302K(6464K)->6302K(6464K) NonClass: 5769K(5824K)->5769K(5824K) Class: 533K(640K)->533K(640K)
[2.617s][info][gc             ] GC(71) Pause Young (Allocation Failure) 477M->478M(548M) 17.843ms
[2.617s][info][gc,cpu         ] GC(71) User=0.08s Sys=0.05s Real=0.02s
[2.617s][info][gc,start       ] GC(72) Pause Full (Ergonomics)
[2.617s][info][gc,phases,start] GC(72) Marking Phase
[2.726s][info][gc,phases      ] GC(72) Marking Phase 109.032ms
[2.726s][info][gc,phases,start] GC(72) Summary Phase
[2.726s][info][gc,phases      ] GC(72) Summary Phase 0.020ms
[2.726s][info][gc,phases,start] GC(72) Adjust Roots
[2.726s][info][gc,phases      ] GC(72) Adjust Roots 0.151ms
[2.726s][info][gc,phases,start] GC(72) Compaction Phase
[2.774s][info][gc,phases      ] GC(72) Compaction Phase 47.446ms
[2.774s][info][gc,phases,start] GC(72) Post Compact
[2.776s][info][gc,phases      ] GC(72) Post Compact 2.334ms
[2.776s][info][gc,heap        ] GC(72) PSYoungGen: 12384K(73728K)->1525K(73728K) Eden: 0K(12288K)->0K(12288K) From: 12384K(61440K)->1525K(61440K)
[2.776s][info][gc,heap        ] GC(72) ParOldGen: 477257K(487424K)->487229K(553472K)
[2.776s][info][gc,metaspace   ] GC(72) Metaspace: 6302K(6464K)->6302K(6464K) NonClass: 5769K(5824K)->5769K(5824K) Class: 533K(640K)->533K(640K)
[2.776s][info][gc             ] GC(72) Pause Full (Ergonomics) 478M->477M(612M) 159.539ms
[2.776s][info][gc,cpu         ] GC(72) User=0.98s Sys=0.03s Real=0.16s
[2.790s][info][gc,start       ] GC(73) Pause Young (Allocation Failure)
[2.817s][info][gc,heap        ] GC(73) PSYoungGen: 13813K(73728K)->12448K(72192K) Eden: 12288K(12288K)->0K(13824K) From: 1525K(61440K)->12448K(58368K)
[2.817s][info][gc,heap        ] GC(73) ParOldGen: 487229K(553472K)->488797K(553472K)
[2.817s][info][gc,metaspace   ] GC(73) Metaspace: 6302K(6464K)->6302K(6464K) NonClass: 5769K(5824K)->5769K(5824K) Class: 533K(640K)->533K(640K)
[2.817s][info][gc             ] GC(73) Pause Young (Allocation Failure) 489M->489M(611M) 27.089ms
[2.817s][info][gc,cpu         ] GC(73) User=0.14s Sys=0.00s Real=0.03s
[2.832s][info][gc,start       ] GC(74) Pause Young (Allocation Failure)
[2.846s][info][gc,heap        ] GC(74) PSYoungGen: 26272K(72192K)->26208K(40448K) Eden: 13824K(13824K)->0K(13824K) From: 12448K(58368K)->26208K(26624K)
[2.847s][info][gc,heap        ] GC(74) ParOldGen: 488797K(553472K)->488797K(553472K)
[2.847s][info][gc,metaspace   ] GC(74) Metaspace: 6302K(6464K)->6302K(6464K) NonClass: 5769K(5824K)->5769K(5824K) Class: 533K(640K)->533K(640K)
[2.847s][info][gc             ] GC(74) Pause Young (Allocation Failure) 502M->502M(580M) 14.700ms
[2.847s][info][gc,cpu         ] GC(74) User=0.02s Sys=0.00s Real=0.01s
[2.861s][info][gc,start       ] GC(75) Pause Young (Allocation Failure)
[2.881s][info][gc,heap        ] GC(75) PSYoungGen: 40032K(40448K)->40064K(70144K) Eden: 13824K(13824K)->0K(13312K) From: 26208K(26624K)->40064K(56832K)
[2.881s][info][gc,heap        ] GC(75) ParOldGen: 488797K(553472K)->488797K(553472K)
[2.881s][info][gc,metaspace   ] GC(75) Metaspace: 6302K(6464K)->6302K(6464K) NonClass: 5769K(5824K)->5769K(5824K) Class: 533K(640K)->533K(640K)
[2.881s][info][gc             ] GC(75) Pause Young (Allocation Failure) 516M->516M(609M) 19.909ms
[2.881s][info][gc,cpu         ] GC(75) User=0.12s Sys=0.00s Real=0.02s
[2.896s][info][gc,start       ] GC(76) Pause Young (Allocation Failure)
[2.922s][info][gc,heap        ] GC(76) PSYoungGen: 53376K(70144K)->41056K(72192K) Eden: 13312K(13312K)->0K(13312K) From: 40064K(56832K)->41056K(58880K)
[2.922s][info][gc,heap        ] GC(76) ParOldGen: 488797K(553472K)->501253K(553472K)
[2.922s][info][gc,metaspace   ] GC(76) Metaspace: 6302K(6464K)->6302K(6464K) NonClass: 5769K(5824K)->5769K(5824K) Class: 533K(640K)->533K(640K)
[2.922s][info][gc             ] GC(76) Pause Young (Allocation Failure) 529M->529M(611M) 25.569ms
[2.922s][info][gc,cpu         ] GC(76) User=0.14s Sys=0.00s Real=0.03s
[2.937s][info][gc,start       ] GC(77) Pause Young (Allocation Failure)
[2.964s][info][gc,heap        ] GC(77) PSYoungGen: 54368K(72192K)->40608K(74752K) Eden: 13312K(13312K)->0K(13824K) From: 41056K(58880K)->40608K(60928K)
[2.964s][info][gc,heap        ] GC(77) ParOldGen: 501253K(553472K)->515261K(553472K)
[2.964s][info][gc,metaspace   ] GC(77) Metaspace: 6302K(6464K)->6302K(6464K) NonClass: 5769K(5824K)->5769K(5824K) Class: 533K(640K)->533K(640K)
[2.964s][info][gc             ] GC(77) Pause Young (Allocation Failure) 542M->542M(613M) 26.966ms
[2.964s][info][gc,cpu         ] GC(77) User=0.14s Sys=0.00s Real=0.03s
[2.980s][info][gc,start       ] GC(78) Pause Young (Allocation Failure)
[3.006s][info][gc,heap        ] GC(78) PSYoungGen: 54432K(74752K)->40576K(76288K) Eden: 13824K(13824K)->0K(13824K) From: 40608K(60928K)->40576K(62464K)
[3.006s][info][gc,heap        ] GC(78) ParOldGen: 515261K(553472K)->529285K(553472K)
[3.006s][info][gc,metaspace   ] GC(78) Metaspace: 6302K(6464K)->6302K(6464K) NonClass: 5769K(5824K)->5769K(5824K) Class: 533K(640K)->533K(640K)
[3.006s][info][gc             ] GC(78) Pause Young (Allocation Failure) 556M->556M(615M) 26.459ms
[3.006s][info][gc,cpu         ] GC(78) User=0.14s Sys=0.00s Real=0.03s
[3.007s][info][gc,start       ] GC(79) Pause Full (Ergonomics)
[3.007s][info][gc,phases,start] GC(79) Marking Phase
[3.124s][info][gc,phases      ] GC(79) Marking Phase 117.330ms
[3.124s][info][gc,phases,start] GC(79) Summary Phase
[3.124s][info][gc,phases      ] GC(79) Summary Phase 0.022ms
[3.124s][info][gc,phases,start] GC(79) Adjust Roots
[3.124s][info][gc,phases      ] GC(79) Adjust Roots 0.170ms
[3.124s][info][gc,phases,start] GC(79) Compaction Phase
[3.178s][info][gc,phases      ] GC(79) Compaction Phase 53.708ms
[3.178s][info][gc,phases,start] GC(79) Post Compact
[3.179s][info][gc,phases      ] GC(79) Post Compact 0.934ms
[3.179s][info][gc,heap        ] GC(79) PSYoungGen: 40576K(76288K)->15829K(76288K) Eden: 0K(13824K)->0K(13824K) From: 40576K(62464K)->15829K(62464K)
[3.179s][info][gc,heap        ] GC(79) ParOldGen: 529285K(553472K)->553120K(620544K)
[3.179s][info][gc,metaspace   ] GC(79) Metaspace: 6302K(6464K)->6302K(6464K) NonClass: 5769K(5824K)->5769K(5824K) Class: 533K(640K)->533K(640K)
[3.179s][info][gc             ] GC(79) Pause Full (Ergonomics) 556M->555M(680M) 172.661ms
[3.179s][info][gc,cpu         ] GC(79) User=1.16s Sys=0.02s Real=0.17s
[3.196s][info][gc,start       ] GC(80) Pause Young (Allocation Failure)
[3.234s][info][gc,heap        ] GC(80) PSYoungGen: 29653K(76288K)->19872K(75776K) Eden: 13824K(13824K)->0K(15360K) From: 15829K(62464K)->19872K(60416K)
[3.234s][info][gc,heap        ] GC(80) ParOldGen: 553120K(620544K)->563208K(620544K)
[3.234s][info][gc,metaspace   ] GC(80) Metaspace: 6302K(6464K)->6302K(6464K) NonClass: 5769K(5824K)->5769K(5824K) Class: 533K(640K)->533K(640K)
[3.234s][info][gc             ] GC(80) Pause Young (Allocation Failure) 569M->569M(680M) 37.682ms
[3.234s][info][gc,cpu         ] GC(80) User=0.25s Sys=0.00s Real=0.04s
[3.250s][info][gc,start       ] GC(81) Pause Young (Allocation Failure)
[3.269s][info][gc,heap        ] GC(81) PSYoungGen: 35232K(75776K)->29312K(45056K) Eden: 15360K(15360K)->0K(15360K) From: 19872K(60416K)->29312K(29696K)
[3.269s][info][gc,heap        ] GC(81) ParOldGen: 563208K(620544K)->569208K(620544K)
[3.269s][info][gc,metaspace   ] GC(81) Metaspace: 6302K(6464K)->6302K(6464K) NonClass: 5769K(5824K)->5769K(5824K) Class: 533K(640K)->533K(640K)
[3.269s][info][gc             ] GC(81) Pause Young (Allocation Failure) 584M->584M(650M) 19.238ms
[3.269s][info][gc,cpu         ] GC(81) User=0.12s Sys=0.00s Real=0.02s
[3.288s][info][gc,start       ] GC(82) Pause Young (Allocation Failure)
[3.310s][info][gc,heap        ] GC(82) PSYoungGen: 44672K(45056K)->30880K(71680K) Eden: 15360K(15360K)->0K(17408K) From: 29312K(29696K)->30880K(54272K)
[3.310s][info][gc,heap        ] GC(82) ParOldGen: 569208K(620544K)->583232K(620544K)
[3.311s][info][gc,metaspace   ] GC(82) Metaspace: 6302K(6464K)->6302K(6464K) NonClass: 5769K(5824K)->5769K(5824K) Class: 533K(640K)->533K(640K)
[3.311s][info][gc             ] GC(82) Pause Young (Allocation Failure) 599M->599M(676M) 23.014ms
[3.311s][info][gc,cpu         ] GC(82) User=0.12s Sys=0.00s Real=0.02s
[3.331s][info][gc,start       ] GC(83) Pause Young (Allocation Failure)
[3.357s][info][gc,heap        ] GC(83) PSYoungGen: 48288K(71680K)->32960K(73728K) Eden: 17408K(17408K)->0K(17408K) From: 30880K(54272K)->32960K(56320K)
[3.357s][info][gc,heap        ] GC(83) ParOldGen: 583232K(620544K)->598800K(620544K)
[3.357s][info][gc,metaspace   ] GC(83) Metaspace: 6302K(6464K)->6302K(6464K) NonClass: 5769K(5824K)->5769K(5824K) Class: 533K(640K)->533K(640K)
[3.357s][info][gc             ] GC(83) Pause Young (Allocation Failure) 616M->616M(678M) 25.253ms
[3.357s][info][gc,cpu         ] GC(83) User=0.12s Sys=0.00s Real=0.02s
[3.357s][info][gc,start       ] GC(84) Pause Full (Ergonomics)
[3.357s][info][gc,phases,start] GC(84) Marking Phase
[3.494s][info][gc,phases      ] GC(84) Marking Phase 137.465ms
[3.494s][info][gc,phases,start] GC(84) Summary Phase
[3.494s][info][gc,phases      ] GC(84) Summary Phase 0.022ms
[3.494s][info][gc,phases,start] GC(84) Adjust Roots
[3.495s][info][gc,phases      ] GC(84) Adjust Roots 0.178ms
[3.495s][info][gc,phases,start] GC(84) Compaction Phase
[3.549s][info][gc,phases      ] GC(84) Compaction Phase 54.276ms
[3.549s][info][gc,phases,start] GC(84) Post Compact
[3.550s][info][gc,phases      ] GC(84) Post Compact 1.184ms
[3.550s][info][gc,heap        ] GC(84) PSYoungGen: 32960K(73728K)->10730K(73728K) Eden: 0K(17408K)->0K(17408K) From: 32960K(56320K)->10730K(56320K)
[3.550s][info][gc,heap        ] GC(84) ParOldGen: 598800K(620544K)->620044K(689664K)
[3.550s][info][gc,metaspace   ] GC(84) Metaspace: 6302K(6464K)->6302K(6464K) NonClass: 5769K(5824K)->5769K(5824K) Class: 533K(640K)->533K(640K)
[3.551s][info][gc             ] GC(84) Pause Full (Ergonomics) 616M->615M(745M) 193.763ms
[3.551s][info][gc,cpu         ] GC(84) User=1.48s Sys=0.00s Real=0.19s
[3.574s][info][gc,start       ] GC(85) Pause Young (Allocation Failure)
[3.614s][info][gc,heap        ] GC(85) PSYoungGen: 28138K(73728K)->22336K(72192K) Eden: 17408K(17408K)->0K(19456K) From: 10730K(56320K)->22336K(52736K)
[3.614s][info][gc,heap        ] GC(85) ParOldGen: 620044K(689664K)->626092K(689664K)
[3.614s][info][gc,metaspace   ] GC(85) Metaspace: 6302K(6464K)->6302K(6464K) NonClass: 5769K(5824K)->5769K(5824K) Class: 533K(640K)->533K(640K)
[3.614s][info][gc             ] GC(85) Pause Young (Allocation Failure) 632M->633M(744M) 40.531ms
[3.614s][info][gc,cpu         ] GC(85) User=0.23s Sys=0.02s Real=0.04s
[3.637s][info][gc,start       ] GC(86) Pause Young (Allocation Failure)
[3.660s][info][gc,heap        ] GC(86) PSYoungGen: 41792K(72192K)->41792K(73216K) Eden: 19456K(19456K)->0K(19456K) From: 22336K(52736K)->41792K(53760K)
[3.660s][info][gc,heap        ] GC(86) ParOldGen: 626092K(689664K)->626092K(689664K)
[3.660s][info][gc,metaspace   ] GC(86) Metaspace: 6302K(6464K)->6302K(6464K) NonClass: 5769K(5824K)->5769K(5824K) Class: 533K(640K)->533K(640K)
[3.660s][info][gc             ] GC(86) Pause Young (Allocation Failure) 652M->652M(745M) 23.280ms
[3.660s][info][gc,cpu         ] GC(86) User=0.14s Sys=0.00s Real=0.02s
[3.686s][info][gc,start       ] GC(87) Pause Young (Allocation Failure)
[3.716s][info][gc,heap        ] GC(87) PSYoungGen: 61248K(73216K)->55808K(68608K) Eden: 19456K(19456K)->0K(12800K) From: 41792K(53760K)->55808K(55808K)
[3.716s][info][gc,heap        ] GC(87) ParOldGen: 626092K(689664K)->631524K(689664K)
[3.716s][info][gc,metaspace   ] GC(87) Metaspace: 6302K(6464K)->6302K(6464K) NonClass: 5769K(5824K)->5769K(5824K) Class: 533K(640K)->533K(640K)
[3.716s][info][gc             ] GC(87) Pause Young (Allocation Failure) 671M->671M(740M) 30.482ms
[3.716s][info][gc,cpu         ] GC(87) User=0.25s Sys=0.00s Real=0.03s
[3.733s][info][gc,start       ] GC(88) Pause Young (Allocation Failure)
[3.765s][info][gc,heap        ] GC(88) PSYoungGen: 68608K(68608K)->49376K(77312K) Eden: 12800K(12800K)->0K(12800K) From: 55808K(55808K)->49376K(64512K)
[3.765s][info][gc,heap        ] GC(88) ParOldGen: 631524K(689664K)->651164K(689664K)
[3.765s][info][gc,metaspace   ] GC(88) Metaspace: 6302K(6464K)->6302K(6464K) NonClass: 5769K(5824K)->5769K(5824K) Class: 533K(640K)->533K(640K)
[3.765s][info][gc             ] GC(88) Pause Young (Allocation Failure) 683M->684M(749M) 31.808ms
[3.765s][info][gc,cpu         ] GC(88) User=0.27s Sys=0.00s Real=0.03s
[3.907s][info][gc,start       ] GC(89) Pause Full (Ergonomics)
[3.907s][info][gc,phases,start] GC(89) Marking Phase
[4.069s][info][gc,phases      ] GC(89) Marking Phase 161.930ms
[4.069s][info][gc,phases,start] GC(89) Summary Phase
[4.069s][info][gc,phases      ] GC(89) Summary Phase 0.023ms
[4.069s][info][gc,phases,start] GC(89) Adjust Roots
[4.069s][info][gc,phases      ] GC(89) Adjust Roots 0.151ms
[4.069s][info][gc,phases,start] GC(89) Compaction Phase
[4.191s][info][gc,phases      ] GC(89) Compaction Phase 121.439ms
[4.191s][info][gc,phases,start] GC(89) Post Compact
[4.192s][info][gc,phases      ] GC(89) Post Compact 1.541ms
[4.193s][info][gc,heap        ] GC(89) PSYoungGen: 62176K(77312K)->39400K(77312K) Eden: 12800K(12800K)->0K(12800K) From: 49376K(64512K)->39400K(64512K)
[4.193s][info][gc,heap        ] GC(89) ParOldGen: 683932K(689664K)->689521K(763904K)
[4.193s][info][gc,metaspace   ] GC(89) Metaspace: 6302K(6464K)->6302K(6464K) NonClass: 5769K(5824K)->5769K(5824K) Class: 533K(640K)->533K(640K)
[4.193s][info][gc             ] GC(89) Pause Full (Ergonomics) 728M->711M(821M) 285.704ms
[4.193s][info][gc,cpu         ] GC(89) User=1.89s Sys=0.02s Real=0.29s
[4.208s][info][gc,start       ] GC(90) Pause Young (Allocation Failure)
[4.257s][info][gc,heap        ] GC(90) PSYoungGen: 52200K(77312K)->37056K(76800K) Eden: 12800K(12800K)->0K(14336K) From: 39400K(64512K)->37056K(62464K)
[4.257s][info][gc,heap        ] GC(90) ParOldGen: 689521K(763904K)->705113K(763904K)
[4.257s][info][gc,metaspace   ] GC(90) Metaspace: 6302K(6464K)->6302K(6464K) NonClass: 5769K(5824K)->5769K(5824K) Class: 533K(640K)->533K(640K)
[4.257s][info][gc             ] GC(90) Pause Young (Allocation Failure) 724M->724M(821M) 49.437ms
[4.257s][info][gc,cpu         ] GC(90) User=0.38s Sys=0.00s Real=0.05s
[4.272s][info][gc,start       ] GC(91) Pause Young (Allocation Failure)
[4.297s][info][gc,heap        ] GC(91) PSYoungGen: 51392K(76800K)->51360K(79360K) Eden: 14336K(14336K)->0K(14336K) From: 37056K(62464K)->51360K(65024K)
[4.297s][info][gc,heap        ] GC(91) ParOldGen: 705113K(763904K)->705113K(763904K)
[4.297s][info][gc,metaspace   ] GC(91) Metaspace: 6302K(6464K)->6302K(6464K) NonClass: 5769K(5824K)->5769K(5824K) Class: 533K(640K)->533K(640K)
[4.297s][info][gc             ] GC(91) Pause Young (Allocation Failure) 738M->738M(823M) 25.096ms
[4.297s][info][gc,cpu         ] GC(91) User=0.06s Sys=0.00s Real=0.02s
[4.314s][info][gc,start       ] GC(92) Pause Young (Allocation Failure)
[4.344s][info][gc,heap        ] GC(92) PSYoungGen: 65696K(79360K)->50976K(81920K) Eden: 14336K(14336K)->0K(13824K) From: 51360K(65024K)->50976K(68096K)
[4.344s][info][gc,heap        ] GC(92) ParOldGen: 705113K(763904K)->720033K(763904K)
[4.344s][info][gc,metaspace   ] GC(92) Metaspace: 6302K(6464K)->6302K(6464K) NonClass: 5769K(5824K)->5769K(5824K) Class: 533K(640K)->533K(640K)
[4.344s][info][gc             ] GC(92) Pause Young (Allocation Failure) 752M->752M(826M) 30.925ms
[4.344s][info][gc,cpu         ] GC(92) User=0.14s Sys=0.00s Real=0.03s
[4.359s][info][gc,start       ] GC(93) Pause Young (Allocation Failure)
[4.389s][info][gc,heap        ] GC(93) PSYoungGen: 64800K(81920K)->55424K(83968K) Eden: 13824K(13824K)->0K(13824K) From: 50976K(68096K)->55424K(70144K)
[4.389s][info][gc,heap        ] GC(93) ParOldGen: 720033K(763904K)->729545K(763904K)
[4.389s][info][gc,metaspace   ] GC(93) Metaspace: 6302K(6464K)->6302K(6464K) NonClass: 5769K(5824K)->5769K(5824K) Class: 533K(640K)->533K(640K)
[4.389s][info][gc             ] GC(93) Pause Young (Allocation Failure) 766M->766M(828M) 30.384ms
[4.389s][info][gc,cpu         ] GC(93) User=0.14s Sys=0.00s Real=0.03s
[4.403s][info][gc,start       ] GC(94) Pause Young (Allocation Failure)
[4.437s][info][gc,heap        ] GC(94) PSYoungGen: 69248K(83968K)->42080K(83968K) Eden: 13824K(13824K)->0K(15872K) From: 55424K(70144K)->42080K(68096K)
[4.437s][info][gc,heap        ] GC(94) ParOldGen: 729545K(763904K)->757017K(763904K)
[4.437s][info][gc,metaspace   ] GC(94) Metaspace: 6302K(6464K)->6302K(6464K) NonClass: 5769K(5824K)->5769K(5824K) Class: 533K(640K)->533K(640K)
[4.437s][info][gc             ] GC(94) Pause Young (Allocation Failure) 780M->780M(828M) 33.449ms
[4.437s][info][gc,cpu         ] GC(94) User=0.23s Sys=0.03s Real=0.03s
[4.437s][info][gc,start       ] GC(95) Pause Full (Ergonomics)
[4.437s][info][gc,phases,start] GC(95) Marking Phase
[4.611s][info][gc,phases      ] GC(95) Marking Phase 173.870ms
[4.611s][info][gc,phases,start] GC(95) Summary Phase
[4.611s][info][gc,phases      ] GC(95) Summary Phase 0.022ms
[4.611s][info][gc,phases,start] GC(95) Adjust Roots
[4.611s][info][gc,phases      ] GC(95) Adjust Roots 0.201ms
[4.611s][info][gc,phases,start] GC(95) Compaction Phase
[4.693s][info][gc,phases      ] GC(95) Compaction Phase 81.815ms
[4.693s][info][gc,phases,start] GC(95) Post Compact
[4.695s][info][gc,phases      ] GC(95) Post Compact 1.501ms
[4.695s][info][gc,heap        ] GC(95) PSYoungGen: 42080K(83968K)->34217K(86528K) Eden: 0K(15872K)->0K(18432K) From: 42080K(68096K)->34217K(68096K)
[4.695s][info][gc,heap        ] GC(95) ParOldGen: 757017K(763904K)->763663K(846848K)
[4.695s][info][gc,metaspace   ] GC(95) Metaspace: 6302K(6464K)->6302K(6464K) NonClass: 5769K(5824K)->5769K(5824K) Class: 533K(640K)->533K(640K)
[4.695s][info][gc             ] GC(95) Pause Full (Ergonomics) 780M->779M(911M) 258.252ms
[4.695s][info][gc,cpu         ] GC(95) User=1.64s Sys=0.00s Real=0.26s
[4.714s][info][gc,start       ] GC(96) Pause Young (Allocation Failure)
[4.767s][info][gc,heap        ] GC(96) PSYoungGen: 52649K(86528K)->29728K(89088K) Eden: 18432K(18432K)->0K(18432K) From: 34217K(68096K)->29728K(70656K)
[4.768s][info][gc,heap        ] GC(96) ParOldGen: 763663K(846848K)->787095K(846848K)
[4.768s][info][gc,metaspace   ] GC(96) Metaspace: 6302K(6464K)->6302K(6464K) NonClass: 5769K(5824K)->5769K(5824K) Class: 533K(640K)->533K(640K)
[4.768s][info][gc             ] GC(96) Pause Young (Allocation Failure) 797M->797M(914M) 53.284ms
[4.768s][info][gc,cpu         ] GC(96) User=0.38s Sys=0.02s Real=0.05s
[4.786s][info][gc,start       ] GC(97) Pause Young (Allocation Failure)
[4.811s][info][gc,heap        ] GC(97) PSYoungGen: 48160K(89088K)->36992K(86016K) Eden: 18432K(18432K)->0K(20992K) From: 29728K(70656K)->36992K(65024K)
[4.811s][info][gc,heap        ] GC(97) ParOldGen: 787095K(846848K)->798407K(846848K)
[4.811s][info][gc,metaspace   ] GC(97) Metaspace: 6302K(6464K)->6302K(6464K) NonClass: 5769K(5824K)->5769K(5824K) Class: 533K(640K)->533K(640K)
[4.811s][info][gc             ] GC(97) Pause Young (Allocation Failure) 815M->815M(911M) 24.904ms
[4.811s][info][gc,cpu         ] GC(97) User=0.12s Sys=0.02s Real=0.03s
[4.834s][info][gc,start       ] GC(98) Pause Young (Allocation Failure)
[4.863s][info][gc,heap        ] GC(98) PSYoungGen: 57984K(86016K)->39584K(88064K) Eden: 20992K(20992K)->0K(20992K) From: 36992K(65024K)->39584K(67072K)
[4.863s][info][gc,heap        ] GC(98) ParOldGen: 798407K(846848K)->817079K(846848K)
[4.864s][info][gc,metaspace   ] GC(98) Metaspace: 6302K(6464K)->6302K(6464K) NonClass: 5769K(5824K)->5769K(5824K) Class: 533K(640K)->533K(640K)
[4.864s][info][gc             ] GC(98) Pause Young (Allocation Failure) 836M->836M(913M) 29.616ms
[4.864s][info][gc,cpu         ] GC(98) User=0.12s Sys=0.02s Real=0.03s
[4.864s][info][gc,start       ] GC(99) Pause Full (Ergonomics)
[4.864s][info][gc,phases,start] GC(99) Marking Phase
[5.053s][info][gc,phases      ] GC(99) Marking Phase 189.243ms
[5.053s][info][gc,phases,start] GC(99) Summary Phase
[5.053s][info][gc,phases      ] GC(99) Summary Phase 0.028ms
[5.053s][info][gc,phases,start] GC(99) Adjust Roots
[5.053s][info][gc,phases      ] GC(99) Adjust Roots 0.150ms
[5.053s][info][gc,phases,start] GC(99) Compaction Phase
[5.138s][info][gc,phases      ] GC(99) Compaction Phase 84.402ms
[5.138s][info][gc,phases,start] GC(99) Post Compact
[5.139s][info][gc,phases      ] GC(99) Post Compact 1.617ms
[5.140s][info][gc,heap        ] GC(99) PSYoungGen: 39584K(88064K)->9220K(88064K) Eden: 0K(20992K)->0K(20992K) From: 39584K(67072K)->9220K(67072K)
[5.140s][info][gc,heap        ] GC(99) ParOldGen: 817079K(846848K)->846422K(936448K)
[5.140s][info][gc,metaspace   ] GC(99) Metaspace: 6302K(6464K)->6302K(6464K) NonClass: 5769K(5824K)->5769K(5824K) Class: 533K(640K)->533K(640K)
[5.140s][info][gc             ] GC(99) Pause Full (Ergonomics) 836M->835M(1000M) 276.160ms
[5.140s][info][gc,cpu         ] GC(99) User=1.81s Sys=0.02s Real=0.28s
[5.164s][info][gc,start       ] GC(100) Pause Young (Allocation Failure)
[5.212s][info][gc,heap        ] GC(100) PSYoungGen: 30212K(88064K)->29408K(86016K) Eden: 20992K(20992K)->0K(23552K) From: 9220K(67072K)->29408K(62464K)
[5.212s][info][gc,heap        ] GC(100) ParOldGen: 846422K(936448K)->847438K(936448K)
[5.212s][info][gc,metaspace   ] GC(100) Metaspace: 6302K(6464K)->6302K(6464K) NonClass: 5769K(5824K)->5769K(5824K) Class: 533K(640K)->533K(640K)
[5.212s][info][gc             ] GC(100) Pause Young (Allocation Failure) 856M->856M(998M) 48.733ms
[5.212s][info][gc,cpu         ] GC(100) User=0.27s Sys=0.00s Real=0.05s
[5.237s][info][gc,start       ] GC(101) Pause Young (Allocation Failure)
[5.265s][info][gc,heap        ] GC(101) PSYoungGen: 52960K(86016K)->52992K(87040K) Eden: 23552K(23552K)->0K(23552K) From: 29408K(62464K)->52992K(63488K)
[5.265s][info][gc,heap        ] GC(101) ParOldGen: 847438K(936448K)->847438K(936448K)
[5.265s][info][gc,metaspace   ] GC(101) Metaspace: 6302K(6464K)->6302K(6464K) NonClass: 5769K(5824K)->5769K(5824K) Class: 533K(640K)->533K(640K)
[5.265s][info][gc             ] GC(101) Pause Young (Allocation Failure) 879M->879M(999M) 27.778ms
[5.265s][info][gc,cpu         ] GC(101) User=0.12s Sys=0.00s Real=0.03s
[5.291s][info][gc,start       ] GC(102) Pause Young (Allocation Failure)
[5.329s][info][gc,heap        ] GC(102) PSYoungGen: 76544K(87040K)->66560K(81920K) Eden: 23552K(23552K)->0K(15360K) From: 52992K(63488K)->66560K(66560K)
[5.329s][info][gc,heap        ] GC(102) ParOldGen: 847438K(936448K)->857438K(936448K)
[5.329s][info][gc,metaspace   ] GC(102) Metaspace: 6302K(6464K)->6302K(6464K) NonClass: 5769K(5824K)->5769K(5824K) Class: 533K(640K)->533K(640K)
[5.329s][info][gc             ] GC(102) Pause Young (Allocation Failure) 902M->902M(994M) 38.319ms
[5.329s][info][gc,cpu         ] GC(102) User=0.27s Sys=0.00s Real=0.04s
[5.346s][info][gc,start       ] GC(103) Pause Young (Allocation Failure)
[5.385s][info][gc,heap        ] GC(103) PSYoungGen: 81920K(81920K)->57632K(92672K) Eden: 15360K(15360K)->0K(15360K) From: 66560K(66560K)->57632K(77312K)
[5.385s][info][gc,heap        ] GC(103) ParOldGen: 857438K(936448K)->882214K(936448K)
[5.385s][info][gc,metaspace   ] GC(103) Metaspace: 6302K(6464K)->6302K(6464K) NonClass: 5769K(5824K)->5769K(5824K) Class: 533K(640K)->533K(640K)
[5.385s][info][gc             ] GC(103) Pause Young (Allocation Failure) 917M->917M(1005M) 38.948ms
[5.385s][info][gc,cpu         ] GC(103) User=0.22s Sys=0.03s Real=0.04s
[5.402s][info][gc,start       ] GC(104) Pause Young (Allocation Failure)
[5.437s][info][gc,heap        ] GC(104) PSYoungGen: 72992K(92672K)->51776K(94720K) Eden: 15360K(15360K)->0K(17408K) From: 57632K(77312K)->51776K(77312K)
[5.437s][info][gc,heap        ] GC(104) ParOldGen: 882214K(936448K)->903646K(936448K)
[5.437s][info][gc,metaspace   ] GC(104) Metaspace: 6302K(6464K)->6302K(6464K) NonClass: 5769K(5824K)->5769K(5824K) Class: 533K(640K)->533K(640K)
[5.437s][info][gc             ] GC(104) Pause Young (Allocation Failure) 932M->933M(1007M) 35.375ms
[5.437s][info][gc,cpu         ] GC(104) User=0.27s Sys=0.00s Real=0.04s
[5.437s][info][gc,start       ] GC(105) Pause Full (Ergonomics)
[5.438s][info][gc,phases,start] GC(105) Marking Phase
[5.649s][info][gc,phases      ] GC(105) Marking Phase 211.701ms
[5.649s][info][gc,phases,start] GC(105) Summary Phase
[5.649s][info][gc,phases      ] GC(105) Summary Phase 0.023ms
[5.649s][info][gc,phases,start] GC(105) Adjust Roots
[5.649s][info][gc,phases      ] GC(105) Adjust Roots 0.151ms
[5.649s][info][gc,phases,start] GC(105) Compaction Phase
[5.739s][info][gc,phases      ] GC(105) Compaction Phase 89.107ms
[5.739s][info][gc,phases,start] GC(105) Post Compact
[5.740s][info][gc,phases      ] GC(105) Post Compact 1.739ms
[5.741s][info][gc,heap        ] GC(105) PSYoungGen: 51776K(94720K)->18315K(95744K) Eden: 0K(17408K)->0K(18432K) From: 51776K(77312K)->18315K(77312K)
[5.741s][info][gc,heap        ] GC(105) ParOldGen: 903646K(936448K)->935988K(1034240K)
[5.741s][info][gc,metaspace   ] GC(105) Metaspace: 6302K(6464K)->6302K(6464K) NonClass: 5769K(5824K)->5769K(5824K) Class: 533K(640K)->533K(640K)
[5.741s][info][gc             ] GC(105) Pause Full (Ergonomics) 933M->931M(1103M) 303.376ms
[5.741s][info][gc,cpu         ] GC(105) User=2.09s Sys=0.02s Real=0.30s
[5.761s][info][gc,start       ] GC(106) Pause Young (Allocation Failure)
[5.817s][info][gc,heap        ] GC(106) PSYoungGen: 36747K(95744K)->29696K(96768K) Eden: 18432K(18432K)->0K(18432K) From: 18315K(77312K)->29696K(78336K)
[5.817s][info][gc,heap        ] GC(106) ParOldGen: 935988K(1034240K)->943332K(1034240K)
[5.817s][info][gc,metaspace   ] GC(106) Metaspace: 6302K(6464K)->6302K(6464K) NonClass: 5769K(5824K)->5769K(5824K) Class: 533K(640K)->533K(640K)
[5.817s][info][gc             ] GC(106) Pause Young (Allocation Failure) 949M->950M(1104M) 55.902ms
[5.817s][info][gc,cpu         ] GC(106) User=0.39s Sys=0.00s Real=0.06s
[5.837s][info][gc,start       ] GC(107) Pause Young (Allocation Failure)
[5.862s][info][gc,heap        ] GC(107) PSYoungGen: 48128K(96768K)->48160K(95232K) Eden: 18432K(18432K)->0K(20480K) From: 29696K(78336K)->48160K(74752K)
[5.862s][info][gc,heap        ] GC(107) ParOldGen: 943332K(1034240K)->943332K(1034240K)
[5.862s][info][gc,metaspace   ] GC(107) Metaspace: 6302K(6464K)->6302K(6464K) NonClass: 5769K(5824K)->5769K(5824K) Class: 533K(640K)->533K(640K)
[5.863s][info][gc             ] GC(107) Pause Young (Allocation Failure) 968M->968M(1103M) 25.448ms
[5.863s][info][gc,cpu         ] GC(107) User=0.14s Sys=0.00s Real=0.03s
[5.886s][info][gc,start       ] GC(108) Pause Young (Allocation Failure)
[5.919s][info][gc,heap        ] GC(108) PSYoungGen: 68640K(95232K)->63680K(96768K) Eden: 20480K(20480K)->0K(20480K) From: 48160K(74752K)->63680K(76288K)
[5.919s][info][gc,heap        ] GC(108) ParOldGen: 943332K(1034240K)->948364K(1034240K)
[5.919s][info][gc,metaspace   ] GC(108) Metaspace: 6302K(6464K)->6302K(6464K) NonClass: 5769K(5824K)->5769K(5824K) Class: 533K(640K)->533K(640K)
[5.919s][info][gc             ] GC(108) Pause Young (Allocation Failure) 988M->988M(1104M) 33.846ms
[5.919s][info][gc,cpu         ] GC(108) User=0.16s Sys=0.00s Real=0.03s
[5.942s][info][gc,start       ] GC(109) Pause Young (Allocation Failure)
[5.982s][info][gc,heap        ] GC(109) PSYoungGen: 84160K(96768K)->77920K(95232K) Eden: 20480K(20480K)->0K(14848K) From: 63680K(76288K)->77920K(80384K)
[5.982s][info][gc,heap        ] GC(109) ParOldGen: 948364K(1034240K)->954628K(1034240K)
[5.982s][info][gc,metaspace   ] GC(109) Metaspace: 6302K(6464K)->6302K(6464K) NonClass: 5769K(5824K)->5769K(5824K) Class: 533K(640K)->533K(640K)
[5.982s][info][gc             ] GC(109) Pause Young (Allocation Failure) 1008M->1008M(1103M) 40.481ms
[5.982s][info][gc,cpu         ] GC(109) User=0.22s Sys=0.03s Real=0.04s
[5.998s][info][gc,start       ] GC(110) Pause Young (Allocation Failure)
[6.042s][info][gc,heap        ] GC(110) PSYoungGen: 92768K(95232K)->74368K(103424K) Eden: 14848K(14848K)->0K(14848K) From: 77920K(80384K)->74368K(88576K)
[6.043s][info][gc,heap        ] GC(110) ParOldGen: 954628K(1034240K)->973316K(1034240K)
[6.043s][info][gc,metaspace   ] GC(110) Metaspace: 6302K(6464K)->6302K(6464K) NonClass: 5769K(5824K)->5769K(5824K) Class: 533K(640K)->533K(640K)
[6.043s][info][gc             ] GC(110) Pause Young (Allocation Failure) 1022M->1023M(1111M) 44.115ms
[6.043s][info][gc,cpu         ] GC(110) User=0.25s Sys=0.00s Real=0.04s
[6.059s][info][gc,start       ] GC(111) Pause Young (Allocation Failure)
[6.103s][info][gc,heap        ] GC(111) PSYoungGen: 89216K(103424K)->50272K(103424K) Eden: 14848K(14848K)->0K(16896K) From: 74368K(88576K)->50272K(86528K)
[6.103s][info][gc,heap        ] GC(111) ParOldGen: 973316K(1034240K)->1012732K(1034240K)
[6.103s][info][gc,metaspace   ] GC(111) Metaspace: 6302K(6464K)->6302K(6464K) NonClass: 5769K(5824K)->5769K(5824K) Class: 533K(640K)->533K(640K)
[6.103s][info][gc             ] GC(111) Pause Young (Allocation Failure) 1037M->1038M(1111M) 44.125ms
[6.103s][info][gc,cpu         ] GC(111) User=0.25s Sys=0.02s Real=0.04s
[6.103s][info][gc,start       ] GC(112) Pause Full (Ergonomics)
[6.103s][info][gc,phases,start] GC(112) Marking Phase
[6.336s][info][gc,phases      ] GC(112) Marking Phase 232.808ms
[6.336s][info][gc,phases,start] GC(112) Summary Phase
[6.336s][info][gc,phases      ] GC(112) Summary Phase 0.025ms
[6.336s][info][gc,phases,start] GC(112) Adjust Roots
[6.336s][info][gc,phases      ] GC(112) Adjust Roots 0.155ms
[6.336s][info][gc,phases,start] GC(112) Compaction Phase
[6.432s][info][gc,phases      ] GC(112) Compaction Phase 96.225ms
[6.432s][info][gc,phases,start] GC(112) Post Compact
[6.434s][info][gc,phases      ] GC(112) Post Compact 2.057ms
[6.435s][info][gc,heap        ] GC(112) PSYoungGen: 50272K(103424K)->27594K(105984K) Eden: 0K(16896K)->0K(19456K) From: 50272K(86528K)->27594K(86528K)
[6.435s][info][gc,heap        ] GC(112) ParOldGen: 1012732K(1034240K)->1034034K(1145344K)
[6.435s][info][gc,metaspace   ] GC(112) Metaspace: 6302K(6464K)->6302K(6464K) NonClass: 5769K(5824K)->5769K(5824K) Class: 533K(640K)->533K(640K)
[6.435s][info][gc             ] GC(112) Pause Full (Ergonomics) 1038M->1036M(1222M) 332.158ms
[6.435s][info][gc,cpu         ] GC(112) User=2.42s Sys=0.02s Real=0.33s
[6.459s][info][gc,start       ] GC(113) Pause Young (Allocation Failure)
[6.525s][info][gc,heap        ] GC(113) PSYoungGen: 47050K(105984K)->28768K(109568K) Eden: 19456K(19456K)->0K(19456K) From: 27594K(86528K)->28768K(90112K)
[6.525s][info][gc,heap        ] GC(113) ParOldGen: 1034034K(1145344K)->1052762K(1145344K)
[6.525s][info][gc,metaspace   ] GC(113) Metaspace: 6302K(6464K)->6302K(6464K) NonClass: 5769K(5824K)->5769K(5824K) Class: 533K(640K)->533K(640K)
[6.525s][info][gc             ] GC(113) Pause Young (Allocation Failure) 1055M->1056M(1225M) 66.245ms
[6.525s][info][gc,cpu         ] GC(113) User=0.41s Sys=0.00s Real=0.07s
[6.547s][info][gc,start       ] GC(114) Pause Young (Allocation Failure)
[6.574s][info][gc,heap        ] GC(114) PSYoungGen: 48224K(109568K)->39072K(108032K) Eden: 19456K(19456K)->0K(22016K) From: 28768K(90112K)->39072K(86016K)
[6.574s][info][gc,heap        ] GC(114) ParOldGen: 1052762K(1145344K)->1062034K(1145344K)
[6.574s][info][gc,metaspace   ] GC(114) Metaspace: 6302K(6464K)->6302K(6464K) NonClass: 5769K(5824K)->5769K(5824K) Class: 533K(640K)->533K(640K)
[6.574s][info][gc             ] GC(114) Pause Young (Allocation Failure) 1075M->1075M(1224M) 26.489ms
[6.574s][info][gc,cpu         ] GC(114) User=0.12s Sys=0.00s Real=0.03s
[6.600s][info][gc,start       ] GC(115) Pause Young (Allocation Failure)
[6.632s][info][gc,heap        ] GC(115) PSYoungGen: 61088K(108032K)->41632K(64000K) Eden: 22016K(22016K)->0K(22016K) From: 39072K(86016K)->41632K(41984K)
[6.632s][info][gc,heap        ] GC(115) ParOldGen: 1062034K(1145344K)->1081770K(1145344K)
[6.632s][info][gc,metaspace   ] GC(115) Metaspace: 6302K(6464K)->6302K(6464K) NonClass: 5769K(5824K)->5769K(5824K) Class: 533K(640K)->533K(640K)
[6.632s][info][gc             ] GC(115) Pause Young (Allocation Failure) 1096M->1097M(1181M) 32.466ms
[6.632s][info][gc,cpu         ] GC(115) User=0.16s Sys=0.00s Real=0.03s
[6.656s][info][gc,start       ] GC(116) Pause Young (Allocation Failure)
[6.689s][info][gc,heap        ] GC(116) PSYoungGen: 63648K(64000K)->44160K(103424K) Eden: 22016K(22016K)->0K(24576K) From: 41632K(41984K)->44160K(78848K)
[6.689s][info][gc,heap        ] GC(116) ParOldGen: 1081770K(1145344K)->1101506K(1145344K)
[6.689s][info][gc,metaspace   ] GC(116) Metaspace: 6302K(6464K)->6302K(6464K) NonClass: 5769K(5824K)->5769K(5824K) Class: 533K(640K)->533K(640K)
[6.689s][info][gc             ] GC(116) Pause Young (Allocation Failure) 1118M->1118M(1219M) 33.311ms
[6.689s][info][gc,cpu         ] GC(116) User=0.16s Sys=0.00s Real=0.03s
[6.720s][info][gc,start       ] GC(117) Pause Young (Allocation Failure)
[6.755s][info][gc,heap        ] GC(117) PSYoungGen: 68736K(103424K)->46784K(106496K) Eden: 24576K(24576K)->0K(24576K) From: 44160K(78848K)->46784K(81920K)
[6.755s][info][gc,heap        ] GC(117) ParOldGen: 1101506K(1145344K)->1123810K(1145344K)
[6.755s][info][gc,metaspace   ] GC(117) Metaspace: 6302K(6464K)->6302K(6464K) NonClass: 5769K(5824K)->5769K(5824K) Class: 533K(640K)->533K(640K)
[6.755s][info][gc             ] GC(117) Pause Young (Allocation Failure) 1142M->1143M(1222M) 35.739ms
[6.755s][info][gc,cpu         ] GC(117) User=0.23s Sys=0.02s Real=0.04s
[6.755s][info][gc,start       ] GC(118) Pause Full (Ergonomics)
[6.755s][info][gc,phases,start] GC(118) Marking Phase
[7.028s][info][gc,phases      ] GC(118) Marking Phase 272.533ms
[7.028s][info][gc,phases,start] GC(118) Summary Phase
[7.028s][info][gc,phases      ] GC(118) Summary Phase 0.026ms
[7.028s][info][gc,phases,start] GC(118) Adjust Roots
[7.028s][info][gc,phases      ] GC(118) Adjust Roots 0.149ms
[7.028s][info][gc,phases,start] GC(118) Compaction Phase
[7.132s][info][gc,phases      ] GC(118) Compaction Phase 103.945ms
[7.132s][info][gc,phases,start] GC(118) Post Compact
[7.134s][info][gc,phases      ] GC(118) Post Compact 1.940ms
[7.135s][info][gc,heap        ] GC(118) PSYoungGen: 46784K(106496K)->24044K(106496K) Eden: 0K(24576K)->0K(24576K) From: 46784K(81920K)->24044K(81920K)
[7.135s][info][gc,heap        ] GC(118) ParOldGen: 1123810K(1145344K)->1144942K(1262080K)
[7.135s][info][gc,metaspace   ] GC(118) Metaspace: 6302K(6464K)->6302K(6464K) NonClass: 5769K(5824K)->5769K(5824K) Class: 533K(640K)->533K(640K)
[7.135s][info][gc             ] GC(118) Pause Full (Ergonomics) 1143M->1141M(1336M) 379.308ms
[7.135s][info][gc,cpu         ] GC(118) User=2.75s Sys=0.03s Real=0.38s
[7.165s][info][gc,start       ] GC(119) Pause Young (Allocation Failure)
[7.237s][info][gc,heap        ] GC(119) PSYoungGen: 48620K(106496K)->36320K(102400K) Eden: 24576K(24576K)->0K(27136K) From: 24044K(81920K)->36320K(75264K)
[7.237s][info][gc,heap        ] GC(119) ParOldGen: 1144942K(1262080K)->1157598K(1262080K)
[7.237s][info][gc,metaspace   ] GC(119) Metaspace: 6302K(6464K)->6302K(6464K) NonClass: 5769K(5824K)->5769K(5824K) Class: 533K(640K)->533K(640K)
[7.237s][info][gc             ] GC(119) Pause Young (Allocation Failure) 1165M->1165M(1332M) 72.068ms
[7.237s][info][gc,cpu         ] GC(119) User=0.42s Sys=0.00s Real=0.07s
[7.270s][info][gc,start       ] GC(120) Pause Young (Allocation Failure)
[7.304s][info][gc,heap        ] GC(120) PSYoungGen: 63456K(102400K)->63488K(104448K) Eden: 27136K(27136K)->0K(27136K) From: 36320K(75264K)->63488K(77312K)
[7.304s][info][gc,heap        ] GC(120) ParOldGen: 1157598K(1262080K)->1157598K(1262080K)
[7.304s][info][gc,metaspace   ] GC(120) Metaspace: 6302K(6464K)->6302K(6464K) NonClass: 5769K(5824K)->5769K(5824K) Class: 533K(640K)->533K(640K)
[7.304s][info][gc             ] GC(120) Pause Young (Allocation Failure) 1192M->1192M(1334M) 34.001ms
[7.304s][info][gc,cpu         ] GC(120) User=0.16s Sys=0.00s Real=0.03s
[7.336s][info][gc,start       ] GC(121) Pause Young (Allocation Failure)
[7.385s][info][gc,heap        ] GC(121) PSYoungGen: 90624K(104448K)->80896K(98816K) Eden: 27136K(27136K)->0K(17920K) From: 63488K(77312K)->80896K(80896K)
[7.385s][info][gc,heap        ] GC(121) ParOldGen: 1157598K(1262080K)->1167374K(1262080K)
[7.385s][info][gc,metaspace   ] GC(121) Metaspace: 6302K(6464K)->6302K(6464K) NonClass: 5769K(5824K)->5769K(5824K) Class: 533K(640K)->533K(640K)
[7.385s][info][gc             ] GC(121) Pause Young (Allocation Failure) 1218M->1219M(1329M) 48.408ms
[7.385s][info][gc,cpu         ] GC(121) User=0.27s Sys=0.00s Real=0.05s
[7.406s][info][gc,start       ] GC(122) Pause Young (Allocation Failure)
[7.458s][info][gc,heap        ] GC(122) PSYoungGen: 98816K(98816K)->67680K(111104K) Eden: 17920K(17920K)->0K(17920K) From: 80896K(80896K)->67680K(93184K)
[7.458s][info][gc,heap        ] GC(122) ParOldGen: 1167374K(1262080K)->1199030K(1262080K)
[7.458s][info][gc,metaspace   ] GC(122) Metaspace: 6302K(6464K)->6302K(6464K) NonClass: 5769K(5824K)->5769K(5824K) Class: 533K(640K)->533K(640K)
[7.458s][info][gc             ] GC(122) Pause Young (Allocation Failure) 1236M->1237M(1341M) 52.124ms
[7.458s][info][gc,cpu         ] GC(122) User=0.38s Sys=0.00s Real=0.05s
[7.479s][info][gc,start       ] GC(123) Pause Young (Allocation Failure)
[7.524s][info][gc,heap        ] GC(123) PSYoungGen: 85600K(111104K)->60640K(112640K) Eden: 17920K(17920K)->0K(20480K) From: 67680K(93184K)->60640K(92160K)
[7.524s][info][gc,heap        ] GC(123) ParOldGen: 1199030K(1262080K)->1224294K(1262080K)
[7.524s][info][gc,metaspace   ] GC(123) Metaspace: 6302K(6464K)->6302K(6464K) NonClass: 5769K(5824K)->5769K(5824K) Class: 533K(640K)->533K(640K)
[7.524s][info][gc             ] GC(123) Pause Young (Allocation Failure) 1254M->1254M(1342M) 44.699ms
[7.524s][info][gc,cpu         ] GC(123) User=0.23s Sys=0.03s Real=0.04s
[7.524s][info][gc,start       ] GC(124) Pause Full (Ergonomics)
[7.524s][info][gc,phases,start] GC(124) Marking Phase
[7.806s][info][gc,phases      ] GC(124) Marking Phase 282.142ms
[7.806s][info][gc,phases,start] GC(124) Summary Phase
[7.806s][info][gc,phases      ] GC(124) Summary Phase 0.036ms
[7.806s][info][gc,phases,start] GC(124) Adjust Roots
[7.806s][info][gc,phases      ] GC(124) Adjust Roots 0.150ms
[7.806s][info][gc,phases,start] GC(124) Compaction Phase
[7.916s][info][gc,phases      ] GC(124) Compaction Phase 109.719ms
[7.916s][info][gc,phases,start] GC(124) Post Compact
[7.918s][info][gc,phases      ] GC(124) Post Compact 2.248ms
[7.919s][info][gc,heap        ] GC(124) PSYoungGen: 60640K(112640K)->21563K(113664K) Eden: 0K(20480K)->0K(21504K) From: 60640K(92160K)->21563K(92160K)
[7.919s][info][gc,heap        ] GC(124) ParOldGen: 1224294K(1262080K)->1261956K(1389568K)
[7.919s][info][gc,metaspace   ] GC(124) Metaspace: 6302K(6464K)->6302K(6464K) NonClass: 5769K(5824K)->5769K(5824K) Class: 533K(640K)->533K(640K)
[7.919s][info][gc             ] GC(124) Pause Full (Ergonomics) 1254M->1253M(1468M) 395.116ms
[7.919s][info][gc,cpu         ] GC(124) User=2.91s Sys=0.02s Real=0.39s
[7.946s][info][gc,start       ] GC(125) Pause Young (Allocation Failure)
[8.020s][info][gc,heap        ] GC(125) PSYoungGen: 43067K(113664K)->25312K(114688K) Eden: 21504K(21504K)->0K(21504K) From: 21563K(92160K)->25312K(93184K)
[8.020s][info][gc,heap        ] GC(125) ParOldGen: 1261956K(1389568K)->1278220K(1389568K)
[8.020s][info][gc,metaspace   ] GC(125) Metaspace: 6302K(6464K)->6302K(6464K) NonClass: 5769K(5824K)->5769K(5824K) Class: 533K(640K)->533K(640K)
[8.020s][info][gc             ] GC(125) Pause Young (Allocation Failure) 1274M->1272M(1469M) 74.105ms
[8.020s][info][gc,cpu         ] GC(125) User=0.39s Sys=0.02s Real=0.07s
[8.036s][info][gc,start       ] GC(126) Pause Young (Allocation Failure)
[8.060s][info][gc,heap        ] GC(126) PSYoungGen: 46816K(114688K)->30976K(117248K) Eden: 21504K(21504K)->0K(24064K) From: 25312K(93184K)->30976K(93184K)
[8.061s][info][gc,heap        ] GC(126) ParOldGen: 1278220K(1389568K)->1283844K(1389568K)
[8.061s][info][gc,metaspace   ] GC(126) Metaspace: 6302K(6464K)->6302K(6464K) NonClass: 5769K(5824K)->5769K(5824K) Class: 533K(640K)->533K(640K)
[8.061s][info][gc             ] GC(126) Pause Young (Allocation Failure) 1293M->1284M(1471M) 24.107ms
[8.061s][info][gc,cpu         ] GC(126) User=0.08s Sys=0.05s Real=0.02s
[8.086s][info][gc,start       ] GC(127) Pause Young (Allocation Failure)
[8.115s][info][gc,heap        ] GC(127) PSYoungGen: 55040K(117248K)->29280K(117760K) Eden: 24064K(24064K)->0K(24064K) From: 30976K(93184K)->29280K(93696K)
[8.115s][info][gc,heap        ] GC(127) ParOldGen: 1283844K(1389568K)->1303772K(1389568K)
[8.115s][info][gc,metaspace   ] GC(127) Metaspace: 6302K(6464K)->6302K(6464K) NonClass: 5769K(5824K)->5769K(5824K) Class: 533K(640K)->533K(640K)
[8.115s][info][gc             ] GC(127) Pause Young (Allocation Failure) 1307M->1301M(1472M) 28.956ms
[8.115s][info][gc,cpu         ] GC(127) User=0.14s Sys=0.00s Real=0.03s
[8.145s][info][gc,start       ] GC(128) Pause Young (Allocation Failure)
[8.176s][info][gc,heap        ] GC(128) PSYoungGen: 53344K(117760K)->42176K(112640K) Eden: 24064K(24064K)->0K(27136K) From: 29280K(93696K)->42176K(85504K)
[8.176s][info][gc,heap        ] GC(128) ParOldGen: 1303772K(1389568K)->1315092K(1389568K)
[8.176s][info][gc,metaspace   ] GC(128) Metaspace: 6302K(6464K)->6302K(6464K) NonClass: 5769K(5824K)->5769K(5824K) Class: 533K(640K)->533K(640K)
[8.176s][info][gc             ] GC(128) Pause Young (Allocation Failure) 1325M->1325M(1467M) 30.955ms
[8.176s][info][gc,cpu         ] GC(128) User=0.14s Sys=0.00s Real=0.03s
[8.211s][info][gc,start       ] GC(129) Pause Young (Allocation Failure)
[8.249s][info][gc,heap        ] GC(129) PSYoungGen: 69312K(112640K)->51360K(116224K) Eden: 27136K(27136K)->0K(27136K) From: 42176K(85504K)->51360K(89088K)
[8.249s][info][gc,heap        ] GC(129) ParOldGen: 1315092K(1389568K)->1333308K(1389568K)
[8.249s][info][gc,metaspace   ] GC(129) Metaspace: 6302K(6464K)->6302K(6464K) NonClass: 5769K(5824K)->5769K(5824K) Class: 533K(640K)->533K(640K)
[8.249s][info][gc             ] GC(129) Pause Young (Allocation Failure) 1351M->1352M(1470M) 38.297ms
[8.249s][info][gc,cpu         ] GC(129) User=0.27s Sys=0.00s Real=0.04s
[8.533s][info][gc,start       ] GC(130) Pause Young (Allocation Failure)
[8.603s][info][gc,heap        ] GC(130) PSYoungGen: 78496K(116224K)->54464K(114688K) Eden: 27136K(27136K)->0K(30208K) From: 51360K(89088K)->54464K(84480K)
[8.603s][info][gc,heap        ] GC(130) ParOldGen: 1398844K(1455616K)->1423236K(1455616K)
[8.603s][info][gc,metaspace   ] GC(130) Metaspace: 6302K(6464K)->6302K(6464K) NonClass: 5769K(5824K)->5769K(5824K) Class: 533K(640K)->533K(640K)
[8.603s][info][gc             ] GC(130) Pause Young (Allocation Failure) 1442M->1443M(1533M) 70.091ms
[8.603s][info][gc,cpu         ] GC(130) User=0.41s Sys=0.00s Real=0.07s
[8.603s][info][gc,start       ] GC(131) Pause Full (Ergonomics)
[8.603s][info][gc,phases,start] GC(131) Marking Phase
[8.918s][info][gc,phases      ] GC(131) Marking Phase 314.552ms
[8.918s][info][gc,phases,start] GC(131) Summary Phase
[8.918s][info][gc,phases      ] GC(131) Summary Phase 0.051ms
[8.918s][info][gc,phases,start] GC(131) Adjust Roots
[8.918s][info][gc,phases      ] GC(131) Adjust Roots 0.173ms
[8.918s][info][gc,phases,start] GC(131) Compaction Phase
[9.150s][info][gc,phases      ] GC(131) Compaction Phase 232.184ms
[9.150s][info][gc,phases,start] GC(131) Post Compact
[9.153s][info][gc,phases      ] GC(131) Post Compact 3.029ms
[9.154s][info][gc,heap        ] GC(131) PSYoungGen: 54464K(114688K)->0K(115712K) Eden: 0K(30208K)->0K(30208K) From: 54464K(84480K)->0K(85504K)
[9.154s][info][gc,heap        ] GC(131) ParOldGen: 1423236K(1455616K)->1443211K(1576960K)
[9.154s][info][gc,metaspace   ] GC(131) Metaspace: 6302K(6464K)->6302K(6464K) NonClass: 5769K(5824K)->5769K(5824K) Class: 533K(640K)->533K(640K)
[9.154s][info][gc             ] GC(131) Pause Full (Ergonomics) 1443M->1409M(1653M) 550.950ms
[9.154s][info][gc,cpu         ] GC(131) User=3.86s Sys=0.06s Real=0.55s
[9.185s][info][gc,start       ] GC(132) Pause Young (Allocation Failure)
[9.209s][info][gc,heap        ] GC(132) PSYoungGen: 30208K(115712K)->30368K(115712K) Eden: 30208K(30208K)->0K(32768K) From: 0K(85504K)->30368K(82944K)
[9.209s][info][gc,heap        ] GC(132) ParOldGen: 1443211K(1576960K)->1443211K(1576960K)
[9.209s][info][gc,metaspace   ] GC(132) Metaspace: 6302K(6464K)->6302K(6464K) NonClass: 5769K(5824K)->5769K(5824K) Class: 533K(640K)->533K(640K)
[9.209s][info][gc             ] GC(132) Pause Young (Allocation Failure) 1438M->1439M(1653M) 24.005ms
[9.209s][info][gc,cpu         ] GC(132) User=0.06s Sys=0.00s Real=0.02s
[9.239s][info][gc,start       ] GC(133) Pause Young (Allocation Failure)
[9.272s][info][gc,heap        ] GC(133) PSYoungGen: 63136K(115712K)->63168K(117248K) Eden: 32768K(32768K)->0K(32768K) From: 30368K(82944K)->63168K(84480K)
[9.272s][info][gc,heap        ] GC(133) ParOldGen: 1443211K(1576960K)->1443211K(1576960K)
[9.272s][info][gc,metaspace   ] GC(133) Metaspace: 6302K(6464K)->6302K(6464K) NonClass: 5769K(5824K)->5769K(5824K) Class: 533K(640K)->533K(640K)
[9.272s][info][gc             ] GC(133) Pause Young (Allocation Failure) 1471M->1471M(1654M) 33.421ms
[9.272s][info][gc,cpu         ] GC(133) User=0.08s Sys=0.00s Real=0.03s
[9.302s][info][gc,start       ] GC(134) Pause Young (Allocation Failure)
[9.348s][info][gc,heap        ] GC(134) PSYoungGen: 95936K(117248K)->87040K(109056K) Eden: 32768K(32768K)->0K(22016K) From: 63168K(84480K)->87040K(87040K)
[9.348s][info][gc,heap        ] GC(134) ParOldGen: 1443211K(1576960K)->1452155K(1576960K)
[9.348s][info][gc,metaspace   ] GC(134) Metaspace: 6302K(6464K)->6302K(6464K) NonClass: 5769K(5824K)->5769K(5824K) Class: 533K(640K)->533K(640K)
[9.348s][info][gc             ] GC(134) Pause Young (Allocation Failure) 1503M->1503M(1646M) 46.025ms
[9.348s][info][gc,cpu         ] GC(134) User=0.27s Sys=0.00s Real=0.05s
[9.372s][info][gc,start       ] GC(135) Pause Young (Allocation Failure)
[9.421s][info][gc,heap        ] GC(135) PSYoungGen: 109056K(109056K)->100864K(122880K) Eden: 22016K(22016K)->0K(22016K) From: 87040K(87040K)->100864K(100864K)
[9.421s][info][gc,heap        ] GC(135) ParOldGen: 1452155K(1576960K)->1460483K(1576960K)
[9.421s][info][gc,metaspace   ] GC(135) Metaspace: 6302K(6464K)->6302K(6464K) NonClass: 5769K(5824K)->5769K(5824K) Class: 533K(640K)->533K(640K)
[9.421s][info][gc             ] GC(135) Pause Young (Allocation Failure) 1524M->1524M(1660M) 49.319ms
[9.421s][info][gc,cpu         ] GC(135) User=0.39s Sys=0.00s Real=0.05s
[9.445s][info][gc,start       ] GC(136) Pause Young (Allocation Failure)
[9.503s][info][gc,heap        ] GC(136) PSYoungGen: 122880K(122880K)->67104K(135680K) Eden: 22016K(22016K)->0K(24576K) From: 100864K(100864K)->67104K(111104K)
[9.503s][info][gc,heap        ] GC(136) ParOldGen: 1460483K(1576960K)->1516995K(1576960K)
[9.503s][info][gc,metaspace   ] GC(136) Metaspace: 6302K(6464K)->6302K(6464K) NonClass: 5769K(5824K)->5769K(5824K) Class: 533K(640K)->533K(640K)
[9.503s][info][gc             ] GC(136) Pause Young (Allocation Failure) 1546M->1546M(1672M) 57.875ms
[9.503s][info][gc,cpu         ] GC(136) User=0.34s Sys=0.03s Real=0.06s
[9.528s][info][gc,start       ] GC(137) Pause Young (Allocation Failure)
[9.574s][info][gc,heap        ] GC(137) PSYoungGen: 91680K(135680K)->46720K(138752K) Eden: 24576K(24576K)->0K(24576K) From: 67104K(111104K)->46720K(114176K)
[9.574s][info][gc,heap        ] GC(137) ParOldGen: 1516995K(1576960K)->1562499K(1576960K)
[9.574s][info][gc,metaspace   ] GC(137) Metaspace: 6302K(6464K)->6302K(6464K) NonClass: 5769K(5824K)->5769K(5824K) Class: 533K(640K)->533K(640K)
[9.574s][info][gc             ] GC(137) Pause Young (Allocation Failure) 1570M->1571M(1675M) 46.246ms
[9.574s][info][gc,cpu         ] GC(137) User=0.27s Sys=0.00s Real=0.05s
[9.574s][info][gc,start       ] GC(138) Pause Full (Ergonomics)
[9.574s][info][gc,phases,start] GC(138) Marking Phase
[9.935s][info][gc,phases      ] GC(138) Marking Phase 361.155ms
[9.935s][info][gc,phases,start] GC(138) Summary Phase
[9.935s][info][gc,phases      ] GC(138) Summary Phase 0.045ms
[9.935s][info][gc,phases,start] GC(138) Adjust Roots
[9.936s][info][gc,phases      ] GC(138) Adjust Roots 0.269ms
[9.936s][info][gc,phases,start] GC(138) Compaction Phase
[10.385s][info][gc,phases      ] GC(138) Compaction Phase 449.523ms
[10.385s][info][gc,phases,start] GC(138) Post Compact
[10.388s][info][gc,phases      ] GC(138) Post Compact 3.038ms
[10.389s][info][gc,heap        ] GC(138) PSYoungGen: 46720K(138752K)->30687K(138752K) Eden: 0K(24576K)->0K(24576K) From: 46720K(114176K)->30687K(114176K)
[10.389s][info][gc,heap        ] GC(138) ParOldGen: 1562499K(1576960K)->1576686K(1738240K)
[10.389s][info][gc,metaspace   ] GC(138) Metaspace: 6302K(6464K)->6302K(6464K) NonClass: 5769K(5824K)->5769K(5824K) Class: 533K(640K)->533K(640K)
[10.389s][info][gc             ] GC(138) Pause Full (Ergonomics) 1571M->1569M(1833M) 814.915ms
[10.389s][info][gc,cpu         ] GC(138) User=5.80s Sys=0.02s Real=0.82s
[10.414s][info][gc,start       ] GC(139) Pause Young (Allocation Failure)
[10.503s][info][gc,heap        ] GC(139) PSYoungGen: 55263K(138752K)->24768K(138240K) Eden: 24576K(24576K)->0K(27136K) From: 30687K(114176K)->24768K(111104K)
[10.503s][info][gc,heap        ] GC(139) ParOldGen: 1576686K(1738240K)->1607790K(1738240K)
[10.503s][info][gc,metaspace   ] GC(139) Metaspace: 6302K(6464K)->6302K(6464K) NonClass: 5769K(5824K)->5769K(5824K) Class: 533K(640K)->533K(640K)
[10.503s][info][gc             ] GC(139) Pause Young (Allocation Failure) 1593M->1594M(1832M) 88.745ms
[10.503s][info][gc,cpu         ] GC(139) User=0.64s Sys=0.00s Real=0.09s
[10.530s][info][gc,start       ] GC(140) Pause Young (Allocation Failure)
[10.563s][info][gc,heap        ] GC(140) PSYoungGen: 51904K(138240K)->51936K(79360K) Eden: 27136K(27136K)->0K(27136K) From: 24768K(111104K)->51936K(52224K)
[10.563s][info][gc,heap        ] GC(140) ParOldGen: 1607790K(1738240K)->1607790K(1738240K)
[10.563s][info][gc,metaspace   ] GC(140) Metaspace: 6302K(6464K)->6302K(6464K) NonClass: 5769K(5824K)->5769K(5824K) Class: 533K(640K)->533K(640K)
[10.563s][info][gc             ] GC(140) Pause Young (Allocation Failure) 1620M->1620M(1775M) 33.410ms
[10.563s][info][gc,cpu         ] GC(140) User=0.14s Sys=0.00s Real=0.03s
[10.592s][info][gc,start       ] GC(141) Pause Young (Allocation Failure)
[10.632s][info][gc,heap        ] GC(141) PSYoungGen: 79072K(79360K)->79040K(132096K) Eden: 27136K(27136K)->0K(26112K) From: 51936K(52224K)->79040K(105984K)
[10.632s][info][gc,heap        ] GC(141) ParOldGen: 1607790K(1738240K)->1607790K(1738240K)
[10.632s][info][gc,metaspace   ] GC(141) Metaspace: 6302K(6464K)->6302K(6464K) NonClass: 5769K(5824K)->5769K(5824K) Class: 533K(640K)->533K(640K)
[10.632s][info][gc             ] GC(141) Pause Young (Allocation Failure) 1647M->1647M(1826M) 40.310ms
[10.632s][info][gc,cpu         ] GC(141) User=0.28s Sys=0.00s Real=0.04s
[10.660s][info][gc,start       ] GC(142) Pause Young (Allocation Failure)
[10.711s][info][gc,heap        ] GC(142) PSYoungGen: 105152K(132096K)->80608K(136192K) Eden: 26112K(26112K)->0K(26112K) From: 79040K(105984K)->80608K(110080K)
[10.711s][info][gc,heap        ] GC(142) ParOldGen: 1607790K(1738240K)->1632686K(1738240K)
[10.711s][info][gc,metaspace   ] GC(142) Metaspace: 6302K(6464K)->6302K(6464K) NonClass: 5769K(5824K)->5769K(5824K) Class: 533K(640K)->533K(640K)
[10.712s][info][gc             ] GC(142) Pause Young (Allocation Failure) 1672M->1673M(1830M) 51.072ms
[10.712s][info][gc,cpu         ] GC(142) User=0.38s Sys=0.00s Real=0.05s
[10.741s][info][gc,start       ] GC(143) Pause Young (Allocation Failure)
[10.794s][info][gc,heap        ] GC(143) PSYoungGen: 106720K(136192K)->79552K(140800K) Eden: 26112K(26112K)->0K(27136K) From: 80608K(110080K)->79552K(113664K)
[10.794s][info][gc,heap        ] GC(143) ParOldGen: 1632686K(1738240K)->1660190K(1738240K)
[10.794s][info][gc,metaspace   ] GC(143) Metaspace: 6302K(6464K)->6302K(6464K) NonClass: 5769K(5824K)->5769K(5824K) Class: 533K(640K)->533K(640K)
[10.794s][info][gc             ] GC(143) Pause Young (Allocation Failure) 1698M->1698M(1835M) 53.156ms
[10.794s][info][gc,cpu         ] GC(143) User=0.33s Sys=0.05s Real=0.05s
[10.823s][info][gc,start       ] GC(144) Pause Young (Allocation Failure)
[10.875s][info][gc,heap        ] GC(144) PSYoungGen: 106688K(140800K)->79584K(142848K) Eden: 27136K(27136K)->0K(27136K) From: 79552K(113664K)->79584K(115712K)
[10.875s][info][gc,heap        ] GC(144) ParOldGen: 1660190K(1738240K)->1687686K(1738240K)
[10.875s][info][gc,metaspace   ] GC(144) Metaspace: 6302K(6464K)->6302K(6464K) NonClass: 5769K(5824K)->5769K(5824K) Class: 533K(640K)->533K(640K)
[10.875s][info][gc             ] GC(144) Pause Young (Allocation Failure) 1725M->1725M(1837M) 51.927ms
[10.875s][info][gc,cpu         ] GC(144) User=0.39s Sys=0.00s Real=0.05s
[10.906s][info][gc,start       ] GC(145) Pause Young (Allocation Failure)
[10.958s][info][gc,heap        ] GC(145) PSYoungGen: 106720K(142848K)->80608K(146944K) Eden: 27136K(27136K)->0K(29696K) From: 79584K(115712K)->80608K(117248K)
[10.958s][info][gc,heap        ] GC(145) ParOldGen: 1687686K(1738240K)->1714158K(1738240K)
[10.958s][info][gc,metaspace   ] GC(145) Metaspace: 6302K(6464K)->6302K(6464K) NonClass: 5769K(5824K)->5769K(5824K) Class: 533K(640K)->533K(640K)
[10.958s][info][gc             ] GC(145) Pause Young (Allocation Failure) 1752M->1752M(1841M) 52.431ms
[10.958s][info][gc,cpu         ] GC(145) User=0.30s Sys=0.08s Real=0.05s
[10.958s][info][gc,start       ] GC(146) Pause Full (Ergonomics)
[10.958s][info][gc,phases,start] GC(146) Marking Phase
[11.346s][info][gc,phases      ] GC(146) Marking Phase 387.928ms
[11.346s][info][gc,phases,start] GC(146) Summary Phase
[11.346s][info][gc,phases      ] GC(146) Summary Phase 0.037ms
[11.346s][info][gc,phases,start] GC(146) Adjust Roots
[11.347s][info][gc,phases      ] GC(146) Adjust Roots 0.170ms
[11.347s][info][gc,phases,start] GC(146) Compaction Phase
[11.527s][info][gc,phases      ] GC(146) Compaction Phase 180.705ms
[11.527s][info][gc,phases,start] GC(146) Post Compact
[11.531s][info][gc,phases      ] GC(146) Post Compact 3.339ms
[11.531s][info][gc,heap        ] GC(146) PSYoungGen: 80608K(146944K)->54739K(146944K) Eden: 0K(29696K)->0K(29696K) From: 80608K(117248K)->54739K(117248K)
[11.531s][info][gc,heap        ] GC(146) ParOldGen: 1714158K(1738240K)->1737764K(1908224K)
[11.531s][info][gc,metaspace   ] GC(146) Metaspace: 6302K(6464K)->6302K(6464K) NonClass: 5769K(5824K)->5769K(5824K) Class: 533K(640K)->533K(640K)
[11.531s][info][gc             ] GC(146) Pause Full (Ergonomics) 1752M->1750M(2007M) 573.083ms
[11.531s][info][gc,cpu         ] GC(146) User=4.12s Sys=0.02s Real=0.57s
[11.564s][info][gc,start       ] GC(147) Pause Young (Allocation Failure)
[11.676s][info][gc,heap        ] GC(147) PSYoungGen: 84435K(146944K)->48960K(147968K) Eden: 29696K(29696K)->0K(29696K) From: 54739K(117248K)->48960K(118272K)
[11.676s][info][gc,heap        ] GC(147) ParOldGen: 1737764K(1908224K)->1773956K(1908224K)
[11.676s][info][gc,metaspace   ] GC(147) Metaspace: 6302K(6464K)->6302K(6464K) NonClass: 5769K(5824K)->5769K(5824K) Class: 533K(640K)->533K(640K)
[11.676s][info][gc             ] GC(147) Pause Young (Allocation Failure) 1779M->1780M(2008M) 112.081ms
[11.676s][info][gc,cpu         ] GC(147) User=0.66s Sys=0.09s Real=0.11s
[11.706s][info][gc,start       ] GC(148) Pause Young (Allocation Failure)
[11.748s][info][gc,heap        ] GC(148) PSYoungGen: 78656K(147968K)->59584K(140288K) Eden: 29696K(29696K)->0K(33280K) From: 48960K(118272K)->59584K(107008K)
[11.748s][info][gc,heap        ] GC(148) ParOldGen: 1773956K(1908224K)->1793268K(1908224K)
[11.748s][info][gc,metaspace   ] GC(148) Metaspace: 6302K(6464K)->6302K(6464K) NonClass: 5769K(5824K)->5769K(5824K) Class: 533K(640K)->533K(640K)
[11.748s][info][gc             ] GC(148) Pause Young (Allocation Failure) 1809M->1809M(2000M) 42.543ms
[11.748s][info][gc,cpu         ] GC(148) User=0.25s Sys=0.00s Real=0.04s
[11.785s][info][gc,start       ] GC(149) Pause Young (Allocation Failure)
[11.833s][info][gc,heap        ] GC(149) PSYoungGen: 92864K(140288K)->63168K(96768K) Eden: 33280K(33280K)->0K(33280K) From: 59584K(107008K)->63168K(63488K)
[11.833s][info][gc,heap        ] GC(149) ParOldGen: 1793268K(1908224K)->1823364K(1908224K)
[11.833s][info][gc,metaspace   ] GC(149) Metaspace: 6302K(6464K)->6302K(6464K) NonClass: 5769K(5824K)->5769K(5824K) Class: 533K(640K)->533K(640K)
[11.833s][info][gc             ] GC(149) Pause Young (Allocation Failure) 1841M->1842M(1958M) 48.190ms
[11.833s][info][gc,cpu         ] GC(149) User=0.25s Sys=0.02s Real=0.05s
[11.870s][info][gc,start       ] GC(150) Pause Young (Allocation Failure)
[11.919s][info][gc,heap        ] GC(150) PSYoungGen: 96448K(96768K)->66784K(137216K) Eden: 33280K(33280K)->0K(36864K) From: 63168K(63488K)->66784K(100352K)
[11.919s][info][gc,heap        ] GC(150) ParOldGen: 1823364K(1908224K)->1853452K(1908224K)
[11.919s][info][gc,metaspace   ] GC(150) Metaspace: 6302K(6464K)->6302K(6464K) NonClass: 5769K(5824K)->5769K(5824K) Class: 533K(640K)->533K(640K)
[11.919s][info][gc             ] GC(150) Pause Young (Allocation Failure) 1874M->1875M(1997M) 49.493ms
[11.919s][info][gc,cpu         ] GC(150) User=0.27s Sys=0.02s Real=0.05s
[11.961s][info][gc,start       ] GC(151) Pause Young (Allocation Failure)
[12.014s][info][gc,heap        ] GC(151) PSYoungGen: 103648K(137216K)->70400K(140288K) Eden: 36864K(36864K)->0K(36864K) From: 66784K(100352K)->70400K(103424K)
[12.014s][info][gc,heap        ] GC(151) ParOldGen: 1853452K(1908224K)->1887180K(1908224K)
[12.014s][info][gc,metaspace   ] GC(151) Metaspace: 6302K(6464K)->6302K(6464K) NonClass: 5769K(5824K)->5769K(5824K) Class: 533K(640K)->533K(640K)
[12.014s][info][gc             ] GC(151) Pause Young (Allocation Failure) 1911M->1911M(2000M) 53.396ms
[12.014s][info][gc,cpu         ] GC(151) User=0.36s Sys=0.00s Real=0.05s
[12.014s][info][gc,start       ] GC(152) Pause Full (Ergonomics)
[12.014s][info][gc,phases,start] GC(152) Marking Phase
[12.443s][info][gc,phases      ] GC(152) Marking Phase 429.081ms
[12.443s][info][gc,phases,start] GC(152) Summary Phase
[12.443s][info][gc,phases      ] GC(152) Summary Phase 0.037ms
[12.443s][info][gc,phases,start] GC(152) Adjust Roots
[12.443s][info][gc,phases      ] GC(152) Adjust Roots 0.158ms
[12.443s][info][gc,phases,start] GC(152) Compaction Phase
[12.627s][info][gc,phases      ] GC(152) Compaction Phase 183.968ms
[12.627s][info][gc,phases,start] GC(152) Post Compact
[12.631s][info][gc,phases      ] GC(152) Post Compact 3.821ms
[12.632s][info][gc,heap        ] GC(152) PSYoungGen: 70400K(140288K)->47082K(140288K) Eden: 0K(36864K)->0K(36864K) From: 70400K(103424K)->47082K(103424K)
[12.632s][info][gc,heap        ] GC(152) ParOldGen: 1887180K(1908224K)->1908075K(2093568K)
[12.632s][info][gc,metaspace   ] GC(152) Metaspace: 6302K(6464K)->6302K(6464K) NonClass: 5769K(5824K)->5769K(5824K) Class: 533K(640K)->533K(640K)
[12.632s][info][gc             ] GC(152) Pause Full (Ergonomics) 1911M->1909M(2181M) 618.271ms
[12.632s][info][gc,cpu         ] GC(152) User=4.33s Sys=0.03s Real=0.62s
[12.677s][info][gc,start       ] GC(153) Pause Young (Allocation Failure)
[12.805s][info][gc,heap        ] GC(153) PSYoungGen: 83946K(140288K)->62144K(135168K) Eden: 36864K(36864K)->0K(40448K) From: 47082K(103424K)->62144K(94720K)
[12.805s][info][gc,heap        ] GC(153) ParOldGen: 1908075K(2093568K)->1930427K(2093568K)
[12.805s][info][gc,metaspace   ] GC(153) Metaspace: 6302K(6464K)->6302K(6464K) NonClass: 5769K(5824K)->5769K(5824K) Class: 533K(640K)->533K(640K)
[12.805s][info][gc             ] GC(153) Pause Young (Allocation Failure) 1945M->1945M(2176M) 127.618ms
[12.805s][info][gc,cpu         ] GC(153) User=0.86s Sys=0.00s Real=0.13s
[12.858s][info][gc,start       ] GC(154) Pause Young (Allocation Failure)
[12.913s][info][gc,heap        ] GC(154) PSYoungGen: 102592K(135168K)->98816K(139264K) Eden: 40448K(40448K)->0K(40448K) From: 62144K(94720K)->98816K(98816K)
[12.913s][info][gc,heap        ] GC(154) ParOldGen: 1930427K(2093568K)->1934219K(2093568K)
[12.913s][info][gc,metaspace   ] GC(154) Metaspace: 6302K(6464K)->6302K(6464K) NonClass: 5769K(5824K)->5769K(5824K) Class: 533K(640K)->533K(640K)
[12.913s][info][gc             ] GC(154) Pause Young (Allocation Failure) 1985M->1985M(2180M) 55.473ms
[12.913s][info][gc,cpu         ] GC(154) User=0.38s Sys=0.00s Real=0.06s
[12.955s][info][gc,start       ] GC(155) Pause Young (Allocation Failure)
[13.031s][info][gc,heap        ] GC(155) PSYoungGen: 139264K(139264K)->79296K(154112K) Eden: 40448K(40448K)->0K(44544K) From: 98816K(98816K)->79296K(109568K)
[13.031s][info][gc,heap        ] GC(155) ParOldGen: 1934219K(2093568K)->1995091K(2093568K)
[13.031s][info][gc,metaspace   ] GC(155) Metaspace: 6302K(6464K)->6302K(6464K) NonClass: 5769K(5824K)->5769K(5824K) Class: 533K(640K)->533K(640K)
[13.032s][info][gc             ] GC(155) Pause Young (Allocation Failure) 2024M->2025M(2195M) 76.027ms
[13.032s][info][gc,cpu         ] GC(155) User=0.50s Sys=0.02s Real=0.08s
[13.079s][info][gc,start       ] GC(156) Pause Young (Allocation Failure)
[13.144s][info][gc,heap        ] GC(156) PSYoungGen: 123840K(154112K)->85216K(154112K) Eden: 44544K(44544K)->0K(44544K) From: 79296K(109568K)->85216K(109568K)
[13.144s][info][gc,heap        ] GC(156) ParOldGen: 1995091K(2093568K)->2034227K(2093568K)
[13.144s][info][gc,metaspace   ] GC(156) Metaspace: 6302K(6464K)->6302K(6464K) NonClass: 5769K(5824K)->5769K(5824K) Class: 533K(640K)->533K(640K)
[13.144s][info][gc             ] GC(156) Pause Young (Allocation Failure) 2069M->2069M(2195M) 65.091ms
[13.145s][info][gc,cpu         ] GC(156) User=0.34s Sys=0.05s Real=0.07s
[13.145s][info][gc,start       ] GC(157) Pause Full (Ergonomics)
[13.145s][info][gc,phases,start] GC(157) Marking Phase
[13.610s][info][gc,phases      ] GC(157) Marking Phase 465.231ms
[13.610s][info][gc,phases,start] GC(157) Summary Phase
[13.610s][info][gc,phases      ] GC(157) Summary Phase 0.037ms
[13.610s][info][gc,phases,start] GC(157) Adjust Roots
[13.610s][info][gc,phases      ] GC(157) Adjust Roots 0.163ms
[13.610s][info][gc,phases,start] GC(157) Compaction Phase
[13.795s][info][gc,phases      ] GC(157) Compaction Phase 184.586ms
[13.795s][info][gc,phases,start] GC(157) Post Compact
[13.799s][info][gc,phases      ] GC(157) Post Compact 4.250ms
[13.800s][info][gc,heap        ] GC(157) PSYoungGen: 85216K(154112K)->24129K(154112K) Eden: 0K(44544K)->0K(44544K) From: 85216K(109568K)->24129K(109568K)
[13.800s][info][gc,heap        ] GC(157) ParOldGen: 2034227K(2093568K)->2093209K(2305024K)
[13.800s][info][gc,metaspace   ] GC(157) Metaspace: 6302K(6464K)->6302K(6464K) NonClass: 5769K(5824K)->5769K(5824K) Class: 533K(640K)->533K(640K)
[13.800s][info][gc             ] GC(157) Pause Full (Ergonomics) 2069M->2067M(2401M) 655.567ms
[13.800s][info][gc,cpu         ] GC(157) User=4.84s Sys=0.03s Real=0.66s
[13.846s][info][gc,start       ] GC(158) Pause Young (Allocation Failure)
[13.973s][info][gc,heap        ] GC(158) PSYoungGen: 68673K(154112K)->60384K(154112K) Eden: 44544K(44544K)->0K(48640K) From: 24129K(109568K)->60384K(105472K)
[13.973s][info][gc,heap        ] GC(158) ParOldGen: 2093209K(2305024K)->2101857K(2305024K)
[13.973s][info][gc,metaspace   ] GC(158) Metaspace: 6302K(6464K)->6302K(6464K) NonClass: 5769K(5824K)->5769K(5824K) Class: 533K(640K)->533K(640K)
[13.973s][info][gc             ] GC(158) Pause Young (Allocation Failure) 2111M->2111M(2401M) 126.897ms
[13.973s][info][gc,cpu         ] GC(158) User=0.75s Sys=0.02s Real=0.13s
[14.030s][info][gc,start       ] GC(159) Pause Young (Allocation Failure)
[14.088s][info][gc,heap        ] GC(159) PSYoungGen: 109024K(154112K)->109056K(157696K) Eden: 48640K(48640K)->0K(48640K) From: 60384K(105472K)->109056K(109056K)
[14.088s][info][gc,heap        ] GC(159) ParOldGen: 2101857K(2305024K)->2101865K(2305024K)
[14.088s][info][gc,metaspace   ] GC(159) Metaspace: 6302K(6464K)->6302K(6464K) NonClass: 5769K(5824K)->5769K(5824K) Class: 533K(640K)->533K(640K)
[14.088s][info][gc             ] GC(159) Pause Young (Allocation Failure) 2159M->2159M(2405M) 58.182ms
[14.088s][info][gc,cpu         ] GC(159) User=0.38s Sys=0.00s Real=0.06s
[14.151s][info][gc,start       ] GC(160) Pause Young (Allocation Failure)
[14.242s][info][gc,heap        ] GC(160) PSYoungGen: 157696K(157696K)->97600K(168448K) Eden: 48640K(48640K)->0K(48640K) From: 109056K(109056K)->97600K(119808K)
[14.242s][info][gc,heap        ] GC(160) ParOldGen: 2101865K(2305024K)->2162825K(2305024K)
[14.242s][info][gc,metaspace   ] GC(160) Metaspace: 6302K(6464K)->6302K(6464K) NonClass: 5769K(5824K)->5769K(5824K) Class: 533K(640K)->533K(640K)
[14.242s][info][gc             ] GC(160) Pause Young (Allocation Failure) 2206M->2207M(2415M) 90.549ms
[14.242s][info][gc,cpu         ] GC(160) User=0.56s Sys=0.08s Real=0.09s
[14.297s][info][gc,start       ] GC(161) Pause Young (Allocation Failure)
[14.372s][info][gc,heap        ] GC(161) PSYoungGen: 146240K(168448K)->124416K(173056K) Eden: 48640K(48640K)->0K(48640K) From: 97600K(119808K)->124416K(124416K)
[14.372s][info][gc,heap        ] GC(161) ParOldGen: 2162825K(2305024K)->2184809K(2305024K)
[14.372s][info][gc,metaspace   ] GC(161) Metaspace: 6302K(6464K)->6302K(6464K) NonClass: 5769K(5824K)->5769K(5824K) Class: 533K(640K)->533K(640K)
[14.372s][info][gc             ] GC(161) Pause Young (Allocation Failure) 2254M->2255M(2420M) 75.275ms
[14.372s][info][gc,cpu         ] GC(161) User=0.44s Sys=0.06s Real=0.08s
[14.426s][info][gc,start       ] GC(162) Pause Young (Allocation Failure)
[14.521s][info][gc,heap        ] GC(162) PSYoungGen: 173056K(173056K)->89504K(193024K) Eden: 48640K(48640K)->0K(54272K) From: 124416K(124416K)->89504K(138752K)
[14.522s][info][gc,heap        ] GC(162) ParOldGen: 2184809K(2305024K)->2269577K(2305024K)
[14.522s][info][gc,metaspace   ] GC(162) Metaspace: 6302K(6464K)->6302K(6464K) NonClass: 5769K(5824K)->5769K(5824K) Class: 533K(640K)->533K(640K)
[14.522s][info][gc             ] GC(162) Pause Young (Allocation Failure) 2302M->2303M(2439M) 95.604ms
[14.522s][info][gc,cpu         ] GC(162) User=0.58s Sys=0.06s Real=0.10s
[14.522s][info][gc,start       ] GC(163) Pause Full (Ergonomics)
[14.522s][info][gc,phases,start] GC(163) Marking Phase
[15.060s][info][gc,phases      ] GC(163) Marking Phase 538.381ms
[15.060s][info][gc,phases,start] GC(163) Summary Phase
[15.060s][info][gc,phases      ] GC(163) Summary Phase 0.074ms
[15.060s][info][gc,phases,start] GC(163) Adjust Roots
[15.060s][info][gc,phases      ] GC(163) Adjust Roots 0.261ms
[15.060s][info][gc,phases,start] GC(163) Compaction Phase
[15.270s][info][gc,phases      ] GC(163) Compaction Phase 209.627ms
[15.270s][info][gc,phases,start] GC(163) Post Compact
[15.275s][info][gc,phases      ] GC(163) Post Compact 4.536ms
[15.276s][info][gc,heap        ] GC(163) PSYoungGen: 89504K(193024K)->51348K(196096K) Eden: 0K(54272K)->0K(57344K) From: 89504K(138752K)->51348K(138752K)
[15.276s][info][gc,heap        ] GC(163) ParOldGen: 2269577K(2305024K)->2304940K(2557440K)
[15.276s][info][gc,metaspace   ] GC(163) Metaspace: 6302K(6464K)->6302K(6464K) NonClass: 5769K(5824K)->5769K(5824K) Class: 533K(640K)->533K(640K)
[15.276s][info][gc             ] GC(163) Pause Full (Ergonomics) 2303M->2301M(2689M) 754.087ms
[15.276s][info][gc,cpu         ] GC(163) User=5.61s Sys=0.06s Real=0.76s
[15.341s][info][gc,start       ] GC(164) Pause Young (Allocation Failure)
[15.500s][info][gc,heap        ] GC(164) PSYoungGen: 108692K(196096K)->87264K(199168K) Eden: 57344K(57344K)->0K(57344K) From: 51348K(138752K)->87264K(141824K)
[15.500s][info][gc,heap        ] GC(164) ParOldGen: 2304940K(2557440K)->2326876K(2557440K)
[15.500s][info][gc,metaspace   ] GC(164) Metaspace: 6302K(6464K)->6302K(6464K) NonClass: 5769K(5824K)->5769K(5824K) Class: 533K(640K)->533K(640K)
[15.501s][info][gc             ] GC(164) Pause Young (Allocation Failure) 2357M->2357M(2692M) 159.626ms
[15.501s][info][gc,cpu         ] GC(164) User=1.16s Sys=0.00s Real=0.16s
[15.569s][info][gc,start       ] GC(165) Pause Young (Allocation Failure)
[15.652s][info][gc,heap        ] GC(165) PSYoungGen: 144608K(199168K)->137216K(182784K) Eden: 57344K(57344K)->0K(45568K) From: 87264K(141824K)->137216K(137216K)
[15.652s][info][gc,heap        ] GC(165) ParOldGen: 2326876K(2557440K)->2334324K(2557440K)
[15.652s][info][gc,metaspace   ] GC(165) Metaspace: 6302K(6464K)->6302K(6464K) NonClass: 5769K(5824K)->5769K(5824K) Class: 533K(640K)->533K(640K)
[15.652s][info][gc             ] GC(165) Pause Young (Allocation Failure) 2413M->2413M(2676M) 83.503ms
[15.652s][info][gc,cpu         ] GC(165) User=0.50s Sys=0.02s Real=0.08s
[15.706s][info][gc,start       ] GC(166) Pause Young (Allocation Failure)
[15.811s][info][gc,heap        ] GC(166) PSYoungGen: 182784K(182784K)->100384K(200192K) Eden: 45568K(45568K)->0K(45568K) From: 137216K(137216K)->100384K(154624K)
[15.811s][info][gc,heap        ] GC(166) ParOldGen: 2334324K(2557440K)->2417500K(2557440K)
[15.811s][info][gc,metaspace   ] GC(166) Metaspace: 6302K(6464K)->6302K(6464K) NonClass: 5769K(5824K)->5769K(5824K) Class: 533K(640K)->533K(640K)
[15.811s][info][gc             ] GC(166) Pause Young (Allocation Failure) 2458M->2458M(2693M) 105.068ms
[15.811s][info][gc,cpu         ] GC(166) User=0.67s Sys=0.06s Real=0.11s
[15.863s][info][gc,start       ] GC(167) Pause Young (Allocation Failure)
[15.945s][info][gc,heap        ] GC(167) PSYoungGen: 145952K(200192K)->91360K(190464K) Eden: 45568K(45568K)->0K(50688K) From: 100384K(154624K)->91360K(139776K)
[15.945s][info][gc,heap        ] GC(167) ParOldGen: 2417500K(2557440K)->2472564K(2557440K)
[15.945s][info][gc,metaspace   ] GC(167) Metaspace: 6302K(6464K)->6302K(6464K) NonClass: 5769K(5824K)->5769K(5824K) Class: 533K(640K)->533K(640K)
[15.945s][info][gc             ] GC(167) Pause Young (Allocation Failure) 2503M->2503M(2683M) 81.857ms
[15.945s][info][gc,cpu         ] GC(167) User=0.45s Sys=0.06s Real=0.08s
[15.945s][info][gc,start       ] GC(168) Pause Full (Ergonomics)
[15.945s][info][gc,phases,start] GC(168) Marking Phase
[16.542s][info][gc,phases      ] GC(168) Marking Phase 596.820ms
[16.542s][info][gc,phases,start] GC(168) Summary Phase
[16.542s][info][gc,phases      ] GC(168) Summary Phase 0.041ms
[16.542s][info][gc,phases,start] GC(168) Adjust Roots
[16.542s][info][gc,phases      ] GC(168) Adjust Roots 0.192ms
[16.542s][info][gc,phases,start] GC(168) Compaction Phase
[16.744s][info][gc,phases      ] GC(168) Compaction Phase 201.681ms
[16.744s][info][gc,phases,start] GC(168) Post Compact
[16.748s][info][gc,phases      ] GC(168) Post Compact 4.554ms
[16.749s][info][gc,heap        ] GC(168) PSYoungGen: 91360K(190464K)->4724K(196096K) Eden: 0K(50688K)->0K(56320K) From: 91360K(139776K)->4724K(139776K)
[16.749s][info][gc,heap        ] GC(168) ParOldGen: 2472564K(2557440K)->2557262K(2839040K)
[16.749s][info][gc,metaspace   ] GC(168) Metaspace: 6302K(6464K)->6302K(6464K) NonClass: 5769K(5824K)->5769K(5824K) Class: 533K(640K)->533K(640K)
[16.749s][info][gc             ] GC(168) Pause Full (Ergonomics) 2503M->2501M(2964M) 804.651ms
[16.749s][info][gc,cpu         ] GC(168) User=6.23s Sys=0.03s Real=0.80s
[16.816s][info][gc,start       ] GC(169) Pause Young (Allocation Failure)
[16.958s][info][gc,heap        ] GC(169) PSYoungGen: 61044K(196096K)->58784K(202240K) Eden: 56320K(56320K)->0K(56320K) From: 4724K(139776K)->58784K(145920K)
[16.958s][info][gc,heap        ] GC(169) ParOldGen: 2557262K(2839040K)->2559766K(2839040K)
[16.958s][info][gc,metaspace   ] GC(169) Metaspace: 6302K(6464K)->6302K(6464K) NonClass: 5769K(5824K)->5769K(5824K) Class: 533K(640K)->533K(640K)
[16.958s][info][gc             ] GC(169) Pause Young (Allocation Failure) 2556M->2557M(2970M) 142.082ms
[16.958s][info][gc,cpu         ] GC(169) User=0.88s Sys=0.02s Real=0.14s
[17.026s][info][gc,start       ] GC(170) Pause Young (Allocation Failure)
[17.089s][info][gc,heap        ] GC(170) PSYoungGen: 115104K(202240K)->115200K(202752K) Eden: 56320K(56320K)->0K(56832K) From: 58784K(145920K)->115200K(145920K)
[17.089s][info][gc,heap        ] GC(170) ParOldGen: 2559766K(2839040K)->2559766K(2839040K)
[17.089s][info][gc,metaspace   ] GC(170) Metaspace: 6302K(6464K)->6302K(6464K) NonClass: 5769K(5824K)->5769K(5824K) Class: 533K(640K)->533K(640K)
[17.090s][info][gc             ] GC(170) Pause Young (Allocation Failure) 2612M->2612M(2970M) 63.476ms
[17.090s][info][gc,cpu         ] GC(170) User=0.39s Sys=0.00s Real=0.06s
[17.155s][info][gc,start       ] GC(171) Pause Young (Allocation Failure)
[17.251s][info][gc,heap        ] GC(171) PSYoungGen: 172032K(202752K)->150528K(207360K) Eden: 56832K(56832K)->0K(56832K) From: 115200K(145920K)->150528K(150528K)
[17.251s][info][gc,heap        ] GC(171) ParOldGen: 2559766K(2839040K)->2581446K(2839040K)
[17.251s][info][gc,metaspace   ] GC(171) Metaspace: 6302K(6464K)->6302K(6464K) NonClass: 5769K(5824K)->5769K(5824K) Class: 533K(640K)->533K(640K)
[17.251s][info][gc             ] GC(171) Pause Young (Allocation Failure) 2667M->2667M(2975M) 96.376ms
[17.251s][info][gc,cpu         ] GC(171) User=0.64s Sys=0.00s Real=0.10s
[17.316s][info][gc,start       ] GC(172) Pause Young (Allocation Failure)
[17.432s][info][gc,heap        ] GC(172) PSYoungGen: 207360K(207360K)->158624K(223232K) Eden: 56832K(56832K)->0K(48640K) From: 150528K(150528K)->158624K(174592K)
[17.432s][info][gc,heap        ] GC(172) ParOldGen: 2581446K(2839040K)->2630798K(2839040K)
[17.432s][info][gc,metaspace   ] GC(172) Metaspace: 6302K(6464K)->6302K(6464K) NonClass: 5769K(5824K)->5769K(5824K) Class: 533K(640K)->533K(640K)
[17.432s][info][gc             ] GC(172) Pause Young (Allocation Failure) 2723M->2724M(2990M) 115.701ms
[17.432s][info][gc,cpu         ] GC(172) User=0.77s Sys=0.02s Real=0.12s
[17.489s][info][gc,start       ] GC(173) Pause Young (Allocation Failure)
[17.610s][info][gc,heap        ] GC(173) PSYoungGen: 207264K(223232K)->156896K(237568K) Eden: 48640K(48640K)->0K(48640K) From: 158624K(174592K)->156896K(188928K)
[17.610s][info][gc,heap        ] GC(173) ParOldGen: 2630798K(2839040K)->2681606K(2839040K)
[17.610s][info][gc,metaspace   ] GC(173) Metaspace: 6302K(6464K)->6302K(6464K) NonClass: 5769K(5824K)->5769K(5824K) Class: 533K(640K)->533K(640K)
[17.610s][info][gc             ] GC(173) Pause Young (Allocation Failure) 2771M->2771M(3004M) 120.638ms
[17.610s][info][gc,cpu         ] GC(173) User=0.86s Sys=0.03s Real=0.12s
[18.278s][info][gc,start       ] GC(174) Pause Full (Ergonomics)
[18.278s][info][gc,phases,start] GC(174) Marking Phase
[18.929s][info][gc,phases      ] GC(174) Marking Phase 651.002ms
[18.930s][info][gc,phases,start] GC(174) Summary Phase
[18.930s][info][gc,phases      ] GC(174) Summary Phase 0.044ms
[18.930s][info][gc,phases,start] GC(174) Adjust Roots
[18.930s][info][gc,phases      ] GC(174) Adjust Roots 0.167ms
[18.930s][info][gc,phases,start] GC(174) Compaction Phase
[19.402s][info][gc,phases      ] GC(174) Compaction Phase 472.169ms
[19.402s][info][gc,phases,start] GC(174) Post Compact
[19.408s][info][gc,phases      ] GC(174) Post Compact 6.319ms
[19.409s][info][gc,heap        ] GC(174) PSYoungGen: 205536K(237568K)->111958K(237568K) Eden: 48640K(48640K)->0K(48640K) From: 156896K(188928K)->111958K(188928K)
[19.409s][info][gc,heap        ] GC(174) ParOldGen: 2812678K(2839040K)->2838952K(3133440K)
[19.410s][info][gc,metaspace   ] GC(174) Metaspace: 6302K(6464K)->6302K(6464K) NonClass: 5769K(5824K)->5769K(5824K) Class: 533K(640K)->533K(640K)
[19.410s][info][gc             ] GC(174) Pause Full (Ergonomics) 2947M->2881M(3292M) 1131.116ms
[19.410s][info][gc,cpu         ] GC(174) User=7.92s Sys=0.05s Real=1.13s
[19.466s][info][gc,start       ] GC(175) Pause Young (Allocation Failure)
[19.647s][info][gc,heap        ] GC(175) PSYoungGen: 160598K(237568K)->127296K(247296K) Eden: 48640K(48640K)->0K(53248K) From: 111958K(188928K)->127296K(194048K)
[19.647s][info][gc,heap        ] GC(175) ParOldGen: 2838952K(3133440K)->2872968K(3133440K)
[19.647s][info][gc,metaspace   ] GC(175) Metaspace: 6302K(6464K)->6302K(6464K) NonClass: 5769K(5824K)->5769K(5824K) Class: 533K(640K)->533K(640K)
[19.647s][info][gc             ] GC(175) Pause Young (Allocation Failure) 2929M->2929M(3301M) 181.182ms
[19.647s][info][gc,cpu         ] GC(175) User=1.45s Sys=0.03s Real=0.18s
[19.700s][info][gc,start       ] GC(176) Pause Young (Allocation Failure)
[19.787s][info][gc,heap        ] GC(176) PSYoungGen: 180544K(247296K)->180640K(250880K) Eden: 53248K(53248K)->0K(53248K) From: 127296K(194048K)->180640K(197632K)
[19.787s][info][gc,heap        ] GC(176) ParOldGen: 2872968K(3133440K)->2872968K(3133440K)
[19.787s][info][gc,metaspace   ] GC(176) Metaspace: 6302K(6464K)->6302K(6464K) NonClass: 5769K(5824K)->5769K(5824K) Class: 533K(640K)->533K(640K)
[19.787s][info][gc             ] GC(176) Pause Young (Allocation Failure) 2981M->2982M(3305M) 87.384ms
[19.787s][info][gc,cpu         ] GC(176) User=0.42s Sys=0.00s Real=0.09s
[19.841s][info][gc,start       ] GC(177) Pause Young (Allocation Failure)
[19.952s][info][gc,heap        ] GC(177) PSYoungGen: 233888K(250880K)->190752K(256512K) Eden: 53248K(53248K)->0K(41984K) From: 180640K(197632K)->190752K(214528K)
[19.952s][info][gc,heap        ] GC(177) ParOldGen: 2872968K(3133440K)->2916512K(3133440K)
[19.952s][info][gc,metaspace   ] GC(177) Metaspace: 6302K(6464K)->6302K(6464K) NonClass: 5769K(5824K)->5769K(5824K) Class: 533K(640K)->533K(640K)
[19.952s][info][gc             ] GC(177) Pause Young (Allocation Failure) 3034M->3034M(3310M) 111.529ms
[19.952s][info][gc,cpu         ] GC(177) User=0.80s Sys=0.03s Real=0.11s
[19.993s][info][gc,start       ] GC(178) Pause Young (Allocation Failure)
[20.099s][info][gc,heap        ] GC(178) PSYoungGen: 232736K(256512K)->197600K(273408K) Eden: 41984K(41984K)->0K(41984K) From: 190752K(214528K)->197600K(231424K)
[20.099s][info][gc,heap        ] GC(178) ParOldGen: 2916512K(3133440K)->2952048K(3133440K)
[20.099s][info][gc,metaspace   ] GC(178) Metaspace: 6302K(6464K)->6302K(6464K) NonClass: 5769K(5824K)->5769K(5824K) Class: 533K(640K)->533K(640K)
[20.099s][info][gc             ] GC(178) Pause Young (Allocation Failure) 3075M->3075M(3327M) 106.316ms
[20.099s][info][gc,cpu         ] GC(178) User=0.75s Sys=0.02s Real=0.11s
[20.143s][info][gc,start       ] GC(179) Pause Young (Allocation Failure)
[20.256s][info][gc,heap        ] GC(179) PSYoungGen: 239584K(273408K)->137568K(276480K) Eden: 41984K(41984K)->0K(47616K) From: 197600K(231424K)->137568K(228864K)
[20.256s][info][gc,heap        ] GC(179) ParOldGen: 2952048K(3133440K)->3054848K(3133440K)
[20.256s][info][gc,metaspace   ] GC(179) Metaspace: 6302K(6464K)->6302K(6464K) NonClass: 5769K(5824K)->5769K(5824K) Class: 533K(640K)->533K(640K)
[20.256s][info][gc             ] GC(179) Pause Young (Allocation Failure) 3116M->3117M(3330M) 112.953ms
[20.256s][info][gc,cpu         ] GC(179) User=0.75s Sys=0.02s Real=0.11s
[20.256s][info][gc,start       ] GC(180) Pause Full (Ergonomics)
[20.256s][info][gc,phases,start] GC(180) Marking Phase
[20.971s][info][gc,phases      ] GC(180) Marking Phase 715.318ms
[20.971s][info][gc,phases,start] GC(180) Summary Phase
[20.971s][info][gc,phases      ] GC(180) Summary Phase 0.046ms
[20.972s][info][gc,phases,start] GC(180) Adjust Roots
[20.972s][info][gc,phases      ] GC(180) Adjust Roots 0.168ms
[20.972s][info][gc,phases,start] GC(180) Compaction Phase
[21.285s][info][gc,phases      ] GC(180) Compaction Phase 313.519ms
[21.285s][info][gc,phases,start] GC(180) Post Compact
[21.292s][info][gc,phases      ] GC(180) Post Compact 6.314ms
[21.293s][info][gc,heap        ] GC(180) PSYoungGen: 137568K(276480K)->56904K(282624K) Eden: 0K(47616K)->0K(53760K) From: 137568K(228864K)->56904K(228864K)
[21.293s][info][gc,heap        ] GC(180) ParOldGen: 3054848K(3133440K)->3132950K(3458048K)
[21.293s][info][gc,metaspace   ] GC(180) Metaspace: 6302K(6464K)->6302K(6464K) NonClass: 5769K(5824K)->5769K(5824K) Class: 533K(640K)->533K(640K)
[21.293s][info][gc             ] GC(180) Pause Full (Ergonomics) 3117M->3115M(3653M) 1036.975ms
[21.293s][info][gc,cpu         ] GC(180) User=7.33s Sys=0.02s Real=1.04s
[21.352s][info][gc,start       ] GC(181) Pause Young (Allocation Failure)
[21.527s][info][gc,heap        ] GC(181) PSYoungGen: 110664K(282624K)->67072K(291840K) Eden: 53760K(53760K)->0K(53760K) From: 56904K(228864K)->67072K(238080K)
[21.527s][info][gc,heap        ] GC(181) ParOldGen: 3132950K(3458048K)->3177230K(3458048K)
[21.527s][info][gc,metaspace   ] GC(181) Metaspace: 6302K(6464K)->6302K(6464K) NonClass: 5769K(5824K)->5769K(5824K) Class: 533K(640K)->533K(640K)
[21.527s][info][gc             ] GC(181) Pause Young (Allocation Failure) 3167M->3168M(3662M) 175.544ms
[21.527s][info][gc,cpu         ] GC(181) User=1.16s Sys=0.03s Real=0.18s
[21.579s][info][gc,start       ] GC(182) Pause Young (Allocation Failure)
[21.647s][info][gc,heap        ] GC(182) PSYoungGen: 120832K(291840K)->107808K(282624K) Eden: 53760K(53760K)->0K(59392K) From: 67072K(238080K)->107808K(223232K)
[21.647s][info][gc,heap        ] GC(182) ParOldGen: 3177230K(3458048K)->3190470K(3458048K)
[21.647s][info][gc,metaspace   ] GC(182) Metaspace: 6302K(6464K)->6302K(6464K) NonClass: 5769K(5824K)->5769K(5824K) Class: 533K(640K)->533K(640K)
[21.647s][info][gc             ] GC(182) Pause Young (Allocation Failure) 3220M->3220M(3653M) 67.215ms
[21.647s][info][gc,cpu         ] GC(182) User=0.19s Sys=0.00s Real=0.07s
[21.705s][info][gc,start       ] GC(183) Pause Young (Allocation Failure)
[21.790s][info][gc,heap        ] GC(183) PSYoungGen: 167200K(282624K)->113504K(173056K) Eden: 59392K(59392K)->0K(59392K) From: 107808K(223232K)->113504K(113664K)
[21.790s][info][gc,heap        ] GC(183) ParOldGen: 3190470K(3458048K)->3244734K(3458048K)
[21.790s][info][gc,metaspace   ] GC(183) Metaspace: 6302K(6464K)->6302K(6464K) NonClass: 5769K(5824K)->5769K(5824K) Class: 533K(640K)->533K(640K)
[21.790s][info][gc             ] GC(183) Pause Young (Allocation Failure) 3278M->3279M(3546M) 85.059ms
[21.790s][info][gc,cpu         ] GC(183) User=0.56s Sys=0.05s Real=0.09s
[21.862s][info][gc,start       ] GC(184) Pause Young (Allocation Failure)
[21.946s][info][gc,heap        ] GC(184) PSYoungGen: 172896K(173056K)->119104K(269824K) Eden: 59392K(59392K)->0K(66048K) From: 113504K(113664K)->119104K(203776K)
[21.946s][info][gc,heap        ] GC(184) ParOldGen: 3244734K(3458048K)->3299006K(3458048K)
[21.946s][info][gc,metaspace   ] GC(184) Metaspace: 6302K(6464K)->6302K(6464K) NonClass: 5769K(5824K)->5769K(5824K) Class: 533K(640K)->533K(640K)
[21.946s][info][gc             ] GC(184) Pause Young (Allocation Failure) 3337M->3337M(3640M) 84.753ms
[21.946s][info][gc,cpu         ] GC(184) User=0.59s Sys=0.03s Real=0.08s
[22.013s][info][gc,start       ] GC(185) Pause Young (Allocation Failure)
[22.103s][info][gc,heap        ] GC(185) PSYoungGen: 185152K(269824K)->125760K(279040K) Eden: 66048K(66048K)->0K(66048K) From: 119104K(203776K)->125760K(212992K)
[22.103s][info][gc,heap        ] GC(185) ParOldGen: 3299006K(3458048K)->3358966K(3458048K)
[22.103s][info][gc,metaspace   ] GC(185) Metaspace: 6302K(6464K)->6302K(6464K) NonClass: 5769K(5824K)->5769K(5824K) Class: 533K(640K)->533K(640K)
[22.104s][info][gc             ] GC(185) Pause Young (Allocation Failure) 3402M->3403M(3649M) 90.119ms
[22.104s][info][gc,cpu         ] GC(185) User=0.67s Sys=0.06s Real=0.09s
[22.166s][info][gc,start       ] GC(186) Pause Young (Allocation Failure)
[22.259s][info][gc,heap        ] GC(186) PSYoungGen: 191808K(279040K)->132416K(268800K) Eden: 66048K(66048K)->0K(73728K) From: 125760K(212992K)->132416K(195072K)
[22.259s][info][gc,heap        ] GC(186) ParOldGen: 3358966K(3458048K)->3418918K(3458048K)
[22.259s][info][gc,metaspace   ] GC(186) Metaspace: 6302K(6464K)->6302K(6464K) NonClass: 5769K(5824K)->5769K(5824K) Class: 533K(640K)->533K(640K)
[22.259s][info][gc             ] GC(186) Pause Young (Allocation Failure) 3467M->3468M(3639M) 93.362ms
[22.259s][info][gc,cpu         ] GC(186) User=0.61s Sys=0.03s Real=0.09s
[22.259s][info][gc,start       ] GC(187) Pause Full (Ergonomics)
[22.259s][info][gc,phases,start] GC(187) Marking Phase
[23.057s][info][gc,phases      ] GC(187) Marking Phase 797.627ms
[23.057s][info][gc,phases,start] GC(187) Summary Phase
[23.057s][info][gc,phases      ] GC(187) Summary Phase 0.070ms
[23.057s][info][gc,phases,start] GC(187) Adjust Roots
[23.057s][info][gc,phases      ] GC(187) Adjust Roots 0.295ms
[23.057s][info][gc,phases,start] GC(187) Compaction Phase
[23.414s][info][gc,phases      ] GC(187) Compaction Phase 356.556ms
[23.414s][info][gc,phases,start] GC(187) Post Compact
[23.421s][info][gc,phases      ] GC(187) Post Compact 6.934ms
[23.422s][info][gc,heap        ] GC(187) PSYoungGen: 132416K(268800K)->90114K(273920K) Eden: 0K(73728K)->0K(78848K) From: 132416K(195072K)->90114K(195072K)
[23.422s][info][gc,heap        ] GC(187) ParOldGen: 3418918K(3458048K)->3457952K(3805184K)
[23.422s][info][gc,metaspace   ] GC(187) Metaspace: 6302K(6464K)->6302K(6464K) NonClass: 5769K(5824K)->5769K(5824K) Class: 533K(640K)->533K(640K)
[23.422s][info][gc             ] GC(187) Pause Full (Ergonomics) 3468M->3464M(3983M) 1163.095ms
[23.422s][info][gc,cpu         ] GC(187) User=8.31s Sys=0.02s Real=1.16s
[23.507s][info][gc,start       ] GC(188) Pause Young (Allocation Failure)
[23.735s][info][gc,heap        ] GC(188) PSYoungGen: 168962K(273920K)->128032K(279040K) Eden: 78848K(78848K)->0K(78848K) From: 90114K(195072K)->128032K(200192K)
[23.735s][info][gc,heap        ] GC(188) ParOldGen: 3457952K(3805184K)->3499680K(3805184K)
[23.735s][info][gc,metaspace   ] GC(188) Metaspace: 6302K(6464K)->6302K(6464K) NonClass: 5769K(5824K)->5769K(5824K) Class: 533K(640K)->533K(640K)
[23.735s][info][gc             ] GC(188) Pause Young (Allocation Failure) 3541M->3542M(3988M) 228.306ms
[23.735s][info][gc,cpu         ] GC(188) User=1.59s Sys=0.05s Real=0.23s
[23.816s][info][gc,start       ] GC(189) Pause Young (Allocation Failure)
[23.921s][info][gc,heap        ] GC(189) PSYoungGen: 206880K(279040K)->194048K(257024K) Eden: 78848K(78848K)->0K(62976K) From: 128032K(200192K)->194048K(194048K)
[23.921s][info][gc,heap        ] GC(189) ParOldGen: 3499680K(3805184K)->3512680K(3805184K)
[23.921s][info][gc,metaspace   ] GC(189) Metaspace: 6302K(6464K)->6302K(6464K) NonClass: 5769K(5824K)->5769K(5824K) Class: 533K(640K)->533K(640K)
[23.921s][info][gc             ] GC(189) Pause Young (Allocation Failure) 3619M->3619M(3967M) 104.273ms
[23.921s][info][gc,cpu         ] GC(189) User=0.70s Sys=0.05s Real=0.10s
[23.981s][info][gc,start       ] GC(190) Pause Young (Allocation Failure)
[24.120s][info][gc,heap        ] GC(190) PSYoungGen: 257024K(257024K)->136544K(280576K) Eden: 62976K(62976K)->0K(62976K) From: 194048K(194048K)->136544K(217600K)
[24.120s][info][gc,heap        ] GC(190) ParOldGen: 3512680K(3805184K)->3634288K(3805184K)
[24.120s][info][gc,metaspace   ] GC(190) Metaspace: 6302K(6464K)->6302K(6464K) NonClass: 5769K(5824K)->5769K(5824K) Class: 533K(640K)->533K(640K)
[24.120s][info][gc             ] GC(190) Pause Young (Allocation Failure) 3681M->3682M(3990M) 139.122ms
[24.120s][info][gc,cpu         ] GC(190) User=1.08s Sys=0.05s Real=0.14s
[24.182s][info][gc,start       ] GC(191) Pause Young (Allocation Failure)
[24.283s][info][gc,heap        ] GC(191) PSYoungGen: 199520K(280576K)->126368K(267264K) Eden: 62976K(62976K)->0K(70144K) From: 136544K(217600K)->126368K(197120K)
[24.283s][info][gc,heap        ] GC(191) ParOldGen: 3634288K(3805184K)->3708136K(3805184K)
[24.283s][info][gc,metaspace   ] GC(191) Metaspace: 6302K(6464K)->6302K(6464K) NonClass: 5769K(5824K)->5769K(5824K) Class: 533K(640K)->533K(640K)
[24.283s][info][gc             ] GC(191) Pause Young (Allocation Failure) 3743M->3744M(3977M) 101.376ms
[24.283s][info][gc,cpu         ] GC(191) User=0.67s Sys=0.08s Real=0.10s
[24.283s][info][gc,start       ] GC(192) Pause Full (Ergonomics)
[24.283s][info][gc,phases,start] GC(192) Marking Phase
[25.145s][info][gc,phases      ] GC(192) Marking Phase 861.758ms
[25.145s][info][gc,phases,start] GC(192) Summary Phase
[25.145s][info][gc,phases      ] GC(192) Summary Phase 0.075ms
[25.145s][info][gc,phases,start] GC(192) Adjust Roots
[25.146s][info][gc,phases      ] GC(192) Adjust Roots 0.283ms
[25.146s][info][gc,phases,start] GC(192) Compaction Phase
[25.494s][info][gc,phases      ] GC(192) Compaction Phase 348.079ms
[25.494s][info][gc,phases,start] GC(192) Post Compact
[25.501s][info][gc,phases      ] GC(192) Post Compact 7.316ms
[25.502s][info][gc,heap        ] GC(192) PSYoungGen: 126368K(267264K)->26787K(273920K) Eden: 0K(70144K)->0K(76800K) From: 126368K(197120K)->26787K(197120K)
[25.502s][info][gc,heap        ] GC(192) ParOldGen: 3708136K(3805184K)->3804808K(4200960K)
[25.502s][info][gc,metaspace   ] GC(192) Metaspace: 6302K(6464K)->6302K(6464K) NonClass: 5769K(5824K)->5769K(5824K) Class: 533K(640K)->533K(640K)
[25.503s][info][gc             ] GC(192) Pause Full (Ergonomics) 3744M->3741M(4370M) 1219.190ms
[25.503s][info][gc,cpu         ] GC(192) User=8.81s Sys=0.03s Real=1.22s
[25.588s][info][gc,start       ] GC(193) Pause Young (Allocation Failure)
[25.801s][info][gc,heap        ] GC(193) PSYoungGen: 103587K(273920K)->87520K(280576K) Eden: 76800K(76800K)->0K(76800K) From: 26787K(197120K)->87520K(203776K)
[25.801s][info][gc,heap        ] GC(193) ParOldGen: 3804808K(4200960K)->3821336K(4200960K)
[25.801s][info][gc,metaspace   ] GC(193) Metaspace: 6302K(6464K)->6302K(6464K) NonClass: 5769K(5824K)->5769K(5824K) Class: 533K(640K)->533K(640K)
[25.801s][info][gc             ] GC(193) Pause Young (Allocation Failure) 3816M->3817M(4376M) 212.930ms
[25.801s][info][gc,cpu         ] GC(193) User=1.44s Sys=0.05s Real=0.21s
[25.875s][info][gc,start       ] GC(194) Pause Young (Allocation Failure)
[25.961s][info][gc,heap        ] GC(194) PSYoungGen: 164320K(280576K)->164448K(282112K) Eden: 76800K(76800K)->0K(77824K) From: 87520K(203776K)->164448K(204288K)
[25.961s][info][gc,heap        ] GC(194) ParOldGen: 3821336K(4200960K)->3821336K(4200960K)
[25.961s][info][gc,metaspace   ] GC(194) Metaspace: 6302K(6464K)->6302K(6464K) NonClass: 5769K(5824K)->5769K(5824K) Class: 533K(640K)->533K(640K)
[25.961s][info][gc             ] GC(194) Pause Young (Allocation Failure) 3892M->3892M(4378M) 86.462ms
[25.961s][info][gc,cpu         ] GC(194) User=0.62s Sys=0.00s Real=0.09s
[26.040s][info][gc,start       ] GC(195) Pause Young (Allocation Failure)
[26.162s][info][gc,heap        ] GC(195) PSYoungGen: 242272K(282112K)->210432K(288256K) Eden: 77824K(77824K)->0K(77824K) From: 164448K(204288K)->210432K(210432K)
[26.162s][info][gc,heap        ] GC(195) ParOldGen: 3821336K(4200960K)->3853456K(4200960K)
[26.162s][info][gc,metaspace   ] GC(195) Metaspace: 6302K(6464K)->6302K(6464K) NonClass: 5769K(5824K)->5769K(5824K) Class: 533K(640K)->533K(640K)
[26.162s][info][gc             ] GC(195) Pause Young (Allocation Failure) 3968M->3968M(4384M) 121.828ms
[26.162s][info][gc,cpu         ] GC(195) User=0.88s Sys=0.02s Real=0.12s
[26.252s][info][gc,start       ] GC(196) Pause Young (Allocation Failure)
[26.412s][info][gc,heap        ] GC(196) PSYoungGen: 288256K(288256K)->212256K(314368K) Eden: 77824K(77824K)->0K(70656K) From: 210432K(210432K)->212256K(243712K)
[26.412s][info][gc,heap        ] GC(196) ParOldGen: 3853456K(4200960K)->3930280K(4200960K)
[26.412s][info][gc,metaspace   ] GC(196) Metaspace: 6302K(6464K)->6302K(6464K) NonClass: 5769K(5824K)->5769K(5824K) Class: 533K(640K)->533K(640K)
[26.412s][info][gc             ] GC(196) Pause Young (Allocation Failure) 4044M->4045M(4409M) 159.998ms
[26.412s][info][gc,cpu         ] GC(196) User=1.09s Sys=0.03s Real=0.16s
[26.478s][info][gc,start       ] GC(197) Pause Young (Allocation Failure)
[26.631s][info][gc,heap        ] GC(197) PSYoungGen: 282912K(314368K)->210656K(329728K) Eden: 70656K(70656K)->0K(70656K) From: 212256K(243712K)->210656K(259072K)
[26.631s][info][gc,heap        ] GC(197) ParOldGen: 3930280K(4200960K)->4003200K(4200960K)
[26.631s][info][gc,metaspace   ] GC(197) Metaspace: 6302K(6464K)->6302K(6464K) NonClass: 5769K(5824K)->5769K(5824K) Class: 533K(640K)->533K(640K)
[26.631s][info][gc             ] GC(197) Pause Young (Allocation Failure) 4114M->4115M(4424M) 152.897ms
[26.631s][info][gc,cpu         ] GC(197) User=1.11s Sys=0.03s Real=0.15s
[26.705s][info][gc,start       ] GC(198) Pause Young (Allocation Failure)
[26.853s][info][gc,heap        ] GC(198) PSYoungGen: 281312K(329728K)->219680K(337920K) Eden: 70656K(70656K)->0K(67072K) From: 210656K(259072K)->219680K(270848K)
[26.853s][info][gc,heap        ] GC(198) ParOldGen: 4003200K(4200960K)->4065448K(4200960K)
[26.853s][info][gc,metaspace   ] GC(198) Metaspace: 6302K(6464K)->6302K(6464K) NonClass: 5769K(5824K)->5769K(5824K) Class: 533K(640K)->533K(640K)
[26.853s][info][gc             ] GC(198) Pause Young (Allocation Failure) 4184M->4184M(4432M) 147.912ms
[26.853s][info][gc,cpu         ] GC(198) User=0.94s Sys=0.08s Real=0.15s
[26.933s][info][gc,start       ] GC(199) Pause Young (Allocation Failure)
[27.090s][info][gc,heap        ] GC(199) PSYoungGen: 286752K(337920K)->138080K(350208K) Eden: 67072K(67072K)->0K(67072K) From: 219680K(270848K)->138080K(283136K)
[27.090s][info][gc,heap        ] GC(199) ParOldGen: 4065448K(4200960K)->4215240K(4215296K)
[27.091s][info][gc,metaspace   ] GC(199) Metaspace: 6302K(6464K)->6302K(6464K) NonClass: 5769K(5824K)->5769K(5824K) Class: 533K(640K)->533K(640K)
[27.091s][info][gc             ] GC(199) Pause Young (Allocation Failure) 4250M->4251M(4458M) 157.915ms
[27.091s][info][gc,cpu         ] GC(199) User=0.97s Sys=0.23s Real=0.16s
[27.091s][info][gc,start       ] GC(200) Pause Full (Ergonomics)
[27.091s][info][gc,phases,start] GC(200) Marking Phase
[28.081s][info][gc,phases      ] GC(200) Marking Phase 990.190ms
[28.081s][info][gc,phases,start] GC(200) Summary Phase
[28.081s][info][gc,phases      ] GC(200) Summary Phase 0.055ms
[28.081s][info][gc,phases,start] GC(200) Adjust Roots
[28.081s][info][gc,phases      ] GC(200) Adjust Roots 0.208ms
[28.081s][info][gc,phases,start] GC(200) Compaction Phase
[28.447s][info][gc,phases      ] GC(200) Compaction Phase 365.584ms
[28.447s][info][gc,phases,start] GC(200) Post Compact
[28.454s][info][gc,phases      ] GC(200) Post Compact 7.456ms
[28.456s][info][gc,heap        ] GC(200) PSYoungGen: 138080K(350208K)->134084K(350208K) Eden: 0K(67072K)->0K(67072K) From: 138080K(283136K)->134084K(283136K)
[28.456s][info][gc,heap        ] GC(200) ParOldGen: 4215240K(4215296K)->4214923K(4666880K)
[28.456s][info][gc,metaspace   ] GC(200) Metaspace: 6302K(6464K)->6302K(6464K) NonClass: 5769K(5824K)->5769K(5824K) Class: 533K(640K)->533K(640K)
[28.456s][info][gc             ] GC(200) Pause Full (Ergonomics) 4251M->4247M(4899M) 1365.280ms
[28.456s][info][gc,cpu         ] GC(200) User=10.30s Sys=0.05s Real=1.37s
[28.524s][info][gc,start       ] GC(201) Pause Young (Allocation Failure)
[28.811s][info][gc,heap        ] GC(201) PSYoungGen: 201156K(350208K)->67264K(346624K) Eden: 67072K(67072K)->0K(71680K) From: 134084K(283136K)->67264K(274944K)
[28.811s][info][gc,heap        ] GC(201) ParOldGen: 4214923K(4666880K)->4350259K(4666880K)
[28.811s][info][gc,metaspace   ] GC(201) Metaspace: 6302K(6464K)->6302K(6464K) NonClass: 5769K(5824K)->5769K(5824K) Class: 533K(640K)->533K(640K)
[28.811s][info][gc             ] GC(201) Pause Young (Allocation Failure) 4312M->4313M(4896M) 287.270ms
[28.811s][info][gc,cpu         ] GC(201) User=1.98s Sys=0.05s Real=0.29s
[28.879s][info][gc,start       ] GC(202) Pause Young (Allocation Failure)
[28.962s][info][gc,heap        ] GC(202) PSYoungGen: 138944K(346624K)->71968K(350720K) Eden: 71680K(71680K)->0K(71680K) From: 67264K(274944K)->71968K(279040K)
[28.962s][info][gc,heap        ] GC(202) ParOldGen: 4350259K(4666880K)->4417955K(4666880K)
[28.962s][info][gc,metaspace   ] GC(202) Metaspace: 6302K(6464K)->6302K(6464K) NonClass: 5769K(5824K)->5769K(5824K) Class: 533K(640K)->533K(640K)
[28.962s][info][gc             ] GC(202) Pause Young (Allocation Failure) 4383M->4384M(4900M) 82.800ms
[28.962s][info][gc,cpu         ] GC(202) User=0.47s Sys=0.03s Real=0.08s
[29.043s][info][gc,start       ] GC(203) Pause Young (Allocation Failure)
[29.125s][info][gc,heap        ] GC(203) PSYoungGen: 143648K(350720K)->71904K(355840K) Eden: 71680K(71680K)->0K(79360K) From: 71968K(279040K)->71904K(276480K)
[29.125s][info][gc,heap        ] GC(203) ParOldGen: 4417955K(4666880K)->4490315K(4666880K)
[29.125s][info][gc,metaspace   ] GC(203) Metaspace: 6302K(6464K)->6302K(6464K) NonClass: 5769K(5824K)->5769K(5824K) Class: 533K(640K)->533K(640K)
[29.125s][info][gc             ] GC(203) Pause Young (Allocation Failure) 4454M->4455M(4905M) 82.385ms
[29.125s][info][gc,cpu         ] GC(203) User=0.48s Sys=0.03s Real=0.08s
[29.216s][info][gc,start       ] GC(204) Pause Young (Allocation Failure)
[29.303s][info][gc,heap        ] GC(204) PSYoungGen: 151264K(355840K)->79648K(357376K) Eden: 79360K(79360K)->0K(79360K) From: 71904K(276480K)->79648K(278016K)
[29.303s][info][gc,heap        ] GC(204) ParOldGen: 4490315K(4666880K)->4562643K(4666880K)
[29.303s][info][gc,metaspace   ] GC(204) Metaspace: 6302K(6464K)->6302K(6464K) NonClass: 5769K(5824K)->5769K(5824K) Class: 533K(640K)->533K(640K)
[29.303s][info][gc             ] GC(204) Pause Young (Allocation Failure) 4532M->4533M(4906M) 87.144ms
[29.303s][info][gc,cpu         ] GC(204) User=0.62s Sys=0.03s Real=0.09s
[29.303s][info][gc,start       ] GC(205) Pause Full (Ergonomics)
[29.303s][info][gc,phases,start] GC(205) Marking Phase
[30.367s][info][gc,phases      ] GC(205) Marking Phase 1063.789ms
[30.367s][info][gc,phases,start] GC(205) Summary Phase
[30.367s][info][gc,phases      ] GC(205) Summary Phase 0.080ms
[30.367s][info][gc,phases,start] GC(205) Adjust Roots
[30.367s][info][gc,phases      ] GC(205) Adjust Roots 0.175ms
[30.368s][info][gc,phases,start] GC(205) Compaction Phase
[30.750s][info][gc,phases      ] GC(205) Compaction Phase 382.191ms
[30.750s][info][gc,phases,start] GC(205) Post Compact
[30.757s][info][gc,phases      ] GC(205) Post Compact 7.006ms
[30.758s][info][gc,heap        ] GC(205) PSYoungGen: 79648K(357376K)->0K(360960K) Eden: 0K(79360K)->0K(87552K) From: 79648K(278016K)->0K(273408K)
[30.758s][info][gc,heap        ] GC(205) ParOldGen: 4562643K(4666880K)->4638678K(5120512K)
[30.758s][info][gc,metaspace   ] GC(205) Metaspace: 6302K(6464K)->6302K(6464K) NonClass: 5769K(5824K)->5769K(5824K) Class: 533K(640K)->533K(640K)
[30.758s][info][gc             ] GC(205) Pause Full (Ergonomics) 4533M->4529M(5353M) 1454.895ms
[30.758s][info][gc,cpu         ] GC(205) User=11.03s Sys=0.02s Real=1.45s
[30.846s][info][gc,start       ] GC(206) Pause Young (Allocation Failure)
[30.907s][info][gc,heap        ] GC(206) PSYoungGen: 87552K(360960K)->87840K(360960K) Eden: 87552K(87552K)->0K(87552K) From: 0K(273408K)->87840K(273408K)
[30.907s][info][gc,heap        ] GC(206) ParOldGen: 4638678K(5120512K)->4638678K(5120512K)
[30.908s][info][gc,metaspace   ] GC(206) Metaspace: 6302K(6464K)->6302K(6464K) NonClass: 5769K(5824K)->5769K(5824K) Class: 533K(640K)->533K(640K)
[30.908s][info][gc             ] GC(206) Pause Young (Allocation Failure) 4615M->4615M(5353M) 61.155ms
[30.908s][info][gc,cpu         ] GC(206) User=0.27s Sys=0.00s Real=0.06s
[31.010s][info][gc,start       ] GC(207) Pause Young (Allocation Failure)
[31.102s][info][gc,heap        ] GC(207) PSYoungGen: 175392K(360960K)->175520K(356864K) Eden: 87552K(87552K)->0K(90624K) From: 87840K(273408K)->175520K(266240K)
[31.103s][info][gc,heap        ] GC(207) ParOldGen: 4638678K(5120512K)->4638678K(5120512K)
[31.103s][info][gc,metaspace   ] GC(207) Metaspace: 6302K(6464K)->6302K(6464K) NonClass: 5769K(5824K)->5769K(5824K) Class: 533K(640K)->533K(640K)
[31.103s][info][gc             ] GC(207) Pause Young (Allocation Failure) 4701M->4701M(5349M) 92.135ms
[31.103s][info][gc,cpu         ] GC(207) User=0.64s Sys=0.00s Real=0.09s
[31.197s][info][gc,start       ] GC(208) Pause Young (Allocation Failure)
[31.337s][info][gc,heap        ] GC(208) PSYoungGen: 266144K(356864K)->266336K(361472K) Eden: 90624K(90624K)->0K(90624K) From: 175520K(266240K)->266336K(270848K)
[31.338s][info][gc,heap        ] GC(208) ParOldGen: 4638678K(5120512K)->4638678K(5120512K)
[31.338s][info][gc,metaspace   ] GC(208) Metaspace: 6302K(6464K)->6302K(6464K) NonClass: 5769K(5824K)->5769K(5824K) Class: 533K(640K)->533K(640K)
[31.338s][info][gc             ] GC(208) Pause Young (Allocation Failure) 4789M->4790M(5353M) 140.424ms
[31.338s][info][gc,cpu         ] GC(208) User=1.02s Sys=0.00s Real=0.14s
[31.431s][info][gc,start       ] GC(209) Pause Young (Allocation Failure)
[31.632s][info][gc,heap        ] GC(209) PSYoungGen: 356960K(361472K)->306688K(343040K) Eden: 90624K(90624K)->0K(36352K) From: 266336K(270848K)->306688K(306688K)
[31.632s][info][gc,heap        ] GC(209) ParOldGen: 4638678K(5120512K)->4689382K(5120512K)
[31.632s][info][gc,metaspace   ] GC(209) Metaspace: 6302K(6464K)->6302K(6464K) NonClass: 5769K(5824K)->5769K(5824K) Class: 533K(640K)->533K(640K)
[31.632s][info][gc             ] GC(209) Pause Young (Allocation Failure) 4878M->4878M(5335M) 200.532ms
[31.632s][info][gc,cpu         ] GC(209) User=1.36s Sys=0.14s Real=0.20s
[31.672s][info][gc,start       ] GC(210) Pause Young (Allocation Failure)
[31.860s][info][gc,heap        ] GC(210) PSYoungGen: 343040K(343040K)->192000K(228352K) Eden: 36352K(36352K)->0K(36352K) From: 306688K(306688K)->192000K(192000K)
[31.860s][info][gc,heap        ] GC(210) ParOldGen: 4689382K(5120512K)->4841662K(5120512K)
[31.860s][info][gc,metaspace   ] GC(210) Metaspace: 6302K(6464K)->6302K(6464K) NonClass: 5769K(5824K)->5769K(5824K) Class: 533K(640K)->533K(640K)
[31.860s][info][gc             ] GC(210) Pause Young (Allocation Failure) 4914M->4915M(5223M) 187.733ms
[31.860s][info][gc,cpu         ] GC(210) User=1.31s Sys=0.05s Real=0.19s
[31.901s][info][gc,start       ] GC(211) Pause Young (Allocation Failure)
[32.021s][info][gc,heap        ] GC(211) PSYoungGen: 228352K(228352K)->143680K(371200K) Eden: 36352K(36352K)->0K(41472K) From: 192000K(192000K)->143680K(329728K)
[32.021s][info][gc,heap        ] GC(211) ParOldGen: 4841662K(5120512K)->4927038K(5120512K)
[32.021s][info][gc,metaspace   ] GC(211) Metaspace: 6302K(6464K)->6302K(6464K) NonClass: 5769K(5824K)->5769K(5824K) Class: 533K(640K)->533K(640K)
[32.021s][info][gc             ] GC(211) Pause Young (Allocation Failure) 4951M->4951M(5363M) 119.864ms
[32.021s][info][gc,cpu         ] GC(211) User=0.89s Sys=0.09s Real=0.12s
[32.067s][info][gc,start       ] GC(212) Pause Young (Allocation Failure)
[32.171s][info][gc,heap        ] GC(212) PSYoungGen: 185152K(371200K)->78048K(385536K) Eden: 41472K(41472K)->0K(41472K) From: 143680K(329728K)->78048K(344064K)
[32.171s][info][gc,heap        ] GC(212) ParOldGen: 4927038K(5120512K)->5034966K(5120512K)
[32.171s][info][gc,metaspace   ] GC(212) Metaspace: 6302K(6464K)->6302K(6464K) NonClass: 5769K(5824K)->5769K(5824K) Class: 533K(640K)->533K(640K)
[32.171s][info][gc             ] GC(212) Pause Young (Allocation Failure) 4992M->4993M(5377M) 104.297ms
[32.171s][info][gc,cpu         ] GC(212) User=0.67s Sys=0.08s Real=0.10s
[32.171s][info][gc,start       ] GC(213) Pause Full (Ergonomics)
[32.171s][info][gc,phases,start] GC(213) Marking Phase
[33.338s][info][gc,phases      ] GC(213) Marking Phase 1167.068ms
[33.338s][info][gc,phases,start] GC(213) Summary Phase
[33.338s][info][gc,phases      ] GC(213) Summary Phase 0.087ms
[33.338s][info][gc,phases,start] GC(213) Adjust Roots
[33.339s][info][gc,phases      ] GC(213) Adjust Roots 0.161ms
[33.339s][info][gc,phases,start] GC(213) Compaction Phase
[33.733s][info][gc,phases      ] GC(213) Compaction Phase 393.972ms
[33.733s][info][gc,phases,start] GC(213) Post Compact
[33.740s][info][gc,phases      ] GC(213) Post Compact 7.513ms
[33.742s][info][gc,heap        ] GC(213) PSYoungGen: 78048K(385536K)->0K(388096K) Eden: 0K(41472K)->0K(47104K) From: 78048K(344064K)->0K(340992K)
[33.742s][info][gc,heap        ] GC(213) ParOldGen: 5034966K(5120512K)->5108990K(5641728K)
[33.742s][info][gc,metaspace   ] GC(213) Metaspace: 6302K(6464K)->6302K(6464K) NonClass: 5769K(5824K)->5769K(5824K) Class: 533K(640K)->533K(640K)
[33.742s][info][gc             ] GC(213) Pause Full (Ergonomics) 4993M->4989M(5888M) 1570.811ms
[33.742s][info][gc,cpu         ] GC(213) User=11.81s Sys=0.06s Real=1.57s
[33.795s][info][gc,start       ] GC(214) Pause Young (Allocation Failure)
[33.841s][info][gc,heap        ] GC(214) PSYoungGen: 47104K(388096K)->47328K(388096K) Eden: 47104K(47104K)->0K(47104K) From: 0K(340992K)->47328K(340992K)
[33.841s][info][gc,heap        ] GC(214) ParOldGen: 5108990K(5641728K)->5108990K(5641728K)
[33.841s][info][gc,metaspace   ] GC(214) Metaspace: 6302K(6464K)->6302K(6464K) NonClass: 5769K(5824K)->5769K(5824K) Class: 533K(640K)->533K(640K)
[33.841s][info][gc             ] GC(214) Pause Young (Allocation Failure) 5035M->5035M(5888M) 45.601ms
[33.841s][info][gc,cpu         ] GC(214) User=0.14s Sys=0.00s Real=0.05s
[33.892s][info][gc,start       ] GC(215) Pause Young (Allocation Failure)
[33.955s][info][gc,heap        ] GC(215) PSYoungGen: 94432K(388096K)->94464K(372224K) Eden: 47104K(47104K)->0K(52224K) From: 47328K(340992K)->94464K(320000K)
[33.955s][info][gc,heap        ] GC(215) ParOldGen: 5108990K(5641728K)->5108990K(5641728K)
[33.955s][info][gc,metaspace   ] GC(215) Metaspace: 6302K(6464K)->6302K(6464K) NonClass: 5769K(5824K)->5769K(5824K) Class: 533K(640K)->533K(640K)
[33.955s][info][gc             ] GC(215) Pause Young (Allocation Failure) 5081M->5081M(5873M) 62.354ms
[33.955s][info][gc,cpu         ] GC(215) User=0.19s Sys=0.00s Real=0.06s
[34.015s][info][gc,start       ] GC(216) Pause Young (Allocation Failure)
[34.095s][info][gc,heap        ] GC(216) PSYoungGen: 146688K(372224K)->99616K(152064K) Eden: 52224K(52224K)->0K(52224K) From: 94464K(320000K)->99616K(99840K)
[34.095s][info][gc,heap        ] GC(216) ParOldGen: 5108990K(5641728K)->5156510K(5641728K)
[34.095s][info][gc,metaspace   ] GC(216) Metaspace: 6302K(6464K)->6302K(6464K) NonClass: 5769K(5824K)->5769K(5824K) Class: 533K(640K)->533K(640K)
[34.095s][info][gc             ] GC(216) Pause Young (Allocation Failure) 5132M->5132M(5658M) 79.947ms
[34.095s][info][gc,cpu         ] GC(216) User=0.52s Sys=0.00s Real=0.08s
[34.154s][info][gc,start       ] GC(217) Pause Young (Allocation Failure)
[34.238s][info][gc,heap        ] GC(217) PSYoungGen: 151840K(152064K)->104768K(352256K) Eden: 52224K(52224K)->0K(58368K) From: 99616K(99840K)->104768K(293888K)
[34.238s][info][gc,heap        ] GC(217) ParOldGen: 5156510K(5641728K)->5204038K(5641728K)
[34.238s][info][gc,metaspace   ] GC(217) Metaspace: 6302K(6464K)->6302K(6464K) NonClass: 5769K(5824K)->5769K(5824K) Class: 533K(640K)->533K(640K)
[34.238s][info][gc             ] GC(217) Pause Young (Allocation Failure) 5183M->5184M(5853M) 83.537ms
[34.238s][info][gc,cpu         ] GC(217) User=0.62s Sys=0.03s Real=0.08s
[34.305s][info][gc,start       ] GC(218) Pause Young (Allocation Failure)
[34.393s][info][gc,heap        ] GC(218) PSYoungGen: 163136K(352256K)->110848K(169472K) Eden: 58368K(58368K)->0K(58368K) From: 104768K(293888K)->110848K(111104K)
[34.393s][info][gc,heap        ] GC(218) ParOldGen: 5204038K(5641728K)->5256734K(5641728K)
[34.393s][info][gc,metaspace   ] GC(218) Metaspace: 6302K(6464K)->6302K(6464K) NonClass: 5769K(5824K)->5769K(5824K) Class: 533K(640K)->533K(640K)
[34.393s][info][gc             ] GC(218) Pause Young (Allocation Failure) 5241M->5241M(5675M) 88.227ms
[34.393s][info][gc,cpu         ] GC(218) User=0.52s Sys=0.03s Real=0.09s
[34.456s][info][gc,start       ] GC(219) Pause Young (Allocation Failure)
[34.550s][info][gc,heap        ] GC(219) PSYoungGen: 169216K(169472K)->117024K(330240K) Eden: 58368K(58368K)->0K(65024K) From: 110848K(111104K)->117024K(265216K)
[34.550s][info][gc,heap        ] GC(219) ParOldGen: 5256734K(5641728K)->5309438K(5641728K)
[34.550s][info][gc,metaspace   ] GC(219) Metaspace: 6302K(6464K)->6302K(6464K) NonClass: 5769K(5824K)->5769K(5824K) Class: 533K(640K)->533K(640K)
[34.550s][info][gc             ] GC(219) Pause Young (Allocation Failure) 5298M->5299M(5832M) 94.005ms
[34.550s][info][gc,cpu         ] GC(219) User=0.61s Sys=0.03s Real=0.09s
[34.627s][info][gc,start       ] GC(220) Pause Young (Allocation Failure)
[34.726s][info][gc,heap        ] GC(220) PSYoungGen: 182048K(330240K)->123712K(188928K) Eden: 65024K(65024K)->0K(65024K) From: 117024K(265216K)->123712K(123904K)
[34.726s][info][gc,heap        ] GC(220) ParOldGen: 5309438K(5641728K)->5368326K(5641728K)
[34.726s][info][gc,metaspace   ] GC(220) Metaspace: 6302K(6464K)->6302K(6464K) NonClass: 5769K(5824K)->5769K(5824K) Class: 533K(640K)->533K(640K)
[34.726s][info][gc             ] GC(220) Pause Young (Allocation Failure) 5362M->5363M(5694M) 99.539ms
[34.726s][info][gc,cpu         ] GC(220) User=0.61s Sys=0.03s Real=0.10s
[34.798s][info][gc,start       ] GC(221) Pause Young (Allocation Failure)
[34.909s][info][gc,heap        ] GC(221) PSYoungGen: 188736K(188928K)->130400K(311296K) Eden: 65024K(65024K)->0K(72704K) From: 123712K(123904K)->130400K(238592K)
[34.909s][info][gc,heap        ] GC(221) ParOldGen: 5368326K(5641728K)->5427214K(5641728K)
[34.909s][info][gc,metaspace   ] GC(221) Metaspace: 6302K(6464K)->6302K(6464K) NonClass: 5769K(5824K)->5769K(5824K) Class: 533K(640K)->533K(640K)
[34.909s][info][gc             ] GC(221) Pause Young (Allocation Failure) 5426M->5427M(5813M) 110.952ms
[34.909s][info][gc,cpu         ] GC(221) User=0.72s Sys=0.05s Real=0.11s
[34.987s][info][gc,start       ] GC(222) Pause Young (Allocation Failure)
[35.100s][info][gc,heap        ] GC(222) PSYoungGen: 203104K(311296K)->138080K(324608K) Eden: 72704K(72704K)->0K(72704K) From: 130400K(238592K)->138080K(251904K)
[35.101s][info][gc,heap        ] GC(222) ParOldGen: 5427214K(5641728K)->5492830K(5641728K)
[35.101s][info][gc,metaspace   ] GC(222) Metaspace: 6302K(6464K)->6302K(6464K) NonClass: 5769K(5824K)->5769K(5824K) Class: 533K(640K)->533K(640K)
[35.101s][info][gc             ] GC(222) Pause Young (Allocation Failure) 5498M->5498M(5826M) 114.068ms
[35.101s][info][gc,cpu         ] GC(222) User=0.75s Sys=0.03s Real=0.11s
[35.191s][info][gc,start       ] GC(223) Pause Young (Allocation Failure)
[35.310s][info][gc,heap        ] GC(223) PSYoungGen: 210784K(324608K)->145760K(313344K) Eden: 72704K(72704K)->0K(81408K) From: 138080K(251904K)->145760K(231936K)
[35.310s][info][gc,heap        ] GC(223) ParOldGen: 5492830K(5641728K)->5558438K(5641728K)
[35.310s][info][gc,metaspace   ] GC(223) Metaspace: 6302K(6464K)->6302K(6464K) NonClass: 5769K(5824K)->5769K(5824K) Class: 533K(640K)->533K(640K)
[35.310s][info][gc             ] GC(223) Pause Young (Allocation Failure) 5569M->5570M(5815M) 118.664ms
[35.310s][info][gc,cpu         ] GC(223) User=0.73s Sys=0.02s Real=0.12s
[35.310s][info][gc,start       ] GC(224) Pause Full (Ergonomics)
[35.310s][info][gc,phases,start] GC(224) Marking Phase
[36.595s][info][gc,phases      ] GC(224) Marking Phase 1285.719ms
[36.596s][info][gc,phases,start] GC(224) Summary Phase
[36.596s][info][gc,phases      ] GC(224) Summary Phase 0.071ms
[36.596s][info][gc,phases,start] GC(224) Adjust Roots
[36.596s][info][gc,phases      ] GC(224) Adjust Roots 0.163ms
[36.596s][info][gc,phases,start] GC(224) Compaction Phase
[37.052s][info][gc,phases      ] GC(224) Compaction Phase 456.436ms
[37.052s][info][gc,phases,start] GC(224) Post Compact
[37.061s][info][gc,phases      ] GC(224) Post Compact 8.955ms
[37.063s][info][gc,heap        ] GC(224) PSYoungGen: 145760K(313344K)->57956K(318976K) Eden: 0K(81408K)->0K(87040K) From: 145760K(231936K)->57956K(231936K)
[37.063s][info][gc,heap        ] GC(224) ParOldGen: 5558438K(5641728K)->5641562K(6162432K)
[37.063s][info][gc,metaspace   ] GC(224) Metaspace: 6302K(6464K)->6302K(6464K) NonClass: 5769K(5824K)->5769K(5824K) Class: 533K(640K)->533K(640K)
[37.063s][info][gc             ] GC(224) Pause Full (Ergonomics) 5570M->5565M(6329M) 1753.487ms
[37.063s][info][gc,cpu         ] GC(224) User=13.39s Sys=0.03s Real=1.75s
[38.369s][info][gc,start       ] GC(225) Pause Young (Allocation Failure)
[38.675s][info][gc,heap        ] GC(225) PSYoungGen: 144996K(318976K)->109280K(324608K) Eden: 87040K(87040K)->0K(87040K) From: 57956K(231936K)->109280K(237568K)
[38.675s][info][gc,heap        ] GC(225) ParOldGen: 5903706K(6162432K)->5940114K(6162432K)
[38.675s][info][gc,metaspace   ] GC(225) Metaspace: 6302K(6464K)->6302K(6464K) NonClass: 5769K(5824K)->5769K(5824K) Class: 533K(640K)->533K(640K)
[38.675s][info][gc             ] GC(225) Pause Young (Allocation Failure) 5906M->5907M(6335M) 306.780ms
[38.675s][info][gc,cpu         ] GC(225) User=2.00s Sys=0.00s Real=0.31s
[38.766s][info][gc,start       ] GC(226) Pause Young (Allocation Failure)
[38.887s][info][gc,heap        ] GC(226) PSYoungGen: 196320K(324608K)->196512K(311808K) Eden: 87040K(87040K)->0K(80896K) From: 109280K(237568K)->196512K(230912K)
[38.887s][info][gc,heap        ] GC(226) ParOldGen: 5940114K(6162432K)->5940114K(6162432K)
[38.887s][info][gc,metaspace   ] GC(226) Metaspace: 6302K(6464K)->6302K(6464K) NonClass: 5769K(5824K)->5769K(5824K) Class: 533K(640K)->533K(640K)
[38.887s][info][gc             ] GC(226) Pause Young (Allocation Failure) 5992M->5992M(6322M) 121.099ms
[38.887s][info][gc,cpu         ] GC(226) User=0.47s Sys=0.00s Real=0.12s
[38.974s][info][gc,start       ] GC(227) Pause Young (Allocation Failure)
[39.123s][info][gc,heap        ] GC(227) PSYoungGen: 277408K(311808K)->245248K(326144K) Eden: 80896K(80896K)->0K(80896K) From: 196512K(230912K)->245248K(245248K)
[39.123s][info][gc,heap        ] GC(227) ParOldGen: 5940114K(6162432K)->5972522K(6162432K)
[39.123s][info][gc,metaspace   ] GC(227) Metaspace: 6302K(6464K)->6302K(6464K) NonClass: 5769K(5824K)->5769K(5824K) Class: 533K(640K)->533K(640K)
[39.123s][info][gc             ] GC(227) Pause Young (Allocation Failure) 6071M->6072M(6336M) 148.412ms
[39.123s][info][gc,cpu         ] GC(227) User=0.64s Sys=0.03s Real=0.15s
[39.202s][info][gc,start       ] GC(228) Pause Young (Allocation Failure)
[39.362s][info][gc,heap        ] GC(228) PSYoungGen: 326144K(326144K)->236384K(357888K) Eden: 80896K(80896K)->0K(71168K) From: 245248K(245248K)->236384K(286720K)
[39.362s][info][gc,heap        ] GC(228) ParOldGen: 5972522K(6162432K)->6063242K(6162432K)
[39.363s][info][gc,metaspace   ] GC(228) Metaspace: 6302K(6464K)->6302K(6464K) NonClass: 5769K(5824K)->5769K(5824K) Class: 533K(640K)->533K(640K)
[39.363s][info][gc             ] GC(228) Pause Young (Allocation Failure) 6151M->6151M(6367M) 160.959ms
[39.363s][info][gc,cpu         ] GC(228) User=1.11s Sys=0.06s Real=0.16s
[39.363s][info][gc,start       ] GC(229) Pause Full (Ergonomics)
[39.363s][info][gc,phases,start] GC(229) Marking Phase
[40.723s][info][gc,phases      ] GC(229) Marking Phase 1360.541ms
[40.723s][info][gc,phases,start] GC(229) Summary Phase
[40.723s][info][gc,phases      ] GC(229) Summary Phase 0.072ms
[40.723s][info][gc,phases,start] GC(229) Adjust Roots
[40.723s][info][gc,phases      ] GC(229) Adjust Roots 0.163ms
[40.723s][info][gc,phases,start] GC(229) Compaction Phase
[41.664s][info][gc,phases      ] GC(229) Compaction Phase 940.620ms
[41.664s][info][gc,phases,start] GC(229) Post Compact
[41.674s][info][gc,phases      ] GC(229) Post Compact 10.259ms
[41.676s][info][gc,heap        ] GC(229) PSYoungGen: 236384K(357888K)->4297K(357888K) Eden: 0K(71168K)->0K(71168K) From: 236384K(286720K)->4297K(286720K)
[41.676s][info][gc,heap        ] GC(229) ParOldGen: 6063242K(6162432K)->6162040K(6729728K)
[41.676s][info][gc,metaspace   ] GC(229) Metaspace: 6302K(6464K)->6302K(6464K) NonClass: 5769K(5824K)->5769K(5824K) Class: 533K(640K)->533K(640K)
[41.676s][info][gc             ] GC(229) Pause Full (Ergonomics) 6151M->6021M(6921M) 2313.809ms
[41.676s][info][gc,cpu         ] GC(229) User=16.44s Sys=0.09s Real=2.31s
[41.753s][info][gc,start       ] GC(230) Pause Young (Allocation Failure)
[42.059s][info][gc,heap        ] GC(230) PSYoungGen: 75465K(357888K)->74464K(376320K) Eden: 71168K(71168K)->0K(71168K) From: 4297K(286720K)->74464K(305152K)
[42.059s][info][gc,heap        ] GC(230) ParOldGen: 6162040K(6729728K)->6163384K(6729728K)
[42.059s][info][gc,metaspace   ] GC(230) Metaspace: 6302K(6464K)->6302K(6464K) NonClass: 5769K(5824K)->5769K(5824K) Class: 533K(640K)->533K(640K)
[42.059s][info][gc             ] GC(230) Pause Young (Allocation Failure) 6091M->6091M(6939M) 306.384ms
[42.059s][info][gc,cpu         ] GC(230) User=1.84s Sys=0.00s Real=0.31s
[42.134s][info][gc,start       ] GC(231) Pause Young (Allocation Failure)
[42.242s][info][gc,heap        ] GC(231) PSYoungGen: 145632K(376320K)->145696K(354816K) Eden: 71168K(71168K)->0K(78336K) From: 74464K(305152K)->145696K(276480K)
[42.243s][info][gc,heap        ] GC(231) ParOldGen: 6163384K(6729728K)->6163384K(6729728K)
[42.243s][info][gc,metaspace   ] GC(231) Metaspace: 6302K(6464K)->6302K(6464K) NonClass: 5769K(5824K)->5769K(5824K) Class: 533K(640K)->533K(640K)
[42.243s][info][gc             ] GC(231) Pause Young (Allocation Failure) 6161M->6161M(6918M) 108.313ms
[42.243s][info][gc,cpu         ] GC(231) User=0.36s Sys=0.00s Real=0.11s
[42.326s][info][gc,start       ] GC(232) Pause Young (Allocation Failure)
[42.458s][info][gc,heap        ] GC(232) PSYoungGen: 224032K(354816K)->224128K(368640K) Eden: 78336K(78336K)->0K(78336K) From: 145696K(276480K)->224128K(290304K)
[42.458s][info][gc,heap        ] GC(232) ParOldGen: 6163384K(6729728K)->6163384K(6729728K)
[42.458s][info][gc,metaspace   ] GC(232) Metaspace: 6302K(6464K)->6302K(6464K) NonClass: 5769K(5824K)->5769K(5824K) Class: 533K(640K)->533K(640K)
[42.458s][info][gc             ] GC(232) Pause Young (Allocation Failure) 6237M->6237M(6932M) 131.570ms
[42.458s][info][gc,cpu         ] GC(232) User=0.62s Sys=0.00s Real=0.13s
[42.539s][info][gc,start       ] GC(233) Pause Young (Allocation Failure)
[42.692s][info][gc,heap        ] GC(233) PSYoungGen: 302464K(368640K)->302368K(351232K) Eden: 78336K(78336K)->0K(47616K) From: 224128K(290304K)->302368K(303616K)
[42.692s][info][gc,heap        ] GC(233) ParOldGen: 6163384K(6729728K)->6163720K(6729728K)
[42.692s][info][gc,metaspace   ] GC(233) Metaspace: 6302K(6464K)->6302K(6464K) NonClass: 5769K(5824K)->5769K(5824K) Class: 533K(640K)->533K(640K)
[42.692s][info][gc             ] GC(233) Pause Young (Allocation Failure) 6314M->6314M(6915M) 153.042ms
[42.692s][info][gc,cpu         ] GC(233) User=0.72s Sys=0.00s Real=0.15s
[42.747s][info][gc,start       ] GC(234) Pause Young (Allocation Failure)
[42.912s][info][gc,heap        ] GC(234) PSYoungGen: 349984K(351232K)->342528K(390144K) Eden: 47616K(47616K)->0K(47616K) From: 302368K(303616K)->342528K(342528K)
[42.912s][info][gc,heap        ] GC(234) ParOldGen: 6163720K(6729728K)->6171176K(6729728K)
[42.912s][info][gc,metaspace   ] GC(234) Metaspace: 6302K(6464K)->6302K(6464K) NonClass: 5769K(5824K)->5769K(5824K) Class: 533K(640K)->533K(640K)
[42.912s][info][gc             ] GC(234) Pause Young (Allocation Failure) 6361M->6361M(6953M) 165.261ms
[42.912s][info][gc,cpu         ] GC(234) User=0.84s Sys=0.00s Real=0.17s
[42.963s][info][gc,start       ] GC(235) Pause Young (Allocation Failure)
[43.143s][info][gc,heap        ] GC(235) PSYoungGen: 390144K(390144K)->250176K(443392K) Eden: 47616K(47616K)->0K(51712K) From: 342528K(342528K)->250176K(391680K)
[43.143s][info][gc,heap        ] GC(235) ParOldGen: 6171176K(6729728K)->6312336K(6729728K)
[43.143s][info][gc,metaspace   ] GC(235) Metaspace: 6302K(6464K)->6302K(6464K) NonClass: 5769K(5824K)->5769K(5824K) Class: 533K(640K)->533K(640K)
[43.143s][info][gc             ] GC(235) Pause Young (Allocation Failure) 6407M->6408M(7005M) 179.841ms
[43.143s][info][gc,cpu         ] GC(235) User=1.41s Sys=0.08s Real=0.18s
[43.194s][info][gc,start       ] GC(236) Pause Young (Allocation Failure)
[43.344s][info][gc,heap        ] GC(236) PSYoungGen: 301888K(443392K)->147200K(199168K) Eden: 51712K(51712K)->0K(51712K) From: 250176K(391680K)->147200K(147456K)
[43.344s][info][gc,heap        ] GC(236) ParOldGen: 6312336K(6729728K)->6468184K(6729728K)
[43.344s][info][gc,metaspace   ] GC(236) Metaspace: 6302K(6464K)->6302K(6464K) NonClass: 5769K(5824K)->5769K(5824K) Class: 533K(640K)->533K(640K)
[43.344s][info][gc             ] GC(236) Pause Young (Allocation Failure) 6459M->6460M(6766M) 150.189ms
[43.344s][info][gc,cpu         ] GC(236) User=0.70s Sys=0.06s Real=0.15s
[43.400s][info][gc,start       ] GC(237) Pause Young (Allocation Failure)
[43.523s][info][gc,heap        ] GC(237) PSYoungGen: 198912K(199168K)->103680K(432640K) Eden: 51712K(51712K)->0K(59392K) From: 147200K(147456K)->103680K(373248K)
[43.523s][info][gc,heap        ] GC(237) ParOldGen: 6468184K(6729728K)->6564176K(6729728K)
[43.523s][info][gc,metaspace   ] GC(237) Metaspace: 6302K(6464K)->6302K(6464K) NonClass: 5769K(5824K)->5769K(5824K) Class: 533K(640K)->533K(640K)
[43.523s][info][gc             ] GC(237) Pause Young (Allocation Failure) 6510M->6511M(6994M) 123.801ms
[43.523s][info][gc,cpu         ] GC(237) User=0.44s Sys=0.03s Real=0.12s
[43.523s][info][gc,start       ] GC(238) Pause Full (Ergonomics)
[43.524s][info][gc,phases,start] GC(238) Marking Phase
[44.988s][info][gc,phases      ] GC(238) Marking Phase 1464.618ms
[44.988s][info][gc,phases,start] GC(238) Summary Phase
[44.988s][info][gc,phases      ] GC(238) Summary Phase 0.103ms
[44.988s][info][gc,phases,start] GC(238) Adjust Roots
[44.988s][info][gc,phases      ] GC(238) Adjust Roots 0.165ms
[44.988s][info][gc,phases,start] GC(238) Compaction Phase
[45.560s][info][gc,phases      ] GC(238) Compaction Phase 571.142ms
[45.560s][info][gc,phases,start] GC(238) Post Compact
[45.569s][info][gc,phases      ] GC(238) Post Compact 9.706ms
[45.571s][info][gc,heap        ] GC(238) PSYoungGen: 103680K(432640K)->0K(437248K) Eden: 0K(59392K)->0K(59392K) From: 103680K(373248K)->0K(377856K)
[45.571s][info][gc,heap        ] GC(238) ParOldGen: 6564176K(6729728K)->6663735K(7343616K)
[45.571s][info][gc,metaspace   ] GC(238) Metaspace: 6302K(6464K)->6302K(6464K) NonClass: 5769K(5824K)->5769K(5824K) Class: 533K(640K)->533K(640K)
[45.572s][info][gc             ] GC(238) Pause Full (Ergonomics) 6511M->6507M(7598M) 2048.017ms
[45.572s][info][gc,cpu         ] GC(238) User=14.94s Sys=0.05s Real=2.05s
[45.644s][info][gc,start       ] GC(239) Pause Young (Allocation Failure)
[45.724s][info][gc,heap        ] GC(239) PSYoungGen: 59392K(437248K)->59584K(443904K) Eden: 59392K(59392K)->0K(66048K) From: 0K(377856K)->59584K(377856K)
[45.724s][info][gc,heap        ] GC(239) ParOldGen: 6663735K(7343616K)->6663735K(7343616K)
[45.724s][info][gc,metaspace   ] GC(239) Metaspace: 6302K(6464K)->6302K(6464K) NonClass: 5769K(5824K)->5769K(5824K) Class: 533K(640K)->533K(640K)
[45.724s][info][gc             ] GC(239) Pause Young (Allocation Failure) 6565M->6565M(7605M) 80.591ms
[45.724s][info][gc,cpu         ] GC(239) User=0.17s Sys=0.00s Real=0.08s
[45.794s][info][gc,start       ] GC(240) Pause Young (Allocation Failure)
[45.904s][info][gc,heap        ] GC(240) PSYoungGen: 125632K(443904K)->66240K(445440K) Eden: 66048K(66048K)->0K(66048K) From: 59584K(377856K)->66240K(379392K)
[45.904s][info][gc,heap        ] GC(240) ParOldGen: 6663735K(7343616K)->6723663K(7343616K)
[45.904s][info][gc,metaspace   ] GC(240) Metaspace: 6302K(6464K)->6302K(6464K) NonClass: 5769K(5824K)->5769K(5824K) Class: 533K(640K)->533K(640K)
[45.904s][info][gc             ] GC(240) Pause Young (Allocation Failure) 6630M->6630M(7606M) 110.049ms
[45.904s][info][gc,cpu         ] GC(240) User=0.31s Sys=0.02s Real=0.11s
[45.975s][info][gc,start       ] GC(241) Pause Young (Allocation Failure)
[46.075s][info][gc,heap        ] GC(241) PSYoungGen: 132288K(445440K)->66304K(438272K) Eden: 66048K(66048K)->0K(73728K) From: 66240K(379392K)->66304K(364544K)
[46.075s][info][gc,heap        ] GC(241) ParOldGen: 6723663K(7343616K)->6790303K(7343616K)
[46.075s][info][gc,metaspace   ] GC(241) Metaspace: 6302K(6464K)->6302K(6464K) NonClass: 5769K(5824K)->5769K(5824K) Class: 533K(640K)->533K(640K)
[46.075s][info][gc             ] GC(241) Pause Young (Allocation Failure) 6695M->6695M(7599M) 100.246ms
[46.075s][info][gc,cpu         ] GC(241) User=0.31s Sys=0.02s Real=0.10s
[46.156s][info][gc,start       ] GC(242) Pause Young (Allocation Failure)
[46.261s][info][gc,heap        ] GC(242) PSYoungGen: 140032K(438272K)->73952K(443904K) Eden: 73728K(73728K)->0K(73728K) From: 66304K(364544K)->73952K(370176K)
[46.261s][info][gc,heap        ] GC(242) ParOldGen: 6790303K(7343616K)->6856935K(7343616K)
[46.261s][info][gc,metaspace   ] GC(242) Metaspace: 6302K(6464K)->6302K(6464K) NonClass: 5769K(5824K)->5769K(5824K) Class: 533K(640K)->533K(640K)
[46.261s][info][gc             ] GC(242) Pause Young (Allocation Failure) 6767M->6768M(7605M) 105.169ms
[46.261s][info][gc,cpu         ] GC(242) User=0.31s Sys=0.02s Real=0.11s
[46.341s][info][gc,start       ] GC(243) Pause Young (Allocation Failure)
[46.447s][info][gc,heap        ] GC(243) PSYoungGen: 147680K(443904K)->74016K(423424K) Eden: 73728K(73728K)->0K(82432K) From: 73952K(370176K)->74016K(340992K)
[46.447s][info][gc,heap        ] GC(243) ParOldGen: 6856935K(7343616K)->6931343K(7343616K)
[46.447s][info][gc,metaspace   ] GC(243) Metaspace: 6302K(6464K)->6302K(6464K) NonClass: 5769K(5824K)->5769K(5824K) Class: 533K(640K)->533K(640K)
[46.447s][info][gc             ] GC(243) Pause Young (Allocation Failure) 6840M->6841M(7585M) 106.249ms
[46.447s][info][gc,cpu         ] GC(243) User=0.34s Sys=0.02s Real=0.11s
[46.525s][info][gc,start       ] GC(244) Pause Young (Allocation Failure)
[46.634s][info][gc,heap        ] GC(244) PSYoungGen: 156448K(423424K)->82720K(165376K) Eden: 82432K(82432K)->0K(82432K) From: 74016K(340992K)->82720K(82944K)
[46.634s][info][gc,heap        ] GC(244) ParOldGen: 6931343K(7343616K)->7005735K(7343616K)
[46.634s][info][gc,metaspace   ] GC(244) Metaspace: 6302K(6464K)->6302K(6464K) NonClass: 5769K(5824K)->5769K(5824K) Class: 533K(640K)->533K(640K)
[46.634s][info][gc             ] GC(244) Pause Young (Allocation Failure) 6921M->6922M(7333M) 109.123ms
[46.634s][info][gc,cpu         ] GC(244) User=0.34s Sys=0.11s Real=0.11s
[46.717s][info][gc,start       ] GC(245) Pause Young (Allocation Failure)
[46.829s][info][gc,heap        ] GC(245) PSYoungGen: 165152K(165376K)->82720K(406016K) Eden: 82432K(82432K)->0K(92160K) From: 82720K(82944K)->82720K(313856K)
[46.829s][info][gc,heap        ] GC(245) ParOldGen: 7005735K(7343616K)->7088895K(7343616K)
[46.829s][info][gc,metaspace   ] GC(245) Metaspace: 6302K(6464K)->6302K(6464K) NonClass: 5769K(5824K)->5769K(5824K) Class: 533K(640K)->533K(640K)
[46.829s][info][gc             ] GC(245) Pause Young (Allocation Failure) 7002M->7003M(7568M) 111.777ms
[46.829s][info][gc,cpu         ] GC(245) User=0.52s Sys=0.05s Real=0.11s
[46.922s][info][gc,start       ] GC(246) Pause Young (Allocation Failure)
[47.034s][info][gc,heap        ] GC(246) PSYoungGen: 174880K(406016K)->92480K(184832K) Eden: 92160K(92160K)->0K(92160K) From: 82720K(313856K)->92480K(92672K)
[47.034s][info][gc,heap        ] GC(246) ParOldGen: 7088895K(7343616K)->7172079K(7343616K)
[47.034s][info][gc,metaspace   ] GC(246) Metaspace: 6302K(6464K)->6302K(6464K) NonClass: 5769K(5824K)->5769K(5824K) Class: 533K(640K)->533K(640K)
[47.034s][info][gc             ] GC(246) Pause Young (Allocation Failure) 7093M->7094M(7352M) 111.446ms
[47.034s][info][gc,cpu         ] GC(246) User=0.36s Sys=0.03s Real=0.11s
[47.127s][info][gc,start       ] GC(247) Pause Young (Allocation Failure)
[47.246s][info][gc,heap        ] GC(247) PSYoungGen: 184640K(184832K)->92480K(386560K) Eden: 92160K(92160K)->0K(102912K) From: 92480K(92672K)->92480K(283648K)
[47.246s][info][gc,heap        ] GC(247) ParOldGen: 7172079K(7343616K)->7265071K(7343616K)
[47.246s][info][gc,metaspace   ] GC(247) Metaspace: 6302K(6464K)->6302K(6464K) NonClass: 5769K(5824K)->5769K(5824K) Class: 533K(640K)->533K(640K)
[47.246s][info][gc             ] GC(247) Pause Young (Allocation Failure) 7184M->7185M(7549M) 118.362ms
[47.246s][info][gc,cpu         ] GC(247) User=0.48s Sys=0.00s Real=0.12s
[47.246s][info][gc,start       ] GC(248) Pause Full (Ergonomics)
[47.246s][info][gc,phases,start] GC(248) Marking Phase
[48.860s][info][gc,phases      ] GC(248) Marking Phase 1614.054ms
[48.860s][info][gc,phases,start] GC(248) Summary Phase
[48.860s][info][gc,phases      ] GC(248) Summary Phase 0.090ms
[48.860s][info][gc,phases,start] GC(248) Adjust Roots
[48.860s][info][gc,phases      ] GC(248) Adjust Roots 0.221ms
[48.860s][info][gc,phases,start] GC(248) Compaction Phase
[49.516s][info][gc,phases      ] GC(248) Compaction Phase 655.651ms
[49.516s][info][gc,phases,start] GC(248) Post Compact
[49.527s][info][gc,phases      ] GC(248) Post Compact 10.688ms
[49.529s][info][gc,heap        ] GC(248) PSYoungGen: 92480K(386560K)->8337K(398336K) Eden: 0K(102912K)->0K(114688K) From: 92480K(283648K)->8337K(283648K)
[49.529s][info][gc,heap        ] GC(248) ParOldGen: 7265071K(7343616K)->7343234K(8053248K)
[49.529s][info][gc,metaspace   ] GC(248) Metaspace: 6302K(6464K)->6302K(6464K) NonClass: 5769K(5824K)->5769K(5824K) Class: 533K(640K)->533K(640K)
[49.529s][info][gc             ] GC(248) Pause Full (Ergonomics) 7185M->7179M(8253M) 2283.288ms
[49.529s][info][gc,cpu         ] GC(248) User=16.70s Sys=0.11s Real=2.28s
[49.657s][info][gc,start       ] GC(249) Pause Young (Allocation Failure)
[50.026s][info][gc,heap        ] GC(249) PSYoungGen: 123025K(398336K)->115008K(229888K) Eden: 114688K(114688K)->0K(114688K) From: 8337K(283648K)->115008K(115200K)
[50.026s][info][gc,heap        ] GC(249) ParOldGen: 7343234K(8053248K)->7351682K(8053248K)
[50.026s][info][gc,metaspace   ] GC(249) Metaspace: 6302K(6464K)->6302K(6464K) NonClass: 5769K(5824K)->5769K(5824K) Class: 533K(640K)->533K(640K)
[50.026s][info][gc             ] GC(249) Pause Young (Allocation Failure) 7291M->7291M(8089M) 369.414ms
[50.026s][info][gc,cpu         ] GC(249) User=2.38s Sys=0.00s Real=0.37s
[50.140s][info][gc,start       ] GC(250) Pause Young (Allocation Failure)
[50.285s][info][gc,heap        ] GC(250) PSYoungGen: 229696K(229888K)->229920K(380928K) Eden: 114688K(114688K)->0K(100352K) From: 115008K(115200K)->229920K(280576K)
[50.285s][info][gc,heap        ] GC(250) ParOldGen: 7351682K(8053248K)->7351682K(8053248K)
[50.285s][info][gc,metaspace   ] GC(250) Metaspace: 6302K(6464K)->6302K(6464K) NonClass: 5769K(5824K)->5769K(5824K) Class: 533K(640K)->533K(640K)
[50.285s][info][gc             ] GC(250) Pause Young (Allocation Failure) 7403M->7403M(8236M) 145.186ms
[50.285s][info][gc,cpu         ] GC(250) User=0.53s Sys=0.00s Real=0.14s
[50.394s][info][gc,start       ] GC(251) Pause Young (Allocation Failure)
[50.560s][info][gc,heap        ] GC(251) PSYoungGen: 330272K(380928K)->305664K(406016K) Eden: 100352K(100352K)->0K(100352K) From: 229920K(280576K)->305664K(305664K)
[50.560s][info][gc,heap        ] GC(251) ParOldGen: 7351682K(8053248K)->7376570K(8053248K)
[50.560s][info][gc,metaspace   ] GC(251) Metaspace: 6302K(6464K)->6302K(6464K) NonClass: 5769K(5824K)->5769K(5824K) Class: 533K(640K)->533K(640K)
[50.560s][info][gc             ] GC(251) Pause Young (Allocation Failure) 7501M->7502M(8261M) 165.764ms
[50.560s][info][gc,cpu         ] GC(251) User=1.06s Sys=0.00s Real=0.17s
[50.665s][info][gc,start       ] GC(252) Pause Young (Allocation Failure)
[50.877s][info][gc,heap        ] GC(252) PSYoungGen: 406016K(406016K)->199008K(467968K) Eden: 100352K(100352K)->0K(111616K) From: 305664K(305664K)->199008K(356352K)
[50.877s][info][gc,heap        ] GC(252) ParOldGen: 7376570K(8053248K)->7585386K(8053248K)
[50.877s][info][gc,metaspace   ] GC(252) Metaspace: 6302K(6464K)->6302K(6464K) NonClass: 5769K(5824K)->5769K(5824K) Class: 533K(640K)->533K(640K)
[50.877s][info][gc             ] GC(252) Pause Young (Allocation Failure) 7600M->7601M(8321M) 211.653ms
[50.877s][info][gc,cpu         ] GC(252) User=1.34s Sys=0.20s Real=0.21s
[51.006s][info][gc,start       ] GC(253) Pause Young (Allocation Failure)
[51.171s][info][gc,heap        ] GC(253) PSYoungGen: 310624K(467968K)->212512K(470528K) Eden: 111616K(111616K)->0K(111616K) From: 199008K(356352K)->212512K(358912K)
[51.171s][info][gc,heap        ] GC(253) ParOldGen: 7585386K(8053248K)->7684362K(8053248K)
[51.171s][info][gc,metaspace   ] GC(253) Metaspace: 6302K(6464K)->6302K(6464K) NonClass: 5769K(5824K)->5769K(5824K) Class: 533K(640K)->533K(640K)
[51.171s][info][gc             ] GC(253) Pause Young (Allocation Failure) 7710M->7711M(8324M) 165.118ms
[51.171s][info][gc,cpu         ] GC(253) User=1.03s Sys=0.08s Real=0.17s
[51.283s][info][gc,start       ] GC(254) Pause Young (Allocation Failure)
[51.452s][info][gc,heap        ] GC(254) PSYoungGen: 324128K(470528K)->223776K(480768K) Eden: 111616K(111616K)->0K(120832K) From: 212512K(358912K)->223776K(359936K)
[51.452s][info][gc,heap        ] GC(254) ParOldGen: 7684362K(8053248K)->7785626K(8053248K)
[51.452s][info][gc,metaspace   ] GC(254) Metaspace: 6302K(6464K)->6302K(6464K) NonClass: 5769K(5824K)->5769K(5824K) Class: 533K(640K)->533K(640K)
[51.452s][info][gc             ] GC(254) Pause Young (Allocation Failure) 7820M->7821M(8334M) 168.279ms
[51.452s][info][gc,cpu         ] GC(254) User=1.06s Sys=0.12s Real=0.17s
[51.584s][info][gc,start       ] GC(255) Pause Young (Allocation Failure)
[51.765s][info][gc,heap        ] GC(255) PSYoungGen: 344608K(480768K)->232992K(484352K) Eden: 120832K(120832K)->0K(120832K) From: 223776K(359936K)->232992K(363520K)
[51.765s][info][gc,heap        ] GC(255) ParOldGen: 7785626K(8053248K)->7898234K(8053248K)
[51.765s][info][gc,metaspace   ] GC(255) Metaspace: 6302K(6464K)->6302K(6464K) NonClass: 5769K(5824K)->5769K(5824K) Class: 533K(640K)->533K(640K)
[51.765s][info][gc             ] GC(255) Pause Young (Allocation Failure) 7939M->7940M(8337M) 180.445ms
[51.765s][info][gc,cpu         ] GC(255) User=1.17s Sys=0.09s Real=0.18s
[51.765s][info][gc,start       ] GC(256) Pause Full (Ergonomics)
[51.765s][info][gc,phases,start] GC(256) Marking Phase
[53.641s][info][gc,phases      ] GC(256) Marking Phase 1875.979ms
[53.641s][info][gc,phases,start] GC(256) Summary Phase
[53.641s][info][gc,phases      ] GC(256) Summary Phase 0.086ms
[53.641s][info][gc,phases,start] GC(256) Adjust Roots
[53.641s][info][gc,phases      ] GC(256) Adjust Roots 0.173ms
[53.641s][info][gc,phases,start] GC(256) Compaction Phase
[54.330s][info][gc,phases      ] GC(256) Compaction Phase 688.626ms
[54.330s][info][gc,phases,start] GC(256) Post Compact
[54.342s][info][gc,phases      ] GC(256) Post Compact 12.231ms
[54.344s][info][gc,heap        ] GC(256) PSYoungGen: 232992K(484352K)->72455K(484352K) Eden: 0K(120832K)->0K(120832K) From: 232992K(363520K)->72455K(363520K)
[54.344s][info][gc,heap        ] GC(256) ParOldGen: 7898234K(8053248K)->8053044K(8738304K)
[54.344s][info][gc,metaspace   ] GC(256) Metaspace: 6302K(6464K)->6302K(6464K) NonClass: 5769K(5824K)->5769K(5824K) Class: 533K(640K)->533K(640K)
[54.344s][info][gc             ] GC(256) Pause Full (Ergonomics) 7940M->7935M(9006M) 2579.751ms
[54.345s][info][gc,cpu         ] GC(256) User=19.03s Sys=0.12s Real=2.58s
[54.465s][info][gc,start       ] GC(257) Pause Young (Allocation Failure)
[54.916s][info][gc,heap        ] GC(257) PSYoungGen: 193287K(484352K)->160352K(464384K) Eden: 120832K(120832K)->0K(132608K) From: 72455K(363520K)->160352K(331776K)
[54.916s][info][gc,heap        ] GC(257) ParOldGen: 8053044K(8738304K)->8086780K(8738304K)
[54.916s][info][gc,metaspace   ] GC(257) Metaspace: 6302K(6464K)->6302K(6464K) NonClass: 5769K(5824K)->5769K(5824K) Class: 533K(640K)->533K(640K)
[54.916s][info][gc             ] GC(257) Pause Young (Allocation Failure) 8053M->8053M(8987M) 450.835ms
[54.916s][info][gc,cpu         ] GC(257) User=3.17s Sys=0.05s Real=0.45s
[55.054s][info][gc,start       ] GC(258) Pause Young (Allocation Failure)
[55.214s][info][gc,heap        ] GC(258) PSYoungGen: 292960K(464384K)->293248K(483840K) Eden: 132608K(132608K)->0K(132608K) From: 160352K(331776K)->293248K(351232K)
[55.214s][info][gc,heap        ] GC(258) ParOldGen: 8086780K(8738304K)->8086780K(8738304K)
[55.214s][info][gc,metaspace   ] GC(258) Metaspace: 6302K(6464K)->6302K(6464K) NonClass: 5769K(5824K)->5769K(5824K) Class: 533K(640K)->533K(640K)
[55.214s][info][gc             ] GC(258) Pause Young (Allocation Failure) 8183M->8183M(9006M) 159.862ms
[55.214s][info][gc,cpu         ] GC(258) User=1.05s Sys=0.00s Real=0.16s
[55.351s][info][gc,start       ] GC(259) Pause Young (Allocation Failure)
[55.584s][info][gc,heap        ] GC(259) PSYoungGen: 425856K(483840K)->377856K(453120K) Eden: 132608K(132608K)->0K(75264K) From: 293248K(351232K)->377856K(377856K)
[55.584s][info][gc,heap        ] GC(259) ParOldGen: 8086780K(8738304K)->8135244K(8738304K)
[55.584s][info][gc,metaspace   ] GC(259) Metaspace: 6302K(6464K)->6302K(6464K) NonClass: 5769K(5824K)->5769K(5824K) Class: 533K(640K)->533K(640K)
[55.584s][info][gc             ] GC(259) Pause Young (Allocation Failure) 8313M->8313M(8976M) 233.255ms
[55.584s][info][gc,cpu         ] GC(259) User=1.53s Sys=0.11s Real=0.23s
[55.667s][info][gc,start       ] GC(260) Pause Young (Allocation Failure)
[55.902s][info][gc,heap        ] GC(260) PSYoungGen: 453120K(453120K)->318400K(523264K) Eden: 75264K(75264K)->0K(75264K) From: 377856K(377856K)->318400K(448000K)
[55.902s][info][gc,heap        ] GC(260) ParOldGen: 8135244K(8738304K)->8271196K(8738304K)
[55.902s][info][gc,metaspace   ] GC(260) Metaspace: 6302K(6464K)->6302K(6464K) NonClass: 5769K(5824K)->5769K(5824K) Class: 533K(640K)->533K(640K)
[55.902s][info][gc             ] GC(260) Pause Young (Allocation Failure) 8387M->8388M(9044M) 234.800ms
[55.902s][info][gc,cpu         ] GC(260) User=1.86s Sys=0.02s Real=0.23s
[55.978s][info][gc,start       ] GC(261) Pause Young (Allocation Failure)
[56.180s][info][gc,heap        ] GC(261) PSYoungGen: 393664K(523264K)->275840K(543232K) Eden: 75264K(75264K)->0K(84992K) From: 318400K(448000K)->275840K(458240K)
[56.180s][info][gc,heap        ] GC(261) ParOldGen: 8271196K(8738304K)->8390036K(8738304K)
[56.180s][info][gc,metaspace   ] GC(261) Metaspace: 6302K(6464K)->6302K(6464K) NonClass: 5769K(5824K)->5769K(5824K) Class: 533K(640K)->533K(640K)
[56.180s][info][gc             ] GC(261) Pause Young (Allocation Failure) 8461M->8462M(9064M) 202.224ms
[56.180s][info][gc,cpu         ] GC(261) User=1.47s Sys=0.05s Real=0.20s
[56.267s][info][gc,start       ] GC(262) Pause Young (Allocation Failure)
[56.468s][info][gc,heap        ] GC(262) PSYoungGen: 360832K(543232K)->160672K(245760K) Eden: 84992K(84992K)->0K(84992K) From: 275840K(458240K)->160672K(160768K)
[56.468s][info][gc,heap        ] GC(262) ParOldGen: 8390036K(8738304K)->8591804K(8738304K)
[56.468s][info][gc,metaspace   ] GC(262) Metaspace: 6302K(6464K)->6302K(6464K) NonClass: 5769K(5824K)->5769K(5824K) Class: 533K(640K)->533K(640K)
[56.468s][info][gc             ] GC(262) Pause Young (Allocation Failure) 8545M->8547M(8773M) 201.558ms
[56.468s][info][gc,cpu         ] GC(262) User=1.20s Sys=0.19s Real=0.20s
[56.468s][info][gc,start       ] GC(263) Pause Full (Ergonomics)
[56.468s][info][gc,phases,start] GC(263) Marking Phase
[58.493s][info][gc,phases      ] GC(263) Marking Phase 2024.761ms
[58.493s][info][gc,phases,start] GC(263) Summary Phase
[58.493s][info][gc,phases      ] GC(263) Summary Phase 0.092ms
[58.493s][info][gc,phases,start] GC(263) Adjust Roots
[58.493s][info][gc,phases      ] GC(263) Adjust Roots 0.178ms
[58.493s][info][gc,phases,start] GC(263) Compaction Phase
[59.204s][info][gc,phases      ] GC(263) Compaction Phase 710.211ms
[59.204s][info][gc,phases,start] GC(263) Post Compact
[59.218s][info][gc,phases      ] GC(263) Post Compact 14.912ms
[59.219s][info][gc,heap        ] GC(263) PSYoungGen: 160672K(245760K)->8967K(245760K) Eden: 0K(84992K)->0K(84992K) From: 160672K(160768K)->8967K(160768K)
[59.219s][info][gc,heap        ] GC(263) ParOldGen: 8591804K(8738304K)->8737908K(8738304K)
[59.219s][info][gc,metaspace   ] GC(263) Metaspace: 6302K(6464K)->6302K(6464K) NonClass: 5769K(5824K)->5769K(5824K) Class: 533K(640K)->533K(640K)
[59.219s][info][gc             ] GC(263) Pause Full (Ergonomics) 8547M->8541M(8773M) 2750.622ms
[59.219s][info][gc,cpu         ] GC(263) User=20.44s Sys=0.05s Real=2.75s
[59.312s][info][gc,start       ] GC(264) Pause Full (Ergonomics)
[59.312s][info][gc,phases,start] GC(264) Marking Phase
[61.304s][info][gc,phases      ] GC(264) Marking Phase 1992.446ms
[61.304s][info][gc,phases,start] GC(264) Summary Phase
[61.305s][info][gc,phases      ] GC(264) Summary Phase 0.169ms
[61.305s][info][gc,phases,start] GC(264) Adjust Roots
[61.305s][info][gc,phases      ] GC(264) Adjust Roots 0.348ms
[61.305s][info][gc,phases,start] GC(264) Compaction Phase
[61.824s][info][gc,phases      ] GC(264) Compaction Phase 518.762ms
[61.824s][info][gc,phases,start] GC(264) Post Compact
[61.836s][info][gc,phases      ] GC(264) Post Compact 12.097ms
[61.836s][info][gc,heap        ] GC(264) PSYoungGen: 93959K(245760K)->93927K(245760K) Eden: 84992K(84992K)->84960K(84992K) From: 8967K(160768K)->8967K(160768K)
[61.836s][info][gc,heap        ] GC(264) ParOldGen: 8737908K(8738304K)->8737908K(8738304K)
[61.836s][info][gc,metaspace   ] GC(264) Metaspace: 6302K(6464K)->6302K(6464K) NonClass: 5769K(5824K)->5769K(5824K) Class: 533K(640K)->533K(640K)
[61.836s][info][gc             ] GC(264) Pause Full (Ergonomics) 8624M->8624M(8773M) 2524.240ms
[61.836s][info][gc,cpu         ] GC(264) User=19.23s Sys=0.00s Real=2.52s
[61.836s][info][gc,start       ] GC(265) Pause Full (Ergonomics)
[61.836s][info][gc,phases,start] GC(265) Marking Phase
[63.848s][info][gc,phases      ] GC(265) Marking Phase 2011.563ms
[63.848s][info][gc,phases,start] GC(265) Summary Phase
[63.848s][info][gc,phases      ] GC(265) Summary Phase 0.117ms
[63.848s][info][gc,phases,start] GC(265) Adjust Roots
[63.848s][info][gc,phases      ] GC(265) Adjust Roots 0.207ms
[63.848s][info][gc,phases,start] GC(265) Compaction Phase
[64.366s][info][gc,phases      ] GC(265) Compaction Phase 517.820ms
[64.366s][info][gc,phases,start] GC(265) Post Compact
[64.379s][info][gc,phases      ] GC(265) Post Compact 12.672ms
[64.379s][info][gc,heap        ] GC(265) PSYoungGen: 93959K(245760K)->93958K(245760K) Eden: 84992K(84992K)->84991K(84992K) From: 8967K(160768K)->8967K(160768K)
[64.379s][info][gc,heap        ] GC(265) ParOldGen: 8737908K(8738304K)->8737908K(8738304K)
[64.379s][info][gc,metaspace   ] GC(265) Metaspace: 6302K(6464K)->6302K(6464K) NonClass: 5769K(5824K)->5769K(5824K) Class: 533K(640K)->533K(640K)
[64.379s][info][gc             ] GC(265) Pause Full (Ergonomics) 8624M->8624M(8773M) 2542.756ms
[64.379s][info][gc,cpu         ] GC(265) User=19.38s Sys=0.02s Real=2.54s
[64.379s][info][gc,start       ] GC(266) Pause Full (Ergonomics)
[64.379s][info][gc,phases,start] GC(266) Marking Phase
[66.356s][info][gc,phases      ] GC(266) Marking Phase 1976.956ms
[66.356s][info][gc,phases,start] GC(266) Summary Phase
[66.356s][info][gc,phases      ] GC(266) Summary Phase 0.083ms
[66.356s][info][gc,phases,start] GC(266) Adjust Roots
[66.357s][info][gc,phases      ] GC(266) Adjust Roots 0.160ms
[66.357s][info][gc,phases,start] GC(266) Compaction Phase
[66.869s][info][gc,phases      ] GC(266) Compaction Phase 511.968ms
[66.869s][info][gc,phases,start] GC(266) Post Compact
[66.881s][info][gc,phases      ] GC(266) Post Compact 12.231ms
[66.881s][info][gc,heap        ] GC(266) PSYoungGen: 93959K(245760K)->93959K(245760K) Eden: 84991K(84992K)->84991K(84992K) From: 8967K(160768K)->8967K(160768K)
[66.881s][info][gc,heap        ] GC(266) ParOldGen: 8737908K(8738304K)->8737908K(8738304K)
[66.881s][info][gc,metaspace   ] GC(266) Metaspace: 6302K(6464K)->6302K(6464K) NonClass: 5769K(5824K)->5769K(5824K) Class: 533K(640K)->533K(640K)
[66.881s][info][gc             ] GC(266) Pause Full (Ergonomics) 8624M->8624M(8773M) 2501.723ms
[66.881s][info][gc,cpu         ] GC(266) User=19.14s Sys=0.00s Real=2.50s
[66.881s][info][gc,start       ] GC(267) Pause Full (Ergonomics)
[66.881s][info][gc,phases,start] GC(267) Marking Phase
[68.867s][info][gc,phases      ] GC(267) Marking Phase 1986.297ms
[68.868s][info][gc,phases,start] GC(267) Summary Phase
[68.868s][info][gc,phases      ] GC(267) Summary Phase 0.115ms
[68.868s][info][gc,phases,start] GC(267) Adjust Roots
[68.868s][info][gc,phases      ] GC(267) Adjust Roots 0.287ms
[68.868s][info][gc,phases,start] GC(267) Compaction Phase
[69.389s][info][gc,phases      ] GC(267) Compaction Phase 521.473ms
[69.390s][info][gc,phases,start] GC(267) Post Compact
[69.403s][info][gc,phases      ] GC(267) Post Compact 13.575ms
[69.403s][info][gc,heap        ] GC(267) PSYoungGen: 93959K(245760K)->93959K(245760K) Eden: 84992K(84992K)->84992K(84992K) From: 8967K(160768K)->8967K(160768K)
[69.403s][info][gc,heap        ] GC(267) ParOldGen: 8737913K(8738304K)->8737913K(8738304K)
[69.403s][info][gc,metaspace   ] GC(267) Metaspace: 6302K(6464K)->6302K(6464K) NonClass: 5769K(5824K)->5769K(5824K) Class: 533K(640K)->533K(640K)
[69.403s][info][gc             ] GC(267) Pause Full (Ergonomics) 8624M->8624M(8773M) 2522.109ms
[69.403s][info][gc,cpu         ] GC(267) User=19.19s Sys=0.03s Real=2.52s
[69.403s][info][gc,start       ] GC(268) Pause Full (Ergonomics)
[69.403s][info][gc,phases,start] GC(268) Marking Phase
[71.393s][info][gc,phases      ] GC(268) Marking Phase 1990.013ms
[71.394s][info][gc,phases,start] GC(268) Summary Phase
[71.394s][info][gc,phases      ] GC(268) Summary Phase 0.118ms
[71.394s][info][gc,phases,start] GC(268) Adjust Roots
[71.394s][info][gc,phases      ] GC(268) Adjust Roots 0.286ms
[71.394s][info][gc,phases,start] GC(268) Compaction Phase
[71.905s][info][gc,phases      ] GC(268) Compaction Phase 511.003ms
[71.905s][info][gc,phases,start] GC(268) Post Compact
[71.917s][info][gc,phases      ] GC(268) Post Compact 11.958ms
[71.917s][info][gc,heap        ] GC(268) PSYoungGen: 93959K(245760K)->93959K(245760K) Eden: 84992K(84992K)->84992K(84992K) From: 8967K(160768K)->8967K(160768K)
[71.917s][info][gc,heap        ] GC(268) ParOldGen: 8737917K(8738304K)->8737917K(8738304K)
[71.917s][info][gc,metaspace   ] GC(268) Metaspace: 6302K(6464K)->6302K(6464K) NonClass: 5769K(5824K)->5769K(5824K) Class: 533K(640K)->533K(640K)
[71.917s][info][gc             ] GC(268) Pause Full (Ergonomics) 8624M->8624M(8773M) 2513.706ms
[71.917s][info][gc,cpu         ] GC(268) User=19.34s Sys=0.00s Real=2.51s
[71.917s][info][gc,start       ] GC(269) Pause Full (Ergonomics)
[71.917s][info][gc,phases,start] GC(269) Marking Phase
[73.903s][info][gc,phases      ] GC(269) Marking Phase 1985.420ms
[73.903s][info][gc,phases,start] GC(269) Summary Phase
[73.903s][info][gc,phases      ] GC(269) Summary Phase 0.091ms
[73.903s][info][gc,phases,start] GC(269) Adjust Roots
[73.903s][info][gc,phases      ] GC(269) Adjust Roots 0.178ms
[73.903s][info][gc,phases,start] GC(269) Compaction Phase
[74.431s][info][gc,phases      ] GC(269) Compaction Phase 527.694ms
[74.431s][info][gc,phases,start] GC(269) Post Compact
[74.444s][info][gc,phases      ] GC(269) Post Compact 13.046ms
[74.444s][info][gc,heap        ] GC(269) PSYoungGen: 93959K(245760K)->93959K(245760K) Eden: 84992K(84992K)->84992K(84992K) From: 8967K(160768K)->8967K(160768K)
[74.444s][info][gc,heap        ] GC(269) ParOldGen: 8737922K(8738304K)->8737922K(8738304K)
[74.444s][info][gc,metaspace   ] GC(269) Metaspace: 6302K(6464K)->6302K(6464K) NonClass: 5769K(5824K)->5769K(5824K) Class: 533K(640K)->533K(640K)
[74.444s][info][gc             ] GC(269) Pause Full (Ergonomics) 8624M->8624M(8773M) 2526.770ms
[74.444s][info][gc,cpu         ] GC(269) User=19.23s Sys=0.02s Real=2.53s
[74.444s][info][gc,start       ] GC(270) Pause Full (Ergonomics)
[74.444s][info][gc,phases,start] GC(270) Marking Phase
[76.429s][info][gc,phases      ] GC(270) Marking Phase 1984.480ms
[76.429s][info][gc,phases,start] GC(270) Summary Phase
[76.429s][info][gc,phases      ] GC(270) Summary Phase 0.096ms
[76.429s][info][gc,phases,start] GC(270) Adjust Roots
[76.429s][info][gc,phases      ] GC(270) Adjust Roots 0.229ms
[76.429s][info][gc,phases,start] GC(270) Compaction Phase
[76.972s][info][gc,phases      ] GC(270) Compaction Phase 542.534ms
[76.972s][info][gc,phases,start] GC(270) Post Compact
[76.984s][info][gc,phases      ] GC(270) Post Compact 12.662ms
[76.985s][info][gc,heap        ] GC(270) PSYoungGen: 93959K(245760K)->93959K(245760K) Eden: 84992K(84992K)->84992K(84992K) From: 8967K(160768K)->8967K(160768K)
[76.985s][info][gc,heap        ] GC(270) ParOldGen: 8737927K(8738304K)->8737927K(8738304K)
[76.985s][info][gc,metaspace   ] GC(270) Metaspace: 6302K(6464K)->6302K(6464K) NonClass: 5769K(5824K)->5769K(5824K) Class: 533K(640K)->533K(640K)
[76.985s][info][gc             ] GC(270) Pause Full (Ergonomics) 8624M->8624M(8773M) 2540.306ms
[76.985s][info][gc,cpu         ] GC(270) User=19.28s Sys=0.00s Real=2.54s
[76.985s][info][gc,start       ] GC(271) Pause Full (Ergonomics)
[76.985s][info][gc,phases,start] GC(271) Marking Phase
[78.946s][info][gc,phases      ] GC(271) Marking Phase 1961.615ms
[78.947s][info][gc,phases,start] GC(271) Summary Phase
[78.947s][info][gc,phases      ] GC(271) Summary Phase 0.163ms
[78.947s][info][gc,phases,start] GC(271) Adjust Roots
[78.947s][info][gc,phases      ] GC(271) Adjust Roots 0.363ms
[78.947s][info][gc,phases,start] GC(271) Compaction Phase
[79.466s][info][gc,phases      ] GC(271) Compaction Phase 518.673ms
[79.466s][info][gc,phases,start] GC(271) Post Compact
[79.478s][info][gc,phases      ] GC(271) Post Compact 12.522ms
[79.478s][info][gc,heap        ] GC(271) PSYoungGen: 93959K(245760K)->93959K(245760K) Eden: 84992K(84992K)->84992K(84992K) From: 8967K(160768K)->8967K(160768K)
[79.478s][info][gc,heap        ] GC(271) ParOldGen: 8737932K(8738304K)->8737932K(8738304K)
[79.479s][info][gc,metaspace   ] GC(271) Metaspace: 6302K(6464K)->6302K(6464K) NonClass: 5769K(5824K)->5769K(5824K) Class: 533K(640K)->533K(640K)
[79.479s][info][gc             ] GC(271) Pause Full (Ergonomics) 8624M->8624M(8773M) 2493.747ms
[79.479s][info][gc,cpu         ] GC(271) User=19.02s Sys=0.00s Real=2.49s
[79.479s][info][gc,start       ] GC(272) Pause Full (Ergonomics)
[79.479s][info][gc,phases,start] GC(272) Marking Phase
[81.462s][info][gc,phases      ] GC(272) Marking Phase 1983.638ms
[81.462s][info][gc,phases,start] GC(272) Summary Phase
[81.463s][info][gc,phases      ] GC(272) Summary Phase 0.089ms
[81.463s][info][gc,phases,start] GC(272) Adjust Roots
[81.463s][info][gc,phases      ] GC(272) Adjust Roots 0.177ms
[81.463s][info][gc,phases,start] GC(272) Compaction Phase
[81.990s][info][gc,phases      ] GC(272) Compaction Phase 526.910ms
[81.990s][info][gc,phases,start] GC(272) Post Compact
[82.002s][info][gc,phases      ] GC(272) Post Compact 12.532ms
[82.002s][info][gc,heap        ] GC(272) PSYoungGen: 93959K(245760K)->93959K(245760K) Eden: 84992K(84992K)->84992K(84992K) From: 8967K(160768K)->8967K(160768K)
[82.002s][info][gc,heap        ] GC(272) ParOldGen: 8737937K(8738304K)->8737937K(8738304K)
[82.002s][info][gc,metaspace   ] GC(272) Metaspace: 6302K(6464K)->6302K(6464K) NonClass: 5769K(5824K)->5769K(5824K) Class: 533K(640K)->533K(640K)
[82.002s][info][gc             ] GC(272) Pause Full (Ergonomics) 8624M->8624M(8773M) 2523.655ms
[82.002s][info][gc,cpu         ] GC(272) User=19.34s Sys=0.00s Real=2.52s
[82.003s][info][gc,start       ] GC(273) Pause Full (Ergonomics)
[82.003s][info][gc,phases,start] GC(273) Marking Phase
[84.001s][info][gc,phases      ] GC(273) Marking Phase 1998.170ms
[84.001s][info][gc,phases,start] GC(273) Summary Phase
[84.001s][info][gc,phases      ] GC(273) Summary Phase 0.146ms
[84.001s][info][gc,phases,start] GC(273) Adjust Roots
[84.001s][info][gc,phases      ] GC(273) Adjust Roots 0.321ms
[84.001s][info][gc,phases,start] GC(273) Compaction Phase
[84.544s][info][gc,phases      ] GC(273) Compaction Phase 543.043ms
[84.545s][info][gc,phases,start] GC(273) Post Compact
[84.558s][info][gc,phases      ] GC(273) Post Compact 13.332ms
[84.558s][info][gc,heap        ] GC(273) PSYoungGen: 93959K(245760K)->93959K(245760K) Eden: 84992K(84992K)->84992K(84992K) From: 8967K(160768K)->8967K(160768K)
[84.558s][info][gc,heap        ] GC(273) ParOldGen: 8737942K(8738304K)->8737942K(8738304K)
[84.558s][info][gc,metaspace   ] GC(273) Metaspace: 6302K(6464K)->6302K(6464K) NonClass: 5769K(5824K)->5769K(5824K) Class: 533K(640K)->533K(640K)
[84.558s][info][gc             ] GC(273) Pause Full (Ergonomics) 8624M->8624M(8773M) 2555.440ms
[84.558s][info][gc,cpu         ] GC(273) User=19.39s Sys=0.00s Real=2.56s
[84.558s][info][gc,start       ] GC(274) Pause Full (Ergonomics)
[84.558s][info][gc,phases,start] GC(274) Marking Phase
[86.560s][info][gc,phases      ] GC(274) Marking Phase 2001.528ms
[86.560s][info][gc,phases,start] GC(274) Summary Phase
[86.560s][info][gc,phases      ] GC(274) Summary Phase 0.136ms
[86.560s][info][gc,phases,start] GC(274) Adjust Roots
[86.560s][info][gc,phases      ] GC(274) Adjust Roots 0.292ms
[86.560s][info][gc,phases,start] GC(274) Compaction Phase
[87.077s][info][gc,phases      ] GC(274) Compaction Phase 516.405ms
[87.077s][info][gc,phases,start] GC(274) Post Compact
[87.090s][info][gc,phases      ] GC(274) Post Compact 13.367ms
[87.090s][info][gc,heap        ] GC(274) PSYoungGen: 93959K(245760K)->93959K(245760K) Eden: 84992K(84992K)->84992K(84992K) From: 8967K(160768K)->8967K(160768K)
[87.090s][info][gc,heap        ] GC(274) ParOldGen: 8737946K(8738304K)->8737946K(8738304K)
[87.090s][info][gc,metaspace   ] GC(274) Metaspace: 6302K(6464K)->6302K(6464K) NonClass: 5769K(5824K)->5769K(5824K) Class: 533K(640K)->533K(640K)
[87.090s][info][gc             ] GC(274) Pause Full (Ergonomics) 8624M->8624M(8773M) 2532.082ms
[87.090s][info][gc,cpu         ] GC(274) User=19.47s Sys=0.00s Real=2.53s
[87.090s][info][gc,start       ] GC(275) Pause Full (Ergonomics)
[87.091s][info][gc,phases,start] GC(275) Marking Phase
[89.048s][info][gc,phases      ] GC(275) Marking Phase 1957.380ms
[89.048s][info][gc,phases,start] GC(275) Summary Phase
[89.048s][info][gc,phases      ] GC(275) Summary Phase 0.153ms
[89.048s][info][gc,phases,start] GC(275) Adjust Roots
[89.048s][info][gc,phases      ] GC(275) Adjust Roots 0.298ms
[89.048s][info][gc,phases,start] GC(275) Compaction Phase
[89.565s][info][gc,phases      ] GC(275) Compaction Phase 516.315ms
[89.565s][info][gc,phases,start] GC(275) Post Compact
[89.577s][info][gc,phases      ] GC(275) Post Compact 12.566ms
[89.578s][info][gc,heap        ] GC(275) PSYoungGen: 93959K(245760K)->93959K(245760K) Eden: 84992K(84992K)->84992K(84992K) From: 8967K(160768K)->8967K(160768K)
[89.578s][info][gc,heap        ] GC(275) ParOldGen: 8737951K(8738304K)->8737951K(8738304K)
[89.578s][info][gc,metaspace   ] GC(275) Metaspace: 6302K(6464K)->6302K(6464K) NonClass: 5769K(5824K)->5769K(5824K) Class: 533K(640K)->533K(640K)
[89.578s][info][gc             ] GC(275) Pause Full (Ergonomics) 8624M->8624M(8773M) 2487.117ms
[89.578s][info][gc,cpu         ] GC(275) User=19.16s Sys=0.00s Real=2.49s
[89.578s][info][gc,start       ] GC(276) Pause Full (Ergonomics)
[89.578s][info][gc,phases,start] GC(276) Marking Phase
[91.569s][info][gc,phases      ] GC(276) Marking Phase 1991.011ms
[91.569s][info][gc,phases,start] GC(276) Summary Phase
[91.569s][info][gc,phases      ] GC(276) Summary Phase 0.127ms
[91.569s][info][gc,phases,start] GC(276) Adjust Roots
[91.569s][info][gc,phases      ] GC(276) Adjust Roots 0.252ms
[91.569s][info][gc,phases,start] GC(276) Compaction Phase
[92.085s][info][gc,phases      ] GC(276) Compaction Phase 515.388ms
[92.085s][info][gc,phases,start] GC(276) Post Compact
[92.097s][info][gc,phases      ] GC(276) Post Compact 12.264ms
[92.097s][info][gc,heap        ] GC(276) PSYoungGen: 93959K(245760K)->93959K(245760K) Eden: 84992K(84992K)->84992K(84992K) From: 8967K(160768K)->8967K(160768K)
[92.097s][info][gc,heap        ] GC(276) ParOldGen: 8737956K(8738304K)->8737956K(8738304K)
[92.097s][info][gc,metaspace   ] GC(276) Metaspace: 6302K(6464K)->6302K(6464K) NonClass: 5769K(5824K)->5769K(5824K) Class: 533K(640K)->533K(640K)
[92.097s][info][gc             ] GC(276) Pause Full (Ergonomics) 8624M->8624M(8773M) 2519.376ms
[92.097s][info][gc,cpu         ] GC(276) User=19.41s Sys=0.00s Real=2.52s
[92.097s][info][gc,start       ] GC(277) Pause Full (Ergonomics)
[92.097s][info][gc,phases,start] GC(277) Marking Phase
[94.054s][info][gc,phases      ] GC(277) Marking Phase 1956.510ms
[94.054s][info][gc,phases,start] GC(277) Summary Phase
[94.054s][info][gc,phases      ] GC(277) Summary Phase 0.095ms
[94.054s][info][gc,phases,start] GC(277) Adjust Roots
[94.054s][info][gc,phases      ] GC(277) Adjust Roots 0.198ms
[94.054s][info][gc,phases,start] GC(277) Compaction Phase
[94.602s][info][gc,phases      ] GC(277) Compaction Phase 547.425ms
[94.602s][info][gc,phases,start] GC(277) Post Compact
[94.615s][info][gc,phases      ] GC(277) Post Compact 12.731ms
[94.615s][info][gc,heap        ] GC(277) PSYoungGen: 93959K(245760K)->93959K(245760K) Eden: 84992K(84992K)->84992K(84992K) From: 8967K(160768K)->8967K(160768K)
[94.615s][info][gc,heap        ] GC(277) ParOldGen: 8737961K(8738304K)->8737961K(8738304K)
[94.615s][info][gc,metaspace   ] GC(277) Metaspace: 6302K(6464K)->6302K(6464K) NonClass: 5769K(5824K)->5769K(5824K) Class: 533K(640K)->533K(640K)
[94.615s][info][gc             ] GC(277) Pause Full (Ergonomics) 8624M->8624M(8773M) 2517.307ms
[94.615s][info][gc,cpu         ] GC(277) User=19.11s Sys=0.00s Real=2.52s
[94.615s][info][gc,start       ] GC(278) Pause Full (Ergonomics)
[94.615s][info][gc,phases,start] GC(278) Marking Phase
[96.591s][info][gc,phases      ] GC(278) Marking Phase 1975.753ms
[96.591s][info][gc,phases,start] GC(278) Summary Phase
[96.591s][info][gc,phases      ] GC(278) Summary Phase 0.083ms
[96.591s][info][gc,phases,start] GC(278) Adjust Roots
[96.591s][info][gc,phases      ] GC(278) Adjust Roots 0.169ms
[96.591s][info][gc,phases,start] GC(278) Compaction Phase
[97.104s][info][gc,phases      ] GC(278) Compaction Phase 512.930ms
[97.104s][info][gc,phases,start] GC(278) Post Compact
[97.116s][info][gc,phases      ] GC(278) Post Compact 11.899ms
[97.116s][info][gc,heap        ] GC(278) PSYoungGen: 93959K(245760K)->93959K(245760K) Eden: 84992K(84992K)->84992K(84992K) From: 8967K(160768K)->8967K(160768K)
[97.116s][info][gc,heap        ] GC(278) ParOldGen: 8737966K(8738304K)->8737966K(8738304K)
[97.116s][info][gc,metaspace   ] GC(278) Metaspace: 6302K(6464K)->6302K(6464K) NonClass: 5769K(5824K)->5769K(5824K) Class: 533K(640K)->533K(640K)
[97.116s][info][gc             ] GC(278) Pause Full (Ergonomics) 8624M->8624M(8773M) 2501.143ms
[97.116s][info][gc,cpu         ] GC(278) User=19.27s Sys=0.02s Real=2.50s
[97.116s][info][gc,start       ] GC(279) Pause Full (Ergonomics)
[97.116s][info][gc,phases,start] GC(279) Marking Phase
[99.284s][info][gc,phases      ] GC(279) Marking Phase 2167.303ms
[99.284s][info][gc,phases,start] GC(279) Summary Phase
[99.284s][info][gc,phases      ] GC(279) Summary Phase 0.092ms
[99.284s][info][gc,phases,start] GC(279) Adjust Roots
[99.284s][info][gc,phases      ] GC(279) Adjust Roots 0.214ms
[99.284s][info][gc,phases,start] GC(279) Compaction Phase
[99.788s][info][gc,phases      ] GC(279) Compaction Phase 504.004ms
[99.788s][info][gc,phases,start] GC(279) Post Compact
[99.799s][info][gc,phases      ] GC(279) Post Compact 10.784ms
[99.799s][info][gc,heap        ] GC(279) PSYoungGen: 93959K(245760K)->93959K(245760K) Eden: 84992K(84992K)->84992K(84992K) From: 8967K(160768K)->8967K(160768K)
[99.799s][info][gc,heap        ] GC(279) ParOldGen: 8737971K(8738304K)->8737971K(8738304K)
[99.799s][info][gc,metaspace   ] GC(279) Metaspace: 6302K(6464K)->6302K(6464K) NonClass: 5769K(5824K)->5769K(5824K) Class: 533K(640K)->533K(640K)
[99.799s][info][gc             ] GC(279) Pause Full (Ergonomics) 8624M->8624M(8773M) 2682.693ms
[99.799s][info][gc,cpu         ] GC(279) User=18.94s Sys=0.00s Real=2.68s
[99.799s][info][gc,start       ] GC(280) Pause Full (Ergonomics)
[99.799s][info][gc,phases,start] GC(280) Marking Phase
[101.789s][info][gc,phases      ] GC(280) Marking Phase 1990.297ms
[101.789s][info][gc,phases,start] GC(280) Summary Phase
[101.790s][info][gc,phases      ] GC(280) Summary Phase 0.083ms
[101.790s][info][gc,phases,start] GC(280) Adjust Roots
[101.790s][info][gc,phases      ] GC(280) Adjust Roots 0.165ms
[101.790s][info][gc,phases,start] GC(280) Compaction Phase
[102.310s][info][gc,phases      ] GC(280) Compaction Phase 520.153ms
[102.310s][info][gc,phases,start] GC(280) Post Compact
[102.322s][info][gc,phases      ] GC(280) Post Compact 12.289ms
[102.322s][info][gc,heap        ] GC(280) PSYoungGen: 93959K(245760K)->93959K(245760K) Eden: 84992K(84992K)->84992K(84992K) From: 8967K(160768K)->8967K(160768K)
[102.322s][info][gc,heap        ] GC(280) ParOldGen: 8737975K(8738304K)->8737975K(8738304K)
[102.322s][info][gc,metaspace   ] GC(280) Metaspace: 6302K(6464K)->6302K(6464K) NonClass: 5769K(5824K)->5769K(5824K) Class: 533K(640K)->533K(640K)
[102.322s][info][gc             ] GC(280) Pause Full (Ergonomics) 8624M->8624M(8773M) 2523.332ms
[102.322s][info][gc,cpu         ] GC(280) User=19.38s Sys=0.03s Real=2.52s
[102.323s][info][gc,start       ] GC(281) Pause Full (Ergonomics)
[102.323s][info][gc,phases,start] GC(281) Marking Phase
[104.300s][info][gc,phases      ] GC(281) Marking Phase 1977.844ms
[104.301s][info][gc,phases,start] GC(281) Summary Phase
[104.301s][info][gc,phases      ] GC(281) Summary Phase 0.088ms
[104.301s][info][gc,phases,start] GC(281) Adjust Roots
[104.301s][info][gc,phases      ] GC(281) Adjust Roots 0.209ms
[104.301s][info][gc,phases,start] GC(281) Compaction Phase
[104.814s][info][gc,phases      ] GC(281) Compaction Phase 512.688ms
[104.814s][info][gc,phases,start] GC(281) Post Compact
[104.825s][info][gc,phases      ] GC(281) Post Compact 11.329ms
[104.825s][info][gc,heap        ] GC(281) PSYoungGen: 93959K(245760K)->93959K(245760K) Eden: 84992K(84992K)->84992K(84992K) From: 8967K(160768K)->8967K(160768K)
[104.825s][info][gc,heap        ] GC(281) ParOldGen: 8737980K(8738304K)->8737980K(8738304K)
[104.825s][info][gc,metaspace   ] GC(281) Metaspace: 6302K(6464K)->6302K(6464K) NonClass: 5769K(5824K)->5769K(5824K) Class: 533K(640K)->533K(640K)
[104.825s][info][gc             ] GC(281) Pause Full (Ergonomics) 8624M->8624M(8773M) 2502.462ms
[104.825s][info][gc,cpu         ] GC(281) User=19.25s Sys=0.00s Real=2.50s
[104.825s][info][gc,start       ] GC(282) Pause Full (Ergonomics)
[104.825s][info][gc,phases,start] GC(282) Marking Phase
[106.810s][info][gc,phases      ] GC(282) Marking Phase 1984.839ms
[106.810s][info][gc,phases,start] GC(282) Summary Phase
[106.810s][info][gc,phases      ] GC(282) Summary Phase 0.085ms
[106.810s][info][gc,phases,start] GC(282) Adjust Roots
[106.810s][info][gc,phases      ] GC(282) Adjust Roots 0.191ms
[106.811s][info][gc,phases,start] GC(282) Compaction Phase
[107.349s][info][gc,phases      ] GC(282) Compaction Phase 538.879ms
[107.349s][info][gc,phases,start] GC(282) Post Compact
[107.363s][info][gc,phases      ] GC(282) Post Compact 13.049ms
[107.363s][info][gc,heap        ] GC(282) PSYoungGen: 93959K(245760K)->93959K(245760K) Eden: 84992K(84992K)->84992K(84992K) From: 8967K(160768K)->8967K(160768K)
[107.363s][info][gc,heap        ] GC(282) ParOldGen: 8737985K(8738304K)->8737985K(8738304K)
[107.363s][info][gc,metaspace   ] GC(282) Metaspace: 6302K(6464K)->6302K(6464K) NonClass: 5769K(5824K)->5769K(5824K) Class: 533K(640K)->533K(640K)
[107.363s][info][gc             ] GC(282) Pause Full (Ergonomics) 8624M->8624M(8773M) 2537.368ms
[107.363s][info][gc,cpu         ] GC(282) User=19.28s Sys=0.02s Real=2.54s
[107.363s][info][gc,start       ] GC(283) Pause Full (Ergonomics)
[107.363s][info][gc,phases,start] GC(283) Marking Phase
[109.367s][info][gc,phases      ] GC(283) Marking Phase 2004.540ms
[109.367s][info][gc,phases,start] GC(283) Summary Phase
[109.368s][info][gc,phases      ] GC(283) Summary Phase 0.092ms
[109.368s][info][gc,phases,start] GC(283) Adjust Roots
[109.368s][info][gc,phases      ] GC(283) Adjust Roots 0.225ms
[109.368s][info][gc,phases,start] GC(283) Compaction Phase
[109.880s][info][gc,phases      ] GC(283) Compaction Phase 512.496ms
[109.880s][info][gc,phases,start] GC(283) Post Compact
[109.892s][info][gc,phases      ] GC(283) Post Compact 11.655ms
[109.892s][info][gc,heap        ] GC(283) PSYoungGen: 93959K(245760K)->93959K(245760K) Eden: 84992K(84992K)->84992K(84992K) From: 8967K(160768K)->8967K(160768K)
[109.892s][info][gc,heap        ] GC(283) ParOldGen: 8737990K(8738304K)->8737990K(8738304K)
[109.892s][info][gc,metaspace   ] GC(283) Metaspace: 6302K(6464K)->6302K(6464K) NonClass: 5769K(5824K)->5769K(5824K) Class: 533K(640K)->533K(640K)
[109.892s][info][gc             ] GC(283) Pause Full (Ergonomics) 8624M->8624M(8773M) 2529.345ms
[109.892s][info][gc,cpu         ] GC(283) User=19.39s Sys=0.00s Real=2.53s
[109.892s][info][gc,start       ] GC(284) Pause Full (Ergonomics)
[109.892s][info][gc,phases,start] GC(284) Marking Phase
[111.875s][info][gc,phases      ] GC(284) Marking Phase 1982.367ms
[111.875s][info][gc,phases,start] GC(284) Summary Phase
[111.875s][info][gc,phases      ] GC(284) Summary Phase 0.083ms
[111.875s][info][gc,phases,start] GC(284) Adjust Roots
[111.875s][info][gc,phases      ] GC(284) Adjust Roots 0.167ms
[111.875s][info][gc,phases,start] GC(284) Compaction Phase
[112.406s][info][gc,phases      ] GC(284) Compaction Phase 531.109ms
[112.406s][info][gc,phases,start] GC(284) Post Compact
[112.419s][info][gc,phases      ] GC(284) Post Compact 12.884ms
[112.419s][info][gc,heap        ] GC(284) PSYoungGen: 93959K(245760K)->93959K(245760K) Eden: 84992K(84992K)->84992K(84992K) From: 8967K(160768K)->8967K(160768K)
[112.419s][info][gc,heap        ] GC(284) ParOldGen: 8737995K(8738304K)->8737995K(8738304K)
[112.419s][info][gc,metaspace   ] GC(284) Metaspace: 6302K(6464K)->6302K(6464K) NonClass: 5769K(5824K)->5769K(5824K) Class: 533K(640K)->533K(640K)
[112.419s][info][gc             ] GC(284) Pause Full (Ergonomics) 8624M->8624M(8773M) 2526.938ms
[112.419s][info][gc,cpu         ] GC(284) User=19.23s Sys=0.02s Real=2.53s
[112.419s][info][gc,start       ] GC(285) Pause Full (Ergonomics)
[112.420s][info][gc,phases,start] GC(285) Marking Phase
[114.409s][info][gc,phases      ] GC(285) Marking Phase 1989.057ms
[114.409s][info][gc,phases,start] GC(285) Summary Phase
[114.409s][info][gc,phases      ] GC(285) Summary Phase 0.093ms
[114.409s][info][gc,phases,start] GC(285) Adjust Roots
[114.409s][info][gc,phases      ] GC(285) Adjust Roots 0.213ms
[114.409s][info][gc,phases,start] GC(285) Compaction Phase
[114.915s][info][gc,phases      ] GC(285) Compaction Phase 505.716ms
[114.915s][info][gc,phases,start] GC(285) Post Compact
[114.926s][info][gc,phases      ] GC(285) Post Compact 11.434ms
[114.926s][info][gc,heap        ] GC(285) PSYoungGen: 93959K(245760K)->93959K(245760K) Eden: 84992K(84992K)->84992K(84992K) From: 8967K(160768K)->8967K(160768K)
[114.926s][info][gc,heap        ] GC(285) ParOldGen: 8738000K(8738304K)->8738000K(8738304K)
[114.926s][info][gc,metaspace   ] GC(285) Metaspace: 6302K(6464K)->6302K(6464K) NonClass: 5769K(5824K)->5769K(5824K) Class: 533K(640K)->533K(640K)
[114.926s][info][gc             ] GC(285) Pause Full (Ergonomics) 8624M->8624M(8773M) 2506.831ms
[114.926s][info][gc,cpu         ] GC(285) User=19.52s Sys=0.00s Real=2.51s
[114.927s][info][gc,start       ] GC(286) Pause Full (Ergonomics)
[114.927s][info][gc,phases,start] GC(286) Marking Phase
[116.916s][info][gc,phases      ] GC(286) Marking Phase 1989.323ms
[116.916s][info][gc,phases,start] GC(286) Summary Phase
[116.916s][info][gc,phases      ] GC(286) Summary Phase 0.127ms
[116.916s][info][gc,phases,start] GC(286) Adjust Roots
[116.916s][info][gc,phases      ] GC(286) Adjust Roots 0.273ms
[116.916s][info][gc,phases,start] GC(286) Compaction Phase
[117.460s][info][gc,phases      ] GC(286) Compaction Phase 543.188ms
[117.460s][info][gc,phases,start] GC(286) Post Compact
[117.472s][info][gc,phases      ] GC(286) Post Compact 12.700ms
[117.472s][info][gc,heap        ] GC(286) PSYoungGen: 93959K(245760K)->93959K(245760K) Eden: 84992K(84992K)->84992K(84992K) From: 8967K(160768K)->8967K(160768K)
[117.472s][info][gc,heap        ] GC(286) ParOldGen: 8738004K(8738304K)->8738004K(8738304K)
[117.472s][info][gc,metaspace   ] GC(286) Metaspace: 6302K(6464K)->6302K(6464K) NonClass: 5769K(5824K)->5769K(5824K) Class: 533K(640K)->533K(640K)
[117.472s][info][gc             ] GC(286) Pause Full (Ergonomics) 8624M->8624M(8773M) 2545.964ms
[117.472s][info][gc,cpu         ] GC(286) User=19.44s Sys=0.00s Real=2.55s
[117.473s][info][gc,start       ] GC(287) Pause Full (Ergonomics)
[117.473s][info][gc,phases,start] GC(287) Marking Phase
[119.476s][info][gc,phases      ] GC(287) Marking Phase 2002.924ms
[119.476s][info][gc,phases,start] GC(287) Summary Phase
[119.476s][info][gc,phases      ] GC(287) Summary Phase 0.139ms
[119.476s][info][gc,phases,start] GC(287) Adjust Roots
[119.476s][info][gc,phases      ] GC(287) Adjust Roots 0.225ms
[119.476s][info][gc,phases,start] GC(287) Compaction Phase
[120.021s][info][gc,phases      ] GC(287) Compaction Phase 544.436ms
[120.021s][info][gc,phases,start] GC(287) Post Compact
[120.034s][info][gc,phases      ] GC(287) Post Compact 13.816ms
[120.035s][info][gc,heap        ] GC(287) PSYoungGen: 93959K(245760K)->93959K(245760K) Eden: 84992K(84992K)->84992K(84992K) From: 8967K(160768K)->8967K(160768K)
[120.035s][info][gc,heap        ] GC(287) ParOldGen: 8738009K(8738304K)->8738009K(8738304K)
[120.035s][info][gc,metaspace   ] GC(287) Metaspace: 6302K(6464K)->6302K(6464K) NonClass: 5769K(5824K)->5769K(5824K) Class: 533K(640K)->533K(640K)
[120.035s][info][gc             ] GC(287) Pause Full (Ergonomics) 8624M->8624M(8773M) 2561.925ms
[120.035s][info][gc,cpu         ] GC(287) User=19.45s Sys=0.00s Real=2.56s
[120.035s][info][gc,start       ] GC(288) Pause Full (Ergonomics)
[120.035s][info][gc,phases,start] GC(288) Marking Phase
[122.015s][info][gc,phases      ] GC(288) Marking Phase 1980.200ms
[122.015s][info][gc,phases,start] GC(288) Summary Phase
[122.015s][info][gc,phases      ] GC(288) Summary Phase 0.114ms
[122.015s][info][gc,phases,start] GC(288) Adjust Roots
[122.015s][info][gc,phases      ] GC(288) Adjust Roots 0.228ms
[122.016s][info][gc,phases,start] GC(288) Compaction Phase
[122.558s][info][gc,phases      ] GC(288) Compaction Phase 542.427ms
[122.558s][info][gc,phases,start] GC(288) Post Compact
[122.572s][info][gc,phases      ] GC(288) Post Compact 13.683ms
[122.572s][info][gc,heap        ] GC(288) PSYoungGen: 93959K(245760K)->93959K(245760K) Eden: 84992K(84992K)->84992K(84992K) From: 8967K(160768K)->8967K(160768K)
[122.572s][info][gc,heap        ] GC(288) ParOldGen: 8738014K(8738304K)->8738014K(8738304K)
[122.572s][info][gc,metaspace   ] GC(288) Metaspace: 6302K(6464K)->6302K(6464K) NonClass: 5769K(5824K)->5769K(5824K) Class: 533K(640K)->533K(640K)
[122.572s][info][gc             ] GC(288) Pause Full (Ergonomics) 8624M->8624M(8773M) 2537.047ms
[122.572s][info][gc,cpu         ] GC(288) User=19.25s Sys=0.00s Real=2.54s
[122.572s][info][gc,start       ] GC(289) Pause Full (Ergonomics)
[122.572s][info][gc,phases,start] GC(289) Marking Phase
[124.544s][info][gc,phases      ] GC(289) Marking Phase 1972.054ms
[124.544s][info][gc,phases,start] GC(289) Summary Phase
[124.544s][info][gc,phases      ] GC(289) Summary Phase 0.140ms
[124.544s][info][gc,phases,start] GC(289) Adjust Roots
[124.545s][info][gc,phases      ] GC(289) Adjust Roots 0.247ms
[124.545s][info][gc,phases,start] GC(289) Compaction Phase
[125.082s][info][gc,phases      ] GC(289) Compaction Phase 537.213ms
[125.082s][info][gc,phases,start] GC(289) Post Compact
[125.095s][info][gc,phases      ] GC(289) Post Compact 13.286ms
[125.095s][info][gc,heap        ] GC(289) PSYoungGen: 93959K(245760K)->93959K(245760K) Eden: 84992K(84992K)->84992K(84992K) From: 8967K(160768K)->8967K(160768K)
[125.095s][info][gc,heap        ] GC(289) ParOldGen: 8738019K(8738304K)->8738019K(8738304K)
[125.095s][info][gc,metaspace   ] GC(289) Metaspace: 6302K(6464K)->6302K(6464K) NonClass: 5769K(5824K)->5769K(5824K) Class: 533K(640K)->533K(640K)
[125.095s][info][gc             ] GC(289) Pause Full (Ergonomics) 8624M->8624M(8773M) 2523.357ms
[125.095s][info][gc,cpu         ] GC(289) User=19.20s Sys=0.00s Real=2.52s
[125.096s][info][gc,start       ] GC(290) Pause Full (Ergonomics)
[125.096s][info][gc,phases,start] GC(290) Marking Phase
[127.121s][info][gc,phases      ] GC(290) Marking Phase 2025.447ms
[127.121s][info][gc,phases,start] GC(290) Summary Phase
[127.121s][info][gc,phases      ] GC(290) Summary Phase 0.113ms
[127.121s][info][gc,phases,start] GC(290) Adjust Roots
[127.122s][info][gc,phases      ] GC(290) Adjust Roots 0.172ms
[127.122s][info][gc,phases,start] GC(290) Compaction Phase
[127.663s][info][gc,phases      ] GC(290) Compaction Phase 541.356ms
[127.663s][info][gc,phases,start] GC(290) Post Compact
[127.677s][info][gc,phases      ] GC(290) Post Compact 13.782ms
[127.677s][info][gc,heap        ] GC(290) PSYoungGen: 93959K(245760K)->93959K(245760K) Eden: 84992K(84992K)->84992K(84992K) From: 8967K(160768K)->8967K(160768K)
[127.677s][info][gc,heap        ] GC(290) ParOldGen: 8738024K(8738304K)->8738024K(8738304K)
[127.677s][info][gc,metaspace   ] GC(290) Metaspace: 6302K(6464K)->6302K(6464K) NonClass: 5769K(5824K)->5769K(5824K) Class: 533K(640K)->533K(640K)
[127.677s][info][gc             ] GC(290) Pause Full (Ergonomics) 8624M->8624M(8773M) 2581.259ms
[127.677s][info][gc,cpu         ] GC(290) User=19.44s Sys=0.00s Real=2.58s
[127.677s][info][gc,start       ] GC(291) Pause Full (Ergonomics)
[127.677s][info][gc,phases,start] GC(291) Marking Phase
[129.683s][info][gc,phases      ] GC(291) Marking Phase 2005.978ms
[129.683s][info][gc,phases,start] GC(291) Summary Phase
[129.683s][info][gc,phases      ] GC(291) Summary Phase 0.089ms
[129.683s][info][gc,phases,start] GC(291) Adjust Roots
[129.683s][info][gc,phases      ] GC(291) Adjust Roots 0.183ms
[129.684s][info][gc,phases,start] GC(291) Compaction Phase
[130.210s][info][gc,phases      ] GC(291) Compaction Phase 526.926ms
[130.211s][info][gc,phases,start] GC(291) Post Compact
[130.224s][info][gc,phases      ] GC(291) Post Compact 13.154ms
[130.224s][info][gc,heap        ] GC(291) PSYoungGen: 93959K(245760K)->93959K(245760K) Eden: 84992K(84992K)->84992K(84992K) From: 8967K(160768K)->8967K(160768K)
[130.224s][info][gc,heap        ] GC(291) ParOldGen: 8738029K(8738304K)->8738029K(8738304K)
[130.224s][info][gc,metaspace   ] GC(291) Metaspace: 6302K(6464K)->6302K(6464K) NonClass: 5769K(5824K)->5769K(5824K) Class: 533K(640K)->533K(640K)
[130.224s][info][gc             ] GC(291) Pause Full (Ergonomics) 8624M->8624M(8773M) 2546.692ms
[130.224s][info][gc,cpu         ] GC(291) User=19.55s Sys=0.00s Real=2.55s
[130.224s][info][gc,start       ] GC(292) Pause Full (Ergonomics)
[130.224s][info][gc,phases,start] GC(292) Marking Phase
[132.210s][info][gc,phases      ] GC(292) Marking Phase 1985.916ms
[132.210s][info][gc,phases,start] GC(292) Summary Phase
[132.210s][info][gc,phases      ] GC(292) Summary Phase 0.091ms
[132.210s][info][gc,phases,start] GC(292) Adjust Roots
[132.210s][info][gc,phases      ] GC(292) Adjust Roots 0.194ms
[132.210s][info][gc,phases,start] GC(292) Compaction Phase
[132.752s][info][gc,phases      ] GC(292) Compaction Phase 541.985ms
[132.752s][info][gc,phases,start] GC(292) Post Compact
[132.766s][info][gc,phases      ] GC(292) Post Compact 14.015ms
[132.767s][info][gc,heap        ] GC(292) PSYoungGen: 93959K(245760K)->93959K(245760K) Eden: 84992K(84992K)->84992K(84992K) From: 8967K(160768K)->8967K(160768K)
[132.767s][info][gc,heap        ] GC(292) ParOldGen: 8738033K(8738304K)->8738033K(8738304K)
[132.767s][info][gc,metaspace   ] GC(292) Metaspace: 6302K(6464K)->6302K(6464K) NonClass: 5769K(5824K)->5769K(5824K) Class: 533K(640K)->533K(640K)
[132.767s][info][gc             ] GC(292) Pause Full (Ergonomics) 8624M->8624M(8773M) 2542.588ms
[132.767s][info][gc,cpu         ] GC(292) User=19.39s Sys=0.00s Real=2.54s
[132.767s][info][gc,start       ] GC(293) Pause Full (Ergonomics)
[132.767s][info][gc,phases,start] GC(293) Marking Phase
[134.761s][info][gc,phases      ] GC(293) Marking Phase 1993.726ms
[134.761s][info][gc,phases,start] GC(293) Summary Phase
[134.761s][info][gc,phases      ] GC(293) Summary Phase 0.088ms
[134.761s][info][gc,phases,start] GC(293) Adjust Roots
[134.761s][info][gc,phases      ] GC(293) Adjust Roots 0.193ms
[134.761s][info][gc,phases,start] GC(293) Compaction Phase
[135.272s][info][gc,phases      ] GC(293) Compaction Phase 510.912ms
[135.272s][info][gc,phases,start] GC(293) Post Compact
[135.285s][info][gc,phases      ] GC(293) Post Compact 12.550ms
[135.285s][info][gc,heap        ] GC(293) PSYoungGen: 93959K(245760K)->93959K(245760K) Eden: 84992K(84992K)->84992K(84992K) From: 8967K(160768K)->8967K(160768K)
[135.285s][info][gc,heap        ] GC(293) ParOldGen: 8738038K(8738304K)->8738038K(8738304K)
[135.285s][info][gc,metaspace   ] GC(293) Metaspace: 6302K(6464K)->6302K(6464K) NonClass: 5769K(5824K)->5769K(5824K) Class: 533K(640K)->533K(640K)
[135.285s][info][gc             ] GC(293) Pause Full (Ergonomics) 8624M->8624M(8773M) 2517.805ms
[135.285s][info][gc,cpu         ] GC(293) User=19.39s Sys=0.00s Real=2.52s
[135.285s][info][gc,start       ] GC(294) Pause Full (Ergonomics)
[135.285s][info][gc,phases,start] GC(294) Marking Phase
[137.271s][info][gc,phases      ] GC(294) Marking Phase 1986.285ms
[137.271s][info][gc,phases,start] GC(294) Summary Phase
[137.271s][info][gc,phases      ] GC(294) Summary Phase 0.086ms
[137.271s][info][gc,phases,start] GC(294) Adjust Roots
[137.272s][info][gc,phases      ] GC(294) Adjust Roots 0.175ms
[137.272s][info][gc,phases,start] GC(294) Compaction Phase
[137.814s][info][gc,phases      ] GC(294) Compaction Phase 542.600ms
[137.814s][info][gc,phases,start] GC(294) Post Compact
[137.828s][info][gc,phases      ] GC(294) Post Compact 13.475ms
[137.828s][info][gc,heap        ] GC(294) PSYoungGen: 93959K(245760K)->93959K(245760K) Eden: 84992K(84992K)->84992K(84992K) From: 8967K(160768K)->8967K(160768K)
[137.828s][info][gc,heap        ] GC(294) ParOldGen: 8738043K(8738304K)->8738043K(8738304K)
[137.828s][info][gc,metaspace   ] GC(294) Metaspace: 6302K(6464K)->6302K(6464K) NonClass: 5769K(5824K)->5769K(5824K) Class: 533K(640K)->533K(640K)
[137.828s][info][gc             ] GC(294) Pause Full (Ergonomics) 8625M->8625M(8773M) 2542.956ms
[137.828s][info][gc,cpu         ] GC(294) User=19.39s Sys=0.00s Real=2.54s
[137.828s][info][gc,start       ] GC(295) Pause Full (Ergonomics)
[137.828s][info][gc,phases,start] GC(295) Marking Phase
[139.828s][info][gc,phases      ] GC(295) Marking Phase 1999.612ms
[139.828s][info][gc,phases,start] GC(295) Summary Phase
[139.828s][info][gc,phases      ] GC(295) Summary Phase 0.084ms
[139.828s][info][gc,phases,start] GC(295) Adjust Roots
[139.828s][info][gc,phases      ] GC(295) Adjust Roots 0.188ms
[139.828s][info][gc,phases,start] GC(295) Compaction Phase
[140.342s][info][gc,phases      ] GC(295) Compaction Phase 513.859ms
[140.342s][info][gc,phases,start] GC(295) Post Compact
[140.355s][info][gc,phases      ] GC(295) Post Compact 12.741ms
[140.355s][info][gc,heap        ] GC(295) PSYoungGen: 93959K(245760K)->93959K(245760K) Eden: 84992K(84992K)->84992K(84992K) From: 8967K(160768K)->8967K(160768K)
[140.355s][info][gc,heap        ] GC(295) ParOldGen: 8738048K(8738304K)->8738048K(8738304K)
[140.355s][info][gc,metaspace   ] GC(295) Metaspace: 6302K(6464K)->6302K(6464K) NonClass: 5769K(5824K)->5769K(5824K) Class: 533K(640K)->533K(640K)
[140.355s][info][gc             ] GC(295) Pause Full (Ergonomics) 8625M->8625M(8773M) 2526.804ms
[140.355s][info][gc,cpu         ] GC(295) User=19.33s Sys=0.00s Real=2.53s
[140.355s][info][gc,start       ] GC(296) Pause Full (Ergonomics)
[140.355s][info][gc,phases,start] GC(296) Marking Phase
[142.369s][info][gc,phases      ] GC(296) Marking Phase 2013.497ms
[142.369s][info][gc,phases,start] GC(296) Summary Phase
[142.369s][info][gc,phases      ] GC(296) Summary Phase 0.091ms
[142.369s][info][gc,phases,start] GC(296) Adjust Roots
[142.369s][info][gc,phases      ] GC(296) Adjust Roots 0.177ms
[142.369s][info][gc,phases,start] GC(296) Compaction Phase
[142.886s][info][gc,phases      ] GC(296) Compaction Phase 517.194ms
[142.886s][info][gc,phases,start] GC(296) Post Compact
[142.899s][info][gc,phases      ] GC(296) Post Compact 12.828ms
[142.899s][info][gc,heap        ] GC(296) PSYoungGen: 93959K(245760K)->93959K(245760K) Eden: 84992K(84992K)->84992K(84992K) From: 8967K(160768K)->8967K(160768K)
[142.899s][info][gc,heap        ] GC(296) ParOldGen: 8738053K(8738304K)->8738053K(8738304K)
[142.899s][info][gc,metaspace   ] GC(296) Metaspace: 6302K(6464K)->6302K(6464K) NonClass: 5769K(5824K)->5769K(5824K) Class: 533K(640K)->533K(640K)
[142.899s][info][gc             ] GC(296) Pause Full (Ergonomics) 8625M->8625M(8773M) 2544.136ms
[142.899s][info][gc,cpu         ] GC(296) User=19.67s Sys=0.00s Real=2.54s
[142.899s][info][gc,start       ] GC(297) Pause Full (Ergonomics)
[142.899s][info][gc,phases,start] GC(297) Marking Phase
[144.892s][info][gc,phases      ] GC(297) Marking Phase 1992.827ms
[144.892s][info][gc,phases,start] GC(297) Summary Phase
[144.892s][info][gc,phases      ] GC(297) Summary Phase 0.087ms
[144.892s][info][gc,phases,start] GC(297) Adjust Roots
[144.893s][info][gc,phases      ] GC(297) Adjust Roots 0.171ms
[144.893s][info][gc,phases,start] GC(297) Compaction Phase
[145.428s][info][gc,phases      ] GC(297) Compaction Phase 535.471ms
[145.428s][info][gc,phases,start] GC(297) Post Compact
[145.442s][info][gc,phases      ] GC(297) Post Compact 13.917ms
[145.442s][info][gc,heap        ] GC(297) PSYoungGen: 93959K(245760K)->93959K(245760K) Eden: 84992K(84992K)->84992K(84992K) From: 8967K(160768K)->8967K(160768K)
[145.442s][info][gc,heap        ] GC(297) ParOldGen: 8738058K(8738304K)->8738058K(8738304K)
[145.442s][info][gc,metaspace   ] GC(297) Metaspace: 6302K(6464K)->6302K(6464K) NonClass: 5769K(5824K)->5769K(5824K) Class: 533K(640K)->533K(640K)
[145.442s][info][gc             ] GC(297) Pause Full (Ergonomics) 8625M->8625M(8773M) 2542.824ms
[145.442s][info][gc,cpu         ] GC(297) User=19.25s Sys=0.00s Real=2.54s
[145.442s][info][gc,start       ] GC(298) Pause Full (Ergonomics)
[145.442s][info][gc,phases,start] GC(298) Marking Phase
[147.420s][info][gc,phases      ] GC(298) Marking Phase 1977.935ms
[147.420s][info][gc,phases,start] GC(298) Summary Phase
[147.420s][info][gc,phases      ] GC(298) Summary Phase 0.092ms
[147.421s][info][gc,phases,start] GC(298) Adjust Roots
[147.421s][info][gc,phases      ] GC(298) Adjust Roots 0.207ms
[147.421s][info][gc,phases,start] GC(298) Compaction Phase
[147.965s][info][gc,phases      ] GC(298) Compaction Phase 543.960ms
[147.965s][info][gc,phases,start] GC(298) Post Compact
[147.979s][info][gc,phases      ] GC(298) Post Compact 13.863ms
[147.979s][info][gc,heap        ] GC(298) PSYoungGen: 93959K(245760K)->93959K(245760K) Eden: 84992K(84992K)->84992K(84992K) From: 8967K(160768K)->8967K(160768K)
[147.979s][info][gc,heap        ] GC(298) ParOldGen: 8738062K(8738304K)->8738062K(8738304K)
[147.979s][info][gc,metaspace   ] GC(298) Metaspace: 6302K(6464K)->6302K(6464K) NonClass: 5769K(5824K)->5769K(5824K) Class: 533K(640K)->533K(640K)
[147.979s][info][gc             ] GC(298) Pause Full (Ergonomics) 8625M->8625M(8773M) 2536.435ms
[147.979s][info][gc,cpu         ] GC(298) User=19.19s Sys=0.02s Real=2.54s
[147.979s][info][gc,start       ] GC(299) Pause Full (Ergonomics)
[147.979s][info][gc,phases,start] GC(299) Marking Phase
[149.946s][info][gc,phases      ] GC(299) Marking Phase 1967.436ms
[149.947s][info][gc,phases,start] GC(299) Summary Phase
[149.947s][info][gc,phases      ] GC(299) Summary Phase 0.100ms
[149.947s][info][gc,phases,start] GC(299) Adjust Roots
[149.947s][info][gc,phases      ] GC(299) Adjust Roots 0.240ms
[149.947s][info][gc,phases,start] GC(299) Compaction Phase
[150.466s][info][gc,phases      ] GC(299) Compaction Phase 518.829ms
[150.466s][info][gc,phases,start] GC(299) Post Compact
[150.479s][info][gc,phases      ] GC(299) Post Compact 12.897ms
[150.479s][info][gc,heap        ] GC(299) PSYoungGen: 93959K(245760K)->93959K(245760K) Eden: 84992K(84992K)->84992K(84992K) From: 8967K(160768K)->8967K(160768K)
[150.479s][info][gc,heap        ] GC(299) ParOldGen: 8738067K(8738304K)->8738067K(8738304K)
[150.479s][info][gc,metaspace   ] GC(299) Metaspace: 6302K(6464K)->6302K(6464K) NonClass: 5769K(5824K)->5769K(5824K) Class: 533K(640K)->533K(640K)
[150.479s][info][gc             ] GC(299) Pause Full (Ergonomics) 8625M->8625M(8773M) 2499.852ms
[150.479s][info][gc,cpu         ] GC(299) User=19.25s Sys=0.00s Real=2.50s
[150.479s][info][gc,start       ] GC(300) Pause Full (Ergonomics)
[150.479s][info][gc,phases,start] GC(300) Marking Phase
[152.446s][info][gc,phases      ] GC(300) Marking Phase 1967.335ms
[152.446s][info][gc,phases,start] GC(300) Summary Phase
[152.447s][info][gc,phases      ] GC(300) Summary Phase 0.139ms
[152.447s][info][gc,phases,start] GC(300) Adjust Roots
[152.447s][info][gc,phases      ] GC(300) Adjust Roots 0.215ms
[152.447s][info][gc,phases,start] GC(300) Compaction Phase
[152.976s][info][gc,phases      ] GC(300) Compaction Phase 529.232ms
[152.976s][info][gc,phases,start] GC(300) Post Compact
[152.990s][info][gc,phases      ] GC(300) Post Compact 13.684ms
[152.990s][info][gc,heap        ] GC(300) PSYoungGen: 93959K(245760K)->93959K(245760K) Eden: 84992K(84992K)->84992K(84992K) From: 8967K(160768K)->8967K(160768K)
[152.990s][info][gc,heap        ] GC(300) ParOldGen: 8738072K(8738304K)->8738072K(8738304K)
[152.990s][info][gc,metaspace   ] GC(300) Metaspace: 6302K(6464K)->6302K(6464K) NonClass: 5769K(5824K)->5769K(5824K) Class: 533K(640K)->533K(640K)
[152.990s][info][gc             ] GC(300) Pause Full (Ergonomics) 8625M->8625M(8773M) 2510.950ms
[152.990s][info][gc,cpu         ] GC(300) User=19.14s Sys=0.00s Real=2.51s
[152.990s][info][gc,start       ] GC(301) Pause Full (Ergonomics)
[152.990s][info][gc,phases,start] GC(301) Marking Phase
[154.975s][info][gc,phases      ] GC(301) Marking Phase 1985.078ms
[154.975s][info][gc,phases,start] GC(301) Summary Phase
[154.975s][info][gc,phases      ] GC(301) Summary Phase 0.094ms
[154.975s][info][gc,phases,start] GC(301) Adjust Roots
[154.976s][info][gc,phases      ] GC(301) Adjust Roots 0.182ms
[154.976s][info][gc,phases,start] GC(301) Compaction Phase
[155.506s][info][gc,phases      ] GC(301) Compaction Phase 530.736ms
[155.507s][info][gc,phases,start] GC(301) Post Compact
[155.520s][info][gc,phases      ] GC(301) Post Compact 13.641ms
[155.520s][info][gc,heap        ] GC(301) PSYoungGen: 93959K(245760K)->93959K(245760K) Eden: 84992K(84992K)->84992K(84992K) From: 8967K(160768K)->8967K(160768K)
[155.520s][info][gc,heap        ] GC(301) ParOldGen: 8738077K(8738304K)->8738077K(8738304K)
[155.520s][info][gc,metaspace   ] GC(301) Metaspace: 6302K(6464K)->6302K(6464K) NonClass: 5769K(5824K)->5769K(5824K) Class: 533K(640K)->533K(640K)
[155.520s][info][gc             ] GC(301) Pause Full (Ergonomics) 8625M->8625M(8773M) 2530.102ms
[155.520s][info][gc,cpu         ] GC(301) User=19.25s Sys=0.00s Real=2.53s
[155.521s][info][gc,start       ] GC(302) Pause Full (Ergonomics)
[155.521s][info][gc,phases,start] GC(302) Marking Phase
[157.486s][info][gc,phases      ] GC(302) Marking Phase 1965.433ms
[157.486s][info][gc,phases,start] GC(302) Summary Phase
[157.486s][info][gc,phases      ] GC(302) Summary Phase 0.113ms
[157.486s][info][gc,phases,start] GC(302) Adjust Roots
[157.486s][info][gc,phases      ] GC(302) Adjust Roots 0.213ms
[157.486s][info][gc,phases,start] GC(302) Compaction Phase
[158.010s][info][gc,phases      ] GC(302) Compaction Phase 523.461ms
[158.010s][info][gc,phases,start] GC(302) Post Compact
[158.023s][info][gc,phases      ] GC(302) Post Compact 13.485ms
[158.024s][info][gc,heap        ] GC(302) PSYoungGen: 93959K(245760K)->93959K(245760K) Eden: 84992K(84992K)->84992K(84992K) From: 8967K(160768K)->8967K(160768K)
[158.024s][info][gc,heap        ] GC(302) ParOldGen: 8738082K(8738304K)->8738082K(8738304K)
[158.024s][info][gc,metaspace   ] GC(302) Metaspace: 6302K(6464K)->6302K(6464K) NonClass: 5769K(5824K)->5769K(5824K) Class: 533K(640K)->533K(640K)
[158.024s][info][gc             ] GC(302) Pause Full (Ergonomics) 8625M->8625M(8773M) 2503.101ms
[158.024s][info][gc,cpu         ] GC(302) User=19.22s Sys=0.00s Real=2.50s
[158.024s][info][gc,start       ] GC(303) Pause Full (Ergonomics)
[158.024s][info][gc,phases,start] GC(303) Marking Phase
[160.001s][info][gc,phases      ] GC(303) Marking Phase 1977.177ms
[160.001s][info][gc,phases,start] GC(303) Summary Phase
[160.001s][info][gc,phases      ] GC(303) Summary Phase 0.102ms
[160.001s][info][gc,phases,start] GC(303) Adjust Roots
[160.001s][info][gc,phases      ] GC(303) Adjust Roots 0.231ms
[160.001s][info][gc,phases,start] GC(303) Compaction Phase
[160.533s][info][gc,phases      ] GC(303) Compaction Phase 531.313ms
[160.533s][info][gc,phases,start] GC(303) Post Compact
[160.546s][info][gc,phases      ] GC(303) Post Compact 13.007ms
[160.546s][info][gc,heap        ] GC(303) PSYoungGen: 93959K(245760K)->93959K(245760K) Eden: 84992K(84992K)->84992K(84992K) From: 8967K(160768K)->8967K(160768K)
[160.546s][info][gc,heap        ] GC(303) ParOldGen: 8738087K(8738304K)->8738087K(8738304K)
[160.546s][info][gc,metaspace   ] GC(303) Metaspace: 6302K(6464K)->6302K(6464K) NonClass: 5769K(5824K)->5769K(5824K) Class: 533K(640K)->533K(640K)
[160.546s][info][gc             ] GC(303) Pause Full (Ergonomics) 8625M->8625M(8773M) 2522.182ms
[160.546s][info][gc,cpu         ] GC(303) User=19.25s Sys=0.02s Real=2.52s
[160.546s][info][gc,start       ] GC(304) Pause Full (Ergonomics)
[160.546s][info][gc,phases,start] GC(304) Marking Phase
[162.523s][info][gc,phases      ] GC(304) Marking Phase 1976.908ms
[162.523s][info][gc,phases,start] GC(304) Summary Phase
[162.523s][info][gc,phases      ] GC(304) Summary Phase 0.091ms
[162.523s][info][gc,phases,start] GC(304) Adjust Roots
[162.524s][info][gc,phases      ] GC(304) Adjust Roots 0.217ms
[162.524s][info][gc,phases,start] GC(304) Compaction Phase
[163.041s][info][gc,phases      ] GC(304) Compaction Phase 517.019ms
[163.041s][info][gc,phases,start] GC(304) Post Compact
[163.053s][info][gc,phases      ] GC(304) Post Compact 12.515ms
[163.053s][info][gc,heap        ] GC(304) PSYoungGen: 93959K(245760K)->93959K(245760K) Eden: 84992K(84992K)->84992K(84992K) From: 8967K(160768K)->8967K(160768K)
[163.053s][info][gc,heap        ] GC(304) ParOldGen: 8738091K(8738304K)->8738091K(8738304K)
[163.053s][info][gc,metaspace   ] GC(304) Metaspace: 6302K(6464K)->6302K(6464K) NonClass: 5769K(5824K)->5769K(5824K) Class: 533K(640K)->533K(640K)
[163.053s][info][gc             ] GC(304) Pause Full (Ergonomics) 8625M->8625M(8773M) 2507.087ms
[163.053s][info][gc,cpu         ] GC(304) User=19.34s Sys=0.00s Real=2.51s
[163.054s][info][gc,start       ] GC(305) Pause Full (Ergonomics)
[163.054s][info][gc,phases,start] GC(305) Marking Phase
[165.027s][info][gc,phases      ] GC(305) Marking Phase 1973.542ms
[165.027s][info][gc,phases,start] GC(305) Summary Phase
[165.027s][info][gc,phases      ] GC(305) Summary Phase 0.093ms
[165.027s][info][gc,phases,start] GC(305) Adjust Roots
[165.027s][info][gc,phases      ] GC(305) Adjust Roots 0.217ms
[165.028s][info][gc,phases,start] GC(305) Compaction Phase
[165.561s][info][gc,phases      ] GC(305) Compaction Phase 533.765ms
[165.561s][info][gc,phases,start] GC(305) Post Compact
[165.575s][info][gc,phases      ] GC(305) Post Compact 13.621ms
[165.575s][info][gc,heap        ] GC(305) PSYoungGen: 93959K(245760K)->93959K(245760K) Eden: 84992K(84992K)->84992K(84992K) From: 8967K(160768K)->8967K(160768K)
[165.575s][info][gc,heap        ] GC(305) ParOldGen: 8738096K(8738304K)->8738096K(8738304K)
[165.575s][info][gc,metaspace   ] GC(305) Metaspace: 6302K(6464K)->6302K(6464K) NonClass: 5769K(5824K)->5769K(5824K) Class: 533K(640K)->533K(640K)
[165.575s][info][gc             ] GC(305) Pause Full (Ergonomics) 8625M->8625M(8773M) 2521.594ms
[165.575s][info][gc,cpu         ] GC(305) User=19.22s Sys=0.02s Real=2.52s
[165.575s][info][gc,start       ] GC(306) Pause Full (Ergonomics)
[165.575s][info][gc,phases,start] GC(306) Marking Phase
[167.575s][info][gc,phases      ] GC(306) Marking Phase 1999.279ms
[167.575s][info][gc,phases,start] GC(306) Summary Phase
[167.575s][info][gc,phases      ] GC(306) Summary Phase 0.097ms
[167.575s][info][gc,phases,start] GC(306) Adjust Roots
[167.575s][info][gc,phases      ] GC(306) Adjust Roots 0.176ms
[167.575s][info][gc,phases,start] GC(306) Compaction Phase
[168.094s][info][gc,phases      ] GC(306) Compaction Phase 519.161ms
[168.094s][info][gc,phases,start] GC(306) Post Compact
[168.107s][info][gc,phases      ] GC(306) Post Compact 13.166ms
[168.108s][info][gc,heap        ] GC(306) PSYoungGen: 93959K(245760K)->93959K(245760K) Eden: 84992K(84992K)->84992K(84992K) From: 8967K(160768K)->8967K(160768K)
[168.108s][info][gc,heap        ] GC(306) ParOldGen: 8738101K(8738304K)->8738101K(8738304K)
[168.108s][info][gc,metaspace   ] GC(306) Metaspace: 6302K(6464K)->6302K(6464K) NonClass: 5769K(5824K)->5769K(5824K) Class: 533K(640K)->533K(640K)
[168.108s][info][gc             ] GC(306) Pause Full (Ergonomics) 8625M->8625M(8773M) 2532.273ms
[168.108s][info][gc,cpu         ] GC(306) User=19.53s Sys=0.00s Real=2.53s
[168.108s][info][gc,start       ] GC(307) Pause Full (Ergonomics)
[168.108s][info][gc,phases,start] GC(307) Marking Phase
[170.100s][info][gc,phases      ] GC(307) Marking Phase 1991.776ms
[170.100s][info][gc,phases,start] GC(307) Summary Phase
[170.100s][info][gc,phases      ] GC(307) Summary Phase 0.085ms
[170.100s][info][gc,phases,start] GC(307) Adjust Roots
[170.100s][info][gc,phases      ] GC(307) Adjust Roots 0.190ms
[170.100s][info][gc,phases,start] GC(307) Compaction Phase
[170.615s][info][gc,phases      ] GC(307) Compaction Phase 514.866ms
[170.615s][info][gc,phases,start] GC(307) Post Compact
[170.628s][info][gc,phases      ] GC(307) Post Compact 13.125ms
[170.628s][info][gc,heap        ] GC(307) PSYoungGen: 93959K(245760K)->93959K(245760K) Eden: 84992K(84992K)->84992K(84992K) From: 8967K(160768K)->8967K(160768K)
[170.628s][info][gc,heap        ] GC(307) ParOldGen: 8738106K(8738304K)->8738106K(8738304K)
[170.628s][info][gc,metaspace   ] GC(307) Metaspace: 6302K(6464K)->6302K(6464K) NonClass: 5769K(5824K)->5769K(5824K) Class: 533K(640K)->533K(640K)
[170.628s][info][gc             ] GC(307) Pause Full (Ergonomics) 8625M->8625M(8773M) 2520.381ms
[170.628s][info][gc,cpu         ] GC(307) User=19.34s Sys=0.00s Real=2.52s
[170.628s][info][gc,start       ] GC(308) Pause Full (Ergonomics)
[170.628s][info][gc,phases,start] GC(308) Marking Phase
[172.566s][info][gc,phases      ] GC(308) Marking Phase 1937.059ms
[172.566s][info][gc,phases,start] GC(308) Summary Phase
[172.566s][info][gc,phases      ] GC(308) Summary Phase 0.087ms
[172.566s][info][gc,phases,start] GC(308) Adjust Roots
[172.566s][info][gc,phases      ] GC(308) Adjust Roots 0.201ms
[172.566s][info][gc,phases,start] GC(308) Compaction Phase
[173.077s][info][gc,phases      ] GC(308) Compaction Phase 510.768ms
[173.077s][info][gc,phases,start] GC(308) Post Compact
[173.090s][info][gc,phases      ] GC(308) Post Compact 13.314ms
[173.090s][info][gc,heap        ] GC(308) PSYoungGen: 93959K(245760K)->93959K(245760K) Eden: 84992K(84992K)->84992K(84992K) From: 8967K(160768K)->8967K(160768K)
[173.090s][info][gc,heap        ] GC(308) ParOldGen: 8738111K(8738304K)->8738111K(8738304K)
[173.090s][info][gc,metaspace   ] GC(308) Metaspace: 6302K(6464K)->6302K(6464K) NonClass: 5769K(5824K)->5769K(5824K) Class: 533K(640K)->533K(640K)
[173.090s][info][gc             ] GC(308) Pause Full (Ergonomics) 8625M->8625M(8773M) 2461.807ms
[173.090s][info][gc,cpu         ] GC(308) User=18.92s Sys=0.00s Real=2.46s
[173.090s][info][gc,start       ] GC(309) Pause Full (Ergonomics)
[173.090s][info][gc,phases,start] GC(309) Marking Phase
[175.061s][info][gc,phases      ] GC(309) Marking Phase 1970.185ms
[175.061s][info][gc,phases,start] GC(309) Summary Phase
[175.061s][info][gc,phases      ] GC(309) Summary Phase 0.102ms
[175.061s][info][gc,phases,start] GC(309) Adjust Roots
[175.061s][info][gc,phases      ] GC(309) Adjust Roots 0.222ms
[175.061s][info][gc,phases,start] GC(309) Compaction Phase
[175.594s][info][gc,phases      ] GC(309) Compaction Phase 532.641ms
[175.594s][info][gc,phases,start] GC(309) Post Compact
[175.606s][info][gc,phases      ] GC(309) Post Compact 12.082ms
[175.606s][info][gc,heap        ] GC(309) PSYoungGen: 93959K(245760K)->93959K(245760K) Eden: 84992K(84992K)->84992K(84992K) From: 8967K(160768K)->8967K(160768K)
[175.606s][info][gc,heap        ] GC(309) ParOldGen: 8738116K(8738304K)->8738116K(8738304K)
[175.606s][info][gc,metaspace   ] GC(309) Metaspace: 6302K(6464K)->6302K(6464K) NonClass: 5769K(5824K)->5769K(5824K) Class: 533K(640K)->533K(640K)
[175.606s][info][gc             ] GC(309) Pause Full (Ergonomics) 8625M->8625M(8773M) 2515.529ms
[175.606s][info][gc,cpu         ] GC(309) User=19.09s Sys=0.03s Real=2.52s
[175.606s][info][gc,start       ] GC(310) Pause Full (Ergonomics)
[175.606s][info][gc,phases,start] GC(310) Marking Phase
[177.595s][info][gc,phases      ] GC(310) Marking Phase 1988.747ms
[177.595s][info][gc,phases,start] GC(310) Summary Phase
[177.595s][info][gc,phases      ] GC(310) Summary Phase 0.120ms
[177.595s][info][gc,phases,start] GC(310) Adjust Roots
[177.595s][info][gc,phases      ] GC(310) Adjust Roots 0.215ms
[177.595s][info][gc,phases,start] GC(310) Compaction Phase
[178.103s][info][gc,phases      ] GC(310) Compaction Phase 507.203ms
[178.103s][info][gc,phases,start] GC(310) Post Compact
[178.115s][info][gc,phases      ] GC(310) Post Compact 12.533ms
[178.115s][info][gc,heap        ] GC(310) PSYoungGen: 93959K(245760K)->93959K(245760K) Eden: 84992K(84992K)->84992K(84992K) From: 8967K(160768K)->8967K(160768K)
[178.115s][info][gc,heap        ] GC(310) ParOldGen: 8738120K(8738304K)->8738120K(8738304K)
[178.115s][info][gc,metaspace   ] GC(310) Metaspace: 6302K(6464K)->6302K(6464K) NonClass: 5769K(5824K)->5769K(5824K) Class: 533K(640K)->533K(640K)
[178.115s][info][gc             ] GC(310) Pause Full (Ergonomics) 8625M->8625M(8773M) 2509.167ms
[178.115s][info][gc,cpu         ] GC(310) User=19.33s Sys=0.00s Real=2.51s
[178.115s][info][gc,start       ] GC(311) Pause Full (Ergonomics)
[178.116s][info][gc,phases,start] GC(311) Marking Phase
[180.094s][info][gc,phases      ] GC(311) Marking Phase 1978.931ms
[180.095s][info][gc,phases,start] GC(311) Summary Phase
[180.095s][info][gc,phases      ] GC(311) Summary Phase 0.083ms
[180.095s][info][gc,phases,start] GC(311) Adjust Roots
[180.095s][info][gc,phases      ] GC(311) Adjust Roots 0.161ms
[180.095s][info][gc,phases,start] GC(311) Compaction Phase
[180.597s][info][gc,phases      ] GC(311) Compaction Phase 502.184ms
[180.597s][info][gc,phases,start] GC(311) Post Compact
[180.609s][info][gc,phases      ] GC(311) Post Compact 11.909ms
[180.609s][info][gc,heap        ] GC(311) PSYoungGen: 93959K(245760K)->93959K(245760K) Eden: 84992K(84992K)->84992K(84992K) From: 8967K(160768K)->8967K(160768K)
[180.609s][info][gc,heap        ] GC(311) ParOldGen: 8738125K(8738304K)->8738125K(8738304K)
[180.609s][info][gc,metaspace   ] GC(311) Metaspace: 6302K(6464K)->6302K(6464K) NonClass: 5769K(5824K)->5769K(5824K) Class: 533K(640K)->533K(640K)
[180.609s][info][gc             ] GC(311) Pause Full (Ergonomics) 8625M->8625M(8773M) 2493.569ms
[180.609s][info][gc,cpu         ] GC(311) User=19.00s Sys=0.02s Real=2.49s
[180.609s][info][gc,start       ] GC(312) Pause Full (Ergonomics)
[180.609s][info][gc,phases,start] GC(312) Marking Phase
[182.600s][info][gc,phases      ] GC(312) Marking Phase 1990.614ms
[182.600s][info][gc,phases,start] GC(312) Summary Phase
[182.600s][info][gc,phases      ] GC(312) Summary Phase 0.087ms
[182.600s][info][gc,phases,start] GC(312) Adjust Roots
[182.600s][info][gc,phases      ] GC(312) Adjust Roots 0.188ms
[182.600s][info][gc,phases,start] GC(312) Compaction Phase
[183.115s][info][gc,phases      ] GC(312) Compaction Phase 514.481ms
[183.115s][info][gc,phases,start] GC(312) Post Compact
[183.127s][info][gc,phases      ] GC(312) Post Compact 12.535ms
[183.127s][info][gc,heap        ] GC(312) PSYoungGen: 93959K(245760K)->93959K(245760K) Eden: 84992K(84992K)->84992K(84992K) From: 8967K(160768K)->8967K(160768K)
[183.127s][info][gc,heap        ] GC(312) ParOldGen: 8738130K(8738304K)->8738130K(8738304K)
[183.127s][info][gc,metaspace   ] GC(312) Metaspace: 6302K(6464K)->6302K(6464K) NonClass: 5769K(5824K)->5769K(5824K) Class: 533K(640K)->533K(640K)
[183.127s][info][gc             ] GC(312) Pause Full (Ergonomics) 8625M->8625M(8773M) 2518.242ms
[183.128s][info][gc,cpu         ] GC(312) User=19.39s Sys=0.02s Real=2.52s
[183.128s][info][gc,start       ] GC(313) Pause Full (Ergonomics)
[183.128s][info][gc,phases,start] GC(313) Marking Phase
[185.108s][info][gc,phases      ] GC(313) Marking Phase 1980.798ms
[185.109s][info][gc,phases,start] GC(313) Summary Phase
[185.109s][info][gc,phases      ] GC(313) Summary Phase 0.084ms
[185.109s][info][gc,phases,start] GC(313) Adjust Roots
[185.109s][info][gc,phases      ] GC(313) Adjust Roots 0.166ms
[185.109s][info][gc,phases,start] GC(313) Compaction Phase
[185.624s][info][gc,phases      ] GC(313) Compaction Phase 514.828ms
[185.624s][info][gc,phases,start] GC(313) Post Compact
[185.636s][info][gc,phases      ] GC(313) Post Compact 12.639ms
[185.636s][info][gc,heap        ] GC(313) PSYoungGen: 93959K(245760K)->93959K(245760K) Eden: 84992K(84992K)->84992K(84992K) From: 8967K(160768K)->8967K(160768K)
[185.636s][info][gc,heap        ] GC(313) ParOldGen: 8738135K(8738304K)->8738135K(8738304K)
[185.636s][info][gc,metaspace   ] GC(313) Metaspace: 6302K(6464K)->6302K(6464K) NonClass: 5769K(5824K)->5769K(5824K) Class: 533K(640K)->533K(640K)
[185.636s][info][gc             ] GC(313) Pause Full (Ergonomics) 8625M->8625M(8773M) 2508.822ms
[185.637s][info][gc,cpu         ] GC(313) User=19.05s Sys=0.00s Real=2.51s
[185.637s][info][gc,start       ] GC(314) Pause Full (Ergonomics)
[185.637s][info][gc,phases,start] GC(314) Marking Phase
[187.570s][info][gc,phases      ] GC(314) Marking Phase 1932.930ms
[187.570s][info][gc,phases,start] GC(314) Summary Phase
[187.570s][info][gc,phases      ] GC(314) Summary Phase 0.083ms
[187.570s][info][gc,phases,start] GC(314) Adjust Roots
[187.570s][info][gc,phases      ] GC(314) Adjust Roots 0.163ms
[187.570s][info][gc,phases,start] GC(314) Compaction Phase
[188.073s][info][gc,phases      ] GC(314) Compaction Phase 502.772ms
[188.073s][info][gc,phases,start] GC(314) Post Compact
[188.085s][info][gc,phases      ] GC(314) Post Compact 12.078ms
[188.085s][info][gc,heap        ] GC(314) PSYoungGen: 93959K(245760K)->93959K(245760K) Eden: 84992K(84992K)->84992K(84992K) From: 8967K(160768K)->8967K(160768K)
[188.085s][info][gc,heap        ] GC(314) ParOldGen: 8738140K(8738304K)->8738140K(8738304K)
[188.085s][info][gc,metaspace   ] GC(314) Metaspace: 6302K(6464K)->6302K(6464K) NonClass: 5769K(5824K)->5769K(5824K) Class: 533K(640K)->533K(640K)
[188.085s][info][gc             ] GC(314) Pause Full (Ergonomics) 8625M->8625M(8773M) 2448.316ms
[188.085s][info][gc,cpu         ] GC(314) User=18.88s Sys=0.00s Real=2.45s
[188.085s][info][gc,start       ] GC(315) Pause Full (Ergonomics)
[188.085s][info][gc,phases,start] GC(315) Marking Phase
[190.069s][info][gc,phases      ] GC(315) Marking Phase 1983.482ms
[190.069s][info][gc,phases,start] GC(315) Summary Phase
[190.069s][info][gc,phases      ] GC(315) Summary Phase 0.151ms
[190.069s][info][gc,phases,start] GC(315) Adjust Roots
[190.069s][info][gc,phases      ] GC(315) Adjust Roots 0.263ms
[190.069s][info][gc,phases,start] GC(315) Compaction Phase
[190.580s][info][gc,phases      ] GC(315) Compaction Phase 510.979ms
[190.580s][info][gc,phases,start] GC(315) Post Compact
[190.592s][info][gc,phases      ] GC(315) Post Compact 12.036ms
[190.592s][info][gc,heap        ] GC(315) PSYoungGen: 93959K(245760K)->93959K(245760K) Eden: 84992K(84992K)->84992K(84992K) From: 8967K(160768K)->8967K(160768K)
[190.593s][info][gc,heap        ] GC(315) ParOldGen: 8738145K(8738304K)->8738145K(8738304K)
[190.593s][info][gc,metaspace   ] GC(315) Metaspace: 6302K(6464K)->6302K(6464K) NonClass: 5769K(5824K)->5769K(5824K) Class: 533K(640K)->533K(640K)
[190.593s][info][gc             ] GC(315) Pause Full (Ergonomics) 8625M->8625M(8773M) 2507.395ms
[190.593s][info][gc,cpu         ] GC(315) User=19.28s Sys=0.00s Real=2.51s
[190.593s][info][gc,start       ] GC(316) Pause Full (Ergonomics)
[190.593s][info][gc,phases,start] GC(316) Marking Phase
[192.555s][info][gc,phases      ] GC(316) Marking Phase 1962.061ms
[192.555s][info][gc,phases,start] GC(316) Summary Phase
[192.555s][info][gc,phases      ] GC(316) Summary Phase 0.082ms
[192.555s][info][gc,phases,start] GC(316) Adjust Roots
[192.555s][info][gc,phases      ] GC(316) Adjust Roots 0.165ms
[192.555s][info][gc,phases,start] GC(316) Compaction Phase
[193.057s][info][gc,phases      ] GC(316) Compaction Phase 501.848ms
[193.057s][info][gc,phases,start] GC(316) Post Compact
[193.069s][info][gc,phases      ] GC(316) Post Compact 12.007ms
[193.069s][info][gc,heap        ] GC(316) PSYoungGen: 93959K(245760K)->93959K(245760K) Eden: 84992K(84992K)->84992K(84992K) From: 8967K(160768K)->8967K(160768K)
[193.069s][info][gc,heap        ] GC(316) ParOldGen: 8738149K(8738304K)->8738149K(8738304K)
[193.069s][info][gc,metaspace   ] GC(316) Metaspace: 6302K(6464K)->6302K(6464K) NonClass: 5769K(5824K)->5769K(5824K) Class: 533K(640K)->533K(640K)
[193.069s][info][gc             ] GC(316) Pause Full (Ergonomics) 8625M->8625M(8773M) 2476.472ms
[193.069s][info][gc,cpu         ] GC(316) User=19.14s Sys=0.03s Real=2.48s
[193.069s][info][gc,start       ] GC(317) Pause Full (Ergonomics)
[193.070s][info][gc,phases,start] GC(317) Marking Phase
[195.065s][info][gc,phases      ] GC(317) Marking Phase 1995.344ms
[195.065s][info][gc,phases,start] GC(317) Summary Phase
[195.065s][info][gc,phases      ] GC(317) Summary Phase 0.083ms
[195.065s][info][gc,phases,start] GC(317) Adjust Roots
[195.065s][info][gc,phases      ] GC(317) Adjust Roots 0.170ms
[195.065s][info][gc,phases,start] GC(317) Compaction Phase
[195.564s][info][gc,phases      ] GC(317) Compaction Phase 499.159ms
[195.564s][info][gc,phases,start] GC(317) Post Compact
[195.577s][info][gc,phases      ] GC(317) Post Compact 12.291ms
[195.577s][info][gc,heap        ] GC(317) PSYoungGen: 93959K(245760K)->93959K(245760K) Eden: 84992K(84992K)->84992K(84992K) From: 8967K(160768K)->8967K(160768K)
[195.577s][info][gc,heap        ] GC(317) ParOldGen: 8738154K(8738304K)->8738154K(8738304K)
[195.577s][info][gc,metaspace   ] GC(317) Metaspace: 6302K(6464K)->6302K(6464K) NonClass: 5769K(5824K)->5769K(5824K) Class: 533K(640K)->533K(640K)
[195.577s][info][gc             ] GC(317) Pause Full (Ergonomics) 8625M->8625M(8773M) 2507.381ms
[195.577s][info][gc,cpu         ] GC(317) User=19.39s Sys=0.00s Real=2.51s
[195.577s][info][gc,start       ] GC(318) Pause Full (Ergonomics)
[195.577s][info][gc,phases,start] GC(318) Marking Phase
[197.579s][info][gc,phases      ] GC(318) Marking Phase 2001.694ms
[197.579s][info][gc,phases,start] GC(318) Summary Phase
[197.579s][info][gc,phases      ] GC(318) Summary Phase 0.087ms
[197.579s][info][gc,phases,start] GC(318) Adjust Roots
[197.579s][info][gc,phases      ] GC(318) Adjust Roots 0.184ms
[197.579s][info][gc,phases,start] GC(318) Compaction Phase
[198.098s][info][gc,phases      ] GC(318) Compaction Phase 519.143ms
[198.098s][info][gc,phases,start] GC(318) Post Compact
[198.111s][info][gc,phases      ] GC(318) Post Compact 12.836ms
[198.111s][info][gc,heap        ] GC(318) PSYoungGen: 93959K(245760K)->93959K(245760K) Eden: 84992K(84992K)->84992K(84992K) From: 8967K(160768K)->8967K(160768K)
[198.111s][info][gc,heap        ] GC(318) ParOldGen: 8738159K(8738304K)->8738159K(8738304K)
[198.111s][info][gc,metaspace   ] GC(318) Metaspace: 6302K(6464K)->6302K(6464K) NonClass: 5769K(5824K)->5769K(5824K) Class: 533K(640K)->533K(640K)
[198.111s][info][gc             ] GC(318) Pause Full (Ergonomics) 8625M->8625M(8773M) 2534.285ms
[198.111s][info][gc,cpu         ] GC(318) User=19.16s Sys=0.00s Real=2.53s
[198.112s][info][gc,start       ] GC(319) Pause Full (Ergonomics)
[198.112s][info][gc,phases,start] GC(319) Marking Phase
[200.078s][info][gc,phases      ] GC(319) Marking Phase 1966.536ms
[200.078s][info][gc,phases,start] GC(319) Summary Phase
[200.078s][info][gc,phases      ] GC(319) Summary Phase 0.087ms
[200.078s][info][gc,phases,start] GC(319) Adjust Roots
[200.078s][info][gc,phases      ] GC(319) Adjust Roots 0.166ms
[200.078s][info][gc,phases,start] GC(319) Compaction Phase
[200.586s][info][gc,phases      ] GC(319) Compaction Phase 507.874ms
[200.586s][info][gc,phases,start] GC(319) Post Compact
[200.598s][info][gc,phases      ] GC(319) Post Compact 12.045ms
[200.599s][info][gc,heap        ] GC(319) PSYoungGen: 93959K(245760K)->93959K(245760K) Eden: 84992K(84992K)->84992K(84992K) From: 8967K(160768K)->8967K(160768K)
[200.599s][info][gc,heap        ] GC(319) ParOldGen: 8738164K(8738304K)->8738164K(8738304K)
[200.599s][info][gc,metaspace   ] GC(319) Metaspace: 6302K(6464K)->6302K(6464K) NonClass: 5769K(5824K)->5769K(5824K) Class: 533K(640K)->533K(640K)
[200.599s][info][gc             ] GC(319) Pause Full (Ergonomics) 8625M->8625M(8773M) 2487.014ms
[200.599s][info][gc,cpu         ] GC(319) User=18.88s Sys=0.00s Real=2.49s
[200.599s][info][gc,start       ] GC(320) Pause Full (Ergonomics)
[200.599s][info][gc,phases,start] GC(320) Marking Phase
[202.591s][info][gc,phases      ] GC(320) Marking Phase 1992.163ms
[202.591s][info][gc,phases,start] GC(320) Summary Phase
[202.591s][info][gc,phases      ] GC(320) Summary Phase 0.083ms
[202.591s][info][gc,phases,start] GC(320) Adjust Roots
[202.591s][info][gc,phases      ] GC(320) Adjust Roots 0.163ms
[202.591s][info][gc,phases,start] GC(320) Compaction Phase
[203.096s][info][gc,phases      ] GC(320) Compaction Phase 505.116ms
[203.096s][info][gc,phases,start] GC(320) Post Compact
[203.108s][info][gc,phases      ] GC(320) Post Compact 11.921ms
[203.108s][info][gc,heap        ] GC(320) PSYoungGen: 93959K(245760K)->93959K(245760K) Eden: 84992K(84992K)->84992K(84992K) From: 8967K(160768K)->8967K(160768K)
[203.108s][info][gc,heap        ] GC(320) ParOldGen: 8738169K(8738304K)->8738169K(8738304K)
[203.108s][info][gc,metaspace   ] GC(320) Metaspace: 6302K(6464K)->6302K(6464K) NonClass: 5769K(5824K)->5769K(5824K) Class: 533K(640K)->533K(640K)
[203.108s][info][gc             ] GC(320) Pause Full (Ergonomics) 8625M->8625M(8773M) 2509.739ms
[203.108s][info][gc,cpu         ] GC(320) User=19.20s Sys=0.00s Real=2.51s
[203.109s][info][gc,start       ] GC(321) Pause Full (Ergonomics)
[203.109s][info][gc,phases,start] GC(321) Marking Phase
[205.091s][info][gc,phases      ] GC(321) Marking Phase 1982.396ms
[205.091s][info][gc,phases,start] GC(321) Summary Phase
[205.091s][info][gc,phases      ] GC(321) Summary Phase 0.113ms
[205.091s][info][gc,phases,start] GC(321) Adjust Roots
[205.092s][info][gc,phases      ] GC(321) Adjust Roots 0.240ms
[205.092s][info][gc,phases,start] GC(321) Compaction Phase
[205.597s][info][gc,phases      ] GC(321) Compaction Phase 505.837ms
[205.597s][info][gc,phases,start] GC(321) Post Compact
[205.610s][info][gc,phases      ] GC(321) Post Compact 12.157ms
[205.610s][info][gc,heap        ] GC(321) PSYoungGen: 93959K(245760K)->93959K(245760K) Eden: 84992K(84992K)->84992K(84992K) From: 8967K(160768K)->8967K(160768K)
[205.610s][info][gc,heap        ] GC(321) ParOldGen: 8738174K(8738304K)->8738174K(8738304K)
[205.610s][info][gc,metaspace   ] GC(321) Metaspace: 6302K(6464K)->6302K(6464K) NonClass: 5769K(5824K)->5769K(5824K) Class: 533K(640K)->533K(640K)
[205.610s][info][gc             ] GC(321) Pause Full (Ergonomics) 8625M->8625M(8773M) 2501.066ms
[205.610s][info][gc,cpu         ] GC(321) User=19.09s Sys=0.00s Real=2.50s
[205.610s][info][gc,start       ] GC(322) Pause Full (Ergonomics)
[205.610s][info][gc,phases,start] GC(322) Marking Phase
[207.586s][info][gc,phases      ] GC(322) Marking Phase 1976.097ms
[207.586s][info][gc,phases,start] GC(322) Summary Phase
[207.586s][info][gc,phases      ] GC(322) Summary Phase 0.096ms
[207.586s][info][gc,phases,start] GC(322) Adjust Roots
[207.586s][info][gc,phases      ] GC(322) Adjust Roots 0.209ms
[207.586s][info][gc,phases,start] GC(322) Compaction Phase
[208.092s][info][gc,phases      ] GC(322) Compaction Phase 505.236ms
[208.092s][info][gc,phases,start] GC(322) Post Compact
[208.104s][info][gc,phases      ] GC(322) Post Compact 12.070ms
[208.104s][info][gc,heap        ] GC(322) PSYoungGen: 93959K(245760K)->93959K(245760K) Eden: 84992K(84992K)->84992K(84992K) From: 8967K(160768K)->8967K(160768K)
[208.104s][info][gc,heap        ] GC(322) ParOldGen: 8738178K(8738304K)->8738178K(8738304K)
[208.104s][info][gc,metaspace   ] GC(322) Metaspace: 6302K(6464K)->6302K(6464K) NonClass: 5769K(5824K)->5769K(5824K) Class: 533K(640K)->533K(640K)
[208.104s][info][gc             ] GC(322) Pause Full (Ergonomics) 8625M->8625M(8773M) 2494.028ms
[208.104s][info][gc,cpu         ] GC(322) User=19.20s Sys=0.00s Real=2.49s
[208.104s][info][gc,start       ] GC(323) Pause Full (Ergonomics)
[208.104s][info][gc,phases,start] GC(323) Marking Phase
[210.079s][info][gc,phases      ] GC(323) Marking Phase 1974.559ms
[210.079s][info][gc,phases,start] GC(323) Summary Phase
[210.079s][info][gc,phases      ] GC(323) Summary Phase 0.089ms
[210.079s][info][gc,phases,start] GC(323) Adjust Roots
[210.079s][info][gc,phases      ] GC(323) Adjust Roots 0.204ms
[210.079s][info][gc,phases,start] GC(323) Compaction Phase
[210.595s][info][gc,phases      ] GC(323) Compaction Phase 515.751ms
[210.595s][info][gc,phases,start] GC(323) Post Compact
[210.608s][info][gc,phases      ] GC(323) Post Compact 12.933ms
[210.608s][info][gc,heap        ] GC(323) PSYoungGen: 93959K(245760K)->93959K(245760K) Eden: 84992K(84992K)->84992K(84992K) From: 8967K(160768K)->8967K(160768K)
[210.608s][info][gc,heap        ] GC(323) ParOldGen: 8738183K(8738304K)->8738183K(8738304K)
[210.608s][info][gc,metaspace   ] GC(323) Metaspace: 6302K(6464K)->6302K(6464K) NonClass: 5769K(5824K)->5769K(5824K) Class: 533K(640K)->533K(640K)
[210.608s][info][gc             ] GC(323) Pause Full (Ergonomics) 8625M->8625M(8773M) 2503.840ms
[210.608s][info][gc,cpu         ] GC(323) User=19.05s Sys=0.02s Real=2.50s
[210.608s][info][gc,start       ] GC(324) Pause Full (Ergonomics)
[210.608s][info][gc,phases,start] GC(324) Marking Phase
[212.584s][info][gc,phases      ] GC(324) Marking Phase 1975.803ms
[212.584s][info][gc,phases,start] GC(324) Summary Phase
[212.584s][info][gc,phases      ] GC(324) Summary Phase 0.125ms
[212.584s][info][gc,phases,start] GC(324) Adjust Roots
[212.584s][info][gc,phases      ] GC(324) Adjust Roots 0.213ms
[212.584s][info][gc,phases,start] GC(324) Compaction Phase
[213.089s][info][gc,phases      ] GC(324) Compaction Phase 504.996ms
[213.090s][info][gc,phases,start] GC(324) Post Compact
[213.102s][info][gc,phases      ] GC(324) Post Compact 12.210ms
[213.102s][info][gc,heap        ] GC(324) PSYoungGen: 93959K(245760K)->93959K(245760K) Eden: 84992K(84992K)->84992K(84992K) From: 8967K(160768K)->8967K(160768K)
[213.102s][info][gc,heap        ] GC(324) ParOldGen: 8738188K(8738304K)->8738188K(8738304K)
[213.102s][info][gc,metaspace   ] GC(324) Metaspace: 6302K(6464K)->6302K(6464K) NonClass: 5769K(5824K)->5769K(5824K) Class: 533K(640K)->533K(640K)
[213.102s][info][gc             ] GC(324) Pause Full (Ergonomics) 8625M->8625M(8773M) 2493.681ms
[213.102s][info][gc,cpu         ] GC(324) User=19.41s Sys=0.00s Real=2.49s
[213.102s][info][gc,start       ] GC(325) Pause Full (Ergonomics)
[213.102s][info][gc,phases,start] GC(325) Marking Phase
[215.084s][info][gc,phases      ] GC(325) Marking Phase 1982.115ms
[215.084s][info][gc,phases,start] GC(325) Summary Phase
[215.084s][info][gc,phases      ] GC(325) Summary Phase 0.084ms
[215.084s][info][gc,phases,start] GC(325) Adjust Roots
[215.085s][info][gc,phases      ] GC(325) Adjust Roots 0.164ms
[215.085s][info][gc,phases,start] GC(325) Compaction Phase
[215.603s][info][gc,phases      ] GC(325) Compaction Phase 518.757ms
[215.603s][info][gc,phases,start] GC(325) Post Compact
[215.616s][info][gc,phases      ] GC(325) Post Compact 12.689ms
[215.616s][info][gc,heap        ] GC(325) PSYoungGen: 93959K(245760K)->93959K(245760K) Eden: 84992K(84992K)->84992K(84992K) From: 8967K(160768K)->8967K(160768K)
[215.616s][info][gc,heap        ] GC(325) ParOldGen: 8738193K(8738304K)->8738193K(8738304K)
[215.616s][info][gc,metaspace   ] GC(325) Metaspace: 6302K(6464K)->6302K(6464K) NonClass: 5769K(5824K)->5769K(5824K) Class: 533K(640K)->533K(640K)
[215.616s][info][gc             ] GC(325) Pause Full (Ergonomics) 8625M->8625M(8773M) 2514.125ms
[215.616s][info][gc,cpu         ] GC(325) User=19.23s Sys=0.00s Real=2.51s
[215.616s][info][gc,start       ] GC(326) Pause Full (Ergonomics)
[215.616s][info][gc,phases,start] GC(326) Marking Phase
[217.578s][info][gc,phases      ] GC(326) Marking Phase 1961.654ms
[217.578s][info][gc,phases,start] GC(326) Summary Phase
[217.578s][info][gc,phases      ] GC(326) Summary Phase 0.083ms
[217.578s][info][gc,phases,start] GC(326) Adjust Roots
[217.578s][info][gc,phases      ] GC(326) Adjust Roots 0.172ms
[217.578s][info][gc,phases,start] GC(326) Compaction Phase
[218.085s][info][gc,phases      ] GC(326) Compaction Phase 506.552ms
[218.085s][info][gc,phases,start] GC(326) Post Compact
[218.097s][info][gc,phases      ] GC(326) Post Compact 11.834ms
[218.097s][info][gc,heap        ] GC(326) PSYoungGen: 93959K(245760K)->93959K(245760K) Eden: 84992K(84992K)->84992K(84992K) From: 8967K(160768K)->8967K(160768K)
[218.097s][info][gc,heap        ] GC(326) ParOldGen: 8738198K(8738304K)->8738198K(8738304K)
[218.097s][info][gc,metaspace   ] GC(326) Metaspace: 6302K(6464K)->6302K(6464K) NonClass: 5769K(5824K)->5769K(5824K) Class: 533K(640K)->533K(640K)
[218.097s][info][gc             ] GC(326) Pause Full (Ergonomics) 8625M->8625M(8773M) 2480.603ms
[218.097s][info][gc,cpu         ] GC(326) User=18.77s Sys=0.02s Real=2.48s
[218.097s][info][gc,start       ] GC(327) Pause Full (Ergonomics)
[218.097s][info][gc,phases,start] GC(327) Marking Phase
[220.091s][info][gc,phases      ] GC(327) Marking Phase 1993.356ms
[220.091s][info][gc,phases,start] GC(327) Summary Phase
[220.091s][info][gc,phases      ] GC(327) Summary Phase 0.084ms
[220.091s][info][gc,phases,start] GC(327) Adjust Roots
[220.091s][info][gc,phases      ] GC(327) Adjust Roots 0.176ms
[220.091s][info][gc,phases,start] GC(327) Compaction Phase
[220.595s][info][gc,phases      ] GC(327) Compaction Phase 504.006ms
[220.595s][info][gc,phases,start] GC(327) Post Compact
[220.607s][info][gc,phases      ] GC(327) Post Compact 12.509ms
[220.608s][info][gc,heap        ] GC(327) PSYoungGen: 93959K(245760K)->93959K(245760K) Eden: 84992K(84992K)->84992K(84992K) From: 8967K(160768K)->8967K(160768K)
[220.608s][info][gc,heap        ] GC(327) ParOldGen: 8738203K(8738304K)->8738203K(8738304K)
[220.608s][info][gc,metaspace   ] GC(327) Metaspace: 6302K(6464K)->6302K(6464K) NonClass: 5769K(5824K)->5769K(5824K) Class: 533K(640K)->533K(640K)
[220.608s][info][gc             ] GC(327) Pause Full (Ergonomics) 8625M->8625M(8773M) 2510.448ms
[220.608s][info][gc,cpu         ] GC(327) User=19.28s Sys=0.00s Real=2.51s
[220.608s][info][gc,start       ] GC(328) Pause Full (Ergonomics)
[220.608s][info][gc,phases,start] GC(328) Marking Phase
[222.595s][info][gc,phases      ] GC(328) Marking Phase 1987.180ms
[222.595s][info][gc,phases,start] GC(328) Summary Phase
[222.595s][info][gc,phases      ] GC(328) Summary Phase 0.085ms
[222.595s][info][gc,phases,start] GC(328) Adjust Roots
[222.595s][info][gc,phases      ] GC(328) Adjust Roots 0.167ms
[222.595s][info][gc,phases,start] GC(328) Compaction Phase
[223.121s][info][gc,phases      ] GC(328) Compaction Phase 525.945ms
[223.121s][info][gc,phases,start] GC(328) Post Compact
[223.134s][info][gc,phases      ] GC(328) Post Compact 12.714ms
[223.134s][info][gc,heap        ] GC(328) PSYoungGen: 93959K(245760K)->93959K(245760K) Eden: 84992K(84992K)->84992K(84992K) From: 8967K(160768K)->8967K(160768K)
[223.134s][info][gc,heap        ] GC(328) ParOldGen: 8738207K(8738304K)->8738207K(8738304K)
[223.134s][info][gc,metaspace   ] GC(328) Metaspace: 6302K(6464K)->6302K(6464K) NonClass: 5769K(5824K)->5769K(5824K) Class: 533K(640K)->533K(640K)
[223.134s][info][gc             ] GC(328) Pause Full (Ergonomics) 8625M->8625M(8773M) 2526.425ms
[223.134s][info][gc,cpu         ] GC(328) User=19.30s Sys=0.00s Real=2.53s
[223.134s][info][gc,start       ] GC(329) Pause Full (Ergonomics)
[223.134s][info][gc,phases,start] GC(329) Marking Phase
[225.138s][info][gc,phases      ] GC(329) Marking Phase 2003.257ms
[225.138s][info][gc,phases,start] GC(329) Summary Phase
[225.138s][info][gc,phases      ] GC(329) Summary Phase 0.083ms
[225.138s][info][gc,phases,start] GC(329) Adjust Roots
[225.138s][info][gc,phases      ] GC(329) Adjust Roots 0.168ms
[225.138s][info][gc,phases,start] GC(329) Compaction Phase
[225.636s][info][gc,phases      ] GC(329) Compaction Phase 497.688ms
[225.636s][info][gc,phases,start] GC(329) Post Compact
[225.648s][info][gc,phases      ] GC(329) Post Compact 11.843ms
[225.648s][info][gc,heap        ] GC(329) PSYoungGen: 93959K(245760K)->93959K(245760K) Eden: 84992K(84992K)->84992K(84992K) From: 8967K(160768K)->8967K(160768K)
[225.648s][info][gc,heap        ] GC(329) ParOldGen: 8738212K(8738304K)->8738212K(8738304K)
[225.648s][info][gc,metaspace   ] GC(329) Metaspace: 6302K(6464K)->6302K(6464K) NonClass: 5769K(5824K)->5769K(5824K) Class: 533K(640K)->533K(640K)
[225.648s][info][gc             ] GC(329) Pause Full (Ergonomics) 8625M->8625M(8773M) 2513.349ms
[225.648s][info][gc,cpu         ] GC(329) User=19.42s Sys=0.00s Real=2.51s
[225.648s][info][gc,start       ] GC(330) Pause Full (Ergonomics)
[225.648s][info][gc,phases,start] GC(330) Marking Phase
[227.598s][info][gc,phases      ] GC(330) Marking Phase 1949.918ms
[227.598s][info][gc,phases,start] GC(330) Summary Phase
[227.598s][info][gc,phases      ] GC(330) Summary Phase 0.084ms
[227.598s][info][gc,phases,start] GC(330) Adjust Roots
[227.598s][info][gc,phases      ] GC(330) Adjust Roots 0.164ms
[227.598s][info][gc,phases,start] GC(330) Compaction Phase
[228.097s][info][gc,phases      ] GC(330) Compaction Phase 498.375ms
[228.097s][info][gc,phases,start] GC(330) Post Compact
[228.108s][info][gc,phases      ] GC(330) Post Compact 11.664ms
[228.108s][info][gc,heap        ] GC(330) PSYoungGen: 93959K(245760K)->93959K(245760K) Eden: 84992K(84992K)->84992K(84992K) From: 8967K(160768K)->8967K(160768K)
[228.108s][info][gc,heap        ] GC(330) ParOldGen: 8738217K(8738304K)->8738217K(8738304K)
[228.108s][info][gc,metaspace   ] GC(330) Metaspace: 6302K(6464K)->6302K(6464K) NonClass: 5769K(5824K)->5769K(5824K) Class: 533K(640K)->533K(640K)
[228.108s][info][gc             ] GC(330) Pause Full (Ergonomics) 8625M->8625M(8773M) 2460.507ms
[228.108s][info][gc,cpu         ] GC(330) User=18.95s Sys=0.02s Real=2.46s
[228.109s][info][gc,start       ] GC(331) Pause Full (Ergonomics)
[228.109s][info][gc,phases,start] GC(331) Marking Phase
[230.109s][info][gc,phases      ] GC(331) Marking Phase 1999.906ms
[230.109s][info][gc,phases,start] GC(331) Summary Phase
[230.109s][info][gc,phases      ] GC(331) Summary Phase 0.084ms
[230.109s][info][gc,phases,start] GC(331) Adjust Roots
[230.109s][info][gc,phases      ] GC(331) Adjust Roots 0.176ms
[230.109s][info][gc,phases,start] GC(331) Compaction Phase
[230.610s][info][gc,phases      ] GC(331) Compaction Phase 501.365ms
[230.610s][info][gc,phases,start] GC(331) Post Compact
[230.622s][info][gc,phases      ] GC(331) Post Compact 11.846ms
[230.622s][info][gc,heap        ] GC(331) PSYoungGen: 93959K(245760K)->93959K(245760K) Eden: 84992K(84992K)->84992K(84992K) From: 8967K(160768K)->8967K(160768K)
[230.622s][info][gc,heap        ] GC(331) ParOldGen: 8738222K(8738304K)->8738222K(8738304K)
[230.622s][info][gc,metaspace   ] GC(331) Metaspace: 6302K(6464K)->6302K(6464K) NonClass: 5769K(5824K)->5769K(5824K) Class: 533K(640K)->533K(640K)
[230.622s][info][gc             ] GC(331) Pause Full (Ergonomics) 8625M->8625M(8773M) 2513.721ms
[230.622s][info][gc,cpu         ] GC(331) User=19.11s Sys=0.00s Real=2.51s
[230.623s][info][gc,start       ] GC(332) Pause Full (Ergonomics)
[230.623s][info][gc,phases,start] GC(332) Marking Phase
[232.595s][info][gc,phases      ] GC(332) Marking Phase 1972.806ms
[232.595s][info][gc,phases,start] GC(332) Summary Phase
[232.595s][info][gc,phases      ] GC(332) Summary Phase 0.089ms
[232.596s][info][gc,phases,start] GC(332) Adjust Roots
[232.596s][info][gc,phases      ] GC(332) Adjust Roots 0.174ms
[232.596s][info][gc,phases,start] GC(332) Compaction Phase
[233.097s][info][gc,phases      ] GC(332) Compaction Phase 501.574ms
[233.097s][info][gc,phases,start] GC(332) Post Compact
[233.109s][info][gc,phases      ] GC(332) Post Compact 11.805ms
[233.109s][info][gc,heap        ] GC(332) PSYoungGen: 93959K(245760K)->93959K(245760K) Eden: 84992K(84992K)->84992K(84992K) From: 8967K(160768K)->8967K(160768K)
[233.109s][info][gc,heap        ] GC(332) ParOldGen: 8738227K(8738304K)->8738227K(8738304K)
[233.109s][info][gc,metaspace   ] GC(332) Metaspace: 6302K(6464K)->6302K(6464K) NonClass: 5769K(5824K)->5769K(5824K) Class: 533K(640K)->533K(640K)
[233.109s][info][gc             ] GC(332) Pause Full (Ergonomics) 8625M->8625M(8773M) 2486.751ms
[233.109s][info][gc,cpu         ] GC(332) User=19.23s Sys=0.02s Real=2.49s
[233.109s][info][gc,start       ] GC(333) Pause Full (Ergonomics)
[233.109s][info][gc,phases,start] GC(333) Marking Phase
[235.089s][info][gc,phases      ] GC(333) Marking Phase 1979.193ms
[235.089s][info][gc,phases,start] GC(333) Summary Phase
[235.089s][info][gc,phases      ] GC(333) Summary Phase 0.083ms
[235.089s][info][gc,phases,start] GC(333) Adjust Roots
[235.089s][info][gc,phases      ] GC(333) Adjust Roots 0.165ms
[235.089s][info][gc,phases,start] GC(333) Compaction Phase
[235.594s][info][gc,phases      ] GC(333) Compaction Phase 505.355ms
[235.594s][info][gc,phases,start] GC(333) Post Compact
[235.606s][info][gc,phases      ] GC(333) Post Compact 11.944ms
[235.606s][info][gc,heap        ] GC(333) PSYoungGen: 93959K(245760K)->93959K(245760K) Eden: 84992K(84992K)->84992K(84992K) From: 8967K(160768K)->8967K(160768K)
[235.606s][info][gc,heap        ] GC(333) ParOldGen: 8738232K(8738304K)->8738232K(8738304K)
[235.606s][info][gc,metaspace   ] GC(333) Metaspace: 6302K(6464K)->6302K(6464K) NonClass: 5769K(5824K)->5769K(5824K) Class: 533K(640K)->533K(640K)
[235.607s][info][gc             ] GC(333) Pause Full (Ergonomics) 8625M->8625M(8773M) 2497.069ms
[235.607s][info][gc,cpu         ] GC(333) User=19.28s Sys=0.00s Real=2.50s
[235.607s][info][gc,start       ] GC(334) Pause Full (Ergonomics)
[235.607s][info][gc,phases,start] GC(334) Marking Phase
[237.619s][info][gc,phases      ] GC(334) Marking Phase 2012.262ms
[237.619s][info][gc,phases,start] GC(334) Summary Phase
[237.619s][info][gc,phases      ] GC(334) Summary Phase 0.098ms
[237.619s][info][gc,phases,start] GC(334) Adjust Roots
[237.619s][info][gc,phases      ] GC(334) Adjust Roots 0.237ms
[237.619s][info][gc,phases,start] GC(334) Compaction Phase
[238.137s][info][gc,phases      ] GC(334) Compaction Phase 517.401ms
[238.137s][info][gc,phases,start] GC(334) Post Compact
[238.150s][info][gc,phases      ] GC(334) Post Compact 13.489ms
[238.150s][info][gc,heap        ] GC(334) PSYoungGen: 93959K(245760K)->93959K(245760K) Eden: 84992K(84992K)->84992K(84992K) From: 8967K(160768K)->8967K(160768K)
[238.150s][info][gc,heap        ] GC(334) ParOldGen: 8738236K(8738304K)->8738236K(8738304K)
[238.150s][info][gc,metaspace   ] GC(334) Metaspace: 6302K(6464K)->6302K(6464K) NonClass: 5769K(5824K)->5769K(5824K) Class: 533K(640K)->533K(640K)
[238.151s][info][gc             ] GC(334) Pause Full (Ergonomics) 8625M->8625M(8773M) 2543.826ms
[238.151s][info][gc,cpu         ] GC(334) User=19.56s Sys=0.00s Real=2.54s
[238.151s][info][gc,start       ] GC(335) Pause Full (Ergonomics)
[238.151s][info][gc,phases,start] GC(335) Marking Phase
[240.164s][info][gc,phases      ] GC(335) Marking Phase 2013.314ms
[240.164s][info][gc,phases,start] GC(335) Summary Phase
[240.164s][info][gc,phases      ] GC(335) Summary Phase 0.115ms
[240.164s][info][gc,phases,start] GC(335) Adjust Roots
[240.165s][info][gc,phases      ] GC(335) Adjust Roots 0.280ms
[240.165s][info][gc,phases,start] GC(335) Compaction Phase
[240.669s][info][gc,phases      ] GC(335) Compaction Phase 504.577ms
[240.669s][info][gc,phases,start] GC(335) Post Compact
[240.682s][info][gc,phases      ] GC(335) Post Compact 12.414ms
[240.682s][info][gc,heap        ] GC(335) PSYoungGen: 93959K(245760K)->93959K(245760K) Eden: 84992K(84992K)->84992K(84992K) From: 8967K(160768K)->8967K(160768K)
[240.682s][info][gc,heap        ] GC(335) ParOldGen: 8738241K(8738304K)->8738241K(8738304K)
[240.682s][info][gc,metaspace   ] GC(335) Metaspace: 6302K(6464K)->6302K(6464K) NonClass: 5769K(5824K)->5769K(5824K) Class: 533K(640K)->533K(640K)
[240.682s][info][gc             ] GC(335) Pause Full (Ergonomics) 8625M->8625M(8773M) 2531.064ms
[240.682s][info][gc,cpu         ] GC(335) User=19.50s Sys=0.02s Real=2.53s
[240.682s][info][gc,start       ] GC(336) Pause Full (Ergonomics)
[240.682s][info][gc,phases,start] GC(336) Marking Phase
[242.677s][info][gc,phases      ] GC(336) Marking Phase 1994.838ms
[242.677s][info][gc,phases,start] GC(336) Summary Phase
[242.677s][info][gc,phases      ] GC(336) Summary Phase 0.168ms
[242.677s][info][gc,phases,start] GC(336) Adjust Roots
[242.677s][info][gc,phases      ] GC(336) Adjust Roots 0.293ms
[242.677s][info][gc,phases,start] GC(336) Compaction Phase
[243.186s][info][gc,phases      ] GC(336) Compaction Phase 508.881ms
[243.186s][info][gc,phases,start] GC(336) Post Compact
[243.198s][info][gc,phases      ] GC(336) Post Compact 11.735ms
[243.198s][info][gc,heap        ] GC(336) PSYoungGen: 93959K(245760K)->93959K(245760K) Eden: 84992K(84992K)->84992K(84992K) From: 8967K(160768K)->8967K(160768K)
[243.198s][info][gc,heap        ] GC(336) ParOldGen: 8738246K(8738304K)->8738246K(8738304K)
[243.198s][info][gc,metaspace   ] GC(336) Metaspace: 6302K(6464K)->6302K(6464K) NonClass: 5769K(5824K)->5769K(5824K) Class: 533K(640K)->533K(640K)
[243.198s][info][gc             ] GC(336) Pause Full (Ergonomics) 8625M->8625M(8773M) 2516.288ms
[243.198s][info][gc,cpu         ] GC(336) User=19.27s Sys=0.00s Real=2.52s
[243.198s][info][gc,start       ] GC(337) Pause Full (Ergonomics)
[243.199s][info][gc,phases,start] GC(337) Marking Phase
[245.189s][info][gc,phases      ] GC(337) Marking Phase 1990.736ms
[245.189s][info][gc,phases,start] GC(337) Summary Phase
[245.189s][info][gc,phases      ] GC(337) Summary Phase 0.093ms
[245.189s][info][gc,phases,start] GC(337) Adjust Roots
[245.190s][info][gc,phases      ] GC(337) Adjust Roots 0.212ms
[245.190s][info][gc,phases,start] GC(337) Compaction Phase
[245.711s][info][gc,phases      ] GC(337) Compaction Phase 520.955ms
[245.711s][info][gc,phases,start] GC(337) Post Compact
[245.724s][info][gc,phases      ] GC(337) Post Compact 13.437ms
[245.724s][info][gc,heap        ] GC(337) PSYoungGen: 93959K(245760K)->93959K(245760K) Eden: 84992K(84992K)->84992K(84992K) From: 8967K(160768K)->8967K(160768K)
[245.724s][info][gc,heap        ] GC(337) ParOldGen: 8738251K(8738304K)->8738251K(8738304K)
[245.724s][info][gc,metaspace   ] GC(337) Metaspace: 6302K(6464K)->6302K(6464K) NonClass: 5769K(5824K)->5769K(5824K) Class: 533K(640K)->533K(640K)
[245.724s][info][gc             ] GC(337) Pause Full (Ergonomics) 8625M->8625M(8773M) 2525.777ms
[245.724s][info][gc,cpu         ] GC(337) User=19.34s Sys=0.00s Real=2.53s
[245.724s][info][gc,start       ] GC(338) Pause Full (Ergonomics)
[245.724s][info][gc,phases,start] GC(338) Marking Phase
[247.704s][info][gc,phases      ] GC(338) Marking Phase 1979.211ms
[247.704s][info][gc,phases,start] GC(338) Summary Phase
[247.704s][info][gc,phases      ] GC(338) Summary Phase 0.115ms
[247.704s][info][gc,phases,start] GC(338) Adjust Roots
[247.704s][info][gc,phases      ] GC(338) Adjust Roots 0.186ms
[247.704s][info][gc,phases,start] GC(338) Compaction Phase
[248.211s][info][gc,phases      ] GC(338) Compaction Phase 506.743ms
[248.211s][info][gc,phases,start] GC(338) Post Compact
[248.224s][info][gc,phases      ] GC(338) Post Compact 13.112ms
[248.224s][info][gc,heap        ] GC(338) PSYoungGen: 93959K(245760K)->93959K(245760K) Eden: 84992K(84992K)->84992K(84992K) From: 8967K(160768K)->8967K(160768K)
[248.224s][info][gc,heap        ] GC(338) ParOldGen: 8738256K(8738304K)->8738256K(8738304K)
[248.224s][info][gc,metaspace   ] GC(338) Metaspace: 6302K(6464K)->6302K(6464K) NonClass: 5769K(5824K)->5769K(5824K) Class: 533K(640K)->533K(640K)
[248.224s][info][gc             ] GC(338) Pause Full (Ergonomics) 8625M->8625M(8773M) 2499.712ms
[248.224s][info][gc,cpu         ] GC(338) User=19.19s Sys=0.02s Real=2.50s
[248.224s][info][gc,start       ] GC(339) Pause Full (Ergonomics)
[248.224s][info][gc,phases,start] GC(339) Marking Phase
[250.324s][info][gc,phases      ] GC(339) Marking Phase 2099.914ms
[250.324s][info][gc,phases,start] GC(339) Summary Phase
[250.324s][info][gc,phases      ] GC(339) Summary Phase 0.105ms
[250.324s][info][gc,phases,start] GC(339) Adjust Roots
[250.325s][info][gc,phases      ] GC(339) Adjust Roots 0.220ms
[250.325s][info][gc,phases,start] GC(339) Compaction Phase
[250.865s][info][gc,phases      ] GC(339) Compaction Phase 540.542ms
[250.865s][info][gc,phases,start] GC(339) Post Compact
[250.878s][info][gc,phases      ] GC(339) Post Compact 13.030ms
[250.878s][info][gc,heap        ] GC(339) PSYoungGen: 93959K(245760K)->93959K(245760K) Eden: 84992K(84992K)->84992K(84992K) From: 8967K(160768K)->8967K(160768K)
[250.878s][info][gc,heap        ] GC(339) ParOldGen: 8738261K(8738304K)->8738261K(8738304K)
[250.878s][info][gc,metaspace   ] GC(339) Metaspace: 6302K(6464K)->6302K(6464K) NonClass: 5769K(5824K)->5769K(5824K) Class: 533K(640K)->533K(640K)
[250.878s][info][gc             ] GC(339) Pause Full (Ergonomics) 8625M->8625M(8773M) 2654.125ms
[250.879s][info][gc,cpu         ] GC(339) User=19.22s Sys=0.00s Real=2.65s
[250.879s][info][gc,start       ] GC(340) Pause Full (Ergonomics)
[250.879s][info][gc,phases,start] GC(340) Marking Phase
[252.890s][info][gc,phases      ] GC(340) Marking Phase 2011.159ms
[252.890s][info][gc,phases,start] GC(340) Summary Phase
[252.890s][info][gc,phases      ] GC(340) Summary Phase 0.126ms
[252.890s][info][gc,phases,start] GC(340) Adjust Roots
[252.890s][info][gc,phases      ] GC(340) Adjust Roots 0.218ms
[252.890s][info][gc,phases,start] GC(340) Compaction Phase
[253.398s][info][gc,phases      ] GC(340) Compaction Phase 507.661ms
[253.398s][info][gc,phases,start] GC(340) Post Compact
[253.412s][info][gc,phases      ] GC(340) Post Compact 14.174ms
[253.412s][info][gc,heap        ] GC(340) PSYoungGen: 93959K(245760K)->93959K(245760K) Eden: 84992K(84992K)->84992K(84992K) From: 8967K(160768K)->8967K(160768K)
[253.412s][info][gc,heap        ] GC(340) ParOldGen: 8738265K(8738304K)->8738265K(8738304K)
[253.412s][info][gc,metaspace   ] GC(340) Metaspace: 6302K(6464K)->6302K(6464K) NonClass: 5769K(5824K)->5769K(5824K) Class: 533K(640K)->533K(640K)
[253.412s][info][gc             ] GC(340) Pause Full (Ergonomics) 8625M->8625M(8773M) 2533.736ms
[253.412s][info][gc,cpu         ] GC(340) User=19.19s Sys=0.00s Real=2.53s
[253.413s][info][gc,start       ] GC(341) Pause Full (Ergonomics)
[253.413s][info][gc,phases,start] GC(341) Marking Phase
[255.387s][info][gc,phases      ] GC(341) Marking Phase 1974.189ms
[255.387s][info][gc,phases,start] GC(341) Summary Phase
[255.387s][info][gc,phases      ] GC(341) Summary Phase 0.098ms
[255.387s][info][gc,phases,start] GC(341) Adjust Roots
[255.387s][info][gc,phases      ] GC(341) Adjust Roots 0.184ms
[255.387s][info][gc,phases,start] GC(341) Compaction Phase
[255.900s][info][gc,phases      ] GC(341) Compaction Phase 512.290ms
[255.900s][info][gc,phases,start] GC(341) Post Compact
[255.912s][info][gc,phases      ] GC(341) Post Compact 11.932ms
[255.912s][info][gc,heap        ] GC(341) PSYoungGen: 93959K(245760K)->93959K(245760K) Eden: 84992K(84992K)->84992K(84992K) From: 8967K(160768K)->8967K(160768K)
[255.912s][info][gc,heap        ] GC(341) ParOldGen: 8738270K(8738304K)->8738270K(8738304K)
[255.912s][info][gc,metaspace   ] GC(341) Metaspace: 6302K(6464K)->6302K(6464K) NonClass: 5769K(5824K)->5769K(5824K) Class: 533K(640K)->533K(640K)
[255.912s][info][gc             ] GC(341) Pause Full (Ergonomics) 8625M->8625M(8773M) 2499.014ms
[255.912s][info][gc,cpu         ] GC(341) User=19.19s Sys=0.02s Real=2.50s
[255.912s][info][gc,start       ] GC(342) Pause Full (Ergonomics)
[255.912s][info][gc,phases,start] GC(342) Marking Phase
[257.967s][info][gc,phases      ] GC(342) Marking Phase 2055.395ms
[257.967s][info][gc,phases,start] GC(342) Summary Phase
[257.967s][info][gc,phases      ] GC(342) Summary Phase 0.096ms
[257.967s][info][gc,phases,start] GC(342) Adjust Roots
[257.968s][info][gc,phases      ] GC(342) Adjust Roots 0.180ms
[257.968s][info][gc,phases,start] GC(342) Compaction Phase
[258.476s][info][gc,phases      ] GC(342) Compaction Phase 508.031ms
[258.476s][info][gc,phases,start] GC(342) Post Compact
[258.488s][info][gc,phases      ] GC(342) Post Compact 11.780ms
[258.488s][info][gc,heap        ] GC(342) PSYoungGen: 93959K(245760K)->93959K(245760K) Eden: 84992K(84992K)->84992K(84992K) From: 8967K(160768K)->8967K(160768K)
[258.488s][info][gc,heap        ] GC(342) ParOldGen: 8738275K(8738304K)->8738275K(8738304K)
[258.488s][info][gc,metaspace   ] GC(342) Metaspace: 6302K(6464K)->6302K(6464K) NonClass: 5769K(5824K)->5769K(5824K) Class: 533K(640K)->533K(640K)
[258.488s][info][gc             ] GC(342) Pause Full (Ergonomics) 8625M->8625M(8773M) 2575.795ms
[258.488s][info][gc,cpu         ] GC(342) User=19.05s Sys=0.02s Real=2.58s
[258.488s][info][gc,start       ] GC(343) Pause Full (Ergonomics)
[258.488s][info][gc,phases,start] GC(343) Marking Phase
[260.471s][info][gc,phases      ] GC(343) Marking Phase 1983.345ms
[260.471s][info][gc,phases,start] GC(343) Summary Phase
[260.471s][info][gc,phases      ] GC(343) Summary Phase 0.086ms
[260.471s][info][gc,phases,start] GC(343) Adjust Roots
[260.472s][info][gc,phases      ] GC(343) Adjust Roots 0.188ms
[260.472s][info][gc,phases,start] GC(343) Compaction Phase
[260.983s][info][gc,phases      ] GC(343) Compaction Phase 510.918ms
[260.983s][info][gc,phases,start] GC(343) Post Compact
[260.997s][info][gc,phases      ] GC(343) Post Compact 14.000ms
[260.997s][info][gc,heap        ] GC(343) PSYoungGen: 93959K(245760K)->93959K(245760K) Eden: 84992K(84992K)->84992K(84992K) From: 8967K(160768K)->8967K(160768K)
[260.997s][info][gc,heap        ] GC(343) ParOldGen: 8738280K(8738304K)->8738280K(8738304K)
[260.997s][info][gc,metaspace   ] GC(343) Metaspace: 6302K(6464K)->6302K(6464K) NonClass: 5769K(5824K)->5769K(5824K) Class: 533K(640K)->533K(640K)
[260.997s][info][gc             ] GC(343) Pause Full (Ergonomics) 8625M->8625M(8773M) 2508.849ms
[260.997s][info][gc,cpu         ] GC(343) User=18.98s Sys=0.02s Real=2.51s
[260.997s][info][gc,start       ] GC(344) Pause Full (Ergonomics)
[260.997s][info][gc,phases,start] GC(344) Marking Phase
[262.955s][info][gc,phases      ] GC(344) Marking Phase 1958.062ms
[262.955s][info][gc,phases,start] GC(344) Summary Phase
[262.955s][info][gc,phases      ] GC(344) Summary Phase 0.128ms
[262.955s][info][gc,phases,start] GC(344) Adjust Roots
[262.955s][info][gc,phases      ] GC(344) Adjust Roots 0.186ms
[262.955s][info][gc,phases,start] GC(344) Compaction Phase
[263.475s][info][gc,phases      ] GC(344) Compaction Phase 519.848ms
[263.475s][info][gc,phases,start] GC(344) Post Compact
[263.488s][info][gc,phases      ] GC(344) Post Compact 12.194ms
[263.488s][info][gc,heap        ] GC(344) PSYoungGen: 93959K(245760K)->93959K(245760K) Eden: 84992K(84992K)->84992K(84992K) From: 8967K(160768K)->8967K(160768K)
[263.488s][info][gc,heap        ] GC(344) ParOldGen: 8738285K(8738304K)->8738285K(8738304K)
[263.488s][info][gc,metaspace   ] GC(344) Metaspace: 6302K(6464K)->6302K(6464K) NonClass: 5769K(5824K)->5769K(5824K) Class: 533K(640K)->533K(640K)
[263.488s][info][gc             ] GC(344) Pause Full (Ergonomics) 8625M->8625M(8773M) 2490.713ms
[263.488s][info][gc,cpu         ] GC(344) User=19.11s Sys=0.00s Real=2.49s
[263.488s][info][gc,start       ] GC(345) Pause Full (Ergonomics)
[263.488s][info][gc,phases,start] GC(345) Marking Phase
[265.472s][info][gc,phases      ] GC(345) Marking Phase 1983.919ms
[265.472s][info][gc,phases,start] GC(345) Summary Phase
[265.472s][info][gc,phases      ] GC(345) Summary Phase 0.101ms
[265.472s][info][gc,phases,start] GC(345) Adjust Roots
[265.472s][info][gc,phases      ] GC(345) Adjust Roots 0.179ms
[265.472s][info][gc,phases,start] GC(345) Compaction Phase
[266.223s][info][gc,phases      ] GC(345) Compaction Phase 751.197ms
[266.223s][info][gc,phases,start] GC(345) Post Compact
[266.289s][info][gc,phases      ] GC(345) Post Compact 65.622ms
[266.289s][info][gc,heap        ] GC(345) PSYoungGen: 93959K(245760K)->93959K(245760K) Eden: 84992K(84992K)->84992K(84992K) From: 8967K(160768K)->8967K(160768K)
[266.289s][info][gc,heap        ] GC(345) ParOldGen: 8738290K(8738304K)->8738290K(8738304K)
[266.289s][info][gc,metaspace   ] GC(345) Metaspace: 6302K(6464K)->6302K(6464K) NonClass: 5769K(5824K)->5769K(5824K) Class: 533K(640K)->533K(640K)
[266.289s][info][gc             ] GC(345) Pause Full (Ergonomics) 8625M->8625M(8773M) 2801.371ms
[266.289s][info][gc,cpu         ] GC(345) User=19.36s Sys=0.00s Real=2.80s
[266.345s][info][gc,start       ] GC(346) Pause Full (Ergonomics)
[266.346s][info][gc,phases,start] GC(346) Marking Phase
[269.004s][info][gc,phases      ] GC(346) Marking Phase 2658.613ms
[269.004s][info][gc,phases,start] GC(346) Summary Phase
[269.004s][info][gc,phases      ] GC(346) Summary Phase 0.097ms
[269.004s][info][gc,phases,start] GC(346) Adjust Roots
[269.004s][info][gc,phases      ] GC(346) Adjust Roots 0.184ms
[269.005s][info][gc,phases,start] GC(346) Compaction Phase
[269.521s][info][gc,phases      ] GC(346) Compaction Phase 516.380ms
[269.521s][info][gc,phases,start] GC(346) Post Compact
[269.533s][info][gc,phases      ] GC(346) Post Compact 11.597ms
[269.533s][info][gc,heap        ] GC(346) PSYoungGen: 93959K(245760K)->93959K(245760K) Eden: 84992K(84992K)->84992K(84992K) From: 8967K(160768K)->8967K(160768K)
[269.533s][info][gc,heap        ] GC(346) ParOldGen: 8738294K(8738304K)->8738294K(8738304K)
[269.533s][info][gc,metaspace   ] GC(346) Metaspace: 6302K(6464K)->6302K(6464K) NonClass: 5769K(5824K)->5769K(5824K) Class: 533K(640K)->533K(640K)
[269.533s][info][gc             ] GC(346) Pause Full (Ergonomics) 8625M->8625M(8773M) 3187.185ms
[269.533s][info][gc,cpu         ] GC(346) User=24.31s Sys=0.00s Real=3.19s
[269.533s][info][gc,start       ] GC(347) Pause Full (Ergonomics)
[269.533s][info][gc,phases,start] GC(347) Marking Phase
[271.526s][info][gc,phases      ] GC(347) Marking Phase 1993.256ms
[271.526s][info][gc,phases,start] GC(347) Summary Phase
[271.526s][info][gc,phases      ] GC(347) Summary Phase 0.126ms
[271.526s][info][gc,phases,start] GC(347) Adjust Roots
[271.527s][info][gc,phases      ] GC(347) Adjust Roots 0.192ms
[271.527s][info][gc,phases,start] GC(347) Compaction Phase
[272.073s][info][gc,phases      ] GC(347) Compaction Phase 546.043ms
[272.073s][info][gc,phases,start] GC(347) Post Compact
[272.086s][info][gc,phases      ] GC(347) Post Compact 13.530ms
[272.086s][info][gc,heap        ] GC(347) PSYoungGen: 93959K(245760K)->93959K(245760K) Eden: 84992K(84992K)->84992K(84992K) From: 8967K(160768K)->8967K(160768K)
[272.086s][info][gc,heap        ] GC(347) ParOldGen: 8738299K(8738304K)->8738299K(8738304K)
[272.086s][info][gc,metaspace   ] GC(347) Metaspace: 6302K(6464K)->6302K(6464K) NonClass: 5769K(5824K)->5769K(5824K) Class: 533K(640K)->533K(640K)
[272.086s][info][gc             ] GC(347) Pause Full (Ergonomics) 8625M->8625M(8773M) 2553.488ms
[272.086s][info][gc,cpu         ] GC(347) User=19.27s Sys=0.02s Real=2.55s
[272.087s][info][gc,start       ] GC(348) Pause Full (Ergonomics)
[272.087s][info][gc,phases,start] GC(348) Marking Phase
[274.111s][info][gc,phases      ] GC(348) Marking Phase 2024.092ms
[274.111s][info][gc,phases,start] GC(348) Summary Phase
[274.111s][info][gc,phases      ] GC(348) Summary Phase 0.139ms
[274.111s][info][gc,phases,start] GC(348) Adjust Roots
[274.111s][info][gc,phases      ] GC(348) Adjust Roots 0.217ms
[274.111s][info][gc,phases,start] GC(348) Compaction Phase
[274.635s][info][gc,phases      ] GC(348) Compaction Phase 524.269ms
[274.635s][info][gc,phases,start] GC(348) Post Compact
[274.647s][info][gc,phases      ] GC(348) Post Compact 11.387ms
[274.647s][info][gc,heap        ] GC(348) PSYoungGen: 93959K(245760K)->93959K(245760K) Eden: 84992K(84992K)->84992K(84992K) From: 8967K(160768K)->8967K(160768K)
[274.647s][info][gc,heap        ] GC(348) ParOldGen: 8738303K(8738304K)->8738303K(8738304K)
[274.647s][info][gc,metaspace   ] GC(348) Metaspace: 6302K(6464K)->6302K(6464K) NonClass: 5769K(5824K)->5769K(5824K) Class: 533K(640K)->533K(640K)
[274.647s][info][gc             ] GC(348) Pause Full (Ergonomics) 8625M->8625M(8773M) 2560.443ms
[274.647s][info][gc,cpu         ] GC(348) User=19.00s Sys=0.00s Real=2.56s
[274.647s][info][gc,start       ] GC(349) Pause Full (Allocation Failure)
[274.647s][info][gc,phases,start] GC(349) Marking Phase
[276.609s][info][gc,phases      ] GC(349) Marking Phase 1961.658ms
[276.609s][info][gc,phases,start] GC(349) Summary Phase
[276.609s][info][gc,phases      ] GC(349) Summary Phase 0.152ms
[276.609s][info][gc,phases,start] GC(349) Adjust Roots
[276.609s][info][gc,phases      ] GC(349) Adjust Roots 0.496ms
[276.610s][info][gc,phases,start] GC(349) Compaction Phase
[278.851s][info][gc,phases      ] GC(349) Compaction Phase 2241.389ms
[278.851s][info][gc,phases,start] GC(349) Post Compact
[278.864s][info][gc,phases      ] GC(349) Post Compact 12.966ms
[278.864s][info][gc,heap        ] GC(349) PSYoungGen: 93959K(245760K)->93959K(245760K) Eden: 84992K(84992K)->84992K(84992K) From: 8967K(160768K)->8967K(160768K)
[278.864s][info][gc,heap        ] GC(349) ParOldGen: 8738303K(8738304K)->8738299K(8738304K)
[278.864s][info][gc,metaspace   ] GC(349) Metaspace: 6302K(6464K)->6300K(6464K) NonClass: 5769K(5824K)->5767K(5824K) Class: 533K(640K)->532K(640K)
[278.864s][info][gc             ] GC(349) Pause Full (Allocation Failure) 8625M->8625M(8773M) 4217.057ms
[278.864s][info][gc,cpu         ] GC(349) User=31.73s Sys=0.02s Real=4.22s
[278.864s][info][gc,start       ] GC(350) Pause Full (Ergonomics)
[278.865s][info][gc,phases,start] GC(350) Marking Phase
[280.871s][info][gc,phases      ] GC(350) Marking Phase 2006.297ms
[280.871s][info][gc,phases,start] GC(350) Summary Phase
[280.871s][info][gc,phases      ] GC(350) Summary Phase 0.095ms
[280.871s][info][gc,phases,start] GC(350) Adjust Roots
[280.871s][info][gc,phases      ] GC(350) Adjust Roots 0.197ms
[280.871s][info][gc,phases,start] GC(350) Compaction Phase
[281.386s][info][gc,phases      ] GC(350) Compaction Phase 515.131ms
[281.386s][info][gc,phases,start] GC(350) Post Compact
[281.399s][info][gc,phases      ] GC(350) Post Compact 12.125ms
[281.399s][info][gc,heap        ] GC(350) PSYoungGen: 93959K(245760K)->93959K(245760K) Eden: 84992K(84992K)->84992K(84992K) From: 8967K(160768K)->8967K(160768K)
[281.399s][info][gc,heap        ] GC(350) ParOldGen: 8738300K(8738304K)->8738300K(8738304K)
[281.399s][info][gc,metaspace   ] GC(350) Metaspace: 6300K(6464K)->6300K(6464K) NonClass: 5767K(5824K)->5767K(5824K) Class: 532K(640K)->532K(640K)
[281.399s][info][gc             ] GC(350) Pause Full (Ergonomics) 8625M->8625M(8773M) 2534.162ms
[281.399s][info][gc,cpu         ] GC(350) User=19.55s Sys=0.00s Real=2.53s
[281.399s][info][gc,start       ] GC(351) Pause Full (Ergonomics)
[281.399s][info][gc,phases,start] GC(351) Marking Phase
[283.357s][info][gc,phases      ] GC(351) Marking Phase 1957.414ms
[283.357s][info][gc,phases,start] GC(351) Summary Phase
[283.357s][info][gc,phases      ] GC(351) Summary Phase 0.118ms
[283.357s][info][gc,phases,start] GC(351) Adjust Roots
[283.357s][info][gc,phases      ] GC(351) Adjust Roots 0.277ms
[283.357s][info][gc,phases,start] GC(351) Compaction Phase
[283.863s][info][gc,phases      ] GC(351) Compaction Phase 506.288ms
[283.863s][info][gc,phases,start] GC(351) Post Compact
[283.876s][info][gc,phases      ] GC(351) Post Compact 12.695ms
[283.876s][info][gc,heap        ] GC(351) PSYoungGen: 93959K(245760K)->93959K(245760K) Eden: 84992K(84992K)->84992K(84992K) From: 8967K(160768K)->8967K(160768K)
[283.876s][info][gc,heap        ] GC(351) ParOldGen: 8738303K(8738304K)->8738303K(8738304K)
[283.876s][info][gc,metaspace   ] GC(351) Metaspace: 6300K(6464K)->6300K(6464K) NonClass: 5767K(5824K)->5767K(5824K) Class: 532K(640K)->532K(640K)
[283.876s][info][gc             ] GC(351) Pause Full (Ergonomics) 8625M->8625M(8773M) 2477.162ms
[283.876s][info][gc,cpu         ] GC(351) User=19.12s Sys=0.00s Real=2.48s
[283.876s][info][gc,start       ] GC(352) Pause Full (Allocation Failure)
[283.876s][info][gc,phases,start] GC(352) Marking Phase
[285.861s][info][gc,phases      ] GC(352) Marking Phase 1984.582ms
[285.861s][info][gc,phases,start] GC(352) Summary Phase
[285.861s][info][gc,phases      ] GC(352) Summary Phase 0.087ms
[285.861s][info][gc,phases,start] GC(352) Adjust Roots
[285.861s][info][gc,phases      ] GC(352) Adjust Roots 0.179ms
[285.861s][info][gc,phases,start] GC(352) Compaction Phase
[286.373s][info][gc,phases      ] GC(352) Compaction Phase 511.946ms
[286.373s][info][gc,phases,start] GC(352) Post Compact
[286.385s][info][gc,phases      ] GC(352) Post Compact 12.058ms
[286.385s][info][gc,heap        ] GC(352) PSYoungGen: 93959K(245760K)->93959K(245760K) Eden: 84992K(84992K)->84992K(84992K) From: 8967K(160768K)->8967K(160768K)
[286.385s][info][gc,heap        ] GC(352) ParOldGen: 8738303K(8738304K)->8738303K(8738304K)
[286.385s][info][gc,metaspace   ] GC(352) Metaspace: 6300K(6464K)->6300K(6464K) NonClass: 5767K(5824K)->5767K(5824K) Class: 532K(640K)->532K(640K)
[286.385s][info][gc             ] GC(352) Pause Full (Allocation Failure) 8625M->8625M(8773M) 2509.166ms
[286.385s][info][gc,cpu         ] GC(352) User=19.20s Sys=0.00s Real=2.51s
[286.386s][info][gc,start       ] GC(353) Pause Full (Ergonomics)
[286.386s][info][gc,phases,start] GC(353) Marking Phase
[288.378s][info][gc,phases      ] GC(353) Marking Phase 1991.940ms
[288.378s][info][gc,phases,start] GC(353) Summary Phase
[288.378s][info][gc,phases      ] GC(353) Summary Phase 0.086ms
[288.378s][info][gc,phases,start] GC(353) Adjust Roots
[288.378s][info][gc,phases      ] GC(353) Adjust Roots 0.257ms
[288.378s][info][gc,phases,start] GC(353) Compaction Phase
[290.608s][info][gc,phases      ] GC(353) Compaction Phase 2229.264ms
[290.608s][info][gc,phases,start] GC(353) Post Compact
[290.621s][info][gc,phases      ] GC(353) Post Compact 13.792ms
[290.621s][info][gc,heap        ] GC(353) PSYoungGen: 93959K(245760K)->93959K(245760K) Eden: 84992K(84992K)->84992K(84992K) From: 8967K(160768K)->8967K(160768K)
[290.622s][info][gc,heap        ] GC(353) ParOldGen: 8738303K(8738304K)->8738302K(8738304K)
[290.622s][info][gc,metaspace   ] GC(353) Metaspace: 6300K(6464K)->6300K(6464K) NonClass: 5767K(5824K)->5767K(5824K) Class: 532K(640K)->532K(640K)
[290.622s][info][gc             ] GC(353) Pause Full (Ergonomics) 8625M->8625M(8773M) 4235.681ms
[290.622s][info][gc,cpu         ] GC(353) User=32.03s Sys=0.03s Real=4.24s
[290.622s][info][gc,start       ] GC(354) Pause Full (Ergonomics)
[290.622s][info][gc,phases,start] GC(354) Marking Phase
[292.627s][info][gc,phases      ] GC(354) Marking Phase 2004.686ms
[292.627s][info][gc,phases,start] GC(354) Summary Phase
[292.627s][info][gc,phases      ] GC(354) Summary Phase 0.164ms
[292.627s][info][gc,phases,start] GC(354) Adjust Roots
[292.627s][info][gc,phases      ] GC(354) Adjust Roots 0.387ms
[292.627s][info][gc,phases,start] GC(354) Compaction Phase
[293.133s][info][gc,phases      ] GC(354) Compaction Phase 505.205ms
[293.133s][info][gc,phases,start] GC(354) Post Compact
[293.144s][info][gc,phases      ] GC(354) Post Compact 11.709ms
[293.145s][info][gc,heap        ] GC(354) PSYoungGen: 93959K(245760K)->93959K(245760K) Eden: 84992K(84992K)->84992K(84992K) From: 8967K(160768K)->8967K(160768K)
[293.145s][info][gc,heap        ] GC(354) ParOldGen: 8738302K(8738304K)->8738302K(8738304K)
[293.145s][info][gc,metaspace   ] GC(354) Metaspace: 6300K(6464K)->6300K(6464K) NonClass: 5767K(5824K)->5767K(5824K) Class: 532K(640K)->532K(640K)
[293.145s][info][gc             ] GC(354) Pause Full (Ergonomics) 8625M->8625M(8773M) 2522.603ms
[293.145s][info][gc,cpu         ] GC(354) User=19.45s Sys=0.00s Real=2.52s
[293.145s][info][gc,start       ] GC(355) Pause Full (Ergonomics)
[293.146s][info][gc,phases,start] GC(355) Marking Phase
[295.132s][info][gc,phases      ] GC(355) Marking Phase 1986.835ms
[295.132s][info][gc,phases,start] GC(355) Summary Phase
[295.133s][info][gc,phases      ] GC(355) Summary Phase 0.147ms
[295.133s][info][gc,phases,start] GC(355) Adjust Roots
[295.133s][info][gc,phases      ] GC(355) Adjust Roots 0.501ms
[295.133s][info][gc,phases,start] GC(355) Compaction Phase
[297.366s][info][gc,phases      ] GC(355) Compaction Phase 2233.138ms
[297.366s][info][gc,phases,start] GC(355) Post Compact
[297.380s][info][gc,phases      ] GC(355) Post Compact 14.096ms
[297.381s][info][gc,heap        ] GC(355) PSYoungGen: 93959K(245760K)->93959K(245760K) Eden: 84992K(84992K)->84992K(84992K) From: 8967K(160768K)->8967K(160768K)
[297.381s][info][gc,heap        ] GC(355) ParOldGen: 8738303K(8738304K)->8738300K(8738304K)
[297.381s][info][gc,metaspace   ] GC(355) Metaspace: 6302K(6528K)->6302K(6528K) NonClass: 5768K(5888K)->5768K(5888K) Class: 533K(640K)->533K(640K)
[297.381s][info][gc             ] GC(355) Pause Full (Ergonomics) 8625M->8625M(8773M) 4235.109ms
[297.381s][info][gc,cpu         ] GC(355) User=30.84s Sys=0.02s Real=4.24s
[297.381s][info][gc,heap,exit   ] Heap
[297.381s][info][gc,heap,exit   ]  PSYoungGen      total 245760K, used 93959K [0x00000006f5580000, 0x0000000731f80000, 0x0000000800000000)
[297.381s][info][gc,heap,exit   ]   eden space 84992K, 100% used [0x00000006f5580000,0x00000006fa880000,0x00000006fa880000)
[297.381s][info][gc,heap,exit   ]   from space 160768K, 5% used [0x00000006fa880000,0x00000006fb141e80,0x0000000704580000)
[297.381s][info][gc,heap,exit   ]   to   space 448512K, 0% used [0x0000000716980000,0x0000000716980000,0x0000000731f80000)
[297.381s][info][gc,heap,exit   ]  ParOldGen       total 8738304K, used 8738301K [0x00000004e0000000, 0x00000006f5580000, 0x00000006f5580000)
[297.381s][info][gc,heap,exit   ]   object space 8738304K, 99% used [0x00000004e0000000,0x00000006f557f758,0x00000006f5580000)
[297.381s][info][gc,heap,exit   ]  Metaspace       used 6305K, committed 6528K, reserved 1114112K
[297.381s][info][gc,heap,exit   ]   class space    used 534K, committed 640K, reserved 1048576K
