[0.012s][info][gc,init] CardTable entry size: 512
[0.012s][info][gc     ] Using Parallel
[0.013s][info][gc,init] Version: 18.0.1+10 (release)
[0.013s][info][gc,init] CPUs: 8 total, 8 available
[0.013s][info][gc,init] Memory: 16063M
[0.013s][info][gc,init] Large Page Support: Disabled
[0.013s][info][gc,init] NUMA Support: Disabled
[0.013s][info][gc,init] Compressed Oops: Enabled (Zero based)
[0.013s][info][gc,init] Alignments: Space 512K, Generation 512K, Heap 2M
[0.013s][info][gc,init] Heap Min Capacity: 2M
[0.013s][info][gc,init] Heap Initial Capacity: 2M
[0.013s][info][gc,init] Heap Max Capacity: 7500M
[0.013s][info][gc,init] Pre-touch: Disabled
[0.013s][info][gc,init] Parallel Workers: 8
[0.014s][info][gc,metaspace] CDS archive(s) not mapped
[0.014s][info][gc,metaspace] Compressed class space mapped at: 0x0000000800000000-0x0000000840000000, reserved size: 1073741824
[0.014s][info][gc,metaspace] Narrow klass base: 0x0000000800000000, Narrow klass shift: 0, Narrow klass range: 0x40000000
[0.111s][info][gc,start    ] GC(0) Pause Young (Allocation Failure)
[0.113s][info][gc,heap     ] GC(0) PSYoungGen: 512K(1024K)->480K(1024K) Eden: 512K(512K)->0K(512K) From: 0K(512K)->480K(512K)
[0.113s][info][gc,heap     ] GC(0) ParOldGen: 0K(512K)->8K(512K)
[0.113s][info][gc,metaspace] GC(0) Metaspace: 4229K(4352K)->4229K(4352K) NonClass: 3908K(3968K)->3908K(3968K) Class: 321K(384K)->321K(384K)
[0.113s][info][gc          ] GC(0) Pause Young (Allocation Failure) 0M->0M(1M) 1.600ms
[0.113s][info][gc,cpu      ] GC(0) User=0.00s Sys=0.00s Real=0.00s
[0.175s][info][gc,start    ] GC(1) Pause Young (Allocation Failure)
[0.176s][info][gc,heap     ] GC(1) PSYoungGen: 991K(1024K)->512K(1536K) Eden: 511K(512K)->0K(1024K) From: 480K(512K)->512K(512K)
[0.176s][info][gc,heap     ] GC(1) ParOldGen: 8K(512K)->96K(512K)
[0.176s][info][gc,metaspace] GC(1) Metaspace: 5879K(6016K)->5879K(6016K) NonClass: 5383K(5504K)->5383K(5504K) Class: 496K(512K)->496K(512K)
[0.176s][info][gc          ] GC(1) Pause Young (Allocation Failure) 0M->0M(2M) 1.299ms
[0.176s][info][gc,cpu      ] GC(1) User=0.00s Sys=0.00s Real=0.00s
[0.196s][info][gc,start    ] GC(2) Pause Young (Allocation Failure)
[0.197s][info][gc,heap     ] GC(2) PSYoungGen: 1536K(1536K)->512K(1536K) Eden: 1024K(1024K)->0K(1024K) From: 512K(512K)->512K(512K)
[0.197s][info][gc,heap     ] GC(2) ParOldGen: 96K(512K)->520K(1024K)
[0.197s][info][gc,metaspace] GC(2) Metaspace: 6300K(6464K)->6300K(6464K) NonClass: 5767K(5824K)->5767K(5824K) Class: 533K(640K)->533K(640K)
[0.197s][info][gc          ] GC(2) Pause Young (Allocation Failure) 1M->1M(2M) 1.062ms
[0.197s][info][gc,cpu      ] GC(2) User=0.00s Sys=0.00s Real=0.00s
[0.199s][info][gc,start    ] GC(3) Pause Young (Allocation Failure)
[0.200s][info][gc,heap     ] GC(3) PSYoungGen: 1536K(1536K)->480K(2560K) Eden: 1024K(1024K)->0K(2048K) From: 512K(512K)->480K(512K)
[0.200s][info][gc,heap     ] GC(3) ParOldGen: 520K(1024K)->1072K(1536K)
[0.201s][info][gc,metaspace] GC(3) Metaspace: 6300K(6464K)->6300K(6464K) NonClass: 5767K(5824K)->5767K(5824K) Class: 533K(640K)->533K(640K)
[0.201s][info][gc          ] GC(3) Pause Young (Allocation Failure) 2M->1M(4M) 1.320ms
[0.201s][info][gc,cpu      ] GC(3) User=0.00s Sys=0.00s Real=0.00s
[0.201s][info][gc,start    ] GC(4) Pause Full (Ergonomics)
[0.201s][info][gc,phases,start] GC(4) Marking Phase
[0.202s][info][gc,phases      ] GC(4) Marking Phase 1.084ms
[0.202s][info][gc,phases,start] GC(4) Summary Phase
[0.202s][info][gc,phases      ] GC(4) Summary Phase 0.013ms
[0.202s][info][gc,phases,start] GC(4) Adjust Roots
[0.202s][info][gc,phases      ] GC(4) Adjust Roots 0.338ms
[0.202s][info][gc,phases,start] GC(4) Compaction Phase
[0.204s][info][gc,phases      ] GC(4) Compaction Phase 2.135ms
[0.204s][info][gc,phases,start] GC(4) Post Compact
[0.204s][info][gc,phases      ] GC(4) Post Compact 0.085ms
[0.204s][info][gc,heap        ] GC(4) PSYoungGen: 480K(2560K)->0K(2560K) Eden: 0K(2048K)->0K(2048K) From: 480K(512K)->0K(512K)
[0.205s][info][gc,heap        ] GC(4) ParOldGen: 1072K(1536K)->1496K(3584K)
[0.205s][info][gc,metaspace   ] GC(4) Metaspace: 6300K(6464K)->6300K(6464K) NonClass: 5767K(5824K)->5767K(5824K) Class: 533K(640K)->533K(640K)
[0.205s][info][gc             ] GC(4) Pause Full (Ergonomics) 1M->1M(6M) 4.037ms
[0.205s][info][gc,cpu         ] GC(4) User=0.00s Sys=0.00s Real=0.00s
[0.208s][info][gc,start       ] GC(5) Pause Young (Allocation Failure)
[0.209s][info][gc,heap        ] GC(5) PSYoungGen: 2048K(2560K)->480K(3584K) Eden: 2048K(2048K)->0K(3072K) From: 0K(512K)->480K(512K)
[0.209s][info][gc,heap        ] GC(5) ParOldGen: 1496K(3584K)->2112K(3584K)
[0.209s][info][gc,metaspace   ] GC(5) Metaspace: 6300K(6464K)->6300K(6464K) NonClass: 5767K(5824K)->5767K(5824K) Class: 533K(640K)->533K(640K)
[0.209s][info][gc             ] GC(5) Pause Young (Allocation Failure) 3M->2M(7M) 1.180ms
[0.209s][info][gc,cpu         ] GC(5) User=0.00s Sys=0.00s Real=0.00s
[0.213s][info][gc,start       ] GC(6) Pause Young (Allocation Failure)
[0.215s][info][gc,heap        ] GC(6) PSYoungGen: 3552K(3584K)->1504K(4608K) Eden: 3072K(3072K)->0K(3072K) From: 480K(512K)->1504K(1536K)
[0.215s][info][gc,heap        ] GC(6) ParOldGen: 2112K(3584K)->2688K(3584K)
[0.215s][info][gc,metaspace   ] GC(6) Metaspace: 6300K(6464K)->6300K(6464K) NonClass: 5767K(5824K)->5767K(5824K) Class: 533K(640K)->533K(640K)
[0.215s][info][gc             ] GC(6) Pause Young (Allocation Failure) 5M->4M(8M) 1.977ms
[0.215s][info][gc,cpu         ] GC(6) User=0.00s Sys=0.00s Real=0.00s
[0.215s][info][gc,start       ] GC(7) Pause Full (Ergonomics)
[0.215s][info][gc,phases,start] GC(7) Marking Phase
[0.217s][info][gc,phases      ] GC(7) Marking Phase 1.938ms
[0.217s][info][gc,phases,start] GC(7) Summary Phase
[0.217s][info][gc,phases      ] GC(7) Summary Phase 0.014ms
[0.217s][info][gc,phases,start] GC(7) Adjust Roots
[0.218s][info][gc,phases      ] GC(7) Adjust Roots 0.329ms
[0.218s][info][gc,phases,start] GC(7) Compaction Phase
[0.221s][info][gc,phases      ] GC(7) Compaction Phase 3.684ms
[0.221s][info][gc,phases,start] GC(7) Post Compact
[0.221s][info][gc,phases      ] GC(7) Post Compact 0.036ms
[0.222s][info][gc,heap        ] GC(7) PSYoungGen: 1504K(4608K)->989K(4608K) Eden: 0K(3072K)->0K(3072K) From: 1504K(1536K)->989K(1536K)
[0.222s][info][gc,heap        ] GC(7) ParOldGen: 2688K(3584K)->3128K(6144K)
[0.222s][info][gc,metaspace   ] GC(7) Metaspace: 6300K(6464K)->6300K(6464K) NonClass: 5767K(5824K)->5767K(5824K) Class: 533K(640K)->533K(640K)
[0.222s][info][gc             ] GC(7) Pause Full (Ergonomics) 4M->4M(10M) 6.352ms
[0.222s][info][gc,cpu         ] GC(7) User=0.00s Sys=0.00s Real=0.01s
[0.226s][info][gc,start       ] GC(8) Pause Young (Allocation Failure)
[0.229s][info][gc,heap        ] GC(8) PSYoungGen: 4061K(4608K)->2048K(5632K) Eden: 3072K(3072K)->0K(3584K) From: 989K(1536K)->2048K(2048K)
[0.229s][info][gc,heap        ] GC(8) ParOldGen: 3128K(6144K)->3664K(6144K)
[0.229s][info][gc,metaspace   ] GC(8) Metaspace: 6300K(6464K)->6300K(6464K) NonClass: 5767K(5824K)->5767K(5824K) Class: 533K(640K)->533K(640K)
[0.229s][info][gc             ] GC(8) Pause Young (Allocation Failure) 7M->5M(11M) 3.027ms
[0.229s][info][gc,cpu         ] GC(8) User=0.00s Sys=0.00s Real=0.00s
[0.234s][info][gc,start       ] GC(9) Pause Young (Allocation Failure)
[0.237s][info][gc,heap        ] GC(9) PSYoungGen: 5632K(5632K)->3040K(6656K) Eden: 3584K(3584K)->0K(3584K) From: 2048K(2048K)->3040K(3072K)
[0.237s][info][gc,heap        ] GC(9) ParOldGen: 3664K(6144K)->4664K(6144K)
[0.237s][info][gc,metaspace   ] GC(9) Metaspace: 6300K(6464K)->6300K(6464K) NonClass: 5767K(5824K)->5767K(5824K) Class: 533K(640K)->533K(640K)
[0.237s][info][gc             ] GC(9) Pause Young (Allocation Failure) 9M->7M(12M) 3.704ms
[0.237s][info][gc,cpu         ] GC(9) User=0.00s Sys=0.00s Real=0.00s
[0.242s][info][gc,start       ] GC(10) Pause Young (Allocation Failure)
[0.246s][info][gc,heap        ] GC(10) PSYoungGen: 6624K(6656K)->4064K(8704K) Eden: 3584K(3584K)->0K(4608K) From: 3040K(3072K)->4064K(4096K)
[0.246s][info][gc,heap        ] GC(10) ParOldGen: 4664K(6144K)->5504K(6144K)
[0.246s][info][gc,metaspace   ] GC(10) Metaspace: 6300K(6464K)->6300K(6464K) NonClass: 5767K(5824K)->5767K(5824K) Class: 533K(640K)->533K(640K)
[0.246s][info][gc             ] GC(10) Pause Young (Allocation Failure) 11M->9M(14M) 3.756ms
[0.246s][info][gc,cpu         ] GC(10) User=0.00s Sys=0.00s Real=0.00s
[0.246s][info][gc,start       ] GC(11) Pause Full (Ergonomics)
[0.246s][info][gc,phases,start] GC(11) Marking Phase
[0.250s][info][gc,phases      ] GC(11) Marking Phase 4.309ms
[0.250s][info][gc,phases,start] GC(11) Summary Phase
[0.250s][info][gc,phases      ] GC(11) Summary Phase 0.015ms
[0.250s][info][gc,phases,start] GC(11) Adjust Roots
[0.250s][info][gc,phases      ] GC(11) Adjust Roots 0.188ms
[0.250s][info][gc,phases,start] GC(11) Compaction Phase
[0.256s][info][gc,phases      ] GC(11) Compaction Phase 5.113ms
[0.256s][info][gc,phases,start] GC(11) Post Compact
[0.256s][info][gc,phases      ] GC(11) Post Compact 0.035ms
[0.256s][info][gc,heap        ] GC(11) PSYoungGen: 4064K(8704K)->3544K(8704K) Eden: 0K(4608K)->0K(4608K) From: 4064K(4096K)->3544K(4096K)
[0.256s][info][gc,heap        ] GC(11) ParOldGen: 5504K(6144K)->5832K(10240K)
[0.256s][info][gc,metaspace   ] GC(11) Metaspace: 6300K(6464K)->6300K(6464K) NonClass: 5767K(5824K)->5767K(5824K) Class: 533K(640K)->533K(640K)
[0.256s][info][gc             ] GC(11) Pause Full (Ergonomics) 9M->9M(18M) 9.934ms
[0.256s][info][gc,cpu         ] GC(11) User=0.00s Sys=0.00s Real=0.01s
[0.260s][info][gc,start       ] GC(12) Pause Young (Allocation Failure)
[0.265s][info][gc,heap        ] GC(12) PSYoungGen: 8013K(8704K)->4032K(9728K) Eden: 4468K(4608K)->0K(4608K) From: 3544K(4096K)->4032K(5120K)
[0.265s][info][gc,heap        ] GC(12) ParOldGen: 5832K(10240K)->7720K(10240K)
[0.265s][info][gc,metaspace   ] GC(12) Metaspace: 6300K(6464K)->6300K(6464K) NonClass: 5767K(5824K)->5767K(5824K) Class: 533K(640K)->533K(640K)
[0.265s][info][gc             ] GC(12) Pause Young (Allocation Failure) 13M->11M(19M) 4.635ms
[0.265s][info][gc,cpu         ] GC(12) User=0.02s Sys=0.00s Real=0.00s
[0.271s][info][gc,start       ] GC(13) Pause Young (Allocation Failure)
[0.276s][info][gc,heap        ] GC(13) PSYoungGen: 8640K(9728K)->2656K(12288K) Eden: 4608K(4608K)->0K(6656K) From: 4032K(5120K)->2656K(5632K)
[0.276s][info][gc,heap        ] GC(13) ParOldGen: 7720K(10240K)->11784K(12288K)
[0.276s][info][gc,metaspace   ] GC(13) Metaspace: 6300K(6464K)->6300K(6464K) NonClass: 5767K(5824K)->5767K(5824K) Class: 533K(640K)->533K(640K)
[0.276s][info][gc             ] GC(13) Pause Young (Allocation Failure) 15M->14M(24M) 5.668ms
[0.276s][info][gc,cpu         ] GC(13) User=0.00s Sys=0.00s Real=0.01s
[0.276s][info][gc,start       ] GC(14) Pause Full (Ergonomics)
[0.276s][info][gc,phases,start] GC(14) Marking Phase
[0.282s][info][gc,phases      ] GC(14) Marking Phase 5.869ms
[0.282s][info][gc,phases,start] GC(14) Summary Phase
[0.282s][info][gc,phases      ] GC(14) Summary Phase 0.017ms
[0.282s][info][gc,phases,start] GC(14) Adjust Roots
[0.282s][info][gc,phases      ] GC(14) Adjust Roots 0.177ms
[0.283s][info][gc,phases,start] GC(14) Compaction Phase
[0.289s][info][gc,phases      ] GC(14) Compaction Phase 6.171ms
[0.289s][info][gc,phases,start] GC(14) Post Compact
[0.289s][info][gc,phases      ] GC(14) Post Compact 0.046ms
[0.289s][info][gc,heap        ] GC(14) PSYoungGen: 2656K(12288K)->2045K(12288K) Eden: 0K(6656K)->0K(6656K) From: 2656K(5632K)->2045K(5632K)
[0.289s][info][gc,heap        ] GC(14) ParOldGen: 11784K(12288K)->11991K(18944K)
[0.289s][info][gc,metaspace   ] GC(14) Metaspace: 6300K(6464K)->6300K(6464K) NonClass: 5767K(5824K)->5767K(5824K) Class: 533K(640K)->533K(640K)
[0.289s][info][gc             ] GC(14) Pause Full (Ergonomics) 14M->13M(30M) 12.684ms
[0.289s][info][gc,cpu         ] GC(14) User=0.02s Sys=0.00s Real=0.01s
[0.294s][info][gc,start       ] GC(15) Pause Young (Allocation Failure)
[0.299s][info][gc,heap        ] GC(15) PSYoungGen: 8701K(12288K)->3424K(12288K) Eden: 6656K(6656K)->0K(6656K) From: 2045K(5632K)->3424K(5632K)
[0.299s][info][gc,heap        ] GC(15) ParOldGen: 11991K(18944K)->14079K(18944K)
[0.299s][info][gc,metaspace   ] GC(15) Metaspace: 6302K(6464K)->6302K(6464K) NonClass: 5769K(5824K)->5769K(5824K) Class: 533K(640K)->533K(640K)
[0.299s][info][gc             ] GC(15) Pause Young (Allocation Failure) 20M->17M(30M) 4.967ms
[0.299s][info][gc,cpu         ] GC(15) User=0.00s Sys=0.00s Real=0.01s
[0.303s][info][gc,start       ] GC(16) Pause Young (Allocation Failure)
[0.309s][info][gc,heap        ] GC(16) PSYoungGen: 10080K(12288K)->3488K(14848K) Eden: 6656K(6656K)->0K(9216K) From: 3424K(5632K)->3488K(5632K)
[0.309s][info][gc,heap        ] GC(16) ParOldGen: 14079K(18944K)->17543K(18944K)
[0.309s][info][gc,metaspace   ] GC(16) Metaspace: 6302K(6464K)->6302K(6464K) NonClass: 5769K(5824K)->5769K(5824K) Class: 533K(640K)->533K(640K)
[0.309s][info][gc             ] GC(16) Pause Young (Allocation Failure) 23M->20M(33M) 5.614ms
[0.309s][info][gc,cpu         ] GC(16) User=0.00s Sys=0.00s Real=0.01s
[0.309s][info][gc,start       ] GC(17) Pause Full (Ergonomics)
[0.309s][info][gc,phases,start] GC(17) Marking Phase
[0.318s][info][gc,phases      ] GC(17) Marking Phase 9.057ms
[0.318s][info][gc,phases,start] GC(17) Summary Phase
[0.318s][info][gc,phases      ] GC(17) Summary Phase 0.015ms
[0.318s][info][gc,phases,start] GC(17) Adjust Roots
[0.318s][info][gc,phases      ] GC(17) Adjust Roots 0.184ms
[0.318s][info][gc,phases,start] GC(17) Compaction Phase
[0.324s][info][gc,phases      ] GC(17) Compaction Phase 5.362ms
[0.324s][info][gc,phases,start] GC(17) Post Compact
[0.324s][info][gc,phases      ] GC(17) Post Compact 0.149ms
[0.324s][info][gc,heap        ] GC(17) PSYoungGen: 3488K(14848K)->2412K(14848K) Eden: 0K(9216K)->0K(9216K) From: 3488K(5632K)->2412K(5632K)
[0.324s][info][gc,heap        ] GC(17) ParOldGen: 17543K(18944K)->18460K(27648K)
[0.324s][info][gc,metaspace   ] GC(17) Metaspace: 6302K(6464K)->6302K(6464K) NonClass: 5769K(5824K)->5769K(5824K) Class: 533K(640K)->533K(640K)
[0.324s][info][gc             ] GC(17) Pause Full (Ergonomics) 20M->20M(41M) 15.105ms
[0.324s][info][gc,cpu         ] GC(17) User=0.00s Sys=0.00s Real=0.01s
[0.332s][info][gc,start       ] GC(18) Pause Young (Allocation Failure)
[0.339s][info][gc,heap        ] GC(18) PSYoungGen: 11628K(14848K)->5312K(14848K) Eden: 9216K(9216K)->0K(9216K) From: 2412K(5632K)->5312K(5632K)
[0.339s][info][gc,heap        ] GC(18) ParOldGen: 18460K(27648K)->20924K(27648K)
[0.339s][info][gc,metaspace   ] GC(18) Metaspace: 6302K(6464K)->6302K(6464K) NonClass: 5769K(5824K)->5769K(5824K) Class: 533K(640K)->533K(640K)
[0.339s][info][gc             ] GC(18) Pause Young (Allocation Failure) 29M->25M(41M) 6.360ms
[0.339s][info][gc,cpu         ] GC(18) User=0.00s Sys=0.00s Real=0.01s
[0.344s][info][gc,start       ] GC(19) Pause Young (Allocation Failure)
[0.352s][info][gc,heap        ] GC(19) PSYoungGen: 14528K(14848K)->4800K(18944K) Eden: 9216K(9216K)->0K(12288K) From: 5312K(5632K)->4800K(6656K)
[0.352s][info][gc,heap        ] GC(19) ParOldGen: 20924K(27648K)->26252K(27648K)
[0.352s][info][gc,metaspace   ] GC(19) Metaspace: 6302K(6464K)->6302K(6464K) NonClass: 5769K(5824K)->5769K(5824K) Class: 533K(640K)->533K(640K)
[0.352s][info][gc             ] GC(19) Pause Young (Allocation Failure) 34M->30M(45M) 7.934ms
[0.352s][info][gc,cpu         ] GC(19) User=0.00s Sys=0.00s Real=0.01s
[0.352s][info][gc,start       ] GC(20) Pause Full (Ergonomics)
[0.352s][info][gc,phases,start] GC(20) Marking Phase
[0.365s][info][gc,phases      ] GC(20) Marking Phase 12.914ms
[0.365s][info][gc,phases,start] GC(20) Summary Phase
[0.365s][info][gc,phases      ] GC(20) Summary Phase 0.015ms
[0.365s][info][gc,phases,start] GC(20) Adjust Roots
[0.365s][info][gc,phases      ] GC(20) Adjust Roots 0.180ms
[0.365s][info][gc,phases,start] GC(20) Compaction Phase
[0.376s][info][gc,phases      ] GC(20) Compaction Phase 10.150ms
[0.376s][info][gc,phases,start] GC(20) Post Compact
[0.376s][info][gc,phases      ] GC(20) Post Compact 0.150ms
[0.376s][info][gc,heap        ] GC(20) PSYoungGen: 4800K(18944K)->3228K(18944K) Eden: 0K(12288K)->0K(12288K) From: 4800K(6656K)->3228K(6656K)
[0.376s][info][gc,heap        ] GC(20) ParOldGen: 26252K(27648K)->27151K(38400K)
[0.376s][info][gc,metaspace   ] GC(20) Metaspace: 6302K(6464K)->6302K(6464K) NonClass: 5769K(5824K)->5769K(5824K) Class: 533K(640K)->533K(640K)
[0.376s][info][gc             ] GC(20) Pause Full (Ergonomics) 30M->29M(56M) 23.829ms
[0.376s][info][gc,cpu         ] GC(20) User=0.00s Sys=0.00s Real=0.02s
[0.387s][info][gc,start       ] GC(21) Pause Young (Allocation Failure)
[0.400s][info][gc,heap        ] GC(21) PSYoungGen: 15516K(18944K)->6656K(18944K) Eden: 12288K(12288K)->0K(12288K) From: 3228K(6656K)->6656K(6656K)
[0.400s][info][gc,heap        ] GC(21) ParOldGen: 27151K(38400K)->35263K(38400K)
[0.400s][info][gc,metaspace   ] GC(21) Metaspace: 6302K(6464K)->6302K(6464K) NonClass: 5769K(5824K)->5769K(5824K) Class: 533K(640K)->533K(640K)
[0.400s][info][gc             ] GC(21) Pause Young (Allocation Failure) 41M->40M(56M) 12.415ms
[0.400s][info][gc,cpu         ] GC(21) User=0.02s Sys=0.00s Real=0.01s
[0.400s][info][gc,start       ] GC(22) Pause Full (Ergonomics)
[0.400s][info][gc,phases,start] GC(22) Marking Phase
[0.417s][info][gc,phases      ] GC(22) Marking Phase 17.145ms
[0.417s][info][gc,phases,start] GC(22) Summary Phase
[0.417s][info][gc,phases      ] GC(22) Summary Phase 0.019ms
[0.417s][info][gc,phases,start] GC(22) Adjust Roots
[0.417s][info][gc,phases      ] GC(22) Adjust Roots 0.177ms
[0.417s][info][gc,phases,start] GC(22) Compaction Phase
[0.428s][info][gc,phases      ] GC(22) Compaction Phase 10.965ms
[0.428s][info][gc,phases,start] GC(22) Post Compact
[0.428s][info][gc,phases      ] GC(22) Post Compact 0.215ms
[0.429s][info][gc,heap        ] GC(22) PSYoungGen: 6656K(18944K)->3577K(18944K) Eden: 0K(12288K)->0K(12288K) From: 6656K(6656K)->3577K(6656K)
[0.429s][info][gc,heap        ] GC(22) ParOldGen: 35263K(38400K)->38189K(53248K)
[0.429s][info][gc,metaspace   ] GC(22) Metaspace: 6302K(6464K)->6302K(6464K) NonClass: 5769K(5824K)->5769K(5824K) Class: 533K(640K)->533K(640K)
[0.429s][info][gc             ] GC(22) Pause Full (Ergonomics) 40M->40M(70M) 28.973ms
[0.429s][info][gc,cpu         ] GC(22) User=0.03s Sys=0.00s Real=0.03s
[0.445s][info][gc,start       ] GC(23) Pause Young (Allocation Failure)
[0.459s][info][gc,heap        ] GC(23) PSYoungGen: 15865K(18944K)->10720K(21504K) Eden: 12288K(12288K)->0K(10752K) From: 3577K(6656K)->10720K(10752K)
[0.459s][info][gc,heap        ] GC(23) ParOldGen: 38189K(53248K)->43413K(53248K)
[0.459s][info][gc,metaspace   ] GC(23) Metaspace: 6302K(6464K)->6302K(6464K) NonClass: 5769K(5824K)->5769K(5824K) Class: 533K(640K)->533K(640K)
[0.459s][info][gc             ] GC(23) Pause Young (Allocation Failure) 52M->52M(73M) 14.133ms
[0.459s][info][gc,cpu         ] GC(23) User=0.00s Sys=0.00s Real=0.02s
[0.470s][info][gc,start       ] GC(24) Pause Young (Allocation Failure)
[0.484s][info][gc,heap        ] GC(24) PSYoungGen: 21472K(21504K)->10784K(25600K) Eden: 10752K(10752K)->0K(10752K) From: 10720K(10752K)->10784K(14848K)
[0.484s][info][gc,heap        ] GC(24) ParOldGen: 43413K(53248K)->54261K(54272K)
[0.484s][info][gc,metaspace   ] GC(24) Metaspace: 6302K(6464K)->6302K(6464K) NonClass: 5769K(5824K)->5769K(5824K) Class: 533K(640K)->533K(640K)
[0.484s][info][gc             ] GC(24) Pause Young (Allocation Failure) 63M->63M(78M) 14.010ms
[0.484s][info][gc,cpu         ] GC(24) User=0.00s Sys=0.00s Real=0.01s
[0.484s][info][gc,start       ] GC(25) Pause Full (Ergonomics)
[0.484s][info][gc,phases,start] GC(25) Marking Phase
[0.511s][info][gc,phases      ] GC(25) Marking Phase 26.902ms
[0.511s][info][gc,phases,start] GC(25) Summary Phase
[0.511s][info][gc,phases      ] GC(25) Summary Phase 0.026ms
[0.511s][info][gc,phases,start] GC(25) Adjust Roots
[0.511s][info][gc,phases      ] GC(25) Adjust Roots 0.240ms
[0.511s][info][gc,phases,start] GC(25) Compaction Phase
[0.535s][info][gc,phases      ] GC(25) Compaction Phase 23.119ms
[0.535s][info][gc,phases,start] GC(25) Post Compact
[0.535s][info][gc,phases      ] GC(25) Post Compact 0.200ms
[0.535s][info][gc,heap        ] GC(25) PSYoungGen: 10784K(25600K)->9696K(25600K) Eden: 0K(10752K)->0K(10752K) From: 10784K(14848K)->9696K(14848K)
[0.535s][info][gc,heap        ] GC(25) ParOldGen: 54261K(54272K)->54026K(73728K)
[0.535s][info][gc,metaspace   ] GC(25) Metaspace: 6302K(6464K)->6302K(6464K) NonClass: 5769K(5824K)->5769K(5824K) Class: 533K(640K)->533K(640K)
[0.535s][info][gc             ] GC(25) Pause Full (Ergonomics) 63M->62M(97M) 50.843ms
[0.535s][info][gc,cpu         ] GC(25) User=0.03s Sys=0.00s Real=0.05s
[0.546s][info][gc,start       ] GC(26) Pause Young (Allocation Failure)
[0.569s][info][gc,heap        ] GC(26) PSYoungGen: 20448K(25600K)->10784K(28672K) Eden: 10752K(10752K)->0K(12800K) From: 9696K(14848K)->10784K(15872K)
[0.569s][info][gc,heap        ] GC(26) ParOldGen: 54026K(73728K)->63882K(73728K)
[0.569s][info][gc,metaspace   ] GC(26) Metaspace: 6302K(6464K)->6302K(6464K) NonClass: 5769K(5824K)->5769K(5824K) Class: 533K(640K)->533K(640K)
[0.569s][info][gc             ] GC(26) Pause Young (Allocation Failure) 72M->72M(100M) 23.384ms
[0.570s][info][gc,cpu         ] GC(26) User=0.03s Sys=0.00s Real=0.02s
[0.570s][info][gc,start       ] GC(27) Pause Full (Ergonomics)
[0.570s][info][gc,phases,start] GC(27) Marking Phase
[0.601s][info][gc,phases      ] GC(27) Marking Phase 31.445ms
[0.601s][info][gc,phases,start] GC(27) Summary Phase
[0.601s][info][gc,phases      ] GC(27) Summary Phase 0.017ms
[0.601s][info][gc,phases,start] GC(27) Adjust Roots
[0.601s][info][gc,phases      ] GC(27) Adjust Roots 0.170ms
[0.601s][info][gc,phases,start] GC(27) Compaction Phase
[0.620s][info][gc,phases      ] GC(27) Compaction Phase 18.264ms
[0.620s][info][gc,phases,start] GC(27) Post Compact
[0.620s][info][gc,phases      ] GC(27) Post Compact 0.523ms
[0.620s][info][gc,heap        ] GC(27) PSYoungGen: 10784K(28672K)->1013K(28672K) Eden: 0K(12800K)->0K(12800K) From: 10784K(15872K)->1013K(15872K)
[0.620s][info][gc,heap        ] GC(27) ParOldGen: 63882K(73728K)->73432K(96256K)
[0.620s][info][gc,metaspace   ] GC(27) Metaspace: 6302K(6464K)->6302K(6464K) NonClass: 5769K(5824K)->5769K(5824K) Class: 533K(640K)->533K(640K)
[0.620s][info][gc             ] GC(27) Pause Full (Ergonomics) 72M->72M(122M) 50.925ms
[0.621s][info][gc,cpu         ] GC(27) User=0.08s Sys=0.00s Real=0.05s
[0.634s][info][gc,start       ] GC(28) Pause Young (Allocation Failure)
[0.652s][info][gc,heap        ] GC(28) PSYoungGen: 13813K(28672K)->13824K(29184K) Eden: 12800K(12800K)->0K(12800K) From: 1013K(15872K)->13824K(16384K)
[0.652s][info][gc,heap        ] GC(28) ParOldGen: 73432K(96256K)->73432K(96256K)
[0.652s][info][gc,metaspace   ] GC(28) Metaspace: 6302K(6464K)->6302K(6464K) NonClass: 5769K(5824K)->5769K(5824K) Class: 533K(640K)->533K(640K)
[0.652s][info][gc             ] GC(28) Pause Young (Allocation Failure) 85M->85M(122M) 18.446ms
[0.652s][info][gc,cpu         ] GC(28) User=0.03s Sys=0.00s Real=0.02s
[0.674s][info][gc,start       ] GC(29) Pause Young (Allocation Failure)
[0.697s][info][gc,heap        ] GC(29) PSYoungGen: 26624K(29184K)->18400K(27648K) Eden: 12800K(12800K)->0K(9216K) From: 13824K(16384K)->18400K(18432K)
[0.697s][info][gc,heap        ] GC(29) ParOldGen: 73432K(96256K)->81760K(96256K)
[0.697s][info][gc,metaspace   ] GC(29) Metaspace: 6302K(6464K)->6302K(6464K) NonClass: 5769K(5824K)->5769K(5824K) Class: 533K(640K)->533K(640K)
[0.698s][info][gc             ] GC(29) Pause Young (Allocation Failure) 97M->97M(121M) 23.740ms
[0.698s][info][gc,cpu         ] GC(29) User=0.03s Sys=0.00s Real=0.02s
[0.706s][info][gc,start       ] GC(30) Pause Young (Allocation Failure)
[0.725s][info][gc,heap        ] GC(30) PSYoungGen: 27616K(27648K)->17632K(33792K) Eden: 9216K(9216K)->0K(9216K) From: 18400K(18432K)->17632K(24576K)
[0.725s][info][gc,heap        ] GC(30) ParOldGen: 81760K(96256K)->91904K(96256K)
[0.725s][info][gc,metaspace   ] GC(30) Metaspace: 6302K(6464K)->6302K(6464K) NonClass: 5769K(5824K)->5769K(5824K) Class: 533K(640K)->533K(640K)
[0.725s][info][gc             ] GC(30) Pause Young (Allocation Failure) 106M->106M(127M) 19.505ms
[0.725s][info][gc,cpu         ] GC(30) User=0.02s Sys=0.00s Real=0.02s
[0.725s][info][gc,start       ] GC(31) Pause Full (Ergonomics)
[0.725s][info][gc,phases,start] GC(31) Marking Phase
[0.759s][info][gc,phases      ] GC(31) Marking Phase 33.793ms
[0.759s][info][gc,phases,start] GC(31) Summary Phase
[0.759s][info][gc,phases      ] GC(31) Summary Phase 0.015ms
[0.759s][info][gc,phases,start] GC(31) Adjust Roots
[0.759s][info][gc,phases      ] GC(31) Adjust Roots 0.162ms
[0.759s][info][gc,phases,start] GC(31) Compaction Phase
[0.786s][info][gc,phases      ] GC(31) Compaction Phase 26.884ms
[0.786s][info][gc,phases,start] GC(31) Post Compact
[0.787s][info][gc,phases      ] GC(31) Post Compact 0.414ms
[0.787s][info][gc,heap        ] GC(31) PSYoungGen: 17632K(33792K)->14506K(33792K) Eden: 0K(9216K)->0K(9216K) From: 17632K(24576K)->14506K(24576K)
[0.787s][info][gc,heap        ] GC(31) ParOldGen: 91904K(96256K)->92617K(118784K)
[0.787s][info][gc,metaspace   ] GC(31) Metaspace: 6302K(6464K)->6302K(6464K) NonClass: 5769K(5824K)->5769K(5824K) Class: 533K(640K)->533K(640K)
[0.787s][info][gc             ] GC(31) Pause Full (Ergonomics) 106M->104M(149M) 61.671ms
[0.787s][info][gc,cpu         ] GC(31) User=0.12s Sys=0.00s Real=0.06s
[0.796s][info][gc,start       ] GC(32) Pause Young (Allocation Failure)
[0.813s][info][gc,heap        ] GC(32) PSYoungGen: 23722K(33792K)->16992K(36864K) Eden: 9216K(9216K)->0K(10752K) From: 14506K(24576K)->16992K(26112K)
[0.813s][info][gc,heap        ] GC(32) ParOldGen: 92617K(118784K)->99449K(118784K)
[0.814s][info][gc,metaspace   ] GC(32) Metaspace: 6302K(6464K)->6302K(6464K) NonClass: 5769K(5824K)->5769K(5824K) Class: 533K(640K)->533K(640K)
[0.814s][info][gc             ] GC(32) Pause Young (Allocation Failure) 113M->113M(152M) 17.805ms
[0.814s][info][gc,cpu         ] GC(32) User=0.03s Sys=0.00s Real=0.02s
[0.824s][info][gc,start       ] GC(33) Pause Young (Allocation Failure)
[0.840s][info][gc,heap        ] GC(33) PSYoungGen: 27744K(36864K)->27136K(37888K) Eden: 10752K(10752K)->0K(10752K) From: 16992K(26112K)->27136K(27136K)
[0.840s][info][gc,heap        ] GC(33) ParOldGen: 99449K(118784K)->100017K(118784K)
[0.840s][info][gc,metaspace   ] GC(33) Metaspace: 6302K(6464K)->6302K(6464K) NonClass: 5769K(5824K)->5769K(5824K) Class: 533K(640K)->533K(640K)
[0.840s][info][gc             ] GC(33) Pause Young (Allocation Failure) 124M->124M(153M) 16.342ms
[0.840s][info][gc,cpu         ] GC(33) User=0.00s Sys=0.00s Real=0.02s
[0.850s][info][gc,start       ] GC(34) Pause Young (Allocation Failure)
[0.874s][info][gc,heap        ] GC(34) PSYoungGen: 37888K(37888K)->21248K(43520K) Eden: 10752K(10752K)->0K(11776K) From: 27136K(27136K)->21248K(31744K)
[0.874s][info][gc,heap        ] GC(34) ParOldGen: 100017K(118784K)->116905K(118784K)
[0.874s][info][gc,metaspace   ] GC(34) Metaspace: 6302K(6464K)->6302K(6464K) NonClass: 5769K(5824K)->5769K(5824K) Class: 533K(640K)->533K(640K)
[0.874s][info][gc             ] GC(34) Pause Young (Allocation Failure) 134M->134M(158M) 23.917ms
[0.874s][info][gc,cpu         ] GC(34) User=0.03s Sys=0.02s Real=0.02s
[0.874s][info][gc,start       ] GC(35) Pause Full (Ergonomics)
[0.874s][info][gc,phases,start] GC(35) Marking Phase
[0.915s][info][gc,phases      ] GC(35) Marking Phase 41.026ms
[0.915s][info][gc,phases,start] GC(35) Summary Phase
[0.915s][info][gc,phases      ] GC(35) Summary Phase 0.017ms
[0.915s][info][gc,phases,start] GC(35) Adjust Roots
[0.915s][info][gc,phases      ] GC(35) Adjust Roots 0.179ms
[0.915s][info][gc,phases,start] GC(35) Compaction Phase
[0.950s][info][gc,phases      ] GC(35) Compaction Phase 34.813ms
[0.950s][info][gc,phases,start] GC(35) Post Compact
[0.951s][info][gc,phases      ] GC(35) Post Compact 0.877ms
[0.951s][info][gc,heap        ] GC(35) PSYoungGen: 21248K(43520K)->19138K(43520K) Eden: 0K(11776K)->0K(11776K) From: 21248K(31744K)->19138K(31744K)
[0.951s][info][gc,heap        ] GC(35) ParOldGen: 116905K(118784K)->118611K(150016K)
[0.952s][info][gc,metaspace   ] GC(35) Metaspace: 6302K(6464K)->6302K(6464K) NonClass: 5769K(5824K)->5769K(5824K) Class: 533K(640K)->533K(640K)
[0.952s][info][gc             ] GC(35) Pause Full (Ergonomics) 134M->134M(189M) 77.492ms
[0.952s][info][gc,cpu         ] GC(35) User=0.11s Sys=0.00s Real=0.08s
[0.966s][info][gc,start       ] GC(36) Pause Young (Allocation Failure)
[0.993s][info][gc,heap        ] GC(36) PSYoungGen: 30914K(43520K)->11840K(45056K) Eden: 11776K(11776K)->0K(11776K) From: 19138K(31744K)->11840K(33280K)
[0.993s][info][gc,heap        ] GC(36) ParOldGen: 118611K(150016K)->138059K(150016K)
[0.993s][info][gc,metaspace   ] GC(36) Metaspace: 6302K(6464K)->6302K(6464K) NonClass: 5769K(5824K)->5769K(5824K) Class: 533K(640K)->533K(640K)
[0.993s][info][gc             ] GC(36) Pause Young (Allocation Failure) 146M->146M(190M) 27.259ms
[0.993s][info][gc,cpu         ] GC(36) User=0.05s Sys=0.00s Real=0.03s
[0.993s][info][gc,start       ] GC(37) Pause Full (Ergonomics)
[0.993s][info][gc,phases,start] GC(37) Marking Phase
[1.038s][info][gc,phases      ] GC(37) Marking Phase 44.958ms
[1.038s][info][gc,phases,start] GC(37) Summary Phase
[1.038s][info][gc,phases      ] GC(37) Summary Phase 0.023ms
[1.038s][info][gc,phases,start] GC(37) Adjust Roots
[1.038s][info][gc,phases      ] GC(37) Adjust Roots 0.159ms
[1.038s][info][gc,phases,start] GC(37) Compaction Phase
[1.061s][info][gc,phases      ] GC(37) Compaction Phase 22.931ms
[1.062s][info][gc,phases,start] GC(37) Post Compact
[1.063s][info][gc,phases      ] GC(37) Post Compact 1.057ms
[1.063s][info][gc,heap        ] GC(37) PSYoungGen: 11840K(45056K)->0K(45568K) Eden: 0K(11776K)->0K(13824K) From: 11840K(33280K)->0K(31744K)
[1.063s][info][gc,heap        ] GC(37) ParOldGen: 138059K(150016K)->149491K(186880K)
[1.063s][info][gc,metaspace   ] GC(37) Metaspace: 6302K(6464K)->6302K(6464K) NonClass: 5769K(5824K)->5769K(5824K) Class: 533K(640K)->533K(640K)
[1.063s][info][gc             ] GC(37) Pause Full (Ergonomics) 146M->145M(227M) 69.755ms
[1.063s][info][gc,cpu         ] GC(37) User=0.14s Sys=0.00s Real=0.07s
[1.079s][info][gc,start       ] GC(38) Pause Young (Allocation Failure)
[1.087s][info][gc,heap        ] GC(38) PSYoungGen: 13824K(45568K)->13888K(45568K) Eden: 13824K(13824K)->0K(13824K) From: 0K(31744K)->13888K(31744K)
[1.087s][info][gc,heap        ] GC(38) ParOldGen: 149491K(186880K)->149491K(186880K)
[1.087s][info][gc,metaspace   ] GC(38) Metaspace: 6302K(6464K)->6302K(6464K) NonClass: 5769K(5824K)->5769K(5824K) Class: 533K(640K)->533K(640K)
[1.087s][info][gc             ] GC(38) Pause Young (Allocation Failure) 159M->159M(227M) 8.798ms
[1.087s][info][gc,cpu         ] GC(38) User=0.00s Sys=0.00s Real=0.01s
[1.140s][info][gc,start       ] GC(39) Pause Young (Allocation Failure)
[1.160s][info][gc,heap        ] GC(39) PSYoungGen: 27712K(45568K)->27712K(42496K) Eden: 13824K(13824K)->0K(12288K) From: 13888K(31744K)->27712K(30208K)
[1.160s][info][gc,heap        ] GC(39) ParOldGen: 157683K(186880K)->157683K(186880K)
[1.160s][info][gc,metaspace   ] GC(39) Metaspace: 6302K(6464K)->6302K(6464K) NonClass: 5769K(5824K)->5769K(5824K) Class: 533K(640K)->533K(640K)
[1.160s][info][gc             ] GC(39) Pause Young (Allocation Failure) 181M->181M(224M) 19.478ms
[1.160s][info][gc,cpu         ] GC(39) User=0.05s Sys=0.00s Real=0.02s
[1.171s][info][gc,start       ] GC(40) Pause Young (Allocation Failure)
[1.190s][info][gc,heap        ] GC(40) PSYoungGen: 40000K(42496K)->33792K(46080K) Eden: 12288K(12288K)->0K(12288K) From: 27712K(30208K)->33792K(33792K)
[1.190s][info][gc,heap        ] GC(40) ParOldGen: 157683K(186880K)->163899K(186880K)
[1.190s][info][gc,metaspace   ] GC(40) Metaspace: 6302K(6464K)->6302K(6464K) NonClass: 5769K(5824K)->5769K(5824K) Class: 533K(640K)->533K(640K)
[1.190s][info][gc             ] GC(40) Pause Young (Allocation Failure) 193M->193M(227M) 18.897ms
[1.190s][info][gc,cpu         ] GC(40) User=0.06s Sys=0.00s Real=0.02s
[1.201s][info][gc,start       ] GC(41) Pause Young (Allocation Failure)
[1.224s][info][gc,heap        ] GC(41) PSYoungGen: 46080K(46080K)->21920K(53760K) Eden: 12288K(12288K)->0K(14336K) From: 33792K(33792K)->21920K(39424K)
[1.224s][info][gc,heap        ] GC(41) ParOldGen: 163899K(186880K)->188459K(188928K)
[1.224s][info][gc,metaspace   ] GC(41) Metaspace: 6302K(6464K)->6302K(6464K) NonClass: 5769K(5824K)->5769K(5824K) Class: 533K(640K)->533K(640K)
[1.224s][info][gc             ] GC(41) Pause Young (Allocation Failure) 205M->205M(237M) 22.859ms
[1.224s][info][gc,cpu         ] GC(41) User=0.08s Sys=0.00s Real=0.02s
[1.224s][info][gc,start       ] GC(42) Pause Full (Ergonomics)
[1.224s][info][gc,phases,start] GC(42) Marking Phase
[1.277s][info][gc,phases      ] GC(42) Marking Phase 52.720ms
[1.277s][info][gc,phases,start] GC(42) Summary Phase
[1.277s][info][gc,phases      ] GC(42) Summary Phase 0.018ms
[1.277s][info][gc,phases,start] GC(42) Adjust Roots
[1.277s][info][gc,phases      ] GC(42) Adjust Roots 0.150ms
[1.277s][info][gc,phases,start] GC(42) Compaction Phase
[1.315s][info][gc,phases      ] GC(42) Compaction Phase 37.828ms
[1.315s][info][gc,phases,start] GC(42) Post Compact
[1.316s][info][gc,phases      ] GC(42) Post Compact 1.065ms
[1.317s][info][gc,heap        ] GC(42) PSYoungGen: 21920K(53760K)->17200K(54784K) Eden: 0K(14336K)->0K(15360K) From: 21920K(39424K)->17200K(39424K)
[1.317s][info][gc,heap        ] GC(42) ParOldGen: 188459K(188928K)->188477K(230912K)
[1.317s][info][gc,metaspace   ] GC(42) Metaspace: 6302K(6464K)->6302K(6464K) NonClass: 5769K(5824K)->5769K(5824K) Class: 533K(640K)->533K(640K)
[1.317s][info][gc             ] GC(42) Pause Full (Ergonomics) 205M->200M(279M) 92.306ms
[1.317s][info][gc,cpu         ] GC(42) User=0.30s Sys=0.00s Real=0.09s
[1.334s][info][gc,start       ] GC(43) Pause Young (Allocation Failure)
[1.355s][info][gc,heap        ] GC(43) PSYoungGen: 32560K(54784K)->25440K(55808K) Eden: 15360K(15360K)->0K(15360K) From: 17200K(39424K)->25440K(40448K)
[1.355s][info][gc,heap        ] GC(43) ParOldGen: 188477K(230912K)->195837K(230912K)
[1.355s][info][gc,metaspace   ] GC(43) Metaspace: 6302K(6464K)->6302K(6464K) NonClass: 5769K(5824K)->5769K(5824K) Class: 533K(640K)->533K(640K)
[1.355s][info][gc             ] GC(43) Pause Young (Allocation Failure) 215M->216M(280M) 21.652ms
[1.355s][info][gc,cpu         ] GC(43) User=0.08s Sys=0.02s Real=0.02s
[1.372s][info][gc,start       ] GC(44) Pause Young (Allocation Failure)
[1.392s][info][gc,heap        ] GC(44) PSYoungGen: 40800K(55808K)->40832K(53760K) Eden: 15360K(15360K)->0K(12288K) From: 25440K(40448K)->40832K(41472K)
[1.392s][info][gc,heap        ] GC(44) ParOldGen: 195837K(230912K)->195837K(230912K)
[1.392s][info][gc,metaspace   ] GC(44) Metaspace: 6302K(6464K)->6302K(6464K) NonClass: 5769K(5824K)->5769K(5824K) Class: 533K(640K)->533K(640K)
[1.392s][info][gc             ] GC(44) Pause Young (Allocation Failure) 231M->231M(278M) 20.058ms
[1.392s][info][gc,cpu         ] GC(44) User=0.09s Sys=0.00s Real=0.02s
[1.405s][info][gc,start       ] GC(45) Pause Young (Allocation Failure)
[1.429s][info][gc,heap        ] GC(45) PSYoungGen: 53120K(53760K)->43072K(59392K) Eden: 12288K(12288K)->0K(12288K) From: 40832K(41472K)->43072K(47104K)
[1.429s][info][gc,heap        ] GC(45) ParOldGen: 195837K(230912K)->205973K(230912K)
[1.429s][info][gc,metaspace   ] GC(45) Metaspace: 6302K(6464K)->6302K(6464K) NonClass: 5769K(5824K)->5769K(5824K) Class: 533K(640K)->533K(640K)
[1.429s][info][gc             ] GC(45) Pause Young (Allocation Failure) 243M->243M(283M) 23.699ms
[1.429s][info][gc,cpu         ] GC(45) User=0.09s Sys=0.00s Real=0.02s
[1.443s][info][gc,start       ] GC(46) Pause Young (Allocation Failure)
[1.468s][info][gc,heap        ] GC(46) PSYoungGen: 55360K(59392K)->40064K(63488K) Eden: 12288K(12288K)->0K(10752K) From: 43072K(47104K)->40064K(52736K)
[1.468s][info][gc,heap        ] GC(46) ParOldGen: 205973K(230912K)->221549K(230912K)
[1.469s][info][gc,metaspace   ] GC(46) Metaspace: 6302K(6464K)->6302K(6464K) NonClass: 5769K(5824K)->5769K(5824K) Class: 533K(640K)->533K(640K)
[1.469s][info][gc             ] GC(46) Pause Young (Allocation Failure) 255M->255M(287M) 25.850ms
[1.469s][info][gc,cpu         ] GC(46) User=0.09s Sys=0.00s Real=0.03s
[1.469s][info][gc,start       ] GC(47) Pause Full (Ergonomics)
[1.469s][info][gc,phases,start] GC(47) Marking Phase
[1.529s][info][gc,phases      ] GC(47) Marking Phase 60.562ms
[1.529s][info][gc,phases,start] GC(47) Summary Phase
[1.529s][info][gc,phases      ] GC(47) Summary Phase 0.018ms
[1.529s][info][gc,phases,start] GC(47) Adjust Roots
[1.529s][info][gc,phases      ] GC(47) Adjust Roots 0.197ms
[1.529s][info][gc,phases,start] GC(47) Compaction Phase
[1.559s][info][gc,phases      ] GC(47) Compaction Phase 29.292ms
[1.559s][info][gc,phases,start] GC(47) Post Compact
[1.560s][info][gc,phases      ] GC(47) Post Compact 1.344ms
[1.560s][info][gc,heap        ] GC(47) PSYoungGen: 40064K(63488K)->30133K(63488K) Eden: 0K(10752K)->0K(10752K) From: 40064K(52736K)->30133K(52736K)
[1.561s][info][gc,heap        ] GC(47) ParOldGen: 221549K(230912K)->230715K(273920K)
[1.561s][info][gc,metaspace   ] GC(47) Metaspace: 6302K(6464K)->6302K(6464K) NonClass: 5769K(5824K)->5769K(5824K) Class: 533K(640K)->533K(640K)
[1.561s][info][gc             ] GC(47) Pause Full (Ergonomics) 255M->254M(329M) 91.954ms
[1.561s][info][gc,cpu         ] GC(47) User=0.42s Sys=0.00s Real=0.09s
[1.572s][info][gc,start       ] GC(48) Pause Young (Allocation Failure)
[1.599s][info][gc,heap        ] GC(48) PSYoungGen: 40885K(63488K)->20608K(31744K) Eden: 10752K(10752K)->0K(10752K) From: 30133K(52736K)->20608K(20992K)
[1.599s][info][gc,heap        ] GC(48) ParOldGen: 230715K(273920K)->251475K(273920K)
[1.599s][info][gc,metaspace   ] GC(48) Metaspace: 6302K(6464K)->6302K(6464K) NonClass: 5769K(5824K)->5769K(5824K) Class: 533K(640K)->533K(640K)
[1.599s][info][gc             ] GC(48) Pause Young (Allocation Failure) 265M->265M(298M) 27.129ms
[1.599s][info][gc,cpu         ] GC(48) User=0.12s Sys=0.00s Real=0.03s
[1.599s][info][gc,start       ] GC(49) Pause Full (Ergonomics)
[1.599s][info][gc,phases,start] GC(49) Marking Phase
[1.662s][info][gc,phases      ] GC(49) Marking Phase 62.498ms
[1.662s][info][gc,phases,start] GC(49) Summary Phase
[1.662s][info][gc,phases      ] GC(49) Summary Phase 0.028ms
[1.662s][info][gc,phases,start] GC(49) Adjust Roots
[1.662s][info][gc,phases      ] GC(49) Adjust Roots 0.148ms
[1.662s][info][gc,phases,start] GC(49) Compaction Phase
[1.690s][info][gc,phases      ] GC(49) Compaction Phase 27.499ms
[1.690s][info][gc,phases,start] GC(49) Post Compact
[1.691s][info][gc,phases      ] GC(49) Post Compact 1.235ms
[1.691s][info][gc,heap        ] GC(49) PSYoungGen: 20608K(31744K)->0K(65536K) Eden: 0K(10752K)->0K(12288K) From: 20608K(20992K)->0K(53248K)
[1.691s][info][gc,heap        ] GC(49) ParOldGen: 251475K(273920K)->271571K(320512K)
[1.691s][info][gc,metaspace   ] GC(49) Metaspace: 6302K(6464K)->6302K(6464K) NonClass: 5769K(5824K)->5769K(5824K) Class: 533K(640K)->533K(640K)
[1.691s][info][gc             ] GC(49) Pause Full (Ergonomics) 265M->265M(377M) 91.988ms
[1.691s][info][gc,cpu         ] GC(49) User=0.42s Sys=0.03s Real=0.09s
[1.705s][info][gc,start       ] GC(50) Pause Young (Allocation Failure)
[1.713s][info][gc,heap        ] GC(50) PSYoungGen: 12288K(65536K)->12416K(66048K) Eden: 12288K(12288K)->0K(12288K) From: 0K(53248K)->12416K(53760K)
[1.713s][info][gc,heap        ] GC(50) ParOldGen: 271571K(320512K)->271571K(320512K)
[1.713s][info][gc,metaspace   ] GC(50) Metaspace: 6302K(6464K)->6302K(6464K) NonClass: 5769K(5824K)->5769K(5824K) Class: 533K(640K)->533K(640K)
[1.713s][info][gc             ] GC(50) Pause Young (Allocation Failure) 277M->277M(377M) 7.717ms
[1.713s][info][gc,cpu         ] GC(50) User=0.00s Sys=0.00s Real=0.01s
[1.727s][info][gc,start       ] GC(51) Pause Young (Allocation Failure)
[1.740s][info][gc,heap        ] GC(51) PSYoungGen: 24704K(66048K)->24736K(62464K) Eden: 12288K(12288K)->0K(13824K) From: 12416K(53760K)->24736K(48640K)
[1.740s][info][gc,heap        ] GC(51) ParOldGen: 271571K(320512K)->271571K(320512K)
[1.740s][info][gc,metaspace   ] GC(51) Metaspace: 6302K(6464K)->6302K(6464K) NonClass: 5769K(5824K)->5769K(5824K) Class: 533K(640K)->533K(640K)
[1.740s][info][gc             ] GC(51) Pause Young (Allocation Failure) 289M->289M(374M) 13.108ms
[1.740s][info][gc,cpu         ] GC(51) User=0.02s Sys=0.00s Real=0.01s
[1.756s][info][gc,start       ] GC(52) Pause Young (Allocation Failure)
[1.774s][info][gc,heap        ] GC(52) PSYoungGen: 38560K(62464K)->38496K(64512K) Eden: 13824K(13824K)->0K(13824K) From: 24736K(48640K)->38496K(50688K)
[1.774s][info][gc,heap        ] GC(52) ParOldGen: 271571K(320512K)->271571K(320512K)
[1.774s][info][gc,metaspace   ] GC(52) Metaspace: 6302K(6464K)->6302K(6464K) NonClass: 5769K(5824K)->5769K(5824K) Class: 533K(640K)->533K(640K)
[1.774s][info][gc             ] GC(52) Pause Young (Allocation Failure) 302M->302M(376M) 18.219ms
[1.774s][info][gc,cpu         ] GC(52) User=0.12s Sys=0.00s Real=0.02s
[1.789s][info][gc,start       ] GC(53) Pause Young (Allocation Failure)
[1.813s][info][gc,heap        ] GC(53) PSYoungGen: 52320K(64512K)->52320K(62464K) Eden: 13824K(13824K)->0K(8704K) From: 38496K(50688K)->52320K(53760K)
[1.813s][info][gc,heap        ] GC(53) ParOldGen: 271571K(320512K)->271571K(320512K)
[1.813s][info][gc,metaspace   ] GC(53) Metaspace: 6302K(6464K)->6302K(6464K) NonClass: 5769K(5824K)->5769K(5824K) Class: 533K(640K)->533K(640K)
[1.813s][info][gc             ] GC(53) Pause Young (Allocation Failure) 316M->316M(374M) 23.511ms
[1.813s][info][gc,cpu         ] GC(53) User=0.11s Sys=0.03s Real=0.02s
[1.823s][info][gc,start       ] GC(54) Pause Young (Allocation Failure)
[1.849s][info][gc,heap        ] GC(54) PSYoungGen: 61024K(62464K)->60928K(69632K) Eden: 8704K(8704K)->0K(8704K) From: 52320K(53760K)->60928K(60928K)
[1.849s][info][gc,heap        ] GC(54) ParOldGen: 271571K(320512K)->271635K(320512K)
[1.849s][info][gc,metaspace   ] GC(54) Metaspace: 6302K(6464K)->6302K(6464K) NonClass: 5769K(5824K)->5769K(5824K) Class: 533K(640K)->533K(640K)
[1.849s][info][gc             ] GC(54) Pause Young (Allocation Failure) 324M->324M(381M) 26.391ms
[1.850s][info][gc,cpu         ] GC(54) User=0.14s Sys=0.00s Real=0.03s
[1.859s][info][gc,start       ] GC(55) Pause Young (Allocation Failure)
[1.890s][info][gc,heap        ] GC(55) PSYoungGen: 69632K(69632K)->45120K(79360K) Eden: 8704K(8704K)->0K(9216K) From: 60928K(60928K)->45120K(70144K)
[1.890s][info][gc,heap        ] GC(55) ParOldGen: 271635K(320512K)->296507K(320512K)
[1.890s][info][gc,metaspace   ] GC(55) Metaspace: 6302K(6464K)->6302K(6464K) NonClass: 5769K(5824K)->5769K(5824K) Class: 533K(640K)->533K(640K)
[1.890s][info][gc             ] GC(55) Pause Young (Allocation Failure) 333M->333M(390M) 30.757ms
[1.890s][info][gc,cpu         ] GC(55) User=0.14s Sys=0.00s Real=0.03s
[1.890s][info][gc,start       ] GC(56) Pause Full (Ergonomics)
[1.890s][info][gc,phases,start] GC(56) Marking Phase
[1.952s][info][gc,phases      ] GC(56) Marking Phase 61.500ms
[1.952s][info][gc,phases,start] GC(56) Summary Phase
[1.952s][info][gc,phases      ] GC(56) Summary Phase 0.021ms
[1.952s][info][gc,phases,start] GC(56) Adjust Roots
[1.952s][info][gc,phases      ] GC(56) Adjust Roots 0.150ms
[1.952s][info][gc,phases,start] GC(56) Compaction Phase
[1.985s][info][gc,phases      ] GC(56) Compaction Phase 33.173ms
[1.985s][info][gc,phases,start] GC(56) Post Compact
[1.987s][info][gc,phases      ] GC(56) Post Compact 1.598ms
[1.987s][info][gc,heap        ] GC(56) PSYoungGen: 45120K(79360K)->20882K(79360K) Eden: 0K(9216K)->0K(9216K) From: 45120K(70144K)->20882K(70144K)
[1.987s][info][gc,heap        ] GC(56) ParOldGen: 296507K(320512K)->320142K(373248K)
[1.987s][info][gc,metaspace   ] GC(56) Metaspace: 6302K(6464K)->6302K(6464K) NonClass: 5769K(5824K)->5769K(5824K) Class: 533K(640K)->533K(640K)
[1.987s][info][gc             ] GC(56) Pause Full (Ergonomics) 333M->333M(442M) 96.957ms
[1.987s][info][gc,cpu         ] GC(56) User=0.53s Sys=0.00s Real=0.10s
[1.997s][info][gc,start       ] GC(57) Pause Young (Allocation Failure)
[2.024s][info][gc,heap        ] GC(57) PSYoungGen: 30098K(79360K)->16576K(80384K) Eden: 9216K(9216K)->0K(9216K) From: 20882K(70144K)->16576K(71168K)
[2.024s][info][gc,heap        ] GC(57) ParOldGen: 320142K(373248K)->334070K(373248K)
[2.024s][info][gc,metaspace   ] GC(57) Metaspace: 6302K(6464K)->6302K(6464K) NonClass: 5769K(5824K)->5769K(5824K) Class: 533K(640K)->533K(640K)
[2.024s][info][gc             ] GC(57) Pause Young (Allocation Failure) 342M->342M(443M) 26.893ms
[2.024s][info][gc,cpu         ] GC(57) User=0.14s Sys=0.00s Real=0.03s
[2.097s][info][gc,start       ] GC(58) Pause Full (Ergonomics)
[2.097s][info][gc,phases,start] GC(58) Marking Phase
[2.180s][info][gc,phases      ] GC(58) Marking Phase 82.882ms
[2.180s][info][gc,phases,start] GC(58) Summary Phase
[2.180s][info][gc,phases      ] GC(58) Summary Phase 0.033ms
[2.180s][info][gc,phases,start] GC(58) Adjust Roots
[2.180s][info][gc,phases      ] GC(58) Adjust Roots 0.157ms
[2.180s][info][gc,phases,start] GC(58) Compaction Phase
[2.245s][info][gc,phases      ] GC(58) Compaction Phase 64.915ms
[2.245s][info][gc,phases,start] GC(58) Post Compact
[2.247s][info][gc,phases      ] GC(58) Post Compact 1.865ms
[2.247s][info][gc,heap        ] GC(58) PSYoungGen: 25792K(80384K)->0K(79872K) Eden: 9216K(9216K)->0K(10240K) From: 16576K(71168K)->0K(69632K)
[2.247s][info][gc,heap        ] GC(58) ParOldGen: 350454K(373248K)->367587K(424448K)
[2.247s][info][gc,metaspace   ] GC(58) Metaspace: 6302K(6464K)->6302K(6464K) NonClass: 5769K(5824K)->5769K(5824K) Class: 533K(640K)->533K(640K)
[2.247s][info][gc             ] GC(58) Pause Full (Ergonomics) 367M->358M(492M) 150.527ms
[2.247s][info][gc,cpu         ] GC(58) User=0.91s Sys=0.02s Real=0.15s
[2.261s][info][gc,start       ] GC(59) Pause Young (Allocation Failure)
[2.269s][info][gc,heap        ] GC(59) PSYoungGen: 10240K(79872K)->10336K(80384K) Eden: 10240K(10240K)->0K(10240K) From: 0K(69632K)->10336K(70144K)
[2.269s][info][gc,heap        ] GC(59) ParOldGen: 367587K(424448K)->367587K(424448K)
[2.269s][info][gc,metaspace   ] GC(59) Metaspace: 6302K(6464K)->6302K(6464K) NonClass: 5769K(5824K)->5769K(5824K) Class: 533K(640K)->533K(640K)
[2.269s][info][gc             ] GC(59) Pause Young (Allocation Failure) 368M->369M(493M) 8.143ms
[2.269s][info][gc,cpu         ] GC(59) User=0.02s Sys=0.00s Real=0.01s
[2.280s][info][gc,start       ] GC(60) Pause Young (Allocation Failure)
[2.292s][info][gc,heap        ] GC(60) PSYoungGen: 20576K(80384K)->20576K(76288K) Eden: 10240K(10240K)->0K(11776K) From: 10336K(70144K)->20576K(64512K)
[2.292s][info][gc,heap        ] GC(60) ParOldGen: 367587K(424448K)->367587K(424448K)
[2.292s][info][gc,metaspace   ] GC(60) Metaspace: 6302K(6464K)->6302K(6464K) NonClass: 5769K(5824K)->5769K(5824K) Class: 533K(640K)->533K(640K)
[2.292s][info][gc             ] GC(60) Pause Young (Allocation Failure) 379M->379M(489M) 11.806ms
[2.292s][info][gc,cpu         ] GC(60) User=0.00s Sys=0.00s Real=0.01s
[2.303s][info][gc,start       ] GC(61) Pause Young (Allocation Failure)
[2.319s][info][gc,heap        ] GC(61) PSYoungGen: 32352K(76288K)->32352K(44544K) Eden: 11776K(11776K)->0K(11776K) From: 20576K(64512K)->32352K(32768K)
[2.319s][info][gc,heap        ] GC(61) ParOldGen: 367587K(424448K)->367587K(424448K)
[2.319s][info][gc,metaspace   ] GC(61) Metaspace: 6302K(6464K)->6302K(6464K) NonClass: 5769K(5824K)->5769K(5824K) Class: 533K(640K)->533K(640K)
[2.319s][info][gc             ] GC(61) Pause Young (Allocation Failure) 390M->390M(458M) 15.541ms
[2.319s][info][gc,cpu         ] GC(61) User=0.02s Sys=0.00s Real=0.02s
[2.331s][info][gc,start       ] GC(62) Pause Young (Allocation Failure)
[2.352s][info][gc,heap        ] GC(62) PSYoungGen: 44128K(44544K)->44160K(75264K) Eden: 11776K(11776K)->0K(10752K) From: 32352K(32768K)->44160K(64512K)
[2.352s][info][gc,heap        ] GC(62) ParOldGen: 367587K(424448K)->367587K(424448K)
[2.352s][info][gc,metaspace   ] GC(62) Metaspace: 6302K(6464K)->6302K(6464K) NonClass: 5769K(5824K)->5769K(5824K) Class: 533K(640K)->533K(640K)
[2.352s][info][gc             ] GC(62) Pause Young (Allocation Failure) 402M->402M(488M) 20.383ms
[2.352s][info][gc,cpu         ] GC(62) User=0.12s Sys=0.00s Real=0.02s
[2.362s][info][gc,start       ] GC(63) Pause Young (Allocation Failure)
[2.386s][info][gc,heap        ] GC(63) PSYoungGen: 54912K(75264K)->54880K(77824K) Eden: 10752K(10752K)->0K(10752K) From: 44160K(64512K)->54880K(67072K)
[2.386s][info][gc,heap        ] GC(63) ParOldGen: 367587K(424448K)->367587K(424448K)
[2.386s][info][gc,metaspace   ] GC(63) Metaspace: 6302K(6464K)->6302K(6464K) NonClass: 5769K(5824K)->5769K(5824K) Class: 533K(640K)->533K(640K)
[2.386s][info][gc             ] GC(63) Pause Young (Allocation Failure) 412M->412M(490M) 23.986ms
[2.386s][info][gc,cpu         ] GC(63) User=0.12s Sys=0.00s Real=0.02s
[2.397s][info][gc,start       ] GC(64) Pause Young (Allocation Failure)
[2.426s][info][gc,heap        ] GC(64) PSYoungGen: 65632K(77824K)->55392K(80384K) Eden: 10752K(10752K)->0K(7680K) From: 54880K(67072K)->55392K(72704K)
[2.426s][info][gc,heap        ] GC(64) ParOldGen: 367587K(424448K)->377963K(424448K)
[2.426s][info][gc,metaspace   ] GC(64) Metaspace: 6302K(6464K)->6302K(6464K) NonClass: 5769K(5824K)->5769K(5824K) Class: 533K(640K)->533K(640K)
[2.426s][info][gc             ] GC(64) Pause Young (Allocation Failure) 423M->423M(493M) 28.670ms
[2.426s][info][gc,cpu         ] GC(64) User=0.11s Sys=0.03s Real=0.03s
[2.433s][info][gc,start       ] GC(65) Pause Young (Allocation Failure)
[2.461s][info][gc,heap        ] GC(65) PSYoungGen: 63072K(80384K)->40992K(49152K) Eden: 7680K(7680K)->0K(7680K) From: 55392K(72704K)->40992K(41472K)
[2.461s][info][gc,heap        ] GC(65) ParOldGen: 377963K(424448K)->400243K(424448K)
[2.462s][info][gc,metaspace   ] GC(65) Metaspace: 6302K(6464K)->6302K(6464K) NonClass: 5769K(5824K)->5769K(5824K) Class: 533K(640K)->533K(640K)
[2.462s][info][gc             ] GC(65) Pause Young (Allocation Failure) 430M->430M(462M) 28.075ms
[2.462s][info][gc,cpu         ] GC(65) User=0.14s Sys=0.00s Real=0.03s
[2.462s][info][gc,start       ] GC(66) Pause Full (Ergonomics)
[2.462s][info][gc,phases,start] GC(66) Marking Phase
[2.554s][info][gc,phases      ] GC(66) Marking Phase 92.474ms
[2.554s][info][gc,phases,start] GC(66) Summary Phase
[2.554s][info][gc,phases      ] GC(66) Summary Phase 0.037ms
[2.554s][info][gc,phases,start] GC(66) Adjust Roots
[2.554s][info][gc,phases      ] GC(66) Adjust Roots 0.177ms
[2.554s][info][gc,phases,start] GC(66) Compaction Phase
[2.603s][info][gc,phases      ] GC(66) Compaction Phase 48.760ms
[2.603s][info][gc,phases,start] GC(66) Post Compact
[2.605s][info][gc,phases      ] GC(66) Post Compact 2.075ms
[2.606s][info][gc,heap        ] GC(66) PSYoungGen: 40992K(49152K)->16313K(49152K) Eden: 0K(7680K)->0K(7680K) From: 40992K(41472K)->16313K(41472K)
[2.606s][info][gc,heap        ] GC(66) ParOldGen: 400243K(424448K)->424275K(484864K)
[2.606s][info][gc,metaspace   ] GC(66) Metaspace: 6302K(6464K)->6302K(6464K) NonClass: 5769K(5824K)->5769K(5824K) Class: 533K(640K)->533K(640K)
[2.606s][info][gc             ] GC(66) Pause Full (Ergonomics) 430M->430M(521M) 144.086ms
[2.606s][info][gc,cpu         ] GC(66) User=0.91s Sys=0.00s Real=0.14s
[2.615s][info][gc,start       ] GC(67) Pause Young (Allocation Failure)
[2.643s][info][gc,heap        ] GC(67) PSYoungGen: 23993K(49152K)->15424K(83456K) Eden: 7680K(7680K)->0K(9216K) From: 16313K(41472K)->15424K(74240K)
[2.644s][info][gc,heap        ] GC(67) ParOldGen: 424275K(484864K)->433083K(484864K)
[2.644s][info][gc,metaspace   ] GC(67) Metaspace: 6302K(6464K)->6302K(6464K) NonClass: 5769K(5824K)->5769K(5824K) Class: 533K(640K)->533K(640K)
[2.644s][info][gc             ] GC(67) Pause Young (Allocation Failure) 437M->437M(555M) 28.518ms
[2.644s][info][gc,cpu         ] GC(67) User=0.14s Sys=0.00s Real=0.03s
[2.653s][info][gc,start       ] GC(68) Pause Young (Allocation Failure)
[2.666s][info][gc,heap        ] GC(68) PSYoungGen: 24640K(83456K)->20736K(30208K) Eden: 9216K(9216K)->0K(9216K) From: 15424K(74240K)->20736K(20992K)
[2.666s][info][gc,heap        ] GC(68) ParOldGen: 433083K(484864K)->437043K(484864K)
[2.666s][info][gc,metaspace   ] GC(68) Metaspace: 6302K(6464K)->6302K(6464K) NonClass: 5769K(5824K)->5769K(5824K) Class: 533K(640K)->533K(640K)
[2.666s][info][gc             ] GC(68) Pause Young (Allocation Failure) 446M->447M(503M) 13.120ms
[2.666s][info][gc,cpu         ] GC(68) User=0.02s Sys=0.00s Real=0.01s
[2.676s][info][gc,start       ] GC(69) Pause Young (Allocation Failure)
[2.691s][info][gc,heap        ] GC(69) PSYoungGen: 29952K(30208K)->18528K(80384K) Eden: 9216K(9216K)->0K(10752K) From: 20736K(20992K)->18528K(69632K)
[2.692s][info][gc,heap        ] GC(69) ParOldGen: 437043K(484864K)->448643K(484864K)
[2.692s][info][gc,metaspace   ] GC(69) Metaspace: 6302K(6464K)->6302K(6464K) NonClass: 5769K(5824K)->5769K(5824K) Class: 533K(640K)->533K(640K)
[2.692s][info][gc             ] GC(69) Pause Young (Allocation Failure) 456M->456M(552M) 15.423ms
[2.692s][info][gc,cpu         ] GC(69) User=0.02s Sys=0.00s Real=0.02s
[2.703s][info][gc,start       ] GC(70) Pause Young (Allocation Failure)
[2.719s][info][gc,heap        ] GC(70) PSYoungGen: 29280K(80384K)->10880K(81920K) Eden: 10752K(10752K)->0K(10752K) From: 18528K(69632K)->10880K(71168K)
[2.719s][info][gc,heap        ] GC(70) ParOldGen: 448643K(484864K)->467299K(484864K)
[2.719s][info][gc,metaspace   ] GC(70) Metaspace: 6302K(6464K)->6302K(6464K) NonClass: 5769K(5824K)->5769K(5824K) Class: 533K(640K)->533K(640K)
[2.719s][info][gc             ] GC(70) Pause Young (Allocation Failure) 466M->466M(553M) 15.738ms
[2.719s][info][gc,cpu         ] GC(70) User=0.02s Sys=0.00s Real=0.02s
[2.719s][info][gc,start       ] GC(71) Pause Full (Ergonomics)
[2.719s][info][gc,phases,start] GC(71) Marking Phase
[2.816s][info][gc,phases      ] GC(71) Marking Phase 97.299ms
[2.816s][info][gc,phases,start] GC(71) Summary Phase
[2.816s][info][gc,phases      ] GC(71) Summary Phase 0.034ms
[2.816s][info][gc,phases,start] GC(71) Adjust Roots
[2.816s][info][gc,phases      ] GC(71) Adjust Roots 0.150ms
[2.816s][info][gc,phases,start] GC(71) Compaction Phase
[2.862s][info][gc,phases      ] GC(71) Compaction Phase 45.402ms
[2.862s][info][gc,phases,start] GC(71) Post Compact
[2.864s][info][gc,phases      ] GC(71) Post Compact 2.327ms
[2.865s][info][gc,heap        ] GC(71) PSYoungGen: 10880K(81920K)->0K(82432K) Eden: 0K(10752K)->0K(12288K) From: 10880K(71168K)->0K(70144K)
[2.865s][info][gc,heap        ] GC(71) ParOldGen: 467299K(484864K)->477334K(540672K)
[2.865s][info][gc,metaspace   ] GC(71) Metaspace: 6302K(6464K)->6302K(6464K) NonClass: 5769K(5824K)->5769K(5824K) Class: 533K(640K)->533K(640K)
[2.865s][info][gc             ] GC(71) Pause Full (Ergonomics) 466M->466M(608M) 145.831ms
[2.865s][info][gc,cpu         ] GC(71) User=0.98s Sys=0.02s Real=0.15s
[2.879s][info][gc,start       ] GC(72) Pause Young (Allocation Failure)
[2.888s][info][gc,heap        ] GC(72) PSYoungGen: 12288K(82432K)->12384K(82432K) Eden: 12288K(12288K)->0K(12288K) From: 0K(70144K)->12384K(70144K)
[2.888s][info][gc,heap        ] GC(72) ParOldGen: 477334K(540672K)->477334K(540672K)
[2.888s][info][gc,metaspace   ] GC(72) Metaspace: 6302K(6464K)->6302K(6464K) NonClass: 5769K(5824K)->5769K(5824K) Class: 533K(640K)->533K(640K)
[2.888s][info][gc             ] GC(72) Pause Young (Allocation Failure) 478M->478M(608M) 9.443ms
[2.888s][info][gc,cpu         ] GC(72) User=0.00s Sys=0.00s Real=0.01s
[2.901s][info][gc,start       ] GC(73) Pause Young (Allocation Failure)
[2.915s][info][gc,heap        ] GC(73) PSYoungGen: 24672K(82432K)->24672K(74752K) Eden: 12288K(12288K)->0K(13824K) From: 12384K(70144K)->24672K(60928K)
[2.915s][info][gc,heap        ] GC(73) ParOldGen: 477334K(540672K)->477334K(540672K)
[2.915s][info][gc,metaspace   ] GC(73) Metaspace: 6302K(6464K)->6302K(6464K) NonClass: 5769K(5824K)->5769K(5824K) Class: 533K(640K)->533K(640K)
[2.915s][info][gc             ] GC(73) Pause Young (Allocation Failure) 490M->490M(601M) 13.529ms
[2.915s][info][gc,cpu         ] GC(73) User=0.02s Sys=0.00s Real=0.01s
[2.930s][info][gc,start       ] GC(74) Pause Young (Allocation Failure)
[2.949s][info][gc,heap        ] GC(74) PSYoungGen: 38496K(74752K)->38496K(78848K) Eden: 13824K(13824K)->0K(13824K) From: 24672K(60928K)->38496K(65024K)
[2.949s][info][gc,heap        ] GC(74) ParOldGen: 477334K(540672K)->477334K(540672K)
[2.949s][info][gc,metaspace   ] GC(74) Metaspace: 6302K(6464K)->6302K(6464K) NonClass: 5769K(5824K)->5769K(5824K) Class: 533K(640K)->533K(640K)
[2.949s][info][gc             ] GC(74) Pause Young (Allocation Failure) 503M->503M(605M) 19.263ms
[2.949s][info][gc,cpu         ] GC(74) User=0.12s Sys=0.00s Real=0.02s
[2.964s][info][gc,start       ] GC(75) Pause Young (Allocation Failure)
[2.989s][info][gc,heap        ] GC(75) PSYoungGen: 52320K(78848K)->40064K(79872K) Eden: 13824K(13824K)->0K(14336K) From: 38496K(65024K)->40064K(65536K)
[2.989s][info][gc,heap        ] GC(75) ParOldGen: 477334K(540672K)->489790K(540672K)
[2.989s][info][gc,metaspace   ] GC(75) Metaspace: 6302K(6464K)->6302K(6464K) NonClass: 5769K(5824K)->5769K(5824K) Class: 533K(640K)->533K(640K)
[2.989s][info][gc             ] GC(75) Pause Young (Allocation Failure) 517M->517M(606M) 24.869ms
[2.989s][info][gc,cpu         ] GC(75) User=0.14s Sys=0.00s Real=0.02s
[3.005s][info][gc,start       ] GC(76) Pause Young (Allocation Failure)
[3.031s][info][gc,heap        ] GC(76) PSYoungGen: 54400K(79872K)->42080K(80896K) Eden: 14336K(14336K)->0K(14336K) From: 40064K(65536K)->42080K(66560K)
[3.031s][info][gc,heap        ] GC(76) ParOldGen: 489790K(540672K)->502238K(540672K)
[3.031s][info][gc,metaspace   ] GC(76) Metaspace: 6302K(6464K)->6302K(6464K) NonClass: 5769K(5824K)->5769K(5824K) Class: 533K(640K)->533K(640K)
[3.031s][info][gc             ] GC(76) Pause Young (Allocation Failure) 531M->531M(607M) 26.102ms
[3.031s][info][gc,cpu         ] GC(76) User=0.12s Sys=0.02s Real=0.03s
[3.047s][info][gc,start       ] GC(77) Pause Young (Allocation Failure)
[3.073s][info][gc,heap        ] GC(77) PSYoungGen: 56416K(80896K)->42624K(83456K) Eden: 14336K(14336K)->0K(15872K) From: 42080K(66560K)->42624K(67584K)
[3.073s][info][gc,heap        ] GC(77) ParOldGen: 502238K(540672K)->516238K(540672K)
[3.073s][info][gc,metaspace   ] GC(77) Metaspace: 6302K(6464K)->6302K(6464K) NonClass: 5769K(5824K)->5769K(5824K) Class: 533K(640K)->533K(640K)
[3.073s][info][gc             ] GC(77) Pause Young (Allocation Failure) 545M->545M(609M) 26.292ms
[3.073s][info][gc,cpu         ] GC(77) User=0.12s Sys=0.00s Real=0.03s
[3.073s][info][gc,start       ] GC(78) Pause Full (Ergonomics)
[3.073s][info][gc,phases,start] GC(78) Marking Phase
[3.201s][info][gc,phases      ] GC(78) Marking Phase 127.486ms
[3.201s][info][gc,phases,start] GC(78) Summary Phase
[3.201s][info][gc,phases      ] GC(78) Summary Phase 0.028ms
[3.201s][info][gc,phases,start] GC(78) Adjust Roots
[3.201s][info][gc,phases      ] GC(78) Adjust Roots 0.153ms
[3.201s][info][gc,phases,start] GC(78) Compaction Phase
[3.256s][info][gc,phases      ] GC(78) Compaction Phase 55.498ms
[3.257s][info][gc,phases,start] GC(78) Post Compact
[3.257s][info][gc,phases      ] GC(78) Post Compact 0.929ms
[3.258s][info][gc,heap        ] GC(78) PSYoungGen: 42624K(83456K)->17884K(83456K) Eden: 0K(15872K)->0K(15872K) From: 42624K(67584K)->17884K(67584K)
[3.258s][info][gc,heap        ] GC(78) ParOldGen: 516238K(540672K)->540162K(605696K)
[3.258s][info][gc,metaspace   ] GC(78) Metaspace: 6302K(6464K)->6302K(6464K) NonClass: 5769K(5824K)->5769K(5824K) Class: 533K(640K)->533K(640K)
[3.258s][info][gc             ] GC(78) Pause Full (Ergonomics) 545M->544M(673M) 184.597ms
[3.258s][info][gc,cpu         ] GC(78) User=1.27s Sys=0.03s Real=0.18s
[3.276s][info][gc,start       ] GC(79) Pause Young (Allocation Failure)
[3.314s][info][gc,heap        ] GC(79) PSYoungGen: 33756K(83456K)->21664K(83968K) Eden: 15872K(15872K)->0K(15872K) From: 17884K(67584K)->21664K(68096K)
[3.314s][info][gc,heap        ] GC(79) ParOldGen: 540162K(605696K)->552594K(605696K)
[3.314s][info][gc,metaspace   ] GC(79) Metaspace: 6302K(6464K)->6302K(6464K) NonClass: 5769K(5824K)->5769K(5824K) Class: 533K(640K)->533K(640K)
[3.314s][info][gc             ] GC(79) Pause Young (Allocation Failure) 560M->560M(673M) 38.183ms
[3.314s][info][gc,cpu         ] GC(79) User=0.25s Sys=0.02s Real=0.04s
[3.332s][info][gc,start       ] GC(80) Pause Young (Allocation Failure)
[3.352s][info][gc,heap        ] GC(80) PSYoungGen: 37536K(83968K)->31904K(78336K) Eden: 15872K(15872K)->0K(17920K) From: 21664K(68096K)->31904K(60416K)
[3.352s][info][gc,heap        ] GC(80) ParOldGen: 552594K(605696K)->558330K(605696K)
[3.352s][info][gc,metaspace   ] GC(80) Metaspace: 6302K(6464K)->6302K(6464K) NonClass: 5769K(5824K)->5769K(5824K) Class: 533K(640K)->533K(640K)
[3.352s][info][gc             ] GC(80) Pause Young (Allocation Failure) 576M->576M(668M) 20.384ms
[3.352s][info][gc,cpu         ] GC(80) User=0.12s Sys=0.00s Real=0.02s
[3.373s][info][gc,start       ] GC(81) Pause Young (Allocation Failure)
[3.400s][info][gc,heap        ] GC(81) PSYoungGen: 49824K(78336K)->33984K(81408K) Eden: 17920K(17920K)->0K(17920K) From: 31904K(60416K)->33984K(63488K)
[3.400s][info][gc,heap        ] GC(81) ParOldGen: 558330K(605696K)->574418K(605696K)
[3.400s][info][gc,metaspace   ] GC(81) Metaspace: 6302K(6464K)->6302K(6464K) NonClass: 5769K(5824K)->5769K(5824K) Class: 533K(640K)->533K(640K)
[3.400s][info][gc             ] GC(81) Pause Young (Allocation Failure) 593M->594M(671M) 27.488ms
[3.400s][info][gc,cpu         ] GC(81) User=0.12s Sys=0.00s Real=0.03s
[3.421s][info][gc,start       ] GC(82) Pause Young (Allocation Failure)
[3.449s][info][gc,heap        ] GC(82) PSYoungGen: 51904K(81408K)->36000K(78336K) Eden: 17920K(17920K)->0K(19968K) From: 33984K(63488K)->36000K(58368K)
[3.449s][info][gc,heap        ] GC(82) ParOldGen: 574418K(605696K)->590522K(605696K)
[3.449s][info][gc,metaspace   ] GC(82) Metaspace: 6302K(6464K)->6302K(6464K) NonClass: 5769K(5824K)->5769K(5824K) Class: 533K(640K)->533K(640K)
[3.449s][info][gc             ] GC(82) Pause Young (Allocation Failure) 611M->611M(668M) 27.628ms
[3.449s][info][gc,cpu         ] GC(82) User=0.09s Sys=0.00s Real=0.03s
[3.449s][info][gc,start       ] GC(83) Pause Full (Ergonomics)
[3.449s][info][gc,phases,start] GC(83) Marking Phase
[3.583s][info][gc,phases      ] GC(83) Marking Phase 134.012ms
[3.583s][info][gc,phases,start] GC(83) Summary Phase
[3.583s][info][gc,phases      ] GC(83) Summary Phase 0.038ms
[3.583s][info][gc,phases,start] GC(83) Adjust Roots
[3.583s][info][gc,phases      ] GC(83) Adjust Roots 0.257ms
[3.583s][info][gc,phases,start] GC(83) Compaction Phase
[3.642s][info][gc,phases      ] GC(83) Compaction Phase 58.328ms
[3.642s][info][gc,phases,start] GC(83) Post Compact
[3.643s][info][gc,phases      ] GC(83) Post Compact 1.024ms
[3.643s][info][gc,heap        ] GC(83) PSYoungGen: 36000K(78336K)->19934K(79872K) Eden: 0K(19968K)->0K(21504K) From: 36000K(58368K)->19934K(58368K)
[3.643s][info][gc,heap        ] GC(83) ParOldGen: 590522K(605696K)->605570K(675840K)
[3.643s][info][gc,metaspace   ] GC(83) Metaspace: 6302K(6464K)->6302K(6464K) NonClass: 5769K(5824K)->5769K(5824K) Class: 533K(640K)->533K(640K)
[3.643s][info][gc             ] GC(83) Pause Full (Ergonomics) 611M->610M(738M) 194.226ms
[3.643s][info][gc,cpu         ] GC(83) User=1.47s Sys=0.02s Real=0.20s
[3.671s][info][gc,start       ] GC(84) Pause Young (Allocation Failure)
[3.717s][info][gc,heap        ] GC(84) PSYoungGen: 41438K(79872K)->32416K(81408K) Eden: 21504K(21504K)->0K(21504K) From: 19934K(58368K)->32416K(59904K)
[3.718s][info][gc,heap        ] GC(84) ParOldGen: 605570K(675840K)->614994K(675840K)
[3.718s][info][gc,metaspace   ] GC(84) Metaspace: 6302K(6464K)->6302K(6464K) NonClass: 5769K(5824K)->5769K(5824K) Class: 533K(640K)->533K(640K)
[3.718s][info][gc             ] GC(84) Pause Young (Allocation Failure) 631M->632M(739M) 46.598ms
[3.718s][info][gc,cpu         ] GC(84) User=0.23s Sys=0.00s Real=0.05s
[3.742s][info][gc,start       ] GC(85) Pause Young (Allocation Failure)
[3.772s][info][gc,heap        ] GC(85) PSYoungGen: 53920K(81408K)->53824K(75776K) Eden: 21504K(21504K)->0K(18432K) From: 32416K(59904K)->53824K(57344K)
[3.772s][info][gc,heap        ] GC(85) ParOldGen: 614994K(675840K)->614994K(675840K)
[3.772s][info][gc,metaspace   ] GC(85) Metaspace: 6302K(6464K)->6302K(6464K) NonClass: 5769K(5824K)->5769K(5824K) Class: 533K(640K)->533K(640K)
[3.772s][info][gc             ] GC(85) Pause Young (Allocation Failure) 653M->653M(734M) 29.993ms
[3.773s][info][gc,cpu         ] GC(85) User=0.14s Sys=0.00s Real=0.03s
[3.796s][info][gc,start       ] GC(86) Pause Young (Allocation Failure)
[3.834s][info][gc,heap        ] GC(86) PSYoungGen: 72256K(75776K)->61568K(81408K) Eden: 18432K(18432K)->0K(18432K) From: 53824K(57344K)->61568K(62976K)
[3.834s][info][gc,heap        ] GC(86) ParOldGen: 614994K(675840K)->625818K(675840K)
[3.834s][info][gc,metaspace   ] GC(86) Metaspace: 6302K(6464K)->6302K(6464K) NonClass: 5769K(5824K)->5769K(5824K) Class: 533K(640K)->533K(640K)
[3.834s][info][gc             ] GC(86) Pause Young (Allocation Failure) 671M->671M(739M) 38.243ms
[3.835s][info][gc,cpu         ] GC(86) User=0.23s Sys=0.00s Real=0.04s
[3.971s][info][gc,start       ] GC(87) Pause Full (Ergonomics)
[3.971s][info][gc,phases,start] GC(87) Marking Phase
[4.135s][info][gc,phases      ] GC(87) Marking Phase 164.116ms
[4.135s][info][gc,phases,start] GC(87) Summary Phase
[4.135s][info][gc,phases      ] GC(87) Summary Phase 0.023ms
[4.135s][info][gc,phases,start] GC(87) Adjust Roots
[4.136s][info][gc,phases      ] GC(87) Adjust Roots 0.168ms
[4.136s][info][gc,phases,start] GC(87) Compaction Phase
[4.268s][info][gc,phases      ] GC(87) Compaction Phase 132.129ms
[4.268s][info][gc,phases,start] GC(87) Post Compact
[4.269s][info][gc,phases      ] GC(87) Post Compact 1.604ms
[4.270s][info][gc,heap        ] GC(87) PSYoungGen: 80000K(81408K)->46010K(81408K) Eden: 18432K(18432K)->0K(18432K) From: 61568K(62976K)->46010K(62976K)
[4.270s][info][gc,heap        ] GC(87) ParOldGen: 658586K(675840K)->675617K(747008K)
[4.270s][info][gc,metaspace   ] GC(87) Metaspace: 6302K(6464K)->6302K(6464K) NonClass: 5769K(5824K)->5769K(5824K) Class: 533K(640K)->533K(640K)
[4.270s][info][gc             ] GC(87) Pause Full (Ergonomics) 721M->704M(809M) 298.697ms
[4.270s][info][gc,cpu         ] GC(87) User=1.48s Sys=0.05s Real=0.30s
[4.291s][info][gc,start       ] GC(88) Pause Young (Allocation Failure)
[4.347s][info][gc,heap        ] GC(88) PSYoungGen: 64442K(81408K)->48512K(90624K) Eden: 18432K(18432K)->0K(19968K) From: 46010K(62976K)->48512K(70656K)
[4.347s][info][gc,heap        ] GC(88) ParOldGen: 675617K(747008K)->692049K(747008K)
[4.347s][info][gc,metaspace   ] GC(88) Metaspace: 6302K(6464K)->6302K(6464K) NonClass: 5769K(5824K)->5769K(5824K) Class: 533K(640K)->533K(640K)
[4.347s][info][gc             ] GC(88) Pause Young (Allocation Failure) 722M->723M(818M) 56.148ms
[4.347s][info][gc,cpu         ] GC(88) User=0.34s Sys=0.03s Real=0.06s
[4.369s][info][gc,start       ] GC(89) Pause Young (Allocation Failure)
[4.402s][info][gc,heap        ] GC(89) PSYoungGen: 68480K(90624K)->68448K(91648K) Eden: 19968K(19968K)->0K(19968K) From: 48512K(70656K)->68448K(71680K)
[4.402s][info][gc,heap        ] GC(89) ParOldGen: 692049K(747008K)->692049K(747008K)
[4.402s][info][gc,metaspace   ] GC(89) Metaspace: 6302K(6464K)->6302K(6464K) NonClass: 5769K(5824K)->5769K(5824K) Class: 533K(640K)->533K(640K)
[4.402s][info][gc             ] GC(89) Pause Young (Allocation Failure) 742M->742M(819M) 32.780ms
[4.402s][info][gc,cpu         ] GC(89) User=0.17s Sys=0.00s Real=0.03s
[4.423s][info][gc,start       ] GC(90) Pause Young (Allocation Failure)
[4.468s][info][gc,heap        ] GC(90) PSYoungGen: 88416K(91648K)->72128K(93696K) Eden: 19968K(19968K)->0K(14336K) From: 68448K(71680K)->72128K(79360K)
[4.468s][info][gc,heap        ] GC(90) ParOldGen: 692049K(747008K)->708641K(747008K)
[4.468s][info][gc,metaspace   ] GC(90) Metaspace: 6302K(6464K)->6302K(6464K) NonClass: 5769K(5824K)->5769K(5824K) Class: 533K(640K)->533K(640K)
[4.468s][info][gc             ] GC(90) Pause Young (Allocation Failure) 762M->762M(821M) 45.419ms
[4.468s][info][gc,cpu         ] GC(90) User=0.22s Sys=0.02s Real=0.05s
[4.484s][info][gc,start       ] GC(91) Pause Young (Allocation Failure)
[4.526s][info][gc,heap        ] GC(91) PSYoungGen: 86464K(93696K)->72800K(101376K) Eden: 14336K(14336K)->0K(14336K) From: 72128K(79360K)->72800K(87040K)
[4.527s][info][gc,heap        ] GC(91) ParOldGen: 708641K(747008K)->722369K(747008K)
[4.527s][info][gc,metaspace   ] GC(91) Metaspace: 6302K(6464K)->6302K(6464K) NonClass: 5769K(5824K)->5769K(5824K) Class: 533K(640K)->533K(640K)
[4.527s][info][gc             ] GC(91) Pause Young (Allocation Failure) 776M->776M(828M) 42.852ms
[4.527s][info][gc,cpu         ] GC(91) User=0.20s Sys=0.03s Real=0.04s
[4.527s][info][gc,start       ] GC(92) Pause Full (Ergonomics)
[4.527s][info][gc,phases,start] GC(92) Marking Phase
[4.697s][info][gc,phases      ] GC(92) Marking Phase 170.031ms
[4.697s][info][gc,phases,start] GC(92) Summary Phase
[4.697s][info][gc,phases      ] GC(92) Summary Phase 0.031ms
[4.697s][info][gc,phases,start] GC(92) Adjust Roots
[4.697s][info][gc,phases      ] GC(92) Adjust Roots 0.152ms
[4.697s][info][gc,phases,start] GC(92) Compaction Phase
[4.794s][info][gc,phases      ] GC(92) Compaction Phase 97.147ms
[4.794s][info][gc,phases,start] GC(92) Post Compact
[4.796s][info][gc,phases      ] GC(92) Post Compact 2.289ms
[4.797s][info][gc,heap        ] GC(92) PSYoungGen: 72800K(101376K)->47538K(101376K) Eden: 0K(14336K)->0K(14336K) From: 72800K(87040K)->47538K(87040K)
[4.797s][info][gc,heap        ] GC(92) ParOldGen: 722369K(747008K)->746667K(824832K)
[4.797s][info][gc,metaspace   ] GC(92) Metaspace: 6302K(6464K)->6302K(6464K) NonClass: 5769K(5824K)->5769K(5824K) Class: 533K(640K)->533K(640K)
[4.797s][info][gc             ] GC(92) Pause Full (Ergonomics) 776M->775M(904M) 270.361ms
[4.797s][info][gc,cpu         ] GC(92) User=1.67s Sys=0.05s Real=0.27s
[4.813s][info][gc,start       ] GC(93) Pause Young (Allocation Failure)
[4.887s][info][gc,heap        ] GC(93) PSYoungGen: 61874K(101376K)->36896K(102912K) Eden: 14336K(14336K)->0K(15872K) From: 47538K(87040K)->36896K(87040K)
[4.887s][info][gc,heap        ] GC(93) ParOldGen: 746667K(824832K)->772163K(824832K)
[4.887s][info][gc,metaspace   ] GC(93) Metaspace: 6302K(6464K)->6302K(6464K) NonClass: 5769K(5824K)->5769K(5824K) Class: 533K(640K)->533K(640K)
[4.887s][info][gc             ] GC(93) Pause Young (Allocation Failure) 789M->790M(906M) 74.388ms
[4.887s][info][gc,cpu         ] GC(93) User=0.33s Sys=0.05s Real=0.08s
[4.908s][info][gc,start       ] GC(94) Pause Young (Allocation Failure)
[4.938s][info][gc,heap        ] GC(94) PSYoungGen: 52768K(102912K)->40224K(56320K) Eden: 15872K(15872K)->0K(15872K) From: 36896K(87040K)->40224K(40448K)
[4.938s][info][gc,heap        ] GC(94) ParOldGen: 772163K(824832K)->784939K(824832K)
[4.938s][info][gc,metaspace   ] GC(94) Metaspace: 6302K(6464K)->6302K(6464K) NonClass: 5769K(5824K)->5769K(5824K) Class: 533K(640K)->533K(640K)
[4.938s][info][gc             ] GC(94) Pause Young (Allocation Failure) 805M->805M(860M) 30.045ms
[4.938s][info][gc,cpu         ] GC(94) User=0.11s Sys=0.00s Real=0.03s
[4.955s][info][gc,start       ] GC(95) Pause Young (Allocation Failure)
[4.987s][info][gc,heap        ] GC(95) PSYoungGen: 56096K(56320K)->46208K(97792K) Eden: 15872K(15872K)->0K(17920K) From: 40224K(40448K)->46208K(79872K)
[4.987s][info][gc,heap        ] GC(95) ParOldGen: 784939K(824832K)->794939K(824832K)
[4.987s][info][gc,metaspace   ] GC(95) Metaspace: 6302K(6464K)->6302K(6464K) NonClass: 5769K(5824K)->5769K(5824K) Class: 533K(640K)->533K(640K)
[4.987s][info][gc             ] GC(95) Pause Young (Allocation Failure) 821M->821M(901M) 31.744ms
[4.987s][info][gc,cpu         ] GC(95) User=0.11s Sys=0.00s Real=0.03s
[5.007s][info][gc,start       ] GC(96) Pause Young (Allocation Failure)
[5.041s][info][gc,heap        ] GC(96) PSYoungGen: 64128K(97792K)->49792K(68096K) Eden: 17920K(17920K)->0K(17920K) From: 46208K(79872K)->49792K(50176K)
[5.041s][info][gc,heap        ] GC(96) ParOldGen: 794939K(824832K)->809467K(824832K)
[5.041s][info][gc,metaspace   ] GC(96) Metaspace: 6302K(6464K)->6302K(6464K) NonClass: 5769K(5824K)->5769K(5824K) Class: 533K(640K)->533K(640K)
[5.041s][info][gc             ] GC(96) Pause Young (Allocation Failure) 838M->839M(872M) 34.359ms
[5.041s][info][gc,cpu         ] GC(96) User=0.23s Sys=0.00s Real=0.04s
[5.041s][info][gc,start       ] GC(97) Pause Full (Ergonomics)
[5.041s][info][gc,phases,start] GC(97) Marking Phase
[5.244s][info][gc,phases      ] GC(97) Marking Phase 202.758ms
[5.244s][info][gc,phases,start] GC(97) Summary Phase
[5.244s][info][gc,phases      ] GC(97) Summary Phase 0.024ms
[5.244s][info][gc,phases,start] GC(97) Adjust Roots
[5.245s][info][gc,phases      ] GC(97) Adjust Roots 0.165ms
[5.245s][info][gc,phases,start] GC(97) Compaction Phase
[5.343s][info][gc,phases      ] GC(97) Compaction Phase 98.464ms
[5.343s][info][gc,phases,start] GC(97) Post Compact
[5.345s][info][gc,phases      ] GC(97) Post Compact 1.649ms
[5.345s][info][gc,heap        ] GC(97) PSYoungGen: 49792K(68096K)->33729K(68096K) Eden: 0K(17920K)->0K(17920K) From: 49792K(50176K)->33729K(50176K)
[5.345s][info][gc,heap        ] GC(97) ParOldGen: 809467K(824832K)->824354K(909312K)
[5.345s][info][gc,metaspace   ] GC(97) Metaspace: 6302K(6464K)->6302K(6464K) NonClass: 5769K(5824K)->5769K(5824K) Class: 533K(640K)->533K(640K)
[5.345s][info][gc             ] GC(97) Pause Full (Ergonomics) 839M->837M(954M) 303.648ms
[5.345s][info][gc,cpu         ] GC(97) User=1.92s Sys=0.05s Real=0.30s
[5.365s][info][gc,start       ] GC(98) Pause Young (Allocation Failure)
[5.422s][info][gc,heap        ] GC(98) PSYoungGen: 51649K(68096K)->30080K(99840K) Eden: 17920K(17920K)->0K(19968K) From: 33729K(50176K)->30080K(79872K)
[5.422s][info][gc,heap        ] GC(98) ParOldGen: 824354K(909312K)->846394K(909312K)
[5.422s][info][gc,metaspace   ] GC(98) Metaspace: 6302K(6464K)->6302K(6464K) NonClass: 5769K(5824K)->5769K(5824K) Class: 533K(640K)->533K(640K)
[5.422s][info][gc             ] GC(98) Pause Young (Allocation Failure) 855M->855M(985M) 56.803ms
[5.422s][info][gc,cpu         ] GC(98) User=0.30s Sys=0.08s Real=0.06s
[5.444s][info][gc,start       ] GC(99) Pause Young (Allocation Failure)
[5.471s][info][gc,heap        ] GC(99) PSYoungGen: 50048K(99840K)->50080K(100352K) Eden: 19968K(19968K)->0K(19968K) From: 30080K(79872K)->50080K(80384K)
[5.471s][info][gc,heap        ] GC(99) ParOldGen: 846394K(909312K)->846394K(909312K)
[5.471s][info][gc,metaspace   ] GC(99) Metaspace: 6302K(6464K)->6302K(6464K) NonClass: 5769K(5824K)->5769K(5824K) Class: 533K(640K)->533K(640K)
[5.471s][info][gc             ] GC(99) Pause Young (Allocation Failure) 875M->875M(986M) 27.250ms
[5.471s][info][gc,cpu         ] GC(99) User=0.14s Sys=0.00s Real=0.03s
[5.494s][info][gc,start       ] GC(100) Pause Young (Allocation Failure)
[5.530s][info][gc,heap        ] GC(100) PSYoungGen: 70048K(100352K)->58016K(99328K) Eden: 19968K(19968K)->0K(20480K) From: 50080K(80384K)->58016K(78848K)
[5.530s][info][gc,heap        ] GC(100) ParOldGen: 846394K(909312K)->858586K(909312K)
[5.530s][info][gc,metaspace   ] GC(100) Metaspace: 6302K(6464K)->6302K(6464K) NonClass: 5769K(5824K)->5769K(5824K) Class: 533K(640K)->533K(640K)
[5.530s][info][gc             ] GC(100) Pause Young (Allocation Failure) 894M->895M(985M) 35.437ms
[5.530s][info][gc,cpu         ] GC(100) User=0.23s Sys=0.02s Real=0.04s
[5.553s][info][gc,start       ] GC(101) Pause Young (Allocation Failure)
[5.593s][info][gc,heap        ] GC(101) PSYoungGen: 78496K(99328K)->60608K(100864K) Eden: 20480K(20480K)->0K(20480K) From: 58016K(78848K)->60608K(80384K)
[5.593s][info][gc,heap        ] GC(101) ParOldGen: 858586K(909312K)->876746K(909312K)
[5.593s][info][gc,metaspace   ] GC(101) Metaspace: 6302K(6464K)->6302K(6464K) NonClass: 5769K(5824K)->5769K(5824K) Class: 533K(640K)->533K(640K)
[5.593s][info][gc             ] GC(101) Pause Young (Allocation Failure) 915M->915M(986M) 39.767ms
[5.593s][info][gc,cpu         ] GC(101) User=0.25s Sys=0.00s Real=0.04s
[5.617s][info][gc,start       ] GC(102) Pause Young (Allocation Failure)
[5.656s][info][gc,heap        ] GC(102) PSYoungGen: 81088K(100864K)->61152K(103936K) Eden: 20480K(20480K)->0K(21504K) From: 60608K(80384K)->61152K(82432K)
[5.656s][info][gc,heap        ] GC(102) ParOldGen: 876746K(909312K)->896978K(909312K)
[5.656s][info][gc,metaspace   ] GC(102) Metaspace: 6302K(6464K)->6302K(6464K) NonClass: 5769K(5824K)->5769K(5824K) Class: 533K(640K)->533K(640K)
[5.657s][info][gc             ] GC(102) Pause Young (Allocation Failure) 935M->935M(989M) 39.750ms
[5.657s][info][gc,cpu         ] GC(102) User=0.23s Sys=0.00s Real=0.04s
[5.657s][info][gc,start       ] GC(103) Pause Full (Ergonomics)
[5.657s][info][gc,phases,start] GC(103) Marking Phase
[5.871s][info][gc,phases      ] GC(103) Marking Phase 214.111ms
[5.871s][info][gc,phases,start] GC(103) Summary Phase
[5.871s][info][gc,phases      ] GC(103) Summary Phase 0.025ms
[5.871s][info][gc,phases,start] GC(103) Adjust Roots
[5.871s][info][gc,phases      ] GC(103) Adjust Roots 0.154ms
[5.871s][info][gc,phases,start] GC(103) Compaction Phase
[5.964s][info][gc,phases      ] GC(103) Compaction Phase 93.171ms
[5.964s][info][gc,phases,start] GC(103) Post Compact
[5.966s][info][gc,phases      ] GC(103) Post Compact 1.788ms
[5.967s][info][gc,heap        ] GC(103) PSYoungGen: 61152K(103936K)->47541K(103936K) Eden: 0K(21504K)->0K(21504K) From: 61152K(82432K)->47541K(82432K)
[5.967s][info][gc,heap        ] GC(103) ParOldGen: 896978K(909312K)->909191K(1001984K)
[5.967s][info][gc,metaspace   ] GC(103) Metaspace: 6302K(6464K)->6302K(6464K) NonClass: 5769K(5824K)->5769K(5824K) Class: 533K(640K)->533K(640K)
[5.967s][info][gc             ] GC(103) Pause Full (Ergonomics) 935M->934M(1080M) 309.986ms
[5.967s][info][gc,cpu         ] GC(103) User=2.09s Sys=0.02s Real=0.31s
[5.992s][info][gc,start       ] GC(104) Pause Young (Allocation Failure)
[6.067s][info][gc,heap        ] GC(104) PSYoungGen: 69045K(103936K)->37600K(105472K) Eden: 21504K(21504K)->0K(21504K) From: 47541K(82432K)->37600K(83968K)
[6.067s][info][gc,heap        ] GC(104) ParOldGen: 909191K(1001984K)->941247K(1001984K)
[6.067s][info][gc,metaspace   ] GC(104) Metaspace: 6302K(6464K)->6302K(6464K) NonClass: 5769K(5824K)->5769K(5824K) Class: 533K(640K)->533K(640K)
[6.067s][info][gc             ] GC(104) Pause Young (Allocation Failure) 955M->955M(1081M) 75.127ms
[6.067s][info][gc,cpu         ] GC(104) User=0.44s Sys=0.02s Real=0.08s
[6.092s][info][gc,start       ] GC(105) Pause Young (Allocation Failure)
[6.124s][info][gc,heap        ] GC(105) PSYoungGen: 59104K(105472K)->43168K(101376K) Eden: 21504K(21504K)->0K(24064K) From: 37600K(83968K)->43168K(77312K)
[6.124s][info][gc,heap        ] GC(105) ParOldGen: 941247K(1001984K)->957431K(1001984K)
[6.124s][info][gc,metaspace   ] GC(105) Metaspace: 6302K(6464K)->6302K(6464K) NonClass: 5769K(5824K)->5769K(5824K) Class: 533K(640K)->533K(640K)
[6.124s][info][gc             ] GC(105) Pause Young (Allocation Failure) 976M->977M(1077M) 31.771ms
[6.124s][info][gc,cpu         ] GC(105) User=0.14s Sys=0.00s Real=0.03s
[6.153s][info][gc,start       ] GC(106) Pause Young (Allocation Failure)
[6.188s][info][gc,heap        ] GC(106) PSYoungGen: 67232K(101376K)->45696K(103936K) Eden: 24064K(24064K)->0K(24064K) From: 43168K(77312K)->45696K(79872K)
[6.188s][info][gc,heap        ] GC(106) ParOldGen: 957431K(1001984K)->979239K(1001984K)
[6.188s][info][gc,metaspace   ] GC(106) Metaspace: 6302K(6464K)->6302K(6464K) NonClass: 5769K(5824K)->5769K(5824K) Class: 533K(640K)->533K(640K)
[6.188s][info][gc             ] GC(106) Pause Young (Allocation Failure) 1000M->1000M(1080M) 35.597ms
[6.188s][info][gc,cpu         ] GC(106) User=0.25s Sys=0.00s Real=0.04s
[6.188s][info][gc,start       ] GC(107) Pause Full (Ergonomics)
[6.188s][info][gc,phases,start] GC(107) Marking Phase
[6.419s][info][gc,phases      ] GC(107) Marking Phase 231.022ms
[6.419s][info][gc,phases,start] GC(107) Summary Phase
[6.419s][info][gc,phases      ] GC(107) Summary Phase 0.031ms
[6.419s][info][gc,phases,start] GC(107) Adjust Roots
[6.420s][info][gc,phases      ] GC(107) Adjust Roots 0.162ms
[6.420s][info][gc,phases,start] GC(107) Compaction Phase
[6.511s][info][gc,phases      ] GC(107) Compaction Phase 91.472ms
[6.511s][info][gc,phases,start] GC(107) Post Compact
[6.513s][info][gc,phases      ] GC(107) Post Compact 1.703ms
[6.513s][info][gc,heap        ] GC(107) PSYoungGen: 45696K(103936K)->22001K(103936K) Eden: 0K(24064K)->0K(24064K) From: 45696K(79872K)->22001K(79872K)
[6.513s][info][gc,heap        ] GC(107) ParOldGen: 979239K(1001984K)->1001712K(1106432K)
[6.513s][info][gc,metaspace   ] GC(107) Metaspace: 6302K(6464K)->6302K(6464K) NonClass: 5769K(5824K)->5769K(5824K) Class: 533K(640K)->533K(640K)
[6.513s][info][gc             ] GC(107) Pause Full (Ergonomics) 1000M->999M(1182M) 325.077ms
[6.513s][info][gc,cpu         ] GC(107) User=2.39s Sys=0.00s Real=0.33s
[6.540s][info][gc,start       ] GC(108) Pause Young (Allocation Failure)
[6.607s][info][gc,heap        ] GC(108) PSYoungGen: 46065K(103936K)->36864K(100864K) Eden: 24064K(24064K)->0K(26624K) From: 22001K(79872K)->36864K(74240K)
[6.607s][info][gc,heap        ] GC(108) ParOldGen: 1001712K(1106432K)->1011248K(1106432K)
[6.607s][info][gc,metaspace   ] GC(108) Metaspace: 6302K(6464K)->6302K(6464K) NonClass: 5769K(5824K)->5769K(5824K) Class: 533K(640K)->533K(640K)
[6.607s][info][gc             ] GC(108) Pause Young (Allocation Failure) 1023M->1023M(1179M) 67.692ms
[6.607s][info][gc,cpu         ] GC(108) User=0.39s Sys=0.00s Real=0.07s
[6.637s][info][gc,start       ] GC(109) Pause Young (Allocation Failure)
[6.671s][info][gc,heap        ] GC(109) PSYoungGen: 63488K(100864K)->63488K(102400K) Eden: 26624K(26624K)->0K(26624K) From: 36864K(74240K)->63488K(75776K)
[6.671s][info][gc,heap        ] GC(109) ParOldGen: 1011248K(1106432K)->1011248K(1106432K)
[6.671s][info][gc,metaspace   ] GC(109) Metaspace: 6302K(6464K)->6302K(6464K) NonClass: 5769K(5824K)->5769K(5824K) Class: 533K(640K)->533K(640K)
[6.671s][info][gc             ] GC(109) Pause Young (Allocation Failure) 1049M->1049M(1180M) 33.204ms
[6.671s][info][gc,cpu         ] GC(109) User=0.16s Sys=0.00s Real=0.03s
[6.703s][info][gc,start       ] GC(110) Pause Young (Allocation Failure)
[6.748s][info][gc,heap        ] GC(110) PSYoungGen: 90112K(102400K)->79360K(96768K) Eden: 26624K(26624K)->0K(17408K) From: 63488K(75776K)->79360K(79360K)
[6.748s][info][gc,heap        ] GC(110) ParOldGen: 1011248K(1106432K)->1022048K(1106432K)
[6.748s][info][gc,metaspace   ] GC(110) Metaspace: 6302K(6464K)->6302K(6464K) NonClass: 5769K(5824K)->5769K(5824K) Class: 533K(640K)->533K(640K)
[6.748s][info][gc             ] GC(110) Pause Young (Allocation Failure) 1075M->1075M(1175M) 45.549ms
[6.748s][info][gc,cpu         ] GC(110) User=0.23s Sys=0.02s Real=0.05s
[6.767s][info][gc,start       ] GC(111) Pause Young (Allocation Failure)
[6.817s][info][gc,heap        ] GC(111) PSYoungGen: 96768K(96768K)->66560K(109056K) Eden: 17408K(17408K)->0K(17408K) From: 79360K(79360K)->66560K(91648K)
[6.817s][info][gc,heap        ] GC(111) ParOldGen: 1022048K(1106432K)->1052760K(1106432K)
[6.817s][info][gc,metaspace   ] GC(111) Metaspace: 6302K(6464K)->6302K(6464K) NonClass: 5769K(5824K)->5769K(5824K) Class: 533K(640K)->533K(640K)
[6.817s][info][gc             ] GC(111) Pause Young (Allocation Failure) 1092M->1093M(1187M) 49.954ms
[6.817s][info][gc,cpu         ] GC(111) User=0.36s Sys=0.02s Real=0.05s
[6.836s][info][gc,start       ] GC(112) Pause Young (Allocation Failure)
[6.878s][info][gc,heap        ] GC(112) PSYoungGen: 83968K(109056K)->58432K(109568K) Eden: 17408K(17408K)->0K(19968K) From: 66560K(91648K)->58432K(89600K)
[6.878s][info][gc,heap        ] GC(112) ParOldGen: 1052760K(1106432K)->1078616K(1106432K)
[6.878s][info][gc,metaspace   ] GC(112) Metaspace: 6302K(6464K)->6302K(6464K) NonClass: 5769K(5824K)->5769K(5824K) Class: 533K(640K)->533K(640K)
[6.878s][info][gc             ] GC(112) Pause Young (Allocation Failure) 1110M->1110M(1187M) 41.831ms
[6.878s][info][gc,cpu         ] GC(112) User=0.25s Sys=0.02s Real=0.04s
[6.878s][info][gc,start       ] GC(113) Pause Full (Ergonomics)
[6.878s][info][gc,phases,start] GC(113) Marking Phase
[7.119s][info][gc,phases      ] GC(113) Marking Phase 241.547ms
[7.119s][info][gc,phases,start] GC(113) Summary Phase
[7.119s][info][gc,phases      ] GC(113) Summary Phase 0.030ms
[7.120s][info][gc,phases,start] GC(113) Adjust Roots
[7.120s][info][gc,phases      ] GC(113) Adjust Roots 0.194ms
[7.120s][info][gc,phases,start] GC(113) Compaction Phase
[7.231s][info][gc,phases      ] GC(113) Compaction Phase 111.337ms
[7.231s][info][gc,phases,start] GC(113) Post Compact
[7.233s][info][gc,phases      ] GC(113) Post Compact 2.311ms
[7.234s][info][gc,heap        ] GC(113) PSYoungGen: 58432K(109568K)->29561K(111104K) Eden: 0K(19968K)->0K(21504K) From: 58432K(89600K)->29561K(89600K)
[7.234s][info][gc,heap        ] GC(113) ParOldGen: 1078616K(1106432K)->1106125K(1222144K)
[7.234s][info][gc,metaspace   ] GC(113) Metaspace: 6302K(6464K)->6302K(6464K) NonClass: 5769K(5824K)->5769K(5824K) Class: 533K(640K)->533K(640K)
[7.234s][info][gc             ] GC(113) Pause Full (Ergonomics) 1110M->1109M(1302M) 356.336ms
[7.234s][info][gc,cpu         ] GC(113) User=2.44s Sys=0.05s Real=0.36s
[7.258s][info][gc,start       ] GC(114) Pause Young (Allocation Failure)
[7.331s][info][gc,heap        ] GC(114) PSYoungGen: 51065K(111104K)->41088K(112640K) Eden: 21504K(21504K)->0K(21504K) From: 29561K(89600K)->41088K(91136K)
[7.331s][info][gc,heap        ] GC(114) ParOldGen: 1106125K(1222144K)->1116429K(1222144K)
[7.331s][info][gc,metaspace   ] GC(114) Metaspace: 6302K(6464K)->6302K(6464K) NonClass: 5769K(5824K)->5769K(5824K) Class: 533K(640K)->533K(640K)
[7.331s][info][gc             ] GC(114) Pause Young (Allocation Failure) 1130M->1130M(1303M) 73.223ms
[7.331s][info][gc,cpu         ] GC(114) User=0.42s Sys=0.00s Real=0.07s
[7.356s][info][gc,start       ] GC(115) Pause Young (Allocation Failure)
[7.390s][info][gc,heap        ] GC(115) PSYoungGen: 62592K(112640K)->52672K(106496K) Eden: 21504K(21504K)->0K(24064K) From: 41088K(91136K)->52672K(82432K)
[7.390s][info][gc,heap        ] GC(115) ParOldGen: 1116429K(1222144K)->1126533K(1222144K)
[7.390s][info][gc,metaspace   ] GC(115) Metaspace: 6302K(6464K)->6302K(6464K) NonClass: 5769K(5824K)->5769K(5824K) Class: 533K(640K)->533K(640K)
[7.390s][info][gc             ] GC(115) Pause Young (Allocation Failure) 1151M->1151M(1297M) 33.744ms
[7.390s][info][gc,cpu         ] GC(115) User=0.16s Sys=0.02s Real=0.03s
[7.419s][info][gc,start       ] GC(116) Pause Young (Allocation Failure)
[7.457s][info][gc,heap        ] GC(116) PSYoungGen: 76736K(106496K)->67264K(110080K) Eden: 24064K(24064K)->0K(24064K) From: 52672K(82432K)->67264K(86016K)
[7.458s][info][gc,heap        ] GC(116) ParOldGen: 1126533K(1222144K)->1136149K(1222144K)
[7.458s][info][gc,metaspace   ] GC(116) Metaspace: 6302K(6464K)->6302K(6464K) NonClass: 5769K(5824K)->5769K(5824K) Class: 533K(640K)->533K(640K)
[7.458s][info][gc             ] GC(116) Pause Young (Allocation Failure) 1175M->1175M(1301M) 38.938ms
[7.458s][info][gc,cpu         ] GC(116) User=0.27s Sys=0.00s Real=0.04s
[7.486s][info][gc,start       ] GC(117) Pause Young (Allocation Failure)
[7.536s][info][gc,heap        ] GC(117) PSYoungGen: 91328K(110080K)->69856K(112640K) Eden: 24064K(24064K)->0K(24576K) From: 67264K(86016K)->69856K(88064K)
[7.536s][info][gc,heap        ] GC(117) ParOldGen: 1136149K(1222144K)->1157957K(1222144K)
[7.536s][info][gc,metaspace   ] GC(117) Metaspace: 6302K(6464K)->6302K(6464K) NonClass: 5769K(5824K)->5769K(5824K) Class: 533K(640K)->533K(640K)
[7.536s][info][gc             ] GC(117) Pause Young (Allocation Failure) 1198M->1199M(1303M) 50.093ms
[7.536s][info][gc,cpu         ] GC(117) User=0.27s Sys=0.00s Real=0.05s
[7.567s][info][gc,start       ] GC(118) Pause Young (Allocation Failure)
[7.618s][info][gc,heap        ] GC(118) PSYoungGen: 94432K(112640K)->72928K(115200K) Eden: 24576K(24576K)->0K(24576K) From: 69856K(88064K)->72928K(90624K)
[7.618s][info][gc,heap        ] GC(118) ParOldGen: 1157957K(1222144K)->1179757K(1222144K)
[7.618s][info][gc,metaspace   ] GC(118) Metaspace: 6302K(6464K)->6302K(6464K) NonClass: 5769K(5824K)->5769K(5824K) Class: 533K(640K)->533K(640K)
[7.618s][info][gc             ] GC(118) Pause Young (Allocation Failure) 1223M->1223M(1306M) 51.033ms
[7.618s][info][gc,cpu         ] GC(118) User=0.27s Sys=0.02s Real=0.05s
[7.650s][info][gc,start       ] GC(119) Pause Young (Allocation Failure)
[7.703s][info][gc,heap        ] GC(119) PSYoungGen: 97504K(115200K)->73376K(118272K) Eden: 24576K(24576K)->0K(25088K) From: 72928K(90624K)->73376K(93184K)
[7.703s][info][gc,heap        ] GC(119) ParOldGen: 1179757K(1222144K)->1204149K(1222144K)
[7.703s][info][gc,metaspace   ] GC(119) Metaspace: 6302K(6464K)->6302K(6464K) NonClass: 5769K(5824K)->5769K(5824K) Class: 533K(640K)->533K(640K)
[7.703s][info][gc             ] GC(119) Pause Young (Allocation Failure) 1247M->1247M(1309M) 53.622ms
[7.703s][info][gc,cpu         ] GC(119) User=0.25s Sys=0.02s Real=0.05s
[7.703s][info][gc,start       ] GC(120) Pause Full (Ergonomics)
[7.703s][info][gc,phases,start] GC(120) Marking Phase
[7.994s][info][gc,phases      ] GC(120) Marking Phase 291.038ms
[7.994s][info][gc,phases,start] GC(120) Summary Phase
[7.994s][info][gc,phases      ] GC(120) Summary Phase 0.034ms
[7.994s][info][gc,phases,start] GC(120) Adjust Roots
[7.995s][info][gc,phases      ] GC(120) Adjust Roots 0.158ms
[7.995s][info][gc,phases,start] GC(120) Compaction Phase
[8.120s][info][gc,phases      ] GC(120) Compaction Phase 124.946ms
[8.120s][info][gc,phases,start] GC(120) Post Compact
[8.122s][info][gc,phases      ] GC(120) Post Compact 2.548ms
[8.123s][info][gc,heap        ] GC(120) PSYoungGen: 73376K(118272K)->53706K(118272K) Eden: 0K(25088K)->0K(25088K) From: 73376K(93184K)->53706K(93184K)
[8.123s][info][gc,heap        ] GC(120) ParOldGen: 1204149K(1222144K)->1222087K(1345536K)
[8.123s][info][gc,metaspace   ] GC(120) Metaspace: 6302K(6464K)->6302K(6464K) NonClass: 5769K(5824K)->5769K(5824K) Class: 533K(640K)->533K(640K)
[8.123s][info][gc             ] GC(120) Pause Full (Ergonomics) 1247M->1245M(1429M) 419.651ms
[8.123s][info][gc,cpu         ] GC(120) User=3.02s Sys=0.00s Real=0.42s
[8.156s][info][gc,start       ] GC(121) Pause Young (Allocation Failure)
[8.244s][info][gc,heap        ] GC(121) PSYoungGen: 78794K(118272K)->43424K(120832K) Eden: 25088K(25088K)->0K(25088K) From: 53706K(93184K)->43424K(95744K)
[8.244s][info][gc,heap        ] GC(121) ParOldGen: 1222087K(1345536K)->1258159K(1345536K)
[8.245s][info][gc,metaspace   ] GC(121) Metaspace: 6302K(6464K)->6302K(6464K) NonClass: 5769K(5824K)->5769K(5824K) Class: 533K(640K)->533K(640K)
[8.245s][info][gc             ] GC(121) Pause Young (Allocation Failure) 1270M->1271M(1432M) 88.487ms
[8.245s][info][gc,cpu         ] GC(121) User=0.52s Sys=0.00s Real=0.09s
[8.265s][info][gc,start       ] GC(122) Pause Young (Allocation Failure)
[8.297s][info][gc,heap        ] GC(122) PSYoungGen: 68512K(120832K)->38432K(122368K) Eden: 25088K(25088K)->0K(28160K) From: 43424K(95744K)->38432K(94208K)
[8.297s][info][gc,heap        ] GC(122) ParOldGen: 1258159K(1345536K)->1276591K(1345536K)
[8.297s][info][gc,metaspace   ] GC(122) Metaspace: 6302K(6464K)->6302K(6464K) NonClass: 5769K(5824K)->5769K(5824K) Class: 533K(640K)->533K(640K)
[8.297s][info][gc             ] GC(122) Pause Young (Allocation Failure) 1295M->1284M(1433M) 31.947ms
[8.297s][info][gc,cpu         ] GC(122) User=0.11s Sys=0.02s Real=0.03s
[8.326s][info][gc,start       ] GC(123) Pause Young (Allocation Failure)
[8.361s][info][gc,heap        ] GC(123) PSYoungGen: 66592K(122368K)->35072K(122368K) Eden: 28160K(28160K)->0K(28160K) From: 38432K(94208K)->35072K(94208K)
[8.361s][info][gc,heap        ] GC(123) ParOldGen: 1276591K(1345536K)->1302031K(1345536K)
[8.361s][info][gc,metaspace   ] GC(123) Metaspace: 6302K(6464K)->6302K(6464K) NonClass: 5769K(5824K)->5769K(5824K) Class: 533K(640K)->533K(640K)
[8.361s][info][gc             ] GC(123) Pause Young (Allocation Failure) 1311M->1305M(1433M) 34.755ms
[8.361s][info][gc,cpu         ] GC(123) User=0.27s Sys=0.00s Real=0.04s
[8.396s][info][gc,start       ] GC(124) Pause Young (Allocation Failure)
[8.432s][info][gc,heap        ] GC(124) PSYoungGen: 63232K(122368K)->50112K(118784K) Eden: 28160K(28160K)->0K(31232K) From: 35072K(94208K)->50112K(87552K)
[8.432s][info][gc,heap        ] GC(124) ParOldGen: 1302031K(1345536K)->1315383K(1345536K)
[8.432s][info][gc,metaspace   ] GC(124) Metaspace: 6302K(6464K)->6302K(6464K) NonClass: 5769K(5824K)->5769K(5824K) Class: 533K(640K)->533K(640K)
[8.432s][info][gc             ] GC(124) Pause Young (Allocation Failure) 1333M->1333M(1430M) 35.333ms
[8.432s][info][gc,cpu         ] GC(124) User=0.14s Sys=0.02s Real=0.04s
[8.432s][info][gc,start       ] GC(125) Pause Full (Ergonomics)
[8.432s][info][gc,phases,start] GC(125) Marking Phase
[8.741s][info][gc,phases      ] GC(125) Marking Phase 309.246ms
[8.741s][info][gc,phases,start] GC(125) Summary Phase
[8.741s][info][gc,phases      ] GC(125) Summary Phase 0.030ms
[8.741s][info][gc,phases,start] GC(125) Adjust Roots
[8.742s][info][gc,phases      ] GC(125) Adjust Roots 0.287ms
[8.742s][info][gc,phases,start] GC(125) Compaction Phase
[9.111s][info][gc,phases      ] GC(125) Compaction Phase 369.537ms
[9.111s][info][gc,phases,start] GC(125) Post Compact
[9.114s][info][gc,phases      ] GC(125) Post Compact 2.819ms
[9.115s][info][gc,heap        ] GC(125) PSYoungGen: 50112K(118784K)->18708K(121856K) Eden: 0K(31232K)->0K(34304K) From: 50112K(87552K)->18708K(87552K)
[9.115s][info][gc,heap        ] GC(125) ParOldGen: 1315383K(1345536K)->1345154K(1480704K)
[9.115s][info][gc,metaspace   ] GC(125) Metaspace: 6302K(6464K)->6302K(6464K) NonClass: 5769K(5824K)->5769K(5824K) Class: 533K(640K)->533K(640K)
[9.115s][info][gc             ] GC(125) Pause Full (Ergonomics) 1333M->1331M(1565M) 682.795ms
[9.115s][info][gc,cpu         ] GC(125) User=5.11s Sys=0.02s Real=0.68s
[9.160s][info][gc,start       ] GC(126) Pause Young (Allocation Failure)
[9.246s][info][gc,heap        ] GC(126) PSYoungGen: 53012K(121856K)->46432K(124928K) Eden: 34304K(34304K)->0K(34304K) From: 18708K(87552K)->46432K(90624K)
[9.246s][info][gc,heap        ] GC(126) ParOldGen: 1345154K(1480704K)->1352034K(1480704K)
[9.246s][info][gc,metaspace   ] GC(126) Metaspace: 6302K(6464K)->6302K(6464K) NonClass: 5769K(5824K)->5769K(5824K) Class: 533K(640K)->533K(640K)
[9.246s][info][gc             ] GC(126) Pause Young (Allocation Failure) 1365M->1365M(1568M) 86.087ms
[9.246s][info][gc,cpu         ] GC(126) User=0.50s Sys=0.00s Real=0.09s
[9.504s][info][gc,start       ] GC(127) Pause Young (Allocation Failure)
[9.579s][info][gc,heap        ] GC(127) PSYoungGen: 80736K(124928K)->80832K(118784K) Eden: 34304K(34304K)->0K(30720K) From: 46432K(90624K)->80832K(88064K)
[9.579s][info][gc,heap        ] GC(127) ParOldGen: 1417570K(1480704K)->1417570K(1480704K)
[9.579s][info][gc,metaspace   ] GC(127) Metaspace: 6302K(6464K)->6302K(6464K) NonClass: 5769K(5824K)->5769K(5824K) Class: 533K(640K)->533K(640K)
[9.579s][info][gc             ] GC(127) Pause Young (Allocation Failure) 1463M->1463M(1562M) 75.461ms
[9.579s][info][gc,cpu         ] GC(127) User=0.42s Sys=0.00s Real=0.08s
[9.611s][info][gc,start       ] GC(128) Pause Young (Allocation Failure)
[9.668s][info][gc,heap        ] GC(128) PSYoungGen: 111552K(118784K)->94720K(125440K) Eden: 30720K(30720K)->0K(30720K) From: 80832K(88064K)->94720K(94720K)
[9.668s][info][gc,heap        ] GC(128) ParOldGen: 1417570K(1480704K)->1434498K(1480704K)
[9.668s][info][gc,metaspace   ] GC(128) Metaspace: 6302K(6464K)->6302K(6464K) NonClass: 5769K(5824K)->5769K(5824K) Class: 533K(640K)->533K(640K)
[9.668s][info][gc             ] GC(128) Pause Young (Allocation Failure) 1493M->1493M(1568M) 57.472ms
[9.668s][info][gc,cpu         ] GC(128) User=0.28s Sys=0.00s Real=0.06s
[9.697s][info][gc,start       ] GC(129) Pause Young (Allocation Failure)
[9.765s][info][gc,heap        ] GC(129) PSYoungGen: 125440K(125440K)->88864K(139776K) Eden: 30720K(30720K)->0K(28160K) From: 94720K(94720K)->88864K(111616K)
[9.765s][info][gc,heap        ] GC(129) ParOldGen: 1434498K(1480704K)->1471674K(1480704K)
[9.765s][info][gc,metaspace   ] GC(129) Metaspace: 6302K(6464K)->6302K(6464K) NonClass: 5769K(5824K)->5769K(5824K) Class: 533K(640K)->533K(640K)
[9.765s][info][gc             ] GC(129) Pause Young (Allocation Failure) 1523M->1523M(1582M) 68.518ms
[9.765s][info][gc,cpu         ] GC(129) User=0.34s Sys=0.02s Real=0.07s
[9.765s][info][gc,start       ] GC(130) Pause Full (Ergonomics)
[9.765s][info][gc,phases,start] GC(130) Marking Phase
[10.112s][info][gc,phases      ] GC(130) Marking Phase 347.195ms
[10.112s][info][gc,phases,start] GC(130) Summary Phase
[10.113s][info][gc,phases      ] GC(130) Summary Phase 0.053ms
[10.113s][info][gc,phases,start] GC(130) Adjust Roots
[10.113s][info][gc,phases      ] GC(130) Adjust Roots 0.281ms
[10.113s][info][gc,phases,start] GC(130) Compaction Phase
[10.381s][info][gc,phases      ] GC(130) Compaction Phase 267.659ms
[10.381s][info][gc,phases,start] GC(130) Post Compact
[10.384s][info][gc,phases      ] GC(130) Post Compact 3.358ms
[10.385s][info][gc,heap        ] GC(130) PSYoungGen: 88864K(139776K)->46131K(139776K) Eden: 0K(28160K)->0K(28160K) From: 88864K(111616K)->46131K(111616K)
[10.385s][info][gc,heap        ] GC(130) ParOldGen: 1471674K(1480704K)->1480426K(1629184K)
[10.385s][info][gc,metaspace   ] GC(130) Metaspace: 6302K(6464K)->6302K(6464K) NonClass: 5769K(5824K)->5769K(5824K) Class: 533K(640K)->533K(640K)
[10.385s][info][gc             ] GC(130) Pause Full (Ergonomics) 1523M->1490M(1727M) 619.469ms
[10.385s][info][gc,cpu         ] GC(130) User=3.61s Sys=0.02s Real=0.62s
[10.416s][info][gc,start       ] GC(131) Pause Young (Allocation Failure)
[10.509s][info][gc,heap        ] GC(131) PSYoungGen: 74291K(139776K)->74560K(145408K) Eden: 28160K(28160K)->0K(28160K) From: 46131K(111616K)->74560K(117248K)
[10.509s][info][gc,heap        ] GC(131) ParOldGen: 1480426K(1629184K)->1480426K(1629184K)
[10.509s][info][gc,metaspace   ] GC(131) Metaspace: 6302K(6464K)->6302K(6464K) NonClass: 5769K(5824K)->5769K(5824K) Class: 533K(640K)->533K(640K)
[10.509s][info][gc             ] GC(131) Pause Young (Allocation Failure) 1518M->1518M(1733M) 92.990ms
[10.509s][info][gc,cpu         ] GC(131) User=0.61s Sys=0.00s Real=0.09s
[10.538s][info][gc,start       ] GC(132) Pause Young (Allocation Failure)
[10.587s][info][gc,heap        ] GC(132) PSYoungGen: 102720K(145408K)->102752K(137216K) Eden: 28160K(28160K)->0K(21504K) From: 74560K(117248K)->102752K(115712K)
[10.588s][info][gc,heap        ] GC(132) ParOldGen: 1480426K(1629184K)->1480426K(1629184K)
[10.588s][info][gc,metaspace   ] GC(132) Metaspace: 6302K(6464K)->6302K(6464K) NonClass: 5769K(5824K)->5769K(5824K) Class: 533K(640K)->533K(640K)
[10.588s][info][gc             ] GC(132) Pause Young (Allocation Failure) 1546M->1546M(1725M) 49.934ms
[10.588s][info][gc,cpu         ] GC(132) User=0.22s Sys=0.00s Real=0.05s
[10.609s][info][gc,start       ] GC(133) Pause Young (Allocation Failure)
[10.666s][info][gc,heap        ] GC(133) PSYoungGen: 124256K(137216K)->124256K(146432K) Eden: 21504K(21504K)->0K(21504K) From: 102752K(115712K)->124256K(124928K)
[10.666s][info][gc,heap        ] GC(133) ParOldGen: 1480426K(1629184K)->1480426K(1629184K)
[10.666s][info][gc,metaspace   ] GC(133) Metaspace: 6302K(6464K)->6302K(6464K) NonClass: 5769K(5824K)->5769K(5824K) Class: 533K(640K)->533K(640K)
[10.666s][info][gc             ] GC(133) Pause Young (Allocation Failure) 1567M->1567M(1734M) 57.208ms
[10.666s][info][gc,cpu         ] GC(133) User=0.30s Sys=0.00s Real=0.06s
[10.687s][info][gc,start       ] GC(134) Pause Young (Allocation Failure)
[10.760s][info][gc,heap        ] GC(134) PSYoungGen: 145760K(146432K)->134240K(148480K) Eden: 21504K(21504K)->0K(8704K) From: 124256K(124928K)->134240K(139776K)
[10.760s][info][gc,heap        ] GC(134) ParOldGen: 1480426K(1629184K)->1492178K(1629184K)
[10.760s][info][gc,metaspace   ] GC(134) Metaspace: 6302K(6464K)->6302K(6464K) NonClass: 5769K(5824K)->5769K(5824K) Class: 533K(640K)->533K(640K)
[10.760s][info][gc             ] GC(134) Pause Young (Allocation Failure) 1588M->1588M(1736M) 72.819ms
[10.760s][info][gc,cpu         ] GC(134) User=0.44s Sys=0.06s Real=0.07s
[10.769s][info][gc,start       ] GC(135) Pause Young (Allocation Failure)
[10.834s][info][gc,heap        ] GC(135) PSYoungGen: 142944K(148480K)->108256K(163840K) Eden: 8704K(8704K)->0K(8704K) From: 134240K(139776K)->108256K(155136K)
[10.834s][info][gc,heap        ] GC(135) ParOldGen: 1492178K(1629184K)->1527146K(1629184K)
[10.834s][info][gc,metaspace   ] GC(135) Metaspace: 6302K(6464K)->6302K(6464K) NonClass: 5769K(5824K)->5769K(5824K) Class: 533K(640K)->533K(640K)
[10.834s][info][gc             ] GC(135) Pause Young (Allocation Failure) 1596M->1597M(1751M) 65.434ms
[10.834s][info][gc,cpu         ] GC(135) User=0.34s Sys=0.00s Real=0.06s
[10.842s][info][gc,start       ] GC(136) Pause Young (Allocation Failure)
[10.898s][info][gc,heap        ] GC(136) PSYoungGen: 116960K(163840K)->60544K(161280K) Eden: 8704K(8704K)->0K(10240K) From: 108256K(155136K)->60544K(151040K)
[10.898s][info][gc,heap        ] GC(136) ParOldGen: 1527146K(1629184K)->1584170K(1629184K)
[10.898s][info][gc,metaspace   ] GC(136) Metaspace: 6302K(6464K)->6302K(6464K) NonClass: 5769K(5824K)->5769K(5824K) Class: 533K(640K)->533K(640K)
[10.898s][info][gc             ] GC(136) Pause Young (Allocation Failure) 1605M->1606M(1748M) 55.840ms
[10.898s][info][gc,cpu         ] GC(136) User=0.42s Sys=0.08s Real=0.06s
[10.898s][info][gc,start       ] GC(137) Pause Full (Ergonomics)
[10.898s][info][gc,phases,start] GC(137) Marking Phase
[11.257s][info][gc,phases      ] GC(137) Marking Phase 359.105ms
[11.258s][info][gc,phases,start] GC(137) Summary Phase
[11.258s][info][gc,phases      ] GC(137) Summary Phase 0.040ms
[11.258s][info][gc,phases,start] GC(137) Adjust Roots
[11.258s][info][gc,phases      ] GC(137) Adjust Roots 0.203ms
[11.258s][info][gc,phases,start] GC(137) Compaction Phase
[11.425s][info][gc,phases      ] GC(137) Compaction Phase 166.993ms
[11.425s][info][gc,phases,start] GC(137) Post Compact
[11.428s][info][gc,phases      ] GC(137) Post Compact 3.051ms
[11.429s][info][gc,heap        ] GC(137) PSYoungGen: 60544K(161280K)->14309K(162816K) Eden: 0K(10240K)->0K(11776K) From: 60544K(151040K)->14309K(151040K)
[11.429s][info][gc,heap        ] GC(137) ParOldGen: 1584170K(1629184K)->1628796K(1801728K)
[11.429s][info][gc,metaspace   ] GC(137) Metaspace: 6302K(6464K)->6302K(6464K) NonClass: 5769K(5824K)->5769K(5824K) Class: 533K(640K)->533K(640K)
[11.429s][info][gc             ] GC(137) Pause Full (Ergonomics) 1606M->1604M(1918M) 530.334ms
[11.429s][info][gc,cpu         ] GC(137) User=3.69s Sys=0.02s Real=0.53s
[11.443s][info][gc,start       ] GC(138) Pause Young (Allocation Failure)
[11.523s][info][gc,heap        ] GC(138) PSYoungGen: 26085K(162816K)->14976K(166400K) Eden: 11776K(11776K)->0K(11776K) From: 14309K(151040K)->14976K(154624K)
[11.523s][info][gc,heap        ] GC(138) ParOldGen: 1628796K(1801728K)->1640228K(1801728K)
[11.523s][info][gc,metaspace   ] GC(138) Metaspace: 6302K(6464K)->6302K(6464K) NonClass: 5769K(5824K)->5769K(5824K) Class: 533K(640K)->533K(640K)
[11.523s][info][gc             ] GC(138) Pause Young (Allocation Failure) 1616M->1616M(1922M) 80.674ms
[11.523s][info][gc,cpu         ] GC(138) User=0.42s Sys=0.02s Real=0.08s
[11.535s][info][gc,start       ] GC(139) Pause Young (Allocation Failure)
[11.559s][info][gc,heap        ] GC(139) PSYoungGen: 26752K(166400K)->26656K(171520K) Eden: 11776K(11776K)->0K(13312K) From: 14976K(154624K)->26656K(158208K)
[11.559s][info][gc,heap        ] GC(139) ParOldGen: 1640228K(1801728K)->1640316K(1801728K)
[11.559s][info][gc,metaspace   ] GC(139) Metaspace: 6302K(6464K)->6302K(6464K) NonClass: 5769K(5824K)->5769K(5824K) Class: 533K(640K)->533K(640K)
[11.559s][info][gc             ] GC(139) Pause Young (Allocation Failure) 1627M->1627M(1927M) 23.941ms
[11.559s][info][gc,cpu         ] GC(139) User=0.02s Sys=0.00s Real=0.02s
[11.572s][info][gc,start       ] GC(140) Pause Young (Allocation Failure)
[11.600s][info][gc,heap        ] GC(140) PSYoungGen: 39968K(171520K)->25216K(171520K) Eden: 13312K(13312K)->0K(13312K) From: 26656K(158208K)->25216K(158208K)
[11.600s][info][gc,heap        ] GC(140) ParOldGen: 1640316K(1801728K)->1655276K(1801728K)
[11.600s][info][gc,metaspace   ] GC(140) Metaspace: 6302K(6464K)->6302K(6464K) NonClass: 5769K(5824K)->5769K(5824K) Class: 533K(640K)->533K(640K)
[11.600s][info][gc             ] GC(140) Pause Young (Allocation Failure) 1640M->1641M(1927M) 27.550ms
[11.600s][info][gc,cpu         ] GC(140) User=0.03s Sys=0.00s Real=0.03s
[11.613s][info][gc,start       ] GC(141) Pause Young (Allocation Failure)
[11.642s][info][gc,heap        ] GC(141) PSYoungGen: 38528K(171520K)->13408K(171008K) Eden: 13312K(13312K)->0K(15360K) From: 25216K(158208K)->13408K(155648K)
[11.642s][info][gc,heap        ] GC(141) ParOldGen: 1655276K(1801728K)->1680660K(1801728K)
[11.642s][info][gc,metaspace   ] GC(141) Metaspace: 6302K(6464K)->6302K(6464K) NonClass: 5769K(5824K)->5769K(5824K) Class: 533K(640K)->533K(640K)
[11.642s][info][gc             ] GC(141) Pause Young (Allocation Failure) 1654M->1654M(1926M) 28.382ms
[11.642s][info][gc,cpu         ] GC(141) User=0.05s Sys=0.00s Real=0.03s
[11.656s][info][gc,start       ] GC(142) Pause Young (Allocation Failure)
[11.682s][info][gc,heap        ] GC(142) PSYoungGen: 28768K(171008K)->15488K(171520K) Eden: 15360K(15360K)->0K(15360K) From: 13408K(155648K)->15488K(156160K)
[11.682s][info][gc,heap        ] GC(142) ParOldGen: 1680660K(1801728K)->1694148K(1801728K)
[11.682s][info][gc,metaspace   ] GC(142) Metaspace: 6302K(6464K)->6302K(6464K) NonClass: 5769K(5824K)->5769K(5824K) Class: 533K(640K)->533K(640K)
[11.682s][info][gc             ] GC(142) Pause Young (Allocation Failure) 1669M->1669M(1927M) 25.858ms
[11.682s][info][gc,cpu         ] GC(142) User=0.02s Sys=0.00s Real=0.03s
[11.698s][info][gc,start       ] GC(143) Pause Young (Allocation Failure)
[11.724s][info][gc,heap        ] GC(143) PSYoungGen: 30848K(171520K)->15488K(165376K) Eden: 15360K(15360K)->0K(17408K) From: 15488K(156160K)->15488K(147968K)
[11.724s][info][gc,heap        ] GC(143) ParOldGen: 1694148K(1801728K)->1709732K(1801728K)
[11.724s][info][gc,metaspace   ] GC(143) Metaspace: 6302K(6464K)->6302K(6464K) NonClass: 5769K(5824K)->5769K(5824K) Class: 533K(640K)->533K(640K)
[11.724s][info][gc             ] GC(143) Pause Young (Allocation Failure) 1684M->1684M(1921M) 26.686ms
[11.724s][info][gc,cpu         ] GC(143) User=0.03s Sys=0.00s Real=0.03s
[11.745s][info][gc,start       ] GC(144) Pause Young (Allocation Failure)
[11.773s][info][gc,heap        ] GC(144) PSYoungGen: 32896K(165376K)->17536K(35328K) Eden: 17408K(17408K)->0K(17408K) From: 15488K(147968K)->17536K(17920K)
[11.773s][info][gc,heap        ] GC(144) ParOldGen: 1709732K(1801728K)->1725308K(1801728K)
[11.773s][info][gc,metaspace   ] GC(144) Metaspace: 6302K(6464K)->6302K(6464K) NonClass: 5769K(5824K)->5769K(5824K) Class: 533K(640K)->533K(640K)
[11.773s][info][gc             ] GC(144) Pause Young (Allocation Failure) 1701M->1701M(1794M) 27.779ms
[11.773s][info][gc,cpu         ] GC(144) User=0.03s Sys=0.00s Real=0.03s
[11.791s][info][gc,start       ] GC(145) Pause Young (Allocation Failure)
[11.819s][info][gc,heap        ] GC(145) PSYoungGen: 34944K(35328K)->17536K(157696K) Eden: 17408K(17408K)->0K(19968K) From: 17536K(17920K)->17536K(137728K)
[11.819s][info][gc,heap        ] GC(145) ParOldGen: 1725308K(1801728K)->1742956K(1801728K)
[11.819s][info][gc,metaspace   ] GC(145) Metaspace: 6302K(6464K)->6302K(6464K) NonClass: 5769K(5824K)->5769K(5824K) Class: 533K(640K)->533K(640K)
[11.819s][info][gc             ] GC(145) Pause Young (Allocation Failure) 1718M->1719M(1913M) 28.183ms
[11.819s][info][gc,cpu         ] GC(145) User=0.03s Sys=0.00s Real=0.03s
[11.841s][info][gc,start       ] GC(146) Pause Young (Allocation Failure)
[11.869s][info][gc,heap        ] GC(146) PSYoungGen: 37504K(157696K)->20096K(40448K) Eden: 19968K(19968K)->0K(19968K) From: 17536K(137728K)->20096K(20480K)
[11.869s][info][gc,heap        ] GC(146) ParOldGen: 1742956K(1801728K)->1760604K(1801728K)
[11.869s][info][gc,metaspace   ] GC(146) Metaspace: 6302K(6464K)->6302K(6464K) NonClass: 5769K(5824K)->5769K(5824K) Class: 533K(640K)->533K(640K)
[11.869s][info][gc             ] GC(146) Pause Young (Allocation Failure) 1738M->1738M(1799M) 28.164ms
[11.869s][info][gc,cpu         ] GC(146) User=0.06s Sys=0.00s Real=0.03s
[11.890s][info][gc,start       ] GC(147) Pause Young (Allocation Failure)
[11.918s][info][gc,heap        ] GC(147) PSYoungGen: 40064K(40448K)->20128K(147968K) Eden: 19968K(19968K)->0K(22528K) From: 20096K(20480K)->20128K(125440K)
[11.918s][info][gc,heap        ] GC(147) ParOldGen: 1760604K(1801728K)->1780884K(1801728K)
[11.918s][info][gc,metaspace   ] GC(147) Metaspace: 6302K(6464K)->6302K(6464K) NonClass: 5769K(5824K)->5769K(5824K) Class: 533K(640K)->533K(640K)
[11.918s][info][gc             ] GC(147) Pause Young (Allocation Failure) 1758M->1758M(1904M) 28.606ms
[11.918s][info][gc,cpu         ] GC(147) User=0.03s Sys=0.00s Real=0.03s
[11.918s][info][gc,start       ] GC(148) Pause Full (Ergonomics)
[11.919s][info][gc,phases,start] GC(148) Marking Phase
[12.323s][info][gc,phases      ] GC(148) Marking Phase 404.399ms
[12.323s][info][gc,phases,start] GC(148) Summary Phase
[12.323s][info][gc,phases      ] GC(148) Summary Phase 0.049ms
[12.323s][info][gc,phases,start] GC(148) Adjust Roots
[12.323s][info][gc,phases      ] GC(148) Adjust Roots 0.164ms
[12.323s][info][gc,phases,start] GC(148) Compaction Phase
[12.491s][info][gc,phases      ] GC(148) Compaction Phase 167.966ms
[12.491s][info][gc,phases,start] GC(148) Post Compact
[12.495s][info][gc,phases      ] GC(148) Post Compact 3.946ms
[12.496s][info][gc,heap        ] GC(148) PSYoungGen: 20128K(147968K)->0K(153600K) Eden: 0K(22528K)->0K(22528K) From: 20128K(125440K)->0K(131072K)
[12.496s][info][gc,heap        ] GC(148) ParOldGen: 1780884K(1801728K)->1798443K(1966592K)
[12.496s][info][gc,metaspace   ] GC(148) Metaspace: 6302K(6464K)->6302K(6464K) NonClass: 5769K(5824K)->5769K(5824K) Class: 533K(640K)->533K(640K)
[12.496s][info][gc             ] GC(148) Pause Full (Ergonomics) 1758M->1756M(2070M) 577.683ms
[12.496s][info][gc,cpu         ] GC(148) User=4.34s Sys=0.02s Real=0.58s
[12.522s][info][gc,start       ] GC(149) Pause Young (Allocation Failure)
[12.545s][info][gc,heap        ] GC(149) PSYoungGen: 22528K(153600K)->22656K(143360K) Eden: 22528K(22528K)->0K(25088K) From: 0K(131072K)->22656K(118272K)
[12.545s][info][gc,heap        ] GC(149) ParOldGen: 1798443K(1966592K)->1798443K(1966592K)
[12.545s][info][gc,metaspace   ] GC(149) Metaspace: 6302K(6464K)->6302K(6464K) NonClass: 5769K(5824K)->5769K(5824K) Class: 533K(640K)->533K(640K)
[12.545s][info][gc             ] GC(149) Pause Young (Allocation Failure) 1778M->1778M(2060M) 23.224ms
[12.545s][info][gc,cpu         ] GC(149) User=0.02s Sys=0.00s Real=0.02s
[12.569s][info][gc,start       ] GC(150) Pause Young (Allocation Failure)
[12.600s][info][gc,heap        ] GC(150) PSYoungGen: 47744K(143360K)->47808K(73216K) Eden: 25088K(25088K)->0K(25088K) From: 22656K(118272K)->47808K(48128K)
[12.600s][info][gc,heap        ] GC(150) ParOldGen: 1798443K(1966592K)->1798443K(1966592K)
[12.600s][info][gc,metaspace   ] GC(150) Metaspace: 6302K(6464K)->6302K(6464K) NonClass: 5769K(5824K)->5769K(5824K) Class: 533K(640K)->533K(640K)
[12.600s][info][gc             ] GC(150) Pause Young (Allocation Failure) 1802M->1802M(1992M) 30.960ms
[12.600s][info][gc,cpu         ] GC(150) User=0.06s Sys=0.00s Real=0.03s
[12.628s][info][gc,start       ] GC(151) Pause Young (Allocation Failure)
[12.667s][info][gc,heap        ] GC(151) PSYoungGen: 72896K(73216K)->72928K(142848K) Eden: 25088K(25088K)->0K(23040K) From: 47808K(48128K)->72928K(119808K)
[12.667s][info][gc,heap        ] GC(151) ParOldGen: 1798443K(1966592K)->1798443K(1966592K)
[12.667s][info][gc,metaspace   ] GC(151) Metaspace: 6302K(6464K)->6302K(6464K) NonClass: 5769K(5824K)->5769K(5824K) Class: 533K(640K)->533K(640K)
[12.667s][info][gc             ] GC(151) Pause Young (Allocation Failure) 1827M->1827M(2060M) 39.553ms
[12.667s][info][gc,cpu         ] GC(151) User=0.14s Sys=0.00s Real=0.04s
[12.696s][info][gc,start       ] GC(152) Pause Young (Allocation Failure)
[12.743s][info][gc,heap        ] GC(152) PSYoungGen: 95968K(142848K)->73408K(147456K) Eden: 23040K(23040K)->0K(23040K) From: 72928K(119808K)->73408K(124416K)
[12.743s][info][gc,heap        ] GC(152) ParOldGen: 1798443K(1966592K)->1821275K(1966592K)
[12.743s][info][gc,metaspace   ] GC(152) Metaspace: 6302K(6464K)->6302K(6464K) NonClass: 5769K(5824K)->5769K(5824K) Class: 533K(640K)->533K(640K)
[12.743s][info][gc             ] GC(152) Pause Young (Allocation Failure) 1850M->1850M(2064M) 47.428ms
[12.743s][info][gc,cpu         ] GC(152) User=0.27s Sys=0.00s Real=0.05s
[12.768s][info][gc,start       ] GC(153) Pause Young (Allocation Failure)
[12.815s][info][gc,heap        ] GC(153) PSYoungGen: 96448K(147456K)->71328K(151552K) Eden: 23040K(23040K)->0K(24064K) From: 73408K(124416K)->71328K(127488K)
[12.815s][info][gc,heap        ] GC(153) ParOldGen: 1821275K(1966592K)->1846707K(1966592K)
[12.815s][info][gc,metaspace   ] GC(153) Metaspace: 6302K(6464K)->6302K(6464K) NonClass: 5769K(5824K)->5769K(5824K) Class: 533K(640K)->533K(640K)
[12.815s][info][gc             ] GC(153) Pause Young (Allocation Failure) 1872M->1873M(2068M) 46.721ms
[12.815s][info][gc,cpu         ] GC(153) User=0.17s Sys=0.09s Real=0.05s
[12.840s][info][gc,start       ] GC(154) Pause Young (Allocation Failure)
[12.888s][info][gc,heap        ] GC(154) PSYoungGen: 95392K(151552K)->70336K(153088K) Eden: 24064K(24064K)->0K(24064K) From: 71328K(127488K)->70336K(129024K)
[12.888s][info][gc,heap        ] GC(154) ParOldGen: 1846707K(1966592K)->1872139K(1966592K)
[12.888s][info][gc,metaspace   ] GC(154) Metaspace: 6302K(6464K)->6302K(6464K) NonClass: 5769K(5824K)->5769K(5824K) Class: 533K(640K)->533K(640K)
[12.888s][info][gc             ] GC(154) Pause Young (Allocation Failure) 1896M->1896M(2070M) 47.632ms
[12.888s][info][gc,cpu         ] GC(154) User=0.23s Sys=0.03s Real=0.05s
[12.915s][info][gc,start       ] GC(155) Pause Young (Allocation Failure)
[12.962s][info][gc,heap        ] GC(155) PSYoungGen: 94400K(153088K)->71360K(156160K) Eden: 24064K(24064K)->0K(27136K) From: 70336K(129024K)->71360K(129024K)
[12.962s][info][gc,heap        ] GC(155) ParOldGen: 1872139K(1966592K)->1895507K(1966592K)
[12.962s][info][gc,metaspace   ] GC(155) Metaspace: 6302K(6464K)->6302K(6464K) NonClass: 5769K(5824K)->5769K(5824K) Class: 533K(640K)->533K(640K)
[12.962s][info][gc             ] GC(155) Pause Young (Allocation Failure) 1920M->1920M(2073M) 46.690ms
[12.962s][info][gc,cpu         ] GC(155) User=0.27s Sys=0.00s Real=0.05s
[12.996s][info][gc,start       ] GC(156) Pause Young (Allocation Failure)
[13.048s][info][gc,heap        ] GC(156) PSYoungGen: 98496K(156160K)->51360K(78848K) Eden: 27136K(27136K)->0K(27136K) From: 71360K(129024K)->51360K(51712K)
[13.048s][info][gc,heap        ] GC(156) ParOldGen: 1895507K(1966592K)->1943235K(1966592K)
[13.048s][info][gc,metaspace   ] GC(156) Metaspace: 6302K(6464K)->6302K(6464K) NonClass: 5769K(5824K)->5769K(5824K) Class: 533K(640K)->533K(640K)
[13.048s][info][gc             ] GC(156) Pause Young (Allocation Failure) 1947M->1947M(1997M) 51.313ms
[13.048s][info][gc,cpu         ] GC(156) User=0.31s Sys=0.02s Real=0.05s
[13.048s][info][gc,start       ] GC(157) Pause Full (Ergonomics)
[13.048s][info][gc,phases,start] GC(157) Marking Phase
[13.504s][info][gc,phases      ] GC(157) Marking Phase 456.579ms
[13.504s][info][gc,phases,start] GC(157) Summary Phase
[13.504s][info][gc,phases      ] GC(157) Summary Phase 0.045ms
[13.504s][info][gc,phases,start] GC(157) Adjust Roots
[13.505s][info][gc,phases      ] GC(157) Adjust Roots 0.178ms
[13.505s][info][gc,phases,start] GC(157) Compaction Phase
[13.687s][info][gc,phases      ] GC(157) Compaction Phase 182.348ms
[13.687s][info][gc,phases,start] GC(157) Post Compact
[13.691s][info][gc,phases      ] GC(157) Post Compact 3.661ms
[13.691s][info][gc,heap        ] GC(157) PSYoungGen: 51360K(78848K)->26099K(78848K) Eden: 0K(27136K)->0K(27136K) From: 51360K(51712K)->26099K(51712K)
[13.691s][info][gc,heap        ] GC(157) ParOldGen: 1943235K(1966592K)->1966143K(2160128K)
[13.691s][info][gc,metaspace   ] GC(157) Metaspace: 6302K(6464K)->6302K(6464K) NonClass: 5769K(5824K)->5769K(5824K) Class: 533K(640K)->533K(640K)
[13.691s][info][gc             ] GC(157) Pause Full (Ergonomics) 1947M->1945M(2186M) 643.815ms
[13.692s][info][gc,cpu         ] GC(157) User=4.66s Sys=0.00s Real=0.64s
[13.727s][info][gc,start       ] GC(158) Pause Young (Allocation Failure)
[13.835s][info][gc,heap        ] GC(158) PSYoungGen: 53235K(78848K)->27264K(145920K) Eden: 27136K(27136K)->0K(30208K) From: 26099K(51712K)->27264K(115712K)
[13.835s][info][gc,heap        ] GC(158) ParOldGen: 1966143K(2160128K)->1992591K(2160128K)
[13.835s][info][gc,metaspace   ] GC(158) Metaspace: 6302K(6464K)->6302K(6464K) NonClass: 5769K(5824K)->5769K(5824K) Class: 533K(640K)->533K(640K)
[13.835s][info][gc             ] GC(158) Pause Young (Allocation Failure) 1972M->1972M(2252M) 107.854ms
[13.835s][info][gc,cpu         ] GC(158) User=0.64s Sys=0.00s Real=0.11s
[13.871s][info][gc,start       ] GC(159) Pause Young (Allocation Failure)
[13.910s][info][gc,heap        ] GC(159) PSYoungGen: 57472K(145920K)->57568K(88064K) Eden: 30208K(30208K)->0K(30208K) From: 27264K(115712K)->57568K(57856K)
[13.910s][info][gc,heap        ] GC(159) ParOldGen: 1992591K(2160128K)->1992591K(2160128K)
[13.910s][info][gc,metaspace   ] GC(159) Metaspace: 6302K(6464K)->6302K(6464K) NonClass: 5769K(5824K)->5769K(5824K) Class: 533K(640K)->533K(640K)
[13.910s][info][gc             ] GC(159) Pause Young (Allocation Failure) 2002M->2002M(2195M) 38.660ms
[13.910s][info][gc,cpu         ] GC(159) User=0.19s Sys=0.00s Real=0.04s
[13.944s][info][gc,start       ] GC(160) Pause Young (Allocation Failure)
[13.992s][info][gc,heap        ] GC(160) PSYoungGen: 87776K(88064K)->60608K(143872K) Eden: 30208K(30208K)->0K(33792K) From: 57568K(57856K)->60608K(110080K)
[13.992s][info][gc,heap        ] GC(160) ParOldGen: 1992591K(2160128K)->2020119K(2160128K)
[13.992s][info][gc,metaspace   ] GC(160) Metaspace: 6302K(6464K)->6302K(6464K) NonClass: 5769K(5824K)->5769K(5824K) Class: 533K(640K)->533K(640K)
[13.992s][info][gc             ] GC(160) Pause Young (Allocation Failure) 2031M->2031M(2250M) 48.230ms
[13.992s][info][gc,cpu         ] GC(160) User=0.27s Sys=0.00s Real=0.05s
[14.027s][info][gc,start       ] GC(161) Pause Young (Allocation Failure)
[14.078s][info][gc,heap        ] GC(161) PSYoungGen: 94400K(143872K)->64192K(145920K) Eden: 33792K(33792K)->0K(33792K) From: 60608K(110080K)->64192K(112128K)
[14.078s][info][gc,heap        ] GC(161) ParOldGen: 2020119K(2160128K)->2050759K(2160128K)
[14.078s][info][gc,metaspace   ] GC(161) Metaspace: 6302K(6464K)->6302K(6464K) NonClass: 5769K(5824K)->5769K(5824K) Class: 533K(640K)->533K(640K)
[14.078s][info][gc             ] GC(161) Pause Young (Allocation Failure) 2064M->2065M(2252M) 51.294ms
[14.078s][info][gc,cpu         ] GC(161) User=0.27s Sys=0.02s Real=0.05s
[14.115s][info][gc,start       ] GC(162) Pause Young (Allocation Failure)
[14.167s][info][gc,heap        ] GC(162) PSYoungGen: 97984K(145920K)->67776K(148480K) Eden: 33792K(33792K)->0K(37888K) From: 64192K(112128K)->67776K(110592K)
[14.167s][info][gc,heap        ] GC(162) ParOldGen: 2050759K(2160128K)->2081391K(2160128K)
[14.167s][info][gc,metaspace   ] GC(162) Metaspace: 6302K(6464K)->6302K(6464K) NonClass: 5769K(5824K)->5769K(5824K) Class: 533K(640K)->533K(640K)
[14.167s][info][gc             ] GC(162) Pause Young (Allocation Failure) 2098M->2098M(2254M) 51.693ms
[14.167s][info][gc,cpu         ] GC(162) User=0.30s Sys=0.00s Real=0.05s
[14.207s][info][gc,start       ] GC(163) Pause Young (Allocation Failure)
[14.264s][info][gc,heap        ] GC(163) PSYoungGen: 105664K(148480K)->71904K(148480K) Eden: 37888K(37888K)->0K(37888K) From: 67776K(110592K)->71904K(110592K)
[14.265s][info][gc,heap        ] GC(163) ParOldGen: 2081391K(2160128K)->2115639K(2160128K)
[14.265s][info][gc,metaspace   ] GC(163) Metaspace: 6302K(6464K)->6302K(6464K) NonClass: 5769K(5824K)->5769K(5824K) Class: 533K(640K)->533K(640K)
[14.265s][info][gc             ] GC(163) Pause Young (Allocation Failure) 2135M->2136M(2254M) 57.105ms
[14.265s][info][gc,cpu         ] GC(163) User=0.36s Sys=0.03s Real=0.06s
[14.265s][info][gc,start       ] GC(164) Pause Full (Ergonomics)
[14.265s][info][gc,phases,start] GC(164) Marking Phase
[14.763s][info][gc,phases      ] GC(164) Marking Phase 498.130ms
[14.763s][info][gc,phases,start] GC(164) Summary Phase
[14.763s][info][gc,phases      ] GC(164) Summary Phase 0.039ms
[14.763s][info][gc,phases,start] GC(164) Adjust Roots
[14.763s][info][gc,phases      ] GC(164) Adjust Roots 0.201ms
[14.763s][info][gc,phases,start] GC(164) Compaction Phase
[14.969s][info][gc,phases      ] GC(164) Compaction Phase 206.045ms
[14.969s][info][gc,phases,start] GC(164) Post Compact
[14.974s][info][gc,phases      ] GC(164) Post Compact 4.526ms
[14.975s][info][gc,heap        ] GC(164) PSYoungGen: 71904K(148480K)->25124K(148480K) Eden: 0K(37888K)->0K(37888K) From: 71904K(110592K)->25124K(110592K)
[14.975s][info][gc,heap        ] GC(164) ParOldGen: 2115639K(2160128K)->2159957K(2373632K)
[14.975s][info][gc,metaspace   ] GC(164) Metaspace: 6302K(6464K)->6302K(6464K) NonClass: 5769K(5824K)->5769K(5824K) Class: 533K(640K)->533K(640K)
[14.975s][info][gc             ] GC(164) Pause Full (Ergonomics) 2136M->2133M(2463M) 710.112ms
[14.975s][info][gc,cpu         ] GC(164) User=5.14s Sys=0.03s Real=0.71s
[15.020s][info][gc,start       ] GC(165) Pause Young (Allocation Failure)
[15.147s][info][gc,heap        ] GC(165) PSYoungGen: 63012K(148480K)->53728K(141312K) Eden: 37888K(37888K)->0K(41472K) From: 25124K(110592K)->53728K(99840K)
[15.147s][info][gc,heap        ] GC(165) ParOldGen: 2159957K(2373632K)->2169605K(2373632K)
[15.147s][info][gc,metaspace   ] GC(165) Metaspace: 6302K(6464K)->6302K(6464K) NonClass: 5769K(5824K)->5769K(5824K) Class: 533K(640K)->533K(640K)
[15.147s][info][gc             ] GC(165) Pause Young (Allocation Failure) 2170M->2171M(2456M) 127.144ms
[15.147s][info][gc,cpu         ] GC(165) User=0.75s Sys=0.02s Real=0.13s
[15.199s][info][gc,start       ] GC(166) Pause Young (Allocation Failure)
[15.254s][info][gc,heap        ] GC(166) PSYoungGen: 95200K(141312K)->95232K(147456K) Eden: 41472K(41472K)->0K(41472K) From: 53728K(99840K)->95232K(105984K)
[15.254s][info][gc,heap        ] GC(166) ParOldGen: 2169605K(2373632K)->2169605K(2373632K)
[15.254s][info][gc,metaspace   ] GC(166) Metaspace: 6302K(6464K)->6302K(6464K) NonClass: 5769K(5824K)->5769K(5824K) Class: 533K(640K)->533K(640K)
[15.254s][info][gc             ] GC(166) Pause Young (Allocation Failure) 2211M->2211M(2462M) 54.442ms
[15.254s][info][gc,cpu         ] GC(166) User=0.36s Sys=0.00s Real=0.05s
[15.303s][info][gc,start       ] GC(167) Pause Young (Allocation Failure)
[15.377s][info][gc,heap        ] GC(167) PSYoungGen: 136704K(147456K)->115712K(138240K) Eden: 41472K(41472K)->0K(22528K) From: 95232K(105984K)->115712K(115712K)
[15.377s][info][gc,heap        ] GC(167) ParOldGen: 2169605K(2373632K)->2190781K(2373632K)
[15.377s][info][gc,metaspace   ] GC(167) Metaspace: 6302K(6464K)->6302K(6464K) NonClass: 5769K(5824K)->5769K(5824K) Class: 533K(640K)->533K(640K)
[15.377s][info][gc             ] GC(167) Pause Young (Allocation Failure) 2252M->2252M(2453M) 74.183ms
[15.377s][info][gc,cpu         ] GC(167) User=0.44s Sys=0.02s Real=0.07s
[15.403s][info][gc,start       ] GC(168) Pause Young (Allocation Failure)
[15.487s][info][gc,heap        ] GC(168) PSYoungGen: 138240K(138240K)->96704K(161280K) Eden: 22528K(22528K)->0K(22528K) From: 115712K(115712K)->96704K(138752K)
[15.487s][info][gc,heap        ] GC(168) ParOldGen: 2190781K(2373632K)->2232997K(2373632K)
[15.487s][info][gc,metaspace   ] GC(168) Metaspace: 6302K(6464K)->6302K(6464K) NonClass: 5769K(5824K)->5769K(5824K) Class: 533K(640K)->533K(640K)
[15.487s][info][gc             ] GC(168) Pause Young (Allocation Failure) 2274M->2275M(2475M) 84.087ms
[15.487s][info][gc,cpu         ] GC(168) User=0.48s Sys=0.25s Real=0.08s
[15.512s][info][gc,start       ] GC(169) Pause Young (Allocation Failure)
[15.584s][info][gc,heap        ] GC(169) PSYoungGen: 119232K(161280K)->81216K(161792K) Eden: 22528K(22528K)->0K(25600K) From: 96704K(138752K)->81216K(136192K)
[15.584s][info][gc,heap        ] GC(169) ParOldGen: 2232997K(2373632K)->2271501K(2373632K)
[15.584s][info][gc,metaspace   ] GC(169) Metaspace: 6302K(6464K)->6302K(6464K) NonClass: 5769K(5824K)->5769K(5824K) Class: 533K(640K)->533K(640K)
[15.584s][info][gc             ] GC(169) Pause Young (Allocation Failure) 2297M->2297M(2476M) 72.102ms
[15.584s][info][gc,cpu         ] GC(169) User=0.41s Sys=0.09s Real=0.07s
[15.614s][info][gc,start       ] GC(170) Pause Young (Allocation Failure)
[15.687s][info][gc,heap        ] GC(170) PSYoungGen: 106816K(161792K)->48320K(164864K) Eden: 25600K(25600K)->0K(25600K) From: 81216K(136192K)->48320K(139264K)
[15.687s][info][gc,heap        ] GC(170) ParOldGen: 2271501K(2373632K)->2330445K(2373632K)
[15.687s][info][gc,metaspace   ] GC(170) Metaspace: 6302K(6464K)->6302K(6464K) NonClass: 5769K(5824K)->5769K(5824K) Class: 533K(640K)->533K(640K)
[15.687s][info][gc             ] GC(170) Pause Young (Allocation Failure) 2322M->2323M(2479M) 73.294ms
[15.687s][info][gc,cpu         ] GC(170) User=0.25s Sys=0.25s Real=0.07s
[15.687s][info][gc,start       ] GC(171) Pause Full (Ergonomics)
[15.687s][info][gc,phases,start] GC(171) Marking Phase
[16.243s][info][gc,phases      ] GC(171) Marking Phase 555.567ms
[16.243s][info][gc,phases,start] GC(171) Summary Phase
[16.243s][info][gc,phases      ] GC(171) Summary Phase 0.047ms
[16.243s][info][gc,phases,start] GC(171) Adjust Roots
[16.243s][info][gc,phases      ] GC(171) Adjust Roots 0.191ms
[16.243s][info][gc,phases,start] GC(171) Compaction Phase
[16.456s][info][gc,phases      ] GC(171) Compaction Phase 213.317ms
[16.456s][info][gc,phases,start] GC(171) Post Compact
[16.460s][info][gc,phases      ] GC(171) Post Compact 4.187ms
[16.462s][info][gc,heap        ] GC(171) PSYoungGen: 48320K(164864K)->3100K(164864K) Eden: 0K(25600K)->0K(25600K) From: 48320K(139264K)->3100K(139264K)
[16.462s][info][gc,heap        ] GC(171) ParOldGen: 2330445K(2373632K)->2373279K(2618880K)
[16.462s][info][gc,metaspace   ] GC(171) Metaspace: 6302K(6464K)->6302K(6464K) NonClass: 5769K(5824K)->5769K(5824K) Class: 533K(640K)->533K(640K)
[16.462s][info][gc             ] GC(171) Pause Full (Ergonomics) 2323M->2320M(2718M) 775.476ms
[16.462s][info][gc,cpu         ] GC(171) User=5.58s Sys=0.08s Real=0.78s
[16.494s][info][gc,start       ] GC(172) Pause Young (Allocation Failure)
[16.616s][info][gc,heap        ] GC(172) PSYoungGen: 28700K(164864K)->25696K(164352K) Eden: 25600K(25600K)->0K(28160K) From: 3100K(139264K)->25696K(136192K)
[16.616s][info][gc,heap        ] GC(172) ParOldGen: 2373279K(2618880K)->2376463K(2618880K)
[16.616s][info][gc,metaspace   ] GC(172) Metaspace: 6302K(6464K)->6302K(6464K) NonClass: 5769K(5824K)->5769K(5824K) Class: 533K(640K)->533K(640K)
[16.616s][info][gc             ] GC(172) Pause Young (Allocation Failure) 2345M->2345M(2718M) 122.473ms
[16.616s][info][gc,cpu         ] GC(172) User=0.72s Sys=0.00s Real=0.12s
[16.652s][info][gc,start       ] GC(173) Pause Young (Allocation Failure)
[16.694s][info][gc,heap        ] GC(173) PSYoungGen: 53856K(164352K)->28320K(165376K) Eden: 28160K(28160K)->0K(28160K) From: 25696K(136192K)->28320K(137216K)
[16.694s][info][gc,heap        ] GC(173) ParOldGen: 2376463K(2618880K)->2402303K(2618880K)
[16.694s][info][gc,metaspace   ] GC(173) Metaspace: 6302K(6464K)->6302K(6464K) NonClass: 5769K(5824K)->5769K(5824K) Class: 533K(640K)->533K(640K)
[16.694s][info][gc             ] GC(173) Pause Young (Allocation Failure) 2373M->2373M(2719M) 41.981ms
[16.694s][info][gc,cpu         ] GC(173) User=0.17s Sys=0.09s Real=0.04s
[16.727s][info][gc,start       ] GC(174) Pause Young (Allocation Failure)
[16.771s][info][gc,heap        ] GC(174) PSYoungGen: 56480K(165376K)->28288K(163328K) Eden: 28160K(28160K)->0K(31232K) From: 28320K(137216K)->28288K(132096K)
[16.771s][info][gc,heap        ] GC(174) ParOldGen: 2402303K(2618880K)->2430711K(2618880K)
[16.771s][info][gc,metaspace   ] GC(174) Metaspace: 6302K(6464K)->6302K(6464K) NonClass: 5769K(5824K)->5769K(5824K) Class: 533K(640K)->533K(640K)
[16.771s][info][gc             ] GC(174) Pause Young (Allocation Failure) 2401M->2401M(2717M) 44.143ms
[16.771s][info][gc,cpu         ] GC(174) User=0.22s Sys=0.03s Real=0.04s
[16.810s][info][gc,start       ] GC(175) Pause Young (Allocation Failure)
[16.853s][info][gc,heap        ] GC(175) PSYoungGen: 59520K(163328K)->31360K(165376K) Eden: 31232K(31232K)->0K(31232K) From: 28288K(132096K)->31360K(134144K)
[16.853s][info][gc,heap        ] GC(175) ParOldGen: 2430711K(2618880K)->2459127K(2618880K)
[16.854s][info][gc,metaspace   ] GC(175) Metaspace: 6302K(6464K)->6302K(6464K) NonClass: 5769K(5824K)->5769K(5824K) Class: 533K(640K)->533K(640K)
[16.854s][info][gc             ] GC(175) Pause Young (Allocation Failure) 2431M->2432M(2719M) 43.874ms
[16.854s][info][gc,cpu         ] GC(175) User=0.27s Sys=0.00s Real=0.04s
[16.891s][info][gc,start       ] GC(176) Pause Young (Allocation Failure)
[16.937s][info][gc,heap        ] GC(176) PSYoungGen: 62592K(165376K)->31424K(158720K) Eden: 31232K(31232K)->0K(34816K) From: 31360K(134144K)->31424K(123904K)
[16.937s][info][gc,heap        ] GC(176) ParOldGen: 2459127K(2618880K)->2490639K(2618880K)
[16.937s][info][gc,metaspace   ] GC(176) Metaspace: 6302K(6464K)->6302K(6464K) NonClass: 5769K(5824K)->5769K(5824K) Class: 533K(640K)->533K(640K)
[16.937s][info][gc             ] GC(176) Pause Young (Allocation Failure) 2462M->2462M(2712M) 45.826ms
[16.937s][info][gc,cpu         ] GC(176) User=0.19s Sys=0.06s Real=0.04s
[16.978s][info][gc,start       ] GC(177) Pause Young (Allocation Failure)
[17.025s][info][gc,heap        ] GC(177) PSYoungGen: 66240K(158720K)->34976K(162304K) Eden: 34816K(34816K)->0K(34816K) From: 31424K(123904K)->34976K(127488K)
[17.025s][info][gc,heap        ] GC(177) ParOldGen: 2490639K(2618880K)->2522151K(2618880K)
[17.025s][info][gc,metaspace   ] GC(177) Metaspace: 6302K(6464K)->6302K(6464K) NonClass: 5769K(5824K)->5769K(5824K) Class: 533K(640K)->533K(640K)
[17.025s][info][gc             ] GC(177) Pause Young (Allocation Failure) 2496M->2497M(2716M) 46.830ms
[17.025s][info][gc,cpu         ] GC(177) User=0.19s Sys=0.08s Real=0.05s
[17.066s][info][gc,start       ] GC(178) Pause Young (Allocation Failure)
[17.116s][info][gc,heap        ] GC(178) PSYoungGen: 69792K(162304K)->34976K(153088K) Eden: 34816K(34816K)->0K(38912K) From: 34976K(127488K)->34976K(114176K)
[17.116s][info][gc,heap        ] GC(178) ParOldGen: 2522151K(2618880K)->2557263K(2618880K)
[17.116s][info][gc,metaspace   ] GC(178) Metaspace: 6302K(6464K)->6302K(6464K) NonClass: 5769K(5824K)->5769K(5824K) Class: 533K(640K)->533K(640K)
[17.116s][info][gc             ] GC(178) Pause Young (Allocation Failure) 2531M->2531M(2707M) 50.236ms
[17.116s][info][gc,cpu         ] GC(178) User=0.14s Sys=0.14s Real=0.05s
[17.164s][info][gc,start       ] GC(179) Pause Young (Allocation Failure)
[17.218s][info][gc,heap        ] GC(179) PSYoungGen: 73888K(153088K)->39072K(78336K) Eden: 38912K(38912K)->0K(38912K) From: 34976K(114176K)->39072K(39424K)
[17.218s][info][gc,heap        ] GC(179) ParOldGen: 2557263K(2618880K)->2592391K(2618880K)
[17.218s][info][gc,metaspace   ] GC(179) Metaspace: 6302K(6464K)->6302K(6464K) NonClass: 5769K(5824K)->5769K(5824K) Class: 533K(640K)->533K(640K)
[17.218s][info][gc             ] GC(179) Pause Young (Allocation Failure) 2569M->2569M(2634M) 53.894ms
[17.218s][info][gc,cpu         ] GC(179) User=0.22s Sys=0.06s Real=0.05s
[17.218s][info][gc,start       ] GC(180) Pause Full (Ergonomics)
[17.218s][info][gc,phases,start] GC(180) Marking Phase
[17.812s][info][gc,phases      ] GC(180) Marking Phase 593.547ms
[17.812s][info][gc,phases,start] GC(180) Summary Phase
[17.812s][info][gc,phases      ] GC(180) Summary Phase 0.037ms
[17.812s][info][gc,phases,start] GC(180) Adjust Roots
[17.812s][info][gc,phases      ] GC(180) Adjust Roots 0.182ms
[17.812s][info][gc,phases,start] GC(180) Compaction Phase
[18.066s][info][gc,phases      ] GC(180) Compaction Phase 253.796ms
[18.066s][info][gc,phases,start] GC(180) Post Compact
[18.071s][info][gc,phases      ] GC(180) Post Compact 5.209ms
[18.074s][info][gc,heap        ] GC(180) PSYoungGen: 39072K(78336K)->10265K(78336K) Eden: 0K(38912K)->0K(38912K) From: 39072K(39424K)->10265K(39424K)
[18.074s][info][gc,heap        ] GC(180) ParOldGen: 2592391K(2618880K)->2618790K(2874880K)
[18.074s][info][gc,metaspace   ] GC(180) Metaspace: 6302K(6464K)->6302K(6464K) NonClass: 5769K(5824K)->5769K(5824K) Class: 533K(640K)->533K(640K)
[18.074s][info][gc             ] GC(180) Pause Full (Ergonomics) 2569M->2567M(2884M) 855.601ms
[18.074s][info][gc,cpu         ] GC(180) User=5.98s Sys=0.09s Real=0.86s
[18.125s][info][gc,start       ] GC(181) Pause Young (Allocation Failure)
[18.268s][info][gc,heap        ] GC(181) PSYoungGen: 49177K(78336K)->39136K(145920K) Eden: 38912K(38912K)->0K(43008K) From: 10265K(39424K)->39136K(102912K)
[18.268s][info][gc,heap        ] GC(181) ParOldGen: 2618790K(2874880K)->2629174K(2874880K)
[18.268s][info][gc,metaspace   ] GC(181) Metaspace: 6302K(6464K)->6302K(6464K) NonClass: 5769K(5824K)->5769K(5824K) Class: 533K(640K)->533K(640K)
[18.268s][info][gc             ] GC(181) Pause Young (Allocation Failure) 2605M->2605M(2950M) 142.974ms
[18.268s][info][gc,cpu         ] GC(181) User=0.84s Sys=0.03s Real=0.14s
[18.323s][info][gc,start       ] GC(182) Pause Young (Allocation Failure)
[18.372s][info][gc,heap        ] GC(182) PSYoungGen: 82144K(145920K)->82144K(151552K) Eden: 43008K(43008K)->0K(43008K) From: 39136K(102912K)->82144K(108544K)
[18.372s][info][gc,heap        ] GC(182) ParOldGen: 2629174K(2874880K)->2629174K(2874880K)
[18.372s][info][gc,metaspace   ] GC(182) Metaspace: 6302K(6464K)->6302K(6464K) NonClass: 5769K(5824K)->5769K(5824K) Class: 533K(640K)->533K(640K)
[18.372s][info][gc             ] GC(182) Pause Young (Allocation Failure) 2647M->2647M(2955M) 48.916ms
[18.372s][info][gc,cpu         ] GC(182) User=0.28s Sys=0.00s Real=0.05s
[18.420s][info][gc,start       ] GC(183) Pause Young (Allocation Failure)
[18.493s][info][gc,heap        ] GC(183) PSYoungGen: 125152K(151552K)->115712K(141824K) Eden: 43008K(43008K)->0K(26112K) From: 82144K(108544K)->115712K(115712K)
[18.493s][info][gc,heap        ] GC(183) ParOldGen: 2629174K(2874880K)->2638654K(2874880K)
[18.493s][info][gc,metaspace   ] GC(183) Metaspace: 6302K(6464K)->6302K(6464K) NonClass: 5769K(5824K)->5769K(5824K) Class: 533K(640K)->533K(640K)
[18.493s][info][gc             ] GC(183) Pause Young (Allocation Failure) 2689M->2689M(2946M) 72.554ms
[18.493s][info][gc,cpu         ] GC(183) User=0.39s Sys=0.02s Real=0.07s
[18.522s][info][gc,start       ] GC(184) Pause Young (Allocation Failure)
[18.622s][info][gc,heap        ] GC(184) PSYoungGen: 141824K(141824K)->65696K(92160K) Eden: 26112K(26112K)->0K(26112K) From: 115712K(115712K)->65696K(66048K)
[18.622s][info][gc,heap        ] GC(184) ParOldGen: 2638654K(2874880K)->2715518K(2874880K)
[18.622s][info][gc,metaspace   ] GC(184) Metaspace: 6302K(6464K)->6302K(6464K) NonClass: 5769K(5824K)->5769K(5824K) Class: 533K(640K)->533K(640K)
[18.622s][info][gc             ] GC(184) Pause Young (Allocation Failure) 2715M->2716M(2897M) 100.330ms
[18.623s][info][gc,cpu         ] GC(184) User=0.58s Sys=0.16s Real=0.10s
[18.652s][info][gc,start       ] GC(185) Pause Young (Allocation Failure)
[18.713s][info][gc,heap        ] GC(185) PSYoungGen: 91808K(92160K)->52384K(148992K) Eden: 26112K(26112K)->0K(29696K) From: 65696K(66048K)->52384K(119296K)
[18.713s][info][gc,heap        ] GC(185) ParOldGen: 2715518K(2874880K)->2755246K(2874880K)
[18.713s][info][gc,metaspace   ] GC(185) Metaspace: 6302K(6464K)->6302K(6464K) NonClass: 5769K(5824K)->5769K(5824K) Class: 533K(640K)->533K(640K)
[18.713s][info][gc             ] GC(185) Pause Young (Allocation Failure) 2741M->2741M(2953M) 61.136ms
[18.713s][info][gc,cpu         ] GC(185) User=0.28s Sys=0.11s Real=0.06s
[18.748s][info][gc,start       ] GC(186) Pause Young (Allocation Failure)
[18.802s][info][gc,heap        ] GC(186) PSYoungGen: 82080K(148992K)->55968K(86016K) Eden: 29696K(29696K)->0K(29696K) From: 52384K(119296K)->55968K(56320K)
[18.802s][info][gc,heap        ] GC(186) ParOldGen: 2755246K(2874880K)->2781590K(2874880K)
[18.802s][info][gc,metaspace   ] GC(186) Metaspace: 6302K(6464K)->6302K(6464K) NonClass: 5769K(5824K)->5769K(5824K) Class: 533K(640K)->533K(640K)
[18.802s][info][gc             ] GC(186) Pause Young (Allocation Failure) 2770M->2771M(2891M) 53.842ms
[18.802s][info][gc,cpu         ] GC(186) User=0.28s Sys=0.03s Real=0.05s
[19.436s][info][gc,start       ] GC(187) Pause Young (Allocation Failure)
[19.556s][info][gc,heap        ] GC(187) PSYoungGen: 85664K(86016K)->29856K(147968K) Eden: 29696K(29696K)->0K(32768K) From: 55968K(56320K)->29856K(115200K)
[19.556s][info][gc,heap        ] GC(187) ParOldGen: 2912662K(3006464K)->2968958K(3006464K)
[19.556s][info][gc,metaspace   ] GC(187) Metaspace: 6302K(6464K)->6302K(6464K) NonClass: 5769K(5824K)->5769K(5824K) Class: 533K(640K)->533K(640K)
[19.556s][info][gc             ] GC(187) Pause Young (Allocation Failure) 2928M->2928M(3080M) 120.590ms
[19.556s][info][gc,cpu         ] GC(187) User=0.59s Sys=0.33s Real=0.12s
[19.556s][info][gc,start       ] GC(188) Pause Full (Ergonomics)
[19.556s][info][gc,phases,start] GC(188) Marking Phase
[20.198s][info][gc,phases      ] GC(188) Marking Phase 641.384ms
[20.198s][info][gc,phases,start] GC(188) Summary Phase
[20.198s][info][gc,phases      ] GC(188) Summary Phase 0.065ms
[20.198s][info][gc,phases,start] GC(188) Adjust Roots
[20.198s][info][gc,phases      ] GC(188) Adjust Roots 0.175ms
[20.198s][info][gc,phases,start] GC(188) Compaction Phase
[20.666s][info][gc,phases      ] GC(188) Compaction Phase 467.507ms
[20.666s][info][gc,phases,start] GC(188) Post Compact
[20.672s][info][gc,phases      ] GC(188) Post Compact 6.415ms
[20.674s][info][gc,heap        ] GC(188) PSYoungGen: 29856K(147968K)->0K(150528K) Eden: 0K(32768K)->0K(32768K) From: 29856K(115200K)->0K(117760K)
[20.674s][info][gc,heap        ] GC(188) ParOldGen: 2968958K(3006464K)->2930914K(3225088K)
[20.674s][info][gc,metaspace   ] GC(188) Metaspace: 6302K(6464K)->6302K(6464K) NonClass: 5769K(5824K)->5769K(5824K) Class: 533K(640K)->533K(640K)
[20.674s][info][gc             ] GC(188) Pause Full (Ergonomics) 2928M->2862M(3296M) 1117.376ms
[20.674s][info][gc,cpu         ] GC(188) User=7.59s Sys=0.02s Real=1.12s
[20.713s][info][gc,start       ] GC(189) Pause Young (Allocation Failure)
[20.751s][info][gc,heap        ] GC(189) PSYoungGen: 32768K(150528K)->32960K(148992K) Eden: 32768K(32768K)->0K(35840K) From: 0K(117760K)->32960K(113152K)
[20.751s][info][gc,heap        ] GC(189) ParOldGen: 2930914K(3225088K)->2930914K(3225088K)
[20.751s][info][gc,metaspace   ] GC(189) Metaspace: 6302K(6464K)->6302K(6464K) NonClass: 5769K(5824K)->5769K(5824K) Class: 533K(640K)->533K(640K)
[20.751s][info][gc             ] GC(189) Pause Young (Allocation Failure) 2894M->2894M(3295M) 37.534ms
[20.751s][info][gc,cpu         ] GC(189) User=0.05s Sys=0.00s Real=0.04s
[20.792s][info][gc,start       ] GC(190) Pause Young (Allocation Failure)
[20.843s][info][gc,heap        ] GC(190) PSYoungGen: 68800K(148992K)->68832K(151552K) Eden: 35840K(35840K)->0K(35840K) From: 32960K(113152K)->68832K(115712K)
[20.843s][info][gc,heap        ] GC(190) ParOldGen: 2930914K(3225088K)->2930914K(3225088K)
[20.843s][info][gc,metaspace   ] GC(190) Metaspace: 6302K(6464K)->6302K(6464K) NonClass: 5769K(5824K)->5769K(5824K) Class: 533K(640K)->533K(640K)
[20.843s][info][gc             ] GC(190) Pause Young (Allocation Failure) 2929M->2929M(3297M) 51.787ms
[20.843s][info][gc,cpu         ] GC(190) User=0.17s Sys=0.00s Real=0.05s
[20.878s][info][gc,start       ] GC(191) Pause Young (Allocation Failure)
[20.940s][info][gc,heap        ] GC(191) PSYoungGen: 104672K(151552K)->104672K(142336K) Eden: 35840K(35840K)->0K(27136K) From: 68832K(115712K)->104672K(115200K)
[20.940s][info][gc,heap        ] GC(191) ParOldGen: 2930914K(3225088K)->2930914K(3225088K)
[20.940s][info][gc,metaspace   ] GC(191) Metaspace: 6302K(6464K)->6302K(6464K) NonClass: 5769K(5824K)->5769K(5824K) Class: 533K(640K)->533K(640K)
[20.940s][info][gc             ] GC(191) Pause Young (Allocation Failure) 2964M->2964M(3288M) 62.219ms
[20.940s][info][gc,cpu         ] GC(191) User=0.20s Sys=0.00s Real=0.06s
[20.966s][info][gc,start       ] GC(192) Pause Young (Allocation Failure)
[21.036s][info][gc,heap        ] GC(192) PSYoungGen: 131808K(142336K)->127488K(154624K) Eden: 27136K(27136K)->0K(27136K) From: 104672K(115200K)->127488K(127488K)
[21.036s][info][gc,heap        ] GC(192) ParOldGen: 2930914K(3225088K)->2935210K(3225088K)
[21.036s][info][gc,metaspace   ] GC(192) Metaspace: 6302K(6464K)->6302K(6464K) NonClass: 5769K(5824K)->5769K(5824K) Class: 533K(640K)->533K(640K)
[21.036s][info][gc             ] GC(192) Pause Young (Allocation Failure) 2990M->2990M(3300M) 69.632ms
[21.036s][info][gc,cpu         ] GC(192) User=0.19s Sys=0.00s Real=0.07s
[21.061s][info][gc,start       ] GC(193) Pause Young (Allocation Failure)
[21.145s][info][gc,heap        ] GC(193) PSYoungGen: 154624K(154624K)->86112K(176640K) Eden: 27136K(27136K)->0K(30720K) From: 127488K(127488K)->86112K(145920K)
[21.145s][info][gc,heap        ] GC(193) ParOldGen: 2935210K(3225088K)->3004394K(3225088K)
[21.145s][info][gc,metaspace   ] GC(193) Metaspace: 6302K(6464K)->6302K(6464K) NonClass: 5769K(5824K)->5769K(5824K) Class: 533K(640K)->533K(640K)
[21.145s][info][gc             ] GC(193) Pause Young (Allocation Failure) 3017M->3018M(3322M) 84.184ms
[21.145s][info][gc,cpu         ] GC(193) User=0.31s Sys=0.11s Real=0.09s
[21.175s][info][gc,start       ] GC(194) Pause Young (Allocation Failure)
[21.253s][info][gc,heap        ] GC(194) PSYoungGen: 116832K(176640K)->58016K(89088K) Eden: 30720K(30720K)->0K(30720K) From: 86112K(145920K)->58016K(58368K)
[21.253s][info][gc,heap        ] GC(194) ParOldGen: 3004394K(3225088K)->3063642K(3225088K)
[21.253s][info][gc,metaspace   ] GC(194) Metaspace: 6302K(6464K)->6302K(6464K) NonClass: 5769K(5824K)->5769K(5824K) Class: 533K(640K)->533K(640K)
[21.253s][info][gc             ] GC(194) Pause Young (Allocation Failure) 3048M->3048M(3236M) 77.985ms
[21.253s][info][gc,cpu         ] GC(194) User=0.27s Sys=0.09s Real=0.08s
[21.284s][info][gc,start       ] GC(195) Pause Young (Allocation Failure)
[21.350s][info][gc,heap        ] GC(195) PSYoungGen: 88736K(89088K)->30880K(173568K) Eden: 30720K(30720K)->0K(34816K) From: 58016K(58368K)->30880K(138752K)
[21.350s][info][gc,heap        ] GC(195) ParOldGen: 3063642K(3225088K)->3122002K(3225088K)
[21.350s][info][gc,metaspace   ] GC(195) Metaspace: 6302K(6464K)->6302K(6464K) NonClass: 5769K(5824K)->5769K(5824K) Class: 533K(640K)->533K(640K)
[21.350s][info][gc             ] GC(195) Pause Young (Allocation Failure) 3078M->3078M(3319M) 65.893ms
[21.350s][info][gc,cpu         ] GC(195) User=0.19s Sys=0.31s Real=0.07s
[21.387s][info][gc,start       ] GC(196) Pause Young (Allocation Failure)
[21.443s][info][gc,heap        ] GC(196) PSYoungGen: 65696K(173568K)->34976K(174592K) Eden: 34816K(34816K)->0K(34816K) From: 30880K(138752K)->34976K(139776K)
[21.443s][info][gc,heap        ] GC(196) ParOldGen: 3122002K(3225088K)->3153002K(3225088K)
[21.443s][info][gc,metaspace   ] GC(196) Metaspace: 6302K(6464K)->6302K(6464K) NonClass: 5769K(5824K)->5769K(5824K) Class: 533K(640K)->533K(640K)
[21.443s][info][gc             ] GC(196) Pause Young (Allocation Failure) 3112M->3113M(3320M) 55.166ms
[21.443s][info][gc,cpu         ] GC(196) User=0.25s Sys=0.02s Real=0.06s
[21.443s][info][gc,start       ] GC(197) Pause Full (Ergonomics)
[21.443s][info][gc,phases,start] GC(197) Marking Phase
[22.149s][info][gc,phases      ] GC(197) Marking Phase 705.997ms
[22.149s][info][gc,phases,start] GC(197) Summary Phase
[22.149s][info][gc,phases      ] GC(197) Summary Phase 0.079ms
[22.149s][info][gc,phases,start] GC(197) Adjust Roots
[22.149s][info][gc,phases      ] GC(197) Adjust Roots 0.196ms
[22.149s][info][gc,phases,start] GC(197) Compaction Phase
[22.465s][info][gc,phases      ] GC(197) Compaction Phase 315.988ms
[22.465s][info][gc,phases,start] GC(197) Post Compact
[22.471s][info][gc,phases      ] GC(197) Post Compact 5.795ms
[22.473s][info][gc,heap        ] GC(197) PSYoungGen: 34976K(174592K)->0K(176640K) Eden: 0K(34816K)->0K(39424K) From: 34976K(139776K)->0K(137216K)
[22.473s][info][gc,heap        ] GC(197) ParOldGen: 3153002K(3225088K)->3185626K(3514368K)
[22.473s][info][gc,metaspace   ] GC(197) Metaspace: 6302K(6464K)->6302K(6464K) NonClass: 5769K(5824K)->5769K(5824K) Class: 533K(640K)->533K(640K)
[22.473s][info][gc             ] GC(197) Pause Full (Ergonomics) 3113M->3110M(3604M) 1030.493ms
[22.473s][info][gc,cpu         ] GC(197) User=7.31s Sys=0.14s Real=1.03s
[22.519s][info][gc,start       ] GC(198) Pause Young (Allocation Failure)
[22.562s][info][gc,heap        ] GC(198) PSYoungGen: 39424K(176640K)->39552K(176640K) Eden: 39424K(39424K)->0K(39424K) From: 0K(137216K)->39552K(137216K)
[22.562s][info][gc,heap        ] GC(198) ParOldGen: 3185626K(3514368K)->3185626K(3514368K)
[22.562s][info][gc,metaspace   ] GC(198) Metaspace: 6302K(6464K)->6302K(6464K) NonClass: 5769K(5824K)->5769K(5824K) Class: 533K(640K)->533K(640K)
[22.562s][info][gc             ] GC(198) Pause Young (Allocation Failure) 3149M->3149M(3604M) 42.858ms
[22.562s][info][gc,cpu         ] GC(198) User=0.06s Sys=0.00s Real=0.04s
[22.603s][info][gc,start       ] GC(199) Pause Young (Allocation Failure)
[22.662s][info][gc,heap        ] GC(199) PSYoungGen: 78976K(176640K)->39552K(169472K) Eden: 39424K(39424K)->0K(44032K) From: 39552K(137216K)->39552K(125440K)
[22.662s][info][gc,heap        ] GC(199) ParOldGen: 3185626K(3514368K)->3225402K(3514368K)
[22.662s][info][gc,metaspace   ] GC(199) Metaspace: 6302K(6464K)->6302K(6464K) NonClass: 5769K(5824K)->5769K(5824K) Class: 533K(640K)->533K(640K)
[22.662s][info][gc             ] GC(199) Pause Young (Allocation Failure) 3188M->3188M(3597M) 59.634ms
[22.662s][info][gc,cpu         ] GC(199) User=0.17s Sys=0.11s Real=0.06s
[22.705s][info][gc,start       ] GC(200) Pause Young (Allocation Failure)
[22.763s][info][gc,heap        ] GC(200) PSYoungGen: 83584K(169472K)->44256K(173056K) Eden: 44032K(44032K)->0K(44032K) From: 39552K(125440K)->44256K(129024K)
[22.763s][info][gc,heap        ] GC(200) ParOldGen: 3225402K(3514368K)->3265170K(3514368K)
[22.763s][info][gc,metaspace   ] GC(200) Metaspace: 6302K(6464K)->6302K(6464K) NonClass: 5769K(5824K)->5769K(5824K) Class: 533K(640K)->533K(640K)
[22.763s][info][gc             ] GC(200) Pause Young (Allocation Failure) 3231M->3231M(3601M) 58.478ms
[22.763s][info][gc,cpu         ] GC(200) User=0.16s Sys=0.12s Real=0.06s
[22.808s][info][gc,start       ] GC(201) Pause Young (Allocation Failure)
[22.871s][info][gc,heap        ] GC(201) PSYoungGen: 88288K(173056K)->44256K(163840K) Eden: 44032K(44032K)->0K(49152K) From: 44256K(129024K)->44256K(114688K)
[22.872s][info][gc,heap        ] GC(201) ParOldGen: 3265170K(3514368K)->3309602K(3514368K)
[22.872s][info][gc,metaspace   ] GC(201) Metaspace: 6302K(6464K)->6302K(6464K) NonClass: 5769K(5824K)->5769K(5824K) Class: 533K(640K)->533K(640K)
[22.872s][info][gc             ] GC(201) Pause Young (Allocation Failure) 3274M->3275M(3592M) 63.692ms
[22.872s][info][gc,cpu         ] GC(201) User=0.23s Sys=0.06s Real=0.06s
[22.924s][info][gc,start       ] GC(202) Pause Young (Allocation Failure)
[22.994s][info][gc,heap        ] GC(202) PSYoungGen: 93408K(163840K)->49344K(168448K) Eden: 49152K(49152K)->0K(49152K) From: 44256K(114688K)->49344K(119296K)
[22.994s][info][gc,heap        ] GC(202) ParOldGen: 3309602K(3514368K)->3354034K(3514368K)
[22.994s][info][gc,metaspace   ] GC(202) Metaspace: 6302K(6464K)->6302K(6464K) NonClass: 5769K(5824K)->5769K(5824K) Class: 533K(640K)->533K(640K)
[22.994s][info][gc             ] GC(202) Pause Young (Allocation Failure) 3323M->3323M(3596M) 70.071ms
[22.994s][info][gc,cpu         ] GC(202) User=0.20s Sys=0.19s Real=0.07s
[23.046s][info][gc,start       ] GC(203) Pause Young (Allocation Failure)
[23.116s][info][gc,heap        ] GC(203) PSYoungGen: 98496K(168448K)->49344K(159232K) Eden: 49152K(49152K)->0K(55296K) From: 49344K(119296K)->49344K(103936K)
[23.116s][info][gc,heap        ] GC(203) ParOldGen: 3354034K(3514368K)->3403618K(3514368K)
[23.116s][info][gc,metaspace   ] GC(203) Metaspace: 6302K(6464K)->6302K(6464K) NonClass: 5769K(5824K)->5769K(5824K) Class: 533K(640K)->533K(640K)
[23.116s][info][gc             ] GC(203) Pause Young (Allocation Failure) 3371M->3372M(3587M) 70.064ms
[23.116s][info][gc,cpu         ] GC(203) User=0.44s Sys=0.19s Real=0.07s
[23.171s][info][gc,start       ] GC(204) Pause Young (Allocation Failure)
[23.241s][info][gc,heap        ] GC(204) PSYoungGen: 104640K(159232K)->55552K(163840K) Eden: 55296K(55296K)->0K(55296K) From: 49344K(103936K)->55552K(108544K)
[23.241s][info][gc,heap        ] GC(204) ParOldGen: 3403618K(3514368K)->3453210K(3514368K)
[23.241s][info][gc,metaspace   ] GC(204) Metaspace: 6302K(6464K)->6302K(6464K) NonClass: 5769K(5824K)->5769K(5824K) Class: 533K(640K)->533K(640K)
[23.241s][info][gc             ] GC(204) Pause Young (Allocation Failure) 3426M->3426M(3592M) 70.184ms
[23.241s][info][gc,cpu         ] GC(204) User=0.25s Sys=0.25s Real=0.07s
[23.241s][info][gc,start       ] GC(205) Pause Full (Ergonomics)
[23.241s][info][gc,phases,start] GC(205) Marking Phase
[24.035s][info][gc,phases      ] GC(205) Marking Phase 794.038ms
[24.035s][info][gc,phases,start] GC(205) Summary Phase
[24.035s][info][gc,phases      ] GC(205) Summary Phase 0.116ms
[24.035s][info][gc,phases,start] GC(205) Adjust Roots
[24.036s][info][gc,phases      ] GC(205) Adjust Roots 0.231ms
[24.036s][info][gc,phases,start] GC(205) Compaction Phase
[24.392s][info][gc,phases      ] GC(205) Compaction Phase 356.678ms
[24.392s][info][gc,phases,start] GC(205) Post Compact
[24.399s][info][gc,phases      ] GC(205) Post Compact 6.398ms
[24.402s][info][gc,heap        ] GC(205) PSYoungGen: 55552K(163840K)->0K(165888K) Eden: 0K(55296K)->0K(61952K) From: 55552K(108544K)->0K(103936K)
[24.402s][info][gc,heap        ] GC(205) ParOldGen: 3453210K(3514368K)->3505926K(3858944K)
[24.402s][info][gc,metaspace   ] GC(205) Metaspace: 6302K(6464K)->6302K(6464K) NonClass: 5769K(5824K)->5769K(5824K) Class: 533K(640K)->533K(640K)
[24.402s][info][gc             ] GC(205) Pause Full (Ergonomics) 3426M->3423M(3930M) 1160.744ms
[24.402s][info][gc,cpu         ] GC(205) User=8.23s Sys=0.09s Real=1.16s
[24.466s][info][gc,start       ] GC(206) Pause Young (Allocation Failure)
[24.514s][info][gc,heap        ] GC(206) PSYoungGen: 61952K(165888K)->62176K(165888K) Eden: 61952K(61952K)->0K(61952K) From: 0K(103936K)->62176K(103936K)
[24.514s][info][gc,heap        ] GC(206) ParOldGen: 3505926K(3858944K)->3505926K(3858944K)
[24.514s][info][gc,metaspace   ] GC(206) Metaspace: 6302K(6464K)->6302K(6464K) NonClass: 5769K(5824K)->5769K(5824K) Class: 533K(640K)->533K(640K)
[24.514s][info][gc             ] GC(206) Pause Young (Allocation Failure) 3484M->3484M(3930M) 48.172ms
[24.514s][info][gc,cpu         ] GC(206) User=0.08s Sys=0.00s Real=0.05s
[24.579s][info][gc,start       ] GC(207) Pause Young (Allocation Failure)
[24.653s][info][gc,heap        ] GC(207) PSYoungGen: 124128K(165888K)->101888K(148480K) Eden: 61952K(61952K)->0K(46592K) From: 62176K(103936K)->101888K(101888K)
[24.653s][info][gc,heap        ] GC(207) ParOldGen: 3505926K(3858944K)->3528326K(3858944K)
[24.653s][info][gc,metaspace   ] GC(207) Metaspace: 6302K(6464K)->6302K(6464K) NonClass: 5769K(5824K)->5769K(5824K) Class: 533K(640K)->533K(640K)
[24.653s][info][gc             ] GC(207) Pause Young (Allocation Failure) 3544M->3545M(3913M) 73.999ms
[24.653s][info][gc,cpu         ] GC(207) User=0.36s Sys=0.05s Real=0.08s
[24.703s][info][gc,start       ] GC(208) Pause Young (Allocation Failure)
[24.814s][info][gc,heap        ] GC(208) PSYoungGen: 148480K(148480K)->46816K(169472K) Eden: 46592K(46592K)->0K(46592K) From: 101888K(101888K)->46816K(122880K)
[24.814s][info][gc,heap        ] GC(208) ParOldGen: 3528326K(3858944K)->3630950K(3858944K)
[24.814s][info][gc,metaspace   ] GC(208) Metaspace: 6302K(6464K)->6302K(6464K) NonClass: 5769K(5824K)->5769K(5824K) Class: 533K(640K)->533K(640K)
[24.814s][info][gc             ] GC(208) Pause Young (Allocation Failure) 3590M->3591M(3934M) 110.460ms
[24.814s][info][gc,cpu         ] GC(208) User=0.41s Sys=0.36s Real=0.11s
[24.864s][info][gc,start       ] GC(209) Pause Young (Allocation Failure)
[24.930s][info][gc,heap        ] GC(209) PSYoungGen: 93408K(169472K)->46816K(163840K) Eden: 46592K(46592K)->0K(51712K) From: 46816K(122880K)->46816K(112128K)
[24.930s][info][gc,heap        ] GC(209) ParOldGen: 3630950K(3858944K)->3677958K(3858944K)
[24.930s][info][gc,metaspace   ] GC(209) Metaspace: 6302K(6464K)->6302K(6464K) NonClass: 5769K(5824K)->5769K(5824K) Class: 533K(640K)->533K(640K)
[24.930s][info][gc             ] GC(209) Pause Young (Allocation Failure) 3637M->3637M(3928M) 66.757ms
[24.930s][info][gc,cpu         ] GC(209) User=0.22s Sys=0.11s Real=0.07s
[24.982s][info][gc,start       ] GC(210) Pause Young (Allocation Failure)
[25.049s][info][gc,heap        ] GC(210) PSYoungGen: 98528K(163840K)->51936K(167424K) Eden: 51712K(51712K)->0K(51712K) From: 46816K(112128K)->51936K(115712K)
[25.049s][info][gc,heap        ] GC(210) ParOldGen: 3677958K(3858944K)->3724974K(3858944K)
[25.049s][info][gc,metaspace   ] GC(210) Metaspace: 6302K(6464K)->6302K(6464K) NonClass: 5769K(5824K)->5769K(5824K) Class: 533K(640K)->533K(640K)
[25.049s][info][gc             ] GC(210) Pause Young (Allocation Failure) 3687M->3688M(3932M) 66.409ms
[25.049s][info][gc,cpu         ] GC(210) User=0.42s Sys=0.12s Real=0.07s
[25.099s][info][gc,start       ] GC(211) Pause Young (Allocation Failure)
[25.169s][info][gc,heap        ] GC(211) PSYoungGen: 103648K(167424K)->51936K(160768K) Eden: 51712K(51712K)->0K(57856K) From: 51936K(115712K)->51936K(102912K)
[25.169s][info][gc,heap        ] GC(211) ParOldGen: 3724974K(3858944K)->3777142K(3858944K)
[25.169s][info][gc,metaspace   ] GC(211) Metaspace: 6302K(6464K)->6302K(6464K) NonClass: 5769K(5824K)->5769K(5824K) Class: 533K(640K)->533K(640K)
[25.169s][info][gc             ] GC(211) Pause Young (Allocation Failure) 3738M->3739M(3925M) 70.769ms
[25.169s][info][gc,cpu         ] GC(211) User=0.25s Sys=0.14s Real=0.07s
[25.169s][info][gc,start       ] GC(212) Pause Full (Ergonomics)
[25.169s][info][gc,phases,start] GC(212) Marking Phase
[26.019s][info][gc,phases      ] GC(212) Marking Phase 850.027ms
[26.019s][info][gc,phases,start] GC(212) Summary Phase
[26.020s][info][gc,phases      ] GC(212) Summary Phase 0.101ms
[26.020s][info][gc,phases,start] GC(212) Adjust Roots
[26.020s][info][gc,phases      ] GC(212) Adjust Roots 0.204ms
[26.020s][info][gc,phases,start] GC(212) Compaction Phase
[26.400s][info][gc,phases      ] GC(212) Compaction Phase 380.408ms
[26.400s][info][gc,phases,start] GC(212) Post Compact
[26.409s][info][gc,phases      ] GC(212) Post Compact 8.198ms
[26.411s][info][gc,heap        ] GC(212) PSYoungGen: 51936K(160768K)->0K(164864K) Eden: 0K(57856K)->0K(57856K) From: 51936K(102912K)->0K(107008K)
[26.411s][info][gc,heap        ] GC(212) ParOldGen: 3777142K(3858944K)->3826248K(4219904K)
[26.411s][info][gc,metaspace   ] GC(212) Metaspace: 6302K(6464K)->6302K(6464K) NonClass: 5769K(5824K)->5769K(5824K) Class: 533K(640K)->533K(640K)
[26.411s][info][gc             ] GC(212) Pause Full (Ergonomics) 3739M->3736M(4282M) 1241.580ms
[26.411s][info][gc,cpu         ] GC(212) User=9.00s Sys=0.08s Real=1.24s
[26.472s][info][gc,start       ] GC(213) Pause Young (Allocation Failure)
[26.521s][info][gc,heap        ] GC(213) PSYoungGen: 57856K(164864K)->58016K(159232K) Eden: 57856K(57856K)->0K(62976K) From: 0K(107008K)->58016K(96256K)
[26.521s][info][gc,heap        ] GC(213) ParOldGen: 3826248K(4219904K)->3826248K(4219904K)
[26.521s][info][gc,metaspace   ] GC(213) Metaspace: 6302K(6464K)->6302K(6464K) NonClass: 5769K(5824K)->5769K(5824K) Class: 533K(640K)->533K(640K)
[26.521s][info][gc             ] GC(213) Pause Young (Allocation Failure) 3793M->3793M(4276M) 48.833ms
[26.521s][info][gc,cpu         ] GC(213) User=0.17s Sys=0.00s Real=0.05s
[26.584s][info][gc,start       ] GC(214) Pause Young (Allocation Failure)
[26.654s][info][gc,heap        ] GC(214) PSYoungGen: 120992K(159232K)->102400K(165376K) Eden: 62976K(62976K)->0K(62976K) From: 58016K(96256K)->102400K(102400K)
[26.654s][info][gc,heap        ] GC(214) ParOldGen: 3826248K(4219904K)->3845032K(4219904K)
[26.655s][info][gc,metaspace   ] GC(214) Metaspace: 6302K(6464K)->6302K(6464K) NonClass: 5769K(5824K)->5769K(5824K) Class: 533K(640K)->533K(640K)
[26.655s][info][gc             ] GC(214) Pause Young (Allocation Failure) 3854M->3854M(4282M) 70.462ms
[26.655s][info][gc,cpu         ] GC(214) User=0.33s Sys=0.05s Real=0.07s
[26.719s][info][gc,start       ] GC(215) Pause Young (Allocation Failure)
[26.849s][info][gc,heap        ] GC(215) PSYoungGen: 165376K(165376K)->63264K(180224K) Eden: 62976K(62976K)->0K(69632K) From: 102400K(102400K)->63264K(110592K)
[26.849s][info][gc,heap        ] GC(215) ParOldGen: 3845032K(4219904K)->3948176K(4219904K)
[26.849s][info][gc,metaspace   ] GC(215) Metaspace: 6302K(6464K)->6302K(6464K) NonClass: 5769K(5824K)->5769K(5824K) Class: 533K(640K)->533K(640K)
[26.849s][info][gc             ] GC(215) Pause Young (Allocation Failure) 3916M->3917M(4297M) 129.946ms
[26.849s][info][gc,cpu         ] GC(215) User=0.61s Sys=0.28s Real=0.13s
[26.926s][info][gc,start       ] GC(216) Pause Young (Allocation Failure)
[27.003s][info][gc,heap        ] GC(216) PSYoungGen: 132896K(180224K)->115712K(185344K) Eden: 69632K(69632K)->0K(69632K) From: 63264K(110592K)->115712K(115712K)
[27.003s][info][gc,heap        ] GC(216) ParOldGen: 3948176K(4219904K)->3965440K(4219904K)
[27.003s][info][gc,metaspace   ] GC(216) Metaspace: 6302K(6464K)->6302K(6464K) NonClass: 5769K(5824K)->5769K(5824K) Class: 533K(640K)->533K(640K)
[27.003s][info][gc             ] GC(216) Pause Young (Allocation Failure) 3985M->3985M(4302M) 76.982ms
[27.003s][info][gc,cpu         ] GC(216) User=0.39s Sys=0.02s Real=0.08s
[27.084s][info][gc,start       ] GC(217) Pause Young (Allocation Failure)
[27.229s][info][gc,heap        ] GC(217) PSYoungGen: 185344K(185344K)->69920K(201216K) Eden: 69632K(69632K)->0K(77312K) From: 115712K(115712K)->69920K(123904K)
[27.229s][info][gc,heap        ] GC(217) ParOldGen: 3965440K(4219904K)->4081984K(4219904K)
[27.229s][info][gc,metaspace   ] GC(217) Metaspace: 6302K(6464K)->6302K(6464K) NonClass: 5769K(5824K)->5769K(5824K) Class: 533K(640K)->533K(640K)
[27.229s][info][gc             ] GC(217) Pause Young (Allocation Failure) 4053M->4054M(4317M) 144.808ms
[27.229s][info][gc,cpu         ] GC(217) User=0.56s Sys=0.45s Real=0.14s
[27.305s][info][gc,start       ] GC(218) Pause Young (Allocation Failure)
[27.403s][info][gc,heap        ] GC(218) PSYoungGen: 147232K(201216K)->77632K(207360K) Eden: 77312K(77312K)->0K(77312K) From: 69920K(123904K)->77632K(130048K)
[27.403s][info][gc,heap        ] GC(218) ParOldGen: 4081984K(4219904K)->4152248K(4219904K)
[27.403s][info][gc,metaspace   ] GC(218) Metaspace: 6302K(6464K)->6302K(6464K) NonClass: 5769K(5824K)->5769K(5824K) Class: 533K(640K)->533K(640K)
[27.403s][info][gc             ] GC(218) Pause Young (Allocation Failure) 4130M->4130M(4323M) 98.442ms
[27.403s][info][gc,cpu         ] GC(218) User=0.53s Sys=0.11s Real=0.10s
[27.403s][info][gc,start       ] GC(219) Pause Full (Ergonomics)
[27.403s][info][gc,phases,start] GC(219) Marking Phase
[28.347s][info][gc,phases      ] GC(219) Marking Phase 944.261ms
[28.347s][info][gc,phases,start] GC(219) Summary Phase
[28.348s][info][gc,phases      ] GC(219) Summary Phase 0.063ms
[28.348s][info][gc,phases,start] GC(219) Adjust Roots
[28.348s][info][gc,phases      ] GC(219) Adjust Roots 0.167ms
[28.348s][info][gc,phases,start] GC(219) Compaction Phase
[29.287s][info][gc,phases      ] GC(219) Compaction Phase 939.318ms
[29.287s][info][gc,phases,start] GC(219) Post Compact
[29.293s][info][gc,phases      ] GC(219) Post Compact 6.248ms
[29.297s][info][gc,heap        ] GC(219) PSYoungGen: 77632K(207360K)->6784K(207360K) Eden: 0K(77312K)->0K(77312K) From: 77632K(130048K)->6784K(130048K)
[29.297s][info][gc,heap        ] GC(219) ParOldGen: 4152248K(4219904K)->4219663K(4684288K)
[29.297s][info][gc,metaspace   ] GC(219) Metaspace: 6302K(6464K)->6302K(6464K) NonClass: 5769K(5824K)->5769K(5824K) Class: 533K(640K)->533K(640K)
[29.297s][info][gc             ] GC(219) Pause Full (Ergonomics) 4130M->4127M(4777M) 1894.034ms
[29.297s][info][gc,cpu         ] GC(219) User=13.53s Sys=0.14s Real=1.89s
[29.385s][info][gc,start       ] GC(220) Pause Young (Allocation Failure)
[29.613s][info][gc,heap        ] GC(220) PSYoungGen: 84096K(207360K)->77600K(203264K) Eden: 77312K(77312K)->0K(84480K) From: 6784K(130048K)->77600K(118784K)
[29.613s][info][gc,heap        ] GC(220) ParOldGen: 4219663K(4684288K)->4226559K(4684288K)
[29.613s][info][gc,metaspace   ] GC(220) Metaspace: 6302K(6464K)->6302K(6464K) NonClass: 5769K(5824K)->5769K(5824K) Class: 533K(640K)->533K(640K)
[29.613s][info][gc             ] GC(220) Pause Young (Allocation Failure) 4202M->4203M(4773M) 228.394ms
[29.613s][info][gc,cpu         ] GC(220) User=1.56s Sys=0.11s Real=0.23s
[29.712s][info][gc,start       ] GC(221) Pause Young (Allocation Failure)
[29.812s][info][gc,heap        ] GC(221) PSYoungGen: 162080K(203264K)->123392K(207872K) Eden: 84480K(84480K)->0K(84480K) From: 77600K(118784K)->123392K(123392K)
[29.812s][info][gc,heap        ] GC(221) ParOldGen: 4226559K(4684288K)->4265527K(4684288K)
[29.812s][info][gc,metaspace   ] GC(221) Metaspace: 6302K(6464K)->6302K(6464K) NonClass: 5769K(5824K)->5769K(5824K) Class: 533K(640K)->533K(640K)
[29.812s][info][gc             ] GC(221) Pause Young (Allocation Failure) 4285M->4286M(4777M) 99.293ms
[29.812s][info][gc,cpu         ] GC(221) User=0.58s Sys=0.06s Real=0.10s
[29.898s][info][gc,start       ] GC(222) Pause Young (Allocation Failure)
[30.073s][info][gc,heap        ] GC(222) PSYoungGen: 207872K(207872K)->84768K(234496K) Eden: 84480K(84480K)->0K(93184K) From: 123392K(123392K)->84768K(141312K)
[30.073s][info][gc,heap        ] GC(222) ParOldGen: 4265527K(4684288K)->4389815K(4684288K)
[30.073s][info][gc,metaspace   ] GC(222) Metaspace: 6302K(6464K)->6302K(6464K) NonClass: 5769K(5824K)->5769K(5824K) Class: 533K(640K)->533K(640K)
[30.073s][info][gc             ] GC(222) Pause Young (Allocation Failure) 4368M->4369M(4803M) 174.763ms
[30.073s][info][gc,cpu         ] GC(222) User=0.61s Sys=0.55s Real=0.17s
[30.186s][info][gc,start       ] GC(223) Pause Young (Allocation Failure)
[30.294s][info][gc,heap        ] GC(223) PSYoungGen: 177952K(234496K)->145920K(239104K) Eden: 93184K(93184K)->0K(93184K) From: 84768K(141312K)->145920K(145920K)
[30.294s][info][gc,heap        ] GC(223) ParOldGen: 4389815K(4684288K)->4422143K(4684288K)
[30.294s][info][gc,metaspace   ] GC(223) Metaspace: 6302K(6464K)->6302K(6464K) NonClass: 5769K(5824K)->5769K(5824K) Class: 533K(640K)->533K(640K)
[30.294s][info][gc             ] GC(223) Pause Young (Allocation Failure) 4460M->4460M(4808M) 107.927ms
[30.294s][info][gc,cpu         ] GC(223) User=0.78s Sys=0.06s Real=0.11s
[30.397s][info][gc,start       ] GC(224) Pause Young (Allocation Failure)
[30.586s][info][gc,heap        ] GC(224) PSYoungGen: 239104K(239104K)->93472K(264192K) Eden: 93184K(93184K)->0K(103424K) From: 145920K(145920K)->93472K(160768K)
[30.586s][info][gc,heap        ] GC(224) ParOldGen: 4422143K(4684288K)->4569103K(4684288K)
[30.586s][info][gc,metaspace   ] GC(224) Metaspace: 6302K(6464K)->6302K(6464K) NonClass: 5769K(5824K)->5769K(5824K) Class: 533K(640K)->533K(640K)
[30.586s][info][gc             ] GC(224) Pause Young (Allocation Failure) 4551M->4553M(4832M) 189.114ms
[30.586s][info][gc,cpu         ] GC(224) User=0.84s Sys=0.55s Real=0.19s
[30.586s][info][gc,start       ] GC(225) Pause Full (Ergonomics)
[30.586s][info][gc,phases,start] GC(225) Marking Phase
[31.627s][info][gc,phases      ] GC(225) Marking Phase 1040.552ms
[31.627s][info][gc,phases,start] GC(225) Summary Phase
[31.627s][info][gc,phases      ] GC(225) Summary Phase 0.081ms
[31.627s][info][gc,phases,start] GC(225) Adjust Roots
[31.627s][info][gc,phases      ] GC(225) Adjust Roots 0.172ms
[31.627s][info][gc,phases,start] GC(225) Compaction Phase
[32.058s][info][gc,phases      ] GC(225) Compaction Phase 430.903ms
[32.058s][info][gc,phases,start] GC(225) Post Compact
[32.065s][info][gc,phases      ] GC(225) Post Compact 6.859ms
[32.068s][info][gc,heap        ] GC(225) PSYoungGen: 93472K(264192K)->0K(271360K) Eden: 0K(103424K)->0K(103424K) From: 93472K(160768K)->0K(167936K)
[32.068s][info][gc,heap        ] GC(225) ParOldGen: 4569103K(4684288K)->4658939K(5120000K)
[32.068s][info][gc,metaspace   ] GC(225) Metaspace: 6302K(6464K)->6302K(6464K) NonClass: 5769K(5824K)->5769K(5824K) Class: 533K(640K)->533K(640K)
[32.068s][info][gc             ] GC(225) Pause Full (Ergonomics) 4553M->4549M(5265M) 1481.813ms
[32.068s][info][gc,cpu         ] GC(225) User=10.98s Sys=0.14s Real=1.48s
[32.185s][info][gc,start       ] GC(226) Pause Young (Allocation Failure)
[32.257s][info][gc,heap        ] GC(226) PSYoungGen: 103424K(271360K)->103712K(272384K) Eden: 103424K(103424K)->0K(112640K) From: 0K(167936K)->103712K(159744K)
[32.257s][info][gc,heap        ] GC(226) ParOldGen: 4658939K(5120000K)->4658939K(5120000K)
[32.257s][info][gc,metaspace   ] GC(226) Metaspace: 6302K(6464K)->6302K(6464K) NonClass: 5769K(5824K)->5769K(5824K) Class: 533K(640K)->533K(640K)
[32.257s][info][gc             ] GC(226) Pause Young (Allocation Failure) 4650M->4651M(5266M) 71.948ms
[32.257s][info][gc,cpu         ] GC(226) User=0.41s Sys=0.09s Real=0.07s
[32.387s][info][gc,start       ] GC(227) Pause Young (Allocation Failure)
[32.516s][info][gc,heap        ] GC(227) PSYoungGen: 216352K(272384K)->164864K(277504K) Eden: 112640K(112640K)->0K(112640K) From: 103712K(159744K)->164864K(164864K)
[32.516s][info][gc,heap        ] GC(227) ParOldGen: 4658939K(5120000K)->4710915K(5120000K)
[32.516s][info][gc,metaspace   ] GC(227) Metaspace: 6302K(6464K)->6302K(6464K) NonClass: 5769K(5824K)->5769K(5824K) Class: 533K(640K)->533K(640K)
[32.516s][info][gc             ] GC(227) Pause Young (Allocation Failure) 4761M->4761M(5271M) 128.851ms
[32.516s][info][gc,cpu         ] GC(227) User=0.72s Sys=0.28s Real=0.13s
[32.632s][info][gc,start       ] GC(228) Pause Young (Allocation Failure)
[32.859s][info][gc,heap        ] GC(228) PSYoungGen: 277504K(277504K)->112992K(314368K) Eden: 112640K(112640K)->0K(123904K) From: 164864K(164864K)->112992K(190464K)
[32.859s][info][gc,heap        ] GC(228) ParOldGen: 4710915K(5120000K)->4876939K(5120000K)
[32.859s][info][gc,metaspace   ] GC(228) Metaspace: 6302K(6464K)->6302K(6464K) NonClass: 5769K(5824K)->5769K(5824K) Class: 533K(640K)->533K(640K)
[32.859s][info][gc             ] GC(228) Pause Young (Allocation Failure) 4871M->4872M(5307M) 227.042ms
[32.859s][info][gc,cpu         ] GC(228) User=0.98s Sys=0.64s Real=0.23s
[32.999s][info][gc,start       ] GC(229) Pause Young (Allocation Failure)
[33.142s][info][gc,heap        ] GC(229) PSYoungGen: 236896K(314368K)->196608K(320512K) Eden: 123904K(123904K)->0K(123904K) From: 112992K(190464K)->196608K(196608K)
[33.142s][info][gc,heap        ] GC(229) ParOldGen: 4876939K(5120000K)->4917643K(5120000K)
[33.142s][info][gc,metaspace   ] GC(229) Metaspace: 6302K(6464K)->6302K(6464K) NonClass: 5769K(5824K)->5769K(5824K) Class: 533K(640K)->533K(640K)
[33.142s][info][gc             ] GC(229) Pause Young (Allocation Failure) 4993M->4994M(5313M) 143.316ms
[33.142s][info][gc,cpu         ] GC(229) User=0.86s Sys=0.14s Real=0.14s
[33.282s][info][gc,start       ] GC(230) Pause Young (Allocation Failure)
[33.538s][info][gc,heap        ] GC(230) PSYoungGen: 320512K(320512K)->124320K(355840K) Eden: 123904K(123904K)->0K(137728K) From: 196608K(196608K)->124320K(218112K)
[33.538s][info][gc,heap        ] GC(230) ParOldGen: 4917643K(5120000K)->5115667K(5120000K)
[33.538s][info][gc,metaspace   ] GC(230) Metaspace: 6302K(6464K)->6302K(6464K) NonClass: 5769K(5824K)->5769K(5824K) Class: 533K(640K)->533K(640K)
[33.538s][info][gc             ] GC(230) Pause Young (Allocation Failure) 5115M->5117M(5347M) 256.454ms
[33.538s][info][gc,cpu         ] GC(230) User=1.06s Sys=0.73s Real=0.26s
[33.538s][info][gc,start       ] GC(231) Pause Full (Ergonomics)
[33.538s][info][gc,phases,start] GC(231) Marking Phase
[34.722s][info][gc,phases      ] GC(231) Marking Phase 1184.011ms
[34.723s][info][gc,phases,start] GC(231) Summary Phase
[34.723s][info][gc,phases      ] GC(231) Summary Phase 0.070ms
[34.723s][info][gc,phases,start] GC(231) Adjust Roots
[34.723s][info][gc,phases      ] GC(231) Adjust Roots 0.185ms
[34.723s][info][gc,phases,start] GC(231) Compaction Phase
[35.190s][info][gc,phases      ] GC(231) Compaction Phase 467.495ms
[35.190s][info][gc,phases,start] GC(231) Post Compact
[35.198s][info][gc,phases      ] GC(231) Post Compact 7.754ms
[35.198s][info][gc,heap        ] GC(231) PSYoungGen: 124320K(355840K)->115696K(364544K) Eden: 0K(137728K)->0K(146432K) From: 124320K(218112K)->115696K(218112K)
[35.198s][info][gc,heap        ] GC(231) ParOldGen: 5115667K(5120000K)->5119592K(5120000K)
[35.198s][info][gc,metaspace   ] GC(231) Metaspace: 6302K(6464K)->6302K(6464K) NonClass: 5769K(5824K)->5769K(5824K) Class: 533K(640K)->533K(640K)
[35.198s][info][gc             ] GC(231) Pause Full (Ergonomics) 5117M->5112M(5356M) 1659.975ms
[35.198s][info][gc,cpu         ] GC(231) User=12.53s Sys=0.02s Real=1.66s
[35.361s][info][gc,start       ] GC(232) Pause Full (Ergonomics)
[35.361s][info][gc,phases,start] GC(232) Marking Phase
[36.536s][info][gc,phases      ] GC(232) Marking Phase 1174.382ms
[36.536s][info][gc,phases,start] GC(232) Summary Phase
[36.536s][info][gc,phases      ] GC(232) Summary Phase 0.062ms
[36.536s][info][gc,phases,start] GC(232) Adjust Roots
[36.536s][info][gc,phases      ] GC(232) Adjust Roots 0.229ms
[36.536s][info][gc,phases,start] GC(232) Compaction Phase
[36.920s][info][gc,phases      ] GC(232) Compaction Phase 384.173ms
[36.920s][info][gc,phases,start] GC(232) Post Compact
[36.928s][info][gc,phases      ] GC(232) Post Compact 8.299ms
[36.929s][info][gc,heap        ] GC(232) PSYoungGen: 262128K(364544K)->262098K(364544K) Eden: 146432K(146432K)->146402K(146432K) From: 115696K(218112K)->115696K(218112K)
[36.929s][info][gc,heap        ] GC(232) ParOldGen: 5119592K(5120000K)->5119592K(5120000K)
[36.929s][info][gc,metaspace   ] GC(232) Metaspace: 6302K(6464K)->6302K(6464K) NonClass: 5769K(5824K)->5769K(5824K) Class: 533K(640K)->533K(640K)
[36.929s][info][gc             ] GC(232) Pause Full (Ergonomics) 5255M->5255M(5356M) 1567.637ms
[36.929s][info][gc,cpu         ] GC(232) User=11.73s Sys=0.02s Real=1.57s
[36.929s][info][gc,start       ] GC(233) Pause Full (Ergonomics)
[36.929s][info][gc,phases,start] GC(233) Marking Phase
[38.115s][info][gc,phases      ] GC(233) Marking Phase 1185.525ms
[38.115s][info][gc,phases,start] GC(233) Summary Phase
[38.115s][info][gc,phases      ] GC(233) Summary Phase 0.068ms
[38.115s][info][gc,phases,start] GC(233) Adjust Roots
[38.115s][info][gc,phases      ] GC(233) Adjust Roots 0.239ms
[38.115s][info][gc,phases,start] GC(233) Compaction Phase
[38.474s][info][gc,phases      ] GC(233) Compaction Phase 359.228ms
[38.474s][info][gc,phases,start] GC(233) Post Compact
[38.483s][info][gc,phases      ] GC(233) Post Compact 8.363ms
[38.483s][info][gc,heap        ] GC(233) PSYoungGen: 262128K(364544K)->262127K(364544K) Eden: 146432K(146432K)->146431K(146432K) From: 115696K(218112K)->115696K(218112K)
[38.483s][info][gc,heap        ] GC(233) ParOldGen: 5119592K(5120000K)->5119592K(5120000K)
[38.483s][info][gc,metaspace   ] GC(233) Metaspace: 6302K(6464K)->6302K(6464K) NonClass: 5769K(5824K)->5769K(5824K) Class: 533K(640K)->533K(640K)
[38.483s][info][gc             ] GC(233) Pause Full (Ergonomics) 5255M->5255M(5356M) 1553.788ms
[38.483s][info][gc,cpu         ] GC(233) User=11.83s Sys=0.00s Real=1.55s
[38.483s][info][gc,start       ] GC(234) Pause Full (Ergonomics)
[38.483s][info][gc,phases,start] GC(234) Marking Phase
[39.676s][info][gc,phases      ] GC(234) Marking Phase 1193.496ms
[39.676s][info][gc,phases,start] GC(234) Summary Phase
[39.677s][info][gc,phases      ] GC(234) Summary Phase 0.062ms
[39.677s][info][gc,phases,start] GC(234) Adjust Roots
[39.677s][info][gc,phases      ] GC(234) Adjust Roots 0.178ms
[39.677s][info][gc,phases,start] GC(234) Compaction Phase
[40.040s][info][gc,phases      ] GC(234) Compaction Phase 363.139ms
[40.040s][info][gc,phases,start] GC(234) Post Compact
[40.048s][info][gc,phases      ] GC(234) Post Compact 8.358ms
[40.048s][info][gc,heap        ] GC(234) PSYoungGen: 262128K(364544K)->262128K(364544K) Eden: 146431K(146432K)->146431K(146432K) From: 115696K(218112K)->115696K(218112K)
[40.048s][info][gc,heap        ] GC(234) ParOldGen: 5119592K(5120000K)->5119592K(5120000K)
[40.048s][info][gc,metaspace   ] GC(234) Metaspace: 6302K(6464K)->6302K(6464K) NonClass: 5769K(5824K)->5769K(5824K) Class: 533K(640K)->533K(640K)
[40.048s][info][gc             ] GC(234) Pause Full (Ergonomics) 5255M->5255M(5356M) 1565.576ms
[40.049s][info][gc,cpu         ] GC(234) User=11.89s Sys=0.00s Real=1.57s
[40.049s][info][gc,start       ] GC(235) Pause Full (Ergonomics)
[40.049s][info][gc,phases,start] GC(235) Marking Phase
[41.275s][info][gc,phases      ] GC(235) Marking Phase 1225.934ms
[41.275s][info][gc,phases,start] GC(235) Summary Phase
[41.275s][info][gc,phases      ] GC(235) Summary Phase 0.058ms
[41.275s][info][gc,phases,start] GC(235) Adjust Roots
[41.275s][info][gc,phases      ] GC(235) Adjust Roots 0.164ms
[41.275s][info][gc,phases,start] GC(235) Compaction Phase
[41.645s][info][gc,phases      ] GC(235) Compaction Phase 370.298ms
[41.645s][info][gc,phases,start] GC(235) Post Compact
[41.654s][info][gc,phases      ] GC(235) Post Compact 8.306ms
[41.654s][info][gc,heap        ] GC(235) PSYoungGen: 262128K(364544K)->262128K(364544K) Eden: 146431K(146432K)->146431K(146432K) From: 115696K(218112K)->115696K(218112K)
[41.654s][info][gc,heap        ] GC(235) ParOldGen: 5119597K(5120000K)->5119597K(5120000K)
[41.654s][info][gc,metaspace   ] GC(235) Metaspace: 6302K(6464K)->6302K(6464K) NonClass: 5769K(5824K)->5769K(5824K) Class: 533K(640K)->533K(640K)
[41.654s][info][gc             ] GC(235) Pause Full (Ergonomics) 5255M->5255M(5356M) 1605.124ms
[41.654s][info][gc,cpu         ] GC(235) User=12.19s Sys=0.00s Real=1.61s
[41.654s][info][gc,start       ] GC(236) Pause Full (Ergonomics)
[41.654s][info][gc,phases,start] GC(236) Marking Phase
[42.890s][info][gc,phases      ] GC(236) Marking Phase 1236.326ms
[42.890s][info][gc,phases,start] GC(236) Summary Phase
[42.891s][info][gc,phases      ] GC(236) Summary Phase 0.059ms
[42.891s][info][gc,phases,start] GC(236) Adjust Roots
[42.891s][info][gc,phases      ] GC(236) Adjust Roots 0.187ms
[42.891s][info][gc,phases,start] GC(236) Compaction Phase
[43.254s][info][gc,phases      ] GC(236) Compaction Phase 363.069ms
[43.254s][info][gc,phases,start] GC(236) Post Compact
[43.262s][info][gc,phases      ] GC(236) Post Compact 8.158ms
[43.262s][info][gc,heap        ] GC(236) PSYoungGen: 262128K(364544K)->262128K(364544K) Eden: 146431K(146432K)->146431K(146432K) From: 115696K(218112K)->115696K(218112K)
[43.262s][info][gc,heap        ] GC(236) ParOldGen: 5119602K(5120000K)->5119602K(5120000K)
[43.262s][info][gc,metaspace   ] GC(236) Metaspace: 6302K(6464K)->6302K(6464K) NonClass: 5769K(5824K)->5769K(5824K) Class: 533K(640K)->533K(640K)
[43.262s][info][gc             ] GC(236) Pause Full (Ergonomics) 5255M->5255M(5356M) 1608.133ms
[43.262s][info][gc,cpu         ] GC(236) User=12.33s Sys=0.00s Real=1.61s
[43.262s][info][gc,start       ] GC(237) Pause Full (Ergonomics)
[43.263s][info][gc,phases,start] GC(237) Marking Phase
[44.479s][info][gc,phases      ] GC(237) Marking Phase 1216.433ms
[44.479s][info][gc,phases,start] GC(237) Summary Phase
[44.479s][info][gc,phases      ] GC(237) Summary Phase 0.058ms
[44.479s][info][gc,phases,start] GC(237) Adjust Roots
[44.479s][info][gc,phases      ] GC(237) Adjust Roots 0.180ms
[44.479s][info][gc,phases,start] GC(237) Compaction Phase
[44.862s][info][gc,phases      ] GC(237) Compaction Phase 382.949ms
[44.862s][info][gc,phases,start] GC(237) Post Compact
[44.870s][info][gc,phases      ] GC(237) Post Compact 8.206ms
[44.871s][info][gc,heap        ] GC(237) PSYoungGen: 262128K(364544K)->262128K(364544K) Eden: 146431K(146432K)->146431K(146432K) From: 115696K(218112K)->115696K(218112K)
[44.871s][info][gc,heap        ] GC(237) ParOldGen: 5119607K(5120000K)->5119607K(5120000K)
[44.871s][info][gc,metaspace   ] GC(237) Metaspace: 6302K(6464K)->6302K(6464K) NonClass: 5769K(5824K)->5769K(5824K) Class: 533K(640K)->533K(640K)
[44.871s][info][gc             ] GC(237) Pause Full (Ergonomics) 5255M->5255M(5356M) 1608.187ms
[44.871s][info][gc,cpu         ] GC(237) User=11.98s Sys=0.00s Real=1.61s
[44.871s][info][gc,start       ] GC(238) Pause Full (Ergonomics)
[44.871s][info][gc,phases,start] GC(238) Marking Phase
[46.093s][info][gc,phases      ] GC(238) Marking Phase 1222.450ms
[46.093s][info][gc,phases,start] GC(238) Summary Phase
[46.094s][info][gc,phases      ] GC(238) Summary Phase 0.067ms
[46.094s][info][gc,phases,start] GC(238) Adjust Roots
[46.094s][info][gc,phases      ] GC(238) Adjust Roots 0.258ms
[46.094s][info][gc,phases,start] GC(238) Compaction Phase
[46.483s][info][gc,phases      ] GC(238) Compaction Phase 389.266ms
[46.483s][info][gc,phases,start] GC(238) Post Compact
[46.491s][info][gc,phases      ] GC(238) Post Compact 8.180ms
[46.491s][info][gc,heap        ] GC(238) PSYoungGen: 262128K(364544K)->262128K(364544K) Eden: 146431K(146432K)->146431K(146432K) From: 115696K(218112K)->115696K(218112K)
[46.491s][info][gc,heap        ] GC(238) ParOldGen: 5119612K(5120000K)->5119612K(5120000K)
[46.491s][info][gc,metaspace   ] GC(238) Metaspace: 6302K(6464K)->6302K(6464K) NonClass: 5769K(5824K)->5769K(5824K) Class: 533K(640K)->533K(640K)
[46.491s][info][gc             ] GC(238) Pause Full (Ergonomics) 5255M->5255M(5356M) 1620.581ms
[46.491s][info][gc,cpu         ] GC(238) User=12.27s Sys=0.00s Real=1.62s
[46.492s][info][gc,start       ] GC(239) Pause Full (Ergonomics)
[46.492s][info][gc,phases,start] GC(239) Marking Phase
[47.703s][info][gc,phases      ] GC(239) Marking Phase 1211.431ms
[47.703s][info][gc,phases,start] GC(239) Summary Phase
[47.703s][info][gc,phases      ] GC(239) Summary Phase 0.060ms
[47.703s][info][gc,phases,start] GC(239) Adjust Roots
[47.703s][info][gc,phases      ] GC(239) Adjust Roots 0.162ms
[47.703s][info][gc,phases,start] GC(239) Compaction Phase
[48.085s][info][gc,phases      ] GC(239) Compaction Phase 381.489ms
[48.085s][info][gc,phases,start] GC(239) Post Compact
[48.094s][info][gc,phases      ] GC(239) Post Compact 8.632ms
[48.094s][info][gc,heap        ] GC(239) PSYoungGen: 262128K(364544K)->262128K(364544K) Eden: 146431K(146432K)->146431K(146432K) From: 115696K(218112K)->115696K(218112K)
[48.094s][info][gc,heap        ] GC(239) ParOldGen: 5119617K(5120000K)->5119617K(5120000K)
[48.094s][info][gc,metaspace   ] GC(239) Metaspace: 6302K(6464K)->6302K(6464K) NonClass: 5769K(5824K)->5769K(5824K) Class: 533K(640K)->533K(640K)
[48.094s][info][gc             ] GC(239) Pause Full (Ergonomics) 5255M->5255M(5356M) 1602.122ms
[48.094s][info][gc,cpu         ] GC(239) User=12.11s Sys=0.00s Real=1.60s
[48.094s][info][gc,start       ] GC(240) Pause Full (Ergonomics)
[48.094s][info][gc,phases,start] GC(240) Marking Phase
[49.321s][info][gc,phases      ] GC(240) Marking Phase 1227.442ms
[49.322s][info][gc,phases,start] GC(240) Summary Phase
[49.322s][info][gc,phases      ] GC(240) Summary Phase 0.059ms
[49.322s][info][gc,phases,start] GC(240) Adjust Roots
[49.322s][info][gc,phases      ] GC(240) Adjust Roots 0.172ms
[49.322s][info][gc,phases,start] GC(240) Compaction Phase
[49.697s][info][gc,phases      ] GC(240) Compaction Phase 375.070ms
[49.697s][info][gc,phases,start] GC(240) Post Compact
[49.705s][info][gc,phases      ] GC(240) Post Compact 8.286ms
[49.705s][info][gc,heap        ] GC(240) PSYoungGen: 262128K(364544K)->262128K(364544K) Eden: 146431K(146432K)->146431K(146432K) From: 115696K(218112K)->115696K(218112K)
[49.705s][info][gc,heap        ] GC(240) ParOldGen: 5119621K(5120000K)->5119621K(5120000K)
[49.705s][info][gc,metaspace   ] GC(240) Metaspace: 6302K(6464K)->6302K(6464K) NonClass: 5769K(5824K)->5769K(5824K) Class: 533K(640K)->533K(640K)
[49.705s][info][gc             ] GC(240) Pause Full (Ergonomics) 5255M->5255M(5356M) 1611.381ms
[49.705s][info][gc,cpu         ] GC(240) User=12.36s Sys=0.00s Real=1.61s
[49.706s][info][gc,start       ] GC(241) Pause Full (Ergonomics)
[49.706s][info][gc,phases,start] GC(241) Marking Phase
[50.935s][info][gc,phases      ] GC(241) Marking Phase 1229.562ms
[50.935s][info][gc,phases,start] GC(241) Summary Phase
[50.935s][info][gc,phases      ] GC(241) Summary Phase 0.058ms
[50.935s][info][gc,phases,start] GC(241) Adjust Roots
[50.936s][info][gc,phases      ] GC(241) Adjust Roots 0.169ms
[50.936s][info][gc,phases,start] GC(241) Compaction Phase
[51.320s][info][gc,phases      ] GC(241) Compaction Phase 384.032ms
[51.320s][info][gc,phases,start] GC(241) Post Compact
[51.328s][info][gc,phases      ] GC(241) Post Compact 8.362ms
[51.328s][info][gc,heap        ] GC(241) PSYoungGen: 262128K(364544K)->262128K(364544K) Eden: 146431K(146432K)->146431K(146432K) From: 115696K(218112K)->115696K(218112K)
[51.328s][info][gc,heap        ] GC(241) ParOldGen: 5119626K(5120000K)->5119626K(5120000K)
[51.328s][info][gc,metaspace   ] GC(241) Metaspace: 6302K(6464K)->6302K(6464K) NonClass: 5769K(5824K)->5769K(5824K) Class: 533K(640K)->533K(640K)
[51.328s][info][gc             ] GC(241) Pause Full (Ergonomics) 5255M->5255M(5356M) 1622.565ms
[51.328s][info][gc,cpu         ] GC(241) User=12.28s Sys=0.00s Real=1.62s
[51.328s][info][gc,start       ] GC(242) Pause Full (Ergonomics)
[51.328s][info][gc,phases,start] GC(242) Marking Phase
[52.548s][info][gc,phases      ] GC(242) Marking Phase 1219.960ms
[52.548s][info][gc,phases,start] GC(242) Summary Phase
[52.549s][info][gc,phases      ] GC(242) Summary Phase 0.057ms
[52.549s][info][gc,phases,start] GC(242) Adjust Roots
[52.549s][info][gc,phases      ] GC(242) Adjust Roots 0.178ms
[52.549s][info][gc,phases,start] GC(242) Compaction Phase
[52.946s][info][gc,phases      ] GC(242) Compaction Phase 396.924ms
[52.946s][info][gc,phases,start] GC(242) Post Compact
[52.954s][info][gc,phases      ] GC(242) Post Compact 8.658ms
[52.955s][info][gc,heap        ] GC(242) PSYoungGen: 262128K(364544K)->262128K(364544K) Eden: 146431K(146432K)->146431K(146432K) From: 115696K(218112K)->115696K(218112K)
[52.955s][info][gc,heap        ] GC(242) ParOldGen: 5119631K(5120000K)->5119631K(5120000K)
[52.955s][info][gc,metaspace   ] GC(242) Metaspace: 6302K(6464K)->6302K(6464K) NonClass: 5769K(5824K)->5769K(5824K) Class: 533K(640K)->533K(640K)
[52.955s][info][gc             ] GC(242) Pause Full (Ergonomics) 5255M->5255M(5356M) 1626.143ms
[52.955s][info][gc,cpu         ] GC(242) User=12.22s Sys=0.00s Real=1.62s
[52.955s][info][gc,start       ] GC(243) Pause Full (Ergonomics)
[52.955s][info][gc,phases,start] GC(243) Marking Phase
[54.161s][info][gc,phases      ] GC(243) Marking Phase 1206.444ms
[54.161s][info][gc,phases,start] GC(243) Summary Phase
[54.161s][info][gc,phases      ] GC(243) Summary Phase 0.070ms
[54.161s][info][gc,phases,start] GC(243) Adjust Roots
[54.162s][info][gc,phases      ] GC(243) Adjust Roots 0.166ms
[54.162s][info][gc,phases,start] GC(243) Compaction Phase
[54.538s][info][gc,phases      ] GC(243) Compaction Phase 376.776ms
[54.538s][info][gc,phases,start] GC(243) Post Compact
[54.547s][info][gc,phases      ] GC(243) Post Compact 8.401ms
[54.547s][info][gc,heap        ] GC(243) PSYoungGen: 262128K(364544K)->262128K(364544K) Eden: 146431K(146432K)->146431K(146432K) From: 115696K(218112K)->115696K(218112K)
[54.547s][info][gc,heap        ] GC(243) ParOldGen: 5119636K(5120000K)->5119636K(5120000K)
[54.547s][info][gc,metaspace   ] GC(243) Metaspace: 6302K(6464K)->6302K(6464K) NonClass: 5769K(5824K)->5769K(5824K) Class: 533K(640K)->533K(640K)
[54.547s][info][gc             ] GC(243) Pause Full (Ergonomics) 5255M->5255M(5356M) 1592.236ms
[54.547s][info][gc,cpu         ] GC(243) User=11.98s Sys=0.02s Real=1.59s
[54.547s][info][gc,start       ] GC(244) Pause Full (Ergonomics)
[54.547s][info][gc,phases,start] GC(244) Marking Phase
[55.775s][info][gc,phases      ] GC(244) Marking Phase 1227.772ms
[55.775s][info][gc,phases,start] GC(244) Summary Phase
[55.775s][info][gc,phases      ] GC(244) Summary Phase 0.062ms
[55.775s][info][gc,phases,start] GC(244) Adjust Roots
[55.775s][info][gc,phases      ] GC(244) Adjust Roots 0.162ms
[55.775s][info][gc,phases,start] GC(244) Compaction Phase
[56.170s][info][gc,phases      ] GC(244) Compaction Phase 394.505ms
[56.170s][info][gc,phases,start] GC(244) Post Compact
[56.179s][info][gc,phases      ] GC(244) Post Compact 8.655ms
[56.179s][info][gc,heap        ] GC(244) PSYoungGen: 262128K(364544K)->262128K(364544K) Eden: 146431K(146432K)->146431K(146432K) From: 115696K(218112K)->115696K(218112K)
[56.179s][info][gc,heap        ] GC(244) ParOldGen: 5119641K(5120000K)->5119641K(5120000K)
[56.179s][info][gc,metaspace   ] GC(244) Metaspace: 6302K(6464K)->6302K(6464K) NonClass: 5769K(5824K)->5769K(5824K) Class: 533K(640K)->533K(640K)
[56.179s][info][gc             ] GC(244) Pause Full (Ergonomics) 5255M->5255M(5356M) 1631.498ms
[56.179s][info][gc,cpu         ] GC(244) User=12.34s Sys=0.00s Real=1.63s
[56.179s][info][gc,start       ] GC(245) Pause Full (Ergonomics)
[56.179s][info][gc,phases,start] GC(245) Marking Phase
[57.386s][info][gc,phases      ] GC(245) Marking Phase 1207.199ms
[57.386s][info][gc,phases,start] GC(245) Summary Phase
[57.386s][info][gc,phases      ] GC(245) Summary Phase 0.058ms
[57.386s][info][gc,phases,start] GC(245) Adjust Roots
[57.387s][info][gc,phases      ] GC(245) Adjust Roots 0.163ms
[57.387s][info][gc,phases,start] GC(245) Compaction Phase
[57.771s][info][gc,phases      ] GC(245) Compaction Phase 384.331ms
[57.771s][info][gc,phases,start] GC(245) Post Compact
[57.779s][info][gc,phases      ] GC(245) Post Compact 8.163ms
[57.779s][info][gc,heap        ] GC(245) PSYoungGen: 262128K(364544K)->262128K(364544K) Eden: 146431K(146432K)->146431K(146432K) From: 115696K(218112K)->115696K(218112K)
[57.779s][info][gc,heap        ] GC(245) ParOldGen: 5119646K(5120000K)->5119646K(5120000K)
[57.779s][info][gc,metaspace   ] GC(245) Metaspace: 6302K(6464K)->6302K(6464K) NonClass: 5769K(5824K)->5769K(5824K) Class: 533K(640K)->533K(640K)
[57.779s][info][gc             ] GC(245) Pause Full (Ergonomics) 5255M->5255M(5356M) 1600.244ms
[57.779s][info][gc,cpu         ] GC(245) User=12.17s Sys=0.00s Real=1.60s
[57.779s][info][gc,start       ] GC(246) Pause Full (Ergonomics)
[57.779s][info][gc,phases,start] GC(246) Marking Phase
[59.008s][info][gc,phases      ] GC(246) Marking Phase 1228.321ms
[59.008s][info][gc,phases,start] GC(246) Summary Phase
[59.008s][info][gc,phases      ] GC(246) Summary Phase 0.058ms
[59.008s][info][gc,phases,start] GC(246) Adjust Roots
[59.008s][info][gc,phases      ] GC(246) Adjust Roots 0.167ms
[59.008s][info][gc,phases,start] GC(246) Compaction Phase
[59.411s][info][gc,phases      ] GC(246) Compaction Phase 403.050ms
[59.411s][info][gc,phases,start] GC(246) Post Compact
[59.419s][info][gc,phases      ] GC(246) Post Compact 8.164ms
[59.419s][info][gc,heap        ] GC(246) PSYoungGen: 262128K(364544K)->262128K(364544K) Eden: 146431K(146432K)->146431K(146432K) From: 115696K(218112K)->115696K(218112K)
[59.420s][info][gc,heap        ] GC(246) ParOldGen: 5119650K(5120000K)->5119650K(5120000K)
[59.420s][info][gc,metaspace   ] GC(246) Metaspace: 6302K(6464K)->6302K(6464K) NonClass: 5769K(5824K)->5769K(5824K) Class: 533K(640K)->533K(640K)
[59.420s][info][gc             ] GC(246) Pause Full (Ergonomics) 5255M->5255M(5356M) 1640.112ms
[59.420s][info][gc,cpu         ] GC(246) User=12.42s Sys=0.02s Real=1.64s
[59.420s][info][gc,start       ] GC(247) Pause Full (Ergonomics)
[59.420s][info][gc,phases,start] GC(247) Marking Phase
[60.669s][info][gc,phases      ] GC(247) Marking Phase 1249.416ms
[60.669s][info][gc,phases,start] GC(247) Summary Phase
[60.669s][info][gc,phases      ] GC(247) Summary Phase 0.059ms
[60.669s][info][gc,phases,start] GC(247) Adjust Roots
[60.670s][info][gc,phases      ] GC(247) Adjust Roots 0.163ms
[60.670s][info][gc,phases,start] GC(247) Compaction Phase
[61.055s][info][gc,phases      ] GC(247) Compaction Phase 385.313ms
[61.055s][info][gc,phases,start] GC(247) Post Compact
[61.064s][info][gc,phases      ] GC(247) Post Compact 9.072ms
[61.064s][info][gc,heap        ] GC(247) PSYoungGen: 262128K(364544K)->262128K(364544K) Eden: 146431K(146432K)->146431K(146432K) From: 115696K(218112K)->115696K(218112K)
[61.064s][info][gc,heap        ] GC(247) ParOldGen: 5119655K(5120000K)->5119655K(5120000K)
[61.064s][info][gc,metaspace   ] GC(247) Metaspace: 6302K(6464K)->6302K(6464K) NonClass: 5769K(5824K)->5769K(5824K) Class: 533K(640K)->533K(640K)
[61.064s][info][gc             ] GC(247) Pause Full (Ergonomics) 5255M->5255M(5356M) 1644.428ms
[61.064s][info][gc,cpu         ] GC(247) User=12.64s Sys=0.00s Real=1.64s
[61.064s][info][gc,start       ] GC(248) Pause Full (Ergonomics)
[61.064s][info][gc,phases,start] GC(248) Marking Phase
[62.295s][info][gc,phases      ] GC(248) Marking Phase 1230.617ms
[62.295s][info][gc,phases,start] GC(248) Summary Phase
[62.295s][info][gc,phases      ] GC(248) Summary Phase 0.064ms
[62.295s][info][gc,phases,start] GC(248) Adjust Roots
[62.295s][info][gc,phases      ] GC(248) Adjust Roots 0.173ms
[62.295s][info][gc,phases,start] GC(248) Compaction Phase
[62.693s][info][gc,phases      ] GC(248) Compaction Phase 397.935ms
[62.693s][info][gc,phases,start] GC(248) Post Compact
[62.702s][info][gc,phases      ] GC(248) Post Compact 8.248ms
[62.702s][info][gc,heap        ] GC(248) PSYoungGen: 262128K(364544K)->262128K(364544K) Eden: 146431K(146432K)->146431K(146432K) From: 115696K(218112K)->115696K(218112K)
[62.702s][info][gc,heap        ] GC(248) ParOldGen: 5119660K(5120000K)->5119660K(5120000K)
[62.702s][info][gc,metaspace   ] GC(248) Metaspace: 6302K(6464K)->6302K(6464K) NonClass: 5769K(5824K)->5769K(5824K) Class: 533K(640K)->533K(640K)
[62.702s][info][gc             ] GC(248) Pause Full (Ergonomics) 5255M->5255M(5356M) 1637.410ms
[62.702s][info][gc,cpu         ] GC(248) User=12.33s Sys=0.00s Real=1.64s
[62.702s][info][gc,start       ] GC(249) Pause Full (Ergonomics)
[62.702s][info][gc,phases,start] GC(249) Marking Phase
[63.914s][info][gc,phases      ] GC(249) Marking Phase 1211.941ms
[63.914s][info][gc,phases,start] GC(249) Summary Phase
[63.914s][info][gc,phases      ] GC(249) Summary Phase 0.059ms
[63.914s][info][gc,phases,start] GC(249) Adjust Roots
[63.914s][info][gc,phases      ] GC(249) Adjust Roots 0.172ms
[63.914s][info][gc,phases,start] GC(249) Compaction Phase
[64.298s][info][gc,phases      ] GC(249) Compaction Phase 383.325ms
[64.298s][info][gc,phases,start] GC(249) Post Compact
[64.306s][info][gc,phases      ] GC(249) Post Compact 8.455ms
[64.306s][info][gc,heap        ] GC(249) PSYoungGen: 262128K(364544K)->262128K(364544K) Eden: 146431K(146432K)->146431K(146432K) From: 115696K(218112K)->115696K(218112K)
[64.306s][info][gc,heap        ] GC(249) ParOldGen: 5119665K(5120000K)->5119665K(5120000K)
[64.306s][info][gc,metaspace   ] GC(249) Metaspace: 6302K(6464K)->6302K(6464K) NonClass: 5769K(5824K)->5769K(5824K) Class: 533K(640K)->533K(640K)
[64.306s][info][gc             ] GC(249) Pause Full (Ergonomics) 5255M->5255M(5356M) 1604.298ms
[64.306s][info][gc,cpu         ] GC(249) User=12.11s Sys=0.02s Real=1.60s
[64.307s][info][gc,start       ] GC(250) Pause Full (Ergonomics)
[64.307s][info][gc,phases,start] GC(250) Marking Phase
[65.543s][info][gc,phases      ] GC(250) Marking Phase 1236.411ms
[65.543s][info][gc,phases,start] GC(250) Summary Phase
[65.543s][info][gc,phases      ] GC(250) Summary Phase 0.059ms
[65.543s][info][gc,phases,start] GC(250) Adjust Roots
[65.543s][info][gc,phases      ] GC(250) Adjust Roots 0.163ms
[65.543s][info][gc,phases,start] GC(250) Compaction Phase
[65.914s][info][gc,phases      ] GC(250) Compaction Phase 370.500ms
[65.914s][info][gc,phases,start] GC(250) Post Compact
[65.922s][info][gc,phases      ] GC(250) Post Compact 8.271ms
[65.922s][info][gc,heap        ] GC(250) PSYoungGen: 262128K(364544K)->262128K(364544K) Eden: 146431K(146432K)->146431K(146432K) From: 115696K(218112K)->115696K(218112K)
[65.922s][info][gc,heap        ] GC(250) ParOldGen: 5119670K(5120000K)->5119670K(5120000K)
[65.922s][info][gc,metaspace   ] GC(250) Metaspace: 6302K(6464K)->6302K(6464K) NonClass: 5769K(5824K)->5769K(5824K) Class: 533K(640K)->533K(640K)
[65.922s][info][gc             ] GC(250) Pause Full (Ergonomics) 5255M->5255M(5356M) 1615.748ms
[65.922s][info][gc,cpu         ] GC(250) User=12.55s Sys=0.00s Real=1.62s
[65.923s][info][gc,start       ] GC(251) Pause Full (Ergonomics)
[65.923s][info][gc,phases,start] GC(251) Marking Phase
[67.166s][info][gc,phases      ] GC(251) Marking Phase 1243.770ms
[67.166s][info][gc,phases,start] GC(251) Summary Phase
[67.166s][info][gc,phases      ] GC(251) Summary Phase 0.058ms
[67.167s][info][gc,phases,start] GC(251) Adjust Roots
[67.167s][info][gc,phases      ] GC(251) Adjust Roots 0.162ms
[67.167s][info][gc,phases,start] GC(251) Compaction Phase
[67.527s][info][gc,phases      ] GC(251) Compaction Phase 360.323ms
[67.527s][info][gc,phases,start] GC(251) Post Compact
[67.536s][info][gc,phases      ] GC(251) Post Compact 8.430ms
[67.536s][info][gc,heap        ] GC(251) PSYoungGen: 262128K(364544K)->262128K(364544K) Eden: 146431K(146432K)->146431K(146432K) From: 115696K(218112K)->115696K(218112K)
[67.536s][info][gc,heap        ] GC(251) ParOldGen: 5119675K(5120000K)->5119675K(5120000K)
[67.536s][info][gc,metaspace   ] GC(251) Metaspace: 6302K(6464K)->6302K(6464K) NonClass: 5769K(5824K)->5769K(5824K) Class: 533K(640K)->533K(640K)
[67.536s][info][gc             ] GC(251) Pause Full (Ergonomics) 5255M->5255M(5356M) 1613.116ms
[67.536s][info][gc,cpu         ] GC(251) User=12.33s Sys=0.00s Real=1.61s
[67.536s][info][gc,start       ] GC(252) Pause Full (Ergonomics)
[67.536s][info][gc,phases,start] GC(252) Marking Phase
[68.786s][info][gc,phases      ] GC(252) Marking Phase 1250.471ms
[68.786s][info][gc,phases,start] GC(252) Summary Phase
[68.787s][info][gc,phases      ] GC(252) Summary Phase 0.059ms
[68.787s][info][gc,phases,start] GC(252) Adjust Roots
[68.787s][info][gc,phases      ] GC(252) Adjust Roots 0.170ms
[68.787s][info][gc,phases,start] GC(252) Compaction Phase
[69.152s][info][gc,phases      ] GC(252) Compaction Phase 365.312ms
[69.152s][info][gc,phases,start] GC(252) Post Compact
[69.161s][info][gc,phases      ] GC(252) Post Compact 8.453ms
[69.161s][info][gc,heap        ] GC(252) PSYoungGen: 262128K(364544K)->262128K(364544K) Eden: 146431K(146432K)->146431K(146432K) From: 115696K(218112K)->115696K(218112K)
[69.161s][info][gc,heap        ] GC(252) ParOldGen: 5119679K(5120000K)->5119679K(5120000K)
[69.161s][info][gc,metaspace   ] GC(252) Metaspace: 6302K(6464K)->6302K(6464K) NonClass: 5769K(5824K)->5769K(5824K) Class: 533K(640K)->533K(640K)
[69.161s][info][gc             ] GC(252) Pause Full (Ergonomics) 5255M->5255M(5356M) 1624.811ms
[69.161s][info][gc,cpu         ] GC(252) User=12.31s Sys=0.00s Real=1.62s
[69.161s][info][gc,start       ] GC(253) Pause Full (Ergonomics)
[69.161s][info][gc,phases,start] GC(253) Marking Phase
[70.369s][info][gc,phases      ] GC(253) Marking Phase 1207.785ms
[70.369s][info][gc,phases,start] GC(253) Summary Phase
[70.369s][info][gc,phases      ] GC(253) Summary Phase 0.058ms
[70.369s][info][gc,phases,start] GC(253) Adjust Roots
[70.369s][info][gc,phases      ] GC(253) Adjust Roots 0.163ms
[70.369s][info][gc,phases,start] GC(253) Compaction Phase
[70.729s][info][gc,phases      ] GC(253) Compaction Phase 359.501ms
[70.729s][info][gc,phases,start] GC(253) Post Compact
[70.737s][info][gc,phases      ] GC(253) Post Compact 8.163ms
[70.737s][info][gc,heap        ] GC(253) PSYoungGen: 262128K(364544K)->262128K(364544K) Eden: 146431K(146432K)->146431K(146432K) From: 115696K(218112K)->115696K(218112K)
[70.737s][info][gc,heap        ] GC(253) ParOldGen: 5119684K(5120000K)->5119684K(5120000K)
[70.737s][info][gc,metaspace   ] GC(253) Metaspace: 6302K(6464K)->6302K(6464K) NonClass: 5769K(5824K)->5769K(5824K) Class: 533K(640K)->533K(640K)
[70.737s][info][gc             ] GC(253) Pause Full (Ergonomics) 5255M->5255M(5356M) 1575.992ms
[70.737s][info][gc,cpu         ] GC(253) User=12.00s Sys=0.03s Real=1.58s
[70.737s][info][gc,start       ] GC(254) Pause Full (Ergonomics)
[70.737s][info][gc,phases,start] GC(254) Marking Phase
[71.937s][info][gc,phases      ] GC(254) Marking Phase 1199.875ms
[71.937s][info][gc,phases,start] GC(254) Summary Phase
[71.937s][info][gc,phases      ] GC(254) Summary Phase 0.065ms
[71.937s][info][gc,phases,start] GC(254) Adjust Roots
[71.937s][info][gc,phases      ] GC(254) Adjust Roots 0.195ms
[71.937s][info][gc,phases,start] GC(254) Compaction Phase
[72.300s][info][gc,phases      ] GC(254) Compaction Phase 362.768ms
[72.300s][info][gc,phases,start] GC(254) Post Compact
[72.309s][info][gc,phases      ] GC(254) Post Compact 8.240ms
[72.309s][info][gc,heap        ] GC(254) PSYoungGen: 262128K(364544K)->262128K(364544K) Eden: 146431K(146432K)->146431K(146432K) From: 115696K(218112K)->115696K(218112K)
[72.309s][info][gc,heap        ] GC(254) ParOldGen: 5119689K(5120000K)->5119689K(5120000K)
[72.309s][info][gc,metaspace   ] GC(254) Metaspace: 6302K(6464K)->6302K(6464K) NonClass: 5769K(5824K)->5769K(5824K) Class: 533K(640K)->533K(640K)
[72.309s][info][gc             ] GC(254) Pause Full (Ergonomics) 5255M->5255M(5356M) 1571.534ms
[72.309s][info][gc,cpu         ] GC(254) User=11.70s Sys=0.03s Real=1.57s
[72.309s][info][gc,start       ] GC(255) Pause Full (Ergonomics)
[72.309s][info][gc,phases,start] GC(255) Marking Phase
[73.535s][info][gc,phases      ] GC(255) Marking Phase 1226.024ms
[73.535s][info][gc,phases,start] GC(255) Summary Phase
[73.535s][info][gc,phases      ] GC(255) Summary Phase 0.060ms
[73.535s][info][gc,phases,start] GC(255) Adjust Roots
[73.535s][info][gc,phases      ] GC(255) Adjust Roots 0.165ms
[73.535s][info][gc,phases,start] GC(255) Compaction Phase
[73.892s][info][gc,phases      ] GC(255) Compaction Phase 356.517ms
[73.892s][info][gc,phases,start] GC(255) Post Compact
[73.904s][info][gc,phases      ] GC(255) Post Compact 12.355ms
[73.904s][info][gc,heap        ] GC(255) PSYoungGen: 262128K(364544K)->262128K(364544K) Eden: 146431K(146432K)->146431K(146432K) From: 115696K(218112K)->115696K(218112K)
[73.904s][info][gc,heap        ] GC(255) ParOldGen: 5119694K(5120000K)->5119694K(5120000K)
[73.904s][info][gc,metaspace   ] GC(255) Metaspace: 6302K(6464K)->6302K(6464K) NonClass: 5769K(5824K)->5769K(5824K) Class: 533K(640K)->533K(640K)
[73.904s][info][gc             ] GC(255) Pause Full (Ergonomics) 5255M->5255M(5356M) 1595.518ms
[73.904s][info][gc,cpu         ] GC(255) User=12.06s Sys=0.00s Real=1.60s
[73.905s][info][gc,start       ] GC(256) Pause Full (Ergonomics)
[73.905s][info][gc,phases,start] GC(256) Marking Phase
[75.143s][info][gc,phases      ] GC(256) Marking Phase 1237.922ms
[75.143s][info][gc,phases,start] GC(256) Summary Phase
[75.143s][info][gc,phases      ] GC(256) Summary Phase 0.060ms
[75.143s][info][gc,phases,start] GC(256) Adjust Roots
[75.143s][info][gc,phases      ] GC(256) Adjust Roots 0.196ms
[75.143s][info][gc,phases,start] GC(256) Compaction Phase
[75.505s][info][gc,phases      ] GC(256) Compaction Phase 361.818ms
[75.505s][info][gc,phases,start] GC(256) Post Compact
[75.513s][info][gc,phases      ] GC(256) Post Compact 8.211ms
[75.513s][info][gc,heap        ] GC(256) PSYoungGen: 262128K(364544K)->262128K(364544K) Eden: 146431K(146432K)->146431K(146432K) From: 115696K(218112K)->115696K(218112K)
[75.513s][info][gc,heap        ] GC(256) ParOldGen: 5119699K(5120000K)->5119699K(5120000K)
[75.513s][info][gc,metaspace   ] GC(256) Metaspace: 6302K(6464K)->6302K(6464K) NonClass: 5769K(5824K)->5769K(5824K) Class: 533K(640K)->533K(640K)
[75.513s][info][gc             ] GC(256) Pause Full (Ergonomics) 5255M->5255M(5356M) 1608.558ms
[75.513s][info][gc,cpu         ] GC(256) User=12.02s Sys=0.00s Real=1.61s
[75.513s][info][gc,start       ] GC(257) Pause Full (Ergonomics)
[75.513s][info][gc,phases,start] GC(257) Marking Phase
[76.744s][info][gc,phases      ] GC(257) Marking Phase 1230.288ms
[76.744s][info][gc,phases,start] GC(257) Summary Phase
[76.744s][info][gc,phases      ] GC(257) Summary Phase 0.068ms
[76.744s][info][gc,phases,start] GC(257) Adjust Roots
[76.744s][info][gc,phases      ] GC(257) Adjust Roots 0.170ms
[76.744s][info][gc,phases,start] GC(257) Compaction Phase
[77.111s][info][gc,phases      ] GC(257) Compaction Phase 366.533ms
[77.111s][info][gc,phases,start] GC(257) Post Compact
[77.119s][info][gc,phases      ] GC(257) Post Compact 8.196ms
[77.119s][info][gc,heap        ] GC(257) PSYoungGen: 262128K(364544K)->262128K(364544K) Eden: 146431K(146432K)->146431K(146432K) From: 115696K(218112K)->115696K(218112K)
[77.119s][info][gc,heap        ] GC(257) ParOldGen: 5119704K(5120000K)->5119704K(5120000K)
[77.119s][info][gc,metaspace   ] GC(257) Metaspace: 6302K(6464K)->6302K(6464K) NonClass: 5769K(5824K)->5769K(5824K) Class: 533K(640K)->533K(640K)
[77.119s][info][gc             ] GC(257) Pause Full (Ergonomics) 5255M->5255M(5356M) 1605.601ms
[77.119s][info][gc,cpu         ] GC(257) User=12.16s Sys=0.00s Real=1.61s
[77.119s][info][gc,start       ] GC(258) Pause Full (Ergonomics)
[77.119s][info][gc,phases,start] GC(258) Marking Phase
[78.324s][info][gc,phases      ] GC(258) Marking Phase 1204.501ms
[78.324s][info][gc,phases,start] GC(258) Summary Phase
[78.324s][info][gc,phases      ] GC(258) Summary Phase 0.060ms
[78.324s][info][gc,phases,start] GC(258) Adjust Roots
[78.324s][info][gc,phases      ] GC(258) Adjust Roots 0.166ms
[78.324s][info][gc,phases,start] GC(258) Compaction Phase
[78.693s][info][gc,phases      ] GC(258) Compaction Phase 369.172ms
[78.693s][info][gc,phases,start] GC(258) Post Compact
[78.702s][info][gc,phases      ] GC(258) Post Compact 8.301ms
[78.702s][info][gc,heap        ] GC(258) PSYoungGen: 262128K(364544K)->262128K(364544K) Eden: 146431K(146432K)->146431K(146432K) From: 115696K(218112K)->115696K(218112K)
[78.702s][info][gc,heap        ] GC(258) ParOldGen: 5119708K(5120000K)->5119708K(5120000K)
[78.702s][info][gc,metaspace   ] GC(258) Metaspace: 6302K(6464K)->6302K(6464K) NonClass: 5769K(5824K)->5769K(5824K) Class: 533K(640K)->533K(640K)
[78.702s][info][gc             ] GC(258) Pause Full (Ergonomics) 5255M->5255M(5356M) 1582.539ms
[78.702s][info][gc,cpu         ] GC(258) User=12.09s Sys=0.00s Real=1.58s
[78.702s][info][gc,start       ] GC(259) Pause Full (Ergonomics)
[78.702s][info][gc,phases,start] GC(259) Marking Phase
[79.931s][info][gc,phases      ] GC(259) Marking Phase 1228.600ms
[79.931s][info][gc,phases,start] GC(259) Summary Phase
[79.931s][info][gc,phases      ] GC(259) Summary Phase 0.071ms
[79.931s][info][gc,phases,start] GC(259) Adjust Roots
[79.931s][info][gc,phases      ] GC(259) Adjust Roots 0.170ms
[79.931s][info][gc,phases,start] GC(259) Compaction Phase
[80.295s][info][gc,phases      ] GC(259) Compaction Phase 363.693ms
[80.295s][info][gc,phases,start] GC(259) Post Compact
[80.303s][info][gc,phases      ] GC(259) Post Compact 8.203ms
[80.303s][info][gc,heap        ] GC(259) PSYoungGen: 262128K(364544K)->262128K(364544K) Eden: 146431K(146432K)->146431K(146432K) From: 115696K(218112K)->115696K(218112K)
[80.303s][info][gc,heap        ] GC(259) ParOldGen: 5119713K(5120000K)->5119713K(5120000K)
[80.303s][info][gc,metaspace   ] GC(259) Metaspace: 6302K(6464K)->6302K(6464K) NonClass: 5769K(5824K)->5769K(5824K) Class: 533K(640K)->533K(640K)
[80.303s][info][gc             ] GC(259) Pause Full (Ergonomics) 5255M->5255M(5356M) 1601.093ms
[80.303s][info][gc,cpu         ] GC(259) User=12.02s Sys=0.00s Real=1.60s
[80.303s][info][gc,start       ] GC(260) Pause Full (Ergonomics)
[80.303s][info][gc,phases,start] GC(260) Marking Phase
[81.512s][info][gc,phases      ] GC(260) Marking Phase 1208.539ms
[81.512s][info][gc,phases,start] GC(260) Summary Phase
[81.512s][info][gc,phases      ] GC(260) Summary Phase 0.060ms
[81.512s][info][gc,phases,start] GC(260) Adjust Roots
[81.512s][info][gc,phases      ] GC(260) Adjust Roots 0.178ms
[81.512s][info][gc,phases,start] GC(260) Compaction Phase
[81.879s][info][gc,phases      ] GC(260) Compaction Phase 366.454ms
[81.879s][info][gc,phases,start] GC(260) Post Compact
[81.887s][info][gc,phases      ] GC(260) Post Compact 8.273ms
[81.887s][info][gc,heap        ] GC(260) PSYoungGen: 262128K(364544K)->262128K(364544K) Eden: 146431K(146432K)->146431K(146432K) From: 115696K(218112K)->115696K(218112K)
[81.887s][info][gc,heap        ] GC(260) ParOldGen: 5119718K(5120000K)->5119718K(5120000K)
[81.887s][info][gc,metaspace   ] GC(260) Metaspace: 6302K(6464K)->6302K(6464K) NonClass: 5769K(5824K)->5769K(5824K) Class: 533K(640K)->533K(640K)
[81.887s][info][gc             ] GC(260) Pause Full (Ergonomics) 5255M->5255M(5356M) 1583.896ms
[81.887s][info][gc,cpu         ] GC(260) User=12.02s Sys=0.00s Real=1.58s
[81.887s][info][gc,start       ] GC(261) Pause Full (Ergonomics)
[81.887s][info][gc,phases,start] GC(261) Marking Phase
[83.084s][info][gc,phases      ] GC(261) Marking Phase 1196.428ms
[83.084s][info][gc,phases,start] GC(261) Summary Phase
[83.084s][info][gc,phases      ] GC(261) Summary Phase 0.060ms
[83.084s][info][gc,phases,start] GC(261) Adjust Roots
[83.084s][info][gc,phases      ] GC(261) Adjust Roots 0.165ms
[83.084s][info][gc,phases,start] GC(261) Compaction Phase
[83.453s][info][gc,phases      ] GC(261) Compaction Phase 368.497ms
[83.453s][info][gc,phases,start] GC(261) Post Compact
[83.461s][info][gc,phases      ] GC(261) Post Compact 8.460ms
[83.461s][info][gc,heap        ] GC(261) PSYoungGen: 262128K(364544K)->262128K(364544K) Eden: 146431K(146432K)->146431K(146432K) From: 115696K(218112K)->115696K(218112K)
[83.461s][info][gc,heap        ] GC(261) ParOldGen: 5119723K(5120000K)->5119723K(5120000K)
[83.461s][info][gc,metaspace   ] GC(261) Metaspace: 6302K(6464K)->6302K(6464K) NonClass: 5769K(5824K)->5769K(5824K) Class: 533K(640K)->533K(640K)
[83.461s][info][gc             ] GC(261) Pause Full (Ergonomics) 5255M->5255M(5356M) 1573.956ms
[83.461s][info][gc,cpu         ] GC(261) User=11.94s Sys=0.00s Real=1.57s
[83.462s][info][gc,start       ] GC(262) Pause Full (Ergonomics)
[83.462s][info][gc,phases,start] GC(262) Marking Phase
[84.712s][info][gc,phases      ] GC(262) Marking Phase 1250.849ms
[84.713s][info][gc,phases,start] GC(262) Summary Phase
[84.713s][info][gc,phases      ] GC(262) Summary Phase 0.061ms
[84.713s][info][gc,phases,start] GC(262) Adjust Roots
[84.713s][info][gc,phases      ] GC(262) Adjust Roots 0.171ms
[84.713s][info][gc,phases,start] GC(262) Compaction Phase
[85.076s][info][gc,phases      ] GC(262) Compaction Phase 363.655ms
[85.077s][info][gc,phases,start] GC(262) Post Compact
[85.085s][info][gc,phases      ] GC(262) Post Compact 8.320ms
[85.085s][info][gc,heap        ] GC(262) PSYoungGen: 262128K(364544K)->262128K(364544K) Eden: 146431K(146432K)->146431K(146432K) From: 115696K(218112K)->115696K(218112K)
[85.085s][info][gc,heap        ] GC(262) ParOldGen: 5119728K(5120000K)->5119728K(5120000K)
[85.085s][info][gc,metaspace   ] GC(262) Metaspace: 6302K(6464K)->6302K(6464K) NonClass: 5769K(5824K)->5769K(5824K) Class: 533K(640K)->533K(640K)
[85.085s][info][gc             ] GC(262) Pause Full (Ergonomics) 5255M->5255M(5356M) 1623.434ms
[85.085s][info][gc,cpu         ] GC(262) User=12.41s Sys=0.00s Real=1.62s
[85.085s][info][gc,start       ] GC(263) Pause Full (Ergonomics)
[85.085s][info][gc,phases,start] GC(263) Marking Phase
[86.334s][info][gc,phases      ] GC(263) Marking Phase 1248.830ms
[86.334s][info][gc,phases,start] GC(263) Summary Phase
[86.334s][info][gc,phases      ] GC(263) Summary Phase 0.060ms
[86.334s][info][gc,phases,start] GC(263) Adjust Roots
[86.334s][info][gc,phases      ] GC(263) Adjust Roots 0.167ms
[86.334s][info][gc,phases,start] GC(263) Compaction Phase
[86.701s][info][gc,phases      ] GC(263) Compaction Phase 366.680ms
[86.701s][info][gc,phases,start] GC(263) Post Compact
[86.709s][info][gc,phases      ] GC(263) Post Compact 8.187ms
[86.709s][info][gc,heap        ] GC(263) PSYoungGen: 262128K(364544K)->262128K(364544K) Eden: 146431K(146432K)->146431K(146432K) From: 115696K(218112K)->115696K(218112K)
[86.710s][info][gc,heap        ] GC(263) ParOldGen: 5119733K(5120000K)->5119733K(5120000K)
[86.710s][info][gc,metaspace   ] GC(263) Metaspace: 6302K(6464K)->6302K(6464K) NonClass: 5769K(5824K)->5769K(5824K) Class: 533K(640K)->533K(640K)
[86.710s][info][gc             ] GC(263) Pause Full (Ergonomics) 5255M->5255M(5356M) 1624.294ms
[86.710s][info][gc,cpu         ] GC(263) User=12.25s Sys=0.00s Real=1.62s
[86.710s][info][gc,start       ] GC(264) Pause Full (Ergonomics)
[86.710s][info][gc,phases,start] GC(264) Marking Phase
[87.967s][info][gc,phases      ] GC(264) Marking Phase 1257.621ms
[87.968s][info][gc,phases,start] GC(264) Summary Phase
[87.968s][info][gc,phases      ] GC(264) Summary Phase 0.060ms
[87.968s][info][gc,phases,start] GC(264) Adjust Roots
[87.968s][info][gc,phases      ] GC(264) Adjust Roots 0.174ms
[87.968s][info][gc,phases,start] GC(264) Compaction Phase
[88.332s][info][gc,phases      ] GC(264) Compaction Phase 363.953ms
[88.332s][info][gc,phases,start] GC(264) Post Compact
[88.340s][info][gc,phases      ] GC(264) Post Compact 8.332ms
[88.340s][info][gc,heap        ] GC(264) PSYoungGen: 262128K(364544K)->262128K(364544K) Eden: 146431K(146432K)->146431K(146432K) From: 115696K(218112K)->115696K(218112K)
[88.340s][info][gc,heap        ] GC(264) ParOldGen: 5119737K(5120000K)->5119737K(5120000K)
[88.340s][info][gc,metaspace   ] GC(264) Metaspace: 6302K(6464K)->6302K(6464K) NonClass: 5769K(5824K)->5769K(5824K) Class: 533K(640K)->533K(640K)
[88.340s][info][gc             ] GC(264) Pause Full (Ergonomics) 5255M->5255M(5356M) 1630.523ms
[88.340s][info][gc,cpu         ] GC(264) User=12.34s Sys=0.00s Real=1.63s
[88.341s][info][gc,start       ] GC(265) Pause Full (Ergonomics)
[88.341s][info][gc,phases,start] GC(265) Marking Phase
[89.564s][info][gc,phases      ] GC(265) Marking Phase 1223.626ms
[89.564s][info][gc,phases,start] GC(265) Summary Phase
[89.564s][info][gc,phases      ] GC(265) Summary Phase 0.063ms
[89.564s][info][gc,phases,start] GC(265) Adjust Roots
[89.565s][info][gc,phases      ] GC(265) Adjust Roots 0.176ms
[89.565s][info][gc,phases,start] GC(265) Compaction Phase
[89.932s][info][gc,phases      ] GC(265) Compaction Phase 367.025ms
[89.932s][info][gc,phases,start] GC(265) Post Compact
[89.940s][info][gc,phases      ] GC(265) Post Compact 8.253ms
[89.940s][info][gc,heap        ] GC(265) PSYoungGen: 262128K(364544K)->262128K(364544K) Eden: 146431K(146432K)->146431K(146432K) From: 115696K(218112K)->115696K(218112K)
[89.940s][info][gc,heap        ] GC(265) ParOldGen: 5119742K(5120000K)->5119742K(5120000K)
[89.940s][info][gc,metaspace   ] GC(265) Metaspace: 6302K(6464K)->6302K(6464K) NonClass: 5769K(5824K)->5769K(5824K) Class: 533K(640K)->533K(640K)
[89.940s][info][gc             ] GC(265) Pause Full (Ergonomics) 5255M->5255M(5356M) 1599.494ms
[89.940s][info][gc,cpu         ] GC(265) User=12.03s Sys=0.00s Real=1.60s
[89.940s][info][gc,start       ] GC(266) Pause Full (Ergonomics)
[89.940s][info][gc,phases,start] GC(266) Marking Phase
[91.171s][info][gc,phases      ] GC(266) Marking Phase 1230.459ms
[91.171s][info][gc,phases,start] GC(266) Summary Phase
[91.171s][info][gc,phases      ] GC(266) Summary Phase 0.059ms
[91.171s][info][gc,phases,start] GC(266) Adjust Roots
[91.171s][info][gc,phases      ] GC(266) Adjust Roots 0.165ms
[91.171s][info][gc,phases,start] GC(266) Compaction Phase
[91.532s][info][gc,phases      ] GC(266) Compaction Phase 361.356ms
[91.533s][info][gc,phases,start] GC(266) Post Compact
[91.541s][info][gc,phases      ] GC(266) Post Compact 8.171ms
[91.541s][info][gc,heap        ] GC(266) PSYoungGen: 262128K(364544K)->262128K(364544K) Eden: 146431K(146432K)->146431K(146432K) From: 115696K(218112K)->115696K(218112K)
[91.541s][info][gc,heap        ] GC(266) ParOldGen: 5119747K(5120000K)->5119747K(5120000K)
[91.541s][info][gc,metaspace   ] GC(266) Metaspace: 6302K(6464K)->6302K(6464K) NonClass: 5769K(5824K)->5769K(5824K) Class: 533K(640K)->533K(640K)
[91.541s][info][gc             ] GC(266) Pause Full (Ergonomics) 5255M->5255M(5356M) 1600.549ms
[91.541s][info][gc,cpu         ] GC(266) User=11.98s Sys=0.00s Real=1.60s
[91.541s][info][gc,start       ] GC(267) Pause Full (Ergonomics)
[91.541s][info][gc,phases,start] GC(267) Marking Phase
[92.774s][info][gc,phases      ] GC(267) Marking Phase 1233.241ms
[92.774s][info][gc,phases,start] GC(267) Summary Phase
[92.774s][info][gc,phases      ] GC(267) Summary Phase 0.064ms
[92.774s][info][gc,phases,start] GC(267) Adjust Roots
[92.775s][info][gc,phases      ] GC(267) Adjust Roots 0.178ms
[92.775s][info][gc,phases,start] GC(267) Compaction Phase
[93.140s][info][gc,phases      ] GC(267) Compaction Phase 364.970ms
[93.140s][info][gc,phases,start] GC(267) Post Compact
[93.148s][info][gc,phases      ] GC(267) Post Compact 8.330ms
[93.148s][info][gc,heap        ] GC(267) PSYoungGen: 262128K(364544K)->262128K(364544K) Eden: 146431K(146432K)->146431K(146432K) From: 115696K(218112K)->115696K(218112K)
[93.148s][info][gc,heap        ] GC(267) ParOldGen: 5119752K(5120000K)->5119752K(5120000K)
[93.148s][info][gc,metaspace   ] GC(267) Metaspace: 6302K(6464K)->6302K(6464K) NonClass: 5769K(5824K)->5769K(5824K) Class: 533K(640K)->533K(640K)
[93.148s][info][gc             ] GC(267) Pause Full (Ergonomics) 5255M->5255M(5356M) 1607.164ms
[93.148s][info][gc,cpu         ] GC(267) User=12.14s Sys=0.02s Real=1.61s
[93.148s][info][gc,start       ] GC(268) Pause Full (Ergonomics)
[93.148s][info][gc,phases,start] GC(268) Marking Phase
[94.385s][info][gc,phases      ] GC(268) Marking Phase 1236.971ms
[94.386s][info][gc,phases,start] GC(268) Summary Phase
[94.386s][info][gc,phases      ] GC(268) Summary Phase 0.091ms
[94.386s][info][gc,phases,start] GC(268) Adjust Roots
[94.386s][info][gc,phases      ] GC(268) Adjust Roots 0.212ms
[94.386s][info][gc,phases,start] GC(268) Compaction Phase
[94.747s][info][gc,phases      ] GC(268) Compaction Phase 361.554ms
[94.748s][info][gc,phases,start] GC(268) Post Compact
[94.756s][info][gc,phases      ] GC(268) Post Compact 8.305ms
[94.756s][info][gc,heap        ] GC(268) PSYoungGen: 262128K(364544K)->262128K(364544K) Eden: 146431K(146432K)->146431K(146432K) From: 115696K(218112K)->115696K(218112K)
[94.756s][info][gc,heap        ] GC(268) ParOldGen: 5119757K(5120000K)->5119757K(5120000K)
[94.756s][info][gc,metaspace   ] GC(268) Metaspace: 6302K(6464K)->6302K(6464K) NonClass: 5769K(5824K)->5769K(5824K) Class: 533K(640K)->533K(640K)
[94.756s][info][gc             ] GC(268) Pause Full (Ergonomics) 5255M->5255M(5356M) 1607.526ms
[94.756s][info][gc,cpu         ] GC(268) User=12.25s Sys=0.00s Real=1.61s
[94.756s][info][gc,start       ] GC(269) Pause Full (Ergonomics)
[94.756s][info][gc,phases,start] GC(269) Marking Phase
[96.014s][info][gc,phases      ] GC(269) Marking Phase 1258.011ms
[96.014s][info][gc,phases,start] GC(269) Summary Phase
[96.014s][info][gc,phases      ] GC(269) Summary Phase 0.060ms
[96.014s][info][gc,phases,start] GC(269) Adjust Roots
[96.015s][info][gc,phases      ] GC(269) Adjust Roots 0.164ms
[96.015s][info][gc,phases,start] GC(269) Compaction Phase
[96.394s][info][gc,phases      ] GC(269) Compaction Phase 379.362ms
[96.394s][info][gc,phases,start] GC(269) Post Compact
[96.402s][info][gc,phases      ] GC(269) Post Compact 8.172ms
[96.402s][info][gc,heap        ] GC(269) PSYoungGen: 262128K(364544K)->262128K(364544K) Eden: 146431K(146432K)->146431K(146432K) From: 115696K(218112K)->115696K(218112K)
[96.402s][info][gc,heap        ] GC(269) ParOldGen: 5119762K(5120000K)->5119762K(5120000K)
[96.402s][info][gc,metaspace   ] GC(269) Metaspace: 6302K(6464K)->6302K(6464K) NonClass: 5769K(5824K)->5769K(5824K) Class: 533K(640K)->533K(640K)
[96.402s][info][gc             ] GC(269) Pause Full (Ergonomics) 5255M->5255M(5356M) 1646.099ms
[96.402s][info][gc,cpu         ] GC(269) User=12.22s Sys=0.02s Real=1.65s
[96.403s][info][gc,start       ] GC(270) Pause Full (Ergonomics)
[96.403s][info][gc,phases,start] GC(270) Marking Phase
[97.672s][info][gc,phases      ] GC(270) Marking Phase 1269.208ms
[97.672s][info][gc,phases,start] GC(270) Summary Phase
[97.672s][info][gc,phases      ] GC(270) Summary Phase 0.073ms
[97.672s][info][gc,phases,start] GC(270) Adjust Roots
[97.672s][info][gc,phases      ] GC(270) Adjust Roots 0.220ms
[97.672s][info][gc,phases,start] GC(270) Compaction Phase
[98.036s][info][gc,phases      ] GC(270) Compaction Phase 364.128ms
[98.036s][info][gc,phases,start] GC(270) Post Compact
[98.045s][info][gc,phases      ] GC(270) Post Compact 8.452ms
[98.045s][info][gc,heap        ] GC(270) PSYoungGen: 262128K(364544K)->262128K(364544K) Eden: 146431K(146432K)->146431K(146432K) From: 115696K(218112K)->115696K(218112K)
[98.045s][info][gc,heap        ] GC(270) ParOldGen: 5119766K(5120000K)->5119766K(5120000K)
[98.045s][info][gc,metaspace   ] GC(270) Metaspace: 6302K(6464K)->6302K(6464K) NonClass: 5769K(5824K)->5769K(5824K) Class: 533K(640K)->533K(640K)
[98.045s][info][gc             ] GC(270) Pause Full (Ergonomics) 5255M->5255M(5356M) 1642.481ms
[98.045s][info][gc,cpu         ] GC(270) User=12.27s Sys=0.00s Real=1.64s
[98.045s][info][gc,start       ] GC(271) Pause Full (Ergonomics)
[98.045s][info][gc,phases,start] GC(271) Marking Phase
[99.293s][info][gc,phases      ] GC(271) Marking Phase 1247.551ms
[99.293s][info][gc,phases,start] GC(271) Summary Phase
[99.293s][info][gc,phases      ] GC(271) Summary Phase 0.088ms
[99.293s][info][gc,phases,start] GC(271) Adjust Roots
[99.293s][info][gc,phases      ] GC(271) Adjust Roots 0.238ms
[99.293s][info][gc,phases,start] GC(271) Compaction Phase
[99.657s][info][gc,phases      ] GC(271) Compaction Phase 363.721ms
[99.657s][info][gc,phases,start] GC(271) Post Compact
[99.666s][info][gc,phases      ] GC(271) Post Compact 8.776ms
[99.666s][info][gc,heap        ] GC(271) PSYoungGen: 262128K(364544K)->262128K(364544K) Eden: 146431K(146432K)->146431K(146432K) From: 115696K(218112K)->115696K(218112K)
[99.666s][info][gc,heap        ] GC(271) ParOldGen: 5119771K(5120000K)->5119771K(5120000K)
[99.666s][info][gc,metaspace   ] GC(271) Metaspace: 6302K(6464K)->6302K(6464K) NonClass: 5769K(5824K)->5769K(5824K) Class: 533K(640K)->533K(640K)
[99.666s][info][gc             ] GC(271) Pause Full (Ergonomics) 5255M->5255M(5356M) 1620.766ms
[99.666s][info][gc,cpu         ] GC(271) User=12.22s Sys=0.00s Real=1.62s
[99.666s][info][gc,start       ] GC(272) Pause Full (Ergonomics)
[99.666s][info][gc,phases,start] GC(272) Marking Phase
[100.902s][info][gc,phases      ] GC(272) Marking Phase 1235.529ms
[100.902s][info][gc,phases,start] GC(272) Summary Phase
[100.902s][info][gc,phases      ] GC(272) Summary Phase 0.060ms
[100.902s][info][gc,phases,start] GC(272) Adjust Roots
[100.902s][info][gc,phases      ] GC(272) Adjust Roots 0.168ms
[100.902s][info][gc,phases,start] GC(272) Compaction Phase
[101.275s][info][gc,phases      ] GC(272) Compaction Phase 372.520ms
[101.275s][info][gc,phases,start] GC(272) Post Compact
[101.283s][info][gc,phases      ] GC(272) Post Compact 8.200ms
[101.283s][info][gc,heap        ] GC(272) PSYoungGen: 262128K(364544K)->262128K(364544K) Eden: 146431K(146432K)->146431K(146432K) From: 115696K(218112K)->115696K(218112K)
[101.283s][info][gc,heap        ] GC(272) ParOldGen: 5119776K(5120000K)->5119776K(5120000K)
[101.283s][info][gc,metaspace   ] GC(272) Metaspace: 6302K(6464K)->6302K(6464K) NonClass: 5769K(5824K)->5769K(5824K) Class: 533K(640K)->533K(640K)
[101.283s][info][gc             ] GC(272) Pause Full (Ergonomics) 5255M->5255M(5356M) 1616.810ms
[101.283s][info][gc,cpu         ] GC(272) User=12.30s Sys=0.00s Real=1.62s
[101.283s][info][gc,start       ] GC(273) Pause Full (Ergonomics)
[101.283s][info][gc,phases,start] GC(273) Marking Phase
[102.502s][info][gc,phases      ] GC(273) Marking Phase 1218.868ms
[102.502s][info][gc,phases,start] GC(273) Summary Phase
[102.502s][info][gc,phases      ] GC(273) Summary Phase 0.060ms
[102.502s][info][gc,phases,start] GC(273) Adjust Roots
[102.503s][info][gc,phases      ] GC(273) Adjust Roots 0.169ms
[102.503s][info][gc,phases,start] GC(273) Compaction Phase
[102.871s][info][gc,phases      ] GC(273) Compaction Phase 368.894ms
[102.872s][info][gc,phases,start] GC(273) Post Compact
[102.880s][info][gc,phases      ] GC(273) Post Compact 8.168ms
[102.880s][info][gc,heap        ] GC(273) PSYoungGen: 262128K(364544K)->262128K(364544K) Eden: 146431K(146432K)->146431K(146432K) From: 115696K(218112K)->115696K(218112K)
[102.880s][info][gc,heap        ] GC(273) ParOldGen: 5119781K(5120000K)->5119781K(5120000K)
[102.880s][info][gc,metaspace   ] GC(273) Metaspace: 6302K(6464K)->6302K(6464K) NonClass: 5769K(5824K)->5769K(5824K) Class: 533K(640K)->533K(640K)
[102.880s][info][gc             ] GC(273) Pause Full (Ergonomics) 5255M->5255M(5356M) 1596.520ms
[102.880s][info][gc,cpu         ] GC(273) User=12.02s Sys=0.00s Real=1.60s
[102.880s][info][gc,start       ] GC(274) Pause Full (Ergonomics)
[102.880s][info][gc,phases,start] GC(274) Marking Phase
[104.097s][info][gc,phases      ] GC(274) Marking Phase 1217.286ms
[104.097s][info][gc,phases,start] GC(274) Summary Phase
[104.097s][info][gc,phases      ] GC(274) Summary Phase 0.059ms
[104.097s][info][gc,phases,start] GC(274) Adjust Roots
[104.098s][info][gc,phases      ] GC(274) Adjust Roots 0.170ms
[104.098s][info][gc,phases,start] GC(274) Compaction Phase
[104.456s][info][gc,phases      ] GC(274) Compaction Phase 358.709ms
[104.456s][info][gc,phases,start] GC(274) Post Compact
[104.465s][info][gc,phases      ] GC(274) Post Compact 8.404ms
[104.465s][info][gc,heap        ] GC(274) PSYoungGen: 262128K(364544K)->262128K(364544K) Eden: 146431K(146432K)->146431K(146432K) From: 115696K(218112K)->115696K(218112K)
[104.465s][info][gc,heap        ] GC(274) ParOldGen: 5119786K(5120000K)->5119786K(5120000K)
[104.465s][info][gc,metaspace   ] GC(274) Metaspace: 6302K(6464K)->6302K(6464K) NonClass: 5769K(5824K)->5769K(5824K) Class: 533K(640K)->533K(640K)
[104.465s][info][gc             ] GC(274) Pause Full (Ergonomics) 5255M->5255M(5356M) 1585.004ms
[104.465s][info][gc,cpu         ] GC(274) User=11.88s Sys=0.00s Real=1.59s
[104.465s][info][gc,start       ] GC(275) Pause Full (Ergonomics)
[104.465s][info][gc,phases,start] GC(275) Marking Phase
[105.735s][info][gc,phases      ] GC(275) Marking Phase 1269.394ms
[105.735s][info][gc,phases,start] GC(275) Summary Phase
[105.735s][info][gc,phases      ] GC(275) Summary Phase 0.059ms
[105.735s][info][gc,phases,start] GC(275) Adjust Roots
[105.735s][info][gc,phases      ] GC(275) Adjust Roots 0.167ms
[105.735s][info][gc,phases,start] GC(275) Compaction Phase
[106.105s][info][gc,phases      ] GC(275) Compaction Phase 369.632ms
[106.105s][info][gc,phases,start] GC(275) Post Compact
[106.113s][info][gc,phases      ] GC(275) Post Compact 8.212ms
[106.113s][info][gc,heap        ] GC(275) PSYoungGen: 262128K(364544K)->262128K(364544K) Eden: 146431K(146432K)->146431K(146432K) From: 115696K(218112K)->115696K(218112K)
[106.113s][info][gc,heap        ] GC(275) ParOldGen: 5119791K(5120000K)->5119791K(5120000K)
[106.113s][info][gc,metaspace   ] GC(275) Metaspace: 6302K(6464K)->6302K(6464K) NonClass: 5769K(5824K)->5769K(5824K) Class: 533K(640K)->533K(640K)
[106.113s][info][gc             ] GC(275) Pause Full (Ergonomics) 5255M->5255M(5356M) 1647.806ms
[106.113s][info][gc,cpu         ] GC(275) User=12.42s Sys=0.00s Real=1.65s
[106.113s][info][gc,start       ] GC(276) Pause Full (Ergonomics)
[106.113s][info][gc,phases,start] GC(276) Marking Phase
[107.367s][info][gc,phases      ] GC(276) Marking Phase 1253.790ms
[107.367s][info][gc,phases,start] GC(276) Summary Phase
[107.367s][info][gc,phases      ] GC(276) Summary Phase 0.059ms
[107.367s][info][gc,phases,start] GC(276) Adjust Roots
[107.367s][info][gc,phases      ] GC(276) Adjust Roots 0.167ms
[107.367s][info][gc,phases,start] GC(276) Compaction Phase
[107.738s][info][gc,phases      ] GC(276) Compaction Phase 370.247ms
[107.738s][info][gc,phases,start] GC(276) Post Compact
[107.746s][info][gc,phases      ] GC(276) Post Compact 8.214ms
[107.746s][info][gc,heap        ] GC(276) PSYoungGen: 262128K(364544K)->262128K(364544K) Eden: 146431K(146432K)->146431K(146432K) From: 115696K(218112K)->115696K(218112K)
[107.746s][info][gc,heap        ] GC(276) ParOldGen: 5119795K(5120000K)->5119795K(5120000K)
[107.746s][info][gc,metaspace   ] GC(276) Metaspace: 6302K(6464K)->6302K(6464K) NonClass: 5769K(5824K)->5769K(5824K) Class: 533K(640K)->533K(640K)
[107.746s][info][gc             ] GC(276) Pause Full (Ergonomics) 5255M->5255M(5356M) 1632.839ms
[107.746s][info][gc,cpu         ] GC(276) User=12.45s Sys=0.00s Real=1.63s
[107.746s][info][gc,start       ] GC(277) Pause Full (Ergonomics)
[107.746s][info][gc,phases,start] GC(277) Marking Phase
[108.981s][info][gc,phases      ] GC(277) Marking Phase 1234.312ms
[108.981s][info][gc,phases,start] GC(277) Summary Phase
[108.981s][info][gc,phases      ] GC(277) Summary Phase 0.060ms
[108.981s][info][gc,phases,start] GC(277) Adjust Roots
[108.981s][info][gc,phases      ] GC(277) Adjust Roots 0.167ms
[108.981s][info][gc,phases,start] GC(277) Compaction Phase
[109.347s][info][gc,phases      ] GC(277) Compaction Phase 365.957ms
[109.347s][info][gc,phases,start] GC(277) Post Compact
[109.355s][info][gc,phases      ] GC(277) Post Compact 8.199ms
[109.355s][info][gc,heap        ] GC(277) PSYoungGen: 262128K(364544K)->262128K(364544K) Eden: 146431K(146432K)->146431K(146432K) From: 115696K(218112K)->115696K(218112K)
[109.356s][info][gc,heap        ] GC(277) ParOldGen: 5119800K(5120000K)->5119800K(5120000K)
[109.356s][info][gc,metaspace   ] GC(277) Metaspace: 6302K(6464K)->6302K(6464K) NonClass: 5769K(5824K)->5769K(5824K) Class: 533K(640K)->533K(640K)
[109.356s][info][gc             ] GC(277) Pause Full (Ergonomics) 5255M->5255M(5356M) 1609.233ms
[109.356s][info][gc,cpu         ] GC(277) User=12.23s Sys=0.00s Real=1.61s
[109.356s][info][gc,start       ] GC(278) Pause Full (Ergonomics)
[109.356s][info][gc,phases,start] GC(278) Marking Phase
[110.610s][info][gc,phases      ] GC(278) Marking Phase 1254.357ms
[110.610s][info][gc,phases,start] GC(278) Summary Phase
[110.610s][info][gc,phases      ] GC(278) Summary Phase 0.059ms
[110.610s][info][gc,phases,start] GC(278) Adjust Roots
[110.610s][info][gc,phases      ] GC(278) Adjust Roots 0.167ms
[110.610s][info][gc,phases,start] GC(278) Compaction Phase
[110.976s][info][gc,phases      ] GC(278) Compaction Phase 365.366ms
[110.976s][info][gc,phases,start] GC(278) Post Compact
[110.984s][info][gc,phases      ] GC(278) Post Compact 8.402ms
[110.984s][info][gc,heap        ] GC(278) PSYoungGen: 262128K(364544K)->262128K(364544K) Eden: 146431K(146432K)->146431K(146432K) From: 115696K(218112K)->115696K(218112K)
[110.984s][info][gc,heap        ] GC(278) ParOldGen: 5119805K(5120000K)->5119805K(5120000K)
[110.984s][info][gc,metaspace   ] GC(278) Metaspace: 6302K(6464K)->6302K(6464K) NonClass: 5769K(5824K)->5769K(5824K) Class: 533K(640K)->533K(640K)
[110.984s][info][gc             ] GC(278) Pause Full (Ergonomics) 5255M->5255M(5356M) 1628.692ms
[110.984s][info][gc,cpu         ] GC(278) User=12.30s Sys=0.00s Real=1.63s
[110.985s][info][gc,start       ] GC(279) Pause Full (Ergonomics)
[110.985s][info][gc,phases,start] GC(279) Marking Phase
[112.217s][info][gc,phases      ] GC(279) Marking Phase 1232.203ms
[112.217s][info][gc,phases,start] GC(279) Summary Phase
[112.217s][info][gc,phases      ] GC(279) Summary Phase 0.060ms
[112.217s][info][gc,phases,start] GC(279) Adjust Roots
[112.217s][info][gc,phases      ] GC(279) Adjust Roots 0.188ms
[112.217s][info][gc,phases,start] GC(279) Compaction Phase
[112.586s][info][gc,phases      ] GC(279) Compaction Phase 368.736ms
[112.586s][info][gc,phases,start] GC(279) Post Compact
[112.594s][info][gc,phases      ] GC(279) Post Compact 8.203ms
[112.594s][info][gc,heap        ] GC(279) PSYoungGen: 262128K(364544K)->262128K(364544K) Eden: 146431K(146432K)->146431K(146432K) From: 115696K(218112K)->115696K(218112K)
[112.594s][info][gc,heap        ] GC(279) ParOldGen: 5119810K(5120000K)->5119810K(5120000K)
[112.594s][info][gc,metaspace   ] GC(279) Metaspace: 6302K(6464K)->6302K(6464K) NonClass: 5769K(5824K)->5769K(5824K) Class: 533K(640K)->533K(640K)
[112.594s][info][gc             ] GC(279) Pause Full (Ergonomics) 5255M->5255M(5356M) 1609.728ms
[112.594s][info][gc,cpu         ] GC(279) User=11.98s Sys=0.02s Real=1.61s
[112.595s][info][gc,start       ] GC(280) Pause Full (Ergonomics)
[112.595s][info][gc,phases,start] GC(280) Marking Phase
[113.861s][info][gc,phases      ] GC(280) Marking Phase 1265.847ms
[113.861s][info][gc,phases,start] GC(280) Summary Phase
[113.861s][info][gc,phases      ] GC(280) Summary Phase 0.091ms
[113.861s][info][gc,phases,start] GC(280) Adjust Roots
[113.861s][info][gc,phases      ] GC(280) Adjust Roots 0.224ms
[113.861s][info][gc,phases,start] GC(280) Compaction Phase
[114.223s][info][gc,phases      ] GC(280) Compaction Phase 362.500ms
[114.224s][info][gc,phases,start] GC(280) Post Compact
[114.232s][info][gc,phases      ] GC(280) Post Compact 8.436ms
[114.232s][info][gc,heap        ] GC(280) PSYoungGen: 262128K(364544K)->262128K(364544K) Eden: 146431K(146432K)->146431K(146432K) From: 115696K(218112K)->115696K(218112K)
[114.232s][info][gc,heap        ] GC(280) ParOldGen: 5119815K(5120000K)->5119815K(5120000K)
[114.232s][info][gc,metaspace   ] GC(280) Metaspace: 6302K(6464K)->6302K(6464K) NonClass: 5769K(5824K)->5769K(5824K) Class: 533K(640K)->533K(640K)
[114.232s][info][gc             ] GC(280) Pause Full (Ergonomics) 5255M->5255M(5356M) 1637.498ms
[114.232s][info][gc,cpu         ] GC(280) User=12.30s Sys=0.02s Real=1.64s
[114.232s][info][gc,start       ] GC(281) Pause Full (Ergonomics)
[114.232s][info][gc,phases,start] GC(281) Marking Phase
[115.490s][info][gc,phases      ] GC(281) Marking Phase 1257.195ms
[115.490s][info][gc,phases,start] GC(281) Summary Phase
[115.490s][info][gc,phases      ] GC(281) Summary Phase 0.059ms
[115.490s][info][gc,phases,start] GC(281) Adjust Roots
[115.490s][info][gc,phases      ] GC(281) Adjust Roots 0.171ms
[115.490s][info][gc,phases,start] GC(281) Compaction Phase
[115.858s][info][gc,phases      ] GC(281) Compaction Phase 367.901ms
[115.858s][info][gc,phases,start] GC(281) Post Compact
[115.866s][info][gc,phases      ] GC(281) Post Compact 8.205ms
[115.866s][info][gc,heap        ] GC(281) PSYoungGen: 262128K(364544K)->262128K(364544K) Eden: 146431K(146432K)->146431K(146432K) From: 115696K(218112K)->115696K(218112K)
[115.866s][info][gc,heap        ] GC(281) ParOldGen: 5119820K(5120000K)->5119820K(5120000K)
[115.866s][info][gc,metaspace   ] GC(281) Metaspace: 6302K(6464K)->6302K(6464K) NonClass: 5769K(5824K)->5769K(5824K) Class: 533K(640K)->533K(640K)
[115.866s][info][gc             ] GC(281) Pause Full (Ergonomics) 5255M->5255M(5356M) 1633.863ms
[115.866s][info][gc,cpu         ] GC(281) User=12.28s Sys=0.03s Real=1.63s
[115.866s][info][gc,start       ] GC(282) Pause Full (Ergonomics)
[115.866s][info][gc,phases,start] GC(282) Marking Phase
[117.098s][info][gc,phases      ] GC(282) Marking Phase 1231.405ms
[117.098s][info][gc,phases,start] GC(282) Summary Phase
[117.098s][info][gc,phases      ] GC(282) Summary Phase 0.060ms
[117.098s][info][gc,phases,start] GC(282) Adjust Roots
[117.098s][info][gc,phases      ] GC(282) Adjust Roots 0.173ms
[117.098s][info][gc,phases,start] GC(282) Compaction Phase
[117.462s][info][gc,phases      ] GC(282) Compaction Phase 363.508ms
[117.462s][info][gc,phases,start] GC(282) Post Compact
[117.470s][info][gc,phases      ] GC(282) Post Compact 8.168ms
[117.470s][info][gc,heap        ] GC(282) PSYoungGen: 262128K(364544K)->262128K(364544K) Eden: 146431K(146432K)->146431K(146432K) From: 115696K(218112K)->115696K(218112K)
[117.470s][info][gc,heap        ] GC(282) ParOldGen: 5119824K(5120000K)->5119824K(5120000K)
[117.470s][info][gc,metaspace   ] GC(282) Metaspace: 6302K(6464K)->6302K(6464K) NonClass: 5769K(5824K)->5769K(5824K) Class: 533K(640K)->533K(640K)
[117.470s][info][gc             ] GC(282) Pause Full (Ergonomics) 5255M->5255M(5356M) 1603.662ms
[117.470s][info][gc,cpu         ] GC(282) User=12.06s Sys=0.00s Real=1.60s
[117.470s][info][gc,start       ] GC(283) Pause Full (Ergonomics)
[117.470s][info][gc,phases,start] GC(283) Marking Phase
[118.702s][info][gc,phases      ] GC(283) Marking Phase 1231.608ms
[118.702s][info][gc,phases,start] GC(283) Summary Phase
[118.702s][info][gc,phases      ] GC(283) Summary Phase 0.063ms
[118.702s][info][gc,phases,start] GC(283) Adjust Roots
[118.702s][info][gc,phases      ] GC(283) Adjust Roots 0.167ms
[118.702s][info][gc,phases,start] GC(283) Compaction Phase
[119.064s][info][gc,phases      ] GC(283) Compaction Phase 361.422ms
[119.064s][info][gc,phases,start] GC(283) Post Compact
[119.072s][info][gc,phases      ] GC(283) Post Compact 8.220ms
[119.072s][info][gc,heap        ] GC(283) PSYoungGen: 262128K(364544K)->262128K(364544K) Eden: 146431K(146432K)->146431K(146432K) From: 115696K(218112K)->115696K(218112K)
[119.072s][info][gc,heap        ] GC(283) ParOldGen: 5119829K(5120000K)->5119829K(5120000K)
[119.072s][info][gc,metaspace   ] GC(283) Metaspace: 6302K(6464K)->6302K(6464K) NonClass: 5769K(5824K)->5769K(5824K) Class: 533K(640K)->533K(640K)
[119.072s][info][gc             ] GC(283) Pause Full (Ergonomics) 5255M->5255M(5356M) 1601.860ms
[119.072s][info][gc,cpu         ] GC(283) User=11.92s Sys=0.00s Real=1.60s
[119.072s][info][gc,start       ] GC(284) Pause Full (Ergonomics)
[119.072s][info][gc,phases,start] GC(284) Marking Phase
[120.335s][info][gc,phases      ] GC(284) Marking Phase 1262.505ms
[120.335s][info][gc,phases,start] GC(284) Summary Phase
[120.335s][info][gc,phases      ] GC(284) Summary Phase 0.058ms
[120.335s][info][gc,phases,start] GC(284) Adjust Roots
[120.335s][info][gc,phases      ] GC(284) Adjust Roots 0.165ms
[120.335s][info][gc,phases,start] GC(284) Compaction Phase
[120.700s][info][gc,phases      ] GC(284) Compaction Phase 364.518ms
[120.700s][info][gc,phases,start] GC(284) Post Compact
[120.709s][info][gc,phases      ] GC(284) Post Compact 8.736ms
[120.709s][info][gc,heap        ] GC(284) PSYoungGen: 262128K(364544K)->262128K(364544K) Eden: 146431K(146432K)->146431K(146432K) From: 115696K(218112K)->115696K(218112K)
[120.709s][info][gc,heap        ] GC(284) ParOldGen: 5119834K(5120000K)->5119834K(5120000K)
[120.709s][info][gc,metaspace   ] GC(284) Metaspace: 6302K(6464K)->6302K(6464K) NonClass: 5769K(5824K)->5769K(5824K) Class: 533K(640K)->533K(640K)
[120.709s][info][gc             ] GC(284) Pause Full (Ergonomics) 5255M->5255M(5356M) 1636.356ms
[120.709s][info][gc,cpu         ] GC(284) User=12.33s Sys=0.03s Real=1.64s
[120.709s][info][gc,start       ] GC(285) Pause Full (Ergonomics)
[120.709s][info][gc,phases,start] GC(285) Marking Phase
[121.935s][info][gc,phases      ] GC(285) Marking Phase 1226.015ms
[121.935s][info][gc,phases,start] GC(285) Summary Phase
[121.935s][info][gc,phases      ] GC(285) Summary Phase 0.061ms
[121.935s][info][gc,phases,start] GC(285) Adjust Roots
[121.935s][info][gc,phases      ] GC(285) Adjust Roots 0.168ms
[121.935s][info][gc,phases,start] GC(285) Compaction Phase
[122.307s][info][gc,phases      ] GC(285) Compaction Phase 371.372ms
[122.307s][info][gc,phases,start] GC(285) Post Compact
[122.315s][info][gc,phases      ] GC(285) Post Compact 8.276ms
[122.315s][info][gc,heap        ] GC(285) PSYoungGen: 262128K(364544K)->262128K(364544K) Eden: 146431K(146432K)->146431K(146432K) From: 115696K(218112K)->115696K(218112K)
[122.315s][info][gc,heap        ] GC(285) ParOldGen: 5119839K(5120000K)->5119839K(5120000K)
[122.315s][info][gc,metaspace   ] GC(285) Metaspace: 6302K(6464K)->6302K(6464K) NonClass: 5769K(5824K)->5769K(5824K) Class: 533K(640K)->533K(640K)
[122.315s][info][gc             ] GC(285) Pause Full (Ergonomics) 5255M->5255M(5356M) 1606.264ms
[122.315s][info][gc,cpu         ] GC(285) User=12.16s Sys=0.00s Real=1.61s
[122.315s][info][gc,start       ] GC(286) Pause Full (Ergonomics)
[122.316s][info][gc,phases,start] GC(286) Marking Phase
[123.528s][info][gc,phases      ] GC(286) Marking Phase 1212.445ms
[123.528s][info][gc,phases,start] GC(286) Summary Phase
[123.528s][info][gc,phases      ] GC(286) Summary Phase 0.063ms
[123.528s][info][gc,phases,start] GC(286) Adjust Roots
[123.528s][info][gc,phases      ] GC(286) Adjust Roots 0.189ms
[123.528s][info][gc,phases,start] GC(286) Compaction Phase
[123.892s][info][gc,phases      ] GC(286) Compaction Phase 363.720ms
[123.892s][info][gc,phases,start] GC(286) Post Compact
[123.900s][info][gc,phases      ] GC(286) Post Compact 8.306ms
[123.901s][info][gc,heap        ] GC(286) PSYoungGen: 262128K(364544K)->262128K(364544K) Eden: 146431K(146432K)->146431K(146432K) From: 115696K(218112K)->115696K(218112K)
[123.901s][info][gc,heap        ] GC(286) ParOldGen: 5119844K(5120000K)->5119844K(5120000K)
[123.901s][info][gc,metaspace   ] GC(286) Metaspace: 6302K(6464K)->6302K(6464K) NonClass: 5769K(5824K)->5769K(5824K) Class: 533K(640K)->533K(640K)
[123.901s][info][gc             ] GC(286) Pause Full (Ergonomics) 5255M->5255M(5356M) 1585.093ms
[123.901s][info][gc,cpu         ] GC(286) User=12.16s Sys=0.00s Real=1.59s
[123.901s][info][gc,start       ] GC(287) Pause Full (Ergonomics)
[123.901s][info][gc,phases,start] GC(287) Marking Phase
[125.155s][info][gc,phases      ] GC(287) Marking Phase 1254.238ms
[125.155s][info][gc,phases,start] GC(287) Summary Phase
[125.155s][info][gc,phases      ] GC(287) Summary Phase 0.083ms
[125.155s][info][gc,phases,start] GC(287) Adjust Roots
[125.155s][info][gc,phases      ] GC(287) Adjust Roots 0.246ms
[125.155s][info][gc,phases,start] GC(287) Compaction Phase
[125.523s][info][gc,phases      ] GC(287) Compaction Phase 367.173ms
[125.523s][info][gc,phases,start] GC(287) Post Compact
[125.531s][info][gc,phases      ] GC(287) Post Compact 8.194ms
[125.531s][info][gc,heap        ] GC(287) PSYoungGen: 262128K(364544K)->262128K(364544K) Eden: 146431K(146432K)->146431K(146432K) From: 115696K(218112K)->115696K(218112K)
[125.531s][info][gc,heap        ] GC(287) ParOldGen: 5119849K(5120000K)->5119849K(5120000K)
[125.531s][info][gc,metaspace   ] GC(287) Metaspace: 6302K(6464K)->6302K(6464K) NonClass: 5769K(5824K)->5769K(5824K) Class: 533K(640K)->533K(640K)
[125.531s][info][gc             ] GC(287) Pause Full (Ergonomics) 5255M->5255M(5356M) 1630.294ms
[125.531s][info][gc,cpu         ] GC(287) User=12.23s Sys=0.00s Real=1.63s
[125.531s][info][gc,start       ] GC(288) Pause Full (Ergonomics)
[125.531s][info][gc,phases,start] GC(288) Marking Phase
[126.754s][info][gc,phases      ] GC(288) Marking Phase 1222.377ms
[126.754s][info][gc,phases,start] GC(288) Summary Phase
[126.754s][info][gc,phases      ] GC(288) Summary Phase 0.060ms
[126.754s][info][gc,phases,start] GC(288) Adjust Roots
[126.754s][info][gc,phases      ] GC(288) Adjust Roots 0.166ms
[126.754s][info][gc,phases,start] GC(288) Compaction Phase
[127.120s][info][gc,phases      ] GC(288) Compaction Phase 365.649ms
[127.120s][info][gc,phases,start] GC(288) Post Compact
[127.128s][info][gc,phases      ] GC(288) Post Compact 8.426ms
[127.128s][info][gc,heap        ] GC(288) PSYoungGen: 262128K(364544K)->262128K(364544K) Eden: 146431K(146432K)->146431K(146432K) From: 115696K(218112K)->115696K(218112K)
[127.128s][info][gc,heap        ] GC(288) ParOldGen: 5119853K(5120000K)->5119853K(5120000K)
[127.128s][info][gc,metaspace   ] GC(288) Metaspace: 6302K(6464K)->6302K(6464K) NonClass: 5769K(5824K)->5769K(5824K) Class: 533K(640K)->533K(640K)
[127.128s][info][gc             ] GC(288) Pause Full (Ergonomics) 5255M->5255M(5356M) 1597.058ms
[127.128s][info][gc,cpu         ] GC(288) User=11.94s Sys=0.00s Real=1.60s
[127.129s][info][gc,start       ] GC(289) Pause Full (Ergonomics)
[127.129s][info][gc,phases,start] GC(289) Marking Phase
[128.361s][info][gc,phases      ] GC(289) Marking Phase 1232.160ms
[128.361s][info][gc,phases,start] GC(289) Summary Phase
[128.361s][info][gc,phases      ] GC(289) Summary Phase 0.063ms
[128.361s][info][gc,phases,start] GC(289) Adjust Roots
[128.361s][info][gc,phases      ] GC(289) Adjust Roots 0.174ms
[128.361s][info][gc,phases,start] GC(289) Compaction Phase
[128.723s][info][gc,phases      ] GC(289) Compaction Phase 361.978ms
[128.723s][info][gc,phases,start] GC(289) Post Compact
[128.731s][info][gc,phases      ] GC(289) Post Compact 8.232ms
[128.731s][info][gc,heap        ] GC(289) PSYoungGen: 262128K(364544K)->262128K(364544K) Eden: 146431K(146432K)->146431K(146432K) From: 115696K(218112K)->115696K(218112K)
[128.731s][info][gc,heap        ] GC(289) ParOldGen: 5119858K(5120000K)->5119858K(5120000K)
[128.731s][info][gc,metaspace   ] GC(289) Metaspace: 6302K(6464K)->6302K(6464K) NonClass: 5769K(5824K)->5769K(5824K) Class: 533K(640K)->533K(640K)
[128.732s][info][gc             ] GC(289) Pause Full (Ergonomics) 5255M->5255M(5356M) 1602.952ms
[128.732s][info][gc,cpu         ] GC(289) User=12.16s Sys=0.00s Real=1.60s
[128.732s][info][gc,start       ] GC(290) Pause Full (Ergonomics)
[128.732s][info][gc,phases,start] GC(290) Marking Phase
[129.990s][info][gc,phases      ] GC(290) Marking Phase 1258.468ms
[129.990s][info][gc,phases,start] GC(290) Summary Phase
[129.990s][info][gc,phases      ] GC(290) Summary Phase 0.059ms
[129.990s][info][gc,phases,start] GC(290) Adjust Roots
[129.991s][info][gc,phases      ] GC(290) Adjust Roots 0.169ms
[129.991s][info][gc,phases,start] GC(290) Compaction Phase
[130.360s][info][gc,phases      ] GC(290) Compaction Phase 369.023ms
[130.360s][info][gc,phases,start] GC(290) Post Compact
[130.368s][info][gc,phases      ] GC(290) Post Compact 8.207ms
[130.368s][info][gc,heap        ] GC(290) PSYoungGen: 262128K(364544K)->262128K(364544K) Eden: 146431K(146432K)->146431K(146432K) From: 115696K(218112K)->115696K(218112K)
[130.368s][info][gc,heap        ] GC(290) ParOldGen: 5119863K(5120000K)->5119863K(5120000K)
[130.368s][info][gc,metaspace   ] GC(290) Metaspace: 6302K(6464K)->6302K(6464K) NonClass: 5769K(5824K)->5769K(5824K) Class: 533K(640K)->533K(640K)
[130.368s][info][gc             ] GC(290) Pause Full (Ergonomics) 5255M->5255M(5356M) 1636.264ms
[130.368s][info][gc,cpu         ] GC(290) User=12.58s Sys=0.00s Real=1.64s
[130.368s][info][gc,start       ] GC(291) Pause Full (Ergonomics)
[130.368s][info][gc,phases,start] GC(291) Marking Phase
[131.602s][info][gc,phases      ] GC(291) Marking Phase 1233.731ms
[131.602s][info][gc,phases,start] GC(291) Summary Phase
[131.602s][info][gc,phases      ] GC(291) Summary Phase 0.060ms
[131.602s][info][gc,phases,start] GC(291) Adjust Roots
[131.602s][info][gc,phases      ] GC(291) Adjust Roots 0.166ms
[131.602s][info][gc,phases,start] GC(291) Compaction Phase
[131.976s][info][gc,phases      ] GC(291) Compaction Phase 373.726ms
[131.976s][info][gc,phases,start] GC(291) Post Compact
[131.984s][info][gc,phases      ] GC(291) Post Compact 8.243ms
[131.984s][info][gc,heap        ] GC(291) PSYoungGen: 262128K(364544K)->262128K(364544K) Eden: 146431K(146432K)->146431K(146432K) From: 115696K(218112K)->115696K(218112K)
[131.984s][info][gc,heap        ] GC(291) ParOldGen: 5119868K(5120000K)->5119868K(5120000K)
[131.984s][info][gc,metaspace   ] GC(291) Metaspace: 6302K(6464K)->6302K(6464K) NonClass: 5769K(5824K)->5769K(5824K) Class: 533K(640K)->533K(640K)
[131.985s][info][gc             ] GC(291) Pause Full (Ergonomics) 5255M->5255M(5356M) 1616.290ms
[131.985s][info][gc,cpu         ] GC(291) User=12.22s Sys=0.00s Real=1.62s
[131.985s][info][gc,start       ] GC(292) Pause Full (Ergonomics)
[131.985s][info][gc,phases,start] GC(292) Marking Phase
[133.220s][info][gc,phases      ] GC(292) Marking Phase 1234.741ms
[133.220s][info][gc,phases,start] GC(292) Summary Phase
[133.220s][info][gc,phases      ] GC(292) Summary Phase 0.060ms
[133.220s][info][gc,phases,start] GC(292) Adjust Roots
[133.220s][info][gc,phases      ] GC(292) Adjust Roots 0.167ms
[133.220s][info][gc,phases,start] GC(292) Compaction Phase
[133.583s][info][gc,phases      ] GC(292) Compaction Phase 362.833ms
[133.583s][info][gc,phases,start] GC(292) Post Compact
[133.591s][info][gc,phases      ] GC(292) Post Compact 8.222ms
[133.591s][info][gc,heap        ] GC(292) PSYoungGen: 262128K(364544K)->262128K(364544K) Eden: 146431K(146432K)->146431K(146432K) From: 115696K(218112K)->115696K(218112K)
[133.591s][info][gc,heap        ] GC(292) ParOldGen: 5119873K(5120000K)->5119873K(5120000K)
[133.591s][info][gc,metaspace   ] GC(292) Metaspace: 6302K(6464K)->6302K(6464K) NonClass: 5769K(5824K)->5769K(5824K) Class: 533K(640K)->533K(640K)
[133.591s][info][gc             ] GC(292) Pause Full (Ergonomics) 5255M->5255M(5356M) 1606.362ms
[133.591s][info][gc,cpu         ] GC(292) User=12.14s Sys=0.00s Real=1.61s
[133.591s][info][gc,start       ] GC(293) Pause Full (Ergonomics)
[133.591s][info][gc,phases,start] GC(293) Marking Phase
[134.838s][info][gc,phases      ] GC(293) Marking Phase 1246.597ms
[134.838s][info][gc,phases,start] GC(293) Summary Phase
[134.838s][info][gc,phases      ] GC(293) Summary Phase 0.063ms
[134.838s][info][gc,phases,start] GC(293) Adjust Roots
[134.838s][info][gc,phases      ] GC(293) Adjust Roots 0.217ms
[134.838s][info][gc,phases,start] GC(293) Compaction Phase
[135.204s][info][gc,phases      ] GC(293) Compaction Phase 365.253ms
[135.204s][info][gc,phases,start] GC(293) Post Compact
[135.212s][info][gc,phases      ] GC(293) Post Compact 8.252ms
[135.212s][info][gc,heap        ] GC(293) PSYoungGen: 262128K(364544K)->262128K(364544K) Eden: 146431K(146432K)->146431K(146432K) From: 115696K(218112K)->115696K(218112K)
[135.212s][info][gc,heap        ] GC(293) ParOldGen: 5119878K(5120000K)->5119878K(5120000K)
[135.212s][info][gc,metaspace   ] GC(293) Metaspace: 6302K(6464K)->6302K(6464K) NonClass: 5769K(5824K)->5769K(5824K) Class: 533K(640K)->533K(640K)
[135.212s][info][gc             ] GC(293) Pause Full (Ergonomics) 5255M->5255M(5356M) 1620.719ms
[135.212s][info][gc,cpu         ] GC(293) User=12.33s Sys=0.00s Real=1.62s
[135.212s][info][gc,start       ] GC(294) Pause Full (Ergonomics)
[135.212s][info][gc,phases,start] GC(294) Marking Phase
[136.457s][info][gc,phases      ] GC(294) Marking Phase 1244.881ms
[136.457s][info][gc,phases,start] GC(294) Summary Phase
[136.457s][info][gc,phases      ] GC(294) Summary Phase 0.062ms
[136.457s][info][gc,phases,start] GC(294) Adjust Roots
[136.458s][info][gc,phases      ] GC(294) Adjust Roots 0.168ms
[136.458s][info][gc,phases,start] GC(294) Compaction Phase
[136.824s][info][gc,phases      ] GC(294) Compaction Phase 366.449ms
[136.824s][info][gc,phases,start] GC(294) Post Compact
[136.832s][info][gc,phases      ] GC(294) Post Compact 8.434ms
[136.833s][info][gc,heap        ] GC(294) PSYoungGen: 262128K(364544K)->262128K(364544K) Eden: 146431K(146432K)->146431K(146432K) From: 115696K(218112K)->115696K(218112K)
[136.833s][info][gc,heap        ] GC(294) ParOldGen: 5119882K(5120000K)->5119882K(5120000K)
[136.833s][info][gc,metaspace   ] GC(294) Metaspace: 6302K(6464K)->6302K(6464K) NonClass: 5769K(5824K)->5769K(5824K) Class: 533K(640K)->533K(640K)
[136.833s][info][gc             ] GC(294) Pause Full (Ergonomics) 5255M->5255M(5356M) 1620.387ms
[136.833s][info][gc,cpu         ] GC(294) User=12.28s Sys=0.02s Real=1.62s
[136.833s][info][gc,start       ] GC(295) Pause Full (Ergonomics)
[136.833s][info][gc,phases,start] GC(295) Marking Phase
[138.095s][info][gc,phases      ] GC(295) Marking Phase 1261.754ms
[138.095s][info][gc,phases,start] GC(295) Summary Phase
[138.095s][info][gc,phases      ] GC(295) Summary Phase 0.060ms
[138.095s][info][gc,phases,start] GC(295) Adjust Roots
[138.095s][info][gc,phases      ] GC(295) Adjust Roots 0.168ms
[138.095s][info][gc,phases,start] GC(295) Compaction Phase
[138.469s][info][gc,phases      ] GC(295) Compaction Phase 374.266ms
[138.469s][info][gc,phases,start] GC(295) Post Compact
[138.478s][info][gc,phases      ] GC(295) Post Compact 8.319ms
[138.478s][info][gc,heap        ] GC(295) PSYoungGen: 262128K(364544K)->262128K(364544K) Eden: 146431K(146432K)->146431K(146432K) From: 115696K(218112K)->115696K(218112K)
[138.478s][info][gc,heap        ] GC(295) ParOldGen: 5119887K(5120000K)->5119887K(5120000K)
[138.478s][info][gc,metaspace   ] GC(295) Metaspace: 6302K(6464K)->6302K(6464K) NonClass: 5769K(5824K)->5769K(5824K) Class: 533K(640K)->533K(640K)
[138.478s][info][gc             ] GC(295) Pause Full (Ergonomics) 5255M->5255M(5356M) 1644.914ms
[138.478s][info][gc,cpu         ] GC(295) User=12.31s Sys=0.00s Real=1.64s
[138.478s][info][gc,start       ] GC(296) Pause Full (Ergonomics)
[138.478s][info][gc,phases,start] GC(296) Marking Phase
[139.711s][info][gc,phases      ] GC(296) Marking Phase 1232.804ms
[139.711s][info][gc,phases,start] GC(296) Summary Phase
[139.711s][info][gc,phases      ] GC(296) Summary Phase 0.060ms
[139.711s][info][gc,phases,start] GC(296) Adjust Roots
[139.711s][info][gc,phases      ] GC(296) Adjust Roots 0.166ms
[139.711s][info][gc,phases,start] GC(296) Compaction Phase
[140.080s][info][gc,phases      ] GC(296) Compaction Phase 369.046ms
[140.080s][info][gc,phases,start] GC(296) Post Compact
[140.089s][info][gc,phases      ] GC(296) Post Compact 8.227ms
[140.089s][info][gc,heap        ] GC(296) PSYoungGen: 262128K(364544K)->262128K(364544K) Eden: 146431K(146432K)->146431K(146432K) From: 115696K(218112K)->115696K(218112K)
[140.089s][info][gc,heap        ] GC(296) ParOldGen: 5119892K(5120000K)->5119892K(5120000K)
[140.089s][info][gc,metaspace   ] GC(296) Metaspace: 6302K(6464K)->6302K(6464K) NonClass: 5769K(5824K)->5769K(5824K) Class: 533K(640K)->533K(640K)
[140.089s][info][gc             ] GC(296) Pause Full (Ergonomics) 5255M->5255M(5356M) 1610.668ms
[140.089s][info][gc,cpu         ] GC(296) User=12.17s Sys=0.00s Real=1.61s
[140.089s][info][gc,start       ] GC(297) Pause Full (Ergonomics)
[140.089s][info][gc,phases,start] GC(297) Marking Phase
[141.339s][info][gc,phases      ] GC(297) Marking Phase 1249.887ms
[141.339s][info][gc,phases,start] GC(297) Summary Phase
[141.339s][info][gc,phases      ] GC(297) Summary Phase 0.059ms
[141.339s][info][gc,phases,start] GC(297) Adjust Roots
[141.339s][info][gc,phases      ] GC(297) Adjust Roots 0.196ms
[141.339s][info][gc,phases,start] GC(297) Compaction Phase
[141.708s][info][gc,phases      ] GC(297) Compaction Phase 369.090ms
[141.708s][info][gc,phases,start] GC(297) Post Compact
[141.717s][info][gc,phases      ] GC(297) Post Compact 8.271ms
[141.717s][info][gc,heap        ] GC(297) PSYoungGen: 262128K(364544K)->262128K(364544K) Eden: 146431K(146432K)->146431K(146432K) From: 115696K(218112K)->115696K(218112K)
[141.717s][info][gc,heap        ] GC(297) ParOldGen: 5119897K(5120000K)->5119897K(5120000K)
[141.717s][info][gc,metaspace   ] GC(297) Metaspace: 6302K(6464K)->6302K(6464K) NonClass: 5769K(5824K)->5769K(5824K) Class: 533K(640K)->533K(640K)
[141.717s][info][gc             ] GC(297) Pause Full (Ergonomics) 5255M->5255M(5356M) 1627.843ms
[141.717s][info][gc,cpu         ] GC(297) User=12.34s Sys=0.00s Real=1.63s
[141.717s][info][gc,start       ] GC(298) Pause Full (Ergonomics)
[141.717s][info][gc,phases,start] GC(298) Marking Phase
[142.970s][info][gc,phases      ] GC(298) Marking Phase 1252.568ms
[142.970s][info][gc,phases,start] GC(298) Summary Phase
[142.970s][info][gc,phases      ] GC(298) Summary Phase 0.060ms
[142.970s][info][gc,phases,start] GC(298) Adjust Roots
[142.970s][info][gc,phases      ] GC(298) Adjust Roots 0.172ms
[142.970s][info][gc,phases,start] GC(298) Compaction Phase
[143.340s][info][gc,phases      ] GC(298) Compaction Phase 370.530ms
[143.340s][info][gc,phases,start] GC(298) Post Compact
[143.349s][info][gc,phases      ] GC(298) Post Compact 8.268ms
[143.349s][info][gc,heap        ] GC(298) PSYoungGen: 262128K(364544K)->262128K(364544K) Eden: 146431K(146432K)->146431K(146432K) From: 115696K(218112K)->115696K(218112K)
[143.349s][info][gc,heap        ] GC(298) ParOldGen: 5119902K(5120000K)->5119902K(5120000K)
[143.349s][info][gc,metaspace   ] GC(298) Metaspace: 6302K(6464K)->6302K(6464K) NonClass: 5769K(5824K)->5769K(5824K) Class: 533K(640K)->533K(640K)
[143.349s][info][gc             ] GC(298) Pause Full (Ergonomics) 5255M->5255M(5356M) 1631.946ms
[143.349s][info][gc,cpu         ] GC(298) User=12.28s Sys=0.00s Real=1.63s
[143.349s][info][gc,start       ] GC(299) Pause Full (Ergonomics)
[143.349s][info][gc,phases,start] GC(299) Marking Phase
[144.597s][info][gc,phases      ] GC(299) Marking Phase 1248.280ms
[144.597s][info][gc,phases,start] GC(299) Summary Phase
[144.598s][info][gc,phases      ] GC(299) Summary Phase 0.059ms
[144.598s][info][gc,phases,start] GC(299) Adjust Roots
[144.598s][info][gc,phases      ] GC(299) Adjust Roots 0.173ms
[144.598s][info][gc,phases,start] GC(299) Compaction Phase
[144.966s][info][gc,phases      ] GC(299) Compaction Phase 367.887ms
[144.966s][info][gc,phases,start] GC(299) Post Compact
[144.974s][info][gc,phases      ] GC(299) Post Compact 8.272ms
[144.974s][info][gc,heap        ] GC(299) PSYoungGen: 262128K(364544K)->262128K(364544K) Eden: 146431K(146432K)->146431K(146432K) From: 115696K(218112K)->115696K(218112K)
[144.974s][info][gc,heap        ] GC(299) ParOldGen: 5119907K(5120000K)->5119907K(5120000K)
[144.974s][info][gc,metaspace   ] GC(299) Metaspace: 6302K(6464K)->6302K(6464K) NonClass: 5769K(5824K)->5769K(5824K) Class: 533K(640K)->533K(640K)
[144.974s][info][gc             ] GC(299) Pause Full (Ergonomics) 5255M->5255M(5356M) 1625.050ms
[144.974s][info][gc,cpu         ] GC(299) User=12.28s Sys=0.00s Real=1.62s
[144.974s][info][gc,start       ] GC(300) Pause Full (Ergonomics)
[144.974s][info][gc,phases,start] GC(300) Marking Phase
[146.230s][info][gc,phases      ] GC(300) Marking Phase 1255.146ms
[146.230s][info][gc,phases,start] GC(300) Summary Phase
[146.230s][info][gc,phases      ] GC(300) Summary Phase 0.061ms
[146.230s][info][gc,phases,start] GC(300) Adjust Roots
[146.230s][info][gc,phases      ] GC(300) Adjust Roots 0.201ms
[146.230s][info][gc,phases,start] GC(300) Compaction Phase
[146.598s][info][gc,phases      ] GC(300) Compaction Phase 368.465ms
[146.598s][info][gc,phases,start] GC(300) Post Compact
[146.609s][info][gc,phases      ] GC(300) Post Compact 10.634ms
[146.609s][info][gc,heap        ] GC(300) PSYoungGen: 262128K(364544K)->262128K(364544K) Eden: 146431K(146432K)->146431K(146432K) From: 115696K(218112K)->115696K(218112K)
[146.609s][info][gc,heap        ] GC(300) ParOldGen: 5119911K(5120000K)->5119911K(5120000K)
[146.609s][info][gc,metaspace   ] GC(300) Metaspace: 6302K(6464K)->6302K(6464K) NonClass: 5769K(5824K)->5769K(5824K) Class: 533K(640K)->533K(640K)
[146.609s][info][gc             ] GC(300) Pause Full (Ergonomics) 5255M->5255M(5356M) 1634.896ms
[146.609s][info][gc,cpu         ] GC(300) User=12.33s Sys=0.02s Real=1.64s
[146.610s][info][gc,start       ] GC(301) Pause Full (Ergonomics)
[146.610s][info][gc,phases,start] GC(301) Marking Phase
[147.858s][info][gc,phases      ] GC(301) Marking Phase 1248.857ms
[147.858s][info][gc,phases,start] GC(301) Summary Phase
[147.859s][info][gc,phases      ] GC(301) Summary Phase 0.072ms
[147.859s][info][gc,phases,start] GC(301) Adjust Roots
[147.859s][info][gc,phases      ] GC(301) Adjust Roots 0.258ms
[147.859s][info][gc,phases,start] GC(301) Compaction Phase
[148.222s][info][gc,phases      ] GC(301) Compaction Phase 363.394ms
[148.222s][info][gc,phases,start] GC(301) Post Compact
[148.232s][info][gc,phases      ] GC(301) Post Compact 9.503ms
[148.232s][info][gc,heap        ] GC(301) PSYoungGen: 262128K(364544K)->262128K(364544K) Eden: 146431K(146432K)->146431K(146432K) From: 115696K(218112K)->115696K(218112K)
[148.232s][info][gc,heap        ] GC(301) ParOldGen: 5119916K(5120000K)->5119916K(5120000K)
[148.232s][info][gc,metaspace   ] GC(301) Metaspace: 6302K(6464K)->6302K(6464K) NonClass: 5769K(5824K)->5769K(5824K) Class: 533K(640K)->533K(640K)
[148.232s][info][gc             ] GC(301) Pause Full (Ergonomics) 5255M->5255M(5356M) 1622.432ms
[148.232s][info][gc,cpu         ] GC(301) User=12.12s Sys=0.00s Real=1.62s
[148.232s][info][gc,start       ] GC(302) Pause Full (Ergonomics)
[148.232s][info][gc,phases,start] GC(302) Marking Phase
[149.475s][info][gc,phases      ] GC(302) Marking Phase 1242.458ms
[149.475s][info][gc,phases,start] GC(302) Summary Phase
[149.475s][info][gc,phases      ] GC(302) Summary Phase 0.061ms
[149.475s][info][gc,phases,start] GC(302) Adjust Roots
[149.475s][info][gc,phases      ] GC(302) Adjust Roots 0.165ms
[149.475s][info][gc,phases,start] GC(302) Compaction Phase
[149.841s][info][gc,phases      ] GC(302) Compaction Phase 366.386ms
[149.841s][info][gc,phases,start] GC(302) Post Compact
[149.850s][info][gc,phases      ] GC(302) Post Compact 8.311ms
[149.850s][info][gc,heap        ] GC(302) PSYoungGen: 262128K(364544K)->262128K(364544K) Eden: 146431K(146432K)->146431K(146432K) From: 115696K(218112K)->115696K(218112K)
[149.850s][info][gc,heap        ] GC(302) ParOldGen: 5119921K(5120000K)->5119921K(5120000K)
[149.850s][info][gc,metaspace   ] GC(302) Metaspace: 6302K(6464K)->6302K(6464K) NonClass: 5769K(5824K)->5769K(5824K) Class: 533K(640K)->533K(640K)
[149.850s][info][gc             ] GC(302) Pause Full (Ergonomics) 5255M->5255M(5356M) 1617.727ms
[149.850s][info][gc,cpu         ] GC(302) User=12.11s Sys=0.00s Real=1.62s
[149.850s][info][gc,start       ] GC(303) Pause Full (Ergonomics)
[149.850s][info][gc,phases,start] GC(303) Marking Phase
[151.099s][info][gc,phases      ] GC(303) Marking Phase 1248.707ms
[151.099s][info][gc,phases,start] GC(303) Summary Phase
[151.099s][info][gc,phases      ] GC(303) Summary Phase 0.070ms
[151.099s][info][gc,phases,start] GC(303) Adjust Roots
[151.099s][info][gc,phases      ] GC(303) Adjust Roots 0.248ms
[151.099s][info][gc,phases,start] GC(303) Compaction Phase
[151.466s][info][gc,phases      ] GC(303) Compaction Phase 366.653ms
[151.466s][info][gc,phases,start] GC(303) Post Compact
[151.475s][info][gc,phases      ] GC(303) Post Compact 8.844ms
[151.475s][info][gc,heap        ] GC(303) PSYoungGen: 262128K(364544K)->262128K(364544K) Eden: 146431K(146432K)->146431K(146432K) From: 115696K(218112K)->115696K(218112K)
[151.475s][info][gc,heap        ] GC(303) ParOldGen: 5119926K(5120000K)->5119926K(5120000K)
[151.475s][info][gc,metaspace   ] GC(303) Metaspace: 6302K(6464K)->6302K(6464K) NonClass: 5769K(5824K)->5769K(5824K) Class: 533K(640K)->533K(640K)
[151.475s][info][gc             ] GC(303) Pause Full (Ergonomics) 5255M->5255M(5356M) 1624.859ms
[151.475s][info][gc,cpu         ] GC(303) User=12.14s Sys=0.00s Real=1.62s
[151.475s][info][gc,start       ] GC(304) Pause Full (Ergonomics)
[151.475s][info][gc,phases,start] GC(304) Marking Phase
[152.712s][info][gc,phases      ] GC(304) Marking Phase 1236.612ms
[152.712s][info][gc,phases,start] GC(304) Summary Phase
[152.712s][info][gc,phases      ] GC(304) Summary Phase 0.065ms
[152.712s][info][gc,phases,start] GC(304) Adjust Roots
[152.712s][info][gc,phases      ] GC(304) Adjust Roots 0.197ms
[152.712s][info][gc,phases,start] GC(304) Compaction Phase
[153.077s][info][gc,phases      ] GC(304) Compaction Phase 365.325ms
[153.078s][info][gc,phases,start] GC(304) Post Compact
[153.086s][info][gc,phases      ] GC(304) Post Compact 8.218ms
[153.086s][info][gc,heap        ] GC(304) PSYoungGen: 262128K(364544K)->262128K(364544K) Eden: 146431K(146432K)->146431K(146432K) From: 115696K(218112K)->115696K(218112K)
[153.086s][info][gc,heap        ] GC(304) ParOldGen: 5119931K(5120000K)->5119931K(5120000K)
[153.086s][info][gc,metaspace   ] GC(304) Metaspace: 6302K(6464K)->6302K(6464K) NonClass: 5769K(5824K)->5769K(5824K) Class: 533K(640K)->533K(640K)
[153.086s][info][gc             ] GC(304) Pause Full (Ergonomics) 5255M->5255M(5356M) 1610.756ms
[153.086s][info][gc,cpu         ] GC(304) User=12.20s Sys=0.00s Real=1.61s
[153.086s][info][gc,start       ] GC(305) Pause Full (Ergonomics)
[153.086s][info][gc,phases,start] GC(305) Marking Phase
[154.321s][info][gc,phases      ] GC(305) Marking Phase 1235.283ms
[154.322s][info][gc,phases,start] GC(305) Summary Phase
[154.322s][info][gc,phases      ] GC(305) Summary Phase 0.101ms
[154.322s][info][gc,phases,start] GC(305) Adjust Roots
[154.322s][info][gc,phases      ] GC(305) Adjust Roots 0.322ms
[154.322s][info][gc,phases,start] GC(305) Compaction Phase
[154.686s][info][gc,phases      ] GC(305) Compaction Phase 363.458ms
[154.686s][info][gc,phases,start] GC(305) Post Compact
[154.694s][info][gc,phases      ] GC(305) Post Compact 8.352ms
[154.694s][info][gc,heap        ] GC(305) PSYoungGen: 262128K(364544K)->262128K(364544K) Eden: 146431K(146432K)->146431K(146432K) From: 115696K(218112K)->115696K(218112K)
[154.694s][info][gc,heap        ] GC(305) ParOldGen: 5119936K(5120000K)->5119936K(5120000K)
[154.694s][info][gc,metaspace   ] GC(305) Metaspace: 6302K(6464K)->6302K(6464K) NonClass: 5769K(5824K)->5769K(5824K) Class: 533K(640K)->533K(640K)
[154.694s][info][gc             ] GC(305) Pause Full (Ergonomics) 5255M->5255M(5356M) 1608.078ms
[154.694s][info][gc,cpu         ] GC(305) User=12.09s Sys=0.00s Real=1.61s
[154.694s][info][gc,start       ] GC(306) Pause Full (Ergonomics)
[154.694s][info][gc,phases,start] GC(306) Marking Phase
[155.943s][info][gc,phases      ] GC(306) Marking Phase 1248.049ms
[155.943s][info][gc,phases,start] GC(306) Summary Phase
[155.943s][info][gc,phases      ] GC(306) Summary Phase 0.062ms
[155.943s][info][gc,phases,start] GC(306) Adjust Roots
[155.943s][info][gc,phases      ] GC(306) Adjust Roots 0.186ms
[155.943s][info][gc,phases,start] GC(306) Compaction Phase
[156.308s][info][gc,phases      ] GC(306) Compaction Phase 364.704ms
[156.308s][info][gc,phases,start] GC(306) Post Compact
[156.316s][info][gc,phases      ] GC(306) Post Compact 8.393ms
[156.316s][info][gc,heap        ] GC(306) PSYoungGen: 262128K(364544K)->262128K(364544K) Eden: 146431K(146432K)->146431K(146432K) From: 115696K(218112K)->115696K(218112K)
[156.316s][info][gc,heap        ] GC(306) ParOldGen: 5119940K(5120000K)->5119940K(5120000K)
[156.316s][info][gc,metaspace   ] GC(306) Metaspace: 6302K(6464K)->6302K(6464K) NonClass: 5769K(5824K)->5769K(5824K) Class: 533K(640K)->533K(640K)
[156.316s][info][gc             ] GC(306) Pause Full (Ergonomics) 5255M->5255M(5356M) 1621.782ms
[156.316s][info][gc,cpu         ] GC(306) User=12.14s Sys=0.00s Real=1.62s
[156.316s][info][gc,start       ] GC(307) Pause Full (Ergonomics)
[156.316s][info][gc,phases,start] GC(307) Marking Phase
[157.553s][info][gc,phases      ] GC(307) Marking Phase 1236.581ms
[157.553s][info][gc,phases,start] GC(307) Summary Phase
[157.553s][info][gc,phases      ] GC(307) Summary Phase 0.068ms
[157.553s][info][gc,phases,start] GC(307) Adjust Roots
[157.553s][info][gc,phases      ] GC(307) Adjust Roots 0.178ms
[157.553s][info][gc,phases,start] GC(307) Compaction Phase
[157.916s][info][gc,phases      ] GC(307) Compaction Phase 363.058ms
[157.917s][info][gc,phases,start] GC(307) Post Compact
[157.925s][info][gc,phases      ] GC(307) Post Compact 8.228ms
[157.925s][info][gc,heap        ] GC(307) PSYoungGen: 262128K(364544K)->262128K(364544K) Eden: 146431K(146432K)->146431K(146432K) From: 115696K(218112K)->115696K(218112K)
[157.925s][info][gc,heap        ] GC(307) ParOldGen: 5119945K(5120000K)->5119945K(5120000K)
[157.925s][info][gc,metaspace   ] GC(307) Metaspace: 6302K(6464K)->6302K(6464K) NonClass: 5769K(5824K)->5769K(5824K) Class: 533K(640K)->533K(640K)
[157.925s][info][gc             ] GC(307) Pause Full (Ergonomics) 5255M->5255M(5356M) 1608.462ms
[157.925s][info][gc,cpu         ] GC(307) User=12.23s Sys=0.00s Real=1.61s
[157.925s][info][gc,start       ] GC(308) Pause Full (Ergonomics)
[157.925s][info][gc,phases,start] GC(308) Marking Phase
[159.173s][info][gc,phases      ] GC(308) Marking Phase 1248.244ms
[159.174s][info][gc,phases,start] GC(308) Summary Phase
[159.174s][info][gc,phases      ] GC(308) Summary Phase 0.060ms
[159.174s][info][gc,phases,start] GC(308) Adjust Roots
[159.174s][info][gc,phases      ] GC(308) Adjust Roots 0.181ms
[159.174s][info][gc,phases,start] GC(308) Compaction Phase
[159.536s][info][gc,phases      ] GC(308) Compaction Phase 361.997ms
[159.536s][info][gc,phases,start] GC(308) Post Compact
[159.544s][info][gc,phases      ] GC(308) Post Compact 8.298ms
[159.544s][info][gc,heap        ] GC(308) PSYoungGen: 262128K(364544K)->262128K(364544K) Eden: 146431K(146432K)->146431K(146432K) From: 115696K(218112K)->115696K(218112K)
[159.544s][info][gc,heap        ] GC(308) ParOldGen: 5119950K(5120000K)->5119950K(5120000K)
[159.544s][info][gc,metaspace   ] GC(308) Metaspace: 6302K(6464K)->6302K(6464K) NonClass: 5769K(5824K)->5769K(5824K) Class: 533K(640K)->533K(640K)
[159.544s][info][gc             ] GC(308) Pause Full (Ergonomics) 5255M->5255M(5356M) 1619.196ms
[159.544s][info][gc,cpu         ] GC(308) User=12.20s Sys=0.00s Real=1.62s
[159.545s][info][gc,start       ] GC(309) Pause Full (Ergonomics)
[159.545s][info][gc,phases,start] GC(309) Marking Phase
[160.795s][info][gc,phases      ] GC(309) Marking Phase 1250.009ms
[160.795s][info][gc,phases,start] GC(309) Summary Phase
[160.795s][info][gc,phases      ] GC(309) Summary Phase 0.059ms
[160.795s][info][gc,phases,start] GC(309) Adjust Roots
[160.795s][info][gc,phases      ] GC(309) Adjust Roots 0.168ms
[160.795s][info][gc,phases,start] GC(309) Compaction Phase
[161.156s][info][gc,phases      ] GC(309) Compaction Phase 361.215ms
[161.156s][info][gc,phases,start] GC(309) Post Compact
[161.165s][info][gc,phases      ] GC(309) Post Compact 8.389ms
[161.165s][info][gc,heap        ] GC(309) PSYoungGen: 262128K(364544K)->262128K(364544K) Eden: 146431K(146432K)->146431K(146432K) From: 115696K(218112K)->115696K(218112K)
[161.165s][info][gc,heap        ] GC(309) ParOldGen: 5119955K(5120000K)->5119955K(5120000K)
[161.165s][info][gc,metaspace   ] GC(309) Metaspace: 6302K(6464K)->6302K(6464K) NonClass: 5769K(5824K)->5769K(5824K) Class: 533K(640K)->533K(640K)
[161.165s][info][gc             ] GC(309) Pause Full (Ergonomics) 5255M->5255M(5356M) 1620.199ms
[161.165s][info][gc,cpu         ] GC(309) User=12.09s Sys=0.03s Real=1.62s
[161.165s][info][gc,start       ] GC(310) Pause Full (Ergonomics)
[161.165s][info][gc,phases,start] GC(310) Marking Phase
[162.417s][info][gc,phases      ] GC(310) Marking Phase 1251.847ms
[162.417s][info][gc,phases,start] GC(310) Summary Phase
[162.417s][info][gc,phases      ] GC(310) Summary Phase 0.060ms
[162.417s][info][gc,phases,start] GC(310) Adjust Roots
[162.417s][info][gc,phases      ] GC(310) Adjust Roots 0.172ms
[162.417s][info][gc,phases,start] GC(310) Compaction Phase
[162.787s][info][gc,phases      ] GC(310) Compaction Phase 369.395ms
[162.787s][info][gc,phases,start] GC(310) Post Compact
[162.795s][info][gc,phases      ] GC(310) Post Compact 8.345ms
[162.795s][info][gc,heap        ] GC(310) PSYoungGen: 262128K(364544K)->262128K(364544K) Eden: 146431K(146432K)->146431K(146432K) From: 115696K(218112K)->115696K(218112K)
[162.795s][info][gc,heap        ] GC(310) ParOldGen: 5119960K(5120000K)->5119960K(5120000K)
[162.795s][info][gc,metaspace   ] GC(310) Metaspace: 6302K(6464K)->6302K(6464K) NonClass: 5769K(5824K)->5769K(5824K) Class: 533K(640K)->533K(640K)
[162.795s][info][gc             ] GC(310) Pause Full (Ergonomics) 5255M->5255M(5356M) 1630.148ms
[162.795s][info][gc,cpu         ] GC(310) User=12.47s Sys=0.00s Real=1.63s
[162.795s][info][gc,start       ] GC(311) Pause Full (Ergonomics)
[162.796s][info][gc,phases,start] GC(311) Marking Phase
[164.065s][info][gc,phases      ] GC(311) Marking Phase 1269.747ms
[164.065s][info][gc,phases,start] GC(311) Summary Phase
[164.065s][info][gc,phases      ] GC(311) Summary Phase 0.060ms
[164.065s][info][gc,phases,start] GC(311) Adjust Roots
[164.066s][info][gc,phases      ] GC(311) Adjust Roots 0.164ms
[164.066s][info][gc,phases,start] GC(311) Compaction Phase
[164.440s][info][gc,phases      ] GC(311) Compaction Phase 374.072ms
[164.440s][info][gc,phases,start] GC(311) Post Compact
[164.448s][info][gc,phases      ] GC(311) Post Compact 8.468ms
[164.448s][info][gc,heap        ] GC(311) PSYoungGen: 262128K(364544K)->262128K(364544K) Eden: 146431K(146432K)->146431K(146432K) From: 115696K(218112K)->115696K(218112K)
[164.448s][info][gc,heap        ] GC(311) ParOldGen: 5119965K(5120000K)->5119965K(5120000K)
[164.448s][info][gc,metaspace   ] GC(311) Metaspace: 6302K(6464K)->6302K(6464K) NonClass: 5769K(5824K)->5769K(5824K) Class: 533K(640K)->533K(640K)
[164.448s][info][gc             ] GC(311) Pause Full (Ergonomics) 5255M->5255M(5356M) 1652.854ms
[164.448s][info][gc,cpu         ] GC(311) User=12.42s Sys=0.03s Real=1.65s
[164.449s][info][gc,start       ] GC(312) Pause Full (Ergonomics)
[164.449s][info][gc,phases,start] GC(312) Marking Phase
[165.697s][info][gc,phases      ] GC(312) Marking Phase 1248.770ms
[165.697s][info][gc,phases,start] GC(312) Summary Phase
[165.698s][info][gc,phases      ] GC(312) Summary Phase 0.069ms
[165.698s][info][gc,phases,start] GC(312) Adjust Roots
[165.698s][info][gc,phases      ] GC(312) Adjust Roots 0.203ms
[165.698s][info][gc,phases,start] GC(312) Compaction Phase
[166.062s][info][gc,phases      ] GC(312) Compaction Phase 364.689ms
[166.063s][info][gc,phases,start] GC(312) Post Compact
[166.071s][info][gc,phases      ] GC(312) Post Compact 8.320ms
[166.071s][info][gc,heap        ] GC(312) PSYoungGen: 262128K(364544K)->262128K(364544K) Eden: 146431K(146432K)->146431K(146432K) From: 115696K(218112K)->115696K(218112K)
[166.071s][info][gc,heap        ] GC(312) ParOldGen: 5119969K(5120000K)->5119969K(5120000K)
[166.071s][info][gc,metaspace   ] GC(312) Metaspace: 6302K(6464K)->6302K(6464K) NonClass: 5769K(5824K)->5769K(5824K) Class: 533K(640K)->533K(640K)
[166.071s][info][gc             ] GC(312) Pause Full (Ergonomics) 5255M->5255M(5356M) 1622.409ms
[166.071s][info][gc,cpu         ] GC(312) User=12.42s Sys=0.02s Real=1.62s
[166.071s][info][gc,start       ] GC(313) Pause Full (Ergonomics)
[166.071s][info][gc,phases,start] GC(313) Marking Phase
[167.293s][info][gc,phases      ] GC(313) Marking Phase 1221.527ms
[167.293s][info][gc,phases,start] GC(313) Summary Phase
[167.293s][info][gc,phases      ] GC(313) Summary Phase 0.060ms
[167.293s][info][gc,phases,start] GC(313) Adjust Roots
[167.293s][info][gc,phases      ] GC(313) Adjust Roots 0.175ms
[167.293s][info][gc,phases,start] GC(313) Compaction Phase
[167.658s][info][gc,phases      ] GC(313) Compaction Phase 364.425ms
[167.658s][info][gc,phases,start] GC(313) Post Compact
[167.666s][info][gc,phases      ] GC(313) Post Compact 8.150ms
[167.666s][info][gc,heap        ] GC(313) PSYoungGen: 262128K(364544K)->262128K(364544K) Eden: 146431K(146432K)->146431K(146432K) From: 115696K(218112K)->115696K(218112K)
[167.666s][info][gc,heap        ] GC(313) ParOldGen: 5119974K(5120000K)->5119974K(5120000K)
[167.666s][info][gc,metaspace   ] GC(313) Metaspace: 6302K(6464K)->6302K(6464K) NonClass: 5769K(5824K)->5769K(5824K) Class: 533K(640K)->533K(640K)
[167.666s][info][gc             ] GC(313) Pause Full (Ergonomics) 5255M->5255M(5356M) 1594.669ms
[167.666s][info][gc,cpu         ] GC(313) User=12.12s Sys=0.00s Real=1.60s
[167.666s][info][gc,start       ] GC(314) Pause Full (Ergonomics)
[167.666s][info][gc,phases,start] GC(314) Marking Phase
[168.915s][info][gc,phases      ] GC(314) Marking Phase 1248.702ms
[168.915s][info][gc,phases,start] GC(314) Summary Phase
[168.915s][info][gc,phases      ] GC(314) Summary Phase 0.059ms
[168.915s][info][gc,phases,start] GC(314) Adjust Roots
[168.915s][info][gc,phases      ] GC(314) Adjust Roots 0.164ms
[168.915s][info][gc,phases,start] GC(314) Compaction Phase
[169.277s][info][gc,phases      ] GC(314) Compaction Phase 361.692ms
[169.277s][info][gc,phases,start] GC(314) Post Compact
[169.285s][info][gc,phases      ] GC(314) Post Compact 8.186ms
[169.285s][info][gc,heap        ] GC(314) PSYoungGen: 262128K(364544K)->262128K(364544K) Eden: 146431K(146432K)->146431K(146432K) From: 115696K(218112K)->115696K(218112K)
[169.285s][info][gc,heap        ] GC(314) ParOldGen: 5119979K(5120000K)->5119979K(5120000K)
[169.285s][info][gc,metaspace   ] GC(314) Metaspace: 6302K(6464K)->6302K(6464K) NonClass: 5769K(5824K)->5769K(5824K) Class: 533K(640K)->533K(640K)
[169.285s][info][gc             ] GC(314) Pause Full (Ergonomics) 5255M->5255M(5356M) 1619.184ms
[169.285s][info][gc,cpu         ] GC(314) User=12.30s Sys=0.00s Real=1.62s
[169.285s][info][gc,start       ] GC(315) Pause Full (Ergonomics)
[169.286s][info][gc,phases,start] GC(315) Marking Phase
[170.538s][info][gc,phases      ] GC(315) Marking Phase 1252.529ms
[170.538s][info][gc,phases,start] GC(315) Summary Phase
[170.538s][info][gc,phases      ] GC(315) Summary Phase 0.060ms
[170.538s][info][gc,phases,start] GC(315) Adjust Roots
[170.538s][info][gc,phases      ] GC(315) Adjust Roots 0.176ms
[170.538s][info][gc,phases,start] GC(315) Compaction Phase
[170.908s][info][gc,phases      ] GC(315) Compaction Phase 369.808ms
[170.908s][info][gc,phases,start] GC(315) Post Compact
[170.917s][info][gc,phases      ] GC(315) Post Compact 8.282ms
[170.917s][info][gc,heap        ] GC(315) PSYoungGen: 262128K(364544K)->262128K(364544K) Eden: 146431K(146432K)->146431K(146432K) From: 115696K(218112K)->115696K(218112K)
[170.917s][info][gc,heap        ] GC(315) ParOldGen: 5119984K(5120000K)->5119984K(5120000K)
[170.917s][info][gc,metaspace   ] GC(315) Metaspace: 6302K(6464K)->6302K(6464K) NonClass: 5769K(5824K)->5769K(5824K) Class: 533K(640K)->533K(640K)
[170.917s][info][gc             ] GC(315) Pause Full (Ergonomics) 5255M->5255M(5356M) 1631.194ms
[170.917s][info][gc,cpu         ] GC(315) User=12.53s Sys=0.00s Real=1.63s
[170.917s][info][gc,start       ] GC(316) Pause Full (Ergonomics)
[170.917s][info][gc,phases,start] GC(316) Marking Phase
[172.187s][info][gc,phases      ] GC(316) Marking Phase 1270.434ms
[172.187s][info][gc,phases,start] GC(316) Summary Phase
[172.188s][info][gc,phases      ] GC(316) Summary Phase 0.059ms
[172.188s][info][gc,phases,start] GC(316) Adjust Roots
[172.188s][info][gc,phases      ] GC(316) Adjust Roots 0.166ms
[172.188s][info][gc,phases,start] GC(316) Compaction Phase
[172.553s][info][gc,phases      ] GC(316) Compaction Phase 365.094ms
[172.553s][info][gc,phases,start] GC(316) Post Compact
[172.562s][info][gc,phases      ] GC(316) Post Compact 8.762ms
[172.562s][info][gc,heap        ] GC(316) PSYoungGen: 262128K(364544K)->262128K(364544K) Eden: 146431K(146432K)->146431K(146432K) From: 115696K(218112K)->115696K(218112K)
[172.562s][info][gc,heap        ] GC(316) ParOldGen: 5119989K(5120000K)->5119989K(5120000K)
[172.562s][info][gc,metaspace   ] GC(316) Metaspace: 6302K(6464K)->6302K(6464K) NonClass: 5769K(5824K)->5769K(5824K) Class: 533K(640K)->533K(640K)
[172.562s][info][gc             ] GC(316) Pause Full (Ergonomics) 5255M->5255M(5356M) 1644.880ms
[172.562s][info][gc,cpu         ] GC(316) User=12.28s Sys=0.00s Real=1.64s
[172.562s][info][gc,start       ] GC(317) Pause Full (Ergonomics)
[172.562s][info][gc,phases,start] GC(317) Marking Phase
[173.783s][info][gc,phases      ] GC(317) Marking Phase 1220.887ms
[173.783s][info][gc,phases,start] GC(317) Summary Phase
[173.783s][info][gc,phases      ] GC(317) Summary Phase 0.059ms
[173.783s][info][gc,phases,start] GC(317) Adjust Roots
[173.783s][info][gc,phases      ] GC(317) Adjust Roots 0.164ms
[173.783s][info][gc,phases,start] GC(317) Compaction Phase
[174.148s][info][gc,phases      ] GC(317) Compaction Phase 364.451ms
[174.148s][info][gc,phases,start] GC(317) Post Compact
[174.156s][info][gc,phases      ] GC(317) Post Compact 8.329ms
[174.156s][info][gc,heap        ] GC(317) PSYoungGen: 262128K(364544K)->262128K(364544K) Eden: 146431K(146432K)->146431K(146432K) From: 115696K(218112K)->115696K(218112K)
[174.156s][info][gc,heap        ] GC(317) ParOldGen: 5119994K(5120000K)->5119994K(5120000K)
[174.156s][info][gc,metaspace   ] GC(317) Metaspace: 6302K(6464K)->6302K(6464K) NonClass: 5769K(5824K)->5769K(5824K) Class: 533K(640K)->533K(640K)
[174.156s][info][gc             ] GC(317) Pause Full (Ergonomics) 5255M->5255M(5356M) 1594.272ms
[174.156s][info][gc,cpu         ] GC(317) User=12.09s Sys=0.00s Real=1.59s
[174.157s][info][gc,start       ] GC(318) Pause Full (Ergonomics)
[174.157s][info][gc,phases,start] GC(318) Marking Phase
[175.408s][info][gc,phases      ] GC(318) Marking Phase 1251.010ms
[175.408s][info][gc,phases,start] GC(318) Summary Phase
[175.408s][info][gc,phases      ] GC(318) Summary Phase 0.060ms
[175.408s][info][gc,phases,start] GC(318) Adjust Roots
[175.408s][info][gc,phases      ] GC(318) Adjust Roots 0.173ms
[175.408s][info][gc,phases,start] GC(318) Compaction Phase
[175.780s][info][gc,phases      ] GC(318) Compaction Phase 371.624ms
[175.780s][info][gc,phases,start] GC(318) Post Compact
[175.788s][info][gc,phases      ] GC(318) Post Compact 8.206ms
[175.788s][info][gc,heap        ] GC(318) PSYoungGen: 262128K(364544K)->262128K(364544K) Eden: 146431K(146432K)->146431K(146432K) From: 115696K(218112K)->115696K(218112K)
[175.788s][info][gc,heap        ] GC(318) ParOldGen: 5119998K(5120000K)->5119998K(5120000K)
[175.788s][info][gc,metaspace   ] GC(318) Metaspace: 6302K(6464K)->6302K(6464K) NonClass: 5769K(5824K)->5769K(5824K) Class: 533K(640K)->533K(640K)
[175.788s][info][gc             ] GC(318) Pause Full (Ergonomics) 5255M->5255M(5356M) 1631.428ms
[175.788s][info][gc,cpu         ] GC(318) User=12.28s Sys=0.02s Real=1.63s
[175.788s][info][gc,start       ] GC(319) Pause Full (Ergonomics)
[175.788s][info][gc,phases,start] GC(319) Marking Phase
[177.011s][info][gc,phases      ] GC(319) Marking Phase 1222.601ms
[177.011s][info][gc,phases,start] GC(319) Summary Phase
[177.011s][info][gc,phases      ] GC(319) Summary Phase 0.059ms
[177.011s][info][gc,phases,start] GC(319) Adjust Roots
[177.011s][info][gc,phases      ] GC(319) Adjust Roots 0.168ms
[177.011s][info][gc,phases,start] GC(319) Compaction Phase
[177.384s][info][gc,phases      ] GC(319) Compaction Phase 372.647ms
[177.384s][info][gc,phases,start] GC(319) Post Compact
[177.392s][info][gc,phases      ] GC(319) Post Compact 8.326ms
[177.392s][info][gc,heap        ] GC(319) PSYoungGen: 262128K(364544K)->262128K(364544K) Eden: 146431K(146432K)->146431K(146432K) From: 115696K(218112K)->115696K(218112K)
[177.392s][info][gc,heap        ] GC(319) ParOldGen: 5119999K(5120000K)->5119999K(5120000K)
[177.392s][info][gc,metaspace   ] GC(319) Metaspace: 6302K(6464K)->6302K(6464K) NonClass: 5769K(5824K)->5769K(5824K) Class: 533K(640K)->533K(640K)
[177.392s][info][gc             ] GC(319) Pause Full (Ergonomics) 5255M->5255M(5356M) 1604.153ms
[177.392s][info][gc,cpu         ] GC(319) User=12.19s Sys=0.00s Real=1.60s
[177.392s][info][gc,start       ] GC(320) Pause Full (Allocation Failure)
[177.392s][info][gc,phases,start] GC(320) Marking Phase
[178.616s][info][gc,phases      ] GC(320) Marking Phase 1223.617ms
[178.616s][info][gc,phases,start] GC(320) Summary Phase
[178.616s][info][gc,phases      ] GC(320) Summary Phase 0.061ms
[178.616s][info][gc,phases,start] GC(320) Adjust Roots
[178.617s][info][gc,phases      ] GC(320) Adjust Roots 0.371ms
[178.617s][info][gc,phases,start] GC(320) Compaction Phase
[179.926s][info][gc,phases      ] GC(320) Compaction Phase 1309.768ms
[179.926s][info][gc,phases,start] GC(320) Post Compact
[179.935s][info][gc,phases      ] GC(320) Post Compact 8.524ms
[179.935s][info][gc,heap        ] GC(320) PSYoungGen: 262128K(364544K)->262128K(364544K) Eden: 146431K(146432K)->146431K(146432K) From: 115696K(218112K)->115696K(218112K)
[179.935s][info][gc,heap        ] GC(320) ParOldGen: 5119999K(5120000K)->5119995K(5120000K)
[179.935s][info][gc,metaspace   ] GC(320) Metaspace: 6302K(6464K)->6300K(6464K) NonClass: 5769K(5824K)->5767K(5824K) Class: 533K(640K)->532K(640K)
[179.935s][info][gc             ] GC(320) Pause Full (Allocation Failure) 5255M->5255M(5356M) 2542.723ms
[179.935s][info][gc,cpu         ] GC(320) User=19.09s Sys=0.00s Real=2.54s
[179.936s][info][gc,start       ] GC(321) Pause Full (Ergonomics)
[179.936s][info][gc,phases,start] GC(321) Marking Phase
[181.169s][info][gc,phases      ] GC(321) Marking Phase 1233.686ms
[181.169s][info][gc,phases,start] GC(321) Summary Phase
[181.169s][info][gc,phases      ] GC(321) Summary Phase 0.064ms
[181.169s][info][gc,phases,start] GC(321) Adjust Roots
[181.170s][info][gc,phases      ] GC(321) Adjust Roots 0.167ms
[181.170s][info][gc,phases,start] GC(321) Compaction Phase
[181.550s][info][gc,phases      ] GC(321) Compaction Phase 380.670ms
[181.550s][info][gc,phases,start] GC(321) Post Compact
[181.559s][info][gc,phases      ] GC(321) Post Compact 8.162ms
[181.559s][info][gc,heap        ] GC(321) PSYoungGen: 262128K(364544K)->262128K(364544K) Eden: 146431K(146432K)->146431K(146432K) From: 115696K(218112K)->115696K(218112K)
[181.559s][info][gc,heap        ] GC(321) ParOldGen: 5119999K(5120000K)->5119999K(5120000K)
[181.559s][info][gc,metaspace   ] GC(321) Metaspace: 6300K(6464K)->6300K(6464K) NonClass: 5767K(5824K)->5767K(5824K) Class: 532K(640K)->532K(640K)
[181.559s][info][gc             ] GC(321) Pause Full (Ergonomics) 5255M->5255M(5356M) 1623.090ms
[181.559s][info][gc,cpu         ] GC(321) User=12.25s Sys=0.00s Real=1.62s
[181.559s][info][gc,start       ] GC(322) Pause Full (Ergonomics)
[181.559s][info][gc,phases,start] GC(322) Marking Phase
[182.782s][info][gc,phases      ] GC(322) Marking Phase 1222.675ms
[182.782s][info][gc,phases,start] GC(322) Summary Phase
[182.782s][info][gc,phases      ] GC(322) Summary Phase 0.060ms
[182.782s][info][gc,phases,start] GC(322) Adjust Roots
[182.782s][info][gc,phases      ] GC(322) Adjust Roots 0.167ms
[182.782s][info][gc,phases,start] GC(322) Compaction Phase
[183.156s][info][gc,phases      ] GC(322) Compaction Phase 374.040ms
[183.156s][info][gc,phases,start] GC(322) Post Compact
[183.164s][info][gc,phases      ] GC(322) Post Compact 8.174ms
[183.165s][info][gc,heap        ] GC(322) PSYoungGen: 262128K(364544K)->262128K(364544K) Eden: 146431K(146432K)->146431K(146432K) From: 115696K(218112K)->115696K(218112K)
[183.165s][info][gc,heap        ] GC(322) ParOldGen: 5119999K(5120000K)->5119999K(5120000K)
[183.165s][info][gc,metaspace   ] GC(322) Metaspace: 6300K(6464K)->6300K(6464K) NonClass: 5767K(5824K)->5767K(5824K) Class: 532K(640K)->532K(640K)
[183.165s][info][gc             ] GC(322) Pause Full (Ergonomics) 5255M->5255M(5356M) 1605.464ms
[183.165s][info][gc,cpu         ] GC(322) User=12.11s Sys=0.00s Real=1.61s
[183.165s][info][gc,start       ] GC(323) Pause Full (Allocation Failure)
[183.165s][info][gc,phases,start] GC(323) Marking Phase
[184.441s][info][gc,phases      ] GC(323) Marking Phase 1275.876ms
[184.441s][info][gc,phases,start] GC(323) Summary Phase
[184.441s][info][gc,phases      ] GC(323) Summary Phase 0.060ms
[184.441s][info][gc,phases,start] GC(323) Adjust Roots
[184.441s][info][gc,phases      ] GC(323) Adjust Roots 0.167ms
[184.441s][info][gc,phases,start] GC(323) Compaction Phase
[184.816s][info][gc,phases      ] GC(323) Compaction Phase 374.877ms
[184.816s][info][gc,phases,start] GC(323) Post Compact
[184.824s][info][gc,phases      ] GC(323) Post Compact 8.523ms
[184.824s][info][gc,heap        ] GC(323) PSYoungGen: 262128K(364544K)->262128K(364544K) Eden: 146431K(146432K)->146431K(146432K) From: 115696K(218112K)->115696K(218112K)
[184.824s][info][gc,heap        ] GC(323) ParOldGen: 5119999K(5120000K)->5119999K(5120000K)
[184.824s][info][gc,metaspace   ] GC(323) Metaspace: 6300K(6464K)->6300K(6464K) NonClass: 5767K(5824K)->5767K(5824K) Class: 532K(640K)->532K(640K)
[184.825s][info][gc             ] GC(323) Pause Full (Allocation Failure) 5255M->5255M(5356M) 1659.843ms
[184.825s][info][gc,cpu         ] GC(323) User=12.44s Sys=0.00s Real=1.66s
[184.825s][info][gc,start       ] GC(324) Pause Full (Ergonomics)
[184.825s][info][gc,phases,start] GC(324) Marking Phase
[186.070s][info][gc,phases      ] GC(324) Marking Phase 1245.155ms
[186.070s][info][gc,phases,start] GC(324) Summary Phase
[186.070s][info][gc,phases      ] GC(324) Summary Phase 0.066ms
[186.070s][info][gc,phases,start] GC(324) Adjust Roots
[186.071s][info][gc,phases      ] GC(324) Adjust Roots 0.264ms
[186.071s][info][gc,phases,start] GC(324) Compaction Phase
[187.394s][info][gc,phases      ] GC(324) Compaction Phase 1323.021ms
[187.394s][info][gc,phases,start] GC(324) Post Compact
[187.402s][info][gc,phases      ] GC(324) Post Compact 8.441ms
[187.402s][info][gc,heap        ] GC(324) PSYoungGen: 262128K(364544K)->262128K(364544K) Eden: 146431K(146432K)->146431K(146432K) From: 115696K(218112K)->115696K(218112K)
[187.402s][info][gc,heap        ] GC(324) ParOldGen: 5119999K(5120000K)->5119998K(5120000K)
[187.402s][info][gc,metaspace   ] GC(324) Metaspace: 6300K(6464K)->6300K(6464K) NonClass: 5767K(5824K)->5767K(5824K) Class: 532K(640K)->532K(640K)
[187.402s][info][gc             ] GC(324) Pause Full (Ergonomics) 5255M->5255M(5356M) 2577.301ms
[187.402s][info][gc,cpu         ] GC(324) User=19.28s Sys=0.02s Real=2.58s
[187.403s][info][gc,start       ] GC(325) Pause Full (Ergonomics)
[187.403s][info][gc,phases,start] GC(325) Marking Phase
[188.626s][info][gc,phases      ] GC(325) Marking Phase 1222.653ms
[188.626s][info][gc,phases,start] GC(325) Summary Phase
[188.626s][info][gc,phases      ] GC(325) Summary Phase 0.061ms
[188.626s][info][gc,phases,start] GC(325) Adjust Roots
[188.627s][info][gc,phases      ] GC(325) Adjust Roots 0.246ms
[188.627s][info][gc,phases,start] GC(325) Compaction Phase
[189.954s][info][gc,phases      ] GC(325) Compaction Phase 1327.147ms
[189.954s][info][gc,phases,start] GC(325) Post Compact
[189.962s][info][gc,phases      ] GC(325) Post Compact 8.549ms
[189.962s][info][gc,heap        ] GC(325) PSYoungGen: 262128K(364544K)->262128K(364544K) Eden: 146432K(146432K)->146432K(146432K) From: 115696K(218112K)->115696K(218112K)
[189.962s][info][gc,heap        ] GC(325) ParOldGen: 5119999K(5120000K)->5119997K(5120000K)
[189.962s][info][gc,metaspace   ] GC(325) Metaspace: 6302K(6528K)->6302K(6528K) NonClass: 5768K(5888K)->5768K(5888K) Class: 533K(640K)->533K(640K)
[189.962s][info][gc             ] GC(325) Pause Full (Ergonomics) 5255M->5255M(5356M) 2559.067ms
[189.963s][info][gc,cpu         ] GC(325) User=19.19s Sys=0.00s Real=2.56s
[189.963s][info][gc,heap,exit   ] Heap
[189.963s][info][gc,heap,exit   ]  PSYoungGen      total 364544K, used 262128K [0x0000000763c00000, 0x0000000789580000, 0x0000000800000000)
[189.963s][info][gc,heap,exit   ]   eden space 146432K, 100% used [0x0000000763c00000,0x000000076cb00000,0x000000076cb00000)
[189.963s][info][gc,heap,exit   ]   from space 218112K, 53% used [0x000000077a880000,0x000000078197c1b0,0x0000000787d80000)
[189.963s][info][gc,heap,exit   ]   to   space 226816K, 0% used [0x000000076cb00000,0x000000076cb00000,0x000000077a880000)
[189.963s][info][gc,heap,exit   ]  ParOldGen       total 5120000K, used 5119997K [0x000000062b400000, 0x0000000763c00000, 0x0000000763c00000)
[189.963s][info][gc,heap,exit   ]   object space 5120000K, 99% used [0x000000062b400000,0x0000000763bff7d8,0x0000000763c00000)
[189.963s][info][gc,heap,exit   ]  Metaspace       used 6305K, committed 6528K, reserved 1114112K
[189.963s][info][gc,heap,exit   ]   class space    used 534K, committed 640K, reserved 1048576K
