[0.013s][info][gc,init] CardTable entry size: 512
[0.014s][info][gc     ] Using Parallel
[0.014s][info][gc,init] Version: 18.0.1+10 (release)
[0.014s][info][gc,init] CPUs: 8 total, 8 available
[0.014s][info][gc,init] Memory: 16063M
[0.014s][info][gc,init] Large Page Support: Disabled
[0.014s][info][gc,init] NUMA Support: Disabled
[0.014s][info][gc,init] Compressed Oops: Enabled (Zero based)
[0.014s][info][gc,init] Alignments: Space 512K, Generation 512K, Heap 2M
[0.015s][info][gc,init] Heap Min Capacity: 2M
[0.015s][info][gc,init] Heap Initial Capacity: 2M
[0.015s][info][gc,init] Heap Max Capacity: 2600M
[0.015s][info][gc,init] Pre-touch: Disabled
[0.015s][info][gc,init] Parallel Workers: 8
[0.015s][info][gc,metaspace] CDS archive(s) not mapped
[0.015s][info][gc,metaspace] Compressed class space mapped at: 0x0000000800000000-0x0000000840000000, reserved size: 1073741824
[0.015s][info][gc,metaspace] Narrow klass base: 0x0000000800000000, Narrow klass shift: 0, Narrow klass range: 0x40000000
[0.118s][info][gc,start    ] GC(0) Pause Young (Allocation Failure)
[0.119s][info][gc,heap     ] GC(0) PSYoungGen: 512K(1024K)->480K(1024K) Eden: 512K(512K)->0K(512K) From: 0K(512K)->480K(512K)
[0.119s][info][gc,heap     ] GC(0) ParOldGen: 0K(512K)->8K(512K)
[0.119s][info][gc,metaspace] GC(0) Metaspace: 4230K(4352K)->4230K(4352K) NonClass: 3909K(3968K)->3909K(3968K) Class: 321K(384K)->321K(384K)
[0.119s][info][gc          ] GC(0) Pause Young (Allocation Failure) 0M->0M(1M) 1.547ms
[0.119s][info][gc,cpu      ] GC(0) User=0.00s Sys=0.00s Real=0.00s
[0.190s][info][gc,start    ] GC(1) Pause Young (Allocation Failure)
[0.191s][info][gc,heap     ] GC(1) PSYoungGen: 991K(1024K)->512K(1536K) Eden: 511K(512K)->0K(1024K) From: 480K(512K)->512K(512K)
[0.191s][info][gc,heap     ] GC(1) ParOldGen: 8K(512K)->88K(512K)
[0.191s][info][gc,metaspace] GC(1) Metaspace: 5878K(6016K)->5878K(6016K) NonClass: 5381K(5504K)->5381K(5504K) Class: 496K(512K)->496K(512K)
[0.191s][info][gc          ] GC(1) Pause Young (Allocation Failure) 0M->0M(2M) 1.033ms
[0.191s][info][gc,cpu      ] GC(1) User=0.00s Sys=0.00s Real=0.00s
[0.213s][info][gc,start    ] GC(2) Pause Young (Allocation Failure)
[0.214s][info][gc,heap     ] GC(2) PSYoungGen: 1536K(1536K)->512K(1536K) Eden: 1024K(1024K)->0K(1024K) From: 512K(512K)->512K(512K)
[0.214s][info][gc,heap     ] GC(2) ParOldGen: 88K(512K)->500K(512K)
[0.214s][info][gc,metaspace] GC(2) Metaspace: 6296K(6464K)->6296K(6464K) NonClass: 5762K(5824K)->5762K(5824K) Class: 533K(640K)->533K(640K)
[0.214s][info][gc          ] GC(2) Pause Young (Allocation Failure) 1M->0M(2M) 1.326ms
[0.214s][info][gc,cpu      ] GC(2) User=0.00s Sys=0.00s Real=0.00s
[0.214s][info][gc,start    ] GC(3) Pause Full (Ergonomics)
[0.214s][info][gc,phases,start] GC(3) Marking Phase
[0.215s][info][gc,phases      ] GC(3) Marking Phase 0.887ms
[0.215s][info][gc,phases,start] GC(3) Summary Phase
[0.215s][info][gc,phases      ] GC(3) Summary Phase 0.016ms
[0.215s][info][gc,phases,start] GC(3) Adjust Roots
[0.215s][info][gc,phases      ] GC(3) Adjust Roots 0.344ms
[0.216s][info][gc,phases,start] GC(3) Compaction Phase
[0.217s][info][gc,phases      ] GC(3) Compaction Phase 1.276ms
[0.217s][info][gc,phases,start] GC(3) Post Compact
[0.217s][info][gc,phases      ] GC(3) Post Compact 0.081ms
[0.217s][info][gc,heap        ] GC(3) PSYoungGen: 512K(1536K)->508K(1536K) Eden: 0K(1024K)->0K(1024K) From: 512K(512K)->508K(512K)
[0.217s][info][gc,heap        ] GC(3) ParOldGen: 500K(512K)->472K(2048K)
[0.217s][info][gc,metaspace   ] GC(3) Metaspace: 6296K(6464K)->6296K(6464K) NonClass: 5762K(5824K)->5762K(5824K) Class: 533K(640K)->533K(640K)
[0.217s][info][gc             ] GC(3) Pause Full (Ergonomics) 0M->0M(3M) 2.842ms
[0.217s][info][gc,cpu         ] GC(3) User=0.00s Sys=0.00s Real=0.00s
[0.219s][info][gc,start       ] GC(4) Pause Young (Allocation Failure)
[0.220s][info][gc,heap        ] GC(4) PSYoungGen: 1532K(1536K)->480K(2560K) Eden: 1024K(1024K)->0K(2048K) From: 508K(512K)->480K(512K)
[0.220s][info][gc,heap        ] GC(4) ParOldGen: 472K(2048K)->1024K(2048K)
[0.220s][info][gc,metaspace   ] GC(4) Metaspace: 6296K(6464K)->6296K(6464K) NonClass: 5762K(5824K)->5762K(5824K) Class: 533K(640K)->533K(640K)
[0.220s][info][gc             ] GC(4) Pause Young (Allocation Failure) 1M->1M(4M) 1.499ms
[0.220s][info][gc,cpu         ] GC(4) User=0.00s Sys=0.00s Real=0.00s
[0.223s][info][gc,start       ] GC(5) Pause Young (Allocation Failure)
[0.225s][info][gc,heap        ] GC(5) PSYoungGen: 2528K(2560K)->480K(2560K) Eden: 2048K(2048K)->0K(2048K) From: 480K(512K)->480K(512K)
[0.225s][info][gc,heap        ] GC(5) ParOldGen: 1024K(2048K)->2096K(2560K)
[0.225s][info][gc,metaspace   ] GC(5) Metaspace: 6296K(6464K)->6296K(6464K) NonClass: 5762K(5824K)->5762K(5824K) Class: 533K(640K)->533K(640K)
[0.225s][info][gc             ] GC(5) Pause Young (Allocation Failure) 3M->2M(5M) 1.927ms
[0.225s][info][gc,cpu         ] GC(5) User=0.00s Sys=0.00s Real=0.00s
[0.225s][info][gc,start       ] GC(6) Pause Full (Ergonomics)
[0.225s][info][gc,phases,start] GC(6) Marking Phase
[0.227s][info][gc,phases      ] GC(6) Marking Phase 1.700ms
[0.227s][info][gc,phases,start] GC(6) Summary Phase
[0.227s][info][gc,phases      ] GC(6) Summary Phase 0.019ms
[0.227s][info][gc,phases,start] GC(6) Adjust Roots
[0.227s][info][gc,phases      ] GC(6) Adjust Roots 0.382ms
[0.227s][info][gc,phases,start] GC(6) Compaction Phase
[0.230s][info][gc,phases      ] GC(6) Compaction Phase 2.864ms
[0.230s][info][gc,phases,start] GC(6) Post Compact
[0.230s][info][gc,phases      ] GC(6) Post Compact 0.039ms
[0.230s][info][gc,heap        ] GC(6) PSYoungGen: 480K(2560K)->0K(4096K) Eden: 0K(2048K)->0K(3072K) From: 480K(512K)->0K(1024K)
[0.230s][info][gc,heap        ] GC(6) ParOldGen: 2096K(2560K)->2542K(6144K)
[0.230s][info][gc,metaspace   ] GC(6) Metaspace: 6296K(6464K)->6296K(6464K) NonClass: 5762K(5824K)->5762K(5824K) Class: 533K(640K)->533K(640K)
[0.230s][info][gc             ] GC(6) Pause Full (Ergonomics) 2M->2M(10M) 5.392ms
[0.230s][info][gc,cpu         ] GC(6) User=0.00s Sys=0.00s Real=0.00s
[0.234s][info][gc,start       ] GC(7) Pause Young (Allocation Failure)
[0.236s][info][gc,heap        ] GC(7) PSYoungGen: 3072K(4096K)->1664K(5120K) Eden: 3072K(3072K)->0K(3072K) From: 0K(1024K)->1664K(2048K)
[0.236s][info][gc,heap        ] GC(7) ParOldGen: 2542K(6144K)->2542K(6144K)
[0.236s][info][gc,metaspace   ] GC(7) Metaspace: 6296K(6464K)->6296K(6464K) NonClass: 5762K(5824K)->5762K(5824K) Class: 533K(640K)->533K(640K)
[0.236s][info][gc             ] GC(7) Pause Young (Allocation Failure) 5M->4M(11M) 1.817ms
[0.236s][info][gc,cpu         ] GC(7) User=0.00s Sys=0.00s Real=0.00s
[0.241s][info][gc,start       ] GC(8) Pause Young (Allocation Failure)
[0.245s][info][gc,heap        ] GC(8) PSYoungGen: 4736K(5120K)->2016K(5632K) Eden: 3072K(3072K)->0K(3584K) From: 1664K(2048K)->2016K(2048K)
[0.245s][info][gc,heap        ] GC(8) ParOldGen: 2542K(6144K)->3766K(6144K)
[0.245s][info][gc,metaspace   ] GC(8) Metaspace: 6296K(6464K)->6296K(6464K) NonClass: 5762K(5824K)->5762K(5824K) Class: 533K(640K)->533K(640K)
[0.245s][info][gc             ] GC(8) Pause Young (Allocation Failure) 7M->5M(11M) 3.441ms
[0.245s][info][gc,cpu         ] GC(8) User=0.00s Sys=0.00s Real=0.00s
[0.249s][info][gc,start       ] GC(9) Pause Young (Allocation Failure)
[0.252s][info][gc,heap        ] GC(9) PSYoungGen: 5600K(5632K)->3040K(6656K) Eden: 3584K(3584K)->0K(3584K) From: 2016K(2048K)->3040K(3072K)
[0.252s][info][gc,heap        ] GC(9) ParOldGen: 3766K(6144K)->4606K(6144K)
[0.252s][info][gc,metaspace   ] GC(9) Metaspace: 6296K(6464K)->6296K(6464K) NonClass: 5762K(5824K)->5762K(5824K) Class: 533K(640K)->533K(640K)
[0.253s][info][gc             ] GC(9) Pause Young (Allocation Failure) 9M->7M(12M) 3.046ms
[0.253s][info][gc,cpu         ] GC(9) User=0.00s Sys=0.00s Real=0.00s
[0.257s][info][gc,start       ] GC(10) Pause Young (Allocation Failure)
[0.260s][info][gc,heap        ] GC(10) PSYoungGen: 6624K(6656K)->4064K(8704K) Eden: 3584K(3584K)->0K(4608K) From: 3040K(3072K)->4064K(4096K)
[0.260s][info][gc,heap        ] GC(10) ParOldGen: 4606K(6144K)->5446K(6144K)
[0.261s][info][gc,metaspace   ] GC(10) Metaspace: 6296K(6464K)->6296K(6464K) NonClass: 5762K(5824K)->5762K(5824K) Class: 533K(640K)->533K(640K)
[0.261s][info][gc             ] GC(10) Pause Young (Allocation Failure) 10M->9M(14M) 3.988ms
[0.261s][info][gc,cpu         ] GC(10) User=0.00s Sys=0.00s Real=0.00s
[0.261s][info][gc,start       ] GC(11) Pause Full (Ergonomics)
[0.261s][info][gc,phases,start] GC(11) Marking Phase
[0.265s][info][gc,phases      ] GC(11) Marking Phase 4.853ms
[0.266s][info][gc,phases,start] GC(11) Summary Phase
[0.266s][info][gc,phases      ] GC(11) Summary Phase 0.015ms
[0.266s][info][gc,phases,start] GC(11) Adjust Roots
[0.266s][info][gc,phases      ] GC(11) Adjust Roots 0.403ms
[0.266s][info][gc,phases,start] GC(11) Compaction Phase
[0.273s][info][gc,phases      ] GC(11) Compaction Phase 6.636ms
[0.273s][info][gc,phases,start] GC(11) Post Compact
[0.273s][info][gc,phases      ] GC(11) Post Compact 0.053ms
[0.273s][info][gc,heap        ] GC(11) PSYoungGen: 4064K(8704K)->3545K(8704K) Eden: 0K(4608K)->0K(4608K) From: 4064K(4096K)->3545K(4096K)
[0.273s][info][gc,heap        ] GC(11) ParOldGen: 5446K(6144K)->5820K(10752K)
[0.273s][info][gc,metaspace   ] GC(11) Metaspace: 6296K(6464K)->6296K(6464K) NonClass: 5762K(5824K)->5762K(5824K) Class: 533K(640K)->533K(640K)
[0.273s][info][gc             ] GC(11) Pause Full (Ergonomics) 9M->9M(19M) 12.281ms
[0.273s][info][gc,cpu         ] GC(11) User=0.00s Sys=0.00s Real=0.01s
[0.279s][info][gc,start       ] GC(12) Pause Young (Allocation Failure)
[0.283s][info][gc,heap        ] GC(12) PSYoungGen: 8099K(8704K)->5088K(9728K) Eden: 4553K(4608K)->0K(4608K) From: 3545K(4096K)->5088K(5120K)
[0.283s][info][gc,heap        ] GC(12) ParOldGen: 5820K(10752K)->6612K(10752K)
[0.283s][info][gc,metaspace   ] GC(12) Metaspace: 6296K(6464K)->6296K(6464K) NonClass: 5762K(5824K)->5762K(5824K) Class: 533K(640K)->533K(640K)
[0.283s][info][gc             ] GC(12) Pause Young (Allocation Failure) 13M->11M(20M) 3.809ms
[0.283s][info][gc,cpu         ] GC(12) User=0.00s Sys=0.00s Real=0.00s
[0.289s][info][gc,start       ] GC(13) Pause Young (Allocation Failure)
[0.295s][info][gc,heap        ] GC(13) PSYoungGen: 9696K(9728K)->6112K(11264K) Eden: 4608K(4608K)->0K(5120K) From: 5088K(5120K)->6112K(6144K)
[0.295s][info][gc,heap        ] GC(13) ParOldGen: 6612K(10752K)->7980K(10752K)
[0.295s][info][gc,metaspace   ] GC(13) Metaspace: 6296K(6464K)->6296K(6464K) NonClass: 5762K(5824K)->5762K(5824K) Class: 533K(640K)->533K(640K)
[0.295s][info][gc             ] GC(13) Pause Young (Allocation Failure) 15M->13M(21M) 6.052ms
[0.295s][info][gc,cpu         ] GC(13) User=0.00s Sys=0.00s Real=0.01s
[0.299s][info][gc,start       ] GC(14) Pause Young (Allocation Failure)
[0.305s][info][gc,heap        ] GC(14) PSYoungGen: 11232K(11264K)->5216K(12800K) Eden: 5120K(5120K)->0K(5120K) From: 6112K(6144K)->5216K(7680K)
[0.305s][info][gc,heap        ] GC(14) ParOldGen: 7980K(10752K)->11572K(11776K)
[0.306s][info][gc,metaspace   ] GC(14) Metaspace: 6298K(6464K)->6298K(6464K) NonClass: 5764K(5824K)->5764K(5824K) Class: 533K(640K)->533K(640K)
[0.306s][info][gc             ] GC(14) Pause Young (Allocation Failure) 18M->16M(24M) 6.264ms
[0.306s][info][gc,cpu         ] GC(14) User=0.00s Sys=0.00s Real=0.01s
[0.306s][info][gc,start       ] GC(15) Pause Full (Ergonomics)
[0.306s][info][gc,phases,start] GC(15) Marking Phase
[0.314s][info][gc,phases      ] GC(15) Marking Phase 8.442ms
[0.314s][info][gc,phases,start] GC(15) Summary Phase
[0.314s][info][gc,phases      ] GC(15) Summary Phase 0.019ms
[0.314s][info][gc,phases,start] GC(15) Adjust Roots
[0.314s][info][gc,phases      ] GC(15) Adjust Roots 0.255ms
[0.314s][info][gc,phases,start] GC(15) Compaction Phase
[0.321s][info][gc,phases      ] GC(15) Compaction Phase 6.676ms
[0.321s][info][gc,phases,start] GC(15) Post Compact
[0.321s][info][gc,phases      ] GC(15) Post Compact 0.091ms
[0.321s][info][gc,heap        ] GC(15) PSYoungGen: 5216K(12800K)->5184K(12800K) Eden: 0K(5120K)->0K(5120K) From: 5216K(7680K)->5184K(7680K)
[0.321s][info][gc,heap        ] GC(15) ParOldGen: 11572K(11776K)->11464K(18432K)
[0.321s][info][gc,metaspace   ] GC(15) Metaspace: 6298K(6464K)->6298K(6464K) NonClass: 5764K(5824K)->5764K(5824K) Class: 533K(640K)->533K(640K)
[0.321s][info][gc             ] GC(15) Pause Full (Ergonomics) 16M->16M(30M) 15.816ms
[0.321s][info][gc,cpu         ] GC(15) User=0.00s Sys=0.00s Real=0.02s
[0.325s][info][gc,start       ] GC(16) Pause Young (Allocation Failure)
[0.330s][info][gc,heap        ] GC(16) PSYoungGen: 10304K(12800K)->2688K(14336K) Eden: 5120K(5120K)->0K(7168K) From: 5184K(7680K)->2688K(7168K)
[0.330s][info][gc,heap        ] GC(16) ParOldGen: 11464K(18432K)->16736K(18432K)
[0.330s][info][gc,metaspace   ] GC(16) Metaspace: 6298K(6464K)->6298K(6464K) NonClass: 5764K(5824K)->5764K(5824K) Class: 533K(640K)->533K(640K)
[0.330s][info][gc             ] GC(16) Pause Young (Allocation Failure) 21M->18M(32M) 5.859ms
[0.331s][info][gc,cpu         ] GC(16) User=0.00s Sys=0.00s Real=0.01s
[0.331s][info][gc,start       ] GC(17) Pause Full (Ergonomics)
[0.331s][info][gc,phases,start] GC(17) Marking Phase
[0.339s][info][gc,phases      ] GC(17) Marking Phase 8.397ms
[0.339s][info][gc,phases,start] GC(17) Summary Phase
[0.339s][info][gc,phases      ] GC(17) Summary Phase 0.015ms
[0.339s][info][gc,phases,start] GC(17) Adjust Roots
[0.339s][info][gc,phases      ] GC(17) Adjust Roots 0.221ms
[0.339s][info][gc,phases,start] GC(17) Compaction Phase
[0.345s][info][gc,phases      ] GC(17) Compaction Phase 5.370ms
[0.345s][info][gc,phases,start] GC(17) Post Compact
[0.345s][info][gc,phases      ] GC(17) Post Compact 0.069ms
[0.345s][info][gc,heap        ] GC(17) PSYoungGen: 2688K(14336K)->1106K(14848K) Eden: 0K(7168K)->0K(7680K) From: 2688K(7168K)->1106K(7168K)
[0.345s][info][gc,heap        ] GC(17) ParOldGen: 16736K(18432K)->18182K(27648K)
[0.345s][info][gc,metaspace   ] GC(17) Metaspace: 6298K(6464K)->6298K(6464K) NonClass: 5764K(5824K)->5764K(5824K) Class: 533K(640K)->533K(640K)
[0.345s][info][gc             ] GC(17) Pause Full (Ergonomics) 18M->18M(41M) 14.367ms
[0.345s][info][gc,cpu         ] GC(17) User=0.00s Sys=0.00s Real=0.02s
[0.350s][info][gc,start       ] GC(18) Pause Young (Allocation Failure)
[0.354s][info][gc,heap        ] GC(18) PSYoungGen: 7796K(14848K)->3456K(15360K) Eden: 6689K(7680K)->0K(7680K) From: 1106K(7168K)->3456K(7680K)
[0.354s][info][gc,heap        ] GC(18) ParOldGen: 18182K(27648K)->19310K(27648K)
[0.354s][info][gc,metaspace   ] GC(18) Metaspace: 6298K(6464K)->6298K(6464K) NonClass: 5764K(5824K)->5764K(5824K) Class: 533K(640K)->533K(640K)
[0.354s][info][gc             ] GC(18) Pause Young (Allocation Failure) 25M->22M(42M) 4.490ms
[0.354s][info][gc,cpu         ] GC(18) User=0.00s Sys=0.00s Real=0.01s
[0.362s][info][gc,start       ] GC(19) Pause Young (Allocation Failure)
[0.369s][info][gc,heap        ] GC(19) PSYoungGen: 11136K(15360K)->7648K(16896K) Eden: 7680K(7680K)->0K(9216K) From: 3456K(7680K)->7648K(7680K)
[0.369s][info][gc,heap        ] GC(19) ParOldGen: 19310K(27648K)->19542K(27648K)
[0.369s][info][gc,metaspace   ] GC(19) Metaspace: 6298K(6464K)->6298K(6464K) NonClass: 5764K(5824K)->5764K(5824K) Class: 533K(640K)->533K(640K)
[0.369s][info][gc             ] GC(19) Pause Young (Allocation Failure) 29M->26M(43M) 6.853ms
[0.369s][info][gc,cpu         ] GC(19) User=0.00s Sys=0.00s Real=0.01s
[0.374s][info][gc,start       ] GC(20) Pause Young (Allocation Failure)
[0.382s][info][gc,heap        ] GC(20) PSYoungGen: 16864K(16896K)->4800K(17920K) Eden: 9216K(9216K)->0K(9216K) From: 7648K(7680K)->4800K(8704K)
[0.382s][info][gc,heap        ] GC(20) ParOldGen: 19542K(27648K)->27286K(27648K)
[0.382s][info][gc,metaspace   ] GC(20) Metaspace: 6298K(6464K)->6298K(6464K) NonClass: 5764K(5824K)->5764K(5824K) Class: 533K(640K)->533K(640K)
[0.382s][info][gc             ] GC(20) Pause Young (Allocation Failure) 35M->31M(44M) 8.128ms
[0.382s][info][gc,cpu         ] GC(20) User=0.00s Sys=0.00s Real=0.01s
[0.383s][info][gc,start       ] GC(21) Pause Full (Ergonomics)
[0.383s][info][gc,phases,start] GC(21) Marking Phase
[0.395s][info][gc,phases      ] GC(21) Marking Phase 12.270ms
[0.395s][info][gc,phases,start] GC(21) Summary Phase
[0.395s][info][gc,phases      ] GC(21) Summary Phase 0.022ms
[0.395s][info][gc,phases,start] GC(21) Adjust Roots
[0.395s][info][gc,phases      ] GC(21) Adjust Roots 0.230ms
[0.395s][info][gc,phases,start] GC(21) Compaction Phase
[0.409s][info][gc,phases      ] GC(21) Compaction Phase 13.492ms
[0.409s][info][gc,phases,start] GC(21) Post Compact
[0.409s][info][gc,phases      ] GC(21) Post Compact 0.135ms
[0.409s][info][gc,heap        ] GC(21) PSYoungGen: 4800K(17920K)->4249K(17920K) Eden: 0K(9216K)->0K(9216K) From: 4800K(8704K)->4249K(8704K)
[0.409s][info][gc,heap        ] GC(21) ParOldGen: 27286K(27648K)->27140K(39424K)
[0.409s][info][gc,metaspace   ] GC(21) Metaspace: 6298K(6464K)->6298K(6464K) NonClass: 5764K(5824K)->5764K(5824K) Class: 533K(640K)->533K(640K)
[0.409s][info][gc             ] GC(21) Pause Full (Ergonomics) 31M->30M(56M) 26.689ms
[0.409s][info][gc,cpu         ] GC(21) User=0.00s Sys=0.00s Real=0.03s
[0.418s][info][gc,start       ] GC(22) Pause Young (Allocation Failure)
[0.429s][info][gc,heap        ] GC(22) PSYoungGen: 13465K(17920K)->7648K(19456K) Eden: 9216K(9216K)->0K(10752K) From: 4249K(8704K)->7648K(8704K)
[0.429s][info][gc,heap        ] GC(22) ParOldGen: 27140K(39424K)->31460K(39424K)
[0.429s][info][gc,metaspace   ] GC(22) Metaspace: 6298K(6464K)->6298K(6464K) NonClass: 5764K(5824K)->5764K(5824K) Class: 533K(640K)->533K(640K)
[0.429s][info][gc             ] GC(22) Pause Young (Allocation Failure) 39M->38M(57M) 10.678ms
[0.429s][info][gc,cpu         ] GC(22) User=0.00s Sys=0.00s Real=0.01s
[0.443s][info][gc,start       ] GC(23) Pause Young (Allocation Failure)
[0.455s][info][gc,heap        ] GC(23) PSYoungGen: 18400K(19456K)->9696K(20480K) Eden: 10752K(10752K)->0K(10752K) From: 7648K(8704K)->9696K(9728K)
[0.455s][info][gc,heap        ] GC(23) ParOldGen: 31460K(39424K)->40252K(40448K)
[0.455s][info][gc,metaspace   ] GC(23) Metaspace: 6298K(6464K)->6298K(6464K) NonClass: 5764K(5824K)->5764K(5824K) Class: 533K(640K)->533K(640K)
[0.455s][info][gc             ] GC(23) Pause Young (Allocation Failure) 48M->48M(59M) 12.819ms
[0.456s][info][gc,cpu         ] GC(23) User=0.00s Sys=0.00s Real=0.01s
[0.456s][info][gc,start       ] GC(24) Pause Full (Ergonomics)
[0.456s][info][gc,phases,start] GC(24) Marking Phase
[0.475s][info][gc,phases      ] GC(24) Marking Phase 19.021ms
[0.475s][info][gc,phases,start] GC(24) Summary Phase
[0.475s][info][gc,phases      ] GC(24) Summary Phase 0.019ms
[0.475s][info][gc,phases,start] GC(24) Adjust Roots
[0.475s][info][gc,phases      ] GC(24) Adjust Roots 0.167ms
[0.475s][info][gc,phases,start] GC(24) Compaction Phase
[0.492s][info][gc,phases      ] GC(24) Compaction Phase 17.507ms
[0.492s][info][gc,phases,start] GC(24) Post Compact
[0.493s][info][gc,phases      ] GC(24) Post Compact 0.144ms
[0.493s][info][gc,heap        ] GC(24) PSYoungGen: 9696K(20480K)->9681K(20480K) Eden: 0K(10752K)->0K(10752K) From: 9696K(9728K)->9681K(9728K)
[0.493s][info][gc,heap        ] GC(24) ParOldGen: 40252K(40448K)->39014K(54784K)
[0.493s][info][gc,metaspace   ] GC(24) Metaspace: 6298K(6464K)->6298K(6464K) NonClass: 5764K(5824K)->5764K(5824K) Class: 533K(640K)->533K(640K)
[0.493s][info][gc             ] GC(24) Pause Full (Ergonomics) 48M->47M(73M) 37.204ms
[0.493s][info][gc,cpu         ] GC(24) User=0.03s Sys=0.00s Real=0.04s
[0.504s][info][gc,start       ] GC(25) Pause Young (Allocation Failure)
[0.520s][info][gc,heap        ] GC(25) PSYoungGen: 20433K(20480K)->10752K(26624K) Eden: 10752K(10752K)->0K(12288K) From: 9681K(9728K)->10752K(14336K)
[0.520s][info][gc,heap        ] GC(25) ParOldGen: 39014K(54784K)->48822K(54784K)
[0.520s][info][gc,metaspace   ] GC(25) Metaspace: 6298K(6464K)->6298K(6464K) NonClass: 5764K(5824K)->5764K(5824K) Class: 533K(640K)->533K(640K)
[0.520s][info][gc             ] GC(25) Pause Young (Allocation Failure) 58M->58M(79M) 15.981ms
[0.520s][info][gc,cpu         ] GC(25) User=0.00s Sys=0.00s Real=0.02s
[0.520s][info][gc,start       ] GC(26) Pause Full (Ergonomics)
[0.520s][info][gc,phases,start] GC(26) Marking Phase
[0.542s][info][gc,phases      ] GC(26) Marking Phase 22.389ms
[0.542s][info][gc,phases,start] GC(26) Summary Phase
[0.542s][info][gc,phases      ] GC(26) Summary Phase 0.028ms
[0.542s][info][gc,phases,start] GC(26) Adjust Roots
[0.543s][info][gc,phases      ] GC(26) Adjust Roots 0.166ms
[0.543s][info][gc,phases,start] GC(26) Compaction Phase
[0.559s][info][gc,phases      ] GC(26) Compaction Phase 16.688ms
[0.559s][info][gc,phases,start] GC(26) Post Compact
[0.560s][info][gc,phases      ] GC(26) Post Compact 0.181ms
[0.560s][info][gc,heap        ] GC(26) PSYoungGen: 10752K(26624K)->5099K(26624K) Eden: 0K(12288K)->0K(12288K) From: 10752K(14336K)->5099K(14336K)
[0.560s][info][gc,heap        ] GC(26) ParOldGen: 48822K(54784K)->54317K(73728K)
[0.560s][info][gc,metaspace   ] GC(26) Metaspace: 6298K(6464K)->6298K(6464K) NonClass: 5764K(5824K)->5764K(5824K) Class: 533K(640K)->533K(640K)
[0.560s][info][gc             ] GC(26) Pause Full (Ergonomics) 58M->58M(98M) 39.805ms
[0.560s][info][gc,cpu         ] GC(26) User=0.03s Sys=0.00s Real=0.04s
[0.572s][info][gc,start       ] GC(27) Pause Young (Allocation Failure)
[0.588s][info][gc,heap        ] GC(27) PSYoungGen: 17387K(26624K)->12320K(27648K) Eden: 12288K(12288K)->0K(12288K) From: 5099K(14336K)->12320K(15360K)
[0.588s][info][gc,heap        ] GC(27) ParOldGen: 54317K(73728K)->59501K(73728K)
[0.588s][info][gc,metaspace   ] GC(27) Metaspace: 6298K(6464K)->6298K(6464K) NonClass: 5764K(5824K)->5764K(5824K) Class: 533K(640K)->533K(640K)
[0.588s][info][gc             ] GC(27) Pause Young (Allocation Failure) 70M->70M(99M) 16.262ms
[0.588s][info][gc,cpu         ] GC(27) User=0.00s Sys=0.00s Real=0.02s
[0.600s][info][gc,start       ] GC(28) Pause Young (Allocation Failure)
[0.618s][info][gc,heap        ] GC(28) PSYoungGen: 24608K(27648K)->16896K(26112K) Eden: 12288K(12288K)->0K(9216K) From: 12320K(15360K)->16896K(16896K)
[0.618s][info][gc,heap        ] GC(28) ParOldGen: 59501K(73728K)->67277K(73728K)
[0.618s][info][gc,metaspace   ] GC(28) Metaspace: 6298K(6464K)->6298K(6464K) NonClass: 5764K(5824K)->5764K(5824K) Class: 533K(640K)->533K(640K)
[0.618s][info][gc             ] GC(28) Pause Young (Allocation Failure) 82M->82M(97M) 18.373ms
[0.618s][info][gc,cpu         ] GC(28) User=0.02s Sys=0.02s Real=0.02s
[0.618s][info][gc,start       ] GC(29) Pause Full (Ergonomics)
[0.618s][info][gc,phases,start] GC(29) Marking Phase
[0.657s][info][gc,phases      ] GC(29) Marking Phase 38.645ms
[0.657s][info][gc,phases,start] GC(29) Summary Phase
[0.657s][info][gc,phases      ] GC(29) Summary Phase 0.014ms
[0.657s][info][gc,phases,start] GC(29) Adjust Roots
[0.657s][info][gc,phases      ] GC(29) Adjust Roots 0.162ms
[0.657s][info][gc,phases,start] GC(29) Compaction Phase
[0.677s][info][gc,phases      ] GC(29) Compaction Phase 20.128ms
[0.678s][info][gc,phases,start] GC(29) Post Compact
[0.678s][info][gc,phases      ] GC(29) Post Compact 0.366ms
[0.678s][info][gc,heap        ] GC(29) PSYoungGen: 16896K(26112K)->10220K(26112K) Eden: 0K(9216K)->0K(9216K) From: 16896K(16896K)->10220K(16896K)
[0.678s][info][gc,heap        ] GC(29) ParOldGen: 67277K(73728K)->73708K(95232K)
[0.678s][info][gc,metaspace   ] GC(29) Metaspace: 6298K(6464K)->6298K(6464K) NonClass: 5764K(5824K)->5764K(5824K) Class: 533K(640K)->533K(640K)
[0.678s][info][gc             ] GC(29) Pause Full (Ergonomics) 82M->81M(118M) 59.751ms
[0.678s][info][gc,cpu         ] GC(29) User=0.11s Sys=0.00s Real=0.06s
[0.695s][info][gc,start       ] GC(30) Pause Young (Allocation Failure)
[0.713s][info][gc,heap        ] GC(30) PSYoungGen: 19436K(26112K)->9216K(31744K) Eden: 9216K(9216K)->0K(9216K) From: 10220K(16896K)->9216K(22528K)
[0.713s][info][gc,heap        ] GC(30) ParOldGen: 73708K(95232K)->84100K(95232K)
[0.713s][info][gc,metaspace   ] GC(30) Metaspace: 6298K(6464K)->6298K(6464K) NonClass: 5764K(5824K)->5764K(5824K) Class: 533K(640K)->533K(640K)
[0.713s][info][gc             ] GC(30) Pause Young (Allocation Failure) 90M->91M(124M) 17.343ms
[0.713s][info][gc,cpu         ] GC(30) User=0.03s Sys=0.00s Real=0.02s
[0.713s][info][gc,start       ] GC(31) Pause Full (Ergonomics)
[0.713s][info][gc,phases,start] GC(31) Marking Phase
[0.748s][info][gc,phases      ] GC(31) Marking Phase 35.520ms
[0.748s][info][gc,phases,start] GC(31) Summary Phase
[0.748s][info][gc,phases      ] GC(31) Summary Phase 0.022ms
[0.748s][info][gc,phases,start] GC(31) Adjust Roots
[0.749s][info][gc,phases      ] GC(31) Adjust Roots 0.158ms
[0.749s][info][gc,phases,start] GC(31) Compaction Phase
[0.771s][info][gc,phases      ] GC(31) Compaction Phase 22.772ms
[0.771s][info][gc,phases,start] GC(31) Post Compact
[0.772s][info][gc,phases      ] GC(31) Post Compact 0.303ms
[0.772s][info][gc,heap        ] GC(31) PSYoungGen: 9216K(31744K)->0K(32768K) Eden: 0K(9216K)->0K(11264K) From: 9216K(22528K)->0K(21504K)
[0.772s][info][gc,heap        ] GC(31) ParOldGen: 84100K(95232K)->91080K(116224K)
[0.772s][info][gc,metaspace   ] GC(31) Metaspace: 6298K(6464K)->6298K(6464K) NonClass: 5764K(5824K)->5764K(5824K) Class: 533K(640K)->533K(640K)
[0.772s][info][gc             ] GC(31) Pause Full (Ergonomics) 91M->88M(145M) 59.161ms
[0.772s][info][gc,cpu         ] GC(31) User=0.09s Sys=0.00s Real=0.06s
[0.782s][info][gc,start       ] GC(32) Pause Young (Allocation Failure)
[0.788s][info][gc,heap        ] GC(32) PSYoungGen: 11264K(32768K)->11296K(32768K) Eden: 11264K(11264K)->0K(11264K) From: 0K(21504K)->11296K(21504K)
[0.788s][info][gc,heap        ] GC(32) ParOldGen: 91080K(116224K)->91080K(116224K)
[0.788s][info][gc,metaspace   ] GC(32) Metaspace: 6298K(6464K)->6298K(6464K) NonClass: 5764K(5824K)->5764K(5824K) Class: 533K(640K)->533K(640K)
[0.788s][info][gc             ] GC(32) Pause Young (Allocation Failure) 99M->99M(145M) 6.455ms
[0.788s][info][gc,cpu         ] GC(32) User=0.00s Sys=0.00s Real=0.01s
[0.798s][info][gc,start       ] GC(33) Pause Young (Allocation Failure)
[0.811s][info][gc,heap        ] GC(33) PSYoungGen: 22560K(32768K)->21504K(31232K) Eden: 11264K(11264K)->0K(9728K) From: 11296K(21504K)->21504K(21504K)
[0.811s][info][gc,heap        ] GC(33) ParOldGen: 91080K(116224K)->92120K(116224K)
[0.811s][info][gc,metaspace   ] GC(33) Metaspace: 6298K(6464K)->6298K(6464K) NonClass: 5764K(5824K)->5764K(5824K) Class: 533K(640K)->533K(640K)
[0.811s][info][gc             ] GC(33) Pause Young (Allocation Failure) 110M->110M(144M) 12.460ms
[0.811s][info][gc,cpu         ] GC(33) User=0.00s Sys=0.00s Real=0.01s
[0.819s][info][gc,start       ] GC(34) Pause Young (Allocation Failure)
[0.835s][info][gc,heap        ] GC(34) PSYoungGen: 31232K(31232K)->20000K(34816K) Eden: 9728K(9728K)->0K(9728K) From: 21504K(21504K)->20000K(25088K)
[0.835s][info][gc,heap        ] GC(34) ParOldGen: 92120K(116224K)->103520K(116224K)
[0.835s][info][gc,metaspace   ] GC(34) Metaspace: 6298K(6464K)->6298K(6464K) NonClass: 5764K(5824K)->5764K(5824K) Class: 533K(640K)->533K(640K)
[0.835s][info][gc             ] GC(34) Pause Young (Allocation Failure) 120M->120M(147M) 15.755ms
[0.835s][info][gc,cpu         ] GC(34) User=0.00s Sys=0.00s Real=0.02s
[0.835s][info][gc,start       ] GC(35) Pause Full (Ergonomics)
[0.835s][info][gc,phases,start] GC(35) Marking Phase
[0.869s][info][gc,phases      ] GC(35) Marking Phase 33.806ms
[0.869s][info][gc,phases,start] GC(35) Summary Phase
[0.869s][info][gc,phases      ] GC(35) Summary Phase 0.024ms
[0.869s][info][gc,phases,start] GC(35) Adjust Roots
[0.869s][info][gc,phases      ] GC(35) Adjust Roots 0.165ms
[0.869s][info][gc,phases,start] GC(35) Compaction Phase
[0.893s][info][gc,phases      ] GC(35) Compaction Phase 23.919ms
[0.893s][info][gc,phases,start] GC(35) Post Compact
[0.894s][info][gc,phases      ] GC(35) Post Compact 0.658ms
[0.894s][info][gc,heap        ] GC(35) PSYoungGen: 20000K(34816K)->7173K(34816K) Eden: 0K(9728K)->0K(9728K) From: 20000K(25088K)->7173K(25088K)
[0.894s][info][gc,heap        ] GC(35) ParOldGen: 103520K(116224K)->116071K(144384K)
[0.894s][info][gc,metaspace   ] GC(35) Metaspace: 6298K(6464K)->6298K(6464K) NonClass: 5764K(5824K)->5764K(5824K) Class: 533K(640K)->533K(640K)
[0.894s][info][gc             ] GC(35) Pause Full (Ergonomics) 120M->120M(175M) 59.065ms
[0.894s][info][gc,cpu         ] GC(35) User=0.12s Sys=0.00s Real=0.06s
[0.904s][info][gc,start       ] GC(36) Pause Young (Allocation Failure)
[0.920s][info][gc,heap        ] GC(36) PSYoungGen: 16901K(34816K)->16992K(37888K) Eden: 9728K(9728K)->0K(10752K) From: 7173K(25088K)->16992K(27136K)
[0.920s][info][gc,heap        ] GC(36) ParOldGen: 116071K(144384K)->116071K(144384K)
[0.920s][info][gc,metaspace   ] GC(36) Metaspace: 6298K(6464K)->6298K(6464K) NonClass: 5764K(5824K)->5764K(5824K) Class: 533K(640K)->533K(640K)
[0.920s][info][gc             ] GC(36) Pause Young (Allocation Failure) 129M->129M(178M) 16.032ms
[0.920s][info][gc,cpu         ] GC(36) User=0.00s Sys=0.00s Real=0.02s
[0.930s][info][gc,start       ] GC(37) Pause Young (Allocation Failure)
[0.945s][info][gc,heap        ] GC(37) PSYoungGen: 27744K(37888K)->27648K(38400K) Eden: 10752K(10752K)->0K(10752K) From: 16992K(27136K)->27648K(27648K)
[0.945s][info][gc,heap        ] GC(37) ParOldGen: 116071K(144384K)->116119K(144384K)
[0.945s][info][gc,metaspace   ] GC(37) Metaspace: 6298K(6464K)->6298K(6464K) NonClass: 5764K(5824K)->5764K(5824K) Class: 533K(640K)->533K(640K)
[0.945s][info][gc             ] GC(37) Pause Young (Allocation Failure) 140M->140M(178M) 14.989ms
[0.945s][info][gc,cpu         ] GC(37) User=0.02s Sys=0.00s Real=0.01s
[0.956s][info][gc,start       ] GC(38) Pause Young (Allocation Failure)
[0.975s][info][gc,heap        ] GC(38) PSYoungGen: 38400K(38400K)->31232K(40448K) Eden: 10752K(10752K)->0K(8192K) From: 27648K(27648K)->31232K(32256K)
[0.975s][info][gc,heap        ] GC(38) ParOldGen: 116119K(144384K)->123415K(144384K)
[0.975s][info][gc,metaspace   ] GC(38) Metaspace: 6298K(6464K)->6298K(6464K) NonClass: 5764K(5824K)->5764K(5824K) Class: 533K(640K)->533K(640K)
[0.975s][info][gc             ] GC(38) Pause Young (Allocation Failure) 150M->151M(180M) 19.275ms
[0.975s][info][gc,cpu         ] GC(38) User=0.08s Sys=0.00s Real=0.02s
[0.983s][info][gc,start       ] GC(39) Pause Young (Allocation Failure)
[1.002s][info][gc,heap        ] GC(39) PSYoungGen: 39424K(40448K)->29696K(45056K) Eden: 8192K(8192K)->0K(8192K) From: 31232K(32256K)->29696K(36864K)
[1.002s][info][gc,heap        ] GC(39) ParOldGen: 123415K(144384K)->133263K(144384K)
[1.002s][info][gc,metaspace   ] GC(39) Metaspace: 6298K(6464K)->6298K(6464K) NonClass: 5764K(5824K)->5764K(5824K) Class: 533K(640K)->533K(640K)
[1.002s][info][gc             ] GC(39) Pause Young (Allocation Failure) 159M->159M(185M) 18.872ms
[1.002s][info][gc,cpu         ] GC(39) User=0.06s Sys=0.00s Real=0.02s
[1.002s][info][gc,start       ] GC(40) Pause Full (Ergonomics)
[1.002s][info][gc,phases,start] GC(40) Marking Phase
[1.047s][info][gc,phases      ] GC(40) Marking Phase 44.573ms
[1.047s][info][gc,phases,start] GC(40) Summary Phase
[1.047s][info][gc,phases      ] GC(40) Summary Phase 0.017ms
[1.047s][info][gc,phases,start] GC(40) Adjust Roots
[1.047s][info][gc,phases      ] GC(40) Adjust Roots 0.214ms
[1.047s][info][gc,phases,start] GC(40) Compaction Phase
[1.070s][info][gc,phases      ] GC(40) Compaction Phase 22.911ms
[1.070s][info][gc,phases,start] GC(40) Post Compact
[1.071s][info][gc,phases      ] GC(40) Post Compact 0.735ms
[1.071s][info][gc,heap        ] GC(40) PSYoungGen: 29696K(45056K)->18328K(45056K) Eden: 0K(8192K)->0K(8192K) From: 29696K(36864K)->18328K(36864K)
[1.071s][info][gc,heap        ] GC(40) ParOldGen: 133263K(144384K)->144217K(174592K)
[1.071s][info][gc,metaspace   ] GC(40) Metaspace: 6298K(6464K)->6298K(6464K) NonClass: 5764K(5824K)->5764K(5824K) Class: 533K(640K)->533K(640K)
[1.071s][info][gc             ] GC(40) Pause Full (Ergonomics) 159M->158M(214M) 68.927ms
[1.071s][info][gc,cpu         ] GC(40) User=0.20s Sys=0.00s Real=0.07s
[1.079s][info][gc,start       ] GC(41) Pause Young (Allocation Failure)
[1.100s][info][gc,heap        ] GC(41) PSYoungGen: 26520K(45056K)->20224K(47616K) Eden: 8192K(8192K)->0K(9728K) From: 18328K(36864K)->20224K(37888K)
[1.100s][info][gc,heap        ] GC(41) ParOldGen: 144217K(174592K)->150737K(174592K)
[1.100s][info][gc,metaspace   ] GC(41) Metaspace: 6298K(6464K)->6298K(6464K) NonClass: 5764K(5824K)->5764K(5824K) Class: 533K(640K)->533K(640K)
[1.100s][info][gc             ] GC(41) Pause Young (Allocation Failure) 166M->166M(217M) 20.878ms
[1.100s][info][gc,cpu         ] GC(41) User=0.03s Sys=0.00s Real=0.02s
[1.132s][info][gc,start       ] GC(42) Pause Young (Allocation Failure)
[1.151s][info][gc,heap        ] GC(42) PSYoungGen: 29952K(47616K)->23392K(48640K) Eden: 9728K(9728K)->0K(9728K) From: 20224K(37888K)->23392K(38912K)
[1.151s][info][gc,heap        ] GC(42) ParOldGen: 158929K(174592K)->165561K(174592K)
[1.151s][info][gc,metaspace   ] GC(42) Metaspace: 6298K(6464K)->6298K(6464K) NonClass: 5764K(5824K)->5764K(5824K) Class: 533K(640K)->533K(640K)
[1.151s][info][gc             ] GC(42) Pause Young (Allocation Failure) 184M->184M(218M) 19.138ms
[1.151s][info][gc,cpu         ] GC(42) User=0.03s Sys=0.00s Real=0.02s
[1.151s][info][gc,start       ] GC(43) Pause Full (Ergonomics)
[1.151s][info][gc,phases,start] GC(43) Marking Phase
[1.193s][info][gc,phases      ] GC(43) Marking Phase 41.994ms
[1.193s][info][gc,phases,start] GC(43) Summary Phase
[1.193s][info][gc,phases      ] GC(43) Summary Phase 0.016ms
[1.193s][info][gc,phases,start] GC(43) Adjust Roots
[1.193s][info][gc,phases      ] GC(43) Adjust Roots 0.141ms
[1.193s][info][gc,phases,start] GC(43) Compaction Phase
[1.230s][info][gc,phases      ] GC(43) Compaction Phase 36.292ms
[1.230s][info][gc,phases,start] GC(43) Post Compact
[1.231s][info][gc,phases      ] GC(43) Post Compact 0.865ms
[1.231s][info][gc,heap        ] GC(43) PSYoungGen: 23392K(48640K)->9976K(48640K) Eden: 0K(9728K)->0K(9728K) From: 23392K(38912K)->9976K(38912K)
[1.231s][info][gc,heap        ] GC(43) ParOldGen: 165561K(174592K)->174520K(206336K)
[1.231s][info][gc,metaspace   ] GC(43) Metaspace: 6298K(6464K)->6298K(6464K) NonClass: 5764K(5824K)->5764K(5824K) Class: 533K(640K)->533K(640K)
[1.231s][info][gc             ] GC(43) Pause Full (Ergonomics) 184M->180M(249M) 79.749ms
[1.231s][info][gc,cpu         ] GC(43) User=0.22s Sys=0.00s Real=0.08s
[1.242s][info][gc,start       ] GC(44) Pause Young (Allocation Failure)
[1.261s][info][gc,heap        ] GC(44) PSYoungGen: 19704K(48640K)->17440K(46592K) Eden: 9728K(9728K)->0K(11264K) From: 9976K(38912K)->17440K(35328K)
[1.261s][info][gc,heap        ] GC(44) ParOldGen: 174520K(206336K)->176912K(206336K)
[1.261s][info][gc,metaspace   ] GC(44) Metaspace: 6298K(6464K)->6298K(6464K) NonClass: 5764K(5824K)->5764K(5824K) Class: 533K(640K)->533K(640K)
[1.261s][info][gc             ] GC(44) Pause Young (Allocation Failure) 189M->189M(247M) 19.060ms
[1.261s][info][gc,cpu         ] GC(44) User=0.05s Sys=0.00s Real=0.02s
[1.272s][info][gc,start       ] GC(45) Pause Young (Allocation Failure)
[1.286s][info][gc,heap        ] GC(45) PSYoungGen: 28704K(46592K)->28672K(48640K) Eden: 11264K(11264K)->0K(11264K) From: 17440K(35328K)->28672K(37376K)
[1.286s][info][gc,heap        ] GC(45) ParOldGen: 176912K(206336K)->176912K(206336K)
[1.286s][info][gc,metaspace   ] GC(45) Metaspace: 6298K(6464K)->6298K(6464K) NonClass: 5764K(5824K)->5764K(5824K) Class: 533K(640K)->533K(640K)
[1.286s][info][gc             ] GC(45) Pause Young (Allocation Failure) 200M->200M(249M) 14.423ms
[1.286s][info][gc,cpu         ] GC(45) User=0.02s Sys=0.00s Real=0.01s
[1.297s][info][gc,start       ] GC(46) Pause Young (Allocation Failure)
[1.317s][info][gc,heap        ] GC(46) PSYoungGen: 39936K(48640K)->39424K(46592K) Eden: 11264K(11264K)->0K(7168K) From: 28672K(37376K)->39424K(39424K)
[1.317s][info][gc,heap        ] GC(46) ParOldGen: 176912K(206336K)->177392K(206336K)
[1.317s][info][gc,metaspace   ] GC(46) Metaspace: 6298K(6464K)->6298K(6464K) NonClass: 5764K(5824K)->5764K(5824K) Class: 533K(640K)->533K(640K)
[1.317s][info][gc             ] GC(46) Pause Young (Allocation Failure) 211M->211M(247M) 19.769ms
[1.317s][info][gc,cpu         ] GC(46) User=0.05s Sys=0.02s Real=0.02s
[1.324s][info][gc,start       ] GC(47) Pause Young (Allocation Failure)
[1.347s][info][gc,heap        ] GC(47) PSYoungGen: 46592K(46592K)->39072K(52224K) Eden: 7168K(7168K)->0K(7168K) From: 39424K(39424K)->39072K(45056K)
[1.347s][info][gc,heap        ] GC(47) ParOldGen: 177392K(206336K)->185088K(206336K)
[1.347s][info][gc,metaspace   ] GC(47) Metaspace: 6298K(6464K)->6298K(6464K) NonClass: 5764K(5824K)->5764K(5824K) Class: 533K(640K)->533K(640K)
[1.347s][info][gc             ] GC(47) Pause Young (Allocation Failure) 218M->218M(252M) 22.798ms
[1.347s][info][gc,cpu         ] GC(47) User=0.03s Sys=0.02s Real=0.02s
[1.355s][info][gc,start       ] GC(48) Pause Young (Allocation Failure)
[1.376s][info][gc,heap        ] GC(48) PSYoungGen: 46240K(52224K)->25440K(55296K) Eden: 7168K(7168K)->0K(8704K) From: 39072K(45056K)->25440K(46592K)
[1.376s][info][gc,heap        ] GC(48) ParOldGen: 185088K(206336K)->206176K(206336K)
[1.376s][info][gc,metaspace   ] GC(48) Metaspace: 6298K(6464K)->6298K(6464K) NonClass: 5764K(5824K)->5764K(5824K) Class: 533K(640K)->533K(640K)
[1.376s][info][gc             ] GC(48) Pause Young (Allocation Failure) 225M->226M(255M) 21.513ms
[1.376s][info][gc,cpu         ] GC(48) User=0.08s Sys=0.00s Real=0.02s
[1.376s][info][gc,start       ] GC(49) Pause Full (Ergonomics)
[1.376s][info][gc,phases,start] GC(49) Marking Phase
[1.430s][info][gc,phases      ] GC(49) Marking Phase 54.160ms
[1.430s][info][gc,phases,start] GC(49) Summary Phase
[1.430s][info][gc,phases      ] GC(49) Summary Phase 0.017ms
[1.430s][info][gc,phases,start] GC(49) Adjust Roots
[1.431s][info][gc,phases      ] GC(49) Adjust Roots 0.145ms
[1.431s][info][gc,phases,start] GC(49) Compaction Phase
[1.464s][info][gc,phases      ] GC(49) Compaction Phase 33.410ms
[1.464s][info][gc,phases,start] GC(49) Post Compact
[1.465s][info][gc,phases      ] GC(49) Post Compact 1.200ms
[1.466s][info][gc,heap        ] GC(49) PSYoungGen: 25440K(55296K)->24755K(56832K) Eden: 0K(8704K)->0K(10240K) From: 25440K(46592K)->24755K(46592K)
[1.466s][info][gc,heap        ] GC(49) ParOldGen: 206176K(206336K)->206176K(244736K)
[1.466s][info][gc,metaspace   ] GC(49) Metaspace: 6298K(6464K)->6298K(6464K) NonClass: 5764K(5824K)->5764K(5824K) Class: 533K(640K)->533K(640K)
[1.466s][info][gc             ] GC(49) Pause Full (Ergonomics) 226M->225M(294M) 89.428ms
[1.466s][info][gc,cpu         ] GC(49) User=0.34s Sys=0.00s Real=0.09s
[1.477s][info][gc,start       ] GC(50) Pause Young (Allocation Failure)
[1.501s][info][gc,heap        ] GC(50) PSYoungGen: 34995K(56832K)->17312K(58368K) Eden: 10240K(10240K)->0K(10240K) From: 24755K(46592K)->17312K(48128K)
[1.501s][info][gc,heap        ] GC(50) ParOldGen: 206176K(244736K)->224280K(244736K)
[1.501s][info][gc,metaspace   ] GC(50) Metaspace: 6298K(6464K)->6298K(6464K) NonClass: 5764K(5824K)->5764K(5824K) Class: 533K(640K)->533K(640K)
[1.501s][info][gc             ] GC(50) Pause Young (Allocation Failure) 235M->235M(296M) 24.099ms
[1.502s][info][gc,cpu         ] GC(50) User=0.08s Sys=0.03s Real=0.03s
[1.502s][info][gc,start       ] GC(51) Pause Full (Ergonomics)
[1.502s][info][gc,phases,start] GC(51) Marking Phase
[1.551s][info][gc,phases      ] GC(51) Marking Phase 49.238ms
[1.551s][info][gc,phases,start] GC(51) Summary Phase
[1.551s][info][gc,phases      ] GC(51) Summary Phase 0.024ms
[1.551s][info][gc,phases,start] GC(51) Adjust Roots
[1.551s][info][gc,phases      ] GC(51) Adjust Roots 0.199ms
[1.551s][info][gc,phases,start] GC(51) Compaction Phase
[1.577s][info][gc,phases      ] GC(51) Compaction Phase 25.536ms
[1.577s][info][gc,phases,start] GC(51) Post Compact
[1.578s][info][gc,phases      ] GC(51) Post Compact 1.163ms
[1.578s][info][gc,heap        ] GC(51) PSYoungGen: 17312K(58368K)->0K(58368K) Eden: 0K(10240K)->0K(11776K) From: 17312K(48128K)->0K(46592K)
[1.578s][info][gc,heap        ] GC(51) ParOldGen: 224280K(244736K)->241141K(285184K)
[1.578s][info][gc,metaspace   ] GC(51) Metaspace: 6298K(6464K)->6298K(6464K) NonClass: 5764K(5824K)->5764K(5824K) Class: 533K(640K)->533K(640K)
[1.578s][info][gc             ] GC(51) Pause Full (Ergonomics) 235M->235M(335M) 76.650ms
[1.578s][info][gc,cpu         ] GC(51) User=0.41s Sys=0.03s Real=0.08s
[1.592s][info][gc,start       ] GC(52) Pause Young (Allocation Failure)
[1.600s][info][gc,heap        ] GC(52) PSYoungGen: 11776K(58368K)->11904K(58368K) Eden: 11776K(11776K)->0K(11776K) From: 0K(46592K)->11904K(46592K)
[1.600s][info][gc,heap        ] GC(52) ParOldGen: 241141K(285184K)->241141K(285184K)
[1.600s][info][gc,metaspace   ] GC(52) Metaspace: 6298K(6464K)->6298K(6464K) NonClass: 5764K(5824K)->5764K(5824K) Class: 533K(640K)->533K(640K)
[1.600s][info][gc             ] GC(52) Pause Young (Allocation Failure) 246M->247M(335M) 7.895ms
[1.600s][info][gc,cpu         ] GC(52) User=0.02s Sys=0.00s Real=0.01s
[1.613s][info][gc,start       ] GC(53) Pause Young (Allocation Failure)
[1.626s][info][gc,heap        ] GC(53) PSYoungGen: 23680K(58368K)->23648K(55808K) Eden: 11776K(11776K)->0K(13312K) From: 11904K(46592K)->23648K(42496K)
[1.626s][info][gc,heap        ] GC(53) ParOldGen: 241141K(285184K)->241141K(285184K)
[1.626s][info][gc,metaspace   ] GC(53) Metaspace: 6298K(6464K)->6298K(6464K) NonClass: 5764K(5824K)->5764K(5824K) Class: 533K(640K)->533K(640K)
[1.626s][info][gc             ] GC(53) Pause Young (Allocation Failure) 258M->258M(333M) 12.570ms
[1.626s][info][gc,cpu         ] GC(53) User=0.00s Sys=0.00s Real=0.01s
[1.641s][info][gc,start       ] GC(54) Pause Young (Allocation Failure)
[1.657s][info][gc,heap        ] GC(54) PSYoungGen: 36960K(55808K)->36992K(57344K) Eden: 13312K(13312K)->0K(13312K) From: 23648K(42496K)->36992K(44032K)
[1.657s][info][gc,heap        ] GC(54) ParOldGen: 241141K(285184K)->241141K(285184K)
[1.657s][info][gc,metaspace   ] GC(54) Metaspace: 6298K(6464K)->6298K(6464K) NonClass: 5764K(5824K)->5764K(5824K) Class: 533K(640K)->533K(640K)
[1.657s][info][gc             ] GC(54) Pause Young (Allocation Failure) 271M->271M(334M) 16.838ms
[1.657s][info][gc,cpu         ] GC(54) User=0.02s Sys=0.00s Real=0.02s
[1.673s][info][gc,start       ] GC(55) Pause Young (Allocation Failure)
[1.695s][info][gc,heap        ] GC(55) PSYoungGen: 50304K(57344K)->47616K(55296K) Eden: 13312K(13312K)->0K(7680K) From: 36992K(44032K)->47616K(47616K)
[1.696s][info][gc,heap        ] GC(55) ParOldGen: 241141K(285184K)->243749K(285184K)
[1.696s][info][gc,metaspace   ] GC(55) Metaspace: 6298K(6464K)->6298K(6464K) NonClass: 5764K(5824K)->5764K(5824K) Class: 533K(640K)->533K(640K)
[1.696s][info][gc             ] GC(55) Pause Young (Allocation Failure) 284M->284M(332M) 22.948ms
[1.696s][info][gc,cpu         ] GC(55) User=0.11s Sys=0.03s Real=0.02s
[1.704s][info][gc,start       ] GC(56) Pause Young (Allocation Failure)
[1.728s][info][gc,heap        ] GC(56) PSYoungGen: 55296K(55296K)->44224K(62976K) Eden: 7680K(7680K)->0K(7680K) From: 47616K(47616K)->44224K(55296K)
[1.728s][info][gc,heap        ] GC(56) ParOldGen: 243749K(285184K)->255077K(285184K)
[1.728s][info][gc,metaspace   ] GC(56) Metaspace: 6298K(6464K)->6298K(6464K) NonClass: 5764K(5824K)->5764K(5824K) Class: 533K(640K)->533K(640K)
[1.728s][info][gc             ] GC(56) Pause Young (Allocation Failure) 292M->292M(340M) 24.071ms
[1.728s][info][gc,cpu         ] GC(56) User=0.12s Sys=0.00s Real=0.02s
[1.737s][info][gc,start       ] GC(57) Pause Young (Allocation Failure)
[1.759s][info][gc,heap        ] GC(57) PSYoungGen: 51904K(62976K)->40864K(67072K) Eden: 7680K(7680K)->0K(7680K) From: 44224K(55296K)->40864K(59392K)
[1.759s][info][gc,heap        ] GC(57) ParOldGen: 255077K(285184K)->266317K(285184K)
[1.759s][info][gc,metaspace   ] GC(57) Metaspace: 6298K(6464K)->6298K(6464K) NonClass: 5764K(5824K)->5764K(5824K) Class: 533K(640K)->533K(640K)
[1.759s][info][gc             ] GC(57) Pause Young (Allocation Failure) 299M->299M(344M) 22.427ms
[1.759s][info][gc,cpu         ] GC(57) User=0.14s Sys=0.00s Real=0.02s
[1.759s][info][gc,start       ] GC(58) Pause Full (Ergonomics)
[1.759s][info][gc,phases,start] GC(58) Marking Phase
[1.829s][info][gc,phases      ] GC(58) Marking Phase 69.712ms
[1.829s][info][gc,phases,start] GC(58) Summary Phase
[1.829s][info][gc,phases      ] GC(58) Summary Phase 0.018ms
[1.829s][info][gc,phases,start] GC(58) Adjust Roots
[1.829s][info][gc,phases      ] GC(58) Adjust Roots 0.146ms
[1.829s][info][gc,phases,start] GC(58) Compaction Phase
[1.862s][info][gc,phases      ] GC(58) Compaction Phase 33.343ms
[1.862s][info][gc,phases,start] GC(58) Post Compact
[1.864s][info][gc,phases      ] GC(58) Post Compact 1.381ms
[1.864s][info][gc,heap        ] GC(58) PSYoungGen: 40864K(67072K)->21726K(67072K) Eden: 0K(7680K)->0K(7680K) From: 40864K(59392K)->21726K(59392K)
[1.864s][info][gc,heap        ] GC(58) ParOldGen: 266317K(285184K)->284760K(330240K)
[1.864s][info][gc,metaspace   ] GC(58) Metaspace: 6298K(6464K)->6298K(6464K) NonClass: 5764K(5824K)->5764K(5824K) Class: 533K(640K)->533K(640K)
[1.864s][info][gc             ] GC(58) Pause Full (Ergonomics) 299M->299M(388M) 105.092ms
[1.864s][info][gc,cpu         ] GC(58) User=0.62s Sys=0.00s Real=0.11s
[1.874s][info][gc,start       ] GC(59) Pause Young (Allocation Failure)
[1.900s][info][gc,heap        ] GC(59) PSYoungGen: 29406K(67072K)->16960K(68608K) Eden: 7680K(7680K)->0K(7680K) From: 21726K(59392K)->16960K(60928K)
[1.900s][info][gc,heap        ] GC(59) ParOldGen: 284760K(330240K)->297560K(330240K)
[1.900s][info][gc,metaspace   ] GC(59) Metaspace: 6298K(6464K)->6298K(6464K) NonClass: 5764K(5824K)->5764K(5824K) Class: 533K(640K)->533K(640K)
[1.900s][info][gc             ] GC(59) Pause Young (Allocation Failure) 306M->307M(389M) 25.724ms
[1.900s][info][gc,cpu         ] GC(59) User=0.14s Sys=0.00s Real=0.02s
[1.909s][info][gc,start       ] GC(60) Pause Young (Allocation Failure)
[1.921s][info][gc,heap        ] GC(60) PSYoungGen: 24640K(68608K)->19712K(65024K) Eden: 7680K(7680K)->0K(9216K) From: 16960K(60928K)->19712K(55808K)
[1.921s][info][gc,heap        ] GC(60) ParOldGen: 297560K(330240K)->302568K(330240K)
[1.921s][info][gc,metaspace   ] GC(60) Metaspace: 6298K(6464K)->6298K(6464K) NonClass: 5764K(5824K)->5764K(5824K) Class: 533K(640K)->533K(640K)
[1.921s][info][gc             ] GC(60) Pause Young (Allocation Failure) 314M->314M(386M) 12.810ms
[1.921s][info][gc,cpu         ] GC(60) User=0.02s Sys=0.00s Real=0.01s
[1.932s][info][gc,start       ] GC(61) Pause Young (Allocation Failure)
[1.947s][info][gc,heap        ] GC(61) PSYoungGen: 28928K(65024K)->24672K(34304K) Eden: 9216K(9216K)->0K(9216K) From: 19712K(55808K)->24672K(25088K)
[1.947s][info][gc,heap        ] GC(61) ParOldGen: 302568K(330240K)->306880K(330240K)
[1.947s][info][gc,metaspace   ] GC(61) Metaspace: 6298K(6464K)->6298K(6464K) NonClass: 5764K(5824K)->5764K(5824K) Class: 533K(640K)->533K(640K)
[1.947s][info][gc             ] GC(61) Pause Young (Allocation Failure) 323M->323M(356M) 14.697ms
[1.947s][info][gc,cpu         ] GC(61) User=0.02s Sys=0.00s Real=0.02s
[1.957s][info][gc,start       ] GC(62) Pause Young (Allocation Failure)
[1.974s][info][gc,heap        ] GC(62) PSYoungGen: 33888K(34304K)->18528K(62976K) Eden: 9216K(9216K)->0K(10752K) From: 24672K(25088K)->18528K(52224K)
[1.974s][info][gc,heap        ] GC(62) ParOldGen: 306880K(330240K)->322424K(330240K)
[1.974s][info][gc,metaspace   ] GC(62) Metaspace: 6298K(6464K)->6298K(6464K) NonClass: 5764K(5824K)->5764K(5824K) Class: 533K(640K)->533K(640K)
[1.974s][info][gc             ] GC(62) Pause Young (Allocation Failure) 332M->332M(384M) 16.970ms
[1.974s][info][gc,cpu         ] GC(62) User=0.05s Sys=0.00s Real=0.02s
[1.974s][info][gc,start       ] GC(63) Pause Full (Ergonomics)
[1.974s][info][gc,phases,start] GC(63) Marking Phase
[2.041s][info][gc,phases      ] GC(63) Marking Phase 66.563ms
[2.041s][info][gc,phases,start] GC(63) Summary Phase
[2.041s][info][gc,phases      ] GC(63) Summary Phase 0.023ms
[2.041s][info][gc,phases,start] GC(63) Adjust Roots
[2.041s][info][gc,phases      ] GC(63) Adjust Roots 0.157ms
[2.041s][info][gc,phases,start] GC(63) Compaction Phase
[2.075s][info][gc,phases      ] GC(63) Compaction Phase 33.403ms
[2.075s][info][gc,phases,start] GC(63) Post Compact
[2.076s][info][gc,phases      ] GC(63) Post Compact 1.579ms
[2.077s][info][gc,heap        ] GC(63) PSYoungGen: 18528K(62976K)->10183K(64512K) Eden: 0K(10752K)->0K(12288K) From: 18528K(52224K)->10183K(52224K)
[2.077s][info][gc,heap        ] GC(63) ParOldGen: 322424K(330240K)->329964K(378880K)
[2.077s][info][gc,metaspace   ] GC(63) Metaspace: 6298K(6464K)->6298K(6464K) NonClass: 5764K(5824K)->5764K(5824K) Class: 533K(640K)->533K(640K)
[2.077s][info][gc             ] GC(63) Pause Full (Ergonomics) 332M->332M(433M) 102.246ms
[2.077s][info][gc,cpu         ] GC(63) User=0.67s Sys=0.00s Real=0.10s
[2.090s][info][gc,start       ] GC(64) Pause Young (Allocation Failure)
[2.115s][info][gc,heap        ] GC(64) PSYoungGen: 22471K(64512K)->12448K(66048K) Eden: 12288K(12288K)->0K(12288K) From: 10183K(52224K)->12448K(53760K)
[2.115s][info][gc,heap        ] GC(64) ParOldGen: 329964K(378880K)->340308K(378880K)
[2.115s][info][gc,metaspace   ] GC(64) Metaspace: 6298K(6464K)->6298K(6464K) NonClass: 5764K(5824K)->5764K(5824K) Class: 533K(640K)->533K(640K)
[2.115s][info][gc             ] GC(64) Pause Young (Allocation Failure) 344M->344M(434M) 24.874ms
[2.115s][info][gc,cpu         ] GC(64) User=0.12s Sys=0.02s Real=0.02s
[2.203s][info][gc,start       ] GC(65) Pause Young (Allocation Failure)
[2.224s][info][gc,heap        ] GC(65) PSYoungGen: 24736K(66048K)->12448K(66048K) Eden: 12288K(12288K)->0K(13824K) From: 12448K(53760K)->12448K(52224K)
[2.224s][info][gc,heap        ] GC(65) ParOldGen: 356692K(378880K)->369156K(378880K)
[2.224s][info][gc,metaspace   ] GC(65) Metaspace: 6298K(6464K)->6298K(6464K) NonClass: 5764K(5824K)->5764K(5824K) Class: 533K(640K)->533K(640K)
[2.224s][info][gc             ] GC(65) Pause Young (Allocation Failure) 372M->372M(434M) 21.413ms
[2.224s][info][gc,cpu         ] GC(65) User=0.09s Sys=0.05s Real=0.02s
[2.224s][info][gc,start       ] GC(66) Pause Full (Ergonomics)
[2.224s][info][gc,phases,start] GC(66) Marking Phase
[2.311s][info][gc,phases      ] GC(66) Marking Phase 87.115ms
[2.312s][info][gc,phases,start] GC(66) Summary Phase
[2.312s][info][gc,phases      ] GC(66) Summary Phase 0.028ms
[2.312s][info][gc,phases,start] GC(66) Adjust Roots
[2.312s][info][gc,phases      ] GC(66) Adjust Roots 0.152ms
[2.312s][info][gc,phases,start] GC(66) Compaction Phase
[2.376s][info][gc,phases      ] GC(66) Compaction Phase 64.409ms
[2.376s][info][gc,phases,start] GC(66) Post Compact
[2.378s][info][gc,phases      ] GC(66) Post Compact 1.864ms
[2.378s][info][gc,heap        ] GC(66) PSYoungGen: 12448K(66048K)->0K(66560K) Eden: 0K(13824K)->0K(13824K) From: 12448K(52224K)->0K(52736K)
[2.378s][info][gc,heap        ] GC(66) ParOldGen: 369156K(378880K)->372853K(425472K)
[2.378s][info][gc,metaspace   ] GC(66) Metaspace: 6298K(6464K)->6298K(6464K) NonClass: 5764K(5824K)->5764K(5824K) Class: 533K(640K)->533K(640K)
[2.378s][info][gc             ] GC(66) Pause Full (Ergonomics) 372M->364M(480M) 154.092ms
[2.378s][info][gc,cpu         ] GC(66) User=0.91s Sys=0.00s Real=0.15s
[2.394s][info][gc,start       ] GC(67) Pause Young (Allocation Failure)
[2.403s][info][gc,heap        ] GC(67) PSYoungGen: 13824K(66560K)->13952K(65024K) Eden: 13824K(13824K)->0K(15360K) From: 0K(52736K)->13952K(49664K)
[2.403s][info][gc,heap        ] GC(67) ParOldGen: 372853K(425472K)->372853K(425472K)
[2.403s][info][gc,metaspace   ] GC(67) Metaspace: 6298K(6464K)->6298K(6464K) NonClass: 5764K(5824K)->5764K(5824K) Class: 533K(640K)->533K(640K)
[2.403s][info][gc             ] GC(67) Pause Young (Allocation Failure) 377M->377M(479M) 8.825ms
[2.403s][info][gc,cpu         ] GC(67) User=0.02s Sys=0.00s Real=0.01s
[2.418s][info][gc,start       ] GC(68) Pause Young (Allocation Failure)
[2.433s][info][gc,heap        ] GC(68) PSYoungGen: 29312K(65024K)->29312K(66560K) Eden: 15360K(15360K)->0K(15360K) From: 13952K(49664K)->29312K(51200K)
[2.433s][info][gc,heap        ] GC(68) ParOldGen: 372853K(425472K)->372853K(425472K)
[2.433s][info][gc,metaspace   ] GC(68) Metaspace: 6298K(6464K)->6298K(6464K) NonClass: 5764K(5824K)->5764K(5824K) Class: 533K(640K)->533K(640K)
[2.433s][info][gc             ] GC(68) Pause Young (Allocation Failure) 392M->392M(480M) 15.098ms
[2.433s][info][gc,cpu         ] GC(68) User=0.02s Sys=0.00s Real=0.01s
[2.449s][info][gc,start       ] GC(69) Pause Young (Allocation Failure)
[2.470s][info][gc,heap        ] GC(69) PSYoungGen: 44672K(66560K)->44672K(62976K) Eden: 15360K(15360K)->0K(11776K) From: 29312K(51200K)->44672K(51200K)
[2.470s][info][gc,heap        ] GC(69) ParOldGen: 372853K(425472K)->372853K(425472K)
[2.470s][info][gc,metaspace   ] GC(69) Metaspace: 6298K(6464K)->6298K(6464K) NonClass: 5764K(5824K)->5764K(5824K) Class: 533K(640K)->533K(640K)
[2.470s][info][gc             ] GC(69) Pause Young (Allocation Failure) 407M->407M(477M) 20.884ms
[2.470s][info][gc,cpu         ] GC(69) User=0.12s Sys=0.00s Real=0.02s
[2.481s][info][gc,start       ] GC(70) Pause Young (Allocation Failure)
[2.506s][info][gc,heap        ] GC(70) PSYoungGen: 56448K(62976K)->56320K(68096K) Eden: 11776K(11776K)->0K(11776K) From: 44672K(51200K)->56320K(56320K)
[2.506s][info][gc,heap        ] GC(70) ParOldGen: 372853K(425472K)->372925K(425472K)
[2.506s][info][gc,metaspace   ] GC(70) Metaspace: 6298K(6464K)->6298K(6464K) NonClass: 5764K(5824K)->5764K(5824K) Class: 533K(640K)->533K(640K)
[2.506s][info][gc             ] GC(70) Pause Young (Allocation Failure) 419M->419M(482M) 24.913ms
[2.506s][info][gc,cpu         ] GC(70) User=0.14s Sys=0.00s Real=0.02s
[2.518s][info][gc,start       ] GC(71) Pause Young (Allocation Failure)
[2.550s][info][gc,heap        ] GC(71) PSYoungGen: 68096K(68096K)->54304K(71680K) Eden: 11776K(11776K)->0K(7168K) From: 56320K(56320K)->54304K(64512K)
[2.550s][info][gc,heap        ] GC(71) ParOldGen: 372925K(425472K)->386941K(425472K)
[2.550s][info][gc,metaspace   ] GC(71) Metaspace: 6298K(6464K)->6298K(6464K) NonClass: 5764K(5824K)->5764K(5824K) Class: 533K(640K)->533K(640K)
[2.550s][info][gc             ] GC(71) Pause Young (Allocation Failure) 430M->430M(485M) 31.318ms
[2.550s][info][gc,cpu         ] GC(71) User=0.14s Sys=0.00s Real=0.03s
[2.557s][info][gc,start       ] GC(72) Pause Young (Allocation Failure)
[2.585s][info][gc,heap        ] GC(72) PSYoungGen: 61472K(71680K)->30784K(38400K) Eden: 7168K(7168K)->0K(7168K) From: 54304K(64512K)->30784K(31232K)
[2.585s][info][gc,heap        ] GC(72) ParOldGen: 386941K(425472K)->418029K(425472K)
[2.585s][info][gc,metaspace   ] GC(72) Metaspace: 6298K(6464K)->6298K(6464K) NonClass: 5764K(5824K)->5764K(5824K) Class: 533K(640K)->533K(640K)
[2.585s][info][gc             ] GC(72) Pause Young (Allocation Failure) 437M->438M(453M) 27.792ms
[2.585s][info][gc,cpu         ] GC(72) User=0.14s Sys=0.00s Real=0.03s
[2.585s][info][gc,start       ] GC(73) Pause Full (Ergonomics)
[2.585s][info][gc,phases,start] GC(73) Marking Phase
[2.678s][info][gc,phases      ] GC(73) Marking Phase 93.454ms
[2.678s][info][gc,phases,start] GC(73) Summary Phase
[2.678s][info][gc,phases      ] GC(73) Summary Phase 0.031ms
[2.678s][info][gc,phases,start] GC(73) Adjust Roots
[2.678s][info][gc,phases      ] GC(73) Adjust Roots 0.149ms
[2.678s][info][gc,phases,start] GC(73) Compaction Phase
[2.730s][info][gc,phases      ] GC(73) Compaction Phase 51.956ms
[2.730s][info][gc,phases,start] GC(73) Post Compact
[2.733s][info][gc,phases      ] GC(73) Post Compact 2.095ms
[2.733s][info][gc,heap        ] GC(73) PSYoungGen: 30784K(38400K)->22908K(38400K) Eden: 0K(7168K)->0K(7168K) From: 30784K(31232K)->22908K(31232K)
[2.733s][info][gc,heap        ] GC(73) ParOldGen: 418029K(425472K)->425016K(487936K)
[2.733s][info][gc,metaspace   ] GC(73) Metaspace: 6298K(6464K)->6298K(6464K) NonClass: 5764K(5824K)->5764K(5824K) Class: 533K(640K)->533K(640K)
[2.733s][info][gc             ] GC(73) Pause Full (Ergonomics) 438M->437M(514M) 148.269ms
[2.733s][info][gc,cpu         ] GC(73) User=0.89s Sys=0.00s Real=0.15s
[2.741s][info][gc,start       ] GC(74) Pause Young (Allocation Failure)
[2.771s][info][gc,heap        ] GC(74) PSYoungGen: 30076K(38400K)->12896K(73728K) Eden: 7168K(7168K)->0K(8192K) From: 22908K(31232K)->12896K(65536K)
[2.771s][info][gc,heap        ] GC(74) ParOldGen: 425016K(487936K)->442600K(487936K)
[2.771s][info][gc,metaspace   ] GC(74) Metaspace: 6298K(6464K)->6298K(6464K) NonClass: 5764K(5824K)->5764K(5824K) Class: 533K(640K)->533K(640K)
[2.772s][info][gc             ] GC(74) Pause Young (Allocation Failure) 444M->444M(548M) 30.861ms
[2.772s][info][gc,cpu         ] GC(74) User=0.14s Sys=0.00s Real=0.03s
[2.780s][info][gc,start       ] GC(75) Pause Young (Allocation Failure)
[2.792s][info][gc,heap        ] GC(75) PSYoungGen: 21088K(73728K)->15456K(74240K) Eden: 8192K(8192K)->0K(8192K) From: 12896K(65536K)->15456K(66048K)
[2.792s][info][gc,heap        ] GC(75) ParOldGen: 442600K(487936K)->448280K(487936K)
[2.792s][info][gc,metaspace   ] GC(75) Metaspace: 6298K(6464K)->6298K(6464K) NonClass: 5764K(5824K)->5764K(5824K) Class: 533K(640K)->533K(640K)
[2.792s][info][gc             ] GC(75) Pause Young (Allocation Failure) 452M->452M(549M) 11.319ms
[2.792s][info][gc,cpu         ] GC(75) User=0.00s Sys=0.02s Real=0.01s
[2.800s][info][gc,start       ] GC(76) Pause Young (Allocation Failure)
[2.812s][info][gc,heap        ] GC(76) PSYoungGen: 23648K(74240K)->16448K(70656K) Eden: 8192K(8192K)->0K(9728K) From: 15456K(66048K)->16448K(60928K)
[2.812s][info][gc,heap        ] GC(76) ParOldGen: 448280K(487936K)->455544K(487936K)
[2.813s][info][gc,metaspace   ] GC(76) Metaspace: 6298K(6464K)->6298K(6464K) NonClass: 5764K(5824K)->5764K(5824K) Class: 533K(640K)->533K(640K)
[2.813s][info][gc             ] GC(76) Pause Young (Allocation Failure) 460M->460M(545M) 12.403ms
[2.813s][info][gc,cpu         ] GC(76) User=0.02s Sys=0.00s Real=0.01s
[2.824s][info][gc,start       ] GC(77) Pause Young (Allocation Failure)
[2.837s][info][gc,heap        ] GC(77) PSYoungGen: 26176K(70656K)->9856K(72704K) Eden: 9728K(9728K)->0K(9728K) From: 16448K(60928K)->9856K(62976K)
[2.837s][info][gc,heap        ] GC(77) ParOldGen: 455544K(487936K)->472120K(487936K)
[2.838s][info][gc,metaspace   ] GC(77) Metaspace: 6298K(6464K)->6298K(6464K) NonClass: 5764K(5824K)->5764K(5824K) Class: 533K(640K)->533K(640K)
[2.838s][info][gc             ] GC(77) Pause Young (Allocation Failure) 470M->470M(547M) 13.978ms
[2.838s][info][gc,cpu         ] GC(77) User=0.02s Sys=0.00s Real=0.01s
[2.838s][info][gc,start       ] GC(78) Pause Full (Ergonomics)
[2.838s][info][gc,phases,start] GC(78) Marking Phase
[2.940s][info][gc,phases      ] GC(78) Marking Phase 102.853ms
[2.941s][info][gc,phases,start] GC(78) Summary Phase
[2.941s][info][gc,phases      ] GC(78) Summary Phase 0.024ms
[2.941s][info][gc,phases,start] GC(78) Adjust Roots
[2.941s][info][gc,phases      ] GC(78) Adjust Roots 0.155ms
[2.941s][info][gc,phases,start] GC(78) Compaction Phase
[2.990s][info][gc,phases      ] GC(78) Compaction Phase 48.882ms
[2.990s][info][gc,phases,start] GC(78) Post Compact
[2.992s][info][gc,phases      ] GC(78) Post Compact 2.308ms
[2.992s][info][gc,heap        ] GC(78) PSYoungGen: 9856K(72704K)->0K(73728K) Eden: 0K(9728K)->0K(11264K) From: 9856K(62976K)->0K(62464K)
[2.992s][info][gc,heap        ] GC(78) ParOldGen: 472120K(487936K)->481075K(546816K)
[2.992s][info][gc,metaspace   ] GC(78) Metaspace: 6298K(6464K)->6298K(6464K) NonClass: 5764K(5824K)->5764K(5824K) Class: 533K(640K)->533K(640K)
[2.992s][info][gc             ] GC(78) Pause Full (Ergonomics) 470M->469M(606M) 154.736ms
[2.992s][info][gc,cpu         ] GC(78) User=1.02s Sys=0.00s Real=0.15s
[3.006s][info][gc,start       ] GC(79) Pause Young (Allocation Failure)
[3.015s][info][gc,heap        ] GC(79) PSYoungGen: 11264K(73728K)->11392K(73728K) Eden: 11264K(11264K)->0K(11264K) From: 0K(62464K)->11392K(62464K)
[3.015s][info][gc,heap        ] GC(79) ParOldGen: 481075K(546816K)->481075K(546816K)
[3.015s][info][gc,metaspace   ] GC(79) Metaspace: 6298K(6464K)->6298K(6464K) NonClass: 5764K(5824K)->5764K(5824K) Class: 533K(640K)->533K(640K)
[3.015s][info][gc             ] GC(79) Pause Young (Allocation Failure) 480M->480M(606M) 8.905ms
[3.015s][info][gc,cpu         ] GC(79) User=0.00s Sys=0.00s Real=0.01s
[3.026s][info][gc,start       ] GC(80) Pause Young (Allocation Failure)
[3.039s][info][gc,heap        ] GC(80) PSYoungGen: 22656K(73728K)->22656K(66560K) Eden: 11264K(11264K)->0K(12800K) From: 11392K(62464K)->22656K(53760K)
[3.039s][info][gc,heap        ] GC(80) ParOldGen: 481075K(546816K)->481075K(546816K)
[3.039s][info][gc,metaspace   ] GC(80) Metaspace: 6298K(6464K)->6298K(6464K) NonClass: 5764K(5824K)->5764K(5824K) Class: 533K(640K)->533K(640K)
[3.039s][info][gc             ] GC(80) Pause Young (Allocation Failure) 491M->491M(599M) 12.603ms
[3.039s][info][gc,cpu         ] GC(80) User=0.02s Sys=0.00s Real=0.01s
[3.053s][info][gc,start       ] GC(81) Pause Young (Allocation Failure)
[3.071s][info][gc,heap        ] GC(81) PSYoungGen: 35456K(66560K)->35424K(70144K) Eden: 12800K(12800K)->0K(12800K) From: 22656K(53760K)->35424K(57344K)
[3.071s][info][gc,heap        ] GC(81) ParOldGen: 481075K(546816K)->481075K(546816K)
[3.071s][info][gc,metaspace   ] GC(81) Metaspace: 6298K(6464K)->6298K(6464K) NonClass: 5764K(5824K)->5764K(5824K) Class: 533K(640K)->533K(640K)
[3.071s][info][gc             ] GC(81) Pause Young (Allocation Failure) 504M->504M(602M) 17.817ms
[3.071s][info][gc,cpu         ] GC(81) User=0.12s Sys=0.00s Real=0.02s
[3.084s][info][gc,start       ] GC(82) Pause Young (Allocation Failure)
[3.107s][info][gc,heap        ] GC(82) PSYoungGen: 48224K(70144K)->37024K(71168K) Eden: 12800K(12800K)->0K(12800K) From: 35424K(57344K)->37024K(58368K)
[3.107s][info][gc,heap        ] GC(82) ParOldGen: 481075K(546816K)->492491K(546816K)
[3.107s][info][gc,metaspace   ] GC(82) Metaspace: 6298K(6464K)->6298K(6464K) NonClass: 5764K(5824K)->5764K(5824K) Class: 533K(640K)->533K(640K)
[3.107s][info][gc             ] GC(82) Pause Young (Allocation Failure) 516M->517M(603M) 23.020ms
[3.107s][info][gc,cpu         ] GC(82) User=0.11s Sys=0.02s Real=0.02s
[3.121s][info][gc,start       ] GC(83) Pause Young (Allocation Failure)
[3.145s][info][gc,heap        ] GC(83) PSYoungGen: 49824K(71168K)->38560K(72704K) Eden: 12800K(12800K)->0K(12800K) From: 37024K(58368K)->38560K(59904K)
[3.145s][info][gc,heap        ] GC(83) ParOldGen: 492491K(546816K)->503907K(546816K)
[3.145s][info][gc,metaspace   ] GC(83) Metaspace: 6298K(6464K)->6298K(6464K) NonClass: 5764K(5824K)->5764K(5824K) Class: 533K(640K)->533K(640K)
[3.145s][info][gc             ] GC(83) Pause Young (Allocation Failure) 529M->529M(605M) 23.463ms
[3.145s][info][gc,cpu         ] GC(83) User=0.12s Sys=0.00s Real=0.02s
[3.159s][info][gc,start       ] GC(84) Pause Young (Allocation Failure)
[3.183s][info][gc,heap        ] GC(84) PSYoungGen: 51360K(72704K)->38496K(74240K) Eden: 12800K(12800K)->0K(13312K) From: 38560K(59904K)->38496K(60928K)
[3.183s][info][gc,heap        ] GC(84) ParOldGen: 503907K(546816K)->516883K(546816K)
[3.183s][info][gc,metaspace   ] GC(84) Metaspace: 6298K(6464K)->6298K(6464K) NonClass: 5764K(5824K)->5764K(5824K) Class: 533K(640K)->533K(640K)
[3.183s][info][gc             ] GC(84) Pause Young (Allocation Failure) 542M->542M(606M) 24.440ms
[3.183s][info][gc,cpu         ] GC(84) User=0.14s Sys=0.00s Real=0.02s
[3.198s][info][gc,start       ] GC(85) Pause Young (Allocation Failure)
[3.223s][info][gc,heap        ] GC(85) PSYoungGen: 51808K(74240K)->26208K(39936K) Eden: 13312K(13312K)->0K(13312K) From: 38496K(60928K)->26208K(26624K)
[3.223s][info][gc,heap        ] GC(85) ParOldGen: 516883K(546816K)->542803K(546816K)
[3.223s][info][gc,metaspace   ] GC(85) Metaspace: 6298K(6464K)->6298K(6464K) NonClass: 5764K(5824K)->5764K(5824K) Class: 533K(640K)->533K(640K)
[3.223s][info][gc             ] GC(85) Pause Young (Allocation Failure) 555M->555M(573M) 25.393ms
[3.223s][info][gc,cpu         ] GC(85) User=0.09s Sys=0.03s Real=0.03s
[3.223s][info][gc,start       ] GC(86) Pause Full (Ergonomics)
[3.223s][info][gc,phases,start] GC(86) Marking Phase
[3.348s][info][gc,phases      ] GC(86) Marking Phase 124.576ms
[3.348s][info][gc,phases,start] GC(86) Summary Phase
[3.348s][info][gc,phases      ] GC(86) Summary Phase 0.098ms
[3.348s][info][gc,phases,start] GC(86) Adjust Roots
[3.348s][info][gc,phases      ] GC(86) Adjust Roots 0.176ms
[3.348s][info][gc,phases,start] GC(86) Compaction Phase
[3.403s][info][gc,phases      ] GC(86) Compaction Phase 54.385ms
[3.403s][info][gc,phases,start] GC(86) Post Compact
[3.404s][info][gc,phases      ] GC(86) Post Compact 0.894ms
[3.404s][info][gc,heap        ] GC(86) PSYoungGen: 26208K(39936K)->21450K(39936K) Eden: 0K(13312K)->0K(13312K) From: 26208K(26624K)->21450K(26624K)
[3.404s][info][gc,heap        ] GC(86) ParOldGen: 542803K(546816K)->546445K(617984K)
[3.404s][info][gc,metaspace   ] GC(86) Metaspace: 6298K(6464K)->6298K(6464K) NonClass: 5764K(5824K)->5764K(5824K) Class: 533K(640K)->533K(640K)
[3.404s][info][gc             ] GC(86) Pause Full (Ergonomics) 555M->554M(642M) 180.721ms
[3.404s][info][gc,cpu         ] GC(86) User=1.19s Sys=0.00s Real=0.18s
[3.420s][info][gc,start       ] GC(87) Pause Young (Allocation Failure)
[3.458s][info][gc,heap        ] GC(87) PSYoungGen: 34762K(39936K)->13440K(72192K) Eden: 13312K(13312K)->0K(14848K) From: 21450K(26624K)->13440K(57344K)
[3.458s][info][gc,heap        ] GC(87) ParOldGen: 546445K(617984K)->568229K(617984K)
[3.458s][info][gc,metaspace   ] GC(87) Metaspace: 6298K(6464K)->6298K(6464K) NonClass: 5764K(5824K)->5764K(5824K) Class: 533K(640K)->533K(640K)
[3.458s][info][gc             ] GC(87) Pause Young (Allocation Failure) 567M->568M(674M) 38.574ms
[3.458s][info][gc,cpu         ] GC(87) User=0.23s Sys=0.02s Real=0.04s
[3.474s][info][gc,start       ] GC(88) Pause Young (Allocation Failure)
[3.491s][info][gc,heap        ] GC(88) PSYoungGen: 28288K(72192K)->14944K(73216K) Eden: 14848K(14848K)->0K(14848K) From: 13440K(57344K)->14944K(58368K)
[3.491s][info][gc,heap        ] GC(88) ParOldGen: 568229K(617984K)->581725K(617984K)
[3.491s][info][gc,metaspace   ] GC(88) Metaspace: 6298K(6464K)->6298K(6464K) NonClass: 5764K(5824K)->5764K(5824K) Class: 533K(640K)->533K(640K)
[3.491s][info][gc             ] GC(88) Pause Young (Allocation Failure) 582M->582M(675M) 16.521ms
[3.491s][info][gc,cpu         ] GC(88) User=0.02s Sys=0.00s Real=0.02s
[3.508s][info][gc,start       ] GC(89) Pause Young (Allocation Failure)
[3.525s][info][gc,heap        ] GC(89) PSYoungGen: 29792K(73216K)->14976K(71680K) Eden: 14848K(14848K)->0K(16896K) From: 14944K(58368K)->14976K(54784K)
[3.525s][info][gc,heap        ] GC(89) ParOldGen: 581725K(617984K)->596765K(617984K)
[3.525s][info][gc,metaspace   ] GC(89) Metaspace: 6298K(6464K)->6298K(6464K) NonClass: 5764K(5824K)->5764K(5824K) Class: 533K(640K)->533K(640K)
[3.525s][info][gc             ] GC(89) Pause Young (Allocation Failure) 597M->597M(673M) 17.545ms
[3.525s][info][gc,cpu         ] GC(89) User=0.02s Sys=0.00s Real=0.02s
[3.525s][info][gc,start       ] GC(90) Pause Full (Ergonomics)
[3.525s][info][gc,phases,start] GC(90) Marking Phase
[3.648s][info][gc,phases      ] GC(90) Marking Phase 122.672ms
[3.648s][info][gc,phases,start] GC(90) Summary Phase
[3.648s][info][gc,phases      ] GC(90) Summary Phase 0.025ms
[3.648s][info][gc,phases,start] GC(90) Adjust Roots
[3.648s][info][gc,phases      ] GC(90) Adjust Roots 0.181ms
[3.648s][info][gc,phases,start] GC(90) Compaction Phase
[3.701s][info][gc,phases      ] GC(90) Compaction Phase 52.473ms
[3.701s][info][gc,phases,start] GC(90) Post Compact
[3.702s][info][gc,phases      ] GC(90) Post Compact 0.891ms
[3.702s][info][gc,heap        ] GC(90) PSYoungGen: 14976K(71680K)->0K(72704K) Eden: 0K(16896K)->0K(16896K) From: 14976K(54784K)->0K(55808K)
[3.702s][info][gc,heap        ] GC(90) ParOldGen: 596765K(617984K)->610804K(687104K)
[3.702s][info][gc,metaspace   ] GC(90) Metaspace: 6298K(6464K)->6298K(6464K) NonClass: 5764K(5824K)->5764K(5824K) Class: 533K(640K)->533K(640K)
[3.702s][info][gc             ] GC(90) Pause Full (Ergonomics) 597M->596M(742M) 176.738ms
[3.702s][info][gc,cpu         ] GC(90) User=1.14s Sys=0.02s Real=0.18s
[3.722s][info][gc,start       ] GC(91) Pause Young (Allocation Failure)
[3.733s][info][gc,heap        ] GC(91) PSYoungGen: 16896K(72704K)->17024K(69632K) Eden: 16896K(16896K)->0K(18432K) From: 0K(55808K)->17024K(51200K)
[3.734s][info][gc,heap        ] GC(91) ParOldGen: 610804K(687104K)->610804K(687104K)
[3.734s][info][gc,metaspace   ] GC(91) Metaspace: 6298K(6464K)->6298K(6464K) NonClass: 5764K(5824K)->5764K(5824K) Class: 533K(640K)->533K(640K)
[3.734s][info][gc             ] GC(91) Pause Young (Allocation Failure) 612M->613M(739M) 11.302ms
[3.734s][info][gc,cpu         ] GC(91) User=0.02s Sys=0.00s Real=0.01s
[3.756s][info][gc,start       ] GC(92) Pause Young (Allocation Failure)
[3.776s][info][gc,heap        ] GC(92) PSYoungGen: 35456K(69632K)->35456K(72192K) Eden: 18432K(18432K)->0K(18432K) From: 17024K(51200K)->35456K(53760K)
[3.776s][info][gc,heap        ] GC(92) ParOldGen: 610804K(687104K)->610804K(687104K)
[3.776s][info][gc,metaspace   ] GC(92) Metaspace: 6298K(6464K)->6298K(6464K) NonClass: 5764K(5824K)->5764K(5824K) Class: 533K(640K)->533K(640K)
[3.776s][info][gc             ] GC(92) Pause Young (Allocation Failure) 631M->631M(741M) 19.584ms
[3.776s][info][gc,cpu         ] GC(92) User=0.12s Sys=0.00s Real=0.02s
[3.797s][info][gc,start       ] GC(93) Pause Young (Allocation Failure)
[3.824s][info][gc,heap        ] GC(93) PSYoungGen: 53888K(72192K)->53952K(68096K) Eden: 18432K(18432K)->0K(12800K) From: 35456K(53760K)->53952K(55296K)
[3.824s][info][gc,heap        ] GC(93) ParOldGen: 610804K(687104K)->610804K(687104K)
[3.824s][info][gc,metaspace   ] GC(93) Metaspace: 6298K(6464K)->6298K(6464K) NonClass: 5764K(5824K)->5764K(5824K) Class: 533K(640K)->533K(640K)
[3.824s][info][gc             ] GC(93) Pause Young (Allocation Failure) 649M->649M(737M) 26.643ms
[3.824s][info][gc,cpu         ] GC(93) User=0.14s Sys=0.00s Real=0.03s
[3.840s][info][gc,start       ] GC(94) Pause Young (Allocation Failure)
[3.871s][info][gc,heap        ] GC(94) PSYoungGen: 66752K(68096K)->62976K(75776K) Eden: 12800K(12800K)->0K(12800K) From: 53952K(55296K)->62976K(62976K)
[3.871s][info][gc,heap        ] GC(94) ParOldGen: 610804K(687104K)->614484K(687104K)
[3.871s][info][gc,metaspace   ] GC(94) Metaspace: 6298K(6464K)->6298K(6464K) NonClass: 5764K(5824K)->5764K(5824K) Class: 533K(640K)->533K(640K)
[3.871s][info][gc             ] GC(94) Pause Young (Allocation Failure) 661M->661M(745M) 31.455ms
[3.871s][info][gc,cpu         ] GC(94) User=0.14s Sys=0.00s Real=0.03s
[3.887s][info][gc,start       ] GC(95) Pause Young (Allocation Failure)
[3.922s][info][gc,heap        ] GC(95) PSYoungGen: 75776K(75776K)->42752K(88064K) Eden: 12800K(12800K)->0K(14336K) From: 62976K(62976K)->42752K(73728K)
[3.922s][info][gc,heap        ] GC(95) ParOldGen: 614484K(687104K)->648076K(687104K)
[3.922s][info][gc,metaspace   ] GC(95) Metaspace: 6298K(6464K)->6298K(6464K) NonClass: 5764K(5824K)->5764K(5824K) Class: 533K(640K)->533K(640K)
[3.922s][info][gc             ] GC(95) Pause Young (Allocation Failure) 674M->674M(757M) 34.623ms
[3.922s][info][gc,cpu         ] GC(95) User=0.22s Sys=0.03s Real=0.03s
[3.940s][info][gc,start       ] GC(96) Pause Young (Allocation Failure)
[3.967s][info][gc,heap        ] GC(96) PSYoungGen: 57088K(88064K)->39584K(88064K) Eden: 14336K(14336K)->0K(14336K) From: 42752K(73728K)->39584K(73728K)
[3.967s][info][gc,heap        ] GC(96) ParOldGen: 648076K(687104K)->665844K(687104K)
[3.967s][info][gc,metaspace   ] GC(96) Metaspace: 6298K(6464K)->6298K(6464K) NonClass: 5764K(5824K)->5764K(5824K) Class: 533K(640K)->533K(640K)
[3.967s][info][gc             ] GC(96) Pause Young (Allocation Failure) 688M->688M(757M) 27.737ms
[3.967s][info][gc,cpu         ] GC(96) User=0.14s Sys=0.00s Real=0.03s
[3.968s][info][gc,start       ] GC(97) Pause Full (Ergonomics)
[3.968s][info][gc,phases,start] GC(97) Marking Phase
[4.126s][info][gc,phases      ] GC(97) Marking Phase 158.473ms
[4.126s][info][gc,phases,start] GC(97) Summary Phase
[4.126s][info][gc,phases      ] GC(97) Summary Phase 0.031ms
[4.126s][info][gc,phases,start] GC(97) Adjust Roots
[4.126s][info][gc,phases      ] GC(97) Adjust Roots 0.157ms
[4.126s][info][gc,phases,start] GC(97) Compaction Phase
[4.186s][info][gc,phases      ] GC(97) Compaction Phase 59.111ms
[4.186s][info][gc,phases,start] GC(97) Post Compact
[4.187s][info][gc,phases      ] GC(97) Post Compact 1.089ms
[4.187s][info][gc,heap        ] GC(97) PSYoungGen: 39584K(88064K)->17374K(88064K) Eden: 0K(14336K)->0K(14336K) From: 39584K(73728K)->17374K(73728K)
[4.187s][info][gc,heap        ] GC(97) ParOldGen: 665844K(687104K)->686945K(771584K)
[4.187s][info][gc,metaspace   ] GC(97) Metaspace: 6298K(6464K)->6298K(6464K) NonClass: 5764K(5824K)->5764K(5824K) Class: 533K(640K)->533K(640K)
[4.187s][info][gc             ] GC(97) Pause Full (Ergonomics) 688M->687M(839M) 219.481ms
[4.187s][info][gc,cpu         ] GC(97) User=1.53s Sys=0.00s Real=0.22s
[4.333s][info][gc,start       ] GC(98) Pause Young (Allocation Failure)
[4.376s][info][gc,heap        ] GC(98) PSYoungGen: 31710K(88064K)->26176K(82432K) Eden: 14336K(14336K)->0K(15872K) From: 17374K(73728K)->26176K(66560K)
[4.376s][info][gc,heap        ] GC(98) ParOldGen: 719713K(771584K)->725553K(771584K)
[4.376s][info][gc,metaspace   ] GC(98) Metaspace: 6298K(6464K)->6298K(6464K) NonClass: 5764K(5824K)->5764K(5824K) Class: 533K(640K)->533K(640K)
[4.376s][info][gc             ] GC(98) Pause Young (Allocation Failure) 733M->734M(834M) 43.674ms
[4.376s][info][gc,cpu         ] GC(98) User=0.17s Sys=0.00s Real=0.04s
[4.394s][info][gc,start       ] GC(99) Pause Young (Allocation Failure)
[4.416s][info][gc,heap        ] GC(99) PSYoungGen: 42048K(82432K)->42016K(85504K) Eden: 15872K(15872K)->0K(15872K) From: 26176K(66560K)->42016K(69632K)
[4.416s][info][gc,heap        ] GC(99) ParOldGen: 725553K(771584K)->725553K(771584K)
[4.416s][info][gc,metaspace   ] GC(99) Metaspace: 6298K(6464K)->6298K(6464K) NonClass: 5764K(5824K)->5764K(5824K) Class: 533K(640K)->533K(640K)
[4.416s][info][gc             ] GC(99) Pause Young (Allocation Failure) 749M->749M(837M) 21.992ms
[4.416s][info][gc,cpu         ] GC(99) User=0.06s Sys=0.00s Real=0.02s
[4.432s][info][gc,start       ] GC(100) Pause Young (Allocation Failure)
[4.460s][info][gc,heap        ] GC(100) PSYoungGen: 57888K(85504K)->52928K(83968K) Eden: 15872K(15872K)->0K(14336K) From: 42016K(69632K)->52928K(69632K)
[4.460s][info][gc,heap        ] GC(100) ParOldGen: 725553K(771584K)->730609K(771584K)
[4.460s][info][gc,metaspace   ] GC(100) Metaspace: 6298K(6464K)->6298K(6464K) NonClass: 5764K(5824K)->5764K(5824K) Class: 533K(640K)->533K(640K)
[4.460s][info][gc             ] GC(100) Pause Young (Allocation Failure) 765M->765M(835M) 28.435ms
[4.460s][info][gc,cpu         ] GC(100) User=0.14s Sys=0.00s Real=0.03s
[4.475s][info][gc,start       ] GC(101) Pause Young (Allocation Failure)
[4.507s][info][gc,heap        ] GC(101) PSYoungGen: 67264K(83968K)->60544K(87552K) Eden: 14336K(14336K)->0K(14336K) From: 52928K(69632K)->60544K(73216K)
[4.507s][info][gc,heap        ] GC(101) ParOldGen: 730609K(771584K)->737409K(771584K)
[4.507s][info][gc,metaspace   ] GC(101) Metaspace: 6298K(6464K)->6298K(6464K) NonClass: 5764K(5824K)->5764K(5824K) Class: 533K(640K)->533K(640K)
[4.507s][info][gc             ] GC(101) Pause Young (Allocation Failure) 779M->779M(839M) 32.049ms
[4.507s][info][gc,cpu         ] GC(101) User=0.14s Sys=0.00s Real=0.03s
[4.522s][info][gc,start       ] GC(102) Pause Young (Allocation Failure)
[4.558s][info][gc,heap        ] GC(102) PSYoungGen: 74880K(87552K)->44672K(91648K) Eden: 14336K(14336K)->0K(16384K) From: 60544K(73216K)->44672K(75264K)
[4.558s][info][gc,heap        ] GC(102) ParOldGen: 737409K(771584K)->768001K(771584K)
[4.558s][info][gc,metaspace   ] GC(102) Metaspace: 6298K(6464K)->6298K(6464K) NonClass: 5764K(5824K)->5764K(5824K) Class: 533K(640K)->533K(640K)
[4.558s][info][gc             ] GC(102) Pause Young (Allocation Failure) 793M->793M(843M) 36.273ms
[4.558s][info][gc,cpu         ] GC(102) User=0.25s Sys=0.00s Real=0.04s
[4.558s][info][gc,start       ] GC(103) Pause Full (Ergonomics)
[4.558s][info][gc,phases,start] GC(103) Marking Phase
[4.734s][info][gc,phases      ] GC(103) Marking Phase 175.901ms
[4.734s][info][gc,phases,start] GC(103) Summary Phase
[4.734s][info][gc,phases      ] GC(103) Summary Phase 0.022ms
[4.734s][info][gc,phases,start] GC(103) Adjust Roots
[4.734s][info][gc,phases      ] GC(103) Adjust Roots 0.159ms
[4.734s][info][gc,phases,start] GC(103) Compaction Phase
[4.864s][info][gc,phases      ] GC(103) Compaction Phase 129.634ms
[4.864s][info][gc,phases,start] GC(103) Post Compact
[4.866s][info][gc,phases      ] GC(103) Post Compact 1.569ms
[4.866s][info][gc,heap        ] GC(103) PSYoungGen: 44672K(91648K)->24011K(93184K) Eden: 0K(16384K)->0K(17920K) From: 44672K(75264K)->24011K(75264K)
[4.866s][info][gc,heap        ] GC(103) ParOldGen: 768001K(771584K)->771288K(861696K)
[4.866s][info][gc,metaspace   ] GC(103) Metaspace: 6298K(6464K)->6298K(6464K) NonClass: 5764K(5824K)->5764K(5824K) Class: 533K(640K)->533K(640K)
[4.866s][info][gc             ] GC(103) Pause Full (Ergonomics) 793M->776M(932M) 307.926ms
[4.866s][info][gc,cpu         ] GC(103) User=1.94s Sys=0.00s Real=0.31s
[4.886s][info][gc,start       ] GC(104) Pause Young (Allocation Failure)
[4.936s][info][gc,heap        ] GC(104) PSYoungGen: 41931K(93184K)->26464K(94720K) Eden: 17920K(17920K)->0K(17920K) From: 24011K(75264K)->26464K(76800K)
[4.936s][info][gc,heap        ] GC(104) ParOldGen: 771288K(861696K)->787184K(861696K)
[4.936s][info][gc,metaspace   ] GC(104) Metaspace: 6298K(6464K)->6298K(6464K) NonClass: 5764K(5824K)->5764K(5824K) Class: 533K(640K)->533K(640K)
[4.936s][info][gc             ] GC(104) Pause Young (Allocation Failure) 794M->794M(934M) 49.818ms
[4.936s][info][gc,cpu         ] GC(104) User=0.38s Sys=0.00s Real=0.05s
[4.954s][info][gc,start       ] GC(105) Pause Young (Allocation Failure)
[4.976s][info][gc,heap        ] GC(105) PSYoungGen: 44384K(94720K)->35968K(88064K) Eden: 17920K(17920K)->0K(19968K) From: 26464K(76800K)->35968K(68096K)
[4.976s][info][gc,heap        ] GC(105) ParOldGen: 787184K(861696K)->795664K(861696K)
[4.976s][info][gc,metaspace   ] GC(105) Metaspace: 6298K(6464K)->6298K(6464K) NonClass: 5764K(5824K)->5764K(5824K) Class: 533K(640K)->533K(640K)
[4.976s][info][gc             ] GC(105) Pause Young (Allocation Failure) 812M->812M(927M) 22.653ms
[4.976s][info][gc,cpu         ] GC(105) User=0.11s Sys=0.03s Real=0.02s
[4.998s][info][gc,start       ] GC(106) Pause Young (Allocation Failure)
[5.025s][info][gc,heap        ] GC(106) PSYoungGen: 55936K(88064K)->37984K(58368K) Eden: 19968K(19968K)->0K(19968K) From: 35968K(68096K)->37984K(38400K)
[5.025s][info][gc,heap        ] GC(106) ParOldGen: 795664K(861696K)->813816K(861696K)
[5.025s][info][gc,metaspace   ] GC(106) Metaspace: 6298K(6464K)->6298K(6464K) NonClass: 5764K(5824K)->5764K(5824K) Class: 533K(640K)->533K(640K)
[5.025s][info][gc             ] GC(106) Pause Young (Allocation Failure) 831M->831M(898M) 27.794ms
[5.025s][info][gc,cpu         ] GC(106) User=0.14s Sys=0.00s Real=0.03s
[5.046s][info][gc,start       ] GC(107) Pause Young (Allocation Failure)
[5.076s][info][gc,heap        ] GC(107) PSYoungGen: 57952K(58368K)->40064K(87040K) Eden: 19968K(19968K)->0K(22528K) From: 37984K(38400K)->40064K(64512K)
[5.076s][info][gc,heap        ] GC(107) ParOldGen: 813816K(861696K)->831976K(861696K)
[5.076s][info][gc,metaspace   ] GC(107) Metaspace: 6298K(6464K)->6298K(6464K) NonClass: 5764K(5824K)->5764K(5824K) Class: 533K(640K)->533K(640K)
[5.076s][info][gc             ] GC(107) Pause Young (Allocation Failure) 851M->851M(926M) 29.583ms
[5.076s][info][gc,cpu         ] GC(107) User=0.11s Sys=0.03s Real=0.03s
[5.076s][info][gc,start       ] GC(108) Pause Full (Ergonomics)
[5.076s][info][gc,phases,start] GC(108) Marking Phase
[5.265s][info][gc,phases      ] GC(108) Marking Phase 189.238ms
[5.265s][info][gc,phases,start] GC(108) Summary Phase
[5.265s][info][gc,phases      ] GC(108) Summary Phase 0.026ms
[5.265s][info][gc,phases,start] GC(108) Adjust Roots
[5.265s][info][gc,phases      ] GC(108) Adjust Roots 0.151ms
[5.265s][info][gc,phases,start] GC(108) Compaction Phase
[5.357s][info][gc,phases      ] GC(108) Compaction Phase 91.673ms
[5.357s][info][gc,phases,start] GC(108) Post Compact
[5.359s][info][gc,phases      ] GC(108) Post Compact 1.633ms
[5.359s][info][gc,heap        ] GC(108) PSYoungGen: 40064K(87040K)->9725K(89088K) Eden: 0K(22528K)->0K(24576K) From: 40064K(64512K)->9725K(64512K)
[5.359s][info][gc,heap        ] GC(108) ParOldGen: 831976K(861696K)->861219K(956416K)
[5.359s][info][gc,metaspace   ] GC(108) Metaspace: 6298K(6464K)->6298K(6464K) NonClass: 5764K(5824K)->5764K(5824K) Class: 533K(640K)->533K(640K)
[5.359s][info][gc             ] GC(108) Pause Full (Ergonomics) 851M->850M(1021M) 283.499ms
[5.359s][info][gc,cpu         ] GC(108) User=1.91s Sys=0.00s Real=0.28s
[5.389s][info][gc,start       ] GC(109) Pause Young (Allocation Failure)
[5.441s][info][gc,heap        ] GC(109) PSYoungGen: 34301K(89088K)->30112K(91136K) Eden: 24576K(24576K)->0K(24576K) From: 9725K(64512K)->30112K(66560K)
[5.441s][info][gc,heap        ] GC(109) ParOldGen: 861219K(956416K)->865667K(956416K)
[5.441s][info][gc,metaspace   ] GC(109) Metaspace: 6298K(6464K)->6298K(6464K) NonClass: 5764K(5824K)->5764K(5824K) Class: 533K(640K)->533K(640K)
[5.441s][info][gc             ] GC(109) Pause Young (Allocation Failure) 874M->874M(1023M) 51.765ms
[5.441s][info][gc,cpu         ] GC(109) User=0.28s Sys=0.00s Real=0.05s
[5.468s][info][gc,start       ] GC(110) Pause Young (Allocation Failure)
[5.497s][info][gc,heap        ] GC(110) PSYoungGen: 54688K(91136K)->54688K(88576K) Eden: 24576K(24576K)->0K(23552K) From: 30112K(66560K)->54688K(65024K)
[5.497s][info][gc,heap        ] GC(110) ParOldGen: 865667K(956416K)->865667K(956416K)
[5.497s][info][gc,metaspace   ] GC(110) Metaspace: 6298K(6464K)->6298K(6464K) NonClass: 5764K(5824K)->5764K(5824K) Class: 533K(640K)->533K(640K)
[5.497s][info][gc             ] GC(110) Pause Young (Allocation Failure) 898M->898M(1020M) 28.476ms
[5.497s][info][gc,cpu         ] GC(110) User=0.14s Sys=0.00s Real=0.03s
[5.522s][info][gc,start       ] GC(111) Pause Young (Allocation Failure)
[5.560s][info][gc,heap        ] GC(111) PSYoungGen: 78240K(88576K)->68608K(92160K) Eden: 23552K(23552K)->0K(23552K) From: 54688K(65024K)->68608K(68608K)
[5.560s][info][gc,heap        ] GC(111) ParOldGen: 865667K(956416K)->875323K(956416K)
[5.560s][info][gc,metaspace   ] GC(111) Metaspace: 6298K(6464K)->6298K(6464K) NonClass: 5764K(5824K)->5764K(5824K) Class: 533K(640K)->533K(640K)
[5.560s][info][gc             ] GC(111) Pause Young (Allocation Failure) 921M->921M(1024M) 37.641ms
[5.560s][info][gc,cpu         ] GC(111) User=0.19s Sys=0.06s Real=0.04s
[5.586s][info][gc,start       ] GC(112) Pause Young (Allocation Failure)
[5.631s][info][gc,heap        ] GC(112) PSYoungGen: 92160K(92160K)->67264K(101376K) Eden: 23552K(23552K)->0K(20992K) From: 68608K(68608K)->67264K(80384K)
[5.631s][info][gc,heap        ] GC(112) ParOldGen: 875323K(956416K)->900667K(956416K)
[5.631s][info][gc,metaspace   ] GC(112) Metaspace: 6298K(6464K)->6298K(6464K) NonClass: 5764K(5824K)->5764K(5824K) Class: 533K(640K)->533K(640K)
[5.631s][info][gc             ] GC(112) Pause Young (Allocation Failure) 944M->945M(1033M) 44.939ms
[5.631s][info][gc,cpu         ] GC(112) User=0.25s Sys=0.03s Real=0.05s
[5.655s][info][gc,start       ] GC(113) Pause Young (Allocation Failure)
[5.696s][info][gc,heap        ] GC(113) PSYoungGen: 88256K(101376K)->65664K(106496K) Eden: 20992K(20992K)->0K(20992K) From: 67264K(80384K)->65664K(85504K)
[5.696s][info][gc,heap        ] GC(113) ParOldGen: 900667K(956416K)->923547K(956416K)
[5.696s][info][gc,metaspace   ] GC(113) Metaspace: 6298K(6464K)->6298K(6464K) NonClass: 5764K(5824K)->5764K(5824K) Class: 533K(640K)->533K(640K)
[5.696s][info][gc             ] GC(113) Pause Young (Allocation Failure) 965M->966M(1038M) 41.774ms
[5.697s][info][gc,cpu         ] GC(113) User=0.27s Sys=0.00s Real=0.04s
[5.697s][info][gc,start       ] GC(114) Pause Full (Ergonomics)
[5.697s][info][gc,phases,start] GC(114) Marking Phase
[5.914s][info][gc,phases      ] GC(114) Marking Phase 217.759ms
[5.914s][info][gc,phases,start] GC(114) Summary Phase
[5.914s][info][gc,phases      ] GC(114) Summary Phase 0.038ms
[5.914s][info][gc,phases,start] GC(114) Adjust Roots
[5.915s][info][gc,phases      ] GC(114) Adjust Roots 0.194ms
[5.915s][info][gc,phases,start] GC(114) Compaction Phase
[6.011s][info][gc,phases      ] GC(114) Compaction Phase 95.890ms
[6.011s][info][gc,phases,start] GC(114) Post Compact
[6.012s][info][gc,phases      ] GC(114) Post Compact 1.832ms
[6.013s][info][gc,heap        ] GC(114) PSYoungGen: 65664K(106496K)->31701K(106496K) Eden: 0K(20992K)->0K(20992K) From: 65664K(85504K)->31701K(85504K)
[6.013s][info][gc,heap        ] GC(114) ParOldGen: 923547K(956416K)->956333K(1059840K)
[6.013s][info][gc,metaspace   ] GC(114) Metaspace: 6298K(6464K)->6298K(6464K) NonClass: 5764K(5824K)->5764K(5824K) Class: 533K(640K)->533K(640K)
[6.013s][info][gc             ] GC(114) Pause Full (Ergonomics) 966M->964M(1139M) 316.404ms
[6.013s][info][gc,cpu         ] GC(114) User=2.19s Sys=0.02s Real=0.32s
[6.038s][info][gc,start       ] GC(115) Pause Young (Allocation Failure)
[6.102s][info][gc,heap        ] GC(115) PSYoungGen: 52693K(106496K)->44096K(105472K) Eden: 20992K(20992K)->0K(23552K) From: 31701K(85504K)->44096K(81920K)
[6.102s][info][gc,heap        ] GC(115) ParOldGen: 956333K(1059840K)->965309K(1059840K)
[6.102s][info][gc,metaspace   ] GC(115) Metaspace: 6298K(6464K)->6298K(6464K) NonClass: 5764K(5824K)->5764K(5824K) Class: 533K(640K)->533K(640K)
[6.102s][info][gc             ] GC(115) Pause Young (Allocation Failure) 985M->985M(1138M) 63.792ms
[6.102s][info][gc,cpu         ] GC(115) User=0.39s Sys=0.00s Real=0.06s
[6.128s][info][gc,start       ] GC(116) Pause Young (Allocation Failure)
[6.162s][info][gc,heap        ] GC(116) PSYoungGen: 67648K(105472K)->67648K(109056K) Eden: 23552K(23552K)->0K(23552K) From: 44096K(81920K)->67648K(85504K)
[6.162s][info][gc,heap        ] GC(116) ParOldGen: 965309K(1059840K)->965309K(1059840K)
[6.162s][info][gc,metaspace   ] GC(116) Metaspace: 6298K(6464K)->6298K(6464K) NonClass: 5764K(5824K)->5764K(5824K) Class: 533K(640K)->533K(640K)
[6.162s][info][gc             ] GC(116) Pause Young (Allocation Failure) 1008M->1008M(1141M) 33.795ms
[6.162s][info][gc,cpu         ] GC(116) User=0.17s Sys=0.00s Real=0.03s
[6.187s][info][gc,start       ] GC(117) Pause Young (Allocation Failure)
[6.232s][info][gc,heap        ] GC(117) PSYoungGen: 91200K(109056K)->78240K(109056K) Eden: 23552K(23552K)->0K(19456K) From: 67648K(85504K)->78240K(89600K)
[6.232s][info][gc,heap        ] GC(117) ParOldGen: 965309K(1059840K)->978437K(1059840K)
[6.232s][info][gc,metaspace   ] GC(117) Metaspace: 6298K(6464K)->6298K(6464K) NonClass: 5764K(5824K)->5764K(5824K) Class: 533K(640K)->533K(640K)
[6.232s][info][gc             ] GC(117) Pause Young (Allocation Failure) 1031M->1031M(1141M) 45.260ms
[6.232s][info][gc,cpu         ] GC(117) User=0.27s Sys=0.00s Real=0.05s
[6.254s][info][gc,start       ] GC(118) Pause Young (Allocation Failure)
[6.302s][info][gc,heap        ] GC(118) PSYoungGen: 97696K(109056K)->87744K(115712K) Eden: 19456K(19456K)->0K(19456K) From: 78240K(89600K)->87744K(96256K)
[6.302s][info][gc,heap        ] GC(118) ParOldGen: 978437K(1059840K)->988525K(1059840K)
[6.302s][info][gc,metaspace   ] GC(118) Metaspace: 6298K(6464K)->6298K(6464K) NonClass: 5764K(5824K)->5764K(5824K) Class: 533K(640K)->533K(640K)
[6.302s][info][gc             ] GC(118) Pause Young (Allocation Failure) 1050M->1051M(1148M) 48.462ms
[6.302s][info][gc,cpu         ] GC(118) User=0.38s Sys=0.02s Real=0.05s
[6.324s][info][gc,start       ] GC(119) Pause Young (Allocation Failure)
[6.380s][info][gc,heap        ] GC(119) PSYoungGen: 107200K(115712K)->62656K(122880K) Eden: 19456K(19456K)->0K(22016K) From: 87744K(96256K)->62656K(100864K)
[6.380s][info][gc,heap        ] GC(119) ParOldGen: 988525K(1059840K)->1033645K(1059840K)
[6.380s][info][gc,metaspace   ] GC(119) Metaspace: 6298K(6464K)->6298K(6464K) NonClass: 5764K(5824K)->5764K(5824K) Class: 533K(640K)->533K(640K)
[6.380s][info][gc             ] GC(119) Pause Young (Allocation Failure) 1070M->1070M(1155M) 56.125ms
[6.380s][info][gc,cpu         ] GC(119) User=0.38s Sys=0.00s Real=0.06s
[6.380s][info][gc,start       ] GC(120) Pause Full (Ergonomics)
[6.380s][info][gc,phases,start] GC(120) Marking Phase
[6.623s][info][gc,phases      ] GC(120) Marking Phase 242.902ms
[6.623s][info][gc,phases,start] GC(120) Summary Phase
[6.623s][info][gc,phases      ] GC(120) Summary Phase 0.033ms
[6.623s][info][gc,phases,start] GC(120) Adjust Roots
[6.623s][info][gc,phases      ] GC(120) Adjust Roots 0.147ms
[6.623s][info][gc,phases,start] GC(120) Compaction Phase
[6.725s][info][gc,phases      ] GC(120) Compaction Phase 102.255ms
[6.726s][info][gc,phases,start] GC(120) Post Compact
[6.728s][info][gc,phases      ] GC(120) Post Compact 2.077ms
[6.728s][info][gc,heap        ] GC(120) PSYoungGen: 62656K(122880K)->35281K(124928K) Eden: 0K(22016K)->0K(24064K) From: 62656K(100864K)->35281K(100864K)
[6.728s][info][gc,heap        ] GC(120) ParOldGen: 1033645K(1059840K)->1059599K(1175040K)
[6.728s][info][gc,metaspace   ] GC(120) Metaspace: 6298K(6464K)->6298K(6464K) NonClass: 5764K(5824K)->5764K(5824K) Class: 533K(640K)->533K(640K)
[6.728s][info][gc             ] GC(120) Pause Full (Ergonomics) 1070M->1069M(1269M) 348.158ms
[6.728s][info][gc,cpu         ] GC(120) User=2.45s Sys=0.02s Real=0.35s
[6.757s][info][gc,start       ] GC(121) Pause Young (Allocation Failure)
[6.834s][info][gc,heap        ] GC(121) PSYoungGen: 59345K(124928K)->34336K(126976K) Eden: 24064K(24064K)->0K(24064K) From: 35281K(100864K)->34336K(102912K)
[6.834s][info][gc,heap        ] GC(121) ParOldGen: 1059599K(1175040K)->1085127K(1175040K)
[6.834s][info][gc,metaspace   ] GC(121) Metaspace: 6298K(6464K)->6298K(6464K) NonClass: 5764K(5824K)->5764K(5824K) Class: 533K(640K)->533K(640K)
[6.834s][info][gc             ] GC(121) Pause Young (Allocation Failure) 1092M->1093M(1271M) 76.790ms
[6.834s][info][gc,cpu         ] GC(121) User=0.52s Sys=0.00s Real=0.08s
[6.861s][info][gc,start       ] GC(122) Pause Young (Allocation Failure)
[6.892s][info][gc,heap        ] GC(122) PSYoungGen: 58400K(126976K)->48320K(122368K) Eden: 24064K(24064K)->0K(27136K) From: 34336K(102912K)->48320K(95232K)
[6.893s][info][gc,heap        ] GC(122) ParOldGen: 1085127K(1175040K)->1095375K(1175040K)
[6.893s][info][gc,metaspace   ] GC(122) Metaspace: 6298K(6464K)->6298K(6464K) NonClass: 5764K(5824K)->5764K(5824K) Class: 533K(640K)->533K(640K)
[6.893s][info][gc             ] GC(122) Pause Young (Allocation Failure) 1116M->1116M(1267M) 31.445ms
[6.893s][info][gc,cpu         ] GC(122) User=0.14s Sys=0.00s Real=0.03s
[6.923s][info][gc,start       ] GC(123) Pause Young (Allocation Failure)
[6.963s][info][gc,heap        ] GC(123) PSYoungGen: 75456K(122368K)->51360K(78848K) Eden: 27136K(27136K)->0K(27136K) From: 48320K(95232K)->51360K(51712K)
[6.963s][info][gc,heap        ] GC(123) ParOldGen: 1095375K(1175040K)->1119775K(1175040K)
[6.963s][info][gc,metaspace   ] GC(123) Metaspace: 6298K(6464K)->6298K(6464K) NonClass: 5764K(5824K)->5764K(5824K) Class: 533K(640K)->533K(640K)
[6.963s][info][gc             ] GC(123) Pause Young (Allocation Failure) 1143M->1143M(1224M) 39.758ms
[6.963s][info][gc,cpu         ] GC(123) User=0.25s Sys=0.00s Real=0.04s
[6.996s][info][gc,start       ] GC(124) Pause Young (Allocation Failure)
[7.037s][info][gc,heap        ] GC(124) PSYoungGen: 78496K(78848K)->54464K(117248K) Eden: 27136K(27136K)->0K(30208K) From: 51360K(51712K)->54464K(87040K)
[7.037s][info][gc,heap        ] GC(124) ParOldGen: 1119775K(1175040K)->1144159K(1175040K)
[7.037s][info][gc,metaspace   ] GC(124) Metaspace: 6298K(6464K)->6298K(6464K) NonClass: 5764K(5824K)->5764K(5824K) Class: 533K(640K)->533K(640K)
[7.037s][info][gc             ] GC(124) Pause Young (Allocation Failure) 1170M->1170M(1262M) 40.504ms
[7.037s][info][gc,cpu         ] GC(124) User=0.23s Sys=0.02s Real=0.04s
[7.037s][info][gc,start       ] GC(125) Pause Full (Ergonomics)
[7.037s][info][gc,phases,start] GC(125) Marking Phase
[7.306s][info][gc,phases      ] GC(125) Marking Phase 269.188ms
[7.306s][info][gc,phases,start] GC(125) Summary Phase
[7.306s][info][gc,phases      ] GC(125) Summary Phase 0.036ms
[7.306s][info][gc,phases,start] GC(125) Adjust Roots
[7.306s][info][gc,phases      ] GC(125) Adjust Roots 0.147ms
[7.306s][info][gc,phases,start] GC(125) Compaction Phase
[7.411s][info][gc,phases      ] GC(125) Compaction Phase 104.673ms
[7.411s][info][gc,phases,start] GC(125) Post Compact
[7.413s][info][gc,phases      ] GC(125) Post Compact 2.288ms
[7.414s][info][gc,heap        ] GC(125) PSYoungGen: 54464K(117248K)->22533K(120832K) Eden: 0K(30208K)->0K(33792K) From: 54464K(87040K)->22533K(87040K)
[7.414s][info][gc,heap        ] GC(125) ParOldGen: 1144159K(1175040K)->1174630K(1299968K)
[7.414s][info][gc,metaspace   ] GC(125) Metaspace: 6298K(6464K)->6298K(6464K) NonClass: 5764K(5824K)->5764K(5824K) Class: 533K(640K)->533K(640K)
[7.414s][info][gc             ] GC(125) Pause Full (Ergonomics) 1170M->1169M(1387M) 377.282ms
[7.414s][info][gc,cpu         ] GC(125) User=2.80s Sys=0.00s Real=0.38s
[7.458s][info][gc,start       ] GC(126) Pause Young (Allocation Failure)
[7.534s][info][gc,heap        ] GC(126) PSYoungGen: 56325K(120832K)->46336K(124416K) Eden: 33792K(33792K)->0K(33792K) From: 22533K(87040K)->46336K(90624K)
[7.534s][info][gc,heap        ] GC(126) ParOldGen: 1174630K(1299968K)->1184982K(1299968K)
[7.534s][info][gc,metaspace   ] GC(126) Metaspace: 6298K(6464K)->6298K(6464K) NonClass: 5764K(5824K)->5764K(5824K) Class: 533K(640K)->533K(640K)
[7.534s][info][gc             ] GC(126) Pause Young (Allocation Failure) 1202M->1202M(1391M) 75.677ms
[7.534s][info][gc,cpu         ] GC(126) User=0.47s Sys=0.02s Real=0.07s
[7.577s][info][gc,start       ] GC(127) Pause Young (Allocation Failure)
[7.619s][info][gc,heap        ] GC(127) PSYoungGen: 80128K(124416K)->80128K(118784K) Eden: 33792K(33792K)->0K(30720K) From: 46336K(90624K)->80128K(88064K)
[7.619s][info][gc,heap        ] GC(127) ParOldGen: 1184982K(1299968K)->1184982K(1299968K)
[7.619s][info][gc,metaspace   ] GC(127) Metaspace: 6298K(6464K)->6298K(6464K) NonClass: 5764K(5824K)->5764K(5824K) Class: 533K(640K)->533K(640K)
[7.619s][info][gc             ] GC(127) Pause Young (Allocation Failure) 1235M->1235M(1385M) 41.545ms
[7.619s][info][gc,cpu         ] GC(127) User=0.25s Sys=0.02s Real=0.04s
[7.655s][info][gc,start       ] GC(128) Pause Young (Allocation Failure)
[7.717s][info][gc,heap        ] GC(128) PSYoungGen: 110848K(118784K)->94720K(125440K) Eden: 30720K(30720K)->0K(30720K) From: 80128K(88064K)->94720K(94720K)
[7.717s][info][gc,heap        ] GC(128) ParOldGen: 1184982K(1299968K)->1201270K(1299968K)
[7.717s][info][gc,metaspace   ] GC(128) Metaspace: 6298K(6464K)->6298K(6464K) NonClass: 5764K(5824K)->5764K(5824K) Class: 533K(640K)->533K(640K)
[7.717s][info][gc             ] GC(128) Pause Young (Allocation Failure) 1265M->1265M(1392M) 61.537ms
[7.717s][info][gc,cpu         ] GC(128) User=0.34s Sys=0.05s Real=0.06s
[7.745s][info][gc,start       ] GC(129) Pause Young (Allocation Failure)
[7.805s][info][gc,heap        ] GC(129) PSYoungGen: 125440K(125440K)->73920K(144896K) Eden: 30720K(30720K)->0K(33792K) From: 94720K(94720K)->73920K(111104K)
[7.805s][info][gc,heap        ] GC(129) ParOldGen: 1201270K(1299968K)->1241446K(1299968K)
[7.805s][info][gc,metaspace   ] GC(129) Metaspace: 6298K(6464K)->6298K(6464K) NonClass: 5764K(5824K)->5764K(5824K) Class: 533K(640K)->533K(640K)
[7.805s][info][gc             ] GC(129) Pause Young (Allocation Failure) 1295M->1284M(1411M) 60.324ms
[7.805s][info][gc,cpu         ] GC(129) User=0.39s Sys=0.00s Real=0.06s
[7.843s][info][gc,start       ] GC(130) Pause Young (Allocation Failure)
[7.898s][info][gc,heap        ] GC(130) PSYoungGen: 107712K(144896K)->73664K(144896K) Eden: 33792K(33792K)->0K(33792K) From: 73920K(111104K)->73664K(111104K)
[7.898s][info][gc,heap        ] GC(130) ParOldGen: 1241446K(1299968K)->1269526K(1299968K)
[7.898s][info][gc,metaspace   ] GC(130) Metaspace: 6298K(6464K)->6298K(6464K) NonClass: 5764K(5824K)->5764K(5824K) Class: 533K(640K)->533K(640K)
[7.898s][info][gc             ] GC(130) Pause Young (Allocation Failure) 1317M->1311M(1411M) 54.767ms
[7.898s][info][gc,cpu         ] GC(130) User=0.34s Sys=0.05s Real=0.06s
[7.898s][info][gc,start       ] GC(131) Pause Full (Ergonomics)
[7.898s][info][gc,phases,start] GC(131) Marking Phase
[8.203s][info][gc,phases      ] GC(131) Marking Phase 305.562ms
[8.203s][info][gc,phases,start] GC(131) Summary Phase
[8.203s][info][gc,phases      ] GC(131) Summary Phase 0.035ms
[8.203s][info][gc,phases,start] GC(131) Adjust Roots
[8.204s][info][gc,phases      ] GC(131) Adjust Roots 0.257ms
[8.204s][info][gc,phases,start] GC(131) Compaction Phase
[8.569s][info][gc,phases      ] GC(131) Compaction Phase 365.508ms
[8.569s][info][gc,phases,start] GC(131) Post Compact
[8.572s][info][gc,phases      ] GC(131) Post Compact 2.640ms
[8.573s][info][gc,heap        ] GC(131) PSYoungGen: 73664K(144896K)->41684K(144896K) Eden: 0K(33792K)->0K(33792K) From: 73664K(111104K)->41684K(111104K)
[8.573s][info][gc,heap        ] GC(131) ParOldGen: 1269526K(1299968K)->1299834K(1438208K)
[8.573s][info][gc,metaspace   ] GC(131) Metaspace: 6298K(6464K)->6298K(6464K) NonClass: 5764K(5824K)->5764K(5824K) Class: 533K(640K)->533K(640K)
[8.573s][info][gc             ] GC(131) Pause Full (Ergonomics) 1311M->1310M(1546M) 674.836ms
[8.573s][info][gc,cpu         ] GC(131) User=4.83s Sys=0.00s Real=0.67s
[8.618s][info][gc,start       ] GC(132) Pause Young (Allocation Failure)
[8.713s][info][gc,heap        ] GC(132) PSYoungGen: 75476K(144896K)->61696K(138240K) Eden: 33792K(33792K)->0K(37376K) From: 41684K(111104K)->61696K(100864K)
[8.713s][info][gc,heap        ] GC(132) ParOldGen: 1299834K(1438208K)->1314034K(1438208K)
[8.713s][info][gc,metaspace   ] GC(132) Metaspace: 6298K(6464K)->6298K(6464K) NonClass: 5764K(5824K)->5764K(5824K) Class: 533K(640K)->533K(640K)
[8.713s][info][gc             ] GC(132) Pause Young (Allocation Failure) 1343M->1343M(1539M) 95.315ms
[8.713s][info][gc,cpu         ] GC(132) User=0.61s Sys=0.03s Real=0.10s
[9.006s][info][gc,start       ] GC(133) Pause Young (Allocation Failure)
[9.083s][info][gc,heap        ] GC(133) PSYoungGen: 99072K(138240K)->99136K(143360K) Eden: 37376K(37376K)->0K(37376K) From: 61696K(100864K)->99136K(105984K)
[9.083s][info][gc,heap        ] GC(133) ParOldGen: 1379570K(1438208K)->1379570K(1438208K)
[9.083s][info][gc,metaspace   ] GC(133) Metaspace: 6298K(6464K)->6298K(6464K) NonClass: 5764K(5824K)->5764K(5824K) Class: 533K(640K)->533K(640K)
[9.083s][info][gc             ] GC(133) Pause Young (Allocation Failure) 1443M->1444M(1544M) 77.650ms
[9.083s][info][gc,cpu         ] GC(133) User=0.47s Sys=0.00s Real=0.08s
[9.119s][info][gc,start       ] GC(134) Pause Young (Allocation Failure)
[9.192s][info][gc,heap        ] GC(134) PSYoungGen: 136512K(143360K)->115200K(135168K) Eden: 37376K(37376K)->0K(19968K) From: 99136K(105984K)->115200K(115200K)
[9.192s][info][gc,heap        ] GC(134) ParOldGen: 1379570K(1438208K)->1401050K(1438208K)
[9.192s][info][gc,metaspace   ] GC(134) Metaspace: 6298K(6464K)->6298K(6464K) NonClass: 5764K(5824K)->5764K(5824K) Class: 533K(640K)->533K(640K)
[9.192s][info][gc             ] GC(134) Pause Young (Allocation Failure) 1480M->1480M(1536M) 73.319ms
[9.192s][info][gc,cpu         ] GC(134) User=0.47s Sys=0.05s Real=0.07s
[9.192s][info][gc,start       ] GC(135) Pause Full (Ergonomics)
[9.192s][info][gc,phases,start] GC(135) Marking Phase
[9.525s][info][gc,phases      ] GC(135) Marking Phase 332.367ms
[9.525s][info][gc,phases,start] GC(135) Summary Phase
[9.525s][info][gc,phases      ] GC(135) Summary Phase 0.033ms
[9.525s][info][gc,phases,start] GC(135) Adjust Roots
[9.525s][info][gc,phases      ] GC(135) Adjust Roots 0.168ms
[9.525s][info][gc,phases,start] GC(135) Compaction Phase
[9.767s][info][gc,phases      ] GC(135) Compaction Phase 241.822ms
[9.767s][info][gc,phases,start] GC(135) Post Compact
[9.770s][info][gc,phases      ] GC(135) Post Compact 3.191ms
[9.771s][info][gc,heap        ] GC(135) PSYoungGen: 115200K(135168K)->44951K(135168K) Eden: 0K(19968K)->0K(19968K) From: 115200K(115200K)->44951K(115200K)
[9.771s][info][gc,heap        ] GC(135) ParOldGen: 1401050K(1438208K)->1437782K(1582080K)
[9.771s][info][gc,metaspace   ] GC(135) Metaspace: 6298K(6464K)->6298K(6464K) NonClass: 5764K(5824K)->5764K(5824K) Class: 533K(640K)->533K(640K)
[9.771s][info][gc             ] GC(135) Pause Full (Ergonomics) 1480M->1447M(1677M) 578.568ms
[9.771s][info][gc,cpu         ] GC(135) User=3.62s Sys=0.03s Real=0.58s
[9.790s][info][gc,start       ] GC(136) Pause Young (Allocation Failure)
[9.878s][info][gc,heap        ] GC(136) PSYoungGen: 64919K(135168K)->57536K(77824K) Eden: 19968K(19968K)->0K(19968K) From: 44951K(115200K)->57536K(57856K)
[9.878s][info][gc,heap        ] GC(136) ParOldGen: 1437782K(1582080K)->1445454K(1582080K)
[9.878s][info][gc,metaspace   ] GC(136) Metaspace: 6298K(6464K)->6298K(6464K) NonClass: 5764K(5824K)->5764K(5824K) Class: 533K(640K)->533K(640K)
[9.878s][info][gc             ] GC(136) Pause Young (Allocation Failure) 1467M->1467M(1621M) 87.623ms
[9.878s][info][gc,cpu         ] GC(136) User=0.52s Sys=0.00s Real=0.09s
[9.897s][info][gc,start       ] GC(137) Pause Young (Allocation Failure)
[9.938s][info][gc,heap        ] GC(137) PSYoungGen: 77504K(77824K)->77600K(146432K) Eden: 19968K(19968K)->0K(22016K) From: 57536K(57856K)->77600K(124416K)
[9.938s][info][gc,heap        ] GC(137) ParOldGen: 1445454K(1582080K)->1445454K(1582080K)
[9.939s][info][gc,metaspace   ] GC(137) Metaspace: 6298K(6464K)->6298K(6464K) NonClass: 5764K(5824K)->5764K(5824K) Class: 533K(640K)->533K(640K)
[9.939s][info][gc             ] GC(137) Pause Young (Allocation Failure) 1487M->1487M(1688M) 41.879ms
[9.939s][info][gc,cpu         ] GC(137) User=0.25s Sys=0.00s Real=0.04s
[9.960s][info][gc,start       ] GC(138) Pause Young (Allocation Failure)
[10.010s][info][gc,heap        ] GC(138) PSYoungGen: 99616K(146432K)->99584K(150528K) Eden: 22016K(22016K)->0K(22016K) From: 77600K(124416K)->99584K(128512K)
[10.010s][info][gc,heap        ] GC(138) ParOldGen: 1445454K(1582080K)->1445454K(1582080K)
[10.010s][info][gc,metaspace   ] GC(138) Metaspace: 6298K(6464K)->6298K(6464K) NonClass: 5764K(5824K)->5764K(5824K) Class: 533K(640K)->533K(640K)
[10.010s][info][gc             ] GC(138) Pause Young (Allocation Failure) 1508M->1508M(1692M) 49.702ms
[10.010s][info][gc,cpu         ] GC(138) User=0.30s Sys=0.00s Real=0.05s
[10.034s][info][gc,start       ] GC(139) Pause Young (Allocation Failure)
[10.095s][info][gc,heap        ] GC(139) PSYoungGen: 121600K(150528K)->108928K(151040K) Eden: 22016K(22016K)->0K(17920K) From: 99584K(128512K)->108928K(133120K)
[10.095s][info][gc,heap        ] GC(139) ParOldGen: 1445454K(1582080K)->1458302K(1582080K)
[10.095s][info][gc,metaspace   ] GC(139) Metaspace: 6298K(6464K)->6298K(6464K) NonClass: 5764K(5824K)->5764K(5824K) Class: 533K(640K)->533K(640K)
[10.095s][info][gc             ] GC(139) Pause Young (Allocation Failure) 1530M->1530M(1692M) 60.748ms
[10.095s][info][gc,cpu         ] GC(139) User=0.50s Sys=0.00s Real=0.06s
[10.113s][info][gc,start       ] GC(140) Pause Young (Allocation Failure)
[10.174s][info][gc,heap        ] GC(140) PSYoungGen: 126848K(151040K)->115360K(157696K) Eden: 17920K(17920K)->0K(17920K) From: 108928K(133120K)->115360K(139776K)
[10.174s][info][gc,heap        ] GC(140) ParOldGen: 1458302K(1582080K)->1469902K(1582080K)
[10.174s][info][gc,metaspace   ] GC(140) Metaspace: 6298K(6464K)->6298K(6464K) NonClass: 5764K(5824K)->5764K(5824K) Class: 533K(640K)->533K(640K)
[10.174s][info][gc             ] GC(140) Pause Young (Allocation Failure) 1547M->1548M(1699M) 60.375ms
[10.174s][info][gc,cpu         ] GC(140) User=0.36s Sys=0.02s Real=0.06s
[10.192s][info][gc,start       ] GC(141) Pause Young (Allocation Failure)
[10.257s][info][gc,heap        ] GC(141) PSYoungGen: 133280K(157696K)->100064K(166912K) Eden: 17920K(17920K)->0K(19968K) From: 115360K(139776K)->100064K(146944K)
[10.257s][info][gc,heap        ] GC(141) ParOldGen: 1469902K(1582080K)->1503534K(1582080K)
[10.257s][info][gc,metaspace   ] GC(141) Metaspace: 6298K(6464K)->6298K(6464K) NonClass: 5764K(5824K)->5764K(5824K) Class: 533K(640K)->533K(640K)
[10.257s][info][gc             ] GC(141) Pause Young (Allocation Failure) 1565M->1566M(1708M) 65.703ms
[10.257s][info][gc,cpu         ] GC(141) User=0.41s Sys=0.00s Real=0.06s
[10.277s][info][gc,start       ] GC(142) Pause Young (Allocation Failure)
[10.334s][info][gc,heap        ] GC(142) PSYoungGen: 120032K(166912K)->77984K(98304K) Eden: 19968K(19968K)->0K(19968K) From: 100064K(146944K)->77984K(78336K)
[10.334s][info][gc,heap        ] GC(142) ParOldGen: 1503534K(1582080K)->1546014K(1582080K)
[10.334s][info][gc,metaspace   ] GC(142) Metaspace: 6298K(6464K)->6298K(6464K) NonClass: 5764K(5824K)->5764K(5824K) Class: 533K(640K)->533K(640K)
[10.334s][info][gc             ] GC(142) Pause Young (Allocation Failure) 1585M->1585M(1641M) 57.607ms
[10.334s][info][gc,cpu         ] GC(142) User=0.36s Sys=0.03s Real=0.06s
[10.334s][info][gc,start       ] GC(143) Pause Full (Ergonomics)
[10.334s][info][gc,phases,start] GC(143) Marking Phase
[10.720s][info][gc,phases      ] GC(143) Marking Phase 385.455ms
[10.720s][info][gc,phases,start] GC(143) Summary Phase
[10.720s][info][gc,phases      ] GC(143) Summary Phase 0.033ms
[10.720s][info][gc,phases,start] GC(143) Adjust Roots
[10.720s][info][gc,phases      ] GC(143) Adjust Roots 0.159ms
[10.720s][info][gc,phases,start] GC(143) Compaction Phase
[10.900s][info][gc,phases      ] GC(143) Compaction Phase 179.684ms
[10.900s][info][gc,phases,start] GC(143) Post Compact
[10.903s][info][gc,phases      ] GC(143) Post Compact 3.060ms
[10.903s][info][gc,heap        ] GC(143) PSYoungGen: 77984K(98304K)->40401K(98304K) Eden: 0K(19968K)->0K(19968K) From: 77984K(78336K)->40401K(78336K)
[10.904s][info][gc,heap        ] GC(143) ParOldGen: 1546014K(1582080K)->1581886K(1742848K)
[10.904s][info][gc,metaspace   ] GC(143) Metaspace: 6298K(6464K)->6298K(6464K) NonClass: 5764K(5824K)->5764K(5824K) Class: 533K(640K)->533K(640K)
[10.904s][info][gc             ] GC(143) Pause Full (Ergonomics) 1585M->1584M(1798M) 569.300ms
[10.904s][info][gc,cpu         ] GC(143) User=3.84s Sys=0.05s Real=0.57s
[10.925s][info][gc,start       ] GC(144) Pause Young (Allocation Failure)
[11.022s][info][gc,heap        ] GC(144) PSYoungGen: 60369K(98304K)->38304K(162816K) Eden: 19968K(19968K)->0K(20992K) From: 40401K(78336K)->38304K(141824K)
[11.022s][info][gc,heap        ] GC(144) ParOldGen: 1581886K(1742848K)->1604470K(1742848K)
[11.022s][info][gc,metaspace   ] GC(144) Metaspace: 6298K(6464K)->6298K(6464K) NonClass: 5764K(5824K)->5764K(5824K) Class: 533K(640K)->533K(640K)
[11.022s][info][gc             ] GC(144) Pause Young (Allocation Failure) 1603M->1604M(1861M) 97.568ms
[11.022s][info][gc,cpu         ] GC(144) User=0.61s Sys=0.02s Real=0.10s
[11.043s][info][gc,start       ] GC(145) Pause Young (Allocation Failure)
[11.079s][info][gc,heap        ] GC(145) PSYoungGen: 59296K(162816K)->53024K(164864K) Eden: 20992K(20992K)->0K(20992K) From: 38304K(141824K)->53024K(143872K)
[11.079s][info][gc,heap        ] GC(145) ParOldGen: 1604470K(1742848K)->1610878K(1742848K)
[11.079s][info][gc,metaspace   ] GC(145) Metaspace: 6298K(6464K)->6298K(6464K) NonClass: 5764K(5824K)->5764K(5824K) Class: 533K(640K)->533K(640K)
[11.079s][info][gc             ] GC(145) Pause Young (Allocation Failure) 1624M->1624M(1863M) 35.558ms
[11.079s][info][gc,cpu         ] GC(145) User=0.09s Sys=0.00s Real=0.03s
[11.100s][info][gc,start       ] GC(146) Pause Young (Allocation Failure)
[11.141s][info][gc,heap        ] GC(146) PSYoungGen: 74016K(164864K)->62144K(157696K) Eden: 20992K(20992K)->0K(24064K) From: 53024K(143872K)->62144K(133632K)
[11.141s][info][gc,heap        ] GC(146) ParOldGen: 1610878K(1742848K)->1622886K(1742848K)
[11.141s][info][gc,metaspace   ] GC(146) Metaspace: 6298K(6464K)->6298K(6464K) NonClass: 5764K(5824K)->5764K(5824K) Class: 533K(640K)->533K(640K)
[11.141s][info][gc             ] GC(146) Pause Young (Allocation Failure) 1645M->1645M(1856M) 41.112ms
[11.141s][info][gc,cpu         ] GC(146) User=0.17s Sys=0.00s Real=0.04s
[11.166s][info][gc,start       ] GC(147) Pause Young (Allocation Failure)
[11.212s][info][gc,heap        ] GC(147) PSYoungGen: 86208K(157696K)->45184K(161792K) Eden: 24064K(24064K)->0K(24064K) From: 62144K(133632K)->45184K(137728K)
[11.212s][info][gc,heap        ] GC(147) ParOldGen: 1622886K(1742848K)->1664366K(1742848K)
[11.212s][info][gc,metaspace   ] GC(147) Metaspace: 6298K(6464K)->6298K(6464K) NonClass: 5764K(5824K)->5764K(5824K) Class: 533K(640K)->533K(640K)
[11.212s][info][gc             ] GC(147) Pause Young (Allocation Failure) 1669M->1669M(1860M) 46.061ms
[11.212s][info][gc,cpu         ] GC(147) User=0.25s Sys=0.02s Real=0.05s
[11.239s][info][gc,start       ] GC(148) Pause Young (Allocation Failure)
[11.280s][info][gc,heap        ] GC(148) PSYoungGen: 69248K(161792K)->24192K(162816K) Eden: 24064K(24064K)->0K(26112K) From: 45184K(137728K)->24192K(136704K)
[11.280s][info][gc,heap        ] GC(148) ParOldGen: 1664366K(1742848K)->1709998K(1742848K)
[11.280s][info][gc,metaspace   ] GC(148) Metaspace: 6298K(6464K)->6298K(6464K) NonClass: 5764K(5824K)->5764K(5824K) Class: 533K(640K)->533K(640K)
[11.280s][info][gc             ] GC(148) Pause Young (Allocation Failure) 1692M->1693M(1861M) 41.056ms
[11.280s][info][gc,cpu         ] GC(148) User=0.23s Sys=0.02s Real=0.04s
[11.280s][info][gc,start       ] GC(149) Pause Full (Ergonomics)
[11.280s][info][gc,phases,start] GC(149) Marking Phase
[11.688s][info][gc,phases      ] GC(149) Marking Phase 407.771ms
[11.688s][info][gc,phases,start] GC(149) Summary Phase
[11.688s][info][gc,phases      ] GC(149) Summary Phase 0.040ms
[11.688s][info][gc,phases,start] GC(149) Adjust Roots
[11.688s][info][gc,phases      ] GC(149) Adjust Roots 0.167ms
[11.688s][info][gc,phases,start] GC(149) Compaction Phase
[11.858s][info][gc,phases      ] GC(149) Compaction Phase 170.177ms
[11.858s][info][gc,phases,start] GC(149) Post Compact
[11.861s][info][gc,phases      ] GC(149) Post Compact 3.228ms
[11.862s][info][gc,heap        ] GC(149) PSYoungGen: 24192K(162816K)->0K(164352K) Eden: 0K(26112K)->0K(26112K) From: 24192K(136704K)->0K(138240K)
[11.862s][info][gc,heap        ] GC(149) ParOldGen: 1709998K(1742848K)->1732210K(1775104K)
[11.862s][info][gc,metaspace   ] GC(149) Metaspace: 6298K(6464K)->6298K(6464K) NonClass: 5764K(5824K)->5764K(5824K) Class: 533K(640K)->533K(640K)
[11.862s][info][gc             ] GC(149) Pause Full (Ergonomics) 1693M->1691M(1894M) 581.896ms
[11.862s][info][gc,cpu         ] GC(149) User=4.11s Sys=0.00s Real=0.58s
[11.895s][info][gc,start       ] GC(150) Pause Young (Allocation Failure)
[11.921s][info][gc,heap        ] GC(150) PSYoungGen: 26112K(164352K)->26240K(166912K) Eden: 26112K(26112K)->0K(29184K) From: 0K(138240K)->26240K(137728K)
[11.922s][info][gc,heap        ] GC(150) ParOldGen: 1732210K(1775104K)->1732210K(1775104K)
[11.922s][info][gc,metaspace   ] GC(150) Metaspace: 6298K(6464K)->6298K(6464K) NonClass: 5764K(5824K)->5764K(5824K) Class: 533K(640K)->533K(640K)
[11.922s][info][gc             ] GC(150) Pause Young (Allocation Failure) 1717M->1717M(1896M) 26.140ms
[11.922s][info][gc,cpu         ] GC(150) User=0.02s Sys=0.00s Real=0.03s
[11.922s][info][gc,start       ] GC(151) Pause Full (Ergonomics)
[11.922s][info][gc,phases,start] GC(151) Marking Phase
[12.323s][info][gc,phases      ] GC(151) Marking Phase 401.876ms
[12.324s][info][gc,phases,start] GC(151) Summary Phase
[12.324s][info][gc,phases      ] GC(151) Summary Phase 0.040ms
[12.324s][info][gc,phases,start] GC(151) Adjust Roots
[12.324s][info][gc,phases      ] GC(151) Adjust Roots 0.172ms
[12.324s][info][gc,phases,start] GC(151) Compaction Phase
[12.461s][info][gc,phases      ] GC(151) Compaction Phase 137.255ms
[12.461s][info][gc,phases,start] GC(151) Post Compact
[12.465s][info][gc,phases      ] GC(151) Post Compact 3.424ms
[12.465s][info][gc,heap        ] GC(151) PSYoungGen: 26240K(166912K)->0K(167424K) Eden: 0K(29184K)->0K(29184K) From: 26240K(137728K)->0K(138240K)
[12.465s][info][gc,heap        ] GC(151) ParOldGen: 1732210K(1775104K)->1758290K(1775104K)
[12.465s][info][gc,metaspace   ] GC(151) Metaspace: 6298K(6464K)->6298K(6464K) NonClass: 5764K(5824K)->5764K(5824K) Class: 533K(640K)->533K(640K)
[12.465s][info][gc             ] GC(151) Pause Full (Ergonomics) 1717M->1717M(1897M) 543.178ms
[12.465s][info][gc,cpu         ] GC(151) User=3.95s Sys=0.02s Real=0.54s
[12.498s][info][gc,start       ] GC(152) Pause Full (Ergonomics)
[12.498s][info][gc,phases,start] GC(152) Marking Phase
[12.900s][info][gc,phases      ] GC(152) Marking Phase 401.624ms
[12.900s][info][gc,phases,start] GC(152) Summary Phase
[12.900s][info][gc,phases      ] GC(152) Summary Phase 0.030ms
[12.900s][info][gc,phases,start] GC(152) Adjust Roots
[12.900s][info][gc,phases      ] GC(152) Adjust Roots 0.172ms
[12.900s][info][gc,phases,start] GC(152) Compaction Phase
[13.041s][info][gc,phases      ] GC(152) Compaction Phase 140.602ms
[13.041s][info][gc,phases,start] GC(152) Post Compact
[13.044s][info][gc,phases      ] GC(152) Post Compact 3.428ms
[13.045s][info][gc,heap        ] GC(152) PSYoungGen: 29184K(167424K)->12786K(167424K) Eden: 29184K(29184K)->12786K(29184K) From: 0K(138240K)->0K(138240K)
[13.045s][info][gc,heap        ] GC(152) ParOldGen: 1758290K(1775104K)->1774658K(1775104K)
[13.045s][info][gc,metaspace   ] GC(152) Metaspace: 6298K(6464K)->6298K(6464K) NonClass: 5764K(5824K)->5764K(5824K) Class: 533K(640K)->533K(640K)
[13.045s][info][gc             ] GC(152) Pause Full (Ergonomics) 1745M->1745M(1897M) 546.255ms
[13.045s][info][gc,cpu         ] GC(152) User=3.91s Sys=0.00s Real=0.55s
[13.063s][info][gc,start       ] GC(153) Pause Full (Ergonomics)
[13.063s][info][gc,phases,start] GC(153) Marking Phase
[13.477s][info][gc,phases      ] GC(153) Marking Phase 413.681ms
[13.477s][info][gc,phases,start] GC(153) Summary Phase
[13.477s][info][gc,phases      ] GC(153) Summary Phase 0.030ms
[13.477s][info][gc,phases,start] GC(153) Adjust Roots
[13.477s][info][gc,phases      ] GC(153) Adjust Roots 0.170ms
[13.477s][info][gc,phases,start] GC(153) Compaction Phase
[13.596s][info][gc,phases      ] GC(153) Compaction Phase 118.251ms
[13.596s][info][gc,phases,start] GC(153) Post Compact
[13.599s][info][gc,phases      ] GC(153) Post Compact 3.212ms
[13.599s][info][gc,heap        ] GC(153) PSYoungGen: 29184K(167424K)->29166K(167424K) Eden: 29184K(29184K)->29166K(29184K) From: 0K(138240K)->0K(138240K)
[13.599s][info][gc,heap        ] GC(153) ParOldGen: 1774658K(1775104K)->1774658K(1775104K)
[13.599s][info][gc,metaspace   ] GC(153) Metaspace: 6298K(6464K)->6298K(6464K) NonClass: 5764K(5824K)->5764K(5824K) Class: 533K(640K)->533K(640K)
[13.599s][info][gc             ] GC(153) Pause Full (Ergonomics) 1761M->1761M(1897M) 535.732ms
[13.599s][info][gc,cpu         ] GC(153) User=3.84s Sys=0.00s Real=0.54s
[13.599s][info][gc,start       ] GC(154) Pause Full (Ergonomics)
[13.599s][info][gc,phases,start] GC(154) Marking Phase
[14.015s][info][gc,phases      ] GC(154) Marking Phase 415.354ms
[14.015s][info][gc,phases,start] GC(154) Summary Phase
[14.015s][info][gc,phases      ] GC(154) Summary Phase 0.031ms
[14.015s][info][gc,phases,start] GC(154) Adjust Roots
[14.015s][info][gc,phases      ] GC(154) Adjust Roots 0.212ms
[14.015s][info][gc,phases,start] GC(154) Compaction Phase
[14.141s][info][gc,phases      ] GC(154) Compaction Phase 126.290ms
[14.141s][info][gc,phases,start] GC(154) Post Compact
[14.145s][info][gc,phases      ] GC(154) Post Compact 3.125ms
[14.145s][info][gc,heap        ] GC(154) PSYoungGen: 29184K(167424K)->29183K(167424K) Eden: 29184K(29184K)->29183K(29184K) From: 0K(138240K)->0K(138240K)
[14.145s][info][gc,heap        ] GC(154) ParOldGen: 1774658K(1775104K)->1774658K(1775104K)
[14.145s][info][gc,metaspace   ] GC(154) Metaspace: 6298K(6464K)->6298K(6464K) NonClass: 5764K(5824K)->5764K(5824K) Class: 533K(640K)->533K(640K)
[14.145s][info][gc             ] GC(154) Pause Full (Ergonomics) 1761M->1761M(1897M) 545.366ms
[14.145s][info][gc,cpu         ] GC(154) User=3.77s Sys=0.00s Real=0.55s
[14.145s][info][gc,start       ] GC(155) Pause Full (Ergonomics)
[14.145s][info][gc,phases,start] GC(155) Marking Phase
[14.565s][info][gc,phases      ] GC(155) Marking Phase 419.667ms
[14.565s][info][gc,phases,start] GC(155) Summary Phase
[14.565s][info][gc,phases      ] GC(155) Summary Phase 0.050ms
[14.565s][info][gc,phases,start] GC(155) Adjust Roots
[14.565s][info][gc,phases      ] GC(155) Adjust Roots 0.263ms
[14.565s][info][gc,phases,start] GC(155) Compaction Phase
[14.707s][info][gc,phases      ] GC(155) Compaction Phase 142.138ms
[14.707s][info][gc,phases,start] GC(155) Post Compact
[14.711s][info][gc,phases      ] GC(155) Post Compact 3.642ms
[14.711s][info][gc,heap        ] GC(155) PSYoungGen: 29183K(167424K)->29183K(167424K) Eden: 29183K(29184K)->29183K(29184K) From: 0K(138240K)->0K(138240K)
[14.711s][info][gc,heap        ] GC(155) ParOldGen: 1774658K(1775104K)->1774658K(1775104K)
[14.711s][info][gc,metaspace   ] GC(155) Metaspace: 6298K(6464K)->6298K(6464K) NonClass: 5764K(5824K)->5764K(5824K) Class: 533K(640K)->533K(640K)
[14.711s][info][gc             ] GC(155) Pause Full (Ergonomics) 1761M->1761M(1897M) 566.165ms
[14.711s][info][gc,cpu         ] GC(155) User=4.03s Sys=0.00s Real=0.57s
[14.711s][info][gc,start       ] GC(156) Pause Full (Ergonomics)
[14.711s][info][gc,phases,start] GC(156) Marking Phase
[15.146s][info][gc,phases      ] GC(156) Marking Phase 435.020ms
[15.146s][info][gc,phases,start] GC(156) Summary Phase
[15.146s][info][gc,phases      ] GC(156) Summary Phase 0.050ms
[15.146s][info][gc,phases,start] GC(156) Adjust Roots
[15.147s][info][gc,phases      ] GC(156) Adjust Roots 0.242ms
[15.147s][info][gc,phases,start] GC(156) Compaction Phase
[15.270s][info][gc,phases      ] GC(156) Compaction Phase 123.074ms
[15.270s][info][gc,phases,start] GC(156) Post Compact
[15.273s][info][gc,phases      ] GC(156) Post Compact 3.313ms
[15.273s][info][gc,heap        ] GC(156) PSYoungGen: 29183K(167424K)->29183K(167424K) Eden: 29183K(29184K)->29183K(29184K) From: 0K(138240K)->0K(138240K)
[15.273s][info][gc,heap        ] GC(156) ParOldGen: 1774663K(1775104K)->1774663K(1775104K)
[15.273s][info][gc,metaspace   ] GC(156) Metaspace: 6298K(6464K)->6298K(6464K) NonClass: 5764K(5824K)->5764K(5824K) Class: 533K(640K)->533K(640K)
[15.273s][info][gc             ] GC(156) Pause Full (Ergonomics) 1761M->1761M(1897M) 562.029ms
[15.273s][info][gc,cpu         ] GC(156) User=3.95s Sys=0.00s Real=0.56s
[15.274s][info][gc,start       ] GC(157) Pause Full (Ergonomics)
[15.274s][info][gc,phases,start] GC(157) Marking Phase
[15.686s][info][gc,phases      ] GC(157) Marking Phase 411.967ms
[15.686s][info][gc,phases,start] GC(157) Summary Phase
[15.686s][info][gc,phases      ] GC(157) Summary Phase 0.043ms
[15.686s][info][gc,phases,start] GC(157) Adjust Roots
[15.686s][info][gc,phases      ] GC(157) Adjust Roots 0.236ms
[15.686s][info][gc,phases,start] GC(157) Compaction Phase
[15.818s][info][gc,phases      ] GC(157) Compaction Phase 132.422ms
[15.818s][info][gc,phases,start] GC(157) Post Compact
[15.822s][info][gc,phases      ] GC(157) Post Compact 3.314ms
[15.822s][info][gc,heap        ] GC(157) PSYoungGen: 29183K(167424K)->29183K(167424K) Eden: 29183K(29184K)->29183K(29184K) From: 0K(138240K)->0K(138240K)
[15.822s][info][gc,heap        ] GC(157) ParOldGen: 1774667K(1775104K)->1774667K(1775104K)
[15.822s][info][gc,metaspace   ] GC(157) Metaspace: 6298K(6464K)->6298K(6464K) NonClass: 5764K(5824K)->5764K(5824K) Class: 533K(640K)->533K(640K)
[15.822s][info][gc             ] GC(157) Pause Full (Ergonomics) 1761M->1761M(1897M) 548.357ms
[15.822s][info][gc,cpu         ] GC(157) User=3.88s Sys=0.00s Real=0.55s
[15.822s][info][gc,start       ] GC(158) Pause Full (Ergonomics)
[15.822s][info][gc,phases,start] GC(158) Marking Phase
[16.248s][info][gc,phases      ] GC(158) Marking Phase 425.806ms
[16.248s][info][gc,phases,start] GC(158) Summary Phase
[16.248s][info][gc,phases      ] GC(158) Summary Phase 0.031ms
[16.248s][info][gc,phases,start] GC(158) Adjust Roots
[16.248s][info][gc,phases      ] GC(158) Adjust Roots 0.160ms
[16.248s][info][gc,phases,start] GC(158) Compaction Phase
[16.375s][info][gc,phases      ] GC(158) Compaction Phase 126.247ms
[16.375s][info][gc,phases,start] GC(158) Post Compact
[16.378s][info][gc,phases      ] GC(158) Post Compact 3.148ms
[16.378s][info][gc,heap        ] GC(158) PSYoungGen: 29183K(167424K)->29183K(167424K) Eden: 29183K(29184K)->29183K(29184K) From: 0K(138240K)->0K(138240K)
[16.378s][info][gc,heap        ] GC(158) ParOldGen: 1774672K(1775104K)->1774672K(1775104K)
[16.378s][info][gc,metaspace   ] GC(158) Metaspace: 6298K(6464K)->6298K(6464K) NonClass: 5764K(5824K)->5764K(5824K) Class: 533K(640K)->533K(640K)
[16.378s][info][gc             ] GC(158) Pause Full (Ergonomics) 1761M->1761M(1897M) 555.743ms
[16.378s][info][gc,cpu         ] GC(158) User=4.03s Sys=0.00s Real=0.56s
[16.378s][info][gc,start       ] GC(159) Pause Full (Ergonomics)
[16.378s][info][gc,phases,start] GC(159) Marking Phase
[16.808s][info][gc,phases      ] GC(159) Marking Phase 429.787ms
[16.808s][info][gc,phases,start] GC(159) Summary Phase
[16.808s][info][gc,phases      ] GC(159) Summary Phase 0.047ms
[16.808s][info][gc,phases,start] GC(159) Adjust Roots
[16.808s][info][gc,phases      ] GC(159) Adjust Roots 0.289ms
[16.808s][info][gc,phases,start] GC(159) Compaction Phase
[16.938s][info][gc,phases      ] GC(159) Compaction Phase 129.963ms
[16.938s][info][gc,phases,start] GC(159) Post Compact
[16.942s][info][gc,phases      ] GC(159) Post Compact 3.887ms
[16.942s][info][gc,heap        ] GC(159) PSYoungGen: 29183K(167424K)->29183K(167424K) Eden: 29183K(29184K)->29183K(29184K) From: 0K(138240K)->0K(138240K)
[16.942s][info][gc,heap        ] GC(159) ParOldGen: 1774677K(1775104K)->1774677K(1775104K)
[16.942s][info][gc,metaspace   ] GC(159) Metaspace: 6298K(6464K)->6298K(6464K) NonClass: 5764K(5824K)->5764K(5824K) Class: 533K(640K)->533K(640K)
[16.943s][info][gc             ] GC(159) Pause Full (Ergonomics) 1761M->1761M(1897M) 564.434ms
[16.943s][info][gc,cpu         ] GC(159) User=3.88s Sys=0.02s Real=0.57s
[16.943s][info][gc,start       ] GC(160) Pause Full (Ergonomics)
[16.943s][info][gc,phases,start] GC(160) Marking Phase
[17.372s][info][gc,phases      ] GC(160) Marking Phase 428.966ms
[17.372s][info][gc,phases,start] GC(160) Summary Phase
[17.372s][info][gc,phases      ] GC(160) Summary Phase 0.033ms
[17.372s][info][gc,phases,start] GC(160) Adjust Roots
[17.372s][info][gc,phases      ] GC(160) Adjust Roots 0.193ms
[17.372s][info][gc,phases,start] GC(160) Compaction Phase
[17.490s][info][gc,phases      ] GC(160) Compaction Phase 118.215ms
[17.490s][info][gc,phases,start] GC(160) Post Compact
[17.494s][info][gc,phases      ] GC(160) Post Compact 3.566ms
[17.494s][info][gc,heap        ] GC(160) PSYoungGen: 29183K(167424K)->29183K(167424K) Eden: 29183K(29184K)->29183K(29184K) From: 0K(138240K)->0K(138240K)
[17.494s][info][gc,heap        ] GC(160) ParOldGen: 1774681K(1775104K)->1774681K(1775104K)
[17.494s][info][gc,metaspace   ] GC(160) Metaspace: 6298K(6464K)->6298K(6464K) NonClass: 5764K(5824K)->5764K(5824K) Class: 533K(640K)->533K(640K)
[17.494s][info][gc             ] GC(160) Pause Full (Ergonomics) 1761M->1761M(1897M) 551.320ms
[17.494s][info][gc,cpu         ] GC(160) User=3.77s Sys=0.00s Real=0.55s
[17.494s][info][gc,start       ] GC(161) Pause Full (Ergonomics)
[17.494s][info][gc,phases,start] GC(161) Marking Phase
[17.917s][info][gc,phases      ] GC(161) Marking Phase 422.673ms
[17.917s][info][gc,phases,start] GC(161) Summary Phase
[17.917s][info][gc,phases      ] GC(161) Summary Phase 0.053ms
[17.917s][info][gc,phases,start] GC(161) Adjust Roots
[17.918s][info][gc,phases      ] GC(161) Adjust Roots 0.299ms
[17.918s][info][gc,phases,start] GC(161) Compaction Phase
[18.058s][info][gc,phases      ] GC(161) Compaction Phase 140.693ms
[18.058s][info][gc,phases,start] GC(161) Post Compact
[18.062s][info][gc,phases      ] GC(161) Post Compact 4.026ms
[18.063s][info][gc,heap        ] GC(161) PSYoungGen: 29183K(167424K)->29183K(167424K) Eden: 29183K(29184K)->29183K(29184K) From: 0K(138240K)->0K(138240K)
[18.063s][info][gc,heap        ] GC(161) ParOldGen: 1774686K(1775104K)->1774686K(1775104K)
[18.063s][info][gc,metaspace   ] GC(161) Metaspace: 6298K(6464K)->6298K(6464K) NonClass: 5764K(5824K)->5764K(5824K) Class: 533K(640K)->533K(640K)
[18.063s][info][gc             ] GC(161) Pause Full (Ergonomics) 1761M->1761M(1897M) 568.209ms
[18.063s][info][gc,cpu         ] GC(161) User=4.06s Sys=0.00s Real=0.57s
[18.063s][info][gc,start       ] GC(162) Pause Full (Ergonomics)
[18.063s][info][gc,phases,start] GC(162) Marking Phase
[18.474s][info][gc,phases      ] GC(162) Marking Phase 411.054ms
[18.474s][info][gc,phases,start] GC(162) Summary Phase
[18.474s][info][gc,phases      ] GC(162) Summary Phase 0.029ms
[18.474s][info][gc,phases,start] GC(162) Adjust Roots
[18.474s][info][gc,phases      ] GC(162) Adjust Roots 0.164ms
[18.474s][info][gc,phases,start] GC(162) Compaction Phase
[18.606s][info][gc,phases      ] GC(162) Compaction Phase 131.614ms
[18.606s][info][gc,phases,start] GC(162) Post Compact
[18.609s][info][gc,phases      ] GC(162) Post Compact 3.325ms
[18.609s][info][gc,heap        ] GC(162) PSYoungGen: 29183K(167424K)->29183K(167424K) Eden: 29183K(29184K)->29183K(29184K) From: 0K(138240K)->0K(138240K)
[18.609s][info][gc,heap        ] GC(162) ParOldGen: 1774691K(1775104K)->1774691K(1775104K)
[18.609s][info][gc,metaspace   ] GC(162) Metaspace: 6298K(6464K)->6298K(6464K) NonClass: 5764K(5824K)->5764K(5824K) Class: 533K(640K)->533K(640K)
[18.609s][info][gc             ] GC(162) Pause Full (Ergonomics) 1761M->1761M(1897M) 546.551ms
[18.609s][info][gc,cpu         ] GC(162) User=3.97s Sys=0.00s Real=0.55s
[18.610s][info][gc,start       ] GC(163) Pause Full (Ergonomics)
[18.610s][info][gc,phases,start] GC(163) Marking Phase
[19.013s][info][gc,phases      ] GC(163) Marking Phase 403.602ms
[19.013s][info][gc,phases,start] GC(163) Summary Phase
[19.013s][info][gc,phases      ] GC(163) Summary Phase 0.030ms
[19.013s][info][gc,phases,start] GC(163) Adjust Roots
[19.014s][info][gc,phases      ] GC(163) Adjust Roots 0.161ms
[19.014s][info][gc,phases,start] GC(163) Compaction Phase
[19.140s][info][gc,phases      ] GC(163) Compaction Phase 126.473ms
[19.140s][info][gc,phases,start] GC(163) Post Compact
[19.143s][info][gc,phases      ] GC(163) Post Compact 3.362ms
[19.144s][info][gc,heap        ] GC(163) PSYoungGen: 29183K(167424K)->29183K(167424K) Eden: 29183K(29184K)->29183K(29184K) From: 0K(138240K)->0K(138240K)
[19.144s][info][gc,heap        ] GC(163) ParOldGen: 1774695K(1775104K)->1774695K(1775104K)
[19.144s][info][gc,metaspace   ] GC(163) Metaspace: 6298K(6464K)->6298K(6464K) NonClass: 5764K(5824K)->5764K(5824K) Class: 533K(640K)->533K(640K)
[19.144s][info][gc             ] GC(163) Pause Full (Ergonomics) 1761M->1761M(1897M) 534.008ms
[19.144s][info][gc,cpu         ] GC(163) User=3.83s Sys=0.00s Real=0.53s
[19.144s][info][gc,start       ] GC(164) Pause Full (Ergonomics)
[19.144s][info][gc,phases,start] GC(164) Marking Phase
[19.547s][info][gc,phases      ] GC(164) Marking Phase 403.042ms
[19.547s][info][gc,phases,start] GC(164) Summary Phase
[19.547s][info][gc,phases      ] GC(164) Summary Phase 0.030ms
[19.547s][info][gc,phases,start] GC(164) Adjust Roots
[19.547s][info][gc,phases      ] GC(164) Adjust Roots 0.168ms
[19.547s][info][gc,phases,start] GC(164) Compaction Phase
[19.677s][info][gc,phases      ] GC(164) Compaction Phase 129.297ms
[19.677s][info][gc,phases,start] GC(164) Post Compact
[19.680s][info][gc,phases      ] GC(164) Post Compact 3.100ms
[19.680s][info][gc,heap        ] GC(164) PSYoungGen: 29183K(167424K)->29183K(167424K) Eden: 29183K(29184K)->29183K(29184K) From: 0K(138240K)->0K(138240K)
[19.680s][info][gc,heap        ] GC(164) ParOldGen: 1774700K(1775104K)->1774700K(1775104K)
[19.680s][info][gc,metaspace   ] GC(164) Metaspace: 6298K(6464K)->6298K(6464K) NonClass: 5764K(5824K)->5764K(5824K) Class: 533K(640K)->533K(640K)
[19.680s][info][gc             ] GC(164) Pause Full (Ergonomics) 1761M->1761M(1897M) 536.001ms
[19.680s][info][gc,cpu         ] GC(164) User=3.92s Sys=0.02s Real=0.54s
[19.680s][info][gc,start       ] GC(165) Pause Full (Ergonomics)
[19.680s][info][gc,phases,start] GC(165) Marking Phase
[20.094s][info][gc,phases      ] GC(165) Marking Phase 414.308ms
[20.094s][info][gc,phases,start] GC(165) Summary Phase
[20.095s][info][gc,phases      ] GC(165) Summary Phase 0.029ms
[20.095s][info][gc,phases,start] GC(165) Adjust Roots
[20.095s][info][gc,phases      ] GC(165) Adjust Roots 0.163ms
[20.095s][info][gc,phases,start] GC(165) Compaction Phase
[20.219s][info][gc,phases      ] GC(165) Compaction Phase 124.295ms
[20.219s][info][gc,phases,start] GC(165) Post Compact
[20.223s][info][gc,phases      ] GC(165) Post Compact 3.923ms
[20.223s][info][gc,heap        ] GC(165) PSYoungGen: 29183K(167424K)->29183K(167424K) Eden: 29183K(29184K)->29183K(29184K) From: 0K(138240K)->0K(138240K)
[20.223s][info][gc,heap        ] GC(165) ParOldGen: 1774705K(1775104K)->1774705K(1775104K)
[20.223s][info][gc,metaspace   ] GC(165) Metaspace: 6298K(6464K)->6298K(6464K) NonClass: 5764K(5824K)->5764K(5824K) Class: 533K(640K)->533K(640K)
[20.223s][info][gc             ] GC(165) Pause Full (Ergonomics) 1761M->1761M(1897M) 543.070ms
[20.223s][info][gc,cpu         ] GC(165) User=3.92s Sys=0.00s Real=0.54s
[20.223s][info][gc,start       ] GC(166) Pause Full (Ergonomics)
[20.223s][info][gc,phases,start] GC(166) Marking Phase
[20.636s][info][gc,phases      ] GC(166) Marking Phase 412.297ms
[20.636s][info][gc,phases,start] GC(166) Summary Phase
[20.636s][info][gc,phases      ] GC(166) Summary Phase 0.029ms
[20.636s][info][gc,phases,start] GC(166) Adjust Roots
[20.636s][info][gc,phases      ] GC(166) Adjust Roots 0.165ms
[20.636s][info][gc,phases,start] GC(166) Compaction Phase
[20.754s][info][gc,phases      ] GC(166) Compaction Phase 118.482ms
[20.755s][info][gc,phases,start] GC(166) Post Compact
[20.757s][info][gc,phases      ] GC(166) Post Compact 2.784ms
[20.757s][info][gc,heap        ] GC(166) PSYoungGen: 29183K(167424K)->29183K(167424K) Eden: 29183K(29184K)->29183K(29184K) From: 0K(138240K)->0K(138240K)
[20.757s][info][gc,heap        ] GC(166) ParOldGen: 1774709K(1775104K)->1774709K(1775104K)
[20.757s][info][gc,metaspace   ] GC(166) Metaspace: 6298K(6464K)->6298K(6464K) NonClass: 5764K(5824K)->5764K(5824K) Class: 533K(640K)->533K(640K)
[20.757s][info][gc             ] GC(166) Pause Full (Ergonomics) 1761M->1761M(1897M) 534.091ms
[20.757s][info][gc,cpu         ] GC(166) User=3.86s Sys=0.00s Real=0.53s
[20.758s][info][gc,start       ] GC(167) Pause Full (Ergonomics)
[20.758s][info][gc,phases,start] GC(167) Marking Phase
[21.166s][info][gc,phases      ] GC(167) Marking Phase 408.623ms
[21.166s][info][gc,phases,start] GC(167) Summary Phase
[21.166s][info][gc,phases      ] GC(167) Summary Phase 0.030ms
[21.166s][info][gc,phases,start] GC(167) Adjust Roots
[21.167s][info][gc,phases      ] GC(167) Adjust Roots 0.164ms
[21.167s][info][gc,phases,start] GC(167) Compaction Phase
[21.309s][info][gc,phases      ] GC(167) Compaction Phase 142.797ms
[21.309s][info][gc,phases,start] GC(167) Post Compact
[21.313s][info][gc,phases      ] GC(167) Post Compact 3.198ms
[21.313s][info][gc,heap        ] GC(167) PSYoungGen: 29183K(167424K)->29183K(167424K) Eden: 29183K(29184K)->29183K(29184K) From: 0K(138240K)->0K(138240K)
[21.313s][info][gc,heap        ] GC(167) ParOldGen: 1774714K(1775104K)->1774714K(1775104K)
[21.313s][info][gc,metaspace   ] GC(167) Metaspace: 6298K(6464K)->6298K(6464K) NonClass: 5764K(5824K)->5764K(5824K) Class: 533K(640K)->533K(640K)
[21.313s][info][gc             ] GC(167) Pause Full (Ergonomics) 1761M->1761M(1897M) 555.165ms
[21.313s][info][gc,cpu         ] GC(167) User=3.86s Sys=0.00s Real=0.55s
[21.313s][info][gc,start       ] GC(168) Pause Full (Ergonomics)
[21.313s][info][gc,phases,start] GC(168) Marking Phase
[21.716s][info][gc,phases      ] GC(168) Marking Phase 403.401ms
[21.717s][info][gc,phases,start] GC(168) Summary Phase
[21.717s][info][gc,phases      ] GC(168) Summary Phase 0.030ms
[21.717s][info][gc,phases,start] GC(168) Adjust Roots
[21.717s][info][gc,phases      ] GC(168) Adjust Roots 0.159ms
[21.717s][info][gc,phases,start] GC(168) Compaction Phase
[21.836s][info][gc,phases      ] GC(168) Compaction Phase 119.657ms
[21.836s][info][gc,phases,start] GC(168) Post Compact
[21.839s][info][gc,phases      ] GC(168) Post Compact 2.885ms
[21.839s][info][gc,heap        ] GC(168) PSYoungGen: 29183K(167424K)->29183K(167424K) Eden: 29183K(29184K)->29183K(29184K) From: 0K(138240K)->0K(138240K)
[21.839s][info][gc,heap        ] GC(168) ParOldGen: 1774719K(1775104K)->1774719K(1775104K)
[21.839s][info][gc,metaspace   ] GC(168) Metaspace: 6298K(6464K)->6298K(6464K) NonClass: 5764K(5824K)->5764K(5824K) Class: 533K(640K)->533K(640K)
[21.839s][info][gc             ] GC(168) Pause Full (Ergonomics) 1761M->1761M(1897M) 526.461ms
[21.840s][info][gc,cpu         ] GC(168) User=3.98s Sys=0.00s Real=0.53s
[21.840s][info][gc,start       ] GC(169) Pause Full (Ergonomics)
[21.840s][info][gc,phases,start] GC(169) Marking Phase
[22.251s][info][gc,phases      ] GC(169) Marking Phase 410.863ms
[22.251s][info][gc,phases,start] GC(169) Summary Phase
[22.251s][info][gc,phases      ] GC(169) Summary Phase 0.029ms
[22.251s][info][gc,phases,start] GC(169) Adjust Roots
[22.251s][info][gc,phases      ] GC(169) Adjust Roots 0.162ms
[22.251s][info][gc,phases,start] GC(169) Compaction Phase
[22.376s][info][gc,phases      ] GC(169) Compaction Phase 124.880ms
[22.376s][info][gc,phases,start] GC(169) Post Compact
[22.379s][info][gc,phases      ] GC(169) Post Compact 3.069ms
[22.379s][info][gc,heap        ] GC(169) PSYoungGen: 29183K(167424K)->29183K(167424K) Eden: 29183K(29184K)->29183K(29184K) From: 0K(138240K)->0K(138240K)
[22.379s][info][gc,heap        ] GC(169) ParOldGen: 1774723K(1775104K)->1774723K(1775104K)
[22.379s][info][gc,metaspace   ] GC(169) Metaspace: 6298K(6464K)->6298K(6464K) NonClass: 5764K(5824K)->5764K(5824K) Class: 533K(640K)->533K(640K)
[22.379s][info][gc             ] GC(169) Pause Full (Ergonomics) 1761M->1761M(1897M) 539.327ms
[22.379s][info][gc,cpu         ] GC(169) User=4.03s Sys=0.00s Real=0.54s
[22.379s][info][gc,start       ] GC(170) Pause Full (Ergonomics)
[22.379s][info][gc,phases,start] GC(170) Marking Phase
[22.785s][info][gc,phases      ] GC(170) Marking Phase 406.190ms
[22.785s][info][gc,phases,start] GC(170) Summary Phase
[22.786s][info][gc,phases      ] GC(170) Summary Phase 0.029ms
[22.786s][info][gc,phases,start] GC(170) Adjust Roots
[22.786s][info][gc,phases      ] GC(170) Adjust Roots 0.182ms
[22.786s][info][gc,phases,start] GC(170) Compaction Phase
[22.906s][info][gc,phases      ] GC(170) Compaction Phase 120.757ms
[22.907s][info][gc,phases,start] GC(170) Post Compact
[22.910s][info][gc,phases      ] GC(170) Post Compact 3.293ms
[22.910s][info][gc,heap        ] GC(170) PSYoungGen: 29183K(167424K)->29183K(167424K) Eden: 29183K(29184K)->29183K(29184K) From: 0K(138240K)->0K(138240K)
[22.910s][info][gc,heap        ] GC(170) ParOldGen: 1774728K(1775104K)->1774728K(1775104K)
[22.910s][info][gc,metaspace   ] GC(170) Metaspace: 6298K(6464K)->6298K(6464K) NonClass: 5764K(5824K)->5764K(5824K) Class: 533K(640K)->533K(640K)
[22.910s][info][gc             ] GC(170) Pause Full (Ergonomics) 1761M->1761M(1897M) 530.803ms
[22.910s][info][gc,cpu         ] GC(170) User=3.81s Sys=0.00s Real=0.53s
[22.910s][info][gc,start       ] GC(171) Pause Full (Ergonomics)
[22.910s][info][gc,phases,start] GC(171) Marking Phase
[23.315s][info][gc,phases      ] GC(171) Marking Phase 405.039ms
[23.315s][info][gc,phases,start] GC(171) Summary Phase
[23.315s][info][gc,phases      ] GC(171) Summary Phase 0.033ms
[23.315s][info][gc,phases,start] GC(171) Adjust Roots
[23.316s][info][gc,phases      ] GC(171) Adjust Roots 0.202ms
[23.316s][info][gc,phases,start] GC(171) Compaction Phase
[23.436s][info][gc,phases      ] GC(171) Compaction Phase 120.129ms
[23.436s][info][gc,phases,start] GC(171) Post Compact
[23.439s][info][gc,phases      ] GC(171) Post Compact 2.906ms
[23.439s][info][gc,heap        ] GC(171) PSYoungGen: 29183K(167424K)->29183K(167424K) Eden: 29183K(29184K)->29183K(29184K) From: 0K(138240K)->0K(138240K)
[23.439s][info][gc,heap        ] GC(171) ParOldGen: 1774733K(1775104K)->1774733K(1775104K)
[23.439s][info][gc,metaspace   ] GC(171) Metaspace: 6298K(6464K)->6298K(6464K) NonClass: 5764K(5824K)->5764K(5824K) Class: 533K(640K)->533K(640K)
[23.439s][info][gc             ] GC(171) Pause Full (Ergonomics) 1761M->1761M(1897M) 528.690ms
[23.439s][info][gc,cpu         ] GC(171) User=3.97s Sys=0.00s Real=0.53s
[23.439s][info][gc,start       ] GC(172) Pause Full (Ergonomics)
[23.439s][info][gc,phases,start] GC(172) Marking Phase
[23.840s][info][gc,phases      ] GC(172) Marking Phase 401.296ms
[23.841s][info][gc,phases,start] GC(172) Summary Phase
[23.841s][info][gc,phases      ] GC(172) Summary Phase 0.029ms
[23.841s][info][gc,phases,start] GC(172) Adjust Roots
[23.841s][info][gc,phases      ] GC(172) Adjust Roots 0.160ms
[23.841s][info][gc,phases,start] GC(172) Compaction Phase
[23.959s][info][gc,phases      ] GC(172) Compaction Phase 118.551ms
[23.959s][info][gc,phases,start] GC(172) Post Compact
[23.962s][info][gc,phases      ] GC(172) Post Compact 2.766ms
[23.962s][info][gc,heap        ] GC(172) PSYoungGen: 29183K(167424K)->29183K(167424K) Eden: 29183K(29184K)->29183K(29184K) From: 0K(138240K)->0K(138240K)
[23.962s][info][gc,heap        ] GC(172) ParOldGen: 1774737K(1775104K)->1774737K(1775104K)
[23.962s][info][gc,metaspace   ] GC(172) Metaspace: 6298K(6464K)->6298K(6464K) NonClass: 5764K(5824K)->5764K(5824K) Class: 533K(640K)->533K(640K)
[23.962s][info][gc             ] GC(172) Pause Full (Ergonomics) 1761M->1761M(1897M) 523.121ms
[23.962s][info][gc,cpu         ] GC(172) User=4.00s Sys=0.00s Real=0.52s
[23.962s][info][gc,start       ] GC(173) Pause Full (Ergonomics)
[23.963s][info][gc,phases,start] GC(173) Marking Phase
[24.359s][info][gc,phases      ] GC(173) Marking Phase 396.791ms
[24.359s][info][gc,phases,start] GC(173) Summary Phase
[24.359s][info][gc,phases      ] GC(173) Summary Phase 0.029ms
[24.359s][info][gc,phases,start] GC(173) Adjust Roots
[24.360s][info][gc,phases      ] GC(173) Adjust Roots 0.165ms
[24.360s][info][gc,phases,start] GC(173) Compaction Phase
[24.480s][info][gc,phases      ] GC(173) Compaction Phase 120.720ms
[24.480s][info][gc,phases,start] GC(173) Post Compact
[24.483s][info][gc,phases      ] GC(173) Post Compact 3.074ms
[24.484s][info][gc,heap        ] GC(173) PSYoungGen: 29183K(167424K)->29183K(167424K) Eden: 29183K(29184K)->29183K(29184K) From: 0K(138240K)->0K(138240K)
[24.484s][info][gc,heap        ] GC(173) ParOldGen: 1774742K(1775104K)->1774742K(1775104K)
[24.484s][info][gc,metaspace   ] GC(173) Metaspace: 6298K(6464K)->6298K(6464K) NonClass: 5764K(5824K)->5764K(5824K) Class: 533K(640K)->533K(640K)
[24.484s][info][gc             ] GC(173) Pause Full (Ergonomics) 1761M->1761M(1897M) 521.149ms
[24.484s][info][gc,cpu         ] GC(173) User=3.81s Sys=0.00s Real=0.52s
[24.484s][info][gc,start       ] GC(174) Pause Full (Ergonomics)
[24.484s][info][gc,phases,start] GC(174) Marking Phase
[24.893s][info][gc,phases      ] GC(174) Marking Phase 409.164ms
[24.893s][info][gc,phases,start] GC(174) Summary Phase
[24.893s][info][gc,phases      ] GC(174) Summary Phase 0.035ms
[24.893s][info][gc,phases,start] GC(174) Adjust Roots
[24.893s][info][gc,phases      ] GC(174) Adjust Roots 0.170ms
[24.893s][info][gc,phases,start] GC(174) Compaction Phase
[25.014s][info][gc,phases      ] GC(174) Compaction Phase 121.096ms
[25.014s][info][gc,phases,start] GC(174) Post Compact
[25.018s][info][gc,phases      ] GC(174) Post Compact 3.291ms
[25.018s][info][gc,heap        ] GC(174) PSYoungGen: 29183K(167424K)->29183K(167424K) Eden: 29183K(29184K)->29183K(29184K) From: 0K(138240K)->0K(138240K)
[25.018s][info][gc,heap        ] GC(174) ParOldGen: 1774747K(1775104K)->1774747K(1775104K)
[25.018s][info][gc,metaspace   ] GC(174) Metaspace: 6298K(6464K)->6298K(6464K) NonClass: 5764K(5824K)->5764K(5824K) Class: 533K(640K)->533K(640K)
[25.018s][info][gc             ] GC(174) Pause Full (Ergonomics) 1761M->1761M(1897M) 534.101ms
[25.018s][info][gc,cpu         ] GC(174) User=4.16s Sys=0.00s Real=0.53s
[25.018s][info][gc,start       ] GC(175) Pause Full (Ergonomics)
[25.018s][info][gc,phases,start] GC(175) Marking Phase
[25.427s][info][gc,phases      ] GC(175) Marking Phase 409.266ms
[25.428s][info][gc,phases,start] GC(175) Summary Phase
[25.428s][info][gc,phases      ] GC(175) Summary Phase 0.029ms
[25.428s][info][gc,phases,start] GC(175) Adjust Roots
[25.428s][info][gc,phases      ] GC(175) Adjust Roots 0.166ms
[25.428s][info][gc,phases,start] GC(175) Compaction Phase
[25.551s][info][gc,phases      ] GC(175) Compaction Phase 123.346ms
[25.551s][info][gc,phases,start] GC(175) Post Compact
[25.554s][info][gc,phases      ] GC(175) Post Compact 3.070ms
[25.554s][info][gc,heap        ] GC(175) PSYoungGen: 29183K(167424K)->29183K(167424K) Eden: 29183K(29184K)->29183K(29184K) From: 0K(138240K)->0K(138240K)
[25.554s][info][gc,heap        ] GC(175) ParOldGen: 1774751K(1775104K)->1774751K(1775104K)
[25.554s][info][gc,metaspace   ] GC(175) Metaspace: 6298K(6464K)->6298K(6464K) NonClass: 5764K(5824K)->5764K(5824K) Class: 533K(640K)->533K(640K)
[25.554s][info][gc             ] GC(175) Pause Full (Ergonomics) 1761M->1761M(1897M) 536.215ms
[25.554s][info][gc,cpu         ] GC(175) User=4.00s Sys=0.00s Real=0.54s
[25.555s][info][gc,start       ] GC(176) Pause Full (Ergonomics)
[25.555s][info][gc,phases,start] GC(176) Marking Phase
[25.959s][info][gc,phases      ] GC(176) Marking Phase 404.833ms
[25.960s][info][gc,phases,start] GC(176) Summary Phase
[25.960s][info][gc,phases      ] GC(176) Summary Phase 0.033ms
[25.960s][info][gc,phases,start] GC(176) Adjust Roots
[25.960s][info][gc,phases      ] GC(176) Adjust Roots 0.193ms
[25.960s][info][gc,phases,start] GC(176) Compaction Phase
[26.110s][info][gc,phases      ] GC(176) Compaction Phase 150.350ms
[26.110s][info][gc,phases,start] GC(176) Post Compact
[26.113s][info][gc,phases      ] GC(176) Post Compact 2.978ms
[26.113s][info][gc,heap        ] GC(176) PSYoungGen: 29183K(167424K)->29183K(167424K) Eden: 29183K(29184K)->29183K(29184K) From: 0K(138240K)->0K(138240K)
[26.113s][info][gc,heap        ] GC(176) ParOldGen: 1774756K(1775104K)->1774756K(1775104K)
[26.113s][info][gc,metaspace   ] GC(176) Metaspace: 6298K(6464K)->6298K(6464K) NonClass: 5764K(5824K)->5764K(5824K) Class: 533K(640K)->533K(640K)
[26.113s][info][gc             ] GC(176) Pause Full (Ergonomics) 1761M->1761M(1897M) 558.735ms
[26.113s][info][gc,cpu         ] GC(176) User=3.92s Sys=0.00s Real=0.56s
[26.114s][info][gc,start       ] GC(177) Pause Full (Ergonomics)
[26.114s][info][gc,phases,start] GC(177) Marking Phase
[26.521s][info][gc,phases      ] GC(177) Marking Phase 407.622ms
[26.521s][info][gc,phases,start] GC(177) Summary Phase
[26.521s][info][gc,phases      ] GC(177) Summary Phase 0.042ms
[26.521s][info][gc,phases,start] GC(177) Adjust Roots
[26.522s][info][gc,phases      ] GC(177) Adjust Roots 0.237ms
[26.522s][info][gc,phases,start] GC(177) Compaction Phase
[26.648s][info][gc,phases      ] GC(177) Compaction Phase 126.391ms
[26.648s][info][gc,phases,start] GC(177) Post Compact
[26.651s][info][gc,phases      ] GC(177) Post Compact 3.134ms
[26.651s][info][gc,heap        ] GC(177) PSYoungGen: 29183K(167424K)->29183K(167424K) Eden: 29183K(29184K)->29183K(29184K) From: 0K(138240K)->0K(138240K)
[26.651s][info][gc,heap        ] GC(177) ParOldGen: 1774761K(1775104K)->1774761K(1775104K)
[26.651s][info][gc,metaspace   ] GC(177) Metaspace: 6298K(6464K)->6298K(6464K) NonClass: 5764K(5824K)->5764K(5824K) Class: 533K(640K)->533K(640K)
[26.651s][info][gc             ] GC(177) Pause Full (Ergonomics) 1761M->1761M(1897M) 537.785ms
[26.651s][info][gc,cpu         ] GC(177) User=3.88s Sys=0.00s Real=0.54s
[26.652s][info][gc,start       ] GC(178) Pause Full (Ergonomics)
[26.652s][info][gc,phases,start] GC(178) Marking Phase
[27.052s][info][gc,phases      ] GC(178) Marking Phase 400.133ms
[27.052s][info][gc,phases,start] GC(178) Summary Phase
[27.052s][info][gc,phases      ] GC(178) Summary Phase 0.033ms
[27.052s][info][gc,phases,start] GC(178) Adjust Roots
[27.052s][info][gc,phases      ] GC(178) Adjust Roots 0.199ms
[27.052s][info][gc,phases,start] GC(178) Compaction Phase
[27.185s][info][gc,phases      ] GC(178) Compaction Phase 132.948ms
[27.185s][info][gc,phases,start] GC(178) Post Compact
[27.188s][info][gc,phases      ] GC(178) Post Compact 3.341ms
[27.189s][info][gc,heap        ] GC(178) PSYoungGen: 29183K(167424K)->29183K(167424K) Eden: 29183K(29184K)->29183K(29184K) From: 0K(138240K)->0K(138240K)
[27.189s][info][gc,heap        ] GC(178) ParOldGen: 1774765K(1775104K)->1774765K(1775104K)
[27.189s][info][gc,metaspace   ] GC(178) Metaspace: 6298K(6464K)->6298K(6464K) NonClass: 5764K(5824K)->5764K(5824K) Class: 533K(640K)->533K(640K)
[27.189s][info][gc             ] GC(178) Pause Full (Ergonomics) 1761M->1761M(1897M) 537.012ms
[27.189s][info][gc,cpu         ] GC(178) User=3.94s Sys=0.00s Real=0.54s
[27.189s][info][gc,start       ] GC(179) Pause Full (Ergonomics)
[27.189s][info][gc,phases,start] GC(179) Marking Phase
[27.609s][info][gc,phases      ] GC(179) Marking Phase 420.523ms
[27.609s][info][gc,phases,start] GC(179) Summary Phase
[27.609s][info][gc,phases      ] GC(179) Summary Phase 0.029ms
[27.609s][info][gc,phases,start] GC(179) Adjust Roots
[27.610s][info][gc,phases      ] GC(179) Adjust Roots 0.162ms
[27.610s][info][gc,phases,start] GC(179) Compaction Phase
[27.732s][info][gc,phases      ] GC(179) Compaction Phase 122.761ms
[27.732s][info][gc,phases,start] GC(179) Post Compact
[27.736s][info][gc,phases      ] GC(179) Post Compact 3.277ms
[27.736s][info][gc,heap        ] GC(179) PSYoungGen: 29183K(167424K)->29183K(167424K) Eden: 29183K(29184K)->29183K(29184K) From: 0K(138240K)->0K(138240K)
[27.736s][info][gc,heap        ] GC(179) ParOldGen: 1774770K(1775104K)->1774770K(1775104K)
[27.736s][info][gc,metaspace   ] GC(179) Metaspace: 6298K(6464K)->6298K(6464K) NonClass: 5764K(5824K)->5764K(5824K) Class: 533K(640K)->533K(640K)
[27.736s][info][gc             ] GC(179) Pause Full (Ergonomics) 1761M->1761M(1897M) 547.121ms
[27.736s][info][gc,cpu         ] GC(179) User=4.08s Sys=0.02s Real=0.55s
[27.736s][info][gc,start       ] GC(180) Pause Full (Ergonomics)
[27.736s][info][gc,phases,start] GC(180) Marking Phase
[28.149s][info][gc,phases      ] GC(180) Marking Phase 412.703ms
[28.149s][info][gc,phases,start] GC(180) Summary Phase
[28.149s][info][gc,phases      ] GC(180) Summary Phase 0.029ms
[28.149s][info][gc,phases,start] GC(180) Adjust Roots
[28.149s][info][gc,phases      ] GC(180) Adjust Roots 0.165ms
[28.149s][info][gc,phases,start] GC(180) Compaction Phase
[28.294s][info][gc,phases      ] GC(180) Compaction Phase 144.756ms
[28.294s][info][gc,phases,start] GC(180) Post Compact
[28.298s][info][gc,phases      ] GC(180) Post Compact 3.514ms
[28.298s][info][gc,heap        ] GC(180) PSYoungGen: 29183K(167424K)->29183K(167424K) Eden: 29183K(29184K)->29183K(29184K) From: 0K(138240K)->0K(138240K)
[28.298s][info][gc,heap        ] GC(180) ParOldGen: 1774775K(1775104K)->1774775K(1775104K)
[28.298s][info][gc,metaspace   ] GC(180) Metaspace: 6298K(6464K)->6298K(6464K) NonClass: 5764K(5824K)->5764K(5824K) Class: 533K(640K)->533K(640K)
[28.298s][info][gc             ] GC(180) Pause Full (Ergonomics) 1761M->1761M(1897M) 561.626ms
[28.298s][info][gc,cpu         ] GC(180) User=4.06s Sys=0.00s Real=0.56s
[28.298s][info][gc,start       ] GC(181) Pause Full (Ergonomics)
[28.298s][info][gc,phases,start] GC(181) Marking Phase
[28.706s][info][gc,phases      ] GC(181) Marking Phase 408.081ms
[28.706s][info][gc,phases,start] GC(181) Summary Phase
[28.706s][info][gc,phases      ] GC(181) Summary Phase 0.029ms
[28.706s][info][gc,phases,start] GC(181) Adjust Roots
[28.706s][info][gc,phases      ] GC(181) Adjust Roots 0.158ms
[28.706s][info][gc,phases,start] GC(181) Compaction Phase
[28.825s][info][gc,phases      ] GC(181) Compaction Phase 118.813ms
[28.825s][info][gc,phases,start] GC(181) Post Compact
[28.828s][info][gc,phases      ] GC(181) Post Compact 2.763ms
[28.828s][info][gc,heap        ] GC(181) PSYoungGen: 29183K(167424K)->29183K(167424K) Eden: 29183K(29184K)->29183K(29184K) From: 0K(138240K)->0K(138240K)
[28.828s][info][gc,heap        ] GC(181) ParOldGen: 1774779K(1775104K)->1774779K(1775104K)
[28.828s][info][gc,metaspace   ] GC(181) Metaspace: 6298K(6464K)->6298K(6464K) NonClass: 5764K(5824K)->5764K(5824K) Class: 533K(640K)->533K(640K)
[28.828s][info][gc             ] GC(181) Pause Full (Ergonomics) 1761M->1761M(1897M) 530.200ms
[28.828s][info][gc,cpu         ] GC(181) User=4.06s Sys=0.03s Real=0.53s
[28.828s][info][gc,start       ] GC(182) Pause Full (Ergonomics)
[28.828s][info][gc,phases,start] GC(182) Marking Phase
[29.240s][info][gc,phases      ] GC(182) Marking Phase 411.026ms
[29.240s][info][gc,phases,start] GC(182) Summary Phase
[29.240s][info][gc,phases      ] GC(182) Summary Phase 0.029ms
[29.240s][info][gc,phases,start] GC(182) Adjust Roots
[29.240s][info][gc,phases      ] GC(182) Adjust Roots 0.160ms
[29.240s][info][gc,phases,start] GC(182) Compaction Phase
[29.377s][info][gc,phases      ] GC(182) Compaction Phase 136.800ms
[29.377s][info][gc,phases,start] GC(182) Post Compact
[29.380s][info][gc,phases      ] GC(182) Post Compact 3.042ms
[29.380s][info][gc,heap        ] GC(182) PSYoungGen: 29183K(167424K)->29183K(167424K) Eden: 29183K(29184K)->29183K(29184K) From: 0K(138240K)->0K(138240K)
[29.380s][info][gc,heap        ] GC(182) ParOldGen: 1774784K(1775104K)->1774784K(1775104K)
[29.380s][info][gc,metaspace   ] GC(182) Metaspace: 6298K(6464K)->6298K(6464K) NonClass: 5764K(5824K)->5764K(5824K) Class: 533K(640K)->533K(640K)
[29.380s][info][gc             ] GC(182) Pause Full (Ergonomics) 1761M->1761M(1897M) 551.396ms
[29.380s][info][gc,cpu         ] GC(182) User=4.02s Sys=0.03s Real=0.55s
[29.380s][info][gc,start       ] GC(183) Pause Full (Ergonomics)
[29.380s][info][gc,phases,start] GC(183) Marking Phase
[29.800s][info][gc,phases      ] GC(183) Marking Phase 419.405ms
[29.800s][info][gc,phases,start] GC(183) Summary Phase
[29.800s][info][gc,phases      ] GC(183) Summary Phase 0.029ms
[29.800s][info][gc,phases,start] GC(183) Adjust Roots
[29.800s][info][gc,phases      ] GC(183) Adjust Roots 0.164ms
[29.800s][info][gc,phases,start] GC(183) Compaction Phase
[29.935s][info][gc,phases      ] GC(183) Compaction Phase 135.465ms
[29.935s][info][gc,phases,start] GC(183) Post Compact
[29.938s][info][gc,phases      ] GC(183) Post Compact 3.083ms
[29.938s][info][gc,heap        ] GC(183) PSYoungGen: 29183K(167424K)->29183K(167424K) Eden: 29183K(29184K)->29183K(29184K) From: 0K(138240K)->0K(138240K)
[29.939s][info][gc,heap        ] GC(183) ParOldGen: 1774789K(1775104K)->1774789K(1775104K)
[29.939s][info][gc,metaspace   ] GC(183) Metaspace: 6298K(6464K)->6298K(6464K) NonClass: 5764K(5824K)->5764K(5824K) Class: 533K(640K)->533K(640K)
[29.939s][info][gc             ] GC(183) Pause Full (Ergonomics) 1761M->1761M(1897M) 558.482ms
[29.939s][info][gc,cpu         ] GC(183) User=4.12s Sys=0.00s Real=0.56s
[29.939s][info][gc,start       ] GC(184) Pause Full (Ergonomics)
[29.939s][info][gc,phases,start] GC(184) Marking Phase
[30.342s][info][gc,phases      ] GC(184) Marking Phase 402.922ms
[30.342s][info][gc,phases,start] GC(184) Summary Phase
[30.342s][info][gc,phases      ] GC(184) Summary Phase 0.029ms
[30.342s][info][gc,phases,start] GC(184) Adjust Roots
[30.342s][info][gc,phases      ] GC(184) Adjust Roots 0.160ms
[30.342s][info][gc,phases,start] GC(184) Compaction Phase
[30.494s][info][gc,phases      ] GC(184) Compaction Phase 151.922ms
[30.494s][info][gc,phases,start] GC(184) Post Compact
[30.497s][info][gc,phases      ] GC(184) Post Compact 2.994ms
[30.497s][info][gc,heap        ] GC(184) PSYoungGen: 29183K(167424K)->29183K(167424K) Eden: 29183K(29184K)->29183K(29184K) From: 0K(138240K)->0K(138240K)
[30.497s][info][gc,heap        ] GC(184) ParOldGen: 1774793K(1775104K)->1774793K(1775104K)
[30.497s][info][gc,metaspace   ] GC(184) Metaspace: 6298K(6464K)->6298K(6464K) NonClass: 5764K(5824K)->5764K(5824K) Class: 533K(640K)->533K(640K)
[30.497s][info][gc             ] GC(184) Pause Full (Ergonomics) 1761M->1761M(1897M) 558.347ms
[30.497s][info][gc,cpu         ] GC(184) User=3.97s Sys=0.00s Real=0.56s
[30.497s][info][gc,start       ] GC(185) Pause Full (Ergonomics)
[30.497s][info][gc,phases,start] GC(185) Marking Phase
[30.915s][info][gc,phases      ] GC(185) Marking Phase 417.487ms
[30.915s][info][gc,phases,start] GC(185) Summary Phase
[30.915s][info][gc,phases      ] GC(185) Summary Phase 0.029ms
[30.915s][info][gc,phases,start] GC(185) Adjust Roots
[30.915s][info][gc,phases      ] GC(185) Adjust Roots 0.167ms
[30.915s][info][gc,phases,start] GC(185) Compaction Phase
[31.057s][info][gc,phases      ] GC(185) Compaction Phase 142.097ms
[31.057s][info][gc,phases,start] GC(185) Post Compact
[31.061s][info][gc,phases      ] GC(185) Post Compact 3.321ms
[31.061s][info][gc,heap        ] GC(185) PSYoungGen: 29183K(167424K)->29183K(167424K) Eden: 29183K(29184K)->29183K(29184K) From: 0K(138240K)->0K(138240K)
[31.061s][info][gc,heap        ] GC(185) ParOldGen: 1774798K(1775104K)->1774798K(1775104K)
[31.061s][info][gc,metaspace   ] GC(185) Metaspace: 6298K(6464K)->6298K(6464K) NonClass: 5764K(5824K)->5764K(5824K) Class: 533K(640K)->533K(640K)
[31.061s][info][gc             ] GC(185) Pause Full (Ergonomics) 1761M->1761M(1897M) 563.474ms
[31.061s][info][gc,cpu         ] GC(185) User=4.09s Sys=0.00s Real=0.56s
[31.061s][info][gc,start       ] GC(186) Pause Full (Ergonomics)
[31.061s][info][gc,phases,start] GC(186) Marking Phase
[31.463s][info][gc,phases      ] GC(186) Marking Phase 401.470ms
[31.463s][info][gc,phases,start] GC(186) Summary Phase
[31.463s][info][gc,phases      ] GC(186) Summary Phase 0.029ms
[31.463s][info][gc,phases,start] GC(186) Adjust Roots
[31.463s][info][gc,phases      ] GC(186) Adjust Roots 0.159ms
[31.463s][info][gc,phases,start] GC(186) Compaction Phase
[31.594s][info][gc,phases      ] GC(186) Compaction Phase 130.781ms
[31.594s][info][gc,phases,start] GC(186) Post Compact
[31.597s][info][gc,phases      ] GC(186) Post Compact 3.102ms
[31.597s][info][gc,heap        ] GC(186) PSYoungGen: 29183K(167424K)->29183K(167424K) Eden: 29183K(29184K)->29183K(29184K) From: 0K(138240K)->0K(138240K)
[31.597s][info][gc,heap        ] GC(186) ParOldGen: 1774803K(1775104K)->1774803K(1775104K)
[31.597s][info][gc,metaspace   ] GC(186) Metaspace: 6298K(6464K)->6298K(6464K) NonClass: 5764K(5824K)->5764K(5824K) Class: 533K(640K)->533K(640K)
[31.597s][info][gc             ] GC(186) Pause Full (Ergonomics) 1761M->1761M(1897M) 535.980ms
[31.597s][info][gc,cpu         ] GC(186) User=4.03s Sys=0.00s Real=0.54s
[31.597s][info][gc,start       ] GC(187) Pause Full (Ergonomics)
[31.597s][info][gc,phases,start] GC(187) Marking Phase
[32.010s][info][gc,phases      ] GC(187) Marking Phase 412.665ms
[32.010s][info][gc,phases,start] GC(187) Summary Phase
[32.010s][info][gc,phases      ] GC(187) Summary Phase 0.030ms
[32.010s][info][gc,phases,start] GC(187) Adjust Roots
[32.010s][info][gc,phases      ] GC(187) Adjust Roots 0.159ms
[32.010s][info][gc,phases,start] GC(187) Compaction Phase
[32.141s][info][gc,phases      ] GC(187) Compaction Phase 131.215ms
[32.142s][info][gc,phases,start] GC(187) Post Compact
[32.145s][info][gc,phases      ] GC(187) Post Compact 3.321ms
[32.145s][info][gc,heap        ] GC(187) PSYoungGen: 29183K(167424K)->29183K(167424K) Eden: 29183K(29184K)->29183K(29184K) From: 0K(138240K)->0K(138240K)
[32.145s][info][gc,heap        ] GC(187) ParOldGen: 1774807K(1775104K)->1774807K(1775104K)
[32.145s][info][gc,metaspace   ] GC(187) Metaspace: 6298K(6464K)->6298K(6464K) NonClass: 5764K(5824K)->5764K(5824K) Class: 533K(640K)->533K(640K)
[32.145s][info][gc             ] GC(187) Pause Full (Ergonomics) 1761M->1761M(1897M) 547.753ms
[32.145s][info][gc,cpu         ] GC(187) User=3.95s Sys=0.00s Real=0.55s
[32.145s][info][gc,start       ] GC(188) Pause Full (Ergonomics)
[32.145s][info][gc,phases,start] GC(188) Marking Phase
[32.558s][info][gc,phases      ] GC(188) Marking Phase 412.349ms
[32.558s][info][gc,phases,start] GC(188) Summary Phase
[32.558s][info][gc,phases      ] GC(188) Summary Phase 0.037ms
[32.558s][info][gc,phases,start] GC(188) Adjust Roots
[32.558s][info][gc,phases      ] GC(188) Adjust Roots 0.160ms
[32.558s][info][gc,phases,start] GC(188) Compaction Phase
[32.683s][info][gc,phases      ] GC(188) Compaction Phase 124.884ms
[32.683s][info][gc,phases,start] GC(188) Post Compact
[32.686s][info][gc,phases      ] GC(188) Post Compact 2.867ms
[32.686s][info][gc,heap        ] GC(188) PSYoungGen: 29183K(167424K)->29183K(167424K) Eden: 29183K(29184K)->29183K(29184K) From: 0K(138240K)->0K(138240K)
[32.686s][info][gc,heap        ] GC(188) ParOldGen: 1774812K(1775104K)->1774812K(1775104K)
[32.686s][info][gc,metaspace   ] GC(188) Metaspace: 6298K(6464K)->6298K(6464K) NonClass: 5764K(5824K)->5764K(5824K) Class: 533K(640K)->533K(640K)
[32.686s][info][gc             ] GC(188) Pause Full (Ergonomics) 1761M->1761M(1897M) 540.634ms
[32.686s][info][gc,cpu         ] GC(188) User=3.95s Sys=0.00s Real=0.54s
[32.686s][info][gc,start       ] GC(189) Pause Full (Ergonomics)
[32.686s][info][gc,phases,start] GC(189) Marking Phase
[33.090s][info][gc,phases      ] GC(189) Marking Phase 403.885ms
[33.090s][info][gc,phases,start] GC(189) Summary Phase
[33.090s][info][gc,phases      ] GC(189) Summary Phase 0.029ms
[33.090s][info][gc,phases,start] GC(189) Adjust Roots
[33.090s][info][gc,phases      ] GC(189) Adjust Roots 0.185ms
[33.090s][info][gc,phases,start] GC(189) Compaction Phase
[33.230s][info][gc,phases      ] GC(189) Compaction Phase 140.024ms
[33.230s][info][gc,phases,start] GC(189) Post Compact
[33.234s][info][gc,phases      ] GC(189) Post Compact 3.172ms
[33.234s][info][gc,heap        ] GC(189) PSYoungGen: 29183K(167424K)->29183K(167424K) Eden: 29183K(29184K)->29183K(29184K) From: 0K(138240K)->0K(138240K)
[33.234s][info][gc,heap        ] GC(189) ParOldGen: 1774817K(1775104K)->1774817K(1775104K)
[33.234s][info][gc,metaspace   ] GC(189) Metaspace: 6298K(6464K)->6298K(6464K) NonClass: 5764K(5824K)->5764K(5824K) Class: 533K(640K)->533K(640K)
[33.234s][info][gc             ] GC(189) Pause Full (Ergonomics) 1761M->1761M(1897M) 547.625ms
[33.234s][info][gc,cpu         ] GC(189) User=4.02s Sys=0.00s Real=0.55s
[33.234s][info][gc,start       ] GC(190) Pause Full (Ergonomics)
[33.234s][info][gc,phases,start] GC(190) Marking Phase
[33.648s][info][gc,phases      ] GC(190) Marking Phase 413.752ms
[33.648s][info][gc,phases,start] GC(190) Summary Phase
[33.648s][info][gc,phases      ] GC(190) Summary Phase 0.029ms
[33.648s][info][gc,phases,start] GC(190) Adjust Roots
[33.648s][info][gc,phases      ] GC(190) Adjust Roots 0.164ms
[33.648s][info][gc,phases,start] GC(190) Compaction Phase
[33.799s][info][gc,phases      ] GC(190) Compaction Phase 150.990ms
[33.799s][info][gc,phases,start] GC(190) Post Compact
[33.802s][info][gc,phases      ] GC(190) Post Compact 3.158ms
[33.802s][info][gc,heap        ] GC(190) PSYoungGen: 29183K(167424K)->29183K(167424K) Eden: 29183K(29184K)->29183K(29184K) From: 0K(138240K)->0K(138240K)
[33.802s][info][gc,heap        ] GC(190) ParOldGen: 1774821K(1775104K)->1774821K(1775104K)
[33.802s][info][gc,metaspace   ] GC(190) Metaspace: 6298K(6464K)->6298K(6464K) NonClass: 5764K(5824K)->5764K(5824K) Class: 533K(640K)->533K(640K)
[33.802s][info][gc             ] GC(190) Pause Full (Ergonomics) 1761M->1761M(1897M) 568.443ms
[33.802s][info][gc,cpu         ] GC(190) User=4.02s Sys=0.00s Real=0.57s
[33.803s][info][gc,start       ] GC(191) Pause Full (Ergonomics)
[33.803s][info][gc,phases,start] GC(191) Marking Phase
[34.221s][info][gc,phases      ] GC(191) Marking Phase 418.796ms
[34.221s][info][gc,phases,start] GC(191) Summary Phase
[34.221s][info][gc,phases      ] GC(191) Summary Phase 0.029ms
[34.221s][info][gc,phases,start] GC(191) Adjust Roots
[34.222s][info][gc,phases      ] GC(191) Adjust Roots 0.163ms
[34.222s][info][gc,phases,start] GC(191) Compaction Phase
[34.373s][info][gc,phases      ] GC(191) Compaction Phase 151.650ms
[34.373s][info][gc,phases,start] GC(191) Post Compact
[34.376s][info][gc,phases      ] GC(191) Post Compact 3.092ms
[34.377s][info][gc,heap        ] GC(191) PSYoungGen: 29183K(167424K)->29183K(167424K) Eden: 29183K(29184K)->29183K(29184K) From: 0K(138240K)->0K(138240K)
[34.377s][info][gc,heap        ] GC(191) ParOldGen: 1774826K(1775104K)->1774826K(1775104K)
[34.377s][info][gc,metaspace   ] GC(191) Metaspace: 6298K(6464K)->6298K(6464K) NonClass: 5764K(5824K)->5764K(5824K) Class: 533K(640K)->533K(640K)
[34.377s][info][gc             ] GC(191) Pause Full (Ergonomics) 1761M->1761M(1897M) 574.071ms
[34.377s][info][gc,cpu         ] GC(191) User=4.09s Sys=0.02s Real=0.57s
[34.377s][info][gc,start       ] GC(192) Pause Full (Ergonomics)
[34.377s][info][gc,phases,start] GC(192) Marking Phase
[34.788s][info][gc,phases      ] GC(192) Marking Phase 410.873ms
[34.788s][info][gc,phases,start] GC(192) Summary Phase
[34.788s][info][gc,phases      ] GC(192) Summary Phase 0.030ms
[34.788s][info][gc,phases,start] GC(192) Adjust Roots
[34.788s][info][gc,phases      ] GC(192) Adjust Roots 0.167ms
[34.788s][info][gc,phases,start] GC(192) Compaction Phase
[34.943s][info][gc,phases      ] GC(192) Compaction Phase 155.307ms
[34.943s][info][gc,phases,start] GC(192) Post Compact
[34.946s][info][gc,phases      ] GC(192) Post Compact 2.982ms
[34.946s][info][gc,heap        ] GC(192) PSYoungGen: 29183K(167424K)->29183K(167424K) Eden: 29183K(29184K)->29183K(29184K) From: 0K(138240K)->0K(138240K)
[34.946s][info][gc,heap        ] GC(192) ParOldGen: 1774831K(1775104K)->1774831K(1775104K)
[34.946s][info][gc,metaspace   ] GC(192) Metaspace: 6298K(6464K)->6298K(6464K) NonClass: 5764K(5824K)->5764K(5824K) Class: 533K(640K)->533K(640K)
[34.947s][info][gc             ] GC(192) Pause Full (Ergonomics) 1761M->1761M(1897M) 569.679ms
[34.947s][info][gc,cpu         ] GC(192) User=4.06s Sys=0.00s Real=0.57s
[34.947s][info][gc,start       ] GC(193) Pause Full (Ergonomics)
[34.947s][info][gc,phases,start] GC(193) Marking Phase
[35.361s][info][gc,phases      ] GC(193) Marking Phase 414.286ms
[35.361s][info][gc,phases,start] GC(193) Summary Phase
[35.361s][info][gc,phases      ] GC(193) Summary Phase 0.029ms
[35.361s][info][gc,phases,start] GC(193) Adjust Roots
[35.361s][info][gc,phases      ] GC(193) Adjust Roots 0.160ms
[35.361s][info][gc,phases,start] GC(193) Compaction Phase
[35.501s][info][gc,phases      ] GC(193) Compaction Phase 139.379ms
[35.501s][info][gc,phases,start] GC(193) Post Compact
[35.504s][info][gc,phases      ] GC(193) Post Compact 3.044ms
[35.504s][info][gc,heap        ] GC(193) PSYoungGen: 29183K(167424K)->29183K(167424K) Eden: 29183K(29184K)->29183K(29184K) From: 0K(138240K)->0K(138240K)
[35.504s][info][gc,heap        ] GC(193) ParOldGen: 1774835K(1775104K)->1774835K(1775104K)
[35.504s][info][gc,metaspace   ] GC(193) Metaspace: 6298K(6464K)->6298K(6464K) NonClass: 5764K(5824K)->5764K(5824K) Class: 533K(640K)->533K(640K)
[35.504s][info][gc             ] GC(193) Pause Full (Ergonomics) 1761M->1761M(1897M) 557.218ms
[35.504s][info][gc,cpu         ] GC(193) User=4.08s Sys=0.00s Real=0.56s
[35.504s][info][gc,start       ] GC(194) Pause Full (Ergonomics)
[35.504s][info][gc,phases,start] GC(194) Marking Phase
[35.909s][info][gc,phases      ] GC(194) Marking Phase 404.644ms
[35.909s][info][gc,phases,start] GC(194) Summary Phase
[35.909s][info][gc,phases      ] GC(194) Summary Phase 0.029ms
[35.909s][info][gc,phases,start] GC(194) Adjust Roots
[35.909s][info][gc,phases      ] GC(194) Adjust Roots 0.163ms
[35.909s][info][gc,phases,start] GC(194) Compaction Phase
[36.061s][info][gc,phases      ] GC(194) Compaction Phase 152.237ms
[36.061s][info][gc,phases,start] GC(194) Post Compact
[36.065s][info][gc,phases      ] GC(194) Post Compact 3.070ms
[36.065s][info][gc,heap        ] GC(194) PSYoungGen: 29183K(167424K)->29183K(167424K) Eden: 29183K(29184K)->29183K(29184K) From: 0K(138240K)->0K(138240K)
[36.065s][info][gc,heap        ] GC(194) ParOldGen: 1774840K(1775104K)->1774840K(1775104K)
[36.065s][info][gc,metaspace   ] GC(194) Metaspace: 6298K(6464K)->6298K(6464K) NonClass: 5764K(5824K)->5764K(5824K) Class: 533K(640K)->533K(640K)
[36.065s][info][gc             ] GC(194) Pause Full (Ergonomics) 1761M->1761M(1897M) 560.498ms
[36.065s][info][gc,cpu         ] GC(194) User=4.17s Sys=0.00s Real=0.56s
[36.065s][info][gc,start       ] GC(195) Pause Full (Ergonomics)
[36.065s][info][gc,phases,start] GC(195) Marking Phase
[36.478s][info][gc,phases      ] GC(195) Marking Phase 413.449ms
[36.478s][info][gc,phases,start] GC(195) Summary Phase
[36.478s][info][gc,phases      ] GC(195) Summary Phase 0.029ms
[36.478s][info][gc,phases,start] GC(195) Adjust Roots
[36.479s][info][gc,phases      ] GC(195) Adjust Roots 0.160ms
[36.479s][info][gc,phases,start] GC(195) Compaction Phase
[36.628s][info][gc,phases      ] GC(195) Compaction Phase 149.044ms
[36.628s][info][gc,phases,start] GC(195) Post Compact
[36.631s][info][gc,phases      ] GC(195) Post Compact 3.444ms
[36.631s][info][gc,heap        ] GC(195) PSYoungGen: 29183K(167424K)->29183K(167424K) Eden: 29183K(29184K)->29183K(29184K) From: 0K(138240K)->0K(138240K)
[36.631s][info][gc,heap        ] GC(195) ParOldGen: 1774845K(1775104K)->1774845K(1775104K)
[36.631s][info][gc,metaspace   ] GC(195) Metaspace: 6298K(6464K)->6298K(6464K) NonClass: 5764K(5824K)->5764K(5824K) Class: 533K(640K)->533K(640K)
[36.631s][info][gc             ] GC(195) Pause Full (Ergonomics) 1761M->1761M(1897M) 566.501ms
[36.631s][info][gc,cpu         ] GC(195) User=4.08s Sys=0.00s Real=0.57s
[36.632s][info][gc,start       ] GC(196) Pause Full (Ergonomics)
[36.632s][info][gc,phases,start] GC(196) Marking Phase
[37.047s][info][gc,phases      ] GC(196) Marking Phase 414.855ms
[37.047s][info][gc,phases,start] GC(196) Summary Phase
[37.047s][info][gc,phases      ] GC(196) Summary Phase 0.030ms
[37.047s][info][gc,phases,start] GC(196) Adjust Roots
[37.047s][info][gc,phases      ] GC(196) Adjust Roots 0.166ms
[37.047s][info][gc,phases,start] GC(196) Compaction Phase
[37.174s][info][gc,phases      ] GC(196) Compaction Phase 127.235ms
[37.174s][info][gc,phases,start] GC(196) Post Compact
[37.177s][info][gc,phases      ] GC(196) Post Compact 2.885ms
[37.177s][info][gc,heap        ] GC(196) PSYoungGen: 29183K(167424K)->29183K(167424K) Eden: 29183K(29184K)->29183K(29184K) From: 0K(138240K)->0K(138240K)
[37.177s][info][gc,heap        ] GC(196) ParOldGen: 1774849K(1775104K)->1774849K(1775104K)
[37.177s][info][gc,metaspace   ] GC(196) Metaspace: 6298K(6464K)->6298K(6464K) NonClass: 5764K(5824K)->5764K(5824K) Class: 533K(640K)->533K(640K)
[37.177s][info][gc             ] GC(196) Pause Full (Ergonomics) 1761M->1761M(1897M) 545.531ms
[37.177s][info][gc,cpu         ] GC(196) User=3.92s Sys=0.00s Real=0.55s
[37.177s][info][gc,start       ] GC(197) Pause Full (Ergonomics)
[37.177s][info][gc,phases,start] GC(197) Marking Phase
[37.590s][info][gc,phases      ] GC(197) Marking Phase 412.797ms
[37.590s][info][gc,phases,start] GC(197) Summary Phase
[37.590s][info][gc,phases      ] GC(197) Summary Phase 0.029ms
[37.590s][info][gc,phases,start] GC(197) Adjust Roots
[37.591s][info][gc,phases      ] GC(197) Adjust Roots 0.163ms
[37.591s][info][gc,phases,start] GC(197) Compaction Phase
[37.722s][info][gc,phases      ] GC(197) Compaction Phase 131.680ms
[37.722s][info][gc,phases,start] GC(197) Post Compact
[37.725s][info][gc,phases      ] GC(197) Post Compact 3.080ms
[37.725s][info][gc,heap        ] GC(197) PSYoungGen: 29183K(167424K)->29183K(167424K) Eden: 29183K(29184K)->29183K(29184K) From: 0K(138240K)->0K(138240K)
[37.725s][info][gc,heap        ] GC(197) ParOldGen: 1774854K(1775104K)->1774854K(1775104K)
[37.725s][info][gc,metaspace   ] GC(197) Metaspace: 6298K(6464K)->6298K(6464K) NonClass: 5764K(5824K)->5764K(5824K) Class: 533K(640K)->533K(640K)
[37.725s][info][gc             ] GC(197) Pause Full (Ergonomics) 1761M->1761M(1897M) 548.098ms
[37.726s][info][gc,cpu         ] GC(197) User=3.89s Sys=0.02s Real=0.55s
[37.726s][info][gc,start       ] GC(198) Pause Full (Ergonomics)
[37.726s][info][gc,phases,start] GC(198) Marking Phase
[38.156s][info][gc,phases      ] GC(198) Marking Phase 430.175ms
[38.156s][info][gc,phases,start] GC(198) Summary Phase
[38.156s][info][gc,phases      ] GC(198) Summary Phase 0.033ms
[38.156s][info][gc,phases,start] GC(198) Adjust Roots
[38.156s][info][gc,phases      ] GC(198) Adjust Roots 0.189ms
[38.156s][info][gc,phases,start] GC(198) Compaction Phase
[38.299s][info][gc,phases      ] GC(198) Compaction Phase 142.722ms
[38.299s][info][gc,phases,start] GC(198) Post Compact
[38.303s][info][gc,phases      ] GC(198) Post Compact 3.431ms
[38.303s][info][gc,heap        ] GC(198) PSYoungGen: 29183K(167424K)->29183K(167424K) Eden: 29183K(29184K)->29183K(29184K) From: 0K(138240K)->0K(138240K)
[38.303s][info][gc,heap        ] GC(198) ParOldGen: 1774859K(1775104K)->1774859K(1775104K)
[38.303s][info][gc,metaspace   ] GC(198) Metaspace: 6298K(6464K)->6298K(6464K) NonClass: 5764K(5824K)->5764K(5824K) Class: 533K(640K)->533K(640K)
[38.303s][info][gc             ] GC(198) Pause Full (Ergonomics) 1761M->1761M(1897M) 576.937ms
[38.303s][info][gc,cpu         ] GC(198) User=4.06s Sys=0.00s Real=0.58s
[38.303s][info][gc,start       ] GC(199) Pause Full (Ergonomics)
[38.303s][info][gc,phases,start] GC(199) Marking Phase
[38.710s][info][gc,phases      ] GC(199) Marking Phase 407.479ms
[38.710s][info][gc,phases,start] GC(199) Summary Phase
[38.711s][info][gc,phases      ] GC(199) Summary Phase 0.029ms
[38.711s][info][gc,phases,start] GC(199) Adjust Roots
[38.711s][info][gc,phases      ] GC(199) Adjust Roots 0.161ms
[38.711s][info][gc,phases,start] GC(199) Compaction Phase
[38.840s][info][gc,phases      ] GC(199) Compaction Phase 129.676ms
[38.840s][info][gc,phases,start] GC(199) Post Compact
[38.844s][info][gc,phases      ] GC(199) Post Compact 3.076ms
[38.844s][info][gc,heap        ] GC(199) PSYoungGen: 29183K(167424K)->29183K(167424K) Eden: 29183K(29184K)->29183K(29184K) From: 0K(138240K)->0K(138240K)
[38.844s][info][gc,heap        ] GC(199) ParOldGen: 1774863K(1775104K)->1774863K(1775104K)
[38.844s][info][gc,metaspace   ] GC(199) Metaspace: 6298K(6464K)->6298K(6464K) NonClass: 5764K(5824K)->5764K(5824K) Class: 533K(640K)->533K(640K)
[38.844s][info][gc             ] GC(199) Pause Full (Ergonomics) 1761M->1761M(1897M) 540.757ms
[38.844s][info][gc,cpu         ] GC(199) User=3.89s Sys=0.00s Real=0.54s
[38.844s][info][gc,start       ] GC(200) Pause Full (Ergonomics)
[38.844s][info][gc,phases,start] GC(200) Marking Phase
[39.260s][info][gc,phases      ] GC(200) Marking Phase 415.984ms
[39.260s][info][gc,phases,start] GC(200) Summary Phase
[39.260s][info][gc,phases      ] GC(200) Summary Phase 0.029ms
[39.260s][info][gc,phases,start] GC(200) Adjust Roots
[39.260s][info][gc,phases      ] GC(200) Adjust Roots 0.172ms
[39.260s][info][gc,phases,start] GC(200) Compaction Phase
[39.389s][info][gc,phases      ] GC(200) Compaction Phase 128.623ms
[39.389s][info][gc,phases,start] GC(200) Post Compact
[39.392s][info][gc,phases      ] GC(200) Post Compact 2.908ms
[39.392s][info][gc,heap        ] GC(200) PSYoungGen: 29183K(167424K)->29183K(167424K) Eden: 29183K(29184K)->29183K(29184K) From: 0K(138240K)->0K(138240K)
[39.392s][info][gc,heap        ] GC(200) ParOldGen: 1774868K(1775104K)->1774868K(1775104K)
[39.392s][info][gc,metaspace   ] GC(200) Metaspace: 6298K(6464K)->6298K(6464K) NonClass: 5764K(5824K)->5764K(5824K) Class: 533K(640K)->533K(640K)
[39.392s][info][gc             ] GC(200) Pause Full (Ergonomics) 1761M->1761M(1897M) 548.089ms
[39.392s][info][gc,cpu         ] GC(200) User=4.05s Sys=0.00s Real=0.55s
[39.392s][info][gc,start       ] GC(201) Pause Full (Ergonomics)
[39.392s][info][gc,phases,start] GC(201) Marking Phase
[39.817s][info][gc,phases      ] GC(201) Marking Phase 425.023ms
[39.817s][info][gc,phases,start] GC(201) Summary Phase
[39.817s][info][gc,phases      ] GC(201) Summary Phase 0.029ms
[39.817s][info][gc,phases,start] GC(201) Adjust Roots
[39.818s][info][gc,phases      ] GC(201) Adjust Roots 0.165ms
[39.818s][info][gc,phases,start] GC(201) Compaction Phase
[39.953s][info][gc,phases      ] GC(201) Compaction Phase 135.010ms
[39.953s][info][gc,phases,start] GC(201) Post Compact
[39.956s][info][gc,phases      ] GC(201) Post Compact 3.279ms
[39.956s][info][gc,heap        ] GC(201) PSYoungGen: 29183K(167424K)->29183K(167424K) Eden: 29183K(29184K)->29183K(29184K) From: 0K(138240K)->0K(138240K)
[39.956s][info][gc,heap        ] GC(201) ParOldGen: 1774873K(1775104K)->1774873K(1775104K)
[39.956s][info][gc,metaspace   ] GC(201) Metaspace: 6298K(6464K)->6298K(6464K) NonClass: 5764K(5824K)->5764K(5824K) Class: 533K(640K)->533K(640K)
[39.956s][info][gc             ] GC(201) Pause Full (Ergonomics) 1761M->1761M(1897M) 563.874ms
[39.956s][info][gc,cpu         ] GC(201) User=4.17s Sys=0.00s Real=0.56s
[39.956s][info][gc,start       ] GC(202) Pause Full (Ergonomics)
[39.956s][info][gc,phases,start] GC(202) Marking Phase
[40.365s][info][gc,phases      ] GC(202) Marking Phase 408.768ms
[40.365s][info][gc,phases,start] GC(202) Summary Phase
[40.365s][info][gc,phases      ] GC(202) Summary Phase 0.036ms
[40.365s][info][gc,phases,start] GC(202) Adjust Roots
[40.365s][info][gc,phases      ] GC(202) Adjust Roots 0.167ms
[40.365s][info][gc,phases,start] GC(202) Compaction Phase
[40.501s][info][gc,phases      ] GC(202) Compaction Phase 135.960ms
[40.501s][info][gc,phases,start] GC(202) Post Compact
[40.505s][info][gc,phases      ] GC(202) Post Compact 3.088ms
[40.505s][info][gc,heap        ] GC(202) PSYoungGen: 29183K(167424K)->29183K(167424K) Eden: 29183K(29184K)->29183K(29184K) From: 0K(138240K)->0K(138240K)
[40.505s][info][gc,heap        ] GC(202) ParOldGen: 1774877K(1775104K)->1774877K(1775104K)
[40.505s][info][gc,metaspace   ] GC(202) Metaspace: 6298K(6464K)->6298K(6464K) NonClass: 5764K(5824K)->5764K(5824K) Class: 533K(640K)->533K(640K)
[40.505s][info][gc             ] GC(202) Pause Full (Ergonomics) 1761M->1761M(1897M) 548.374ms
[40.505s][info][gc,cpu         ] GC(202) User=4.09s Sys=0.00s Real=0.55s
[40.505s][info][gc,start       ] GC(203) Pause Full (Ergonomics)
[40.505s][info][gc,phases,start] GC(203) Marking Phase
[40.925s][info][gc,phases      ] GC(203) Marking Phase 419.611ms
[40.925s][info][gc,phases,start] GC(203) Summary Phase
[40.925s][info][gc,phases      ] GC(203) Summary Phase 0.029ms
[40.925s][info][gc,phases,start] GC(203) Adjust Roots
[40.925s][info][gc,phases      ] GC(203) Adjust Roots 0.159ms
[40.925s][info][gc,phases,start] GC(203) Compaction Phase
[41.079s][info][gc,phases      ] GC(203) Compaction Phase 154.202ms
[41.079s][info][gc,phases,start] GC(203) Post Compact
[41.082s][info][gc,phases      ] GC(203) Post Compact 3.225ms
[41.082s][info][gc,heap        ] GC(203) PSYoungGen: 29183K(167424K)->29183K(167424K) Eden: 29183K(29184K)->29183K(29184K) From: 0K(138240K)->0K(138240K)
[41.082s][info][gc,heap        ] GC(203) ParOldGen: 1774882K(1775104K)->1774882K(1775104K)
[41.082s][info][gc,metaspace   ] GC(203) Metaspace: 6298K(6464K)->6298K(6464K) NonClass: 5764K(5824K)->5764K(5824K) Class: 533K(640K)->533K(640K)
[41.083s][info][gc             ] GC(203) Pause Full (Ergonomics) 1761M->1761M(1897M) 577.612ms
[41.083s][info][gc,cpu         ] GC(203) User=4.19s Sys=0.00s Real=0.58s
[41.083s][info][gc,start       ] GC(204) Pause Full (Ergonomics)
[41.083s][info][gc,phases,start] GC(204) Marking Phase
[41.499s][info][gc,phases      ] GC(204) Marking Phase 416.156ms
[41.499s][info][gc,phases,start] GC(204) Summary Phase
[41.499s][info][gc,phases      ] GC(204) Summary Phase 0.030ms
[41.499s][info][gc,phases,start] GC(204) Adjust Roots
[41.499s][info][gc,phases      ] GC(204) Adjust Roots 0.183ms
[41.499s][info][gc,phases,start] GC(204) Compaction Phase
[41.657s][info][gc,phases      ] GC(204) Compaction Phase 157.959ms
[41.657s][info][gc,phases,start] GC(204) Post Compact
[41.660s][info][gc,phases      ] GC(204) Post Compact 3.071ms
[41.660s][info][gc,heap        ] GC(204) PSYoungGen: 29183K(167424K)->29183K(167424K) Eden: 29183K(29184K)->29183K(29184K) From: 0K(138240K)->0K(138240K)
[41.660s][info][gc,heap        ] GC(204) ParOldGen: 1774887K(1775104K)->1774887K(1775104K)
[41.660s][info][gc,metaspace   ] GC(204) Metaspace: 6298K(6464K)->6298K(6464K) NonClass: 5764K(5824K)->5764K(5824K) Class: 533K(640K)->533K(640K)
[41.661s][info][gc             ] GC(204) Pause Full (Ergonomics) 1761M->1761M(1897M) 577.750ms
[41.661s][info][gc,cpu         ] GC(204) User=3.95s Sys=0.00s Real=0.58s
[41.661s][info][gc,start       ] GC(205) Pause Full (Ergonomics)
[41.661s][info][gc,phases,start] GC(205) Marking Phase
[42.067s][info][gc,phases      ] GC(205) Marking Phase 406.392ms
[42.067s][info][gc,phases,start] GC(205) Summary Phase
[42.067s][info][gc,phases      ] GC(205) Summary Phase 0.043ms
[42.067s][info][gc,phases,start] GC(205) Adjust Roots
[42.068s][info][gc,phases      ] GC(205) Adjust Roots 0.232ms
[42.068s][info][gc,phases,start] GC(205) Compaction Phase
[42.221s][info][gc,phases      ] GC(205) Compaction Phase 153.252ms
[42.221s][info][gc,phases,start] GC(205) Post Compact
[42.224s][info][gc,phases      ] GC(205) Post Compact 3.075ms
[42.224s][info][gc,heap        ] GC(205) PSYoungGen: 29183K(167424K)->29183K(167424K) Eden: 29183K(29184K)->29183K(29184K) From: 0K(138240K)->0K(138240K)
[42.224s][info][gc,heap        ] GC(205) ParOldGen: 1774891K(1775104K)->1774891K(1775104K)
[42.224s][info][gc,metaspace   ] GC(205) Metaspace: 6298K(6464K)->6298K(6464K) NonClass: 5764K(5824K)->5764K(5824K) Class: 533K(640K)->533K(640K)
[42.224s][info][gc             ] GC(205) Pause Full (Ergonomics) 1761M->1761M(1897M) 563.380ms
[42.224s][info][gc,cpu         ] GC(205) User=3.83s Sys=0.00s Real=0.56s
[42.224s][info][gc,start       ] GC(206) Pause Full (Ergonomics)
[42.224s][info][gc,phases,start] GC(206) Marking Phase
[42.639s][info][gc,phases      ] GC(206) Marking Phase 414.853ms
[42.639s][info][gc,phases,start] GC(206) Summary Phase
[42.639s][info][gc,phases      ] GC(206) Summary Phase 0.030ms
[42.639s][info][gc,phases,start] GC(206) Adjust Roots
[42.640s][info][gc,phases      ] GC(206) Adjust Roots 0.220ms
[42.640s][info][gc,phases,start] GC(206) Compaction Phase
[42.807s][info][gc,phases      ] GC(206) Compaction Phase 167.357ms
[42.807s][info][gc,phases,start] GC(206) Post Compact
[42.810s][info][gc,phases      ] GC(206) Post Compact 2.979ms
[42.810s][info][gc,heap        ] GC(206) PSYoungGen: 29183K(167424K)->29183K(167424K) Eden: 29183K(29184K)->29183K(29184K) From: 0K(138240K)->0K(138240K)
[42.810s][info][gc,heap        ] GC(206) ParOldGen: 1774896K(1775104K)->1774896K(1775104K)
[42.810s][info][gc,metaspace   ] GC(206) Metaspace: 6298K(6464K)->6298K(6464K) NonClass: 5764K(5824K)->5764K(5824K) Class: 533K(640K)->533K(640K)
[42.810s][info][gc             ] GC(206) Pause Full (Ergonomics) 1761M->1761M(1897M) 585.764ms
[42.810s][info][gc,cpu         ] GC(206) User=3.97s Sys=0.00s Real=0.58s
[42.810s][info][gc,start       ] GC(207) Pause Full (Ergonomics)
[42.810s][info][gc,phases,start] GC(207) Marking Phase
[43.224s][info][gc,phases      ] GC(207) Marking Phase 413.176ms
[43.224s][info][gc,phases,start] GC(207) Summary Phase
[43.224s][info][gc,phases      ] GC(207) Summary Phase 0.030ms
[43.224s][info][gc,phases,start] GC(207) Adjust Roots
[43.224s][info][gc,phases      ] GC(207) Adjust Roots 0.161ms
[43.224s][info][gc,phases,start] GC(207) Compaction Phase
[43.358s][info][gc,phases      ] GC(207) Compaction Phase 133.838ms
[43.358s][info][gc,phases,start] GC(207) Post Compact
[43.361s][info][gc,phases      ] GC(207) Post Compact 2.787ms
[43.361s][info][gc,heap        ] GC(207) PSYoungGen: 29183K(167424K)->29183K(167424K) Eden: 29183K(29184K)->29183K(29184K) From: 0K(138240K)->0K(138240K)
[43.361s][info][gc,heap        ] GC(207) ParOldGen: 1774901K(1775104K)->1774901K(1775104K)
[43.361s][info][gc,metaspace   ] GC(207) Metaspace: 6298K(6464K)->6298K(6464K) NonClass: 5764K(5824K)->5764K(5824K) Class: 533K(640K)->533K(640K)
[43.361s][info][gc             ] GC(207) Pause Full (Ergonomics) 1761M->1761M(1897M) 550.339ms
[43.361s][info][gc,cpu         ] GC(207) User=3.98s Sys=0.00s Real=0.55s
[43.361s][info][gc,start       ] GC(208) Pause Full (Ergonomics)
[43.361s][info][gc,phases,start] GC(208) Marking Phase
[43.786s][info][gc,phases      ] GC(208) Marking Phase 425.477ms
[43.786s][info][gc,phases,start] GC(208) Summary Phase
[43.786s][info][gc,phases      ] GC(208) Summary Phase 0.043ms
[43.787s][info][gc,phases,start] GC(208) Adjust Roots
[43.787s][info][gc,phases      ] GC(208) Adjust Roots 0.248ms
[43.787s][info][gc,phases,start] GC(208) Compaction Phase
[43.935s][info][gc,phases      ] GC(208) Compaction Phase 147.992ms
[43.935s][info][gc,phases,start] GC(208) Post Compact
[43.938s][info][gc,phases      ] GC(208) Post Compact 3.120ms
[43.938s][info][gc,heap        ] GC(208) PSYoungGen: 29183K(167424K)->29183K(167424K) Eden: 29183K(29184K)->29183K(29184K) From: 0K(138240K)->0K(138240K)
[43.938s][info][gc,heap        ] GC(208) ParOldGen: 1774905K(1775104K)->1774905K(1775104K)
[43.938s][info][gc,metaspace   ] GC(208) Metaspace: 6298K(6464K)->6298K(6464K) NonClass: 5764K(5824K)->5764K(5824K) Class: 533K(640K)->533K(640K)
[43.938s][info][gc             ] GC(208) Pause Full (Ergonomics) 1761M->1761M(1897M) 577.243ms
[43.938s][info][gc,cpu         ] GC(208) User=4.19s Sys=0.00s Real=0.58s
[43.938s][info][gc,start       ] GC(209) Pause Full (Ergonomics)
[43.938s][info][gc,phases,start] GC(209) Marking Phase
[44.362s][info][gc,phases      ] GC(209) Marking Phase 423.838ms
[44.362s][info][gc,phases,start] GC(209) Summary Phase
[44.362s][info][gc,phases      ] GC(209) Summary Phase 0.030ms
[44.362s][info][gc,phases,start] GC(209) Adjust Roots
[44.362s][info][gc,phases      ] GC(209) Adjust Roots 0.167ms
[44.363s][info][gc,phases,start] GC(209) Compaction Phase
[44.512s][info][gc,phases      ] GC(209) Compaction Phase 149.022ms
[44.512s][info][gc,phases,start] GC(209) Post Compact
[44.515s][info][gc,phases      ] GC(209) Post Compact 3.073ms
[44.515s][info][gc,heap        ] GC(209) PSYoungGen: 29183K(167424K)->29183K(167424K) Eden: 29183K(29184K)->29183K(29184K) From: 0K(138240K)->0K(138240K)
[44.515s][info][gc,heap        ] GC(209) ParOldGen: 1774910K(1775104K)->1774910K(1775104K)
[44.515s][info][gc,metaspace   ] GC(209) Metaspace: 6298K(6464K)->6298K(6464K) NonClass: 5764K(5824K)->5764K(5824K) Class: 533K(640K)->533K(640K)
[44.515s][info][gc             ] GC(209) Pause Full (Ergonomics) 1761M->1761M(1897M) 576.473ms
[44.515s][info][gc,cpu         ] GC(209) User=4.28s Sys=0.00s Real=0.58s
[44.515s][info][gc,start       ] GC(210) Pause Full (Ergonomics)
[44.515s][info][gc,phases,start] GC(210) Marking Phase
[44.941s][info][gc,phases      ] GC(210) Marking Phase 426.335ms
[44.941s][info][gc,phases,start] GC(210) Summary Phase
[44.941s][info][gc,phases      ] GC(210) Summary Phase 0.031ms
[44.941s][info][gc,phases,start] GC(210) Adjust Roots
[44.942s][info][gc,phases      ] GC(210) Adjust Roots 0.216ms
[44.942s][info][gc,phases,start] GC(210) Compaction Phase
[45.073s][info][gc,phases      ] GC(210) Compaction Phase 130.962ms
[45.073s][info][gc,phases,start] GC(210) Post Compact
[45.076s][info][gc,phases      ] GC(210) Post Compact 3.330ms
[45.076s][info][gc,heap        ] GC(210) PSYoungGen: 29183K(167424K)->29183K(167424K) Eden: 29183K(29184K)->29183K(29184K) From: 0K(138240K)->0K(138240K)
[45.076s][info][gc,heap        ] GC(210) ParOldGen: 1774915K(1775104K)->1774915K(1775104K)
[45.076s][info][gc,metaspace   ] GC(210) Metaspace: 6298K(6464K)->6298K(6464K) NonClass: 5764K(5824K)->5764K(5824K) Class: 533K(640K)->533K(640K)
[45.076s][info][gc             ] GC(210) Pause Full (Ergonomics) 1761M->1761M(1897M) 561.231ms
[45.076s][info][gc,cpu         ] GC(210) User=4.09s Sys=0.02s Real=0.56s
[45.076s][info][gc,start       ] GC(211) Pause Full (Ergonomics)
[45.077s][info][gc,phases,start] GC(211) Marking Phase
[45.496s][info][gc,phases      ] GC(211) Marking Phase 419.057ms
[45.496s][info][gc,phases,start] GC(211) Summary Phase
[45.496s][info][gc,phases      ] GC(211) Summary Phase 0.031ms
[45.496s][info][gc,phases,start] GC(211) Adjust Roots
[45.496s][info][gc,phases      ] GC(211) Adjust Roots 0.173ms
[45.496s][info][gc,phases,start] GC(211) Compaction Phase
[45.640s][info][gc,phases      ] GC(211) Compaction Phase 143.929ms
[45.640s][info][gc,phases,start] GC(211) Post Compact
[45.643s][info][gc,phases      ] GC(211) Post Compact 3.093ms
[45.643s][info][gc,heap        ] GC(211) PSYoungGen: 29183K(167424K)->29183K(167424K) Eden: 29183K(29184K)->29183K(29184K) From: 0K(138240K)->0K(138240K)
[45.643s][info][gc,heap        ] GC(211) ParOldGen: 1774919K(1775104K)->1774919K(1775104K)
[45.643s][info][gc,metaspace   ] GC(211) Metaspace: 6298K(6464K)->6298K(6464K) NonClass: 5764K(5824K)->5764K(5824K) Class: 533K(640K)->533K(640K)
[45.643s][info][gc             ] GC(211) Pause Full (Ergonomics) 1761M->1761M(1897M) 566.630ms
[45.643s][info][gc,cpu         ] GC(211) User=4.17s Sys=0.00s Real=0.57s
[45.643s][info][gc,start       ] GC(212) Pause Full (Ergonomics)
[45.643s][info][gc,phases,start] GC(212) Marking Phase
[46.074s][info][gc,phases      ] GC(212) Marking Phase 430.526ms
[46.074s][info][gc,phases,start] GC(212) Summary Phase
[46.074s][info][gc,phases      ] GC(212) Summary Phase 0.029ms
[46.074s][info][gc,phases,start] GC(212) Adjust Roots
[46.074s][info][gc,phases      ] GC(212) Adjust Roots 0.160ms
[46.074s][info][gc,phases,start] GC(212) Compaction Phase
[46.202s][info][gc,phases      ] GC(212) Compaction Phase 128.218ms
[46.202s][info][gc,phases,start] GC(212) Post Compact
[46.205s][info][gc,phases      ] GC(212) Post Compact 2.879ms
[46.205s][info][gc,heap        ] GC(212) PSYoungGen: 29183K(167424K)->29183K(167424K) Eden: 29183K(29184K)->29183K(29184K) From: 0K(138240K)->0K(138240K)
[46.205s][info][gc,heap        ] GC(212) ParOldGen: 1774924K(1775104K)->1774924K(1775104K)
[46.205s][info][gc,metaspace   ] GC(212) Metaspace: 6298K(6464K)->6298K(6464K) NonClass: 5764K(5824K)->5764K(5824K) Class: 533K(640K)->533K(640K)
[46.206s][info][gc             ] GC(212) Pause Full (Ergonomics) 1761M->1761M(1897M) 562.167ms
[46.206s][info][gc,cpu         ] GC(212) User=4.17s Sys=0.00s Real=0.56s
[46.206s][info][gc,start       ] GC(213) Pause Full (Ergonomics)
[46.206s][info][gc,phases,start] GC(213) Marking Phase
[46.638s][info][gc,phases      ] GC(213) Marking Phase 432.085ms
[46.638s][info][gc,phases,start] GC(213) Summary Phase
[46.638s][info][gc,phases      ] GC(213) Summary Phase 0.035ms
[46.638s][info][gc,phases,start] GC(213) Adjust Roots
[46.638s][info][gc,phases      ] GC(213) Adjust Roots 0.188ms
[46.638s][info][gc,phases,start] GC(213) Compaction Phase
[46.798s][info][gc,phases      ] GC(213) Compaction Phase 160.225ms
[46.798s][info][gc,phases,start] GC(213) Post Compact
[46.802s][info][gc,phases      ] GC(213) Post Compact 3.393ms
[46.802s][info][gc,heap        ] GC(213) PSYoungGen: 29183K(167424K)->29183K(167424K) Eden: 29183K(29184K)->29183K(29184K) From: 0K(138240K)->0K(138240K)
[46.802s][info][gc,heap        ] GC(213) ParOldGen: 1774929K(1775104K)->1774929K(1775104K)
[46.802s][info][gc,metaspace   ] GC(213) Metaspace: 6298K(6464K)->6298K(6464K) NonClass: 5764K(5824K)->5764K(5824K) Class: 533K(640K)->533K(640K)
[46.802s][info][gc             ] GC(213) Pause Full (Ergonomics) 1761M->1761M(1897M) 596.294ms
[46.802s][info][gc,cpu         ] GC(213) User=4.19s Sys=0.00s Real=0.60s
[46.802s][info][gc,start       ] GC(214) Pause Full (Ergonomics)
[46.802s][info][gc,phases,start] GC(214) Marking Phase
[47.210s][info][gc,phases      ] GC(214) Marking Phase 407.583ms
[47.210s][info][gc,phases,start] GC(214) Summary Phase
[47.210s][info][gc,phases      ] GC(214) Summary Phase 0.030ms
[47.210s][info][gc,phases,start] GC(214) Adjust Roots
[47.210s][info][gc,phases      ] GC(214) Adjust Roots 0.159ms
[47.210s][info][gc,phases,start] GC(214) Compaction Phase
[47.347s][info][gc,phases      ] GC(214) Compaction Phase 136.603ms
[47.347s][info][gc,phases,start] GC(214) Post Compact
[47.350s][info][gc,phases      ] GC(214) Post Compact 3.208ms
[47.350s][info][gc,heap        ] GC(214) PSYoungGen: 29183K(167424K)->29183K(167424K) Eden: 29183K(29184K)->29183K(29184K) From: 0K(138240K)->0K(138240K)
[47.350s][info][gc,heap        ] GC(214) ParOldGen: 1774933K(1775104K)->1774933K(1775104K)
[47.350s][info][gc,metaspace   ] GC(214) Metaspace: 6298K(6464K)->6298K(6464K) NonClass: 5764K(5824K)->5764K(5824K) Class: 533K(640K)->533K(640K)
[47.350s][info][gc             ] GC(214) Pause Full (Ergonomics) 1761M->1761M(1897M) 547.960ms
[47.350s][info][gc,cpu         ] GC(214) User=3.88s Sys=0.02s Real=0.55s
[47.350s][info][gc,start       ] GC(215) Pause Full (Ergonomics)
[47.351s][info][gc,phases,start] GC(215) Marking Phase
[47.781s][info][gc,phases      ] GC(215) Marking Phase 430.427ms
[47.781s][info][gc,phases,start] GC(215) Summary Phase
[47.781s][info][gc,phases      ] GC(215) Summary Phase 0.030ms
[47.781s][info][gc,phases,start] GC(215) Adjust Roots
[47.781s][info][gc,phases      ] GC(215) Adjust Roots 0.194ms
[47.781s][info][gc,phases,start] GC(215) Compaction Phase
[47.911s][info][gc,phases      ] GC(215) Compaction Phase 129.856ms
[47.911s][info][gc,phases,start] GC(215) Post Compact
[47.915s][info][gc,phases      ] GC(215) Post Compact 3.319ms
[47.915s][info][gc,heap        ] GC(215) PSYoungGen: 29183K(167424K)->29183K(167424K) Eden: 29183K(29184K)->29183K(29184K) From: 0K(138240K)->0K(138240K)
[47.915s][info][gc,heap        ] GC(215) ParOldGen: 1774938K(1775104K)->1774938K(1775104K)
[47.915s][info][gc,metaspace   ] GC(215) Metaspace: 6298K(6464K)->6298K(6464K) NonClass: 5764K(5824K)->5764K(5824K) Class: 533K(640K)->533K(640K)
[47.915s][info][gc             ] GC(215) Pause Full (Ergonomics) 1761M->1761M(1897M) 564.197ms
[47.915s][info][gc,cpu         ] GC(215) User=4.09s Sys=0.00s Real=0.56s
[47.915s][info][gc,start       ] GC(216) Pause Full (Ergonomics)
[47.915s][info][gc,phases,start] GC(216) Marking Phase
[48.338s][info][gc,phases      ] GC(216) Marking Phase 422.718ms
[48.338s][info][gc,phases,start] GC(216) Summary Phase
[48.338s][info][gc,phases      ] GC(216) Summary Phase 0.030ms
[48.338s][info][gc,phases,start] GC(216) Adjust Roots
[48.338s][info][gc,phases      ] GC(216) Adjust Roots 0.160ms
[48.338s][info][gc,phases,start] GC(216) Compaction Phase
[48.509s][info][gc,phases      ] GC(216) Compaction Phase 171.391ms
[48.509s][info][gc,phases,start] GC(216) Post Compact
[48.513s][info][gc,phases      ] GC(216) Post Compact 3.229ms
[48.513s][info][gc,heap        ] GC(216) PSYoungGen: 29183K(167424K)->29183K(167424K) Eden: 29183K(29184K)->29183K(29184K) From: 0K(138240K)->0K(138240K)
[48.513s][info][gc,heap        ] GC(216) ParOldGen: 1774943K(1775104K)->1774943K(1775104K)
[48.513s][info][gc,metaspace   ] GC(216) Metaspace: 6298K(6464K)->6298K(6464K) NonClass: 5764K(5824K)->5764K(5824K) Class: 533K(640K)->533K(640K)
[48.513s][info][gc             ] GC(216) Pause Full (Ergonomics) 1761M->1761M(1897M) 597.884ms
[48.513s][info][gc,cpu         ] GC(216) User=4.09s Sys=0.00s Real=0.60s
[48.513s][info][gc,start       ] GC(217) Pause Full (Ergonomics)
[48.513s][info][gc,phases,start] GC(217) Marking Phase
[48.923s][info][gc,phases      ] GC(217) Marking Phase 409.756ms
[48.923s][info][gc,phases,start] GC(217) Summary Phase
[48.923s][info][gc,phases      ] GC(217) Summary Phase 0.029ms
[48.923s][info][gc,phases,start] GC(217) Adjust Roots
[48.923s][info][gc,phases      ] GC(217) Adjust Roots 0.160ms
[48.923s][info][gc,phases,start] GC(217) Compaction Phase
[49.057s][info][gc,phases      ] GC(217) Compaction Phase 134.059ms
[49.057s][info][gc,phases,start] GC(217) Post Compact
[49.061s][info][gc,phases      ] GC(217) Post Compact 3.479ms
[49.061s][info][gc,heap        ] GC(217) PSYoungGen: 29183K(167424K)->29183K(167424K) Eden: 29183K(29184K)->29183K(29184K) From: 0K(138240K)->0K(138240K)
[49.061s][info][gc,heap        ] GC(217) ParOldGen: 1774947K(1775104K)->1774947K(1775104K)
[49.061s][info][gc,metaspace   ] GC(217) Metaspace: 6298K(6464K)->6298K(6464K) NonClass: 5764K(5824K)->5764K(5824K) Class: 533K(640K)->533K(640K)
[49.061s][info][gc             ] GC(217) Pause Full (Ergonomics) 1761M->1761M(1897M) 547.872ms
[49.061s][info][gc,cpu         ] GC(217) User=4.17s Sys=0.00s Real=0.55s
[49.061s][info][gc,start       ] GC(218) Pause Full (Ergonomics)
[49.061s][info][gc,phases,start] GC(218) Marking Phase
[49.491s][info][gc,phases      ] GC(218) Marking Phase 429.299ms
[49.491s][info][gc,phases,start] GC(218) Summary Phase
[49.491s][info][gc,phases      ] GC(218) Summary Phase 0.029ms
[49.491s][info][gc,phases,start] GC(218) Adjust Roots
[49.491s][info][gc,phases      ] GC(218) Adjust Roots 0.164ms
[49.491s][info][gc,phases,start] GC(218) Compaction Phase
[49.632s][info][gc,phases      ] GC(218) Compaction Phase 140.625ms
[49.632s][info][gc,phases,start] GC(218) Post Compact
[49.635s][info][gc,phases      ] GC(218) Post Compact 3.092ms
[49.635s][info][gc,heap        ] GC(218) PSYoungGen: 29183K(167424K)->29183K(167424K) Eden: 29183K(29184K)->29183K(29184K) From: 0K(138240K)->0K(138240K)
[49.635s][info][gc,heap        ] GC(218) ParOldGen: 1774952K(1775104K)->1774952K(1775104K)
[49.635s][info][gc,metaspace   ] GC(218) Metaspace: 6298K(6464K)->6298K(6464K) NonClass: 5764K(5824K)->5764K(5824K) Class: 533K(640K)->533K(640K)
[49.635s][info][gc             ] GC(218) Pause Full (Ergonomics) 1761M->1761M(1897M) 573.663ms
[49.635s][info][gc,cpu         ] GC(218) User=4.20s Sys=0.03s Real=0.57s
[49.635s][info][gc,start       ] GC(219) Pause Full (Ergonomics)
[49.635s][info][gc,phases,start] GC(219) Marking Phase
[50.055s][info][gc,phases      ] GC(219) Marking Phase 419.716ms
[50.055s][info][gc,phases,start] GC(219) Summary Phase
[50.055s][info][gc,phases      ] GC(219) Summary Phase 0.031ms
[50.055s][info][gc,phases,start] GC(219) Adjust Roots
[50.055s][info][gc,phases      ] GC(219) Adjust Roots 0.175ms
[50.055s][info][gc,phases,start] GC(219) Compaction Phase
[50.192s][info][gc,phases      ] GC(219) Compaction Phase 137.310ms
[50.193s][info][gc,phases,start] GC(219) Post Compact
[50.196s][info][gc,phases      ] GC(219) Post Compact 3.149ms
[50.196s][info][gc,heap        ] GC(219) PSYoungGen: 29183K(167424K)->29183K(167424K) Eden: 29183K(29184K)->29183K(29184K) From: 0K(138240K)->0K(138240K)
[50.196s][info][gc,heap        ] GC(219) ParOldGen: 1774957K(1775104K)->1774957K(1775104K)
[50.196s][info][gc,metaspace   ] GC(219) Metaspace: 6298K(6464K)->6298K(6464K) NonClass: 5764K(5824K)->5764K(5824K) Class: 533K(640K)->533K(640K)
[50.196s][info][gc             ] GC(219) Pause Full (Ergonomics) 1761M->1761M(1897M) 560.741ms
[50.196s][info][gc,cpu         ] GC(219) User=4.22s Sys=0.00s Real=0.56s
[50.196s][info][gc,start       ] GC(220) Pause Full (Ergonomics)
[50.196s][info][gc,phases,start] GC(220) Marking Phase
[50.627s][info][gc,phases      ] GC(220) Marking Phase 430.860ms
[50.627s][info][gc,phases,start] GC(220) Summary Phase
[50.627s][info][gc,phases      ] GC(220) Summary Phase 0.029ms
[50.627s][info][gc,phases,start] GC(220) Adjust Roots
[50.627s][info][gc,phases      ] GC(220) Adjust Roots 0.162ms
[50.627s][info][gc,phases,start] GC(220) Compaction Phase
[50.772s][info][gc,phases      ] GC(220) Compaction Phase 144.933ms
[50.772s][info][gc,phases,start] GC(220) Post Compact
[50.775s][info][gc,phases      ] GC(220) Post Compact 3.203ms
[50.776s][info][gc,heap        ] GC(220) PSYoungGen: 29183K(167424K)->29183K(167424K) Eden: 29183K(29184K)->29183K(29184K) From: 0K(138240K)->0K(138240K)
[50.776s][info][gc,heap        ] GC(220) ParOldGen: 1774961K(1775104K)->1774961K(1775104K)
[50.776s][info][gc,metaspace   ] GC(220) Metaspace: 6298K(6464K)->6298K(6464K) NonClass: 5764K(5824K)->5764K(5824K) Class: 533K(640K)->533K(640K)
[50.776s][info][gc             ] GC(220) Pause Full (Ergonomics) 1761M->1761M(1897M) 579.538ms
[50.776s][info][gc,cpu         ] GC(220) User=4.25s Sys=0.00s Real=0.58s
[50.776s][info][gc,start       ] GC(221) Pause Full (Ergonomics)
[50.776s][info][gc,phases,start] GC(221) Marking Phase
[51.206s][info][gc,phases      ] GC(221) Marking Phase 429.724ms
[51.206s][info][gc,phases,start] GC(221) Summary Phase
[51.206s][info][gc,phases      ] GC(221) Summary Phase 0.030ms
[51.206s][info][gc,phases,start] GC(221) Adjust Roots
[51.206s][info][gc,phases      ] GC(221) Adjust Roots 0.163ms
[51.206s][info][gc,phases,start] GC(221) Compaction Phase
[51.359s][info][gc,phases      ] GC(221) Compaction Phase 153.471ms
[51.359s][info][gc,phases,start] GC(221) Post Compact
[51.363s][info][gc,phases      ] GC(221) Post Compact 3.414ms
[51.363s][info][gc,heap        ] GC(221) PSYoungGen: 29183K(167424K)->29183K(167424K) Eden: 29183K(29184K)->29183K(29184K) From: 0K(138240K)->0K(138240K)
[51.363s][info][gc,heap        ] GC(221) ParOldGen: 1774966K(1775104K)->1774966K(1775104K)
[51.363s][info][gc,metaspace   ] GC(221) Metaspace: 6298K(6464K)->6298K(6464K) NonClass: 5764K(5824K)->5764K(5824K) Class: 533K(640K)->533K(640K)
[51.363s][info][gc             ] GC(221) Pause Full (Ergonomics) 1761M->1761M(1897M) 587.165ms
[51.363s][info][gc,cpu         ] GC(221) User=4.33s Sys=0.00s Real=0.59s
[51.363s][info][gc,start       ] GC(222) Pause Full (Ergonomics)
[51.363s][info][gc,phases,start] GC(222) Marking Phase
[51.782s][info][gc,phases      ] GC(222) Marking Phase 418.454ms
[51.782s][info][gc,phases,start] GC(222) Summary Phase
[51.782s][info][gc,phases      ] GC(222) Summary Phase 0.031ms
[51.782s][info][gc,phases,start] GC(222) Adjust Roots
[51.782s][info][gc,phases      ] GC(222) Adjust Roots 0.224ms
[51.782s][info][gc,phases,start] GC(222) Compaction Phase
[51.946s][info][gc,phases      ] GC(222) Compaction Phase 163.739ms
[51.946s][info][gc,phases,start] GC(222) Post Compact
[51.949s][info][gc,phases      ] GC(222) Post Compact 3.075ms
[51.949s][info][gc,heap        ] GC(222) PSYoungGen: 29183K(167424K)->29183K(167424K) Eden: 29183K(29184K)->29183K(29184K) From: 0K(138240K)->0K(138240K)
[51.949s][info][gc,heap        ] GC(222) ParOldGen: 1774971K(1775104K)->1774971K(1775104K)
[51.949s][info][gc,metaspace   ] GC(222) Metaspace: 6298K(6464K)->6298K(6464K) NonClass: 5764K(5824K)->5764K(5824K) Class: 533K(640K)->533K(640K)
[51.949s][info][gc             ] GC(222) Pause Full (Ergonomics) 1761M->1761M(1897M) 585.860ms
[51.949s][info][gc,cpu         ] GC(222) User=4.17s Sys=0.00s Real=0.59s
[51.949s][info][gc,start       ] GC(223) Pause Full (Ergonomics)
[51.949s][info][gc,phases,start] GC(223) Marking Phase
[52.372s][info][gc,phases      ] GC(223) Marking Phase 422.508ms
[52.372s][info][gc,phases,start] GC(223) Summary Phase
[52.372s][info][gc,phases      ] GC(223) Summary Phase 0.029ms
[52.372s][info][gc,phases,start] GC(223) Adjust Roots
[52.372s][info][gc,phases      ] GC(223) Adjust Roots 0.160ms
[52.372s][info][gc,phases,start] GC(223) Compaction Phase
[52.525s][info][gc,phases      ] GC(223) Compaction Phase 152.831ms
[52.525s][info][gc,phases,start] GC(223) Post Compact
[52.528s][info][gc,phases      ] GC(223) Post Compact 3.076ms
[52.528s][info][gc,heap        ] GC(223) PSYoungGen: 29183K(167424K)->29183K(167424K) Eden: 29183K(29184K)->29183K(29184K) From: 0K(138240K)->0K(138240K)
[52.528s][info][gc,heap        ] GC(223) ParOldGen: 1774975K(1775104K)->1774975K(1775104K)
[52.528s][info][gc,metaspace   ] GC(223) Metaspace: 6298K(6464K)->6298K(6464K) NonClass: 5764K(5824K)->5764K(5824K) Class: 533K(640K)->533K(640K)
[52.528s][info][gc             ] GC(223) Pause Full (Ergonomics) 1761M->1761M(1897M) 578.935ms
[52.528s][info][gc,cpu         ] GC(223) User=4.22s Sys=0.00s Real=0.58s
[52.528s][info][gc,start       ] GC(224) Pause Full (Ergonomics)
[52.529s][info][gc,phases,start] GC(224) Marking Phase
[52.958s][info][gc,phases      ] GC(224) Marking Phase 429.233ms
[52.958s][info][gc,phases,start] GC(224) Summary Phase
[52.958s][info][gc,phases      ] GC(224) Summary Phase 0.029ms
[52.958s][info][gc,phases,start] GC(224) Adjust Roots
[52.958s][info][gc,phases      ] GC(224) Adjust Roots 0.175ms
[52.958s][info][gc,phases,start] GC(224) Compaction Phase
[53.136s][info][gc,phases      ] GC(224) Compaction Phase 178.382ms
[53.137s][info][gc,phases,start] GC(224) Post Compact
[53.140s][info][gc,phases      ] GC(224) Post Compact 2.991ms
[53.140s][info][gc,heap        ] GC(224) PSYoungGen: 29183K(167424K)->29183K(167424K) Eden: 29183K(29184K)->29183K(29184K) From: 0K(138240K)->0K(138240K)
[53.140s][info][gc,heap        ] GC(224) ParOldGen: 1774980K(1775104K)->1774980K(1775104K)
[53.140s][info][gc,metaspace   ] GC(224) Metaspace: 6298K(6464K)->6298K(6464K) NonClass: 5764K(5824K)->5764K(5824K) Class: 533K(640K)->533K(640K)
[53.140s][info][gc             ] GC(224) Pause Full (Ergonomics) 1761M->1761M(1897M) 611.161ms
[53.140s][info][gc,cpu         ] GC(224) User=4.17s Sys=0.00s Real=0.61s
[53.140s][info][gc,start       ] GC(225) Pause Full (Ergonomics)
[53.140s][info][gc,phases,start] GC(225) Marking Phase
[53.553s][info][gc,phases      ] GC(225) Marking Phase 413.607ms
[53.554s][info][gc,phases,start] GC(225) Summary Phase
[53.554s][info][gc,phases      ] GC(225) Summary Phase 0.030ms
[53.554s][info][gc,phases,start] GC(225) Adjust Roots
[53.554s][info][gc,phases      ] GC(225) Adjust Roots 0.162ms
[53.554s][info][gc,phases,start] GC(225) Compaction Phase
[53.699s][info][gc,phases      ] GC(225) Compaction Phase 145.292ms
[53.699s][info][gc,phases,start] GC(225) Post Compact
[53.702s][info][gc,phases      ] GC(225) Post Compact 3.135ms
[53.702s][info][gc,heap        ] GC(225) PSYoungGen: 29183K(167424K)->29183K(167424K) Eden: 29183K(29184K)->29183K(29184K) From: 0K(138240K)->0K(138240K)
[53.702s][info][gc,heap        ] GC(225) ParOldGen: 1774985K(1775104K)->1774985K(1775104K)
[53.702s][info][gc,metaspace   ] GC(225) Metaspace: 6298K(6464K)->6298K(6464K) NonClass: 5764K(5824K)->5764K(5824K) Class: 533K(640K)->533K(640K)
[53.702s][info][gc             ] GC(225) Pause Full (Ergonomics) 1761M->1761M(1897M) 562.568ms
[53.702s][info][gc,cpu         ] GC(225) User=4.08s Sys=0.00s Real=0.56s
[53.703s][info][gc,start       ] GC(226) Pause Full (Ergonomics)
[53.703s][info][gc,phases,start] GC(226) Marking Phase
[54.127s][info][gc,phases      ] GC(226) Marking Phase 424.026ms
[54.127s][info][gc,phases,start] GC(226) Summary Phase
[54.127s][info][gc,phases      ] GC(226) Summary Phase 0.030ms
[54.127s][info][gc,phases,start] GC(226) Adjust Roots
[54.127s][info][gc,phases      ] GC(226) Adjust Roots 0.166ms
[54.127s][info][gc,phases,start] GC(226) Compaction Phase
[54.273s][info][gc,phases      ] GC(226) Compaction Phase 145.718ms
[54.273s][info][gc,phases,start] GC(226) Post Compact
[54.276s][info][gc,phases      ] GC(226) Post Compact 3.190ms
[54.276s][info][gc,heap        ] GC(226) PSYoungGen: 29183K(167424K)->29183K(167424K) Eden: 29183K(29184K)->29183K(29184K) From: 0K(138240K)->0K(138240K)
[54.276s][info][gc,heap        ] GC(226) ParOldGen: 1774989K(1775104K)->1774989K(1775104K)
[54.276s][info][gc,metaspace   ] GC(226) Metaspace: 6298K(6464K)->6298K(6464K) NonClass: 5764K(5824K)->5764K(5824K) Class: 533K(640K)->533K(640K)
[54.276s][info][gc             ] GC(226) Pause Full (Ergonomics) 1761M->1761M(1897M) 573.495ms
[54.276s][info][gc,cpu         ] GC(226) User=4.27s Sys=0.02s Real=0.57s
[54.276s][info][gc,start       ] GC(227) Pause Full (Ergonomics)
[54.276s][info][gc,phases,start] GC(227) Marking Phase
[54.716s][info][gc,phases      ] GC(227) Marking Phase 439.755ms
[54.716s][info][gc,phases,start] GC(227) Summary Phase
[54.716s][info][gc,phases      ] GC(227) Summary Phase 0.030ms
[54.716s][info][gc,phases,start] GC(227) Adjust Roots
[54.716s][info][gc,phases      ] GC(227) Adjust Roots 0.167ms
[54.716s][info][gc,phases,start] GC(227) Compaction Phase
[54.867s][info][gc,phases      ] GC(227) Compaction Phase 150.124ms
[54.867s][info][gc,phases,start] GC(227) Post Compact
[54.870s][info][gc,phases      ] GC(227) Post Compact 3.251ms
[54.870s][info][gc,heap        ] GC(227) PSYoungGen: 29183K(167424K)->29183K(167424K) Eden: 29183K(29184K)->29183K(29184K) From: 0K(138240K)->0K(138240K)
[54.870s][info][gc,heap        ] GC(227) ParOldGen: 1774994K(1775104K)->1774994K(1775104K)
[54.870s][info][gc,metaspace   ] GC(227) Metaspace: 6298K(6464K)->6298K(6464K) NonClass: 5764K(5824K)->5764K(5824K) Class: 533K(640K)->533K(640K)
[54.870s][info][gc             ] GC(227) Pause Full (Ergonomics) 1761M->1761M(1897M) 593.684ms
[54.870s][info][gc,cpu         ] GC(227) User=4.36s Sys=0.00s Real=0.59s
[54.870s][info][gc,start       ] GC(228) Pause Full (Ergonomics)
[54.870s][info][gc,phases,start] GC(228) Marking Phase
[55.308s][info][gc,phases      ] GC(228) Marking Phase 437.803ms
[55.308s][info][gc,phases,start] GC(228) Summary Phase
[55.308s][info][gc,phases      ] GC(228) Summary Phase 0.029ms
[55.308s][info][gc,phases,start] GC(228) Adjust Roots
[55.308s][info][gc,phases      ] GC(228) Adjust Roots 0.164ms
[55.308s][info][gc,phases,start] GC(228) Compaction Phase
[55.449s][info][gc,phases      ] GC(228) Compaction Phase 140.390ms
[55.449s][info][gc,phases,start] GC(228) Post Compact
[55.452s][info][gc,phases      ] GC(228) Post Compact 3.571ms
[55.453s][info][gc,heap        ] GC(228) PSYoungGen: 29183K(167424K)->29183K(167424K) Eden: 29183K(29184K)->29183K(29184K) From: 0K(138240K)->0K(138240K)
[55.453s][info][gc,heap        ] GC(228) ParOldGen: 1774999K(1775104K)->1774999K(1775104K)
[55.453s][info][gc,metaspace   ] GC(228) Metaspace: 6298K(6464K)->6298K(6464K) NonClass: 5764K(5824K)->5764K(5824K) Class: 533K(640K)->533K(640K)
[55.453s][info][gc             ] GC(228) Pause Full (Ergonomics) 1761M->1761M(1897M) 582.341ms
[55.453s][info][gc,cpu         ] GC(228) User=4.28s Sys=0.00s Real=0.58s
[55.453s][info][gc,start       ] GC(229) Pause Full (Ergonomics)
[55.453s][info][gc,phases,start] GC(229) Marking Phase
[55.893s][info][gc,phases      ] GC(229) Marking Phase 439.791ms
[55.893s][info][gc,phases,start] GC(229) Summary Phase
[55.893s][info][gc,phases      ] GC(229) Summary Phase 0.030ms
[55.893s][info][gc,phases,start] GC(229) Adjust Roots
[55.893s][info][gc,phases      ] GC(229) Adjust Roots 0.180ms
[55.893s][info][gc,phases,start] GC(229) Compaction Phase
[56.034s][info][gc,phases      ] GC(229) Compaction Phase 140.694ms
[56.034s][info][gc,phases,start] GC(229) Post Compact
[56.037s][info][gc,phases      ] GC(229) Post Compact 3.329ms
[56.037s][info][gc,heap        ] GC(229) PSYoungGen: 29183K(167424K)->29183K(167424K) Eden: 29183K(29184K)->29183K(29184K) From: 0K(138240K)->0K(138240K)
[56.037s][info][gc,heap        ] GC(229) ParOldGen: 1775003K(1775104K)->1775003K(1775104K)
[56.037s][info][gc,metaspace   ] GC(229) Metaspace: 6298K(6464K)->6298K(6464K) NonClass: 5764K(5824K)->5764K(5824K) Class: 533K(640K)->533K(640K)
[56.037s][info][gc             ] GC(229) Pause Full (Ergonomics) 1761M->1761M(1897M) 584.420ms
[56.037s][info][gc,cpu         ] GC(229) User=4.45s Sys=0.00s Real=0.58s
[56.038s][info][gc,start       ] GC(230) Pause Full (Ergonomics)
[56.038s][info][gc,phases,start] GC(230) Marking Phase
[56.488s][info][gc,phases      ] GC(230) Marking Phase 450.263ms
[56.488s][info][gc,phases,start] GC(230) Summary Phase
[56.488s][info][gc,phases      ] GC(230) Summary Phase 0.029ms
[56.488s][info][gc,phases,start] GC(230) Adjust Roots
[56.488s][info][gc,phases      ] GC(230) Adjust Roots 0.161ms
[56.488s][info][gc,phases,start] GC(230) Compaction Phase
[56.628s][info][gc,phases      ] GC(230) Compaction Phase 139.718ms
[56.628s][info][gc,phases,start] GC(230) Post Compact
[56.631s][info][gc,phases      ] GC(230) Post Compact 3.122ms
[56.631s][info][gc,heap        ] GC(230) PSYoungGen: 29183K(167424K)->29183K(167424K) Eden: 29183K(29184K)->29183K(29184K) From: 0K(138240K)->0K(138240K)
[56.631s][info][gc,heap        ] GC(230) ParOldGen: 1775008K(1775104K)->1775008K(1775104K)
[56.631s][info][gc,metaspace   ] GC(230) Metaspace: 6298K(6464K)->6298K(6464K) NonClass: 5764K(5824K)->5764K(5824K) Class: 533K(640K)->533K(640K)
[56.631s][info][gc             ] GC(230) Pause Full (Ergonomics) 1761M->1761M(1897M) 593.642ms
[56.631s][info][gc,cpu         ] GC(230) User=4.22s Sys=0.00s Real=0.60s
[56.631s][info][gc,start       ] GC(231) Pause Full (Ergonomics)
[56.631s][info][gc,phases,start] GC(231) Marking Phase
[57.064s][info][gc,phases      ] GC(231) Marking Phase 432.656ms
[57.064s][info][gc,phases,start] GC(231) Summary Phase
[57.064s][info][gc,phases      ] GC(231) Summary Phase 0.031ms
[57.064s][info][gc,phases,start] GC(231) Adjust Roots
[57.064s][info][gc,phases      ] GC(231) Adjust Roots 0.248ms
[57.064s][info][gc,phases,start] GC(231) Compaction Phase
[57.214s][info][gc,phases      ] GC(231) Compaction Phase 149.536ms
[57.214s][info][gc,phases,start] GC(231) Post Compact
[57.218s][info][gc,phases      ] GC(231) Post Compact 3.580ms
[57.218s][info][gc,heap        ] GC(231) PSYoungGen: 29183K(167424K)->29183K(167424K) Eden: 29183K(29184K)->29183K(29184K) From: 0K(138240K)->0K(138240K)
[57.218s][info][gc,heap        ] GC(231) ParOldGen: 1775013K(1775104K)->1775013K(1775104K)
[57.218s][info][gc,metaspace   ] GC(231) Metaspace: 6298K(6464K)->6298K(6464K) NonClass: 5764K(5824K)->5764K(5824K) Class: 533K(640K)->533K(640K)
[57.218s][info][gc             ] GC(231) Pause Full (Ergonomics) 1761M->1761M(1897M) 586.409ms
[57.218s][info][gc,cpu         ] GC(231) User=4.25s Sys=0.00s Real=0.59s
[57.218s][info][gc,start       ] GC(232) Pause Full (Ergonomics)
[57.218s][info][gc,phases,start] GC(232) Marking Phase
[57.643s][info][gc,phases      ] GC(232) Marking Phase 425.369ms
[57.644s][info][gc,phases,start] GC(232) Summary Phase
[57.644s][info][gc,phases      ] GC(232) Summary Phase 0.030ms
[57.644s][info][gc,phases,start] GC(232) Adjust Roots
[57.644s][info][gc,phases      ] GC(232) Adjust Roots 0.207ms
[57.644s][info][gc,phases,start] GC(232) Compaction Phase
[57.791s][info][gc,phases      ] GC(232) Compaction Phase 147.478ms
[57.791s][info][gc,phases,start] GC(232) Post Compact
[57.794s][info][gc,phases      ] GC(232) Post Compact 3.141ms
[57.795s][info][gc,heap        ] GC(232) PSYoungGen: 29183K(167424K)->29183K(167424K) Eden: 29183K(29184K)->29183K(29184K) From: 0K(138240K)->0K(138240K)
[57.795s][info][gc,heap        ] GC(232) ParOldGen: 1775017K(1775104K)->1775017K(1775104K)
[57.795s][info][gc,metaspace   ] GC(232) Metaspace: 6298K(6464K)->6298K(6464K) NonClass: 5764K(5824K)->5764K(5824K) Class: 533K(640K)->533K(640K)
[57.795s][info][gc             ] GC(232) Pause Full (Ergonomics) 1761M->1761M(1897M) 576.561ms
[57.795s][info][gc,cpu         ] GC(232) User=4.34s Sys=0.00s Real=0.58s
[57.795s][info][gc,start       ] GC(233) Pause Full (Ergonomics)
[57.795s][info][gc,phases,start] GC(233) Marking Phase
[58.235s][info][gc,phases      ] GC(233) Marking Phase 440.452ms
[58.235s][info][gc,phases,start] GC(233) Summary Phase
[58.235s][info][gc,phases      ] GC(233) Summary Phase 0.030ms
[58.235s][info][gc,phases,start] GC(233) Adjust Roots
[58.236s][info][gc,phases      ] GC(233) Adjust Roots 0.162ms
[58.236s][info][gc,phases,start] GC(233) Compaction Phase
[58.389s][info][gc,phases      ] GC(233) Compaction Phase 152.971ms
[58.389s][info][gc,phases,start] GC(233) Post Compact
[58.392s][info][gc,phases      ] GC(233) Post Compact 3.215ms
[58.392s][info][gc,heap        ] GC(233) PSYoungGen: 29183K(167424K)->29183K(167424K) Eden: 29183K(29184K)->29183K(29184K) From: 0K(138240K)->0K(138240K)
[58.392s][info][gc,heap        ] GC(233) ParOldGen: 1775022K(1775104K)->1775022K(1775104K)
[58.392s][info][gc,metaspace   ] GC(233) Metaspace: 6298K(6464K)->6298K(6464K) NonClass: 5764K(5824K)->5764K(5824K) Class: 533K(640K)->533K(640K)
[58.392s][info][gc             ] GC(233) Pause Full (Ergonomics) 1761M->1761M(1897M) 597.167ms
[58.392s][info][gc,cpu         ] GC(233) User=4.41s Sys=0.00s Real=0.60s
[58.392s][info][gc,start       ] GC(234) Pause Full (Ergonomics)
[58.392s][info][gc,phases,start] GC(234) Marking Phase
[58.840s][info][gc,phases      ] GC(234) Marking Phase 447.883ms
[58.840s][info][gc,phases,start] GC(234) Summary Phase
[58.840s][info][gc,phases      ] GC(234) Summary Phase 0.029ms
[58.840s][info][gc,phases,start] GC(234) Adjust Roots
[58.840s][info][gc,phases      ] GC(234) Adjust Roots 0.171ms
[58.840s][info][gc,phases,start] GC(234) Compaction Phase
[58.981s][info][gc,phases      ] GC(234) Compaction Phase 140.195ms
[58.981s][info][gc,phases,start] GC(234) Post Compact
[58.984s][info][gc,phases      ] GC(234) Post Compact 3.267ms
[58.984s][info][gc,heap        ] GC(234) PSYoungGen: 29183K(167424K)->29183K(167424K) Eden: 29183K(29184K)->29183K(29184K) From: 0K(138240K)->0K(138240K)
[58.984s][info][gc,heap        ] GC(234) ParOldGen: 1775027K(1775104K)->1775027K(1775104K)
[58.984s][info][gc,metaspace   ] GC(234) Metaspace: 6298K(6464K)->6298K(6464K) NonClass: 5764K(5824K)->5764K(5824K) Class: 533K(640K)->533K(640K)
[58.984s][info][gc             ] GC(234) Pause Full (Ergonomics) 1761M->1761M(1897M) 591.913ms
[58.984s][info][gc,cpu         ] GC(234) User=4.33s Sys=0.00s Real=0.59s
[58.984s][info][gc,start       ] GC(235) Pause Full (Ergonomics)
[58.984s][info][gc,phases,start] GC(235) Marking Phase
[59.426s][info][gc,phases      ] GC(235) Marking Phase 441.531ms
[59.426s][info][gc,phases,start] GC(235) Summary Phase
[59.426s][info][gc,phases      ] GC(235) Summary Phase 0.036ms
[59.426s][info][gc,phases,start] GC(235) Adjust Roots
[59.426s][info][gc,phases      ] GC(235) Adjust Roots 0.170ms
[59.426s][info][gc,phases,start] GC(235) Compaction Phase
[59.573s][info][gc,phases      ] GC(235) Compaction Phase 146.530ms
[59.573s][info][gc,phases,start] GC(235) Post Compact
[59.576s][info][gc,phases      ] GC(235) Post Compact 3.119ms
[59.576s][info][gc,heap        ] GC(235) PSYoungGen: 29183K(167424K)->29183K(167424K) Eden: 29183K(29184K)->29183K(29184K) From: 0K(138240K)->0K(138240K)
[59.576s][info][gc,heap        ] GC(235) ParOldGen: 1775031K(1775104K)->1775031K(1775104K)
[59.576s][info][gc,metaspace   ] GC(235) Metaspace: 6298K(6464K)->6298K(6464K) NonClass: 5764K(5824K)->5764K(5824K) Class: 533K(640K)->533K(640K)
[59.576s][info][gc             ] GC(235) Pause Full (Ergonomics) 1761M->1761M(1897M) 591.757ms
[59.576s][info][gc,cpu         ] GC(235) User=4.22s Sys=0.02s Real=0.59s
[59.576s][info][gc,start       ] GC(236) Pause Full (Ergonomics)
[59.576s][info][gc,phases,start] GC(236) Marking Phase
[60.014s][info][gc,phases      ] GC(236) Marking Phase 437.507ms
[60.014s][info][gc,phases,start] GC(236) Summary Phase
[60.014s][info][gc,phases      ] GC(236) Summary Phase 0.029ms
[60.014s][info][gc,phases,start] GC(236) Adjust Roots
[60.014s][info][gc,phases      ] GC(236) Adjust Roots 0.189ms
[60.014s][info][gc,phases,start] GC(236) Compaction Phase
[60.152s][info][gc,phases      ] GC(236) Compaction Phase 138.062ms
[60.152s][info][gc,phases,start] GC(236) Post Compact
[60.155s][info][gc,phases      ] GC(236) Post Compact 3.072ms
[60.156s][info][gc,heap        ] GC(236) PSYoungGen: 29183K(167424K)->29183K(167424K) Eden: 29183K(29184K)->29183K(29184K) From: 0K(138240K)->0K(138240K)
[60.156s][info][gc,heap        ] GC(236) ParOldGen: 1775036K(1775104K)->1775036K(1775104K)
[60.156s][info][gc,metaspace   ] GC(236) Metaspace: 6298K(6464K)->6298K(6464K) NonClass: 5764K(5824K)->5764K(5824K) Class: 533K(640K)->533K(640K)
[60.156s][info][gc             ] GC(236) Pause Full (Ergonomics) 1761M->1761M(1897M) 579.199ms
[60.156s][info][gc,cpu         ] GC(236) User=4.34s Sys=0.00s Real=0.58s
[60.156s][info][gc,start       ] GC(237) Pause Full (Ergonomics)
[60.156s][info][gc,phases,start] GC(237) Marking Phase
[60.598s][info][gc,phases      ] GC(237) Marking Phase 442.179ms
[60.598s][info][gc,phases,start] GC(237) Summary Phase
[60.598s][info][gc,phases      ] GC(237) Summary Phase 0.030ms
[60.598s][info][gc,phases,start] GC(237) Adjust Roots
[60.598s][info][gc,phases      ] GC(237) Adjust Roots 0.192ms
[60.598s][info][gc,phases,start] GC(237) Compaction Phase
[60.748s][info][gc,phases      ] GC(237) Compaction Phase 150.089ms
[60.748s][info][gc,phases,start] GC(237) Post Compact
[60.752s][info][gc,phases      ] GC(237) Post Compact 3.174ms
[60.752s][info][gc,heap        ] GC(237) PSYoungGen: 29183K(167424K)->29183K(167424K) Eden: 29183K(29184K)->29183K(29184K) From: 0K(138240K)->0K(138240K)
[60.752s][info][gc,heap        ] GC(237) ParOldGen: 1775041K(1775104K)->1775041K(1775104K)
[60.752s][info][gc,metaspace   ] GC(237) Metaspace: 6298K(6464K)->6298K(6464K) NonClass: 5764K(5824K)->5764K(5824K) Class: 533K(640K)->533K(640K)
[60.752s][info][gc             ] GC(237) Pause Full (Ergonomics) 1761M->1761M(1897M) 596.012ms
[60.752s][info][gc,cpu         ] GC(237) User=4.34s Sys=0.00s Real=0.60s
[60.752s][info][gc,start       ] GC(238) Pause Full (Ergonomics)
[60.752s][info][gc,phases,start] GC(238) Marking Phase
[61.192s][info][gc,phases      ] GC(238) Marking Phase 440.348ms
[61.192s][info][gc,phases,start] GC(238) Summary Phase
[61.193s][info][gc,phases      ] GC(238) Summary Phase 0.029ms
[61.193s][info][gc,phases,start] GC(238) Adjust Roots
[61.193s][info][gc,phases      ] GC(238) Adjust Roots 0.162ms
[61.193s][info][gc,phases,start] GC(238) Compaction Phase
[61.349s][info][gc,phases      ] GC(238) Compaction Phase 156.761ms
[61.350s][info][gc,phases,start] GC(238) Post Compact
[61.353s][info][gc,phases      ] GC(238) Post Compact 3.113ms
[61.353s][info][gc,heap        ] GC(238) PSYoungGen: 29183K(167424K)->29183K(167424K) Eden: 29183K(29184K)->29183K(29184K) From: 0K(138240K)->0K(138240K)
[61.353s][info][gc,heap        ] GC(238) ParOldGen: 1775045K(1775104K)->1775045K(1775104K)
[61.353s][info][gc,metaspace   ] GC(238) Metaspace: 6298K(6464K)->6298K(6464K) NonClass: 5764K(5824K)->5764K(5824K) Class: 533K(640K)->533K(640K)
[61.353s][info][gc             ] GC(238) Pause Full (Ergonomics) 1761M->1761M(1897M) 600.757ms
[61.353s][info][gc,cpu         ] GC(238) User=4.36s Sys=0.00s Real=0.60s
[61.353s][info][gc,start       ] GC(239) Pause Full (Ergonomics)
[61.353s][info][gc,phases,start] GC(239) Marking Phase
[61.787s][info][gc,phases      ] GC(239) Marking Phase 434.295ms
[61.787s][info][gc,phases,start] GC(239) Summary Phase
[61.787s][info][gc,phases      ] GC(239) Summary Phase 0.052ms
[61.787s][info][gc,phases,start] GC(239) Adjust Roots
[61.788s][info][gc,phases      ] GC(239) Adjust Roots 0.182ms
[61.788s][info][gc,phases,start] GC(239) Compaction Phase
[61.937s][info][gc,phases      ] GC(239) Compaction Phase 149.340ms
[61.937s][info][gc,phases,start] GC(239) Post Compact
[61.940s][info][gc,phases      ] GC(239) Post Compact 3.354ms
[61.941s][info][gc,heap        ] GC(239) PSYoungGen: 29183K(167424K)->29183K(167424K) Eden: 29183K(29184K)->29183K(29184K) From: 0K(138240K)->0K(138240K)
[61.941s][info][gc,heap        ] GC(239) ParOldGen: 1775050K(1775104K)->1775050K(1775104K)
[61.941s][info][gc,metaspace   ] GC(239) Metaspace: 6298K(6464K)->6298K(6464K) NonClass: 5764K(5824K)->5764K(5824K) Class: 533K(640K)->533K(640K)
[61.941s][info][gc             ] GC(239) Pause Full (Ergonomics) 1761M->1761M(1897M) 587.657ms
[61.941s][info][gc,cpu         ] GC(239) User=4.33s Sys=0.00s Real=0.59s
[61.941s][info][gc,start       ] GC(240) Pause Full (Ergonomics)
[61.941s][info][gc,phases,start] GC(240) Marking Phase
[62.383s][info][gc,phases      ] GC(240) Marking Phase 441.602ms
[62.383s][info][gc,phases,start] GC(240) Summary Phase
[62.383s][info][gc,phases      ] GC(240) Summary Phase 0.030ms
[62.383s][info][gc,phases,start] GC(240) Adjust Roots
[62.383s][info][gc,phases      ] GC(240) Adjust Roots 0.160ms
[62.383s][info][gc,phases,start] GC(240) Compaction Phase
[62.519s][info][gc,phases      ] GC(240) Compaction Phase 135.876ms
[62.519s][info][gc,phases,start] GC(240) Post Compact
[62.522s][info][gc,phases      ] GC(240) Post Compact 3.507ms
[62.522s][info][gc,heap        ] GC(240) PSYoungGen: 29183K(167424K)->29183K(167424K) Eden: 29183K(29184K)->29183K(29184K) From: 0K(138240K)->0K(138240K)
[62.522s][info][gc,heap        ] GC(240) ParOldGen: 1775055K(1775104K)->1775055K(1775104K)
[62.522s][info][gc,metaspace   ] GC(240) Metaspace: 6298K(6464K)->6298K(6464K) NonClass: 5764K(5824K)->5764K(5824K) Class: 533K(640K)->533K(640K)
[62.522s][info][gc             ] GC(240) Pause Full (Ergonomics) 1761M->1761M(1897M) 581.525ms
[62.522s][info][gc,cpu         ] GC(240) User=4.38s Sys=0.00s Real=0.58s
[62.523s][info][gc,start       ] GC(241) Pause Full (Ergonomics)
[62.523s][info][gc,phases,start] GC(241) Marking Phase
[62.969s][info][gc,phases      ] GC(241) Marking Phase 446.731ms
[62.970s][info][gc,phases,start] GC(241) Summary Phase
[62.970s][info][gc,phases      ] GC(241) Summary Phase 0.029ms
[62.970s][info][gc,phases,start] GC(241) Adjust Roots
[62.970s][info][gc,phases      ] GC(241) Adjust Roots 0.167ms
[62.970s][info][gc,phases,start] GC(241) Compaction Phase
[63.110s][info][gc,phases      ] GC(241) Compaction Phase 140.382ms
[63.110s][info][gc,phases,start] GC(241) Post Compact
[63.114s][info][gc,phases      ] GC(241) Post Compact 3.322ms
[63.114s][info][gc,heap        ] GC(241) PSYoungGen: 29183K(167424K)->29183K(167424K) Eden: 29183K(29184K)->29183K(29184K) From: 0K(138240K)->0K(138240K)
[63.114s][info][gc,heap        ] GC(241) ParOldGen: 1775059K(1775104K)->1775059K(1775104K)
[63.114s][info][gc,metaspace   ] GC(241) Metaspace: 6298K(6464K)->6298K(6464K) NonClass: 5764K(5824K)->5764K(5824K) Class: 533K(640K)->533K(640K)
[63.114s][info][gc             ] GC(241) Pause Full (Ergonomics) 1761M->1761M(1897M) 591.003ms
[63.114s][info][gc,cpu         ] GC(241) User=4.41s Sys=0.00s Real=0.59s
[63.114s][info][gc,start       ] GC(242) Pause Full (Ergonomics)
[63.114s][info][gc,phases,start] GC(242) Marking Phase
[63.574s][info][gc,phases      ] GC(242) Marking Phase 459.677ms
[63.574s][info][gc,phases,start] GC(242) Summary Phase
[63.574s][info][gc,phases      ] GC(242) Summary Phase 0.029ms
[63.574s][info][gc,phases,start] GC(242) Adjust Roots
[63.574s][info][gc,phases      ] GC(242) Adjust Roots 0.162ms
[63.574s][info][gc,phases,start] GC(242) Compaction Phase
[63.727s][info][gc,phases      ] GC(242) Compaction Phase 153.242ms
[63.727s][info][gc,phases,start] GC(242) Post Compact
[63.730s][info][gc,phases      ] GC(242) Post Compact 3.083ms
[63.730s][info][gc,heap        ] GC(242) PSYoungGen: 29183K(167424K)->29183K(167424K) Eden: 29183K(29184K)->29183K(29184K) From: 0K(138240K)->0K(138240K)
[63.730s][info][gc,heap        ] GC(242) ParOldGen: 1775064K(1775104K)->1775064K(1775104K)
[63.730s][info][gc,metaspace   ] GC(242) Metaspace: 6298K(6464K)->6298K(6464K) NonClass: 5764K(5824K)->5764K(5824K) Class: 533K(640K)->533K(640K)
[63.730s][info][gc             ] GC(242) Pause Full (Ergonomics) 1761M->1761M(1897M) 616.549ms
[63.731s][info][gc,cpu         ] GC(242) User=4.36s Sys=0.00s Real=0.62s
[63.731s][info][gc,start       ] GC(243) Pause Full (Ergonomics)
[63.731s][info][gc,phases,start] GC(243) Marking Phase
[64.174s][info][gc,phases      ] GC(243) Marking Phase 443.055ms
[64.174s][info][gc,phases,start] GC(243) Summary Phase
[64.174s][info][gc,phases      ] GC(243) Summary Phase 0.030ms
[64.174s][info][gc,phases,start] GC(243) Adjust Roots
[64.174s][info][gc,phases      ] GC(243) Adjust Roots 0.167ms
[64.174s][info][gc,phases,start] GC(243) Compaction Phase
[64.327s][info][gc,phases      ] GC(243) Compaction Phase 152.709ms
[64.327s][info][gc,phases,start] GC(243) Post Compact
[64.330s][info][gc,phases      ] GC(243) Post Compact 3.158ms
[64.330s][info][gc,heap        ] GC(243) PSYoungGen: 29183K(167424K)->29183K(167424K) Eden: 29183K(29184K)->29183K(29184K) From: 0K(138240K)->0K(138240K)
[64.330s][info][gc,heap        ] GC(243) ParOldGen: 1775069K(1775104K)->1775069K(1775104K)
[64.330s][info][gc,metaspace   ] GC(243) Metaspace: 6298K(6464K)->6298K(6464K) NonClass: 5764K(5824K)->5764K(5824K) Class: 533K(640K)->533K(640K)
[64.330s][info][gc             ] GC(243) Pause Full (Ergonomics) 1761M->1761M(1897M) 599.467ms
[64.330s][info][gc,cpu         ] GC(243) User=4.55s Sys=0.00s Real=0.60s
[64.330s][info][gc,start       ] GC(244) Pause Full (Ergonomics)
[64.330s][info][gc,phases,start] GC(244) Marking Phase
[64.779s][info][gc,phases      ] GC(244) Marking Phase 448.790ms
[64.779s][info][gc,phases,start] GC(244) Summary Phase
[64.779s][info][gc,phases      ] GC(244) Summary Phase 0.029ms
[64.779s][info][gc,phases,start] GC(244) Adjust Roots
[64.780s][info][gc,phases      ] GC(244) Adjust Roots 0.168ms
[64.780s][info][gc,phases,start] GC(244) Compaction Phase
[64.926s][info][gc,phases      ] GC(244) Compaction Phase 146.592ms
[64.926s][info][gc,phases,start] GC(244) Post Compact
[64.930s][info][gc,phases      ] GC(244) Post Compact 3.330ms
[64.930s][info][gc,heap        ] GC(244) PSYoungGen: 29183K(167424K)->29183K(167424K) Eden: 29183K(29184K)->29183K(29184K) From: 0K(138240K)->0K(138240K)
[64.930s][info][gc,heap        ] GC(244) ParOldGen: 1775073K(1775104K)->1775073K(1775104K)
[64.930s][info][gc,metaspace   ] GC(244) Metaspace: 6298K(6464K)->6298K(6464K) NonClass: 5764K(5824K)->5764K(5824K) Class: 533K(640K)->533K(640K)
[64.930s][info][gc             ] GC(244) Pause Full (Ergonomics) 1761M->1761M(1897M) 599.304ms
[64.930s][info][gc,cpu         ] GC(244) User=4.38s Sys=0.00s Real=0.60s
[64.930s][info][gc,start       ] GC(245) Pause Full (Ergonomics)
[64.930s][info][gc,phases,start] GC(245) Marking Phase
[65.392s][info][gc,phases      ] GC(245) Marking Phase 461.713ms
[65.392s][info][gc,phases,start] GC(245) Summary Phase
[65.392s][info][gc,phases      ] GC(245) Summary Phase 0.035ms
[65.392s][info][gc,phases,start] GC(245) Adjust Roots
[65.392s][info][gc,phases      ] GC(245) Adjust Roots 0.169ms
[65.392s][info][gc,phases,start] GC(245) Compaction Phase
[65.526s][info][gc,phases      ] GC(245) Compaction Phase 133.526ms
[65.526s][info][gc,phases,start] GC(245) Post Compact
[65.529s][info][gc,phases      ] GC(245) Post Compact 3.318ms
[65.529s][info][gc,heap        ] GC(245) PSYoungGen: 29183K(167424K)->29183K(167424K) Eden: 29183K(29184K)->29183K(29184K) From: 0K(138240K)->0K(138240K)
[65.529s][info][gc,heap        ] GC(245) ParOldGen: 1775078K(1775104K)->1775078K(1775104K)
[65.529s][info][gc,metaspace   ] GC(245) Metaspace: 6298K(6464K)->6298K(6464K) NonClass: 5764K(5824K)->5764K(5824K) Class: 533K(640K)->533K(640K)
[65.529s][info][gc             ] GC(245) Pause Full (Ergonomics) 1761M->1761M(1897M) 599.164ms
[65.529s][info][gc,cpu         ] GC(245) User=4.58s Sys=0.00s Real=0.60s
[65.529s][info][gc,start       ] GC(246) Pause Full (Ergonomics)
[65.529s][info][gc,phases,start] GC(246) Marking Phase
[65.990s][info][gc,phases      ] GC(246) Marking Phase 460.681ms
[65.990s][info][gc,phases,start] GC(246) Summary Phase
[65.990s][info][gc,phases      ] GC(246) Summary Phase 0.030ms
[65.990s][info][gc,phases,start] GC(246) Adjust Roots
[65.990s][info][gc,phases      ] GC(246) Adjust Roots 0.164ms
[65.990s][info][gc,phases,start] GC(246) Compaction Phase
[66.132s][info][gc,phases      ] GC(246) Compaction Phase 141.170ms
[66.132s][info][gc,phases,start] GC(246) Post Compact
[66.135s][info][gc,phases      ] GC(246) Post Compact 3.386ms
[66.135s][info][gc,heap        ] GC(246) PSYoungGen: 29183K(167424K)->29183K(167424K) Eden: 29183K(29184K)->29183K(29184K) From: 0K(138240K)->0K(138240K)
[66.135s][info][gc,heap        ] GC(246) ParOldGen: 1775083K(1775104K)->1775083K(1775104K)
[66.135s][info][gc,metaspace   ] GC(246) Metaspace: 6298K(6464K)->6298K(6464K) NonClass: 5764K(5824K)->5764K(5824K) Class: 533K(640K)->533K(640K)
[66.135s][info][gc             ] GC(246) Pause Full (Ergonomics) 1761M->1761M(1897M) 605.863ms
[66.135s][info][gc,cpu         ] GC(246) User=4.48s Sys=0.00s Real=0.61s
[66.135s][info][gc,start       ] GC(247) Pause Full (Ergonomics)
[66.136s][info][gc,phases,start] GC(247) Marking Phase
[66.582s][info][gc,phases      ] GC(247) Marking Phase 446.537ms
[66.582s][info][gc,phases,start] GC(247) Summary Phase
[66.582s][info][gc,phases      ] GC(247) Summary Phase 0.030ms
[66.582s][info][gc,phases,start] GC(247) Adjust Roots
[66.582s][info][gc,phases      ] GC(247) Adjust Roots 0.161ms
[66.582s][info][gc,phases,start] GC(247) Compaction Phase
[66.721s][info][gc,phases      ] GC(247) Compaction Phase 138.263ms
[66.721s][info][gc,phases,start] GC(247) Post Compact
[66.724s][info][gc,phases      ] GC(247) Post Compact 3.331ms
[66.724s][info][gc,heap        ] GC(247) PSYoungGen: 29183K(167424K)->29183K(167424K) Eden: 29183K(29184K)->29183K(29184K) From: 0K(138240K)->0K(138240K)
[66.724s][info][gc,heap        ] GC(247) ParOldGen: 1775087K(1775104K)->1775087K(1775104K)
[66.724s][info][gc,metaspace   ] GC(247) Metaspace: 6298K(6464K)->6298K(6464K) NonClass: 5764K(5824K)->5764K(5824K) Class: 533K(640K)->533K(640K)
[66.724s][info][gc             ] GC(247) Pause Full (Ergonomics) 1761M->1761M(1897M) 588.701ms
[66.724s][info][gc,cpu         ] GC(247) User=4.30s Sys=0.00s Real=0.59s
[66.724s][info][gc,start       ] GC(248) Pause Full (Ergonomics)
[66.724s][info][gc,phases,start] GC(248) Marking Phase
[67.175s][info][gc,phases      ] GC(248) Marking Phase 450.987ms
[67.175s][info][gc,phases,start] GC(248) Summary Phase
[67.176s][info][gc,phases      ] GC(248) Summary Phase 0.030ms
[67.176s][info][gc,phases,start] GC(248) Adjust Roots
[67.176s][info][gc,phases      ] GC(248) Adjust Roots 0.165ms
[67.176s][info][gc,phases,start] GC(248) Compaction Phase
[67.332s][info][gc,phases      ] GC(248) Compaction Phase 156.004ms
[67.332s][info][gc,phases,start] GC(248) Post Compact
[67.335s][info][gc,phases      ] GC(248) Post Compact 3.362ms
[67.335s][info][gc,heap        ] GC(248) PSYoungGen: 29183K(167424K)->29183K(167424K) Eden: 29183K(29184K)->29183K(29184K) From: 0K(138240K)->0K(138240K)
[67.335s][info][gc,heap        ] GC(248) ParOldGen: 1775092K(1775104K)->1775092K(1775104K)
[67.335s][info][gc,metaspace   ] GC(248) Metaspace: 6298K(6464K)->6298K(6464K) NonClass: 5764K(5824K)->5764K(5824K) Class: 533K(640K)->533K(640K)
[67.335s][info][gc             ] GC(248) Pause Full (Ergonomics) 1761M->1761M(1897M) 610.889ms
[67.335s][info][gc,cpu         ] GC(248) User=4.38s Sys=0.00s Real=0.61s
[67.336s][info][gc,start       ] GC(249) Pause Full (Ergonomics)
[67.336s][info][gc,phases,start] GC(249) Marking Phase
[67.781s][info][gc,phases      ] GC(249) Marking Phase 445.240ms
[67.781s][info][gc,phases,start] GC(249) Summary Phase
[67.781s][info][gc,phases      ] GC(249) Summary Phase 0.029ms
[67.781s][info][gc,phases,start] GC(249) Adjust Roots
[67.781s][info][gc,phases      ] GC(249) Adjust Roots 0.161ms
[67.781s][info][gc,phases,start] GC(249) Compaction Phase
[67.932s][info][gc,phases      ] GC(249) Compaction Phase 151.162ms
[67.932s][info][gc,phases,start] GC(249) Post Compact
[67.936s][info][gc,phases      ] GC(249) Post Compact 3.365ms
[67.936s][info][gc,heap        ] GC(249) PSYoungGen: 29183K(167424K)->29183K(167424K) Eden: 29183K(29184K)->29183K(29184K) From: 0K(138240K)->0K(138240K)
[67.936s][info][gc,heap        ] GC(249) ParOldGen: 1775097K(1775104K)->1775097K(1775104K)
[67.936s][info][gc,metaspace   ] GC(249) Metaspace: 6298K(6464K)->6298K(6464K) NonClass: 5764K(5824K)->5764K(5824K) Class: 533K(640K)->533K(640K)
[67.936s][info][gc             ] GC(249) Pause Full (Ergonomics) 1761M->1761M(1897M) 600.335ms
[67.936s][info][gc,cpu         ] GC(249) User=4.33s Sys=0.00s Real=0.60s
[67.936s][info][gc,start       ] GC(250) Pause Full (Ergonomics)
[67.936s][info][gc,phases,start] GC(250) Marking Phase
[68.382s][info][gc,phases      ] GC(250) Marking Phase 446.262ms
[68.383s][info][gc,phases,start] GC(250) Summary Phase
[68.383s][info][gc,phases      ] GC(250) Summary Phase 0.029ms
[68.383s][info][gc,phases,start] GC(250) Adjust Roots
[68.383s][info][gc,phases      ] GC(250) Adjust Roots 0.165ms
[68.383s][info][gc,phases,start] GC(250) Compaction Phase
[68.517s][info][gc,phases      ] GC(250) Compaction Phase 134.589ms
[68.517s][info][gc,phases,start] GC(250) Post Compact
[68.521s][info][gc,phases      ] GC(250) Post Compact 3.431ms
[68.521s][info][gc,heap        ] GC(250) PSYoungGen: 29183K(167424K)->29183K(167424K) Eden: 29183K(29184K)->29183K(29184K) From: 0K(138240K)->0K(138240K)
[68.521s][info][gc,heap        ] GC(250) ParOldGen: 1775101K(1775104K)->1775101K(1775104K)
[68.521s][info][gc,metaspace   ] GC(250) Metaspace: 6298K(6464K)->6298K(6464K) NonClass: 5764K(5824K)->5764K(5824K) Class: 533K(640K)->533K(640K)
[68.521s][info][gc             ] GC(250) Pause Full (Ergonomics) 1761M->1761M(1897M) 584.888ms
[68.521s][info][gc,cpu         ] GC(250) User=4.38s Sys=0.00s Real=0.59s
[68.521s][info][gc,start       ] GC(251) Pause Full (Ergonomics)
[68.521s][info][gc,phases,start] GC(251) Marking Phase
[68.980s][info][gc,phases      ] GC(251) Marking Phase 458.867ms
[68.980s][info][gc,phases,start] GC(251) Summary Phase
[68.980s][info][gc,phases      ] GC(251) Summary Phase 0.051ms
[68.980s][info][gc,phases,start] GC(251) Adjust Roots
[68.981s][info][gc,phases      ] GC(251) Adjust Roots 0.188ms
[68.981s][info][gc,phases,start] GC(251) Compaction Phase
[69.145s][info][gc,phases      ] GC(251) Compaction Phase 164.569ms
[69.145s][info][gc,phases,start] GC(251) Post Compact
[69.151s][info][gc,phases      ] GC(251) Post Compact 5.485ms
[69.151s][info][gc,heap        ] GC(251) PSYoungGen: 29183K(167424K)->29183K(167424K) Eden: 29183K(29184K)->29183K(29184K) From: 0K(138240K)->0K(138240K)
[69.151s][info][gc,heap        ] GC(251) ParOldGen: 1775103K(1775104K)->1775103K(1775104K)
[69.151s][info][gc,metaspace   ] GC(251) Metaspace: 6298K(6464K)->6298K(6464K) NonClass: 5764K(5824K)->5764K(5824K) Class: 533K(640K)->533K(640K)
[69.151s][info][gc             ] GC(251) Pause Full (Ergonomics) 1761M->1761M(1897M) 629.692ms
[69.151s][info][gc,cpu         ] GC(251) User=4.44s Sys=0.00s Real=0.63s
[69.151s][info][gc,start       ] GC(252) Pause Full (Allocation Failure)
[69.151s][info][gc,phases,start] GC(252) Marking Phase
[69.593s][info][gc,phases      ] GC(252) Marking Phase 441.673ms
[69.593s][info][gc,phases,start] GC(252) Summary Phase
[69.593s][info][gc,phases      ] GC(252) Summary Phase 0.031ms
[69.593s][info][gc,phases,start] GC(252) Adjust Roots
[69.593s][info][gc,phases      ] GC(252) Adjust Roots 0.369ms
[69.593s][info][gc,phases,start] GC(252) Compaction Phase
[70.057s][info][gc,phases      ] GC(252) Compaction Phase 463.759ms
[70.057s][info][gc,phases,start] GC(252) Post Compact
[70.060s][info][gc,phases      ] GC(252) Post Compact 3.350ms
[70.061s][info][gc,heap        ] GC(252) PSYoungGen: 29183K(167424K)->29183K(167424K) Eden: 29183K(29184K)->29183K(29184K) From: 0K(138240K)->0K(138240K)
[70.061s][info][gc,heap        ] GC(252) ParOldGen: 1775103K(1775104K)->1775099K(1775104K)
[70.061s][info][gc,metaspace   ] GC(252) Metaspace: 6298K(6464K)->6296K(6464K) NonClass: 5764K(5824K)->5763K(5824K) Class: 533K(640K)->532K(640K)
[70.061s][info][gc             ] GC(252) Pause Full (Allocation Failure) 1761M->1761M(1897M) 909.520ms
[70.061s][info][gc,cpu         ] GC(252) User=6.78s Sys=0.02s Real=0.91s
[70.061s][info][gc,start       ] GC(253) Pause Full (Ergonomics)
[70.061s][info][gc,phases,start] GC(253) Marking Phase
[70.493s][info][gc,phases      ] GC(253) Marking Phase 431.480ms
[70.493s][info][gc,phases,start] GC(253) Summary Phase
[70.493s][info][gc,phases      ] GC(253) Summary Phase 0.029ms
[70.493s][info][gc,phases,start] GC(253) Adjust Roots
[70.493s][info][gc,phases      ] GC(253) Adjust Roots 0.162ms
[70.493s][info][gc,phases,start] GC(253) Compaction Phase
[70.635s][info][gc,phases      ] GC(253) Compaction Phase 142.603ms
[70.636s][info][gc,phases,start] GC(253) Post Compact
[70.640s][info][gc,phases      ] GC(253) Post Compact 3.961ms
[70.640s][info][gc,heap        ] GC(253) PSYoungGen: 29183K(167424K)->29183K(167424K) Eden: 29183K(29184K)->29183K(29184K) From: 0K(138240K)->0K(138240K)
[70.640s][info][gc,heap        ] GC(253) ParOldGen: 1775102K(1775104K)->1775102K(1775104K)
[70.640s][info][gc,metaspace   ] GC(253) Metaspace: 6296K(6464K)->6296K(6464K) NonClass: 5763K(5824K)->5763K(5824K) Class: 532K(640K)->532K(640K)
[70.640s][info][gc             ] GC(253) Pause Full (Ergonomics) 1761M->1761M(1897M) 578.582ms
[70.640s][info][gc,cpu         ] GC(253) User=4.28s Sys=0.00s Real=0.58s
[70.640s][info][gc,start       ] GC(254) Pause Full (Ergonomics)
[70.640s][info][gc,phases,start] GC(254) Marking Phase
[71.110s][info][gc,phases      ] GC(254) Marking Phase 469.784ms
[71.110s][info][gc,phases,start] GC(254) Summary Phase
[71.110s][info][gc,phases      ] GC(254) Summary Phase 0.029ms
[71.110s][info][gc,phases,start] GC(254) Adjust Roots
[71.110s][info][gc,phases      ] GC(254) Adjust Roots 0.160ms
[71.110s][info][gc,phases,start] GC(254) Compaction Phase
[71.255s][info][gc,phases      ] GC(254) Compaction Phase 144.889ms
[71.255s][info][gc,phases,start] GC(254) Post Compact
[71.259s][info][gc,phases      ] GC(254) Post Compact 3.337ms
[71.259s][info][gc,heap        ] GC(254) PSYoungGen: 29183K(167424K)->29183K(167424K) Eden: 29183K(29184K)->29183K(29184K) From: 0K(138240K)->0K(138240K)
[71.259s][info][gc,heap        ] GC(254) ParOldGen: 1775104K(1775104K)->1775104K(1775104K)
[71.259s][info][gc,metaspace   ] GC(254) Metaspace: 6296K(6464K)->6296K(6464K) NonClass: 5763K(5824K)->5763K(5824K) Class: 532K(640K)->532K(640K)
[71.259s][info][gc             ] GC(254) Pause Full (Ergonomics) 1761M->1761M(1897M) 618.587ms
[71.259s][info][gc,cpu         ] GC(254) User=4.77s Sys=0.00s Real=0.62s
[71.259s][info][gc,start       ] GC(255) Pause Full (Allocation Failure)
[71.259s][info][gc,phases,start] GC(255) Marking Phase
[71.726s][info][gc,phases      ] GC(255) Marking Phase 466.623ms
[71.726s][info][gc,phases,start] GC(255) Summary Phase
[71.726s][info][gc,phases      ] GC(255) Summary Phase 0.030ms
[71.726s][info][gc,phases,start] GC(255) Adjust Roots
[71.726s][info][gc,phases      ] GC(255) Adjust Roots 0.163ms
[71.726s][info][gc,phases,start] GC(255) Compaction Phase
[71.878s][info][gc,phases      ] GC(255) Compaction Phase 152.594ms
[71.878s][info][gc,phases,start] GC(255) Post Compact
[71.882s][info][gc,phases      ] GC(255) Post Compact 3.373ms
[71.882s][info][gc,heap        ] GC(255) PSYoungGen: 29183K(167424K)->29183K(167424K) Eden: 29183K(29184K)->29183K(29184K) From: 0K(138240K)->0K(138240K)
[71.882s][info][gc,heap        ] GC(255) ParOldGen: 1775104K(1775104K)->1775104K(1775104K)
[71.882s][info][gc,metaspace   ] GC(255) Metaspace: 6296K(6464K)->6296K(6464K) NonClass: 5763K(5824K)->5763K(5824K) Class: 532K(640K)->532K(640K)
[71.882s][info][gc             ] GC(255) Pause Full (Allocation Failure) 1761M->1761M(1897M) 623.147ms
[71.882s][info][gc,cpu         ] GC(255) User=4.59s Sys=0.00s Real=0.62s
[71.883s][info][gc,start       ] GC(256) Pause Full (Ergonomics)
[71.883s][info][gc,phases,start] GC(256) Marking Phase
[72.328s][info][gc,phases      ] GC(256) Marking Phase 445.217ms
[72.328s][info][gc,phases,start] GC(256) Summary Phase
[72.328s][info][gc,phases      ] GC(256) Summary Phase 0.030ms
[72.328s][info][gc,phases,start] GC(256) Adjust Roots
[72.328s][info][gc,phases      ] GC(256) Adjust Roots 0.273ms
[72.328s][info][gc,phases,start] GC(256) Compaction Phase
[72.792s][info][gc,phases      ] GC(256) Compaction Phase 463.873ms
[72.792s][info][gc,phases,start] GC(256) Post Compact
[72.795s][info][gc,phases      ] GC(256) Post Compact 3.323ms
[72.796s][info][gc,heap        ] GC(256) PSYoungGen: 29183K(167424K)->29183K(167424K) Eden: 29183K(29184K)->29183K(29184K) From: 0K(138240K)->0K(138240K)
[72.796s][info][gc,heap        ] GC(256) ParOldGen: 1775104K(1775104K)->1775102K(1775104K)
[72.796s][info][gc,metaspace   ] GC(256) Metaspace: 6296K(6464K)->6296K(6464K) NonClass: 5763K(5824K)->5763K(5824K) Class: 532K(640K)->532K(640K)
[72.796s][info][gc             ] GC(256) Pause Full (Ergonomics) 1761M->1761M(1897M) 913.062ms
[72.796s][info][gc,cpu         ] GC(256) User=6.72s Sys=0.00s Real=0.91s
[72.797s][info][gc,start       ] GC(257) Pause Full (Ergonomics)
[72.797s][info][gc,phases,start] GC(257) Marking Phase
[73.242s][info][gc,phases      ] GC(257) Marking Phase 445.707ms
[73.243s][info][gc,phases,start] GC(257) Summary Phase
[73.243s][info][gc,phases      ] GC(257) Summary Phase 0.030ms
[73.243s][info][gc,phases,start] GC(257) Adjust Roots
[73.243s][info][gc,phases      ] GC(257) Adjust Roots 0.285ms
[73.243s][info][gc,phases,start] GC(257) Compaction Phase
[73.708s][info][gc,phases      ] GC(257) Compaction Phase 465.267ms
[73.708s][info][gc,phases,start] GC(257) Post Compact
[73.712s][info][gc,phases      ] GC(257) Post Compact 3.416ms
[73.712s][info][gc,heap        ] GC(257) PSYoungGen: 29184K(167424K)->29184K(167424K) Eden: 29184K(29184K)->29184K(29184K) From: 0K(138240K)->0K(138240K)
[73.712s][info][gc,heap        ] GC(257) ParOldGen: 1775103K(1775104K)->1775101K(1775104K)
[73.712s][info][gc,metaspace   ] GC(257) Metaspace: 6298K(6464K)->6298K(6464K) NonClass: 5764K(5824K)->5764K(5824K) Class: 533K(640K)->533K(640K)
[73.712s][info][gc             ] GC(257) Pause Full (Ergonomics) 1761M->1761M(1897M) 915.105ms
[73.712s][info][gc,cpu         ] GC(257) User=6.81s Sys=0.00s Real=0.92s
[73.713s][info][gc,start       ] GC(258) Pause Full (Ergonomics)
[73.713s][info][gc,phases,start] GC(258) Marking Phase
[74.139s][info][gc,phases      ] GC(258) Marking Phase 426.579ms
[74.139s][info][gc,phases,start] GC(258) Summary Phase
[74.139s][info][gc,phases      ] GC(258) Summary Phase 0.035ms
[74.139s][info][gc,phases,start] GC(258) Adjust Roots
[74.139s][info][gc,phases      ] GC(258) Adjust Roots 0.180ms
[74.139s][info][gc,phases,start] GC(258) Compaction Phase
[74.286s][info][gc,phases      ] GC(258) Compaction Phase 146.605ms
[74.286s][info][gc,phases,start] GC(258) Post Compact
[74.289s][info][gc,phases      ] GC(258) Post Compact 3.312ms
[74.290s][info][gc,heap        ] GC(258) PSYoungGen: 29184K(167424K)->29184K(167424K) Eden: 29184K(29184K)->29184K(29184K) From: 0K(138240K)->0K(138240K)
[74.290s][info][gc,heap        ] GC(258) ParOldGen: 1775101K(1775104K)->1775101K(1775104K)
[74.290s][info][gc,metaspace   ] GC(258) Metaspace: 6300K(6464K)->6300K(6464K) NonClass: 5765K(5824K)->5765K(5824K) Class: 534K(640K)->534K(640K)
[74.290s][info][gc             ] GC(258) Pause Full (Ergonomics) 1761M->1761M(1897M) 577.085ms
[74.290s][info][gc,cpu         ] GC(258) User=4.25s Sys=0.00s Real=0.58s
[74.290s][info][gc,heap,exit   ] Heap
[74.290s][info][gc,heap,exit   ]  PSYoungGen      total 167424K, used 29184K [0x00000007c9d80000, 0x00000007dcb00000, 0x0000000800000000)
[74.290s][info][gc,heap,exit   ]   eden space 29184K, 100% used [0x00000007c9d80000,0x00000007cba00000,0x00000007cba00000)
[74.290s][info][gc,heap,exit   ]   from space 138240K, 0% used [0x00000007d4400000,0x00000007d4400000,0x00000007dcb00000)
[74.290s][info][gc,heap,exit   ]   to   space 138240K, 0% used [0x00000007cba00000,0x00000007cba00000,0x00000007d4100000)
[74.290s][info][gc,heap,exit   ]  ParOldGen       total 1775104K, used 1775102K [0x000000075d800000, 0x00000007c9d80000, 0x00000007c9d80000)
[74.290s][info][gc,heap,exit   ]   object space 1775104K, 99% used [0x000000075d800000,0x00000007c9d7f808,0x00000007c9d80000)
[74.290s][info][gc,heap,exit   ]  Metaspace       used 6301K, committed 6464K, reserved 1114112K
[74.290s][info][gc,heap,exit   ]   class space    used 534K, committed 640K, reserved 1048576K
