[0.012s][info][gc,init] CardTable entry size: 512
[0.013s][info][gc     ] Using Parallel
[0.013s][info][gc,init] Version: 18.0.1+10 (release)
[0.013s][info][gc,init] CPUs: 8 total, 8 available
[0.013s][info][gc,init] Memory: 16063M
[0.013s][info][gc,init] Large Page Support: Disabled
[0.013s][info][gc,init] NUMA Support: Disabled
[0.013s][info][gc,init] Compressed Oops: Enabled (Zero based)
[0.013s][info][gc,init] Alignments: Space 512K, Generation 512K, Heap 2M
[0.013s][info][gc,init] Heap Min Capacity: 2M
[0.013s][info][gc,init] Heap Initial Capacity: 2M
[0.013s][info][gc,init] Heap Max Capacity: 2200M
[0.014s][info][gc,init] Pre-touch: Disabled
[0.014s][info][gc,init] Parallel Workers: 8
[0.014s][info][gc,metaspace] CDS archive(s) not mapped
[0.014s][info][gc,metaspace] Compressed class space mapped at: 0x0000000800000000-0x0000000840000000, reserved size: 1073741824
[0.014s][info][gc,metaspace] Narrow klass base: 0x0000000800000000, Narrow klass shift: 0, Narrow klass range: 0x40000000
[0.101s][info][gc,start    ] GC(0) Pause Young (Allocation Failure)
[0.102s][info][gc,heap     ] GC(0) PSYoungGen: 512K(1024K)->480K(1024K) Eden: 512K(512K)->0K(512K) From: 0K(512K)->480K(512K)
[0.102s][info][gc,heap     ] GC(0) ParOldGen: 0K(512K)->8K(512K)
[0.102s][info][gc,metaspace] GC(0) Metaspace: 4229K(4352K)->4229K(4352K) NonClass: 3908K(3968K)->3908K(3968K) Class: 321K(384K)->321K(384K)
[0.102s][info][gc          ] GC(0) Pause Young (Allocation Failure) 0M->0M(1M) 1.603ms
[0.102s][info][gc,cpu      ] GC(0) User=0.00s Sys=0.00s Real=0.00s
[0.171s][info][gc,start    ] GC(1) Pause Young (Allocation Failure)
[0.172s][info][gc,heap     ] GC(1) PSYoungGen: 991K(1024K)->512K(1536K) Eden: 511K(512K)->0K(1024K) From: 480K(512K)->512K(512K)
[0.172s][info][gc,heap     ] GC(1) ParOldGen: 8K(512K)->96K(512K)
[0.172s][info][gc,metaspace] GC(1) Metaspace: 5877K(5952K)->5877K(5952K) NonClass: 5380K(5440K)->5380K(5440K) Class: 496K(512K)->496K(512K)
[0.172s][info][gc          ] GC(1) Pause Young (Allocation Failure) 0M->0M(2M) 0.830ms
[0.172s][info][gc,cpu      ] GC(1) User=0.00s Sys=0.00s Real=0.00s
[0.191s][info][gc,start    ] GC(2) Pause Young (Allocation Failure)
[0.193s][info][gc,heap     ] GC(2) PSYoungGen: 1536K(1536K)->512K(1536K) Eden: 1024K(1024K)->0K(1024K) From: 512K(512K)->512K(512K)
[0.193s][info][gc,heap     ] GC(2) ParOldGen: 96K(512K)->520K(1024K)
[0.193s][info][gc,metaspace] GC(2) Metaspace: 6295K(6464K)->6295K(6464K) NonClass: 5762K(5824K)->5762K(5824K) Class: 533K(640K)->533K(640K)
[0.193s][info][gc          ] GC(2) Pause Young (Allocation Failure) 1M->1M(2M) 1.145ms
[0.193s][info][gc,cpu      ] GC(2) User=0.00s Sys=0.00s Real=0.00s
[0.194s][info][gc,start    ] GC(3) Pause Young (Allocation Failure)
[0.195s][info][gc,heap     ] GC(3) PSYoungGen: 1536K(1536K)->480K(2560K) Eden: 1024K(1024K)->0K(2048K) From: 512K(512K)->480K(512K)
[0.195s][info][gc,heap     ] GC(3) ParOldGen: 520K(1024K)->1064K(1536K)
[0.195s][info][gc,metaspace] GC(3) Metaspace: 6295K(6464K)->6295K(6464K) NonClass: 5762K(5824K)->5762K(5824K) Class: 533K(640K)->533K(640K)
[0.195s][info][gc          ] GC(3) Pause Young (Allocation Failure) 2M->1M(4M) 1.259ms
[0.195s][info][gc,cpu      ] GC(3) User=0.00s Sys=0.00s Real=0.00s
[0.195s][info][gc,start    ] GC(4) Pause Full (Ergonomics)
[0.195s][info][gc,phases,start] GC(4) Marking Phase
[0.196s][info][gc,phases      ] GC(4) Marking Phase 1.159ms
[0.197s][info][gc,phases,start] GC(4) Summary Phase
[0.197s][info][gc,phases      ] GC(4) Summary Phase 0.015ms
[0.197s][info][gc,phases,start] GC(4) Adjust Roots
[0.197s][info][gc,phases      ] GC(4) Adjust Roots 0.367ms
[0.197s][info][gc,phases,start] GC(4) Compaction Phase
[0.199s][info][gc,phases      ] GC(4) Compaction Phase 2.331ms
[0.199s][info][gc,phases,start] GC(4) Post Compact
[0.199s][info][gc,phases      ] GC(4) Post Compact 0.085ms
[0.199s][info][gc,heap        ] GC(4) PSYoungGen: 480K(2560K)->0K(2560K) Eden: 0K(2048K)->0K(2048K) From: 480K(512K)->0K(512K)
[0.200s][info][gc,heap        ] GC(4) ParOldGen: 1064K(1536K)->1495K(3584K)
[0.200s][info][gc,metaspace   ] GC(4) Metaspace: 6295K(6464K)->6295K(6464K) NonClass: 5762K(5824K)->5762K(5824K) Class: 533K(640K)->533K(640K)
[0.200s][info][gc             ] GC(4) Pause Full (Ergonomics) 1M->1M(6M) 4.316ms
[0.200s][info][gc,cpu         ] GC(4) User=0.00s Sys=0.00s Real=0.01s
[0.202s][info][gc,start       ] GC(5) Pause Young (Allocation Failure)
[0.203s][info][gc,heap        ] GC(5) PSYoungGen: 2048K(2560K)->480K(3584K) Eden: 2048K(2048K)->0K(3072K) From: 0K(512K)->480K(512K)
[0.203s][info][gc,heap        ] GC(5) ParOldGen: 1495K(3584K)->2111K(3584K)
[0.203s][info][gc,metaspace   ] GC(5) Metaspace: 6295K(6464K)->6295K(6464K) NonClass: 5762K(5824K)->5762K(5824K) Class: 533K(640K)->533K(640K)
[0.203s][info][gc             ] GC(5) Pause Young (Allocation Failure) 3M->2M(7M) 1.190ms
[0.203s][info][gc,cpu         ] GC(5) User=0.00s Sys=0.00s Real=0.00s
[0.208s][info][gc,start       ] GC(6) Pause Young (Allocation Failure)
[0.210s][info][gc,heap        ] GC(6) PSYoungGen: 3552K(3584K)->1504K(4608K) Eden: 3072K(3072K)->0K(3072K) From: 480K(512K)->1504K(1536K)
[0.210s][info][gc,heap        ] GC(6) ParOldGen: 2111K(3584K)->2679K(3584K)
[0.210s][info][gc,metaspace   ] GC(6) Metaspace: 6295K(6464K)->6295K(6464K) NonClass: 5762K(5824K)->5762K(5824K) Class: 533K(640K)->533K(640K)
[0.210s][info][gc             ] GC(6) Pause Young (Allocation Failure) 5M->4M(8M) 1.937ms
[0.210s][info][gc,cpu         ] GC(6) User=0.00s Sys=0.00s Real=0.00s
[0.214s][info][gc,start       ] GC(7) Pause Young (Allocation Failure)
[0.217s][info][gc,heap        ] GC(7) PSYoungGen: 4576K(4608K)->2016K(7168K) Eden: 3072K(3072K)->0K(5120K) From: 1504K(1536K)->2016K(2048K)
[0.217s][info][gc,heap        ] GC(7) ParOldGen: 2679K(3584K)->3767K(4096K)
[0.217s][info][gc,metaspace   ] GC(7) Metaspace: 6295K(6464K)->6295K(6464K) NonClass: 5762K(5824K)->5762K(5824K) Class: 533K(640K)->533K(640K)
[0.217s][info][gc             ] GC(7) Pause Young (Allocation Failure) 7M->5M(11M) 2.722ms
[0.217s][info][gc,cpu         ] GC(7) User=0.00s Sys=0.00s Real=0.00s
[0.217s][info][gc,start       ] GC(8) Pause Full (Ergonomics)
[0.217s][info][gc,phases,start] GC(8) Marking Phase
[0.220s][info][gc,phases      ] GC(8) Marking Phase 2.770ms
[0.220s][info][gc,phases,start] GC(8) Summary Phase
[0.220s][info][gc,phases      ] GC(8) Summary Phase 0.015ms
[0.220s][info][gc,phases,start] GC(8) Adjust Roots
[0.220s][info][gc,phases      ] GC(8) Adjust Roots 0.321ms
[0.220s][info][gc,phases,start] GC(8) Compaction Phase
[0.223s][info][gc,phases      ] GC(8) Compaction Phase 2.950ms
[0.223s][info][gc,phases,start] GC(8) Post Compact
[0.223s][info][gc,phases      ] GC(8) Post Compact 0.033ms
[0.223s][info][gc,heap        ] GC(8) PSYoungGen: 2016K(7168K)->2012K(7168K) Eden: 0K(5120K)->0K(5120K) From: 2016K(2048K)->2012K(2048K)
[0.223s][info][gc,heap        ] GC(8) ParOldGen: 3767K(4096K)->3682K(6656K)
[0.223s][info][gc,metaspace   ] GC(8) Metaspace: 6295K(6464K)->6295K(6464K) NonClass: 5762K(5824K)->5762K(5824K) Class: 533K(640K)->533K(640K)
[0.223s][info][gc             ] GC(8) Pause Full (Ergonomics) 5M->5M(13M) 6.388ms
[0.223s][info][gc,cpu         ] GC(8) User=0.00s Sys=0.00s Real=0.01s
[0.229s][info][gc,start       ] GC(9) Pause Young (Allocation Failure)
[0.234s][info][gc,heap        ] GC(9) PSYoungGen: 7132K(7168K)->3040K(8192K) Eden: 5120K(5120K)->0K(5120K) From: 2012K(2048K)->3040K(3072K)
[0.234s][info][gc,heap        ] GC(9) ParOldGen: 3682K(6656K)->5330K(6656K)
[0.234s][info][gc,metaspace   ] GC(9) Metaspace: 6295K(6464K)->6295K(6464K) NonClass: 5762K(5824K)->5762K(5824K) Class: 533K(640K)->533K(640K)
[0.234s][info][gc             ] GC(9) Pause Young (Allocation Failure) 10M->8M(14M) 4.485ms
[0.234s][info][gc,cpu         ] GC(9) User=0.00s Sys=0.00s Real=0.00s
[0.234s][info][gc,start       ] GC(10) Pause Full (Ergonomics)
[0.234s][info][gc,phases,start] GC(10) Marking Phase
[0.238s][info][gc,phases      ] GC(10) Marking Phase 3.902ms
[0.238s][info][gc,phases,start] GC(10) Summary Phase
[0.238s][info][gc,phases      ] GC(10) Summary Phase 0.015ms
[0.238s][info][gc,phases,start] GC(10) Adjust Roots
[0.238s][info][gc,phases      ] GC(10) Adjust Roots 0.163ms
[0.238s][info][gc,phases,start] GC(10) Compaction Phase
[0.241s][info][gc,phases      ] GC(10) Compaction Phase 2.503ms
[0.241s][info][gc,phases,start] GC(10) Post Compact
[0.241s][info][gc,phases      ] GC(10) Post Compact 0.050ms
[0.241s][info][gc,heap        ] GC(10) PSYoungGen: 3040K(8192K)->2012K(8192K) Eden: 0K(5120K)->0K(5120K) From: 3040K(3072K)->2012K(3072K)
[0.241s][info][gc,heap        ] GC(10) ParOldGen: 5330K(6656K)->6318K(10752K)
[0.241s][info][gc,metaspace   ] GC(10) Metaspace: 6295K(6464K)->6295K(6464K) NonClass: 5762K(5824K)->5762K(5824K) Class: 533K(640K)->533K(640K)
[0.241s][info][gc             ] GC(10) Pause Full (Ergonomics) 8M->8M(18M) 6.996ms
[0.241s][info][gc,cpu         ] GC(10) User=0.00s Sys=0.00s Real=0.01s
[0.246s][info][gc,start       ] GC(11) Pause Young (Allocation Failure)
[0.250s][info][gc,heap        ] GC(11) PSYoungGen: 7132K(8192K)->4192K(10752K) Eden: 5120K(5120K)->0K(6144K) From: 2012K(3072K)->4192K(4608K)
[0.250s][info][gc,heap        ] GC(11) ParOldGen: 6318K(10752K)->6830K(10752K)
[0.250s][info][gc,metaspace   ] GC(11) Metaspace: 6295K(6464K)->6295K(6464K) NonClass: 5762K(5824K)->5762K(5824K) Class: 533K(640K)->533K(640K)
[0.250s][info][gc             ] GC(11) Pause Young (Allocation Failure) 13M->10M(21M) 4.409ms
[0.250s][info][gc,cpu         ] GC(11) User=0.00s Sys=0.00s Real=0.00s
[0.257s][info][gc,start       ] GC(12) Pause Young (Allocation Failure)
[0.263s][info][gc,heap        ] GC(12) PSYoungGen: 10336K(10752K)->5088K(11264K) Eden: 6144K(6144K)->0K(6144K) From: 4192K(4608K)->5088K(5120K)
[0.263s][info][gc,heap        ] GC(12) ParOldGen: 6830K(10752K)->9374K(10752K)
[0.263s][info][gc,metaspace   ] GC(12) Metaspace: 6295K(6464K)->6295K(6464K) NonClass: 5762K(5824K)->5762K(5824K) Class: 533K(640K)->533K(640K)
[0.263s][info][gc             ] GC(12) Pause Young (Allocation Failure) 16M->14M(21M) 6.071ms
[0.263s][info][gc,cpu         ] GC(12) User=0.00s Sys=0.00s Real=0.01s
[0.263s][info][gc,start       ] GC(13) Pause Full (Ergonomics)
[0.263s][info][gc,phases,start] GC(13) Marking Phase
[0.269s][info][gc,phases      ] GC(13) Marking Phase 5.998ms
[0.269s][info][gc,phases,start] GC(13) Summary Phase
[0.269s][info][gc,phases      ] GC(13) Summary Phase 0.015ms
[0.269s][info][gc,phases,start] GC(13) Adjust Roots
[0.269s][info][gc,phases      ] GC(13) Adjust Roots 0.165ms
[0.269s][info][gc,phases,start] GC(13) Compaction Phase
[0.275s][info][gc,phases      ] GC(13) Compaction Phase 5.707ms
[0.275s][info][gc,phases,start] GC(13) Post Compact
[0.275s][info][gc,phases      ] GC(13) Post Compact 0.063ms
[0.275s][info][gc,heap        ] GC(13) PSYoungGen: 5088K(11264K)->3545K(11264K) Eden: 0K(6144K)->0K(6144K) From: 5088K(5120K)->3545K(5120K)
[0.275s][info][gc,heap        ] GC(13) ParOldGen: 9374K(10752K)->10586K(16384K)
[0.275s][info][gc,metaspace   ] GC(13) Metaspace: 6295K(6464K)->6295K(6464K) NonClass: 5762K(5824K)->5762K(5824K) Class: 533K(640K)->533K(640K)
[0.275s][info][gc             ] GC(13) Pause Full (Ergonomics) 14M->13M(27M) 12.198ms
[0.275s][info][gc,cpu         ] GC(13) User=0.00s Sys=0.00s Real=0.01s
[0.280s][info][gc,start       ] GC(14) Pause Young (Allocation Failure)
[0.286s][info][gc,heap        ] GC(14) PSYoungGen: 9689K(11264K)->4608K(15872K) Eden: 6144K(6144K)->0K(8704K) From: 3545K(5120K)->4608K(7168K)
[0.286s][info][gc,heap        ] GC(14) ParOldGen: 10586K(16384K)->12730K(16384K)
[0.286s][info][gc,metaspace   ] GC(14) Metaspace: 6297K(6464K)->6297K(6464K) NonClass: 5764K(5824K)->5764K(5824K) Class: 533K(640K)->533K(640K)
[0.286s][info][gc             ] GC(14) Pause Young (Allocation Failure) 19M->16M(31M) 6.319ms
[0.286s][info][gc,cpu         ] GC(14) User=0.00s Sys=0.00s Real=0.01s
[0.291s][info][gc,start       ] GC(15) Pause Young (Allocation Failure)
[0.298s][info][gc,heap        ] GC(15) PSYoungGen: 13312K(15872K)->4544K(15872K) Eden: 8704K(8704K)->0K(8704K) From: 4608K(7168K)->4544K(7168K)
[0.298s][info][gc,heap        ] GC(15) ParOldGen: 12730K(16384K)->17386K(17408K)
[0.298s][info][gc,metaspace   ] GC(15) Metaspace: 6297K(6464K)->6297K(6464K) NonClass: 5764K(5824K)->5764K(5824K) Class: 533K(640K)->533K(640K)
[0.298s][info][gc             ] GC(15) Pause Young (Allocation Failure) 25M->21M(32M) 6.594ms
[0.298s][info][gc,cpu         ] GC(15) User=0.00s Sys=0.00s Real=0.01s
[0.298s][info][gc,start       ] GC(16) Pause Full (Ergonomics)
[0.298s][info][gc,phases,start] GC(16) Marking Phase
[0.307s][info][gc,phases      ] GC(16) Marking Phase 9.046ms
[0.307s][info][gc,phases,start] GC(16) Summary Phase
[0.307s][info][gc,phases      ] GC(16) Summary Phase 0.019ms
[0.307s][info][gc,phases,start] GC(16) Adjust Roots
[0.307s][info][gc,phases      ] GC(16) Adjust Roots 0.228ms
[0.307s][info][gc,phases,start] GC(16) Compaction Phase
[0.314s][info][gc,phases      ] GC(16) Compaction Phase 7.068ms
[0.314s][info][gc,phases,start] GC(16) Post Compact
[0.315s][info][gc,phases      ] GC(16) Post Compact 0.120ms
[0.315s][info][gc,heap        ] GC(16) PSYoungGen: 4544K(15872K)->4497K(15872K) Eden: 0K(8704K)->0K(8704K) From: 4544K(7168K)->4497K(7168K)
[0.315s][info][gc,heap        ] GC(16) ParOldGen: 17386K(17408K)->17267K(26112K)
[0.315s][info][gc,metaspace   ] GC(16) Metaspace: 6297K(6464K)->6297K(6464K) NonClass: 5764K(5824K)->5764K(5824K) Class: 533K(640K)->533K(640K)
[0.315s][info][gc             ] GC(16) Pause Full (Ergonomics) 21M->21M(41M) 16.828ms
[0.315s][info][gc,cpu         ] GC(16) User=0.02s Sys=0.00s Real=0.02s
[0.323s][info][gc,start       ] GC(17) Pause Young (Allocation Failure)
[0.330s][info][gc,heap        ] GC(17) PSYoungGen: 13201K(15872K)->5024K(19456K) Eden: 8704K(8704K)->0K(11776K) From: 4497K(7168K)->5024K(7680K)
[0.330s][info][gc,heap        ] GC(17) ParOldGen: 17267K(26112K)->21843K(26112K)
[0.330s][info][gc,metaspace   ] GC(17) Metaspace: 6297K(6464K)->6297K(6464K) NonClass: 5764K(5824K)->5764K(5824K) Class: 533K(640K)->533K(640K)
[0.330s][info][gc             ] GC(17) Pause Young (Allocation Failure) 29M->26M(44M) 7.744ms
[0.331s][info][gc,cpu         ] GC(17) User=0.00s Sys=0.00s Real=0.01s
[0.331s][info][gc,start       ] GC(18) Pause Full (Ergonomics)
[0.331s][info][gc,phases,start] GC(18) Marking Phase
[0.342s][info][gc,phases      ] GC(18) Marking Phase 11.037ms
[0.342s][info][gc,phases,start] GC(18) Summary Phase
[0.342s][info][gc,phases      ] GC(18) Summary Phase 0.019ms
[0.342s][info][gc,phases,start] GC(18) Adjust Roots
[0.342s][info][gc,phases      ] GC(18) Adjust Roots 0.181ms
[0.342s][info][gc,phases,start] GC(18) Compaction Phase
[0.352s][info][gc,phases      ] GC(18) Compaction Phase 10.157ms
[0.352s][info][gc,phases,start] GC(18) Post Compact
[0.352s][info][gc,phases      ] GC(18) Post Compact 0.119ms
[0.352s][info][gc,heap        ] GC(18) PSYoungGen: 5024K(19456K)->390K(19456K) Eden: 0K(11776K)->0K(11776K) From: 5024K(7680K)->390K(7680K)
[0.352s][info][gc,heap        ] GC(18) ParOldGen: 21843K(26112K)->25854K(36864K)
[0.352s][info][gc,metaspace   ] GC(18) Metaspace: 6297K(6464K)->6297K(6464K) NonClass: 5764K(5824K)->5764K(5824K) Class: 533K(640K)->533K(640K)
[0.352s][info][gc             ] GC(18) Pause Full (Ergonomics) 26M->25M(55M) 21.871ms
[0.352s][info][gc,cpu         ] GC(18) User=0.00s Sys=0.00s Real=0.02s
[0.359s][info][gc,start       ] GC(19) Pause Young (Allocation Failure)
[0.366s][info][gc,heap        ] GC(19) PSYoungGen: 12166K(19456K)->6112K(19456K) Eden: 11776K(11776K)->0K(11776K) From: 390K(7680K)->6112K(7680K)
[0.366s][info][gc,heap        ] GC(19) ParOldGen: 25854K(36864K)->26254K(36864K)
[0.366s][info][gc,metaspace   ] GC(19) Metaspace: 6297K(6464K)->6297K(6464K) NonClass: 5764K(5824K)->5764K(5824K) Class: 533K(640K)->533K(640K)
[0.366s][info][gc             ] GC(19) Pause Young (Allocation Failure) 37M->31M(55M) 6.685ms
[0.366s][info][gc,cpu         ] GC(19) User=0.00s Sys=0.00s Real=0.01s
[0.376s][info][gc,start       ] GC(20) Pause Young (Allocation Failure)
[0.390s][info][gc,heap        ] GC(20) PSYoungGen: 17888K(19456K)->8704K(19456K) Eden: 11776K(11776K)->0K(10752K) From: 6112K(7680K)->8704K(8704K)
[0.390s][info][gc,heap        ] GC(20) ParOldGen: 26254K(36864K)->34830K(36864K)
[0.390s][info][gc,metaspace   ] GC(20) Metaspace: 6297K(6464K)->6297K(6464K) NonClass: 5764K(5824K)->5764K(5824K) Class: 533K(640K)->533K(640K)
[0.390s][info][gc             ] GC(20) Pause Young (Allocation Failure) 43M->42M(55M) 13.607ms
[0.390s][info][gc,cpu         ] GC(20) User=0.00s Sys=0.00s Real=0.01s
[0.390s][info][gc,start       ] GC(21) Pause Full (Ergonomics)
[0.390s][info][gc,phases,start] GC(21) Marking Phase
[0.407s][info][gc,phases      ] GC(21) Marking Phase 17.108ms
[0.407s][info][gc,phases,start] GC(21) Summary Phase
[0.407s][info][gc,phases      ] GC(21) Summary Phase 0.019ms
[0.407s][info][gc,phases,start] GC(21) Adjust Roots
[0.408s][info][gc,phases      ] GC(21) Adjust Roots 0.154ms
[0.408s][info][gc,phases,start] GC(21) Compaction Phase
[0.419s][info][gc,phases      ] GC(21) Compaction Phase 11.904ms
[0.420s][info][gc,phases,start] GC(21) Post Compact
[0.420s][info][gc,phases      ] GC(21) Post Compact 0.222ms
[0.420s][info][gc,heap        ] GC(21) PSYoungGen: 8704K(19456K)->6642K(19456K) Eden: 0K(10752K)->0K(10752K) From: 8704K(8704K)->6642K(8704K)
[0.420s][info][gc,heap        ] GC(21) ParOldGen: 34830K(36864K)->36726K(51712K)
[0.420s][info][gc,metaspace   ] GC(21) Metaspace: 6297K(6464K)->6297K(6464K) NonClass: 5764K(5824K)->5764K(5824K) Class: 533K(640K)->533K(640K)
[0.420s][info][gc             ] GC(21) Pause Full (Ergonomics) 42M->42M(69M) 29.826ms
[0.420s][info][gc,cpu         ] GC(21) User=0.05s Sys=0.00s Real=0.03s
[0.436s][info][gc,start       ] GC(22) Pause Young (Allocation Failure)
[0.448s][info][gc,heap        ] GC(22) PSYoungGen: 17394K(19456K)->12800K(24064K) Eden: 10752K(10752K)->0K(10752K) From: 6642K(8704K)->12800K(13312K)
[0.448s][info][gc,heap        ] GC(22) ParOldGen: 36726K(51712K)->43486K(51712K)
[0.448s][info][gc,metaspace   ] GC(22) Metaspace: 6297K(6464K)->6297K(6464K) NonClass: 5764K(5824K)->5764K(5824K) Class: 533K(640K)->533K(640K)
[0.448s][info][gc             ] GC(22) Pause Young (Allocation Failure) 52M->54M(74M) 12.781ms
[0.448s][info][gc,cpu         ] GC(22) User=0.00s Sys=0.00s Real=0.01s
[0.459s][info][gc,start       ] GC(23) Pause Young (Allocation Failure)
[0.475s][info][gc,heap        ] GC(23) PSYoungGen: 23552K(24064K)->15328K(24064K) Eden: 10752K(10752K)->0K(8704K) From: 12800K(13312K)->15328K(15360K)
[0.475s][info][gc,heap        ] GC(23) ParOldGen: 43486K(51712K)->49734K(51712K)
[0.475s][info][gc,metaspace   ] GC(23) Metaspace: 6297K(6464K)->6297K(6464K) NonClass: 5764K(5824K)->5764K(5824K) Class: 533K(640K)->533K(640K)
[0.475s][info][gc             ] GC(23) Pause Young (Allocation Failure) 65M->63M(74M) 15.750ms
[0.475s][info][gc,cpu         ] GC(23) User=0.02s Sys=0.00s Real=0.01s
[0.475s][info][gc,start       ] GC(24) Pause Full (Ergonomics)
[0.475s][info][gc,phases,start] GC(24) Marking Phase
[0.501s][info][gc,phases      ] GC(24) Marking Phase 26.217ms
[0.501s][info][gc,phases,start] GC(24) Summary Phase
[0.501s][info][gc,phases      ] GC(24) Summary Phase 0.019ms
[0.501s][info][gc,phases,start] GC(24) Adjust Roots
[0.501s][info][gc,phases      ] GC(24) Adjust Roots 0.159ms
[0.501s][info][gc,phases,start] GC(24) Compaction Phase
[0.523s][info][gc,phases      ] GC(24) Compaction Phase 21.639ms
[0.523s][info][gc,phases,start] GC(24) Post Compact
[0.523s][info][gc,phases      ] GC(24) Post Compact 0.240ms
[0.523s][info][gc,heap        ] GC(24) PSYoungGen: 15328K(24064K)->12236K(24064K) Eden: 0K(8704K)->0K(8704K) From: 15328K(15360K)->12236K(15360K)
[0.523s][info][gc,heap        ] GC(24) ParOldGen: 49734K(51712K)->51553K(70144K)
[0.524s][info][gc,metaspace   ] GC(24) Metaspace: 6297K(6464K)->6297K(6464K) NonClass: 5764K(5824K)->5764K(5824K) Class: 533K(640K)->533K(640K)
[0.524s][info][gc             ] GC(24) Pause Full (Ergonomics) 63M->62M(92M) 48.657ms
[0.524s][info][gc,cpu         ] GC(24) User=0.03s Sys=0.00s Real=0.05s
[0.532s][info][gc,start       ] GC(25) Pause Young (Allocation Failure)
[0.549s][info][gc,heap        ] GC(25) PSYoungGen: 20940K(24064K)->8736K(29184K) Eden: 8704K(8704K)->0K(8704K) From: 12236K(15360K)->8736K(20480K)
[0.549s][info][gc,heap        ] GC(25) ParOldGen: 51553K(70144K)->63961K(70144K)
[0.549s][info][gc,metaspace   ] GC(25) Metaspace: 6297K(6464K)->6297K(6464K) NonClass: 5764K(5824K)->5764K(5824K) Class: 533K(640K)->533K(640K)
[0.549s][info][gc             ] GC(25) Pause Young (Allocation Failure) 70M->70M(97M) 16.230ms
[0.549s][info][gc,cpu         ] GC(25) User=0.00s Sys=0.00s Real=0.02s
[0.549s][info][gc,start       ] GC(26) Pause Full (Ergonomics)
[0.549s][info][gc,phases,start] GC(26) Marking Phase
[0.582s][info][gc,phases      ] GC(26) Marking Phase 33.071ms
[0.582s][info][gc,phases,start] GC(26) Summary Phase
[0.582s][info][gc,phases      ] GC(26) Summary Phase 0.021ms
[0.582s][info][gc,phases,start] GC(26) Adjust Roots
[0.582s][info][gc,phases      ] GC(26) Adjust Roots 0.208ms
[0.582s][info][gc,phases,start] GC(26) Compaction Phase
[0.603s][info][gc,phases      ] GC(26) Compaction Phase 20.357ms
[0.603s][info][gc,phases,start] GC(26) Post Compact
[0.603s][info][gc,phases      ] GC(26) Post Compact 0.247ms
[0.603s][info][gc,heap        ] GC(26) PSYoungGen: 8736K(29184K)->2541K(29184K) Eden: 0K(8704K)->0K(8704K) From: 8736K(20480K)->2541K(20480K)
[0.603s][info][gc,heap        ] GC(26) ParOldGen: 63961K(70144K)->69921K(92672K)
[0.603s][info][gc,metaspace   ] GC(26) Metaspace: 6297K(6464K)->6297K(6464K) NonClass: 5764K(5824K)->5764K(5824K) Class: 533K(640K)->533K(640K)
[0.603s][info][gc             ] GC(26) Pause Full (Ergonomics) 70M->70M(119M) 54.288ms
[0.603s][info][gc,cpu         ] GC(26) User=0.08s Sys=0.00s Real=0.05s
[0.614s][info][gc,start       ] GC(27) Pause Young (Allocation Failure)
[0.628s][info][gc,heap        ] GC(27) PSYoungGen: 11245K(29184K)->11264K(29184K) Eden: 8704K(8704K)->0K(9728K) From: 2541K(20480K)->11264K(19456K)
[0.628s][info][gc,heap        ] GC(27) ParOldGen: 69921K(92672K)->69921K(92672K)
[0.628s][info][gc,metaspace   ] GC(27) Metaspace: 6297K(6464K)->6297K(6464K) NonClass: 5764K(5824K)->5764K(5824K) Class: 533K(640K)->533K(640K)
[0.628s][info][gc             ] GC(27) Pause Young (Allocation Failure) 79M->79M(119M) 14.157ms
[0.628s][info][gc,cpu         ] GC(27) User=0.02s Sys=0.00s Real=0.01s
[0.636s][info][gc,start       ] GC(28) Pause Young (Allocation Failure)
[0.647s][info][gc,heap        ] GC(28) PSYoungGen: 19025K(29184K)->18880K(29696K) Eden: 7761K(9728K)->0K(9728K) From: 11264K(19456K)->18880K(19968K)
[0.647s][info][gc,heap        ] GC(28) ParOldGen: 69921K(92672K)->69921K(92672K)
[0.647s][info][gc,metaspace   ] GC(28) Metaspace: 6297K(6464K)->6297K(6464K) NonClass: 5764K(5824K)->5764K(5824K) Class: 533K(640K)->533K(640K)
[0.647s][info][gc             ] GC(28) Pause Young (Allocation Failure) 86M->86M(119M) 11.532ms
[0.647s][info][gc,cpu         ] GC(28) User=0.00s Sys=0.00s Real=0.01s
[0.662s][info][gc,start       ] GC(29) Pause Young (Allocation Failure)
[0.682s][info][gc,heap        ] GC(29) PSYoungGen: 28608K(29696K)->22496K(28160K) Eden: 9728K(9728K)->0K(5632K) From: 18880K(19968K)->22496K(22528K)
[0.682s][info][gc,heap        ] GC(29) ParOldGen: 69921K(92672K)->76081K(92672K)
[0.682s][info][gc,metaspace   ] GC(29) Metaspace: 6297K(6464K)->6297K(6464K) NonClass: 5764K(5824K)->5764K(5824K) Class: 533K(640K)->533K(640K)
[0.682s][info][gc             ] GC(29) Pause Young (Allocation Failure) 96M->96M(118M) 19.985ms
[0.682s][info][gc,cpu         ] GC(29) User=0.03s Sys=0.02s Real=0.02s
[0.688s][info][gc,start       ] GC(30) Pause Young (Allocation Failure)
[0.704s][info][gc,heap        ] GC(30) PSYoungGen: 28128K(28160K)->19264K(34304K) Eden: 5632K(5632K)->0K(5632K) From: 22496K(22528K)->19264K(28672K)
[0.704s][info][gc,heap        ] GC(30) ParOldGen: 76081K(92672K)->85089K(92672K)
[0.704s][info][gc,metaspace   ] GC(30) Metaspace: 6297K(6464K)->6297K(6464K) NonClass: 5764K(5824K)->5764K(5824K) Class: 533K(640K)->533K(640K)
[0.704s][info][gc             ] GC(30) Pause Young (Allocation Failure) 101M->101M(124M) 15.388ms
[0.704s][info][gc,cpu         ] GC(30) User=0.02s Sys=0.00s Real=0.02s
[0.704s][info][gc,start       ] GC(31) Pause Full (Ergonomics)
[0.704s][info][gc,phases,start] GC(31) Marking Phase
[0.746s][info][gc,phases      ] GC(31) Marking Phase 41.853ms
[0.746s][info][gc,phases,start] GC(31) Summary Phase
[0.746s][info][gc,phases      ] GC(31) Summary Phase 0.020ms
[0.746s][info][gc,phases,start] GC(31) Adjust Roots
[0.746s][info][gc,phases      ] GC(31) Adjust Roots 0.192ms
[0.746s][info][gc,phases,start] GC(31) Compaction Phase
[0.777s][info][gc,phases      ] GC(31) Compaction Phase 30.744ms
[0.777s][info][gc,phases,start] GC(31) Post Compact
[0.777s][info][gc,phases      ] GC(31) Post Compact 0.351ms
[0.777s][info][gc,heap        ] GC(31) PSYoungGen: 19264K(34304K)->9481K(34304K) Eden: 0K(5632K)->0K(5632K) From: 19264K(28672K)->9481K(28672K)
[0.777s][info][gc,heap        ] GC(31) ParOldGen: 85089K(92672K)->92508K(117760K)
[0.777s][info][gc,metaspace   ] GC(31) Metaspace: 6297K(6464K)->6297K(6464K) NonClass: 5764K(5824K)->5764K(5824K) Class: 533K(640K)->533K(640K)
[0.777s][info][gc             ] GC(31) Pause Full (Ergonomics) 101M->99M(148M) 73.534ms
[0.777s][info][gc,cpu         ] GC(31) User=0.09s Sys=0.00s Real=0.07s
[0.783s][info][gc,start       ] GC(32) Pause Young (Allocation Failure)
[0.800s][info][gc,heap        ] GC(32) PSYoungGen: 15113K(34304K)->11872K(33280K) Eden: 5632K(5632K)->0K(7168K) From: 9481K(28672K)->11872K(26112K)
[0.800s][info][gc,heap        ] GC(32) ParOldGen: 92508K(117760K)->95828K(117760K)
[0.800s][info][gc,metaspace   ] GC(32) Metaspace: 6297K(6464K)->6297K(6464K) NonClass: 5764K(5824K)->5764K(5824K) Class: 533K(640K)->533K(640K)
[0.800s][info][gc             ] GC(32) Pause Young (Allocation Failure) 105M->105M(147M) 16.573ms
[0.800s][info][gc,cpu         ] GC(32) User=0.00s Sys=0.00s Real=0.02s
[0.806s][info][gc,start       ] GC(33) Pause Young (Allocation Failure)
[0.817s][info][gc,heap        ] GC(33) PSYoungGen: 19040K(33280K)->19040K(35328K) Eden: 7168K(7168K)->0K(7168K) From: 11872K(26112K)->19040K(28160K)
[0.817s][info][gc,heap        ] GC(33) ParOldGen: 95828K(117760K)->95828K(117760K)
[0.817s][info][gc,metaspace   ] GC(33) Metaspace: 6297K(6464K)->6297K(6464K) NonClass: 5764K(5824K)->5764K(5824K) Class: 533K(640K)->533K(640K)
[0.817s][info][gc             ] GC(33) Pause Young (Allocation Failure) 112M->112M(149M) 10.452ms
[0.817s][info][gc,cpu         ] GC(33) User=0.00s Sys=0.00s Real=0.01s
[0.824s][info][gc,start       ] GC(34) Pause Young (Allocation Failure)
[0.839s][info][gc,heap        ] GC(34) PSYoungGen: 26208K(35328K)->23616K(35328K) Eden: 7168K(7168K)->0K(6144K) From: 19040K(28160K)->23616K(29184K)
[0.840s][info][gc,heap        ] GC(34) ParOldGen: 95828K(117760K)->98428K(117760K)
[0.840s][info][gc,metaspace   ] GC(34) Metaspace: 6297K(6464K)->6297K(6464K) NonClass: 5764K(5824K)->5764K(5824K) Class: 533K(640K)->533K(640K)
[0.840s][info][gc             ] GC(34) Pause Young (Allocation Failure) 119M->119M(149M) 15.785ms
[0.840s][info][gc,cpu         ] GC(34) User=0.00s Sys=0.00s Real=0.02s
[0.845s][info][gc,start       ] GC(35) Pause Young (Allocation Failure)
[0.861s][info][gc,heap        ] GC(35) PSYoungGen: 29760K(35328K)->20448K(37888K) Eden: 6144K(6144K)->0K(6144K) From: 23616K(29184K)->20448K(31744K)
[0.861s][info][gc,heap        ] GC(35) ParOldGen: 98428K(117760K)->107844K(117760K)
[0.861s][info][gc,metaspace   ] GC(35) Metaspace: 6297K(6464K)->6297K(6464K) NonClass: 5764K(5824K)->5764K(5824K) Class: 533K(640K)->533K(640K)
[0.861s][info][gc             ] GC(35) Pause Young (Allocation Failure) 125M->125M(152M) 15.434ms
[0.861s][info][gc,cpu         ] GC(35) User=0.02s Sys=0.00s Real=0.02s
[0.861s][info][gc,start       ] GC(36) Pause Full (Ergonomics)
[0.861s][info][gc,phases,start] GC(36) Marking Phase
[0.895s][info][gc,phases      ] GC(36) Marking Phase 34.272ms
[0.895s][info][gc,phases,start] GC(36) Summary Phase
[0.895s][info][gc,phases      ] GC(36) Summary Phase 0.022ms
[0.895s][info][gc,phases,start] GC(36) Adjust Roots
[0.895s][info][gc,phases      ] GC(36) Adjust Roots 0.158ms
[0.895s][info][gc,phases,start] GC(36) Compaction Phase
[0.915s][info][gc,phases      ] GC(36) Compaction Phase 19.863ms
[0.915s][info][gc,phases,start] GC(36) Post Compact
[0.916s][info][gc,phases      ] GC(36) Post Compact 0.604ms
[0.916s][info][gc,heap        ] GC(36) PSYoungGen: 20448K(37888K)->10680K(37888K) Eden: 0K(6144K)->0K(6144K) From: 20448K(31744K)->10680K(31744K)
[0.916s][info][gc,heap        ] GC(36) ParOldGen: 107844K(117760K)->117296K(143872K)
[0.916s][info][gc,metaspace   ] GC(36) Metaspace: 6297K(6464K)->6297K(6464K) NonClass: 5764K(5824K)->5764K(5824K) Class: 533K(640K)->533K(640K)
[0.916s][info][gc             ] GC(36) Pause Full (Ergonomics) 125M->124M(177M) 55.342ms
[0.916s][info][gc,cpu         ] GC(36) User=0.16s Sys=0.00s Real=0.06s
[0.922s][info][gc,start       ] GC(37) Pause Young (Allocation Failure)
[0.938s][info][gc,heap        ] GC(37) PSYoungGen: 16824K(37888K)->7968K(38400K) Eden: 6144K(6144K)->0K(7680K) From: 10680K(31744K)->7968K(30720K)
[0.938s][info][gc,heap        ] GC(37) ParOldGen: 117296K(143872K)->126376K(143872K)
[0.938s][info][gc,metaspace   ] GC(37) Metaspace: 6297K(6464K)->6297K(6464K) NonClass: 5764K(5824K)->5764K(5824K) Class: 533K(640K)->533K(640K)
[0.938s][info][gc             ] GC(37) Pause Young (Allocation Failure) 130M->131M(178M) 16.022ms
[0.938s][info][gc,cpu         ] GC(37) User=0.02s Sys=0.00s Real=0.02s
[0.945s][info][gc,start       ] GC(38) Pause Young (Allocation Failure)
[0.954s][info][gc,heap        ] GC(38) PSYoungGen: 15648K(38400K)->13856K(39424K) Eden: 7680K(7680K)->0K(7680K) From: 7968K(30720K)->13856K(31744K)
[0.954s][info][gc,heap        ] GC(38) ParOldGen: 126376K(143872K)->128160K(143872K)
[0.954s][info][gc,metaspace   ] GC(38) Metaspace: 6297K(6464K)->6297K(6464K) NonClass: 5764K(5824K)->5764K(5824K) Class: 533K(640K)->533K(640K)
[0.954s][info][gc             ] GC(38) Pause Young (Allocation Failure) 138M->138M(179M) 8.517ms
[0.954s][info][gc,cpu         ] GC(38) User=0.00s Sys=0.00s Real=0.01s
[0.961s][info][gc,start       ] GC(39) Pause Young (Allocation Failure)
[0.973s][info][gc,heap        ] GC(39) PSYoungGen: 21536K(39424K)->15424K(37376K) Eden: 7680K(7680K)->0K(9216K) From: 13856K(31744K)->15424K(28160K)
[0.973s][info][gc,heap        ] GC(39) ParOldGen: 128160K(143872K)->134384K(143872K)
[0.973s][info][gc,metaspace   ] GC(39) Metaspace: 6297K(6464K)->6297K(6464K) NonClass: 5764K(5824K)->5764K(5824K) Class: 533K(640K)->533K(640K)
[0.973s][info][gc             ] GC(39) Pause Young (Allocation Failure) 146M->146M(177M) 11.357ms
[0.973s][info][gc,cpu         ] GC(39) User=0.00s Sys=0.00s Real=0.01s
[0.973s][info][gc,start       ] GC(40) Pause Full (Ergonomics)
[0.973s][info][gc,phases,start] GC(40) Marking Phase
[1.015s][info][gc,phases      ] GC(40) Marking Phase 42.287ms
[1.015s][info][gc,phases,start] GC(40) Summary Phase
[1.015s][info][gc,phases      ] GC(40) Summary Phase 0.015ms
[1.015s][info][gc,phases,start] GC(40) Adjust Roots
[1.015s][info][gc,phases      ] GC(40) Adjust Roots 0.147ms
[1.015s][info][gc,phases,start] GC(40) Compaction Phase
[1.034s][info][gc,phases      ] GC(40) Compaction Phase 19.075ms
[1.034s][info][gc,phases,start] GC(40) Post Compact
[1.035s][info][gc,phases      ] GC(40) Post Compact 0.738ms
[1.035s][info][gc,heap        ] GC(40) PSYoungGen: 15424K(37376K)->5592K(38400K) Eden: 0K(9216K)->0K(10240K) From: 15424K(28160K)->5592K(28160K)
[1.035s][info][gc,heap        ] GC(40) ParOldGen: 134384K(143872K)->143800K(172032K)
[1.035s][info][gc,metaspace   ] GC(40) Metaspace: 6297K(6464K)->6297K(6464K) NonClass: 5764K(5824K)->5764K(5824K) Class: 533K(640K)->533K(640K)
[1.035s][info][gc             ] GC(40) Pause Full (Ergonomics) 146M->145M(205M) 62.725ms
[1.035s][info][gc,cpu         ] GC(40) User=0.09s Sys=0.00s Real=0.06s
[1.046s][info][gc,start       ] GC(41) Pause Young (Allocation Failure)
[1.065s][info][gc,heap        ] GC(41) PSYoungGen: 15832K(38400K)->10272K(39424K) Eden: 10240K(10240K)->0K(10240K) From: 5592K(28160K)->10272K(29184K)
[1.065s][info][gc,heap        ] GC(41) ParOldGen: 143800K(172032K)->149496K(172032K)
[1.065s][info][gc,metaspace   ] GC(41) Metaspace: 6297K(6464K)->6297K(6464K) NonClass: 5764K(5824K)->5764K(5824K) Class: 533K(640K)->533K(640K)
[1.065s][info][gc             ] GC(41) Pause Young (Allocation Failure) 155M->156M(206M) 18.182ms
[1.065s][info][gc,cpu         ] GC(41) User=0.02s Sys=0.00s Real=0.02s
[1.074s][info][gc,start       ] GC(42) Pause Young (Allocation Failure)
[1.086s][info][gc,heap        ] GC(42) PSYoungGen: 20512K(39424K)->10304K(37888K) Eden: 10240K(10240K)->0K(11776K) From: 10272K(29184K)->10304K(26112K)
[1.086s][info][gc,heap        ] GC(42) ParOldGen: 149496K(172032K)->159872K(172032K)
[1.086s][info][gc,metaspace   ] GC(42) Metaspace: 6297K(6464K)->6297K(6464K) NonClass: 5764K(5824K)->5764K(5824K) Class: 533K(640K)->533K(640K)
[1.086s][info][gc             ] GC(42) Pause Young (Allocation Failure) 166M->166M(205M) 11.370ms
[1.086s][info][gc,cpu         ] GC(42) User=0.00s Sys=0.00s Real=0.01s
[1.086s][info][gc,start       ] GC(43) Pause Full (Ergonomics)
[1.086s][info][gc,phases,start] GC(43) Marking Phase
[1.128s][info][gc,phases      ] GC(43) Marking Phase 42.020ms
[1.128s][info][gc,phases,start] GC(43) Summary Phase
[1.128s][info][gc,phases      ] GC(43) Summary Phase 0.018ms
[1.128s][info][gc,phases,start] GC(43) Adjust Roots
[1.128s][info][gc,phases      ] GC(43) Adjust Roots 0.158ms
[1.128s][info][gc,phases,start] GC(43) Compaction Phase
[1.148s][info][gc,phases      ] GC(43) Compaction Phase 20.245ms
[1.148s][info][gc,phases,start] GC(43) Post Compact
[1.149s][info][gc,phases      ] GC(43) Post Compact 0.869ms
[1.150s][info][gc,heap        ] GC(43) PSYoungGen: 10304K(37888K)->0K(38912K) Eden: 0K(11776K)->0K(11776K) From: 10304K(26112K)->0K(27136K)
[1.150s][info][gc,heap        ] GC(43) ParOldGen: 159872K(172032K)->169810K(201216K)
[1.150s][info][gc,metaspace   ] GC(43) Metaspace: 6297K(6464K)->6297K(6464K) NonClass: 5764K(5824K)->5764K(5824K) Class: 533K(640K)->533K(640K)
[1.150s][info][gc             ] GC(43) Pause Full (Ergonomics) 166M->165M(234M) 63.742ms
[1.150s][info][gc,cpu         ] GC(43) User=0.17s Sys=0.00s Real=0.06s
[1.187s][info][gc,start       ] GC(44) Pause Young (Allocation Failure)
[1.199s][info][gc,heap        ] GC(44) PSYoungGen: 11776K(38912K)->11840K(38912K) Eden: 11776K(11776K)->0K(13824K) From: 0K(27136K)->11840K(25088K)
[1.199s][info][gc,heap        ] GC(44) ParOldGen: 178002K(201216K)->178002K(201216K)
[1.199s][info][gc,metaspace   ] GC(44) Metaspace: 6297K(6464K)->6297K(6464K) NonClass: 5764K(5824K)->5764K(5824K) Class: 533K(640K)->533K(640K)
[1.199s][info][gc             ] GC(44) Pause Young (Allocation Failure) 185M->185M(234M) 11.764ms
[1.199s][info][gc,cpu         ] GC(44) User=0.02s Sys=0.00s Real=0.01s
[1.212s][info][gc,start       ] GC(45) Pause Young (Allocation Failure)
[1.225s][info][gc,heap        ] GC(45) PSYoungGen: 25664K(38912K)->25696K(39936K) Eden: 13824K(13824K)->0K(13824K) From: 11840K(25088K)->25696K(26112K)
[1.225s][info][gc,heap        ] GC(45) ParOldGen: 178002K(201216K)->178002K(201216K)
[1.225s][info][gc,metaspace   ] GC(45) Metaspace: 6297K(6464K)->6297K(6464K) NonClass: 5764K(5824K)->5764K(5824K) Class: 533K(640K)->533K(640K)
[1.225s][info][gc             ] GC(45) Pause Young (Allocation Failure) 198M->198M(235M) 13.196ms
[1.225s][info][gc,cpu         ] GC(45) User=0.00s Sys=0.00s Real=0.01s
[1.239s][info][gc,start       ] GC(46) Pause Young (Allocation Failure)
[1.259s][info][gc,heap        ] GC(46) PSYoungGen: 39520K(39936K)->29696K(37888K) Eden: 13824K(13824K)->0K(8192K) From: 25696K(26112K)->29696K(29696K)
[1.259s][info][gc,heap        ] GC(46) ParOldGen: 178002K(201216K)->187858K(201216K)
[1.259s][info][gc,metaspace   ] GC(46) Metaspace: 6297K(6464K)->6297K(6464K) NonClass: 5764K(5824K)->5764K(5824K) Class: 533K(640K)->533K(640K)
[1.259s][info][gc             ] GC(46) Pause Young (Allocation Failure) 212M->212M(233M) 20.062ms
[1.259s][info][gc,cpu         ] GC(46) User=0.06s Sys=0.03s Real=0.02s
[1.259s][info][gc,start       ] GC(47) Pause Full (Ergonomics)
[1.259s][info][gc,phases,start] GC(47) Marking Phase
[1.311s][info][gc,phases      ] GC(47) Marking Phase 52.100ms
[1.311s][info][gc,phases,start] GC(47) Summary Phase
[1.311s][info][gc,phases      ] GC(47) Summary Phase 0.018ms
[1.311s][info][gc,phases,start] GC(47) Adjust Roots
[1.311s][info][gc,phases      ] GC(47) Adjust Roots 0.136ms
[1.311s][info][gc,phases,start] GC(47) Compaction Phase
[1.353s][info][gc,phases      ] GC(47) Compaction Phase 42.062ms
[1.353s][info][gc,phases,start] GC(47) Post Compact
[1.354s][info][gc,phases      ] GC(47) Post Compact 1.112ms
[1.355s][info][gc,heap        ] GC(47) PSYoungGen: 29696K(37888K)->12259K(37888K) Eden: 0K(8192K)->0K(8192K) From: 29696K(29696K)->12259K(29696K)
[1.355s][info][gc,heap        ] GC(47) ParOldGen: 187858K(201216K)->200981K(235008K)
[1.355s][info][gc,metaspace   ] GC(47) Metaspace: 6297K(6464K)->6297K(6464K) NonClass: 5764K(5824K)->5764K(5824K) Class: 533K(640K)->533K(640K)
[1.355s][info][gc             ] GC(47) Pause Full (Ergonomics) 212M->208M(266M) 95.931ms
[1.355s][info][gc,cpu         ] GC(47) User=0.31s Sys=0.00s Real=0.10s
[1.363s][info][gc,start       ] GC(48) Pause Young (Allocation Failure)
[1.382s][info][gc,heap        ] GC(48) PSYoungGen: 20451K(37888K)->13632K(22016K) Eden: 8192K(8192K)->0K(8192K) From: 12259K(29696K)->13632K(13824K)
[1.383s][info][gc,heap        ] GC(48) ParOldGen: 200981K(235008K)->207989K(235008K)
[1.383s][info][gc,metaspace   ] GC(48) Metaspace: 6297K(6464K)->6297K(6464K) NonClass: 5764K(5824K)->5764K(5824K) Class: 533K(640K)->533K(640K)
[1.383s][info][gc             ] GC(48) Pause Young (Allocation Failure) 216M->216M(251M) 19.111ms
[1.383s][info][gc,cpu         ] GC(48) User=0.08s Sys=0.00s Real=0.02s
[1.391s][info][gc,start       ] GC(49) Pause Young (Allocation Failure)
[1.403s][info][gc,heap        ] GC(49) PSYoungGen: 21824K(22016K)->21792K(45056K) Eden: 8192K(8192K)->0K(9216K) From: 13632K(13824K)->21792K(35840K)
[1.403s][info][gc,heap        ] GC(49) ParOldGen: 207989K(235008K)->207989K(235008K)
[1.403s][info][gc,metaspace   ] GC(49) Metaspace: 6297K(6464K)->6297K(6464K) NonClass: 5764K(5824K)->5764K(5824K) Class: 533K(640K)->533K(640K)
[1.403s][info][gc             ] GC(49) Pause Young (Allocation Failure) 224M->224M(273M) 11.746ms
[1.403s][info][gc,cpu         ] GC(49) User=0.02s Sys=0.00s Real=0.01s
[1.413s][info][gc,start       ] GC(50) Pause Young (Allocation Failure)
[1.428s][info][gc,heap        ] GC(50) PSYoungGen: 31008K(45056K)->31040K(45056K) Eden: 9216K(9216K)->0K(9216K) From: 21792K(35840K)->31040K(35840K)
[1.428s][info][gc,heap        ] GC(50) ParOldGen: 207989K(235008K)->207989K(235008K)
[1.428s][info][gc,metaspace   ] GC(50) Metaspace: 6297K(6464K)->6297K(6464K) NonClass: 5764K(5824K)->5764K(5824K) Class: 533K(640K)->533K(640K)
[1.428s][info][gc             ] GC(50) Pause Young (Allocation Failure) 233M->233M(273M) 14.839ms
[1.428s][info][gc,cpu         ] GC(50) User=0.02s Sys=0.00s Real=0.01s
[1.438s][info][gc,start       ] GC(51) Pause Young (Allocation Failure)
[1.457s][info][gc,heap        ] GC(51) PSYoungGen: 40256K(45056K)->34848K(46080K) Eden: 9216K(9216K)->0K(6656K) From: 31040K(35840K)->34848K(39424K)
[1.457s][info][gc,heap        ] GC(51) ParOldGen: 207989K(235008K)->213445K(235008K)
[1.457s][info][gc,metaspace   ] GC(51) Metaspace: 6297K(6464K)->6297K(6464K) NonClass: 5764K(5824K)->5764K(5824K) Class: 533K(640K)->533K(640K)
[1.457s][info][gc             ] GC(51) Pause Young (Allocation Failure) 242M->242M(274M) 18.974ms
[1.457s][info][gc,cpu         ] GC(51) User=0.06s Sys=0.02s Real=0.02s
[1.464s][info][gc,start       ] GC(52) Pause Young (Allocation Failure)
[1.483s][info][gc,heap        ] GC(52) PSYoungGen: 41504K(46080K)->33344K(50176K) Eden: 6656K(6656K)->0K(6656K) From: 34848K(39424K)->33344K(43520K)
[1.483s][info][gc,heap        ] GC(52) ParOldGen: 213445K(235008K)->221749K(235008K)
[1.483s][info][gc,metaspace   ] GC(52) Metaspace: 6297K(6464K)->6297K(6464K) NonClass: 5764K(5824K)->5764K(5824K) Class: 533K(640K)->533K(640K)
[1.483s][info][gc             ] GC(52) Pause Young (Allocation Failure) 248M->249M(278M) 18.873ms
[1.483s][info][gc,cpu         ] GC(52) User=0.08s Sys=0.00s Real=0.02s
[1.483s][info][gc,start       ] GC(53) Pause Full (Ergonomics)
[1.483s][info][gc,phases,start] GC(53) Marking Phase
[1.550s][info][gc,phases      ] GC(53) Marking Phase 66.526ms
[1.550s][info][gc,phases,start] GC(53) Summary Phase
[1.550s][info][gc,phases      ] GC(53) Summary Phase 0.019ms
[1.550s][info][gc,phases,start] GC(53) Adjust Roots
[1.550s][info][gc,phases      ] GC(53) Adjust Roots 0.160ms
[1.550s][info][gc,phases,start] GC(53) Compaction Phase
[1.578s][info][gc,phases      ] GC(53) Compaction Phase 28.230ms
[1.578s][info][gc,phases,start] GC(53) Post Compact
[1.580s][info][gc,phases      ] GC(53) Post Compact 1.272ms
[1.580s][info][gc,heap        ] GC(53) PSYoungGen: 33344K(50176K)->19875K(50176K) Eden: 0K(6656K)->0K(6656K) From: 33344K(43520K)->19875K(43520K)
[1.580s][info][gc,heap        ] GC(53) ParOldGen: 221749K(235008K)->234684K(270336K)
[1.580s][info][gc,metaspace   ] GC(53) Metaspace: 6297K(6464K)->6297K(6464K) NonClass: 5764K(5824K)->5764K(5824K) Class: 533K(640K)->533K(640K)
[1.580s][info][gc             ] GC(53) Pause Full (Ergonomics) 249M->248M(313M) 96.706ms
[1.580s][info][gc,cpu         ] GC(53) User=0.44s Sys=0.02s Real=0.10s
[1.588s][info][gc,start       ] GC(54) Pause Young (Allocation Failure)
[1.611s][info][gc,heap        ] GC(54) PSYoungGen: 26531K(50176K)->16480K(50176K) Eden: 6656K(6656K)->0K(7680K) From: 19875K(43520K)->16480K(42496K)
[1.611s][info][gc,heap        ] GC(54) ParOldGen: 234684K(270336K)->244980K(270336K)
[1.611s][info][gc,metaspace   ] GC(54) Metaspace: 6297K(6464K)->6297K(6464K) NonClass: 5764K(5824K)->5764K(5824K) Class: 533K(640K)->533K(640K)
[1.611s][info][gc             ] GC(54) Pause Young (Allocation Failure) 255M->255M(313M) 23.340ms
[1.611s][info][gc,cpu         ] GC(54) User=0.08s Sys=0.02s Real=0.02s
[1.620s][info][gc,start       ] GC(55) Pause Young (Allocation Failure)
[1.632s][info][gc,heap        ] GC(55) PSYoungGen: 24160K(50176K)->18720K(26624K) Eden: 7680K(7680K)->0K(7680K) From: 16480K(42496K)->18720K(18944K)
[1.632s][info][gc,heap        ] GC(55) ParOldGen: 244980K(270336K)->250540K(270336K)
[1.632s][info][gc,metaspace   ] GC(55) Metaspace: 6297K(6464K)->6297K(6464K) NonClass: 5764K(5824K)->5764K(5824K) Class: 533K(640K)->533K(640K)
[1.632s][info][gc             ] GC(55) Pause Young (Allocation Failure) 262M->262M(290M) 12.046ms
[1.632s][info][gc,cpu         ] GC(55) User=0.02s Sys=0.00s Real=0.01s
[1.641s][info][gc,start       ] GC(56) Pause Young (Allocation Failure)
[1.654s][info][gc,heap        ] GC(56) PSYoungGen: 26400K(26624K)->22048K(48640K) Eden: 7680K(7680K)->0K(9216K) From: 18720K(18944K)->22048K(39424K)
[1.654s][info][gc,heap        ] GC(56) ParOldGen: 250540K(270336K)->254916K(270336K)
[1.654s][info][gc,metaspace   ] GC(56) Metaspace: 6297K(6464K)->6297K(6464K) NonClass: 5764K(5824K)->5764K(5824K) Class: 533K(640K)->533K(640K)
[1.654s][info][gc             ] GC(56) Pause Young (Allocation Failure) 270M->270M(311M) 13.300ms
[1.654s][info][gc,cpu         ] GC(56) User=0.02s Sys=0.00s Real=0.01s
[1.664s][info][gc,start       ] GC(57) Pause Young (Allocation Failure)
[1.680s][info][gc,heap        ] GC(57) PSYoungGen: 31264K(48640K)->16992K(50176K) Eden: 9216K(9216K)->0K(9216K) From: 22048K(39424K)->16992K(40960K)
[1.680s][info][gc,heap        ] GC(57) ParOldGen: 254916K(270336K)->269420K(270336K)
[1.680s][info][gc,metaspace   ] GC(57) Metaspace: 6297K(6464K)->6297K(6464K) NonClass: 5764K(5824K)->5764K(5824K) Class: 533K(640K)->533K(640K)
[1.680s][info][gc             ] GC(57) Pause Young (Allocation Failure) 279M->279M(313M) 16.102ms
[1.681s][info][gc,cpu         ] GC(57) User=0.00s Sys=0.00s Real=0.02s
[1.681s][info][gc,start       ] GC(58) Pause Full (Ergonomics)
[1.681s][info][gc,phases,start] GC(58) Marking Phase
[1.748s][info][gc,phases      ] GC(58) Marking Phase 67.125ms
[1.748s][info][gc,phases,start] GC(58) Summary Phase
[1.748s][info][gc,phases      ] GC(58) Summary Phase 0.018ms
[1.748s][info][gc,phases,start] GC(58) Adjust Roots
[1.748s][info][gc,phases      ] GC(58) Adjust Roots 0.146ms
[1.748s][info][gc,phases,start] GC(58) Compaction Phase
[1.777s][info][gc,phases      ] GC(58) Compaction Phase 28.614ms
[1.777s][info][gc,phases,start] GC(58) Post Compact
[1.778s][info][gc,phases      ] GC(58) Post Compact 1.292ms
[1.778s][info][gc,heap        ] GC(58) PSYoungGen: 16992K(50176K)->15809K(50176K) Eden: 0K(9216K)->0K(9216K) From: 16992K(40960K)->15809K(40960K)
[1.778s][info][gc,heap        ] GC(58) ParOldGen: 269420K(270336K)->269850K(310272K)
[1.778s][info][gc,metaspace   ] GC(58) Metaspace: 6297K(6464K)->6297K(6464K) NonClass: 5764K(5824K)->5764K(5824K) Class: 533K(640K)->533K(640K)
[1.778s][info][gc             ] GC(58) Pause Full (Ergonomics) 279M->278M(352M) 97.709ms
[1.778s][info][gc,cpu         ] GC(58) User=0.48s Sys=0.02s Real=0.10s
[1.789s][info][gc,start       ] GC(59) Pause Young (Allocation Failure)
[1.815s][info][gc,heap        ] GC(59) PSYoungGen: 25025K(50176K)->9376K(49152K) Eden: 9216K(9216K)->0K(10240K) From: 15809K(40960K)->9376K(38912K)
[1.815s][info][gc,heap        ] GC(59) ParOldGen: 269850K(310272K)->285914K(310272K)
[1.815s][info][gc,metaspace   ] GC(59) Metaspace: 6297K(6464K)->6297K(6464K) NonClass: 5764K(5824K)->5764K(5824K) Class: 533K(640K)->533K(640K)
[1.815s][info][gc             ] GC(59) Pause Young (Allocation Failure) 287M->288M(351M) 26.019ms
[1.815s][info][gc,cpu         ] GC(59) User=0.12s Sys=0.00s Real=0.03s
[1.826s][info][gc,start       ] GC(60) Pause Young (Allocation Failure)
[1.837s][info][gc,heap        ] GC(60) PSYoungGen: 19616K(49152K)->10368K(49664K) Eden: 10240K(10240K)->0K(10240K) From: 9376K(38912K)->10368K(39424K)
[1.837s][info][gc,heap        ] GC(60) ParOldGen: 285914K(310272K)->295258K(310272K)
[1.837s][info][gc,metaspace   ] GC(60) Metaspace: 6297K(6464K)->6297K(6464K) NonClass: 5764K(5824K)->5764K(5824K) Class: 533K(640K)->533K(640K)
[1.837s][info][gc             ] GC(60) Pause Young (Allocation Failure) 298M->298M(351M) 10.758ms
[1.837s][info][gc,cpu         ] GC(60) User=0.02s Sys=0.00s Real=0.01s
[1.837s][info][gc,start       ] GC(61) Pause Full (Ergonomics)
[1.837s][info][gc,phases,start] GC(61) Marking Phase
[1.903s][info][gc,phases      ] GC(61) Marking Phase 66.630ms
[1.904s][info][gc,phases,start] GC(61) Summary Phase
[1.904s][info][gc,phases      ] GC(61) Summary Phase 0.021ms
[1.904s][info][gc,phases,start] GC(61) Adjust Roots
[1.904s][info][gc,phases      ] GC(61) Adjust Roots 0.148ms
[1.904s][info][gc,phases,start] GC(61) Compaction Phase
[1.930s][info][gc,phases      ] GC(61) Compaction Phase 26.229ms
[1.930s][info][gc,phases,start] GC(61) Post Compact
[1.931s][info][gc,phases      ] GC(61) Post Compact 1.415ms
[1.932s][info][gc,heap        ] GC(61) PSYoungGen: 10368K(49664K)->0K(50688K) Eden: 0K(10240K)->0K(11776K) From: 10368K(39424K)->0K(38912K)
[1.932s][info][gc,heap        ] GC(61) ParOldGen: 295258K(310272K)->305053K(351232K)
[1.932s][info][gc,metaspace   ] GC(61) Metaspace: 6297K(6464K)->6297K(6464K) NonClass: 5764K(5824K)->5764K(5824K) Class: 533K(640K)->533K(640K)
[1.932s][info][gc             ] GC(61) Pause Full (Ergonomics) 298M->297M(392M) 94.910ms
[1.932s][info][gc,cpu         ] GC(61) User=0.59s Sys=0.00s Real=0.10s
[1.946s][info][gc,start       ] GC(62) Pause Young (Allocation Failure)
[1.953s][info][gc,heap        ] GC(62) PSYoungGen: 11776K(50688K)->11904K(50688K) Eden: 11776K(11776K)->0K(11776K) From: 0K(38912K)->11904K(38912K)
[1.953s][info][gc,heap        ] GC(62) ParOldGen: 305053K(351232K)->305053K(351232K)
[1.953s][info][gc,metaspace   ] GC(62) Metaspace: 6297K(6464K)->6297K(6464K) NonClass: 5764K(5824K)->5764K(5824K) Class: 533K(640K)->533K(640K)
[1.953s][info][gc             ] GC(62) Pause Young (Allocation Failure) 309M->309M(392M) 7.294ms
[1.953s][info][gc,cpu         ] GC(62) User=0.00s Sys=0.00s Real=0.01s
[1.966s][info][gc,start       ] GC(63) Pause Young (Allocation Failure)
[1.978s][info][gc,heap        ] GC(63) PSYoungGen: 23680K(50688K)->23680K(50688K) Eden: 11776K(11776K)->0K(12800K) From: 11904K(38912K)->23680K(37888K)
[1.978s][info][gc,heap        ] GC(63) ParOldGen: 305053K(351232K)->305053K(351232K)
[1.978s][info][gc,metaspace   ] GC(63) Metaspace: 6297K(6464K)->6297K(6464K) NonClass: 5764K(5824K)->5764K(5824K) Class: 533K(640K)->533K(640K)
[1.978s][info][gc             ] GC(63) Pause Young (Allocation Failure) 321M->321M(392M) 12.216ms
[1.978s][info][gc,cpu         ] GC(63) User=0.02s Sys=0.00s Real=0.01s
[1.994s][info][gc,start       ] GC(64) Pause Young (Allocation Failure)
[2.012s][info][gc,heap        ] GC(64) PSYoungGen: 36480K(50688K)->36448K(51200K) Eden: 12800K(12800K)->0K(12800K) From: 23680K(37888K)->36448K(38400K)
[2.012s][info][gc,heap        ] GC(64) ParOldGen: 305053K(351232K)->305053K(351232K)
[2.012s][info][gc,metaspace   ] GC(64) Metaspace: 6297K(6464K)->6297K(6464K) NonClass: 5764K(5824K)->5764K(5824K) Class: 533K(640K)->533K(640K)
[2.012s][info][gc             ] GC(64) Pause Young (Allocation Failure) 333M->333M(393M) 17.668ms
[2.012s][info][gc,cpu         ] GC(64) User=0.11s Sys=0.02s Real=0.02s
[2.095s][info][gc,start       ] GC(65) Pause Young (Allocation Failure)
[2.125s][info][gc,heap        ] GC(65) PSYoungGen: 49248K(51200K)->43008K(48640K) Eden: 12800K(12800K)->0K(5632K) From: 36448K(38400K)->43008K(43008K)
[2.125s][info][gc,heap        ] GC(65) ParOldGen: 321437K(351232K)->327661K(351232K)
[2.125s][info][gc,metaspace   ] GC(65) Metaspace: 6297K(6464K)->6297K(6464K) NonClass: 5764K(5824K)->5764K(5824K) Class: 533K(640K)->533K(640K)
[2.125s][info][gc             ] GC(65) Pause Young (Allocation Failure) 361M->361M(390M) 30.017ms
[2.125s][info][gc,cpu         ] GC(65) User=0.14s Sys=0.00s Real=0.03s
[2.131s][info][gc,start       ] GC(66) Pause Young (Allocation Failure)
[2.153s][info][gc,heap        ] GC(66) PSYoungGen: 48640K(48640K)->28288K(57344K) Eden: 5632K(5632K)->0K(5632K) From: 43008K(43008K)->28288K(51712K)
[2.153s][info][gc,heap        ] GC(66) ParOldGen: 327661K(351232K)->348397K(351232K)
[2.153s][info][gc,metaspace   ] GC(66) Metaspace: 6297K(6464K)->6297K(6464K) NonClass: 5764K(5824K)->5764K(5824K) Class: 533K(640K)->533K(640K)
[2.153s][info][gc             ] GC(66) Pause Young (Allocation Failure) 367M->367M(399M) 22.312ms
[2.153s][info][gc,cpu         ] GC(66) User=0.14s Sys=0.00s Real=0.02s
[2.153s][info][gc,start       ] GC(67) Pause Full (Ergonomics)
[2.153s][info][gc,phases,start] GC(67) Marking Phase
[2.233s][info][gc,phases      ] GC(67) Marking Phase 80.056ms
[2.233s][info][gc,phases,start] GC(67) Summary Phase
[2.233s][info][gc,phases      ] GC(67) Summary Phase 0.018ms
[2.233s][info][gc,phases,start] GC(67) Adjust Roots
[2.233s][info][gc,phases      ] GC(67) Adjust Roots 0.150ms
[2.233s][info][gc,phases,start] GC(67) Compaction Phase
[2.298s][info][gc,phases      ] GC(67) Compaction Phase 64.497ms
[2.298s][info][gc,phases,start] GC(67) Post Compact
[2.300s][info][gc,phases      ] GC(67) Post Compact 1.801ms
[2.300s][info][gc,heap        ] GC(67) PSYoungGen: 28288K(57344K)->16864K(57344K) Eden: 0K(5632K)->0K(5632K) From: 28288K(51712K)->16864K(51712K)
[2.300s][info][gc,heap        ] GC(67) ParOldGen: 348397K(351232K)->351010K(401920K)
[2.300s][info][gc,metaspace   ] GC(67) Metaspace: 6297K(6464K)->6297K(6464K) NonClass: 5764K(5824K)->5764K(5824K) Class: 533K(640K)->533K(640K)
[2.300s][info][gc             ] GC(67) Pause Full (Ergonomics) 367M->359M(448M) 147.036ms
[2.300s][info][gc,cpu         ] GC(67) User=0.81s Sys=0.00s Real=0.15s
[2.307s][info][gc,start       ] GC(68) Pause Young (Allocation Failure)
[2.333s][info][gc,heap        ] GC(68) PSYoungGen: 22496K(57344K)->16032K(54272K) Eden: 5632K(5632K)->0K(6656K) From: 16864K(51712K)->16032K(47616K)
[2.333s][info][gc,heap        ] GC(68) ParOldGen: 351010K(401920K)->357666K(401920K)
[2.333s][info][gc,metaspace   ] GC(68) Metaspace: 6297K(6464K)->6297K(6464K) NonClass: 5764K(5824K)->5764K(5824K) Class: 533K(640K)->533K(640K)
[2.333s][info][gc             ] GC(68) Pause Young (Allocation Failure) 364M->364M(445M) 25.330ms
[2.333s][info][gc,cpu         ] GC(68) User=0.12s Sys=0.00s Real=0.03s
[2.339s][info][gc,start       ] GC(69) Pause Young (Allocation Failure)
[2.350s][info][gc,heap        ] GC(69) PSYoungGen: 22688K(54272K)->22688K(29696K) Eden: 6656K(6656K)->0K(6656K) From: 16032K(47616K)->22688K(23040K)
[2.351s][info][gc,heap        ] GC(69) ParOldGen: 357666K(401920K)->357666K(401920K)
[2.351s][info][gc,metaspace   ] GC(69) Metaspace: 6297K(6464K)->6297K(6464K) NonClass: 5764K(5824K)->5764K(5824K) Class: 533K(640K)->533K(640K)
[2.351s][info][gc             ] GC(69) Pause Young (Allocation Failure) 371M->371M(421M) 11.359ms
[2.351s][info][gc,cpu         ] GC(69) User=0.00s Sys=0.00s Real=0.01s
[2.358s][info][gc,start       ] GC(70) Pause Young (Allocation Failure)
[2.372s][info][gc,heap        ] GC(70) PSYoungGen: 29344K(29696K)->22432K(50176K) Eden: 6656K(6656K)->0K(7680K) From: 22688K(23040K)->22432K(42496K)
[2.372s][info][gc,heap        ] GC(70) ParOldGen: 357666K(401920K)->364722K(401920K)
[2.372s][info][gc,metaspace   ] GC(70) Metaspace: 6297K(6464K)->6297K(6464K) NonClass: 5764K(5824K)->5764K(5824K) Class: 533K(640K)->533K(640K)
[2.372s][info][gc             ] GC(70) Pause Young (Allocation Failure) 377M->378M(441M) 14.261ms
[2.372s][info][gc,cpu         ] GC(70) User=0.00s Sys=0.02s Real=0.01s
[2.380s][info][gc,start       ] GC(71) Pause Young (Allocation Failure)
[2.395s][info][gc,heap        ] GC(71) PSYoungGen: 30112K(50176K)->26688K(52224K) Eden: 7680K(7680K)->0K(7680K) From: 22432K(42496K)->26688K(44544K)
[2.395s][info][gc,heap        ] GC(71) ParOldGen: 364722K(401920K)->368170K(401920K)
[2.395s][info][gc,metaspace   ] GC(71) Metaspace: 6297K(6464K)->6297K(6464K) NonClass: 5764K(5824K)->5764K(5824K) Class: 533K(640K)->533K(640K)
[2.395s][info][gc             ] GC(71) Pause Young (Allocation Failure) 385M->385M(443M) 14.400ms
[2.395s][info][gc,cpu         ] GC(71) User=0.02s Sys=0.00s Real=0.01s
[2.402s][info][gc,start       ] GC(72) Pause Young (Allocation Failure)
[2.419s][info][gc,heap        ] GC(72) PSYoungGen: 34368K(52224K)->22112K(49664K) Eden: 7680K(7680K)->0K(9216K) From: 26688K(44544K)->22112K(40448K)
[2.419s][info][gc,heap        ] GC(72) ParOldGen: 368170K(401920K)->380578K(401920K)
[2.419s][info][gc,metaspace   ] GC(72) Metaspace: 6297K(6464K)->6297K(6464K) NonClass: 5764K(5824K)->5764K(5824K) Class: 533K(640K)->533K(640K)
[2.419s][info][gc             ] GC(72) Pause Young (Allocation Failure) 393M->393M(441M) 17.231ms
[2.419s][info][gc,cpu         ] GC(72) User=0.12s Sys=0.00s Real=0.02s
[2.430s][info][gc,start       ] GC(73) Pause Young (Allocation Failure)
[2.446s][info][gc,heap        ] GC(73) PSYoungGen: 31328K(49664K)->16992K(51200K) Eden: 9216K(9216K)->0K(9216K) From: 22112K(40448K)->16992K(41984K)
[2.446s][info][gc,heap        ] GC(73) ParOldGen: 380578K(401920K)->395074K(401920K)
[2.446s][info][gc,metaspace   ] GC(73) Metaspace: 6297K(6464K)->6297K(6464K) NonClass: 5764K(5824K)->5764K(5824K) Class: 533K(640K)->533K(640K)
[2.446s][info][gc             ] GC(73) Pause Young (Allocation Failure) 402M->402M(442M) 16.258ms
[2.446s][info][gc,cpu         ] GC(73) User=0.02s Sys=0.00s Real=0.02s
[2.446s][info][gc,start       ] GC(74) Pause Full (Ergonomics)
[2.446s][info][gc,phases,start] GC(74) Marking Phase
[2.536s][info][gc,phases      ] GC(74) Marking Phase 89.785ms
[2.536s][info][gc,phases,start] GC(74) Summary Phase
[2.536s][info][gc,phases      ] GC(74) Summary Phase 0.019ms
[2.536s][info][gc,phases,start] GC(74) Adjust Roots
[2.536s][info][gc,phases      ] GC(74) Adjust Roots 0.151ms
[2.536s][info][gc,phases,start] GC(74) Compaction Phase
[2.581s][info][gc,phases      ] GC(74) Compaction Phase 44.408ms
[2.581s][info][gc,phases,start] GC(74) Post Compact
[2.583s][info][gc,phases      ] GC(74) Post Compact 1.962ms
[2.583s][info][gc,heap        ] GC(74) PSYoungGen: 16992K(51200K)->9678K(51200K) Eden: 0K(9216K)->0K(9216K) From: 16992K(41984K)->9678K(41984K)
[2.583s][info][gc,heap        ] GC(74) ParOldGen: 395074K(401920K)->401527K(455168K)
[2.583s][info][gc,metaspace   ] GC(74) Metaspace: 6297K(6464K)->6297K(6464K) NonClass: 5764K(5824K)->5764K(5824K) Class: 533K(640K)->533K(640K)
[2.583s][info][gc             ] GC(74) Pause Full (Ergonomics) 402M->401M(494M) 136.937ms
[2.583s][info][gc,cpu         ] GC(74) User=0.81s Sys=0.00s Real=0.14s
[2.592s][info][gc,start       ] GC(75) Pause Young (Allocation Failure)
[2.618s][info][gc,heap        ] GC(75) PSYoungGen: 18894K(51200K)->9344K(51200K) Eden: 9216K(9216K)->0K(10240K) From: 9678K(41984K)->9344K(40960K)
[2.618s][info][gc,heap        ] GC(75) ParOldGen: 401527K(455168K)->411359K(455168K)
[2.618s][info][gc,metaspace   ] GC(75) Metaspace: 6297K(6464K)->6297K(6464K) NonClass: 5764K(5824K)->5764K(5824K) Class: 533K(640K)->533K(640K)
[2.618s][info][gc             ] GC(75) Pause Young (Allocation Failure) 410M->410M(494M) 25.634ms
[2.618s][info][gc,cpu         ] GC(75) User=0.14s Sys=0.00s Real=0.03s
[2.628s][info][gc,start       ] GC(76) Pause Young (Allocation Failure)
[2.639s][info][gc,heap        ] GC(76) PSYoungGen: 19584K(51200K)->10336K(51712K) Eden: 10240K(10240K)->0K(10240K) From: 9344K(40960K)->10336K(41472K)
[2.640s][info][gc,heap        ] GC(76) ParOldGen: 411359K(455168K)->420719K(455168K)
[2.640s][info][gc,metaspace   ] GC(76) Metaspace: 6297K(6464K)->6297K(6464K) NonClass: 5764K(5824K)->5764K(5824K) Class: 533K(640K)->533K(640K)
[2.640s][info][gc             ] GC(76) Pause Young (Allocation Failure) 420M->420M(495M) 11.131ms
[2.640s][info][gc,cpu         ] GC(76) User=0.02s Sys=0.00s Real=0.01s
[2.650s][info][gc,start       ] GC(77) Pause Young (Allocation Failure)
[2.661s][info][gc,heap        ] GC(77) PSYoungGen: 20576K(51712K)->10368K(52736K) Eden: 10240K(10240K)->0K(11776K) From: 10336K(41472K)->10368K(40960K)
[2.661s][info][gc,heap        ] GC(77) ParOldGen: 420719K(455168K)->431111K(455168K)
[2.661s][info][gc,metaspace   ] GC(77) Metaspace: 6297K(6464K)->6297K(6464K) NonClass: 5764K(5824K)->5764K(5824K) Class: 533K(640K)->533K(640K)
[2.661s][info][gc             ] GC(77) Pause Young (Allocation Failure) 430M->431M(496M) 11.534ms
[2.661s][info][gc,cpu         ] GC(77) User=0.00s Sys=0.00s Real=0.01s
[2.673s][info][gc,start       ] GC(78) Pause Young (Allocation Failure)
[2.686s][info][gc,heap        ] GC(78) PSYoungGen: 22144K(52736K)->11904K(52736K) Eden: 11776K(11776K)->0K(11776K) From: 10368K(40960K)->11904K(40960K)
[2.686s][info][gc,heap        ] GC(78) ParOldGen: 431111K(455168K)->441495K(455168K)
[2.686s][info][gc,metaspace   ] GC(78) Metaspace: 6297K(6464K)->6297K(6464K) NonClass: 5764K(5824K)->5764K(5824K) Class: 533K(640K)->533K(640K)
[2.686s][info][gc             ] GC(78) Pause Young (Allocation Failure) 442M->442M(496M) 12.347ms
[2.686s][info][gc,cpu         ] GC(78) User=0.02s Sys=0.00s Real=0.01s
[2.686s][info][gc,start       ] GC(79) Pause Full (Ergonomics)
[2.686s][info][gc,phases,start] GC(79) Marking Phase
[2.780s][info][gc,phases      ] GC(79) Marking Phase 94.491ms
[2.780s][info][gc,phases,start] GC(79) Summary Phase
[2.780s][info][gc,phases      ] GC(79) Summary Phase 0.022ms
[2.780s][info][gc,phases,start] GC(79) Adjust Roots
[2.780s][info][gc,phases      ] GC(79) Adjust Roots 0.149ms
[2.781s][info][gc,phases,start] GC(79) Compaction Phase
[2.826s][info][gc,phases      ] GC(79) Compaction Phase 45.062ms
[2.826s][info][gc,phases,start] GC(79) Post Compact
[2.828s][info][gc,phases      ] GC(79) Post Compact 2.276ms
[2.828s][info][gc,heap        ] GC(79) PSYoungGen: 11904K(52736K)->0K(53248K) Eden: 0K(11776K)->0K(13312K) From: 11904K(40960K)->0K(39936K)
[2.828s][info][gc,heap        ] GC(79) ParOldGen: 441495K(455168K)->452553K(508928K)
[2.828s][info][gc,metaspace   ] GC(79) Metaspace: 6297K(6464K)->6297K(6464K) NonClass: 5764K(5824K)->5764K(5824K) Class: 533K(640K)->533K(640K)
[2.828s][info][gc             ] GC(79) Pause Full (Ergonomics) 442M->441M(549M) 142.549ms
[2.828s][info][gc,cpu         ] GC(79) User=0.89s Sys=0.00s Real=0.14s
[2.842s][info][gc,start       ] GC(80) Pause Young (Allocation Failure)
[2.852s][info][gc,heap        ] GC(80) PSYoungGen: 13312K(53248K)->13440K(53248K) Eden: 13312K(13312K)->0K(13312K) From: 0K(39936K)->13440K(39936K)
[2.852s][info][gc,heap        ] GC(80) ParOldGen: 452553K(508928K)->452553K(508928K)
[2.852s][info][gc,metaspace   ] GC(80) Metaspace: 6297K(6464K)->6297K(6464K) NonClass: 5764K(5824K)->5764K(5824K) Class: 533K(640K)->533K(640K)
[2.852s][info][gc             ] GC(80) Pause Young (Allocation Failure) 454M->455M(549M) 9.595ms
[2.852s][info][gc,cpu         ] GC(80) User=0.02s Sys=0.00s Real=0.01s
[2.867s][info][gc,start       ] GC(81) Pause Young (Allocation Failure)
[2.881s][info][gc,heap        ] GC(81) PSYoungGen: 26752K(53248K)->26720K(51712K) Eden: 13312K(13312K)->0K(13312K) From: 13440K(39936K)->26720K(38400K)
[2.881s][info][gc,heap        ] GC(81) ParOldGen: 452553K(508928K)->452553K(508928K)
[2.881s][info][gc,metaspace   ] GC(81) Metaspace: 6297K(6464K)->6297K(6464K) NonClass: 5764K(5824K)->5764K(5824K) Class: 533K(640K)->533K(640K)
[2.881s][info][gc             ] GC(81) Pause Young (Allocation Failure) 468M->468M(547M) 14.383ms
[2.881s][info][gc,cpu         ] GC(81) User=0.00s Sys=0.00s Real=0.02s
[2.896s][info][gc,start       ] GC(82) Pause Young (Allocation Failure)
[2.916s][info][gc,heap        ] GC(82) PSYoungGen: 40032K(51712K)->39936K(53248K) Eden: 13312K(13312K)->0K(13312K) From: 26720K(38400K)->39936K(39936K)
[2.916s][info][gc,heap        ] GC(82) ParOldGen: 452553K(508928K)->452649K(508928K)
[2.916s][info][gc,metaspace   ] GC(82) Metaspace: 6297K(6464K)->6297K(6464K) NonClass: 5764K(5824K)->5764K(5824K) Class: 533K(640K)->533K(640K)
[2.916s][info][gc             ] GC(82) Pause Young (Allocation Failure) 481M->481M(549M) 19.766ms
[2.916s][info][gc,cpu         ] GC(82) User=0.14s Sys=0.00s Real=0.02s
[2.929s][info][gc,start       ] GC(83) Pause Young (Allocation Failure)
[2.955s][info][gc,heap        ] GC(83) PSYoungGen: 53248K(53248K)->26752K(60416K) Eden: 13312K(13312K)->0K(14848K) From: 39936K(39936K)->26752K(45568K)
[2.955s][info][gc,heap        ] GC(83) ParOldGen: 452649K(508928K)->479537K(508928K)
[2.955s][info][gc,metaspace   ] GC(83) Metaspace: 6297K(6464K)->6297K(6464K) NonClass: 5764K(5824K)->5764K(5824K) Class: 533K(640K)->533K(640K)
[2.955s][info][gc             ] GC(83) Pause Young (Allocation Failure) 494M->494M(556M) 25.987ms
[2.955s][info][gc,cpu         ] GC(83) User=0.23s Sys=0.02s Real=0.03s
[2.972s][info][gc,start       ] GC(84) Pause Young (Allocation Failure)
[2.993s][info][gc,heap        ] GC(84) PSYoungGen: 41600K(60416K)->28288K(60416K) Eden: 14848K(14848K)->0K(14848K) From: 26752K(45568K)->28288K(45568K)
[2.993s][info][gc,heap        ] GC(84) ParOldGen: 479537K(508928K)->493001K(508928K)
[2.993s][info][gc,metaspace   ] GC(84) Metaspace: 6297K(6464K)->6297K(6464K) NonClass: 5764K(5824K)->5764K(5824K) Class: 533K(640K)->533K(640K)
[2.993s][info][gc             ] GC(84) Pause Young (Allocation Failure) 508M->509M(556M) 21.346ms
[2.993s][info][gc,cpu         ] GC(84) User=0.12s Sys=0.00s Real=0.02s
[2.993s][info][gc,start       ] GC(85) Pause Full (Ergonomics)
[2.993s][info][gc,phases,start] GC(85) Marking Phase
[3.107s][info][gc,phases      ] GC(85) Marking Phase 113.601ms
[3.107s][info][gc,phases,start] GC(85) Summary Phase
[3.107s][info][gc,phases      ] GC(85) Summary Phase 0.020ms
[3.107s][info][gc,phases,start] GC(85) Adjust Roots
[3.107s][info][gc,phases      ] GC(85) Adjust Roots 0.158ms
[3.107s][info][gc,phases,start] GC(85) Compaction Phase
[3.157s][info][gc,phases      ] GC(85) Compaction Phase 50.056ms
[3.157s][info][gc,phases,start] GC(85) Post Compact
[3.160s][info][gc,phases      ] GC(85) Post Compact 2.686ms
[3.160s][info][gc,heap        ] GC(85) PSYoungGen: 28288K(60416K)->11745K(60416K) Eden: 0K(14848K)->0K(14848K) From: 28288K(45568K)->11745K(45568K)
[3.160s][info][gc,heap        ] GC(85) ParOldGen: 493001K(508928K)->508746K(574976K)
[3.160s][info][gc,metaspace   ] GC(85) Metaspace: 6297K(6464K)->6297K(6464K) NonClass: 5764K(5824K)->5764K(5824K) Class: 533K(640K)->533K(640K)
[3.160s][info][gc             ] GC(85) Pause Full (Ergonomics) 509M->508M(620M) 167.104ms
[3.160s][info][gc,cpu         ] GC(85) User=1.14s Sys=0.02s Real=0.17s
[3.176s][info][gc,start       ] GC(86) Pause Young (Allocation Failure)
[3.210s][info][gc,heap        ] GC(86) PSYoungGen: 26593K(60416K)->20800K(57344K) Eden: 14848K(14848K)->0K(16384K) From: 11745K(45568K)->20800K(40960K)
[3.210s][info][gc,heap        ] GC(86) ParOldGen: 508746K(574976K)->514746K(574976K)
[3.210s][info][gc,metaspace   ] GC(86) Metaspace: 6297K(6464K)->6297K(6464K) NonClass: 5764K(5824K)->5764K(5824K) Class: 533K(640K)->533K(640K)
[3.210s][info][gc             ] GC(86) Pause Young (Allocation Failure) 522M->522M(617M) 34.435ms
[3.210s][info][gc,cpu         ] GC(86) User=0.16s Sys=0.00s Real=0.04s
[3.228s][info][gc,start       ] GC(87) Pause Young (Allocation Failure)
[3.248s][info][gc,heap        ] GC(87) PSYoungGen: 37184K(57344K)->37216K(59904K) Eden: 16384K(16384K)->0K(16384K) From: 20800K(40960K)->37216K(43520K)
[3.248s][info][gc,heap        ] GC(87) ParOldGen: 514746K(574976K)->514746K(574976K)
[3.248s][info][gc,metaspace   ] GC(87) Metaspace: 6297K(6464K)->6297K(6464K) NonClass: 5764K(5824K)->5764K(5824K) Class: 533K(640K)->533K(640K)
[3.248s][info][gc             ] GC(87) Pause Young (Allocation Failure) 538M->539M(620M) 19.700ms
[3.248s][info][gc,cpu         ] GC(87) User=0.12s Sys=0.00s Real=0.02s
[3.266s][info][gc,start       ] GC(88) Pause Young (Allocation Failure)
[3.293s][info][gc,heap        ] GC(88) PSYoungGen: 53600K(59904K)->47104K(56832K) Eden: 16384K(16384K)->0K(9728K) From: 37216K(43520K)->47104K(47104K)
[3.293s][info][gc,heap        ] GC(88) ParOldGen: 514746K(574976K)->521218K(574976K)
[3.293s][info][gc,metaspace   ] GC(88) Metaspace: 6297K(6464K)->6297K(6464K) NonClass: 5764K(5824K)->5764K(5824K) Class: 533K(640K)->533K(640K)
[3.293s][info][gc             ] GC(88) Pause Young (Allocation Failure) 555M->555M(617M) 26.707ms
[3.293s][info][gc,cpu         ] GC(88) User=0.11s Sys=0.03s Real=0.03s
[3.304s][info][gc,start       ] GC(89) Pause Young (Allocation Failure)
[3.330s][info][gc,heap        ] GC(89) PSYoungGen: 56832K(56832K)->39360K(65536K) Eden: 9728K(9728K)->0K(9728K) From: 47104K(47104K)->39360K(55808K)
[3.330s][info][gc,heap        ] GC(89) ParOldGen: 521218K(574976K)->539050K(574976K)
[3.330s][info][gc,metaspace   ] GC(89) Metaspace: 6297K(6464K)->6297K(6464K) NonClass: 5764K(5824K)->5764K(5824K) Class: 533K(640K)->533K(640K)
[3.330s][info][gc             ] GC(89) Pause Young (Allocation Failure) 564M->564M(625M) 26.567ms
[3.330s][info][gc,cpu         ] GC(89) User=0.14s Sys=0.00s Real=0.03s
[3.341s][info][gc,start       ] GC(90) Pause Young (Allocation Failure)
[3.365s][info][gc,heap        ] GC(90) PSYoungGen: 49088K(65536K)->33696K(67584K) Eden: 9728K(9728K)->0K(11264K) From: 39360K(55808K)->33696K(56320K)
[3.365s][info][gc,heap        ] GC(90) ParOldGen: 539050K(574976K)->554650K(574976K)
[3.365s][info][gc,metaspace   ] GC(90) Metaspace: 6297K(6464K)->6297K(6464K) NonClass: 5764K(5824K)->5764K(5824K) Class: 533K(640K)->533K(640K)
[3.365s][info][gc             ] GC(90) Pause Young (Allocation Failure) 574M->574M(627M) 23.584ms
[3.365s][info][gc,cpu         ] GC(90) User=0.12s Sys=0.00s Real=0.02s
[3.365s][info][gc,start       ] GC(91) Pause Full (Ergonomics)
[3.365s][info][gc,phases,start] GC(91) Marking Phase
[3.497s][info][gc,phases      ] GC(91) Marking Phase 132.532ms
[3.497s][info][gc,phases,start] GC(91) Summary Phase
[3.497s][info][gc,phases      ] GC(91) Summary Phase 0.023ms
[3.497s][info][gc,phases,start] GC(91) Adjust Roots
[3.498s][info][gc,phases      ] GC(91) Adjust Roots 0.174ms
[3.498s][info][gc,phases,start] GC(91) Compaction Phase
[3.552s][info][gc,phases      ] GC(91) Compaction Phase 54.031ms
[3.552s][info][gc,phases,start] GC(91) Post Compact
[3.553s][info][gc,phases      ] GC(91) Post Compact 0.960ms
[3.553s][info][gc,heap        ] GC(91) PSYoungGen: 33696K(67584K)->12531K(68096K) Eden: 0K(11264K)->0K(11776K) From: 33696K(56320K)->12531K(56320K)
[3.553s][info][gc,heap        ] GC(91) ParOldGen: 554650K(574976K)->574870K(646144K)
[3.553s][info][gc,metaspace   ] GC(91) Metaspace: 6297K(6464K)->6297K(6464K) NonClass: 5764K(5824K)->5764K(5824K) Class: 533K(640K)->533K(640K)
[3.553s][info][gc             ] GC(91) Pause Full (Ergonomics) 574M->573M(697M) 188.319ms
[3.553s][info][gc,cpu         ] GC(91) User=1.39s Sys=0.03s Real=0.19s
[3.566s][info][gc,start       ] GC(92) Pause Young (Allocation Failure)
[3.603s][info][gc,heap        ] GC(92) PSYoungGen: 24307K(68096K)->15680K(68608K) Eden: 11776K(11776K)->0K(11776K) From: 12531K(56320K)->15680K(56832K)
[3.603s][info][gc,heap        ] GC(92) ParOldGen: 574870K(646144K)->583750K(646144K)
[3.603s][info][gc,metaspace   ] GC(92) Metaspace: 6297K(6464K)->6297K(6464K) NonClass: 5764K(5824K)->5764K(5824K) Class: 533K(640K)->533K(640K)
[3.603s][info][gc             ] GC(92) Pause Young (Allocation Failure) 585M->585M(698M) 36.790ms
[3.603s][info][gc,cpu         ] GC(92) User=0.17s Sys=0.00s Real=0.04s
[3.616s][info][gc,start       ] GC(93) Pause Young (Allocation Failure)
[3.632s][info][gc,heap        ] GC(93) PSYoungGen: 27456K(68608K)->23680K(64512K) Eden: 11776K(11776K)->0K(13312K) From: 15680K(56832K)->23680K(51200K)
[3.632s][info][gc,heap        ] GC(93) ParOldGen: 583750K(646144K)->587622K(646144K)
[3.632s][info][gc,metaspace   ] GC(93) Metaspace: 6297K(6464K)->6297K(6464K) NonClass: 5764K(5824K)->5764K(5824K) Class: 533K(640K)->533K(640K)
[3.632s][info][gc             ] GC(93) Pause Young (Allocation Failure) 596M->596M(694M) 15.664ms
[3.632s][info][gc,cpu         ] GC(93) User=0.02s Sys=0.00s Real=0.02s
[3.648s][info][gc,start       ] GC(94) Pause Young (Allocation Failure)
[3.668s][info][gc,heap        ] GC(94) PSYoungGen: 36992K(64512K)->25184K(38912K) Eden: 13312K(13312K)->0K(13312K) From: 23680K(51200K)->25184K(25600K)
[3.668s][info][gc,heap        ] GC(94) ParOldGen: 587622K(646144K)->599558K(646144K)
[3.668s][info][gc,metaspace   ] GC(94) Metaspace: 6297K(6464K)->6297K(6464K) NonClass: 5764K(5824K)->5764K(5824K) Class: 533K(640K)->533K(640K)
[3.668s][info][gc             ] GC(94) Pause Young (Allocation Failure) 609M->610M(669M) 19.975ms
[3.668s][info][gc,cpu         ] GC(94) User=0.08s Sys=0.05s Real=0.02s
[3.684s][info][gc,start       ] GC(95) Pause Young (Allocation Failure)
[3.705s][info][gc,heap        ] GC(95) PSYoungGen: 38496K(38912K)->26720K(62464K) Eden: 13312K(13312K)->0K(15360K) From: 25184K(25600K)->26720K(47104K)
[3.705s][info][gc,heap        ] GC(95) ParOldGen: 599558K(646144K)->611494K(646144K)
[3.705s][info][gc,metaspace   ] GC(95) Metaspace: 6297K(6464K)->6297K(6464K) NonClass: 5764K(5824K)->5764K(5824K) Class: 533K(640K)->533K(640K)
[3.705s][info][gc             ] GC(95) Pause Young (Allocation Failure) 623M->623M(692M) 21.348ms
[3.705s][info][gc,cpu         ] GC(95) User=0.12s Sys=0.00s Real=0.02s
[3.724s][info][gc,start       ] GC(96) Pause Young (Allocation Failure)
[3.746s][info][gc,heap        ] GC(96) PSYoungGen: 42080K(62464K)->28800K(64512K) Eden: 15360K(15360K)->0K(15360K) From: 26720K(47104K)->28800K(49152K)
[3.746s][info][gc,heap        ] GC(96) ParOldGen: 611494K(646144K)->624998K(646144K)
[3.746s][info][gc,metaspace   ] GC(96) Metaspace: 6297K(6464K)->6297K(6464K) NonClass: 5764K(5824K)->5764K(5824K) Class: 533K(640K)->533K(640K)
[3.746s][info][gc             ] GC(96) Pause Young (Allocation Failure) 638M->638M(694M) 22.697ms
[3.747s][info][gc,cpu         ] GC(96) User=0.14s Sys=0.00s Real=0.02s
[3.747s][info][gc,start       ] GC(97) Pause Full (Ergonomics)
[3.747s][info][gc,phases,start] GC(97) Marking Phase
[3.887s][info][gc,phases      ] GC(97) Marking Phase 140.758ms
[3.887s][info][gc,phases,start] GC(97) Summary Phase
[3.887s][info][gc,phases      ] GC(97) Summary Phase 0.029ms
[3.887s][info][gc,phases,start] GC(97) Adjust Roots
[3.888s][info][gc,phases      ] GC(97) Adjust Roots 0.158ms
[3.888s][info][gc,phases,start] GC(97) Compaction Phase
[3.943s][info][gc,phases      ] GC(97) Compaction Phase 55.609ms
[3.943s][info][gc,phases,start] GC(97) Post Compact
[3.944s][info][gc,phases      ] GC(97) Post Compact 0.955ms
[3.945s][info][gc,heap        ] GC(97) PSYoungGen: 28800K(64512K)->7149K(64512K) Eden: 0K(15360K)->0K(15360K) From: 28800K(49152K)->7149K(49152K)
[3.945s][info][gc,heap        ] GC(97) ParOldGen: 624998K(646144K)->645639K(719872K)
[3.945s][info][gc,metaspace   ] GC(97) Metaspace: 6297K(6464K)->6297K(6464K) NonClass: 5764K(5824K)->5764K(5824K) Class: 533K(640K)->533K(640K)
[3.945s][info][gc             ] GC(97) Pause Full (Ergonomics) 638M->637M(766M) 198.028ms
[3.945s][info][gc,cpu         ] GC(97) User=1.50s Sys=0.00s Real=0.20s
[3.962s][info][gc,start       ] GC(98) Pause Young (Allocation Failure)
[4.002s][info][gc,heap        ] GC(98) PSYoungGen: 22509K(64512K)->19712K(61952K) Eden: 15360K(15360K)->0K(16896K) From: 7149K(49152K)->19712K(45056K)
[4.002s][info][gc,heap        ] GC(98) ParOldGen: 645639K(719872K)->648663K(719872K)
[4.002s][info][gc,metaspace   ] GC(98) Metaspace: 6297K(6464K)->6297K(6464K) NonClass: 5764K(5824K)->5764K(5824K) Class: 533K(640K)->533K(640K)
[4.002s][info][gc             ] GC(98) Pause Young (Allocation Failure) 652M->652M(763M) 40.376ms
[4.002s][info][gc,cpu         ] GC(98) User=0.25s Sys=0.00s Real=0.04s
[4.023s][info][gc,start       ] GC(99) Pause Young (Allocation Failure)
[4.043s][info][gc,heap        ] GC(99) PSYoungGen: 36608K(61952K)->36608K(63488K) Eden: 16896K(16896K)->0K(16896K) From: 19712K(45056K)->36608K(46592K)
[4.043s][info][gc,heap        ] GC(99) ParOldGen: 648663K(719872K)->648663K(719872K)
[4.043s][info][gc,metaspace   ] GC(99) Metaspace: 6297K(6464K)->6297K(6464K) NonClass: 5764K(5824K)->5764K(5824K) Class: 533K(640K)->533K(640K)
[4.044s][info][gc             ] GC(99) Pause Young (Allocation Failure) 669M->669M(765M) 20.704ms
[4.044s][info][gc,cpu         ] GC(99) User=0.25s Sys=0.00s Real=0.02s
[4.065s][info][gc,start       ] GC(100) Pause Young (Allocation Failure)
[4.093s][info][gc,heap        ] GC(100) PSYoungGen: 53504K(63488K)->48640K(59904K) Eden: 16896K(16896K)->0K(11264K) From: 36608K(46592K)->48640K(48640K)
[4.093s][info][gc,heap        ] GC(100) ParOldGen: 648663K(719872K)->653479K(719872K)
[4.093s][info][gc,metaspace   ] GC(100) Metaspace: 6297K(6464K)->6297K(6464K) NonClass: 5764K(5824K)->5764K(5824K) Class: 533K(640K)->533K(640K)
[4.093s][info][gc             ] GC(100) Pause Young (Allocation Failure) 685M->685M(761M) 27.335ms
[4.093s][info][gc,cpu         ] GC(100) User=0.14s Sys=0.00s Real=0.03s
[4.278s][info][gc,start       ] GC(101) Pause Young (Allocation Failure)
[4.322s][info][gc,heap        ] GC(101) PSYoungGen: 59904K(59904K)->42720K(67584K) Eden: 11264K(11264K)->0K(11264K) From: 48640K(48640K)->42720K(56320K)
[4.322s][info][gc,heap        ] GC(101) ParOldGen: 686247K(719872K)->703751K(719872K)
[4.322s][info][gc,metaspace   ] GC(101) Metaspace: 6297K(6464K)->6297K(6464K) NonClass: 5764K(5824K)->5764K(5824K) Class: 533K(640K)->533K(640K)
[4.322s][info][gc             ] GC(101) Pause Young (Allocation Failure) 728M->728M(769M) 44.662ms
[4.322s][info][gc,cpu         ] GC(101) User=0.23s Sys=0.02s Real=0.04s
[4.322s][info][gc,start       ] GC(102) Pause Full (Ergonomics)
[4.322s][info][gc,phases,start] GC(102) Marking Phase
[4.490s][info][gc,phases      ] GC(102) Marking Phase 167.845ms
[4.490s][info][gc,phases,start] GC(102) Summary Phase
[4.490s][info][gc,phases      ] GC(102) Summary Phase 0.025ms
[4.490s][info][gc,phases,start] GC(102) Adjust Roots
[4.491s][info][gc,phases      ] GC(102) Adjust Roots 0.214ms
[4.491s][info][gc,phases,start] GC(102) Compaction Phase
[4.612s][info][gc,phases      ] GC(102) Compaction Phase 121.018ms
[4.612s][info][gc,phases,start] GC(102) Post Compact
[4.613s][info][gc,phases      ] GC(102) Post Compact 1.649ms
[4.614s][info][gc,heap        ] GC(102) PSYoungGen: 42720K(67584K)->9826K(67584K) Eden: 0K(11264K)->0K(11264K) From: 42720K(56320K)->9826K(56320K)
[4.614s][info][gc,heap        ] GC(102) ParOldGen: 703751K(719872K)->719630K(800768K)
[4.614s][info][gc,metaspace   ] GC(102) Metaspace: 6297K(6464K)->6297K(6464K) NonClass: 5764K(5824K)->5764K(5824K) Class: 533K(640K)->533K(640K)
[4.614s][info][gc             ] GC(102) Pause Full (Ergonomics) 728M->712M(848M) 291.392ms
[4.614s][info][gc,cpu         ] GC(102) User=1.98s Sys=0.02s Real=0.29s
[4.627s][info][gc,start       ] GC(103) Pause Young (Allocation Failure)
[4.668s][info][gc,heap        ] GC(103) PSYoungGen: 21090K(67584K)->21248K(69120K) Eden: 11264K(11264K)->0K(12800K) From: 9826K(56320K)->21248K(56320K)
[4.668s][info][gc,heap        ] GC(103) ParOldGen: 719630K(800768K)->719630K(800768K)
[4.668s][info][gc,metaspace   ] GC(103) Metaspace: 6297K(6464K)->6297K(6464K) NonClass: 5764K(5824K)->5764K(5824K) Class: 533K(640K)->533K(640K)
[4.668s][info][gc             ] GC(103) Pause Young (Allocation Failure) 723M->723M(849M) 40.338ms
[4.668s][info][gc,cpu         ] GC(103) User=0.17s Sys=0.00s Real=0.04s
[4.681s][info][gc,start       ] GC(104) Pause Young (Allocation Failure)
[4.701s][info][gc,heap        ] GC(104) PSYoungGen: 34048K(69120K)->34048K(70144K) Eden: 12800K(12800K)->0K(12800K) From: 21248K(56320K)->34048K(57344K)
[4.701s][info][gc,heap        ] GC(104) ParOldGen: 719630K(800768K)->719630K(800768K)
[4.701s][info][gc,metaspace   ] GC(104) Metaspace: 6297K(6464K)->6297K(6464K) NonClass: 5764K(5824K)->5764K(5824K) Class: 533K(640K)->533K(640K)
[4.701s][info][gc             ] GC(104) Pause Young (Allocation Failure) 736M->736M(850M) 20.140ms
[4.701s][info][gc,cpu         ] GC(104) User=0.03s Sys=0.00s Real=0.02s
[4.714s][info][gc,start       ] GC(105) Pause Young (Allocation Failure)
[4.737s][info][gc,heap        ] GC(105) PSYoungGen: 46848K(70144K)->46816K(67584K) Eden: 12800K(12800K)->0K(11264K) From: 34048K(57344K)->46816K(56320K)
[4.737s][info][gc,heap        ] GC(105) ParOldGen: 719630K(800768K)->719630K(800768K)
[4.737s][info][gc,metaspace   ] GC(105) Metaspace: 6297K(6464K)->6297K(6464K) NonClass: 5764K(5824K)->5764K(5824K) Class: 533K(640K)->533K(640K)
[4.737s][info][gc             ] GC(105) Pause Young (Allocation Failure) 748M->748M(848M) 23.454ms
[4.737s][info][gc,cpu         ] GC(105) User=0.03s Sys=0.00s Real=0.02s
[4.749s][info][gc,start       ] GC(106) Pause Young (Allocation Failure)
[4.776s][info][gc,heap        ] GC(106) PSYoungGen: 58080K(67584K)->52352K(70656K) Eden: 11264K(11264K)->0K(11264K) From: 46816K(56320K)->52352K(59392K)
[4.777s][info][gc,heap        ] GC(106) ParOldGen: 719630K(800768K)->725390K(800768K)
[4.777s][info][gc,metaspace   ] GC(106) Metaspace: 6297K(6464K)->6297K(6464K) NonClass: 5764K(5824K)->5764K(5824K) Class: 533K(640K)->533K(640K)
[4.777s][info][gc             ] GC(106) Pause Young (Allocation Failure) 759M->759M(851M) 27.338ms
[4.777s][info][gc,cpu         ] GC(106) User=0.14s Sys=0.00s Real=0.03s
[4.788s][info][gc,start       ] GC(107) Pause Young (Allocation Failure)
[4.818s][info][gc,heap        ] GC(107) PSYoungGen: 63616K(70656K)->62048K(70144K) Eden: 11264K(11264K)->0K(5632K) From: 52352K(59392K)->62048K(64512K)
[4.818s][info][gc,heap        ] GC(107) ParOldGen: 725390K(800768K)->727054K(800768K)
[4.818s][info][gc,metaspace   ] GC(107) Metaspace: 6297K(6464K)->6297K(6464K) NonClass: 5764K(5824K)->5764K(5824K) Class: 533K(640K)->533K(640K)
[4.818s][info][gc             ] GC(107) Pause Young (Allocation Failure) 770M->770M(850M) 29.787ms
[4.818s][info][gc,cpu         ] GC(107) User=0.25s Sys=0.00s Real=0.03s
[4.824s][info][gc,start       ] GC(108) Pause Young (Allocation Failure)
[4.854s][info][gc,heap        ] GC(108) PSYoungGen: 67680K(70144K)->53856K(77312K) Eden: 5632K(5632K)->0K(5632K) From: 62048K(64512K)->53856K(71680K)
[4.854s][info][gc,heap        ] GC(108) ParOldGen: 727054K(800768K)->741046K(800768K)
[4.854s][info][gc,metaspace   ] GC(108) Metaspace: 6297K(6464K)->6297K(6464K) NonClass: 5764K(5824K)->5764K(5824K) Class: 533K(640K)->533K(640K)
[4.854s][info][gc             ] GC(108) Pause Young (Allocation Failure) 776M->776M(857M) 30.672ms
[4.854s][info][gc,cpu         ] GC(108) User=0.14s Sys=0.00s Real=0.03s
[4.860s][info][gc,start       ] GC(109) Pause Young (Allocation Failure)
[4.888s][info][gc,heap        ] GC(109) PSYoungGen: 59488K(77312K)->33888K(76800K) Eden: 5632K(5632K)->0K(7168K) From: 53856K(71680K)->33888K(69632K)
[4.888s][info][gc,heap        ] GC(109) ParOldGen: 741046K(800768K)->766958K(800768K)
[4.888s][info][gc,metaspace   ] GC(109) Metaspace: 6297K(6464K)->6297K(6464K) NonClass: 5764K(5824K)->5764K(5824K) Class: 533K(640K)->533K(640K)
[4.888s][info][gc             ] GC(109) Pause Young (Allocation Failure) 781M->782M(857M) 27.677ms
[4.888s][info][gc,cpu         ] GC(109) User=0.09s Sys=0.05s Real=0.03s
[4.895s][info][gc,start       ] GC(110) Pause Young (Allocation Failure)
[4.916s][info][gc,heap        ] GC(110) PSYoungGen: 41056K(76800K)->18528K(78848K) Eden: 7168K(7168K)->0K(7168K) From: 33888K(69632K)->18528K(71680K)
[4.916s][info][gc,heap        ] GC(110) ParOldGen: 766958K(800768K)->789750K(800768K)
[4.916s][info][gc,metaspace   ] GC(110) Metaspace: 6297K(6464K)->6297K(6464K) NonClass: 5764K(5824K)->5764K(5824K) Class: 533K(640K)->533K(640K)
[4.916s][info][gc             ] GC(110) Pause Young (Allocation Failure) 789M->789M(859M) 20.963ms
[4.916s][info][gc,cpu         ] GC(110) User=0.05s Sys=0.00s Real=0.02s
[4.916s][info][gc,start       ] GC(111) Pause Full (Ergonomics)
[4.916s][info][gc,phases,start] GC(111) Marking Phase
[5.088s][info][gc,phases      ] GC(111) Marking Phase 171.787ms
[5.088s][info][gc,phases,start] GC(111) Summary Phase
[5.088s][info][gc,phases      ] GC(111) Summary Phase 0.023ms
[5.088s][info][gc,phases,start] GC(111) Adjust Roots
[5.088s][info][gc,phases      ] GC(111) Adjust Roots 0.168ms
[5.088s][info][gc,phases,start] GC(111) Compaction Phase
[5.169s][info][gc,phases      ] GC(111) Compaction Phase 81.288ms
[5.169s][info][gc,phases,start] GC(111) Post Compact
[5.171s][info][gc,phases      ] GC(111) Post Compact 1.366ms
[5.171s][info][gc,heap        ] GC(111) PSYoungGen: 18528K(78848K)->6590K(78848K) Eden: 0K(7168K)->0K(7168K) From: 18528K(71680K)->6590K(71680K)
[5.171s][info][gc,heap        ] GC(111) ParOldGen: 789750K(800768K)->800441K(893952K)
[5.171s][info][gc,metaspace   ] GC(111) Metaspace: 6297K(6464K)->6297K(6464K) NonClass: 5764K(5824K)->5764K(5824K) Class: 533K(640K)->533K(640K)
[5.171s][info][gc             ] GC(111) Pause Full (Ergonomics) 789M->788M(950M) 255.239ms
[5.171s][info][gc,cpu         ] GC(111) User=1.67s Sys=0.00s Real=0.25s
[5.179s][info][gc,start       ] GC(112) Pause Young (Allocation Failure)
[5.220s][info][gc,heap        ] GC(112) PSYoungGen: 13758K(78848K)->10336K(79360K) Eden: 7168K(7168K)->0K(7680K) From: 6590K(71680K)->10336K(71680K)
[5.220s][info][gc,heap        ] GC(112) ParOldGen: 800441K(893952K)->804049K(893952K)
[5.220s][info][gc,metaspace   ] GC(112) Metaspace: 6297K(6464K)->6297K(6464K) NonClass: 5764K(5824K)->5764K(5824K) Class: 533K(640K)->533K(640K)
[5.220s][info][gc             ] GC(112) Pause Young (Allocation Failure) 795M->795M(950M) 41.404ms
[5.220s][info][gc,cpu         ] GC(112) User=0.25s Sys=0.00s Real=0.04s
[5.228s][info][gc,start       ] GC(113) Pause Young (Allocation Failure)
[5.242s][info][gc,heap        ] GC(113) PSYoungGen: 18016K(79360K)->7808K(80384K) Eden: 7680K(7680K)->0K(7680K) From: 10336K(71680K)->7808K(72704K)
[5.242s][info][gc,heap        ] GC(113) ParOldGen: 804049K(893952K)->814417K(893952K)
[5.242s][info][gc,metaspace   ] GC(113) Metaspace: 6297K(6464K)->6297K(6464K) NonClass: 5764K(5824K)->5764K(5824K) Class: 533K(640K)->533K(640K)
[5.242s][info][gc             ] GC(113) Pause Young (Allocation Failure) 802M->802M(951M) 13.867ms
[5.242s][info][gc,cpu         ] GC(113) User=0.02s Sys=0.00s Real=0.01s
[5.250s][info][gc,start       ] GC(114) Pause Young (Allocation Failure)
[5.262s][info][gc,heap        ] GC(114) PSYoungGen: 15488K(80384K)->7776K(80896K) Eden: 7680K(7680K)->0K(8704K) From: 7808K(72704K)->7776K(72192K)
[5.262s][info][gc,heap        ] GC(114) ParOldGen: 814417K(893952K)->822201K(893952K)
[5.262s][info][gc,metaspace   ] GC(114) Metaspace: 6297K(6464K)->6297K(6464K) NonClass: 5764K(5824K)->5764K(5824K) Class: 533K(640K)->533K(640K)
[5.262s][info][gc             ] GC(114) Pause Young (Allocation Failure) 810M->810M(952M) 12.589ms
[5.262s][info][gc,cpu         ] GC(114) User=0.02s Sys=0.00s Real=0.01s
[5.272s][info][gc,start       ] GC(115) Pause Young (Allocation Failure)
[5.285s][info][gc,heap        ] GC(115) PSYoungGen: 16480K(80896K)->8832K(81408K) Eden: 8704K(8704K)->0K(8704K) From: 7776K(72192K)->8832K(72704K)
[5.285s][info][gc,heap        ] GC(115) ParOldGen: 822201K(893952K)->829993K(893952K)
[5.285s][info][gc,metaspace   ] GC(115) Metaspace: 6297K(6464K)->6297K(6464K) NonClass: 5764K(5824K)->5764K(5824K) Class: 533K(640K)->533K(640K)
[5.285s][info][gc             ] GC(115) Pause Young (Allocation Failure) 819M->819M(952M) 13.449ms
[5.285s][info][gc,cpu         ] GC(115) User=0.02s Sys=0.00s Real=0.01s
[5.294s][info][gc,start       ] GC(116) Pause Young (Allocation Failure)
[5.309s][info][gc,heap        ] GC(116) PSYoungGen: 17536K(81408K)->8800K(79872K) Eden: 8704K(8704K)->0K(10240K) From: 8832K(72704K)->8800K(69632K)
[5.309s][info][gc,heap        ] GC(116) ParOldGen: 829993K(893952K)->838809K(893952K)
[5.309s][info][gc,metaspace   ] GC(116) Metaspace: 6297K(6464K)->6297K(6464K) NonClass: 5764K(5824K)->5764K(5824K) Class: 533K(640K)->533K(640K)
[5.309s][info][gc             ] GC(116) Pause Young (Allocation Failure) 827M->827M(951M) 14.520ms
[5.309s][info][gc,cpu         ] GC(116) User=0.02s Sys=0.00s Real=0.02s
[5.321s][info][gc,start       ] GC(117) Pause Young (Allocation Failure)
[5.336s][info][gc,heap        ] GC(117) PSYoungGen: 19040K(79872K)->10336K(20992K) Eden: 10240K(10240K)->0K(10240K) From: 8800K(69632K)->10336K(10752K)
[5.336s][info][gc,heap        ] GC(117) ParOldGen: 838809K(893952K)->847633K(893952K)
[5.336s][info][gc,metaspace   ] GC(117) Metaspace: 6297K(6464K)->6297K(6464K) NonClass: 5764K(5824K)->5764K(5824K) Class: 533K(640K)->533K(640K)
[5.336s][info][gc             ] GC(117) Pause Young (Allocation Failure) 837M->837M(893M) 15.229ms
[5.336s][info][gc,cpu         ] GC(117) User=0.02s Sys=0.00s Real=0.02s
[5.347s][info][gc,start       ] GC(118) Pause Young (Allocation Failure)
[5.362s][info][gc,heap        ] GC(118) PSYoungGen: 20576K(20992K)->10368K(75264K) Eden: 10240K(10240K)->0K(11776K) From: 10336K(10752K)->10368K(63488K)
[5.362s][info][gc,heap        ] GC(118) ParOldGen: 847633K(893952K)->858025K(893952K)
[5.362s][info][gc,metaspace   ] GC(118) Metaspace: 6297K(6464K)->6297K(6464K) NonClass: 5764K(5824K)->5764K(5824K) Class: 533K(640K)->533K(640K)
[5.362s][info][gc             ] GC(118) Pause Young (Allocation Failure) 847M->848M(946M) 15.357ms
[5.362s][info][gc,cpu         ] GC(118) User=0.02s Sys=0.00s Real=0.02s
[5.375s][info][gc,start       ] GC(119) Pause Young (Allocation Failure)
[5.391s][info][gc,heap        ] GC(119) PSYoungGen: 22144K(75264K)->11872K(24064K) Eden: 11776K(11776K)->0K(11776K) From: 10368K(63488K)->11872K(12288K)
[5.391s][info][gc,heap        ] GC(119) ParOldGen: 858025K(893952K)->868417K(893952K)
[5.391s][info][gc,metaspace   ] GC(119) Metaspace: 6297K(6464K)->6297K(6464K) NonClass: 5764K(5824K)->5764K(5824K) Class: 533K(640K)->533K(640K)
[5.391s][info][gc             ] GC(119) Pause Young (Allocation Failure) 859M->859M(896M) 15.976ms
[5.391s][info][gc,cpu         ] GC(119) User=0.00s Sys=0.02s Real=0.02s
[5.403s][info][gc,start       ] GC(120) Pause Young (Allocation Failure)
[5.421s][info][gc,heap        ] GC(120) PSYoungGen: 23648K(24064K)->11872K(71680K) Eden: 11776K(11776K)->0K(13312K) From: 11872K(12288K)->11872K(58368K)
[5.421s][info][gc,heap        ] GC(120) ParOldGen: 868417K(893952K)->880361K(893952K)
[5.421s][info][gc,metaspace   ] GC(120) Metaspace: 6297K(6464K)->6297K(6464K) NonClass: 5764K(5824K)->5764K(5824K) Class: 533K(640K)->533K(640K)
[5.421s][info][gc             ] GC(120) Pause Young (Allocation Failure) 871M->871M(943M) 18.094ms
[5.421s][info][gc,cpu         ] GC(120) User=0.03s Sys=0.00s Real=0.02s
[5.421s][info][gc,start       ] GC(121) Pause Full (Ergonomics)
[5.421s][info][gc,phases,start] GC(121) Marking Phase
[5.606s][info][gc,phases      ] GC(121) Marking Phase 184.456ms
[5.606s][info][gc,phases,start] GC(121) Summary Phase
[5.606s][info][gc,phases      ] GC(121) Summary Phase 0.029ms
[5.606s][info][gc,phases,start] GC(121) Adjust Roots
[5.606s][info][gc,phases      ] GC(121) Adjust Roots 0.164ms
[5.606s][info][gc,phases,start] GC(121) Compaction Phase
[5.698s][info][gc,phases      ] GC(121) Compaction Phase 92.120ms
[5.698s][info][gc,phases,start] GC(121) Post Compact
[5.700s][info][gc,phases      ] GC(121) Post Compact 1.780ms
[5.701s][info][gc,heap        ] GC(121) PSYoungGen: 11872K(71680K)->0K(74240K) Eden: 0K(13312K)->0K(13312K) From: 11872K(58368K)->0K(60928K)
[5.701s][info][gc,heap        ] GC(121) ParOldGen: 880361K(893952K)->890707K(980992K)
[5.701s][info][gc,metaspace   ] GC(121) Metaspace: 6297K(6464K)->6297K(6464K) NonClass: 5764K(5824K)->5764K(5824K) Class: 533K(640K)->533K(640K)
[5.701s][info][gc             ] GC(121) Pause Full (Ergonomics) 871M->869M(1030M) 279.152ms
[5.701s][info][gc,cpu         ] GC(121) User=1.86s Sys=0.00s Real=0.28s
[5.718s][info][gc,start       ] GC(122) Pause Young (Allocation Failure)
[5.732s][info][gc,heap        ] GC(122) PSYoungGen: 13312K(74240K)->13472K(69120K) Eden: 13312K(13312K)->0K(14848K) From: 0K(60928K)->13472K(54272K)
[5.732s][info][gc,heap        ] GC(122) ParOldGen: 890707K(980992K)->890707K(980992K)
[5.732s][info][gc,metaspace   ] GC(122) Metaspace: 6297K(6464K)->6297K(6464K) NonClass: 5764K(5824K)->5764K(5824K) Class: 533K(640K)->533K(640K)
[5.732s][info][gc             ] GC(122) Pause Young (Allocation Failure) 882M->882M(1025M) 14.342ms
[5.732s][info][gc,cpu         ] GC(122) User=0.02s Sys=0.00s Real=0.01s
[5.749s][info][gc,start       ] GC(123) Pause Young (Allocation Failure)
[5.767s][info][gc,heap        ] GC(123) PSYoungGen: 28320K(69120K)->28256K(72704K) Eden: 14848K(14848K)->0K(14848K) From: 13472K(54272K)->28256K(57856K)
[5.767s][info][gc,heap        ] GC(123) ParOldGen: 890707K(980992K)->890707K(980992K)
[5.767s][info][gc,metaspace   ] GC(123) Metaspace: 6297K(6464K)->6297K(6464K) NonClass: 5764K(5824K)->5764K(5824K) Class: 533K(640K)->533K(640K)
[5.767s][info][gc             ] GC(123) Pause Young (Allocation Failure) 897M->897M(1029M) 17.976ms
[5.767s][info][gc,cpu         ] GC(123) User=0.02s Sys=0.00s Real=0.02s
[5.783s][info][gc,start       ] GC(124) Pause Young (Allocation Failure)
[5.806s][info][gc,heap        ] GC(124) PSYoungGen: 43104K(72704K)->29824K(73728K) Eden: 14848K(14848K)->0K(16384K) From: 28256K(57856K)->29824K(57344K)
[5.806s][info][gc,heap        ] GC(124) ParOldGen: 890707K(980992K)->904195K(980992K)
[5.806s][info][gc,metaspace   ] GC(124) Metaspace: 6297K(6464K)->6297K(6464K) NonClass: 5764K(5824K)->5764K(5824K) Class: 533K(640K)->533K(640K)
[5.806s][info][gc             ] GC(124) Pause Young (Allocation Failure) 911M->912M(1030M) 22.771ms
[5.806s][info][gc,cpu         ] GC(124) User=0.14s Sys=0.00s Real=0.02s
[5.824s][info][gc,start       ] GC(125) Pause Young (Allocation Failure)
[5.847s][info][gc,heap        ] GC(125) PSYoungGen: 46208K(73728K)->31360K(73728K) Eden: 16384K(16384K)->0K(16384K) From: 29824K(57344K)->31360K(57344K)
[5.847s][info][gc,heap        ] GC(125) ParOldGen: 904195K(980992K)->919259K(980992K)
[5.847s][info][gc,metaspace   ] GC(125) Metaspace: 6297K(6464K)->6297K(6464K) NonClass: 5764K(5824K)->5764K(5824K) Class: 533K(640K)->533K(640K)
[5.848s][info][gc             ] GC(125) Pause Young (Allocation Failure) 928M->928M(1030M) 23.953ms
[5.848s][info][gc,cpu         ] GC(125) User=0.12s Sys=0.00s Real=0.02s
[5.865s][info][gc,start       ] GC(126) Pause Young (Allocation Failure)
[5.890s][info][gc,heap        ] GC(126) PSYoungGen: 47744K(73728K)->32928K(75264K) Eden: 16384K(16384K)->0K(17920K) From: 31360K(57344K)->32928K(57344K)
[5.890s][info][gc,heap        ] GC(126) ParOldGen: 919259K(980992K)->934323K(980992K)
[5.890s][info][gc,metaspace   ] GC(126) Metaspace: 6297K(6464K)->6297K(6464K) NonClass: 5764K(5824K)->5764K(5824K) Class: 533K(640K)->533K(640K)
[5.890s][info][gc             ] GC(126) Pause Young (Allocation Failure) 944M->944M(1031M) 24.520ms
[5.890s][info][gc,cpu         ] GC(126) User=0.14s Sys=0.00s Real=0.03s
[5.909s][info][gc,start       ] GC(127) Pause Young (Allocation Failure)
[5.935s][info][gc,heap        ] GC(127) PSYoungGen: 50848K(75264K)->34432K(75776K) Eden: 17920K(17920K)->0K(17920K) From: 32928K(57344K)->34432K(57856K)
[5.935s][info][gc,heap        ] GC(127) ParOldGen: 934323K(980992K)->950931K(980992K)
[5.935s][info][gc,metaspace   ] GC(127) Metaspace: 6297K(6464K)->6297K(6464K) NonClass: 5764K(5824K)->5764K(5824K) Class: 533K(640K)->533K(640K)
[5.935s][info][gc             ] GC(127) Pause Young (Allocation Failure) 962M->962M(1032M) 26.174ms
[5.935s][info][gc,cpu         ] GC(127) User=0.08s Sys=0.06s Real=0.03s
[5.955s][info][gc,start       ] GC(128) Pause Young (Allocation Failure)
[5.982s][info][gc,heap        ] GC(128) PSYoungGen: 52352K(75776K)->35968K(77312K) Eden: 17920K(17920K)->0K(18944K) From: 34432K(57856K)->35968K(58368K)
[5.982s][info][gc,heap        ] GC(128) ParOldGen: 950931K(980992K)->967547K(980992K)
[5.982s][info][gc,metaspace   ] GC(128) Metaspace: 6297K(6464K)->6297K(6464K) NonClass: 5764K(5824K)->5764K(5824K) Class: 533K(640K)->533K(640K)
[5.982s][info][gc             ] GC(128) Pause Young (Allocation Failure) 979M->979M(1033M) 26.959ms
[5.982s][info][gc,cpu         ] GC(128) User=0.14s Sys=0.00s Real=0.03s
[5.982s][info][gc,start       ] GC(129) Pause Full (Ergonomics)
[5.982s][info][gc,phases,start] GC(129) Marking Phase
[6.204s][info][gc,phases      ] GC(129) Marking Phase 221.918ms
[6.204s][info][gc,phases,start] GC(129) Summary Phase
[6.204s][info][gc,phases      ] GC(129) Summary Phase 0.031ms
[6.204s][info][gc,phases,start] GC(129) Adjust Roots
[6.204s][info][gc,phases      ] GC(129) Adjust Roots 0.177ms
[6.204s][info][gc,phases,start] GC(129) Compaction Phase
[6.291s][info][gc,phases      ] GC(129) Compaction Phase 86.787ms
[6.291s][info][gc,phases,start] GC(129) Post Compact
[6.292s][info][gc,phases      ] GC(129) Post Compact 1.553ms
[6.293s][info][gc,heap        ] GC(129) PSYoungGen: 35968K(77312K)->21468K(77312K) Eden: 0K(18944K)->0K(18944K) From: 35968K(58368K)->21468K(58368K)
[6.293s][info][gc,heap        ] GC(129) ParOldGen: 967547K(980992K)->980633K(1082368K)
[6.293s][info][gc,metaspace   ] GC(129) Metaspace: 6297K(6464K)->6297K(6464K) NonClass: 5764K(5824K)->5764K(5824K) Class: 533K(640K)->533K(640K)
[6.293s][info][gc             ] GC(129) Pause Full (Ergonomics) 979M->978M(1132M) 311.137ms
[6.293s][info][gc,cpu         ] GC(129) User=2.19s Sys=0.00s Real=0.31s
[6.316s][info][gc,start       ] GC(130) Pause Young (Allocation Failure)
[6.375s][info][gc,heap        ] GC(130) PSYoungGen: 40412K(77312K)->19072K(78336K) Eden: 18944K(18944K)->0K(18944K) From: 21468K(58368K)->19072K(59392K)
[6.375s][info][gc,heap        ] GC(130) ParOldGen: 980633K(1082368K)->1002401K(1082368K)
[6.375s][info][gc,metaspace   ] GC(130) Metaspace: 6297K(6464K)->6297K(6464K) NonClass: 5764K(5824K)->5764K(5824K) Class: 533K(640K)->533K(640K)
[6.375s][info][gc             ] GC(130) Pause Young (Allocation Failure) 997M->997M(1133M) 59.501ms
[6.375s][info][gc,cpu         ] GC(130) User=0.39s Sys=0.00s Real=0.06s
[6.395s][info][gc,start       ] GC(131) Pause Young (Allocation Failure)
[6.417s][info][gc,heap        ] GC(131) PSYoungGen: 38016K(78336K)->38048K(76800K) Eden: 18944K(18944K)->0K(19456K) From: 19072K(59392K)->38048K(57344K)
[6.417s][info][gc,heap        ] GC(131) ParOldGen: 1002401K(1082368K)->1002401K(1082368K)
[6.417s][info][gc,metaspace   ] GC(131) Metaspace: 6297K(6464K)->6297K(6464K) NonClass: 5764K(5824K)->5764K(5824K) Class: 533K(640K)->533K(640K)
[6.417s][info][gc             ] GC(131) Pause Young (Allocation Failure) 1016M->1016M(1132M) 21.732ms
[6.417s][info][gc,cpu         ] GC(131) User=0.12s Sys=0.00s Real=0.02s
[6.440s][info][gc,start       ] GC(132) Pause Young (Allocation Failure)
[6.469s][info][gc,heap        ] GC(132) PSYoungGen: 57504K(76800K)->38560K(78336K) Eden: 19456K(19456K)->0K(19456K) From: 38048K(57344K)->38560K(58880K)
[6.470s][info][gc,heap        ] GC(132) ParOldGen: 1002401K(1082368K)->1021601K(1082368K)
[6.470s][info][gc,metaspace   ] GC(132) Metaspace: 6297K(6464K)->6297K(6464K) NonClass: 5764K(5824K)->5764K(5824K) Class: 533K(640K)->533K(640K)
[6.470s][info][gc             ] GC(132) Pause Young (Allocation Failure) 1035M->1035M(1133M) 29.858ms
[6.470s][info][gc,cpu         ] GC(132) User=0.12s Sys=0.02s Real=0.03s
[6.491s][info][gc,start       ] GC(133) Pause Young (Allocation Failure)
[6.521s][info][gc,heap        ] GC(133) PSYoungGen: 58016K(78336K)->39104K(80384K) Eden: 19456K(19456K)->0K(20480K) From: 38560K(58880K)->39104K(59904K)
[6.521s][info][gc,heap        ] GC(133) ParOldGen: 1021601K(1082368K)->1040793K(1082368K)
[6.521s][info][gc,metaspace   ] GC(133) Metaspace: 6297K(6464K)->6297K(6464K) NonClass: 5764K(5824K)->5764K(5824K) Class: 533K(640K)->533K(640K)
[6.521s][info][gc             ] GC(133) Pause Young (Allocation Failure) 1054M->1054M(1135M) 30.586ms
[6.521s][info][gc,cpu         ] GC(133) User=0.12s Sys=0.02s Real=0.03s
[6.545s][info][gc,start       ] GC(134) Pause Young (Allocation Failure)
[6.576s][info][gc,heap        ] GC(134) PSYoungGen: 59584K(80384K)->40064K(81408K) Eden: 20480K(20480K)->0K(20480K) From: 39104K(59904K)->40064K(60928K)
[6.576s][info][gc,heap        ] GC(134) ParOldGen: 1040793K(1082368K)->1060513K(1082368K)
[6.576s][info][gc,metaspace   ] GC(134) Metaspace: 6297K(6464K)->6297K(6464K) NonClass: 5764K(5824K)->5764K(5824K) Class: 533K(640K)->533K(640K)
[6.576s][info][gc             ] GC(134) Pause Young (Allocation Failure) 1074M->1074M(1136M) 31.328ms
[6.576s][info][gc,cpu         ] GC(134) User=0.11s Sys=0.03s Real=0.03s
[6.576s][info][gc,start       ] GC(135) Pause Full (Ergonomics)
[6.576s][info][gc,phases,start] GC(135) Marking Phase
[6.821s][info][gc,phases      ] GC(135) Marking Phase 244.305ms
[6.821s][info][gc,phases,start] GC(135) Summary Phase
[6.821s][info][gc,phases      ] GC(135) Summary Phase 0.025ms
[6.821s][info][gc,phases,start] GC(135) Adjust Roots
[6.821s][info][gc,phases      ] GC(135) Adjust Roots 0.151ms
[6.821s][info][gc,phases,start] GC(135) Compaction Phase
[6.917s][info][gc,phases      ] GC(135) Compaction Phase 96.029ms
[6.917s][info][gc,phases,start] GC(135) Post Compact
[6.919s][info][gc,phases      ] GC(135) Post Compact 2.060ms
[6.920s][info][gc,heap        ] GC(135) PSYoungGen: 40064K(81408K)->16878K(81408K) Eden: 0K(20480K)->0K(20480K) From: 40064K(60928K)->16878K(60928K)
[6.920s][info][gc,heap        ] GC(135) ParOldGen: 1060513K(1082368K)->1082349K(1197568K)
[6.920s][info][gc,metaspace   ] GC(135) Metaspace: 6297K(6464K)->6297K(6464K) NonClass: 5764K(5824K)->5764K(5824K) Class: 533K(640K)->533K(640K)
[6.920s][info][gc             ] GC(135) Pause Full (Ergonomics) 1074M->1073M(1249M) 343.408ms
[6.920s][info][gc,cpu         ] GC(135) User=2.48s Sys=0.03s Real=0.34s
[6.944s][info][gc,start       ] GC(136) Pause Young (Allocation Failure)
[7.009s][info][gc,heap        ] GC(136) PSYoungGen: 37358K(81408K)->27776K(78848K) Eden: 20480K(20480K)->0K(22528K) From: 16878K(60928K)->27776K(56320K)
[7.009s][info][gc,heap        ] GC(136) ParOldGen: 1082349K(1197568K)->1092261K(1197568K)
[7.009s][info][gc,metaspace   ] GC(136) Metaspace: 6297K(6464K)->6297K(6464K) NonClass: 5764K(5824K)->5764K(5824K) Class: 533K(640K)->533K(640K)
[7.009s][info][gc             ] GC(136) Pause Young (Allocation Failure) 1093M->1093M(1246M) 64.597ms
[7.009s][info][gc,cpu         ] GC(136) User=0.50s Sys=0.00s Real=0.07s
[7.033s][info][gc,start       ] GC(137) Pause Young (Allocation Failure)
[7.060s][info][gc,heap        ] GC(137) PSYoungGen: 50304K(78848K)->50304K(81920K) Eden: 22528K(22528K)->0K(22528K) From: 27776K(56320K)->50304K(59392K)
[7.060s][info][gc,heap        ] GC(137) ParOldGen: 1092261K(1197568K)->1092261K(1197568K)
[7.060s][info][gc,metaspace   ] GC(137) Metaspace: 6297K(6464K)->6297K(6464K) NonClass: 5764K(5824K)->5764K(5824K) Class: 533K(640K)->533K(640K)
[7.061s][info][gc             ] GC(137) Pause Young (Allocation Failure) 1115M->1115M(1249M) 27.649ms
[7.061s][info][gc,cpu         ] GC(137) User=0.14s Sys=0.00s Real=0.03s
[7.088s][info][gc,start       ] GC(138) Pause Young (Allocation Failure)
[7.126s][info][gc,heap        ] GC(138) PSYoungGen: 72832K(81920K)->64000K(77312K) Eden: 22528K(22528K)->0K(13312K) From: 50304K(59392K)->64000K(64000K)
[7.126s][info][gc,heap        ] GC(138) ParOldGen: 1092261K(1197568K)->1101109K(1197568K)
[7.126s][info][gc,metaspace   ] GC(138) Metaspace: 6297K(6464K)->6297K(6464K) NonClass: 5764K(5824K)->5764K(5824K) Class: 533K(640K)->533K(640K)
[7.126s][info][gc             ] GC(138) Pause Young (Allocation Failure) 1137M->1137M(1245M) 38.061ms
[7.126s][info][gc,cpu         ] GC(138) User=0.25s Sys=0.00s Real=0.04s
[7.141s][info][gc,start       ] GC(139) Pause Young (Allocation Failure)
[7.178s][info][gc,heap        ] GC(139) PSYoungGen: 77312K(77312K)->52160K(89088K) Eden: 13312K(13312K)->0K(13312K) From: 64000K(64000K)->52160K(75776K)
[7.178s][info][gc,heap        ] GC(139) ParOldGen: 1101109K(1197568K)->1126717K(1197568K)
[7.178s][info][gc,metaspace   ] GC(139) Metaspace: 6297K(6464K)->6297K(6464K) NonClass: 5764K(5824K)->5764K(5824K) Class: 533K(640K)->533K(640K)
[7.178s][info][gc             ] GC(139) Pause Young (Allocation Failure) 1150M->1151M(1256M) 37.612ms
[7.178s][info][gc,cpu         ] GC(139) User=0.25s Sys=0.00s Real=0.04s
[7.194s][info][gc,start       ] GC(140) Pause Young (Allocation Failure)
[7.226s][info][gc,heap        ] GC(140) PSYoungGen: 65472K(89088K)->45824K(92160K) Eden: 13312K(13312K)->0K(15360K) From: 52160K(75776K)->45824K(76800K)
[7.227s][info][gc,heap        ] GC(140) ParOldGen: 1126717K(1197568K)->1146605K(1197568K)
[7.227s][info][gc,metaspace   ] GC(140) Metaspace: 6297K(6464K)->6297K(6464K) NonClass: 5764K(5824K)->5764K(5824K) Class: 533K(640K)->533K(640K)
[7.227s][info][gc             ] GC(140) Pause Young (Allocation Failure) 1164M->1164M(1259M) 33.017ms
[7.227s][info][gc,cpu         ] GC(140) User=0.16s Sys=0.02s Real=0.03s
[7.245s][info][gc,start       ] GC(141) Pause Young (Allocation Failure)
[7.278s][info][gc,heap        ] GC(141) PSYoungGen: 61184K(92160K)->28800K(44544K) Eden: 15360K(15360K)->0K(15360K) From: 45824K(76800K)->28800K(29184K)
[7.278s][info][gc,heap        ] GC(141) ParOldGen: 1146605K(1197568K)->1179405K(1197568K)
[7.278s][info][gc,metaspace   ] GC(141) Metaspace: 6297K(6464K)->6297K(6464K) NonClass: 5764K(5824K)->5764K(5824K) Class: 533K(640K)->533K(640K)
[7.278s][info][gc             ] GC(141) Pause Young (Allocation Failure) 1179M->1179M(1213M) 32.602ms
[7.278s][info][gc,cpu         ] GC(141) User=0.14s Sys=0.02s Real=0.03s
[7.278s][info][gc,start       ] GC(142) Pause Full (Ergonomics)
[7.278s][info][gc,phases,start] GC(142) Marking Phase
[7.553s][info][gc,phases      ] GC(142) Marking Phase 275.249ms
[7.553s][info][gc,phases,start] GC(142) Summary Phase
[7.553s][info][gc,phases      ] GC(142) Summary Phase 0.026ms
[7.553s][info][gc,phases,start] GC(142) Adjust Roots
[7.553s][info][gc,phases      ] GC(142) Adjust Roots 0.145ms
[7.553s][info][gc,phases,start] GC(142) Compaction Phase
[7.658s][info][gc,phases      ] GC(142) Compaction Phase 105.087ms
[7.659s][info][gc,phases,start] GC(142) Post Compact
[7.660s][info][gc,phases      ] GC(142) Post Compact 1.873ms
[7.661s][info][gc,heap        ] GC(142) PSYoungGen: 28800K(44544K)->9195K(44544K) Eden: 0K(15360K)->0K(15360K) From: 28800K(29184K)->9195K(29184K)
[7.661s][info][gc,heap        ] GC(142) ParOldGen: 1179405K(1197568K)->1197357K(1328640K)
[7.661s][info][gc,metaspace   ] GC(142) Metaspace: 6297K(6464K)->6297K(6464K) NonClass: 5764K(5824K)->5764K(5824K) Class: 533K(640K)->533K(640K)
[7.661s][info][gc             ] GC(142) Pause Full (Ergonomics) 1179M->1178M(1341M) 383.116ms
[7.661s][info][gc,cpu         ] GC(142) User=2.83s Sys=0.00s Real=0.38s
[7.682s][info][gc,start       ] GC(143) Pause Young (Allocation Failure)
[7.746s][info][gc,heap        ] GC(143) PSYoungGen: 24555K(44544K)->15520K(91136K) Eden: 15360K(15360K)->0K(16896K) From: 9195K(29184K)->15520K(74240K)
[7.746s][info][gc,heap        ] GC(143) ParOldGen: 1197357K(1328640K)->1206717K(1328640K)
[7.746s][info][gc,metaspace   ] GC(143) Metaspace: 6297K(6464K)->6297K(6464K) NonClass: 5764K(5824K)->5764K(5824K) Class: 533K(640K)->533K(640K)
[7.746s][info][gc             ] GC(143) Pause Young (Allocation Failure) 1193M->1193M(1386M) 64.254ms
[7.746s][info][gc,cpu         ] GC(143) User=0.38s Sys=0.00s Real=0.07s
[7.766s][info][gc,start       ] GC(144) Pause Young (Allocation Failure)
[7.787s][info][gc,heap        ] GC(144) PSYoungGen: 32416K(91136K)->17024K(91648K) Eden: 16896K(16896K)->0K(16896K) From: 15520K(74240K)->17024K(74752K)
[7.787s][info][gc,heap        ] GC(144) ParOldGen: 1206717K(1328640K)->1222301K(1328640K)
[7.787s][info][gc,metaspace   ] GC(144) Metaspace: 6297K(6464K)->6297K(6464K) NonClass: 5764K(5824K)->5764K(5824K) Class: 533K(640K)->533K(640K)
[7.787s][info][gc             ] GC(144) Pause Young (Allocation Failure) 1210M->1210M(1387M) 20.901ms
[7.787s][info][gc,cpu         ] GC(144) User=0.12s Sys=0.00s Real=0.02s
[7.808s][info][gc,start       ] GC(145) Pause Young (Allocation Failure)
[7.829s][info][gc,heap        ] GC(145) PSYoungGen: 33920K(91648K)->17024K(90112K) Eden: 16896K(16896K)->0K(18944K) From: 17024K(74752K)->17024K(71168K)
[7.829s][info][gc,heap        ] GC(145) ParOldGen: 1222301K(1328640K)->1239437K(1328640K)
[7.829s][info][gc,metaspace   ] GC(145) Metaspace: 6297K(6464K)->6297K(6464K) NonClass: 5764K(5824K)->5764K(5824K) Class: 533K(640K)->533K(640K)
[7.829s][info][gc             ] GC(145) Pause Young (Allocation Failure) 1226M->1227M(1385M) 21.071ms
[7.829s][info][gc,cpu         ] GC(145) User=0.12s Sys=0.00s Real=0.02s
[7.851s][info][gc,start       ] GC(146) Pause Young (Allocation Failure)
[7.873s][info][gc,heap        ] GC(146) PSYoungGen: 35968K(90112K)->19136K(91648K) Eden: 18944K(18944K)->0K(18944K) From: 17024K(71168K)->19136K(72704K)
[7.873s][info][gc,heap        ] GC(146) ParOldGen: 1239437K(1328640K)->1256581K(1328640K)
[7.873s][info][gc,metaspace   ] GC(146) Metaspace: 6297K(6464K)->6297K(6464K) NonClass: 5764K(5824K)->5764K(5824K) Class: 533K(640K)->533K(640K)
[7.873s][info][gc             ] GC(146) Pause Young (Allocation Failure) 1245M->1245M(1387M) 22.014ms
[7.873s][info][gc,cpu         ] GC(146) User=0.12s Sys=0.00s Real=0.02s
[7.896s][info][gc,start       ] GC(147) Pause Young (Allocation Failure)
[7.919s][info][gc,heap        ] GC(147) PSYoungGen: 38080K(91648K)->19136K(87552K) Eden: 18944K(18944K)->0K(20992K) From: 19136K(72704K)->19136K(66560K)
[7.919s][info][gc,heap        ] GC(147) ParOldGen: 1256581K(1328640K)->1275789K(1328640K)
[7.919s][info][gc,metaspace   ] GC(147) Metaspace: 6297K(6464K)->6297K(6464K) NonClass: 5764K(5824K)->5764K(5824K) Class: 533K(640K)->533K(640K)
[7.919s][info][gc             ] GC(147) Pause Young (Allocation Failure) 1264M->1264M(1383M) 23.190ms
[7.919s][info][gc,cpu         ] GC(147) User=0.23s Sys=0.00s Real=0.02s
[7.942s][info][gc,start       ] GC(148) Pause Young (Allocation Failure)
[7.962s][info][gc,heap        ] GC(148) PSYoungGen: 40128K(87552K)->14720K(89600K) Eden: 20992K(20992K)->0K(20992K) From: 19136K(66560K)->14720K(68608K)
[7.963s][info][gc,heap        ] GC(148) ParOldGen: 1275789K(1328640K)->1294997K(1328640K)
[7.963s][info][gc,metaspace   ] GC(148) Metaspace: 6297K(6464K)->6297K(6464K) NonClass: 5764K(5824K)->5764K(5824K) Class: 533K(640K)->533K(640K)
[7.963s][info][gc             ] GC(148) Pause Young (Allocation Failure) 1285M->1279M(1385M) 21.040ms
[7.963s][info][gc,cpu         ] GC(148) User=0.14s Sys=0.00s Real=0.02s
[7.979s][info][gc,start       ] GC(149) Pause Young (Allocation Failure)
[7.999s][info][gc,heap        ] GC(149) PSYoungGen: 35712K(89600K)->11040K(88576K) Eden: 20992K(20992K)->0K(23552K) From: 14720K(68608K)->11040K(65024K)
[8.000s][info][gc,heap        ] GC(149) ParOldGen: 1294997K(1328640K)->1309837K(1328640K)
[8.000s][info][gc,metaspace   ] GC(149) Metaspace: 6297K(6464K)->6297K(6464K) NonClass: 5764K(5824K)->5764K(5824K) Class: 533K(640K)->533K(640K)
[8.000s][info][gc             ] GC(149) Pause Young (Allocation Failure) 1299M->1289M(1384M) 20.943ms
[8.000s][info][gc,cpu         ] GC(149) User=0.05s Sys=0.00s Real=0.02s
[8.000s][info][gc,start       ] GC(150) Pause Full (Ergonomics)
[8.000s][info][gc,phases,start] GC(150) Marking Phase
[8.293s][info][gc,phases      ] GC(150) Marking Phase 293.740ms
[8.293s][info][gc,phases,start] GC(150) Summary Phase
[8.293s][info][gc,phases      ] GC(150) Summary Phase 0.048ms
[8.293s][info][gc,phases,start] GC(150) Adjust Roots
[8.294s][info][gc,phases      ] GC(150) Adjust Roots 0.164ms
[8.294s][info][gc,phases,start] GC(150) Compaction Phase
[8.402s][info][gc,phases      ] GC(150) Compaction Phase 107.983ms
[8.402s][info][gc,phases,start] GC(150) Post Compact
[8.404s][info][gc,phases      ] GC(150) Post Compact 2.210ms
[8.404s][info][gc,heap        ] GC(150) PSYoungGen: 11040K(88576K)->0K(89600K) Eden: 0K(23552K)->0K(23552K) From: 11040K(65024K)->0K(66048K)
[8.404s][info][gc,heap        ] GC(150) ParOldGen: 1309837K(1328640K)->1318890K(1454080K)
[8.404s][info][gc,metaspace   ] GC(150) Metaspace: 6297K(6464K)->6297K(6464K) NonClass: 5764K(5824K)->5764K(5824K) Class: 533K(640K)->533K(640K)
[8.405s][info][gc             ] GC(150) Pause Full (Ergonomics) 1289M->1287M(1507M) 404.901ms
[8.405s][info][gc,cpu         ] GC(150) User=2.88s Sys=0.00s Real=0.40s
[8.435s][info][gc,start       ] GC(151) Pause Young (Allocation Failure)
[8.451s][info][gc,heap        ] GC(151) PSYoungGen: 23552K(89600K)->21824K(85504K) Eden: 23552K(23552K)->0K(26112K) From: 0K(66048K)->21824K(59392K)
[8.451s][info][gc,heap        ] GC(151) ParOldGen: 1318890K(1454080K)->1318890K(1454080K)
[8.451s][info][gc,metaspace   ] GC(151) Metaspace: 6297K(6464K)->6297K(6464K) NonClass: 5764K(5824K)->5764K(5824K) Class: 533K(640K)->533K(640K)
[8.451s][info][gc             ] GC(151) Pause Young (Allocation Failure) 1310M->1309M(1503M) 16.342ms
[8.451s][info][gc,cpu         ] GC(151) User=0.02s Sys=0.00s Real=0.02s
[8.482s][info][gc,start       ] GC(152) Pause Young (Allocation Failure)
[8.509s][info][gc,heap        ] GC(152) PSYoungGen: 47936K(85504K)->47968K(89088K) Eden: 26112K(26112K)->0K(26112K) From: 21824K(59392K)->47968K(62976K)
[8.509s][info][gc,heap        ] GC(152) ParOldGen: 1318890K(1454080K)->1318890K(1454080K)
[8.509s][info][gc,metaspace   ] GC(152) Metaspace: 6297K(6464K)->6297K(6464K) NonClass: 5764K(5824K)->5764K(5824K) Class: 533K(640K)->533K(640K)
[8.509s][info][gc             ] GC(152) Pause Young (Allocation Failure) 1334M->1334M(1507M) 27.171ms
[8.509s][info][gc,cpu         ] GC(152) User=0.14s Sys=0.00s Real=0.03s
[8.541s][info][gc,start       ] GC(153) Pause Young (Allocation Failure)
[8.580s][info][gc,heap        ] GC(153) PSYoungGen: 74080K(89088K)->67584K(82944K) Eden: 26112K(26112K)->0K(15360K) From: 47968K(62976K)->67584K(67584K)
[8.580s][info][gc,heap        ] GC(153) ParOldGen: 1318890K(1454080K)->1325426K(1454080K)
[8.580s][info][gc,metaspace   ] GC(153) Metaspace: 6297K(6464K)->6297K(6464K) NonClass: 5764K(5824K)->5764K(5824K) Class: 533K(640K)->533K(640K)
[8.580s][info][gc             ] GC(153) Pause Young (Allocation Failure) 1360M->1360M(1501M) 39.223ms
[8.580s][info][gc,cpu         ] GC(153) User=0.22s Sys=0.03s Real=0.04s
[8.600s][info][gc,start       ] GC(154) Pause Young (Allocation Failure)
[8.640s][info][gc,heap        ] GC(154) PSYoungGen: 82944K(82944K)->39776K(55296K) Eden: 15360K(15360K)->0K(15360K) From: 67584K(67584K)->39776K(39936K)
[8.640s][info][gc,heap        ] GC(154) ParOldGen: 1325426K(1454080K)->1369274K(1454080K)
[8.640s][info][gc,metaspace   ] GC(154) Metaspace: 6297K(6464K)->6297K(6464K) NonClass: 5764K(5824K)->5764K(5824K) Class: 533K(640K)->533K(640K)
[8.640s][info][gc             ] GC(154) Pause Young (Allocation Failure) 1375M->1376M(1474M) 40.729ms
[8.641s][info][gc,cpu         ] GC(154) User=0.25s Sys=0.02s Real=0.04s
[8.910s][info][gc,start       ] GC(155) Pause Full (Ergonomics)
[8.910s][info][gc,phases,start] GC(155) Marking Phase
[9.240s][info][gc,phases      ] GC(155) Marking Phase 330.194ms
[9.240s][info][gc,phases,start] GC(155) Summary Phase
[9.240s][info][gc,phases      ] GC(155) Summary Phase 0.044ms
[9.240s][info][gc,phases,start] GC(155) Adjust Roots
[9.241s][info][gc,phases      ] GC(155) Adjust Roots 0.326ms
[9.241s][info][gc,phases,start] GC(155) Compaction Phase
[9.572s][info][gc,phases      ] GC(155) Compaction Phase 331.661ms
[9.572s][info][gc,phases,start] GC(155) Post Compact
[9.575s][info][gc,phases      ] GC(155) Post Compact 2.970ms
[9.576s][info][gc,heap        ] GC(155) PSYoungGen: 55136K(55296K)->2254K(55296K) Eden: 15360K(15360K)->0K(15360K) From: 39776K(39936K)->2254K(39936K)
[9.576s][info][gc,heap        ] GC(155) ParOldGen: 1434810K(1454080K)->1453917K(1502208K)
[9.576s][info][gc,metaspace   ] GC(155) Metaspace: 6297K(6464K)->6297K(6464K) NonClass: 5764K(5824K)->5764K(5824K) Class: 533K(640K)->533K(640K)
[9.576s][info][gc             ] GC(155) Pause Full (Ergonomics) 1455M->1422M(1521M) 665.781ms
[9.576s][info][gc,cpu         ] GC(155) User=4.70s Sys=0.02s Real=0.66s
[9.592s][info][gc,start       ] GC(156) Pause Young (Allocation Failure)
[9.668s][info][gc,heap        ] GC(156) PSYoungGen: 17614K(55296K)->16576K(91648K) Eden: 15360K(15360K)->0K(16896K) From: 2254K(39936K)->16576K(74752K)
[9.668s][info][gc,heap        ] GC(156) ParOldGen: 1453917K(1502208K)->1455109K(1502208K)
[9.668s][info][gc,metaspace   ] GC(156) Metaspace: 6297K(6464K)->6297K(6464K) NonClass: 5764K(5824K)->5764K(5824K) Class: 533K(640K)->533K(640K)
[9.668s][info][gc             ] GC(156) Pause Young (Allocation Failure) 1437M->1437M(1556M) 75.925ms
[9.668s][info][gc,cpu         ] GC(156) User=0.41s Sys=0.00s Real=0.08s
[9.685s][info][gc,start       ] GC(157) Pause Young (Allocation Failure)
[9.711s][info][gc,heap        ] GC(157) PSYoungGen: 33472K(91648K)->33504K(50688K) Eden: 16896K(16896K)->0K(16896K) From: 16576K(74752K)->33504K(33792K)
[9.711s][info][gc,heap        ] GC(157) ParOldGen: 1455109K(1502208K)->1455109K(1502208K)
[9.711s][info][gc,metaspace   ] GC(157) Metaspace: 6297K(6464K)->6297K(6464K) NonClass: 5764K(5824K)->5764K(5824K) Class: 533K(640K)->533K(640K)
[9.711s][info][gc             ] GC(157) Pause Young (Allocation Failure) 1453M->1453M(1516M) 26.495ms
[9.711s][info][gc,cpu         ] GC(157) User=0.05s Sys=0.00s Real=0.03s
[9.726s][info][gc,start       ] GC(158) Pause Young (Allocation Failure)
[9.756s][info][gc,heap        ] GC(158) PSYoungGen: 50400K(50688K)->50432K(89600K) Eden: 16896K(16896K)->0K(16384K) From: 33504K(33792K)->50432K(73216K)
[9.756s][info][gc,heap        ] GC(158) ParOldGen: 1455109K(1502208K)->1455109K(1502208K)
[9.756s][info][gc,metaspace   ] GC(158) Metaspace: 6297K(6464K)->6297K(6464K) NonClass: 5764K(5824K)->5764K(5824K) Class: 533K(640K)->533K(640K)
[9.756s][info][gc             ] GC(158) Pause Young (Allocation Failure) 1470M->1470M(1554M) 29.855ms
[9.756s][info][gc,cpu         ] GC(158) User=0.02s Sys=0.00s Real=0.03s
[9.771s][info][gc,start       ] GC(159) Pause Young (Allocation Failure)
[9.807s][info][gc,heap        ] GC(159) PSYoungGen: 66816K(89600K)->65696K(92160K) Eden: 16384K(16384K)->0K(16384K) From: 50432K(73216K)->65696K(75776K)
[9.807s][info][gc,heap        ] GC(159) ParOldGen: 1455109K(1502208K)->1456253K(1502208K)
[9.807s][info][gc,metaspace   ] GC(159) Metaspace: 6297K(6464K)->6297K(6464K) NonClass: 5764K(5824K)->5764K(5824K) Class: 533K(640K)->533K(640K)
[9.807s][info][gc             ] GC(159) Pause Young (Allocation Failure) 1486M->1486M(1557M) 35.910ms
[9.807s][info][gc,cpu         ] GC(159) User=0.08s Sys=0.00s Real=0.04s
[9.822s][info][gc,start       ] GC(160) Pause Young (Allocation Failure)
[9.862s][info][gc,heap        ] GC(160) PSYoungGen: 82080K(92160K)->66688K(95232K) Eden: 16384K(16384K)->0K(11776K) From: 65696K(75776K)->66688K(83456K)
[9.863s][info][gc,heap        ] GC(160) ParOldGen: 1456253K(1502208K)->1471805K(1502208K)
[9.863s][info][gc,metaspace   ] GC(160) Metaspace: 6297K(6464K)->6297K(6464K) NonClass: 5764K(5824K)->5764K(5824K) Class: 533K(640K)->533K(640K)
[9.863s][info][gc             ] GC(160) Pause Young (Allocation Failure) 1502M->1502M(1560M) 40.238ms
[9.863s][info][gc,cpu         ] GC(160) User=0.22s Sys=0.03s Real=0.04s
[9.863s][info][gc,start       ] GC(161) Pause Full (Ergonomics)
[9.863s][info][gc,phases,start] GC(161) Marking Phase
[10.204s][info][gc,phases      ] GC(161) Marking Phase 341.714ms
[10.204s][info][gc,phases,start] GC(161) Summary Phase
[10.204s][info][gc,phases      ] GC(161) Summary Phase 0.029ms
[10.204s][info][gc,phases,start] GC(161) Adjust Roots
[10.205s][info][gc,phases      ] GC(161) Adjust Roots 0.158ms
[10.205s][info][gc,phases,start] GC(161) Compaction Phase
[10.345s][info][gc,phases      ] GC(161) Compaction Phase 140.243ms
[10.345s][info][gc,phases,start] GC(161) Post Compact
[10.348s][info][gc,phases      ] GC(161) Post Compact 2.825ms
[10.348s][info][gc,heap        ] GC(161) PSYoungGen: 66688K(95232K)->35789K(95232K) Eden: 0K(11776K)->0K(11776K) From: 66688K(83456K)->35789K(83456K)
[10.348s][info][gc,heap        ] GC(161) ParOldGen: 1471805K(1502208K)->1502155K(1502208K)
[10.348s][info][gc,metaspace   ] GC(161) Metaspace: 6297K(6464K)->6297K(6464K) NonClass: 5764K(5824K)->5764K(5824K) Class: 533K(640K)->533K(640K)
[10.348s][info][gc             ] GC(161) Pause Full (Ergonomics) 1502M->1501M(1560M) 485.378ms
[10.348s][info][gc,cpu         ] GC(161) User=3.38s Sys=0.02s Real=0.49s
[10.360s][info][gc,start       ] GC(162) Pause Full (Ergonomics)
[10.360s][info][gc,phases,start] GC(162) Marking Phase
[10.714s][info][gc,phases      ] GC(162) Marking Phase 354.280ms
[10.714s][info][gc,phases,start] GC(162) Summary Phase
[10.714s][info][gc,phases      ] GC(162) Summary Phase 0.038ms
[10.714s][info][gc,phases,start] GC(162) Adjust Roots
[10.714s][info][gc,phases      ] GC(162) Adjust Roots 0.223ms
[10.715s][info][gc,phases,start] GC(162) Compaction Phase
[10.842s][info][gc,phases      ] GC(162) Compaction Phase 127.793ms
[10.842s][info][gc,phases,start] GC(162) Post Compact
[10.845s][info][gc,phases      ] GC(162) Post Compact 2.724ms
[10.845s][info][gc,heap        ] GC(162) PSYoungGen: 47565K(95232K)->47537K(95232K) Eden: 11776K(11776K)->11747K(11776K) From: 35789K(83456K)->35789K(83456K)
[10.845s][info][gc,heap        ] GC(162) ParOldGen: 1502155K(1502208K)->1502155K(1502208K)
[10.845s][info][gc,metaspace   ] GC(162) Metaspace: 6297K(6464K)->6297K(6464K) NonClass: 5764K(5824K)->5764K(5824K) Class: 533K(640K)->533K(640K)
[10.845s][info][gc             ] GC(162) Pause Full (Ergonomics) 1513M->1513M(1560M) 485.401ms
[10.845s][info][gc,cpu         ] GC(162) User=3.44s Sys=0.00s Real=0.48s
[10.845s][info][gc,start       ] GC(163) Pause Full (Ergonomics)
[10.845s][info][gc,phases,start] GC(163) Marking Phase
[11.176s][info][gc,phases      ] GC(163) Marking Phase 330.784ms
[11.176s][info][gc,phases,start] GC(163) Summary Phase
[11.176s][info][gc,phases      ] GC(163) Summary Phase 0.028ms
[11.176s][info][gc,phases,start] GC(163) Adjust Roots
[11.176s][info][gc,phases      ] GC(163) Adjust Roots 0.173ms
[11.177s][info][gc,phases,start] GC(163) Compaction Phase
[11.295s][info][gc,phases      ] GC(163) Compaction Phase 118.855ms
[11.295s][info][gc,phases,start] GC(163) Post Compact
[11.298s][info][gc,phases      ] GC(163) Post Compact 2.933ms
[11.298s][info][gc,heap        ] GC(163) PSYoungGen: 47565K(95232K)->47565K(95232K) Eden: 11776K(11776K)->11775K(11776K) From: 35789K(83456K)->35789K(83456K)
[11.298s][info][gc,heap        ] GC(163) ParOldGen: 1502155K(1502208K)->1502155K(1502208K)
[11.299s][info][gc,metaspace   ] GC(163) Metaspace: 6297K(6464K)->6297K(6464K) NonClass: 5764K(5824K)->5764K(5824K) Class: 533K(640K)->533K(640K)
[11.299s][info][gc             ] GC(163) Pause Full (Ergonomics) 1513M->1513M(1560M) 453.126ms
[11.299s][info][gc,cpu         ] GC(163) User=3.22s Sys=0.00s Real=0.45s
[11.299s][info][gc,start       ] GC(164) Pause Full (Ergonomics)
[11.299s][info][gc,phases,start] GC(164) Marking Phase
[11.644s][info][gc,phases      ] GC(164) Marking Phase 345.467ms
[11.644s][info][gc,phases,start] GC(164) Summary Phase
[11.644s][info][gc,phases      ] GC(164) Summary Phase 0.028ms
[11.644s][info][gc,phases,start] GC(164) Adjust Roots
[11.645s][info][gc,phases      ] GC(164) Adjust Roots 0.157ms
[11.645s][info][gc,phases,start] GC(164) Compaction Phase
[11.758s][info][gc,phases      ] GC(164) Compaction Phase 113.757ms
[11.758s][info][gc,phases,start] GC(164) Post Compact
[11.761s][info][gc,phases      ] GC(164) Post Compact 2.925ms
[11.761s][info][gc,heap        ] GC(164) PSYoungGen: 47565K(95232K)->47565K(95232K) Eden: 11775K(11776K)->11775K(11776K) From: 35789K(83456K)->35789K(83456K)
[11.761s][info][gc,heap        ] GC(164) ParOldGen: 1502155K(1502208K)->1502155K(1502208K)
[11.761s][info][gc,metaspace   ] GC(164) Metaspace: 6297K(6464K)->6297K(6464K) NonClass: 5764K(5824K)->5764K(5824K) Class: 533K(640K)->533K(640K)
[11.761s][info][gc             ] GC(164) Pause Full (Ergonomics) 1513M->1513M(1560M) 462.703ms
[11.761s][info][gc,cpu         ] GC(164) User=3.28s Sys=0.00s Real=0.46s
[11.762s][info][gc,start       ] GC(165) Pause Full (Ergonomics)
[11.762s][info][gc,phases,start] GC(165) Marking Phase
[12.096s][info][gc,phases      ] GC(165) Marking Phase 334.501ms
[12.096s][info][gc,phases,start] GC(165) Summary Phase
[12.096s][info][gc,phases      ] GC(165) Summary Phase 0.028ms
[12.096s][info][gc,phases,start] GC(165) Adjust Roots
[12.096s][info][gc,phases      ] GC(165) Adjust Roots 0.159ms
[12.097s][info][gc,phases,start] GC(165) Compaction Phase
[12.212s][info][gc,phases      ] GC(165) Compaction Phase 115.412ms
[12.212s][info][gc,phases,start] GC(165) Post Compact
[12.215s][info][gc,phases      ] GC(165) Post Compact 2.742ms
[12.215s][info][gc,heap        ] GC(165) PSYoungGen: 47565K(95232K)->47565K(95232K) Eden: 11775K(11776K)->11775K(11776K) From: 35789K(83456K)->35789K(83456K)
[12.215s][info][gc,heap        ] GC(165) ParOldGen: 1502159K(1502208K)->1502159K(1502208K)
[12.215s][info][gc,metaspace   ] GC(165) Metaspace: 6297K(6464K)->6297K(6464K) NonClass: 5764K(5824K)->5764K(5824K) Class: 533K(640K)->533K(640K)
[12.215s][info][gc             ] GC(165) Pause Full (Ergonomics) 1513M->1513M(1560M) 453.191ms
[12.215s][info][gc,cpu         ] GC(165) User=3.11s Sys=0.00s Real=0.45s
[12.215s][info][gc,start       ] GC(166) Pause Full (Ergonomics)
[12.215s][info][gc,phases,start] GC(166) Marking Phase
[12.556s][info][gc,phases      ] GC(166) Marking Phase 340.482ms
[12.556s][info][gc,phases,start] GC(166) Summary Phase
[12.556s][info][gc,phases      ] GC(166) Summary Phase 0.028ms
[12.556s][info][gc,phases,start] GC(166) Adjust Roots
[12.556s][info][gc,phases      ] GC(166) Adjust Roots 0.155ms
[12.556s][info][gc,phases,start] GC(166) Compaction Phase
[12.674s][info][gc,phases      ] GC(166) Compaction Phase 117.919ms
[12.674s][info][gc,phases,start] GC(166) Post Compact
[12.677s][info][gc,phases      ] GC(166) Post Compact 2.919ms
[12.677s][info][gc,heap        ] GC(166) PSYoungGen: 47565K(95232K)->47565K(95232K) Eden: 11775K(11776K)->11775K(11776K) From: 35789K(83456K)->35789K(83456K)
[12.677s][info][gc,heap        ] GC(166) ParOldGen: 1502164K(1502208K)->1502164K(1502208K)
[12.677s][info][gc,metaspace   ] GC(166) Metaspace: 6297K(6464K)->6297K(6464K) NonClass: 5764K(5824K)->5764K(5824K) Class: 533K(640K)->533K(640K)
[12.677s][info][gc             ] GC(166) Pause Full (Ergonomics) 1513M->1513M(1560M) 461.876ms
[12.677s][info][gc,cpu         ] GC(166) User=3.17s Sys=0.00s Real=0.46s
[12.677s][info][gc,start       ] GC(167) Pause Full (Ergonomics)
[12.677s][info][gc,phases,start] GC(167) Marking Phase
[13.026s][info][gc,phases      ] GC(167) Marking Phase 348.781ms
[13.026s][info][gc,phases,start] GC(167) Summary Phase
[13.026s][info][gc,phases      ] GC(167) Summary Phase 0.028ms
[13.026s][info][gc,phases,start] GC(167) Adjust Roots
[13.026s][info][gc,phases      ] GC(167) Adjust Roots 0.169ms
[13.026s][info][gc,phases,start] GC(167) Compaction Phase
[13.147s][info][gc,phases      ] GC(167) Compaction Phase 120.398ms
[13.147s][info][gc,phases,start] GC(167) Post Compact
[13.150s][info][gc,phases      ] GC(167) Post Compact 2.885ms
[13.150s][info][gc,heap        ] GC(167) PSYoungGen: 47565K(95232K)->47565K(95232K) Eden: 11775K(11776K)->11775K(11776K) From: 35789K(83456K)->35789K(83456K)
[13.150s][info][gc,heap        ] GC(167) ParOldGen: 1502169K(1502208K)->1502169K(1502208K)
[13.150s][info][gc,metaspace   ] GC(167) Metaspace: 6297K(6464K)->6297K(6464K) NonClass: 5764K(5824K)->5764K(5824K) Class: 533K(640K)->533K(640K)
[13.150s][info][gc             ] GC(167) Pause Full (Ergonomics) 1513M->1513M(1560M) 472.637ms
[13.150s][info][gc,cpu         ] GC(167) User=3.27s Sys=0.03s Real=0.47s
[13.150s][info][gc,start       ] GC(168) Pause Full (Ergonomics)
[13.150s][info][gc,phases,start] GC(168) Marking Phase
[13.490s][info][gc,phases      ] GC(168) Marking Phase 340.002ms
[13.490s][info][gc,phases,start] GC(168) Summary Phase
[13.490s][info][gc,phases      ] GC(168) Summary Phase 0.028ms
[13.490s][info][gc,phases,start] GC(168) Adjust Roots
[13.490s][info][gc,phases      ] GC(168) Adjust Roots 0.158ms
[13.490s][info][gc,phases,start] GC(168) Compaction Phase
[13.612s][info][gc,phases      ] GC(168) Compaction Phase 121.630ms
[13.612s][info][gc,phases,start] GC(168) Post Compact
[13.615s][info][gc,phases      ] GC(168) Post Compact 2.767ms
[13.615s][info][gc,heap        ] GC(168) PSYoungGen: 47565K(95232K)->47565K(95232K) Eden: 11775K(11776K)->11775K(11776K) From: 35789K(83456K)->35789K(83456K)
[13.615s][info][gc,heap        ] GC(168) ParOldGen: 1502173K(1502208K)->1502173K(1502208K)
[13.615s][info][gc,metaspace   ] GC(168) Metaspace: 6297K(6464K)->6297K(6464K) NonClass: 5764K(5824K)->5764K(5824K) Class: 533K(640K)->533K(640K)
[13.615s][info][gc             ] GC(168) Pause Full (Ergonomics) 1513M->1513M(1560M) 464.936ms
[13.615s][info][gc,cpu         ] GC(168) User=3.25s Sys=0.00s Real=0.46s
[13.615s][info][gc,start       ] GC(169) Pause Full (Ergonomics)
[13.615s][info][gc,phases,start] GC(169) Marking Phase
[13.953s][info][gc,phases      ] GC(169) Marking Phase 338.175ms
[13.954s][info][gc,phases,start] GC(169) Summary Phase
[13.954s][info][gc,phases      ] GC(169) Summary Phase 0.028ms
[13.954s][info][gc,phases,start] GC(169) Adjust Roots
[13.954s][info][gc,phases      ] GC(169) Adjust Roots 0.184ms
[13.954s][info][gc,phases,start] GC(169) Compaction Phase
[14.067s][info][gc,phases      ] GC(169) Compaction Phase 113.234ms
[14.067s][info][gc,phases,start] GC(169) Post Compact
[14.070s][info][gc,phases      ] GC(169) Post Compact 2.986ms
[14.070s][info][gc,heap        ] GC(169) PSYoungGen: 47565K(95232K)->47565K(95232K) Eden: 11775K(11776K)->11775K(11776K) From: 35789K(83456K)->35789K(83456K)
[14.070s][info][gc,heap        ] GC(169) ParOldGen: 1502178K(1502208K)->1502178K(1502208K)
[14.070s][info][gc,metaspace   ] GC(169) Metaspace: 6297K(6464K)->6297K(6464K) NonClass: 5764K(5824K)->5764K(5824K) Class: 533K(640K)->533K(640K)
[14.070s][info][gc             ] GC(169) Pause Full (Ergonomics) 1513M->1513M(1560M) 454.996ms
[14.070s][info][gc,cpu         ] GC(169) User=3.34s Sys=0.00s Real=0.45s
[14.070s][info][gc,start       ] GC(170) Pause Full (Ergonomics)
[14.070s][info][gc,phases,start] GC(170) Marking Phase
[14.410s][info][gc,phases      ] GC(170) Marking Phase 339.675ms
[14.410s][info][gc,phases,start] GC(170) Summary Phase
[14.410s][info][gc,phases      ] GC(170) Summary Phase 0.034ms
[14.410s][info][gc,phases,start] GC(170) Adjust Roots
[14.410s][info][gc,phases      ] GC(170) Adjust Roots 0.195ms
[14.411s][info][gc,phases,start] GC(170) Compaction Phase
[14.523s][info][gc,phases      ] GC(170) Compaction Phase 112.869ms
[14.523s][info][gc,phases,start] GC(170) Post Compact
[14.526s][info][gc,phases      ] GC(170) Post Compact 2.881ms
[14.526s][info][gc,heap        ] GC(170) PSYoungGen: 47565K(95232K)->47565K(95232K) Eden: 11775K(11776K)->11775K(11776K) From: 35789K(83456K)->35789K(83456K)
[14.527s][info][gc,heap        ] GC(170) ParOldGen: 1502183K(1502208K)->1502183K(1502208K)
[14.527s][info][gc,metaspace   ] GC(170) Metaspace: 6297K(6464K)->6297K(6464K) NonClass: 5764K(5824K)->5764K(5824K) Class: 533K(640K)->533K(640K)
[14.527s][info][gc             ] GC(170) Pause Full (Ergonomics) 1513M->1513M(1560M) 456.145ms
[14.527s][info][gc,cpu         ] GC(170) User=3.20s Sys=0.03s Real=0.46s
[14.527s][info][gc,start       ] GC(171) Pause Full (Ergonomics)
[14.527s][info][gc,phases,start] GC(171) Marking Phase
[14.878s][info][gc,phases      ] GC(171) Marking Phase 351.241ms
[14.878s][info][gc,phases,start] GC(171) Summary Phase
[14.878s][info][gc,phases      ] GC(171) Summary Phase 0.027ms
[14.878s][info][gc,phases,start] GC(171) Adjust Roots
[14.878s][info][gc,phases      ] GC(171) Adjust Roots 0.161ms
[14.878s][info][gc,phases,start] GC(171) Compaction Phase
[14.996s][info][gc,phases      ] GC(171) Compaction Phase 117.856ms
[14.996s][info][gc,phases,start] GC(171) Post Compact
[14.999s][info][gc,phases      ] GC(171) Post Compact 2.675ms
[14.999s][info][gc,heap        ] GC(171) PSYoungGen: 47565K(95232K)->47565K(95232K) Eden: 11775K(11776K)->11775K(11776K) From: 35789K(83456K)->35789K(83456K)
[14.999s][info][gc,heap        ] GC(171) ParOldGen: 1502187K(1502208K)->1502187K(1502208K)
[14.999s][info][gc,metaspace   ] GC(171) Metaspace: 6297K(6464K)->6297K(6464K) NonClass: 5764K(5824K)->5764K(5824K) Class: 533K(640K)->533K(640K)
[14.999s][info][gc             ] GC(171) Pause Full (Ergonomics) 1513M->1513M(1560M) 472.297ms
[14.999s][info][gc,cpu         ] GC(171) User=3.20s Sys=0.00s Real=0.47s
[14.999s][info][gc,start       ] GC(172) Pause Full (Ergonomics)
[14.999s][info][gc,phases,start] GC(172) Marking Phase
[15.340s][info][gc,phases      ] GC(172) Marking Phase 341.051ms
[15.341s][info][gc,phases,start] GC(172) Summary Phase
[15.341s][info][gc,phases      ] GC(172) Summary Phase 0.028ms
[15.341s][info][gc,phases,start] GC(172) Adjust Roots
[15.341s][info][gc,phases      ] GC(172) Adjust Roots 0.157ms
[15.341s][info][gc,phases,start] GC(172) Compaction Phase
[15.459s][info][gc,phases      ] GC(172) Compaction Phase 118.088ms
[15.459s][info][gc,phases,start] GC(172) Post Compact
[15.462s][info][gc,phases      ] GC(172) Post Compact 2.737ms
[15.462s][info][gc,heap        ] GC(172) PSYoungGen: 47565K(95232K)->47565K(95232K) Eden: 11775K(11776K)->11775K(11776K) From: 35789K(83456K)->35789K(83456K)
[15.462s][info][gc,heap        ] GC(172) ParOldGen: 1502192K(1502208K)->1502192K(1502208K)
[15.462s][info][gc,metaspace   ] GC(172) Metaspace: 6297K(6464K)->6297K(6464K) NonClass: 5764K(5824K)->5764K(5824K) Class: 533K(640K)->533K(640K)
[15.462s][info][gc             ] GC(172) Pause Full (Ergonomics) 1513M->1513M(1560M) 462.412ms
[15.462s][info][gc,cpu         ] GC(172) User=3.30s Sys=0.00s Real=0.46s
[15.462s][info][gc,start       ] GC(173) Pause Full (Ergonomics)
[15.462s][info][gc,phases,start] GC(173) Marking Phase
[15.804s][info][gc,phases      ] GC(173) Marking Phase 341.657ms
[15.804s][info][gc,phases,start] GC(173) Summary Phase
[15.804s][info][gc,phases      ] GC(173) Summary Phase 0.028ms
[15.804s][info][gc,phases,start] GC(173) Adjust Roots
[15.804s][info][gc,phases      ] GC(173) Adjust Roots 0.156ms
[15.804s][info][gc,phases,start] GC(173) Compaction Phase
[15.919s][info][gc,phases      ] GC(173) Compaction Phase 115.126ms
[15.919s][info][gc,phases,start] GC(173) Post Compact
[15.922s][info][gc,phases      ] GC(173) Post Compact 2.687ms
[15.922s][info][gc,heap        ] GC(173) PSYoungGen: 47565K(95232K)->47565K(95232K) Eden: 11775K(11776K)->11775K(11776K) From: 35789K(83456K)->35789K(83456K)
[15.922s][info][gc,heap        ] GC(173) ParOldGen: 1502197K(1502208K)->1502197K(1502208K)
[15.922s][info][gc,metaspace   ] GC(173) Metaspace: 6297K(6464K)->6297K(6464K) NonClass: 5764K(5824K)->5764K(5824K) Class: 533K(640K)->533K(640K)
[15.922s][info][gc             ] GC(173) Pause Full (Ergonomics) 1513M->1513M(1560M) 459.975ms
[15.922s][info][gc,cpu         ] GC(173) User=3.22s Sys=0.00s Real=0.46s
[15.922s][info][gc,start       ] GC(174) Pause Full (Ergonomics)
[15.922s][info][gc,phases,start] GC(174) Marking Phase
[16.264s][info][gc,phases      ] GC(174) Marking Phase 341.961ms
[16.264s][info][gc,phases,start] GC(174) Summary Phase
[16.264s][info][gc,phases      ] GC(174) Summary Phase 0.027ms
[16.264s][info][gc,phases,start] GC(174) Adjust Roots
[16.264s][info][gc,phases      ] GC(174) Adjust Roots 0.157ms
[16.264s][info][gc,phases,start] GC(174) Compaction Phase
[16.382s][info][gc,phases      ] GC(174) Compaction Phase 118.036ms
[16.383s][info][gc,phases,start] GC(174) Post Compact
[16.385s][info][gc,phases      ] GC(174) Post Compact 2.891ms
[16.386s][info][gc,heap        ] GC(174) PSYoungGen: 47565K(95232K)->47565K(95232K) Eden: 11775K(11776K)->11775K(11776K) From: 35789K(83456K)->35789K(83456K)
[16.386s][info][gc,heap        ] GC(174) ParOldGen: 1502201K(1502208K)->1502201K(1502208K)
[16.386s][info][gc,metaspace   ] GC(174) Metaspace: 6297K(6464K)->6297K(6464K) NonClass: 5764K(5824K)->5764K(5824K) Class: 533K(640K)->533K(640K)
[16.386s][info][gc             ] GC(174) Pause Full (Ergonomics) 1513M->1513M(1560M) 463.438ms
[16.386s][info][gc,cpu         ] GC(174) User=3.33s Sys=0.00s Real=0.46s
[16.386s][info][gc,start       ] GC(175) Pause Full (Ergonomics)
[16.386s][info][gc,phases,start] GC(175) Marking Phase
[16.725s][info][gc,phases      ] GC(175) Marking Phase 338.719ms
[16.725s][info][gc,phases,start] GC(175) Summary Phase
[16.725s][info][gc,phases      ] GC(175) Summary Phase 0.028ms
[16.725s][info][gc,phases,start] GC(175) Adjust Roots
[16.725s][info][gc,phases      ] GC(175) Adjust Roots 0.159ms
[16.725s][info][gc,phases,start] GC(175) Compaction Phase
[16.843s][info][gc,phases      ] GC(175) Compaction Phase 118.162ms
[16.843s][info][gc,phases,start] GC(175) Post Compact
[16.846s][info][gc,phases      ] GC(175) Post Compact 2.701ms
[16.846s][info][gc,heap        ] GC(175) PSYoungGen: 47565K(95232K)->47565K(95232K) Eden: 11775K(11776K)->11775K(11776K) From: 35789K(83456K)->35789K(83456K)
[16.846s][info][gc,heap        ] GC(175) ParOldGen: 1502206K(1502208K)->1502206K(1502208K)
[16.846s][info][gc,metaspace   ] GC(175) Metaspace: 6297K(6464K)->6297K(6464K) NonClass: 5764K(5824K)->5764K(5824K) Class: 533K(640K)->533K(640K)
[16.846s][info][gc             ] GC(175) Pause Full (Ergonomics) 1513M->1513M(1560M) 460.109ms
[16.846s][info][gc,cpu         ] GC(175) User=3.28s Sys=0.00s Real=0.46s
[16.846s][info][gc,start       ] GC(176) Pause Full (Ergonomics)
[16.846s][info][gc,phases,start] GC(176) Marking Phase
[17.184s][info][gc,phases      ] GC(176) Marking Phase 337.631ms
[17.184s][info][gc,phases,start] GC(176) Summary Phase
[17.184s][info][gc,phases      ] GC(176) Summary Phase 0.028ms
[17.184s][info][gc,phases,start] GC(176) Adjust Roots
[17.184s][info][gc,phases      ] GC(176) Adjust Roots 0.158ms
[17.184s][info][gc,phases,start] GC(176) Compaction Phase
[17.306s][info][gc,phases      ] GC(176) Compaction Phase 121.482ms
[17.306s][info][gc,phases,start] GC(176) Post Compact
[17.308s][info][gc,phases      ] GC(176) Post Compact 2.886ms
[17.309s][info][gc,heap        ] GC(176) PSYoungGen: 47565K(95232K)->47565K(95232K) Eden: 11775K(11776K)->11775K(11776K) From: 35789K(83456K)->35789K(83456K)
[17.309s][info][gc,heap        ] GC(176) ParOldGen: 1502207K(1502208K)->1502207K(1502208K)
[17.309s][info][gc,metaspace   ] GC(176) Metaspace: 6297K(6464K)->6297K(6464K) NonClass: 5764K(5824K)->5764K(5824K) Class: 533K(640K)->533K(640K)
[17.309s][info][gc             ] GC(176) Pause Full (Ergonomics) 1513M->1513M(1560M) 462.554ms
[17.309s][info][gc,cpu         ] GC(176) User=3.33s Sys=0.00s Real=0.46s
[17.309s][info][gc,start       ] GC(177) Pause Full (Allocation Failure)
[17.309s][info][gc,phases,start] GC(177) Marking Phase
[17.650s][info][gc,phases      ] GC(177) Marking Phase 341.654ms
[17.650s][info][gc,phases,start] GC(177) Summary Phase
[17.651s][info][gc,phases      ] GC(177) Summary Phase 0.031ms
[17.651s][info][gc,phases,start] GC(177) Adjust Roots
[17.651s][info][gc,phases      ] GC(177) Adjust Roots 0.361ms
[17.651s][info][gc,phases,start] GC(177) Compaction Phase
[18.045s][info][gc,phases      ] GC(177) Compaction Phase 394.537ms
[18.046s][info][gc,phases,start] GC(177) Post Compact
[18.048s][info][gc,phases      ] GC(177) Post Compact 2.925ms
[18.049s][info][gc,heap        ] GC(177) PSYoungGen: 47565K(95232K)->47565K(95232K) Eden: 11775K(11776K)->11775K(11776K) From: 35789K(83456K)->35789K(83456K)
[18.049s][info][gc,heap        ] GC(177) ParOldGen: 1502207K(1502208K)->1502203K(1502208K)
[18.049s][info][gc,metaspace   ] GC(177) Metaspace: 6297K(6464K)->6295K(6464K) NonClass: 5764K(5824K)->5763K(5824K) Class: 533K(640K)->532K(640K)
[18.049s][info][gc             ] GC(177) Pause Full (Allocation Failure) 1513M->1513M(1560M) 739.858ms
[18.049s][info][gc,cpu         ] GC(177) User=5.30s Sys=0.00s Real=0.74s
[18.049s][info][gc,start       ] GC(178) Pause Full (Ergonomics)
[18.049s][info][gc,phases,start] GC(178) Marking Phase
[18.390s][info][gc,phases      ] GC(178) Marking Phase 341.110ms
[18.390s][info][gc,phases,start] GC(178) Summary Phase
[18.390s][info][gc,phases      ] GC(178) Summary Phase 0.028ms
[18.390s][info][gc,phases,start] GC(178) Adjust Roots
[18.391s][info][gc,phases      ] GC(178) Adjust Roots 0.156ms
[18.391s][info][gc,phases,start] GC(178) Compaction Phase
[18.507s][info][gc,phases      ] GC(178) Compaction Phase 115.934ms
[18.507s][info][gc,phases,start] GC(178) Post Compact
[18.509s][info][gc,phases      ] GC(178) Post Compact 2.783ms
[18.509s][info][gc,heap        ] GC(178) PSYoungGen: 47565K(95232K)->47565K(95232K) Eden: 11775K(11776K)->11775K(11776K) From: 35789K(83456K)->35789K(83456K)
[18.509s][info][gc,heap        ] GC(178) ParOldGen: 1502207K(1502208K)->1502207K(1502208K)
[18.510s][info][gc,metaspace   ] GC(178) Metaspace: 6295K(6464K)->6295K(6464K) NonClass: 5763K(5824K)->5763K(5824K) Class: 532K(640K)->532K(640K)
[18.510s][info][gc             ] GC(178) Pause Full (Ergonomics) 1513M->1513M(1560M) 460.381ms
[18.510s][info][gc,cpu         ] GC(178) User=3.34s Sys=0.00s Real=0.46s
[18.510s][info][gc,start       ] GC(179) Pause Full (Ergonomics)
[18.510s][info][gc,phases,start] GC(179) Marking Phase
[18.841s][info][gc,phases      ] GC(179) Marking Phase 331.144ms
[18.841s][info][gc,phases,start] GC(179) Summary Phase
[18.841s][info][gc,phases      ] GC(179) Summary Phase 0.028ms
[18.841s][info][gc,phases,start] GC(179) Adjust Roots
[18.842s][info][gc,phases      ] GC(179) Adjust Roots 0.157ms
[18.842s][info][gc,phases,start] GC(179) Compaction Phase
[18.963s][info][gc,phases      ] GC(179) Compaction Phase 121.348ms
[18.963s][info][gc,phases,start] GC(179) Post Compact
[18.966s][info][gc,phases      ] GC(179) Post Compact 2.944ms
[18.966s][info][gc,heap        ] GC(179) PSYoungGen: 47565K(95232K)->47565K(95232K) Eden: 11775K(11776K)->11775K(11776K) From: 35789K(83456K)->35789K(83456K)
[18.966s][info][gc,heap        ] GC(179) ParOldGen: 1502207K(1502208K)->1502207K(1502208K)
[18.966s][info][gc,metaspace   ] GC(179) Metaspace: 6295K(6464K)->6295K(6464K) NonClass: 5763K(5824K)->5763K(5824K) Class: 532K(640K)->532K(640K)
[18.966s][info][gc             ] GC(179) Pause Full (Ergonomics) 1513M->1513M(1560M) 455.967ms
[18.966s][info][gc,cpu         ] GC(179) User=3.06s Sys=0.00s Real=0.46s
[18.966s][info][gc,start       ] GC(180) Pause Full (Allocation Failure)
[18.966s][info][gc,phases,start] GC(180) Marking Phase
[19.307s][info][gc,phases      ] GC(180) Marking Phase 341.166ms
[19.307s][info][gc,phases,start] GC(180) Summary Phase
[19.307s][info][gc,phases      ] GC(180) Summary Phase 0.028ms
[19.307s][info][gc,phases,start] GC(180) Adjust Roots
[19.308s][info][gc,phases      ] GC(180) Adjust Roots 0.160ms
[19.308s][info][gc,phases,start] GC(180) Compaction Phase
[19.425s][info][gc,phases      ] GC(180) Compaction Phase 117.719ms
[19.425s][info][gc,phases,start] GC(180) Post Compact
[19.429s][info][gc,phases      ] GC(180) Post Compact 3.102ms
[19.429s][info][gc,heap        ] GC(180) PSYoungGen: 47565K(95232K)->47565K(95232K) Eden: 11775K(11776K)->11775K(11776K) From: 35789K(83456K)->35789K(83456K)
[19.429s][info][gc,heap        ] GC(180) ParOldGen: 1502207K(1502208K)->1502207K(1502208K)
[19.429s][info][gc,metaspace   ] GC(180) Metaspace: 6295K(6464K)->6295K(6464K) NonClass: 5763K(5824K)->5763K(5824K) Class: 532K(640K)->532K(640K)
[19.429s][info][gc             ] GC(180) Pause Full (Allocation Failure) 1513M->1513M(1560M) 462.493ms
[19.429s][info][gc,cpu         ] GC(180) User=3.22s Sys=0.00s Real=0.46s
[19.429s][info][gc,start       ] GC(181) Pause Full (Ergonomics)
[19.429s][info][gc,phases,start] GC(181) Marking Phase
[19.772s][info][gc,phases      ] GC(181) Marking Phase 342.898ms
[19.772s][info][gc,phases,start] GC(181) Summary Phase
[19.772s][info][gc,phases      ] GC(181) Summary Phase 0.039ms
[19.772s][info][gc,phases,start] GC(181) Adjust Roots
[19.773s][info][gc,phases      ] GC(181) Adjust Roots 0.305ms
[19.773s][info][gc,phases,start] GC(181) Compaction Phase
[20.165s][info][gc,phases      ] GC(181) Compaction Phase 392.763ms
[20.165s][info][gc,phases,start] GC(181) Post Compact
[20.168s][info][gc,phases      ] GC(181) Post Compact 2.912ms
[20.168s][info][gc,heap        ] GC(181) PSYoungGen: 47565K(95232K)->47565K(95232K) Eden: 11775K(11776K)->11775K(11776K) From: 35789K(83456K)->35789K(83456K)
[20.168s][info][gc,heap        ] GC(181) ParOldGen: 1502207K(1502208K)->1502206K(1502208K)
[20.168s][info][gc,metaspace   ] GC(181) Metaspace: 6295K(6464K)->6295K(6464K) NonClass: 5763K(5824K)->5763K(5824K) Class: 532K(640K)->532K(640K)
[20.168s][info][gc             ] GC(181) Pause Full (Ergonomics) 1513M->1513M(1560M) 739.313ms
[20.168s][info][gc,cpu         ] GC(181) User=5.33s Sys=0.00s Real=0.74s
[20.170s][info][gc,start       ] GC(182) Pause Full (Ergonomics)
[20.170s][info][gc,phases,start] GC(182) Marking Phase
[20.504s][info][gc,phases      ] GC(182) Marking Phase 334.460ms
[20.504s][info][gc,phases,start] GC(182) Summary Phase
[20.504s][info][gc,phases      ] GC(182) Summary Phase 0.050ms
[20.504s][info][gc,phases,start] GC(182) Adjust Roots
[20.505s][info][gc,phases      ] GC(182) Adjust Roots 0.426ms
[20.505s][info][gc,phases,start] GC(182) Compaction Phase
[20.903s][info][gc,phases      ] GC(182) Compaction Phase 397.856ms
[20.903s][info][gc,phases,start] GC(182) Post Compact
[20.906s][info][gc,phases      ] GC(182) Post Compact 3.011ms
[20.906s][info][gc,heap        ] GC(182) PSYoungGen: 47565K(95232K)->47565K(95232K) Eden: 11775K(11776K)->11775K(11776K) From: 35789K(83456K)->35789K(83456K)
[20.906s][info][gc,heap        ] GC(182) ParOldGen: 1502207K(1502208K)->1502205K(1502208K)
[20.906s][info][gc,metaspace   ] GC(182) Metaspace: 6297K(6464K)->6297K(6464K) NonClass: 5763K(5824K)->5763K(5824K) Class: 533K(640K)->533K(640K)
[20.906s][info][gc             ] GC(182) Pause Full (Ergonomics) 1513M->1513M(1560M) 736.194ms
[20.906s][info][gc,cpu         ] GC(182) User=5.09s Sys=0.02s Real=0.74s
[20.906s][info][gc,heap,exit   ] Heap
[20.906s][info][gc,heap,exit   ]  PSYoungGen      total 95232K, used 47565K [0x00000007d2300000, 0x00000007de000000, 0x0000000800000000)
[20.907s][info][gc,heap,exit   ]   eden space 11776K, 99% used [0x00000007d2300000,0x00000007d2e7fff8,0x00000007d2e80000)
[20.907s][info][gc,heap,exit   ]   from space 83456K, 42% used [0x00000007d8680000,0x00000007da9736e8,0x00000007dd800000)
[20.907s][info][gc,heap,exit   ]   to   space 90112K, 0% used [0x00000007d2e80000,0x00000007d2e80000,0x00000007d8680000)
[20.907s][info][gc,heap,exit   ]  ParOldGen       total 1502208K, used 1502205K [0x0000000776800000, 0x00000007d2300000, 0x00000007d2300000)
[20.907s][info][gc,heap,exit   ]   object space 1502208K, 99% used [0x0000000776800000,0x00000007d22ff7f8,0x00000007d2300000)
[20.907s][info][gc,heap,exit   ]  Metaspace       used 6300K, committed 6464K, reserved 1114112K
[20.907s][info][gc,heap,exit   ]   class space    used 534K, committed 640K, reserved 1048576K
