[0.013s][info][gc,init] CardTable entry size: 512
[0.013s][info][gc     ] Using Parallel
[0.014s][info][gc,init] Version: 18.0.1+10 (release)
[0.014s][info][gc,init] CPUs: 8 total, 8 available
[0.014s][info][gc,init] Memory: 16063M
[0.014s][info][gc,init] Large Page Support: Disabled
[0.014s][info][gc,init] NUMA Support: Disabled
[0.014s][info][gc,init] Compressed Oops: Enabled (Zero based)
[0.014s][info][gc,init] Alignments: Space 512K, Generation 512K, Heap 2M
[0.014s][info][gc,init] Heap Min Capacity: 2M
[0.015s][info][gc,init] Heap Initial Capacity: 2M
[0.015s][info][gc,init] Heap Max Capacity: 13300M
[0.015s][info][gc,init] Pre-touch: Disabled
[0.015s][info][gc,init] Parallel Workers: 8
[0.015s][info][gc,metaspace] CDS archive(s) not mapped
[0.015s][info][gc,metaspace] Compressed class space mapped at: 0x0000000800000000-0x0000000840000000, reserved size: 1073741824
[0.015s][info][gc,metaspace] Narrow klass base: 0x0000000800000000, Narrow klass shift: 0, Narrow klass range: 0x40000000
[0.119s][info][gc,start    ] GC(0) Pause Young (Allocation Failure)
[0.121s][info][gc,heap     ] GC(0) PSYoungGen: 512K(1024K)->480K(1024K) Eden: 512K(512K)->0K(512K) From: 0K(512K)->480K(512K)
[0.121s][info][gc,heap     ] GC(0) ParOldGen: 0K(512K)->8K(512K)
[0.121s][info][gc,metaspace] GC(0) Metaspace: 4229K(4352K)->4229K(4352K) NonClass: 3908K(3968K)->3908K(3968K) Class: 321K(384K)->321K(384K)
[0.121s][info][gc          ] GC(0) Pause Young (Allocation Failure) 0M->0M(1M) 1.636ms
[0.121s][info][gc,cpu      ] GC(0) User=0.02s Sys=0.00s Real=0.00s
[0.184s][info][gc,start    ] GC(1) Pause Young (Allocation Failure)
[0.185s][info][gc,heap     ] GC(1) PSYoungGen: 991K(1024K)->512K(1536K) Eden: 511K(512K)->0K(1024K) From: 480K(512K)->512K(512K)
[0.185s][info][gc,heap     ] GC(1) ParOldGen: 8K(512K)->88K(512K)
[0.185s][info][gc,metaspace] GC(1) Metaspace: 5881K(6016K)->5881K(6016K) NonClass: 5384K(5504K)->5384K(5504K) Class: 496K(512K)->496K(512K)
[0.185s][info][gc          ] GC(1) Pause Young (Allocation Failure) 0M->0M(2M) 0.975ms
[0.185s][info][gc,cpu      ] GC(1) User=0.00s Sys=0.00s Real=0.00s
[0.204s][info][gc,start    ] GC(2) Pause Young (Allocation Failure)
[0.205s][info][gc,heap     ] GC(2) PSYoungGen: 1536K(1536K)->512K(1536K) Eden: 1024K(1024K)->0K(1024K) From: 512K(512K)->512K(512K)
[0.205s][info][gc,heap     ] GC(2) ParOldGen: 88K(512K)->520K(1024K)
[0.205s][info][gc,metaspace] GC(2) Metaspace: 6298K(6464K)->6298K(6464K) NonClass: 5765K(5824K)->5765K(5824K) Class: 533K(640K)->533K(640K)
[0.205s][info][gc          ] GC(2) Pause Young (Allocation Failure) 1M->1M(2M) 1.359ms
[0.205s][info][gc,cpu      ] GC(2) User=0.00s Sys=0.00s Real=0.00s
[0.207s][info][gc,start    ] GC(3) Pause Young (Allocation Failure)
[0.208s][info][gc,heap     ] GC(3) PSYoungGen: 1536K(1536K)->480K(2560K) Eden: 1024K(1024K)->0K(2048K) From: 512K(512K)->480K(512K)
[0.208s][info][gc,heap     ] GC(3) ParOldGen: 520K(1024K)->1068K(1536K)
[0.208s][info][gc,metaspace] GC(3) Metaspace: 6298K(6464K)->6298K(6464K) NonClass: 5765K(5824K)->5765K(5824K) Class: 533K(640K)->533K(640K)
[0.208s][info][gc          ] GC(3) Pause Young (Allocation Failure) 2M->1M(4M) 1.675ms
[0.208s][info][gc,cpu      ] GC(3) User=0.00s Sys=0.00s Real=0.00s
[0.208s][info][gc,start    ] GC(4) Pause Full (Ergonomics)
[0.209s][info][gc,phases,start] GC(4) Marking Phase
[0.210s][info][gc,phases      ] GC(4) Marking Phase 1.506ms
[0.210s][info][gc,phases,start] GC(4) Summary Phase
[0.210s][info][gc,phases      ] GC(4) Summary Phase 0.021ms
[0.210s][info][gc,phases,start] GC(4) Adjust Roots
[0.211s][info][gc,phases      ] GC(4) Adjust Roots 0.482ms
[0.211s][info][gc,phases,start] GC(4) Compaction Phase
[0.213s][info][gc,phases      ] GC(4) Compaction Phase 2.553ms
[0.213s][info][gc,phases,start] GC(4) Post Compact
[0.213s][info][gc,phases      ] GC(4) Post Compact 0.102ms
[0.213s][info][gc,heap        ] GC(4) PSYoungGen: 480K(2560K)->0K(2560K) Eden: 0K(2048K)->0K(2048K) From: 480K(512K)->0K(512K)
[0.213s][info][gc,heap        ] GC(4) ParOldGen: 1068K(1536K)->1495K(3584K)
[0.214s][info][gc,metaspace   ] GC(4) Metaspace: 6298K(6464K)->6298K(6464K) NonClass: 5765K(5824K)->5765K(5824K) Class: 533K(640K)->533K(640K)
[0.214s][info][gc             ] GC(4) Pause Full (Ergonomics) 1M->1M(6M) 5.084ms
[0.214s][info][gc,cpu         ] GC(4) User=0.00s Sys=0.00s Real=0.01s
[0.217s][info][gc,start       ] GC(5) Pause Young (Allocation Failure)
[0.219s][info][gc,heap        ] GC(5) PSYoungGen: 2048K(2560K)->480K(3584K) Eden: 2048K(2048K)->0K(3072K) From: 0K(512K)->480K(512K)
[0.219s][info][gc,heap        ] GC(5) ParOldGen: 1495K(3584K)->2111K(3584K)
[0.219s][info][gc,metaspace   ] GC(5) Metaspace: 6298K(6464K)->6298K(6464K) NonClass: 5765K(5824K)->5765K(5824K) Class: 533K(640K)->533K(640K)
[0.219s][info][gc             ] GC(5) Pause Young (Allocation Failure) 3M->2M(7M) 1.410ms
[0.219s][info][gc,cpu         ] GC(5) User=0.00s Sys=0.00s Real=0.00s
[0.224s][info][gc,start       ] GC(6) Pause Young (Allocation Failure)
[0.226s][info][gc,heap        ] GC(6) PSYoungGen: 3552K(3584K)->1504K(4608K) Eden: 3072K(3072K)->0K(3072K) From: 480K(512K)->1504K(1536K)
[0.226s][info][gc,heap        ] GC(6) ParOldGen: 2111K(3584K)->2687K(3584K)
[0.226s][info][gc,metaspace   ] GC(6) Metaspace: 6298K(6464K)->6298K(6464K) NonClass: 5765K(5824K)->5765K(5824K) Class: 533K(640K)->533K(640K)
[0.226s][info][gc             ] GC(6) Pause Young (Allocation Failure) 5M->4M(8M) 2.250ms
[0.226s][info][gc,cpu         ] GC(6) User=0.00s Sys=0.00s Real=0.00s
[0.226s][info][gc,start       ] GC(7) Pause Full (Ergonomics)
[0.226s][info][gc,phases,start] GC(7) Marking Phase
[0.229s][info][gc,phases      ] GC(7) Marking Phase 2.191ms
[0.229s][info][gc,phases,start] GC(7) Summary Phase
[0.229s][info][gc,phases      ] GC(7) Summary Phase 0.017ms
[0.229s][info][gc,phases,start] GC(7) Adjust Roots
[0.229s][info][gc,phases      ] GC(7) Adjust Roots 0.364ms
[0.229s][info][gc,phases,start] GC(7) Compaction Phase
[0.234s][info][gc,phases      ] GC(7) Compaction Phase 4.492ms
[0.234s][info][gc,phases,start] GC(7) Post Compact
[0.234s][info][gc,phases      ] GC(7) Post Compact 0.034ms
[0.234s][info][gc,heap        ] GC(7) PSYoungGen: 1504K(4608K)->990K(4608K) Eden: 0K(3072K)->0K(3072K) From: 1504K(1536K)->990K(1536K)
[0.234s][info][gc,heap        ] GC(7) ParOldGen: 2687K(3584K)->3127K(6144K)
[0.234s][info][gc,metaspace   ] GC(7) Metaspace: 6298K(6464K)->6298K(6464K) NonClass: 5765K(5824K)->5765K(5824K) Class: 533K(640K)->533K(640K)
[0.234s][info][gc             ] GC(7) Pause Full (Ergonomics) 4M->4M(10M) 7.459ms
[0.234s][info][gc,cpu         ] GC(7) User=0.00s Sys=0.00s Real=0.01s
[0.239s][info][gc,start       ] GC(8) Pause Young (Allocation Failure)
[0.242s][info][gc,heap        ] GC(8) PSYoungGen: 4062K(4608K)->2048K(5632K) Eden: 3072K(3072K)->0K(3584K) From: 990K(1536K)->2048K(2048K)
[0.242s][info][gc,heap        ] GC(8) ParOldGen: 3127K(6144K)->3663K(6144K)
[0.242s][info][gc,metaspace   ] GC(8) Metaspace: 6298K(6464K)->6298K(6464K) NonClass: 5765K(5824K)->5765K(5824K) Class: 533K(640K)->533K(640K)
[0.242s][info][gc             ] GC(8) Pause Young (Allocation Failure) 7M->5M(11M) 2.808ms
[0.242s][info][gc,cpu         ] GC(8) User=0.00s Sys=0.00s Real=0.00s
[0.249s][info][gc,start       ] GC(9) Pause Young (Allocation Failure)
[0.254s][info][gc,heap        ] GC(9) PSYoungGen: 5632K(5632K)->3040K(6656K) Eden: 3584K(3584K)->0K(3584K) From: 2048K(2048K)->3040K(3072K)
[0.254s][info][gc,heap        ] GC(9) ParOldGen: 3663K(6144K)->4663K(6144K)
[0.254s][info][gc,metaspace   ] GC(9) Metaspace: 6298K(6464K)->6298K(6464K) NonClass: 5765K(5824K)->5765K(5824K) Class: 533K(640K)->533K(640K)
[0.254s][info][gc             ] GC(9) Pause Young (Allocation Failure) 9M->7M(12M) 4.271ms
[0.254s][info][gc,cpu         ] GC(9) User=0.00s Sys=0.00s Real=0.00s
[0.258s][info][gc,start       ] GC(10) Pause Young (Allocation Failure)
[0.263s][info][gc,heap        ] GC(10) PSYoungGen: 6624K(6656K)->4064K(8704K) Eden: 3584K(3584K)->0K(4608K) From: 3040K(3072K)->4064K(4096K)
[0.263s][info][gc,heap        ] GC(10) ParOldGen: 4663K(6144K)->5503K(6144K)
[0.263s][info][gc,metaspace   ] GC(10) Metaspace: 6298K(6464K)->6298K(6464K) NonClass: 5765K(5824K)->5765K(5824K) Class: 533K(640K)->533K(640K)
[0.263s][info][gc             ] GC(10) Pause Young (Allocation Failure) 11M->9M(14M) 4.465ms
[0.263s][info][gc,cpu         ] GC(10) User=0.02s Sys=0.00s Real=0.01s
[0.263s][info][gc,start       ] GC(11) Pause Full (Ergonomics)
[0.263s][info][gc,phases,start] GC(11) Marking Phase
[0.268s][info][gc,phases      ] GC(11) Marking Phase 5.017ms
[0.268s][info][gc,phases,start] GC(11) Summary Phase
[0.268s][info][gc,phases      ] GC(11) Summary Phase 0.017ms
[0.268s][info][gc,phases,start] GC(11) Adjust Roots
[0.268s][info][gc,phases      ] GC(11) Adjust Roots 0.220ms
[0.268s][info][gc,phases,start] GC(11) Compaction Phase
[0.274s][info][gc,phases      ] GC(11) Compaction Phase 5.710ms
[0.274s][info][gc,phases,start] GC(11) Post Compact
[0.274s][info][gc,phases      ] GC(11) Post Compact 0.050ms
[0.274s][info][gc,heap        ] GC(11) PSYoungGen: 4064K(8704K)->3513K(8704K) Eden: 0K(4608K)->0K(4608K) From: 4064K(4096K)->3513K(4096K)
[0.274s][info][gc,heap        ] GC(11) ParOldGen: 5503K(6144K)->5863K(10240K)
[0.274s][info][gc,metaspace   ] GC(11) Metaspace: 6298K(6464K)->6298K(6464K) NonClass: 5765K(5824K)->5765K(5824K) Class: 533K(640K)->533K(640K)
[0.274s][info][gc             ] GC(11) Pause Full (Ergonomics) 9M->9M(18M) 11.359ms
[0.274s][info][gc,cpu         ] GC(11) User=0.00s Sys=0.00s Real=0.01s
[0.280s][info][gc,start       ] GC(12) Pause Young (Allocation Failure)
[0.285s][info][gc,heap        ] GC(12) PSYoungGen: 7981K(8704K)->4032K(9728K) Eden: 4468K(4608K)->0K(4608K) From: 3513K(4096K)->4032K(5120K)
[0.285s][info][gc,heap        ] GC(12) ParOldGen: 5863K(10240K)->7679K(10240K)
[0.285s][info][gc,metaspace   ] GC(12) Metaspace: 6298K(6464K)->6298K(6464K) NonClass: 5765K(5824K)->5765K(5824K) Class: 533K(640K)->533K(640K)
[0.285s][info][gc             ] GC(12) Pause Young (Allocation Failure) 13M->11M(19M) 5.552ms
[0.285s][info][gc,cpu         ] GC(12) User=0.00s Sys=0.00s Real=0.00s
[0.292s][info][gc,start       ] GC(13) Pause Young (Allocation Failure)
[0.298s][info][gc,heap        ] GC(13) PSYoungGen: 8640K(9728K)->2656K(12288K) Eden: 4608K(4608K)->0K(6656K) From: 4032K(5120K)->2656K(5632K)
[0.298s][info][gc,heap        ] GC(13) ParOldGen: 7679K(10240K)->11775K(11776K)
[0.298s][info][gc,metaspace   ] GC(13) Metaspace: 6298K(6464K)->6298K(6464K) NonClass: 5765K(5824K)->5765K(5824K) Class: 533K(640K)->533K(640K)
[0.298s][info][gc             ] GC(13) Pause Young (Allocation Failure) 15M->14M(23M) 5.862ms
[0.298s][info][gc,cpu         ] GC(13) User=0.00s Sys=0.00s Real=0.01s
[0.298s][info][gc,start       ] GC(14) Pause Full (Ergonomics)
[0.298s][info][gc,phases,start] GC(14) Marking Phase
[0.305s][info][gc,phases      ] GC(14) Marking Phase 6.779ms
[0.305s][info][gc,phases,start] GC(14) Summary Phase
[0.305s][info][gc,phases      ] GC(14) Summary Phase 0.019ms
[0.305s][info][gc,phases,start] GC(14) Adjust Roots
[0.305s][info][gc,phases      ] GC(14) Adjust Roots 0.178ms
[0.305s][info][gc,phases,start] GC(14) Compaction Phase
[0.311s][info][gc,phases      ] GC(14) Compaction Phase 6.167ms
[0.311s][info][gc,phases,start] GC(14) Post Compact
[0.311s][info][gc,phases      ] GC(14) Post Compact 0.062ms
[0.311s][info][gc,heap        ] GC(14) PSYoungGen: 2656K(12288K)->2621K(12288K) Eden: 0K(6656K)->0K(6656K) From: 2656K(5632K)->2621K(5632K)
[0.312s][info][gc,heap        ] GC(14) ParOldGen: 11775K(11776K)->11415K(18432K)
[0.312s][info][gc,metaspace   ] GC(14) Metaspace: 6298K(6464K)->6298K(6464K) NonClass: 5765K(5824K)->5765K(5824K) Class: 533K(640K)->533K(640K)
[0.312s][info][gc             ] GC(14) Pause Full (Ergonomics) 14M->13M(30M) 13.544ms
[0.312s][info][gc,cpu         ] GC(14) User=0.02s Sys=0.00s Real=0.01s
[0.317s][info][gc,start       ] GC(15) Pause Young (Allocation Failure)
[0.322s][info][gc,heap        ] GC(15) PSYoungGen: 9277K(12288K)->3456K(12288K) Eden: 6656K(6656K)->0K(6656K) From: 2621K(5632K)->3456K(5632K)
[0.323s][info][gc,heap        ] GC(15) ParOldGen: 11415K(18432K)->14079K(18432K)
[0.323s][info][gc,metaspace   ] GC(15) Metaspace: 6300K(6464K)->6300K(6464K) NonClass: 5767K(5824K)->5767K(5824K) Class: 533K(640K)->533K(640K)
[0.323s][info][gc             ] GC(15) Pause Young (Allocation Failure) 20M->17M(30M) 5.289ms
[0.323s][info][gc,cpu         ] GC(15) User=0.00s Sys=0.00s Real=0.01s
[0.328s][info][gc,start       ] GC(16) Pause Young (Allocation Failure)
[0.334s][info][gc,heap        ] GC(16) PSYoungGen: 10112K(12288K)->3488K(14848K) Eden: 6656K(6656K)->0K(9216K) From: 3456K(5632K)->3488K(5632K)
[0.334s][info][gc,heap        ] GC(16) ParOldGen: 14079K(18432K)->17543K(18432K)
[0.334s][info][gc,metaspace   ] GC(16) Metaspace: 6300K(6464K)->6300K(6464K) NonClass: 5767K(5824K)->5767K(5824K) Class: 533K(640K)->533K(640K)
[0.334s][info][gc             ] GC(16) Pause Young (Allocation Failure) 23M->20M(32M) 6.184ms
[0.334s][info][gc,cpu         ] GC(16) User=0.00s Sys=0.00s Real=0.01s
[0.334s][info][gc,start       ] GC(17) Pause Full (Ergonomics)
[0.334s][info][gc,phases,start] GC(17) Marking Phase
[0.344s][info][gc,phases      ] GC(17) Marking Phase 9.599ms
[0.344s][info][gc,phases,start] GC(17) Summary Phase
[0.344s][info][gc,phases      ] GC(17) Summary Phase 0.014ms
[0.344s][info][gc,phases,start] GC(17) Adjust Roots
[0.344s][info][gc,phases      ] GC(17) Adjust Roots 0.214ms
[0.344s][info][gc,phases,start] GC(17) Compaction Phase
[0.351s][info][gc,phases      ] GC(17) Compaction Phase 7.319ms
[0.351s][info][gc,phases,start] GC(17) Post Compact
[0.351s][info][gc,phases      ] GC(17) Post Compact 0.079ms
[0.351s][info][gc,heap        ] GC(17) PSYoungGen: 3488K(14848K)->2923K(14848K) Eden: 0K(9216K)->0K(9216K) From: 3488K(5632K)->2923K(5632K)
[0.351s][info][gc,heap        ] GC(17) ParOldGen: 17543K(18432K)->17949K(27136K)
[0.351s][info][gc,metaspace   ] GC(17) Metaspace: 6300K(6464K)->6300K(6464K) NonClass: 5767K(5824K)->5767K(5824K) Class: 533K(640K)->533K(640K)
[0.351s][info][gc             ] GC(17) Pause Full (Ergonomics) 20M->20M(41M) 17.564ms
[0.351s][info][gc,cpu         ] GC(17) User=0.00s Sys=0.00s Real=0.02s
[0.359s][info][gc,start       ] GC(18) Pause Young (Allocation Failure)
[0.366s][info][gc,heap        ] GC(18) PSYoungGen: 12139K(14848K)->5312K(14848K) Eden: 9216K(9216K)->0K(9216K) From: 2923K(5632K)->5312K(5632K)
[0.366s][info][gc,heap        ] GC(18) ParOldGen: 17949K(27136K)->20925K(27136K)
[0.366s][info][gc,metaspace   ] GC(18) Metaspace: 6300K(6464K)->6300K(6464K) NonClass: 5767K(5824K)->5767K(5824K) Class: 533K(640K)->533K(640K)
[0.366s][info][gc             ] GC(18) Pause Young (Allocation Failure) 29M->25M(41M) 6.890ms
[0.366s][info][gc,cpu         ] GC(18) User=0.00s Sys=0.00s Real=0.01s
[0.371s][info][gc,start       ] GC(19) Pause Young (Allocation Failure)
[0.379s][info][gc,heap        ] GC(19) PSYoungGen: 14528K(14848K)->4832K(18944K) Eden: 9216K(9216K)->0K(12288K) From: 5312K(5632K)->4832K(6656K)
[0.379s][info][gc,heap        ] GC(19) ParOldGen: 20925K(27136K)->26253K(27136K)
[0.380s][info][gc,metaspace   ] GC(19) Metaspace: 6300K(6464K)->6300K(6464K) NonClass: 5767K(5824K)->5767K(5824K) Class: 533K(640K)->533K(640K)
[0.380s][info][gc             ] GC(19) Pause Young (Allocation Failure) 34M->30M(45M) 8.179ms
[0.380s][info][gc,cpu         ] GC(19) User=0.00s Sys=0.00s Real=0.01s
[0.380s][info][gc,start       ] GC(20) Pause Full (Ergonomics)
[0.380s][info][gc,phases,start] GC(20) Marking Phase
[0.393s][info][gc,phases      ] GC(20) Marking Phase 13.537ms
[0.393s][info][gc,phases,start] GC(20) Summary Phase
[0.393s][info][gc,phases      ] GC(20) Summary Phase 0.019ms
[0.393s][info][gc,phases,start] GC(20) Adjust Roots
[0.393s][info][gc,phases      ] GC(20) Adjust Roots 0.176ms
[0.393s][info][gc,phases,start] GC(20) Compaction Phase
[0.404s][info][gc,phases      ] GC(20) Compaction Phase 10.823ms
[0.404s][info][gc,phases,start] GC(20) Post Compact
[0.404s][info][gc,phases      ] GC(20) Post Compact 0.109ms
[0.405s][info][gc,heap        ] GC(20) PSYoungGen: 4832K(18944K)->3739K(18944K) Eden: 0K(12288K)->0K(12288K) From: 4832K(6656K)->3739K(6656K)
[0.405s][info][gc,heap        ] GC(20) ParOldGen: 26253K(27136K)->26640K(38400K)
[0.405s][info][gc,metaspace   ] GC(20) Metaspace: 6300K(6464K)->6300K(6464K) NonClass: 5767K(5824K)->5767K(5824K) Class: 533K(640K)->533K(640K)
[0.405s][info][gc             ] GC(20) Pause Full (Ergonomics) 30M->29M(56M) 25.011ms
[0.405s][info][gc,cpu         ] GC(20) User=0.00s Sys=0.00s Real=0.03s
[0.415s][info][gc,start       ] GC(21) Pause Young (Allocation Failure)
[0.425s][info][gc,heap        ] GC(21) PSYoungGen: 16027K(18944K)->6656K(18944K) Eden: 12288K(12288K)->0K(12288K) From: 3739K(6656K)->6656K(6656K)
[0.425s][info][gc,heap        ] GC(21) ParOldGen: 26640K(38400K)->31912K(38400K)
[0.425s][info][gc,metaspace   ] GC(21) Metaspace: 6300K(6464K)->6300K(6464K) NonClass: 5767K(5824K)->5767K(5824K) Class: 533K(640K)->533K(640K)
[0.425s][info][gc             ] GC(21) Pause Young (Allocation Failure) 41M->37M(56M) 10.054ms
[0.425s][info][gc,cpu         ] GC(21) User=0.00s Sys=0.00s Real=0.01s
[0.441s][info][gc,start       ] GC(22) Pause Young (Allocation Failure)
[0.457s][info][gc,heap        ] GC(22) PSYoungGen: 18944K(18944K)->9696K(20992K) Eden: 12288K(12288K)->0K(11264K) From: 6656K(6656K)->9696K(9728K)
[0.457s][info][gc,heap        ] GC(22) ParOldGen: 31912K(38400K)->41288K(41472K)
[0.457s][info][gc,metaspace   ] GC(22) Metaspace: 6300K(6464K)->6300K(6464K) NonClass: 5767K(5824K)->5767K(5824K) Class: 533K(640K)->533K(640K)
[0.457s][info][gc             ] GC(22) Pause Young (Allocation Failure) 49M->49M(61M) 15.754ms
[0.457s][info][gc,cpu         ] GC(22) User=0.00s Sys=0.00s Real=0.02s
[0.457s][info][gc,start       ] GC(23) Pause Full (Ergonomics)
[0.457s][info][gc,phases,start] GC(23) Marking Phase
[0.476s][info][gc,phases      ] GC(23) Marking Phase 18.879ms
[0.476s][info][gc,phases,start] GC(23) Summary Phase
[0.476s][info][gc,phases      ] GC(23) Summary Phase 0.017ms
[0.476s][info][gc,phases,start] GC(23) Adjust Roots
[0.476s][info][gc,phases      ] GC(23) Adjust Roots 0.186ms
[0.476s][info][gc,phases,start] GC(23) Compaction Phase
[0.492s][info][gc,phases      ] GC(23) Compaction Phase 16.174ms
[0.492s][info][gc,phases,start] GC(23) Post Compact
[0.492s][info][gc,phases      ] GC(23) Post Compact 0.159ms
[0.493s][info][gc,heap        ] GC(23) PSYoungGen: 9696K(20992K)->9681K(20992K) Eden: 0K(11264K)->0K(11264K) From: 9696K(9728K)->9681K(9728K)
[0.493s][info][gc,heap        ] GC(23) ParOldGen: 41288K(41472K)->40020K(55808K)
[0.493s][info][gc,metaspace   ] GC(23) Metaspace: 6300K(6464K)->6300K(6464K) NonClass: 5767K(5824K)->5767K(5824K) Class: 533K(640K)->533K(640K)
[0.493s][info][gc             ] GC(23) Pause Full (Ergonomics) 49M->48M(75M) 35.768ms
[0.493s][info][gc,cpu         ] GC(23) User=0.03s Sys=0.00s Real=0.04s
[0.504s][info][gc,start       ] GC(24) Pause Young (Allocation Failure)
[0.518s][info][gc,heap        ] GC(24) PSYoungGen: 20945K(20992K)->11296K(26112K) Eden: 11264K(11264K)->0K(11264K) From: 9681K(9728K)->11296K(14848K)
[0.518s][info][gc,heap        ] GC(24) ParOldGen: 40020K(55808K)->49828K(55808K)
[0.518s][info][gc,metaspace   ] GC(24) Metaspace: 6300K(6464K)->6300K(6464K) NonClass: 5767K(5824K)->5767K(5824K) Class: 533K(640K)->533K(640K)
[0.518s][info][gc             ] GC(24) Pause Young (Allocation Failure) 59M->59M(80M) 14.870ms
[0.518s][info][gc,cpu         ] GC(24) User=0.02s Sys=0.00s Real=0.02s
[0.518s][info][gc,start       ] GC(25) Pause Full (Ergonomics)
[0.519s][info][gc,phases,start] GC(25) Marking Phase
[0.544s][info][gc,phases      ] GC(25) Marking Phase 25.518ms
[0.544s][info][gc,phases,start] GC(25) Summary Phase
[0.544s][info][gc,phases      ] GC(25) Summary Phase 0.018ms
[0.544s][info][gc,phases,start] GC(25) Adjust Roots
[0.544s][info][gc,phases      ] GC(25) Adjust Roots 0.168ms
[0.544s][info][gc,phases,start] GC(25) Compaction Phase
[0.563s][info][gc,phases      ] GC(25) Compaction Phase 18.525ms
[0.563s][info][gc,phases,start] GC(25) Post Compact
[0.563s][info][gc,phases      ] GC(25) Post Compact 0.197ms
[0.563s][info][gc,heap        ] GC(25) PSYoungGen: 11296K(26112K)->5613K(26112K) Eden: 0K(11264K)->0K(11264K) From: 11296K(14848K)->5613K(14848K)
[0.563s][info][gc,heap        ] GC(25) ParOldGen: 49828K(55808K)->55322K(74752K)
[0.563s][info][gc,metaspace   ] GC(25) Metaspace: 6300K(6464K)->6300K(6464K) NonClass: 5767K(5824K)->5767K(5824K) Class: 533K(640K)->533K(640K)
[0.563s][info][gc             ] GC(25) Pause Full (Ergonomics) 59M->59M(98M) 44.726ms
[0.563s][info][gc,cpu         ] GC(25) User=0.03s Sys=0.00s Real=0.04s
[0.575s][info][gc,start       ] GC(26) Pause Young (Allocation Failure)
[0.592s][info][gc,heap        ] GC(26) PSYoungGen: 16877K(26112K)->11264K(29696K) Eden: 11264K(11264K)->0K(13312K) From: 5613K(14848K)->11264K(16384K)
[0.592s][info][gc,heap        ] GC(26) ParOldGen: 55322K(74752K)->61026K(74752K)
[0.592s][info][gc,metaspace   ] GC(26) Metaspace: 6300K(6464K)->6300K(6464K) NonClass: 5767K(5824K)->5767K(5824K) Class: 533K(640K)->533K(640K)
[0.592s][info][gc             ] GC(26) Pause Young (Allocation Failure) 70M->70M(102M) 17.453ms
[0.592s][info][gc,cpu         ] GC(26) User=0.03s Sys=0.00s Real=0.02s
[0.605s][info][gc,start       ] GC(27) Pause Young (Allocation Failure)
[0.623s][info][gc,heap        ] GC(27) PSYoungGen: 24576K(29696K)->16896K(30208K) Eden: 13312K(13312K)->0K(13312K) From: 11264K(16384K)->16896K(16896K)
[0.623s][info][gc,heap        ] GC(27) ParOldGen: 61026K(74752K)->68802K(74752K)
[0.623s][info][gc,metaspace   ] GC(27) Metaspace: 6300K(6464K)->6300K(6464K) NonClass: 5767K(5824K)->5767K(5824K) Class: 533K(640K)->533K(640K)
[0.623s][info][gc             ] GC(27) Pause Young (Allocation Failure) 83M->83M(102M) 17.548ms
[0.623s][info][gc,cpu         ] GC(27) User=0.03s Sys=0.00s Real=0.02s
[0.623s][info][gc,start       ] GC(28) Pause Full (Ergonomics)
[0.623s][info][gc,phases,start] GC(28) Marking Phase
[0.655s][info][gc,phases      ] GC(28) Marking Phase 32.273ms
[0.655s][info][gc,phases,start] GC(28) Summary Phase
[0.655s][info][gc,phases      ] GC(28) Summary Phase 0.020ms
[0.656s][info][gc,phases,start] GC(28) Adjust Roots
[0.656s][info][gc,phases      ] GC(28) Adjust Roots 0.157ms
[0.656s][info][gc,phases,start] GC(28) Compaction Phase
[0.677s][info][gc,phases      ] GC(28) Compaction Phase 21.455ms
[0.677s][info][gc,phases,start] GC(28) Post Compact
[0.678s][info][gc,phases      ] GC(28) Post Compact 0.432ms
[0.678s][info][gc,heap        ] GC(28) PSYoungGen: 16896K(30208K)->10731K(30208K) Eden: 0K(13312K)->0K(13312K) From: 16896K(16896K)->10731K(16896K)
[0.678s][info][gc,heap        ] GC(28) ParOldGen: 68802K(74752K)->74715K(96768K)
[0.678s][info][gc,metaspace   ] GC(28) Metaspace: 6300K(6464K)->6300K(6464K) NonClass: 5767K(5824K)->5767K(5824K) Class: 533K(640K)->533K(640K)
[0.678s][info][gc             ] GC(28) Pause Full (Ergonomics) 83M->83M(124M) 54.900ms
[0.678s][info][gc,cpu         ] GC(28) User=0.03s Sys=0.00s Real=0.06s
[0.696s][info][gc,start       ] GC(29) Pause Young (Allocation Failure)
[0.717s][info][gc,heap        ] GC(29) PSYoungGen: 24043K(30208K)->13344K(38400K) Eden: 13312K(13312K)->0K(15872K) From: 10731K(16896K)->13344K(22528K)
[0.717s][info][gc,heap        ] GC(29) ParOldGen: 74715K(96768K)->85619K(96768K)
[0.717s][info][gc,metaspace   ] GC(29) Metaspace: 6300K(6464K)->6300K(6464K) NonClass: 5767K(5824K)->5767K(5824K) Class: 533K(640K)->533K(640K)
[0.717s][info][gc             ] GC(29) Pause Young (Allocation Failure) 96M->96M(132M) 21.116ms
[0.718s][info][gc,cpu         ] GC(29) User=0.02s Sys=0.02s Real=0.02s
[0.718s][info][gc,start       ] GC(30) Pause Full (Ergonomics)
[0.718s][info][gc,phases,start] GC(30) Marking Phase
[0.745s][info][gc,phases      ] GC(30) Marking Phase 27.406ms
[0.745s][info][gc,phases,start] GC(30) Summary Phase
[0.745s][info][gc,phases      ] GC(30) Summary Phase 0.017ms
[0.745s][info][gc,phases,start] GC(30) Adjust Roots
[0.745s][info][gc,phases      ] GC(30) Adjust Roots 0.155ms
[0.745s][info][gc,phases,start] GC(30) Compaction Phase
[0.767s][info][gc,phases      ] GC(30) Compaction Phase 21.232ms
[0.767s][info][gc,phases,start] GC(30) Post Compact
[0.767s][info][gc,phases      ] GC(30) Post Compact 0.345ms
[0.767s][info][gc,heap        ] GC(30) PSYoungGen: 13344K(38400K)->0K(38912K) Eden: 0K(15872K)->0K(15872K) From: 13344K(22528K)->0K(23040K)
[0.767s][info][gc,heap        ] GC(30) ParOldGen: 85619K(96768K)->96691K(121856K)
[0.767s][info][gc,metaspace   ] GC(30) Metaspace: 6300K(6464K)->6300K(6464K) NonClass: 5767K(5824K)->5767K(5824K) Class: 533K(640K)->533K(640K)
[0.767s][info][gc             ] GC(30) Pause Full (Ergonomics) 96M->94M(157M) 49.532ms
[0.767s][info][gc,cpu         ] GC(30) User=0.05s Sys=0.00s Real=0.05s
[0.780s][info][gc,start       ] GC(31) Pause Young (Allocation Failure)
[0.790s][info][gc,heap        ] GC(31) PSYoungGen: 15872K(38912K)->15936K(40448K) Eden: 15872K(15872K)->0K(17408K) From: 0K(23040K)->15936K(23040K)
[0.790s][info][gc,heap        ] GC(31) ParOldGen: 96691K(121856K)->96691K(121856K)
[0.790s][info][gc,metaspace   ] GC(31) Metaspace: 6300K(6464K)->6300K(6464K) NonClass: 5767K(5824K)->5767K(5824K) Class: 533K(640K)->533K(640K)
[0.790s][info][gc             ] GC(31) Pause Young (Allocation Failure) 109M->109M(158M) 9.761ms
[0.790s][info][gc,cpu         ] GC(31) User=0.00s Sys=0.00s Real=0.01s
[0.806s][info][gc,start       ] GC(32) Pause Young (Allocation Failure)
[0.824s][info][gc,heap        ] GC(32) PSYoungGen: 33344K(40448K)->24576K(41984K) Eden: 17408K(17408K)->0K(17408K) From: 15936K(23040K)->24576K(24576K)
[0.824s][info][gc,heap        ] GC(32) ParOldGen: 96691K(121856K)->105531K(121856K)
[0.824s][info][gc,metaspace   ] GC(32) Metaspace: 6300K(6464K)->6300K(6464K) NonClass: 5767K(5824K)->5767K(5824K) Class: 533K(640K)->533K(640K)
[0.824s][info][gc             ] GC(32) Pause Young (Allocation Failure) 126M->127M(160M) 18.065ms
[0.824s][info][gc,cpu         ] GC(32) User=0.03s Sys=0.02s Real=0.02s
[0.841s][info][gc,start       ] GC(33) Pause Young (Allocation Failure)
[0.867s][info][gc,heap        ] GC(33) PSYoungGen: 41984K(41984K)->30304K(47104K) Eden: 17408K(17408K)->0K(15360K) From: 24576K(24576K)->30304K(31744K)
[0.867s][info][gc,heap        ] GC(33) ParOldGen: 105531K(121856K)->117427K(121856K)
[0.867s][info][gc,metaspace   ] GC(33) Metaspace: 6300K(6464K)->6300K(6464K) NonClass: 5767K(5824K)->5767K(5824K) Class: 533K(640K)->533K(640K)
[0.867s][info][gc             ] GC(33) Pause Young (Allocation Failure) 144M->144M(165M) 25.937ms
[0.867s][info][gc,cpu         ] GC(33) User=0.03s Sys=0.02s Real=0.03s
[0.867s][info][gc,start       ] GC(34) Pause Full (Ergonomics)
[0.867s][info][gc,phases,start] GC(34) Marking Phase
[0.917s][info][gc,phases      ] GC(34) Marking Phase 49.636ms
[0.917s][info][gc,phases,start] GC(34) Summary Phase
[0.917s][info][gc,phases      ] GC(34) Summary Phase 0.020ms
[0.917s][info][gc,phases,start] GC(34) Adjust Roots
[0.917s][info][gc,phases      ] GC(34) Adjust Roots 0.169ms
[0.917s][info][gc,phases,start] GC(34) Compaction Phase
[0.943s][info][gc,phases      ] GC(34) Compaction Phase 25.819ms
[0.943s][info][gc,phases,start] GC(34) Post Compact
[0.943s][info][gc,phases      ] GC(34) Post Compact 0.595ms
[0.944s][info][gc,heap        ] GC(34) PSYoungGen: 30304K(47104K)->25595K(47104K) Eden: 0K(15360K)->0K(15360K) From: 30304K(31744K)->25595K(31744K)
[0.944s][info][gc,heap        ] GC(34) ParOldGen: 117427K(121856K)->121689K(151040K)
[0.944s][info][gc,metaspace   ] GC(34) Metaspace: 6300K(6464K)->6300K(6464K) NonClass: 5767K(5824K)->5767K(5824K) Class: 533K(640K)->533K(640K)
[0.944s][info][gc             ] GC(34) Pause Full (Ergonomics) 144M->143M(193M) 76.846ms
[0.944s][info][gc,cpu         ] GC(34) User=0.12s Sys=0.00s Real=0.08s
[0.960s][info][gc,start       ] GC(35) Pause Young (Allocation Failure)
[0.986s][info][gc,heap        ] GC(35) PSYoungGen: 40955K(47104K)->36864K(52224K) Eden: 15360K(15360K)->0K(15360K) From: 25595K(31744K)->36864K(36864K)
[0.986s][info][gc,heap        ] GC(35) ParOldGen: 121689K(151040K)->125897K(151040K)
[0.986s][info][gc,metaspace   ] GC(35) Metaspace: 6300K(6464K)->6300K(6464K) NonClass: 5767K(5824K)->5767K(5824K) Class: 533K(640K)->533K(640K)
[0.986s][info][gc             ] GC(35) Pause Young (Allocation Failure) 158M->158M(198M) 26.372ms
[0.986s][info][gc,cpu         ] GC(35) User=0.05s Sys=0.00s Real=0.03s
[1.024s][info][gc,start       ] GC(36) Pause Young (Allocation Failure)
[1.057s][info][gc,heap        ] GC(36) PSYoungGen: 52224K(52224K)->30144K(59904K) Eden: 15360K(15360K)->0K(15360K) From: 36864K(36864K)->30144K(44544K)
[1.057s][info][gc,heap        ] GC(36) ParOldGen: 134089K(151040K)->156513K(156672K)
[1.057s][info][gc,metaspace   ] GC(36) Metaspace: 6300K(6464K)->6300K(6464K) NonClass: 5767K(5824K)->5767K(5824K) Class: 533K(640K)->533K(640K)
[1.057s][info][gc             ] GC(36) Pause Young (Allocation Failure) 181M->182M(211M) 32.986ms
[1.057s][info][gc,cpu         ] GC(36) User=0.08s Sys=0.00s Real=0.03s
[1.057s][info][gc,start       ] GC(37) Pause Full (Ergonomics)
[1.058s][info][gc,phases,start] GC(37) Marking Phase
[1.102s][info][gc,phases      ] GC(37) Marking Phase 44.579ms
[1.102s][info][gc,phases,start] GC(37) Summary Phase
[1.102s][info][gc,phases      ] GC(37) Summary Phase 0.018ms
[1.102s][info][gc,phases,start] GC(37) Adjust Roots
[1.102s][info][gc,phases      ] GC(37) Adjust Roots 0.192ms
[1.102s][info][gc,phases,start] GC(37) Compaction Phase
[1.139s][info][gc,phases      ] GC(37) Compaction Phase 36.718ms
[1.139s][info][gc,phases,start] GC(37) Post Compact
[1.140s][info][gc,phases      ] GC(37) Post Compact 0.817ms
[1.140s][info][gc,heap        ] GC(37) PSYoungGen: 30144K(59904K)->25432K(59904K) Eden: 0K(15360K)->0K(15360K) From: 30144K(44544K)->25432K(44544K)
[1.140s][info][gc,heap        ] GC(37) ParOldGen: 156513K(156672K)->156599K(192512K)
[1.140s][info][gc,metaspace   ] GC(37) Metaspace: 6300K(6464K)->6300K(6464K) NonClass: 5767K(5824K)->5767K(5824K) Class: 533K(640K)->533K(640K)
[1.140s][info][gc             ] GC(37) Pause Full (Ergonomics) 182M->177M(246M) 82.852ms
[1.140s][info][gc,cpu         ] GC(37) User=0.23s Sys=0.00s Real=0.08s
[1.156s][info][gc,start       ] GC(38) Pause Young (Allocation Failure)
[1.181s][info][gc,heap        ] GC(38) PSYoungGen: 40792K(59904K)->40896K(61952K) Eden: 15360K(15360K)->0K(15360K) From: 25432K(44544K)->40896K(46592K)
[1.181s][info][gc,heap        ] GC(38) ParOldGen: 156599K(192512K)->156599K(192512K)
[1.181s][info][gc,metaspace   ] GC(38) Metaspace: 6300K(6464K)->6300K(6464K) NonClass: 5767K(5824K)->5767K(5824K) Class: 533K(640K)->533K(640K)
[1.181s][info][gc             ] GC(38) Pause Young (Allocation Failure) 192M->192M(248M) 24.713ms
[1.181s][info][gc,cpu         ] GC(38) User=0.08s Sys=0.00s Real=0.02s
[1.195s][info][gc,start       ] GC(39) Pause Young (Allocation Failure)
[1.224s][info][gc,heap        ] GC(39) PSYoungGen: 56256K(61952K)->52224K(59392K) Eden: 15360K(15360K)->0K(7168K) From: 40896K(46592K)->52224K(52224K)
[1.224s][info][gc,heap        ] GC(39) ParOldGen: 156599K(192512K)->160647K(192512K)
[1.224s][info][gc,metaspace   ] GC(39) Metaspace: 6300K(6464K)->6300K(6464K) NonClass: 5767K(5824K)->5767K(5824K) Class: 533K(640K)->533K(640K)
[1.224s][info][gc             ] GC(39) Pause Young (Allocation Failure) 207M->207M(246M) 28.859ms
[1.224s][info][gc,cpu         ] GC(39) User=0.11s Sys=0.00s Real=0.03s
[1.231s][info][gc,start       ] GC(40) Pause Young (Allocation Failure)
[1.260s][info][gc,heap        ] GC(40) PSYoungGen: 59392K(59392K)->35104K(69632K) Eden: 7168K(7168K)->0K(7168K) From: 52224K(52224K)->35104K(62464K)
[1.260s][info][gc,heap        ] GC(40) ParOldGen: 160647K(192512K)->185263K(192512K)
[1.260s][info][gc,metaspace   ] GC(40) Metaspace: 6300K(6464K)->6300K(6464K) NonClass: 5767K(5824K)->5767K(5824K) Class: 533K(640K)->533K(640K)
[1.260s][info][gc             ] GC(40) Pause Young (Allocation Failure) 214M->215M(256M) 28.372ms
[1.260s][info][gc,cpu         ] GC(40) User=0.08s Sys=0.00s Real=0.03s
[1.260s][info][gc,start       ] GC(41) Pause Full (Ergonomics)
[1.260s][info][gc,phases,start] GC(41) Marking Phase
[1.315s][info][gc,phases      ] GC(41) Marking Phase 54.644ms
[1.315s][info][gc,phases,start] GC(41) Summary Phase
[1.315s][info][gc,phases      ] GC(41) Summary Phase 0.018ms
[1.315s][info][gc,phases,start] GC(41) Adjust Roots
[1.315s][info][gc,phases      ] GC(41) Adjust Roots 0.151ms
[1.315s][info][gc,phases,start] GC(41) Compaction Phase
[1.343s][info][gc,phases      ] GC(41) Compaction Phase 28.374ms
[1.343s][info][gc,phases,start] GC(41) Post Compact
[1.344s][info][gc,phases      ] GC(41) Post Compact 0.965ms
[1.345s][info][gc,heap        ] GC(41) PSYoungGen: 35104K(69632K)->27323K(69632K) Eden: 0K(7168K)->0K(7168K) From: 35104K(62464K)->27323K(62464K)
[1.345s][info][gc,heap        ] GC(41) ParOldGen: 185263K(192512K)->192498K(234496K)
[1.345s][info][gc,metaspace   ] GC(41) Metaspace: 6300K(6464K)->6300K(6464K) NonClass: 5767K(5824K)->5767K(5824K) Class: 533K(640K)->533K(640K)
[1.345s][info][gc             ] GC(41) Pause Full (Ergonomics) 215M->214M(297M) 84.709ms
[1.345s][info][gc,cpu         ] GC(41) User=0.44s Sys=0.00s Real=0.08s
[1.352s][info][gc,start       ] GC(42) Pause Young (Allocation Failure)
[1.377s][info][gc,heap        ] GC(42) PSYoungGen: 34491K(69632K)->12512K(68608K) Eden: 7168K(7168K)->0K(8704K) From: 27323K(62464K)->12512K(59904K)
[1.377s][info][gc,heap        ] GC(42) ParOldGen: 192498K(234496K)->214882K(234496K)
[1.377s][info][gc,metaspace   ] GC(42) Metaspace: 6300K(6464K)->6300K(6464K) NonClass: 5767K(5824K)->5767K(5824K) Class: 533K(640K)->533K(640K)
[1.377s][info][gc             ] GC(42) Pause Young (Allocation Failure) 221M->222M(296M) 24.537ms
[1.377s][info][gc,cpu         ] GC(42) User=0.05s Sys=0.05s Real=0.02s
[1.377s][info][gc,start       ] GC(43) Pause Full (Ergonomics)
[1.377s][info][gc,phases,start] GC(43) Marking Phase
[1.430s][info][gc,phases      ] GC(43) Marking Phase 52.777ms
[1.430s][info][gc,phases,start] GC(43) Summary Phase
[1.430s][info][gc,phases      ] GC(43) Summary Phase 0.019ms
[1.430s][info][gc,phases,start] GC(43) Adjust Roots
[1.430s][info][gc,phases      ] GC(43) Adjust Roots 0.174ms
[1.430s][info][gc,phases,start] GC(43) Compaction Phase
[1.454s][info][gc,phases      ] GC(43) Compaction Phase 23.924ms
[1.454s][info][gc,phases,start] GC(43) Post Compact
[1.455s][info][gc,phases      ] GC(43) Post Compact 0.982ms
[1.455s][info][gc,heap        ] GC(43) PSYoungGen: 12512K(68608K)->0K(70144K) Eden: 0K(8704K)->0K(8704K) From: 12512K(59904K)->0K(61440K)
[1.455s][info][gc,heap        ] GC(43) ParOldGen: 214882K(234496K)->226953K(275456K)
[1.455s][info][gc,metaspace   ] GC(43) Metaspace: 6300K(6464K)->6300K(6464K) NonClass: 5767K(5824K)->5767K(5824K) Class: 533K(640K)->533K(640K)
[1.455s][info][gc             ] GC(43) Pause Full (Ergonomics) 222M->221M(337M) 78.354ms
[1.455s][info][gc,cpu         ] GC(43) User=0.31s Sys=0.03s Real=0.08s
[1.465s][info][gc,start       ] GC(44) Pause Young (Allocation Failure)
[1.470s][info][gc,heap        ] GC(44) PSYoungGen: 8704K(70144K)->8832K(68608K) Eden: 8704K(8704K)->0K(10240K) From: 0K(61440K)->8832K(58368K)
[1.471s][info][gc,heap        ] GC(44) ParOldGen: 226953K(275456K)->226953K(275456K)
[1.471s][info][gc,metaspace   ] GC(44) Metaspace: 6300K(6464K)->6300K(6464K) NonClass: 5767K(5824K)->5767K(5824K) Class: 533K(640K)->533K(640K)
[1.471s][info][gc             ] GC(44) Pause Young (Allocation Failure) 230M->230M(336M) 5.891ms
[1.471s][info][gc,cpu         ] GC(44) User=0.00s Sys=0.00s Real=0.01s
[1.482s][info][gc,start       ] GC(45) Pause Young (Allocation Failure)
[1.494s][info][gc,heap        ] GC(45) PSYoungGen: 19072K(68608K)->19008K(29696K) Eden: 10240K(10240K)->0K(10240K) From: 8832K(58368K)->19008K(19456K)
[1.494s][info][gc,heap        ] GC(45) ParOldGen: 226953K(275456K)->226953K(275456K)
[1.494s][info][gc,metaspace   ] GC(45) Metaspace: 6300K(6464K)->6300K(6464K) NonClass: 5767K(5824K)->5767K(5824K) Class: 533K(640K)->533K(640K)
[1.494s][info][gc             ] GC(45) Pause Young (Allocation Failure) 240M->240M(298M) 11.890ms
[1.494s][info][gc,cpu         ] GC(45) User=0.00s Sys=0.00s Real=0.01s
[1.507s][info][gc,start       ] GC(46) Pause Young (Allocation Failure)
[1.524s][info][gc,heap        ] GC(46) PSYoungGen: 29248K(29696K)->29280K(67584K) Eden: 10240K(10240K)->0K(11776K) From: 19008K(19456K)->29280K(55808K)
[1.524s][info][gc,heap        ] GC(46) ParOldGen: 226953K(275456K)->226953K(275456K)
[1.524s][info][gc,metaspace   ] GC(46) Metaspace: 6300K(6464K)->6300K(6464K) NonClass: 5767K(5824K)->5767K(5824K) Class: 533K(640K)->533K(640K)
[1.524s][info][gc             ] GC(46) Pause Young (Allocation Failure) 250M->250M(335M) 16.395ms
[1.524s][info][gc,cpu         ] GC(46) User=0.05s Sys=0.00s Real=0.02s
[1.538s][info][gc,start       ] GC(47) Pause Young (Allocation Failure)
[1.560s][info][gc,heap        ] GC(47) PSYoungGen: 41056K(67584K)->41056K(68096K) Eden: 11776K(11776K)->0K(11776K) From: 29280K(55808K)->41056K(56320K)
[1.560s][info][gc,heap        ] GC(47) ParOldGen: 226953K(275456K)->226953K(275456K)
[1.560s][info][gc,metaspace   ] GC(47) Metaspace: 6300K(6464K)->6300K(6464K) NonClass: 5767K(5824K)->5767K(5824K) Class: 533K(640K)->533K(640K)
[1.561s][info][gc             ] GC(47) Pause Young (Allocation Failure) 261M->261M(335M) 22.494ms
[1.561s][info][gc,cpu         ] GC(47) User=0.09s Sys=0.00s Real=0.02s
[1.574s][info][gc,start       ] GC(48) Pause Young (Allocation Failure)
[1.600s][info][gc,heap        ] GC(48) PSYoungGen: 52832K(68096K)->52832K(65536K) Eden: 11776K(11776K)->0K(6144K) From: 41056K(56320K)->52832K(59392K)
[1.600s][info][gc,heap        ] GC(48) ParOldGen: 226953K(275456K)->226953K(275456K)
[1.600s][info][gc,metaspace   ] GC(48) Metaspace: 6300K(6464K)->6300K(6464K) NonClass: 5767K(5824K)->5767K(5824K) Class: 533K(640K)->533K(640K)
[1.600s][info][gc             ] GC(48) Pause Young (Allocation Failure) 273M->273M(333M) 25.526ms
[1.600s][info][gc,cpu         ] GC(48) User=0.11s Sys=0.00s Real=0.02s
[1.607s][info][gc,start       ] GC(49) Pause Young (Allocation Failure)
[1.639s][info][gc,heap        ] GC(49) PSYoungGen: 58976K(65536K)->50240K(72704K) Eden: 6144K(6144K)->0K(6144K) From: 52832K(59392K)->50240K(66560K)
[1.639s][info][gc,heap        ] GC(49) ParOldGen: 226953K(275456K)->235785K(275456K)
[1.639s][info][gc,metaspace   ] GC(49) Metaspace: 6300K(6464K)->6300K(6464K) NonClass: 5767K(5824K)->5767K(5824K) Class: 533K(640K)->533K(640K)
[1.639s][info][gc             ] GC(49) Pause Young (Allocation Failure) 279M->279M(340M) 32.313ms
[1.639s][info][gc,cpu         ] GC(49) User=0.09s Sys=0.00s Real=0.03s
[1.646s][info][gc,start       ] GC(50) Pause Young (Allocation Failure)
[1.679s][info][gc,heap        ] GC(50) PSYoungGen: 56384K(72704K)->35936K(75264K) Eden: 6144K(6144K)->0K(7168K) From: 50240K(66560K)->35936K(68096K)
[1.679s][info][gc,heap        ] GC(50) ParOldGen: 235785K(275456K)->256537K(275456K)
[1.679s][info][gc,metaspace   ] GC(50) Metaspace: 6300K(6464K)->6300K(6464K) NonClass: 5767K(5824K)->5767K(5824K) Class: 533K(640K)->533K(640K)
[1.679s][info][gc             ] GC(50) Pause Young (Allocation Failure) 285M->285M(342M) 32.344ms
[1.679s][info][gc,cpu         ] GC(50) User=0.09s Sys=0.00s Real=0.03s
[1.679s][info][gc,start       ] GC(51) Pause Full (Ergonomics)
[1.679s][info][gc,phases,start] GC(51) Marking Phase
[1.745s][info][gc,phases      ] GC(51) Marking Phase 66.107ms
[1.745s][info][gc,phases,start] GC(51) Summary Phase
[1.745s][info][gc,phases      ] GC(51) Summary Phase 0.024ms
[1.745s][info][gc,phases,start] GC(51) Adjust Roots
[1.745s][info][gc,phases      ] GC(51) Adjust Roots 0.159ms
[1.745s][info][gc,phases,start] GC(51) Compaction Phase
[1.781s][info][gc,phases      ] GC(51) Compaction Phase 35.481ms
[1.781s][info][gc,phases,start] GC(51) Post Compact
[1.782s][info][gc,phases      ] GC(51) Post Compact 1.754ms
[1.783s][info][gc,heap        ] GC(51) PSYoungGen: 35936K(75264K)->16805K(76800K) Eden: 0K(7168K)->0K(8704K) From: 35936K(68096K)->16805K(68096K)
[1.783s][info][gc,heap        ] GC(51) ParOldGen: 256537K(275456K)->274952K(324608K)
[1.783s][info][gc,metaspace   ] GC(51) Metaspace: 6300K(6464K)->6300K(6464K) NonClass: 5767K(5824K)->5767K(5824K) Class: 533K(640K)->533K(640K)
[1.783s][info][gc             ] GC(51) Pause Full (Ergonomics) 285M->284M(392M) 104.192ms
[1.783s][info][gc,cpu         ] GC(51) User=0.69s Sys=0.00s Real=0.10s
[1.793s][info][gc,start       ] GC(52) Pause Young (Allocation Failure)
[1.819s][info][gc,heap        ] GC(52) PSYoungGen: 25509K(76800K)->15200K(78336K) Eden: 8704K(8704K)->0K(8704K) From: 16805K(68096K)->15200K(69632K)
[1.819s][info][gc,heap        ] GC(52) ParOldGen: 274952K(324608K)->285584K(324608K)
[1.819s][info][gc,metaspace   ] GC(52) Metaspace: 6300K(6464K)->6300K(6464K) NonClass: 5767K(5824K)->5767K(5824K) Class: 533K(640K)->533K(640K)
[1.819s][info][gc             ] GC(52) Pause Young (Allocation Failure) 293M->293M(393M) 26.272ms
[1.819s][info][gc,cpu         ] GC(52) User=0.12s Sys=0.00s Real=0.03s
[1.829s][info][gc,start       ] GC(53) Pause Young (Allocation Failure)
[1.843s][info][gc,heap        ] GC(53) PSYoungGen: 23904K(78336K)->17472K(74240K) Eden: 8704K(8704K)->0K(10240K) From: 15200K(69632K)->17472K(64000K)
[1.843s][info][gc,heap        ] GC(53) ParOldGen: 285584K(324608K)->292048K(324608K)
[1.843s][info][gc,metaspace   ] GC(53) Metaspace: 6300K(6464K)->6300K(6464K) NonClass: 5767K(5824K)->5767K(5824K) Class: 533K(640K)->533K(640K)
[1.843s][info][gc             ] GC(53) Pause Young (Allocation Failure) 302M->302M(389M) 14.037ms
[1.843s][info][gc,cpu         ] GC(53) User=0.02s Sys=0.00s Real=0.01s
[1.855s][info][gc,start       ] GC(54) Pause Young (Allocation Failure)
[1.872s][info][gc,heap        ] GC(54) PSYoungGen: 27712K(74240K)->10368K(76288K) Eden: 10240K(10240K)->0K(10240K) From: 17472K(64000K)->10368K(66048K)
[1.872s][info][gc,heap        ] GC(54) ParOldGen: 292048K(324608K)->309664K(324608K)
[1.872s][info][gc,metaspace   ] GC(54) Metaspace: 6300K(6464K)->6300K(6464K) NonClass: 5767K(5824K)->5767K(5824K) Class: 533K(640K)->533K(640K)
[1.872s][info][gc             ] GC(54) Pause Young (Allocation Failure) 312M->312M(391M) 16.589ms
[1.872s][info][gc,cpu         ] GC(54) User=0.03s Sys=0.00s Real=0.02s
[1.872s][info][gc,start       ] GC(55) Pause Full (Ergonomics)
[1.872s][info][gc,phases,start] GC(55) Marking Phase
[1.941s][info][gc,phases      ] GC(55) Marking Phase 69.000ms
[1.941s][info][gc,phases,start] GC(55) Summary Phase
[1.941s][info][gc,phases      ] GC(55) Summary Phase 0.024ms
[1.941s][info][gc,phases,start] GC(55) Adjust Roots
[1.941s][info][gc,phases      ] GC(55) Adjust Roots 0.161ms
[1.941s][info][gc,phases,start] GC(55) Compaction Phase
[1.970s][info][gc,phases      ] GC(55) Compaction Phase 28.514ms
[1.970s][info][gc,phases,start] GC(55) Post Compact
[1.972s][info][gc,phases      ] GC(55) Post Compact 1.964ms
[1.972s][info][gc,heap        ] GC(55) PSYoungGen: 10368K(76288K)->0K(76800K) Eden: 0K(10240K)->0K(11776K) From: 10368K(66048K)->0K(65024K)
[1.972s][info][gc,heap        ] GC(55) ParOldGen: 309664K(324608K)->319317K(371200K)
[1.972s][info][gc,metaspace   ] GC(55) Metaspace: 6300K(6464K)->6300K(6464K) NonClass: 5767K(5824K)->5767K(5824K) Class: 533K(640K)->533K(640K)
[1.972s][info][gc             ] GC(55) Pause Full (Ergonomics) 312M->311M(437M) 100.159ms
[1.972s][info][gc,cpu         ] GC(55) User=0.62s Sys=0.00s Real=0.10s
[1.987s][info][gc,start       ] GC(56) Pause Young (Allocation Failure)
[1.994s][info][gc,heap        ] GC(56) PSYoungGen: 11776K(76800K)->11872K(76800K) Eden: 11776K(11776K)->0K(11776K) From: 0K(65024K)->11872K(65024K)
[1.994s][info][gc,heap        ] GC(56) ParOldGen: 319317K(371200K)->319317K(371200K)
[1.994s][info][gc,metaspace   ] GC(56) Metaspace: 6300K(6464K)->6300K(6464K) NonClass: 5767K(5824K)->5767K(5824K) Class: 533K(640K)->533K(640K)
[1.994s][info][gc             ] GC(56) Pause Young (Allocation Failure) 323M->323M(437M) 7.454ms
[1.994s][info][gc,cpu         ] GC(56) User=0.00s Sys=0.00s Real=0.01s
[2.008s][info][gc,start       ] GC(57) Pause Young (Allocation Failure)
[2.021s][info][gc,heap        ] GC(57) PSYoungGen: 23648K(76800K)->23648K(69632K) Eden: 11776K(11776K)->0K(13312K) From: 11872K(65024K)->23648K(56320K)
[2.021s][info][gc,heap        ] GC(57) ParOldGen: 319317K(371200K)->319317K(371200K)
[2.021s][info][gc,metaspace   ] GC(57) Metaspace: 6300K(6464K)->6300K(6464K) NonClass: 5767K(5824K)->5767K(5824K) Class: 533K(640K)->533K(640K)
[2.021s][info][gc             ] GC(57) Pause Young (Allocation Failure) 334M->334M(430M) 12.890ms
[2.021s][info][gc,cpu         ] GC(57) User=0.02s Sys=0.00s Real=0.01s
[2.101s][info][gc,start       ] GC(58) Pause Young (Allocation Failure)
[2.129s][info][gc,heap        ] GC(58) PSYoungGen: 36960K(69632K)->25152K(38912K) Eden: 13312K(13312K)->0K(13312K) From: 23648K(56320K)->25152K(25600K)
[2.129s][info][gc,heap        ] GC(58) ParOldGen: 335701K(371200K)->347653K(371200K)
[2.129s][info][gc,metaspace   ] GC(58) Metaspace: 6300K(6464K)->6300K(6464K) NonClass: 5767K(5824K)->5767K(5824K) Class: 533K(640K)->533K(640K)
[2.129s][info][gc             ] GC(58) Pause Young (Allocation Failure) 363M->364M(400M) 28.698ms
[2.129s][info][gc,cpu         ] GC(58) User=0.05s Sys=0.00s Real=0.03s
[2.130s][info][gc,start       ] GC(59) Pause Full (Ergonomics)
[2.130s][info][gc,phases,start] GC(59) Marking Phase
[2.225s][info][gc,phases      ] GC(59) Marking Phase 95.616ms
[2.225s][info][gc,phases,start] GC(59) Summary Phase
[2.225s][info][gc,phases      ] GC(59) Summary Phase 0.024ms
[2.225s][info][gc,phases,start] GC(59) Adjust Roots
[2.225s][info][gc,phases      ] GC(59) Adjust Roots 0.142ms
[2.225s][info][gc,phases,start] GC(59) Compaction Phase
[2.297s][info][gc,phases      ] GC(59) Compaction Phase 72.053ms
[2.298s][info][gc,phases,start] GC(59) Post Compact
[2.299s][info][gc,phases      ] GC(59) Post Compact 1.790ms
[2.300s][info][gc,heap        ] GC(59) PSYoungGen: 25152K(38912K)->0K(71680K) Eden: 0K(13312K)->0K(14848K) From: 25152K(25600K)->0K(56832K)
[2.300s][info][gc,heap        ] GC(59) ParOldGen: 347653K(371200K)->364274K(417792K)
[2.300s][info][gc,metaspace   ] GC(59) Metaspace: 6300K(6464K)->6300K(6464K) NonClass: 5767K(5824K)->5767K(5824K) Class: 533K(640K)->533K(640K)
[2.300s][info][gc             ] GC(59) Pause Full (Ergonomics) 364M->355M(478M) 170.187ms
[2.300s][info][gc,cpu         ] GC(59) User=0.92s Sys=0.00s Real=0.17s
[2.316s][info][gc,start       ] GC(60) Pause Young (Allocation Failure)
[2.326s][info][gc,heap        ] GC(60) PSYoungGen: 14848K(71680K)->14944K(71680K) Eden: 14848K(14848K)->0K(14848K) From: 0K(56832K)->14944K(56832K)
[2.326s][info][gc,heap        ] GC(60) ParOldGen: 364274K(417792K)->364274K(417792K)
[2.326s][info][gc,metaspace   ] GC(60) Metaspace: 6300K(6464K)->6300K(6464K) NonClass: 5767K(5824K)->5767K(5824K) Class: 533K(640K)->533K(640K)
[2.326s][info][gc             ] GC(60) Pause Young (Allocation Failure) 370M->370M(478M) 9.744ms
[2.326s][info][gc,cpu         ] GC(60) User=0.00s Sys=0.00s Real=0.01s
[2.341s][info][gc,start       ] GC(61) Pause Young (Allocation Failure)
[2.356s][info][gc,heap        ] GC(61) PSYoungGen: 29792K(71680K)->29792K(69632K) Eden: 14848K(14848K)->0K(16384K) From: 14944K(56832K)->29792K(53248K)
[2.356s][info][gc,heap        ] GC(61) ParOldGen: 364274K(417792K)->364274K(417792K)
[2.356s][info][gc,metaspace   ] GC(61) Metaspace: 6300K(6464K)->6300K(6464K) NonClass: 5767K(5824K)->5767K(5824K) Class: 533K(640K)->533K(640K)
[2.356s][info][gc             ] GC(61) Pause Young (Allocation Failure) 384M->384M(476M) 15.152ms
[2.356s][info][gc,cpu         ] GC(61) User=0.02s Sys=0.00s Real=0.01s
[2.373s][info][gc,start       ] GC(62) Pause Young (Allocation Failure)
[2.395s][info][gc,heap        ] GC(62) PSYoungGen: 46176K(69632K)->46240K(70656K) Eden: 16384K(16384K)->0K(16384K) From: 29792K(53248K)->46240K(54272K)
[2.395s][info][gc,heap        ] GC(62) ParOldGen: 364274K(417792K)->364274K(417792K)
[2.395s][info][gc,metaspace   ] GC(62) Metaspace: 6300K(6464K)->6300K(6464K) NonClass: 5767K(5824K)->5767K(5824K) Class: 533K(640K)->533K(640K)
[2.395s][info][gc             ] GC(62) Pause Young (Allocation Failure) 400M->400M(477M) 21.461ms
[2.395s][info][gc,cpu         ] GC(62) User=0.11s Sys=0.00s Real=0.02s
[2.411s][info][gc,start       ] GC(63) Pause Young (Allocation Failure)
[2.443s][info][gc,heap        ] GC(63) PSYoungGen: 62624K(70656K)->59392K(67584K) Eden: 16384K(16384K)->0K(8192K) From: 46240K(54272K)->59392K(59392K)
[2.443s][info][gc,heap        ] GC(63) ParOldGen: 364274K(417792K)->367426K(417792K)
[2.443s][info][gc,metaspace   ] GC(63) Metaspace: 6300K(6464K)->6300K(6464K) NonClass: 5767K(5824K)->5767K(5824K) Class: 533K(640K)->533K(640K)
[2.443s][info][gc             ] GC(63) Pause Young (Allocation Failure) 416M->416M(474M) 31.938ms
[2.443s][info][gc,cpu         ] GC(63) User=0.06s Sys=0.00s Real=0.03s
[2.451s][info][gc,start       ] GC(64) Pause Young (Allocation Failure)
[2.481s][info][gc,heap        ] GC(64) PSYoungGen: 67584K(67584K)->67712K(77824K) Eden: 8192K(8192K)->0K(8192K) From: 59392K(59392K)->67712K(69632K)
[2.481s][info][gc,heap        ] GC(64) ParOldGen: 367426K(417792K)->367426K(417792K)
[2.481s][info][gc,metaspace   ] GC(64) Metaspace: 6300K(6464K)->6300K(6464K) NonClass: 5767K(5824K)->5767K(5824K) Class: 533K(640K)->533K(640K)
[2.481s][info][gc             ] GC(64) Pause Young (Allocation Failure) 424M->424M(484M) 29.425ms
[2.481s][info][gc,cpu         ] GC(64) User=0.14s Sys=0.00s Real=0.03s
[2.489s][info][gc,start       ] GC(65) Pause Young (Allocation Failure)
[2.522s][info][gc,heap        ] GC(65) PSYoungGen: 75904K(77824K)->48128K(88064K) Eden: 8192K(8192K)->0K(8704K) From: 67712K(69632K)->48128K(79360K)
[2.523s][info][gc,heap        ] GC(65) ParOldGen: 367426K(417792K)->395498K(417792K)
[2.523s][info][gc,metaspace   ] GC(65) Metaspace: 6300K(6464K)->6300K(6464K) NonClass: 5767K(5824K)->5767K(5824K) Class: 533K(640K)->533K(640K)
[2.523s][info][gc             ] GC(65) Pause Young (Allocation Failure) 432M->433M(494M) 33.376ms
[2.523s][info][gc,cpu         ] GC(65) User=0.22s Sys=0.03s Real=0.03s
[2.523s][info][gc,start       ] GC(66) Pause Full (Ergonomics)
[2.523s][info][gc,phases,start] GC(66) Marking Phase
[2.624s][info][gc,phases      ] GC(66) Marking Phase 101.127ms
[2.624s][info][gc,phases,start] GC(66) Summary Phase
[2.624s][info][gc,phases      ] GC(66) Summary Phase 0.022ms
[2.624s][info][gc,phases,start] GC(66) Adjust Roots
[2.624s][info][gc,phases      ] GC(66) Adjust Roots 0.169ms
[2.624s][info][gc,phases,start] GC(66) Compaction Phase
[2.677s][info][gc,phases      ] GC(66) Compaction Phase 53.054ms
[2.677s][info][gc,phases,start] GC(66) Post Compact
[2.679s][info][gc,phases      ] GC(66) Post Compact 2.085ms
[2.680s][info][gc,heap        ] GC(66) PSYoungGen: 48128K(88064K)->25418K(88064K) Eden: 0K(8704K)->0K(8704K) From: 48128K(79360K)->25418K(79360K)
[2.680s][info][gc,heap        ] GC(66) ParOldGen: 395498K(417792K)->417522K(477184K)
[2.680s][info][gc,metaspace   ] GC(66) Metaspace: 6300K(6464K)->6300K(6464K) NonClass: 5767K(5824K)->5767K(5824K) Class: 533K(640K)->533K(640K)
[2.680s][info][gc             ] GC(66) Pause Full (Ergonomics) 433M->432M(552M) 157.152ms
[2.680s][info][gc,cpu         ] GC(66) User=1.00s Sys=0.02s Real=0.16s
[2.690s][info][gc,start       ] GC(67) Pause Young (Allocation Failure)
[2.722s][info][gc,heap        ] GC(67) PSYoungGen: 34122K(88064K)->17760K(89088K) Eden: 8704K(8704K)->0K(8704K) From: 25418K(79360K)->17760K(80384K)
[2.722s][info][gc,heap        ] GC(67) ParOldGen: 417522K(477184K)->434234K(477184K)
[2.722s][info][gc,metaspace   ] GC(67) Metaspace: 6300K(6464K)->6300K(6464K) NonClass: 5767K(5824K)->5767K(5824K) Class: 533K(640K)->533K(640K)
[2.722s][info][gc             ] GC(67) Pause Young (Allocation Failure) 441M->441M(553M) 32.592ms
[2.722s][info][gc,cpu         ] GC(67) User=0.14s Sys=0.00s Real=0.03s
[2.732s][info][gc,start       ] GC(68) Pause Young (Allocation Failure)
[2.746s][info][gc,heap        ] GC(68) PSYoungGen: 26464K(89088K)->22272K(83968K) Eden: 8704K(8704K)->0K(10240K) From: 17760K(80384K)->22272K(73728K)
[2.746s][info][gc,heap        ] GC(68) ParOldGen: 434234K(477184K)->438530K(477184K)
[2.746s][info][gc,metaspace   ] GC(68) Metaspace: 6300K(6464K)->6300K(6464K) NonClass: 5767K(5824K)->5767K(5824K) Class: 533K(640K)->533K(640K)
[2.746s][info][gc             ] GC(68) Pause Young (Allocation Failure) 449M->450M(548M) 14.145ms
[2.746s][info][gc,cpu         ] GC(68) User=0.02s Sys=0.00s Real=0.01s
[2.757s][info][gc,start       ] GC(69) Pause Young (Allocation Failure)
[2.773s][info][gc,heap        ] GC(69) PSYoungGen: 32512K(83968K)->19072K(29696K) Eden: 10240K(10240K)->0K(10240K) From: 22272K(73728K)->19072K(19456K)
[2.774s][info][gc,heap        ] GC(69) ParOldGen: 438530K(477184K)->452138K(477184K)
[2.774s][info][gc,metaspace   ] GC(69) Metaspace: 6300K(6464K)->6300K(6464K) NonClass: 5767K(5824K)->5767K(5824K) Class: 533K(640K)->533K(640K)
[2.774s][info][gc             ] GC(69) Pause Young (Allocation Failure) 460M->460M(495M) 16.859ms
[2.774s][info][gc,cpu         ] GC(69) User=0.03s Sys=0.00s Real=0.02s
[2.774s][info][gc,start       ] GC(70) Pause Full (Ergonomics)
[2.774s][info][gc,phases,start] GC(70) Marking Phase
[2.879s][info][gc,phases      ] GC(70) Marking Phase 105.456ms
[2.879s][info][gc,phases,start] GC(70) Summary Phase
[2.879s][info][gc,phases      ] GC(70) Summary Phase 0.023ms
[2.879s][info][gc,phases,start] GC(70) Adjust Roots
[2.879s][info][gc,phases      ] GC(70) Adjust Roots 0.141ms
[2.879s][info][gc,phases,start] GC(70) Compaction Phase
[2.924s][info][gc,phases      ] GC(70) Compaction Phase 45.017ms
[2.924s][info][gc,phases,start] GC(70) Post Compact
[2.927s][info][gc,phases      ] GC(70) Post Compact 2.273ms
[2.927s][info][gc,heap        ] GC(70) PSYoungGen: 19072K(29696K)->0K(86016K) Eden: 0K(10240K)->0K(11776K) From: 19072K(19456K)->0K(74240K)
[2.927s][info][gc,heap        ] GC(70) ParOldGen: 452138K(477184K)->470492K(533504K)
[2.927s][info][gc,metaspace   ] GC(70) Metaspace: 6300K(6464K)->6300K(6464K) NonClass: 5767K(5824K)->5767K(5824K) Class: 533K(640K)->533K(640K)
[2.927s][info][gc             ] GC(70) Pause Full (Ergonomics) 460M->459M(605M) 153.493ms
[2.927s][info][gc,cpu         ] GC(70) User=0.97s Sys=0.00s Real=0.15s
[2.940s][info][gc,start       ] GC(71) Pause Young (Allocation Failure)
[2.949s][info][gc,heap        ] GC(71) PSYoungGen: 11776K(86016K)->11936K(86016K) Eden: 11776K(11776K)->0K(11776K) From: 0K(74240K)->11936K(74240K)
[2.949s][info][gc,heap        ] GC(71) ParOldGen: 470492K(533504K)->470492K(533504K)
[2.950s][info][gc,metaspace   ] GC(71) Metaspace: 6300K(6464K)->6300K(6464K) NonClass: 5767K(5824K)->5767K(5824K) Class: 533K(640K)->533K(640K)
[2.950s][info][gc             ] GC(71) Pause Young (Allocation Failure) 470M->471M(605M) 9.330ms
[2.950s][info][gc,cpu         ] GC(71) User=0.03s Sys=0.00s Real=0.01s
[2.963s][info][gc,start       ] GC(72) Pause Young (Allocation Failure)
[2.976s][info][gc,heap        ] GC(72) PSYoungGen: 23712K(86016K)->23744K(79360K) Eden: 11776K(11776K)->0K(13312K) From: 11936K(74240K)->23744K(66048K)
[2.976s][info][gc,heap        ] GC(72) ParOldGen: 470492K(533504K)->470492K(533504K)
[2.976s][info][gc,metaspace   ] GC(72) Metaspace: 6300K(6464K)->6300K(6464K) NonClass: 5767K(5824K)->5767K(5824K) Class: 533K(640K)->533K(640K)
[2.976s][info][gc             ] GC(72) Pause Young (Allocation Failure) 482M->482M(598M) 13.312ms
[2.976s][info][gc,cpu         ] GC(72) User=0.05s Sys=0.00s Real=0.01s
[2.990s][info][gc,start       ] GC(73) Pause Young (Allocation Failure)
[3.010s][info][gc,heap        ] GC(73) PSYoungGen: 37056K(79360K)->36992K(82944K) Eden: 13312K(13312K)->0K(13312K) From: 23744K(66048K)->36992K(69632K)
[3.010s][info][gc,heap        ] GC(73) ParOldGen: 470492K(533504K)->470492K(533504K)
[3.010s][info][gc,metaspace   ] GC(73) Metaspace: 6300K(6464K)->6300K(6464K) NonClass: 5767K(5824K)->5767K(5824K) Class: 533K(640K)->533K(640K)
[3.010s][info][gc             ] GC(73) Pause Young (Allocation Failure) 495M->495M(602M) 19.799ms
[3.010s][info][gc,cpu         ] GC(73) User=0.06s Sys=0.00s Real=0.02s
[3.025s][info][gc,start       ] GC(74) Pause Young (Allocation Failure)
[3.049s][info][gc,heap        ] GC(74) PSYoungGen: 50304K(82944K)->38496K(83456K) Eden: 13312K(13312K)->0K(15360K) From: 36992K(69632K)->38496K(68096K)
[3.049s][info][gc,heap        ] GC(74) ParOldGen: 470492K(533504K)->482412K(533504K)
[3.049s][info][gc,metaspace   ] GC(74) Metaspace: 6300K(6464K)->6300K(6464K) NonClass: 5767K(5824K)->5767K(5824K) Class: 533K(640K)->533K(640K)
[3.049s][info][gc             ] GC(74) Pause Young (Allocation Failure) 508M->508M(602M) 24.650ms
[3.049s][info][gc,cpu         ] GC(74) User=0.11s Sys=0.02s Real=0.03s
[3.066s][info][gc,start       ] GC(75) Pause Young (Allocation Failure)
[3.092s][info][gc,heap        ] GC(75) PSYoungGen: 53856K(83456K)->42112K(83456K) Eden: 15360K(15360K)->0K(15360K) From: 38496K(68096K)->42112K(68096K)
[3.092s][info][gc,heap        ] GC(75) ParOldGen: 482412K(533504K)->494348K(533504K)
[3.092s][info][gc,metaspace   ] GC(75) Metaspace: 6300K(6464K)->6300K(6464K) NonClass: 5767K(5824K)->5767K(5824K) Class: 533K(640K)->533K(640K)
[3.092s][info][gc             ] GC(75) Pause Young (Allocation Failure) 523M->523M(602M) 26.151ms
[3.092s][info][gc,cpu         ] GC(75) User=0.14s Sys=0.00s Real=0.03s
[3.109s][info][gc,start       ] GC(76) Pause Young (Allocation Failure)
[3.136s][info][gc,heap        ] GC(76) PSYoungGen: 57472K(83456K)->44128K(84992K) Eden: 15360K(15360K)->0K(16384K) From: 42112K(68096K)->44128K(68608K)
[3.136s][info][gc,heap        ] GC(76) ParOldGen: 494348K(533504K)->507844K(533504K)
[3.136s][info][gc,metaspace   ] GC(76) Metaspace: 6300K(6464K)->6300K(6464K) NonClass: 5767K(5824K)->5767K(5824K) Class: 533K(640K)->533K(640K)
[3.136s][info][gc             ] GC(76) Pause Young (Allocation Failure) 538M->539M(604M) 27.414ms
[3.136s][info][gc,cpu         ] GC(76) User=0.12s Sys=0.00s Real=0.03s
[3.136s][info][gc,start       ] GC(77) Pause Full (Ergonomics)
[3.136s][info][gc,phases,start] GC(77) Marking Phase
[3.248s][info][gc,phases      ] GC(77) Marking Phase 111.581ms
[3.248s][info][gc,phases,start] GC(77) Summary Phase
[3.248s][info][gc,phases      ] GC(77) Summary Phase 0.027ms
[3.248s][info][gc,phases,start] GC(77) Adjust Roots
[3.248s][info][gc,phases      ] GC(77) Adjust Roots 0.148ms
[3.248s][info][gc,phases,start] GC(77) Compaction Phase
[3.299s][info][gc,phases      ] GC(77) Compaction Phase 51.294ms
[3.299s][info][gc,phases,start] GC(77) Post Compact
[3.302s][info][gc,phases      ] GC(77) Post Compact 2.670ms
[3.302s][info][gc,heap        ] GC(77) PSYoungGen: 44128K(84992K)->17884K(84992K) Eden: 0K(16384K)->0K(16384K) From: 44128K(68608K)->17884K(68608K)
[3.302s][info][gc,heap        ] GC(77) ParOldGen: 507844K(533504K)->533313K(598528K)
[3.302s][info][gc,metaspace   ] GC(77) Metaspace: 6300K(6464K)->6300K(6464K) NonClass: 5767K(5824K)->5767K(5824K) Class: 533K(640K)->533K(640K)
[3.302s][info][gc             ] GC(77) Pause Full (Ergonomics) 539M->538M(667M) 166.279ms
[3.302s][info][gc,cpu         ] GC(77) User=1.06s Sys=0.02s Real=0.17s
[3.321s][info][gc,start       ] GC(78) Pause Young (Allocation Failure)
[3.358s][info][gc,heap        ] GC(78) PSYoungGen: 34268K(84992K)->29728K(46592K) Eden: 16384K(16384K)->0K(16384K) From: 17884K(68608K)->29728K(30208K)
[3.358s][info][gc,heap        ] GC(78) ParOldGen: 533313K(598528K)->538153K(598528K)
[3.358s][info][gc,metaspace   ] GC(78) Metaspace: 6300K(6464K)->6300K(6464K) NonClass: 5767K(5824K)->5767K(5824K) Class: 533K(640K)->533K(640K)
[3.358s][info][gc             ] GC(78) Pause Young (Allocation Failure) 554M->554M(630M) 37.408ms
[3.358s][info][gc,cpu         ] GC(78) User=0.27s Sys=0.00s Real=0.04s
[3.377s][info][gc,start       ] GC(79) Pause Young (Allocation Failure)
[3.400s][info][gc,heap        ] GC(79) PSYoungGen: 46112K(46592K)->40032K(83968K) Eden: 16384K(16384K)->0K(18432K) From: 29728K(30208K)->40032K(65536K)
[3.400s][info][gc,heap        ] GC(79) ParOldGen: 538153K(598528K)->544289K(598528K)
[3.400s][info][gc,metaspace   ] GC(79) Metaspace: 6300K(6464K)->6300K(6464K) NonClass: 5767K(5824K)->5767K(5824K) Class: 533K(640K)->533K(640K)
[3.401s][info][gc             ] GC(79) Pause Young (Allocation Failure) 570M->570M(666M) 23.582ms
[3.401s][info][gc,cpu         ] GC(79) User=0.12s Sys=0.00s Real=0.02s
[3.420s][info][gc,start       ] GC(80) Pause Young (Allocation Failure)
[3.449s][info][gc,heap        ] GC(80) PSYoungGen: 58464K(83968K)->51296K(84480K) Eden: 18432K(18432K)->0K(18432K) From: 40032K(65536K)->51296K(66048K)
[3.449s][info][gc,heap        ] GC(80) ParOldGen: 544289K(598528K)->551513K(598528K)
[3.449s][info][gc,metaspace   ] GC(80) Metaspace: 6300K(6464K)->6300K(6464K) NonClass: 5767K(5824K)->5767K(5824K) Class: 533K(640K)->533K(640K)
[3.449s][info][gc             ] GC(80) Pause Young (Allocation Failure) 588M->588M(667M) 28.581ms
[3.449s][info][gc,cpu         ] GC(80) User=0.14s Sys=0.00s Real=0.03s
[3.471s][info][gc,start       ] GC(81) Pause Young (Allocation Failure)
[3.506s][info][gc,heap        ] GC(81) PSYoungGen: 69728K(84480K)->53408K(87552K) Eden: 18432K(18432K)->0K(17920K) From: 51296K(66048K)->53408K(69632K)
[3.506s][info][gc,heap        ] GC(81) ParOldGen: 551513K(598528K)->568129K(598528K)
[3.506s][info][gc,metaspace   ] GC(81) Metaspace: 6300K(6464K)->6300K(6464K) NonClass: 5767K(5824K)->5767K(5824K) Class: 533K(640K)->533K(640K)
[3.506s][info][gc             ] GC(81) Pause Young (Allocation Failure) 606M->606M(670M) 35.093ms
[3.506s][info][gc,cpu         ] GC(81) User=0.16s Sys=0.00s Real=0.04s
[3.529s][info][gc,start       ] GC(82) Pause Young (Allocation Failure)
[3.565s][info][gc,heap        ] GC(82) PSYoungGen: 71328K(87552K)->54944K(90624K) Eden: 17920K(17920K)->0K(17920K) From: 53408K(69632K)->54944K(72704K)
[3.565s][info][gc,heap        ] GC(82) ParOldGen: 568129K(598528K)->584745K(598528K)
[3.565s][info][gc,metaspace   ] GC(82) Metaspace: 6300K(6464K)->6300K(6464K) NonClass: 5767K(5824K)->5767K(5824K) Class: 533K(640K)->533K(640K)
[3.565s][info][gc             ] GC(82) Pause Young (Allocation Failure) 624M->624M(673M) 35.917ms
[3.565s][info][gc,cpu         ] GC(82) User=0.16s Sys=0.00s Real=0.04s
[3.565s][info][gc,start       ] GC(83) Pause Full (Ergonomics)
[3.565s][info][gc,phases,start] GC(83) Marking Phase
[3.713s][info][gc,phases      ] GC(83) Marking Phase 147.952ms
[3.713s][info][gc,phases,start] GC(83) Summary Phase
[3.713s][info][gc,phases      ] GC(83) Summary Phase 0.029ms
[3.713s][info][gc,phases,start] GC(83) Adjust Roots
[3.714s][info][gc,phases      ] GC(83) Adjust Roots 0.205ms
[3.714s][info][gc,phases,start] GC(83) Compaction Phase
[3.783s][info][gc,phases      ] GC(83) Compaction Phase 69.365ms
[3.783s][info][gc,phases,start] GC(83) Post Compact
[3.784s][info][gc,phases      ] GC(83) Post Compact 1.266ms
[3.785s][info][gc,heap        ] GC(83) PSYoungGen: 54944K(90624K)->40378K(90624K) Eden: 0K(17920K)->0K(17920K) From: 54944K(72704K)->40378K(72704K)
[3.785s][info][gc,heap        ] GC(83) ParOldGen: 584745K(598528K)->598217K(666624K)
[3.785s][info][gc,metaspace   ] GC(83) Metaspace: 6300K(6464K)->6300K(6464K) NonClass: 5767K(5824K)->5767K(5824K) Class: 533K(640K)->533K(640K)
[3.785s][info][gc             ] GC(83) Pause Full (Ergonomics) 624M->623M(739M) 219.365ms
[3.785s][info][gc,cpu         ] GC(83) User=1.45s Sys=0.00s Real=0.22s
[3.807s][info][gc,start       ] GC(84) Pause Young (Allocation Failure)
[3.859s][info][gc,heap        ] GC(84) PSYoungGen: 58298K(90624K)->31104K(91648K) Eden: 17920K(17920K)->0K(19968K) From: 40378K(72704K)->31104K(71680K)
[3.859s][info][gc,heap        ] GC(84) ParOldGen: 598217K(666624K)->625921K(666624K)
[3.859s][info][gc,metaspace   ] GC(84) Metaspace: 6300K(6464K)->6300K(6464K) NonClass: 5767K(5824K)->5767K(5824K) Class: 533K(640K)->533K(640K)
[3.859s][info][gc             ] GC(84) Pause Young (Allocation Failure) 641M->641M(740M) 52.096ms
[3.859s][info][gc,cpu         ] GC(84) User=0.38s Sys=0.02s Real=0.05s
[3.883s][info][gc,start       ] GC(85) Pause Young (Allocation Failure)
[3.910s][info][gc,heap        ] GC(85) PSYoungGen: 51072K(91648K)->38016K(58368K) Eden: 19968K(19968K)->0K(19968K) From: 31104K(71680K)->38016K(38400K)
[3.910s][info][gc,heap        ] GC(85) ParOldGen: 625921K(666624K)->639177K(666624K)
[3.910s][info][gc,metaspace   ] GC(85) Metaspace: 6300K(6464K)->6300K(6464K) NonClass: 5767K(5824K)->5767K(5824K) Class: 533K(640K)->533K(640K)
[3.910s][info][gc             ] GC(85) Pause Young (Allocation Failure) 661M->661M(708M) 27.423ms
[3.910s][info][gc,cpu         ] GC(85) User=0.14s Sys=0.00s Real=0.03s
[3.910s][info][gc,start       ] GC(86) Pause Full (Ergonomics)
[3.910s][info][gc,phases,start] GC(86) Marking Phase
[4.064s][info][gc,phases      ] GC(86) Marking Phase 153.315ms
[4.064s][info][gc,phases,start] GC(86) Summary Phase
[4.064s][info][gc,phases      ] GC(86) Summary Phase 0.021ms
[4.064s][info][gc,phases,start] GC(86) Adjust Roots
[4.064s][info][gc,phases      ] GC(86) Adjust Roots 0.156ms
[4.064s][info][gc,phases,start] GC(86) Compaction Phase
[4.121s][info][gc,phases      ] GC(86) Compaction Phase 57.277ms
[4.121s][info][gc,phases,start] GC(86) Post Compact
[4.122s][info][gc,phases      ] GC(86) Post Compact 1.052ms
[4.123s][info][gc,heap        ] GC(86) PSYoungGen: 38016K(58368K)->10229K(58368K) Eden: 0K(19968K)->0K(19968K) From: 38016K(38400K)->10229K(38400K)
[4.123s][info][gc,heap        ] GC(86) ParOldGen: 639177K(666624K)->666186K(743424K)
[4.123s][info][gc,metaspace   ] GC(86) Metaspace: 6300K(6464K)->6300K(6464K) NonClass: 5767K(5824K)->5767K(5824K) Class: 533K(640K)->533K(640K)
[4.123s][info][gc             ] GC(86) Pause Full (Ergonomics) 661M->660M(783M) 212.358ms
[4.123s][info][gc,cpu         ] GC(86) User=1.50s Sys=0.00s Real=0.21s
[4.149s][info][gc,start       ] GC(87) Pause Young (Allocation Failure)
[4.192s][info][gc,heap        ] GC(87) PSYoungGen: 30197K(58368K)->27008K(89088K) Eden: 19968K(19968K)->0K(22016K) From: 10229K(38400K)->27008K(67072K)
[4.192s][info][gc,heap        ] GC(87) ParOldGen: 666186K(743424K)->669602K(743424K)
[4.192s][info][gc,metaspace   ] GC(87) Metaspace: 6300K(6464K)->6300K(6464K) NonClass: 5767K(5824K)->5767K(5824K) Class: 533K(640K)->533K(640K)
[4.192s][info][gc             ] GC(87) Pause Young (Allocation Failure) 680M->680M(813M) 43.094ms
[4.192s][info][gc,cpu         ] GC(87) User=0.30s Sys=0.00s Real=0.04s
[4.342s][info][gc,start       ] GC(88) Pause Young (Allocation Failure)
[4.381s][info][gc,heap        ] GC(88) PSYoungGen: 49024K(89088K)->49024K(90624K) Eden: 22016K(22016K)->0K(22016K) From: 27008K(67072K)->49024K(68608K)
[4.381s][info][gc,heap        ] GC(88) ParOldGen: 702370K(743424K)->702370K(743424K)
[4.381s][info][gc,metaspace   ] GC(88) Metaspace: 6300K(6464K)->6300K(6464K) NonClass: 5767K(5824K)->5767K(5824K) Class: 533K(640K)->533K(640K)
[4.381s][info][gc             ] GC(88) Pause Young (Allocation Failure) 733M->733M(814M) 39.046ms
[4.382s][info][gc,cpu         ] GC(88) User=0.16s Sys=0.00s Real=0.04s
[4.404s][info][gc,start       ] GC(89) Pause Young (Allocation Failure)
[4.440s][info][gc,heap        ] GC(89) PSYoungGen: 71040K(90624K)->70144K(85504K) Eden: 22016K(22016K)->0K(15360K) From: 49024K(68608K)->70144K(70144K)
[4.440s][info][gc,heap        ] GC(89) ParOldGen: 702370K(743424K)->703226K(743424K)
[4.440s][info][gc,metaspace   ] GC(89) Metaspace: 6300K(6464K)->6300K(6464K) NonClass: 5767K(5824K)->5767K(5824K) Class: 533K(640K)->533K(640K)
[4.440s][info][gc             ] GC(89) Pause Young (Allocation Failure) 755M->755M(809M) 36.458ms
[4.440s][info][gc,cpu         ] GC(89) User=0.23s Sys=0.00s Real=0.04s
[4.456s][info][gc,start       ] GC(90) Pause Young (Allocation Failure)
[4.499s][info][gc,heap        ] GC(90) PSYoungGen: 85504K(85504K)->59232K(94208K) Eden: 15360K(15360K)->0K(15360K) From: 70144K(70144K)->59232K(78848K)
[4.499s][info][gc,heap        ] GC(90) ParOldGen: 703226K(743424K)->729946K(743424K)
[4.499s][info][gc,metaspace   ] GC(90) Metaspace: 6300K(6464K)->6300K(6464K) NonClass: 5767K(5824K)->5767K(5824K) Class: 533K(640K)->533K(640K)
[4.499s][info][gc             ] GC(90) Pause Young (Allocation Failure) 770M->770M(818M) 42.631ms
[4.499s][info][gc,cpu         ] GC(90) User=0.17s Sys=0.05s Real=0.04s
[4.499s][info][gc,start       ] GC(91) Pause Full (Ergonomics)
[4.499s][info][gc,phases,start] GC(91) Marking Phase
[4.675s][info][gc,phases      ] GC(91) Marking Phase 175.618ms
[4.675s][info][gc,phases,start] GC(91) Summary Phase
[4.675s][info][gc,phases      ] GC(91) Summary Phase 0.030ms
[4.675s][info][gc,phases,start] GC(91) Adjust Roots
[4.675s][info][gc,phases      ] GC(91) Adjust Roots 0.148ms
[4.675s][info][gc,phases,start] GC(91) Compaction Phase
[4.804s][info][gc,phases      ] GC(91) Compaction Phase 129.144ms
[4.804s][info][gc,phases,start] GC(91) Post Compact
[4.806s][info][gc,phases      ] GC(91) Post Compact 1.792ms
[4.806s][info][gc,heap        ] GC(91) PSYoungGen: 59232K(94208K)->28854K(94208K) Eden: 0K(15360K)->0K(15360K) From: 59232K(78848K)->28854K(78848K)
[4.806s][info][gc,heap        ] GC(91) ParOldGen: 729946K(743424K)->743179K(827904K)
[4.806s][info][gc,metaspace   ] GC(91) Metaspace: 6300K(6464K)->6300K(6464K) NonClass: 5767K(5824K)->5767K(5824K) Class: 533K(640K)->533K(640K)
[4.806s][info][gc             ] GC(91) Pause Full (Ergonomics) 770M->753M(900M) 307.456ms
[4.806s][info][gc,cpu         ] GC(91) User=1.94s Sys=0.00s Real=0.31s
[4.824s][info][gc,start       ] GC(92) Pause Young (Allocation Failure)
[4.874s][info][gc,heap        ] GC(92) PSYoungGen: 44214K(94208K)->33280K(94720K) Eden: 15360K(15360K)->0K(16896K) From: 28854K(78848K)->33280K(77824K)
[4.874s][info][gc,heap        ] GC(92) ParOldGen: 743179K(827904K)->754475K(827904K)
[4.874s][info][gc,metaspace   ] GC(92) Metaspace: 6300K(6464K)->6300K(6464K) NonClass: 5767K(5824K)->5767K(5824K) Class: 533K(640K)->533K(640K)
[4.874s][info][gc             ] GC(92) Pause Young (Allocation Failure) 768M->769M(901M) 49.688ms
[4.874s][info][gc,cpu         ] GC(92) User=0.27s Sys=0.00s Real=0.05s
[4.891s][info][gc,start       ] GC(93) Pause Young (Allocation Failure)
[4.918s][info][gc,heap        ] GC(93) PSYoungGen: 50176K(94720K)->50208K(96768K) Eden: 16896K(16896K)->0K(16896K) From: 33280K(77824K)->50208K(79872K)
[4.918s][info][gc,heap        ] GC(93) ParOldGen: 754475K(827904K)->754475K(827904K)
[4.918s][info][gc,metaspace   ] GC(93) Metaspace: 6300K(6464K)->6300K(6464K) NonClass: 5767K(5824K)->5767K(5824K) Class: 533K(640K)->533K(640K)
[4.918s][info][gc             ] GC(93) Pause Young (Allocation Failure) 785M->785M(903M) 26.374ms
[4.918s][info][gc,cpu         ] GC(93) User=0.14s Sys=0.00s Real=0.03s
[4.935s][info][gc,start       ] GC(94) Pause Young (Allocation Failure)
[4.968s][info][gc,heap        ] GC(94) PSYoungGen: 67104K(96768K)->67104K(92160K) Eden: 16896K(16896K)->0K(13312K) From: 50208K(79872K)->67104K(78848K)
[4.968s][info][gc,heap        ] GC(94) ParOldGen: 754475K(827904K)->754475K(827904K)
[4.968s][info][gc,metaspace   ] GC(94) Metaspace: 6300K(6464K)->6300K(6464K) NonClass: 5767K(5824K)->5767K(5824K) Class: 533K(640K)->533K(640K)
[4.968s][info][gc             ] GC(94) Pause Young (Allocation Failure) 802M->802M(898M) 32.807ms
[4.968s][info][gc,cpu         ] GC(94) User=0.17s Sys=0.02s Real=0.03s
[4.982s][info][gc,start       ] GC(95) Pause Young (Allocation Failure)
[5.020s][info][gc,heap        ] GC(95) PSYoungGen: 80416K(92160K)->69408K(97792K) Eden: 13312K(13312K)->0K(13312K) From: 67104K(78848K)->69408K(84480K)
[5.020s][info][gc,heap        ] GC(95) ParOldGen: 754475K(827904K)->765619K(827904K)
[5.020s][info][gc,metaspace   ] GC(95) Metaspace: 6300K(6464K)->6300K(6464K) NonClass: 5767K(5824K)->5767K(5824K) Class: 533K(640K)->533K(640K)
[5.020s][info][gc             ] GC(95) Pause Young (Allocation Failure) 815M->815M(904M) 37.896ms
[5.020s][info][gc,cpu         ] GC(95) User=0.25s Sys=0.00s Real=0.04s
[5.034s][info][gc,start       ] GC(96) Pause Young (Allocation Failure)
[5.073s][info][gc,heap        ] GC(96) PSYoungGen: 82720K(97792K)->60544K(104448K) Eden: 13312K(13312K)->0K(14848K) From: 69408K(84480K)->60544K(89600K)
[5.073s][info][gc,heap        ] GC(96) ParOldGen: 765619K(827904K)->788035K(827904K)
[5.073s][info][gc,metaspace   ] GC(96) Metaspace: 6300K(6464K)->6300K(6464K) NonClass: 5767K(5824K)->5767K(5824K) Class: 533K(640K)->533K(640K)
[5.073s][info][gc             ] GC(96) Pause Young (Allocation Failure) 828M->828M(910M) 39.027ms
[5.073s][info][gc,cpu         ] GC(96) User=0.19s Sys=0.03s Real=0.04s
[5.089s][info][gc,start       ] GC(97) Pause Young (Allocation Failure)
[5.126s][info][gc,heap        ] GC(97) PSYoungGen: 75392K(104448K)->41600K(56832K) Eden: 14848K(14848K)->0K(14848K) From: 60544K(89600K)->41600K(41984K)
[5.126s][info][gc,heap        ] GC(97) ParOldGen: 788035K(827904K)->822235K(827904K)
[5.126s][info][gc,metaspace   ] GC(97) Metaspace: 6300K(6464K)->6300K(6464K) NonClass: 5767K(5824K)->5767K(5824K) Class: 533K(640K)->533K(640K)
[5.126s][info][gc             ] GC(97) Pause Young (Allocation Failure) 843M->843M(864M) 36.757ms
[5.126s][info][gc,cpu         ] GC(97) User=0.22s Sys=0.02s Real=0.04s
[5.126s][info][gc,start       ] GC(98) Pause Full (Ergonomics)
[5.126s][info][gc,phases,start] GC(98) Marking Phase
[5.316s][info][gc,phases      ] GC(98) Marking Phase 189.940ms
[5.316s][info][gc,phases,start] GC(98) Summary Phase
[5.316s][info][gc,phases      ] GC(98) Summary Phase 0.023ms
[5.316s][info][gc,phases,start] GC(98) Adjust Roots
[5.316s][info][gc,phases      ] GC(98) Adjust Roots 0.151ms
[5.316s][info][gc,phases,start] GC(98) Compaction Phase
[5.405s][info][gc,phases      ] GC(98) Compaction Phase 88.926ms
[5.405s][info][gc,phases,start] GC(98) Post Compact
[5.407s][info][gc,phases      ] GC(98) Post Compact 1.662ms
[5.408s][info][gc,heap        ] GC(98) PSYoungGen: 41600K(56832K)->34739K(56832K) Eden: 0K(14848K)->0K(14848K) From: 41600K(41984K)->34739K(41984K)
[5.408s][info][gc,heap        ] GC(98) ParOldGen: 822235K(827904K)->827732K(923648K)
[5.408s][info][gc,metaspace   ] GC(98) Metaspace: 6300K(6464K)->6300K(6464K) NonClass: 5767K(5824K)->5767K(5824K) Class: 533K(640K)->533K(640K)
[5.408s][info][gc             ] GC(98) Pause Full (Ergonomics) 843M->842M(957M) 281.454ms
[5.408s][info][gc,cpu         ] GC(98) User=1.86s Sys=0.00s Real=0.28s
[5.425s][info][gc,start       ] GC(99) Pause Young (Allocation Failure)
[5.479s][info][gc,heap        ] GC(99) PSYoungGen: 49587K(56832K)->27136K(103936K) Eden: 14848K(14848K)->0K(16896K) From: 34739K(41984K)->27136K(87040K)
[5.479s][info][gc,heap        ] GC(99) ParOldGen: 827732K(923648K)->850652K(923648K)
[5.479s][info][gc,metaspace   ] GC(99) Metaspace: 6300K(6464K)->6300K(6464K) NonClass: 5767K(5824K)->5767K(5824K) Class: 533K(640K)->533K(640K)
[5.479s][info][gc             ] GC(99) Pause Young (Allocation Failure) 856M->857M(1003M) 53.990ms
[5.479s][info][gc,cpu         ] GC(99) User=0.38s Sys=0.00s Real=0.05s
[5.497s][info][gc,start       ] GC(100) Pause Young (Allocation Failure)
[5.521s][info][gc,heap        ] GC(100) PSYoungGen: 44032K(103936K)->31840K(103936K) Eden: 16896K(16896K)->0K(16896K) From: 27136K(87040K)->31840K(87040K)
[5.521s][info][gc,heap        ] GC(100) ParOldGen: 850652K(923648K)->862996K(923648K)
[5.521s][info][gc,metaspace   ] GC(100) Metaspace: 6300K(6464K)->6300K(6464K) NonClass: 5767K(5824K)->5767K(5824K) Class: 533K(640K)->533K(640K)
[5.521s][info][gc             ] GC(100) Pause Young (Allocation Failure) 873M->873M(1003M) 23.936ms
[5.521s][info][gc,cpu         ] GC(100) User=0.12s Sys=0.00s Real=0.02s
[5.540s][info][gc,start       ] GC(101) Pause Young (Allocation Failure)
[5.567s][info][gc,heap        ] GC(101) PSYoungGen: 48736K(103936K)->33952K(99328K) Eden: 16896K(16896K)->0K(18944K) From: 31840K(87040K)->33952K(80384K)
[5.567s][info][gc,heap        ] GC(101) ParOldGen: 862996K(923648K)->878052K(923648K)
[5.567s][info][gc,metaspace   ] GC(101) Metaspace: 6300K(6464K)->6300K(6464K) NonClass: 5767K(5824K)->5767K(5824K) Class: 533K(640K)->533K(640K)
[5.567s][info][gc             ] GC(101) Pause Young (Allocation Failure) 890M->890M(999M) 26.968ms
[5.567s][info][gc,cpu         ] GC(101) User=0.12s Sys=0.02s Real=0.03s
[5.588s][info][gc,start       ] GC(102) Pause Young (Allocation Failure)
[5.616s][info][gc,heap        ] GC(102) PSYoungGen: 52896K(99328K)->36000K(101888K) Eden: 18944K(18944K)->0K(18944K) From: 33952K(80384K)->36000K(82944K)
[5.616s][info][gc,heap        ] GC(102) ParOldGen: 878052K(923648K)->895180K(923648K)
[5.616s][info][gc,metaspace   ] GC(102) Metaspace: 6300K(6464K)->6300K(6464K) NonClass: 5767K(5824K)->5767K(5824K) Class: 533K(640K)->533K(640K)
[5.616s][info][gc             ] GC(102) Pause Young (Allocation Failure) 909M->909M(1001M) 27.846ms
[5.616s][info][gc,cpu         ] GC(102) User=0.22s Sys=0.03s Real=0.03s
[5.616s][info][gc,start       ] GC(103) Pause Full (Ergonomics)
[5.616s][info][gc,phases,start] GC(103) Marking Phase
[5.815s][info][gc,phases      ] GC(103) Marking Phase 198.100ms
[5.815s][info][gc,phases,start] GC(103) Summary Phase
[5.815s][info][gc,phases      ] GC(103) Summary Phase 0.023ms
[5.815s][info][gc,phases,start] GC(103) Adjust Roots
[5.815s][info][gc,phases      ] GC(103) Adjust Roots 0.148ms
[5.815s][info][gc,phases,start] GC(103) Compaction Phase
[5.904s][info][gc,phases      ] GC(103) Compaction Phase 89.186ms
[5.904s][info][gc,phases,start] GC(103) Post Compact
[5.906s][info][gc,phases      ] GC(103) Post Compact 1.650ms
[5.906s][info][gc,heap        ] GC(103) PSYoungGen: 36000K(101888K)->6656K(101888K) Eden: 0K(18944K)->0K(18944K) From: 36000K(82944K)->6656K(82944K)
[5.906s][info][gc,heap        ] GC(103) ParOldGen: 895180K(923648K)->923279K(1021440K)
[5.906s][info][gc,metaspace   ] GC(103) Metaspace: 6300K(6464K)->6300K(6464K) NonClass: 5767K(5824K)->5767K(5824K) Class: 533K(640K)->533K(640K)
[5.906s][info][gc             ] GC(103) Pause Full (Ergonomics) 909M->908M(1097M) 289.781ms
[5.906s][info][gc,cpu         ] GC(103) User=2.06s Sys=0.05s Real=0.29s
[5.928s][info][gc,start       ] GC(104) Pause Young (Allocation Failure)
[5.980s][info][gc,heap        ] GC(104) PSYoungGen: 25600K(101888K)->21632K(100864K) Eden: 18944K(18944K)->0K(20992K) From: 6656K(82944K)->21632K(79872K)
[5.980s][info][gc,heap        ] GC(104) ParOldGen: 923279K(1021440K)->927471K(1021440K)
[5.980s][info][gc,metaspace   ] GC(104) Metaspace: 6300K(6464K)->6300K(6464K) NonClass: 5767K(5824K)->5767K(5824K) Class: 533K(640K)->533K(640K)
[5.980s][info][gc             ] GC(104) Pause Young (Allocation Failure) 926M->926M(1096M) 52.629ms
[5.980s][info][gc,cpu         ] GC(104) User=0.31s Sys=0.00s Real=0.05s
[6.005s][info][gc,start       ] GC(105) Pause Young (Allocation Failure)
[6.028s][info][gc,heap        ] GC(105) PSYoungGen: 42624K(100864K)->42656K(64000K) Eden: 20992K(20992K)->0K(20992K) From: 21632K(79872K)->42656K(43008K)
[6.028s][info][gc,heap        ] GC(105) ParOldGen: 927471K(1021440K)->927471K(1021440K)
[6.028s][info][gc,metaspace   ] GC(105) Metaspace: 6300K(6464K)->6300K(6464K) NonClass: 5767K(5824K)->5767K(5824K) Class: 533K(640K)->533K(640K)
[6.028s][info][gc             ] GC(105) Pause Young (Allocation Failure) 947M->947M(1060M) 23.314ms
[6.028s][info][gc,cpu         ] GC(105) User=0.12s Sys=0.00s Real=0.02s
[6.051s][info][gc,start       ] GC(106) Pause Young (Allocation Failure)
[6.083s][info][gc,heap        ] GC(106) PSYoungGen: 63648K(64000K)->63584K(96256K) Eden: 20992K(20992K)->0K(18944K) From: 42656K(43008K)->63584K(77312K)
[6.083s][info][gc,heap        ] GC(106) ParOldGen: 927471K(1021440K)->927471K(1021440K)
[6.083s][info][gc,metaspace   ] GC(106) Metaspace: 6300K(6464K)->6300K(6464K) NonClass: 5767K(5824K)->5767K(5824K) Class: 533K(640K)->533K(640K)
[6.083s][info][gc             ] GC(106) Pause Young (Allocation Failure) 967M->967M(1091M) 31.690ms
[6.083s][info][gc,cpu         ] GC(106) User=0.14s Sys=0.00s Real=0.03s
[6.104s][info][gc,start       ] GC(107) Pause Young (Allocation Failure)
[6.150s][info][gc,heap        ] GC(107) PSYoungGen: 82528K(96256K)->80064K(100864K) Eden: 18944K(18944K)->0K(18944K) From: 63584K(77312K)->80064K(81920K)
[6.150s][info][gc,heap        ] GC(107) ParOldGen: 927471K(1021440K)->930087K(1021440K)
[6.150s][info][gc,metaspace   ] GC(107) Metaspace: 6300K(6464K)->6300K(6464K) NonClass: 5767K(5824K)->5767K(5824K) Class: 533K(640K)->533K(640K)
[6.150s][info][gc             ] GC(107) Pause Young (Allocation Failure) 986M->986M(1096M) 45.582ms
[6.150s][info][gc,cpu         ] GC(107) User=0.28s Sys=0.00s Real=0.05s
[6.172s][info][gc,start       ] GC(108) Pause Young (Allocation Failure)
[6.226s][info][gc,heap        ] GC(108) PSYoungGen: 99008K(100864K)->80032K(105472K) Eden: 18944K(18944K)->0K(13824K) From: 80064K(81920K)->80032K(91648K)
[6.226s][info][gc,heap        ] GC(108) ParOldGen: 930087K(1021440K)->949287K(1021440K)
[6.226s][info][gc,metaspace   ] GC(108) Metaspace: 6300K(6464K)->6300K(6464K) NonClass: 5767K(5824K)->5767K(5824K) Class: 533K(640K)->533K(640K)
[6.226s][info][gc             ] GC(108) Pause Young (Allocation Failure) 1004M->1005M(1100M) 53.684ms
[6.226s][info][gc,cpu         ] GC(108) User=0.31s Sys=0.03s Real=0.05s
[6.242s][info][gc,start       ] GC(109) Pause Young (Allocation Failure)
[6.303s][info][gc,heap        ] GC(109) PSYoungGen: 93856K(105472K)->51872K(66048K) Eden: 13824K(13824K)->0K(13824K) From: 80032K(91648K)->51872K(52224K)
[6.303s][info][gc,heap        ] GC(109) ParOldGen: 949287K(1021440K)->991815K(1021440K)
[6.303s][info][gc,metaspace   ] GC(109) Metaspace: 6300K(6464K)->6300K(6464K) NonClass: 5767K(5824K)->5767K(5824K) Class: 533K(640K)->533K(640K)
[6.304s][info][gc             ] GC(109) Pause Young (Allocation Failure) 1018M->1019M(1062M) 61.646ms
[6.304s][info][gc,cpu         ] GC(109) User=0.28s Sys=0.00s Real=0.06s
[6.304s][info][gc,start       ] GC(110) Pause Full (Ergonomics)
[6.304s][info][gc,phases,start] GC(110) Marking Phase
[6.567s][info][gc,phases      ] GC(110) Marking Phase 263.422ms
[6.567s][info][gc,phases,start] GC(110) Summary Phase
[6.567s][info][gc,phases      ] GC(110) Summary Phase 0.041ms
[6.567s][info][gc,phases,start] GC(110) Adjust Roots
[6.567s][info][gc,phases      ] GC(110) Adjust Roots 0.261ms
[6.567s][info][gc,phases,start] GC(110) Compaction Phase
[6.681s][info][gc,phases      ] GC(110) Compaction Phase 113.165ms
[6.681s][info][gc,phases,start] GC(110) Post Compact
[6.683s][info][gc,phases      ] GC(110) Post Compact 1.887ms
[6.683s][info][gc,heap        ] GC(110) PSYoungGen: 51872K(66048K)->20958K(66048K) Eden: 0K(13824K)->0K(13824K) From: 51872K(52224K)->20958K(52224K)
[6.683s][info][gc,heap        ] GC(110) ParOldGen: 991815K(1021440K)->1021428K(1134080K)
[6.683s][info][gc,metaspace   ] GC(110) Metaspace: 6300K(6464K)->6300K(6464K) NonClass: 5767K(5824K)->5767K(5824K) Class: 533K(640K)->533K(640K)
[6.683s][info][gc             ] GC(110) Pause Full (Ergonomics) 1019M->1017M(1172M) 379.570ms
[6.683s][info][gc,cpu         ] GC(110) User=2.53s Sys=0.05s Real=0.38s
[6.699s][info][gc,start       ] GC(111) Pause Young (Allocation Failure)
[6.764s][info][gc,heap        ] GC(111) PSYoungGen: 34782K(66048K)->18272K(110080K) Eden: 13824K(13824K)->0K(14848K) From: 20958K(52224K)->18272K(95232K)
[6.764s][info][gc,heap        ] GC(111) ParOldGen: 1021428K(1134080K)->1038324K(1134080K)
[6.764s][info][gc,metaspace   ] GC(111) Metaspace: 6300K(6464K)->6300K(6464K) NonClass: 5767K(5824K)->5767K(5824K) Class: 533K(640K)->533K(640K)
[6.764s][info][gc             ] GC(111) Pause Young (Allocation Failure) 1031M->1031M(1215M) 64.904ms
[6.764s][info][gc,cpu         ] GC(111) User=0.34s Sys=0.00s Real=0.06s
[6.782s][info][gc,start       ] GC(112) Pause Young (Allocation Failure)
[6.803s][info][gc,heap        ] GC(112) PSYoungGen: 33120K(110080K)->28800K(111104K) Eden: 14848K(14848K)->0K(14848K) From: 18272K(95232K)->28800K(96256K)
[6.803s][info][gc,heap        ] GC(112) ParOldGen: 1038324K(1134080K)->1042748K(1134080K)
[6.803s][info][gc,metaspace   ] GC(112) Metaspace: 6300K(6464K)->6300K(6464K) NonClass: 5767K(5824K)->5767K(5824K) Class: 533K(640K)->533K(640K)
[6.803s][info][gc             ] GC(112) Pause Young (Allocation Failure) 1046M->1046M(1216M) 21.023ms
[6.803s][info][gc,cpu         ] GC(112) User=0.09s Sys=0.00s Real=0.02s
[6.820s][info][gc,start       ] GC(113) Pause Young (Allocation Failure)
[6.846s][info][gc,heap        ] GC(113) PSYoungGen: 43648K(111104K)->29824K(107008K) Eden: 14848K(14848K)->0K(16896K) From: 28800K(96256K)->29824K(90112K)
[6.846s][info][gc,heap        ] GC(113) ParOldGen: 1042748K(1134080K)->1056772K(1134080K)
[6.846s][info][gc,metaspace   ] GC(113) Metaspace: 6300K(6464K)->6300K(6464K) NonClass: 5767K(5824K)->5767K(5824K) Class: 533K(640K)->533K(640K)
[6.846s][info][gc             ] GC(113) Pause Young (Allocation Failure) 1060M->1061M(1212M) 25.972ms
[6.846s][info][gc,cpu         ] GC(113) User=0.11s Sys=0.02s Real=0.03s
[6.866s][info][gc,start       ] GC(114) Pause Young (Allocation Failure)
[6.893s][info][gc,heap        ] GC(114) PSYoungGen: 46720K(107008K)->31904K(49152K) Eden: 16896K(16896K)->0K(16896K) From: 29824K(90112K)->31904K(32256K)
[6.893s][info][gc,heap        ] GC(114) ParOldGen: 1056772K(1134080K)->1071820K(1134080K)
[6.893s][info][gc,metaspace   ] GC(114) Metaspace: 6300K(6464K)->6300K(6464K) NonClass: 5767K(5824K)->5767K(5824K) Class: 533K(640K)->533K(640K)
[6.893s][info][gc             ] GC(114) Pause Young (Allocation Failure) 1077M->1077M(1155M) 27.551ms
[6.893s][info][gc,cpu         ] GC(114) User=0.09s Sys=0.02s Real=0.03s
[6.912s][info][gc,start       ] GC(115) Pause Young (Allocation Failure)
[6.940s][info][gc,heap        ] GC(115) PSYoungGen: 48800K(49152K)->33920K(101376K) Eden: 16896K(16896K)->0K(18944K) From: 31904K(32256K)->33920K(82432K)
[6.940s][info][gc,heap        ] GC(115) ParOldGen: 1071820K(1134080K)->1086892K(1134080K)
[6.940s][info][gc,metaspace   ] GC(115) Metaspace: 6300K(6464K)->6300K(6464K) NonClass: 5767K(5824K)->5767K(5824K) Class: 533K(640K)->533K(640K)
[6.940s][info][gc             ] GC(115) Pause Young (Allocation Failure) 1094M->1094M(1206M) 28.521ms
[6.940s][info][gc,cpu         ] GC(115) User=0.11s Sys=0.02s Real=0.03s
[6.961s][info][gc,start       ] GC(116) Pause Young (Allocation Failure)
[6.993s][info][gc,heap        ] GC(116) PSYoungGen: 52864K(101376K)->35936K(55296K) Eden: 18944K(18944K)->0K(18944K) From: 33920K(82432K)->35936K(36352K)
[6.993s][info][gc,heap        ] GC(116) ParOldGen: 1086892K(1134080K)->1104044K(1134080K)
[6.993s][info][gc,metaspace   ] GC(116) Metaspace: 6300K(6464K)->6300K(6464K) NonClass: 5767K(5824K)->5767K(5824K) Class: 533K(640K)->533K(640K)
[6.993s][info][gc             ] GC(116) Pause Young (Allocation Failure) 1113M->1113M(1161M) 31.828ms
[6.993s][info][gc,cpu         ] GC(116) User=0.12s Sys=0.02s Real=0.03s
[6.993s][info][gc,start       ] GC(117) Pause Full (Ergonomics)
[6.993s][info][gc,phases,start] GC(117) Marking Phase
[7.254s][info][gc,phases      ] GC(117) Marking Phase 261.196ms
[7.254s][info][gc,phases,start] GC(117) Summary Phase
[7.254s][info][gc,phases      ] GC(117) Summary Phase 0.027ms
[7.254s][info][gc,phases,start] GC(117) Adjust Roots
[7.254s][info][gc,phases      ] GC(117) Adjust Roots 0.150ms
[7.254s][info][gc,phases,start] GC(117) Compaction Phase
[7.356s][info][gc,phases      ] GC(117) Compaction Phase 101.918ms
[7.356s][info][gc,phases,start] GC(117) Post Compact
[7.359s][info][gc,phases      ] GC(117) Post Compact 2.123ms
[7.359s][info][gc,heap        ] GC(117) PSYoungGen: 35936K(55296K)->4617K(55296K) Eden: 0K(18944K)->0K(18944K) From: 35936K(36352K)->4617K(36352K)
[7.359s][info][gc,heap        ] GC(117) ParOldGen: 1104044K(1134080K)->1133850K(1245184K)
[7.359s][info][gc,metaspace   ] GC(117) Metaspace: 6300K(6464K)->6300K(6464K) NonClass: 5767K(5824K)->5767K(5824K) Class: 533K(640K)->533K(640K)
[7.359s][info][gc             ] GC(117) Pause Full (Ergonomics) 1113M->1111M(1270M) 366.276ms
[7.359s][info][gc,cpu         ] GC(117) User=2.66s Sys=0.00s Real=0.37s
[7.381s][info][gc,start       ] GC(118) Pause Young (Allocation Failure)
[7.442s][info][gc,heap        ] GC(118) PSYoungGen: 23561K(55296K)->19072K(102400K) Eden: 18944K(18944K)->0K(20992K) From: 4617K(36352K)->19072K(81408K)
[7.442s][info][gc,heap        ] GC(118) ParOldGen: 1133850K(1245184K)->1138570K(1245184K)
[7.442s][info][gc,metaspace   ] GC(118) Metaspace: 6300K(6464K)->6300K(6464K) NonClass: 5767K(5824K)->5767K(5824K) Class: 533K(640K)->533K(640K)
[7.442s][info][gc             ] GC(118) Pause Young (Allocation Failure) 1130M->1130M(1316M) 61.514ms
[7.442s][info][gc,cpu         ] GC(118) User=0.38s Sys=0.00s Real=0.06s
[7.467s][info][gc,start       ] GC(119) Pause Young (Allocation Failure)
[7.491s][info][gc,heap        ] GC(119) PSYoungGen: 40064K(102400K)->40096K(61440K) Eden: 20992K(20992K)->0K(20992K) From: 19072K(81408K)->40096K(40448K)
[7.491s][info][gc,heap        ] GC(119) ParOldGen: 1138570K(1245184K)->1138570K(1245184K)
[7.491s][info][gc,metaspace   ] GC(119) Metaspace: 6300K(6464K)->6300K(6464K) NonClass: 5767K(5824K)->5767K(5824K) Class: 533K(640K)->533K(640K)
[7.491s][info][gc             ] GC(119) Pause Young (Allocation Failure) 1151M->1151M(1276M) 24.442ms
[7.491s][info][gc,cpu         ] GC(119) User=0.12s Sys=0.00s Real=0.02s
[7.516s][info][gc,start       ] GC(120) Pause Young (Allocation Failure)
[7.549s][info][gc,heap        ] GC(120) PSYoungGen: 61088K(61440K)->61088K(97280K) Eden: 20992K(20992K)->0K(18944K) From: 40096K(40448K)->61088K(78336K)
[7.549s][info][gc,heap        ] GC(120) ParOldGen: 1138570K(1245184K)->1138570K(1245184K)
[7.549s][info][gc,metaspace   ] GC(120) Metaspace: 6300K(6464K)->6300K(6464K) NonClass: 5767K(5824K)->5767K(5824K) Class: 533K(640K)->533K(640K)
[7.549s][info][gc             ] GC(120) Pause Young (Allocation Failure) 1171M->1171M(1311M) 32.890ms
[7.549s][info][gc,cpu         ] GC(120) User=0.16s Sys=0.00s Real=0.03s
[7.572s][info][gc,start       ] GC(121) Pause Young (Allocation Failure)
[7.615s][info][gc,heap        ] GC(121) PSYoungGen: 80032K(97280K)->61056K(101888K) Eden: 18944K(18944K)->0K(18944K) From: 61088K(78336K)->61056K(82944K)
[7.615s][info][gc,heap        ] GC(121) ParOldGen: 1138570K(1245184K)->1157778K(1245184K)
[7.615s][info][gc,metaspace   ] GC(121) Metaspace: 6300K(6464K)->6300K(6464K) NonClass: 5767K(5824K)->5767K(5824K) Class: 533K(640K)->533K(640K)
[7.615s][info][gc             ] GC(121) Pause Young (Allocation Failure) 1190M->1190M(1315M) 43.490ms
[7.615s][info][gc,cpu         ] GC(121) User=0.23s Sys=0.00s Real=0.04s
[7.638s][info][gc,start       ] GC(122) Pause Young (Allocation Failure)
[7.680s][info][gc,heap        ] GC(122) PSYoungGen: 80000K(101888K)->59072K(105984K) Eden: 18944K(18944K)->0K(19968K) From: 61056K(82944K)->59072K(86016K)
[7.680s][info][gc,heap        ] GC(122) ParOldGen: 1157778K(1245184K)->1179066K(1245184K)
[7.680s][info][gc,metaspace   ] GC(122) Metaspace: 6300K(6464K)->6300K(6464K) NonClass: 5767K(5824K)->5767K(5824K) Class: 533K(640K)->533K(640K)
[7.680s][info][gc             ] GC(122) Pause Young (Allocation Failure) 1208M->1209M(1319M) 42.004ms
[7.680s][info][gc,cpu         ] GC(122) User=0.22s Sys=0.03s Real=0.04s
[7.705s][info][gc,start       ] GC(123) Pause Young (Allocation Failure)
[7.746s][info][gc,heap        ] GC(123) PSYoungGen: 79040K(105984K)->58016K(107520K) Eden: 19968K(19968K)->0K(19968K) From: 59072K(86016K)->58016K(87552K)
[7.746s][info][gc,heap        ] GC(123) ParOldGen: 1179066K(1245184K)->1200354K(1245184K)
[7.746s][info][gc,metaspace   ] GC(123) Metaspace: 6300K(6464K)->6300K(6464K) NonClass: 5767K(5824K)->5767K(5824K) Class: 533K(640K)->533K(640K)
[7.746s][info][gc             ] GC(123) Pause Young (Allocation Failure) 1228M->1228M(1321M) 41.366ms
[7.746s][info][gc,cpu         ] GC(123) User=0.25s Sys=0.00s Real=0.04s
[7.770s][info][gc,start       ] GC(124) Pause Young (Allocation Failure)
[7.812s][info][gc,heap        ] GC(124) PSYoungGen: 77984K(107520K)->40128K(104448K) Eden: 19968K(19968K)->0K(22528K) From: 58016K(87552K)->40128K(81920K)
[7.812s][info][gc,heap        ] GC(124) ParOldGen: 1200354K(1245184K)->1238730K(1245184K)
[7.812s][info][gc,metaspace   ] GC(124) Metaspace: 6300K(6464K)->6300K(6464K) NonClass: 5767K(5824K)->5767K(5824K) Class: 533K(640K)->533K(640K)
[7.812s][info][gc             ] GC(124) Pause Young (Allocation Failure) 1248M->1248M(1318M) 42.654ms
[7.812s][info][gc,cpu         ] GC(124) User=0.27s Sys=0.00s Real=0.04s
[7.812s][info][gc,start       ] GC(125) Pause Full (Ergonomics)
[7.812s][info][gc,phases,start] GC(125) Marking Phase
[8.103s][info][gc,phases      ] GC(125) Marking Phase 290.923ms
[8.103s][info][gc,phases,start] GC(125) Summary Phase
[8.103s][info][gc,phases      ] GC(125) Summary Phase 0.037ms
[8.103s][info][gc,phases,start] GC(125) Adjust Roots
[8.104s][info][gc,phases      ] GC(125) Adjust Roots 0.163ms
[8.104s][info][gc,phases,start] GC(125) Compaction Phase
[8.209s][info][gc,phases      ] GC(125) Compaction Phase 105.407ms
[8.209s][info][gc,phases,start] GC(125) Post Compact
[8.211s][info][gc,phases      ] GC(125) Post Compact 2.129ms
[8.212s][info][gc,heap        ] GC(125) PSYoungGen: 40128K(104448K)->32212K(107520K) Eden: 0K(22528K)->0K(25600K) From: 40128K(81920K)->32212K(81920K)
[8.212s][info][gc,heap        ] GC(125) ParOldGen: 1238730K(1245184K)->1244789K(1373184K)
[8.212s][info][gc,metaspace   ] GC(125) Metaspace: 6300K(6464K)->6300K(6464K) NonClass: 5767K(5824K)->5767K(5824K) Class: 533K(640K)->533K(640K)
[8.212s][info][gc             ] GC(125) Pause Full (Ergonomics) 1248M->1247M(1446M) 399.567ms
[8.212s][info][gc,cpu         ] GC(125) User=3.06s Sys=0.00s Real=0.40s
[8.248s][info][gc,start       ] GC(126) Pause Young (Allocation Failure)
[8.327s][info][gc,heap        ] GC(126) PSYoungGen: 57812K(107520K)->25056K(110592K) Eden: 25600K(25600K)->0K(25600K) From: 32212K(81920K)->25056K(84992K)
[8.327s][info][gc,heap        ] GC(126) ParOldGen: 1244789K(1373184K)->1277493K(1373184K)
[8.327s][info][gc,metaspace   ] GC(126) Metaspace: 6300K(6464K)->6300K(6464K) NonClass: 5767K(5824K)->5767K(5824K) Class: 533K(640K)->533K(640K)
[8.327s][info][gc             ] GC(126) Pause Young (Allocation Failure) 1272M->1272M(1449M) 79.188ms
[8.327s][info][gc,cpu         ] GC(126) User=0.48s Sys=0.02s Real=0.08s
[8.347s][info][gc,start       ] GC(127) Pause Young (Allocation Failure)
[8.372s][info][gc,heap        ] GC(127) PSYoungGen: 50656K(110592K)->13440K(111616K) Eden: 25600K(25600K)->0K(27136K) From: 25056K(84992K)->13440K(84480K)
[8.372s][info][gc,heap        ] GC(127) ParOldGen: 1277493K(1373184K)->1302773K(1373184K)
[8.372s][info][gc,metaspace   ] GC(127) Metaspace: 6300K(6464K)->6300K(6464K) NonClass: 5767K(5824K)->5767K(5824K) Class: 533K(640K)->533K(640K)
[8.372s][info][gc             ] GC(127) Pause Young (Allocation Failure) 1297M->1285M(1450M) 24.735ms
[8.372s][info][gc,cpu         ] GC(127) User=0.11s Sys=0.02s Real=0.02s
[8.401s][info][gc,start       ] GC(128) Pause Young (Allocation Failure)
[8.426s][info][gc,heap        ] GC(128) PSYoungGen: 40576K(111616K)->21984K(112640K) Eden: 27136K(27136K)->0K(27136K) From: 13440K(84480K)->21984K(85504K)
[8.426s][info][gc,heap        ] GC(128) ParOldGen: 1302773K(1373184K)->1316253K(1373184K)
[8.426s][info][gc,metaspace   ] GC(128) Metaspace: 6300K(6464K)->6300K(6464K) NonClass: 5767K(5824K)->5767K(5824K) Class: 533K(640K)->533K(640K)
[8.426s][info][gc             ] GC(128) Pause Young (Allocation Failure) 1311M->1306M(1451M) 25.040ms
[8.426s][info][gc,cpu         ] GC(128) User=0.25s Sys=0.00s Real=0.03s
[8.463s][info][gc,start       ] GC(129) Pause Young (Allocation Failure)
[8.493s][info][gc,heap        ] GC(129) PSYoungGen: 49120K(112640K)->27328K(108544K) Eden: 27136K(27136K)->0K(30208K) From: 21984K(85504K)->27328K(78336K)
[8.493s][info][gc,heap        ] GC(129) ParOldGen: 1316253K(1373184K)->1338389K(1373184K)
[8.493s][info][gc,metaspace   ] GC(129) Metaspace: 6300K(6464K)->6300K(6464K) NonClass: 5767K(5824K)->5767K(5824K) Class: 533K(640K)->533K(640K)
[8.493s][info][gc             ] GC(129) Pause Young (Allocation Failure) 1333M->1333M(1447M) 30.080ms
[8.493s][info][gc,cpu         ] GC(129) User=0.20s Sys=0.03s Real=0.03s
[8.493s][info][gc,start       ] GC(130) Pause Full (Ergonomics)
[8.494s][info][gc,phases,start] GC(130) Marking Phase
[8.791s][info][gc,phases      ] GC(130) Marking Phase 297.428ms
[8.791s][info][gc,phases,start] GC(130) Summary Phase
[8.791s][info][gc,phases      ] GC(130) Summary Phase 0.060ms
[8.791s][info][gc,phases,start] GC(130) Adjust Roots
[8.791s][info][gc,phases      ] GC(130) Adjust Roots 0.182ms
[8.791s][info][gc,phases,start] GC(130) Compaction Phase
[8.896s][info][gc,phases      ] GC(130) Compaction Phase 104.296ms
[8.896s][info][gc,phases,start] GC(130) Post Compact
[8.898s][info][gc,phases      ] GC(130) Post Compact 2.113ms
[8.898s][info][gc,heap        ] GC(130) PSYoungGen: 27328K(108544K)->0K(111616K) Eden: 0K(30208K)->0K(30208K) From: 27328K(78336K)->0K(81408K)
[8.898s][info][gc,heap        ] GC(130) ParOldGen: 1338389K(1373184K)->1364049K(1502208K)
[8.898s][info][gc,metaspace   ] GC(130) Metaspace: 6300K(6464K)->6300K(6464K) NonClass: 5767K(5824K)->5767K(5824K) Class: 533K(640K)->533K(640K)
[8.898s][info][gc             ] GC(130) Pause Full (Ergonomics) 1333M->1332M(1576M) 404.968ms
[8.898s][info][gc,cpu         ] GC(130) User=3.14s Sys=0.00s Real=0.40s
[8.938s][info][gc,start       ] GC(131) Pause Young (Allocation Failure)
[8.958s][info][gc,heap        ] GC(131) PSYoungGen: 30208K(111616K)->30400K(107520K) Eden: 30208K(30208K)->0K(32768K) From: 0K(81408K)->30400K(74752K)
[8.958s][info][gc,heap        ] GC(131) ParOldGen: 1364049K(1502208K)->1364049K(1502208K)
[8.958s][info][gc,metaspace   ] GC(131) Metaspace: 6300K(6464K)->6300K(6464K) NonClass: 5767K(5824K)->5767K(5824K) Class: 533K(640K)->533K(640K)
[8.958s][info][gc             ] GC(131) Pause Young (Allocation Failure) 1361M->1361M(1572M) 19.799ms
[8.958s][info][gc,cpu         ] GC(131) User=0.05s Sys=0.00s Real=0.02s
[9.236s][info][gc,start       ] GC(132) Pause Young (Allocation Failure)
[9.300s][info][gc,heap        ] GC(132) PSYoungGen: 63168K(107520K)->63200K(111104K) Eden: 32768K(32768K)->0K(32768K) From: 30400K(74752K)->63200K(78336K)
[9.300s][info][gc,heap        ] GC(132) ParOldGen: 1429585K(1502208K)->1429585K(1502208K)
[9.300s][info][gc,metaspace   ] GC(132) Metaspace: 6300K(6464K)->6300K(6464K) NonClass: 5767K(5824K)->5767K(5824K) Class: 533K(640K)->533K(640K)
[9.300s][info][gc             ] GC(132) Pause Young (Allocation Failure) 1457M->1457M(1575M) 64.022ms
[9.300s][info][gc,cpu         ] GC(132) User=0.30s Sys=0.00s Real=0.07s
[9.329s][info][gc,start       ] GC(133) Pause Young (Allocation Failure)
[9.376s][info][gc,heap        ] GC(133) PSYoungGen: 95968K(111104K)->83968K(102912K) Eden: 32768K(32768K)->0K(18944K) From: 63200K(78336K)->83968K(83968K)
[9.376s][info][gc,heap        ] GC(133) ParOldGen: 1429585K(1502208K)->1441633K(1502208K)
[9.376s][info][gc,metaspace   ] GC(133) Metaspace: 6300K(6464K)->6300K(6464K) NonClass: 5767K(5824K)->5767K(5824K) Class: 533K(640K)->533K(640K)
[9.376s][info][gc             ] GC(133) Pause Young (Allocation Failure) 1489M->1489M(1567M) 46.983ms
[9.376s][info][gc,cpu         ] GC(133) User=0.27s Sys=0.00s Real=0.05s
[9.393s][info][gc,start       ] GC(134) Pause Young (Allocation Failure)
[9.443s][info][gc,heap        ] GC(134) PSYoungGen: 102912K(102912K)->50176K(69120K) Eden: 18944K(18944K)->0K(18944K) From: 83968K(83968K)->50176K(50176K)
[9.443s][info][gc,heap        ] GC(134) ParOldGen: 1441633K(1502208K)->1495081K(1502208K)
[9.443s][info][gc,metaspace   ] GC(134) Metaspace: 6300K(6464K)->6300K(6464K) NonClass: 5767K(5824K)->5767K(5824K) Class: 533K(640K)->533K(640K)
[9.443s][info][gc             ] GC(134) Pause Young (Allocation Failure) 1508M->1509M(1534M) 50.184ms
[9.443s][info][gc,cpu         ] GC(134) User=0.31s Sys=0.06s Real=0.05s
[9.443s][info][gc,start       ] GC(135) Pause Full (Ergonomics)
[9.443s][info][gc,phases,start] GC(135) Marking Phase
[9.780s][info][gc,phases      ] GC(135) Marking Phase 336.916ms
[9.780s][info][gc,phases,start] GC(135) Summary Phase
[9.780s][info][gc,phases      ] GC(135) Summary Phase 0.030ms
[9.780s][info][gc,phases,start] GC(135) Adjust Roots
[9.780s][info][gc,phases      ] GC(135) Adjust Roots 0.236ms
[9.780s][info][gc,phases,start] GC(135) Compaction Phase
[10.123s][info][gc,phases      ] GC(135) Compaction Phase 342.841ms
[10.123s][info][gc,phases,start] GC(135) Post Compact
[10.127s][info][gc,phases      ] GC(135) Post Compact 3.181ms
[10.127s][info][gc,heap        ] GC(135) PSYoungGen: 50176K(69120K)->9597K(69120K) Eden: 0K(18944K)->0K(18944K) From: 50176K(50176K)->9597K(50176K)
[10.127s][info][gc,heap        ] GC(135) ParOldGen: 1495081K(1502208K)->1501789K(1657856K)
[10.127s][info][gc,metaspace   ] GC(135) Metaspace: 6300K(6464K)->6300K(6464K) NonClass: 5767K(5824K)->5767K(5824K) Class: 533K(640K)->533K(640K)
[10.127s][info][gc             ] GC(135) Pause Full (Ergonomics) 1509M->1475M(1686M) 684.042ms
[10.127s][info][gc,cpu         ] GC(135) User=4.75s Sys=0.03s Real=0.68s
[10.146s][info][gc,start       ] GC(136) Pause Young (Allocation Failure)
[10.222s][info][gc,heap        ] GC(136) PSYoungGen: 28541K(69120K)->20160K(116736K) Eden: 18944K(18944K)->0K(20992K) From: 9597K(50176K)->20160K(95744K)
[10.222s][info][gc,heap        ] GC(136) ParOldGen: 1501789K(1657856K)->1510469K(1657856K)
[10.222s][info][gc,metaspace   ] GC(136) Metaspace: 6300K(6464K)->6300K(6464K) NonClass: 5767K(5824K)->5767K(5824K) Class: 533K(640K)->533K(640K)
[10.222s][info][gc             ] GC(136) Pause Young (Allocation Failure) 1494M->1494M(1733M) 75.859ms
[10.222s][info][gc,cpu         ] GC(136) User=0.41s Sys=0.02s Real=0.08s
[10.245s][info][gc,start       ] GC(137) Pause Young (Allocation Failure)
[10.275s][info][gc,heap        ] GC(137) PSYoungGen: 41152K(116736K)->41248K(62464K) Eden: 20992K(20992K)->0K(20992K) From: 20160K(95744K)->41248K(41472K)
[10.275s][info][gc,heap        ] GC(137) ParOldGen: 1510469K(1657856K)->1510469K(1657856K)
[10.275s][info][gc,metaspace   ] GC(137) Metaspace: 6300K(6464K)->6300K(6464K) NonClass: 5767K(5824K)->5767K(5824K) Class: 533K(640K)->533K(640K)
[10.275s][info][gc             ] GC(137) Pause Young (Allocation Failure) 1515M->1515M(1680M) 30.338ms
[10.275s][info][gc,cpu         ] GC(137) User=0.06s Sys=0.00s Real=0.03s
[10.297s][info][gc,start       ] GC(138) Pause Young (Allocation Failure)
[10.333s][info][gc,heap        ] GC(138) PSYoungGen: 62240K(62464K)->62144K(112128K) Eden: 20992K(20992K)->0K(20992K) From: 41248K(41472K)->62144K(91136K)
[10.333s][info][gc,heap        ] GC(138) ParOldGen: 1510469K(1657856K)->1510469K(1657856K)
[10.333s][info][gc,metaspace   ] GC(138) Metaspace: 6300K(6464K)->6300K(6464K) NonClass: 5767K(5824K)->5767K(5824K) Class: 533K(640K)->533K(640K)
[10.333s][info][gc             ] GC(138) Pause Young (Allocation Failure) 1535M->1535M(1728M) 35.990ms
[10.333s][info][gc,cpu         ] GC(138) User=0.16s Sys=0.00s Real=0.04s
[10.355s][info][gc,start       ] GC(139) Pause Young (Allocation Failure)
[10.396s][info][gc,heap        ] GC(139) PSYoungGen: 83136K(112128K)->83168K(114688K) Eden: 20992K(20992K)->0K(20992K) From: 62144K(91136K)->83168K(93696K)
[10.396s][info][gc,heap        ] GC(139) ParOldGen: 1510469K(1657856K)->1510469K(1657856K)
[10.396s][info][gc,metaspace   ] GC(139) Metaspace: 6300K(6464K)->6300K(6464K) NonClass: 5767K(5824K)->5767K(5824K) Class: 533K(640K)->533K(640K)
[10.396s][info][gc             ] GC(139) Pause Young (Allocation Failure) 1556M->1556M(1731M) 41.388ms
[10.396s][info][gc,cpu         ] GC(139) User=0.16s Sys=0.00s Real=0.04s
[10.418s][info][gc,start       ] GC(140) Pause Young (Allocation Failure)
[10.468s][info][gc,heap        ] GC(140) PSYoungGen: 104160K(114688K)->102912K(111104K) Eden: 20992K(20992K)->0K(8192K) From: 83168K(93696K)->102912K(102912K)
[10.468s][info][gc,heap        ] GC(140) ParOldGen: 1510469K(1657856K)->1511821K(1657856K)
[10.468s][info][gc,metaspace   ] GC(140) Metaspace: 6300K(6464K)->6300K(6464K) NonClass: 5767K(5824K)->5767K(5824K) Class: 533K(640K)->533K(640K)
[10.468s][info][gc             ] GC(140) Pause Young (Allocation Failure) 1576M->1576M(1727M) 49.894ms
[10.468s][info][gc,cpu         ] GC(140) User=0.34s Sys=0.03s Real=0.05s
[10.476s][info][gc,start       ] GC(141) Pause Young (Allocation Failure)
[10.527s][info][gc,heap        ] GC(141) PSYoungGen: 111104K(111104K)->71264K(126464K) Eden: 8192K(8192K)->0K(8192K) From: 102912K(102912K)->71264K(118272K)
[10.527s][info][gc,heap        ] GC(141) ParOldGen: 1511821K(1657856K)->1552149K(1657856K)
[10.528s][info][gc,metaspace   ] GC(141) Metaspace: 6300K(6464K)->6300K(6464K) NonClass: 5767K(5824K)->5767K(5824K) Class: 533K(640K)->533K(640K)
[10.528s][info][gc             ] GC(141) Pause Young (Allocation Failure) 1584M->1585M(1742M) 51.857ms
[10.528s][info][gc,cpu         ] GC(141) User=0.36s Sys=0.02s Real=0.05s
[10.536s][info][gc,start       ] GC(142) Pause Young (Allocation Failure)
[10.577s][info][gc,heap        ] GC(142) PSYoungGen: 79456K(126464K)->37504K(122368K) Eden: 8192K(8192K)->0K(9728K) From: 71264K(118272K)->37504K(112640K)
[10.577s][info][gc,heap        ] GC(142) ParOldGen: 1552149K(1657856K)->1594581K(1657856K)
[10.577s][info][gc,metaspace   ] GC(142) Metaspace: 6300K(6464K)->6300K(6464K) NonClass: 5767K(5824K)->5767K(5824K) Class: 533K(640K)->533K(640K)
[10.577s][info][gc             ] GC(142) Pause Young (Allocation Failure) 1593M->1593M(1738M) 41.186ms
[10.577s][info][gc,cpu         ] GC(142) User=0.22s Sys=0.03s Real=0.04s
[10.586s][info][gc,start       ] GC(143) Pause Young (Allocation Failure)
[10.616s][info][gc,heap        ] GC(143) PSYoungGen: 47232K(122368K)->17984K(124928K) Eden: 9728K(9728K)->0K(9728K) From: 37504K(112640K)->17984K(115200K)
[10.616s][info][gc,heap        ] GC(143) ParOldGen: 1594581K(1657856K)->1624109K(1657856K)
[10.616s][info][gc,metaspace   ] GC(143) Metaspace: 6300K(6464K)->6300K(6464K) NonClass: 5767K(5824K)->5767K(5824K) Class: 533K(640K)->533K(640K)
[10.616s][info][gc             ] GC(143) Pause Young (Allocation Failure) 1603M->1603M(1741M) 30.068ms
[10.616s][info][gc,cpu         ] GC(143) User=0.03s Sys=0.00s Real=0.03s
[10.616s][info][gc,start       ] GC(144) Pause Full (Ergonomics)
[10.616s][info][gc,phases,start] GC(144) Marking Phase
[10.983s][info][gc,phases      ] GC(144) Marking Phase 366.365ms
[10.983s][info][gc,phases,start] GC(144) Summary Phase
[10.983s][info][gc,phases      ] GC(144) Summary Phase 0.057ms
[10.983s][info][gc,phases,start] GC(144) Adjust Roots
[10.983s][info][gc,phases      ] GC(144) Adjust Roots 0.184ms
[10.983s][info][gc,phases,start] GC(144) Compaction Phase
[11.140s][info][gc,phases      ] GC(144) Compaction Phase 156.795ms
[11.140s][info][gc,phases,start] GC(144) Post Compact
[11.143s][info][gc,phases      ] GC(144) Post Compact 3.062ms
[11.144s][info][gc,heap        ] GC(144) PSYoungGen: 17984K(124928K)->0K(126464K) Eden: 0K(9728K)->0K(11264K) From: 17984K(115200K)->0K(115200K)
[11.144s][info][gc,heap        ] GC(144) ParOldGen: 1624109K(1657856K)->1640166K(1815552K)
[11.144s][info][gc,metaspace   ] GC(144) Metaspace: 6300K(6464K)->6300K(6464K) NonClass: 5767K(5824K)->5767K(5824K) Class: 533K(640K)->533K(640K)
[11.144s][info][gc             ] GC(144) Pause Full (Ergonomics) 1603M->1601M(1896M) 527.514ms
[11.144s][info][gc,cpu         ] GC(144) User=3.75s Sys=0.00s Real=0.53s
[11.156s][info][gc,start       ] GC(145) Pause Young (Allocation Failure)
[11.174s][info][gc,heap        ] GC(145) PSYoungGen: 11264K(126464K)->11392K(126464K) Eden: 11264K(11264K)->0K(11264K) From: 0K(115200K)->11392K(115200K)
[11.174s][info][gc,heap        ] GC(145) ParOldGen: 1640166K(1815552K)->1640166K(1815552K)
[11.174s][info][gc,metaspace   ] GC(145) Metaspace: 6300K(6464K)->6300K(6464K) NonClass: 5767K(5824K)->5767K(5824K) Class: 533K(640K)->533K(640K)
[11.174s][info][gc             ] GC(145) Pause Young (Allocation Failure) 1612M->1612M(1896M) 18.324ms
[11.174s][info][gc,cpu         ] GC(145) User=0.02s Sys=0.00s Real=0.02s
[11.185s][info][gc,start       ] GC(146) Pause Young (Allocation Failure)
[11.208s][info][gc,heap        ] GC(146) PSYoungGen: 22656K(126464K)->11424K(125952K) Eden: 11264K(11264K)->0K(12800K) From: 11392K(115200K)->11424K(113152K)
[11.208s][info][gc,heap        ] GC(146) ParOldGen: 1640166K(1815552K)->1651574K(1815552K)
[11.208s][info][gc,metaspace   ] GC(146) Metaspace: 6300K(6464K)->6300K(6464K) NonClass: 5767K(5824K)->5767K(5824K) Class: 533K(640K)->533K(640K)
[11.208s][info][gc             ] GC(146) Pause Young (Allocation Failure) 1623M->1624M(1896M) 23.019ms
[11.208s][info][gc,cpu         ] GC(146) User=0.02s Sys=0.00s Real=0.02s
[11.220s][info][gc,start       ] GC(147) Pause Young (Allocation Failure)
[11.242s][info][gc,heap        ] GC(147) PSYoungGen: 24224K(125952K)->12896K(26112K) Eden: 12800K(12800K)->0K(12800K) From: 11424K(113152K)->12896K(13312K)
[11.242s][info][gc,heap        ] GC(147) ParOldGen: 1651574K(1815552K)->1662998K(1815552K)
[11.242s][info][gc,metaspace   ] GC(147) Metaspace: 6300K(6464K)->6300K(6464K) NonClass: 5767K(5824K)->5767K(5824K) Class: 533K(640K)->533K(640K)
[11.242s][info][gc             ] GC(147) Pause Young (Allocation Failure) 1636M->1636M(1798M) 21.517ms
[11.242s][info][gc,cpu         ] GC(147) User=0.03s Sys=0.00s Real=0.02s
[11.255s][info][gc,start       ] GC(148) Pause Young (Allocation Failure)
[11.279s][info][gc,heap        ] GC(148) PSYoungGen: 25696K(26112K)->12928K(121344K) Eden: 12800K(12800K)->0K(14336K) From: 12896K(13312K)->12928K(107008K)
[11.279s][info][gc,heap        ] GC(148) ParOldGen: 1662998K(1815552K)->1675966K(1815552K)
[11.279s][info][gc,metaspace   ] GC(148) Metaspace: 6300K(6464K)->6300K(6464K) NonClass: 5767K(5824K)->5767K(5824K) Class: 533K(640K)->533K(640K)
[11.279s][info][gc             ] GC(148) Pause Young (Allocation Failure) 1649M->1649M(1891M) 24.112ms
[11.279s][info][gc,cpu         ] GC(148) User=0.06s Sys=0.00s Real=0.02s
[11.294s][info][gc,start       ] GC(149) Pause Young (Allocation Failure)
[11.318s][info][gc,heap        ] GC(149) PSYoungGen: 27264K(121344K)->14432K(29184K) Eden: 14336K(14336K)->0K(14336K) From: 12928K(107008K)->14432K(14848K)
[11.318s][info][gc,heap        ] GC(149) ParOldGen: 1675966K(1815552K)->1688934K(1815552K)
[11.318s][info][gc,metaspace   ] GC(149) Metaspace: 6300K(6464K)->6300K(6464K) NonClass: 5767K(5824K)->5767K(5824K) Class: 533K(640K)->533K(640K)
[11.318s][info][gc             ] GC(149) Pause Young (Allocation Failure) 1663M->1663M(1801M) 23.911ms
[11.318s][info][gc,cpu         ] GC(149) User=0.02s Sys=0.00s Real=0.02s
[11.332s][info][gc,start       ] GC(150) Pause Young (Allocation Failure)
[11.356s][info][gc,heap        ] GC(150) PSYoungGen: 28768K(29184K)->14432K(115712K) Eden: 14336K(14336K)->0K(16384K) From: 14432K(14848K)->14432K(99328K)
[11.356s][info][gc,heap        ] GC(150) ParOldGen: 1688934K(1815552K)->1703462K(1815552K)
[11.356s][info][gc,metaspace   ] GC(150) Metaspace: 6300K(6464K)->6300K(6464K) NonClass: 5767K(5824K)->5767K(5824K) Class: 533K(640K)->533K(640K)
[11.356s][info][gc             ] GC(150) Pause Young (Allocation Failure) 1677M->1677M(1886M) 24.413ms
[11.356s][info][gc,cpu         ] GC(150) User=0.05s Sys=0.00s Real=0.02s
[11.373s][info][gc,start       ] GC(151) Pause Young (Allocation Failure)
[11.397s][info][gc,heap        ] GC(151) PSYoungGen: 30816K(115712K)->16512K(33280K) Eden: 16384K(16384K)->0K(16384K) From: 14432K(99328K)->16512K(16896K)
[11.397s][info][gc,heap        ] GC(151) ParOldGen: 1703462K(1815552K)->1717982K(1815552K)
[11.397s][info][gc,metaspace   ] GC(151) Metaspace: 6300K(6464K)->6300K(6464K) NonClass: 5767K(5824K)->5767K(5824K) Class: 533K(640K)->533K(640K)
[11.397s][info][gc             ] GC(151) Pause Young (Allocation Failure) 1693M->1693M(1805M) 24.333ms
[11.397s][info][gc,cpu         ] GC(151) User=0.03s Sys=0.00s Real=0.03s
[11.415s][info][gc,start       ] GC(152) Pause Young (Allocation Failure)
[11.440s][info][gc,heap        ] GC(152) PSYoungGen: 32896K(33280K)->16512K(109568K) Eden: 16384K(16384K)->0K(18944K) From: 16512K(16896K)->16512K(90624K)
[11.440s][info][gc,heap        ] GC(152) ParOldGen: 1717982K(1815552K)->1734590K(1815552K)
[11.440s][info][gc,metaspace   ] GC(152) Metaspace: 6300K(6464K)->6300K(6464K) NonClass: 5767K(5824K)->5767K(5824K) Class: 533K(640K)->533K(640K)
[11.440s][info][gc             ] GC(152) Pause Young (Allocation Failure) 1709M->1710M(1880M) 25.369ms
[11.440s][info][gc,cpu         ] GC(152) User=0.05s Sys=0.00s Real=0.03s
[11.461s][info][gc,start       ] GC(153) Pause Young (Allocation Failure)
[11.488s][info][gc,heap        ] GC(153) PSYoungGen: 35456K(109568K)->19072K(38400K) Eden: 18944K(18944K)->0K(18944K) From: 16512K(90624K)->19072K(19456K)
[11.488s][info][gc,heap        ] GC(153) ParOldGen: 1734590K(1815552K)->1751206K(1815552K)
[11.489s][info][gc,metaspace   ] GC(153) Metaspace: 6300K(6464K)->6300K(6464K) NonClass: 5767K(5824K)->5767K(5824K) Class: 533K(640K)->533K(640K)
[11.489s][info][gc             ] GC(153) Pause Young (Allocation Failure) 1728M->1728M(1810M) 27.480ms
[11.489s][info][gc,cpu         ] GC(153) User=0.05s Sys=0.00s Real=0.03s
[11.508s][info][gc,start       ] GC(154) Pause Young (Allocation Failure)
[11.537s][info][gc,heap        ] GC(154) PSYoungGen: 38016K(38400K)->19072K(102400K) Eden: 18944K(18944K)->0K(21504K) From: 19072K(19456K)->19072K(80896K)
[11.537s][info][gc,heap        ] GC(154) ParOldGen: 1751206K(1815552K)->1770414K(1815552K)
[11.537s][info][gc,metaspace   ] GC(154) Metaspace: 6300K(6464K)->6300K(6464K) NonClass: 5767K(5824K)->5767K(5824K) Class: 533K(640K)->533K(640K)
[11.537s][info][gc             ] GC(154) Pause Young (Allocation Failure) 1747M->1747M(1873M) 28.824ms
[11.537s][info][gc,cpu         ] GC(154) User=0.05s Sys=0.00s Real=0.03s
[11.559s][info][gc,start       ] GC(155) Pause Young (Allocation Failure)
[11.587s][info][gc,heap        ] GC(155) PSYoungGen: 40576K(102400K)->21664K(43520K) Eden: 21504K(21504K)->0K(21504K) From: 19072K(80896K)->21664K(22016K)
[11.587s][info][gc,heap        ] GC(155) ParOldGen: 1770414K(1815552K)->1789614K(1815552K)
[11.587s][info][gc,metaspace   ] GC(155) Metaspace: 6300K(6464K)->6300K(6464K) NonClass: 5767K(5824K)->5767K(5824K) Class: 533K(640K)->533K(640K)
[11.587s][info][gc             ] GC(155) Pause Young (Allocation Failure) 1768M->1768M(1815M) 27.721ms
[11.587s][info][gc,cpu         ] GC(155) User=0.05s Sys=0.00s Real=0.03s
[11.587s][info][gc,start       ] GC(156) Pause Full (Ergonomics)
[11.587s][info][gc,phases,start] GC(156) Marking Phase
[11.989s][info][gc,phases      ] GC(156) Marking Phase 401.994ms
[11.989s][info][gc,phases,start] GC(156) Summary Phase
[11.989s][info][gc,phases      ] GC(156) Summary Phase 0.041ms
[11.989s][info][gc,phases,start] GC(156) Adjust Roots
[11.989s][info][gc,phases      ] GC(156) Adjust Roots 0.161ms
[11.989s][info][gc,phases,start] GC(156) Compaction Phase
[12.158s][info][gc,phases      ] GC(156) Compaction Phase 168.775ms
[12.158s][info][gc,phases,start] GC(156) Post Compact
[12.161s][info][gc,phases      ] GC(156) Post Compact 3.277ms
[12.162s][info][gc,heap        ] GC(156) PSYoungGen: 21664K(43520K)->0K(105472K) Eden: 0K(21504K)->0K(24576K) From: 21664K(22016K)->0K(80896K)
[12.162s][info][gc,heap        ] GC(156) ParOldGen: 1789614K(1815552K)->1808769K(1974784K)
[12.162s][info][gc,metaspace   ] GC(156) Metaspace: 6300K(6464K)->6300K(6464K) NonClass: 5767K(5824K)->5767K(5824K) Class: 533K(640K)->533K(640K)
[12.162s][info][gc             ] GC(156) Pause Full (Ergonomics) 1768M->1766M(2031M) 575.119ms
[12.162s][info][gc,cpu         ] GC(156) User=4.23s Sys=0.00s Real=0.58s
[12.190s][info][gc,start       ] GC(157) Pause Young (Allocation Failure)
[12.213s][info][gc,heap        ] GC(157) PSYoungGen: 24576K(105472K)->24672K(49664K) Eden: 24576K(24576K)->0K(24576K) From: 0K(80896K)->24672K(25088K)
[12.213s][info][gc,heap        ] GC(157) ParOldGen: 1808769K(1974784K)->1808769K(1974784K)
[12.214s][info][gc,metaspace   ] GC(157) Metaspace: 6300K(6464K)->6300K(6464K) NonClass: 5767K(5824K)->5767K(5824K) Class: 533K(640K)->533K(640K)
[12.214s][info][gc             ] GC(157) Pause Young (Allocation Failure) 1790M->1790M(1977M) 23.318ms
[12.214s][info][gc,cpu         ] GC(157) User=0.02s Sys=0.00s Real=0.02s
[12.239s][info][gc,start       ] GC(158) Pause Young (Allocation Failure)
[12.270s][info][gc,heap        ] GC(158) PSYoungGen: 49248K(49664K)->49344K(99328K) Eden: 24576K(24576K)->0K(23552K) From: 24672K(25088K)->49344K(75776K)
[12.270s][info][gc,heap        ] GC(158) ParOldGen: 1808769K(1974784K)->1808769K(1974784K)
[12.270s][info][gc,metaspace   ] GC(158) Metaspace: 6300K(6464K)->6300K(6464K) NonClass: 5767K(5824K)->5767K(5824K) Class: 533K(640K)->533K(640K)
[12.270s][info][gc             ] GC(158) Pause Young (Allocation Failure) 1814M->1814M(2025M) 31.081ms
[12.270s][info][gc,cpu         ] GC(158) User=0.12s Sys=0.00s Real=0.03s
[12.295s][info][gc,start       ] GC(159) Pause Young (Allocation Failure)
[12.334s][info][gc,heap        ] GC(159) PSYoungGen: 72896K(99328K)->72928K(102912K) Eden: 23552K(23552K)->0K(23552K) From: 49344K(75776K)->72928K(79360K)
[12.334s][info][gc,heap        ] GC(159) ParOldGen: 1808769K(1974784K)->1808769K(1974784K)
[12.334s][info][gc,metaspace   ] GC(159) Metaspace: 6300K(6464K)->6300K(6464K) NonClass: 5767K(5824K)->5767K(5824K) Class: 533K(640K)->533K(640K)
[12.334s][info][gc             ] GC(159) Pause Young (Allocation Failure) 1837M->1837M(2029M) 38.829ms
[12.334s][info][gc,cpu         ] GC(159) User=0.16s Sys=0.00s Real=0.04s
[12.360s][info][gc,start       ] GC(160) Pause Young (Allocation Failure)
[12.408s][info][gc,heap        ] GC(160) PSYoungGen: 96480K(102912K)->71904K(108544K) Eden: 23552K(23552K)->0K(17920K) From: 72928K(79360K)->71904K(90624K)
[12.408s][info][gc,heap        ] GC(160) ParOldGen: 1808769K(1974784K)->1833689K(1974784K)
[12.408s][info][gc,metaspace   ] GC(160) Metaspace: 6300K(6464K)->6300K(6464K) NonClass: 5767K(5824K)->5767K(5824K) Class: 533K(640K)->533K(640K)
[12.408s][info][gc             ] GC(160) Pause Young (Allocation Failure) 1860M->1860M(2034M) 48.200ms
[12.408s][info][gc,cpu         ] GC(160) User=0.23s Sys=0.03s Real=0.05s
[12.427s][info][gc,start       ] GC(161) Pause Young (Allocation Failure)
[12.471s][info][gc,heap        ] GC(161) PSYoungGen: 89824K(108544K)->65216K(116736K) Eden: 17920K(17920K)->0K(17920K) From: 71904K(90624K)->65216K(98816K)
[12.471s][info][gc,heap        ] GC(161) ParOldGen: 1833689K(1974784K)->1858601K(1974784K)
[12.471s][info][gc,metaspace   ] GC(161) Metaspace: 6300K(6464K)->6300K(6464K) NonClass: 5767K(5824K)->5767K(5824K) Class: 533K(640K)->533K(640K)
[12.471s][info][gc             ] GC(161) Pause Young (Allocation Failure) 1878M->1878M(2042M) 44.054ms
[12.471s][info][gc,cpu         ] GC(161) User=0.22s Sys=0.05s Real=0.04s
[12.492s][info][gc,start       ] GC(162) Pause Young (Allocation Failure)
[12.533s][info][gc,heap        ] GC(162) PSYoungGen: 83136K(116736K)->59552K(122368K) Eden: 17920K(17920K)->0K(19456K) From: 65216K(98816K)->59552K(102912K)
[12.533s][info][gc,heap        ] GC(162) ParOldGen: 1858601K(1974784K)->1882489K(1974784K)
[12.533s][info][gc,metaspace   ] GC(162) Metaspace: 6300K(6464K)->6300K(6464K) NonClass: 5767K(5824K)->5767K(5824K) Class: 533K(640K)->533K(640K)
[12.533s][info][gc             ] GC(162) Pause Young (Allocation Failure) 1896M->1896M(2048M) 41.792ms
[12.533s][info][gc,cpu         ] GC(162) User=0.19s Sys=0.00s Real=0.04s
[12.555s][info][gc,start       ] GC(163) Pause Young (Allocation Failure)
[12.596s][info][gc,heap        ] GC(163) PSYoungGen: 79008K(122368K)->37536K(57344K) Eden: 19456K(19456K)->0K(19456K) From: 59552K(102912K)->37536K(37888K)
[12.596s][info][gc,heap        ] GC(163) ParOldGen: 1882489K(1974784K)->1924497K(1974784K)
[12.596s][info][gc,metaspace   ] GC(163) Metaspace: 6300K(6464K)->6300K(6464K) NonClass: 5767K(5824K)->5767K(5824K) Class: 533K(640K)->533K(640K)
[12.596s][info][gc             ] GC(163) Pause Young (Allocation Failure) 1915M->1916M(1984M) 41.467ms
[12.596s][info][gc,cpu         ] GC(163) User=0.27s Sys=0.00s Real=0.04s
[12.619s][info][gc,start       ] GC(164) Pause Young (Allocation Failure)
[12.654s][info][gc,heap        ] GC(164) PSYoungGen: 56992K(57344K)->19584K(116736K) Eden: 19456K(19456K)->0K(22016K) From: 37536K(37888K)->19584K(94720K)
[12.654s][info][gc,heap        ] GC(164) ParOldGen: 1924497K(1974784K)->1962353K(1974784K)
[12.654s][info][gc,metaspace   ] GC(164) Metaspace: 6300K(6464K)->6300K(6464K) NonClass: 5767K(5824K)->5767K(5824K) Class: 533K(640K)->533K(640K)
[12.654s][info][gc             ] GC(164) Pause Young (Allocation Failure) 1935M->1935M(2042M) 34.515ms
[12.654s][info][gc,cpu         ] GC(164) User=0.23s Sys=0.02s Real=0.04s
[12.654s][info][gc,start       ] GC(165) Pause Full (Ergonomics)
[12.654s][info][gc,phases,start] GC(165) Marking Phase
[13.101s][info][gc,phases      ] GC(165) Marking Phase 446.595ms
[13.101s][info][gc,phases,start] GC(165) Summary Phase
[13.101s][info][gc,phases      ] GC(165) Summary Phase 0.032ms
[13.101s][info][gc,phases,start] GC(165) Adjust Roots
[13.101s][info][gc,phases      ] GC(165) Adjust Roots 0.194ms
[13.101s][info][gc,phases,start] GC(165) Compaction Phase
[13.273s][info][gc,phases      ] GC(165) Compaction Phase 171.618ms
[13.273s][info][gc,phases,start] GC(165) Post Compact
[13.276s][info][gc,phases      ] GC(165) Post Compact 3.483ms
[13.277s][info][gc,heap        ] GC(165) PSYoungGen: 19584K(116736K)->5118K(118784K) Eden: 0K(22016K)->0K(24064K) From: 19584K(94720K)->5118K(94720K)
[13.277s][info][gc,heap        ] GC(165) ParOldGen: 1962353K(1974784K)->1974409K(2170368K)
[13.277s][info][gc,metaspace   ] GC(165) Metaspace: 6300K(6464K)->6300K(6464K) NonClass: 5767K(5824K)->5767K(5824K) Class: 533K(640K)->533K(640K)
[13.277s][info][gc             ] GC(165) Pause Full (Ergonomics) 1935M->1933M(2235M) 622.935ms
[13.277s][info][gc,cpu         ] GC(165) User=4.50s Sys=0.02s Real=0.62s
[13.308s][info][gc,start       ] GC(166) Pause Young (Allocation Failure)
[13.405s][info][gc,heap        ] GC(166) PSYoungGen: 29182K(118784K)->24256K(48640K) Eden: 24064K(24064K)->0K(24064K) From: 5118K(94720K)->24256K(24576K)
[13.405s][info][gc,heap        ] GC(166) ParOldGen: 1974409K(2170368K)->1979617K(2170368K)
[13.405s][info][gc,metaspace   ] GC(166) Metaspace: 6300K(6464K)->6300K(6464K) NonClass: 5767K(5824K)->5767K(5824K) Class: 533K(640K)->533K(640K)
[13.405s][info][gc             ] GC(166) Pause Young (Allocation Failure) 1956M->1956M(2167M) 97.000ms
[13.405s][info][gc,cpu         ] GC(166) User=0.77s Sys=0.00s Real=0.10s
[13.435s][info][gc,start       ] GC(167) Pause Young (Allocation Failure)
[13.469s][info][gc,heap        ] GC(167) PSYoungGen: 48320K(48640K)->48320K(117248K) Eden: 24064K(24064K)->0K(26624K) From: 24256K(24576K)->48320K(90624K)
[13.469s][info][gc,heap        ] GC(167) ParOldGen: 1979617K(2170368K)->1979617K(2170368K)
[13.469s][info][gc,metaspace   ] GC(167) Metaspace: 6300K(6464K)->6300K(6464K) NonClass: 5767K(5824K)->5767K(5824K) Class: 533K(640K)->533K(640K)
[13.469s][info][gc             ] GC(167) Pause Young (Allocation Failure) 1980M->1980M(2234M) 33.944ms
[13.469s][info][gc,cpu         ] GC(167) User=0.16s Sys=0.00s Real=0.03s
[13.497s][info][gc,start       ] GC(168) Pause Young (Allocation Failure)
[13.538s][info][gc,heap        ] GC(168) PSYoungGen: 74944K(117248K)->50880K(118784K) Eden: 26624K(26624K)->0K(26624K) From: 48320K(90624K)->50880K(92160K)
[13.538s][info][gc,heap        ] GC(168) ParOldGen: 1979617K(2170368K)->2004025K(2170368K)
[13.539s][info][gc,metaspace   ] GC(168) Metaspace: 6300K(6464K)->6300K(6464K) NonClass: 5767K(5824K)->5767K(5824K) Class: 533K(640K)->533K(640K)
[13.539s][info][gc             ] GC(168) Pause Young (Allocation Failure) 2006M->2006M(2235M) 41.661ms
[13.539s][info][gc,cpu         ] GC(168) User=0.25s Sys=0.00s Real=0.04s
[13.568s][info][gc,start       ] GC(169) Pause Young (Allocation Failure)
[13.611s][info][gc,heap        ] GC(169) PSYoungGen: 77504K(118784K)->53408K(120832K) Eden: 26624K(26624K)->0K(29696K) From: 50880K(92160K)->53408K(91136K)
[13.611s][info][gc,heap        ] GC(169) ParOldGen: 2004025K(2170368K)->2028433K(2170368K)
[13.611s][info][gc,metaspace   ] GC(169) Metaspace: 6300K(6464K)->6300K(6464K) NonClass: 5767K(5824K)->5767K(5824K) Class: 533K(640K)->533K(640K)
[13.611s][info][gc             ] GC(169) Pause Young (Allocation Failure) 2032M->2033M(2237M) 43.097ms
[13.611s][info][gc,cpu         ] GC(169) User=0.27s Sys=0.00s Real=0.04s
[13.640s][info][gc,start       ] GC(170) Pause Young (Allocation Failure)
[13.685s][info][gc,heap        ] GC(170) PSYoungGen: 83104K(120832K)->56512K(120832K) Eden: 29696K(29696K)->0K(29696K) From: 53408K(91136K)->56512K(91136K)
[13.685s][info][gc,heap        ] GC(170) ParOldGen: 2028433K(2170368K)->2055417K(2170368K)
[13.685s][info][gc,metaspace   ] GC(170) Metaspace: 6300K(6464K)->6300K(6464K) NonClass: 5767K(5824K)->5767K(5824K) Class: 533K(640K)->533K(640K)
[13.685s][info][gc             ] GC(170) Pause Young (Allocation Failure) 2062M->2062M(2237M) 45.273ms
[13.685s][info][gc,cpu         ] GC(170) User=0.22s Sys=0.03s Real=0.05s
[13.718s][info][gc,start       ] GC(171) Pause Young (Allocation Failure)
[13.765s][info][gc,heap        ] GC(171) PSYoungGen: 86208K(120832K)->59584K(123904K) Eden: 29696K(29696K)->0K(32256K) From: 56512K(91136K)->59584K(91648K)
[13.765s][info][gc,heap        ] GC(171) ParOldGen: 2055417K(2170368K)->2082401K(2170368K)
[13.765s][info][gc,metaspace   ] GC(171) Metaspace: 6300K(6464K)->6300K(6464K) NonClass: 5767K(5824K)->5767K(5824K) Class: 533K(640K)->533K(640K)
[13.765s][info][gc             ] GC(171) Pause Young (Allocation Failure) 2091M->2091M(2240M) 46.578ms
[13.765s][info][gc,cpu         ] GC(171) User=0.25s Sys=0.02s Real=0.05s
[13.798s][info][gc,start       ] GC(172) Pause Young (Allocation Failure)
[13.847s][info][gc,heap        ] GC(172) PSYoungGen: 91840K(123904K)->62112K(124928K) Eden: 32256K(32256K)->0K(32256K) From: 59584K(91648K)->62112K(92672K)
[13.847s][info][gc,heap        ] GC(172) ParOldGen: 2082401K(2170368K)->2112497K(2170368K)
[13.847s][info][gc,metaspace   ] GC(172) Metaspace: 6300K(6464K)->6300K(6464K) NonClass: 5767K(5824K)->5767K(5824K) Class: 533K(640K)->533K(640K)
[13.847s][info][gc             ] GC(172) Pause Young (Allocation Failure) 2123M->2123M(2241M) 48.705ms
[13.847s][info][gc,cpu         ] GC(172) User=0.27s Sys=0.00s Real=0.05s
[13.883s][info][gc,start       ] GC(173) Pause Young (Allocation Failure)
[13.934s][info][gc,heap        ] GC(173) PSYoungGen: 94368K(124928K)->64704K(129536K) Eden: 32256K(32256K)->0K(34816K) From: 62112K(92672K)->64704K(94720K)
[13.934s][info][gc,heap        ] GC(173) ParOldGen: 2112497K(2170368K)->2142617K(2170368K)
[13.934s][info][gc,metaspace   ] GC(173) Metaspace: 6300K(6464K)->6300K(6464K) NonClass: 5767K(5824K)->5767K(5824K) Class: 533K(640K)->533K(640K)
[13.934s][info][gc             ] GC(173) Pause Young (Allocation Failure) 2155M->2155M(2246M) 50.850ms
[13.934s][info][gc,cpu         ] GC(173) User=0.28s Sys=0.00s Real=0.05s
[13.934s][info][gc,start       ] GC(174) Pause Full (Ergonomics)
[13.934s][info][gc,phases,start] GC(174) Marking Phase
[14.433s][info][gc,phases      ] GC(174) Marking Phase 498.791ms
[14.433s][info][gc,phases,start] GC(174) Summary Phase
[14.433s][info][gc,phases      ] GC(174) Summary Phase 0.037ms
[14.433s][info][gc,phases,start] GC(174) Adjust Roots
[14.433s][info][gc,phases      ] GC(174) Adjust Roots 0.186ms
[14.433s][info][gc,phases,start] GC(174) Compaction Phase
[14.625s][info][gc,phases      ] GC(174) Compaction Phase 191.970ms
[14.625s][info][gc,phases,start] GC(174) Post Compact
[14.629s][info][gc,phases      ] GC(174) Post Compact 4.093ms
[14.630s][info][gc,heap        ] GC(174) PSYoungGen: 64704K(129536K)->34302K(129536K) Eden: 0K(34816K)->0K(34816K) From: 64704K(94720K)->34302K(94720K)
[14.630s][info][gc,heap        ] GC(174) ParOldGen: 2142617K(2170368K)->2170265K(2382336K)
[14.630s][info][gc,metaspace   ] GC(174) Metaspace: 6300K(6464K)->6300K(6464K) NonClass: 5767K(5824K)->5767K(5824K) Class: 533K(640K)->533K(640K)
[14.630s][info][gc             ] GC(174) Pause Full (Ergonomics) 2155M->2152M(2453M) 696.146ms
[14.630s][info][gc,cpu         ] GC(174) User=5.08s Sys=0.00s Real=0.70s
[14.674s][info][gc,start       ] GC(175) Pause Young (Allocation Failure)
[14.807s][info][gc,heap        ] GC(175) PSYoungGen: 69118K(129536K)->52160K(131072K) Eden: 34816K(34816K)->0K(34816K) From: 34302K(94720K)->52160K(96256K)
[14.807s][info][gc,heap        ] GC(175) ParOldGen: 2170265K(2382336K)->2187657K(2382336K)
[14.807s][info][gc,metaspace   ] GC(175) Metaspace: 6300K(6464K)->6300K(6464K) NonClass: 5767K(5824K)->5767K(5824K) Class: 533K(640K)->533K(640K)
[14.807s][info][gc             ] GC(175) Pause Young (Allocation Failure) 2186M->2187M(2454M) 132.664ms
[14.807s][info][gc,cpu         ] GC(175) User=0.80s Sys=0.00s Real=0.13s
[14.849s][info][gc,start       ] GC(176) Pause Young (Allocation Failure)
[14.897s][info][gc,heap        ] GC(176) PSYoungGen: 86976K(131072K)->87008K(121856K) Eden: 34816K(34816K)->0K(28672K) From: 52160K(96256K)->87008K(93184K)
[14.897s][info][gc,heap        ] GC(176) ParOldGen: 2187657K(2382336K)->2187657K(2382336K)
[14.898s][info][gc,metaspace   ] GC(176) Metaspace: 6300K(6464K)->6300K(6464K) NonClass: 5767K(5824K)->5767K(5824K) Class: 533K(640K)->533K(640K)
[14.898s][info][gc             ] GC(176) Pause Young (Allocation Failure) 2221M->2221M(2445M) 48.952ms
[14.898s][info][gc,cpu         ] GC(176) User=0.28s Sys=0.00s Real=0.05s
[14.933s][info][gc,start       ] GC(177) Pause Young (Allocation Failure)
[14.992s][info][gc,heap        ] GC(177) PSYoungGen: 115680K(121856K)->102912K(131584K) Eden: 28672K(28672K)->0K(28672K) From: 87008K(93184K)->102912K(102912K)
[14.992s][info][gc,heap        ] GC(177) ParOldGen: 2187657K(2382336K)->2200521K(2382336K)
[14.992s][info][gc,metaspace   ] GC(177) Metaspace: 6300K(6464K)->6300K(6464K) NonClass: 5767K(5824K)->5767K(5824K) Class: 533K(640K)->533K(640K)
[14.992s][info][gc             ] GC(177) Pause Young (Allocation Failure) 2249M->2249M(2455M) 58.590ms
[14.992s][info][gc,cpu         ] GC(177) User=0.36s Sys=0.00s Real=0.06s
[15.025s][info][gc,start       ] GC(178) Pause Young (Allocation Failure)
[15.091s][info][gc,heap        ] GC(178) PSYoungGen: 131584K(131584K)->85472K(150016K) Eden: 28672K(28672K)->0K(28672K) From: 102912K(102912K)->85472K(121344K)
[15.091s][info][gc,heap        ] GC(178) ParOldGen: 2200521K(2382336K)->2247337K(2382336K)
[15.091s][info][gc,metaspace   ] GC(178) Metaspace: 6300K(6464K)->6300K(6464K) NonClass: 5767K(5824K)->5767K(5824K) Class: 533K(640K)->533K(640K)
[15.091s][info][gc             ] GC(178) Pause Young (Allocation Failure) 2277M->2278M(2473M) 65.691ms
[15.091s][info][gc,cpu         ] GC(178) User=0.52s Sys=0.00s Real=0.06s
[15.123s][info][gc,start       ] GC(179) Pause Young (Allocation Failure)
[15.181s][info][gc,heap        ] GC(179) PSYoungGen: 114144K(150016K)->82528K(153600K) Eden: 28672K(28672K)->0K(28672K) From: 85472K(121344K)->82528K(124928K)
[15.181s][info][gc,heap        ] GC(179) ParOldGen: 2247337K(2382336K)->2279265K(2382336K)
[15.181s][info][gc,metaspace   ] GC(179) Metaspace: 6300K(6464K)->6300K(6464K) NonClass: 5767K(5824K)->5767K(5824K) Class: 533K(640K)->533K(640K)
[15.181s][info][gc             ] GC(179) Pause Young (Allocation Failure) 2306M->2306M(2476M) 57.762ms
[15.181s][info][gc,cpu         ] GC(179) User=0.34s Sys=0.02s Real=0.06s
[15.214s][info][gc,start       ] GC(180) Pause Young (Allocation Failure)
[15.270s][info][gc,heap        ] GC(180) PSYoungGen: 111200K(153600K)->86240K(156672K) Eden: 28672K(28672K)->0K(30208K) From: 82528K(124928K)->86240K(126464K)
[15.271s][info][gc,heap        ] GC(180) ParOldGen: 2279265K(2382336K)->2304489K(2382336K)
[15.271s][info][gc,metaspace   ] GC(180) Metaspace: 6300K(6464K)->6300K(6464K) NonClass: 5767K(5824K)->5767K(5824K) Class: 533K(640K)->533K(640K)
[15.271s][info][gc             ] GC(180) Pause Young (Allocation Failure) 2334M->2334M(2479M) 56.439ms
[15.271s][info][gc,cpu         ] GC(180) User=0.38s Sys=0.00s Real=0.06s
[15.307s][info][gc,start       ] GC(181) Pause Young (Allocation Failure)
[15.368s][info][gc,heap        ] GC(181) PSYoungGen: 116448K(156672K)->87776K(158720K) Eden: 30208K(30208K)->0K(30208K) From: 86240K(126464K)->87776K(128512K)
[15.368s][info][gc,heap        ] GC(181) ParOldGen: 2304489K(2382336K)->2333417K(2382336K)
[15.368s][info][gc,metaspace   ] GC(181) Metaspace: 6300K(6464K)->6300K(6464K) NonClass: 5767K(5824K)->5767K(5824K) Class: 533K(640K)->533K(640K)
[15.368s][info][gc             ] GC(181) Pause Young (Allocation Failure) 2364M->2364M(2481M) 60.200ms
[15.368s][info][gc,cpu         ] GC(181) User=0.48s Sys=0.02s Real=0.06s
[15.368s][info][gc,start       ] GC(182) Pause Full (Ergonomics)
[15.368s][info][gc,phases,start] GC(182) Marking Phase
[15.897s][info][gc,phases      ] GC(182) Marking Phase 528.976ms
[15.897s][info][gc,phases,start] GC(182) Summary Phase
[15.897s][info][gc,phases      ] GC(182) Summary Phase 0.043ms
[15.897s][info][gc,phases,start] GC(182) Adjust Roots
[15.897s][info][gc,phases      ] GC(182) Adjust Roots 0.156ms
[15.897s][info][gc,phases,start] GC(182) Compaction Phase
[16.099s][info][gc,phases      ] GC(182) Compaction Phase 201.919ms
[16.099s][info][gc,phases,start] GC(182) Post Compact
[16.104s][info][gc,phases      ] GC(182) Post Compact 4.676ms
[16.105s][info][gc,heap        ] GC(182) PSYoungGen: 87776K(158720K)->36867K(158720K) Eden: 0K(30208K)->0K(30208K) From: 87776K(128512K)->36867K(128512K)
[16.105s][info][gc,heap        ] GC(182) ParOldGen: 2333417K(2382336K)->2382017K(2612224K)
[16.105s][info][gc,metaspace   ] GC(182) Metaspace: 6300K(6464K)->6300K(6464K) NonClass: 5767K(5824K)->5767K(5824K) Class: 533K(640K)->533K(640K)
[16.105s][info][gc             ] GC(182) Pause Full (Ergonomics) 2364M->2362M(2706M) 737.020ms
[16.105s][info][gc,cpu         ] GC(182) User=5.64s Sys=0.02s Real=0.74s
[16.145s][info][gc,start       ] GC(183) Pause Young (Allocation Failure)
[16.281s][info][gc,heap        ] GC(183) PSYoungGen: 67075K(158720K)->43264K(158720K) Eden: 30208K(30208K)->0K(33280K) From: 36867K(128512K)->43264K(125440K)
[16.281s][info][gc,heap        ] GC(183) ParOldGen: 2382017K(2612224K)->2406273K(2612224K)
[16.281s][info][gc,metaspace   ] GC(183) Metaspace: 6300K(6464K)->6300K(6464K) NonClass: 5767K(5824K)->5767K(5824K) Class: 533K(640K)->533K(640K)
[16.281s][info][gc             ] GC(183) Pause Young (Allocation Failure) 2391M->2392M(2706M) 136.299ms
[16.281s][info][gc,cpu         ] GC(183) User=0.88s Sys=0.02s Real=0.14s
[16.321s][info][gc,start       ] GC(184) Pause Young (Allocation Failure)
[16.366s][info][gc,heap        ] GC(184) PSYoungGen: 76544K(158720K)->63680K(97280K) Eden: 33280K(33280K)->0K(33280K) From: 43264K(125440K)->63680K(64000K)
[16.366s][info][gc,heap        ] GC(184) ParOldGen: 2406273K(2612224K)->2419297K(2612224K)
[16.366s][info][gc,metaspace   ] GC(184) Metaspace: 6300K(6464K)->6300K(6464K) NonClass: 5767K(5824K)->5767K(5824K) Class: 533K(640K)->533K(640K)
[16.366s][info][gc             ] GC(184) Pause Young (Allocation Failure) 2424M->2424M(2646M) 45.319ms
[16.366s][info][gc,cpu         ] GC(184) User=0.27s Sys=0.00s Real=0.05s
[16.408s][info][gc,start       ] GC(185) Pause Young (Allocation Failure)
[16.461s][info][gc,heap        ] GC(185) PSYoungGen: 96960K(97280K)->66784K(148992K) Eden: 33280K(33280K)->0K(36864K) From: 63680K(64000K)->66784K(112128K)
[16.461s][info][gc,heap        ] GC(185) ParOldGen: 2419297K(2612224K)->2449769K(2612224K)
[16.461s][info][gc,metaspace   ] GC(185) Metaspace: 6300K(6464K)->6300K(6464K) NonClass: 5767K(5824K)->5767K(5824K) Class: 533K(640K)->533K(640K)
[16.461s][info][gc             ] GC(185) Pause Young (Allocation Failure) 2457M->2457M(2696M) 53.584ms
[16.461s][info][gc,cpu         ] GC(185) User=0.28s Sys=0.02s Real=0.05s
[16.505s][info][gc,start       ] GC(186) Pause Young (Allocation Failure)
[16.561s][info][gc,heap        ] GC(186) PSYoungGen: 103648K(148992K)->70336K(154112K) Eden: 36864K(36864K)->0K(36864K) From: 66784K(112128K)->70336K(117248K)
[16.561s][info][gc,heap        ] GC(186) ParOldGen: 2449769K(2612224K)->2483345K(2612224K)
[16.561s][info][gc,metaspace   ] GC(186) Metaspace: 6300K(6464K)->6300K(6464K) NonClass: 5767K(5824K)->5767K(5824K) Class: 533K(640K)->533K(640K)
[16.561s][info][gc             ] GC(186) Pause Young (Allocation Failure) 2493M->2493M(2701M) 56.241ms
[16.561s][info][gc,cpu         ] GC(186) User=0.38s Sys=0.02s Real=0.06s
[16.604s][info][gc,start       ] GC(187) Pause Young (Allocation Failure)
[16.662s][info][gc,heap        ] GC(187) PSYoungGen: 107200K(154112K)->73952K(152064K) Eden: 36864K(36864K)->0K(41472K) From: 70336K(117248K)->73952K(110592K)
[16.662s][info][gc,heap        ] GC(187) ParOldGen: 2483345K(2612224K)->2516913K(2612224K)
[16.662s][info][gc,metaspace   ] GC(187) Metaspace: 6300K(6464K)->6300K(6464K) NonClass: 5767K(5824K)->5767K(5824K) Class: 533K(640K)->533K(640K)
[16.662s][info][gc             ] GC(187) Pause Young (Allocation Failure) 2529M->2530M(2699M) 57.341ms
[16.662s][info][gc,cpu         ] GC(187) User=0.39s Sys=0.00s Real=0.06s
[16.714s][info][gc,start       ] GC(188) Pause Young (Allocation Failure)
[16.775s][info][gc,heap        ] GC(188) PSYoungGen: 115424K(152064K)->78528K(153600K) Eden: 41472K(41472K)->0K(41472K) From: 73952K(110592K)->78528K(112128K)
[16.775s][info][gc,heap        ] GC(188) ParOldGen: 2516913K(2612224K)->2554105K(2612224K)
[16.775s][info][gc,metaspace   ] GC(188) Metaspace: 6300K(6464K)->6300K(6464K) NonClass: 5767K(5824K)->5767K(5824K) Class: 533K(640K)->533K(640K)
[16.775s][info][gc             ] GC(188) Pause Young (Allocation Failure) 2570M->2570M(2701M) 61.779ms
[16.775s][info][gc,cpu         ] GC(188) User=0.48s Sys=0.02s Real=0.06s
[16.826s][info][gc,start       ] GC(189) Pause Young (Allocation Failure)
[16.894s][info][gc,heap        ] GC(189) PSYoungGen: 120000K(153600K)->83168K(157696K) Eden: 41472K(41472K)->0K(45568K) From: 78528K(112128K)->83168K(112128K)
[16.894s][info][gc,heap        ] GC(189) ParOldGen: 2554105K(2612224K)->2591305K(2612224K)
[16.894s][info][gc,metaspace   ] GC(189) Metaspace: 6300K(6464K)->6300K(6464K) NonClass: 5767K(5824K)->5767K(5824K) Class: 533K(640K)->533K(640K)
[16.894s][info][gc             ] GC(189) Pause Young (Allocation Failure) 2611M->2611M(2705M) 67.860ms
[16.894s][info][gc,cpu         ] GC(189) User=0.38s Sys=0.02s Real=0.07s
[16.894s][info][gc,start       ] GC(190) Pause Full (Ergonomics)
[16.894s][info][gc,phases,start] GC(190) Marking Phase
[17.542s][info][gc,phases      ] GC(190) Marking Phase 647.605ms
[17.542s][info][gc,phases,start] GC(190) Summary Phase
[17.542s][info][gc,phases      ] GC(190) Summary Phase 0.044ms
[17.542s][info][gc,phases,start] GC(190) Adjust Roots
[17.542s][info][gc,phases      ] GC(190) Adjust Roots 0.185ms
[17.542s][info][gc,phases,start] GC(190) Compaction Phase
[17.784s][info][gc,phases      ] GC(190) Compaction Phase 241.659ms
[17.784s][info][gc,phases,start] GC(190) Post Compact
[17.789s][info][gc,phases      ] GC(190) Post Compact 5.071ms
[17.790s][info][gc,heap        ] GC(190) PSYoungGen: 83168K(157696K)->59883K(157696K) Eden: 0K(45568K)->0K(45568K) From: 83168K(112128K)->59883K(112128K)
[17.790s][info][gc,heap        ] GC(190) ParOldGen: 2591305K(2612224K)->2612223K(2865664K)
[17.790s][info][gc,metaspace   ] GC(190) Metaspace: 6300K(6464K)->6300K(6464K) NonClass: 5767K(5824K)->5767K(5824K) Class: 533K(640K)->533K(640K)
[17.790s][info][gc             ] GC(190) Pause Full (Ergonomics) 2611M->2609M(2952M) 895.778ms
[17.790s][info][gc,cpu         ] GC(190) User=6.67s Sys=0.00s Real=0.90s
[17.846s][info][gc,start       ] GC(191) Pause Young (Allocation Failure)
[18.006s][info][gc,heap        ] GC(191) PSYoungGen: 105451K(157696K)->75840K(158720K) Eden: 45568K(45568K)->0K(45568K) From: 59883K(112128K)->75840K(113152K)
[18.006s][info][gc,heap        ] GC(191) ParOldGen: 2612223K(2865664K)->2642423K(2865664K)
[18.006s][info][gc,metaspace   ] GC(191) Metaspace: 6300K(6464K)->6300K(6464K) NonClass: 5767K(5824K)->5767K(5824K) Class: 533K(640K)->533K(640K)
[18.006s][info][gc             ] GC(191) Pause Young (Allocation Failure) 2653M->2654M(2953M) 159.795ms
[18.006s][info][gc,cpu         ] GC(191) User=1.02s Sys=0.00s Real=0.16s
[18.059s][info][gc,start       ] GC(192) Pause Young (Allocation Failure)
[18.129s][info][gc,heap        ] GC(192) PSYoungGen: 121408K(158720K)->111104K(146432K) Eden: 45568K(45568K)->0K(35328K) From: 75840K(113152K)->111104K(111104K)
[18.129s][info][gc,heap        ] GC(192) ParOldGen: 2642423K(2865664K)->2652751K(2865664K)
[18.129s][info][gc,metaspace   ] GC(192) Metaspace: 6300K(6464K)->6300K(6464K) NonClass: 5767K(5824K)->5767K(5824K) Class: 533K(640K)->533K(640K)
[18.129s][info][gc             ] GC(192) Pause Young (Allocation Failure) 2699M->2699M(2941M) 70.126ms
[18.129s][info][gc,cpu         ] GC(192) User=0.39s Sys=0.02s Real=0.07s
[18.168s][info][gc,start       ] GC(193) Pause Young (Allocation Failure)
[18.253s][info][gc,heap        ] GC(193) PSYoungGen: 146432K(146432K)->78336K(161280K) Eden: 35328K(35328K)->0K(35328K) From: 111104K(111104K)->78336K(125952K)
[18.253s][info][gc,heap        ] GC(193) ParOldGen: 2652751K(2865664K)->2721527K(2865664K)
[18.253s][info][gc,metaspace   ] GC(193) Metaspace: 6300K(6464K)->6300K(6464K) NonClass: 5767K(5824K)->5767K(5824K) Class: 533K(640K)->533K(640K)
[18.253s][info][gc             ] GC(193) Pause Young (Allocation Failure) 2733M->2734M(2956M) 84.881ms
[18.253s][info][gc,cpu         ] GC(193) User=0.53s Sys=0.09s Real=0.08s
[18.295s][info][gc,start       ] GC(194) Pause Young (Allocation Failure)
[18.360s][info][gc,heap        ] GC(194) PSYoungGen: 113664K(161280K)->70848K(153600K) Eden: 35328K(35328K)->0K(39424K) From: 78336K(125952K)->70848K(114176K)
[18.360s][info][gc,heap        ] GC(194) ParOldGen: 2721527K(2865664K)->2764703K(2865664K)
[18.360s][info][gc,metaspace   ] GC(194) Metaspace: 6300K(6464K)->6300K(6464K) NonClass: 5767K(5824K)->5767K(5824K) Class: 533K(640K)->533K(640K)
[18.360s][info][gc             ] GC(194) Pause Young (Allocation Failure) 2768M->2769M(2948M) 64.957ms
[18.360s][info][gc,cpu         ] GC(194) User=0.39s Sys=0.00s Real=0.06s
[18.964s][info][gc,start       ] GC(195) Pause Young (Allocation Failure)
[19.093s][info][gc,heap        ] GC(195) PSYoungGen: 110272K(153600K)->74976K(157696K) Eden: 39424K(39424K)->0K(39424K) From: 70848K(114176K)->74976K(118272K)
[19.094s][info][gc,heap        ] GC(195) ParOldGen: 2895775K(2997248K)->2931423K(2997248K)
[19.094s][info][gc,metaspace   ] GC(195) Metaspace: 6300K(6464K)->6300K(6464K) NonClass: 5767K(5824K)->5767K(5824K) Class: 533K(640K)->533K(640K)
[19.094s][info][gc             ] GC(195) Pause Young (Allocation Failure) 2935M->2935M(3081M) 129.059ms
[19.094s][info][gc,cpu         ] GC(195) User=0.59s Sys=0.02s Real=0.13s
[19.136s][info][gc,start       ] GC(196) Pause Young (Allocation Failure)
[19.204s][info][gc,heap        ] GC(196) PSYoungGen: 114400K(157696K)->114176K(146944K) Eden: 39424K(39424K)->0K(32768K) From: 74976K(118272K)->114176K(114176K)
[19.204s][info][gc,heap        ] GC(196) ParOldGen: 2931423K(2997248K)->2931607K(2997248K)
[19.204s][info][gc,metaspace   ] GC(196) Metaspace: 6300K(6464K)->6300K(6464K) NonClass: 5767K(5824K)->5767K(5824K) Class: 533K(640K)->533K(640K)
[19.204s][info][gc             ] GC(196) Pause Young (Allocation Failure) 2974M->2974M(3070M) 67.931ms
[19.204s][info][gc,cpu         ] GC(196) User=0.17s Sys=0.00s Real=0.07s
[19.204s][info][gc,start       ] GC(197) Pause Full (Ergonomics)
[19.205s][info][gc,phases,start] GC(197) Marking Phase
[19.876s][info][gc,phases      ] GC(197) Marking Phase 671.869ms
[19.876s][info][gc,phases,start] GC(197) Summary Phase
[19.877s][info][gc,phases      ] GC(197) Summary Phase 0.080ms
[19.877s][info][gc,phases,start] GC(197) Adjust Roots
[19.877s][info][gc,phases      ] GC(197) Adjust Roots 0.159ms
[19.877s][info][gc,phases,start] GC(197) Compaction Phase
[20.348s][info][gc,phases      ] GC(197) Compaction Phase 471.739ms
[20.349s][info][gc,phases,start] GC(197) Post Compact
[20.355s][info][gc,phases      ] GC(197) Post Compact 6.080ms
[20.356s][info][gc,heap        ] GC(197) PSYoungGen: 114176K(146944K)->0K(157696K) Eden: 0K(32768K)->0K(32768K) From: 114176K(114176K)->0K(124928K)
[20.356s][info][gc,heap        ] GC(197) ParOldGen: 2931607K(2997248K)->2978078K(3265536K)
[20.356s][info][gc,metaspace   ] GC(197) Metaspace: 6300K(6464K)->6300K(6464K) NonClass: 5767K(5824K)->5767K(5824K) Class: 533K(640K)->533K(640K)
[20.356s][info][gc             ] GC(197) Pause Full (Ergonomics) 2974M->2908M(3343M) 1151.235ms
[20.356s][info][gc,cpu         ] GC(197) User=8.06s Sys=0.02s Real=1.15s
[20.393s][info][gc,start       ] GC(198) Pause Young (Allocation Failure)
[20.434s][info][gc,heap        ] GC(198) PSYoungGen: 32768K(157696K)->32928K(158208K) Eden: 32768K(32768K)->0K(33280K) From: 0K(124928K)->32928K(124928K)
[20.434s][info][gc,heap        ] GC(198) ParOldGen: 2978078K(3265536K)->2978078K(3265536K)
[20.434s][info][gc,metaspace   ] GC(198) Metaspace: 6300K(6464K)->6300K(6464K) NonClass: 5767K(5824K)->5767K(5824K) Class: 533K(640K)->533K(640K)
[20.434s][info][gc             ] GC(198) Pause Young (Allocation Failure) 2940M->2940M(3343M) 40.822ms
[20.434s][info][gc,cpu         ] GC(198) User=0.06s Sys=0.00s Real=0.04s
[20.466s][info][gc,start       ] GC(199) Pause Young (Allocation Failure)
[20.519s][info][gc,heap        ] GC(199) PSYoungGen: 66208K(158208K)->66240K(99840K) Eden: 33280K(33280K)->0K(33280K) From: 32928K(124928K)->66240K(66560K)
[20.519s][info][gc,heap        ] GC(199) ParOldGen: 2978078K(3265536K)->2978078K(3265536K)
[20.519s][info][gc,metaspace   ] GC(199) Metaspace: 6300K(6464K)->6300K(6464K) NonClass: 5767K(5824K)->5767K(5824K) Class: 533K(640K)->533K(640K)
[20.519s][info][gc             ] GC(199) Pause Young (Allocation Failure) 2972M->2972M(3286M) 53.243ms
[20.519s][info][gc,cpu         ] GC(199) User=0.09s Sys=0.00s Real=0.05s
[20.550s][info][gc,start       ] GC(200) Pause Young (Allocation Failure)
[20.610s][info][gc,heap        ] GC(200) PSYoungGen: 99520K(99840K)->99552K(156160K) Eden: 33280K(33280K)->0K(32256K) From: 66240K(66560K)->99552K(123904K)
[20.610s][info][gc,heap        ] GC(200) ParOldGen: 2978078K(3265536K)->2978078K(3265536K)
[20.610s][info][gc,metaspace   ] GC(200) Metaspace: 6300K(6464K)->6300K(6464K) NonClass: 5767K(5824K)->5767K(5824K) Class: 533K(640K)->533K(640K)
[20.610s][info][gc             ] GC(200) Pause Young (Allocation Failure) 3005M->3005M(3341M) 59.426ms
[20.610s][info][gc,cpu         ] GC(200) User=0.19s Sys=0.00s Real=0.06s
[20.641s][info][gc,start       ] GC(201) Pause Young (Allocation Failure)
[20.708s][info][gc,heap        ] GC(201) PSYoungGen: 131808K(156160K)->128512K(160768K) Eden: 32256K(32256K)->0K(32256K) From: 99552K(123904K)->128512K(128512K)
[20.708s][info][gc,heap        ] GC(201) ParOldGen: 2978078K(3265536K)->2981366K(3265536K)
[20.708s][info][gc,metaspace   ] GC(201) Metaspace: 6300K(6464K)->6300K(6464K) NonClass: 5767K(5824K)->5767K(5824K) Class: 533K(640K)->533K(640K)
[20.708s][info][gc             ] GC(201) Pause Young (Allocation Failure) 3036M->3036M(3346M) 67.724ms
[20.708s][info][gc,cpu         ] GC(201) User=0.22s Sys=0.00s Real=0.07s
[20.741s][info][gc,start       ] GC(202) Pause Young (Allocation Failure)
[20.819s][info][gc,heap        ] GC(202) PSYoungGen: 160768K(160768K)->97952K(180224K) Eden: 32256K(32256K)->0K(36352K) From: 128512K(128512K)->97952K(143872K)
[20.819s][info][gc,heap        ] GC(202) ParOldGen: 2981366K(3265536K)->3044870K(3265536K)
[20.819s][info][gc,metaspace   ] GC(202) Metaspace: 6300K(6464K)->6300K(6464K) NonClass: 5767K(5824K)->5767K(5824K) Class: 533K(640K)->533K(640K)
[20.819s][info][gc             ] GC(202) Pause Young (Allocation Failure) 3068M->3069M(3365M) 77.766ms
[20.819s][info][gc,cpu         ] GC(202) User=0.25s Sys=0.00s Real=0.08s
[20.857s][info][gc,start       ] GC(203) Pause Young (Allocation Failure)
[20.927s][info][gc,heap        ] GC(203) PSYoungGen: 134304K(180224K)->68832K(180224K) Eden: 36352K(36352K)->0K(36352K) From: 97952K(143872K)->68832K(143872K)
[20.927s][info][gc,heap        ] GC(203) ParOldGen: 3044870K(3265536K)->3110870K(3265536K)
[20.927s][info][gc,metaspace   ] GC(203) Metaspace: 6300K(6464K)->6300K(6464K) NonClass: 5767K(5824K)->5767K(5824K) Class: 533K(640K)->533K(640K)
[20.927s][info][gc             ] GC(203) Pause Young (Allocation Failure) 3104M->3105M(3365M) 69.570ms
[20.927s][info][gc,cpu         ] GC(203) User=0.30s Sys=0.03s Real=0.07s
[20.966s][info][gc,start       ] GC(204) Pause Young (Allocation Failure)
[21.029s][info][gc,heap        ] GC(204) PSYoungGen: 105184K(180224K)->36544K(179200K) Eden: 36352K(36352K)->0K(38912K) From: 68832K(143872K)->36544K(140288K)
[21.029s][info][gc,heap        ] GC(204) ParOldGen: 3110870K(3265536K)->3180078K(3265536K)
[21.029s][info][gc,metaspace   ] GC(204) Metaspace: 6300K(6464K)->6300K(6464K) NonClass: 5767K(5824K)->5767K(5824K) Class: 533K(640K)->533K(640K)
[21.029s][info][gc             ] GC(204) Pause Young (Allocation Failure) 3140M->3141M(3364M) 62.400ms
[21.029s][info][gc,cpu         ] GC(204) User=0.28s Sys=0.02s Real=0.06s
[21.029s][info][gc,start       ] GC(205) Pause Full (Ergonomics)
[21.029s][info][gc,phases,start] GC(205) Marking Phase
[21.756s][info][gc,phases      ] GC(205) Marking Phase 726.683ms
[21.756s][info][gc,phases,start] GC(205) Summary Phase
[21.756s][info][gc,phases      ] GC(205) Summary Phase 0.084ms
[21.756s][info][gc,phases,start] GC(205) Adjust Roots
[21.756s][info][gc,phases      ] GC(205) Adjust Roots 0.159ms
[21.756s][info][gc,phases,start] GC(205) Compaction Phase
[22.042s][info][gc,phases      ] GC(205) Compaction Phase 285.592ms
[22.042s][info][gc,phases,start] GC(205) Post Compact
[22.048s][info][gc,phases      ] GC(205) Post Compact 5.945ms
[22.049s][info][gc,heap        ] GC(205) PSYoungGen: 36544K(179200K)->0K(181248K) Eden: 0K(38912K)->0K(38912K) From: 36544K(140288K)->0K(142336K)
[22.049s][info][gc,heap        ] GC(205) ParOldGen: 3180078K(3265536K)->3214405K(3550208K)
[22.049s][info][gc,metaspace   ] GC(205) Metaspace: 6300K(6464K)->6300K(6464K) NonClass: 5767K(5824K)->5767K(5824K) Class: 533K(640K)->533K(640K)
[22.049s][info][gc             ] GC(205) Pause Full (Ergonomics) 3141M->3139M(3644M) 1019.998ms
[22.049s][info][gc,cpu         ] GC(205) User=7.41s Sys=0.03s Real=1.02s
[22.089s][info][gc,start       ] GC(206) Pause Young (Allocation Failure)
[22.130s][info][gc,heap        ] GC(206) PSYoungGen: 38912K(181248K)->39104K(184320K) Eden: 38912K(38912K)->0K(43008K) From: 0K(142336K)->39104K(141312K)
[22.130s][info][gc,heap        ] GC(206) ParOldGen: 3214405K(3550208K)->3214405K(3550208K)
[22.130s][info][gc,metaspace   ] GC(206) Metaspace: 6300K(6464K)->6300K(6464K) NonClass: 5767K(5824K)->5767K(5824K) Class: 533K(640K)->533K(640K)
[22.130s][info][gc             ] GC(206) Pause Young (Allocation Failure) 3177M->3177M(3647M) 41.191ms
[22.130s][info][gc,cpu         ] GC(206) User=0.03s Sys=0.00s Real=0.04s
[22.173s][info][gc,start       ] GC(207) Pause Young (Allocation Failure)
[22.225s][info][gc,heap        ] GC(207) PSYoungGen: 82112K(184320K)->82176K(185344K) Eden: 43008K(43008K)->0K(43008K) From: 39104K(141312K)->82176K(142336K)
[22.225s][info][gc,heap        ] GC(207) ParOldGen: 3214405K(3550208K)->3214405K(3550208K)
[22.225s][info][gc,metaspace   ] GC(207) Metaspace: 6300K(6464K)->6300K(6464K) NonClass: 5767K(5824K)->5767K(5824K) Class: 533K(640K)->533K(640K)
[22.225s][info][gc             ] GC(207) Pause Young (Allocation Failure) 3219M->3219M(3648M) 51.657ms
[22.225s][info][gc,cpu         ] GC(207) User=0.16s Sys=0.00s Real=0.05s
[22.269s][info][gc,start       ] GC(208) Pause Young (Allocation Failure)
[22.335s][info][gc,heap        ] GC(208) PSYoungGen: 125184K(185344K)->125248K(174080K) Eden: 43008K(43008K)->0K(35328K) From: 82176K(142336K)->125248K(138752K)
[22.335s][info][gc,heap        ] GC(208) ParOldGen: 3214405K(3550208K)->3214405K(3550208K)
[22.335s][info][gc,metaspace   ] GC(208) Metaspace: 6300K(6464K)->6300K(6464K) NonClass: 5767K(5824K)->5767K(5824K) Class: 533K(640K)->533K(640K)
[22.335s][info][gc             ] GC(208) Pause Young (Allocation Failure) 3261M->3261M(3637M) 65.854ms
[22.335s][info][gc,cpu         ] GC(208) User=0.30s Sys=0.02s Real=0.07s
[22.374s][info][gc,start       ] GC(209) Pause Young (Allocation Failure)
[22.453s][info][gc,heap        ] GC(209) PSYoungGen: 160576K(174080K)->121696K(186368K) Eden: 35328K(35328K)->0K(35328K) From: 125248K(138752K)->121696K(151040K)
[22.453s][info][gc,heap        ] GC(209) ParOldGen: 3214405K(3550208K)->3253661K(3550208K)
[22.453s][info][gc,metaspace   ] GC(209) Metaspace: 6300K(6464K)->6300K(6464K) NonClass: 5767K(5824K)->5767K(5824K) Class: 533K(640K)->533K(640K)
[22.453s][info][gc             ] GC(209) Pause Young (Allocation Failure) 3295M->3296M(3649M) 78.507ms
[22.453s][info][gc,cpu         ] GC(209) User=0.39s Sys=0.02s Real=0.08s
[22.491s][info][gc,start       ] GC(210) Pause Young (Allocation Failure)
[22.567s][info][gc,heap        ] GC(210) PSYoungGen: 157024K(186368K)->113984K(194560K) Eden: 35328K(35328K)->0K(35328K) From: 121696K(151040K)->113984K(159232K)
[22.567s][info][gc,heap        ] GC(210) ParOldGen: 3253661K(3550208K)->3297061K(3550208K)
[22.567s][info][gc,metaspace   ] GC(210) Metaspace: 6300K(6464K)->6300K(6464K) NonClass: 5767K(5824K)->5767K(5824K) Class: 533K(640K)->533K(640K)
[22.567s][info][gc             ] GC(210) Pause Young (Allocation Failure) 3330M->3331M(3657M) 76.677ms
[22.567s][info][gc,cpu         ] GC(210) User=0.36s Sys=0.06s Real=0.08s
[22.605s][info][gc,start       ] GC(211) Pause Young (Allocation Failure)
[22.681s][info][gc,heap        ] GC(211) PSYoungGen: 149312K(194560K)->106240K(198656K) Eden: 35328K(35328K)->0K(35328K) From: 113984K(159232K)->106240K(163328K)
[22.681s][info][gc,heap        ] GC(211) ParOldGen: 3297061K(3550208K)->3340469K(3550208K)
[22.681s][info][gc,metaspace   ] GC(211) Metaspace: 6300K(6464K)->6300K(6464K) NonClass: 5767K(5824K)->5767K(5824K) Class: 533K(640K)->533K(640K)
[22.681s][info][gc             ] GC(211) Pause Young (Allocation Failure) 3365M->3365M(3661M) 76.639ms
[22.681s][info][gc,cpu         ] GC(211) User=0.39s Sys=0.00s Real=0.08s
[22.716s][info][gc,start       ] GC(212) Pause Young (Allocation Failure)
[22.789s][info][gc,heap        ] GC(212) PSYoungGen: 141568K(198656K)->70880K(193536K) Eden: 35328K(35328K)->0K(39936K) From: 106240K(163328K)->70880K(153600K)
[22.789s][info][gc,heap        ] GC(212) ParOldGen: 3340469K(3550208K)->3411733K(3550208K)
[22.789s][info][gc,metaspace   ] GC(212) Metaspace: 6300K(6464K)->6300K(6464K) NonClass: 5767K(5824K)->5767K(5824K) Class: 533K(640K)->533K(640K)
[22.789s][info][gc             ] GC(212) Pause Young (Allocation Failure) 3400M->3400M(3656M) 73.413ms
[22.789s][info][gc,cpu         ] GC(212) User=0.36s Sys=0.05s Real=0.07s
[22.826s][info][gc,start       ] GC(213) Pause Young (Allocation Failure)
[22.888s][info][gc,heap        ] GC(213) PSYoungGen: 110816K(193536K)->40096K(198144K) Eden: 39936K(39936K)->0K(39936K) From: 70880K(153600K)->40096K(158208K)
[22.888s][info][gc,heap        ] GC(213) ParOldGen: 3411733K(3550208K)->3482989K(3550208K)
[22.888s][info][gc,metaspace   ] GC(213) Metaspace: 6300K(6464K)->6300K(6464K) NonClass: 5767K(5824K)->5767K(5824K) Class: 533K(640K)->533K(640K)
[22.888s][info][gc             ] GC(213) Pause Young (Allocation Failure) 3439M->3440M(3660M) 62.589ms
[22.888s][info][gc,cpu         ] GC(213) User=0.27s Sys=0.08s Real=0.06s
[22.888s][info][gc,start       ] GC(214) Pause Full (Ergonomics)
[22.888s][info][gc,phases,start] GC(214) Marking Phase
[23.672s][info][gc,phases      ] GC(214) Marking Phase 783.563ms
[23.672s][info][gc,phases,start] GC(214) Summary Phase
[23.672s][info][gc,phases      ] GC(214) Summary Phase 0.086ms
[23.672s][info][gc,phases,start] GC(214) Adjust Roots
[23.672s][info][gc,phases      ] GC(214) Adjust Roots 0.158ms
[23.672s][info][gc,phases,start] GC(214) Compaction Phase
[24.006s][info][gc,phases      ] GC(214) Compaction Phase 333.666ms
[24.006s][info][gc,phases,start] GC(214) Post Compact
[24.012s][info][gc,phases      ] GC(214) Post Compact 6.406ms
[24.014s][info][gc,heap        ] GC(214) PSYoungGen: 40096K(198144K)->0K(204288K) Eden: 0K(39936K)->0K(45056K) From: 40096K(158208K)->0K(159232K)
[24.014s][info][gc,heap        ] GC(214) ParOldGen: 3482989K(3550208K)->3520321K(3893760K)
[24.014s][info][gc,metaspace   ] GC(214) Metaspace: 6300K(6464K)->6300K(6464K) NonClass: 5767K(5824K)->5767K(5824K) Class: 533K(640K)->533K(640K)
[24.014s][info][gc             ] GC(214) Pause Full (Ergonomics) 3440M->3437M(4002M) 1125.460ms
[24.014s][info][gc,cpu         ] GC(214) User=7.98s Sys=0.02s Real=1.12s
[24.058s][info][gc,start       ] GC(215) Pause Young (Allocation Failure)
[24.100s][info][gc,heap        ] GC(215) PSYoungGen: 45056K(204288K)->45312K(204288K) Eden: 45056K(45056K)->0K(45056K) From: 0K(159232K)->45312K(159232K)
[24.100s][info][gc,heap        ] GC(215) ParOldGen: 3520321K(3893760K)->3520321K(3893760K)
[24.100s][info][gc,metaspace   ] GC(215) Metaspace: 6300K(6464K)->6300K(6464K) NonClass: 5767K(5824K)->5767K(5824K) Class: 533K(640K)->533K(640K)
[24.100s][info][gc             ] GC(215) Pause Young (Allocation Failure) 3481M->3482M(4002M) 42.146ms
[24.100s][info][gc,cpu         ] GC(215) User=0.06s Sys=0.00s Real=0.04s
[24.145s][info][gc,start       ] GC(216) Pause Young (Allocation Failure)
[24.208s][info][gc,heap        ] GC(216) PSYoungGen: 90368K(204288K)->90400K(201216K) Eden: 45056K(45056K)->0K(50176K) From: 45312K(159232K)->90400K(151040K)
[24.208s][info][gc,heap        ] GC(216) ParOldGen: 3520321K(3893760K)->3520321K(3893760K)
[24.208s][info][gc,metaspace   ] GC(216) Metaspace: 6300K(6464K)->6300K(6464K) NonClass: 5767K(5824K)->5767K(5824K) Class: 533K(640K)->533K(640K)
[24.208s][info][gc             ] GC(216) Pause Young (Allocation Failure) 3526M->3526M(3999M) 62.437ms
[24.208s][info][gc,cpu         ] GC(216) User=0.28s Sys=0.00s Real=0.06s
[24.263s][info][gc,start       ] GC(217) Pause Young (Allocation Failure)
[24.338s][info][gc,heap        ] GC(217) PSYoungGen: 140576K(201216K)->95488K(204288K) Eden: 50176K(50176K)->0K(50176K) From: 90400K(151040K)->95488K(154112K)
[24.338s][info][gc,heap        ] GC(217) ParOldGen: 3520321K(3893760K)->3565793K(3893760K)
[24.338s][info][gc,metaspace   ] GC(217) Metaspace: 6300K(6464K)->6300K(6464K) NonClass: 5767K(5824K)->5767K(5824K) Class: 533K(640K)->533K(640K)
[24.338s][info][gc             ] GC(217) Pause Young (Allocation Failure) 3575M->3575M(4002M) 75.705ms
[24.338s][info][gc,cpu         ] GC(217) User=0.36s Sys=0.05s Real=0.08s
[24.389s][info][gc,start       ] GC(218) Pause Young (Allocation Failure)
[24.466s][info][gc,heap        ] GC(218) PSYoungGen: 145664K(204288K)->100640K(208384K) Eden: 50176K(50176K)->0K(55808K) From: 95488K(154112K)->100640K(152576K)
[24.466s][info][gc,heap        ] GC(218) ParOldGen: 3565793K(3893760K)->3611241K(3893760K)
[24.466s][info][gc,metaspace   ] GC(218) Metaspace: 6300K(6464K)->6300K(6464K) NonClass: 5767K(5824K)->5767K(5824K) Class: 533K(640K)->533K(640K)
[24.466s][info][gc             ] GC(218) Pause Young (Allocation Failure) 3624M->3624M(4006M) 76.309ms
[24.466s][info][gc,cpu         ] GC(218) User=0.36s Sys=0.02s Real=0.08s
[24.520s][info][gc,start       ] GC(219) Pause Young (Allocation Failure)
[24.600s][info][gc,heap        ] GC(219) PSYoungGen: 156448K(208384K)->106240K(208384K) Eden: 55808K(55808K)->0K(55808K) From: 100640K(152576K)->106240K(152576K)
[24.600s][info][gc,heap        ] GC(219) ParOldGen: 3611241K(3893760K)->3661873K(3893760K)
[24.600s][info][gc,metaspace   ] GC(219) Metaspace: 6300K(6464K)->6300K(6464K) NonClass: 5767K(5824K)->5767K(5824K) Class: 533K(640K)->533K(640K)
[24.600s][info][gc             ] GC(219) Pause Young (Allocation Failure) 3679M->3679M(4006M) 80.173ms
[24.600s][info][gc,cpu         ] GC(219) User=0.41s Sys=0.02s Real=0.08s
[24.656s][info][gc,start       ] GC(220) Pause Young (Allocation Failure)
[24.736s][info][gc,heap        ] GC(220) PSYoungGen: 162048K(208384K)->111904K(213504K) Eden: 55808K(55808K)->0K(59392K) From: 106240K(152576K)->111904K(154112K)
[24.736s][info][gc,heap        ] GC(220) ParOldGen: 3661873K(3893760K)->3712489K(3893760K)
[24.736s][info][gc,metaspace   ] GC(220) Metaspace: 6300K(6464K)->6300K(6464K) NonClass: 5767K(5824K)->5767K(5824K) Class: 533K(640K)->533K(640K)
[24.736s][info][gc             ] GC(220) Pause Young (Allocation Failure) 3734M->3734M(4011M) 80.475ms
[24.736s][info][gc,cpu         ] GC(220) User=0.53s Sys=0.00s Real=0.08s
[24.800s][info][gc,start       ] GC(221) Pause Young (Allocation Failure)
[24.885s][info][gc,heap        ] GC(221) PSYoungGen: 171296K(213504K)->115488K(216576K) Eden: 59392K(59392K)->0K(59392K) From: 111904K(154112K)->115488K(157184K)
[24.885s][info][gc,heap        ] GC(221) ParOldGen: 3712489K(3893760K)->3768793K(3893760K)
[24.885s][info][gc,metaspace   ] GC(221) Metaspace: 6300K(6464K)->6300K(6464K) NonClass: 5767K(5824K)->5767K(5824K) Class: 533K(640K)->533K(640K)
[24.885s][info][gc             ] GC(221) Pause Young (Allocation Failure) 3792M->3793M(4014M) 85.089ms
[24.885s][info][gc,cpu         ] GC(221) User=0.59s Sys=0.02s Real=0.09s
[24.947s][info][gc,start       ] GC(222) Pause Young (Allocation Failure)
[25.037s][info][gc,heap        ] GC(222) PSYoungGen: 174880K(216576K)->119136K(223232K) Eden: 59392K(59392K)->0K(62976K) From: 115488K(157184K)->119136K(160256K)
[25.038s][info][gc,heap        ] GC(222) ParOldGen: 3768793K(3893760K)->3825105K(3893760K)
[25.038s][info][gc,metaspace   ] GC(222) Metaspace: 6300K(6464K)->6300K(6464K) NonClass: 5767K(5824K)->5767K(5824K) Class: 533K(640K)->533K(640K)
[25.038s][info][gc             ] GC(222) Pause Young (Allocation Failure) 3851M->3851M(4020M) 90.929ms
[25.038s][info][gc,cpu         ] GC(222) User=0.58s Sys=0.14s Real=0.09s
[25.038s][info][gc,start       ] GC(223) Pause Full (Ergonomics)
[25.038s][info][gc,phases,start] GC(223) Marking Phase
[25.921s][info][gc,phases      ] GC(223) Marking Phase 883.161ms
[25.921s][info][gc,phases,start] GC(223) Summary Phase
[25.921s][info][gc,phases      ] GC(223) Summary Phase 0.055ms
[25.921s][info][gc,phases,start] GC(223) Adjust Roots
[25.921s][info][gc,phases      ] GC(223) Adjust Roots 0.166ms
[25.921s][info][gc,phases,start] GC(223) Compaction Phase
[26.773s][info][gc,phases      ] GC(223) Compaction Phase 851.750ms
[26.773s][info][gc,phases,start] GC(223) Post Compact
[26.780s][info][gc,phases      ] GC(223) Post Compact 7.487ms
[26.782s][info][gc,heap        ] GC(223) PSYoungGen: 119136K(223232K)->47186K(223232K) Eden: 0K(62976K)->0K(62976K) From: 119136K(160256K)->47186K(160256K)
[26.782s][info][gc,heap        ] GC(223) ParOldGen: 3825105K(3893760K)->3893745K(4292096K)
[26.782s][info][gc,metaspace   ] GC(223) Metaspace: 6300K(6464K)->6300K(6464K) NonClass: 5767K(5824K)->5767K(5824K) Class: 533K(640K)->533K(640K)
[26.782s][info][gc             ] GC(223) Pause Full (Ergonomics) 3851M->3848M(4409M) 1744.630ms
[26.782s][info][gc,cpu         ] GC(223) User=12.41s Sys=0.08s Real=1.75s
[26.846s][info][gc,start       ] GC(224) Pause Young (Allocation Failure)
[27.069s][info][gc,heap        ] GC(224) PSYoungGen: 110162K(223232K)->92896K(156160K) Eden: 62976K(62976K)->0K(62976K) From: 47186K(160256K)->92896K(93184K)
[27.069s][info][gc,heap        ] GC(224) ParOldGen: 3893745K(4292096K)->3911537K(4292096K)
[27.069s][info][gc,metaspace   ] GC(224) Metaspace: 6300K(6464K)->6300K(6464K) NonClass: 5767K(5824K)->5767K(5824K) Class: 533K(640K)->533K(640K)
[27.069s][info][gc             ] GC(224) Pause Young (Allocation Failure) 3910M->3910M(4344M) 222.594ms
[27.069s][info][gc,cpu         ] GC(224) User=1.50s Sys=0.02s Real=0.22s
[27.135s][info][gc,start       ] GC(225) Pause Young (Allocation Failure)
[27.217s][info][gc,heap        ] GC(225) PSYoungGen: 155872K(156160K)->155904K(209408K) Eden: 62976K(62976K)->0K(52224K) From: 92896K(93184K)->155904K(157184K)
[27.218s][info][gc,heap        ] GC(225) ParOldGen: 3911537K(4292096K)->3911537K(4292096K)
[27.218s][info][gc,metaspace   ] GC(225) Metaspace: 6300K(6464K)->6300K(6464K) NonClass: 5767K(5824K)->5767K(5824K) Class: 533K(640K)->533K(640K)
[27.218s][info][gc             ] GC(225) Pause Young (Allocation Failure) 3972M->3972M(4396M) 82.448ms
[27.218s][info][gc,cpu         ] GC(225) User=0.59s Sys=0.05s Real=0.08s
[27.280s][info][gc,start       ] GC(226) Pause Young (Allocation Failure)
[27.381s][info][gc,heap        ] GC(226) PSYoungGen: 208128K(209408K)->174080K(226304K) Eden: 52224K(52224K)->0K(52224K) From: 155904K(157184K)->174080K(174080K)
[27.381s][info][gc,heap        ] GC(226) ParOldGen: 3911537K(4292096K)->3945841K(4292096K)
[27.381s][info][gc,metaspace   ] GC(226) Metaspace: 6300K(6464K)->6300K(6464K) NonClass: 5767K(5824K)->5767K(5824K) Class: 533K(640K)->533K(640K)
[27.381s][info][gc             ] GC(226) Pause Young (Allocation Failure) 4023M->4023M(4412M) 101.472ms
[27.381s][info][gc,cpu         ] GC(226) User=0.66s Sys=0.00s Real=0.10s
[27.435s][info][gc,start       ] GC(227) Pause Young (Allocation Failure)
[27.556s][info][gc,heap        ] GC(227) PSYoungGen: 226304K(226304K)->147904K(260608K) Eden: 52224K(52224K)->0K(53760K) From: 174080K(174080K)->147904K(206848K)
[27.556s][info][gc,heap        ] GC(227) ParOldGen: 3945841K(4292096K)->4025001K(4292096K)
[27.556s][info][gc,metaspace   ] GC(227) Metaspace: 6300K(6464K)->6300K(6464K) NonClass: 5767K(5824K)->5767K(5824K) Class: 533K(640K)->533K(640K)
[27.556s][info][gc             ] GC(227) Pause Young (Allocation Failure) 4074M->4075M(4446M) 121.661ms
[27.556s][info][gc,cpu         ] GC(227) User=0.84s Sys=0.03s Real=0.12s
[27.609s][info][gc,start       ] GC(228) Pause Young (Allocation Failure)
[27.713s][info][gc,heap        ] GC(228) PSYoungGen: 201664K(260608K)->153120K(264704K) Eden: 53760K(53760K)->0K(53760K) From: 147904K(206848K)->153120K(210944K)
[27.713s][info][gc,heap        ] GC(228) ParOldGen: 4025001K(4292096K)->4074017K(4292096K)
[27.713s][info][gc,metaspace   ] GC(228) Metaspace: 6300K(6464K)->6300K(6464K) NonClass: 5767K(5824K)->5767K(5824K) Class: 533K(640K)->533K(640K)
[27.713s][info][gc             ] GC(228) Pause Young (Allocation Failure) 4127M->4128M(4450M) 104.674ms
[27.713s][info][gc,cpu         ] GC(228) User=0.75s Sys=0.00s Real=0.11s
[27.774s][info][gc,start       ] GC(229) Pause Young (Allocation Failure)
[27.876s][info][gc,heap        ] GC(229) PSYoungGen: 206880K(264704K)->160160K(270336K) Eden: 53760K(53760K)->0K(54784K) From: 153120K(210944K)->160160K(215552K)
[27.876s][info][gc,heap        ] GC(229) ParOldGen: 4074017K(4292096K)->4121209K(4292096K)
[27.876s][info][gc,metaspace   ] GC(229) Metaspace: 6300K(6464K)->6300K(6464K) NonClass: 5767K(5824K)->5767K(5824K) Class: 533K(640K)->533K(640K)
[27.876s][info][gc             ] GC(229) Pause Young (Allocation Failure) 4180M->4181M(4455M) 102.575ms
[27.876s][info][gc,cpu         ] GC(229) User=0.66s Sys=0.11s Real=0.10s
[27.943s][info][gc,start       ] GC(230) Pause Young (Allocation Failure)
[28.056s][info][gc,heap        ] GC(230) PSYoungGen: 214944K(270336K)->162688K(275968K) Eden: 54784K(54784K)->0K(54784K) From: 160160K(215552K)->162688K(221184K)
[28.056s][info][gc,heap        ] GC(230) ParOldGen: 4121209K(4292096K)->4173897K(4292096K)
[28.056s][info][gc,metaspace   ] GC(230) Metaspace: 6300K(6464K)->6300K(6464K) NonClass: 5767K(5824K)->5767K(5824K) Class: 533K(640K)->533K(640K)
[28.056s][info][gc             ] GC(230) Pause Young (Allocation Failure) 4234M->4234M(4461M) 113.469ms
[28.057s][info][gc,cpu         ] GC(230) User=0.67s Sys=0.05s Real=0.11s
[28.119s][info][gc,start       ] GC(231) Pause Young (Allocation Failure)
[28.228s][info][gc,heap        ] GC(231) PSYoungGen: 217472K(275968K)->163680K(284672K) Eden: 54784K(54784K)->0K(58368K) From: 162688K(221184K)->163680K(226304K)
[28.228s][info][gc,heap        ] GC(231) ParOldGen: 4173897K(4292096K)->4228145K(4292096K)
[28.228s][info][gc,metaspace   ] GC(231) Metaspace: 6300K(6464K)->6300K(6464K) NonClass: 5767K(5824K)->5767K(5824K) Class: 533K(640K)->533K(640K)
[28.228s][info][gc             ] GC(231) Pause Young (Allocation Failure) 4288M->4288M(4469M) 108.772ms
[28.228s][info][gc,cpu         ] GC(231) User=0.84s Sys=0.03s Real=0.11s
[28.228s][info][gc,start       ] GC(232) Pause Full (Ergonomics)
[28.228s][info][gc,phases,start] GC(232) Marking Phase
[29.216s][info][gc,phases      ] GC(232) Marking Phase 987.745ms
[29.216s][info][gc,phases,start] GC(232) Summary Phase
[29.216s][info][gc,phases      ] GC(232) Summary Phase 0.058ms
[29.216s][info][gc,phases,start] GC(232) Adjust Roots
[29.216s][info][gc,phases      ] GC(232) Adjust Roots 0.155ms
[29.216s][info][gc,phases,start] GC(232) Compaction Phase
[29.579s][info][gc,phases      ] GC(232) Compaction Phase 362.785ms
[29.579s][info][gc,phases,start] GC(232) Post Compact
[29.587s][info][gc,phases      ] GC(232) Post Compact 7.287ms
[29.588s][info][gc,heap        ] GC(232) PSYoungGen: 163680K(284672K)->96269K(284672K) Eden: 0K(58368K)->0K(58368K) From: 163680K(226304K)->96269K(226304K)
[29.588s][info][gc,heap        ] GC(232) ParOldGen: 4228145K(4292096K)->4291890K(4718080K)
[29.588s][info][gc,metaspace   ] GC(232) Metaspace: 6300K(6464K)->6300K(6464K) NonClass: 5767K(5824K)->5767K(5824K) Class: 533K(640K)->533K(640K)
[29.588s][info][gc             ] GC(232) Pause Full (Ergonomics) 4288M->4285M(4885M) 1359.846ms
[29.588s][info][gc,cpu         ] GC(232) User=10.17s Sys=0.03s Real=1.36s
[29.648s][info][gc,start       ] GC(233) Pause Young (Allocation Failure)
[29.934s][info][gc,heap        ] GC(233) PSYoungGen: 154637K(284672K)->120864K(179712K) Eden: 58368K(58368K)->0K(58368K) From: 96269K(226304K)->120864K(121344K)
[29.934s][info][gc,heap        ] GC(233) ParOldGen: 4291890K(4718080K)->4326386K(4718080K)
[29.934s][info][gc,metaspace   ] GC(233) Metaspace: 6300K(6464K)->6300K(6464K) NonClass: 5767K(5824K)->5767K(5824K) Class: 533K(640K)->533K(640K)
[29.934s][info][gc             ] GC(233) Pause Young (Allocation Failure) 4342M->4343M(4783M) 285.457ms
[29.934s][info][gc,cpu         ] GC(233) User=2.00s Sys=0.03s Real=0.29s
[29.993s][info][gc,start       ] GC(234) Pause Young (Allocation Failure)
[30.099s][info][gc,heap        ] GC(234) PSYoungGen: 179232K(179712K)->149856K(284160K) Eden: 58368K(58368K)->0K(65024K) From: 120864K(121344K)->149856K(219136K)
[30.099s][info][gc,heap        ] GC(234) ParOldGen: 4326386K(4718080K)->4356066K(4718080K)
[30.099s][info][gc,metaspace   ] GC(234) Metaspace: 6300K(6464K)->6300K(6464K) NonClass: 5767K(5824K)->5767K(5824K) Class: 533K(640K)->533K(640K)
[30.099s][info][gc             ] GC(234) Pause Young (Allocation Failure) 4400M->4400M(4885M) 106.153ms
[30.099s][info][gc,cpu         ] GC(234) User=0.83s Sys=0.02s Real=0.11s
[30.180s][info][gc,start       ] GC(235) Pause Young (Allocation Failure)
[30.297s][info][gc,heap        ] GC(235) PSYoungGen: 214880K(284160K)->182208K(285184K) Eden: 65024K(65024K)->0K(65024K) From: 149856K(219136K)->182208K(220160K)
[30.297s][info][gc,heap        ] GC(235) ParOldGen: 4356066K(4718080K)->4389138K(4718080K)
[30.297s][info][gc,metaspace   ] GC(235) Metaspace: 6300K(6464K)->6300K(6464K) NonClass: 5767K(5824K)->5767K(5824K) Class: 533K(640K)->533K(640K)
[30.297s][info][gc             ] GC(235) Pause Young (Allocation Failure) 4463M->4464M(4886M) 116.293ms
[30.297s][info][gc,cpu         ] GC(235) User=0.91s Sys=0.00s Real=0.12s
[30.371s][info][gc,start       ] GC(236) Pause Young (Allocation Failure)
[30.507s][info][gc,heap        ] GC(236) PSYoungGen: 247232K(285184K)->188896K(292352K) Eden: 65024K(65024K)->0K(62464K) From: 182208K(220160K)->188896K(229888K)
[30.508s][info][gc,heap        ] GC(236) ParOldGen: 4389138K(4718080K)->4448026K(4718080K)
[30.508s][info][gc,metaspace   ] GC(236) Metaspace: 6300K(6464K)->6300K(6464K) NonClass: 5767K(5824K)->5767K(5824K) Class: 533K(640K)->533K(640K)
[30.508s][info][gc             ] GC(236) Pause Young (Allocation Failure) 4527M->4528M(4893M) 136.695ms
[30.508s][info][gc,cpu         ] GC(236) User=0.88s Sys=0.03s Real=0.13s
[30.573s][info][gc,start       ] GC(237) Pause Young (Allocation Failure)
[30.712s][info][gc,heap        ] GC(237) PSYoungGen: 251360K(292352K)->192960K(302592K) Eden: 62464K(62464K)->0K(62464K) From: 188896K(229888K)->192960K(240128K)
[30.712s][info][gc,heap        ] GC(237) ParOldGen: 4448026K(4718080K)->4506930K(4718080K)
[30.712s][info][gc,metaspace   ] GC(237) Metaspace: 6300K(6464K)->6300K(6464K) NonClass: 5767K(5824K)->5767K(5824K) Class: 533K(640K)->533K(640K)
[30.712s][info][gc             ] GC(237) Pause Young (Allocation Failure) 4589M->4589M(4903M) 139.091ms
[30.712s][info][gc,cpu         ] GC(237) User=0.97s Sys=0.03s Real=0.14s
[30.783s][info][gc,start       ] GC(238) Pause Young (Allocation Failure)
[30.927s][info][gc,heap        ] GC(238) PSYoungGen: 255424K(302592K)->125248K(307200K) Eden: 62464K(62464K)->0K(70656K) From: 192960K(240128K)->125248K(236544K)
[30.927s][info][gc,heap        ] GC(238) ParOldGen: 4506930K(4718080K)->4638130K(4718080K)
[30.927s][info][gc,metaspace   ] GC(238) Metaspace: 6300K(6464K)->6300K(6464K) NonClass: 5767K(5824K)->5767K(5824K) Class: 533K(640K)->533K(640K)
[30.927s][info][gc             ] GC(238) Pause Young (Allocation Failure) 4650M->4651M(4907M) 144.614ms
[30.927s][info][gc,cpu         ] GC(238) User=0.89s Sys=0.11s Real=0.14s
[30.927s][info][gc,start       ] GC(239) Pause Full (Ergonomics)
[30.927s][info][gc,phases,start] GC(239) Marking Phase
[31.987s][info][gc,phases      ] GC(239) Marking Phase 1059.809ms
[31.987s][info][gc,phases,start] GC(239) Summary Phase
[31.987s][info][gc,phases      ] GC(239) Summary Phase 0.061ms
[31.987s][info][gc,phases,start] GC(239) Adjust Roots
[31.987s][info][gc,phases      ] GC(239) Adjust Roots 0.168ms
[31.987s][info][gc,phases,start] GC(239) Compaction Phase
[32.368s][info][gc,phases      ] GC(239) Compaction Phase 380.698ms
[32.368s][info][gc,phases,start] GC(239) Post Compact
[32.376s][info][gc,phases      ] GC(239) Post Compact 7.489ms
[32.377s][info][gc,heap        ] GC(239) PSYoungGen: 125248K(307200K)->42079K(313344K) Eden: 0K(70656K)->0K(76800K) From: 125248K(236544K)->42079K(236544K)
[32.377s][info][gc,heap        ] GC(239) ParOldGen: 4638130K(4718080K)->4717593K(5203968K)
[32.377s][info][gc,metaspace   ] GC(239) Metaspace: 6300K(6464K)->6300K(6464K) NonClass: 5767K(5824K)->5767K(5824K) Class: 533K(640K)->533K(640K)
[32.377s][info][gc             ] GC(239) Pause Full (Ergonomics) 4651M->4648M(5388M) 1450.256ms
[32.377s][info][gc,cpu         ] GC(239) User=11.02s Sys=0.03s Real=1.45s
[32.465s][info][gc,start       ] GC(240) Pause Young (Allocation Failure)
[32.739s][info][gc,heap        ] GC(240) PSYoungGen: 118879K(313344K)->77056K(319488K) Eden: 76800K(76800K)->0K(76800K) From: 42079K(236544K)->77056K(242688K)
[32.739s][info][gc,heap        ] GC(240) ParOldGen: 4717593K(5203968K)->4760113K(5203968K)
[32.739s][info][gc,metaspace   ] GC(240) Metaspace: 6300K(6464K)->6300K(6464K) NonClass: 5767K(5824K)->5767K(5824K) Class: 533K(640K)->533K(640K)
[32.739s][info][gc             ] GC(240) Pause Young (Allocation Failure) 4723M->4723M(5394M) 273.462ms
[32.739s][info][gc,cpu         ] GC(240) User=1.75s Sys=0.02s Real=0.27s
[32.815s][info][gc,start       ] GC(241) Pause Young (Allocation Failure)
[32.905s][info][gc,heap        ] GC(241) PSYoungGen: 153856K(319488K)->77088K(329216K) Eden: 76800K(76800K)->0K(84992K) From: 77056K(242688K)->77088K(244224K)
[32.905s][info][gc,heap        ] GC(241) ParOldGen: 4760113K(5203968K)->4837601K(5203968K)
[32.905s][info][gc,metaspace   ] GC(241) Metaspace: 6300K(6464K)->6300K(6464K) NonClass: 5767K(5824K)->5767K(5824K) Class: 533K(640K)->533K(640K)
[32.905s][info][gc             ] GC(241) Pause Young (Allocation Failure) 4798M->4799M(5403M) 90.476ms
[32.905s][info][gc,cpu         ] GC(241) User=0.62s Sys=0.00s Real=0.09s
[32.997s][info][gc,start       ] GC(242) Pause Young (Allocation Failure)
[33.090s][info][gc,heap        ] GC(242) PSYoungGen: 162080K(329216K)->85280K(329216K) Eden: 84992K(84992K)->0K(84992K) From: 77088K(244224K)->85280K(244224K)
[33.090s][info][gc,heap        ] GC(242) ParOldGen: 4837601K(5203968K)->4915081K(5203968K)
[33.090s][info][gc,metaspace   ] GC(242) Metaspace: 6300K(6464K)->6300K(6464K) NonClass: 5767K(5824K)->5767K(5824K) Class: 533K(640K)->533K(640K)
[33.090s][info][gc             ] GC(242) Pause Young (Allocation Failure) 4882M->4883M(5403M) 93.297ms
[33.090s][info][gc,cpu         ] GC(242) User=0.62s Sys=0.00s Real=0.09s
[33.186s][info][gc,start       ] GC(243) Pause Young (Allocation Failure)
[33.290s][info][gc,heap        ] GC(243) PSYoungGen: 170272K(329216K)->85280K(326656K) Eden: 84992K(84992K)->0K(94208K) From: 85280K(244224K)->85280K(232448K)
[33.290s][info][gc,heap        ] GC(243) ParOldGen: 4915081K(5203968K)->5000825K(5203968K)
[33.290s][info][gc,metaspace   ] GC(243) Metaspace: 6300K(6464K)->6300K(6464K) NonClass: 5767K(5824K)->5767K(5824K) Class: 533K(640K)->533K(640K)
[33.290s][info][gc             ] GC(243) Pause Young (Allocation Failure) 4966M->4966M(5401M) 103.597ms
[33.290s][info][gc,cpu         ] GC(243) User=0.59s Sys=0.06s Real=0.10s
[33.392s][info][gc,start       ] GC(244) Pause Young (Allocation Failure)
[33.497s][info][gc,heap        ] GC(244) PSYoungGen: 179488K(326656K)->94528K(330752K) Eden: 94208K(94208K)->0K(94208K) From: 85280K(232448K)->94528K(236544K)
[33.497s][info][gc,heap        ] GC(244) ParOldGen: 5000825K(5203968K)->5086569K(5203968K)
[33.497s][info][gc,metaspace   ] GC(244) Metaspace: 6300K(6464K)->6300K(6464K) NonClass: 5767K(5824K)->5767K(5824K) Class: 533K(640K)->533K(640K)
[33.497s][info][gc             ] GC(244) Pause Young (Allocation Failure) 5058M->5059M(5405M) 104.571ms
[33.497s][info][gc,cpu         ] GC(244) User=0.64s Sys=0.02s Real=0.10s
[33.497s][info][gc,start       ] GC(245) Pause Full (Ergonomics)
[33.497s][info][gc,phases,start] GC(245) Marking Phase
[34.664s][info][gc,phases      ] GC(245) Marking Phase 1167.014ms
[34.664s][info][gc,phases,start] GC(245) Summary Phase
[34.664s][info][gc,phases      ] GC(245) Summary Phase 0.088ms
[34.664s][info][gc,phases,start] GC(245) Adjust Roots
[34.664s][info][gc,phases      ] GC(245) Adjust Roots 0.160ms
[34.664s][info][gc,phases,start] GC(245) Compaction Phase
[35.073s][info][gc,phases      ] GC(245) Compaction Phase 408.712ms
[35.073s][info][gc,phases,start] GC(245) Post Compact
[35.081s][info][gc,phases      ] GC(245) Post Compact 7.694ms
[35.082s][info][gc,heap        ] GC(245) PSYoungGen: 94528K(330752K)->0K(333824K) Eden: 0K(94208K)->0K(103936K) From: 94528K(236544K)->0K(229888K)
[35.082s][info][gc,heap        ] GC(245) ParOldGen: 5086569K(5203968K)->5177306K(5714432K)
[35.082s][info][gc,metaspace   ] GC(245) Metaspace: 6300K(6464K)->6300K(6464K) NonClass: 5767K(5824K)->5767K(5824K) Class: 533K(640K)->533K(640K)
[35.082s][info][gc             ] GC(245) Pause Full (Ergonomics) 5059M->5055M(5906M) 1585.529ms
[35.082s][info][gc,cpu         ] GC(245) User=11.95s Sys=0.08s Real=1.59s
[35.203s][info][gc,start       ] GC(246) Pause Young (Allocation Failure)
[35.273s][info][gc,heap        ] GC(246) PSYoungGen: 103936K(333824K)->104256K(333824K) Eden: 103936K(103936K)->0K(103936K) From: 0K(229888K)->104256K(229888K)
[35.273s][info][gc,heap        ] GC(246) ParOldGen: 5177306K(5714432K)->5177306K(5714432K)
[35.273s][info][gc,metaspace   ] GC(246) Metaspace: 6300K(6464K)->6300K(6464K) NonClass: 5767K(5824K)->5767K(5824K) Class: 533K(640K)->533K(640K)
[35.273s][info][gc             ] GC(246) Pause Young (Allocation Failure) 5157M->5157M(5906M) 69.811ms
[35.273s][info][gc,cpu         ] GC(246) User=0.38s Sys=0.00s Real=0.07s
[35.390s][info][gc,start       ] GC(247) Pause Young (Allocation Failure)
[35.504s][info][gc,heap        ] GC(247) PSYoungGen: 208192K(333824K)->208416K(311808K) Eden: 103936K(103936K)->0K(90112K) From: 104256K(229888K)->208416K(221696K)
[35.504s][info][gc,heap        ] GC(247) ParOldGen: 5177306K(5714432K)->5177306K(5714432K)
[35.504s][info][gc,metaspace   ] GC(247) Metaspace: 6300K(6464K)->6300K(6464K) NonClass: 5767K(5824K)->5767K(5824K) Class: 533K(640K)->533K(640K)
[35.504s][info][gc             ] GC(247) Pause Young (Allocation Failure) 5259M->5259M(5885M) 113.950ms
[35.504s][info][gc,cpu         ] GC(247) User=0.72s Sys=0.03s Real=0.11s
[35.608s][info][gc,start       ] GC(248) Pause Young (Allocation Failure)
[35.770s][info][gc,heap        ] GC(248) PSYoungGen: 298528K(311808K)->244736K(334848K) Eden: 90112K(90112K)->0K(90112K) From: 208416K(221696K)->244736K(244736K)
[35.770s][info][gc,heap        ] GC(248) ParOldGen: 5177306K(5714432K)->5231522K(5714432K)
[35.770s][info][gc,metaspace   ] GC(248) Metaspace: 6300K(6464K)->6300K(6464K) NonClass: 5767K(5824K)->5767K(5824K) Class: 533K(640K)->533K(640K)
[35.770s][info][gc             ] GC(248) Pause Young (Allocation Failure) 5347M->5347M(5907M) 161.967ms
[35.770s][info][gc,cpu         ] GC(248) User=1.06s Sys=0.08s Real=0.16s
[35.879s][info][gc,start       ] GC(249) Pause Young (Allocation Failure)
[36.073s][info][gc,heap        ] GC(249) PSYoungGen: 334848K(334848K)->166208K(382976K) Eden: 90112K(90112K)->0K(99840K) From: 244736K(244736K)->166208K(283136K)
[36.073s][info][gc,heap        ] GC(249) ParOldGen: 5231522K(5714432K)->5401658K(5714432K)
[36.073s][info][gc,metaspace   ] GC(249) Metaspace: 6300K(6464K)->6300K(6464K) NonClass: 5767K(5824K)->5767K(5824K) Class: 533K(640K)->533K(640K)
[36.073s][info][gc             ] GC(249) Pause Young (Allocation Failure) 5435M->5437M(5954M) 193.573ms
[36.073s][info][gc,cpu         ] GC(249) User=1.23s Sys=0.12s Real=0.19s
[36.185s][info][gc,start       ] GC(250) Pause Young (Allocation Failure)
[36.342s][info][gc,heap        ] GC(250) PSYoungGen: 266048K(382976K)->190432K(389120K) Eden: 99840K(99840K)->0K(99840K) From: 166208K(283136K)->190432K(289280K)
[36.342s][info][gc,heap        ] GC(250) ParOldGen: 5401658K(5714432K)->5478034K(5714432K)
[36.342s][info][gc,metaspace   ] GC(250) Metaspace: 6300K(6464K)->6300K(6464K) NonClass: 5767K(5824K)->5767K(5824K) Class: 533K(640K)->533K(640K)
[36.342s][info][gc             ] GC(250) Pause Young (Allocation Failure) 5534M->5535M(5960M) 157.368ms
[36.342s][info][gc,cpu         ] GC(250) User=1.08s Sys=0.05s Real=0.16s
[37.512s][info][gc,start       ] GC(251) Pause Young (Allocation Failure)
[37.770s][info][gc,heap        ] GC(251) PSYoungGen: 290272K(389120K)->200160K(397824K) Eden: 99840K(99840K)->0K(106496K) From: 190432K(289280K)->200160K(291328K)
[37.770s][info][gc,heap        ] GC(251) ParOldGen: 5740178K(5977088K)->5831106K(5977088K)
[37.771s][info][gc,metaspace   ] GC(251) Metaspace: 6300K(6464K)->6300K(6464K) NonClass: 5767K(5824K)->5767K(5824K) Class: 533K(640K)->533K(640K)
[37.771s][info][gc             ] GC(251) Pause Young (Allocation Failure) 5889M->5889M(6225M) 258.140ms
[37.771s][info][gc,cpu         ] GC(251) User=1.78s Sys=0.09s Real=0.26s
[37.880s][info][gc,start       ] GC(252) Pause Young (Allocation Failure)
[38.035s][info][gc,heap        ] GC(252) PSYoungGen: 306656K(397824K)->295424K(401920K) Eden: 106496K(106496K)->0K(106496K) From: 200160K(291328K)->295424K(295424K)
[38.035s][info][gc,heap        ] GC(252) ParOldGen: 5831106K(5977088K)->5842554K(5977088K)
[38.035s][info][gc,metaspace   ] GC(252) Metaspace: 6300K(6464K)->6300K(6464K) NonClass: 5767K(5824K)->5767K(5824K) Class: 533K(640K)->533K(640K)
[38.035s][info][gc             ] GC(252) Pause Young (Allocation Failure) 5993M->5994M(6229M) 155.034ms
[38.035s][info][gc,cpu         ] GC(252) User=0.77s Sys=0.00s Real=0.15s
[38.035s][info][gc,start       ] GC(253) Pause Full (Ergonomics)
[38.035s][info][gc,phases,start] GC(253) Marking Phase
[39.365s][info][gc,phases      ] GC(253) Marking Phase 1329.208ms
[39.365s][info][gc,phases,start] GC(253) Summary Phase
[39.365s][info][gc,phases      ] GC(253) Summary Phase 0.070ms
[39.365s][info][gc,phases,start] GC(253) Adjust Roots
[39.365s][info][gc,phases      ] GC(253) Adjust Roots 0.171ms
[39.365s][info][gc,phases,start] GC(253) Compaction Phase
[40.306s][info][gc,phases      ] GC(253) Compaction Phase 941.290ms
[40.306s][info][gc,phases,start] GC(253) Post Compact
[40.317s][info][gc,phases      ] GC(253) Post Compact 10.486ms
[40.319s][info][gc,heap        ] GC(253) PSYoungGen: 295424K(401920K)->25537K(401920K) Eden: 0K(106496K)->0K(106496K) From: 295424K(295424K)->25537K(295424K)
[40.319s][info][gc,heap        ] GC(253) ParOldGen: 5842554K(5977088K)->5976898K(6579712K)
[40.319s][info][gc,metaspace   ] GC(253) Metaspace: 6300K(6464K)->6300K(6464K) NonClass: 5767K(5824K)->5767K(5824K) Class: 533K(640K)->533K(640K)
[40.319s][info][gc             ] GC(253) Pause Full (Ergonomics) 5994M->5861M(6818M) 2283.580ms
[40.319s][info][gc,cpu         ] GC(253) User=15.73s Sys=0.16s Real=2.28s
[40.434s][info][gc,start       ] GC(254) Pause Young (Allocation Failure)
[40.746s][info][gc,heap        ] GC(254) PSYoungGen: 132033K(401920K)->107872K(439296K) Eden: 106496K(106496K)->0K(115712K) From: 25537K(295424K)->107872K(323584K)
[40.746s][info][gc,heap        ] GC(254) ParOldGen: 5976898K(6579712K)->6001650K(6579712K)
[40.746s][info][gc,metaspace   ] GC(254) Metaspace: 6300K(6464K)->6300K(6464K) NonClass: 5767K(5824K)->5767K(5824K) Class: 533K(640K)->533K(640K)
[40.746s][info][gc             ] GC(254) Pause Young (Allocation Failure) 5965M->5966M(6854M) 312.233ms
[40.746s][info][gc,cpu         ] GC(254) User=2.00s Sys=0.05s Real=0.31s
[40.863s][info][gc,start       ] GC(255) Pause Young (Allocation Failure)
[40.997s][info][gc,heap        ] GC(255) PSYoungGen: 223584K(439296K)->223776K(446976K) Eden: 115712K(115712K)->0K(115712K) From: 107872K(323584K)->223776K(331264K)
[40.997s][info][gc,heap        ] GC(255) ParOldGen: 6001650K(6579712K)->6001650K(6579712K)
[40.997s][info][gc,metaspace   ] GC(255) Metaspace: 6300K(6464K)->6300K(6464K) NonClass: 5767K(5824K)->5767K(5824K) Class: 533K(640K)->533K(640K)
[40.997s][info][gc             ] GC(255) Pause Young (Allocation Failure) 6079M->6079M(6862M) 134.855ms
[40.997s][info][gc,cpu         ] GC(255) User=0.48s Sys=0.00s Real=0.13s
[41.119s][info][gc,start       ] GC(256) Pause Young (Allocation Failure)
[41.285s][info][gc,heap        ] GC(256) PSYoungGen: 339488K(446976K)->336384K(416768K) Eden: 115712K(115712K)->0K(80384K) From: 223776K(331264K)->336384K(336384K)
[41.285s][info][gc,heap        ] GC(256) ParOldGen: 6001650K(6579712K)->6004938K(6579712K)
[41.285s][info][gc,metaspace   ] GC(256) Metaspace: 6300K(6464K)->6300K(6464K) NonClass: 5767K(5824K)->5767K(5824K) Class: 533K(640K)->533K(640K)
[41.285s][info][gc             ] GC(256) Pause Young (Allocation Failure) 6192M->6192M(6832M) 165.960ms
[41.285s][info][gc,cpu         ] GC(256) User=1.23s Sys=0.14s Real=0.17s
[41.367s][info][gc,start       ] GC(257) Pause Young (Allocation Failure)
[41.559s][info][gc,heap        ] GC(257) PSYoungGen: 416768K(416768K)->310080K(462848K) Eden: 80384K(80384K)->0K(80384K) From: 336384K(336384K)->310080K(382464K)
[41.559s][info][gc,heap        ] GC(257) ParOldGen: 6004938K(6579712K)->6112746K(6579712K)
[41.559s][info][gc,metaspace   ] GC(257) Metaspace: 6300K(6464K)->6300K(6464K) NonClass: 5767K(5824K)->5767K(5824K) Class: 533K(640K)->533K(640K)
[41.559s][info][gc             ] GC(257) Pause Young (Allocation Failure) 6271M->6272M(6877M) 192.137ms
[41.559s][info][gc,cpu         ] GC(257) User=1.41s Sys=0.09s Real=0.19s
[41.645s][info][gc,start       ] GC(258) Pause Young (Allocation Failure)
[41.828s][info][gc,heap        ] GC(258) PSYoungGen: 390464K(462848K)->276000K(490496K) Eden: 80384K(80384K)->0K(81920K) From: 310080K(382464K)->276000K(408576K)
[41.828s][info][gc,heap        ] GC(258) ParOldGen: 6112746K(6579712K)->6228186K(6579712K)
[41.828s][info][gc,metaspace   ] GC(258) Metaspace: 6300K(6464K)->6300K(6464K) NonClass: 5767K(5824K)->5767K(5824K) Class: 533K(640K)->533K(640K)
[41.828s][info][gc             ] GC(258) Pause Young (Allocation Failure) 6350M->6351M(6904M) 182.967ms
[41.828s][info][gc,cpu         ] GC(258) User=1.34s Sys=0.03s Real=0.18s
[41.915s][info][gc,start       ] GC(259) Pause Young (Allocation Failure)
[42.089s][info][gc,heap        ] GC(259) PSYoungGen: 357920K(490496K)->243200K(497664K) Eden: 81920K(81920K)->0K(81920K) From: 276000K(408576K)->243200K(415744K)
[42.089s][info][gc,heap        ] GC(259) ParOldGen: 6228186K(6579712K)->6343802K(6579712K)
[42.089s][info][gc,metaspace   ] GC(259) Metaspace: 6300K(6464K)->6300K(6464K) NonClass: 5767K(5824K)->5767K(5824K) Class: 533K(640K)->533K(640K)
[42.089s][info][gc             ] GC(259) Pause Young (Allocation Failure) 6431M->6432M(6911M) 173.640ms
[42.089s][info][gc,cpu         ] GC(259) User=1.23s Sys=0.08s Real=0.17s
[42.174s][info][gc,start       ] GC(260) Pause Young (Allocation Failure)
[42.336s][info][gc,heap        ] GC(260) PSYoungGen: 325120K(497664K)->164256K(477184K) Eden: 81920K(81920K)->0K(92160K) From: 243200K(415744K)->164256K(385024K)
[42.336s][info][gc,heap        ] GC(260) ParOldGen: 6343802K(6579712K)->6506018K(6579712K)
[42.336s][info][gc,metaspace   ] GC(260) Metaspace: 6300K(6464K)->6300K(6464K) NonClass: 5767K(5824K)->5767K(5824K) Class: 533K(640K)->533K(640K)
[42.336s][info][gc             ] GC(260) Pause Young (Allocation Failure) 6512M->6513M(6891M) 162.265ms
[42.336s][info][gc,cpu         ] GC(260) User=0.70s Sys=0.12s Real=0.16s
[42.336s][info][gc,start       ] GC(261) Pause Full (Ergonomics)
[42.336s][info][gc,phases,start] GC(261) Marking Phase
[43.783s][info][gc,phases      ] GC(261) Marking Phase 1446.765ms
[43.783s][info][gc,phases,start] GC(261) Summary Phase
[43.783s][info][gc,phases      ] GC(261) Summary Phase 0.074ms
[43.783s][info][gc,phases,start] GC(261) Adjust Roots
[43.784s][info][gc,phases      ] GC(261) Adjust Roots 0.161ms
[43.784s][info][gc,phases,start] GC(261) Compaction Phase
[44.419s][info][gc,phases      ] GC(261) Compaction Phase 635.444ms
[44.419s][info][gc,phases,start] GC(261) Post Compact
[44.429s][info][gc,phases      ] GC(261) Post Compact 9.988ms
[44.431s][info][gc,heap        ] GC(261) PSYoungGen: 164256K(477184K)->85071K(488448K) Eden: 0K(92160K)->0K(103424K) From: 164256K(385024K)->85071K(385024K)
[44.431s][info][gc,heap        ] GC(261) ParOldGen: 6506018K(6579712K)->6579673K(7283200K)
[44.431s][info][gc,metaspace   ] GC(261) Metaspace: 6300K(6464K)->6300K(6464K) NonClass: 5767K(5824K)->5767K(5824K) Class: 533K(640K)->533K(640K)
[44.431s][info][gc             ] GC(261) Pause Full (Ergonomics) 6513M->6508M(7589M) 2094.964ms
[44.431s][info][gc,cpu         ] GC(261) User=15.23s Sys=0.06s Real=2.10s
[44.549s][info][gc,start       ] GC(262) Pause Young (Allocation Failure)
[44.897s][info][gc,heap        ] GC(262) PSYoungGen: 188495K(488448K)->103776K(499712K) Eden: 103424K(103424K)->0K(103424K) From: 85071K(385024K)->103776K(396288K)
[44.897s][info][gc,heap        ] GC(262) ParOldGen: 6579673K(7283200K)->6665569K(7283200K)
[44.897s][info][gc,metaspace   ] GC(262) Metaspace: 6300K(6464K)->6300K(6464K) NonClass: 5767K(5824K)->5767K(5824K) Class: 533K(640K)->533K(640K)
[44.897s][info][gc             ] GC(262) Pause Young (Allocation Failure) 6609M->6610M(7600M) 347.953ms
[44.897s][info][gc,cpu         ] GC(262) User=2.58s Sys=0.05s Real=0.35s
[45.003s][info][gc,start       ] GC(263) Pause Young (Allocation Failure)
[45.145s][info][gc,heap        ] GC(263) PSYoungGen: 207200K(499712K)->103744K(501248K) Eden: 103424K(103424K)->0K(114176K) From: 103776K(396288K)->103744K(387072K)
[45.145s][info][gc,heap        ] GC(263) ParOldGen: 6665569K(7283200K)->6769929K(7283200K)
[45.145s][info][gc,metaspace   ] GC(263) Metaspace: 6300K(6464K)->6300K(6464K) NonClass: 5767K(5824K)->5767K(5824K) Class: 533K(640K)->533K(640K)
[45.145s][info][gc             ] GC(263) Pause Young (Allocation Failure) 6711M->6712M(7602M) 141.413ms
[45.145s][info][gc,cpu         ] GC(263) User=0.59s Sys=0.03s Real=0.14s
[45.273s][info][gc,start       ] GC(264) Pause Young (Allocation Failure)
[45.409s][info][gc,heap        ] GC(264) PSYoungGen: 217920K(501248K)->114528K(504832K) Eden: 114176K(114176K)->0K(114176K) From: 103744K(387072K)->114528K(390656K)
[45.409s][info][gc,heap        ] GC(264) ParOldGen: 6769929K(7283200K)->6874281K(7283200K)
[45.409s][info][gc,metaspace   ] GC(264) Metaspace: 6300K(6464K)->6300K(6464K) NonClass: 5767K(5824K)->5767K(5824K) Class: 533K(640K)->533K(640K)
[45.409s][info][gc             ] GC(264) Pause Young (Allocation Failure) 6824M->6825M(7605M) 136.299ms
[45.410s][info][gc,cpu         ] GC(264) User=0.48s Sys=0.02s Real=0.14s
[45.517s][info][gc,start       ] GC(265) Pause Young (Allocation Failure)
[45.657s][info][gc,heap        ] GC(265) PSYoungGen: 228704K(504832K)->114528K(491008K) Eden: 114176K(114176K)->0K(126464K) From: 114528K(390656K)->114528K(364544K)
[45.657s][info][gc,heap        ] GC(265) ParOldGen: 6874281K(7283200K)->6989489K(7283200K)
[45.657s][info][gc,metaspace   ] GC(265) Metaspace: 6300K(6464K)->6300K(6464K) NonClass: 5767K(5824K)->5767K(5824K) Class: 533K(640K)->533K(640K)
[45.657s][info][gc             ] GC(265) Pause Young (Allocation Failure) 6936M->6937M(7592M) 139.333ms
[45.657s][info][gc,cpu         ] GC(265) User=0.58s Sys=0.03s Real=0.14s
[45.789s][info][gc,start       ] GC(266) Pause Young (Allocation Failure)
[45.928s][info][gc,heap        ] GC(266) PSYoungGen: 240992K(491008K)->126784K(499712K) Eden: 126464K(126464K)->0K(126464K) From: 114528K(364544K)->126784K(373248K)
[45.928s][info][gc,heap        ] GC(266) ParOldGen: 6989489K(7283200K)->7104697K(7283200K)
[45.928s][info][gc,metaspace   ] GC(266) Metaspace: 6300K(6464K)->6300K(6464K) NonClass: 5767K(5824K)->5767K(5824K) Class: 533K(640K)->533K(640K)
[45.928s][info][gc             ] GC(266) Pause Young (Allocation Failure) 7061M->7061M(7600M) 139.001ms
[45.928s][info][gc,cpu         ] GC(266) User=0.56s Sys=0.06s Real=0.14s
[45.928s][info][gc,start       ] GC(267) Pause Full (Ergonomics)
[45.928s][info][gc,phases,start] GC(267) Marking Phase
[47.545s][info][gc,phases      ] GC(267) Marking Phase 1617.561ms
[47.545s][info][gc,phases,start] GC(267) Summary Phase
[47.546s][info][gc,phases      ] GC(267) Summary Phase 0.115ms
[47.546s][info][gc,phases,start] GC(267) Adjust Roots
[47.546s][info][gc,phases      ] GC(267) Adjust Roots 0.195ms
[47.546s][info][gc,phases,start] GC(267) Compaction Phase
[48.171s][info][gc,phases      ] GC(267) Compaction Phase 625.439ms
[48.171s][info][gc,phases,start] GC(267) Post Compact
[48.182s][info][gc,phases      ] GC(267) Post Compact 10.827ms
[48.184s][info][gc,heap        ] GC(267) PSYoungGen: 126784K(499712K)->0K(501248K) Eden: 0K(126464K)->0K(139776K) From: 126784K(373248K)->0K(361472K)
[48.184s][info][gc,heap        ] GC(267) ParOldGen: 7104697K(7283200K)->7226260K(7975936K)
[48.184s][info][gc,metaspace   ] GC(267) Metaspace: 6300K(6464K)->6300K(6464K) NonClass: 5767K(5824K)->5767K(5824K) Class: 533K(640K)->533K(640K)
[48.184s][info][gc             ] GC(267) Pause Full (Ergonomics) 7061M->7056M(8278M) 2256.516ms
[48.184s][info][gc,cpu         ] GC(267) User=16.44s Sys=0.11s Real=2.26s
[48.324s][info][gc,start       ] GC(268) Pause Young (Allocation Failure)
[48.429s][info][gc,heap        ] GC(268) PSYoungGen: 139776K(501248K)->140192K(280064K) Eden: 139776K(139776K)->0K(139776K) From: 0K(361472K)->140192K(140288K)
[48.429s][info][gc,heap        ] GC(268) ParOldGen: 7226260K(7975936K)->7226260K(7975936K)
[48.429s][info][gc,metaspace   ] GC(268) Metaspace: 6300K(6464K)->6300K(6464K) NonClass: 5767K(5824K)->5767K(5824K) Class: 533K(640K)->533K(640K)
[48.429s][info][gc             ] GC(268) Pause Young (Allocation Failure) 7193M->7193M(8062M) 104.799ms
[48.429s][info][gc,cpu         ] GC(268) User=0.34s Sys=0.00s Real=0.10s
[48.581s][info][gc,start       ] GC(269) Pause Young (Allocation Failure)
[48.726s][info][gc,heap        ] GC(269) PSYoungGen: 279968K(280064K)->280224K(475136K) Eden: 139776K(139776K)->0K(128000K) From: 140192K(140288K)->280224K(347136K)
[48.726s][info][gc,heap        ] GC(269) ParOldGen: 7226260K(7975936K)->7226260K(7975936K)
[48.726s][info][gc,metaspace   ] GC(269) Metaspace: 6300K(6464K)->6300K(6464K) NonClass: 5767K(5824K)->5767K(5824K) Class: 533K(640K)->533K(640K)
[48.726s][info][gc             ] GC(269) Pause Young (Allocation Failure) 7330M->7330M(8253M) 144.486ms
[48.726s][info][gc,cpu         ] GC(269) User=0.80s Sys=0.00s Real=0.14s
[48.859s][info][gc,start       ] GC(270) Pause Young (Allocation Failure)
[49.053s][info][gc,heap        ] GC(270) PSYoungGen: 408224K(475136K)->371200K(499200K) Eden: 128000K(128000K)->0K(128000K) From: 280224K(347136K)->371200K(371200K)
[49.053s][info][gc,heap        ] GC(270) ParOldGen: 7226260K(7975936K)->7263700K(7975936K)
[49.053s][info][gc,metaspace   ] GC(270) Metaspace: 6300K(6464K)->6300K(6464K) NonClass: 5767K(5824K)->5767K(5824K) Class: 533K(640K)->533K(640K)
[49.053s][info][gc             ] GC(270) Pause Young (Allocation Failure) 7455M->7455M(8276M) 194.511ms
[49.053s][info][gc,cpu         ] GC(270) User=1.33s Sys=0.02s Real=0.19s
[49.192s][info][gc,start       ] GC(271) Pause Young (Allocation Failure)
[49.466s][info][gc,heap        ] GC(271) PSYoungGen: 499200K(499200K)->242784K(564224K) Eden: 128000K(128000K)->0K(141312K) From: 371200K(371200K)->242784K(422912K)
[49.466s][info][gc,heap        ] GC(271) ParOldGen: 7263700K(7975936K)->7522236K(7975936K)
[49.466s][info][gc,metaspace   ] GC(271) Metaspace: 6300K(6464K)->6300K(6464K) NonClass: 5767K(5824K)->5767K(5824K) Class: 533K(640K)->533K(640K)
[49.466s][info][gc             ] GC(271) Pause Young (Allocation Failure) 7580M->7583M(8340M) 273.497ms
[49.466s][info][gc,cpu         ] GC(271) User=1.78s Sys=0.14s Real=0.27s
[49.621s][info][gc,start       ] GC(272) Pause Young (Allocation Failure)
[49.817s][info][gc,heap        ] GC(272) PSYoungGen: 384096K(564224K)->269952K(570880K) Eden: 141312K(141312K)->0K(141312K) From: 242784K(422912K)->269952K(429568K)
[49.817s][info][gc,heap        ] GC(272) ParOldGen: 7522236K(7975936K)->7637468K(7975936K)
[49.817s][info][gc,metaspace   ] GC(272) Metaspace: 6300K(6464K)->6300K(6464K) NonClass: 5767K(5824K)->5767K(5824K) Class: 533K(640K)->533K(640K)
[49.817s][info][gc             ] GC(272) Pause Young (Allocation Failure) 7721M->7722M(8346M) 196.588ms
[49.817s][info][gc,cpu         ] GC(272) User=1.34s Sys=0.05s Real=0.20s
[49.962s][info][gc,start       ] GC(273) Pause Young (Allocation Failure)
[50.181s][info][gc,heap        ] GC(273) PSYoungGen: 411264K(570880K)->283296K(582656K) Eden: 141312K(141312K)->0K(151552K) From: 269952K(429568K)->283296K(431104K)
[50.181s][info][gc,heap        ] GC(273) ParOldGen: 7637468K(7975936K)->7766604K(7975936K)
[50.181s][info][gc,metaspace   ] GC(273) Metaspace: 6300K(6464K)->6300K(6464K) NonClass: 5767K(5824K)->5767K(5824K) Class: 533K(640K)->533K(640K)
[50.181s][info][gc             ] GC(273) Pause Young (Allocation Failure) 7860M->7861M(8358M) 218.498ms
[50.181s][info][gc,cpu         ] GC(273) User=1.50s Sys=0.12s Real=0.22s
[50.181s][info][gc,start       ] GC(274) Pause Full (Ergonomics)
[50.181s][info][gc,phases,start] GC(274) Marking Phase
[51.998s][info][gc,phases      ] GC(274) Marking Phase 1817.147ms
[51.998s][info][gc,phases,start] GC(274) Summary Phase
[51.998s][info][gc,phases      ] GC(274) Summary Phase 0.142ms
[51.998s][info][gc,phases,start] GC(274) Adjust Roots
[51.999s][info][gc,phases      ] GC(274) Adjust Roots 0.280ms
[51.999s][info][gc,phases,start] GC(274) Compaction Phase
[52.729s][info][gc,phases      ] GC(274) Compaction Phase 729.942ms
[52.729s][info][gc,phases,start] GC(274) Post Compact
[52.742s][info][gc,phases      ] GC(274) Post Compact 12.913ms
[52.745s][info][gc,heap        ] GC(274) PSYoungGen: 283296K(582656K)->68472K(582656K) Eden: 0K(151552K)->0K(151552K) From: 283296K(431104K)->68472K(431104K)
[52.745s][info][gc,heap        ] GC(274) ParOldGen: 7766604K(7975936K)->7975787K(8822272K)
[52.745s][info][gc,metaspace   ] GC(274) Metaspace: 6300K(6464K)->6300K(6464K) NonClass: 5767K(5824K)->5767K(5824K) Class: 533K(640K)->533K(640K)
[52.745s][info][gc             ] GC(274) Pause Full (Ergonomics) 7861M->7855M(9184M) 2563.661ms
[52.745s][info][gc,cpu         ] GC(274) User=18.52s Sys=0.16s Real=2.56s
[52.904s][info][gc,start       ] GC(275) Pause Young (Allocation Failure)
[53.377s][info][gc,heap        ] GC(275) PSYoungGen: 220024K(582656K)->192768K(344576K) Eden: 151552K(151552K)->0K(151552K) From: 68472K(431104K)->192768K(193024K)
[53.377s][info][gc,heap        ] GC(275) ParOldGen: 7975787K(8822272K)->8003819K(8822272K)
[53.377s][info][gc,metaspace   ] GC(275) Metaspace: 6300K(6464K)->6300K(6464K) NonClass: 5767K(5824K)->5767K(5824K) Class: 533K(640K)->533K(640K)
[53.377s][info][gc             ] GC(275) Pause Young (Allocation Failure) 8003M->8004M(8952M) 473.010ms
[53.377s][info][gc,cpu         ] GC(275) User=3.22s Sys=0.03s Real=0.47s
[53.536s][info][gc,start       ] GC(276) Pause Young (Allocation Failure)
[53.724s][info][gc,heap        ] GC(276) PSYoungGen: 344320K(344576K)->344640K(557056K) Eden: 151552K(151552K)->0K(138240K) From: 192768K(193024K)->344640K(418816K)
[53.724s][info][gc,heap        ] GC(276) ParOldGen: 8003819K(8822272K)->8003819K(8822272K)
[53.724s][info][gc,metaspace   ] GC(276) Metaspace: 6300K(6464K)->6300K(6464K) NonClass: 5767K(5824K)->5767K(5824K) Class: 533K(640K)->533K(640K)
[53.724s][info][gc             ] GC(276) Pause Young (Allocation Failure) 8152M->8152M(9159M) 187.989ms
[53.724s][info][gc,cpu         ] GC(276) User=1.28s Sys=0.02s Real=0.19s
[53.857s][info][gc,start       ] GC(277) Pause Young (Allocation Failure)
[54.116s][info][gc,heap        ] GC(277) PSYoungGen: 482880K(557056K)->445952K(584192K) Eden: 138240K(138240K)->0K(138240K) From: 344640K(418816K)->445952K(445952K)
[54.116s][info][gc,heap        ] GC(277) ParOldGen: 8003819K(8822272K)->8041243K(8822272K)
[54.116s][info][gc,metaspace   ] GC(277) Metaspace: 6300K(6464K)->6300K(6464K) NonClass: 5767K(5824K)->5767K(5824K) Class: 533K(640K)->533K(640K)
[54.116s][info][gc             ] GC(277) Pause Young (Allocation Failure) 8287M->8288M(9186M) 259.150ms
[54.116s][info][gc,cpu         ] GC(277) User=1.78s Sys=0.05s Real=0.26s
[54.263s][info][gc,start       ] GC(278) Pause Young (Allocation Failure)
[54.593s][info][gc,heap        ] GC(278) PSYoungGen: 584192K(584192K)->412960K(638976K) Eden: 138240K(138240K)->0K(120320K) From: 445952K(445952K)->412960K(518656K)
[54.593s][info][gc,heap        ] GC(278) ParOldGen: 8041243K(8822272K)->8214075K(8822272K)
[54.593s][info][gc,metaspace   ] GC(278) Metaspace: 6300K(6464K)->6300K(6464K) NonClass: 5767K(5824K)->5767K(5824K) Class: 533K(640K)->533K(640K)
[54.593s][info][gc             ] GC(278) Pause Young (Allocation Failure) 8423M->8424M(9239M) 329.634ms
[54.593s][info][gc,cpu         ] GC(278) User=2.03s Sys=0.25s Real=0.33s
[54.719s][info][gc,start       ] GC(279) Pause Young (Allocation Failure)
[55.019s][info][gc,heap        ] GC(279) PSYoungGen: 533280K(638976K)->385792K(671232K) Eden: 120320K(120320K)->0K(120320K) From: 412960K(518656K)->385792K(550912K)
[55.019s][info][gc,heap        ] GC(279) ParOldGen: 8214075K(8822272K)->8362819K(8822272K)
[55.019s][info][gc,metaspace   ] GC(279) Metaspace: 6300K(6464K)->6300K(6464K) NonClass: 5767K(5824K)->5767K(5824K) Class: 533K(640K)->533K(640K)
[55.019s][info][gc             ] GC(279) Pause Young (Allocation Failure) 8542M->8543M(9271M) 300.077ms
[55.019s][info][gc,cpu         ] GC(279) User=2.06s Sys=0.08s Real=0.30s
[55.148s][info][gc,start       ] GC(280) Pause Young (Allocation Failure)
[55.439s][info][gc,heap        ] GC(280) PSYoungGen: 506112K(671232K)->379744K(693248K) Eden: 120320K(120320K)->0K(127488K) From: 385792K(550912K)->379744K(565760K)
[55.440s][info][gc,heap        ] GC(280) ParOldGen: 8362819K(8822272K)->8490323K(8822272K)
[55.440s][info][gc,metaspace   ] GC(280) Metaspace: 6300K(6464K)->6300K(6464K) NonClass: 5767K(5824K)->5767K(5824K) Class: 533K(640K)->533K(640K)
[55.440s][info][gc             ] GC(280) Pause Young (Allocation Failure) 8661M->8662M(9292M) 291.820ms
[55.440s][info][gc,cpu         ] GC(280) User=2.00s Sys=0.06s Real=0.29s
[55.583s][info][gc,start       ] GC(281) Pause Young (Allocation Failure)
[55.888s][info][gc,heap        ] GC(281) PSYoungGen: 507232K(693248K)->248384K(376320K) Eden: 127488K(127488K)->0K(127488K) From: 379744K(565760K)->248384K(248832K)
[55.888s][info][gc,heap        ] GC(281) ParOldGen: 8490323K(8822272K)->8751195K(8822272K)
[55.888s][info][gc,metaspace   ] GC(281) Metaspace: 6300K(6464K)->6300K(6464K) NonClass: 5767K(5824K)->5767K(5824K) Class: 533K(640K)->533K(640K)
[55.888s][info][gc             ] GC(281) Pause Young (Allocation Failure) 8786M->8788M(8983M) 305.050ms
[55.888s][info][gc,cpu         ] GC(281) User=2.16s Sys=0.11s Real=0.31s
[55.888s][info][gc,start       ] GC(282) Pause Full (Ergonomics)
[55.888s][info][gc,phases,start] GC(282) Marking Phase
[57.976s][info][gc,phases      ] GC(282) Marking Phase 2087.900ms
[57.976s][info][gc,phases,start] GC(282) Summary Phase
[57.976s][info][gc,phases      ] GC(282) Summary Phase 0.132ms
[57.976s][info][gc,phases,start] GC(282) Adjust Roots
[57.977s][info][gc,phases      ] GC(282) Adjust Roots 0.303ms
[57.977s][info][gc,phases,start] GC(282) Compaction Phase
[58.753s][info][gc,phases      ] GC(282) Compaction Phase 776.103ms
[58.753s][info][gc,phases,start] GC(282) Post Compact
[58.767s][info][gc,phases      ] GC(282) Post Compact 13.715ms
[58.768s][info][gc,heap        ] GC(282) PSYoungGen: 248384K(376320K)->169538K(376320K) Eden: 0K(127488K)->0K(127488K) From: 248384K(248832K)->169538K(248832K)
[58.768s][info][gc,heap        ] GC(282) ParOldGen: 8751195K(8822272K)->8822216K(9079808K)
[58.768s][info][gc,metaspace   ] GC(282) Metaspace: 6300K(6464K)->6300K(6464K) NonClass: 5767K(5824K)->5767K(5824K) Class: 533K(640K)->533K(640K)
[58.768s][info][gc             ] GC(282) Pause Full (Ergonomics) 8788M->8781M(9234M) 2879.463ms
[58.768s][info][gc,cpu         ] GC(282) User=21.27s Sys=0.06s Real=2.88s
[58.902s][info][gc,start       ] GC(283) Pause Full (Ergonomics)
[58.902s][info][gc,phases,start] GC(283) Marking Phase
[60.994s][info][gc,phases      ] GC(283) Marking Phase 2092.406ms
[60.994s][info][gc,phases,start] GC(283) Summary Phase
[60.994s][info][gc,phases      ] GC(283) Summary Phase 0.106ms
[60.994s][info][gc,phases,start] GC(283) Adjust Roots
[60.994s][info][gc,phases      ] GC(283) Adjust Roots 0.174ms
[60.994s][info][gc,phases,start] GC(283) Compaction Phase
[61.556s][info][gc,phases      ] GC(283) Compaction Phase 561.722ms
[61.556s][info][gc,phases,start] GC(283) Post Compact
[61.570s][info][gc,phases      ] GC(283) Post Compact 13.522ms
[61.570s][info][gc,heap        ] GC(283) PSYoungGen: 297026K(376320K)->39490K(376320K) Eden: 127488K(127488K)->0K(127488K) From: 169538K(248832K)->39490K(248832K)
[61.570s][info][gc,heap        ] GC(283) ParOldGen: 8822216K(9079808K)->9079718K(9079808K)
[61.570s][info][gc,metaspace   ] GC(283) Metaspace: 6300K(6464K)->6300K(6464K) NonClass: 5767K(5824K)->5767K(5824K) Class: 533K(640K)->533K(640K)
[61.570s][info][gc             ] GC(283) Pause Full (Ergonomics) 8905M->8905M(9234M) 2668.317ms
[61.570s][info][gc,cpu         ] GC(283) User=20.27s Sys=0.17s Real=2.67s
[61.744s][info][gc,start       ] GC(284) Pause Full (Ergonomics)
[61.744s][info][gc,phases,start] GC(284) Marking Phase
[63.812s][info][gc,phases      ] GC(284) Marking Phase 2067.729ms
[63.812s][info][gc,phases,start] GC(284) Summary Phase
[63.812s][info][gc,phases      ] GC(284) Summary Phase 0.093ms
[63.812s][info][gc,phases,start] GC(284) Adjust Roots
[63.812s][info][gc,phases      ] GC(284) Adjust Roots 0.166ms
[63.812s][info][gc,phases,start] GC(284) Compaction Phase
[64.399s][info][gc,phases      ] GC(284) Compaction Phase 587.408ms
[64.399s][info][gc,phases,start] GC(284) Post Compact
[64.413s][info][gc,phases      ] GC(284) Post Compact 13.612ms
[64.413s][info][gc,heap        ] GC(284) PSYoungGen: 166978K(376320K)->166944K(376320K) Eden: 127488K(127488K)->127454K(127488K) From: 39490K(248832K)->39490K(248832K)
[64.413s][info][gc,heap        ] GC(284) ParOldGen: 9079718K(9079808K)->9079718K(9079808K)
[64.413s][info][gc,metaspace   ] GC(284) Metaspace: 6300K(6464K)->6300K(6464K) NonClass: 5767K(5824K)->5767K(5824K) Class: 533K(640K)->533K(640K)
[64.413s][info][gc             ] GC(284) Pause Full (Ergonomics) 9029M->9029M(9234M) 2669.388ms
[64.413s][info][gc,cpu         ] GC(284) User=20.11s Sys=0.11s Real=2.67s
[64.413s][info][gc,start       ] GC(285) Pause Full (Ergonomics)
[64.414s][info][gc,phases,start] GC(285) Marking Phase
[66.476s][info][gc,phases      ] GC(285) Marking Phase 2062.134ms
[66.476s][info][gc,phases,start] GC(285) Summary Phase
[66.476s][info][gc,phases      ] GC(285) Summary Phase 0.100ms
[66.476s][info][gc,phases,start] GC(285) Adjust Roots
[66.476s][info][gc,phases      ] GC(285) Adjust Roots 0.217ms
[66.476s][info][gc,phases,start] GC(285) Compaction Phase
[67.051s][info][gc,phases      ] GC(285) Compaction Phase 574.460ms
[67.051s][info][gc,phases,start] GC(285) Post Compact
[67.064s][info][gc,phases      ] GC(285) Post Compact 13.435ms
[67.064s][info][gc,heap        ] GC(285) PSYoungGen: 166978K(376320K)->166977K(376320K) Eden: 127488K(127488K)->127487K(127488K) From: 39490K(248832K)->39490K(248832K)
[67.064s][info][gc,heap        ] GC(285) ParOldGen: 9079718K(9079808K)->9079718K(9079808K)
[67.064s][info][gc,metaspace   ] GC(285) Metaspace: 6300K(6464K)->6300K(6464K) NonClass: 5767K(5824K)->5767K(5824K) Class: 533K(640K)->533K(640K)
[67.064s][info][gc             ] GC(285) Pause Full (Ergonomics) 9029M->9029M(9234M) 2650.706ms
[67.064s][info][gc,cpu         ] GC(285) User=20.09s Sys=0.00s Real=2.65s
[67.064s][info][gc,start       ] GC(286) Pause Full (Ergonomics)
[67.064s][info][gc,phases,start] GC(286) Marking Phase
[69.149s][info][gc,phases      ] GC(286) Marking Phase 2084.606ms
[69.149s][info][gc,phases,start] GC(286) Summary Phase
[69.149s][info][gc,phases      ] GC(286) Summary Phase 0.090ms
[69.149s][info][gc,phases,start] GC(286) Adjust Roots
[69.149s][info][gc,phases      ] GC(286) Adjust Roots 0.173ms
[69.149s][info][gc,phases,start] GC(286) Compaction Phase
[69.717s][info][gc,phases      ] GC(286) Compaction Phase 567.868ms
[69.717s][info][gc,phases,start] GC(286) Post Compact
[69.731s][info][gc,phases      ] GC(286) Post Compact 13.530ms
[69.731s][info][gc,heap        ] GC(286) PSYoungGen: 166978K(376320K)->166978K(376320K) Eden: 127487K(127488K)->127487K(127488K) From: 39490K(248832K)->39490K(248832K)
[69.731s][info][gc,heap        ] GC(286) ParOldGen: 9079718K(9079808K)->9079718K(9079808K)
[69.731s][info][gc,metaspace   ] GC(286) Metaspace: 6300K(6464K)->6300K(6464K) NonClass: 5767K(5824K)->5767K(5824K) Class: 533K(640K)->533K(640K)
[69.731s][info][gc             ] GC(286) Pause Full (Ergonomics) 9029M->9029M(9234M) 2666.628ms
[69.731s][info][gc,cpu         ] GC(286) User=20.17s Sys=0.00s Real=2.67s
[69.731s][info][gc,start       ] GC(287) Pause Full (Ergonomics)
[69.731s][info][gc,phases,start] GC(287) Marking Phase
[71.817s][info][gc,phases      ] GC(287) Marking Phase 2085.998ms
[71.817s][info][gc,phases,start] GC(287) Summary Phase
[71.817s][info][gc,phases      ] GC(287) Summary Phase 0.103ms
[71.817s][info][gc,phases,start] GC(287) Adjust Roots
[71.818s][info][gc,phases      ] GC(287) Adjust Roots 0.171ms
[71.818s][info][gc,phases,start] GC(287) Compaction Phase
[72.388s][info][gc,phases      ] GC(287) Compaction Phase 570.353ms
[72.388s][info][gc,phases,start] GC(287) Post Compact
[72.402s][info][gc,phases      ] GC(287) Post Compact 13.424ms
[72.402s][info][gc,heap        ] GC(287) PSYoungGen: 166978K(376320K)->166978K(376320K) Eden: 127487K(127488K)->127487K(127488K) From: 39490K(248832K)->39490K(248832K)
[72.402s][info][gc,heap        ] GC(287) ParOldGen: 9079723K(9079808K)->9079723K(9079808K)
[72.402s][info][gc,metaspace   ] GC(287) Metaspace: 6300K(6464K)->6300K(6464K) NonClass: 5767K(5824K)->5767K(5824K) Class: 533K(640K)->533K(640K)
[72.402s][info][gc             ] GC(287) Pause Full (Ergonomics) 9029M->9029M(9234M) 2670.409ms
[72.402s][info][gc,cpu         ] GC(287) User=20.25s Sys=0.00s Real=2.67s
[72.402s][info][gc,start       ] GC(288) Pause Full (Ergonomics)
[72.402s][info][gc,phases,start] GC(288) Marking Phase
[74.495s][info][gc,phases      ] GC(288) Marking Phase 2093.074ms
[74.495s][info][gc,phases,start] GC(288) Summary Phase
[74.495s][info][gc,phases      ] GC(288) Summary Phase 0.087ms
[74.495s][info][gc,phases,start] GC(288) Adjust Roots
[74.495s][info][gc,phases      ] GC(288) Adjust Roots 0.168ms
[74.495s][info][gc,phases,start] GC(288) Compaction Phase
[75.063s][info][gc,phases      ] GC(288) Compaction Phase 567.209ms
[75.063s][info][gc,phases,start] GC(288) Post Compact
[75.076s][info][gc,phases      ] GC(288) Post Compact 13.443ms
[75.076s][info][gc,heap        ] GC(288) PSYoungGen: 166978K(376320K)->166978K(376320K) Eden: 127487K(127488K)->127487K(127488K) From: 39490K(248832K)->39490K(248832K)
[75.076s][info][gc,heap        ] GC(288) ParOldGen: 9079728K(9079808K)->9079728K(9079808K)
[75.076s][info][gc,metaspace   ] GC(288) Metaspace: 6300K(6464K)->6300K(6464K) NonClass: 5767K(5824K)->5767K(5824K) Class: 533K(640K)->533K(640K)
[75.076s][info][gc             ] GC(288) Pause Full (Ergonomics) 9029M->9029M(9234M) 2674.335ms
[75.076s][info][gc,cpu         ] GC(288) User=20.22s Sys=0.00s Real=2.67s
[75.076s][info][gc,start       ] GC(289) Pause Full (Ergonomics)
[75.076s][info][gc,phases,start] GC(289) Marking Phase
[77.138s][info][gc,phases      ] GC(289) Marking Phase 2061.107ms
[77.138s][info][gc,phases,start] GC(289) Summary Phase
[77.138s][info][gc,phases      ] GC(289) Summary Phase 0.089ms
[77.138s][info][gc,phases,start] GC(289) Adjust Roots
[77.138s][info][gc,phases      ] GC(289) Adjust Roots 0.165ms
[77.138s][info][gc,phases,start] GC(289) Compaction Phase
[77.707s][info][gc,phases      ] GC(289) Compaction Phase 568.942ms
[77.707s][info][gc,phases,start] GC(289) Post Compact
[77.720s][info][gc,phases      ] GC(289) Post Compact 13.526ms
[77.721s][info][gc,heap        ] GC(289) PSYoungGen: 166978K(376320K)->166978K(376320K) Eden: 127487K(127488K)->127487K(127488K) From: 39490K(248832K)->39490K(248832K)
[77.721s][info][gc,heap        ] GC(289) ParOldGen: 9079733K(9079808K)->9079733K(9079808K)
[77.721s][info][gc,metaspace   ] GC(289) Metaspace: 6300K(6464K)->6300K(6464K) NonClass: 5767K(5824K)->5767K(5824K) Class: 533K(640K)->533K(640K)
[77.721s][info][gc             ] GC(289) Pause Full (Ergonomics) 9029M->9029M(9234M) 2644.184ms
[77.721s][info][gc,cpu         ] GC(289) User=19.92s Sys=0.00s Real=2.64s
[77.721s][info][gc,start       ] GC(290) Pause Full (Ergonomics)
[77.721s][info][gc,phases,start] GC(290) Marking Phase
[79.815s][info][gc,phases      ] GC(290) Marking Phase 2094.159ms
[79.815s][info][gc,phases,start] GC(290) Summary Phase
[79.815s][info][gc,phases      ] GC(290) Summary Phase 0.104ms
[79.815s][info][gc,phases,start] GC(290) Adjust Roots
[79.815s][info][gc,phases      ] GC(290) Adjust Roots 0.228ms
[79.815s][info][gc,phases,start] GC(290) Compaction Phase
[80.386s][info][gc,phases      ] GC(290) Compaction Phase 570.537ms
[80.386s][info][gc,phases,start] GC(290) Post Compact
[80.400s][info][gc,phases      ] GC(290) Post Compact 13.570ms
[80.400s][info][gc,heap        ] GC(290) PSYoungGen: 166978K(376320K)->166978K(376320K) Eden: 127487K(127488K)->127487K(127488K) From: 39490K(248832K)->39490K(248832K)
[80.400s][info][gc,heap        ] GC(290) ParOldGen: 9079738K(9079808K)->9079738K(9079808K)
[80.400s][info][gc,metaspace   ] GC(290) Metaspace: 6300K(6464K)->6300K(6464K) NonClass: 5767K(5824K)->5767K(5824K) Class: 533K(640K)->533K(640K)
[80.400s][info][gc             ] GC(290) Pause Full (Ergonomics) 9029M->9029M(9234M) 2678.931ms
[80.400s][info][gc,cpu         ] GC(290) User=20.30s Sys=0.02s Real=2.68s
[80.400s][info][gc,start       ] GC(291) Pause Full (Ergonomics)
[80.400s][info][gc,phases,start] GC(291) Marking Phase
[82.461s][info][gc,phases      ] GC(291) Marking Phase 2060.891ms
[82.461s][info][gc,phases,start] GC(291) Summary Phase
[82.461s][info][gc,phases      ] GC(291) Summary Phase 0.087ms
[82.461s][info][gc,phases,start] GC(291) Adjust Roots
[82.461s][info][gc,phases      ] GC(291) Adjust Roots 0.164ms
[82.461s][info][gc,phases,start] GC(291) Compaction Phase
[83.024s][info][gc,phases      ] GC(291) Compaction Phase 563.202ms
[83.025s][info][gc,phases,start] GC(291) Post Compact
[83.038s][info][gc,phases      ] GC(291) Post Compact 13.447ms
[83.038s][info][gc,heap        ] GC(291) PSYoungGen: 166978K(376320K)->166978K(376320K) Eden: 127487K(127488K)->127487K(127488K) From: 39490K(248832K)->39490K(248832K)
[83.038s][info][gc,heap        ] GC(291) ParOldGen: 9079742K(9079808K)->9079742K(9079808K)
[83.038s][info][gc,metaspace   ] GC(291) Metaspace: 6300K(6464K)->6300K(6464K) NonClass: 5767K(5824K)->5767K(5824K) Class: 533K(640K)->533K(640K)
[83.038s][info][gc             ] GC(291) Pause Full (Ergonomics) 9030M->9030M(9234M) 2638.126ms
[83.038s][info][gc,cpu         ] GC(291) User=20.17s Sys=0.02s Real=2.64s
[83.038s][info][gc,start       ] GC(292) Pause Full (Ergonomics)
[83.038s][info][gc,phases,start] GC(292) Marking Phase
[85.135s][info][gc,phases      ] GC(292) Marking Phase 2096.953ms
[85.135s][info][gc,phases,start] GC(292) Summary Phase
[85.135s][info][gc,phases      ] GC(292) Summary Phase 0.092ms
[85.135s][info][gc,phases,start] GC(292) Adjust Roots
[85.136s][info][gc,phases      ] GC(292) Adjust Roots 0.167ms
[85.136s][info][gc,phases,start] GC(292) Compaction Phase
[85.697s][info][gc,phases      ] GC(292) Compaction Phase 561.409ms
[85.697s][info][gc,phases,start] GC(292) Post Compact
[85.711s][info][gc,phases      ] GC(292) Post Compact 13.478ms
[85.711s][info][gc,heap        ] GC(292) PSYoungGen: 166978K(376320K)->166978K(376320K) Eden: 127487K(127488K)->127487K(127488K) From: 39490K(248832K)->39490K(248832K)
[85.711s][info][gc,heap        ] GC(292) ParOldGen: 9079747K(9079808K)->9079747K(9079808K)
[85.711s][info][gc,metaspace   ] GC(292) Metaspace: 6300K(6464K)->6300K(6464K) NonClass: 5767K(5824K)->5767K(5824K) Class: 533K(640K)->533K(640K)
[85.711s][info][gc             ] GC(292) Pause Full (Ergonomics) 9030M->9030M(9234M) 2672.442ms
[85.711s][info][gc,cpu         ] GC(292) User=20.36s Sys=0.00s Real=2.67s
[85.711s][info][gc,start       ] GC(293) Pause Full (Ergonomics)
[85.711s][info][gc,phases,start] GC(293) Marking Phase
[87.757s][info][gc,phases      ] GC(293) Marking Phase 2046.242ms
[87.757s][info][gc,phases,start] GC(293) Summary Phase
[87.757s][info][gc,phases      ] GC(293) Summary Phase 0.086ms
[87.757s][info][gc,phases,start] GC(293) Adjust Roots
[87.758s][info][gc,phases      ] GC(293) Adjust Roots 0.174ms
[87.758s][info][gc,phases,start] GC(293) Compaction Phase
[88.321s][info][gc,phases      ] GC(293) Compaction Phase 563.484ms
[88.321s][info][gc,phases,start] GC(293) Post Compact
[88.335s][info][gc,phases      ] GC(293) Post Compact 13.484ms
[88.335s][info][gc,heap        ] GC(293) PSYoungGen: 166978K(376320K)->166978K(376320K) Eden: 127487K(127488K)->127487K(127488K) From: 39490K(248832K)->39490K(248832K)
[88.335s][info][gc,heap        ] GC(293) ParOldGen: 9079752K(9079808K)->9079752K(9079808K)
[88.335s][info][gc,metaspace   ] GC(293) Metaspace: 6300K(6464K)->6300K(6464K) NonClass: 5767K(5824K)->5767K(5824K) Class: 533K(640K)->533K(640K)
[88.335s][info][gc             ] GC(293) Pause Full (Ergonomics) 9030M->9030M(9234M) 2623.804ms
[88.335s][info][gc,cpu         ] GC(293) User=19.95s Sys=0.02s Real=2.62s
[88.335s][info][gc,start       ] GC(294) Pause Full (Ergonomics)
[88.335s][info][gc,phases,start] GC(294) Marking Phase
[90.431s][info][gc,phases      ] GC(294) Marking Phase 2095.891ms
[90.431s][info][gc,phases,start] GC(294) Summary Phase
[90.431s][info][gc,phases      ] GC(294) Summary Phase 0.087ms
[90.431s][info][gc,phases,start] GC(294) Adjust Roots
[90.431s][info][gc,phases      ] GC(294) Adjust Roots 0.172ms
[90.431s][info][gc,phases,start] GC(294) Compaction Phase
[90.996s][info][gc,phases      ] GC(294) Compaction Phase 564.582ms
[90.996s][info][gc,phases,start] GC(294) Post Compact
[91.009s][info][gc,phases      ] GC(294) Post Compact 13.405ms
[91.009s][info][gc,heap        ] GC(294) PSYoungGen: 166978K(376320K)->166978K(376320K) Eden: 127487K(127488K)->127487K(127488K) From: 39490K(248832K)->39490K(248832K)
[91.009s][info][gc,heap        ] GC(294) ParOldGen: 9079757K(9079808K)->9079757K(9079808K)
[91.009s][info][gc,metaspace   ] GC(294) Metaspace: 6300K(6464K)->6300K(6464K) NonClass: 5767K(5824K)->5767K(5824K) Class: 533K(640K)->533K(640K)
[91.009s][info][gc             ] GC(294) Pause Full (Ergonomics) 9030M->9030M(9234M) 2674.494ms
[91.009s][info][gc,cpu         ] GC(294) User=20.44s Sys=0.00s Real=2.67s
[91.010s][info][gc,start       ] GC(295) Pause Full (Ergonomics)
[91.010s][info][gc,phases,start] GC(295) Marking Phase
[93.055s][info][gc,phases      ] GC(295) Marking Phase 2045.395ms
[93.055s][info][gc,phases,start] GC(295) Summary Phase
[93.055s][info][gc,phases      ] GC(295) Summary Phase 0.086ms
[93.055s][info][gc,phases,start] GC(295) Adjust Roots
[93.055s][info][gc,phases      ] GC(295) Adjust Roots 0.170ms
[93.055s][info][gc,phases,start] GC(295) Compaction Phase
[93.620s][info][gc,phases      ] GC(295) Compaction Phase 564.791ms
[93.620s][info][gc,phases,start] GC(295) Post Compact
[93.634s][info][gc,phases      ] GC(295) Post Compact 13.564ms
[93.634s][info][gc,heap        ] GC(295) PSYoungGen: 166978K(376320K)->166978K(376320K) Eden: 127487K(127488K)->127487K(127488K) From: 39490K(248832K)->39490K(248832K)
[93.634s][info][gc,heap        ] GC(295) ParOldGen: 9079762K(9079808K)->9079762K(9079808K)
[93.634s][info][gc,metaspace   ] GC(295) Metaspace: 6300K(6464K)->6300K(6464K) NonClass: 5767K(5824K)->5767K(5824K) Class: 533K(640K)->533K(640K)
[93.634s][info][gc             ] GC(295) Pause Full (Ergonomics) 9030M->9030M(9234M) 2624.366ms
[93.634s][info][gc,cpu         ] GC(295) User=19.97s Sys=0.02s Real=2.62s
[93.634s][info][gc,start       ] GC(296) Pause Full (Ergonomics)
[93.634s][info][gc,phases,start] GC(296) Marking Phase
[95.667s][info][gc,phases      ] GC(296) Marking Phase 2032.828ms
[95.667s][info][gc,phases,start] GC(296) Summary Phase
[95.667s][info][gc,phases      ] GC(296) Summary Phase 0.095ms
[95.667s][info][gc,phases,start] GC(296) Adjust Roots
[95.667s][info][gc,phases      ] GC(296) Adjust Roots 0.197ms
[95.668s][info][gc,phases,start] GC(296) Compaction Phase
[96.239s][info][gc,phases      ] GC(296) Compaction Phase 571.843ms
[96.239s][info][gc,phases,start] GC(296) Post Compact
[96.255s][info][gc,phases      ] GC(296) Post Compact 15.518ms
[96.255s][info][gc,heap        ] GC(296) PSYoungGen: 166978K(376320K)->166978K(376320K) Eden: 127487K(127488K)->127487K(127488K) From: 39490K(248832K)->39490K(248832K)
[96.255s][info][gc,heap        ] GC(296) ParOldGen: 9079767K(9079808K)->9079767K(9079808K)
[96.255s][info][gc,metaspace   ] GC(296) Metaspace: 6300K(6464K)->6300K(6464K) NonClass: 5767K(5824K)->5767K(5824K) Class: 533K(640K)->533K(640K)
[96.255s][info][gc             ] GC(296) Pause Full (Ergonomics) 9030M->9030M(9234M) 2620.822ms
[96.255s][info][gc,cpu         ] GC(296) User=19.94s Sys=0.02s Real=2.62s
[96.255s][info][gc,start       ] GC(297) Pause Full (Ergonomics)
[96.255s][info][gc,phases,start] GC(297) Marking Phase
[98.338s][info][gc,phases      ] GC(297) Marking Phase 2082.400ms
[98.338s][info][gc,phases,start] GC(297) Summary Phase
[98.338s][info][gc,phases      ] GC(297) Summary Phase 0.094ms
[98.338s][info][gc,phases,start] GC(297) Adjust Roots
[98.338s][info][gc,phases      ] GC(297) Adjust Roots 0.165ms
[98.338s][info][gc,phases,start] GC(297) Compaction Phase
[98.904s][info][gc,phases      ] GC(297) Compaction Phase 565.540ms
[98.904s][info][gc,phases,start] GC(297) Post Compact
[98.919s][info][gc,phases      ] GC(297) Post Compact 15.048ms
[98.919s][info][gc,heap        ] GC(297) PSYoungGen: 166978K(376320K)->166978K(376320K) Eden: 127487K(127488K)->127487K(127488K) From: 39490K(248832K)->39490K(248832K)
[98.919s][info][gc,heap        ] GC(297) ParOldGen: 9079771K(9079808K)->9079771K(9079808K)
[98.919s][info][gc,metaspace   ] GC(297) Metaspace: 6300K(6464K)->6300K(6464K) NonClass: 5767K(5824K)->5767K(5824K) Class: 533K(640K)->533K(640K)
[98.919s][info][gc             ] GC(297) Pause Full (Ergonomics) 9030M->9030M(9234M) 2663.595ms
[98.919s][info][gc,cpu         ] GC(297) User=20.22s Sys=0.02s Real=2.66s
[98.919s][info][gc,start       ] GC(298) Pause Full (Ergonomics)
[98.919s][info][gc,phases,start] GC(298) Marking Phase
[101.006s][info][gc,phases      ] GC(298) Marking Phase 2086.902ms
[101.006s][info][gc,phases,start] GC(298) Summary Phase
[101.006s][info][gc,phases      ] GC(298) Summary Phase 0.096ms
[101.006s][info][gc,phases,start] GC(298) Adjust Roots
[101.006s][info][gc,phases      ] GC(298) Adjust Roots 0.165ms
[101.006s][info][gc,phases,start] GC(298) Compaction Phase
[101.589s][info][gc,phases      ] GC(298) Compaction Phase 582.953ms
[101.589s][info][gc,phases,start] GC(298) Post Compact
[101.605s][info][gc,phases      ] GC(298) Post Compact 15.721ms
[101.605s][info][gc,heap        ] GC(298) PSYoungGen: 166978K(376320K)->166978K(376320K) Eden: 127487K(127488K)->127487K(127488K) From: 39490K(248832K)->39490K(248832K)
[101.605s][info][gc,heap        ] GC(298) ParOldGen: 9079776K(9079808K)->9079776K(9079808K)
[101.605s][info][gc,metaspace   ] GC(298) Metaspace: 6300K(6464K)->6300K(6464K) NonClass: 5767K(5824K)->5767K(5824K) Class: 533K(640K)->533K(640K)
[101.605s][info][gc             ] GC(298) Pause Full (Ergonomics) 9030M->9030M(9234M) 2686.206ms
[101.605s][info][gc,cpu         ] GC(298) User=20.41s Sys=0.00s Real=2.69s
[101.606s][info][gc,start       ] GC(299) Pause Full (Ergonomics)
[101.606s][info][gc,phases,start] GC(299) Marking Phase
[103.689s][info][gc,phases      ] GC(299) Marking Phase 2083.707ms
[103.689s][info][gc,phases,start] GC(299) Summary Phase
[103.689s][info][gc,phases      ] GC(299) Summary Phase 0.091ms
[103.689s][info][gc,phases,start] GC(299) Adjust Roots
[103.690s][info][gc,phases      ] GC(299) Adjust Roots 0.166ms
[103.690s][info][gc,phases,start] GC(299) Compaction Phase
[104.292s][info][gc,phases      ] GC(299) Compaction Phase 602.410ms
[104.292s][info][gc,phases,start] GC(299) Post Compact
[104.306s][info][gc,phases      ] GC(299) Post Compact 13.726ms
[104.306s][info][gc,heap        ] GC(299) PSYoungGen: 166978K(376320K)->166978K(376320K) Eden: 127487K(127488K)->127487K(127488K) From: 39490K(248832K)->39490K(248832K)
[104.306s][info][gc,heap        ] GC(299) ParOldGen: 9079781K(9079808K)->9079781K(9079808K)
[104.306s][info][gc,metaspace   ] GC(299) Metaspace: 6300K(6464K)->6300K(6464K) NonClass: 5767K(5824K)->5767K(5824K) Class: 533K(640K)->533K(640K)
[104.306s][info][gc             ] GC(299) Pause Full (Ergonomics) 9030M->9030M(9234M) 2700.435ms
[104.306s][info][gc,cpu         ] GC(299) User=20.27s Sys=0.00s Real=2.70s
[104.306s][info][gc,start       ] GC(300) Pause Full (Ergonomics)
[104.306s][info][gc,phases,start] GC(300) Marking Phase
[106.382s][info][gc,phases      ] GC(300) Marking Phase 2075.791ms
[106.382s][info][gc,phases,start] GC(300) Summary Phase
[106.382s][info][gc,phases      ] GC(300) Summary Phase 0.095ms
[106.382s][info][gc,phases,start] GC(300) Adjust Roots
[106.382s][info][gc,phases      ] GC(300) Adjust Roots 0.172ms
[106.382s][info][gc,phases,start] GC(300) Compaction Phase
[106.947s][info][gc,phases      ] GC(300) Compaction Phase 564.626ms
[106.947s][info][gc,phases,start] GC(300) Post Compact
[106.961s][info][gc,phases      ] GC(300) Post Compact 13.468ms
[106.961s][info][gc,heap        ] GC(300) PSYoungGen: 166978K(376320K)->166978K(376320K) Eden: 127487K(127488K)->127487K(127488K) From: 39490K(248832K)->39490K(248832K)
[106.961s][info][gc,heap        ] GC(300) ParOldGen: 9079786K(9079808K)->9079786K(9079808K)
[106.961s][info][gc,metaspace   ] GC(300) Metaspace: 6300K(6464K)->6300K(6464K) NonClass: 5767K(5824K)->5767K(5824K) Class: 533K(640K)->533K(640K)
[106.961s][info][gc             ] GC(300) Pause Full (Ergonomics) 9030M->9030M(9234M) 2654.493ms
[106.961s][info][gc,cpu         ] GC(300) User=20.31s Sys=0.00s Real=2.65s
[106.961s][info][gc,start       ] GC(301) Pause Full (Ergonomics)
[106.961s][info][gc,phases,start] GC(301) Marking Phase
[109.055s][info][gc,phases      ] GC(301) Marking Phase 2094.455ms
[109.055s][info][gc,phases,start] GC(301) Summary Phase
[109.056s][info][gc,phases      ] GC(301) Summary Phase 0.093ms
[109.056s][info][gc,phases,start] GC(301) Adjust Roots
[109.056s][info][gc,phases      ] GC(301) Adjust Roots 0.164ms
[109.056s][info][gc,phases,start] GC(301) Compaction Phase
[109.627s][info][gc,phases      ] GC(301) Compaction Phase 570.939ms
[109.627s][info][gc,phases,start] GC(301) Post Compact
[109.640s][info][gc,phases      ] GC(301) Post Compact 13.526ms
[109.640s][info][gc,heap        ] GC(301) PSYoungGen: 166978K(376320K)->166978K(376320K) Eden: 127487K(127488K)->127487K(127488K) From: 39490K(248832K)->39490K(248832K)
[109.640s][info][gc,heap        ] GC(301) ParOldGen: 9079791K(9079808K)->9079791K(9079808K)
[109.640s][info][gc,metaspace   ] GC(301) Metaspace: 6300K(6464K)->6300K(6464K) NonClass: 5767K(5824K)->5767K(5824K) Class: 533K(640K)->533K(640K)
[109.640s][info][gc             ] GC(301) Pause Full (Ergonomics) 9030M->9030M(9234M) 2679.526ms
[109.640s][info][gc,cpu         ] GC(301) User=20.39s Sys=0.02s Real=2.68s
[109.641s][info][gc,start       ] GC(302) Pause Full (Ergonomics)
[109.641s][info][gc,phases,start] GC(302) Marking Phase
[111.709s][info][gc,phases      ] GC(302) Marking Phase 2068.633ms
[111.709s][info][gc,phases,start] GC(302) Summary Phase
[111.709s][info][gc,phases      ] GC(302) Summary Phase 0.091ms
[111.710s][info][gc,phases,start] GC(302) Adjust Roots
[111.710s][info][gc,phases      ] GC(302) Adjust Roots 0.164ms
[111.710s][info][gc,phases,start] GC(302) Compaction Phase
[112.278s][info][gc,phases      ] GC(302) Compaction Phase 567.887ms
[112.278s][info][gc,phases,start] GC(302) Post Compact
[112.291s][info][gc,phases      ] GC(302) Post Compact 13.517ms
[112.291s][info][gc,heap        ] GC(302) PSYoungGen: 166978K(376320K)->166978K(376320K) Eden: 127487K(127488K)->127487K(127488K) From: 39490K(248832K)->39490K(248832K)
[112.291s][info][gc,heap        ] GC(302) ParOldGen: 9079796K(9079808K)->9079796K(9079808K)
[112.291s][info][gc,metaspace   ] GC(302) Metaspace: 6300K(6464K)->6300K(6464K) NonClass: 5767K(5824K)->5767K(5824K) Class: 533K(640K)->533K(640K)
[112.291s][info][gc             ] GC(302) Pause Full (Ergonomics) 9030M->9030M(9234M) 2650.627ms
[112.291s][info][gc,cpu         ] GC(302) User=20.12s Sys=0.00s Real=2.65s
[112.292s][info][gc,start       ] GC(303) Pause Full (Ergonomics)
[112.292s][info][gc,phases,start] GC(303) Marking Phase
[114.370s][info][gc,phases      ] GC(303) Marking Phase 2078.287ms
[114.370s][info][gc,phases,start] GC(303) Summary Phase
[114.370s][info][gc,phases      ] GC(303) Summary Phase 0.092ms
[114.370s][info][gc,phases,start] GC(303) Adjust Roots
[114.370s][info][gc,phases      ] GC(303) Adjust Roots 0.180ms
[114.370s][info][gc,phases,start] GC(303) Compaction Phase
[114.947s][info][gc,phases      ] GC(303) Compaction Phase 577.203ms
[114.947s][info][gc,phases,start] GC(303) Post Compact
[114.961s][info][gc,phases      ] GC(303) Post Compact 13.420ms
[114.961s][info][gc,heap        ] GC(303) PSYoungGen: 166978K(376320K)->166978K(376320K) Eden: 127487K(127488K)->127487K(127488K) From: 39490K(248832K)->39490K(248832K)
[114.961s][info][gc,heap        ] GC(303) ParOldGen: 9079800K(9079808K)->9079800K(9079808K)
[114.961s][info][gc,metaspace   ] GC(303) Metaspace: 6300K(6464K)->6300K(6464K) NonClass: 5767K(5824K)->5767K(5824K) Class: 533K(640K)->533K(640K)
[114.961s][info][gc             ] GC(303) Pause Full (Ergonomics) 9030M->9030M(9234M) 2669.524ms
[114.961s][info][gc,cpu         ] GC(303) User=20.12s Sys=0.00s Real=2.67s
[114.961s][info][gc,start       ] GC(304) Pause Full (Ergonomics)
[114.961s][info][gc,phases,start] GC(304) Marking Phase
[117.017s][info][gc,phases      ] GC(304) Marking Phase 2055.294ms
[117.017s][info][gc,phases,start] GC(304) Summary Phase
[117.017s][info][gc,phases      ] GC(304) Summary Phase 0.088ms
[117.017s][info][gc,phases,start] GC(304) Adjust Roots
[117.017s][info][gc,phases      ] GC(304) Adjust Roots 0.168ms
[117.017s][info][gc,phases,start] GC(304) Compaction Phase
[117.582s][info][gc,phases      ] GC(304) Compaction Phase 565.422ms
[117.582s][info][gc,phases,start] GC(304) Post Compact
[117.596s][info][gc,phases      ] GC(304) Post Compact 13.475ms
[117.596s][info][gc,heap        ] GC(304) PSYoungGen: 166978K(376320K)->166978K(376320K) Eden: 127487K(127488K)->127487K(127488K) From: 39490K(248832K)->39490K(248832K)
[117.596s][info][gc,heap        ] GC(304) ParOldGen: 9079805K(9079808K)->9079805K(9079808K)
[117.596s][info][gc,metaspace   ] GC(304) Metaspace: 6300K(6464K)->6300K(6464K) NonClass: 5767K(5824K)->5767K(5824K) Class: 533K(640K)->533K(640K)
[117.596s][info][gc             ] GC(304) Pause Full (Ergonomics) 9030M->9030M(9234M) 2634.793ms
[117.596s][info][gc,cpu         ] GC(304) User=20.12s Sys=0.00s Real=2.63s
[117.596s][info][gc,start       ] GC(305) Pause Full (Ergonomics)
[117.596s][info][gc,phases,start] GC(305) Marking Phase
[119.653s][info][gc,phases      ] GC(305) Marking Phase 2056.910ms
[119.653s][info][gc,phases,start] GC(305) Summary Phase
[119.653s][info][gc,phases      ] GC(305) Summary Phase 0.119ms
[119.653s][info][gc,phases,start] GC(305) Adjust Roots
[119.654s][info][gc,phases      ] GC(305) Adjust Roots 0.205ms
[119.654s][info][gc,phases,start] GC(305) Compaction Phase
[120.226s][info][gc,phases      ] GC(305) Compaction Phase 571.936ms
[120.226s][info][gc,phases,start] GC(305) Post Compact
[120.239s][info][gc,phases      ] GC(305) Post Compact 13.459ms
[120.239s][info][gc,heap        ] GC(305) PSYoungGen: 166978K(376320K)->166978K(376320K) Eden: 127487K(127488K)->127487K(127488K) From: 39490K(248832K)->39490K(248832K)
[120.239s][info][gc,heap        ] GC(305) ParOldGen: 9079807K(9079808K)->9079807K(9079808K)
[120.239s][info][gc,metaspace   ] GC(305) Metaspace: 6300K(6464K)->6300K(6464K) NonClass: 5767K(5824K)->5767K(5824K) Class: 533K(640K)->533K(640K)
[120.239s][info][gc             ] GC(305) Pause Full (Ergonomics) 9030M->9030M(9234M) 2643.011ms
[120.239s][info][gc,cpu         ] GC(305) User=19.84s Sys=0.00s Real=2.64s
[120.239s][info][gc,start       ] GC(306) Pause Full (Allocation Failure)
[120.239s][info][gc,phases,start] GC(306) Marking Phase
[122.309s][info][gc,phases      ] GC(306) Marking Phase 2069.329ms
[122.309s][info][gc,phases,start] GC(306) Summary Phase
[122.309s][info][gc,phases      ] GC(306) Summary Phase 0.090ms
[122.309s][info][gc,phases,start] GC(306) Adjust Roots
[122.309s][info][gc,phases      ] GC(306) Adjust Roots 0.409ms
[122.309s][info][gc,phases,start] GC(306) Compaction Phase
[124.598s][info][gc,phases      ] GC(306) Compaction Phase 2288.538ms
[124.598s][info][gc,phases,start] GC(306) Post Compact
[124.612s][info][gc,phases      ] GC(306) Post Compact 13.643ms
[124.612s][info][gc,heap        ] GC(306) PSYoungGen: 166978K(376320K)->166978K(376320K) Eden: 127487K(127488K)->127487K(127488K) From: 39490K(248832K)->39490K(248832K)
[124.612s][info][gc,heap        ] GC(306) ParOldGen: 9079807K(9079808K)->9079803K(9079808K)
[124.612s][info][gc,metaspace   ] GC(306) Metaspace: 6300K(6464K)->6298K(6464K) NonClass: 5767K(5824K)->5766K(5824K) Class: 533K(640K)->532K(640K)
[124.612s][info][gc             ] GC(306) Pause Full (Allocation Failure) 9030M->9030M(9234M) 4372.353ms
[124.612s][info][gc,cpu         ] GC(306) User=32.92s Sys=0.00s Real=4.37s
[124.612s][info][gc,start       ] GC(307) Pause Full (Ergonomics)
[124.612s][info][gc,phases,start] GC(307) Marking Phase
[126.703s][info][gc,phases      ] GC(307) Marking Phase 2090.682ms
[126.703s][info][gc,phases,start] GC(307) Summary Phase
[126.703s][info][gc,phases      ] GC(307) Summary Phase 0.106ms
[126.703s][info][gc,phases,start] GC(307) Adjust Roots
[126.703s][info][gc,phases      ] GC(307) Adjust Roots 0.225ms
[126.703s][info][gc,phases,start] GC(307) Compaction Phase
[127.272s][info][gc,phases      ] GC(307) Compaction Phase 569.083ms
[127.272s][info][gc,phases,start] GC(307) Post Compact
[127.286s][info][gc,phases      ] GC(307) Post Compact 13.356ms
[127.286s][info][gc,heap        ] GC(307) PSYoungGen: 166978K(376320K)->166978K(376320K) Eden: 127487K(127488K)->127487K(127488K) From: 39490K(248832K)->39490K(248832K)
[127.286s][info][gc,heap        ] GC(307) ParOldGen: 9079806K(9079808K)->9079806K(9079808K)
[127.286s][info][gc,metaspace   ] GC(307) Metaspace: 6298K(6464K)->6298K(6464K) NonClass: 5766K(5824K)->5766K(5824K) Class: 532K(640K)->532K(640K)
[127.286s][info][gc             ] GC(307) Pause Full (Ergonomics) 9030M->9030M(9234M) 2673.799ms
[127.286s][info][gc,cpu         ] GC(307) User=20.33s Sys=0.00s Real=2.67s
[127.286s][info][gc,start       ] GC(308) Pause Full (Ergonomics)
[127.286s][info][gc,phases,start] GC(308) Marking Phase
[129.368s][info][gc,phases      ] GC(308) Marking Phase 2082.102ms
[129.369s][info][gc,phases,start] GC(308) Summary Phase
[129.369s][info][gc,phases      ] GC(308) Summary Phase 0.089ms
[129.369s][info][gc,phases,start] GC(308) Adjust Roots
[129.369s][info][gc,phases      ] GC(308) Adjust Roots 0.177ms
[129.369s][info][gc,phases,start] GC(308) Compaction Phase
[129.950s][info][gc,phases      ] GC(308) Compaction Phase 581.276ms
[129.950s][info][gc,phases,start] GC(308) Post Compact
[129.964s][info][gc,phases      ] GC(308) Post Compact 13.465ms
[129.964s][info][gc,heap        ] GC(308) PSYoungGen: 166978K(376320K)->166978K(376320K) Eden: 127487K(127488K)->127487K(127488K) From: 39490K(248832K)->39490K(248832K)
[129.964s][info][gc,heap        ] GC(308) ParOldGen: 9079807K(9079808K)->9079807K(9079808K)
[129.964s][info][gc,metaspace   ] GC(308) Metaspace: 6298K(6464K)->6298K(6464K) NonClass: 5766K(5824K)->5766K(5824K) Class: 532K(640K)->532K(640K)
[129.964s][info][gc             ] GC(308) Pause Full (Ergonomics) 9030M->9030M(9234M) 2677.474ms
[129.964s][info][gc,cpu         ] GC(308) User=20.14s Sys=0.02s Real=2.68s
[129.964s][info][gc,start       ] GC(309) Pause Full (Allocation Failure)
[129.964s][info][gc,phases,start] GC(309) Marking Phase
[132.020s][info][gc,phases      ] GC(309) Marking Phase 2056.007ms
[132.020s][info][gc,phases,start] GC(309) Summary Phase
[132.020s][info][gc,phases      ] GC(309) Summary Phase 0.095ms
[132.020s][info][gc,phases,start] GC(309) Adjust Roots
[132.020s][info][gc,phases      ] GC(309) Adjust Roots 0.207ms
[132.020s][info][gc,phases,start] GC(309) Compaction Phase
[132.593s][info][gc,phases      ] GC(309) Compaction Phase 572.745ms
[132.593s][info][gc,phases,start] GC(309) Post Compact
[132.607s][info][gc,phases      ] GC(309) Post Compact 13.389ms
[132.607s][info][gc,heap        ] GC(309) PSYoungGen: 166978K(376320K)->166978K(376320K) Eden: 127487K(127488K)->127487K(127488K) From: 39490K(248832K)->39490K(248832K)
[132.607s][info][gc,heap        ] GC(309) ParOldGen: 9079807K(9079808K)->9079807K(9079808K)
[132.607s][info][gc,metaspace   ] GC(309) Metaspace: 6298K(6464K)->6298K(6464K) NonClass: 5766K(5824K)->5766K(5824K) Class: 532K(640K)->532K(640K)
[132.607s][info][gc             ] GC(309) Pause Full (Allocation Failure) 9030M->9030M(9234M) 2642.768ms
[132.607s][info][gc,cpu         ] GC(309) User=19.98s Sys=0.02s Real=2.64s
[132.607s][info][gc,start       ] GC(310) Pause Full (Ergonomics)
[132.607s][info][gc,phases,start] GC(310) Marking Phase
[134.699s][info][gc,phases      ] GC(310) Marking Phase 2091.667ms
[134.699s][info][gc,phases,start] GC(310) Summary Phase
[134.699s][info][gc,phases      ] GC(310) Summary Phase 0.114ms
[134.699s][info][gc,phases,start] GC(310) Adjust Roots
[134.699s][info][gc,phases      ] GC(310) Adjust Roots 0.337ms
[134.699s][info][gc,phases,start] GC(310) Compaction Phase
[136.994s][info][gc,phases      ] GC(310) Compaction Phase 2294.861ms
[136.994s][info][gc,phases,start] GC(310) Post Compact
[137.008s][info][gc,phases      ] GC(310) Post Compact 13.639ms
[137.008s][info][gc,heap        ] GC(310) PSYoungGen: 166978K(376320K)->166978K(376320K) Eden: 127487K(127488K)->127487K(127488K) From: 39490K(248832K)->39490K(248832K)
[137.008s][info][gc,heap        ] GC(310) ParOldGen: 9079807K(9079808K)->9079806K(9079808K)
[137.008s][info][gc,metaspace   ] GC(310) Metaspace: 6298K(6464K)->6298K(6464K) NonClass: 5766K(5824K)->5766K(5824K) Class: 532K(640K)->532K(640K)
[137.008s][info][gc             ] GC(310) Pause Full (Ergonomics) 9030M->9030M(9234M) 4400.995ms
[137.008s][info][gc,cpu         ] GC(310) User=33.03s Sys=0.00s Real=4.40s
[137.009s][info][gc,start       ] GC(311) Pause Full (Ergonomics)
[137.009s][info][gc,phases,start] GC(311) Marking Phase
[139.129s][info][gc,phases      ] GC(311) Marking Phase 2119.387ms
[139.129s][info][gc,phases,start] GC(311) Summary Phase
[139.129s][info][gc,phases      ] GC(311) Summary Phase 0.095ms
[139.129s][info][gc,phases,start] GC(311) Adjust Roots
[139.129s][info][gc,phases      ] GC(311) Adjust Roots 0.308ms
[139.129s][info][gc,phases,start] GC(311) Compaction Phase
[141.427s][info][gc,phases      ] GC(311) Compaction Phase 2297.870ms
[141.427s][info][gc,phases,start] GC(311) Post Compact
[141.441s][info][gc,phases      ] GC(311) Post Compact 13.922ms
[141.441s][info][gc,heap        ] GC(311) PSYoungGen: 166978K(376320K)->166978K(376320K) Eden: 127488K(127488K)->127488K(127488K) From: 39490K(248832K)->39490K(248832K)
[141.441s][info][gc,heap        ] GC(311) ParOldGen: 9079807K(9079808K)->9079805K(9079808K)
[141.441s][info][gc,metaspace   ] GC(311) Metaspace: 6300K(6464K)->6300K(6464K) NonClass: 5766K(5824K)->5766K(5824K) Class: 533K(640K)->533K(640K)
[141.441s][info][gc             ] GC(311) Pause Full (Ergonomics) 9030M->9030M(9234M) 4431.959ms
[141.441s][info][gc,cpu         ] GC(311) User=33.50s Sys=0.00s Real=4.43s
[141.442s][info][gc,start       ] GC(312) Pause Full (Ergonomics)
[141.442s][info][gc,phases,start] GC(312) Marking Phase
[143.539s][info][gc,phases      ] GC(312) Marking Phase 2097.257ms
[143.539s][info][gc,phases,start] GC(312) Summary Phase
[143.539s][info][gc,phases      ] GC(312) Summary Phase 0.087ms
[143.539s][info][gc,phases,start] GC(312) Adjust Roots
[143.540s][info][gc,phases      ] GC(312) Adjust Roots 0.241ms
[143.540s][info][gc,phases,start] GC(312) Compaction Phase
[145.819s][info][gc,phases      ] GC(312) Compaction Phase 2278.893ms
[145.819s][info][gc,phases,start] GC(312) Post Compact
[145.832s][info][gc,phases      ] GC(312) Post Compact 13.539ms
[145.832s][info][gc,heap        ] GC(312) PSYoungGen: 166978K(376320K)->166978K(376320K) Eden: 127488K(127488K)->127488K(127488K) From: 39490K(248832K)->39490K(248832K)
[145.832s][info][gc,heap        ] GC(312) ParOldGen: 9079805K(9079808K)->9079805K(9079808K)
[145.832s][info][gc,metaspace   ] GC(312) Metaspace: 6303K(6528K)->6303K(6528K) NonClass: 5768K(5888K)->5768K(5888K) Class: 534K(640K)->534K(640K)
[145.832s][info][gc             ] GC(312) Pause Full (Ergonomics) 9030M->9030M(9234M) 4390.387ms
[145.832s][info][gc,cpu         ] GC(312) User=33.11s Sys=0.02s Real=4.39s
[145.832s][info][gc,heap,exit   ] Heap
[145.833s][info][gc,heap,exit   ]  PSYoungGen      total 376320K, used 166978K [0x00000006eaf00000, 0x0000000737380000, 0x0000000800000000)
[145.833s][info][gc,heap,exit   ]   eden space 127488K, 100% used [0x00000006eaf00000,0x00000006f2b80000,0x00000006f2b80000)
[145.833s][info][gc,heap,exit   ]   from space 248832K, 15% used [0x00000006f2b80000,0x00000006f5210a00,0x0000000701e80000)
[145.833s][info][gc,heap,exit   ]   to   space 552960K, 0% used [0x0000000715780000,0x0000000715780000,0x0000000737380000)
[145.833s][info][gc,heap,exit   ]  ParOldGen       total 9079808K, used 9079805K [0x00000004c0c00000, 0x00000006eaf00000, 0x00000006eaf00000)
[145.833s][info][gc,heap,exit   ]   object space 9079808K, 99% used [0x00000004c0c00000,0x00000006eaeff650,0x00000006eaf00000)
[145.833s][info][gc,heap,exit   ]  Metaspace       used 6303K, committed 6528K, reserved 1114112K
[145.833s][info][gc,heap,exit   ]   class space    used 534K, committed 640K, reserved 1048576K
