[0.012s][info][gc,init] CardTable entry size: 512
[0.012s][info][gc     ] Using Parallel
[0.013s][info][gc,init] Version: 18.0.1+10 (release)
[0.013s][info][gc,init] CPUs: 8 total, 8 available
[0.013s][info][gc,init] Memory: 16063M
[0.013s][info][gc,init] Large Page Support: Disabled
[0.013s][info][gc,init] NUMA Support: Disabled
[0.013s][info][gc,init] Compressed Oops: Enabled (Zero based)
[0.013s][info][gc,init] Alignments: Space 512K, Generation 512K, Heap 2M
[0.013s][info][gc,init] Heap Min Capacity: 2M
[0.013s][info][gc,init] Heap Initial Capacity: 2M
[0.013s][info][gc,init] Heap Max Capacity: 13000M
[0.013s][info][gc,init] Pre-touch: Disabled
[0.013s][info][gc,init] Parallel Workers: 8
[0.014s][info][gc,metaspace] CDS archive(s) not mapped
[0.014s][info][gc,metaspace] Compressed class space mapped at: 0x0000000800000000-0x0000000840000000, reserved size: 1073741824
[0.014s][info][gc,metaspace] Narrow klass base: 0x0000000800000000, Narrow klass shift: 0, Narrow klass range: 0x40000000
[0.106s][info][gc,start    ] GC(0) Pause Young (Allocation Failure)
[0.107s][info][gc,heap     ] GC(0) PSYoungGen: 512K(1024K)->480K(1024K) Eden: 512K(512K)->0K(512K) From: 0K(512K)->480K(512K)
[0.107s][info][gc,heap     ] GC(0) ParOldGen: 0K(512K)->8K(512K)
[0.107s][info][gc,metaspace] GC(0) Metaspace: 4229K(4352K)->4229K(4352K) NonClass: 3908K(3968K)->3908K(3968K) Class: 321K(384K)->321K(384K)
[0.107s][info][gc          ] GC(0) Pause Young (Allocation Failure) 0M->0M(1M) 1.408ms
[0.107s][info][gc,cpu      ] GC(0) User=0.00s Sys=0.00s Real=0.00s
[0.171s][info][gc,start    ] GC(1) Pause Young (Allocation Failure)
[0.172s][info][gc,heap     ] GC(1) PSYoungGen: 991K(1024K)->512K(1536K) Eden: 511K(512K)->0K(1024K) From: 480K(512K)->512K(512K)
[0.172s][info][gc,heap     ] GC(1) ParOldGen: 8K(512K)->80K(512K)
[0.172s][info][gc,metaspace] GC(1) Metaspace: 5881K(6016K)->5881K(6016K) NonClass: 5384K(5504K)->5384K(5504K) Class: 496K(512K)->496K(512K)
[0.172s][info][gc          ] GC(1) Pause Young (Allocation Failure) 0M->0M(2M) 0.883ms
[0.172s][info][gc,cpu      ] GC(1) User=0.00s Sys=0.00s Real=0.00s
[0.192s][info][gc,start    ] GC(2) Pause Young (Allocation Failure)
[0.193s][info][gc,heap     ] GC(2) PSYoungGen: 1536K(1536K)->512K(1536K) Eden: 1024K(1024K)->0K(1024K) From: 512K(512K)->512K(512K)
[0.193s][info][gc,heap     ] GC(2) ParOldGen: 80K(512K)->496K(512K)
[0.193s][info][gc,metaspace] GC(2) Metaspace: 6300K(6464K)->6300K(6464K) NonClass: 5766K(5824K)->5766K(5824K) Class: 533K(640K)->533K(640K)
[0.193s][info][gc          ] GC(2) Pause Young (Allocation Failure) 1M->0M(2M) 1.298ms
[0.193s][info][gc,cpu      ] GC(2) User=0.02s Sys=0.00s Real=0.00s
[0.193s][info][gc,start    ] GC(3) Pause Full (Ergonomics)
[0.193s][info][gc,phases,start] GC(3) Marking Phase
[0.194s][info][gc,phases      ] GC(3) Marking Phase 0.925ms
[0.194s][info][gc,phases,start] GC(3) Summary Phase
[0.194s][info][gc,phases      ] GC(3) Summary Phase 0.015ms
[0.194s][info][gc,phases,start] GC(3) Adjust Roots
[0.195s][info][gc,phases      ] GC(3) Adjust Roots 0.355ms
[0.195s][info][gc,phases,start] GC(3) Compaction Phase
[0.196s][info][gc,phases      ] GC(3) Compaction Phase 1.565ms
[0.196s][info][gc,phases,start] GC(3) Post Compact
[0.196s][info][gc,phases      ] GC(3) Post Compact 0.098ms
[0.196s][info][gc,heap        ] GC(3) PSYoungGen: 512K(1536K)->510K(1536K) Eden: 0K(1024K)->0K(1024K) From: 512K(512K)->510K(512K)
[0.196s][info][gc,heap        ] GC(3) ParOldGen: 496K(512K)->470K(2048K)
[0.196s][info][gc,metaspace   ] GC(3) Metaspace: 6300K(6464K)->6300K(6464K) NonClass: 5766K(5824K)->5766K(5824K) Class: 533K(640K)->533K(640K)
[0.197s][info][gc             ] GC(3) Pause Full (Ergonomics) 0M->0M(3M) 3.230ms
[0.197s][info][gc,cpu         ] GC(3) User=0.00s Sys=0.00s Real=0.00s
[0.198s][info][gc,start       ] GC(4) Pause Young (Allocation Failure)
[0.199s][info][gc,heap        ] GC(4) PSYoungGen: 1534K(1536K)->480K(2560K) Eden: 1024K(1024K)->0K(2048K) From: 510K(512K)->480K(512K)
[0.199s][info][gc,heap        ] GC(4) ParOldGen: 470K(2048K)->1034K(2048K)
[0.200s][info][gc,metaspace   ] GC(4) Metaspace: 6300K(6464K)->6300K(6464K) NonClass: 5766K(5824K)->5766K(5824K) Class: 533K(640K)->533K(640K)
[0.200s][info][gc             ] GC(4) Pause Young (Allocation Failure) 1M->1M(4M) 1.537ms
[0.200s][info][gc,cpu         ] GC(4) User=0.00s Sys=0.00s Real=0.00s
[0.202s][info][gc,start       ] GC(5) Pause Young (Allocation Failure)
[0.204s][info][gc,heap        ] GC(5) PSYoungGen: 2528K(2560K)->480K(2560K) Eden: 2048K(2048K)->0K(2048K) From: 480K(512K)->480K(512K)
[0.204s][info][gc,heap        ] GC(5) ParOldGen: 1034K(2048K)->2106K(2560K)
[0.204s][info][gc,metaspace   ] GC(5) Metaspace: 6300K(6464K)->6300K(6464K) NonClass: 5766K(5824K)->5766K(5824K) Class: 533K(640K)->533K(640K)
[0.204s][info][gc             ] GC(5) Pause Young (Allocation Failure) 3M->2M(5M) 1.859ms
[0.204s][info][gc,cpu         ] GC(5) User=0.00s Sys=0.00s Real=0.00s
[0.204s][info][gc,start       ] GC(6) Pause Full (Ergonomics)
[0.204s][info][gc,phases,start] GC(6) Marking Phase
[0.206s][info][gc,phases      ] GC(6) Marking Phase 1.502ms
[0.206s][info][gc,phases,start] GC(6) Summary Phase
[0.206s][info][gc,phases      ] GC(6) Summary Phase 0.015ms
[0.206s][info][gc,phases,start] GC(6) Adjust Roots
[0.206s][info][gc,phases      ] GC(6) Adjust Roots 0.298ms
[0.206s][info][gc,phases,start] GC(6) Compaction Phase
[0.208s][info][gc,phases      ] GC(6) Compaction Phase 2.019ms
[0.208s][info][gc,phases,start] GC(6) Post Compact
[0.208s][info][gc,phases      ] GC(6) Post Compact 0.028ms
[0.208s][info][gc,heap        ] GC(6) PSYoungGen: 480K(2560K)->0K(4096K) Eden: 0K(2048K)->0K(3072K) From: 480K(512K)->0K(1024K)
[0.208s][info][gc,heap        ] GC(6) ParOldGen: 2106K(2560K)->2542K(6144K)
[0.209s][info][gc,metaspace   ] GC(6) Metaspace: 6300K(6464K)->6300K(6464K) NonClass: 5766K(5824K)->5766K(5824K) Class: 533K(640K)->533K(640K)
[0.209s][info][gc             ] GC(6) Pause Full (Ergonomics) 2M->2M(10M) 4.163ms
[0.209s][info][gc,cpu         ] GC(6) User=0.00s Sys=0.00s Real=0.00s
[0.213s][info][gc,start       ] GC(7) Pause Young (Allocation Failure)
[0.215s][info][gc,heap        ] GC(7) PSYoungGen: 3072K(4096K)->1664K(5120K) Eden: 3072K(3072K)->0K(3072K) From: 0K(1024K)->1664K(2048K)
[0.215s][info][gc,heap        ] GC(7) ParOldGen: 2542K(6144K)->2542K(6144K)
[0.215s][info][gc,metaspace   ] GC(7) Metaspace: 6300K(6464K)->6300K(6464K) NonClass: 5766K(5824K)->5766K(5824K) Class: 533K(640K)->533K(640K)
[0.215s][info][gc             ] GC(7) Pause Young (Allocation Failure) 5M->4M(11M) 1.725ms
[0.215s][info][gc,cpu         ] GC(7) User=0.00s Sys=0.00s Real=0.00s
[0.219s][info][gc,start       ] GC(8) Pause Young (Allocation Failure)
[0.222s][info][gc,heap        ] GC(8) PSYoungGen: 4736K(5120K)->2016K(5632K) Eden: 3072K(3072K)->0K(3584K) From: 1664K(2048K)->2016K(2048K)
[0.222s][info][gc,heap        ] GC(8) ParOldGen: 2542K(6144K)->3774K(6144K)
[0.222s][info][gc,metaspace   ] GC(8) Metaspace: 6300K(6464K)->6300K(6464K) NonClass: 5766K(5824K)->5766K(5824K) Class: 533K(640K)->533K(640K)
[0.222s][info][gc             ] GC(8) Pause Young (Allocation Failure) 7M->5M(11M) 3.124ms
[0.222s][info][gc,cpu         ] GC(8) User=0.00s Sys=0.00s Real=0.00s
[0.228s][info][gc,start       ] GC(9) Pause Young (Allocation Failure)
[0.231s][info][gc,heap        ] GC(9) PSYoungGen: 5600K(5632K)->3040K(6656K) Eden: 3584K(3584K)->0K(3584K) From: 2016K(2048K)->3040K(3072K)
[0.231s][info][gc,heap        ] GC(9) ParOldGen: 3774K(6144K)->4614K(6144K)
[0.231s][info][gc,metaspace   ] GC(9) Metaspace: 6300K(6464K)->6300K(6464K) NonClass: 5766K(5824K)->5766K(5824K) Class: 533K(640K)->533K(640K)
[0.231s][info][gc             ] GC(9) Pause Young (Allocation Failure) 9M->7M(12M) 3.285ms
[0.231s][info][gc,cpu         ] GC(9) User=0.00s Sys=0.00s Real=0.00s
[0.235s][info][gc,start       ] GC(10) Pause Young (Allocation Failure)
[0.240s][info][gc,heap        ] GC(10) PSYoungGen: 6624K(6656K)->4064K(9216K) Eden: 3584K(3584K)->0K(5120K) From: 3040K(3072K)->4064K(4096K)
[0.240s][info][gc,heap        ] GC(10) ParOldGen: 4614K(6144K)->5454K(6144K)
[0.240s][info][gc,metaspace   ] GC(10) Metaspace: 6300K(6464K)->6300K(6464K) NonClass: 5766K(5824K)->5766K(5824K) Class: 533K(640K)->533K(640K)
[0.240s][info][gc             ] GC(10) Pause Young (Allocation Failure) 10M->9M(15M) 4.484ms
[0.240s][info][gc,cpu         ] GC(10) User=0.02s Sys=0.00s Real=0.00s
[0.240s][info][gc,start       ] GC(11) Pause Full (Ergonomics)
[0.240s][info][gc,phases,start] GC(11) Marking Phase
[0.244s][info][gc,phases      ] GC(11) Marking Phase 4.302ms
[0.244s][info][gc,phases,start] GC(11) Summary Phase
[0.244s][info][gc,phases      ] GC(11) Summary Phase 0.016ms
[0.244s][info][gc,phases,start] GC(11) Adjust Roots
[0.245s][info][gc,phases      ] GC(11) Adjust Roots 0.416ms
[0.245s][info][gc,phases,start] GC(11) Compaction Phase
[0.252s][info][gc,phases      ] GC(11) Compaction Phase 7.013ms
[0.252s][info][gc,phases,start] GC(11) Post Compact
[0.252s][info][gc,phases      ] GC(11) Post Compact 0.065ms
[0.252s][info][gc,heap        ] GC(11) PSYoungGen: 4064K(9216K)->3545K(9216K) Eden: 0K(5120K)->0K(5120K) From: 4064K(4096K)->3545K(4096K)
[0.252s][info][gc,heap        ] GC(11) ParOldGen: 5454K(6144K)->5831K(10752K)
[0.252s][info][gc,metaspace   ] GC(11) Metaspace: 6300K(6464K)->6300K(6464K) NonClass: 5766K(5824K)->5766K(5824K) Class: 533K(640K)->533K(640K)
[0.252s][info][gc             ] GC(11) Pause Full (Ergonomics) 9M->9M(19M) 12.150ms
[0.252s][info][gc,cpu         ] GC(11) User=0.00s Sys=0.00s Real=0.01s
[0.259s][info][gc,start       ] GC(12) Pause Young (Allocation Failure)
[0.264s][info][gc,heap        ] GC(12) PSYoungGen: 8665K(9216K)->5088K(10240K) Eden: 5120K(5120K)->0K(5120K) From: 3545K(4096K)->5088K(5120K)
[0.264s][info][gc,heap        ] GC(12) ParOldGen: 5831K(10752K)->6951K(10752K)
[0.264s][info][gc,metaspace   ] GC(12) Metaspace: 6300K(6464K)->6300K(6464K) NonClass: 5766K(5824K)->5766K(5824K) Class: 533K(640K)->533K(640K)
[0.264s][info][gc             ] GC(12) Pause Young (Allocation Failure) 14M->11M(20M) 4.393ms
[0.264s][info][gc,cpu         ] GC(12) User=0.00s Sys=0.00s Real=0.00s
[0.269s][info][gc,start       ] GC(13) Pause Young (Allocation Failure)
[0.274s][info][gc,heap        ] GC(13) PSYoungGen: 10208K(10240K)->6496K(12800K) Eden: 5120K(5120K)->0K(6144K) From: 5088K(5120K)->6496K(6656K)
[0.274s][info][gc,heap        ] GC(13) ParOldGen: 6951K(10752K)->8239K(10752K)
[0.274s][info][gc,metaspace   ] GC(13) Metaspace: 6302K(6464K)->6302K(6464K) NonClass: 5768K(5824K)->5768K(5824K) Class: 533K(640K)->533K(640K)
[0.274s][info][gc             ] GC(13) Pause Young (Allocation Failure) 16M->14M(23M) 5.694ms
[0.274s][info][gc,cpu         ] GC(13) User=0.02s Sys=0.00s Real=0.01s
[0.279s][info][gc,start       ] GC(14) Pause Young (Allocation Failure)
[0.284s][info][gc,heap        ] GC(14) PSYoungGen: 12640K(12800K)->5824K(13824K) Eden: 6144K(6144K)->0K(6144K) From: 6496K(6656K)->5824K(7680K)
[0.284s][info][gc,heap        ] GC(14) ParOldGen: 8239K(10752K)->12119K(12288K)
[0.284s][info][gc,metaspace   ] GC(14) Metaspace: 6302K(6464K)->6302K(6464K) NonClass: 5768K(5824K)->5768K(5824K) Class: 533K(640K)->533K(640K)
[0.284s][info][gc             ] GC(14) Pause Young (Allocation Failure) 20M->17M(25M) 5.721ms
[0.284s][info][gc,cpu         ] GC(14) User=0.00s Sys=0.00s Real=0.01s
[0.284s][info][gc,start       ] GC(15) Pause Full (Ergonomics)
[0.284s][info][gc,phases,start] GC(15) Marking Phase
[0.292s][info][gc,phases      ] GC(15) Marking Phase 7.987ms
[0.292s][info][gc,phases,start] GC(15) Summary Phase
[0.292s][info][gc,phases      ] GC(15) Summary Phase 0.021ms
[0.292s][info][gc,phases,start] GC(15) Adjust Roots
[0.293s][info][gc,phases      ] GC(15) Adjust Roots 0.218ms
[0.293s][info][gc,phases,start] GC(15) Compaction Phase
[0.301s][info][gc,phases      ] GC(15) Compaction Phase 7.959ms
[0.301s][info][gc,phases,start] GC(15) Post Compact
[0.301s][info][gc,phases      ] GC(15) Post Compact 0.094ms
[0.301s][info][gc,heap        ] GC(15) PSYoungGen: 5824K(13824K)->5758K(13824K) Eden: 0K(6144K)->0K(6144K) From: 5824K(7680K)->5758K(7680K)
[0.301s][info][gc,heap        ] GC(15) ParOldGen: 12119K(12288K)->12006K(18944K)
[0.301s][info][gc,metaspace   ] GC(15) Metaspace: 6302K(6464K)->6302K(6464K) NonClass: 5768K(5824K)->5768K(5824K) Class: 533K(640K)->533K(640K)
[0.301s][info][gc             ] GC(15) Pause Full (Ergonomics) 17M->17M(32M) 16.882ms
[0.301s][info][gc,cpu         ] GC(15) User=0.00s Sys=0.00s Real=0.02s
[0.305s][info][gc,start       ] GC(16) Pause Young (Allocation Failure)
[0.312s][info][gc,heap        ] GC(16) PSYoungGen: 11902K(13824K)->3200K(15872K) Eden: 6144K(6144K)->0K(8704K) From: 5758K(7680K)->3200K(7168K)
[0.312s][info][gc,heap        ] GC(16) ParOldGen: 12006K(18944K)->17862K(18944K)
[0.312s][info][gc,metaspace   ] GC(16) Metaspace: 6302K(6464K)->6302K(6464K) NonClass: 5768K(5824K)->5768K(5824K) Class: 533K(640K)->533K(640K)
[0.312s][info][gc             ] GC(16) Pause Young (Allocation Failure) 23M->20M(34M) 7.246ms
[0.312s][info][gc,cpu         ] GC(16) User=0.00s Sys=0.00s Real=0.01s
[0.313s][info][gc,start       ] GC(17) Pause Full (Ergonomics)
[0.313s][info][gc,phases,start] GC(17) Marking Phase
[0.321s][info][gc,phases      ] GC(17) Marking Phase 8.499ms
[0.321s][info][gc,phases,start] GC(17) Summary Phase
[0.321s][info][gc,phases      ] GC(17) Summary Phase 0.015ms
[0.321s][info][gc,phases,start] GC(17) Adjust Roots
[0.321s][info][gc,phases      ] GC(17) Adjust Roots 0.216ms
[0.321s][info][gc,phases,start] GC(17) Compaction Phase
[0.328s][info][gc,phases      ] GC(17) Compaction Phase 6.372ms
[0.328s][info][gc,phases,start] GC(17) Post Compact
[0.328s][info][gc,phases      ] GC(17) Post Compact 0.096ms
[0.328s][info][gc,heap        ] GC(17) PSYoungGen: 3200K(15872K)->2146K(16384K) Eden: 0K(8704K)->0K(9216K) From: 3200K(7168K)->2146K(7168K)
[0.328s][info][gc,heap        ] GC(17) ParOldGen: 17862K(18944K)->18786K(28672K)
[0.328s][info][gc,metaspace   ] GC(17) Metaspace: 6302K(6464K)->6302K(6464K) NonClass: 5768K(5824K)->5768K(5824K) Class: 533K(640K)->533K(640K)
[0.328s][info][gc             ] GC(17) Pause Full (Ergonomics) 20M->20M(44M) 15.503ms
[0.328s][info][gc,cpu         ] GC(17) User=0.02s Sys=0.00s Real=0.01s
[0.336s][info][gc,start       ] GC(18) Pause Young (Allocation Failure)
[0.342s][info][gc,heap        ] GC(18) PSYoungGen: 11362K(16384K)->5312K(16896K) Eden: 9216K(9216K)->0K(9216K) From: 2146K(7168K)->5312K(7680K)
[0.342s][info][gc,heap        ] GC(18) ParOldGen: 18786K(28672K)->20978K(28672K)
[0.342s][info][gc,metaspace   ] GC(18) Metaspace: 6302K(6464K)->6302K(6464K) NonClass: 5768K(5824K)->5768K(5824K) Class: 533K(640K)->533K(640K)
[0.342s][info][gc             ] GC(18) Pause Young (Allocation Failure) 29M->25M(44M) 6.129ms
[0.342s][info][gc,cpu         ] GC(18) User=0.00s Sys=0.00s Real=0.01s
[0.348s][info][gc,start       ] GC(19) Pause Young (Allocation Failure)
[0.356s][info][gc,heap        ] GC(19) PSYoungGen: 14528K(16896K)->4800K(20480K) Eden: 9216K(9216K)->0K(12288K) From: 5312K(7680K)->4800K(8192K)
[0.356s][info][gc,heap        ] GC(19) ParOldGen: 20978K(28672K)->26314K(28672K)
[0.356s][info][gc,metaspace   ] GC(19) Metaspace: 6302K(6464K)->6302K(6464K) NonClass: 5768K(5824K)->5768K(5824K) Class: 533K(640K)->533K(640K)
[0.356s][info][gc             ] GC(19) Pause Young (Allocation Failure) 34M->30M(48M) 8.391ms
[0.356s][info][gc,cpu         ] GC(19) User=0.03s Sys=0.00s Real=0.01s
[0.356s][info][gc,start       ] GC(20) Pause Full (Ergonomics)
[0.356s][info][gc,phases,start] GC(20) Marking Phase
[0.369s][info][gc,phases      ] GC(20) Marking Phase 12.244ms
[0.369s][info][gc,phases,start] GC(20) Summary Phase
[0.369s][info][gc,phases      ] GC(20) Summary Phase 0.015ms
[0.369s][info][gc,phases,start] GC(20) Adjust Roots
[0.369s][info][gc,phases      ] GC(20) Adjust Roots 0.183ms
[0.369s][info][gc,phases,start] GC(20) Compaction Phase
[0.380s][info][gc,phases      ] GC(20) Compaction Phase 10.790ms
[0.380s][info][gc,phases,start] GC(20) Post Compact
[0.380s][info][gc,phases      ] GC(20) Post Compact 0.115ms
[0.380s][info][gc,heap        ] GC(20) PSYoungGen: 4800K(20480K)->2206K(20480K) Eden: 0K(12288K)->0K(12288K) From: 4800K(8192K)->2206K(8192K)
[0.380s][info][gc,heap        ] GC(20) ParOldGen: 26314K(28672K)->28232K(39936K)
[0.380s][info][gc,metaspace   ] GC(20) Metaspace: 6302K(6464K)->6302K(6464K) NonClass: 5768K(5824K)->5768K(5824K) Class: 533K(640K)->533K(640K)
[0.380s][info][gc             ] GC(20) Pause Full (Ergonomics) 30M->29M(59M) 23.665ms
[0.380s][info][gc,cpu         ] GC(20) User=0.02s Sys=0.00s Real=0.02s
[0.392s][info][gc,start       ] GC(21) Pause Young (Allocation Failure)
[0.403s][info][gc,heap        ] GC(21) PSYoungGen: 14494K(20480K)->8192K(20480K) Eden: 12288K(12288K)->0K(12288K) From: 2206K(8192K)->8192K(8192K)
[0.403s][info][gc,heap        ] GC(21) ParOldGen: 28232K(39936K)->33808K(39936K)
[0.403s][info][gc,metaspace   ] GC(21) Metaspace: 6302K(6464K)->6302K(6464K) NonClass: 5768K(5824K)->5768K(5824K) Class: 533K(640K)->533K(640K)
[0.403s][info][gc             ] GC(21) Pause Young (Allocation Failure) 41M->41M(59M) 11.686ms
[0.403s][info][gc,cpu         ] GC(21) User=0.02s Sys=0.00s Real=0.01s
[0.403s][info][gc,start       ] GC(22) Pause Full (Ergonomics)
[0.403s][info][gc,phases,start] GC(22) Marking Phase
[0.421s][info][gc,phases      ] GC(22) Marking Phase 17.187ms
[0.421s][info][gc,phases,start] GC(22) Summary Phase
[0.421s][info][gc,phases      ] GC(22) Summary Phase 0.017ms
[0.421s][info][gc,phases,start] GC(22) Adjust Roots
[0.421s][info][gc,phases      ] GC(22) Adjust Roots 0.159ms
[0.421s][info][gc,phases,start] GC(22) Compaction Phase
[0.431s][info][gc,phases      ] GC(22) Compaction Phase 9.916ms
[0.431s][info][gc,phases,start] GC(22) Post Compact
[0.431s][info][gc,phases      ] GC(22) Post Compact 0.219ms
[0.431s][info][gc,heap        ] GC(22) PSYoungGen: 8192K(20480K)->2044K(20480K) Eden: 0K(12288K)->0K(12288K) From: 8192K(8192K)->2044K(8192K)
[0.431s][info][gc,heap        ] GC(22) ParOldGen: 33808K(39936K)->39848K(54272K)
[0.431s][info][gc,metaspace   ] GC(22) Metaspace: 6302K(6464K)->6302K(6464K) NonClass: 5768K(5824K)->5768K(5824K) Class: 533K(640K)->533K(640K)
[0.431s][info][gc             ] GC(22) Pause Full (Ergonomics) 41M->40M(73M) 27.947ms
[0.431s][info][gc,cpu         ] GC(22) User=0.05s Sys=0.00s Real=0.03s
[0.446s][info][gc,start       ] GC(23) Pause Young (Allocation Failure)
[0.458s][info][gc,heap        ] GC(23) PSYoungGen: 14332K(20480K)->11744K(24064K) Eden: 12288K(12288K)->0K(12288K) From: 2044K(8192K)->11744K(11776K)
[0.458s][info][gc,heap        ] GC(23) ParOldGen: 39848K(54272K)->42480K(54272K)
[0.458s][info][gc,metaspace   ] GC(23) Metaspace: 6302K(6464K)->6302K(6464K) NonClass: 5768K(5824K)->5768K(5824K) Class: 533K(640K)->533K(640K)
[0.458s][info][gc             ] GC(23) Pause Young (Allocation Failure) 52M->52M(76M) 12.483ms
[0.458s][info][gc,cpu         ] GC(23) User=0.02s Sys=0.00s Real=0.01s
[0.470s][info][gc,start       ] GC(24) Pause Young (Allocation Failure)
[0.486s][info][gc,heap        ] GC(24) PSYoungGen: 24032K(24064K)->12320K(26624K) Eden: 12288K(12288K)->0K(12288K) From: 11744K(11776K)->12320K(14336K)
[0.486s][info][gc,heap        ] GC(24) ParOldGen: 42480K(54272K)->54368K(54784K)
[0.486s][info][gc,metaspace   ] GC(24) Metaspace: 6302K(6464K)->6302K(6464K) NonClass: 5768K(5824K)->5768K(5824K) Class: 533K(640K)->533K(640K)
[0.486s][info][gc             ] GC(24) Pause Young (Allocation Failure) 64M->65M(79M) 15.567ms
[0.486s][info][gc,cpu         ] GC(24) User=0.02s Sys=0.00s Real=0.01s
[0.486s][info][gc,start       ] GC(25) Pause Full (Ergonomics)
[0.486s][info][gc,phases,start] GC(25) Marking Phase
[0.511s][info][gc,phases      ] GC(25) Marking Phase 24.929ms
[0.511s][info][gc,phases,start] GC(25) Summary Phase
[0.511s][info][gc,phases      ] GC(25) Summary Phase 0.017ms
[0.511s][info][gc,phases,start] GC(25) Adjust Roots
[0.511s][info][gc,phases      ] GC(25) Adjust Roots 0.165ms
[0.511s][info][gc,phases,start] GC(25) Compaction Phase
[0.530s][info][gc,phases      ] GC(25) Compaction Phase 18.866ms
[0.530s][info][gc,phases,start] GC(25) Post Compact
[0.530s][info][gc,phases      ] GC(25) Post Compact 0.204ms
[0.530s][info][gc,heap        ] GC(25) PSYoungGen: 12320K(26624K)->10723K(26624K) Eden: 0K(12288K)->0K(12288K) From: 12320K(14336K)->10723K(14336K)
[0.530s][info][gc,heap        ] GC(25) ParOldGen: 54368K(54784K)->54664K(73728K)
[0.530s][info][gc,metaspace   ] GC(25) Metaspace: 6302K(6464K)->6302K(6464K) NonClass: 5768K(5824K)->5768K(5824K) Class: 533K(640K)->533K(640K)
[0.530s][info][gc             ] GC(25) Pause Full (Ergonomics) 65M->63M(98M) 44.524ms
[0.530s][info][gc,cpu         ] GC(25) User=0.06s Sys=0.00s Real=0.05s
[0.542s][info][gc,start       ] GC(26) Pause Young (Allocation Failure)
[0.561s][info][gc,heap        ] GC(26) PSYoungGen: 23011K(26624K)->12320K(30208K) Eden: 12288K(12288K)->0K(13824K) From: 10723K(14336K)->12320K(16384K)
[0.561s][info][gc,heap        ] GC(26) ParOldGen: 54664K(73728K)->65568K(73728K)
[0.561s][info][gc,metaspace   ] GC(26) Metaspace: 6302K(6464K)->6302K(6464K) NonClass: 5768K(5824K)->5768K(5824K) Class: 533K(640K)->533K(640K)
[0.561s][info][gc             ] GC(26) Pause Young (Allocation Failure) 75M->76M(101M) 18.757ms
[0.561s][info][gc,cpu         ] GC(26) User=0.03s Sys=0.00s Real=0.02s
[0.561s][info][gc,start       ] GC(27) Pause Full (Ergonomics)
[0.561s][info][gc,phases,start] GC(27) Marking Phase
[0.592s][info][gc,phases      ] GC(27) Marking Phase 30.461ms
[0.592s][info][gc,phases,start] GC(27) Summary Phase
[0.592s][info][gc,phases      ] GC(27) Summary Phase 0.015ms
[0.592s][info][gc,phases,start] GC(27) Adjust Roots
[0.592s][info][gc,phases      ] GC(27) Adjust Roots 0.184ms
[0.592s][info][gc,phases,start] GC(27) Compaction Phase
[0.611s][info][gc,phases      ] GC(27) Compaction Phase 19.138ms
[0.611s][info][gc,phases,start] GC(27) Post Compact
[0.612s][info][gc,phases      ] GC(27) Post Compact 0.433ms
[0.612s][info][gc,heap        ] GC(27) PSYoungGen: 12320K(30208K)->4082K(30208K) Eden: 0K(13824K)->0K(13824K) From: 12320K(16384K)->4082K(16384K)
[0.612s][info][gc,heap        ] GC(27) ParOldGen: 65568K(73728K)->73563K(96256K)
[0.612s][info][gc,metaspace   ] GC(27) Metaspace: 6302K(6464K)->6302K(6464K) NonClass: 5768K(5824K)->5768K(5824K) Class: 533K(640K)->533K(640K)
[0.612s][info][gc             ] GC(27) Pause Full (Ergonomics) 76M->75M(123M) 50.674ms
[0.612s][info][gc,cpu         ] GC(27) User=0.06s Sys=0.00s Real=0.05s
[0.623s][info][gc,start       ] GC(28) Pause Young (Allocation Failure)
[0.638s][info][gc,heap        ] GC(28) PSYoungGen: 15390K(30208K)->15232K(31232K) Eden: 11307K(13824K)->0K(13824K) From: 4082K(16384K)->15232K(17408K)
[0.638s][info][gc,heap        ] GC(28) ParOldGen: 73563K(96256K)->73563K(96256K)
[0.638s][info][gc,metaspace   ] GC(28) Metaspace: 6302K(6464K)->6302K(6464K) NonClass: 5768K(5824K)->5768K(5824K) Class: 533K(640K)->533K(640K)
[0.638s][info][gc             ] GC(28) Pause Young (Allocation Failure) 86M->86M(124M) 15.145ms
[0.638s][info][gc,cpu         ] GC(28) User=0.02s Sys=0.00s Real=0.02s
[0.657s][info][gc,start       ] GC(29) Pause Young (Allocation Failure)
[0.679s][info][gc,heap        ] GC(29) PSYoungGen: 29056K(31232K)->19424K(29184K) Eden: 13824K(13824K)->0K(9728K) From: 15232K(17408K)->19424K(19456K)
[0.679s][info][gc,heap        ] GC(29) ParOldGen: 73563K(96256K)->83299K(96256K)
[0.679s][info][gc,metaspace   ] GC(29) Metaspace: 6302K(6464K)->6302K(6464K) NonClass: 5768K(5824K)->5768K(5824K) Class: 533K(640K)->533K(640K)
[0.679s][info][gc             ] GC(29) Pause Young (Allocation Failure) 100M->100M(122M) 21.877ms
[0.679s][info][gc,cpu         ] GC(29) User=0.03s Sys=0.00s Real=0.02s
[0.687s][info][gc,start       ] GC(30) Pause Young (Allocation Failure)
[0.703s][info][gc,heap        ] GC(30) PSYoungGen: 29152K(29184K)->18656K(35840K) Eden: 9728K(9728K)->0K(9728K) From: 19424K(19456K)->18656K(26112K)
[0.703s][info][gc,heap        ] GC(30) ParOldGen: 83299K(96256K)->93963K(96256K)
[0.703s][info][gc,metaspace   ] GC(30) Metaspace: 6302K(6464K)->6302K(6464K) NonClass: 5768K(5824K)->5768K(5824K) Class: 533K(640K)->533K(640K)
[0.703s][info][gc             ] GC(30) Pause Young (Allocation Failure) 109M->109M(129M) 16.329ms
[0.703s][info][gc,cpu         ] GC(30) User=0.02s Sys=0.00s Real=0.02s
[0.703s][info][gc,start       ] GC(31) Pause Full (Ergonomics)
[0.703s][info][gc,phases,start] GC(31) Marking Phase
[0.734s][info][gc,phases      ] GC(31) Marking Phase 31.251ms
[0.735s][info][gc,phases,start] GC(31) Summary Phase
[0.735s][info][gc,phases      ] GC(31) Summary Phase 0.015ms
[0.735s][info][gc,phases,start] GC(31) Adjust Roots
[0.735s][info][gc,phases      ] GC(31) Adjust Roots 0.146ms
[0.735s][info][gc,phases,start] GC(31) Compaction Phase
[0.759s][info][gc,phases      ] GC(31) Compaction Phase 24.617ms
[0.759s][info][gc,phases,start] GC(31) Post Compact
[0.760s][info][gc,phases      ] GC(31) Post Compact 0.354ms
[0.760s][info][gc,heap        ] GC(31) PSYoungGen: 18656K(35840K)->13993K(35840K) Eden: 0K(9728K)->0K(9728K) From: 18656K(26112K)->13993K(26112K)
[0.760s][info][gc,heap        ] GC(31) ParOldGen: 93963K(96256K)->96188K(123392K)
[0.760s][info][gc,metaspace   ] GC(31) Metaspace: 6302K(6464K)->6302K(6464K) NonClass: 5768K(5824K)->5768K(5824K) Class: 533K(640K)->533K(640K)
[0.760s][info][gc             ] GC(31) Pause Full (Ergonomics) 109M->107M(155M) 56.763ms
[0.760s][info][gc,cpu         ] GC(31) User=0.09s Sys=0.00s Real=0.06s
[0.769s][info][gc,start       ] GC(32) Pause Young (Allocation Failure)
[0.789s][info][gc,heap        ] GC(32) PSYoungGen: 23721K(35840K)->19296K(38400K) Eden: 9728K(9728K)->0K(10240K) From: 13993K(26112K)->19296K(28160K)
[0.789s][info][gc,heap        ] GC(32) ParOldGen: 96188K(123392K)->100756K(123392K)
[0.789s][info][gc,metaspace   ] GC(32) Metaspace: 6302K(6464K)->6302K(6464K) NonClass: 5768K(5824K)->5768K(5824K) Class: 533K(640K)->533K(640K)
[0.789s][info][gc             ] GC(32) Pause Young (Allocation Failure) 117M->117M(158M) 19.585ms
[0.789s][info][gc,cpu         ] GC(32) User=0.03s Sys=0.00s Real=0.02s
[0.798s][info][gc,start       ] GC(33) Pause Young (Allocation Failure)
[0.812s][info][gc,heap        ] GC(33) PSYoungGen: 29536K(38400K)->29536K(39936K) Eden: 10240K(10240K)->0K(10240K) From: 19296K(28160K)->29536K(29696K)
[0.812s][info][gc,heap        ] GC(33) ParOldGen: 100756K(123392K)->100756K(123392K)
[0.812s][info][gc,metaspace   ] GC(33) Metaspace: 6302K(6464K)->6302K(6464K) NonClass: 5768K(5824K)->5768K(5824K) Class: 533K(640K)->533K(640K)
[0.812s][info][gc             ] GC(33) Pause Young (Allocation Failure) 127M->127M(159M) 13.976ms
[0.812s][info][gc,cpu         ] GC(33) User=0.02s Sys=0.00s Real=0.01s
[0.822s][info][gc,start       ] GC(34) Pause Young (Allocation Failure)
[0.844s][info][gc,heap        ] GC(34) PSYoungGen: 39776K(39936K)->30208K(42496K) Eden: 10240K(10240K)->0K(8192K) From: 29536K(29696K)->30208K(34304K)
[0.844s][info][gc,heap        ] GC(34) ParOldGen: 100756K(123392K)->110420K(123392K)
[0.844s][info][gc,metaspace   ] GC(34) Metaspace: 6302K(6464K)->6302K(6464K) NonClass: 5768K(5824K)->5768K(5824K) Class: 533K(640K)->533K(640K)
[0.844s][info][gc             ] GC(34) Pause Young (Allocation Failure) 137M->137M(162M) 22.161ms
[0.844s][info][gc,cpu         ] GC(34) User=0.05s Sys=0.00s Real=0.02s
[0.844s][info][gc,start       ] GC(35) Pause Full (Ergonomics)
[0.844s][info][gc,phases,start] GC(35) Marking Phase
[0.881s][info][gc,phases      ] GC(35) Marking Phase 37.493ms
[0.881s][info][gc,phases,start] GC(35) Summary Phase
[0.881s][info][gc,phases      ] GC(35) Summary Phase 0.020ms
[0.881s][info][gc,phases,start] GC(35) Adjust Roots
[0.882s][info][gc,phases      ] GC(35) Adjust Roots 0.152ms
[0.882s][info][gc,phases,start] GC(35) Compaction Phase
[0.905s][info][gc,phases      ] GC(35) Compaction Phase 23.700ms
[0.905s][info][gc,phases,start] GC(35) Post Compact
[0.906s][info][gc,phases      ] GC(35) Post Compact 0.662ms
[0.906s][info][gc,heap        ] GC(35) PSYoungGen: 30208K(42496K)->17332K(42496K) Eden: 0K(8192K)->0K(8192K) From: 30208K(34304K)->17332K(34304K)
[0.906s][info][gc,heap        ] GC(35) ParOldGen: 110420K(123392K)->122956K(151552K)
[0.906s][info][gc,metaspace   ] GC(35) Metaspace: 6302K(6464K)->6302K(6464K) NonClass: 5768K(5824K)->5768K(5824K) Class: 533K(640K)->533K(640K)
[0.906s][info][gc             ] GC(35) Pause Full (Ergonomics) 137M->137M(189M) 62.607ms
[0.906s][info][gc,cpu         ] GC(35) User=0.12s Sys=0.00s Real=0.06s
[0.914s][info][gc,start       ] GC(36) Pause Young (Allocation Failure)
[0.934s][info][gc,heap        ] GC(36) PSYoungGen: 25524K(42496K)->13440K(22016K) Eden: 8192K(8192K)->0K(8192K) From: 17332K(34304K)->13440K(13824K)
[0.934s][info][gc,heap        ] GC(36) ParOldGen: 122956K(151552K)->135292K(151552K)
[0.934s][info][gc,metaspace   ] GC(36) Metaspace: 6302K(6464K)->6302K(6464K) NonClass: 5768K(5824K)->5768K(5824K) Class: 533K(640K)->533K(640K)
[0.934s][info][gc             ] GC(36) Pause Young (Allocation Failure) 145M->145M(169M) 19.585ms
[0.934s][info][gc,cpu         ] GC(36) User=0.02s Sys=0.03s Real=0.02s
[0.942s][info][gc,start       ] GC(37) Pause Young (Allocation Failure)
[0.953s][info][gc,heap        ] GC(37) PSYoungGen: 21632K(22016K)->16416K(43008K) Eden: 8192K(8192K)->0K(9728K) From: 13440K(13824K)->16416K(33280K)
[0.953s][info][gc,heap        ] GC(37) ParOldGen: 135292K(151552K)->140580K(151552K)
[0.953s][info][gc,metaspace   ] GC(37) Metaspace: 6302K(6464K)->6302K(6464K) NonClass: 5768K(5824K)->5768K(5824K) Class: 533K(640K)->533K(640K)
[0.953s][info][gc             ] GC(37) Pause Young (Allocation Failure) 153M->153M(190M) 10.793ms
[0.953s][info][gc,cpu         ] GC(37) User=0.06s Sys=0.00s Real=0.01s
[0.953s][info][gc,start       ] GC(38) Pause Full (Ergonomics)
[0.953s][info][gc,phases,start] GC(38) Marking Phase
[0.996s][info][gc,phases      ] GC(38) Marking Phase 42.930ms
[0.996s][info][gc,phases,start] GC(38) Summary Phase
[0.996s][info][gc,phases      ] GC(38) Summary Phase 0.022ms
[0.996s][info][gc,phases,start] GC(38) Adjust Roots
[0.996s][info][gc,phases      ] GC(38) Adjust Roots 0.157ms
[0.996s][info][gc,phases,start] GC(38) Compaction Phase
[1.017s][info][gc,phases      ] GC(38) Compaction Phase 20.903ms
[1.017s][info][gc,phases,start] GC(38) Post Compact
[1.018s][info][gc,phases      ] GC(38) Post Compact 0.696ms
[1.018s][info][gc,heap        ] GC(38) PSYoungGen: 16416K(43008K)->5080K(44544K) Eden: 0K(9728K)->0K(11264K) From: 16416K(33280K)->5080K(33280K)
[1.018s][info][gc,heap        ] GC(38) ParOldGen: 140580K(151552K)->151530K(182784K)
[1.018s][info][gc,metaspace   ] GC(38) Metaspace: 6302K(6464K)->6302K(6464K) NonClass: 5768K(5824K)->5768K(5824K) Class: 533K(640K)->533K(640K)
[1.018s][info][gc             ] GC(38) Pause Full (Ergonomics) 153M->152M(222M) 65.201ms
[1.018s][info][gc,cpu         ] GC(38) User=0.20s Sys=0.00s Real=0.07s
[1.029s][info][gc,start       ] GC(39) Pause Young (Allocation Failure)
[1.046s][info][gc,heap        ] GC(39) PSYoungGen: 16344K(44544K)->12256K(46080K) Eden: 11264K(11264K)->0K(11264K) From: 5080K(33280K)->12256K(34816K)
[1.046s][info][gc,heap        ] GC(39) ParOldGen: 151530K(182784K)->155778K(182784K)
[1.046s][info][gc,metaspace   ] GC(39) Metaspace: 6302K(6464K)->6302K(6464K) NonClass: 5768K(5824K)->5768K(5824K) Class: 533K(640K)->533K(640K)
[1.046s][info][gc             ] GC(39) Pause Young (Allocation Failure) 163M->164M(223M) 16.622ms
[1.046s][info][gc,cpu         ] GC(39) User=0.03s Sys=0.00s Real=0.02s
[1.082s][info][gc,start       ] GC(40) Pause Young (Allocation Failure)
[1.098s][info][gc,heap        ] GC(40) PSYoungGen: 23520K(46080K)->23520K(45056K) Eden: 11264K(11264K)->0K(11776K) From: 12256K(34816K)->23520K(33280K)
[1.098s][info][gc,heap        ] GC(40) ParOldGen: 163970K(182784K)->163970K(182784K)
[1.098s][info][gc,metaspace   ] GC(40) Metaspace: 6302K(6464K)->6302K(6464K) NonClass: 5768K(5824K)->5768K(5824K) Class: 533K(640K)->533K(640K)
[1.098s][info][gc             ] GC(40) Pause Young (Allocation Failure) 183M->183M(222M) 15.455ms
[1.098s][info][gc,cpu         ] GC(40) User=0.02s Sys=0.00s Real=0.01s
[1.109s][info][gc,start       ] GC(41) Pause Young (Allocation Failure)
[1.126s][info][gc,heap        ] GC(41) PSYoungGen: 35296K(45056K)->34816K(46592K) Eden: 11776K(11776K)->0K(11776K) From: 23520K(33280K)->34816K(34816K)
[1.126s][info][gc,heap        ] GC(41) ParOldGen: 163970K(182784K)->164386K(182784K)
[1.126s][info][gc,metaspace   ] GC(41) Metaspace: 6302K(6464K)->6302K(6464K) NonClass: 5768K(5824K)->5768K(5824K) Class: 533K(640K)->533K(640K)
[1.126s][info][gc             ] GC(41) Pause Young (Allocation Failure) 194M->194M(224M) 16.778ms
[1.126s][info][gc,cpu         ] GC(41) User=0.03s Sys=0.00s Real=0.02s
[1.137s][info][gc,start       ] GC(42) Pause Young (Allocation Failure)
[1.160s][info][gc,heap        ] GC(42) PSYoungGen: 46592K(46592K)->34496K(49664K) Eden: 11776K(11776K)->0K(9728K) From: 34816K(34816K)->34496K(39936K)
[1.160s][info][gc,heap        ] GC(42) ParOldGen: 164386K(182784K)->176746K(182784K)
[1.160s][info][gc,metaspace   ] GC(42) Metaspace: 6302K(6464K)->6302K(6464K) NonClass: 5768K(5824K)->5768K(5824K) Class: 533K(640K)->533K(640K)
[1.160s][info][gc             ] GC(42) Pause Young (Allocation Failure) 206M->206M(227M) 23.005ms
[1.160s][info][gc,cpu         ] GC(42) User=0.02s Sys=0.02s Real=0.02s
[1.160s][info][gc,start       ] GC(43) Pause Full (Ergonomics)
[1.160s][info][gc,phases,start] GC(43) Marking Phase
[1.209s][info][gc,phases      ] GC(43) Marking Phase 48.621ms
[1.209s][info][gc,phases,start] GC(43) Summary Phase
[1.209s][info][gc,phases      ] GC(43) Summary Phase 0.018ms
[1.209s][info][gc,phases,start] GC(43) Adjust Roots
[1.209s][info][gc,phases      ] GC(43) Adjust Roots 0.151ms
[1.209s][info][gc,phases,start] GC(43) Compaction Phase
[1.250s][info][gc,phases      ] GC(43) Compaction Phase 40.818ms
[1.250s][info][gc,phases,start] GC(43) Post Compact
[1.251s][info][gc,phases      ] GC(43) Post Compact 0.954ms
[1.251s][info][gc,heap        ] GC(43) PSYoungGen: 34496K(49664K)->24106K(49664K) Eden: 0K(9728K)->0K(9728K) From: 34496K(39936K)->24106K(39936K)
[1.251s][info][gc,heap        ] GC(43) ParOldGen: 176746K(182784K)->182552K(216576K)
[1.251s][info][gc,metaspace   ] GC(43) Metaspace: 6302K(6464K)->6302K(6464K) NonClass: 5768K(5824K)->5768K(5824K) Class: 533K(640K)->533K(640K)
[1.251s][info][gc             ] GC(43) Pause Full (Ergonomics) 206M->201M(260M) 91.080ms
[1.251s][info][gc,cpu         ] GC(43) User=0.31s Sys=0.00s Real=0.09s
[1.263s][info][gc,start       ] GC(44) Pause Young (Allocation Failure)
[1.287s][info][gc,heap        ] GC(44) PSYoungGen: 33834K(49664K)->26016K(53760K) Eden: 9728K(9728K)->0K(9728K) From: 24106K(39936K)->26016K(44032K)
[1.287s][info][gc,heap        ] GC(44) ParOldGen: 182552K(216576K)->190600K(216576K)
[1.287s][info][gc,metaspace   ] GC(44) Metaspace: 6302K(6464K)->6302K(6464K) NonClass: 5768K(5824K)->5768K(5824K) Class: 533K(640K)->533K(640K)
[1.287s][info][gc             ] GC(44) Pause Young (Allocation Failure) 211M->211M(264M) 24.300ms
[1.287s][info][gc,cpu         ] GC(44) User=0.03s Sys=0.02s Real=0.02s
[1.297s][info][gc,start       ] GC(45) Pause Young (Allocation Failure)
[1.314s][info][gc,heap        ] GC(45) PSYoungGen: 35744K(53760K)->35776K(51712K) Eden: 9728K(9728K)->0K(7680K) From: 26016K(44032K)->35776K(44032K)
[1.314s][info][gc,heap        ] GC(45) ParOldGen: 190600K(216576K)->190600K(216576K)
[1.314s][info][gc,metaspace   ] GC(45) Metaspace: 6302K(6464K)->6302K(6464K) NonClass: 5768K(5824K)->5768K(5824K) Class: 533K(640K)->533K(640K)
[1.314s][info][gc             ] GC(45) Pause Young (Allocation Failure) 221M->221M(262M) 16.576ms
[1.314s][info][gc,cpu         ] GC(45) User=0.02s Sys=0.02s Real=0.02s
[1.322s][info][gc,start       ] GC(46) Pause Young (Allocation Failure)
[1.341s][info][gc,heap        ] GC(46) PSYoungGen: 43456K(51712K)->35296K(55296K) Eden: 7680K(7680K)->0K(7680K) From: 35776K(44032K)->35296K(47616K)
[1.341s][info][gc,heap        ] GC(46) ParOldGen: 190600K(216576K)->198848K(216576K)
[1.341s][info][gc,metaspace   ] GC(46) Metaspace: 6302K(6464K)->6302K(6464K) NonClass: 5768K(5824K)->5768K(5824K) Class: 533K(640K)->533K(640K)
[1.341s][info][gc             ] GC(46) Pause Young (Allocation Failure) 228M->228M(265M) 19.409ms
[1.341s][info][gc,cpu         ] GC(46) User=0.08s Sys=0.00s Real=0.02s
[1.350s][info][gc,start       ] GC(47) Pause Young (Allocation Failure)
[1.370s][info][gc,heap        ] GC(47) PSYoungGen: 42976K(55296K)->25152K(55296K) Eden: 7680K(7680K)->0K(9216K) From: 35296K(47616K)->25152K(46080K)
[1.370s][info][gc,heap        ] GC(47) ParOldGen: 198848K(216576K)->216904K(217088K)
[1.370s][info][gc,metaspace   ] GC(47) Metaspace: 6302K(6464K)->6302K(6464K) NonClass: 5768K(5824K)->5768K(5824K) Class: 533K(640K)->533K(640K)
[1.370s][info][gc             ] GC(47) Pause Young (Allocation Failure) 236M->236M(266M) 20.233ms
[1.370s][info][gc,cpu         ] GC(47) User=0.08s Sys=0.00s Real=0.02s
[1.370s][info][gc,start       ] GC(48) Pause Full (Ergonomics)
[1.370s][info][gc,phases,start] GC(48) Marking Phase
[1.425s][info][gc,phases      ] GC(48) Marking Phase 54.443ms
[1.425s][info][gc,phases,start] GC(48) Summary Phase
[1.425s][info][gc,phases      ] GC(48) Summary Phase 0.017ms
[1.425s][info][gc,phases,start] GC(48) Adjust Roots
[1.425s][info][gc,phases      ] GC(48) Adjust Roots 0.150ms
[1.425s][info][gc,phases,start] GC(48) Compaction Phase
[1.461s][info][gc,phases      ] GC(48) Compaction Phase 35.861ms
[1.461s][info][gc,phases,start] GC(48) Post Compact
[1.462s][info][gc,phases      ] GC(48) Post Compact 1.256ms
[1.462s][info][gc,heap        ] GC(48) PSYoungGen: 25152K(55296K)->24486K(56832K) Eden: 0K(9216K)->0K(10752K) From: 25152K(46080K)->24486K(46080K)
[1.462s][info][gc,heap        ] GC(48) ParOldGen: 216904K(217088K)->216866K(256512K)
[1.462s][info][gc,metaspace   ] GC(48) Metaspace: 6302K(6464K)->6302K(6464K) NonClass: 5768K(5824K)->5768K(5824K) Class: 533K(640K)->533K(640K)
[1.462s][info][gc             ] GC(48) Pause Full (Ergonomics) 236M->235M(306M) 92.291ms
[1.462s][info][gc,cpu         ] GC(48) User=0.38s Sys=0.02s Real=0.09s
[1.474s][info][gc,start       ] GC(49) Pause Young (Allocation Failure)
[1.499s][info][gc,heap        ] GC(49) PSYoungGen: 35238K(56832K)->18272K(58880K) Eden: 10752K(10752K)->0K(10752K) From: 24486K(46080K)->18272K(48128K)
[1.499s][info][gc,heap        ] GC(49) ParOldGen: 216866K(256512K)->234194K(256512K)
[1.499s][info][gc,metaspace   ] GC(49) Metaspace: 6302K(6464K)->6302K(6464K) NonClass: 5768K(5824K)->5768K(5824K) Class: 533K(640K)->533K(640K)
[1.499s][info][gc             ] GC(49) Pause Young (Allocation Failure) 246M->246M(308M) 24.586ms
[1.499s][info][gc,cpu         ] GC(49) User=0.09s Sys=0.02s Real=0.02s
[1.511s][info][gc,start       ] GC(50) Pause Young (Allocation Failure)
[1.526s][info][gc,heap        ] GC(50) PSYoungGen: 29024K(58880K)->21600K(55296K) Eden: 10752K(10752K)->0K(12800K) From: 18272K(48128K)->21600K(42496K)
[1.526s][info][gc,heap        ] GC(50) ParOldGen: 234194K(256512K)->241762K(256512K)
[1.526s][info][gc,metaspace   ] GC(50) Metaspace: 6302K(6464K)->6302K(6464K) NonClass: 5768K(5824K)->5768K(5824K) Class: 533K(640K)->533K(640K)
[1.526s][info][gc             ] GC(50) Pause Young (Allocation Failure) 257M->257M(304M) 15.206ms
[1.526s][info][gc,cpu         ] GC(50) User=0.02s Sys=0.00s Real=0.02s
[1.526s][info][gc,start       ] GC(51) Pause Full (Ergonomics)
[1.526s][info][gc,phases,start] GC(51) Marking Phase
[1.590s][info][gc,phases      ] GC(51) Marking Phase 63.556ms
[1.590s][info][gc,phases,start] GC(51) Summary Phase
[1.590s][info][gc,phases      ] GC(51) Summary Phase 0.019ms
[1.590s][info][gc,phases,start] GC(51) Adjust Roots
[1.590s][info][gc,phases      ] GC(51) Adjust Roots 0.225ms
[1.590s][info][gc,phases,start] GC(51) Compaction Phase
[1.618s][info][gc,phases      ] GC(51) Compaction Phase 27.684ms
[1.618s][info][gc,phases,start] GC(51) Post Compact
[1.619s][info][gc,phases      ] GC(51) Post Compact 1.270ms
[1.620s][info][gc,heap        ] GC(51) PSYoungGen: 21600K(55296K)->6629K(57344K) Eden: 0K(12800K)->0K(14848K) From: 21600K(42496K)->6629K(42496K)
[1.620s][info][gc,heap        ] GC(51) ParOldGen: 241762K(256512K)->256169K(299008K)
[1.620s][info][gc,metaspace   ] GC(51) Metaspace: 6302K(6464K)->6302K(6464K) NonClass: 5768K(5824K)->5768K(5824K) Class: 533K(640K)->533K(640K)
[1.620s][info][gc             ] GC(51) Pause Full (Ergonomics) 257M->256M(348M) 93.304ms
[1.620s][info][gc,cpu         ] GC(51) User=0.39s Sys=0.02s Real=0.09s
[1.637s][info][gc,start       ] GC(52) Pause Young (Allocation Failure)
[1.659s][info][gc,heap        ] GC(52) PSYoungGen: 21477K(57344K)->17952K(59392K) Eden: 14848K(14848K)->0K(14848K) From: 6629K(42496K)->17952K(44544K)
[1.659s][info][gc,heap        ] GC(52) ParOldGen: 256169K(299008K)->259929K(299008K)
[1.659s][info][gc,metaspace   ] GC(52) Metaspace: 6302K(6464K)->6302K(6464K) NonClass: 5768K(5824K)->5768K(5824K) Class: 533K(640K)->533K(640K)
[1.659s][info][gc             ] GC(52) Pause Young (Allocation Failure) 271M->271M(350M) 21.494ms
[1.659s][info][gc,cpu         ] GC(52) User=0.11s Sys=0.02s Real=0.02s
[1.676s][info][gc,start       ] GC(53) Pause Young (Allocation Failure)
[1.692s][info][gc,heap        ] GC(53) PSYoungGen: 32800K(59392K)->32832K(57856K) Eden: 14848K(14848K)->0K(14848K) From: 17952K(44544K)->32832K(43008K)
[1.692s][info][gc,heap        ] GC(53) ParOldGen: 259929K(299008K)->259929K(299008K)
[1.692s][info][gc,metaspace   ] GC(53) Metaspace: 6302K(6464K)->6302K(6464K) NonClass: 5768K(5824K)->5768K(5824K) Class: 533K(640K)->533K(640K)
[1.692s][info][gc             ] GC(53) Pause Young (Allocation Failure) 285M->285M(348M) 16.013ms
[1.692s][info][gc,cpu         ] GC(53) User=0.02s Sys=0.00s Real=0.02s
[1.709s][info][gc,start       ] GC(54) Pause Young (Allocation Failure)
[1.730s][info][gc,heap        ] GC(54) PSYoungGen: 47680K(57856K)->45056K(59904K) Eden: 14848K(14848K)->0K(14848K) From: 32832K(43008K)->45056K(45056K)
[1.730s][info][gc,heap        ] GC(54) ParOldGen: 259929K(299008K)->262425K(299008K)
[1.730s][info][gc,metaspace   ] GC(54) Metaspace: 6302K(6464K)->6302K(6464K) NonClass: 5768K(5824K)->5768K(5824K) Class: 533K(640K)->533K(640K)
[1.730s][info][gc             ] GC(54) Pause Young (Allocation Failure) 300M->300M(350M) 21.514ms
[1.730s][info][gc,cpu         ] GC(54) User=0.12s Sys=0.00s Real=0.02s
[1.746s][info][gc,start       ] GC(55) Pause Young (Allocation Failure)
[1.774s][info][gc,heap        ] GC(55) PSYoungGen: 59904K(59904K)->43040K(64512K) Eden: 14848K(14848K)->0K(12800K) From: 45056K(45056K)->43040K(51712K)
[1.774s][info][gc,heap        ] GC(55) ParOldGen: 262425K(299008K)->279657K(299008K)
[1.774s][info][gc,metaspace   ] GC(55) Metaspace: 6302K(6464K)->6302K(6464K) NonClass: 5768K(5824K)->5768K(5824K) Class: 533K(640K)->533K(640K)
[1.774s][info][gc             ] GC(55) Pause Young (Allocation Failure) 314M->315M(355M) 27.199ms
[1.774s][info][gc,cpu         ] GC(55) User=0.09s Sys=0.03s Real=0.03s
[1.774s][info][gc,start       ] GC(56) Pause Full (Ergonomics)
[1.774s][info][gc,phases,start] GC(56) Marking Phase
[1.843s][info][gc,phases      ] GC(56) Marking Phase 69.736ms
[1.844s][info][gc,phases,start] GC(56) Summary Phase
[1.844s][info][gc,phases      ] GC(56) Summary Phase 0.018ms
[1.844s][info][gc,phases,start] GC(56) Adjust Roots
[1.844s][info][gc,phases      ] GC(56) Adjust Roots 0.149ms
[1.844s][info][gc,phases,start] GC(56) Compaction Phase
[1.877s][info][gc,phases      ] GC(56) Compaction Phase 33.662ms
[1.877s][info][gc,phases,start] GC(56) Post Compact
[1.879s][info][gc,phases      ] GC(56) Post Compact 1.459ms
[1.879s][info][gc,heap        ] GC(56) PSYoungGen: 43040K(64512K)->23383K(64512K) Eden: 0K(12800K)->0K(12800K) From: 43040K(51712K)->23383K(51712K)
[1.879s][info][gc,heap        ] GC(56) ParOldGen: 279657K(299008K)->298676K(345088K)
[1.879s][info][gc,metaspace   ] GC(56) Metaspace: 6302K(6464K)->6302K(6464K) NonClass: 5768K(5824K)->5768K(5824K) Class: 533K(640K)->533K(640K)
[1.879s][info][gc             ] GC(56) Pause Full (Ergonomics) 315M->314M(400M) 105.579ms
[1.879s][info][gc,cpu         ] GC(56) User=0.66s Sys=0.02s Real=0.11s
[1.894s][info][gc,start       ] GC(57) Pause Young (Allocation Failure)
[1.923s][info][gc,heap        ] GC(57) PSYoungGen: 36183K(64512K)->29376K(42496K) Eden: 12800K(12800K)->0K(12800K) From: 23383K(51712K)->29376K(29696K)
[1.923s][info][gc,heap        ] GC(57) ParOldGen: 298676K(345088K)->305764K(345088K)
[1.923s][info][gc,metaspace   ] GC(57) Metaspace: 6302K(6464K)->6302K(6464K) NonClass: 5768K(5824K)->5768K(5824K) Class: 533K(640K)->533K(640K)
[1.923s][info][gc             ] GC(57) Pause Young (Allocation Failure) 327M->327M(378M) 29.024ms
[1.923s][info][gc,cpu         ] GC(57) User=0.14s Sys=0.00s Real=0.03s
[1.937s][info][gc,start       ] GC(58) Pause Young (Allocation Failure)
[1.957s][info][gc,heap        ] GC(58) PSYoungGen: 42176K(42496K)->42208K(65536K) Eden: 12800K(12800K)->0K(11776K) From: 29376K(29696K)->42208K(53760K)
[1.958s][info][gc,heap        ] GC(58) ParOldGen: 305764K(345088K)->305764K(345088K)
[1.958s][info][gc,metaspace   ] GC(58) Metaspace: 6302K(6464K)->6302K(6464K) NonClass: 5768K(5824K)->5768K(5824K) Class: 533K(640K)->533K(640K)
[1.958s][info][gc             ] GC(58) Pause Young (Allocation Failure) 339M->339M(401M) 20.144ms
[1.958s][info][gc,cpu         ] GC(58) User=0.12s Sys=0.00s Real=0.02s
[2.042s][info][gc,start       ] GC(59) Pause Young (Allocation Failure)
[2.074s][info][gc,heap        ] GC(59) PSYoungGen: 53984K(65536K)->46368K(68096K) Eden: 11776K(11776K)->0K(11776K) From: 42208K(53760K)->46368K(56320K)
[2.074s][info][gc,heap        ] GC(59) ParOldGen: 322148K(345088K)->329844K(345088K)
[2.074s][info][gc,metaspace   ] GC(59) Metaspace: 6302K(6464K)->6302K(6464K) NonClass: 5768K(5824K)->5768K(5824K) Class: 533K(640K)->533K(640K)
[2.074s][info][gc             ] GC(59) Pause Young (Allocation Failure) 367M->367M(403M) 31.927ms
[2.074s][info][gc,cpu         ] GC(59) User=0.11s Sys=0.03s Real=0.03s
[2.074s][info][gc,start       ] GC(60) Pause Full (Ergonomics)
[2.074s][info][gc,phases,start] GC(60) Marking Phase
[2.150s][info][gc,phases      ] GC(60) Marking Phase 76.184ms
[2.150s][info][gc,phases,start] GC(60) Summary Phase
[2.150s][info][gc,phases      ] GC(60) Summary Phase 0.020ms
[2.150s][info][gc,phases,start] GC(60) Adjust Roots
[2.150s][info][gc,phases      ] GC(60) Adjust Roots 0.158ms
[2.151s][info][gc,phases,start] GC(60) Compaction Phase
[2.216s][info][gc,phases      ] GC(60) Compaction Phase 65.754ms
[2.216s][info][gc,phases,start] GC(60) Post Compact
[2.218s][info][gc,phases      ] GC(60) Post Compact 1.898ms
[2.219s][info][gc,heap        ] GC(60) PSYoungGen: 46368K(68096K)->22626K(68096K) Eden: 0K(11776K)->0K(11776K) From: 46368K(56320K)->22626K(56320K)
[2.219s][info][gc,heap        ] GC(60) ParOldGen: 329844K(345088K)->344910K(391680K)
[2.219s][info][gc,metaspace   ] GC(60) Metaspace: 6302K(6464K)->6302K(6464K) NonClass: 5768K(5824K)->5768K(5824K) Class: 533K(640K)->533K(640K)
[2.219s][info][gc             ] GC(60) Pause Full (Ergonomics) 367M->358M(449M) 144.532ms
[2.219s][info][gc,cpu         ] GC(60) User=0.78s Sys=0.00s Real=0.14s
[2.233s][info][gc,start       ] GC(61) Pause Young (Allocation Failure)
[2.263s][info][gc,heap        ] GC(61) PSYoungGen: 34402K(68096K)->34528K(70656K) Eden: 11776K(11776K)->0K(13312K) From: 22626K(56320K)->34528K(57344K)
[2.263s][info][gc,heap        ] GC(61) ParOldGen: 344910K(391680K)->344910K(391680K)
[2.263s][info][gc,metaspace   ] GC(61) Metaspace: 6302K(6464K)->6302K(6464K) NonClass: 5768K(5824K)->5768K(5824K) Class: 533K(640K)->533K(640K)
[2.263s][info][gc             ] GC(61) Pause Young (Allocation Failure) 370M->370M(451M) 29.479ms
[2.263s][info][gc,cpu         ] GC(61) User=0.14s Sys=0.00s Real=0.03s
[2.277s][info][gc,start       ] GC(62) Pause Young (Allocation Failure)
[2.298s][info][gc,heap        ] GC(62) PSYoungGen: 47840K(70656K)->47872K(72192K) Eden: 13312K(13312K)->0K(13312K) From: 34528K(57344K)->47872K(58880K)
[2.299s][info][gc,heap        ] GC(62) ParOldGen: 344910K(391680K)->344910K(391680K)
[2.299s][info][gc,metaspace   ] GC(62) Metaspace: 6302K(6464K)->6302K(6464K) NonClass: 5768K(5824K)->5768K(5824K) Class: 533K(640K)->533K(640K)
[2.299s][info][gc             ] GC(62) Pause Young (Allocation Failure) 383M->383M(453M) 21.779ms
[2.299s][info][gc,cpu         ] GC(62) User=0.12s Sys=0.00s Real=0.02s
[2.313s][info][gc,start       ] GC(63) Pause Young (Allocation Failure)
[2.340s][info][gc,heap        ] GC(63) PSYoungGen: 61184K(72192K)->61216K(69120K) Eden: 13312K(13312K)->0K(7168K) From: 47872K(58880K)->61216K(61952K)
[2.340s][info][gc,heap        ] GC(63) ParOldGen: 344910K(391680K)->344910K(391680K)
[2.340s][info][gc,metaspace   ] GC(63) Metaspace: 6302K(6464K)->6302K(6464K) NonClass: 5768K(5824K)->5768K(5824K) Class: 533K(640K)->533K(640K)
[2.340s][info][gc             ] GC(63) Pause Young (Allocation Failure) 396M->396M(450M) 27.673ms
[2.340s][info][gc,cpu         ] GC(63) User=0.11s Sys=0.03s Real=0.03s
[2.348s][info][gc,start       ] GC(64) Pause Young (Allocation Failure)
[2.378s][info][gc,heap        ] GC(64) PSYoungGen: 68384K(69120K)->62496K(76800K) Eden: 7168K(7168K)->0K(7168K) From: 61216K(61952K)->62496K(69632K)
[2.378s][info][gc,heap        ] GC(64) ParOldGen: 344910K(391680K)->350854K(391680K)
[2.378s][info][gc,metaspace   ] GC(64) Metaspace: 6302K(6464K)->6302K(6464K) NonClass: 5768K(5824K)->5768K(5824K) Class: 533K(640K)->533K(640K)
[2.378s][info][gc             ] GC(64) Pause Young (Allocation Failure) 403M->403M(457M) 30.205ms
[2.378s][info][gc,cpu         ] GC(64) User=0.11s Sys=0.03s Real=0.03s
[2.386s][info][gc,start       ] GC(65) Pause Young (Allocation Failure)
[2.417s][info][gc,heap        ] GC(65) PSYoungGen: 69664K(76800K)->57856K(81408K) Eden: 7168K(7168K)->0K(5120K) From: 62496K(69632K)->57856K(76288K)
[2.417s][info][gc,heap        ] GC(65) ParOldGen: 350854K(391680K)->362766K(391680K)
[2.417s][info][gc,metaspace   ] GC(65) Metaspace: 6302K(6464K)->6302K(6464K) NonClass: 5768K(5824K)->5768K(5824K) Class: 533K(640K)->533K(640K)
[2.417s][info][gc             ] GC(65) Pause Young (Allocation Failure) 410M->410M(462M) 31.043ms
[2.417s][info][gc,cpu         ] GC(65) User=0.12s Sys=0.02s Real=0.03s
[2.422s][info][gc,start       ] GC(66) Pause Young (Allocation Failure)
[2.450s][info][gc,heap        ] GC(66) PSYoungGen: 62976K(81408K)->46208K(51712K) Eden: 5120K(5120K)->0K(5120K) From: 57856K(76288K)->46208K(46592K)
[2.450s][info][gc,heap        ] GC(66) ParOldGen: 362766K(391680K)->379798K(391680K)
[2.450s][info][gc,metaspace   ] GC(66) Metaspace: 6302K(6464K)->6302K(6464K) NonClass: 5768K(5824K)->5768K(5824K) Class: 533K(640K)->533K(640K)
[2.450s][info][gc             ] GC(66) Pause Young (Allocation Failure) 415M->416M(433M) 27.887ms
[2.450s][info][gc,cpu         ] GC(66) User=0.14s Sys=0.00s Real=0.03s
[2.450s][info][gc,start       ] GC(67) Pause Full (Ergonomics)
[2.450s][info][gc,phases,start] GC(67) Marking Phase
[2.543s][info][gc,phases      ] GC(67) Marking Phase 92.965ms
[2.543s][info][gc,phases,start] GC(67) Summary Phase
[2.543s][info][gc,phases      ] GC(67) Summary Phase 0.020ms
[2.543s][info][gc,phases,start] GC(67) Adjust Roots
[2.544s][info][gc,phases      ] GC(67) Adjust Roots 0.149ms
[2.544s][info][gc,phases,start] GC(67) Compaction Phase
[2.592s][info][gc,phases      ] GC(67) Compaction Phase 48.433ms
[2.592s][info][gc,phases,start] GC(67) Post Compact
[2.594s][info][gc,phases      ] GC(67) Post Compact 2.015ms
[2.594s][info][gc,heap        ] GC(67) PSYoungGen: 46208K(51712K)->33668K(51712K) Eden: 0K(5120K)->0K(5120K) From: 46208K(46592K)->33668K(46592K)
[2.594s][info][gc,heap        ] GC(67) ParOldGen: 379798K(391680K)->391546K(442880K)
[2.594s][info][gc,metaspace   ] GC(67) Metaspace: 6302K(6464K)->6302K(6464K) NonClass: 5768K(5824K)->5768K(5824K) Class: 533K(640K)->533K(640K)
[2.595s][info][gc             ] GC(67) Pause Full (Ergonomics) 416M->415M(483M) 144.207ms
[2.595s][info][gc,cpu         ] GC(67) User=0.91s Sys=0.00s Real=0.14s
[2.601s][info][gc,start       ] GC(68) Pause Young (Allocation Failure)
[2.634s][info][gc,heap        ] GC(68) PSYoungGen: 38788K(51712K)->20224K(83456K) Eden: 5120K(5120K)->0K(6144K) From: 33668K(46592K)->20224K(77312K)
[2.634s][info][gc,heap        ] GC(68) ParOldGen: 391546K(442880K)->410530K(442880K)
[2.634s][info][gc,metaspace   ] GC(68) Metaspace: 6302K(6464K)->6302K(6464K) NonClass: 5768K(5824K)->5768K(5824K) Class: 533K(640K)->533K(640K)
[2.634s][info][gc             ] GC(68) Pause Young (Allocation Failure) 420M->420M(514M) 32.521ms
[2.634s][info][gc,cpu         ] GC(68) User=0.14s Sys=0.00s Real=0.03s
[2.640s][info][gc,start       ] GC(69) Pause Young (Allocation Failure)
[2.654s][info][gc,heap        ] GC(69) PSYoungGen: 26368K(83456K)->15328K(83968K) Eden: 6144K(6144K)->0K(6144K) From: 20224K(77312K)->15328K(77824K)
[2.654s][info][gc,heap        ] GC(69) ParOldGen: 410530K(442880K)->421642K(442880K)
[2.654s][info][gc,metaspace   ] GC(69) Metaspace: 6302K(6464K)->6302K(6464K) NonClass: 5768K(5824K)->5768K(5824K) Class: 533K(640K)->533K(640K)
[2.654s][info][gc             ] GC(69) Pause Young (Allocation Failure) 426M->426M(514M) 13.378ms
[2.654s][info][gc,cpu         ] GC(69) User=0.02s Sys=0.00s Real=0.01s
[2.654s][info][gc,start       ] GC(70) Pause Full (Ergonomics)
[2.654s][info][gc,phases,start] GC(70) Marking Phase
[2.747s][info][gc,phases      ] GC(70) Marking Phase 93.704ms
[2.747s][info][gc,phases,start] GC(70) Summary Phase
[2.748s][info][gc,phases      ] GC(70) Summary Phase 0.022ms
[2.748s][info][gc,phases,start] GC(70) Adjust Roots
[2.748s][info][gc,phases      ] GC(70) Adjust Roots 0.153ms
[2.748s][info][gc,phases,start] GC(70) Compaction Phase
[2.788s][info][gc,phases      ] GC(70) Compaction Phase 39.964ms
[2.788s][info][gc,phases,start] GC(70) Post Compact
[2.790s][info][gc,phases      ] GC(70) Post Compact 2.085ms
[2.790s][info][gc,heap        ] GC(70) PSYoungGen: 15328K(83968K)->0K(84992K) Eden: 0K(6144K)->0K(7168K) From: 15328K(77824K)->0K(77824K)
[2.790s][info][gc,heap        ] GC(70) ParOldGen: 421642K(442880K)->436415K(494080K)
[2.790s][info][gc,metaspace   ] GC(70) Metaspace: 6302K(6464K)->6302K(6464K) NonClass: 5768K(5824K)->5768K(5824K) Class: 533K(640K)->533K(640K)
[2.790s][info][gc             ] GC(70) Pause Full (Ergonomics) 426M->426M(565M) 136.483ms
[2.790s][info][gc,cpu         ] GC(70) User=0.80s Sys=0.00s Real=0.14s
[2.797s][info][gc,start       ] GC(71) Pause Young (Allocation Failure)
[2.805s][info][gc,heap        ] GC(71) PSYoungGen: 7168K(84992K)->7264K(84992K) Eden: 7168K(7168K)->0K(7168K) From: 0K(77824K)->7264K(77824K)
[2.805s][info][gc,heap        ] GC(71) ParOldGen: 436415K(494080K)->436415K(494080K)
[2.805s][info][gc,metaspace   ] GC(71) Metaspace: 6302K(6464K)->6302K(6464K) NonClass: 5768K(5824K)->5768K(5824K) Class: 533K(640K)->533K(640K)
[2.805s][info][gc             ] GC(71) Pause Young (Allocation Failure) 433M->433M(565M) 7.356ms
[2.805s][info][gc,cpu         ] GC(71) User=0.00s Sys=0.00s Real=0.01s
[2.812s][info][gc,start       ] GC(72) Pause Young (Allocation Failure)
[2.821s][info][gc,heap        ] GC(72) PSYoungGen: 14432K(84992K)->14432K(83968K) Eden: 7168K(7168K)->0K(8192K) From: 7264K(77824K)->14432K(75776K)
[2.821s][info][gc,heap        ] GC(72) ParOldGen: 436415K(494080K)->436415K(494080K)
[2.821s][info][gc,metaspace   ] GC(72) Metaspace: 6302K(6464K)->6302K(6464K) NonClass: 5768K(5824K)->5768K(5824K) Class: 533K(640K)->533K(640K)
[2.821s][info][gc             ] GC(72) Pause Young (Allocation Failure) 440M->440M(564M) 8.452ms
[2.821s][info][gc,cpu         ] GC(72) User=0.00s Sys=0.00s Real=0.01s
[2.830s][info][gc,start       ] GC(73) Pause Young (Allocation Failure)
[2.841s][info][gc,heap        ] GC(73) PSYoungGen: 22624K(83968K)->22624K(31232K) Eden: 8192K(8192K)->0K(8192K) From: 14432K(75776K)->22624K(23040K)
[2.842s][info][gc,heap        ] GC(73) ParOldGen: 436415K(494080K)->436415K(494080K)
[2.842s][info][gc,metaspace   ] GC(73) Metaspace: 6302K(6464K)->6302K(6464K) NonClass: 5768K(5824K)->5768K(5824K) Class: 533K(640K)->533K(640K)
[2.842s][info][gc             ] GC(73) Pause Young (Allocation Failure) 448M->448M(513M) 11.830ms
[2.842s][info][gc,cpu         ] GC(73) User=0.02s Sys=0.00s Real=0.01s
[2.850s][info][gc,start       ] GC(74) Pause Young (Allocation Failure)
[2.865s][info][gc,heap        ] GC(74) PSYoungGen: 30816K(31232K)->23584K(77824K) Eden: 8192K(8192K)->0K(9728K) From: 22624K(23040K)->23584K(68096K)
[2.865s][info][gc,heap        ] GC(74) ParOldGen: 436415K(494080K)->443687K(494080K)
[2.865s][info][gc,metaspace   ] GC(74) Metaspace: 6302K(6464K)->6302K(6464K) NonClass: 5768K(5824K)->5768K(5824K) Class: 533K(640K)->533K(640K)
[2.865s][info][gc             ] GC(74) Pause Young (Allocation Failure) 456M->456M(558M) 15.331ms
[2.865s][info][gc,cpu         ] GC(74) User=0.02s Sys=0.00s Real=0.02s
[2.876s][info][gc,start       ] GC(75) Pause Young (Allocation Failure)
[2.893s][info][gc,heap        ] GC(75) PSYoungGen: 33312K(77824K)->26176K(36352K) Eden: 9728K(9728K)->0K(9728K) From: 23584K(68096K)->26176K(26624K)
[2.893s][info][gc,heap        ] GC(75) ParOldGen: 443687K(494080K)->450959K(494080K)
[2.893s][info][gc,metaspace   ] GC(75) Metaspace: 6302K(6464K)->6302K(6464K) NonClass: 5768K(5824K)->5768K(5824K) Class: 533K(640K)->533K(640K)
[2.893s][info][gc             ] GC(75) Pause Young (Allocation Failure) 465M->465M(518M) 16.855ms
[2.893s][info][gc,cpu         ] GC(75) User=0.03s Sys=0.00s Real=0.02s
[2.904s][info][gc,start       ] GC(76) Pause Young (Allocation Failure)
[2.922s][info][gc,heap        ] GC(76) PSYoungGen: 35904K(36352K)->27744K(72192K) Eden: 9728K(9728K)->0K(11264K) From: 26176K(26624K)->27744K(60928K)
[2.922s][info][gc,heap        ] GC(76) ParOldGen: 450959K(494080K)->459255K(494080K)
[2.922s][info][gc,metaspace   ] GC(76) Metaspace: 6302K(6464K)->6302K(6464K) NonClass: 5768K(5824K)->5768K(5824K) Class: 533K(640K)->533K(640K)
[2.922s][info][gc             ] GC(76) Pause Young (Allocation Failure) 475M->475M(553M) 18.090ms
[2.922s][info][gc,cpu         ] GC(76) User=0.12s Sys=0.00s Real=0.02s
[2.934s][info][gc,start       ] GC(77) Pause Young (Allocation Failure)
[2.954s][info][gc,heap        ] GC(77) PSYoungGen: 39008K(72192K)->21088K(32768K) Eden: 11264K(11264K)->0K(11264K) From: 27744K(60928K)->21088K(21504K)
[2.954s][info][gc,heap        ] GC(77) ParOldGen: 459255K(494080K)->477399K(494080K)
[2.954s][info][gc,metaspace   ] GC(77) Metaspace: 6302K(6464K)->6302K(6464K) NonClass: 5768K(5824K)->5768K(5824K) Class: 533K(640K)->533K(640K)
[2.954s][info][gc             ] GC(77) Pause Young (Allocation Failure) 486M->486M(514M) 20.242ms
[2.954s][info][gc,cpu         ] GC(77) User=0.11s Sys=0.02s Real=0.02s
[2.954s][info][gc,start       ] GC(78) Pause Full (Ergonomics)
[2.954s][info][gc,phases,start] GC(78) Marking Phase
[3.064s][info][gc,phases      ] GC(78) Marking Phase 109.420ms
[3.064s][info][gc,phases,start] GC(78) Summary Phase
[3.064s][info][gc,phases      ] GC(78) Summary Phase 0.024ms
[3.064s][info][gc,phases,start] GC(78) Adjust Roots
[3.064s][info][gc,phases      ] GC(78) Adjust Roots 0.175ms
[3.064s][info][gc,phases,start] GC(78) Compaction Phase
[3.110s][info][gc,phases      ] GC(78) Compaction Phase 46.001ms
[3.110s][info][gc,phases,start] GC(78) Post Compact
[3.112s][info][gc,phases      ] GC(78) Post Compact 2.355ms
[3.113s][info][gc,heap        ] GC(78) PSYoungGen: 21088K(32768K)->3558K(32768K) Eden: 0K(11264K)->0K(11264K) From: 21088K(21504K)->3558K(21504K)
[3.113s][info][gc,heap        ] GC(78) ParOldGen: 477399K(494080K)->494073K(553472K)
[3.113s][info][gc,metaspace   ] GC(78) Metaspace: 6302K(6464K)->6302K(6464K) NonClass: 5768K(5824K)->5768K(5824K) Class: 533K(640K)->533K(640K)
[3.113s][info][gc             ] GC(78) Pause Full (Ergonomics) 486M->485M(572M) 158.514ms
[3.113s][info][gc,cpu         ] GC(78) User=1.02s Sys=0.02s Real=0.16s
[3.125s][info][gc,start       ] GC(79) Pause Young (Allocation Failure)
[3.153s][info][gc,heap        ] GC(79) PSYoungGen: 14822K(32768K)->11424K(74240K) Eden: 11264K(11264K)->0K(12800K) From: 3558K(21504K)->11424K(61440K)
[3.153s][info][gc,heap        ] GC(79) ParOldGen: 494073K(553472K)->497705K(553472K)
[3.153s][info][gc,metaspace   ] GC(79) Metaspace: 6302K(6464K)->6302K(6464K) NonClass: 5768K(5824K)->5768K(5824K) Class: 533K(640K)->533K(640K)
[3.153s][info][gc             ] GC(79) Pause Young (Allocation Failure) 496M->497M(613M) 27.951ms
[3.153s][info][gc,cpu         ] GC(79) User=0.14s Sys=0.00s Real=0.03s
[3.167s][info][gc,start       ] GC(80) Pause Young (Allocation Failure)
[3.181s][info][gc,heap        ] GC(80) PSYoungGen: 24224K(74240K)->12896K(74752K) Eden: 12800K(12800K)->0K(12800K) From: 11424K(61440K)->12896K(61952K)
[3.181s][info][gc,heap        ] GC(80) ParOldGen: 497705K(553472K)->509121K(553472K)
[3.181s][info][gc,metaspace   ] GC(80) Metaspace: 6302K(6464K)->6302K(6464K) NonClass: 5768K(5824K)->5768K(5824K) Class: 533K(640K)->533K(640K)
[3.181s][info][gc             ] GC(80) Pause Young (Allocation Failure) 509M->509M(613M) 14.175ms
[3.181s][info][gc,cpu         ] GC(80) User=0.02s Sys=0.00s Real=0.01s
[3.195s][info][gc,start       ] GC(81) Pause Young (Allocation Failure)
[3.210s][info][gc,heap        ] GC(81) PSYoungGen: 25696K(74752K)->12928K(72192K) Eden: 12800K(12800K)->0K(14336K) From: 12896K(61952K)->12928K(57856K)
[3.210s][info][gc,heap        ] GC(81) ParOldGen: 509121K(553472K)->522105K(553472K)
[3.210s][info][gc,metaspace   ] GC(81) Metaspace: 6302K(6464K)->6302K(6464K) NonClass: 5768K(5824K)->5768K(5824K) Class: 533K(640K)->533K(640K)
[3.210s][info][gc             ] GC(81) Pause Young (Allocation Failure) 522M->522M(611M) 15.070ms
[3.210s][info][gc,cpu         ] GC(81) User=0.00s Sys=0.00s Real=0.01s
[3.225s][info][gc,start       ] GC(82) Pause Young (Allocation Failure)
[3.241s][info][gc,heap        ] GC(82) PSYoungGen: 27264K(72192K)->14432K(73728K) Eden: 14336K(14336K)->0K(14336K) From: 12928K(57856K)->14432K(59392K)
[3.241s][info][gc,heap        ] GC(82) ParOldGen: 522105K(553472K)->535073K(553472K)
[3.241s][info][gc,metaspace   ] GC(82) Metaspace: 6302K(6464K)->6302K(6464K) NonClass: 5768K(5824K)->5768K(5824K) Class: 533K(640K)->533K(640K)
[3.241s][info][gc             ] GC(82) Pause Young (Allocation Failure) 536M->536M(612M) 15.682ms
[3.241s][info][gc,cpu         ] GC(82) User=0.00s Sys=0.02s Real=0.02s
[3.241s][info][gc,start       ] GC(83) Pause Full (Ergonomics)
[3.241s][info][gc,phases,start] GC(83) Marking Phase
[3.366s][info][gc,phases      ] GC(83) Marking Phase 125.167ms
[3.366s][info][gc,phases,start] GC(83) Summary Phase
[3.366s][info][gc,phases      ] GC(83) Summary Phase 0.031ms
[3.366s][info][gc,phases,start] GC(83) Adjust Roots
[3.367s][info][gc,phases      ] GC(83) Adjust Roots 0.163ms
[3.367s][info][gc,phases,start] GC(83) Compaction Phase
[3.414s][info][gc,phases      ] GC(83) Compaction Phase 47.432ms
[3.414s][info][gc,phases,start] GC(83) Post Compact
[3.415s][info][gc,phases      ] GC(83) Post Compact 0.904ms
[3.415s][info][gc,heap        ] GC(83) PSYoungGen: 14432K(73728K)->0K(73728K) Eden: 0K(14336K)->0K(15872K) From: 14432K(59392K)->0K(57856K)
[3.415s][info][gc,heap        ] GC(83) ParOldGen: 535073K(553472K)->548706K(612864K)
[3.415s][info][gc,metaspace   ] GC(83) Metaspace: 6302K(6464K)->6302K(6464K) NonClass: 5768K(5824K)->5768K(5824K) Class: 533K(640K)->533K(640K)
[3.415s][info][gc             ] GC(83) Pause Full (Ergonomics) 536M->535M(670M) 174.215ms
[3.415s][info][gc,cpu         ] GC(83) User=1.14s Sys=0.00s Real=0.17s
[3.434s][info][gc,start       ] GC(84) Pause Young (Allocation Failure)
[3.445s][info][gc,heap        ] GC(84) PSYoungGen: 15872K(73728K)->16000K(32256K) Eden: 15872K(15872K)->0K(15872K) From: 0K(57856K)->16000K(16384K)
[3.445s][info][gc,heap        ] GC(84) ParOldGen: 548706K(612864K)->548706K(612864K)
[3.445s][info][gc,metaspace   ] GC(84) Metaspace: 6302K(6464K)->6302K(6464K) NonClass: 5768K(5824K)->5768K(5824K) Class: 533K(640K)->533K(640K)
[3.445s][info][gc             ] GC(84) Pause Young (Allocation Failure) 551M->551M(630M) 11.146ms
[3.445s][info][gc,cpu         ] GC(84) User=0.02s Sys=0.00s Real=0.01s
[3.463s][info][gc,start       ] GC(85) Pause Young (Allocation Failure)
[3.480s][info][gc,heap        ] GC(85) PSYoungGen: 31872K(32256K)->31872K(72192K) Eden: 15872K(15872K)->0K(16896K) From: 16000K(16384K)->31872K(55296K)
[3.480s][info][gc,heap        ] GC(85) ParOldGen: 548706K(612864K)->548706K(612864K)
[3.480s][info][gc,metaspace   ] GC(85) Metaspace: 6302K(6464K)->6302K(6464K) NonClass: 5768K(5824K)->5768K(5824K) Class: 533K(640K)->533K(640K)
[3.480s][info][gc             ] GC(85) Pause Young (Allocation Failure) 566M->566M(669M) 17.281ms
[3.480s][info][gc,cpu         ] GC(85) User=0.03s Sys=0.00s Real=0.02s
[3.498s][info][gc,start       ] GC(86) Pause Young (Allocation Failure)
[3.522s][info][gc,heap        ] GC(86) PSYoungGen: 48768K(72192K)->48768K(72704K) Eden: 16896K(16896K)->0K(16896K) From: 31872K(55296K)->48768K(55808K)
[3.522s][info][gc,heap        ] GC(86) ParOldGen: 548706K(612864K)->548706K(612864K)
[3.522s][info][gc,metaspace   ] GC(86) Metaspace: 6302K(6464K)->6302K(6464K) NonClass: 5768K(5824K)->5768K(5824K) Class: 533K(640K)->533K(640K)
[3.522s][info][gc             ] GC(86) Pause Young (Allocation Failure) 583M->583M(669M) 24.210ms
[3.522s][info][gc,cpu         ] GC(86) User=0.11s Sys=0.00s Real=0.02s
[3.542s][info][gc,start       ] GC(87) Pause Young (Allocation Failure)
[3.574s][info][gc,heap        ] GC(87) PSYoungGen: 65664K(72704K)->61952K(70144K) Eden: 16896K(16896K)->0K(8192K) From: 48768K(55808K)->61952K(61952K)
[3.574s][info][gc,heap        ] GC(87) ParOldGen: 548706K(612864K)->552362K(612864K)
[3.574s][info][gc,metaspace   ] GC(87) Metaspace: 6302K(6464K)->6302K(6464K) NonClass: 5768K(5824K)->5768K(5824K) Class: 533K(640K)->533K(640K)
[3.574s][info][gc             ] GC(87) Pause Young (Allocation Failure) 599M->599M(667M) 32.416ms
[3.574s][info][gc,cpu         ] GC(87) User=0.16s Sys=0.02s Real=0.03s
[3.584s][info][gc,start       ] GC(88) Pause Young (Allocation Failure)
[3.617s][info][gc,heap        ] GC(88) PSYoungGen: 70144K(70144K)->40192K(80896K) Eden: 8192K(8192K)->0K(8192K) From: 61952K(61952K)->40192K(72704K)
[3.617s][info][gc,heap        ] GC(88) ParOldGen: 552362K(612864K)->582826K(612864K)
[3.617s][info][gc,metaspace   ] GC(88) Metaspace: 6302K(6464K)->6302K(6464K) NonClass: 5768K(5824K)->5768K(5824K) Class: 533K(640K)->533K(640K)
[3.617s][info][gc             ] GC(88) Pause Young (Allocation Failure) 607M->608M(677M) 33.044ms
[3.617s][info][gc,cpu         ] GC(88) User=0.16s Sys=0.00s Real=0.03s
[3.628s][info][gc,start       ] GC(89) Pause Young (Allocation Failure)
[3.651s][info][gc,heap        ] GC(89) PSYoungGen: 48384K(80896K)->32128K(74752K) Eden: 8192K(8192K)->0K(9728K) From: 40192K(72704K)->32128K(65024K)
[3.651s][info][gc,heap        ] GC(89) ParOldGen: 582826K(612864K)->599274K(612864K)
[3.651s][info][gc,metaspace   ] GC(89) Metaspace: 6302K(6464K)->6302K(6464K) NonClass: 5768K(5824K)->5768K(5824K) Class: 533K(640K)->533K(640K)
[3.651s][info][gc             ] GC(89) Pause Young (Allocation Failure) 616M->616M(671M) 23.419ms
[3.651s][info][gc,cpu         ] GC(89) User=0.14s Sys=0.00s Real=0.02s
[3.651s][info][gc,start       ] GC(90) Pause Full (Ergonomics)
[3.651s][info][gc,phases,start] GC(90) Marking Phase
[3.788s][info][gc,phases      ] GC(90) Marking Phase 136.554ms
[3.788s][info][gc,phases,start] GC(90) Summary Phase
[3.788s][info][gc,phases      ] GC(90) Summary Phase 0.021ms
[3.788s][info][gc,phases,start] GC(90) Adjust Roots
[3.788s][info][gc,phases      ] GC(90) Adjust Roots 0.149ms
[3.788s][info][gc,phases,start] GC(90) Compaction Phase
[3.842s][info][gc,phases      ] GC(90) Compaction Phase 54.229ms
[3.842s][info][gc,phases,start] GC(90) Post Compact
[3.843s][info][gc,phases      ] GC(90) Post Compact 0.938ms
[3.843s][info][gc,heap        ] GC(90) PSYoungGen: 32128K(74752K)->17610K(76288K) Eden: 0K(9728K)->0K(11264K) From: 32128K(65024K)->17610K(65024K)
[3.843s][info][gc,heap        ] GC(90) ParOldGen: 599274K(612864K)->612819K(687104K)
[3.843s][info][gc,metaspace   ] GC(90) Metaspace: 6302K(6464K)->6302K(6464K) NonClass: 5768K(5824K)->5768K(5824K) Class: 533K(640K)->533K(640K)
[3.843s][info][gc             ] GC(90) Pause Full (Ergonomics) 616M->615M(745M) 192.401ms
[3.843s][info][gc,cpu         ] GC(90) User=1.38s Sys=0.00s Real=0.19s
[3.857s][info][gc,start       ] GC(91) Pause Young (Allocation Failure)
[3.896s][info][gc,heap        ] GC(91) PSYoungGen: 28874K(76288K)->15552K(79872K) Eden: 11264K(11264K)->0K(11264K) From: 17610K(65024K)->15552K(68608K)
[3.896s][info][gc,heap        ] GC(91) ParOldGen: 612819K(687104K)->626459K(687104K)
[3.896s][info][gc,metaspace   ] GC(91) Metaspace: 6302K(6464K)->6302K(6464K) NonClass: 5768K(5824K)->5768K(5824K) Class: 533K(640K)->533K(640K)
[3.896s][info][gc             ] GC(91) Pause Young (Allocation Failure) 626M->626M(749M) 39.249ms
[3.896s][info][gc,cpu         ] GC(91) User=0.23s Sys=0.02s Real=0.04s
[3.910s][info][gc,start       ] GC(92) Pause Young (Allocation Failure)
[3.926s][info][gc,heap        ] GC(92) PSYoungGen: 26816K(79872K)->22656K(75264K) Eden: 11264K(11264K)->0K(12800K) From: 15552K(68608K)->22656K(62464K)
[3.926s][info][gc,heap        ] GC(92) ParOldGen: 626459K(687104K)->630723K(687104K)
[3.926s][info][gc,metaspace   ] GC(92) Metaspace: 6302K(6464K)->6302K(6464K) NonClass: 5768K(5824K)->5768K(5824K) Class: 533K(640K)->533K(640K)
[3.926s][info][gc             ] GC(92) Pause Young (Allocation Failure) 637M->638M(744M) 15.778ms
[3.926s][info][gc,cpu         ] GC(92) User=0.02s Sys=0.00s Real=0.01s
[3.940s][info][gc,start       ] GC(93) Pause Young (Allocation Failure)
[3.959s][info][gc,heap        ] GC(93) PSYoungGen: 35456K(75264K)->24192K(37376K) Eden: 12800K(12800K)->0K(12800K) From: 22656K(62464K)->24192K(24576K)
[3.960s][info][gc,heap        ] GC(93) ParOldGen: 630723K(687104K)->642147K(687104K)
[3.960s][info][gc,metaspace   ] GC(93) Metaspace: 6302K(6464K)->6302K(6464K) NonClass: 5768K(5824K)->5768K(5824K) Class: 533K(640K)->533K(640K)
[3.960s][info][gc             ] GC(93) Pause Young (Allocation Failure) 650M->650M(707M) 19.411ms
[3.960s][info][gc,cpu         ] GC(93) User=0.12s Sys=0.00s Real=0.02s
[3.975s][info][gc,start       ] GC(94) Pause Young (Allocation Failure)
[3.996s][info][gc,heap        ] GC(94) PSYoungGen: 36992K(37376K)->25728K(70656K) Eden: 12800K(12800K)->0K(14336K) From: 24192K(24576K)->25728K(56320K)
[3.996s][info][gc,heap        ] GC(94) ParOldGen: 642147K(687104K)->653587K(687104K)
[3.996s][info][gc,metaspace   ] GC(94) Metaspace: 6302K(6464K)->6302K(6464K) NonClass: 5768K(5824K)->5768K(5824K) Class: 533K(640K)->533K(640K)
[3.996s][info][gc             ] GC(94) Pause Young (Allocation Failure) 663M->663M(740M) 21.191ms
[3.996s][info][gc,cpu         ] GC(94) User=0.08s Sys=0.00s Real=0.02s
[4.014s][info][gc,start       ] GC(95) Pause Young (Allocation Failure)
[4.037s][info][gc,heap        ] GC(95) PSYoungGen: 40064K(70656K)->27296K(41984K) Eden: 14336K(14336K)->0K(14336K) From: 25728K(56320K)->27296K(27648K)
[4.037s][info][gc,heap        ] GC(95) ParOldGen: 653587K(687104K)->666563K(687104K)
[4.037s][info][gc,metaspace   ] GC(95) Metaspace: 6302K(6464K)->6302K(6464K) NonClass: 5768K(5824K)->5768K(5824K) Class: 533K(640K)->533K(640K)
[4.037s][info][gc             ] GC(95) Pause Young (Allocation Failure) 677M->677M(712M) 22.444ms
[4.037s][info][gc,cpu         ] GC(95) User=0.12s Sys=0.00s Real=0.02s
[4.037s][info][gc,start       ] GC(96) Pause Full (Ergonomics)
[4.037s][info][gc,phases,start] GC(96) Marking Phase
[4.178s][info][gc,phases      ] GC(96) Marking Phase 140.664ms
[4.178s][info][gc,phases,start] GC(96) Summary Phase
[4.178s][info][gc,phases      ] GC(96) Summary Phase 0.026ms
[4.178s][info][gc,phases,start] GC(96) Adjust Roots
[4.178s][info][gc,phases      ] GC(96) Adjust Roots 0.526ms
[4.178s][info][gc,phases,start] GC(96) Compaction Phase
[4.233s][info][gc,phases      ] GC(96) Compaction Phase 55.129ms
[4.234s][info][gc,phases,start] GC(96) Post Compact
[4.235s][info][gc,phases      ] GC(96) Post Compact 1.236ms
[4.235s][info][gc,heap        ] GC(96) PSYoungGen: 27296K(41984K)->6120K(41984K) Eden: 0K(14336K)->0K(14336K) From: 27296K(27648K)->6120K(27648K)
[4.235s][info][gc,heap        ] GC(96) ParOldGen: 666563K(687104K)->686618K(762880K)
[4.235s][info][gc,metaspace   ] GC(96) Metaspace: 6302K(6464K)->6302K(6464K) NonClass: 5768K(5824K)->5768K(5824K) Class: 533K(640K)->533K(640K)
[4.235s][info][gc             ] GC(96) Pause Full (Ergonomics) 677M->676M(786M) 198.166ms
[4.235s][info][gc,cpu         ] GC(96) User=1.34s Sys=0.02s Real=0.20s
[4.369s][info][gc,start       ] GC(97) Pause Young (Allocation Failure)
[4.406s][info][gc,heap        ] GC(97) PSYoungGen: 20456K(41984K)->18240K(69632K) Eden: 14336K(14336K)->0K(15872K) From: 6120K(27648K)->18240K(53760K)
[4.406s][info][gc,heap        ] GC(97) ParOldGen: 719386K(762880K)->721794K(762880K)
[4.406s][info][gc,metaspace   ] GC(97) Metaspace: 6302K(6464K)->6302K(6464K) NonClass: 5768K(5824K)->5768K(5824K) Class: 533K(640K)->533K(640K)
[4.406s][info][gc             ] GC(97) Pause Young (Allocation Failure) 722M->722M(813M) 37.371ms
[4.406s][info][gc,cpu         ] GC(97) User=0.16s Sys=0.00s Real=0.04s
[4.422s][info][gc,start       ] GC(98) Pause Young (Allocation Failure)
[4.442s][info][gc,heap        ] GC(98) PSYoungGen: 34112K(69632K)->34080K(71168K) Eden: 15872K(15872K)->0K(15872K) From: 18240K(53760K)->34080K(55296K)
[4.442s][info][gc,heap        ] GC(98) ParOldGen: 721794K(762880K)->721794K(762880K)
[4.442s][info][gc,metaspace   ] GC(98) Metaspace: 6302K(6464K)->6302K(6464K) NonClass: 5768K(5824K)->5768K(5824K) Class: 533K(640K)->533K(640K)
[4.442s][info][gc             ] GC(98) Pause Young (Allocation Failure) 738M->738M(814M) 19.691ms
[4.442s][info][gc,cpu         ] GC(98) User=0.02s Sys=0.00s Real=0.02s
[4.458s][info][gc,start       ] GC(99) Pause Young (Allocation Failure)
[4.483s][info][gc,heap        ] GC(99) PSYoungGen: 49952K(71168K)->49952K(67072K) Eden: 15872K(15872K)->0K(12288K) From: 34080K(55296K)->49952K(54784K)
[4.483s][info][gc,heap        ] GC(99) ParOldGen: 721794K(762880K)->721794K(762880K)
[4.483s][info][gc,metaspace   ] GC(99) Metaspace: 6302K(6464K)->6302K(6464K) NonClass: 5768K(5824K)->5768K(5824K) Class: 533K(640K)->533K(640K)
[4.483s][info][gc             ] GC(99) Pause Young (Allocation Failure) 753M->753M(810M) 24.688ms
[4.483s][info][gc,cpu         ] GC(99) User=0.14s Sys=0.00s Real=0.02s
[4.495s][info][gc,start       ] GC(100) Pause Young (Allocation Failure)
[4.525s][info][gc,heap        ] GC(100) PSYoungGen: 62240K(67072K)->58496K(72704K) Eden: 12288K(12288K)->0K(12288K) From: 49952K(54784K)->58496K(60416K)
[4.525s][info][gc,heap        ] GC(100) ParOldGen: 721794K(762880K)->725650K(762880K)
[4.525s][info][gc,metaspace   ] GC(100) Metaspace: 6302K(6464K)->6302K(6464K) NonClass: 5768K(5824K)->5768K(5824K) Class: 533K(640K)->533K(640K)
[4.525s][info][gc             ] GC(100) Pause Young (Allocation Failure) 765M->765M(816M) 29.523ms
[4.525s][info][gc,cpu         ] GC(100) User=0.14s Sys=0.00s Real=0.03s
[4.538s][info][gc,start       ] GC(101) Pause Young (Allocation Failure)
[4.572s][info][gc,heap        ] GC(101) PSYoungGen: 70784K(72704K)->56416K(76800K) Eden: 12288K(12288K)->0K(8704K) From: 58496K(60416K)->56416K(68096K)
[4.572s][info][gc,heap        ] GC(101) ParOldGen: 725650K(762880K)->740194K(762880K)
[4.572s][info][gc,metaspace   ] GC(101) Metaspace: 6302K(6464K)->6302K(6464K) NonClass: 5768K(5824K)->5768K(5824K) Class: 533K(640K)->533K(640K)
[4.572s][info][gc             ] GC(101) Pause Young (Allocation Failure) 777M->777M(820M) 34.222ms
[4.572s][info][gc,cpu         ] GC(101) User=0.22s Sys=0.03s Real=0.03s
[4.572s][info][gc,start       ] GC(102) Pause Full (Ergonomics)
[4.572s][info][gc,phases,start] GC(102) Marking Phase
[4.747s][info][gc,phases      ] GC(102) Marking Phase 174.842ms
[4.747s][info][gc,phases,start] GC(102) Summary Phase
[4.747s][info][gc,phases      ] GC(102) Summary Phase 0.023ms
[4.747s][info][gc,phases,start] GC(102) Adjust Roots
[4.747s][info][gc,phases      ] GC(102) Adjust Roots 0.151ms
[4.747s][info][gc,phases,start] GC(102) Compaction Phase
[4.876s][info][gc,phases      ] GC(102) Compaction Phase 129.071ms
[4.876s][info][gc,phases,start] GC(102) Post Compact
[4.878s][info][gc,phases      ] GC(102) Post Compact 1.621ms
[4.878s][info][gc,heap        ] GC(102) PSYoungGen: 56416K(76800K)->16858K(76800K) Eden: 0K(8704K)->0K(8704K) From: 56416K(68096K)->16858K(68096K)
[4.878s][info][gc,heap        ] GC(102) ParOldGen: 740194K(762880K)->762763K(843264K)
[4.878s][info][gc,metaspace   ] GC(102) Metaspace: 6302K(6464K)->6302K(6464K) NonClass: 5768K(5824K)->5768K(5824K) Class: 533K(640K)->533K(640K)
[4.878s][info][gc             ] GC(102) Pause Full (Ergonomics) 777M->761M(898M) 306.347ms
[4.878s][info][gc,cpu         ] GC(102) User=1.97s Sys=0.08s Real=0.31s
[4.890s][info][gc,start       ] GC(103) Pause Young (Allocation Failure)
[4.933s][info][gc,heap        ] GC(103) PSYoungGen: 25562K(76800K)->15232K(81920K) Eden: 8704K(8704K)->0K(8704K) From: 16858K(68096K)->15232K(73216K)
[4.933s][info][gc,heap        ] GC(103) ParOldGen: 762763K(843264K)->773355K(843264K)
[4.933s][info][gc,metaspace   ] GC(103) Metaspace: 6302K(6464K)->6302K(6464K) NonClass: 5768K(5824K)->5768K(5824K) Class: 533K(640K)->533K(640K)
[4.933s][info][gc             ] GC(103) Pause Young (Allocation Failure) 769M->770M(903M) 43.397ms
[4.933s][info][gc,cpu         ] GC(103) User=0.17s Sys=0.00s Real=0.04s
[4.942s][info][gc,start       ] GC(104) Pause Young (Allocation Failure)
[4.957s][info][gc,heap        ] GC(104) PSYoungGen: 23936K(81920K)->21056K(80384K) Eden: 8704K(8704K)->0K(10240K) From: 15232K(73216K)->21056K(70144K)
[4.957s][info][gc,heap        ] GC(104) ParOldGen: 773355K(843264K)->776347K(843264K)
[4.957s][info][gc,metaspace   ] GC(104) Metaspace: 6302K(6464K)->6302K(6464K) NonClass: 5768K(5824K)->5768K(5824K) Class: 533K(640K)->533K(640K)
[4.957s][info][gc             ] GC(104) Pause Young (Allocation Failure) 778M->778M(902M) 15.360ms
[4.957s][info][gc,cpu         ] GC(104) User=0.02s Sys=0.00s Real=0.01s
[4.968s][info][gc,start       ] GC(105) Pause Young (Allocation Failure)
[4.986s][info][gc,heap        ] GC(105) PSYoungGen: 31296K(80384K)->27744K(38400K) Eden: 10240K(10240K)->0K(10240K) From: 21056K(70144K)->27744K(28160K)
[4.986s][info][gc,heap        ] GC(105) ParOldGen: 776347K(843264K)->779907K(843264K)
[4.986s][info][gc,metaspace   ] GC(105) Metaspace: 6302K(6464K)->6302K(6464K) NonClass: 5768K(5824K)->5768K(5824K) Class: 533K(640K)->533K(640K)
[4.986s][info][gc             ] GC(105) Pause Young (Allocation Failure) 788M->788M(861M) 17.755ms
[4.986s][info][gc,cpu         ] GC(105) User=0.02s Sys=0.00s Real=0.02s
[4.996s][info][gc,start       ] GC(106) Pause Young (Allocation Failure)
[5.017s][info][gc,heap        ] GC(106) PSYoungGen: 37984K(38400K)->29312K(72704K) Eden: 10240K(10240K)->0K(11776K) From: 27744K(28160K)->29312K(60928K)
[5.017s][info][gc,heap        ] GC(106) ParOldGen: 779907K(843264K)->788739K(843264K)
[5.017s][info][gc,metaspace   ] GC(106) Metaspace: 6302K(6464K)->6302K(6464K) NonClass: 5768K(5824K)->5768K(5824K) Class: 533K(640K)->533K(640K)
[5.017s][info][gc             ] GC(106) Pause Young (Allocation Failure) 798M->798M(894M) 20.463ms
[5.017s][info][gc,cpu         ] GC(106) User=0.02s Sys=0.00s Real=0.02s
[5.028s][info][gc,start       ] GC(107) Pause Young (Allocation Failure)
[5.050s][info][gc,heap        ] GC(107) PSYoungGen: 41088K(72704K)->22080K(76288K) Eden: 11776K(11776K)->0K(11776K) From: 29312K(60928K)->22080K(64512K)
[5.050s][info][gc,heap        ] GC(107) ParOldGen: 788739K(843264K)->807907K(843264K)
[5.050s][info][gc,metaspace   ] GC(107) Metaspace: 6302K(6464K)->6302K(6464K) NonClass: 5768K(5824K)->5768K(5824K) Class: 533K(640K)->533K(640K)
[5.050s][info][gc             ] GC(107) Pause Young (Allocation Failure) 810M->810M(898M) 21.680ms
[5.050s][info][gc,cpu         ] GC(107) User=0.05s Sys=0.00s Real=0.02s
[5.063s][info][gc,start       ] GC(108) Pause Young (Allocation Failure)
[5.082s][info][gc,heap        ] GC(108) PSYoungGen: 33856K(76288K)->11936K(76288K) Eden: 11776K(11776K)->0K(13312K) From: 22080K(64512K)->11936K(62976K)
[5.083s][info][gc,heap        ] GC(108) ParOldGen: 807907K(843264K)->830203K(843264K)
[5.083s][info][gc,metaspace   ] GC(108) Metaspace: 6302K(6464K)->6302K(6464K) NonClass: 5768K(5824K)->5768K(5824K) Class: 533K(640K)->533K(640K)
[5.083s][info][gc             ] GC(108) Pause Young (Allocation Failure) 822M->822M(898M) 19.548ms
[5.083s][info][gc,cpu         ] GC(108) User=0.12s Sys=0.00s Real=0.02s
[5.083s][info][gc,start       ] GC(109) Pause Full (Ergonomics)
[5.083s][info][gc,phases,start] GC(109) Marking Phase
[5.274s][info][gc,phases      ] GC(109) Marking Phase 191.253ms
[5.274s][info][gc,phases,start] GC(109) Summary Phase
[5.274s][info][gc,phases      ] GC(109) Summary Phase 0.035ms
[5.274s][info][gc,phases,start] GC(109) Adjust Roots
[5.274s][info][gc,phases      ] GC(109) Adjust Roots 0.150ms
[5.274s][info][gc,phases,start] GC(109) Compaction Phase
[5.352s][info][gc,phases      ] GC(109) Compaction Phase 78.047ms
[5.352s][info][gc,phases,start] GC(109) Post Compact
[5.354s][info][gc,phases      ] GC(109) Post Compact 1.567ms
[5.354s][info][gc,heap        ] GC(109) PSYoungGen: 11936K(76288K)->0K(76288K) Eden: 0K(13312K)->0K(13312K) From: 11936K(62976K)->0K(62976K)
[5.354s][info][gc,heap        ] GC(109) ParOldGen: 830203K(843264K)->840884K(931840K)
[5.354s][info][gc,metaspace   ] GC(109) Metaspace: 6302K(6464K)->6302K(6464K) NonClass: 5768K(5824K)->5768K(5824K) Class: 533K(640K)->533K(640K)
[5.354s][info][gc             ] GC(109) Pause Full (Ergonomics) 822M->821M(984M) 271.657ms
[5.354s][info][gc,cpu         ] GC(109) User=1.88s Sys=0.02s Real=0.27s
[5.371s][info][gc,start       ] GC(110) Pause Young (Allocation Failure)
[5.383s][info][gc,heap        ] GC(110) PSYoungGen: 13312K(76288K)->13440K(75264K) Eden: 13312K(13312K)->0K(14848K) From: 0K(62976K)->13440K(60416K)
[5.383s][info][gc,heap        ] GC(110) ParOldGen: 840884K(931840K)->840884K(931840K)
[5.383s][info][gc,metaspace   ] GC(110) Metaspace: 6302K(6464K)->6302K(6464K) NonClass: 5768K(5824K)->5768K(5824K) Class: 533K(640K)->533K(640K)
[5.383s][info][gc             ] GC(110) Pause Young (Allocation Failure) 834M->834M(983M) 11.684ms
[5.383s][info][gc,cpu         ] GC(110) User=0.00s Sys=0.00s Real=0.01s
[5.398s][info][gc,start       ] GC(111) Pause Young (Allocation Failure)
[5.415s][info][gc,heap        ] GC(111) PSYoungGen: 28288K(75264K)->28288K(43520K) Eden: 14848K(14848K)->0K(14848K) From: 13440K(60416K)->28288K(28672K)
[5.415s][info][gc,heap        ] GC(111) ParOldGen: 840884K(931840K)->840884K(931840K)
[5.415s][info][gc,metaspace   ] GC(111) Metaspace: 6302K(6464K)->6302K(6464K) NonClass: 5768K(5824K)->5768K(5824K) Class: 533K(640K)->533K(640K)
[5.415s][info][gc             ] GC(111) Pause Young (Allocation Failure) 848M->848M(952M) 17.493ms
[5.416s][info][gc,cpu         ] GC(111) User=0.02s Sys=0.00s Real=0.02s
[5.432s][info][gc,start       ] GC(112) Pause Young (Allocation Failure)
[5.454s][info][gc,heap        ] GC(112) PSYoungGen: 43136K(43520K)->29824K(71168K) Eden: 14848K(14848K)->0K(16384K) From: 28288K(28672K)->29824K(54784K)
[5.454s][info][gc,heap        ] GC(112) ParOldGen: 840884K(931840K)->854380K(931840K)
[5.454s][info][gc,metaspace   ] GC(112) Metaspace: 6302K(6464K)->6302K(6464K) NonClass: 5768K(5824K)->5768K(5824K) Class: 533K(640K)->533K(640K)
[5.454s][info][gc             ] GC(112) Pause Young (Allocation Failure) 863M->863M(979M) 22.376ms
[5.454s][info][gc,cpu         ] GC(112) User=0.12s Sys=0.00s Real=0.02s
[5.472s][info][gc,start       ] GC(113) Pause Young (Allocation Failure)
[5.495s][info][gc,heap        ] GC(113) PSYoungGen: 46208K(71168K)->31392K(73216K) Eden: 16384K(16384K)->0K(16384K) From: 29824K(54784K)->31392K(56832K)
[5.495s][info][gc,heap        ] GC(113) ParOldGen: 854380K(931840K)->869420K(931840K)
[5.495s][info][gc,metaspace   ] GC(113) Metaspace: 6302K(6464K)->6302K(6464K) NonClass: 5768K(5824K)->5768K(5824K) Class: 533K(640K)->533K(640K)
[5.495s][info][gc             ] GC(113) Pause Young (Allocation Failure) 879M->879M(981M) 23.844ms
[5.496s][info][gc,cpu         ] GC(113) User=0.14s Sys=0.00s Real=0.02s
[5.514s][info][gc,start       ] GC(114) Pause Young (Allocation Failure)
[5.538s][info][gc,heap        ] GC(114) PSYoungGen: 47776K(73216K)->32960K(72704K) Eden: 16384K(16384K)->0K(18432K) From: 31392K(56832K)->32960K(54272K)
[5.538s][info][gc,heap        ] GC(114) ParOldGen: 869420K(931840K)->884476K(931840K)
[5.538s][info][gc,metaspace   ] GC(114) Metaspace: 6302K(6464K)->6302K(6464K) NonClass: 5768K(5824K)->5768K(5824K) Class: 533K(640K)->533K(640K)
[5.538s][info][gc             ] GC(114) Pause Young (Allocation Failure) 895M->895M(981M) 24.768ms
[5.539s][info][gc,cpu         ] GC(114) User=0.14s Sys=0.00s Real=0.02s
[5.558s][info][gc,start       ] GC(115) Pause Young (Allocation Failure)
[5.584s][info][gc,heap        ] GC(115) PSYoungGen: 51392K(72704K)->34944K(73216K) Eden: 18432K(18432K)->0K(18432K) From: 32960K(54272K)->34944K(54784K)
[5.584s][info][gc,heap        ] GC(115) ParOldGen: 884476K(931840K)->901068K(931840K)
[5.584s][info][gc,metaspace   ] GC(115) Metaspace: 6302K(6464K)->6302K(6464K) NonClass: 5768K(5824K)->5768K(5824K) Class: 533K(640K)->533K(640K)
[5.584s][info][gc             ] GC(115) Pause Young (Allocation Failure) 913M->914M(981M) 26.384ms
[5.584s][info][gc,cpu         ] GC(115) User=0.14s Sys=0.00s Real=0.03s
[5.605s][info][gc,start       ] GC(116) Pause Young (Allocation Failure)
[5.633s][info][gc,heap        ] GC(116) PSYoungGen: 53376K(73216K)->37024K(74752K) Eden: 18432K(18432K)->0K(20480K) From: 34944K(54784K)->37024K(54272K)
[5.633s][info][gc,heap        ] GC(116) ParOldGen: 901068K(931840K)->917692K(931840K)
[5.633s][info][gc,metaspace   ] GC(116) Metaspace: 6302K(6464K)->6302K(6464K) NonClass: 5768K(5824K)->5768K(5824K) Class: 533K(640K)->533K(640K)
[5.633s][info][gc             ] GC(116) Pause Young (Allocation Failure) 932M->932M(983M) 28.075ms
[5.633s][info][gc,cpu         ] GC(116) User=0.14s Sys=0.00s Real=0.03s
[5.633s][info][gc,start       ] GC(117) Pause Full (Ergonomics)
[5.633s][info][gc,phases,start] GC(117) Marking Phase
[5.845s][info][gc,phases      ] GC(117) Marking Phase 212.500ms
[5.845s][info][gc,phases,start] GC(117) Summary Phase
[5.845s][info][gc,phases      ] GC(117) Summary Phase 0.023ms
[5.845s][info][gc,phases,start] GC(117) Adjust Roots
[5.845s][info][gc,phases      ] GC(117) Adjust Roots 0.154ms
[5.845s][info][gc,phases,start] GC(117) Compaction Phase
[5.938s][info][gc,phases      ] GC(117) Compaction Phase 92.365ms
[5.938s][info][gc,phases,start] GC(117) Post Compact
[5.940s][info][gc,phases      ] GC(117) Post Compact 1.652ms
[5.940s][info][gc,heap        ] GC(117) PSYoungGen: 37024K(74752K)->21474K(74752K) Eden: 0K(20480K)->0K(20480K) From: 37024K(54272K)->21474K(54272K)
[5.940s][info][gc,heap        ] GC(117) ParOldGen: 917692K(931840K)->931830K(1030144K)
[5.940s][info][gc,metaspace   ] GC(117) Metaspace: 6302K(6464K)->6302K(6464K) NonClass: 5768K(5824K)->5768K(5824K) Class: 533K(640K)->533K(640K)
[5.940s][info][gc             ] GC(117) Pause Full (Ergonomics) 932M->930M(1079M) 307.333ms
[5.940s][info][gc,cpu         ] GC(117) User=2.14s Sys=0.02s Real=0.31s
[5.965s][info][gc,start       ] GC(118) Pause Young (Allocation Failure)
[6.022s][info][gc,heap        ] GC(118) PSYoungGen: 41954K(74752K)->31392K(75264K) Eden: 20480K(20480K)->0K(20480K) From: 21474K(54272K)->31392K(54784K)
[6.022s][info][gc,heap        ] GC(118) ParOldGen: 931830K(1030144K)->942710K(1030144K)
[6.022s][info][gc,metaspace   ] GC(118) Metaspace: 6302K(6464K)->6302K(6464K) NonClass: 5768K(5824K)->5768K(5824K) Class: 533K(640K)->533K(640K)
[6.022s][info][gc             ] GC(118) Pause Young (Allocation Failure) 950M->951M(1079M) 57.163ms
[6.022s][info][gc,cpu         ] GC(118) User=0.34s Sys=0.03s Real=0.06s
[6.044s][info][gc,start       ] GC(119) Pause Young (Allocation Failure)
[6.071s][info][gc,heap        ] GC(119) PSYoungGen: 51872K(75264K)->51872K(69120K) Eden: 20480K(20480K)->0K(16384K) From: 31392K(54784K)->51872K(52736K)
[6.071s][info][gc,heap        ] GC(119) ParOldGen: 942710K(1030144K)->942710K(1030144K)
[6.071s][info][gc,metaspace   ] GC(119) Metaspace: 6302K(6464K)->6302K(6464K) NonClass: 5768K(5824K)->5768K(5824K) Class: 533K(640K)->533K(640K)
[6.072s][info][gc             ] GC(119) Pause Young (Allocation Failure) 971M->971M(1073M) 27.584ms
[6.072s][info][gc,cpu         ] GC(119) User=0.14s Sys=0.00s Real=0.03s
[6.090s][info][gc,start       ] GC(120) Pause Young (Allocation Failure)
[6.124s][info][gc,heap        ] GC(120) PSYoungGen: 68256K(69120K)->57472K(75264K) Eden: 16384K(16384K)->0K(16384K) From: 51872K(52736K)->57472K(58880K)
[6.124s][info][gc,heap        ] GC(120) ParOldGen: 942710K(1030144K)->953630K(1030144K)
[6.124s][info][gc,metaspace   ] GC(120) Metaspace: 6302K(6464K)->6302K(6464K) NonClass: 5768K(5824K)->5768K(5824K) Class: 533K(640K)->533K(640K)
[6.124s][info][gc             ] GC(120) Pause Young (Allocation Failure) 987M->987M(1079M) 33.655ms
[6.124s][info][gc,cpu         ] GC(120) User=0.16s Sys=0.00s Real=0.03s
[6.142s][info][gc,start       ] GC(121) Pause Young (Allocation Failure)
[6.179s][info][gc,heap        ] GC(121) PSYoungGen: 73856K(75264K)->53376K(80384K) Eden: 16384K(16384K)->0K(14848K) From: 57472K(58880K)->53376K(65536K)
[6.179s][info][gc,heap        ] GC(121) ParOldGen: 953630K(1030144K)->974406K(1030144K)
[6.179s][info][gc,metaspace   ] GC(121) Metaspace: 6302K(6464K)->6302K(6464K) NonClass: 5768K(5824K)->5768K(5824K) Class: 533K(640K)->533K(640K)
[6.179s][info][gc             ] GC(121) Pause Young (Allocation Failure) 1003M->1003M(1084M) 36.678ms
[6.179s][info][gc,cpu         ] GC(121) User=0.25s Sys=0.02s Real=0.04s
[6.195s][info][gc,start       ] GC(122) Pause Young (Allocation Failure)
[6.229s][info][gc,heap        ] GC(122) PSYoungGen: 68224K(80384K)->47744K(83968K) Eden: 14848K(14848K)->0K(14848K) From: 53376K(65536K)->47744K(69120K)
[6.229s][info][gc,heap        ] GC(122) ParOldGen: 974406K(1030144K)->995166K(1030144K)
[6.229s][info][gc,metaspace   ] GC(122) Metaspace: 6302K(6464K)->6302K(6464K) NonClass: 5768K(5824K)->5768K(5824K) Class: 533K(640K)->533K(640K)
[6.229s][info][gc             ] GC(122) Pause Young (Allocation Failure) 1018M->1018M(1088M) 33.829ms
[6.229s][info][gc,cpu         ] GC(122) User=0.16s Sys=0.00s Real=0.03s
[6.245s][info][gc,start       ] GC(123) Pause Young (Allocation Failure)
[6.277s][info][gc,heap        ] GC(123) PSYoungGen: 62592K(83968K)->29856K(82944K) Eden: 14848K(14848K)->0K(16896K) From: 47744K(69120K)->29856K(66048K)
[6.278s][info][gc,heap        ] GC(123) ParOldGen: 995166K(1030144K)->1028350K(1030144K)
[6.278s][info][gc,metaspace   ] GC(123) Metaspace: 6302K(6464K)->6302K(6464K) NonClass: 5768K(5824K)->5768K(5824K) Class: 533K(640K)->533K(640K)
[6.278s][info][gc             ] GC(123) Pause Young (Allocation Failure) 1032M->1033M(1087M) 32.640ms
[6.278s][info][gc,cpu         ] GC(123) User=0.16s Sys=0.00s Real=0.03s
[6.278s][info][gc,start       ] GC(124) Pause Full (Ergonomics)
[6.278s][info][gc,phases,start] GC(124) Marking Phase
[6.527s][info][gc,phases      ] GC(124) Marking Phase 249.099ms
[6.527s][info][gc,phases,start] GC(124) Summary Phase
[6.527s][info][gc,phases      ] GC(124) Summary Phase 0.032ms
[6.527s][info][gc,phases,start] GC(124) Adjust Roots
[6.527s][info][gc,phases      ] GC(124) Adjust Roots 0.162ms
[6.527s][info][gc,phases,start] GC(124) Compaction Phase
[6.624s][info][gc,phases      ] GC(124) Compaction Phase 97.111ms
[6.624s][info][gc,phases,start] GC(124) Post Compact
[6.626s][info][gc,phases      ] GC(124) Post Compact 1.648ms
[6.626s][info][gc,heap        ] GC(124) PSYoungGen: 29856K(82944K)->26570K(84992K) Eden: 0K(16896K)->0K(18944K) From: 29856K(66048K)->26570K(66048K)
[6.626s][info][gc,heap        ] GC(124) ParOldGen: 1028350K(1030144K)->1029967K(1142784K)
[6.626s][info][gc,metaspace   ] GC(124) Metaspace: 6302K(6464K)->6302K(6464K) NonClass: 5768K(5824K)->5768K(5824K) Class: 533K(640K)->533K(640K)
[6.626s][info][gc             ] GC(124) Pause Full (Ergonomics) 1033M->1031M(1199M) 348.749ms
[6.626s][info][gc,cpu         ] GC(124) User=2.47s Sys=0.02s Real=0.35s
[6.651s][info][gc,start       ] GC(125) Pause Young (Allocation Failure)
[6.714s][info][gc,heap        ] GC(125) PSYoungGen: 45514K(84992K)->19072K(87040K) Eden: 18944K(18944K)->0K(18944K) From: 26570K(66048K)->19072K(68096K)
[6.714s][info][gc,heap        ] GC(125) ParOldGen: 1029967K(1142784K)->1056927K(1142784K)
[6.714s][info][gc,metaspace   ] GC(125) Metaspace: 6302K(6464K)->6302K(6464K) NonClass: 5768K(5824K)->5768K(5824K) Class: 533K(640K)->533K(640K)
[6.714s][info][gc             ] GC(125) Pause Young (Allocation Failure) 1050M->1050M(1201M) 62.990ms
[6.714s][info][gc,cpu         ] GC(125) User=0.38s Sys=0.02s Real=0.06s
[6.735s][info][gc,start       ] GC(126) Pause Young (Allocation Failure)
[6.757s][info][gc,heap        ] GC(126) PSYoungGen: 38016K(87040K)->19104K(88064K) Eden: 18944K(18944K)->0K(20992K) From: 19072K(68096K)->19104K(67072K)
[6.757s][info][gc,heap        ] GC(126) ParOldGen: 1056927K(1142784K)->1076119K(1142784K)
[6.757s][info][gc,metaspace   ] GC(126) Metaspace: 6302K(6464K)->6302K(6464K) NonClass: 5768K(5824K)->5768K(5824K) Class: 533K(640K)->533K(640K)
[6.757s][info][gc             ] GC(126) Pause Young (Allocation Failure) 1069M->1069M(1202M) 22.685ms
[6.757s][info][gc,cpu         ] GC(126) User=0.14s Sys=0.00s Real=0.02s
[6.781s][info][gc,start       ] GC(127) Pause Young (Allocation Failure)
[6.804s][info][gc,heap        ] GC(127) PSYoungGen: 40096K(88064K)->21152K(88576K) Eden: 20992K(20992K)->0K(20992K) From: 19104K(67072K)->21152K(67584K)
[6.804s][info][gc,heap        ] GC(127) ParOldGen: 1076119K(1142784K)->1095327K(1142784K)
[6.804s][info][gc,metaspace   ] GC(127) Metaspace: 6302K(6464K)->6302K(6464K) NonClass: 5768K(5824K)->5768K(5824K) Class: 533K(640K)->533K(640K)
[6.804s][info][gc             ] GC(127) Pause Young (Allocation Failure) 1090M->1090M(1202M) 23.414ms
[6.804s][info][gc,cpu         ] GC(127) User=0.14s Sys=0.00s Real=0.02s
[6.828s][info][gc,start       ] GC(128) Pause Young (Allocation Failure)
[6.852s][info][gc,heap        ] GC(128) PSYoungGen: 42144K(88576K)->21120K(87040K) Eden: 20992K(20992K)->0K(23552K) From: 21152K(67584K)->21120K(63488K)
[6.852s][info][gc,heap        ] GC(128) ParOldGen: 1095327K(1142784K)->1116615K(1142784K)
[6.853s][info][gc,metaspace   ] GC(128) Metaspace: 6302K(6464K)->6302K(6464K) NonClass: 5768K(5824K)->5768K(5824K) Class: 533K(640K)->533K(640K)
[6.853s][info][gc             ] GC(128) Pause Young (Allocation Failure) 1110M->1111M(1201M) 24.297ms
[6.853s][info][gc,cpu         ] GC(128) User=0.08s Sys=0.05s Real=0.02s
[6.853s][info][gc,start       ] GC(129) Pause Full (Ergonomics)
[6.853s][info][gc,phases,start] GC(129) Marking Phase
[7.104s][info][gc,phases      ] GC(129) Marking Phase 250.984ms
[7.104s][info][gc,phases,start] GC(129) Summary Phase
[7.104s][info][gc,phases      ] GC(129) Summary Phase 0.031ms
[7.104s][info][gc,phases,start] GC(129) Adjust Roots
[7.104s][info][gc,phases      ] GC(129) Adjust Roots 0.151ms
[7.104s][info][gc,phases,start] GC(129) Compaction Phase
[7.195s][info][gc,phases      ] GC(129) Compaction Phase 90.819ms
[7.195s][info][gc,phases,start] GC(129) Post Compact
[7.197s][info][gc,phases      ] GC(129) Post Compact 1.802ms
[7.197s][info][gc,heap        ] GC(129) PSYoungGen: 21120K(87040K)->0K(88576K) Eden: 0K(23552K)->0K(23552K) From: 21120K(63488K)->0K(65024K)
[7.197s][info][gc,heap        ] GC(129) ParOldGen: 1116615K(1142784K)->1136288K(1259008K)
[7.197s][info][gc,metaspace   ] GC(129) Metaspace: 6302K(6464K)->6302K(6464K) NonClass: 5768K(5824K)->5768K(5824K) Class: 533K(640K)->533K(640K)
[7.197s][info][gc             ] GC(129) Pause Full (Ergonomics) 1111M->1109M(1316M) 344.571ms
[7.197s][info][gc,cpu         ] GC(129) User=2.50s Sys=0.00s Real=0.34s
[7.224s][info][gc,start       ] GC(130) Pause Young (Allocation Failure)
[7.240s][info][gc,heap        ] GC(130) PSYoungGen: 23552K(88576K)->23680K(87040K) Eden: 23552K(23552K)->0K(26112K) From: 0K(65024K)->23680K(60928K)
[7.240s][info][gc,heap        ] GC(130) ParOldGen: 1136288K(1259008K)->1136288K(1259008K)
[7.240s][info][gc,metaspace   ] GC(130) Metaspace: 6302K(6464K)->6302K(6464K) NonClass: 5768K(5824K)->5768K(5824K) Class: 533K(640K)->533K(640K)
[7.240s][info][gc             ] GC(130) Pause Young (Allocation Failure) 1132M->1132M(1314M) 16.445ms
[7.240s][info][gc,cpu         ] GC(130) User=0.03s Sys=0.00s Real=0.02s
[7.271s][info][gc,start       ] GC(131) Pause Young (Allocation Failure)
[7.297s][info][gc,heap        ] GC(131) PSYoungGen: 49792K(87040K)->49824K(89088K) Eden: 26112K(26112K)->0K(26112K) From: 23680K(60928K)->49824K(62976K)
[7.297s][info][gc,heap        ] GC(131) ParOldGen: 1136288K(1259008K)->1136288K(1259008K)
[7.297s][info][gc,metaspace   ] GC(131) Metaspace: 6302K(6464K)->6302K(6464K) NonClass: 5768K(5824K)->5768K(5824K) Class: 533K(640K)->533K(640K)
[7.297s][info][gc             ] GC(131) Pause Young (Allocation Failure) 1158M->1158M(1316M) 26.835ms
[7.297s][info][gc,cpu         ] GC(131) User=0.12s Sys=0.00s Real=0.03s
[7.328s][info][gc,start       ] GC(132) Pause Young (Allocation Failure)
[7.368s][info][gc,heap        ] GC(132) PSYoungGen: 75936K(89088K)->66560K(82432K) Eden: 26112K(26112K)->0K(15872K) From: 49824K(62976K)->66560K(66560K)
[7.368s][info][gc,heap        ] GC(132) ParOldGen: 1136288K(1259008K)->1145712K(1259008K)
[7.368s][info][gc,metaspace   ] GC(132) Metaspace: 6302K(6464K)->6302K(6464K) NonClass: 5768K(5824K)->5768K(5824K) Class: 533K(640K)->533K(640K)
[7.368s][info][gc             ] GC(132) Pause Young (Allocation Failure) 1183M->1183M(1310M) 39.426ms
[7.368s][info][gc,cpu         ] GC(132) User=0.25s Sys=0.00s Real=0.04s
[7.387s][info][gc,start       ] GC(133) Pause Young (Allocation Failure)
[7.428s][info][gc,heap        ] GC(133) PSYoungGen: 82432K(82432K)->38432K(54784K) Eden: 15872K(15872K)->0K(15872K) From: 66560K(66560K)->38432K(38912K)
[7.428s][info][gc,heap        ] GC(133) ParOldGen: 1145712K(1259008K)->1190352K(1259008K)
[7.428s][info][gc,metaspace   ] GC(133) Metaspace: 6302K(6464K)->6302K(6464K) NonClass: 5768K(5824K)->5768K(5824K) Class: 533K(640K)->533K(640K)
[7.428s][info][gc             ] GC(133) Pause Young (Allocation Failure) 1199M->1199M(1283M) 41.032ms
[7.428s][info][gc,cpu         ] GC(133) User=0.19s Sys=0.08s Real=0.04s
[7.447s][info][gc,start       ] GC(134) Pause Young (Allocation Failure)
[7.475s][info][gc,heap        ] GC(134) PSYoungGen: 54304K(54784K)->31872K(87552K) Eden: 15872K(15872K)->0K(17920K) From: 38432K(38912K)->31872K(69632K)
[7.475s][info][gc,heap        ] GC(134) ParOldGen: 1190352K(1259008K)->1213136K(1259008K)
[7.475s][info][gc,metaspace   ] GC(134) Metaspace: 6302K(6464K)->6302K(6464K) NonClass: 5768K(5824K)->5768K(5824K) Class: 533K(640K)->533K(640K)
[7.475s][info][gc             ] GC(134) Pause Young (Allocation Failure) 1215M->1215M(1315M) 28.968ms
[7.476s][info][gc,cpu         ] GC(134) User=0.14s Sys=0.00s Real=0.03s
[7.497s][info][gc,start       ] GC(135) Pause Young (Allocation Failure)
[7.524s][info][gc,heap        ] GC(135) PSYoungGen: 49792K(87552K)->33952K(52224K) Eden: 17920K(17920K)->0K(17920K) From: 31872K(69632K)->33952K(34304K)
[7.525s][info][gc,heap        ] GC(135) ParOldGen: 1213136K(1259008K)->1229224K(1259008K)
[7.525s][info][gc,metaspace   ] GC(135) Metaspace: 6302K(6464K)->6302K(6464K) NonClass: 5768K(5824K)->5768K(5824K) Class: 533K(640K)->533K(640K)
[7.525s][info][gc             ] GC(135) Pause Young (Allocation Failure) 1233M->1233M(1280M) 27.803ms
[7.525s][info][gc,cpu         ] GC(135) User=0.08s Sys=0.06s Real=0.03s
[7.525s][info][gc,start       ] GC(136) Pause Full (Ergonomics)
[7.525s][info][gc,phases,start] GC(136) Marking Phase
[7.805s][info][gc,phases      ] GC(136) Marking Phase 279.984ms
[7.805s][info][gc,phases,start] GC(136) Summary Phase
[7.805s][info][gc,phases      ] GC(136) Summary Phase 0.033ms
[7.805s][info][gc,phases,start] GC(136) Adjust Roots
[7.805s][info][gc,phases      ] GC(136) Adjust Roots 0.148ms
[7.805s][info][gc,phases,start] GC(136) Compaction Phase
[7.912s][info][gc,phases      ] GC(136) Compaction Phase 107.336ms
[7.912s][info][gc,phases,start] GC(136) Post Compact
[7.914s][info][gc,phases      ] GC(136) Post Compact 2.062ms
[7.915s][info][gc,heap        ] GC(136) PSYoungGen: 33952K(52224K)->2567K(52224K) Eden: 0K(17920K)->0K(17920K) From: 33952K(34304K)->2567K(34304K)
[7.915s][info][gc,heap        ] GC(136) ParOldGen: 1229224K(1259008K)->1258978K(1394176K)
[7.915s][info][gc,metaspace   ] GC(136) Metaspace: 6302K(6464K)->6302K(6464K) NonClass: 5768K(5824K)->5768K(5824K) Class: 533K(640K)->533K(640K)
[7.915s][info][gc             ] GC(136) Pause Full (Ergonomics) 1233M->1231M(1412M) 390.331ms
[7.915s][info][gc,cpu         ] GC(136) User=2.78s Sys=0.02s Real=0.39s
[7.938s][info][gc,start       ] GC(137) Pause Young (Allocation Failure)
[8.002s][info][gc,heap        ] GC(137) PSYoungGen: 20487K(52224K)->19712K(88576K) Eden: 17920K(17920K)->0K(19968K) From: 2567K(34304K)->19712K(68608K)
[8.002s][info][gc,heap        ] GC(137) ParOldGen: 1258978K(1394176K)->1259890K(1394176K)
[8.002s][info][gc,metaspace   ] GC(137) Metaspace: 6302K(6464K)->6302K(6464K) NonClass: 5768K(5824K)->5768K(5824K) Class: 533K(640K)->533K(640K)
[8.002s][info][gc             ] GC(137) Pause Young (Allocation Failure) 1249M->1249M(1448M) 64.743ms
[8.002s][info][gc,cpu         ] GC(137) User=0.39s Sys=0.00s Real=0.07s
[8.027s][info][gc,start       ] GC(138) Pause Young (Allocation Failure)
[8.052s][info][gc,heap        ] GC(138) PSYoungGen: 39680K(88576K)->39744K(89088K) Eden: 19968K(19968K)->0K(19968K) From: 19712K(68608K)->39744K(69120K)
[8.052s][info][gc,heap        ] GC(138) ParOldGen: 1259890K(1394176K)->1259890K(1394176K)
[8.052s][info][gc,metaspace   ] GC(138) Metaspace: 6302K(6464K)->6302K(6464K) NonClass: 5768K(5824K)->5768K(5824K) Class: 533K(640K)->533K(640K)
[8.052s][info][gc             ] GC(138) Pause Young (Allocation Failure) 1269M->1269M(1448M) 24.754ms
[8.052s][info][gc,cpu         ] GC(138) User=0.12s Sys=0.00s Real=0.02s
[8.070s][info][gc,start       ] GC(139) Pause Young (Allocation Failure)
[8.099s][info][gc,heap        ] GC(139) PSYoungGen: 59712K(89088K)->50976K(87040K) Eden: 19968K(19968K)->0K(19456K) From: 39744K(69120K)->50976K(67584K)
[8.099s][info][gc,heap        ] GC(139) ParOldGen: 1259890K(1394176K)->1259890K(1394176K)
[8.099s][info][gc,metaspace   ] GC(139) Metaspace: 6302K(6464K)->6302K(6464K) NonClass: 5768K(5824K)->5768K(5824K) Class: 533K(640K)->533K(640K)
[8.099s][info][gc             ] GC(139) Pause Young (Allocation Failure) 1288M->1280M(1446M) 28.653ms
[8.099s][info][gc,cpu         ] GC(139) User=0.14s Sys=0.00s Real=0.03s
[8.114s][info][gc,start       ] GC(140) Pause Young (Allocation Failure)
[8.146s][info][gc,heap        ] GC(140) PSYoungGen: 70432K(87040K)->61024K(89600K) Eden: 19456K(19456K)->0K(19456K) From: 50976K(67584K)->61024K(70144K)
[8.146s][info][gc,heap        ] GC(140) ParOldGen: 1259890K(1394176K)->1259890K(1394176K)
[8.146s][info][gc,metaspace   ] GC(140) Metaspace: 6302K(6464K)->6302K(6464K) NonClass: 5768K(5824K)->5768K(5824K) Class: 533K(640K)->533K(640K)
[8.147s][info][gc             ] GC(140) Pause Young (Allocation Failure) 1299M->1289M(1449M) 32.535ms
[8.147s][info][gc,cpu         ] GC(140) User=0.27s Sys=0.00s Real=0.03s
[8.172s][info][gc,start       ] GC(141) Pause Young (Allocation Failure)
[8.214s][info][gc,heap        ] GC(141) PSYoungGen: 80480K(89600K)->75776K(86016K) Eden: 19456K(19456K)->0K(10240K) From: 61024K(70144K)->75776K(75776K)
[8.214s][info][gc,heap        ] GC(141) ParOldGen: 1259890K(1394176K)->1264378K(1394176K)
[8.214s][info][gc,metaspace   ] GC(141) Metaspace: 6302K(6464K)->6302K(6464K) NonClass: 5768K(5824K)->5768K(5824K) Class: 533K(640K)->533K(640K)
[8.214s][info][gc             ] GC(141) Pause Young (Allocation Failure) 1308M->1308M(1445M) 42.186ms
[8.214s][info][gc,cpu         ] GC(141) User=0.25s Sys=0.02s Real=0.04s
[8.228s][info][gc,start       ] GC(142) Pause Young (Allocation Failure)
[8.271s][info][gc,heap        ] GC(142) PSYoungGen: 86016K(86016K)->49376K(59904K) Eden: 10240K(10240K)->0K(10240K) From: 75776K(75776K)->49376K(49664K)
[8.272s][info][gc,heap        ] GC(142) ParOldGen: 1264378K(1394176K)->1301626K(1394176K)
[8.272s][info][gc,metaspace   ] GC(142) Metaspace: 6302K(6464K)->6302K(6464K) NonClass: 5768K(5824K)->5768K(5824K) Class: 533K(640K)->533K(640K)
[8.272s][info][gc             ] GC(142) Pause Young (Allocation Failure) 1318M->1319M(1420M) 43.857ms
[8.272s][info][gc,cpu         ] GC(142) User=0.23s Sys=0.03s Real=0.04s
[8.284s][info][gc,start       ] GC(143) Pause Young (Allocation Failure)
[8.315s][info][gc,heap        ] GC(143) PSYoungGen: 59616K(59904K)->39008K(90112K) Eden: 10240K(10240K)->0K(11776K) From: 49376K(49664K)->39008K(78336K)
[8.315s][info][gc,heap        ] GC(143) ParOldGen: 1301626K(1394176K)->1322482K(1394176K)
[8.315s][info][gc,metaspace   ] GC(143) Metaspace: 6302K(6464K)->6302K(6464K) NonClass: 5768K(5824K)->5768K(5824K) Class: 533K(640K)->533K(640K)
[8.315s][info][gc             ] GC(143) Pause Young (Allocation Failure) 1329M->1329M(1449M) 31.827ms
[8.315s][info][gc,cpu         ] GC(143) User=0.14s Sys=0.00s Real=0.03s
[8.329s][info][gc,start       ] GC(144) Pause Young (Allocation Failure)
[8.358s][info][gc,heap        ] GC(144) PSYoungGen: 50784K(90112K)->22144K(93696K) Eden: 11776K(11776K)->0K(11776K) From: 39008K(78336K)->22144K(81920K)
[8.358s][info][gc,heap        ] GC(144) ParOldGen: 1322482K(1394176K)->1351530K(1394176K)
[8.358s][info][gc,metaspace   ] GC(144) Metaspace: 6302K(6464K)->6302K(6464K) NonClass: 5768K(5824K)->5768K(5824K) Class: 533K(640K)->533K(640K)
[8.358s][info][gc             ] GC(144) Pause Young (Allocation Failure) 1341M->1341M(1453M) 29.037ms
[8.358s][info][gc,cpu         ] GC(144) User=0.12s Sys=0.02s Real=0.03s
[8.358s][info][gc,start       ] GC(145) Pause Full (Ergonomics)
[8.358s][info][gc,phases,start] GC(145) Marking Phase
[8.658s][info][gc,phases      ] GC(145) Marking Phase 300.173ms
[8.658s][info][gc,phases,start] GC(145) Summary Phase
[8.658s][info][gc,phases      ] GC(145) Summary Phase 0.048ms
[8.658s][info][gc,phases,start] GC(145) Adjust Roots
[8.659s][info][gc,phases      ] GC(145) Adjust Roots 0.168ms
[8.659s][info][gc,phases,start] GC(145) Compaction Phase
[8.760s][info][gc,phases      ] GC(145) Compaction Phase 100.998ms
[8.760s][info][gc,phases,start] GC(145) Post Compact
[8.762s][info][gc,phases      ] GC(145) Post Compact 2.232ms
[8.762s][info][gc,heap        ] GC(145) PSYoungGen: 22144K(93696K)->0K(95744K) Eden: 0K(11776K)->0K(13824K) From: 22144K(81920K)->0K(81920K)
[8.762s][info][gc,heap        ] GC(145) ParOldGen: 1351530K(1394176K)->1372018K(1523200K)
[8.762s][info][gc,metaspace   ] GC(145) Metaspace: 6302K(6464K)->6302K(6464K) NonClass: 5768K(5824K)->5768K(5824K) Class: 533K(640K)->533K(640K)
[8.762s][info][gc             ] GC(145) Pause Full (Ergonomics) 1341M->1339M(1581M) 404.370ms
[8.762s][info][gc,cpu         ] GC(145) User=3.12s Sys=0.00s Real=0.41s
[8.780s][info][gc,start       ] GC(146) Pause Young (Allocation Failure)
[8.794s][info][gc,heap        ] GC(146) PSYoungGen: 13824K(95744K)->13952K(95744K) Eden: 13824K(13824K)->0K(13824K) From: 0K(81920K)->13952K(81920K)
[8.794s][info][gc,heap        ] GC(146) ParOldGen: 1372018K(1523200K)->1372018K(1523200K)
[8.794s][info][gc,metaspace   ] GC(146) Metaspace: 6302K(6464K)->6302K(6464K) NonClass: 5768K(5824K)->5768K(5824K) Class: 533K(640K)->533K(640K)
[8.794s][info][gc             ] GC(146) Pause Young (Allocation Failure) 1353M->1353M(1581M) 13.884ms
[8.794s][info][gc,cpu         ] GC(146) User=0.02s Sys=0.00s Real=0.01s
[8.812s][info][gc,start       ] GC(147) Pause Young (Allocation Failure)
[8.830s][info][gc,heap        ] GC(147) PSYoungGen: 27776K(95744K)->13920K(97792K) Eden: 13824K(13824K)->0K(15360K) From: 13952K(81920K)->13920K(82432K)
[8.830s][info][gc,heap        ] GC(147) ParOldGen: 1372018K(1523200K)->1386058K(1523200K)
[8.830s][info][gc,metaspace   ] GC(147) Metaspace: 6302K(6464K)->6302K(6464K) NonClass: 5768K(5824K)->5768K(5824K) Class: 533K(640K)->533K(640K)
[8.830s][info][gc             ] GC(147) Pause Young (Allocation Failure) 1366M->1367M(1583M) 18.146ms
[8.830s][info][gc,cpu         ] GC(147) User=0.02s Sys=0.00s Real=0.02s
[9.112s][info][gc,start       ] GC(148) Pause Young (Allocation Failure)
[9.164s][info][gc,heap        ] GC(148) PSYoungGen: 29280K(97792K)->15520K(97792K) Eden: 15360K(15360K)->0K(15360K) From: 13920K(82432K)->15520K(82432K)
[9.164s][info][gc,heap        ] GC(148) ParOldGen: 1451594K(1523200K)->1465610K(1523200K)
[9.164s][info][gc,metaspace   ] GC(148) Metaspace: 6302K(6464K)->6302K(6464K) NonClass: 5768K(5824K)->5768K(5824K) Class: 533K(640K)->533K(640K)
[9.164s][info][gc             ] GC(148) Pause Young (Allocation Failure) 1446M->1446M(1583M) 52.606ms
[9.164s][info][gc,cpu         ] GC(148) User=0.28s Sys=0.00s Real=0.05s
[9.178s][info][gc,start       ] GC(149) Pause Young (Allocation Failure)
[9.202s][info][gc,heap        ] GC(149) PSYoungGen: 30880K(97792K)->30880K(89600K) Eden: 15360K(15360K)->0K(16896K) From: 15520K(82432K)->30880K(72704K)
[9.202s][info][gc,heap        ] GC(149) ParOldGen: 1465610K(1523200K)->1465610K(1523200K)
[9.202s][info][gc,metaspace   ] GC(149) Metaspace: 6302K(6464K)->6302K(6464K) NonClass: 5768K(5824K)->5768K(5824K) Class: 533K(640K)->533K(640K)
[9.202s][info][gc             ] GC(149) Pause Young (Allocation Failure) 1461M->1461M(1575M) 23.579ms
[9.202s][info][gc,cpu         ] GC(149) User=0.02s Sys=0.00s Real=0.02s
[9.218s][info][gc,start       ] GC(150) Pause Young (Allocation Failure)
[9.247s][info][gc,heap        ] GC(150) PSYoungGen: 47776K(89600K)->47744K(93696K) Eden: 16896K(16896K)->0K(16896K) From: 30880K(72704K)->47744K(76800K)
[9.247s][info][gc,heap        ] GC(150) ParOldGen: 1465610K(1523200K)->1465610K(1523200K)
[9.247s][info][gc,metaspace   ] GC(150) Metaspace: 6302K(6464K)->6302K(6464K) NonClass: 5768K(5824K)->5768K(5824K) Class: 533K(640K)->533K(640K)
[9.247s][info][gc             ] GC(150) Pause Young (Allocation Failure) 1477M->1477M(1579M) 29.178ms
[9.247s][info][gc,cpu         ] GC(150) User=0.03s Sys=0.00s Real=0.03s
[9.262s][info][gc,start       ] GC(151) Pause Young (Allocation Failure)
[9.295s][info][gc,heap        ] GC(151) PSYoungGen: 64640K(93696K)->49312K(95744K) Eden: 16896K(16896K)->0K(17920K) From: 47744K(76800K)->49312K(77824K)
[9.295s][info][gc,heap        ] GC(151) ParOldGen: 1465610K(1523200K)->1481170K(1523200K)
[9.295s][info][gc,metaspace   ] GC(151) Metaspace: 6302K(6464K)->6302K(6464K) NonClass: 5768K(5824K)->5768K(5824K) Class: 533K(640K)->533K(640K)
[9.295s][info][gc             ] GC(151) Pause Young (Allocation Failure) 1494M->1494M(1581M) 33.224ms
[9.295s][info][gc,cpu         ] GC(151) User=0.09s Sys=0.05s Real=0.03s
[9.311s][info][gc,start       ] GC(152) Pause Young (Allocation Failure)
[9.345s][info][gc,heap        ] GC(152) PSYoungGen: 67232K(95744K)->51872K(96768K) Eden: 17920K(17920K)->0K(17920K) From: 49312K(77824K)->51872K(78848K)
[9.345s][info][gc,heap        ] GC(152) ParOldGen: 1481170K(1523200K)->1496738K(1523200K)
[9.345s][info][gc,metaspace   ] GC(152) Metaspace: 6302K(6464K)->6302K(6464K) NonClass: 5768K(5824K)->5768K(5824K) Class: 533K(640K)->533K(640K)
[9.345s][info][gc             ] GC(152) Pause Young (Allocation Failure) 1512M->1512M(1582M) 34.335ms
[9.345s][info][gc,cpu         ] GC(152) User=0.03s Sys=0.00s Real=0.03s
[9.345s][info][gc,start       ] GC(153) Pause Full (Ergonomics)
[9.345s][info][gc,phases,start] GC(153) Marking Phase
[9.683s][info][gc,phases      ] GC(153) Marking Phase 337.547ms
[9.683s][info][gc,phases,start] GC(153) Summary Phase
[9.683s][info][gc,phases      ] GC(153) Summary Phase 0.051ms
[9.683s][info][gc,phases,start] GC(153) Adjust Roots
[9.683s][info][gc,phases      ] GC(153) Adjust Roots 0.201ms
[9.683s][info][gc,phases,start] GC(153) Compaction Phase
[9.919s][info][gc,phases      ] GC(153) Compaction Phase 236.054ms
[9.919s][info][gc,phases,start] GC(153) Post Compact
[9.922s][info][gc,phases      ] GC(153) Post Compact 2.999ms
[9.923s][info][gc,heap        ] GC(153) PSYoungGen: 51872K(96768K)->0K(100864K) Eden: 0K(17920K)->0K(20480K) From: 51872K(78848K)->0K(80384K)
[9.923s][info][gc,heap        ] GC(153) ParOldGen: 1496738K(1523200K)->1514644K(1666048K)
[9.923s][info][gc,metaspace   ] GC(153) Metaspace: 6302K(6464K)->6302K(6464K) NonClass: 5768K(5824K)->5768K(5824K) Class: 533K(640K)->533K(640K)
[9.923s][info][gc             ] GC(153) Pause Full (Ergonomics) 1512M->1479M(1725M) 577.702ms
[9.923s][info][gc,cpu         ] GC(153) User=3.97s Sys=0.03s Real=0.58s
[9.945s][info][gc,start       ] GC(154) Pause Young (Allocation Failure)
[9.965s][info][gc,heap        ] GC(154) PSYoungGen: 20480K(100864K)->20608K(100864K) Eden: 20480K(20480K)->0K(20480K) From: 0K(80384K)->20608K(80384K)
[9.965s][info][gc,heap        ] GC(154) ParOldGen: 1514644K(1666048K)->1514644K(1666048K)
[9.965s][info][gc,metaspace   ] GC(154) Metaspace: 6302K(6464K)->6302K(6464K) NonClass: 5768K(5824K)->5768K(5824K) Class: 533K(640K)->533K(640K)
[9.965s][info][gc             ] GC(154) Pause Young (Allocation Failure) 1499M->1499M(1725M) 19.970ms
[9.965s][info][gc,cpu         ] GC(154) User=0.02s Sys=0.00s Real=0.02s
[9.987s][info][gc,start       ] GC(155) Pause Young (Allocation Failure)
[10.014s][info][gc,heap        ] GC(155) PSYoungGen: 41088K(100864K)->41088K(96768K) Eden: 20480K(20480K)->0K(22528K) From: 20608K(80384K)->41088K(74240K)
[10.015s][info][gc,heap        ] GC(155) ParOldGen: 1514644K(1666048K)->1514644K(1666048K)
[10.015s][info][gc,metaspace   ] GC(155) Metaspace: 6302K(6464K)->6302K(6464K) NonClass: 5768K(5824K)->5768K(5824K) Class: 533K(640K)->533K(640K)
[10.015s][info][gc             ] GC(155) Pause Young (Allocation Failure) 1519M->1519M(1721M) 27.777ms
[10.015s][info][gc,cpu         ] GC(155) User=0.05s Sys=0.00s Real=0.03s
[10.037s][info][gc,start       ] GC(156) Pause Young (Allocation Failure)
[10.071s][info][gc,heap        ] GC(156) PSYoungGen: 63616K(96768K)->63680K(99328K) Eden: 22528K(22528K)->0K(22528K) From: 41088K(74240K)->63680K(76800K)
[10.071s][info][gc,heap        ] GC(156) ParOldGen: 1514644K(1666048K)->1514644K(1666048K)
[10.072s][info][gc,metaspace   ] GC(156) Metaspace: 6302K(6464K)->6302K(6464K) NonClass: 5768K(5824K)->5768K(5824K) Class: 533K(640K)->533K(640K)
[10.072s][info][gc             ] GC(156) Pause Young (Allocation Failure) 1541M->1541M(1724M) 34.203ms
[10.072s][info][gc,cpu         ] GC(156) User=0.06s Sys=0.00s Real=0.03s
[10.096s][info][gc,start       ] GC(157) Pause Young (Allocation Failure)
[10.138s][info][gc,heap        ] GC(157) PSYoungGen: 86208K(99328K)->65728K(101888K) Eden: 22528K(22528K)->0K(19456K) From: 63680K(76800K)->65728K(82432K)
[10.138s][info][gc,heap        ] GC(157) ParOldGen: 1514644K(1666048K)->1535388K(1666048K)
[10.138s][info][gc,metaspace   ] GC(157) Metaspace: 6302K(6464K)->6302K(6464K) NonClass: 5768K(5824K)->5768K(5824K) Class: 533K(640K)->533K(640K)
[10.138s][info][gc             ] GC(157) Pause Young (Allocation Failure) 1563M->1563M(1726M) 42.165ms
[10.138s][info][gc,cpu         ] GC(157) User=0.27s Sys=0.00s Real=0.04s
[10.157s][info][gc,start       ] GC(158) Pause Young (Allocation Failure)
[10.198s][info][gc,heap        ] GC(158) PSYoungGen: 85184K(101888K)->64704K(107520K) Eden: 19456K(19456K)->0K(19456K) From: 65728K(82432K)->64704K(88064K)
[10.199s][info][gc,heap        ] GC(158) ParOldGen: 1535388K(1666048K)->1556132K(1666048K)
[10.199s][info][gc,metaspace   ] GC(158) Metaspace: 6302K(6464K)->6302K(6464K) NonClass: 5768K(5824K)->5768K(5824K) Class: 533K(640K)->533K(640K)
[10.199s][info][gc             ] GC(158) Pause Young (Allocation Failure) 1582M->1582M(1732M) 41.720ms
[10.199s][info][gc,cpu         ] GC(158) User=0.17s Sys=0.00s Real=0.04s
[10.218s][info][gc,start       ] GC(159) Pause Young (Allocation Failure)
[10.260s][info][gc,heap        ] GC(159) PSYoungGen: 84160K(107520K)->39104K(106496K) Eden: 19456K(19456K)->0K(22016K) From: 64704K(88064K)->39104K(84480K)
[10.260s][info][gc,heap        ] GC(159) ParOldGen: 1556132K(1666048K)->1601732K(1666048K)
[10.260s][info][gc,metaspace   ] GC(159) Metaspace: 6302K(6464K)->6302K(6464K) NonClass: 5768K(5824K)->5768K(5824K) Class: 533K(640K)->533K(640K)
[10.260s][info][gc             ] GC(159) Pause Young (Allocation Failure) 1601M->1602M(1731M) 42.670ms
[10.260s][info][gc,cpu         ] GC(159) User=0.19s Sys=0.08s Real=0.04s
[10.283s][info][gc,start       ] GC(160) Pause Young (Allocation Failure)
[10.321s][info][gc,heap        ] GC(160) PSYoungGen: 61120K(106496K)->22176K(110080K) Eden: 22016K(22016K)->0K(22016K) From: 39104K(84480K)->22176K(88064K)
[10.321s][info][gc,heap        ] GC(160) ParOldGen: 1601732K(1666048K)->1641140K(1666048K)
[10.321s][info][gc,metaspace   ] GC(160) Metaspace: 6302K(6464K)->6302K(6464K) NonClass: 5768K(5824K)->5768K(5824K) Class: 533K(640K)->533K(640K)
[10.321s][info][gc             ] GC(160) Pause Young (Allocation Failure) 1623M->1624M(1734M) 37.337ms
[10.321s][info][gc,cpu         ] GC(160) User=0.17s Sys=0.00s Real=0.04s
[10.321s][info][gc,start       ] GC(161) Pause Full (Ergonomics)
[10.321s][info][gc,phases,start] GC(161) Marking Phase
[10.679s][info][gc,phases      ] GC(161) Marking Phase 357.800ms
[10.679s][info][gc,phases,start] GC(161) Summary Phase
[10.679s][info][gc,phases      ] GC(161) Summary Phase 0.053ms
[10.679s][info][gc,phases,start] GC(161) Adjust Roots
[10.679s][info][gc,phases      ] GC(161) Adjust Roots 0.158ms
[10.679s][info][gc,phases,start] GC(161) Compaction Phase
[10.838s][info][gc,phases      ] GC(161) Compaction Phase 158.902ms
[10.838s][info][gc,phases,start] GC(161) Post Compact
[10.841s][info][gc,phases      ] GC(161) Post Compact 2.891ms
[10.842s][info][gc,heap        ] GC(161) PSYoungGen: 22176K(110080K)->0K(112640K) Eden: 0K(22016K)->0K(25088K) From: 22176K(88064K)->0K(87552K)
[10.842s][info][gc,heap        ] GC(161) ParOldGen: 1641140K(1666048K)->1661366K(1842688K)
[10.842s][info][gc,metaspace   ] GC(161) Metaspace: 6302K(6464K)->6302K(6464K) NonClass: 5768K(5824K)->5768K(5824K) Class: 533K(640K)->533K(640K)
[10.842s][info][gc             ] GC(161) Pause Full (Ergonomics) 1624M->1622M(1909M) 520.736ms
[10.842s][info][gc,cpu         ] GC(161) User=3.58s Sys=0.05s Real=0.52s
[10.868s][info][gc,start       ] GC(162) Pause Young (Allocation Failure)
[10.892s][info][gc,heap        ] GC(162) PSYoungGen: 25088K(112640K)->25248K(112640K) Eden: 25088K(25088K)->0K(25088K) From: 0K(87552K)->25248K(87552K)
[10.892s][info][gc,heap        ] GC(162) ParOldGen: 1661366K(1842688K)->1661366K(1842688K)
[10.892s][info][gc,metaspace   ] GC(162) Metaspace: 6302K(6464K)->6302K(6464K) NonClass: 5768K(5824K)->5768K(5824K) Class: 533K(640K)->533K(640K)
[10.892s][info][gc             ] GC(162) Pause Young (Allocation Failure) 1646M->1647M(1909M) 24.269ms
[10.892s][info][gc,cpu         ] GC(162) User=0.02s Sys=0.00s Real=0.02s
[10.917s][info][gc,start       ] GC(163) Pause Young (Allocation Failure)
[10.949s][info][gc,heap        ] GC(163) PSYoungGen: 50336K(112640K)->50304K(112128K) Eden: 25088K(25088K)->0K(27648K) From: 25248K(87552K)->50304K(84480K)
[10.949s][info][gc,heap        ] GC(163) ParOldGen: 1661366K(1842688K)->1661366K(1842688K)
[10.949s][info][gc,metaspace   ] GC(163) Metaspace: 6302K(6464K)->6302K(6464K) NonClass: 5768K(5824K)->5768K(5824K) Class: 533K(640K)->533K(640K)
[10.949s][info][gc             ] GC(163) Pause Young (Allocation Failure) 1671M->1671M(1909M) 32.186ms
[10.949s][info][gc,cpu         ] GC(163) User=0.05s Sys=0.00s Real=0.03s
[10.978s][info][gc,start       ] GC(164) Pause Young (Allocation Failure)
[11.018s][info][gc,heap        ] GC(164) PSYoungGen: 77952K(112128K)->52896K(112640K) Eden: 27648K(27648K)->0K(27648K) From: 50304K(84480K)->52896K(84992K)
[11.018s][info][gc,heap        ] GC(164) ParOldGen: 1661366K(1842688K)->1686790K(1842688K)
[11.018s][info][gc,metaspace   ] GC(164) Metaspace: 6302K(6464K)->6302K(6464K) NonClass: 5768K(5824K)->5768K(5824K) Class: 533K(640K)->533K(640K)
[11.018s][info][gc             ] GC(164) Pause Young (Allocation Failure) 1698M->1698M(1909M) 39.912ms
[11.018s][info][gc,cpu         ] GC(164) User=0.14s Sys=0.05s Real=0.04s
[11.047s][info][gc,start       ] GC(165) Pause Young (Allocation Failure)
[11.089s][info][gc,heap        ] GC(165) PSYoungGen: 80544K(112640K)->55488K(115200K) Eden: 27648K(27648K)->0K(30208K) From: 52896K(84992K)->55488K(84992K)
[11.089s][info][gc,heap        ] GC(165) ParOldGen: 1686790K(1842688K)->1712206K(1842688K)
[11.089s][info][gc,metaspace   ] GC(165) Metaspace: 6302K(6464K)->6302K(6464K) NonClass: 5768K(5824K)->5768K(5824K) Class: 533K(640K)->533K(640K)
[11.089s][info][gc             ] GC(165) Pause Young (Allocation Failure) 1725M->1726M(1912M) 41.471ms
[11.089s][info][gc,cpu         ] GC(165) User=0.27s Sys=0.00s Real=0.04s
[11.123s][info][gc,start       ] GC(166) Pause Young (Allocation Failure)
[11.167s][info][gc,heap        ] GC(166) PSYoungGen: 85696K(115200K)->57984K(115712K) Eden: 30208K(30208K)->0K(30208K) From: 55488K(84992K)->57984K(85504K)
[11.167s][info][gc,heap        ] GC(166) ParOldGen: 1712206K(1842688K)->1740222K(1842688K)
[11.167s][info][gc,metaspace   ] GC(166) Metaspace: 6302K(6464K)->6302K(6464K) NonClass: 5768K(5824K)->5768K(5824K) Class: 533K(640K)->533K(640K)
[11.167s][info][gc             ] GC(166) Pause Young (Allocation Failure) 1755M->1756M(1912M) 43.588ms
[11.167s][info][gc,cpu         ] GC(166) User=0.23s Sys=0.03s Real=0.04s
[11.198s][info][gc,start       ] GC(167) Pause Young (Allocation Failure)
[11.243s][info][gc,heap        ] GC(167) PSYoungGen: 88192K(115712K)->60576K(118272K) Eden: 30208K(30208K)->0K(31744K) From: 57984K(85504K)->60576K(86528K)
[11.243s][info][gc,heap        ] GC(167) ParOldGen: 1740222K(1842688K)->1768254K(1842688K)
[11.243s][info][gc,metaspace   ] GC(167) Metaspace: 6302K(6464K)->6302K(6464K) NonClass: 5768K(5824K)->5768K(5824K) Class: 533K(640K)->533K(640K)
[11.243s][info][gc             ] GC(167) Pause Young (Allocation Failure) 1785M->1785M(1915M) 44.853ms
[11.243s][info][gc,cpu         ] GC(167) User=0.25s Sys=0.02s Real=0.04s
[11.278s][info][gc,start       ] GC(168) Pause Young (Allocation Failure)
[11.324s][info][gc,heap        ] GC(168) PSYoungGen: 92320K(118272K)->62208K(120320K) Eden: 31744K(31744K)->0K(31744K) From: 60576K(86528K)->62208K(88576K)
[11.325s][info][gc,heap        ] GC(168) ParOldGen: 1768254K(1842688K)->1798854K(1842688K)
[11.325s][info][gc,metaspace   ] GC(168) Metaspace: 6302K(6464K)->6302K(6464K) NonClass: 5768K(5824K)->5768K(5824K) Class: 533K(640K)->533K(640K)
[11.325s][info][gc             ] GC(168) Pause Young (Allocation Failure) 1816M->1817M(1917M) 47.007ms
[11.325s][info][gc,cpu         ] GC(168) User=0.27s Sys=0.00s Real=0.05s
[11.325s][info][gc,start       ] GC(169) Pause Full (Ergonomics)
[11.325s][info][gc,phases,start] GC(169) Marking Phase
[11.750s][info][gc,phases      ] GC(169) Marking Phase 425.083ms
[11.750s][info][gc,phases,start] GC(169) Summary Phase
[11.750s][info][gc,phases      ] GC(169) Summary Phase 0.046ms
[11.750s][info][gc,phases,start] GC(169) Adjust Roots
[11.750s][info][gc,phases      ] GC(169) Adjust Roots 0.248ms
[11.750s][info][gc,phases,start] GC(169) Compaction Phase
[12.270s][info][gc,phases      ] GC(169) Compaction Phase 520.046ms
[12.270s][info][gc,phases,start] GC(169) Post Compact
[12.274s][info][gc,phases      ] GC(169) Post Compact 3.516ms
[12.275s][info][gc,heap        ] GC(169) PSYoungGen: 62208K(120320K)->16418K(120320K) Eden: 0K(31744K)->0K(31744K) From: 62208K(88576K)->16418K(88576K)
[12.275s][info][gc,heap        ] GC(169) ParOldGen: 1798854K(1842688K)->1842360K(2040320K)
[12.275s][info][gc,metaspace   ] GC(169) Metaspace: 6302K(6464K)->6302K(6464K) NonClass: 5768K(5824K)->5768K(5824K) Class: 533K(640K)->533K(640K)
[12.275s][info][gc             ] GC(169) Pause Full (Ergonomics) 1817M->1815M(2110M) 949.994ms
[12.275s][info][gc,cpu         ] GC(169) User=6.91s Sys=0.00s Real=0.95s
[12.311s][info][gc,start       ] GC(170) Pause Young (Allocation Failure)
[12.410s][info][gc,heap        ] GC(170) PSYoungGen: 48162K(120320K)->41824K(117760K) Eden: 31744K(31744K)->0K(34816K) From: 16418K(88576K)->41824K(82944K)
[12.410s][info][gc,heap        ] GC(170) ParOldGen: 1842360K(2040320K)->1849032K(2040320K)
[12.410s][info][gc,metaspace   ] GC(170) Metaspace: 6302K(6464K)->6302K(6464K) NonClass: 5768K(5824K)->5768K(5824K) Class: 533K(640K)->533K(640K)
[12.410s][info][gc             ] GC(170) Pause Young (Allocation Failure) 1846M->1846M(2107M) 99.566ms
[12.410s][info][gc,cpu         ] GC(170) User=0.64s Sys=0.00s Real=0.10s
[12.449s][info][gc,start       ] GC(171) Pause Young (Allocation Failure)
[12.490s][info][gc,heap        ] GC(171) PSYoungGen: 76640K(117760K)->76640K(121856K) Eden: 34816K(34816K)->0K(34816K) From: 41824K(82944K)->76640K(87040K)
[12.490s][info][gc,heap        ] GC(171) ParOldGen: 1849032K(2040320K)->1849032K(2040320K)
[12.490s][info][gc,metaspace   ] GC(171) Metaspace: 6302K(6464K)->6302K(6464K) NonClass: 5768K(5824K)->5768K(5824K) Class: 533K(640K)->533K(640K)
[12.490s][info][gc             ] GC(171) Pause Young (Allocation Failure) 1880M->1880M(2111M) 40.970ms
[12.490s][info][gc,cpu         ] GC(171) User=0.16s Sys=0.02s Real=0.04s
[12.527s][info][gc,start       ] GC(172) Pause Young (Allocation Failure)
[12.583s][info][gc,heap        ] GC(172) PSYoungGen: 111456K(121856K)->93696K(113664K) Eden: 34816K(34816K)->0K(19968K) From: 76640K(87040K)->93696K(93696K)
[12.583s][info][gc,heap        ] GC(172) ParOldGen: 1849032K(2040320K)->1866928K(2040320K)
[12.583s][info][gc,metaspace   ] GC(172) Metaspace: 6302K(6464K)->6302K(6464K) NonClass: 5768K(5824K)->5768K(5824K) Class: 533K(640K)->533K(640K)
[12.583s][info][gc             ] GC(172) Pause Young (Allocation Failure) 1914M->1914M(2103M) 56.388ms
[12.583s][info][gc,cpu         ] GC(172) User=0.34s Sys=0.03s Real=0.06s
[12.607s][info][gc,start       ] GC(173) Pause Young (Allocation Failure)
[12.661s][info][gc,heap        ] GC(173) PSYoungGen: 113664K(113664K)->79168K(132096K) Eden: 19968K(19968K)->0K(19968K) From: 93696K(93696K)->79168K(112128K)
[12.661s][info][gc,heap        ] GC(173) ParOldGen: 1866928K(2040320K)->1901976K(2040320K)
[12.661s][info][gc,metaspace   ] GC(173) Metaspace: 6302K(6464K)->6302K(6464K) NonClass: 5768K(5824K)->5768K(5824K) Class: 533K(640K)->533K(640K)
[12.662s][info][gc             ] GC(173) Pause Young (Allocation Failure) 1934M->1934M(2121M) 54.974ms
[12.662s][info][gc,cpu         ] GC(173) User=0.38s Sys=0.00s Real=0.06s
[12.685s][info][gc,start       ] GC(174) Pause Young (Allocation Failure)
[12.735s][info][gc,heap        ] GC(174) PSYoungGen: 99136K(132096K)->68032K(133120K) Eden: 19968K(19968K)->0K(22528K) From: 79168K(112128K)->68032K(110592K)
[12.735s][info][gc,heap        ] GC(174) ParOldGen: 1901976K(2040320K)->1933608K(2040320K)
[12.735s][info][gc,metaspace   ] GC(174) Metaspace: 6302K(6464K)->6302K(6464K) NonClass: 5768K(5824K)->5768K(5824K) Class: 533K(640K)->533K(640K)
[12.735s][info][gc             ] GC(174) Pause Young (Allocation Failure) 1954M->1954M(2122M) 50.652ms
[12.735s][info][gc,cpu         ] GC(174) User=0.34s Sys=0.03s Real=0.05s
[12.765s][info][gc,start       ] GC(175) Pause Young (Allocation Failure)
[12.814s][info][gc,heap        ] GC(175) PSYoungGen: 90560K(133120K)->62624K(85504K) Eden: 22528K(22528K)->0K(22528K) From: 68032K(110592K)->62624K(62976K)
[12.814s][info][gc,heap        ] GC(175) ParOldGen: 1933608K(2040320K)->1961816K(2040320K)
[12.814s][info][gc,metaspace   ] GC(175) Metaspace: 6302K(6464K)->6302K(6464K) NonClass: 5768K(5824K)->5768K(5824K) Class: 533K(640K)->533K(640K)
[12.814s][info][gc             ] GC(175) Pause Young (Allocation Failure) 1976M->1976M(2076M) 48.520ms
[12.814s][info][gc,cpu         ] GC(175) User=0.25s Sys=0.02s Real=0.05s
[12.842s][info][gc,start       ] GC(176) Pause Young (Allocation Failure)
[12.888s][info][gc,heap        ] GC(176) PSYoungGen: 85152K(85504K)->65152K(128000K) Eden: 22528K(22528K)->0K(25600K) From: 62624K(62976K)->65152K(102400K)
[12.888s][info][gc,heap        ] GC(176) ParOldGen: 1961816K(2040320K)->1982064K(2040320K)
[12.888s][info][gc,metaspace   ] GC(176) Metaspace: 6302K(6464K)->6302K(6464K) NonClass: 5768K(5824K)->5768K(5824K) Class: 533K(640K)->533K(640K)
[12.888s][info][gc             ] GC(176) Pause Young (Allocation Failure) 1998M->1999M(2117M) 46.587ms
[12.888s][info][gc,cpu         ] GC(176) User=0.27s Sys=0.00s Real=0.05s
[12.915s][info][gc,start       ] GC(177) Pause Young (Allocation Failure)
[12.963s][info][gc,heap        ] GC(177) PSYoungGen: 90752K(128000K)->70816K(131072K) Eden: 25600K(25600K)->0K(25600K) From: 65152K(102400K)->70816K(105472K)
[12.963s][info][gc,heap        ] GC(177) ParOldGen: 1982064K(2040320K)->2002312K(2040320K)
[12.963s][info][gc,metaspace   ] GC(177) Metaspace: 6302K(6464K)->6302K(6464K) NonClass: 5768K(5824K)->5768K(5824K) Class: 533K(640K)->533K(640K)
[12.963s][info][gc             ] GC(177) Pause Young (Allocation Failure) 2024M->2024M(2120M) 48.131ms
[12.963s][info][gc,cpu         ] GC(177) User=0.23s Sys=0.00s Real=0.05s
[12.963s][info][gc,start       ] GC(178) Pause Full (Ergonomics)
[12.963s][info][gc,phases,start] GC(178) Marking Phase
[13.432s][info][gc,phases      ] GC(178) Marking Phase 468.623ms
[13.432s][info][gc,phases,start] GC(178) Summary Phase
[13.432s][info][gc,phases      ] GC(178) Summary Phase 0.034ms
[13.432s][info][gc,phases,start] GC(178) Adjust Roots
[13.432s][info][gc,phases      ] GC(178) Adjust Roots 0.162ms
[13.432s][info][gc,phases,start] GC(178) Compaction Phase
[13.619s][info][gc,phases      ] GC(178) Compaction Phase 187.007ms
[13.619s][info][gc,phases,start] GC(178) Post Compact
[13.623s][info][gc,phases      ] GC(178) Post Compact 3.893ms
[13.624s][info][gc,heap        ] GC(178) PSYoungGen: 70816K(131072K)->30197K(131072K) Eden: 0K(25600K)->0K(25600K) From: 70816K(105472K)->30197K(105472K)
[13.624s][info][gc,heap        ] GC(178) ParOldGen: 2002312K(2040320K)->2040306K(2248192K)
[13.624s][info][gc,metaspace   ] GC(178) Metaspace: 6302K(6464K)->6302K(6464K) NonClass: 5768K(5824K)->5768K(5824K) Class: 533K(640K)->533K(640K)
[13.624s][info][gc             ] GC(178) Pause Full (Ergonomics) 2024M->2021M(2323M) 660.753ms
[13.624s][info][gc,cpu         ] GC(178) User=4.86s Sys=0.08s Real=0.66s
[13.650s][info][gc,start       ] GC(179) Pause Young (Allocation Failure)
[13.763s][info][gc,heap        ] GC(179) PSYoungGen: 55797K(131072K)->46720K(128000K) Eden: 25600K(25600K)->0K(28160K) From: 30197K(105472K)->46720K(99840K)
[13.763s][info][gc,heap        ] GC(179) ParOldGen: 2040306K(2248192K)->2049722K(2248192K)
[13.763s][info][gc,metaspace   ] GC(179) Metaspace: 6302K(6464K)->6302K(6464K) NonClass: 5768K(5824K)->5768K(5824K) Class: 533K(640K)->533K(640K)
[13.763s][info][gc             ] GC(179) Pause Young (Allocation Failure) 2046M->2047M(2320M) 112.669ms
[13.763s][info][gc,cpu         ] GC(179) User=0.75s Sys=0.02s Real=0.11s
[13.792s][info][gc,start       ] GC(180) Pause Young (Allocation Failure)
[13.834s][info][gc,heap        ] GC(180) PSYoungGen: 74880K(128000K)->74944K(131072K) Eden: 28160K(28160K)->0K(28160K) From: 46720K(99840K)->74944K(102912K)
[13.834s][info][gc,heap        ] GC(180) ParOldGen: 2049722K(2248192K)->2049722K(2248192K)
[13.834s][info][gc,metaspace   ] GC(180) Metaspace: 6302K(6464K)->6302K(6464K) NonClass: 5768K(5824K)->5768K(5824K) Class: 533K(640K)->533K(640K)
[13.834s][info][gc             ] GC(180) Pause Young (Allocation Failure) 2074M->2074M(2323M) 41.941ms
[13.834s][info][gc,cpu         ] GC(180) User=0.27s Sys=0.00s Real=0.04s
[13.863s][info][gc,start       ] GC(181) Pause Young (Allocation Failure)
[13.915s][info][gc,heap        ] GC(181) PSYoungGen: 103104K(131072K)->94240K(128000K) Eden: 28160K(28160K)->0K(23552K) From: 74944K(102912K)->94240K(104448K)
[13.915s][info][gc,heap        ] GC(181) ParOldGen: 2049722K(2248192K)->2058754K(2248192K)
[13.915s][info][gc,metaspace   ] GC(181) Metaspace: 6302K(6464K)->6302K(6464K) NonClass: 5768K(5824K)->5768K(5824K) Class: 533K(640K)->533K(640K)
[13.915s][info][gc             ] GC(181) Pause Young (Allocation Failure) 2102M->2102M(2320M) 51.935ms
[13.915s][info][gc,cpu         ] GC(181) User=0.44s Sys=0.03s Real=0.05s
[13.940s][info][gc,start       ] GC(182) Pause Young (Allocation Failure)
[13.998s][info][gc,heap        ] GC(182) PSYoungGen: 117792K(128000K)->105728K(135680K) Eden: 23552K(23552K)->0K(23552K) From: 94240K(104448K)->105728K(112128K)
[13.998s][info][gc,heap        ] GC(182) ParOldGen: 2058754K(2248192K)->2070962K(2248192K)
[13.998s][info][gc,metaspace   ] GC(182) Metaspace: 6302K(6464K)->6302K(6464K) NonClass: 5768K(5824K)->5768K(5824K) Class: 533K(640K)->533K(640K)
[13.998s][info][gc             ] GC(182) Pause Young (Allocation Failure) 2125M->2125M(2328M) 57.890ms
[13.998s][info][gc,cpu         ] GC(182) User=0.39s Sys=0.00s Real=0.06s
[14.024s][info][gc,start       ] GC(183) Pause Young (Allocation Failure)
[14.089s][info][gc,heap        ] GC(183) PSYoungGen: 129280K(135680K)->103680K(142336K) Eden: 23552K(23552K)->0K(19456K) From: 105728K(112128K)->103680K(122880K)
[14.089s][info][gc,heap        ] GC(183) ParOldGen: 2070962K(2248192K)->2096914K(2248192K)
[14.089s][info][gc,metaspace   ] GC(183) Metaspace: 6302K(6464K)->6302K(6464K) NonClass: 5768K(5824K)->5768K(5824K) Class: 533K(640K)->533K(640K)
[14.089s][info][gc             ] GC(183) Pause Young (Allocation Failure) 2148M->2149M(2334M) 64.296ms
[14.089s][info][gc,cpu         ] GC(183) User=0.34s Sys=0.05s Real=0.07s
[14.113s][info][gc,start       ] GC(184) Pause Young (Allocation Failure)
[14.175s][info][gc,heap        ] GC(184) PSYoungGen: 123136K(142336K)->66720K(86528K) Eden: 19456K(19456K)->0K(19456K) From: 103680K(122880K)->66720K(67072K)
[14.175s][info][gc,heap        ] GC(184) ParOldGen: 2096914K(2248192K)->2153970K(2248192K)
[14.175s][info][gc,metaspace   ] GC(184) Metaspace: 6302K(6464K)->6302K(6464K) NonClass: 5768K(5824K)->5768K(5824K) Class: 533K(640K)->533K(640K)
[14.176s][info][gc             ] GC(184) Pause Young (Allocation Failure) 2168M->2168M(2280M) 62.991ms
[14.176s][info][gc,cpu         ] GC(184) User=0.38s Sys=0.02s Real=0.06s
[14.200s][info][gc,start       ] GC(185) Pause Young (Allocation Failure)
[14.249s][info][gc,heap        ] GC(185) PSYoungGen: 86176K(86528K)->39104K(147968K) Eden: 19456K(19456K)->0K(22528K) From: 66720K(67072K)->39104K(125440K)
[14.249s][info][gc,heap        ] GC(185) ParOldGen: 2153970K(2248192K)->2201690K(2248192K)
[14.249s][info][gc,metaspace   ] GC(185) Metaspace: 6302K(6464K)->6302K(6464K) NonClass: 5768K(5824K)->5768K(5824K) Class: 533K(640K)->533K(640K)
[14.249s][info][gc             ] GC(185) Pause Young (Allocation Failure) 2187M->2188M(2340M) 48.656ms
[14.249s][info][gc,cpu         ] GC(185) User=0.25s Sys=0.02s Real=0.05s
[14.249s][info][gc,start       ] GC(186) Pause Full (Ergonomics)
[14.249s][info][gc,phases,start] GC(186) Marking Phase
[14.763s][info][gc,phases      ] GC(186) Marking Phase 514.296ms
[14.763s][info][gc,phases,start] GC(186) Summary Phase
[14.763s][info][gc,phases      ] GC(186) Summary Phase 0.049ms
[14.763s][info][gc,phases,start] GC(186) Adjust Roots
[14.764s][info][gc,phases      ] GC(186) Adjust Roots 0.163ms
[14.764s][info][gc,phases,start] GC(186) Compaction Phase
[14.948s][info][gc,phases      ] GC(186) Compaction Phase 184.721ms
[14.948s][info][gc,phases,start] GC(186) Post Compact
[14.952s][info][gc,phases      ] GC(186) Post Compact 4.094ms
[14.953s][info][gc,heap        ] GC(186) PSYoungGen: 39104K(147968K)->0K(147968K) Eden: 0K(22528K)->0K(22528K) From: 39104K(125440K)->0K(125440K)
[14.953s][info][gc,heap        ] GC(186) ParOldGen: 2201690K(2248192K)->2238233K(2478592K)
[14.953s][info][gc,metaspace   ] GC(186) Metaspace: 6302K(6464K)->6302K(6464K) NonClass: 5768K(5824K)->5768K(5824K) Class: 533K(640K)->533K(640K)
[14.953s][info][gc             ] GC(186) Pause Full (Ergonomics) 2188M->2185M(2565M) 704.444ms
[14.953s][info][gc,cpu         ] GC(186) User=5.22s Sys=0.03s Real=0.71s
[14.982s][info][gc,start       ] GC(187) Pause Young (Allocation Failure)
[15.009s][info][gc,heap        ] GC(187) PSYoungGen: 22528K(147968K)->22688K(148992K) Eden: 22528K(22528K)->0K(23552K) From: 0K(125440K)->22688K(125440K)
[15.009s][info][gc,heap        ] GC(187) ParOldGen: 2238233K(2478592K)->2238233K(2478592K)
[15.009s][info][gc,metaspace   ] GC(187) Metaspace: 6302K(6464K)->6302K(6464K) NonClass: 5768K(5824K)->5768K(5824K) Class: 533K(640K)->533K(640K)
[15.009s][info][gc             ] GC(187) Pause Young (Allocation Failure) 2207M->2207M(2566M) 26.775ms
[15.009s][info][gc,cpu         ] GC(187) User=0.03s Sys=0.00s Real=0.03s
[15.037s][info][gc,start       ] GC(188) Pause Young (Allocation Failure)
[15.068s][info][gc,heap        ] GC(188) PSYoungGen: 46240K(148992K)->23680K(151040K) Eden: 23552K(23552K)->0K(23552K) From: 22688K(125440K)->23680K(127488K)
[15.068s][info][gc,heap        ] GC(188) ParOldGen: 2238233K(2478592K)->2261041K(2478592K)
[15.068s][info][gc,metaspace   ] GC(188) Metaspace: 6302K(6464K)->6302K(6464K) NonClass: 5768K(5824K)->5768K(5824K) Class: 533K(640K)->533K(640K)
[15.068s][info][gc             ] GC(188) Pause Young (Allocation Failure) 2230M->2231M(2568M) 31.234ms
[15.068s][info][gc,cpu         ] GC(188) User=0.06s Sys=0.06s Real=0.03s
[15.095s][info][gc,start       ] GC(189) Pause Young (Allocation Failure)
[15.125s][info][gc,heap        ] GC(189) PSYoungGen: 47232K(151040K)->23680K(153600K) Eden: 23552K(23552K)->0K(26624K) From: 23680K(127488K)->23680K(126976K)
[15.125s][info][gc,heap        ] GC(189) ParOldGen: 2261041K(2478592K)->2284801K(2478592K)
[15.125s][info][gc,metaspace   ] GC(189) Metaspace: 6302K(6464K)->6302K(6464K) NonClass: 5768K(5824K)->5768K(5824K) Class: 533K(640K)->533K(640K)
[15.125s][info][gc             ] GC(189) Pause Young (Allocation Failure) 2254M->2254M(2570M) 30.040ms
[15.125s][info][gc,cpu         ] GC(189) User=0.14s Sys=0.00s Real=0.03s
[15.155s][info][gc,start       ] GC(190) Pause Young (Allocation Failure)
[15.186s][info][gc,heap        ] GC(190) PSYoungGen: 50304K(153600K)->26816K(154112K) Eden: 26624K(26624K)->0K(26624K) From: 23680K(126976K)->26816K(127488K)
[15.186s][info][gc,heap        ] GC(190) ParOldGen: 2284801K(2478592K)->2308553K(2478592K)
[15.186s][info][gc,metaspace   ] GC(190) Metaspace: 6302K(6464K)->6302K(6464K) NonClass: 5768K(5824K)->5768K(5824K) Class: 533K(640K)->533K(640K)
[15.186s][info][gc             ] GC(190) Pause Young (Allocation Failure) 2280M->2280M(2571M) 31.475ms
[15.186s][info][gc,cpu         ] GC(190) User=0.14s Sys=0.00s Real=0.03s
[15.216s][info][gc,start       ] GC(191) Pause Young (Allocation Failure)
[15.251s][info][gc,heap        ] GC(191) PSYoungGen: 53440K(154112K)->26784K(150016K) Eden: 26624K(26624K)->0K(29696K) From: 26816K(127488K)->26784K(120320K)
[15.251s][info][gc,heap        ] GC(191) ParOldGen: 2308553K(2478592K)->2335425K(2478592K)
[15.251s][info][gc,metaspace   ] GC(191) Metaspace: 6302K(6464K)->6302K(6464K) NonClass: 5768K(5824K)->5768K(5824K) Class: 533K(640K)->533K(640K)
[15.251s][info][gc             ] GC(191) Pause Young (Allocation Failure) 2306M->2306M(2567M) 35.610ms
[15.252s][info][gc,cpu         ] GC(191) User=0.16s Sys=0.00s Real=0.04s
[15.286s][info][gc,start       ] GC(192) Pause Young (Allocation Failure)
[15.321s][info][gc,heap        ] GC(192) PSYoungGen: 56480K(150016K)->29856K(152576K) Eden: 29696K(29696K)->0K(29696K) From: 26784K(120320K)->29856K(122880K)
[15.321s][info][gc,heap        ] GC(192) ParOldGen: 2335425K(2478592K)->2362281K(2478592K)
[15.321s][info][gc,metaspace   ] GC(192) Metaspace: 6302K(6464K)->6302K(6464K) NonClass: 5768K(5824K)->5768K(5824K) Class: 533K(640K)->533K(640K)
[15.321s][info][gc             ] GC(192) Pause Young (Allocation Failure) 2335M->2336M(2569M) 34.841ms
[15.321s][info][gc,cpu         ] GC(192) User=0.12s Sys=0.02s Real=0.03s
[15.357s][info][gc,start       ] GC(193) Pause Young (Allocation Failure)
[15.395s][info][gc,heap        ] GC(193) PSYoungGen: 59552K(152576K)->29888K(144384K) Eden: 29696K(29696K)->0K(33280K) From: 29856K(122880K)->29888K(111104K)
[15.395s][info][gc,heap        ] GC(193) ParOldGen: 2362281K(2478592K)->2392241K(2478592K)
[15.395s][info][gc,metaspace   ] GC(193) Metaspace: 6302K(6464K)->6302K(6464K) NonClass: 5768K(5824K)->5768K(5824K) Class: 533K(640K)->533K(640K)
[15.395s][info][gc             ] GC(193) Pause Young (Allocation Failure) 2365M->2365M(2561M) 37.624ms
[15.395s][info][gc,cpu         ] GC(193) User=0.20s Sys=0.02s Real=0.04s
[15.435s][info][gc,start       ] GC(194) Pause Young (Allocation Failure)
[15.473s][info][gc,heap        ] GC(194) PSYoungGen: 63168K(144384K)->33504K(67072K) Eden: 33280K(33280K)->0K(33280K) From: 29888K(111104K)->33504K(33792K)
[15.473s][info][gc,heap        ] GC(194) ParOldGen: 2392241K(2478592K)->2422209K(2478592K)
[15.473s][info][gc,metaspace   ] GC(194) Metaspace: 6302K(6464K)->6302K(6464K) NonClass: 5768K(5824K)->5768K(5824K) Class: 533K(640K)->533K(640K)
[15.473s][info][gc             ] GC(194) Pause Young (Allocation Failure) 2397M->2398M(2486M) 37.608ms
[15.473s][info][gc,cpu         ] GC(194) User=0.25s Sys=0.00s Real=0.04s
[15.515s][info][gc,start       ] GC(195) Pause Young (Allocation Failure)
[15.555s][info][gc,heap        ] GC(195) PSYoungGen: 66784K(67072K)->33472K(139264K) Eden: 33280K(33280K)->0K(36864K) From: 33504K(33792K)->33472K(102400K)
[15.555s][info][gc,heap        ] GC(195) ParOldGen: 2422209K(2478592K)->2455793K(2478592K)
[15.555s][info][gc,metaspace   ] GC(195) Metaspace: 6302K(6464K)->6302K(6464K) NonClass: 5768K(5824K)->5768K(5824K) Class: 533K(640K)->533K(640K)
[15.555s][info][gc             ] GC(195) Pause Young (Allocation Failure) 2430M->2430M(2556M) 40.361ms
[15.555s][info][gc,cpu         ] GC(195) User=0.25s Sys=0.02s Real=0.04s
[15.555s][info][gc,start       ] GC(196) Pause Full (Ergonomics)
[15.555s][info][gc,phases,start] GC(196) Marking Phase
[16.121s][info][gc,phases      ] GC(196) Marking Phase 565.401ms
[16.121s][info][gc,phases,start] GC(196) Summary Phase
[16.121s][info][gc,phases      ] GC(196) Summary Phase 0.043ms
[16.121s][info][gc,phases,start] GC(196) Adjust Roots
[16.121s][info][gc,phases      ] GC(196) Adjust Roots 0.162ms
[16.121s][info][gc,phases,start] GC(196) Compaction Phase
[16.342s][info][gc,phases      ] GC(196) Compaction Phase 220.658ms
[16.342s][info][gc,phases,start] GC(196) Post Compact
[16.346s][info][gc,phases      ] GC(196) Post Compact 4.286ms
[16.347s][info][gc,heap        ] GC(196) PSYoungGen: 33472K(139264K)->8210K(143360K) Eden: 0K(36864K)->0K(40960K) From: 33472K(102400K)->8210K(102400K)
[16.347s][info][gc,heap        ] GC(196) ParOldGen: 2455793K(2478592K)->2478562K(2727424K)
[16.347s][info][gc,metaspace   ] GC(196) Metaspace: 6302K(6464K)->6302K(6464K) NonClass: 5768K(5824K)->5768K(5824K) Class: 533K(640K)->533K(640K)
[16.347s][info][gc             ] GC(196) Pause Full (Ergonomics) 2430M->2428M(2803M) 791.721ms
[16.347s][info][gc,cpu         ] GC(196) User=6.11s Sys=0.00s Real=0.79s
[16.394s][info][gc,start       ] GC(197) Pause Young (Allocation Failure)
[16.526s][info][gc,heap        ] GC(197) PSYoungGen: 49170K(143360K)->41152K(82432K) Eden: 40960K(40960K)->0K(40960K) From: 8210K(102400K)->41152K(41472K)
[16.526s][info][gc,heap        ] GC(197) ParOldGen: 2478562K(2727424K)->2486874K(2727424K)
[16.526s][info][gc,metaspace   ] GC(197) Metaspace: 6302K(6464K)->6302K(6464K) NonClass: 5768K(5824K)->5768K(5824K) Class: 533K(640K)->533K(640K)
[16.526s][info][gc             ] GC(197) Pause Young (Allocation Failure) 2468M->2468M(2744M) 132.279ms
[16.526s][info][gc,cpu         ] GC(197) User=0.91s Sys=0.00s Real=0.13s
[16.573s][info][gc,start       ] GC(198) Pause Young (Allocation Failure)
[16.619s][info][gc,heap        ] GC(198) PSYoungGen: 82112K(82432K)->82112K(137216K) Eden: 40960K(40960K)->0K(36352K) From: 41152K(41472K)->82112K(100864K)
[16.619s][info][gc,heap        ] GC(198) ParOldGen: 2486874K(2727424K)->2486874K(2727424K)
[16.619s][info][gc,metaspace   ] GC(198) Metaspace: 6302K(6464K)->6302K(6464K) NonClass: 5768K(5824K)->5768K(5824K) Class: 533K(640K)->533K(640K)
[16.619s][info][gc             ] GC(198) Pause Young (Allocation Failure) 2508M->2508M(2797M) 46.434ms
[16.619s][info][gc,cpu         ] GC(198) User=0.27s Sys=0.00s Real=0.05s
[16.663s][info][gc,start       ] GC(199) Pause Young (Allocation Failure)
[16.725s][info][gc,heap        ] GC(199) PSYoungGen: 118464K(137216K)->109056K(145408K) Eden: 36352K(36352K)->0K(36352K) From: 82112K(100864K)->109056K(109056K)
[16.725s][info][gc,heap        ] GC(199) ParOldGen: 2486874K(2727424K)->2496330K(2727424K)
[16.725s][info][gc,metaspace   ] GC(199) Metaspace: 6302K(6464K)->6302K(6464K) NonClass: 5768K(5824K)->5768K(5824K) Class: 533K(640K)->533K(640K)
[16.725s][info][gc             ] GC(199) Pause Young (Allocation Failure) 2544M->2544M(2805M) 61.396ms
[16.725s][info][gc,cpu         ] GC(199) User=0.39s Sys=0.00s Real=0.06s
[16.770s][info][gc,start       ] GC(200) Pause Young (Allocation Failure)
[16.851s][info][gc,heap        ] GC(200) PSYoungGen: 145408K(145408K)->69696K(166400K) Eden: 36352K(36352K)->0K(40448K) From: 109056K(109056K)->69696K(125952K)
[16.851s][info][gc,heap        ] GC(200) ParOldGen: 2496330K(2727424K)->2572770K(2727424K)
[16.851s][info][gc,metaspace   ] GC(200) Metaspace: 6302K(6464K)->6302K(6464K) NonClass: 5768K(5824K)->5768K(5824K) Class: 533K(640K)->533K(640K)
[16.851s][info][gc             ] GC(200) Pause Young (Allocation Failure) 2579M->2580M(2826M) 80.908ms
[16.851s][info][gc,cpu         ] GC(200) User=0.58s Sys=0.06s Real=0.08s
[16.900s][info][gc,start       ] GC(201) Pause Young (Allocation Failure)
[16.961s][info][gc,heap        ] GC(201) PSYoungGen: 110144K(166400K)->77024K(167936K) Eden: 40448K(40448K)->0K(40448K) From: 69696K(125952K)->77024K(127488K)
[16.961s][info][gc,heap        ] GC(201) ParOldGen: 2572770K(2727424K)->2606226K(2727424K)
[16.961s][info][gc,metaspace   ] GC(201) Metaspace: 6302K(6464K)->6302K(6464K) NonClass: 5768K(5824K)->5768K(5824K) Class: 533K(640K)->533K(640K)
[16.961s][info][gc             ] GC(201) Pause Young (Allocation Failure) 2620M->2620M(2827M) 60.737ms
[16.961s][info][gc,cpu         ] GC(201) User=0.36s Sys=0.02s Real=0.06s
[17.009s][info][gc,start       ] GC(202) Pause Young (Allocation Failure)
[17.074s][info][gc,heap        ] GC(202) PSYoungGen: 117472K(167936K)->81120K(171520K) Eden: 40448K(40448K)->0K(43520K) From: 77024K(127488K)->81120K(128000K)
[17.074s][info][gc,heap        ] GC(202) ParOldGen: 2606226K(2727424K)->2642906K(2727424K)
[17.074s][info][gc,metaspace   ] GC(202) Metaspace: 6302K(6464K)->6302K(6464K) NonClass: 5768K(5824K)->5768K(5824K) Class: 533K(640K)->533K(640K)
[17.074s][info][gc             ] GC(202) Pause Young (Allocation Failure) 2659M->2660M(2831M) 65.030ms
[17.074s][info][gc,cpu         ] GC(202) User=0.36s Sys=0.02s Real=0.06s
[17.123s][info][gc,start       ] GC(203) Pause Young (Allocation Failure)
[17.191s][info][gc,heap        ] GC(203) PSYoungGen: 124640K(171520K)->84128K(173056K) Eden: 43520K(43520K)->0K(43520K) From: 81120K(128000K)->84128K(129536K)
[17.191s][info][gc,heap        ] GC(203) ParOldGen: 2642906K(2727424K)->2683714K(2727424K)
[17.191s][info][gc,metaspace   ] GC(203) Metaspace: 6302K(6464K)->6302K(6464K) NonClass: 5768K(5824K)->5768K(5824K) Class: 533K(640K)->533K(640K)
[17.191s][info][gc             ] GC(203) Pause Young (Allocation Failure) 2702M->2702M(2832M) 68.507ms
[17.191s][info][gc,cpu         ] GC(203) User=0.38s Sys=0.03s Real=0.07s
[17.191s][info][gc,start       ] GC(204) Pause Full (Ergonomics)
[17.191s][info][gc,phases,start] GC(204) Marking Phase
[17.816s][info][gc,phases      ] GC(204) Marking Phase 625.240ms
[17.816s][info][gc,phases,start] GC(204) Summary Phase
[17.817s][info][gc,phases      ] GC(204) Summary Phase 0.086ms
[17.817s][info][gc,phases,start] GC(204) Adjust Roots
[17.817s][info][gc,phases      ] GC(204) Adjust Roots 0.542ms
[17.817s][info][gc,phases,start] GC(204) Compaction Phase
[18.046s][info][gc,phases      ] GC(204) Compaction Phase 228.832ms
[18.046s][info][gc,phases,start] GC(204) Post Compact
[18.053s][info][gc,phases      ] GC(204) Post Compact 6.562ms
[18.054s][info][gc,heap        ] GC(204) PSYoungGen: 84128K(173056K)->38410K(173056K) Eden: 0K(43520K)->0K(43520K) From: 84128K(129536K)->38410K(129536K)
[18.054s][info][gc,heap        ] GC(204) ParOldGen: 2683714K(2727424K)->2727163K(3013632K)
[18.054s][info][gc,metaspace   ] GC(204) Metaspace: 6302K(6464K)->6302K(6464K) NonClass: 5768K(5824K)->5768K(5824K) Class: 533K(640K)->533K(640K)
[18.054s][info][gc             ] GC(204) Pause Full (Ergonomics) 2702M->2700M(3112M) 862.991ms
[18.054s][info][gc,cpu         ] GC(204) User=6.48s Sys=0.02s Real=0.86s
[18.115s][info][gc,start       ] GC(205) Pause Young (Allocation Failure)
[18.282s][info][gc,heap        ] GC(205) PSYoungGen: 81930K(173056K)->65664K(166400K) Eden: 43520K(43520K)->0K(47616K) From: 38410K(129536K)->65664K(118784K)
[18.282s][info][gc,heap        ] GC(205) ParOldGen: 2727163K(3013632K)->2743851K(3013632K)
[18.282s][info][gc,metaspace   ] GC(205) Metaspace: 6302K(6464K)->6302K(6464K) NonClass: 5768K(5824K)->5768K(5824K) Class: 533K(640K)->533K(640K)
[18.282s][info][gc             ] GC(205) Pause Young (Allocation Failure) 2743M->2743M(3105M) 166.958ms
[18.282s][info][gc,cpu         ] GC(205) User=1.00s Sys=0.02s Real=0.17s
[18.911s][info][gc,start       ] GC(206) Pause Young (Allocation Failure)
[19.028s][info][gc,heap        ] GC(206) PSYoungGen: 113280K(166400K)->113312K(173056K) Eden: 47616K(47616K)->0K(47616K) From: 65664K(118784K)->113312K(125440K)
[19.028s][info][gc,heap        ] GC(206) ParOldGen: 2874923K(3013632K)->2874923K(3013632K)
[19.028s][info][gc,metaspace   ] GC(206) Metaspace: 6302K(6464K)->6302K(6464K) NonClass: 5768K(5824K)->5768K(5824K) Class: 533K(640K)->533K(640K)
[19.028s][info][gc             ] GC(206) Pause Young (Allocation Failure) 2918M->2918M(3112M) 117.069ms
[19.028s][info][gc,cpu         ] GC(206) User=0.81s Sys=0.00s Real=0.12s
[19.080s][info][gc,start       ] GC(207) Pause Young (Allocation Failure)
[19.164s][info][gc,heap        ] GC(207) PSYoungGen: 160928K(173056K)->137728K(161792K) Eden: 47616K(47616K)->0K(24064K) From: 113312K(125440K)->137728K(137728K)
[19.164s][info][gc,heap        ] GC(207) ParOldGen: 2874923K(3013632K)->2898299K(3013632K)
[19.164s][info][gc,metaspace   ] GC(207) Metaspace: 6302K(6464K)->6302K(6464K) NonClass: 5768K(5824K)->5768K(5824K) Class: 533K(640K)->533K(640K)
[19.164s][info][gc             ] GC(207) Pause Young (Allocation Failure) 2964M->2964M(3101M) 84.269ms
[19.164s][info][gc,cpu         ] GC(207) User=0.55s Sys=0.05s Real=0.08s
[19.191s][info][gc,start       ] GC(208) Pause Young (Allocation Failure)
[19.274s][info][gc,heap        ] GC(208) PSYoungGen: 161792K(161792K)->105408K(189440K) Eden: 24064K(24064K)->0K(24064K) From: 137728K(137728K)->105408K(165376K)
[19.274s][info][gc,heap        ] GC(208) ParOldGen: 2898299K(3013632K)->2955227K(3013632K)
[19.274s][info][gc,metaspace   ] GC(208) Metaspace: 6302K(6464K)->6302K(6464K) NonClass: 5768K(5824K)->5768K(5824K) Class: 533K(640K)->533K(640K)
[19.274s][info][gc             ] GC(208) Pause Young (Allocation Failure) 2988M->2988M(3128M) 83.323ms
[19.274s][info][gc,cpu         ] GC(208) User=0.67s Sys=0.03s Real=0.08s
[19.275s][info][gc,start       ] GC(209) Pause Full (Ergonomics)
[19.275s][info][gc,phases,start] GC(209) Marking Phase
[19.960s][info][gc,phases      ] GC(209) Marking Phase 685.451ms
[19.960s][info][gc,phases,start] GC(209) Summary Phase
[19.960s][info][gc,phases      ] GC(209) Summary Phase 0.143ms
[19.960s][info][gc,phases,start] GC(209) Adjust Roots
[19.961s][info][gc,phases      ] GC(209) Adjust Roots 0.304ms
[19.961s][info][gc,phases,start] GC(209) Compaction Phase
[20.443s][info][gc,phases      ] GC(209) Compaction Phase 481.857ms
[20.443s][info][gc,phases,start] GC(209) Post Compact
[20.450s][info][gc,phases      ] GC(209) Post Compact 7.003ms
[20.451s][info][gc,heap        ] GC(209) PSYoungGen: 105408K(189440K)->0K(194048K) Eden: 0K(24064K)->0K(27136K) From: 105408K(165376K)->0K(166912K)
[20.451s][info][gc,heap        ] GC(209) ParOldGen: 2955227K(3013632K)->2993799K(3304960K)
[20.451s][info][gc,metaspace   ] GC(209) Metaspace: 6302K(6464K)->6302K(6464K) NonClass: 5768K(5824K)->5768K(5824K) Class: 533K(640K)->533K(640K)
[20.451s][info][gc             ] GC(209) Pause Full (Ergonomics) 2988M->2923M(3417M) 1176.278ms
[20.451s][info][gc,cpu         ] GC(209) User=7.94s Sys=0.03s Real=1.18s
[20.479s][info][gc,start       ] GC(210) Pause Young (Allocation Failure)
[20.519s][info][gc,heap        ] GC(210) PSYoungGen: 27136K(194048K)->27264K(194048K) Eden: 27136K(27136K)->0K(27136K) From: 0K(166912K)->27264K(166912K)
[20.519s][info][gc,heap        ] GC(210) ParOldGen: 2993799K(3304960K)->2993799K(3304960K)
[20.519s][info][gc,metaspace   ] GC(210) Metaspace: 6302K(6464K)->6302K(6464K) NonClass: 5768K(5824K)->5768K(5824K) Class: 533K(640K)->533K(640K)
[20.519s][info][gc             ] GC(210) Pause Young (Allocation Failure) 2950M->2950M(3417M) 40.342ms
[20.519s][info][gc,cpu         ] GC(210) User=0.05s Sys=0.00s Real=0.04s
[20.546s][info][gc,start       ] GC(211) Pause Young (Allocation Failure)
[20.592s][info][gc,heap        ] GC(211) PSYoungGen: 54400K(194048K)->54432K(186368K) Eden: 27136K(27136K)->0K(30208K) From: 27264K(166912K)->54432K(156160K)
[20.592s][info][gc,heap        ] GC(211) ParOldGen: 2993799K(3304960K)->2993799K(3304960K)
[20.592s][info][gc,metaspace   ] GC(211) Metaspace: 6302K(6464K)->6302K(6464K) NonClass: 5768K(5824K)->5768K(5824K) Class: 533K(640K)->533K(640K)
[20.592s][info][gc             ] GC(211) Pause Young (Allocation Failure) 2976M->2976M(3409M) 45.915ms
[20.592s][info][gc,cpu         ] GC(211) User=0.06s Sys=0.00s Real=0.05s
[20.620s][info][gc,start       ] GC(212) Pause Young (Allocation Failure)
[20.672s][info][gc,heap        ] GC(212) PSYoungGen: 84640K(186368K)->84704K(115200K) Eden: 30208K(30208K)->0K(30208K) From: 54432K(156160K)->84704K(84992K)
[20.672s][info][gc,heap        ] GC(212) ParOldGen: 2993799K(3304960K)->2993799K(3304960K)
[20.672s][info][gc,metaspace   ] GC(212) Metaspace: 6302K(6464K)->6302K(6464K) NonClass: 5768K(5824K)->5768K(5824K) Class: 533K(640K)->533K(640K)
[20.672s][info][gc             ] GC(212) Pause Young (Allocation Failure) 3006M->3006M(3340M) 51.245ms
[20.672s][info][gc,cpu         ] GC(212) User=0.17s Sys=0.00s Real=0.05s
[20.702s][info][gc,start       ] GC(213) Pause Young (Allocation Failure)
[20.764s][info][gc,heap        ] GC(213) PSYoungGen: 114912K(115200K)->114944K(183808K) Eden: 30208K(30208K)->0K(26624K) From: 84704K(84992K)->114944K(157184K)
[20.764s][info][gc,heap        ] GC(213) ParOldGen: 2993799K(3304960K)->2993799K(3304960K)
[20.764s][info][gc,metaspace   ] GC(213) Metaspace: 6302K(6464K)->6302K(6464K) NonClass: 5768K(5824K)->5768K(5824K) Class: 533K(640K)->533K(640K)
[20.764s][info][gc             ] GC(213) Pause Young (Allocation Failure) 3035M->3035M(3407M) 62.788ms
[20.764s][info][gc,cpu         ] GC(213) User=0.20s Sys=0.00s Real=0.06s
[20.789s][info][gc,start       ] GC(214) Pause Young (Allocation Failure)
[20.859s][info][gc,heap        ] GC(214) PSYoungGen: 141568K(183808K)->141568K(190464K) Eden: 26624K(26624K)->0K(26624K) From: 114944K(157184K)->141568K(163840K)
[20.859s][info][gc,heap        ] GC(214) ParOldGen: 2993799K(3304960K)->2993799K(3304960K)
[20.859s][info][gc,metaspace   ] GC(214) Metaspace: 6302K(6464K)->6302K(6464K) NonClass: 5768K(5824K)->5768K(5824K) Class: 533K(640K)->533K(640K)
[20.859s][info][gc             ] GC(214) Pause Young (Allocation Failure) 3061M->3061M(3413M) 70.293ms
[20.859s][info][gc,cpu         ] GC(214) User=0.17s Sys=0.00s Real=0.07s
[20.886s][info][gc,start       ] GC(215) Pause Young (Allocation Failure)
[20.965s][info][gc,heap        ] GC(215) PSYoungGen: 168192K(190464K)->113920K(207360K) Eden: 26624K(26624K)->0K(28672K) From: 141568K(163840K)->113920K(178688K)
[20.965s][info][gc,heap        ] GC(215) ParOldGen: 2993799K(3304960K)->3048535K(3304960K)
[20.965s][info][gc,metaspace   ] GC(215) Metaspace: 6302K(6464K)->6302K(6464K) NonClass: 5768K(5824K)->5768K(5824K) Class: 533K(640K)->533K(640K)
[20.965s][info][gc             ] GC(215) Pause Young (Allocation Failure) 3087M->3088M(3430M) 79.636ms
[20.966s][info][gc,cpu         ] GC(215) User=0.25s Sys=0.03s Real=0.08s
[20.997s][info][gc,start       ] GC(216) Pause Young (Allocation Failure)
[21.073s][info][gc,heap        ] GC(216) PSYoungGen: 142592K(207360K)->82112K(111104K) Eden: 28672K(28672K)->0K(28672K) From: 113920K(178688K)->82112K(82432K)
[21.073s][info][gc,heap        ] GC(216) ParOldGen: 3048535K(3304960K)->3109479K(3304960K)
[21.073s][info][gc,metaspace   ] GC(216) Metaspace: 6302K(6464K)->6302K(6464K) NonClass: 5768K(5824K)->5768K(5824K) Class: 533K(640K)->533K(640K)
[21.073s][info][gc             ] GC(216) Pause Young (Allocation Failure) 3116M->3116M(3336M) 76.007ms
[21.073s][info][gc,cpu         ] GC(216) User=0.27s Sys=0.02s Real=0.08s
[21.105s][info][gc,start       ] GC(217) Pause Young (Allocation Failure)
[21.170s][info][gc,heap        ] GC(217) PSYoungGen: 110784K(111104K)->57568K(197632K) Eden: 28672K(28672K)->0K(32768K) From: 82112K(82432K)->57568K(164864K)
[21.170s][info][gc,heap        ] GC(217) ParOldGen: 3109479K(3304960K)->3163183K(3304960K)
[21.170s][info][gc,metaspace   ] GC(217) Metaspace: 6302K(6464K)->6302K(6464K) NonClass: 5768K(5824K)->5768K(5824K) Class: 533K(640K)->533K(640K)
[21.170s][info][gc             ] GC(217) Pause Young (Allocation Failure) 3144M->3145M(3420M) 64.559ms
[21.170s][info][gc,cpu         ] GC(217) User=0.19s Sys=0.05s Real=0.06s
[21.206s][info][gc,start       ] GC(218) Pause Young (Allocation Failure)
[21.266s][info][gc,heap        ] GC(218) PSYoungGen: 90336K(197632K)->32928K(201216K) Eden: 32768K(32768K)->0K(32768K) From: 57568K(164864K)->32928K(168448K)
[21.266s][info][gc,heap        ] GC(218) ParOldGen: 3163183K(3304960K)->3221007K(3304960K)
[21.266s][info][gc,metaspace   ] GC(218) Metaspace: 6302K(6464K)->6302K(6464K) NonClass: 5768K(5824K)->5768K(5824K) Class: 533K(640K)->533K(640K)
[21.266s][info][gc             ] GC(218) Pause Young (Allocation Failure) 3177M->3177M(3424M) 60.660ms
[21.266s][info][gc,cpu         ] GC(218) User=0.17s Sys=0.02s Real=0.06s
[21.266s][info][gc,start       ] GC(219) Pause Full (Ergonomics)
[21.266s][info][gc,phases,start] GC(219) Marking Phase
[22.014s][info][gc,phases      ] GC(219) Marking Phase 747.388ms
[22.014s][info][gc,phases,start] GC(219) Summary Phase
[22.014s][info][gc,phases      ] GC(219) Summary Phase 0.106ms
[22.014s][info][gc,phases,start] GC(219) Adjust Roots
[22.014s][info][gc,phases      ] GC(219) Adjust Roots 0.284ms
[22.014s][info][gc,phases,start] GC(219) Compaction Phase
[22.325s][info][gc,phases      ] GC(219) Compaction Phase 310.928ms
[22.325s][info][gc,phases,start] GC(219) Post Compact
[22.331s][info][gc,phases      ] GC(219) Post Compact 5.967ms
[22.332s][info][gc,heap        ] GC(219) PSYoungGen: 32928K(201216K)->0K(205824K) Eden: 0K(32768K)->0K(37376K) From: 32928K(168448K)->0K(168448K)
[22.332s][info][gc,heap        ] GC(219) ParOldGen: 3221007K(3304960K)->3251560K(3610624K)
[22.332s][info][gc,metaspace   ] GC(219) Metaspace: 6302K(6464K)->6302K(6464K) NonClass: 5768K(5824K)->5768K(5824K) Class: 533K(640K)->533K(640K)
[22.333s][info][gc             ] GC(219) Pause Full (Ergonomics) 3177M->3175M(3727M) 1066.236ms
[22.333s][info][gc,cpu         ] GC(219) User=7.73s Sys=0.02s Real=1.07s
[22.373s][info][gc,start       ] GC(220) Pause Young (Allocation Failure)
[22.412s][info][gc,heap        ] GC(220) PSYoungGen: 37376K(205824K)->37536K(205824K) Eden: 37376K(37376K)->0K(37376K) From: 0K(168448K)->37536K(168448K)
[22.412s][info][gc,heap        ] GC(220) ParOldGen: 3251560K(3610624K)->3251560K(3610624K)
[22.412s][info][gc,metaspace   ] GC(220) Metaspace: 6302K(6464K)->6302K(6464K) NonClass: 5768K(5824K)->5768K(5824K) Class: 533K(640K)->533K(640K)
[22.412s][info][gc             ] GC(220) Pause Young (Allocation Failure) 3211M->3212M(3727M) 39.440ms
[22.412s][info][gc,cpu         ] GC(220) User=0.06s Sys=0.00s Real=0.04s
[22.449s][info][gc,start       ] GC(221) Pause Young (Allocation Failure)
[22.504s][info][gc,heap        ] GC(221) PSYoungGen: 74912K(205824K)->37568K(202240K) Eden: 37376K(37376K)->0K(41472K) From: 37536K(168448K)->37568K(160768K)
[22.504s][info][gc,heap        ] GC(221) ParOldGen: 3251560K(3610624K)->3289264K(3610624K)
[22.504s][info][gc,metaspace   ] GC(221) Metaspace: 6302K(6464K)->6302K(6464K) NonClass: 5768K(5824K)->5768K(5824K) Class: 533K(640K)->533K(640K)
[22.504s][info][gc             ] GC(221) Pause Young (Allocation Failure) 3248M->3248M(3723M) 55.406ms
[22.504s][info][gc,cpu         ] GC(221) User=0.20s Sys=0.00s Real=0.06s
[22.547s][info][gc,start       ] GC(222) Pause Young (Allocation Failure)
[22.605s][info][gc,heap        ] GC(222) PSYoungGen: 79040K(202240K)->41696K(205312K) Eden: 41472K(41472K)->0K(41472K) From: 37568K(160768K)->41696K(163840K)
[22.605s][info][gc,heap        ] GC(222) ParOldGen: 3289264K(3610624K)->3326968K(3610624K)
[22.606s][info][gc,metaspace   ] GC(222) Metaspace: 6302K(6464K)->6302K(6464K) NonClass: 5768K(5824K)->5768K(5824K) Class: 533K(640K)->533K(640K)
[22.606s][info][gc             ] GC(222) Pause Young (Allocation Failure) 3289M->3289M(3726M) 58.059ms
[22.606s][info][gc,cpu         ] GC(222) User=0.16s Sys=0.03s Real=0.06s
[22.650s][info][gc,start       ] GC(223) Pause Young (Allocation Failure)
[22.708s][info][gc,heap        ] GC(223) PSYoungGen: 83168K(205312K)->41664K(197120K) Eden: 41472K(41472K)->0K(46592K) From: 41696K(163840K)->41664K(150528K)
[22.708s][info][gc,heap        ] GC(223) ParOldGen: 3326968K(3610624K)->3368808K(3610624K)
[22.708s][info][gc,metaspace   ] GC(223) Metaspace: 6302K(6464K)->6302K(6464K) NonClass: 5768K(5824K)->5768K(5824K) Class: 533K(640K)->533K(640K)
[22.708s][info][gc             ] GC(223) Pause Young (Allocation Failure) 3330M->3330M(3718M) 57.944ms
[22.708s][info][gc,cpu         ] GC(223) User=0.16s Sys=0.00s Real=0.06s
[22.757s][info][gc,start       ] GC(224) Pause Young (Allocation Failure)
[22.819s][info][gc,heap        ] GC(224) PSYoungGen: 88256K(197120K)->46784K(201728K) Eden: 46592K(46592K)->0K(46592K) From: 41664K(150528K)->46784K(155136K)
[22.819s][info][gc,heap        ] GC(224) ParOldGen: 3368808K(3610624K)->3410656K(3610624K)
[22.819s][info][gc,metaspace   ] GC(224) Metaspace: 6302K(6464K)->6302K(6464K) NonClass: 5768K(5824K)->5768K(5824K) Class: 533K(640K)->533K(640K)
[22.819s][info][gc             ] GC(224) Pause Young (Allocation Failure) 3376M->3376M(3723M) 61.974ms
[22.819s][info][gc,cpu         ] GC(224) User=0.17s Sys=0.02s Real=0.06s
[22.862s][info][gc,start       ] GC(225) Pause Young (Allocation Failure)
[22.920s][info][gc,heap        ] GC(225) PSYoungGen: 93376K(201728K)->46784K(189440K) Eden: 46592K(46592K)->0K(52224K) From: 46784K(155136K)->46784K(137216K)
[22.920s][info][gc,heap        ] GC(225) ParOldGen: 3410656K(3610624K)->3457664K(3610624K)
[22.920s][info][gc,metaspace   ] GC(225) Metaspace: 6302K(6464K)->6302K(6464K) NonClass: 5768K(5824K)->5768K(5824K) Class: 533K(640K)->533K(640K)
[22.920s][info][gc             ] GC(225) Pause Young (Allocation Failure) 3421M->3422M(3711M) 58.029ms
[22.920s][info][gc,cpu         ] GC(225) User=0.22s Sys=0.00s Real=0.06s
[22.971s][info][gc,start       ] GC(226) Pause Young (Allocation Failure)
[23.034s][info][gc,heap        ] GC(226) PSYoungGen: 99008K(189440K)->52416K(195584K) Eden: 52224K(52224K)->0K(52224K) From: 46784K(137216K)->52416K(143360K)
[23.034s][info][gc,heap        ] GC(226) ParOldGen: 3457664K(3610624K)->3504672K(3610624K)
[23.034s][info][gc,metaspace   ] GC(226) Metaspace: 6302K(6464K)->6302K(6464K) NonClass: 5768K(5824K)->5768K(5824K) Class: 533K(640K)->533K(640K)
[23.034s][info][gc             ] GC(226) Pause Young (Allocation Failure) 3473M->3473M(3717M) 63.563ms
[23.034s][info][gc,cpu         ] GC(226) User=0.33s Sys=0.03s Real=0.06s
[23.096s][info][gc,start       ] GC(227) Pause Young (Allocation Failure)
[23.161s][info][gc,heap        ] GC(227) PSYoungGen: 104640K(195584K)->52416K(183296K) Eden: 52224K(52224K)->0K(58368K) From: 52416K(143360K)->52416K(124928K)
[23.161s][info][gc,heap        ] GC(227) ParOldGen: 3504672K(3610624K)->3557360K(3610624K)
[23.161s][info][gc,metaspace   ] GC(227) Metaspace: 6302K(6464K)->6302K(6464K) NonClass: 5768K(5824K)->5768K(5824K) Class: 533K(640K)->533K(640K)
[23.161s][info][gc             ] GC(227) Pause Young (Allocation Failure) 3524M->3525M(3705M) 64.536ms
[23.161s][info][gc,cpu         ] GC(227) User=0.33s Sys=0.05s Real=0.07s
[23.161s][info][gc,start       ] GC(228) Pause Full (Ergonomics)
[23.161s][info][gc,phases,start] GC(228) Marking Phase
[23.991s][info][gc,phases      ] GC(228) Marking Phase 829.602ms
[23.991s][info][gc,phases,start] GC(228) Summary Phase
[23.991s][info][gc,phases      ] GC(228) Summary Phase 0.142ms
[23.991s][info][gc,phases,start] GC(228) Adjust Roots
[23.991s][info][gc,phases      ] GC(228) Adjust Roots 0.325ms
[23.991s][info][gc,phases,start] GC(228) Compaction Phase
[24.340s][info][gc,phases      ] GC(228) Compaction Phase 348.899ms
[24.340s][info][gc,phases,start] GC(228) Post Compact
[24.347s][info][gc,phases      ] GC(228) Post Compact 6.810ms
[24.349s][info][gc,heap        ] GC(228) PSYoungGen: 52416K(183296K)->0K(189440K) Eden: 0K(58368K)->0K(58368K) From: 52416K(124928K)->0K(131072K)
[24.349s][info][gc,heap        ] GC(228) ParOldGen: 3557360K(3610624K)->3606645K(3991040K)
[24.349s][info][gc,metaspace   ] GC(228) Metaspace: 6302K(6464K)->6302K(6464K) NonClass: 5768K(5824K)->5768K(5824K) Class: 533K(640K)->533K(640K)
[24.349s][info][gc             ] GC(228) Pause Full (Ergonomics) 3525M->3522M(4082M) 1187.561ms
[24.349s][info][gc,cpu         ] GC(228) User=8.56s Sys=0.06s Real=1.19s
[24.417s][info][gc,start       ] GC(229) Pause Young (Allocation Failure)
[24.469s][info][gc,heap        ] GC(229) PSYoungGen: 58368K(189440K)->58592K(178688K) Eden: 58368K(58368K)->0K(63488K) From: 0K(131072K)->58592K(115200K)
[24.469s][info][gc,heap        ] GC(229) ParOldGen: 3606645K(3991040K)->3606645K(3991040K)
[24.469s][info][gc,metaspace   ] GC(229) Metaspace: 6302K(6464K)->6302K(6464K) NonClass: 5768K(5824K)->5768K(5824K) Class: 533K(640K)->533K(640K)
[24.469s][info][gc             ] GC(229) Pause Young (Allocation Failure) 3579M->3579M(4072M) 51.990ms
[24.469s][info][gc,cpu         ] GC(229) User=0.17s Sys=0.00s Real=0.05s
[24.532s][info][gc,start       ] GC(230) Pause Young (Allocation Failure)
[24.600s][info][gc,heap        ] GC(230) PSYoungGen: 122080K(178688K)->122208K(187392K) Eden: 63488K(63488K)->0K(63488K) From: 58592K(115200K)->122208K(123904K)
[24.600s][info][gc,heap        ] GC(230) ParOldGen: 3606645K(3991040K)->3606645K(3991040K)
[24.600s][info][gc,metaspace   ] GC(230) Metaspace: 6302K(6464K)->6302K(6464K) NonClass: 5768K(5824K)->5768K(5824K) Class: 533K(640K)->533K(640K)
[24.600s][info][gc             ] GC(230) Pause Young (Allocation Failure) 3641M->3641M(4080M) 68.028ms
[24.600s][info][gc,cpu         ] GC(230) User=0.23s Sys=0.00s Real=0.07s
[24.663s][info][gc,start       ] GC(231) Pause Young (Allocation Failure)
[24.754s][info][gc,heap        ] GC(231) PSYoungGen: 185696K(187392K)->140800K(173568K) Eden: 63488K(63488K)->0K(32768K) From: 122208K(123904K)->140800K(140800K)
[24.754s][info][gc,heap        ] GC(231) ParOldGen: 3606645K(3991040K)->3651813K(3991040K)
[24.754s][info][gc,metaspace   ] GC(231) Metaspace: 6302K(6464K)->6302K(6464K) NonClass: 5768K(5824K)->5768K(5824K) Class: 533K(640K)->533K(640K)
[24.754s][info][gc             ] GC(231) Pause Young (Allocation Failure) 3703M->3703M(4067M) 91.141ms
[24.754s][info][gc,cpu         ] GC(231) User=0.58s Sys=0.05s Real=0.09s
[24.786s][info][gc,start       ] GC(232) Pause Young (Allocation Failure)
[24.871s][info][gc,heap        ] GC(232) PSYoungGen: 173568K(173568K)->72640K(105472K) Eden: 32768K(32768K)->0K(32768K) From: 140800K(140800K)->72640K(72704K)
[24.871s][info][gc,heap        ] GC(232) ParOldGen: 3651813K(3991040K)->3753605K(3991040K)
[24.871s][info][gc,metaspace   ] GC(232) Metaspace: 6302K(6464K)->6302K(6464K) NonClass: 5768K(5824K)->5768K(5824K) Class: 533K(640K)->533K(640K)
[24.872s][info][gc             ] GC(232) Pause Young (Allocation Failure) 3735M->3736M(4000M) 85.602ms
[24.872s][info][gc,cpu         ] GC(232) User=0.67s Sys=0.08s Real=0.09s
[24.907s][info][gc,start       ] GC(233) Pause Young (Allocation Failure)
[24.969s][info][gc,heap        ] GC(233) PSYoungGen: 105408K(105472K)->65792K(192000K) Eden: 32768K(32768K)->0K(36864K) From: 72640K(72704K)->65792K(155136K)
[24.969s][info][gc,heap        ] GC(233) ParOldGen: 3753605K(3991040K)->3793629K(3991040K)
[24.969s][info][gc,metaspace   ] GC(233) Metaspace: 6302K(6464K)->6302K(6464K) NonClass: 5768K(5824K)->5768K(5824K) Class: 533K(640K)->533K(640K)
[24.969s][info][gc             ] GC(233) Pause Young (Allocation Failure) 3768M->3768M(4085M) 61.711ms
[24.969s][info][gc,cpu         ] GC(233) User=0.30s Sys=0.00s Real=0.06s
[25.009s][info][gc,start       ] GC(234) Pause Young (Allocation Failure)
[25.069s][info][gc,heap        ] GC(234) PSYoungGen: 102656K(192000K)->69792K(107008K) Eden: 36864K(36864K)->0K(36864K) From: 65792K(155136K)->69792K(70144K)
[25.069s][info][gc,heap        ] GC(234) ParOldGen: 3793629K(3991040K)->3826685K(3991040K)
[25.069s][info][gc,metaspace   ] GC(234) Metaspace: 6302K(6464K)->6302K(6464K) NonClass: 5768K(5824K)->5768K(5824K) Class: 533K(640K)->533K(640K)
[25.069s][info][gc             ] GC(234) Pause Young (Allocation Failure) 3804M->3805M(4002M) 60.550ms
[25.069s][info][gc,cpu         ] GC(234) User=0.28s Sys=0.03s Real=0.06s
[25.107s][info][gc,start       ] GC(235) Pause Young (Allocation Failure)
[25.170s][info][gc,heap        ] GC(235) PSYoungGen: 106656K(107008K)->73984K(181248K) Eden: 36864K(36864K)->0K(41472K) From: 69792K(70144K)->73984K(139776K)
[25.170s][info][gc,heap        ] GC(235) ParOldGen: 3826685K(3991040K)->3859741K(3991040K)
[25.170s][info][gc,metaspace   ] GC(235) Metaspace: 6302K(6464K)->6302K(6464K) NonClass: 5768K(5824K)->5768K(5824K) Class: 533K(640K)->533K(640K)
[25.170s][info][gc             ] GC(235) Pause Young (Allocation Failure) 3841M->3841M(4074M) 63.371ms
[25.170s][info][gc,cpu         ] GC(235) User=0.20s Sys=0.09s Real=0.06s
[25.210s][info][gc,start       ] GC(236) Pause Young (Allocation Failure)
[25.276s][info][gc,heap        ] GC(236) PSYoungGen: 115456K(181248K)->78496K(120320K) Eden: 41472K(41472K)->0K(41472K) From: 73984K(139776K)->78496K(78848K)
[25.276s][info][gc,heap        ] GC(236) ParOldGen: 3859741K(3991040K)->3896917K(3991040K)
[25.276s][info][gc,metaspace   ] GC(236) Metaspace: 6302K(6464K)->6302K(6464K) NonClass: 5768K(5824K)->5768K(5824K) Class: 533K(640K)->533K(640K)
[25.276s][info][gc             ] GC(236) Pause Young (Allocation Failure) 3882M->3882M(4015M) 65.750ms
[25.276s][info][gc,cpu         ] GC(236) User=0.22s Sys=0.08s Real=0.07s
[25.323s][info][gc,start       ] GC(237) Pause Young (Allocation Failure)
[25.393s][info][gc,heap        ] GC(237) PSYoungGen: 119968K(120320K)->83168K(179712K) Eden: 41472K(41472K)->0K(47104K) From: 78496K(78848K)->83168K(132608K)
[25.393s][info][gc,heap        ] GC(237) ParOldGen: 3896917K(3991040K)->3934093K(3991040K)
[25.393s][info][gc,metaspace   ] GC(237) Metaspace: 6302K(6464K)->6302K(6464K) NonClass: 5768K(5824K)->5768K(5824K) Class: 533K(640K)->533K(640K)
[25.393s][info][gc             ] GC(237) Pause Young (Allocation Failure) 3922M->3923M(4073M) 70.110ms
[25.393s][info][gc,cpu         ] GC(237) User=0.36s Sys=0.00s Real=0.07s
[25.393s][info][gc,start       ] GC(238) Pause Full (Ergonomics)
[25.393s][info][gc,phases,start] GC(238) Marking Phase
[26.308s][info][gc,phases      ] GC(238) Marking Phase 914.893ms
[26.308s][info][gc,phases,start] GC(238) Summary Phase
[26.308s][info][gc,phases      ] GC(238) Summary Phase 0.067ms
[26.308s][info][gc,phases,start] GC(238) Adjust Roots
[26.308s][info][gc,phases      ] GC(238) Adjust Roots 0.266ms
[26.309s][info][gc,phases,start] GC(238) Compaction Phase
[27.169s][info][gc,phases      ] GC(238) Compaction Phase 860.572ms
[27.169s][info][gc,phases,start] GC(238) Post Compact
[27.177s][info][gc,phases      ] GC(238) Post Compact 7.467ms
[27.178s][info][gc,heap        ] GC(238) PSYoungGen: 83168K(179712K)->23108K(183808K) Eden: 0K(47104K)->0K(51200K) From: 83168K(132608K)->23108K(132608K)
[27.178s][info][gc,heap        ] GC(238) ParOldGen: 3934093K(3991040K)->3990802K(4402688K)
[27.178s][info][gc,metaspace   ] GC(238) Metaspace: 6302K(6464K)->6302K(6464K) NonClass: 5768K(5824K)->5768K(5824K) Class: 533K(640K)->533K(640K)
[27.178s][info][gc             ] GC(238) Pause Full (Ergonomics) 3923M->3919M(4479M) 1785.085ms
[27.178s][info][gc,cpu         ] GC(238) User=12.77s Sys=0.08s Real=1.79s
[27.232s][info][gc,start       ] GC(239) Pause Young (Allocation Failure)
[27.442s][info][gc,heap        ] GC(239) PSYoungGen: 74308K(183808K)->52480K(187904K) Eden: 51200K(51200K)->0K(51200K) From: 23108K(132608K)->52480K(136704K)
[27.442s][info][gc,heap        ] GC(239) ParOldGen: 3990802K(4402688K)->4013090K(4402688K)
[27.442s][info][gc,metaspace   ] GC(239) Metaspace: 6302K(6464K)->6302K(6464K) NonClass: 5768K(5824K)->5768K(5824K) Class: 533K(640K)->533K(640K)
[27.442s][info][gc             ] GC(239) Pause Young (Allocation Failure) 3969M->3970M(4483M) 209.718ms
[27.442s][info][gc,cpu         ] GC(239) User=1.38s Sys=0.00s Real=0.21s
[27.504s][info][gc,start       ] GC(240) Pause Young (Allocation Failure)
[27.575s][info][gc,heap        ] GC(240) PSYoungGen: 103680K(187904K)->103712K(186880K) Eden: 51200K(51200K)->0K(51712K) From: 52480K(136704K)->103712K(135168K)
[27.575s][info][gc,heap        ] GC(240) ParOldGen: 4013090K(4402688K)->4013090K(4402688K)
[27.575s][info][gc,metaspace   ] GC(240) Metaspace: 6302K(6464K)->6302K(6464K) NonClass: 5768K(5824K)->5768K(5824K) Class: 533K(640K)->533K(640K)
[27.575s][info][gc             ] GC(240) Pause Young (Allocation Failure) 4020M->4020M(4482M) 71.106ms
[27.575s][info][gc,cpu         ] GC(240) User=0.41s Sys=0.00s Real=0.07s
[27.626s][info][gc,start       ] GC(241) Pause Young (Allocation Failure)
[27.707s][info][gc,heap        ] GC(241) PSYoungGen: 155424K(186880K)->139776K(191488K) Eden: 51712K(51712K)->0K(51712K) From: 103712K(135168K)->139776K(139776K)
[27.707s][info][gc,heap        ] GC(241) ParOldGen: 4013090K(4402688K)->4028874K(4402688K)
[27.707s][info][gc,metaspace   ] GC(241) Metaspace: 6302K(6464K)->6302K(6464K) NonClass: 5768K(5824K)->5768K(5824K) Class: 533K(640K)->533K(640K)
[27.707s][info][gc             ] GC(241) Pause Young (Allocation Failure) 4070M->4070M(4486M) 80.840ms
[27.707s][info][gc,cpu         ] GC(241) User=0.52s Sys=0.00s Real=0.08s
[27.759s][info][gc,start       ] GC(242) Pause Young (Allocation Failure)
[27.856s][info][gc,heap        ] GC(242) PSYoungGen: 191488K(191488K)->150400K(203776K) Eden: 51712K(51712K)->0K(40960K) From: 139776K(139776K)->150400K(162816K)
[27.856s][info][gc,heap        ] GC(242) ParOldGen: 4028874K(4402688K)->4070498K(4402688K)
[27.856s][info][gc,metaspace   ] GC(242) Metaspace: 6302K(6464K)->6302K(6464K) NonClass: 5768K(5824K)->5768K(5824K) Class: 533K(640K)->533K(640K)
[27.856s][info][gc             ] GC(242) Pause Young (Allocation Failure) 4121M->4121M(4498M) 97.427ms
[27.857s][info][gc,cpu         ] GC(242) User=0.61s Sys=0.02s Real=0.10s
[27.901s][info][gc,start       ] GC(243) Pause Young (Allocation Failure)
[27.994s][info][gc,heap        ] GC(243) PSYoungGen: 191360K(203776K)->142528K(220160K) Eden: 40960K(40960K)->0K(40960K) From: 150400K(162816K)->142528K(179200K)
[27.994s][info][gc,heap        ] GC(243) ParOldGen: 4070498K(4402688K)->4119786K(4402688K)
[27.994s][info][gc,metaspace   ] GC(243) Metaspace: 6302K(6464K)->6302K(6464K) NonClass: 5768K(5824K)->5768K(5824K) Class: 533K(640K)->533K(640K)
[27.994s][info][gc             ] GC(243) Pause Young (Allocation Failure) 4161M->4162M(4514M) 93.021ms
[27.994s][info][gc,cpu         ] GC(243) User=0.62s Sys=0.02s Real=0.09s
[28.044s][info][gc,start       ] GC(244) Pause Young (Allocation Failure)
[28.138s][info][gc,heap        ] GC(244) PSYoungGen: 183488K(220160K)->133952K(230912K) Eden: 40960K(40960K)->0K(41472K) From: 142528K(179200K)->133952K(189440K)
[28.138s][info][gc,heap        ] GC(244) ParOldGen: 4119786K(4402688K)->4169730K(4402688K)
[28.138s][info][gc,metaspace   ] GC(244) Metaspace: 6302K(6464K)->6302K(6464K) NonClass: 5768K(5824K)->5768K(5824K) Class: 533K(640K)->533K(640K)
[28.138s][info][gc             ] GC(244) Pause Young (Allocation Failure) 4202M->4202M(4525M) 94.077ms
[28.138s][info][gc,cpu         ] GC(244) User=0.61s Sys=0.03s Real=0.09s
[28.188s][info][gc,start       ] GC(245) Pause Young (Allocation Failure)
[28.279s][info][gc,heap        ] GC(245) PSYoungGen: 175424K(230912K)->123680K(235520K) Eden: 41472K(41472K)->0K(41472K) From: 133952K(189440K)->123680K(194048K)
[28.279s][info][gc,heap        ] GC(245) ParOldGen: 4169730K(4402688K)->4221922K(4402688K)
[28.279s][info][gc,metaspace   ] GC(245) Metaspace: 6302K(6464K)->6302K(6464K) NonClass: 5768K(5824K)->5768K(5824K) Class: 533K(640K)->533K(640K)
[28.279s][info][gc             ] GC(245) Pause Young (Allocation Failure) 4243M->4243M(4529M) 90.669ms
[28.279s][info][gc,cpu         ] GC(245) User=0.61s Sys=0.03s Real=0.09s
[28.324s][info][gc,start       ] GC(246) Pause Young (Allocation Failure)
[28.413s][info][gc,heap        ] GC(246) PSYoungGen: 165152K(235520K)->124192K(238080K) Eden: 41472K(41472K)->0K(47104K) From: 123680K(194048K)->124192K(190976K)
[28.413s][info][gc,heap        ] GC(246) ParOldGen: 4221922K(4402688K)->4263258K(4402688K)
[28.413s][info][gc,metaspace   ] GC(246) Metaspace: 6302K(6464K)->6302K(6464K) NonClass: 5768K(5824K)->5768K(5824K) Class: 533K(640K)->533K(640K)
[28.413s][info][gc             ] GC(246) Pause Young (Allocation Failure) 4284M->4284M(4532M) 89.327ms
[28.413s][info][gc,cpu         ] GC(246) User=0.59s Sys=0.00s Real=0.09s
[28.463s][info][gc,start       ] GC(247) Pause Young (Allocation Failure)
[28.552s][info][gc,heap        ] GC(247) PSYoungGen: 171296K(238080K)->130304K(239104K) Eden: 47104K(47104K)->0K(47104K) From: 124192K(190976K)->130304K(192000K)
[28.552s][info][gc,heap        ] GC(247) ParOldGen: 4263258K(4402688K)->4304586K(4402688K)
[28.552s][info][gc,metaspace   ] GC(247) Metaspace: 6302K(6464K)->6302K(6464K) NonClass: 5768K(5824K)->5768K(5824K) Class: 533K(640K)->533K(640K)
[28.552s][info][gc             ] GC(247) Pause Young (Allocation Failure) 4330M->4330M(4533M) 89.280ms
[28.552s][info][gc,cpu         ] GC(247) User=0.56s Sys=0.08s Real=0.09s
[28.598s][info][gc,start       ] GC(248) Pause Young (Allocation Failure)
[28.696s][info][gc,heap        ] GC(248) PSYoungGen: 177408K(239104K)->94528K(233984K) Eden: 47104K(47104K)->0K(53760K) From: 130304K(192000K)->94528K(180224K)
[28.696s][info][gc,heap        ] GC(248) ParOldGen: 4304586K(4402688K)->4388266K(4402688K)
[28.696s][info][gc,metaspace   ] GC(248) Metaspace: 6302K(6464K)->6302K(6464K) NonClass: 5768K(5824K)->5768K(5824K) Class: 533K(640K)->533K(640K)
[28.696s][info][gc             ] GC(248) Pause Young (Allocation Failure) 4376M->4377M(4528M) 97.871ms
[28.696s][info][gc,cpu         ] GC(248) User=0.70s Sys=0.06s Real=0.10s
[28.696s][info][gc,start       ] GC(249) Pause Full (Ergonomics)
[28.696s][info][gc,phases,start] GC(249) Marking Phase
[29.711s][info][gc,phases      ] GC(249) Marking Phase 1015.571ms
[29.711s][info][gc,phases,start] GC(249) Summary Phase
[29.711s][info][gc,phases      ] GC(249) Summary Phase 0.052ms
[29.711s][info][gc,phases,start] GC(249) Adjust Roots
[29.712s][info][gc,phases      ] GC(249) Adjust Roots 0.166ms
[29.712s][info][gc,phases,start] GC(249) Compaction Phase
[30.099s][info][gc,phases      ] GC(249) Compaction Phase 387.433ms
[30.099s][info][gc,phases,start] GC(249) Post Compact
[30.106s][info][gc,phases      ] GC(249) Post Compact 6.574ms
[30.107s][info][gc,heap        ] GC(249) PSYoungGen: 94528K(233984K)->76249K(240128K) Eden: 0K(53760K)->0K(59904K) From: 94528K(180224K)->76249K(180224K)
[30.107s][info][gc,heap        ] GC(249) ParOldGen: 4388266K(4402688K)->4402249K(4862464K)
[30.107s][info][gc,metaspace   ] GC(249) Metaspace: 6302K(6464K)->6302K(6464K) NonClass: 5768K(5824K)->5768K(5824K) Class: 533K(640K)->533K(640K)
[30.107s][info][gc             ] GC(249) Pause Full (Ergonomics) 4377M->4373M(4983M) 1411.549ms
[30.107s][info][gc,cpu         ] GC(249) User=10.42s Sys=0.00s Real=1.41s
[30.175s][info][gc,start       ] GC(250) Pause Young (Allocation Failure)
[30.449s][info][gc,heap        ] GC(250) PSYoungGen: 136153K(240128K)->60160K(246272K) Eden: 59904K(59904K)->0K(59904K) From: 76249K(180224K)->60160K(186368K)
[30.450s][info][gc,heap        ] GC(250) ParOldGen: 4402249K(4862464K)->4479233K(4862464K)
[30.450s][info][gc,metaspace   ] GC(250) Metaspace: 6302K(6464K)->6302K(6464K) NonClass: 5768K(5824K)->5768K(5824K) Class: 533K(640K)->533K(640K)
[30.450s][info][gc             ] GC(250) Pause Young (Allocation Failure) 4432M->4433M(4989M) 274.350ms
[30.450s][info][gc,cpu         ] GC(250) User=1.69s Sys=0.02s Real=0.27s
[30.522s][info][gc,start       ] GC(251) Pause Young (Allocation Failure)
[30.597s][info][gc,heap        ] GC(251) PSYoungGen: 120064K(246272K)->60160K(249856K) Eden: 59904K(59904K)->0K(66560K) From: 60160K(186368K)->60160K(183296K)
[30.597s][info][gc,heap        ] GC(251) ParOldGen: 4479233K(4862464K)->4539673K(4862464K)
[30.597s][info][gc,metaspace   ] GC(251) Metaspace: 6302K(6464K)->6302K(6464K) NonClass: 5768K(5824K)->5768K(5824K) Class: 533K(640K)->533K(640K)
[30.597s][info][gc             ] GC(251) Pause Young (Allocation Failure) 4491M->4492M(4992M) 75.020ms
[30.597s][info][gc,cpu         ] GC(251) User=0.48s Sys=0.02s Real=0.07s
[30.671s][info][gc,start       ] GC(252) Pause Young (Allocation Failure)
[30.746s][info][gc,heap        ] GC(252) PSYoungGen: 126720K(249856K)->66752K(251392K) Eden: 66560K(66560K)->0K(66560K) From: 60160K(183296K)->66752K(184832K)
[30.746s][info][gc,heap        ] GC(252) ParOldGen: 4539673K(4862464K)->4600113K(4862464K)
[30.746s][info][gc,metaspace   ] GC(252) Metaspace: 6302K(6464K)->6302K(6464K) NonClass: 5768K(5824K)->5768K(5824K) Class: 533K(640K)->533K(640K)
[30.746s][info][gc             ] GC(252) Pause Young (Allocation Failure) 4557M->4557M(4994M) 75.423ms
[30.746s][info][gc,cpu         ] GC(252) User=0.47s Sys=0.03s Real=0.07s
[30.815s][info][gc,start       ] GC(253) Pause Young (Allocation Failure)
[30.892s][info][gc,heap        ] GC(253) PSYoungGen: 133312K(251392K)->66816K(246784K) Eden: 66560K(66560K)->0K(73728K) From: 66752K(184832K)->66816K(173056K)
[30.892s][info][gc,heap        ] GC(253) ParOldGen: 4600113K(4862464K)->4667273K(4862464K)
[30.892s][info][gc,metaspace   ] GC(253) Metaspace: 6302K(6464K)->6302K(6464K) NonClass: 5768K(5824K)->5768K(5824K) Class: 533K(640K)->533K(640K)
[30.892s][info][gc             ] GC(253) Pause Young (Allocation Failure) 4622M->4623M(4989M) 77.463ms
[30.892s][info][gc,cpu         ] GC(253) User=0.47s Sys=0.05s Real=0.08s
[30.982s][info][gc,start       ] GC(254) Pause Young (Allocation Failure)
[31.064s][info][gc,heap        ] GC(254) PSYoungGen: 140544K(246784K)->73984K(250880K) Eden: 73728K(73728K)->0K(73728K) From: 66816K(173056K)->73984K(177152K)
[31.064s][info][gc,heap        ] GC(254) ParOldGen: 4667273K(4862464K)->4734441K(4862464K)
[31.064s][info][gc,metaspace   ] GC(254) Metaspace: 6302K(6464K)->6302K(6464K) NonClass: 5768K(5824K)->5768K(5824K) Class: 533K(640K)->533K(640K)
[31.064s][info][gc             ] GC(254) Pause Young (Allocation Failure) 4695M->4695M(4993M) 82.342ms
[31.064s][info][gc,cpu         ] GC(254) User=0.52s Sys=0.00s Real=0.08s
[31.140s][info][gc,start       ] GC(255) Pause Young (Allocation Failure)
[31.224s][info][gc,heap        ] GC(255) PSYoungGen: 147712K(250880K)->74016K(242688K) Eden: 73728K(73728K)->0K(81408K) From: 73984K(177152K)->74016K(161280K)
[31.224s][info][gc,heap        ] GC(255) ParOldGen: 4734441K(4862464K)->4808833K(4862464K)
[31.224s][info][gc,metaspace   ] GC(255) Metaspace: 6302K(6464K)->6302K(6464K) NonClass: 5768K(5824K)->5768K(5824K) Class: 533K(640K)->533K(640K)
[31.224s][info][gc             ] GC(255) Pause Young (Allocation Failure) 4767M->4768M(4985M) 84.764ms
[31.224s][info][gc,cpu         ] GC(255) User=0.53s Sys=0.00s Real=0.09s
[31.224s][info][gc,start       ] GC(256) Pause Full (Ergonomics)
[31.225s][info][gc,phases,start] GC(256) Marking Phase
[32.336s][info][gc,phases      ] GC(256) Marking Phase 1111.400ms
[32.336s][info][gc,phases,start] GC(256) Summary Phase
[32.336s][info][gc,phases      ] GC(256) Summary Phase 0.060ms
[32.336s][info][gc,phases,start] GC(256) Adjust Roots
[32.336s][info][gc,phases      ] GC(256) Adjust Roots 0.163ms
[32.336s][info][gc,phases,start] GC(256) Compaction Phase
[32.741s][info][gc,phases      ] GC(256) Compaction Phase 404.915ms
[32.741s][info][gc,phases,start] GC(256) Post Compact
[32.748s][info][gc,phases      ] GC(256) Post Compact 7.031ms
[32.750s][info][gc,heap        ] GC(256) PSYoungGen: 74016K(242688K)->16474K(247808K) Eden: 0K(81408K)->0K(86528K) From: 74016K(161280K)->16474K(161280K)
[32.750s][info][gc,heap        ] GC(256) ParOldGen: 4808833K(4862464K)->4862213K(5380096K)
[32.750s][info][gc,metaspace   ] GC(256) Metaspace: 6302K(6464K)->6302K(6464K) NonClass: 5768K(5824K)->5768K(5824K) Class: 533K(640K)->533K(640K)
[32.750s][info][gc             ] GC(256) Pause Full (Ergonomics) 4768M->4764M(5496M) 1525.469ms
[32.750s][info][gc,cpu         ] GC(256) User=11.25s Sys=0.08s Real=1.53s
[32.837s][info][gc,start       ] GC(257) Pause Young (Allocation Failure)
[33.111s][info][gc,heap        ] GC(257) PSYoungGen: 103002K(247808K)->86816K(252928K) Eden: 86528K(86528K)->0K(86528K) From: 16474K(161280K)->86816K(166400K)
[33.111s][info][gc,heap        ] GC(257) ParOldGen: 4862213K(5380096K)->4878885K(5380096K)
[33.111s][info][gc,metaspace   ] GC(257) Metaspace: 6302K(6464K)->6302K(6464K) NonClass: 5768K(5824K)->5768K(5824K) Class: 533K(640K)->533K(640K)
[33.111s][info][gc             ] GC(257) Pause Young (Allocation Failure) 4848M->4849M(5501M) 273.904ms
[33.111s][info][gc,cpu         ] GC(257) User=1.72s Sys=0.02s Real=0.27s
[33.211s][info][gc,start       ] GC(258) Pause Young (Allocation Failure)
[33.311s][info][gc,heap        ] GC(258) PSYoungGen: 173344K(252928K)->158720K(228352K) Eden: 86528K(86528K)->0K(69632K) From: 86816K(166400K)->158720K(158720K)
[33.311s][info][gc,heap        ] GC(258) ParOldGen: 4878885K(5380096K)->4893677K(5380096K)
[33.311s][info][gc,metaspace   ] GC(258) Metaspace: 6302K(6464K)->6302K(6464K) NonClass: 5768K(5824K)->5768K(5824K) Class: 533K(640K)->533K(640K)
[33.311s][info][gc             ] GC(258) Pause Young (Allocation Failure) 4933M->4933M(5477M) 100.167ms
[33.311s][info][gc,cpu         ] GC(258) User=0.62s Sys=0.03s Real=0.10s
[33.386s][info][gc,start       ] GC(259) Pause Young (Allocation Failure)
[33.521s][info][gc,heap        ] GC(259) PSYoungGen: 228352K(228352K)->69920K(252928K) Eden: 69632K(69632K)->0K(69632K) From: 158720K(158720K)->69920K(183296K)
[33.521s][info][gc,heap        ] GC(259) ParOldGen: 4893677K(5380096K)->5053525K(5380096K)
[33.521s][info][gc,metaspace   ] GC(259) Metaspace: 6302K(6464K)->6302K(6464K) NonClass: 5768K(5824K)->5768K(5824K) Class: 533K(640K)->533K(640K)
[33.521s][info][gc             ] GC(259) Pause Young (Allocation Failure) 5001M->5003M(5501M) 134.548ms
[33.521s][info][gc,cpu         ] GC(259) User=0.88s Sys=0.12s Real=0.13s
[33.595s][info][gc,start       ] GC(260) Pause Young (Allocation Failure)
[33.679s][info][gc,heap        ] GC(260) PSYoungGen: 139552K(252928K)->139584K(247808K) Eden: 69632K(69632K)->0K(68608K) From: 69920K(183296K)->139584K(179200K)
[33.679s][info][gc,heap        ] GC(260) ParOldGen: 5053525K(5380096K)->5053525K(5380096K)
[33.679s][info][gc,metaspace   ] GC(260) Metaspace: 6302K(6464K)->6302K(6464K) NonClass: 5768K(5824K)->5768K(5824K) Class: 533K(640K)->533K(640K)
[33.679s][info][gc             ] GC(260) Pause Young (Allocation Failure) 5071M->5071M(5496M) 84.218ms
[33.679s][info][gc,cpu         ] GC(260) User=0.53s Sys=0.00s Real=0.08s
[33.756s][info][gc,start       ] GC(261) Pause Young (Allocation Failure)
[33.869s][info][gc,heap        ] GC(261) PSYoungGen: 208192K(247808K)->187392K(256000K) Eden: 68608K(68608K)->0K(68608K) From: 139584K(179200K)->187392K(187392K)
[33.869s][info][gc,heap        ] GC(261) ParOldGen: 5053525K(5380096K)->5074525K(5380096K)
[33.869s][info][gc,metaspace   ] GC(261) Metaspace: 6302K(6464K)->6302K(6464K) NonClass: 5768K(5824K)->5768K(5824K) Class: 533K(640K)->533K(640K)
[33.869s][info][gc             ] GC(261) Pause Young (Allocation Failure) 5138M->5138M(5504M) 113.504ms
[33.869s][info][gc,cpu         ] GC(261) User=0.77s Sys=0.02s Real=0.11s
[33.946s][info][gc,start       ] GC(262) Pause Young (Allocation Failure)
[34.089s][info][gc,heap        ] GC(262) PSYoungGen: 256000K(256000K)->129120K(289280K) Eden: 68608K(68608K)->0K(76800K) From: 187392K(187392K)->129120K(212480K)
[34.089s][info][gc,heap        ] GC(262) ParOldGen: 5074525K(5380096K)->5202589K(5380096K)
[34.089s][info][gc,metaspace   ] GC(262) Metaspace: 6302K(6464K)->6302K(6464K) NonClass: 5768K(5824K)->5768K(5824K) Class: 533K(640K)->533K(640K)
[34.089s][info][gc             ] GC(262) Pause Young (Allocation Failure) 5205M->5206M(5536M) 143.786ms
[34.089s][info][gc,cpu         ] GC(262) User=0.97s Sys=0.03s Real=0.14s
[34.176s][info][gc,start       ] GC(263) Pause Young (Allocation Failure)
[34.293s][info][gc,heap        ] GC(263) PSYoungGen: 205920K(289280K)->145792K(292352K) Eden: 76800K(76800K)->0K(76800K) From: 129120K(212480K)->145792K(215552K)
[34.293s][info][gc,heap        ] GC(263) ParOldGen: 5202589K(5380096K)->5263301K(5380096K)
[34.293s][info][gc,metaspace   ] GC(263) Metaspace: 6302K(6464K)->6302K(6464K) NonClass: 5768K(5824K)->5768K(5824K) Class: 533K(640K)->533K(640K)
[34.293s][info][gc             ] GC(263) Pause Young (Allocation Failure) 5281M->5282M(5539M) 116.607ms
[34.293s][info][gc,cpu         ] GC(263) User=0.86s Sys=0.03s Real=0.12s
[34.293s][info][gc,start       ] GC(264) Pause Full (Ergonomics)
[34.293s][info][gc,phases,start] GC(264) Marking Phase
[35.538s][info][gc,phases      ] GC(264) Marking Phase 1245.022ms
[35.538s][info][gc,phases,start] GC(264) Summary Phase
[35.538s][info][gc,phases      ] GC(264) Summary Phase 0.066ms
[35.538s][info][gc,phases,start] GC(264) Adjust Roots
[35.538s][info][gc,phases      ] GC(264) Adjust Roots 0.163ms
[35.538s][info][gc,phases,start] GC(264) Compaction Phase
[35.971s][info][gc,phases      ] GC(264) Compaction Phase 432.493ms
[35.971s][info][gc,phases,start] GC(264) Post Compact
[35.980s][info][gc,phases      ] GC(264) Post Compact 8.518ms
[35.982s][info][gc,heap        ] GC(264) PSYoungGen: 145792K(292352K)->24764K(292352K) Eden: 0K(76800K)->0K(76800K) From: 145792K(215552K)->24764K(215552K)
[35.982s][info][gc,heap        ] GC(264) ParOldGen: 5263301K(5380096K)->5380039K(5986304K)
[35.982s][info][gc,metaspace   ] GC(264) Metaspace: 6302K(6464K)->6302K(6464K) NonClass: 5768K(5824K)->5768K(5824K) Class: 533K(640K)->533K(640K)
[35.982s][info][gc             ] GC(264) Pause Full (Ergonomics) 5282M->5278M(6131M) 1688.585ms
[35.982s][info][gc,cpu         ] GC(264) User=12.55s Sys=0.05s Real=1.69s
[36.074s][info][gc,start       ] GC(265) Pause Young (Allocation Failure)
[36.362s][info][gc,heap        ] GC(265) PSYoungGen: 101564K(292352K)->92480K(287232K) Eden: 76800K(76800K)->0K(83968K) From: 24764K(215552K)->92480K(203264K)
[36.362s][info][gc,heap        ] GC(265) ParOldGen: 5380039K(5986304K)->5389479K(5986304K)
[36.362s][info][gc,metaspace   ] GC(265) Metaspace: 6302K(6464K)->6302K(6464K) NonClass: 5768K(5824K)->5768K(5824K) Class: 533K(640K)->533K(640K)
[36.362s][info][gc             ] GC(265) Pause Young (Allocation Failure) 5353M->5353M(6126M) 288.147ms
[36.362s][info][gc,cpu         ] GC(265) User=1.80s Sys=0.00s Real=0.29s
[36.460s][info][gc,start       ] GC(266) Pause Young (Allocation Failure)
[36.567s][info][gc,heap        ] GC(266) PSYoungGen: 176448K(287232K)->176640K(295424K) Eden: 83968K(83968K)->0K(83968K) From: 92480K(203264K)->176640K(211456K)
[36.567s][info][gc,heap        ] GC(266) ParOldGen: 5389479K(5986304K)->5389479K(5986304K)
[36.567s][info][gc,metaspace   ] GC(266) Metaspace: 6302K(6464K)->6302K(6464K) NonClass: 5768K(5824K)->5768K(5824K) Class: 533K(640K)->533K(640K)
[36.567s][info][gc             ] GC(266) Pause Young (Allocation Failure) 5435M->5435M(6134M) 107.379ms
[36.567s][info][gc,cpu         ] GC(266) User=0.66s Sys=0.00s Real=0.11s
[36.659s][info][gc,start       ] GC(267) Pause Young (Allocation Failure)
[36.815s][info][gc,heap        ] GC(267) PSYoungGen: 260608K(295424K)->225280K(275456K) Eden: 83968K(83968K)->0K(50176K) From: 176640K(211456K)->225280K(225280K)
[36.815s][info][gc,heap        ] GC(267) ParOldGen: 5389479K(5986304K)->5425111K(5986304K)
[36.815s][info][gc,metaspace   ] GC(267) Metaspace: 6302K(6464K)->6302K(6464K) NonClass: 5768K(5824K)->5768K(5824K) Class: 533K(640K)->533K(640K)
[36.815s][info][gc             ] GC(267) Pause Young (Allocation Failure) 5517M->5517M(6115M) 155.580ms
[36.815s][info][gc,cpu         ] GC(267) User=0.95s Sys=0.12s Real=0.16s
[36.880s][info][gc,start       ] GC(268) Pause Young (Allocation Failure)
[37.031s][info][gc,heap        ] GC(268) PSYoungGen: 275456K(275456K)->193792K(317440K) Eden: 50176K(50176K)->0K(50176K) From: 225280K(225280K)->193792K(267264K)
[37.031s][info][gc,heap        ] GC(268) ParOldGen: 5425111K(5986304K)->5507575K(5986304K)
[37.032s][info][gc,metaspace   ] GC(268) Metaspace: 6302K(6464K)->6302K(6464K) NonClass: 5768K(5824K)->5768K(5824K) Class: 533K(640K)->533K(640K)
[37.032s][info][gc             ] GC(268) Pause Young (Allocation Failure) 5566M->5567M(6156M) 152.024ms
[37.032s][info][gc,cpu         ] GC(268) User=1.16s Sys=0.09s Real=0.15s
[37.091s][info][gc,start       ] GC(269) Pause Young (Allocation Failure)
[37.230s][info][gc,heap        ] GC(269) PSYoungGen: 243968K(317440K)->179808K(331776K) Eden: 50176K(50176K)->0K(55296K) From: 193792K(267264K)->179808K(276480K)
[37.230s][info][gc,heap        ] GC(269) ParOldGen: 5507575K(5986304K)->5572319K(5986304K)
[37.230s][info][gc,metaspace   ] GC(269) Metaspace: 6302K(6464K)->6302K(6464K) NonClass: 5768K(5824K)->5768K(5824K) Class: 533K(640K)->533K(640K)
[37.230s][info][gc             ] GC(269) Pause Young (Allocation Failure) 5616M->5617M(6170M) 139.404ms
[37.230s][info][gc,cpu         ] GC(269) User=0.91s Sys=0.02s Real=0.14s
[38.489s][info][gc,start       ] GC(270) Pause Young (Allocation Failure)
[38.733s][info][gc,heap        ] GC(270) PSYoungGen: 235104K(331776K)->155968K(211456K) Eden: 55296K(55296K)->0K(55296K) From: 179808K(276480K)->155968K(156160K)
[38.733s][info][gc,heap        ] GC(270) ParOldGen: 5834463K(5986304K)->5914215K(5986304K)
[38.733s][info][gc,metaspace   ] GC(270) Metaspace: 6302K(6464K)->6302K(6464K) NonClass: 5768K(5824K)->5768K(5824K) Class: 533K(640K)->533K(640K)
[38.733s][info][gc             ] GC(270) Pause Young (Allocation Failure) 5927M->5927M(6052M) 244.530ms
[38.733s][info][gc,cpu         ] GC(270) User=1.56s Sys=0.00s Real=0.25s
[38.733s][info][gc,start       ] GC(271) Pause Full (Ergonomics)
[38.733s][info][gc,phases,start] GC(271) Marking Phase
[40.040s][info][gc,phases      ] GC(271) Marking Phase 1306.251ms
[40.040s][info][gc,phases,start] GC(271) Summary Phase
[40.040s][info][gc,phases      ] GC(271) Summary Phase 0.110ms
[40.040s][info][gc,phases,start] GC(271) Adjust Roots
[40.040s][info][gc,phases      ] GC(271) Adjust Roots 0.201ms
[40.040s][info][gc,phases,start] GC(271) Compaction Phase
[40.936s][info][gc,phases      ] GC(271) Compaction Phase 896.058ms
[40.936s][info][gc,phases,start] GC(271) Post Compact
[40.946s][info][gc,phases      ] GC(271) Post Compact 9.877ms
[40.948s][info][gc,heap        ] GC(271) PSYoungGen: 155968K(211456K)->0K(329728K) Eden: 0K(55296K)->0K(60928K) From: 155968K(156160K)->0K(268800K)
[40.948s][info][gc,heap        ] GC(271) ParOldGen: 5914215K(5986304K)->5936057K(6581760K)
[40.948s][info][gc,metaspace   ] GC(271) Metaspace: 6302K(6464K)->6302K(6464K) NonClass: 5768K(5824K)->5768K(5824K) Class: 533K(640K)->533K(640K)
[40.948s][info][gc             ] GC(271) Pause Full (Ergonomics) 5927M->5796M(6749M) 2214.671ms
[40.948s][info][gc,cpu         ] GC(271) User=15.44s Sys=0.09s Real=2.21s
[41.014s][info][gc,start       ] GC(272) Pause Young (Allocation Failure)
[41.088s][info][gc,heap        ] GC(272) PSYoungGen: 60928K(329728K)->61152K(329728K) Eden: 60928K(60928K)->0K(60928K) From: 0K(268800K)->61152K(268800K)
[41.088s][info][gc,heap        ] GC(272) ParOldGen: 5936057K(6581760K)->5936057K(6581760K)
[41.088s][info][gc,metaspace   ] GC(272) Metaspace: 6302K(6464K)->6302K(6464K) NonClass: 5768K(5824K)->5768K(5824K) Class: 533K(640K)->533K(640K)
[41.088s][info][gc             ] GC(272) Pause Young (Allocation Failure) 5856M->5856M(6749M) 74.093ms
[41.088s][info][gc,cpu         ] GC(272) User=0.22s Sys=0.00s Real=0.08s
[41.160s][info][gc,start       ] GC(273) Pause Young (Allocation Failure)
[41.259s][info][gc,heap        ] GC(273) PSYoungGen: 122080K(329728K)->122176K(315392K) Eden: 60928K(60928K)->0K(66560K) From: 61152K(268800K)->122176K(248832K)
[41.260s][info][gc,heap        ] GC(273) ParOldGen: 5936057K(6581760K)->5936057K(6581760K)
[41.260s][info][gc,metaspace   ] GC(273) Metaspace: 6302K(6464K)->6302K(6464K) NonClass: 5768K(5824K)->5768K(5824K) Class: 533K(640K)->533K(640K)
[41.260s][info][gc             ] GC(273) Pause Young (Allocation Failure) 5916M->5916M(6735M) 99.302ms
[41.260s][info][gc,cpu         ] GC(273) User=0.34s Sys=0.00s Real=0.10s
[41.326s][info][gc,start       ] GC(274) Pause Young (Allocation Failure)
[41.448s][info][gc,heap        ] GC(274) PSYoungGen: 188736K(315392K)->188832K(326144K) Eden: 66560K(66560K)->0K(66560K) From: 122176K(248832K)->188832K(259584K)
[41.448s][info][gc,heap        ] GC(274) ParOldGen: 5936057K(6581760K)->5936057K(6581760K)
[41.448s][info][gc,metaspace   ] GC(274) Metaspace: 6302K(6464K)->6302K(6464K) NonClass: 5768K(5824K)->5768K(5824K) Class: 533K(640K)->533K(640K)
[41.448s][info][gc             ] GC(274) Pause Young (Allocation Failure) 5981M->5981M(6746M) 121.501ms
[41.448s][info][gc,cpu         ] GC(274) User=0.36s Sys=0.00s Real=0.12s
[41.514s][info][gc,start       ] GC(275) Pause Young (Allocation Failure)
[41.648s][info][gc,heap        ] GC(275) PSYoungGen: 255392K(326144K)->255584K(310784K) Eden: 66560K(66560K)->0K(43520K) From: 188832K(259584K)->255584K(267264K)
[41.648s][info][gc,heap        ] GC(275) ParOldGen: 5936057K(6581760K)->5936057K(6581760K)
[41.648s][info][gc,metaspace   ] GC(275) Metaspace: 6302K(6464K)->6302K(6464K) NonClass: 5768K(5824K)->5768K(5824K) Class: 533K(640K)->533K(640K)
[41.648s][info][gc             ] GC(275) Pause Young (Allocation Failure) 6046M->6046M(6731M) 133.442ms
[41.648s][info][gc,cpu         ] GC(275) User=0.56s Sys=0.00s Real=0.13s
[41.696s][info][gc,start       ] GC(276) Pause Young (Allocation Failure)
[41.841s][info][gc,heap        ] GC(276) PSYoungGen: 299104K(310784K)->296960K(340480K) Eden: 43520K(43520K)->0K(43520K) From: 255584K(267264K)->296960K(296960K)
[41.841s][info][gc,heap        ] GC(276) ParOldGen: 5936057K(6581760K)->5938145K(6581760K)
[41.841s][info][gc,metaspace   ] GC(276) Metaspace: 6302K(6464K)->6302K(6464K) NonClass: 5768K(5824K)->5768K(5824K) Class: 533K(640K)->533K(640K)
[41.841s][info][gc             ] GC(276) Pause Young (Allocation Failure) 6089M->6088M(6760M) 145.199ms
[41.841s][info][gc,cpu         ] GC(276) User=0.56s Sys=0.00s Real=0.14s
[41.888s][info][gc,start       ] GC(277) Pause Young (Allocation Failure)
[42.044s][info][gc,heap        ] GC(277) PSYoungGen: 340480K(340480K)->280192K(360448K) Eden: 43520K(43520K)->0K(23552K) From: 296960K(296960K)->280192K(336896K)
[42.044s][info][gc,heap        ] GC(277) ParOldGen: 5938145K(6581760K)->5998985K(6581760K)
[42.044s][info][gc,metaspace   ] GC(277) Metaspace: 6302K(6464K)->6302K(6464K) NonClass: 5768K(5824K)->5768K(5824K) Class: 533K(640K)->533K(640K)
[42.044s][info][gc             ] GC(277) Pause Young (Allocation Failure) 6131M->6132M(6779M) 155.930ms
[42.044s][info][gc,cpu         ] GC(277) User=0.95s Sys=0.06s Real=0.16s
[42.069s][info][gc,start       ] GC(278) Pause Young (Allocation Failure)
[42.218s][info][gc,heap        ] GC(278) PSYoungGen: 303744K(360448K)->176736K(200704K) Eden: 23552K(23552K)->0K(23552K) From: 280192K(336896K)->176736K(177152K)
[42.218s][info][gc,heap        ] GC(278) ParOldGen: 5998985K(6581760K)->6126929K(6581760K)
[42.218s][info][gc,metaspace   ] GC(278) Metaspace: 6302K(6464K)->6302K(6464K) NonClass: 5768K(5824K)->5768K(5824K) Class: 533K(640K)->533K(640K)
[42.218s][info][gc             ] GC(278) Pause Young (Allocation Failure) 6155M->6155M(6623M) 148.884ms
[42.218s][info][gc,cpu         ] GC(278) User=0.69s Sys=0.05s Real=0.15s
[42.240s][info][gc,start       ] GC(279) Pause Young (Allocation Failure)
[42.360s][info][gc,heap        ] GC(279) PSYoungGen: 200288K(200704K)->90848K(368128K) Eden: 23552K(23552K)->0K(27648K) From: 176736K(177152K)->90848K(340480K)
[42.360s][info][gc,heap        ] GC(279) ParOldGen: 6126929K(6581760K)->6237153K(6581760K)
[42.360s][info][gc,metaspace   ] GC(279) Metaspace: 6302K(6464K)->6302K(6464K) NonClass: 5768K(5824K)->5768K(5824K) Class: 533K(640K)->533K(640K)
[42.360s][info][gc             ] GC(279) Pause Young (Allocation Failure) 6178M->6179M(6787M) 119.962ms
[42.360s][info][gc,cpu         ] GC(279) User=0.41s Sys=0.05s Real=0.12s
[42.391s][info][gc,start       ] GC(280) Pause Young (Allocation Failure)
[42.490s][info][gc,heap        ] GC(280) PSYoungGen: 118496K(368128K)->51360K(369664K) Eden: 27648K(27648K)->0K(27648K) From: 90848K(340480K)->51360K(342016K)
[42.490s][info][gc,heap        ] GC(280) ParOldGen: 6237153K(6581760K)->6304793K(6581760K)
[42.490s][info][gc,metaspace   ] GC(280) Metaspace: 6302K(6464K)->6302K(6464K) NonClass: 5768K(5824K)->5768K(5824K) Class: 533K(640K)->533K(640K)
[42.490s][info][gc             ] GC(280) Pause Young (Allocation Failure) 6206M->6207M(6788M) 98.364ms
[42.490s][info][gc,cpu         ] GC(280) User=0.28s Sys=0.03s Real=0.10s
[42.519s][info][gc,start       ] GC(281) Pause Young (Allocation Failure)
[42.606s][info][gc,heap        ] GC(281) PSYoungGen: 79008K(369664K)->27776K(374272K) Eden: 27648K(27648K)->0K(29184K) From: 51360K(342016K)->27776K(345088K)
[42.606s][info][gc,heap        ] GC(281) ParOldGen: 6304793K(6581760K)->6356417K(6581760K)
[42.606s][info][gc,metaspace   ] GC(281) Metaspace: 6302K(6464K)->6302K(6464K) NonClass: 5768K(5824K)->5768K(5824K) Class: 533K(640K)->533K(640K)
[42.606s][info][gc             ] GC(281) Pause Young (Allocation Failure) 6234M->6234M(6793M) 86.733ms
[42.606s][info][gc,cpu         ] GC(281) User=0.28s Sys=0.02s Real=0.09s
[42.635s][info][gc,start       ] GC(282) Pause Young (Allocation Failure)
[42.709s][info][gc,heap        ] GC(282) PSYoungGen: 56960K(374272K)->29312K(377344K) Eden: 29184K(29184K)->0K(29184K) From: 27776K(345088K)->29312K(348160K)
[42.709s][info][gc,heap        ] GC(282) ParOldGen: 6356417K(6581760K)->6384321K(6581760K)
[42.709s][info][gc,metaspace   ] GC(282) Metaspace: 6302K(6464K)->6302K(6464K) NonClass: 5768K(5824K)->5768K(5824K) Class: 533K(640K)->533K(640K)
[42.709s][info][gc             ] GC(282) Pause Young (Allocation Failure) 6263M->6263M(6796M) 73.690ms
[42.709s][info][gc,cpu         ] GC(282) User=0.19s Sys=0.00s Real=0.07s
[42.738s][info][gc,start       ] GC(283) Pause Young (Allocation Failure)
[42.810s][info][gc,heap        ] GC(283) PSYoungGen: 58496K(377344K)->29376K(373760K) Eden: 29184K(29184K)->0K(33792K) From: 29312K(348160K)->29376K(339968K)
[42.810s][info][gc,heap        ] GC(283) ParOldGen: 6384321K(6581760K)->6413769K(6581760K)
[42.810s][info][gc,metaspace   ] GC(283) Metaspace: 6302K(6464K)->6302K(6464K) NonClass: 5768K(5824K)->5768K(5824K) Class: 533K(640K)->533K(640K)
[42.810s][info][gc             ] GC(283) Pause Young (Allocation Failure) 6291M->6292M(6792M) 72.101ms
[42.810s][info][gc,cpu         ] GC(283) User=0.17s Sys=0.02s Real=0.07s
[42.846s][info][gc,start       ] GC(284) Pause Young (Allocation Failure)
[42.916s][info][gc,heap        ] GC(284) PSYoungGen: 63168K(373760K)->33952K(68096K) Eden: 33792K(33792K)->0K(33792K) From: 29376K(339968K)->33952K(34304K)
[42.916s][info][gc,heap        ] GC(284) ParOldGen: 6413769K(6581760K)->6443209K(6581760K)
[42.916s][info][gc,metaspace   ] GC(284) Metaspace: 6302K(6464K)->6302K(6464K) NonClass: 5768K(5824K)->5768K(5824K) Class: 533K(640K)->533K(640K)
[42.916s][info][gc             ] GC(284) Pause Young (Allocation Failure) 6325M->6325M(6494M) 70.400ms
[42.917s][info][gc,cpu         ] GC(284) User=0.20s Sys=0.00s Real=0.07s
[42.953s][info][gc,start       ] GC(285) Pause Young (Allocation Failure)
[43.034s][info][gc,heap        ] GC(285) PSYoungGen: 67744K(68096K)->33952K(357888K) Eden: 33792K(33792K)->0K(38912K) From: 33952K(34304K)->33952K(318976K)
[43.034s][info][gc,heap        ] GC(285) ParOldGen: 6443209K(6581760K)->6477305K(6581760K)
[43.034s][info][gc,metaspace   ] GC(285) Metaspace: 6302K(6464K)->6302K(6464K) NonClass: 5768K(5824K)->5768K(5824K) Class: 533K(640K)->533K(640K)
[43.034s][info][gc             ] GC(285) Pause Young (Allocation Failure) 6358M->6358M(6777M) 80.609ms
[43.034s][info][gc,cpu         ] GC(285) User=0.17s Sys=0.02s Real=0.08s
[43.034s][info][gc,start       ] GC(286) Pause Full (Ergonomics)
[43.034s][info][gc,phases,start] GC(286) Marking Phase
[44.554s][info][gc,phases      ] GC(286) Marking Phase 1519.911ms
[44.554s][info][gc,phases,start] GC(286) Summary Phase
[44.554s][info][gc,phases      ] GC(286) Summary Phase 0.104ms
[44.554s][info][gc,phases,start] GC(286) Adjust Roots
[44.554s][info][gc,phases      ] GC(286) Adjust Roots 0.168ms
[44.554s][info][gc,phases,start] GC(286) Compaction Phase
[45.131s][info][gc,phases      ] GC(286) Compaction Phase 576.711ms
[45.131s][info][gc,phases,start] GC(286) Post Compact
[45.140s][info][gc,phases      ] GC(286) Post Compact 9.296ms
[45.142s][info][gc,heap        ] GC(286) PSYoungGen: 33952K(357888K)->0K(366592K) Eden: 0K(38912K)->0K(38912K) From: 33952K(318976K)->0K(327680K)
[45.142s][info][gc,heap        ] GC(286) ParOldGen: 6477305K(6581760K)->6505978K(7191040K)
[45.142s][info][gc,metaspace   ] GC(286) Metaspace: 6302K(6464K)->6302K(6464K) NonClass: 5768K(5824K)->5768K(5824K) Class: 533K(640K)->533K(640K)
[45.142s][info][gc             ] GC(286) Pause Full (Ergonomics) 6358M->6353M(7380M) 2108.271ms
[45.142s][info][gc,cpu         ] GC(286) User=15.23s Sys=0.02s Real=2.11s
[45.187s][info][gc,start       ] GC(287) Pause Young (Allocation Failure)
[45.253s][info][gc,heap        ] GC(287) PSYoungGen: 38912K(366592K)->39136K(348160K) Eden: 38912K(38912K)->0K(43520K) From: 0K(327680K)->39136K(304640K)
[45.253s][info][gc,heap        ] GC(287) ParOldGen: 6505978K(7191040K)->6505978K(7191040K)
[45.253s][info][gc,metaspace   ] GC(287) Metaspace: 6302K(6464K)->6302K(6464K) NonClass: 5768K(5824K)->5768K(5824K) Class: 533K(640K)->533K(640K)
[45.253s][info][gc             ] GC(287) Pause Young (Allocation Failure) 6391M->6391M(7362M) 66.571ms
[45.253s][info][gc,cpu         ] GC(287) User=0.16s Sys=0.00s Real=0.07s
[45.300s][info][gc,start       ] GC(288) Pause Young (Allocation Failure)
[45.390s][info][gc,heap        ] GC(288) PSYoungGen: 82656K(348160K)->43680K(87552K) Eden: 43520K(43520K)->0K(43520K) From: 39136K(304640K)->43680K(44032K)
[45.390s][info][gc,heap        ] GC(288) ParOldGen: 6505978K(7191040K)->6545234K(7191040K)
[45.390s][info][gc,metaspace   ] GC(288) Metaspace: 6302K(6464K)->6302K(6464K) NonClass: 5768K(5824K)->5768K(5824K) Class: 533K(640K)->533K(640K)
[45.390s][info][gc             ] GC(288) Pause Young (Allocation Failure) 6434M->6434M(7108M) 89.721ms
[45.390s][info][gc,cpu         ] GC(288) User=0.19s Sys=0.03s Real=0.09s
[45.433s][info][gc,start       ] GC(289) Pause Young (Allocation Failure)
[45.520s][info][gc,heap        ] GC(289) PSYoungGen: 87200K(87552K)->43712K(327680K) Eden: 43520K(43520K)->0K(48640K) From: 43680K(44032K)->43712K(279040K)
[45.520s][info][gc,heap        ] GC(289) ParOldGen: 6545234K(7191040K)->6589138K(7191040K)
[45.520s][info][gc,metaspace   ] GC(289) Metaspace: 6302K(6464K)->6302K(6464K) NonClass: 5768K(5824K)->5768K(5824K) Class: 533K(640K)->533K(640K)
[45.520s][info][gc             ] GC(289) Pause Young (Allocation Failure) 6476M->6477M(7342M) 86.605ms
[45.520s][info][gc,cpu         ] GC(289) User=0.16s Sys=0.03s Real=0.09s
[45.572s][info][gc,start       ] GC(290) Pause Young (Allocation Failure)
[45.667s][info][gc,heap        ] GC(290) PSYoungGen: 92352K(327680K)->48832K(97792K) Eden: 48640K(48640K)->0K(48640K) From: 43712K(279040K)->48832K(49152K)
[45.667s][info][gc,heap        ] GC(290) ParOldGen: 6589138K(7191040K)->6633066K(7191040K)
[45.668s][info][gc,metaspace   ] GC(290) Metaspace: 6302K(6464K)->6302K(6464K) NonClass: 5768K(5824K)->5768K(5824K) Class: 533K(640K)->533K(640K)
[45.668s][info][gc             ] GC(290) Pause Young (Allocation Failure) 6524M->6525M(7118M) 95.913ms
[45.668s][info][gc,cpu         ] GC(290) User=0.19s Sys=0.02s Real=0.10s
[45.726s][info][gc,start       ] GC(291) Pause Young (Allocation Failure)
[45.829s][info][gc,heap        ] GC(291) PSYoungGen: 97472K(97792K)->48864K(306688K) Eden: 48640K(48640K)->0K(54784K) From: 48832K(49152K)->48864K(251904K)
[45.829s][info][gc,heap        ] GC(291) ParOldGen: 6633066K(7191040K)->6682130K(7191040K)
[45.829s][info][gc,metaspace   ] GC(291) Metaspace: 6302K(6464K)->6302K(6464K) NonClass: 5768K(5824K)->5768K(5824K) Class: 533K(640K)->533K(640K)
[45.829s][info][gc             ] GC(291) Pause Young (Allocation Failure) 6572M->6573M(7322M) 103.366ms
[45.829s][info][gc,cpu         ] GC(291) User=0.30s Sys=0.03s Real=0.10s
[45.891s][info][gc,start       ] GC(292) Pause Young (Allocation Failure)
[45.985s][info][gc,heap        ] GC(292) PSYoungGen: 103648K(306688K)->55008K(110080K) Eden: 54784K(54784K)->0K(54784K) From: 48864K(251904K)->55008K(55296K)
[45.986s][info][gc,heap        ] GC(292) ParOldGen: 6682130K(7191040K)->6731202K(7191040K)
[45.986s][info][gc,metaspace   ] GC(292) Metaspace: 6302K(6464K)->6302K(6464K) NonClass: 5768K(5824K)->5768K(5824K) Class: 533K(640K)->533K(640K)
[45.986s][info][gc             ] GC(292) Pause Young (Allocation Failure) 6626M->6627M(7130M) 94.437ms
[45.986s][info][gc,cpu         ] GC(292) User=0.31s Sys=0.03s Real=0.09s
[46.040s][info][gc,start       ] GC(293) Pause Young (Allocation Failure)
[46.140s][info][gc,heap        ] GC(293) PSYoungGen: 109792K(110080K)->55008K(287232K) Eden: 54784K(54784K)->0K(61952K) From: 55008K(55296K)->55008K(225280K)
[46.140s][info][gc,heap        ] GC(293) ParOldGen: 6731202K(7191040K)->6786474K(7191040K)
[46.140s][info][gc,metaspace   ] GC(293) Metaspace: 6302K(6464K)->6302K(6464K) NonClass: 5768K(5824K)->5768K(5824K) Class: 533K(640K)->533K(640K)
[46.140s][info][gc             ] GC(293) Pause Young (Allocation Failure) 6680M->6681M(7303M) 99.418ms
[46.140s][info][gc,cpu         ] GC(293) User=0.20s Sys=0.00s Real=0.10s
[46.205s][info][gc,start       ] GC(294) Pause Young (Allocation Failure)
[46.305s][info][gc,heap        ] GC(294) PSYoungGen: 116960K(287232K)->62144K(124416K) Eden: 61952K(61952K)->0K(61952K) From: 55008K(225280K)->62144K(62464K)
[46.305s][info][gc,heap        ] GC(294) ParOldGen: 6786474K(7191040K)->6841746K(7191040K)
[46.305s][info][gc,metaspace   ] GC(294) Metaspace: 6302K(6464K)->6302K(6464K) NonClass: 5768K(5824K)->5768K(5824K) Class: 533K(640K)->533K(640K)
[46.305s][info][gc             ] GC(294) Pause Young (Allocation Failure) 6741M->6742M(7144M) 99.214ms
[46.305s][info][gc,cpu         ] GC(294) User=0.31s Sys=0.03s Real=0.10s
[46.377s][info][gc,start       ] GC(295) Pause Young (Allocation Failure)
[46.488s][info][gc,heap        ] GC(295) PSYoungGen: 124096K(124416K)->62176K(268800K) Eden: 61952K(61952K)->0K(70144K) From: 62144K(62464K)->62176K(198656K)
[46.488s][info][gc,heap        ] GC(295) ParOldGen: 6841746K(7191040K)->6904258K(7191040K)
[46.488s][info][gc,metaspace   ] GC(295) Metaspace: 6302K(6464K)->6302K(6464K) NonClass: 5768K(5824K)->5768K(5824K) Class: 533K(640K)->533K(640K)
[46.488s][info][gc             ] GC(295) Pause Young (Allocation Failure) 6802M->6803M(7285M) 110.900ms
[46.488s][info][gc,cpu         ] GC(295) User=0.31s Sys=0.00s Real=0.11s
[46.557s][info][gc,start       ] GC(296) Pause Young (Allocation Failure)
[46.661s][info][gc,heap        ] GC(296) PSYoungGen: 132320K(268800K)->70400K(140800K) Eden: 70144K(70144K)->0K(70144K) From: 62176K(198656K)->70400K(70656K)
[46.661s][info][gc,heap        ] GC(296) ParOldGen: 6904258K(7191040K)->6966762K(7191040K)
[46.661s][info][gc,metaspace   ] GC(296) Metaspace: 6302K(6464K)->6302K(6464K) NonClass: 5768K(5824K)->5768K(5824K) Class: 533K(640K)->533K(640K)
[46.661s][info][gc             ] GC(296) Pause Young (Allocation Failure) 6871M->6872M(7160M) 103.741ms
[46.661s][info][gc,cpu         ] GC(296) User=0.34s Sys=0.02s Real=0.10s
[46.731s][info][gc,start       ] GC(297) Pause Young (Allocation Failure)
[46.834s][info][gc,heap        ] GC(297) PSYoungGen: 140544K(140800K)->70400K(252416K) Eden: 70144K(70144K)->0K(78848K) From: 70400K(70656K)->70400K(173568K)
[46.834s][info][gc,heap        ] GC(297) ParOldGen: 6966762K(7191040K)->7037530K(7191040K)
[46.834s][info][gc,metaspace   ] GC(297) Metaspace: 6302K(6464K)->6302K(6464K) NonClass: 5768K(5824K)->5768K(5824K) Class: 533K(640K)->533K(640K)
[46.834s][info][gc             ] GC(297) Pause Young (Allocation Failure) 6940M->6941M(7269M) 102.876ms
[46.834s][info][gc,cpu         ] GC(297) User=0.41s Sys=0.06s Real=0.10s
[46.916s][info][gc,start       ] GC(298) Pause Young (Allocation Failure)
[47.021s][info][gc,heap        ] GC(298) PSYoungGen: 149248K(252416K)->79136K(264704K) Eden: 78848K(78848K)->0K(78848K) From: 70400K(173568K)->79136K(185856K)
[47.021s][info][gc,heap        ] GC(298) ParOldGen: 7037530K(7191040K)->7108314K(7191040K)
[47.021s][info][gc,metaspace   ] GC(298) Metaspace: 6302K(6464K)->6302K(6464K) NonClass: 5768K(5824K)->5768K(5824K) Class: 533K(640K)->533K(640K)
[47.021s][info][gc             ] GC(298) Pause Young (Allocation Failure) 7018M->7018M(7281M) 105.266ms
[47.021s][info][gc,cpu         ] GC(298) User=0.36s Sys=0.02s Real=0.11s
[47.021s][info][gc,start       ] GC(299) Pause Full (Ergonomics)
[47.021s][info][gc,phases,start] GC(299) Marking Phase
[48.634s][info][gc,phases      ] GC(299) Marking Phase 1613.033ms
[48.634s][info][gc,phases,start] GC(299) Summary Phase
[48.635s][info][gc,phases      ] GC(299) Summary Phase 0.137ms
[48.635s][info][gc,phases,start] GC(299) Adjust Roots
[48.635s][info][gc,phases      ] GC(299) Adjust Roots 0.197ms
[48.635s][info][gc,phases,start] GC(299) Compaction Phase
[49.308s][info][gc,phases      ] GC(299) Compaction Phase 672.789ms
[49.308s][info][gc,phases,start] GC(299) Post Compact
[49.318s][info][gc,phases      ] GC(299) Post Compact 10.434ms
[49.320s][info][gc,heap        ] GC(299) PSYoungGen: 79136K(264704K)->0K(265728K) Eden: 0K(78848K)->0K(88576K) From: 79136K(185856K)->0K(177152K)
[49.320s][info][gc,heap        ] GC(299) ParOldGen: 7108314K(7191040K)->7181448K(7905792K)
[49.320s][info][gc,metaspace   ] GC(299) Metaspace: 6302K(6464K)->6302K(6464K) NonClass: 5768K(5824K)->5768K(5824K) Class: 533K(640K)->533K(640K)
[49.320s][info][gc             ] GC(299) Pause Full (Ergonomics) 7018M->7013M(7980M) 2299.097ms
[49.320s][info][gc,cpu         ] GC(299) User=16.67s Sys=0.08s Real=2.30s
[49.408s][info][gc,start       ] GC(300) Pause Young (Allocation Failure)
[49.494s][info][gc,heap        ] GC(300) PSYoungGen: 88576K(265728K)->88832K(265728K) Eden: 88576K(88576K)->0K(88576K) From: 0K(177152K)->88832K(177152K)
[49.494s][info][gc,heap        ] GC(300) ParOldGen: 7181448K(7905792K)->7181448K(7905792K)
[49.494s][info][gc,metaspace   ] GC(300) Metaspace: 6302K(6464K)->6302K(6464K) NonClass: 5768K(5824K)->5768K(5824K) Class: 533K(640K)->533K(640K)
[49.494s][info][gc             ] GC(300) Pause Young (Allocation Failure) 7099M->7099M(7980M) 85.625ms
[49.494s][info][gc,cpu         ] GC(300) User=0.19s Sys=0.00s Real=0.09s
[49.583s][info][gc,start       ] GC(301) Pause Young (Allocation Failure)
[49.697s][info][gc,heap        ] GC(301) PSYoungGen: 177408K(265728K)->172544K(241664K) Eden: 88576K(88576K)->0K(69120K) From: 88832K(177152K)->172544K(172544K)
[49.697s][info][gc,heap        ] GC(301) ParOldGen: 7181448K(7905792K)->7186456K(7905792K)
[49.697s][info][gc,metaspace   ] GC(301) Metaspace: 6302K(6464K)->6302K(6464K) NonClass: 5768K(5824K)->5768K(5824K) Class: 533K(640K)->533K(640K)
[49.697s][info][gc             ] GC(301) Pause Young (Allocation Failure) 7186M->7186M(7956M) 113.928ms
[49.697s][info][gc,cpu         ] GC(301) User=0.36s Sys=0.00s Real=0.11s
[49.779s][info][gc,start       ] GC(302) Pause Young (Allocation Failure)
[49.910s][info][gc,heap        ] GC(302) PSYoungGen: 241664K(241664K)->69344K(138752K) Eden: 69120K(69120K)->0K(69120K) From: 172544K(172544K)->69344K(69632K)
[49.910s][info][gc,heap        ] GC(302) ParOldGen: 7186456K(7905792K)->7360200K(7905792K)
[49.910s][info][gc,metaspace   ] GC(302) Metaspace: 6302K(6464K)->6302K(6464K) NonClass: 5768K(5824K)->5768K(5824K) Class: 533K(640K)->533K(640K)
[49.910s][info][gc             ] GC(302) Pause Young (Allocation Failure) 7254M->7255M(7856M) 131.615ms
[49.910s][info][gc,cpu         ] GC(302) User=0.56s Sys=0.05s Real=0.13s
[49.982s][info][gc,start       ] GC(303) Pause Young (Allocation Failure)
[50.086s][info][gc,heap        ] GC(303) PSYoungGen: 138464K(138752K)->69376K(251904K) Eden: 69120K(69120K)->0K(76800K) From: 69344K(69632K)->69376K(175104K)
[50.086s][info][gc,heap        ] GC(303) ParOldGen: 7360200K(7905792K)->7429944K(7905792K)
[50.086s][info][gc,metaspace   ] GC(303) Metaspace: 6302K(6464K)->6302K(6464K) NonClass: 5768K(5824K)->5768K(5824K) Class: 533K(640K)->533K(640K)
[50.086s][info][gc             ] GC(303) Pause Young (Allocation Failure) 7322M->7323M(7966M) 104.141ms
[50.086s][info][gc,cpu         ] GC(303) User=0.42s Sys=0.02s Real=0.10s
[50.165s][info][gc,start       ] GC(304) Pause Young (Allocation Failure)
[50.275s][info][gc,heap        ] GC(304) PSYoungGen: 146176K(251904K)->77056K(154112K) Eden: 76800K(76800K)->0K(76800K) From: 69376K(175104K)->77056K(77312K)
[50.275s][info][gc,heap        ] GC(304) ParOldGen: 7429944K(7905792K)->7499680K(7905792K)
[50.275s][info][gc,metaspace   ] GC(304) Metaspace: 6302K(6464K)->6302K(6464K) NonClass: 5768K(5824K)->5768K(5824K) Class: 533K(640K)->533K(640K)
[50.275s][info][gc             ] GC(304) Pause Young (Allocation Failure) 7398M->7399M(7871M) 109.901ms
[50.275s][info][gc,cpu         ] GC(304) User=0.36s Sys=0.00s Real=0.11s
[50.362s][info][gc,start       ] GC(305) Pause Young (Allocation Failure)
[50.487s][info][gc,heap        ] GC(305) PSYoungGen: 153856K(154112K)->77088K(243200K) Eden: 76800K(76800K)->0K(85504K) From: 77056K(77312K)->77088K(157696K)
[50.487s][info][gc,heap        ] GC(305) ParOldGen: 7499680K(7905792K)->7577168K(7905792K)
[50.487s][info][gc,metaspace   ] GC(305) Metaspace: 6302K(6464K)->6302K(6464K) NonClass: 5768K(5824K)->5768K(5824K) Class: 533K(640K)->533K(640K)
[50.487s][info][gc             ] GC(305) Pause Young (Allocation Failure) 7474M->7474M(7958M) 124.357ms
[50.487s][info][gc,cpu         ] GC(305) User=0.31s Sys=0.05s Real=0.12s
[50.575s][info][gc,start       ] GC(306) Pause Young (Allocation Failure)
[50.691s][info][gc,heap        ] GC(306) PSYoungGen: 162592K(243200K)->85760K(251392K) Eden: 85504K(85504K)->0K(85504K) From: 77088K(157696K)->85760K(165888K)
[50.691s][info][gc,heap        ] GC(306) ParOldGen: 7577168K(7905792K)->7654672K(7905792K)
[50.691s][info][gc,metaspace   ] GC(306) Metaspace: 6302K(6464K)->6302K(6464K) NonClass: 5768K(5824K)->5768K(5824K) Class: 533K(640K)->533K(640K)
[50.691s][info][gc             ] GC(306) Pause Young (Allocation Failure) 7558M->7559M(7966M) 116.438ms
[50.691s][info][gc,cpu         ] GC(306) User=0.42s Sys=0.02s Real=0.12s
[50.786s][info][gc,start       ] GC(307) Pause Young (Allocation Failure)
[50.903s][info][gc,heap        ] GC(307) PSYoungGen: 171264K(251392K)->85824K(242176K) Eden: 85504K(85504K)->0K(95232K) From: 85760K(165888K)->85824K(146944K)
[50.904s][info][gc,heap        ] GC(307) ParOldGen: 7654672K(7905792K)->7740968K(7905792K)
[50.904s][info][gc,metaspace   ] GC(307) Metaspace: 6302K(6464K)->6302K(6464K) NonClass: 5768K(5824K)->5768K(5824K) Class: 533K(640K)->533K(640K)
[50.904s][info][gc             ] GC(307) Pause Young (Allocation Failure) 7642M->7643M(7957M) 117.425ms
[50.904s][info][gc,cpu         ] GC(307) User=0.47s Sys=0.00s Real=0.12s
[51.012s][info][gc,start       ] GC(308) Pause Young (Allocation Failure)
[51.135s][info][gc,heap        ] GC(308) PSYoungGen: 181056K(242176K)->95552K(248320K) Eden: 95232K(95232K)->0K(95232K) From: 85824K(146944K)->95552K(153088K)
[51.135s][info][gc,heap        ] GC(308) ParOldGen: 7740968K(7905792K)->7827240K(7905792K)
[51.135s][info][gc,metaspace   ] GC(308) Metaspace: 6302K(6464K)->6302K(6464K) NonClass: 5768K(5824K)->5768K(5824K) Class: 533K(640K)->533K(640K)
[51.135s][info][gc             ] GC(308) Pause Young (Allocation Failure) 7736M->7737M(7963M) 123.279ms
[51.135s][info][gc,cpu         ] GC(308) User=0.45s Sys=0.11s Real=0.12s
[51.135s][info][gc,start       ] GC(309) Pause Full (Ergonomics)
[51.136s][info][gc,phases,start] GC(309) Marking Phase
[52.964s][info][gc,phases      ] GC(309) Marking Phase 1828.427ms
[52.964s][info][gc,phases,start] GC(309) Summary Phase
[52.964s][info][gc,phases      ] GC(309) Summary Phase 0.088ms
[52.964s][info][gc,phases,start] GC(309) Adjust Roots
[52.964s][info][gc,phases      ] GC(309) Adjust Roots 0.168ms
[52.964s][info][gc,phases,start] GC(309) Compaction Phase
[53.655s][info][gc,phases      ] GC(309) Compaction Phase 690.322ms
[53.655s][info][gc,phases,start] GC(309) Post Compact
[53.666s][info][gc,phases      ] GC(309) Post Compact 11.511ms
[53.669s][info][gc,heap        ] GC(309) PSYoungGen: 95552K(248320K)->10897K(248320K) Eden: 0K(95232K)->0K(95232K) From: 95552K(153088K)->10897K(153088K)
[53.669s][info][gc,heap        ] GC(309) ParOldGen: 7827240K(7905792K)->7905506K(8731648K)
[53.669s][info][gc,metaspace   ] GC(309) Metaspace: 6302K(6464K)->6302K(6464K) NonClass: 5768K(5824K)->5768K(5824K) Class: 533K(640K)->533K(640K)
[53.669s][info][gc             ] GC(309) Pause Full (Ergonomics) 7737M->7730M(8769M) 2533.358ms
[53.669s][info][gc,cpu         ] GC(309) User=18.69s Sys=0.02s Real=2.53s
[53.769s][info][gc,start       ] GC(310) Pause Young (Allocation Failure)
[54.156s][info][gc,heap        ] GC(310) PSYoungGen: 106129K(248320K)->95552K(249344K) Eden: 95232K(95232K)->0K(104448K) From: 10897K(153088K)->95552K(144896K)
[54.156s][info][gc,heap        ] GC(310) ParOldGen: 7905506K(8731648K)->7916546K(8731648K)
[54.156s][info][gc,metaspace   ] GC(310) Metaspace: 6302K(6464K)->6302K(6464K) NonClass: 5768K(5824K)->5768K(5824K) Class: 533K(640K)->533K(640K)
[54.156s][info][gc             ] GC(310) Pause Young (Allocation Failure) 7823M->7824M(8770M) 387.167ms
[54.156s][info][gc,cpu         ] GC(310) User=2.69s Sys=0.00s Real=0.39s
[54.267s][info][gc,start       ] GC(311) Pause Young (Allocation Failure)
[54.402s][info][gc,heap        ] GC(311) PSYoungGen: 200000K(249344K)->148480K(252928K) Eden: 104448K(104448K)->0K(104448K) From: 95552K(144896K)->148480K(148480K)
[54.402s][info][gc,heap        ] GC(311) ParOldGen: 7916546K(8731648K)->7968490K(8731648K)
[54.402s][info][gc,metaspace   ] GC(311) Metaspace: 6302K(6464K)->6302K(6464K) NonClass: 5768K(5824K)->5768K(5824K) Class: 533K(640K)->533K(640K)
[54.402s][info][gc             ] GC(311) Pause Young (Allocation Failure) 7926M->7926M(8774M) 134.894ms
[54.402s][info][gc,cpu         ] GC(311) User=0.59s Sys=0.00s Real=0.13s
[54.513s][info][gc,start       ] GC(312) Pause Young (Allocation Failure)
[54.666s][info][gc,heap        ] GC(312) PSYoungGen: 252928K(252928K)->104768K(289280K) Eden: 104448K(104448K)->0K(115200K) From: 148480K(148480K)->104768K(174080K)
[54.667s][info][gc,heap        ] GC(312) ParOldGen: 7968490K(8731648K)->8118058K(8731648K)
[54.667s][info][gc,metaspace   ] GC(312) Metaspace: 6302K(6464K)->6302K(6464K) NonClass: 5768K(5824K)->5768K(5824K) Class: 533K(640K)->533K(640K)
[54.667s][info][gc             ] GC(312) Pause Young (Allocation Failure) 8028M->8030M(8809M) 153.891ms
[54.667s][info][gc,cpu         ] GC(312) User=0.89s Sys=0.06s Real=0.15s
[54.794s][info][gc,start       ] GC(313) Pause Young (Allocation Failure)
[54.933s][info][gc,heap        ] GC(313) PSYoungGen: 219968K(289280K)->115552K(294400K) Eden: 115200K(115200K)->0K(115200K) From: 104768K(174080K)->115552K(179200K)
[54.933s][info][gc,heap        ] GC(313) ParOldGen: 8118058K(8731648K)->8223474K(8731648K)
[54.933s][info][gc,metaspace   ] GC(313) Metaspace: 6302K(6464K)->6302K(6464K) NonClass: 5768K(5824K)->5768K(5824K) Class: 533K(640K)->533K(640K)
[54.933s][info][gc             ] GC(313) Pause Young (Allocation Failure) 8142M->8143M(8814M) 138.860ms
[54.933s][info][gc,cpu         ] GC(313) User=0.67s Sys=0.02s Real=0.14s
[55.044s][info][gc,start       ] GC(314) Pause Young (Allocation Failure)
[55.181s][info][gc,heap        ] GC(314) PSYoungGen: 230752K(294400K)->115552K(302080K) Eden: 115200K(115200K)->0K(127488K) From: 115552K(179200K)->115552K(174592K)
[55.181s][info][gc,heap        ] GC(314) ParOldGen: 8223474K(8731648K)->8339738K(8731648K)
[55.181s][info][gc,metaspace   ] GC(314) Metaspace: 6302K(6464K)->6302K(6464K) NonClass: 5768K(5824K)->5768K(5824K) Class: 533K(640K)->533K(640K)
[55.181s][info][gc             ] GC(314) Pause Young (Allocation Failure) 8256M->8257M(8822M) 136.813ms
[55.181s][info][gc,cpu         ] GC(314) User=0.78s Sys=0.03s Real=0.14s
[55.325s][info][gc,start       ] GC(315) Pause Young (Allocation Failure)
[55.490s][info][gc,heap        ] GC(315) PSYoungGen: 243040K(302080K)->127872K(303616K) Eden: 127488K(127488K)->0K(127488K) From: 115552K(174592K)->127872K(176128K)
[55.490s][info][gc,heap        ] GC(315) ParOldGen: 8339738K(8731648K)->8455994K(8731648K)
[55.490s][info][gc,metaspace   ] GC(315) Metaspace: 6302K(6464K)->6302K(6464K) NonClass: 5768K(5824K)->5768K(5824K) Class: 533K(640K)->533K(640K)
[55.490s][info][gc             ] GC(315) Pause Young (Allocation Failure) 8381M->8382M(8823M) 165.347ms
[55.490s][info][gc,cpu         ] GC(315) User=0.55s Sys=0.00s Real=0.17s
[55.615s][info][gc,start       ] GC(316) Pause Young (Allocation Failure)
[55.773s][info][gc,heap        ] GC(316) PSYoungGen: 255360K(303616K)->127872K(317952K) Eden: 127488K(127488K)->0K(139264K) From: 127872K(176128K)->127872K(178688K)
[55.773s][info][gc,heap        ] GC(316) ParOldGen: 8455994K(8731648K)->8584658K(8731648K)
[55.773s][info][gc,metaspace   ] GC(316) Metaspace: 6302K(6464K)->6302K(6464K) NonClass: 5768K(5824K)->5768K(5824K) Class: 533K(640K)->533K(640K)
[55.773s][info][gc             ] GC(316) Pause Young (Allocation Failure) 8507M->8508M(8837M) 157.977ms
[55.773s][info][gc,cpu         ] GC(316) User=0.81s Sys=0.09s Real=0.16s
[55.773s][info][gc,start       ] GC(317) Pause Full (Ergonomics)
[55.773s][info][gc,phases,start] GC(317) Marking Phase
[57.808s][info][gc,phases      ] GC(317) Marking Phase 2035.315ms
[57.809s][info][gc,phases,start] GC(317) Summary Phase
[57.809s][info][gc,phases      ] GC(317) Summary Phase 0.141ms
[57.809s][info][gc,phases,start] GC(317) Adjust Roots
[57.809s][info][gc,phases      ] GC(317) Adjust Roots 0.251ms
[57.809s][info][gc,phases,start] GC(317) Compaction Phase
[58.507s][info][gc,phases      ] GC(317) Compaction Phase 698.494ms
[58.508s][info][gc,phases,start] GC(317) Post Compact
[58.521s][info][gc,phases      ] GC(317) Post Compact 13.062ms
[58.521s][info][gc,heap        ] GC(317) PSYoungGen: 127872K(317952K)->0K(319488K) Eden: 0K(139264K)->0K(139264K) From: 127872K(178688K)->0K(180224K)
[58.521s][info][gc,heap        ] GC(317) ParOldGen: 8584658K(8731648K)->8705683K(8875008K)
[58.521s][info][gc,metaspace   ] GC(317) Metaspace: 6302K(6464K)->6302K(6464K) NonClass: 5768K(5824K)->5768K(5824K) Class: 533K(640K)->533K(640K)
[58.521s][info][gc             ] GC(317) Pause Full (Ergonomics) 8508M->8501M(8979M) 2748.073ms
[58.521s][info][gc,cpu         ] GC(317) User=20.52s Sys=0.08s Real=2.75s
[58.676s][info][gc,start       ] GC(318) Pause Young (Allocation Failure)
[58.786s][info][gc,heap        ] GC(318) PSYoungGen: 139264K(319488K)->139680K(329728K) Eden: 139264K(139264K)->0K(149504K) From: 0K(180224K)->139680K(180224K)
[58.786s][info][gc,heap        ] GC(318) ParOldGen: 8705683K(8875008K)->8705683K(8875008K)
[58.786s][info][gc,metaspace   ] GC(318) Metaspace: 6302K(6464K)->6302K(6464K) NonClass: 5768K(5824K)->5768K(5824K) Class: 533K(640K)->533K(640K)
[58.786s][info][gc             ] GC(318) Pause Young (Allocation Failure) 8637M->8638M(8989M) 109.719ms
[58.786s][info][gc,cpu         ] GC(318) User=0.55s Sys=0.00s Real=0.11s
[58.786s][info][gc,start       ] GC(319) Pause Full (Ergonomics)
[58.786s][info][gc,phases,start] GC(319) Marking Phase
[60.815s][info][gc,phases      ] GC(319) Marking Phase 2028.673ms
[60.815s][info][gc,phases,start] GC(319) Summary Phase
[60.815s][info][gc,phases      ] GC(319) Summary Phase 0.126ms
[60.815s][info][gc,phases,start] GC(319) Adjust Roots
[60.815s][info][gc,phases      ] GC(319) Adjust Roots 0.180ms
[60.815s][info][gc,phases,start] GC(319) Compaction Phase
[61.353s][info][gc,phases      ] GC(319) Compaction Phase 537.722ms
[61.353s][info][gc,phases,start] GC(319) Post Compact
[61.367s][info][gc,phases      ] GC(319) Post Compact 14.122ms
[61.367s][info][gc,heap        ] GC(319) PSYoungGen: 139680K(329728K)->0K(334848K) Eden: 0K(149504K)->0K(149504K) From: 139680K(180224K)->0K(185344K)
[61.367s][info][gc,heap        ] GC(319) ParOldGen: 8705683K(8875008K)->8844911K(8875008K)
[61.367s][info][gc,metaspace   ] GC(319) Metaspace: 6302K(6464K)->6302K(6464K) NonClass: 5768K(5824K)->5768K(5824K) Class: 533K(640K)->533K(640K)
[61.367s][info][gc             ] GC(319) Pause Full (Ergonomics) 8638M->8637M(8994M) 2581.276ms
[61.367s][info][gc,cpu         ] GC(319) User=19.89s Sys=0.05s Real=2.58s
[61.531s][info][gc,start       ] GC(320) Pause Full (Ergonomics)
[61.531s][info][gc,phases,start] GC(320) Marking Phase
[63.567s][info][gc,phases      ] GC(320) Marking Phase 2036.484ms
[63.567s][info][gc,phases,start] GC(320) Summary Phase
[63.568s][info][gc,phases      ] GC(320) Summary Phase 0.085ms
[63.568s][info][gc,phases,start] GC(320) Adjust Roots
[63.568s][info][gc,phases      ] GC(320) Adjust Roots 0.189ms
[63.568s][info][gc,phases,start] GC(320) Compaction Phase
[64.135s][info][gc,phases      ] GC(320) Compaction Phase 567.370ms
[64.135s][info][gc,phases,start] GC(320) Post Compact
[64.148s][info][gc,phases      ] GC(320) Post Compact 13.114ms
[64.148s][info][gc,heap        ] GC(320) PSYoungGen: 149504K(334848K)->119781K(334848K) Eden: 149504K(149504K)->119781K(149504K) From: 0K(185344K)->0K(185344K)
[64.148s][info][gc,heap        ] GC(320) ParOldGen: 8844911K(8875008K)->8874602K(8875008K)
[64.148s][info][gc,metaspace   ] GC(320) Metaspace: 6302K(6464K)->6302K(6464K) NonClass: 5768K(5824K)->5768K(5824K) Class: 533K(640K)->533K(640K)
[64.148s][info][gc             ] GC(320) Pause Full (Ergonomics) 8783M->8783M(8994M) 2617.604ms
[64.148s][info][gc,cpu         ] GC(320) User=19.75s Sys=0.00s Real=2.62s
[64.185s][info][gc,start       ] GC(321) Pause Full (Ergonomics)
[64.186s][info][gc,phases,start] GC(321) Marking Phase
[66.213s][info][gc,phases      ] GC(321) Marking Phase 2027.770ms
[66.213s][info][gc,phases,start] GC(321) Summary Phase
[66.213s][info][gc,phases      ] GC(321) Summary Phase 0.086ms
[66.213s][info][gc,phases,start] GC(321) Adjust Roots
[66.214s][info][gc,phases      ] GC(321) Adjust Roots 0.170ms
[66.214s][info][gc,phases,start] GC(321) Compaction Phase
[66.770s][info][gc,phases      ] GC(321) Compaction Phase 556.139ms
[66.770s][info][gc,phases,start] GC(321) Post Compact
[66.783s][info][gc,phases      ] GC(321) Post Compact 13.111ms
[66.783s][info][gc,heap        ] GC(321) PSYoungGen: 149504K(334848K)->149497K(334848K) Eden: 149504K(149504K)->149497K(149504K) From: 0K(185344K)->0K(185344K)
[66.783s][info][gc,heap        ] GC(321) ParOldGen: 8874602K(8875008K)->8874602K(8875008K)
[66.783s][info][gc,metaspace   ] GC(321) Metaspace: 6302K(6464K)->6302K(6464K) NonClass: 5768K(5824K)->5768K(5824K) Class: 533K(640K)->533K(640K)
[66.783s][info][gc             ] GC(321) Pause Full (Ergonomics) 8812M->8812M(8994M) 2597.631ms
[66.783s][info][gc,cpu         ] GC(321) User=19.64s Sys=0.00s Real=2.60s
[66.783s][info][gc,start       ] GC(322) Pause Full (Ergonomics)
[66.783s][info][gc,phases,start] GC(322) Marking Phase
[68.790s][info][gc,phases      ] GC(322) Marking Phase 2006.747ms
[68.790s][info][gc,phases,start] GC(322) Summary Phase
[68.790s][info][gc,phases      ] GC(322) Summary Phase 0.085ms
[68.790s][info][gc,phases,start] GC(322) Adjust Roots
[68.790s][info][gc,phases      ] GC(322) Adjust Roots 0.169ms
[68.790s][info][gc,phases,start] GC(322) Compaction Phase
[69.339s][info][gc,phases      ] GC(322) Compaction Phase 549.083ms
[69.340s][info][gc,phases,start] GC(322) Post Compact
[69.353s][info][gc,phases      ] GC(322) Post Compact 13.481ms
[69.353s][info][gc,heap        ] GC(322) PSYoungGen: 149504K(334848K)->149503K(334848K) Eden: 149504K(149504K)->149503K(149504K) From: 0K(185344K)->0K(185344K)
[69.353s][info][gc,heap        ] GC(322) ParOldGen: 8874602K(8875008K)->8874602K(8875008K)
[69.353s][info][gc,metaspace   ] GC(322) Metaspace: 6302K(6464K)->6302K(6464K) NonClass: 5768K(5824K)->5768K(5824K) Class: 533K(640K)->533K(640K)
[69.353s][info][gc             ] GC(322) Pause Full (Ergonomics) 8812M->8812M(8994M) 2569.906ms
[69.353s][info][gc,cpu         ] GC(322) User=19.67s Sys=0.00s Real=2.57s
[69.353s][info][gc,start       ] GC(323) Pause Full (Ergonomics)
[69.353s][info][gc,phases,start] GC(323) Marking Phase
[71.380s][info][gc,phases      ] GC(323) Marking Phase 2026.965ms
[71.380s][info][gc,phases,start] GC(323) Summary Phase
[71.380s][info][gc,phases      ] GC(323) Summary Phase 0.084ms
[71.380s][info][gc,phases,start] GC(323) Adjust Roots
[71.381s][info][gc,phases      ] GC(323) Adjust Roots 0.167ms
[71.381s][info][gc,phases,start] GC(323) Compaction Phase
[71.918s][info][gc,phases      ] GC(323) Compaction Phase 537.400ms
[71.918s][info][gc,phases,start] GC(323) Post Compact
[71.931s][info][gc,phases      ] GC(323) Post Compact 13.208ms
[71.931s][info][gc,heap        ] GC(323) PSYoungGen: 149503K(334848K)->149503K(334848K) Eden: 149503K(149504K)->149503K(149504K) From: 0K(185344K)->0K(185344K)
[71.931s][info][gc,heap        ] GC(323) ParOldGen: 8874602K(8875008K)->8874602K(8875008K)
[71.931s][info][gc,metaspace   ] GC(323) Metaspace: 6302K(6464K)->6302K(6464K) NonClass: 5768K(5824K)->5768K(5824K) Class: 533K(640K)->533K(640K)
[71.932s][info][gc             ] GC(323) Pause Full (Ergonomics) 8812M->8812M(8994M) 2578.166ms
[71.932s][info][gc,cpu         ] GC(323) User=19.66s Sys=0.00s Real=2.58s
[71.932s][info][gc,start       ] GC(324) Pause Full (Ergonomics)
[71.932s][info][gc,phases,start] GC(324) Marking Phase
[73.922s][info][gc,phases      ] GC(324) Marking Phase 1990.017ms
[73.922s][info][gc,phases,start] GC(324) Summary Phase
[73.922s][info][gc,phases      ] GC(324) Summary Phase 0.131ms
[73.922s][info][gc,phases,start] GC(324) Adjust Roots
[73.922s][info][gc,phases      ] GC(324) Adjust Roots 0.233ms
[73.922s][info][gc,phases,start] GC(324) Compaction Phase
[74.471s][info][gc,phases      ] GC(324) Compaction Phase 548.496ms
[74.471s][info][gc,phases,start] GC(324) Post Compact
[74.484s][info][gc,phases      ] GC(324) Post Compact 12.988ms
[74.484s][info][gc,heap        ] GC(324) PSYoungGen: 149504K(334848K)->149504K(334848K) Eden: 149504K(149504K)->149504K(149504K) From: 0K(185344K)->0K(185344K)
[74.484s][info][gc,heap        ] GC(324) ParOldGen: 8874607K(8875008K)->8874607K(8875008K)
[74.484s][info][gc,metaspace   ] GC(324) Metaspace: 6302K(6464K)->6302K(6464K) NonClass: 5768K(5824K)->5768K(5824K) Class: 533K(640K)->533K(640K)
[74.484s][info][gc             ] GC(324) Pause Full (Ergonomics) 8812M->8812M(8994M) 2552.257ms
[74.484s][info][gc,cpu         ] GC(324) User=19.47s Sys=0.00s Real=2.55s
[74.484s][info][gc,start       ] GC(325) Pause Full (Ergonomics)
[74.484s][info][gc,phases,start] GC(325) Marking Phase
[76.520s][info][gc,phases      ] GC(325) Marking Phase 2035.550ms
[76.520s][info][gc,phases,start] GC(325) Summary Phase
[76.520s][info][gc,phases      ] GC(325) Summary Phase 0.090ms
[76.520s][info][gc,phases,start] GC(325) Adjust Roots
[76.520s][info][gc,phases      ] GC(325) Adjust Roots 0.214ms
[76.520s][info][gc,phases,start] GC(325) Compaction Phase
[77.066s][info][gc,phases      ] GC(325) Compaction Phase 546.205ms
[77.066s][info][gc,phases,start] GC(325) Post Compact
[77.080s][info][gc,phases      ] GC(325) Post Compact 13.025ms
[77.080s][info][gc,heap        ] GC(325) PSYoungGen: 149504K(334848K)->149504K(334848K) Eden: 149504K(149504K)->149504K(149504K) From: 0K(185344K)->0K(185344K)
[77.080s][info][gc,heap        ] GC(325) ParOldGen: 8874611K(8875008K)->8874611K(8875008K)
[77.080s][info][gc,metaspace   ] GC(325) Metaspace: 6302K(6464K)->6302K(6464K) NonClass: 5768K(5824K)->5768K(5824K) Class: 533K(640K)->533K(640K)
[77.080s][info][gc             ] GC(325) Pause Full (Ergonomics) 8812M->8812M(8994M) 2595.431ms
[77.080s][info][gc,cpu         ] GC(325) User=19.75s Sys=0.00s Real=2.60s
[77.080s][info][gc,start       ] GC(326) Pause Full (Ergonomics)
[77.080s][info][gc,phases,start] GC(326) Marking Phase
[79.090s][info][gc,phases      ] GC(326) Marking Phase 2010.384ms
[79.090s][info][gc,phases,start] GC(326) Summary Phase
[79.090s][info][gc,phases      ] GC(326) Summary Phase 0.090ms
[79.090s][info][gc,phases,start] GC(326) Adjust Roots
[79.091s][info][gc,phases      ] GC(326) Adjust Roots 0.171ms
[79.091s][info][gc,phases,start] GC(326) Compaction Phase
[79.631s][info][gc,phases      ] GC(326) Compaction Phase 540.268ms
[79.631s][info][gc,phases,start] GC(326) Post Compact
[79.644s][info][gc,phases      ] GC(326) Post Compact 13.111ms
[79.644s][info][gc,heap        ] GC(326) PSYoungGen: 149504K(334848K)->149504K(334848K) Eden: 149504K(149504K)->149504K(149504K) From: 0K(185344K)->0K(185344K)
[79.644s][info][gc,heap        ] GC(326) ParOldGen: 8874616K(8875008K)->8874616K(8875008K)
[79.644s][info][gc,metaspace   ] GC(326) Metaspace: 6302K(6464K)->6302K(6464K) NonClass: 5768K(5824K)->5768K(5824K) Class: 533K(640K)->533K(640K)
[79.644s][info][gc             ] GC(326) Pause Full (Ergonomics) 8812M->8812M(8994M) 2564.369ms
[79.644s][info][gc,cpu         ] GC(326) User=19.58s Sys=0.00s Real=2.57s
[79.644s][info][gc,start       ] GC(327) Pause Full (Ergonomics)
[79.644s][info][gc,phases,start] GC(327) Marking Phase
[81.685s][info][gc,phases      ] GC(327) Marking Phase 2040.624ms
[81.685s][info][gc,phases,start] GC(327) Summary Phase
[81.685s][info][gc,phases      ] GC(327) Summary Phase 0.084ms
[81.685s][info][gc,phases,start] GC(327) Adjust Roots
[81.685s][info][gc,phases      ] GC(327) Adjust Roots 0.165ms
[81.685s][info][gc,phases,start] GC(327) Compaction Phase
[82.225s][info][gc,phases      ] GC(327) Compaction Phase 539.635ms
[82.225s][info][gc,phases,start] GC(327) Post Compact
[82.238s][info][gc,phases      ] GC(327) Post Compact 13.187ms
[82.238s][info][gc,heap        ] GC(327) PSYoungGen: 149504K(334848K)->149504K(334848K) Eden: 149504K(149504K)->149504K(149504K) From: 0K(185344K)->0K(185344K)
[82.238s][info][gc,heap        ] GC(327) ParOldGen: 8874621K(8875008K)->8874621K(8875008K)
[82.238s][info][gc,metaspace   ] GC(327) Metaspace: 6302K(6464K)->6302K(6464K) NonClass: 5768K(5824K)->5768K(5824K) Class: 533K(640K)->533K(640K)
[82.238s][info][gc             ] GC(327) Pause Full (Ergonomics) 8812M->8812M(8994M) 2594.031ms
[82.238s][info][gc,cpu         ] GC(327) User=19.94s Sys=0.02s Real=2.59s
[82.239s][info][gc,start       ] GC(328) Pause Full (Ergonomics)
[82.239s][info][gc,phases,start] GC(328) Marking Phase
[84.262s][info][gc,phases      ] GC(328) Marking Phase 2023.519ms
[84.262s][info][gc,phases,start] GC(328) Summary Phase
[84.262s][info][gc,phases      ] GC(328) Summary Phase 0.086ms
[84.262s][info][gc,phases,start] GC(328) Adjust Roots
[84.263s][info][gc,phases      ] GC(328) Adjust Roots 0.165ms
[84.263s][info][gc,phases,start] GC(328) Compaction Phase
[84.816s][info][gc,phases      ] GC(328) Compaction Phase 552.981ms
[84.816s][info][gc,phases,start] GC(328) Post Compact
[84.829s][info][gc,phases      ] GC(328) Post Compact 13.595ms
[84.829s][info][gc,heap        ] GC(328) PSYoungGen: 149504K(334848K)->149504K(334848K) Eden: 149504K(149504K)->149504K(149504K) From: 0K(185344K)->0K(185344K)
[84.829s][info][gc,heap        ] GC(328) ParOldGen: 8874626K(8875008K)->8874626K(8875008K)
[84.829s][info][gc,metaspace   ] GC(328) Metaspace: 6302K(6464K)->6302K(6464K) NonClass: 5768K(5824K)->5768K(5824K) Class: 533K(640K)->533K(640K)
[84.829s][info][gc             ] GC(328) Pause Full (Ergonomics) 8812M->8812M(8994M) 2590.707ms
[84.829s][info][gc,cpu         ] GC(328) User=19.67s Sys=0.00s Real=2.59s
[84.830s][info][gc,start       ] GC(329) Pause Full (Ergonomics)
[84.830s][info][gc,phases,start] GC(329) Marking Phase
[86.815s][info][gc,phases      ] GC(329) Marking Phase 1985.050ms
[86.815s][info][gc,phases,start] GC(329) Summary Phase
[86.815s][info][gc,phases      ] GC(329) Summary Phase 0.086ms
[86.815s][info][gc,phases,start] GC(329) Adjust Roots
[86.815s][info][gc,phases      ] GC(329) Adjust Roots 0.186ms
[86.815s][info][gc,phases,start] GC(329) Compaction Phase
[87.358s][info][gc,phases      ] GC(329) Compaction Phase 543.011ms
[87.358s][info][gc,phases,start] GC(329) Post Compact
[87.371s][info][gc,phases      ] GC(329) Post Compact 13.013ms
[87.371s][info][gc,heap        ] GC(329) PSYoungGen: 149504K(334848K)->149504K(334848K) Eden: 149504K(149504K)->149504K(149504K) From: 0K(185344K)->0K(185344K)
[87.371s][info][gc,heap        ] GC(329) ParOldGen: 8874631K(8875008K)->8874631K(8875008K)
[87.371s][info][gc,metaspace   ] GC(329) Metaspace: 6302K(6464K)->6302K(6464K) NonClass: 5768K(5824K)->5768K(5824K) Class: 533K(640K)->533K(640K)
[87.371s][info][gc             ] GC(329) Pause Full (Ergonomics) 8812M->8812M(8994M) 2541.693ms
[87.371s][info][gc,cpu         ] GC(329) User=19.33s Sys=0.00s Real=2.54s
[87.372s][info][gc,start       ] GC(330) Pause Full (Ergonomics)
[87.372s][info][gc,phases,start] GC(330) Marking Phase
[89.394s][info][gc,phases      ] GC(330) Marking Phase 2022.057ms
[89.394s][info][gc,phases,start] GC(330) Summary Phase
[89.394s][info][gc,phases      ] GC(330) Summary Phase 0.088ms
[89.394s][info][gc,phases,start] GC(330) Adjust Roots
[89.394s][info][gc,phases      ] GC(330) Adjust Roots 0.209ms
[89.394s][info][gc,phases,start] GC(330) Compaction Phase
[89.940s][info][gc,phases      ] GC(330) Compaction Phase 546.341ms
[89.940s][info][gc,phases,start] GC(330) Post Compact
[89.953s][info][gc,phases      ] GC(330) Post Compact 13.027ms
[89.954s][info][gc,heap        ] GC(330) PSYoungGen: 149504K(334848K)->149504K(334848K) Eden: 149504K(149504K)->149504K(149504K) From: 0K(185344K)->0K(185344K)
[89.954s][info][gc,heap        ] GC(330) ParOldGen: 8874636K(8875008K)->8874636K(8875008K)
[89.954s][info][gc,metaspace   ] GC(330) Metaspace: 6302K(6464K)->6302K(6464K) NonClass: 5768K(5824K)->5768K(5824K) Class: 533K(640K)->533K(640K)
[89.954s][info][gc             ] GC(330) Pause Full (Ergonomics) 8812M->8812M(8994M) 2582.077ms
[89.954s][info][gc,cpu         ] GC(330) User=19.70s Sys=0.00s Real=2.58s
[89.954s][info][gc,start       ] GC(331) Pause Full (Ergonomics)
[89.954s][info][gc,phases,start] GC(331) Marking Phase
[91.978s][info][gc,phases      ] GC(331) Marking Phase 2023.811ms
[91.978s][info][gc,phases,start] GC(331) Summary Phase
[91.978s][info][gc,phases      ] GC(331) Summary Phase 0.086ms
[91.978s][info][gc,phases,start] GC(331) Adjust Roots
[91.978s][info][gc,phases      ] GC(331) Adjust Roots 0.168ms
[91.978s][info][gc,phases,start] GC(331) Compaction Phase
[92.524s][info][gc,phases      ] GC(331) Compaction Phase 545.795ms
[92.524s][info][gc,phases,start] GC(331) Post Compact
[92.537s][info][gc,phases      ] GC(331) Post Compact 13.038ms
[92.537s][info][gc,heap        ] GC(331) PSYoungGen: 149504K(334848K)->149504K(334848K) Eden: 149504K(149504K)->149504K(149504K) From: 0K(185344K)->0K(185344K)
[92.537s][info][gc,heap        ] GC(331) ParOldGen: 8874640K(8875008K)->8874640K(8875008K)
[92.537s][info][gc,metaspace   ] GC(331) Metaspace: 6302K(6464K)->6302K(6464K) NonClass: 5768K(5824K)->5768K(5824K) Class: 533K(640K)->533K(640K)
[92.537s][info][gc             ] GC(331) Pause Full (Ergonomics) 8812M->8812M(8994M) 2583.242ms
[92.537s][info][gc,cpu         ] GC(331) User=19.83s Sys=0.02s Real=2.58s
[92.537s][info][gc,start       ] GC(332) Pause Full (Ergonomics)
[92.537s][info][gc,phases,start] GC(332) Marking Phase
[94.563s][info][gc,phases      ] GC(332) Marking Phase 2025.882ms
[94.563s][info][gc,phases,start] GC(332) Summary Phase
[94.563s][info][gc,phases      ] GC(332) Summary Phase 0.085ms
[94.563s][info][gc,phases,start] GC(332) Adjust Roots
[94.563s][info][gc,phases      ] GC(332) Adjust Roots 0.165ms
[94.564s][info][gc,phases,start] GC(332) Compaction Phase
[95.110s][info][gc,phases      ] GC(332) Compaction Phase 546.857ms
[95.110s][info][gc,phases,start] GC(332) Post Compact
[95.124s][info][gc,phases      ] GC(332) Post Compact 13.115ms
[95.124s][info][gc,heap        ] GC(332) PSYoungGen: 149504K(334848K)->149504K(334848K) Eden: 149504K(149504K)->149504K(149504K) From: 0K(185344K)->0K(185344K)
[95.124s][info][gc,heap        ] GC(332) ParOldGen: 8874645K(8875008K)->8874645K(8875008K)
[95.124s][info][gc,metaspace   ] GC(332) Metaspace: 6302K(6464K)->6302K(6464K) NonClass: 5768K(5824K)->5768K(5824K) Class: 533K(640K)->533K(640K)
[95.124s][info][gc             ] GC(332) Pause Full (Ergonomics) 8812M->8812M(8994M) 2586.473ms
[95.124s][info][gc,cpu         ] GC(332) User=19.73s Sys=0.00s Real=2.59s
[95.124s][info][gc,start       ] GC(333) Pause Full (Ergonomics)
[95.124s][info][gc,phases,start] GC(333) Marking Phase
[97.133s][info][gc,phases      ] GC(333) Marking Phase 2008.673ms
[97.133s][info][gc,phases,start] GC(333) Summary Phase
[97.133s][info][gc,phases      ] GC(333) Summary Phase 0.089ms
[97.133s][info][gc,phases,start] GC(333) Adjust Roots
[97.133s][info][gc,phases      ] GC(333) Adjust Roots 0.165ms
[97.133s][info][gc,phases,start] GC(333) Compaction Phase
[97.681s][info][gc,phases      ] GC(333) Compaction Phase 548.053ms
[97.681s][info][gc,phases,start] GC(333) Post Compact
[97.694s][info][gc,phases      ] GC(333) Post Compact 13.028ms
[97.694s][info][gc,heap        ] GC(333) PSYoungGen: 149504K(334848K)->149504K(334848K) Eden: 149504K(149504K)->149504K(149504K) From: 0K(185344K)->0K(185344K)
[97.694s][info][gc,heap        ] GC(333) ParOldGen: 8874650K(8875008K)->8874650K(8875008K)
[97.694s][info][gc,metaspace   ] GC(333) Metaspace: 6302K(6464K)->6302K(6464K) NonClass: 5768K(5824K)->5768K(5824K) Class: 533K(640K)->533K(640K)
[97.694s][info][gc             ] GC(333) Pause Full (Ergonomics) 8812M->8812M(8994M) 2570.404ms
[97.694s][info][gc,cpu         ] GC(333) User=19.53s Sys=0.00s Real=2.57s
[97.695s][info][gc,start       ] GC(334) Pause Full (Ergonomics)
[97.695s][info][gc,phases,start] GC(334) Marking Phase
[99.721s][info][gc,phases      ] GC(334) Marking Phase 2026.369ms
[99.721s][info][gc,phases,start] GC(334) Summary Phase
[99.721s][info][gc,phases      ] GC(334) Summary Phase 0.127ms
[99.721s][info][gc,phases,start] GC(334) Adjust Roots
[99.721s][info][gc,phases      ] GC(334) Adjust Roots 0.251ms
[99.721s][info][gc,phases,start] GC(334) Compaction Phase
[100.264s][info][gc,phases      ] GC(334) Compaction Phase 542.141ms
[100.264s][info][gc,phases,start] GC(334) Post Compact
[100.277s][info][gc,phases      ] GC(334) Post Compact 13.034ms
[100.277s][info][gc,heap        ] GC(334) PSYoungGen: 149504K(334848K)->149504K(334848K) Eden: 149504K(149504K)->149504K(149504K) From: 0K(185344K)->0K(185344K)
[100.277s][info][gc,heap        ] GC(334) ParOldGen: 8874655K(8875008K)->8874655K(8875008K)
[100.277s][info][gc,metaspace   ] GC(334) Metaspace: 6302K(6464K)->6302K(6464K) NonClass: 5768K(5824K)->5768K(5824K) Class: 533K(640K)->533K(640K)
[100.277s][info][gc             ] GC(334) Pause Full (Ergonomics) 8812M->8812M(8994M) 2582.299ms
[100.277s][info][gc,cpu         ] GC(334) User=19.56s Sys=0.00s Real=2.58s
[100.277s][info][gc,start       ] GC(335) Pause Full (Ergonomics)
[100.277s][info][gc,phases,start] GC(335) Marking Phase
[102.304s][info][gc,phases      ] GC(335) Marking Phase 2026.813ms
[102.304s][info][gc,phases,start] GC(335) Summary Phase
[102.304s][info][gc,phases      ] GC(335) Summary Phase 0.115ms
[102.304s][info][gc,phases,start] GC(335) Adjust Roots
[102.304s][info][gc,phases      ] GC(335) Adjust Roots 0.178ms
[102.304s][info][gc,phases,start] GC(335) Compaction Phase
[102.844s][info][gc,phases      ] GC(335) Compaction Phase 539.846ms
[102.844s][info][gc,phases,start] GC(335) Post Compact
[102.857s][info][gc,phases      ] GC(335) Post Compact 13.288ms
[102.858s][info][gc,heap        ] GC(335) PSYoungGen: 149504K(334848K)->149504K(334848K) Eden: 149504K(149504K)->149504K(149504K) From: 0K(185344K)->0K(185344K)
[102.858s][info][gc,heap        ] GC(335) ParOldGen: 8874660K(8875008K)->8874660K(8875008K)
[102.858s][info][gc,metaspace   ] GC(335) Metaspace: 6302K(6464K)->6302K(6464K) NonClass: 5768K(5824K)->5768K(5824K) Class: 533K(640K)->533K(640K)
[102.858s][info][gc             ] GC(335) Pause Full (Ergonomics) 8812M->8812M(8994M) 2580.591ms
[102.858s][info][gc,cpu         ] GC(335) User=19.61s Sys=0.00s Real=2.58s
[102.858s][info][gc,start       ] GC(336) Pause Full (Ergonomics)
[102.858s][info][gc,phases,start] GC(336) Marking Phase
[104.860s][info][gc,phases      ] GC(336) Marking Phase 2001.650ms
[104.860s][info][gc,phases,start] GC(336) Summary Phase
[104.860s][info][gc,phases      ] GC(336) Summary Phase 0.097ms
[104.860s][info][gc,phases,start] GC(336) Adjust Roots
[104.860s][info][gc,phases      ] GC(336) Adjust Roots 0.197ms
[104.860s][info][gc,phases,start] GC(336) Compaction Phase
[105.404s][info][gc,phases      ] GC(336) Compaction Phase 544.119ms
[105.404s][info][gc,phases,start] GC(336) Post Compact
[105.417s][info][gc,phases      ] GC(336) Post Compact 13.117ms
[105.417s][info][gc,heap        ] GC(336) PSYoungGen: 149504K(334848K)->149504K(334848K) Eden: 149504K(149504K)->149504K(149504K) From: 0K(185344K)->0K(185344K)
[105.417s][info][gc,heap        ] GC(336) ParOldGen: 8874665K(8875008K)->8874665K(8875008K)
[105.417s][info][gc,metaspace   ] GC(336) Metaspace: 6302K(6464K)->6302K(6464K) NonClass: 5768K(5824K)->5768K(5824K) Class: 533K(640K)->533K(640K)
[105.417s][info][gc             ] GC(336) Pause Full (Ergonomics) 8812M->8812M(8994M) 2559.512ms
[105.417s][info][gc,cpu         ] GC(336) User=19.38s Sys=0.00s Real=2.56s
[105.418s][info][gc,start       ] GC(337) Pause Full (Ergonomics)
[105.418s][info][gc,phases,start] GC(337) Marking Phase
[107.443s][info][gc,phases      ] GC(337) Marking Phase 2025.677ms
[107.443s][info][gc,phases,start] GC(337) Summary Phase
[107.443s][info][gc,phases      ] GC(337) Summary Phase 0.086ms
[107.443s][info][gc,phases,start] GC(337) Adjust Roots
[107.444s][info][gc,phases      ] GC(337) Adjust Roots 0.168ms
[107.444s][info][gc,phases,start] GC(337) Compaction Phase
[107.992s][info][gc,phases      ] GC(337) Compaction Phase 548.808ms
[107.992s][info][gc,phases,start] GC(337) Post Compact
[108.006s][info][gc,phases      ] GC(337) Post Compact 13.533ms
[108.006s][info][gc,heap        ] GC(337) PSYoungGen: 149504K(334848K)->149504K(334848K) Eden: 149504K(149504K)->149504K(149504K) From: 0K(185344K)->0K(185344K)
[108.006s][info][gc,heap        ] GC(337) ParOldGen: 8874669K(8875008K)->8874669K(8875008K)
[108.006s][info][gc,metaspace   ] GC(337) Metaspace: 6302K(6464K)->6302K(6464K) NonClass: 5768K(5824K)->5768K(5824K) Class: 533K(640K)->533K(640K)
[108.006s][info][gc             ] GC(337) Pause Full (Ergonomics) 8812M->8812M(8994M) 2588.603ms
[108.006s][info][gc,cpu         ] GC(337) User=19.66s Sys=0.00s Real=2.59s
[108.006s][info][gc,start       ] GC(338) Pause Full (Ergonomics)
[108.006s][info][gc,phases,start] GC(338) Marking Phase
[110.000s][info][gc,phases      ] GC(338) Marking Phase 1993.880ms
[110.000s][info][gc,phases,start] GC(338) Summary Phase
[110.000s][info][gc,phases      ] GC(338) Summary Phase 0.086ms
[110.000s][info][gc,phases,start] GC(338) Adjust Roots
[110.001s][info][gc,phases      ] GC(338) Adjust Roots 0.164ms
[110.001s][info][gc,phases,start] GC(338) Compaction Phase
[110.541s][info][gc,phases      ] GC(338) Compaction Phase 539.965ms
[110.541s][info][gc,phases,start] GC(338) Post Compact
[110.554s][info][gc,phases      ] GC(338) Post Compact 13.009ms
[110.554s][info][gc,heap        ] GC(338) PSYoungGen: 149504K(334848K)->149504K(334848K) Eden: 149504K(149504K)->149504K(149504K) From: 0K(185344K)->0K(185344K)
[110.554s][info][gc,heap        ] GC(338) ParOldGen: 8874674K(8875008K)->8874674K(8875008K)
[110.554s][info][gc,metaspace   ] GC(338) Metaspace: 6302K(6464K)->6302K(6464K) NonClass: 5768K(5824K)->5768K(5824K) Class: 533K(640K)->533K(640K)
[110.554s][info][gc             ] GC(338) Pause Full (Ergonomics) 8812M->8812M(8994M) 2547.432ms
[110.554s][info][gc,cpu         ] GC(338) User=19.45s Sys=0.00s Real=2.55s
[110.554s][info][gc,start       ] GC(339) Pause Full (Ergonomics)
[110.554s][info][gc,phases,start] GC(339) Marking Phase
[112.580s][info][gc,phases      ] GC(339) Marking Phase 2026.384ms
[112.580s][info][gc,phases,start] GC(339) Summary Phase
[112.581s][info][gc,phases      ] GC(339) Summary Phase 0.087ms
[112.581s][info][gc,phases,start] GC(339) Adjust Roots
[112.581s][info][gc,phases      ] GC(339) Adjust Roots 0.177ms
[112.581s][info][gc,phases,start] GC(339) Compaction Phase
[113.121s][info][gc,phases      ] GC(339) Compaction Phase 540.525ms
[113.121s][info][gc,phases,start] GC(339) Post Compact
[113.134s][info][gc,phases      ] GC(339) Post Compact 13.063ms
[113.134s][info][gc,heap        ] GC(339) PSYoungGen: 149504K(334848K)->149504K(334848K) Eden: 149504K(149504K)->149504K(149504K) From: 0K(185344K)->0K(185344K)
[113.135s][info][gc,heap        ] GC(339) ParOldGen: 8874679K(8875008K)->8874679K(8875008K)
[113.135s][info][gc,metaspace   ] GC(339) Metaspace: 6302K(6464K)->6302K(6464K) NonClass: 5768K(5824K)->5768K(5824K) Class: 533K(640K)->533K(640K)
[113.135s][info][gc             ] GC(339) Pause Full (Ergonomics) 8812M->8812M(8994M) 2580.556ms
[113.135s][info][gc,cpu         ] GC(339) User=19.77s Sys=0.02s Real=2.58s
[113.135s][info][gc,start       ] GC(340) Pause Full (Ergonomics)
[113.135s][info][gc,phases,start] GC(340) Marking Phase
[115.133s][info][gc,phases      ] GC(340) Marking Phase 1998.482ms
[115.133s][info][gc,phases,start] GC(340) Summary Phase
[115.133s][info][gc,phases      ] GC(340) Summary Phase 0.085ms
[115.133s][info][gc,phases,start] GC(340) Adjust Roots
[115.134s][info][gc,phases      ] GC(340) Adjust Roots 0.165ms
[115.134s][info][gc,phases,start] GC(340) Compaction Phase
[115.672s][info][gc,phases      ] GC(340) Compaction Phase 538.463ms
[115.672s][info][gc,phases,start] GC(340) Post Compact
[115.685s][info][gc,phases      ] GC(340) Post Compact 13.060ms
[115.685s][info][gc,heap        ] GC(340) PSYoungGen: 149504K(334848K)->149504K(334848K) Eden: 149504K(149504K)->149504K(149504K) From: 0K(185344K)->0K(185344K)
[115.685s][info][gc,heap        ] GC(340) ParOldGen: 8874684K(8875008K)->8874684K(8875008K)
[115.685s][info][gc,metaspace   ] GC(340) Metaspace: 6302K(6464K)->6302K(6464K) NonClass: 5768K(5824K)->5768K(5824K) Class: 533K(640K)->533K(640K)
[115.685s][info][gc             ] GC(340) Pause Full (Ergonomics) 8812M->8812M(8994M) 2550.610ms
[115.685s][info][gc,cpu         ] GC(340) User=19.47s Sys=0.00s Real=2.55s
[115.686s][info][gc,start       ] GC(341) Pause Full (Ergonomics)
[115.686s][info][gc,phases,start] GC(341) Marking Phase
[117.713s][info][gc,phases      ] GC(341) Marking Phase 2027.166ms
[117.713s][info][gc,phases,start] GC(341) Summary Phase
[117.713s][info][gc,phases      ] GC(341) Summary Phase 0.086ms
[117.713s][info][gc,phases,start] GC(341) Adjust Roots
[117.713s][info][gc,phases      ] GC(341) Adjust Roots 0.166ms
[117.713s][info][gc,phases,start] GC(341) Compaction Phase
[118.263s][info][gc,phases      ] GC(341) Compaction Phase 549.693ms
[118.263s][info][gc,phases,start] GC(341) Post Compact
[118.276s][info][gc,phases      ] GC(341) Post Compact 13.232ms
[118.276s][info][gc,heap        ] GC(341) PSYoungGen: 149504K(334848K)->149504K(334848K) Eden: 149504K(149504K)->149504K(149504K) From: 0K(185344K)->0K(185344K)
[118.276s][info][gc,heap        ] GC(341) ParOldGen: 8874689K(8875008K)->8874689K(8875008K)
[118.276s][info][gc,metaspace   ] GC(341) Metaspace: 6302K(6464K)->6302K(6464K) NonClass: 5768K(5824K)->5768K(5824K) Class: 533K(640K)->533K(640K)
[118.276s][info][gc             ] GC(341) Pause Full (Ergonomics) 8812M->8812M(8994M) 2590.699ms
[118.276s][info][gc,cpu         ] GC(341) User=19.77s Sys=0.00s Real=2.59s
[118.277s][info][gc,start       ] GC(342) Pause Full (Ergonomics)
[118.277s][info][gc,phases,start] GC(342) Marking Phase
[120.289s][info][gc,phases      ] GC(342) Marking Phase 2012.024ms
[120.289s][info][gc,phases,start] GC(342) Summary Phase
[120.289s][info][gc,phases      ] GC(342) Summary Phase 0.086ms
[120.289s][info][gc,phases,start] GC(342) Adjust Roots
[120.289s][info][gc,phases      ] GC(342) Adjust Roots 0.169ms
[120.289s][info][gc,phases,start] GC(342) Compaction Phase
[120.833s][info][gc,phases      ] GC(342) Compaction Phase 543.662ms
[120.833s][info][gc,phases,start] GC(342) Post Compact
[120.846s][info][gc,phases      ] GC(342) Post Compact 13.096ms
[120.846s][info][gc,heap        ] GC(342) PSYoungGen: 149504K(334848K)->149504K(334848K) Eden: 149504K(149504K)->149504K(149504K) From: 0K(185344K)->0K(185344K)
[120.846s][info][gc,heap        ] GC(342) ParOldGen: 8874694K(8875008K)->8874694K(8875008K)
[120.846s][info][gc,metaspace   ] GC(342) Metaspace: 6302K(6464K)->6302K(6464K) NonClass: 5768K(5824K)->5768K(5824K) Class: 533K(640K)->533K(640K)
[120.846s][info][gc             ] GC(342) Pause Full (Ergonomics) 8812M->8812M(8994M) 2569.485ms
[120.846s][info][gc,cpu         ] GC(342) User=19.41s Sys=0.02s Real=2.57s
[120.846s][info][gc,start       ] GC(343) Pause Full (Ergonomics)
[120.846s][info][gc,phases,start] GC(343) Marking Phase
[122.858s][info][gc,phases      ] GC(343) Marking Phase 2011.996ms
[122.858s][info][gc,phases,start] GC(343) Summary Phase
[122.858s][info][gc,phases      ] GC(343) Summary Phase 0.150ms
[122.859s][info][gc,phases,start] GC(343) Adjust Roots
[122.859s][info][gc,phases      ] GC(343) Adjust Roots 0.250ms
[122.859s][info][gc,phases,start] GC(343) Compaction Phase
[123.409s][info][gc,phases      ] GC(343) Compaction Phase 550.127ms
[123.409s][info][gc,phases,start] GC(343) Post Compact
[123.422s][info][gc,phases      ] GC(343) Post Compact 13.060ms
[123.422s][info][gc,heap        ] GC(343) PSYoungGen: 149504K(334848K)->149504K(334848K) Eden: 149504K(149504K)->149504K(149504K) From: 0K(185344K)->0K(185344K)
[123.422s][info][gc,heap        ] GC(343) ParOldGen: 8874698K(8875008K)->8874698K(8875008K)
[123.422s][info][gc,metaspace   ] GC(343) Metaspace: 6302K(6464K)->6302K(6464K) NonClass: 5768K(5824K)->5768K(5824K) Class: 533K(640K)->533K(640K)
[123.422s][info][gc             ] GC(343) Pause Full (Ergonomics) 8812M->8812M(8994M) 2575.975ms
[123.422s][info][gc,cpu         ] GC(343) User=19.50s Sys=0.00s Real=2.58s
[123.422s][info][gc,start       ] GC(344) Pause Full (Ergonomics)
[123.422s][info][gc,phases,start] GC(344) Marking Phase
[125.444s][info][gc,phases      ] GC(344) Marking Phase 2021.912ms
[125.444s][info][gc,phases,start] GC(344) Summary Phase
[125.444s][info][gc,phases      ] GC(344) Summary Phase 0.089ms
[125.444s][info][gc,phases,start] GC(344) Adjust Roots
[125.445s][info][gc,phases      ] GC(344) Adjust Roots 0.189ms
[125.445s][info][gc,phases,start] GC(344) Compaction Phase
[125.991s][info][gc,phases      ] GC(344) Compaction Phase 545.944ms
[125.991s][info][gc,phases,start] GC(344) Post Compact
[126.004s][info][gc,phases      ] GC(344) Post Compact 13.075ms
[126.004s][info][gc,heap        ] GC(344) PSYoungGen: 149504K(334848K)->149504K(334848K) Eden: 149504K(149504K)->149504K(149504K) From: 0K(185344K)->0K(185344K)
[126.004s][info][gc,heap        ] GC(344) ParOldGen: 8874703K(8875008K)->8874703K(8875008K)
[126.004s][info][gc,metaspace   ] GC(344) Metaspace: 6302K(6464K)->6302K(6464K) NonClass: 5768K(5824K)->5768K(5824K) Class: 533K(640K)->533K(640K)
[126.004s][info][gc             ] GC(344) Pause Full (Ergonomics) 8812M->8812M(8994M) 2581.523ms
[126.004s][info][gc,cpu         ] GC(344) User=19.58s Sys=0.02s Real=2.58s
[126.004s][info][gc,start       ] GC(345) Pause Full (Ergonomics)
[126.004s][info][gc,phases,start] GC(345) Marking Phase
[128.022s][info][gc,phases      ] GC(345) Marking Phase 2017.547ms
[128.022s][info][gc,phases,start] GC(345) Summary Phase
[128.022s][info][gc,phases      ] GC(345) Summary Phase 0.084ms
[128.022s][info][gc,phases,start] GC(345) Adjust Roots
[128.022s][info][gc,phases      ] GC(345) Adjust Roots 0.199ms
[128.022s][info][gc,phases,start] GC(345) Compaction Phase
[128.562s][info][gc,phases      ] GC(345) Compaction Phase 540.161ms
[128.562s][info][gc,phases,start] GC(345) Post Compact
[128.576s][info][gc,phases      ] GC(345) Post Compact 13.693ms
[128.576s][info][gc,heap        ] GC(345) PSYoungGen: 149504K(334848K)->149504K(334848K) Eden: 149504K(149504K)->149504K(149504K) From: 0K(185344K)->0K(185344K)
[128.576s][info][gc,heap        ] GC(345) ParOldGen: 8874708K(8875008K)->8874708K(8875008K)
[128.576s][info][gc,metaspace   ] GC(345) Metaspace: 6302K(6464K)->6302K(6464K) NonClass: 5768K(5824K)->5768K(5824K) Class: 533K(640K)->533K(640K)
[128.576s][info][gc             ] GC(345) Pause Full (Ergonomics) 8812M->8812M(8994M) 2572.128ms
[128.576s][info][gc,cpu         ] GC(345) User=19.44s Sys=0.02s Real=2.57s
[128.576s][info][gc,start       ] GC(346) Pause Full (Ergonomics)
[128.577s][info][gc,phases,start] GC(346) Marking Phase
[130.610s][info][gc,phases      ] GC(346) Marking Phase 2033.318ms
[130.610s][info][gc,phases,start] GC(346) Summary Phase
[130.610s][info][gc,phases      ] GC(346) Summary Phase 0.102ms
[130.610s][info][gc,phases,start] GC(346) Adjust Roots
[130.610s][info][gc,phases      ] GC(346) Adjust Roots 0.217ms
[130.610s][info][gc,phases,start] GC(346) Compaction Phase
[131.162s][info][gc,phases      ] GC(346) Compaction Phase 551.870ms
[131.162s][info][gc,phases,start] GC(346) Post Compact
[131.176s][info][gc,phases      ] GC(346) Post Compact 13.931ms
[131.176s][info][gc,heap        ] GC(346) PSYoungGen: 149504K(334848K)->149504K(334848K) Eden: 149504K(149504K)->149504K(149504K) From: 0K(185344K)->0K(185344K)
[131.176s][info][gc,heap        ] GC(346) ParOldGen: 8874713K(8875008K)->8874713K(8875008K)
[131.176s][info][gc,metaspace   ] GC(346) Metaspace: 6302K(6464K)->6302K(6464K) NonClass: 5768K(5824K)->5768K(5824K) Class: 533K(640K)->533K(640K)
[131.176s][info][gc             ] GC(346) Pause Full (Ergonomics) 8812M->8812M(8994M) 2599.779ms
[131.176s][info][gc,cpu         ] GC(346) User=19.31s Sys=0.00s Real=2.60s
[131.176s][info][gc,start       ] GC(347) Pause Full (Ergonomics)
[131.177s][info][gc,phases,start] GC(347) Marking Phase
[133.228s][info][gc,phases      ] GC(347) Marking Phase 2051.567ms
[133.228s][info][gc,phases,start] GC(347) Summary Phase
[133.228s][info][gc,phases      ] GC(347) Summary Phase 0.123ms
[133.228s][info][gc,phases,start] GC(347) Adjust Roots
[133.229s][info][gc,phases      ] GC(347) Adjust Roots 0.293ms
[133.229s][info][gc,phases,start] GC(347) Compaction Phase
[133.834s][info][gc,phases      ] GC(347) Compaction Phase 604.962ms
[133.834s][info][gc,phases,start] GC(347) Post Compact
[133.849s][info][gc,phases      ] GC(347) Post Compact 15.391ms
[133.849s][info][gc,heap        ] GC(347) PSYoungGen: 149504K(334848K)->149504K(334848K) Eden: 149504K(149504K)->149504K(149504K) From: 0K(185344K)->0K(185344K)
[133.849s][info][gc,heap        ] GC(347) ParOldGen: 8874718K(8875008K)->8874718K(8875008K)
[133.849s][info][gc,metaspace   ] GC(347) Metaspace: 6302K(6464K)->6302K(6464K) NonClass: 5768K(5824K)->5768K(5824K) Class: 533K(640K)->533K(640K)
[133.849s][info][gc             ] GC(347) Pause Full (Ergonomics) 8812M->8812M(8994M) 2672.712ms
[133.849s][info][gc,cpu         ] GC(347) User=19.59s Sys=0.00s Real=2.67s
[133.849s][info][gc,start       ] GC(348) Pause Full (Ergonomics)
[133.849s][info][gc,phases,start] GC(348) Marking Phase
[135.902s][info][gc,phases      ] GC(348) Marking Phase 2052.391ms
[135.902s][info][gc,phases,start] GC(348) Summary Phase
[135.902s][info][gc,phases      ] GC(348) Summary Phase 0.169ms
[135.902s][info][gc,phases,start] GC(348) Adjust Roots
[135.902s][info][gc,phases      ] GC(348) Adjust Roots 0.334ms
[135.903s][info][gc,phases,start] GC(348) Compaction Phase
[136.454s][info][gc,phases      ] GC(348) Compaction Phase 551.812ms
[136.454s][info][gc,phases,start] GC(348) Post Compact
[136.470s][info][gc,phases      ] GC(348) Post Compact 15.960ms
[136.470s][info][gc,heap        ] GC(348) PSYoungGen: 149504K(334848K)->149504K(334848K) Eden: 149504K(149504K)->149504K(149504K) From: 0K(185344K)->0K(185344K)
[136.470s][info][gc,heap        ] GC(348) ParOldGen: 8874723K(8875008K)->8874723K(8875008K)
[136.470s][info][gc,metaspace   ] GC(348) Metaspace: 6302K(6464K)->6302K(6464K) NonClass: 5768K(5824K)->5768K(5824K) Class: 533K(640K)->533K(640K)
[136.471s][info][gc             ] GC(348) Pause Full (Ergonomics) 8812M->8812M(8994M) 2621.150ms
[136.471s][info][gc,cpu         ] GC(348) User=19.61s Sys=0.02s Real=2.62s
[136.471s][info][gc,start       ] GC(349) Pause Full (Ergonomics)
[136.471s][info][gc,phases,start] GC(349) Marking Phase
[138.571s][info][gc,phases      ] GC(349) Marking Phase 2100.704ms
[138.572s][info][gc,phases,start] GC(349) Summary Phase
[138.572s][info][gc,phases      ] GC(349) Summary Phase 0.143ms
[138.572s][info][gc,phases,start] GC(349) Adjust Roots
[138.572s][info][gc,phases      ] GC(349) Adjust Roots 0.309ms
[138.572s][info][gc,phases,start] GC(349) Compaction Phase
[139.120s][info][gc,phases      ] GC(349) Compaction Phase 548.174ms
[139.120s][info][gc,phases,start] GC(349) Post Compact
[139.134s][info][gc,phases      ] GC(349) Post Compact 13.812ms
[139.134s][info][gc,heap        ] GC(349) PSYoungGen: 149504K(334848K)->149504K(334848K) Eden: 149504K(149504K)->149504K(149504K) From: 0K(185344K)->0K(185344K)
[139.134s][info][gc,heap        ] GC(349) ParOldGen: 8874727K(8875008K)->8874727K(8875008K)
[139.134s][info][gc,metaspace   ] GC(349) Metaspace: 6302K(6464K)->6302K(6464K) NonClass: 5768K(5824K)->5768K(5824K) Class: 533K(640K)->533K(640K)
[139.134s][info][gc             ] GC(349) Pause Full (Ergonomics) 8812M->8812M(8994M) 2663.525ms
[139.134s][info][gc,cpu         ] GC(349) User=19.28s Sys=0.03s Real=2.66s
[139.134s][info][gc,start       ] GC(350) Pause Full (Ergonomics)
[139.135s][info][gc,phases,start] GC(350) Marking Phase
[141.154s][info][gc,phases      ] GC(350) Marking Phase 2019.206ms
[141.154s][info][gc,phases,start] GC(350) Summary Phase
[141.154s][info][gc,phases      ] GC(350) Summary Phase 0.105ms
[141.154s][info][gc,phases,start] GC(350) Adjust Roots
[141.154s][info][gc,phases      ] GC(350) Adjust Roots 0.192ms
[141.154s][info][gc,phases,start] GC(350) Compaction Phase
[141.711s][info][gc,phases      ] GC(350) Compaction Phase 557.163ms
[141.711s][info][gc,phases,start] GC(350) Post Compact
[141.726s][info][gc,phases      ] GC(350) Post Compact 15.092ms
[141.727s][info][gc,heap        ] GC(350) PSYoungGen: 149504K(334848K)->149504K(334848K) Eden: 149504K(149504K)->149504K(149504K) From: 0K(185344K)->0K(185344K)
[141.727s][info][gc,heap        ] GC(350) ParOldGen: 8874732K(8875008K)->8874732K(8875008K)
[141.727s][info][gc,metaspace   ] GC(350) Metaspace: 6302K(6464K)->6302K(6464K) NonClass: 5768K(5824K)->5768K(5824K) Class: 533K(640K)->533K(640K)
[141.727s][info][gc             ] GC(350) Pause Full (Ergonomics) 8812M->8812M(8994M) 2592.105ms
[141.727s][info][gc,cpu         ] GC(350) User=19.59s Sys=0.02s Real=2.59s
[141.727s][info][gc,start       ] GC(351) Pause Full (Ergonomics)
[141.727s][info][gc,phases,start] GC(351) Marking Phase
[143.735s][info][gc,phases      ] GC(351) Marking Phase 2008.001ms
[143.735s][info][gc,phases,start] GC(351) Summary Phase
[143.735s][info][gc,phases      ] GC(351) Summary Phase 0.091ms
[143.735s][info][gc,phases,start] GC(351) Adjust Roots
[143.735s][info][gc,phases      ] GC(351) Adjust Roots 0.187ms
[143.735s][info][gc,phases,start] GC(351) Compaction Phase
[144.277s][info][gc,phases      ] GC(351) Compaction Phase 542.281ms
[144.278s][info][gc,phases,start] GC(351) Post Compact
[144.292s][info][gc,phases      ] GC(351) Post Compact 14.438ms
[144.292s][info][gc,heap        ] GC(351) PSYoungGen: 149504K(334848K)->149504K(334848K) Eden: 149504K(149504K)->149504K(149504K) From: 0K(185344K)->0K(185344K)
[144.292s][info][gc,heap        ] GC(351) ParOldGen: 8874737K(8875008K)->8874737K(8875008K)
[144.292s][info][gc,metaspace   ] GC(351) Metaspace: 6302K(6464K)->6302K(6464K) NonClass: 5768K(5824K)->5768K(5824K) Class: 533K(640K)->533K(640K)
[144.292s][info][gc             ] GC(351) Pause Full (Ergonomics) 8812M->8812M(8994M) 2565.322ms
[144.292s][info][gc,cpu         ] GC(351) User=19.58s Sys=0.00s Real=2.57s
[144.292s][info][gc,start       ] GC(352) Pause Full (Ergonomics)
[144.292s][info][gc,phases,start] GC(352) Marking Phase
[146.297s][info][gc,phases      ] GC(352) Marking Phase 2004.881ms
[146.297s][info][gc,phases,start] GC(352) Summary Phase
[146.297s][info][gc,phases      ] GC(352) Summary Phase 0.101ms
[146.297s][info][gc,phases,start] GC(352) Adjust Roots
[146.298s][info][gc,phases      ] GC(352) Adjust Roots 0.203ms
[146.298s][info][gc,phases,start] GC(352) Compaction Phase
[146.848s][info][gc,phases      ] GC(352) Compaction Phase 550.657ms
[146.848s][info][gc,phases,start] GC(352) Post Compact
[146.864s][info][gc,phases      ] GC(352) Post Compact 16.037ms
[146.864s][info][gc,heap        ] GC(352) PSYoungGen: 149504K(334848K)->149504K(334848K) Eden: 149504K(149504K)->149504K(149504K) From: 0K(185344K)->0K(185344K)
[146.865s][info][gc,heap        ] GC(352) ParOldGen: 8874742K(8875008K)->8874742K(8875008K)
[146.865s][info][gc,metaspace   ] GC(352) Metaspace: 6302K(6464K)->6302K(6464K) NonClass: 5768K(5824K)->5768K(5824K) Class: 533K(640K)->533K(640K)
[146.865s][info][gc             ] GC(352) Pause Full (Ergonomics) 8812M->8812M(8994M) 2572.212ms
[146.865s][info][gc,cpu         ] GC(352) User=19.45s Sys=0.02s Real=2.57s
[146.865s][info][gc,start       ] GC(353) Pause Full (Ergonomics)
[146.865s][info][gc,phases,start] GC(353) Marking Phase
[148.886s][info][gc,phases      ] GC(353) Marking Phase 2021.605ms
[148.886s][info][gc,phases,start] GC(353) Summary Phase
[148.887s][info][gc,phases      ] GC(353) Summary Phase 0.139ms
[148.887s][info][gc,phases,start] GC(353) Adjust Roots
[148.887s][info][gc,phases      ] GC(353) Adjust Roots 0.244ms
[148.887s][info][gc,phases,start] GC(353) Compaction Phase
[149.432s][info][gc,phases      ] GC(353) Compaction Phase 544.983ms
[149.432s][info][gc,phases,start] GC(353) Post Compact
[149.443s][info][gc,phases      ] GC(353) Post Compact 11.272ms
[149.443s][info][gc,heap        ] GC(353) PSYoungGen: 149504K(334848K)->149504K(334848K) Eden: 149504K(149504K)->149504K(149504K) From: 0K(185344K)->0K(185344K)
[149.443s][info][gc,heap        ] GC(353) ParOldGen: 8874747K(8875008K)->8874747K(8875008K)
[149.443s][info][gc,metaspace   ] GC(353) Metaspace: 6302K(6464K)->6302K(6464K) NonClass: 5768K(5824K)->5768K(5824K) Class: 533K(640K)->533K(640K)
[149.443s][info][gc             ] GC(353) Pause Full (Ergonomics) 8812M->8812M(8994M) 2578.576ms
[149.443s][info][gc,cpu         ] GC(353) User=19.56s Sys=0.03s Real=2.58s
[149.444s][info][gc,start       ] GC(354) Pause Full (Ergonomics)
[149.444s][info][gc,phases,start] GC(354) Marking Phase
[151.449s][info][gc,phases      ] GC(354) Marking Phase 2005.581ms
[151.449s][info][gc,phases,start] GC(354) Summary Phase
[151.449s][info][gc,phases      ] GC(354) Summary Phase 0.097ms
[151.449s][info][gc,phases,start] GC(354) Adjust Roots
[151.450s][info][gc,phases      ] GC(354) Adjust Roots 0.232ms
[151.450s][info][gc,phases,start] GC(354) Compaction Phase
[151.997s][info][gc,phases      ] GC(354) Compaction Phase 547.337ms
[151.997s][info][gc,phases,start] GC(354) Post Compact
[152.012s][info][gc,phases      ] GC(354) Post Compact 15.380ms
[152.012s][info][gc,heap        ] GC(354) PSYoungGen: 149504K(334848K)->149504K(334848K) Eden: 149504K(149504K)->149504K(149504K) From: 0K(185344K)->0K(185344K)
[152.013s][info][gc,heap        ] GC(354) ParOldGen: 8874752K(8875008K)->8874752K(8875008K)
[152.013s][info][gc,metaspace   ] GC(354) Metaspace: 6302K(6464K)->6302K(6464K) NonClass: 5768K(5824K)->5768K(5824K) Class: 533K(640K)->533K(640K)
[152.013s][info][gc             ] GC(354) Pause Full (Ergonomics) 8812M->8812M(8994M) 2568.996ms
[152.013s][info][gc,cpu         ] GC(354) User=19.50s Sys=0.00s Real=2.57s
[152.013s][info][gc,start       ] GC(355) Pause Full (Ergonomics)
[152.013s][info][gc,phases,start] GC(355) Marking Phase
[154.080s][info][gc,phases      ] GC(355) Marking Phase 2067.567ms
[154.080s][info][gc,phases,start] GC(355) Summary Phase
[154.080s][info][gc,phases      ] GC(355) Summary Phase 0.099ms
[154.080s][info][gc,phases,start] GC(355) Adjust Roots
[154.081s][info][gc,phases      ] GC(355) Adjust Roots 0.240ms
[154.081s][info][gc,phases,start] GC(355) Compaction Phase
[154.622s][info][gc,phases      ] GC(355) Compaction Phase 541.422ms
[154.622s][info][gc,phases,start] GC(355) Post Compact
[154.635s][info][gc,phases      ] GC(355) Post Compact 12.973ms
[154.635s][info][gc,heap        ] GC(355) PSYoungGen: 149504K(334848K)->149504K(334848K) Eden: 149504K(149504K)->149504K(149504K) From: 0K(185344K)->0K(185344K)
[154.635s][info][gc,heap        ] GC(355) ParOldGen: 8874756K(8875008K)->8874756K(8875008K)
[154.635s][info][gc,metaspace   ] GC(355) Metaspace: 6302K(6464K)->6302K(6464K) NonClass: 5768K(5824K)->5768K(5824K) Class: 533K(640K)->533K(640K)
[154.635s][info][gc             ] GC(355) Pause Full (Ergonomics) 8812M->8812M(8994M) 2622.705ms
[154.635s][info][gc,cpu         ] GC(355) User=19.44s Sys=0.03s Real=2.62s
[154.636s][info][gc,start       ] GC(356) Pause Full (Ergonomics)
[154.636s][info][gc,phases,start] GC(356) Marking Phase
[156.666s][info][gc,phases      ] GC(356) Marking Phase 2029.783ms
[156.666s][info][gc,phases,start] GC(356) Summary Phase
[156.666s][info][gc,phases      ] GC(356) Summary Phase 0.088ms
[156.666s][info][gc,phases,start] GC(356) Adjust Roots
[156.666s][info][gc,phases      ] GC(356) Adjust Roots 0.178ms
[156.666s][info][gc,phases,start] GC(356) Compaction Phase
[157.202s][info][gc,phases      ] GC(356) Compaction Phase 535.826ms
[157.202s][info][gc,phases,start] GC(356) Post Compact
[157.217s][info][gc,phases      ] GC(356) Post Compact 14.956ms
[157.217s][info][gc,heap        ] GC(356) PSYoungGen: 149504K(334848K)->149504K(334848K) Eden: 149504K(149504K)->149504K(149504K) From: 0K(185344K)->0K(185344K)
[157.217s][info][gc,heap        ] GC(356) ParOldGen: 8874761K(8875008K)->8874761K(8875008K)
[157.217s][info][gc,metaspace   ] GC(356) Metaspace: 6302K(6464K)->6302K(6464K) NonClass: 5768K(5824K)->5768K(5824K) Class: 533K(640K)->533K(640K)
[157.217s][info][gc             ] GC(356) Pause Full (Ergonomics) 8812M->8812M(8994M) 2581.162ms
[157.217s][info][gc,cpu         ] GC(356) User=19.56s Sys=0.02s Real=2.58s
[157.217s][info][gc,start       ] GC(357) Pause Full (Ergonomics)
[157.217s][info][gc,phases,start] GC(357) Marking Phase
[159.267s][info][gc,phases      ] GC(357) Marking Phase 2050.107ms
[159.267s][info][gc,phases,start] GC(357) Summary Phase
[159.267s][info][gc,phases      ] GC(357) Summary Phase 0.119ms
[159.267s][info][gc,phases,start] GC(357) Adjust Roots
[159.268s][info][gc,phases      ] GC(357) Adjust Roots 0.315ms
[159.268s][info][gc,phases,start] GC(357) Compaction Phase
[159.825s][info][gc,phases      ] GC(357) Compaction Phase 557.698ms
[159.826s][info][gc,phases,start] GC(357) Post Compact
[159.838s][info][gc,phases      ] GC(357) Post Compact 12.913ms
[159.839s][info][gc,heap        ] GC(357) PSYoungGen: 149504K(334848K)->149504K(334848K) Eden: 149504K(149504K)->149504K(149504K) From: 0K(185344K)->0K(185344K)
[159.839s][info][gc,heap        ] GC(357) ParOldGen: 8874766K(8875008K)->8874766K(8875008K)
[159.839s][info][gc,metaspace   ] GC(357) Metaspace: 6302K(6464K)->6302K(6464K) NonClass: 5768K(5824K)->5768K(5824K) Class: 533K(640K)->533K(640K)
[159.839s][info][gc             ] GC(357) Pause Full (Ergonomics) 8812M->8812M(8994M) 2621.496ms
[159.839s][info][gc,cpu         ] GC(357) User=19.77s Sys=0.05s Real=2.62s
[159.839s][info][gc,start       ] GC(358) Pause Full (Ergonomics)
[159.839s][info][gc,phases,start] GC(358) Marking Phase
[161.860s][info][gc,phases      ] GC(358) Marking Phase 2021.424ms
[161.860s][info][gc,phases,start] GC(358) Summary Phase
[161.860s][info][gc,phases      ] GC(358) Summary Phase 0.129ms
[161.860s][info][gc,phases,start] GC(358) Adjust Roots
[161.861s][info][gc,phases      ] GC(358) Adjust Roots 0.224ms
[161.861s][info][gc,phases,start] GC(358) Compaction Phase
[162.404s][info][gc,phases      ] GC(358) Compaction Phase 543.227ms
[162.404s][info][gc,phases,start] GC(358) Post Compact
[162.417s][info][gc,phases      ] GC(358) Post Compact 13.120ms
[162.417s][info][gc,heap        ] GC(358) PSYoungGen: 149504K(334848K)->149504K(334848K) Eden: 149504K(149504K)->149504K(149504K) From: 0K(185344K)->0K(185344K)
[162.417s][info][gc,heap        ] GC(358) ParOldGen: 8874771K(8875008K)->8874771K(8875008K)
[162.417s][info][gc,metaspace   ] GC(358) Metaspace: 6302K(6464K)->6302K(6464K) NonClass: 5768K(5824K)->5768K(5824K) Class: 533K(640K)->533K(640K)
[162.417s][info][gc             ] GC(358) Pause Full (Ergonomics) 8812M->8812M(8994M) 2578.553ms
[162.417s][info][gc,cpu         ] GC(358) User=19.64s Sys=0.00s Real=2.58s
[162.418s][info][gc,start       ] GC(359) Pause Full (Ergonomics)
[162.418s][info][gc,phases,start] GC(359) Marking Phase
[164.431s][info][gc,phases      ] GC(359) Marking Phase 2013.656ms
[164.431s][info][gc,phases,start] GC(359) Summary Phase
[164.431s][info][gc,phases      ] GC(359) Summary Phase 0.086ms
[164.431s][info][gc,phases,start] GC(359) Adjust Roots
[164.432s][info][gc,phases      ] GC(359) Adjust Roots 0.171ms
[164.432s][info][gc,phases,start] GC(359) Compaction Phase
[164.969s][info][gc,phases      ] GC(359) Compaction Phase 537.159ms
[164.969s][info][gc,phases,start] GC(359) Post Compact
[164.982s][info][gc,phases      ] GC(359) Post Compact 13.053ms
[164.982s][info][gc,heap        ] GC(359) PSYoungGen: 149504K(334848K)->149504K(334848K) Eden: 149504K(149504K)->149504K(149504K) From: 0K(185344K)->0K(185344K)
[164.982s][info][gc,heap        ] GC(359) ParOldGen: 8874776K(8875008K)->8874776K(8875008K)
[164.982s][info][gc,metaspace   ] GC(359) Metaspace: 6302K(6464K)->6302K(6464K) NonClass: 5768K(5824K)->5768K(5824K) Class: 533K(640K)->533K(640K)
[164.982s][info][gc             ] GC(359) Pause Full (Ergonomics) 8812M->8812M(8994M) 2564.454ms
[164.982s][info][gc,cpu         ] GC(359) User=19.55s Sys=0.00s Real=2.56s
[164.982s][info][gc,start       ] GC(360) Pause Full (Ergonomics)
[164.982s][info][gc,phases,start] GC(360) Marking Phase
[166.979s][info][gc,phases      ] GC(360) Marking Phase 1996.413ms
[166.979s][info][gc,phases,start] GC(360) Summary Phase
[166.979s][info][gc,phases      ] GC(360) Summary Phase 0.090ms
[166.979s][info][gc,phases,start] GC(360) Adjust Roots
[166.979s][info][gc,phases      ] GC(360) Adjust Roots 0.171ms
[166.979s][info][gc,phases,start] GC(360) Compaction Phase
[167.535s][info][gc,phases      ] GC(360) Compaction Phase 555.630ms
[167.535s][info][gc,phases,start] GC(360) Post Compact
[167.548s][info][gc,phases      ] GC(360) Post Compact 13.043ms
[167.548s][info][gc,heap        ] GC(360) PSYoungGen: 149504K(334848K)->149504K(334848K) Eden: 149504K(149504K)->149504K(149504K) From: 0K(185344K)->0K(185344K)
[167.548s][info][gc,heap        ] GC(360) ParOldGen: 8874781K(8875008K)->8874781K(8875008K)
[167.548s][info][gc,metaspace   ] GC(360) Metaspace: 6302K(6464K)->6302K(6464K) NonClass: 5768K(5824K)->5768K(5824K) Class: 533K(640K)->533K(640K)
[167.548s][info][gc             ] GC(360) Pause Full (Ergonomics) 8812M->8812M(8994M) 2565.698ms
[167.548s][info][gc,cpu         ] GC(360) User=19.39s Sys=0.00s Real=2.57s
[167.548s][info][gc,start       ] GC(361) Pause Full (Ergonomics)
[167.548s][info][gc,phases,start] GC(361) Marking Phase
[169.587s][info][gc,phases      ] GC(361) Marking Phase 2038.601ms
[169.587s][info][gc,phases,start] GC(361) Summary Phase
[169.587s][info][gc,phases      ] GC(361) Summary Phase 0.104ms
[169.587s][info][gc,phases,start] GC(361) Adjust Roots
[169.587s][info][gc,phases      ] GC(361) Adjust Roots 0.224ms
[169.587s][info][gc,phases,start] GC(361) Compaction Phase
[170.148s][info][gc,phases      ] GC(361) Compaction Phase 560.751ms
[170.148s][info][gc,phases,start] GC(361) Post Compact
[170.161s][info][gc,phases      ] GC(361) Post Compact 13.297ms
[170.161s][info][gc,heap        ] GC(361) PSYoungGen: 149504K(334848K)->149504K(334848K) Eden: 149504K(149504K)->149504K(149504K) From: 0K(185344K)->0K(185344K)
[170.161s][info][gc,heap        ] GC(361) ParOldGen: 8874785K(8875008K)->8874785K(8875008K)
[170.161s][info][gc,metaspace   ] GC(361) Metaspace: 6302K(6464K)->6302K(6464K) NonClass: 5768K(5824K)->5768K(5824K) Class: 533K(640K)->533K(640K)
[170.161s][info][gc             ] GC(361) Pause Full (Ergonomics) 8812M->8812M(8994M) 2613.387ms
[170.161s][info][gc,cpu         ] GC(361) User=19.69s Sys=0.00s Real=2.61s
[170.162s][info][gc,start       ] GC(362) Pause Full (Ergonomics)
[170.162s][info][gc,phases,start] GC(362) Marking Phase
[172.206s][info][gc,phases      ] GC(362) Marking Phase 2043.858ms
[172.206s][info][gc,phases,start] GC(362) Summary Phase
[172.206s][info][gc,phases      ] GC(362) Summary Phase 0.099ms
[172.206s][info][gc,phases,start] GC(362) Adjust Roots
[172.206s][info][gc,phases      ] GC(362) Adjust Roots 0.179ms
[172.206s][info][gc,phases,start] GC(362) Compaction Phase
[172.757s][info][gc,phases      ] GC(362) Compaction Phase 551.374ms
[172.757s][info][gc,phases,start] GC(362) Post Compact
[172.772s][info][gc,phases      ] GC(362) Post Compact 14.609ms
[172.772s][info][gc,heap        ] GC(362) PSYoungGen: 149504K(334848K)->149504K(334848K) Eden: 149504K(149504K)->149504K(149504K) From: 0K(185344K)->0K(185344K)
[172.772s][info][gc,heap        ] GC(362) ParOldGen: 8874790K(8875008K)->8874790K(8875008K)
[172.772s][info][gc,metaspace   ] GC(362) Metaspace: 6302K(6464K)->6302K(6464K) NonClass: 5768K(5824K)->5768K(5824K) Class: 533K(640K)->533K(640K)
[172.772s][info][gc             ] GC(362) Pause Full (Ergonomics) 8812M->8812M(8994M) 2610.470ms
[172.772s][info][gc,cpu         ] GC(362) User=19.88s Sys=0.02s Real=2.61s
[172.772s][info][gc,start       ] GC(363) Pause Full (Ergonomics)
[172.772s][info][gc,phases,start] GC(363) Marking Phase
[174.797s][info][gc,phases      ] GC(363) Marking Phase 2025.047ms
[174.798s][info][gc,phases,start] GC(363) Summary Phase
[174.798s][info][gc,phases      ] GC(363) Summary Phase 0.102ms
[174.798s][info][gc,phases,start] GC(363) Adjust Roots
[174.798s][info][gc,phases      ] GC(363) Adjust Roots 0.274ms
[174.798s][info][gc,phases,start] GC(363) Compaction Phase
[175.344s][info][gc,phases      ] GC(363) Compaction Phase 546.488ms
[175.344s][info][gc,phases,start] GC(363) Post Compact
[175.359s][info][gc,phases      ] GC(363) Post Compact 14.348ms
[175.359s][info][gc,heap        ] GC(363) PSYoungGen: 149504K(334848K)->149504K(334848K) Eden: 149504K(149504K)->149504K(149504K) From: 0K(185344K)->0K(185344K)
[175.359s][info][gc,heap        ] GC(363) ParOldGen: 8874795K(8875008K)->8874795K(8875008K)
[175.359s][info][gc,metaspace   ] GC(363) Metaspace: 6302K(6464K)->6302K(6464K) NonClass: 5768K(5824K)->5768K(5824K) Class: 533K(640K)->533K(640K)
[175.359s][info][gc             ] GC(363) Pause Full (Ergonomics) 8812M->8812M(8994M) 2586.610ms
[175.359s][info][gc,cpu         ] GC(363) User=19.62s Sys=0.03s Real=2.59s
[175.359s][info][gc,start       ] GC(364) Pause Full (Ergonomics)
[175.359s][info][gc,phases,start] GC(364) Marking Phase
[177.407s][info][gc,phases      ] GC(364) Marking Phase 2048.172ms
[177.407s][info][gc,phases,start] GC(364) Summary Phase
[177.408s][info][gc,phases      ] GC(364) Summary Phase 0.114ms
[177.408s][info][gc,phases,start] GC(364) Adjust Roots
[177.408s][info][gc,phases      ] GC(364) Adjust Roots 0.180ms
[177.408s][info][gc,phases,start] GC(364) Compaction Phase
[177.954s][info][gc,phases      ] GC(364) Compaction Phase 545.700ms
[177.954s][info][gc,phases,start] GC(364) Post Compact
[177.967s][info][gc,phases      ] GC(364) Post Compact 13.546ms
[177.967s][info][gc,heap        ] GC(364) PSYoungGen: 149504K(334848K)->149504K(334848K) Eden: 149504K(149504K)->149504K(149504K) From: 0K(185344K)->0K(185344K)
[177.967s][info][gc,heap        ] GC(364) ParOldGen: 8874800K(8875008K)->8874800K(8875008K)
[177.967s][info][gc,metaspace   ] GC(364) Metaspace: 6302K(6464K)->6302K(6464K) NonClass: 5768K(5824K)->5768K(5824K) Class: 533K(640K)->533K(640K)
[177.967s][info][gc             ] GC(364) Pause Full (Ergonomics) 8812M->8812M(8994M) 2608.086ms
[177.967s][info][gc,cpu         ] GC(364) User=19.70s Sys=0.00s Real=2.61s
[177.967s][info][gc,start       ] GC(365) Pause Full (Ergonomics)
[177.968s][info][gc,phases,start] GC(365) Marking Phase
[179.978s][info][gc,phases      ] GC(365) Marking Phase 2010.338ms
[179.978s][info][gc,phases,start] GC(365) Summary Phase
[179.978s][info][gc,phases      ] GC(365) Summary Phase 0.117ms
[179.978s][info][gc,phases,start] GC(365) Adjust Roots
[179.978s][info][gc,phases      ] GC(365) Adjust Roots 0.222ms
[179.978s][info][gc,phases,start] GC(365) Compaction Phase
[180.520s][info][gc,phases      ] GC(365) Compaction Phase 541.424ms
[180.520s][info][gc,phases,start] GC(365) Post Compact
[180.533s][info][gc,phases      ] GC(365) Post Compact 13.075ms
[180.533s][info][gc,heap        ] GC(365) PSYoungGen: 149504K(334848K)->149504K(334848K) Eden: 149504K(149504K)->149504K(149504K) From: 0K(185344K)->0K(185344K)
[180.533s][info][gc,heap        ] GC(365) ParOldGen: 8874805K(8875008K)->8874805K(8875008K)
[180.533s][info][gc,metaspace   ] GC(365) Metaspace: 6302K(6464K)->6302K(6464K) NonClass: 5768K(5824K)->5768K(5824K) Class: 533K(640K)->533K(640K)
[180.533s][info][gc             ] GC(365) Pause Full (Ergonomics) 8812M->8812M(8994M) 2565.566ms
[180.533s][info][gc,cpu         ] GC(365) User=19.53s Sys=0.00s Real=2.57s
[180.533s][info][gc,start       ] GC(366) Pause Full (Ergonomics)
[180.533s][info][gc,phases,start] GC(366) Marking Phase
[182.541s][info][gc,phases      ] GC(366) Marking Phase 2007.834ms
[182.541s][info][gc,phases,start] GC(366) Summary Phase
[182.541s][info][gc,phases      ] GC(366) Summary Phase 0.084ms
[182.541s][info][gc,phases,start] GC(366) Adjust Roots
[182.541s][info][gc,phases      ] GC(366) Adjust Roots 0.168ms
[182.541s][info][gc,phases,start] GC(366) Compaction Phase
[183.085s][info][gc,phases      ] GC(366) Compaction Phase 543.923ms
[183.085s][info][gc,phases,start] GC(366) Post Compact
[183.099s][info][gc,phases      ] GC(366) Post Compact 13.113ms
[183.099s][info][gc,heap        ] GC(366) PSYoungGen: 149504K(334848K)->149504K(334848K) Eden: 149504K(149504K)->149504K(149504K) From: 0K(185344K)->0K(185344K)
[183.099s][info][gc,heap        ] GC(366) ParOldGen: 8874810K(8875008K)->8874810K(8875008K)
[183.099s][info][gc,metaspace   ] GC(366) Metaspace: 6302K(6464K)->6302K(6464K) NonClass: 5768K(5824K)->5768K(5824K) Class: 533K(640K)->533K(640K)
[183.099s][info][gc             ] GC(366) Pause Full (Ergonomics) 8812M->8812M(8994M) 2565.441ms
[183.099s][info][gc,cpu         ] GC(366) User=19.61s Sys=0.00s Real=2.57s
[183.099s][info][gc,start       ] GC(367) Pause Full (Ergonomics)
[183.099s][info][gc,phases,start] GC(367) Marking Phase
[185.138s][info][gc,phases      ] GC(367) Marking Phase 2038.711ms
[185.138s][info][gc,phases,start] GC(367) Summary Phase
[185.138s][info][gc,phases      ] GC(367) Summary Phase 0.085ms
[185.138s][info][gc,phases,start] GC(367) Adjust Roots
[185.138s][info][gc,phases      ] GC(367) Adjust Roots 0.167ms
[185.138s][info][gc,phases,start] GC(367) Compaction Phase
[185.702s][info][gc,phases      ] GC(367) Compaction Phase 563.844ms
[185.702s][info][gc,phases,start] GC(367) Post Compact
[185.715s][info][gc,phases      ] GC(367) Post Compact 13.093ms
[185.715s][info][gc,heap        ] GC(367) PSYoungGen: 149504K(334848K)->149504K(334848K) Eden: 149504K(149504K)->149504K(149504K) From: 0K(185344K)->0K(185344K)
[185.715s][info][gc,heap        ] GC(367) ParOldGen: 8874814K(8875008K)->8874814K(8875008K)
[185.715s][info][gc,metaspace   ] GC(367) Metaspace: 6302K(6464K)->6302K(6464K) NonClass: 5768K(5824K)->5768K(5824K) Class: 533K(640K)->533K(640K)
[185.715s][info][gc             ] GC(367) Pause Full (Ergonomics) 8812M->8812M(8994M) 2616.235ms
[185.715s][info][gc,cpu         ] GC(367) User=19.83s Sys=0.00s Real=2.62s
[185.715s][info][gc,start       ] GC(368) Pause Full (Ergonomics)
[185.715s][info][gc,phases,start] GC(368) Marking Phase
[187.735s][info][gc,phases      ] GC(368) Marking Phase 2019.190ms
[187.735s][info][gc,phases,start] GC(368) Summary Phase
[187.735s][info][gc,phases      ] GC(368) Summary Phase 0.086ms
[187.735s][info][gc,phases,start] GC(368) Adjust Roots
[187.735s][info][gc,phases      ] GC(368) Adjust Roots 0.168ms
[187.735s][info][gc,phases,start] GC(368) Compaction Phase
[188.295s][info][gc,phases      ] GC(368) Compaction Phase 559.929ms
[188.295s][info][gc,phases,start] GC(368) Post Compact
[188.308s][info][gc,phases      ] GC(368) Post Compact 13.184ms
[188.308s][info][gc,heap        ] GC(368) PSYoungGen: 149504K(334848K)->149504K(334848K) Eden: 149504K(149504K)->149504K(149504K) From: 0K(185344K)->0K(185344K)
[188.308s][info][gc,heap        ] GC(368) ParOldGen: 8874819K(8875008K)->8874819K(8875008K)
[188.308s][info][gc,metaspace   ] GC(368) Metaspace: 6302K(6464K)->6302K(6464K) NonClass: 5768K(5824K)->5768K(5824K) Class: 533K(640K)->533K(640K)
[188.308s][info][gc             ] GC(368) Pause Full (Ergonomics) 8812M->8812M(8994M) 2592.924ms
[188.308s][info][gc,cpu         ] GC(368) User=19.53s Sys=0.00s Real=2.59s
[188.308s][info][gc,start       ] GC(369) Pause Full (Ergonomics)
[188.308s][info][gc,phases,start] GC(369) Marking Phase
[190.375s][info][gc,phases      ] GC(369) Marking Phase 2066.641ms
[190.375s][info][gc,phases,start] GC(369) Summary Phase
[190.375s][info][gc,phases      ] GC(369) Summary Phase 0.094ms
[190.375s][info][gc,phases,start] GC(369) Adjust Roots
[190.375s][info][gc,phases      ] GC(369) Adjust Roots 0.173ms
[190.376s][info][gc,phases,start] GC(369) Compaction Phase
[190.963s][info][gc,phases      ] GC(369) Compaction Phase 587.842ms
[190.963s][info][gc,phases,start] GC(369) Post Compact
[190.979s][info][gc,phases      ] GC(369) Post Compact 16.027ms
[190.980s][info][gc,heap        ] GC(369) PSYoungGen: 149504K(334848K)->149504K(334848K) Eden: 149504K(149504K)->149504K(149504K) From: 0K(185344K)->0K(185344K)
[190.980s][info][gc,heap        ] GC(369) ParOldGen: 8874824K(8875008K)->8874824K(8875008K)
[190.980s][info][gc,metaspace   ] GC(369) Metaspace: 6302K(6464K)->6302K(6464K) NonClass: 5768K(5824K)->5768K(5824K) Class: 533K(640K)->533K(640K)
[190.980s][info][gc             ] GC(369) Pause Full (Ergonomics) 8812M->8812M(8994M) 2671.117ms
[190.980s][info][gc,cpu         ] GC(369) User=19.58s Sys=0.00s Real=2.67s
[190.980s][info][gc,start       ] GC(370) Pause Full (Ergonomics)
[190.980s][info][gc,phases,start] GC(370) Marking Phase
[193.043s][info][gc,phases      ] GC(370) Marking Phase 2062.807ms
[193.043s][info][gc,phases,start] GC(370) Summary Phase
[193.043s][info][gc,phases      ] GC(370) Summary Phase 0.090ms
[193.043s][info][gc,phases,start] GC(370) Adjust Roots
[193.043s][info][gc,phases      ] GC(370) Adjust Roots 0.178ms
[193.043s][info][gc,phases,start] GC(370) Compaction Phase
[193.639s][info][gc,phases      ] GC(370) Compaction Phase 596.429ms
[193.640s][info][gc,phases,start] GC(370) Post Compact
[193.654s][info][gc,phases      ] GC(370) Post Compact 14.409ms
[193.654s][info][gc,heap        ] GC(370) PSYoungGen: 149504K(334848K)->149504K(334848K) Eden: 149504K(149504K)->149504K(149504K) From: 0K(185344K)->0K(185344K)
[193.654s][info][gc,heap        ] GC(370) ParOldGen: 8874829K(8875008K)->8874829K(8875008K)
[193.654s][info][gc,metaspace   ] GC(370) Metaspace: 6302K(6464K)->6302K(6464K) NonClass: 5768K(5824K)->5768K(5824K) Class: 533K(640K)->533K(640K)
[193.654s][info][gc             ] GC(370) Pause Full (Ergonomics) 8812M->8812M(8994M) 2674.251ms
[193.654s][info][gc,cpu         ] GC(370) User=19.16s Sys=0.00s Real=2.67s
[193.654s][info][gc,start       ] GC(371) Pause Full (Ergonomics)
[193.654s][info][gc,phases,start] GC(371) Marking Phase
[195.724s][info][gc,phases      ] GC(371) Marking Phase 2069.405ms
[195.724s][info][gc,phases,start] GC(371) Summary Phase
[195.724s][info][gc,phases      ] GC(371) Summary Phase 0.149ms
[195.724s][info][gc,phases,start] GC(371) Adjust Roots
[195.724s][info][gc,phases      ] GC(371) Adjust Roots 0.186ms
[195.724s][info][gc,phases,start] GC(371) Compaction Phase
[196.289s][info][gc,phases      ] GC(371) Compaction Phase 564.604ms
[196.289s][info][gc,phases,start] GC(371) Post Compact
[196.302s][info][gc,phases      ] GC(371) Post Compact 13.053ms
[196.302s][info][gc,heap        ] GC(371) PSYoungGen: 149504K(334848K)->149504K(334848K) Eden: 149504K(149504K)->149504K(149504K) From: 0K(185344K)->0K(185344K)
[196.302s][info][gc,heap        ] GC(371) ParOldGen: 8874834K(8875008K)->8874834K(8875008K)
[196.302s][info][gc,metaspace   ] GC(371) Metaspace: 6302K(6464K)->6302K(6464K) NonClass: 5768K(5824K)->5768K(5824K) Class: 533K(640K)->533K(640K)
[196.302s][info][gc             ] GC(371) Pause Full (Ergonomics) 8812M->8812M(8994M) 2647.766ms
[196.302s][info][gc,cpu         ] GC(371) User=19.64s Sys=0.00s Real=2.65s
[196.302s][info][gc,start       ] GC(372) Pause Full (Ergonomics)
[196.302s][info][gc,phases,start] GC(372) Marking Phase
[198.350s][info][gc,phases      ] GC(372) Marking Phase 2047.803ms
[198.350s][info][gc,phases,start] GC(372) Summary Phase
[198.350s][info][gc,phases      ] GC(372) Summary Phase 0.095ms
[198.350s][info][gc,phases,start] GC(372) Adjust Roots
[198.350s][info][gc,phases      ] GC(372) Adjust Roots 0.186ms
[198.350s][info][gc,phases,start] GC(372) Compaction Phase
[198.893s][info][gc,phases      ] GC(372) Compaction Phase 542.175ms
[198.893s][info][gc,phases,start] GC(372) Post Compact
[198.906s][info][gc,phases      ] GC(372) Post Compact 13.395ms
[198.906s][info][gc,heap        ] GC(372) PSYoungGen: 149504K(334848K)->149504K(334848K) Eden: 149504K(149504K)->149504K(149504K) From: 0K(185344K)->0K(185344K)
[198.906s][info][gc,heap        ] GC(372) ParOldGen: 8874839K(8875008K)->8874839K(8875008K)
[198.906s][info][gc,metaspace   ] GC(372) Metaspace: 6302K(6464K)->6302K(6464K) NonClass: 5768K(5824K)->5768K(5824K) Class: 533K(640K)->533K(640K)
[198.906s][info][gc             ] GC(372) Pause Full (Ergonomics) 8812M->8812M(8994M) 2604.009ms
[198.906s][info][gc,cpu         ] GC(372) User=19.64s Sys=0.00s Real=2.61s
[198.906s][info][gc,start       ] GC(373) Pause Full (Ergonomics)
[198.907s][info][gc,phases,start] GC(373) Marking Phase
[200.931s][info][gc,phases      ] GC(373) Marking Phase 2024.470ms
[200.931s][info][gc,phases,start] GC(373) Summary Phase
[200.931s][info][gc,phases      ] GC(373) Summary Phase 0.085ms
[200.931s][info][gc,phases,start] GC(373) Adjust Roots
[200.931s][info][gc,phases      ] GC(373) Adjust Roots 0.188ms
[200.931s][info][gc,phases,start] GC(373) Compaction Phase
[201.469s][info][gc,phases      ] GC(373) Compaction Phase 538.083ms
[201.470s][info][gc,phases,start] GC(373) Post Compact
[201.483s][info][gc,phases      ] GC(373) Post Compact 13.316ms
[201.483s][info][gc,heap        ] GC(373) PSYoungGen: 149504K(334848K)->149504K(334848K) Eden: 149504K(149504K)->149504K(149504K) From: 0K(185344K)->0K(185344K)
[201.483s][info][gc,heap        ] GC(373) ParOldGen: 8874843K(8875008K)->8874843K(8875008K)
[201.483s][info][gc,metaspace   ] GC(373) Metaspace: 6302K(6464K)->6302K(6464K) NonClass: 5768K(5824K)->5768K(5824K) Class: 533K(640K)->533K(640K)
[201.483s][info][gc             ] GC(373) Pause Full (Ergonomics) 8812M->8812M(8994M) 2576.473ms
[201.483s][info][gc,cpu         ] GC(373) User=19.62s Sys=0.00s Real=2.58s
[201.483s][info][gc,start       ] GC(374) Pause Full (Ergonomics)
[201.483s][info][gc,phases,start] GC(374) Marking Phase
[203.505s][info][gc,phases      ] GC(374) Marking Phase 2021.382ms
[203.505s][info][gc,phases,start] GC(374) Summary Phase
[203.505s][info][gc,phases      ] GC(374) Summary Phase 0.083ms
[203.505s][info][gc,phases,start] GC(374) Adjust Roots
[203.505s][info][gc,phases      ] GC(374) Adjust Roots 0.173ms
[203.505s][info][gc,phases,start] GC(374) Compaction Phase
[204.046s][info][gc,phases      ] GC(374) Compaction Phase 541.488ms
[204.047s][info][gc,phases,start] GC(374) Post Compact
[204.060s][info][gc,phases      ] GC(374) Post Compact 13.008ms
[204.060s][info][gc,heap        ] GC(374) PSYoungGen: 149504K(334848K)->149504K(334848K) Eden: 149504K(149504K)->149504K(149504K) From: 0K(185344K)->0K(185344K)
[204.060s][info][gc,heap        ] GC(374) ParOldGen: 8874848K(8875008K)->8874848K(8875008K)
[204.060s][info][gc,metaspace   ] GC(374) Metaspace: 6302K(6464K)->6302K(6464K) NonClass: 5768K(5824K)->5768K(5824K) Class: 533K(640K)->533K(640K)
[204.060s][info][gc             ] GC(374) Pause Full (Ergonomics) 8812M->8812M(8994M) 2576.477ms
[204.060s][info][gc,cpu         ] GC(374) User=19.61s Sys=0.00s Real=2.58s
[204.060s][info][gc,start       ] GC(375) Pause Full (Ergonomics)
[204.060s][info][gc,phases,start] GC(375) Marking Phase
[206.080s][info][gc,phases      ] GC(375) Marking Phase 2020.087ms
[206.080s][info][gc,phases,start] GC(375) Summary Phase
[206.080s][info][gc,phases      ] GC(375) Summary Phase 0.091ms
[206.080s][info][gc,phases,start] GC(375) Adjust Roots
[206.080s][info][gc,phases      ] GC(375) Adjust Roots 0.168ms
[206.080s][info][gc,phases,start] GC(375) Compaction Phase
[206.624s][info][gc,phases      ] GC(375) Compaction Phase 543.314ms
[206.624s][info][gc,phases,start] GC(375) Post Compact
[206.637s][info][gc,phases      ] GC(375) Post Compact 13.485ms
[206.637s][info][gc,heap        ] GC(375) PSYoungGen: 149504K(334848K)->149504K(334848K) Eden: 149504K(149504K)->149504K(149504K) From: 0K(185344K)->0K(185344K)
[206.637s][info][gc,heap        ] GC(375) ParOldGen: 8874853K(8875008K)->8874853K(8875008K)
[206.637s][info][gc,metaspace   ] GC(375) Metaspace: 6302K(6464K)->6302K(6464K) NonClass: 5768K(5824K)->5768K(5824K) Class: 533K(640K)->533K(640K)
[206.637s][info][gc             ] GC(375) Pause Full (Ergonomics) 8812M->8812M(8994M) 2577.497ms
[206.637s][info][gc,cpu         ] GC(375) User=19.50s Sys=0.03s Real=2.58s
[206.638s][info][gc,start       ] GC(376) Pause Full (Ergonomics)
[206.638s][info][gc,phases,start] GC(376) Marking Phase
[208.700s][info][gc,phases      ] GC(376) Marking Phase 2062.760ms
[208.700s][info][gc,phases,start] GC(376) Summary Phase
[208.701s][info][gc,phases      ] GC(376) Summary Phase 0.150ms
[208.701s][info][gc,phases,start] GC(376) Adjust Roots
[208.701s][info][gc,phases      ] GC(376) Adjust Roots 0.343ms
[208.701s][info][gc,phases,start] GC(376) Compaction Phase
[209.281s][info][gc,phases      ] GC(376) Compaction Phase 580.042ms
[209.281s][info][gc,phases,start] GC(376) Post Compact
[209.294s][info][gc,phases      ] GC(376) Post Compact 13.130ms
[209.294s][info][gc,heap        ] GC(376) PSYoungGen: 149504K(334848K)->149504K(334848K) Eden: 149504K(149504K)->149504K(149504K) From: 0K(185344K)->0K(185344K)
[209.294s][info][gc,heap        ] GC(376) ParOldGen: 8874858K(8875008K)->8874858K(8875008K)
[209.294s][info][gc,metaspace   ] GC(376) Metaspace: 6302K(6464K)->6302K(6464K) NonClass: 5768K(5824K)->5768K(5824K) Class: 533K(640K)->533K(640K)
[209.294s][info][gc             ] GC(376) Pause Full (Ergonomics) 8812M->8812M(8994M) 2656.831ms
[209.294s][info][gc,cpu         ] GC(376) User=19.67s Sys=0.02s Real=2.66s
[209.295s][info][gc,start       ] GC(377) Pause Full (Ergonomics)
[209.295s][info][gc,phases,start] GC(377) Marking Phase
[211.301s][info][gc,phases      ] GC(377) Marking Phase 2006.785ms
[211.301s][info][gc,phases,start] GC(377) Summary Phase
[211.302s][info][gc,phases      ] GC(377) Summary Phase 0.086ms
[211.302s][info][gc,phases,start] GC(377) Adjust Roots
[211.302s][info][gc,phases      ] GC(377) Adjust Roots 0.166ms
[211.302s][info][gc,phases,start] GC(377) Compaction Phase
[211.843s][info][gc,phases      ] GC(377) Compaction Phase 541.442ms
[211.843s][info][gc,phases,start] GC(377) Post Compact
[211.857s][info][gc,phases      ] GC(377) Post Compact 13.394ms
[211.857s][info][gc,heap        ] GC(377) PSYoungGen: 149504K(334848K)->149504K(334848K) Eden: 149504K(149504K)->149504K(149504K) From: 0K(185344K)->0K(185344K)
[211.857s][info][gc,heap        ] GC(377) ParOldGen: 8874863K(8875008K)->8874863K(8875008K)
[211.857s][info][gc,metaspace   ] GC(377) Metaspace: 6302K(6464K)->6302K(6464K) NonClass: 5768K(5824K)->5768K(5824K) Class: 533K(640K)->533K(640K)
[211.857s][info][gc             ] GC(377) Pause Full (Ergonomics) 8812M->8812M(8994M) 2562.206ms
[211.857s][info][gc,cpu         ] GC(377) User=19.44s Sys=0.00s Real=2.56s
[211.857s][info][gc,start       ] GC(378) Pause Full (Ergonomics)
[211.857s][info][gc,phases,start] GC(378) Marking Phase
[213.874s][info][gc,phases      ] GC(378) Marking Phase 2016.755ms
[213.874s][info][gc,phases,start] GC(378) Summary Phase
[213.874s][info][gc,phases      ] GC(378) Summary Phase 0.086ms
[213.874s][info][gc,phases,start] GC(378) Adjust Roots
[213.874s][info][gc,phases      ] GC(378) Adjust Roots 0.169ms
[213.874s][info][gc,phases,start] GC(378) Compaction Phase
[214.421s][info][gc,phases      ] GC(378) Compaction Phase 546.989ms
[214.421s][info][gc,phases,start] GC(378) Post Compact
[214.434s][info][gc,phases      ] GC(378) Post Compact 13.195ms
[214.434s][info][gc,heap        ] GC(378) PSYoungGen: 149504K(334848K)->149504K(334848K) Eden: 149504K(149504K)->149504K(149504K) From: 0K(185344K)->0K(185344K)
[214.435s][info][gc,heap        ] GC(378) ParOldGen: 8874868K(8875008K)->8874868K(8875008K)
[214.435s][info][gc,metaspace   ] GC(378) Metaspace: 6302K(6464K)->6302K(6464K) NonClass: 5768K(5824K)->5768K(5824K) Class: 533K(640K)->533K(640K)
[214.435s][info][gc             ] GC(378) Pause Full (Ergonomics) 8812M->8812M(8994M) 2577.539ms
[214.435s][info][gc,cpu         ] GC(378) User=19.59s Sys=0.00s Real=2.58s
[214.435s][info][gc,start       ] GC(379) Pause Full (Ergonomics)
[214.435s][info][gc,phases,start] GC(379) Marking Phase
[216.471s][info][gc,phases      ] GC(379) Marking Phase 2035.831ms
[216.471s][info][gc,phases,start] GC(379) Summary Phase
[216.471s][info][gc,phases      ] GC(379) Summary Phase 0.085ms
[216.471s][info][gc,phases,start] GC(379) Adjust Roots
[216.471s][info][gc,phases      ] GC(379) Adjust Roots 0.166ms
[216.471s][info][gc,phases,start] GC(379) Compaction Phase
[217.008s][info][gc,phases      ] GC(379) Compaction Phase 537.259ms
[217.008s][info][gc,phases,start] GC(379) Post Compact
[217.021s][info][gc,phases      ] GC(379) Post Compact 13.101ms
[217.022s][info][gc,heap        ] GC(379) PSYoungGen: 149504K(334848K)->149504K(334848K) Eden: 149504K(149504K)->149504K(149504K) From: 0K(185344K)->0K(185344K)
[217.022s][info][gc,heap        ] GC(379) ParOldGen: 8874872K(8875008K)->8874872K(8875008K)
[217.022s][info][gc,metaspace   ] GC(379) Metaspace: 6302K(6464K)->6302K(6464K) NonClass: 5768K(5824K)->5768K(5824K) Class: 533K(640K)->533K(640K)
[217.022s][info][gc             ] GC(379) Pause Full (Ergonomics) 8812M->8812M(8994M) 2586.794ms
[217.022s][info][gc,cpu         ] GC(379) User=19.81s Sys=0.00s Real=2.59s
[217.022s][info][gc,start       ] GC(380) Pause Full (Ergonomics)
[217.022s][info][gc,phases,start] GC(380) Marking Phase
[219.049s][info][gc,phases      ] GC(380) Marking Phase 2027.327ms
[219.049s][info][gc,phases,start] GC(380) Summary Phase
[219.049s][info][gc,phases      ] GC(380) Summary Phase 0.086ms
[219.049s][info][gc,phases,start] GC(380) Adjust Roots
[219.049s][info][gc,phases      ] GC(380) Adjust Roots 0.171ms
[219.050s][info][gc,phases,start] GC(380) Compaction Phase
[219.590s][info][gc,phases      ] GC(380) Compaction Phase 540.553ms
[219.590s][info][gc,phases,start] GC(380) Post Compact
[219.603s][info][gc,phases      ] GC(380) Post Compact 13.083ms
[219.603s][info][gc,heap        ] GC(380) PSYoungGen: 149504K(334848K)->149504K(334848K) Eden: 149504K(149504K)->149504K(149504K) From: 0K(185344K)->0K(185344K)
[219.603s][info][gc,heap        ] GC(380) ParOldGen: 8874877K(8875008K)->8874877K(8875008K)
[219.603s][info][gc,metaspace   ] GC(380) Metaspace: 6302K(6464K)->6302K(6464K) NonClass: 5768K(5824K)->5768K(5824K) Class: 533K(640K)->533K(640K)
[219.603s][info][gc             ] GC(380) Pause Full (Ergonomics) 8812M->8812M(8994M) 2581.566ms
[219.603s][info][gc,cpu         ] GC(380) User=19.75s Sys=0.00s Real=2.58s
[219.604s][info][gc,start       ] GC(381) Pause Full (Ergonomics)
[219.604s][info][gc,phases,start] GC(381) Marking Phase
[221.597s][info][gc,phases      ] GC(381) Marking Phase 1993.026ms
[221.597s][info][gc,phases,start] GC(381) Summary Phase
[221.597s][info][gc,phases      ] GC(381) Summary Phase 0.086ms
[221.597s][info][gc,phases,start] GC(381) Adjust Roots
[221.597s][info][gc,phases      ] GC(381) Adjust Roots 0.171ms
[221.597s][info][gc,phases,start] GC(381) Compaction Phase
[222.135s][info][gc,phases      ] GC(381) Compaction Phase 538.468ms
[222.136s][info][gc,phases,start] GC(381) Post Compact
[222.149s][info][gc,phases      ] GC(381) Post Compact 13.065ms
[222.149s][info][gc,heap        ] GC(381) PSYoungGen: 149504K(334848K)->149504K(334848K) Eden: 149504K(149504K)->149504K(149504K) From: 0K(185344K)->0K(185344K)
[222.149s][info][gc,heap        ] GC(381) ParOldGen: 8874882K(8875008K)->8874882K(8875008K)
[222.149s][info][gc,metaspace   ] GC(381) Metaspace: 6302K(6464K)->6302K(6464K) NonClass: 5768K(5824K)->5768K(5824K) Class: 533K(640K)->533K(640K)
[222.149s][info][gc             ] GC(381) Pause Full (Ergonomics) 8812M->8812M(8994M) 2545.170ms
[222.149s][info][gc,cpu         ] GC(381) User=19.30s Sys=0.05s Real=2.55s
[222.149s][info][gc,start       ] GC(382) Pause Full (Ergonomics)
[222.149s][info][gc,phases,start] GC(382) Marking Phase
[224.174s][info][gc,phases      ] GC(382) Marking Phase 2024.944ms
[224.174s][info][gc,phases,start] GC(382) Summary Phase
[224.174s][info][gc,phases      ] GC(382) Summary Phase 0.089ms
[224.174s][info][gc,phases,start] GC(382) Adjust Roots
[224.174s][info][gc,phases      ] GC(382) Adjust Roots 0.177ms
[224.174s][info][gc,phases,start] GC(382) Compaction Phase
[224.724s][info][gc,phases      ] GC(382) Compaction Phase 549.468ms
[224.724s][info][gc,phases,start] GC(382) Post Compact
[224.737s][info][gc,phases      ] GC(382) Post Compact 13.213ms
[224.737s][info][gc,heap        ] GC(382) PSYoungGen: 149504K(334848K)->149504K(334848K) Eden: 149504K(149504K)->149504K(149504K) From: 0K(185344K)->0K(185344K)
[224.737s][info][gc,heap        ] GC(382) ParOldGen: 8874887K(8875008K)->8874887K(8875008K)
[224.737s][info][gc,metaspace   ] GC(382) Metaspace: 6302K(6464K)->6302K(6464K) NonClass: 5768K(5824K)->5768K(5824K) Class: 533K(640K)->533K(640K)
[224.737s][info][gc             ] GC(382) Pause Full (Ergonomics) 8812M->8812M(8994M) 2588.254ms
[224.737s][info][gc,cpu         ] GC(382) User=19.64s Sys=0.00s Real=2.59s
[224.737s][info][gc,start       ] GC(383) Pause Full (Ergonomics)
[224.737s][info][gc,phases,start] GC(383) Marking Phase
[226.740s][info][gc,phases      ] GC(383) Marking Phase 2002.548ms
[226.740s][info][gc,phases,start] GC(383) Summary Phase
[226.740s][info][gc,phases      ] GC(383) Summary Phase 0.086ms
[226.740s][info][gc,phases,start] GC(383) Adjust Roots
[226.740s][info][gc,phases      ] GC(383) Adjust Roots 0.169ms
[226.740s][info][gc,phases,start] GC(383) Compaction Phase
[227.291s][info][gc,phases      ] GC(383) Compaction Phase 550.531ms
[227.291s][info][gc,phases,start] GC(383) Post Compact
[227.304s][info][gc,phases      ] GC(383) Post Compact 12.917ms
[227.304s][info][gc,heap        ] GC(383) PSYoungGen: 149504K(334848K)->149504K(334848K) Eden: 149504K(149504K)->149504K(149504K) From: 0K(185344K)->0K(185344K)
[227.304s][info][gc,heap        ] GC(383) ParOldGen: 8874892K(8875008K)->8874892K(8875008K)
[227.304s][info][gc,metaspace   ] GC(383) Metaspace: 6302K(6464K)->6302K(6464K) NonClass: 5768K(5824K)->5768K(5824K) Class: 533K(640K)->533K(640K)
[227.304s][info][gc             ] GC(383) Pause Full (Ergonomics) 8812M->8812M(8994M) 2566.572ms
[227.304s][info][gc,cpu         ] GC(383) User=19.33s Sys=0.00s Real=2.57s
[227.304s][info][gc,start       ] GC(384) Pause Full (Ergonomics)
[227.304s][info][gc,phases,start] GC(384) Marking Phase
[229.335s][info][gc,phases      ] GC(384) Marking Phase 2031.220ms
[229.336s][info][gc,phases,start] GC(384) Summary Phase
[229.336s][info][gc,phases      ] GC(384) Summary Phase 0.139ms
[229.336s][info][gc,phases,start] GC(384) Adjust Roots
[229.336s][info][gc,phases      ] GC(384) Adjust Roots 0.330ms
[229.336s][info][gc,phases,start] GC(384) Compaction Phase
[229.898s][info][gc,phases      ] GC(384) Compaction Phase 562.099ms
[229.898s][info][gc,phases,start] GC(384) Post Compact
[229.913s][info][gc,phases      ] GC(384) Post Compact 14.295ms
[229.913s][info][gc,heap        ] GC(384) PSYoungGen: 149504K(334848K)->149504K(334848K) Eden: 149504K(149504K)->149504K(149504K) From: 0K(185344K)->0K(185344K)
[229.913s][info][gc,heap        ] GC(384) ParOldGen: 8874897K(8875008K)->8874897K(8875008K)
[229.913s][info][gc,metaspace   ] GC(384) Metaspace: 6302K(6464K)->6302K(6464K) NonClass: 5768K(5824K)->5768K(5824K) Class: 533K(640K)->533K(640K)
[229.913s][info][gc             ] GC(384) Pause Full (Ergonomics) 8812M->8812M(8994M) 2608.559ms
[229.913s][info][gc,cpu         ] GC(384) User=19.81s Sys=0.02s Real=2.61s
[229.913s][info][gc,start       ] GC(385) Pause Full (Ergonomics)
[229.913s][info][gc,phases,start] GC(385) Marking Phase
[231.927s][info][gc,phases      ] GC(385) Marking Phase 2013.617ms
[231.927s][info][gc,phases,start] GC(385) Summary Phase
[231.927s][info][gc,phases      ] GC(385) Summary Phase 0.155ms
[231.927s][info][gc,phases,start] GC(385) Adjust Roots
[231.927s][info][gc,phases      ] GC(385) Adjust Roots 0.365ms
[231.927s][info][gc,phases,start] GC(385) Compaction Phase
[232.478s][info][gc,phases      ] GC(385) Compaction Phase 550.678ms
[232.478s][info][gc,phases,start] GC(385) Post Compact
[232.491s][info][gc,phases      ] GC(385) Post Compact 13.059ms
[232.491s][info][gc,heap        ] GC(385) PSYoungGen: 149504K(334848K)->149504K(334848K) Eden: 149504K(149504K)->149504K(149504K) From: 0K(185344K)->0K(185344K)
[232.491s][info][gc,heap        ] GC(385) ParOldGen: 8874901K(8875008K)->8874901K(8875008K)
[232.491s][info][gc,metaspace   ] GC(385) Metaspace: 6302K(6464K)->6302K(6464K) NonClass: 5768K(5824K)->5768K(5824K) Class: 533K(640K)->533K(640K)
[232.491s][info][gc             ] GC(385) Pause Full (Ergonomics) 8812M->8812M(8994M) 2578.369ms
[232.491s][info][gc,cpu         ] GC(385) User=19.50s Sys=0.02s Real=2.58s
[232.492s][info][gc,start       ] GC(386) Pause Full (Ergonomics)
[232.492s][info][gc,phases,start] GC(386) Marking Phase
[234.524s][info][gc,phases      ] GC(386) Marking Phase 2032.673ms
[234.524s][info][gc,phases,start] GC(386) Summary Phase
[234.524s][info][gc,phases      ] GC(386) Summary Phase 0.167ms
[234.524s][info][gc,phases,start] GC(386) Adjust Roots
[234.525s][info][gc,phases      ] GC(386) Adjust Roots 0.363ms
[234.525s][info][gc,phases,start] GC(386) Compaction Phase
[235.091s][info][gc,phases      ] GC(386) Compaction Phase 566.282ms
[235.091s][info][gc,phases,start] GC(386) Post Compact
[235.104s][info][gc,phases      ] GC(386) Post Compact 13.160ms
[235.105s][info][gc,heap        ] GC(386) PSYoungGen: 149504K(334848K)->149504K(334848K) Eden: 149504K(149504K)->149504K(149504K) From: 0K(185344K)->0K(185344K)
[235.105s][info][gc,heap        ] GC(386) ParOldGen: 8874906K(8875008K)->8874906K(8875008K)
[235.105s][info][gc,metaspace   ] GC(386) Metaspace: 6302K(6464K)->6302K(6464K) NonClass: 5768K(5824K)->5768K(5824K) Class: 533K(640K)->533K(640K)
[235.105s][info][gc             ] GC(386) Pause Full (Ergonomics) 8812M->8812M(8994M) 2613.089ms
[235.105s][info][gc,cpu         ] GC(386) User=19.64s Sys=0.00s Real=2.61s
[235.105s][info][gc,start       ] GC(387) Pause Full (Ergonomics)
[235.105s][info][gc,phases,start] GC(387) Marking Phase
[237.144s][info][gc,phases      ] GC(387) Marking Phase 2038.959ms
[237.144s][info][gc,phases,start] GC(387) Summary Phase
[237.144s][info][gc,phases      ] GC(387) Summary Phase 0.129ms
[237.144s][info][gc,phases,start] GC(387) Adjust Roots
[237.144s][info][gc,phases      ] GC(387) Adjust Roots 0.312ms
[237.144s][info][gc,phases,start] GC(387) Compaction Phase
[237.705s][info][gc,phases      ] GC(387) Compaction Phase 560.592ms
[237.705s][info][gc,phases,start] GC(387) Post Compact
[237.718s][info][gc,phases      ] GC(387) Post Compact 13.136ms
[237.718s][info][gc,heap        ] GC(387) PSYoungGen: 149504K(334848K)->149504K(334848K) Eden: 149504K(149504K)->149504K(149504K) From: 0K(185344K)->0K(185344K)
[237.718s][info][gc,heap        ] GC(387) ParOldGen: 8874911K(8875008K)->8874911K(8875008K)
[237.718s][info][gc,metaspace   ] GC(387) Metaspace: 6302K(6464K)->6302K(6464K) NonClass: 5768K(5824K)->5768K(5824K) Class: 533K(640K)->533K(640K)
[237.718s][info][gc             ] GC(387) Pause Full (Ergonomics) 8812M->8812M(8994M) 2613.526ms
[237.718s][info][gc,cpu         ] GC(387) User=19.67s Sys=0.02s Real=2.61s
[237.719s][info][gc,start       ] GC(388) Pause Full (Ergonomics)
[237.719s][info][gc,phases,start] GC(388) Marking Phase
[239.744s][info][gc,phases      ] GC(388) Marking Phase 2025.603ms
[239.744s][info][gc,phases,start] GC(388) Summary Phase
[239.744s][info][gc,phases      ] GC(388) Summary Phase 0.102ms
[239.744s][info][gc,phases,start] GC(388) Adjust Roots
[239.745s][info][gc,phases      ] GC(388) Adjust Roots 0.226ms
[239.745s][info][gc,phases,start] GC(388) Compaction Phase
[240.292s][info][gc,phases      ] GC(388) Compaction Phase 547.151ms
[240.292s][info][gc,phases,start] GC(388) Post Compact
[240.305s][info][gc,phases      ] GC(388) Post Compact 13.419ms
[240.305s][info][gc,heap        ] GC(388) PSYoungGen: 149504K(334848K)->149504K(334848K) Eden: 149504K(149504K)->149504K(149504K) From: 0K(185344K)->0K(185344K)
[240.305s][info][gc,heap        ] GC(388) ParOldGen: 8874916K(8875008K)->8874916K(8875008K)
[240.305s][info][gc,metaspace   ] GC(388) Metaspace: 6302K(6464K)->6302K(6464K) NonClass: 5768K(5824K)->5768K(5824K) Class: 533K(640K)->533K(640K)
[240.305s][info][gc             ] GC(388) Pause Full (Ergonomics) 8812M->8812M(8994M) 2586.823ms
[240.305s][info][gc,cpu         ] GC(388) User=19.59s Sys=0.00s Real=2.59s
[240.306s][info][gc,start       ] GC(389) Pause Full (Ergonomics)
[240.306s][info][gc,phases,start] GC(389) Marking Phase
[242.324s][info][gc,phases      ] GC(389) Marking Phase 2018.048ms
[242.324s][info][gc,phases,start] GC(389) Summary Phase
[242.324s][info][gc,phases      ] GC(389) Summary Phase 0.121ms
[242.324s][info][gc,phases,start] GC(389) Adjust Roots
[242.324s][info][gc,phases      ] GC(389) Adjust Roots 0.193ms
[242.324s][info][gc,phases,start] GC(389) Compaction Phase
[242.885s][info][gc,phases      ] GC(389) Compaction Phase 561.169ms
[242.885s][info][gc,phases,start] GC(389) Post Compact
[242.900s][info][gc,phases      ] GC(389) Post Compact 14.849ms
[242.900s][info][gc,heap        ] GC(389) PSYoungGen: 149504K(334848K)->149504K(334848K) Eden: 149504K(149504K)->149504K(149504K) From: 0K(185344K)->0K(185344K)
[242.900s][info][gc,heap        ] GC(389) ParOldGen: 8874921K(8875008K)->8874921K(8875008K)
[242.900s][info][gc,metaspace   ] GC(389) Metaspace: 6302K(6464K)->6302K(6464K) NonClass: 5768K(5824K)->5768K(5824K) Class: 533K(640K)->533K(640K)
[242.900s][info][gc             ] GC(389) Pause Full (Ergonomics) 8812M->8812M(8994M) 2594.871ms
[242.900s][info][gc,cpu         ] GC(389) User=19.61s Sys=0.00s Real=2.59s
[242.901s][info][gc,start       ] GC(390) Pause Full (Ergonomics)
[242.901s][info][gc,phases,start] GC(390) Marking Phase
[244.913s][info][gc,phases      ] GC(390) Marking Phase 2012.210ms
[244.913s][info][gc,phases,start] GC(390) Summary Phase
[244.913s][info][gc,phases      ] GC(390) Summary Phase 0.166ms
[244.913s][info][gc,phases,start] GC(390) Adjust Roots
[244.913s][info][gc,phases      ] GC(390) Adjust Roots 0.331ms
[244.913s][info][gc,phases,start] GC(390) Compaction Phase
[245.463s][info][gc,phases      ] GC(390) Compaction Phase 549.768ms
[245.463s][info][gc,phases,start] GC(390) Post Compact
[245.478s][info][gc,phases      ] GC(390) Post Compact 14.457ms
[245.478s][info][gc,heap        ] GC(390) PSYoungGen: 149504K(334848K)->149504K(334848K) Eden: 149504K(149504K)->149504K(149504K) From: 0K(185344K)->0K(185344K)
[245.478s][info][gc,heap        ] GC(390) ParOldGen: 8874926K(8875008K)->8874926K(8875008K)
[245.478s][info][gc,metaspace   ] GC(390) Metaspace: 6302K(6464K)->6302K(6464K) NonClass: 5768K(5824K)->5768K(5824K) Class: 533K(640K)->533K(640K)
[245.478s][info][gc             ] GC(390) Pause Full (Ergonomics) 8812M->8812M(8994M) 2577.364ms
[245.478s][info][gc,cpu         ] GC(390) User=19.56s Sys=0.00s Real=2.58s
[245.478s][info][gc,start       ] GC(391) Pause Full (Ergonomics)
[245.478s][info][gc,phases,start] GC(391) Marking Phase
[247.500s][info][gc,phases      ] GC(391) Marking Phase 2022.098ms
[247.500s][info][gc,phases,start] GC(391) Summary Phase
[247.500s][info][gc,phases      ] GC(391) Summary Phase 0.096ms
[247.500s][info][gc,phases,start] GC(391) Adjust Roots
[247.501s][info][gc,phases      ] GC(391) Adjust Roots 0.218ms
[247.501s][info][gc,phases,start] GC(391) Compaction Phase
[248.049s][info][gc,phases      ] GC(391) Compaction Phase 548.732ms
[248.050s][info][gc,phases,start] GC(391) Post Compact
[248.064s][info][gc,phases      ] GC(391) Post Compact 14.054ms
[248.064s][info][gc,heap        ] GC(391) PSYoungGen: 149504K(334848K)->149504K(334848K) Eden: 149504K(149504K)->149504K(149504K) From: 0K(185344K)->0K(185344K)
[248.064s][info][gc,heap        ] GC(391) ParOldGen: 8874930K(8875008K)->8874930K(8875008K)
[248.064s][info][gc,metaspace   ] GC(391) Metaspace: 6302K(6464K)->6302K(6464K) NonClass: 5768K(5824K)->5768K(5824K) Class: 533K(640K)->533K(640K)
[248.064s][info][gc             ] GC(391) Pause Full (Ergonomics) 8812M->8812M(8994M) 2585.554ms
[248.064s][info][gc,cpu         ] GC(391) User=19.77s Sys=0.00s Real=2.59s
[248.064s][info][gc,start       ] GC(392) Pause Full (Ergonomics)
[248.064s][info][gc,phases,start] GC(392) Marking Phase
[250.102s][info][gc,phases      ] GC(392) Marking Phase 2038.428ms
[250.102s][info][gc,phases,start] GC(392) Summary Phase
[250.103s][info][gc,phases      ] GC(392) Summary Phase 0.294ms
[250.103s][info][gc,phases,start] GC(392) Adjust Roots
[250.103s][info][gc,phases      ] GC(392) Adjust Roots 0.308ms
[250.103s][info][gc,phases,start] GC(392) Compaction Phase
[250.645s][info][gc,phases      ] GC(392) Compaction Phase 541.514ms
[250.645s][info][gc,phases,start] GC(392) Post Compact
[250.659s][info][gc,phases      ] GC(392) Post Compact 14.735ms
[250.660s][info][gc,heap        ] GC(392) PSYoungGen: 149504K(334848K)->149504K(334848K) Eden: 149504K(149504K)->149504K(149504K) From: 0K(185344K)->0K(185344K)
[250.660s][info][gc,heap        ] GC(392) ParOldGen: 8874935K(8875008K)->8874935K(8875008K)
[250.660s][info][gc,metaspace   ] GC(392) Metaspace: 6302K(6464K)->6302K(6464K) NonClass: 5768K(5824K)->5768K(5824K) Class: 533K(640K)->533K(640K)
[250.660s][info][gc             ] GC(392) Pause Full (Ergonomics) 8812M->8812M(8994M) 2595.666ms
[250.660s][info][gc,cpu         ] GC(392) User=19.88s Sys=0.00s Real=2.60s
[250.660s][info][gc,start       ] GC(393) Pause Full (Ergonomics)
[250.660s][info][gc,phases,start] GC(393) Marking Phase
[252.695s][info][gc,phases      ] GC(393) Marking Phase 2035.342ms
[252.695s][info][gc,phases,start] GC(393) Summary Phase
[252.695s][info][gc,phases      ] GC(393) Summary Phase 0.090ms
[252.695s][info][gc,phases,start] GC(393) Adjust Roots
[252.696s][info][gc,phases      ] GC(393) Adjust Roots 0.195ms
[252.696s][info][gc,phases,start] GC(393) Compaction Phase
[253.239s][info][gc,phases      ] GC(393) Compaction Phase 543.635ms
[253.239s][info][gc,phases,start] GC(393) Post Compact
[253.253s][info][gc,phases      ] GC(393) Post Compact 13.303ms
[253.253s][info][gc,heap        ] GC(393) PSYoungGen: 149504K(334848K)->149504K(334848K) Eden: 149504K(149504K)->149504K(149504K) From: 0K(185344K)->0K(185344K)
[253.253s][info][gc,heap        ] GC(393) ParOldGen: 8874940K(8875008K)->8874940K(8875008K)
[253.253s][info][gc,metaspace   ] GC(393) Metaspace: 6302K(6464K)->6302K(6464K) NonClass: 5768K(5824K)->5768K(5824K) Class: 533K(640K)->533K(640K)
[253.253s][info][gc             ] GC(393) Pause Full (Ergonomics) 8812M->8812M(8994M) 2592.922ms
[253.253s][info][gc,cpu         ] GC(393) User=19.72s Sys=0.03s Real=2.59s
[253.253s][info][gc,start       ] GC(394) Pause Full (Ergonomics)
[253.253s][info][gc,phases,start] GC(394) Marking Phase
[255.277s][info][gc,phases      ] GC(394) Marking Phase 2024.012ms
[255.277s][info][gc,phases,start] GC(394) Summary Phase
[255.277s][info][gc,phases      ] GC(394) Summary Phase 0.113ms
[255.277s][info][gc,phases,start] GC(394) Adjust Roots
[255.277s][info][gc,phases      ] GC(394) Adjust Roots 0.203ms
[255.277s][info][gc,phases,start] GC(394) Compaction Phase
[255.826s][info][gc,phases      ] GC(394) Compaction Phase 548.945ms
[255.826s][info][gc,phases,start] GC(394) Post Compact
[255.840s][info][gc,phases      ] GC(394) Post Compact 13.272ms
[255.840s][info][gc,heap        ] GC(394) PSYoungGen: 149504K(334848K)->149504K(334848K) Eden: 149504K(149504K)->149504K(149504K) From: 0K(185344K)->0K(185344K)
[255.840s][info][gc,heap        ] GC(394) ParOldGen: 8874945K(8875008K)->8874945K(8875008K)
[255.840s][info][gc,metaspace   ] GC(394) Metaspace: 6302K(6464K)->6302K(6464K) NonClass: 5768K(5824K)->5768K(5824K) Class: 533K(640K)->533K(640K)
[255.840s][info][gc             ] GC(394) Pause Full (Ergonomics) 8812M->8812M(8994M) 2586.932ms
[255.840s][info][gc,cpu         ] GC(394) User=19.64s Sys=0.02s Real=2.59s
[255.840s][info][gc,start       ] GC(395) Pause Full (Ergonomics)
[255.840s][info][gc,phases,start] GC(395) Marking Phase
[257.892s][info][gc,phases      ] GC(395) Marking Phase 2051.914ms
[257.892s][info][gc,phases,start] GC(395) Summary Phase
[257.892s][info][gc,phases      ] GC(395) Summary Phase 0.085ms
[257.892s][info][gc,phases,start] GC(395) Adjust Roots
[257.892s][info][gc,phases      ] GC(395) Adjust Roots 0.164ms
[257.892s][info][gc,phases,start] GC(395) Compaction Phase
[258.440s][info][gc,phases      ] GC(395) Compaction Phase 547.310ms
[258.440s][info][gc,phases,start] GC(395) Post Compact
[258.453s][info][gc,phases      ] GC(395) Post Compact 13.008ms
[258.453s][info][gc,heap        ] GC(395) PSYoungGen: 149504K(334848K)->149504K(334848K) Eden: 149504K(149504K)->149504K(149504K) From: 0K(185344K)->0K(185344K)
[258.453s][info][gc,heap        ] GC(395) ParOldGen: 8874950K(8875008K)->8874950K(8875008K)
[258.453s][info][gc,metaspace   ] GC(395) Metaspace: 6302K(6464K)->6302K(6464K) NonClass: 5768K(5824K)->5768K(5824K) Class: 533K(640K)->533K(640K)
[258.453s][info][gc             ] GC(395) Pause Full (Ergonomics) 8812M->8812M(8994M) 2612.819ms
[258.453s][info][gc,cpu         ] GC(395) User=19.77s Sys=0.00s Real=2.61s
[258.453s][info][gc,start       ] GC(396) Pause Full (Ergonomics)
[258.453s][info][gc,phases,start] GC(396) Marking Phase
[260.482s][info][gc,phases      ] GC(396) Marking Phase 2028.610ms
[260.482s][info][gc,phases,start] GC(396) Summary Phase
[260.482s][info][gc,phases      ] GC(396) Summary Phase 0.084ms
[260.482s][info][gc,phases,start] GC(396) Adjust Roots
[260.482s][info][gc,phases      ] GC(396) Adjust Roots 0.166ms
[260.482s][info][gc,phases,start] GC(396) Compaction Phase
[261.018s][info][gc,phases      ] GC(396) Compaction Phase 535.835ms
[261.018s][info][gc,phases,start] GC(396) Post Compact
[261.032s][info][gc,phases      ] GC(396) Post Compact 13.658ms
[261.032s][info][gc,heap        ] GC(396) PSYoungGen: 149504K(334848K)->149504K(334848K) Eden: 149504K(149504K)->149504K(149504K) From: 0K(185344K)->0K(185344K)
[261.032s][info][gc,heap        ] GC(396) ParOldGen: 8874955K(8875008K)->8874955K(8875008K)
[261.032s][info][gc,metaspace   ] GC(396) Metaspace: 6302K(6464K)->6302K(6464K) NonClass: 5768K(5824K)->5768K(5824K) Class: 533K(640K)->533K(640K)
[261.032s][info][gc             ] GC(396) Pause Full (Ergonomics) 8812M->8812M(8994M) 2578.691ms
[261.032s][info][gc,cpu         ] GC(396) User=19.78s Sys=0.00s Real=2.58s
[261.032s][info][gc,start       ] GC(397) Pause Full (Ergonomics)
[261.032s][info][gc,phases,start] GC(397) Marking Phase
[263.073s][info][gc,phases      ] GC(397) Marking Phase 2041.245ms
[263.073s][info][gc,phases,start] GC(397) Summary Phase
[263.073s][info][gc,phases      ] GC(397) Summary Phase 0.101ms
[263.074s][info][gc,phases,start] GC(397) Adjust Roots
[263.074s][info][gc,phases      ] GC(397) Adjust Roots 0.232ms
[263.074s][info][gc,phases,start] GC(397) Compaction Phase
[263.615s][info][gc,phases      ] GC(397) Compaction Phase 541.614ms
[263.615s][info][gc,phases,start] GC(397) Post Compact
[263.629s][info][gc,phases      ] GC(397) Post Compact 13.665ms
[263.629s][info][gc,heap        ] GC(397) PSYoungGen: 149504K(334848K)->149504K(334848K) Eden: 149504K(149504K)->149504K(149504K) From: 0K(185344K)->0K(185344K)
[263.629s][info][gc,heap        ] GC(397) ParOldGen: 8874959K(8875008K)->8874959K(8875008K)
[263.629s][info][gc,metaspace   ] GC(397) Metaspace: 6302K(6464K)->6302K(6464K) NonClass: 5768K(5824K)->5768K(5824K) Class: 533K(640K)->533K(640K)
[263.629s][info][gc             ] GC(397) Pause Full (Ergonomics) 8812M->8812M(8994M) 2597.222ms
[263.629s][info][gc,cpu         ] GC(397) User=19.70s Sys=0.03s Real=2.60s
[263.629s][info][gc,start       ] GC(398) Pause Full (Ergonomics)
[263.630s][info][gc,phases,start] GC(398) Marking Phase
[265.626s][info][gc,phases      ] GC(398) Marking Phase 1996.773ms
[265.626s][info][gc,phases,start] GC(398) Summary Phase
[265.626s][info][gc,phases      ] GC(398) Summary Phase 0.100ms
[265.626s][info][gc,phases,start] GC(398) Adjust Roots
[265.627s][info][gc,phases      ] GC(398) Adjust Roots 0.205ms
[265.627s][info][gc,phases,start] GC(398) Compaction Phase
[266.224s][info][gc,phases      ] GC(398) Compaction Phase 597.114ms
[266.224s][info][gc,phases,start] GC(398) Post Compact
[266.240s][info][gc,phases      ] GC(398) Post Compact 15.627ms
[266.240s][info][gc,heap        ] GC(398) PSYoungGen: 149504K(334848K)->149504K(334848K) Eden: 149504K(149504K)->149504K(149504K) From: 0K(185344K)->0K(185344K)
[266.240s][info][gc,heap        ] GC(398) ParOldGen: 8874964K(8875008K)->8874964K(8875008K)
[266.240s][info][gc,metaspace   ] GC(398) Metaspace: 6302K(6464K)->6302K(6464K) NonClass: 5768K(5824K)->5768K(5824K) Class: 533K(640K)->533K(640K)
[266.240s][info][gc             ] GC(398) Pause Full (Ergonomics) 8812M->8812M(8994M) 2610.181ms
[266.240s][info][gc,cpu         ] GC(398) User=19.45s Sys=0.00s Real=2.61s
[266.240s][info][gc,start       ] GC(399) Pause Full (Ergonomics)
[266.240s][info][gc,phases,start] GC(399) Marking Phase
[268.666s][info][gc,phases      ] GC(399) Marking Phase 2426.105ms
[268.666s][info][gc,phases,start] GC(399) Summary Phase
[268.666s][info][gc,phases      ] GC(399) Summary Phase 0.293ms
[268.667s][info][gc,phases,start] GC(399) Adjust Roots
[268.667s][info][gc,phases      ] GC(399) Adjust Roots 0.381ms
[268.667s][info][gc,phases,start] GC(399) Compaction Phase
[269.322s][info][gc,phases      ] GC(399) Compaction Phase 654.601ms
[269.322s][info][gc,phases,start] GC(399) Post Compact
[269.340s][info][gc,phases      ] GC(399) Post Compact 18.772ms
[269.341s][info][gc,heap        ] GC(399) PSYoungGen: 149504K(334848K)->149504K(334848K) Eden: 149504K(149504K)->149504K(149504K) From: 0K(185344K)->0K(185344K)
[269.341s][info][gc,heap        ] GC(399) ParOldGen: 8874969K(8875008K)->8874969K(8875008K)
[269.341s][info][gc,metaspace   ] GC(399) Metaspace: 6302K(6464K)->6302K(6464K) NonClass: 5768K(5824K)->5768K(5824K) Class: 533K(640K)->533K(640K)
[269.341s][info][gc             ] GC(399) Pause Full (Ergonomics) 8812M->8812M(8994M) 3100.694ms
[269.341s][info][gc,cpu         ] GC(399) User=19.47s Sys=0.02s Real=3.10s
[269.341s][info][gc,start       ] GC(400) Pause Full (Ergonomics)
[269.341s][info][gc,phases,start] GC(400) Marking Phase
[271.613s][info][gc,phases      ] GC(400) Marking Phase 2272.514ms
[271.613s][info][gc,phases,start] GC(400) Summary Phase
[271.614s][info][gc,phases      ] GC(400) Summary Phase 0.161ms
[271.614s][info][gc,phases,start] GC(400) Adjust Roots
[271.614s][info][gc,phases      ] GC(400) Adjust Roots 0.359ms
[271.614s][info][gc,phases,start] GC(400) Compaction Phase
[272.274s][info][gc,phases      ] GC(400) Compaction Phase 659.611ms
[272.274s][info][gc,phases,start] GC(400) Post Compact
[272.293s][info][gc,phases      ] GC(400) Post Compact 18.849ms
[272.293s][info][gc,heap        ] GC(400) PSYoungGen: 149504K(334848K)->149504K(334848K) Eden: 149504K(149504K)->149504K(149504K) From: 0K(185344K)->0K(185344K)
[272.293s][info][gc,heap        ] GC(400) ParOldGen: 8874974K(8875008K)->8874974K(8875008K)
[272.293s][info][gc,metaspace   ] GC(400) Metaspace: 6302K(6464K)->6302K(6464K) NonClass: 5768K(5824K)->5768K(5824K) Class: 533K(640K)->533K(640K)
[272.293s][info][gc             ] GC(400) Pause Full (Ergonomics) 8812M->8812M(8994M) 2951.953ms
[272.293s][info][gc,cpu         ] GC(400) User=19.72s Sys=0.02s Real=2.95s
[272.293s][info][gc,start       ] GC(401) Pause Full (Ergonomics)
[272.293s][info][gc,phases,start] GC(401) Marking Phase
[274.578s][info][gc,phases      ] GC(401) Marking Phase 2284.458ms
[274.578s][info][gc,phases,start] GC(401) Summary Phase
[274.578s][info][gc,phases      ] GC(401) Summary Phase 0.191ms
[274.578s][info][gc,phases,start] GC(401) Adjust Roots
[274.578s][info][gc,phases      ] GC(401) Adjust Roots 0.371ms
[274.578s][info][gc,phases,start] GC(401) Compaction Phase
[275.228s][info][gc,phases      ] GC(401) Compaction Phase 649.725ms
[275.228s][info][gc,phases,start] GC(401) Post Compact
[275.247s][info][gc,phases      ] GC(401) Post Compact 18.705ms
[275.247s][info][gc,heap        ] GC(401) PSYoungGen: 149504K(334848K)->149504K(334848K) Eden: 149504K(149504K)->149504K(149504K) From: 0K(185344K)->0K(185344K)
[275.247s][info][gc,heap        ] GC(401) ParOldGen: 8874979K(8875008K)->8874979K(8875008K)
[275.247s][info][gc,metaspace   ] GC(401) Metaspace: 6302K(6464K)->6302K(6464K) NonClass: 5768K(5824K)->5768K(5824K) Class: 533K(640K)->533K(640K)
[275.247s][info][gc             ] GC(401) Pause Full (Ergonomics) 8812M->8812M(8994M) 2954.018ms
[275.247s][info][gc,cpu         ] GC(401) User=19.78s Sys=0.00s Real=2.95s
[275.247s][info][gc,start       ] GC(402) Pause Full (Ergonomics)
[275.247s][info][gc,phases,start] GC(402) Marking Phase
[277.504s][info][gc,phases      ] GC(402) Marking Phase 2256.943ms
[277.504s][info][gc,phases,start] GC(402) Summary Phase
[277.504s][info][gc,phases      ] GC(402) Summary Phase 0.181ms
[277.505s][info][gc,phases,start] GC(402) Adjust Roots
[277.505s][info][gc,phases      ] GC(402) Adjust Roots 0.479ms
[277.505s][info][gc,phases,start] GC(402) Compaction Phase
[278.150s][info][gc,phases      ] GC(402) Compaction Phase 645.093ms
[278.150s][info][gc,phases,start] GC(402) Post Compact
[278.170s][info][gc,phases      ] GC(402) Post Compact 19.823ms
[278.170s][info][gc,heap        ] GC(402) PSYoungGen: 149504K(334848K)->149504K(334848K) Eden: 149504K(149504K)->149504K(149504K) From: 0K(185344K)->0K(185344K)
[278.170s][info][gc,heap        ] GC(402) ParOldGen: 8874984K(8875008K)->8874984K(8875008K)
[278.170s][info][gc,metaspace   ] GC(402) Metaspace: 6302K(6464K)->6302K(6464K) NonClass: 5768K(5824K)->5768K(5824K) Class: 533K(640K)->533K(640K)
[278.171s][info][gc             ] GC(402) Pause Full (Ergonomics) 8812M->8812M(8994M) 2923.297ms
[278.171s][info][gc,cpu         ] GC(402) User=19.84s Sys=0.06s Real=2.92s
[278.171s][info][gc,start       ] GC(403) Pause Full (Ergonomics)
[278.171s][info][gc,phases,start] GC(403) Marking Phase
[280.382s][info][gc,phases      ] GC(403) Marking Phase 2211.362ms
[280.382s][info][gc,phases,start] GC(403) Summary Phase
[280.383s][info][gc,phases      ] GC(403) Summary Phase 0.176ms
[280.383s][info][gc,phases,start] GC(403) Adjust Roots
[280.383s][info][gc,phases      ] GC(403) Adjust Roots 0.340ms
[280.383s][info][gc,phases,start] GC(403) Compaction Phase
[280.969s][info][gc,phases      ] GC(403) Compaction Phase 586.202ms
[280.969s][info][gc,phases,start] GC(403) Post Compact
[280.986s][info][gc,phases      ] GC(403) Post Compact 16.172ms
[280.986s][info][gc,heap        ] GC(403) PSYoungGen: 149504K(334848K)->149504K(334848K) Eden: 149504K(149504K)->149504K(149504K) From: 0K(185344K)->0K(185344K)
[280.986s][info][gc,heap        ] GC(403) ParOldGen: 8874988K(8875008K)->8874988K(8875008K)
[280.986s][info][gc,metaspace   ] GC(403) Metaspace: 6302K(6464K)->6302K(6464K) NonClass: 5768K(5824K)->5768K(5824K) Class: 533K(640K)->533K(640K)
[280.986s][info][gc             ] GC(403) Pause Full (Ergonomics) 8812M->8812M(8994M) 2814.803ms
[280.986s][info][gc,cpu         ] GC(403) User=19.84s Sys=0.02s Real=2.81s
[280.986s][info][gc,start       ] GC(404) Pause Full (Ergonomics)
[280.986s][info][gc,phases,start] GC(404) Marking Phase
[282.989s][info][gc,phases      ] GC(404) Marking Phase 2003.023ms
[282.989s][info][gc,phases,start] GC(404) Summary Phase
[282.989s][info][gc,phases      ] GC(404) Summary Phase 0.125ms
[282.989s][info][gc,phases,start] GC(404) Adjust Roots
[282.990s][info][gc,phases      ] GC(404) Adjust Roots 0.321ms
[282.990s][info][gc,phases,start] GC(404) Compaction Phase
[283.553s][info][gc,phases      ] GC(404) Compaction Phase 563.162ms
[283.553s][info][gc,phases,start] GC(404) Post Compact
[283.566s][info][gc,phases      ] GC(404) Post Compact 13.328ms
[283.566s][info][gc,heap        ] GC(404) PSYoungGen: 149504K(334848K)->149504K(334848K) Eden: 149504K(149504K)->149504K(149504K) From: 0K(185344K)->0K(185344K)
[283.566s][info][gc,heap        ] GC(404) ParOldGen: 8874993K(8875008K)->8874993K(8875008K)
[283.566s][info][gc,metaspace   ] GC(404) Metaspace: 6302K(6464K)->6302K(6464K) NonClass: 5768K(5824K)->5768K(5824K) Class: 533K(640K)->533K(640K)
[283.566s][info][gc             ] GC(404) Pause Full (Ergonomics) 8812M->8812M(8994M) 2580.368ms
[283.566s][info][gc,cpu         ] GC(404) User=19.48s Sys=0.02s Real=2.58s
[283.566s][info][gc,start       ] GC(405) Pause Full (Ergonomics)
[283.567s][info][gc,phases,start] GC(405) Marking Phase
[285.573s][info][gc,phases      ] GC(405) Marking Phase 2006.051ms
[285.573s][info][gc,phases,start] GC(405) Summary Phase
[285.573s][info][gc,phases      ] GC(405) Summary Phase 0.157ms
[285.573s][info][gc,phases,start] GC(405) Adjust Roots
[285.573s][info][gc,phases      ] GC(405) Adjust Roots 0.307ms
[285.573s][info][gc,phases,start] GC(405) Compaction Phase
[286.174s][info][gc,phases      ] GC(405) Compaction Phase 600.707ms
[286.174s][info][gc,phases,start] GC(405) Post Compact
[286.187s][info][gc,phases      ] GC(405) Post Compact 13.070ms
[286.187s][info][gc,heap        ] GC(405) PSYoungGen: 149504K(334848K)->149504K(334848K) Eden: 149504K(149504K)->149504K(149504K) From: 0K(185344K)->0K(185344K)
[286.187s][info][gc,heap        ] GC(405) ParOldGen: 8874998K(8875008K)->8874998K(8875008K)
[286.187s][info][gc,metaspace   ] GC(405) Metaspace: 6302K(6464K)->6302K(6464K) NonClass: 5768K(5824K)->5768K(5824K) Class: 533K(640K)->533K(640K)
[286.187s][info][gc             ] GC(405) Pause Full (Ergonomics) 8812M->8812M(8994M) 2620.717ms
[286.187s][info][gc,cpu         ] GC(405) User=19.84s Sys=0.02s Real=2.62s
[286.187s][info][gc,start       ] GC(406) Pause Full (Ergonomics)
[286.187s][info][gc,phases,start] GC(406) Marking Phase
[288.266s][info][gc,phases      ] GC(406) Marking Phase 2078.756ms
[288.266s][info][gc,phases,start] GC(406) Summary Phase
[288.266s][info][gc,phases      ] GC(406) Summary Phase 0.129ms
[288.266s][info][gc,phases,start] GC(406) Adjust Roots
[288.267s][info][gc,phases      ] GC(406) Adjust Roots 0.258ms
[288.267s][info][gc,phases,start] GC(406) Compaction Phase
[288.832s][info][gc,phases      ] GC(406) Compaction Phase 565.092ms
[288.832s][info][gc,phases,start] GC(406) Post Compact
[288.845s][info][gc,phases      ] GC(406) Post Compact 13.081ms
[288.845s][info][gc,heap        ] GC(406) PSYoungGen: 149504K(334848K)->149504K(334848K) Eden: 149504K(149504K)->149504K(149504K) From: 0K(185344K)->0K(185344K)
[288.845s][info][gc,heap        ] GC(406) ParOldGen: 8875003K(8875008K)->8875003K(8875008K)
[288.845s][info][gc,metaspace   ] GC(406) Metaspace: 6302K(6464K)->6302K(6464K) NonClass: 5768K(5824K)->5768K(5824K) Class: 533K(640K)->533K(640K)
[288.845s][info][gc             ] GC(406) Pause Full (Ergonomics) 8812M->8812M(8994M) 2657.677ms
[288.845s][info][gc,cpu         ] GC(406) User=20.12s Sys=0.00s Real=2.66s
[288.845s][info][gc,start       ] GC(407) Pause Full (Ergonomics)
[288.845s][info][gc,phases,start] GC(407) Marking Phase
[290.839s][info][gc,phases      ] GC(407) Marking Phase 1993.343ms
[290.839s][info][gc,phases,start] GC(407) Summary Phase
[290.839s][info][gc,phases      ] GC(407) Summary Phase 0.214ms
[290.839s][info][gc,phases,start] GC(407) Adjust Roots
[290.839s][info][gc,phases      ] GC(407) Adjust Roots 0.336ms
[290.839s][info][gc,phases,start] GC(407) Compaction Phase
[291.383s][info][gc,phases      ] GC(407) Compaction Phase 543.182ms
[291.383s][info][gc,phases,start] GC(407) Post Compact
[291.396s][info][gc,phases      ] GC(407) Post Compact 13.167ms
[291.396s][info][gc,heap        ] GC(407) PSYoungGen: 149504K(334848K)->149504K(334848K) Eden: 149504K(149504K)->149504K(149504K) From: 0K(185344K)->0K(185344K)
[291.396s][info][gc,heap        ] GC(407) ParOldGen: 8875007K(8875008K)->8875007K(8875008K)
[291.396s][info][gc,metaspace   ] GC(407) Metaspace: 6302K(6464K)->6302K(6464K) NonClass: 5768K(5824K)->5768K(5824K) Class: 533K(640K)->533K(640K)
[291.396s][info][gc             ] GC(407) Pause Full (Ergonomics) 8812M->8812M(8994M) 2550.714ms
[291.396s][info][gc,cpu         ] GC(407) User=19.52s Sys=0.00s Real=2.55s
[291.396s][info][gc,start       ] GC(408) Pause Full (Allocation Failure)
[291.396s][info][gc,phases,start] GC(408) Marking Phase
[293.402s][info][gc,phases      ] GC(408) Marking Phase 2006.053ms
[293.402s][info][gc,phases,start] GC(408) Summary Phase
[293.402s][info][gc,phases      ] GC(408) Summary Phase 0.085ms
[293.402s][info][gc,phases,start] GC(408) Adjust Roots
[293.403s][info][gc,phases      ] GC(408) Adjust Roots 0.373ms
[293.403s][info][gc,phases,start] GC(408) Compaction Phase
[295.626s][info][gc,phases      ] GC(408) Compaction Phase 2223.681ms
[295.626s][info][gc,phases,start] GC(408) Post Compact
[295.640s][info][gc,phases      ] GC(408) Post Compact 13.284ms
[295.640s][info][gc,heap        ] GC(408) PSYoungGen: 149504K(334848K)->149504K(334848K) Eden: 149504K(149504K)->149504K(149504K) From: 0K(185344K)->0K(185344K)
[295.640s][info][gc,heap        ] GC(408) ParOldGen: 8875007K(8875008K)->8875003K(8875008K)
[295.640s][info][gc,metaspace   ] GC(408) Metaspace: 6302K(6464K)->6300K(6464K) NonClass: 5768K(5824K)->5767K(5824K) Class: 533K(640K)->532K(640K)
[295.640s][info][gc             ] GC(408) Pause Full (Allocation Failure) 8812M->8812M(8994M) 4243.831ms
[295.640s][info][gc,cpu         ] GC(408) User=31.39s Sys=0.03s Real=4.24s
[295.640s][info][gc,start       ] GC(409) Pause Full (Ergonomics)
[295.640s][info][gc,phases,start] GC(409) Marking Phase
[297.637s][info][gc,phases      ] GC(409) Marking Phase 1996.823ms
[297.637s][info][gc,phases,start] GC(409) Summary Phase
[297.637s][info][gc,phases      ] GC(409) Summary Phase 0.088ms
[297.637s][info][gc,phases,start] GC(409) Adjust Roots
[297.638s][info][gc,phases      ] GC(409) Adjust Roots 0.194ms
[297.638s][info][gc,phases,start] GC(409) Compaction Phase
[298.182s][info][gc,phases      ] GC(409) Compaction Phase 544.430ms
[298.182s][info][gc,phases,start] GC(409) Post Compact
[298.198s][info][gc,phases      ] GC(409) Post Compact 15.608ms
[298.198s][info][gc,heap        ] GC(409) PSYoungGen: 149504K(334848K)->149504K(334848K) Eden: 149504K(149504K)->149504K(149504K) From: 0K(185344K)->0K(185344K)
[298.198s][info][gc,heap        ] GC(409) ParOldGen: 8875004K(8875008K)->8875004K(8875008K)
[298.198s][info][gc,metaspace   ] GC(409) Metaspace: 6300K(6464K)->6300K(6464K) NonClass: 5767K(5824K)->5767K(5824K) Class: 532K(640K)->532K(640K)
[298.198s][info][gc             ] GC(409) Pause Full (Ergonomics) 8812M->8812M(8994M) 2557.485ms
[298.198s][info][gc,cpu         ] GC(409) User=19.44s Sys=0.03s Real=2.56s
[298.198s][info][gc,start       ] GC(410) Pause Full (Ergonomics)
[298.198s][info][gc,phases,start] GC(410) Marking Phase
[300.241s][info][gc,phases      ] GC(410) Marking Phase 2042.462ms
[300.241s][info][gc,phases,start] GC(410) Summary Phase
[300.241s][info][gc,phases      ] GC(410) Summary Phase 0.089ms
[300.241s][info][gc,phases,start] GC(410) Adjust Roots
[300.241s][info][gc,phases      ] GC(410) Adjust Roots 0.191ms
[300.241s][info][gc,phases,start] GC(410) Compaction Phase
[300.796s][info][gc,phases      ] GC(410) Compaction Phase 554.910ms
[300.796s][info][gc,phases,start] GC(410) Post Compact
[300.810s][info][gc,phases      ] GC(410) Post Compact 13.555ms
[300.810s][info][gc,heap        ] GC(410) PSYoungGen: 149504K(334848K)->149504K(334848K) Eden: 149504K(149504K)->149504K(149504K) From: 0K(185344K)->0K(185344K)
[300.810s][info][gc,heap        ] GC(410) ParOldGen: 8875007K(8875008K)->8875007K(8875008K)
[300.810s][info][gc,metaspace   ] GC(410) Metaspace: 6300K(6464K)->6300K(6464K) NonClass: 5767K(5824K)->5767K(5824K) Class: 532K(640K)->532K(640K)
[300.810s][info][gc             ] GC(410) Pause Full (Ergonomics) 8812M->8812M(8994M) 2611.569ms
[300.810s][info][gc,cpu         ] GC(410) User=19.75s Sys=0.00s Real=2.61s
[300.810s][info][gc,start       ] GC(411) Pause Full (Allocation Failure)
[300.810s][info][gc,phases,start] GC(411) Marking Phase
[302.829s][info][gc,phases      ] GC(411) Marking Phase 2019.577ms
[302.829s][info][gc,phases,start] GC(411) Summary Phase
[302.830s][info][gc,phases      ] GC(411) Summary Phase 0.092ms
[302.830s][info][gc,phases,start] GC(411) Adjust Roots
[302.830s][info][gc,phases      ] GC(411) Adjust Roots 0.173ms
[302.830s][info][gc,phases,start] GC(411) Compaction Phase
[303.372s][info][gc,phases      ] GC(411) Compaction Phase 542.159ms
[303.372s][info][gc,phases,start] GC(411) Post Compact
[303.385s][info][gc,phases      ] GC(411) Post Compact 13.181ms
[303.385s][info][gc,heap        ] GC(411) PSYoungGen: 149504K(334848K)->149504K(334848K) Eden: 149504K(149504K)->149504K(149504K) From: 0K(185344K)->0K(185344K)
[303.385s][info][gc,heap        ] GC(411) ParOldGen: 8875007K(8875008K)->8875007K(8875008K)
[303.385s][info][gc,metaspace   ] GC(411) Metaspace: 6300K(6464K)->6300K(6464K) NonClass: 5767K(5824K)->5767K(5824K) Class: 532K(640K)->532K(640K)
[303.385s][info][gc             ] GC(411) Pause Full (Allocation Failure) 8812M->8812M(8994M) 2575.539ms
[303.385s][info][gc,cpu         ] GC(411) User=19.69s Sys=0.00s Real=2.58s
[303.386s][info][gc,start       ] GC(412) Pause Full (Ergonomics)
[303.386s][info][gc,phases,start] GC(412) Marking Phase
[305.398s][info][gc,phases      ] GC(412) Marking Phase 2011.808ms
[305.398s][info][gc,phases,start] GC(412) Summary Phase
[305.398s][info][gc,phases      ] GC(412) Summary Phase 0.138ms
[305.398s][info][gc,phases,start] GC(412) Adjust Roots
[305.398s][info][gc,phases      ] GC(412) Adjust Roots 0.340ms
[305.398s][info][gc,phases,start] GC(412) Compaction Phase
[307.668s][info][gc,phases      ] GC(412) Compaction Phase 2269.484ms
[307.668s][info][gc,phases,start] GC(412) Post Compact
[307.683s][info][gc,phases      ] GC(412) Post Compact 15.376ms
[307.683s][info][gc,heap        ] GC(412) PSYoungGen: 149504K(334848K)->149504K(334848K) Eden: 149504K(149504K)->149504K(149504K) From: 0K(185344K)->0K(185344K)
[307.683s][info][gc,heap        ] GC(412) ParOldGen: 8875007K(8875008K)->8875006K(8875008K)
[307.683s][info][gc,metaspace   ] GC(412) Metaspace: 6300K(6464K)->6300K(6464K) NonClass: 5767K(5824K)->5767K(5824K) Class: 532K(640K)->532K(640K)
[307.683s][info][gc             ] GC(412) Pause Full (Ergonomics) 8812M->8812M(8994M) 4297.566ms
[307.683s][info][gc,cpu         ] GC(412) User=32.11s Sys=0.00s Real=4.30s
[307.684s][info][gc,start       ] GC(413) Pause Full (Ergonomics)
[307.684s][info][gc,phases,start] GC(413) Marking Phase
[309.706s][info][gc,phases      ] GC(413) Marking Phase 2022.600ms
[309.706s][info][gc,phases,start] GC(413) Summary Phase
[309.707s][info][gc,phases      ] GC(413) Summary Phase 0.098ms
[309.707s][info][gc,phases,start] GC(413) Adjust Roots
[309.707s][info][gc,phases      ] GC(413) Adjust Roots 0.207ms
[309.707s][info][gc,phases,start] GC(413) Compaction Phase
[310.256s][info][gc,phases      ] GC(413) Compaction Phase 549.400ms
[310.256s][info][gc,phases,start] GC(413) Post Compact
[310.271s][info][gc,phases      ] GC(413) Post Compact 14.936ms
[310.271s][info][gc,heap        ] GC(413) PSYoungGen: 149504K(334848K)->149504K(334848K) Eden: 149504K(149504K)->149504K(149504K) From: 0K(185344K)->0K(185344K)
[310.271s][info][gc,heap        ] GC(413) ParOldGen: 8875006K(8875008K)->8875006K(8875008K)
[310.271s][info][gc,metaspace   ] GC(413) Metaspace: 6300K(6464K)->6300K(6464K) NonClass: 5767K(5824K)->5767K(5824K) Class: 532K(640K)->532K(640K)
[310.271s][info][gc             ] GC(413) Pause Full (Ergonomics) 8812M->8812M(8994M) 2587.652ms
[310.271s][info][gc,cpu         ] GC(413) User=19.70s Sys=0.03s Real=2.59s
[310.272s][info][gc,start       ] GC(414) Pause Full (Ergonomics)
[310.272s][info][gc,phases,start] GC(414) Marking Phase
[312.282s][info][gc,phases      ] GC(414) Marking Phase 2009.813ms
[312.282s][info][gc,phases,start] GC(414) Summary Phase
[312.282s][info][gc,phases      ] GC(414) Summary Phase 0.098ms
[312.282s][info][gc,phases,start] GC(414) Adjust Roots
[312.283s][info][gc,phases      ] GC(414) Adjust Roots 0.377ms
[312.283s][info][gc,phases,start] GC(414) Compaction Phase
[314.542s][info][gc,phases      ] GC(414) Compaction Phase 2259.492ms
[314.542s][info][gc,phases,start] GC(414) Post Compact
[314.556s][info][gc,phases      ] GC(414) Post Compact 13.201ms
[314.556s][info][gc,heap        ] GC(414) PSYoungGen: 149504K(334848K)->149504K(334848K) Eden: 149504K(149504K)->149504K(149504K) From: 0K(185344K)->0K(185344K)
[314.556s][info][gc,heap        ] GC(414) ParOldGen: 8875007K(8875008K)->8875005K(8875008K)
[314.556s][info][gc,metaspace   ] GC(414) Metaspace: 6302K(6528K)->6302K(6528K) NonClass: 5768K(5888K)->5768K(5888K) Class: 533K(640K)->533K(640K)
[314.556s][info][gc             ] GC(414) Pause Full (Ergonomics) 8812M->8812M(8994M) 4283.369ms
[314.556s][info][gc,cpu         ] GC(414) User=31.94s Sys=0.00s Real=4.28s
[314.556s][info][gc,heap,exit   ] Heap
[314.556s][info][gc,heap,exit   ]  PSYoungGen      total 334848K, used 149504K [0x00000006f1300000, 0x0000000711b00000, 0x0000000800000000)
[314.556s][info][gc,heap,exit   ]   eden space 149504K, 100% used [0x00000006f1300000,0x00000006fa500000,0x00000006fa500000)
[314.556s][info][gc,heap,exit   ]   from space 185344K, 0% used [0x0000000706600000,0x0000000706600000,0x0000000711b00000)
[314.556s][info][gc,heap,exit   ]   to   space 185344K, 0% used [0x00000006fa500000,0x00000006fa500000,0x0000000705a00000)
[314.556s][info][gc,heap,exit   ]  ParOldGen       total 8875008K, used 8875006K [0x00000004d3800000, 0x00000006f1300000, 0x00000006f1300000)
[314.556s][info][gc,heap,exit   ]   object space 8875008K, 99% used [0x00000004d3800000,0x00000006f12ff800,0x00000006f1300000)
[314.556s][info][gc,heap,exit   ]  Metaspace       used 6305K, committed 6528K, reserved 1114112K
[314.556s][info][gc,heap,exit   ]   class space    used 534K, committed 640K, reserved 1048576K
