[0.014s][info][gc,init] CardTable entry size: 512
[0.014s][info][gc     ] Using Parallel
[0.015s][info][gc,init] Version: 18.0.1+10 (release)
[0.016s][info][gc,init] CPUs: 8 total, 8 available
[0.016s][info][gc,init] Memory: 16063M
[0.016s][info][gc,init] Large Page Support: Disabled
[0.016s][info][gc,init] NUMA Support: Disabled
[0.016s][info][gc,init] Compressed Oops: Enabled (Zero based)
[0.016s][info][gc,init] Alignments: Space 512K, Generation 512K, Heap 2M
[0.016s][info][gc,init] Heap Min Capacity: 2M
[0.016s][info][gc,init] Heap Initial Capacity: 2M
[0.016s][info][gc,init] Heap Max Capacity: 14600M
[0.016s][info][gc,init] Pre-touch: Disabled
[0.016s][info][gc,init] Parallel Workers: 8
[0.016s][info][gc,metaspace] CDS archive(s) not mapped
[0.016s][info][gc,metaspace] Compressed class space mapped at: 0x0000000800000000-0x0000000840000000, reserved size: 1073741824
[0.016s][info][gc,metaspace] Narrow klass base: 0x0000000800000000, Narrow klass shift: 0, Narrow klass range: 0x40000000
[0.113s][info][gc,start    ] GC(0) Pause Young (Allocation Failure)
[0.114s][info][gc,heap     ] GC(0) PSYoungGen: 512K(1024K)->480K(1024K) Eden: 512K(512K)->0K(512K) From: 0K(512K)->480K(512K)
[0.114s][info][gc,heap     ] GC(0) ParOldGen: 0K(512K)->8K(512K)
[0.114s][info][gc,metaspace] GC(0) Metaspace: 4229K(4352K)->4229K(4352K) NonClass: 3908K(3968K)->3908K(3968K) Class: 321K(384K)->321K(384K)
[0.115s][info][gc          ] GC(0) Pause Young (Allocation Failure) 0M->0M(1M) 1.220ms
[0.115s][info][gc,cpu      ] GC(0) User=0.00s Sys=0.00s Real=0.00s
[0.176s][info][gc,start    ] GC(1) Pause Young (Allocation Failure)
[0.177s][info][gc,heap     ] GC(1) PSYoungGen: 991K(1024K)->512K(1536K) Eden: 511K(512K)->0K(1024K) From: 480K(512K)->512K(512K)
[0.177s][info][gc,heap     ] GC(1) ParOldGen: 8K(512K)->88K(512K)
[0.177s][info][gc,metaspace] GC(1) Metaspace: 5881K(6016K)->5881K(6016K) NonClass: 5384K(5504K)->5384K(5504K) Class: 496K(512K)->496K(512K)
[0.177s][info][gc          ] GC(1) Pause Young (Allocation Failure) 0M->0M(2M) 0.884ms
[0.177s][info][gc,cpu      ] GC(1) User=0.00s Sys=0.00s Real=0.00s
[0.198s][info][gc,start    ] GC(2) Pause Young (Allocation Failure)
[0.199s][info][gc,heap     ] GC(2) PSYoungGen: 1536K(1536K)->512K(1536K) Eden: 1024K(1024K)->0K(1024K) From: 512K(512K)->512K(512K)
[0.199s][info][gc,heap     ] GC(2) ParOldGen: 88K(512K)->520K(1024K)
[0.199s][info][gc,metaspace] GC(2) Metaspace: 6299K(6464K)->6299K(6464K) NonClass: 5766K(5824K)->5766K(5824K) Class: 533K(640K)->533K(640K)
[0.199s][info][gc          ] GC(2) Pause Young (Allocation Failure) 1M->1M(2M) 1.172ms
[0.199s][info][gc,cpu      ] GC(2) User=0.00s Sys=0.00s Real=0.00s
[0.201s][info][gc,start    ] GC(3) Pause Young (Allocation Failure)
[0.202s][info][gc,heap     ] GC(3) PSYoungGen: 1536K(1536K)->480K(2560K) Eden: 1024K(1024K)->0K(2048K) From: 512K(512K)->480K(512K)
[0.202s][info][gc,heap     ] GC(3) ParOldGen: 520K(1024K)->1080K(1536K)
[0.202s][info][gc,metaspace] GC(3) Metaspace: 6299K(6464K)->6299K(6464K) NonClass: 5766K(5824K)->5766K(5824K) Class: 533K(640K)->533K(640K)
[0.202s][info][gc          ] GC(3) Pause Young (Allocation Failure) 2M->1M(4M) 1.610ms
[0.202s][info][gc,cpu      ] GC(3) User=0.00s Sys=0.00s Real=0.00s
[0.202s][info][gc,start    ] GC(4) Pause Full (Ergonomics)
[0.202s][info][gc,phases,start] GC(4) Marking Phase
[0.204s][info][gc,phases      ] GC(4) Marking Phase 1.103ms
[0.204s][info][gc,phases,start] GC(4) Summary Phase
[0.204s][info][gc,phases      ] GC(4) Summary Phase 0.014ms
[0.204s][info][gc,phases,start] GC(4) Adjust Roots
[0.204s][info][gc,phases      ] GC(4) Adjust Roots 0.347ms
[0.204s][info][gc,phases,start] GC(4) Compaction Phase
[0.206s][info][gc,phases      ] GC(4) Compaction Phase 2.077ms
[0.206s][info][gc,phases,start] GC(4) Post Compact
[0.206s][info][gc,phases      ] GC(4) Post Compact 0.096ms
[0.206s][info][gc,heap        ] GC(4) PSYoungGen: 480K(2560K)->0K(2560K) Eden: 0K(2048K)->0K(2048K) From: 480K(512K)->0K(512K)
[0.206s][info][gc,heap        ] GC(4) ParOldGen: 1080K(1536K)->1495K(3584K)
[0.206s][info][gc,metaspace   ] GC(4) Metaspace: 6299K(6464K)->6299K(6464K) NonClass: 5766K(5824K)->5766K(5824K) Class: 533K(640K)->533K(640K)
[0.206s][info][gc             ] GC(4) Pause Full (Ergonomics) 1M->1M(6M) 4.016ms
[0.206s][info][gc,cpu         ] GC(4) User=0.00s Sys=0.00s Real=0.00s
[0.209s][info][gc,start       ] GC(5) Pause Young (Allocation Failure)
[0.211s][info][gc,heap        ] GC(5) PSYoungGen: 2048K(2560K)->480K(3584K) Eden: 2048K(2048K)->0K(3072K) From: 0K(512K)->480K(512K)
[0.211s][info][gc,heap        ] GC(5) ParOldGen: 1495K(3584K)->2111K(3584K)
[0.211s][info][gc,metaspace   ] GC(5) Metaspace: 6299K(6464K)->6299K(6464K) NonClass: 5766K(5824K)->5766K(5824K) Class: 533K(640K)->533K(640K)
[0.211s][info][gc             ] GC(5) Pause Young (Allocation Failure) 3M->2M(7M) 1.695ms
[0.211s][info][gc,cpu         ] GC(5) User=0.00s Sys=0.00s Real=0.00s
[0.216s][info][gc,start       ] GC(6) Pause Young (Allocation Failure)
[0.218s][info][gc,heap        ] GC(6) PSYoungGen: 3552K(3584K)->1504K(4608K) Eden: 3072K(3072K)->0K(3072K) From: 480K(512K)->1504K(1536K)
[0.218s][info][gc,heap        ] GC(6) ParOldGen: 2111K(3584K)->2687K(3584K)
[0.218s][info][gc,metaspace   ] GC(6) Metaspace: 6299K(6464K)->6299K(6464K) NonClass: 5766K(5824K)->5766K(5824K) Class: 533K(640K)->533K(640K)
[0.218s][info][gc             ] GC(6) Pause Young (Allocation Failure) 5M->4M(8M) 2.189ms
[0.218s][info][gc,cpu         ] GC(6) User=0.00s Sys=0.00s Real=0.00s
[0.218s][info][gc,start       ] GC(7) Pause Full (Ergonomics)
[0.218s][info][gc,phases,start] GC(7) Marking Phase
[0.220s][info][gc,phases      ] GC(7) Marking Phase 2.235ms
[0.220s][info][gc,phases,start] GC(7) Summary Phase
[0.220s][info][gc,phases      ] GC(7) Summary Phase 0.014ms
[0.220s][info][gc,phases,start] GC(7) Adjust Roots
[0.221s][info][gc,phases      ] GC(7) Adjust Roots 0.364ms
[0.221s][info][gc,phases,start] GC(7) Compaction Phase
[0.224s][info][gc,phases      ] GC(7) Compaction Phase 3.152ms
[0.224s][info][gc,phases,start] GC(7) Post Compact
[0.224s][info][gc,phases      ] GC(7) Post Compact 0.036ms
[0.224s][info][gc,heap        ] GC(7) PSYoungGen: 1504K(4608K)->990K(4608K) Eden: 0K(3072K)->0K(3072K) From: 1504K(1536K)->990K(1536K)
[0.224s][info][gc,heap        ] GC(7) ParOldGen: 2687K(3584K)->3127K(6144K)
[0.224s][info][gc,metaspace   ] GC(7) Metaspace: 6299K(6464K)->6299K(6464K) NonClass: 5766K(5824K)->5766K(5824K) Class: 533K(640K)->533K(640K)
[0.224s][info][gc             ] GC(7) Pause Full (Ergonomics) 4M->4M(10M) 6.179ms
[0.224s][info][gc,cpu         ] GC(7) User=0.00s Sys=0.00s Real=0.01s
[0.229s][info][gc,start       ] GC(8) Pause Young (Allocation Failure)
[0.233s][info][gc,heap        ] GC(8) PSYoungGen: 4062K(4608K)->2016K(5632K) Eden: 3072K(3072K)->0K(3584K) From: 990K(1536K)->2016K(2048K)
[0.233s][info][gc,heap        ] GC(8) ParOldGen: 3127K(6144K)->3703K(6144K)
[0.233s][info][gc,metaspace   ] GC(8) Metaspace: 6299K(6464K)->6299K(6464K) NonClass: 5766K(5824K)->5766K(5824K) Class: 533K(640K)->533K(640K)
[0.233s][info][gc             ] GC(8) Pause Young (Allocation Failure) 7M->5M(11M) 3.615ms
[0.233s][info][gc,cpu         ] GC(8) User=0.00s Sys=0.00s Real=0.00s
[0.238s][info][gc,start       ] GC(9) Pause Young (Allocation Failure)
[0.241s][info][gc,heap        ] GC(9) PSYoungGen: 5600K(5632K)->3040K(6656K) Eden: 3584K(3584K)->0K(3584K) From: 2016K(2048K)->3040K(3072K)
[0.241s][info][gc,heap        ] GC(9) ParOldGen: 3703K(6144K)->4543K(6144K)
[0.241s][info][gc,metaspace   ] GC(9) Metaspace: 6299K(6464K)->6299K(6464K) NonClass: 5766K(5824K)->5766K(5824K) Class: 533K(640K)->533K(640K)
[0.241s][info][gc             ] GC(9) Pause Young (Allocation Failure) 9M->7M(12M) 3.379ms
[0.241s][info][gc,cpu         ] GC(9) User=0.00s Sys=0.00s Real=0.00s
[0.246s][info][gc,start       ] GC(10) Pause Young (Allocation Failure)
[0.250s][info][gc,heap        ] GC(10) PSYoungGen: 6624K(6656K)->4064K(8704K) Eden: 3584K(3584K)->0K(4608K) From: 3040K(3072K)->4064K(4096K)
[0.250s][info][gc,heap        ] GC(10) ParOldGen: 4543K(6144K)->5383K(6144K)
[0.250s][info][gc,metaspace   ] GC(10) Metaspace: 6299K(6464K)->6299K(6464K) NonClass: 5766K(5824K)->5766K(5824K) Class: 533K(640K)->533K(640K)
[0.250s][info][gc             ] GC(10) Pause Young (Allocation Failure) 10M->9M(14M) 4.093ms
[0.250s][info][gc,cpu         ] GC(10) User=0.00s Sys=0.00s Real=0.00s
[0.250s][info][gc,start       ] GC(11) Pause Full (Ergonomics)
[0.250s][info][gc,phases,start] GC(11) Marking Phase
[0.254s][info][gc,phases      ] GC(11) Marking Phase 4.449ms
[0.254s][info][gc,phases,start] GC(11) Summary Phase
[0.254s][info][gc,phases      ] GC(11) Summary Phase 0.015ms
[0.254s][info][gc,phases,start] GC(11) Adjust Roots
[0.255s][info][gc,phases      ] GC(11) Adjust Roots 0.163ms
[0.255s][info][gc,phases,start] GC(11) Compaction Phase
[0.260s][info][gc,phases      ] GC(11) Compaction Phase 5.509ms
[0.260s][info][gc,phases,start] GC(11) Post Compact
[0.260s][info][gc,phases      ] GC(11) Post Compact 0.067ms
[0.260s][info][gc,heap        ] GC(11) PSYoungGen: 4064K(8704K)->3545K(8704K) Eden: 0K(4608K)->0K(4608K) From: 4064K(4096K)->3545K(4096K)
[0.260s][info][gc,heap        ] GC(11) ParOldGen: 5383K(6144K)->5831K(10240K)
[0.260s][info][gc,metaspace   ] GC(11) Metaspace: 6299K(6464K)->6299K(6464K) NonClass: 5766K(5824K)->5766K(5824K) Class: 533K(640K)->533K(640K)
[0.260s][info][gc             ] GC(11) Pause Full (Ergonomics) 9M->9M(18M) 10.540ms
[0.260s][info][gc,cpu         ] GC(11) User=0.00s Sys=0.00s Real=0.01s
[0.265s][info][gc,start       ] GC(12) Pause Young (Allocation Failure)
[0.270s][info][gc,heap        ] GC(12) PSYoungGen: 8013K(8704K)->3936K(9728K) Eden: 4468K(4608K)->0K(4608K) From: 3545K(4096K)->3936K(5120K)
[0.270s][info][gc,heap        ] GC(12) ParOldGen: 5831K(10240K)->7799K(10240K)
[0.270s][info][gc,metaspace   ] GC(12) Metaspace: 6299K(6464K)->6299K(6464K) NonClass: 5766K(5824K)->5766K(5824K) Class: 533K(640K)->533K(640K)
[0.270s][info][gc             ] GC(12) Pause Young (Allocation Failure) 13M->11M(19M) 4.938ms
[0.270s][info][gc,cpu         ] GC(12) User=0.00s Sys=0.00s Real=0.01s
[0.276s][info][gc,start       ] GC(13) Pause Young (Allocation Failure)
[0.283s][info][gc,heap        ] GC(13) PSYoungGen: 8544K(9728K)->2656K(11264K) Eden: 4608K(4608K)->0K(6656K) From: 3936K(5120K)->2656K(4608K)
[0.283s][info][gc,heap        ] GC(13) ParOldGen: 7799K(10240K)->11775K(11776K)
[0.283s][info][gc,metaspace   ] GC(13) Metaspace: 6299K(6464K)->6299K(6464K) NonClass: 5766K(5824K)->5766K(5824K) Class: 533K(640K)->533K(640K)
[0.283s][info][gc             ] GC(13) Pause Young (Allocation Failure) 15M->14M(22M) 6.342ms
[0.283s][info][gc,cpu         ] GC(13) User=0.00s Sys=0.00s Real=0.01s
[0.283s][info][gc,start       ] GC(14) Pause Full (Ergonomics)
[0.283s][info][gc,phases,start] GC(14) Marking Phase
[0.289s][info][gc,phases      ] GC(14) Marking Phase 6.306ms
[0.289s][info][gc,phases,start] GC(14) Summary Phase
[0.289s][info][gc,phases      ] GC(14) Summary Phase 0.014ms
[0.289s][info][gc,phases,start] GC(14) Adjust Roots
[0.289s][info][gc,phases      ] GC(14) Adjust Roots 0.147ms
[0.289s][info][gc,phases,start] GC(14) Compaction Phase
[0.295s][info][gc,phases      ] GC(14) Compaction Phase 5.626ms
[0.295s][info][gc,phases,start] GC(14) Post Compact
[0.295s][info][gc,phases      ] GC(14) Post Compact 0.065ms
[0.295s][info][gc,heap        ] GC(14) PSYoungGen: 2656K(11264K)->2621K(11776K) Eden: 0K(6656K)->0K(7168K) From: 2656K(4608K)->2621K(4608K)
[0.295s][info][gc,heap        ] GC(14) ParOldGen: 11775K(11776K)->11415K(18432K)
[0.295s][info][gc,metaspace   ] GC(14) Metaspace: 6299K(6464K)->6299K(6464K) NonClass: 5766K(5824K)->5766K(5824K) Class: 533K(640K)->533K(640K)
[0.295s][info][gc             ] GC(14) Pause Full (Ergonomics) 14M->13M(29M) 12.475ms
[0.295s][info][gc,cpu         ] GC(14) User=0.00s Sys=0.00s Real=0.01s
[0.301s][info][gc,start       ] GC(15) Pause Young (Allocation Failure)
[0.306s][info][gc,heap        ] GC(15) PSYoungGen: 9789K(11776K)->3712K(12288K) Eden: 7168K(7168K)->0K(7168K) From: 2621K(4608K)->3712K(5120K)
[0.306s][info][gc,heap        ] GC(15) ParOldGen: 11415K(18432K)->14079K(18432K)
[0.306s][info][gc,metaspace   ] GC(15) Metaspace: 6301K(6464K)->6301K(6464K) NonClass: 5768K(5824K)->5768K(5824K) Class: 533K(640K)->533K(640K)
[0.306s][info][gc             ] GC(15) Pause Young (Allocation Failure) 20M->17M(30M) 5.235ms
[0.306s][info][gc,cpu         ] GC(15) User=0.00s Sys=0.00s Real=0.01s
[0.310s][info][gc,start       ] GC(16) Pause Young (Allocation Failure)
[0.317s][info][gc,heap        ] GC(16) PSYoungGen: 10880K(12288K)->3744K(15360K) Eden: 7168K(7168K)->0K(9728K) From: 3712K(5120K)->3744K(5632K)
[0.317s][info][gc,heap        ] GC(16) ParOldGen: 14079K(18432K)->17807K(18432K)
[0.317s][info][gc,metaspace   ] GC(16) Metaspace: 6301K(6464K)->6301K(6464K) NonClass: 5768K(5824K)->5768K(5824K) Class: 533K(640K)->533K(640K)
[0.317s][info][gc             ] GC(16) Pause Young (Allocation Failure) 24M->21M(33M) 6.769ms
[0.317s][info][gc,cpu         ] GC(16) User=0.00s Sys=0.00s Real=0.01s
[0.317s][info][gc,start       ] GC(17) Pause Full (Ergonomics)
[0.317s][info][gc,phases,start] GC(17) Marking Phase
[0.326s][info][gc,phases      ] GC(17) Marking Phase 9.242ms
[0.326s][info][gc,phases,start] GC(17) Summary Phase
[0.327s][info][gc,phases      ] GC(17) Summary Phase 0.015ms
[0.327s][info][gc,phases,start] GC(17) Adjust Roots
[0.327s][info][gc,phases      ] GC(17) Adjust Roots 0.219ms
[0.327s][info][gc,phases,start] GC(17) Compaction Phase
[0.334s][info][gc,phases      ] GC(17) Compaction Phase 6.818ms
[0.334s][info][gc,phases,start] GC(17) Post Compact
[0.334s][info][gc,phases      ] GC(17) Post Compact 0.102ms
[0.334s][info][gc,heap        ] GC(17) PSYoungGen: 3744K(15360K)->3189K(15360K) Eden: 0K(9728K)->0K(9728K) From: 3744K(5632K)->3189K(5632K)
[0.334s][info][gc,heap        ] GC(17) ParOldGen: 17807K(18432K)->18211K(27648K)
[0.334s][info][gc,metaspace   ] GC(17) Metaspace: 6301K(6464K)->6301K(6464K) NonClass: 5768K(5824K)->5768K(5824K) Class: 533K(640K)->533K(640K)
[0.334s][info][gc             ] GC(17) Pause Full (Ergonomics) 21M->20M(42M) 16.720ms
[0.334s][info][gc,cpu         ] GC(17) User=0.00s Sys=0.00s Real=0.02s
[0.345s][info][gc,start       ] GC(18) Pause Young (Allocation Failure)
[0.352s][info][gc,heap        ] GC(18) PSYoungGen: 12917K(15360K)->5568K(15360K) Eden: 9728K(9728K)->0K(9728K) From: 3189K(5632K)->5568K(5632K)
[0.352s][info][gc,heap        ] GC(18) ParOldGen: 18211K(27648K)->21459K(27648K)
[0.352s][info][gc,metaspace   ] GC(18) Metaspace: 6301K(6464K)->6301K(6464K) NonClass: 5768K(5824K)->5768K(5824K) Class: 533K(640K)->533K(640K)
[0.352s][info][gc             ] GC(18) Pause Young (Allocation Failure) 30M->26M(42M) 7.630ms
[0.352s][info][gc,cpu         ] GC(18) User=0.00s Sys=0.00s Real=0.01s
[0.358s][info][gc,start       ] GC(19) Pause Young (Allocation Failure)
[0.366s][info][gc,heap        ] GC(19) PSYoungGen: 15296K(15360K)->5056K(19456K) Eden: 9728K(9728K)->0K(12800K) From: 5568K(5632K)->5056K(6656K)
[0.366s][info][gc,heap        ] GC(19) ParOldGen: 21459K(27648K)->27059K(27648K)
[0.366s][info][gc,metaspace   ] GC(19) Metaspace: 6301K(6464K)->6301K(6464K) NonClass: 5768K(5824K)->5768K(5824K) Class: 533K(640K)->533K(640K)
[0.366s][info][gc             ] GC(19) Pause Young (Allocation Failure) 35M->31M(46M) 8.163ms
[0.366s][info][gc,cpu         ] GC(19) User=0.00s Sys=0.00s Real=0.01s
[0.366s][info][gc,start       ] GC(20) Pause Full (Ergonomics)
[0.366s][info][gc,phases,start] GC(20) Marking Phase
[0.379s][info][gc,phases      ] GC(20) Marking Phase 12.719ms
[0.379s][info][gc,phases,start] GC(20) Summary Phase
[0.379s][info][gc,phases      ] GC(20) Summary Phase 0.017ms
[0.379s][info][gc,phases,start] GC(20) Adjust Roots
[0.379s][info][gc,phases      ] GC(20) Adjust Roots 0.178ms
[0.380s][info][gc,phases,start] GC(20) Compaction Phase
[0.390s][info][gc,phases      ] GC(20) Compaction Phase 10.633ms
[0.390s][info][gc,phases,start] GC(20) Post Compact
[0.390s][info][gc,phases      ] GC(20) Post Compact 0.175ms
[0.391s][info][gc,heap        ] GC(20) PSYoungGen: 5056K(19456K)->4003K(19456K) Eden: 0K(12800K)->0K(12800K) From: 5056K(6656K)->4003K(6656K)
[0.391s][info][gc,heap        ] GC(20) ParOldGen: 27059K(27648K)->27431K(39424K)
[0.391s][info][gc,metaspace   ] GC(20) Metaspace: 6301K(6464K)->6301K(6464K) NonClass: 5768K(5824K)->5768K(5824K) Class: 533K(640K)->533K(640K)
[0.391s][info][gc             ] GC(20) Pause Full (Ergonomics) 31M->30M(57M) 24.119ms
[0.391s][info][gc,cpu         ] GC(20) User=0.00s Sys=0.00s Real=0.03s
[0.402s][info][gc,start       ] GC(21) Pause Young (Allocation Failure)
[0.418s][info][gc,heap        ] GC(21) PSYoungGen: 16803K(19456K)->7168K(19968K) Eden: 12800K(12800K)->0K(12800K) From: 4003K(6656K)->7168K(7168K)
[0.418s][info][gc,heap        ] GC(21) ParOldGen: 27431K(39424K)->35663K(39424K)
[0.418s][info][gc,metaspace   ] GC(21) Metaspace: 6301K(6464K)->6301K(6464K) NonClass: 5768K(5824K)->5768K(5824K) Class: 533K(640K)->533K(640K)
[0.418s][info][gc             ] GC(21) Pause Young (Allocation Failure) 43M->41M(58M) 16.071ms
[0.418s][info][gc,cpu         ] GC(21) User=0.00s Sys=0.00s Real=0.02s
[0.418s][info][gc,start       ] GC(22) Pause Full (Ergonomics)
[0.418s][info][gc,phases,start] GC(22) Marking Phase
[0.437s][info][gc,phases      ] GC(22) Marking Phase 18.828ms
[0.437s][info][gc,phases,start] GC(22) Summary Phase
[0.437s][info][gc,phases      ] GC(22) Summary Phase 0.021ms
[0.437s][info][gc,phases,start] GC(22) Adjust Roots
[0.437s][info][gc,phases      ] GC(22) Adjust Roots 0.191ms
[0.437s][info][gc,phases,start] GC(22) Compaction Phase
[0.448s][info][gc,phases      ] GC(22) Compaction Phase 10.115ms
[0.448s][info][gc,phases,start] GC(22) Post Compact
[0.448s][info][gc,phases      ] GC(22) Post Compact 0.207ms
[0.448s][info][gc,heap        ] GC(22) PSYoungGen: 7168K(19968K)->3577K(19968K) Eden: 0K(12800K)->0K(12800K) From: 7168K(7168K)->3577K(7168K)
[0.448s][info][gc,heap        ] GC(22) ParOldGen: 35663K(39424K)->39099K(54784K)
[0.448s][info][gc,metaspace   ] GC(22) Metaspace: 6301K(6464K)->6301K(6464K) NonClass: 5768K(5824K)->5768K(5824K) Class: 533K(640K)->533K(640K)
[0.448s][info][gc             ] GC(22) Pause Full (Ergonomics) 41M->41M(73M) 29.761ms
[0.448s][info][gc,cpu         ] GC(22) User=0.03s Sys=0.00s Real=0.03s
[0.465s][info][gc,start       ] GC(23) Pause Young (Allocation Failure)
[0.479s][info][gc,heap        ] GC(23) PSYoungGen: 16377K(19968K)->11232K(22528K) Eden: 12800K(12800K)->0K(11264K) From: 3577K(7168K)->11232K(11264K)
[0.479s][info][gc,heap        ] GC(23) ParOldGen: 39099K(54784K)->44331K(54784K)
[0.479s][info][gc,metaspace   ] GC(23) Metaspace: 6301K(6464K)->6301K(6464K) NonClass: 5768K(5824K)->5768K(5824K) Class: 533K(640K)->533K(640K)
[0.479s][info][gc             ] GC(23) Pause Young (Allocation Failure) 54M->54M(75M) 14.278ms
[0.479s][info][gc,cpu         ] GC(23) User=0.00s Sys=0.00s Real=0.01s
[0.491s][info][gc,start       ] GC(24) Pause Young (Allocation Failure)
[0.506s][info][gc,heap        ] GC(24) PSYoungGen: 22496K(22528K)->11296K(26624K) Eden: 11264K(11264K)->0K(11264K) From: 11232K(11264K)->11296K(15360K)
[0.506s][info][gc,heap        ] GC(24) ParOldGen: 44331K(54784K)->55699K(55808K)
[0.506s][info][gc,metaspace   ] GC(24) Metaspace: 6301K(6464K)->6301K(6464K) NonClass: 5768K(5824K)->5768K(5824K) Class: 533K(640K)->533K(640K)
[0.506s][info][gc             ] GC(24) Pause Young (Allocation Failure) 65M->65M(80M) 14.643ms
[0.506s][info][gc,cpu         ] GC(24) User=0.00s Sys=0.00s Real=0.02s
[0.506s][info][gc,start       ] GC(25) Pause Full (Ergonomics)
[0.506s][info][gc,phases,start] GC(25) Marking Phase
[0.531s][info][gc,phases      ] GC(25) Marking Phase 25.113ms
[0.531s][info][gc,phases,start] GC(25) Summary Phase
[0.531s][info][gc,phases      ] GC(25) Summary Phase 0.021ms
[0.531s][info][gc,phases,start] GC(25) Adjust Roots
[0.531s][info][gc,phases      ] GC(25) Adjust Roots 0.187ms
[0.531s][info][gc,phases,start] GC(25) Compaction Phase
[0.553s][info][gc,phases      ] GC(25) Compaction Phase 21.969ms
[0.553s][info][gc,phases,start] GC(25) Post Compact
[0.554s][info][gc,phases      ] GC(25) Post Compact 0.201ms
[0.554s][info][gc,heap        ] GC(25) PSYoungGen: 11296K(26624K)->10212K(26624K) Eden: 0K(11264K)->0K(11264K) From: 11296K(15360K)->10212K(15360K)
[0.554s][info][gc,heap        ] GC(25) ParOldGen: 55699K(55808K)->55450K(75776K)
[0.554s][info][gc,metaspace   ] GC(25) Metaspace: 6301K(6464K)->6301K(6464K) NonClass: 5768K(5824K)->5768K(5824K) Class: 533K(640K)->533K(640K)
[0.554s][info][gc             ] GC(25) Pause Full (Ergonomics) 65M->64M(100M) 47.853ms
[0.554s][info][gc,cpu         ] GC(25) User=0.03s Sys=0.02s Real=0.05s
[0.565s][info][gc,start       ] GC(26) Pause Young (Allocation Failure)
[0.584s][info][gc,heap        ] GC(26) PSYoungGen: 21476K(26624K)->11264K(29184K) Eden: 11264K(11264K)->0K(12800K) From: 10212K(15360K)->11264K(16384K)
[0.584s][info][gc,heap        ] GC(26) ParOldGen: 55450K(75776K)->65826K(75776K)
[0.584s][info][gc,metaspace   ] GC(26) Metaspace: 6301K(6464K)->6301K(6464K) NonClass: 5768K(5824K)->5768K(5824K) Class: 533K(640K)->533K(640K)
[0.584s][info][gc             ] GC(26) Pause Young (Allocation Failure) 75M->75M(102M) 18.645ms
[0.584s][info][gc,cpu         ] GC(26) User=0.03s Sys=0.00s Real=0.02s
[0.584s][info][gc,start       ] GC(27) Pause Full (Ergonomics)
[0.584s][info][gc,phases,start] GC(27) Marking Phase
[0.614s][info][gc,phases      ] GC(27) Marking Phase 30.024ms
[0.614s][info][gc,phases,start] GC(27) Summary Phase
[0.614s][info][gc,phases      ] GC(27) Summary Phase 0.020ms
[0.614s][info][gc,phases,start] GC(27) Adjust Roots
[0.615s][info][gc,phases      ] GC(27) Adjust Roots 0.162ms
[0.615s][info][gc,phases,start] GC(27) Compaction Phase
[0.633s][info][gc,phases      ] GC(27) Compaction Phase 18.694ms
[0.633s][info][gc,phases,start] GC(27) Post Compact
[0.634s][info][gc,phases      ] GC(27) Post Compact 0.329ms
[0.634s][info][gc,heap        ] GC(27) PSYoungGen: 11264K(29184K)->1520K(29184K) Eden: 0K(12800K)->0K(12800K) From: 11264K(16384K)->1520K(16384K)
[0.634s][info][gc,heap        ] GC(27) ParOldGen: 65826K(75776K)->75371K(98816K)
[0.634s][info][gc,metaspace   ] GC(27) Metaspace: 6301K(6464K)->6301K(6464K) NonClass: 5768K(5824K)->5768K(5824K) Class: 533K(640K)->533K(640K)
[0.634s][info][gc             ] GC(27) Pause Full (Ergonomics) 75M->75M(125M) 49.655ms
[0.634s][info][gc,cpu         ] GC(27) User=0.08s Sys=0.00s Real=0.05s
[0.648s][info][gc,start       ] GC(28) Pause Young (Allocation Failure)
[0.660s][info][gc,heap        ] GC(28) PSYoungGen: 13520K(29184K)->13440K(30208K) Eden: 12000K(12800K)->0K(12800K) From: 1520K(16384K)->13440K(17408K)
[0.660s][info][gc,heap        ] GC(28) ParOldGen: 75371K(98816K)->75371K(98816K)
[0.660s][info][gc,metaspace   ] GC(28) Metaspace: 6301K(6464K)->6301K(6464K) NonClass: 5768K(5824K)->5768K(5824K) Class: 533K(640K)->533K(640K)
[0.660s][info][gc             ] GC(28) Pause Young (Allocation Failure) 86M->86M(126M) 12.213ms
[0.660s][info][gc,cpu         ] GC(28) User=0.02s Sys=0.00s Real=0.01s
[0.678s][info][gc,start       ] GC(29) Pause Young (Allocation Failure)
[0.701s][info][gc,heap        ] GC(29) PSYoungGen: 26240K(30208K)->18912K(28672K) Eden: 12800K(12800K)->0K(9728K) From: 13440K(17408K)->18912K(18944K)
[0.701s][info][gc,heap        ] GC(29) ParOldGen: 75371K(98816K)->82755K(98816K)
[0.701s][info][gc,metaspace   ] GC(29) Metaspace: 6301K(6464K)->6301K(6464K) NonClass: 5768K(5824K)->5768K(5824K) Class: 533K(640K)->533K(640K)
[0.701s][info][gc             ] GC(29) Pause Young (Allocation Failure) 99M->99M(124M) 22.898ms
[0.701s][info][gc,cpu         ] GC(29) User=0.02s Sys=0.00s Real=0.02s
[0.710s][info][gc,start       ] GC(30) Pause Young (Allocation Failure)
[0.731s][info][gc,heap        ] GC(30) PSYoungGen: 28640K(28672K)->18624K(34304K) Eden: 9728K(9728K)->0K(9728K) From: 18912K(18944K)->18624K(24576K)
[0.732s][info][gc,heap        ] GC(30) ParOldGen: 82755K(98816K)->92923K(98816K)
[0.732s][info][gc,metaspace   ] GC(30) Metaspace: 6301K(6464K)->6301K(6464K) NonClass: 5768K(5824K)->5768K(5824K) Class: 533K(640K)->533K(640K)
[0.732s][info][gc             ] GC(30) Pause Young (Allocation Failure) 108M->108M(130M) 21.203ms
[0.732s][info][gc,cpu         ] GC(30) User=0.05s Sys=0.00s Real=0.02s
[0.732s][info][gc,start       ] GC(31) Pause Full (Ergonomics)
[0.732s][info][gc,phases,start] GC(31) Marking Phase
[0.768s][info][gc,phases      ] GC(31) Marking Phase 35.847ms
[0.768s][info][gc,phases,start] GC(31) Summary Phase
[0.768s][info][gc,phases      ] GC(31) Summary Phase 0.016ms
[0.768s][info][gc,phases,start] GC(31) Adjust Roots
[0.768s][info][gc,phases      ] GC(31) Adjust Roots 0.158ms
[0.768s][info][gc,phases,start] GC(31) Compaction Phase
[0.797s][info][gc,phases      ] GC(31) Compaction Phase 28.755ms
[0.797s][info][gc,phases,start] GC(31) Post Compact
[0.797s][info][gc,phases      ] GC(31) Post Compact 0.514ms
[0.797s][info][gc,heap        ] GC(31) PSYoungGen: 18624K(34304K)->10393K(34304K) Eden: 0K(9728K)->0K(9728K) From: 18624K(24576K)->10393K(24576K)
[0.797s][info][gc,heap        ] GC(31) ParOldGen: 92923K(98816K)->98760K(124928K)
[0.798s][info][gc,metaspace   ] GC(31) Metaspace: 6301K(6464K)->6301K(6464K) NonClass: 5768K(5824K)->5768K(5824K) Class: 533K(640K)->533K(640K)
[0.798s][info][gc             ] GC(31) Pause Full (Ergonomics) 108M->106M(155M) 65.796ms
[0.798s][info][gc,cpu         ] GC(31) User=0.09s Sys=0.00s Real=0.07s
[0.808s][info][gc,start       ] GC(32) Pause Young (Allocation Failure)
[0.829s][info][gc,heap        ] GC(32) PSYoungGen: 20121K(34304K)->17344K(37888K) Eden: 9728K(9728K)->0K(11264K) From: 10393K(24576K)->17344K(26624K)
[0.829s][info][gc,heap        ] GC(32) ParOldGen: 98760K(124928K)->101688K(124928K)
[0.829s][info][gc,metaspace   ] GC(32) Metaspace: 6301K(6464K)->6301K(6464K) NonClass: 5768K(5824K)->5768K(5824K) Class: 533K(640K)->533K(640K)
[0.829s][info][gc             ] GC(32) Pause Young (Allocation Failure) 116M->116M(159M) 21.345ms
[0.829s][info][gc,cpu         ] GC(32) User=0.03s Sys=0.00s Real=0.02s
[0.840s][info][gc,start       ] GC(33) Pause Young (Allocation Failure)
[0.856s][info][gc,heap        ] GC(33) PSYoungGen: 28608K(37888K)->27648K(38912K) Eden: 11264K(11264K)->0K(11264K) From: 17344K(26624K)->27648K(27648K)
[0.856s][info][gc,heap        ] GC(33) ParOldGen: 101688K(124928K)->102568K(124928K)
[0.857s][info][gc,metaspace   ] GC(33) Metaspace: 6301K(6464K)->6301K(6464K) NonClass: 5768K(5824K)->5768K(5824K) Class: 533K(640K)->533K(640K)
[0.857s][info][gc             ] GC(33) Pause Young (Allocation Failure) 127M->127M(160M) 16.163ms
[0.857s][info][gc,cpu         ] GC(33) User=0.02s Sys=0.00s Real=0.02s
[0.868s][info][gc,start       ] GC(34) Pause Young (Allocation Failure)
[0.894s][info][gc,heap        ] GC(34) PSYoungGen: 38912K(38912K)->22528K(45056K) Eden: 11264K(11264K)->0K(12288K) From: 27648K(27648K)->22528K(32768K)
[0.894s][info][gc,heap        ] GC(34) ParOldGen: 102568K(124928K)->119248K(124928K)
[0.894s][info][gc,metaspace   ] GC(34) Metaspace: 6301K(6464K)->6301K(6464K) NonClass: 5768K(5824K)->5768K(5824K) Class: 533K(640K)->533K(640K)
[0.894s][info][gc             ] GC(34) Pause Young (Allocation Failure) 138M->138M(166M) 26.505ms
[0.894s][info][gc,cpu         ] GC(34) User=0.05s Sys=0.00s Real=0.03s
[0.894s][info][gc,start       ] GC(35) Pause Full (Ergonomics)
[0.894s][info][gc,phases,start] GC(35) Marking Phase
[0.940s][info][gc,phases      ] GC(35) Marking Phase 45.943ms
[0.940s][info][gc,phases,start] GC(35) Summary Phase
[0.940s][info][gc,phases      ] GC(35) Summary Phase 0.016ms
[0.940s][info][gc,phases,start] GC(35) Adjust Roots
[0.940s][info][gc,phases      ] GC(35) Adjust Roots 0.162ms
[0.940s][info][gc,phases,start] GC(35) Compaction Phase
[0.968s][info][gc,phases      ] GC(35) Compaction Phase 27.956ms
[0.968s][info][gc,phases,start] GC(35) Post Compact
[0.969s][info][gc,phases      ] GC(35) Post Compact 0.698ms
[0.969s][info][gc,heap        ] GC(35) PSYoungGen: 22528K(45056K)->16798K(45056K) Eden: 0K(12288K)->0K(12288K) From: 22528K(32768K)->16798K(32768K)
[0.969s][info][gc,heap        ] GC(35) ParOldGen: 119248K(124928K)->124517K(155136K)
[0.969s][info][gc,metaspace   ] GC(35) Metaspace: 6301K(6464K)->6301K(6464K) NonClass: 5768K(5824K)->5768K(5824K) Class: 533K(640K)->533K(640K)
[0.969s][info][gc             ] GC(35) Pause Full (Ergonomics) 138M->138M(195M) 75.229ms
[0.969s][info][gc,cpu         ] GC(35) User=0.12s Sys=0.00s Real=0.07s
[0.982s][info][gc,start       ] GC(36) Pause Young (Allocation Failure)
[1.009s][info][gc,heap        ] GC(36) PSYoungGen: 29086K(45056K)->12320K(46592K) Eden: 12288K(12288K)->0K(12288K) From: 16798K(32768K)->12320K(34304K)
[1.009s][info][gc,heap        ] GC(36) ParOldGen: 124517K(155136K)->141589K(155136K)
[1.009s][info][gc,metaspace   ] GC(36) Metaspace: 6301K(6464K)->6301K(6464K) NonClass: 5768K(5824K)->5768K(5824K) Class: 533K(640K)->533K(640K)
[1.009s][info][gc             ] GC(36) Pause Young (Allocation Failure) 150M->150M(197M) 27.090ms
[1.009s][info][gc,cpu         ] GC(36) User=0.05s Sys=0.02s Real=0.03s
[1.010s][info][gc,start       ] GC(37) Pause Full (Ergonomics)
[1.010s][info][gc,phases,start] GC(37) Marking Phase
[1.058s][info][gc,phases      ] GC(37) Marking Phase 48.439ms
[1.058s][info][gc,phases,start] GC(37) Summary Phase
[1.058s][info][gc,phases      ] GC(37) Summary Phase 0.020ms
[1.058s][info][gc,phases,start] GC(37) Adjust Roots
[1.058s][info][gc,phases      ] GC(37) Adjust Roots 0.179ms
[1.058s][info][gc,phases,start] GC(37) Compaction Phase
[1.082s][info][gc,phases      ] GC(37) Compaction Phase 23.816ms
[1.082s][info][gc,phases,start] GC(37) Post Compact
[1.083s][info][gc,phases      ] GC(37) Post Compact 0.898ms
[1.083s][info][gc,heap        ] GC(37) PSYoungGen: 12320K(46592K)->0K(46592K) Eden: 0K(12288K)->0K(14336K) From: 12320K(34304K)->0K(32256K)
[1.083s][info][gc,heap        ] GC(37) ParOldGen: 141589K(155136K)->153568K(189440K)
[1.083s][info][gc,metaspace   ] GC(37) Metaspace: 6301K(6464K)->6301K(6464K) NonClass: 5768K(5824K)->5768K(5824K) Class: 533K(640K)->533K(640K)
[1.083s][info][gc             ] GC(37) Pause Full (Ergonomics) 150M->149M(230M) 73.896ms
[1.083s][info][gc,cpu         ] GC(37) User=0.17s Sys=0.00s Real=0.07s
[1.101s][info][gc,start       ] GC(38) Pause Young (Allocation Failure)
[1.112s][info][gc,heap        ] GC(38) PSYoungGen: 14336K(46592K)->14400K(46592K) Eden: 14336K(14336K)->0K(14336K) From: 0K(32256K)->14400K(32256K)
[1.112s][info][gc,heap        ] GC(38) ParOldGen: 153568K(189440K)->153568K(189440K)
[1.112s][info][gc,metaspace   ] GC(38) Metaspace: 6301K(6464K)->6301K(6464K) NonClass: 5768K(5824K)->5768K(5824K) Class: 533K(640K)->533K(640K)
[1.112s][info][gc             ] GC(38) Pause Young (Allocation Failure) 163M->164M(230M) 10.590ms
[1.112s][info][gc,cpu         ] GC(38) User=0.03s Sys=0.00s Real=0.01s
[1.160s][info][gc,start       ] GC(39) Pause Young (Allocation Failure)
[1.179s][info][gc,heap        ] GC(39) PSYoungGen: 28736K(46592K)->28800K(43008K) Eden: 14336K(14336K)->0K(12288K) From: 14400K(32256K)->28800K(30720K)
[1.179s][info][gc,heap        ] GC(39) ParOldGen: 161760K(189440K)->161760K(189440K)
[1.179s][info][gc,metaspace   ] GC(39) Metaspace: 6301K(6464K)->6301K(6464K) NonClass: 5768K(5824K)->5768K(5824K) Class: 533K(640K)->533K(640K)
[1.179s][info][gc             ] GC(39) Pause Young (Allocation Failure) 186M->186M(227M) 19.741ms
[1.180s][info][gc,cpu         ] GC(39) User=0.03s Sys=0.00s Real=0.02s
[1.191s][info][gc,start       ] GC(40) Pause Young (Allocation Failure)
[1.212s][info][gc,heap        ] GC(40) PSYoungGen: 41088K(43008K)->34816K(47104K) Eden: 12288K(12288K)->0K(12288K) From: 28800K(30720K)->34816K(34816K)
[1.212s][info][gc,heap        ] GC(40) ParOldGen: 161760K(189440K)->167984K(189440K)
[1.212s][info][gc,metaspace   ] GC(40) Metaspace: 6301K(6464K)->6301K(6464K) NonClass: 5768K(5824K)->5768K(5824K) Class: 533K(640K)->533K(640K)
[1.212s][info][gc             ] GC(40) Pause Young (Allocation Failure) 198M->198M(231M) 20.894ms
[1.212s][info][gc,cpu         ] GC(40) User=0.06s Sys=0.00s Real=0.02s
[1.224s][info][gc,start       ] GC(41) Pause Young (Allocation Failure)
[1.250s][info][gc,heap        ] GC(41) PSYoungGen: 47104K(47104K)->22592K(55808K) Eden: 12288K(12288K)->0K(14336K) From: 34816K(34816K)->22592K(41472K)
[1.250s][info][gc,heap        ] GC(41) ParOldGen: 167984K(189440K)->192928K(193024K)
[1.250s][info][gc,metaspace   ] GC(41) Metaspace: 6301K(6464K)->6301K(6464K) NonClass: 5768K(5824K)->5768K(5824K) Class: 533K(640K)->533K(640K)
[1.250s][info][gc             ] GC(41) Pause Young (Allocation Failure) 210M->210M(243M) 25.732ms
[1.250s][info][gc,cpu         ] GC(41) User=0.02s Sys=0.03s Real=0.03s
[1.250s][info][gc,start       ] GC(42) Pause Full (Ergonomics)
[1.250s][info][gc,phases,start] GC(42) Marking Phase
[1.307s][info][gc,phases      ] GC(42) Marking Phase 56.261ms
[1.307s][info][gc,phases,start] GC(42) Summary Phase
[1.307s][info][gc,phases      ] GC(42) Summary Phase 0.018ms
[1.307s][info][gc,phases,start] GC(42) Adjust Roots
[1.307s][info][gc,phases      ] GC(42) Adjust Roots 0.157ms
[1.307s][info][gc,phases,start] GC(42) Compaction Phase
[1.348s][info][gc,phases      ] GC(42) Compaction Phase 41.265ms
[1.348s][info][gc,phases,start] GC(42) Post Compact
[1.349s][info][gc,phases      ] GC(42) Post Compact 0.970ms
[1.349s][info][gc,heap        ] GC(42) PSYoungGen: 22592K(55808K)->17854K(56320K) Eden: 0K(14336K)->0K(14848K) From: 22592K(41472K)->17854K(41472K)
[1.349s][info][gc,heap        ] GC(42) ParOldGen: 192928K(193024K)->192929K(234496K)
[1.349s][info][gc,metaspace   ] GC(42) Metaspace: 6301K(6464K)->6301K(6464K) NonClass: 5768K(5824K)->5768K(5824K) Class: 533K(640K)->533K(640K)
[1.349s][info][gc             ] GC(42) Pause Full (Ergonomics) 210M->205M(284M) 99.191ms
[1.350s][info][gc,cpu         ] GC(42) User=0.28s Sys=0.00s Real=0.10s
[1.367s][info][gc,start       ] GC(43) Pause Young (Allocation Failure)
[1.390s][info][gc,heap        ] GC(43) PSYoungGen: 32702K(56320K)->25024K(56832K) Eden: 14848K(14848K)->0K(14848K) From: 17854K(41472K)->25024K(41984K)
[1.390s][info][gc,heap        ] GC(43) ParOldGen: 192929K(234496K)->200857K(234496K)
[1.390s][info][gc,metaspace   ] GC(43) Metaspace: 6301K(6464K)->6301K(6464K) NonClass: 5768K(5824K)->5768K(5824K) Class: 533K(640K)->533K(640K)
[1.390s][info][gc             ] GC(43) Pause Young (Allocation Failure) 220M->220M(284M) 23.354ms
[1.390s][info][gc,cpu         ] GC(43) User=0.09s Sys=0.00s Real=0.02s
[1.407s][info][gc,start       ] GC(44) Pause Young (Allocation Failure)
[1.427s][info][gc,heap        ] GC(44) PSYoungGen: 39872K(56832K)->39840K(53760K) Eden: 14848K(14848K)->0K(11776K) From: 25024K(41984K)->39840K(41984K)
[1.427s][info][gc,heap        ] GC(44) ParOldGen: 200857K(234496K)->200857K(234496K)
[1.427s][info][gc,metaspace   ] GC(44) Metaspace: 6301K(6464K)->6301K(6464K) NonClass: 5768K(5824K)->5768K(5824K) Class: 533K(640K)->533K(640K)
[1.427s][info][gc             ] GC(44) Pause Young (Allocation Failure) 235M->235M(281M) 20.164ms
[1.427s][info][gc,cpu         ] GC(44) User=0.03s Sys=0.05s Real=0.02s
[1.440s][info][gc,start       ] GC(45) Pause Young (Allocation Failure)
[1.463s][info][gc,heap        ] GC(45) PSYoungGen: 51616K(53760K)->41568K(59392K) Eden: 11776K(11776K)->0K(11776K) From: 39840K(41984K)->41568K(47616K)
[1.464s][info][gc,heap        ] GC(45) ParOldGen: 200857K(234496K)->211081K(234496K)
[1.464s][info][gc,metaspace   ] GC(45) Metaspace: 6301K(6464K)->6301K(6464K) NonClass: 5768K(5824K)->5768K(5824K) Class: 533K(640K)->533K(640K)
[1.464s][info][gc             ] GC(45) Pause Young (Allocation Failure) 246M->246M(287M) 23.923ms
[1.464s][info][gc,cpu         ] GC(45) User=0.09s Sys=0.02s Real=0.02s
[1.477s][info][gc,start       ] GC(46) Pause Young (Allocation Failure)
[1.503s][info][gc,heap        ] GC(46) PSYoungGen: 53344K(59392K)->38464K(64000K) Eden: 11776K(11776K)->0K(11264K) From: 41568K(47616K)->38464K(52736K)
[1.503s][info][gc,heap        ] GC(46) ParOldGen: 211081K(234496K)->226137K(234496K)
[1.503s][info][gc,metaspace   ] GC(46) Metaspace: 6301K(6464K)->6301K(6464K) NonClass: 5768K(5824K)->5768K(5824K) Class: 533K(640K)->533K(640K)
[1.503s][info][gc             ] GC(46) Pause Young (Allocation Failure) 258M->258M(291M) 25.685ms
[1.503s][info][gc,cpu         ] GC(46) User=0.08s Sys=0.00s Real=0.03s
[1.503s][info][gc,start       ] GC(47) Pause Full (Ergonomics)
[1.503s][info][gc,phases,start] GC(47) Marking Phase
[1.563s][info][gc,phases      ] GC(47) Marking Phase 60.139ms
[1.563s][info][gc,phases,start] GC(47) Summary Phase
[1.563s][info][gc,phases      ] GC(47) Summary Phase 0.018ms
[1.563s][info][gc,phases,start] GC(47) Adjust Roots
[1.563s][info][gc,phases      ] GC(47) Adjust Roots 0.152ms
[1.563s][info][gc,phases,start] GC(47) Compaction Phase
[1.596s][info][gc,phases      ] GC(47) Compaction Phase 32.713ms
[1.596s][info][gc,phases,start] GC(47) Post Compact
[1.598s][info][gc,phases      ] GC(47) Post Compact 1.440ms
[1.598s][info][gc,heap        ] GC(47) PSYoungGen: 38464K(64000K)->29615K(64000K) Eden: 0K(11264K)->0K(11264K) From: 38464K(52736K)->29615K(52736K)
[1.598s][info][gc,heap        ] GC(47) ParOldGen: 226137K(234496K)->234284K(277504K)
[1.598s][info][gc,metaspace   ] GC(47) Metaspace: 6301K(6464K)->6301K(6464K) NonClass: 5768K(5824K)->5768K(5824K) Class: 533K(640K)->533K(640K)
[1.598s][info][gc             ] GC(47) Pause Full (Ergonomics) 258M->257M(333M) 95.013ms
[1.598s][info][gc,cpu         ] GC(47) User=0.41s Sys=0.02s Real=0.10s
[1.611s][info][gc,start       ] GC(48) Pause Young (Allocation Failure)
[1.637s][info][gc,heap        ] GC(48) PSYoungGen: 40879K(64000K)->20800K(32256K) Eden: 11264K(11264K)->0K(11264K) From: 29615K(52736K)->20800K(20992K)
[1.637s][info][gc,heap        ] GC(48) ParOldGen: 234284K(277504K)->254788K(277504K)
[1.637s][info][gc,metaspace   ] GC(48) Metaspace: 6301K(6464K)->6301K(6464K) NonClass: 5768K(5824K)->5768K(5824K) Class: 533K(640K)->533K(640K)
[1.637s][info][gc             ] GC(48) Pause Young (Allocation Failure) 268M->269M(302M) 26.575ms
[1.637s][info][gc,cpu         ] GC(48) User=0.12s Sys=0.02s Real=0.03s
[1.637s][info][gc,start       ] GC(49) Pause Full (Ergonomics)
[1.637s][info][gc,phases,start] GC(49) Marking Phase
[1.702s][info][gc,phases      ] GC(49) Marking Phase 64.360ms
[1.702s][info][gc,phases,start] GC(49) Summary Phase
[1.702s][info][gc,phases      ] GC(49) Summary Phase 0.030ms
[1.702s][info][gc,phases,start] GC(49) Adjust Roots
[1.702s][info][gc,phases      ] GC(49) Adjust Roots 0.163ms
[1.702s][info][gc,phases,start] GC(49) Compaction Phase
[1.727s][info][gc,phases      ] GC(49) Compaction Phase 25.535ms
[1.727s][info][gc,phases,start] GC(49) Post Compact
[1.729s][info][gc,phases      ] GC(49) Post Compact 1.591ms
[1.729s][info][gc,heap        ] GC(49) PSYoungGen: 20800K(32256K)->0K(65024K) Eden: 0K(11264K)->0K(12800K) From: 20800K(20992K)->0K(52224K)
[1.729s][info][gc,heap        ] GC(49) ParOldGen: 254788K(277504K)->275130K(324096K)
[1.729s][info][gc,metaspace   ] GC(49) Metaspace: 6301K(6464K)->6301K(6464K) NonClass: 5768K(5824K)->5768K(5824K) Class: 533K(640K)->533K(640K)
[1.729s][info][gc             ] GC(49) Pause Full (Ergonomics) 269M->268M(380M) 92.342ms
[1.730s][info][gc,cpu         ] GC(49) User=0.41s Sys=0.03s Real=0.09s
[1.744s][info][gc,start       ] GC(50) Pause Young (Allocation Failure)
[1.752s][info][gc,heap        ] GC(50) PSYoungGen: 12800K(65024K)->12896K(65536K) Eden: 12800K(12800K)->0K(12800K) From: 0K(52224K)->12896K(52736K)
[1.752s][info][gc,heap        ] GC(50) ParOldGen: 275130K(324096K)->275130K(324096K)
[1.752s][info][gc,metaspace   ] GC(50) Metaspace: 6301K(6464K)->6301K(6464K) NonClass: 5768K(5824K)->5768K(5824K) Class: 533K(640K)->533K(640K)
[1.752s][info][gc             ] GC(50) Pause Young (Allocation Failure) 281M->281M(380M) 7.990ms
[1.752s][info][gc,cpu         ] GC(50) User=0.02s Sys=0.00s Real=0.01s
[1.767s][info][gc,start       ] GC(51) Pause Young (Allocation Failure)
[1.780s][info][gc,heap        ] GC(51) PSYoungGen: 25696K(65536K)->25728K(63488K) Eden: 12800K(12800K)->0K(14848K) From: 12896K(52736K)->25728K(48640K)
[1.780s][info][gc,heap        ] GC(51) ParOldGen: 275130K(324096K)->275130K(324096K)
[1.780s][info][gc,metaspace   ] GC(51) Metaspace: 6301K(6464K)->6301K(6464K) NonClass: 5768K(5824K)->5768K(5824K) Class: 533K(640K)->533K(640K)
[1.780s][info][gc             ] GC(51) Pause Young (Allocation Failure) 293M->293M(378M) 13.551ms
[1.780s][info][gc,cpu         ] GC(51) User=0.02s Sys=0.00s Real=0.01s
[1.798s][info][gc,start       ] GC(52) Pause Young (Allocation Failure)
[1.817s][info][gc,heap        ] GC(52) PSYoungGen: 40576K(63488K)->40544K(65024K) Eden: 14848K(14848K)->0K(14848K) From: 25728K(48640K)->40544K(50176K)
[1.817s][info][gc,heap        ] GC(52) ParOldGen: 275130K(324096K)->275130K(324096K)
[1.817s][info][gc,metaspace   ] GC(52) Metaspace: 6301K(6464K)->6301K(6464K) NonClass: 5768K(5824K)->5768K(5824K) Class: 533K(640K)->533K(640K)
[1.817s][info][gc             ] GC(52) Pause Young (Allocation Failure) 308M->308M(380M) 19.037ms
[1.817s][info][gc,cpu         ] GC(52) User=0.12s Sys=0.00s Real=0.02s
[1.834s][info][gc,start       ] GC(53) Pause Young (Allocation Failure)
[1.859s][info][gc,heap        ] GC(53) PSYoungGen: 55392K(65024K)->53760K(62464K) Eden: 14848K(14848K)->0K(8704K) From: 40544K(50176K)->53760K(53760K)
[1.859s][info][gc,heap        ] GC(53) ParOldGen: 275130K(324096K)->276770K(324096K)
[1.859s][info][gc,metaspace   ] GC(53) Metaspace: 6301K(6464K)->6301K(6464K) NonClass: 5768K(5824K)->5768K(5824K) Class: 533K(640K)->533K(640K)
[1.859s][info][gc             ] GC(53) Pause Young (Allocation Failure) 322M->322M(377M) 25.276ms
[1.859s][info][gc,cpu         ] GC(53) User=0.12s Sys=0.02s Real=0.03s
[1.869s][info][gc,start       ] GC(54) Pause Young (Allocation Failure)
[1.896s][info][gc,heap        ] GC(54) PSYoungGen: 62464K(62464K)->50080K(70656K) Eden: 8704K(8704K)->0K(8704K) From: 53760K(53760K)->50080K(61952K)
[1.896s][info][gc,heap        ] GC(54) ParOldGen: 276770K(324096K)->289354K(324096K)
[1.896s][info][gc,metaspace   ] GC(54) Metaspace: 6301K(6464K)->6301K(6464K) NonClass: 5768K(5824K)->5768K(5824K) Class: 533K(640K)->533K(640K)
[1.896s][info][gc             ] GC(54) Pause Young (Allocation Failure) 331M->331M(385M) 26.737ms
[1.896s][info][gc,cpu         ] GC(54) User=0.20s Sys=0.03s Real=0.03s
[1.905s][info][gc,start       ] GC(55) Pause Young (Allocation Failure)
[1.932s][info][gc,heap        ] GC(55) PSYoungGen: 58784K(70656K)->46336K(75264K) Eden: 8704K(8704K)->0K(8192K) From: 50080K(61952K)->46336K(67072K)
[1.932s][info][gc,heap        ] GC(55) ParOldGen: 289354K(324096K)->301970K(324096K)
[1.932s][info][gc,metaspace   ] GC(55) Metaspace: 6301K(6464K)->6301K(6464K) NonClass: 5768K(5824K)->5768K(5824K) Class: 533K(640K)->533K(640K)
[1.932s][info][gc             ] GC(55) Pause Young (Allocation Failure) 339M->340M(390M) 26.265ms
[1.932s][info][gc,cpu         ] GC(55) User=0.12s Sys=0.00s Real=0.03s
[1.932s][info][gc,start       ] GC(56) Pause Full (Ergonomics)
[1.932s][info][gc,phases,start] GC(56) Marking Phase
[2.010s][info][gc,phases      ] GC(56) Marking Phase 78.628ms
[2.010s][info][gc,phases,start] GC(56) Summary Phase
[2.010s][info][gc,phases      ] GC(56) Summary Phase 0.027ms
[2.010s][info][gc,phases,start] GC(56) Adjust Roots
[2.011s][info][gc,phases      ] GC(56) Adjust Roots 0.159ms
[2.011s][info][gc,phases,start] GC(56) Compaction Phase
[2.051s][info][gc,phases      ] GC(56) Compaction Phase 40.573ms
[2.051s][info][gc,phases,start] GC(56) Post Compact
[2.053s][info][gc,phases      ] GC(56) Post Compact 1.720ms
[2.053s][info][gc,heap        ] GC(56) PSYoungGen: 46336K(75264K)->23630K(75264K) Eden: 0K(8192K)->0K(8192K) From: 46336K(67072K)->23630K(67072K)
[2.053s][info][gc,heap        ] GC(56) ParOldGen: 301970K(324096K)->324016K(373248K)
[2.053s][info][gc,metaspace   ] GC(56) Metaspace: 6301K(6464K)->6301K(6464K) NonClass: 5768K(5824K)->5768K(5824K) Class: 533K(640K)->533K(640K)
[2.053s][info][gc             ] GC(56) Pause Full (Ergonomics) 340M->339M(438M) 121.670ms
[2.053s][info][gc,cpu         ] GC(56) User=0.77s Sys=0.00s Real=0.12s
[2.132s][info][gc,start       ] GC(57) Pause Young (Allocation Failure)
[2.161s][info][gc,heap        ] GC(57) PSYoungGen: 31822K(75264K)->17120K(77312K) Eden: 8192K(8192K)->0K(8192K) From: 23630K(67072K)->17120K(69120K)
[2.161s][info][gc,heap        ] GC(57) ParOldGen: 340400K(373248K)->355480K(373248K)
[2.161s][info][gc,metaspace   ] GC(57) Metaspace: 6301K(6464K)->6301K(6464K) NonClass: 5768K(5824K)->5768K(5824K) Class: 533K(640K)->533K(640K)
[2.161s][info][gc             ] GC(57) Pause Young (Allocation Failure) 363M->363M(440M) 29.125ms
[2.161s][info][gc,cpu         ] GC(57) User=0.06s Sys=0.00s Real=0.03s
[2.161s][info][gc,start       ] GC(58) Pause Full (Ergonomics)
[2.161s][info][gc,phases,start] GC(58) Marking Phase
[2.243s][info][gc,phases      ] GC(58) Marking Phase 81.786ms
[2.243s][info][gc,phases,start] GC(58) Summary Phase
[2.243s][info][gc,phases      ] GC(58) Summary Phase 0.023ms
[2.243s][info][gc,phases,start] GC(58) Adjust Roots
[2.243s][info][gc,phases      ] GC(58) Adjust Roots 0.150ms
[2.243s][info][gc,phases,start] GC(58) Compaction Phase
[2.304s][info][gc,phases      ] GC(58) Compaction Phase 61.631ms
[2.305s][info][gc,phases,start] GC(58) Post Compact
[2.307s][info][gc,phases      ] GC(58) Post Compact 2.169ms
[2.307s][info][gc,heap        ] GC(58) PSYoungGen: 17120K(77312K)->0K(77312K) Eden: 0K(8192K)->0K(9216K) From: 17120K(69120K)->0K(68096K)
[2.307s][info][gc,heap        ] GC(58) ParOldGen: 355480K(373248K)->364000K(417280K)
[2.307s][info][gc,metaspace   ] GC(58) Metaspace: 6301K(6464K)->6301K(6464K) NonClass: 5768K(5824K)->5768K(5824K) Class: 533K(640K)->533K(640K)
[2.307s][info][gc             ] GC(58) Pause Full (Ergonomics) 363M->355M(483M) 146.340ms
[2.307s][info][gc,cpu         ] GC(58) User=0.88s Sys=0.00s Real=0.15s
[2.318s][info][gc,start       ] GC(59) Pause Young (Allocation Failure)
[2.325s][info][gc,heap        ] GC(59) PSYoungGen: 9216K(77312K)->9312K(77312K) Eden: 9216K(9216K)->0K(9216K) From: 0K(68096K)->9312K(68096K)
[2.325s][info][gc,heap        ] GC(59) ParOldGen: 364000K(417280K)->364000K(417280K)
[2.325s][info][gc,metaspace   ] GC(59) Metaspace: 6301K(6464K)->6301K(6464K) NonClass: 5768K(5824K)->5768K(5824K) Class: 533K(640K)->533K(640K)
[2.325s][info][gc             ] GC(59) Pause Young (Allocation Failure) 364M->364M(483M) 7.574ms
[2.325s][info][gc,cpu         ] GC(59) User=0.02s Sys=0.00s Real=0.01s
[2.335s][info][gc,start       ] GC(60) Pause Young (Allocation Failure)
[2.346s][info][gc,heap        ] GC(60) PSYoungGen: 18528K(77312K)->18592K(73216K) Eden: 9216K(9216K)->0K(10240K) From: 9312K(68096K)->18592K(62976K)
[2.346s][info][gc,heap        ] GC(60) ParOldGen: 364000K(417280K)->364000K(417280K)
[2.346s][info][gc,metaspace   ] GC(60) Metaspace: 6301K(6464K)->6301K(6464K) NonClass: 5768K(5824K)->5768K(5824K) Class: 533K(640K)->533K(640K)
[2.346s][info][gc             ] GC(60) Pause Young (Allocation Failure) 373M->373M(479M) 10.945ms
[2.346s][info][gc,cpu         ] GC(60) User=0.00s Sys=0.00s Real=0.01s
[2.356s][info][gc,start       ] GC(61) Pause Young (Allocation Failure)
[2.371s][info][gc,heap        ] GC(61) PSYoungGen: 28832K(73216K)->28768K(39424K) Eden: 10240K(10240K)->0K(10240K) From: 18592K(62976K)->28768K(29184K)
[2.371s][info][gc,heap        ] GC(61) ParOldGen: 364000K(417280K)->364000K(417280K)
[2.371s][info][gc,metaspace   ] GC(61) Metaspace: 6301K(6464K)->6301K(6464K) NonClass: 5768K(5824K)->5768K(5824K) Class: 533K(640K)->533K(640K)
[2.371s][info][gc             ] GC(61) Pause Young (Allocation Failure) 383M->383M(446M) 14.737ms
[2.371s][info][gc,cpu         ] GC(61) User=0.02s Sys=0.00s Real=0.02s
[2.381s][info][gc,start       ] GC(62) Pause Young (Allocation Failure)
[2.401s][info][gc,heap        ] GC(62) PSYoungGen: 39008K(39424K)->38976K(73728K) Eden: 10240K(10240K)->0K(11264K) From: 28768K(29184K)->38976K(62464K)
[2.401s][info][gc,heap        ] GC(62) ParOldGen: 364000K(417280K)->364000K(417280K)
[2.401s][info][gc,metaspace   ] GC(62) Metaspace: 6301K(6464K)->6301K(6464K) NonClass: 5768K(5824K)->5768K(5824K) Class: 533K(640K)->533K(640K)
[2.401s][info][gc             ] GC(62) Pause Young (Allocation Failure) 393M->393M(479M) 20.054ms
[2.401s][info][gc,cpu         ] GC(62) User=0.03s Sys=0.00s Real=0.02s
[2.414s][info][gc,start       ] GC(63) Pause Young (Allocation Failure)
[2.438s][info][gc,heap        ] GC(63) PSYoungGen: 50240K(73728K)->50272K(74240K) Eden: 11264K(11264K)->0K(11264K) From: 38976K(62464K)->50272K(62976K)
[2.438s][info][gc,heap        ] GC(63) ParOldGen: 364000K(417280K)->364000K(417280K)
[2.438s][info][gc,metaspace   ] GC(63) Metaspace: 6301K(6464K)->6301K(6464K) NonClass: 5768K(5824K)->5768K(5824K) Class: 533K(640K)->533K(640K)
[2.438s][info][gc             ] GC(63) Pause Young (Allocation Failure) 404M->404M(480M) 24.040ms
[2.438s][info][gc,cpu         ] GC(63) User=0.06s Sys=0.00s Real=0.02s
[2.449s][info][gc,start       ] GC(64) Pause Young (Allocation Failure)
[2.477s][info][gc,heap        ] GC(64) PSYoungGen: 61536K(74240K)->61536K(72704K) Eden: 11264K(11264K)->0K(5120K) From: 50272K(62976K)->61536K(67584K)
[2.477s][info][gc,heap        ] GC(64) ParOldGen: 364000K(417280K)->364000K(417280K)
[2.477s][info][gc,metaspace   ] GC(64) Metaspace: 6301K(6464K)->6301K(6464K) NonClass: 5768K(5824K)->5768K(5824K) Class: 533K(640K)->533K(640K)
[2.477s][info][gc             ] GC(64) Pause Young (Allocation Failure) 415M->415M(478M) 27.991ms
[2.477s][info][gc,cpu         ] GC(64) User=0.12s Sys=0.00s Real=0.03s
[2.483s][info][gc,start       ] GC(65) Pause Young (Allocation Failure)
[2.512s][info][gc,heap        ] GC(65) PSYoungGen: 66656K(72704K)->48192K(80384K) Eden: 5120K(5120K)->0K(5120K) From: 61536K(67584K)->48192K(75264K)
[2.512s][info][gc,heap        ] GC(65) ParOldGen: 364000K(417280K)->382640K(417280K)
[2.512s][info][gc,metaspace   ] GC(65) Metaspace: 6301K(6464K)->6301K(6464K) NonClass: 5768K(5824K)->5768K(5824K) Class: 533K(640K)->533K(640K)
[2.512s][info][gc             ] GC(65) Pause Young (Allocation Failure) 420M->420M(486M) 28.940ms
[2.512s][info][gc,cpu         ] GC(65) User=0.14s Sys=0.00s Real=0.03s
[2.517s][info][gc,start       ] GC(66) Pause Young (Allocation Failure)
[2.542s][info][gc,heap        ] GC(66) PSYoungGen: 53312K(80384K)->32864K(75776K) Eden: 5120K(5120K)->0K(6656K) From: 48192K(75264K)->32864K(69120K)
[2.542s][info][gc,heap        ] GC(66) ParOldGen: 382640K(417280K)->403344K(417280K)
[2.542s][info][gc,metaspace   ] GC(66) Metaspace: 6301K(6464K)->6301K(6464K) NonClass: 5768K(5824K)->5768K(5824K) Class: 533K(640K)->533K(640K)
[2.542s][info][gc             ] GC(66) Pause Young (Allocation Failure) 425M->425M(481M) 24.181ms
[2.542s][info][gc,cpu         ] GC(66) User=0.12s Sys=0.00s Real=0.03s
[2.542s][info][gc,start       ] GC(67) Pause Full (Ergonomics)
[2.542s][info][gc,phases,start] GC(67) Marking Phase
[2.640s][info][gc,phases      ] GC(67) Marking Phase 98.771ms
[2.641s][info][gc,phases,start] GC(67) Summary Phase
[2.641s][info][gc,phases      ] GC(67) Summary Phase 0.020ms
[2.641s][info][gc,phases,start] GC(67) Adjust Roots
[2.641s][info][gc,phases      ] GC(67) Adjust Roots 0.207ms
[2.641s][info][gc,phases,start] GC(67) Compaction Phase
[2.697s][info][gc,phases      ] GC(67) Compaction Phase 56.027ms
[2.697s][info][gc,phases,start] GC(67) Post Compact
[2.700s][info][gc,phases      ] GC(67) Post Compact 3.062ms
[2.700s][info][gc,heap        ] GC(67) PSYoungGen: 32864K(75776K)->18336K(77312K) Eden: 0K(6656K)->0K(8192K) From: 32864K(69120K)->18336K(69120K)
[2.700s][info][gc,heap        ] GC(67) ParOldGen: 403344K(417280K)->417102K(477184K)
[2.700s][info][gc,metaspace   ] GC(67) Metaspace: 6301K(6464K)->6301K(6464K) NonClass: 5768K(5824K)->5768K(5824K) Class: 533K(640K)->533K(640K)
[2.700s][info][gc             ] GC(67) Pause Full (Ergonomics) 425M->425M(541M) 158.742ms
[2.700s][info][gc,cpu         ] GC(67) User=0.86s Sys=0.00s Real=0.16s
[2.710s][info][gc,start       ] GC(68) Pause Young (Allocation Failure)
[2.748s][info][gc,heap        ] GC(68) PSYoungGen: 26528K(77312K)->13440K(80896K) Eden: 8192K(8192K)->0K(8192K) From: 18336K(69120K)->13440K(72704K)
[2.748s][info][gc,heap        ] GC(68) ParOldGen: 417102K(477184K)->430598K(477184K)
[2.748s][info][gc,metaspace   ] GC(68) Metaspace: 6301K(6464K)->6301K(6464K) NonClass: 5768K(5824K)->5768K(5824K) Class: 533K(640K)->533K(640K)
[2.748s][info][gc             ] GC(68) Pause Young (Allocation Failure) 433M->433M(545M) 37.442ms
[2.748s][info][gc,cpu         ] GC(68) User=0.19s Sys=0.00s Real=0.04s
[2.757s][info][gc,start       ] GC(69) Pause Young (Allocation Failure)
[2.772s][info][gc,heap        ] GC(69) PSYoungGen: 21632K(80896K)->16544K(80384K) Eden: 8192K(8192K)->0K(9728K) From: 13440K(72704K)->16544K(70656K)
[2.772s][info][gc,heap        ] GC(69) ParOldGen: 430598K(477184K)->435758K(477184K)
[2.772s][info][gc,metaspace   ] GC(69) Metaspace: 6301K(6464K)->6301K(6464K) NonClass: 5768K(5824K)->5768K(5824K) Class: 533K(640K)->533K(640K)
[2.772s][info][gc             ] GC(69) Pause Young (Allocation Failure) 441M->441M(544M) 15.143ms
[2.772s][info][gc,cpu         ] GC(69) User=0.02s Sys=0.00s Real=0.02s
[2.785s][info][gc,start       ] GC(70) Pause Young (Allocation Failure)
[2.802s][info][gc,heap        ] GC(70) PSYoungGen: 26272K(80384K)->9856K(81408K) Eden: 9728K(9728K)->0K(9728K) From: 16544K(70656K)->9856K(71680K)
[2.802s][info][gc,heap        ] GC(70) ParOldGen: 435758K(477184K)->452342K(477184K)
[2.802s][info][gc,metaspace   ] GC(70) Metaspace: 6301K(6464K)->6301K(6464K) NonClass: 5768K(5824K)->5768K(5824K) Class: 533K(640K)->533K(640K)
[2.802s][info][gc             ] GC(70) Pause Young (Allocation Failure) 451M->451M(545M) 17.265ms
[2.802s][info][gc,cpu         ] GC(70) User=0.02s Sys=0.00s Real=0.02s
[2.802s][info][gc,start       ] GC(71) Pause Full (Ergonomics)
[2.802s][info][gc,phases,start] GC(71) Marking Phase
[2.913s][info][gc,phases      ] GC(71) Marking Phase 110.547ms
[2.913s][info][gc,phases,start] GC(71) Summary Phase
[2.913s][info][gc,phases      ] GC(71) Summary Phase 0.023ms
[2.913s][info][gc,phases,start] GC(71) Adjust Roots
[2.913s][info][gc,phases      ] GC(71) Adjust Roots 0.203ms
[2.913s][info][gc,phases,start] GC(71) Compaction Phase
[2.964s][info][gc,phases      ] GC(71) Compaction Phase 50.343ms
[2.964s][info][gc,phases,start] GC(71) Post Compact
[2.967s][info][gc,phases      ] GC(71) Post Compact 2.972ms
[2.967s][info][gc,heap        ] GC(71) PSYoungGen: 9856K(81408K)->0K(82432K) Eden: 0K(9728K)->0K(11264K) From: 9856K(71680K)->0K(71168K)
[2.967s][info][gc,heap        ] GC(71) ParOldGen: 452342K(477184K)->461456K(524800K)
[2.967s][info][gc,metaspace   ] GC(71) Metaspace: 6301K(6464K)->6301K(6464K) NonClass: 5768K(5824K)->5768K(5824K) Class: 533K(640K)->533K(640K)
[2.967s][info][gc             ] GC(71) Pause Full (Ergonomics) 451M->450M(593M) 164.691ms
[2.967s][info][gc,cpu         ] GC(71) User=0.86s Sys=0.00s Real=0.16s
[2.979s][info][gc,start       ] GC(72) Pause Young (Allocation Failure)
[2.989s][info][gc,heap        ] GC(72) PSYoungGen: 11264K(82432K)->11360K(82432K) Eden: 11264K(11264K)->0K(11264K) From: 0K(71168K)->11360K(71168K)
[2.989s][info][gc,heap        ] GC(72) ParOldGen: 461456K(524800K)->461456K(524800K)
[2.989s][info][gc,metaspace   ] GC(72) Metaspace: 6301K(6464K)->6301K(6464K) NonClass: 5768K(5824K)->5768K(5824K) Class: 533K(640K)->533K(640K)
[2.989s][info][gc             ] GC(72) Pause Young (Allocation Failure) 461M->461M(593M) 9.364ms
[2.989s][info][gc,cpu         ] GC(72) User=0.00s Sys=0.00s Real=0.01s
[3.002s][info][gc,start       ] GC(73) Pause Young (Allocation Failure)
[3.015s][info][gc,heap        ] GC(73) PSYoungGen: 22624K(82432K)->22656K(75776K) Eden: 11264K(11264K)->0K(12800K) From: 11360K(71168K)->22656K(62976K)
[3.015s][info][gc,heap        ] GC(73) ParOldGen: 461456K(524800K)->461456K(524800K)
[3.015s][info][gc,metaspace   ] GC(73) Metaspace: 6301K(6464K)->6301K(6464K) NonClass: 5768K(5824K)->5768K(5824K) Class: 533K(640K)->533K(640K)
[3.015s][info][gc             ] GC(73) Pause Young (Allocation Failure) 472M->472M(586M) 13.144ms
[3.015s][info][gc,cpu         ] GC(73) User=0.02s Sys=0.00s Real=0.01s
[3.031s][info][gc,start       ] GC(74) Pause Young (Allocation Failure)
[3.049s][info][gc,heap        ] GC(74) PSYoungGen: 35456K(75776K)->35456K(79360K) Eden: 12800K(12800K)->0K(12800K) From: 22656K(62976K)->35456K(66560K)
[3.049s][info][gc,heap        ] GC(74) ParOldGen: 461456K(524800K)->461456K(524800K)
[3.049s][info][gc,metaspace   ] GC(74) Metaspace: 6301K(6464K)->6301K(6464K) NonClass: 5768K(5824K)->5768K(5824K) Class: 533K(640K)->533K(640K)
[3.049s][info][gc             ] GC(74) Pause Young (Allocation Failure) 485M->485M(590M) 18.320ms
[3.049s][info][gc,cpu         ] GC(74) User=0.03s Sys=0.00s Real=0.02s
[3.064s][info][gc,start       ] GC(75) Pause Young (Allocation Failure)
[3.088s][info][gc,heap        ] GC(75) PSYoungGen: 48256K(79360K)->36960K(79360K) Eden: 12800K(12800K)->0K(14336K) From: 35456K(66560K)->36960K(65024K)
[3.088s][info][gc,heap        ] GC(75) ParOldGen: 461456K(524800K)->472864K(524800K)
[3.088s][info][gc,metaspace   ] GC(75) Metaspace: 6301K(6464K)->6301K(6464K) NonClass: 5768K(5824K)->5768K(5824K) Class: 533K(640K)->533K(640K)
[3.088s][info][gc             ] GC(75) Pause Young (Allocation Failure) 497M->497M(590M) 24.464ms
[3.088s][info][gc,cpu         ] GC(75) User=0.09s Sys=0.00s Real=0.02s
[3.105s][info][gc,start       ] GC(76) Pause Young (Allocation Failure)
[3.131s][info][gc,heap        ] GC(76) PSYoungGen: 51296K(79360K)->40064K(79872K) Eden: 14336K(14336K)->0K(14336K) From: 36960K(65024K)->40064K(65536K)
[3.131s][info][gc,heap        ] GC(76) ParOldGen: 472864K(524800K)->484280K(524800K)
[3.131s][info][gc,metaspace   ] GC(76) Metaspace: 6301K(6464K)->6301K(6464K) NonClass: 5768K(5824K)->5768K(5824K) Class: 533K(640K)->533K(640K)
[3.131s][info][gc             ] GC(76) Pause Young (Allocation Failure) 511M->512M(590M) 25.658ms
[3.131s][info][gc,cpu         ] GC(76) User=0.12s Sys=0.00s Real=0.03s
[3.147s][info][gc,start       ] GC(77) Pause Young (Allocation Failure)
[3.174s][info][gc,heap        ] GC(77) PSYoungGen: 54400K(79872K)->41600K(81408K) Eden: 14336K(14336K)->0K(15360K) From: 40064K(65536K)->41600K(66048K)
[3.174s][info][gc,heap        ] GC(77) ParOldGen: 484280K(524800K)->497248K(524800K)
[3.174s][info][gc,metaspace   ] GC(77) Metaspace: 6301K(6464K)->6301K(6464K) NonClass: 5768K(5824K)->5768K(5824K) Class: 533K(640K)->533K(640K)
[3.174s][info][gc             ] GC(77) Pause Young (Allocation Failure) 526M->526M(592M) 27.579ms
[3.174s][info][gc,cpu         ] GC(77) User=0.14s Sys=0.00s Real=0.03s
[3.192s][info][gc,start       ] GC(78) Pause Young (Allocation Failure)
[3.220s][info][gc,heap        ] GC(78) PSYoungGen: 56960K(81408K)->44128K(82432K) Eden: 15360K(15360K)->0K(15360K) From: 41600K(66048K)->44128K(67072K)
[3.220s][info][gc,heap        ] GC(78) ParOldGen: 497248K(524800K)->510208K(524800K)
[3.220s][info][gc,metaspace   ] GC(78) Metaspace: 6301K(6464K)->6301K(6464K) NonClass: 5768K(5824K)->5768K(5824K) Class: 533K(640K)->533K(640K)
[3.220s][info][gc             ] GC(78) Pause Young (Allocation Failure) 541M->541M(593M) 27.941ms
[3.220s][info][gc,cpu         ] GC(78) User=0.14s Sys=0.00s Real=0.03s
[3.220s][info][gc,start       ] GC(79) Pause Full (Ergonomics)
[3.220s][info][gc,phases,start] GC(79) Marking Phase
[3.340s][info][gc,phases      ] GC(79) Marking Phase 119.696ms
[3.340s][info][gc,phases,start] GC(79) Summary Phase
[3.340s][info][gc,phases      ] GC(79) Summary Phase 0.025ms
[3.340s][info][gc,phases,start] GC(79) Adjust Roots
[3.340s][info][gc,phases      ] GC(79) Adjust Roots 0.176ms
[3.340s][info][gc,phases,start] GC(79) Compaction Phase
[3.395s][info][gc,phases      ] GC(79) Compaction Phase 55.028ms
[3.396s][info][gc,phases,start] GC(79) Post Compact
[3.396s][info][gc,phases      ] GC(79) Post Compact 0.972ms
[3.397s][info][gc,heap        ] GC(79) PSYoungGen: 44128K(82432K)->28606K(82432K) Eden: 0K(15360K)->0K(15360K) From: 44128K(67072K)->28606K(67072K)
[3.397s][info][gc,heap        ] GC(79) ParOldGen: 510208K(524800K)->524786K(589824K)
[3.397s][info][gc,metaspace   ] GC(79) Metaspace: 6301K(6464K)->6301K(6464K) NonClass: 5768K(5824K)->5768K(5824K) Class: 533K(640K)->533K(640K)
[3.397s][info][gc             ] GC(79) Pause Full (Ergonomics) 541M->540M(656M) 176.409ms
[3.397s][info][gc,cpu         ] GC(79) User=1.12s Sys=0.02s Real=0.18s
[3.416s][info][gc,start       ] GC(80) Pause Young (Allocation Failure)
[3.458s][info][gc,heap        ] GC(80) PSYoungGen: 43966K(82432K)->25440K(79360K) Eden: 15360K(15360K)->0K(16896K) From: 28606K(67072K)->25440K(62464K)
[3.458s][info][gc,heap        ] GC(80) ParOldGen: 524786K(589824K)->543722K(589824K)
[3.458s][info][gc,metaspace   ] GC(80) Metaspace: 6301K(6464K)->6301K(6464K) NonClass: 5768K(5824K)->5768K(5824K) Class: 533K(640K)->533K(640K)
[3.458s][info][gc             ] GC(80) Pause Young (Allocation Failure) 555M->555M(653M) 42.895ms
[3.459s][info][gc,cpu         ] GC(80) User=0.36s Sys=0.02s Real=0.04s
[3.478s][info][gc,start       ] GC(81) Pause Young (Allocation Failure)
[3.501s][info][gc,heap        ] GC(81) PSYoungGen: 42336K(79360K)->32352K(49664K) Eden: 16896K(16896K)->0K(16896K) From: 25440K(62464K)->32352K(32768K)
[3.501s][info][gc,heap        ] GC(81) ParOldGen: 543722K(589824K)->553818K(589824K)
[3.501s][info][gc,metaspace   ] GC(81) Metaspace: 6301K(6464K)->6301K(6464K) NonClass: 5768K(5824K)->5768K(5824K) Class: 533K(640K)->533K(640K)
[3.501s][info][gc             ] GC(81) Pause Young (Allocation Failure) 572M->572M(624M) 23.096ms
[3.501s][info][gc,cpu         ] GC(81) User=0.14s Sys=0.00s Real=0.02s
[3.520s][info][gc,start       ] GC(82) Pause Young (Allocation Failure)
[3.545s][info][gc,heap        ] GC(82) PSYoungGen: 49248K(49664K)->33888K(77312K) Eden: 16896K(16896K)->0K(18944K) From: 32352K(32768K)->33888K(58368K)
[3.545s][info][gc,heap        ] GC(82) ParOldGen: 553818K(589824K)->569386K(589824K)
[3.545s][info][gc,metaspace   ] GC(82) Metaspace: 6301K(6464K)->6301K(6464K) NonClass: 5768K(5824K)->5768K(5824K) Class: 533K(640K)->533K(640K)
[3.545s][info][gc             ] GC(82) Pause Young (Allocation Failure) 588M->589M(651M) 24.990ms
[3.545s][info][gc,cpu         ] GC(82) User=0.14s Sys=0.00s Real=0.02s
[3.545s][info][gc,start       ] GC(83) Pause Full (Ergonomics)
[3.545s][info][gc,phases,start] GC(83) Marking Phase
[3.672s][info][gc,phases      ] GC(83) Marking Phase 127.117ms
[3.672s][info][gc,phases,start] GC(83) Summary Phase
[3.673s][info][gc,phases      ] GC(83) Summary Phase 0.032ms
[3.673s][info][gc,phases,start] GC(83) Adjust Roots
[3.673s][info][gc,phases      ] GC(83) Adjust Roots 0.191ms
[3.673s][info][gc,phases,start] GC(83) Compaction Phase
[3.730s][info][gc,phases      ] GC(83) Compaction Phase 57.648ms
[3.730s][info][gc,phases,start] GC(83) Post Compact
[3.731s][info][gc,phases      ] GC(83) Post Compact 0.989ms
[3.732s][info][gc,heap        ] GC(83) PSYoungGen: 33888K(77312K)->12772K(79360K) Eden: 0K(18944K)->0K(20992K) From: 33888K(58368K)->12772K(58368K)
[3.732s][info][gc,heap        ] GC(83) ParOldGen: 569386K(589824K)->589671K(659456K)
[3.732s][info][gc,metaspace   ] GC(83) Metaspace: 6301K(6464K)->6301K(6464K) NonClass: 5768K(5824K)->5768K(5824K) Class: 533K(640K)->533K(640K)
[3.732s][info][gc             ] GC(83) Pause Full (Ergonomics) 589M->588M(721M) 186.524ms
[3.732s][info][gc,cpu         ] GC(83) User=1.17s Sys=0.00s Real=0.19s
[3.759s][info][gc,start       ] GC(84) Pause Young (Allocation Failure)
[3.800s][info][gc,heap        ] GC(84) PSYoungGen: 33764K(79360K)->28800K(81408K) Eden: 20992K(20992K)->0K(20992K) From: 12772K(58368K)->28800K(60416K)
[3.800s][info][gc,heap        ] GC(84) ParOldGen: 589671K(659456K)->594871K(659456K)
[3.800s][info][gc,metaspace   ] GC(84) Metaspace: 6301K(6464K)->6301K(6464K) NonClass: 5768K(5824K)->5768K(5824K) Class: 533K(640K)->533K(640K)
[3.800s][info][gc             ] GC(84) Pause Young (Allocation Failure) 608M->609M(723M) 41.405ms
[3.800s][info][gc,cpu         ] GC(84) User=0.23s Sys=0.02s Real=0.04s
[3.826s][info][gc,start       ] GC(85) Pause Young (Allocation Failure)
[3.853s][info][gc,heap        ] GC(85) PSYoungGen: 49792K(81408K)->49824K(77312K) Eden: 20992K(20992K)->0K(19456K) From: 28800K(60416K)->49824K(57856K)
[3.853s][info][gc,heap        ] GC(85) ParOldGen: 594871K(659456K)->594871K(659456K)
[3.853s][info][gc,metaspace   ] GC(85) Metaspace: 6301K(6464K)->6301K(6464K) NonClass: 5768K(5824K)->5768K(5824K) Class: 533K(640K)->533K(640K)
[3.853s][info][gc             ] GC(85) Pause Young (Allocation Failure) 629M->629M(719M) 27.094ms
[3.853s][info][gc,cpu         ] GC(85) User=0.12s Sys=0.00s Real=0.03s
[3.877s][info][gc,start       ] GC(86) Pause Young (Allocation Failure)
[3.913s][info][gc,heap        ] GC(86) PSYoungGen: 69280K(77312K)->61952K(81408K) Eden: 19456K(19456K)->0K(19456K) From: 49824K(57856K)->61952K(61952K)
[3.913s][info][gc,heap        ] GC(86) ParOldGen: 594871K(659456K)->602191K(659456K)
[3.913s][info][gc,metaspace   ] GC(86) Metaspace: 6301K(6464K)->6301K(6464K) NonClass: 5768K(5824K)->5768K(5824K) Class: 533K(640K)->533K(640K)
[3.913s][info][gc             ] GC(86) Pause Young (Allocation Failure) 648M->648M(723M) 35.676ms
[3.913s][info][gc,cpu         ] GC(86) User=0.16s Sys=0.00s Real=0.04s
[3.939s][info][gc,start       ] GC(87) Pause Young (Allocation Failure)
[3.981s][info][gc,heap        ] GC(87) PSYoungGen: 81408K(81408K)->56096K(90624K) Eden: 19456K(19456K)->0K(17920K) From: 61952K(61952K)->56096K(72704K)
[3.981s][info][gc,heap        ] GC(87) ParOldGen: 602191K(659456K)->627959K(659456K)
[3.981s][info][gc,metaspace   ] GC(87) Metaspace: 6301K(6464K)->6301K(6464K) NonClass: 5768K(5824K)->5768K(5824K) Class: 533K(640K)->533K(640K)
[3.981s][info][gc             ] GC(87) Pause Young (Allocation Failure) 667M->668M(732M) 41.890ms
[3.981s][info][gc,cpu         ] GC(87) User=0.25s Sys=0.02s Real=0.04s
[4.004s][info][gc,start       ] GC(88) Pause Young (Allocation Failure)
[4.040s][info][gc,heap        ] GC(88) PSYoungGen: 74016K(90624K)->55072K(94208K) Eden: 17920K(17920K)->0K(17920K) From: 56096K(72704K)->55072K(76288K)
[4.041s][info][gc,heap        ] GC(88) ParOldGen: 627959K(659456K)->647175K(659456K)
[4.041s][info][gc,metaspace   ] GC(88) Metaspace: 6301K(6464K)->6301K(6464K) NonClass: 5768K(5824K)->5768K(5824K) Class: 533K(640K)->533K(640K)
[4.041s][info][gc             ] GC(88) Pause Young (Allocation Failure) 685M->685M(736M) 36.308ms
[4.041s][info][gc,cpu         ] GC(88) User=0.22s Sys=0.02s Real=0.04s
[4.041s][info][gc,start       ] GC(89) Pause Full (Ergonomics)
[4.041s][info][gc,phases,start] GC(89) Marking Phase
[4.198s][info][gc,phases      ] GC(89) Marking Phase 157.561ms
[4.198s][info][gc,phases,start] GC(89) Summary Phase
[4.198s][info][gc,phases      ] GC(89) Summary Phase 0.023ms
[4.198s][info][gc,phases,start] GC(89) Adjust Roots
[4.198s][info][gc,phases      ] GC(89) Adjust Roots 0.159ms
[4.199s][info][gc,phases,start] GC(89) Compaction Phase
[4.263s][info][gc,phases      ] GC(89) Compaction Phase 64.825ms
[4.263s][info][gc,phases,start] GC(89) Post Compact
[4.265s][info][gc,phases      ] GC(89) Post Compact 1.449ms
[4.265s][info][gc,heap        ] GC(89) PSYoungGen: 55072K(94208K)->42048K(94208K) Eden: 0K(17920K)->0K(17920K) From: 55072K(76288K)->42048K(76288K)
[4.265s][info][gc,heap        ] GC(89) ParOldGen: 647175K(659456K)->659060K(736768K)
[4.265s][info][gc,metaspace   ] GC(89) Metaspace: 6301K(6464K)->6301K(6464K) NonClass: 5768K(5824K)->5768K(5824K) Class: 533K(640K)->533K(640K)
[4.265s][info][gc             ] GC(89) Pause Full (Ergonomics) 685M->684M(811M) 224.694ms
[4.265s][info][gc,cpu         ] GC(89) User=1.62s Sys=0.02s Real=0.22s
[4.400s][info][gc,start       ] GC(90) Pause Young (Allocation Failure)
[4.452s][info][gc,heap        ] GC(90) PSYoungGen: 59968K(94208K)->46048K(95232K) Eden: 17920K(17920K)->0K(19968K) From: 42048K(76288K)->46048K(75264K)
[4.452s][info][gc,heap        ] GC(90) ParOldGen: 691828K(736768K)->706180K(736768K)
[4.452s][info][gc,metaspace   ] GC(90) Metaspace: 6301K(6464K)->6301K(6464K) NonClass: 5768K(5824K)->5768K(5824K) Class: 533K(640K)->533K(640K)
[4.452s][info][gc             ] GC(90) Pause Young (Allocation Failure) 734M->734M(812M) 52.033ms
[4.452s][info][gc,cpu         ] GC(90) User=0.39s Sys=0.00s Real=0.05s
[4.473s][info][gc,start       ] GC(91) Pause Young (Allocation Failure)
[4.505s][info][gc,heap        ] GC(91) PSYoungGen: 66016K(95232K)->66016K(96768K) Eden: 19968K(19968K)->0K(19968K) From: 46048K(75264K)->66016K(76800K)
[4.505s][info][gc,heap        ] GC(91) ParOldGen: 706180K(736768K)->706180K(736768K)
[4.505s][info][gc,metaspace   ] GC(91) Metaspace: 6301K(6464K)->6301K(6464K) NonClass: 5768K(5824K)->5768K(5824K) Class: 533K(640K)->533K(640K)
[4.506s][info][gc             ] GC(91) Pause Young (Allocation Failure) 754M->754M(814M) 32.376ms
[4.506s][info][gc,cpu         ] GC(91) User=0.16s Sys=0.00s Real=0.03s
[4.526s][info][gc,start       ] GC(92) Pause Young (Allocation Failure)
[4.567s][info][gc,heap        ] GC(92) PSYoungGen: 85984K(96768K)->70496K(98304K) Eden: 19968K(19968K)->0K(15872K) From: 66016K(76800K)->70496K(82432K)
[4.567s][info][gc,heap        ] GC(92) ParOldGen: 706180K(736768K)->721884K(736768K)
[4.567s][info][gc,metaspace   ] GC(92) Metaspace: 6301K(6464K)->6301K(6464K) NonClass: 5768K(5824K)->5768K(5824K) Class: 533K(640K)->533K(640K)
[4.567s][info][gc             ] GC(92) Pause Young (Allocation Failure) 773M->773M(815M) 40.948ms
[4.567s][info][gc,cpu         ] GC(92) User=0.22s Sys=0.03s Real=0.04s
[4.567s][info][gc,start       ] GC(93) Pause Full (Ergonomics)
[4.567s][info][gc,phases,start] GC(93) Marking Phase
[4.735s][info][gc,phases      ] GC(93) Marking Phase 167.897ms
[4.735s][info][gc,phases,start] GC(93) Summary Phase
[4.735s][info][gc,phases      ] GC(93) Summary Phase 0.032ms
[4.735s][info][gc,phases,start] GC(93) Adjust Roots
[4.736s][info][gc,phases      ] GC(93) Adjust Roots 0.186ms
[4.736s][info][gc,phases,start] GC(93) Compaction Phase
[4.865s][info][gc,phases      ] GC(93) Compaction Phase 129.714ms
[4.865s][info][gc,phases,start] GC(93) Post Compact
[4.867s][info][gc,phases      ] GC(93) Post Compact 1.618ms
[4.867s][info][gc,heap        ] GC(93) PSYoungGen: 70496K(98304K)->38538K(98304K) Eden: 0K(15872K)->0K(15872K) From: 70496K(82432K)->38538K(82432K)
[4.867s][info][gc,heap        ] GC(93) ParOldGen: 721884K(736768K)->736715K(817664K)
[4.867s][info][gc,metaspace   ] GC(93) Metaspace: 6301K(6464K)->6301K(6464K) NonClass: 5768K(5824K)->5768K(5824K) Class: 533K(640K)->533K(640K)
[4.867s][info][gc             ] GC(93) Pause Full (Ergonomics) 773M->757M(894M) 300.137ms
[4.867s][info][gc,cpu         ] GC(93) User=1.91s Sys=0.03s Real=0.30s
[4.887s][info][gc,start       ] GC(94) Pause Young (Allocation Failure)
[4.940s][info][gc,heap        ] GC(94) PSYoungGen: 54410K(98304K)->47552K(63488K) Eden: 15872K(15872K)->0K(15872K) From: 38538K(82432K)->47552K(47616K)
[4.940s][info][gc,heap        ] GC(94) ParOldGen: 736715K(817664K)->743907K(817664K)
[4.940s][info][gc,metaspace   ] GC(94) Metaspace: 6301K(6464K)->6301K(6464K) NonClass: 5768K(5824K)->5768K(5824K) Class: 533K(640K)->533K(640K)
[4.940s][info][gc             ] GC(94) Pause Young (Allocation Failure) 772M->772M(860M) 52.877ms
[4.940s][info][gc,cpu         ] GC(94) User=0.34s Sys=0.02s Real=0.05s
[4.956s][info][gc,start       ] GC(95) Pause Young (Allocation Failure)
[4.986s][info][gc,heap        ] GC(95) PSYoungGen: 63424K(63488K)->63456K(100864K) Eden: 15872K(15872K)->0K(15872K) From: 47552K(47616K)->63456K(84992K)
[4.986s][info][gc,heap        ] GC(95) ParOldGen: 743907K(817664K)->743907K(817664K)
[4.986s][info][gc,metaspace   ] GC(95) Metaspace: 6301K(6464K)->6301K(6464K) NonClass: 5768K(5824K)->5768K(5824K) Class: 533K(640K)->533K(640K)
[4.986s][info][gc             ] GC(95) Pause Young (Allocation Failure) 788M->788M(897M) 30.004ms
[4.986s][info][gc,cpu         ] GC(95) User=0.14s Sys=0.00s Real=0.03s
[5.003s][info][gc,start       ] GC(96) Pause Young (Allocation Failure)
[5.040s][info][gc,heap        ] GC(96) PSYoungGen: 79328K(100864K)->69056K(102912K) Eden: 15872K(15872K)->0K(15872K) From: 63456K(84992K)->69056K(87040K)
[5.040s][info][gc,heap        ] GC(96) ParOldGen: 743907K(817664K)->754331K(817664K)
[5.040s][info][gc,metaspace   ] GC(96) Metaspace: 6301K(6464K)->6301K(6464K) NonClass: 5768K(5824K)->5768K(5824K) Class: 533K(640K)->533K(640K)
[5.040s][info][gc             ] GC(96) Pause Young (Allocation Failure) 803M->804M(899M) 36.483ms
[5.040s][info][gc,cpu         ] GC(96) User=0.25s Sys=0.00s Real=0.04s
[5.056s][info][gc,start       ] GC(97) Pause Young (Allocation Failure)
[5.095s][info][gc,heap        ] GC(97) PSYoungGen: 84928K(102912K)->74272K(104448K) Eden: 15872K(15872K)->0K(13312K) From: 69056K(87040K)->74272K(91136K)
[5.095s][info][gc,heap        ] GC(97) ParOldGen: 754331K(817664K)->765067K(817664K)
[5.095s][info][gc,metaspace   ] GC(97) Metaspace: 6301K(6464K)->6301K(6464K) NonClass: 5768K(5824K)->5768K(5824K) Class: 533K(640K)->533K(640K)
[5.095s][info][gc             ] GC(97) Pause Young (Allocation Failure) 819M->819M(900M) 38.951ms
[5.095s][info][gc,cpu         ] GC(97) User=0.23s Sys=0.03s Real=0.04s
[5.110s][info][gc,start       ] GC(98) Pause Young (Allocation Failure)
[5.150s][info][gc,heap        ] GC(98) PSYoungGen: 87584K(104448K)->61088K(109056K) Eden: 13312K(13312K)->0K(13312K) From: 74272K(91136K)->61088K(95744K)
[5.150s][info][gc,heap        ] GC(98) ParOldGen: 765067K(817664K)->791931K(817664K)
[5.150s][info][gc,metaspace   ] GC(98) Metaspace: 6301K(6464K)->6301K(6464K) NonClass: 5768K(5824K)->5768K(5824K) Class: 533K(640K)->533K(640K)
[5.150s][info][gc             ] GC(98) Pause Young (Allocation Failure) 832M->833M(905M) 39.739ms
[5.150s][info][gc,cpu         ] GC(98) User=0.25s Sys=0.00s Real=0.04s
[5.150s][info][gc,start       ] GC(99) Pause Full (Ergonomics)
[5.150s][info][gc,phases,start] GC(99) Marking Phase
[5.331s][info][gc,phases      ] GC(99) Marking Phase 181.386ms
[5.331s][info][gc,phases,start] GC(99) Summary Phase
[5.331s][info][gc,phases      ] GC(99) Summary Phase 0.027ms
[5.331s][info][gc,phases,start] GC(99) Adjust Roots
[5.331s][info][gc,phases      ] GC(99) Adjust Roots 0.195ms
[5.331s][info][gc,phases,start] GC(99) Compaction Phase
[5.421s][info][gc,phases      ] GC(99) Compaction Phase 89.383ms
[5.421s][info][gc,phases,start] GC(99) Post Compact
[5.422s][info][gc,phases      ] GC(99) Post Compact 1.570ms
[5.423s][info][gc,heap        ] GC(99) PSYoungGen: 61088K(109056K)->34749K(109056K) Eden: 0K(13312K)->0K(13312K) From: 61088K(95744K)->34749K(95744K)
[5.423s][info][gc,heap        ] GC(99) ParOldGen: 791931K(817664K)->817154K(904192K)
[5.423s][info][gc,metaspace   ] GC(99) Metaspace: 6301K(6464K)->6301K(6464K) NonClass: 5768K(5824K)->5768K(5824K) Class: 533K(640K)->533K(640K)
[5.423s][info][gc             ] GC(99) Pause Full (Ergonomics) 833M->831M(989M) 273.189ms
[5.423s][info][gc,cpu         ] GC(99) User=1.94s Sys=0.03s Real=0.27s
[5.438s][info][gc,start       ] GC(100) Pause Young (Allocation Failure)
[5.493s][info][gc,heap        ] GC(100) PSYoungGen: 48061K(109056K)->30368K(110080K) Eden: 13312K(13312K)->0K(15360K) From: 34749K(95744K)->30368K(94720K)
[5.493s][info][gc,heap        ] GC(100) ParOldGen: 817154K(904192K)->835306K(904192K)
[5.493s][info][gc,metaspace   ] GC(100) Metaspace: 6301K(6464K)->6301K(6464K) NonClass: 5768K(5824K)->5768K(5824K) Class: 533K(640K)->533K(640K)
[5.493s][info][gc             ] GC(100) Pause Young (Allocation Failure) 844M->845M(990M) 55.157ms
[5.493s][info][gc,cpu         ] GC(100) User=0.38s Sys=0.00s Real=0.06s
[5.510s][info][gc,start       ] GC(101) Pause Young (Allocation Failure)
[5.534s][info][gc,heap        ] GC(101) PSYoungGen: 45728K(110080K)->36064K(110080K) Eden: 15360K(15360K)->0K(15360K) From: 30368K(94720K)->36064K(94720K)
[5.534s][info][gc,heap        ] GC(101) ParOldGen: 835306K(904192K)->845114K(904192K)
[5.534s][info][gc,metaspace   ] GC(101) Metaspace: 6301K(6464K)->6301K(6464K) NonClass: 5768K(5824K)->5768K(5824K) Class: 533K(640K)->533K(640K)
[5.534s][info][gc             ] GC(101) Pause Young (Allocation Failure) 860M->860M(990M) 24.510ms
[5.534s][info][gc,cpu         ] GC(101) User=0.23s Sys=0.00s Real=0.02s
[5.551s][info][gc,start       ] GC(102) Pause Young (Allocation Failure)
[5.578s][info][gc,heap        ] GC(102) PSYoungGen: 51424K(110080K)->44192K(103936K) Eden: 15360K(15360K)->0K(17408K) From: 36064K(94720K)->44192K(86528K)
[5.578s][info][gc,heap        ] GC(102) ParOldGen: 845114K(904192K)->852418K(904192K)
[5.578s][info][gc,metaspace   ] GC(102) Metaspace: 6301K(6464K)->6301K(6464K) NonClass: 5768K(5824K)->5768K(5824K) Class: 533K(640K)->533K(640K)
[5.578s][info][gc             ] GC(102) Pause Young (Allocation Failure) 875M->875M(984M) 26.222ms
[5.578s][info][gc,cpu         ] GC(102) User=0.14s Sys=0.00s Real=0.03s
[5.597s][info][gc,start       ] GC(103) Pause Young (Allocation Failure)
[5.628s][info][gc,heap        ] GC(103) PSYoungGen: 61600K(103936K)->32928K(107008K) Eden: 17408K(17408K)->0K(17408K) From: 44192K(86528K)->32928K(89600K)
[5.628s][info][gc,heap        ] GC(103) ParOldGen: 852418K(904192K)->881466K(904192K)
[5.628s][info][gc,metaspace   ] GC(103) Metaspace: 6301K(6464K)->6301K(6464K) NonClass: 5768K(5824K)->5768K(5824K) Class: 533K(640K)->533K(640K)
[5.628s][info][gc             ] GC(103) Pause Young (Allocation Failure) 892M->892M(987M) 31.405ms
[5.628s][info][gc,cpu         ] GC(103) User=0.14s Sys=0.00s Real=0.03s
[5.628s][info][gc,start       ] GC(104) Pause Full (Ergonomics)
[5.628s][info][gc,phases,start] GC(104) Marking Phase
[5.829s][info][gc,phases      ] GC(104) Marking Phase 201.078ms
[5.829s][info][gc,phases,start] GC(104) Summary Phase
[5.829s][info][gc,phases      ] GC(104) Summary Phase 0.031ms
[5.829s][info][gc,phases,start] GC(104) Adjust Roots
[5.830s][info][gc,phases      ] GC(104) Adjust Roots 0.152ms
[5.830s][info][gc,phases,start] GC(104) Compaction Phase
[5.919s][info][gc,phases      ] GC(104) Compaction Phase 89.679ms
[5.919s][info][gc,phases,start] GC(104) Post Compact
[5.921s][info][gc,phases      ] GC(104) Post Compact 1.676ms
[5.921s][info][gc,heap        ] GC(104) PSYoungGen: 32928K(107008K)->9207K(107008K) Eden: 0K(17408K)->0K(17408K) From: 32928K(89600K)->9207K(89600K)
[5.921s][info][gc,heap        ] GC(104) ParOldGen: 881466K(904192K)->904018K(1000448K)
[5.921s][info][gc,metaspace   ] GC(104) Metaspace: 6301K(6464K)->6301K(6464K) NonClass: 5768K(5824K)->5768K(5824K) Class: 533K(640K)->533K(640K)
[5.922s][info][gc             ] GC(104) Pause Full (Ergonomics) 892M->891M(1081M) 293.312ms
[5.922s][info][gc,cpu         ] GC(104) User=1.97s Sys=0.00s Real=0.29s
[5.941s][info][gc,start       ] GC(105) Pause Young (Allocation Failure)
[5.991s][info][gc,heap        ] GC(105) PSYoungGen: 26615K(107008K)->17536K(106496K) Eden: 17408K(17408K)->0K(18432K) From: 9207K(89600K)->17536K(88064K)
[5.991s][info][gc,heap        ] GC(105) ParOldGen: 904018K(1000448K)->913386K(1000448K)
[5.992s][info][gc,metaspace   ] GC(105) Metaspace: 6301K(6464K)->6301K(6464K) NonClass: 5768K(5824K)->5768K(5824K) Class: 533K(640K)->533K(640K)
[5.992s][info][gc             ] GC(105) Pause Young (Allocation Failure) 908M->909M(1081M) 50.664ms
[5.992s][info][gc,cpu         ] GC(105) User=0.27s Sys=0.00s Real=0.05s
[6.012s][info][gc,start       ] GC(106) Pause Young (Allocation Failure)
[6.033s][info][gc,heap        ] GC(106) PSYoungGen: 35968K(106496K)->35936K(54784K) Eden: 18432K(18432K)->0K(18432K) From: 17536K(88064K)->35936K(36352K)
[6.033s][info][gc,heap        ] GC(106) ParOldGen: 913386K(1000448K)->913386K(1000448K)
[6.033s][info][gc,metaspace   ] GC(106) Metaspace: 6301K(6464K)->6301K(6464K) NonClass: 5768K(5824K)->5768K(5824K) Class: 533K(640K)->533K(640K)
[6.033s][info][gc             ] GC(106) Pause Young (Allocation Failure) 927M->927M(1030M) 20.900ms
[6.033s][info][gc,cpu         ] GC(106) User=0.11s Sys=0.00s Real=0.02s
[6.053s][info][gc,start       ] GC(107) Pause Young (Allocation Failure)
[6.081s][info][gc,heap        ] GC(107) PSYoungGen: 54368K(54784K)->54400K(106496K) Eden: 18432K(18432K)->0K(20480K) From: 35936K(36352K)->54400K(86016K)
[6.081s][info][gc,heap        ] GC(107) ParOldGen: 913386K(1000448K)->913386K(1000448K)
[6.081s][info][gc,metaspace   ] GC(107) Metaspace: 6301K(6464K)->6301K(6464K) NonClass: 5768K(5824K)->5768K(5824K) Class: 533K(640K)->533K(640K)
[6.081s][info][gc             ] GC(107) Pause Young (Allocation Failure) 945M->945M(1081M) 27.758ms
[6.081s][info][gc,cpu         ] GC(107) User=0.14s Sys=0.00s Real=0.03s
[6.104s][info][gc,start       ] GC(108) Pause Young (Allocation Failure)
[6.140s][info][gc,heap        ] GC(108) PSYoungGen: 74880K(106496K)->57536K(106496K) Eden: 20480K(20480K)->0K(20480K) From: 54400K(86016K)->57536K(86016K)
[6.140s][info][gc,heap        ] GC(108) ParOldGen: 913386K(1000448K)->931058K(1000448K)
[6.140s][info][gc,metaspace   ] GC(108) Metaspace: 6301K(6464K)->6301K(6464K) NonClass: 5768K(5824K)->5768K(5824K) Class: 533K(640K)->533K(640K)
[6.140s][info][gc             ] GC(108) Pause Young (Allocation Failure) 965M->965M(1081M) 36.906ms
[6.140s][info][gc,cpu         ] GC(108) User=0.38s Sys=0.00s Real=0.04s
[6.164s][info][gc,start       ] GC(109) Pause Young (Allocation Failure)
[6.202s][info][gc,heap        ] GC(109) PSYoungGen: 78016K(106496K)->59584K(108544K) Eden: 20480K(20480K)->0K(22016K) From: 57536K(86016K)->59584K(86528K)
[6.202s][info][gc,heap        ] GC(109) ParOldGen: 931058K(1000448K)->949746K(1000448K)
[6.202s][info][gc,metaspace   ] GC(109) Metaspace: 6301K(6464K)->6301K(6464K) NonClass: 5768K(5824K)->5768K(5824K) Class: 533K(640K)->533K(640K)
[6.202s][info][gc             ] GC(109) Pause Young (Allocation Failure) 985M->985M(1083M) 38.359ms
[6.202s][info][gc,cpu         ] GC(109) User=0.27s Sys=0.00s Real=0.04s
[6.227s][info][gc,start       ] GC(110) Pause Young (Allocation Failure)
[6.267s][info][gc,heap        ] GC(110) PSYoungGen: 81600K(108544K)->63200K(109568K) Eden: 22016K(22016K)->0K(22016K) From: 59584K(86528K)->63200K(87552K)
[6.267s][info][gc,heap        ] GC(110) ParOldGen: 949746K(1000448K)->968426K(1000448K)
[6.267s][info][gc,metaspace   ] GC(110) Metaspace: 6301K(6464K)->6301K(6464K) NonClass: 5768K(5824K)->5768K(5824K) Class: 533K(640K)->533K(640K)
[6.267s][info][gc             ] GC(110) Pause Young (Allocation Failure) 1007M->1007M(1084M) 40.303ms
[6.267s][info][gc,cpu         ] GC(110) User=0.27s Sys=0.00s Real=0.04s
[6.291s][info][gc,start       ] GC(111) Pause Young (Allocation Failure)
[6.334s][info][gc,heap        ] GC(111) PSYoungGen: 85216K(109568K)->44192K(108544K) Eden: 22016K(22016K)->0K(25088K) From: 63200K(87552K)->44192K(83456K)
[6.334s][info][gc,heap        ] GC(111) ParOldGen: 968426K(1000448K)->1009914K(1010176K)
[6.334s][info][gc,metaspace   ] GC(111) Metaspace: 6301K(6464K)->6301K(6464K) NonClass: 5768K(5824K)->5768K(5824K) Class: 533K(640K)->533K(640K)
[6.334s][info][gc             ] GC(111) Pause Young (Allocation Failure) 1028M->1029M(1092M) 42.660ms
[6.334s][info][gc,cpu         ] GC(111) User=0.34s Sys=0.00s Real=0.04s
[6.334s][info][gc,start       ] GC(112) Pause Full (Ergonomics)
[6.334s][info][gc,phases,start] GC(112) Marking Phase
[6.578s][info][gc,phases      ] GC(112) Marking Phase 244.571ms
[6.578s][info][gc,phases,start] GC(112) Summary Phase
[6.578s][info][gc,phases      ] GC(112) Summary Phase 0.024ms
[6.578s][info][gc,phases,start] GC(112) Adjust Roots
[6.579s][info][gc,phases      ] GC(112) Adjust Roots 0.147ms
[6.579s][info][gc,phases,start] GC(112) Compaction Phase
[6.682s][info][gc,phases      ] GC(112) Compaction Phase 103.699ms
[6.682s][info][gc,phases,start] GC(112) Post Compact
[6.684s][info][gc,phases      ] GC(112) Post Compact 1.679ms
[6.685s][info][gc,heap        ] GC(112) PSYoungGen: 44192K(108544K)->42439K(111616K) Eden: 0K(25088K)->0K(28160K) From: 44192K(83456K)->42439K(83456K)
[6.685s][info][gc,heap        ] GC(112) ParOldGen: 1009914K(1010176K)->1009832K(1120768K)
[6.685s][info][gc,metaspace   ] GC(112) Metaspace: 6301K(6464K)->6301K(6464K) NonClass: 5768K(5824K)->5768K(5824K) Class: 533K(640K)->533K(640K)
[6.685s][info][gc             ] GC(112) Pause Full (Ergonomics) 1029M->1027M(1203M) 350.819ms
[6.685s][info][gc,cpu         ] GC(112) User=2.58s Sys=0.02s Real=0.35s
[6.718s][info][gc,start       ] GC(113) Pause Young (Allocation Failure)
[6.792s][info][gc,heap        ] GC(113) PSYoungGen: 70599K(111616K)->28320K(114688K) Eden: 28160K(28160K)->0K(28160K) From: 42439K(83456K)->28320K(86528K)
[6.792s][info][gc,heap        ] GC(113) ParOldGen: 1009832K(1120768K)->1052880K(1120768K)
[6.792s][info][gc,metaspace   ] GC(113) Metaspace: 6301K(6464K)->6301K(6464K) NonClass: 5768K(5824K)->5768K(5824K) Class: 533K(640K)->533K(640K)
[6.792s][info][gc             ] GC(113) Pause Young (Allocation Failure) 1055M->1055M(1206M) 74.416ms
[6.792s][info][gc,cpu         ] GC(113) User=0.48s Sys=0.02s Real=0.07s
[6.824s][info][gc,start       ] GC(114) Pause Young (Allocation Failure)
[6.856s][info][gc,heap        ] GC(114) PSYoungGen: 56480K(114688K)->28288K(115200K) Eden: 28160K(28160K)->0K(31232K) From: 28320K(86528K)->28288K(83968K)
[6.856s][info][gc,heap        ] GC(114) ParOldGen: 1052880K(1120768K)->1081432K(1120768K)
[6.856s][info][gc,metaspace   ] GC(114) Metaspace: 6301K(6464K)->6301K(6464K) NonClass: 5768K(5824K)->5768K(5824K) Class: 533K(640K)->533K(640K)
[6.856s][info][gc             ] GC(114) Pause Young (Allocation Failure) 1083M->1083M(1207M) 31.844ms
[6.856s][info][gc,cpu         ] GC(114) User=0.14s Sys=0.00s Real=0.03s
[6.856s][info][gc,start       ] GC(115) Pause Full (Ergonomics)
[6.856s][info][gc,phases,start] GC(115) Marking Phase
[7.094s][info][gc,phases      ] GC(115) Marking Phase 237.845ms
[7.094s][info][gc,phases,start] GC(115) Summary Phase
[7.094s][info][gc,phases      ] GC(115) Summary Phase 0.037ms
[7.094s][info][gc,phases,start] GC(115) Adjust Roots
[7.094s][info][gc,phases      ] GC(115) Adjust Roots 0.146ms
[7.094s][info][gc,phases,start] GC(115) Compaction Phase
[7.197s][info][gc,phases      ] GC(115) Compaction Phase 102.659ms
[7.197s][info][gc,phases,start] GC(115) Post Compact
[7.199s][info][gc,phases      ] GC(115) Post Compact 1.978ms
[7.199s][info][gc,heap        ] GC(115) PSYoungGen: 28288K(115200K)->0K(116224K) Eden: 0K(31232K)->0K(31232K) From: 28288K(83968K)->0K(84992K)
[7.199s][info][gc,heap        ] GC(115) ParOldGen: 1081432K(1120768K)->1108528K(1236480K)
[7.199s][info][gc,metaspace   ] GC(115) Metaspace: 6301K(6464K)->6301K(6464K) NonClass: 5768K(5824K)->5768K(5824K) Class: 533K(640K)->533K(640K)
[7.199s][info][gc             ] GC(115) Pause Full (Ergonomics) 1083M->1082M(1321M) 343.510ms
[7.200s][info][gc,cpu         ] GC(115) User=2.30s Sys=0.02s Real=0.34s
[7.234s][info][gc,start       ] GC(116) Pause Young (Allocation Failure)
[7.252s][info][gc,heap        ] GC(116) PSYoungGen: 31232K(116224K)->31424K(115712K) Eden: 31232K(31232K)->0K(34304K) From: 0K(84992K)->31424K(81408K)
[7.252s][info][gc,heap        ] GC(116) ParOldGen: 1108528K(1236480K)->1108528K(1236480K)
[7.252s][info][gc,metaspace   ] GC(116) Metaspace: 6301K(6464K)->6301K(6464K) NonClass: 5768K(5824K)->5768K(5824K) Class: 533K(640K)->533K(640K)
[7.252s][info][gc             ] GC(116) Pause Young (Allocation Failure) 1113M->1113M(1320M) 18.530ms
[7.252s][info][gc,cpu         ] GC(116) User=0.12s Sys=0.00s Real=0.02s
[7.292s][info][gc,start       ] GC(117) Pause Young (Allocation Failure)
[7.325s][info][gc,heap        ] GC(117) PSYoungGen: 65728K(115712K)->65760K(117760K) Eden: 34304K(34304K)->0K(34304K) From: 31424K(81408K)->65760K(83456K)
[7.326s][info][gc,heap        ] GC(117) ParOldGen: 1108528K(1236480K)->1108528K(1236480K)
[7.326s][info][gc,metaspace   ] GC(117) Metaspace: 6301K(6464K)->6301K(6464K) NonClass: 5768K(5824K)->5768K(5824K) Class: 533K(640K)->533K(640K)
[7.326s][info][gc             ] GC(117) Pause Young (Allocation Failure) 1146M->1146M(1322M) 33.551ms
[7.326s][info][gc,cpu         ] GC(117) User=0.16s Sys=0.00s Real=0.03s
[7.366s][info][gc,start       ] GC(118) Pause Young (Allocation Failure)
[7.420s][info][gc,heap        ] GC(118) PSYoungGen: 100064K(117760K)->87552K(109056K) Eden: 34304K(34304K)->0K(21504K) From: 65760K(83456K)->87552K(87552K)
[7.420s][info][gc,heap        ] GC(118) ParOldGen: 1108528K(1236480K)->1121096K(1236480K)
[7.420s][info][gc,metaspace   ] GC(118) Metaspace: 6301K(6464K)->6301K(6464K) NonClass: 5768K(5824K)->5768K(5824K) Class: 533K(640K)->533K(640K)
[7.420s][info][gc             ] GC(118) Pause Young (Allocation Failure) 1180M->1180M(1314M) 53.720ms
[7.420s][info][gc,cpu         ] GC(118) User=0.36s Sys=0.02s Real=0.05s
[7.446s][info][gc,start       ] GC(119) Pause Young (Allocation Failure)
[7.505s][info][gc,heap        ] GC(119) PSYoungGen: 109056K(109056K)->51232K(73216K) Eden: 21504K(21504K)->0K(21504K) From: 87552K(87552K)->51232K(51712K)
[7.505s][info][gc,heap        ] GC(119) ParOldGen: 1121096K(1236480K)->1179776K(1236480K)
[7.505s][info][gc,metaspace   ] GC(119) Metaspace: 6301K(6464K)->6301K(6464K) NonClass: 5768K(5824K)->5768K(5824K) Class: 533K(640K)->533K(640K)
[7.505s][info][gc             ] GC(119) Pause Young (Allocation Failure) 1201M->1202M(1279M) 59.443ms
[7.505s][info][gc,cpu         ] GC(119) User=0.39s Sys=0.00s Real=0.06s
[7.530s][info][gc,start       ] GC(120) Pause Young (Allocation Failure)
[7.569s][info][gc,heap        ] GC(120) PSYoungGen: 72736K(73216K)->43168K(116224K) Eden: 21504K(21504K)->0K(24064K) From: 51232K(51712K)->43168K(92160K)
[7.569s][info][gc,heap        ] GC(120) ParOldGen: 1179776K(1236480K)->1209720K(1236480K)
[7.569s][info][gc,metaspace   ] GC(120) Metaspace: 6301K(6464K)->6301K(6464K) NonClass: 5768K(5824K)->5768K(5824K) Class: 533K(640K)->533K(640K)
[7.569s][info][gc             ] GC(120) Pause Young (Allocation Failure) 1223M->1223M(1321M) 38.857ms
[7.569s][info][gc,cpu         ] GC(120) User=0.23s Sys=0.02s Real=0.04s
[7.569s][info][gc,start       ] GC(121) Pause Full (Ergonomics)
[7.569s][info][gc,phases,start] GC(121) Marking Phase
[7.846s][info][gc,phases      ] GC(121) Marking Phase 276.888ms
[7.846s][info][gc,phases,start] GC(121) Summary Phase
[7.846s][info][gc,phases      ] GC(121) Summary Phase 0.028ms
[7.846s][info][gc,phases,start] GC(121) Adjust Roots
[7.846s][info][gc,phases      ] GC(121) Adjust Roots 0.182ms
[7.846s][info][gc,phases,start] GC(121) Compaction Phase
[7.955s][info][gc,phases      ] GC(121) Compaction Phase 108.499ms
[7.955s][info][gc,phases,start] GC(121) Post Compact
[7.957s][info][gc,phases      ] GC(121) Post Compact 2.425ms
[7.958s][info][gc,heap        ] GC(121) PSYoungGen: 43168K(116224K)->14842K(119296K) Eden: 0K(24064K)->0K(27136K) From: 43168K(92160K)->14842K(92160K)
[7.958s][info][gc,heap        ] GC(121) ParOldGen: 1209720K(1236480K)->1236382K(1380352K)
[7.958s][info][gc,metaspace   ] GC(121) Metaspace: 6301K(6464K)->6301K(6464K) NonClass: 5768K(5824K)->5768K(5824K) Class: 533K(640K)->533K(640K)
[7.958s][info][gc             ] GC(121) Pause Full (Ergonomics) 1223M->1221M(1464M) 389.072ms
[7.958s][info][gc,cpu         ] GC(121) User=2.98s Sys=0.02s Real=0.39s
[7.991s][info][gc,start       ] GC(122) Pause Young (Allocation Failure)
[8.064s][info][gc,heap        ] GC(122) PSYoungGen: 41978K(119296K)->36160K(122368K) Eden: 27136K(27136K)->0K(27136K) From: 14842K(92160K)->36160K(95232K)
[8.064s][info][gc,heap        ] GC(122) ParOldGen: 1236382K(1380352K)->1242422K(1380352K)
[8.064s][info][gc,metaspace   ] GC(122) Metaspace: 6301K(6464K)->6301K(6464K) NonClass: 5768K(5824K)->5768K(5824K) Class: 533K(640K)->533K(640K)
[8.064s][info][gc             ] GC(122) Pause Young (Allocation Failure) 1248M->1248M(1467M) 73.035ms
[8.064s][info][gc,cpu         ] GC(122) User=0.41s Sys=0.00s Real=0.07s
[8.099s][info][gc,start       ] GC(123) Pause Young (Allocation Failure)
[8.133s][info][gc,heap        ] GC(123) PSYoungGen: 63296K(122368K)->61312K(122880K) Eden: 27136K(27136K)->0K(29696K) From: 36160K(95232K)->61312K(93184K)
[8.133s][info][gc,heap        ] GC(123) ParOldGen: 1242422K(1380352K)->1242422K(1380352K)
[8.133s][info][gc,metaspace   ] GC(123) Metaspace: 6301K(6464K)->6301K(6464K) NonClass: 5768K(5824K)->5768K(5824K) Class: 533K(640K)->533K(640K)
[8.133s][info][gc             ] GC(123) Pause Young (Allocation Failure) 1275M->1273M(1468M) 33.874ms
[8.133s][info][gc,cpu         ] GC(123) User=0.16s Sys=0.00s Real=0.03s
[8.157s][info][gc,start       ] GC(124) Pause Young (Allocation Failure)
[8.198s][info][gc,heap        ] GC(124) PSYoungGen: 91008K(122880K)->76736K(122880K) Eden: 29696K(29696K)->0K(29696K) From: 61312K(93184K)->76736K(93184K)
[8.198s][info][gc,heap        ] GC(124) ParOldGen: 1242422K(1380352K)->1242422K(1380352K)
[8.198s][info][gc,metaspace   ] GC(124) Metaspace: 6301K(6464K)->6301K(6464K) NonClass: 5768K(5824K)->5768K(5824K) Class: 533K(640K)->533K(640K)
[8.198s][info][gc             ] GC(124) Pause Young (Allocation Failure) 1302M->1288M(1468M) 40.756ms
[8.198s][info][gc,cpu         ] GC(124) User=0.25s Sys=0.00s Real=0.04s
[8.235s][info][gc,start       ] GC(125) Pause Young (Allocation Failure)
[8.293s][info][gc,heap        ] GC(125) PSYoungGen: 106432K(122880K)->95584K(120320K) Eden: 29696K(29696K)->0K(21504K) From: 76736K(93184K)->95584K(98816K)
[8.293s][info][gc,heap        ] GC(125) ParOldGen: 1242422K(1380352K)->1251494K(1380352K)
[8.293s][info][gc,metaspace   ] GC(125) Metaspace: 6301K(6464K)->6301K(6464K) NonClass: 5768K(5824K)->5768K(5824K) Class: 533K(640K)->533K(640K)
[8.293s][info][gc             ] GC(125) Pause Young (Allocation Failure) 1317M->1315M(1465M) 58.373ms
[8.293s][info][gc,cpu         ] GC(125) User=0.39s Sys=0.00s Real=0.06s
[8.318s][info][gc,start       ] GC(126) Pause Young (Allocation Failure)
[8.383s][info][gc,heap        ] GC(126) PSYoungGen: 117088K(120320K)->89888K(131584K) Eden: 21504K(21504K)->0K(21504K) From: 95584K(98816K)->89888K(110080K)
[8.384s][info][gc,heap        ] GC(126) ParOldGen: 1251494K(1380352K)->1278990K(1380352K)
[8.384s][info][gc,metaspace   ] GC(126) Metaspace: 6301K(6464K)->6301K(6464K) NonClass: 5768K(5824K)->5768K(5824K) Class: 533K(640K)->533K(640K)
[8.384s][info][gc             ] GC(126) Pause Young (Allocation Failure) 1336M->1336M(1476M) 65.701ms
[8.384s][info][gc,cpu         ] GC(126) User=0.41s Sys=0.00s Real=0.07s
[8.410s][info][gc,start       ] GC(127) Pause Young (Allocation Failure)
[8.471s][info][gc,heap        ] GC(127) PSYoungGen: 111392K(131584K)->86400K(137216K) Eden: 21504K(21504K)->0K(20480K) From: 89888K(110080K)->86400K(116736K)
[8.472s][info][gc,heap        ] GC(127) ParOldGen: 1278990K(1380352K)->1304414K(1380352K)
[8.472s][info][gc,metaspace   ] GC(127) Metaspace: 6301K(6464K)->6301K(6464K) NonClass: 5768K(5824K)->5768K(5824K) Class: 533K(640K)->533K(640K)
[8.472s][info][gc             ] GC(127) Pause Young (Allocation Failure) 1357M->1358M(1482M) 61.656ms
[8.472s][info][gc,cpu         ] GC(127) User=0.39s Sys=0.00s Real=0.06s
[8.751s][info][gc,start       ] GC(128) Pause Full (Ergonomics)
[8.752s][info][gc,phases,start] GC(128) Marking Phase
[9.074s][info][gc,phases      ] GC(128) Marking Phase 322.619ms
[9.074s][info][gc,phases,start] GC(128) Summary Phase
[9.074s][info][gc,phases      ] GC(128) Summary Phase 0.029ms
[9.074s][info][gc,phases,start] GC(128) Adjust Roots
[9.074s][info][gc,phases      ] GC(128) Adjust Roots 0.240ms
[9.074s][info][gc,phases,start] GC(128) Compaction Phase
[9.415s][info][gc,phases      ] GC(128) Compaction Phase 340.826ms
[9.415s][info][gc,phases,start] GC(128) Post Compact
[9.419s][info][gc,phases      ] GC(128) Post Compact 3.197ms
[9.419s][info][gc,heap        ] GC(128) PSYoungGen: 106880K(137216K)->62532K(137216K) Eden: 20480K(20480K)->0K(20480K) From: 86400K(116736K)->62532K(116736K)
[9.419s][info][gc,heap        ] GC(128) ParOldGen: 1369950K(1380352K)->1380093K(1527808K)
[9.419s][info][gc,metaspace   ] GC(128) Metaspace: 6301K(6464K)->6301K(6464K) NonClass: 5768K(5824K)->5768K(5824K) Class: 533K(640K)->533K(640K)
[9.419s][info][gc             ] GC(128) Pause Full (Ergonomics) 1442M->1408M(1626M) 667.996ms
[9.419s][info][gc,cpu         ] GC(128) User=4.73s Sys=0.02s Real=0.67s
[9.440s][info][gc,start       ] GC(129) Pause Young (Allocation Failure)
[9.535s][info][gc,heap        ] GC(129) PSYoungGen: 83012K(137216K)->52320K(73216K) Eden: 20480K(20480K)->0K(20480K) From: 62532K(116736K)->52320K(52736K)
[9.535s][info][gc,heap        ] GC(129) ParOldGen: 1380093K(1527808K)->1411421K(1527808K)
[9.535s][info][gc,metaspace   ] GC(129) Metaspace: 6301K(6464K)->6301K(6464K) NonClass: 5768K(5824K)->5768K(5824K) Class: 533K(640K)->533K(640K)
[9.535s][info][gc             ] GC(129) Pause Young (Allocation Failure) 1428M->1429M(1563M) 94.481ms
[9.535s][info][gc,cpu         ] GC(129) User=0.52s Sys=0.03s Real=0.09s
[9.554s][info][gc,start       ] GC(130) Pause Young (Allocation Failure)
[9.592s][info][gc,heap        ] GC(130) PSYoungGen: 72800K(73216K)->56512K(131584K) Eden: 20480K(20480K)->0K(23040K) From: 52320K(52736K)->56512K(108544K)
[9.592s][info][gc,heap        ] GC(130) ParOldGen: 1411421K(1527808K)->1427981K(1527808K)
[9.592s][info][gc,metaspace   ] GC(130) Metaspace: 6301K(6464K)->6301K(6464K) NonClass: 5768K(5824K)->5768K(5824K) Class: 533K(640K)->533K(640K)
[9.592s][info][gc             ] GC(130) Pause Young (Allocation Failure) 1449M->1449M(1620M) 37.576ms
[9.592s][info][gc,cpu         ] GC(130) User=0.17s Sys=0.00s Real=0.04s
[9.612s][info][gc,start       ] GC(131) Pause Young (Allocation Failure)
[9.652s][info][gc,heap        ] GC(131) PSYoungGen: 79552K(131584K)->64160K(87552K) Eden: 23040K(23040K)->0K(23040K) From: 56512K(108544K)->64160K(64512K)
[9.652s][info][gc,heap        ] GC(131) ParOldGen: 1427981K(1527808K)->1443525K(1527808K)
[9.652s][info][gc,metaspace   ] GC(131) Metaspace: 6301K(6464K)->6301K(6464K) NonClass: 5768K(5824K)->5768K(5824K) Class: 533K(640K)->533K(640K)
[9.652s][info][gc             ] GC(131) Pause Young (Allocation Failure) 1472M->1472M(1577M) 39.510ms
[9.652s][info][gc,cpu         ] GC(131) User=0.25s Sys=0.02s Real=0.04s
[9.674s][info][gc,start       ] GC(132) Pause Young (Allocation Failure)
[9.716s][info][gc,heap        ] GC(132) PSYoungGen: 87200K(87552K)->66752K(129024K) Eden: 23040K(23040K)->0K(26112K) From: 64160K(64512K)->66752K(102912K)
[9.716s][info][gc,heap        ] GC(132) ParOldGen: 1443525K(1527808K)->1464261K(1527808K)
[9.716s][info][gc,metaspace   ] GC(132) Metaspace: 6301K(6464K)->6301K(6464K) NonClass: 5768K(5824K)->5768K(5824K) Class: 533K(640K)->533K(640K)
[9.716s][info][gc             ] GC(132) Pause Young (Allocation Failure) 1494M->1495M(1618M) 42.325ms
[9.716s][info][gc,cpu         ] GC(132) User=0.27s Sys=0.00s Real=0.04s
[9.744s][info][gc,start       ] GC(133) Pause Young (Allocation Failure)
[9.791s][info][gc,heap        ] GC(133) PSYoungGen: 92864K(129024K)->49280K(131584K) Eden: 26112K(26112K)->0K(26112K) From: 66752K(102912K)->49280K(105472K)
[9.791s][info][gc,heap        ] GC(133) ParOldGen: 1464261K(1527808K)->1508317K(1527808K)
[9.791s][info][gc,metaspace   ] GC(133) Metaspace: 6301K(6464K)->6301K(6464K) NonClass: 5768K(5824K)->5768K(5824K) Class: 533K(640K)->533K(640K)
[9.791s][info][gc             ] GC(133) Pause Young (Allocation Failure) 1520M->1521M(1620M) 46.652ms
[9.791s][info][gc,cpu         ] GC(133) User=0.17s Sys=0.00s Real=0.05s
[9.791s][info][gc,start       ] GC(134) Pause Full (Ergonomics)
[9.791s][info][gc,phases,start] GC(134) Marking Phase
[10.140s][info][gc,phases      ] GC(134) Marking Phase 348.845ms
[10.140s][info][gc,phases,start] GC(134) Summary Phase
[10.140s][info][gc,phases      ] GC(134) Summary Phase 0.032ms
[10.140s][info][gc,phases,start] GC(134) Adjust Roots
[10.140s][info][gc,phases      ] GC(134) Adjust Roots 0.169ms
[10.140s][info][gc,phases,start] GC(134) Compaction Phase
[10.305s][info][gc,phases      ] GC(134) Compaction Phase 165.262ms
[10.305s][info][gc,phases,start] GC(134) Post Compact
[10.308s][info][gc,phases      ] GC(134) Post Compact 2.831ms
[10.309s][info][gc,heap        ] GC(134) PSYoungGen: 49280K(131584K)->28137K(131584K) Eden: 0K(26112K)->0K(26112K) From: 49280K(105472K)->28137K(105472K)
[10.309s][info][gc,heap        ] GC(134) ParOldGen: 1508317K(1527808K)->1527485K(1687552K)
[10.309s][info][gc,metaspace   ] GC(134) Metaspace: 6301K(6464K)->6301K(6464K) NonClass: 5768K(5824K)->5768K(5824K) Class: 533K(640K)->533K(640K)
[10.309s][info][gc             ] GC(134) Pause Full (Ergonomics) 1521M->1519M(1776M) 518.089ms
[10.309s][info][gc,cpu         ] GC(134) User=3.67s Sys=0.00s Real=0.52s
[10.337s][info][gc,start       ] GC(135) Pause Young (Allocation Failure)
[10.424s][info][gc,heap        ] GC(135) PSYoungGen: 54249K(131584K)->26240K(131584K) Eden: 26112K(26112K)->0K(28160K) From: 28137K(105472K)->26240K(103424K)
[10.424s][info][gc,heap        ] GC(135) ParOldGen: 1527485K(1687552K)->1556005K(1687552K)
[10.424s][info][gc,metaspace   ] GC(135) Metaspace: 6301K(6464K)->6301K(6464K) NonClass: 5768K(5824K)->5768K(5824K) Class: 533K(640K)->533K(640K)
[10.424s][info][gc             ] GC(135) Pause Young (Allocation Failure) 1544M->1545M(1776M) 86.483ms
[10.424s][info][gc,cpu         ] GC(135) User=0.59s Sys=0.00s Real=0.09s
[10.452s][info][gc,start       ] GC(136) Pause Young (Allocation Failure)
[10.486s][info][gc,heap        ] GC(136) PSYoungGen: 54400K(131584K)->54432K(82944K) Eden: 28160K(28160K)->0K(28160K) From: 26240K(103424K)->54432K(54784K)
[10.486s][info][gc,heap        ] GC(136) ParOldGen: 1556005K(1687552K)->1556005K(1687552K)
[10.486s][info][gc,metaspace   ] GC(136) Metaspace: 6301K(6464K)->6301K(6464K) NonClass: 5768K(5824K)->5768K(5824K) Class: 533K(640K)->533K(640K)
[10.486s][info][gc             ] GC(136) Pause Young (Allocation Failure) 1572M->1572M(1729M) 33.744ms
[10.486s][info][gc,cpu         ] GC(136) User=0.14s Sys=0.00s Real=0.03s
[10.515s][info][gc,start       ] GC(137) Pause Young (Allocation Failure)
[10.558s][info][gc,heap        ] GC(137) PSYoungGen: 82592K(82944K)->56544K(123904K) Eden: 28160K(28160K)->0K(31232K) From: 54432K(54784K)->56544K(92672K)
[10.558s][info][gc,heap        ] GC(137) ParOldGen: 1556005K(1687552K)->1582445K(1687552K)
[10.558s][info][gc,metaspace   ] GC(137) Metaspace: 6301K(6464K)->6301K(6464K) NonClass: 5768K(5824K)->5768K(5824K) Class: 533K(640K)->533K(640K)
[10.558s][info][gc             ] GC(137) Pause Young (Allocation Failure) 1600M->1600M(1769M) 43.063ms
[10.558s][info][gc,cpu         ] GC(137) User=0.23s Sys=0.02s Real=0.04s
[10.589s][info][gc,start       ] GC(138) Pause Young (Allocation Failure)
[10.634s][info][gc,heap        ] GC(138) PSYoungGen: 87776K(123904K)->59584K(128000K) Eden: 31232K(31232K)->0K(31232K) From: 56544K(92672K)->59584K(96768K)
[10.634s][info][gc,heap        ] GC(138) ParOldGen: 1582445K(1687552K)->1610989K(1687552K)
[10.634s][info][gc,metaspace   ] GC(138) Metaspace: 6301K(6464K)->6301K(6464K) NonClass: 5768K(5824K)->5768K(5824K) Class: 533K(640K)->533K(640K)
[10.634s][info][gc             ] GC(138) Pause Young (Allocation Failure) 1631M->1631M(1773M) 44.894ms
[10.634s][info][gc,cpu         ] GC(138) User=0.23s Sys=0.03s Real=0.05s
[10.665s][info][gc,start       ] GC(139) Pause Young (Allocation Failure)
[10.712s][info][gc,heap        ] GC(139) PSYoungGen: 90816K(128000K)->62656K(126464K) Eden: 31232K(31232K)->0K(35328K) From: 59584K(96768K)->62656K(91136K)
[10.712s][info][gc,heap        ] GC(139) ParOldGen: 1610989K(1687552K)->1639501K(1687552K)
[10.712s][info][gc,metaspace   ] GC(139) Metaspace: 6301K(6464K)->6301K(6464K) NonClass: 5768K(5824K)->5768K(5824K) Class: 533K(640K)->533K(640K)
[10.712s][info][gc             ] GC(139) Pause Young (Allocation Failure) 1661M->1662M(1771M) 46.703ms
[10.712s][info][gc,cpu         ] GC(139) User=0.25s Sys=0.02s Real=0.05s
[10.712s][info][gc,start       ] GC(140) Pause Full (Ergonomics)
[10.712s][info][gc,phases,start] GC(140) Marking Phase
[11.087s][info][gc,phases      ] GC(140) Marking Phase 374.859ms
[11.087s][info][gc,phases,start] GC(140) Summary Phase
[11.087s][info][gc,phases      ] GC(140) Summary Phase 0.050ms
[11.087s][info][gc,phases,start] GC(140) Adjust Roots
[11.087s][info][gc,phases      ] GC(140) Adjust Roots 0.276ms
[11.087s][info][gc,phases,start] GC(140) Compaction Phase
[11.258s][info][gc,phases      ] GC(140) Compaction Phase 170.933ms
[11.258s][info][gc,phases,start] GC(140) Post Compact
[11.262s][info][gc,phases      ] GC(140) Post Compact 3.327ms
[11.263s][info][gc,heap        ] GC(140) PSYoungGen: 62656K(126464K)->12846K(127488K) Eden: 0K(35328K)->0K(36352K) From: 62656K(91136K)->12846K(91136K)
[11.263s][info][gc,heap        ] GC(140) ParOldGen: 1639501K(1687552K)->1687507K(1857024K)
[11.263s][info][gc,metaspace   ] GC(140) Metaspace: 6301K(6464K)->6301K(6464K) NonClass: 5768K(5824K)->5768K(5824K) Class: 533K(640K)->533K(640K)
[11.263s][info][gc             ] GC(140) Pause Full (Ergonomics) 1662M->1660M(1938M) 550.707ms
[11.263s][info][gc,cpu         ] GC(140) User=4.03s Sys=0.00s Real=0.55s
[11.304s][info][gc,start       ] GC(141) Pause Young (Allocation Failure)
[11.396s][info][gc,heap        ] GC(141) PSYoungGen: 49198K(127488K)->43648K(128512K) Eden: 36352K(36352K)->0K(36352K) From: 12846K(91136K)->43648K(92160K)
[11.396s][info][gc,heap        ] GC(141) ParOldGen: 1687507K(1857024K)->1693347K(1857024K)
[11.396s][info][gc,metaspace   ] GC(141) Metaspace: 6301K(6464K)->6301K(6464K) NonClass: 5768K(5824K)->5768K(5824K) Class: 533K(640K)->533K(640K)
[11.396s][info][gc             ] GC(141) Pause Young (Allocation Failure) 1696M->1696M(1939M) 92.149ms
[11.396s][info][gc,cpu         ] GC(141) User=0.62s Sys=0.02s Real=0.09s
[11.437s][info][gc,start       ] GC(142) Pause Young (Allocation Failure)
[11.480s][info][gc,heap        ] GC(142) PSYoungGen: 80000K(128512K)->80032K(125952K) Eden: 36352K(36352K)->0K(34816K) From: 43648K(92160K)->80032K(91136K)
[11.480s][info][gc,heap        ] GC(142) ParOldGen: 1693347K(1857024K)->1693347K(1857024K)
[11.480s][info][gc,metaspace   ] GC(142) Metaspace: 6301K(6464K)->6301K(6464K) NonClass: 5768K(5824K)->5768K(5824K) Class: 533K(640K)->533K(640K)
[11.480s][info][gc             ] GC(142) Pause Young (Allocation Failure) 1731M->1731M(1936M) 42.677ms
[11.480s][info][gc,cpu         ] GC(142) User=0.17s Sys=0.00s Real=0.04s
[11.517s][info][gc,start       ] GC(143) Pause Young (Allocation Failure)
[11.573s][info][gc,heap        ] GC(143) PSYoungGen: 114848K(125952K)->96256K(131072K) Eden: 34816K(34816K)->0K(34816K) From: 80032K(91136K)->96256K(96256K)
[11.573s][info][gc,heap        ] GC(143) ParOldGen: 1693347K(1857024K)->1712091K(1857024K)
[11.573s][info][gc,metaspace   ] GC(143) Metaspace: 6301K(6464K)->6301K(6464K) NonClass: 5768K(5824K)->5768K(5824K) Class: 533K(640K)->533K(640K)
[11.573s][info][gc             ] GC(143) Pause Young (Allocation Failure) 1765M->1765M(1941M) 55.981ms
[11.573s][info][gc,cpu         ] GC(143) User=0.36s Sys=0.02s Real=0.06s
[11.607s][info][gc,start       ] GC(144) Pause Young (Allocation Failure)
[11.673s][info][gc,heap        ] GC(144) PSYoungGen: 131072K(131072K)->96512K(145408K) Eden: 34816K(34816K)->0K(31744K) From: 96256K(96256K)->96512K(113664K)
[11.673s][info][gc,heap        ] GC(144) ParOldGen: 1712091K(1857024K)->1747251K(1857024K)
[11.673s][info][gc,metaspace   ] GC(144) Metaspace: 6301K(6464K)->6301K(6464K) NonClass: 5768K(5824K)->5768K(5824K) Class: 533K(640K)->533K(640K)
[11.673s][info][gc             ] GC(144) Pause Young (Allocation Failure) 1799M->1800M(1955M) 65.560ms
[11.673s][info][gc,cpu         ] GC(144) User=0.38s Sys=0.02s Real=0.07s
[11.709s][info][gc,start       ] GC(145) Pause Young (Allocation Failure)
[11.772s][info][gc,heap        ] GC(145) PSYoungGen: 128256K(145408K)->97056K(152064K) Eden: 31744K(31744K)->0K(31744K) From: 96512K(113664K)->97056K(120320K)
[11.772s][info][gc,heap        ] GC(145) ParOldGen: 1747251K(1857024K)->1778915K(1857024K)
[11.772s][info][gc,metaspace   ] GC(145) Metaspace: 6301K(6464K)->6301K(6464K) NonClass: 5768K(5824K)->5768K(5824K) Class: 533K(640K)->533K(640K)
[11.772s][info][gc             ] GC(145) Pause Young (Allocation Failure) 1831M->1832M(1962M) 62.617ms
[11.772s][info][gc,cpu         ] GC(145) User=0.34s Sys=0.05s Real=0.06s
[11.810s][info][gc,start       ] GC(146) Pause Young (Allocation Failure)
[11.874s][info][gc,heap        ] GC(146) PSYoungGen: 128800K(152064K)->98560K(156672K) Eden: 31744K(31744K)->0K(30720K) From: 97056K(120320K)->98560K(125952K)
[11.874s][info][gc,heap        ] GC(146) ParOldGen: 1778915K(1857024K)->1809587K(1857024K)
[11.874s][info][gc,metaspace   ] GC(146) Metaspace: 6301K(6464K)->6301K(6464K) NonClass: 5768K(5824K)->5768K(5824K) Class: 533K(640K)->533K(640K)
[11.874s][info][gc             ] GC(146) Pause Young (Allocation Failure) 1863M->1863M(1966M) 63.493ms
[11.874s][info][gc,cpu         ] GC(146) User=0.34s Sys=0.05s Real=0.06s
[11.874s][info][gc,start       ] GC(147) Pause Full (Ergonomics)
[11.874s][info][gc,phases,start] GC(147) Marking Phase
[12.290s][info][gc,phases      ] GC(147) Marking Phase 415.652ms
[12.290s][info][gc,phases,start] GC(147) Summary Phase
[12.290s][info][gc,phases      ] GC(147) Summary Phase 0.034ms
[12.290s][info][gc,phases,start] GC(147) Adjust Roots
[12.290s][info][gc,phases      ] GC(147) Adjust Roots 0.163ms
[12.290s][info][gc,phases,start] GC(147) Compaction Phase
[12.470s][info][gc,phases      ] GC(147) Compaction Phase 180.371ms
[12.470s][info][gc,phases,start] GC(147) Post Compact
[12.474s][info][gc,phases      ] GC(147) Post Compact 3.690ms
[12.475s][info][gc,heap        ] GC(147) PSYoungGen: 98560K(156672K)->49162K(156672K) Eden: 0K(30720K)->0K(30720K) From: 98560K(125952K)->49162K(125952K)
[12.475s][info][gc,heap        ] GC(147) ParOldGen: 1809587K(1857024K)->1856831K(2040320K)
[12.475s][info][gc,metaspace   ] GC(147) Metaspace: 6301K(6464K)->6301K(6464K) NonClass: 5768K(5824K)->5768K(5824K) Class: 533K(640K)->533K(640K)
[12.475s][info][gc             ] GC(147) Pause Full (Ergonomics) 1863M->1861M(2145M) 600.944ms
[12.475s][info][gc,cpu         ] GC(147) User=4.33s Sys=0.03s Real=0.60s
[12.507s][info][gc,start       ] GC(148) Pause Young (Allocation Failure)
[12.627s][info][gc,heap        ] GC(148) PSYoungGen: 79882K(156672K)->60032K(91136K) Eden: 30720K(30720K)->0K(30720K) From: 49162K(125952K)->60032K(60416K)
[12.627s][info][gc,heap        ] GC(148) ParOldGen: 1856831K(2040320K)->1877199K(2040320K)
[12.627s][info][gc,metaspace   ] GC(148) Metaspace: 6301K(6464K)->6301K(6464K) NonClass: 5768K(5824K)->5768K(5824K) Class: 533K(640K)->533K(640K)
[12.627s][info][gc             ] GC(148) Pause Young (Allocation Failure) 1891M->1891M(2081M) 119.729ms
[12.627s][info][gc,cpu         ] GC(148) User=0.91s Sys=0.00s Real=0.12s
[12.664s][info][gc,start       ] GC(149) Pause Young (Allocation Failure)
[12.713s][info][gc,heap        ] GC(149) PSYoungGen: 90752K(91136K)->90752K(159744K) Eden: 30720K(30720K)->0K(32256K) From: 60032K(60416K)->90752K(127488K)
[12.713s][info][gc,heap        ] GC(149) ParOldGen: 1877199K(2040320K)->1877199K(2040320K)
[12.713s][info][gc,metaspace   ] GC(149) Metaspace: 6301K(6464K)->6301K(6464K) NonClass: 5768K(5824K)->5768K(5824K) Class: 533K(640K)->533K(640K)
[12.713s][info][gc             ] GC(149) Pause Young (Allocation Failure) 1921M->1921M(2148M) 48.955ms
[12.713s][info][gc,cpu         ] GC(149) User=0.27s Sys=0.00s Real=0.05s
[12.750s][info][gc,start       ] GC(150) Pause Young (Allocation Failure)
[12.812s][info][gc,heap        ] GC(150) PSYoungGen: 123008K(159744K)->107104K(161280K) Eden: 32256K(32256K)->0K(32256K) From: 90752K(127488K)->107104K(129024K)
[12.812s][info][gc,heap        ] GC(150) ParOldGen: 1877199K(2040320K)->1893335K(2040320K)
[12.812s][info][gc,metaspace   ] GC(150) Metaspace: 6301K(6464K)->6301K(6464K) NonClass: 5768K(5824K)->5768K(5824K) Class: 533K(640K)->533K(640K)
[12.812s][info][gc             ] GC(150) Pause Young (Allocation Failure) 1953M->1953M(2150M) 61.835ms
[12.812s][info][gc,cpu         ] GC(150) User=0.39s Sys=0.00s Real=0.06s
[12.852s][info][gc,start       ] GC(151) Pause Young (Allocation Failure)
[12.925s][info][gc,heap        ] GC(151) PSYoungGen: 139360K(161280K)->126240K(159232K) Eden: 32256K(32256K)->0K(23552K) From: 107104K(129024K)->126240K(135680K)
[12.925s][info][gc,heap        ] GC(151) ParOldGen: 1893335K(2040320K)->1906679K(2040320K)
[12.925s][info][gc,metaspace   ] GC(151) Metaspace: 6301K(6464K)->6301K(6464K) NonClass: 5768K(5824K)->5768K(5824K) Class: 533K(640K)->533K(640K)
[12.925s][info][gc             ] GC(151) Pause Young (Allocation Failure) 1985M->1985M(2148M) 72.990ms
[12.925s][info][gc,cpu         ] GC(151) User=0.48s Sys=0.03s Real=0.07s
[12.950s][info][gc,start       ] GC(152) Pause Young (Allocation Failure)
[13.028s][info][gc,heap        ] GC(152) PSYoungGen: 149792K(159232K)->119040K(171520K) Eden: 23552K(23552K)->0K(23552K) From: 126240K(135680K)->119040K(147968K)
[13.028s][info][gc,heap        ] GC(152) ParOldGen: 1906679K(2040320K)->1937815K(2040320K)
[13.028s][info][gc,metaspace   ] GC(152) Metaspace: 6301K(6464K)->6301K(6464K) NonClass: 5768K(5824K)->5768K(5824K) Class: 533K(640K)->533K(640K)
[13.028s][info][gc             ] GC(152) Pause Young (Allocation Failure) 2008M->2008M(2160M) 77.661ms
[13.028s][info][gc,cpu         ] GC(152) User=0.52s Sys=0.00s Real=0.08s
[13.052s][info][gc,start       ] GC(153) Pause Young (Allocation Failure)
[13.128s][info][gc,heap        ] GC(153) PSYoungGen: 142592K(171520K)->79552K(171008K) Eden: 23552K(23552K)->0K(27136K) From: 119040K(147968K)->79552K(143872K)
[13.128s][info][gc,heap        ] GC(153) ParOldGen: 1937815K(2040320K)->2001607K(2040320K)
[13.129s][info][gc,metaspace   ] GC(153) Metaspace: 6301K(6464K)->6301K(6464K) NonClass: 5768K(5824K)->5768K(5824K) Class: 533K(640K)->533K(640K)
[13.129s][info][gc             ] GC(153) Pause Young (Allocation Failure) 2031M->2032M(2159M) 76.887ms
[13.129s][info][gc,cpu         ] GC(153) User=0.48s Sys=0.03s Real=0.08s
[13.129s][info][gc,start       ] GC(154) Pause Full (Ergonomics)
[13.129s][info][gc,phases,start] GC(154) Marking Phase
[13.573s][info][gc,phases      ] GC(154) Marking Phase 444.564ms
[13.573s][info][gc,phases,start] GC(154) Summary Phase
[13.573s][info][gc,phases      ] GC(154) Summary Phase 0.035ms
[13.573s][info][gc,phases,start] GC(154) Adjust Roots
[13.573s][info][gc,phases      ] GC(154) Adjust Roots 0.174ms
[13.573s][info][gc,phases,start] GC(154) Compaction Phase
[13.777s][info][gc,phases      ] GC(154) Compaction Phase 203.010ms
[13.777s][info][gc,phases,start] GC(154) Post Compact
[13.781s][info][gc,phases      ] GC(154) Post Compact 3.977ms
[13.781s][info][gc,heap        ] GC(154) PSYoungGen: 79552K(171008K)->38897K(175104K) Eden: 0K(27136K)->0K(31232K) From: 79552K(143872K)->38897K(143872K)
[13.781s][info][gc,heap        ] GC(154) ParOldGen: 2001607K(2040320K)->2039963K(2245632K)
[13.781s][info][gc,metaspace   ] GC(154) Metaspace: 6301K(6464K)->6301K(6464K) NonClass: 5768K(5824K)->5768K(5824K) Class: 533K(640K)->533K(640K)
[13.781s][info][gc             ] GC(154) Pause Full (Ergonomics) 2032M->2030M(2364M) 652.804ms
[13.781s][info][gc,cpu         ] GC(154) User=4.58s Sys=0.03s Real=0.65s
[13.817s][info][gc,start       ] GC(155) Pause Young (Allocation Failure)
[13.946s][info][gc,heap        ] GC(155) PSYoungGen: 70129K(175104K)->43488K(180736K) Eden: 31232K(31232K)->0K(31232K) From: 38897K(143872K)->43488K(149504K)
[13.946s][info][gc,heap        ] GC(155) ParOldGen: 2039963K(2245632K)->2067115K(2245632K)
[13.946s][info][gc,metaspace   ] GC(155) Metaspace: 6301K(6464K)->6301K(6464K) NonClass: 5768K(5824K)->5768K(5824K) Class: 533K(640K)->533K(640K)
[13.946s][info][gc             ] GC(155) Pause Young (Allocation Failure) 2060M->2061M(2369M) 128.972ms
[13.946s][info][gc,cpu         ] GC(155) User=0.88s Sys=0.02s Real=0.13s
[13.978s][info][gc,start       ] GC(156) Pause Young (Allocation Failure)
[14.020s][info][gc,heap        ] GC(156) PSYoungGen: 74720K(180736K)->62656K(177664K) Eden: 31232K(31232K)->0K(34816K) From: 43488K(149504K)->62656K(142848K)
[14.020s][info][gc,heap        ] GC(156) ParOldGen: 2067115K(2245632K)->2079387K(2245632K)
[14.020s][info][gc,metaspace   ] GC(156) Metaspace: 6301K(6464K)->6301K(6464K) NonClass: 5768K(5824K)->5768K(5824K) Class: 533K(640K)->533K(640K)
[14.020s][info][gc             ] GC(156) Pause Young (Allocation Failure) 2091M->2091M(2366M) 41.936ms
[14.020s][info][gc,cpu         ] GC(156) User=0.36s Sys=0.00s Real=0.04s
[14.057s][info][gc,start       ] GC(157) Pause Young (Allocation Failure)
[14.109s][info][gc,heap        ] GC(157) PSYoungGen: 97472K(177664K)->66272K(101376K) Eden: 34816K(34816K)->0K(34816K) From: 62656K(142848K)->66272K(66560K)
[14.110s][info][gc,heap        ] GC(157) ParOldGen: 2079387K(2245632K)->2111043K(2245632K)
[14.110s][info][gc,metaspace   ] GC(157) Metaspace: 6301K(6464K)->6301K(6464K) NonClass: 5768K(5824K)->5768K(5824K) Class: 533K(640K)->533K(640K)
[14.110s][info][gc             ] GC(157) Pause Young (Allocation Failure) 2125M->2126M(2292M) 52.782ms
[14.110s][info][gc,cpu         ] GC(157) User=0.42s Sys=0.05s Real=0.05s
[14.150s][info][gc,start       ] GC(158) Pause Young (Allocation Failure)
[14.204s][info][gc,heap        ] GC(158) PSYoungGen: 101088K(101376K)->69856K(170496K) Eden: 34816K(34816K)->0K(38912K) From: 66272K(66560K)->69856K(131584K)
[14.204s][info][gc,heap        ] GC(158) ParOldGen: 2111043K(2245632K)->2142699K(2245632K)
[14.204s][info][gc,metaspace   ] GC(158) Metaspace: 6301K(6464K)->6301K(6464K) NonClass: 5768K(5824K)->5768K(5824K) Class: 533K(640K)->533K(640K)
[14.204s][info][gc             ] GC(158) Pause Young (Allocation Failure) 2160M->2160M(2359M) 53.723ms
[14.204s][info][gc,cpu         ] GC(158) User=0.45s Sys=0.05s Real=0.05s
[14.253s][info][gc,start       ] GC(159) Pause Young (Allocation Failure)
[14.311s][info][gc,heap        ] GC(159) PSYoungGen: 108768K(170496K)->73984K(113152K) Eden: 38912K(38912K)->0K(38912K) From: 69856K(131584K)->73984K(74240K)
[14.311s][info][gc,heap        ] GC(159) ParOldGen: 2142699K(2245632K)->2178003K(2245632K)
[14.311s][info][gc,metaspace   ] GC(159) Metaspace: 6301K(6464K)->6301K(6464K) NonClass: 5768K(5824K)->5768K(5824K) Class: 533K(640K)->533K(640K)
[14.311s][info][gc             ] GC(159) Pause Young (Allocation Failure) 2198M->2199M(2303M) 58.130ms
[14.311s][info][gc,cpu         ] GC(159) User=0.38s Sys=0.02s Real=0.06s
[14.354s][info][gc,start       ] GC(160) Pause Young (Allocation Failure)
[14.413s][info][gc,heap        ] GC(160) PSYoungGen: 112896K(113152K)->78048K(165376K) Eden: 38912K(38912K)->0K(43520K) From: 73984K(74240K)->78048K(121856K)
[14.413s][info][gc,heap        ] GC(160) ParOldGen: 2178003K(2245632K)->2213299K(2245632K)
[14.413s][info][gc,metaspace   ] GC(160) Metaspace: 6301K(6464K)->6301K(6464K) NonClass: 5768K(5824K)->5768K(5824K) Class: 533K(640K)->533K(640K)
[14.413s][info][gc             ] GC(160) Pause Young (Allocation Failure) 2237M->2237M(2354M) 59.103ms
[14.413s][info][gc,cpu         ] GC(160) User=0.38s Sys=0.02s Real=0.06s
[14.413s][info][gc,start       ] GC(161) Pause Full (Ergonomics)
[14.413s][info][gc,phases,start] GC(161) Marking Phase
[14.918s][info][gc,phases      ] GC(161) Marking Phase 504.870ms
[14.918s][info][gc,phases,start] GC(161) Summary Phase
[14.918s][info][gc,phases      ] GC(161) Summary Phase 0.036ms
[14.918s][info][gc,phases,start] GC(161) Adjust Roots
[14.918s][info][gc,phases      ] GC(161) Adjust Roots 0.162ms
[14.918s][info][gc,phases,start] GC(161) Compaction Phase
[15.134s][info][gc,phases      ] GC(161) Compaction Phase 215.262ms
[15.134s][info][gc,phases,start] GC(161) Post Compact
[15.138s][info][gc,phases      ] GC(161) Post Compact 4.314ms
[15.139s][info][gc,heap        ] GC(161) PSYoungGen: 78048K(165376K)->43020K(169984K) Eden: 0K(43520K)->0K(48128K) From: 78048K(121856K)->43020K(121856K)
[15.139s][info][gc,heap        ] GC(161) ParOldGen: 2213299K(2245632K)->2245571K(2464768K)
[15.139s][info][gc,metaspace   ] GC(161) Metaspace: 6301K(6464K)->6301K(6464K) NonClass: 5768K(5824K)->5768K(5824K) Class: 533K(640K)->533K(640K)
[15.139s][info][gc             ] GC(161) Pause Full (Ergonomics) 2237M->2234M(2573M) 725.761ms
[15.139s][info][gc,cpu         ] GC(161) User=5.19s Sys=0.05s Real=0.73s
[15.197s][info][gc,start       ] GC(162) Pause Young (Allocation Failure)
[15.342s][info][gc,heap        ] GC(162) PSYoungGen: 91148K(169984K)->72192K(174592K) Eden: 48128K(48128K)->0K(48128K) From: 43020K(121856K)->72192K(126464K)
[15.342s][info][gc,heap        ] GC(162) ParOldGen: 2245571K(2464768K)->2265051K(2464768K)
[15.342s][info][gc,metaspace   ] GC(162) Metaspace: 6301K(6464K)->6301K(6464K) NonClass: 5768K(5824K)->5768K(5824K) Class: 533K(640K)->533K(640K)
[15.342s][info][gc             ] GC(162) Pause Young (Allocation Failure) 2281M->2282M(2577M) 145.011ms
[15.342s][info][gc,cpu         ] GC(162) User=0.92s Sys=0.03s Real=0.15s
[15.398s][info][gc,start       ] GC(163) Pause Young (Allocation Failure)
[15.460s][info][gc,heap        ] GC(163) PSYoungGen: 120320K(174592K)->120416K(163328K) Eden: 48128K(48128K)->0K(40960K) From: 72192K(126464K)->120416K(122368K)
[15.460s][info][gc,heap        ] GC(163) ParOldGen: 2265051K(2464768K)->2265051K(2464768K)
[15.460s][info][gc,metaspace   ] GC(163) Metaspace: 6301K(6464K)->6301K(6464K) NonClass: 5768K(5824K)->5768K(5824K) Class: 533K(640K)->533K(640K)
[15.460s][info][gc             ] GC(163) Pause Young (Allocation Failure) 2329M->2329M(2566M) 62.440ms
[15.460s][info][gc,cpu         ] GC(163) User=0.39s Sys=0.00s Real=0.06s
[15.510s][info][gc,start       ] GC(164) Pause Young (Allocation Failure)
[15.595s][info][gc,heap        ] GC(164) PSYoungGen: 161376K(163328K)->134144K(175104K) Eden: 40960K(40960K)->0K(40960K) From: 120416K(122368K)->134144K(134144K)
[15.595s][info][gc,heap        ] GC(164) ParOldGen: 2265051K(2464768K)->2292459K(2464768K)
[15.595s][info][gc,metaspace   ] GC(164) Metaspace: 6301K(6464K)->6301K(6464K) NonClass: 5768K(5824K)->5768K(5824K) Class: 533K(640K)->533K(640K)
[15.596s][info][gc             ] GC(164) Pause Young (Allocation Failure) 2369M->2369M(2578M) 85.954ms
[15.596s][info][gc,cpu         ] GC(164) User=0.64s Sys=0.00s Real=0.09s
[15.644s][info][gc,start       ] GC(165) Pause Young (Allocation Failure)
[15.738s][info][gc,heap        ] GC(165) PSYoungGen: 175104K(175104K)->117088K(201216K) Eden: 40960K(40960K)->0K(42496K) From: 134144K(134144K)->117088K(158720K)
[15.738s][info][gc,heap        ] GC(165) ParOldGen: 2292459K(2464768K)->2351123K(2464768K)
[15.738s][info][gc,metaspace   ] GC(165) Metaspace: 6301K(6464K)->6301K(6464K) NonClass: 5768K(5824K)->5768K(5824K) Class: 533K(640K)->533K(640K)
[15.738s][info][gc             ] GC(165) Pause Young (Allocation Failure) 2409M->2410M(2603M) 94.110ms
[15.738s][info][gc,cpu         ] GC(165) User=0.52s Sys=0.03s Real=0.09s
[15.788s][info][gc,start       ] GC(166) Pause Young (Allocation Failure)
[15.876s][info][gc,heap        ] GC(166) PSYoungGen: 159584K(201216K)->118144K(204288K) Eden: 42496K(42496K)->0K(42496K) From: 117088K(158720K)->118144K(161792K)
[15.876s][info][gc,heap        ] GC(166) ParOldGen: 2351123K(2464768K)->2392875K(2464768K)
[15.876s][info][gc,metaspace   ] GC(166) Metaspace: 6301K(6464K)->6301K(6464K) NonClass: 5768K(5824K)->5768K(5824K) Class: 533K(640K)->533K(640K)
[15.876s][info][gc             ] GC(166) Pause Young (Allocation Failure) 2451M->2452M(2606M) 87.602ms
[15.876s][info][gc,cpu         ] GC(166) User=0.62s Sys=0.02s Real=0.09s
[15.925s][info][gc,start       ] GC(167) Pause Young (Allocation Failure)
[16.014s][info][gc,heap        ] GC(167) PSYoungGen: 160640K(204288K)->126240K(207872K) Eden: 42496K(42496K)->0K(43008K) From: 118144K(161792K)->126240K(164864K)
[16.014s][info][gc,heap        ] GC(167) ParOldGen: 2392875K(2464768K)->2427643K(2464768K)
[16.014s][info][gc,metaspace   ] GC(167) Metaspace: 6301K(6464K)->6301K(6464K) NonClass: 5768K(5824K)->5768K(5824K) Class: 533K(640K)->533K(640K)
[16.014s][info][gc             ] GC(167) Pause Young (Allocation Failure) 2493M->2494M(2610M) 89.173ms
[16.014s][info][gc,cpu         ] GC(167) User=0.61s Sys=0.02s Real=0.09s
[16.014s][info][gc,start       ] GC(168) Pause Full (Ergonomics)
[16.014s][info][gc,phases,start] GC(168) Marking Phase
[16.599s][info][gc,phases      ] GC(168) Marking Phase 585.001ms
[16.599s][info][gc,phases,start] GC(168) Summary Phase
[16.599s][info][gc,phases      ] GC(168) Summary Phase 0.045ms
[16.599s][info][gc,phases,start] GC(168) Adjust Roots
[16.599s][info][gc,phases      ] GC(168) Adjust Roots 0.154ms
[16.599s][info][gc,phases,start] GC(168) Compaction Phase
[16.838s][info][gc,phases      ] GC(168) Compaction Phase 238.898ms
[16.838s][info][gc,phases,start] GC(168) Post Compact
[16.844s][info][gc,phases      ] GC(168) Post Compact 5.059ms
[16.844s][info][gc,heap        ] GC(168) PSYoungGen: 126240K(207872K)->87016K(207872K) Eden: 0K(43008K)->0K(43008K) From: 126240K(164864K)->87016K(164864K)
[16.844s][info][gc,heap        ] GC(168) ParOldGen: 2427643K(2464768K)->2464557K(2706944K)
[16.844s][info][gc,metaspace   ] GC(168) Metaspace: 6301K(6464K)->6301K(6464K) NonClass: 5768K(5824K)->5768K(5824K) Class: 533K(640K)->533K(640K)
[16.845s][info][gc             ] GC(168) Pause Full (Ergonomics) 2494M->2491M(2846M) 830.372ms
[16.845s][info][gc,cpu         ] GC(168) User=6.20s Sys=0.03s Real=0.83s
[16.896s][info][gc,start       ] GC(169) Pause Young (Allocation Failure)
[17.073s][info][gc,heap        ] GC(169) PSYoungGen: 130024K(207872K)->73152K(212480K) Eden: 43008K(43008K)->0K(43008K) From: 87016K(164864K)->73152K(169472K)
[17.073s][info][gc,heap        ] GC(169) ParOldGen: 2464557K(2706944K)->2522245K(2706944K)
[17.073s][info][gc,metaspace   ] GC(169) Metaspace: 6301K(6464K)->6301K(6464K) NonClass: 5768K(5824K)->5768K(5824K) Class: 533K(640K)->533K(640K)
[17.073s][info][gc             ] GC(169) Pause Young (Allocation Failure) 2533M->2534M(2851M) 176.733ms
[17.073s][info][gc,cpu         ] GC(169) User=1.12s Sys=0.02s Real=0.18s
[17.123s][info][gc,start       ] GC(170) Pause Young (Allocation Failure)
[17.189s][info][gc,heap        ] GC(170) PSYoungGen: 116160K(212480K)->86272K(202752K) Eden: 43008K(43008K)->0K(47616K) From: 73152K(169472K)->86272K(155136K)
[17.189s][info][gc,heap        ] GC(170) ParOldGen: 2522245K(2706944K)->2552453K(2706944K)
[17.189s][info][gc,metaspace   ] GC(170) Metaspace: 6301K(6464K)->6301K(6464K) NonClass: 5768K(5824K)->5768K(5824K) Class: 533K(640K)->533K(640K)
[17.189s][info][gc             ] GC(170) Pause Young (Allocation Failure) 2576M->2576M(2841M) 65.529ms
[17.189s][info][gc,cpu         ] GC(170) User=0.39s Sys=0.00s Real=0.07s
[17.250s][info][gc,start       ] GC(171) Pause Young (Allocation Failure)
[17.324s][info][gc,heap        ] GC(171) PSYoungGen: 133888K(202752K)->90880K(138752K) Eden: 47616K(47616K)->0K(47616K) From: 86272K(155136K)->90880K(91136K)
[17.324s][info][gc,heap        ] GC(171) ParOldGen: 2552453K(2706944K)->2595837K(2706944K)
[17.324s][info][gc,metaspace   ] GC(171) Metaspace: 6301K(6464K)->6301K(6464K) NonClass: 5768K(5824K)->5768K(5824K) Class: 533K(640K)->533K(640K)
[17.324s][info][gc             ] GC(171) Pause Young (Allocation Failure) 2623M->2623M(2779M) 74.285ms
[17.324s][info][gc,cpu         ] GC(171) User=0.48s Sys=0.02s Real=0.07s
[17.379s][info][gc,start       ] GC(172) Pause Young (Allocation Failure)
[17.456s][info][gc,heap        ] GC(172) PSYoungGen: 138496K(138752K)->95520K(198144K) Eden: 47616K(47616K)->0K(53248K) From: 90880K(91136K)->95520K(144896K)
[17.456s][info][gc,heap        ] GC(172) ParOldGen: 2595837K(2706944K)->2639253K(2706944K)
[17.456s][info][gc,metaspace   ] GC(172) Metaspace: 6301K(6464K)->6301K(6464K) NonClass: 5768K(5824K)->5768K(5824K) Class: 533K(640K)->533K(640K)
[17.456s][info][gc             ] GC(172) Pause Young (Allocation Failure) 2670M->2670M(2837M) 77.060ms
[17.456s][info][gc,cpu         ] GC(172) User=0.48s Sys=0.02s Real=0.08s
[17.516s][info][gc,start       ] GC(173) Pause Young (Allocation Failure)
[17.602s][info][gc,heap        ] GC(173) PSYoungGen: 148768K(198144K)->101120K(202752K) Eden: 53248K(53248K)->0K(53248K) From: 95520K(144896K)->101120K(149504K)
[17.602s][info][gc,heap        ] GC(173) ParOldGen: 2639253K(2706944K)->2687325K(2706944K)
[17.603s][info][gc,metaspace   ] GC(173) Metaspace: 6301K(6464K)->6301K(6464K) NonClass: 5768K(5824K)->5768K(5824K) Class: 533K(640K)->533K(640K)
[17.603s][info][gc             ] GC(173) Pause Young (Allocation Failure) 2722M->2723M(2841M) 86.412ms
[17.603s][info][gc,cpu         ] GC(173) User=0.50s Sys=0.03s Real=0.09s
[17.603s][info][gc,start       ] GC(174) Pause Full (Ergonomics)
[17.603s][info][gc,phases,start] GC(174) Marking Phase
[18.242s][info][gc,phases      ] GC(174) Marking Phase 639.340ms
[18.242s][info][gc,phases,start] GC(174) Summary Phase
[18.242s][info][gc,phases      ] GC(174) Summary Phase 0.038ms
[18.242s][info][gc,phases,start] GC(174) Adjust Roots
[18.242s][info][gc,phases      ] GC(174) Adjust Roots 0.231ms
[18.242s][info][gc,phases,start] GC(174) Compaction Phase
[18.468s][info][gc,phases      ] GC(174) Compaction Phase 225.599ms
[18.468s][info][gc,phases,start] GC(174) Post Compact
[18.473s][info][gc,phases      ] GC(174) Post Compact 4.707ms
[18.474s][info][gc,heap        ] GC(174) PSYoungGen: 101120K(202752K)->79337K(202752K) Eden: 0K(53248K)->0K(53248K) From: 101120K(149504K)->79337K(149504K)
[18.474s][info][gc,heap        ] GC(174) ParOldGen: 2687325K(2706944K)->2706584K(2975232K)
[18.474s][info][gc,metaspace   ] GC(174) Metaspace: 6301K(6464K)->6301K(6464K) NonClass: 5768K(5824K)->5768K(5824K) Class: 533K(640K)->533K(640K)
[18.474s][info][gc             ] GC(174) Pause Full (Ergonomics) 2723M->2720M(3103M) 871.132ms
[18.474s][info][gc,cpu         ] GC(174) User=6.69s Sys=0.03s Real=0.87s
[19.057s][info][gc,start       ] GC(175) Pause Young (Allocation Failure)
[19.224s][info][gc,heap        ] GC(175) PSYoungGen: 132585K(202752K)->95392K(194560K) Eden: 53248K(53248K)->0K(58368K) From: 79337K(149504K)->95392K(136192K)
[19.224s][info][gc,heap        ] GC(175) ParOldGen: 2837656K(2975232K)->2875520K(2975232K)
[19.224s][info][gc,metaspace   ] GC(175) Metaspace: 6301K(6464K)->6301K(6464K) NonClass: 5768K(5824K)->5768K(5824K) Class: 533K(640K)->533K(640K)
[19.224s][info][gc             ] GC(175) Pause Young (Allocation Failure) 2900M->2901M(3095M) 166.773ms
[19.224s][info][gc,cpu         ] GC(175) User=1.00s Sys=0.02s Real=0.17s
[19.289s][info][gc,start       ] GC(176) Pause Young (Allocation Failure)
[19.368s][info][gc,heap        ] GC(176) PSYoungGen: 153760K(194560K)->141824K(200192K) Eden: 58368K(58368K)->0K(58368K) From: 95392K(136192K)->141824K(141824K)
[19.368s][info][gc,heap        ] GC(176) ParOldGen: 2875520K(2975232K)->2887520K(2975232K)
[19.368s][info][gc,metaspace   ] GC(176) Metaspace: 6301K(6464K)->6301K(6464K) NonClass: 5768K(5824K)->5768K(5824K) Class: 533K(640K)->533K(640K)
[19.368s][info][gc             ] GC(176) Pause Young (Allocation Failure) 2958M->2958M(3101M) 78.756ms
[19.368s][info][gc,cpu         ] GC(176) User=0.47s Sys=0.00s Real=0.08s
[19.430s][info][gc,start       ] GC(177) Pause Young (Allocation Failure)
[19.527s][info][gc,heap        ] GC(177) PSYoungGen: 200192K(200192K)->114112K(221696K) Eden: 58368K(58368K)->0K(64512K) From: 141824K(141824K)->114112K(157184K)
[19.527s][info][gc,heap        ] GC(177) ParOldGen: 2887520K(2975232K)->2974480K(2975232K)
[19.527s][info][gc,metaspace   ] GC(177) Metaspace: 6301K(6464K)->6301K(6464K) NonClass: 5768K(5824K)->5768K(5824K) Class: 533K(640K)->533K(640K)
[19.527s][info][gc             ] GC(177) Pause Young (Allocation Failure) 3015M->3016M(3122M) 97.788ms
[19.527s][info][gc,cpu         ] GC(177) User=0.73s Sys=0.02s Real=0.10s
[19.527s][info][gc,start       ] GC(178) Pause Full (Ergonomics)
[19.527s][info][gc,phases,start] GC(178) Marking Phase
[20.217s][info][gc,phases      ] GC(178) Marking Phase 689.096ms
[20.217s][info][gc,phases,start] GC(178) Summary Phase
[20.217s][info][gc,phases      ] GC(178) Summary Phase 0.042ms
[20.217s][info][gc,phases,start] GC(178) Adjust Roots
[20.217s][info][gc,phases      ] GC(178) Adjust Roots 0.195ms
[20.217s][info][gc,phases,start] GC(178) Compaction Phase
[20.690s][info][gc,phases      ] GC(178) Compaction Phase 473.469ms
[20.690s][info][gc,phases,start] GC(178) Post Compact
[20.697s][info][gc,phases      ] GC(178) Post Compact 6.142ms
[20.698s][info][gc,heap        ] GC(178) PSYoungGen: 114112K(221696K)->46266K(222208K) Eden: 0K(64512K)->0K(65024K) From: 114112K(157184K)->46266K(157184K)
[20.698s][info][gc,heap        ] GC(178) ParOldGen: 2974480K(2975232K)->2975081K(3279360K)
[20.698s][info][gc,metaspace   ] GC(178) Metaspace: 6301K(6464K)->6301K(6464K) NonClass: 5768K(5824K)->5768K(5824K) Class: 533K(640K)->533K(640K)
[20.698s][info][gc             ] GC(178) Pause Full (Ergonomics) 3016M->2950M(3419M) 1170.256ms
[20.698s][info][gc,cpu         ] GC(178) User=8.12s Sys=0.02s Real=1.17s
[20.764s][info][gc,start       ] GC(179) Pause Young (Allocation Failure)
[20.934s][info][gc,heap        ] GC(179) PSYoungGen: 111290K(222208K)->84544K(222720K) Eden: 65024K(65024K)->0K(65024K) From: 46266K(157184K)->84544K(157696K)
[20.934s][info][gc,heap        ] GC(179) ParOldGen: 2975081K(3279360K)->3002377K(3279360K)
[20.934s][info][gc,metaspace   ] GC(179) Metaspace: 6301K(6464K)->6301K(6464K) NonClass: 5768K(5824K)->5768K(5824K) Class: 533K(640K)->533K(640K)
[20.934s][info][gc             ] GC(179) Pause Young (Allocation Failure) 3014M->3014M(3420M) 170.296ms
[20.934s][info][gc,cpu         ] GC(179) User=1.12s Sys=0.02s Real=0.17s
[20.998s][info][gc,start       ] GC(180) Pause Young (Allocation Failure)
[21.074s][info][gc,heap        ] GC(180) PSYoungGen: 149568K(222720K)->149696K(213504K) Eden: 65024K(65024K)->0K(58368K) From: 84544K(157696K)->149696K(155136K)
[21.074s][info][gc,heap        ] GC(180) ParOldGen: 3002377K(3279360K)->3002377K(3279360K)
[21.074s][info][gc,metaspace   ] GC(180) Metaspace: 6301K(6464K)->6301K(6464K) NonClass: 5768K(5824K)->5768K(5824K) Class: 533K(640K)->533K(640K)
[21.074s][info][gc             ] GC(180) Pause Young (Allocation Failure) 3078M->3078M(3411M) 76.091ms
[21.074s][info][gc,cpu         ] GC(180) User=0.41s Sys=0.00s Real=0.08s
[21.141s][info][gc,start       ] GC(181) Pause Young (Allocation Failure)
[21.238s][info][gc,heap        ] GC(181) PSYoungGen: 208064K(213504K)->167936K(226304K) Eden: 58368K(58368K)->0K(58368K) From: 149696K(155136K)->167936K(167936K)
[21.238s][info][gc,heap        ] GC(181) ParOldGen: 3002377K(3279360K)->3042769K(3279360K)
[21.238s][info][gc,metaspace   ] GC(181) Metaspace: 6301K(6464K)->6301K(6464K) NonClass: 5768K(5824K)->5768K(5824K) Class: 533K(640K)->533K(640K)
[21.238s][info][gc             ] GC(181) Pause Young (Allocation Failure) 3135M->3135M(3423M) 96.606ms
[21.238s][info][gc,cpu         ] GC(181) User=0.61s Sys=0.03s Real=0.10s
[21.298s][info][gc,start       ] GC(182) Pause Young (Allocation Failure)
[21.411s][info][gc,heap        ] GC(182) PSYoungGen: 226304K(226304K)->165216K(254464K) Eden: 58368K(58368K)->0K(54272K) From: 167936K(167936K)->165216K(200192K)
[21.411s][info][gc,heap        ] GC(182) ParOldGen: 3042769K(3279360K)->3104505K(3279360K)
[21.411s][info][gc,metaspace   ] GC(182) Metaspace: 6301K(6464K)->6301K(6464K) NonClass: 5768K(5824K)->5768K(5824K) Class: 533K(640K)->533K(640K)
[21.411s][info][gc             ] GC(182) Pause Young (Allocation Failure) 3192M->3193M(3451M) 112.486ms
[21.411s][info][gc,cpu         ] GC(182) User=0.59s Sys=0.08s Real=0.11s
[21.466s][info][gc,start       ] GC(183) Pause Young (Allocation Failure)
[21.574s][info][gc,heap        ] GC(183) PSYoungGen: 219488K(254464K)->155168K(264192K) Eden: 54272K(54272K)->0K(54272K) From: 165216K(200192K)->155168K(209920K)
[21.574s][info][gc,heap        ] GC(183) ParOldGen: 3104505K(3279360K)->3169417K(3279360K)
[21.574s][info][gc,metaspace   ] GC(183) Metaspace: 6301K(6464K)->6301K(6464K) NonClass: 5768K(5824K)->5768K(5824K) Class: 533K(640K)->533K(640K)
[21.574s][info][gc             ] GC(183) Pause Young (Allocation Failure) 3246M->3246M(3460M) 108.287ms
[21.574s][info][gc,cpu         ] GC(183) User=0.75s Sys=0.02s Real=0.11s
[21.631s][info][gc,start       ] GC(184) Pause Young (Allocation Failure)
[21.734s][info][gc,heap        ] GC(184) PSYoungGen: 209440K(264192K)->167296K(267776K) Eden: 54272K(54272K)->0K(53760K) From: 155168K(209920K)->167296K(214016K)
[21.734s][info][gc,heap        ] GC(184) ParOldGen: 3169417K(3279360K)->3211937K(3279360K)
[21.734s][info][gc,metaspace   ] GC(184) Metaspace: 6301K(6464K)->6301K(6464K) NonClass: 5768K(5824K)->5768K(5824K) Class: 533K(640K)->533K(640K)
[21.734s][info][gc             ] GC(184) Pause Young (Allocation Failure) 3299M->3300M(3464M) 102.904ms
[21.734s][info][gc,cpu         ] GC(184) User=0.62s Sys=0.06s Real=0.10s
[21.734s][info][gc,start       ] GC(185) Pause Full (Ergonomics)
[21.734s][info][gc,phases,start] GC(185) Marking Phase
[22.498s][info][gc,phases      ] GC(185) Marking Phase 763.738ms
[22.498s][info][gc,phases,start] GC(185) Summary Phase
[22.498s][info][gc,phases      ] GC(185) Summary Phase 0.052ms
[22.498s][info][gc,phases,start] GC(185) Adjust Roots
[22.498s][info][gc,phases      ] GC(185) Adjust Roots 0.160ms
[22.498s][info][gc,phases,start] GC(185) Compaction Phase
[22.843s][info][gc,phases      ] GC(185) Compaction Phase 345.117ms
[22.843s][info][gc,phases,start] GC(185) Post Compact
[22.850s][info][gc,phases      ] GC(185) Post Compact 6.570ms
[22.851s][info][gc,heap        ] GC(185) PSYoungGen: 167296K(267776K)->97316K(267776K) Eden: 0K(53760K)->0K(53760K) From: 167296K(214016K)->97316K(214016K)
[22.851s][info][gc,heap        ] GC(185) ParOldGen: 3211937K(3279360K)->3279172K(3607040K)
[22.851s][info][gc,metaspace   ] GC(185) Metaspace: 6301K(6464K)->6301K(6464K) NonClass: 5768K(5824K)->5768K(5824K) Class: 533K(640K)->533K(640K)
[22.851s][info][gc             ] GC(185) Pause Full (Ergonomics) 3300M->3297M(3784M) 1117.136ms
[22.851s][info][gc,cpu         ] GC(185) User=7.94s Sys=0.06s Real=1.12s
[22.908s][info][gc,start       ] GC(186) Pause Young (Allocation Failure)
[23.114s][info][gc,heap        ] GC(186) PSYoungGen: 151076K(267776K)->86400K(274944K) Eden: 53760K(53760K)->0K(53760K) From: 97316K(214016K)->86400K(221184K)
[23.114s][info][gc,heap        ] GC(186) ParOldGen: 3279172K(3607040K)->3344780K(3607040K)
[23.114s][info][gc,metaspace   ] GC(186) Metaspace: 6301K(6464K)->6301K(6464K) NonClass: 5768K(5824K)->5768K(5824K) Class: 533K(640K)->533K(640K)
[23.114s][info][gc             ] GC(186) Pause Young (Allocation Failure) 3349M->3350M(3791M) 205.462ms
[23.114s][info][gc,cpu         ] GC(186) User=1.47s Sys=0.02s Real=0.21s
[23.169s][info][gc,start       ] GC(187) Pause Young (Allocation Failure)
[23.243s][info][gc,heap        ] GC(187) PSYoungGen: 140160K(274944K)->140224K(272384K) Eden: 53760K(53760K)->0K(59392K) From: 86400K(221184K)->140224K(212992K)
[23.243s][info][gc,heap        ] GC(187) ParOldGen: 3344780K(3607040K)->3344780K(3607040K)
[23.243s][info][gc,metaspace   ] GC(187) Metaspace: 6301K(6464K)->6301K(6464K) NonClass: 5768K(5824K)->5768K(5824K) Class: 533K(640K)->533K(640K)
[23.243s][info][gc             ] GC(187) Pause Young (Allocation Failure) 3403M->3403M(3788M) 74.534ms
[23.243s][info][gc,cpu         ] GC(187) User=0.31s Sys=0.00s Real=0.07s
[23.300s][info][gc,start       ] GC(188) Pause Young (Allocation Failure)
[23.395s][info][gc,heap        ] GC(188) PSYoungGen: 199616K(272384K)->167296K(274944K) Eden: 59392K(59392K)->0K(59392K) From: 140224K(212992K)->167296K(215552K)
[23.395s][info][gc,heap        ] GC(188) ParOldGen: 3344780K(3607040K)->3377452K(3607040K)
[23.395s][info][gc,metaspace   ] GC(188) Metaspace: 6301K(6464K)->6301K(6464K) NonClass: 5768K(5824K)->5768K(5824K) Class: 533K(640K)->533K(640K)
[23.395s][info][gc             ] GC(188) Pause Young (Allocation Failure) 3461M->3461M(3791M) 95.574ms
[23.395s][info][gc,cpu         ] GC(188) User=0.52s Sys=0.05s Real=0.10s
[23.456s][info][gc,start       ] GC(189) Pause Young (Allocation Failure)
[23.567s][info][gc,heap        ] GC(189) PSYoungGen: 226688K(274944K)->172960K(281088K) Eden: 59392K(59392K)->0K(59392K) From: 167296K(215552K)->172960K(221696K)
[23.567s][info][gc,heap        ] GC(189) ParOldGen: 3377452K(3607040K)->3431700K(3607040K)
[23.567s][info][gc,metaspace   ] GC(189) Metaspace: 6301K(6464K)->6301K(6464K) NonClass: 5768K(5824K)->5768K(5824K) Class: 533K(640K)->533K(640K)
[23.567s][info][gc             ] GC(189) Pause Young (Allocation Failure) 3519M->3520M(3797M) 111.322ms
[23.567s][info][gc,cpu         ] GC(189) User=0.70s Sys=0.05s Real=0.11s
[23.634s][info][gc,start       ] GC(190) Pause Young (Allocation Failure)
[23.755s][info][gc,heap        ] GC(190) PSYoungGen: 232352K(281088K)->178656K(287744K) Eden: 59392K(59392K)->0K(59392K) From: 172960K(221696K)->178656K(228352K)
[23.755s][info][gc,heap        ] GC(190) ParOldGen: 3431700K(3607040K)->3485948K(3607040K)
[23.755s][info][gc,metaspace   ] GC(190) Metaspace: 6301K(6464K)->6301K(6464K) NonClass: 5768K(5824K)->5768K(5824K) Class: 533K(640K)->533K(640K)
[23.755s][info][gc             ] GC(190) Pause Young (Allocation Failure) 3578M->3578M(3803M) 121.454ms
[23.755s][info][gc,cpu         ] GC(190) User=0.89s Sys=0.06s Real=0.12s
[23.815s][info][gc,start       ] GC(191) Pause Young (Allocation Failure)
[23.940s][info][gc,heap        ] GC(191) PSYoungGen: 238048K(287744K)->119104K(290816K) Eden: 59392K(59392K)->0K(67072K) From: 178656K(228352K)->119104K(223744K)
[23.940s][info][gc,heap        ] GC(191) ParOldGen: 3485948K(3607040K)->3605788K(3607040K)
[23.940s][info][gc,metaspace   ] GC(191) Metaspace: 6301K(6464K)->6301K(6464K) NonClass: 5768K(5824K)->5768K(5824K) Class: 533K(640K)->533K(640K)
[23.940s][info][gc             ] GC(191) Pause Young (Allocation Failure) 3636M->3637M(3806M) 125.345ms
[23.940s][info][gc,cpu         ] GC(191) User=0.83s Sys=0.06s Real=0.12s
[23.940s][info][gc,start       ] GC(192) Pause Full (Ergonomics)
[23.940s][info][gc,phases,start] GC(192) Marking Phase
[24.788s][info][gc,phases      ] GC(192) Marking Phase 848.059ms
[24.788s][info][gc,phases,start] GC(192) Summary Phase
[24.788s][info][gc,phases      ] GC(192) Summary Phase 0.045ms
[24.788s][info][gc,phases,start] GC(192) Adjust Roots
[24.789s][info][gc,phases      ] GC(192) Adjust Roots 0.160ms
[24.789s][info][gc,phases,start] GC(192) Compaction Phase
[25.171s][info][gc,phases      ] GC(192) Compaction Phase 381.993ms
[25.171s][info][gc,phases,start] GC(192) Post Compact
[25.178s][info][gc,phases      ] GC(192) Post Compact 6.931ms
[25.179s][info][gc,heap        ] GC(192) PSYoungGen: 119104K(290816K)->114630K(296448K) Eden: 0K(67072K)->0K(72704K) From: 119104K(223744K)->114630K(223744K)
[25.179s][info][gc,heap        ] GC(192) ParOldGen: 3605788K(3607040K)->3606755K(3985920K)
[25.179s][info][gc,metaspace   ] GC(192) Metaspace: 6301K(6464K)->6301K(6464K) NonClass: 5768K(5824K)->5768K(5824K) Class: 533K(640K)->533K(640K)
[25.179s][info][gc             ] GC(192) Pause Full (Ergonomics) 3637M->3634M(4182M) 1238.852ms
[25.179s][info][gc,cpu         ] GC(192) User=8.83s Sys=0.02s Real=1.24s
[25.248s][info][gc,start       ] GC(193) Pause Young (Allocation Failure)
[25.492s][info][gc,heap        ] GC(193) PSYoungGen: 187334K(296448K)->72992K(302080K) Eden: 72704K(72704K)->0K(72704K) From: 114630K(223744K)->72992K(229376K)
[25.492s][info][gc,heap        ] GC(193) ParOldGen: 3606755K(3985920K)->3722451K(3985920K)
[25.492s][info][gc,metaspace   ] GC(193) Metaspace: 6301K(6464K)->6301K(6464K) NonClass: 5768K(5824K)->5768K(5824K) Class: 533K(640K)->533K(640K)
[25.492s][info][gc             ] GC(193) Pause Young (Allocation Failure) 3705M->3706M(4187M) 244.150ms
[25.492s][info][gc,cpu         ] GC(193) User=1.69s Sys=0.06s Real=0.24s
[25.567s][info][gc,start       ] GC(194) Pause Young (Allocation Failure)
[25.647s][info][gc,heap        ] GC(194) PSYoungGen: 145696K(302080K)->72992K(310272K) Eden: 72704K(72704K)->0K(80384K) From: 72992K(229376K)->72992K(229888K)
[25.647s][info][gc,heap        ] GC(194) ParOldGen: 3722451K(3985920K)->3795827K(3985920K)
[25.647s][info][gc,metaspace   ] GC(194) Metaspace: 6301K(6464K)->6301K(6464K) NonClass: 5768K(5824K)->5768K(5824K) Class: 533K(640K)->533K(640K)
[25.647s][info][gc             ] GC(194) Pause Young (Allocation Failure) 3777M->3778M(4195M) 79.993ms
[25.647s][info][gc,cpu         ] GC(194) User=0.50s Sys=0.02s Real=0.08s
[25.728s][info][gc,start       ] GC(195) Pause Young (Allocation Failure)
[25.812s][info][gc,heap        ] GC(195) PSYoungGen: 153376K(310272K)->80672K(310784K) Eden: 80384K(80384K)->0K(80384K) From: 72992K(229888K)->80672K(230400K)
[25.812s][info][gc,heap        ] GC(195) ParOldGen: 3795827K(3985920K)->3869187K(3985920K)
[25.812s][info][gc,metaspace   ] GC(195) Metaspace: 6301K(6464K)->6301K(6464K) NonClass: 5768K(5824K)->5768K(5824K) Class: 533K(640K)->533K(640K)
[25.812s][info][gc             ] GC(195) Pause Young (Allocation Failure) 3856M->3857M(4196M) 84.340ms
[25.812s][info][gc,cpu         ] GC(195) User=0.64s Sys=0.02s Real=0.08s
[25.812s][info][gc,start       ] GC(196) Pause Full (Ergonomics)
[25.812s][info][gc,phases,start] GC(196) Marking Phase
[26.699s][info][gc,phases      ] GC(196) Marking Phase 886.246ms
[26.699s][info][gc,phases,start] GC(196) Summary Phase
[26.699s][info][gc,phases      ] GC(196) Summary Phase 0.074ms
[26.699s][info][gc,phases,start] GC(196) Adjust Roots
[26.699s][info][gc,phases      ] GC(196) Adjust Roots 0.163ms
[26.699s][info][gc,phases,start] GC(196) Compaction Phase
[27.085s][info][gc,phases      ] GC(196) Compaction Phase 386.294ms
[27.085s][info][gc,phases,start] GC(196) Post Compact
[27.093s][info][gc,phases      ] GC(196) Post Compact 7.256ms
[27.094s][info][gc,heap        ] GC(196) PSYoungGen: 80672K(310784K)->0K(316416K) Eden: 0K(80384K)->0K(89088K) From: 80672K(230400K)->0K(227328K)
[27.094s][info][gc,heap        ] GC(196) ParOldGen: 3869187K(3985920K)->3947088K(4374016K)
[27.094s][info][gc,metaspace   ] GC(196) Metaspace: 6301K(6464K)->6301K(6464K) NonClass: 5768K(5824K)->5768K(5824K) Class: 533K(640K)->533K(640K)
[27.094s][info][gc             ] GC(196) Pause Full (Ergonomics) 3857M->3854M(4580M) 1281.589ms
[27.094s][info][gc,cpu         ] GC(196) User=9.14s Sys=0.02s Real=1.28s
[27.182s][info][gc,start       ] GC(197) Pause Young (Allocation Failure)
[27.240s][info][gc,heap        ] GC(197) PSYoungGen: 89088K(316416K)->89344K(316416K) Eden: 89088K(89088K)->0K(89088K) From: 0K(227328K)->89344K(227328K)
[27.240s][info][gc,heap        ] GC(197) ParOldGen: 3947088K(4374016K)->3947088K(4374016K)
[27.240s][info][gc,metaspace   ] GC(197) Metaspace: 6301K(6464K)->6301K(6464K) NonClass: 5768K(5824K)->5768K(5824K) Class: 533K(640K)->533K(640K)
[27.240s][info][gc             ] GC(197) Pause Young (Allocation Failure) 3941M->3941M(4580M) 57.694ms
[27.240s][info][gc,cpu         ] GC(197) User=0.39s Sys=0.00s Real=0.06s
[27.338s][info][gc,start       ] GC(198) Pause Young (Allocation Failure)
[27.428s][info][gc,heap        ] GC(198) PSYoungGen: 178432K(316416K)->178656K(306688K) Eden: 89088K(89088K)->0K(84480K) From: 89344K(227328K)->178656K(222208K)
[27.428s][info][gc,heap        ] GC(198) ParOldGen: 3947088K(4374016K)->3947088K(4374016K)
[27.428s][info][gc,metaspace   ] GC(198) Metaspace: 6301K(6464K)->6301K(6464K) NonClass: 5768K(5824K)->5768K(5824K) Class: 533K(640K)->533K(640K)
[27.428s][info][gc             ] GC(198) Pause Young (Allocation Failure) 4028M->4029M(4571M) 90.542ms
[27.428s][info][gc,cpu         ] GC(198) User=0.73s Sys=0.02s Real=0.09s
[27.510s][info][gc,start       ] GC(199) Pause Young (Allocation Failure)
[27.639s][info][gc,heap        ] GC(199) PSYoungGen: 263136K(306688K)->234496K(318976K) Eden: 84480K(84480K)->0K(84480K) From: 178656K(222208K)->234496K(234496K)
[27.639s][info][gc,heap        ] GC(199) ParOldGen: 3947088K(4374016K)->3975952K(4374016K)
[27.639s][info][gc,metaspace   ] GC(199) Metaspace: 6301K(6464K)->6301K(6464K) NonClass: 5768K(5824K)->5768K(5824K) Class: 533K(640K)->533K(640K)
[27.639s][info][gc             ] GC(199) Pause Young (Allocation Failure) 4111M->4111M(4583M) 129.050ms
[27.639s][info][gc,cpu         ] GC(199) User=1.02s Sys=0.00s Real=0.13s
[27.730s][info][gc,start       ] GC(200) Pause Young (Allocation Failure)
[27.904s][info][gc,heap        ] GC(200) PSYoungGen: 318976K(318976K)->156480K(355328K) Eden: 84480K(84480K)->0K(93184K) From: 234496K(234496K)->156480K(262144K)
[27.904s][info][gc,heap        ] GC(200) ParOldGen: 3975952K(4374016K)->4139928K(4374016K)
[27.904s][info][gc,metaspace   ] GC(200) Metaspace: 6301K(6464K)->6301K(6464K) NonClass: 5768K(5824K)->5768K(5824K) Class: 533K(640K)->533K(640K)
[27.904s][info][gc             ] GC(200) Pause Young (Allocation Failure) 4194M->4195M(4618M) 173.863ms
[27.904s][info][gc,cpu         ] GC(200) User=1.17s Sys=0.08s Real=0.17s
[28.013s][info][gc,start       ] GC(201) Pause Young (Allocation Failure)
[28.139s][info][gc,heap        ] GC(201) PSYoungGen: 249664K(355328K)->249760K(361472K) Eden: 93184K(93184K)->0K(93184K) From: 156480K(262144K)->249760K(268288K)
[28.139s][info][gc,heap        ] GC(201) ParOldGen: 4139928K(4374016K)->4139928K(4374016K)
[28.139s][info][gc,metaspace   ] GC(201) Metaspace: 6301K(6464K)->6301K(6464K) NonClass: 5768K(5824K)->5768K(5824K) Class: 533K(640K)->533K(640K)
[28.139s][info][gc             ] GC(201) Pause Young (Allocation Failure) 4286M->4286M(4624M) 125.882ms
[28.139s][info][gc,cpu         ] GC(201) User=0.88s Sys=0.00s Real=0.13s
[28.235s][info][gc,start       ] GC(202) Pause Young (Allocation Failure)
[28.425s][info][gc,heap        ] GC(202) PSYoungGen: 342944K(361472K)->271488K(369664K) Eden: 93184K(93184K)->0K(73216K) From: 249760K(268288K)->271488K(296448K)
[28.425s][info][gc,heap        ] GC(202) ParOldGen: 4139928K(4374016K)->4212104K(4374016K)
[28.425s][info][gc,metaspace   ] GC(202) Metaspace: 6301K(6464K)->6301K(6464K) NonClass: 5768K(5824K)->5768K(5824K) Class: 533K(640K)->533K(640K)
[28.425s][info][gc             ] GC(202) Pause Young (Allocation Failure) 4377M->4378M(4632M) 190.718ms
[28.425s][info][gc,cpu         ] GC(202) User=1.31s Sys=0.08s Real=0.19s
[28.509s][info][gc,start       ] GC(203) Pause Young (Allocation Failure)
[28.705s][info][gc,heap        ] GC(203) PSYoungGen: 344704K(369664K)->260192K(399872K) Eden: 73216K(73216K)->0K(73216K) From: 271488K(296448K)->260192K(326656K)
[28.705s][info][gc,heap        ] GC(203) ParOldGen: 4212104K(4374016K)->4297352K(4374016K)
[28.705s][info][gc,metaspace   ] GC(203) Metaspace: 6301K(6464K)->6301K(6464K) NonClass: 5768K(5824K)->5768K(5824K) Class: 533K(640K)->533K(640K)
[28.705s][info][gc             ] GC(203) Pause Young (Allocation Failure) 4450M->4450M(4662M) 195.516ms
[28.705s][info][gc,cpu         ] GC(203) User=1.44s Sys=0.02s Real=0.20s
[28.705s][info][gc,start       ] GC(204) Pause Full (Ergonomics)
[28.705s][info][gc,phases,start] GC(204) Marking Phase
[29.742s][info][gc,phases      ] GC(204) Marking Phase 1037.108ms
[29.742s][info][gc,phases,start] GC(204) Summary Phase
[29.742s][info][gc,phases      ] GC(204) Summary Phase 0.059ms
[29.742s][info][gc,phases,start] GC(204) Adjust Roots
[29.742s][info][gc,phases      ] GC(204) Adjust Roots 0.161ms
[29.742s][info][gc,phases,start] GC(204) Compaction Phase
[30.183s][info][gc,phases      ] GC(204) Compaction Phase 440.942ms
[30.183s][info][gc,phases,start] GC(204) Post Compact
[30.191s][info][gc,phases      ] GC(204) Post Compact 7.141ms
[30.192s][info][gc,heap        ] GC(204) PSYoungGen: 260192K(399872K)->179754K(399872K) Eden: 0K(73216K)->0K(73216K) From: 260192K(326656K)->179754K(326656K)
[30.192s][info][gc,heap        ] GC(204) ParOldGen: 4297352K(4374016K)->4373837K(4851712K)
[30.192s][info][gc,metaspace   ] GC(204) Metaspace: 6301K(6464K)->6301K(6464K) NonClass: 5768K(5824K)->5768K(5824K) Class: 533K(640K)->533K(640K)
[30.192s][info][gc             ] GC(204) Pause Full (Ergonomics) 4450M->4446M(5128M) 1487.226ms
[30.192s][info][gc,cpu         ] GC(204) User=10.97s Sys=0.08s Real=1.49s
[30.279s][info][gc,start       ] GC(205) Pause Young (Allocation Failure)
[30.625s][info][gc,heap        ] GC(205) PSYoungGen: 252970K(399872K)->193600K(406528K) Eden: 73216K(73216K)->0K(80896K) From: 179754K(326656K)->193600K(325632K)
[30.625s][info][gc,heap        ] GC(205) ParOldGen: 4373837K(4851712K)->4434349K(4851712K)
[30.625s][info][gc,metaspace   ] GC(205) Metaspace: 6301K(6464K)->6301K(6464K) NonClass: 5768K(5824K)->5768K(5824K) Class: 533K(640K)->533K(640K)
[30.625s][info][gc             ] GC(205) Pause Young (Allocation Failure) 4518M->4519M(5135M) 345.968ms
[30.625s][info][gc,cpu         ] GC(205) User=2.38s Sys=0.06s Real=0.35s
[30.720s][info][gc,start       ] GC(206) Pause Young (Allocation Failure)
[30.888s][info][gc,heap        ] GC(206) PSYoungGen: 274496K(406528K)->274624K(417792K) Eden: 80896K(80896K)->0K(80896K) From: 193600K(325632K)->274624K(336896K)
[30.888s][info][gc,heap        ] GC(206) ParOldGen: 4434349K(4851712K)->4434349K(4851712K)
[30.888s][info][gc,metaspace   ] GC(206) Metaspace: 6301K(6464K)->6301K(6464K) NonClass: 5768K(5824K)->5768K(5824K) Class: 533K(640K)->533K(640K)
[30.888s][info][gc             ] GC(206) Pause Young (Allocation Failure) 4598M->4598M(5146M) 167.965ms
[30.888s][info][gc,cpu         ] GC(206) User=1.08s Sys=0.02s Real=0.17s
[30.984s][info][gc,start       ] GC(207) Pause Young (Allocation Failure)
[31.193s][info][gc,heap        ] GC(207) PSYoungGen: 355520K(417792K)->285152K(427520K) Eden: 80896K(80896K)->0K(69632K) From: 274624K(336896K)->285152K(357888K)
[31.193s][info][gc,heap        ] GC(207) ParOldGen: 4434349K(4851712K)->4505381K(4851712K)
[31.193s][info][gc,metaspace   ] GC(207) Metaspace: 6301K(6464K)->6301K(6464K) NonClass: 5768K(5824K)->5768K(5824K) Class: 533K(640K)->533K(640K)
[31.193s][info][gc             ] GC(207) Pause Young (Allocation Failure) 4677M->4678M(5155M) 209.052ms
[31.193s][info][gc,cpu         ] GC(207) User=1.47s Sys=0.03s Real=0.21s
[31.270s][info][gc,start       ] GC(208) Pause Young (Allocation Failure)
[31.478s][info][gc,heap        ] GC(208) PSYoungGen: 354784K(427520K)->305312K(447488K) Eden: 69632K(69632K)->0K(69632K) From: 285152K(357888K)->305312K(377856K)
[31.478s][info][gc,heap        ] GC(208) ParOldGen: 4505381K(4851712K)->4555349K(4851712K)
[31.478s][info][gc,metaspace   ] GC(208) Metaspace: 6301K(6464K)->6301K(6464K) NonClass: 5768K(5824K)->5768K(5824K) Class: 533K(640K)->533K(640K)
[31.478s][info][gc             ] GC(208) Pause Young (Allocation Failure) 4746M->4746M(5175M) 207.776ms
[31.478s][info][gc,cpu         ] GC(208) User=1.47s Sys=0.02s Real=0.21s
[31.549s][info][gc,start       ] GC(209) Pause Young (Allocation Failure)
[31.770s][info][gc,heap        ] GC(209) PSYoungGen: 374944K(447488K)->220672K(453120K) Eden: 69632K(69632K)->0K(79360K) From: 305312K(377856K)->220672K(373760K)
[31.770s][info][gc,heap        ] GC(209) ParOldGen: 4555349K(4851712K)->4710837K(4851712K)
[31.771s][info][gc,metaspace   ] GC(209) Metaspace: 6301K(6464K)->6301K(6464K) NonClass: 5768K(5824K)->5768K(5824K) Class: 533K(640K)->533K(640K)
[31.771s][info][gc             ] GC(209) Pause Young (Allocation Failure) 4814M->4815M(5180M) 221.956ms
[31.771s][info][gc,cpu         ] GC(209) User=1.53s Sys=0.05s Real=0.22s
[31.771s][info][gc,start       ] GC(210) Pause Full (Ergonomics)
[31.771s][info][gc,phases,start] GC(210) Marking Phase
[32.896s][info][gc,phases      ] GC(210) Marking Phase 1125.589ms
[32.896s][info][gc,phases,start] GC(210) Summary Phase
[32.896s][info][gc,phases      ] GC(210) Summary Phase 0.066ms
[32.896s][info][gc,phases,start] GC(210) Adjust Roots
[32.897s][info][gc,phases      ] GC(210) Adjust Roots 0.199ms
[32.897s][info][gc,phases,start] GC(210) Compaction Phase
[33.325s][info][gc,phases      ] GC(210) Compaction Phase 428.515ms
[33.325s][info][gc,phases,start] GC(210) Post Compact
[33.334s][info][gc,phases      ] GC(210) Post Compact 8.382ms
[33.335s][info][gc,heap        ] GC(210) PSYoungGen: 220672K(453120K)->76467K(463360K) Eden: 0K(79360K)->0K(89600K) From: 220672K(373760K)->76467K(373760K)
[33.335s][info][gc,heap        ] GC(210) ParOldGen: 4710837K(4851712K)->4851232K(5374976K)
[33.335s][info][gc,metaspace   ] GC(210) Metaspace: 6301K(6464K)->6301K(6464K) NonClass: 5768K(5824K)->5768K(5824K) Class: 533K(640K)->533K(640K)
[33.336s][info][gc             ] GC(210) Pause Full (Ergonomics) 4815M->4812M(5701M) 1564.911ms
[33.336s][info][gc,cpu         ] GC(210) User=11.97s Sys=0.06s Real=1.57s
[33.435s][info][gc,start       ] GC(211) Pause Young (Allocation Failure)
[33.755s][info][gc,heap        ] GC(211) PSYoungGen: 166067K(463360K)->118304K(476160K) Eden: 89600K(89600K)->0K(89600K) From: 76467K(373760K)->118304K(386560K)
[33.755s][info][gc,heap        ] GC(211) ParOldGen: 4851232K(5374976K)->4899888K(5374976K)
[33.755s][info][gc,metaspace   ] GC(211) Metaspace: 6301K(6464K)->6301K(6464K) NonClass: 5768K(5824K)->5768K(5824K) Class: 533K(640K)->533K(640K)
[33.755s][info][gc             ] GC(211) Pause Young (Allocation Failure) 4899M->4900M(5714M) 320.017ms
[33.755s][info][gc,cpu         ] GC(211) User=1.92s Sys=0.02s Real=0.32s
[33.856s][info][gc,start       ] GC(212) Pause Young (Allocation Failure)
[33.980s][info][gc,heap        ] GC(212) PSYoungGen: 207904K(476160K)->179648K(452608K) Eden: 89600K(89600K)->0K(99328K) From: 118304K(386560K)->179648K(353280K)
[33.980s][info][gc,heap        ] GC(212) ParOldGen: 4899888K(5374976K)->4928504K(5374976K)
[33.980s][info][gc,metaspace   ] GC(212) Metaspace: 6301K(6464K)->6301K(6464K) NonClass: 5768K(5824K)->5768K(5824K) Class: 533K(640K)->533K(640K)
[33.980s][info][gc             ] GC(212) Pause Young (Allocation Failure) 4988M->4988M(5691M) 123.875ms
[33.980s][info][gc,cpu         ] GC(212) User=0.86s Sys=0.02s Real=0.12s
[34.091s][info][gc,start       ] GC(213) Pause Young (Allocation Failure)
[34.250s][info][gc,heap        ] GC(213) PSYoungGen: 278976K(452608K)->189376K(288768K) Eden: 99328K(99328K)->0K(99328K) From: 179648K(353280K)->189376K(189440K)
[34.250s][info][gc,heap        ] GC(213) ParOldGen: 4928504K(5374976K)->5018936K(5374976K)
[34.250s][info][gc,metaspace   ] GC(213) Metaspace: 6301K(6464K)->6301K(6464K) NonClass: 5768K(5824K)->5768K(5824K) Class: 533K(640K)->533K(640K)
[34.250s][info][gc             ] GC(213) Pause Young (Allocation Failure) 5085M->5086M(5531M) 158.708ms
[34.250s][info][gc,cpu         ] GC(213) User=1.09s Sys=0.03s Real=0.16s
[34.360s][info][gc,start       ] GC(214) Pause Young (Allocation Failure)
[34.529s][info][gc,heap        ] GC(214) PSYoungGen: 288704K(288768K)->199168K(434176K) Eden: 99328K(99328K)->0K(110592K) From: 189376K(189440K)->199168K(323584K)
[34.529s][info][gc,heap        ] GC(214) ParOldGen: 5018936K(5374976K)->5109336K(5374976K)
[34.529s][info][gc,metaspace   ] GC(214) Metaspace: 6301K(6464K)->6301K(6464K) NonClass: 5768K(5824K)->5768K(5824K) Class: 533K(640K)->533K(640K)
[34.529s][info][gc             ] GC(214) Pause Young (Allocation Failure) 5183M->5184M(5673M) 168.822ms
[34.529s][info][gc,cpu         ] GC(214) User=1.06s Sys=0.06s Real=0.17s
[34.649s][info][gc,start       ] GC(215) Pause Young (Allocation Failure)
[34.827s][info][gc,heap        ] GC(215) PSYoungGen: 309760K(434176K)->210464K(448512K) Eden: 110592K(110592K)->0K(110592K) From: 199168K(323584K)->210464K(337920K)
[34.828s][info][gc,heap        ] GC(215) ParOldGen: 5109336K(5374976K)->5209560K(5374976K)
[34.828s][info][gc,metaspace   ] GC(215) Metaspace: 6301K(6464K)->6301K(6464K) NonClass: 5768K(5824K)->5768K(5824K) Class: 533K(640K)->533K(640K)
[34.828s][info][gc             ] GC(215) Pause Young (Allocation Failure) 5292M->5292M(5687M) 178.126ms
[34.828s][info][gc,cpu         ] GC(215) User=1.25s Sys=0.00s Real=0.18s
[34.953s][info][gc,start       ] GC(216) Pause Young (Allocation Failure)
[35.144s][info][gc,heap        ] GC(216) PSYoungGen: 321056K(448512K)->221696K(445440K) Eden: 110592K(110592K)->0K(123904K) From: 210464K(337920K)->221696K(321536K)
[35.144s][info][gc,heap        ] GC(216) ParOldGen: 5209560K(5374976K)->5309800K(5374976K)
[35.144s][info][gc,metaspace   ] GC(216) Metaspace: 6301K(6464K)->6301K(6464K) NonClass: 5768K(5824K)->5768K(5824K) Class: 533K(640K)->533K(640K)
[35.144s][info][gc             ] GC(216) Pause Young (Allocation Failure) 5400M->5401M(5684M) 191.398ms
[35.145s][info][gc,cpu         ] GC(216) User=1.31s Sys=0.08s Real=0.19s
[35.145s][info][gc,start       ] GC(217) Pause Full (Ergonomics)
[35.145s][info][gc,phases,start] GC(217) Marking Phase
[36.401s][info][gc,phases      ] GC(217) Marking Phase 1256.915ms
[36.402s][info][gc,phases,start] GC(217) Summary Phase
[36.402s][info][gc,phases      ] GC(217) Summary Phase 0.066ms
[36.402s][info][gc,phases,start] GC(217) Adjust Roots
[36.402s][info][gc,phases      ] GC(217) Adjust Roots 0.168ms
[36.402s][info][gc,phases,start] GC(217) Compaction Phase
[36.930s][info][gc,phases      ] GC(217) Compaction Phase 528.517ms
[36.930s][info][gc,phases,start] GC(217) Post Compact
[36.939s][info][gc,phases      ] GC(217) Post Compact 8.688ms
[36.941s][info][gc,heap        ] GC(217) PSYoungGen: 221696K(445440K)->151601K(449024K) Eden: 0K(123904K)->0K(127488K) From: 221696K(321536K)->151601K(321536K)
[36.941s][info][gc,heap        ] GC(217) ParOldGen: 5309800K(5374976K)->5374942K(5941248K)
[36.941s][info][gc,metaspace   ] GC(217) Metaspace: 6301K(6464K)->6301K(6464K) NonClass: 5768K(5824K)->5768K(5824K) Class: 533K(640K)->533K(640K)
[36.941s][info][gc             ] GC(217) Pause Full (Ergonomics) 5401M->5397M(6240M) 1796.500ms
[36.941s][info][gc,cpu         ] GC(217) User=13.17s Sys=0.00s Real=1.80s
[37.083s][info][gc,start       ] GC(218) Pause Young (Allocation Failure)
[37.526s][info][gc,heap        ] GC(218) PSYoungGen: 279089K(449024K)->201760K(452608K) Eden: 127488K(127488K)->0K(127488K) From: 151601K(321536K)->201760K(325120K)
[37.526s][info][gc,heap        ] GC(218) ParOldGen: 5374942K(5941248K)->5453510K(5941248K)
[37.526s][info][gc,metaspace   ] GC(218) Metaspace: 6301K(6464K)->6301K(6464K) NonClass: 5768K(5824K)->5768K(5824K) Class: 533K(640K)->533K(640K)
[37.526s][info][gc             ] GC(218) Pause Young (Allocation Failure) 5521M->5522M(6244M) 443.661ms
[37.526s][info][gc,cpu         ] GC(218) User=2.64s Sys=0.05s Real=0.44s
[38.769s][info][gc,start       ] GC(219) Pause Young (Allocation Failure)
[39.051s][info][gc,heap        ] GC(219) PSYoungGen: 329248K(452608K)->255648K(443904K) Eden: 127488K(127488K)->0K(130560K) From: 201760K(325120K)->255648K(313344K)
[39.051s][info][gc,heap        ] GC(219) ParOldGen: 5715654K(5941248K)->5790150K(5941248K)
[39.051s][info][gc,metaspace   ] GC(219) Metaspace: 6301K(6464K)->6301K(6464K) NonClass: 5768K(5824K)->5768K(5824K) Class: 533K(640K)->533K(640K)
[39.051s][info][gc             ] GC(219) Pause Young (Allocation Failure) 5903M->5904M(6235M) 281.160ms
[39.051s][info][gc,cpu         ] GC(219) User=2.20s Sys=0.05s Real=0.28s
[39.188s][info][gc,start       ] GC(220) Pause Young (Allocation Failure)
[39.374s][info][gc,heap        ] GC(220) PSYoungGen: 386208K(443904K)->322560K(453120K) Eden: 130560K(130560K)->0K(130560K) From: 255648K(313344K)->322560K(322560K)
[39.374s][info][gc,heap        ] GC(220) ParOldGen: 5790150K(5941248K)->5854342K(5941248K)
[39.374s][info][gc,metaspace   ] GC(220) Metaspace: 6301K(6464K)->6301K(6464K) NonClass: 5768K(5824K)->5768K(5824K) Class: 533K(640K)->533K(640K)
[39.374s][info][gc             ] GC(220) Pause Young (Allocation Failure) 6031M->6032M(6244M) 185.463ms
[39.374s][info][gc,cpu         ] GC(220) User=1.36s Sys=0.03s Real=0.19s
[39.374s][info][gc,start       ] GC(221) Pause Full (Ergonomics)
[39.374s][info][gc,phases,start] GC(221) Marking Phase
[40.717s][info][gc,phases      ] GC(221) Marking Phase 1342.723ms
[40.717s][info][gc,phases,start] GC(221) Summary Phase
[40.717s][info][gc,phases      ] GC(221) Summary Phase 0.085ms
[40.717s][info][gc,phases,start] GC(221) Adjust Roots
[40.717s][info][gc,phases      ] GC(221) Adjust Roots 0.205ms
[40.717s][info][gc,phases,start] GC(221) Compaction Phase
[41.699s][info][gc,phases      ] GC(221) Compaction Phase 981.827ms
[41.699s][info][gc,phases,start] GC(221) Post Compact
[41.711s][info][gc,phases      ] GC(221) Post Compact 12.216ms
[41.713s][info][gc,heap        ] GC(221) PSYoungGen: 322560K(453120K)->102152K(453120K) Eden: 0K(130560K)->0K(130560K) From: 322560K(322560K)->102152K(322560K)
[41.713s][info][gc,heap        ] GC(221) ParOldGen: 5854342K(5941248K)->5940908K(6532608K)
[41.713s][info][gc,metaspace   ] GC(221) Metaspace: 6301K(6464K)->6301K(6464K) NonClass: 5768K(5824K)->5768K(5824K) Class: 533K(640K)->533K(640K)
[41.713s][info][gc             ] GC(221) Pause Full (Ergonomics) 6032M->5901M(6822M) 2339.374ms
[41.713s][info][gc,cpu         ] GC(221) User=15.44s Sys=0.17s Real=2.34s
[41.854s][info][gc,start       ] GC(222) Pause Young (Allocation Failure)
[42.291s][info][gc,heap        ] GC(222) PSYoungGen: 232712K(453120K)->158080K(510464K) Eden: 130560K(130560K)->0K(141824K) From: 102152K(322560K)->158080K(368640K)
[42.291s][info][gc,heap        ] GC(222) ParOldGen: 5940908K(6532608K)->6016676K(6532608K)
[42.291s][info][gc,metaspace   ] GC(222) Metaspace: 6301K(6464K)->6301K(6464K) NonClass: 5768K(5824K)->5768K(5824K) Class: 533K(640K)->533K(640K)
[42.291s][info][gc             ] GC(222) Pause Young (Allocation Failure) 6028M->6030M(6878M) 437.473ms
[42.291s][info][gc,cpu         ] GC(222) User=2.20s Sys=0.09s Real=0.44s
[42.455s][info][gc,start       ] GC(223) Pause Young (Allocation Failure)
[42.636s][info][gc,heap        ] GC(223) PSYoungGen: 299904K(510464K)->300192K(515584K) Eden: 141824K(141824K)->0K(141824K) From: 158080K(368640K)->300192K(373760K)
[42.636s][info][gc,heap        ] GC(223) ParOldGen: 6016676K(6532608K)->6016676K(6532608K)
[42.636s][info][gc,metaspace   ] GC(223) Metaspace: 6301K(6464K)->6301K(6464K) NonClass: 5768K(5824K)->5768K(5824K) Class: 533K(640K)->533K(640K)
[42.636s][info][gc             ] GC(223) Pause Young (Allocation Failure) 6168M->6168M(6883M) 180.355ms
[42.636s][info][gc,cpu         ] GC(223) User=0.61s Sys=0.00s Real=0.18s
[42.789s][info][gc,start       ] GC(224) Pause Young (Allocation Failure)
[43.059s][info][gc,heap        ] GC(224) PSYoungGen: 442016K(515584K)->388608K(479232K) Eden: 141824K(141824K)->0K(90624K) From: 300192K(373760K)->388608K(388608K)
[43.059s][info][gc,heap        ] GC(224) ParOldGen: 6016676K(6532608K)->6070652K(6532608K)
[43.059s][info][gc,metaspace   ] GC(224) Metaspace: 6301K(6464K)->6301K(6464K) NonClass: 5768K(5824K)->5768K(5824K) Class: 533K(640K)->533K(640K)
[43.059s][info][gc             ] GC(224) Pause Young (Allocation Failure) 6307M->6307M(6847M) 270.327ms
[43.059s][info][gc,cpu         ] GC(224) User=1.23s Sys=0.17s Real=0.27s
[43.165s][info][gc,start       ] GC(225) Pause Young (Allocation Failure)
[43.408s][info][gc,heap        ] GC(225) PSYoungGen: 479232K(479232K)->349504K(543232K) Eden: 90624K(90624K)->0K(90624K) From: 388608K(388608K)->349504K(452608K)
[43.408s][info][gc,heap        ] GC(225) ParOldGen: 6070652K(6532608K)->6201652K(6532608K)
[43.408s][info][gc,metaspace   ] GC(225) Metaspace: 6301K(6464K)->6301K(6464K) NonClass: 5768K(5824K)->5768K(5824K) Class: 533K(640K)->533K(640K)
[43.408s][info][gc             ] GC(225) Pause Young (Allocation Failure) 6396M->6397M(6910M) 243.275ms
[43.408s][info][gc,cpu         ] GC(225) User=1.41s Sys=0.09s Real=0.24s
[43.499s][info][gc,start       ] GC(226) Pause Young (Allocation Failure)
[43.725s][info][gc,heap        ] GC(226) PSYoungGen: 440128K(543232K)->313536K(570880K) Eden: 90624K(90624K)->0K(100864K) From: 349504K(452608K)->313536K(470016K)
[43.725s][info][gc,heap        ] GC(226) ParOldGen: 6201652K(6532608K)->6329300K(6532608K)
[43.725s][info][gc,metaspace   ] GC(226) Metaspace: 6301K(6464K)->6301K(6464K) NonClass: 5768K(5824K)->5768K(5824K) Class: 533K(640K)->533K(640K)
[43.725s][info][gc             ] GC(226) Pause Young (Allocation Failure) 6486M->6487M(6937M) 225.564ms
[43.725s][info][gc,cpu         ] GC(226) User=1.23s Sys=0.06s Real=0.22s
[43.845s][info][gc,start       ] GC(227) Pause Young (Allocation Failure)
[44.061s][info][gc,heap        ] GC(227) PSYoungGen: 414400K(570880K)->191936K(570368K) Eden: 100864K(100864K)->0K(100864K) From: 313536K(470016K)->191936K(469504K)
[44.061s][info][gc,heap        ] GC(227) ParOldGen: 6329300K(6532608K)->6553428K(6553600K)
[44.061s][info][gc,metaspace   ] GC(227) Metaspace: 6301K(6464K)->6301K(6464K) NonClass: 5768K(5824K)->5768K(5824K) Class: 533K(640K)->533K(640K)
[44.061s][info][gc             ] GC(227) Pause Young (Allocation Failure) 6585M->6587M(6957M) 216.389ms
[44.062s][info][gc,cpu         ] GC(227) User=0.81s Sys=0.09s Real=0.22s
[44.062s][info][gc,start       ] GC(228) Pause Full (Ergonomics)
[44.062s][info][gc,phases,start] GC(228) Marking Phase
[45.610s][info][gc,phases      ] GC(228) Marking Phase 1548.586ms
[45.610s][info][gc,phases,start] GC(228) Summary Phase
[45.610s][info][gc,phases      ] GC(228) Summary Phase 0.079ms
[45.610s][info][gc,phases,start] GC(228) Adjust Roots
[45.611s][info][gc,phases      ] GC(228) Adjust Roots 0.227ms
[45.611s][info][gc,phases,start] GC(228) Compaction Phase
[46.389s][info][gc,phases      ] GC(228) Compaction Phase 778.571ms
[46.389s][info][gc,phases,start] GC(228) Post Compact
[46.399s][info][gc,phases      ] GC(228) Post Compact 9.927ms
[46.401s][info][gc,heap        ] GC(228) PSYoungGen: 191936K(570368K)->185801K(570368K) Eden: 0K(100864K)->0K(100864K) From: 191936K(469504K)->185801K(469504K)
[46.401s][info][gc,heap        ] GC(228) ParOldGen: 6553428K(6553600K)->6553390K(7255040K)
[46.401s][info][gc,metaspace   ] GC(228) Metaspace: 6301K(6464K)->6301K(6464K) NonClass: 5768K(5824K)->5768K(5824K) Class: 533K(640K)->533K(640K)
[46.402s][info][gc             ] GC(228) Pause Full (Ergonomics) 6587M->6581M(7642M) 2339.942ms
[46.402s][info][gc,cpu         ] GC(228) User=15.67s Sys=0.05s Real=2.34s
[46.505s][info][gc,start       ] GC(229) Pause Young (Allocation Failure)
[46.928s][info][gc,heap        ] GC(229) PSYoungGen: 286665K(570368K)->101184K(568832K) Eden: 100864K(100864K)->0K(107520K) From: 185801K(469504K)->101184K(461312K)
[46.928s][info][gc,heap        ] GC(229) ParOldGen: 6553390K(7255040K)->6740894K(7255040K)
[46.928s][info][gc,metaspace   ] GC(229) Metaspace: 6301K(6464K)->6301K(6464K) NonClass: 5768K(5824K)->5768K(5824K) Class: 533K(640K)->533K(640K)
[46.928s][info][gc             ] GC(229) Pause Young (Allocation Failure) 6679M->6681M(7640M) 423.662ms
[46.928s][info][gc,cpu         ] GC(229) User=2.52s Sys=0.12s Real=0.42s
[47.047s][info][gc,start       ] GC(230) Pause Young (Allocation Failure)
[47.190s][info][gc,heap        ] GC(230) PSYoungGen: 208704K(568832K)->107808K(574464K) Eden: 107520K(107520K)->0K(107520K) From: 101184K(461312K)->107808K(466944K)
[47.190s][info][gc,heap        ] GC(230) ParOldGen: 6740894K(7255040K)->6842662K(7255040K)
[47.190s][info][gc,metaspace   ] GC(230) Metaspace: 6301K(6464K)->6301K(6464K) NonClass: 5768K(5824K)->5768K(5824K) Class: 533K(640K)->533K(640K)
[47.190s][info][gc             ] GC(230) Pause Young (Allocation Failure) 6786M->6787M(7646M) 142.827ms
[47.190s][info][gc,cpu         ] GC(230) User=0.58s Sys=0.03s Real=0.14s
[47.302s][info][gc,start       ] GC(231) Pause Young (Allocation Failure)
[47.436s][info][gc,heap        ] GC(231) PSYoungGen: 215328K(574464K)->107872K(579072K) Eden: 107520K(107520K)->0K(118784K) From: 107808K(466944K)->107872K(460288K)
[47.436s][info][gc,heap        ] GC(231) ParOldGen: 6842662K(7255040K)->6951150K(7255040K)
[47.436s][info][gc,metaspace   ] GC(231) Metaspace: 6301K(6464K)->6301K(6464K) NonClass: 5768K(5824K)->5768K(5824K) Class: 533K(640K)->533K(640K)
[47.437s][info][gc             ] GC(231) Pause Young (Allocation Failure) 6892M->6893M(7650M) 134.489ms
[47.437s][info][gc,cpu         ] GC(231) User=0.58s Sys=0.02s Real=0.13s
[47.554s][info][gc,start       ] GC(232) Pause Young (Allocation Failure)
[47.700s][info][gc,heap        ] GC(232) PSYoungGen: 226656K(579072K)->119168K(582144K) Eden: 118784K(118784K)->0K(118784K) From: 107872K(460288K)->119168K(463360K)
[47.700s][info][gc,heap        ] GC(232) ParOldGen: 6951150K(7255040K)->7059646K(7255040K)
[47.700s][info][gc,metaspace   ] GC(232) Metaspace: 6301K(6464K)->6301K(6464K) NonClass: 5768K(5824K)->5768K(5824K) Class: 533K(640K)->533K(640K)
[47.700s][info][gc             ] GC(232) Pause Young (Allocation Failure) 7009M->7010M(7653M) 145.964ms
[47.700s][info][gc,cpu         ] GC(232) User=0.69s Sys=0.02s Real=0.15s
[47.700s][info][gc,start       ] GC(233) Pause Full (Ergonomics)
[47.700s][info][gc,phases,start] GC(233) Marking Phase
[49.381s][info][gc,phases      ] GC(233) Marking Phase 1680.641ms
[49.381s][info][gc,phases,start] GC(233) Summary Phase
[49.381s][info][gc,phases      ] GC(233) Summary Phase 0.166ms
[49.381s][info][gc,phases,start] GC(233) Adjust Roots
[49.381s][info][gc,phases      ] GC(233) Adjust Roots 0.291ms
[49.381s][info][gc,phases,start] GC(233) Compaction Phase
[50.146s][info][gc,phases      ] GC(233) Compaction Phase 764.543ms
[50.146s][info][gc,phases,start] GC(233) Post Compact
[50.161s][info][gc,phases      ] GC(233) Post Compact 15.005ms
[50.164s][info][gc,heap        ] GC(233) PSYoungGen: 119168K(582144K)->0K(586240K) Eden: 0K(118784K)->0K(131584K) From: 119168K(463360K)->0K(454656K)
[50.164s][info][gc,heap        ] GC(233) ParOldGen: 7059646K(7255040K)->7173757K(7926272K)
[50.164s][info][gc,metaspace   ] GC(233) Metaspace: 6301K(6464K)->6301K(6464K) NonClass: 5768K(5824K)->5768K(5824K) Class: 533K(640K)->533K(640K)
[50.164s][info][gc             ] GC(233) Pause Full (Ergonomics) 7010M->7005M(8313M) 2463.556ms
[50.164s][info][gc,cpu         ] GC(233) User=16.39s Sys=0.12s Real=2.46s
[50.297s][info][gc,start       ] GC(234) Pause Young (Allocation Failure)
[50.408s][info][gc,heap        ] GC(234) PSYoungGen: 131584K(586240K)->132000K(263680K) Eden: 131584K(131584K)->0K(131584K) From: 0K(454656K)->132000K(132096K)
[50.409s][info][gc,heap        ] GC(234) ParOldGen: 7173757K(7926272K)->7173757K(7926272K)
[50.409s][info][gc,metaspace   ] GC(234) Metaspace: 6301K(6464K)->6301K(6464K) NonClass: 5768K(5824K)->5768K(5824K) Class: 533K(640K)->533K(640K)
[50.409s][info][gc             ] GC(234) Pause Young (Allocation Failure) 7134M->7134M(7998M) 111.488ms
[50.409s][info][gc,cpu         ] GC(234) User=0.31s Sys=0.00s Real=0.11s
[50.559s][info][gc,start       ] GC(235) Pause Young (Allocation Failure)
[50.704s][info][gc,heap        ] GC(235) PSYoungGen: 263584K(263680K)->263808K(585216K) Eden: 131584K(131584K)->0K(142848K) From: 132000K(132096K)->263808K(442368K)
[50.704s][info][gc,heap        ] GC(235) ParOldGen: 7173757K(7926272K)->7173757K(7926272K)
[50.704s][info][gc,metaspace   ] GC(235) Metaspace: 6301K(6464K)->6301K(6464K) NonClass: 5768K(5824K)->5768K(5824K) Class: 533K(640K)->533K(640K)
[50.704s][info][gc             ] GC(235) Pause Young (Allocation Failure) 7263M->7263M(8312M) 145.266ms
[50.704s][info][gc,cpu         ] GC(235) User=0.69s Sys=0.02s Real=0.14s
[50.846s][info][gc,start       ] GC(236) Pause Young (Allocation Failure)
[51.055s][info][gc,heap        ] GC(236) PSYoungGen: 406656K(585216K)->406976K(585216K) Eden: 142848K(142848K)->0K(142848K) From: 263808K(442368K)->406976K(442368K)
[51.055s][info][gc,heap        ] GC(236) ParOldGen: 7173757K(7926272K)->7173757K(7926272K)
[51.055s][info][gc,metaspace   ] GC(236) Metaspace: 6301K(6464K)->6301K(6464K) NonClass: 5768K(5824K)->5768K(5824K) Class: 533K(640K)->533K(640K)
[51.055s][info][gc             ] GC(236) Pause Young (Allocation Failure) 7402M->7403M(8312M) 209.082ms
[51.055s][info][gc,cpu         ] GC(236) User=1.23s Sys=0.02s Real=0.21s
[51.203s][info][gc,start       ] GC(237) Pause Young (Allocation Failure)
[51.497s][info][gc,heap        ] GC(237) PSYoungGen: 549824K(585216K)->493568K(557056K) Eden: 142848K(142848K)->0K(63488K) From: 406976K(442368K)->493568K(493568K)
[51.497s][info][gc,heap        ] GC(237) ParOldGen: 7173757K(7926272K)->7230573K(7926272K)
[51.497s][info][gc,metaspace   ] GC(237) Metaspace: 6301K(6464K)->6301K(6464K) NonClass: 5768K(5824K)->5768K(5824K) Class: 533K(640K)->533K(640K)
[51.497s][info][gc             ] GC(237) Pause Young (Allocation Failure) 7542M->7543M(8284M) 293.951ms
[51.497s][info][gc,cpu         ] GC(237) User=1.95s Sys=0.17s Real=0.29s
[51.570s][info][gc,start       ] GC(238) Pause Young (Allocation Failure)
[51.864s][info][gc,heap        ] GC(238) PSYoungGen: 557056K(557056K)->317664K(381440K) Eden: 63488K(63488K)->0K(63488K) From: 493568K(493568K)->317664K(317952K)
[51.864s][info][gc,heap        ] GC(238) ParOldGen: 7230573K(7926272K)->7471805K(7926272K)
[51.864s][info][gc,metaspace   ] GC(238) Metaspace: 6301K(6464K)->6301K(6464K) NonClass: 5768K(5824K)->5768K(5824K) Class: 533K(640K)->533K(640K)
[51.864s][info][gc             ] GC(238) Pause Young (Allocation Failure) 7605M->7606M(8113M) 293.924ms
[51.864s][info][gc,cpu         ] GC(238) User=2.09s Sys=0.11s Real=0.29s
[51.935s][info][gc,start       ] GC(239) Pause Young (Allocation Failure)
[52.117s][info][gc,heap        ] GC(239) PSYoungGen: 381152K(381440K)->256800K(588800K) Eden: 63488K(63488K)->0K(71680K) From: 317664K(317952K)->256800K(517120K)
[52.117s][info][gc,heap        ] GC(239) ParOldGen: 7471805K(7926272K)->7597181K(7926272K)
[52.117s][info][gc,metaspace   ] GC(239) Metaspace: 6301K(6464K)->6301K(6464K) NonClass: 5768K(5824K)->5768K(5824K) Class: 533K(640K)->533K(640K)
[52.117s][info][gc             ] GC(239) Pause Young (Allocation Failure) 7668M->7669M(8315M) 181.713ms
[52.117s][info][gc,cpu         ] GC(239) User=1.31s Sys=0.06s Real=0.18s
[52.197s][info][gc,start       ] GC(240) Pause Young (Allocation Failure)
[52.365s][info][gc,heap        ] GC(240) PSYoungGen: 328480K(588800K)->135552K(617984K) Eden: 71680K(71680K)->0K(71680K) From: 256800K(517120K)->135552K(546304K)
[52.365s][info][gc,heap        ] GC(240) ParOldGen: 7597181K(7926272K)->7791621K(7926272K)
[52.365s][info][gc,metaspace   ] GC(240) Metaspace: 6301K(6464K)->6301K(6464K) NonClass: 5768K(5824K)->5768K(5824K) Class: 533K(640K)->533K(640K)
[52.365s][info][gc             ] GC(240) Pause Young (Allocation Failure) 7739M->7741M(8344M) 167.637ms
[52.365s][info][gc,cpu         ] GC(240) User=1.28s Sys=0.08s Real=0.17s
[52.365s][info][gc,start       ] GC(241) Pause Full (Ergonomics)
[52.365s][info][gc,phases,start] GC(241) Marking Phase
[54.207s][info][gc,phases      ] GC(241) Marking Phase 1842.470ms
[54.207s][info][gc,phases,start] GC(241) Summary Phase
[54.207s][info][gc,phases      ] GC(241) Summary Phase 0.126ms
[54.207s][info][gc,phases,start] GC(241) Adjust Roots
[54.208s][info][gc,phases      ] GC(241) Adjust Roots 0.172ms
[54.208s][info][gc,phases,start] GC(241) Compaction Phase
[54.979s][info][gc,phases      ] GC(241) Compaction Phase 771.165ms
[54.979s][info][gc,phases,start] GC(241) Post Compact
[54.995s][info][gc,phases      ] GC(241) Post Compact 16.178ms
[54.998s][info][gc,heap        ] GC(241) PSYoungGen: 135552K(617984K)->0K(620544K) Eden: 0K(71680K)->0K(80896K) From: 135552K(546304K)->0K(539648K)
[54.998s][info][gc,heap        ] GC(241) ParOldGen: 7791621K(7926272K)->7921058K(8778752K)
[54.998s][info][gc,metaspace   ] GC(241) Metaspace: 6301K(6464K)->6301K(6464K) NonClass: 5768K(5824K)->5768K(5824K) Class: 533K(640K)->533K(640K)
[54.998s][info][gc             ] GC(241) Pause Full (Ergonomics) 7741M->7735M(9179M) 2633.125ms
[54.998s][info][gc,cpu         ] GC(241) User=18.88s Sys=0.06s Real=2.63s
[55.082s][info][gc,start       ] GC(242) Pause Young (Allocation Failure)
[55.168s][info][gc,heap        ] GC(242) PSYoungGen: 80896K(620544K)->81184K(620544K) Eden: 80896K(80896K)->0K(80896K) From: 0K(539648K)->81184K(539648K)
[55.168s][info][gc,heap        ] GC(242) ParOldGen: 7921058K(8778752K)->7921058K(8778752K)
[55.168s][info][gc,metaspace   ] GC(242) Metaspace: 6301K(6464K)->6301K(6464K) NonClass: 5768K(5824K)->5768K(5824K) Class: 533K(640K)->533K(640K)
[55.168s][info][gc             ] GC(242) Pause Young (Allocation Failure) 7814M->7814M(9179M) 86.531ms
[55.168s][info][gc,cpu         ] GC(242) User=0.20s Sys=0.00s Real=0.09s
[55.253s][info][gc,start       ] GC(243) Pause Young (Allocation Failure)
[55.370s][info][gc,heap        ] GC(243) PSYoungGen: 162080K(620544K)->162208K(592384K) Eden: 80896K(80896K)->0K(89600K) From: 81184K(539648K)->162208K(502784K)
[55.370s][info][gc,heap        ] GC(243) ParOldGen: 7921058K(8778752K)->7921058K(8778752K)
[55.370s][info][gc,metaspace   ] GC(243) Metaspace: 6301K(6464K)->6301K(6464K) NonClass: 5768K(5824K)->5768K(5824K) Class: 533K(640K)->533K(640K)
[55.371s][info][gc             ] GC(243) Pause Young (Allocation Failure) 7893M->7893M(9151M) 117.398ms
[55.371s][info][gc,cpu         ] GC(243) User=0.44s Sys=0.00s Real=0.12s
[55.465s][info][gc,start       ] GC(244) Pause Young (Allocation Failure)
[55.606s][info][gc,heap        ] GC(244) PSYoungGen: 251808K(592384K)->170912K(260608K) Eden: 89600K(89600K)->0K(89600K) From: 162208K(502784K)->170912K(171008K)
[55.606s][info][gc,heap        ] GC(244) ParOldGen: 7921058K(8778752K)->8002690K(8778752K)
[55.606s][info][gc,metaspace   ] GC(244) Metaspace: 6301K(6464K)->6301K(6464K) NonClass: 5768K(5824K)->5768K(5824K) Class: 533K(640K)->533K(640K)
[55.606s][info][gc             ] GC(244) Pause Young (Allocation Failure) 7981M->7982M(8827M) 140.548ms
[55.606s][info][gc,cpu         ] GC(244) User=0.56s Sys=0.05s Real=0.14s
[55.695s][info][gc,start       ] GC(245) Pause Young (Allocation Failure)
[55.860s][info][gc,heap        ] GC(245) PSYoungGen: 260512K(260608K)->179616K(559104K) Eden: 89600K(89600K)->0K(99840K) From: 170912K(171008K)->179616K(459264K)
[55.860s][info][gc,heap        ] GC(245) ParOldGen: 8002690K(8778752K)->8084314K(8778752K)
[55.860s][info][gc,metaspace   ] GC(245) Metaspace: 6301K(6464K)->6301K(6464K) NonClass: 5768K(5824K)->5768K(5824K) Class: 533K(640K)->533K(640K)
[55.860s][info][gc             ] GC(245) Pause Young (Allocation Failure) 8069M->8070M(9119M) 164.689ms
[55.860s][info][gc,cpu         ] GC(245) User=0.44s Sys=0.00s Real=0.16s
[55.965s][info][gc,start       ] GC(246) Pause Young (Allocation Failure)
[56.114s][info][gc,heap        ] GC(246) PSYoungGen: 279456K(559104K)->189888K(289792K) Eden: 99840K(99840K)->0K(99840K) From: 179616K(459264K)->189888K(189952K)
[56.114s][info][gc,heap        ] GC(246) ParOldGen: 8084314K(8778752K)->8174730K(8778752K)
[56.114s][info][gc,metaspace   ] GC(246) Metaspace: 6301K(6464K)->6301K(6464K) NonClass: 5768K(5824K)->5768K(5824K) Class: 533K(640K)->533K(640K)
[56.114s][info][gc             ] GC(246) Pause Young (Allocation Failure) 8167M->8168M(8856M) 149.812ms
[56.114s][info][gc,cpu         ] GC(246) User=0.92s Sys=0.02s Real=0.15s
[56.215s][info][gc,start       ] GC(247) Pause Young (Allocation Failure)
[56.368s][info][gc,heap        ] GC(247) PSYoungGen: 289728K(289792K)->200160K(525312K) Eden: 99840K(99840K)->0K(111616K) From: 189888K(189952K)->200160K(413696K)
[56.368s][info][gc,heap        ] GC(247) ParOldGen: 8174730K(8778752K)->8265130K(8778752K)
[56.368s][info][gc,metaspace   ] GC(247) Metaspace: 6301K(6464K)->6301K(6464K) NonClass: 5768K(5824K)->5768K(5824K) Class: 533K(640K)->533K(640K)
[56.368s][info][gc             ] GC(247) Pause Young (Allocation Failure) 8266M->8266M(9086M) 152.779ms
[56.368s][info][gc,cpu         ] GC(247) User=0.88s Sys=0.06s Real=0.15s
[56.491s][info][gc,start       ] GC(248) Pause Young (Allocation Failure)
[56.657s][info][gc,heap        ] GC(248) PSYoungGen: 311776K(525312K)->211968K(323584K) Eden: 111616K(111616K)->0K(111616K) From: 200160K(413696K)->211968K(211968K)
[56.657s][info][gc,heap        ] GC(248) ParOldGen: 8265130K(8778752K)->8365866K(8778752K)
[56.657s][info][gc,metaspace   ] GC(248) Metaspace: 6301K(6464K)->6301K(6464K) NonClass: 5768K(5824K)->5768K(5824K) Class: 533K(640K)->533K(640K)
[56.657s][info][gc             ] GC(248) Pause Young (Allocation Failure) 8375M->8376M(8889M) 165.767ms
[56.657s][info][gc,cpu         ] GC(248) User=1.22s Sys=0.03s Real=0.17s
[56.767s][info][gc,start       ] GC(249) Pause Young (Allocation Failure)
[56.947s][info][gc,heap        ] GC(249) PSYoungGen: 323584K(323584K)->223808K(506880K) Eden: 111616K(111616K)->0K(124928K) From: 211968K(211968K)->223808K(381952K)
[56.947s][info][gc,heap        ] GC(249) ParOldGen: 8365866K(8778752K)->8466618K(8778752K)
[56.947s][info][gc,metaspace   ] GC(249) Metaspace: 6301K(6464K)->6301K(6464K) NonClass: 5768K(5824K)->5768K(5824K) Class: 533K(640K)->533K(640K)
[56.947s][info][gc             ] GC(249) Pause Young (Allocation Failure) 8485M->8486M(9068M) 179.942ms
[56.947s][info][gc,cpu         ] GC(249) User=0.66s Sys=0.02s Real=0.18s
[57.085s][info][gc,start       ] GC(250) Pause Young (Allocation Failure)
[57.283s][info][gc,heap        ] GC(250) PSYoungGen: 348736K(506880K)->237152K(522752K) Eden: 124928K(124928K)->0K(124928K) From: 223808K(381952K)->237152K(397824K)
[57.283s][info][gc,heap        ] GC(250) ParOldGen: 8466618K(8778752K)->8579234K(8778752K)
[57.283s][info][gc,metaspace   ] GC(250) Metaspace: 6301K(6464K)->6301K(6464K) NonClass: 5768K(5824K)->5768K(5824K) Class: 533K(640K)->533K(640K)
[57.283s][info][gc             ] GC(250) Pause Young (Allocation Failure) 8608M->8609M(9083M) 197.199ms
[57.283s][info][gc,cpu         ] GC(250) User=1.48s Sys=0.03s Real=0.20s
[57.414s][info][gc,start       ] GC(251) Pause Young (Allocation Failure)
[57.615s][info][gc,heap        ] GC(251) PSYoungGen: 362080K(522752K)->250464K(518656K) Eden: 124928K(124928K)->0K(139776K) From: 237152K(397824K)->250464K(378880K)
[57.615s][info][gc,heap        ] GC(251) ParOldGen: 8579234K(8778752K)->8691858K(8778752K)
[57.615s][info][gc,metaspace   ] GC(251) Metaspace: 6301K(6464K)->6301K(6464K) NonClass: 5768K(5824K)->5768K(5824K) Class: 533K(640K)->533K(640K)
[57.615s][info][gc             ] GC(251) Pause Young (Allocation Failure) 8731M->8732M(9079M) 201.162ms
[57.615s][info][gc,cpu         ] GC(251) User=1.38s Sys=0.12s Real=0.20s
[57.615s][info][gc,start       ] GC(252) Pause Full (Ergonomics)
[57.615s][info][gc,phases,start] GC(252) Marking Phase
[59.659s][info][gc,phases      ] GC(252) Marking Phase 2044.075ms
[59.659s][info][gc,phases,start] GC(252) Summary Phase
[59.660s][info][gc,phases      ] GC(252) Summary Phase 0.151ms
[59.660s][info][gc,phases,start] GC(252) Adjust Roots
[59.660s][info][gc,phases      ] GC(252) Adjust Roots 0.266ms
[59.660s][info][gc,phases,start] GC(252) Compaction Phase
[60.515s][info][gc,phases      ] GC(252) Compaction Phase 854.605ms
[60.515s][info][gc,phases,start] GC(252) Post Compact
[60.528s][info][gc,phases      ] GC(252) Post Compact 13.312ms
[60.531s][info][gc,heap        ] GC(252) PSYoungGen: 250464K(518656K)->155747K(523264K) Eden: 0K(139776K)->0K(144384K) From: 250464K(378880K)->155747K(378880K)
[60.531s][info][gc,heap        ] GC(252) ParOldGen: 8691858K(8778752K)->8778748K(9634816K)
[60.531s][info][gc,metaspace   ] GC(252) Metaspace: 6301K(6464K)->6301K(6464K) NonClass: 5768K(5824K)->5768K(5824K) Class: 533K(640K)->533K(640K)
[60.531s][info][gc             ] GC(252) Pause Full (Ergonomics) 8732M->8725M(9920M) 2915.443ms
[60.531s][info][gc,cpu         ] GC(252) User=21.33s Sys=0.16s Real=2.92s
[60.691s][info][gc,start       ] GC(253) Pause Young (Allocation Failure)
[61.252s][info][gc,heap        ] GC(253) PSYoungGen: 300131K(523264K)->226528K(527872K) Eden: 144384K(144384K)->0K(144384K) From: 155747K(378880K)->226528K(383488K)
[61.252s][info][gc,heap        ] GC(253) ParOldGen: 8778748K(9634816K)->8853612K(9634816K)
[61.252s][info][gc,metaspace   ] GC(253) Metaspace: 6301K(6464K)->6301K(6464K) NonClass: 5768K(5824K)->5768K(5824K) Class: 533K(640K)->533K(640K)
[61.252s][info][gc             ] GC(253) Pause Young (Allocation Failure) 8866M->8867M(9924M) 561.390ms
[61.252s][info][gc,cpu         ] GC(253) User=3.78s Sys=0.03s Real=0.56s
[61.417s][info][gc,start       ] GC(254) Pause Young (Allocation Failure)
[61.633s][info][gc,heap        ] GC(254) PSYoungGen: 370912K(527872K)->370176K(488448K) Eden: 144384K(144384K)->0K(118272K) From: 226528K(383488K)->370176K(370176K)
[61.633s][info][gc,heap        ] GC(254) ParOldGen: 8853612K(9634816K)->8854580K(9634816K)
[61.633s][info][gc,metaspace   ] GC(254) Metaspace: 6301K(6464K)->6301K(6464K) NonClass: 5768K(5824K)->5768K(5824K) Class: 533K(640K)->533K(640K)
[61.633s][info][gc             ] GC(254) Pause Young (Allocation Failure) 9008M->9008M(9886M) 216.077ms
[61.633s][info][gc,cpu         ] GC(254) User=1.52s Sys=0.02s Real=0.22s
[61.760s][info][gc,start       ] GC(255) Pause Young (Allocation Failure)
[62.047s][info][gc,heap        ] GC(255) PSYoungGen: 488448K(488448K)->263040K(528896K) Eden: 118272K(118272K)->0K(118272K) From: 370176K(370176K)->263040K(410624K)
[62.047s][info][gc,heap        ] GC(255) ParOldGen: 8854580K(9634816K)->9081916K(9634816K)
[62.047s][info][gc,metaspace   ] GC(255) Metaspace: 6301K(6464K)->6301K(6464K) NonClass: 5768K(5824K)->5768K(5824K) Class: 533K(640K)->533K(640K)
[62.047s][info][gc             ] GC(255) Pause Young (Allocation Failure) 9124M->9125M(9925M) 287.378ms
[62.047s][info][gc,cpu         ] GC(255) User=2.06s Sys=0.06s Real=0.29s
[62.183s][info][gc,start       ] GC(256) Pause Young (Allocation Failure)
[62.406s][info][gc,heap        ] GC(256) PSYoungGen: 381312K(528896K)->237184K(503296K) Eden: 118272K(118272K)->0K(132096K) From: 263040K(410624K)->237184K(371200K)
[62.406s][info][gc,heap        ] GC(256) ParOldGen: 9081916K(9634816K)->9227364K(9634816K)
[62.406s][info][gc,metaspace   ] GC(256) Metaspace: 6301K(6464K)->6301K(6464K) NonClass: 5768K(5824K)->5768K(5824K) Class: 533K(640K)->533K(640K)
[62.406s][info][gc             ] GC(256) Pause Young (Allocation Failure) 9241M->9242M(9900M) 222.230ms
[62.406s][info][gc,cpu         ] GC(256) User=1.44s Sys=0.08s Real=0.22s
[62.544s][info][gc,start       ] GC(257) Pause Young (Allocation Failure)
[62.753s][info][gc,heap        ] GC(257) PSYoungGen: 369280K(503296K)->251008K(519168K) Eden: 132096K(132096K)->0K(132096K) From: 237184K(371200K)->251008K(387072K)
[62.753s][info][gc,heap        ] GC(257) ParOldGen: 9227364K(9634816K)->9346708K(9634816K)
[62.753s][info][gc,metaspace   ] GC(257) Metaspace: 6301K(6464K)->6301K(6464K) NonClass: 5768K(5824K)->5768K(5824K) Class: 533K(640K)->533K(640K)
[62.753s][info][gc             ] GC(257) Pause Young (Allocation Failure) 9371M->9372M(9916M) 209.260ms
[62.753s][info][gc,cpu         ] GC(257) User=1.31s Sys=0.11s Real=0.21s
[62.900s][info][gc,start       ] GC(258) Pause Young (Allocation Failure)
[63.115s][info][gc,heap        ] GC(258) PSYoungGen: 383104K(519168K)->264832K(516608K) Eden: 132096K(132096K)->0K(147968K) From: 251008K(387072K)->264832K(368640K)
[63.115s][info][gc,heap        ] GC(258) ParOldGen: 9346708K(9634816K)->9466052K(9634816K)
[63.115s][info][gc,metaspace   ] GC(258) Metaspace: 6301K(6464K)->6301K(6464K) NonClass: 5768K(5824K)->5768K(5824K) Class: 533K(640K)->533K(640K)
[63.115s][info][gc             ] GC(258) Pause Young (Allocation Failure) 9501M->9502M(9913M) 214.671ms
[63.115s][info][gc,cpu         ] GC(258) User=1.59s Sys=0.06s Real=0.22s
[63.115s][info][gc,start       ] GC(259) Pause Full (Ergonomics)
[63.115s][info][gc,phases,start] GC(259) Marking Phase
[65.392s][info][gc,phases      ] GC(259) Marking Phase 2276.881ms
[65.392s][info][gc,phases,start] GC(259) Summary Phase
[65.392s][info][gc,phases      ] GC(259) Summary Phase 0.190ms
[65.392s][info][gc,phases,start] GC(259) Adjust Roots
[65.392s][info][gc,phases      ] GC(259) Adjust Roots 0.257ms
[65.392s][info][gc,phases,start] GC(259) Compaction Phase
[66.257s][info][gc,phases      ] GC(259) Compaction Phase 864.468ms
[66.257s][info][gc,phases,start] GC(259) Post Compact
[66.276s][info][gc,phases      ] GC(259) Post Compact 19.111ms
[66.277s][info][gc,heap        ] GC(259) PSYoungGen: 264832K(516608K)->89378K(520704K) Eden: 0K(147968K)->0K(152064K) From: 264832K(368640K)->89378K(368640K)
[66.277s][info][gc,heap        ] GC(259) ParOldGen: 9466052K(9634816K)->9634429K(9967104K)
[66.277s][info][gc,metaspace   ] GC(259) Metaspace: 6301K(6464K)->6301K(6464K) NonClass: 5768K(5824K)->5768K(5824K) Class: 533K(640K)->533K(640K)
[66.277s][info][gc             ] GC(259) Pause Full (Ergonomics) 9502M->9495M(10242M) 3162.358ms
[66.277s][info][gc,cpu         ] GC(259) User=23.27s Sys=0.12s Real=3.16s
[66.429s][info][gc,start       ] GC(260) Pause Young (Allocation Failure)
[67.035s][info][gc,heap        ] GC(260) PSYoungGen: 241442K(520704K)->191904K(524800K) Eden: 152064K(152064K)->0K(152064K) From: 89378K(368640K)->191904K(372736K)
[67.035s][info][gc,heap        ] GC(260) ParOldGen: 9634429K(9967104K)->9685021K(9967104K)
[67.035s][info][gc,metaspace   ] GC(260) Metaspace: 6301K(6464K)->6301K(6464K) NonClass: 5768K(5824K)->5768K(5824K) Class: 533K(640K)->533K(640K)
[67.035s][info][gc             ] GC(260) Pause Young (Allocation Failure) 9644M->9645M(10246M) 605.922ms
[67.035s][info][gc,cpu         ] GC(260) User=3.45s Sys=0.02s Real=0.61s
[67.198s][info][gc,start       ] GC(261) Pause Young (Allocation Failure)
[67.400s][info][gc,heap        ] GC(261) PSYoungGen: 343968K(524800K)->344224K(508416K) Eden: 152064K(152064K)->0K(140288K) From: 191904K(372736K)->344224K(368128K)
[67.400s][info][gc,heap        ] GC(261) ParOldGen: 9685021K(9967104K)->9685021K(9967104K)
[67.400s][info][gc,metaspace   ] GC(261) Metaspace: 6301K(6464K)->6301K(6464K) NonClass: 5768K(5824K)->5768K(5824K) Class: 533K(640K)->533K(640K)
[67.400s][info][gc             ] GC(261) Pause Young (Allocation Failure) 9793M->9794M(10230M) 201.929ms
[67.400s][info][gc,cpu         ] GC(261) User=1.36s Sys=0.02s Real=0.20s
[67.560s][info][gc,start       ] GC(262) Pause Young (Allocation Failure)
[67.843s][info][gc,heap        ] GC(262) PSYoungGen: 484512K(508416K)->394752K(535040K) Eden: 140288K(140288K)->0K(140288K) From: 344224K(368128K)->394752K(394752K)
[67.843s][info][gc,heap        ] GC(262) ParOldGen: 9685021K(9967104K)->9775597K(9967104K)
[67.843s][info][gc,metaspace   ] GC(262) Metaspace: 6301K(6464K)->6301K(6464K) NonClass: 5768K(5824K)->5768K(5824K) Class: 533K(640K)->533K(640K)
[67.843s][info][gc             ] GC(262) Pause Young (Allocation Failure) 9931M->9931M(10256M) 282.446ms
[67.843s][info][gc,cpu         ] GC(262) User=1.59s Sys=0.05s Real=0.28s
[67.843s][info][gc,start       ] GC(263) Pause Full (Ergonomics)
[67.843s][info][gc,phases,start] GC(263) Marking Phase
[70.194s][info][gc,phases      ] GC(263) Marking Phase 2351.144ms
[70.194s][info][gc,phases,start] GC(263) Summary Phase
[70.194s][info][gc,phases      ] GC(263) Summary Phase 0.105ms
[70.194s][info][gc,phases,start] GC(263) Adjust Roots
[70.194s][info][gc,phases      ] GC(263) Adjust Roots 0.189ms
[70.194s][info][gc,phases,start] GC(263) Compaction Phase
[70.967s][info][gc,phases      ] GC(263) Compaction Phase 772.593ms
[70.967s][info][gc,phases,start] GC(263) Post Compact
[70.983s][info][gc,phases      ] GC(263) Post Compact 15.681ms
[70.983s][info][gc,heap        ] GC(263) PSYoungGen: 394752K(535040K)->201227K(535040K) Eden: 0K(140288K)->0K(140288K) From: 394752K(394752K)->201227K(394752K)
[70.983s][info][gc,heap        ] GC(263) ParOldGen: 9775597K(9967104K)->9966892K(9967104K)
[70.983s][info][gc,metaspace   ] GC(263) Metaspace: 6301K(6464K)->6301K(6464K) NonClass: 5768K(5824K)->5768K(5824K) Class: 533K(640K)->533K(640K)
[70.983s][info][gc             ] GC(263) Pause Full (Ergonomics) 9931M->9929M(10256M) 3140.055ms
[70.983s][info][gc,cpu         ] GC(263) User=23.64s Sys=0.20s Real=3.14s
[71.128s][info][gc,start       ] GC(264) Pause Full (Ergonomics)
[71.128s][info][gc,phases,start] GC(264) Marking Phase
[73.561s][info][gc,phases      ] GC(264) Marking Phase 2432.842ms
[73.561s][info][gc,phases,start] GC(264) Summary Phase
[73.561s][info][gc,phases      ] GC(264) Summary Phase 0.112ms
[73.561s][info][gc,phases,start] GC(264) Adjust Roots
[73.562s][info][gc,phases      ] GC(264) Adjust Roots 0.250ms
[73.562s][info][gc,phases,start] GC(264) Compaction Phase
[74.256s][info][gc,phases      ] GC(264) Compaction Phase 694.544ms
[74.256s][info][gc,phases,start] GC(264) Post Compact
[74.270s][info][gc,phases      ] GC(264) Post Compact 13.783ms
[74.270s][info][gc,heap        ] GC(264) PSYoungGen: 341515K(535040K)->341482K(535040K) Eden: 140288K(140288K)->140254K(140288K) From: 201227K(394752K)->201227K(394752K)
[74.270s][info][gc,heap        ] GC(264) ParOldGen: 9966892K(9967104K)->9966892K(9967104K)
[74.270s][info][gc,metaspace   ] GC(264) Metaspace: 6301K(6464K)->6301K(6464K) NonClass: 5768K(5824K)->5768K(5824K) Class: 533K(640K)->533K(640K)
[74.270s][info][gc             ] GC(264) Pause Full (Ergonomics) 10066M->10066M(10256M) 3141.941ms
[74.270s][info][gc,cpu         ] GC(264) User=23.88s Sys=0.00s Real=3.14s
[74.271s][info][gc,start       ] GC(265) Pause Full (Ergonomics)
[74.271s][info][gc,phases,start] GC(265) Marking Phase
[76.635s][info][gc,phases      ] GC(265) Marking Phase 2364.785ms
[76.635s][info][gc,phases,start] GC(265) Summary Phase
[76.636s][info][gc,phases      ] GC(265) Summary Phase 0.099ms
[76.636s][info][gc,phases,start] GC(265) Adjust Roots
[76.636s][info][gc,phases      ] GC(265) Adjust Roots 0.180ms
[76.636s][info][gc,phases,start] GC(265) Compaction Phase
[77.307s][info][gc,phases      ] GC(265) Compaction Phase 671.188ms
[77.307s][info][gc,phases,start] GC(265) Post Compact
[77.321s][info][gc,phases      ] GC(265) Post Compact 14.416ms
[77.322s][info][gc,heap        ] GC(265) PSYoungGen: 341515K(535040K)->341514K(535040K) Eden: 140288K(140288K)->140287K(140288K) From: 201227K(394752K)->201227K(394752K)
[77.322s][info][gc,heap        ] GC(265) ParOldGen: 9966892K(9967104K)->9966892K(9967104K)
[77.322s][info][gc,metaspace   ] GC(265) Metaspace: 6301K(6464K)->6301K(6464K) NonClass: 5768K(5824K)->5768K(5824K) Class: 533K(640K)->533K(640K)
[77.322s][info][gc             ] GC(265) Pause Full (Ergonomics) 10066M->10066M(10256M) 3051.130ms
[77.322s][info][gc,cpu         ] GC(265) User=23.41s Sys=0.02s Real=3.05s
[77.322s][info][gc,start       ] GC(266) Pause Full (Ergonomics)
[77.322s][info][gc,phases,start] GC(266) Marking Phase
[79.648s][info][gc,phases      ] GC(266) Marking Phase 2326.045ms
[79.648s][info][gc,phases,start] GC(266) Summary Phase
[79.648s][info][gc,phases      ] GC(266) Summary Phase 0.097ms
[79.648s][info][gc,phases,start] GC(266) Adjust Roots
[79.648s][info][gc,phases      ] GC(266) Adjust Roots 0.164ms
[79.648s][info][gc,phases,start] GC(266) Compaction Phase
[80.291s][info][gc,phases      ] GC(266) Compaction Phase 643.161ms
[80.292s][info][gc,phases,start] GC(266) Post Compact
[80.306s][info][gc,phases      ] GC(266) Post Compact 14.216ms
[80.306s][info][gc,heap        ] GC(266) PSYoungGen: 341515K(535040K)->341515K(535040K) Eden: 140287K(140288K)->140287K(140288K) From: 201227K(394752K)->201227K(394752K)
[80.306s][info][gc,heap        ] GC(266) ParOldGen: 9966892K(9967104K)->9966892K(9967104K)
[80.306s][info][gc,metaspace   ] GC(266) Metaspace: 6301K(6464K)->6301K(6464K) NonClass: 5768K(5824K)->5768K(5824K) Class: 533K(640K)->533K(640K)
[80.306s][info][gc             ] GC(266) Pause Full (Ergonomics) 10066M->10066M(10256M) 2984.024ms
[80.306s][info][gc,cpu         ] GC(266) User=23.31s Sys=0.00s Real=2.98s
[80.306s][info][gc,start       ] GC(267) Pause Full (Ergonomics)
[80.306s][info][gc,phases,start] GC(267) Marking Phase
[82.643s][info][gc,phases      ] GC(267) Marking Phase 2337.304ms
[82.644s][info][gc,phases,start] GC(267) Summary Phase
[82.644s][info][gc,phases      ] GC(267) Summary Phase 0.096ms
[82.644s][info][gc,phases,start] GC(267) Adjust Roots
[82.644s][info][gc,phases      ] GC(267) Adjust Roots 0.164ms
[82.644s][info][gc,phases,start] GC(267) Compaction Phase
[83.283s][info][gc,phases      ] GC(267) Compaction Phase 639.326ms
[83.283s][info][gc,phases,start] GC(267) Post Compact
[83.296s][info][gc,phases      ] GC(267) Post Compact 13.027ms
[83.296s][info][gc,heap        ] GC(267) PSYoungGen: 341515K(535040K)->341515K(535040K) Eden: 140288K(140288K)->140288K(140288K) From: 201227K(394752K)->201227K(394752K)
[83.296s][info][gc,heap        ] GC(267) ParOldGen: 9966897K(9967104K)->9966897K(9967104K)
[83.296s][info][gc,metaspace   ] GC(267) Metaspace: 6301K(6464K)->6301K(6464K) NonClass: 5768K(5824K)->5768K(5824K) Class: 533K(640K)->533K(640K)
[83.296s][info][gc             ] GC(267) Pause Full (Ergonomics) 10066M->10066M(10256M) 2990.267ms
[83.296s][info][gc,cpu         ] GC(267) User=23.31s Sys=0.02s Real=2.99s
[83.297s][info][gc,start       ] GC(268) Pause Full (Ergonomics)
[83.297s][info][gc,phases,start] GC(268) Marking Phase
[85.604s][info][gc,phases      ] GC(268) Marking Phase 2307.172ms
[85.604s][info][gc,phases,start] GC(268) Summary Phase
[85.604s][info][gc,phases      ] GC(268) Summary Phase 0.097ms
[85.604s][info][gc,phases,start] GC(268) Adjust Roots
[85.604s][info][gc,phases      ] GC(268) Adjust Roots 0.167ms
[85.604s][info][gc,phases,start] GC(268) Compaction Phase
[86.247s][info][gc,phases      ] GC(268) Compaction Phase 642.456ms
[86.247s][info][gc,phases,start] GC(268) Post Compact
[86.262s][info][gc,phases      ] GC(268) Post Compact 15.092ms
[86.262s][info][gc,heap        ] GC(268) PSYoungGen: 341515K(535040K)->341515K(535040K) Eden: 140288K(140288K)->140288K(140288K) From: 201227K(394752K)->201227K(394752K)
[86.262s][info][gc,heap        ] GC(268) ParOldGen: 9966902K(9967104K)->9966902K(9967104K)
[86.262s][info][gc,metaspace   ] GC(268) Metaspace: 6301K(6464K)->6301K(6464K) NonClass: 5768K(5824K)->5768K(5824K) Class: 533K(640K)->533K(640K)
[86.262s][info][gc             ] GC(268) Pause Full (Ergonomics) 10066M->10066M(10256M) 2965.360ms
[86.262s][info][gc,cpu         ] GC(268) User=22.98s Sys=0.03s Real=2.96s
[86.262s][info][gc,start       ] GC(269) Pause Full (Ergonomics)
[86.262s][info][gc,phases,start] GC(269) Marking Phase
[88.632s][info][gc,phases      ] GC(269) Marking Phase 2370.211ms
[88.633s][info][gc,phases,start] GC(269) Summary Phase
[88.633s][info][gc,phases      ] GC(269) Summary Phase 0.099ms
[88.633s][info][gc,phases,start] GC(269) Adjust Roots
[88.633s][info][gc,phases      ] GC(269) Adjust Roots 0.189ms
[88.633s][info][gc,phases,start] GC(269) Compaction Phase
[89.264s][info][gc,phases      ] GC(269) Compaction Phase 631.603ms
[89.265s][info][gc,phases,start] GC(269) Post Compact
[89.277s][info][gc,phases      ] GC(269) Post Compact 12.863ms
[89.277s][info][gc,heap        ] GC(269) PSYoungGen: 341515K(535040K)->341515K(535040K) Eden: 140288K(140288K)->140288K(140288K) From: 201227K(394752K)->201227K(394752K)
[89.277s][info][gc,heap        ] GC(269) ParOldGen: 9966907K(9967104K)->9966907K(9967104K)
[89.277s][info][gc,metaspace   ] GC(269) Metaspace: 6301K(6464K)->6301K(6464K) NonClass: 5768K(5824K)->5768K(5824K) Class: 533K(640K)->533K(640K)
[89.278s][info][gc             ] GC(269) Pause Full (Ergonomics) 10066M->10066M(10256M) 3015.327ms
[89.278s][info][gc,cpu         ] GC(269) User=23.55s Sys=0.03s Real=3.02s
[89.278s][info][gc,start       ] GC(270) Pause Full (Ergonomics)
[89.278s][info][gc,phases,start] GC(270) Marking Phase
[91.618s][info][gc,phases      ] GC(270) Marking Phase 2339.928ms
[91.618s][info][gc,phases,start] GC(270) Summary Phase
[91.618s][info][gc,phases      ] GC(270) Summary Phase 0.095ms
[91.618s][info][gc,phases,start] GC(270) Adjust Roots
[91.618s][info][gc,phases      ] GC(270) Adjust Roots 0.168ms
[91.618s][info][gc,phases,start] GC(270) Compaction Phase
[92.266s][info][gc,phases      ] GC(270) Compaction Phase 647.490ms
[92.266s][info][gc,phases,start] GC(270) Post Compact
[92.279s][info][gc,phases      ] GC(270) Post Compact 13.013ms
[92.279s][info][gc,heap        ] GC(270) PSYoungGen: 341515K(535040K)->341515K(535040K) Eden: 140288K(140288K)->140288K(140288K) From: 201227K(394752K)->201227K(394752K)
[92.279s][info][gc,heap        ] GC(270) ParOldGen: 9966912K(9967104K)->9966912K(9967104K)
[92.279s][info][gc,metaspace   ] GC(270) Metaspace: 6301K(6464K)->6301K(6464K) NonClass: 5768K(5824K)->5768K(5824K) Class: 533K(640K)->533K(640K)
[92.279s][info][gc             ] GC(270) Pause Full (Ergonomics) 10066M->10066M(10256M) 3001.044ms
[92.279s][info][gc,cpu         ] GC(270) User=23.31s Sys=0.00s Real=3.00s
[92.279s][info][gc,start       ] GC(271) Pause Full (Ergonomics)
[92.279s][info][gc,phases,start] GC(271) Marking Phase
[94.591s][info][gc,phases      ] GC(271) Marking Phase 2312.331ms
[94.591s][info][gc,phases,start] GC(271) Summary Phase
[94.592s][info][gc,phases      ] GC(271) Summary Phase 0.101ms
[94.592s][info][gc,phases,start] GC(271) Adjust Roots
[94.592s][info][gc,phases      ] GC(271) Adjust Roots 0.185ms
[94.592s][info][gc,phases,start] GC(271) Compaction Phase
[95.259s][info][gc,phases      ] GC(271) Compaction Phase 666.956ms
[95.259s][info][gc,phases,start] GC(271) Post Compact
[95.274s][info][gc,phases      ] GC(271) Post Compact 14.949ms
[95.274s][info][gc,heap        ] GC(271) PSYoungGen: 341515K(535040K)->341515K(535040K) Eden: 140288K(140288K)->140288K(140288K) From: 201227K(394752K)->201227K(394752K)
[95.274s][info][gc,heap        ] GC(271) ParOldGen: 9966917K(9967104K)->9966917K(9967104K)
[95.274s][info][gc,metaspace   ] GC(271) Metaspace: 6301K(6464K)->6301K(6464K) NonClass: 5768K(5824K)->5768K(5824K) Class: 533K(640K)->533K(640K)
[95.274s][info][gc             ] GC(271) Pause Full (Ergonomics) 10066M->10066M(10256M) 2994.878ms
[95.274s][info][gc,cpu         ] GC(271) User=23.05s Sys=0.00s Real=3.00s
[95.274s][info][gc,start       ] GC(272) Pause Full (Ergonomics)
[95.274s][info][gc,phases,start] GC(272) Marking Phase
[97.670s][info][gc,phases      ] GC(272) Marking Phase 2395.907ms
[97.670s][info][gc,phases,start] GC(272) Summary Phase
[97.670s][info][gc,phases      ] GC(272) Summary Phase 0.167ms
[97.670s][info][gc,phases,start] GC(272) Adjust Roots
[97.671s][info][gc,phases      ] GC(272) Adjust Roots 0.322ms
[97.671s][info][gc,phases,start] GC(272) Compaction Phase
[98.307s][info][gc,phases      ] GC(272) Compaction Phase 636.326ms
[98.307s][info][gc,phases,start] GC(272) Post Compact
[98.321s][info][gc,phases      ] GC(272) Post Compact 13.958ms
[98.321s][info][gc,heap        ] GC(272) PSYoungGen: 341515K(535040K)->341515K(535040K) Eden: 140288K(140288K)->140288K(140288K) From: 201227K(394752K)->201227K(394752K)
[98.321s][info][gc,heap        ] GC(272) ParOldGen: 9966921K(9967104K)->9966921K(9967104K)
[98.321s][info][gc,metaspace   ] GC(272) Metaspace: 6301K(6464K)->6301K(6464K) NonClass: 5768K(5824K)->5768K(5824K) Class: 533K(640K)->533K(640K)
[98.321s][info][gc             ] GC(272) Pause Full (Ergonomics) 10066M->10066M(10256M) 3047.064ms
[98.321s][info][gc,cpu         ] GC(272) User=23.44s Sys=0.00s Real=3.05s
[98.321s][info][gc,start       ] GC(273) Pause Full (Ergonomics)
[98.321s][info][gc,phases,start] GC(273) Marking Phase
[100.697s][info][gc,phases      ] GC(273) Marking Phase 2375.472ms
[100.697s][info][gc,phases,start] GC(273) Summary Phase
[100.697s][info][gc,phases      ] GC(273) Summary Phase 0.131ms
[100.697s][info][gc,phases,start] GC(273) Adjust Roots
[100.697s][info][gc,phases      ] GC(273) Adjust Roots 0.214ms
[100.697s][info][gc,phases,start] GC(273) Compaction Phase
[101.323s][info][gc,phases      ] GC(273) Compaction Phase 625.596ms
[101.323s][info][gc,phases,start] GC(273) Post Compact
[101.336s][info][gc,phases      ] GC(273) Post Compact 12.831ms
[101.336s][info][gc,heap        ] GC(273) PSYoungGen: 341515K(535040K)->341515K(535040K) Eden: 140288K(140288K)->140288K(140288K) From: 201227K(394752K)->201227K(394752K)
[101.336s][info][gc,heap        ] GC(273) ParOldGen: 9966926K(9967104K)->9966926K(9967104K)
[101.336s][info][gc,metaspace   ] GC(273) Metaspace: 6301K(6464K)->6301K(6464K) NonClass: 5768K(5824K)->5768K(5824K) Class: 533K(640K)->533K(640K)
[101.336s][info][gc             ] GC(273) Pause Full (Ergonomics) 10066M->10066M(10256M) 3014.616ms
[101.336s][info][gc,cpu         ] GC(273) User=23.53s Sys=0.03s Real=3.01s
[101.336s][info][gc,start       ] GC(274) Pause Full (Ergonomics)
[101.336s][info][gc,phases,start] GC(274) Marking Phase
[103.686s][info][gc,phases      ] GC(274) Marking Phase 2350.025ms
[103.686s][info][gc,phases,start] GC(274) Summary Phase
[103.686s][info][gc,phases      ] GC(274) Summary Phase 0.102ms
[103.686s][info][gc,phases,start] GC(274) Adjust Roots
[103.687s][info][gc,phases      ] GC(274) Adjust Roots 0.175ms
[103.687s][info][gc,phases,start] GC(274) Compaction Phase
[104.309s][info][gc,phases      ] GC(274) Compaction Phase 622.233ms
[104.309s][info][gc,phases,start] GC(274) Post Compact
[104.322s][info][gc,phases      ] GC(274) Post Compact 13.300ms
[104.322s][info][gc,heap        ] GC(274) PSYoungGen: 341515K(535040K)->341515K(535040K) Eden: 140288K(140288K)->140288K(140288K) From: 201227K(394752K)->201227K(394752K)
[104.322s][info][gc,heap        ] GC(274) ParOldGen: 9966931K(9967104K)->9966931K(9967104K)
[104.322s][info][gc,metaspace   ] GC(274) Metaspace: 6301K(6464K)->6301K(6464K) NonClass: 5768K(5824K)->5768K(5824K) Class: 533K(640K)->533K(640K)
[104.322s][info][gc             ] GC(274) Pause Full (Ergonomics) 10066M->10066M(10256M) 2986.159ms
[104.322s][info][gc,cpu         ] GC(274) User=23.39s Sys=0.00s Real=2.99s
[104.323s][info][gc,start       ] GC(275) Pause Full (Ergonomics)
[104.323s][info][gc,phases,start] GC(275) Marking Phase
[106.648s][info][gc,phases      ] GC(275) Marking Phase 2325.678ms
[106.648s][info][gc,phases,start] GC(275) Summary Phase
[106.648s][info][gc,phases      ] GC(275) Summary Phase 0.097ms
[106.648s][info][gc,phases,start] GC(275) Adjust Roots
[106.649s][info][gc,phases      ] GC(275) Adjust Roots 0.178ms
[106.649s][info][gc,phases,start] GC(275) Compaction Phase
[107.262s][info][gc,phases      ] GC(275) Compaction Phase 613.005ms
[107.262s][info][gc,phases,start] GC(275) Post Compact
[107.276s][info][gc,phases      ] GC(275) Post Compact 14.015ms
[107.276s][info][gc,heap        ] GC(275) PSYoungGen: 341515K(535040K)->341515K(535040K) Eden: 140288K(140288K)->140288K(140288K) From: 201227K(394752K)->201227K(394752K)
[107.276s][info][gc,heap        ] GC(275) ParOldGen: 9966936K(9967104K)->9966936K(9967104K)
[107.276s][info][gc,metaspace   ] GC(275) Metaspace: 6301K(6464K)->6301K(6464K) NonClass: 5768K(5824K)->5768K(5824K) Class: 533K(640K)->533K(640K)
[107.276s][info][gc             ] GC(275) Pause Full (Ergonomics) 10066M->10066M(10256M) 2953.352ms
[107.276s][info][gc,cpu         ] GC(275) User=23.23s Sys=0.03s Real=2.95s
[107.276s][info][gc,start       ] GC(276) Pause Full (Ergonomics)
[107.276s][info][gc,phases,start] GC(276) Marking Phase
[109.636s][info][gc,phases      ] GC(276) Marking Phase 2359.834ms
[109.636s][info][gc,phases,start] GC(276) Summary Phase
[109.636s][info][gc,phases      ] GC(276) Summary Phase 0.096ms
[109.636s][info][gc,phases,start] GC(276) Adjust Roots
[109.636s][info][gc,phases      ] GC(276) Adjust Roots 0.165ms
[109.636s][info][gc,phases,start] GC(276) Compaction Phase
[110.254s][info][gc,phases      ] GC(276) Compaction Phase 617.776ms
[110.254s][info][gc,phases,start] GC(276) Post Compact
[110.267s][info][gc,phases      ] GC(276) Post Compact 12.995ms
[110.267s][info][gc,heap        ] GC(276) PSYoungGen: 341515K(535040K)->341515K(535040K) Eden: 140288K(140288K)->140288K(140288K) From: 201227K(394752K)->201227K(394752K)
[110.267s][info][gc,heap        ] GC(276) ParOldGen: 9966941K(9967104K)->9966941K(9967104K)
[110.267s][info][gc,metaspace   ] GC(276) Metaspace: 6301K(6464K)->6301K(6464K) NonClass: 5768K(5824K)->5768K(5824K) Class: 533K(640K)->533K(640K)
[110.267s][info][gc             ] GC(276) Pause Full (Ergonomics) 10066M->10066M(10256M) 2991.207ms
[110.267s][info][gc,cpu         ] GC(276) User=23.25s Sys=0.00s Real=2.99s
[110.268s][info][gc,start       ] GC(277) Pause Full (Ergonomics)
[110.268s][info][gc,phases,start] GC(277) Marking Phase
[112.625s][info][gc,phases      ] GC(277) Marking Phase 2357.731ms
[112.625s][info][gc,phases,start] GC(277) Summary Phase
[112.626s][info][gc,phases      ] GC(277) Summary Phase 0.139ms
[112.626s][info][gc,phases,start] GC(277) Adjust Roots
[112.626s][info][gc,phases      ] GC(277) Adjust Roots 0.318ms
[112.626s][info][gc,phases,start] GC(277) Compaction Phase
[113.244s][info][gc,phases      ] GC(277) Compaction Phase 617.627ms
[113.244s][info][gc,phases,start] GC(277) Post Compact
[113.257s][info][gc,phases      ] GC(277) Post Compact 13.778ms
[113.257s][info][gc,heap        ] GC(277) PSYoungGen: 341515K(535040K)->341515K(535040K) Eden: 140288K(140288K)->140288K(140288K) From: 201227K(394752K)->201227K(394752K)
[113.258s][info][gc,heap        ] GC(277) ParOldGen: 9966946K(9967104K)->9966946K(9967104K)
[113.258s][info][gc,metaspace   ] GC(277) Metaspace: 6301K(6464K)->6301K(6464K) NonClass: 5768K(5824K)->5768K(5824K) Class: 533K(640K)->533K(640K)
[113.258s][info][gc             ] GC(277) Pause Full (Ergonomics) 10066M->10066M(10256M) 2989.958ms
[113.258s][info][gc,cpu         ] GC(277) User=23.33s Sys=0.00s Real=2.99s
[113.258s][info][gc,start       ] GC(278) Pause Full (Ergonomics)
[113.258s][info][gc,phases,start] GC(278) Marking Phase
[115.632s][info][gc,phases      ] GC(278) Marking Phase 2374.146ms
[115.632s][info][gc,phases,start] GC(278) Summary Phase
[115.632s][info][gc,phases      ] GC(278) Summary Phase 0.098ms
[115.632s][info][gc,phases,start] GC(278) Adjust Roots
[115.632s][info][gc,phases      ] GC(278) Adjust Roots 0.175ms
[115.632s][info][gc,phases,start] GC(278) Compaction Phase
[116.257s][info][gc,phases      ] GC(278) Compaction Phase 624.668ms
[116.257s][info][gc,phases,start] GC(278) Post Compact
[116.271s][info][gc,phases      ] GC(278) Post Compact 14.211ms
[116.271s][info][gc,heap        ] GC(278) PSYoungGen: 341515K(535040K)->341515K(535040K) Eden: 140288K(140288K)->140288K(140288K) From: 201227K(394752K)->201227K(394752K)
[116.271s][info][gc,heap        ] GC(278) ParOldGen: 9966950K(9967104K)->9966950K(9967104K)
[116.271s][info][gc,metaspace   ] GC(278) Metaspace: 6301K(6464K)->6301K(6464K) NonClass: 5768K(5824K)->5768K(5824K) Class: 533K(640K)->533K(640K)
[116.271s][info][gc             ] GC(278) Pause Full (Ergonomics) 10066M->10066M(10256M) 3013.667ms
[116.271s][info][gc,cpu         ] GC(278) User=23.50s Sys=0.00s Real=3.01s
[116.272s][info][gc,start       ] GC(279) Pause Full (Ergonomics)
[116.272s][info][gc,phases,start] GC(279) Marking Phase
[118.616s][info][gc,phases      ] GC(279) Marking Phase 2344.575ms
[118.616s][info][gc,phases,start] GC(279) Summary Phase
[118.616s][info][gc,phases      ] GC(279) Summary Phase 0.095ms
[118.616s][info][gc,phases,start] GC(279) Adjust Roots
[118.617s][info][gc,phases      ] GC(279) Adjust Roots 0.165ms
[118.617s][info][gc,phases,start] GC(279) Compaction Phase
[119.218s][info][gc,phases      ] GC(279) Compaction Phase 601.388ms
[119.218s][info][gc,phases,start] GC(279) Post Compact
[119.231s][info][gc,phases      ] GC(279) Post Compact 12.925ms
[119.231s][info][gc,heap        ] GC(279) PSYoungGen: 341515K(535040K)->341515K(535040K) Eden: 140288K(140288K)->140288K(140288K) From: 201227K(394752K)->201227K(394752K)
[119.231s][info][gc,heap        ] GC(279) ParOldGen: 9966955K(9967104K)->9966955K(9967104K)
[119.231s][info][gc,metaspace   ] GC(279) Metaspace: 6301K(6464K)->6301K(6464K) NonClass: 5768K(5824K)->5768K(5824K) Class: 533K(640K)->533K(640K)
[119.231s][info][gc             ] GC(279) Pause Full (Ergonomics) 10066M->10066M(10256M) 2959.486ms
[119.231s][info][gc,cpu         ] GC(279) User=23.25s Sys=0.00s Real=2.96s
[119.231s][info][gc,start       ] GC(280) Pause Full (Ergonomics)
[119.231s][info][gc,phases,start] GC(280) Marking Phase
[121.618s][info][gc,phases      ] GC(280) Marking Phase 2386.724ms
[121.618s][info][gc,phases,start] GC(280) Summary Phase
[121.618s][info][gc,phases      ] GC(280) Summary Phase 0.100ms
[121.618s][info][gc,phases,start] GC(280) Adjust Roots
[121.618s][info][gc,phases      ] GC(280) Adjust Roots 0.178ms
[121.619s][info][gc,phases,start] GC(280) Compaction Phase
[122.217s][info][gc,phases      ] GC(280) Compaction Phase 597.996ms
[122.217s][info][gc,phases,start] GC(280) Post Compact
[122.230s][info][gc,phases      ] GC(280) Post Compact 13.321ms
[122.230s][info][gc,heap        ] GC(280) PSYoungGen: 341515K(535040K)->341515K(535040K) Eden: 140288K(140288K)->140288K(140288K) From: 201227K(394752K)->201227K(394752K)
[122.230s][info][gc,heap        ] GC(280) ParOldGen: 9966960K(9967104K)->9966960K(9967104K)
[122.230s][info][gc,metaspace   ] GC(280) Metaspace: 6301K(6464K)->6301K(6464K) NonClass: 5768K(5824K)->5768K(5824K) Class: 533K(640K)->533K(640K)
[122.230s][info][gc             ] GC(280) Pause Full (Ergonomics) 10066M->10066M(10256M) 2998.679ms
[122.230s][info][gc,cpu         ] GC(280) User=23.41s Sys=0.00s Real=3.00s
[122.230s][info][gc,start       ] GC(281) Pause Full (Ergonomics)
[122.230s][info][gc,phases,start] GC(281) Marking Phase
[124.618s][info][gc,phases      ] GC(281) Marking Phase 2387.703ms
[124.618s][info][gc,phases,start] GC(281) Summary Phase
[124.618s][info][gc,phases      ] GC(281) Summary Phase 0.100ms
[124.618s][info][gc,phases,start] GC(281) Adjust Roots
[124.618s][info][gc,phases      ] GC(281) Adjust Roots 0.170ms
[124.618s][info][gc,phases,start] GC(281) Compaction Phase
[125.226s][info][gc,phases      ] GC(281) Compaction Phase 607.748ms
[125.226s][info][gc,phases,start] GC(281) Post Compact
[125.240s][info][gc,phases      ] GC(281) Post Compact 14.155ms
[125.240s][info][gc,heap        ] GC(281) PSYoungGen: 341515K(535040K)->341515K(535040K) Eden: 140288K(140288K)->140288K(140288K) From: 201227K(394752K)->201227K(394752K)
[125.240s][info][gc,heap        ] GC(281) ParOldGen: 9966965K(9967104K)->9966965K(9967104K)
[125.240s][info][gc,metaspace   ] GC(281) Metaspace: 6301K(6464K)->6301K(6464K) NonClass: 5768K(5824K)->5768K(5824K) Class: 533K(640K)->533K(640K)
[125.241s][info][gc             ] GC(281) Pause Full (Ergonomics) 10066M->10066M(10256M) 3010.236ms
[125.241s][info][gc,cpu         ] GC(281) User=23.42s Sys=0.00s Real=3.01s
[125.241s][info][gc,start       ] GC(282) Pause Full (Ergonomics)
[125.241s][info][gc,phases,start] GC(282) Marking Phase
[127.602s][info][gc,phases      ] GC(282) Marking Phase 2361.425ms
[127.602s][info][gc,phases,start] GC(282) Summary Phase
[127.602s][info][gc,phases      ] GC(282) Summary Phase 0.102ms
[127.602s][info][gc,phases,start] GC(282) Adjust Roots
[127.603s][info][gc,phases      ] GC(282) Adjust Roots 0.190ms
[127.603s][info][gc,phases,start] GC(282) Compaction Phase
[128.208s][info][gc,phases      ] GC(282) Compaction Phase 604.897ms
[128.208s][info][gc,phases,start] GC(282) Post Compact
[128.221s][info][gc,phases      ] GC(282) Post Compact 13.108ms
[128.221s][info][gc,heap        ] GC(282) PSYoungGen: 341515K(535040K)->341515K(535040K) Eden: 140288K(140288K)->140288K(140288K) From: 201227K(394752K)->201227K(394752K)
[128.221s][info][gc,heap        ] GC(282) ParOldGen: 9966970K(9967104K)->9966970K(9967104K)
[128.221s][info][gc,metaspace   ] GC(282) Metaspace: 6301K(6464K)->6301K(6464K) NonClass: 5768K(5824K)->5768K(5824K) Class: 533K(640K)->533K(640K)
[128.221s][info][gc             ] GC(282) Pause Full (Ergonomics) 10066M->10066M(10256M) 2980.081ms
[128.221s][info][gc,cpu         ] GC(282) User=23.20s Sys=0.00s Real=2.98s
[128.221s][info][gc,start       ] GC(283) Pause Full (Ergonomics)
[128.221s][info][gc,phases,start] GC(283) Marking Phase
[130.594s][info][gc,phases      ] GC(283) Marking Phase 2373.228ms
[130.594s][info][gc,phases,start] GC(283) Summary Phase
[130.594s][info][gc,phases      ] GC(283) Summary Phase 0.102ms
[130.595s][info][gc,phases,start] GC(283) Adjust Roots
[130.595s][info][gc,phases      ] GC(283) Adjust Roots 0.168ms
[130.595s][info][gc,phases,start] GC(283) Compaction Phase
[131.201s][info][gc,phases      ] GC(283) Compaction Phase 606.413ms
[131.201s][info][gc,phases,start] GC(283) Post Compact
[131.214s][info][gc,phases      ] GC(283) Post Compact 12.896ms
[131.214s][info][gc,heap        ] GC(283) PSYoungGen: 341515K(535040K)->341515K(535040K) Eden: 140288K(140288K)->140288K(140288K) From: 201227K(394752K)->201227K(394752K)
[131.214s][info][gc,heap        ] GC(283) ParOldGen: 9966975K(9967104K)->9966975K(9967104K)
[131.214s][info][gc,metaspace   ] GC(283) Metaspace: 6301K(6464K)->6301K(6464K) NonClass: 5768K(5824K)->5768K(5824K) Class: 533K(640K)->533K(640K)
[131.214s][info][gc             ] GC(283) Pause Full (Ergonomics) 10066M->10066M(10256M) 2993.175ms
[131.214s][info][gc,cpu         ] GC(283) User=23.47s Sys=0.02s Real=2.99s
[131.214s][info][gc,start       ] GC(284) Pause Full (Ergonomics)
[131.214s][info][gc,phases,start] GC(284) Marking Phase
[133.579s][info][gc,phases      ] GC(284) Marking Phase 2364.747ms
[133.579s][info][gc,phases,start] GC(284) Summary Phase
[133.579s][info][gc,phases      ] GC(284) Summary Phase 0.118ms
[133.579s][info][gc,phases,start] GC(284) Adjust Roots
[133.580s][info][gc,phases      ] GC(284) Adjust Roots 0.212ms
[133.580s][info][gc,phases,start] GC(284) Compaction Phase
[134.204s][info][gc,phases      ] GC(284) Compaction Phase 624.671ms
[134.204s][info][gc,phases,start] GC(284) Post Compact
[134.219s][info][gc,phases      ] GC(284) Post Compact 14.643ms
[134.219s][info][gc,heap        ] GC(284) PSYoungGen: 341515K(535040K)->341515K(535040K) Eden: 140288K(140288K)->140288K(140288K) From: 201227K(394752K)->201227K(394752K)
[134.219s][info][gc,heap        ] GC(284) ParOldGen: 9966979K(9967104K)->9966979K(9967104K)
[134.219s][info][gc,metaspace   ] GC(284) Metaspace: 6301K(6464K)->6301K(6464K) NonClass: 5768K(5824K)->5768K(5824K) Class: 533K(640K)->533K(640K)
[134.219s][info][gc             ] GC(284) Pause Full (Ergonomics) 10066M->10066M(10256M) 3004.739ms
[134.219s][info][gc,cpu         ] GC(284) User=23.11s Sys=0.00s Real=3.00s
[134.219s][info][gc,start       ] GC(285) Pause Full (Ergonomics)
[134.219s][info][gc,phases,start] GC(285) Marking Phase
[136.579s][info][gc,phases      ] GC(285) Marking Phase 2359.629ms
[136.579s][info][gc,phases,start] GC(285) Summary Phase
[136.579s][info][gc,phases      ] GC(285) Summary Phase 0.105ms
[136.579s][info][gc,phases,start] GC(285) Adjust Roots
[136.579s][info][gc,phases      ] GC(285) Adjust Roots 0.197ms
[136.579s][info][gc,phases,start] GC(285) Compaction Phase
[137.191s][info][gc,phases      ] GC(285) Compaction Phase 611.386ms
[137.191s][info][gc,phases,start] GC(285) Post Compact
[137.205s][info][gc,phases      ] GC(285) Post Compact 14.073ms
[137.205s][info][gc,heap        ] GC(285) PSYoungGen: 341515K(535040K)->341515K(535040K) Eden: 140288K(140288K)->140288K(140288K) From: 201227K(394752K)->201227K(394752K)
[137.205s][info][gc,heap        ] GC(285) ParOldGen: 9966984K(9967104K)->9966984K(9967104K)
[137.205s][info][gc,metaspace   ] GC(285) Metaspace: 6301K(6464K)->6301K(6464K) NonClass: 5768K(5824K)->5768K(5824K) Class: 533K(640K)->533K(640K)
[137.205s][info][gc             ] GC(285) Pause Full (Ergonomics) 10066M->10066M(10256M) 2985.768ms
[137.205s][info][gc,cpu         ] GC(285) User=23.31s Sys=0.02s Real=2.99s
[137.205s][info][gc,start       ] GC(286) Pause Full (Ergonomics)
[137.205s][info][gc,phases,start] GC(286) Marking Phase
[139.542s][info][gc,phases      ] GC(286) Marking Phase 2336.732ms
[139.542s][info][gc,phases,start] GC(286) Summary Phase
[139.542s][info][gc,phases      ] GC(286) Summary Phase 0.096ms
[139.542s][info][gc,phases,start] GC(286) Adjust Roots
[139.542s][info][gc,phases      ] GC(286) Adjust Roots 0.165ms
[139.543s][info][gc,phases,start] GC(286) Compaction Phase
[140.156s][info][gc,phases      ] GC(286) Compaction Phase 613.750ms
[140.156s][info][gc,phases,start] GC(286) Post Compact
[140.170s][info][gc,phases      ] GC(286) Post Compact 14.043ms
[140.170s][info][gc,heap        ] GC(286) PSYoungGen: 341515K(535040K)->341515K(535040K) Eden: 140288K(140288K)->140288K(140288K) From: 201227K(394752K)->201227K(394752K)
[140.170s][info][gc,heap        ] GC(286) ParOldGen: 9966989K(9967104K)->9966989K(9967104K)
[140.170s][info][gc,metaspace   ] GC(286) Metaspace: 6301K(6464K)->6301K(6464K) NonClass: 5768K(5824K)->5768K(5824K) Class: 533K(640K)->533K(640K)
[140.171s][info][gc             ] GC(286) Pause Full (Ergonomics) 10066M->10066M(10256M) 2965.130ms
[140.171s][info][gc,cpu         ] GC(286) User=22.95s Sys=0.00s Real=2.97s
[140.171s][info][gc,start       ] GC(287) Pause Full (Ergonomics)
[140.171s][info][gc,phases,start] GC(287) Marking Phase
[142.518s][info][gc,phases      ] GC(287) Marking Phase 2347.723ms
[142.519s][info][gc,phases,start] GC(287) Summary Phase
[142.519s][info][gc,phases      ] GC(287) Summary Phase 0.146ms
[142.519s][info][gc,phases,start] GC(287) Adjust Roots
[142.519s][info][gc,phases      ] GC(287) Adjust Roots 0.266ms
[142.519s][info][gc,phases,start] GC(287) Compaction Phase
[143.147s][info][gc,phases      ] GC(287) Compaction Phase 627.734ms
[143.147s][info][gc,phases,start] GC(287) Post Compact
[143.160s][info][gc,phases      ] GC(287) Post Compact 13.645ms
[143.161s][info][gc,heap        ] GC(287) PSYoungGen: 341515K(535040K)->341515K(535040K) Eden: 140288K(140288K)->140288K(140288K) From: 201227K(394752K)->201227K(394752K)
[143.161s][info][gc,heap        ] GC(287) ParOldGen: 9966994K(9967104K)->9966994K(9967104K)
[143.161s][info][gc,metaspace   ] GC(287) Metaspace: 6301K(6464K)->6301K(6464K) NonClass: 5768K(5824K)->5768K(5824K) Class: 533K(640K)->533K(640K)
[143.161s][info][gc             ] GC(287) Pause Full (Ergonomics) 10066M->10066M(10256M) 2989.891ms
[143.161s][info][gc,cpu         ] GC(287) User=23.20s Sys=0.00s Real=2.99s
[143.161s][info][gc,start       ] GC(288) Pause Full (Ergonomics)
[143.161s][info][gc,phases,start] GC(288) Marking Phase
[145.497s][info][gc,phases      ] GC(288) Marking Phase 2336.560ms
[145.497s][info][gc,phases,start] GC(288) Summary Phase
[145.498s][info][gc,phases      ] GC(288) Summary Phase 0.101ms
[145.498s][info][gc,phases,start] GC(288) Adjust Roots
[145.498s][info][gc,phases      ] GC(288) Adjust Roots 0.182ms
[145.498s][info][gc,phases,start] GC(288) Compaction Phase
[146.103s][info][gc,phases      ] GC(288) Compaction Phase 605.086ms
[146.103s][info][gc,phases,start] GC(288) Post Compact
[146.117s][info][gc,phases      ] GC(288) Post Compact 13.751ms
[146.117s][info][gc,heap        ] GC(288) PSYoungGen: 341515K(535040K)->341515K(535040K) Eden: 140288K(140288K)->140288K(140288K) From: 201227K(394752K)->201227K(394752K)
[146.117s][info][gc,heap        ] GC(288) ParOldGen: 9966999K(9967104K)->9966999K(9967104K)
[146.117s][info][gc,metaspace   ] GC(288) Metaspace: 6301K(6464K)->6301K(6464K) NonClass: 5768K(5824K)->5768K(5824K) Class: 533K(640K)->533K(640K)
[146.117s][info][gc             ] GC(288) Pause Full (Ergonomics) 10066M->10066M(10256M) 2956.062ms
[146.117s][info][gc,cpu         ] GC(288) User=22.88s Sys=0.00s Real=2.96s
[146.117s][info][gc,start       ] GC(289) Pause Full (Ergonomics)
[146.117s][info][gc,phases,start] GC(289) Marking Phase
[148.465s][info][gc,phases      ] GC(289) Marking Phase 2347.841ms
[148.465s][info][gc,phases,start] GC(289) Summary Phase
[148.465s][info][gc,phases      ] GC(289) Summary Phase 0.107ms
[148.465s][info][gc,phases,start] GC(289) Adjust Roots
[148.465s][info][gc,phases      ] GC(289) Adjust Roots 0.171ms
[148.465s][info][gc,phases,start] GC(289) Compaction Phase
[149.083s][info][gc,phases      ] GC(289) Compaction Phase 617.864ms
[149.083s][info][gc,phases,start] GC(289) Post Compact
[149.097s][info][gc,phases      ] GC(289) Post Compact 13.982ms
[149.097s][info][gc,heap        ] GC(289) PSYoungGen: 341515K(535040K)->341515K(535040K) Eden: 140288K(140288K)->140288K(140288K) From: 201227K(394752K)->201227K(394752K)
[149.097s][info][gc,heap        ] GC(289) ParOldGen: 9967004K(9967104K)->9967004K(9967104K)
[149.097s][info][gc,metaspace   ] GC(289) Metaspace: 6301K(6464K)->6301K(6464K) NonClass: 5768K(5824K)->5768K(5824K) Class: 533K(640K)->533K(640K)
[149.097s][info][gc             ] GC(289) Pause Full (Ergonomics) 10066M->10066M(10256M) 2980.313ms
[149.097s][info][gc,cpu         ] GC(289) User=23.23s Sys=0.00s Real=2.98s
[149.098s][info][gc,start       ] GC(290) Pause Full (Ergonomics)
[149.098s][info][gc,phases,start] GC(290) Marking Phase
[151.447s][info][gc,phases      ] GC(290) Marking Phase 2348.831ms
[151.447s][info][gc,phases,start] GC(290) Summary Phase
[151.447s][info][gc,phases      ] GC(290) Summary Phase 0.100ms
[151.447s][info][gc,phases,start] GC(290) Adjust Roots
[151.447s][info][gc,phases      ] GC(290) Adjust Roots 0.210ms
[151.447s][info][gc,phases,start] GC(290) Compaction Phase
[152.055s][info][gc,phases      ] GC(290) Compaction Phase 607.898ms
[152.055s][info][gc,phases,start] GC(290) Post Compact
[152.068s][info][gc,phases      ] GC(290) Post Compact 13.342ms
[152.068s][info][gc,heap        ] GC(290) PSYoungGen: 341515K(535040K)->341515K(535040K) Eden: 140288K(140288K)->140288K(140288K) From: 201227K(394752K)->201227K(394752K)
[152.068s][info][gc,heap        ] GC(290) ParOldGen: 9967008K(9967104K)->9967008K(9967104K)
[152.068s][info][gc,metaspace   ] GC(290) Metaspace: 6301K(6464K)->6301K(6464K) NonClass: 5768K(5824K)->5768K(5824K) Class: 533K(640K)->533K(640K)
[152.068s][info][gc             ] GC(290) Pause Full (Ergonomics) 10066M->10066M(10256M) 2970.766ms
[152.068s][info][gc,cpu         ] GC(290) User=23.12s Sys=0.02s Real=2.97s
[152.069s][info][gc,start       ] GC(291) Pause Full (Ergonomics)
[152.069s][info][gc,phases,start] GC(291) Marking Phase
[154.446s][info][gc,phases      ] GC(291) Marking Phase 2377.235ms
[154.446s][info][gc,phases,start] GC(291) Summary Phase
[154.446s][info][gc,phases      ] GC(291) Summary Phase 0.101ms
[154.446s][info][gc,phases,start] GC(291) Adjust Roots
[154.446s][info][gc,phases      ] GC(291) Adjust Roots 0.180ms
[154.446s][info][gc,phases,start] GC(291) Compaction Phase
[155.058s][info][gc,phases      ] GC(291) Compaction Phase 611.323ms
[155.058s][info][gc,phases,start] GC(291) Post Compact
[155.071s][info][gc,phases      ] GC(291) Post Compact 13.243ms
[155.071s][info][gc,heap        ] GC(291) PSYoungGen: 341515K(535040K)->341515K(535040K) Eden: 140288K(140288K)->140288K(140288K) From: 201227K(394752K)->201227K(394752K)
[155.071s][info][gc,heap        ] GC(291) ParOldGen: 9967013K(9967104K)->9967013K(9967104K)
[155.071s][info][gc,metaspace   ] GC(291) Metaspace: 6301K(6464K)->6301K(6464K) NonClass: 5768K(5824K)->5768K(5824K) Class: 533K(640K)->533K(640K)
[155.071s][info][gc             ] GC(291) Pause Full (Ergonomics) 10066M->10066M(10256M) 3002.451ms
[155.071s][info][gc,cpu         ] GC(291) User=23.20s Sys=0.00s Real=3.00s
[155.071s][info][gc,start       ] GC(292) Pause Full (Ergonomics)
[155.071s][info][gc,phases,start] GC(292) Marking Phase
[157.438s][info][gc,phases      ] GC(292) Marking Phase 2367.055ms
[157.438s][info][gc,phases,start] GC(292) Summary Phase
[157.439s][info][gc,phases      ] GC(292) Summary Phase 0.095ms
[157.439s][info][gc,phases,start] GC(292) Adjust Roots
[157.439s][info][gc,phases      ] GC(292) Adjust Roots 0.169ms
[157.439s][info][gc,phases,start] GC(292) Compaction Phase
[158.050s][info][gc,phases      ] GC(292) Compaction Phase 611.635ms
[158.050s][info][gc,phases,start] GC(292) Post Compact
[158.065s][info][gc,phases      ] GC(292) Post Compact 14.316ms
[158.065s][info][gc,heap        ] GC(292) PSYoungGen: 341515K(535040K)->341515K(535040K) Eden: 140288K(140288K)->140288K(140288K) From: 201227K(394752K)->201227K(394752K)
[158.065s][info][gc,heap        ] GC(292) ParOldGen: 9967018K(9967104K)->9967018K(9967104K)
[158.065s][info][gc,metaspace   ] GC(292) Metaspace: 6301K(6464K)->6301K(6464K) NonClass: 5768K(5824K)->5768K(5824K) Class: 533K(640K)->533K(640K)
[158.065s][info][gc             ] GC(292) Pause Full (Ergonomics) 10066M->10066M(10256M) 2993.660ms
[158.065s][info][gc,cpu         ] GC(292) User=23.33s Sys=0.00s Real=2.99s
[158.065s][info][gc,start       ] GC(293) Pause Full (Ergonomics)
[158.065s][info][gc,phases,start] GC(293) Marking Phase
[160.388s][info][gc,phases      ] GC(293) Marking Phase 2322.318ms
[160.388s][info][gc,phases,start] GC(293) Summary Phase
[160.388s][info][gc,phases      ] GC(293) Summary Phase 0.094ms
[160.388s][info][gc,phases,start] GC(293) Adjust Roots
[160.388s][info][gc,phases      ] GC(293) Adjust Roots 0.166ms
[160.388s][info][gc,phases,start] GC(293) Compaction Phase
[160.996s][info][gc,phases      ] GC(293) Compaction Phase 607.693ms
[160.996s][info][gc,phases,start] GC(293) Post Compact
[161.009s][info][gc,phases      ] GC(293) Post Compact 12.951ms
[161.009s][info][gc,heap        ] GC(293) PSYoungGen: 341515K(535040K)->341515K(535040K) Eden: 140288K(140288K)->140288K(140288K) From: 201227K(394752K)->201227K(394752K)
[161.009s][info][gc,heap        ] GC(293) ParOldGen: 9967023K(9967104K)->9967023K(9967104K)
[161.009s][info][gc,metaspace   ] GC(293) Metaspace: 6301K(6464K)->6301K(6464K) NonClass: 5768K(5824K)->5768K(5824K) Class: 533K(640K)->533K(640K)
[161.009s][info][gc             ] GC(293) Pause Full (Ergonomics) 10066M->10066M(10256M) 2943.567ms
[161.009s][info][gc,cpu         ] GC(293) User=22.92s Sys=0.02s Real=2.94s
[161.009s][info][gc,start       ] GC(294) Pause Full (Ergonomics)
[161.009s][info][gc,phases,start] GC(294) Marking Phase
[163.299s][info][gc,phases      ] GC(294) Marking Phase 2290.488ms
[163.300s][info][gc,phases,start] GC(294) Summary Phase
[163.300s][info][gc,phases      ] GC(294) Summary Phase 0.096ms
[163.300s][info][gc,phases,start] GC(294) Adjust Roots
[163.300s][info][gc,phases      ] GC(294) Adjust Roots 0.164ms
[163.300s][info][gc,phases,start] GC(294) Compaction Phase
[163.918s][info][gc,phases      ] GC(294) Compaction Phase 618.155ms
[163.918s][info][gc,phases,start] GC(294) Post Compact
[163.931s][info][gc,phases      ] GC(294) Post Compact 13.125ms
[163.931s][info][gc,heap        ] GC(294) PSYoungGen: 341515K(535040K)->341515K(535040K) Eden: 140288K(140288K)->140288K(140288K) From: 201227K(394752K)->201227K(394752K)
[163.931s][info][gc,heap        ] GC(294) ParOldGen: 9967028K(9967104K)->9967028K(9967104K)
[163.931s][info][gc,metaspace   ] GC(294) Metaspace: 6301K(6464K)->6301K(6464K) NonClass: 5768K(5824K)->5768K(5824K) Class: 533K(640K)->533K(640K)
[163.931s][info][gc             ] GC(294) Pause Full (Ergonomics) 10066M->10066M(10256M) 2922.364ms
[163.931s][info][gc,cpu         ] GC(294) User=22.77s Sys=0.02s Real=2.92s
[163.932s][info][gc,start       ] GC(295) Pause Full (Ergonomics)
[163.932s][info][gc,phases,start] GC(295) Marking Phase
[166.269s][info][gc,phases      ] GC(295) Marking Phase 2337.171ms
[166.269s][info][gc,phases,start] GC(295) Summary Phase
[166.269s][info][gc,phases      ] GC(295) Summary Phase 0.096ms
[166.269s][info][gc,phases,start] GC(295) Adjust Roots
[166.269s][info][gc,phases      ] GC(295) Adjust Roots 0.175ms
[166.269s][info][gc,phases,start] GC(295) Compaction Phase
[166.900s][info][gc,phases      ] GC(295) Compaction Phase 631.354ms
[166.901s][info][gc,phases,start] GC(295) Post Compact
[166.915s][info][gc,phases      ] GC(295) Post Compact 14.219ms
[166.915s][info][gc,heap        ] GC(295) PSYoungGen: 341515K(535040K)->341515K(535040K) Eden: 140288K(140288K)->140288K(140288K) From: 201227K(394752K)->201227K(394752K)
[166.915s][info][gc,heap        ] GC(295) ParOldGen: 9967033K(9967104K)->9967033K(9967104K)
[166.915s][info][gc,metaspace   ] GC(295) Metaspace: 6301K(6464K)->6301K(6464K) NonClass: 5768K(5824K)->5768K(5824K) Class: 533K(640K)->533K(640K)
[166.915s][info][gc             ] GC(295) Pause Full (Ergonomics) 10066M->10066M(10256M) 2983.349ms
[166.915s][info][gc,cpu         ] GC(295) User=23.19s Sys=0.00s Real=2.98s
[166.915s][info][gc,start       ] GC(296) Pause Full (Ergonomics)
[166.915s][info][gc,phases,start] GC(296) Marking Phase
[169.218s][info][gc,phases      ] GC(296) Marking Phase 2302.888ms
[169.218s][info][gc,phases,start] GC(296) Summary Phase
[169.218s][info][gc,phases      ] GC(296) Summary Phase 0.097ms
[169.218s][info][gc,phases,start] GC(296) Adjust Roots
[169.218s][info][gc,phases      ] GC(296) Adjust Roots 0.165ms
[169.218s][info][gc,phases,start] GC(296) Compaction Phase
[169.852s][info][gc,phases      ] GC(296) Compaction Phase 633.777ms
[169.852s][info][gc,phases,start] GC(296) Post Compact
[169.866s][info][gc,phases      ] GC(296) Post Compact 14.116ms
[169.866s][info][gc,heap        ] GC(296) PSYoungGen: 341515K(535040K)->341515K(535040K) Eden: 140288K(140288K)->140288K(140288K) From: 201227K(394752K)->201227K(394752K)
[169.866s][info][gc,heap        ] GC(296) ParOldGen: 9967037K(9967104K)->9967037K(9967104K)
[169.866s][info][gc,metaspace   ] GC(296) Metaspace: 6301K(6464K)->6301K(6464K) NonClass: 5768K(5824K)->5768K(5824K) Class: 533K(640K)->533K(640K)
[169.866s][info][gc             ] GC(296) Pause Full (Ergonomics) 10066M->10066M(10256M) 2951.400ms
[169.866s][info][gc,cpu         ] GC(296) User=22.97s Sys=0.00s Real=2.95s
[169.867s][info][gc,start       ] GC(297) Pause Full (Ergonomics)
[169.867s][info][gc,phases,start] GC(297) Marking Phase
[172.175s][info][gc,phases      ] GC(297) Marking Phase 2308.000ms
[172.175s][info][gc,phases,start] GC(297) Summary Phase
[172.175s][info][gc,phases      ] GC(297) Summary Phase 0.159ms
[172.175s][info][gc,phases,start] GC(297) Adjust Roots
[172.175s][info][gc,phases      ] GC(297) Adjust Roots 0.261ms
[172.175s][info][gc,phases,start] GC(297) Compaction Phase
[172.791s][info][gc,phases      ] GC(297) Compaction Phase 615.295ms
[172.791s][info][gc,phases,start] GC(297) Post Compact
[172.805s][info][gc,phases      ] GC(297) Post Compact 14.638ms
[172.805s][info][gc,heap        ] GC(297) PSYoungGen: 341515K(535040K)->341515K(535040K) Eden: 140288K(140288K)->140288K(140288K) From: 201227K(394752K)->201227K(394752K)
[172.805s][info][gc,heap        ] GC(297) ParOldGen: 9967042K(9967104K)->9967042K(9967104K)
[172.805s][info][gc,metaspace   ] GC(297) Metaspace: 6301K(6464K)->6301K(6464K) NonClass: 5768K(5824K)->5768K(5824K) Class: 533K(640K)->533K(640K)
[172.805s][info][gc             ] GC(297) Pause Full (Ergonomics) 10066M->10066M(10256M) 2938.760ms
[172.805s][info][gc,cpu         ] GC(297) User=22.73s Sys=0.00s Real=2.94s
[172.806s][info][gc,start       ] GC(298) Pause Full (Ergonomics)
[172.806s][info][gc,phases,start] GC(298) Marking Phase
[175.146s][info][gc,phases      ] GC(298) Marking Phase 2340.328ms
[175.146s][info][gc,phases,start] GC(298) Summary Phase
[175.146s][info][gc,phases      ] GC(298) Summary Phase 0.124ms
[175.146s][info][gc,phases,start] GC(298) Adjust Roots
[175.146s][info][gc,phases      ] GC(298) Adjust Roots 0.230ms
[175.146s][info][gc,phases,start] GC(298) Compaction Phase
[175.777s][info][gc,phases      ] GC(298) Compaction Phase 630.829ms
[175.777s][info][gc,phases,start] GC(298) Post Compact
[175.793s][info][gc,phases      ] GC(298) Post Compact 15.881ms
[175.793s][info][gc,heap        ] GC(298) PSYoungGen: 341515K(535040K)->341515K(535040K) Eden: 140288K(140288K)->140288K(140288K) From: 201227K(394752K)->201227K(394752K)
[175.793s][info][gc,heap        ] GC(298) ParOldGen: 9967047K(9967104K)->9967047K(9967104K)
[175.793s][info][gc,metaspace   ] GC(298) Metaspace: 6301K(6464K)->6301K(6464K) NonClass: 5768K(5824K)->5768K(5824K) Class: 533K(640K)->533K(640K)
[175.794s][info][gc             ] GC(298) Pause Full (Ergonomics) 10066M->10066M(10256M) 2987.861ms
[175.794s][info][gc,cpu         ] GC(298) User=23.09s Sys=0.00s Real=2.99s
[175.794s][info][gc,start       ] GC(299) Pause Full (Ergonomics)
[175.794s][info][gc,phases,start] GC(299) Marking Phase
[178.128s][info][gc,phases      ] GC(299) Marking Phase 2334.240ms
[178.128s][info][gc,phases,start] GC(299) Summary Phase
[178.128s][info][gc,phases      ] GC(299) Summary Phase 0.121ms
[178.128s][info][gc,phases,start] GC(299) Adjust Roots
[178.128s][info][gc,phases      ] GC(299) Adjust Roots 0.230ms
[178.128s][info][gc,phases,start] GC(299) Compaction Phase
[178.758s][info][gc,phases      ] GC(299) Compaction Phase 629.506ms
[178.758s][info][gc,phases,start] GC(299) Post Compact
[178.774s][info][gc,phases      ] GC(299) Post Compact 16.048ms
[178.774s][info][gc,heap        ] GC(299) PSYoungGen: 341515K(535040K)->341515K(535040K) Eden: 140288K(140288K)->140288K(140288K) From: 201227K(394752K)->201227K(394752K)
[178.774s][info][gc,heap        ] GC(299) ParOldGen: 9967052K(9967104K)->9967052K(9967104K)
[178.774s][info][gc,metaspace   ] GC(299) Metaspace: 6301K(6464K)->6301K(6464K) NonClass: 5768K(5824K)->5768K(5824K) Class: 533K(640K)->533K(640K)
[178.774s][info][gc             ] GC(299) Pause Full (Ergonomics) 10066M->10066M(10256M) 2980.569ms
[178.774s][info][gc,cpu         ] GC(299) User=22.97s Sys=0.00s Real=2.98s
[178.775s][info][gc,start       ] GC(300) Pause Full (Ergonomics)
[178.775s][info][gc,phases,start] GC(300) Marking Phase
[181.135s][info][gc,phases      ] GC(300) Marking Phase 2360.881ms
[181.136s][info][gc,phases,start] GC(300) Summary Phase
[181.136s][info][gc,phases      ] GC(300) Summary Phase 0.105ms
[181.136s][info][gc,phases,start] GC(300) Adjust Roots
[181.136s][info][gc,phases      ] GC(300) Adjust Roots 0.226ms
[181.136s][info][gc,phases,start] GC(300) Compaction Phase
[181.778s][info][gc,phases      ] GC(300) Compaction Phase 641.823ms
[181.778s][info][gc,phases,start] GC(300) Post Compact
[181.793s][info][gc,phases      ] GC(300) Post Compact 14.769ms
[181.793s][info][gc,heap        ] GC(300) PSYoungGen: 341515K(535040K)->341515K(535040K) Eden: 140288K(140288K)->140288K(140288K) From: 201227K(394752K)->201227K(394752K)
[181.793s][info][gc,heap        ] GC(300) ParOldGen: 9967057K(9967104K)->9967057K(9967104K)
[181.793s][info][gc,metaspace   ] GC(300) Metaspace: 6301K(6464K)->6301K(6464K) NonClass: 5768K(5824K)->5768K(5824K) Class: 533K(640K)->533K(640K)
[181.793s][info][gc             ] GC(300) Pause Full (Ergonomics) 10066M->10066M(10256M) 3018.161ms
[181.793s][info][gc,cpu         ] GC(300) User=23.12s Sys=0.00s Real=3.02s
[181.793s][info][gc,start       ] GC(301) Pause Full (Ergonomics)
[181.793s][info][gc,phases,start] GC(301) Marking Phase
[184.115s][info][gc,phases      ] GC(301) Marking Phase 2322.037ms
[184.115s][info][gc,phases,start] GC(301) Summary Phase
[184.115s][info][gc,phases      ] GC(301) Summary Phase 0.175ms
[184.115s][info][gc,phases,start] GC(301) Adjust Roots
[184.116s][info][gc,phases      ] GC(301) Adjust Roots 0.347ms
[184.116s][info][gc,phases,start] GC(301) Compaction Phase
[184.780s][info][gc,phases      ] GC(301) Compaction Phase 664.368ms
[184.780s][info][gc,phases,start] GC(301) Post Compact
[184.796s][info][gc,phases      ] GC(301) Post Compact 16.012ms
[184.796s][info][gc,heap        ] GC(301) PSYoungGen: 341515K(535040K)->341515K(535040K) Eden: 140288K(140288K)->140288K(140288K) From: 201227K(394752K)->201227K(394752K)
[184.796s][info][gc,heap        ] GC(301) ParOldGen: 9967062K(9967104K)->9967062K(9967104K)
[184.796s][info][gc,metaspace   ] GC(301) Metaspace: 6301K(6464K)->6301K(6464K) NonClass: 5768K(5824K)->5768K(5824K) Class: 533K(640K)->533K(640K)
[184.796s][info][gc             ] GC(301) Pause Full (Ergonomics) 10066M->10066M(10256M) 3003.389ms
[184.796s][info][gc,cpu         ] GC(301) User=22.75s Sys=0.00s Real=3.00s
[184.797s][info][gc,start       ] GC(302) Pause Full (Ergonomics)
[184.797s][info][gc,phases,start] GC(302) Marking Phase
[187.124s][info][gc,phases      ] GC(302) Marking Phase 2327.866ms
[187.125s][info][gc,phases,start] GC(302) Summary Phase
[187.125s][info][gc,phases      ] GC(302) Summary Phase 0.106ms
[187.125s][info][gc,phases,start] GC(302) Adjust Roots
[187.125s][info][gc,phases      ] GC(302) Adjust Roots 0.200ms
[187.125s][info][gc,phases,start] GC(302) Compaction Phase
[187.756s][info][gc,phases      ] GC(302) Compaction Phase 631.025ms
[187.756s][info][gc,phases,start] GC(302) Post Compact
[187.771s][info][gc,phases      ] GC(302) Post Compact 15.201ms
[187.771s][info][gc,heap        ] GC(302) PSYoungGen: 341515K(535040K)->341515K(535040K) Eden: 140288K(140288K)->140288K(140288K) From: 201227K(394752K)->201227K(394752K)
[187.771s][info][gc,heap        ] GC(302) ParOldGen: 9967066K(9967104K)->9967066K(9967104K)
[187.771s][info][gc,metaspace   ] GC(302) Metaspace: 6301K(6464K)->6301K(6464K) NonClass: 5768K(5824K)->5768K(5824K) Class: 533K(640K)->533K(640K)
[187.771s][info][gc             ] GC(302) Pause Full (Ergonomics) 10066M->10066M(10256M) 2974.750ms
[187.771s][info][gc,cpu         ] GC(302) User=23.03s Sys=0.00s Real=2.97s
[187.772s][info][gc,start       ] GC(303) Pause Full (Ergonomics)
[187.772s][info][gc,phases,start] GC(303) Marking Phase
[190.090s][info][gc,phases      ] GC(303) Marking Phase 2318.163ms
[190.090s][info][gc,phases,start] GC(303) Summary Phase
[190.090s][info][gc,phases      ] GC(303) Summary Phase 0.101ms
[190.090s][info][gc,phases,start] GC(303) Adjust Roots
[190.090s][info][gc,phases      ] GC(303) Adjust Roots 0.171ms
[190.090s][info][gc,phases,start] GC(303) Compaction Phase
[190.713s][info][gc,phases      ] GC(303) Compaction Phase 623.144ms
[190.713s][info][gc,phases,start] GC(303) Post Compact
[190.729s][info][gc,phases      ] GC(303) Post Compact 15.724ms
[190.729s][info][gc,heap        ] GC(303) PSYoungGen: 341515K(535040K)->341515K(535040K) Eden: 140288K(140288K)->140288K(140288K) From: 201227K(394752K)->201227K(394752K)
[190.729s][info][gc,heap        ] GC(303) ParOldGen: 9967071K(9967104K)->9967071K(9967104K)
[190.729s][info][gc,metaspace   ] GC(303) Metaspace: 6301K(6464K)->6301K(6464K) NonClass: 5768K(5824K)->5768K(5824K) Class: 533K(640K)->533K(640K)
[190.729s][info][gc             ] GC(303) Pause Full (Ergonomics) 10066M->10066M(10256M) 2957.685ms
[190.729s][info][gc,cpu         ] GC(303) User=22.83s Sys=0.00s Real=2.96s
[190.729s][info][gc,start       ] GC(304) Pause Full (Ergonomics)
[190.729s][info][gc,phases,start] GC(304) Marking Phase
[193.060s][info][gc,phases      ] GC(304) Marking Phase 2330.552ms
[193.060s][info][gc,phases,start] GC(304) Summary Phase
[193.060s][info][gc,phases      ] GC(304) Summary Phase 0.180ms
[193.060s][info][gc,phases,start] GC(304) Adjust Roots
[193.061s][info][gc,phases      ] GC(304) Adjust Roots 0.262ms
[193.061s][info][gc,phases,start] GC(304) Compaction Phase
[193.677s][info][gc,phases      ] GC(304) Compaction Phase 616.663ms
[193.677s][info][gc,phases,start] GC(304) Post Compact
[193.693s][info][gc,phases      ] GC(304) Post Compact 15.152ms
[193.693s][info][gc,heap        ] GC(304) PSYoungGen: 341515K(535040K)->341515K(535040K) Eden: 140288K(140288K)->140288K(140288K) From: 201227K(394752K)->201227K(394752K)
[193.693s][info][gc,heap        ] GC(304) ParOldGen: 9967076K(9967104K)->9967076K(9967104K)
[193.693s][info][gc,metaspace   ] GC(304) Metaspace: 6301K(6464K)->6301K(6464K) NonClass: 5768K(5824K)->5768K(5824K) Class: 533K(640K)->533K(640K)
[193.693s][info][gc             ] GC(304) Pause Full (Ergonomics) 10066M->10066M(10256M) 2963.206ms
[193.693s][info][gc,cpu         ] GC(304) User=22.91s Sys=0.02s Real=2.96s
[193.693s][info][gc,start       ] GC(305) Pause Full (Ergonomics)
[193.693s][info][gc,phases,start] GC(305) Marking Phase
[196.027s][info][gc,phases      ] GC(305) Marking Phase 2333.960ms
[196.027s][info][gc,phases,start] GC(305) Summary Phase
[196.027s][info][gc,phases      ] GC(305) Summary Phase 0.098ms
[196.027s][info][gc,phases,start] GC(305) Adjust Roots
[196.027s][info][gc,phases      ] GC(305) Adjust Roots 0.173ms
[196.027s][info][gc,phases,start] GC(305) Compaction Phase
[196.645s][info][gc,phases      ] GC(305) Compaction Phase 617.476ms
[196.645s][info][gc,phases,start] GC(305) Post Compact
[196.660s][info][gc,phases      ] GC(305) Post Compact 14.955ms
[196.660s][info][gc,heap        ] GC(305) PSYoungGen: 341515K(535040K)->341515K(535040K) Eden: 140288K(140288K)->140288K(140288K) From: 201227K(394752K)->201227K(394752K)
[196.660s][info][gc,heap        ] GC(305) ParOldGen: 9967081K(9967104K)->9967081K(9967104K)
[196.660s][info][gc,metaspace   ] GC(305) Metaspace: 6301K(6464K)->6301K(6464K) NonClass: 5768K(5824K)->5768K(5824K) Class: 533K(640K)->533K(640K)
[196.660s][info][gc             ] GC(305) Pause Full (Ergonomics) 10066M->10066M(10256M) 2967.026ms
[196.660s][info][gc,cpu         ] GC(305) User=22.95s Sys=0.03s Real=2.97s
[196.660s][info][gc,start       ] GC(306) Pause Full (Ergonomics)
[196.660s][info][gc,phases,start] GC(306) Marking Phase
[199.002s][info][gc,phases      ] GC(306) Marking Phase 2342.146ms
[199.002s][info][gc,phases,start] GC(306) Summary Phase
[199.003s][info][gc,phases      ] GC(306) Summary Phase 0.146ms
[199.003s][info][gc,phases,start] GC(306) Adjust Roots
[199.003s][info][gc,phases      ] GC(306) Adjust Roots 0.291ms
[199.003s][info][gc,phases,start] GC(306) Compaction Phase
[199.629s][info][gc,phases      ] GC(306) Compaction Phase 626.262ms
[199.629s][info][gc,phases,start] GC(306) Post Compact
[199.645s][info][gc,phases      ] GC(306) Post Compact 15.959ms
[199.645s][info][gc,heap        ] GC(306) PSYoungGen: 341515K(535040K)->341515K(535040K) Eden: 140288K(140288K)->140288K(140288K) From: 201227K(394752K)->201227K(394752K)
[199.645s][info][gc,heap        ] GC(306) ParOldGen: 9967086K(9967104K)->9967086K(9967104K)
[199.645s][info][gc,metaspace   ] GC(306) Metaspace: 6301K(6464K)->6301K(6464K) NonClass: 5768K(5824K)->5768K(5824K) Class: 533K(640K)->533K(640K)
[199.645s][info][gc             ] GC(306) Pause Full (Ergonomics) 10066M->10066M(10256M) 2985.223ms
[199.645s][info][gc,cpu         ] GC(306) User=23.06s Sys=0.00s Real=2.99s
[199.646s][info][gc,start       ] GC(307) Pause Full (Ergonomics)
[199.646s][info][gc,phases,start] GC(307) Marking Phase
[202.004s][info][gc,phases      ] GC(307) Marking Phase 2357.962ms
[202.004s][info][gc,phases,start] GC(307) Summary Phase
[202.004s][info][gc,phases      ] GC(307) Summary Phase 0.160ms
[202.004s][info][gc,phases,start] GC(307) Adjust Roots
[202.004s][info][gc,phases      ] GC(307) Adjust Roots 0.386ms
[202.004s][info][gc,phases,start] GC(307) Compaction Phase
[202.633s][info][gc,phases      ] GC(307) Compaction Phase 628.639ms
[202.633s][info][gc,phases,start] GC(307) Post Compact
[202.649s][info][gc,phases      ] GC(307) Post Compact 16.159ms
[202.649s][info][gc,heap        ] GC(307) PSYoungGen: 341515K(535040K)->341515K(535040K) Eden: 140288K(140288K)->140288K(140288K) From: 201227K(394752K)->201227K(394752K)
[202.649s][info][gc,heap        ] GC(307) ParOldGen: 9967091K(9967104K)->9967091K(9967104K)
[202.649s][info][gc,metaspace   ] GC(307) Metaspace: 6301K(6464K)->6301K(6464K) NonClass: 5768K(5824K)->5768K(5824K) Class: 533K(640K)->533K(640K)
[202.649s][info][gc             ] GC(307) Pause Full (Ergonomics) 10066M->10066M(10256M) 3003.800ms
[202.649s][info][gc,cpu         ] GC(307) User=23.28s Sys=0.00s Real=3.00s
[202.650s][info][gc,start       ] GC(308) Pause Full (Ergonomics)
[202.650s][info][gc,phases,start] GC(308) Marking Phase
[204.982s][info][gc,phases      ] GC(308) Marking Phase 2332.351ms
[204.982s][info][gc,phases,start] GC(308) Summary Phase
[204.982s][info][gc,phases      ] GC(308) Summary Phase 0.160ms
[204.982s][info][gc,phases,start] GC(308) Adjust Roots
[204.983s][info][gc,phases      ] GC(308) Adjust Roots 0.344ms
[204.983s][info][gc,phases,start] GC(308) Compaction Phase
[205.599s][info][gc,phases      ] GC(308) Compaction Phase 616.346ms
[205.599s][info][gc,phases,start] GC(308) Post Compact
[205.614s][info][gc,phases      ] GC(308) Post Compact 14.872ms
[205.614s][info][gc,heap        ] GC(308) PSYoungGen: 341515K(535040K)->341515K(535040K) Eden: 140288K(140288K)->140288K(140288K) From: 201227K(394752K)->201227K(394752K)
[205.614s][info][gc,heap        ] GC(308) ParOldGen: 9967095K(9967104K)->9967095K(9967104K)
[205.614s][info][gc,metaspace   ] GC(308) Metaspace: 6301K(6464K)->6301K(6464K) NonClass: 5768K(5824K)->5768K(5824K) Class: 533K(640K)->533K(640K)
[205.614s][info][gc             ] GC(308) Pause Full (Ergonomics) 10067M->10067M(10256M) 2964.511ms
[205.614s][info][gc,cpu         ] GC(308) User=23.02s Sys=0.03s Real=2.96s
[205.614s][info][gc,start       ] GC(309) Pause Full (Ergonomics)
[205.614s][info][gc,phases,start] GC(309) Marking Phase
[207.982s][info][gc,phases      ] GC(309) Marking Phase 2367.495ms
[207.982s][info][gc,phases,start] GC(309) Summary Phase
[207.982s][info][gc,phases      ] GC(309) Summary Phase 0.106ms
[207.982s][info][gc,phases,start] GC(309) Adjust Roots
[207.982s][info][gc,phases      ] GC(309) Adjust Roots 0.173ms
[207.982s][info][gc,phases,start] GC(309) Compaction Phase
[208.608s][info][gc,phases      ] GC(309) Compaction Phase 625.600ms
[208.608s][info][gc,phases,start] GC(309) Post Compact
[208.623s][info][gc,phases      ] GC(309) Post Compact 15.188ms
[208.623s][info][gc,heap        ] GC(309) PSYoungGen: 341515K(535040K)->341515K(535040K) Eden: 140288K(140288K)->140288K(140288K) From: 201227K(394752K)->201227K(394752K)
[208.623s][info][gc,heap        ] GC(309) ParOldGen: 9967100K(9967104K)->9967100K(9967104K)
[208.623s][info][gc,metaspace   ] GC(309) Metaspace: 6301K(6464K)->6301K(6464K) NonClass: 5768K(5824K)->5768K(5824K) Class: 533K(640K)->533K(640K)
[208.623s][info][gc             ] GC(309) Pause Full (Ergonomics) 10067M->10067M(10256M) 3008.950ms
[208.623s][info][gc,cpu         ] GC(309) User=23.33s Sys=0.00s Real=3.01s
[208.624s][info][gc,start       ] GC(310) Pause Full (Ergonomics)
[208.624s][info][gc,phases,start] GC(310) Marking Phase
[210.942s][info][gc,phases      ] GC(310) Marking Phase 2318.252ms
[210.942s][info][gc,phases,start] GC(310) Summary Phase
[210.942s][info][gc,phases      ] GC(310) Summary Phase 0.139ms
[210.942s][info][gc,phases,start] GC(310) Adjust Roots
[210.942s][info][gc,phases      ] GC(310) Adjust Roots 0.251ms
[210.942s][info][gc,phases,start] GC(310) Compaction Phase
[211.566s][info][gc,phases      ] GC(310) Compaction Phase 623.711ms
[211.566s][info][gc,phases,start] GC(310) Post Compact
[211.581s][info][gc,phases      ] GC(310) Post Compact 15.297ms
[211.581s][info][gc,heap        ] GC(310) PSYoungGen: 341515K(535040K)->341515K(535040K) Eden: 140288K(140288K)->140288K(140288K) From: 201227K(394752K)->201227K(394752K)
[211.582s][info][gc,heap        ] GC(310) ParOldGen: 9967103K(9967104K)->9967103K(9967104K)
[211.582s][info][gc,metaspace   ] GC(310) Metaspace: 6301K(6464K)->6301K(6464K) NonClass: 5768K(5824K)->5768K(5824K) Class: 533K(640K)->533K(640K)
[211.582s][info][gc             ] GC(310) Pause Full (Ergonomics) 10067M->10067M(10256M) 2958.000ms
[211.582s][info][gc,cpu         ] GC(310) User=22.86s Sys=0.00s Real=2.96s
[211.582s][info][gc,start       ] GC(311) Pause Full (Allocation Failure)
[211.582s][info][gc,phases,start] GC(311) Marking Phase
[213.925s][info][gc,phases      ] GC(311) Marking Phase 2343.670ms
[213.925s][info][gc,phases,start] GC(311) Summary Phase
[213.925s][info][gc,phases      ] GC(311) Summary Phase 0.107ms
[213.925s][info][gc,phases,start] GC(311) Adjust Roots
[213.926s][info][gc,phases      ] GC(311) Adjust Roots 0.407ms
[213.926s][info][gc,phases,start] GC(311) Compaction Phase
[216.441s][info][gc,phases      ] GC(311) Compaction Phase 2515.414ms
[216.441s][info][gc,phases,start] GC(311) Post Compact
[216.460s][info][gc,phases      ] GC(311) Post Compact 18.161ms
[216.460s][info][gc,heap        ] GC(311) PSYoungGen: 341515K(535040K)->341515K(535040K) Eden: 140288K(140288K)->140288K(140288K) From: 201227K(394752K)->201227K(394752K)
[216.460s][info][gc,heap        ] GC(311) ParOldGen: 9967103K(9967104K)->9967099K(9967104K)
[216.460s][info][gc,metaspace   ] GC(311) Metaspace: 6301K(6464K)->6300K(6464K) NonClass: 5768K(5824K)->5767K(5824K) Class: 533K(640K)->532K(640K)
[216.460s][info][gc             ] GC(311) Pause Full (Allocation Failure) 10067M->10067M(10256M) 4878.123ms
[216.460s][info][gc,cpu         ] GC(311) User=36.56s Sys=0.02s Real=4.88s
[216.461s][info][gc,start       ] GC(312) Pause Full (Ergonomics)
[216.461s][info][gc,phases,start] GC(312) Marking Phase
[218.761s][info][gc,phases      ] GC(312) Marking Phase 2300.159ms
[218.761s][info][gc,phases,start] GC(312) Summary Phase
[218.761s][info][gc,phases      ] GC(312) Summary Phase 0.128ms
[218.761s][info][gc,phases,start] GC(312) Adjust Roots
[218.761s][info][gc,phases      ] GC(312) Adjust Roots 0.226ms
[218.761s][info][gc,phases,start] GC(312) Compaction Phase
[219.383s][info][gc,phases      ] GC(312) Compaction Phase 621.751ms
[219.383s][info][gc,phases,start] GC(312) Post Compact
[219.398s][info][gc,phases      ] GC(312) Post Compact 14.239ms
[219.398s][info][gc,heap        ] GC(312) PSYoungGen: 341515K(535040K)->341515K(535040K) Eden: 140288K(140288K)->140288K(140288K) From: 201227K(394752K)->201227K(394752K)
[219.398s][info][gc,heap        ] GC(312) ParOldGen: 9967101K(9967104K)->9967101K(9967104K)
[219.398s][info][gc,metaspace   ] GC(312) Metaspace: 6300K(6464K)->6300K(6464K) NonClass: 5767K(5824K)->5767K(5824K) Class: 532K(640K)->532K(640K)
[219.398s][info][gc             ] GC(312) Pause Full (Ergonomics) 10067M->10067M(10256M) 2936.854ms
[219.398s][info][gc,cpu         ] GC(312) User=22.56s Sys=0.00s Real=2.94s
[219.398s][info][gc,start       ] GC(313) Pause Full (Ergonomics)
[219.398s][info][gc,phases,start] GC(313) Marking Phase
[221.734s][info][gc,phases      ] GC(313) Marking Phase 2335.868ms
[221.734s][info][gc,phases,start] GC(313) Summary Phase
[221.734s][info][gc,phases      ] GC(313) Summary Phase 0.130ms
[221.734s][info][gc,phases,start] GC(313) Adjust Roots
[221.735s][info][gc,phases      ] GC(313) Adjust Roots 0.245ms
[221.735s][info][gc,phases,start] GC(313) Compaction Phase
[222.365s][info][gc,phases      ] GC(313) Compaction Phase 630.701ms
[222.365s][info][gc,phases,start] GC(313) Post Compact
[222.380s][info][gc,phases      ] GC(313) Post Compact 14.780ms
[222.380s][info][gc,heap        ] GC(313) PSYoungGen: 341515K(535040K)->341515K(535040K) Eden: 140288K(140288K)->140288K(140288K) From: 201227K(394752K)->201227K(394752K)
[222.380s][info][gc,heap        ] GC(313) ParOldGen: 9967103K(9967104K)->9967103K(9967104K)
[222.380s][info][gc,metaspace   ] GC(313) Metaspace: 6300K(6464K)->6300K(6464K) NonClass: 5767K(5824K)->5767K(5824K) Class: 532K(640K)->532K(640K)
[222.380s][info][gc             ] GC(313) Pause Full (Ergonomics) 10067M->10067M(10256M) 2982.098ms
[222.380s][info][gc,cpu         ] GC(313) User=23.00s Sys=0.00s Real=2.98s
[222.380s][info][gc,start       ] GC(314) Pause Full (Allocation Failure)
[222.380s][info][gc,phases,start] GC(314) Marking Phase
[224.712s][info][gc,phases      ] GC(314) Marking Phase 2331.291ms
[224.712s][info][gc,phases,start] GC(314) Summary Phase
[224.712s][info][gc,phases      ] GC(314) Summary Phase 0.188ms
[224.712s][info][gc,phases,start] GC(314) Adjust Roots
[224.712s][info][gc,phases      ] GC(314) Adjust Roots 0.276ms
[224.712s][info][gc,phases,start] GC(314) Compaction Phase
[225.355s][info][gc,phases      ] GC(314) Compaction Phase 642.499ms
[225.355s][info][gc,phases,start] GC(314) Post Compact
[225.371s][info][gc,phases      ] GC(314) Post Compact 15.992ms
[225.371s][info][gc,heap        ] GC(314) PSYoungGen: 341515K(535040K)->341515K(535040K) Eden: 140288K(140288K)->140288K(140288K) From: 201227K(394752K)->201227K(394752K)
[225.371s][info][gc,heap        ] GC(314) ParOldGen: 9967103K(9967104K)->9967103K(9967104K)
[225.371s][info][gc,metaspace   ] GC(314) Metaspace: 6300K(6464K)->6300K(6464K) NonClass: 5767K(5824K)->5767K(5824K) Class: 532K(640K)->532K(640K)
[225.371s][info][gc             ] GC(314) Pause Full (Allocation Failure) 10067M->10067M(10256M) 2990.637ms
[225.371s][info][gc,cpu         ] GC(314) User=22.86s Sys=0.02s Real=2.99s
[225.372s][info][gc,start       ] GC(315) Pause Full (Ergonomics)
[225.372s][info][gc,phases,start] GC(315) Marking Phase
[227.724s][info][gc,phases      ] GC(315) Marking Phase 2352.266ms
[227.724s][info][gc,phases,start] GC(315) Summary Phase
[227.724s][info][gc,phases      ] GC(315) Summary Phase 0.154ms
[227.724s][info][gc,phases,start] GC(315) Adjust Roots
[227.725s][info][gc,phases      ] GC(315) Adjust Roots 0.396ms
[227.725s][info][gc,phases,start] GC(315) Compaction Phase
[230.285s][info][gc,phases      ] GC(315) Compaction Phase 2560.592ms
[230.285s][info][gc,phases,start] GC(315) Post Compact
[230.303s][info][gc,phases      ] GC(315) Post Compact 17.799ms
[230.303s][info][gc,heap        ] GC(315) PSYoungGen: 341515K(535040K)->341515K(535040K) Eden: 140288K(140288K)->140288K(140288K) From: 201227K(394752K)->201227K(394752K)
[230.303s][info][gc,heap        ] GC(315) ParOldGen: 9967103K(9967104K)->9967102K(9967104K)
[230.303s][info][gc,metaspace   ] GC(315) Metaspace: 6300K(6464K)->6300K(6464K) NonClass: 5767K(5824K)->5767K(5824K) Class: 532K(640K)->532K(640K)
[230.303s][info][gc             ] GC(315) Pause Full (Ergonomics) 10067M->10067M(10256M) 4931.693ms
[230.303s][info][gc,cpu         ] GC(315) User=36.84s Sys=0.00s Real=4.93s
[230.304s][info][gc,start       ] GC(316) Pause Full (Ergonomics)
[230.304s][info][gc,phases,start] GC(316) Marking Phase
[232.649s][info][gc,phases      ] GC(316) Marking Phase 2344.443ms
[232.649s][info][gc,phases,start] GC(316) Summary Phase
[232.649s][info][gc,phases      ] GC(316) Summary Phase 0.157ms
[232.649s][info][gc,phases,start] GC(316) Adjust Roots
[232.649s][info][gc,phases      ] GC(316) Adjust Roots 0.371ms
[232.650s][info][gc,phases,start] GC(316) Compaction Phase
[235.173s][info][gc,phases      ] GC(316) Compaction Phase 2523.878ms
[235.173s][info][gc,phases,start] GC(316) Post Compact
[235.191s][info][gc,phases      ] GC(316) Post Compact 17.500ms
[235.191s][info][gc,heap        ] GC(316) PSYoungGen: 341515K(535040K)->341515K(535040K) Eden: 140288K(140288K)->140288K(140288K) From: 201227K(394752K)->201227K(394752K)
[235.191s][info][gc,heap        ] GC(316) ParOldGen: 9967103K(9967104K)->9967102K(9967104K)
[235.191s][info][gc,metaspace   ] GC(316) Metaspace: 6300K(6464K)->6300K(6464K) NonClass: 5767K(5824K)->5767K(5824K) Class: 533K(640K)->533K(640K)
[235.191s][info][gc             ] GC(316) Pause Full (Ergonomics) 10067M->10067M(10256M) 4886.794ms
[235.191s][info][gc,cpu         ] GC(316) User=36.83s Sys=0.02s Real=4.89s
[235.192s][info][gc,heap,exit   ] Heap
[235.192s][info][gc,heap,exit   ]  PSYoungGen      total 535040K, used 341515K [0x00000006cfd80000, 0x0000000712780000, 0x0000000800000000)
[235.192s][info][gc,heap,exit   ]   eden space 140288K, 100% used [0x00000006cfd80000,0x00000006d8680000,0x00000006d8680000)
[235.192s][info][gc,heap,exit   ]   from space 394752K, 50% used [0x00000006d8680000,0x00000006e4b02dc8,0x00000006f0800000)
[235.192s][info][gc,heap,exit   ]   to   space 467968K, 0% used [0x00000006f5e80000,0x00000006f5e80000,0x0000000712780000)
[235.192s][info][gc,heap,exit   ]  ParOldGen       total 9967104K, used 9967103K [0x000000046f800000, 0x00000006cfd80000, 0x00000006cfd80000)
[235.192s][info][gc,heap,exit   ]   object space 9967104K, 99% used [0x000000046f800000,0x00000006cfd7fd28,0x00000006cfd80000)
[235.192s][info][gc,heap,exit   ]  Metaspace       used 6305K, committed 6528K, reserved 1114112K
[235.192s][info][gc,heap,exit   ]   class space    used 534K, committed 640K, reserved 1048576K
