[0.011s][info][gc,init] CardTable entry size: 512
[0.011s][info][gc     ] Using Parallel
[0.012s][info][gc,init] Version: 18.0.1+10 (release)
[0.012s][info][gc,init] CPUs: 8 total, 8 available
[0.012s][info][gc,init] Memory: 16063M
[0.012s][info][gc,init] Large Page Support: Disabled
[0.012s][info][gc,init] NUMA Support: Disabled
[0.012s][info][gc,init] Compressed Oops: Enabled (Zero based)
[0.012s][info][gc,init] Alignments: Space 512K, Generation 512K, Heap 2M
[0.012s][info][gc,init] Heap Min Capacity: 2M
[0.012s][info][gc,init] Heap Initial Capacity: 2M
[0.012s][info][gc,init] Heap Max Capacity: 14500M
[0.012s][info][gc,init] Pre-touch: Disabled
[0.012s][info][gc,init] Parallel Workers: 8
[0.012s][info][gc,metaspace] CDS archive(s) not mapped
[0.012s][info][gc,metaspace] Compressed class space mapped at: 0x0000000800000000-0x0000000840000000, reserved size: 1073741824
[0.012s][info][gc,metaspace] Narrow klass base: 0x0000000800000000, Narrow klass shift: 0, Narrow klass range: 0x40000000
[0.114s][info][gc,start    ] GC(0) Pause Young (Allocation Failure)
[0.115s][info][gc,heap     ] GC(0) PSYoungGen: 512K(1024K)->480K(1024K) Eden: 512K(512K)->0K(512K) From: 0K(512K)->480K(512K)
[0.115s][info][gc,heap     ] GC(0) ParOldGen: 0K(512K)->8K(512K)
[0.115s][info][gc,metaspace] GC(0) Metaspace: 4229K(4352K)->4229K(4352K) NonClass: 3908K(3968K)->3908K(3968K) Class: 321K(384K)->321K(384K)
[0.115s][info][gc          ] GC(0) Pause Young (Allocation Failure) 0M->0M(1M) 1.294ms
[0.115s][info][gc,cpu      ] GC(0) User=0.00s Sys=0.00s Real=0.00s
[0.174s][info][gc,start    ] GC(1) Pause Young (Allocation Failure)
[0.175s][info][gc,heap     ] GC(1) PSYoungGen: 991K(1024K)->512K(1536K) Eden: 511K(512K)->0K(1024K) From: 480K(512K)->512K(512K)
[0.175s][info][gc,heap     ] GC(1) ParOldGen: 8K(512K)->96K(512K)
[0.175s][info][gc,metaspace] GC(1) Metaspace: 5876K(5952K)->5876K(5952K) NonClass: 5380K(5440K)->5380K(5440K) Class: 496K(512K)->496K(512K)
[0.175s][info][gc          ] GC(1) Pause Young (Allocation Failure) 0M->0M(2M) 0.916ms
[0.175s][info][gc,cpu      ] GC(1) User=0.00s Sys=0.00s Real=0.00s
[0.194s][info][gc,start    ] GC(2) Pause Young (Allocation Failure)
[0.195s][info][gc,heap     ] GC(2) PSYoungGen: 1536K(1536K)->512K(1536K) Eden: 1024K(1024K)->0K(1024K) From: 512K(512K)->512K(512K)
[0.195s][info][gc,heap     ] GC(2) ParOldGen: 96K(512K)->512K(1024K)
[0.195s][info][gc,metaspace] GC(2) Metaspace: 6296K(6464K)->6296K(6464K) NonClass: 5763K(5824K)->5763K(5824K) Class: 533K(640K)->533K(640K)
[0.195s][info][gc          ] GC(2) Pause Young (Allocation Failure) 1M->1M(2M) 1.258ms
[0.195s][info][gc,cpu      ] GC(2) User=0.00s Sys=0.00s Real=0.00s
[0.197s][info][gc,start    ] GC(3) Pause Young (Allocation Failure)
[0.198s][info][gc,heap     ] GC(3) PSYoungGen: 1536K(1536K)->480K(2560K) Eden: 1024K(1024K)->0K(2048K) From: 512K(512K)->480K(512K)
[0.198s][info][gc,heap     ] GC(3) ParOldGen: 512K(1024K)->1080K(1536K)
[0.198s][info][gc,metaspace] GC(3) Metaspace: 6296K(6464K)->6296K(6464K) NonClass: 5763K(5824K)->5763K(5824K) Class: 533K(640K)->533K(640K)
[0.198s][info][gc          ] GC(3) Pause Young (Allocation Failure) 2M->1M(4M) 1.363ms
[0.198s][info][gc,cpu      ] GC(3) User=0.00s Sys=0.00s Real=0.00s
[0.198s][info][gc,start    ] GC(4) Pause Full (Ergonomics)
[0.198s][info][gc,phases,start] GC(4) Marking Phase
[0.200s][info][gc,phases      ] GC(4) Marking Phase 1.164ms
[0.200s][info][gc,phases,start] GC(4) Summary Phase
[0.200s][info][gc,phases      ] GC(4) Summary Phase 0.017ms
[0.200s][info][gc,phases,start] GC(4) Adjust Roots
[0.200s][info][gc,phases      ] GC(4) Adjust Roots 0.350ms
[0.200s][info][gc,phases,start] GC(4) Compaction Phase
[0.202s][info][gc,phases      ] GC(4) Compaction Phase 2.324ms
[0.203s][info][gc,phases,start] GC(4) Post Compact
[0.203s][info][gc,phases      ] GC(4) Post Compact 0.099ms
[0.203s][info][gc,heap        ] GC(4) PSYoungGen: 480K(2560K)->0K(2560K) Eden: 0K(2048K)->0K(2048K) From: 480K(512K)->0K(512K)
[0.203s][info][gc,heap        ] GC(4) ParOldGen: 1080K(1536K)->1495K(3584K)
[0.203s][info][gc,metaspace   ] GC(4) Metaspace: 6296K(6464K)->6296K(6464K) NonClass: 5763K(5824K)->5763K(5824K) Class: 533K(640K)->533K(640K)
[0.203s][info][gc             ] GC(4) Pause Full (Ergonomics) 1M->1M(6M) 4.352ms
[0.203s][info][gc,cpu         ] GC(4) User=0.00s Sys=0.00s Real=0.00s
[0.206s][info][gc,start       ] GC(5) Pause Young (Allocation Failure)
[0.207s][info][gc,heap        ] GC(5) PSYoungGen: 2048K(2560K)->480K(3584K) Eden: 2048K(2048K)->0K(3072K) From: 0K(512K)->480K(512K)
[0.207s][info][gc,heap        ] GC(5) ParOldGen: 1495K(3584K)->2111K(3584K)
[0.207s][info][gc,metaspace   ] GC(5) Metaspace: 6296K(6464K)->6296K(6464K) NonClass: 5763K(5824K)->5763K(5824K) Class: 533K(640K)->533K(640K)
[0.207s][info][gc             ] GC(5) Pause Young (Allocation Failure) 3M->2M(7M) 1.314ms
[0.207s][info][gc,cpu         ] GC(5) User=0.00s Sys=0.00s Real=0.00s
[0.212s][info][gc,start       ] GC(6) Pause Young (Allocation Failure)
[0.214s][info][gc,heap        ] GC(6) PSYoungGen: 3552K(3584K)->1504K(4608K) Eden: 3072K(3072K)->0K(3072K) From: 480K(512K)->1504K(1536K)
[0.214s][info][gc,heap        ] GC(6) ParOldGen: 2111K(3584K)->2679K(3584K)
[0.214s][info][gc,metaspace   ] GC(6) Metaspace: 6296K(6464K)->6296K(6464K) NonClass: 5763K(5824K)->5763K(5824K) Class: 533K(640K)->533K(640K)
[0.214s][info][gc             ] GC(6) Pause Young (Allocation Failure) 5M->4M(8M) 2.256ms
[0.214s][info][gc,cpu         ] GC(6) User=0.00s Sys=0.00s Real=0.00s
[0.219s][info][gc,start       ] GC(7) Pause Young (Allocation Failure)
[0.222s][info][gc,heap        ] GC(7) PSYoungGen: 4576K(4608K)->2016K(7168K) Eden: 3072K(3072K)->0K(5120K) From: 1504K(1536K)->2016K(2048K)
[0.222s][info][gc,heap        ] GC(7) ParOldGen: 2679K(3584K)->3767K(4096K)
[0.222s][info][gc,metaspace   ] GC(7) Metaspace: 6296K(6464K)->6296K(6464K) NonClass: 5763K(5824K)->5763K(5824K) Class: 533K(640K)->533K(640K)
[0.222s][info][gc             ] GC(7) Pause Young (Allocation Failure) 7M->5M(11M) 2.830ms
[0.222s][info][gc,cpu         ] GC(7) User=0.00s Sys=0.00s Real=0.00s
[0.222s][info][gc,start       ] GC(8) Pause Full (Ergonomics)
[0.222s][info][gc,phases,start] GC(8) Marking Phase
[0.224s][info][gc,phases      ] GC(8) Marking Phase 2.656ms
[0.224s][info][gc,phases,start] GC(8) Summary Phase
[0.224s][info][gc,phases      ] GC(8) Summary Phase 0.014ms
[0.224s][info][gc,phases,start] GC(8) Adjust Roots
[0.225s][info][gc,phases      ] GC(8) Adjust Roots 0.359ms
[0.225s][info][gc,phases,start] GC(8) Compaction Phase
[0.228s][info][gc,phases      ] GC(8) Compaction Phase 2.900ms
[0.228s][info][gc,phases,start] GC(8) Post Compact
[0.228s][info][gc,phases      ] GC(8) Post Compact 0.042ms
[0.228s][info][gc,heap        ] GC(8) PSYoungGen: 2016K(7168K)->2012K(7168K) Eden: 0K(5120K)->0K(5120K) From: 2016K(2048K)->2012K(2048K)
[0.228s][info][gc,heap        ] GC(8) ParOldGen: 3767K(4096K)->3682K(6656K)
[0.228s][info][gc,metaspace   ] GC(8) Metaspace: 6296K(6464K)->6296K(6464K) NonClass: 5763K(5824K)->5763K(5824K) Class: 533K(640K)->533K(640K)
[0.228s][info][gc             ] GC(8) Pause Full (Ergonomics) 5M->5M(13M) 6.298ms
[0.228s][info][gc,cpu         ] GC(8) User=0.00s Sys=0.00s Real=0.01s
[0.236s][info][gc,start       ] GC(9) Pause Young (Allocation Failure)
[0.240s][info][gc,heap        ] GC(9) PSYoungGen: 7132K(7168K)->3040K(8192K) Eden: 5120K(5120K)->0K(5120K) From: 2012K(2048K)->3040K(3072K)
[0.241s][info][gc,heap        ] GC(9) ParOldGen: 3682K(6656K)->5330K(6656K)
[0.241s][info][gc,metaspace   ] GC(9) Metaspace: 6296K(6464K)->6296K(6464K) NonClass: 5763K(5824K)->5763K(5824K) Class: 533K(640K)->533K(640K)
[0.241s][info][gc             ] GC(9) Pause Young (Allocation Failure) 10M->8M(14M) 4.654ms
[0.241s][info][gc,cpu         ] GC(9) User=0.00s Sys=0.00s Real=0.00s
[0.241s][info][gc,start       ] GC(10) Pause Full (Ergonomics)
[0.241s][info][gc,phases,start] GC(10) Marking Phase
[0.244s][info][gc,phases      ] GC(10) Marking Phase 3.808ms
[0.245s][info][gc,phases,start] GC(10) Summary Phase
[0.245s][info][gc,phases      ] GC(10) Summary Phase 0.016ms
[0.245s][info][gc,phases,start] GC(10) Adjust Roots
[0.245s][info][gc,phases      ] GC(10) Adjust Roots 0.246ms
[0.245s][info][gc,phases,start] GC(10) Compaction Phase
[0.248s][info][gc,phases      ] GC(10) Compaction Phase 3.326ms
[0.248s][info][gc,phases,start] GC(10) Post Compact
[0.248s][info][gc,phases      ] GC(10) Post Compact 0.057ms
[0.249s][info][gc,heap        ] GC(10) PSYoungGen: 3040K(8192K)->2012K(8192K) Eden: 0K(5120K)->0K(5120K) From: 3040K(3072K)->2012K(3072K)
[0.249s][info][gc,heap        ] GC(10) ParOldGen: 5330K(6656K)->6317K(10240K)
[0.249s][info][gc,metaspace   ] GC(10) Metaspace: 6296K(6464K)->6296K(6464K) NonClass: 5763K(5824K)->5763K(5824K) Class: 533K(640K)->533K(640K)
[0.249s][info][gc             ] GC(10) Pause Full (Ergonomics) 8M->8M(18M) 7.926ms
[0.249s][info][gc,cpu         ] GC(10) User=0.00s Sys=0.00s Real=0.01s
[0.254s][info][gc,start       ] GC(11) Pause Young (Allocation Failure)
[0.258s][info][gc,heap        ] GC(11) PSYoungGen: 7132K(8192K)->4288K(11264K) Eden: 5120K(5120K)->0K(6656K) From: 2012K(3072K)->4288K(4608K)
[0.258s][info][gc,heap        ] GC(11) ParOldGen: 6317K(10240K)->6741K(10240K)
[0.258s][info][gc,metaspace   ] GC(11) Metaspace: 6296K(6464K)->6296K(6464K) NonClass: 5763K(5824K)->5763K(5824K) Class: 533K(640K)->533K(640K)
[0.258s][info][gc             ] GC(11) Pause Young (Allocation Failure) 13M->10M(21M) 4.068ms
[0.258s][info][gc,cpu         ] GC(11) User=0.00s Sys=0.00s Real=0.00s
[0.266s][info][gc,start       ] GC(12) Pause Young (Allocation Failure)
[0.272s][info][gc,heap        ] GC(12) PSYoungGen: 10944K(11264K)->5088K(11776K) Eden: 6656K(6656K)->0K(6656K) From: 4288K(4608K)->5088K(5120K)
[0.272s][info][gc,heap        ] GC(12) ParOldGen: 6741K(10240K)->9381K(10240K)
[0.272s][info][gc,metaspace   ] GC(12) Metaspace: 6296K(6464K)->6296K(6464K) NonClass: 5763K(5824K)->5763K(5824K) Class: 533K(640K)->533K(640K)
[0.272s][info][gc             ] GC(12) Pause Young (Allocation Failure) 17M->14M(21M) 5.727ms
[0.272s][info][gc,cpu         ] GC(12) User=0.00s Sys=0.00s Real=0.01s
[0.272s][info][gc,start       ] GC(13) Pause Full (Ergonomics)
[0.272s][info][gc,phases,start] GC(13) Marking Phase
[0.278s][info][gc,phases      ] GC(13) Marking Phase 6.302ms
[0.278s][info][gc,phases,start] GC(13) Summary Phase
[0.278s][info][gc,phases      ] GC(13) Summary Phase 0.018ms
[0.278s][info][gc,phases,start] GC(13) Adjust Roots
[0.279s][info][gc,phases      ] GC(13) Adjust Roots 0.165ms
[0.279s][info][gc,phases,start] GC(13) Compaction Phase
[0.285s][info][gc,phases      ] GC(13) Compaction Phase 5.974ms
[0.285s][info][gc,phases,start] GC(13) Post Compact
[0.285s][info][gc,phases      ] GC(13) Post Compact 0.068ms
[0.285s][info][gc,heap        ] GC(13) PSYoungGen: 5088K(11776K)->4567K(11776K) Eden: 0K(6656K)->0K(6656K) From: 5088K(5120K)->4567K(5120K)
[0.285s][info][gc,heap        ] GC(13) ParOldGen: 9381K(10240K)->9828K(15360K)
[0.285s][info][gc,metaspace   ] GC(13) Metaspace: 6296K(6464K)->6296K(6464K) NonClass: 5763K(5824K)->5763K(5824K) Class: 533K(640K)->533K(640K)
[0.285s][info][gc             ] GC(13) Pause Full (Ergonomics) 14M->14M(26M) 12.842ms
[0.285s][info][gc,cpu         ] GC(13) User=0.00s Sys=0.00s Real=0.01s
[0.290s][info][gc,start       ] GC(14) Pause Young (Allocation Failure)
[0.297s][info][gc,heap        ] GC(14) PSYoungGen: 11223K(11776K)->5760K(15872K) Eden: 6656K(6656K)->0K(8704K) From: 4567K(5120K)->5760K(7168K)
[0.298s][info][gc,heap        ] GC(14) ParOldGen: 9828K(15360K)->12132K(15360K)
[0.298s][info][gc,metaspace   ] GC(14) Metaspace: 6298K(6464K)->6298K(6464K) NonClass: 5764K(5824K)->5764K(5824K) Class: 533K(640K)->533K(640K)
[0.298s][info][gc             ] GC(14) Pause Young (Allocation Failure) 20M->17M(30M) 7.345ms
[0.298s][info][gc,cpu         ] GC(14) User=0.00s Sys=0.00s Real=0.01s
[0.304s][info][gc,start       ] GC(15) Pause Young (Allocation Failure)
[0.311s][info][gc,heap        ] GC(15) PSYoungGen: 14464K(15872K)->7680K(16384K) Eden: 8704K(8704K)->0K(8704K) From: 5760K(7168K)->7680K(7680K)
[0.311s][info][gc,heap        ] GC(15) ParOldGen: 12132K(15360K)->15228K(15360K)
[0.311s][info][gc,metaspace   ] GC(15) Metaspace: 6298K(6464K)->6298K(6464K) NonClass: 5764K(5824K)->5764K(5824K) Class: 533K(640K)->533K(640K)
[0.311s][info][gc             ] GC(15) Pause Young (Allocation Failure) 25M->22M(31M) 7.306ms
[0.311s][info][gc,cpu         ] GC(15) User=0.02s Sys=0.00s Real=0.01s
[0.311s][info][gc,start       ] GC(16) Pause Full (Ergonomics)
[0.311s][info][gc,phases,start] GC(16) Marking Phase
[0.320s][info][gc,phases      ] GC(16) Marking Phase 9.141ms
[0.320s][info][gc,phases,start] GC(16) Summary Phase
[0.320s][info][gc,phases      ] GC(16) Summary Phase 0.017ms
[0.320s][info][gc,phases,start] GC(16) Adjust Roots
[0.321s][info][gc,phases      ] GC(16) Adjust Roots 0.256ms
[0.321s][info][gc,phases,start] GC(16) Compaction Phase
[0.333s][info][gc,phases      ] GC(16) Compaction Phase 11.827ms
[0.333s][info][gc,phases,start] GC(16) Post Compact
[0.333s][info][gc,phases      ] GC(16) Post Compact 0.095ms
[0.333s][info][gc,heap        ] GC(16) PSYoungGen: 7680K(16384K)->7153K(16384K) Eden: 0K(8704K)->0K(8704K) From: 7680K(7680K)->7153K(7680K)
[0.333s][info][gc,heap        ] GC(16) ParOldGen: 15228K(15360K)->15138K(22528K)
[0.333s][info][gc,metaspace   ] GC(16) Metaspace: 6298K(6464K)->6298K(6464K) NonClass: 5764K(5824K)->5764K(5824K) Class: 533K(640K)->533K(640K)
[0.333s][info][gc             ] GC(16) Pause Full (Ergonomics) 22M->21M(38M) 21.690ms
[0.333s][info][gc,cpu         ] GC(16) User=0.00s Sys=0.00s Real=0.02s
[0.341s][info][gc,start       ] GC(17) Pause Young (Allocation Failure)
[0.351s][info][gc,heap        ] GC(17) PSYoungGen: 15857K(16384K)->5024K(22016K) Eden: 8704K(8704K)->0K(11776K) From: 7153K(7680K)->5024K(10240K)
[0.351s][info][gc,heap        ] GC(17) ParOldGen: 15138K(22528K)->22418K(22528K)
[0.351s][info][gc,metaspace   ] GC(17) Metaspace: 6298K(6464K)->6298K(6464K) NonClass: 5764K(5824K)->5764K(5824K) Class: 533K(640K)->533K(640K)
[0.351s][info][gc             ] GC(17) Pause Young (Allocation Failure) 30M->26M(43M) 9.957ms
[0.351s][info][gc,cpu         ] GC(17) User=0.00s Sys=0.00s Real=0.01s
[0.351s][info][gc,start       ] GC(18) Pause Full (Ergonomics)
[0.351s][info][gc,phases,start] GC(18) Marking Phase
[0.362s][info][gc,phases      ] GC(18) Marking Phase 11.069ms
[0.362s][info][gc,phases,start] GC(18) Summary Phase
[0.362s][info][gc,phases      ] GC(18) Summary Phase 0.017ms
[0.362s][info][gc,phases,start] GC(18) Adjust Roots
[0.362s][info][gc,phases      ] GC(18) Adjust Roots 0.170ms
[0.362s][info][gc,phases,start] GC(18) Compaction Phase
[0.371s][info][gc,phases      ] GC(18) Compaction Phase 8.855ms
[0.371s][info][gc,phases,start] GC(18) Post Compact
[0.371s][info][gc,phases      ] GC(18) Post Compact 0.103ms
[0.371s][info][gc,heap        ] GC(18) PSYoungGen: 5024K(22016K)->4479K(22016K) Eden: 0K(11776K)->0K(11776K) From: 5024K(10240K)->4479K(10240K)
[0.371s][info][gc,heap        ] GC(18) ParOldGen: 22418K(22528K)->22291K(33280K)
[0.371s][info][gc,metaspace   ] GC(18) Metaspace: 6298K(6464K)->6298K(6464K) NonClass: 5764K(5824K)->5764K(5824K) Class: 533K(640K)->533K(640K)
[0.372s][info][gc             ] GC(18) Pause Full (Ergonomics) 26M->26M(54M) 20.527ms
[0.372s][info][gc,cpu         ] GC(18) User=0.03s Sys=0.00s Real=0.02s
[0.380s][info][gc,start       ] GC(19) Pause Young (Allocation Failure)
[0.389s][info][gc,heap        ] GC(19) PSYoungGen: 16255K(22016K)->6144K(22016K) Eden: 11776K(11776K)->0K(11776K) From: 4479K(10240K)->6144K(10240K)
[0.389s][info][gc,heap        ] GC(19) ParOldGen: 22291K(33280K)->26835K(33280K)
[0.389s][info][gc,metaspace   ] GC(19) Metaspace: 6298K(6464K)->6298K(6464K) NonClass: 5764K(5824K)->5764K(5824K) Class: 533K(640K)->533K(640K)
[0.390s][info][gc             ] GC(19) Pause Young (Allocation Failure) 37M->32M(54M) 9.622ms
[0.390s][info][gc,cpu         ] GC(19) User=0.02s Sys=0.00s Real=0.01s
[0.401s][info][gc,start       ] GC(20) Pause Young (Allocation Failure)
[0.414s][info][gc,heap        ] GC(20) PSYoungGen: 17920K(22016K)->10240K(21504K) Eden: 11776K(11776K)->0K(11264K) From: 6144K(10240K)->10240K(10240K)
[0.414s][info][gc,heap        ] GC(20) ParOldGen: 26835K(33280K)->32699K(33280K)
[0.414s][info][gc,metaspace   ] GC(20) Metaspace: 6298K(6464K)->6298K(6464K) NonClass: 5764K(5824K)->5764K(5824K) Class: 533K(640K)->533K(640K)
[0.414s][info][gc             ] GC(20) Pause Young (Allocation Failure) 43M->41M(53M) 13.196ms
[0.414s][info][gc,cpu         ] GC(20) User=0.00s Sys=0.00s Real=0.01s
[0.414s][info][gc,start       ] GC(21) Pause Full (Ergonomics)
[0.414s][info][gc,phases,start] GC(21) Marking Phase
[0.431s][info][gc,phases      ] GC(21) Marking Phase 17.239ms
[0.431s][info][gc,phases,start] GC(21) Summary Phase
[0.431s][info][gc,phases      ] GC(21) Summary Phase 0.014ms
[0.431s][info][gc,phases,start] GC(21) Adjust Roots
[0.431s][info][gc,phases      ] GC(21) Adjust Roots 0.156ms
[0.432s][info][gc,phases,start] GC(21) Compaction Phase
[0.448s][info][gc,phases      ] GC(21) Compaction Phase 16.201ms
[0.448s][info][gc,phases,start] GC(21) Post Compact
[0.448s][info][gc,phases      ] GC(21) Post Compact 0.145ms
[0.448s][info][gc,heap        ] GC(21) PSYoungGen: 10240K(21504K)->9709K(21504K) Eden: 0K(11264K)->0K(11264K) From: 10240K(10240K)->9709K(10240K)
[0.448s][info][gc,heap        ] GC(21) ParOldGen: 32699K(33280K)->33049K(47616K)
[0.448s][info][gc,metaspace   ] GC(21) Metaspace: 6298K(6464K)->6298K(6464K) NonClass: 5764K(5824K)->5764K(5824K) Class: 533K(640K)->533K(640K)
[0.448s][info][gc             ] GC(21) Pause Full (Ergonomics) 41M->41M(67M) 34.096ms
[0.448s][info][gc,cpu         ] GC(21) User=0.03s Sys=0.00s Real=0.03s
[0.464s][info][gc,start       ] GC(22) Pause Young (Allocation Failure)
[0.480s][info][gc,heap        ] GC(22) PSYoungGen: 20973K(21504K)->11296K(25600K) Eden: 11264K(11264K)->0K(11264K) From: 9709K(10240K)->11296K(14336K)
[0.480s][info][gc,heap        ] GC(22) ParOldGen: 33049K(47616K)->42913K(47616K)
[0.480s][info][gc,metaspace   ] GC(22) Metaspace: 6298K(6464K)->6298K(6464K) NonClass: 5764K(5824K)->5764K(5824K) Class: 533K(640K)->533K(640K)
[0.480s][info][gc             ] GC(22) Pause Young (Allocation Failure) 52M->52M(71M) 15.868ms
[0.480s][info][gc,cpu         ] GC(22) User=0.02s Sys=0.00s Real=0.02s
[0.480s][info][gc,start       ] GC(23) Pause Full (Ergonomics)
[0.480s][info][gc,phases,start] GC(23) Marking Phase
[0.504s][info][gc,phases      ] GC(23) Marking Phase 23.188ms
[0.504s][info][gc,phases,start] GC(23) Summary Phase
[0.504s][info][gc,phases      ] GC(23) Summary Phase 0.020ms
[0.504s][info][gc,phases,start] GC(23) Adjust Roots
[0.504s][info][gc,phases      ] GC(23) Adjust Roots 0.166ms
[0.504s][info][gc,phases,start] GC(23) Compaction Phase
[0.521s][info][gc,phases      ] GC(23) Compaction Phase 16.851ms
[0.521s][info][gc,phases,start] GC(23) Post Compact
[0.521s][info][gc,phases      ] GC(23) Post Compact 0.206ms
[0.521s][info][gc,heap        ] GC(23) PSYoungGen: 11296K(25600K)->5609K(25600K) Eden: 0K(11264K)->0K(11264K) From: 11296K(14336K)->5609K(14336K)
[0.521s][info][gc,heap        ] GC(23) ParOldGen: 42913K(47616K)->47359K(65536K)
[0.521s][info][gc,metaspace   ] GC(23) Metaspace: 6298K(6464K)->6298K(6464K) NonClass: 5764K(5824K)->5764K(5824K) Class: 533K(640K)->533K(640K)
[0.521s][info][gc             ] GC(23) Pause Full (Ergonomics) 52M->51M(89M) 40.899ms
[0.521s][info][gc,cpu         ] GC(23) User=0.06s Sys=0.00s Real=0.04s
[0.533s][info][gc,start       ] GC(24) Pause Young (Allocation Failure)
[0.549s][info][gc,heap        ] GC(24) PSYoungGen: 16873K(25600K)->15360K(25088K) Eden: 11264K(11264K)->0K(9728K) From: 5609K(14336K)->15360K(15360K)
[0.549s][info][gc,heap        ] GC(24) ParOldGen: 47359K(65536K)->48903K(65536K)
[0.549s][info][gc,metaspace   ] GC(24) Metaspace: 6298K(6464K)->6298K(6464K) NonClass: 5764K(5824K)->5764K(5824K) Class: 533K(640K)->533K(640K)
[0.549s][info][gc             ] GC(24) Pause Young (Allocation Failure) 62M->62M(88M) 15.326ms
[0.549s][info][gc,cpu         ] GC(24) User=0.02s Sys=0.00s Real=0.02s
[0.558s][info][gc,start       ] GC(25) Pause Young (Allocation Failure)
[0.575s][info][gc,heap        ] GC(25) PSYoungGen: 25088K(25088K)->9760K(28672K) Eden: 9728K(9728K)->0K(9728K) From: 15360K(15360K)->9760K(18944K)
[0.575s][info][gc,heap        ] GC(25) ParOldGen: 48903K(65536K)->64487K(65536K)
[0.575s][info][gc,metaspace   ] GC(25) Metaspace: 6298K(6464K)->6298K(6464K) NonClass: 5764K(5824K)->5764K(5824K) Class: 533K(640K)->533K(640K)
[0.575s][info][gc             ] GC(25) Pause Young (Allocation Failure) 72M->72M(92M) 16.920ms
[0.575s][info][gc,cpu         ] GC(25) User=0.03s Sys=0.00s Real=0.02s
[0.575s][info][gc,start       ] GC(26) Pause Full (Ergonomics)
[0.575s][info][gc,phases,start] GC(26) Marking Phase
[0.605s][info][gc,phases      ] GC(26) Marking Phase 29.887ms
[0.605s][info][gc,phases,start] GC(26) Summary Phase
[0.605s][info][gc,phases      ] GC(26) Summary Phase 0.019ms
[0.605s][info][gc,phases,start] GC(26) Adjust Roots
[0.605s][info][gc,phases      ] GC(26) Adjust Roots 0.160ms
[0.605s][info][gc,phases,start] GC(26) Compaction Phase
[0.624s][info][gc,phases      ] GC(26) Compaction Phase 18.280ms
[0.624s][info][gc,phases,start] GC(26) Post Compact
[0.624s][info][gc,phases      ] GC(26) Post Compact 0.327ms
[0.624s][info][gc,heap        ] GC(26) PSYoungGen: 9760K(28672K)->8670K(28672K) Eden: 0K(9728K)->0K(9728K) From: 9760K(18944K)->8670K(18944K)
[0.624s][info][gc,heap        ] GC(26) ParOldGen: 64487K(65536K)->65224K(88576K)
[0.624s][info][gc,metaspace   ] GC(26) Metaspace: 6298K(6464K)->6298K(6464K) NonClass: 5764K(5824K)->5764K(5824K) Class: 533K(640K)->533K(640K)
[0.624s][info][gc             ] GC(26) Pause Full (Ergonomics) 72M->72M(114M) 49.102ms
[0.624s][info][gc,cpu         ] GC(26) User=0.08s Sys=0.00s Real=0.05s
[0.634s][info][gc,start       ] GC(27) Pause Young (Allocation Failure)
[0.651s][info][gc,heap        ] GC(27) PSYoungGen: 18398K(28672K)->18432K(27136K) Eden: 9728K(9728K)->0K(8704K) From: 8670K(18944K)->18432K(18432K)
[0.651s][info][gc,heap        ] GC(27) ParOldGen: 65224K(88576K)->65224K(88576K)
[0.651s][info][gc,metaspace   ] GC(27) Metaspace: 6298K(6464K)->6298K(6464K) NonClass: 5764K(5824K)->5764K(5824K) Class: 533K(640K)->533K(640K)
[0.651s][info][gc             ] GC(27) Pause Young (Allocation Failure) 81M->81M(113M) 17.283ms
[0.651s][info][gc,cpu         ] GC(27) User=0.02s Sys=0.00s Real=0.02s
[0.657s][info][gc,start       ] GC(28) Pause Young (Allocation Failure)
[0.671s][info][gc,heap        ] GC(28) PSYoungGen: 23641K(27136K)->21504K(30208K) Eden: 5209K(8704K)->0K(8704K) From: 18432K(18432K)->21504K(21504K)
[0.671s][info][gc,heap        ] GC(28) ParOldGen: 65224K(88576K)->67304K(88576K)
[0.671s][info][gc,metaspace   ] GC(28) Metaspace: 6298K(6464K)->6298K(6464K) NonClass: 5764K(5824K)->5764K(5824K) Class: 533K(640K)->533K(640K)
[0.671s][info][gc             ] GC(28) Pause Young (Allocation Failure) 86M->86M(116M) 14.026ms
[0.671s][info][gc,cpu         ] GC(28) User=0.02s Sys=0.00s Real=0.01s
[0.685s][info][gc,start       ] GC(29) Pause Young (Allocation Failure)
[0.706s][info][gc,heap        ] GC(29) PSYoungGen: 30208K(30208K)->13248K(35840K) Eden: 8704K(8704K)->0K(10752K) From: 21504K(21504K)->13248K(25088K)
[0.706s][info][gc,heap        ] GC(29) ParOldGen: 67304K(88576K)->84536K(88576K)
[0.706s][info][gc,metaspace   ] GC(29) Metaspace: 6298K(6464K)->6298K(6464K) NonClass: 5764K(5824K)->5764K(5824K) Class: 533K(640K)->533K(640K)
[0.706s][info][gc             ] GC(29) Pause Young (Allocation Failure) 95M->95M(121M) 21.078ms
[0.706s][info][gc,cpu         ] GC(29) User=0.03s Sys=0.00s Real=0.02s
[0.706s][info][gc,start       ] GC(30) Pause Full (Ergonomics)
[0.706s][info][gc,phases,start] GC(30) Marking Phase
[0.745s][info][gc,phases      ] GC(30) Marking Phase 39.188ms
[0.745s][info][gc,phases,start] GC(30) Summary Phase
[0.745s][info][gc,phases      ] GC(30) Summary Phase 0.020ms
[0.745s][info][gc,phases,start] GC(30) Adjust Roots
[0.746s][info][gc,phases      ] GC(30) Adjust Roots 0.164ms
[0.746s][info][gc,phases,start] GC(30) Compaction Phase
[0.775s][info][gc,phases      ] GC(30) Compaction Phase 29.101ms
[0.775s][info][gc,phases,start] GC(30) Post Compact
[0.775s][info][gc,phases      ] GC(30) Post Compact 0.290ms
[0.775s][info][gc,heap        ] GC(30) PSYoungGen: 13248K(35840K)->7055K(36352K) Eden: 0K(10752K)->0K(11264K) From: 13248K(25088K)->7055K(25088K)
[0.775s][info][gc,heap        ] GC(30) ParOldGen: 84536K(88576K)->88312K(116736K)
[0.775s][info][gc,metaspace   ] GC(30) Metaspace: 6298K(6464K)->6298K(6464K) NonClass: 5764K(5824K)->5764K(5824K) Class: 533K(640K)->533K(640K)
[0.775s][info][gc             ] GC(30) Pause Full (Ergonomics) 95M->93M(149M) 69.173ms
[0.775s][info][gc,cpu         ] GC(30) User=0.11s Sys=0.00s Real=0.07s
[0.785s][info][gc,start       ] GC(31) Pause Young (Allocation Failure)
[0.801s][info][gc,heap        ] GC(31) PSYoungGen: 18319K(36352K)->15040K(36864K) Eden: 11264K(11264K)->0K(11264K) From: 7055K(25088K)->15040K(25600K)
[0.801s][info][gc,heap        ] GC(31) ParOldGen: 88312K(116736K)->91696K(116736K)
[0.801s][info][gc,metaspace   ] GC(31) Metaspace: 6298K(6464K)->6298K(6464K) NonClass: 5764K(5824K)->5764K(5824K) Class: 533K(640K)->533K(640K)
[0.801s][info][gc             ] GC(31) Pause Young (Allocation Failure) 104M->104M(150M) 15.871ms
[0.801s][info][gc,cpu         ] GC(31) User=0.02s Sys=0.00s Real=0.02s
[0.813s][info][gc,start       ] GC(32) Pause Young (Allocation Failure)
[0.828s][info][gc,heap        ] GC(32) PSYoungGen: 26304K(36864K)->26112K(35840K) Eden: 11264K(11264K)->0K(9728K) From: 15040K(25600K)->26112K(26112K)
[0.828s][info][gc,heap        ] GC(32) ParOldGen: 91696K(116736K)->91856K(116736K)
[0.828s][info][gc,metaspace   ] GC(32) Metaspace: 6298K(6464K)->6298K(6464K) NonClass: 5764K(5824K)->5764K(5824K) Class: 533K(640K)->533K(640K)
[0.828s][info][gc             ] GC(32) Pause Young (Allocation Failure) 115M->115M(149M) 15.891ms
[0.828s][info][gc,cpu         ] GC(32) User=0.02s Sys=0.00s Real=0.02s
[0.839s][info][gc,start       ] GC(33) Pause Young (Allocation Failure)
[0.860s][info][gc,heap        ] GC(33) PSYoungGen: 35840K(35840K)->20928K(39936K) Eden: 9728K(9728K)->0K(9728K) From: 26112K(26112K)->20928K(30208K)
[0.860s][info][gc,heap        ] GC(33) ParOldGen: 91856K(116736K)->107032K(116736K)
[0.860s][info][gc,metaspace   ] GC(33) Metaspace: 6298K(6464K)->6298K(6464K) NonClass: 5764K(5824K)->5764K(5824K) Class: 533K(640K)->533K(640K)
[0.860s][info][gc             ] GC(33) Pause Young (Allocation Failure) 124M->124M(153M) 21.349ms
[0.860s][info][gc,cpu         ] GC(33) User=0.05s Sys=0.00s Real=0.02s
[0.860s][info][gc,start       ] GC(34) Pause Full (Ergonomics)
[0.860s][info][gc,phases,start] GC(34) Marking Phase
[0.902s][info][gc,phases      ] GC(34) Marking Phase 41.775ms
[0.902s][info][gc,phases,start] GC(34) Summary Phase
[0.902s][info][gc,phases      ] GC(34) Summary Phase 0.015ms
[0.902s][info][gc,phases,start] GC(34) Adjust Roots
[0.902s][info][gc,phases      ] GC(34) Adjust Roots 0.150ms
[0.902s][info][gc,phases,start] GC(34) Compaction Phase
[0.927s][info][gc,phases      ] GC(34) Compaction Phase 24.991ms
[0.927s][info][gc,phases,start] GC(34) Post Compact
[0.928s][info][gc,phases      ] GC(34) Post Compact 0.572ms
[0.928s][info][gc,heap        ] GC(34) PSYoungGen: 20928K(39936K)->11118K(39936K) Eden: 0K(9728K)->0K(9728K) From: 20928K(30208K)->11118K(30208K)
[0.928s][info][gc,heap        ] GC(34) ParOldGen: 107032K(116736K)->116408K(147968K)
[0.928s][info][gc,metaspace   ] GC(34) Metaspace: 6298K(6464K)->6298K(6464K) NonClass: 5764K(5824K)->5764K(5824K) Class: 533K(640K)->533K(640K)
[0.928s][info][gc             ] GC(34) Pause Full (Ergonomics) 124M->124M(183M) 67.962ms
[0.928s][info][gc,cpu         ] GC(34) User=0.11s Sys=0.00s Real=0.07s
[0.939s][info][gc,start       ] GC(35) Pause Young (Allocation Failure)
[0.958s][info][gc,heap        ] GC(35) PSYoungGen: 20846K(39936K)->9792K(39424K) Eden: 9728K(9728K)->0K(11264K) From: 11118K(30208K)->9792K(28160K)
[0.958s][info][gc,heap        ] GC(35) ParOldGen: 116408K(147968K)->127712K(147968K)
[0.958s][info][gc,metaspace   ] GC(35) Metaspace: 6298K(6464K)->6298K(6464K) NonClass: 5764K(5824K)->5764K(5824K) Class: 533K(640K)->533K(640K)
[0.958s][info][gc             ] GC(35) Pause Young (Allocation Failure) 134M->134M(183M) 18.802ms
[0.958s][info][gc,cpu         ] GC(35) User=0.05s Sys=0.00s Real=0.02s
[0.970s][info][gc,start       ] GC(36) Pause Young (Allocation Failure)
[0.982s][info][gc,heap        ] GC(36) PSYoungGen: 21056K(39424K)->11328K(41472K) Eden: 11264K(11264K)->0K(11264K) From: 9792K(28160K)->11328K(30208K)
[0.982s][info][gc,heap        ] GC(36) ParOldGen: 127712K(147968K)->137576K(147968K)
[0.982s][info][gc,metaspace   ] GC(36) Metaspace: 6298K(6464K)->6298K(6464K) NonClass: 5764K(5824K)->5764K(5824K) Class: 533K(640K)->533K(640K)
[0.982s][info][gc             ] GC(36) Pause Young (Allocation Failure) 145M->145M(185M) 11.856ms
[0.982s][info][gc,cpu         ] GC(36) User=0.02s Sys=0.00s Real=0.01s
[0.982s][info][gc,start       ] GC(37) Pause Full (Ergonomics)
[0.982s][info][gc,phases,start] GC(37) Marking Phase
[1.022s][info][gc,phases      ] GC(37) Marking Phase 39.690ms
[1.022s][info][gc,phases,start] GC(37) Summary Phase
[1.022s][info][gc,phases      ] GC(37) Summary Phase 0.017ms
[1.022s][info][gc,phases,start] GC(37) Adjust Roots
[1.022s][info][gc,phases      ] GC(37) Adjust Roots 0.148ms
[1.022s][info][gc,phases,start] GC(37) Compaction Phase
[1.044s][info][gc,phases      ] GC(37) Compaction Phase 21.513ms
[1.044s][info][gc,phases,start] GC(37) Post Compact
[1.044s][info][gc,phases      ] GC(37) Post Compact 0.599ms
[1.045s][info][gc,heap        ] GC(37) PSYoungGen: 11328K(41472K)->499K(41472K) Eden: 0K(11264K)->0K(11264K) From: 11328K(30208K)->499K(30208K)
[1.045s][info][gc,heap        ] GC(37) ParOldGen: 137576K(147968K)->147954K(182784K)
[1.045s][info][gc,metaspace   ] GC(37) Metaspace: 6298K(6464K)->6298K(6464K) NonClass: 5764K(5824K)->5764K(5824K) Class: 533K(640K)->533K(640K)
[1.045s][info][gc             ] GC(37) Pause Full (Ergonomics) 145M->144M(219M) 62.416ms
[1.045s][info][gc,cpu         ] GC(37) User=0.19s Sys=0.02s Real=0.06s
[1.056s][info][gc,start       ] GC(38) Pause Young (Allocation Failure)
[1.071s][info][gc,heap        ] GC(38) PSYoungGen: 11763K(41472K)->11360K(39936K) Eden: 11264K(11264K)->0K(13312K) From: 499K(30208K)->11360K(26624K)
[1.071s][info][gc,heap        ] GC(38) ParOldGen: 147954K(182784K)->148474K(182784K)
[1.071s][info][gc,metaspace   ] GC(38) Metaspace: 6298K(6464K)->6298K(6464K) NonClass: 5764K(5824K)->5764K(5824K) Class: 533K(640K)->533K(640K)
[1.071s][info][gc             ] GC(38) Pause Young (Allocation Failure) 155M->156M(217M) 14.902ms
[1.071s][info][gc,cpu         ] GC(38) User=0.00s Sys=0.00s Real=0.02s
[1.084s][info][gc,start       ] GC(39) Pause Young (Allocation Failure)
[1.098s][info][gc,heap        ] GC(39) PSYoungGen: 24672K(39936K)->24640K(40960K) Eden: 13312K(13312K)->0K(13312K) From: 11360K(26624K)->24640K(27648K)
[1.098s][info][gc,heap        ] GC(39) ParOldGen: 148474K(182784K)->148474K(182784K)
[1.098s][info][gc,metaspace   ] GC(39) Metaspace: 6298K(6464K)->6298K(6464K) NonClass: 5764K(5824K)->5764K(5824K) Class: 533K(640K)->533K(640K)
[1.098s][info][gc             ] GC(39) Pause Young (Allocation Failure) 169M->169M(218M) 13.769ms
[1.098s][info][gc,cpu         ] GC(39) User=0.02s Sys=0.00s Real=0.01s
[1.127s][info][gc,start       ] GC(40) Pause Young (Allocation Failure)
[1.152s][info][gc,heap        ] GC(40) PSYoungGen: 37952K(40960K)->30688K(38912K) Eden: 13312K(13312K)->0K(8192K) From: 24640K(27648K)->30688K(30720K)
[1.152s][info][gc,heap        ] GC(40) ParOldGen: 148474K(182784K)->155778K(182784K)
[1.152s][info][gc,metaspace   ] GC(40) Metaspace: 6298K(6464K)->6298K(6464K) NonClass: 5764K(5824K)->5764K(5824K) Class: 533K(640K)->533K(640K)
[1.152s][info][gc             ] GC(40) Pause Young (Allocation Failure) 182M->182M(216M) 25.530ms
[1.152s][info][gc,cpu         ] GC(40) User=0.03s Sys=0.00s Real=0.03s
[1.161s][info][gc,start       ] GC(41) Pause Young (Allocation Failure)
[1.181s][info][gc,heap        ] GC(41) PSYoungGen: 38880K(38912K)->20128K(46080K) Eden: 8192K(8192K)->0K(8192K) From: 30688K(30720K)->20128K(37888K)
[1.181s][info][gc,heap        ] GC(41) ParOldGen: 155778K(182784K)->174882K(182784K)
[1.181s][info][gc,metaspace   ] GC(41) Metaspace: 6298K(6464K)->6298K(6464K) NonClass: 5764K(5824K)->5764K(5824K) Class: 533K(640K)->533K(640K)
[1.181s][info][gc             ] GC(41) Pause Young (Allocation Failure) 190M->190M(223M) 20.133ms
[1.181s][info][gc,cpu         ] GC(41) User=0.02s Sys=0.00s Real=0.02s
[1.181s][info][gc,start       ] GC(42) Pause Full (Ergonomics)
[1.181s][info][gc,phases,start] GC(42) Marking Phase
[1.227s][info][gc,phases      ] GC(42) Marking Phase 46.338ms
[1.228s][info][gc,phases,start] GC(42) Summary Phase
[1.228s][info][gc,phases      ] GC(42) Summary Phase 0.021ms
[1.228s][info][gc,phases,start] GC(42) Adjust Roots
[1.228s][info][gc,phases      ] GC(42) Adjust Roots 0.160ms
[1.228s][info][gc,phases,start] GC(42) Compaction Phase
[1.265s][info][gc,phases      ] GC(42) Compaction Phase 37.188ms
[1.265s][info][gc,phases,start] GC(42) Post Compact
[1.266s][info][gc,phases      ] GC(42) Post Compact 0.832ms
[1.266s][info][gc,heap        ] GC(42) PSYoungGen: 20128K(46080K)->7733K(46080K) Eden: 0K(8192K)->0K(8192K) From: 20128K(37888K)->7733K(37888K)
[1.266s][info][gc,heap        ] GC(42) ParOldGen: 174882K(182784K)->182598K(221696K)
[1.266s][info][gc,metaspace   ] GC(42) Metaspace: 6298K(6464K)->6298K(6464K) NonClass: 5764K(5824K)->5764K(5824K) Class: 533K(640K)->533K(640K)
[1.266s][info][gc             ] GC(42) Pause Full (Ergonomics) 190M->185M(261M) 85.171ms
[1.266s][info][gc,cpu         ] GC(42) User=0.34s Sys=0.00s Real=0.09s
[1.276s][info][gc,start       ] GC(43) Pause Young (Allocation Failure)
[1.293s][info][gc,heap        ] GC(43) PSYoungGen: 15925K(46080K)->13952K(43008K) Eden: 8192K(8192K)->0K(9728K) From: 7733K(37888K)->13952K(33280K)
[1.293s][info][gc,heap        ] GC(43) ParOldGen: 182598K(221696K)->184726K(221696K)
[1.293s][info][gc,metaspace   ] GC(43) Metaspace: 6298K(6464K)->6298K(6464K) NonClass: 5764K(5824K)->5764K(5824K) Class: 533K(640K)->533K(640K)
[1.293s][info][gc             ] GC(43) Pause Young (Allocation Failure) 193M->194M(258M) 17.040ms
[1.293s][info][gc,cpu         ] GC(43) User=0.03s Sys=0.00s Real=0.02s
[1.302s][info][gc,start       ] GC(44) Pause Young (Allocation Failure)
[1.314s][info][gc,heap        ] GC(44) PSYoungGen: 23680K(43008K)->23648K(45056K) Eden: 9728K(9728K)->0K(9728K) From: 13952K(33280K)->23648K(35328K)
[1.314s][info][gc,heap        ] GC(44) ParOldGen: 184726K(221696K)->184726K(221696K)
[1.314s][info][gc,metaspace   ] GC(44) Metaspace: 6298K(6464K)->6298K(6464K) NonClass: 5764K(5824K)->5764K(5824K) Class: 533K(640K)->533K(640K)
[1.314s][info][gc             ] GC(44) Pause Young (Allocation Failure) 203M->203M(260M) 11.601ms
[1.314s][info][gc,cpu         ] GC(44) User=0.02s Sys=0.00s Real=0.01s
[1.324s][info][gc,start       ] GC(45) Pause Young (Allocation Failure)
[1.340s][info][gc,heap        ] GC(45) PSYoungGen: 33376K(45056K)->27680K(45568K) Eden: 9728K(9728K)->0K(9216K) From: 23648K(35328K)->27680K(36352K)
[1.340s][info][gc,heap        ] GC(45) ParOldGen: 184726K(221696K)->190494K(221696K)
[1.340s][info][gc,metaspace   ] GC(45) Metaspace: 6298K(6464K)->6298K(6464K) NonClass: 5764K(5824K)->5764K(5824K) Class: 533K(640K)->533K(640K)
[1.340s][info][gc             ] GC(45) Pause Young (Allocation Failure) 212M->213M(261M) 16.362ms
[1.340s][info][gc,cpu         ] GC(45) User=0.05s Sys=0.00s Real=0.02s
[1.351s][info][gc,start       ] GC(46) Pause Young (Allocation Failure)
[1.370s][info][gc,heap        ] GC(46) PSYoungGen: 36896K(45568K)->28704K(47616K) Eden: 9216K(9216K)->0K(9216K) From: 27680K(36352K)->28704K(38400K)
[1.370s][info][gc,heap        ] GC(46) ParOldGen: 190494K(221696K)->198806K(221696K)
[1.370s][info][gc,metaspace   ] GC(46) Metaspace: 6298K(6464K)->6298K(6464K) NonClass: 5764K(5824K)->5764K(5824K) Class: 533K(640K)->533K(640K)
[1.370s][info][gc             ] GC(46) Pause Young (Allocation Failure) 222M->222M(263M) 18.579ms
[1.370s][info][gc,cpu         ] GC(46) User=0.05s Sys=0.02s Real=0.02s
[1.381s][info][gc,start       ] GC(47) Pause Young (Allocation Failure)
[1.401s][info][gc,heap        ] GC(47) PSYoungGen: 37920K(47616K)->18528K(47104K) Eden: 9216K(9216K)->0K(10752K) From: 28704K(38400K)->18528K(36352K)
[1.401s][info][gc,heap        ] GC(47) ParOldGen: 198806K(221696K)->218510K(221696K)
[1.401s][info][gc,metaspace   ] GC(47) Metaspace: 6298K(6464K)->6298K(6464K) NonClass: 5764K(5824K)->5764K(5824K) Class: 533K(640K)->533K(640K)
[1.401s][info][gc             ] GC(47) Pause Young (Allocation Failure) 231M->231M(262M) 20.036ms
[1.401s][info][gc,cpu         ] GC(47) User=0.06s Sys=0.00s Real=0.02s
[1.401s][info][gc,start       ] GC(48) Pause Full (Ergonomics)
[1.401s][info][gc,phases,start] GC(48) Marking Phase
[1.459s][info][gc,phases      ] GC(48) Marking Phase 58.017ms
[1.459s][info][gc,phases,start] GC(48) Summary Phase
[1.459s][info][gc,phases      ] GC(48) Summary Phase 0.020ms
[1.459s][info][gc,phases,start] GC(48) Adjust Roots
[1.459s][info][gc,phases      ] GC(48) Adjust Roots 0.170ms
[1.459s][info][gc,phases,start] GC(48) Compaction Phase
[1.493s][info][gc,phases      ] GC(48) Compaction Phase 33.742ms
[1.493s][info][gc,phases,start] GC(48) Post Compact
[1.494s][info][gc,phases      ] GC(48) Post Compact 1.049ms
[1.495s][info][gc,heap        ] GC(48) PSYoungGen: 18528K(47104K)->14793K(49152K) Eden: 0K(10752K)->0K(12800K) From: 18528K(36352K)->14793K(36352K)
[1.495s][info][gc,heap        ] GC(48) ParOldGen: 218510K(221696K)->221468K(263680K)
[1.495s][info][gc,metaspace   ] GC(48) Metaspace: 6298K(6464K)->6298K(6464K) NonClass: 5764K(5824K)->5764K(5824K) Class: 533K(640K)->533K(640K)
[1.495s][info][gc             ] GC(48) Pause Full (Ergonomics) 231M->230M(305M) 93.576ms
[1.495s][info][gc,cpu         ] GC(48) User=0.34s Sys=0.00s Real=0.09s
[1.508s][info][gc,start       ] GC(49) Pause Young (Allocation Failure)
[1.534s][info][gc,heap        ] GC(49) PSYoungGen: 27593K(49152K)->12928K(51200K) Eden: 12800K(12800K)->0K(12800K) From: 14793K(36352K)->12928K(38400K)
[1.534s][info][gc,heap        ] GC(49) ParOldGen: 221468K(263680K)->236500K(263680K)
[1.534s][info][gc,metaspace   ] GC(49) Metaspace: 6298K(6464K)->6298K(6464K) NonClass: 5764K(5824K)->5764K(5824K) Class: 533K(640K)->533K(640K)
[1.534s][info][gc             ] GC(49) Pause Young (Allocation Failure) 243M->243M(307M) 25.532ms
[1.534s][info][gc,cpu         ] GC(49) User=0.16s Sys=0.02s Real=0.03s
[1.548s][info][gc,start       ] GC(50) Pause Young (Allocation Failure)
[1.563s][info][gc,heap        ] GC(50) PSYoungGen: 25728K(51200K)->12928K(50176K) Eden: 12800K(12800K)->0K(14848K) From: 12928K(38400K)->12928K(35328K)
[1.563s][info][gc,heap        ] GC(50) ParOldGen: 236500K(263680K)->249484K(263680K)
[1.563s][info][gc,metaspace   ] GC(50) Metaspace: 6298K(6464K)->6298K(6464K) NonClass: 5764K(5824K)->5764K(5824K) Class: 533K(640K)->533K(640K)
[1.563s][info][gc             ] GC(50) Pause Young (Allocation Failure) 256M->256M(306M) 15.670ms
[1.563s][info][gc,cpu         ] GC(50) User=0.02s Sys=0.00s Real=0.02s
[1.563s][info][gc,start       ] GC(51) Pause Full (Ergonomics)
[1.563s][info][gc,phases,start] GC(51) Marking Phase
[1.631s][info][gc,phases      ] GC(51) Marking Phase 67.632ms
[1.631s][info][gc,phases,start] GC(51) Summary Phase
[1.631s][info][gc,phases      ] GC(51) Summary Phase 0.025ms
[1.631s][info][gc,phases,start] GC(51) Adjust Roots
[1.631s][info][gc,phases      ] GC(51) Adjust Roots 0.174ms
[1.631s][info][gc,phases,start] GC(51) Compaction Phase
[1.663s][info][gc,phases      ] GC(51) Compaction Phase 31.649ms
[1.663s][info][gc,phases,start] GC(51) Post Compact
[1.664s][info][gc,phases      ] GC(51) Post Compact 1.404ms
[1.665s][info][gc,heap        ] GC(51) PSYoungGen: 12928K(50176K)->0K(51200K) Eden: 0K(14848K)->0K(14848K) From: 12928K(35328K)->0K(36352K)
[1.665s][info][gc,heap        ] GC(51) ParOldGen: 249484K(263680K)->261803K(307712K)
[1.665s][info][gc,metaspace   ] GC(51) Metaspace: 6298K(6464K)->6298K(6464K) NonClass: 5764K(5824K)->5764K(5824K) Class: 533K(640K)->533K(640K)
[1.665s][info][gc             ] GC(51) Pause Full (Ergonomics) 256M->255M(350M) 101.711ms
[1.665s][info][gc,cpu         ] GC(51) User=0.59s Sys=0.00s Real=0.10s
[1.682s][info][gc,start       ] GC(52) Pause Young (Allocation Failure)
[1.690s][info][gc,heap        ] GC(52) PSYoungGen: 14848K(51200K)->15008K(51200K) Eden: 14848K(14848K)->0K(16896K) From: 0K(36352K)->15008K(34304K)
[1.690s][info][gc,heap        ] GC(52) ParOldGen: 261803K(307712K)->261803K(307712K)
[1.690s][info][gc,metaspace   ] GC(52) Metaspace: 6298K(6464K)->6298K(6464K) NonClass: 5764K(5824K)->5764K(5824K) Class: 533K(640K)->533K(640K)
[1.690s][info][gc             ] GC(52) Pause Young (Allocation Failure) 270M->270M(350M) 8.556ms
[1.690s][info][gc,cpu         ] GC(52) User=0.00s Sys=0.00s Real=0.01s
[1.709s][info][gc,start       ] GC(53) Pause Young (Allocation Failure)
[1.726s][info][gc,heap        ] GC(53) PSYoungGen: 31904K(51200K)->31872K(52224K) Eden: 16896K(16896K)->0K(16896K) From: 15008K(34304K)->31872K(35328K)
[1.726s][info][gc,heap        ] GC(53) ParOldGen: 261803K(307712K)->261803K(307712K)
[1.726s][info][gc,metaspace   ] GC(53) Metaspace: 6298K(6464K)->6298K(6464K) NonClass: 5764K(5824K)->5764K(5824K) Class: 533K(640K)->533K(640K)
[1.726s][info][gc             ] GC(53) Pause Young (Allocation Failure) 286M->286M(351M) 16.682ms
[1.726s][info][gc,cpu         ] GC(53) User=0.03s Sys=0.00s Real=0.02s
[1.746s][info][gc,start       ] GC(54) Pause Young (Allocation Failure)
[1.770s][info][gc,heap        ] GC(54) PSYoungGen: 48768K(52224K)->38912K(49664K) Eden: 16896K(16896K)->0K(10752K) From: 31872K(35328K)->38912K(38912K)
[1.770s][info][gc,heap        ] GC(54) ParOldGen: 261803K(307712K)->271667K(307712K)
[1.770s][info][gc,metaspace   ] GC(54) Metaspace: 6298K(6464K)->6298K(6464K) NonClass: 5764K(5824K)->5764K(5824K) Class: 533K(640K)->533K(640K)
[1.770s][info][gc             ] GC(54) Pause Young (Allocation Failure) 303M->303M(349M) 24.095ms
[1.770s][info][gc,cpu         ] GC(54) User=0.08s Sys=0.05s Real=0.02s
[1.783s][info][gc,start       ] GC(55) Pause Young (Allocation Failure)
[1.808s][info][gc,heap        ] GC(55) PSYoungGen: 49664K(49664K)->23360K(34304K) Eden: 10752K(10752K)->0K(10752K) From: 38912K(38912K)->23360K(23552K)
[1.808s][info][gc,heap        ] GC(55) ParOldGen: 271667K(307712K)->298491K(307712K)
[1.808s][info][gc,metaspace   ] GC(55) Metaspace: 6298K(6464K)->6298K(6464K) NonClass: 5764K(5824K)->5764K(5824K) Class: 533K(640K)->533K(640K)
[1.808s][info][gc             ] GC(55) Pause Young (Allocation Failure) 313M->314M(334M) 24.901ms
[1.808s][info][gc,cpu         ] GC(55) User=0.12s Sys=0.00s Real=0.02s
[1.808s][info][gc,start       ] GC(56) Pause Full (Ergonomics)
[1.808s][info][gc,phases,start] GC(56) Marking Phase
[1.883s][info][gc,phases      ] GC(56) Marking Phase 75.022ms
[1.883s][info][gc,phases,start] GC(56) Summary Phase
[1.883s][info][gc,phases      ] GC(56) Summary Phase 0.020ms
[1.883s][info][gc,phases,start] GC(56) Adjust Roots
[1.883s][info][gc,phases      ] GC(56) Adjust Roots 0.218ms
[1.883s][info][gc,phases,start] GC(56) Compaction Phase
[1.919s][info][gc,phases      ] GC(56) Compaction Phase 36.023ms
[1.919s][info][gc,phases,start] GC(56) Post Compact
[1.921s][info][gc,phases      ] GC(56) Post Compact 1.416ms
[1.921s][info][gc,heap        ] GC(56) PSYoungGen: 23360K(34304K)->13431K(34304K) Eden: 0K(10752K)->0K(10752K) From: 23360K(23552K)->13431K(23552K)
[1.921s][info][gc,heap        ] GC(56) ParOldGen: 298491K(307712K)->307640K(359936K)
[1.921s][info][gc,metaspace   ] GC(56) Metaspace: 6298K(6464K)->6298K(6464K) NonClass: 5764K(5824K)->5764K(5824K) Class: 533K(640K)->533K(640K)
[1.921s][info][gc             ] GC(56) Pause Full (Ergonomics) 314M->313M(385M) 113.314ms
[1.921s][info][gc,cpu         ] GC(56) User=0.72s Sys=0.02s Real=0.11s
[1.933s][info][gc,start       ] GC(57) Pause Young (Allocation Failure)
[1.960s][info][gc,heap        ] GC(57) PSYoungGen: 24183K(34304K)->17824K(54784K) Eden: 10752K(10752K)->0K(12288K) From: 13431K(23552K)->17824K(42496K)
[1.960s][info][gc,heap        ] GC(57) ParOldGen: 307640K(359936K)->314248K(359936K)
[1.960s][info][gc,metaspace   ] GC(57) Metaspace: 6298K(6464K)->6298K(6464K) NonClass: 5764K(5824K)->5764K(5824K) Class: 533K(640K)->533K(640K)
[1.960s][info][gc             ] GC(57) Pause Young (Allocation Failure) 324M->324M(405M) 26.605ms
[1.960s][info][gc,cpu         ] GC(57) User=0.09s Sys=0.02s Real=0.03s
[1.975s][info][gc,start       ] GC(58) Pause Young (Allocation Failure)
[1.990s][info][gc,heap        ] GC(58) PSYoungGen: 30112K(54784K)->30112K(56320K) Eden: 12288K(12288K)->0K(12288K) From: 17824K(42496K)->30112K(44032K)
[1.990s][info][gc,heap        ] GC(58) ParOldGen: 314248K(359936K)->314248K(359936K)
[1.990s][info][gc,metaspace   ] GC(58) Metaspace: 6298K(6464K)->6298K(6464K) NonClass: 5764K(5824K)->5764K(5824K) Class: 533K(640K)->533K(640K)
[1.990s][info][gc             ] GC(58) Pause Young (Allocation Failure) 336M->336M(406M) 15.695ms
[1.990s][info][gc,cpu         ] GC(58) User=0.02s Sys=0.00s Real=0.02s
[2.068s][info][gc,start       ] GC(59) Pause Young (Allocation Failure)
[2.096s][info][gc,heap        ] GC(59) PSYoungGen: 42400K(56320K)->35456K(56320K) Eden: 12288K(12288K)->0K(11264K) From: 30112K(44032K)->35456K(45056K)
[2.096s][info][gc,heap        ] GC(59) ParOldGen: 330632K(359936K)->337696K(359936K)
[2.096s][info][gc,metaspace   ] GC(59) Metaspace: 6298K(6464K)->6298K(6464K) NonClass: 5764K(5824K)->5764K(5824K) Class: 533K(640K)->533K(640K)
[2.096s][info][gc             ] GC(59) Pause Young (Allocation Failure) 364M->364M(406M) 28.098ms
[2.096s][info][gc,cpu         ] GC(59) User=0.14s Sys=0.00s Real=0.03s
[2.096s][info][gc,start       ] GC(60) Pause Full (Ergonomics)
[2.096s][info][gc,phases,start] GC(60) Marking Phase
[2.181s][info][gc,phases      ] GC(60) Marking Phase 85.486ms
[2.181s][info][gc,phases,start] GC(60) Summary Phase
[2.181s][info][gc,phases      ] GC(60) Summary Phase 0.021ms
[2.182s][info][gc,phases,start] GC(60) Adjust Roots
[2.182s][info][gc,phases      ] GC(60) Adjust Roots 0.196ms
[2.182s][info][gc,phases,start] GC(60) Compaction Phase
[2.250s][info][gc,phases      ] GC(60) Compaction Phase 68.026ms
[2.250s][info][gc,phases,start] GC(60) Post Compact
[2.252s][info][gc,phases      ] GC(60) Post Compact 1.845ms
[2.252s][info][gc,heap        ] GC(60) PSYoungGen: 35456K(56320K)->4585K(56320K) Eden: 0K(11264K)->0K(11264K) From: 35456K(45056K)->4585K(45056K)
[2.252s][info][gc,heap        ] GC(60) ParOldGen: 337696K(359936K)->359917K(411648K)
[2.252s][info][gc,metaspace   ] GC(60) Metaspace: 6298K(6464K)->6298K(6464K) NonClass: 5764K(5824K)->5764K(5824K) Class: 533K(640K)->533K(640K)
[2.252s][info][gc             ] GC(60) Pause Full (Ergonomics) 364M->355M(457M) 156.246ms
[2.252s][info][gc,cpu         ] GC(60) User=0.89s Sys=0.00s Real=0.16s
[2.265s][info][gc,start       ] GC(61) Pause Young (Allocation Failure)
[2.288s][info][gc,heap        ] GC(61) PSYoungGen: 15849K(56320K)->15936K(58880K) Eden: 11264K(11264K)->0K(11264K) From: 4585K(45056K)->15936K(47616K)
[2.288s][info][gc,heap        ] GC(61) ParOldGen: 359917K(411648K)->359917K(411648K)
[2.288s][info][gc,metaspace   ] GC(61) Metaspace: 6298K(6464K)->6298K(6464K) NonClass: 5764K(5824K)->5764K(5824K) Class: 533K(640K)->533K(640K)
[2.288s][info][gc             ] GC(61) Pause Young (Allocation Failure) 366M->367M(459M) 22.777ms
[2.288s][info][gc,cpu         ] GC(61) User=0.11s Sys=0.00s Real=0.02s
[2.300s][info][gc,start       ] GC(62) Pause Young (Allocation Failure)
[2.313s][info][gc,heap        ] GC(62) PSYoungGen: 27200K(58880K)->27264K(57344K) Eden: 11264K(11264K)->0K(12800K) From: 15936K(47616K)->27264K(44544K)
[2.313s][info][gc,heap        ] GC(62) ParOldGen: 359917K(411648K)->359917K(411648K)
[2.313s][info][gc,metaspace   ] GC(62) Metaspace: 6298K(6464K)->6298K(6464K) NonClass: 5764K(5824K)->5764K(5824K) Class: 533K(640K)->533K(640K)
[2.313s][info][gc             ] GC(62) Pause Young (Allocation Failure) 378M->378M(458M) 13.575ms
[2.313s][info][gc,cpu         ] GC(62) User=0.02s Sys=0.00s Real=0.01s
[2.326s][info][gc,start       ] GC(63) Pause Young (Allocation Failure)
[2.346s][info][gc,heap        ] GC(63) PSYoungGen: 40064K(57344K)->40032K(58368K) Eden: 12800K(12800K)->0K(12800K) From: 27264K(44544K)->40032K(45568K)
[2.346s][info][gc,heap        ] GC(63) ParOldGen: 359917K(411648K)->359917K(411648K)
[2.346s][info][gc,metaspace   ] GC(63) Metaspace: 6298K(6464K)->6298K(6464K) NonClass: 5764K(5824K)->5764K(5824K) Class: 533K(640K)->533K(640K)
[2.346s][info][gc             ] GC(63) Pause Young (Allocation Failure) 390M->390M(459M) 19.870ms
[2.346s][info][gc,cpu         ] GC(63) User=0.12s Sys=0.00s Real=0.02s
[2.361s][info][gc,start       ] GC(64) Pause Young (Allocation Failure)
[2.387s][info][gc,heap        ] GC(64) PSYoungGen: 52832K(58368K)->49664K(56320K) Eden: 12800K(12800K)->0K(6656K) From: 40032K(45568K)->49664K(49664K)
[2.387s][info][gc,heap        ] GC(64) ParOldGen: 359917K(411648K)->363053K(411648K)
[2.387s][info][gc,metaspace   ] GC(64) Metaspace: 6298K(6464K)->6298K(6464K) NonClass: 5764K(5824K)->5764K(5824K) Class: 533K(640K)->533K(640K)
[2.387s][info][gc             ] GC(64) Pause Young (Allocation Failure) 403M->403M(457M) 25.468ms
[2.387s][info][gc,cpu         ] GC(64) User=0.11s Sys=0.02s Real=0.03s
[2.393s][info][gc,start       ] GC(65) Pause Young (Allocation Failure)
[2.419s][info][gc,heap        ] GC(65) PSYoungGen: 56320K(56320K)->54176K(64000K) Eden: 6656K(6656K)->0K(6656K) From: 49664K(49664K)->54176K(57344K)
[2.419s][info][gc,heap        ] GC(65) ParOldGen: 363053K(411648K)->365389K(411648K)
[2.419s][info][gc,metaspace   ] GC(65) Metaspace: 6298K(6464K)->6298K(6464K) NonClass: 5764K(5824K)->5764K(5824K) Class: 533K(640K)->533K(640K)
[2.419s][info][gc             ] GC(65) Pause Young (Allocation Failure) 409M->409M(464M) 25.346ms
[2.419s][info][gc,cpu         ] GC(65) User=0.12s Sys=0.00s Real=0.02s
[2.425s][info][gc,start       ] GC(66) Pause Young (Allocation Failure)
[2.454s][info][gc,heap        ] GC(66) PSYoungGen: 60832K(64000K)->38624K(71168K) Eden: 6656K(6656K)->0K(7680K) From: 54176K(57344K)->38624K(63488K)
[2.454s][info][gc,heap        ] GC(66) ParOldGen: 365389K(411648K)->387853K(411648K)
[2.454s][info][gc,metaspace   ] GC(66) Metaspace: 6298K(6464K)->6298K(6464K) NonClass: 5764K(5824K)->5764K(5824K) Class: 533K(640K)->533K(640K)
[2.454s][info][gc             ] GC(66) Pause Young (Allocation Failure) 416M->416M(471M) 28.850ms
[2.454s][info][gc,cpu         ] GC(66) User=0.11s Sys=0.00s Real=0.03s
[2.454s][info][gc,start       ] GC(67) Pause Full (Ergonomics)
[2.454s][info][gc,phases,start] GC(67) Marking Phase
[2.548s][info][gc,phases      ] GC(67) Marking Phase 94.092ms
[2.549s][info][gc,phases,start] GC(67) Summary Phase
[2.549s][info][gc,phases      ] GC(67) Summary Phase 0.021ms
[2.549s][info][gc,phases,start] GC(67) Adjust Roots
[2.549s][info][gc,phases      ] GC(67) Adjust Roots 0.155ms
[2.549s][info][gc,phases,start] GC(67) Compaction Phase
[2.594s][info][gc,phases      ] GC(67) Compaction Phase 44.954ms
[2.594s][info][gc,phases,start] GC(67) Post Compact
[2.596s][info][gc,phases      ] GC(67) Post Compact 2.024ms
[2.596s][info][gc,heap        ] GC(67) PSYoungGen: 38624K(71168K)->14370K(71680K) Eden: 0K(7680K)->0K(8192K) From: 38624K(63488K)->14370K(63488K)
[2.596s][info][gc,heap        ] GC(67) ParOldGen: 387853K(411648K)->411391K(466432K)
[2.596s][info][gc,metaspace   ] GC(67) Metaspace: 6298K(6464K)->6298K(6464K) NonClass: 5764K(5824K)->5764K(5824K) Class: 533K(640K)->533K(640K)
[2.596s][info][gc             ] GC(67) Pause Full (Ergonomics) 416M->415M(525M) 141.849ms
[2.596s][info][gc,cpu         ] GC(67) User=0.83s Sys=0.00s Real=0.14s
[2.606s][info][gc,start       ] GC(68) Pause Young (Allocation Failure)
[2.634s][info][gc,heap        ] GC(68) PSYoungGen: 22562K(71680K)->14720K(72192K) Eden: 8192K(8192K)->0K(8192K) From: 14370K(63488K)->14720K(64000K)
[2.634s][info][gc,heap        ] GC(68) ParOldGen: 411391K(466432K)->419503K(466432K)
[2.634s][info][gc,metaspace   ] GC(68) Metaspace: 6298K(6464K)->6298K(6464K) NonClass: 5764K(5824K)->5764K(5824K) Class: 533K(640K)->533K(640K)
[2.634s][info][gc             ] GC(68) Pause Young (Allocation Failure) 423M->424M(526M) 27.605ms
[2.634s][info][gc,cpu         ] GC(68) User=0.12s Sys=0.00s Real=0.03s
[2.642s][info][gc,start       ] GC(69) Pause Young (Allocation Failure)
[2.654s][info][gc,heap        ] GC(69) PSYoungGen: 22912K(72192K)->16480K(71168K) Eden: 8192K(8192K)->0K(9728K) From: 14720K(64000K)->16480K(61440K)
[2.654s][info][gc,heap        ] GC(69) ParOldGen: 419503K(466432K)->426007K(466432K)
[2.654s][info][gc,metaspace   ] GC(69) Metaspace: 6298K(6464K)->6298K(6464K) NonClass: 5764K(5824K)->5764K(5824K) Class: 533K(640K)->533K(640K)
[2.655s][info][gc             ] GC(69) Pause Young (Allocation Failure) 432M->432M(525M) 12.371ms
[2.655s][info][gc,cpu         ] GC(69) User=0.02s Sys=0.00s Real=0.01s
[2.665s][info][gc,start       ] GC(70) Pause Young (Allocation Failure)
[2.679s][info][gc,heap        ] GC(70) PSYoungGen: 26208K(71168K)->9856K(72192K) Eden: 9728K(9728K)->0K(9728K) From: 16480K(61440K)->9856K(62464K)
[2.679s][info][gc,heap        ] GC(70) ParOldGen: 426007K(466432K)->442583K(466432K)
[2.679s][info][gc,metaspace   ] GC(70) Metaspace: 6298K(6464K)->6298K(6464K) NonClass: 5764K(5824K)->5764K(5824K) Class: 533K(640K)->533K(640K)
[2.679s][info][gc             ] GC(70) Pause Young (Allocation Failure) 441M->441M(526M) 14.622ms
[2.679s][info][gc,cpu         ] GC(70) User=0.02s Sys=0.00s Real=0.01s
[2.690s][info][gc,start       ] GC(71) Pause Young (Allocation Failure)
[2.703s][info][gc,heap        ] GC(71) PSYoungGen: 19584K(72192K)->9824K(72192K) Eden: 9728K(9728K)->0K(11264K) From: 9856K(62464K)->9824K(60928K)
[2.703s][info][gc,heap        ] GC(71) ParOldGen: 442583K(466432K)->452455K(466432K)
[2.703s][info][gc,metaspace   ] GC(71) Metaspace: 6298K(6464K)->6298K(6464K) NonClass: 5764K(5824K)->5764K(5824K) Class: 533K(640K)->533K(640K)
[2.703s][info][gc             ] GC(71) Pause Young (Allocation Failure) 451M->451M(526M) 12.722ms
[2.703s][info][gc,cpu         ] GC(71) User=0.02s Sys=0.00s Real=0.01s
[2.703s][info][gc,start       ] GC(72) Pause Full (Ergonomics)
[2.703s][info][gc,phases,start] GC(72) Marking Phase
[2.814s][info][gc,phases      ] GC(72) Marking Phase 110.324ms
[2.814s][info][gc,phases,start] GC(72) Summary Phase
[2.814s][info][gc,phases      ] GC(72) Summary Phase 0.026ms
[2.814s][info][gc,phases,start] GC(72) Adjust Roots
[2.814s][info][gc,phases      ] GC(72) Adjust Roots 0.171ms
[2.814s][info][gc,phases,start] GC(72) Compaction Phase
[2.861s][info][gc,phases      ] GC(72) Compaction Phase 46.667ms
[2.861s][info][gc,phases,start] GC(72) Post Compact
[2.863s][info][gc,phases      ] GC(72) Post Compact 2.204ms
[2.863s][info][gc,heap        ] GC(72) PSYoungGen: 9824K(72192K)->0K(72704K) Eden: 0K(11264K)->0K(11264K) From: 9824K(60928K)->0K(61440K)
[2.863s][info][gc,heap        ] GC(72) ParOldGen: 452455K(466432K)->461471K(517632K)
[2.863s][info][gc,metaspace   ] GC(72) Metaspace: 6298K(6464K)->6298K(6464K) NonClass: 5764K(5824K)->5764K(5824K) Class: 533K(640K)->533K(640K)
[2.863s][info][gc             ] GC(72) Pause Full (Ergonomics) 451M->450M(576M) 159.922ms
[2.863s][info][gc,cpu         ] GC(72) User=1.02s Sys=0.00s Real=0.16s
[2.876s][info][gc,start       ] GC(73) Pause Young (Allocation Failure)
[2.884s][info][gc,heap        ] GC(73) PSYoungGen: 11264K(72704K)->11360K(71168K) Eden: 11264K(11264K)->0K(12800K) From: 0K(61440K)->11360K(58368K)
[2.884s][info][gc,heap        ] GC(73) ParOldGen: 461471K(517632K)->461471K(517632K)
[2.884s][info][gc,metaspace   ] GC(73) Metaspace: 6298K(6464K)->6298K(6464K) NonClass: 5764K(5824K)->5764K(5824K) Class: 533K(640K)->533K(640K)
[2.884s][info][gc             ] GC(73) Pause Young (Allocation Failure) 461M->461M(575M) 8.750ms
[2.884s][info][gc,cpu         ] GC(73) User=0.00s Sys=0.00s Real=0.01s
[2.899s][info][gc,start       ] GC(74) Pause Young (Allocation Failure)
[2.912s][info][gc,heap        ] GC(74) PSYoungGen: 24160K(71168K)->24192K(37376K) Eden: 12800K(12800K)->0K(12800K) From: 11360K(58368K)->24192K(24576K)
[2.912s][info][gc,heap        ] GC(74) ParOldGen: 461471K(517632K)->461471K(517632K)
[2.912s][info][gc,metaspace   ] GC(74) Metaspace: 6298K(6464K)->6298K(6464K) NonClass: 5764K(5824K)->5764K(5824K) Class: 533K(640K)->533K(640K)
[2.912s][info][gc             ] GC(74) Pause Young (Allocation Failure) 474M->474M(542M) 12.978ms
[2.912s][info][gc,cpu         ] GC(74) User=0.02s Sys=0.00s Real=0.01s
[2.927s][info][gc,start       ] GC(75) Pause Young (Allocation Failure)
[2.945s][info][gc,heap        ] GC(75) PSYoungGen: 36992K(37376K)->37024K(69632K) Eden: 12800K(12800K)->0K(12800K) From: 24192K(24576K)->37024K(56832K)
[2.945s][info][gc,heap        ] GC(75) ParOldGen: 461471K(517632K)->461471K(517632K)
[2.945s][info][gc,metaspace   ] GC(75) Metaspace: 6298K(6464K)->6298K(6464K) NonClass: 5764K(5824K)->5764K(5824K) Class: 533K(640K)->533K(640K)
[2.945s][info][gc             ] GC(75) Pause Young (Allocation Failure) 486M->486M(573M) 18.508ms
[2.945s][info][gc,cpu         ] GC(75) User=0.12s Sys=0.00s Real=0.02s
[2.959s][info][gc,start       ] GC(76) Pause Young (Allocation Failure)
[2.982s][info][gc,heap        ] GC(76) PSYoungGen: 49824K(69632K)->38496K(71168K) Eden: 12800K(12800K)->0K(12800K) From: 37024K(56832K)->38496K(58368K)
[2.983s][info][gc,heap        ] GC(76) ParOldGen: 461471K(517632K)->472895K(517632K)
[2.983s][info][gc,metaspace   ] GC(76) Metaspace: 6298K(6464K)->6298K(6464K) NonClass: 5764K(5824K)->5764K(5824K) Class: 533K(640K)->533K(640K)
[2.983s][info][gc             ] GC(76) Pause Young (Allocation Failure) 499M->499M(575M) 23.930ms
[2.983s][info][gc,cpu         ] GC(76) User=0.12s Sys=0.02s Real=0.02s
[2.997s][info][gc,start       ] GC(77) Pause Young (Allocation Failure)
[3.022s][info][gc,heap        ] GC(77) PSYoungGen: 51296K(71168K)->38496K(72704K) Eden: 12800K(12800K)->0K(12800K) From: 38496K(58368K)->38496K(59904K)
[3.022s][info][gc,heap        ] GC(77) ParOldGen: 472895K(517632K)->485863K(517632K)
[3.022s][info][gc,metaspace   ] GC(77) Metaspace: 6298K(6464K)->6298K(6464K) NonClass: 5764K(5824K)->5764K(5824K) Class: 533K(640K)->533K(640K)
[3.022s][info][gc             ] GC(77) Pause Young (Allocation Failure) 511M->512M(576M) 25.084ms
[3.022s][info][gc,cpu         ] GC(77) User=0.12s Sys=0.00s Real=0.03s
[3.036s][info][gc,start       ] GC(78) Pause Young (Allocation Failure)
[3.061s][info][gc,heap        ] GC(78) PSYoungGen: 51296K(72704K)->38528K(74240K) Eden: 12800K(12800K)->0K(12800K) From: 38496K(59904K)->38528K(61440K)
[3.061s][info][gc,heap        ] GC(78) ParOldGen: 485863K(517632K)->498839K(517632K)
[3.061s][info][gc,metaspace   ] GC(78) Metaspace: 6298K(6464K)->6298K(6464K) NonClass: 5764K(5824K)->5764K(5824K) Class: 533K(640K)->533K(640K)
[3.061s][info][gc             ] GC(78) Pause Young (Allocation Failure) 524M->524M(578M) 25.234ms
[3.061s][info][gc,cpu         ] GC(78) User=0.14s Sys=0.00s Real=0.03s
[3.061s][info][gc,start       ] GC(79) Pause Full (Ergonomics)
[3.061s][info][gc,phases,start] GC(79) Marking Phase
[3.178s][info][gc,phases      ] GC(79) Marking Phase 116.764ms
[3.178s][info][gc,phases,start] GC(79) Summary Phase
[3.178s][info][gc,phases      ] GC(79) Summary Phase 0.021ms
[3.178s][info][gc,phases,start] GC(79) Adjust Roots
[3.178s][info][gc,phases      ] GC(79) Adjust Roots 0.202ms
[3.178s][info][gc,phases,start] GC(79) Compaction Phase
[3.229s][info][gc,phases      ] GC(79) Compaction Phase 50.733ms
[3.229s][info][gc,phases,start] GC(79) Post Compact
[3.231s][info][gc,phases      ] GC(79) Post Compact 2.586ms
[3.232s][info][gc,heap        ] GC(79) PSYoungGen: 38528K(74240K)->19398K(74240K) Eden: 0K(12800K)->0K(12800K) From: 38528K(61440K)->19398K(61440K)
[3.232s][info][gc,heap        ] GC(79) ParOldGen: 498839K(517632K)->517143K(577024K)
[3.232s][info][gc,metaspace   ] GC(79) Metaspace: 6298K(6464K)->6298K(6464K) NonClass: 5764K(5824K)->5764K(5824K) Class: 533K(640K)->533K(640K)
[3.232s][info][gc             ] GC(79) Pause Full (Ergonomics) 524M->523M(636M) 170.977ms
[3.232s][info][gc,cpu         ] GC(79) User=1.12s Sys=0.02s Real=0.17s
[3.246s][info][gc,start       ] GC(80) Pause Young (Allocation Failure)
[3.284s][info][gc,heap        ] GC(80) PSYoungGen: 32198K(74240K)->19584K(73216K) Eden: 12800K(12800K)->0K(14336K) From: 19398K(61440K)->19584K(58880K)
[3.284s][info][gc,heap        ] GC(80) ParOldGen: 517143K(577024K)->530103K(577024K)
[3.284s][info][gc,metaspace   ] GC(80) Metaspace: 6298K(6464K)->6298K(6464K) NonClass: 5764K(5824K)->5764K(5824K) Class: 533K(640K)->533K(640K)
[3.284s][info][gc             ] GC(80) Pause Young (Allocation Failure) 536M->536M(635M) 38.575ms
[3.284s][info][gc,cpu         ] GC(80) User=0.25s Sys=0.00s Real=0.04s
[3.300s][info][gc,start       ] GC(81) Pause Young (Allocation Failure)
[3.320s][info][gc,heap        ] GC(81) PSYoungGen: 33920K(73216K)->27296K(41984K) Eden: 14336K(14336K)->0K(14336K) From: 19584K(58880K)->27296K(27648K)
[3.320s][info][gc,heap        ] GC(81) ParOldGen: 530103K(577024K)->536855K(577024K)
[3.320s][info][gc,metaspace   ] GC(81) Metaspace: 6298K(6464K)->6298K(6464K) NonClass: 5764K(5824K)->5764K(5824K) Class: 533K(640K)->533K(640K)
[3.320s][info][gc             ] GC(81) Pause Young (Allocation Failure) 550M->550M(604M) 19.674ms
[3.320s][info][gc,cpu         ] GC(81) User=0.09s Sys=0.03s Real=0.02s
[3.336s][info][gc,start       ] GC(82) Pause Young (Allocation Failure)
[3.359s][info][gc,heap        ] GC(82) PSYoungGen: 41632K(41984K)->28768K(69632K) Eden: 14336K(14336K)->0K(16384K) From: 27296K(27648K)->28768K(53248K)
[3.359s][info][gc,heap        ] GC(82) ParOldGen: 536855K(577024K)->549847K(577024K)
[3.359s][info][gc,metaspace   ] GC(82) Metaspace: 6298K(6464K)->6298K(6464K) NonClass: 5764K(5824K)->5764K(5824K) Class: 533K(640K)->533K(640K)
[3.359s][info][gc             ] GC(82) Pause Young (Allocation Failure) 564M->565M(631M) 22.597ms
[3.359s][info][gc,cpu         ] GC(82) User=0.11s Sys=0.00s Real=0.02s
[3.377s][info][gc,start       ] GC(83) Pause Young (Allocation Failure)
[3.402s][info][gc,heap        ] GC(83) PSYoungGen: 45152K(69632K)->30880K(71168K) Eden: 16384K(16384K)->0K(16384K) From: 28768K(53248K)->30880K(54784K)
[3.402s][info][gc,heap        ] GC(83) ParOldGen: 549847K(577024K)->564383K(577024K)
[3.402s][info][gc,metaspace   ] GC(83) Metaspace: 6298K(6464K)->6298K(6464K) NonClass: 5764K(5824K)->5764K(5824K) Class: 533K(640K)->533K(640K)
[3.402s][info][gc             ] GC(83) Pause Young (Allocation Failure) 581M->581M(633M) 24.697ms
[3.402s][info][gc,cpu         ] GC(83) User=0.12s Sys=0.00s Real=0.03s
[3.402s][info][gc,start       ] GC(84) Pause Full (Ergonomics)
[3.402s][info][gc,phases,start] GC(84) Marking Phase
[3.546s][info][gc,phases      ] GC(84) Marking Phase 144.333ms
[3.546s][info][gc,phases,start] GC(84) Summary Phase
[3.546s][info][gc,phases      ] GC(84) Summary Phase 0.031ms
[3.546s][info][gc,phases,start] GC(84) Adjust Roots
[3.546s][info][gc,phases      ] GC(84) Adjust Roots 0.204ms
[3.546s][info][gc,phases,start] GC(84) Compaction Phase
[3.605s][info][gc,phases      ] GC(84) Compaction Phase 58.611ms
[3.605s][info][gc,phases,start] GC(84) Post Compact
[3.606s][info][gc,phases      ] GC(84) Post Compact 0.979ms
[3.606s][info][gc,heap        ] GC(84) PSYoungGen: 30880K(71168K)->17365K(71168K) Eden: 0K(16384K)->0K(16384K) From: 30880K(54784K)->17365K(54784K)
[3.606s][info][gc,heap        ] GC(84) ParOldGen: 564383K(577024K)->576897K(641536K)
[3.606s][info][gc,metaspace   ] GC(84) Metaspace: 6298K(6464K)->6298K(6464K) NonClass: 5764K(5824K)->5764K(5824K) Class: 533K(640K)->533K(640K)
[3.606s][info][gc             ] GC(84) Pause Full (Ergonomics) 581M->580M(696M) 204.709ms
[3.606s][info][gc,cpu         ] GC(84) User=1.31s Sys=0.03s Real=0.20s
[3.626s][info][gc,start       ] GC(85) Pause Young (Allocation Failure)
[3.669s][info][gc,heap        ] GC(85) PSYoungGen: 33749K(71168K)->26624K(66560K) Eden: 16384K(16384K)->0K(18432K) From: 17365K(54784K)->26624K(48128K)
[3.669s][info][gc,heap        ] GC(85) ParOldGen: 576897K(641536K)->584337K(641536K)
[3.669s][info][gc,metaspace   ] GC(85) Metaspace: 6298K(6464K)->6298K(6464K) NonClass: 5764K(5824K)->5764K(5824K) Class: 533K(640K)->533K(640K)
[3.669s][info][gc             ] GC(85) Pause Young (Allocation Failure) 596M->596M(691M) 43.640ms
[3.669s][info][gc,cpu         ] GC(85) User=0.22s Sys=0.00s Real=0.04s
[3.692s][info][gc,start       ] GC(86) Pause Young (Allocation Failure)
[3.717s][info][gc,heap        ] GC(86) PSYoungGen: 45056K(66560K)->45056K(69120K) Eden: 18432K(18432K)->0K(18432K) From: 26624K(48128K)->45056K(50688K)
[3.717s][info][gc,heap        ] GC(86) ParOldGen: 584337K(641536K)->584337K(641536K)
[3.717s][info][gc,metaspace   ] GC(86) Metaspace: 6298K(6464K)->6298K(6464K) NonClass: 5764K(5824K)->5764K(5824K) Class: 533K(640K)->533K(640K)
[3.717s][info][gc             ] GC(86) Pause Young (Allocation Failure) 614M->614M(694M) 25.723ms
[3.717s][info][gc,cpu         ] GC(86) User=0.14s Sys=0.00s Real=0.02s
[3.739s][info][gc,start       ] GC(87) Pause Young (Allocation Failure)
[3.775s][info][gc,heap        ] GC(87) PSYoungGen: 63488K(69120K)->53376K(68608K) Eden: 18432K(18432K)->0K(13824K) From: 45056K(50688K)->53376K(54784K)
[3.776s][info][gc,heap        ] GC(87) ParOldGen: 584337K(641536K)->594569K(641536K)
[3.776s][info][gc,metaspace   ] GC(87) Metaspace: 6298K(6464K)->6298K(6464K) NonClass: 5764K(5824K)->5764K(5824K) Class: 533K(640K)->533K(640K)
[3.776s][info][gc             ] GC(87) Pause Young (Allocation Failure) 632M->632M(693M) 36.101ms
[3.776s][info][gc,cpu         ] GC(87) User=0.12s Sys=0.00s Real=0.04s
[3.793s][info][gc,start       ] GC(88) Pause Young (Allocation Failure)
[3.830s][info][gc,heap        ] GC(88) PSYoungGen: 67200K(68608K)->50848K(75264K) Eden: 13824K(13824K)->0K(13824K) From: 53376K(54784K)->50848K(61440K)
[3.830s][info][gc,heap        ] GC(88) ParOldGen: 594569K(641536K)->611177K(641536K)
[3.830s][info][gc,metaspace   ] GC(88) Metaspace: 6298K(6464K)->6298K(6464K) NonClass: 5764K(5824K)->5764K(5824K) Class: 533K(640K)->533K(640K)
[3.830s][info][gc             ] GC(88) Pause Young (Allocation Failure) 646M->646M(700M) 36.925ms
[3.830s][info][gc,cpu         ] GC(88) User=0.19s Sys=0.03s Real=0.04s
[3.848s][info][gc,start       ] GC(89) Pause Young (Allocation Failure)
[3.882s][info][gc,heap        ] GC(89) PSYoungGen: 64672K(75264K)->46208K(79360K) Eden: 13824K(13824K)->0K(14336K) From: 50848K(61440K)->46208K(65024K)
[3.883s][info][gc,heap        ] GC(89) ParOldGen: 611177K(641536K)->629881K(641536K)
[3.883s][info][gc,metaspace   ] GC(89) Metaspace: 6298K(6464K)->6298K(6464K) NonClass: 5764K(5824K)->5764K(5824K) Class: 533K(640K)->533K(640K)
[3.883s][info][gc             ] GC(89) Pause Young (Allocation Failure) 660M->660M(704M) 34.519ms
[3.883s][info][gc,cpu         ] GC(89) User=0.14s Sys=0.00s Real=0.04s
[3.883s][info][gc,start       ] GC(90) Pause Full (Ergonomics)
[3.883s][info][gc,phases,start] GC(90) Marking Phase
[4.040s][info][gc,phases      ] GC(90) Marking Phase 157.223ms
[4.040s][info][gc,phases,start] GC(90) Summary Phase
[4.040s][info][gc,phases      ] GC(90) Summary Phase 0.022ms
[4.040s][info][gc,phases,start] GC(90) Adjust Roots
[4.040s][info][gc,phases      ] GC(90) Adjust Roots 0.149ms
[4.040s][info][gc,phases,start] GC(90) Compaction Phase
[4.101s][info][gc,phases      ] GC(90) Compaction Phase 60.857ms
[4.101s][info][gc,phases,start] GC(90) Post Compact
[4.102s][info][gc,phases      ] GC(90) Post Compact 1.105ms
[4.102s][info][gc,heap        ] GC(90) PSYoungGen: 46208K(79360K)->33728K(79360K) Eden: 0K(14336K)->0K(14336K) From: 46208K(65024K)->33728K(65024K)
[4.102s][info][gc,heap        ] GC(90) ParOldGen: 629881K(641536K)->641285K(711168K)
[4.102s][info][gc,metaspace   ] GC(90) Metaspace: 6298K(6464K)->6298K(6464K) NonClass: 5764K(5824K)->5764K(5824K) Class: 533K(640K)->533K(640K)
[4.103s][info][gc             ] GC(90) Pause Full (Ergonomics) 660M->659M(772M) 219.893ms
[4.103s][info][gc,cpu         ] GC(90) User=1.42s Sys=0.00s Real=0.22s
[4.121s][info][gc,start       ] GC(91) Pause Young (Allocation Failure)
[4.172s][info][gc,heap        ] GC(91) PSYoungGen: 48064K(79360K)->24096K(80896K) Eden: 14336K(14336K)->0K(14336K) From: 33728K(65024K)->24096K(66560K)
[4.172s][info][gc,heap        ] GC(91) ParOldGen: 641285K(711168K)->665749K(711168K)
[4.172s][info][gc,metaspace   ] GC(91) Metaspace: 6298K(6464K)->6298K(6464K) NonClass: 5764K(5824K)->5764K(5824K) Class: 533K(640K)->533K(640K)
[4.172s][info][gc             ] GC(91) Pause Young (Allocation Failure) 673M->673M(773M) 51.273ms
[4.172s][info][gc,cpu         ] GC(91) User=0.25s Sys=0.00s Real=0.05s
[4.190s][info][gc,start       ] GC(92) Pause Young (Allocation Failure)
[4.212s][info][gc,heap        ] GC(92) PSYoungGen: 38432K(80896K)->28768K(78336K) Eden: 14336K(14336K)->0K(16384K) From: 24096K(66560K)->28768K(61952K)
[4.212s][info][gc,heap        ] GC(92) ParOldGen: 665749K(711168K)->675533K(711168K)
[4.212s][info][gc,metaspace   ] GC(92) Metaspace: 6298K(6464K)->6298K(6464K) NonClass: 5764K(5824K)->5764K(5824K) Class: 533K(640K)->533K(640K)
[4.212s][info][gc             ] GC(92) Pause Young (Allocation Failure) 687M->687M(771M) 22.259ms
[4.212s][info][gc,cpu         ] GC(92) User=0.12s Sys=0.00s Real=0.02s
[4.368s][info][gc,start       ] GC(93) Pause Full (Ergonomics)
[4.368s][info][gc,phases,start] GC(93) Marking Phase
[4.542s][info][gc,phases      ] GC(93) Marking Phase 174.077ms
[4.542s][info][gc,phases,start] GC(93) Summary Phase
[4.542s][info][gc,phases      ] GC(93) Summary Phase 0.023ms
[4.542s][info][gc,phases,start] GC(93) Adjust Roots
[4.542s][info][gc,phases      ] GC(93) Adjust Roots 0.154ms
[4.542s][info][gc,phases,start] GC(93) Compaction Phase
[4.670s][info][gc,phases      ] GC(93) Compaction Phase 127.216ms
[4.670s][info][gc,phases,start] GC(93) Post Compact
[4.671s][info][gc,phases      ] GC(93) Post Compact 1.489ms
[4.671s][info][gc,heap        ] GC(93) PSYoungGen: 45152K(78336K)->25542K(79872K) Eden: 16384K(16384K)->0K(17920K) From: 28768K(61952K)->25542K(61952K)
[4.671s][info][gc,heap        ] GC(93) ParOldGen: 708301K(711168K)->710819K(788480K)
[4.671s][info][gc,metaspace   ] GC(93) Metaspace: 6298K(6464K)->6298K(6464K) NonClass: 5764K(5824K)->5764K(5824K) Class: 533K(640K)->533K(640K)
[4.671s][info][gc             ] GC(93) Pause Full (Ergonomics) 735M->719M(848M) 303.590ms
[4.671s][info][gc,cpu         ] GC(93) User=1.94s Sys=0.00s Real=0.30s
[4.692s][info][gc,start       ] GC(94) Pause Young (Allocation Failure)
[4.742s][info][gc,heap        ] GC(94) PSYoungGen: 43462K(79872K)->30816K(49152K) Eden: 17920K(17920K)->0K(17920K) From: 25542K(61952K)->30816K(31232K)
[4.742s][info][gc,heap        ] GC(94) ParOldGen: 710819K(788480K)->723827K(788480K)
[4.742s][info][gc,metaspace   ] GC(94) Metaspace: 6298K(6464K)->6298K(6464K) NonClass: 5764K(5824K)->5764K(5824K) Class: 533K(640K)->533K(640K)
[4.742s][info][gc             ] GC(94) Pause Young (Allocation Failure) 736M->736M(818M) 49.631ms
[4.742s][info][gc,cpu         ] GC(94) User=0.27s Sys=0.00s Real=0.05s
[4.761s][info][gc,start       ] GC(95) Pause Young (Allocation Failure)
[4.785s][info][gc,heap        ] GC(95) PSYoungGen: 48736K(49152K)->48768K(77824K) Eden: 17920K(17920K)->0K(16896K) From: 30816K(31232K)->48768K(60928K)
[4.785s][info][gc,heap        ] GC(95) ParOldGen: 723827K(788480K)->723827K(788480K)
[4.785s][info][gc,metaspace   ] GC(95) Metaspace: 6298K(6464K)->6298K(6464K) NonClass: 5764K(5824K)->5764K(5824K) Class: 533K(640K)->533K(640K)
[4.785s][info][gc             ] GC(95) Pause Young (Allocation Failure) 754M->754M(846M) 24.240ms
[4.785s][info][gc,cpu         ] GC(95) User=0.12s Sys=0.00s Real=0.02s
[4.803s][info][gc,start       ] GC(96) Pause Young (Allocation Failure)
[4.834s][info][gc,heap        ] GC(96) PSYoungGen: 65664K(77824K)->64000K(80896K) Eden: 16896K(16896K)->0K(16896K) From: 48768K(60928K)->64000K(64000K)
[4.834s][info][gc,heap        ] GC(96) ParOldGen: 723827K(788480K)->725395K(788480K)
[4.834s][info][gc,metaspace   ] GC(96) Metaspace: 6298K(6464K)->6298K(6464K) NonClass: 5764K(5824K)->5764K(5824K) Class: 533K(640K)->533K(640K)
[4.834s][info][gc             ] GC(96) Pause Young (Allocation Failure) 770M->770M(849M) 31.018ms
[4.834s][info][gc,cpu         ] GC(96) User=0.14s Sys=0.00s Real=0.03s
[4.851s][info][gc,start       ] GC(97) Pause Young (Allocation Failure)
[4.890s][info][gc,heap        ] GC(97) PSYoungGen: 80896K(80896K)->51744K(89088K) Eden: 16896K(16896K)->0K(16896K) From: 64000K(64000K)->51744K(72192K)
[4.890s][info][gc,heap        ] GC(97) ParOldGen: 725395K(788480K)->755043K(788480K)
[4.890s][info][gc,metaspace   ] GC(97) Metaspace: 6298K(6464K)->6298K(6464K) NonClass: 5764K(5824K)->5764K(5824K) Class: 533K(640K)->533K(640K)
[4.890s][info][gc             ] GC(97) Pause Young (Allocation Failure) 787M->787M(857M) 38.805ms
[4.890s][info][gc,cpu         ] GC(97) User=0.23s Sys=0.02s Real=0.04s
[4.907s][info][gc,start       ] GC(98) Pause Young (Allocation Failure)
[4.940s][info][gc,heap        ] GC(98) PSYoungGen: 68640K(89088K)->50720K(91136K) Eden: 16896K(16896K)->0K(16896K) From: 51744K(72192K)->50720K(74240K)
[4.940s][info][gc,heap        ] GC(98) ParOldGen: 755043K(788480K)->773155K(788480K)
[4.940s][info][gc,metaspace   ] GC(98) Metaspace: 6298K(6464K)->6298K(6464K) NonClass: 5764K(5824K)->5764K(5824K) Class: 533K(640K)->533K(640K)
[4.940s][info][gc             ] GC(98) Pause Young (Allocation Failure) 804M->804M(859M) 32.849ms
[4.940s][info][gc,cpu         ] GC(98) User=0.19s Sys=0.00s Real=0.03s
[4.940s][info][gc,start       ] GC(99) Pause Full (Ergonomics)
[4.940s][info][gc,phases,start] GC(99) Marking Phase
[5.120s][info][gc,phases      ] GC(99) Marking Phase 180.174ms
[5.120s][info][gc,phases,start] GC(99) Summary Phase
[5.120s][info][gc,phases      ] GC(99) Summary Phase 0.031ms
[5.120s][info][gc,phases,start] GC(99) Adjust Roots
[5.121s][info][gc,phases      ] GC(99) Adjust Roots 0.150ms
[5.121s][info][gc,phases,start] GC(99) Compaction Phase
[5.208s][info][gc,phases      ] GC(99) Compaction Phase 87.568ms
[5.208s][info][gc,phases,start] GC(99) Post Compact
[5.210s][info][gc,phases      ] GC(99) Post Compact 1.659ms
[5.210s][info][gc,heap        ] GC(99) PSYoungGen: 50720K(91136K)->34703K(91136K) Eden: 0K(16896K)->0K(16896K) From: 50720K(74240K)->34703K(74240K)
[5.210s][info][gc,heap        ] GC(99) ParOldGen: 773155K(788480K)->788028K(875008K)
[5.210s][info][gc,metaspace   ] GC(99) Metaspace: 6298K(6464K)->6298K(6464K) NonClass: 5764K(5824K)->5764K(5824K) Class: 533K(640K)->533K(640K)
[5.210s][info][gc             ] GC(99) Pause Full (Ergonomics) 804M->803M(943M) 270.276ms
[5.210s][info][gc,cpu         ] GC(99) User=1.67s Sys=0.02s Real=0.27s
[5.230s][info][gc,start       ] GC(100) Pause Young (Allocation Failure)
[5.286s][info][gc,heap        ] GC(100) PSYoungGen: 51599K(91136K)->28544K(90624K) Eden: 16896K(16896K)->0K(18944K) From: 34703K(74240K)->28544K(71680K)
[5.286s][info][gc,heap        ] GC(100) ParOldGen: 788028K(875008K)->811564K(875008K)
[5.286s][info][gc,metaspace   ] GC(100) Metaspace: 6298K(6464K)->6298K(6464K) NonClass: 5764K(5824K)->5764K(5824K) Class: 533K(640K)->533K(640K)
[5.286s][info][gc             ] GC(100) Pause Young (Allocation Failure) 819M->820M(943M) 55.728ms
[5.286s][info][gc,cpu         ] GC(100) User=0.38s Sys=0.00s Real=0.06s
[5.306s][info][gc,start       ] GC(101) Pause Young (Allocation Failure)
[5.331s][info][gc,heap        ] GC(101) PSYoungGen: 47488K(90624K)->35968K(55296K) Eden: 18944K(18944K)->0K(18944K) From: 28544K(71680K)->35968K(36352K)
[5.331s][info][gc,heap        ] GC(101) ParOldGen: 811564K(875008K)->823228K(875008K)
[5.331s][info][gc,metaspace   ] GC(101) Metaspace: 6298K(6464K)->6298K(6464K) NonClass: 5764K(5824K)->5764K(5824K) Class: 533K(640K)->533K(640K)
[5.331s][info][gc             ] GC(101) Pause Young (Allocation Failure) 838M->839M(908M) 24.864ms
[5.331s][info][gc,cpu         ] GC(101) User=0.25s Sys=0.00s Real=0.03s
[5.351s][info][gc,start       ] GC(102) Pause Young (Allocation Failure)
[5.379s][info][gc,heap        ] GC(102) PSYoungGen: 54912K(55296K)->38016K(86528K) Eden: 18944K(18944K)->0K(21504K) From: 35968K(36352K)->38016K(65024K)
[5.379s][info][gc,heap        ] GC(102) ParOldGen: 823228K(875008K)->840356K(875008K)
[5.379s][info][gc,metaspace   ] GC(102) Metaspace: 6298K(6464K)->6298K(6464K) NonClass: 5764K(5824K)->5764K(5824K) Class: 533K(640K)->533K(640K)
[5.379s][info][gc             ] GC(102) Pause Young (Allocation Failure) 857M->857M(939M) 27.805ms
[5.379s][info][gc,cpu         ] GC(102) User=0.14s Sys=0.00s Real=0.03s
[5.402s][info][gc,start       ] GC(103) Pause Young (Allocation Failure)
[5.432s][info][gc,heap        ] GC(103) PSYoungGen: 59520K(86528K)->40576K(89088K) Eden: 21504K(21504K)->0K(21504K) From: 38016K(65024K)->40576K(67584K)
[5.432s][info][gc,heap        ] GC(103) ParOldGen: 840356K(875008K)->859572K(875008K)
[5.432s][info][gc,metaspace   ] GC(103) Metaspace: 6298K(6464K)->6298K(6464K) NonClass: 5764K(5824K)->5764K(5824K) Class: 533K(640K)->533K(640K)
[5.432s][info][gc             ] GC(103) Pause Young (Allocation Failure) 878M->879M(941M) 30.442ms
[5.432s][info][gc,cpu         ] GC(103) User=0.08s Sys=0.05s Real=0.03s
[5.432s][info][gc,start       ] GC(104) Pause Full (Ergonomics)
[5.432s][info][gc,phases,start] GC(104) Marking Phase
[5.630s][info][gc,phases      ] GC(104) Marking Phase 197.865ms
[5.630s][info][gc,phases,start] GC(104) Summary Phase
[5.630s][info][gc,phases      ] GC(104) Summary Phase 0.024ms
[5.630s][info][gc,phases,start] GC(104) Adjust Roots
[5.630s][info][gc,phases      ] GC(104) Adjust Roots 0.148ms
[5.630s][info][gc,phases,start] GC(104) Compaction Phase
[5.724s][info][gc,phases      ] GC(104) Compaction Phase 94.109ms
[5.725s][info][gc,phases,start] GC(104) Post Compact
[5.726s][info][gc,phases      ] GC(104) Post Compact 1.669ms
[5.727s][info][gc,heap        ] GC(104) PSYoungGen: 40576K(89088K)->24034K(89088K) Eden: 0K(21504K)->0K(21504K) From: 40576K(67584K)->24034K(67584K)
[5.727s][info][gc,heap        ] GC(104) ParOldGen: 859572K(875008K)->874863K(968192K)
[5.727s][info][gc,metaspace   ] GC(104) Metaspace: 6298K(6464K)->6298K(6464K) NonClass: 5764K(5824K)->5764K(5824K) Class: 533K(640K)->533K(640K)
[5.727s][info][gc             ] GC(104) Pause Full (Ergonomics) 879M->877M(1032M) 294.563ms
[5.727s][info][gc,cpu         ] GC(104) User=1.98s Sys=0.03s Real=0.29s
[5.753s][info][gc,start       ] GC(105) Pause Young (Allocation Failure)
[5.810s][info][gc,heap        ] GC(105) PSYoungGen: 45538K(89088K)->34944K(85504K) Eden: 21504K(21504K)->0K(24064K) From: 24034K(67584K)->34944K(61440K)
[5.810s][info][gc,heap        ] GC(105) ParOldGen: 874863K(968192K)->885815K(968192K)
[5.810s][info][gc,metaspace   ] GC(105) Metaspace: 6298K(6464K)->6298K(6464K) NonClass: 5764K(5824K)->5764K(5824K) Class: 533K(640K)->533K(640K)
[5.810s][info][gc             ] GC(105) Pause Young (Allocation Failure) 898M->899M(1029M) 57.238ms
[5.810s][info][gc,cpu         ] GC(105) User=0.39s Sys=0.00s Real=0.06s
[5.838s][info][gc,start       ] GC(106) Pause Young (Allocation Failure)
[5.868s][info][gc,heap        ] GC(106) PSYoungGen: 59008K(85504K)->59008K(87552K) Eden: 24064K(24064K)->0K(24064K) From: 34944K(61440K)->59008K(63488K)
[5.868s][info][gc,heap        ] GC(106) ParOldGen: 885815K(968192K)->885815K(968192K)
[5.868s][info][gc,metaspace   ] GC(106) Metaspace: 6298K(6464K)->6298K(6464K) NonClass: 5764K(5824K)->5764K(5824K) Class: 533K(640K)->533K(640K)
[5.868s][info][gc             ] GC(106) Pause Young (Allocation Failure) 922M->922M(1031M) 30.170ms
[5.868s][info][gc,cpu         ] GC(106) User=0.12s Sys=0.00s Real=0.03s
[5.894s][info][gc,start       ] GC(107) Pause Young (Allocation Failure)
[5.936s][info][gc,heap        ] GC(107) PSYoungGen: 83072K(87552K)->68608K(82432K) Eden: 24064K(24064K)->0K(13824K) From: 59008K(63488K)->68608K(68608K)
[5.936s][info][gc,heap        ] GC(107) ParOldGen: 885815K(968192K)->900367K(968192K)
[5.936s][info][gc,metaspace   ] GC(107) Metaspace: 6298K(6464K)->6298K(6464K) NonClass: 5764K(5824K)->5764K(5824K) Class: 533K(640K)->533K(640K)
[5.936s][info][gc             ] GC(107) Pause Young (Allocation Failure) 946M->946M(1026M) 41.917ms
[5.936s][info][gc,cpu         ] GC(107) User=0.27s Sys=0.00s Real=0.04s
[5.951s][info][gc,start       ] GC(108) Pause Young (Allocation Failure)
[5.990s][info][gc,heap        ] GC(108) PSYoungGen: 82432K(82432K)->54592K(95232K) Eden: 13824K(13824K)->0K(13824K) From: 68608K(68608K)->54592K(81408K)
[5.990s][info][gc,heap        ] GC(108) ParOldGen: 900367K(968192K)->928671K(968192K)
[5.990s][info][gc,metaspace   ] GC(108) Metaspace: 6298K(6464K)->6298K(6464K) NonClass: 5764K(5824K)->5764K(5824K) Class: 533K(640K)->533K(640K)
[5.990s][info][gc             ] GC(108) Pause Young (Allocation Failure) 959M->960M(1038M) 38.834ms
[5.990s][info][gc,cpu         ] GC(108) User=0.22s Sys=0.03s Real=0.04s
[6.005s][info][gc,start       ] GC(109) Pause Young (Allocation Failure)
[6.038s][info][gc,heap        ] GC(109) PSYoungGen: 68416K(95232K)->47776K(92160K) Eden: 13824K(13824K)->0K(15872K) From: 54592K(81408K)->47776K(76288K)
[6.038s][info][gc,heap        ] GC(109) ParOldGen: 928671K(968192K)->949599K(968192K)
[6.038s][info][gc,metaspace   ] GC(109) Metaspace: 6298K(6464K)->6298K(6464K) NonClass: 5764K(5824K)->5764K(5824K) Class: 533K(640K)->533K(640K)
[6.038s][info][gc             ] GC(109) Pause Young (Allocation Failure) 973M->973M(1035M) 33.170ms
[6.038s][info][gc,cpu         ] GC(109) User=0.12s Sys=0.03s Real=0.03s
[6.038s][info][gc,start       ] GC(110) Pause Full (Ergonomics)
[6.038s][info][gc,phases,start] GC(110) Marking Phase
[6.257s][info][gc,phases      ] GC(110) Marking Phase 219.085ms
[6.257s][info][gc,phases,start] GC(110) Summary Phase
[6.257s][info][gc,phases      ] GC(110) Summary Phase 0.024ms
[6.257s][info][gc,phases,start] GC(110) Adjust Roots
[6.258s][info][gc,phases      ] GC(110) Adjust Roots 0.154ms
[6.258s][info][gc,phases,start] GC(110) Compaction Phase
[6.353s][info][gc,phases      ] GC(110) Compaction Phase 95.402ms
[6.353s][info][gc,phases,start] GC(110) Post Compact
[6.355s][info][gc,phases      ] GC(110) Post Compact 1.910ms
[6.356s][info][gc,heap        ] GC(110) PSYoungGen: 47776K(92160K)->28121K(94720K) Eden: 0K(15872K)->0K(18432K) From: 47776K(76288K)->28121K(76288K)
[6.356s][info][gc,heap        ] GC(110) ParOldGen: 949599K(968192K)->967903K(1069568K)
[6.356s][info][gc,metaspace   ] GC(110) Metaspace: 6298K(6464K)->6298K(6464K) NonClass: 5764K(5824K)->5764K(5824K) Class: 533K(640K)->533K(640K)
[6.356s][info][gc             ] GC(110) Pause Full (Ergonomics) 973M->972M(1137M) 317.409ms
[6.356s][info][gc,cpu         ] GC(110) User=2.36s Sys=0.03s Real=0.32s
[6.378s][info][gc,start       ] GC(111) Pause Young (Allocation Failure)
[6.439s][info][gc,heap        ] GC(111) PSYoungGen: 46553K(94720K)->27584K(97280K) Eden: 18432K(18432K)->0K(18432K) From: 28121K(76288K)->27584K(78848K)
[6.439s][info][gc,heap        ] GC(111) ParOldGen: 967903K(1069568K)->987327K(1069568K)
[6.439s][info][gc,metaspace   ] GC(111) Metaspace: 6298K(6464K)->6298K(6464K) NonClass: 5764K(5824K)->5764K(5824K) Class: 533K(640K)->533K(640K)
[6.439s][info][gc             ] GC(111) Pause Young (Allocation Failure) 990M->991M(1139M) 61.635ms
[6.439s][info][gc,cpu         ] GC(111) User=0.36s Sys=0.03s Real=0.06s
[6.460s][info][gc,start       ] GC(112) Pause Young (Allocation Failure)
[6.485s][info][gc,heap        ] GC(112) PSYoungGen: 46016K(97280K)->36992K(94720K) Eden: 18432K(18432K)->0K(20480K) From: 27584K(78848K)->36992K(74240K)
[6.485s][info][gc,heap        ] GC(112) ParOldGen: 987327K(1069568K)->996439K(1069568K)
[6.485s][info][gc,metaspace   ] GC(112) Metaspace: 6298K(6464K)->6298K(6464K) NonClass: 5764K(5824K)->5764K(5824K) Class: 533K(640K)->533K(640K)
[6.485s][info][gc             ] GC(112) Pause Young (Allocation Failure) 1009M->1009M(1137M) 25.455ms
[6.485s][info][gc,cpu         ] GC(112) User=0.14s Sys=0.00s Real=0.03s
[6.507s][info][gc,start       ] GC(113) Pause Young (Allocation Failure)
[6.538s][info][gc,heap        ] GC(113) PSYoungGen: 57472K(94720K)->39072K(96768K) Eden: 20480K(20480K)->0K(20480K) From: 36992K(74240K)->39072K(76288K)
[6.538s][info][gc,heap        ] GC(113) ParOldGen: 996439K(1069568K)->1015127K(1069568K)
[6.538s][info][gc,metaspace   ] GC(113) Metaspace: 6298K(6464K)->6298K(6464K) NonClass: 5764K(5824K)->5764K(5824K) Class: 533K(640K)->533K(640K)
[6.538s][info][gc             ] GC(113) Pause Young (Allocation Failure) 1029M->1029M(1139M) 30.414ms
[6.538s][info][gc,cpu         ] GC(113) User=0.14s Sys=0.00s Real=0.03s
[6.560s][info][gc,start       ] GC(114) Pause Young (Allocation Failure)
[6.594s][info][gc,heap        ] GC(114) PSYoungGen: 59552K(96768K)->41120K(91648K) Eden: 20480K(20480K)->0K(23040K) From: 39072K(76288K)->41120K(68608K)
[6.594s][info][gc,heap        ] GC(114) ParOldGen: 1015127K(1069568K)->1033831K(1069568K)
[6.594s][info][gc,metaspace   ] GC(114) Metaspace: 6298K(6464K)->6298K(6464K) NonClass: 5764K(5824K)->5764K(5824K) Class: 533K(640K)->533K(640K)
[6.594s][info][gc             ] GC(114) Pause Young (Allocation Failure) 1049M->1049M(1134M) 33.627ms
[6.594s][info][gc,cpu         ] GC(114) User=0.14s Sys=0.02s Real=0.03s
[6.620s][info][gc,start       ] GC(115) Pause Young (Allocation Failure)
[6.657s][info][gc,heap        ] GC(115) PSYoungGen: 64160K(91648K)->43680K(94208K) Eden: 23040K(23040K)->0K(23040K) From: 41120K(68608K)->43680K(71168K)
[6.657s][info][gc,heap        ] GC(115) ParOldGen: 1033831K(1069568K)->1054599K(1069568K)
[6.657s][info][gc,metaspace   ] GC(115) Metaspace: 6298K(6464K)->6298K(6464K) NonClass: 5764K(5824K)->5764K(5824K) Class: 533K(640K)->533K(640K)
[6.657s][info][gc             ] GC(115) Pause Young (Allocation Failure) 1072M->1072M(1136M) 37.250ms
[6.657s][info][gc,cpu         ] GC(115) User=0.22s Sys=0.00s Real=0.04s
[6.657s][info][gc,start       ] GC(116) Pause Full (Ergonomics)
[6.657s][info][gc,phases,start] GC(116) Marking Phase
[6.911s][info][gc,phases      ] GC(116) Marking Phase 253.436ms
[6.911s][info][gc,phases,start] GC(116) Summary Phase
[6.911s][info][gc,phases      ] GC(116) Summary Phase 0.028ms
[6.911s][info][gc,phases,start] GC(116) Adjust Roots
[6.911s][info][gc,phases      ] GC(116) Adjust Roots 0.201ms
[6.911s][info][gc,phases,start] GC(116) Compaction Phase
[7.013s][info][gc,phases      ] GC(116) Compaction Phase 101.631ms
[7.013s][info][gc,phases,start] GC(116) Post Compact
[7.015s][info][gc,phases      ] GC(116) Post Compact 1.881ms
[7.015s][info][gc,heap        ] GC(116) PSYoungGen: 43680K(94208K)->27614K(94208K) Eden: 0K(23040K)->0K(23040K) From: 43680K(71168K)->27614K(71168K)
[7.015s][info][gc,heap        ] GC(116) ParOldGen: 1054599K(1069568K)->1069115K(1177088K)
[7.015s][info][gc,metaspace   ] GC(116) Metaspace: 6298K(6464K)->6298K(6464K) NonClass: 5764K(5824K)->5764K(5824K) Class: 533K(640K)->533K(640K)
[7.015s][info][gc             ] GC(116) Pause Full (Ergonomics) 1072M->1071M(1241M) 357.867ms
[7.015s][info][gc,cpu         ] GC(116) User=2.53s Sys=0.00s Real=0.36s
[7.043s][info][gc,start       ] GC(117) Pause Young (Allocation Failure)
[7.112s][info][gc,heap        ] GC(117) PSYoungGen: 50654K(94208K)->37408K(91136K) Eden: 23040K(23040K)->0K(25600K) From: 27614K(71168K)->37408K(65536K)
[7.112s][info][gc,heap        ] GC(117) ParOldGen: 1069115K(1177088K)->1082739K(1177088K)
[7.112s][info][gc,metaspace   ] GC(117) Metaspace: 6298K(6464K)->6298K(6464K) NonClass: 5764K(5824K)->5764K(5824K) Class: 533K(640K)->533K(640K)
[7.112s][info][gc             ] GC(117) Pause Young (Allocation Failure) 1093M->1093M(1238M) 69.579ms
[7.112s][info][gc,cpu         ] GC(117) User=0.38s Sys=0.00s Real=0.07s
[7.140s][info][gc,start       ] GC(118) Pause Young (Allocation Failure)
[7.173s][info][gc,heap        ] GC(118) PSYoungGen: 63008K(91136K)->63040K(92672K) Eden: 25600K(25600K)->0K(25600K) From: 37408K(65536K)->63040K(67072K)
[7.173s][info][gc,heap        ] GC(118) ParOldGen: 1082739K(1177088K)->1082739K(1177088K)
[7.173s][info][gc,metaspace   ] GC(118) Metaspace: 6298K(6464K)->6298K(6464K) NonClass: 5764K(5824K)->5764K(5824K) Class: 533K(640K)->533K(640K)
[7.173s][info][gc             ] GC(118) Pause Young (Allocation Failure) 1118M->1118M(1240M) 33.339ms
[7.173s][info][gc,cpu         ] GC(118) User=0.16s Sys=0.00s Real=0.03s
[7.203s][info][gc,start       ] GC(119) Pause Young (Allocation Failure)
[7.251s][info][gc,heap        ] GC(119) PSYoungGen: 88640K(92672K)->72192K(86528K) Eden: 25600K(25600K)->0K(14336K) From: 63040K(67072K)->72192K(72192K)
[7.251s][info][gc,heap        ] GC(119) ParOldGen: 1082739K(1177088K)->1099283K(1177088K)
[7.251s][info][gc,metaspace   ] GC(119) Metaspace: 6298K(6464K)->6298K(6464K) NonClass: 5764K(5824K)->5764K(5824K) Class: 533K(640K)->533K(640K)
[7.251s][info][gc             ] GC(119) Pause Young (Allocation Failure) 1143M->1144M(1234M) 47.866ms
[7.251s][info][gc,cpu         ] GC(119) User=0.17s Sys=0.05s Real=0.05s
[7.268s][info][gc,start       ] GC(120) Pause Young (Allocation Failure)
[7.321s][info][gc,heap        ] GC(120) PSYoungGen: 86528K(86528K)->55904K(100352K) Eden: 14336K(14336K)->0K(14336K) From: 72192K(72192K)->55904K(86016K)
[7.321s][info][gc,heap        ] GC(120) ParOldGen: 1099283K(1177088K)->1130419K(1177088K)
[7.321s][info][gc,metaspace   ] GC(120) Metaspace: 6298K(6464K)->6298K(6464K) NonClass: 5764K(5824K)->5764K(5824K) Class: 533K(640K)->533K(640K)
[7.321s][info][gc             ] GC(120) Pause Young (Allocation Failure) 1158M->1158M(1247M) 53.759ms
[7.321s][info][gc,cpu         ] GC(120) User=0.30s Sys=0.00s Real=0.05s
[7.339s][info][gc,start       ] GC(121) Pause Young (Allocation Failure)
[7.375s][info][gc,heap        ] GC(121) PSYoungGen: 70240K(100352K)->50912K(95232K) Eden: 14336K(14336K)->0K(16384K) From: 55904K(86016K)->50912K(78848K)
[7.376s][info][gc,heap        ] GC(121) ParOldGen: 1130419K(1177088K)->1150059K(1177088K)
[7.376s][info][gc,metaspace   ] GC(121) Metaspace: 6298K(6464K)->6298K(6464K) NonClass: 5764K(5824K)->5764K(5824K) Class: 533K(640K)->533K(640K)
[7.376s][info][gc             ] GC(121) Pause Young (Allocation Failure) 1172M->1172M(1242M) 36.761ms
[7.376s][info][gc,cpu         ] GC(121) User=0.20s Sys=0.03s Real=0.04s
[7.376s][info][gc,start       ] GC(122) Pause Full (Ergonomics)
[7.376s][info][gc,phases,start] GC(122) Marking Phase
[7.645s][info][gc,phases      ] GC(122) Marking Phase 269.662ms
[7.645s][info][gc,phases,start] GC(122) Summary Phase
[7.645s][info][gc,phases      ] GC(122) Summary Phase 0.040ms
[7.645s][info][gc,phases,start] GC(122) Adjust Roots
[7.646s][info][gc,phases      ] GC(122) Adjust Roots 0.200ms
[7.646s][info][gc,phases,start] GC(122) Compaction Phase
[7.749s][info][gc,phases      ] GC(122) Compaction Phase 103.537ms
[7.749s][info][gc,phases,start] GC(122) Post Compact
[7.751s][info][gc,phases      ] GC(122) Post Compact 2.021ms
[7.752s][info][gc,heap        ] GC(122) PSYoungGen: 50912K(95232K)->22565K(97792K) Eden: 0K(16384K)->0K(18944K) From: 50912K(78848K)->22565K(78848K)
[7.752s][info][gc,heap        ] GC(122) ParOldGen: 1150059K(1177088K)->1176920K(1294336K)
[7.752s][info][gc,metaspace   ] GC(122) Metaspace: 6298K(6464K)->6298K(6464K) NonClass: 5764K(5824K)->5764K(5824K) Class: 533K(640K)->533K(640K)
[7.752s][info][gc             ] GC(122) Pause Full (Ergonomics) 1172M->1171M(1359M) 376.239ms
[7.752s][info][gc,cpu         ] GC(122) User=2.70s Sys=0.03s Real=0.38s
[7.777s][info][gc,start       ] GC(123) Pause Young (Allocation Failure)
[7.851s][info][gc,heap        ] GC(123) PSYoungGen: 41509K(97792K)->26528K(100864K) Eden: 18944K(18944K)->0K(18944K) From: 22565K(78848K)->26528K(81920K)
[7.851s][info][gc,heap        ] GC(123) ParOldGen: 1176920K(1294336K)->1192264K(1294336K)
[7.851s][info][gc,metaspace   ] GC(123) Metaspace: 6298K(6464K)->6298K(6464K) NonClass: 5764K(5824K)->5764K(5824K) Class: 533K(640K)->533K(640K)
[7.851s][info][gc             ] GC(123) Pause Young (Allocation Failure) 1189M->1190M(1362M) 74.690ms
[7.851s][info][gc,cpu         ] GC(123) User=0.41s Sys=0.00s Real=0.07s
[7.874s][info][gc,start       ] GC(124) Pause Young (Allocation Failure)
[7.901s][info][gc,heap        ] GC(124) PSYoungGen: 45472K(100864K)->38048K(100352K) Eden: 18944K(18944K)->0K(20992K) From: 26528K(81920K)->38048K(79360K)
[7.901s][info][gc,heap        ] GC(124) ParOldGen: 1192264K(1294336K)->1199816K(1294336K)
[7.901s][info][gc,metaspace   ] GC(124) Metaspace: 6298K(6464K)->6298K(6464K) NonClass: 5764K(5824K)->5764K(5824K) Class: 533K(640K)->533K(640K)
[7.901s][info][gc             ] GC(124) Pause Young (Allocation Failure) 1208M->1208M(1362M) 26.906ms
[7.901s][info][gc,cpu         ] GC(124) User=0.12s Sys=0.02s Real=0.03s
[7.927s][info][gc,start       ] GC(125) Pause Young (Allocation Failure)
[7.959s][info][gc,heap        ] GC(125) PSYoungGen: 59040K(100352K)->40064K(101888K) Eden: 20992K(20992K)->0K(20992K) From: 38048K(79360K)->40064K(80896K)
[7.960s][info][gc,heap        ] GC(125) ParOldGen: 1199816K(1294336K)->1219048K(1294336K)
[7.960s][info][gc,metaspace   ] GC(125) Metaspace: 6298K(6464K)->6298K(6464K) NonClass: 5764K(5824K)->5764K(5824K) Class: 533K(640K)->533K(640K)
[7.960s][info][gc             ] GC(125) Pause Young (Allocation Failure) 1229M->1229M(1363M) 32.485ms
[7.960s][info][gc,cpu         ] GC(125) User=0.16s Sys=0.00s Real=0.03s
[7.984s][info][gc,start       ] GC(126) Pause Young (Allocation Failure)
[8.017s][info][gc,heap        ] GC(126) PSYoungGen: 61056K(101888K)->42080K(96768K) Eden: 20992K(20992K)->0K(23552K) From: 40064K(80896K)->42080K(73216K)
[8.017s][info][gc,heap        ] GC(126) ParOldGen: 1219048K(1294336K)->1238280K(1294336K)
[8.017s][info][gc,metaspace   ] GC(126) Metaspace: 6298K(6464K)->6298K(6464K) NonClass: 5764K(5824K)->5764K(5824K) Class: 533K(640K)->533K(640K)
[8.017s][info][gc             ] GC(126) Pause Young (Allocation Failure) 1250M->1250M(1358M) 33.035ms
[8.017s][info][gc,cpu         ] GC(126) User=0.14s Sys=0.02s Real=0.03s
[8.048s][info][gc,start       ] GC(127) Pause Young (Allocation Failure)
[8.083s][info][gc,heap        ] GC(127) PSYoungGen: 65632K(96768K)->43936K(99328K) Eden: 23552K(23552K)->0K(23552K) From: 42080K(73216K)->43936K(75776K)
[8.083s][info][gc,heap        ] GC(127) ParOldGen: 1238280K(1294336K)->1259576K(1294336K)
[8.083s][info][gc,metaspace   ] GC(127) Metaspace: 6298K(6464K)->6298K(6464K) NonClass: 5764K(5824K)->5764K(5824K) Class: 533K(640K)->533K(640K)
[8.083s][info][gc             ] GC(127) Pause Young (Allocation Failure) 1273M->1272M(1361M) 35.331ms
[8.083s][info][gc,cpu         ] GC(127) User=0.17s Sys=0.02s Real=0.04s
[8.101s][info][gc,start       ] GC(128) Pause Young (Allocation Failure)
[8.132s][info][gc,heap        ] GC(128) PSYoungGen: 67488K(99328K)->35104K(97792K) Eden: 23552K(23552K)->0K(26624K) From: 43936K(75776K)->35104K(71168K)
[8.132s][info][gc,heap        ] GC(128) ParOldGen: 1259576K(1294336K)->1280864K(1294336K)
[8.132s][info][gc,metaspace   ] GC(128) Metaspace: 6298K(6464K)->6298K(6464K) NonClass: 5764K(5824K)->5764K(5824K) Class: 533K(640K)->533K(640K)
[8.132s][info][gc             ] GC(128) Pause Young (Allocation Failure) 1295M->1285M(1359M) 31.111ms
[8.133s][info][gc,cpu         ] GC(128) User=0.14s Sys=0.00s Real=0.03s
[8.133s][info][gc,start       ] GC(129) Pause Full (Ergonomics)
[8.133s][info][gc,phases,start] GC(129) Marking Phase
[8.432s][info][gc,phases      ] GC(129) Marking Phase 299.107ms
[8.432s][info][gc,phases,start] GC(129) Summary Phase
[8.432s][info][gc,phases      ] GC(129) Summary Phase 0.026ms
[8.432s][info][gc,phases,start] GC(129) Adjust Roots
[8.432s][info][gc,phases      ] GC(129) Adjust Roots 0.230ms
[8.432s][info][gc,phases,start] GC(129) Compaction Phase
[8.780s][info][gc,phases      ] GC(129) Compaction Phase 348.142ms
[8.780s][info][gc,phases,start] GC(129) Post Compact
[8.784s][info][gc,phases      ] GC(129) Post Compact 3.280ms
[8.784s][info][gc,heap        ] GC(129) PSYoungGen: 35104K(97792K)->20124K(98816K) Eden: 0K(26624K)->0K(27648K) From: 35104K(71168K)->20124K(71168K)
[8.784s][info][gc,heap        ] GC(129) ParOldGen: 1280864K(1294336K)->1294051K(1419776K)
[8.784s][info][gc,metaspace   ] GC(129) Metaspace: 6298K(6464K)->6298K(6464K) NonClass: 5764K(5824K)->5764K(5824K) Class: 533K(640K)->533K(640K)
[8.784s][info][gc             ] GC(129) Pause Full (Ergonomics) 1285M->1283M(1483M) 651.729ms
[8.784s][info][gc,cpu         ] GC(129) User=3.94s Sys=0.02s Real=0.65s
[8.819s][info][gc,start       ] GC(130) Pause Young (Allocation Failure)
[8.898s][info][gc,heap        ] GC(130) PSYoungGen: 47772K(98816K)->30944K(99840K) Eden: 27648K(27648K)->0K(27648K) From: 20124K(71168K)->30944K(72192K)
[8.898s][info][gc,heap        ] GC(130) ParOldGen: 1294051K(1419776K)->1306715K(1419776K)
[8.898s][info][gc,metaspace   ] GC(130) Metaspace: 6298K(6464K)->6298K(6464K) NonClass: 5764K(5824K)->5764K(5824K) Class: 533K(640K)->533K(640K)
[8.898s][info][gc             ] GC(130) Pause Young (Allocation Failure) 1310M->1306M(1484M) 78.520ms
[8.898s][info][gc,cpu         ] GC(130) User=0.44s Sys=0.02s Real=0.08s
[8.932s][info][gc,start       ] GC(131) Pause Young (Allocation Failure)
[8.966s][info][gc,heap        ] GC(131) PSYoungGen: 58592K(99840K)->58624K(99328K) Eden: 27648K(27648K)->0K(27648K) From: 30944K(72192K)->58624K(71680K)
[8.966s][info][gc,heap        ] GC(131) ParOldGen: 1306715K(1419776K)->1306715K(1419776K)
[8.966s][info][gc,metaspace   ] GC(131) Metaspace: 6298K(6464K)->6298K(6464K) NonClass: 5764K(5824K)->5764K(5824K) Class: 533K(640K)->533K(640K)
[8.966s][info][gc             ] GC(131) Pause Young (Allocation Failure) 1333M->1333M(1483M) 34.774ms
[8.966s][info][gc,cpu         ] GC(131) User=0.12s Sys=0.00s Real=0.04s
[9.000s][info][gc,start       ] GC(132) Pause Young (Allocation Failure)
[9.047s][info][gc,heap        ] GC(132) PSYoungGen: 86272K(99328K)->74240K(101888K) Eden: 27648K(27648K)->0K(27648K) From: 58624K(71680K)->74240K(74240K)
[9.047s][info][gc,heap        ] GC(132) ParOldGen: 1306715K(1419776K)->1318795K(1419776K)
[9.047s][info][gc,metaspace   ] GC(132) Metaspace: 6298K(6464K)->6298K(6464K) NonClass: 5764K(5824K)->5764K(5824K) Class: 533K(640K)->533K(640K)
[9.047s][info][gc             ] GC(132) Pause Young (Allocation Failure) 1360M->1360M(1486M) 46.652ms
[9.047s][info][gc,cpu         ] GC(132) User=0.27s Sys=0.00s Real=0.05s
[9.350s][info][gc,start       ] GC(133) Pause Young (Allocation Failure)
[9.432s][info][gc,heap        ] GC(133) PSYoungGen: 101888K(101888K)->75904K(111616K) Eden: 27648K(27648K)->0K(24576K) From: 74240K(74240K)->75904K(87040K)
[9.432s][info][gc,heap        ] GC(133) ParOldGen: 1384331K(1419776K)->1410835K(1419776K)
[9.432s][info][gc,metaspace   ] GC(133) Metaspace: 6298K(6464K)->6298K(6464K) NonClass: 5764K(5824K)->5764K(5824K) Class: 533K(640K)->533K(640K)
[9.432s][info][gc             ] GC(133) Pause Young (Allocation Failure) 1451M->1451M(1495M) 81.954ms
[9.432s][info][gc,cpu         ] GC(133) User=0.58s Sys=0.02s Real=0.08s
[9.432s][info][gc,start       ] GC(134) Pause Full (Ergonomics)
[9.432s][info][gc,phases,start] GC(134) Marking Phase
[9.743s][info][gc,phases      ] GC(134) Marking Phase 311.279ms
[9.743s][info][gc,phases,start] GC(134) Summary Phase
[9.743s][info][gc,phases      ] GC(134) Summary Phase 0.037ms
[9.744s][info][gc,phases,start] GC(134) Adjust Roots
[9.744s][info][gc,phases      ] GC(134) Adjust Roots 0.159ms
[9.744s][info][gc,phases,start] GC(134) Compaction Phase
[9.977s][info][gc,phases      ] GC(134) Compaction Phase 233.714ms
[9.977s][info][gc,phases,start] GC(134) Post Compact
[9.981s][info][gc,phases      ] GC(134) Post Compact 3.148ms
[9.981s][info][gc,heap        ] GC(134) PSYoungGen: 75904K(111616K)->33178K(111616K) Eden: 0K(24576K)->0K(24576K) From: 75904K(87040K)->33178K(87040K)
[9.981s][info][gc,heap        ] GC(134) ParOldGen: 1410835K(1419776K)->1419696K(1555968K)
[9.981s][info][gc,metaspace   ] GC(134) Metaspace: 6298K(6464K)->6298K(6464K) NonClass: 5764K(5824K)->5764K(5824K) Class: 533K(640K)->533K(640K)
[9.981s][info][gc             ] GC(134) Pause Full (Ergonomics) 1451M->1418M(1628M) 549.252ms
[9.981s][info][gc,cpu         ] GC(134) User=3.47s Sys=0.02s Real=0.55s
[10.006s][info][gc,start       ] GC(135) Pause Young (Allocation Failure)
[10.089s][info][gc,heap        ] GC(135) PSYoungGen: 57754K(111616K)->57984K(117760K) Eden: 24576K(24576K)->0K(24576K) From: 33178K(87040K)->57984K(93184K)
[10.089s][info][gc,heap        ] GC(135) ParOldGen: 1419696K(1555968K)->1419696K(1555968K)
[10.089s][info][gc,metaspace   ] GC(135) Metaspace: 6298K(6464K)->6298K(6464K) NonClass: 5764K(5824K)->5764K(5824K) Class: 533K(640K)->533K(640K)
[10.089s][info][gc             ] GC(135) Pause Young (Allocation Failure) 1442M->1443M(1634M) 83.223ms
[10.089s][info][gc,cpu         ] GC(135) User=0.53s Sys=0.00s Real=0.08s
[10.111s][info][gc,start       ] GC(136) Pause Young (Allocation Failure)
[10.153s][info][gc,heap        ] GC(136) PSYoungGen: 82560K(117760K)->82592K(111104K) Eden: 24576K(24576K)->0K(19456K) From: 57984K(93184K)->82592K(91648K)
[10.153s][info][gc,heap        ] GC(136) ParOldGen: 1419696K(1555968K)->1419696K(1555968K)
[10.153s][info][gc,metaspace   ] GC(136) Metaspace: 6298K(6464K)->6298K(6464K) NonClass: 5764K(5824K)->5764K(5824K) Class: 533K(640K)->533K(640K)
[10.153s][info][gc             ] GC(136) Pause Young (Allocation Failure) 1467M->1467M(1628M) 41.731ms
[10.153s][info][gc,cpu         ] GC(136) User=0.14s Sys=0.02s Real=0.04s
[10.171s][info][gc,start       ] GC(137) Pause Young (Allocation Failure)
[10.223s][info][gc,heap        ] GC(137) PSYoungGen: 102048K(111104K)->98816K(118272K) Eden: 19456K(19456K)->0K(19456K) From: 82592K(91648K)->98816K(98816K)
[10.223s][info][gc,heap        ] GC(137) ParOldGen: 1419696K(1555968K)->1422872K(1555968K)
[10.223s][info][gc,metaspace   ] GC(137) Metaspace: 6298K(6464K)->6298K(6464K) NonClass: 5764K(5824K)->5764K(5824K) Class: 533K(640K)->533K(640K)
[10.223s][info][gc             ] GC(137) Pause Young (Allocation Failure) 1486M->1486M(1635M) 51.844ms
[10.223s][info][gc,cpu         ] GC(137) User=0.16s Sys=0.00s Real=0.05s
[10.243s][info][gc,start       ] GC(138) Pause Young (Allocation Failure)
[10.303s][info][gc,heap        ] GC(138) PSYoungGen: 118272K(118272K)->94144K(126976K) Eden: 19456K(19456K)->0K(14848K) From: 98816K(98816K)->94144K(112128K)
[10.303s][info][gc,heap        ] GC(138) ParOldGen: 1422872K(1555968K)->1447384K(1555968K)
[10.303s][info][gc,metaspace   ] GC(138) Metaspace: 6298K(6464K)->6298K(6464K) NonClass: 5764K(5824K)->5764K(5824K) Class: 533K(640K)->533K(640K)
[10.303s][info][gc             ] GC(138) Pause Young (Allocation Failure) 1505M->1505M(1643M) 60.585ms
[10.303s][info][gc,cpu         ] GC(138) User=0.39s Sys=0.05s Real=0.06s
[10.319s][info][gc,start       ] GC(139) Pause Young (Allocation Failure)
[10.372s][info][gc,heap        ] GC(139) PSYoungGen: 108992K(126976K)->101344K(134144K) Eden: 14848K(14848K)->0K(14848K) From: 94144K(112128K)->101344K(119296K)
[10.373s][info][gc,heap        ] GC(139) ParOldGen: 1447384K(1555968K)->1455176K(1555968K)
[10.373s][info][gc,metaspace   ] GC(139) Metaspace: 6298K(6464K)->6298K(6464K) NonClass: 5764K(5824K)->5764K(5824K) Class: 533K(640K)->533K(640K)
[10.373s][info][gc             ] GC(139) Pause Young (Allocation Failure) 1519M->1520M(1650M) 53.855ms
[10.373s][info][gc,cpu         ] GC(139) User=0.31s Sys=0.00s Real=0.05s
[10.388s][info][gc,start       ] GC(140) Pause Young (Allocation Failure)
[10.447s][info][gc,heap        ] GC(140) PSYoungGen: 116192K(134144K)->68448K(133632K) Eden: 14848K(14848K)->0K(16896K) From: 101344K(119296K)->68448K(116736K)
[10.447s][info][gc,heap        ] GC(140) ParOldGen: 1455176K(1555968K)->1503504K(1555968K)
[10.447s][info][gc,metaspace   ] GC(140) Metaspace: 6298K(6464K)->6298K(6464K) NonClass: 5764K(5824K)->5764K(5824K) Class: 533K(640K)->533K(640K)
[10.447s][info][gc             ] GC(140) Pause Young (Allocation Failure) 1534M->1535M(1650M) 58.821ms
[10.447s][info][gc,cpu         ] GC(140) User=0.38s Sys=0.02s Real=0.06s
[10.465s][info][gc,start       ] GC(141) Pause Young (Allocation Failure)
[10.513s][info][gc,heap        ] GC(141) PSYoungGen: 85344K(133632K)->46688K(139264K) Eden: 16896K(16896K)->0K(16896K) From: 68448K(116736K)->46688K(122368K)
[10.513s][info][gc,heap        ] GC(141) ParOldGen: 1503504K(1555968K)->1542560K(1555968K)
[10.513s][info][gc,metaspace   ] GC(141) Metaspace: 6298K(6464K)->6298K(6464K) NonClass: 5764K(5824K)->5764K(5824K) Class: 533K(640K)->533K(640K)
[10.513s][info][gc             ] GC(141) Pause Young (Allocation Failure) 1551M->1552M(1655M) 47.831ms
[10.513s][info][gc,cpu         ] GC(141) User=0.22s Sys=0.00s Real=0.05s
[10.513s][info][gc,start       ] GC(142) Pause Full (Ergonomics)
[10.513s][info][gc,phases,start] GC(142) Marking Phase
[10.882s][info][gc,phases      ] GC(142) Marking Phase 369.281ms
[10.882s][info][gc,phases,start] GC(142) Summary Phase
[10.882s][info][gc,phases      ] GC(142) Summary Phase 0.030ms
[10.882s][info][gc,phases,start] GC(142) Adjust Roots
[10.882s][info][gc,phases      ] GC(142) Adjust Roots 0.161ms
[10.882s][info][gc,phases,start] GC(142) Compaction Phase
[11.038s][info][gc,phases      ] GC(142) Compaction Phase 155.509ms
[11.038s][info][gc,phases,start] GC(142) Post Compact
[11.041s][info][gc,phases      ] GC(142) Post Compact 3.643ms
[11.042s][info][gc,heap        ] GC(142) PSYoungGen: 46688K(139264K)->31678K(139264K) Eden: 0K(16896K)->0K(16896K) From: 46688K(122368K)->31678K(122368K)
[11.042s][info][gc,heap        ] GC(142) ParOldGen: 1542560K(1555968K)->1555635K(1719296K)
[11.042s][info][gc,metaspace   ] GC(142) Metaspace: 6298K(6464K)->6298K(6464K) NonClass: 5764K(5824K)->5764K(5824K) Class: 533K(640K)->533K(640K)
[11.042s][info][gc             ] GC(142) Pause Full (Ergonomics) 1552M->1550M(1815M) 529.555ms
[11.042s][info][gc,cpu         ] GC(142) User=3.25s Sys=0.06s Real=0.53s
[11.059s][info][gc,start       ] GC(143) Pause Young (Allocation Failure)
[11.161s][info][gc,heap        ] GC(143) PSYoungGen: 48574K(139264K)->28544K(139264K) Eden: 16896K(16896K)->0K(18944K) From: 31678K(122368K)->28544K(120320K)
[11.161s][info][gc,heap        ] GC(143) ParOldGen: 1555635K(1719296K)->1576155K(1719296K)
[11.161s][info][gc,metaspace   ] GC(143) Metaspace: 6298K(6464K)->6298K(6464K) NonClass: 5764K(5824K)->5764K(5824K) Class: 533K(640K)->533K(640K)
[11.161s][info][gc             ] GC(143) Pause Young (Allocation Failure) 1566M->1567M(1815M) 102.106ms
[11.161s][info][gc,cpu         ] GC(143) User=0.45s Sys=0.00s Real=0.10s
[11.180s][info][gc,start       ] GC(144) Pause Young (Allocation Failure)
[11.210s][info][gc,heap        ] GC(144) PSYoungGen: 47488K(139264K)->36000K(139776K) Eden: 18944K(18944K)->0K(18944K) From: 28544K(120320K)->36000K(120832K)
[11.210s][info][gc,heap        ] GC(144) ParOldGen: 1576155K(1719296K)->1587803K(1719296K)
[11.210s][info][gc,metaspace   ] GC(144) Metaspace: 6298K(6464K)->6298K(6464K) NonClass: 5764K(5824K)->5764K(5824K) Class: 533K(640K)->533K(640K)
[11.210s][info][gc             ] GC(144) Pause Young (Allocation Failure) 1585M->1585M(1815M) 30.232ms
[11.210s][info][gc,cpu         ] GC(144) User=0.05s Sys=0.00s Real=0.03s
[11.229s][info][gc,start       ] GC(145) Pause Young (Allocation Failure)
[11.262s][info][gc,heap        ] GC(145) PSYoungGen: 54944K(139776K)->38016K(136704K) Eden: 18944K(18944K)->0K(21504K) From: 36000K(120832K)->38016K(115200K)
[11.262s][info][gc,heap        ] GC(145) ParOldGen: 1587803K(1719296K)->1604915K(1719296K)
[11.262s][info][gc,metaspace   ] GC(145) Metaspace: 6298K(6464K)->6298K(6464K) NonClass: 5764K(5824K)->5764K(5824K) Class: 533K(640K)->533K(640K)
[11.262s][info][gc             ] GC(145) Pause Young (Allocation Failure) 1604M->1604M(1812M) 33.603ms
[11.262s][info][gc,cpu         ] GC(145) User=0.05s Sys=0.00s Real=0.03s
[11.283s][info][gc,start       ] GC(146) Pause Young (Allocation Failure)
[11.319s][info][gc,heap        ] GC(146) PSYoungGen: 59520K(136704K)->21664K(138752K) Eden: 21504K(21504K)->0K(21504K) From: 38016K(115200K)->21664K(117248K)
[11.319s][info][gc,heap        ] GC(146) ParOldGen: 1604915K(1719296K)->1643275K(1719296K)
[11.319s][info][gc,metaspace   ] GC(146) Metaspace: 6298K(6464K)->6298K(6464K) NonClass: 5764K(5824K)->5764K(5824K) Class: 533K(640K)->533K(640K)
[11.319s][info][gc             ] GC(146) Pause Young (Allocation Failure) 1625M->1625M(1814M) 35.133ms
[11.319s][info][gc,cpu         ] GC(146) User=0.14s Sys=0.00s Real=0.04s
[11.340s][info][gc,start       ] GC(147) Pause Young (Allocation Failure)
[11.369s][info][gc,heap        ] GC(147) PSYoungGen: 43168K(138752K)->21664K(139776K) Eden: 21504K(21504K)->0K(24576K) From: 21664K(117248K)->21664K(115200K)
[11.369s][info][gc,heap        ] GC(147) ParOldGen: 1643275K(1719296K)->1665083K(1719296K)
[11.369s][info][gc,metaspace   ] GC(147) Metaspace: 6298K(6464K)->6298K(6464K) NonClass: 5764K(5824K)->5764K(5824K) Class: 533K(640K)->533K(640K)
[11.369s][info][gc             ] GC(147) Pause Young (Allocation Failure) 1646M->1647M(1815M) 29.497ms
[11.369s][info][gc,cpu         ] GC(147) User=0.05s Sys=0.00s Real=0.03s
[11.394s][info][gc,start       ] GC(148) Pause Young (Allocation Failure)
[11.426s][info][gc,heap        ] GC(148) PSYoungGen: 46240K(139776K)->24736K(140800K) Eden: 24576K(24576K)->0K(24576K) From: 21664K(115200K)->24736K(116224K)
[11.426s][info][gc,heap        ] GC(148) ParOldGen: 1665083K(1719296K)->1686867K(1719296K)
[11.426s][info][gc,metaspace   ] GC(148) Metaspace: 6298K(6464K)->6298K(6464K) NonClass: 5764K(5824K)->5764K(5824K) Class: 533K(640K)->533K(640K)
[11.426s][info][gc             ] GC(148) Pause Young (Allocation Failure) 1671M->1671M(1816M) 31.541ms
[11.426s][info][gc,cpu         ] GC(148) User=0.03s Sys=0.02s Real=0.03s
[11.426s][info][gc,start       ] GC(149) Pause Full (Ergonomics)
[11.426s][info][gc,phases,start] GC(149) Marking Phase
[11.821s][info][gc,phases      ] GC(149) Marking Phase 395.551ms
[11.821s][info][gc,phases,start] GC(149) Summary Phase
[11.821s][info][gc,phases      ] GC(149) Summary Phase 0.042ms
[11.821s][info][gc,phases,start] GC(149) Adjust Roots
[11.822s][info][gc,phases      ] GC(149) Adjust Roots 0.272ms
[11.822s][info][gc,phases,start] GC(149) Compaction Phase
[11.990s][info][gc,phases      ] GC(149) Compaction Phase 168.458ms
[11.990s][info][gc,phases,start] GC(149) Post Compact
[11.994s][info][gc,phases      ] GC(149) Post Compact 3.624ms
[11.995s][info][gc,heap        ] GC(149) PSYoungGen: 24736K(140800K)->0K(141312K) Eden: 0K(24576K)->0K(27648K) From: 24736K(116224K)->0K(113664K)
[11.995s][info][gc,heap        ] GC(149) ParOldGen: 1686867K(1719296K)->1709501K(1881088K)
[11.995s][info][gc,metaspace   ] GC(149) Metaspace: 6298K(6464K)->6298K(6464K) NonClass: 5764K(5824K)->5764K(5824K) Class: 533K(640K)->533K(640K)
[11.995s][info][gc             ] GC(149) Pause Full (Ergonomics) 1671M->1669M(1975M) 568.894ms
[11.995s][info][gc,cpu         ] GC(149) User=3.98s Sys=0.02s Real=0.57s
[12.025s][info][gc,start       ] GC(150) Pause Young (Allocation Failure)
[12.048s][info][gc,heap        ] GC(150) PSYoungGen: 27648K(141312K)->27808K(55808K) Eden: 27648K(27648K)->0K(27648K) From: 0K(113664K)->27808K(28160K)
[12.048s][info][gc,heap        ] GC(150) ParOldGen: 1709501K(1881088K)->1709501K(1881088K)
[12.048s][info][gc,metaspace   ] GC(150) Metaspace: 6298K(6464K)->6298K(6464K) NonClass: 5764K(5824K)->5764K(5824K) Class: 533K(640K)->533K(640K)
[12.048s][info][gc             ] GC(150) Pause Young (Allocation Failure) 1696M->1696M(1891M) 23.348ms
[12.048s][info][gc,cpu         ] GC(150) User=0.05s Sys=0.00s Real=0.02s
[12.078s][info][gc,start       ] GC(151) Pause Young (Allocation Failure)
[12.112s][info][gc,heap        ] GC(151) PSYoungGen: 55456K(55808K)->55488K(135680K) Eden: 27648K(27648K)->0K(30720K) From: 27808K(28160K)->55488K(104960K)
[12.112s][info][gc,heap        ] GC(151) ParOldGen: 1709501K(1881088K)->1709501K(1881088K)
[12.112s][info][gc,metaspace   ] GC(151) Metaspace: 6298K(6464K)->6298K(6464K) NonClass: 5764K(5824K)->5764K(5824K) Class: 533K(640K)->533K(640K)
[12.112s][info][gc             ] GC(151) Pause Young (Allocation Failure) 1723M->1723M(1969M) 34.227ms
[12.112s][info][gc,cpu         ] GC(151) User=0.16s Sys=0.00s Real=0.03s
[12.144s][info][gc,start       ] GC(152) Pause Young (Allocation Failure)
[12.188s][info][gc,heap        ] GC(152) PSYoungGen: 86208K(135680K)->86272K(138240K) Eden: 30720K(30720K)->0K(30720K) From: 55488K(104960K)->86272K(107520K)
[12.188s][info][gc,heap        ] GC(152) ParOldGen: 1709501K(1881088K)->1709501K(1881088K)
[12.188s][info][gc,metaspace   ] GC(152) Metaspace: 6298K(6464K)->6298K(6464K) NonClass: 5764K(5824K)->5764K(5824K) Class: 533K(640K)->533K(640K)
[12.188s][info][gc             ] GC(152) Pause Young (Allocation Failure) 1753M->1753M(1972M) 44.060ms
[12.188s][info][gc,cpu         ] GC(152) User=0.27s Sys=0.00s Real=0.04s
[12.220s][info][gc,start       ] GC(153) Pause Young (Allocation Failure)
[12.278s][info][gc,heap        ] GC(153) PSYoungGen: 116992K(138240K)->89312K(142336K) Eden: 30720K(30720K)->0K(26112K) From: 86272K(107520K)->89312K(116224K)
[12.279s][info][gc,heap        ] GC(153) ParOldGen: 1709501K(1881088K)->1737541K(1881088K)
[12.279s][info][gc,metaspace   ] GC(153) Metaspace: 6298K(6464K)->6298K(6464K) NonClass: 5764K(5824K)->5764K(5824K) Class: 533K(640K)->533K(640K)
[12.279s][info][gc             ] GC(153) Pause Young (Allocation Failure) 1783M->1784M(1976M) 58.212ms
[12.279s][info][gc,cpu         ] GC(153) User=0.30s Sys=0.03s Real=0.06s
[12.306s][info][gc,start       ] GC(154) Pause Young (Allocation Failure)
[12.364s][info][gc,heap        ] GC(154) PSYoungGen: 115424K(142336K)->87808K(150016K) Eden: 26112K(26112K)->0K(26112K) From: 89312K(116224K)->87808K(123904K)
[12.364s][info][gc,heap        ] GC(154) ParOldGen: 1737541K(1881088K)->1765565K(1881088K)
[12.364s][info][gc,metaspace   ] GC(154) Metaspace: 6298K(6464K)->6298K(6464K) NonClass: 5764K(5824K)->5764K(5824K) Class: 533K(640K)->533K(640K)
[12.364s][info][gc             ] GC(154) Pause Young (Allocation Failure) 1809M->1809M(1983M) 57.285ms
[12.364s][info][gc,cpu         ] GC(154) User=0.38s Sys=0.00s Real=0.06s
[12.392s][info][gc,start       ] GC(155) Pause Young (Allocation Failure)
[12.449s][info][gc,heap        ] GC(155) PSYoungGen: 113920K(150016K)->83136K(157184K) Eden: 26112K(26112K)->0K(27648K) From: 87808K(123904K)->83136K(129536K)
[12.449s][info][gc,heap        ] GC(155) ParOldGen: 1765565K(1881088K)->1796693K(1881088K)
[12.449s][info][gc,metaspace   ] GC(155) Metaspace: 6298K(6464K)->6298K(6464K) NonClass: 5764K(5824K)->5764K(5824K) Class: 533K(640K)->533K(640K)
[12.449s][info][gc             ] GC(155) Pause Young (Allocation Failure) 1835M->1835M(1990M) 56.762ms
[12.449s][info][gc,cpu         ] GC(155) User=0.33s Sys=0.05s Real=0.06s
[12.481s][info][gc,start       ] GC(156) Pause Young (Allocation Failure)
[12.536s][info][gc,heap        ] GC(156) PSYoungGen: 110784K(157184K)->80096K(159232K) Eden: 27648K(27648K)->0K(27648K) From: 83136K(129536K)->80096K(131584K)
[12.536s][info][gc,heap        ] GC(156) ParOldGen: 1796693K(1881088K)->1827813K(1881088K)
[12.536s][info][gc,metaspace   ] GC(156) Metaspace: 6298K(6464K)->6298K(6464K) NonClass: 5764K(5824K)->5764K(5824K) Class: 533K(640K)->533K(640K)
[12.536s][info][gc             ] GC(156) Pause Young (Allocation Failure) 1862M->1863M(1992M) 55.104ms
[12.536s][info][gc,cpu         ] GC(156) User=0.34s Sys=0.03s Real=0.05s
[12.567s][info][gc,start       ] GC(157) Pause Young (Allocation Failure)
[12.622s][info][gc,heap        ] GC(157) PSYoungGen: 107744K(159232K)->55520K(151040K) Eden: 27648K(27648K)->0K(31232K) From: 80096K(131584K)->55520K(119808K)
[12.622s][info][gc,heap        ] GC(157) ParOldGen: 1827813K(1881088K)->1880717K(1881088K)
[12.622s][info][gc,metaspace   ] GC(157) Metaspace: 6298K(6464K)->6298K(6464K) NonClass: 5764K(5824K)->5764K(5824K) Class: 533K(640K)->533K(640K)
[12.622s][info][gc             ] GC(157) Pause Young (Allocation Failure) 1890M->1890M(1984M) 55.345ms
[12.622s][info][gc,cpu         ] GC(157) User=0.33s Sys=0.06s Real=0.05s
[12.622s][info][gc,start       ] GC(158) Pause Full (Ergonomics)
[12.622s][info][gc,phases,start] GC(158) Marking Phase
[13.057s][info][gc,phases      ] GC(158) Marking Phase 434.743ms
[13.057s][info][gc,phases,start] GC(158) Summary Phase
[13.057s][info][gc,phases      ] GC(158) Summary Phase 0.032ms
[13.057s][info][gc,phases,start] GC(158) Adjust Roots
[13.057s][info][gc,phases      ] GC(158) Adjust Roots 0.169ms
[13.058s][info][gc,phases,start] GC(158) Compaction Phase
[13.233s][info][gc,phases      ] GC(158) Compaction Phase 175.335ms
[13.233s][info][gc,phases,start] GC(158) Post Compact
[13.237s][info][gc,phases      ] GC(158) Post Compact 3.570ms
[13.237s][info][gc,heap        ] GC(158) PSYoungGen: 55520K(151040K)->52680K(155136K) Eden: 0K(31232K)->0K(35328K) From: 55520K(119808K)->52680K(119808K)
[13.237s][info][gc,heap        ] GC(158) ParOldGen: 1880717K(1881088K)->1880826K(2079744K)
[13.237s][info][gc,metaspace   ] GC(158) Metaspace: 6298K(6464K)->6298K(6464K) NonClass: 5764K(5824K)->5764K(5824K) Class: 533K(640K)->533K(640K)
[13.237s][info][gc             ] GC(158) Pause Full (Ergonomics) 1890M->1888M(2182M) 614.914ms
[13.237s][info][gc,cpu         ] GC(158) User=4.39s Sys=0.00s Real=0.62s
[13.282s][info][gc,start       ] GC(159) Pause Young (Allocation Failure)
[13.401s][info][gc,heap        ] GC(159) PSYoungGen: 88008K(155136K)->35488K(161280K) Eden: 35328K(35328K)->0K(35328K) From: 52680K(119808K)->35488K(125952K)
[13.401s][info][gc,heap        ] GC(159) ParOldGen: 1880826K(2079744K)->1934274K(2079744K)
[13.401s][info][gc,metaspace   ] GC(159) Metaspace: 6298K(6464K)->6298K(6464K) NonClass: 5764K(5824K)->5764K(5824K) Class: 533K(640K)->533K(640K)
[13.401s][info][gc             ] GC(159) Pause Young (Allocation Failure) 1922M->1923M(2188M) 119.172ms
[13.401s][info][gc,cpu         ] GC(159) User=0.77s Sys=0.02s Real=0.12s
[13.445s][info][gc,start       ] GC(160) Pause Young (Allocation Failure)
[13.487s][info][gc,heap        ] GC(160) PSYoungGen: 70816K(161280K)->35488K(158208K) Eden: 35328K(35328K)->0K(38912K) From: 35488K(125952K)->35488K(119296K)
[13.487s][info][gc,heap        ] GC(160) ParOldGen: 1934274K(2079744K)->1970082K(2079744K)
[13.487s][info][gc,metaspace   ] GC(160) Metaspace: 6298K(6464K)->6298K(6464K) NonClass: 5764K(5824K)->5764K(5824K) Class: 533K(640K)->533K(640K)
[13.487s][info][gc             ] GC(160) Pause Young (Allocation Failure) 1958M->1958M(2185M) 42.256ms
[13.487s][info][gc,cpu         ] GC(160) User=0.23s Sys=0.03s Real=0.04s
[13.535s][info][gc,start       ] GC(161) Pause Young (Allocation Failure)
[13.582s][info][gc,heap        ] GC(161) PSYoungGen: 74400K(158208K)->39168K(160768K) Eden: 38912K(38912K)->0K(38912K) From: 35488K(119296K)->39168K(121856K)
[13.582s][info][gc,heap        ] GC(161) ParOldGen: 1970082K(2079744K)->2005930K(2079744K)
[13.582s][info][gc,metaspace   ] GC(161) Metaspace: 6298K(6464K)->6298K(6464K) NonClass: 5764K(5824K)->5764K(5824K) Class: 533K(640K)->533K(640K)
[13.582s][info][gc             ] GC(161) Pause Young (Allocation Failure) 1996M->1997M(2188M) 47.886ms
[13.582s][info][gc,cpu         ] GC(161) User=0.22s Sys=0.02s Real=0.05s
[13.623s][info][gc,start       ] GC(162) Pause Young (Allocation Failure)
[13.669s][info][gc,heap        ] GC(162) PSYoungGen: 78080K(160768K)->39104K(155136K) Eden: 38912K(38912K)->0K(43520K) From: 39168K(121856K)->39104K(111616K)
[13.669s][info][gc,heap        ] GC(162) ParOldGen: 2005930K(2079744K)->2045386K(2079744K)
[13.669s][info][gc,metaspace   ] GC(162) Metaspace: 6298K(6464K)->6298K(6464K) NonClass: 5764K(5824K)->5764K(5824K) Class: 533K(640K)->533K(640K)
[13.669s][info][gc             ] GC(162) Pause Young (Allocation Failure) 2035M->2035M(2182M) 45.961ms
[13.669s][info][gc,cpu         ] GC(162) User=0.23s Sys=0.02s Real=0.05s
[13.669s][info][gc,start       ] GC(163) Pause Full (Ergonomics)
[13.669s][info][gc,phases,start] GC(163) Marking Phase
[14.129s][info][gc,phases      ] GC(163) Marking Phase 460.048ms
[14.129s][info][gc,phases,start] GC(163) Summary Phase
[14.129s][info][gc,phases      ] GC(163) Summary Phase 0.044ms
[14.129s][info][gc,phases,start] GC(163) Adjust Roots
[14.130s][info][gc,phases      ] GC(163) Adjust Roots 0.229ms
[14.130s][info][gc,phases,start] GC(163) Compaction Phase
[14.306s][info][gc,phases      ] GC(163) Compaction Phase 176.437ms
[14.306s][info][gc,phases,start] GC(163) Post Compact
[14.310s][info][gc,phases      ] GC(163) Post Compact 4.206ms
[14.312s][info][gc,heap        ] GC(163) PSYoungGen: 39104K(155136K)->2606K(158208K) Eden: 0K(43520K)->0K(46592K) From: 39104K(111616K)->2606K(111616K)
[14.312s][info][gc,heap        ] GC(163) ParOldGen: 2045386K(2079744K)->2079249K(2301952K)
[14.312s][info][gc,metaspace   ] GC(163) Metaspace: 6298K(6464K)->6298K(6464K) NonClass: 5764K(5824K)->5764K(5824K) Class: 533K(640K)->533K(640K)
[14.312s][info][gc             ] GC(163) Pause Full (Ergonomics) 2035M->2033M(2402M) 642.370ms
[14.312s][info][gc,cpu         ] GC(163) User=4.70s Sys=0.00s Real=0.64s
[14.360s][info][gc,start       ] GC(164) Pause Young (Allocation Failure)
[14.470s][info][gc,heap        ] GC(164) PSYoungGen: 49198K(158208K)->46816K(93696K) Eden: 46592K(46592K)->0K(46592K) From: 2606K(111616K)->46816K(47104K)
[14.470s][info][gc,heap        ] GC(164) ParOldGen: 2079249K(2301952K)->2081929K(2301952K)
[14.470s][info][gc,metaspace   ] GC(164) Metaspace: 6298K(6464K)->6298K(6464K) NonClass: 5764K(5824K)->5764K(5824K) Class: 533K(640K)->533K(640K)
[14.470s][info][gc             ] GC(164) Pause Young (Allocation Failure) 2078M->2078M(2339M) 110.496ms
[14.470s][info][gc,cpu         ] GC(164) User=0.64s Sys=0.00s Real=0.11s
[14.522s][info][gc,start       ] GC(165) Pause Young (Allocation Failure)
[14.574s][info][gc,heap        ] GC(165) PSYoungGen: 93408K(93696K)->93440K(151552K) Eden: 46592K(46592K)->0K(41984K) From: 46816K(47104K)->93440K(109568K)
[14.574s][info][gc,heap        ] GC(165) ParOldGen: 2081929K(2301952K)->2081929K(2301952K)
[14.574s][info][gc,metaspace   ] GC(165) Metaspace: 6298K(6464K)->6298K(6464K) NonClass: 5764K(5824K)->5764K(5824K) Class: 533K(640K)->533K(640K)
[14.574s][info][gc             ] GC(165) Pause Young (Allocation Failure) 2124M->2124M(2396M) 51.915ms
[14.574s][info][gc,cpu         ] GC(165) User=0.25s Sys=0.00s Real=0.05s
[14.624s][info][gc,start       ] GC(166) Pause Young (Allocation Failure)
[14.696s][info][gc,heap        ] GC(166) PSYoungGen: 135424K(151552K)->118784K(160768K) Eden: 41984K(41984K)->0K(41984K) From: 93440K(109568K)->118784K(118784K)
[14.696s][info][gc,heap        ] GC(166) ParOldGen: 2081929K(2301952K)->2098713K(2301952K)
[14.696s][info][gc,metaspace   ] GC(166) Metaspace: 6298K(6464K)->6298K(6464K) NonClass: 5764K(5824K)->5764K(5824K) Class: 533K(640K)->533K(640K)
[14.696s][info][gc             ] GC(166) Pause Young (Allocation Failure) 2165M->2165M(2405M) 71.523ms
[14.696s][info][gc,cpu         ] GC(166) User=0.45s Sys=0.02s Real=0.07s
[14.750s][info][gc,start       ] GC(167) Pause Young (Allocation Failure)
[14.839s][info][gc,heap        ] GC(167) PSYoungGen: 160768K(160768K)->79264K(184320K) Eden: 41984K(41984K)->0K(46592K) From: 118784K(118784K)->79264K(137728K)
[14.840s][info][gc,heap        ] GC(167) ParOldGen: 2098713K(2301952K)->2181377K(2301952K)
[14.840s][info][gc,metaspace   ] GC(167) Metaspace: 6298K(6464K)->6298K(6464K) NonClass: 5764K(5824K)->5764K(5824K) Class: 533K(640K)->533K(640K)
[14.840s][info][gc             ] GC(167) Pause Young (Allocation Failure) 2206M->2207M(2428M) 89.636ms
[14.840s][info][gc,cpu         ] GC(167) User=0.53s Sys=0.09s Real=0.09s
[14.892s][info][gc,start       ] GC(168) Pause Young (Allocation Failure)
[14.962s][info][gc,heap        ] GC(168) PSYoungGen: 125856K(184320K)->88864K(186368K) Eden: 46592K(46592K)->0K(46592K) From: 79264K(137728K)->88864K(139776K)
[14.962s][info][gc,heap        ] GC(168) ParOldGen: 2181377K(2301952K)->2218929K(2301952K)
[14.962s][info][gc,metaspace   ] GC(168) Metaspace: 6298K(6464K)->6298K(6464K) NonClass: 5764K(5824K)->5764K(5824K) Class: 533K(640K)->533K(640K)
[14.962s][info][gc             ] GC(168) Pause Young (Allocation Failure) 2253M->2253M(2430M) 70.225ms
[14.962s][info][gc,cpu         ] GC(168) User=0.48s Sys=0.02s Real=0.07s
[15.015s][info][gc,start       ] GC(169) Pause Young (Allocation Failure)
[15.086s][info][gc,heap        ] GC(169) PSYoungGen: 135456K(186368K)->93408K(190464K) Eden: 46592K(46592K)->0K(49664K) From: 88864K(139776K)->93408K(140800K)
[15.086s][info][gc,heap        ] GC(169) ParOldGen: 2218929K(2301952K)->2261473K(2301952K)
[15.086s][info][gc,metaspace   ] GC(169) Metaspace: 6298K(6464K)->6298K(6464K) NonClass: 5764K(5824K)->5764K(5824K) Class: 533K(640K)->533K(640K)
[15.086s][info][gc             ] GC(169) Pause Young (Allocation Failure) 2299M->2299M(2434M) 71.464ms
[15.086s][info][gc,cpu         ] GC(169) User=0.45s Sys=0.02s Real=0.07s
[15.086s][info][gc,start       ] GC(170) Pause Full (Ergonomics)
[15.086s][info][gc,phases,start] GC(170) Marking Phase
[15.627s][info][gc,phases      ] GC(170) Marking Phase 541.261ms
[15.627s][info][gc,phases,start] GC(170) Summary Phase
[15.628s][info][gc,phases      ] GC(170) Summary Phase 0.035ms
[15.628s][info][gc,phases,start] GC(170) Adjust Roots
[15.628s][info][gc,phases      ] GC(170) Adjust Roots 0.159ms
[15.628s][info][gc,phases,start] GC(170) Compaction Phase
[15.840s][info][gc,phases      ] GC(170) Compaction Phase 212.492ms
[15.840s][info][gc,phases,start] GC(170) Post Compact
[15.845s][info][gc,phases      ] GC(170) Post Compact 4.689ms
[15.846s][info][gc,heap        ] GC(170) PSYoungGen: 93408K(190464K)->50187K(190464K) Eden: 0K(49664K)->0K(49664K) From: 93408K(140800K)->50187K(140800K)
[15.846s][info][gc,heap        ] GC(170) ParOldGen: 2261473K(2301952K)->2301817K(2553344K)
[15.846s][info][gc,metaspace   ] GC(170) Metaspace: 6298K(6464K)->6298K(6464K) NonClass: 5764K(5824K)->5764K(5824K) Class: 533K(640K)->533K(640K)
[15.846s][info][gc             ] GC(170) Pause Full (Ergonomics) 2299M->2296M(2679M) 759.862ms
[15.846s][info][gc,cpu         ] GC(170) User=5.53s Sys=0.03s Real=0.76s
[15.905s][info][gc,start       ] GC(171) Pause Young (Allocation Failure)
[16.063s][info][gc,heap        ] GC(171) PSYoungGen: 99851K(190464K)->74848K(124928K) Eden: 49664K(49664K)->0K(49664K) From: 50187K(140800K)->74848K(75264K)
[16.063s][info][gc,heap        ] GC(171) ParOldGen: 2301817K(2553344K)->2327385K(2553344K)
[16.063s][info][gc,metaspace   ] GC(171) Metaspace: 6298K(6464K)->6298K(6464K) NonClass: 5764K(5824K)->5764K(5824K) Class: 533K(640K)->533K(640K)
[16.063s][info][gc             ] GC(171) Pause Young (Allocation Failure) 2345M->2345M(2615M) 158.224ms
[16.063s][info][gc,cpu         ] GC(171) User=0.95s Sys=0.00s Real=0.16s
[16.122s][info][gc,start       ] GC(172) Pause Young (Allocation Failure)
[16.192s][info][gc,heap        ] GC(172) PSYoungGen: 124512K(124928K)->124544K(179200K) Eden: 49664K(49664K)->0K(41984K) From: 74848K(75264K)->124544K(137216K)
[16.192s][info][gc,heap        ] GC(172) ParOldGen: 2327385K(2553344K)->2327385K(2553344K)
[16.192s][info][gc,metaspace   ] GC(172) Metaspace: 6298K(6464K)->6298K(6464K) NonClass: 5764K(5824K)->5764K(5824K) Class: 533K(640K)->533K(640K)
[16.192s][info][gc             ] GC(172) Pause Young (Allocation Failure) 2394M->2394M(2668M) 70.179ms
[16.192s][info][gc,cpu         ] GC(172) User=0.39s Sys=0.00s Real=0.07s
[16.242s][info][gc,start       ] GC(173) Pause Young (Allocation Failure)
[16.333s][info][gc,heap        ] GC(173) PSYoungGen: 166528K(179200K)->150016K(192000K) Eden: 41984K(41984K)->0K(41984K) From: 124544K(137216K)->150016K(150016K)
[16.333s][info][gc,heap        ] GC(173) ParOldGen: 2327385K(2553344K)->2344001K(2553344K)
[16.333s][info][gc,metaspace   ] GC(173) Metaspace: 6298K(6464K)->6298K(6464K) NonClass: 5764K(5824K)->5764K(5824K) Class: 533K(640K)->533K(640K)
[16.333s][info][gc             ] GC(173) Pause Young (Allocation Failure) 2435M->2435M(2681M) 90.963ms
[16.333s][info][gc,cpu         ] GC(173) User=0.72s Sys=0.03s Real=0.09s
[16.382s][info][gc,start       ] GC(174) Pause Young (Allocation Failure)
[16.489s][info][gc,heap        ] GC(174) PSYoungGen: 192000K(192000K)->127328K(216064K) Eden: 41984K(41984K)->0K(39936K) From: 150016K(150016K)->127328K(176128K)
[16.489s][info][gc,heap        ] GC(174) ParOldGen: 2344001K(2553344K)->2409361K(2553344K)
[16.489s][info][gc,metaspace   ] GC(174) Metaspace: 6298K(6464K)->6298K(6464K) NonClass: 5764K(5824K)->5764K(5824K) Class: 533K(640K)->533K(640K)
[16.489s][info][gc             ] GC(174) Pause Young (Allocation Failure) 2476M->2477M(2704M) 107.777ms
[16.489s][info][gc,cpu         ] GC(174) User=0.80s Sys=0.05s Real=0.11s
[16.536s][info][gc,start       ] GC(175) Pause Young (Allocation Failure)
[16.636s][info][gc,heap        ] GC(175) PSYoungGen: 167264K(216064K)->120704K(222720K) Eden: 39936K(39936K)->0K(39936K) From: 127328K(176128K)->120704K(182784K)
[16.636s][info][gc,heap        ] GC(175) ParOldGen: 2409361K(2553344K)->2456361K(2553344K)
[16.636s][info][gc,metaspace   ] GC(175) Metaspace: 6298K(6464K)->6298K(6464K) NonClass: 5764K(5824K)->5764K(5824K) Class: 533K(640K)->533K(640K)
[16.636s][info][gc             ] GC(175) Pause Young (Allocation Failure) 2516M->2516M(2711M) 100.117ms
[16.637s][info][gc,cpu         ] GC(175) User=0.61s Sys=0.02s Real=0.10s
[16.688s][info][gc,start       ] GC(176) Pause Young (Allocation Failure)
[16.782s][info][gc,heap        ] GC(176) PSYoungGen: 160640K(222720K)->80128K(215552K) Eden: 39936K(39936K)->0K(45056K) From: 120704K(182784K)->80128K(170496K)
[16.783s][info][gc,heap        ] GC(176) ParOldGen: 2456361K(2553344K)->2537513K(2553344K)
[16.783s][info][gc,metaspace   ] GC(176) Metaspace: 6298K(6464K)->6298K(6464K) NonClass: 5764K(5824K)->5764K(5824K) Class: 533K(640K)->533K(640K)
[16.783s][info][gc             ] GC(176) Pause Young (Allocation Failure) 2555M->2556M(2704M) 94.068ms
[16.783s][info][gc,cpu         ] GC(176) User=0.56s Sys=0.08s Real=0.09s
[16.783s][info][gc,start       ] GC(177) Pause Full (Ergonomics)
[16.783s][info][gc,phases,start] GC(177) Marking Phase
[17.370s][info][gc,phases      ] GC(177) Marking Phase 587.193ms
[17.370s][info][gc,phases,start] GC(177) Summary Phase
[17.370s][info][gc,phases      ] GC(177) Summary Phase 0.036ms
[17.370s][info][gc,phases,start] GC(177) Adjust Roots
[17.370s][info][gc,phases      ] GC(177) Adjust Roots 0.157ms
[17.370s][info][gc,phases,start] GC(177) Compaction Phase
[17.596s][info][gc,phases      ] GC(177) Compaction Phase 226.315ms
[17.596s][info][gc,phases,start] GC(177) Post Compact
[17.602s][info][gc,phases      ] GC(177) Post Compact 5.121ms
[17.603s][info][gc,heap        ] GC(177) PSYoungGen: 80128K(215552K)->61921K(221184K) Eden: 0K(45056K)->0K(50688K) From: 80128K(170496K)->61921K(170496K)
[17.603s][info][gc,heap        ] GC(177) ParOldGen: 2537513K(2553344K)->2553066K(2839552K)
[17.603s][info][gc,metaspace   ] GC(177) Metaspace: 6298K(6464K)->6298K(6464K) NonClass: 5764K(5824K)->5764K(5824K) Class: 533K(640K)->533K(640K)
[17.603s][info][gc             ] GC(177) Pause Full (Ergonomics) 2556M->2553M(2989M) 820.127ms
[17.603s][info][gc,cpu         ] GC(177) User=5.98s Sys=0.06s Real=0.82s
[17.668s][info][gc,start       ] GC(178) Pause Young (Allocation Failure)
[17.832s][info][gc,heap        ] GC(178) PSYoungGen: 112609K(221184K)->50912K(228352K) Eden: 50688K(50688K)->0K(50688K) From: 61921K(170496K)->50912K(177664K)
[17.833s][info][gc,heap        ] GC(178) ParOldGen: 2553066K(2839552K)->2615602K(2839552K)
[17.833s][info][gc,metaspace   ] GC(178) Metaspace: 6298K(6464K)->6298K(6464K) NonClass: 5764K(5824K)->5764K(5824K) Class: 533K(640K)->533K(640K)
[17.833s][info][gc             ] GC(178) Pause Young (Allocation Failure) 2603M->2604M(2996M) 164.328ms
[17.833s][info][gc,cpu         ] GC(178) User=0.97s Sys=0.05s Real=0.16s
[17.895s][info][gc,start       ] GC(179) Pause Young (Allocation Failure)
[17.963s][info][gc,heap        ] GC(179) PSYoungGen: 101600K(228352K)->50912K(226816K) Eden: 50688K(50688K)->0K(55808K) From: 50912K(177664K)->50912K(171008K)
[17.963s][info][gc,heap        ] GC(179) ParOldGen: 2615602K(2839552K)->2666738K(2839552K)
[17.963s][info][gc,metaspace   ] GC(179) Metaspace: 6298K(6464K)->6298K(6464K) NonClass: 5764K(5824K)->5764K(5824K) Class: 533K(640K)->533K(640K)
[17.963s][info][gc             ] GC(179) Pause Young (Allocation Failure) 2653M->2653M(2994M) 67.650ms
[17.963s][info][gc,cpu         ] GC(179) User=0.31s Sys=0.05s Real=0.07s
[18.026s][info][gc,start       ] GC(180) Pause Young (Allocation Failure)
[18.092s][info][gc,heap        ] GC(180) PSYoungGen: 106720K(226816K)->56032K(229376K) Eden: 55808K(55808K)->0K(55808K) From: 50912K(171008K)->56032K(173568K)
[18.092s][info][gc,heap        ] GC(180) ParOldGen: 2666738K(2839552K)->2717882K(2839552K)
[18.092s][info][gc,metaspace   ] GC(180) Metaspace: 6298K(6464K)->6298K(6464K) NonClass: 5764K(5824K)->5764K(5824K) Class: 533K(640K)->533K(640K)
[18.092s][info][gc             ] GC(180) Pause Young (Allocation Failure) 2708M->2708M(2997M) 65.976ms
[18.092s][info][gc,cpu         ] GC(180) User=0.41s Sys=0.00s Real=0.07s
[18.156s][info][gc,start       ] GC(181) Pause Young (Allocation Failure)
[18.222s][info][gc,heap        ] GC(181) PSYoungGen: 111840K(229376K)->56000K(222720K) Eden: 55808K(55808K)->0K(61952K) From: 56032K(173568K)->56000K(160768K)
[18.223s][info][gc,heap        ] GC(181) ParOldGen: 2717882K(2839552K)->2774210K(2839552K)
[18.223s][info][gc,metaspace   ] GC(181) Metaspace: 6298K(6464K)->6298K(6464K) NonClass: 5764K(5824K)->5764K(5824K) Class: 533K(640K)->533K(640K)
[18.223s][info][gc             ] GC(181) Pause Young (Allocation Failure) 2763M->2763M(2990M) 66.799ms
[18.223s][info][gc,cpu         ] GC(181) User=0.36s Sys=0.03s Real=0.07s
[18.223s][info][gc,start       ] GC(182) Pause Full (Ergonomics)
[18.223s][info][gc,phases,start] GC(182) Marking Phase
[18.858s][info][gc,phases      ] GC(182) Marking Phase 635.012ms
[18.858s][info][gc,phases,start] GC(182) Summary Phase
[18.858s][info][gc,phases      ] GC(182) Summary Phase 0.061ms
[18.858s][info][gc,phases,start] GC(182) Adjust Roots
[18.858s][info][gc,phases      ] GC(182) Adjust Roots 0.202ms
[18.858s][info][gc,phases,start] GC(182) Compaction Phase
[19.119s][info][gc,phases      ] GC(182) Compaction Phase 260.911ms
[19.119s][info][gc,phases,start] GC(182) Post Compact
[19.125s][info][gc,phases      ] GC(182) Post Compact 6.377ms
[19.127s][info][gc,heap        ] GC(182) PSYoungGen: 56000K(222720K)->0K(226816K) Eden: 0K(61952K)->0K(61952K) From: 56000K(160768K)->0K(164864K)
[19.127s][info][gc,heap        ] GC(182) ParOldGen: 2774210K(2839552K)->2827843K(3136512K)
[19.127s][info][gc,metaspace   ] GC(182) Metaspace: 6298K(6464K)->6298K(6464K) NonClass: 5764K(5824K)->5764K(5824K) Class: 533K(640K)->533K(640K)
[19.127s][info][gc             ] GC(182) Pause Full (Ergonomics) 2763M->2761M(3284M) 903.951ms
[19.127s][info][gc,cpu         ] GC(182) User=6.44s Sys=0.02s Real=0.90s
[19.734s][info][gc,start       ] GC(183) Pause Young (Allocation Failure)
[19.845s][info][gc,heap        ] GC(183) PSYoungGen: 61952K(226816K)->62176K(219136K) Eden: 61952K(61952K)->0K(67584K) From: 0K(164864K)->62176K(151552K)
[19.845s][info][gc,heap        ] GC(183) ParOldGen: 2958915K(3136512K)->2958915K(3136512K)
[19.845s][info][gc,metaspace   ] GC(183) Metaspace: 6298K(6464K)->6298K(6464K) NonClass: 5764K(5824K)->5764K(5824K) Class: 533K(640K)->533K(640K)
[19.845s][info][gc             ] GC(183) Pause Young (Allocation Failure) 2950M->2950M(3277M) 111.115ms
[19.845s][info][gc,cpu         ] GC(183) User=0.55s Sys=0.00s Real=0.11s
[19.919s][info][gc,start       ] GC(184) Pause Young (Allocation Failure)
[19.991s][info][gc,heap        ] GC(184) PSYoungGen: 129760K(219136K)->129888K(226304K) Eden: 67584K(67584K)->0K(67584K) From: 62176K(151552K)->129888K(158720K)
[19.991s][info][gc,heap        ] GC(184) ParOldGen: 2958915K(3136512K)->2958915K(3136512K)
[19.991s][info][gc,metaspace   ] GC(184) Metaspace: 6298K(6464K)->6298K(6464K) NonClass: 5764K(5824K)->5764K(5824K) Class: 533K(640K)->533K(640K)
[19.991s][info][gc             ] GC(184) Pause Young (Allocation Failure) 3016M->3016M(3284M) 72.063ms
[19.991s][info][gc,cpu         ] GC(184) User=0.19s Sys=0.00s Real=0.07s
[20.058s][info][gc,start       ] GC(185) Pause Young (Allocation Failure)
[20.166s][info][gc,heap        ] GC(185) PSYoungGen: 197472K(226304K)->170496K(210432K) Eden: 67584K(67584K)->0K(39936K) From: 129888K(158720K)->170496K(170496K)
[20.166s][info][gc,heap        ] GC(185) ParOldGen: 2958915K(3136512K)->2986091K(3136512K)
[20.166s][info][gc,metaspace   ] GC(185) Metaspace: 6298K(6464K)->6298K(6464K) NonClass: 5764K(5824K)->5764K(5824K) Class: 533K(640K)->533K(640K)
[20.166s][info][gc             ] GC(185) Pause Young (Allocation Failure) 3082M->3082M(3268M) 108.251ms
[20.166s][info][gc,cpu         ] GC(185) User=0.50s Sys=0.03s Real=0.11s
[20.205s][info][gc,start       ] GC(186) Pause Young (Allocation Failure)
[20.305s][info][gc,heap        ] GC(186) PSYoungGen: 210432K(210432K)->92768K(133120K) Eden: 39936K(39936K)->0K(39936K) From: 170496K(170496K)->92768K(93184K)
[20.305s][info][gc,heap        ] GC(186) ParOldGen: 2986091K(3136512K)->3104795K(3136512K)
[20.305s][info][gc,metaspace   ] GC(186) Metaspace: 6298K(6464K)->6298K(6464K) NonClass: 5764K(5824K)->5764K(5824K) Class: 533K(640K)->533K(640K)
[20.305s][info][gc             ] GC(186) Pause Young (Allocation Failure) 3121M->3122M(3193M) 100.534ms
[20.305s][info][gc,cpu         ] GC(186) User=0.59s Sys=0.06s Real=0.10s
[20.305s][info][gc,start       ] GC(187) Pause Full (Ergonomics)
[20.305s][info][gc,phases,start] GC(187) Marking Phase
[21.000s][info][gc,phases      ] GC(187) Marking Phase 694.828ms
[21.000s][info][gc,phases,start] GC(187) Summary Phase
[21.000s][info][gc,phases      ] GC(187) Summary Phase 0.060ms
[21.000s][info][gc,phases,start] GC(187) Adjust Roots
[21.001s][info][gc,phases      ] GC(187) Adjust Roots 0.158ms
[21.001s][info][gc,phases,start] GC(187) Compaction Phase
[21.491s][info][gc,phases      ] GC(187) Compaction Phase 490.743ms
[21.491s][info][gc,phases,start] GC(187) Post Compact
[21.498s][info][gc,phases      ] GC(187) Post Compact 6.618ms
[21.499s][info][gc,heap        ] GC(187) PSYoungGen: 92768K(133120K)->0K(238080K) Eden: 0K(39936K)->0K(44544K) From: 92768K(93184K)->0K(193536K)
[21.499s][info][gc,heap        ] GC(187) ParOldGen: 3104795K(3136512K)->3130311K(3476480K)
[21.499s][info][gc,metaspace   ] GC(187) Metaspace: 6298K(6464K)->6298K(6464K) NonClass: 5764K(5824K)->5764K(5824K) Class: 533K(640K)->533K(640K)
[21.499s][info][gc             ] GC(187) Pause Full (Ergonomics) 3122M->3056M(3627M) 1193.934ms
[21.499s][info][gc,cpu         ] GC(187) User=8.61s Sys=0.05s Real=1.19s
[21.544s][info][gc,start       ] GC(188) Pause Young (Allocation Failure)
[21.591s][info][gc,heap        ] GC(188) PSYoungGen: 44544K(238080K)->44736K(238080K) Eden: 44544K(44544K)->0K(44544K) From: 0K(193536K)->44736K(193536K)
[21.591s][info][gc,heap        ] GC(188) ParOldGen: 3130311K(3476480K)->3130311K(3476480K)
[21.591s][info][gc,metaspace   ] GC(188) Metaspace: 6298K(6464K)->6298K(6464K) NonClass: 5764K(5824K)->5764K(5824K) Class: 533K(640K)->533K(640K)
[21.591s][info][gc             ] GC(188) Pause Young (Allocation Failure) 3100M->3100M(3627M) 46.657ms
[21.591s][info][gc,cpu         ] GC(188) User=0.12s Sys=0.00s Real=0.05s
[21.640s][info][gc,start       ] GC(189) Pause Young (Allocation Failure)
[21.699s][info][gc,heap        ] GC(189) PSYoungGen: 89280K(238080K)->89344K(221184K) Eden: 44544K(44544K)->0K(49152K) From: 44736K(193536K)->89344K(172032K)
[21.699s][info][gc,heap        ] GC(189) ParOldGen: 3130311K(3476480K)->3130311K(3476480K)
[21.699s][info][gc,metaspace   ] GC(189) Metaspace: 6298K(6464K)->6298K(6464K) NonClass: 5764K(5824K)->5764K(5824K) Class: 533K(640K)->533K(640K)
[21.699s][info][gc             ] GC(189) Pause Young (Allocation Failure) 3144M->3144M(3611M) 59.394ms
[21.699s][info][gc,cpu         ] GC(189) User=0.20s Sys=0.00s Real=0.06s
[21.751s][info][gc,start       ] GC(190) Pause Young (Allocation Failure)
[21.827s][info][gc,heap        ] GC(190) PSYoungGen: 138496K(221184K)->138560K(230912K) Eden: 49152K(49152K)->0K(49152K) From: 89344K(172032K)->138560K(181760K)
[21.827s][info][gc,heap        ] GC(190) ParOldGen: 3130311K(3476480K)->3130311K(3476480K)
[21.828s][info][gc,metaspace   ] GC(190) Metaspace: 6298K(6464K)->6298K(6464K) NonClass: 5764K(5824K)->5764K(5824K) Class: 533K(640K)->533K(640K)
[21.828s][info][gc             ] GC(190) Pause Young (Allocation Failure) 3192M->3192M(3620M) 76.484ms
[21.828s][info][gc,cpu         ] GC(190) User=0.30s Sys=0.00s Real=0.08s
[21.877s][info][gc,start       ] GC(191) Pause Young (Allocation Failure)
[21.964s][info][gc,heap        ] GC(191) PSYoungGen: 187712K(230912K)->187840K(220160K) Eden: 49152K(49152K)->0K(29184K) From: 138560K(181760K)->187840K(190976K)
[21.964s][info][gc,heap        ] GC(191) ParOldGen: 3130311K(3476480K)->3130311K(3476480K)
[21.964s][info][gc,metaspace   ] GC(191) Metaspace: 6298K(6464K)->6298K(6464K) NonClass: 5764K(5824K)->5764K(5824K) Class: 533K(640K)->533K(640K)
[21.964s][info][gc             ] GC(191) Pause Young (Allocation Failure) 3240M->3240M(3610M) 87.453ms
[21.964s][info][gc,cpu         ] GC(191) User=0.53s Sys=0.02s Real=0.09s
[21.996s][info][gc,start       ] GC(192) Pause Young (Allocation Failure)
[22.093s][info][gc,heap        ] GC(192) PSYoungGen: 217024K(220160K)->172416K(245248K) Eden: 29184K(29184K)->0K(29184K) From: 187840K(190976K)->172416K(216064K)
[22.093s][info][gc,heap        ] GC(192) ParOldGen: 3130311K(3476480K)->3175255K(3476480K)
[22.093s][info][gc,metaspace   ] GC(192) Metaspace: 6298K(6464K)->6298K(6464K) NonClass: 5764K(5824K)->5764K(5824K) Class: 533K(640K)->533K(640K)
[22.093s][info][gc             ] GC(192) Pause Young (Allocation Failure) 3268M->3269M(3634M) 97.264ms
[22.093s][info][gc,cpu         ] GC(192) User=0.58s Sys=0.08s Real=0.10s
[22.125s][info][gc,start       ] GC(193) Pause Young (Allocation Failure)
[22.217s][info][gc,heap        ] GC(193) PSYoungGen: 201600K(245248K)->157024K(258048K) Eden: 29184K(29184K)->0K(27648K) From: 172416K(216064K)->157024K(230400K)
[22.217s][info][gc,heap        ] GC(193) ParOldGen: 3175255K(3476480K)->3220215K(3476480K)
[22.217s][info][gc,metaspace   ] GC(193) Metaspace: 6298K(6464K)->6298K(6464K) NonClass: 5764K(5824K)->5764K(5824K) Class: 533K(640K)->533K(640K)
[22.217s][info][gc             ] GC(193) Pause Young (Allocation Failure) 3297M->3298M(3647M) 91.572ms
[22.217s][info][gc,cpu         ] GC(193) User=0.48s Sys=0.05s Real=0.09s
[22.248s][info][gc,start       ] GC(194) Pause Young (Allocation Failure)
[22.336s][info][gc,heap        ] GC(194) PSYoungGen: 184672K(258048K)->86240K(114176K) Eden: 27648K(27648K)->0K(27648K) From: 157024K(230400K)->86240K(86528K)
[22.336s][info][gc,heap        ] GC(194) ParOldGen: 3220215K(3476480K)->3319375K(3476480K)
[22.336s][info][gc,metaspace   ] GC(194) Metaspace: 6298K(6464K)->6298K(6464K) NonClass: 5764K(5824K)->5764K(5824K) Class: 533K(640K)->533K(640K)
[22.336s][info][gc             ] GC(194) Pause Young (Allocation Failure) 3325M->3325M(3506M) 87.806ms
[22.336s][info][gc,cpu         ] GC(194) User=0.58s Sys=0.05s Real=0.09s
[22.365s][info][gc,start       ] GC(195) Pause Young (Allocation Failure)
[22.434s][info][gc,heap        ] GC(195) PSYoungGen: 113888K(114176K)->55488K(256000K) Eden: 27648K(27648K)->0K(31744K) From: 86240K(86528K)->55488K(224256K)
[22.434s][info][gc,heap        ] GC(195) ParOldGen: 3319375K(3476480K)->3378247K(3476480K)
[22.434s][info][gc,metaspace   ] GC(195) Metaspace: 6298K(6464K)->6298K(6464K) NonClass: 5764K(5824K)->5764K(5824K) Class: 533K(640K)->533K(640K)
[22.434s][info][gc             ] GC(195) Pause Young (Allocation Failure) 3352M->3353M(3645M) 69.129ms
[22.434s][info][gc,cpu         ] GC(195) User=0.19s Sys=0.05s Real=0.07s
[22.434s][info][gc,start       ] GC(196) Pause Full (Ergonomics)
[22.434s][info][gc,phases,start] GC(196) Marking Phase
[23.240s][info][gc,phases      ] GC(196) Marking Phase 806.165ms
[23.240s][info][gc,phases,start] GC(196) Summary Phase
[23.240s][info][gc,phases      ] GC(196) Summary Phase 0.084ms
[23.240s][info][gc,phases,start] GC(196) Adjust Roots
[23.241s][info][gc,phases      ] GC(196) Adjust Roots 0.163ms
[23.241s][info][gc,phases,start] GC(196) Compaction Phase
[23.582s][info][gc,phases      ] GC(196) Compaction Phase 341.010ms
[23.582s][info][gc,phases,start] GC(196) Post Compact
[23.588s][info][gc,phases      ] GC(196) Post Compact 6.631ms
[23.589s][info][gc,heap        ] GC(196) PSYoungGen: 55488K(256000K)->0K(258048K) Eden: 0K(31744K)->0K(31744K) From: 55488K(224256K)->0K(226304K)
[23.590s][info][gc,heap        ] GC(196) ParOldGen: 3378247K(3476480K)->3431111K(3806720K)
[23.590s][info][gc,metaspace   ] GC(196) Metaspace: 6298K(6464K)->6298K(6464K) NonClass: 5764K(5824K)->5764K(5824K) Class: 533K(640K)->533K(640K)
[23.590s][info][gc             ] GC(196) Pause Full (Ergonomics) 3353M->3350M(3969M) 1155.583ms
[23.590s][info][gc,cpu         ] GC(196) User=8.00s Sys=0.08s Real=1.15s
[23.628s][info][gc,start       ] GC(197) Pause Young (Allocation Failure)
[23.669s][info][gc,heap        ] GC(197) PSYoungGen: 31744K(258048K)->31904K(261632K) Eden: 31744K(31744K)->0K(35328K) From: 0K(226304K)->31904K(226304K)
[23.669s][info][gc,heap        ] GC(197) ParOldGen: 3431111K(3806720K)->3431111K(3806720K)
[23.669s][info][gc,metaspace   ] GC(197) Metaspace: 6298K(6464K)->6298K(6464K) NonClass: 5764K(5824K)->5764K(5824K) Class: 533K(640K)->533K(640K)
[23.669s][info][gc             ] GC(197) Pause Young (Allocation Failure) 3381M->3381M(3973M) 41.062ms
[23.669s][info][gc,cpu         ] GC(197) User=0.06s Sys=0.00s Real=0.04s
[23.702s][info][gc,start       ] GC(198) Pause Young (Allocation Failure)
[23.756s][info][gc,heap        ] GC(198) PSYoungGen: 67232K(261632K)->35488K(262656K) Eden: 35328K(35328K)->0K(35328K) From: 31904K(226304K)->35488K(227328K)
[23.756s][info][gc,heap        ] GC(198) ParOldGen: 3431111K(3806720K)->3463127K(3806720K)
[23.756s][info][gc,metaspace   ] GC(198) Metaspace: 6298K(6464K)->6298K(6464K) NonClass: 5764K(5824K)->5764K(5824K) Class: 533K(640K)->533K(640K)
[23.756s][info][gc             ] GC(198) Pause Young (Allocation Failure) 3416M->3416M(3974M) 53.577ms
[23.756s][info][gc,cpu         ] GC(198) User=0.16s Sys=0.00s Real=0.05s
[23.790s][info][gc,start       ] GC(199) Pause Young (Allocation Failure)
[23.841s][info][gc,heap        ] GC(199) PSYoungGen: 70816K(262656K)->35488K(257536K) Eden: 35328K(35328K)->0K(39424K) From: 35488K(227328K)->35488K(218112K)
[23.841s][info][gc,heap        ] GC(199) ParOldGen: 3463127K(3806720K)->3498767K(3806720K)
[23.841s][info][gc,metaspace   ] GC(199) Metaspace: 6298K(6464K)->6298K(6464K) NonClass: 5764K(5824K)->5764K(5824K) Class: 533K(640K)->533K(640K)
[23.841s][info][gc             ] GC(199) Pause Young (Allocation Failure) 3451M->3451M(3969M) 51.700ms
[23.841s][info][gc,cpu         ] GC(199) User=0.17s Sys=0.02s Real=0.05s
[23.883s][info][gc,start       ] GC(200) Pause Young (Allocation Failure)
[23.937s][info][gc,heap        ] GC(200) PSYoungGen: 74912K(257536K)->39616K(79360K) Eden: 39424K(39424K)->0K(39424K) From: 35488K(218112K)->39616K(39936K)
[23.937s][info][gc,heap        ] GC(200) ParOldGen: 3498767K(3806720K)->3534407K(3806720K)
[23.937s][info][gc,metaspace   ] GC(200) Metaspace: 6298K(6464K)->6298K(6464K) NonClass: 5764K(5824K)->5764K(5824K) Class: 533K(640K)->533K(640K)
[23.937s][info][gc             ] GC(200) Pause Young (Allocation Failure) 3489M->3490M(3795M) 53.963ms
[23.937s][info][gc,cpu         ] GC(200) User=0.16s Sys=0.02s Real=0.05s
[23.978s][info][gc,start       ] GC(201) Pause Young (Allocation Failure)
[24.035s][info][gc,heap        ] GC(201) PSYoungGen: 79040K(79360K)->39584K(247808K) Eden: 39424K(39424K)->0K(44032K) From: 39616K(39936K)->39584K(203776K)
[24.035s][info][gc,heap        ] GC(201) ParOldGen: 3534407K(3806720K)->3574175K(3806720K)
[24.035s][info][gc,metaspace   ] GC(201) Metaspace: 6298K(6464K)->6298K(6464K) NonClass: 5764K(5824K)->5764K(5824K) Class: 533K(640K)->533K(640K)
[24.035s][info][gc             ] GC(201) Pause Young (Allocation Failure) 3528M->3529M(3959M) 57.527ms
[24.035s][info][gc,cpu         ] GC(201) User=0.27s Sys=0.03s Real=0.06s
[24.083s][info][gc,start       ] GC(202) Pause Young (Allocation Failure)
[24.145s][info][gc,heap        ] GC(202) PSYoungGen: 83616K(247808K)->44256K(88576K) Eden: 44032K(44032K)->0K(44032K) From: 39584K(203776K)->44256K(44544K)
[24.145s][info][gc,heap        ] GC(202) ParOldGen: 3574175K(3806720K)->3613959K(3806720K)
[24.145s][info][gc,metaspace   ] GC(202) Metaspace: 6298K(6464K)->6298K(6464K) NonClass: 5764K(5824K)->5764K(5824K) Class: 533K(640K)->533K(640K)
[24.145s][info][gc             ] GC(202) Pause Young (Allocation Failure) 3572M->3572M(3804M) 61.933ms
[24.145s][info][gc,cpu         ] GC(202) User=0.20s Sys=0.00s Real=0.06s
[24.189s][info][gc,start       ] GC(203) Pause Young (Allocation Failure)
[24.254s][info][gc,heap        ] GC(203) PSYoungGen: 88288K(88576K)->44224K(237056K) Eden: 44032K(44032K)->0K(49664K) From: 44256K(44544K)->44224K(187392K)
[24.254s][info][gc,heap        ] GC(203) ParOldGen: 3613959K(3806720K)->3658383K(3806720K)
[24.254s][info][gc,metaspace   ] GC(203) Metaspace: 6298K(6464K)->6298K(6464K) NonClass: 5764K(5824K)->5764K(5824K) Class: 533K(640K)->533K(640K)
[24.254s][info][gc             ] GC(203) Pause Young (Allocation Failure) 3615M->3615M(3949M) 64.873ms
[24.254s][info][gc,cpu         ] GC(203) User=0.09s Sys=0.06s Real=0.07s
[24.302s][info][gc,start       ] GC(204) Pause Young (Allocation Failure)
[24.363s][info][gc,heap        ] GC(204) PSYoungGen: 93888K(237056K)->49888K(99840K) Eden: 49664K(49664K)->0K(49664K) From: 44224K(187392K)->49888K(50176K)
[24.363s][info][gc,heap        ] GC(204) ParOldGen: 3658383K(3806720K)->3702815K(3806720K)
[24.363s][info][gc,metaspace   ] GC(204) Metaspace: 6298K(6464K)->6298K(6464K) NonClass: 5764K(5824K)->5764K(5824K) Class: 533K(640K)->533K(640K)
[24.363s][info][gc             ] GC(204) Pause Young (Allocation Failure) 3664M->3664M(3815M) 60.834ms
[24.363s][info][gc,cpu         ] GC(204) User=0.28s Sys=0.02s Real=0.06s
[24.410s][info][gc,start       ] GC(205) Pause Young (Allocation Failure)
[24.483s][info][gc,heap        ] GC(205) PSYoungGen: 99552K(99840K)->49888K(224768K) Eden: 49664K(49664K)->0K(55808K) From: 49888K(50176K)->49888K(168960K)
[24.483s][info][gc,heap        ] GC(205) ParOldGen: 3702815K(3806720K)->3752911K(3806720K)
[24.483s][info][gc,metaspace   ] GC(205) Metaspace: 6298K(6464K)->6298K(6464K) NonClass: 5764K(5824K)->5764K(5824K) Class: 533K(640K)->533K(640K)
[24.483s][info][gc             ] GC(205) Pause Young (Allocation Failure) 3713M->3713M(3937M) 73.179ms
[24.484s][info][gc,cpu         ] GC(205) User=0.23s Sys=0.05s Real=0.07s
[24.484s][info][gc,start       ] GC(206) Pause Full (Ergonomics)
[24.484s][info][gc,phases,start] GC(206) Marking Phase
[25.431s][info][gc,phases      ] GC(206) Marking Phase 947.828ms
[25.432s][info][gc,phases,start] GC(206) Summary Phase
[25.432s][info][gc,phases      ] GC(206) Summary Phase 0.115ms
[25.432s][info][gc,phases,start] GC(206) Adjust Roots
[25.432s][info][gc,phases      ] GC(206) Adjust Roots 0.239ms
[25.432s][info][gc,phases,start] GC(206) Compaction Phase
[25.824s][info][gc,phases      ] GC(206) Compaction Phase 391.984ms
[25.824s][info][gc,phases,start] GC(206) Post Compact
[25.831s][info][gc,phases      ] GC(206) Post Compact 7.450ms
[25.833s][info][gc,heap        ] GC(206) PSYoungGen: 49888K(224768K)->0K(233472K) Eden: 0K(55808K)->0K(55808K) From: 49888K(168960K)->0K(177664K)
[25.833s][info][gc,heap        ] GC(206) ParOldGen: 3752911K(3806720K)->3799465K(4170752K)
[25.833s][info][gc,metaspace   ] GC(206) Metaspace: 6298K(6464K)->6298K(6464K) NonClass: 5764K(5824K)->5764K(5824K) Class: 533K(640K)->533K(640K)
[25.833s][info][gc             ] GC(206) Pause Full (Ergonomics) 3713M->3710M(4301M) 1349.300ms
[25.833s][info][gc,cpu         ] GC(206) User=8.47s Sys=0.06s Real=1.35s
[25.892s][info][gc,start       ] GC(207) Pause Young (Allocation Failure)
[25.943s][info][gc,heap        ] GC(207) PSYoungGen: 55808K(233472K)->55968K(219648K) Eden: 55808K(55808K)->0K(60928K) From: 0K(177664K)->55968K(158720K)
[25.943s][info][gc,heap        ] GC(207) ParOldGen: 3799465K(4170752K)->3799465K(4170752K)
[25.943s][info][gc,metaspace   ] GC(207) Metaspace: 6298K(6464K)->6298K(6464K) NonClass: 5764K(5824K)->5764K(5824K) Class: 533K(640K)->533K(640K)
[25.943s][info][gc             ] GC(207) Pause Young (Allocation Failure) 3764M->3765M(4287M) 50.815ms
[25.943s][info][gc,cpu         ] GC(207) User=0.14s Sys=0.00s Real=0.05s
[26.009s][info][gc,start       ] GC(208) Pause Young (Allocation Failure)
[26.079s][info][gc,heap        ] GC(208) PSYoungGen: 116896K(219648K)->117056K(229888K) Eden: 60928K(60928K)->0K(60928K) From: 55968K(158720K)->117056K(168960K)
[26.079s][info][gc,heap        ] GC(208) ParOldGen: 3799465K(4170752K)->3799465K(4170752K)
[26.079s][info][gc,metaspace   ] GC(208) Metaspace: 6298K(6464K)->6298K(6464K) NonClass: 5764K(5824K)->5764K(5824K) Class: 533K(640K)->533K(640K)
[26.079s][info][gc             ] GC(208) Pause Young (Allocation Failure) 3824M->3824M(4297M) 69.901ms
[26.079s][info][gc,cpu         ] GC(208) User=0.28s Sys=0.00s Real=0.07s
[26.139s][info][gc,start       ] GC(209) Pause Young (Allocation Failure)
[26.225s][info][gc,heap        ] GC(209) PSYoungGen: 177984K(229888K)->177152K(214528K) Eden: 60928K(60928K)->0K(37376K) From: 117056K(168960K)->177152K(177152K)
[26.225s][info][gc,heap        ] GC(209) ParOldGen: 3799465K(4170752K)->3800369K(4170752K)
[26.225s][info][gc,metaspace   ] GC(209) Metaspace: 6298K(6464K)->6298K(6464K) NonClass: 5764K(5824K)->5764K(5824K) Class: 533K(640K)->533K(640K)
[26.225s][info][gc             ] GC(209) Pause Young (Allocation Failure) 3884M->3884M(4282M) 85.922ms
[26.225s][info][gc,cpu         ] GC(209) User=0.61s Sys=0.02s Real=0.09s
[26.262s][info][gc,start       ] GC(210) Pause Young (Allocation Failure)
[26.371s][info][gc,heap        ] GC(210) PSYoungGen: 214528K(214528K)->98368K(136192K) Eden: 37376K(37376K)->0K(37376K) From: 177152K(177152K)->98368K(98816K)
[26.371s][info][gc,heap        ] GC(210) ParOldGen: 3800369K(4170752K)->3917457K(4170752K)
[26.371s][info][gc,metaspace   ] GC(210) Metaspace: 6298K(6464K)->6298K(6464K) NonClass: 5764K(5824K)->5764K(5824K) Class: 533K(640K)->533K(640K)
[26.371s][info][gc             ] GC(210) Pause Young (Allocation Failure) 3920M->3921M(4206M) 108.559ms
[26.371s][info][gc,cpu         ] GC(210) User=0.73s Sys=0.03s Real=0.11s
[26.411s][info][gc,start       ] GC(211) Pause Young (Allocation Failure)
[26.482s][info][gc,heap        ] GC(211) PSYoungGen: 135744K(136192K)->74944K(221696K) Eden: 37376K(37376K)->0K(41984K) From: 98368K(98816K)->74944K(179712K)
[26.482s][info][gc,heap        ] GC(211) ParOldGen: 3917457K(4170752K)->3978761K(4170752K)
[26.482s][info][gc,metaspace   ] GC(211) Metaspace: 6298K(6464K)->6298K(6464K) NonClass: 5764K(5824K)->5764K(5824K) Class: 533K(640K)->533K(640K)
[26.482s][info][gc             ] GC(211) Pause Young (Allocation Failure) 3958M->3958M(4289M) 70.584ms
[26.482s][info][gc,cpu         ] GC(211) User=0.39s Sys=0.02s Real=0.07s
[26.528s][info][gc,start       ] GC(212) Pause Young (Allocation Failure)
[26.600s][info][gc,heap        ] GC(212) PSYoungGen: 116928K(221696K)->79616K(121856K) Eden: 41984K(41984K)->0K(41984K) From: 74944K(179712K)->79616K(79872K)
[26.600s][info][gc,heap        ] GC(212) ParOldGen: 3978761K(4170752K)->4016481K(4170752K)
[26.600s][info][gc,metaspace   ] GC(212) Metaspace: 6298K(6464K)->6298K(6464K) NonClass: 5764K(5824K)->5764K(5824K) Class: 533K(640K)->533K(640K)
[26.600s][info][gc             ] GC(212) Pause Young (Allocation Failure) 3999M->4000M(4192M) 72.025ms
[26.600s][info][gc,cpu         ] GC(212) User=0.25s Sys=0.00s Real=0.07s
[26.648s][info][gc,start       ] GC(213) Pause Young (Allocation Failure)
[26.724s][info][gc,heap        ] GC(213) PSYoungGen: 121600K(121856K)->84160K(208384K) Eden: 41984K(41984K)->0K(47104K) From: 79616K(79872K)->84160K(161280K)
[26.724s][info][gc,heap        ] GC(213) ParOldGen: 4016481K(4170752K)->4054201K(4170752K)
[26.724s][info][gc,metaspace   ] GC(213) Metaspace: 6298K(6464K)->6298K(6464K) NonClass: 5764K(5824K)->5764K(5824K) Class: 533K(640K)->533K(640K)
[26.724s][info][gc             ] GC(213) Pause Young (Allocation Failure) 4041M->4041M(4276M) 75.938ms
[26.724s][info][gc,cpu         ] GC(213) User=0.27s Sys=0.00s Real=0.08s
[26.769s][info][gc,start       ] GC(214) Pause Young (Allocation Failure)
[26.846s][info][gc,heap        ] GC(214) PSYoungGen: 131264K(208384K)->89344K(217600K) Eden: 47104K(47104K)->0K(47104K) From: 84160K(161280K)->89344K(170496K)
[26.846s][info][gc,heap        ] GC(214) ParOldGen: 4054201K(4170752K)->4096569K(4170752K)
[26.846s][info][gc,metaspace   ] GC(214) Metaspace: 6298K(6464K)->6298K(6464K) NonClass: 5764K(5824K)->5764K(5824K) Class: 533K(640K)->533K(640K)
[26.846s][info][gc             ] GC(214) Pause Young (Allocation Failure) 4087M->4087M(4285M) 77.157ms
[26.846s][info][gc,cpu         ] GC(214) User=0.38s Sys=0.02s Real=0.08s
[26.846s][info][gc,start       ] GC(215) Pause Full (Ergonomics)
[26.846s][info][gc,phases,start] GC(215) Marking Phase
[27.819s][info][gc,phases      ] GC(215) Marking Phase 972.484ms
[27.819s][info][gc,phases,start] GC(215) Summary Phase
[27.819s][info][gc,phases      ] GC(215) Summary Phase 0.056ms
[27.819s][info][gc,phases,start] GC(215) Adjust Roots
[27.819s][info][gc,phases      ] GC(215) Adjust Roots 0.160ms
[27.819s][info][gc,phases,start] GC(215) Compaction Phase
[28.694s][info][gc,phases      ] GC(215) Compaction Phase 874.554ms
[28.694s][info][gc,phases,start] GC(215) Post Compact
[28.701s][info][gc,phases      ] GC(215) Post Compact 6.815ms
[28.702s][info][gc,heap        ] GC(215) PSYoungGen: 89344K(217600K)->12385K(217600K) Eden: 0K(47104K)->0K(47104K) From: 89344K(170496K)->12385K(170496K)
[28.702s][info][gc,heap        ] GC(215) ParOldGen: 4096569K(4170752K)->4170312K(4584960K)
[28.702s][info][gc,metaspace   ] GC(215) Metaspace: 6298K(6464K)->6298K(6464K) NonClass: 5764K(5824K)->5764K(5824K) Class: 533K(640K)->533K(640K)
[28.702s][info][gc             ] GC(215) Pause Full (Ergonomics) 4087M->4084M(4690M) 1855.703ms
[28.702s][info][gc,cpu         ] GC(215) User=13.05s Sys=0.03s Real=1.86s
[28.748s][info][gc,start       ] GC(216) Pause Young (Allocation Failure)
[28.968s][info][gc,heap        ] GC(216) PSYoungGen: 59489K(217600K)->52800K(208384K) Eden: 47104K(47104K)->0K(51712K) From: 12385K(170496K)->52800K(156672K)
[28.968s][info][gc,heap        ] GC(216) ParOldGen: 4170312K(4584960K)->4177320K(4584960K)
[28.968s][info][gc,metaspace   ] GC(216) Metaspace: 6298K(6464K)->6298K(6464K) NonClass: 5764K(5824K)->5764K(5824K) Class: 533K(640K)->533K(640K)
[28.968s][info][gc             ] GC(216) Pause Young (Allocation Failure) 4130M->4130M(4681M) 219.561ms
[28.968s][info][gc,cpu         ] GC(216) User=1.33s Sys=0.02s Real=0.22s
[29.023s][info][gc,start       ] GC(217) Pause Young (Allocation Failure)
[29.097s][info][gc,heap        ] GC(217) PSYoungGen: 104512K(208384K)->104576K(212992K) Eden: 51712K(51712K)->0K(51712K) From: 52800K(156672K)->104576K(161280K)
[29.097s][info][gc,heap        ] GC(217) ParOldGen: 4177320K(4584960K)->4177320K(4584960K)
[29.097s][info][gc,metaspace   ] GC(217) Metaspace: 6298K(6464K)->6298K(6464K) NonClass: 5764K(5824K)->5764K(5824K) Class: 533K(640K)->533K(640K)
[29.097s][info][gc             ] GC(217) Pause Young (Allocation Failure) 4181M->4181M(4685M) 74.206ms
[29.097s][info][gc,cpu         ] GC(217) User=0.25s Sys=0.00s Real=0.07s
[29.159s][info][gc,start       ] GC(218) Pause Young (Allocation Failure)
[29.244s][info][gc,heap        ] GC(218) PSYoungGen: 156288K(212992K)->156384K(200192K) Eden: 51712K(51712K)->0K(37888K) From: 104576K(161280K)->156384K(162304K)
[29.244s][info][gc,heap        ] GC(218) ParOldGen: 4177320K(4584960K)->4177320K(4584960K)
[29.244s][info][gc,metaspace   ] GC(218) Metaspace: 6298K(6464K)->6298K(6464K) NonClass: 5764K(5824K)->5764K(5824K) Class: 533K(640K)->533K(640K)
[29.244s][info][gc             ] GC(218) Pause Young (Allocation Failure) 4232M->4232M(4673M) 84.899ms
[29.244s][info][gc,cpu         ] GC(218) User=0.45s Sys=0.00s Real=0.09s
[29.286s][info][gc,start       ] GC(219) Pause Young (Allocation Failure)
[29.382s][info][gc,heap        ] GC(219) PSYoungGen: 194272K(200192K)->181760K(219648K) Eden: 37888K(37888K)->0K(37888K) From: 156384K(162304K)->181760K(181760K)
[29.382s][info][gc,heap        ] GC(219) ParOldGen: 4177320K(4584960K)->4189880K(4584960K)
[29.382s][info][gc,metaspace   ] GC(219) Metaspace: 6298K(6464K)->6298K(6464K) NonClass: 5764K(5824K)->5764K(5824K) Class: 533K(640K)->533K(640K)
[29.382s][info][gc             ] GC(219) Pause Young (Allocation Failure) 4269M->4269M(4692M) 95.274ms
[29.382s][info][gc,cpu         ] GC(219) User=0.62s Sys=0.00s Real=0.10s
[29.421s][info][gc,start       ] GC(220) Pause Young (Allocation Failure)
[29.547s][info][gc,heap        ] GC(220) PSYoungGen: 219648K(219648K)->172704K(237568K) Eden: 37888K(37888K)->0K(26624K) From: 181760K(181760K)->172704K(210944K)
[29.547s][info][gc,heap        ] GC(220) ParOldGen: 4189880K(4584960K)->4237272K(4584960K)
[29.547s][info][gc,metaspace   ] GC(220) Metaspace: 6298K(6464K)->6298K(6464K) NonClass: 5764K(5824K)->5764K(5824K) Class: 533K(640K)->533K(640K)
[29.547s][info][gc             ] GC(220) Pause Young (Allocation Failure) 4306M->4306M(4709M) 126.421ms
[29.547s][info][gc,cpu         ] GC(220) User=0.70s Sys=0.02s Real=0.13s
[29.576s][info][gc,start       ] GC(221) Pause Young (Allocation Failure)
[29.712s][info][gc,heap        ] GC(221) PSYoungGen: 199328K(237568K)->148512K(253440K) Eden: 26624K(26624K)->0K(26624K) From: 172704K(210944K)->148512K(226816K)
[29.712s][info][gc,heap        ] GC(221) ParOldGen: 4237272K(4584960K)->4288512K(4584960K)
[29.712s][info][gc,metaspace   ] GC(221) Metaspace: 6298K(6464K)->6298K(6464K) NonClass: 5764K(5824K)->5764K(5824K) Class: 533K(640K)->533K(640K)
[29.712s][info][gc             ] GC(221) Pause Young (Allocation Failure) 4332M->4333M(4725M) 136.722ms
[29.712s][info][gc,cpu         ] GC(221) User=0.59s Sys=0.02s Real=0.14s
[29.740s][info][gc,start       ] GC(222) Pause Young (Allocation Failure)
[29.840s][info][gc,heap        ] GC(222) PSYoungGen: 175136K(253440K)->91360K(244224K) Eden: 26624K(26624K)->0K(30720K) From: 148512K(226816K)->91360K(213504K)
[29.840s][info][gc,heap        ] GC(222) ParOldGen: 4288512K(4584960K)->4372992K(4584960K)
[29.840s][info][gc,metaspace   ] GC(222) Metaspace: 6298K(6464K)->6298K(6464K) NonClass: 5764K(5824K)->5764K(5824K) Class: 533K(640K)->533K(640K)
[29.840s][info][gc             ] GC(222) Pause Young (Allocation Failure) 4359M->4359M(4716M) 100.290ms
[29.840s][info][gc,cpu         ] GC(222) User=0.55s Sys=0.06s Real=0.10s
[29.869s][info][gc,start       ] GC(223) Pause Young (Allocation Failure)
[29.943s][info][gc,heap        ] GC(223) PSYoungGen: 122080K(244224K)->57472K(252416K) Eden: 30720K(30720K)->0K(30720K) From: 91360K(213504K)->57472K(221696K)
[29.943s][info][gc,heap        ] GC(223) ParOldGen: 4372992K(4584960K)->4438072K(4584960K)
[29.943s][info][gc,metaspace   ] GC(223) Metaspace: 6298K(6464K)->6298K(6464K) NonClass: 5764K(5824K)->5764K(5824K) Class: 533K(640K)->533K(640K)
[29.943s][info][gc             ] GC(223) Pause Young (Allocation Failure) 4389M->4390M(4724M) 74.085ms
[29.943s][info][gc,cpu         ] GC(223) User=0.39s Sys=0.03s Real=0.07s
[29.979s][info][gc,start       ] GC(224) Pause Young (Allocation Failure)
[30.044s][info][gc,heap        ] GC(224) PSYoungGen: 88192K(252416K)->30912K(253952K) Eden: 30720K(30720K)->0K(34304K) From: 57472K(221696K)->30912K(219648K)
[30.044s][info][gc,heap        ] GC(224) ParOldGen: 4438072K(4584960K)->4495912K(4584960K)
[30.044s][info][gc,metaspace   ] GC(224) Metaspace: 6298K(6464K)->6298K(6464K) NonClass: 5764K(5824K)->5764K(5824K) Class: 533K(640K)->533K(640K)
[30.044s][info][gc             ] GC(224) Pause Young (Allocation Failure) 4420M->4420M(4725M) 64.818ms
[30.044s][info][gc,cpu         ] GC(224) User=0.23s Sys=0.03s Real=0.07s
[30.044s][info][gc,start       ] GC(225) Pause Full (Ergonomics)
[30.044s][info][gc,phases,start] GC(225) Marking Phase
[31.078s][info][gc,phases      ] GC(225) Marking Phase 1034.577ms
[31.079s][info][gc,phases,start] GC(225) Summary Phase
[31.079s][info][gc,phases      ] GC(225) Summary Phase 0.080ms
[31.079s][info][gc,phases,start] GC(225) Adjust Roots
[31.079s][info][gc,phases      ] GC(225) Adjust Roots 0.157ms
[31.079s][info][gc,phases,start] GC(225) Compaction Phase
[31.466s][info][gc,phases      ] GC(225) Compaction Phase 387.636ms
[31.467s][info][gc,phases,start] GC(225) Post Compact
[31.473s][info][gc,phases      ] GC(225) Post Compact 6.724ms
[31.475s][info][gc,heap        ] GC(225) PSYoungGen: 30912K(253952K)->0K(254976K) Eden: 0K(34304K)->0K(34304K) From: 30912K(219648K)->0K(220672K)
[31.475s][info][gc,heap        ] GC(225) ParOldGen: 4495912K(4584960K)->4523404K(4989952K)
[31.475s][info][gc,metaspace   ] GC(225) Metaspace: 6298K(6464K)->6298K(6464K) NonClass: 5764K(5824K)->5764K(5824K) Class: 533K(640K)->533K(640K)
[31.475s][info][gc             ] GC(225) Pause Full (Ergonomics) 4420M->4417M(5122M) 1430.776ms
[31.475s][info][gc,cpu         ] GC(225) User=10.38s Sys=0.00s Real=1.43s
[31.520s][info][gc,start       ] GC(226) Pause Young (Allocation Failure)
[31.560s][info][gc,heap        ] GC(226) PSYoungGen: 34304K(254976K)->34464K(253952K) Eden: 34304K(34304K)->0K(38400K) From: 0K(220672K)->34464K(215552K)
[31.560s][info][gc,heap        ] GC(226) ParOldGen: 4523404K(4989952K)->4523404K(4989952K)
[31.560s][info][gc,metaspace   ] GC(226) Metaspace: 6298K(6464K)->6298K(6464K) NonClass: 5764K(5824K)->5764K(5824K) Class: 533K(640K)->533K(640K)
[31.561s][info][gc             ] GC(226) Pause Young (Allocation Failure) 4450M->4451M(5121M) 40.749ms
[31.561s][info][gc,cpu         ] GC(226) User=0.09s Sys=0.00s Real=0.04s
[31.607s][info][gc,start       ] GC(227) Pause Young (Allocation Failure)
[31.661s][info][gc,heap        ] GC(227) PSYoungGen: 72864K(253952K)->38592K(257024K) Eden: 38400K(38400K)->0K(38400K) From: 34464K(215552K)->38592K(218624K)
[31.661s][info][gc,heap        ] GC(227) ParOldGen: 4523404K(4989952K)->4558012K(4989952K)
[31.661s][info][gc,metaspace   ] GC(227) Metaspace: 6298K(6464K)->6298K(6464K) NonClass: 5764K(5824K)->5764K(5824K) Class: 533K(640K)->533K(640K)
[31.661s][info][gc             ] GC(227) Pause Young (Allocation Failure) 4488M->4488M(5124M) 54.727ms
[31.661s][info][gc,cpu         ] GC(227) User=0.16s Sys=0.00s Real=0.05s
[31.702s][info][gc,start       ] GC(228) Pause Young (Allocation Failure)
[31.763s][info][gc,heap        ] GC(228) PSYoungGen: 76992K(257024K)->38560K(248320K) Eden: 38400K(38400K)->0K(43008K) From: 38592K(218624K)->38560K(205312K)
[31.763s][info][gc,heap        ] GC(228) ParOldGen: 4558012K(4989952K)->4596748K(4989952K)
[31.763s][info][gc,metaspace   ] GC(228) Metaspace: 6298K(6464K)->6298K(6464K) NonClass: 5764K(5824K)->5764K(5824K) Class: 533K(640K)->533K(640K)
[31.763s][info][gc             ] GC(228) Pause Young (Allocation Failure) 4526M->4526M(5115M) 60.653ms
[31.763s][info][gc,cpu         ] GC(228) User=0.17s Sys=0.00s Real=0.06s
[31.810s][info][gc,start       ] GC(229) Pause Young (Allocation Failure)
[31.872s][info][gc,heap        ] GC(229) PSYoungGen: 81568K(248320K)->43200K(86528K) Eden: 43008K(43008K)->0K(43008K) From: 38560K(205312K)->43200K(43520K)
[31.872s][info][gc,heap        ] GC(229) ParOldGen: 4596748K(4989952K)->4635492K(4989952K)
[31.872s][info][gc,metaspace   ] GC(229) Metaspace: 6298K(6464K)->6298K(6464K) NonClass: 5764K(5824K)->5764K(5824K) Class: 533K(640K)->533K(640K)
[31.872s][info][gc             ] GC(229) Pause Young (Allocation Failure) 4568M->4569M(4957M) 61.971ms
[31.872s][info][gc,cpu         ] GC(229) User=0.23s Sys=0.05s Real=0.06s
[31.915s][info][gc,start       ] GC(230) Pause Young (Allocation Failure)
[31.976s][info][gc,heap        ] GC(230) PSYoungGen: 86208K(86528K)->43168K(237568K) Eden: 43008K(43008K)->0K(48128K) From: 43200K(43520K)->43168K(189440K)
[31.976s][info][gc,heap        ] GC(230) ParOldGen: 4635492K(4989952K)->4678884K(4989952K)
[31.976s][info][gc,metaspace   ] GC(230) Metaspace: 6298K(6464K)->6298K(6464K) NonClass: 5764K(5824K)->5764K(5824K) Class: 533K(640K)->533K(640K)
[31.977s][info][gc             ] GC(230) Pause Young (Allocation Failure) 4611M->4611M(5105M) 61.093ms
[31.977s][info][gc,cpu         ] GC(230) User=0.39s Sys=0.00s Real=0.06s
[32.032s][info][gc,start       ] GC(231) Pause Young (Allocation Failure)
[32.091s][info][gc,heap        ] GC(231) PSYoungGen: 91296K(237568K)->48320K(96768K) Eden: 48128K(48128K)->0K(48128K) From: 43168K(189440K)->48320K(48640K)
[32.091s][info][gc,heap        ] GC(231) ParOldGen: 4678884K(4989952K)->4722284K(4989952K)
[32.091s][info][gc,metaspace   ] GC(231) Metaspace: 6298K(6464K)->6298K(6464K) NonClass: 5764K(5824K)->5764K(5824K) Class: 533K(640K)->533K(640K)
[32.091s][info][gc             ] GC(231) Pause Young (Allocation Failure) 4658M->4658M(4967M) 59.491ms
[32.091s][info][gc,cpu         ] GC(231) User=0.17s Sys=0.02s Real=0.06s
[32.146s][info][gc,start       ] GC(232) Pause Young (Allocation Failure)
[32.211s][info][gc,heap        ] GC(232) PSYoungGen: 96448K(96768K)->48320K(226304K) Eden: 48128K(48128K)->0K(53760K) From: 48320K(48640K)->48320K(172544K)
[32.211s][info][gc,heap        ] GC(232) ParOldGen: 4722284K(4989952K)->4770860K(4989952K)
[32.211s][info][gc,metaspace   ] GC(232) Metaspace: 6298K(6464K)->6298K(6464K) NonClass: 5764K(5824K)->5764K(5824K) Class: 533K(640K)->533K(640K)
[32.211s][info][gc             ] GC(232) Pause Young (Allocation Failure) 4705M->4706M(5094M) 64.602ms
[32.211s][info][gc,cpu         ] GC(232) User=0.30s Sys=0.00s Real=0.06s
[32.265s][info][gc,start       ] GC(233) Pause Young (Allocation Failure)
[32.330s][info][gc,heap        ] GC(233) PSYoungGen: 102080K(226304K)->54016K(108032K) Eden: 53760K(53760K)->0K(53760K) From: 48320K(172544K)->54016K(54272K)
[32.330s][info][gc,heap        ] GC(233) ParOldGen: 4770860K(4989952K)->4819420K(4989952K)
[32.330s][info][gc,metaspace   ] GC(233) Metaspace: 6298K(6464K)->6298K(6464K) NonClass: 5764K(5824K)->5764K(5824K) Class: 533K(640K)->533K(640K)
[32.330s][info][gc             ] GC(233) Pause Young (Allocation Failure) 4758M->4759M(4978M) 64.964ms
[32.330s][info][gc,cpu         ] GC(233) User=0.27s Sys=0.03s Real=0.07s
[32.384s][info][gc,start       ] GC(234) Pause Young (Allocation Failure)
[32.451s][info][gc,heap        ] GC(234) PSYoungGen: 107776K(108032K)->53952K(216064K) Eden: 53760K(53760K)->0K(59904K) From: 54016K(54272K)->53952K(156160K)
[32.451s][info][gc,heap        ] GC(234) ParOldGen: 4819420K(4989952K)->4873676K(4989952K)
[32.451s][info][gc,metaspace   ] GC(234) Metaspace: 6298K(6464K)->6298K(6464K) NonClass: 5764K(5824K)->5764K(5824K) Class: 533K(640K)->533K(640K)
[32.451s][info][gc             ] GC(234) Pause Young (Allocation Failure) 4811M->4812M(5084M) 67.610ms
[32.451s][info][gc,cpu         ] GC(234) User=0.31s Sys=0.00s Real=0.07s
[32.514s][info][gc,start       ] GC(235) Pause Young (Allocation Failure)
[32.585s][info][gc,heap        ] GC(235) PSYoungGen: 113856K(216064K)->60096K(120320K) Eden: 59904K(59904K)->0K(59904K) From: 53952K(156160K)->60096K(60416K)
[32.586s][info][gc,heap        ] GC(235) ParOldGen: 4873676K(4989952K)->4927916K(4989952K)
[32.586s][info][gc,metaspace   ] GC(235) Metaspace: 6298K(6464K)->6298K(6464K) NonClass: 5764K(5824K)->5764K(5824K) Class: 533K(640K)->533K(640K)
[32.586s][info][gc             ] GC(235) Pause Young (Allocation Failure) 4870M->4871M(4990M) 71.620ms
[32.586s][info][gc,cpu         ] GC(235) User=0.36s Sys=0.02s Real=0.07s
[32.586s][info][gc,start       ] GC(236) Pause Full (Ergonomics)
[32.586s][info][gc,phases,start] GC(236) Marking Phase
[33.738s][info][gc,phases      ] GC(236) Marking Phase 1152.015ms
[33.738s][info][gc,phases,start] GC(236) Summary Phase
[33.738s][info][gc,phases      ] GC(236) Summary Phase 0.197ms
[33.738s][info][gc,phases,start] GC(236) Adjust Roots
[33.738s][info][gc,phases      ] GC(236) Adjust Roots 0.320ms
[33.738s][info][gc,phases,start] GC(236) Compaction Phase
[34.157s][info][gc,phases      ] GC(236) Compaction Phase 418.312ms
[34.157s][info][gc,phases,start] GC(236) Post Compact
[34.164s][info][gc,phases      ] GC(236) Post Compact 7.733ms
[34.166s][info][gc,heap        ] GC(236) PSYoungGen: 60096K(120320K)->0K(221696K) Eden: 0K(59904K)->0K(66560K) From: 60096K(60416K)->0K(155136K)
[34.166s][info][gc,heap        ] GC(236) ParOldGen: 4927916K(4989952K)->4983881K(5469184K)
[34.166s][info][gc,metaspace   ] GC(236) Metaspace: 6298K(6464K)->6298K(6464K) NonClass: 5764K(5824K)->5764K(5824K) Class: 533K(640K)->533K(640K)
[34.166s][info][gc             ] GC(236) Pause Full (Ergonomics) 4871M->4867M(5557M) 1580.789ms
[34.166s][info][gc,cpu         ] GC(236) User=11.97s Sys=0.06s Real=1.58s
[34.246s][info][gc,start       ] GC(237) Pause Young (Allocation Failure)
[34.303s][info][gc,heap        ] GC(237) PSYoungGen: 66560K(221696K)->66816K(133632K) Eden: 66560K(66560K)->0K(66560K) From: 0K(155136K)->66816K(67072K)
[34.303s][info][gc,heap        ] GC(237) ParOldGen: 4983881K(5469184K)->4983881K(5469184K)
[34.303s][info][gc,metaspace   ] GC(237) Metaspace: 6298K(6464K)->6298K(6464K) NonClass: 5764K(5824K)->5764K(5824K) Class: 533K(640K)->533K(640K)
[34.303s][info][gc             ] GC(237) Pause Young (Allocation Failure) 4932M->4932M(5471M) 57.629ms
[34.303s][info][gc,cpu         ] GC(237) User=0.16s Sys=0.00s Real=0.06s
[34.374s][info][gc,start       ] GC(238) Pause Young (Allocation Failure)
[34.450s][info][gc,heap        ] GC(238) PSYoungGen: 133376K(133632K)->133472K(202240K) Eden: 66560K(66560K)->0K(55296K) From: 66816K(67072K)->133472K(146944K)
[34.450s][info][gc,heap        ] GC(238) ParOldGen: 4983881K(5469184K)->4983881K(5469184K)
[34.450s][info][gc,metaspace   ] GC(238) Metaspace: 6298K(6464K)->6298K(6464K) NonClass: 5764K(5824K)->5764K(5824K) Class: 533K(640K)->533K(640K)
[34.450s][info][gc             ] GC(238) Pause Young (Allocation Failure) 4997M->4997M(5538M) 75.891ms
[34.450s][info][gc,cpu         ] GC(238) User=0.39s Sys=0.00s Real=0.08s
[34.510s][info][gc,start       ] GC(239) Pause Young (Allocation Failure)
[34.608s][info][gc,heap        ] GC(239) PSYoungGen: 188768K(202240K)->163840K(219136K) Eden: 55296K(55296K)->0K(55296K) From: 133472K(146944K)->163840K(163840K)
[34.608s][info][gc,heap        ] GC(239) ParOldGen: 4983881K(5469184K)->5008961K(5469184K)
[34.608s][info][gc,metaspace   ] GC(239) Metaspace: 6298K(6464K)->6298K(6464K) NonClass: 5764K(5824K)->5764K(5824K) Class: 533K(640K)->533K(640K)
[34.608s][info][gc             ] GC(239) Pause Young (Allocation Failure) 5051M->5051M(5555M) 98.250ms
[34.608s][info][gc,cpu         ] GC(239) User=0.55s Sys=0.02s Real=0.10s
[34.670s][info][gc,start       ] GC(240) Pause Young (Allocation Failure)
[34.792s][info][gc,heap        ] GC(240) PSYoungGen: 219136K(219136K)->100576K(248832K) Eden: 55296K(55296K)->0K(61440K) From: 163840K(163840K)->100576K(187392K)
[34.792s][info][gc,heap        ] GC(240) ParOldGen: 5008961K(5469184K)->5128665K(5469184K)
[34.792s][info][gc,metaspace   ] GC(240) Metaspace: 6298K(6464K)->6298K(6464K) NonClass: 5764K(5824K)->5764K(5824K) Class: 533K(640K)->533K(640K)
[34.792s][info][gc             ] GC(240) Pause Young (Allocation Failure) 5105M->5106M(5584M) 122.536ms
[34.792s][info][gc,cpu         ] GC(240) User=0.88s Sys=0.02s Real=0.12s
[34.860s][info][gc,start       ] GC(241) Pause Young (Allocation Failure)
[34.949s][info][gc,heap        ] GC(241) PSYoungGen: 162016K(248832K)->117088K(253952K) Eden: 61440K(61440K)->0K(61440K) From: 100576K(187392K)->117088K(192512K)
[34.949s][info][gc,heap        ] GC(241) ParOldGen: 5128665K(5469184K)->5174025K(5469184K)
[34.950s][info][gc,metaspace   ] GC(241) Metaspace: 6298K(6464K)->6298K(6464K) NonClass: 5764K(5824K)->5764K(5824K) Class: 533K(640K)->533K(640K)
[34.950s][info][gc             ] GC(241) Pause Young (Allocation Failure) 5166M->5167M(5589M) 89.767ms
[34.950s][info][gc,cpu         ] GC(241) User=0.62s Sys=0.02s Real=0.09s
[35.021s][info][gc,start       ] GC(242) Pause Young (Allocation Failure)
[35.116s][info][gc,heap        ] GC(242) PSYoungGen: 178528K(253952K)->123200K(259072K) Eden: 61440K(61440K)->0K(65536K) From: 117088K(192512K)->123200K(193536K)
[35.116s][info][gc,heap        ] GC(242) ParOldGen: 5174025K(5469184K)->5229817K(5469184K)
[35.116s][info][gc,metaspace   ] GC(242) Metaspace: 6298K(6464K)->6298K(6464K) NonClass: 5764K(5824K)->5764K(5824K) Class: 533K(640K)->533K(640K)
[35.116s][info][gc             ] GC(242) Pause Young (Allocation Failure) 5227M->5227M(5594M) 95.040ms
[35.116s][info][gc,cpu         ] GC(242) User=0.59s Sys=0.03s Real=0.10s
[35.187s][info][gc,start       ] GC(243) Pause Young (Allocation Failure)
[35.291s][info][gc,heap        ] GC(243) PSYoungGen: 188736K(259072K)->127296K(261632K) Eden: 65536K(65536K)->0K(65536K) From: 123200K(193536K)->127296K(196096K)
[35.291s][info][gc,heap        ] GC(243) ParOldGen: 5229817K(5469184K)->5291809K(5469184K)
[35.291s][info][gc,metaspace   ] GC(243) Metaspace: 6298K(6464K)->6298K(6464K) NonClass: 5764K(5824K)->5764K(5824K) Class: 533K(640K)->533K(640K)
[35.291s][info][gc             ] GC(243) Pause Young (Allocation Failure) 5291M->5292M(5596M) 103.960ms
[35.291s][info][gc,cpu         ] GC(243) User=0.59s Sys=0.05s Real=0.10s
[35.367s][info][gc,start       ] GC(244) Pause Young (Allocation Failure)
[35.469s][info][gc,heap        ] GC(244) PSYoungGen: 192832K(261632K)->131392K(269312K) Eden: 65536K(65536K)->0K(70656K) From: 127296K(196096K)->131392K(198656K)
[35.469s][info][gc,heap        ] GC(244) ParOldGen: 5291809K(5469184K)->5353817K(5469184K)
[35.469s][info][gc,metaspace   ] GC(244) Metaspace: 6298K(6464K)->6298K(6464K) NonClass: 5764K(5824K)->5764K(5824K) Class: 533K(640K)->533K(640K)
[35.469s][info][gc             ] GC(244) Pause Young (Allocation Failure) 5356M->5356M(5604M) 102.384ms
[35.469s][info][gc,cpu         ] GC(244) User=0.70s Sys=0.06s Real=0.10s
[35.549s][info][gc,start       ] GC(245) Pause Young (Allocation Failure)
[35.674s][info][gc,heap        ] GC(245) PSYoungGen: 202048K(269312K)->136512K(271872K) Eden: 70656K(70656K)->0K(70656K) From: 131392K(198656K)->136512K(201216K)
[35.674s][info][gc,heap        ] GC(245) ParOldGen: 5353817K(5469184K)->5419929K(5469184K)
[35.674s][info][gc,metaspace   ] GC(245) Metaspace: 6298K(6464K)->6298K(6464K) NonClass: 5764K(5824K)->5764K(5824K) Class: 533K(640K)->533K(640K)
[35.674s][info][gc             ] GC(245) Pause Young (Allocation Failure) 5425M->5426M(5606M) 125.080ms
[35.674s][info][gc,cpu         ] GC(245) User=0.78s Sys=0.02s Real=0.12s
[35.674s][info][gc,start       ] GC(246) Pause Full (Ergonomics)
[35.674s][info][gc,phases,start] GC(246) Marking Phase
[36.944s][info][gc,phases      ] GC(246) Marking Phase 1269.855ms
[36.944s][info][gc,phases,start] GC(246) Summary Phase
[36.944s][info][gc,phases      ] GC(246) Summary Phase 0.119ms
[36.944s][info][gc,phases,start] GC(246) Adjust Roots
[36.945s][info][gc,phases      ] GC(246) Adjust Roots 0.340ms
[36.945s][info][gc,phases,start] GC(246) Compaction Phase
[37.412s][info][gc,phases      ] GC(246) Compaction Phase 466.802ms
[37.412s][info][gc,phases,start] GC(246) Post Compact
[37.420s][info][gc,phases      ] GC(246) Post Compact 8.585ms
[37.422s][info][gc,heap        ] GC(246) PSYoungGen: 136512K(271872K)->82968K(271872K) Eden: 0K(70656K)->0K(70656K) From: 136512K(201216K)->82968K(201216K)
[37.422s][info][gc,heap        ] GC(246) ParOldGen: 5419929K(5469184K)->5468946K(6017536K)
[37.422s][info][gc,metaspace   ] GC(246) Metaspace: 6298K(6464K)->6298K(6464K) NonClass: 5764K(5824K)->5764K(5824K) Class: 533K(640K)->533K(640K)
[37.422s][info][gc             ] GC(246) Pause Full (Ergonomics) 5426M->5421M(6142M) 1747.899ms
[37.422s][info][gc,cpu         ] GC(246) User=13.36s Sys=0.02s Real=1.75s
[37.501s][info][gc,start       ] GC(247) Pause Young (Allocation Failure)
[37.835s][info][gc,heap        ] GC(247) PSYoungGen: 153624K(271872K)->114880K(269824K) Eden: 70656K(70656K)->0K(77824K) From: 82968K(201216K)->114880K(192000K)
[37.835s][info][gc,heap        ] GC(247) ParOldGen: 5468946K(6017536K)->5508426K(6017536K)
[37.835s][info][gc,metaspace   ] GC(247) Metaspace: 6298K(6464K)->6298K(6464K) NonClass: 5764K(5824K)->5764K(5824K) Class: 533K(640K)->533K(640K)
[37.835s][info][gc             ] GC(247) Pause Young (Allocation Failure) 5490M->5491M(6140M) 334.289ms
[37.835s][info][gc,cpu         ] GC(247) User=2.09s Sys=0.02s Real=0.33s
[37.931s][info][gc,start       ] GC(248) Pause Young (Allocation Failure)
[38.046s][info][gc,heap        ] GC(248) PSYoungGen: 192704K(269824K)->192864K(276992K) Eden: 77824K(77824K)->0K(77824K) From: 114880K(192000K)->192864K(199168K)
[38.046s][info][gc,heap        ] GC(248) ParOldGen: 5508426K(6017536K)->5508426K(6017536K)
[38.046s][info][gc,metaspace   ] GC(248) Metaspace: 6298K(6464K)->6298K(6464K) NonClass: 5764K(5824K)->5764K(5824K) Class: 533K(640K)->533K(640K)
[38.046s][info][gc             ] GC(248) Pause Young (Allocation Failure) 5567M->5567M(6147M) 115.024ms
[38.046s][info][gc,cpu         ] GC(248) User=0.88s Sys=0.00s Real=0.12s
[39.378s][info][gc,start       ] GC(249) Pause Young (Allocation Failure)
[39.639s][info][gc,heap        ] GC(249) PSYoungGen: 270688K(276992K)->222720K(261632K) Eden: 77824K(77824K)->0K(38912K) From: 192864K(199168K)->222720K(222720K)
[39.639s][info][gc,heap        ] GC(249) ParOldGen: 5770570K(6017536K)->5818906K(6017536K)
[39.639s][info][gc,metaspace   ] GC(249) Metaspace: 6298K(6464K)->6298K(6464K) NonClass: 5764K(5824K)->5764K(5824K) Class: 533K(640K)->533K(640K)
[39.639s][info][gc             ] GC(249) Pause Young (Allocation Failure) 5899M->5900M(6132M) 260.740ms
[39.639s][info][gc,cpu         ] GC(249) User=1.61s Sys=0.14s Real=0.26s
[39.678s][info][gc,start       ] GC(250) Pause Young (Allocation Failure)
[39.815s][info][gc,heap        ] GC(250) PSYoungGen: 261632K(261632K)->170016K(308736K) Eden: 38912K(38912K)->0K(38912K) From: 222720K(222720K)->170016K(269824K)
[39.815s][info][gc,heap        ] GC(250) ParOldGen: 5818906K(6017536K)->5911362K(6017536K)
[39.815s][info][gc,metaspace   ] GC(250) Metaspace: 6298K(6464K)->6298K(6464K) NonClass: 5764K(5824K)->5764K(5824K) Class: 533K(640K)->533K(640K)
[39.815s][info][gc             ] GC(250) Pause Young (Allocation Failure) 5938M->5938M(6178M) 137.399ms
[39.815s][info][gc,cpu         ] GC(250) User=0.89s Sys=0.05s Real=0.14s
[39.857s][info][gc,start       ] GC(251) Pause Young (Allocation Failure)
[39.979s][info][gc,heap        ] GC(251) PSYoungGen: 208928K(308736K)->208928K(300032K) Eden: 38912K(38912K)->0K(28672K) From: 170016K(269824K)->208928K(271360K)
[39.979s][info][gc,heap        ] GC(251) ParOldGen: 5911362K(6017536K)->5911362K(6017536K)
[39.979s][info][gc,metaspace   ] GC(251) Metaspace: 6298K(6464K)->6298K(6464K) NonClass: 5764K(5824K)->5764K(5824K) Class: 533K(640K)->533K(640K)
[39.979s][info][gc             ] GC(251) Pause Young (Allocation Failure) 5976M->5976M(6169M) 121.349ms
[39.979s][info][gc,cpu         ] GC(251) User=0.58s Sys=0.00s Real=0.12s
[40.010s][info][gc,start       ] GC(252) Pause Young (Allocation Failure)
[40.147s][info][gc,heap        ] GC(252) PSYoungGen: 237600K(300032K)->163424K(192512K) Eden: 28672K(28672K)->0K(28672K) From: 208928K(271360K)->163424K(163840K)
[40.147s][info][gc,heap        ] GC(252) ParOldGen: 5911362K(6017536K)->5986098K(6017536K)
[40.147s][info][gc,metaspace   ] GC(252) Metaspace: 6298K(6464K)->6298K(6464K) NonClass: 5764K(5824K)->5764K(5824K) Class: 533K(640K)->533K(640K)
[40.147s][info][gc             ] GC(252) Pause Young (Allocation Failure) 6004M->6005M(6064M) 136.680ms
[40.147s][info][gc,cpu         ] GC(252) User=0.59s Sys=0.03s Real=0.14s
[40.147s][info][gc,start       ] GC(253) Pause Full (Ergonomics)
[40.147s][info][gc,phases,start] GC(253) Marking Phase
[41.497s][info][gc,phases      ] GC(253) Marking Phase 1349.775ms
[41.497s][info][gc,phases,start] GC(253) Summary Phase
[41.497s][info][gc,phases      ] GC(253) Summary Phase 0.127ms
[41.497s][info][gc,phases,start] GC(253) Adjust Roots
[41.497s][info][gc,phases      ] GC(253) Adjust Roots 0.272ms
[41.497s][info][gc,phases,start] GC(253) Compaction Phase
[42.439s][info][gc,phases      ] GC(253) Compaction Phase 941.630ms
[42.439s][info][gc,phases,start] GC(253) Post Compact
[42.449s][info][gc,phases      ] GC(253) Post Compact 9.810ms
[42.451s][info][gc,heap        ] GC(253) PSYoungGen: 163424K(192512K)->0K(312320K) Eden: 0K(28672K)->0K(32768K) From: 163424K(163840K)->0K(279552K)
[42.451s][info][gc,heap        ] GC(253) ParOldGen: 5986098K(6017536K)->6015596K(6616576K)
[42.451s][info][gc,metaspace   ] GC(253) Metaspace: 6298K(6464K)->6298K(6464K) NonClass: 5764K(5824K)->5764K(5824K) Class: 533K(640K)->533K(640K)
[42.451s][info][gc             ] GC(253) Pause Full (Ergonomics) 6005M->5874M(6766M) 2304.039ms
[42.451s][info][gc,cpu         ] GC(253) User=15.97s Sys=0.05s Real=2.30s
[42.489s][info][gc,start       ] GC(254) Pause Young (Allocation Failure)
[42.555s][info][gc,heap        ] GC(254) PSYoungGen: 32768K(312320K)->32928K(312320K) Eden: 32768K(32768K)->0K(32768K) From: 0K(279552K)->32928K(279552K)
[42.555s][info][gc,heap        ] GC(254) ParOldGen: 6015596K(6616576K)->6015596K(6616576K)
[42.555s][info][gc,metaspace   ] GC(254) Metaspace: 6298K(6464K)->6298K(6464K) NonClass: 5764K(5824K)->5764K(5824K) Class: 533K(640K)->533K(640K)
[42.555s][info][gc             ] GC(254) Pause Young (Allocation Failure) 5906M->5906M(6766M) 66.660ms
[42.555s][info][gc,cpu         ] GC(254) User=0.08s Sys=0.00s Real=0.07s
[42.591s][info][gc,start       ] GC(255) Pause Young (Allocation Failure)
[42.673s][info][gc,heap        ] GC(255) PSYoungGen: 65696K(312320K)->65728K(312832K) Eden: 32768K(32768K)->0K(36352K) From: 32928K(279552K)->65728K(276480K)
[42.673s][info][gc,heap        ] GC(255) ParOldGen: 6015596K(6616576K)->6015596K(6616576K)
[42.673s][info][gc,metaspace   ] GC(255) Metaspace: 6298K(6464K)->6298K(6464K) NonClass: 5764K(5824K)->5764K(5824K) Class: 533K(640K)->533K(640K)
[42.673s][info][gc             ] GC(255) Pause Young (Allocation Failure) 5938M->5938M(6767M) 82.269ms
[42.673s][info][gc,cpu         ] GC(255) User=0.20s Sys=0.00s Real=0.08s
[42.705s][info][gc,start       ] GC(256) Pause Young (Allocation Failure)
[42.799s][info][gc,heap        ] GC(256) PSYoungGen: 102080K(312832K)->102176K(138752K) Eden: 36352K(36352K)->0K(36352K) From: 65728K(276480K)->102176K(102400K)
[42.799s][info][gc,heap        ] GC(256) ParOldGen: 6015596K(6616576K)->6015596K(6616576K)
[42.799s][info][gc,metaspace   ] GC(256) Metaspace: 6298K(6464K)->6298K(6464K) NonClass: 5764K(5824K)->5764K(5824K) Class: 533K(640K)->533K(640K)
[42.799s][info][gc             ] GC(256) Pause Young (Allocation Failure) 5974M->5974M(6597M) 93.881ms
[42.799s][info][gc,cpu         ] GC(256) User=0.22s Sys=0.00s Real=0.09s
[42.835s][info][gc,start       ] GC(257) Pause Young (Allocation Failure)
[42.940s][info][gc,heap        ] GC(257) PSYoungGen: 138528K(138752K)->138496K(293376K) Eden: 36352K(36352K)->0K(41472K) From: 102176K(102400K)->138496K(251904K)
[42.940s][info][gc,heap        ] GC(257) ParOldGen: 6015596K(6616576K)->6015596K(6616576K)
[42.940s][info][gc,metaspace   ] GC(257) Metaspace: 6298K(6464K)->6298K(6464K) NonClass: 5764K(5824K)->5764K(5824K) Class: 533K(640K)->533K(640K)
[42.941s][info][gc             ] GC(257) Pause Young (Allocation Failure) 6009M->6009M(6748M) 105.532ms
[42.941s][info][gc,cpu         ] GC(257) User=0.31s Sys=0.00s Real=0.11s
[42.984s][info][gc,start       ] GC(258) Pause Young (Allocation Failure)
[43.099s][info][gc,heap        ] GC(258) PSYoungGen: 179968K(293376K)->114464K(156160K) Eden: 41472K(41472K)->0K(41472K) From: 138496K(251904K)->114464K(114688K)
[43.099s][info][gc,heap        ] GC(258) ParOldGen: 6015596K(6616576K)->6081692K(6616576K)
[43.099s][info][gc,metaspace   ] GC(258) Metaspace: 6298K(6464K)->6298K(6464K) NonClass: 5764K(5824K)->5764K(5824K) Class: 533K(640K)->533K(640K)
[43.099s][info][gc             ] GC(258) Pause Young (Allocation Failure) 6050M->6050M(6614M) 114.434ms
[43.099s][info][gc,cpu         ] GC(258) User=0.27s Sys=0.02s Real=0.12s
[43.143s][info][gc,start       ] GC(259) Pause Young (Allocation Failure)
[43.251s][info][gc,heap        ] GC(259) PSYoungGen: 155936K(156160K)->83168K(284672K) Eden: 41472K(41472K)->0K(47616K) From: 114464K(114688K)->83168K(237056K)
[43.251s][info][gc,heap        ] GC(259) ParOldGen: 6081692K(6616576K)->6155020K(6616576K)
[43.251s][info][gc,metaspace   ] GC(259) Metaspace: 6298K(6464K)->6298K(6464K) NonClass: 5764K(5824K)->5764K(5824K) Class: 533K(640K)->533K(640K)
[43.251s][info][gc             ] GC(259) Pause Young (Allocation Failure) 6091M->6091M(6739M) 108.095ms
[43.251s][info][gc,cpu         ] GC(259) User=0.31s Sys=0.00s Real=0.11s
[43.303s][info][gc,start       ] GC(260) Pause Young (Allocation Failure)
[43.403s][info][gc,heap        ] GC(260) PSYoungGen: 130784K(284672K)->47808K(290304K) Eden: 47616K(47616K)->0K(47616K) From: 83168K(237056K)->47808K(242688K)
[43.403s][info][gc,heap        ] GC(260) ParOldGen: 6155020K(6616576K)->6238684K(6616576K)
[43.403s][info][gc,metaspace   ] GC(260) Metaspace: 6298K(6464K)->6298K(6464K) NonClass: 5764K(5824K)->5764K(5824K) Class: 533K(640K)->533K(640K)
[43.403s][info][gc             ] GC(260) Pause Young (Allocation Failure) 6138M->6139M(6745M) 100.246ms
[43.403s][info][gc,cpu         ] GC(260) User=0.31s Sys=0.02s Real=0.10s
[43.453s][info][gc,start       ] GC(261) Pause Young (Allocation Failure)
[43.537s][info][gc,heap        ] GC(261) PSYoungGen: 95424K(290304K)->47872K(292864K) Eden: 47616K(47616K)->0K(54272K) From: 47808K(242688K)->47872K(238592K)
[43.538s][info][gc,heap        ] GC(261) ParOldGen: 6238684K(6616576K)->6286740K(6616576K)
[43.538s][info][gc,metaspace   ] GC(261) Metaspace: 6298K(6464K)->6298K(6464K) NonClass: 5764K(5824K)->5764K(5824K) Class: 533K(640K)->533K(640K)
[43.538s][info][gc             ] GC(261) Pause Young (Allocation Failure) 6185M->6186M(6747M) 84.622ms
[43.538s][info][gc,cpu         ] GC(261) User=0.16s Sys=0.03s Real=0.08s
[43.593s][info][gc,start       ] GC(262) Pause Young (Allocation Failure)
[43.684s][info][gc,heap        ] GC(262) PSYoungGen: 102144K(292864K)->54528K(294912K) Eden: 54272K(54272K)->0K(54272K) From: 47872K(238592K)->54528K(240640K)
[43.684s][info][gc,heap        ] GC(262) ParOldGen: 6286740K(6616576K)->6334780K(6616576K)
[43.684s][info][gc,metaspace   ] GC(262) Metaspace: 6298K(6464K)->6298K(6464K) NonClass: 5764K(5824K)->5764K(5824K) Class: 533K(640K)->533K(640K)
[43.684s][info][gc             ] GC(262) Pause Young (Allocation Failure) 6239M->6239M(6749M) 91.454ms
[43.684s][info][gc,cpu         ] GC(262) User=0.22s Sys=0.00s Real=0.09s
[43.742s][info][gc,start       ] GC(263) Pause Young (Allocation Failure)
[43.835s][info][gc,heap        ] GC(263) PSYoungGen: 108800K(294912K)->54464K(286720K) Eden: 54272K(54272K)->0K(61952K) From: 54528K(240640K)->54464K(224768K)
[43.835s][info][gc,heap        ] GC(263) ParOldGen: 6334780K(6616576K)->6389540K(6616576K)
[43.835s][info][gc,metaspace   ] GC(263) Metaspace: 6298K(6464K)->6298K(6464K) NonClass: 5764K(5824K)->5764K(5824K) Class: 533K(640K)->533K(640K)
[43.835s][info][gc             ] GC(263) Pause Young (Allocation Failure) 6292M->6292M(6741M) 93.270ms
[43.835s][info][gc,cpu         ] GC(263) User=0.27s Sys=0.02s Real=0.09s
[43.903s][info][gc,start       ] GC(264) Pause Young (Allocation Failure)
[43.999s][info][gc,heap        ] GC(264) PSYoungGen: 116416K(286720K)->62208K(292352K) Eden: 61952K(61952K)->0K(61952K) From: 54464K(224768K)->62208K(230400K)
[43.999s][info][gc,heap        ] GC(264) ParOldGen: 6389540K(6616576K)->6444308K(6616576K)
[43.999s][info][gc,metaspace   ] GC(264) Metaspace: 6298K(6464K)->6298K(6464K) NonClass: 5764K(5824K)->5764K(5824K) Class: 533K(640K)->533K(640K)
[43.999s][info][gc             ] GC(264) Pause Young (Allocation Failure) 6353M->6354M(6747M) 95.662ms
[43.999s][info][gc,cpu         ] GC(264) User=0.33s Sys=0.02s Real=0.10s
[44.066s][info][gc,start       ] GC(265) Pause Young (Allocation Failure)
[44.168s][info][gc,heap        ] GC(265) PSYoungGen: 124160K(292352K)->62176K(277504K) Eden: 61952K(61952K)->0K(70144K) From: 62208K(230400K)->62176K(207360K)
[44.168s][info][gc,heap        ] GC(265) ParOldGen: 6444308K(6616576K)->6506804K(6616576K)
[44.169s][info][gc,metaspace   ] GC(265) Metaspace: 6298K(6464K)->6298K(6464K) NonClass: 5764K(5824K)->5764K(5824K) Class: 533K(640K)->533K(640K)
[44.169s][info][gc             ] GC(265) Pause Young (Allocation Failure) 6414M->6415M(6732M) 102.797ms
[44.169s][info][gc,cpu         ] GC(265) User=0.25s Sys=0.08s Real=0.10s
[44.241s][info][gc,start       ] GC(266) Pause Young (Allocation Failure)
[44.343s][info][gc,heap        ] GC(266) PSYoungGen: 132320K(277504K)->70368K(285184K) Eden: 70144K(70144K)->0K(70144K) From: 62176K(207360K)->70368K(215040K)
[44.343s][info][gc,heap        ] GC(266) ParOldGen: 6506804K(6616576K)->6569308K(6616576K)
[44.343s][info][gc,metaspace   ] GC(266) Metaspace: 6298K(6464K)->6298K(6464K) NonClass: 5764K(5824K)->5764K(5824K) Class: 533K(640K)->533K(640K)
[44.343s][info][gc             ] GC(266) Pause Young (Allocation Failure) 6483M->6484M(6740M) 102.476ms
[44.343s][info][gc,cpu         ] GC(266) User=0.30s Sys=0.02s Real=0.10s
[44.343s][info][gc,start       ] GC(267) Pause Full (Ergonomics)
[44.343s][info][gc,phases,start] GC(267) Marking Phase
[45.847s][info][gc,phases      ] GC(267) Marking Phase 1503.889ms
[45.847s][info][gc,phases,start] GC(267) Summary Phase
[45.847s][info][gc,phases      ] GC(267) Summary Phase 0.079ms
[45.847s][info][gc,phases,start] GC(267) Adjust Roots
[45.848s][info][gc,phases      ] GC(267) Adjust Roots 0.164ms
[45.848s][info][gc,phases,start] GC(267) Compaction Phase
[46.501s][info][gc,phases      ] GC(267) Compaction Phase 652.945ms
[46.501s][info][gc,phases,start] GC(267) Post Compact
[46.510s][info][gc,phases      ] GC(267) Post Compact 9.594ms
[46.512s][info][gc,heap        ] GC(267) PSYoungGen: 70368K(285184K)->17998K(285184K) Eden: 0K(70144K)->0K(70144K) From: 70368K(215040K)->17998K(215040K)
[46.512s][info][gc,heap        ] GC(267) ParOldGen: 6569308K(6616576K)->6616192K(7268864K)
[46.512s][info][gc,metaspace   ] GC(267) Metaspace: 6298K(6464K)->6298K(6464K) NonClass: 5764K(5824K)->5764K(5824K) Class: 533K(640K)->533K(640K)
[46.512s][info][gc             ] GC(267) Pause Full (Ergonomics) 6484M->6478M(7377M) 2168.931ms
[46.512s][info][gc,cpu         ] GC(267) User=15.53s Sys=0.03s Real=2.17s
[46.594s][info][gc,start       ] GC(268) Pause Young (Allocation Failure)
[46.924s][info][gc,heap        ] GC(268) PSYoungGen: 88142K(285184K)->70368K(262656K) Eden: 70144K(70144K)->0K(77312K) From: 17998K(215040K)->70368K(185344K)
[46.925s][info][gc,heap        ] GC(268) ParOldGen: 6616192K(7268864K)->6634400K(7268864K)
[46.925s][info][gc,metaspace   ] GC(268) Metaspace: 6298K(6464K)->6298K(6464K) NonClass: 5764K(5824K)->5764K(5824K) Class: 533K(640K)->533K(640K)
[46.925s][info][gc             ] GC(268) Pause Young (Allocation Failure) 6547M->6547M(7355M) 331.006ms
[46.925s][info][gc,cpu         ] GC(268) User=2.06s Sys=0.00s Real=0.33s
[47.009s][info][gc,start       ] GC(269) Pause Young (Allocation Failure)
[47.125s][info][gc,heap        ] GC(269) PSYoungGen: 147680K(262656K)->77568K(155136K) Eden: 77312K(77312K)->0K(77312K) From: 70368K(185344K)->77568K(77824K)
[47.125s][info][gc,heap        ] GC(269) ParOldGen: 6634400K(7268864K)->6705168K(7268864K)
[47.125s][info][gc,metaspace   ] GC(269) Metaspace: 6298K(6464K)->6298K(6464K) NonClass: 5764K(5824K)->5764K(5824K) Class: 533K(640K)->533K(640K)
[47.125s][info][gc             ] GC(269) Pause Young (Allocation Failure) 6623M->6623M(7250M) 115.740ms
[47.125s][info][gc,cpu         ] GC(269) User=0.64s Sys=0.02s Real=0.12s
[47.202s][info][gc,start       ] GC(270) Pause Young (Allocation Failure)
[47.320s][info][gc,heap        ] GC(270) PSYoungGen: 154880K(155136K)->77568K(255488K) Eden: 77312K(77312K)->0K(86016K) From: 77568K(77824K)->77568K(169472K)
[47.320s][info][gc,heap        ] GC(270) ParOldGen: 6705168K(7268864K)->6783184K(7268864K)
[47.320s][info][gc,metaspace   ] GC(270) Metaspace: 6298K(6464K)->6298K(6464K) NonClass: 5764K(5824K)->5764K(5824K) Class: 533K(640K)->533K(640K)
[47.320s][info][gc             ] GC(270) Pause Young (Allocation Failure) 6699M->6699M(7348M) 117.899ms
[47.320s][info][gc,cpu         ] GC(270) User=0.41s Sys=0.03s Real=0.12s
[47.419s][info][gc,start       ] GC(271) Pause Young (Allocation Failure)
[47.541s][info][gc,heap        ] GC(271) PSYoungGen: 163584K(255488K)->86272K(264192K) Eden: 86016K(86016K)->0K(86016K) From: 77568K(169472K)->86272K(178176K)
[47.541s][info][gc,heap        ] GC(271) ParOldGen: 6783184K(7268864K)->6861192K(7268864K)
[47.541s][info][gc,metaspace   ] GC(271) Metaspace: 6298K(6464K)->6298K(6464K) NonClass: 5764K(5824K)->5764K(5824K) Class: 533K(640K)->533K(640K)
[47.541s][info][gc             ] GC(271) Pause Young (Allocation Failure) 6783M->6784M(7356M) 122.175ms
[47.541s][info][gc,cpu         ] GC(271) User=0.44s Sys=0.00s Real=0.12s
[47.629s][info][gc,start       ] GC(272) Pause Young (Allocation Failure)
[47.763s][info][gc,heap        ] GC(272) PSYoungGen: 172288K(264192K)->86272K(249856K) Eden: 86016K(86016K)->0K(95744K) From: 86272K(178176K)->86272K(154112K)
[47.763s][info][gc,heap        ] GC(272) ParOldGen: 6861192K(7268864K)->6947992K(7268864K)
[47.763s][info][gc,metaspace   ] GC(272) Metaspace: 6298K(6464K)->6298K(6464K) NonClass: 5764K(5824K)->5764K(5824K) Class: 533K(640K)->533K(640K)
[47.763s][info][gc             ] GC(272) Pause Young (Allocation Failure) 6868M->6869M(7342M) 134.885ms
[47.763s][info][gc,cpu         ] GC(272) User=0.44s Sys=0.03s Real=0.13s
[47.859s][info][gc,start       ] GC(273) Pause Young (Allocation Failure)
[47.980s][info][gc,heap        ] GC(273) PSYoungGen: 182016K(249856K)->96064K(257536K) Eden: 95744K(95744K)->0K(95744K) From: 86272K(154112K)->96064K(161792K)
[47.980s][info][gc,heap        ] GC(273) ParOldGen: 6947992K(7268864K)->7034792K(7268864K)
[47.980s][info][gc,metaspace   ] GC(273) Metaspace: 6298K(6464K)->6298K(6464K) NonClass: 5764K(5824K)->5764K(5824K) Class: 533K(640K)->533K(640K)
[47.980s][info][gc             ] GC(273) Pause Young (Allocation Failure) 6962M->6963M(7350M) 120.652ms
[47.980s][info][gc,cpu         ] GC(273) User=0.53s Sys=0.02s Real=0.12s
[48.080s][info][gc,start       ] GC(274) Pause Young (Allocation Failure)
[48.205s][info][gc,heap        ] GC(274) PSYoungGen: 191808K(257536K)->96096K(258048K) Eden: 95744K(95744K)->0K(107008K) From: 96064K(161792K)->96096K(151040K)
[48.205s][info][gc,heap        ] GC(274) ParOldGen: 7034792K(7268864K)->7131408K(7268864K)
[48.205s][info][gc,metaspace   ] GC(274) Metaspace: 6298K(6464K)->6298K(6464K) NonClass: 5764K(5824K)->5764K(5824K) Class: 533K(640K)->533K(640K)
[48.205s][info][gc             ] GC(274) Pause Young (Allocation Failure) 7057M->7058M(7350M) 124.950ms
[48.205s][info][gc,cpu         ] GC(274) User=0.41s Sys=0.05s Real=0.12s
[48.308s][info][gc,start       ] GC(275) Pause Young (Allocation Failure)
[48.436s][info][gc,heap        ] GC(275) PSYoungGen: 203104K(258048K)->107328K(261632K) Eden: 107008K(107008K)->0K(107008K) From: 96096K(151040K)->107328K(154624K)
[48.436s][info][gc,heap        ] GC(275) ParOldGen: 7131408K(7268864K)->7228008K(7268864K)
[48.436s][info][gc,metaspace   ] GC(275) Metaspace: 6298K(6464K)->6298K(6464K) NonClass: 5764K(5824K)->5764K(5824K) Class: 533K(640K)->533K(640K)
[48.436s][info][gc             ] GC(275) Pause Young (Allocation Failure) 7162M->7163M(7354M) 127.945ms
[48.436s][info][gc,cpu         ] GC(275) User=0.64s Sys=0.02s Real=0.13s
[48.436s][info][gc,start       ] GC(276) Pause Full (Ergonomics)
[48.436s][info][gc,phases,start] GC(276) Marking Phase
[50.091s][info][gc,phases      ] GC(276) Marking Phase 1655.453ms
[50.091s][info][gc,phases,start] GC(276) Summary Phase
[50.092s][info][gc,phases      ] GC(276) Summary Phase 0.106ms
[50.092s][info][gc,phases,start] GC(276) Adjust Roots
[50.092s][info][gc,phases      ] GC(276) Adjust Roots 0.330ms
[50.092s][info][gc,phases,start] GC(276) Compaction Phase
[50.816s][info][gc,phases      ] GC(276) Compaction Phase 724.340ms
[50.816s][info][gc,phases,start] GC(276) Post Compact
[50.831s][info][gc,phases      ] GC(276) Post Compact 14.417ms
[50.833s][info][gc,heap        ] GC(276) PSYoungGen: 107328K(261632K)->60474K(261632K) Eden: 0K(107008K)->0K(107008K) From: 107328K(154624K)->60474K(154624K)
[50.833s][info][gc,heap        ] GC(276) ParOldGen: 7228008K(7268864K)->7268769K(8017920K)
[50.833s][info][gc,metaspace   ] GC(276) Metaspace: 6298K(6464K)->6298K(6464K) NonClass: 5764K(5824K)->5764K(5824K) Class: 533K(640K)->533K(640K)
[50.833s][info][gc             ] GC(276) Pause Full (Ergonomics) 7163M->7157M(8085M) 2397.327ms
[50.833s][info][gc,cpu         ] GC(276) User=17.14s Sys=0.11s Real=2.40s
[50.953s][info][gc,start       ] GC(277) Pause Young (Allocation Failure)
[51.345s][info][gc,heap        ] GC(277) PSYoungGen: 167482K(261632K)->107328K(270848K) Eden: 107008K(107008K)->0K(117248K) From: 60474K(154624K)->107328K(153600K)
[51.345s][info][gc,heap        ] GC(277) ParOldGen: 7268769K(8017920K)->7329825K(8017920K)
[51.345s][info][gc,metaspace   ] GC(277) Metaspace: 6298K(6464K)->6298K(6464K) NonClass: 5764K(5824K)->5764K(5824K) Class: 533K(640K)->533K(640K)
[51.345s][info][gc             ] GC(277) Pause Young (Allocation Failure) 7261M->7262M(8094M) 391.357ms
[51.345s][info][gc,cpu         ] GC(277) User=2.66s Sys=0.05s Real=0.39s
[51.457s][info][gc,start       ] GC(278) Pause Young (Allocation Failure)
[51.600s][info][gc,heap        ] GC(278) PSYoungGen: 224576K(270848K)->155648K(272896K) Eden: 117248K(117248K)->0K(117248K) From: 107328K(153600K)->155648K(155648K)
[51.600s][info][gc,heap        ] GC(278) ParOldGen: 7329825K(8017920K)->7399329K(8017920K)
[51.600s][info][gc,metaspace   ] GC(278) Metaspace: 6298K(6464K)->6298K(6464K) NonClass: 5764K(5824K)->5764K(5824K) Class: 533K(640K)->533K(640K)
[51.600s][info][gc             ] GC(278) Pause Young (Allocation Failure) 7377M->7377M(8096M) 142.948ms
[51.600s][info][gc,cpu         ] GC(278) User=0.66s Sys=0.00s Real=0.14s
[51.732s][info][gc,start       ] GC(279) Pause Young (Allocation Failure)
[51.910s][info][gc,heap        ] GC(279) PSYoungGen: 272896K(272896K)->117568K(320512K) Eden: 117248K(117248K)->0K(129536K) From: 155648K(155648K)->117568K(190976K)
[51.910s][info][gc,heap        ] GC(279) ParOldGen: 7399329K(8017920K)->7556073K(8017920K)
[51.910s][info][gc,metaspace   ] GC(279) Metaspace: 6298K(6464K)->6298K(6464K) NonClass: 5764K(5824K)->5764K(5824K) Class: 533K(640K)->533K(640K)
[51.910s][info][gc             ] GC(279) Pause Young (Allocation Failure) 7492M->7493M(8143M) 178.566ms
[51.910s][info][gc,cpu         ] GC(279) User=0.91s Sys=0.08s Real=0.18s
[52.051s][info][gc,start       ] GC(280) Pause Young (Allocation Failure)
[52.197s][info][gc,heap        ] GC(280) PSYoungGen: 247104K(320512K)->129920K(324096K) Eden: 129536K(129536K)->0K(129536K) From: 117568K(190976K)->129920K(194560K)
[52.197s][info][gc,heap        ] GC(280) ParOldGen: 7556073K(8017920K)->7674369K(8017920K)
[52.197s][info][gc,metaspace   ] GC(280) Metaspace: 6298K(6464K)->6298K(6464K) NonClass: 5764K(5824K)->5764K(5824K) Class: 533K(640K)->533K(640K)
[52.197s][info][gc             ] GC(280) Pause Young (Allocation Failure) 7620M->7621M(8146M) 146.135ms
[52.197s][info][gc,cpu         ] GC(280) User=0.78s Sys=0.14s Real=0.15s
[52.341s][info][gc,start       ] GC(281) Pause Young (Allocation Failure)
[52.516s][info][gc,heap        ] GC(281) PSYoungGen: 259456K(324096K)->129888K(337408K) Eden: 129536K(129536K)->0K(143360K) From: 129920K(194560K)->129888K(194048K)
[52.516s][info][gc,heap        ] GC(281) ParOldGen: 7674369K(8017920K)->7805073K(8017920K)
[52.516s][info][gc,metaspace   ] GC(281) Metaspace: 6298K(6464K)->6298K(6464K) NonClass: 5764K(5824K)->5764K(5824K) Class: 533K(640K)->533K(640K)
[52.516s][info][gc             ] GC(281) Pause Young (Allocation Failure) 7747M->7748M(8159M) 175.476ms
[52.516s][info][gc,cpu         ] GC(281) User=0.59s Sys=0.02s Real=0.17s
[52.672s][info][gc,start       ] GC(282) Pause Young (Allocation Failure)
[52.849s][info][gc,heap        ] GC(282) PSYoungGen: 273248K(337408K)->143712K(337408K) Eden: 143360K(143360K)->0K(143360K) From: 129888K(194048K)->143712K(194048K)
[52.849s][info][gc,heap        ] GC(282) ParOldGen: 7805073K(8017920K)->7935769K(8017920K)
[52.849s][info][gc,metaspace   ] GC(282) Metaspace: 6298K(6464K)->6298K(6464K) NonClass: 5764K(5824K)->5764K(5824K) Class: 533K(640K)->533K(640K)
[52.849s][info][gc             ] GC(282) Pause Young (Allocation Failure) 7888M->7890M(8159M) 176.584ms
[52.849s][info][gc,cpu         ] GC(282) User=0.92s Sys=0.08s Real=0.18s
[52.849s][info][gc,start       ] GC(283) Pause Full (Ergonomics)
[52.849s][info][gc,phases,start] GC(283) Marking Phase
[54.776s][info][gc,phases      ] GC(283) Marking Phase 1927.409ms
[54.776s][info][gc,phases,start] GC(283) Summary Phase
[54.776s][info][gc,phases      ] GC(283) Summary Phase 0.085ms
[54.776s][info][gc,phases,start] GC(283) Adjust Roots
[54.777s][info][gc,phases      ] GC(283) Adjust Roots 0.193ms
[54.777s][info][gc,phases,start] GC(283) Compaction Phase
[55.604s][info][gc,phases      ] GC(283) Compaction Phase 827.497ms
[55.604s][info][gc,phases,start] GC(283) Post Compact
[55.618s][info][gc,phases      ] GC(283) Post Compact 13.633ms
[55.621s][info][gc,heap        ] GC(283) PSYoungGen: 143712K(337408K)->55435K(337408K) Eden: 0K(143360K)->0K(143360K) From: 143712K(194048K)->55435K(194048K)
[55.621s][info][gc,heap        ] GC(283) ParOldGen: 7935769K(8017920K)->8017558K(8877568K)
[55.621s][info][gc,metaspace   ] GC(283) Metaspace: 6298K(6464K)->6298K(6464K) NonClass: 5764K(5824K)->5764K(5824K) Class: 533K(640K)->533K(640K)
[55.621s][info][gc             ] GC(283) Pause Full (Ergonomics) 7890M->7883M(8999M) 2771.734ms
[55.621s][info][gc,cpu         ] GC(283) User=18.86s Sys=0.14s Real=2.77s
[55.770s][info][gc,start       ] GC(284) Pause Young (Allocation Failure)
[56.241s][info][gc,heap        ] GC(284) PSYoungGen: 198795K(337408K)->143744K(354304K) Eden: 143360K(143360K)->0K(156160K) From: 55435K(194048K)->143744K(198144K)
[56.241s][info][gc,heap        ] GC(284) ParOldGen: 8017558K(8877568K)->8073526K(8877568K)
[56.241s][info][gc,metaspace   ] GC(284) Metaspace: 6298K(6464K)->6298K(6464K) NonClass: 5764K(5824K)->5764K(5824K) Class: 533K(640K)->533K(640K)
[56.241s][info][gc             ] GC(284) Pause Young (Allocation Failure) 8023M->8024M(9015M) 470.415ms
[56.241s][info][gc,cpu         ] GC(284) User=3.16s Sys=0.02s Real=0.47s
[56.409s][info][gc,start       ] GC(285) Pause Young (Allocation Failure)
[56.596s][info][gc,heap        ] GC(285) PSYoungGen: 299904K(354304K)->200704K(356864K) Eden: 156160K(156160K)->0K(156160K) From: 143744K(198144K)->200704K(200704K)
[56.596s][info][gc,heap        ] GC(285) ParOldGen: 8073526K(8877568K)->8173614K(8877568K)
[56.596s][info][gc,metaspace   ] GC(285) Metaspace: 6298K(6464K)->6298K(6464K) NonClass: 5764K(5824K)->5764K(5824K) Class: 533K(640K)->533K(640K)
[56.596s][info][gc             ] GC(285) Pause Young (Allocation Failure) 8177M->8178M(9018M) 186.887ms
[56.596s][info][gc,cpu         ] GC(285) User=1.08s Sys=0.02s Real=0.19s
[56.758s][info][gc,start       ] GC(286) Pause Young (Allocation Failure)
[56.977s][info][gc,heap        ] GC(286) PSYoungGen: 356864K(356864K)->156576K(423936K) Eden: 156160K(156160K)->0K(171520K) From: 200704K(200704K)->156576K(252416K)
[56.978s][info][gc,heap        ] GC(286) ParOldGen: 8173614K(8877568K)->8375734K(8877568K)
[56.978s][info][gc,metaspace   ] GC(286) Metaspace: 6298K(6464K)->6298K(6464K) NonClass: 5764K(5824K)->5764K(5824K) Class: 533K(640K)->533K(640K)
[56.978s][info][gc             ] GC(286) Pause Young (Allocation Failure) 8330M->8332M(9083M) 219.485ms
[56.978s][info][gc,cpu         ] GC(286) User=1.17s Sys=0.16s Real=0.22s
[57.154s][info][gc,start       ] GC(287) Pause Young (Allocation Failure)
[57.343s][info][gc,heap        ] GC(287) PSYoungGen: 328096K(423936K)->256000K(427520K) Eden: 171520K(171520K)->0K(171520K) From: 156576K(252416K)->256000K(256000K)
[57.344s][info][gc,heap        ] GC(287) ParOldGen: 8375734K(8877568K)->8448566K(8877568K)
[57.344s][info][gc,metaspace   ] GC(287) Metaspace: 6298K(6464K)->6298K(6464K) NonClass: 5764K(5824K)->5764K(5824K) Class: 533K(640K)->533K(640K)
[57.344s][info][gc             ] GC(287) Pause Young (Allocation Failure) 8499M->8500M(9087M) 189.628ms
[57.344s][info][gc,cpu         ] GC(287) User=1.27s Sys=0.05s Real=0.19s
[57.527s][info][gc,start       ] GC(288) Pause Young (Allocation Failure)
[57.801s][info][gc,heap        ] GC(288) PSYoungGen: 427520K(427520K)->172000K(485376K) Eden: 171520K(171520K)->0K(189440K) From: 256000K(256000K)->172000K(295936K)
[57.801s][info][gc,heap        ] GC(288) ParOldGen: 8448566K(8877568K)->8706334K(8877568K)
[57.801s][info][gc,metaspace   ] GC(288) Metaspace: 6298K(6464K)->6298K(6464K) NonClass: 5764K(5824K)->5764K(5824K) Class: 533K(640K)->533K(640K)
[57.801s][info][gc             ] GC(288) Pause Young (Allocation Failure) 8668M->8670M(9143M) 274.150ms
[57.801s][info][gc,cpu         ] GC(288) User=1.20s Sys=0.22s Real=0.27s
[57.801s][info][gc,start       ] GC(289) Pause Full (Ergonomics)
[57.801s][info][gc,phases,start] GC(289) Marking Phase
[59.977s][info][gc,phases      ] GC(289) Marking Phase 2175.843ms
[59.977s][info][gc,phases,start] GC(289) Summary Phase
[59.977s][info][gc,phases      ] GC(289) Summary Phase 0.283ms
[59.977s][info][gc,phases,start] GC(289) Adjust Roots
[59.978s][info][gc,phases      ] GC(289) Adjust Roots 0.386ms
[59.978s][info][gc,phases,start] GC(289) Compaction Phase
[60.929s][info][gc,phases      ] GC(289) Compaction Phase 951.530ms
[60.929s][info][gc,phases,start] GC(289) Post Compact
[60.943s][info][gc,phases      ] GC(289) Post Compact 14.020ms
[60.946s][info][gc,heap        ] GC(289) PSYoungGen: 172000K(485376K)->0K(494592K) Eden: 0K(189440K)->0K(189440K) From: 172000K(295936K)->0K(305152K)
[60.947s][info][gc,heap        ] GC(289) ParOldGen: 8706334K(8877568K)->8871556K(9877504K)
[60.947s][info][gc,metaspace   ] GC(289) Metaspace: 6298K(6464K)->6298K(6464K) NonClass: 5764K(5824K)->5764K(5824K) Class: 533K(640K)->533K(640K)
[60.947s][info][gc             ] GC(289) Pause Full (Ergonomics) 8670M->8663M(10129M) 3145.651ms
[60.947s][info][gc,cpu         ] GC(289) User=20.77s Sys=0.12s Real=3.15s
[61.161s][info][gc,start       ] GC(290) Pause Young (Allocation Failure)
[61.291s][info][gc,heap        ] GC(290) PSYoungGen: 189440K(494592K)->189984K(500224K) Eden: 189440K(189440K)->0K(205312K) From: 0K(305152K)->189984K(294912K)
[61.291s][info][gc,heap        ] GC(290) ParOldGen: 8871556K(9877504K)->8871556K(9877504K)
[61.291s][info][gc,metaspace   ] GC(290) Metaspace: 6298K(6464K)->6298K(6464K) NonClass: 5764K(5824K)->5764K(5824K) Class: 533K(640K)->533K(640K)
[61.291s][info][gc             ] GC(290) Pause Young (Allocation Failure) 8848M->8849M(10134M) 130.219ms
[61.291s][info][gc,cpu         ] GC(290) User=0.50s Sys=0.02s Real=0.13s
[61.531s][info][gc,start       ] GC(291) Pause Young (Allocation Failure)
[61.760s][info][gc,heap        ] GC(291) PSYoungGen: 395296K(500224K)->302080K(507392K) Eden: 205312K(205312K)->0K(205312K) From: 189984K(294912K)->302080K(302080K)
[61.760s][info][gc,heap        ] GC(291) ParOldGen: 8871556K(9877504K)->8965668K(9877504K)
[61.760s][info][gc,metaspace   ] GC(291) Metaspace: 6298K(6464K)->6298K(6464K) NonClass: 5764K(5824K)->5764K(5824K) Class: 533K(640K)->533K(640K)
[61.760s][info][gc             ] GC(291) Pause Young (Allocation Failure) 9049M->9050M(10141M) 229.269ms
[61.760s][info][gc,cpu         ] GC(291) User=1.27s Sys=0.06s Real=0.23s
[61.979s][info][gc,start       ] GC(292) Pause Young (Allocation Failure)
[62.295s][info][gc,heap        ] GC(292) PSYoungGen: 507392K(507392K)->205856K(579072K) Eden: 205312K(205312K)->0K(224768K) From: 302080K(302080K)->205856K(354304K)
[62.295s][info][gc,heap        ] GC(292) ParOldGen: 8965668K(9877504K)->9269948K(9877504K)
[62.295s][info][gc,metaspace   ] GC(292) Metaspace: 6298K(6464K)->6298K(6464K) NonClass: 5764K(5824K)->5764K(5824K) Class: 533K(640K)->533K(640K)
[62.296s][info][gc             ] GC(292) Pause Young (Allocation Failure) 9251M->9253M(10211M) 316.224ms
[62.296s][info][gc,cpu         ] GC(292) User=1.55s Sys=0.27s Real=0.32s
[62.539s][info][gc,start       ] GC(293) Pause Young (Allocation Failure)
[62.794s][info][gc,heap        ] GC(293) PSYoungGen: 430624K(579072K)->364032K(588800K) Eden: 224768K(224768K)->0K(224768K) From: 205856K(354304K)->364032K(364032K)
[62.794s][info][gc,heap        ] GC(293) ParOldGen: 9269948K(9877504K)->9337380K(9877504K)
[62.794s][info][gc,metaspace   ] GC(293) Metaspace: 6298K(6464K)->6298K(6464K) NonClass: 5764K(5824K)->5764K(5824K) Class: 533K(640K)->533K(640K)
[62.794s][info][gc             ] GC(293) Pause Young (Allocation Failure) 9473M->9474M(10221M) 255.398ms
[62.794s][info][gc,cpu         ] GC(293) User=1.58s Sys=0.03s Real=0.26s
[63.029s][info][gc,start       ] GC(294) Pause Young (Allocation Failure)
[63.384s][info][gc,heap        ] GC(294) PSYoungGen: 588800K(588800K)->225344K(651264K) Eden: 224768K(224768K)->0K(247808K) From: 364032K(364032K)->225344K(403456K)
[63.384s][info][gc,heap        ] GC(294) ParOldGen: 9337380K(9877504K)->9704052K(9877504K)
[63.384s][info][gc,metaspace   ] GC(294) Metaspace: 6298K(6464K)->6298K(6464K) NonClass: 5764K(5824K)->5764K(5824K) Class: 533K(640K)->533K(640K)
[63.384s][info][gc             ] GC(294) Pause Young (Allocation Failure) 9693M->9696M(10282M) 354.402ms
[63.384s][info][gc,cpu         ] GC(294) User=2.05s Sys=0.27s Real=0.35s
[63.384s][info][gc,start       ] GC(295) Pause Full (Ergonomics)
[63.384s][info][gc,phases,start] GC(295) Marking Phase
[65.802s][info][gc,phases      ] GC(295) Marking Phase 2418.105ms
[65.802s][info][gc,phases,start] GC(295) Summary Phase
[65.802s][info][gc,phases      ] GC(295) Summary Phase 0.126ms
[65.802s][info][gc,phases,start] GC(295) Adjust Roots
[65.802s][info][gc,phases      ] GC(295) Adjust Roots 0.219ms
[65.802s][info][gc,phases,start] GC(295) Compaction Phase
[66.750s][info][gc,phases      ] GC(295) Compaction Phase 947.793ms
[66.750s][info][gc,phases,start] GC(295) Post Compact
[66.771s][info][gc,phases      ] GC(295) Post Compact 20.863ms
[66.771s][info][gc,heap        ] GC(295) PSYoungGen: 225344K(651264K)->43864K(667136K) Eden: 0K(247808K)->0K(263680K) From: 225344K(403456K)->43864K(403456K)
[66.771s][info][gc,heap        ] GC(295) ParOldGen: 9704052K(9877504K)->9877129K(9899008K)
[66.771s][info][gc,metaspace   ] GC(295) Metaspace: 6298K(6464K)->6298K(6464K) NonClass: 5764K(5824K)->5764K(5824K) Class: 533K(640K)->533K(640K)
[66.771s][info][gc             ] GC(295) Pause Full (Ergonomics) 9696M->9688M(10318M) 3387.623ms
[66.771s][info][gc,cpu         ] GC(295) User=24.34s Sys=0.08s Real=3.39s
[67.059s][info][gc,start       ] GC(296) Pause Full (Ergonomics)
[67.059s][info][gc,phases,start] GC(296) Marking Phase
[69.393s][info][gc,phases      ] GC(296) Marking Phase 2334.158ms
[69.393s][info][gc,phases,start] GC(296) Summary Phase
[69.394s][info][gc,phases      ] GC(296) Summary Phase 0.211ms
[69.394s][info][gc,phases,start] GC(296) Adjust Roots
[69.394s][info][gc,phases      ] GC(296) Adjust Roots 0.373ms
[69.394s][info][gc,phases,start] GC(296) Compaction Phase
[70.163s][info][gc,phases      ] GC(296) Compaction Phase 769.206ms
[70.163s][info][gc,phases,start] GC(296) Post Compact
[70.177s][info][gc,phases      ] GC(296) Post Compact 13.357ms
[70.177s][info][gc,heap        ] GC(296) PSYoungGen: 307544K(667136K)->286013K(667136K) Eden: 263680K(263680K)->263652K(263680K) From: 43864K(403456K)->22360K(403456K)
[70.177s][info][gc,heap        ] GC(296) ParOldGen: 9877129K(9899008K)->9898630K(9899008K)
[70.177s][info][gc,metaspace   ] GC(296) Metaspace: 6298K(6464K)->6298K(6464K) NonClass: 5764K(5824K)->5764K(5824K) Class: 533K(640K)->533K(640K)
[70.177s][info][gc             ] GC(296) Pause Full (Ergonomics) 9945M->9945M(10318M) 3117.790ms
[70.177s][info][gc,cpu         ] GC(296) User=23.33s Sys=0.05s Real=3.12s
[70.177s][info][gc,start       ] GC(297) Pause Full (Ergonomics)
[70.177s][info][gc,phases,start] GC(297) Marking Phase
[72.593s][info][gc,phases      ] GC(297) Marking Phase 2416.120ms
[72.593s][info][gc,phases,start] GC(297) Summary Phase
[72.593s][info][gc,phases      ] GC(297) Summary Phase 0.133ms
[72.593s][info][gc,phases,start] GC(297) Adjust Roots
[72.594s][info][gc,phases      ] GC(297) Adjust Roots 0.265ms
[72.594s][info][gc,phases,start] GC(297) Compaction Phase
[73.314s][info][gc,phases      ] GC(297) Compaction Phase 720.247ms
[73.314s][info][gc,phases,start] GC(297) Post Compact
[73.335s][info][gc,phases      ] GC(297) Post Compact 21.104ms
[73.335s][info][gc,heap        ] GC(297) PSYoungGen: 286040K(667136K)->286039K(667136K) Eden: 263680K(263680K)->263679K(263680K) From: 22360K(403456K)->22360K(403456K)
[73.335s][info][gc,heap        ] GC(297) ParOldGen: 9898630K(9899008K)->9898630K(9899008K)
[73.335s][info][gc,metaspace   ] GC(297) Metaspace: 6298K(6464K)->6298K(6464K) NonClass: 5764K(5824K)->5764K(5824K) Class: 533K(640K)->533K(640K)
[73.335s][info][gc             ] GC(297) Pause Full (Ergonomics) 9945M->9945M(10318M) 3158.333ms
[73.335s][info][gc,cpu         ] GC(297) User=23.27s Sys=0.02s Real=3.16s
[73.336s][info][gc,start       ] GC(298) Pause Full (Ergonomics)
[73.336s][info][gc,phases,start] GC(298) Marking Phase
[75.989s][info][gc,phases      ] GC(298) Marking Phase 2653.615ms
[75.989s][info][gc,phases,start] GC(298) Summary Phase
[75.989s][info][gc,phases      ] GC(298) Summary Phase 0.129ms
[75.989s][info][gc,phases,start] GC(298) Adjust Roots
[75.990s][info][gc,phases      ] GC(298) Adjust Roots 0.258ms
[75.990s][info][gc,phases,start] GC(298) Compaction Phase
[76.735s][info][gc,phases      ] GC(298) Compaction Phase 745.696ms
[76.735s][info][gc,phases,start] GC(298) Post Compact
[76.750s][info][gc,phases      ] GC(298) Post Compact 14.351ms
[76.750s][info][gc,heap        ] GC(298) PSYoungGen: 286040K(667136K)->286040K(667136K) Eden: 263679K(263680K)->263679K(263680K) From: 22360K(403456K)->22360K(403456K)
[76.750s][info][gc,heap        ] GC(298) ParOldGen: 9898630K(9899008K)->9898630K(9899008K)
[76.750s][info][gc,metaspace   ] GC(298) Metaspace: 6298K(6464K)->6298K(6464K) NonClass: 5764K(5824K)->5764K(5824K) Class: 533K(640K)->533K(640K)
[76.750s][info][gc             ] GC(298) Pause Full (Ergonomics) 9945M->9945M(10318M) 3414.400ms
[76.750s][info][gc,cpu         ] GC(298) User=23.06s Sys=0.00s Real=3.41s
[76.750s][info][gc,start       ] GC(299) Pause Full (Ergonomics)
[76.750s][info][gc,phases,start] GC(299) Marking Phase
[79.197s][info][gc,phases      ] GC(299) Marking Phase 2446.709ms
[79.197s][info][gc,phases,start] GC(299) Summary Phase
[79.197s][info][gc,phases      ] GC(299) Summary Phase 0.127ms
[79.197s][info][gc,phases,start] GC(299) Adjust Roots
[79.197s][info][gc,phases      ] GC(299) Adjust Roots 0.220ms
[79.197s][info][gc,phases,start] GC(299) Compaction Phase
[79.933s][info][gc,phases      ] GC(299) Compaction Phase 736.031ms
[79.934s][info][gc,phases,start] GC(299) Post Compact
[79.951s][info][gc,phases      ] GC(299) Post Compact 17.718ms
[79.951s][info][gc,heap        ] GC(299) PSYoungGen: 286040K(667136K)->286040K(667136K) Eden: 263679K(263680K)->263679K(263680K) From: 22360K(403456K)->22360K(403456K)
[79.951s][info][gc,heap        ] GC(299) ParOldGen: 9898636K(9899008K)->9898636K(9899008K)
[79.951s][info][gc,metaspace   ] GC(299) Metaspace: 6298K(6464K)->6298K(6464K) NonClass: 5764K(5824K)->5764K(5824K) Class: 533K(640K)->533K(640K)
[79.952s][info][gc             ] GC(299) Pause Full (Ergonomics) 9945M->9945M(10318M) 3201.324ms
[79.952s][info][gc,cpu         ] GC(299) User=23.34s Sys=0.03s Real=3.20s
[79.952s][info][gc,start       ] GC(300) Pause Full (Ergonomics)
[79.952s][info][gc,phases,start] GC(300) Marking Phase
[82.359s][info][gc,phases      ] GC(300) Marking Phase 2407.391ms
[82.359s][info][gc,phases,start] GC(300) Summary Phase
[82.359s][info][gc,phases      ] GC(300) Summary Phase 0.222ms
[82.360s][info][gc,phases,start] GC(300) Adjust Roots
[82.360s][info][gc,phases      ] GC(300) Adjust Roots 0.255ms
[82.360s][info][gc,phases,start] GC(300) Compaction Phase
[83.104s][info][gc,phases      ] GC(300) Compaction Phase 744.587ms
[83.104s][info][gc,phases,start] GC(300) Post Compact
[83.119s][info][gc,phases      ] GC(300) Post Compact 14.199ms
[83.119s][info][gc,heap        ] GC(300) PSYoungGen: 286040K(667136K)->286040K(667136K) Eden: 263679K(263680K)->263679K(263680K) From: 22360K(403456K)->22360K(403456K)
[83.119s][info][gc,heap        ] GC(300) ParOldGen: 9898640K(9899008K)->9898640K(9899008K)
[83.119s][info][gc,metaspace   ] GC(300) Metaspace: 6298K(6464K)->6298K(6464K) NonClass: 5764K(5824K)->5764K(5824K) Class: 533K(640K)->533K(640K)
[83.119s][info][gc             ] GC(300) Pause Full (Ergonomics) 9945M->9945M(10318M) 3167.057ms
[83.119s][info][gc,cpu         ] GC(300) User=23.61s Sys=0.02s Real=3.17s
[83.119s][info][gc,start       ] GC(301) Pause Full (Ergonomics)
[83.119s][info][gc,phases,start] GC(301) Marking Phase
[85.542s][info][gc,phases      ] GC(301) Marking Phase 2422.547ms
[85.542s][info][gc,phases,start] GC(301) Summary Phase
[85.542s][info][gc,phases      ] GC(301) Summary Phase 0.117ms
[85.542s][info][gc,phases,start] GC(301) Adjust Roots
[85.542s][info][gc,phases      ] GC(301) Adjust Roots 0.179ms
[85.542s][info][gc,phases,start] GC(301) Compaction Phase
[86.266s][info][gc,phases      ] GC(301) Compaction Phase 723.614ms
[86.266s][info][gc,phases,start] GC(301) Post Compact
[86.280s][info][gc,phases      ] GC(301) Post Compact 13.945ms
[86.280s][info][gc,heap        ] GC(301) PSYoungGen: 286040K(667136K)->286040K(667136K) Eden: 263679K(263680K)->263679K(263680K) From: 22360K(403456K)->22360K(403456K)
[86.280s][info][gc,heap        ] GC(301) ParOldGen: 9898645K(9899008K)->9898645K(9899008K)
[86.280s][info][gc,metaspace   ] GC(301) Metaspace: 6298K(6464K)->6298K(6464K) NonClass: 5764K(5824K)->5764K(5824K) Class: 533K(640K)->533K(640K)
[86.280s][info][gc             ] GC(301) Pause Full (Ergonomics) 9945M->9945M(10318M) 3160.763ms
[86.280s][info][gc,cpu         ] GC(301) User=23.31s Sys=0.05s Real=3.16s
[86.280s][info][gc,start       ] GC(302) Pause Full (Ergonomics)
[86.280s][info][gc,phases,start] GC(302) Marking Phase
[88.686s][info][gc,phases      ] GC(302) Marking Phase 2405.652ms
[88.686s][info][gc,phases,start] GC(302) Summary Phase
[88.686s][info][gc,phases      ] GC(302) Summary Phase 0.152ms
[88.686s][info][gc,phases,start] GC(302) Adjust Roots
[88.686s][info][gc,phases      ] GC(302) Adjust Roots 0.294ms
[88.686s][info][gc,phases,start] GC(302) Compaction Phase
[89.434s][info][gc,phases      ] GC(302) Compaction Phase 748.053ms
[89.434s][info][gc,phases,start] GC(302) Post Compact
[89.448s][info][gc,phases      ] GC(302) Post Compact 13.561ms
[89.448s][info][gc,heap        ] GC(302) PSYoungGen: 286040K(667136K)->286040K(667136K) Eden: 263679K(263680K)->263679K(263680K) From: 22360K(403456K)->22360K(403456K)
[89.448s][info][gc,heap        ] GC(302) ParOldGen: 9898650K(9899008K)->9898650K(9899008K)
[89.448s][info][gc,metaspace   ] GC(302) Metaspace: 6298K(6464K)->6298K(6464K) NonClass: 5764K(5824K)->5764K(5824K) Class: 533K(640K)->533K(640K)
[89.448s][info][gc             ] GC(302) Pause Full (Ergonomics) 9945M->9945M(10318M) 3168.118ms
[89.448s][info][gc,cpu         ] GC(302) User=24.41s Sys=0.03s Real=3.17s
[89.448s][info][gc,start       ] GC(303) Pause Full (Ergonomics)
[89.448s][info][gc,phases,start] GC(303) Marking Phase
[91.919s][info][gc,phases      ] GC(303) Marking Phase 2470.814ms
[91.919s][info][gc,phases,start] GC(303) Summary Phase
[91.919s][info][gc,phases      ] GC(303) Summary Phase 0.124ms
[91.919s][info][gc,phases,start] GC(303) Adjust Roots
[91.920s][info][gc,phases      ] GC(303) Adjust Roots 0.276ms
[91.920s][info][gc,phases,start] GC(303) Compaction Phase
[92.680s][info][gc,phases      ] GC(303) Compaction Phase 760.667ms
[92.680s][info][gc,phases,start] GC(303) Post Compact
[92.695s][info][gc,phases      ] GC(303) Post Compact 14.249ms
[92.695s][info][gc,heap        ] GC(303) PSYoungGen: 286040K(667136K)->286040K(667136K) Eden: 263679K(263680K)->263679K(263680K) From: 22360K(403456K)->22360K(403456K)
[92.695s][info][gc,heap        ] GC(303) ParOldGen: 9898655K(9899008K)->9898655K(9899008K)
[92.695s][info][gc,metaspace   ] GC(303) Metaspace: 6298K(6464K)->6298K(6464K) NonClass: 5764K(5824K)->5764K(5824K) Class: 533K(640K)->533K(640K)
[92.695s][info][gc             ] GC(303) Pause Full (Ergonomics) 9945M->9945M(10318M) 3246.477ms
[92.695s][info][gc,cpu         ] GC(303) User=23.83s Sys=0.03s Real=3.25s
[92.695s][info][gc,start       ] GC(304) Pause Full (Ergonomics)
[92.695s][info][gc,phases,start] GC(304) Marking Phase
[95.165s][info][gc,phases      ] GC(304) Marking Phase 2470.217ms
[95.165s][info][gc,phases,start] GC(304) Summary Phase
[95.166s][info][gc,phases      ] GC(304) Summary Phase 0.130ms
[95.166s][info][gc,phases,start] GC(304) Adjust Roots
[95.166s][info][gc,phases      ] GC(304) Adjust Roots 0.335ms
[95.166s][info][gc,phases,start] GC(304) Compaction Phase
[96.068s][info][gc,phases      ] GC(304) Compaction Phase 902.142ms
[96.068s][info][gc,phases,start] GC(304) Post Compact
[96.092s][info][gc,phases      ] GC(304) Post Compact 23.605ms
[96.092s][info][gc,heap        ] GC(304) PSYoungGen: 286040K(667136K)->286040K(667136K) Eden: 263679K(263680K)->263679K(263680K) From: 22360K(403456K)->22360K(403456K)
[96.092s][info][gc,heap        ] GC(304) ParOldGen: 9898660K(9899008K)->9898660K(9899008K)
[96.092s][info][gc,metaspace   ] GC(304) Metaspace: 6298K(6464K)->6298K(6464K) NonClass: 5764K(5824K)->5764K(5824K) Class: 533K(640K)->533K(640K)
[96.092s][info][gc             ] GC(304) Pause Full (Ergonomics) 9945M->9945M(10318M) 3396.900ms
[96.092s][info][gc,cpu         ] GC(304) User=24.23s Sys=0.05s Real=3.40s
[96.092s][info][gc,start       ] GC(305) Pause Full (Ergonomics)
[96.092s][info][gc,phases,start] GC(305) Marking Phase
[98.479s][info][gc,phases      ] GC(305) Marking Phase 2387.114ms
[98.479s][info][gc,phases,start] GC(305) Summary Phase
[98.480s][info][gc,phases      ] GC(305) Summary Phase 0.138ms
[98.480s][info][gc,phases,start] GC(305) Adjust Roots
[98.480s][info][gc,phases      ] GC(305) Adjust Roots 0.257ms
[98.480s][info][gc,phases,start] GC(305) Compaction Phase
[99.254s][info][gc,phases      ] GC(305) Compaction Phase 774.226ms
[99.254s][info][gc,phases,start] GC(305) Post Compact
[99.273s][info][gc,phases      ] GC(305) Post Compact 18.466ms
[99.273s][info][gc,heap        ] GC(305) PSYoungGen: 286040K(667136K)->286040K(667136K) Eden: 263679K(263680K)->263679K(263680K) From: 22360K(403456K)->22360K(403456K)
[99.273s][info][gc,heap        ] GC(305) ParOldGen: 9898665K(9899008K)->9898665K(9899008K)
[99.273s][info][gc,metaspace   ] GC(305) Metaspace: 6298K(6464K)->6298K(6464K) NonClass: 5764K(5824K)->5764K(5824K) Class: 533K(640K)->533K(640K)
[99.273s][info][gc             ] GC(305) Pause Full (Ergonomics) 9946M->9946M(10318M) 3180.592ms
[99.273s][info][gc,cpu         ] GC(305) User=24.08s Sys=0.02s Real=3.18s
[99.273s][info][gc,start       ] GC(306) Pause Full (Ergonomics)
[99.273s][info][gc,phases,start] GC(306) Marking Phase
[101.659s][info][gc,phases      ] GC(306) Marking Phase 2385.699ms
[101.659s][info][gc,phases,start] GC(306) Summary Phase
[101.659s][info][gc,phases      ] GC(306) Summary Phase 0.118ms
[101.659s][info][gc,phases,start] GC(306) Adjust Roots
[101.659s][info][gc,phases      ] GC(306) Adjust Roots 0.298ms
[101.659s][info][gc,phases,start] GC(306) Compaction Phase
[102.411s][info][gc,phases      ] GC(306) Compaction Phase 752.048ms
[102.411s][info][gc,phases,start] GC(306) Post Compact
[102.426s][info][gc,phases      ] GC(306) Post Compact 14.160ms
[102.426s][info][gc,heap        ] GC(306) PSYoungGen: 286040K(667136K)->286040K(667136K) Eden: 263679K(263680K)->263679K(263680K) From: 22360K(403456K)->22360K(403456K)
[102.426s][info][gc,heap        ] GC(306) ParOldGen: 9898669K(9899008K)->9898669K(9899008K)
[102.426s][info][gc,metaspace   ] GC(306) Metaspace: 6298K(6464K)->6298K(6464K) NonClass: 5764K(5824K)->5764K(5824K) Class: 533K(640K)->533K(640K)
[102.426s][info][gc             ] GC(306) Pause Full (Ergonomics) 9946M->9946M(10318M) 3152.704ms
[102.426s][info][gc,cpu         ] GC(306) User=23.89s Sys=0.06s Real=3.15s
[102.426s][info][gc,start       ] GC(307) Pause Full (Ergonomics)
[102.426s][info][gc,phases,start] GC(307) Marking Phase
[104.825s][info][gc,phases      ] GC(307) Marking Phase 2399.273ms
[104.825s][info][gc,phases,start] GC(307) Summary Phase
[104.825s][info][gc,phases      ] GC(307) Summary Phase 0.106ms
[104.825s][info][gc,phases,start] GC(307) Adjust Roots
[104.826s][info][gc,phases      ] GC(307) Adjust Roots 0.228ms
[104.826s][info][gc,phases,start] GC(307) Compaction Phase
[105.582s][info][gc,phases      ] GC(307) Compaction Phase 756.297ms
[105.582s][info][gc,phases,start] GC(307) Post Compact
[105.598s][info][gc,phases      ] GC(307) Post Compact 15.634ms
[105.598s][info][gc,heap        ] GC(307) PSYoungGen: 286040K(667136K)->286040K(667136K) Eden: 263679K(263680K)->263679K(263680K) From: 22360K(403456K)->22360K(403456K)
[105.598s][info][gc,heap        ] GC(307) ParOldGen: 9898674K(9899008K)->9898674K(9899008K)
[105.598s][info][gc,metaspace   ] GC(307) Metaspace: 6298K(6464K)->6298K(6464K) NonClass: 5764K(5824K)->5764K(5824K) Class: 533K(640K)->533K(640K)
[105.598s][info][gc             ] GC(307) Pause Full (Ergonomics) 9946M->9946M(10318M) 3171.876ms
[105.598s][info][gc,cpu         ] GC(307) User=23.92s Sys=0.02s Real=3.17s
[105.598s][info][gc,start       ] GC(308) Pause Full (Ergonomics)
[105.598s][info][gc,phases,start] GC(308) Marking Phase
[107.977s][info][gc,phases      ] GC(308) Marking Phase 2378.676ms
[107.977s][info][gc,phases,start] GC(308) Summary Phase
[107.977s][info][gc,phases      ] GC(308) Summary Phase 0.114ms
[107.977s][info][gc,phases,start] GC(308) Adjust Roots
[107.977s][info][gc,phases      ] GC(308) Adjust Roots 0.227ms
[107.977s][info][gc,phases,start] GC(308) Compaction Phase
[108.706s][info][gc,phases      ] GC(308) Compaction Phase 728.362ms
[108.706s][info][gc,phases,start] GC(308) Post Compact
[108.721s][info][gc,phases      ] GC(308) Post Compact 14.912ms
[108.721s][info][gc,heap        ] GC(308) PSYoungGen: 286040K(667136K)->286040K(667136K) Eden: 263679K(263680K)->263679K(263680K) From: 22360K(403456K)->22360K(403456K)
[108.721s][info][gc,heap        ] GC(308) ParOldGen: 9898679K(9899008K)->9898679K(9899008K)
[108.721s][info][gc,metaspace   ] GC(308) Metaspace: 6298K(6464K)->6298K(6464K) NonClass: 5764K(5824K)->5764K(5824K) Class: 533K(640K)->533K(640K)
[108.721s][info][gc             ] GC(308) Pause Full (Ergonomics) 9946M->9946M(10318M) 3122.693ms
[108.721s][info][gc,cpu         ] GC(308) User=24.08s Sys=0.00s Real=3.12s
[108.721s][info][gc,start       ] GC(309) Pause Full (Ergonomics)
[108.721s][info][gc,phases,start] GC(309) Marking Phase
[111.039s][info][gc,phases      ] GC(309) Marking Phase 2317.546ms
[111.039s][info][gc,phases,start] GC(309) Summary Phase
[111.039s][info][gc,phases      ] GC(309) Summary Phase 0.102ms
[111.039s][info][gc,phases,start] GC(309) Adjust Roots
[111.039s][info][gc,phases      ] GC(309) Adjust Roots 0.192ms
[111.039s][info][gc,phases,start] GC(309) Compaction Phase
[111.784s][info][gc,phases      ] GC(309) Compaction Phase 745.446ms
[111.784s][info][gc,phases,start] GC(309) Post Compact
[111.798s][info][gc,phases      ] GC(309) Post Compact 13.422ms
[111.798s][info][gc,heap        ] GC(309) PSYoungGen: 286040K(667136K)->286040K(667136K) Eden: 263679K(263680K)->263679K(263680K) From: 22360K(403456K)->22360K(403456K)
[111.798s][info][gc,heap        ] GC(309) ParOldGen: 9898684K(9899008K)->9898684K(9899008K)
[111.798s][info][gc,metaspace   ] GC(309) Metaspace: 6298K(6464K)->6298K(6464K) NonClass: 5764K(5824K)->5764K(5824K) Class: 533K(640K)->533K(640K)
[111.798s][info][gc             ] GC(309) Pause Full (Ergonomics) 9946M->9946M(10318M) 3077.052ms
[111.798s][info][gc,cpu         ] GC(309) User=23.34s Sys=0.02s Real=3.08s
[111.798s][info][gc,start       ] GC(310) Pause Full (Ergonomics)
[111.798s][info][gc,phases,start] GC(310) Marking Phase
[114.172s][info][gc,phases      ] GC(310) Marking Phase 2373.228ms
[114.172s][info][gc,phases,start] GC(310) Summary Phase
[114.172s][info][gc,phases      ] GC(310) Summary Phase 0.115ms
[114.172s][info][gc,phases,start] GC(310) Adjust Roots
[114.172s][info][gc,phases      ] GC(310) Adjust Roots 0.211ms
[114.172s][info][gc,phases,start] GC(310) Compaction Phase
[114.902s][info][gc,phases      ] GC(310) Compaction Phase 730.024ms
[114.902s][info][gc,phases,start] GC(310) Post Compact
[114.918s][info][gc,phases      ] GC(310) Post Compact 15.476ms
[114.918s][info][gc,heap        ] GC(310) PSYoungGen: 286040K(667136K)->286040K(667136K) Eden: 263679K(263680K)->263679K(263680K) From: 22360K(403456K)->22360K(403456K)
[114.918s][info][gc,heap        ] GC(310) ParOldGen: 9898689K(9899008K)->9898689K(9899008K)
[114.918s][info][gc,metaspace   ] GC(310) Metaspace: 6298K(6464K)->6298K(6464K) NonClass: 5764K(5824K)->5764K(5824K) Class: 533K(640K)->533K(640K)
[114.918s][info][gc             ] GC(310) Pause Full (Ergonomics) 9946M->9946M(10318M) 3119.478ms
[114.918s][info][gc,cpu         ] GC(310) User=23.91s Sys=0.00s Real=3.12s
[114.918s][info][gc,start       ] GC(311) Pause Full (Ergonomics)
[114.918s][info][gc,phases,start] GC(311) Marking Phase
[117.281s][info][gc,phases      ] GC(311) Marking Phase 2362.560ms
[117.281s][info][gc,phases,start] GC(311) Summary Phase
[117.281s][info][gc,phases      ] GC(311) Summary Phase 0.096ms
[117.281s][info][gc,phases,start] GC(311) Adjust Roots
[117.281s][info][gc,phases      ] GC(311) Adjust Roots 0.186ms
[117.281s][info][gc,phases,start] GC(311) Compaction Phase
[118.005s][info][gc,phases      ] GC(311) Compaction Phase 723.838ms
[118.005s][info][gc,phases,start] GC(311) Post Compact
[118.019s][info][gc,phases      ] GC(311) Post Compact 14.058ms
[118.019s][info][gc,heap        ] GC(311) PSYoungGen: 286040K(667136K)->286040K(667136K) Eden: 263679K(263680K)->263679K(263680K) From: 22360K(403456K)->22360K(403456K)
[118.019s][info][gc,heap        ] GC(311) ParOldGen: 9898694K(9899008K)->9898694K(9899008K)
[118.019s][info][gc,metaspace   ] GC(311) Metaspace: 6298K(6464K)->6298K(6464K) NonClass: 5764K(5824K)->5764K(5824K) Class: 533K(640K)->533K(640K)
[118.019s][info][gc             ] GC(311) Pause Full (Ergonomics) 9946M->9946M(10318M) 3101.110ms
[118.019s][info][gc,cpu         ] GC(311) User=23.64s Sys=0.00s Real=3.10s
[118.019s][info][gc,start       ] GC(312) Pause Full (Ergonomics)
[118.019s][info][gc,phases,start] GC(312) Marking Phase
[120.384s][info][gc,phases      ] GC(312) Marking Phase 2364.234ms
[120.384s][info][gc,phases,start] GC(312) Summary Phase
[120.384s][info][gc,phases      ] GC(312) Summary Phase 0.094ms
[120.384s][info][gc,phases,start] GC(312) Adjust Roots
[120.384s][info][gc,phases      ] GC(312) Adjust Roots 0.163ms
[120.384s][info][gc,phases,start] GC(312) Compaction Phase
[121.106s][info][gc,phases      ] GC(312) Compaction Phase 721.561ms
[121.106s][info][gc,phases,start] GC(312) Post Compact
[121.120s][info][gc,phases      ] GC(312) Post Compact 13.929ms
[121.120s][info][gc,heap        ] GC(312) PSYoungGen: 286040K(667136K)->286040K(667136K) Eden: 263679K(263680K)->263679K(263680K) From: 22360K(403456K)->22360K(403456K)
[121.120s][info][gc,heap        ] GC(312) ParOldGen: 9898698K(9899008K)->9898698K(9899008K)
[121.120s][info][gc,metaspace   ] GC(312) Metaspace: 6298K(6464K)->6298K(6464K) NonClass: 5764K(5824K)->5764K(5824K) Class: 533K(640K)->533K(640K)
[121.120s][info][gc             ] GC(312) Pause Full (Ergonomics) 9946M->9946M(10318M) 3100.333ms
[121.120s][info][gc,cpu         ] GC(312) User=24.17s Sys=0.00s Real=3.10s
[121.120s][info][gc,start       ] GC(313) Pause Full (Ergonomics)
[121.120s][info][gc,phases,start] GC(313) Marking Phase
[123.540s][info][gc,phases      ] GC(313) Marking Phase 2419.976ms
[123.540s][info][gc,phases,start] GC(313) Summary Phase
[123.540s][info][gc,phases      ] GC(313) Summary Phase 0.106ms
[123.540s][info][gc,phases,start] GC(313) Adjust Roots
[123.540s][info][gc,phases      ] GC(313) Adjust Roots 0.242ms
[123.540s][info][gc,phases,start] GC(313) Compaction Phase
[124.292s][info][gc,phases      ] GC(313) Compaction Phase 751.433ms
[124.292s][info][gc,phases,start] GC(313) Post Compact
[124.306s][info][gc,phases      ] GC(313) Post Compact 14.227ms
[124.306s][info][gc,heap        ] GC(313) PSYoungGen: 286040K(667136K)->286040K(667136K) Eden: 263679K(263680K)->263679K(263680K) From: 22360K(403456K)->22360K(403456K)
[124.306s][info][gc,heap        ] GC(313) ParOldGen: 9898703K(9899008K)->9898703K(9899008K)
[124.306s][info][gc,metaspace   ] GC(313) Metaspace: 6298K(6464K)->6298K(6464K) NonClass: 5764K(5824K)->5764K(5824K) Class: 533K(640K)->533K(640K)
[124.306s][info][gc             ] GC(313) Pause Full (Ergonomics) 9946M->9946M(10318M) 3186.316ms
[124.306s][info][gc,cpu         ] GC(313) User=23.23s Sys=0.05s Real=3.19s
[124.306s][info][gc,start       ] GC(314) Pause Full (Ergonomics)
[124.307s][info][gc,phases,start] GC(314) Marking Phase
[126.635s][info][gc,phases      ] GC(314) Marking Phase 2327.982ms
[126.635s][info][gc,phases,start] GC(314) Summary Phase
[126.635s][info][gc,phases      ] GC(314) Summary Phase 0.109ms
[126.635s][info][gc,phases,start] GC(314) Adjust Roots
[126.635s][info][gc,phases      ] GC(314) Adjust Roots 0.190ms
[126.635s][info][gc,phases,start] GC(314) Compaction Phase
[127.337s][info][gc,phases      ] GC(314) Compaction Phase 702.065ms
[127.337s][info][gc,phases,start] GC(314) Post Compact
[127.350s][info][gc,phases      ] GC(314) Post Compact 12.596ms
[127.350s][info][gc,heap        ] GC(314) PSYoungGen: 286040K(667136K)->286040K(667136K) Eden: 263679K(263680K)->263679K(263680K) From: 22360K(403456K)->22360K(403456K)
[127.350s][info][gc,heap        ] GC(314) ParOldGen: 9898708K(9899008K)->9898708K(9899008K)
[127.350s][info][gc,metaspace   ] GC(314) Metaspace: 6298K(6464K)->6298K(6464K) NonClass: 5764K(5824K)->5764K(5824K) Class: 533K(640K)->533K(640K)
[127.350s][info][gc             ] GC(314) Pause Full (Ergonomics) 9946M->9946M(10318M) 3043.291ms
[127.350s][info][gc,cpu         ] GC(314) User=23.62s Sys=0.00s Real=3.04s
[127.350s][info][gc,start       ] GC(315) Pause Full (Ergonomics)
[127.350s][info][gc,phases,start] GC(315) Marking Phase
[129.711s][info][gc,phases      ] GC(315) Marking Phase 2361.397ms
[129.711s][info][gc,phases,start] GC(315) Summary Phase
[129.712s][info][gc,phases      ] GC(315) Summary Phase 0.099ms
[129.712s][info][gc,phases,start] GC(315) Adjust Roots
[129.712s][info][gc,phases      ] GC(315) Adjust Roots 0.219ms
[129.712s][info][gc,phases,start] GC(315) Compaction Phase
[130.431s][info][gc,phases      ] GC(315) Compaction Phase 719.391ms
[130.431s][info][gc,phases,start] GC(315) Post Compact
[130.445s][info][gc,phases      ] GC(315) Post Compact 13.564ms
[130.445s][info][gc,heap        ] GC(315) PSYoungGen: 286040K(667136K)->286040K(667136K) Eden: 263679K(263680K)->263679K(263680K) From: 22360K(403456K)->22360K(403456K)
[130.445s][info][gc,heap        ] GC(315) ParOldGen: 9898713K(9899008K)->9898713K(9899008K)
[130.445s][info][gc,metaspace   ] GC(315) Metaspace: 6298K(6464K)->6298K(6464K) NonClass: 5764K(5824K)->5764K(5824K) Class: 533K(640K)->533K(640K)
[130.445s][info][gc             ] GC(315) Pause Full (Ergonomics) 9946M->9946M(10318M) 3095.011ms
[130.445s][info][gc,cpu         ] GC(315) User=23.92s Sys=0.00s Real=3.10s
[130.445s][info][gc,start       ] GC(316) Pause Full (Ergonomics)
[130.445s][info][gc,phases,start] GC(316) Marking Phase
[132.775s][info][gc,phases      ] GC(316) Marking Phase 2329.459ms
[132.775s][info][gc,phases,start] GC(316) Summary Phase
[132.775s][info][gc,phases      ] GC(316) Summary Phase 0.102ms
[132.775s][info][gc,phases,start] GC(316) Adjust Roots
[132.775s][info][gc,phases      ] GC(316) Adjust Roots 0.167ms
[132.775s][info][gc,phases,start] GC(316) Compaction Phase
[133.474s][info][gc,phases      ] GC(316) Compaction Phase 698.803ms
[133.474s][info][gc,phases,start] GC(316) Post Compact
[133.488s][info][gc,phases      ] GC(316) Post Compact 13.737ms
[133.488s][info][gc,heap        ] GC(316) PSYoungGen: 286040K(667136K)->286040K(667136K) Eden: 263679K(263680K)->263679K(263680K) From: 22360K(403456K)->22360K(403456K)
[133.488s][info][gc,heap        ] GC(316) ParOldGen: 9898718K(9899008K)->9898718K(9899008K)
[133.488s][info][gc,metaspace   ] GC(316) Metaspace: 6298K(6464K)->6298K(6464K) NonClass: 5764K(5824K)->5764K(5824K) Class: 533K(640K)->533K(640K)
[133.488s][info][gc             ] GC(316) Pause Full (Ergonomics) 9946M->9946M(10318M) 3042.645ms
[133.488s][info][gc,cpu         ] GC(316) User=23.70s Sys=0.00s Real=3.04s
[133.488s][info][gc,start       ] GC(317) Pause Full (Ergonomics)
[133.488s][info][gc,phases,start] GC(317) Marking Phase
[135.830s][info][gc,phases      ] GC(317) Marking Phase 2341.658ms
[135.830s][info][gc,phases,start] GC(317) Summary Phase
[135.830s][info][gc,phases      ] GC(317) Summary Phase 0.098ms
[135.830s][info][gc,phases,start] GC(317) Adjust Roots
[135.830s][info][gc,phases      ] GC(317) Adjust Roots 0.209ms
[135.830s][info][gc,phases,start] GC(317) Compaction Phase
[136.512s][info][gc,phases      ] GC(317) Compaction Phase 681.714ms
[136.512s][info][gc,phases,start] GC(317) Post Compact
[136.525s][info][gc,phases      ] GC(317) Post Compact 12.783ms
[136.525s][info][gc,heap        ] GC(317) PSYoungGen: 286040K(667136K)->286040K(667136K) Eden: 263679K(263680K)->263679K(263680K) From: 22360K(403456K)->22360K(403456K)
[136.525s][info][gc,heap        ] GC(317) ParOldGen: 9898723K(9899008K)->9898723K(9899008K)
[136.525s][info][gc,metaspace   ] GC(317) Metaspace: 6298K(6464K)->6298K(6464K) NonClass: 5764K(5824K)->5764K(5824K) Class: 533K(640K)->533K(640K)
[136.525s][info][gc             ] GC(317) Pause Full (Ergonomics) 9946M->9946M(10318M) 3036.794ms
[136.525s][info][gc,cpu         ] GC(317) User=23.89s Sys=0.00s Real=3.04s
[136.525s][info][gc,start       ] GC(318) Pause Full (Ergonomics)
[136.525s][info][gc,phases,start] GC(318) Marking Phase
[138.821s][info][gc,phases      ] GC(318) Marking Phase 2295.771ms
[138.821s][info][gc,phases,start] GC(318) Summary Phase
[138.821s][info][gc,phases      ] GC(318) Summary Phase 0.103ms
[138.821s][info][gc,phases,start] GC(318) Adjust Roots
[138.821s][info][gc,phases      ] GC(318) Adjust Roots 0.193ms
[138.821s][info][gc,phases,start] GC(318) Compaction Phase
[139.508s][info][gc,phases      ] GC(318) Compaction Phase 686.925ms
[139.508s][info][gc,phases,start] GC(318) Post Compact
[139.524s][info][gc,phases      ] GC(318) Post Compact 15.186ms
[139.524s][info][gc,heap        ] GC(318) PSYoungGen: 286040K(667136K)->286040K(667136K) Eden: 263679K(263680K)->263679K(263680K) From: 22360K(403456K)->22360K(403456K)
[139.524s][info][gc,heap        ] GC(318) ParOldGen: 9898727K(9899008K)->9898727K(9899008K)
[139.524s][info][gc,metaspace   ] GC(318) Metaspace: 6298K(6464K)->6298K(6464K) NonClass: 5764K(5824K)->5764K(5824K) Class: 533K(640K)->533K(640K)
[139.524s][info][gc             ] GC(318) Pause Full (Ergonomics) 9946M->9946M(10318M) 2998.533ms
[139.524s][info][gc,cpu         ] GC(318) User=23.31s Sys=0.00s Real=3.00s
[139.524s][info][gc,start       ] GC(319) Pause Full (Ergonomics)
[139.524s][info][gc,phases,start] GC(319) Marking Phase
[141.842s][info][gc,phases      ] GC(319) Marking Phase 2317.696ms
[141.842s][info][gc,phases,start] GC(319) Summary Phase
[141.842s][info][gc,phases      ] GC(319) Summary Phase 0.105ms
[141.842s][info][gc,phases,start] GC(319) Adjust Roots
[141.842s][info][gc,phases      ] GC(319) Adjust Roots 0.226ms
[141.842s][info][gc,phases,start] GC(319) Compaction Phase
[142.538s][info][gc,phases      ] GC(319) Compaction Phase 696.006ms
[142.538s][info][gc,phases,start] GC(319) Post Compact
[142.552s][info][gc,phases      ] GC(319) Post Compact 14.054ms
[142.552s][info][gc,heap        ] GC(319) PSYoungGen: 286040K(667136K)->286040K(667136K) Eden: 263679K(263680K)->263679K(263680K) From: 22360K(403456K)->22360K(403456K)
[142.552s][info][gc,heap        ] GC(319) ParOldGen: 9898732K(9899008K)->9898732K(9899008K)
[142.552s][info][gc,metaspace   ] GC(319) Metaspace: 6298K(6464K)->6298K(6464K) NonClass: 5764K(5824K)->5764K(5824K) Class: 533K(640K)->533K(640K)
[142.552s][info][gc             ] GC(319) Pause Full (Ergonomics) 9946M->9946M(10318M) 3028.418ms
[142.552s][info][gc,cpu         ] GC(319) User=23.56s Sys=0.00s Real=3.03s
[142.553s][info][gc,start       ] GC(320) Pause Full (Ergonomics)
[142.553s][info][gc,phases,start] GC(320) Marking Phase
[144.871s][info][gc,phases      ] GC(320) Marking Phase 2317.916ms
[144.871s][info][gc,phases,start] GC(320) Summary Phase
[144.871s][info][gc,phases      ] GC(320) Summary Phase 0.099ms
[144.871s][info][gc,phases,start] GC(320) Adjust Roots
[144.871s][info][gc,phases      ] GC(320) Adjust Roots 0.213ms
[144.871s][info][gc,phases,start] GC(320) Compaction Phase
[145.553s][info][gc,phases      ] GC(320) Compaction Phase 682.218ms
[145.553s][info][gc,phases,start] GC(320) Post Compact
[145.568s][info][gc,phases      ] GC(320) Post Compact 14.460ms
[145.568s][info][gc,heap        ] GC(320) PSYoungGen: 286040K(667136K)->286040K(667136K) Eden: 263679K(263680K)->263679K(263680K) From: 22360K(403456K)->22360K(403456K)
[145.568s][info][gc,heap        ] GC(320) ParOldGen: 9898737K(9899008K)->9898737K(9899008K)
[145.568s][info][gc,metaspace   ] GC(320) Metaspace: 6298K(6464K)->6298K(6464K) NonClass: 5764K(5824K)->5764K(5824K) Class: 533K(640K)->533K(640K)
[145.568s][info][gc             ] GC(320) Pause Full (Ergonomics) 9946M->9946M(10318M) 3015.287ms
[145.568s][info][gc,cpu         ] GC(320) User=23.44s Sys=0.00s Real=3.02s
[145.568s][info][gc,start       ] GC(321) Pause Full (Ergonomics)
[145.568s][info][gc,phases,start] GC(321) Marking Phase
[147.882s][info][gc,phases      ] GC(321) Marking Phase 2314.204ms
[147.882s][info][gc,phases,start] GC(321) Summary Phase
[147.882s][info][gc,phases      ] GC(321) Summary Phase 0.095ms
[147.882s][info][gc,phases,start] GC(321) Adjust Roots
[147.883s][info][gc,phases      ] GC(321) Adjust Roots 0.167ms
[147.883s][info][gc,phases,start] GC(321) Compaction Phase
[148.557s][info][gc,phases      ] GC(321) Compaction Phase 674.679ms
[148.557s][info][gc,phases,start] GC(321) Post Compact
[148.572s][info][gc,phases      ] GC(321) Post Compact 14.117ms
[148.572s][info][gc,heap        ] GC(321) PSYoungGen: 286040K(667136K)->286040K(667136K) Eden: 263679K(263680K)->263679K(263680K) From: 22360K(403456K)->22360K(403456K)
[148.572s][info][gc,heap        ] GC(321) ParOldGen: 9898742K(9899008K)->9898742K(9899008K)
[148.572s][info][gc,metaspace   ] GC(321) Metaspace: 6298K(6464K)->6298K(6464K) NonClass: 5764K(5824K)->5764K(5824K) Class: 533K(640K)->533K(640K)
[148.572s][info][gc             ] GC(321) Pause Full (Ergonomics) 9946M->9946M(10318M) 3003.600ms
[148.572s][info][gc,cpu         ] GC(321) User=23.55s Sys=0.00s Real=3.00s
[148.572s][info][gc,start       ] GC(322) Pause Full (Ergonomics)
[148.572s][info][gc,phases,start] GC(322) Marking Phase
[150.880s][info][gc,phases      ] GC(322) Marking Phase 2307.994ms
[150.880s][info][gc,phases,start] GC(322) Summary Phase
[150.880s][info][gc,phases      ] GC(322) Summary Phase 0.102ms
[150.880s][info][gc,phases,start] GC(322) Adjust Roots
[150.880s][info][gc,phases      ] GC(322) Adjust Roots 0.188ms
[150.880s][info][gc,phases,start] GC(322) Compaction Phase
[151.549s][info][gc,phases      ] GC(322) Compaction Phase 668.628ms
[151.549s][info][gc,phases,start] GC(322) Post Compact
[151.563s][info][gc,phases      ] GC(322) Post Compact 13.680ms
[151.563s][info][gc,heap        ] GC(322) PSYoungGen: 286040K(667136K)->286040K(667136K) Eden: 263679K(263680K)->263679K(263680K) From: 22360K(403456K)->22360K(403456K)
[151.563s][info][gc,heap        ] GC(322) ParOldGen: 9898747K(9899008K)->9898747K(9899008K)
[151.563s][info][gc,metaspace   ] GC(322) Metaspace: 6298K(6464K)->6298K(6464K) NonClass: 5764K(5824K)->5764K(5824K) Class: 533K(640K)->533K(640K)
[151.563s][info][gc             ] GC(322) Pause Full (Ergonomics) 9946M->9946M(10318M) 2990.961ms
[151.563s][info][gc,cpu         ] GC(322) User=23.30s Sys=0.00s Real=2.99s
[151.563s][info][gc,start       ] GC(323) Pause Full (Ergonomics)
[151.563s][info][gc,phases,start] GC(323) Marking Phase
[153.842s][info][gc,phases      ] GC(323) Marking Phase 2278.693ms
[153.842s][info][gc,phases,start] GC(323) Summary Phase
[153.842s][info][gc,phases      ] GC(323) Summary Phase 0.094ms
[153.842s][info][gc,phases,start] GC(323) Adjust Roots
[153.842s][info][gc,phases      ] GC(323) Adjust Roots 0.164ms
[153.842s][info][gc,phases,start] GC(323) Compaction Phase
[154.495s][info][gc,phases      ] GC(323) Compaction Phase 652.854ms
[154.495s][info][gc,phases,start] GC(323) Post Compact
[154.508s][info][gc,phases      ] GC(323) Post Compact 13.413ms
[154.509s][info][gc,heap        ] GC(323) PSYoungGen: 286040K(667136K)->286040K(667136K) Eden: 263679K(263680K)->263679K(263680K) From: 22360K(403456K)->22360K(403456K)
[154.509s][info][gc,heap        ] GC(323) ParOldGen: 9898752K(9899008K)->9898752K(9899008K)
[154.509s][info][gc,metaspace   ] GC(323) Metaspace: 6298K(6464K)->6298K(6464K) NonClass: 5764K(5824K)->5764K(5824K) Class: 533K(640K)->533K(640K)
[154.509s][info][gc             ] GC(323) Pause Full (Ergonomics) 9946M->9946M(10318M) 2945.575ms
[154.509s][info][gc,cpu         ] GC(323) User=23.05s Sys=0.03s Real=2.95s
[154.509s][info][gc,start       ] GC(324) Pause Full (Ergonomics)
[154.509s][info][gc,phases,start] GC(324) Marking Phase
[156.803s][info][gc,phases      ] GC(324) Marking Phase 2294.493ms
[156.803s][info][gc,phases,start] GC(324) Summary Phase
[156.804s][info][gc,phases      ] GC(324) Summary Phase 0.094ms
[156.804s][info][gc,phases,start] GC(324) Adjust Roots
[156.804s][info][gc,phases      ] GC(324) Adjust Roots 0.157ms
[156.804s][info][gc,phases,start] GC(324) Compaction Phase
[157.482s][info][gc,phases      ] GC(324) Compaction Phase 678.491ms
[157.482s][info][gc,phases,start] GC(324) Post Compact
[157.497s][info][gc,phases      ] GC(324) Post Compact 14.303ms
[157.497s][info][gc,heap        ] GC(324) PSYoungGen: 286040K(667136K)->286040K(667136K) Eden: 263679K(263680K)->263679K(263680K) From: 22360K(403456K)->22360K(403456K)
[157.497s][info][gc,heap        ] GC(324) ParOldGen: 9898756K(9899008K)->9898756K(9899008K)
[157.497s][info][gc,metaspace   ] GC(324) Metaspace: 6298K(6464K)->6298K(6464K) NonClass: 5764K(5824K)->5764K(5824K) Class: 533K(640K)->533K(640K)
[157.497s][info][gc             ] GC(324) Pause Full (Ergonomics) 9946M->9946M(10318M) 2987.881ms
[157.497s][info][gc,cpu         ] GC(324) User=23.27s Sys=0.00s Real=2.99s
[157.497s][info][gc,start       ] GC(325) Pause Full (Ergonomics)
[157.497s][info][gc,phases,start] GC(325) Marking Phase
[159.776s][info][gc,phases      ] GC(325) Marking Phase 2279.385ms
[159.776s][info][gc,phases,start] GC(325) Summary Phase
[159.776s][info][gc,phases      ] GC(325) Summary Phase 0.096ms
[159.776s][info][gc,phases,start] GC(325) Adjust Roots
[159.777s][info][gc,phases      ] GC(325) Adjust Roots 0.164ms
[159.777s][info][gc,phases,start] GC(325) Compaction Phase
[160.458s][info][gc,phases      ] GC(325) Compaction Phase 681.208ms
[160.458s][info][gc,phases,start] GC(325) Post Compact
[160.472s][info][gc,phases      ] GC(325) Post Compact 14.319ms
[160.472s][info][gc,heap        ] GC(325) PSYoungGen: 286040K(667136K)->286040K(667136K) Eden: 263679K(263680K)->263679K(263680K) From: 22360K(403456K)->22360K(403456K)
[160.472s][info][gc,heap        ] GC(325) ParOldGen: 9898761K(9899008K)->9898761K(9899008K)
[160.472s][info][gc,metaspace   ] GC(325) Metaspace: 6298K(6464K)->6298K(6464K) NonClass: 5764K(5824K)->5764K(5824K) Class: 533K(640K)->533K(640K)
[160.472s][info][gc             ] GC(325) Pause Full (Ergonomics) 9946M->9946M(10318M) 2975.486ms
[160.472s][info][gc,cpu         ] GC(325) User=22.97s Sys=0.02s Real=2.98s
[160.473s][info][gc,start       ] GC(326) Pause Full (Ergonomics)
[160.473s][info][gc,phases,start] GC(326) Marking Phase
[162.802s][info][gc,phases      ] GC(326) Marking Phase 2329.751ms
[162.802s][info][gc,phases,start] GC(326) Summary Phase
[162.803s][info][gc,phases      ] GC(326) Summary Phase 0.096ms
[162.803s][info][gc,phases,start] GC(326) Adjust Roots
[162.803s][info][gc,phases      ] GC(326) Adjust Roots 0.173ms
[162.803s][info][gc,phases,start] GC(326) Compaction Phase
[163.469s][info][gc,phases      ] GC(326) Compaction Phase 665.900ms
[163.469s][info][gc,phases,start] GC(326) Post Compact
[163.482s][info][gc,phases      ] GC(326) Post Compact 13.548ms
[163.482s][info][gc,heap        ] GC(326) PSYoungGen: 286040K(667136K)->286040K(667136K) Eden: 263679K(263680K)->263679K(263680K) From: 22360K(403456K)->22360K(403456K)
[163.482s][info][gc,heap        ] GC(326) ParOldGen: 9898766K(9899008K)->9898766K(9899008K)
[163.482s][info][gc,metaspace   ] GC(326) Metaspace: 6298K(6464K)->6298K(6464K) NonClass: 5764K(5824K)->5764K(5824K) Class: 533K(640K)->533K(640K)
[163.482s][info][gc             ] GC(326) Pause Full (Ergonomics) 9946M->9946M(10318M) 3009.814ms
[163.482s][info][gc,cpu         ] GC(326) User=23.53s Sys=0.00s Real=3.01s
[163.483s][info][gc,start       ] GC(327) Pause Full (Ergonomics)
[163.483s][info][gc,phases,start] GC(327) Marking Phase
[165.796s][info][gc,phases      ] GC(327) Marking Phase 2313.577ms
[165.796s][info][gc,phases,start] GC(327) Summary Phase
[165.796s][info][gc,phases      ] GC(327) Summary Phase 0.125ms
[165.796s][info][gc,phases,start] GC(327) Adjust Roots
[165.797s][info][gc,phases      ] GC(327) Adjust Roots 0.251ms
[165.797s][info][gc,phases,start] GC(327) Compaction Phase
[166.471s][info][gc,phases      ] GC(327) Compaction Phase 674.292ms
[166.471s][info][gc,phases,start] GC(327) Post Compact
[166.484s][info][gc,phases      ] GC(327) Post Compact 12.982ms
[166.484s][info][gc,heap        ] GC(327) PSYoungGen: 286040K(667136K)->286040K(667136K) Eden: 263679K(263680K)->263679K(263680K) From: 22360K(403456K)->22360K(403456K)
[166.484s][info][gc,heap        ] GC(327) ParOldGen: 9898771K(9899008K)->9898771K(9899008K)
[166.484s][info][gc,metaspace   ] GC(327) Metaspace: 6298K(6464K)->6298K(6464K) NonClass: 5764K(5824K)->5764K(5824K) Class: 533K(640K)->533K(640K)
[166.484s][info][gc             ] GC(327) Pause Full (Ergonomics) 9946M->9946M(10318M) 3001.583ms
[166.484s][info][gc,cpu         ] GC(327) User=23.27s Sys=0.02s Real=3.00s
[166.484s][info][gc,start       ] GC(328) Pause Full (Ergonomics)
[166.484s][info][gc,phases,start] GC(328) Marking Phase
[168.755s][info][gc,phases      ] GC(328) Marking Phase 2270.270ms
[168.755s][info][gc,phases,start] GC(328) Summary Phase
[168.755s][info][gc,phases      ] GC(328) Summary Phase 0.095ms
[168.755s][info][gc,phases,start] GC(328) Adjust Roots
[168.755s][info][gc,phases      ] GC(328) Adjust Roots 0.172ms
[168.755s][info][gc,phases,start] GC(328) Compaction Phase
[169.420s][info][gc,phases      ] GC(328) Compaction Phase 664.558ms
[169.420s][info][gc,phases,start] GC(328) Post Compact
[169.433s][info][gc,phases      ] GC(328) Post Compact 13.208ms
[169.433s][info][gc,heap        ] GC(328) PSYoungGen: 286040K(667136K)->286040K(667136K) Eden: 263679K(263680K)->263679K(263680K) From: 22360K(403456K)->22360K(403456K)
[169.433s][info][gc,heap        ] GC(328) ParOldGen: 9898776K(9899008K)->9898776K(9899008K)
[169.433s][info][gc,metaspace   ] GC(328) Metaspace: 6298K(6464K)->6298K(6464K) NonClass: 5764K(5824K)->5764K(5824K) Class: 533K(640K)->533K(640K)
[169.433s][info][gc             ] GC(328) Pause Full (Ergonomics) 9946M->9946M(10318M) 2948.664ms
[169.433s][info][gc,cpu         ] GC(328) User=23.00s Sys=0.00s Real=2.95s
[169.433s][info][gc,start       ] GC(329) Pause Full (Ergonomics)
[169.433s][info][gc,phases,start] GC(329) Marking Phase
[171.725s][info][gc,phases      ] GC(329) Marking Phase 2291.956ms
[171.725s][info][gc,phases,start] GC(329) Summary Phase
[171.725s][info][gc,phases      ] GC(329) Summary Phase 0.106ms
[171.725s][info][gc,phases,start] GC(329) Adjust Roots
[171.726s][info][gc,phases      ] GC(329) Adjust Roots 0.223ms
[171.726s][info][gc,phases,start] GC(329) Compaction Phase
[172.391s][info][gc,phases      ] GC(329) Compaction Phase 665.696ms
[172.391s][info][gc,phases,start] GC(329) Post Compact
[172.405s][info][gc,phases      ] GC(329) Post Compact 13.265ms
[172.405s][info][gc,heap        ] GC(329) PSYoungGen: 286040K(667136K)->286040K(667136K) Eden: 263679K(263680K)->263679K(263680K) From: 22360K(403456K)->22360K(403456K)
[172.405s][info][gc,heap        ] GC(329) ParOldGen: 9898781K(9899008K)->9898781K(9899008K)
[172.405s][info][gc,metaspace   ] GC(329) Metaspace: 6298K(6464K)->6298K(6464K) NonClass: 5764K(5824K)->5764K(5824K) Class: 533K(640K)->533K(640K)
[172.405s][info][gc             ] GC(329) Pause Full (Ergonomics) 9946M->9946M(10318M) 2971.620ms
[172.405s][info][gc,cpu         ] GC(329) User=23.09s Sys=0.00s Real=2.97s
[172.405s][info][gc,start       ] GC(330) Pause Full (Ergonomics)
[172.405s][info][gc,phases,start] GC(330) Marking Phase
[174.704s][info][gc,phases      ] GC(330) Marking Phase 2298.722ms
[174.704s][info][gc,phases,start] GC(330) Summary Phase
[174.704s][info][gc,phases      ] GC(330) Summary Phase 0.104ms
[174.704s][info][gc,phases,start] GC(330) Adjust Roots
[174.704s][info][gc,phases      ] GC(330) Adjust Roots 0.206ms
[174.704s][info][gc,phases,start] GC(330) Compaction Phase
[175.364s][info][gc,phases      ] GC(330) Compaction Phase 659.649ms
[175.364s][info][gc,phases,start] GC(330) Post Compact
[175.377s][info][gc,phases      ] GC(330) Post Compact 12.676ms
[175.377s][info][gc,heap        ] GC(330) PSYoungGen: 286040K(667136K)->286040K(667136K) Eden: 263679K(263680K)->263679K(263680K) From: 22360K(403456K)->22360K(403456K)
[175.377s][info][gc,heap        ] GC(330) ParOldGen: 9898785K(9899008K)->9898785K(9899008K)
[175.377s][info][gc,metaspace   ] GC(330) Metaspace: 6298K(6464K)->6298K(6464K) NonClass: 5764K(5824K)->5764K(5824K) Class: 533K(640K)->533K(640K)
[175.377s][info][gc             ] GC(330) Pause Full (Ergonomics) 9946M->9946M(10318M) 2971.846ms
[175.377s][info][gc,cpu         ] GC(330) User=23.12s Sys=0.02s Real=2.97s
[175.377s][info][gc,start       ] GC(331) Pause Full (Ergonomics)
[175.377s][info][gc,phases,start] GC(331) Marking Phase
[177.716s][info][gc,phases      ] GC(331) Marking Phase 2338.793ms
[177.716s][info][gc,phases,start] GC(331) Summary Phase
[177.716s][info][gc,phases      ] GC(331) Summary Phase 0.096ms
[177.716s][info][gc,phases,start] GC(331) Adjust Roots
[177.716s][info][gc,phases      ] GC(331) Adjust Roots 0.162ms
[177.716s][info][gc,phases,start] GC(331) Compaction Phase
[178.376s][info][gc,phases      ] GC(331) Compaction Phase 660.124ms
[178.377s][info][gc,phases,start] GC(331) Post Compact
[178.390s][info][gc,phases      ] GC(331) Post Compact 13.437ms
[178.390s][info][gc,heap        ] GC(331) PSYoungGen: 286040K(667136K)->286040K(667136K) Eden: 263679K(263680K)->263679K(263680K) From: 22360K(403456K)->22360K(403456K)
[178.390s][info][gc,heap        ] GC(331) ParOldGen: 9898790K(9899008K)->9898790K(9899008K)
[178.390s][info][gc,metaspace   ] GC(331) Metaspace: 6298K(6464K)->6298K(6464K) NonClass: 5764K(5824K)->5764K(5824K) Class: 533K(640K)->533K(640K)
[178.390s][info][gc             ] GC(331) Pause Full (Ergonomics) 9946M->9946M(10318M) 3012.940ms
[178.390s][info][gc,cpu         ] GC(331) User=23.55s Sys=0.00s Real=3.01s
[178.390s][info][gc,start       ] GC(332) Pause Full (Ergonomics)
[178.390s][info][gc,phases,start] GC(332) Marking Phase
[180.681s][info][gc,phases      ] GC(332) Marking Phase 2290.392ms
[180.681s][info][gc,phases,start] GC(332) Summary Phase
[180.681s][info][gc,phases      ] GC(332) Summary Phase 0.095ms
[180.681s][info][gc,phases,start] GC(332) Adjust Roots
[180.681s][info][gc,phases      ] GC(332) Adjust Roots 0.159ms
[180.681s][info][gc,phases,start] GC(332) Compaction Phase
[181.362s][info][gc,phases      ] GC(332) Compaction Phase 681.203ms
[181.362s][info][gc,phases,start] GC(332) Post Compact
[181.377s][info][gc,phases      ] GC(332) Post Compact 14.415ms
[181.377s][info][gc,heap        ] GC(332) PSYoungGen: 286040K(667136K)->286040K(667136K) Eden: 263679K(263680K)->263679K(263680K) From: 22360K(403456K)->22360K(403456K)
[181.377s][info][gc,heap        ] GC(332) ParOldGen: 9898795K(9899008K)->9898795K(9899008K)
[181.377s][info][gc,metaspace   ] GC(332) Metaspace: 6298K(6464K)->6298K(6464K) NonClass: 5764K(5824K)->5764K(5824K) Class: 533K(640K)->533K(640K)
[181.377s][info][gc             ] GC(332) Pause Full (Ergonomics) 9946M->9946M(10318M) 2986.636ms
[181.377s][info][gc,cpu         ] GC(332) User=23.08s Sys=0.00s Real=2.99s
[181.377s][info][gc,start       ] GC(333) Pause Full (Ergonomics)
[181.377s][info][gc,phases,start] GC(333) Marking Phase
[183.686s][info][gc,phases      ] GC(333) Marking Phase 2308.437ms
[183.686s][info][gc,phases,start] GC(333) Summary Phase
[183.686s][info][gc,phases      ] GC(333) Summary Phase 0.108ms
[183.686s][info][gc,phases,start] GC(333) Adjust Roots
[183.686s][info][gc,phases      ] GC(333) Adjust Roots 0.208ms
[183.686s][info][gc,phases,start] GC(333) Compaction Phase
[184.356s][info][gc,phases      ] GC(333) Compaction Phase 670.080ms
[184.356s][info][gc,phases,start] GC(333) Post Compact
[184.369s][info][gc,phases      ] GC(333) Post Compact 12.722ms
[184.369s][info][gc,heap        ] GC(333) PSYoungGen: 286040K(667136K)->286040K(667136K) Eden: 263679K(263680K)->263679K(263680K) From: 22360K(403456K)->22360K(403456K)
[184.369s][info][gc,heap        ] GC(333) ParOldGen: 9898800K(9899008K)->9898800K(9899008K)
[184.369s][info][gc,metaspace   ] GC(333) Metaspace: 6298K(6464K)->6298K(6464K) NonClass: 5764K(5824K)->5764K(5824K) Class: 533K(640K)->533K(640K)
[184.369s][info][gc             ] GC(333) Pause Full (Ergonomics) 9946M->9946M(10318M) 2991.968ms
[184.369s][info][gc,cpu         ] GC(333) User=23.22s Sys=0.00s Real=2.99s
[184.369s][info][gc,start       ] GC(334) Pause Full (Ergonomics)
[184.369s][info][gc,phases,start] GC(334) Marking Phase
[186.653s][info][gc,phases      ] GC(334) Marking Phase 2283.588ms
[186.653s][info][gc,phases,start] GC(334) Summary Phase
[186.653s][info][gc,phases      ] GC(334) Summary Phase 0.110ms
[186.653s][info][gc,phases,start] GC(334) Adjust Roots
[186.653s][info][gc,phases      ] GC(334) Adjust Roots 0.175ms
[186.653s][info][gc,phases,start] GC(334) Compaction Phase
[187.319s][info][gc,phases      ] GC(334) Compaction Phase 665.473ms
[187.319s][info][gc,phases,start] GC(334) Post Compact
[187.332s][info][gc,phases      ] GC(334) Post Compact 12.790ms
[187.332s][info][gc,heap        ] GC(334) PSYoungGen: 286040K(667136K)->286040K(667136K) Eden: 263679K(263680K)->263679K(263680K) From: 22360K(403456K)->22360K(403456K)
[187.332s][info][gc,heap        ] GC(334) ParOldGen: 9898805K(9899008K)->9898805K(9899008K)
[187.332s][info][gc,metaspace   ] GC(334) Metaspace: 6298K(6464K)->6298K(6464K) NonClass: 5764K(5824K)->5764K(5824K) Class: 533K(640K)->533K(640K)
[187.332s][info][gc             ] GC(334) Pause Full (Ergonomics) 9946M->9946M(10318M) 2962.518ms
[187.332s][info][gc,cpu         ] GC(334) User=22.94s Sys=0.00s Real=2.96s
[187.332s][info][gc,start       ] GC(335) Pause Full (Ergonomics)
[187.332s][info][gc,phases,start] GC(335) Marking Phase
[189.673s][info][gc,phases      ] GC(335) Marking Phase 2340.981ms
[189.673s][info][gc,phases,start] GC(335) Summary Phase
[189.673s][info][gc,phases      ] GC(335) Summary Phase 0.096ms
[189.673s][info][gc,phases,start] GC(335) Adjust Roots
[189.673s][info][gc,phases      ] GC(335) Adjust Roots 0.166ms
[189.673s][info][gc,phases,start] GC(335) Compaction Phase
[190.347s][info][gc,phases      ] GC(335) Compaction Phase 673.206ms
[190.347s][info][gc,phases,start] GC(335) Post Compact
[190.360s][info][gc,phases      ] GC(335) Post Compact 13.042ms
[190.360s][info][gc,heap        ] GC(335) PSYoungGen: 286040K(667136K)->286040K(667136K) Eden: 263679K(263680K)->263679K(263680K) From: 22360K(403456K)->22360K(403456K)
[190.360s][info][gc,heap        ] GC(335) ParOldGen: 9898810K(9899008K)->9898810K(9899008K)
[190.360s][info][gc,metaspace   ] GC(335) Metaspace: 6298K(6464K)->6298K(6464K) NonClass: 5764K(5824K)->5764K(5824K) Class: 533K(640K)->533K(640K)
[190.360s][info][gc             ] GC(335) Pause Full (Ergonomics) 9946M->9946M(10318M) 3027.836ms
[190.360s][info][gc,cpu         ] GC(335) User=23.67s Sys=0.00s Real=3.03s
[190.360s][info][gc,start       ] GC(336) Pause Full (Ergonomics)
[190.360s][info][gc,phases,start] GC(336) Marking Phase
[192.688s][info][gc,phases      ] GC(336) Marking Phase 2328.058ms
[192.688s][info][gc,phases,start] GC(336) Summary Phase
[192.688s][info][gc,phases      ] GC(336) Summary Phase 0.094ms
[192.688s][info][gc,phases,start] GC(336) Adjust Roots
[192.689s][info][gc,phases      ] GC(336) Adjust Roots 0.163ms
[192.689s][info][gc,phases,start] GC(336) Compaction Phase
[193.364s][info][gc,phases      ] GC(336) Compaction Phase 675.697ms
[193.364s][info][gc,phases,start] GC(336) Post Compact
[193.378s][info][gc,phases      ] GC(336) Post Compact 14.083ms
[193.379s][info][gc,heap        ] GC(336) PSYoungGen: 286040K(667136K)->286040K(667136K) Eden: 263679K(263680K)->263679K(263680K) From: 22360K(403456K)->22360K(403456K)
[193.379s][info][gc,heap        ] GC(336) ParOldGen: 9898814K(9899008K)->9898814K(9899008K)
[193.379s][info][gc,metaspace   ] GC(336) Metaspace: 6298K(6464K)->6298K(6464K) NonClass: 5764K(5824K)->5764K(5824K) Class: 533K(640K)->533K(640K)
[193.379s][info][gc             ] GC(336) Pause Full (Ergonomics) 9946M->9946M(10318M) 3018.457ms
[193.379s][info][gc,cpu         ] GC(336) User=23.56s Sys=0.00s Real=3.02s
[193.379s][info][gc,start       ] GC(337) Pause Full (Ergonomics)
[193.379s][info][gc,phases,start] GC(337) Marking Phase
[195.694s][info][gc,phases      ] GC(337) Marking Phase 2315.135ms
[195.694s][info][gc,phases,start] GC(337) Summary Phase
[195.694s][info][gc,phases      ] GC(337) Summary Phase 0.116ms
[195.694s][info][gc,phases,start] GC(337) Adjust Roots
[195.694s][info][gc,phases      ] GC(337) Adjust Roots 0.193ms
[195.694s][info][gc,phases,start] GC(337) Compaction Phase
[196.368s][info][gc,phases      ] GC(337) Compaction Phase 673.831ms
[196.368s][info][gc,phases,start] GC(337) Post Compact
[196.382s][info][gc,phases      ] GC(337) Post Compact 13.374ms
[196.382s][info][gc,heap        ] GC(337) PSYoungGen: 286040K(667136K)->286040K(667136K) Eden: 263679K(263680K)->263679K(263680K) From: 22360K(403456K)->22360K(403456K)
[196.382s][info][gc,heap        ] GC(337) ParOldGen: 9898819K(9899008K)->9898819K(9899008K)
[196.382s][info][gc,metaspace   ] GC(337) Metaspace: 6298K(6464K)->6298K(6464K) NonClass: 5764K(5824K)->5764K(5824K) Class: 533K(640K)->533K(640K)
[196.382s][info][gc             ] GC(337) Pause Full (Ergonomics) 9946M->9946M(10318M) 3002.994ms
[196.382s][info][gc,cpu         ] GC(337) User=23.39s Sys=0.00s Real=3.00s
[196.382s][info][gc,start       ] GC(338) Pause Full (Ergonomics)
[196.382s][info][gc,phases,start] GC(338) Marking Phase
[198.695s][info][gc,phases      ] GC(338) Marking Phase 2312.657ms
[198.695s][info][gc,phases,start] GC(338) Summary Phase
[198.695s][info][gc,phases      ] GC(338) Summary Phase 0.104ms
[198.695s][info][gc,phases,start] GC(338) Adjust Roots
[198.695s][info][gc,phases      ] GC(338) Adjust Roots 0.214ms
[198.695s][info][gc,phases,start] GC(338) Compaction Phase
[199.363s][info][gc,phases      ] GC(338) Compaction Phase 668.085ms
[199.363s][info][gc,phases,start] GC(338) Post Compact
[199.379s][info][gc,phases      ] GC(338) Post Compact 15.195ms
[199.379s][info][gc,heap        ] GC(338) PSYoungGen: 286040K(667136K)->286040K(667136K) Eden: 263679K(263680K)->263679K(263680K) From: 22360K(403456K)->22360K(403456K)
[199.379s][info][gc,heap        ] GC(338) ParOldGen: 9898824K(9899008K)->9898824K(9899008K)
[199.379s][info][gc,metaspace   ] GC(338) Metaspace: 6298K(6464K)->6298K(6464K) NonClass: 5764K(5824K)->5764K(5824K) Class: 533K(640K)->533K(640K)
[199.379s][info][gc             ] GC(338) Pause Full (Ergonomics) 9946M->9946M(10318M) 2996.642ms
[199.379s][info][gc,cpu         ] GC(338) User=23.44s Sys=0.00s Real=3.00s
[199.379s][info][gc,start       ] GC(339) Pause Full (Ergonomics)
[199.379s][info][gc,phases,start] GC(339) Marking Phase
[201.686s][info][gc,phases      ] GC(339) Marking Phase 2307.099ms
[201.686s][info][gc,phases,start] GC(339) Summary Phase
[201.686s][info][gc,phases      ] GC(339) Summary Phase 0.114ms
[201.686s][info][gc,phases,start] GC(339) Adjust Roots
[201.686s][info][gc,phases      ] GC(339) Adjust Roots 0.166ms
[201.686s][info][gc,phases,start] GC(339) Compaction Phase
[202.369s][info][gc,phases      ] GC(339) Compaction Phase 682.930ms
[202.369s][info][gc,phases,start] GC(339) Post Compact
[202.383s][info][gc,phases      ] GC(339) Post Compact 13.867ms
[202.383s][info][gc,heap        ] GC(339) PSYoungGen: 286040K(667136K)->286040K(667136K) Eden: 263679K(263680K)->263679K(263680K) From: 22360K(403456K)->22360K(403456K)
[202.383s][info][gc,heap        ] GC(339) ParOldGen: 9898829K(9899008K)->9898829K(9899008K)
[202.383s][info][gc,metaspace   ] GC(339) Metaspace: 6298K(6464K)->6298K(6464K) NonClass: 5764K(5824K)->5764K(5824K) Class: 533K(640K)->533K(640K)
[202.384s][info][gc             ] GC(339) Pause Full (Ergonomics) 9946M->9946M(10318M) 3004.647ms
[202.384s][info][gc,cpu         ] GC(339) User=23.34s Sys=0.03s Real=3.00s
[202.384s][info][gc,start       ] GC(340) Pause Full (Ergonomics)
[202.384s][info][gc,phases,start] GC(340) Marking Phase
[204.677s][info][gc,phases      ] GC(340) Marking Phase 2292.747ms
[204.677s][info][gc,phases,start] GC(340) Summary Phase
[204.677s][info][gc,phases      ] GC(340) Summary Phase 0.095ms
[204.677s][info][gc,phases,start] GC(340) Adjust Roots
[204.677s][info][gc,phases      ] GC(340) Adjust Roots 0.163ms
[204.677s][info][gc,phases,start] GC(340) Compaction Phase
[205.354s][info][gc,phases      ] GC(340) Compaction Phase 677.575ms
[205.355s][info][gc,phases,start] GC(340) Post Compact
[205.369s][info][gc,phases      ] GC(340) Post Compact 14.744ms
[205.369s][info][gc,heap        ] GC(340) PSYoungGen: 286040K(667136K)->286040K(667136K) Eden: 263679K(263680K)->263679K(263680K) From: 22360K(403456K)->22360K(403456K)
[205.369s][info][gc,heap        ] GC(340) ParOldGen: 9898834K(9899008K)->9898834K(9899008K)
[205.369s][info][gc,metaspace   ] GC(340) Metaspace: 6298K(6464K)->6298K(6464K) NonClass: 5764K(5824K)->5764K(5824K) Class: 533K(640K)->533K(640K)
[205.369s][info][gc             ] GC(340) Pause Full (Ergonomics) 9946M->9946M(10318M) 2985.666ms
[205.369s][info][gc,cpu         ] GC(340) User=23.34s Sys=0.02s Real=2.99s
[205.370s][info][gc,start       ] GC(341) Pause Full (Ergonomics)
[205.370s][info][gc,phases,start] GC(341) Marking Phase
[207.689s][info][gc,phases      ] GC(341) Marking Phase 2319.792ms
[207.689s][info][gc,phases,start] GC(341) Summary Phase
[207.690s][info][gc,phases      ] GC(341) Summary Phase 0.095ms
[207.690s][info][gc,phases,start] GC(341) Adjust Roots
[207.690s][info][gc,phases      ] GC(341) Adjust Roots 0.167ms
[207.690s][info][gc,phases,start] GC(341) Compaction Phase
[208.379s][info][gc,phases      ] GC(341) Compaction Phase 689.119ms
[208.379s][info][gc,phases,start] GC(341) Post Compact
[208.394s][info][gc,phases      ] GC(341) Post Compact 14.999ms
[208.394s][info][gc,heap        ] GC(341) PSYoungGen: 286040K(667136K)->286040K(667136K) Eden: 263679K(263680K)->263679K(263680K) From: 22360K(403456K)->22360K(403456K)
[208.394s][info][gc,heap        ] GC(341) ParOldGen: 9898839K(9899008K)->9898839K(9899008K)
[208.394s][info][gc,metaspace   ] GC(341) Metaspace: 6298K(6464K)->6298K(6464K) NonClass: 5764K(5824K)->5764K(5824K) Class: 533K(640K)->533K(640K)
[208.394s][info][gc             ] GC(341) Pause Full (Ergonomics) 9946M->9946M(10318M) 3024.520ms
[208.394s][info][gc,cpu         ] GC(341) User=23.30s Sys=0.00s Real=3.02s
[208.394s][info][gc,start       ] GC(342) Pause Full (Ergonomics)
[208.394s][info][gc,phases,start] GC(342) Marking Phase
[210.704s][info][gc,phases      ] GC(342) Marking Phase 2309.160ms
[210.704s][info][gc,phases,start] GC(342) Summary Phase
[210.704s][info][gc,phases      ] GC(342) Summary Phase 0.094ms
[210.704s][info][gc,phases,start] GC(342) Adjust Roots
[210.704s][info][gc,phases      ] GC(342) Adjust Roots 0.159ms
[210.704s][info][gc,phases,start] GC(342) Compaction Phase
[211.401s][info][gc,phases      ] GC(342) Compaction Phase 696.825ms
[211.401s][info][gc,phases,start] GC(342) Post Compact
[211.416s][info][gc,phases      ] GC(342) Post Compact 14.782ms
[211.416s][info][gc,heap        ] GC(342) PSYoungGen: 286040K(667136K)->286040K(667136K) Eden: 263679K(263680K)->263679K(263680K) From: 22360K(403456K)->22360K(403456K)
[211.416s][info][gc,heap        ] GC(342) ParOldGen: 9898843K(9899008K)->9898843K(9899008K)
[211.416s][info][gc,metaspace   ] GC(342) Metaspace: 6298K(6464K)->6298K(6464K) NonClass: 5764K(5824K)->5764K(5824K) Class: 533K(640K)->533K(640K)
[211.416s][info][gc             ] GC(342) Pause Full (Ergonomics) 9946M->9946M(10318M) 3021.369ms
[211.416s][info][gc,cpu         ] GC(342) User=23.42s Sys=0.02s Real=3.02s
[211.416s][info][gc,start       ] GC(343) Pause Full (Ergonomics)
[211.416s][info][gc,phases,start] GC(343) Marking Phase
[213.721s][info][gc,phases      ] GC(343) Marking Phase 2305.265ms
[213.721s][info][gc,phases,start] GC(343) Summary Phase
[213.721s][info][gc,phases      ] GC(343) Summary Phase 0.097ms
[213.721s][info][gc,phases,start] GC(343) Adjust Roots
[213.722s][info][gc,phases      ] GC(343) Adjust Roots 0.159ms
[213.722s][info][gc,phases,start] GC(343) Compaction Phase
[214.384s][info][gc,phases      ] GC(343) Compaction Phase 662.269ms
[214.384s][info][gc,phases,start] GC(343) Post Compact
[214.398s][info][gc,phases      ] GC(343) Post Compact 14.380ms
[214.398s][info][gc,heap        ] GC(343) PSYoungGen: 286040K(667136K)->286040K(667136K) Eden: 263679K(263680K)->263679K(263680K) From: 22360K(403456K)->22360K(403456K)
[214.398s][info][gc,heap        ] GC(343) ParOldGen: 9898848K(9899008K)->9898848K(9899008K)
[214.398s][info][gc,metaspace   ] GC(343) Metaspace: 6298K(6464K)->6298K(6464K) NonClass: 5764K(5824K)->5764K(5824K) Class: 533K(640K)->533K(640K)
[214.398s][info][gc             ] GC(343) Pause Full (Ergonomics) 9946M->9946M(10318M) 2982.511ms
[214.398s][info][gc,cpu         ] GC(343) User=23.16s Sys=0.00s Real=2.98s
[214.399s][info][gc,start       ] GC(344) Pause Full (Ergonomics)
[214.399s][info][gc,phases,start] GC(344) Marking Phase
[216.691s][info][gc,phases      ] GC(344) Marking Phase 2291.729ms
[216.691s][info][gc,phases,start] GC(344) Summary Phase
[216.691s][info][gc,phases      ] GC(344) Summary Phase 0.100ms
[216.691s][info][gc,phases,start] GC(344) Adjust Roots
[216.691s][info][gc,phases      ] GC(344) Adjust Roots 0.194ms
[216.691s][info][gc,phases,start] GC(344) Compaction Phase
[217.362s][info][gc,phases      ] GC(344) Compaction Phase 671.155ms
[217.362s][info][gc,phases,start] GC(344) Post Compact
[217.378s][info][gc,phases      ] GC(344) Post Compact 16.286ms
[217.379s][info][gc,heap        ] GC(344) PSYoungGen: 286040K(667136K)->286040K(667136K) Eden: 263679K(263680K)->263679K(263680K) From: 22360K(403456K)->22360K(403456K)
[217.379s][info][gc,heap        ] GC(344) ParOldGen: 9898853K(9899008K)->9898853K(9899008K)
[217.379s][info][gc,metaspace   ] GC(344) Metaspace: 6298K(6464K)->6298K(6464K) NonClass: 5764K(5824K)->5764K(5824K) Class: 533K(640K)->533K(640K)
[217.379s][info][gc             ] GC(344) Pause Full (Ergonomics) 9946M->9946M(10318M) 2979.840ms
[217.379s][info][gc,cpu         ] GC(344) User=23.22s Sys=0.00s Real=2.98s
[217.379s][info][gc,start       ] GC(345) Pause Full (Ergonomics)
[217.379s][info][gc,phases,start] GC(345) Marking Phase
[219.657s][info][gc,phases      ] GC(345) Marking Phase 2278.616ms
[219.657s][info][gc,phases,start] GC(345) Summary Phase
[219.658s][info][gc,phases      ] GC(345) Summary Phase 0.100ms
[219.658s][info][gc,phases,start] GC(345) Adjust Roots
[219.658s][info][gc,phases      ] GC(345) Adjust Roots 0.207ms
[219.658s][info][gc,phases,start] GC(345) Compaction Phase
[220.339s][info][gc,phases      ] GC(345) Compaction Phase 680.767ms
[220.339s][info][gc,phases,start] GC(345) Post Compact
[220.358s][info][gc,phases      ] GC(345) Post Compact 19.321ms
[220.358s][info][gc,heap        ] GC(345) PSYoungGen: 286040K(667136K)->286040K(667136K) Eden: 263679K(263680K)->263679K(263680K) From: 22360K(403456K)->22360K(403456K)
[220.358s][info][gc,heap        ] GC(345) ParOldGen: 9898858K(9899008K)->9898858K(9899008K)
[220.358s][info][gc,metaspace   ] GC(345) Metaspace: 6298K(6464K)->6298K(6464K) NonClass: 5764K(5824K)->5764K(5824K) Class: 533K(640K)->533K(640K)
[220.358s][info][gc             ] GC(345) Pause Full (Ergonomics) 9946M->9946M(10318M) 2979.408ms
[220.358s][info][gc,cpu         ] GC(345) User=23.05s Sys=0.02s Real=2.98s
[220.358s][info][gc,start       ] GC(346) Pause Full (Ergonomics)
[220.358s][info][gc,phases,start] GC(346) Marking Phase
[222.660s][info][gc,phases      ] GC(346) Marking Phase 2301.873ms
[222.660s][info][gc,phases,start] GC(346) Summary Phase
[222.661s][info][gc,phases      ] GC(346) Summary Phase 0.110ms
[222.661s][info][gc,phases,start] GC(346) Adjust Roots
[222.661s][info][gc,phases      ] GC(346) Adjust Roots 0.204ms
[222.661s][info][gc,phases,start] GC(346) Compaction Phase
[223.353s][info][gc,phases      ] GC(346) Compaction Phase 692.007ms
[223.353s][info][gc,phases,start] GC(346) Post Compact
[223.371s][info][gc,phases      ] GC(346) Post Compact 18.171ms
[223.371s][info][gc,heap        ] GC(346) PSYoungGen: 286040K(667136K)->286040K(667136K) Eden: 263679K(263680K)->263679K(263680K) From: 22360K(403456K)->22360K(403456K)
[223.371s][info][gc,heap        ] GC(346) ParOldGen: 9898863K(9899008K)->9898863K(9899008K)
[223.371s][info][gc,metaspace   ] GC(346) Metaspace: 6298K(6464K)->6298K(6464K) NonClass: 5764K(5824K)->5764K(5824K) Class: 533K(640K)->533K(640K)
[223.371s][info][gc             ] GC(346) Pause Full (Ergonomics) 9946M->9946M(10318M) 3012.777ms
[223.371s][info][gc,cpu         ] GC(346) User=23.20s Sys=0.00s Real=3.01s
[223.371s][info][gc,start       ] GC(347) Pause Full (Ergonomics)
[223.371s][info][gc,phases,start] GC(347) Marking Phase
[225.724s][info][gc,phases      ] GC(347) Marking Phase 2352.623ms
[225.724s][info][gc,phases,start] GC(347) Summary Phase
[225.724s][info][gc,phases      ] GC(347) Summary Phase 0.215ms
[225.724s][info][gc,phases,start] GC(347) Adjust Roots
[225.725s][info][gc,phases      ] GC(347) Adjust Roots 0.296ms
[225.725s][info][gc,phases,start] GC(347) Compaction Phase
[226.417s][info][gc,phases      ] GC(347) Compaction Phase 692.547ms
[226.417s][info][gc,phases,start] GC(347) Post Compact
[226.433s][info][gc,phases      ] GC(347) Post Compact 16.037ms
[226.434s][info][gc,heap        ] GC(347) PSYoungGen: 286040K(667136K)->286040K(667136K) Eden: 263679K(263680K)->263679K(263680K) From: 22360K(403456K)->22360K(403456K)
[226.434s][info][gc,heap        ] GC(347) ParOldGen: 9898868K(9899008K)->9898868K(9899008K)
[226.434s][info][gc,metaspace   ] GC(347) Metaspace: 6298K(6464K)->6298K(6464K) NonClass: 5764K(5824K)->5764K(5824K) Class: 533K(640K)->533K(640K)
[226.434s][info][gc             ] GC(347) Pause Full (Ergonomics) 9946M->9946M(10318M) 3062.181ms
[226.434s][info][gc,cpu         ] GC(347) User=23.27s Sys=0.02s Real=3.06s
[226.434s][info][gc,start       ] GC(348) Pause Full (Ergonomics)
[226.434s][info][gc,phases,start] GC(348) Marking Phase
[228.801s][info][gc,phases      ] GC(348) Marking Phase 2367.289ms
[228.801s][info][gc,phases,start] GC(348) Summary Phase
[228.801s][info][gc,phases      ] GC(348) Summary Phase 0.141ms
[228.801s][info][gc,phases,start] GC(348) Adjust Roots
[228.802s][info][gc,phases      ] GC(348) Adjust Roots 0.310ms
[228.802s][info][gc,phases,start] GC(348) Compaction Phase
[229.479s][info][gc,phases      ] GC(348) Compaction Phase 677.564ms
[229.479s][info][gc,phases,start] GC(348) Post Compact
[229.496s][info][gc,phases      ] GC(348) Post Compact 16.718ms
[229.496s][info][gc,heap        ] GC(348) PSYoungGen: 286040K(667136K)->286040K(667136K) Eden: 263679K(263680K)->263679K(263680K) From: 22360K(403456K)->22360K(403456K)
[229.496s][info][gc,heap        ] GC(348) ParOldGen: 9898872K(9899008K)->9898872K(9899008K)
[229.496s][info][gc,metaspace   ] GC(348) Metaspace: 6298K(6464K)->6298K(6464K) NonClass: 5764K(5824K)->5764K(5824K) Class: 533K(640K)->533K(640K)
[229.496s][info][gc             ] GC(348) Pause Full (Ergonomics) 9946M->9946M(10318M) 3062.400ms
[229.496s][info][gc,cpu         ] GC(348) User=22.73s Sys=0.00s Real=3.06s
[229.496s][info][gc,start       ] GC(349) Pause Full (Ergonomics)
[229.496s][info][gc,phases,start] GC(349) Marking Phase
[231.844s][info][gc,phases      ] GC(349) Marking Phase 2347.929ms
[231.844s][info][gc,phases,start] GC(349) Summary Phase
[231.845s][info][gc,phases      ] GC(349) Summary Phase 0.153ms
[231.845s][info][gc,phases,start] GC(349) Adjust Roots
[231.845s][info][gc,phases      ] GC(349) Adjust Roots 0.282ms
[231.845s][info][gc,phases,start] GC(349) Compaction Phase
[232.549s][info][gc,phases      ] GC(349) Compaction Phase 703.725ms
[232.549s][info][gc,phases,start] GC(349) Post Compact
[232.566s][info][gc,phases      ] GC(349) Post Compact 17.426ms
[232.566s][info][gc,heap        ] GC(349) PSYoungGen: 286040K(667136K)->286040K(667136K) Eden: 263679K(263680K)->263679K(263680K) From: 22360K(403456K)->22360K(403456K)
[232.566s][info][gc,heap        ] GC(349) ParOldGen: 9898877K(9899008K)->9898877K(9899008K)
[232.566s][info][gc,metaspace   ] GC(349) Metaspace: 6298K(6464K)->6298K(6464K) NonClass: 5764K(5824K)->5764K(5824K) Class: 533K(640K)->533K(640K)
[232.566s][info][gc             ] GC(349) Pause Full (Ergonomics) 9946M->9946M(10318M) 3069.945ms
[232.566s][info][gc,cpu         ] GC(349) User=23.14s Sys=0.03s Real=3.07s
[232.567s][info][gc,start       ] GC(350) Pause Full (Ergonomics)
[232.567s][info][gc,phases,start] GC(350) Marking Phase
[234.919s][info][gc,phases      ] GC(350) Marking Phase 2352.475ms
[234.919s][info][gc,phases,start] GC(350) Summary Phase
[234.919s][info][gc,phases      ] GC(350) Summary Phase 0.110ms
[234.919s][info][gc,phases,start] GC(350) Adjust Roots
[234.920s][info][gc,phases      ] GC(350) Adjust Roots 0.212ms
[234.920s][info][gc,phases,start] GC(350) Compaction Phase
[235.617s][info][gc,phases      ] GC(350) Compaction Phase 697.505ms
[235.617s][info][gc,phases,start] GC(350) Post Compact
[235.633s][info][gc,phases      ] GC(350) Post Compact 15.534ms
[235.633s][info][gc,heap        ] GC(350) PSYoungGen: 286040K(667136K)->286040K(667136K) Eden: 263679K(263680K)->263679K(263680K) From: 22360K(403456K)->22360K(403456K)
[235.633s][info][gc,heap        ] GC(350) ParOldGen: 9898882K(9899008K)->9898882K(9899008K)
[235.633s][info][gc,metaspace   ] GC(350) Metaspace: 6298K(6464K)->6298K(6464K) NonClass: 5764K(5824K)->5764K(5824K) Class: 533K(640K)->533K(640K)
[235.633s][info][gc             ] GC(350) Pause Full (Ergonomics) 9946M->9946M(10318M) 3066.229ms
[235.633s][info][gc,cpu         ] GC(350) User=23.00s Sys=0.00s Real=3.07s
[235.633s][info][gc,start       ] GC(351) Pause Full (Ergonomics)
[235.633s][info][gc,phases,start] GC(351) Marking Phase
[238.027s][info][gc,phases      ] GC(351) Marking Phase 2394.373ms
[238.028s][info][gc,phases,start] GC(351) Summary Phase
[238.028s][info][gc,phases      ] GC(351) Summary Phase 0.173ms
[238.028s][info][gc,phases,start] GC(351) Adjust Roots
[238.028s][info][gc,phases      ] GC(351) Adjust Roots 0.319ms
[238.028s][info][gc,phases,start] GC(351) Compaction Phase
[238.747s][info][gc,phases      ] GC(351) Compaction Phase 719.169ms
[238.747s][info][gc,phases,start] GC(351) Post Compact
[238.766s][info][gc,phases      ] GC(351) Post Compact 18.613ms
[238.766s][info][gc,heap        ] GC(351) PSYoungGen: 286040K(667136K)->286040K(667136K) Eden: 263679K(263680K)->263679K(263680K) From: 22360K(403456K)->22360K(403456K)
[238.766s][info][gc,heap        ] GC(351) ParOldGen: 9898887K(9899008K)->9898887K(9899008K)
[238.766s][info][gc,metaspace   ] GC(351) Metaspace: 6298K(6464K)->6298K(6464K) NonClass: 5764K(5824K)->5764K(5824K) Class: 533K(640K)->533K(640K)
[238.766s][info][gc             ] GC(351) Pause Full (Ergonomics) 9946M->9946M(10318M) 3133.035ms
[238.766s][info][gc,cpu         ] GC(351) User=23.30s Sys=0.00s Real=3.13s
[238.766s][info][gc,start       ] GC(352) Pause Full (Ergonomics)
[238.766s][info][gc,phases,start] GC(352) Marking Phase
[241.142s][info][gc,phases      ] GC(352) Marking Phase 2375.256ms
[241.142s][info][gc,phases,start] GC(352) Summary Phase
[241.142s][info][gc,phases      ] GC(352) Summary Phase 0.124ms
[241.142s][info][gc,phases,start] GC(352) Adjust Roots
[241.142s][info][gc,phases      ] GC(352) Adjust Roots 0.293ms
[241.142s][info][gc,phases,start] GC(352) Compaction Phase
[241.859s][info][gc,phases      ] GC(352) Compaction Phase 716.379ms
[241.859s][info][gc,phases,start] GC(352) Post Compact
[241.875s][info][gc,phases      ] GC(352) Post Compact 16.619ms
[241.875s][info][gc,heap        ] GC(352) PSYoungGen: 286040K(667136K)->286040K(667136K) Eden: 263679K(263680K)->263679K(263680K) From: 22360K(403456K)->22360K(403456K)
[241.875s][info][gc,heap        ] GC(352) ParOldGen: 9898892K(9899008K)->9898892K(9899008K)
[241.875s][info][gc,metaspace   ] GC(352) Metaspace: 6298K(6464K)->6298K(6464K) NonClass: 5764K(5824K)->5764K(5824K) Class: 533K(640K)->533K(640K)
[241.875s][info][gc             ] GC(352) Pause Full (Ergonomics) 9946M->9946M(10318M) 3109.076ms
[241.875s][info][gc,cpu         ] GC(352) User=23.14s Sys=0.00s Real=3.11s
[241.876s][info][gc,start       ] GC(353) Pause Full (Ergonomics)
[241.876s][info][gc,phases,start] GC(353) Marking Phase
[244.224s][info][gc,phases      ] GC(353) Marking Phase 2348.062ms
[244.224s][info][gc,phases,start] GC(353) Summary Phase
[244.224s][info][gc,phases      ] GC(353) Summary Phase 0.197ms
[244.224s][info][gc,phases,start] GC(353) Adjust Roots
[244.224s][info][gc,phases      ] GC(353) Adjust Roots 0.329ms
[244.224s][info][gc,phases,start] GC(353) Compaction Phase
[244.945s][info][gc,phases      ] GC(353) Compaction Phase 720.659ms
[244.945s][info][gc,phases,start] GC(353) Post Compact
[244.958s][info][gc,phases      ] GC(353) Post Compact 12.848ms
[244.958s][info][gc,heap        ] GC(353) PSYoungGen: 286040K(667136K)->286040K(667136K) Eden: 263679K(263680K)->263679K(263680K) From: 22360K(403456K)->22360K(403456K)
[244.958s][info][gc,heap        ] GC(353) ParOldGen: 9898897K(9899008K)->9898897K(9899008K)
[244.958s][info][gc,metaspace   ] GC(353) Metaspace: 6298K(6464K)->6298K(6464K) NonClass: 5764K(5824K)->5764K(5824K) Class: 533K(640K)->533K(640K)
[244.958s][info][gc             ] GC(353) Pause Full (Ergonomics) 9946M->9946M(10318M) 3082.502ms
[244.958s][info][gc,cpu         ] GC(353) User=23.17s Sys=0.00s Real=3.08s
[244.958s][info][gc,start       ] GC(354) Pause Full (Ergonomics)
[244.958s][info][gc,phases,start] GC(354) Marking Phase
[247.328s][info][gc,phases      ] GC(354) Marking Phase 2369.766ms
[247.328s][info][gc,phases,start] GC(354) Summary Phase
[247.329s][info][gc,phases      ] GC(354) Summary Phase 0.244ms
[247.329s][info][gc,phases,start] GC(354) Adjust Roots
[247.329s][info][gc,phases      ] GC(354) Adjust Roots 0.340ms
[247.329s][info][gc,phases,start] GC(354) Compaction Phase
[248.042s][info][gc,phases      ] GC(354) Compaction Phase 713.152ms
[248.042s][info][gc,phases,start] GC(354) Post Compact
[248.059s][info][gc,phases      ] GC(354) Post Compact 17.184ms
[248.059s][info][gc,heap        ] GC(354) PSYoungGen: 286040K(667136K)->286040K(667136K) Eden: 263679K(263680K)->263679K(263680K) From: 22360K(403456K)->22360K(403456K)
[248.059s][info][gc,heap        ] GC(354) ParOldGen: 9898901K(9899008K)->9898901K(9899008K)
[248.060s][info][gc,metaspace   ] GC(354) Metaspace: 6298K(6464K)->6298K(6464K) NonClass: 5764K(5824K)->5764K(5824K) Class: 533K(640K)->533K(640K)
[248.060s][info][gc             ] GC(354) Pause Full (Ergonomics) 9946M->9946M(10318M) 3101.147ms
[248.060s][info][gc,cpu         ] GC(354) User=23.33s Sys=0.02s Real=3.10s
[248.060s][info][gc,start       ] GC(355) Pause Full (Ergonomics)
[248.060s][info][gc,phases,start] GC(355) Marking Phase
[250.404s][info][gc,phases      ] GC(355) Marking Phase 2343.757ms
[250.404s][info][gc,phases,start] GC(355) Summary Phase
[250.404s][info][gc,phases      ] GC(355) Summary Phase 0.132ms
[250.404s][info][gc,phases,start] GC(355) Adjust Roots
[250.404s][info][gc,phases      ] GC(355) Adjust Roots 0.243ms
[250.404s][info][gc,phases,start] GC(355) Compaction Phase
[251.126s][info][gc,phases      ] GC(355) Compaction Phase 722.429ms
[251.126s][info][gc,phases,start] GC(355) Post Compact
[251.142s][info][gc,phases      ] GC(355) Post Compact 15.622ms
[251.142s][info][gc,heap        ] GC(355) PSYoungGen: 286040K(667136K)->286040K(667136K) Eden: 263679K(263680K)->263679K(263680K) From: 22360K(403456K)->22360K(403456K)
[251.142s][info][gc,heap        ] GC(355) ParOldGen: 9898906K(9899008K)->9898906K(9899008K)
[251.142s][info][gc,metaspace   ] GC(355) Metaspace: 6298K(6464K)->6298K(6464K) NonClass: 5764K(5824K)->5764K(5824K) Class: 533K(640K)->533K(640K)
[251.142s][info][gc             ] GC(355) Pause Full (Ergonomics) 9946M->9946M(10318M) 3082.539ms
[251.142s][info][gc,cpu         ] GC(355) User=23.05s Sys=0.00s Real=3.08s
[251.143s][info][gc,start       ] GC(356) Pause Full (Ergonomics)
[251.143s][info][gc,phases,start] GC(356) Marking Phase
[253.478s][info][gc,phases      ] GC(356) Marking Phase 2335.814ms
[253.478s][info][gc,phases,start] GC(356) Summary Phase
[253.479s][info][gc,phases      ] GC(356) Summary Phase 0.128ms
[253.479s][info][gc,phases,start] GC(356) Adjust Roots
[253.479s][info][gc,phases      ] GC(356) Adjust Roots 0.238ms
[253.479s][info][gc,phases,start] GC(356) Compaction Phase
[254.226s][info][gc,phases      ] GC(356) Compaction Phase 746.701ms
[254.226s][info][gc,phases,start] GC(356) Post Compact
[254.240s][info][gc,phases      ] GC(356) Post Compact 14.327ms
[254.240s][info][gc,heap        ] GC(356) PSYoungGen: 286040K(667136K)->286040K(667136K) Eden: 263679K(263680K)->263679K(263680K) From: 22360K(403456K)->22360K(403456K)
[254.240s][info][gc,heap        ] GC(356) ParOldGen: 9898911K(9899008K)->9898911K(9899008K)
[254.240s][info][gc,metaspace   ] GC(356) Metaspace: 6298K(6464K)->6298K(6464K) NonClass: 5764K(5824K)->5764K(5824K) Class: 533K(640K)->533K(640K)
[254.240s][info][gc             ] GC(356) Pause Full (Ergonomics) 9946M->9946M(10318M) 3097.602ms
[254.240s][info][gc,cpu         ] GC(356) User=23.30s Sys=0.02s Real=3.10s
[254.240s][info][gc,start       ] GC(357) Pause Full (Ergonomics)
[254.240s][info][gc,phases,start] GC(357) Marking Phase
[256.560s][info][gc,phases      ] GC(357) Marking Phase 2319.412ms
[256.560s][info][gc,phases,start] GC(357) Summary Phase
[256.560s][info][gc,phases      ] GC(357) Summary Phase 0.187ms
[256.560s][info][gc,phases,start] GC(357) Adjust Roots
[256.560s][info][gc,phases      ] GC(357) Adjust Roots 0.347ms
[256.560s][info][gc,phases,start] GC(357) Compaction Phase
[257.264s][info][gc,phases      ] GC(357) Compaction Phase 703.549ms
[257.264s][info][gc,phases,start] GC(357) Post Compact
[257.282s][info][gc,phases      ] GC(357) Post Compact 18.139ms
[257.282s][info][gc,heap        ] GC(357) PSYoungGen: 286040K(667136K)->286040K(667136K) Eden: 263679K(263680K)->263679K(263680K) From: 22360K(403456K)->22360K(403456K)
[257.282s][info][gc,heap        ] GC(357) ParOldGen: 9898916K(9899008K)->9898916K(9899008K)
[257.282s][info][gc,metaspace   ] GC(357) Metaspace: 6298K(6464K)->6298K(6464K) NonClass: 5764K(5824K)->5764K(5824K) Class: 533K(640K)->533K(640K)
[257.282s][info][gc             ] GC(357) Pause Full (Ergonomics) 9946M->9946M(10318M) 3042.036ms
[257.282s][info][gc,cpu         ] GC(357) User=22.97s Sys=0.03s Real=3.04s
[257.283s][info][gc,start       ] GC(358) Pause Full (Ergonomics)
[257.283s][info][gc,phases,start] GC(358) Marking Phase
[259.610s][info][gc,phases      ] GC(358) Marking Phase 2327.501ms
[259.610s][info][gc,phases,start] GC(358) Summary Phase
[259.610s][info][gc,phases      ] GC(358) Summary Phase 0.137ms
[259.610s][info][gc,phases,start] GC(358) Adjust Roots
[259.611s][info][gc,phases      ] GC(358) Adjust Roots 0.313ms
[259.611s][info][gc,phases,start] GC(358) Compaction Phase
[260.289s][info][gc,phases      ] GC(358) Compaction Phase 678.463ms
[260.289s][info][gc,phases,start] GC(358) Post Compact
[260.304s][info][gc,phases      ] GC(358) Post Compact 15.007ms
[260.304s][info][gc,heap        ] GC(358) PSYoungGen: 286040K(667136K)->286040K(667136K) Eden: 263679K(263680K)->263679K(263680K) From: 22360K(403456K)->22360K(403456K)
[260.304s][info][gc,heap        ] GC(358) ParOldGen: 9898921K(9899008K)->9898921K(9899008K)
[260.304s][info][gc,metaspace   ] GC(358) Metaspace: 6298K(6464K)->6298K(6464K) NonClass: 5764K(5824K)->5764K(5824K) Class: 533K(640K)->533K(640K)
[260.304s][info][gc             ] GC(358) Pause Full (Ergonomics) 9946M->9946M(10318M) 3021.814ms
[260.304s][info][gc,cpu         ] GC(358) User=23.11s Sys=0.03s Real=3.02s
[260.305s][info][gc,start       ] GC(359) Pause Full (Ergonomics)
[260.305s][info][gc,phases,start] GC(359) Marking Phase
[262.630s][info][gc,phases      ] GC(359) Marking Phase 2325.549ms
[262.630s][info][gc,phases,start] GC(359) Summary Phase
[262.630s][info][gc,phases      ] GC(359) Summary Phase 0.167ms
[262.630s][info][gc,phases,start] GC(359) Adjust Roots
[262.631s][info][gc,phases      ] GC(359) Adjust Roots 0.354ms
[262.631s][info][gc,phases,start] GC(359) Compaction Phase
[263.316s][info][gc,phases      ] GC(359) Compaction Phase 685.290ms
[263.316s][info][gc,phases,start] GC(359) Post Compact
[263.332s][info][gc,phases      ] GC(359) Post Compact 15.996ms
[263.332s][info][gc,heap        ] GC(359) PSYoungGen: 286040K(667136K)->286040K(667136K) Eden: 263679K(263680K)->263679K(263680K) From: 22360K(403456K)->22360K(403456K)
[263.332s][info][gc,heap        ] GC(359) ParOldGen: 9898926K(9899008K)->9898926K(9899008K)
[263.332s][info][gc,metaspace   ] GC(359) Metaspace: 6298K(6464K)->6298K(6464K) NonClass: 5764K(5824K)->5764K(5824K) Class: 533K(640K)->533K(640K)
[263.332s][info][gc             ] GC(359) Pause Full (Ergonomics) 9946M->9946M(10318M) 3027.783ms
[263.332s][info][gc,cpu         ] GC(359) User=22.86s Sys=0.02s Real=3.03s
[263.333s][info][gc,start       ] GC(360) Pause Full (Ergonomics)
[263.333s][info][gc,phases,start] GC(360) Marking Phase
[265.672s][info][gc,phases      ] GC(360) Marking Phase 2338.899ms
[265.672s][info][gc,phases,start] GC(360) Summary Phase
[265.672s][info][gc,phases      ] GC(360) Summary Phase 0.176ms
[265.672s][info][gc,phases,start] GC(360) Adjust Roots
[265.672s][info][gc,phases      ] GC(360) Adjust Roots 0.365ms
[265.672s][info][gc,phases,start] GC(360) Compaction Phase
[266.330s][info][gc,phases      ] GC(360) Compaction Phase 658.179ms
[266.331s][info][gc,phases,start] GC(360) Post Compact
[266.344s][info][gc,phases      ] GC(360) Post Compact 13.917ms
[266.345s][info][gc,heap        ] GC(360) PSYoungGen: 286040K(667136K)->286040K(667136K) Eden: 263679K(263680K)->263679K(263680K) From: 22360K(403456K)->22360K(403456K)
[266.345s][info][gc,heap        ] GC(360) ParOldGen: 9898930K(9899008K)->9898930K(9899008K)
[266.345s][info][gc,metaspace   ] GC(360) Metaspace: 6298K(6464K)->6298K(6464K) NonClass: 5764K(5824K)->5764K(5824K) Class: 533K(640K)->533K(640K)
[266.345s][info][gc             ] GC(360) Pause Full (Ergonomics) 9946M->9946M(10318M) 3011.984ms
[266.345s][info][gc,cpu         ] GC(360) User=23.23s Sys=0.00s Real=3.01s
[266.345s][info][gc,start       ] GC(361) Pause Full (Ergonomics)
[266.345s][info][gc,phases,start] GC(361) Marking Phase
[268.724s][info][gc,phases      ] GC(361) Marking Phase 2379.371ms
[268.724s][info][gc,phases,start] GC(361) Summary Phase
[268.724s][info][gc,phases      ] GC(361) Summary Phase 0.159ms
[268.724s][info][gc,phases,start] GC(361) Adjust Roots
[268.725s][info][gc,phases      ] GC(361) Adjust Roots 0.287ms
[268.725s][info][gc,phases,start] GC(361) Compaction Phase
[269.385s][info][gc,phases      ] GC(361) Compaction Phase 660.460ms
[269.385s][info][gc,phases,start] GC(361) Post Compact
[269.404s][info][gc,phases      ] GC(361) Post Compact 18.998ms
[269.404s][info][gc,heap        ] GC(361) PSYoungGen: 286040K(667136K)->286040K(667136K) Eden: 263679K(263680K)->263679K(263680K) From: 22360K(403456K)->22360K(403456K)
[269.404s][info][gc,heap        ] GC(361) ParOldGen: 9898935K(9899008K)->9898935K(9899008K)
[269.404s][info][gc,metaspace   ] GC(361) Metaspace: 6298K(6464K)->6298K(6464K) NonClass: 5764K(5824K)->5764K(5824K) Class: 533K(640K)->533K(640K)
[269.404s][info][gc             ] GC(361) Pause Full (Ergonomics) 9946M->9946M(10318M) 3059.639ms
[269.404s][info][gc,cpu         ] GC(361) User=23.06s Sys=0.00s Real=3.06s
[269.405s][info][gc,start       ] GC(362) Pause Full (Ergonomics)
[269.405s][info][gc,phases,start] GC(362) Marking Phase
[271.720s][info][gc,phases      ] GC(362) Marking Phase 2315.739ms
[271.720s][info][gc,phases,start] GC(362) Summary Phase
[271.721s][info][gc,phases      ] GC(362) Summary Phase 0.235ms
[271.721s][info][gc,phases,start] GC(362) Adjust Roots
[271.721s][info][gc,phases      ] GC(362) Adjust Roots 0.329ms
[271.721s][info][gc,phases,start] GC(362) Compaction Phase
[272.413s][info][gc,phases      ] GC(362) Compaction Phase 691.675ms
[272.413s][info][gc,phases,start] GC(362) Post Compact
[272.433s][info][gc,phases      ] GC(362) Post Compact 20.073ms
[272.433s][info][gc,heap        ] GC(362) PSYoungGen: 286040K(667136K)->286040K(667136K) Eden: 263679K(263680K)->263679K(263680K) From: 22360K(403456K)->22360K(403456K)
[272.433s][info][gc,heap        ] GC(362) ParOldGen: 9898940K(9899008K)->9898940K(9899008K)
[272.433s][info][gc,metaspace   ] GC(362) Metaspace: 6298K(6464K)->6298K(6464K) NonClass: 5764K(5824K)->5764K(5824K) Class: 533K(640K)->533K(640K)
[272.433s][info][gc             ] GC(362) Pause Full (Ergonomics) 9946M->9946M(10318M) 3028.462ms
[272.433s][info][gc,cpu         ] GC(362) User=22.94s Sys=0.03s Real=3.03s
[272.433s][info][gc,start       ] GC(363) Pause Full (Ergonomics)
[272.433s][info][gc,phases,start] GC(363) Marking Phase
[274.720s][info][gc,phases      ] GC(363) Marking Phase 2287.000ms
[274.720s][info][gc,phases,start] GC(363) Summary Phase
[274.721s][info][gc,phases      ] GC(363) Summary Phase 0.146ms
[274.721s][info][gc,phases,start] GC(363) Adjust Roots
[274.721s][info][gc,phases      ] GC(363) Adjust Roots 0.361ms
[274.721s][info][gc,phases,start] GC(363) Compaction Phase
[275.387s][info][gc,phases      ] GC(363) Compaction Phase 665.856ms
[275.387s][info][gc,phases,start] GC(363) Post Compact
[275.408s][info][gc,phases      ] GC(363) Post Compact 20.827ms
[275.408s][info][gc,heap        ] GC(363) PSYoungGen: 286040K(667136K)->286040K(667136K) Eden: 263679K(263680K)->263679K(263680K) From: 22360K(403456K)->22360K(403456K)
[275.408s][info][gc,heap        ] GC(363) ParOldGen: 9898945K(9899008K)->9898945K(9899008K)
[275.408s][info][gc,metaspace   ] GC(363) Metaspace: 6298K(6464K)->6298K(6464K) NonClass: 5764K(5824K)->5764K(5824K) Class: 533K(640K)->533K(640K)
[275.408s][info][gc             ] GC(363) Pause Full (Ergonomics) 9946M->9946M(10318M) 2974.698ms
[275.408s][info][gc,cpu         ] GC(363) User=22.53s Sys=0.00s Real=2.97s
[275.408s][info][gc,start       ] GC(364) Pause Full (Ergonomics)
[275.408s][info][gc,phases,start] GC(364) Marking Phase
[277.897s][info][gc,phases      ] GC(364) Marking Phase 2488.655ms
[277.897s][info][gc,phases,start] GC(364) Summary Phase
[277.897s][info][gc,phases      ] GC(364) Summary Phase 0.158ms
[277.897s][info][gc,phases,start] GC(364) Adjust Roots
[277.898s][info][gc,phases      ] GC(364) Adjust Roots 0.347ms
[277.898s][info][gc,phases,start] GC(364) Compaction Phase
[278.552s][info][gc,phases      ] GC(364) Compaction Phase 653.967ms
[278.552s][info][gc,phases,start] GC(364) Post Compact
[278.569s][info][gc,phases      ] GC(364) Post Compact 16.864ms
[278.569s][info][gc,heap        ] GC(364) PSYoungGen: 286040K(667136K)->286040K(667136K) Eden: 263679K(263680K)->263679K(263680K) From: 22360K(403456K)->22360K(403456K)
[278.569s][info][gc,heap        ] GC(364) ParOldGen: 9898950K(9899008K)->9898950K(9899008K)
[278.569s][info][gc,metaspace   ] GC(364) Metaspace: 6298K(6464K)->6298K(6464K) NonClass: 5764K(5824K)->5764K(5824K) Class: 533K(640K)->533K(640K)
[278.569s][info][gc             ] GC(364) Pause Full (Ergonomics) 9946M->9946M(10318M) 3160.504ms
[278.569s][info][gc,cpu         ] GC(364) User=22.56s Sys=0.02s Real=3.16s
[278.569s][info][gc,start       ] GC(365) Pause Full (Ergonomics)
[278.569s][info][gc,phases,start] GC(365) Marking Phase
[281.033s][info][gc,phases      ] GC(365) Marking Phase 2463.928ms
[281.033s][info][gc,phases,start] GC(365) Summary Phase
[281.033s][info][gc,phases      ] GC(365) Summary Phase 0.181ms
[281.033s][info][gc,phases,start] GC(365) Adjust Roots
[281.034s][info][gc,phases      ] GC(365) Adjust Roots 0.354ms
[281.034s][info][gc,phases,start] GC(365) Compaction Phase
[281.715s][info][gc,phases      ] GC(365) Compaction Phase 681.035ms
[281.715s][info][gc,phases,start] GC(365) Post Compact
[281.734s][info][gc,phases      ] GC(365) Post Compact 18.998ms
[281.734s][info][gc,heap        ] GC(365) PSYoungGen: 286040K(667136K)->286040K(667136K) Eden: 263679K(263680K)->263679K(263680K) From: 22360K(403456K)->22360K(403456K)
[281.734s][info][gc,heap        ] GC(365) ParOldGen: 9898955K(9899008K)->9898955K(9899008K)
[281.734s][info][gc,metaspace   ] GC(365) Metaspace: 6298K(6464K)->6298K(6464K) NonClass: 5764K(5824K)->5764K(5824K) Class: 533K(640K)->533K(640K)
[281.734s][info][gc             ] GC(365) Pause Full (Ergonomics) 9946M->9946M(10318M) 3164.924ms
[281.734s][info][gc,cpu         ] GC(365) User=22.61s Sys=0.02s Real=3.16s
[281.734s][info][gc,start       ] GC(366) Pause Full (Ergonomics)
[281.734s][info][gc,phases,start] GC(366) Marking Phase
[284.172s][info][gc,phases      ] GC(366) Marking Phase 2437.524ms
[284.172s][info][gc,phases,start] GC(366) Summary Phase
[284.172s][info][gc,phases      ] GC(366) Summary Phase 0.172ms
[284.172s][info][gc,phases,start] GC(366) Adjust Roots
[284.172s][info][gc,phases      ] GC(366) Adjust Roots 0.429ms
[284.173s][info][gc,phases,start] GC(366) Compaction Phase
[284.851s][info][gc,phases      ] GC(366) Compaction Phase 678.693ms
[284.851s][info][gc,phases,start] GC(366) Post Compact
[284.870s][info][gc,phases      ] GC(366) Post Compact 19.032ms
[284.870s][info][gc,heap        ] GC(366) PSYoungGen: 286040K(667136K)->286040K(667136K) Eden: 263679K(263680K)->263679K(263680K) From: 22360K(403456K)->22360K(403456K)
[284.870s][info][gc,heap        ] GC(366) ParOldGen: 9898959K(9899008K)->9898959K(9899008K)
[284.870s][info][gc,metaspace   ] GC(366) Metaspace: 6298K(6464K)->6298K(6464K) NonClass: 5764K(5824K)->5764K(5824K) Class: 533K(640K)->533K(640K)
[284.870s][info][gc             ] GC(366) Pause Full (Ergonomics) 9946M->9946M(10318M) 3136.303ms
[284.870s][info][gc,cpu         ] GC(366) User=22.27s Sys=0.06s Real=3.14s
[284.871s][info][gc,start       ] GC(367) Pause Full (Ergonomics)
[284.871s][info][gc,phases,start] GC(367) Marking Phase
[287.507s][info][gc,phases      ] GC(367) Marking Phase 2636.569ms
[287.507s][info][gc,phases,start] GC(367) Summary Phase
[287.508s][info][gc,phases      ] GC(367) Summary Phase 0.177ms
[287.508s][info][gc,phases,start] GC(367) Adjust Roots
[287.508s][info][gc,phases      ] GC(367) Adjust Roots 0.382ms
[287.508s][info][gc,phases,start] GC(367) Compaction Phase
[288.178s][info][gc,phases      ] GC(367) Compaction Phase 669.977ms
[288.178s][info][gc,phases,start] GC(367) Post Compact
[288.199s][info][gc,phases      ] GC(367) Post Compact 20.571ms
[288.199s][info][gc,heap        ] GC(367) PSYoungGen: 286040K(667136K)->286040K(667136K) Eden: 263679K(263680K)->263679K(263680K) From: 22360K(403456K)->22360K(403456K)
[288.199s][info][gc,heap        ] GC(367) ParOldGen: 9898964K(9899008K)->9898964K(9899008K)
[288.199s][info][gc,metaspace   ] GC(367) Metaspace: 6298K(6464K)->6298K(6464K) NonClass: 5764K(5824K)->5764K(5824K) Class: 533K(640K)->533K(640K)
[288.199s][info][gc             ] GC(367) Pause Full (Ergonomics) 9946M->9946M(10318M) 3328.148ms
[288.199s][info][gc,cpu         ] GC(367) User=21.92s Sys=0.02s Real=3.33s
[288.199s][info][gc,start       ] GC(368) Pause Full (Ergonomics)
[288.199s][info][gc,phases,start] GC(368) Marking Phase
[290.601s][info][gc,phases      ] GC(368) Marking Phase 2402.002ms
[290.601s][info][gc,phases,start] GC(368) Summary Phase
[290.601s][info][gc,phases      ] GC(368) Summary Phase 0.141ms
[290.601s][info][gc,phases,start] GC(368) Adjust Roots
[290.602s][info][gc,phases      ] GC(368) Adjust Roots 0.560ms
[290.602s][info][gc,phases,start] GC(368) Compaction Phase
[291.262s][info][gc,phases      ] GC(368) Compaction Phase 659.637ms
[291.262s][info][gc,phases,start] GC(368) Post Compact
[291.278s][info][gc,phases      ] GC(368) Post Compact 16.352ms
[291.278s][info][gc,heap        ] GC(368) PSYoungGen: 286040K(667136K)->286040K(667136K) Eden: 263679K(263680K)->263679K(263680K) From: 22360K(403456K)->22360K(403456K)
[291.278s][info][gc,heap        ] GC(368) ParOldGen: 9898969K(9899008K)->9898969K(9899008K)
[291.278s][info][gc,metaspace   ] GC(368) Metaspace: 6298K(6464K)->6298K(6464K) NonClass: 5764K(5824K)->5764K(5824K) Class: 533K(640K)->533K(640K)
[291.278s][info][gc             ] GC(368) Pause Full (Ergonomics) 9946M->9946M(10318M) 3079.139ms
[291.278s][info][gc,cpu         ] GC(368) User=22.31s Sys=0.00s Real=3.08s
[291.278s][info][gc,start       ] GC(369) Pause Full (Ergonomics)
[291.278s][info][gc,phases,start] GC(369) Marking Phase
[293.628s][info][gc,phases      ] GC(369) Marking Phase 2349.235ms
[293.628s][info][gc,phases,start] GC(369) Summary Phase
[293.628s][info][gc,phases      ] GC(369) Summary Phase 0.143ms
[293.628s][info][gc,phases,start] GC(369) Adjust Roots
[293.628s][info][gc,phases      ] GC(369) Adjust Roots 0.255ms
[293.628s][info][gc,phases,start] GC(369) Compaction Phase
[294.293s][info][gc,phases      ] GC(369) Compaction Phase 665.194ms
[294.294s][info][gc,phases,start] GC(369) Post Compact
[294.313s][info][gc,phases      ] GC(369) Post Compact 19.792ms
[294.313s][info][gc,heap        ] GC(369) PSYoungGen: 286040K(667136K)->286040K(667136K) Eden: 263679K(263680K)->263679K(263680K) From: 22360K(403456K)->22360K(403456K)
[294.313s][info][gc,heap        ] GC(369) ParOldGen: 9898974K(9899008K)->9898974K(9899008K)
[294.313s][info][gc,metaspace   ] GC(369) Metaspace: 6298K(6464K)->6298K(6464K) NonClass: 5764K(5824K)->5764K(5824K) Class: 533K(640K)->533K(640K)
[294.313s][info][gc             ] GC(369) Pause Full (Ergonomics) 9946M->9946M(10318M) 3035.029ms
[294.313s][info][gc,cpu         ] GC(369) User=22.36s Sys=0.02s Real=3.04s
[294.314s][info][gc,start       ] GC(370) Pause Full (Ergonomics)
[294.314s][info][gc,phases,start] GC(370) Marking Phase
[296.670s][info][gc,phases      ] GC(370) Marking Phase 2356.483ms
[296.670s][info][gc,phases,start] GC(370) Summary Phase
[296.671s][info][gc,phases      ] GC(370) Summary Phase 0.144ms
[296.671s][info][gc,phases,start] GC(370) Adjust Roots
[296.671s][info][gc,phases      ] GC(370) Adjust Roots 0.333ms
[296.671s][info][gc,phases,start] GC(370) Compaction Phase
[297.344s][info][gc,phases      ] GC(370) Compaction Phase 672.662ms
[297.344s][info][gc,phases,start] GC(370) Post Compact
[297.365s][info][gc,phases      ] GC(370) Post Compact 20.900ms
[297.365s][info][gc,heap        ] GC(370) PSYoungGen: 286040K(667136K)->286040K(667136K) Eden: 263679K(263680K)->263679K(263680K) From: 22360K(403456K)->22360K(403456K)
[297.365s][info][gc,heap        ] GC(370) ParOldGen: 9898979K(9899008K)->9898979K(9899008K)
[297.365s][info][gc,metaspace   ] GC(370) Metaspace: 6298K(6464K)->6298K(6464K) NonClass: 5764K(5824K)->5764K(5824K) Class: 533K(640K)->533K(640K)
[297.365s][info][gc             ] GC(370) Pause Full (Ergonomics) 9946M->9946M(10318M) 3050.953ms
[297.365s][info][gc,cpu         ] GC(370) User=22.58s Sys=0.02s Real=3.05s
[297.365s][info][gc,start       ] GC(371) Pause Full (Ergonomics)
[297.365s][info][gc,phases,start] GC(371) Marking Phase
[299.751s][info][gc,phases      ] GC(371) Marking Phase 2385.365ms
[299.751s][info][gc,phases,start] GC(371) Summary Phase
[299.751s][info][gc,phases      ] GC(371) Summary Phase 0.159ms
[299.751s][info][gc,phases,start] GC(371) Adjust Roots
[299.751s][info][gc,phases      ] GC(371) Adjust Roots 0.353ms
[299.751s][info][gc,phases,start] GC(371) Compaction Phase
[300.420s][info][gc,phases      ] GC(371) Compaction Phase 669.040ms
[300.420s][info][gc,phases,start] GC(371) Post Compact
[300.441s][info][gc,phases      ] GC(371) Post Compact 20.757ms
[300.441s][info][gc,heap        ] GC(371) PSYoungGen: 286040K(667136K)->286040K(667136K) Eden: 263679K(263680K)->263679K(263680K) From: 22360K(403456K)->22360K(403456K)
[300.441s][info][gc,heap        ] GC(371) ParOldGen: 9898984K(9899008K)->9898984K(9899008K)
[300.441s][info][gc,metaspace   ] GC(371) Metaspace: 6298K(6464K)->6298K(6464K) NonClass: 5764K(5824K)->5764K(5824K) Class: 533K(640K)->533K(640K)
[300.441s][info][gc             ] GC(371) Pause Full (Ergonomics) 9946M->9946M(10318M) 3076.164ms
[300.441s][info][gc,cpu         ] GC(371) User=22.55s Sys=0.00s Real=3.08s
[300.442s][info][gc,start       ] GC(372) Pause Full (Ergonomics)
[300.442s][info][gc,phases,start] GC(372) Marking Phase
[302.854s][info][gc,phases      ] GC(372) Marking Phase 2412.638ms
[302.854s][info][gc,phases,start] GC(372) Summary Phase
[302.855s][info][gc,phases      ] GC(372) Summary Phase 0.183ms
[302.855s][info][gc,phases,start] GC(372) Adjust Roots
[302.855s][info][gc,phases      ] GC(372) Adjust Roots 0.339ms
[302.855s][info][gc,phases,start] GC(372) Compaction Phase
[303.531s][info][gc,phases      ] GC(372) Compaction Phase 676.403ms
[303.531s][info][gc,phases,start] GC(372) Post Compact
[303.551s][info][gc,phases      ] GC(372) Post Compact 19.129ms
[303.551s][info][gc,heap        ] GC(372) PSYoungGen: 286040K(667136K)->286040K(667136K) Eden: 263679K(263680K)->263679K(263680K) From: 22360K(403456K)->22360K(403456K)
[303.551s][info][gc,heap        ] GC(372) ParOldGen: 9898988K(9899008K)->9898988K(9899008K)
[303.551s][info][gc,metaspace   ] GC(372) Metaspace: 6298K(6464K)->6298K(6464K) NonClass: 5764K(5824K)->5764K(5824K) Class: 533K(640K)->533K(640K)
[303.551s][info][gc             ] GC(372) Pause Full (Ergonomics) 9946M->9946M(10318M) 3109.127ms
[303.551s][info][gc,cpu         ] GC(372) User=22.72s Sys=0.00s Real=3.11s
[303.551s][info][gc,start       ] GC(373) Pause Full (Ergonomics)
[303.551s][info][gc,phases,start] GC(373) Marking Phase
[305.929s][info][gc,phases      ] GC(373) Marking Phase 2378.322ms
[305.929s][info][gc,phases,start] GC(373) Summary Phase
[305.930s][info][gc,phases      ] GC(373) Summary Phase 0.190ms
[305.930s][info][gc,phases,start] GC(373) Adjust Roots
[305.930s][info][gc,phases      ] GC(373) Adjust Roots 0.331ms
[305.930s][info][gc,phases,start] GC(373) Compaction Phase
[306.576s][info][gc,phases      ] GC(373) Compaction Phase 645.422ms
[306.576s][info][gc,phases,start] GC(373) Post Compact
[306.593s][info][gc,phases      ] GC(373) Post Compact 17.105ms
[306.593s][info][gc,heap        ] GC(373) PSYoungGen: 286040K(667136K)->286040K(667136K) Eden: 263679K(263680K)->263679K(263680K) From: 22360K(403456K)->22360K(403456K)
[306.593s][info][gc,heap        ] GC(373) ParOldGen: 9898993K(9899008K)->9898993K(9899008K)
[306.593s][info][gc,metaspace   ] GC(373) Metaspace: 6298K(6464K)->6298K(6464K) NonClass: 5764K(5824K)->5764K(5824K) Class: 533K(640K)->533K(640K)
[306.593s][info][gc             ] GC(373) Pause Full (Ergonomics) 9946M->9946M(10318M) 3041.825ms
[306.593s][info][gc,cpu         ] GC(373) User=22.58s Sys=0.00s Real=3.04s
[306.593s][info][gc,start       ] GC(374) Pause Full (Ergonomics)
[306.593s][info][gc,phases,start] GC(374) Marking Phase
[308.917s][info][gc,phases      ] GC(374) Marking Phase 2323.729ms
[308.917s][info][gc,phases,start] GC(374) Summary Phase
[308.917s][info][gc,phases      ] GC(374) Summary Phase 0.186ms
[308.917s][info][gc,phases,start] GC(374) Adjust Roots
[308.918s][info][gc,phases      ] GC(374) Adjust Roots 0.408ms
[308.918s][info][gc,phases,start] GC(374) Compaction Phase
[309.589s][info][gc,phases      ] GC(374) Compaction Phase 671.696ms
[309.589s][info][gc,phases,start] GC(374) Post Compact
[309.603s][info][gc,phases      ] GC(374) Post Compact 14.004ms
[309.603s][info][gc,heap        ] GC(374) PSYoungGen: 286040K(667136K)->286040K(667136K) Eden: 263679K(263680K)->263679K(263680K) From: 22360K(403456K)->22360K(403456K)
[309.603s][info][gc,heap        ] GC(374) ParOldGen: 9898998K(9899008K)->9898998K(9899008K)
[309.603s][info][gc,metaspace   ] GC(374) Metaspace: 6298K(6464K)->6298K(6464K) NonClass: 5764K(5824K)->5764K(5824K) Class: 533K(640K)->533K(640K)
[309.603s][info][gc             ] GC(374) Pause Full (Ergonomics) 9946M->9946M(10318M) 3010.416ms
[309.604s][info][gc,cpu         ] GC(374) User=22.27s Sys=0.00s Real=3.01s
[309.604s][info][gc,start       ] GC(375) Pause Full (Ergonomics)
[309.604s][info][gc,phases,start] GC(375) Marking Phase
[311.925s][info][gc,phases      ] GC(375) Marking Phase 2321.380ms
[311.925s][info][gc,phases,start] GC(375) Summary Phase
[311.925s][info][gc,phases      ] GC(375) Summary Phase 0.161ms
[311.925s][info][gc,phases,start] GC(375) Adjust Roots
[311.926s][info][gc,phases      ] GC(375) Adjust Roots 0.327ms
[311.926s][info][gc,phases,start] GC(375) Compaction Phase
[312.574s][info][gc,phases      ] GC(375) Compaction Phase 648.112ms
[312.574s][info][gc,phases,start] GC(375) Post Compact
[312.591s][info][gc,phases      ] GC(375) Post Compact 16.473ms
[312.591s][info][gc,heap        ] GC(375) PSYoungGen: 286040K(667136K)->286040K(667136K) Eden: 263679K(263680K)->263679K(263680K) From: 22360K(403456K)->22360K(403456K)
[312.591s][info][gc,heap        ] GC(375) ParOldGen: 9899003K(9899008K)->9899003K(9899008K)
[312.591s][info][gc,metaspace   ] GC(375) Metaspace: 6298K(6464K)->6298K(6464K) NonClass: 5764K(5824K)->5764K(5824K) Class: 533K(640K)->533K(640K)
[312.591s][info][gc             ] GC(375) Pause Full (Ergonomics) 9946M->9946M(10318M) 2986.862ms
[312.591s][info][gc,cpu         ] GC(375) User=22.14s Sys=0.00s Real=2.99s
[312.591s][info][gc,start       ] GC(376) Pause Full (Ergonomics)
[312.591s][info][gc,phases,start] GC(376) Marking Phase
[314.898s][info][gc,phases      ] GC(376) Marking Phase 2306.630ms
[314.898s][info][gc,phases,start] GC(376) Summary Phase
[314.898s][info][gc,phases      ] GC(376) Summary Phase 0.110ms
[314.898s][info][gc,phases,start] GC(376) Adjust Roots
[314.898s][info][gc,phases      ] GC(376) Adjust Roots 0.198ms
[314.898s][info][gc,phases,start] GC(376) Compaction Phase
[315.541s][info][gc,phases      ] GC(376) Compaction Phase 642.610ms
[315.541s][info][gc,phases,start] GC(376) Post Compact
[315.557s][info][gc,phases      ] GC(376) Post Compact 16.136ms
[315.557s][info][gc,heap        ] GC(376) PSYoungGen: 286040K(667136K)->286040K(667136K) Eden: 263679K(263680K)->263679K(263680K) From: 22360K(403456K)->22360K(403456K)
[315.557s][info][gc,heap        ] GC(376) ParOldGen: 9899007K(9899008K)->9899007K(9899008K)
[315.557s][info][gc,metaspace   ] GC(376) Metaspace: 6298K(6464K)->6298K(6464K) NonClass: 5764K(5824K)->5764K(5824K) Class: 533K(640K)->533K(640K)
[315.557s][info][gc             ] GC(376) Pause Full (Ergonomics) 9946M->9946M(10318M) 2966.093ms
[315.557s][info][gc,cpu         ] GC(376) User=22.59s Sys=0.02s Real=2.97s
[315.557s][info][gc,start       ] GC(377) Pause Full (Allocation Failure)
[315.557s][info][gc,phases,start] GC(377) Marking Phase
[317.899s][info][gc,phases      ] GC(377) Marking Phase 2341.486ms
[317.899s][info][gc,phases,start] GC(377) Summary Phase
[317.899s][info][gc,phases      ] GC(377) Summary Phase 0.115ms
[317.899s][info][gc,phases,start] GC(377) Adjust Roots
[317.899s][info][gc,phases      ] GC(377) Adjust Roots 0.402ms
[317.899s][info][gc,phases,start] GC(377) Compaction Phase
[320.370s][info][gc,phases      ] GC(377) Compaction Phase 2470.613ms
[320.370s][info][gc,phases,start] GC(377) Post Compact
[320.388s][info][gc,phases      ] GC(377) Post Compact 17.858ms
[320.388s][info][gc,heap        ] GC(377) PSYoungGen: 286040K(667136K)->286040K(667136K) Eden: 263679K(263680K)->263679K(263680K) From: 22360K(403456K)->22360K(403456K)
[320.388s][info][gc,heap        ] GC(377) ParOldGen: 9899007K(9899008K)->9899003K(9899008K)
[320.388s][info][gc,metaspace   ] GC(377) Metaspace: 6298K(6464K)->6296K(6464K) NonClass: 5764K(5824K)->5763K(5824K) Class: 533K(640K)->532K(640K)
[320.388s][info][gc             ] GC(377) Pause Full (Allocation Failure) 9946M->9946M(10318M) 4830.863ms
[320.388s][info][gc,cpu         ] GC(377) User=35.06s Sys=0.02s Real=4.83s
[320.389s][info][gc,start       ] GC(378) Pause Full (Ergonomics)
[320.389s][info][gc,phases,start] GC(378) Marking Phase
[322.843s][info][gc,phases      ] GC(378) Marking Phase 2454.178ms
[322.843s][info][gc,phases,start] GC(378) Summary Phase
[322.843s][info][gc,phases      ] GC(378) Summary Phase 0.168ms
[322.844s][info][gc,phases,start] GC(378) Adjust Roots
[322.844s][info][gc,phases      ] GC(378) Adjust Roots 0.317ms
[322.844s][info][gc,phases,start] GC(378) Compaction Phase
[323.509s][info][gc,phases      ] GC(378) Compaction Phase 665.531ms
[323.509s][info][gc,phases,start] GC(378) Post Compact
[323.526s][info][gc,phases      ] GC(378) Post Compact 16.245ms
[323.526s][info][gc,heap        ] GC(378) PSYoungGen: 286040K(667136K)->286040K(667136K) Eden: 263679K(263680K)->263679K(263680K) From: 22360K(403456K)->22360K(403456K)
[323.526s][info][gc,heap        ] GC(378) ParOldGen: 9899003K(9899008K)->9899003K(9899008K)
[323.526s][info][gc,metaspace   ] GC(378) Metaspace: 6296K(6464K)->6296K(6464K) NonClass: 5763K(5824K)->5763K(5824K) Class: 532K(640K)->532K(640K)
[323.526s][info][gc             ] GC(378) Pause Full (Ergonomics) 9946M->9946M(10318M) 3136.894ms
[323.526s][info][gc,cpu         ] GC(378) User=22.61s Sys=0.03s Real=3.14s
[323.526s][info][gc,start       ] GC(379) Pause Full (Ergonomics)
[323.526s][info][gc,phases,start] GC(379) Marking Phase
[325.885s][info][gc,phases      ] GC(379) Marking Phase 2358.328ms
[325.885s][info][gc,phases,start] GC(379) Summary Phase
[325.885s][info][gc,phases      ] GC(379) Summary Phase 0.107ms
[325.885s][info][gc,phases,start] GC(379) Adjust Roots
[325.885s][info][gc,phases      ] GC(379) Adjust Roots 0.210ms
[325.885s][info][gc,phases,start] GC(379) Compaction Phase
[326.533s][info][gc,phases      ] GC(379) Compaction Phase 647.579ms
[326.533s][info][gc,phases,start] GC(379) Post Compact
[326.549s][info][gc,phases      ] GC(379) Post Compact 15.894ms
[326.549s][info][gc,heap        ] GC(379) PSYoungGen: 286040K(667136K)->286040K(667136K) Eden: 263679K(263680K)->263679K(263680K) From: 22360K(403456K)->22360K(403456K)
[326.549s][info][gc,heap        ] GC(379) ParOldGen: 9899007K(9899008K)->9899007K(9899008K)
[326.549s][info][gc,metaspace   ] GC(379) Metaspace: 6296K(6464K)->6296K(6464K) NonClass: 5763K(5824K)->5763K(5824K) Class: 532K(640K)->532K(640K)
[326.549s][info][gc             ] GC(379) Pause Full (Ergonomics) 9946M->9946M(10318M) 3022.489ms
[326.549s][info][gc,cpu         ] GC(379) User=22.28s Sys=0.03s Real=3.02s
[326.549s][info][gc,start       ] GC(380) Pause Full (Allocation Failure)
[326.549s][info][gc,phases,start] GC(380) Marking Phase
[328.922s][info][gc,phases      ] GC(380) Marking Phase 2373.327ms
[328.922s][info][gc,phases,start] GC(380) Summary Phase
[328.923s][info][gc,phases      ] GC(380) Summary Phase 0.167ms
[328.923s][info][gc,phases,start] GC(380) Adjust Roots
[328.923s][info][gc,phases      ] GC(380) Adjust Roots 0.304ms
[328.923s][info][gc,phases,start] GC(380) Compaction Phase
[329.608s][info][gc,phases      ] GC(380) Compaction Phase 685.466ms
[329.609s][info][gc,phases,start] GC(380) Post Compact
[329.626s][info][gc,phases      ] GC(380) Post Compact 17.515ms
[329.626s][info][gc,heap        ] GC(380) PSYoungGen: 286040K(667136K)->286040K(667136K) Eden: 263679K(263680K)->263679K(263680K) From: 22360K(403456K)->22360K(403456K)
[329.626s][info][gc,heap        ] GC(380) ParOldGen: 9899007K(9899008K)->9899007K(9899008K)
[329.626s][info][gc,metaspace   ] GC(380) Metaspace: 6296K(6464K)->6296K(6464K) NonClass: 5763K(5824K)->5763K(5824K) Class: 532K(640K)->532K(640K)
[329.626s][info][gc             ] GC(380) Pause Full (Allocation Failure) 9946M->9946M(10318M) 3077.156ms
[329.626s][info][gc,cpu         ] GC(380) User=22.39s Sys=0.00s Real=3.08s
[329.627s][info][gc,start       ] GC(381) Pause Full (Ergonomics)
[329.627s][info][gc,phases,start] GC(381) Marking Phase
[332.090s][info][gc,phases      ] GC(381) Marking Phase 2463.698ms
[332.091s][info][gc,phases,start] GC(381) Summary Phase
[332.091s][info][gc,phases      ] GC(381) Summary Phase 0.173ms
[332.091s][info][gc,phases,start] GC(381) Adjust Roots
[332.091s][info][gc,phases      ] GC(381) Adjust Roots 0.430ms
[332.091s][info][gc,phases,start] GC(381) Compaction Phase
[334.570s][info][gc,phases      ] GC(381) Compaction Phase 2478.331ms
[334.570s][info][gc,phases,start] GC(381) Post Compact
[334.587s][info][gc,phases      ] GC(381) Post Compact 17.321ms
[334.587s][info][gc,heap        ] GC(381) PSYoungGen: 286040K(667136K)->286040K(667136K) Eden: 263679K(263680K)->263679K(263680K) From: 22360K(403456K)->22360K(403456K)
[334.587s][info][gc,heap        ] GC(381) ParOldGen: 9899007K(9899008K)->9899006K(9899008K)
[334.587s][info][gc,metaspace   ] GC(381) Metaspace: 6296K(6464K)->6296K(6464K) NonClass: 5763K(5824K)->5763K(5824K) Class: 532K(640K)->532K(640K)
[334.587s][info][gc             ] GC(381) Pause Full (Ergonomics) 9946M->9946M(10318M) 4960.403ms
[334.587s][info][gc,cpu         ] GC(381) User=33.78s Sys=0.08s Real=4.96s
[334.588s][info][gc,start       ] GC(382) Pause Full (Ergonomics)
[334.588s][info][gc,phases,start] GC(382) Marking Phase
[336.902s][info][gc,phases      ] GC(382) Marking Phase 2313.791ms
[336.902s][info][gc,phases,start] GC(382) Summary Phase
[336.902s][info][gc,phases      ] GC(382) Summary Phase 0.163ms
[336.902s][info][gc,phases,start] GC(382) Adjust Roots
[336.902s][info][gc,phases      ] GC(382) Adjust Roots 0.359ms
[336.902s][info][gc,phases,start] GC(382) Compaction Phase
[337.540s][info][gc,phases      ] GC(382) Compaction Phase 637.465ms
[337.540s][info][gc,phases,start] GC(382) Post Compact
[337.555s][info][gc,phases      ] GC(382) Post Compact 15.310ms
[337.555s][info][gc,heap        ] GC(382) PSYoungGen: 286040K(667136K)->286040K(667136K) Eden: 263679K(263680K)->263679K(263680K) From: 22360K(403456K)->22360K(403456K)
[337.555s][info][gc,heap        ] GC(382) ParOldGen: 9899006K(9899008K)->9899006K(9899008K)
[337.555s][info][gc,metaspace   ] GC(382) Metaspace: 6296K(6464K)->6296K(6464K) NonClass: 5763K(5824K)->5763K(5824K) Class: 532K(640K)->532K(640K)
[337.555s][info][gc             ] GC(382) Pause Full (Ergonomics) 9946M->9946M(10318M) 2967.537ms
[337.555s][info][gc,cpu         ] GC(382) User=22.56s Sys=0.02s Real=2.97s
[337.557s][info][gc,start       ] GC(383) Pause Full (Ergonomics)
[337.557s][info][gc,phases,start] GC(383) Marking Phase
[339.883s][info][gc,phases      ] GC(383) Marking Phase 2325.734ms
[339.883s][info][gc,phases,start] GC(383) Summary Phase
[339.883s][info][gc,phases      ] GC(383) Summary Phase 0.158ms
[339.883s][info][gc,phases,start] GC(383) Adjust Roots
[339.883s][info][gc,phases      ] GC(383) Adjust Roots 0.376ms
[339.883s][info][gc,phases,start] GC(383) Compaction Phase
[342.343s][info][gc,phases      ] GC(383) Compaction Phase 2459.762ms
[342.343s][info][gc,phases,start] GC(383) Post Compact
[342.362s][info][gc,phases      ] GC(383) Post Compact 18.390ms
[342.362s][info][gc,heap        ] GC(383) PSYoungGen: 286040K(667136K)->286040K(667136K) Eden: 263679K(263680K)->263679K(263680K) From: 22360K(403456K)->22360K(403456K)
[342.362s][info][gc,heap        ] GC(383) ParOldGen: 9899007K(9899008K)->9899004K(9899008K)
[342.362s][info][gc,metaspace   ] GC(383) Metaspace: 6298K(6464K)->6298K(6464K) NonClass: 5764K(5824K)->5764K(5824K) Class: 533K(640K)->533K(640K)
[342.362s][info][gc             ] GC(383) Pause Full (Ergonomics) 9946M->9946M(10318M) 4804.905ms
[342.362s][info][gc,cpu         ] GC(383) User=33.55s Sys=0.05s Real=4.81s
[342.362s][info][gc,heap,exit   ] Heap
[342.362s][info][gc,heap,exit   ]  PSYoungGen      total 667136K, used 286040K [0x00000006d1f00000, 0x0000000716e00000, 0x0000000800000000)
[342.362s][info][gc,heap,exit   ]   eden space 263680K, 99% used [0x00000006d1f00000,0x00000006e207fff8,0x00000006e2080000)
[342.362s][info][gc,heap,exit   ]   from space 403456K, 5% used [0x00000006fba00000,0x00000006fcfd61f8,0x0000000714400000)
[342.362s][info][gc,heap,exit   ]   to   space 419328K, 0% used [0x00000006e2080000,0x00000006e2080000,0x00000006fba00000)
[342.362s][info][gc,heap,exit   ]  ParOldGen       total 9899008K, used 9899005K [0x0000000475c00000, 0x00000006d1f00000, 0x00000006d1f00000)
[342.362s][info][gc,heap,exit   ]   object space 9899008K, 99% used [0x0000000475c00000,0x00000006d1eff5d8,0x00000006d1f00000)
[342.363s][info][gc,heap,exit   ]  Metaspace       used 6301K, committed 6464K, reserved 1114112K
[342.363s][info][gc,heap,exit   ]   class space    used 534K, committed 640K, reserved 1048576K
