[0.013s][info][gc,init] CardTable entry size: 512
[0.014s][info][gc     ] Using Parallel
[0.014s][info][gc,init] Version: 18.0.1+10 (release)
[0.015s][info][gc,init] CPUs: 8 total, 8 available
[0.015s][info][gc,init] Memory: 16063M
[0.015s][info][gc,init] Large Page Support: Disabled
[0.015s][info][gc,init] NUMA Support: Disabled
[0.015s][info][gc,init] Compressed Oops: Enabled (Zero based)
[0.015s][info][gc,init] Alignments: Space 512K, Generation 512K, Heap 2M
[0.015s][info][gc,init] Heap Min Capacity: 2M
[0.015s][info][gc,init] Heap Initial Capacity: 2M
[0.015s][info][gc,init] Heap Max Capacity: 6200M
[0.015s][info][gc,init] Pre-touch: Disabled
[0.015s][info][gc,init] Parallel Workers: 8
[0.015s][info][gc,metaspace] CDS archive(s) not mapped
[0.015s][info][gc,metaspace] Compressed class space mapped at: 0x0000000800000000-0x0000000840000000, reserved size: 1073741824
[0.015s][info][gc,metaspace] Narrow klass base: 0x0000000800000000, Narrow klass shift: 0, Narrow klass range: 0x40000000
[0.125s][info][gc,start    ] GC(0) Pause Young (Allocation Failure)
[0.127s][info][gc,heap     ] GC(0) PSYoungGen: 512K(1024K)->480K(1024K) Eden: 512K(512K)->0K(512K) From: 0K(512K)->480K(512K)
[0.127s][info][gc,heap     ] GC(0) ParOldGen: 0K(512K)->8K(512K)
[0.127s][info][gc,metaspace] GC(0) Metaspace: 4229K(4352K)->4229K(4352K) NonClass: 3908K(3968K)->3908K(3968K) Class: 321K(384K)->321K(384K)
[0.127s][info][gc          ] GC(0) Pause Young (Allocation Failure) 0M->0M(1M) 1.611ms
[0.127s][info][gc,cpu      ] GC(0) User=0.00s Sys=0.00s Real=0.00s
[0.207s][info][gc,start    ] GC(1) Pause Young (Allocation Failure)
[0.208s][info][gc,heap     ] GC(1) PSYoungGen: 991K(1024K)->512K(1536K) Eden: 511K(512K)->0K(1024K) From: 480K(512K)->512K(512K)
[0.208s][info][gc,heap     ] GC(1) ParOldGen: 8K(512K)->88K(512K)
[0.208s][info][gc,metaspace] GC(1) Metaspace: 5880K(6016K)->5880K(6016K) NonClass: 5384K(5504K)->5384K(5504K) Class: 496K(512K)->496K(512K)
[0.208s][info][gc          ] GC(1) Pause Young (Allocation Failure) 0M->0M(2M) 1.225ms
[0.208s][info][gc,cpu      ] GC(1) User=0.00s Sys=0.00s Real=0.00s
[0.233s][info][gc,start    ] GC(2) Pause Young (Allocation Failure)
[0.235s][info][gc,heap     ] GC(2) PSYoungGen: 1536K(1536K)->512K(1536K) Eden: 1024K(1024K)->0K(1024K) From: 512K(512K)->512K(512K)
[0.235s][info][gc,heap     ] GC(2) ParOldGen: 88K(512K)->504K(512K)
[0.235s][info][gc,metaspace] GC(2) Metaspace: 6300K(6528K)->6300K(6528K) NonClass: 5767K(5888K)->5767K(5888K) Class: 533K(640K)->533K(640K)
[0.235s][info][gc          ] GC(2) Pause Young (Allocation Failure) 1M->0M(2M) 1.654ms
[0.235s][info][gc,cpu      ] GC(2) User=0.00s Sys=0.00s Real=0.00s
[0.235s][info][gc,start    ] GC(3) Pause Full (Ergonomics)
[0.235s][info][gc,phases,start] GC(3) Marking Phase
[0.237s][info][gc,phases      ] GC(3) Marking Phase 1.328ms
[0.237s][info][gc,phases,start] GC(3) Summary Phase
[0.237s][info][gc,phases      ] GC(3) Summary Phase 0.016ms
[0.237s][info][gc,phases,start] GC(3) Adjust Roots
[0.237s][info][gc,phases      ] GC(3) Adjust Roots 0.431ms
[0.237s][info][gc,phases,start] GC(3) Compaction Phase
[0.239s][info][gc,phases      ] GC(3) Compaction Phase 1.474ms
[0.239s][info][gc,phases,start] GC(3) Post Compact
[0.239s][info][gc,phases      ] GC(3) Post Compact 0.116ms
[0.239s][info][gc,heap        ] GC(3) PSYoungGen: 512K(1536K)->510K(1536K) Eden: 0K(1024K)->0K(1024K) From: 512K(512K)->510K(512K)
[0.239s][info][gc,heap        ] GC(3) ParOldGen: 504K(512K)->470K(2048K)
[0.239s][info][gc,metaspace   ] GC(3) Metaspace: 6300K(6528K)->6300K(6528K) NonClass: 5767K(5888K)->5767K(5888K) Class: 533K(640K)->533K(640K)
[0.239s][info][gc             ] GC(3) Pause Full (Ergonomics) 0M->0M(3M) 3.681ms
[0.239s][info][gc,cpu         ] GC(3) User=0.00s Sys=0.00s Real=0.00s
[0.241s][info][gc,start       ] GC(4) Pause Young (Allocation Failure)
[0.242s][info][gc,heap        ] GC(4) PSYoungGen: 1534K(1536K)->480K(2560K) Eden: 1024K(1024K)->0K(2048K) From: 510K(512K)->480K(512K)
[0.242s][info][gc,heap        ] GC(4) ParOldGen: 470K(2048K)->1026K(2048K)
[0.242s][info][gc,metaspace   ] GC(4) Metaspace: 6300K(6528K)->6300K(6528K) NonClass: 5767K(5888K)->5767K(5888K) Class: 533K(640K)->533K(640K)
[0.242s][info][gc             ] GC(4) Pause Young (Allocation Failure) 1M->1M(4M) 1.652ms
[0.242s][info][gc,cpu         ] GC(4) User=0.00s Sys=0.00s Real=0.00s
[0.246s][info][gc,start       ] GC(5) Pause Young (Allocation Failure)
[0.248s][info][gc,heap        ] GC(5) PSYoungGen: 2528K(2560K)->480K(2560K) Eden: 2048K(2048K)->0K(2048K) From: 480K(512K)->480K(512K)
[0.248s][info][gc,heap        ] GC(5) ParOldGen: 1026K(2048K)->2098K(2560K)
[0.248s][info][gc,metaspace   ] GC(5) Metaspace: 6300K(6528K)->6300K(6528K) NonClass: 5767K(5888K)->5767K(5888K) Class: 533K(640K)->533K(640K)
[0.248s][info][gc             ] GC(5) Pause Young (Allocation Failure) 3M->2M(5M) 2.062ms
[0.248s][info][gc,cpu         ] GC(5) User=0.00s Sys=0.00s Real=0.00s
[0.248s][info][gc,start       ] GC(6) Pause Full (Ergonomics)
[0.248s][info][gc,phases,start] GC(6) Marking Phase
[0.250s][info][gc,phases      ] GC(6) Marking Phase 1.887ms
[0.250s][info][gc,phases,start] GC(6) Summary Phase
[0.250s][info][gc,phases      ] GC(6) Summary Phase 0.018ms
[0.250s][info][gc,phases,start] GC(6) Adjust Roots
[0.251s][info][gc,phases      ] GC(6) Adjust Roots 0.393ms
[0.251s][info][gc,phases,start] GC(6) Compaction Phase
[0.253s][info][gc,phases      ] GC(6) Compaction Phase 2.389ms
[0.253s][info][gc,phases,start] GC(6) Post Compact
[0.253s][info][gc,phases      ] GC(6) Post Compact 0.034ms
[0.253s][info][gc,heap        ] GC(6) PSYoungGen: 480K(2560K)->0K(4096K) Eden: 0K(2048K)->0K(3072K) From: 480K(512K)->0K(1024K)
[0.253s][info][gc,heap        ] GC(6) ParOldGen: 2098K(2560K)->2542K(6144K)
[0.253s][info][gc,metaspace   ] GC(6) Metaspace: 6300K(6528K)->6300K(6528K) NonClass: 5767K(5888K)->5767K(5888K) Class: 533K(640K)->533K(640K)
[0.253s][info][gc             ] GC(6) Pause Full (Ergonomics) 2M->2M(10M) 5.114ms
[0.254s][info][gc,cpu         ] GC(6) User=0.00s Sys=0.00s Real=0.01s
[0.259s][info][gc,start       ] GC(7) Pause Young (Allocation Failure)
[0.262s][info][gc,heap        ] GC(7) PSYoungGen: 3072K(4096K)->1696K(5120K) Eden: 3072K(3072K)->0K(3072K) From: 0K(1024K)->1696K(2048K)
[0.262s][info][gc,heap        ] GC(7) ParOldGen: 2542K(6144K)->2542K(6144K)
[0.262s][info][gc,metaspace   ] GC(7) Metaspace: 6300K(6528K)->6300K(6528K) NonClass: 5767K(5888K)->5767K(5888K) Class: 533K(640K)->533K(640K)
[0.262s][info][gc             ] GC(7) Pause Young (Allocation Failure) 5M->4M(11M) 2.376ms
[0.262s][info][gc,cpu         ] GC(7) User=0.00s Sys=0.00s Real=0.00s
[0.267s][info][gc,start       ] GC(8) Pause Young (Allocation Failure)
[0.271s][info][gc,heap        ] GC(8) PSYoungGen: 4768K(5120K)->2016K(5632K) Eden: 3072K(3072K)->0K(3584K) From: 1696K(2048K)->2016K(2048K)
[0.271s][info][gc,heap        ] GC(8) ParOldGen: 2542K(6144K)->3774K(6144K)
[0.271s][info][gc,metaspace   ] GC(8) Metaspace: 6300K(6528K)->6300K(6528K) NonClass: 5767K(5888K)->5767K(5888K) Class: 533K(640K)->533K(640K)
[0.271s][info][gc             ] GC(8) Pause Young (Allocation Failure) 7M->5M(11M) 3.335ms
[0.271s][info][gc,cpu         ] GC(8) User=0.00s Sys=0.00s Real=0.00s
[0.278s][info][gc,start       ] GC(9) Pause Young (Allocation Failure)
[0.283s][info][gc,heap        ] GC(9) PSYoungGen: 5600K(5632K)->3040K(6656K) Eden: 3584K(3584K)->0K(3584K) From: 2016K(2048K)->3040K(3072K)
[0.283s][info][gc,heap        ] GC(9) ParOldGen: 3774K(6144K)->4606K(6144K)
[0.283s][info][gc,metaspace   ] GC(9) Metaspace: 6300K(6528K)->6300K(6528K) NonClass: 5767K(5888K)->5767K(5888K) Class: 533K(640K)->533K(640K)
[0.283s][info][gc             ] GC(9) Pause Young (Allocation Failure) 9M->7M(12M) 5.141ms
[0.283s][info][gc,cpu         ] GC(9) User=0.00s Sys=0.00s Real=0.01s
[0.289s][info][gc,start       ] GC(10) Pause Young (Allocation Failure)
[0.293s][info][gc,heap        ] GC(10) PSYoungGen: 6624K(6656K)->4064K(9216K) Eden: 3584K(3584K)->0K(5120K) From: 3040K(3072K)->4064K(4096K)
[0.293s][info][gc,heap        ] GC(10) ParOldGen: 4606K(6144K)->5446K(6144K)
[0.293s][info][gc,metaspace   ] GC(10) Metaspace: 6300K(6528K)->6300K(6528K) NonClass: 5767K(5888K)->5767K(5888K) Class: 533K(640K)->533K(640K)
[0.293s][info][gc             ] GC(10) Pause Young (Allocation Failure) 10M->9M(15M) 4.332ms
[0.293s][info][gc,cpu         ] GC(10) User=0.00s Sys=0.00s Real=0.01s
[0.293s][info][gc,start       ] GC(11) Pause Full (Ergonomics)
[0.293s][info][gc,phases,start] GC(11) Marking Phase
[0.298s][info][gc,phases      ] GC(11) Marking Phase 5.225ms
[0.298s][info][gc,phases,start] GC(11) Summary Phase
[0.298s][info][gc,phases      ] GC(11) Summary Phase 0.018ms
[0.298s][info][gc,phases,start] GC(11) Adjust Roots
[0.299s][info][gc,phases      ] GC(11) Adjust Roots 0.516ms
[0.299s][info][gc,phases,start] GC(11) Compaction Phase
[0.308s][info][gc,phases      ] GC(11) Compaction Phase 9.385ms
[0.308s][info][gc,phases,start] GC(11) Post Compact
[0.308s][info][gc,phases      ] GC(11) Post Compact 0.066ms
[0.309s][info][gc,heap        ] GC(11) PSYoungGen: 4064K(9216K)->3545K(9216K) Eden: 0K(5120K)->0K(5120K) From: 4064K(4096K)->3545K(4096K)
[0.309s][info][gc,heap        ] GC(11) ParOldGen: 5446K(6144K)->5831K(10752K)
[0.309s][info][gc,metaspace   ] GC(11) Metaspace: 6300K(6528K)->6300K(6528K) NonClass: 5767K(5888K)->5767K(5888K) Class: 533K(640K)->533K(640K)
[0.309s][info][gc             ] GC(11) Pause Full (Ergonomics) 9M->9M(19M) 15.583ms
[0.309s][info][gc,cpu         ] GC(11) User=0.00s Sys=0.00s Real=0.01s
[0.315s][info][gc,start       ] GC(12) Pause Young (Allocation Failure)
[0.320s][info][gc,heap        ] GC(12) PSYoungGen: 8665K(9216K)->5088K(10240K) Eden: 5120K(5120K)->0K(5120K) From: 3545K(4096K)->5088K(5120K)
[0.320s][info][gc,heap        ] GC(12) ParOldGen: 5831K(10752K)->6951K(10752K)
[0.320s][info][gc,metaspace   ] GC(12) Metaspace: 6300K(6528K)->6300K(6528K) NonClass: 5767K(5888K)->5767K(5888K) Class: 533K(640K)->533K(640K)
[0.320s][info][gc             ] GC(12) Pause Young (Allocation Failure) 14M->11M(20M) 5.325ms
[0.320s][info][gc,cpu         ] GC(12) User=0.00s Sys=0.00s Real=0.01s
[0.325s][info][gc,start       ] GC(13) Pause Young (Allocation Failure)
[0.331s][info][gc,heap        ] GC(13) PSYoungGen: 10208K(10240K)->6464K(12800K) Eden: 5120K(5120K)->0K(6144K) From: 5088K(5120K)->6464K(6656K)
[0.331s][info][gc,heap        ] GC(13) ParOldGen: 6951K(10752K)->8247K(10752K)
[0.331s][info][gc,metaspace   ] GC(13) Metaspace: 6302K(6528K)->6302K(6528K) NonClass: 5769K(5888K)->5769K(5888K) Class: 533K(640K)->533K(640K)
[0.331s][info][gc             ] GC(13) Pause Young (Allocation Failure) 16M->14M(23M) 6.106ms
[0.331s][info][gc,cpu         ] GC(13) User=0.00s Sys=0.00s Real=0.01s
[0.336s][info][gc,start       ] GC(14) Pause Young (Allocation Failure)
[0.343s][info][gc,heap        ] GC(14) PSYoungGen: 12608K(12800K)->5824K(13824K) Eden: 6144K(6144K)->0K(6144K) From: 6464K(6656K)->5824K(7680K)
[0.343s][info][gc,heap        ] GC(14) ParOldGen: 8247K(10752K)->12119K(12288K)
[0.343s][info][gc,metaspace   ] GC(14) Metaspace: 6302K(6528K)->6302K(6528K) NonClass: 5769K(5888K)->5769K(5888K) Class: 533K(640K)->533K(640K)
[0.343s][info][gc             ] GC(14) Pause Young (Allocation Failure) 20M->17M(25M) 6.694ms
[0.343s][info][gc,cpu         ] GC(14) User=0.00s Sys=0.00s Real=0.01s
[0.343s][info][gc,start       ] GC(15) Pause Full (Ergonomics)
[0.343s][info][gc,phases,start] GC(15) Marking Phase
[0.351s][info][gc,phases      ] GC(15) Marking Phase 8.255ms
[0.351s][info][gc,phases,start] GC(15) Summary Phase
[0.351s][info][gc,phases      ] GC(15) Summary Phase 0.021ms
[0.351s][info][gc,phases,start] GC(15) Adjust Roots
[0.352s][info][gc,phases      ] GC(15) Adjust Roots 0.280ms
[0.352s][info][gc,phases,start] GC(15) Compaction Phase
[0.361s][info][gc,phases      ] GC(15) Compaction Phase 9.297ms
[0.361s][info][gc,phases,start] GC(15) Post Compact
[0.361s][info][gc,phases      ] GC(15) Post Compact 0.072ms
[0.361s][info][gc,heap        ] GC(15) PSYoungGen: 5824K(13824K)->5758K(13824K) Eden: 0K(6144K)->0K(6144K) From: 5824K(7680K)->5758K(7680K)
[0.361s][info][gc,heap        ] GC(15) ParOldGen: 12119K(12288K)->12006K(18944K)
[0.361s][info][gc,metaspace   ] GC(15) Metaspace: 6302K(6528K)->6302K(6528K) NonClass: 5769K(5888K)->5769K(5888K) Class: 533K(640K)->533K(640K)
[0.361s][info][gc             ] GC(15) Pause Full (Ergonomics) 17M->17M(32M) 18.377ms
[0.361s][info][gc,cpu         ] GC(15) User=0.00s Sys=0.00s Real=0.02s
[0.366s][info][gc,start       ] GC(16) Pause Young (Allocation Failure)
[0.373s][info][gc,heap        ] GC(16) PSYoungGen: 11902K(13824K)->3232K(15872K) Eden: 6144K(6144K)->0K(8704K) From: 5758K(7680K)->3232K(7168K)
[0.373s][info][gc,heap        ] GC(16) ParOldGen: 12006K(18944K)->17862K(18944K)
[0.373s][info][gc,metaspace   ] GC(16) Metaspace: 6302K(6528K)->6302K(6528K) NonClass: 5769K(5888K)->5769K(5888K) Class: 533K(640K)->533K(640K)
[0.373s][info][gc             ] GC(16) Pause Young (Allocation Failure) 23M->20M(34M) 7.338ms
[0.373s][info][gc,cpu         ] GC(16) User=0.00s Sys=0.00s Real=0.01s
[0.373s][info][gc,start       ] GC(17) Pause Full (Ergonomics)
[0.373s][info][gc,phases,start] GC(17) Marking Phase
[0.386s][info][gc,phases      ] GC(17) Marking Phase 12.577ms
[0.386s][info][gc,phases,start] GC(17) Summary Phase
[0.386s][info][gc,phases      ] GC(17) Summary Phase 0.017ms
[0.386s][info][gc,phases,start] GC(17) Adjust Roots
[0.386s][info][gc,phases      ] GC(17) Adjust Roots 0.264ms
[0.386s][info][gc,phases,start] GC(17) Compaction Phase
[0.392s][info][gc,phases      ] GC(17) Compaction Phase 6.051ms
[0.393s][info][gc,phases,start] GC(17) Post Compact
[0.393s][info][gc,phases      ] GC(17) Post Compact 0.170ms
[0.393s][info][gc,heap        ] GC(17) PSYoungGen: 3232K(15872K)->2146K(16384K) Eden: 0K(8704K)->0K(9216K) From: 3232K(7168K)->2146K(7168K)
[0.393s][info][gc,heap        ] GC(17) ParOldGen: 17862K(18944K)->18786K(28672K)
[0.393s][info][gc,metaspace   ] GC(17) Metaspace: 6302K(6528K)->6302K(6528K) NonClass: 5769K(5888K)->5769K(5888K) Class: 533K(640K)->533K(640K)
[0.393s][info][gc             ] GC(17) Pause Full (Ergonomics) 20M->20M(44M) 19.477ms
[0.393s][info][gc,cpu         ] GC(17) User=0.00s Sys=0.00s Real=0.02s
[0.403s][info][gc,start       ] GC(18) Pause Young (Allocation Failure)
[0.410s][info][gc,heap        ] GC(18) PSYoungGen: 11362K(16384K)->5280K(16896K) Eden: 9216K(9216K)->0K(9216K) From: 2146K(7168K)->5280K(7680K)
[0.410s][info][gc,heap        ] GC(18) ParOldGen: 18786K(28672K)->20970K(28672K)
[0.410s][info][gc,metaspace   ] GC(18) Metaspace: 6302K(6528K)->6302K(6528K) NonClass: 5769K(5888K)->5769K(5888K) Class: 533K(640K)->533K(640K)
[0.410s][info][gc             ] GC(18) Pause Young (Allocation Failure) 29M->25M(44M) 7.160ms
[0.410s][info][gc,cpu         ] GC(18) User=0.00s Sys=0.00s Real=0.01s
[0.416s][info][gc,start       ] GC(19) Pause Young (Allocation Failure)
[0.426s][info][gc,heap        ] GC(19) PSYoungGen: 14496K(16896K)->4800K(20480K) Eden: 9216K(9216K)->0K(12288K) From: 5280K(7680K)->4800K(8192K)
[0.426s][info][gc,heap        ] GC(19) ParOldGen: 20970K(28672K)->26298K(28672K)
[0.426s][info][gc,metaspace   ] GC(19) Metaspace: 6302K(6528K)->6302K(6528K) NonClass: 5769K(5888K)->5769K(5888K) Class: 533K(640K)->533K(640K)
[0.426s][info][gc             ] GC(19) Pause Young (Allocation Failure) 34M->30M(48M) 9.344ms
[0.426s][info][gc,cpu         ] GC(19) User=0.00s Sys=0.00s Real=0.01s
[0.426s][info][gc,start       ] GC(20) Pause Full (Ergonomics)
[0.426s][info][gc,phases,start] GC(20) Marking Phase
[0.439s][info][gc,phases      ] GC(20) Marking Phase 13.360ms
[0.439s][info][gc,phases,start] GC(20) Summary Phase
[0.439s][info][gc,phases      ] GC(20) Summary Phase 0.018ms
[0.439s][info][gc,phases,start] GC(20) Adjust Roots
[0.439s][info][gc,phases      ] GC(20) Adjust Roots 0.180ms
[0.439s][info][gc,phases,start] GC(20) Compaction Phase
[0.452s][info][gc,phases      ] GC(20) Compaction Phase 12.425ms
[0.452s][info][gc,phases,start] GC(20) Post Compact
[0.452s][info][gc,phases      ] GC(20) Post Compact 0.120ms
[0.452s][info][gc,heap        ] GC(20) PSYoungGen: 4800K(20480K)->2206K(20480K) Eden: 0K(12288K)->0K(12288K) From: 4800K(8192K)->2206K(8192K)
[0.452s][info][gc,heap        ] GC(20) ParOldGen: 26298K(28672K)->28232K(39936K)
[0.452s][info][gc,metaspace   ] GC(20) Metaspace: 6302K(6528K)->6302K(6528K) NonClass: 5769K(5888K)->5769K(5888K) Class: 533K(640K)->533K(640K)
[0.452s][info][gc             ] GC(20) Pause Full (Ergonomics) 30M->29M(59M) 26.553ms
[0.452s][info][gc,cpu         ] GC(20) User=0.00s Sys=0.00s Real=0.03s
[0.465s][info][gc,start       ] GC(21) Pause Young (Allocation Failure)
[0.476s][info][gc,heap        ] GC(21) PSYoungGen: 14494K(20480K)->8192K(20480K) Eden: 12288K(12288K)->0K(12288K) From: 2206K(8192K)->8192K(8192K)
[0.476s][info][gc,heap        ] GC(21) ParOldGen: 28232K(39936K)->33832K(39936K)
[0.476s][info][gc,metaspace   ] GC(21) Metaspace: 6302K(6528K)->6302K(6528K) NonClass: 5769K(5888K)->5769K(5888K) Class: 533K(640K)->533K(640K)
[0.476s][info][gc             ] GC(21) Pause Young (Allocation Failure) 41M->41M(59M) 11.010ms
[0.476s][info][gc,cpu         ] GC(21) User=0.00s Sys=0.00s Real=0.01s
[0.476s][info][gc,start       ] GC(22) Pause Full (Ergonomics)
[0.476s][info][gc,phases,start] GC(22) Marking Phase
[0.493s][info][gc,phases      ] GC(22) Marking Phase 17.050ms
[0.493s][info][gc,phases,start] GC(22) Summary Phase
[0.493s][info][gc,phases      ] GC(22) Summary Phase 0.015ms
[0.493s][info][gc,phases,start] GC(22) Adjust Roots
[0.493s][info][gc,phases      ] GC(22) Adjust Roots 0.154ms
[0.493s][info][gc,phases,start] GC(22) Compaction Phase
[0.504s][info][gc,phases      ] GC(22) Compaction Phase 10.769ms
[0.504s][info][gc,phases,start] GC(22) Post Compact
[0.504s][info][gc,phases      ] GC(22) Post Compact 0.215ms
[0.505s][info][gc,heap        ] GC(22) PSYoungGen: 8192K(20480K)->2044K(20480K) Eden: 0K(12288K)->0K(12288K) From: 8192K(8192K)->2044K(8192K)
[0.505s][info][gc,heap        ] GC(22) ParOldGen: 33832K(39936K)->39868K(54272K)
[0.505s][info][gc,metaspace   ] GC(22) Metaspace: 6302K(6528K)->6302K(6528K) NonClass: 5769K(5888K)->5769K(5888K) Class: 533K(640K)->533K(640K)
[0.505s][info][gc             ] GC(22) Pause Full (Ergonomics) 41M->40M(73M) 28.653ms
[0.505s][info][gc,cpu         ] GC(22) User=0.02s Sys=0.00s Real=0.03s
[0.521s][info][gc,start       ] GC(23) Pause Young (Allocation Failure)
[0.534s][info][gc,heap        ] GC(23) PSYoungGen: 14332K(20480K)->11744K(24064K) Eden: 12288K(12288K)->0K(12288K) From: 2044K(8192K)->11744K(11776K)
[0.534s][info][gc,heap        ] GC(23) ParOldGen: 39868K(54272K)->42500K(54272K)
[0.534s][info][gc,metaspace   ] GC(23) Metaspace: 6302K(6528K)->6302K(6528K) NonClass: 5769K(5888K)->5769K(5888K) Class: 533K(640K)->533K(640K)
[0.534s][info][gc             ] GC(23) Pause Young (Allocation Failure) 52M->52M(76M) 13.451ms
[0.534s][info][gc,cpu         ] GC(23) User=0.00s Sys=0.00s Real=0.01s
[0.548s][info][gc,start       ] GC(24) Pause Young (Allocation Failure)
[0.563s][info][gc,heap        ] GC(24) PSYoungGen: 24032K(24064K)->12320K(26624K) Eden: 12288K(12288K)->0K(12288K) From: 11744K(11776K)->12320K(14336K)
[0.563s][info][gc,heap        ] GC(24) ParOldGen: 42500K(54272K)->54380K(54784K)
[0.563s][info][gc,metaspace   ] GC(24) Metaspace: 6302K(6528K)->6302K(6528K) NonClass: 5769K(5888K)->5769K(5888K) Class: 533K(640K)->533K(640K)
[0.563s][info][gc             ] GC(24) Pause Young (Allocation Failure) 64M->65M(79M) 15.303ms
[0.563s][info][gc,cpu         ] GC(24) User=0.00s Sys=0.00s Real=0.02s
[0.563s][info][gc,start       ] GC(25) Pause Full (Ergonomics)
[0.563s][info][gc,phases,start] GC(25) Marking Phase
[0.588s][info][gc,phases      ] GC(25) Marking Phase 24.846ms
[0.588s][info][gc,phases,start] GC(25) Summary Phase
[0.588s][info][gc,phases      ] GC(25) Summary Phase 0.020ms
[0.588s][info][gc,phases,start] GC(25) Adjust Roots
[0.588s][info][gc,phases      ] GC(25) Adjust Roots 0.170ms
[0.588s][info][gc,phases,start] GC(25) Compaction Phase
[0.610s][info][gc,phases      ] GC(25) Compaction Phase 21.781ms
[0.610s][info][gc,phases,start] GC(25) Post Compact
[0.610s][info][gc,phases      ] GC(25) Post Compact 0.192ms
[0.611s][info][gc,heap        ] GC(25) PSYoungGen: 12320K(26624K)->10723K(26624K) Eden: 0K(12288K)->0K(12288K) From: 12320K(14336K)->10723K(14336K)
[0.611s][info][gc,heap        ] GC(25) ParOldGen: 54380K(54784K)->54683K(73728K)
[0.611s][info][gc,metaspace   ] GC(25) Metaspace: 6302K(6528K)->6302K(6528K) NonClass: 5769K(5888K)->5769K(5888K) Class: 533K(640K)->533K(640K)
[0.611s][info][gc             ] GC(25) Pause Full (Ergonomics) 65M->63M(98M) 47.424ms
[0.611s][info][gc,cpu         ] GC(25) User=0.05s Sys=0.00s Real=0.05s
[0.624s][info][gc,start       ] GC(26) Pause Young (Allocation Failure)
[0.644s][info][gc,heap        ] GC(26) PSYoungGen: 23011K(26624K)->16384K(26112K) Eden: 12288K(12288K)->0K(9728K) From: 10723K(14336K)->16384K(16384K)
[0.644s][info][gc,heap        ] GC(26) ParOldGen: 54683K(73728K)->61427K(73728K)
[0.644s][info][gc,metaspace   ] GC(26) Metaspace: 6302K(6528K)->6302K(6528K) NonClass: 5769K(5888K)->5769K(5888K) Class: 533K(640K)->533K(640K)
[0.644s][info][gc             ] GC(26) Pause Young (Allocation Failure) 75M->75M(97M) 20.240ms
[0.644s][info][gc,cpu         ] GC(26) User=0.00s Sys=0.00s Real=0.02s
[0.654s][info][gc,start       ] GC(27) Pause Young (Allocation Failure)
[0.672s][info][gc,heap        ] GC(27) PSYoungGen: 26112K(26112K)->9728K(31232K) Eden: 9728K(9728K)->0K(9728K) From: 16384K(16384K)->9728K(21504K)
[0.672s][info][gc,heap        ] GC(27) ParOldGen: 61427K(73728K)->78043K(78336K)
[0.672s][info][gc,metaspace   ] GC(27) Metaspace: 6302K(6528K)->6302K(6528K) NonClass: 5769K(5888K)->5769K(5888K) Class: 533K(640K)->533K(640K)
[0.672s][info][gc             ] GC(27) Pause Young (Allocation Failure) 85M->85M(107M) 18.231ms
[0.672s][info][gc,cpu         ] GC(27) User=0.00s Sys=0.00s Real=0.02s
[0.672s][info][gc,start       ] GC(28) Pause Full (Ergonomics)
[0.672s][info][gc,phases,start] GC(28) Marking Phase
[0.706s][info][gc,phases      ] GC(28) Marking Phase 34.256ms
[0.706s][info][gc,phases,start] GC(28) Summary Phase
[0.707s][info][gc,phases      ] GC(28) Summary Phase 0.020ms
[0.707s][info][gc,phases,start] GC(28) Adjust Roots
[0.707s][info][gc,phases      ] GC(28) Adjust Roots 0.177ms
[0.707s][info][gc,phases,start] GC(28) Compaction Phase
[0.730s][info][gc,phases      ] GC(28) Compaction Phase 23.538ms
[0.730s][info][gc,phases,start] GC(28) Post Compact
[0.731s][info][gc,phases      ] GC(28) Post Compact 0.374ms
[0.731s][info][gc,heap        ] GC(28) PSYoungGen: 9728K(31232K)->9187K(31232K) Eden: 0K(9728K)->0K(9728K) From: 9728K(21504K)->9187K(21504K)
[0.731s][info][gc,heap        ] GC(28) ParOldGen: 78043K(78336K)->78176K(103424K)
[0.731s][info][gc,metaspace   ] GC(28) Metaspace: 6302K(6528K)->6302K(6528K) NonClass: 5769K(5888K)->5769K(5888K) Class: 533K(640K)->533K(640K)
[0.731s][info][gc             ] GC(28) Pause Full (Ergonomics) 85M->85M(131M) 58.796ms
[0.731s][info][gc,cpu         ] GC(28) User=0.12s Sys=0.00s Real=0.06s
[0.747s][info][gc,start       ] GC(29) Pause Young (Allocation Failure)
[0.760s][info][gc,heap        ] GC(29) PSYoungGen: 18915K(31232K)->9760K(30720K) Eden: 9728K(9728K)->0K(11776K) From: 9187K(21504K)->9760K(18944K)
[0.760s][info][gc,heap        ] GC(29) ParOldGen: 78176K(103424K)->87520K(103424K)
[0.760s][info][gc,metaspace   ] GC(29) Metaspace: 6302K(6528K)->6302K(6528K) NonClass: 5769K(5888K)->5769K(5888K) Class: 533K(640K)->533K(640K)
[0.760s][info][gc             ] GC(29) Pause Young (Allocation Failure) 94M->95M(131M) 13.373ms
[0.760s][info][gc,cpu         ] GC(29) User=0.00s Sys=0.00s Real=0.01s
[0.770s][info][gc,start       ] GC(30) Pause Young (Allocation Failure)
[0.780s][info][gc,heap        ] GC(30) PSYoungGen: 21536K(30720K)->19936K(31744K) Eden: 11776K(11776K)->0K(11776K) From: 9760K(18944K)->19936K(19968K)
[0.780s][info][gc,heap        ] GC(30) ParOldGen: 87520K(103424K)->89112K(103424K)
[0.780s][info][gc,metaspace   ] GC(30) Metaspace: 6302K(6528K)->6302K(6528K) NonClass: 5769K(5888K)->5769K(5888K) Class: 533K(640K)->533K(640K)
[0.780s][info][gc             ] GC(30) Pause Young (Allocation Failure) 106M->106M(132M) 10.113ms
[0.780s][info][gc,cpu         ] GC(30) User=0.00s Sys=0.00s Real=0.01s
[0.780s][info][gc,start       ] GC(31) Pause Full (Ergonomics)
[0.780s][info][gc,phases,start] GC(31) Marking Phase
[0.820s][info][gc,phases      ] GC(31) Marking Phase 40.348ms
[0.820s][info][gc,phases,start] GC(31) Summary Phase
[0.820s][info][gc,phases      ] GC(31) Summary Phase 0.017ms
[0.820s][info][gc,phases,start] GC(31) Adjust Roots
[0.821s][info][gc,phases      ] GC(31) Adjust Roots 0.221ms
[0.821s][info][gc,phases,start] GC(31) Compaction Phase
[0.847s][info][gc,phases      ] GC(31) Compaction Phase 26.357ms
[0.847s][info][gc,phases,start] GC(31) Post Compact
[0.848s][info][gc,phases      ] GC(31) Post Compact 0.432ms
[0.848s][info][gc,heap        ] GC(31) PSYoungGen: 19936K(31744K)->3545K(31744K) Eden: 0K(11776K)->0K(11776K) From: 19936K(19968K)->3545K(19968K)
[0.848s][info][gc,heap        ] GC(31) ParOldGen: 89112K(103424K)->103228K(131072K)
[0.848s][info][gc,metaspace   ] GC(31) Metaspace: 6302K(6528K)->6302K(6528K) NonClass: 5769K(5888K)->5769K(5888K) Class: 533K(640K)->533K(640K)
[0.848s][info][gc             ] GC(31) Pause Full (Ergonomics) 106M->104M(159M) 67.771ms
[0.848s][info][gc,cpu         ] GC(31) User=0.12s Sys=0.00s Real=0.07s
[0.859s][info][gc,start       ] GC(32) Pause Young (Allocation Failure)
[0.878s][info][gc,heap        ] GC(32) PSYoungGen: 15321K(31744K)->11808K(37376K) Eden: 11776K(11776K)->0K(14336K) From: 3545K(19968K)->11808K(23040K)
[0.878s][info][gc,heap        ] GC(32) ParOldGen: 103228K(131072K)->106844K(131072K)
[0.878s][info][gc,metaspace   ] GC(32) Metaspace: 6302K(6528K)->6302K(6528K) NonClass: 5769K(5888K)->5769K(5888K) Class: 533K(640K)->533K(640K)
[0.878s][info][gc             ] GC(32) Pause Young (Allocation Failure) 115M->115M(164M) 19.110ms
[0.878s][info][gc,cpu         ] GC(32) User=0.06s Sys=0.02s Real=0.02s
[0.891s][info][gc,start       ] GC(33) Pause Young (Allocation Failure)
[0.910s][info][gc,heap        ] GC(33) PSYoungGen: 26144K(37376K)->23552K(37888K) Eden: 14336K(14336K)->0K(14336K) From: 11808K(23040K)->23552K(23552K)
[0.910s][info][gc,heap        ] GC(33) ParOldGen: 106844K(131072K)->109444K(131072K)
[0.910s][info][gc,metaspace   ] GC(33) Metaspace: 6302K(6528K)->6302K(6528K) NonClass: 5769K(5888K)->5769K(5888K) Class: 533K(640K)->533K(640K)
[0.910s][info][gc             ] GC(33) Pause Young (Allocation Failure) 129M->129M(165M) 18.872ms
[0.910s][info][gc,cpu         ] GC(33) User=0.02s Sys=0.00s Real=0.02s
[0.925s][info][gc,start       ] GC(34) Pause Young (Allocation Failure)
[0.952s][info][gc,heap        ] GC(34) PSYoungGen: 37888K(37888K)->14368K(43520K) Eden: 14336K(14336K)->0K(16896K) From: 23552K(23552K)->14368K(26624K)
[0.952s][info][gc,heap        ] GC(34) ParOldGen: 109444K(131072K)->133324K(133632K)
[0.952s][info][gc,metaspace   ] GC(34) Metaspace: 6302K(6528K)->6302K(6528K) NonClass: 5769K(5888K)->5769K(5888K) Class: 533K(640K)->533K(640K)
[0.952s][info][gc             ] GC(34) Pause Young (Allocation Failure) 143M->144M(173M) 27.651ms
[0.952s][info][gc,cpu         ] GC(34) User=0.05s Sys=0.00s Real=0.03s
[0.953s][info][gc,start       ] GC(35) Pause Full (Ergonomics)
[0.953s][info][gc,phases,start] GC(35) Marking Phase
[0.995s][info][gc,phases      ] GC(35) Marking Phase 42.132ms
[0.995s][info][gc,phases,start] GC(35) Summary Phase
[0.995s][info][gc,phases      ] GC(35) Summary Phase 0.016ms
[0.995s][info][gc,phases,start] GC(35) Adjust Roots
[0.995s][info][gc,phases      ] GC(35) Adjust Roots 0.155ms
[0.995s][info][gc,phases,start] GC(35) Compaction Phase
[1.022s][info][gc,phases      ] GC(35) Compaction Phase 27.303ms
[1.022s][info][gc,phases,start] GC(35) Post Compact
[1.023s][info][gc,phases      ] GC(35) Post Compact 1.025ms
[1.024s][info][gc,heap        ] GC(35) PSYoungGen: 14368K(43520K)->13789K(44544K) Eden: 0K(16896K)->0K(17920K) From: 14368K(26624K)->13789K(26624K)
[1.024s][info][gc,heap        ] GC(35) ParOldGen: 133324K(133632K)->133332K(167424K)
[1.024s][info][gc,metaspace   ] GC(35) Metaspace: 6302K(6528K)->6302K(6528K) NonClass: 5769K(5888K)->5769K(5888K) Class: 533K(640K)->533K(640K)
[1.024s][info][gc             ] GC(35) Pause Full (Ergonomics) 144M->143M(207M) 71.277ms
[1.024s][info][gc,cpu         ] GC(35) User=0.17s Sys=0.00s Real=0.07s
[1.042s][info][gc,start       ] GC(36) Pause Young (Allocation Failure)
[1.070s][info][gc,heap        ] GC(36) PSYoungGen: 31709K(44544K)->17984K(45568K) Eden: 17920K(17920K)->0K(17920K) From: 13789K(26624K)->17984K(27648K)
[1.070s][info][gc,heap        ] GC(36) ParOldGen: 133332K(167424K)->147348K(167424K)
[1.070s][info][gc,metaspace   ] GC(36) Metaspace: 6302K(6528K)->6302K(6528K) NonClass: 5769K(5888K)->5769K(5888K) Class: 533K(640K)->533K(640K)
[1.070s][info][gc             ] GC(36) Pause Young (Allocation Failure) 161M->161M(208M) 28.077ms
[1.070s][info][gc,cpu         ] GC(36) User=0.05s Sys=0.00s Real=0.03s
[1.070s][info][gc,start       ] GC(37) Pause Full (Ergonomics)
[1.070s][info][gc,phases,start] GC(37) Marking Phase
[1.120s][info][gc,phases      ] GC(37) Marking Phase 50.340ms
[1.121s][info][gc,phases,start] GC(37) Summary Phase
[1.121s][info][gc,phases      ] GC(37) Summary Phase 0.031ms
[1.121s][info][gc,phases,start] GC(37) Adjust Roots
[1.121s][info][gc,phases      ] GC(37) Adjust Roots 0.159ms
[1.121s][info][gc,phases,start] GC(37) Compaction Phase
[1.141s][info][gc,phases      ] GC(37) Compaction Phase 20.035ms
[1.141s][info][gc,phases,start] GC(37) Post Compact
[1.142s][info][gc,phases      ] GC(37) Post Compact 1.086ms
[1.142s][info][gc,heap        ] GC(37) PSYoungGen: 17984K(45568K)->0K(48128K) Eden: 0K(17920K)->0K(20480K) From: 17984K(27648K)->0K(27648K)
[1.142s][info][gc,heap        ] GC(37) ParOldGen: 147348K(167424K)->165007K(202752K)
[1.142s][info][gc,metaspace   ] GC(37) Metaspace: 6302K(6528K)->6302K(6528K) NonClass: 5769K(5888K)->5769K(5888K) Class: 533K(640K)->533K(640K)
[1.142s][info][gc             ] GC(37) Pause Full (Ergonomics) 161M->161M(245M) 72.229ms
[1.142s][info][gc,cpu         ] GC(37) User=0.23s Sys=0.00s Real=0.07s
[1.183s][info][gc,start       ] GC(38) Pause Young (Allocation Failure)
[1.199s][info][gc,heap        ] GC(38) PSYoungGen: 20480K(48128K)->20576K(48640K) Eden: 20480K(20480K)->0K(20480K) From: 0K(27648K)->20576K(28160K)
[1.199s][info][gc,heap        ] GC(38) ParOldGen: 165007K(202752K)->165007K(202752K)
[1.199s][info][gc,metaspace   ] GC(38) Metaspace: 6302K(6528K)->6302K(6528K) NonClass: 5769K(5888K)->5769K(5888K) Class: 533K(640K)->533K(640K)
[1.199s][info][gc             ] GC(38) Pause Young (Allocation Failure) 181M->181M(245M) 15.799ms
[1.199s][info][gc,cpu         ] GC(38) User=0.02s Sys=0.00s Real=0.02s
[1.220s][info][gc,start       ] GC(39) Pause Young (Allocation Failure)
[1.250s][info][gc,heap        ] GC(39) PSYoungGen: 41056K(48640K)->29664K(40960K) Eden: 20480K(20480K)->0K(11264K) From: 20576K(28160K)->29664K(29696K)
[1.250s][info][gc,heap        ] GC(39) ParOldGen: 165007K(202752K)->184791K(202752K)
[1.250s][info][gc,metaspace   ] GC(39) Metaspace: 6302K(6528K)->6302K(6528K) NonClass: 5769K(5888K)->5769K(5888K) Class: 533K(640K)->533K(640K)
[1.250s][info][gc             ] GC(39) Pause Young (Allocation Failure) 201M->209M(238M) 29.959ms
[1.250s][info][gc,cpu         ] GC(39) User=0.00s Sys=0.00s Real=0.03s
[1.250s][info][gc,start       ] GC(40) Pause Full (Ergonomics)
[1.250s][info][gc,phases,start] GC(40) Marking Phase
[1.296s][info][gc,phases      ] GC(40) Marking Phase 45.772ms
[1.296s][info][gc,phases,start] GC(40) Summary Phase
[1.296s][info][gc,phases      ] GC(40) Summary Phase 0.021ms
[1.296s][info][gc,phases,start] GC(40) Adjust Roots
[1.296s][info][gc,phases      ] GC(40) Adjust Roots 0.166ms
[1.296s][info][gc,phases,start] GC(40) Compaction Phase
[1.335s][info][gc,phases      ] GC(40) Compaction Phase 38.385ms
[1.335s][info][gc,phases,start] GC(40) Post Compact
[1.336s][info][gc,phases      ] GC(40) Post Compact 1.343ms
[1.336s][info][gc,heap        ] GC(40) PSYoungGen: 29664K(40960K)->0K(52736K) Eden: 0K(11264K)->0K(11264K) From: 29664K(29696K)->0K(41472K)
[1.337s][info][gc,heap        ] GC(40) ParOldGen: 184791K(202752K)->201820K(244224K)
[1.337s][info][gc,metaspace   ] GC(40) Metaspace: 6302K(6528K)->6302K(6528K) NonClass: 5769K(5888K)->5769K(5888K) Class: 533K(640K)->533K(640K)
[1.337s][info][gc             ] GC(40) Pause Full (Ergonomics) 209M->197M(290M) 86.267ms
[1.337s][info][gc,cpu         ] GC(40) User=0.28s Sys=0.00s Real=0.09s
[1.349s][info][gc,start       ] GC(41) Pause Young (Allocation Failure)
[1.356s][info][gc,heap        ] GC(41) PSYoungGen: 11264K(52736K)->11360K(50688K) Eden: 11264K(11264K)->0K(12800K) From: 0K(41472K)->11360K(37888K)
[1.356s][info][gc,heap        ] GC(41) ParOldGen: 201820K(244224K)->201820K(244224K)
[1.356s][info][gc,metaspace   ] GC(41) Metaspace: 6302K(6528K)->6302K(6528K) NonClass: 5769K(5888K)->5769K(5888K) Class: 533K(640K)->533K(640K)
[1.356s][info][gc             ] GC(41) Pause Young (Allocation Failure) 208M->208M(288M) 6.937ms
[1.356s][info][gc,cpu         ] GC(41) User=0.00s Sys=0.00s Real=0.01s
[1.370s][info][gc,start       ] GC(42) Pause Young (Allocation Failure)
[1.382s][info][gc,heap        ] GC(42) PSYoungGen: 24160K(50688K)->24128K(52736K) Eden: 12800K(12800K)->0K(12800K) From: 11360K(37888K)->24128K(39936K)
[1.383s][info][gc,heap        ] GC(42) ParOldGen: 201820K(244224K)->201820K(244224K)
[1.383s][info][gc,metaspace   ] GC(42) Metaspace: 6302K(6528K)->6302K(6528K) NonClass: 5769K(5888K)->5769K(5888K) Class: 533K(640K)->533K(640K)
[1.383s][info][gc             ] GC(42) Pause Young (Allocation Failure) 220M->220M(290M) 12.639ms
[1.383s][info][gc,cpu         ] GC(42) User=0.02s Sys=0.00s Real=0.01s
[1.397s][info][gc,start       ] GC(43) Pause Young (Allocation Failure)
[1.414s][info][gc,heap        ] GC(43) PSYoungGen: 36928K(52736K)->36960K(50176K) Eden: 12800K(12800K)->0K(9728K) From: 24128K(39936K)->36960K(40448K)
[1.414s][info][gc,heap        ] GC(43) ParOldGen: 201820K(244224K)->201820K(244224K)
[1.414s][info][gc,metaspace   ] GC(43) Metaspace: 6302K(6528K)->6302K(6528K) NonClass: 5769K(5888K)->5769K(5888K) Class: 533K(640K)->533K(640K)
[1.414s][info][gc             ] GC(43) Pause Young (Allocation Failure) 233M->233M(287M) 17.477ms
[1.414s][info][gc,cpu         ] GC(43) User=0.06s Sys=0.00s Real=0.02s
[1.425s][info][gc,start       ] GC(44) Pause Young (Allocation Failure)
[1.445s][info][gc,heap        ] GC(44) PSYoungGen: 46688K(50176K)->45568K(55296K) Eden: 9728K(9728K)->0K(9728K) From: 36960K(40448K)->45568K(45568K)
[1.445s][info][gc,heap        ] GC(44) ParOldGen: 201820K(244224K)->202868K(244224K)
[1.445s][info][gc,metaspace   ] GC(44) Metaspace: 6302K(6528K)->6302K(6528K) NonClass: 5769K(5888K)->5769K(5888K) Class: 533K(640K)->533K(640K)
[1.445s][info][gc             ] GC(44) Pause Young (Allocation Failure) 242M->242M(292M) 20.543ms
[1.445s][info][gc,cpu         ] GC(44) User=0.08s Sys=0.00s Real=0.02s
[1.455s][info][gc,start       ] GC(45) Pause Young (Allocation Failure)
[1.480s][info][gc,heap        ] GC(45) PSYoungGen: 55296K(55296K)->44576K(59392K) Eden: 9728K(9728K)->0K(6144K) From: 45568K(45568K)->44576K(53248K)
[1.480s][info][gc,heap        ] GC(45) ParOldGen: 202868K(244224K)->213860K(244224K)
[1.480s][info][gc,metaspace   ] GC(45) Metaspace: 6302K(6528K)->6302K(6528K) NonClass: 5769K(5888K)->5769K(5888K) Class: 533K(640K)->533K(640K)
[1.480s][info][gc             ] GC(45) Pause Young (Allocation Failure) 252M->252M(296M) 24.606ms
[1.480s][info][gc,cpu         ] GC(45) User=0.08s Sys=0.02s Real=0.02s
[1.487s][info][gc,start       ] GC(46) Pause Young (Allocation Failure)
[1.509s][info][gc,heap        ] GC(46) PSYoungGen: 50720K(59392K)->37984K(64512K) Eden: 6144K(6144K)->0K(6144K) From: 44576K(53248K)->37984K(58368K)
[1.509s][info][gc,heap        ] GC(46) ParOldGen: 213860K(244224K)->226716K(244224K)
[1.509s][info][gc,metaspace   ] GC(46) Metaspace: 6302K(6528K)->6302K(6528K) NonClass: 5769K(5888K)->5769K(5888K) Class: 533K(640K)->533K(640K)
[1.509s][info][gc             ] GC(46) Pause Young (Allocation Failure) 258M->258M(301M) 21.566ms
[1.509s][info][gc,cpu         ] GC(46) User=0.09s Sys=0.02s Real=0.02s
[1.509s][info][gc,start       ] GC(47) Pause Full (Ergonomics)
[1.509s][info][gc,phases,start] GC(47) Marking Phase
[1.562s][info][gc,phases      ] GC(47) Marking Phase 53.365ms
[1.562s][info][gc,phases,start] GC(47) Summary Phase
[1.562s][info][gc,phases      ] GC(47) Summary Phase 0.017ms
[1.562s][info][gc,phases,start] GC(47) Adjust Roots
[1.563s][info][gc,phases      ] GC(47) Adjust Roots 0.146ms
[1.563s][info][gc,phases,start] GC(47) Compaction Phase
[1.594s][info][gc,phases      ] GC(47) Compaction Phase 31.189ms
[1.594s][info][gc,phases,start] GC(47) Post Compact
[1.595s][info][gc,phases      ] GC(47) Post Compact 1.239ms
[1.595s][info][gc,heap        ] GC(47) PSYoungGen: 37984K(64512K)->19940K(64512K) Eden: 0K(6144K)->0K(6144K) From: 37984K(58368K)->19940K(58368K)
[1.595s][info][gc,heap        ] GC(47) ParOldGen: 226716K(244224K)->244155K(287232K)
[1.595s][info][gc,metaspace   ] GC(47) Metaspace: 6302K(6528K)->6302K(6528K) NonClass: 5769K(5888K)->5769K(5888K) Class: 533K(640K)->533K(640K)
[1.595s][info][gc             ] GC(47) Pause Full (Ergonomics) 258M->257M(343M) 86.461ms
[1.595s][info][gc,cpu         ] GC(47) User=0.53s Sys=0.00s Real=0.09s
[1.602s][info][gc,start       ] GC(48) Pause Young (Allocation Failure)
[1.624s][info][gc,heap        ] GC(48) PSYoungGen: 26084K(64512K)->15264K(63488K) Eden: 6144K(6144K)->0K(7168K) From: 19940K(58368K)->15264K(56320K)
[1.624s][info][gc,heap        ] GC(48) ParOldGen: 244155K(287232K)->255251K(287232K)
[1.624s][info][gc,metaspace   ] GC(48) Metaspace: 6302K(6528K)->6302K(6528K) NonClass: 5769K(5888K)->5769K(5888K) Class: 533K(640K)->533K(640K)
[1.624s][info][gc             ] GC(48) Pause Young (Allocation Failure) 263M->264M(342M) 21.707ms
[1.624s][info][gc,cpu         ] GC(48) User=0.12s Sys=0.00s Real=0.02s
[1.632s][info][gc,start       ] GC(49) Pause Young (Allocation Failure)
[1.643s][info][gc,heap        ] GC(49) PSYoungGen: 22432K(63488K)->16736K(24064K) Eden: 7168K(7168K)->0K(7168K) From: 15264K(56320K)->16736K(16896K)
[1.643s][info][gc,heap        ] GC(49) ParOldGen: 255251K(287232K)->261067K(287232K)
[1.643s][info][gc,metaspace   ] GC(49) Metaspace: 6302K(6528K)->6302K(6528K) NonClass: 5769K(5888K)->5769K(5888K) Class: 533K(640K)->533K(640K)
[1.643s][info][gc             ] GC(49) Pause Young (Allocation Failure) 271M->271M(304M) 11.246ms
[1.643s][info][gc,cpu         ] GC(49) User=0.02s Sys=0.00s Real=0.01s
[1.651s][info][gc,start       ] GC(50) Pause Young (Allocation Failure)
[1.663s][info][gc,heap        ] GC(50) PSYoungGen: 23904K(24064K)->14400K(61952K) Eden: 7168K(7168K)->0K(8704K) From: 16736K(16896K)->14400K(53248K)
[1.663s][info][gc,heap        ] GC(50) ParOldGen: 261067K(287232K)->270627K(287232K)
[1.663s][info][gc,metaspace   ] GC(50) Metaspace: 6302K(6528K)->6302K(6528K) NonClass: 5769K(5888K)->5769K(5888K) Class: 533K(640K)->533K(640K)
[1.663s][info][gc             ] GC(50) Pause Young (Allocation Failure) 278M->278M(341M) 12.106ms
[1.663s][info][gc,cpu         ] GC(50) User=0.00s Sys=0.02s Real=0.01s
[1.663s][info][gc,start       ] GC(51) Pause Full (Ergonomics)
[1.663s][info][gc,phases,start] GC(51) Marking Phase
[1.724s][info][gc,phases      ] GC(51) Marking Phase 60.740ms
[1.724s][info][gc,phases,start] GC(51) Summary Phase
[1.724s][info][gc,phases      ] GC(51) Summary Phase 0.023ms
[1.724s][info][gc,phases,start] GC(51) Adjust Roots
[1.724s][info][gc,phases      ] GC(51) Adjust Roots 0.215ms
[1.724s][info][gc,phases,start] GC(51) Compaction Phase
[1.753s][info][gc,phases      ] GC(51) Compaction Phase 28.357ms
[1.753s][info][gc,phases,start] GC(51) Post Compact
[1.754s][info][gc,phases      ] GC(51) Post Compact 1.291ms
[1.754s][info][gc,heap        ] GC(51) PSYoungGen: 14400K(61952K)->0K(63488K) Eden: 0K(8704K)->0K(8704K) From: 14400K(53248K)->0K(54784K)
[1.754s][info][gc,heap        ] GC(51) ParOldGen: 270627K(287232K)->284487K(328192K)
[1.754s][info][gc,metaspace   ] GC(51) Metaspace: 6302K(6528K)->6302K(6528K) NonClass: 5769K(5888K)->5769K(5888K) Class: 533K(640K)->533K(640K)
[1.754s][info][gc             ] GC(51) Pause Full (Ergonomics) 278M->277M(382M) 91.205ms
[1.754s][info][gc,cpu         ] GC(51) User=0.48s Sys=0.00s Real=0.09s
[1.765s][info][gc,start       ] GC(52) Pause Young (Allocation Failure)
[1.770s][info][gc,heap        ] GC(52) PSYoungGen: 8704K(63488K)->8864K(62976K) Eden: 8704K(8704K)->0K(10240K) From: 0K(54784K)->8864K(52736K)
[1.771s][info][gc,heap        ] GC(52) ParOldGen: 284487K(328192K)->284487K(328192K)
[1.771s][info][gc,metaspace   ] GC(52) Metaspace: 6302K(6528K)->6302K(6528K) NonClass: 5769K(5888K)->5769K(5888K) Class: 533K(640K)->533K(640K)
[1.771s][info][gc             ] GC(52) Pause Young (Allocation Failure) 286M->286M(382M) 5.480ms
[1.771s][info][gc,cpu         ] GC(52) User=0.02s Sys=0.00s Real=0.01s
[1.782s][info][gc,start       ] GC(53) Pause Young (Allocation Failure)
[1.792s][info][gc,heap        ] GC(53) PSYoungGen: 19104K(62976K)->19072K(29696K) Eden: 10240K(10240K)->0K(10240K) From: 8864K(52736K)->19072K(19456K)
[1.792s][info][gc,heap        ] GC(53) ParOldGen: 284487K(328192K)->284487K(328192K)
[1.792s][info][gc,metaspace   ] GC(53) Metaspace: 6302K(6528K)->6302K(6528K) NonClass: 5769K(5888K)->5769K(5888K) Class: 533K(640K)->533K(640K)
[1.792s][info][gc             ] GC(53) Pause Young (Allocation Failure) 296M->296M(349M) 9.654ms
[1.792s][info][gc,cpu         ] GC(53) User=0.00s Sys=0.00s Real=0.01s
[1.804s][info][gc,start       ] GC(54) Pause Young (Allocation Failure)
[1.818s][info][gc,heap        ] GC(54) PSYoungGen: 29312K(29696K)->29280K(62976K) Eden: 10240K(10240K)->0K(11776K) From: 19072K(19456K)->29280K(51200K)
[1.818s][info][gc,heap        ] GC(54) ParOldGen: 284487K(328192K)->284487K(328192K)
[1.818s][info][gc,metaspace   ] GC(54) Metaspace: 6302K(6528K)->6302K(6528K) NonClass: 5769K(5888K)->5769K(5888K) Class: 533K(640K)->533K(640K)
[1.818s][info][gc             ] GC(54) Pause Young (Allocation Failure) 306M->306M(382M) 13.893ms
[1.818s][info][gc,cpu         ] GC(54) User=0.02s Sys=0.00s Real=0.01s
[1.832s][info][gc,start       ] GC(55) Pause Young (Allocation Failure)
[1.851s][info][gc,heap        ] GC(55) PSYoungGen: 41056K(62976K)->32384K(62976K) Eden: 11776K(11776K)->0K(11776K) From: 29280K(51200K)->32384K(51200K)
[1.851s][info][gc,heap        ] GC(55) ParOldGen: 284487K(328192K)->293319K(328192K)
[1.851s][info][gc,metaspace   ] GC(55) Metaspace: 6302K(6528K)->6302K(6528K) NonClass: 5769K(5888K)->5769K(5888K) Class: 533K(640K)->533K(640K)
[1.851s][info][gc             ] GC(55) Pause Young (Allocation Failure) 317M->318M(382M) 19.127ms
[1.851s][info][gc,cpu         ] GC(55) User=0.12s Sys=0.00s Real=0.02s
[1.865s][info][gc,start       ] GC(56) Pause Young (Allocation Failure)
[1.886s][info][gc,heap        ] GC(56) PSYoungGen: 44160K(62976K)->33920K(65024K) Eden: 11776K(11776K)->0K(12800K) From: 32384K(51200K)->33920K(52224K)
[1.886s][info][gc,heap        ] GC(56) ParOldGen: 293319K(328192K)->303695K(328192K)
[1.886s][info][gc,metaspace   ] GC(56) Metaspace: 6302K(6528K)->6302K(6528K) NonClass: 5769K(5888K)->5769K(5888K) Class: 533K(640K)->533K(640K)
[1.886s][info][gc             ] GC(56) Pause Young (Allocation Failure) 329M->329M(384M) 20.755ms
[1.886s][info][gc,cpu         ] GC(56) User=0.12s Sys=0.00s Real=0.02s
[1.900s][info][gc,start       ] GC(57) Pause Young (Allocation Failure)
[1.922s][info][gc,heap        ] GC(57) PSYoungGen: 46720K(65024K)->36480K(66048K) Eden: 12800K(12800K)->0K(12800K) From: 33920K(52224K)->36480K(53248K)
[1.922s][info][gc,heap        ] GC(57) ParOldGen: 303695K(328192K)->314079K(328192K)
[1.922s][info][gc,metaspace   ] GC(57) Metaspace: 6302K(6528K)->6302K(6528K) NonClass: 5769K(5888K)->5769K(5888K) Class: 533K(640K)->533K(640K)
[1.922s][info][gc             ] GC(57) Pause Young (Allocation Failure) 342M->342M(385M) 21.850ms
[1.922s][info][gc,cpu         ] GC(57) User=0.12s Sys=0.00s Real=0.02s
[1.922s][info][gc,start       ] GC(58) Pause Full (Ergonomics)
[1.922s][info][gc,phases,start] GC(58) Marking Phase
[1.990s][info][gc,phases      ] GC(58) Marking Phase 67.784ms
[1.990s][info][gc,phases,start] GC(58) Summary Phase
[1.990s][info][gc,phases      ] GC(58) Summary Phase 0.021ms
[1.990s][info][gc,phases,start] GC(58) Adjust Roots
[1.990s][info][gc,phases      ] GC(58) Adjust Roots 0.164ms
[1.990s][info][gc,phases,start] GC(58) Compaction Phase
[2.027s][info][gc,phases      ] GC(58) Compaction Phase 37.047ms
[2.027s][info][gc,phases,start] GC(58) Post Compact
[2.029s][info][gc,phases      ] GC(58) Post Compact 1.887ms
[2.029s][info][gc,heap        ] GC(58) PSYoungGen: 36480K(66048K)->21947K(66048K) Eden: 0K(12800K)->0K(12800K) From: 36480K(53248K)->21947K(53248K)
[2.029s][info][gc,heap        ] GC(58) ParOldGen: 314079K(328192K)->327891K(372736K)
[2.029s][info][gc,metaspace   ] GC(58) Metaspace: 6302K(6528K)->6302K(6528K) NonClass: 5769K(5888K)->5769K(5888K) Class: 533K(640K)->533K(640K)
[2.029s][info][gc             ] GC(58) Pause Full (Ergonomics) 342M->341M(428M) 107.394ms
[2.029s][info][gc,cpu         ] GC(58) User=0.73s Sys=0.02s Real=0.11s
[2.109s][info][gc,start       ] GC(59) Pause Young (Allocation Failure)
[2.138s][info][gc,heap        ] GC(59) PSYoungGen: 34747K(66048K)->21312K(64512K) Eden: 12800K(12800K)->0K(14336K) From: 21947K(53248K)->21312K(50176K)
[2.138s][info][gc,heap        ] GC(59) ParOldGen: 344275K(372736K)->358051K(372736K)
[2.138s][info][gc,metaspace   ] GC(59) Metaspace: 6302K(6528K)->6302K(6528K) NonClass: 5769K(5888K)->5769K(5888K) Class: 533K(640K)->533K(640K)
[2.138s][info][gc             ] GC(59) Pause Young (Allocation Failure) 370M->370M(427M) 29.101ms
[2.138s][info][gc,cpu         ] GC(59) User=0.14s Sys=0.00s Real=0.03s
[2.138s][info][gc,start       ] GC(60) Pause Full (Ergonomics)
[2.138s][info][gc,phases,start] GC(60) Marking Phase
[2.216s][info][gc,phases      ] GC(60) Marking Phase 78.695ms
[2.217s][info][gc,phases,start] GC(60) Summary Phase
[2.217s][info][gc,phases      ] GC(60) Summary Phase 0.027ms
[2.217s][info][gc,phases,start] GC(60) Adjust Roots
[2.217s][info][gc,phases      ] GC(60) Adjust Roots 0.148ms
[2.217s][info][gc,phases,start] GC(60) Compaction Phase
[2.278s][info][gc,phases      ] GC(60) Compaction Phase 61.286ms
[2.278s][info][gc,phases,start] GC(60) Post Compact
[2.280s][info][gc,phases      ] GC(60) Post Compact 2.184ms
[2.281s][info][gc,heap        ] GC(60) PSYoungGen: 21312K(64512K)->0K(67072K) Eden: 0K(14336K)->0K(14336K) From: 21312K(50176K)->0K(52736K)
[2.281s][info][gc,heap        ] GC(60) ParOldGen: 358051K(372736K)->370800K(420352K)
[2.281s][info][gc,metaspace   ] GC(60) Metaspace: 6302K(6528K)->6302K(6528K) NonClass: 5769K(5888K)->5769K(5888K) Class: 533K(640K)->533K(640K)
[2.281s][info][gc             ] GC(60) Pause Full (Ergonomics) 370M->362M(476M) 142.897ms
[2.281s][info][gc,cpu         ] GC(60) User=0.72s Sys=0.02s Real=0.14s
[2.295s][info][gc,start       ] GC(61) Pause Young (Allocation Failure)
[2.305s][info][gc,heap        ] GC(61) PSYoungGen: 14336K(67072K)->14400K(66048K) Eden: 14336K(14336K)->0K(15872K) From: 0K(52736K)->14400K(50176K)
[2.305s][info][gc,heap        ] GC(61) ParOldGen: 370800K(420352K)->370800K(420352K)
[2.305s][info][gc,metaspace   ] GC(61) Metaspace: 6302K(6528K)->6302K(6528K) NonClass: 5769K(5888K)->5769K(5888K) Class: 533K(640K)->533K(640K)
[2.305s][info][gc             ] GC(61) Pause Young (Allocation Failure) 376M->376M(475M) 9.878ms
[2.305s][info][gc,cpu         ] GC(61) User=0.02s Sys=0.00s Real=0.01s
[2.321s][info][gc,start       ] GC(62) Pause Young (Allocation Failure)
[2.335s][info][gc,heap        ] GC(62) PSYoungGen: 30272K(66048K)->30400K(67584K) Eden: 15872K(15872K)->0K(15872K) From: 14400K(50176K)->30400K(51712K)
[2.335s][info][gc,heap        ] GC(62) ParOldGen: 370800K(420352K)->370800K(420352K)
[2.335s][info][gc,metaspace   ] GC(62) Metaspace: 6302K(6528K)->6302K(6528K) NonClass: 5769K(5888K)->5769K(5888K) Class: 533K(640K)->533K(640K)
[2.335s][info][gc             ] GC(62) Pause Young (Allocation Failure) 391M->391M(476M) 14.975ms
[2.336s][info][gc,cpu         ] GC(62) User=0.02s Sys=0.00s Real=0.02s
[2.352s][info][gc,start       ] GC(63) Pause Young (Allocation Failure)
[2.374s][info][gc,heap        ] GC(63) PSYoungGen: 46272K(67584K)->46176K(63488K) Eden: 15872K(15872K)->0K(12288K) From: 30400K(51712K)->46176K(51200K)
[2.374s][info][gc,heap        ] GC(63) ParOldGen: 370800K(420352K)->370800K(420352K)
[2.374s][info][gc,metaspace   ] GC(63) Metaspace: 6302K(6528K)->6302K(6528K) NonClass: 5769K(5888K)->5769K(5888K) Class: 533K(640K)->533K(640K)
[2.374s][info][gc             ] GC(63) Pause Young (Allocation Failure) 407M->407M(472M) 21.529ms
[2.374s][info][gc,cpu         ] GC(63) User=0.09s Sys=0.00s Real=0.02s
[2.386s][info][gc,start       ] GC(64) Pause Young (Allocation Failure)
[2.412s][info][gc,heap        ] GC(64) PSYoungGen: 58464K(63488K)->56832K(69120K) Eden: 12288K(12288K)->0K(12288K) From: 46176K(51200K)->56832K(56832K)
[2.412s][info][gc,heap        ] GC(64) ParOldGen: 370800K(420352K)->372376K(420352K)
[2.412s][info][gc,metaspace   ] GC(64) Metaspace: 6302K(6528K)->6302K(6528K) NonClass: 5769K(5888K)->5769K(5888K) Class: 533K(640K)->533K(640K)
[2.412s][info][gc             ] GC(64) Pause Young (Allocation Failure) 419M->419M(478M) 25.482ms
[2.412s][info][gc,cpu         ] GC(64) User=0.14s Sys=0.00s Real=0.03s
[2.424s][info][gc,start       ] GC(65) Pause Young (Allocation Failure)
[2.455s][info][gc,heap        ] GC(65) PSYoungGen: 69120K(69120K)->54976K(73728K) Eden: 12288K(12288K)->0K(8192K) From: 56832K(56832K)->54976K(65536K)
[2.455s][info][gc,heap        ] GC(65) ParOldGen: 372376K(420352K)->386832K(420352K)
[2.455s][info][gc,metaspace   ] GC(65) Metaspace: 6302K(6528K)->6302K(6528K) NonClass: 5769K(5888K)->5769K(5888K) Class: 533K(640K)->533K(640K)
[2.455s][info][gc             ] GC(65) Pause Young (Allocation Failure) 431M->431M(482M) 30.739ms
[2.455s][info][gc,cpu         ] GC(65) User=0.14s Sys=0.00s Real=0.03s
[2.464s][info][gc,start       ] GC(66) Pause Young (Allocation Failure)
[2.492s][info][gc,heap        ] GC(66) PSYoungGen: 63168K(73728K)->32736K(40960K) Eden: 8192K(8192K)->0K(8192K) From: 54976K(65536K)->32736K(32768K)
[2.492s][info][gc,heap        ] GC(66) ParOldGen: 386832K(420352K)->417648K(420352K)
[2.492s][info][gc,metaspace   ] GC(66) Metaspace: 6302K(6528K)->6302K(6528K) NonClass: 5769K(5888K)->5769K(5888K) Class: 533K(640K)->533K(640K)
[2.492s][info][gc             ] GC(66) Pause Young (Allocation Failure) 439M->439M(450M) 28.364ms
[2.492s][info][gc,cpu         ] GC(66) User=0.11s Sys=0.03s Real=0.03s
[2.492s][info][gc,start       ] GC(67) Pause Full (Ergonomics)
[2.492s][info][gc,phases,start] GC(67) Marking Phase
[2.589s][info][gc,phases      ] GC(67) Marking Phase 96.576ms
[2.589s][info][gc,phases,start] GC(67) Summary Phase
[2.589s][info][gc,phases      ] GC(67) Summary Phase 0.027ms
[2.589s][info][gc,phases,start] GC(67) Adjust Roots
[2.589s][info][gc,phases      ] GC(67) Adjust Roots 0.154ms
[2.589s][info][gc,phases,start] GC(67) Compaction Phase
[2.641s][info][gc,phases      ] GC(67) Compaction Phase 51.445ms
[2.641s][info][gc,phases,start] GC(67) Post Compact
[2.643s][info][gc,phases      ] GC(67) Post Compact 2.090ms
[2.643s][info][gc,heap        ] GC(67) PSYoungGen: 32736K(40960K)->29451K(40960K) Eden: 0K(8192K)->0K(8192K) From: 32736K(32768K)->29451K(32768K)
[2.643s][info][gc,heap        ] GC(67) ParOldGen: 417648K(420352K)->420001K(479744K)
[2.643s][info][gc,metaspace   ] GC(67) Metaspace: 6302K(6528K)->6302K(6528K) NonClass: 5769K(5888K)->5769K(5888K) Class: 533K(640K)->533K(640K)
[2.643s][info][gc             ] GC(67) Pause Full (Ergonomics) 439M->438M(508M) 150.973ms
[2.643s][info][gc,cpu         ] GC(67) User=0.92s Sys=0.00s Real=0.15s
[2.653s][info][gc,start       ] GC(68) Pause Young (Allocation Failure)
[2.688s][info][gc,heap        ] GC(68) PSYoungGen: 37643K(40960K)->15968K(76288K) Eden: 8192K(8192K)->0K(9728K) From: 29451K(32768K)->15968K(66560K)
[2.688s][info][gc,heap        ] GC(68) ParOldGen: 420001K(479744K)->442169K(479744K)
[2.688s][info][gc,metaspace   ] GC(68) Metaspace: 6302K(6528K)->6302K(6528K) NonClass: 5769K(5888K)->5769K(5888K) Class: 533K(640K)->533K(640K)
[2.688s][info][gc             ] GC(68) Pause Young (Allocation Failure) 446M->447M(543M) 34.704ms
[2.688s][info][gc,cpu         ] GC(68) User=0.19s Sys=0.00s Real=0.04s
[2.699s][info][gc,start       ] GC(69) Pause Young (Allocation Failure)
[2.713s][info][gc,heap        ] GC(69) PSYoungGen: 25696K(76288K)->18016K(76800K) Eden: 9728K(9728K)->0K(9728K) From: 15968K(66560K)->18016K(67072K)
[2.713s][info][gc,heap        ] GC(69) ParOldGen: 442169K(479744K)->449929K(479744K)
[2.713s][info][gc,metaspace   ] GC(69) Metaspace: 6302K(6528K)->6302K(6528K) NonClass: 5769K(5888K)->5769K(5888K) Class: 533K(640K)->533K(640K)
[2.713s][info][gc             ] GC(69) Pause Young (Allocation Failure) 456M->456M(543M) 14.405ms
[2.713s][info][gc,cpu         ] GC(69) User=0.02s Sys=0.00s Real=0.01s
[2.724s][info][gc,start       ] GC(70) Pause Young (Allocation Failure)
[2.739s][info][gc,heap        ] GC(70) PSYoungGen: 27744K(76800K)->19584K(72704K) Eden: 9728K(9728K)->0K(11264K) From: 18016K(67072K)->19584K(61440K)
[2.739s][info][gc,heap        ] GC(70) ParOldGen: 449929K(479744K)->458233K(479744K)
[2.739s][info][gc,metaspace   ] GC(70) Metaspace: 6302K(6528K)->6302K(6528K) NonClass: 5769K(5888K)->5769K(5888K) Class: 533K(640K)->533K(640K)
[2.739s][info][gc             ] GC(70) Pause Young (Allocation Failure) 466M->466M(539M) 15.667ms
[2.739s][info][gc,cpu         ] GC(70) User=0.02s Sys=0.00s Real=0.01s
[2.739s][info][gc,start       ] GC(71) Pause Full (Ergonomics)
[2.739s][info][gc,phases,start] GC(71) Marking Phase
[2.843s][info][gc,phases      ] GC(71) Marking Phase 103.252ms
[2.843s][info][gc,phases,start] GC(71) Summary Phase
[2.843s][info][gc,phases      ] GC(71) Summary Phase 0.056ms
[2.843s][info][gc,phases,start] GC(71) Adjust Roots
[2.843s][info][gc,phases      ] GC(71) Adjust Roots 0.228ms
[2.843s][info][gc,phases,start] GC(71) Compaction Phase
[2.892s][info][gc,phases      ] GC(71) Compaction Phase 49.068ms
[2.892s][info][gc,phases,start] GC(71) Post Compact
[2.895s][info][gc,phases      ] GC(71) Post Compact 2.517ms
[2.895s][info][gc,heap        ] GC(71) PSYoungGen: 19584K(72704K)->0K(74752K) Eden: 0K(11264K)->0K(11264K) From: 19584K(61440K)->0K(63488K)
[2.895s][info][gc,heap        ] GC(71) ParOldGen: 458233K(479744K)->477012K(539648K)
[2.895s][info][gc,metaspace   ] GC(71) Metaspace: 6302K(6528K)->6302K(6528K) NonClass: 5769K(5888K)->5769K(5888K) Class: 533K(640K)->533K(640K)
[2.895s][info][gc             ] GC(71) Pause Full (Ergonomics) 466M->465M(600M) 155.793ms
[2.895s][info][gc,cpu         ] GC(71) User=1.02s Sys=0.00s Real=0.16s
[2.908s][info][gc,start       ] GC(72) Pause Young (Allocation Failure)
[2.917s][info][gc,heap        ] GC(72) PSYoungGen: 11264K(74752K)->11424K(75264K) Eden: 11264K(11264K)->0K(12800K) From: 0K(63488K)->11424K(62464K)
[2.917s][info][gc,heap        ] GC(72) ParOldGen: 477012K(539648K)->477012K(539648K)
[2.917s][info][gc,metaspace   ] GC(72) Metaspace: 6302K(6528K)->6302K(6528K) NonClass: 5769K(5888K)->5769K(5888K) Class: 533K(640K)->533K(640K)
[2.917s][info][gc             ] GC(72) Pause Young (Allocation Failure) 476M->476M(600M) 8.836ms
[2.917s][info][gc,cpu         ] GC(72) User=0.00s Sys=0.00s Real=0.01s
[2.931s][info][gc,start       ] GC(73) Pause Young (Allocation Failure)
[2.944s][info][gc,heap        ] GC(73) PSYoungGen: 24224K(75264K)->24192K(37376K) Eden: 12800K(12800K)->0K(12800K) From: 11424K(62464K)->24192K(24576K)
[2.944s][info][gc,heap        ] GC(73) ParOldGen: 477012K(539648K)->477012K(539648K)
[2.945s][info][gc,metaspace   ] GC(73) Metaspace: 6302K(6528K)->6302K(6528K) NonClass: 5769K(5888K)->5769K(5888K) Class: 533K(640K)->533K(640K)
[2.945s][info][gc             ] GC(73) Pause Young (Allocation Failure) 489M->489M(563M) 13.491ms
[2.945s][info][gc,cpu         ] GC(73) User=0.02s Sys=0.00s Real=0.01s
[2.959s][info][gc,start       ] GC(74) Pause Young (Allocation Failure)
[2.978s][info][gc,heap        ] GC(74) PSYoungGen: 36992K(37376K)->37024K(73728K) Eden: 12800K(12800K)->0K(13824K) From: 24192K(24576K)->37024K(59904K)
[2.978s][info][gc,heap        ] GC(74) ParOldGen: 477012K(539648K)->477012K(539648K)
[2.978s][info][gc,metaspace   ] GC(74) Metaspace: 6302K(6528K)->6302K(6528K) NonClass: 5769K(5888K)->5769K(5888K) Class: 533K(640K)->533K(640K)
[2.978s][info][gc             ] GC(74) Pause Young (Allocation Failure) 501M->501M(599M) 19.259ms
[2.978s][info][gc,cpu         ] GC(74) User=0.12s Sys=0.00s Real=0.02s
[2.993s][info][gc,start       ] GC(75) Pause Young (Allocation Failure)
[3.019s][info][gc,heap        ] GC(75) PSYoungGen: 50848K(73728K)->39584K(74240K) Eden: 13824K(13824K)->0K(13824K) From: 37024K(59904K)->39584K(60416K)
[3.019s][info][gc,heap        ] GC(75) ParOldGen: 477012K(539648K)->488436K(539648K)
[3.019s][info][gc,metaspace   ] GC(75) Metaspace: 6302K(6528K)->6302K(6528K) NonClass: 5769K(5888K)->5769K(5888K) Class: 533K(640K)->533K(640K)
[3.019s][info][gc             ] GC(75) Pause Young (Allocation Failure) 515M->515M(599M) 25.807ms
[3.019s][info][gc,cpu         ] GC(75) User=0.11s Sys=0.02s Real=0.03s
[3.034s][info][gc,start       ] GC(76) Pause Young (Allocation Failure)
[3.062s][info][gc,heap        ] GC(76) PSYoungGen: 53408K(74240K)->40608K(76288K) Eden: 13824K(13824K)->0K(14848K) From: 39584K(60416K)->40608K(61440K)
[3.062s][info][gc,heap        ] GC(76) ParOldGen: 488436K(539648K)->501404K(539648K)
[3.062s][info][gc,metaspace   ] GC(76) Metaspace: 6302K(6528K)->6302K(6528K) NonClass: 5769K(5888K)->5769K(5888K) Class: 533K(640K)->533K(640K)
[3.062s][info][gc             ] GC(76) Pause Young (Allocation Failure) 529M->529M(601M) 27.993ms
[3.062s][info][gc,cpu         ] GC(76) User=0.08s Sys=0.02s Real=0.03s
[3.080s][info][gc,start       ] GC(77) Pause Young (Allocation Failure)
[3.107s][info][gc,heap        ] GC(77) PSYoungGen: 55456K(76288K)->42592K(77312K) Eden: 14848K(14848K)->0K(14848K) From: 40608K(61440K)->42592K(62464K)
[3.107s][info][gc,heap        ] GC(77) ParOldGen: 501404K(539648K)->514388K(539648K)
[3.107s][info][gc,metaspace   ] GC(77) Metaspace: 6302K(6528K)->6302K(6528K) NonClass: 5769K(5888K)->5769K(5888K) Class: 533K(640K)->533K(640K)
[3.107s][info][gc             ] GC(77) Pause Young (Allocation Failure) 543M->543M(602M) 27.442ms
[3.107s][info][gc,cpu         ] GC(77) User=0.12s Sys=0.00s Real=0.03s
[3.107s][info][gc,start       ] GC(78) Pause Full (Ergonomics)
[3.107s][info][gc,phases,start] GC(78) Marking Phase
[3.234s][info][gc,phases      ] GC(78) Marking Phase 127.222ms
[3.235s][info][gc,phases,start] GC(78) Summary Phase
[3.235s][info][gc,phases      ] GC(78) Summary Phase 0.025ms
[3.235s][info][gc,phases,start] GC(78) Adjust Roots
[3.235s][info][gc,phases      ] GC(78) Adjust Roots 0.161ms
[3.235s][info][gc,phases,start] GC(78) Compaction Phase
[3.291s][info][gc,phases      ] GC(78) Compaction Phase 56.085ms
[3.291s][info][gc,phases,start] GC(78) Post Compact
[3.292s][info][gc,phases      ] GC(78) Post Compact 1.145ms
[3.292s][info][gc,heap        ] GC(78) PSYoungGen: 42592K(77312K)->16856K(77312K) Eden: 0K(14848K)->0K(14848K) From: 42592K(62464K)->16856K(62464K)
[3.292s][info][gc,heap        ] GC(78) ParOldGen: 514388K(539648K)->539333K(603648K)
[3.292s][info][gc,metaspace   ] GC(78) Metaspace: 6302K(6528K)->6302K(6528K) NonClass: 5769K(5888K)->5769K(5888K) Class: 533K(640K)->533K(640K)
[3.293s][info][gc             ] GC(78) Pause Full (Ergonomics) 543M->543M(665M) 185.286ms
[3.293s][info][gc,cpu         ] GC(78) User=1.30s Sys=0.05s Real=0.19s
[3.310s][info][gc,start       ] GC(79) Pause Young (Allocation Failure)
[3.355s][info][gc,heap        ] GC(79) PSYoungGen: 31704K(77312K)->21120K(76800K) Eden: 14848K(14848K)->0K(16384K) From: 16856K(62464K)->21120K(60416K)
[3.355s][info][gc,heap        ] GC(79) ParOldGen: 539333K(603648K)->550221K(603648K)
[3.355s][info][gc,metaspace   ] GC(79) Metaspace: 6302K(6528K)->6302K(6528K) NonClass: 5769K(5888K)->5769K(5888K) Class: 533K(640K)->533K(640K)
[3.355s][info][gc             ] GC(79) Pause Young (Allocation Failure) 557M->557M(664M) 45.440ms
[3.355s][info][gc,cpu         ] GC(79) User=0.20s Sys=0.02s Real=0.05s
[3.375s][info][gc,start       ] GC(80) Pause Young (Allocation Failure)
[3.397s][info][gc,heap        ] GC(80) PSYoungGen: 37504K(76800K)->31392K(48128K) Eden: 16384K(16384K)->0K(16384K) From: 21120K(60416K)->31392K(31744K)
[3.397s][info][gc,heap        ] GC(80) ParOldGen: 550221K(603648K)->556493K(603648K)
[3.397s][info][gc,metaspace   ] GC(80) Metaspace: 6302K(6528K)->6302K(6528K) NonClass: 5769K(5888K)->5769K(5888K) Class: 533K(640K)->533K(640K)
[3.397s][info][gc             ] GC(80) Pause Young (Allocation Failure) 573M->574M(636M) 22.538ms
[3.397s][info][gc,cpu         ] GC(80) User=0.05s Sys=0.06s Real=0.02s
[3.416s][info][gc,start       ] GC(81) Pause Young (Allocation Failure)
[3.443s][info][gc,heap        ] GC(81) PSYoungGen: 47776K(48128K)->32896K(74240K) Eden: 16384K(16384K)->0K(18432K) From: 31392K(31744K)->32896K(55808K)
[3.443s][info][gc,heap        ] GC(81) ParOldGen: 556493K(603648K)->571549K(603648K)
[3.443s][info][gc,metaspace   ] GC(81) Metaspace: 6302K(6528K)->6302K(6528K) NonClass: 5769K(5888K)->5769K(5888K) Class: 533K(640K)->533K(640K)
[3.443s][info][gc             ] GC(81) Pause Young (Allocation Failure) 590M->590M(662M) 27.554ms
[3.443s][info][gc,cpu         ] GC(81) User=0.12s Sys=0.02s Real=0.03s
[3.465s][info][gc,start       ] GC(82) Pause Young (Allocation Failure)
[3.494s][info][gc,heap        ] GC(82) PSYoungGen: 51328K(74240K)->34976K(76288K) Eden: 18432K(18432K)->0K(18432K) From: 32896K(55808K)->34976K(57856K)
[3.494s][info][gc,heap        ] GC(82) ParOldGen: 571549K(603648K)->588181K(603648K)
[3.494s][info][gc,metaspace   ] GC(82) Metaspace: 6302K(6528K)->6302K(6528K) NonClass: 5769K(5888K)->5769K(5888K) Class: 533K(640K)->533K(640K)
[3.494s][info][gc             ] GC(82) Pause Young (Allocation Failure) 608M->608M(664M) 28.675ms
[3.494s][info][gc,cpu         ] GC(82) User=0.14s Sys=0.00s Real=0.03s
[3.494s][info][gc,start       ] GC(83) Pause Full (Ergonomics)
[3.494s][info][gc,phases,start] GC(83) Marking Phase
[3.633s][info][gc,phases      ] GC(83) Marking Phase 138.959ms
[3.633s][info][gc,phases,start] GC(83) Summary Phase
[3.633s][info][gc,phases      ] GC(83) Summary Phase 0.022ms
[3.633s][info][gc,phases,start] GC(83) Adjust Roots
[3.633s][info][gc,phases      ] GC(83) Adjust Roots 0.156ms
[3.633s][info][gc,phases,start] GC(83) Compaction Phase
[3.689s][info][gc,phases      ] GC(83) Compaction Phase 55.303ms
[3.689s][info][gc,phases,start] GC(83) Post Compact
[3.690s][info][gc,phases      ] GC(83) Post Compact 1.026ms
[3.690s][info][gc,heap        ] GC(83) PSYoungGen: 34976K(76288K)->18914K(76288K) Eden: 0K(18432K)->0K(18432K) From: 34976K(57856K)->18914K(57856K)
[3.690s][info][gc,heap        ] GC(83) ParOldGen: 588181K(603648K)->603198K(671744K)
[3.690s][info][gc,metaspace   ] GC(83) Metaspace: 6302K(6528K)->6302K(6528K) NonClass: 5769K(5888K)->5769K(5888K) Class: 533K(640K)->533K(640K)
[3.690s][info][gc             ] GC(83) Pause Full (Ergonomics) 608M->607M(730M) 196.034ms
[3.690s][info][gc,cpu         ] GC(83) User=1.31s Sys=0.02s Real=0.20s
[3.713s][info][gc,start       ] GC(84) Pause Young (Allocation Failure)
[3.756s][info][gc,heap        ] GC(84) PSYoungGen: 37346K(76288K)->29088K(72704K) Eden: 18432K(18432K)->0K(20480K) From: 18914K(57856K)->29088K(52224K)
[3.756s][info][gc,heap        ] GC(84) ParOldGen: 603198K(671744K)->611782K(671744K)
[3.756s][info][gc,metaspace   ] GC(84) Metaspace: 6302K(6528K)->6302K(6528K) NonClass: 5769K(5888K)->5769K(5888K) Class: 533K(640K)->533K(640K)
[3.756s][info][gc             ] GC(84) Pause Young (Allocation Failure) 625M->625M(727M) 43.833ms
[3.757s][info][gc,cpu         ] GC(84) User=0.25s Sys=0.00s Real=0.05s
[3.781s][info][gc,start       ] GC(85) Pause Young (Allocation Failure)
[3.814s][info][gc,heap        ] GC(85) PSYoungGen: 49568K(72704K)->49568K(75264K) Eden: 20480K(20480K)->0K(20480K) From: 29088K(52224K)->49568K(54784K)
[3.814s][info][gc,heap        ] GC(85) ParOldGen: 611782K(671744K)->611782K(671744K)
[3.814s][info][gc,metaspace   ] GC(85) Metaspace: 6302K(6528K)->6302K(6528K) NonClass: 5769K(5888K)->5769K(5888K) Class: 533K(640K)->533K(640K)
[3.814s][info][gc             ] GC(85) Pause Young (Allocation Failure) 645M->645M(729M) 32.384ms
[3.814s][info][gc,cpu         ] GC(85) User=0.20s Sys=0.00s Real=0.03s
[3.841s][info][gc,start       ] GC(86) Pause Young (Allocation Failure)
[3.885s][info][gc,heap        ] GC(86) PSYoungGen: 70048K(75264K)->58880K(70144K) Eden: 20480K(20480K)->0K(11264K) From: 49568K(54784K)->58880K(58880K)
[3.885s][info][gc,heap        ] GC(86) ParOldGen: 611782K(671744K)->622974K(671744K)
[3.885s][info][gc,metaspace   ] GC(86) Metaspace: 6302K(6528K)->6302K(6528K) NonClass: 5769K(5888K)->5769K(5888K) Class: 533K(640K)->533K(640K)
[3.885s][info][gc             ] GC(86) Pause Young (Allocation Failure) 665M->665M(724M) 43.617ms
[3.885s][info][gc,cpu         ] GC(86) User=0.20s Sys=0.02s Real=0.04s
[3.903s][info][gc,start       ] GC(87) Pause Young (Allocation Failure)
[3.942s][info][gc,heap        ] GC(87) PSYoungGen: 70144K(70144K)->31584K(43008K) Eden: 11264K(11264K)->0K(11264K) From: 58880K(58880K)->31584K(31744K)
[3.942s][info][gc,heap        ] GC(87) ParOldGen: 622974K(671744K)->662102K(671744K)
[3.942s][info][gc,metaspace   ] GC(87) Metaspace: 6302K(6528K)->6302K(6528K) NonClass: 5769K(5888K)->5769K(5888K) Class: 533K(640K)->533K(640K)
[3.942s][info][gc             ] GC(87) Pause Young (Allocation Failure) 676M->677M(698M) 39.309ms
[3.942s][info][gc,cpu         ] GC(87) User=0.22s Sys=0.00s Real=0.04s
[3.942s][info][gc,start       ] GC(88) Pause Full (Ergonomics)
[3.942s][info][gc,phases,start] GC(88) Marking Phase
[4.098s][info][gc,phases      ] GC(88) Marking Phase 155.374ms
[4.098s][info][gc,phases,start] GC(88) Summary Phase
[4.098s][info][gc,phases      ] GC(88) Summary Phase 0.028ms
[4.098s][info][gc,phases,start] GC(88) Adjust Roots
[4.098s][info][gc,phases      ] GC(88) Adjust Roots 0.209ms
[4.098s][info][gc,phases,start] GC(88) Compaction Phase
[4.162s][info][gc,phases      ] GC(88) Compaction Phase 63.563ms
[4.162s][info][gc,phases,start] GC(88) Post Compact
[4.163s][info][gc,phases      ] GC(88) Post Compact 1.565ms
[4.164s][info][gc,heap        ] GC(88) PSYoungGen: 31584K(43008K)->21222K(43008K) Eden: 0K(11264K)->0K(11264K) From: 31584K(31744K)->21222K(31744K)
[4.164s][info][gc,heap        ] GC(88) ParOldGen: 662102K(671744K)->671420K(751616K)
[4.164s][info][gc,metaspace   ] GC(88) Metaspace: 6302K(6528K)->6302K(6528K) NonClass: 5769K(5888K)->5769K(5888K) Class: 533K(640K)->533K(640K)
[4.164s][info][gc             ] GC(88) Pause Full (Ergonomics) 677M->676M(776M) 221.382ms
[4.164s][info][gc,cpu         ] GC(88) User=1.38s Sys=0.00s Real=0.22s
[4.178s][info][gc,start       ] GC(89) Pause Young (Allocation Failure)
[4.230s][info][gc,heap        ] GC(89) PSYoungGen: 32486K(43008K)->11360K(79360K) Eden: 11264K(11264K)->0K(11776K) From: 21222K(31744K)->11360K(67584K)
[4.230s][info][gc,heap        ] GC(89) ParOldGen: 671420K(751616K)->692996K(751616K)
[4.230s][info][gc,metaspace   ] GC(89) Metaspace: 6302K(6528K)->6302K(6528K) NonClass: 5769K(5888K)->5769K(5888K) Class: 533K(640K)->533K(640K)
[4.230s][info][gc             ] GC(89) Pause Young (Allocation Failure) 687M->687M(811M) 51.603ms
[4.230s][info][gc,cpu         ] GC(89) User=0.20s Sys=0.00s Real=0.05s
[4.379s][info][gc,start       ] GC(90) Pause Young (Allocation Failure)
[4.409s][info][gc,heap        ] GC(90) PSYoungGen: 23136K(79360K)->11936K(80384K) Eden: 11776K(11776K)->0K(11776K) From: 11360K(67584K)->11936K(68608K)
[4.409s][info][gc,heap        ] GC(90) ParOldGen: 725764K(751616K)->737188K(751616K)
[4.409s][info][gc,metaspace   ] GC(90) Metaspace: 6302K(6528K)->6302K(6528K) NonClass: 5769K(5888K)->5769K(5888K) Class: 533K(640K)->533K(640K)
[4.409s][info][gc             ] GC(90) Pause Young (Allocation Failure) 731M->731M(812M) 30.144ms
[4.409s][info][gc,cpu         ] GC(90) User=0.14s Sys=0.00s Real=0.03s
[4.409s][info][gc,start       ] GC(91) Pause Full (Ergonomics)
[4.409s][info][gc,phases,start] GC(91) Marking Phase
[4.567s][info][gc,phases      ] GC(91) Marking Phase 157.989ms
[4.567s][info][gc,phases,start] GC(91) Summary Phase
[4.567s][info][gc,phases      ] GC(91) Summary Phase 0.035ms
[4.567s][info][gc,phases,start] GC(91) Adjust Roots
[4.568s][info][gc,phases      ] GC(91) Adjust Roots 0.196ms
[4.568s][info][gc,phases,start] GC(91) Compaction Phase
[4.683s][info][gc,phases      ] GC(91) Compaction Phase 115.359ms
[4.683s][info][gc,phases,start] GC(91) Post Compact
[4.685s][info][gc,phases      ] GC(91) Post Compact 1.419ms
[4.685s][info][gc,heap        ] GC(91) PSYoungGen: 11936K(80384K)->0K(82432K) Eden: 0K(11776K)->0K(13312K) From: 11936K(68608K)->0K(69120K)
[4.685s][info][gc,heap        ] GC(91) ParOldGen: 737188K(751616K)->732004K(817152K)
[4.685s][info][gc,metaspace   ] GC(91) Metaspace: 6302K(6528K)->6302K(6528K) NonClass: 5769K(5888K)->5769K(5888K) Class: 533K(640K)->533K(640K)
[4.685s][info][gc             ] GC(91) Pause Full (Ergonomics) 731M->714M(878M) 275.522ms
[4.685s][info][gc,cpu         ] GC(91) User=1.70s Sys=0.00s Real=0.28s
[4.702s][info][gc,start       ] GC(92) Pause Young (Allocation Failure)
[4.714s][info][gc,heap        ] GC(92) PSYoungGen: 13312K(82432K)->13440K(82432K) Eden: 13312K(13312K)->0K(13312K) From: 0K(69120K)->13440K(69120K)
[4.714s][info][gc,heap        ] GC(92) ParOldGen: 732004K(817152K)->732004K(817152K)
[4.714s][info][gc,metaspace   ] GC(92) Metaspace: 6302K(6528K)->6302K(6528K) NonClass: 5769K(5888K)->5769K(5888K) Class: 533K(640K)->533K(640K)
[4.714s][info][gc             ] GC(92) Pause Young (Allocation Failure) 727M->727M(878M) 12.174ms
[4.714s][info][gc,cpu         ] GC(92) User=0.02s Sys=0.00s Real=0.01s
[4.728s][info][gc,start       ] GC(93) Pause Young (Allocation Failure)
[4.745s][info][gc,heap        ] GC(93) PSYoungGen: 26752K(82432K)->26784K(76800K) Eden: 13312K(13312K)->0K(14848K) From: 13440K(69120K)->26784K(61952K)
[4.745s][info][gc,heap        ] GC(93) ParOldGen: 732004K(817152K)->732004K(817152K)
[4.745s][info][gc,metaspace   ] GC(93) Metaspace: 6302K(6528K)->6302K(6528K) NonClass: 5769K(5888K)->5769K(5888K) Class: 533K(640K)->533K(640K)
[4.745s][info][gc             ] GC(93) Pause Young (Allocation Failure) 740M->741M(873M) 17.341ms
[4.745s][info][gc,cpu         ] GC(93) User=0.03s Sys=0.00s Real=0.02s
[4.761s][info][gc,start       ] GC(94) Pause Young (Allocation Failure)
[4.783s][info][gc,heap        ] GC(94) PSYoungGen: 41632K(76800K)->41632K(79872K) Eden: 14848K(14848K)->0K(14848K) From: 26784K(61952K)->41632K(65024K)
[4.784s][info][gc,heap        ] GC(94) ParOldGen: 732004K(817152K)->732004K(817152K)
[4.784s][info][gc,metaspace   ] GC(94) Metaspace: 6302K(6528K)->6302K(6528K) NonClass: 5769K(5888K)->5769K(5888K) Class: 533K(640K)->533K(640K)
[4.784s][info][gc             ] GC(94) Pause Young (Allocation Failure) 755M->755M(876M) 22.270ms
[4.784s][info][gc,cpu         ] GC(94) User=0.05s Sys=0.00s Real=0.02s
[4.799s][info][gc,start       ] GC(95) Pause Young (Allocation Failure)
[4.826s][info][gc,heap        ] GC(95) PSYoungGen: 56480K(79872K)->56448K(76288K) Eden: 14848K(14848K)->0K(10240K) From: 41632K(65024K)->56448K(66048K)
[4.826s][info][gc,heap        ] GC(95) ParOldGen: 732004K(817152K)->732004K(817152K)
[4.826s][info][gc,metaspace   ] GC(95) Metaspace: 6302K(6528K)->6302K(6528K) NonClass: 5769K(5888K)->5769K(5888K) Class: 533K(640K)->533K(640K)
[4.826s][info][gc             ] GC(95) Pause Young (Allocation Failure) 770M->769M(872M) 27.042ms
[4.826s][info][gc,cpu         ] GC(95) User=0.06s Sys=0.00s Real=0.03s
[4.836s][info][gc,start       ] GC(96) Pause Young (Allocation Failure)
[4.867s][info][gc,heap        ] GC(96) PSYoungGen: 66688K(76288K)->66656K(82432K) Eden: 10240K(10240K)->0K(10240K) From: 56448K(66048K)->66656K(72192K)
[4.867s][info][gc,heap        ] GC(96) ParOldGen: 732004K(817152K)->732004K(817152K)
[4.867s][info][gc,metaspace   ] GC(96) Metaspace: 6302K(6528K)->6302K(6528K) NonClass: 5769K(5888K)->5769K(5888K) Class: 533K(640K)->533K(640K)
[4.867s][info][gc             ] GC(96) Pause Young (Allocation Failure) 779M->779M(878M) 31.230ms
[4.867s][info][gc,cpu         ] GC(96) User=0.08s Sys=0.00s Real=0.03s
[4.878s][info][gc,start       ] GC(97) Pause Young (Allocation Failure)
[4.912s][info][gc,heap        ] GC(97) PSYoungGen: 76896K(82432K)->63616K(86528K) Eden: 10240K(10240K)->0K(6144K) From: 66656K(72192K)->63616K(80384K)
[4.912s][info][gc,heap        ] GC(97) ParOldGen: 732004K(817152K)->745516K(817152K)
[4.912s][info][gc,metaspace   ] GC(97) Metaspace: 6302K(6528K)->6302K(6528K) NonClass: 5769K(5888K)->5769K(5888K) Class: 533K(640K)->533K(640K)
[4.912s][info][gc             ] GC(97) Pause Young (Allocation Failure) 789M->790M(882M) 34.715ms
[4.912s][info][gc,cpu         ] GC(97) User=0.19s Sys=0.06s Real=0.03s
[4.919s][info][gc,start       ] GC(98) Pause Young (Allocation Failure)
[4.951s][info][gc,heap        ] GC(98) PSYoungGen: 69760K(86528K)->41632K(48128K) Eden: 6144K(6144K)->0K(6144K) From: 63616K(80384K)->41632K(41984K)
[4.951s][info][gc,heap        ] GC(98) ParOldGen: 745516K(817152K)->774036K(817152K)
[4.951s][info][gc,metaspace   ] GC(98) Metaspace: 6302K(6528K)->6302K(6528K) NonClass: 5769K(5888K)->5769K(5888K) Class: 533K(640K)->533K(640K)
[4.951s][info][gc             ] GC(98) Pause Young (Allocation Failure) 796M->796M(845M) 32.246ms
[4.951s][info][gc,cpu         ] GC(98) User=0.12s Sys=0.02s Real=0.03s
[4.958s][info][gc,start       ] GC(99) Pause Young (Allocation Failure)
[4.982s][info][gc,heap        ] GC(99) PSYoungGen: 47776K(48128K)->22656K(87552K) Eden: 6144K(6144K)->0K(7680K) From: 41632K(41984K)->22656K(79872K)
[4.982s][info][gc,heap        ] GC(99) ParOldGen: 774036K(817152K)->799436K(817152K)
[4.982s][info][gc,metaspace   ] GC(99) Metaspace: 6302K(6528K)->6302K(6528K) NonClass: 5769K(5888K)->5769K(5888K) Class: 533K(640K)->533K(640K)
[4.982s][info][gc             ] GC(99) Pause Young (Allocation Failure) 802M->802M(883M) 24.630ms
[4.982s][info][gc,cpu         ] GC(99) User=0.05s Sys=0.00s Real=0.02s
[4.982s][info][gc,start       ] GC(100) Pause Full (Ergonomics)
[4.982s][info][gc,phases,start] GC(100) Marking Phase
[5.168s][info][gc,phases      ] GC(100) Marking Phase 185.687ms
[5.168s][info][gc,phases,start] GC(100) Summary Phase
[5.168s][info][gc,phases      ] GC(100) Summary Phase 0.030ms
[5.168s][info][gc,phases,start] GC(100) Adjust Roots
[5.168s][info][gc,phases      ] GC(100) Adjust Roots 0.207ms
[5.168s][info][gc,phases,start] GC(100) Compaction Phase
[5.250s][info][gc,phases      ] GC(100) Compaction Phase 82.003ms
[5.250s][info][gc,phases,start] GC(100) Post Compact
[5.252s][info][gc,phases      ] GC(100) Post Compact 1.421ms
[5.252s][info][gc,heap        ] GC(100) PSYoungGen: 22656K(87552K)->4041K(88576K) Eden: 0K(7680K)->0K(8704K) From: 22656K(79872K)->4041K(79872K)
[5.252s][info][gc,heap        ] GC(100) ParOldGen: 799436K(817152K)->816802K(911872K)
[5.252s][info][gc,metaspace   ] GC(100) Metaspace: 6302K(6528K)->6302K(6528K) NonClass: 5769K(5888K)->5769K(5888K) Class: 533K(640K)->533K(640K)
[5.252s][info][gc             ] GC(100) Pause Full (Ergonomics) 802M->801M(977M) 269.975ms
[5.252s][info][gc,cpu         ] GC(100) User=1.89s Sys=0.00s Real=0.27s
[5.261s][info][gc,start       ] GC(101) Pause Young (Allocation Failure)
[5.303s][info][gc,heap        ] GC(101) PSYoungGen: 12745K(88576K)->8832K(89600K) Eden: 8704K(8704K)->0K(8704K) From: 4041K(79872K)->8832K(80896K)
[5.303s][info][gc,heap        ] GC(101) ParOldGen: 816802K(911872K)->820890K(911872K)
[5.303s][info][gc,metaspace   ] GC(101) Metaspace: 6302K(6528K)->6302K(6528K) NonClass: 5769K(5888K)->5769K(5888K) Class: 533K(640K)->533K(640K)
[5.303s][info][gc             ] GC(101) Pause Young (Allocation Failure) 810M->810M(978M) 41.539ms
[5.303s][info][gc,cpu         ] GC(101) User=0.25s Sys=0.00s Real=0.04s
[5.313s][info][gc,start       ] GC(102) Pause Young (Allocation Failure)
[5.328s][info][gc,heap        ] GC(102) PSYoungGen: 17536K(89600K)->8800K(91648K) Eden: 8704K(8704K)->0K(10240K) From: 8832K(80896K)->8800K(81408K)
[5.328s][info][gc,heap        ] GC(102) ParOldGen: 820890K(911872K)->829754K(911872K)
[5.328s][info][gc,metaspace   ] GC(102) Metaspace: 6302K(6528K)->6302K(6528K) NonClass: 5769K(5888K)->5769K(5888K) Class: 533K(640K)->533K(640K)
[5.328s][info][gc             ] GC(102) Pause Young (Allocation Failure) 818M->818M(980M) 15.231ms
[5.328s][info][gc,cpu         ] GC(102) User=0.02s Sys=0.00s Real=0.02s
[5.339s][info][gc,start       ] GC(103) Pause Young (Allocation Failure)
[5.353s][info][gc,heap        ] GC(103) PSYoungGen: 19040K(91648K)->10400K(91648K) Eden: 10240K(10240K)->0K(10240K) From: 8800K(81408K)->10400K(81408K)
[5.353s][info][gc,heap        ] GC(103) ParOldGen: 829754K(911872K)->838586K(911872K)
[5.353s][info][gc,metaspace   ] GC(103) Metaspace: 6302K(6528K)->6302K(6528K) NonClass: 5769K(5888K)->5769K(5888K) Class: 533K(640K)->533K(640K)
[5.354s][info][gc             ] GC(103) Pause Young (Allocation Failure) 828M->829M(980M) 14.752ms
[5.354s][info][gc,cpu         ] GC(103) User=0.02s Sys=0.00s Real=0.01s
[5.364s][info][gc,start       ] GC(104) Pause Young (Allocation Failure)
[5.379s][info][gc,heap        ] GC(104) PSYoungGen: 20640K(91648K)->10400K(89088K) Eden: 10240K(10240K)->0K(11776K) From: 10400K(81408K)->10400K(77312K)
[5.379s][info][gc,heap        ] GC(104) ParOldGen: 838586K(911872K)->848962K(911872K)
[5.379s][info][gc,metaspace   ] GC(104) Metaspace: 6302K(6528K)->6302K(6528K) NonClass: 5769K(5888K)->5769K(5888K) Class: 533K(640K)->533K(640K)
[5.379s][info][gc             ] GC(104) Pause Young (Allocation Failure) 839M->839M(977M) 15.049ms
[5.380s][info][gc,cpu         ] GC(104) User=0.02s Sys=0.00s Real=0.01s
[5.392s][info][gc,start       ] GC(105) Pause Young (Allocation Failure)
[5.408s][info][gc,heap        ] GC(105) PSYoungGen: 22176K(89088K)->11936K(24064K) Eden: 11776K(11776K)->0K(11776K) From: 10400K(77312K)->11936K(12288K)
[5.408s][info][gc,heap        ] GC(105) ParOldGen: 848962K(911872K)->859354K(911872K)
[5.408s][info][gc,metaspace   ] GC(105) Metaspace: 6302K(6528K)->6302K(6528K) NonClass: 5769K(5888K)->5769K(5888K) Class: 533K(640K)->533K(640K)
[5.408s][info][gc             ] GC(105) Pause Young (Allocation Failure) 850M->850M(914M) 16.554ms
[5.408s][info][gc,cpu         ] GC(105) User=0.03s Sys=0.00s Real=0.02s
[5.421s][info][gc,start       ] GC(106) Pause Young (Allocation Failure)
[5.438s][info][gc,heap        ] GC(106) PSYoungGen: 23712K(24064K)->11904K(84480K) Eden: 11776K(11776K)->0K(13312K) From: 11936K(12288K)->11904K(71168K)
[5.438s][info][gc,heap        ] GC(106) ParOldGen: 859354K(911872K)->871290K(911872K)
[5.438s][info][gc,metaspace   ] GC(106) Metaspace: 6302K(6528K)->6302K(6528K) NonClass: 5769K(5888K)->5769K(5888K) Class: 533K(640K)->533K(640K)
[5.438s][info][gc             ] GC(106) Pause Young (Allocation Failure) 862M->862M(973M) 16.337ms
[5.438s][info][gc,cpu         ] GC(106) User=0.03s Sys=0.00s Real=0.02s
[5.451s][info][gc,start       ] GC(107) Pause Young (Allocation Failure)
[5.467s][info][gc,heap        ] GC(107) PSYoungGen: 25216K(84480K)->13440K(27136K) Eden: 13312K(13312K)->0K(13312K) From: 11904K(71168K)->13440K(13824K)
[5.468s][info][gc,heap        ] GC(107) ParOldGen: 871290K(911872K)->883242K(911872K)
[5.468s][info][gc,metaspace   ] GC(107) Metaspace: 6302K(6528K)->6302K(6528K) NonClass: 5769K(5888K)->5769K(5888K) Class: 533K(640K)->533K(640K)
[5.468s][info][gc             ] GC(107) Pause Young (Allocation Failure) 875M->875M(917M) 16.098ms
[5.468s][info][gc,cpu         ] GC(107) User=0.02s Sys=0.00s Real=0.02s
[5.483s][info][gc,start       ] GC(108) Pause Young (Allocation Failure)
[5.500s][info][gc,heap        ] GC(108) PSYoungGen: 26752K(27136K)->13440K(80384K) Eden: 13312K(13312K)->0K(15360K) From: 13440K(13824K)->13440K(65024K)
[5.501s][info][gc,heap        ] GC(108) ParOldGen: 883242K(911872K)->896730K(911872K)
[5.501s][info][gc,metaspace   ] GC(108) Metaspace: 6302K(6528K)->6302K(6528K) NonClass: 5769K(5888K)->5769K(5888K) Class: 533K(640K)->533K(640K)
[5.501s][info][gc             ] GC(108) Pause Young (Allocation Failure) 888M->888M(969M) 17.911ms
[5.501s][info][gc,cpu         ] GC(108) User=0.03s Sys=0.00s Real=0.02s
[5.501s][info][gc,start       ] GC(109) Pause Full (Ergonomics)
[5.501s][info][gc,phases,start] GC(109) Marking Phase
[5.701s][info][gc,phases      ] GC(109) Marking Phase 199.860ms
[5.701s][info][gc,phases,start] GC(109) Summary Phase
[5.701s][info][gc,phases      ] GC(109) Summary Phase 0.028ms
[5.701s][info][gc,phases,start] GC(109) Adjust Roots
[5.701s][info][gc,phases      ] GC(109) Adjust Roots 0.156ms
[5.701s][info][gc,phases,start] GC(109) Compaction Phase
[5.791s][info][gc,phases      ] GC(109) Compaction Phase 89.724ms
[5.791s][info][gc,phases,start] GC(109) Post Compact
[5.792s][info][gc,phases      ] GC(109) Post Compact 1.567ms
[5.793s][info][gc,heap        ] GC(109) PSYoungGen: 13440K(80384K)->0K(83456K) Eden: 0K(15360K)->0K(15360K) From: 13440K(65024K)->0K(68096K)
[5.793s][info][gc,heap        ] GC(109) ParOldGen: 896730K(911872K)->908657K(997888K)
[5.793s][info][gc,metaspace   ] GC(109) Metaspace: 6302K(6528K)->6302K(6528K) NonClass: 5769K(5888K)->5769K(5888K) Class: 533K(640K)->533K(640K)
[5.793s][info][gc             ] GC(109) Pause Full (Ergonomics) 888M->887M(1056M) 291.985ms
[5.793s][info][gc,cpu         ] GC(109) User=1.95s Sys=0.00s Real=0.29s
[5.810s][info][gc,start       ] GC(110) Pause Young (Allocation Failure)
[5.824s][info][gc,heap        ] GC(110) PSYoungGen: 15360K(83456K)->15488K(78336K) Eden: 15360K(15360K)->0K(16896K) From: 0K(68096K)->15488K(61440K)
[5.824s][info][gc,heap        ] GC(110) ParOldGen: 908657K(997888K)->908657K(997888K)
[5.824s][info][gc,metaspace   ] GC(110) Metaspace: 6302K(6528K)->6302K(6528K) NonClass: 5769K(5888K)->5769K(5888K) Class: 533K(640K)->533K(640K)
[5.824s][info][gc             ] GC(110) Pause Young (Allocation Failure) 902M->902M(1051M) 14.344ms
[5.824s][info][gc,cpu         ] GC(110) User=0.02s Sys=0.00s Real=0.01s
[5.843s][info][gc,start       ] GC(111) Pause Young (Allocation Failure)
[5.862s][info][gc,heap        ] GC(111) PSYoungGen: 32384K(78336K)->32352K(81920K) Eden: 16896K(16896K)->0K(16896K) From: 15488K(61440K)->32352K(65024K)
[5.862s][info][gc,heap        ] GC(111) ParOldGen: 908657K(997888K)->908657K(997888K)
[5.862s][info][gc,metaspace   ] GC(111) Metaspace: 6302K(6528K)->6302K(6528K) NonClass: 5769K(5888K)->5769K(5888K) Class: 533K(640K)->533K(640K)
[5.862s][info][gc             ] GC(111) Pause Young (Allocation Failure) 918M->918M(1054M) 18.775ms
[5.862s][info][gc,cpu         ] GC(111) User=0.05s Sys=0.00s Real=0.02s
[5.881s][info][gc,start       ] GC(112) Pause Young (Allocation Failure)
[5.906s][info][gc,heap        ] GC(112) PSYoungGen: 49248K(81920K)->49312K(77824K) Eden: 16896K(16896K)->0K(13312K) From: 32352K(65024K)->49312K(64512K)
[5.906s][info][gc,heap        ] GC(112) ParOldGen: 908657K(997888K)->908657K(997888K)
[5.906s][info][gc,metaspace   ] GC(112) Metaspace: 6302K(6528K)->6302K(6528K) NonClass: 5769K(5888K)->5769K(5888K) Class: 533K(640K)->533K(640K)
[5.906s][info][gc             ] GC(112) Pause Young (Allocation Failure) 935M->935M(1050M) 24.485ms
[5.906s][info][gc,cpu         ] GC(112) User=0.12s Sys=0.00s Real=0.02s
[5.921s][info][gc,start       ] GC(113) Pause Young (Allocation Failure)
[5.951s][info][gc,heap        ] GC(113) PSYoungGen: 62624K(77824K)->47168K(83456K) Eden: 13312K(13312K)->0K(13312K) From: 49312K(64512K)->47168K(70144K)
[5.951s][info][gc,heap        ] GC(113) ParOldGen: 908657K(997888K)->924225K(997888K)
[5.951s][info][gc,metaspace   ] GC(113) Metaspace: 6302K(6528K)->6302K(6528K) NonClass: 5769K(5888K)->5769K(5888K) Class: 533K(640K)->533K(640K)
[5.951s][info][gc             ] GC(113) Pause Young (Allocation Failure) 948M->948M(1056M) 30.085ms
[5.951s][info][gc,cpu         ] GC(113) User=0.14s Sys=0.00s Real=0.03s
[5.965s][info][gc,start       ] GC(114) Pause Young (Allocation Failure)
[5.995s][info][gc,heap        ] GC(114) PSYoungGen: 60480K(83456K)->43616K(88064K) Eden: 13312K(13312K)->0K(14336K) From: 47168K(70144K)->43616K(73728K)
[5.995s][info][gc,heap        ] GC(114) ParOldGen: 924225K(997888K)->941361K(997888K)
[5.995s][info][gc,metaspace   ] GC(114) Metaspace: 6302K(6528K)->6302K(6528K) NonClass: 5769K(5888K)->5769K(5888K) Class: 533K(640K)->533K(640K)
[5.995s][info][gc             ] GC(114) Pause Young (Allocation Failure) 961M->961M(1060M) 29.632ms
[5.995s][info][gc,cpu         ] GC(114) User=0.14s Sys=0.00s Real=0.03s
[6.012s][info][gc,start       ] GC(115) Pause Young (Allocation Failure)
[6.041s][info][gc,heap        ] GC(115) PSYoungGen: 57952K(88064K)->27776K(42496K) Eden: 14336K(14336K)->0K(14336K) From: 43616K(73728K)->27776K(28160K)
[6.041s][info][gc,heap        ] GC(115) ParOldGen: 941361K(997888K)->971961K(997888K)
[6.041s][info][gc,metaspace   ] GC(115) Metaspace: 6302K(6528K)->6302K(6528K) NonClass: 5769K(5888K)->5769K(5888K) Class: 533K(640K)->533K(640K)
[6.041s][info][gc             ] GC(115) Pause Young (Allocation Failure) 975M->976M(1016M) 29.861ms
[6.041s][info][gc,cpu         ] GC(115) User=0.14s Sys=0.00s Real=0.03s
[6.042s][info][gc,start       ] GC(116) Pause Full (Ergonomics)
[6.042s][info][gc,phases,start] GC(116) Marking Phase
[6.262s][info][gc,phases      ] GC(116) Marking Phase 220.845ms
[6.262s][info][gc,phases,start] GC(116) Summary Phase
[6.262s][info][gc,phases      ] GC(116) Summary Phase 0.039ms
[6.263s][info][gc,phases,start] GC(116) Adjust Roots
[6.263s][info][gc,phases      ] GC(116) Adjust Roots 0.164ms
[6.263s][info][gc,phases,start] GC(116) Compaction Phase
[6.351s][info][gc,phases      ] GC(116) Compaction Phase 87.902ms
[6.351s][info][gc,phases,start] GC(116) Post Compact
[6.352s][info][gc,phases      ] GC(116) Post Compact 1.810ms
[6.353s][info][gc,heap        ] GC(116) PSYoungGen: 27776K(42496K)->1016K(42496K) Eden: 0K(14336K)->0K(14336K) From: 27776K(28160K)->1016K(28160K)
[6.353s][info][gc,heap        ] GC(116) ParOldGen: 971961K(997888K)->997563K(1100288K)
[6.353s][info][gc,metaspace   ] GC(116) Metaspace: 6302K(6528K)->6302K(6528K) NonClass: 5769K(5888K)->5769K(5888K) Class: 533K(640K)->533K(640K)
[6.353s][info][gc             ] GC(116) Pause Full (Ergonomics) 976M->975M(1116M) 311.547ms
[6.353s][info][gc,cpu         ] GC(116) User=2.22s Sys=0.02s Real=0.31s
[6.370s][info][gc,start       ] GC(117) Pause Young (Allocation Failure)
[6.419s][info][gc,heap        ] GC(117) PSYoungGen: 15352K(42496K)->14464K(82944K) Eden: 14336K(14336K)->0K(15872K) From: 1016K(28160K)->14464K(67072K)
[6.419s][info][gc,heap        ] GC(117) ParOldGen: 997563K(1100288K)->998635K(1100288K)
[6.419s][info][gc,metaspace   ] GC(117) Metaspace: 6302K(6528K)->6302K(6528K) NonClass: 5769K(5888K)->5769K(5888K) Class: 533K(640K)->533K(640K)
[6.419s][info][gc             ] GC(117) Pause Young (Allocation Failure) 989M->989M(1155M) 49.211ms
[6.419s][info][gc,cpu         ] GC(117) User=0.28s Sys=0.00s Real=0.05s
[6.437s][info][gc,start       ] GC(118) Pause Young (Allocation Failure)
[6.456s][info][gc,heap        ] GC(118) PSYoungGen: 30336K(82944K)->30336K(46592K) Eden: 15872K(15872K)->0K(15872K) From: 14464K(67072K)->30336K(30720K)
[6.457s][info][gc,heap        ] GC(118) ParOldGen: 998635K(1100288K)->998635K(1100288K)
[6.457s][info][gc,metaspace   ] GC(118) Metaspace: 6302K(6528K)->6302K(6528K) NonClass: 5769K(5888K)->5769K(5888K) Class: 533K(640K)->533K(640K)
[6.457s][info][gc             ] GC(118) Pause Young (Allocation Failure) 1004M->1004M(1120M) 19.624ms
[6.457s][info][gc,cpu         ] GC(118) User=0.05s Sys=0.00s Real=0.02s
[6.475s][info][gc,start       ] GC(119) Pause Young (Allocation Failure)
[6.500s][info][gc,heap        ] GC(119) PSYoungGen: 46208K(46592K)->31872K(78848K) Eden: 15872K(15872K)->0K(17920K) From: 30336K(30720K)->31872K(60928K)
[6.500s][info][gc,heap        ] GC(119) ParOldGen: 998635K(1100288K)->1013163K(1100288K)
[6.500s][info][gc,metaspace   ] GC(119) Metaspace: 6302K(6528K)->6302K(6528K) NonClass: 5769K(5888K)->5769K(5888K) Class: 533K(640K)->533K(640K)
[6.500s][info][gc             ] GC(119) Pause Young (Allocation Failure) 1020M->1020M(1151M) 25.125ms
[6.500s][info][gc,cpu         ] GC(119) User=0.12s Sys=0.00s Real=0.03s
[6.518s][info][gc,start       ] GC(120) Pause Young (Allocation Failure)
[6.545s][info][gc,heap        ] GC(120) PSYoungGen: 49792K(78848K)->33920K(81408K) Eden: 17920K(17920K)->0K(17920K) From: 31872K(60928K)->33920K(63488K)
[6.545s][info][gc,heap        ] GC(120) ParOldGen: 1013163K(1100288K)->1029243K(1100288K)
[6.545s][info][gc,metaspace   ] GC(120) Metaspace: 6302K(6528K)->6302K(6528K) NonClass: 5769K(5888K)->5769K(5888K) Class: 533K(640K)->533K(640K)
[6.545s][info][gc             ] GC(120) Pause Young (Allocation Failure) 1038M->1038M(1154M) 27.002ms
[6.545s][info][gc,cpu         ] GC(120) User=0.12s Sys=0.00s Real=0.03s
[6.565s][info][gc,start       ] GC(121) Pause Young (Allocation Failure)
[6.593s][info][gc,heap        ] GC(121) PSYoungGen: 51840K(81408K)->35968K(80896K) Eden: 17920K(17920K)->0K(19968K) From: 33920K(63488K)->35968K(60928K)
[6.593s][info][gc,heap        ] GC(121) ParOldGen: 1029243K(1100288K)->1045323K(1100288K)
[6.593s][info][gc,metaspace   ] GC(121) Metaspace: 6302K(6528K)->6302K(6528K) NonClass: 5769K(5888K)->5769K(5888K) Class: 533K(640K)->533K(640K)
[6.593s][info][gc             ] GC(121) Pause Young (Allocation Failure) 1055M->1055M(1153M) 28.181ms
[6.593s][info][gc,cpu         ] GC(121) User=0.09s Sys=0.03s Real=0.03s
[6.618s][info][gc,start       ] GC(122) Pause Young (Allocation Failure)
[6.648s][info][gc,heap        ] GC(122) PSYoungGen: 55936K(80896K)->38016K(81408K) Eden: 19968K(19968K)->0K(19968K) From: 35968K(60928K)->38016K(61440K)
[6.648s][info][gc,heap        ] GC(122) ParOldGen: 1045323K(1100288K)->1063475K(1100288K)
[6.648s][info][gc,metaspace   ] GC(122) Metaspace: 6302K(6528K)->6302K(6528K) NonClass: 5769K(5888K)->5769K(5888K) Class: 533K(640K)->533K(640K)
[6.648s][info][gc             ] GC(122) Pause Young (Allocation Failure) 1075M->1075M(1154M) 30.400ms
[6.648s][info][gc,cpu         ] GC(122) User=0.14s Sys=0.00s Real=0.03s
[6.672s][info][gc,start       ] GC(123) Pause Young (Allocation Failure)
[6.703s][info][gc,heap        ] GC(123) PSYoungGen: 57984K(81408K)->40096K(83456K) Eden: 19968K(19968K)->0K(22016K) From: 38016K(61440K)->40096K(61440K)
[6.703s][info][gc,heap        ] GC(123) ParOldGen: 1063475K(1100288K)->1081635K(1100288K)
[6.703s][info][gc,metaspace   ] GC(123) Metaspace: 6302K(6528K)->6302K(6528K) NonClass: 5769K(5888K)->5769K(5888K) Class: 533K(640K)->533K(640K)
[6.703s][info][gc             ] GC(123) Pause Young (Allocation Failure) 1095M->1095M(1156M) 31.149ms
[6.703s][info][gc,cpu         ] GC(123) User=0.25s Sys=0.00s Real=0.03s
[6.703s][info][gc,start       ] GC(124) Pause Full (Ergonomics)
[6.703s][info][gc,phases,start] GC(124) Marking Phase
[6.953s][info][gc,phases      ] GC(124) Marking Phase 249.770ms
[6.953s][info][gc,phases,start] GC(124) Summary Phase
[6.953s][info][gc,phases      ] GC(124) Summary Phase 0.024ms
[6.953s][info][gc,phases,start] GC(124) Adjust Roots
[6.953s][info][gc,phases      ] GC(124) Adjust Roots 0.151ms
[6.953s][info][gc,phases,start] GC(124) Compaction Phase
[7.045s][info][gc,phases      ] GC(124) Compaction Phase 91.992ms
[7.045s][info][gc,phases,start] GC(124) Post Compact
[7.047s][info][gc,phases      ] GC(124) Post Compact 1.992ms
[7.048s][info][gc,heap        ] GC(124) PSYoungGen: 40096K(83456K)->19941K(83456K) Eden: 0K(22016K)->0K(22016K) From: 40096K(61440K)->19941K(61440K)
[7.048s][info][gc,heap        ] GC(124) ParOldGen: 1081635K(1100288K)->1100271K(1210880K)
[7.048s][info][gc,metaspace   ] GC(124) Metaspace: 6302K(6528K)->6302K(6528K) NonClass: 5769K(5888K)->5769K(5888K) Class: 533K(640K)->533K(640K)
[7.048s][info][gc             ] GC(124) Pause Full (Ergonomics) 1095M->1093M(1264M) 344.846ms
[7.048s][info][gc,cpu         ] GC(124) User=2.69s Sys=0.02s Real=0.34s
[7.073s][info][gc,start       ] GC(125) Pause Young (Allocation Failure)
[7.140s][info][gc,heap        ] GC(125) PSYoungGen: 41957K(83456K)->32640K(83968K) Eden: 22016K(22016K)->0K(22016K) From: 19941K(61440K)->32640K(61952K)
[7.140s][info][gc,heap        ] GC(125) ParOldGen: 1100271K(1210880K)->1109895K(1210880K)
[7.140s][info][gc,metaspace   ] GC(125) Metaspace: 6302K(6528K)->6302K(6528K) NonClass: 5769K(5888K)->5769K(5888K) Class: 533K(640K)->533K(640K)
[7.140s][info][gc             ] GC(125) Pause Young (Allocation Failure) 1115M->1115M(1264M) 67.484ms
[7.140s][info][gc,cpu         ] GC(125) User=0.38s Sys=0.00s Real=0.07s
[7.167s][info][gc,start       ] GC(126) Pause Young (Allocation Failure)
[7.197s][info][gc,heap        ] GC(126) PSYoungGen: 54656K(83968K)->54688K(78336K) Eden: 22016K(22016K)->0K(18944K) From: 32640K(61952K)->54688K(59392K)
[7.197s][info][gc,heap        ] GC(126) ParOldGen: 1109895K(1210880K)->1109895K(1210880K)
[7.197s][info][gc,metaspace   ] GC(126) Metaspace: 6302K(6528K)->6302K(6528K) NonClass: 5769K(5888K)->5769K(5888K) Class: 533K(640K)->533K(640K)
[7.197s][info][gc             ] GC(126) Pause Young (Allocation Failure) 1137M->1137M(1259M) 29.700ms
[7.197s][info][gc,cpu         ] GC(126) User=0.14s Sys=0.00s Real=0.03s
[7.220s][info][gc,start       ] GC(127) Pause Young (Allocation Failure)
[7.257s][info][gc,heap        ] GC(127) PSYoungGen: 73632K(78336K)->63200K(83968K) Eden: 18944K(18944K)->0K(18944K) From: 54688K(59392K)->63200K(65024K)
[7.257s][info][gc,heap        ] GC(127) ParOldGen: 1109895K(1210880K)->1120495K(1210880K)
[7.257s][info][gc,metaspace   ] GC(127) Metaspace: 6302K(6528K)->6302K(6528K) NonClass: 5769K(5888K)->5769K(5888K) Class: 533K(640K)->533K(640K)
[7.257s][info][gc             ] GC(127) Pause Young (Allocation Failure) 1155M->1155M(1264M) 37.362ms
[7.257s][info][gc,cpu         ] GC(127) User=0.27s Sys=0.00s Real=0.04s
[7.280s][info][gc,start       ] GC(128) Pause Young (Allocation Failure)
[7.321s][info][gc,heap        ] GC(128) PSYoungGen: 82144K(83968K)->60032K(89088K) Eden: 18944K(18944K)->0K(16384K) From: 63200K(65024K)->60032K(72704K)
[7.321s][info][gc,heap        ] GC(128) ParOldGen: 1120495K(1210880K)->1142799K(1210880K)
[7.322s][info][gc,metaspace   ] GC(128) Metaspace: 6302K(6528K)->6302K(6528K) NonClass: 5769K(5888K)->5769K(5888K) Class: 533K(640K)->533K(640K)
[7.322s][info][gc             ] GC(128) Pause Young (Allocation Failure) 1174M->1174M(1269M) 41.792ms
[7.322s][info][gc,cpu         ] GC(128) User=0.27s Sys=0.00s Real=0.04s
[7.341s][info][gc,start       ] GC(129) Pause Young (Allocation Failure)
[7.380s][info][gc,heap        ] GC(129) PSYoungGen: 76416K(89088K)->54400K(94208K) Eden: 16384K(16384K)->0K(16384K) From: 60032K(72704K)->54400K(77824K)
[7.380s][info][gc,heap        ] GC(129) ParOldGen: 1142799K(1210880K)->1165135K(1210880K)
[7.380s][info][gc,metaspace   ] GC(129) Metaspace: 6302K(6528K)->6302K(6528K) NonClass: 5769K(5888K)->5769K(5888K) Class: 533K(640K)->533K(640K)
[7.380s][info][gc             ] GC(129) Pause Young (Allocation Failure) 1190M->1190M(1274M) 38.965ms
[7.380s][info][gc,cpu         ] GC(129) User=0.20s Sys=0.06s Real=0.04s
[7.400s][info][gc,start       ] GC(130) Pause Young (Allocation Failure)
[7.438s][info][gc,heap        ] GC(130) PSYoungGen: 70784K(94208K)->32928K(93696K) Eden: 16384K(16384K)->0K(18944K) From: 54400K(77824K)->32928K(74752K)
[7.438s][info][gc,heap        ] GC(130) ParOldGen: 1165135K(1210880K)->1203503K(1210880K)
[7.438s][info][gc,metaspace   ] GC(130) Metaspace: 6302K(6528K)->6302K(6528K) NonClass: 5769K(5888K)->5769K(5888K) Class: 533K(640K)->533K(640K)
[7.438s][info][gc             ] GC(130) Pause Young (Allocation Failure) 1206M->1207M(1274M) 37.682ms
[7.438s][info][gc,cpu         ] GC(130) User=0.17s Sys=0.08s Real=0.04s
[7.438s][info][gc,start       ] GC(131) Pause Full (Ergonomics)
[7.438s][info][gc,phases,start] GC(131) Marking Phase
[7.719s][info][gc,phases      ] GC(131) Marking Phase 280.936ms
[7.719s][info][gc,phases,start] GC(131) Summary Phase
[7.719s][info][gc,phases      ] GC(131) Summary Phase 0.034ms
[7.719s][info][gc,phases,start] GC(131) Adjust Roots
[7.719s][info][gc,phases      ] GC(131) Adjust Roots 0.151ms
[7.719s][info][gc,phases,start] GC(131) Compaction Phase
[7.829s][info][gc,phases      ] GC(131) Compaction Phase 109.563ms
[7.829s][info][gc,phases,start] GC(131) Post Compact
[7.831s][info][gc,phases      ] GC(131) Post Compact 2.154ms
[7.831s][info][gc,heap        ] GC(131) PSYoungGen: 32928K(93696K)->24016K(95744K) Eden: 0K(18944K)->0K(20992K) From: 32928K(74752K)->24016K(74752K)
[7.831s][info][gc,heap        ] GC(131) ParOldGen: 1203503K(1210880K)->1210691K(1337344K)
[7.831s][info][gc,metaspace   ] GC(131) Metaspace: 6302K(6528K)->6302K(6528K) NonClass: 5769K(5888K)->5769K(5888K) Class: 533K(640K)->533K(640K)
[7.831s][info][gc             ] GC(131) Pause Full (Ergonomics) 1207M->1205M(1399M) 393.601ms
[7.831s][info][gc,cpu         ] GC(131) User=2.69s Sys=0.06s Real=0.39s
[7.857s][info][gc,start       ] GC(132) Pause Young (Allocation Failure)
[7.929s][info][gc,heap        ] GC(132) PSYoungGen: 45008K(95744K)->21120K(97792K) Eden: 20992K(20992K)->0K(20992K) From: 24016K(74752K)->21120K(76800K)
[7.929s][info][gc,heap        ] GC(132) ParOldGen: 1210691K(1337344K)->1235075K(1337344K)
[7.929s][info][gc,metaspace   ] GC(132) Metaspace: 6302K(6528K)->6302K(6528K) NonClass: 5769K(5888K)->5769K(5888K) Class: 533K(640K)->533K(640K)
[7.929s][info][gc             ] GC(132) Pause Young (Allocation Failure) 1226M->1226M(1401M) 72.565ms
[7.929s][info][gc,cpu         ] GC(132) User=0.39s Sys=0.02s Real=0.07s
[7.954s][info][gc,start       ] GC(133) Pause Young (Allocation Failure)
[7.980s][info][gc,heap        ] GC(133) PSYoungGen: 42112K(97792K)->21120K(98816K) Eden: 20992K(20992K)->0K(23552K) From: 21120K(76800K)->21120K(75264K)
[7.980s][info][gc,heap        ] GC(133) ParOldGen: 1235075K(1337344K)->1256363K(1337344K)
[7.980s][info][gc,metaspace   ] GC(133) Metaspace: 6302K(6528K)->6302K(6528K) NonClass: 5769K(5888K)->5769K(5888K) Class: 533K(640K)->533K(640K)
[7.980s][info][gc             ] GC(133) Pause Young (Allocation Failure) 1247M->1247M(1402M) 26.142ms
[7.980s][info][gc,cpu         ] GC(133) User=0.12s Sys=0.00s Real=0.03s
[8.010s][info][gc,start       ] GC(134) Pause Young (Allocation Failure)
[8.037s][info][gc,heap        ] GC(134) PSYoungGen: 44672K(98816K)->23712K(99328K) Eden: 23552K(23552K)->0K(23552K) From: 21120K(75264K)->23712K(75776K)
[8.037s][info][gc,heap        ] GC(134) ParOldGen: 1256363K(1337344K)->1277651K(1337344K)
[8.037s][info][gc,metaspace   ] GC(134) Metaspace: 6302K(6528K)->6302K(6528K) NonClass: 5769K(5888K)->5769K(5888K) Class: 533K(640K)->533K(640K)
[8.037s][info][gc             ] GC(134) Pause Young (Allocation Failure) 1270M->1270M(1403M) 26.885ms
[8.037s][info][gc,cpu         ] GC(134) User=0.12s Sys=0.02s Real=0.03s
[8.056s][info][gc,start       ] GC(135) Pause Young (Allocation Failure)
[8.080s][info][gc,heap        ] GC(135) PSYoungGen: 47264K(99328K)->12864K(99840K) Eden: 23552K(23552K)->0K(26112K) From: 23712K(75776K)->12864K(73728K)
[8.080s][info][gc,heap        ] GC(135) ParOldGen: 1277651K(1337344K)->1301547K(1337344K)
[8.080s][info][gc,metaspace   ] GC(135) Metaspace: 6302K(6528K)->6302K(6528K) NonClass: 5769K(5888K)->5769K(5888K) Class: 533K(640K)->533K(640K)
[8.080s][info][gc             ] GC(135) Pause Young (Allocation Failure) 1293M->1283M(1403M) 23.559ms
[8.080s][info][gc,cpu         ] GC(135) User=0.12s Sys=0.02s Real=0.02s
[8.080s][info][gc,start       ] GC(136) Pause Full (Ergonomics)
[8.080s][info][gc,phases,start] GC(136) Marking Phase
[8.380s][info][gc,phases      ] GC(136) Marking Phase 300.484ms
[8.381s][info][gc,phases,start] GC(136) Summary Phase
[8.381s][info][gc,phases      ] GC(136) Summary Phase 0.052ms
[8.381s][info][gc,phases,start] GC(136) Adjust Roots
[8.381s][info][gc,phases      ] GC(136) Adjust Roots 0.161ms
[8.381s][info][gc,phases,start] GC(136) Compaction Phase
[8.478s][info][gc,phases      ] GC(136) Compaction Phase 96.890ms
[8.478s][info][gc,phases,start] GC(136) Post Compact
[8.480s][info][gc,phases      ] GC(136) Post Compact 1.959ms
[8.480s][info][gc,heap        ] GC(136) PSYoungGen: 12864K(99840K)->0K(99840K) Eden: 0K(26112K)->0K(26112K) From: 12864K(73728K)->0K(73728K)
[8.480s][info][gc,heap        ] GC(136) ParOldGen: 1301547K(1337344K)->1312829K(1449472K)
[8.480s][info][gc,metaspace   ] GC(136) Metaspace: 6302K(6528K)->6302K(6528K) NonClass: 5769K(5888K)->5769K(5888K) Class: 533K(640K)->533K(640K)
[8.480s][info][gc             ] GC(136) Pause Full (Ergonomics) 1283M->1282M(1513M) 400.443ms
[8.480s][info][gc,cpu         ] GC(136) User=2.88s Sys=0.00s Real=0.40s
[8.507s][info][gc,start       ] GC(137) Pause Young (Allocation Failure)
[8.523s][info][gc,heap        ] GC(137) PSYoungGen: 26112K(99840K)->18784K(98816K) Eden: 26112K(26112K)->0K(28672K) From: 0K(73728K)->18784K(70144K)
[8.523s][info][gc,heap        ] GC(137) ParOldGen: 1312829K(1449472K)->1312829K(1449472K)
[8.523s][info][gc,metaspace   ] GC(137) Metaspace: 6302K(6528K)->6302K(6528K) NonClass: 5769K(5888K)->5769K(5888K) Class: 533K(640K)->533K(640K)
[8.523s][info][gc             ] GC(137) Pause Young (Allocation Failure) 1307M->1300M(1512M) 16.422ms
[8.523s][info][gc,cpu         ] GC(137) User=0.03s Sys=0.00s Real=0.02s
[8.561s][info][gc,start       ] GC(138) Pause Young (Allocation Failure)
[8.588s][info][gc,heap        ] GC(138) PSYoungGen: 47456K(98816K)->47520K(100864K) Eden: 28672K(28672K)->0K(28672K) From: 18784K(70144K)->47520K(72192K)
[8.588s][info][gc,heap        ] GC(138) ParOldGen: 1312829K(1449472K)->1312829K(1449472K)
[8.588s][info][gc,metaspace   ] GC(138) Metaspace: 6302K(6528K)->6302K(6528K) NonClass: 5769K(5888K)->5769K(5888K) Class: 533K(640K)->533K(640K)
[8.588s][info][gc             ] GC(138) Pause Young (Allocation Failure) 1328M->1328M(1514M) 27.307ms
[8.588s][info][gc,cpu         ] GC(138) User=0.14s Sys=0.00s Real=0.03s
[8.624s][info][gc,start       ] GC(139) Pause Young (Allocation Failure)
[8.664s][info][gc,heap        ] GC(139) PSYoungGen: 76192K(100864K)->74240K(94208K) Eden: 28672K(28672K)->0K(19968K) From: 47520K(72192K)->74240K(74240K)
[8.664s][info][gc,heap        ] GC(139) ParOldGen: 1312829K(1449472K)->1314781K(1449472K)
[8.664s][info][gc,metaspace   ] GC(139) Metaspace: 6302K(6528K)->6302K(6528K) NonClass: 5769K(5888K)->5769K(5888K) Class: 533K(640K)->533K(640K)
[8.664s][info][gc             ] GC(139) Pause Young (Allocation Failure) 1356M->1356M(1507M) 39.970ms
[8.664s][info][gc,cpu         ] GC(139) User=0.23s Sys=0.11s Real=0.04s
[8.691s][info][gc,start       ] GC(140) Pause Young (Allocation Failure)
[8.742s][info][gc,heap        ] GC(140) PSYoungGen: 94208K(94208K)->48192K(105984K) Eden: 19968K(19968K)->0K(19968K) From: 74240K(74240K)->48192K(86016K)
[8.742s][info][gc,heap        ] GC(140) ParOldGen: 1314781K(1449472K)->1361429K(1449472K)
[8.742s][info][gc,metaspace   ] GC(140) Metaspace: 6302K(6528K)->6302K(6528K) NonClass: 5769K(5888K)->5769K(5888K) Class: 533K(640K)->533K(640K)
[8.742s][info][gc             ] GC(140) Pause Young (Allocation Failure) 1375M->1376M(1519M) 51.027ms
[8.742s][info][gc,cpu         ] GC(140) User=0.25s Sys=0.02s Real=0.05s
[8.994s][info][gc,start       ] GC(141) Pause Full (Ergonomics)
[8.994s][info][gc,phases,start] GC(141) Marking Phase
[9.323s][info][gc,phases      ] GC(141) Marking Phase 328.555ms
[9.323s][info][gc,phases,start] GC(141) Summary Phase
[9.323s][info][gc,phases      ] GC(141) Summary Phase 0.028ms
[9.323s][info][gc,phases,start] GC(141) Adjust Roots
[9.323s][info][gc,phases      ] GC(141) Adjust Roots 0.238ms
[9.323s][info][gc,phases,start] GC(141) Compaction Phase
[9.662s][info][gc,phases      ] GC(141) Compaction Phase 338.482ms
[9.662s][info][gc,phases,start] GC(141) Post Compact
[9.665s][info][gc,phases      ] GC(141) Post Compact 3.119ms
[9.666s][info][gc,heap        ] GC(141) PSYoungGen: 68160K(105984K)->12189K(105984K) Eden: 19968K(19968K)->0K(19968K) From: 48192K(86016K)->12189K(86016K)
[9.666s][info][gc,heap        ] GC(141) ParOldGen: 1426965K(1449472K)->1449180K(1603072K)
[9.666s][info][gc,metaspace   ] GC(141) Metaspace: 6302K(6528K)->6302K(6528K) NonClass: 5769K(5888K)->5769K(5888K) Class: 533K(640K)->533K(640K)
[9.666s][info][gc             ] GC(141) Pause Full (Ergonomics) 1460M->1427M(1669M) 671.438ms
[9.666s][info][gc,cpu         ] GC(141) User=4.80s Sys=0.00s Real=0.67s
[9.688s][info][gc,start       ] GC(142) Pause Young (Allocation Failure)
[9.764s][info][gc,heap        ] GC(142) PSYoungGen: 32157K(105984K)->32352K(99840K) Eden: 19968K(19968K)->0K(22016K) From: 12189K(86016K)->32352K(77824K)
[9.764s][info][gc,heap        ] GC(142) ParOldGen: 1449180K(1603072K)->1449180K(1603072K)
[9.764s][info][gc,metaspace   ] GC(142) Metaspace: 6302K(6528K)->6302K(6528K) NonClass: 5769K(5888K)->5769K(5888K) Class: 533K(640K)->533K(640K)
[9.764s][info][gc             ] GC(142) Pause Young (Allocation Failure) 1446M->1446M(1663M) 76.312ms
[9.764s][info][gc,cpu         ] GC(142) User=0.55s Sys=0.00s Real=0.08s
[9.784s][info][gc,start       ] GC(143) Pause Young (Allocation Failure)
[9.815s][info][gc,heap        ] GC(143) PSYoungGen: 54368K(99840K)->54400K(103424K) Eden: 22016K(22016K)->0K(22016K) From: 32352K(77824K)->54400K(81408K)
[9.815s][info][gc,heap        ] GC(143) ParOldGen: 1449180K(1603072K)->1449180K(1603072K)
[9.815s][info][gc,metaspace   ] GC(143) Metaspace: 6302K(6528K)->6302K(6528K) NonClass: 5769K(5888K)->5769K(5888K) Class: 533K(640K)->533K(640K)
[9.815s][info][gc             ] GC(143) Pause Young (Allocation Failure) 1468M->1468M(1666M) 31.116ms
[9.815s][info][gc,cpu         ] GC(143) User=0.12s Sys=0.00s Real=0.03s
[9.836s][info][gc,start       ] GC(144) Pause Young (Allocation Failure)
[9.874s][info][gc,heap        ] GC(144) PSYoungGen: 76416K(103424K)->76416K(98304K) Eden: 22016K(22016K)->0K(14848K) From: 54400K(81408K)->76416K(83456K)
[9.874s][info][gc,heap        ] GC(144) ParOldGen: 1449180K(1603072K)->1449180K(1603072K)
[9.874s][info][gc,metaspace   ] GC(144) Metaspace: 6302K(6528K)->6302K(6528K) NonClass: 5769K(5888K)->5769K(5888K) Class: 533K(640K)->533K(640K)
[9.874s][info][gc             ] GC(144) Pause Young (Allocation Failure) 1489M->1489M(1661M) 37.607ms
[9.874s][info][gc,cpu         ] GC(144) User=0.16s Sys=0.00s Real=0.04s
[9.888s][info][gc,start       ] GC(145) Pause Young (Allocation Failure)
[9.930s][info][gc,heap        ] GC(145) PSYoungGen: 91264K(98304K)->91264K(107520K) Eden: 14848K(14848K)->0K(14848K) From: 76416K(83456K)->91264K(92672K)
[9.930s][info][gc,heap        ] GC(145) ParOldGen: 1449180K(1603072K)->1449180K(1603072K)
[9.930s][info][gc,metaspace   ] GC(145) Metaspace: 6302K(6528K)->6302K(6528K) NonClass: 5769K(5888K)->5769K(5888K) Class: 533K(640K)->533K(640K)
[9.930s][info][gc             ] GC(145) Pause Young (Allocation Failure) 1504M->1504M(1670M) 41.891ms
[9.930s][info][gc,cpu         ] GC(145) User=0.27s Sys=0.00s Real=0.04s
[9.945s][info][gc,start       ] GC(146) Pause Young (Allocation Failure)
[9.995s][info][gc,heap        ] GC(146) PSYoungGen: 106112K(107520K)->98048K(109568K) Eden: 14848K(14848K)->0K(4096K) From: 91264K(92672K)->98048K(105472K)
[9.995s][info][gc,heap        ] GC(146) ParOldGen: 1449180K(1603072K)->1457356K(1603072K)
[9.995s][info][gc,metaspace   ] GC(146) Metaspace: 6302K(6528K)->6302K(6528K) NonClass: 5769K(5888K)->5769K(5888K) Class: 533K(640K)->533K(640K)
[9.995s][info][gc             ] GC(146) Pause Young (Allocation Failure) 1518M->1518M(1672M) 50.332ms
[9.995s][info][gc,cpu         ] GC(146) User=0.38s Sys=0.00s Real=0.05s
[10.000s][info][gc,start       ] GC(147) Pause Young (Allocation Failure)
[10.051s][info][gc,heap        ] GC(147) PSYoungGen: 102144K(109568K)->77984K(122368K) Eden: 4096K(4096K)->0K(4096K) From: 98048K(105472K)->77984K(118272K)
[10.051s][info][gc,heap        ] GC(147) ParOldGen: 1457356K(1603072K)->1481796K(1603072K)
[10.051s][info][gc,metaspace   ] GC(147) Metaspace: 6302K(6528K)->6302K(6528K) NonClass: 5769K(5888K)->5769K(5888K) Class: 533K(640K)->533K(640K)
[10.051s][info][gc             ] GC(147) Pause Young (Allocation Failure) 1522M->1523M(1685M) 51.326ms
[10.051s][info][gc,cpu         ] GC(147) User=0.47s Sys=0.03s Real=0.05s
[10.055s][info][gc,start       ] GC(148) Pause Young (Allocation Failure)
[10.107s][info][gc,heap        ] GC(148) PSYoungGen: 82080K(122368K)->37952K(118784K) Eden: 4096K(4096K)->0K(5120K) From: 77984K(118272K)->37952K(113664K)
[10.107s][info][gc,heap        ] GC(148) ParOldGen: 1481796K(1603072K)->1526404K(1603072K)
[10.107s][info][gc,metaspace   ] GC(148) Metaspace: 6302K(6528K)->6302K(6528K) NonClass: 5769K(5888K)->5769K(5888K) Class: 533K(640K)->533K(640K)
[10.108s][info][gc             ] GC(148) Pause Young (Allocation Failure) 1527M->1527M(1681M) 52.274ms
[10.108s][info][gc,cpu         ] GC(148) User=0.11s Sys=0.23s Real=0.05s
[10.113s][info][gc,start       ] GC(149) Pause Young (Allocation Failure)
[10.146s][info][gc,heap        ] GC(149) PSYoungGen: 43072K(118784K)->13344K(122368K) Eden: 5120K(5120K)->0K(5120K) From: 37952K(113664K)->13344K(117248K)
[10.146s][info][gc,heap        ] GC(149) ParOldGen: 1526404K(1603072K)->1556492K(1603072K)
[10.146s][info][gc,metaspace   ] GC(149) Metaspace: 6302K(6528K)->6302K(6528K) NonClass: 5769K(5888K)->5769K(5888K) Class: 533K(640K)->533K(640K)
[10.146s][info][gc             ] GC(149) Pause Young (Allocation Failure) 1532M->1533M(1685M) 32.835ms
[10.146s][info][gc,cpu         ] GC(149) User=0.11s Sys=0.06s Real=0.03s
[10.146s][info][gc,start       ] GC(150) Pause Full (Ergonomics)
[10.146s][info][gc,phases,start] GC(150) Marking Phase
[10.495s][info][gc,phases      ] GC(150) Marking Phase 349.456ms
[10.495s][info][gc,phases,start] GC(150) Summary Phase
[10.495s][info][gc,phases      ] GC(150) Summary Phase 0.036ms
[10.495s][info][gc,phases,start] GC(150) Adjust Roots
[10.496s][info][gc,phases      ] GC(150) Adjust Roots 0.189ms
[10.496s][info][gc,phases,start] GC(150) Compaction Phase
[10.646s][info][gc,phases      ] GC(150) Compaction Phase 150.629ms
[10.646s][info][gc,phases,start] GC(150) Post Compact
[10.649s][info][gc,phases      ] GC(150) Post Compact 2.790ms
[10.651s][info][gc,heap        ] GC(150) PSYoungGen: 13344K(122368K)->0K(123904K) Eden: 0K(5120K)->0K(6144K) From: 13344K(117248K)->0K(117760K)
[10.651s][info][gc,heap        ] GC(150) ParOldGen: 1556492K(1603072K)->1568141K(1739776K)
[10.651s][info][gc,metaspace   ] GC(150) Metaspace: 6302K(6528K)->6302K(6528K) NonClass: 5769K(5888K)->5769K(5888K) Class: 533K(640K)->533K(640K)
[10.651s][info][gc             ] GC(150) Pause Full (Ergonomics) 1533M->1531M(1820M) 504.706ms
[10.651s][info][gc,cpu         ] GC(150) User=3.36s Sys=0.02s Real=0.51s
[10.658s][info][gc,start       ] GC(151) Pause Young (Allocation Failure)
[10.677s][info][gc,heap        ] GC(151) PSYoungGen: 6144K(123904K)->6272K(123904K) Eden: 6144K(6144K)->0K(6144K) From: 0K(117760K)->6272K(117760K)
[10.678s][info][gc,heap        ] GC(151) ParOldGen: 1568141K(1739776K)->1568141K(1739776K)
[10.678s][info][gc,metaspace   ] GC(151) Metaspace: 6302K(6528K)->6302K(6528K) NonClass: 5769K(5888K)->5769K(5888K) Class: 533K(640K)->533K(640K)
[10.678s][info][gc             ] GC(151) Pause Young (Allocation Failure) 1537M->1537M(1820M) 19.234ms
[10.678s][info][gc,cpu         ] GC(151) User=0.02s Sys=0.00s Real=0.02s
[10.684s][info][gc,start       ] GC(152) Pause Young (Allocation Failure)
[10.702s][info][gc,heap        ] GC(152) PSYoungGen: 12416K(123904K)->12352K(121856K) Eden: 6144K(6144K)->0K(7168K) From: 6272K(117760K)->12352K(114688K)
[10.702s][info][gc,heap        ] GC(152) ParOldGen: 1568141K(1739776K)->1568141K(1739776K)
[10.702s][info][gc,metaspace   ] GC(152) Metaspace: 6302K(6528K)->6302K(6528K) NonClass: 5769K(5888K)->5769K(5888K) Class: 533K(640K)->533K(640K)
[10.702s][info][gc             ] GC(152) Pause Young (Allocation Failure) 1543M->1543M(1818M) 18.329ms
[10.702s][info][gc,cpu         ] GC(152) User=0.03s Sys=0.00s Real=0.02s
[10.710s][info][gc,start       ] GC(153) Pause Young (Allocation Failure)
[10.732s][info][gc,heap        ] GC(153) PSYoungGen: 19520K(121856K)->7264K(14848K) Eden: 7168K(7168K)->0K(7168K) From: 12352K(114688K)->7264K(7680K)
[10.732s][info][gc,heap        ] GC(153) ParOldGen: 1568141K(1739776K)->1580605K(1739776K)
[10.732s][info][gc,metaspace   ] GC(153) Metaspace: 6302K(6528K)->6302K(6528K) NonClass: 5769K(5888K)->5769K(5888K) Class: 533K(640K)->533K(640K)
[10.732s][info][gc             ] GC(153) Pause Young (Allocation Failure) 1550M->1550M(1713M) 22.290ms
[10.732s][info][gc,cpu         ] GC(153) User=0.02s Sys=0.00s Real=0.02s
[10.739s][info][gc,start       ] GC(154) Pause Young (Allocation Failure)
[10.760s][info][gc,heap        ] GC(154) PSYoungGen: 14432K(14848K)->7296K(120320K) Eden: 7168K(7168K)->0K(8704K) From: 7264K(7680K)->7296K(111616K)
[10.760s][info][gc,heap        ] GC(154) ParOldGen: 1580605K(1739776K)->1587901K(1739776K)
[10.760s][info][gc,metaspace   ] GC(154) Metaspace: 6302K(6528K)->6302K(6528K) NonClass: 5769K(5888K)->5769K(5888K) Class: 533K(640K)->533K(640K)
[10.760s][info][gc             ] GC(154) Pause Young (Allocation Failure) 1557M->1557M(1816M) 21.233ms
[10.761s][info][gc,cpu         ] GC(154) User=0.02s Sys=0.00s Real=0.02s
[10.769s][info][gc,start       ] GC(155) Pause Young (Allocation Failure)
[10.790s][info][gc,heap        ] GC(155) PSYoungGen: 16000K(120320K)->8800K(17920K) Eden: 8704K(8704K)->0K(8704K) From: 7296K(111616K)->8800K(9216K)
[10.790s][info][gc,heap        ] GC(155) ParOldGen: 1587901K(1739776K)->1595181K(1739776K)
[10.790s][info][gc,metaspace   ] GC(155) Metaspace: 6302K(6528K)->6302K(6528K) NonClass: 5769K(5888K)->5769K(5888K) Class: 533K(640K)->533K(640K)
[10.790s][info][gc             ] GC(155) Pause Young (Allocation Failure) 1566M->1566M(1716M) 20.259ms
[10.790s][info][gc,cpu         ] GC(155) User=0.03s Sys=0.00s Real=0.02s
[10.798s][info][gc,start       ] GC(156) Pause Young (Allocation Failure)
[10.820s][info][gc,heap        ] GC(156) PSYoungGen: 17504K(17920K)->8800K(112640K) Eden: 8704K(8704K)->0K(10240K) From: 8800K(9216K)->8800K(102400K)
[10.820s][info][gc,heap        ] GC(156) ParOldGen: 1595181K(1739776K)->1604021K(1739776K)
[10.820s][info][gc,metaspace   ] GC(156) Metaspace: 6302K(6528K)->6302K(6528K) NonClass: 5769K(5888K)->5769K(5888K) Class: 533K(640K)->533K(640K)
[10.820s][info][gc             ] GC(156) Pause Young (Allocation Failure) 1574M->1575M(1809M) 22.053ms
[10.820s][info][gc,cpu         ] GC(156) User=0.03s Sys=0.00s Real=0.02s
[10.829s][info][gc,start       ] GC(157) Pause Young (Allocation Failure)
[10.857s][info][gc,heap        ] GC(157) PSYoungGen: 19040K(112640K)->10336K(20992K) Eden: 10240K(10240K)->0K(10240K) From: 8800K(102400K)->10336K(10752K)
[10.857s][info][gc,heap        ] GC(157) ParOldGen: 1604021K(1739776K)->1612861K(1739776K)
[10.857s][info][gc,metaspace   ] GC(157) Metaspace: 6302K(6528K)->6302K(6528K) NonClass: 5769K(5888K)->5769K(5888K) Class: 533K(640K)->533K(640K)
[10.857s][info][gc             ] GC(157) Pause Young (Allocation Failure) 1585M->1585M(1719M) 27.995ms
[10.857s][info][gc,cpu         ] GC(157) User=0.02s Sys=0.00s Real=0.03s
[10.868s][info][gc,start       ] GC(158) Pause Young (Allocation Failure)
[10.889s][info][gc,heap        ] GC(158) PSYoungGen: 20576K(20992K)->10336K(105472K) Eden: 10240K(10240K)->0K(11776K) From: 10336K(10752K)->10336K(93696K)
[10.889s][info][gc,heap        ] GC(158) ParOldGen: 1612861K(1739776K)->1623253K(1739776K)
[10.889s][info][gc,metaspace   ] GC(158) Metaspace: 6302K(6528K)->6302K(6528K) NonClass: 5769K(5888K)->5769K(5888K) Class: 533K(640K)->533K(640K)
[10.889s][info][gc             ] GC(158) Pause Young (Allocation Failure) 1595M->1595M(1802M) 21.380ms
[10.889s][info][gc,cpu         ] GC(158) User=0.03s Sys=0.00s Real=0.02s
[10.900s][info][gc,start       ] GC(159) Pause Young (Allocation Failure)
[10.924s][info][gc,heap        ] GC(159) PSYoungGen: 22112K(105472K)->11872K(24064K) Eden: 11776K(11776K)->0K(11776K) From: 10336K(93696K)->11872K(12288K)
[10.924s][info][gc,heap        ] GC(159) ParOldGen: 1623253K(1739776K)->1633645K(1739776K)
[10.924s][info][gc,metaspace   ] GC(159) Metaspace: 6302K(6528K)->6302K(6528K) NonClass: 5769K(5888K)->5769K(5888K) Class: 533K(640K)->533K(640K)
[10.924s][info][gc             ] GC(159) Pause Young (Allocation Failure) 1606M->1606M(1722M) 23.950ms
[10.924s][info][gc,cpu         ] GC(159) User=0.03s Sys=0.00s Real=0.02s
[10.937s][info][gc,start       ] GC(160) Pause Young (Allocation Failure)
[10.959s][info][gc,heap        ] GC(160) PSYoungGen: 23648K(24064K)->11872K(97792K) Eden: 11776K(11776K)->0K(13824K) From: 11872K(12288K)->11872K(83968K)
[10.959s][info][gc,heap        ] GC(160) ParOldGen: 1633645K(1739776K)->1645605K(1739776K)
[10.959s][info][gc,metaspace   ] GC(160) Metaspace: 6302K(6528K)->6302K(6528K) NonClass: 5769K(5888K)->5769K(5888K) Class: 533K(640K)->533K(640K)
[10.959s][info][gc             ] GC(160) Pause Young (Allocation Failure) 1618M->1618M(1794M) 22.183ms
[10.959s][info][gc,cpu         ] GC(160) User=0.03s Sys=0.00s Real=0.02s
[10.972s][info][gc,start       ] GC(161) Pause Young (Allocation Failure)
[10.995s][info][gc,heap        ] GC(161) PSYoungGen: 25696K(97792K)->13952K(28160K) Eden: 13824K(13824K)->0K(13824K) From: 11872K(83968K)->13952K(14336K)
[10.995s][info][gc,heap        ] GC(161) ParOldGen: 1645605K(1739776K)->1657573K(1739776K)
[10.995s][info][gc,metaspace   ] GC(161) Metaspace: 6302K(6528K)->6302K(6528K) NonClass: 5769K(5888K)->5769K(5888K) Class: 533K(640K)->533K(640K)
[10.995s][info][gc             ] GC(161) Pause Young (Allocation Failure) 1632M->1632M(1726M) 22.872ms
[10.995s][info][gc,cpu         ] GC(161) User=0.02s Sys=0.00s Real=0.02s
[11.009s][info][gc,start       ] GC(162) Pause Young (Allocation Failure)
[11.034s][info][gc,heap        ] GC(162) PSYoungGen: 27776K(28160K)->13952K(90624K) Eden: 13824K(13824K)->0K(15872K) From: 13952K(14336K)->13952K(74752K)
[11.034s][info][gc,heap        ] GC(162) ParOldGen: 1657573K(1739776K)->1671613K(1739776K)
[11.034s][info][gc,metaspace   ] GC(162) Metaspace: 6302K(6528K)->6302K(6528K) NonClass: 5769K(5888K)->5769K(5888K) Class: 533K(640K)->533K(640K)
[11.034s][info][gc             ] GC(162) Pause Young (Allocation Failure) 1645M->1646M(1787M) 25.540ms
[11.034s][info][gc,cpu         ] GC(162) User=0.02s Sys=0.02s Real=0.03s
[11.051s][info][gc,start       ] GC(163) Pause Young (Allocation Failure)
[11.076s][info][gc,heap        ] GC(163) PSYoungGen: 29824K(90624K)->16032K(32256K) Eden: 15872K(15872K)->0K(15872K) From: 13952K(74752K)->16032K(16384K)
[11.076s][info][gc,heap        ] GC(163) ParOldGen: 1671613K(1739776K)->1685637K(1739776K)
[11.076s][info][gc,metaspace   ] GC(163) Metaspace: 6302K(6528K)->6302K(6528K) NonClass: 5769K(5888K)->5769K(5888K) Class: 533K(640K)->533K(640K)
[11.076s][info][gc             ] GC(163) Pause Young (Allocation Failure) 1661M->1661M(1730M) 25.195ms
[11.076s][info][gc,cpu         ] GC(163) User=0.02s Sys=0.00s Real=0.03s
[11.091s][info][gc,start       ] GC(164) Pause Young (Allocation Failure)
[11.118s][info][gc,heap        ] GC(164) PSYoungGen: 31904K(32256K)->16032K(83968K) Eden: 15872K(15872K)->0K(18432K) From: 16032K(16384K)->16032K(65536K)
[11.118s][info][gc,heap        ] GC(164) ParOldGen: 1685637K(1739776K)->1701757K(1739776K)
[11.118s][info][gc,metaspace   ] GC(164) Metaspace: 6302K(6528K)->6302K(6528K) NonClass: 5769K(5888K)->5769K(5888K) Class: 533K(640K)->533K(640K)
[11.118s][info][gc             ] GC(164) Pause Young (Allocation Failure) 1677M->1677M(1781M) 27.231ms
[11.118s][info][gc,cpu         ] GC(164) User=0.05s Sys=0.00s Real=0.03s
[11.137s][info][gc,start       ] GC(165) Pause Young (Allocation Failure)
[11.164s][info][gc,heap        ] GC(165) PSYoungGen: 34464K(83968K)->18560K(37376K) Eden: 18432K(18432K)->0K(18432K) From: 16032K(65536K)->18560K(18944K)
[11.164s][info][gc,heap        ] GC(165) ParOldGen: 1701757K(1739776K)->1717877K(1739776K)
[11.164s][info][gc,metaspace   ] GC(165) Metaspace: 6302K(6528K)->6302K(6528K) NonClass: 5769K(5888K)->5769K(5888K) Class: 533K(640K)->533K(640K)
[11.164s][info][gc             ] GC(165) Pause Young (Allocation Failure) 1695M->1695M(1735M) 26.890ms
[11.164s][info][gc,cpu         ] GC(165) User=0.05s Sys=0.00s Real=0.03s
[11.164s][info][gc,start       ] GC(166) Pause Full (Ergonomics)
[11.164s][info][gc,phases,start] GC(166) Marking Phase
[11.535s][info][gc,phases      ] GC(166) Marking Phase 370.915ms
[11.535s][info][gc,phases,start] GC(166) Summary Phase
[11.535s][info][gc,phases      ] GC(166) Summary Phase 0.048ms
[11.535s][info][gc,phases,start] GC(166) Adjust Roots
[11.535s][info][gc,phases      ] GC(166) Adjust Roots 0.161ms
[11.535s][info][gc,phases,start] GC(166) Compaction Phase
[11.714s][info][gc,phases      ] GC(166) Compaction Phase 178.876ms
[11.714s][info][gc,phases,start] GC(166) Post Compact
[11.718s][info][gc,phases      ] GC(166) Post Compact 3.152ms
[11.719s][info][gc,heap        ] GC(166) PSYoungGen: 18560K(37376K)->0K(86528K) Eden: 0K(18432K)->0K(20992K) From: 18560K(18944K)->0K(65536K)
[11.719s][info][gc,heap        ] GC(166) ParOldGen: 1717877K(1739776K)->1733551K(1893888K)
[11.719s][info][gc,metaspace   ] GC(166) Metaspace: 6302K(6528K)->6302K(6528K) NonClass: 5769K(5888K)->5769K(5888K) Class: 533K(640K)->533K(640K)
[11.719s][info][gc             ] GC(166) Pause Full (Ergonomics) 1695M->1692M(1934M) 554.770ms
[11.719s][info][gc,cpu         ] GC(166) User=3.92s Sys=0.05s Real=0.55s
[11.743s][info][gc,start       ] GC(167) Pause Young (Allocation Failure)
[11.767s][info][gc,heap        ] GC(167) PSYoungGen: 20992K(86528K)->21120K(42496K) Eden: 20992K(20992K)->0K(20992K) From: 0K(65536K)->21120K(21504K)
[11.767s][info][gc,heap        ] GC(167) ParOldGen: 1733551K(1893888K)->1733551K(1893888K)
[11.767s][info][gc,metaspace   ] GC(167) Metaspace: 6302K(6528K)->6302K(6528K) NonClass: 5769K(5888K)->5769K(5888K) Class: 533K(640K)->533K(640K)
[11.767s][info][gc             ] GC(167) Pause Young (Allocation Failure) 1713M->1713M(1891M) 23.165ms
[11.767s][info][gc,cpu         ] GC(167) User=0.02s Sys=0.00s Real=0.02s
[11.789s][info][gc,start       ] GC(168) Pause Young (Allocation Failure)
[11.818s][info][gc,heap        ] GC(168) PSYoungGen: 42112K(42496K)->42080K(81408K) Eden: 20992K(20992K)->0K(19968K) From: 21120K(21504K)->42080K(61440K)
[11.818s][info][gc,heap        ] GC(168) ParOldGen: 1733551K(1893888K)->1733551K(1893888K)
[11.818s][info][gc,metaspace   ] GC(168) Metaspace: 6302K(6528K)->6302K(6528K) NonClass: 5769K(5888K)->5769K(5888K) Class: 533K(640K)->533K(640K)
[11.818s][info][gc             ] GC(168) Pause Young (Allocation Failure) 1734M->1734M(1929M) 28.671ms
[11.818s][info][gc,cpu         ] GC(168) User=0.06s Sys=0.00s Real=0.03s
[11.841s][info][gc,start       ] GC(169) Pause Young (Allocation Failure)
[11.879s][info][gc,heap        ] GC(169) PSYoungGen: 62048K(81408K)->41120K(84992K) Eden: 19968K(19968K)->0K(19968K) From: 42080K(61440K)->41120K(65024K)
[11.879s][info][gc,heap        ] GC(169) ParOldGen: 1733551K(1893888K)->1754871K(1893888K)
[11.879s][info][gc,metaspace   ] GC(169) Metaspace: 6302K(6528K)->6302K(6528K) NonClass: 5769K(5888K)->5769K(5888K) Class: 533K(640K)->533K(640K)
[11.879s][info][gc             ] GC(169) Pause Young (Allocation Failure) 1753M->1753M(1932M) 38.089ms
[11.879s][info][gc,cpu         ] GC(169) User=0.14s Sys=0.03s Real=0.04s
[11.900s][info][gc,start       ] GC(170) Pause Young (Allocation Failure)
[11.938s][info][gc,heap        ] GC(170) PSYoungGen: 61088K(84992K)->40128K(88576K) Eden: 19968K(19968K)->0K(20992K) From: 41120K(65024K)->40128K(67584K)
[11.938s][info][gc,heap        ] GC(170) ParOldGen: 1754871K(1893888K)->1776191K(1893888K)
[11.938s][info][gc,metaspace   ] GC(170) Metaspace: 6302K(6528K)->6302K(6528K) NonClass: 5769K(5888K)->5769K(5888K) Class: 533K(640K)->533K(640K)
[11.938s][info][gc             ] GC(170) Pause Young (Allocation Failure) 1773M->1773M(1936M) 37.937ms
[11.938s][info][gc,cpu         ] GC(170) User=0.25s Sys=0.00s Real=0.04s
[11.959s][info][gc,start       ] GC(171) Pause Young (Allocation Failure)
[11.996s][info][gc,heap        ] GC(171) PSYoungGen: 61120K(88576K)->41152K(90112K) Eden: 20992K(20992K)->0K(20992K) From: 40128K(67584K)->41152K(69120K)
[11.997s][info][gc,heap        ] GC(171) ParOldGen: 1776191K(1893888K)->1796463K(1893888K)
[11.997s][info][gc,metaspace   ] GC(171) Metaspace: 6302K(6528K)->6302K(6528K) NonClass: 5769K(5888K)->5769K(5888K) Class: 533K(640K)->533K(640K)
[11.997s][info][gc             ] GC(171) Pause Young (Allocation Failure) 1794M->1794M(1937M) 37.320ms
[11.997s][info][gc,cpu         ] GC(171) User=0.25s Sys=0.00s Real=0.04s
[12.019s][info][gc,start       ] GC(172) Pause Young (Allocation Failure)
[12.058s][info][gc,heap        ] GC(172) PSYoungGen: 62144K(90112K)->42144K(93696K) Eden: 20992K(20992K)->0K(23040K) From: 41152K(69120K)->42144K(70656K)
[12.058s][info][gc,heap        ] GC(172) ParOldGen: 1796463K(1893888K)->1816743K(1893888K)
[12.058s][info][gc,metaspace   ] GC(172) Metaspace: 6302K(6528K)->6302K(6528K) NonClass: 5769K(5888K)->5769K(5888K) Class: 533K(640K)->533K(640K)
[12.058s][info][gc             ] GC(172) Pause Young (Allocation Failure) 1815M->1815M(1941M) 39.260ms
[12.058s][info][gc,cpu         ] GC(172) User=0.06s Sys=0.06s Real=0.04s
[12.084s][info][gc,start       ] GC(173) Pause Young (Allocation Failure)
[12.130s][info][gc,heap        ] GC(173) PSYoungGen: 65184K(93696K)->23232K(94720K) Eden: 23040K(23040K)->0K(23040K) From: 42144K(70656K)->23232K(71680K)
[12.130s][info][gc,heap        ] GC(173) ParOldGen: 1816743K(1893888K)->1859335K(1893888K)
[12.130s][info][gc,metaspace   ] GC(173) Metaspace: 6302K(6528K)->6302K(6528K) NonClass: 5769K(5888K)->5769K(5888K) Class: 533K(640K)->533K(640K)
[12.130s][info][gc             ] GC(173) Pause Young (Allocation Failure) 1837M->1838M(1942M) 46.638ms
[12.130s][info][gc,cpu         ] GC(173) User=0.12s Sys=0.14s Real=0.05s
[12.130s][info][gc,start       ] GC(174) Pause Full (Ergonomics)
[12.130s][info][gc,phases,start] GC(174) Marking Phase
[12.546s][info][gc,phases      ] GC(174) Marking Phase 415.973ms
[12.546s][info][gc,phases,start] GC(174) Summary Phase
[12.546s][info][gc,phases      ] GC(174) Summary Phase 0.041ms
[12.546s][info][gc,phases,start] GC(174) Adjust Roots
[12.547s][info][gc,phases      ] GC(174) Adjust Roots 0.159ms
[12.547s][info][gc,phases,start] GC(174) Compaction Phase
[12.725s][info][gc,phases      ] GC(174) Compaction Phase 178.030ms
[12.725s][info][gc,phases,start] GC(174) Post Compact
[12.728s][info][gc,phases      ] GC(174) Post Compact 3.442ms
[12.729s][info][gc,heap        ] GC(174) PSYoungGen: 23232K(94720K)->0K(94720K) Eden: 0K(23040K)->0K(26112K) From: 23232K(71680K)->0K(68608K)
[12.729s][info][gc,heap        ] GC(174) ParOldGen: 1859335K(1893888K)->1880269K(2068480K)
[12.729s][info][gc,metaspace   ] GC(174) Metaspace: 6302K(6528K)->6302K(6528K) NonClass: 5769K(5888K)->5769K(5888K) Class: 533K(640K)->533K(640K)
[12.730s][info][gc             ] GC(174) Pause Full (Ergonomics) 1838M->1836M(2112M) 599.268ms
[12.730s][info][gc,cpu         ] GC(174) User=4.27s Sys=0.02s Real=0.60s
[12.763s][info][gc,start       ] GC(175) Pause Young (Allocation Failure)
[12.789s][info][gc,heap        ] GC(175) PSYoungGen: 26112K(94720K)->26272K(52736K) Eden: 26112K(26112K)->0K(26112K) From: 0K(68608K)->26272K(26624K)
[12.789s][info][gc,heap        ] GC(175) ParOldGen: 1880269K(2068480K)->1880269K(2068480K)
[12.789s][info][gc,metaspace   ] GC(175) Metaspace: 6302K(6528K)->6302K(6528K) NonClass: 5769K(5888K)->5769K(5888K) Class: 533K(640K)->533K(640K)
[12.789s][info][gc             ] GC(175) Pause Young (Allocation Failure) 1861M->1861M(2071M) 26.116ms
[12.789s][info][gc,cpu         ] GC(175) User=0.03s Sys=0.00s Real=0.03s
[12.815s][info][gc,start       ] GC(176) Pause Young (Allocation Failure)
[12.847s][info][gc,heap        ] GC(176) PSYoungGen: 52384K(52736K)->52416K(89088K) Eden: 26112K(26112K)->0K(24064K) From: 26272K(26624K)->52416K(65024K)
[12.847s][info][gc,heap        ] GC(176) ParOldGen: 1880269K(2068480K)->1880269K(2068480K)
[12.847s][info][gc,metaspace   ] GC(176) Metaspace: 6302K(6528K)->6302K(6528K) NonClass: 5769K(5888K)->5769K(5888K) Class: 533K(640K)->533K(640K)
[12.848s][info][gc             ] GC(176) Pause Young (Allocation Failure) 1887M->1887M(2107M) 32.057ms
[12.848s][info][gc,cpu         ] GC(176) User=0.05s Sys=0.00s Real=0.03s
[12.875s][info][gc,start       ] GC(177) Pause Young (Allocation Failure)
[12.916s][info][gc,heap        ] GC(177) PSYoungGen: 76480K(89088K)->70144K(94208K) Eden: 24064K(24064K)->0K(24064K) From: 52416K(65024K)->70144K(70144K)
[12.916s][info][gc,heap        ] GC(177) ParOldGen: 1880269K(2068480K)->1886597K(2068480K)
[12.916s][info][gc,metaspace   ] GC(177) Metaspace: 6302K(6528K)->6302K(6528K) NonClass: 5769K(5888K)->5769K(5888K) Class: 533K(640K)->533K(640K)
[12.916s][info][gc             ] GC(177) Pause Young (Allocation Failure) 1910M->1910M(2112M) 40.849ms
[12.916s][info][gc,cpu         ] GC(177) User=0.38s Sys=0.00s Real=0.04s
[12.946s][info][gc,start       ] GC(178) Pause Young (Allocation Failure)
[13.010s][info][gc,heap        ] GC(178) PSYoungGen: 94208K(94208K)->46720K(109056K) Eden: 24064K(24064K)->0K(27136K) From: 70144K(70144K)->46720K(81920K)
[13.010s][info][gc,heap        ] GC(178) ParOldGen: 1886597K(2068480K)->1934893K(2068480K)
[13.010s][info][gc,metaspace   ] GC(178) Metaspace: 6302K(6528K)->6302K(6528K) NonClass: 5769K(5888K)->5769K(5888K) Class: 533K(640K)->533K(640K)
[13.010s][info][gc             ] GC(178) Pause Young (Allocation Failure) 1934M->1935M(2126M) 64.348ms
[13.010s][info][gc,cpu         ] GC(178) User=0.27s Sys=0.14s Real=0.06s
[13.046s][info][gc,start       ] GC(179) Pause Young (Allocation Failure)
[13.092s][info][gc,heap        ] GC(179) PSYoungGen: 73856K(109056K)->51360K(109568K) Eden: 27136K(27136K)->0K(27136K) From: 46720K(81920K)->51360K(82432K)
[13.092s][info][gc,heap        ] GC(179) ParOldGen: 1934893K(2068480K)->1957733K(2068480K)
[13.092s][info][gc,metaspace   ] GC(179) Metaspace: 6302K(6528K)->6302K(6528K) NonClass: 5769K(5888K)->5769K(5888K) Class: 533K(640K)->533K(640K)
[13.092s][info][gc             ] GC(179) Pause Young (Allocation Failure) 1961M->1962M(2127M) 46.257ms
[13.092s][info][gc,cpu         ] GC(179) User=0.25s Sys=0.00s Real=0.05s
[13.127s][info][gc,start       ] GC(180) Pause Young (Allocation Failure)
[13.179s][info][gc,heap        ] GC(180) PSYoungGen: 78496K(109568K)->54464K(112640K) Eden: 27136K(27136K)->0K(29184K) From: 51360K(82432K)->54464K(83456K)
[13.179s][info][gc,heap        ] GC(180) ParOldGen: 1957733K(2068480K)->1982165K(2068480K)
[13.180s][info][gc,metaspace   ] GC(180) Metaspace: 6302K(6528K)->6302K(6528K) NonClass: 5769K(5888K)->5769K(5888K) Class: 533K(640K)->533K(640K)
[13.180s][info][gc             ] GC(180) Pause Young (Allocation Failure) 1988M->1988M(2130M) 52.254ms
[13.180s][info][gc,cpu         ] GC(180) User=0.20s Sys=0.08s Real=0.05s
[13.212s][info][gc,start       ] GC(181) Pause Young (Allocation Failure)
[13.263s][info][gc,heap        ] GC(181) PSYoungGen: 83648K(112640K)->56544K(114176K) Eden: 29184K(29184K)->0K(29184K) From: 54464K(83456K)->56544K(84992K)
[13.263s][info][gc,heap        ] GC(181) ParOldGen: 1982165K(2068480K)->2009717K(2068480K)
[13.263s][info][gc,metaspace   ] GC(181) Metaspace: 6302K(6528K)->6302K(6528K) NonClass: 5769K(5888K)->5769K(5888K) Class: 533K(640K)->533K(640K)
[13.263s][info][gc             ] GC(181) Pause Young (Allocation Failure) 2017M->2017M(2131M) 50.977ms
[13.263s][info][gc,cpu         ] GC(181) User=0.25s Sys=0.03s Real=0.05s
[13.294s][info][gc,start       ] GC(182) Pause Young (Allocation Failure)
[13.351s][info][gc,heap        ] GC(182) PSYoungGen: 85728K(114176K)->58560K(118272K) Eden: 29184K(29184K)->0K(31232K) From: 56544K(84992K)->58560K(87040K)
[13.351s][info][gc,heap        ] GC(182) ParOldGen: 2009717K(2068480K)->2037285K(2068480K)
[13.351s][info][gc,metaspace   ] GC(182) Metaspace: 6302K(6528K)->6302K(6528K) NonClass: 5769K(5888K)->5769K(5888K) Class: 533K(640K)->533K(640K)
[13.351s][info][gc             ] GC(182) Pause Young (Allocation Failure) 2046M->2046M(2135M) 56.932ms
[13.351s][info][gc,cpu         ] GC(182) User=0.27s Sys=0.12s Real=0.06s
[13.351s][info][gc,start       ] GC(183) Pause Full (Ergonomics)
[13.351s][info][gc,phases,start] GC(183) Marking Phase
[13.819s][info][gc,phases      ] GC(183) Marking Phase 468.178ms
[13.819s][info][gc,phases,start] GC(183) Summary Phase
[13.819s][info][gc,phases      ] GC(183) Summary Phase 0.041ms
[13.819s][info][gc,phases,start] GC(183) Adjust Roots
[13.819s][info][gc,phases      ] GC(183) Adjust Roots 0.193ms
[13.819s][info][gc,phases,start] GC(183) Compaction Phase
[14.031s][info][gc,phases      ] GC(183) Compaction Phase 211.390ms
[14.031s][info][gc,phases,start] GC(183) Post Compact
[14.035s][info][gc,phases      ] GC(183) Post Compact 3.861ms
[14.037s][info][gc,heap        ] GC(183) PSYoungGen: 58560K(118272K)->24583K(118272K) Eden: 0K(31232K)->0K(31232K) From: 58560K(87040K)->24583K(87040K)
[14.037s][info][gc,heap        ] GC(183) ParOldGen: 2037285K(2068480K)->2068428K(2279936K)
[14.037s][info][gc,metaspace   ] GC(183) Metaspace: 6302K(6528K)->6302K(6528K) NonClass: 5769K(5888K)->5769K(5888K) Class: 533K(640K)->533K(640K)
[14.037s][info][gc             ] GC(183) Pause Full (Ergonomics) 2046M->2043M(2342M) 686.246ms
[14.037s][info][gc,cpu         ] GC(183) User=4.80s Sys=0.06s Real=0.69s
[14.069s][info][gc,start       ] GC(184) Pause Young (Allocation Failure)
[14.190s][info][gc,heap        ] GC(184) PSYoungGen: 55815K(118272K)->41984K(73216K) Eden: 31232K(31232K)->0K(31232K) From: 24583K(87040K)->41984K(41984K)
[14.190s][info][gc,heap        ] GC(184) ParOldGen: 2068428K(2279936K)->2082748K(2279936K)
[14.191s][info][gc,metaspace   ] GC(184) Metaspace: 6302K(6528K)->6302K(6528K) NonClass: 5769K(5888K)->5769K(5888K) Class: 533K(640K)->533K(640K)
[14.191s][info][gc             ] GC(184) Pause Young (Allocation Failure) 2074M->2074M(2298M) 121.882ms
[14.191s][info][gc,cpu         ] GC(184) User=0.66s Sys=0.09s Real=0.12s
[14.224s][info][gc,start       ] GC(185) Pause Young (Allocation Failure)
[14.269s][info][gc,heap        ] GC(185) PSYoungGen: 73216K(73216K)->73184K(112128K) Eden: 31232K(31232K)->0K(27648K) From: 41984K(41984K)->73184K(84480K)
[14.269s][info][gc,heap        ] GC(185) ParOldGen: 2082748K(2279936K)->2082748K(2279936K)
[14.269s][info][gc,metaspace   ] GC(185) Metaspace: 6302K(6528K)->6302K(6528K) NonClass: 5769K(5888K)->5769K(5888K) Class: 533K(640K)->533K(640K)
[14.269s][info][gc             ] GC(185) Pause Young (Allocation Failure) 2105M->2105M(2336M) 45.215ms
[14.269s][info][gc,cpu         ] GC(185) User=0.22s Sys=0.05s Real=0.04s
[14.299s][info][gc,start       ] GC(186) Pause Young (Allocation Failure)
[14.352s][info][gc,heap        ] GC(186) PSYoungGen: 100832K(112128K)->90368K(119296K) Eden: 27648K(27648K)->0K(27648K) From: 73184K(84480K)->90368K(91648K)
[14.352s][info][gc,heap        ] GC(186) ParOldGen: 2082748K(2279936K)->2093444K(2279936K)
[14.352s][info][gc,metaspace   ] GC(186) Metaspace: 6302K(6528K)->6302K(6528K) NonClass: 5769K(5888K)->5769K(5888K) Class: 533K(640K)->533K(640K)
[14.352s][info][gc             ] GC(186) Pause Young (Allocation Failure) 2132M->2132M(2343M) 52.924ms
[14.352s][info][gc,cpu         ] GC(186) User=0.34s Sys=0.03s Real=0.05s
[14.386s][info][gc,start       ] GC(187) Pause Young (Allocation Failure)
[14.464s][info][gc,heap        ] GC(187) PSYoungGen: 118016K(119296K)->86784K(125952K) Eden: 27648K(27648K)->0K(22528K) From: 90368K(91648K)->86784K(103424K)
[14.464s][info][gc,heap        ] GC(187) ParOldGen: 2093444K(2279936K)->2125140K(2279936K)
[14.464s][info][gc,metaspace   ] GC(187) Metaspace: 6302K(6528K)->6302K(6528K) NonClass: 5769K(5888K)->5769K(5888K) Class: 533K(640K)->533K(640K)
[14.464s][info][gc             ] GC(187) Pause Young (Allocation Failure) 2159M->2160M(2349M) 78.169ms
[14.464s][info][gc,cpu         ] GC(187) User=0.33s Sys=0.19s Real=0.08s
[14.492s][info][gc,start       ] GC(188) Pause Young (Allocation Failure)
[14.555s][info][gc,heap        ] GC(188) PSYoungGen: 109312K(125952K)->78048K(134144K) Eden: 22528K(22528K)->0K(22528K) From: 86784K(103424K)->78048K(111616K)
[14.555s][info][gc,heap        ] GC(188) ParOldGen: 2125140K(2279936K)->2156828K(2279936K)
[14.555s][info][gc,metaspace   ] GC(188) Metaspace: 6302K(6528K)->6302K(6528K) NonClass: 5769K(5888K)->5769K(5888K) Class: 533K(640K)->533K(640K)
[14.555s][info][gc             ] GC(188) Pause Young (Allocation Failure) 2182M->2182M(2357M) 63.420ms
[14.556s][info][gc,cpu         ] GC(188) User=0.33s Sys=0.06s Real=0.06s
[14.584s][info][gc,start       ] GC(189) Pause Young (Allocation Failure)
[14.653s][info][gc,heap        ] GC(189) PSYoungGen: 100576K(134144K)->45248K(132096K) Eden: 22528K(22528K)->0K(25600K) From: 78048K(111616K)->45248K(106496K)
[14.653s][info][gc,heap        ] GC(189) ParOldGen: 2156828K(2279936K)->2212940K(2279936K)
[14.653s][info][gc,metaspace   ] GC(189) Metaspace: 6302K(6528K)->6302K(6528K) NonClass: 5769K(5888K)->5769K(5888K) Class: 533K(640K)->533K(640K)
[14.653s][info][gc             ] GC(189) Pause Young (Allocation Failure) 2204M->2205M(2355M) 68.931ms
[14.653s][info][gc,cpu         ] GC(189) User=0.17s Sys=0.33s Real=0.07s
[14.682s][info][gc,start       ] GC(190) Pause Young (Allocation Failure)
[14.736s][info][gc,heap        ] GC(190) PSYoungGen: 70848K(132096K)->25728K(136192K) Eden: 25600K(25600K)->0K(25600K) From: 45248K(106496K)->25728K(110592K)
[14.736s][info][gc,heap        ] GC(190) ParOldGen: 2212940K(2279936K)->2258644K(2279936K)
[14.736s][info][gc,metaspace   ] GC(190) Metaspace: 6302K(6528K)->6302K(6528K) NonClass: 5769K(5888K)->5769K(5888K) Class: 533K(640K)->533K(640K)
[14.736s][info][gc             ] GC(190) Pause Young (Allocation Failure) 2230M->2230M(2359M) 53.733ms
[14.736s][info][gc,cpu         ] GC(190) User=0.27s Sys=0.11s Real=0.05s
[14.736s][info][gc,start       ] GC(191) Pause Full (Ergonomics)
[14.736s][info][gc,phases,start] GC(191) Marking Phase
[15.243s][info][gc,phases      ] GC(191) Marking Phase 506.993ms
[15.243s][info][gc,phases,start] GC(191) Summary Phase
[15.243s][info][gc,phases      ] GC(191) Summary Phase 0.039ms
[15.243s][info][gc,phases,start] GC(191) Adjust Roots
[15.244s][info][gc,phases      ] GC(191) Adjust Roots 0.235ms
[15.244s][info][gc,phases,start] GC(191) Compaction Phase
[15.459s][info][gc,phases      ] GC(191) Compaction Phase 215.300ms
[15.459s][info][gc,phases,start] GC(191) Post Compact
[15.463s][info][gc,phases      ] GC(191) Post Compact 4.440ms
[15.466s][info][gc,heap        ] GC(191) PSYoungGen: 25728K(136192K)->1556K(136192K) Eden: 0K(25600K)->0K(25600K) From: 25728K(110592K)->1556K(110592K)
[15.466s][info][gc,heap        ] GC(191) ParOldGen: 2258644K(2279936K)->2279645K(2525184K)
[15.466s][info][gc,metaspace   ] GC(191) Metaspace: 6302K(6528K)->6302K(6528K) NonClass: 5769K(5888K)->5769K(5888K) Class: 533K(640K)->533K(640K)
[15.466s][info][gc             ] GC(191) Pause Full (Ergonomics) 2230M->2227M(2599M) 729.497ms
[15.466s][info][gc,cpu         ] GC(191) User=5.22s Sys=0.08s Real=0.73s
[15.497s][info][gc,start       ] GC(192) Pause Young (Allocation Failure)
[15.611s][info][gc,heap        ] GC(192) PSYoungGen: 27156K(136192K)->25792K(136192K) Eden: 25600K(25600K)->0K(28672K) From: 1556K(110592K)->25792K(107520K)
[15.611s][info][gc,heap        ] GC(192) ParOldGen: 2279645K(2525184K)->2281253K(2525184K)
[15.611s][info][gc,metaspace   ] GC(192) Metaspace: 6302K(6528K)->6302K(6528K) NonClass: 5769K(5888K)->5769K(5888K) Class: 533K(640K)->533K(640K)
[15.611s][info][gc             ] GC(192) Pause Young (Allocation Failure) 2252M->2252M(2599M) 114.820ms
[15.611s][info][gc,cpu         ] GC(192) User=0.67s Sys=0.00s Real=0.11s
[15.646s][info][gc,start       ] GC(193) Pause Young (Allocation Failure)
[15.686s][info][gc,heap        ] GC(193) PSYoungGen: 54464K(136192K)->28768K(137728K) Eden: 28672K(28672K)->0K(28672K) From: 25792K(107520K)->28768K(109056K)
[15.686s][info][gc,heap        ] GC(193) ParOldGen: 2281253K(2525184K)->2307069K(2525184K)
[15.686s][info][gc,metaspace   ] GC(193) Metaspace: 6302K(6528K)->6302K(6528K) NonClass: 5769K(5888K)->5769K(5888K) Class: 533K(640K)->533K(640K)
[15.686s][info][gc             ] GC(193) Pause Young (Allocation Failure) 2280M->2281M(2600M) 40.326ms
[15.686s][info][gc,cpu         ] GC(193) User=0.19s Sys=0.06s Real=0.04s
[15.718s][info][gc,start       ] GC(194) Pause Young (Allocation Failure)
[15.760s][info][gc,heap        ] GC(194) PSYoungGen: 57440K(137728K)->28800K(133632K) Eden: 28672K(28672K)->0K(32256K) From: 28768K(109056K)->28800K(101376K)
[15.760s][info][gc,heap        ] GC(194) ParOldGen: 2307069K(2525184K)->2336005K(2525184K)
[15.760s][info][gc,metaspace   ] GC(194) Metaspace: 6302K(6528K)->6302K(6528K) NonClass: 5769K(5888K)->5769K(5888K) Class: 533K(640K)->533K(640K)
[15.760s][info][gc             ] GC(194) Pause Young (Allocation Failure) 2309M->2309M(2596M) 42.623ms
[15.761s][info][gc,cpu         ] GC(194) User=0.30s Sys=0.05s Real=0.04s
[15.797s][info][gc,start       ] GC(195) Pause Young (Allocation Failure)
[15.840s][info][gc,heap        ] GC(195) PSYoungGen: 61056K(133632K)->32480K(136192K) Eden: 32256K(32256K)->0K(32256K) From: 28800K(101376K)->32480K(103936K)
[15.840s][info][gc,heap        ] GC(195) ParOldGen: 2336005K(2525184K)->2364941K(2525184K)
[15.840s][info][gc,metaspace   ] GC(195) Metaspace: 6302K(6528K)->6302K(6528K) NonClass: 5769K(5888K)->5769K(5888K) Class: 533K(640K)->533K(640K)
[15.840s][info][gc             ] GC(195) Pause Young (Allocation Failure) 2340M->2341M(2599M) 43.215ms
[15.841s][info][gc,cpu         ] GC(195) User=0.23s Sys=0.03s Real=0.04s
[15.881s][info][gc,start       ] GC(196) Pause Young (Allocation Failure)
[15.929s][info][gc,heap        ] GC(196) PSYoungGen: 64736K(136192K)->32384K(129024K) Eden: 32256K(32256K)->0K(35840K) From: 32480K(103936K)->32384K(93184K)
[15.929s][info][gc,heap        ] GC(196) ParOldGen: 2364941K(2525184K)->2397493K(2525184K)
[15.929s][info][gc,metaspace   ] GC(196) Metaspace: 6302K(6528K)->6302K(6528K) NonClass: 5769K(5888K)->5769K(5888K) Class: 533K(640K)->533K(640K)
[15.929s][info][gc             ] GC(196) Pause Young (Allocation Failure) 2372M->2372M(2592M) 48.548ms
[15.929s][info][gc,cpu         ] GC(196) User=0.20s Sys=0.08s Real=0.05s
[15.973s][info][gc,start       ] GC(197) Pause Young (Allocation Failure)
[16.022s][info][gc,heap        ] GC(197) PSYoungGen: 68224K(129024K)->36000K(132608K) Eden: 35840K(35840K)->0K(35840K) From: 32384K(93184K)->36000K(96768K)
[16.022s][info][gc,heap        ] GC(197) ParOldGen: 2397493K(2525184K)->2430037K(2525184K)
[16.022s][info][gc,metaspace   ] GC(197) Metaspace: 6302K(6528K)->6302K(6528K) NonClass: 5769K(5888K)->5769K(5888K) Class: 533K(640K)->533K(640K)
[16.022s][info][gc             ] GC(197) Pause Young (Allocation Failure) 2407M->2408M(2595M) 48.940ms
[16.022s][info][gc,cpu         ] GC(197) User=0.20s Sys=0.08s Real=0.05s
[16.064s][info][gc,start       ] GC(198) Pause Young (Allocation Failure)
[16.117s][info][gc,heap        ] GC(198) PSYoungGen: 71840K(132608K)->36000K(125440K) Eden: 35840K(35840K)->0K(39936K) From: 36000K(96768K)->36000K(85504K)
[16.117s][info][gc,heap        ] GC(198) ParOldGen: 2430037K(2525184K)->2466205K(2525184K)
[16.117s][info][gc,metaspace   ] GC(198) Metaspace: 6302K(6528K)->6302K(6528K) NonClass: 5769K(5888K)->5769K(5888K) Class: 533K(640K)->533K(640K)
[16.117s][info][gc             ] GC(198) Pause Young (Allocation Failure) 2443M->2443M(2588M) 52.913ms
[16.117s][info][gc,cpu         ] GC(198) User=0.20s Sys=0.08s Real=0.05s
[16.166s][info][gc,start       ] GC(199) Pause Young (Allocation Failure)
[16.220s][info][gc,heap        ] GC(199) PSYoungGen: 75936K(125440K)->40128K(129024K) Eden: 39936K(39936K)->0K(39936K) From: 36000K(85504K)->40128K(89088K)
[16.220s][info][gc,heap        ] GC(199) ParOldGen: 2466205K(2525184K)->2502373K(2525184K)
[16.220s][info][gc,metaspace   ] GC(199) Metaspace: 6302K(6528K)->6302K(6528K) NonClass: 5769K(5888K)->5769K(5888K) Class: 533K(640K)->533K(640K)
[16.220s][info][gc             ] GC(199) Pause Young (Allocation Failure) 2482M->2482M(2592M) 53.769ms
[16.220s][info][gc,cpu         ] GC(199) User=0.30s Sys=0.08s Real=0.05s
[16.220s][info][gc,start       ] GC(200) Pause Full (Ergonomics)
[16.220s][info][gc,phases,start] GC(200) Marking Phase
[16.798s][info][gc,phases      ] GC(200) Marking Phase 578.313ms
[16.798s][info][gc,phases,start] GC(200) Summary Phase
[16.798s][info][gc,phases      ] GC(200) Summary Phase 0.054ms
[16.798s][info][gc,phases,start] GC(200) Adjust Roots
[16.799s][info][gc,phases      ] GC(200) Adjust Roots 0.263ms
[16.799s][info][gc,phases,start] GC(200) Compaction Phase
[17.018s][info][gc,phases      ] GC(200) Compaction Phase 219.372ms
[17.018s][info][gc,phases,start] GC(200) Post Compact
[17.022s][info][gc,phases      ] GC(200) Post Compact 4.283ms
[17.025s][info][gc,heap        ] GC(200) PSYoungGen: 40128K(129024K)->14862K(129024K) Eden: 0K(39936K)->0K(39936K) From: 40128K(89088K)->14862K(89088K)
[17.025s][info][gc,heap        ] GC(200) ParOldGen: 2502373K(2525184K)->2525153K(2785280K)
[17.025s][info][gc,metaspace   ] GC(200) Metaspace: 6302K(6528K)->6302K(6528K) NonClass: 5769K(5888K)->5769K(5888K) Class: 533K(640K)->533K(640K)
[17.025s][info][gc             ] GC(200) Pause Full (Ergonomics) 2482M->2480M(2846M) 804.732ms
[17.025s][info][gc,cpu         ] GC(200) User=5.98s Sys=0.05s Real=0.80s
[17.075s][info][gc,start       ] GC(201) Pause Young (Allocation Failure)
[17.219s][info][gc,heap        ] GC(201) PSYoungGen: 54798K(129024K)->40128K(119808K) Eden: 39936K(39936K)->0K(44032K) From: 14862K(89088K)->40128K(75776K)
[17.219s][info][gc,heap        ] GC(201) ParOldGen: 2525153K(2785280K)->2540177K(2785280K)
[17.219s][info][gc,metaspace   ] GC(201) Metaspace: 6302K(6528K)->6302K(6528K) NonClass: 5769K(5888K)->5769K(5888K) Class: 533K(640K)->533K(640K)
[17.219s][info][gc             ] GC(201) Pause Young (Allocation Failure) 2519M->2519M(2837M) 143.927ms
[17.219s][info][gc,cpu         ] GC(201) User=0.83s Sys=0.08s Real=0.14s
[17.275s][info][gc,start       ] GC(202) Pause Young (Allocation Failure)
[17.324s][info][gc,heap        ] GC(202) PSYoungGen: 84160K(119808K)->80384K(124416K) Eden: 44032K(44032K)->0K(44032K) From: 40128K(75776K)->80384K(80384K)
[17.324s][info][gc,heap        ] GC(202) ParOldGen: 2540177K(2785280K)->2543929K(2785280K)
[17.324s][info][gc,metaspace   ] GC(202) Metaspace: 6302K(6528K)->6302K(6528K) NonClass: 5769K(5888K)->5769K(5888K) Class: 533K(640K)->533K(640K)
[17.324s][info][gc             ] GC(202) Pause Young (Allocation Failure) 2562M->2562M(2841M) 49.088ms
[17.324s][info][gc,cpu         ] GC(202) User=0.28s Sys=0.00s Real=0.05s
[17.379s][info][gc,start       ] GC(203) Pause Young (Allocation Failure)
[17.471s][info][gc,heap        ] GC(203) PSYoungGen: 124416K(124416K)->44256K(132608K) Eden: 44032K(44032K)->0K(48640K) From: 80384K(80384K)->44256K(83968K)
[17.471s][info][gc,heap        ] GC(203) ParOldGen: 2543929K(2785280K)->2624889K(2785280K)
[17.471s][info][gc,metaspace   ] GC(203) Metaspace: 6302K(6528K)->6302K(6528K) NonClass: 5769K(5888K)->5769K(5888K) Class: 533K(640K)->533K(640K)
[17.471s][info][gc             ] GC(203) Pause Young (Allocation Failure) 2605M->2606M(2849M) 92.003ms
[17.471s][info][gc,cpu         ] GC(203) User=0.31s Sys=0.30s Real=0.09s
[17.534s][info][gc,start       ] GC(204) Pause Young (Allocation Failure)
[17.600s][info][gc,heap        ] GC(204) PSYoungGen: 92896K(132608K)->48832K(136704K) Eden: 48640K(48640K)->0K(48640K) From: 44256K(83968K)->48832K(88064K)
[17.600s][info][gc,heap        ] GC(204) ParOldGen: 2624889K(2785280K)->2669305K(2785280K)
[17.600s][info][gc,metaspace   ] GC(204) Metaspace: 6302K(6528K)->6302K(6528K) NonClass: 5769K(5888K)->5769K(5888K) Class: 533K(640K)->533K(640K)
[17.600s][info][gc             ] GC(204) Pause Young (Allocation Failure) 2654M->2654M(2853M) 66.330ms
[17.600s][info][gc,cpu         ] GC(204) User=0.27s Sys=0.14s Real=0.07s
[17.658s][info][gc,start       ] GC(205) Pause Young (Allocation Failure)
[17.728s][info][gc,heap        ] GC(205) PSYoungGen: 97472K(136704K)->48832K(133632K) Eden: 48640K(48640K)->0K(53760K) From: 48832K(88064K)->48832K(79872K)
[17.728s][info][gc,heap        ] GC(205) ParOldGen: 2669305K(2785280K)->2718393K(2785280K)
[17.728s][info][gc,metaspace   ] GC(205) Metaspace: 6302K(6528K)->6302K(6528K) NonClass: 5769K(5888K)->5769K(5888K) Class: 533K(640K)->533K(640K)
[17.728s][info][gc             ] GC(205) Pause Young (Allocation Failure) 2701M->2702M(2850M) 69.673ms
[17.728s][info][gc,cpu         ] GC(205) User=0.27s Sys=0.11s Real=0.07s
[17.728s][info][gc,start       ] GC(206) Pause Full (Ergonomics)
[17.728s][info][gc,phases,start] GC(206) Marking Phase
[18.351s][info][gc,phases      ] GC(206) Marking Phase 623.115ms
[18.351s][info][gc,phases,start] GC(206) Summary Phase
[18.351s][info][gc,phases      ] GC(206) Summary Phase 0.058ms
[18.351s][info][gc,phases,start] GC(206) Adjust Roots
[18.351s][info][gc,phases      ] GC(206) Adjust Roots 0.172ms
[18.351s][info][gc,phases,start] GC(206) Compaction Phase
[18.586s][info][gc,phases      ] GC(206) Compaction Phase 234.913ms
[18.586s][info][gc,phases,start] GC(206) Post Compact
[18.591s][info][gc,phases      ] GC(206) Post Compact 5.000ms
[18.594s][info][gc,heap        ] GC(206) PSYoungGen: 48832K(133632K)->0K(136192K) Eden: 0K(53760K)->0K(53760K) From: 48832K(79872K)->0K(82432K)
[18.594s][info][gc,heap        ] GC(206) ParOldGen: 2718393K(2785280K)->2765143K(3067904K)
[18.594s][info][gc,metaspace   ] GC(206) Metaspace: 6302K(6528K)->6302K(6528K) NonClass: 5769K(5888K)->5769K(5888K) Class: 533K(640K)->533K(640K)
[18.594s][info][gc             ] GC(206) Pause Full (Ergonomics) 2702M->2700M(3129M) 865.897ms
[18.594s][info][gc,cpu         ] GC(206) User=6.22s Sys=0.09s Real=0.87s
[18.656s][info][gc,start       ] GC(207) Pause Young (Allocation Failure)
[18.691s][info][gc,heap        ] GC(207) PSYoungGen: 53760K(136192K)->53984K(137728K) Eden: 53760K(53760K)->0K(58368K) From: 0K(82432K)->53984K(79360K)
[18.691s][info][gc,heap        ] GC(207) ParOldGen: 2765143K(3067904K)->2765143K(3067904K)
[18.691s][info][gc,metaspace   ] GC(207) Metaspace: 6302K(6528K)->6302K(6528K) NonClass: 5769K(5888K)->5769K(5888K) Class: 533K(640K)->533K(640K)
[18.691s][info][gc             ] GC(207) Pause Young (Allocation Failure) 2752M->2753M(3130M) 34.894ms
[18.691s][info][gc,cpu         ] GC(207) User=0.19s Sys=0.00s Real=0.04s
[19.384s][info][gc,start       ] GC(208) Pause Young (Allocation Failure)
[19.528s][info][gc,heap        ] GC(208) PSYoungGen: 112352K(137728K)->81408K(139776K) Eden: 58368K(58368K)->0K(58368K) From: 53984K(79360K)->81408K(81408K)
[19.528s][info][gc,heap        ] GC(208) ParOldGen: 2896215K(3067904K)->2927359K(3067904K)
[19.528s][info][gc,metaspace   ] GC(208) Metaspace: 6302K(6528K)->6302K(6528K) NonClass: 5769K(5888K)->5769K(5888K) Class: 533K(640K)->533K(640K)
[19.528s][info][gc             ] GC(208) Pause Young (Allocation Failure) 2938M->2938M(3132M) 144.231ms
[19.528s][info][gc,cpu         ] GC(208) User=0.61s Sys=0.06s Real=0.14s
[19.591s][info][gc,start       ] GC(209) Pause Young (Allocation Failure)
[19.696s][info][gc,heap        ] GC(209) PSYoungGen: 139776K(139776K)->58624K(160256K) Eden: 58368K(58368K)->0K(63488K) From: 81408K(81408K)->58624K(96768K)
[19.696s][info][gc,heap        ] GC(209) ParOldGen: 2927359K(3067904K)->3009359K(3067904K)
[19.696s][info][gc,metaspace   ] GC(209) Metaspace: 6302K(6528K)->6302K(6528K) NonClass: 5769K(5888K)->5769K(5888K) Class: 533K(640K)->533K(640K)
[19.696s][info][gc             ] GC(209) Pause Young (Allocation Failure) 2995M->2996M(3152M) 104.787ms
[19.696s][info][gc,cpu         ] GC(209) User=0.33s Sys=0.42s Real=0.11s
[19.696s][info][gc,start       ] GC(210) Pause Full (Ergonomics)
[19.696s][info][gc,phases,start] GC(210) Marking Phase
[20.364s][info][gc,phases      ] GC(210) Marking Phase 667.577ms
[20.364s][info][gc,phases,start] GC(210) Summary Phase
[20.364s][info][gc,phases      ] GC(210) Summary Phase 0.099ms
[20.364s][info][gc,phases,start] GC(210) Adjust Roots
[20.364s][info][gc,phases      ] GC(210) Adjust Roots 0.329ms
[20.364s][info][gc,phases,start] GC(210) Compaction Phase
[20.825s][info][gc,phases      ] GC(210) Compaction Phase 460.783ms
[20.825s][info][gc,phases,start] GC(210) Post Compact
[20.833s][info][gc,phases      ] GC(210) Post Compact 7.500ms
[20.835s][info][gc,heap        ] GC(210) PSYoungGen: 58624K(160256K)->0K(162816K) Eden: 0K(63488K)->0K(63488K) From: 58624K(96768K)->0K(99328K)
[20.835s][info][gc,heap        ] GC(210) ParOldGen: 3009359K(3067904K)->3001083K(3337216K)
[20.835s][info][gc,metaspace   ] GC(210) Metaspace: 6302K(6528K)->6302K(6528K) NonClass: 5769K(5888K)->5769K(5888K) Class: 533K(640K)->533K(640K)
[20.835s][info][gc             ] GC(210) Pause Full (Ergonomics) 2996M->2930M(3418M) 1139.315ms
[20.835s][info][gc,cpu         ] GC(210) User=7.86s Sys=0.09s Real=1.14s
[20.901s][info][gc,start       ] GC(211) Pause Young (Allocation Failure)
[20.953s][info][gc,heap        ] GC(211) PSYoungGen: 63488K(162816K)->63744K(165376K) Eden: 63488K(63488K)->0K(68608K) From: 0K(99328K)->63744K(96768K)
[20.953s][info][gc,heap        ] GC(211) ParOldGen: 3001083K(3337216K)->3001083K(3337216K)
[20.953s][info][gc,metaspace   ] GC(211) Metaspace: 6302K(6528K)->6302K(6528K) NonClass: 5769K(5888K)->5769K(5888K) Class: 533K(640K)->533K(640K)
[20.953s][info][gc             ] GC(211) Pause Young (Allocation Failure) 2992M->2992M(3420M) 51.931ms
[20.953s][info][gc,cpu         ] GC(211) User=0.09s Sys=0.06s Real=0.05s
[21.021s][info][gc,start       ] GC(212) Pause Young (Allocation Failure)
[21.100s][info][gc,heap        ] GC(212) PSYoungGen: 132352K(165376K)->98304K(166912K) Eden: 68608K(68608K)->0K(68608K) From: 63744K(96768K)->98304K(98304K)
[21.100s][info][gc,heap        ] GC(212) ParOldGen: 3001083K(3337216K)->3035387K(3337216K)
[21.100s][info][gc,metaspace   ] GC(212) Metaspace: 6302K(6528K)->6302K(6528K) NonClass: 5769K(5888K)->5769K(5888K) Class: 533K(640K)->533K(640K)
[21.100s][info][gc             ] GC(212) Pause Young (Allocation Failure) 3059M->3060M(3422M) 78.980ms
[21.100s][info][gc,cpu         ] GC(212) User=0.27s Sys=0.11s Real=0.08s
[21.180s][info][gc,start       ] GC(213) Pause Young (Allocation Failure)
[21.312s][info][gc,heap        ] GC(213) PSYoungGen: 166912K(166912K)->122880K(164864K) Eden: 68608K(68608K)->0K(41984K) From: 98304K(98304K)->122880K(122880K)
[21.312s][info][gc,heap        ] GC(213) ParOldGen: 3035387K(3337216K)->3079843K(3337216K)
[21.312s][info][gc,metaspace   ] GC(213) Metaspace: 6302K(6528K)->6302K(6528K) NonClass: 5769K(5888K)->5769K(5888K) Class: 533K(640K)->533K(640K)
[21.312s][info][gc             ] GC(213) Pause Young (Allocation Failure) 3127M->3127M(3420M) 132.389ms
[21.312s][info][gc,cpu         ] GC(213) User=0.47s Sys=0.53s Real=0.13s
[21.356s][info][gc,start       ] GC(214) Pause Young (Allocation Failure)
[21.483s][info][gc,heap        ] GC(214) PSYoungGen: 164864K(164864K)->42240K(197632K) Eden: 41984K(41984K)->0K(41984K) From: 122880K(122880K)->42240K(155648K)
[21.483s][info][gc,heap        ] GC(214) ParOldGen: 3079843K(3337216K)->3203627K(3337216K)
[21.483s][info][gc,metaspace   ] GC(214) Metaspace: 6302K(6528K)->6302K(6528K) NonClass: 5769K(5888K)->5769K(5888K) Class: 533K(640K)->533K(640K)
[21.483s][info][gc             ] GC(214) Pause Young (Allocation Failure) 3168M->3169M(3452M) 126.818ms
[21.483s][info][gc,cpu         ] GC(214) User=0.36s Sys=0.53s Real=0.13s
[21.525s][info][gc,start       ] GC(215) Pause Young (Allocation Failure)
[21.592s][info][gc,heap        ] GC(215) PSYoungGen: 84224K(197632K)->42176K(193024K) Eden: 41984K(41984K)->0K(47104K) From: 42240K(155648K)->42176K(145920K)
[21.592s][info][gc,heap        ] GC(215) ParOldGen: 3203627K(3337216K)->3245995K(3337216K)
[21.592s][info][gc,metaspace   ] GC(215) Metaspace: 6302K(6528K)->6302K(6528K) NonClass: 5769K(5888K)->5769K(5888K) Class: 533K(640K)->533K(640K)
[21.592s][info][gc             ] GC(215) Pause Young (Allocation Failure) 3210M->3211M(3447M) 66.497ms
[21.592s][info][gc,cpu         ] GC(215) User=0.25s Sys=0.05s Real=0.07s
[21.592s][info][gc,start       ] GC(216) Pause Full (Ergonomics)
[21.592s][info][gc,phases,start] GC(216) Marking Phase
[22.322s][info][gc,phases      ] GC(216) Marking Phase 729.791ms
[22.322s][info][gc,phases,start] GC(216) Summary Phase
[22.322s][info][gc,phases      ] GC(216) Summary Phase 0.082ms
[22.322s][info][gc,phases,start] GC(216) Adjust Roots
[22.322s][info][gc,phases      ] GC(216) Adjust Roots 0.189ms
[22.322s][info][gc,phases,start] GC(216) Compaction Phase
[22.647s][info][gc,phases      ] GC(216) Compaction Phase 324.552ms
[22.647s][info][gc,phases,start] GC(216) Post Compact
[22.653s][info][gc,phases      ] GC(216) Post Compact 6.061ms
[22.656s][info][gc,heap        ] GC(216) PSYoungGen: 42176K(193024K)->0K(196096K) Eden: 0K(47104K)->0K(47104K) From: 42176K(145920K)->0K(148992K)
[22.656s][info][gc,heap        ] GC(216) ParOldGen: 3245995K(3337216K)->3285600K(3664384K)
[22.656s][info][gc,metaspace   ] GC(216) Metaspace: 6302K(6528K)->6302K(6528K) NonClass: 5769K(5888K)->5769K(5888K) Class: 533K(640K)->533K(640K)
[22.656s][info][gc             ] GC(216) Pause Full (Ergonomics) 3211M->3208M(3770M) 1063.994ms
[22.656s][info][gc,cpu         ] GC(216) User=7.67s Sys=0.06s Real=1.06s
[22.706s][info][gc,start       ] GC(217) Pause Young (Allocation Failure)
[22.746s][info][gc,heap        ] GC(217) PSYoungGen: 47104K(196096K)->47296K(190464K) Eden: 47104K(47104K)->0K(51712K) From: 0K(148992K)->47296K(138752K)
[22.746s][info][gc,heap        ] GC(217) ParOldGen: 3285600K(3664384K)->3285600K(3664384K)
[22.746s][info][gc,metaspace   ] GC(217) Metaspace: 6302K(6528K)->6302K(6528K) NonClass: 5769K(5888K)->5769K(5888K) Class: 533K(640K)->533K(640K)
[22.746s][info][gc             ] GC(217) Pause Young (Allocation Failure) 3254M->3254M(3764M) 40.046ms
[22.746s][info][gc,cpu         ] GC(217) User=0.05s Sys=0.00s Real=0.04s
[22.803s][info][gc,start       ] GC(218) Pause Young (Allocation Failure)
[22.863s][info][gc,heap        ] GC(218) PSYoungGen: 99008K(190464K)->99104K(196096K) Eden: 51712K(51712K)->0K(51712K) From: 47296K(138752K)->99104K(144384K)
[22.864s][info][gc,heap        ] GC(218) ParOldGen: 3285600K(3664384K)->3285600K(3664384K)
[22.864s][info][gc,metaspace   ] GC(218) Metaspace: 6302K(6528K)->6302K(6528K) NonClass: 5769K(5888K)->5769K(5888K) Class: 533K(640K)->533K(640K)
[22.864s][info][gc             ] GC(218) Pause Young (Allocation Failure) 3305M->3305M(3770M) 61.048ms
[22.864s][info][gc,cpu         ] GC(218) User=0.20s Sys=0.00s Real=0.06s
[22.919s][info][gc,start       ] GC(219) Pause Young (Allocation Failure)
[23.006s][info][gc,heap        ] GC(219) PSYoungGen: 150816K(196096K)->148992K(183296K) Eden: 51712K(51712K)->0K(34304K) From: 99104K(144384K)->148992K(148992K)
[23.006s][info][gc,heap        ] GC(219) ParOldGen: 3285600K(3664384K)->3287400K(3664384K)
[23.006s][info][gc,metaspace   ] GC(219) Metaspace: 6302K(6528K)->6302K(6528K) NonClass: 5769K(5888K)->5769K(5888K) Class: 533K(640K)->533K(640K)
[23.006s][info][gc             ] GC(219) Pause Young (Allocation Failure) 3355M->3355M(3757M) 87.056ms
[23.006s][info][gc,cpu         ] GC(219) User=0.45s Sys=0.08s Real=0.09s
[23.041s][info][gc,start       ] GC(220) Pause Young (Allocation Failure)
[23.161s][info][gc,heap        ] GC(220) PSYoungGen: 183296K(183296K)->85952K(120320K) Eden: 34304K(34304K)->0K(34304K) From: 148992K(148992K)->85952K(86016K)
[23.161s][info][gc,heap        ] GC(220) ParOldGen: 3287400K(3664384K)->3385624K(3664384K)
[23.161s][info][gc,metaspace   ] GC(220) Metaspace: 6302K(6528K)->6302K(6528K) NonClass: 5769K(5888K)->5769K(5888K) Class: 533K(640K)->533K(640K)
[23.161s][info][gc             ] GC(220) Pause Young (Allocation Failure) 3389M->3390M(3696M) 120.340ms
[23.161s][info][gc,cpu         ] GC(220) User=0.41s Sys=0.48s Real=0.12s
[23.194s][info][gc,start       ] GC(221) Pause Young (Allocation Failure)
[23.270s][info][gc,heap        ] GC(221) PSYoungGen: 120256K(120320K)->68800K(190464K) Eden: 34304K(34304K)->0K(38912K) From: 85952K(86016K)->68800K(151552K)
[23.270s][info][gc,heap        ] GC(221) ParOldGen: 3385624K(3664384K)->3437496K(3664384K)
[23.270s][info][gc,metaspace   ] GC(221) Metaspace: 6302K(6528K)->6302K(6528K) NonClass: 5769K(5888K)->5769K(5888K) Class: 533K(640K)->533K(640K)
[23.270s][info][gc             ] GC(221) Pause Young (Allocation Failure) 3423M->3424M(3764M) 75.561ms
[23.270s][info][gc,cpu         ] GC(221) User=0.44s Sys=0.08s Real=0.08s
[23.307s][info][gc,start       ] GC(222) Pause Young (Allocation Failure)
[23.375s][info][gc,heap        ] GC(222) PSYoungGen: 107712K(190464K)->73408K(112640K) Eden: 38912K(38912K)->0K(38912K) From: 68800K(151552K)->73408K(73728K)
[23.375s][info][gc,heap        ] GC(222) ParOldGen: 3437496K(3664384K)->3472104K(3664384K)
[23.375s][info][gc,metaspace   ] GC(222) Metaspace: 6302K(6528K)->6302K(6528K) NonClass: 5769K(5888K)->5769K(5888K) Class: 533K(640K)->533K(640K)
[23.375s][info][gc             ] GC(222) Pause Young (Allocation Failure) 3462M->3462M(3688M) 68.122ms
[23.375s][info][gc,cpu         ] GC(222) User=0.17s Sys=0.06s Real=0.07s
[23.416s][info][gc,start       ] GC(223) Pause Young (Allocation Failure)
[23.495s][info][gc,heap        ] GC(223) PSYoungGen: 112320K(112640K)->39072K(192512K) Eden: 38912K(38912K)->0K(44032K) From: 73408K(73728K)->39072K(148480K)
[23.495s][info][gc,heap        ] GC(223) ParOldGen: 3472104K(3664384K)->3545928K(3664384K)
[23.495s][info][gc,metaspace   ] GC(223) Metaspace: 6302K(6528K)->6302K(6528K) NonClass: 5769K(5888K)->5769K(5888K) Class: 533K(640K)->533K(640K)
[23.495s][info][gc             ] GC(223) Pause Young (Allocation Failure) 3500M->3500M(3766M) 78.817ms
[23.495s][info][gc,cpu         ] GC(223) User=0.31s Sys=0.20s Real=0.08s
[23.542s][info][gc,start       ] GC(224) Pause Young (Allocation Failure)
[23.602s][info][gc,heap        ] GC(224) PSYoungGen: 83104K(192512K)->44256K(193536K) Eden: 44032K(44032K)->0K(44032K) From: 39072K(148480K)->44256K(149504K)
[23.602s][info][gc,heap        ] GC(224) ParOldGen: 3545928K(3664384K)->3585176K(3664384K)
[23.602s][info][gc,metaspace   ] GC(224) Metaspace: 6302K(6528K)->6302K(6528K) NonClass: 5769K(5888K)->5769K(5888K) Class: 533K(640K)->533K(640K)
[23.602s][info][gc             ] GC(224) Pause Young (Allocation Failure) 3543M->3544M(3767M) 60.277ms
[23.602s][info][gc,cpu         ] GC(224) User=0.31s Sys=0.08s Real=0.06s
[23.602s][info][gc,start       ] GC(225) Pause Full (Ergonomics)
[23.602s][info][gc,phases,start] GC(225) Marking Phase
[24.407s][info][gc,phases      ] GC(225) Marking Phase 804.891ms
[24.407s][info][gc,phases,start] GC(225) Summary Phase
[24.407s][info][gc,phases      ] GC(225) Summary Phase 0.092ms
[24.407s][info][gc,phases,start] GC(225) Adjust Roots
[24.407s][info][gc,phases      ] GC(225) Adjust Roots 0.166ms
[24.407s][info][gc,phases,start] GC(225) Compaction Phase
[24.761s][info][gc,phases      ] GC(225) Compaction Phase 353.795ms
[24.761s][info][gc,phases,start] GC(225) Post Compact
[24.768s][info][gc,phases      ] GC(225) Post Compact 6.670ms
[24.771s][info][gc,heap        ] GC(225) PSYoungGen: 44256K(193536K)->0K(196608K) Eden: 0K(44032K)->0K(49664K) From: 44256K(149504K)->0K(146944K)
[24.771s][info][gc,heap        ] GC(225) ParOldGen: 3585176K(3664384K)->3626335K(4038144K)
[24.771s][info][gc,metaspace   ] GC(225) Metaspace: 6302K(6528K)->6302K(6528K) NonClass: 5769K(5888K)->5769K(5888K) Class: 533K(640K)->533K(640K)
[24.771s][info][gc             ] GC(225) Pause Full (Ergonomics) 3544M->3541M(4135M) 1169.189ms
[24.771s][info][gc,cpu         ] GC(225) User=8.33s Sys=0.14s Real=1.17s
[24.824s][info][gc,start       ] GC(226) Pause Young (Allocation Failure)
[24.874s][info][gc,heap        ] GC(226) PSYoungGen: 49664K(196608K)->49856K(196608K) Eden: 49664K(49664K)->0K(49664K) From: 0K(146944K)->49856K(146944K)
[24.874s][info][gc,heap        ] GC(226) ParOldGen: 3626335K(4038144K)->3626335K(4038144K)
[24.874s][info][gc,metaspace   ] GC(226) Metaspace: 6302K(6528K)->6302K(6528K) NonClass: 5769K(5888K)->5769K(5888K) Class: 533K(640K)->533K(640K)
[24.874s][info][gc             ] GC(226) Pause Young (Allocation Failure) 3589M->3590M(4135M) 49.833ms
[24.874s][info][gc,cpu         ] GC(226) User=0.14s Sys=0.00s Real=0.05s
[24.923s][info][gc,start       ] GC(227) Pause Young (Allocation Failure)
[24.981s][info][gc,heap        ] GC(227) PSYoungGen: 99520K(196608K)->99616K(192512K) Eden: 49664K(49664K)->0K(50176K) From: 49856K(146944K)->99616K(142336K)
[24.981s][info][gc,heap        ] GC(227) ParOldGen: 3626335K(4038144K)->3626335K(4038144K)
[24.981s][info][gc,metaspace   ] GC(227) Metaspace: 6302K(6528K)->6302K(6528K) NonClass: 5769K(5888K)->5769K(5888K) Class: 533K(640K)->533K(640K)
[24.981s][info][gc             ] GC(227) Pause Young (Allocation Failure) 3638M->3638M(4131M) 58.712ms
[24.982s][info][gc,cpu         ] GC(227) User=0.20s Sys=0.00s Real=0.06s
[25.032s][info][gc,start       ] GC(228) Pause Young (Allocation Failure)
[25.108s][info][gc,heap        ] GC(228) PSYoungGen: 149792K(192512K)->146944K(197120K) Eden: 50176K(50176K)->0K(50176K) From: 99616K(142336K)->146944K(146944K)
[25.108s][info][gc,heap        ] GC(228) ParOldGen: 3626335K(4038144K)->3629175K(4038144K)
[25.108s][info][gc,metaspace   ] GC(228) Metaspace: 6302K(6528K)->6302K(6528K) NonClass: 5769K(5888K)->5769K(5888K) Class: 533K(640K)->533K(640K)
[25.108s][info][gc             ] GC(228) Pause Young (Allocation Failure) 3687M->3687M(4136M) 76.014ms
[25.108s][info][gc,cpu         ] GC(228) User=0.38s Sys=0.00s Real=0.08s
[25.157s][info][gc,start       ] GC(229) Pause Young (Allocation Failure)
[25.290s][info][gc,heap        ] GC(229) PSYoungGen: 197120K(197120K)->99072K(222208K) Eden: 50176K(50176K)->0K(56320K) From: 146944K(146944K)->99072K(165888K)
[25.290s][info][gc,heap        ] GC(229) ParOldGen: 3629175K(4038144K)->3728135K(4038144K)
[25.290s][info][gc,metaspace   ] GC(229) Metaspace: 6302K(6528K)->6302K(6528K) NonClass: 5769K(5888K)->5769K(5888K) Class: 533K(640K)->533K(640K)
[25.290s][info][gc             ] GC(229) Pause Young (Allocation Failure) 3736M->3737M(4160M) 132.645ms
[25.290s][info][gc,cpu         ] GC(229) User=0.73s Sys=0.27s Real=0.13s
[25.349s][info][gc,start       ] GC(230) Pause Young (Allocation Failure)
[25.443s][info][gc,heap        ] GC(230) PSYoungGen: 155392K(222208K)->106816K(223232K) Eden: 56320K(56320K)->0K(56320K) From: 99072K(165888K)->106816K(166912K)
[25.443s][info][gc,heap        ] GC(230) ParOldGen: 3728135K(4038144K)->3777167K(4038144K)
[25.443s][info][gc,metaspace   ] GC(230) Metaspace: 6302K(6528K)->6302K(6528K) NonClass: 5769K(5888K)->5769K(5888K) Class: 533K(640K)->533K(640K)
[25.443s][info][gc             ] GC(230) Pause Young (Allocation Failure) 3792M->3792M(4161M) 93.969ms
[25.443s][info][gc,cpu         ] GC(230) User=0.52s Sys=0.11s Real=0.09s
[25.499s][info][gc,start       ] GC(231) Pause Young (Allocation Failure)
[25.595s][info][gc,heap        ] GC(231) PSYoungGen: 163136K(223232K)->112928K(228352K) Eden: 56320K(56320K)->0K(60416K) From: 106816K(166912K)->112928K(167936K)
[25.595s][info][gc,heap        ] GC(231) ParOldGen: 3777167K(4038144K)->3827791K(4038144K)
[25.595s][info][gc,metaspace   ] GC(231) Metaspace: 6302K(6528K)->6302K(6528K) NonClass: 5769K(5888K)->5769K(5888K) Class: 533K(640K)->533K(640K)
[25.595s][info][gc             ] GC(231) Pause Young (Allocation Failure) 3847M->3848M(4166M) 95.445ms
[25.595s][info][gc,cpu         ] GC(231) User=0.48s Sys=0.27s Real=0.10s
[25.655s][info][gc,start       ] GC(232) Pause Young (Allocation Failure)
[25.766s][info][gc,heap        ] GC(232) PSYoungGen: 173344K(228352K)->117120K(230912K) Eden: 60416K(60416K)->0K(60416K) From: 112928K(167936K)->117120K(170496K)
[25.766s][info][gc,heap        ] GC(232) ParOldGen: 3827791K(4038144K)->3884615K(4038144K)
[25.766s][info][gc,metaspace   ] GC(232) Metaspace: 6302K(6528K)->6302K(6528K) NonClass: 5769K(5888K)->5769K(5888K) Class: 533K(640K)->533K(640K)
[25.766s][info][gc             ] GC(232) Pause Young (Allocation Failure) 3907M->3907M(4169M) 110.195ms
[25.766s][info][gc,cpu         ] GC(232) User=0.47s Sys=0.41s Real=0.11s
[25.830s][info][gc,start       ] GC(233) Pause Young (Allocation Failure)
[25.960s][info][gc,heap        ] GC(233) PSYoungGen: 177536K(230912K)->60640K(234496K) Eden: 60416K(60416K)->0K(68096K) From: 117120K(170496K)->60640K(166400K)
[25.960s][info][gc,heap        ] GC(233) ParOldGen: 3884615K(4038144K)->4002375K(4038144K)
[25.960s][info][gc,metaspace   ] GC(233) Metaspace: 6302K(6528K)->6302K(6528K) NonClass: 5769K(5888K)->5769K(5888K) Class: 533K(640K)->533K(640K)
[25.960s][info][gc             ] GC(233) Pause Young (Allocation Failure) 3966M->3967M(4172M) 130.687ms
[25.960s][info][gc,cpu         ] GC(233) User=0.55s Sys=0.36s Real=0.13s
[25.960s][info][gc,start       ] GC(234) Pause Full (Ergonomics)
[25.960s][info][gc,phases,start] GC(234) Marking Phase
[26.854s][info][gc,phases      ] GC(234) Marking Phase 893.110ms
[26.854s][info][gc,phases,start] GC(234) Summary Phase
[26.854s][info][gc,phases      ] GC(234) Summary Phase 0.063ms
[26.854s][info][gc,phases,start] GC(234) Adjust Roots
[26.854s][info][gc,phases      ] GC(234) Adjust Roots 0.191ms
[26.854s][info][gc,phases,start] GC(234) Compaction Phase
[27.740s][info][gc,phases      ] GC(234) Compaction Phase 886.447ms
[27.740s][info][gc,phases,start] GC(234) Post Compact
[27.748s][info][gc,phases      ] GC(234) Post Compact 7.505ms
[27.750s][info][gc,heap        ] GC(234) PSYoungGen: 60640K(234496K)->21548K(238080K) Eden: 0K(68096K)->0K(71680K) From: 60640K(166400K)->21548K(166400K)
[27.750s][info][gc,heap        ] GC(234) ParOldGen: 4002375K(4038144K)->4037677K(4232704K)
[27.750s][info][gc,metaspace   ] GC(234) Metaspace: 6302K(6528K)->6302K(6528K) NonClass: 5769K(5888K)->5769K(5888K) Class: 533K(640K)->533K(640K)
[27.750s][info][gc             ] GC(234) Pause Full (Ergonomics) 3967M->3964M(4366M) 1789.679ms
[27.750s][info][gc,cpu         ] GC(234) User=12.56s Sys=0.11s Real=1.79s
[27.839s][info][gc,start       ] GC(235) Pause Young (Allocation Failure)
[28.067s][info][gc,heap        ] GC(235) PSYoungGen: 93228K(238080K)->71904K(241664K) Eden: 71680K(71680K)->0K(71680K) From: 21548K(166400K)->71904K(169984K)
[28.067s][info][gc,heap        ] GC(235) ParOldGen: 4037677K(4232704K)->4059453K(4232704K)
[28.067s][info][gc,metaspace   ] GC(235) Metaspace: 6302K(6528K)->6302K(6528K) NonClass: 5769K(5888K)->5769K(5888K) Class: 533K(640K)->533K(640K)
[28.067s][info][gc             ] GC(235) Pause Young (Allocation Failure) 4034M->4034M(4369M) 228.251ms
[28.067s][info][gc,cpu         ] GC(235) User=1.39s Sys=0.12s Real=0.23s
[28.134s][info][gc,start       ] GC(236) Pause Young (Allocation Failure)
[28.237s][info][gc,heap        ] GC(236) PSYoungGen: 143584K(241664K)->143712K(229888K) Eden: 71680K(71680K)->0K(65536K) From: 71904K(169984K)->143712K(164352K)
[28.237s][info][gc,heap        ] GC(236) ParOldGen: 4059453K(4232704K)->4059453K(4232704K)
[28.237s][info][gc,metaspace   ] GC(236) Metaspace: 6302K(6528K)->6302K(6528K) NonClass: 5769K(5888K)->5769K(5888K) Class: 533K(640K)->533K(640K)
[28.237s][info][gc             ] GC(236) Pause Young (Allocation Failure) 4104M->4104M(4358M) 102.714ms
[28.237s][info][gc,cpu         ] GC(236) User=0.48s Sys=0.23s Real=0.10s
[28.305s][info][gc,start       ] GC(237) Pause Young (Allocation Failure)
[28.452s][info][gc,heap        ] GC(237) PSYoungGen: 209248K(229888K)->137600K(243200K) Eden: 65536K(65536K)->0K(65536K) From: 143712K(164352K)->137600K(177664K)
[28.452s][info][gc,heap        ] GC(237) ParOldGen: 4059453K(4232704K)->4131765K(4232704K)
[28.452s][info][gc,metaspace   ] GC(237) Metaspace: 6302K(6528K)->6302K(6528K) NonClass: 5769K(5888K)->5769K(5888K) Class: 533K(640K)->533K(640K)
[28.452s][info][gc             ] GC(237) Pause Young (Allocation Failure) 4168M->4169M(4371M) 146.915ms
[28.452s][info][gc,cpu         ] GC(237) User=0.72s Sys=0.30s Real=0.15s
[28.452s][info][gc,start       ] GC(238) Pause Full (Ergonomics)
[28.452s][info][gc,phases,start] GC(238) Marking Phase
[29.392s][info][gc,phases      ] GC(238) Marking Phase 940.116ms
[29.392s][info][gc,phases,start] GC(238) Summary Phase
[29.392s][info][gc,phases      ] GC(238) Summary Phase 0.064ms
[29.392s][info][gc,phases,start] GC(238) Adjust Roots
[29.392s][info][gc,phases      ] GC(238) Adjust Roots 0.162ms
[29.392s][info][gc,phases,start] GC(238) Compaction Phase
[29.760s][info][gc,phases      ] GC(238) Compaction Phase 367.970ms
[29.760s][info][gc,phases,start] GC(238) Post Compact
[29.767s][info][gc,phases      ] GC(238) Post Compact 6.764ms
[29.767s][info][gc,heap        ] GC(238) PSYoungGen: 137600K(243200K)->35474K(243200K) Eden: 0K(65536K)->0K(65536K) From: 137600K(177664K)->35474K(177664K)
[29.767s][info][gc,heap        ] GC(238) ParOldGen: 4131765K(4232704K)->4232547K(4232704K)
[29.767s][info][gc,metaspace   ] GC(238) Metaspace: 6302K(6528K)->6302K(6528K) NonClass: 5769K(5888K)->5769K(5888K) Class: 533K(640K)->533K(640K)
[29.767s][info][gc             ] GC(238) Pause Full (Ergonomics) 4169M->4167M(4371M) 1315.432ms
[29.767s][info][gc,cpu         ] GC(238) User=9.50s Sys=0.16s Real=1.32s
[29.849s][info][gc,start       ] GC(239) Pause Full (Ergonomics)
[29.849s][info][gc,phases,start] GC(239) Marking Phase
[30.828s][info][gc,phases      ] GC(239) Marking Phase 979.205ms
[30.828s][info][gc,phases,start] GC(239) Summary Phase
[30.828s][info][gc,phases      ] GC(239) Summary Phase 0.050ms
[30.828s][info][gc,phases,start] GC(239) Adjust Roots
[30.828s][info][gc,phases      ] GC(239) Adjust Roots 0.180ms
[30.828s][info][gc,phases,start] GC(239) Compaction Phase
[31.116s][info][gc,phases      ] GC(239) Compaction Phase 287.963ms
[31.116s][info][gc,phases,start] GC(239) Post Compact
[31.123s][info][gc,phases      ] GC(239) Post Compact 6.573ms
[31.123s][info][gc,heap        ] GC(239) PSYoungGen: 101010K(243200K)->100975K(243200K) Eden: 65536K(65536K)->65501K(65536K) From: 35474K(177664K)->35474K(177664K)
[31.123s][info][gc,heap        ] GC(239) ParOldGen: 4232547K(4232704K)->4232547K(4232704K)
[31.123s][info][gc,metaspace   ] GC(239) Metaspace: 6302K(6528K)->6302K(6528K) NonClass: 5769K(5888K)->5769K(5888K) Class: 533K(640K)->533K(640K)
[31.123s][info][gc             ] GC(239) Pause Full (Ergonomics) 4231M->4231M(4371M) 1274.348ms
[31.123s][info][gc,cpu         ] GC(239) User=9.75s Sys=0.02s Real=1.27s
[31.123s][info][gc,start       ] GC(240) Pause Full (Ergonomics)
[31.123s][info][gc,phases,start] GC(240) Marking Phase
[32.071s][info][gc,phases      ] GC(240) Marking Phase 947.931ms
[32.071s][info][gc,phases,start] GC(240) Summary Phase
[32.071s][info][gc,phases      ] GC(240) Summary Phase 0.050ms
[32.071s][info][gc,phases,start] GC(240) Adjust Roots
[32.071s][info][gc,phases      ] GC(240) Adjust Roots 0.185ms
[32.071s][info][gc,phases,start] GC(240) Compaction Phase
[32.399s][info][gc,phases      ] GC(240) Compaction Phase 327.239ms
[32.399s][info][gc,phases,start] GC(240) Post Compact
[32.406s][info][gc,phases      ] GC(240) Post Compact 6.742ms
[32.406s][info][gc,heap        ] GC(240) PSYoungGen: 101010K(243200K)->101009K(243200K) Eden: 65536K(65536K)->65535K(65536K) From: 35474K(177664K)->35474K(177664K)
[32.406s][info][gc,heap        ] GC(240) ParOldGen: 4232547K(4232704K)->4232547K(4232704K)
[32.406s][info][gc,metaspace   ] GC(240) Metaspace: 6302K(6528K)->6302K(6528K) NonClass: 5769K(5888K)->5769K(5888K) Class: 533K(640K)->533K(640K)
[32.406s][info][gc             ] GC(240) Pause Full (Ergonomics) 4231M->4231M(4371M) 1282.490ms
[32.406s][info][gc,cpu         ] GC(240) User=9.42s Sys=0.00s Real=1.28s
[32.406s][info][gc,start       ] GC(241) Pause Full (Ergonomics)
[32.406s][info][gc,phases,start] GC(241) Marking Phase
[33.390s][info][gc,phases      ] GC(241) Marking Phase 983.893ms
[33.390s][info][gc,phases,start] GC(241) Summary Phase
[33.390s][info][gc,phases      ] GC(241) Summary Phase 0.055ms
[33.390s][info][gc,phases,start] GC(241) Adjust Roots
[33.390s][info][gc,phases      ] GC(241) Adjust Roots 0.214ms
[33.390s][info][gc,phases,start] GC(241) Compaction Phase
[33.672s][info][gc,phases      ] GC(241) Compaction Phase 282.067ms
[33.672s][info][gc,phases,start] GC(241) Post Compact
[33.679s][info][gc,phases      ] GC(241) Post Compact 6.539ms
[33.679s][info][gc,heap        ] GC(241) PSYoungGen: 101009K(243200K)->101009K(243200K) Eden: 65535K(65536K)->65535K(65536K) From: 35474K(177664K)->35474K(177664K)
[33.679s][info][gc,heap        ] GC(241) ParOldGen: 4232547K(4232704K)->4232547K(4232704K)
[33.679s][info][gc,metaspace   ] GC(241) Metaspace: 6302K(6528K)->6302K(6528K) NonClass: 5769K(5888K)->5769K(5888K) Class: 533K(640K)->533K(640K)
[33.679s][info][gc             ] GC(241) Pause Full (Ergonomics) 4231M->4231M(4371M) 1273.087ms
[33.679s][info][gc,cpu         ] GC(241) User=9.84s Sys=0.00s Real=1.27s
[33.679s][info][gc,start       ] GC(242) Pause Full (Ergonomics)
[33.679s][info][gc,phases,start] GC(242) Marking Phase
[34.622s][info][gc,phases      ] GC(242) Marking Phase 942.703ms
[34.622s][info][gc,phases,start] GC(242) Summary Phase
[34.622s][info][gc,phases      ] GC(242) Summary Phase 0.048ms
[34.622s][info][gc,phases,start] GC(242) Adjust Roots
[34.622s][info][gc,phases      ] GC(242) Adjust Roots 0.172ms
[34.622s][info][gc,phases,start] GC(242) Compaction Phase
[34.916s][info][gc,phases      ] GC(242) Compaction Phase 293.265ms
[34.916s][info][gc,phases,start] GC(242) Post Compact
[34.922s][info][gc,phases      ] GC(242) Post Compact 6.721ms
[34.922s][info][gc,heap        ] GC(242) PSYoungGen: 101010K(243200K)->101010K(243200K) Eden: 65536K(65536K)->65536K(65536K) From: 35474K(177664K)->35474K(177664K)
[34.922s][info][gc,heap        ] GC(242) ParOldGen: 4232552K(4232704K)->4232552K(4232704K)
[34.922s][info][gc,metaspace   ] GC(242) Metaspace: 6302K(6528K)->6302K(6528K) NonClass: 5769K(5888K)->5769K(5888K) Class: 533K(640K)->533K(640K)
[34.922s][info][gc             ] GC(242) Pause Full (Ergonomics) 4231M->4231M(4371M) 1243.244ms
[34.922s][info][gc,cpu         ] GC(242) User=9.33s Sys=0.00s Real=1.24s
[34.923s][info][gc,start       ] GC(243) Pause Full (Ergonomics)
[34.923s][info][gc,phases,start] GC(243) Marking Phase
[35.890s][info][gc,phases      ] GC(243) Marking Phase 967.096ms
[35.890s][info][gc,phases,start] GC(243) Summary Phase
[35.890s][info][gc,phases      ] GC(243) Summary Phase 0.048ms
[35.890s][info][gc,phases,start] GC(243) Adjust Roots
[35.890s][info][gc,phases      ] GC(243) Adjust Roots 0.164ms
[35.890s][info][gc,phases,start] GC(243) Compaction Phase
[36.198s][info][gc,phases      ] GC(243) Compaction Phase 307.538ms
[36.198s][info][gc,phases,start] GC(243) Post Compact
[36.204s][info][gc,phases      ] GC(243) Post Compact 6.470ms
[36.204s][info][gc,heap        ] GC(243) PSYoungGen: 101010K(243200K)->101010K(243200K) Eden: 65536K(65536K)->65536K(65536K) From: 35474K(177664K)->35474K(177664K)
[36.204s][info][gc,heap        ] GC(243) ParOldGen: 4232556K(4232704K)->4232556K(4232704K)
[36.204s][info][gc,metaspace   ] GC(243) Metaspace: 6302K(6528K)->6302K(6528K) NonClass: 5769K(5888K)->5769K(5888K) Class: 533K(640K)->533K(640K)
[36.204s][info][gc             ] GC(243) Pause Full (Ergonomics) 4231M->4231M(4371M) 1281.623ms
[36.204s][info][gc,cpu         ] GC(243) User=9.69s Sys=0.00s Real=1.28s
[36.204s][info][gc,start       ] GC(244) Pause Full (Ergonomics)
[36.204s][info][gc,phases,start] GC(244) Marking Phase
[37.164s][info][gc,phases      ] GC(244) Marking Phase 959.308ms
[37.164s][info][gc,phases,start] GC(244) Summary Phase
[37.164s][info][gc,phases      ] GC(244) Summary Phase 0.058ms
[37.164s][info][gc,phases,start] GC(244) Adjust Roots
[37.164s][info][gc,phases      ] GC(244) Adjust Roots 0.168ms
[37.164s][info][gc,phases,start] GC(244) Compaction Phase
[37.445s][info][gc,phases      ] GC(244) Compaction Phase 280.899ms
[37.445s][info][gc,phases,start] GC(244) Post Compact
[37.451s][info][gc,phases      ] GC(244) Post Compact 5.763ms
[37.451s][info][gc,heap        ] GC(244) PSYoungGen: 101010K(243200K)->101010K(243200K) Eden: 65536K(65536K)->65536K(65536K) From: 35474K(177664K)->35474K(177664K)
[37.451s][info][gc,heap        ] GC(244) ParOldGen: 4232561K(4232704K)->4232561K(4232704K)
[37.451s][info][gc,metaspace   ] GC(244) Metaspace: 6302K(6528K)->6302K(6528K) NonClass: 5769K(5888K)->5769K(5888K) Class: 533K(640K)->533K(640K)
[37.451s][info][gc             ] GC(244) Pause Full (Ergonomics) 4232M->4232M(4371M) 1246.531ms
[37.451s][info][gc,cpu         ] GC(244) User=9.47s Sys=0.00s Real=1.25s
[37.451s][info][gc,start       ] GC(245) Pause Full (Ergonomics)
[37.451s][info][gc,phases,start] GC(245) Marking Phase
[38.424s][info][gc,phases      ] GC(245) Marking Phase 972.970ms
[38.424s][info][gc,phases,start] GC(245) Summary Phase
[38.424s][info][gc,phases      ] GC(245) Summary Phase 0.050ms
[38.424s][info][gc,phases,start] GC(245) Adjust Roots
[38.424s][info][gc,phases      ] GC(245) Adjust Roots 0.173ms
[38.425s][info][gc,phases,start] GC(245) Compaction Phase
[38.764s][info][gc,phases      ] GC(245) Compaction Phase 339.583ms
[38.764s][info][gc,phases,start] GC(245) Post Compact
[38.771s][info][gc,phases      ] GC(245) Post Compact 6.540ms
[38.771s][info][gc,heap        ] GC(245) PSYoungGen: 101010K(243200K)->101010K(243200K) Eden: 65536K(65536K)->65536K(65536K) From: 35474K(177664K)->35474K(177664K)
[38.771s][info][gc,heap        ] GC(245) ParOldGen: 4232566K(4232704K)->4232566K(4232704K)
[38.771s][info][gc,metaspace   ] GC(245) Metaspace: 6302K(6528K)->6302K(6528K) NonClass: 5769K(5888K)->5769K(5888K) Class: 533K(640K)->533K(640K)
[38.771s][info][gc             ] GC(245) Pause Full (Ergonomics) 4232M->4232M(4371M) 1319.622ms
[38.771s][info][gc,cpu         ] GC(245) User=9.62s Sys=0.00s Real=1.32s
[38.771s][info][gc,start       ] GC(246) Pause Full (Ergonomics)
[38.771s][info][gc,phases,start] GC(246) Marking Phase
[39.738s][info][gc,phases      ] GC(246) Marking Phase 967.209ms
[39.738s][info][gc,phases,start] GC(246) Summary Phase
[39.738s][info][gc,phases      ] GC(246) Summary Phase 0.049ms
[39.738s][info][gc,phases,start] GC(246) Adjust Roots
[39.739s][info][gc,phases      ] GC(246) Adjust Roots 0.171ms
[39.739s][info][gc,phases,start] GC(246) Compaction Phase
[40.060s][info][gc,phases      ] GC(246) Compaction Phase 321.211ms
[40.060s][info][gc,phases,start] GC(246) Post Compact
[40.066s][info][gc,phases      ] GC(246) Post Compact 6.181ms
[40.066s][info][gc,heap        ] GC(246) PSYoungGen: 101010K(243200K)->101010K(243200K) Eden: 65536K(65536K)->65536K(65536K) From: 35474K(177664K)->35474K(177664K)
[40.066s][info][gc,heap        ] GC(246) ParOldGen: 4232571K(4232704K)->4232571K(4232704K)
[40.066s][info][gc,metaspace   ] GC(246) Metaspace: 6302K(6528K)->6302K(6528K) NonClass: 5769K(5888K)->5769K(5888K) Class: 533K(640K)->533K(640K)
[40.066s][info][gc             ] GC(246) Pause Full (Ergonomics) 4232M->4232M(4371M) 1295.142ms
[40.066s][info][gc,cpu         ] GC(246) User=9.59s Sys=0.00s Real=1.30s
[40.066s][info][gc,start       ] GC(247) Pause Full (Ergonomics)
[40.066s][info][gc,phases,start] GC(247) Marking Phase
[41.060s][info][gc,phases      ] GC(247) Marking Phase 993.247ms
[41.060s][info][gc,phases,start] GC(247) Summary Phase
[41.060s][info][gc,phases      ] GC(247) Summary Phase 0.050ms
[41.060s][info][gc,phases,start] GC(247) Adjust Roots
[41.060s][info][gc,phases      ] GC(247) Adjust Roots 0.173ms
[41.060s][info][gc,phases,start] GC(247) Compaction Phase
[41.349s][info][gc,phases      ] GC(247) Compaction Phase 289.334ms
[41.349s][info][gc,phases,start] GC(247) Post Compact
[41.355s][info][gc,phases      ] GC(247) Post Compact 6.107ms
[41.356s][info][gc,heap        ] GC(247) PSYoungGen: 101010K(243200K)->101010K(243200K) Eden: 65536K(65536K)->65536K(65536K) From: 35474K(177664K)->35474K(177664K)
[41.356s][info][gc,heap        ] GC(247) ParOldGen: 4232576K(4232704K)->4232576K(4232704K)
[41.356s][info][gc,metaspace   ] GC(247) Metaspace: 6302K(6528K)->6302K(6528K) NonClass: 5769K(5888K)->5769K(5888K) Class: 533K(640K)->533K(640K)
[41.356s][info][gc             ] GC(247) Pause Full (Ergonomics) 4232M->4232M(4371M) 1289.242ms
[41.356s][info][gc,cpu         ] GC(247) User=9.94s Sys=0.00s Real=1.29s
[41.356s][info][gc,start       ] GC(248) Pause Full (Ergonomics)
[41.356s][info][gc,phases,start] GC(248) Marking Phase
[42.329s][info][gc,phases      ] GC(248) Marking Phase 972.982ms
[42.329s][info][gc,phases,start] GC(248) Summary Phase
[42.329s][info][gc,phases      ] GC(248) Summary Phase 0.049ms
[42.329s][info][gc,phases,start] GC(248) Adjust Roots
[42.329s][info][gc,phases      ] GC(248) Adjust Roots 0.219ms
[42.329s][info][gc,phases,start] GC(248) Compaction Phase
[42.645s][info][gc,phases      ] GC(248) Compaction Phase 315.621ms
[42.645s][info][gc,phases,start] GC(248) Post Compact
[42.651s][info][gc,phases      ] GC(248) Post Compact 6.415ms
[42.651s][info][gc,heap        ] GC(248) PSYoungGen: 101010K(243200K)->101010K(243200K) Eden: 65536K(65536K)->65536K(65536K) From: 35474K(177664K)->35474K(177664K)
[42.651s][info][gc,heap        ] GC(248) ParOldGen: 4232581K(4232704K)->4232581K(4232704K)
[42.651s][info][gc,metaspace   ] GC(248) Metaspace: 6302K(6528K)->6302K(6528K) NonClass: 5769K(5888K)->5769K(5888K) Class: 533K(640K)->533K(640K)
[42.651s][info][gc             ] GC(248) Pause Full (Ergonomics) 4232M->4232M(4371M) 1295.598ms
[42.651s][info][gc,cpu         ] GC(248) User=9.80s Sys=0.00s Real=1.30s
[42.652s][info][gc,start       ] GC(249) Pause Full (Ergonomics)
[42.652s][info][gc,phases,start] GC(249) Marking Phase
[43.636s][info][gc,phases      ] GC(249) Marking Phase 983.914ms
[43.636s][info][gc,phases,start] GC(249) Summary Phase
[43.636s][info][gc,phases      ] GC(249) Summary Phase 0.048ms
[43.636s][info][gc,phases,start] GC(249) Adjust Roots
[43.636s][info][gc,phases      ] GC(249) Adjust Roots 0.184ms
[43.636s][info][gc,phases,start] GC(249) Compaction Phase
[43.990s][info][gc,phases      ] GC(249) Compaction Phase 353.885ms
[43.990s][info][gc,phases,start] GC(249) Post Compact
[43.996s][info][gc,phases      ] GC(249) Post Compact 6.177ms
[43.996s][info][gc,heap        ] GC(249) PSYoungGen: 101010K(243200K)->101010K(243200K) Eden: 65536K(65536K)->65536K(65536K) From: 35474K(177664K)->35474K(177664K)
[43.996s][info][gc,heap        ] GC(249) ParOldGen: 4232585K(4232704K)->4232585K(4232704K)
[43.996s][info][gc,metaspace   ] GC(249) Metaspace: 6302K(6528K)->6302K(6528K) NonClass: 5769K(5888K)->5769K(5888K) Class: 533K(640K)->533K(640K)
[43.996s][info][gc             ] GC(249) Pause Full (Ergonomics) 4232M->4232M(4371M) 1344.523ms
[43.996s][info][gc,cpu         ] GC(249) User=9.94s Sys=0.00s Real=1.35s
[43.996s][info][gc,start       ] GC(250) Pause Full (Ergonomics)
[43.996s][info][gc,phases,start] GC(250) Marking Phase
[44.986s][info][gc,phases      ] GC(250) Marking Phase 989.408ms
[44.986s][info][gc,phases,start] GC(250) Summary Phase
[44.986s][info][gc,phases      ] GC(250) Summary Phase 0.049ms
[44.986s][info][gc,phases,start] GC(250) Adjust Roots
[44.986s][info][gc,phases      ] GC(250) Adjust Roots 0.195ms
[44.986s][info][gc,phases,start] GC(250) Compaction Phase
[45.289s][info][gc,phases      ] GC(250) Compaction Phase 302.670ms
[45.289s][info][gc,phases,start] GC(250) Post Compact
[45.295s][info][gc,phases      ] GC(250) Post Compact 6.392ms
[45.295s][info][gc,heap        ] GC(250) PSYoungGen: 101010K(243200K)->101010K(243200K) Eden: 65536K(65536K)->65536K(65536K) From: 35474K(177664K)->35474K(177664K)
[45.295s][info][gc,heap        ] GC(250) ParOldGen: 4232590K(4232704K)->4232590K(4232704K)
[45.295s][info][gc,metaspace   ] GC(250) Metaspace: 6302K(6528K)->6302K(6528K) NonClass: 5769K(5888K)->5769K(5888K) Class: 533K(640K)->533K(640K)
[45.295s][info][gc             ] GC(250) Pause Full (Ergonomics) 4232M->4232M(4371M) 1299.047ms
[45.295s][info][gc,cpu         ] GC(250) User=9.84s Sys=0.00s Real=1.30s
[45.296s][info][gc,start       ] GC(251) Pause Full (Ergonomics)
[45.296s][info][gc,phases,start] GC(251) Marking Phase
[46.273s][info][gc,phases      ] GC(251) Marking Phase 977.401ms
[46.273s][info][gc,phases,start] GC(251) Summary Phase
[46.273s][info][gc,phases      ] GC(251) Summary Phase 0.049ms
[46.273s][info][gc,phases,start] GC(251) Adjust Roots
[46.273s][info][gc,phases      ] GC(251) Adjust Roots 0.167ms
[46.273s][info][gc,phases,start] GC(251) Compaction Phase
[46.583s][info][gc,phases      ] GC(251) Compaction Phase 309.347ms
[46.583s][info][gc,phases,start] GC(251) Post Compact
[46.589s][info][gc,phases      ] GC(251) Post Compact 6.299ms
[46.589s][info][gc,heap        ] GC(251) PSYoungGen: 101010K(243200K)->101010K(243200K) Eden: 65536K(65536K)->65536K(65536K) From: 35474K(177664K)->35474K(177664K)
[46.589s][info][gc,heap        ] GC(251) ParOldGen: 4232595K(4232704K)->4232595K(4232704K)
[46.589s][info][gc,metaspace   ] GC(251) Metaspace: 6302K(6528K)->6302K(6528K) NonClass: 5769K(5888K)->5769K(5888K) Class: 533K(640K)->533K(640K)
[46.589s][info][gc             ] GC(251) Pause Full (Ergonomics) 4232M->4232M(4371M) 1293.577ms
[46.589s][info][gc,cpu         ] GC(251) User=9.64s Sys=0.03s Real=1.29s
[46.589s][info][gc,start       ] GC(252) Pause Full (Ergonomics)
[46.589s][info][gc,phases,start] GC(252) Marking Phase
[47.601s][info][gc,phases      ] GC(252) Marking Phase 1011.825ms
[47.601s][info][gc,phases,start] GC(252) Summary Phase
[47.601s][info][gc,phases      ] GC(252) Summary Phase 0.049ms
[47.601s][info][gc,phases,start] GC(252) Adjust Roots
[47.602s][info][gc,phases      ] GC(252) Adjust Roots 0.219ms
[47.602s][info][gc,phases,start] GC(252) Compaction Phase
[47.901s][info][gc,phases      ] GC(252) Compaction Phase 299.138ms
[47.901s][info][gc,phases,start] GC(252) Post Compact
[47.907s][info][gc,phases      ] GC(252) Post Compact 6.204ms
[47.907s][info][gc,heap        ] GC(252) PSYoungGen: 101010K(243200K)->101010K(243200K) Eden: 65536K(65536K)->65536K(65536K) From: 35474K(177664K)->35474K(177664K)
[47.907s][info][gc,heap        ] GC(252) ParOldGen: 4232600K(4232704K)->4232600K(4232704K)
[47.907s][info][gc,metaspace   ] GC(252) Metaspace: 6302K(6528K)->6302K(6528K) NonClass: 5769K(5888K)->5769K(5888K) Class: 533K(640K)->533K(640K)
[47.907s][info][gc             ] GC(252) Pause Full (Ergonomics) 4232M->4232M(4371M) 1317.755ms
[47.907s][info][gc,cpu         ] GC(252) User=10.08s Sys=0.00s Real=1.32s
[47.907s][info][gc,start       ] GC(253) Pause Full (Ergonomics)
[47.907s][info][gc,phases,start] GC(253) Marking Phase
[48.905s][info][gc,phases      ] GC(253) Marking Phase 997.572ms
[48.905s][info][gc,phases,start] GC(253) Summary Phase
[48.905s][info][gc,phases      ] GC(253) Summary Phase 0.050ms
[48.905s][info][gc,phases,start] GC(253) Adjust Roots
[48.905s][info][gc,phases      ] GC(253) Adjust Roots 0.168ms
[48.905s][info][gc,phases,start] GC(253) Compaction Phase
[49.233s][info][gc,phases      ] GC(253) Compaction Phase 327.725ms
[49.233s][info][gc,phases,start] GC(253) Post Compact
[49.239s][info][gc,phases      ] GC(253) Post Compact 6.455ms
[49.239s][info][gc,heap        ] GC(253) PSYoungGen: 101010K(243200K)->101010K(243200K) Eden: 65536K(65536K)->65536K(65536K) From: 35474K(177664K)->35474K(177664K)
[49.240s][info][gc,heap        ] GC(253) ParOldGen: 4232605K(4232704K)->4232605K(4232704K)
[49.240s][info][gc,metaspace   ] GC(253) Metaspace: 6302K(6528K)->6302K(6528K) NonClass: 5769K(5888K)->5769K(5888K) Class: 533K(640K)->533K(640K)
[49.240s][info][gc             ] GC(253) Pause Full (Ergonomics) 4232M->4232M(4371M) 1332.260ms
[49.240s][info][gc,cpu         ] GC(253) User=10.03s Sys=0.00s Real=1.33s
[49.240s][info][gc,start       ] GC(254) Pause Full (Ergonomics)
[49.240s][info][gc,phases,start] GC(254) Marking Phase
[50.240s][info][gc,phases      ] GC(254) Marking Phase 1000.092ms
[50.240s][info][gc,phases,start] GC(254) Summary Phase
[50.240s][info][gc,phases      ] GC(254) Summary Phase 0.050ms
[50.240s][info][gc,phases,start] GC(254) Adjust Roots
[50.240s][info][gc,phases      ] GC(254) Adjust Roots 0.170ms
[50.240s][info][gc,phases,start] GC(254) Compaction Phase
[50.599s][info][gc,phases      ] GC(254) Compaction Phase 358.371ms
[50.599s][info][gc,phases,start] GC(254) Post Compact
[50.605s][info][gc,phases      ] GC(254) Post Compact 6.417ms
[50.605s][info][gc,heap        ] GC(254) PSYoungGen: 101010K(243200K)->101010K(243200K) Eden: 65536K(65536K)->65536K(65536K) From: 35474K(177664K)->35474K(177664K)
[50.605s][info][gc,heap        ] GC(254) ParOldGen: 4232610K(4232704K)->4232610K(4232704K)
[50.605s][info][gc,metaspace   ] GC(254) Metaspace: 6302K(6528K)->6302K(6528K) NonClass: 5769K(5888K)->5769K(5888K) Class: 533K(640K)->533K(640K)
[50.605s][info][gc             ] GC(254) Pause Full (Ergonomics) 4232M->4232M(4371M) 1365.461ms
[50.605s][info][gc,cpu         ] GC(254) User=9.95s Sys=0.02s Real=1.37s
[50.605s][info][gc,start       ] GC(255) Pause Full (Ergonomics)
[50.605s][info][gc,phases,start] GC(255) Marking Phase
[51.608s][info][gc,phases      ] GC(255) Marking Phase 1002.845ms
[51.608s][info][gc,phases,start] GC(255) Summary Phase
[51.608s][info][gc,phases      ] GC(255) Summary Phase 0.049ms
[51.608s][info][gc,phases,start] GC(255) Adjust Roots
[51.609s][info][gc,phases      ] GC(255) Adjust Roots 0.180ms
[51.609s][info][gc,phases,start] GC(255) Compaction Phase
[51.950s][info][gc,phases      ] GC(255) Compaction Phase 341.361ms
[51.950s][info][gc,phases,start] GC(255) Post Compact
[51.956s][info][gc,phases      ] GC(255) Post Compact 6.304ms
[51.956s][info][gc,heap        ] GC(255) PSYoungGen: 101010K(243200K)->101010K(243200K) Eden: 65536K(65536K)->65536K(65536K) From: 35474K(177664K)->35474K(177664K)
[51.956s][info][gc,heap        ] GC(255) ParOldGen: 4232614K(4232704K)->4232614K(4232704K)
[51.956s][info][gc,metaspace   ] GC(255) Metaspace: 6302K(6528K)->6302K(6528K) NonClass: 5769K(5888K)->5769K(5888K) Class: 533K(640K)->533K(640K)
[51.956s][info][gc             ] GC(255) Pause Full (Ergonomics) 4232M->4232M(4371M) 1351.047ms
[51.956s][info][gc,cpu         ] GC(255) User=10.08s Sys=0.00s Real=1.35s
[51.957s][info][gc,start       ] GC(256) Pause Full (Ergonomics)
[51.957s][info][gc,phases,start] GC(256) Marking Phase
[52.984s][info][gc,phases      ] GC(256) Marking Phase 1026.819ms
[52.984s][info][gc,phases,start] GC(256) Summary Phase
[52.984s][info][gc,phases      ] GC(256) Summary Phase 0.049ms
[52.984s][info][gc,phases,start] GC(256) Adjust Roots
[52.984s][info][gc,phases      ] GC(256) Adjust Roots 0.184ms
[52.984s][info][gc,phases,start] GC(256) Compaction Phase
[53.342s][info][gc,phases      ] GC(256) Compaction Phase 358.359ms
[53.342s][info][gc,phases,start] GC(256) Post Compact
[53.349s][info][gc,phases      ] GC(256) Post Compact 6.345ms
[53.349s][info][gc,heap        ] GC(256) PSYoungGen: 101010K(243200K)->101010K(243200K) Eden: 65536K(65536K)->65536K(65536K) From: 35474K(177664K)->35474K(177664K)
[53.349s][info][gc,heap        ] GC(256) ParOldGen: 4232619K(4232704K)->4232619K(4232704K)
[53.349s][info][gc,metaspace   ] GC(256) Metaspace: 6302K(6528K)->6302K(6528K) NonClass: 5769K(5888K)->5769K(5888K) Class: 533K(640K)->533K(640K)
[53.349s][info][gc             ] GC(256) Pause Full (Ergonomics) 4232M->4232M(4371M) 1392.117ms
[53.349s][info][gc,cpu         ] GC(256) User=10.22s Sys=0.02s Real=1.39s
[53.349s][info][gc,start       ] GC(257) Pause Full (Ergonomics)
[53.349s][info][gc,phases,start] GC(257) Marking Phase
[54.351s][info][gc,phases      ] GC(257) Marking Phase 1002.225ms
[54.351s][info][gc,phases,start] GC(257) Summary Phase
[54.351s][info][gc,phases      ] GC(257) Summary Phase 0.050ms
[54.351s][info][gc,phases,start] GC(257) Adjust Roots
[54.352s][info][gc,phases      ] GC(257) Adjust Roots 0.177ms
[54.352s][info][gc,phases,start] GC(257) Compaction Phase
[54.668s][info][gc,phases      ] GC(257) Compaction Phase 316.520ms
[54.668s][info][gc,phases,start] GC(257) Post Compact
[54.675s][info][gc,phases      ] GC(257) Post Compact 6.344ms
[54.675s][info][gc,heap        ] GC(257) PSYoungGen: 101010K(243200K)->101010K(243200K) Eden: 65536K(65536K)->65536K(65536K) From: 35474K(177664K)->35474K(177664K)
[54.675s][info][gc,heap        ] GC(257) ParOldGen: 4232624K(4232704K)->4232624K(4232704K)
[54.675s][info][gc,metaspace   ] GC(257) Metaspace: 6302K(6528K)->6302K(6528K) NonClass: 5769K(5888K)->5769K(5888K) Class: 533K(640K)->533K(640K)
[54.675s][info][gc             ] GC(257) Pause Full (Ergonomics) 4232M->4232M(4371M) 1325.623ms
[54.675s][info][gc,cpu         ] GC(257) User=9.97s Sys=0.00s Real=1.33s
[54.675s][info][gc,start       ] GC(258) Pause Full (Ergonomics)
[54.675s][info][gc,phases,start] GC(258) Marking Phase
[55.669s][info][gc,phases      ] GC(258) Marking Phase 994.077ms
[55.669s][info][gc,phases,start] GC(258) Summary Phase
[55.669s][info][gc,phases      ] GC(258) Summary Phase 0.050ms
[55.669s][info][gc,phases,start] GC(258) Adjust Roots
[55.669s][info][gc,phases      ] GC(258) Adjust Roots 0.168ms
[55.669s][info][gc,phases,start] GC(258) Compaction Phase
[56.004s][info][gc,phases      ] GC(258) Compaction Phase 334.529ms
[56.004s][info][gc,phases,start] GC(258) Post Compact
[56.011s][info][gc,phases      ] GC(258) Post Compact 6.736ms
[56.011s][info][gc,heap        ] GC(258) PSYoungGen: 101010K(243200K)->101010K(243200K) Eden: 65536K(65536K)->65536K(65536K) From: 35474K(177664K)->35474K(177664K)
[56.011s][info][gc,heap        ] GC(258) ParOldGen: 4232629K(4232704K)->4232629K(4232704K)
[56.011s][info][gc,metaspace   ] GC(258) Metaspace: 6302K(6528K)->6302K(6528K) NonClass: 5769K(5888K)->5769K(5888K) Class: 533K(640K)->533K(640K)
[56.011s][info][gc             ] GC(258) Pause Full (Ergonomics) 4232M->4232M(4371M) 1335.888ms
[56.011s][info][gc,cpu         ] GC(258) User=10.09s Sys=0.00s Real=1.34s
[56.011s][info][gc,start       ] GC(259) Pause Full (Ergonomics)
[56.011s][info][gc,phases,start] GC(259) Marking Phase
[57.042s][info][gc,phases      ] GC(259) Marking Phase 1031.463ms
[57.042s][info][gc,phases,start] GC(259) Summary Phase
[57.043s][info][gc,phases      ] GC(259) Summary Phase 0.077ms
[57.043s][info][gc,phases,start] GC(259) Adjust Roots
[57.043s][info][gc,phases      ] GC(259) Adjust Roots 0.275ms
[57.043s][info][gc,phases,start] GC(259) Compaction Phase
[57.350s][info][gc,phases      ] GC(259) Compaction Phase 306.622ms
[57.350s][info][gc,phases,start] GC(259) Post Compact
[57.356s][info][gc,phases      ] GC(259) Post Compact 6.282ms
[57.356s][info][gc,heap        ] GC(259) PSYoungGen: 101010K(243200K)->101010K(243200K) Eden: 65536K(65536K)->65536K(65536K) From: 35474K(177664K)->35474K(177664K)
[57.356s][info][gc,heap        ] GC(259) ParOldGen: 4232634K(4232704K)->4232634K(4232704K)
[57.356s][info][gc,metaspace   ] GC(259) Metaspace: 6302K(6528K)->6302K(6528K) NonClass: 5769K(5888K)->5769K(5888K) Class: 533K(640K)->533K(640K)
[57.356s][info][gc             ] GC(259) Pause Full (Ergonomics) 4232M->4232M(4371M) 1345.101ms
[57.356s][info][gc,cpu         ] GC(259) User=10.47s Sys=0.00s Real=1.35s
[57.356s][info][gc,start       ] GC(260) Pause Full (Ergonomics)
[57.356s][info][gc,phases,start] GC(260) Marking Phase
[58.393s][info][gc,phases      ] GC(260) Marking Phase 1036.584ms
[58.393s][info][gc,phases,start] GC(260) Summary Phase
[58.393s][info][gc,phases      ] GC(260) Summary Phase 0.049ms
[58.393s][info][gc,phases,start] GC(260) Adjust Roots
[58.393s][info][gc,phases      ] GC(260) Adjust Roots 0.201ms
[58.393s][info][gc,phases,start] GC(260) Compaction Phase
[58.765s][info][gc,phases      ] GC(260) Compaction Phase 371.551ms
[58.765s][info][gc,phases,start] GC(260) Post Compact
[58.771s][info][gc,phases      ] GC(260) Post Compact 6.359ms
[58.771s][info][gc,heap        ] GC(260) PSYoungGen: 101010K(243200K)->101010K(243200K) Eden: 65536K(65536K)->65536K(65536K) From: 35474K(177664K)->35474K(177664K)
[58.771s][info][gc,heap        ] GC(260) ParOldGen: 4232639K(4232704K)->4232639K(4232704K)
[58.771s][info][gc,metaspace   ] GC(260) Metaspace: 6302K(6528K)->6302K(6528K) NonClass: 5769K(5888K)->5769K(5888K) Class: 533K(640K)->533K(640K)
[58.771s][info][gc             ] GC(260) Pause Full (Ergonomics) 4232M->4232M(4371M) 1415.049ms
[58.771s][info][gc,cpu         ] GC(260) User=10.25s Sys=0.00s Real=1.41s
[58.771s][info][gc,start       ] GC(261) Pause Full (Ergonomics)
[58.771s][info][gc,phases,start] GC(261) Marking Phase
[59.793s][info][gc,phases      ] GC(261) Marking Phase 1021.542ms
[59.793s][info][gc,phases,start] GC(261) Summary Phase
[59.793s][info][gc,phases      ] GC(261) Summary Phase 0.049ms
[59.793s][info][gc,phases,start] GC(261) Adjust Roots
[59.793s][info][gc,phases      ] GC(261) Adjust Roots 0.168ms
[59.793s][info][gc,phases,start] GC(261) Compaction Phase
[60.128s][info][gc,phases      ] GC(261) Compaction Phase 334.653ms
[60.128s][info][gc,phases,start] GC(261) Post Compact
[60.135s][info][gc,phases      ] GC(261) Post Compact 6.506ms
[60.135s][info][gc,heap        ] GC(261) PSYoungGen: 101010K(243200K)->101010K(243200K) Eden: 65536K(65536K)->65536K(65536K) From: 35474K(177664K)->35474K(177664K)
[60.135s][info][gc,heap        ] GC(261) ParOldGen: 4232643K(4232704K)->4232643K(4232704K)
[60.135s][info][gc,metaspace   ] GC(261) Metaspace: 6302K(6528K)->6302K(6528K) NonClass: 5769K(5888K)->5769K(5888K) Class: 533K(640K)->533K(640K)
[60.135s][info][gc             ] GC(261) Pause Full (Ergonomics) 4232M->4232M(4371M) 1363.247ms
[60.135s][info][gc,cpu         ] GC(261) User=10.25s Sys=0.00s Real=1.36s
[60.135s][info][gc,start       ] GC(262) Pause Full (Ergonomics)
[60.135s][info][gc,phases,start] GC(262) Marking Phase
[61.166s][info][gc,phases      ] GC(262) Marking Phase 1031.170ms
[61.166s][info][gc,phases,start] GC(262) Summary Phase
[61.166s][info][gc,phases      ] GC(262) Summary Phase 0.050ms
[61.166s][info][gc,phases,start] GC(262) Adjust Roots
[61.166s][info][gc,phases      ] GC(262) Adjust Roots 0.202ms
[61.166s][info][gc,phases,start] GC(262) Compaction Phase
[61.508s][info][gc,phases      ] GC(262) Compaction Phase 341.220ms
[61.508s][info][gc,phases,start] GC(262) Post Compact
[61.514s][info][gc,phases      ] GC(262) Post Compact 6.365ms
[61.514s][info][gc,heap        ] GC(262) PSYoungGen: 101010K(243200K)->101010K(243200K) Eden: 65536K(65536K)->65536K(65536K) From: 35474K(177664K)->35474K(177664K)
[61.514s][info][gc,heap        ] GC(262) ParOldGen: 4232648K(4232704K)->4232648K(4232704K)
[61.514s][info][gc,metaspace   ] GC(262) Metaspace: 6302K(6528K)->6302K(6528K) NonClass: 5769K(5888K)->5769K(5888K) Class: 533K(640K)->533K(640K)
[61.514s][info][gc             ] GC(262) Pause Full (Ergonomics) 4232M->4232M(4371M) 1379.325ms
[61.514s][info][gc,cpu         ] GC(262) User=10.47s Sys=0.05s Real=1.38s
[61.514s][info][gc,start       ] GC(263) Pause Full (Ergonomics)
[61.514s][info][gc,phases,start] GC(263) Marking Phase
[62.549s][info][gc,phases      ] GC(263) Marking Phase 1034.586ms
[62.549s][info][gc,phases,start] GC(263) Summary Phase
[62.549s][info][gc,phases      ] GC(263) Summary Phase 0.049ms
[62.549s][info][gc,phases,start] GC(263) Adjust Roots
[62.549s][info][gc,phases      ] GC(263) Adjust Roots 0.179ms
[62.549s][info][gc,phases,start] GC(263) Compaction Phase
[62.907s][info][gc,phases      ] GC(263) Compaction Phase 357.087ms
[62.907s][info][gc,phases,start] GC(263) Post Compact
[62.913s][info][gc,phases      ] GC(263) Post Compact 6.210ms
[62.913s][info][gc,heap        ] GC(263) PSYoungGen: 101010K(243200K)->101010K(243200K) Eden: 65536K(65536K)->65536K(65536K) From: 35474K(177664K)->35474K(177664K)
[62.913s][info][gc,heap        ] GC(263) ParOldGen: 4232653K(4232704K)->4232653K(4232704K)
[62.913s][info][gc,metaspace   ] GC(263) Metaspace: 6302K(6528K)->6302K(6528K) NonClass: 5769K(5888K)->5769K(5888K) Class: 533K(640K)->533K(640K)
[62.913s][info][gc             ] GC(263) Pause Full (Ergonomics) 4232M->4232M(4371M) 1398.409ms
[62.913s][info][gc,cpu         ] GC(263) User=10.45s Sys=0.00s Real=1.40s
[62.913s][info][gc,start       ] GC(264) Pause Full (Ergonomics)
[62.913s][info][gc,phases,start] GC(264) Marking Phase
[63.932s][info][gc,phases      ] GC(264) Marking Phase 1018.415ms
[63.932s][info][gc,phases,start] GC(264) Summary Phase
[63.932s][info][gc,phases      ] GC(264) Summary Phase 0.049ms
[63.932s][info][gc,phases,start] GC(264) Adjust Roots
[63.932s][info][gc,phases      ] GC(264) Adjust Roots 0.167ms
[63.932s][info][gc,phases,start] GC(264) Compaction Phase
[64.326s][info][gc,phases      ] GC(264) Compaction Phase 394.555ms
[64.326s][info][gc,phases,start] GC(264) Post Compact
[64.333s][info][gc,phases      ] GC(264) Post Compact 6.404ms
[64.333s][info][gc,heap        ] GC(264) PSYoungGen: 101010K(243200K)->101010K(243200K) Eden: 65536K(65536K)->65536K(65536K) From: 35474K(177664K)->35474K(177664K)
[64.333s][info][gc,heap        ] GC(264) ParOldGen: 4232658K(4232704K)->4232658K(4232704K)
[64.333s][info][gc,metaspace   ] GC(264) Metaspace: 6302K(6528K)->6302K(6528K) NonClass: 5769K(5888K)->5769K(5888K) Class: 533K(640K)->533K(640K)
[64.333s][info][gc             ] GC(264) Pause Full (Ergonomics) 4232M->4232M(4371M) 1419.921ms
[64.333s][info][gc,cpu         ] GC(264) User=10.39s Sys=0.00s Real=1.42s
[64.333s][info][gc,start       ] GC(265) Pause Full (Ergonomics)
[64.333s][info][gc,phases,start] GC(265) Marking Phase
[65.370s][info][gc,phases      ] GC(265) Marking Phase 1037.216ms
[65.370s][info][gc,phases,start] GC(265) Summary Phase
[65.371s][info][gc,phases      ] GC(265) Summary Phase 0.049ms
[65.371s][info][gc,phases,start] GC(265) Adjust Roots
[65.371s][info][gc,phases      ] GC(265) Adjust Roots 0.197ms
[65.371s][info][gc,phases,start] GC(265) Compaction Phase
[65.763s][info][gc,phases      ] GC(265) Compaction Phase 391.878ms
[65.763s][info][gc,phases,start] GC(265) Post Compact
[65.769s][info][gc,phases      ] GC(265) Post Compact 6.339ms
[65.769s][info][gc,heap        ] GC(265) PSYoungGen: 101010K(243200K)->101010K(243200K) Eden: 65536K(65536K)->65536K(65536K) From: 35474K(177664K)->35474K(177664K)
[65.769s][info][gc,heap        ] GC(265) ParOldGen: 4232663K(4232704K)->4232663K(4232704K)
[65.769s][info][gc,metaspace   ] GC(265) Metaspace: 6302K(6528K)->6302K(6528K) NonClass: 5769K(5888K)->5769K(5888K) Class: 533K(640K)->533K(640K)
[65.769s][info][gc             ] GC(265) Pause Full (Ergonomics) 4232M->4232M(4371M) 1435.998ms
[65.769s][info][gc,cpu         ] GC(265) User=10.52s Sys=0.00s Real=1.44s
[65.769s][info][gc,start       ] GC(266) Pause Full (Ergonomics)
[65.769s][info][gc,phases,start] GC(266) Marking Phase
[66.801s][info][gc,phases      ] GC(266) Marking Phase 1031.394ms
[66.801s][info][gc,phases,start] GC(266) Summary Phase
[66.801s][info][gc,phases      ] GC(266) Summary Phase 0.053ms
[66.801s][info][gc,phases,start] GC(266) Adjust Roots
[66.801s][info][gc,phases      ] GC(266) Adjust Roots 0.181ms
[66.801s][info][gc,phases,start] GC(266) Compaction Phase
[67.135s][info][gc,phases      ] GC(266) Compaction Phase 334.097ms
[67.135s][info][gc,phases,start] GC(266) Post Compact
[67.142s][info][gc,phases      ] GC(266) Post Compact 6.620ms
[67.142s][info][gc,heap        ] GC(266) PSYoungGen: 101010K(243200K)->101010K(243200K) Eden: 65536K(65536K)->65536K(65536K) From: 35474K(177664K)->35474K(177664K)
[67.142s][info][gc,heap        ] GC(266) ParOldGen: 4232668K(4232704K)->4232668K(4232704K)
[67.142s][info][gc,metaspace   ] GC(266) Metaspace: 6302K(6528K)->6302K(6528K) NonClass: 5769K(5888K)->5769K(5888K) Class: 533K(640K)->533K(640K)
[67.142s][info][gc             ] GC(266) Pause Full (Ergonomics) 4232M->4232M(4371M) 1372.673ms
[67.142s][info][gc,cpu         ] GC(266) User=10.34s Sys=0.00s Real=1.37s
[67.142s][info][gc,start       ] GC(267) Pause Full (Ergonomics)
[67.142s][info][gc,phases,start] GC(267) Marking Phase
[68.175s][info][gc,phases      ] GC(267) Marking Phase 1032.808ms
[68.175s][info][gc,phases,start] GC(267) Summary Phase
[68.175s][info][gc,phases      ] GC(267) Summary Phase 0.049ms
[68.175s][info][gc,phases,start] GC(267) Adjust Roots
[68.175s][info][gc,phases      ] GC(267) Adjust Roots 0.169ms
[68.175s][info][gc,phases,start] GC(267) Compaction Phase
[68.551s][info][gc,phases      ] GC(267) Compaction Phase 376.044ms
[68.551s][info][gc,phases,start] GC(267) Post Compact
[68.558s][info][gc,phases      ] GC(267) Post Compact 6.182ms
[68.558s][info][gc,heap        ] GC(267) PSYoungGen: 101010K(243200K)->101010K(243200K) Eden: 65536K(65536K)->65536K(65536K) From: 35474K(177664K)->35474K(177664K)
[68.558s][info][gc,heap        ] GC(267) ParOldGen: 4232672K(4232704K)->4232672K(4232704K)
[68.558s][info][gc,metaspace   ] GC(267) Metaspace: 6302K(6528K)->6302K(6528K) NonClass: 5769K(5888K)->5769K(5888K) Class: 533K(640K)->533K(640K)
[68.558s][info][gc             ] GC(267) Pause Full (Ergonomics) 4232M->4232M(4371M) 1415.537ms
[68.558s][info][gc,cpu         ] GC(267) User=10.28s Sys=0.00s Real=1.41s
[68.558s][info][gc,start       ] GC(268) Pause Full (Ergonomics)
[68.558s][info][gc,phases,start] GC(268) Marking Phase
[69.621s][info][gc,phases      ] GC(268) Marking Phase 1063.368ms
[69.621s][info][gc,phases,start] GC(268) Summary Phase
[69.622s][info][gc,phases      ] GC(268) Summary Phase 0.087ms
[69.622s][info][gc,phases,start] GC(268) Adjust Roots
[69.622s][info][gc,phases      ] GC(268) Adjust Roots 0.183ms
[69.622s][info][gc,phases,start] GC(268) Compaction Phase
[69.953s][info][gc,phases      ] GC(268) Compaction Phase 331.452ms
[69.953s][info][gc,phases,start] GC(268) Post Compact
[69.960s][info][gc,phases      ] GC(268) Post Compact 6.584ms
[69.960s][info][gc,heap        ] GC(268) PSYoungGen: 101010K(243200K)->101010K(243200K) Eden: 65536K(65536K)->65536K(65536K) From: 35474K(177664K)->35474K(177664K)
[69.960s][info][gc,heap        ] GC(268) ParOldGen: 4232677K(4232704K)->4232677K(4232704K)
[69.960s][info][gc,metaspace   ] GC(268) Metaspace: 6302K(6528K)->6302K(6528K) NonClass: 5769K(5888K)->5769K(5888K) Class: 533K(640K)->533K(640K)
[69.960s][info][gc             ] GC(268) Pause Full (Ergonomics) 4232M->4232M(4371M) 1402.012ms
[69.960s][info][gc,cpu         ] GC(268) User=10.69s Sys=0.00s Real=1.40s
[69.960s][info][gc,start       ] GC(269) Pause Full (Ergonomics)
[69.960s][info][gc,phases,start] GC(269) Marking Phase
[71.009s][info][gc,phases      ] GC(269) Marking Phase 1048.405ms
[71.009s][info][gc,phases,start] GC(269) Summary Phase
[71.009s][info][gc,phases      ] GC(269) Summary Phase 0.048ms
[71.009s][info][gc,phases,start] GC(269) Adjust Roots
[71.009s][info][gc,phases      ] GC(269) Adjust Roots 0.175ms
[71.009s][info][gc,phases,start] GC(269) Compaction Phase
[71.385s][info][gc,phases      ] GC(269) Compaction Phase 376.202ms
[71.385s][info][gc,phases,start] GC(269) Post Compact
[71.392s][info][gc,phases      ] GC(269) Post Compact 6.414ms
[71.392s][info][gc,heap        ] GC(269) PSYoungGen: 101010K(243200K)->101010K(243200K) Eden: 65536K(65536K)->65536K(65536K) From: 35474K(177664K)->35474K(177664K)
[71.392s][info][gc,heap        ] GC(269) ParOldGen: 4232682K(4232704K)->4232682K(4232704K)
[71.392s][info][gc,metaspace   ] GC(269) Metaspace: 6302K(6528K)->6302K(6528K) NonClass: 5769K(5888K)->5769K(5888K) Class: 533K(640K)->533K(640K)
[71.392s][info][gc             ] GC(269) Pause Full (Ergonomics) 4232M->4232M(4371M) 1431.580ms
[71.392s][info][gc,cpu         ] GC(269) User=10.56s Sys=0.00s Real=1.43s
[71.392s][info][gc,start       ] GC(270) Pause Full (Ergonomics)
[71.392s][info][gc,phases,start] GC(270) Marking Phase
[72.452s][info][gc,phases      ] GC(270) Marking Phase 1059.604ms
[72.452s][info][gc,phases,start] GC(270) Summary Phase
[72.452s][info][gc,phases      ] GC(270) Summary Phase 0.077ms
[72.452s][info][gc,phases,start] GC(270) Adjust Roots
[72.452s][info][gc,phases      ] GC(270) Adjust Roots 0.178ms
[72.452s][info][gc,phases,start] GC(270) Compaction Phase
[72.769s][info][gc,phases      ] GC(270) Compaction Phase 316.631ms
[72.769s][info][gc,phases,start] GC(270) Post Compact
[72.776s][info][gc,phases      ] GC(270) Post Compact 7.134ms
[72.776s][info][gc,heap        ] GC(270) PSYoungGen: 101010K(243200K)->101010K(243200K) Eden: 65536K(65536K)->65536K(65536K) From: 35474K(177664K)->35474K(177664K)
[72.776s][info][gc,heap        ] GC(270) ParOldGen: 4232687K(4232704K)->4232687K(4232704K)
[72.776s][info][gc,metaspace   ] GC(270) Metaspace: 6302K(6528K)->6302K(6528K) NonClass: 5769K(5888K)->5769K(5888K) Class: 533K(640K)->533K(640K)
[72.776s][info][gc             ] GC(270) Pause Full (Ergonomics) 4232M->4232M(4371M) 1383.976ms
[72.776s][info][gc,cpu         ] GC(270) User=10.62s Sys=0.02s Real=1.38s
[72.776s][info][gc,start       ] GC(271) Pause Full (Ergonomics)
[72.776s][info][gc,phases,start] GC(271) Marking Phase
[73.814s][info][gc,phases      ] GC(271) Marking Phase 1037.389ms
[73.814s][info][gc,phases,start] GC(271) Summary Phase
[73.814s][info][gc,phases      ] GC(271) Summary Phase 0.049ms
[73.814s][info][gc,phases,start] GC(271) Adjust Roots
[73.814s][info][gc,phases      ] GC(271) Adjust Roots 0.170ms
[73.814s][info][gc,phases,start] GC(271) Compaction Phase
[74.186s][info][gc,phases      ] GC(271) Compaction Phase 371.784ms
[74.186s][info][gc,phases,start] GC(271) Post Compact
[74.192s][info][gc,phases      ] GC(271) Post Compact 6.389ms
[74.192s][info][gc,heap        ] GC(271) PSYoungGen: 101010K(243200K)->101010K(243200K) Eden: 65536K(65536K)->65536K(65536K) From: 35474K(177664K)->35474K(177664K)
[74.192s][info][gc,heap        ] GC(271) ParOldGen: 4232692K(4232704K)->4232692K(4232704K)
[74.192s][info][gc,metaspace   ] GC(271) Metaspace: 6302K(6528K)->6302K(6528K) NonClass: 5769K(5888K)->5769K(5888K) Class: 533K(640K)->533K(640K)
[74.192s][info][gc             ] GC(271) Pause Full (Ergonomics) 4232M->4232M(4371M) 1416.093ms
[74.192s][info][gc,cpu         ] GC(271) User=10.33s Sys=0.00s Real=1.42s
[74.192s][info][gc,start       ] GC(272) Pause Full (Ergonomics)
[74.192s][info][gc,phases,start] GC(272) Marking Phase
[75.247s][info][gc,phases      ] GC(272) Marking Phase 1054.326ms
[75.247s][info][gc,phases,start] GC(272) Summary Phase
[75.247s][info][gc,phases      ] GC(272) Summary Phase 0.061ms
[75.247s][info][gc,phases,start] GC(272) Adjust Roots
[75.247s][info][gc,phases      ] GC(272) Adjust Roots 0.191ms
[75.247s][info][gc,phases,start] GC(272) Compaction Phase
[75.626s][info][gc,phases      ] GC(272) Compaction Phase 379.045ms
[75.626s][info][gc,phases,start] GC(272) Post Compact
[75.633s][info][gc,phases      ] GC(272) Post Compact 6.293ms
[75.633s][info][gc,heap        ] GC(272) PSYoungGen: 101010K(243200K)->101010K(243200K) Eden: 65536K(65536K)->65536K(65536K) From: 35474K(177664K)->35474K(177664K)
[75.633s][info][gc,heap        ] GC(272) ParOldGen: 4232697K(4232704K)->4232697K(4232704K)
[75.633s][info][gc,metaspace   ] GC(272) Metaspace: 6302K(6528K)->6302K(6528K) NonClass: 5769K(5888K)->5769K(5888K) Class: 533K(640K)->533K(640K)
[75.633s][info][gc             ] GC(272) Pause Full (Ergonomics) 4232M->4232M(4371M) 1440.224ms
[75.633s][info][gc,cpu         ] GC(272) User=10.56s Sys=0.00s Real=1.44s
[75.633s][info][gc,start       ] GC(273) Pause Full (Ergonomics)
[75.633s][info][gc,phases,start] GC(273) Marking Phase
[76.692s][info][gc,phases      ] GC(273) Marking Phase 1059.238ms
[76.692s][info][gc,phases,start] GC(273) Summary Phase
[76.692s][info][gc,phases      ] GC(273) Summary Phase 0.051ms
[76.692s][info][gc,phases,start] GC(273) Adjust Roots
[76.692s][info][gc,phases      ] GC(273) Adjust Roots 0.206ms
[76.692s][info][gc,phases,start] GC(273) Compaction Phase
[77.094s][info][gc,phases      ] GC(273) Compaction Phase 401.521ms
[77.094s][info][gc,phases,start] GC(273) Post Compact
[77.100s][info][gc,phases      ] GC(273) Post Compact 6.291ms
[77.100s][info][gc,heap        ] GC(273) PSYoungGen: 101010K(243200K)->101010K(243200K) Eden: 65536K(65536K)->65536K(65536K) From: 35474K(177664K)->35474K(177664K)
[77.100s][info][gc,heap        ] GC(273) ParOldGen: 4232701K(4232704K)->4232701K(4232704K)
[77.100s][info][gc,metaspace   ] GC(273) Metaspace: 6302K(6528K)->6302K(6528K) NonClass: 5769K(5888K)->5769K(5888K) Class: 533K(640K)->533K(640K)
[77.100s][info][gc             ] GC(273) Pause Full (Ergonomics) 4232M->4232M(4371M) 1467.624ms
[77.100s][info][gc,cpu         ] GC(273) User=10.64s Sys=0.00s Real=1.47s
[77.101s][info][gc,start       ] GC(274) Pause Full (Ergonomics)
[77.101s][info][gc,phases,start] GC(274) Marking Phase
[78.149s][info][gc,phases      ] GC(274) Marking Phase 1047.884ms
[78.149s][info][gc,phases,start] GC(274) Summary Phase
[78.149s][info][gc,phases      ] GC(274) Summary Phase 0.053ms
[78.149s][info][gc,phases,start] GC(274) Adjust Roots
[78.149s][info][gc,phases      ] GC(274) Adjust Roots 0.190ms
[78.149s][info][gc,phases,start] GC(274) Compaction Phase
[78.488s][info][gc,phases      ] GC(274) Compaction Phase 339.271ms
[78.488s][info][gc,phases,start] GC(274) Post Compact
[78.500s][info][gc,phases      ] GC(274) Post Compact 11.239ms
[78.500s][info][gc,heap        ] GC(274) PSYoungGen: 101010K(243200K)->101010K(243200K) Eden: 65536K(65536K)->65536K(65536K) From: 35474K(177664K)->35474K(177664K)
[78.500s][info][gc,heap        ] GC(274) ParOldGen: 4232703K(4232704K)->4232703K(4232704K)
[78.500s][info][gc,metaspace   ] GC(274) Metaspace: 6302K(6528K)->6302K(6528K) NonClass: 5769K(5888K)->5769K(5888K) Class: 533K(640K)->533K(640K)
[78.500s][info][gc             ] GC(274) Pause Full (Ergonomics) 4232M->4232M(4371M) 1399.149ms
[78.500s][info][gc,cpu         ] GC(274) User=10.61s Sys=0.00s Real=1.40s
[78.500s][info][gc,start       ] GC(275) Pause Full (Allocation Failure)
[78.500s][info][gc,phases,start] GC(275) Marking Phase
[79.595s][info][gc,phases      ] GC(275) Marking Phase 1095.058ms
[79.595s][info][gc,phases,start] GC(275) Summary Phase
[79.595s][info][gc,phases      ] GC(275) Summary Phase 0.051ms
[79.595s][info][gc,phases,start] GC(275) Adjust Roots
[79.596s][info][gc,phases      ] GC(275) Adjust Roots 0.374ms
[79.596s][info][gc,phases,start] GC(275) Compaction Phase
[80.681s][info][gc,phases      ] GC(275) Compaction Phase 1085.766ms
[80.681s][info][gc,phases,start] GC(275) Post Compact
[80.688s][info][gc,phases      ] GC(275) Post Compact 6.452ms
[80.688s][info][gc,heap        ] GC(275) PSYoungGen: 101010K(243200K)->101010K(243200K) Eden: 65536K(65536K)->65536K(65536K) From: 35474K(177664K)->35474K(177664K)
[80.688s][info][gc,heap        ] GC(275) ParOldGen: 4232703K(4232704K)->4232699K(4232704K)
[80.688s][info][gc,metaspace   ] GC(275) Metaspace: 6302K(6528K)->6300K(6528K) NonClass: 5769K(5888K)->5768K(5888K) Class: 533K(640K)->532K(640K)
[80.688s][info][gc             ] GC(275) Pause Full (Allocation Failure) 4232M->4232M(4371M) 2188.055ms
[80.688s][info][gc,cpu         ] GC(275) User=16.12s Sys=0.02s Real=2.19s
[80.688s][info][gc,start       ] GC(276) Pause Full (Ergonomics)
[80.688s][info][gc,phases,start] GC(276) Marking Phase
[81.753s][info][gc,phases      ] GC(276) Marking Phase 1064.752ms
[81.753s][info][gc,phases,start] GC(276) Summary Phase
[81.753s][info][gc,phases      ] GC(276) Summary Phase 0.049ms
[81.753s][info][gc,phases,start] GC(276) Adjust Roots
[81.754s][info][gc,phases      ] GC(276) Adjust Roots 0.203ms
[81.754s][info][gc,phases,start] GC(276) Compaction Phase
[82.140s][info][gc,phases      ] GC(276) Compaction Phase 386.654ms
[82.140s][info][gc,phases,start] GC(276) Post Compact
[82.147s][info][gc,phases      ] GC(276) Post Compact 6.351ms
[82.147s][info][gc,heap        ] GC(276) PSYoungGen: 101010K(243200K)->101010K(243200K) Eden: 65536K(65536K)->65536K(65536K) From: 35474K(177664K)->35474K(177664K)
[82.147s][info][gc,heap        ] GC(276) ParOldGen: 4232702K(4232704K)->4232702K(4232704K)
[82.147s][info][gc,metaspace   ] GC(276) Metaspace: 6300K(6528K)->6300K(6528K) NonClass: 5768K(5888K)->5768K(5888K) Class: 532K(640K)->532K(640K)
[82.147s][info][gc             ] GC(276) Pause Full (Ergonomics) 4232M->4232M(4371M) 1458.353ms
[82.147s][info][gc,cpu         ] GC(276) User=10.69s Sys=0.00s Real=1.46s
[82.147s][info][gc,start       ] GC(277) Pause Full (Ergonomics)
[82.147s][info][gc,phases,start] GC(277) Marking Phase
[83.231s][info][gc,phases      ] GC(277) Marking Phase 1083.554ms
[83.231s][info][gc,phases,start] GC(277) Summary Phase
[83.231s][info][gc,phases      ] GC(277) Summary Phase 0.048ms
[83.231s][info][gc,phases,start] GC(277) Adjust Roots
[83.231s][info][gc,phases      ] GC(277) Adjust Roots 0.164ms
[83.231s][info][gc,phases,start] GC(277) Compaction Phase
[83.607s][info][gc,phases      ] GC(277) Compaction Phase 375.755ms
[83.607s][info][gc,phases,start] GC(277) Post Compact
[83.613s][info][gc,phases      ] GC(277) Post Compact 6.236ms
[83.613s][info][gc,heap        ] GC(277) PSYoungGen: 101010K(243200K)->101010K(243200K) Eden: 65536K(65536K)->65536K(65536K) From: 35474K(177664K)->35474K(177664K)
[83.613s][info][gc,heap        ] GC(277) ParOldGen: 4232703K(4232704K)->4232703K(4232704K)
[83.613s][info][gc,metaspace   ] GC(277) Metaspace: 6300K(6528K)->6300K(6528K) NonClass: 5768K(5888K)->5768K(5888K) Class: 532K(640K)->532K(640K)
[83.613s][info][gc             ] GC(277) Pause Full (Ergonomics) 4232M->4232M(4371M) 1466.064ms
[83.613s][info][gc,cpu         ] GC(277) User=11.00s Sys=0.00s Real=1.47s
[83.613s][info][gc,start       ] GC(278) Pause Full (Allocation Failure)
[83.613s][info][gc,phases,start] GC(278) Marking Phase
[84.682s][info][gc,phases      ] GC(278) Marking Phase 1068.431ms
[84.682s][info][gc,phases,start] GC(278) Summary Phase
[84.682s][info][gc,phases      ] GC(278) Summary Phase 0.048ms
[84.682s][info][gc,phases,start] GC(278) Adjust Roots
[84.682s][info][gc,phases      ] GC(278) Adjust Roots 0.167ms
[84.682s][info][gc,phases,start] GC(278) Compaction Phase
[85.063s][info][gc,phases      ] GC(278) Compaction Phase 380.907ms
[85.063s][info][gc,phases,start] GC(278) Post Compact
[85.069s][info][gc,phases      ] GC(278) Post Compact 6.264ms
[85.069s][info][gc,heap        ] GC(278) PSYoungGen: 101010K(243200K)->101010K(243200K) Eden: 65536K(65536K)->65536K(65536K) From: 35474K(177664K)->35474K(177664K)
[85.069s][info][gc,heap        ] GC(278) ParOldGen: 4232703K(4232704K)->4232703K(4232704K)
[85.069s][info][gc,metaspace   ] GC(278) Metaspace: 6300K(6528K)->6300K(6528K) NonClass: 5768K(5888K)->5768K(5888K) Class: 532K(640K)->532K(640K)
[85.069s][info][gc             ] GC(278) Pause Full (Allocation Failure) 4232M->4232M(4371M) 1456.119ms
[85.069s][info][gc,cpu         ] GC(278) User=10.84s Sys=0.02s Real=1.46s
[85.070s][info][gc,start       ] GC(279) Pause Full (Ergonomics)
[85.070s][info][gc,phases,start] GC(279) Marking Phase
[86.133s][info][gc,phases      ] GC(279) Marking Phase 1063.405ms
[86.133s][info][gc,phases,start] GC(279) Summary Phase
[86.133s][info][gc,phases      ] GC(279) Summary Phase 0.050ms
[86.133s][info][gc,phases,start] GC(279) Adjust Roots
[86.134s][info][gc,phases      ] GC(279) Adjust Roots 0.262ms
[86.134s][info][gc,phases,start] GC(279) Compaction Phase
[87.227s][info][gc,phases      ] GC(279) Compaction Phase 1093.305ms
[87.227s][info][gc,phases,start] GC(279) Post Compact
[87.234s][info][gc,phases      ] GC(279) Post Compact 6.815ms
[87.234s][info][gc,heap        ] GC(279) PSYoungGen: 101010K(243200K)->101010K(243200K) Eden: 65536K(65536K)->65536K(65536K) From: 35474K(177664K)->35474K(177664K)
[87.234s][info][gc,heap        ] GC(279) ParOldGen: 4232703K(4232704K)->4232702K(4232704K)
[87.234s][info][gc,metaspace   ] GC(279) Metaspace: 6300K(6528K)->6300K(6528K) NonClass: 5768K(5888K)->5768K(5888K) Class: 532K(640K)->532K(640K)
[87.234s][info][gc             ] GC(279) Pause Full (Ergonomics) 4232M->4232M(4371M) 2164.181ms
[87.234s][info][gc,cpu         ] GC(279) User=16.12s Sys=0.00s Real=2.16s
[87.235s][info][gc,start       ] GC(280) Pause Full (Ergonomics)
[87.235s][info][gc,phases,start] GC(280) Marking Phase
[88.330s][info][gc,phases      ] GC(280) Marking Phase 1094.486ms
[88.330s][info][gc,phases,start] GC(280) Summary Phase
[88.330s][info][gc,phases      ] GC(280) Summary Phase 0.050ms
[88.330s][info][gc,phases,start] GC(280) Adjust Roots
[88.330s][info][gc,phases      ] GC(280) Adjust Roots 0.310ms
[88.330s][info][gc,phases,start] GC(280) Compaction Phase
[89.438s][info][gc,phases      ] GC(280) Compaction Phase 1107.508ms
[89.438s][info][gc,phases,start] GC(280) Post Compact
[89.444s][info][gc,phases      ] GC(280) Post Compact 6.415ms
[89.444s][info][gc,heap        ] GC(280) PSYoungGen: 101010K(243200K)->101010K(243200K) Eden: 65536K(65536K)->65536K(65536K) From: 35474K(177664K)->35474K(177664K)
[89.444s][info][gc,heap        ] GC(280) ParOldGen: 4232703K(4232704K)->4232701K(4232704K)
[89.444s][info][gc,metaspace   ] GC(280) Metaspace: 6302K(6528K)->6302K(6528K) NonClass: 5768K(5888K)->5768K(5888K) Class: 533K(640K)->533K(640K)
[89.444s][info][gc             ] GC(280) Pause Full (Ergonomics) 4232M->4232M(4371M) 2209.086ms
[89.444s][info][gc,cpu         ] GC(280) User=16.27s Sys=0.03s Real=2.21s
[89.445s][info][gc,start       ] GC(281) Pause Full (Ergonomics)
[89.445s][info][gc,phases,start] GC(281) Marking Phase
[90.543s][info][gc,phases      ] GC(281) Marking Phase 1097.868ms
[90.543s][info][gc,phases,start] GC(281) Summary Phase
[90.543s][info][gc,phases      ] GC(281) Summary Phase 0.091ms
[90.543s][info][gc,phases,start] GC(281) Adjust Roots
[90.543s][info][gc,phases      ] GC(281) Adjust Roots 0.288ms
[90.543s][info][gc,phases,start] GC(281) Compaction Phase
[91.627s][info][gc,phases      ] GC(281) Compaction Phase 1084.345ms
[91.628s][info][gc,phases,start] GC(281) Post Compact
[91.634s][info][gc,phases      ] GC(281) Post Compact 6.596ms
[91.634s][info][gc,heap        ] GC(281) PSYoungGen: 101010K(243200K)->101010K(243200K) Eden: 65536K(65536K)->65536K(65536K) From: 35474K(177664K)->35474K(177664K)
[91.634s][info][gc,heap        ] GC(281) ParOldGen: 4232701K(4232704K)->4232701K(4232704K)
[91.634s][info][gc,metaspace   ] GC(281) Metaspace: 6305K(6528K)->6305K(6528K) NonClass: 5770K(5888K)->5770K(5888K) Class: 534K(640K)->534K(640K)
[91.634s][info][gc             ] GC(281) Pause Full (Ergonomics) 4232M->4232M(4371M) 2189.538ms
[91.634s][info][gc,cpu         ] GC(281) User=16.30s Sys=0.00s Real=2.19s
[91.634s][info][gc,heap,exit   ] Heap
[91.634s][info][gc,heap,exit   ]  PSYoungGen      total 243200K, used 101010K [0x000000077ed80000, 0x000000079a100000, 0x0000000800000000)
[91.635s][info][gc,heap,exit   ]   eden space 65536K, 100% used [0x000000077ed80000,0x0000000782d80000,0x0000000782d80000)
[91.635s][info][gc,heap,exit   ]   from space 177664K, 19% used [0x0000000782d80000,0x0000000785024800,0x000000078db00000)
[91.635s][info][gc,heap,exit   ]   to   space 186368K, 0% used [0x000000078eb00000,0x000000078eb00000,0x000000079a100000)
[91.635s][info][gc,heap,exit   ]  ParOldGen       total 4232704K, used 4232701K [0x000000067c800000, 0x000000077ed80000, 0x000000077ed80000)
[91.635s][info][gc,heap,exit   ]   object space 4232704K, 99% used [0x000000067c800000,0x000000077ed7f628,0x000000077ed80000)
[91.635s][info][gc,heap,exit   ]  Metaspace       used 6305K, committed 6528K, reserved 1114112K
[91.635s][info][gc,heap,exit   ]   class space    used 534K, committed 640K, reserved 1048576K
