[0.012s][info][gc,init] CardTable entry size: 512
[0.012s][info][gc     ] Using Parallel
[0.013s][info][gc,init] Version: 18.0.1+10 (release)
[0.013s][info][gc,init] CPUs: 8 total, 8 available
[0.013s][info][gc,init] Memory: 16063M
[0.013s][info][gc,init] Large Page Support: Disabled
[0.013s][info][gc,init] NUMA Support: Disabled
[0.013s][info][gc,init] Compressed Oops: Enabled (Zero based)
[0.013s][info][gc,init] Alignments: Space 512K, Generation 512K, Heap 2M
[0.013s][info][gc,init] Heap Min Capacity: 2M
[0.013s][info][gc,init] Heap Initial Capacity: 2M
[0.013s][info][gc,init] Heap Max Capacity: 7200M
[0.013s][info][gc,init] Pre-touch: Disabled
[0.013s][info][gc,init] Parallel Workers: 8
[0.014s][info][gc,metaspace] CDS archive(s) not mapped
[0.014s][info][gc,metaspace] Compressed class space mapped at: 0x0000000800000000-0x0000000840000000, reserved size: 1073741824
[0.014s][info][gc,metaspace] Narrow klass base: 0x0000000800000000, Narrow klass shift: 0, Narrow klass range: 0x40000000
[0.094s][info][gc,start    ] GC(0) Pause Young (Allocation Failure)
[0.095s][info][gc,heap     ] GC(0) PSYoungGen: 512K(1024K)->480K(1024K) Eden: 512K(512K)->0K(512K) From: 0K(512K)->480K(512K)
[0.095s][info][gc,heap     ] GC(0) ParOldGen: 0K(512K)->8K(512K)
[0.095s][info][gc,metaspace] GC(0) Metaspace: 4229K(4352K)->4229K(4352K) NonClass: 3908K(3968K)->3908K(3968K) Class: 321K(384K)->321K(384K)
[0.095s][info][gc          ] GC(0) Pause Young (Allocation Failure) 0M->0M(1M) 1.222ms
[0.095s][info][gc,cpu      ] GC(0) User=0.00s Sys=0.00s Real=0.00s
[0.162s][info][gc,start    ] GC(1) Pause Young (Allocation Failure)
[0.162s][info][gc,heap     ] GC(1) PSYoungGen: 991K(1024K)->512K(1536K) Eden: 511K(512K)->0K(1024K) From: 480K(512K)->512K(512K)
[0.162s][info][gc,heap     ] GC(1) ParOldGen: 8K(512K)->80K(512K)
[0.162s][info][gc,metaspace] GC(1) Metaspace: 5881K(6016K)->5881K(6016K) NonClass: 5384K(5504K)->5384K(5504K) Class: 496K(512K)->496K(512K)
[0.162s][info][gc          ] GC(1) Pause Young (Allocation Failure) 0M->0M(2M) 0.971ms
[0.162s][info][gc,cpu      ] GC(1) User=0.00s Sys=0.00s Real=0.00s
[0.181s][info][gc,start    ] GC(2) Pause Young (Allocation Failure)
[0.182s][info][gc,heap     ] GC(2) PSYoungGen: 1536K(1536K)->512K(1536K) Eden: 1024K(1024K)->0K(1024K) From: 512K(512K)->512K(512K)
[0.182s][info][gc,heap     ] GC(2) ParOldGen: 80K(512K)->496K(512K)
[0.182s][info][gc,metaspace] GC(2) Metaspace: 6300K(6464K)->6300K(6464K) NonClass: 5766K(5824K)->5766K(5824K) Class: 533K(640K)->533K(640K)
[0.182s][info][gc          ] GC(2) Pause Young (Allocation Failure) 1M->0M(2M) 1.188ms
[0.182s][info][gc,cpu      ] GC(2) User=0.00s Sys=0.00s Real=0.00s
[0.182s][info][gc,start    ] GC(3) Pause Full (Ergonomics)
[0.182s][info][gc,phases,start] GC(3) Marking Phase
[0.183s][info][gc,phases      ] GC(3) Marking Phase 1.003ms
[0.183s][info][gc,phases,start] GC(3) Summary Phase
[0.183s][info][gc,phases      ] GC(3) Summary Phase 0.016ms
[0.183s][info][gc,phases,start] GC(3) Adjust Roots
[0.184s][info][gc,phases      ] GC(3) Adjust Roots 0.321ms
[0.184s][info][gc,phases,start] GC(3) Compaction Phase
[0.185s][info][gc,phases      ] GC(3) Compaction Phase 1.502ms
[0.185s][info][gc,phases,start] GC(3) Post Compact
[0.185s][info][gc,phases      ] GC(3) Post Compact 0.065ms
[0.185s][info][gc,heap        ] GC(3) PSYoungGen: 512K(1536K)->511K(1536K) Eden: 0K(1024K)->0K(1024K) From: 512K(512K)->511K(512K)
[0.185s][info][gc,heap        ] GC(3) ParOldGen: 496K(512K)->469K(2048K)
[0.185s][info][gc,metaspace   ] GC(3) Metaspace: 6300K(6464K)->6300K(6464K) NonClass: 5766K(5824K)->5766K(5824K) Class: 533K(640K)->533K(640K)
[0.185s][info][gc             ] GC(3) Pause Full (Ergonomics) 0M->0M(3M) 3.129ms
[0.185s][info][gc,cpu         ] GC(3) User=0.00s Sys=0.00s Real=0.00s
[0.187s][info][gc,start       ] GC(4) Pause Young (Allocation Failure)
[0.188s][info][gc,heap        ] GC(4) PSYoungGen: 1535K(1536K)->480K(2560K) Eden: 1024K(1024K)->0K(2048K) From: 511K(512K)->480K(512K)
[0.188s][info][gc,heap        ] GC(4) ParOldGen: 469K(2048K)->1029K(2048K)
[0.188s][info][gc,metaspace   ] GC(4) Metaspace: 6300K(6464K)->6300K(6464K) NonClass: 5766K(5824K)->5766K(5824K) Class: 533K(640K)->533K(640K)
[0.188s][info][gc             ] GC(4) Pause Young (Allocation Failure) 1M->1M(4M) 1.326ms
[0.188s][info][gc,cpu         ] GC(4) User=0.00s Sys=0.00s Real=0.00s
[0.191s][info][gc,start       ] GC(5) Pause Young (Allocation Failure)
[0.192s][info][gc,heap        ] GC(5) PSYoungGen: 2528K(2560K)->480K(2560K) Eden: 2048K(2048K)->0K(2048K) From: 480K(512K)->480K(512K)
[0.192s][info][gc,heap        ] GC(5) ParOldGen: 1029K(2048K)->2101K(2560K)
[0.192s][info][gc,metaspace   ] GC(5) Metaspace: 6300K(6464K)->6300K(6464K) NonClass: 5766K(5824K)->5766K(5824K) Class: 533K(640K)->533K(640K)
[0.192s][info][gc             ] GC(5) Pause Young (Allocation Failure) 3M->2M(5M) 1.661ms
[0.192s][info][gc,cpu         ] GC(5) User=0.00s Sys=0.00s Real=0.00s
[0.192s][info][gc,start       ] GC(6) Pause Full (Ergonomics)
[0.192s][info][gc,phases,start] GC(6) Marking Phase
[0.194s][info][gc,phases      ] GC(6) Marking Phase 1.350ms
[0.194s][info][gc,phases,start] GC(6) Summary Phase
[0.194s][info][gc,phases      ] GC(6) Summary Phase 0.015ms
[0.194s][info][gc,phases,start] GC(6) Adjust Roots
[0.194s][info][gc,phases      ] GC(6) Adjust Roots 0.388ms
[0.194s][info][gc,phases,start] GC(6) Compaction Phase
[0.196s][info][gc,phases      ] GC(6) Compaction Phase 2.054ms
[0.196s][info][gc,phases,start] GC(6) Post Compact
[0.196s][info][gc,phases      ] GC(6) Post Compact 0.031ms
[0.197s][info][gc,heap        ] GC(6) PSYoungGen: 480K(2560K)->0K(4096K) Eden: 0K(2048K)->0K(3072K) From: 480K(512K)->0K(1024K)
[0.197s][info][gc,heap        ] GC(6) ParOldGen: 2101K(2560K)->2542K(6144K)
[0.197s][info][gc,metaspace   ] GC(6) Metaspace: 6300K(6464K)->6300K(6464K) NonClass: 5766K(5824K)->5766K(5824K) Class: 533K(640K)->533K(640K)
[0.197s][info][gc             ] GC(6) Pause Full (Ergonomics) 2M->2M(10M) 4.168ms
[0.197s][info][gc,cpu         ] GC(6) User=0.00s Sys=0.00s Real=0.00s
[0.201s][info][gc,start       ] GC(7) Pause Young (Allocation Failure)
[0.202s][info][gc,heap        ] GC(7) PSYoungGen: 3072K(4096K)->1664K(5120K) Eden: 3072K(3072K)->0K(3072K) From: 0K(1024K)->1664K(2048K)
[0.202s][info][gc,heap        ] GC(7) ParOldGen: 2542K(6144K)->2542K(6144K)
[0.202s][info][gc,metaspace   ] GC(7) Metaspace: 6300K(6464K)->6300K(6464K) NonClass: 5766K(5824K)->5766K(5824K) Class: 533K(640K)->533K(640K)
[0.202s][info][gc             ] GC(7) Pause Young (Allocation Failure) 5M->4M(11M) 1.727ms
[0.202s][info][gc,cpu         ] GC(7) User=0.00s Sys=0.00s Real=0.00s
[0.207s][info][gc,start       ] GC(8) Pause Young (Allocation Failure)
[0.210s][info][gc,heap        ] GC(8) PSYoungGen: 4736K(5120K)->2016K(5632K) Eden: 3072K(3072K)->0K(3584K) From: 1664K(2048K)->2016K(2048K)
[0.210s][info][gc,heap        ] GC(8) ParOldGen: 2542K(6144K)->3774K(6144K)
[0.210s][info][gc,metaspace   ] GC(8) Metaspace: 6300K(6464K)->6300K(6464K) NonClass: 5766K(5824K)->5766K(5824K) Class: 533K(640K)->533K(640K)
[0.210s][info][gc             ] GC(8) Pause Young (Allocation Failure) 7M->5M(11M) 3.096ms
[0.210s][info][gc,cpu         ] GC(8) User=0.00s Sys=0.00s Real=0.00s
[0.215s][info][gc,start       ] GC(9) Pause Young (Allocation Failure)
[0.218s][info][gc,heap        ] GC(9) PSYoungGen: 5600K(5632K)->3040K(6656K) Eden: 3584K(3584K)->0K(3584K) From: 2016K(2048K)->3040K(3072K)
[0.219s][info][gc,heap        ] GC(9) ParOldGen: 3774K(6144K)->4606K(6144K)
[0.219s][info][gc,metaspace   ] GC(9) Metaspace: 6300K(6464K)->6300K(6464K) NonClass: 5766K(5824K)->5766K(5824K) Class: 533K(640K)->533K(640K)
[0.219s][info][gc             ] GC(9) Pause Young (Allocation Failure) 9M->7M(12M) 3.532ms
[0.219s][info][gc,cpu         ] GC(9) User=0.00s Sys=0.00s Real=0.00s
[0.222s][info][gc,start       ] GC(10) Pause Young (Allocation Failure)
[0.226s][info][gc,heap        ] GC(10) PSYoungGen: 6624K(6656K)->4064K(8704K) Eden: 3584K(3584K)->0K(4608K) From: 3040K(3072K)->4064K(4096K)
[0.226s][info][gc,heap        ] GC(10) ParOldGen: 4606K(6144K)->5446K(6144K)
[0.227s][info][gc,metaspace   ] GC(10) Metaspace: 6300K(6464K)->6300K(6464K) NonClass: 5766K(5824K)->5766K(5824K) Class: 533K(640K)->533K(640K)
[0.227s][info][gc             ] GC(10) Pause Young (Allocation Failure) 10M->9M(14M) 4.162ms
[0.227s][info][gc,cpu         ] GC(10) User=0.00s Sys=0.00s Real=0.00s
[0.227s][info][gc,start       ] GC(11) Pause Full (Ergonomics)
[0.227s][info][gc,phases,start] GC(11) Marking Phase
[0.231s][info][gc,phases      ] GC(11) Marking Phase 4.105ms
[0.231s][info][gc,phases,start] GC(11) Summary Phase
[0.231s][info][gc,phases      ] GC(11) Summary Phase 0.015ms
[0.231s][info][gc,phases,start] GC(11) Adjust Roots
[0.231s][info][gc,phases      ] GC(11) Adjust Roots 0.344ms
[0.231s][info][gc,phases,start] GC(11) Compaction Phase
[0.237s][info][gc,phases      ] GC(11) Compaction Phase 5.622ms
[0.237s][info][gc,phases,start] GC(11) Post Compact
[0.237s][info][gc,phases      ] GC(11) Post Compact 0.059ms
[0.237s][info][gc,heap        ] GC(11) PSYoungGen: 4064K(8704K)->3545K(8704K) Eden: 0K(4608K)->0K(4608K) From: 4064K(4096K)->3545K(4096K)
[0.237s][info][gc,heap        ] GC(11) ParOldGen: 5446K(6144K)->5831K(10752K)
[0.237s][info][gc,metaspace   ] GC(11) Metaspace: 6300K(6464K)->6300K(6464K) NonClass: 5766K(5824K)->5766K(5824K) Class: 533K(640K)->533K(640K)
[0.237s][info][gc             ] GC(11) Pause Full (Ergonomics) 9M->9M(19M) 10.485ms
[0.237s][info][gc,cpu         ] GC(11) User=0.00s Sys=0.00s Real=0.01s
[0.242s][info][gc,start       ] GC(12) Pause Young (Allocation Failure)
[0.246s][info][gc,heap        ] GC(12) PSYoungGen: 8013K(8704K)->5088K(9728K) Eden: 4468K(4608K)->0K(4608K) From: 3545K(4096K)->5088K(5120K)
[0.246s][info][gc,heap        ] GC(12) ParOldGen: 5831K(10752K)->6615K(10752K)
[0.246s][info][gc,metaspace   ] GC(12) Metaspace: 6300K(6464K)->6300K(6464K) NonClass: 5766K(5824K)->5766K(5824K) Class: 533K(640K)->533K(640K)
[0.246s][info][gc             ] GC(12) Pause Young (Allocation Failure) 13M->11M(20M) 4.191ms
[0.246s][info][gc,cpu         ] GC(12) User=0.00s Sys=0.00s Real=0.01s
[0.252s][info][gc,start       ] GC(13) Pause Young (Allocation Failure)
[0.258s][info][gc,heap        ] GC(13) PSYoungGen: 9696K(9728K)->6112K(11264K) Eden: 4608K(4608K)->0K(5120K) From: 5088K(5120K)->6112K(6144K)
[0.258s][info][gc,heap        ] GC(13) ParOldGen: 6615K(10752K)->7991K(10752K)
[0.258s][info][gc,metaspace   ] GC(13) Metaspace: 6300K(6464K)->6300K(6464K) NonClass: 5766K(5824K)->5766K(5824K) Class: 533K(640K)->533K(640K)
[0.258s][info][gc             ] GC(13) Pause Young (Allocation Failure) 15M->13M(21M) 6.609ms
[0.258s][info][gc,cpu         ] GC(13) User=0.00s Sys=0.00s Real=0.01s
[0.262s][info][gc,start       ] GC(14) Pause Young (Allocation Failure)
[0.268s][info][gc,heap        ] GC(14) PSYoungGen: 11232K(11264K)->5216K(12800K) Eden: 5120K(5120K)->0K(5120K) From: 6112K(6144K)->5216K(7680K)
[0.268s][info][gc,heap        ] GC(14) ParOldGen: 7991K(10752K)->11583K(11776K)
[0.268s][info][gc,metaspace   ] GC(14) Metaspace: 6301K(6464K)->6301K(6464K) NonClass: 5768K(5824K)->5768K(5824K) Class: 533K(640K)->533K(640K)
[0.268s][info][gc             ] GC(14) Pause Young (Allocation Failure) 18M->16M(24M) 6.212ms
[0.268s][info][gc,cpu         ] GC(14) User=0.00s Sys=0.00s Real=0.01s
[0.268s][info][gc,start       ] GC(15) Pause Full (Ergonomics)
[0.269s][info][gc,phases,start] GC(15) Marking Phase
[0.277s][info][gc,phases      ] GC(15) Marking Phase 8.474ms
[0.277s][info][gc,phases,start] GC(15) Summary Phase
[0.277s][info][gc,phases      ] GC(15) Summary Phase 0.016ms
[0.277s][info][gc,phases,start] GC(15) Adjust Roots
[0.277s][info][gc,phases      ] GC(15) Adjust Roots 0.231ms
[0.277s][info][gc,phases,start] GC(15) Compaction Phase
[0.284s][info][gc,phases      ] GC(15) Compaction Phase 7.067ms
[0.284s][info][gc,phases,start] GC(15) Post Compact
[0.285s][info][gc,phases      ] GC(15) Post Compact 0.074ms
[0.285s][info][gc,heap        ] GC(15) PSYoungGen: 5216K(12800K)->5184K(12800K) Eden: 0K(5120K)->0K(5120K) From: 5216K(7680K)->5184K(7680K)
[0.285s][info][gc,heap        ] GC(15) ParOldGen: 11583K(11776K)->11466K(18432K)
[0.285s][info][gc,metaspace   ] GC(15) Metaspace: 6301K(6464K)->6301K(6464K) NonClass: 5768K(5824K)->5768K(5824K) Class: 533K(640K)->533K(640K)
[0.285s][info][gc             ] GC(15) Pause Full (Ergonomics) 16M->16M(30M) 16.200ms
[0.285s][info][gc,cpu         ] GC(15) User=0.00s Sys=0.00s Real=0.02s
[0.288s][info][gc,start       ] GC(16) Pause Young (Allocation Failure)
[0.297s][info][gc,heap        ] GC(16) PSYoungGen: 10304K(12800K)->2656K(14336K) Eden: 5120K(5120K)->0K(7168K) From: 5184K(7680K)->2656K(7168K)
[0.297s][info][gc,heap        ] GC(16) ParOldGen: 11466K(18432K)->16730K(18432K)
[0.297s][info][gc,metaspace   ] GC(16) Metaspace: 6301K(6464K)->6301K(6464K) NonClass: 5768K(5824K)->5768K(5824K) Class: 533K(640K)->533K(640K)
[0.297s][info][gc             ] GC(16) Pause Young (Allocation Failure) 21M->18M(32M) 9.125ms
[0.297s][info][gc,cpu         ] GC(16) User=0.00s Sys=0.02s Real=0.01s
[0.297s][info][gc,start       ] GC(17) Pause Full (Ergonomics)
[0.297s][info][gc,phases,start] GC(17) Marking Phase
[0.305s][info][gc,phases      ] GC(17) Marking Phase 8.127ms
[0.305s][info][gc,phases,start] GC(17) Summary Phase
[0.305s][info][gc,phases      ] GC(17) Summary Phase 0.016ms
[0.305s][info][gc,phases,start] GC(17) Adjust Roots
[0.306s][info][gc,phases      ] GC(17) Adjust Roots 0.264ms
[0.306s][info][gc,phases,start] GC(17) Compaction Phase
[0.312s][info][gc,phases      ] GC(17) Compaction Phase 6.303ms
[0.312s][info][gc,phases,start] GC(17) Post Compact
[0.312s][info][gc,phases      ] GC(17) Post Compact 0.079ms
[0.312s][info][gc,heap        ] GC(17) PSYoungGen: 2656K(14336K)->1105K(14848K) Eden: 0K(7168K)->0K(7680K) From: 2656K(7168K)->1105K(7168K)
[0.312s][info][gc,heap        ] GC(17) ParOldGen: 16730K(18432K)->18183K(27648K)
[0.312s][info][gc,metaspace   ] GC(17) Metaspace: 6301K(6464K)->6301K(6464K) NonClass: 5768K(5824K)->5768K(5824K) Class: 533K(640K)->533K(640K)
[0.312s][info][gc             ] GC(17) Pause Full (Ergonomics) 18M->18M(41M) 15.124ms
[0.312s][info][gc,cpu         ] GC(17) User=0.00s Sys=0.00s Real=0.02s
[0.316s][info][gc,start       ] GC(18) Pause Young (Allocation Failure)
[0.322s][info][gc,heap        ] GC(18) PSYoungGen: 7799K(14848K)->3424K(15360K) Eden: 6694K(7680K)->0K(7680K) From: 1105K(7168K)->3424K(7680K)
[0.322s][info][gc,heap        ] GC(18) ParOldGen: 18183K(27648K)->19311K(27648K)
[0.322s][info][gc,metaspace   ] GC(18) Metaspace: 6301K(6464K)->6301K(6464K) NonClass: 5768K(5824K)->5768K(5824K) Class: 533K(640K)->533K(640K)
[0.322s][info][gc             ] GC(18) Pause Young (Allocation Failure) 25M->22M(42M) 5.410ms
[0.322s][info][gc,cpu         ] GC(18) User=0.00s Sys=0.00s Real=0.01s
[0.329s][info][gc,start       ] GC(19) Pause Young (Allocation Failure)
[0.339s][info][gc,heap        ] GC(19) PSYoungGen: 11103K(15360K)->4480K(17920K) Eden: 7679K(7680K)->0K(10240K) From: 3424K(7680K)->4480K(7680K)
[0.339s][info][gc,heap        ] GC(19) ParOldGen: 19311K(27648K)->22767K(27648K)
[0.339s][info][gc,metaspace   ] GC(19) Metaspace: 6301K(6464K)->6301K(6464K) NonClass: 5768K(5824K)->5768K(5824K) Class: 533K(640K)->533K(640K)
[0.339s][info][gc             ] GC(19) Pause Young (Allocation Failure) 29M->26M(44M) 9.799ms
[0.339s][info][gc,cpu         ] GC(19) User=0.00s Sys=0.00s Real=0.01s
[0.345s][info][gc,start       ] GC(20) Pause Young (Allocation Failure)
[0.355s][info][gc,heap        ] GC(20) PSYoungGen: 14720K(17920K)->5344K(17920K) Eden: 10240K(10240K)->0K(10240K) From: 4480K(7680K)->5344K(7680K)
[0.355s][info][gc,heap        ] GC(20) ParOldGen: 22767K(27648K)->27287K(27648K)
[0.355s][info][gc,metaspace   ] GC(20) Metaspace: 6301K(6464K)->6301K(6464K) NonClass: 5768K(5824K)->5768K(5824K) Class: 533K(640K)->533K(640K)
[0.355s][info][gc             ] GC(20) Pause Young (Allocation Failure) 36M->31M(44M) 9.427ms
[0.355s][info][gc,cpu         ] GC(20) User=0.00s Sys=0.00s Real=0.01s
[0.355s][info][gc,start       ] GC(21) Pause Full (Ergonomics)
[0.355s][info][gc,phases,start] GC(21) Marking Phase
[0.368s][info][gc,phases      ] GC(21) Marking Phase 13.346ms
[0.368s][info][gc,phases,start] GC(21) Summary Phase
[0.368s][info][gc,phases      ] GC(21) Summary Phase 0.014ms
[0.368s][info][gc,phases,start] GC(21) Adjust Roots
[0.369s][info][gc,phases      ] GC(21) Adjust Roots 0.173ms
[0.369s][info][gc,phases,start] GC(21) Compaction Phase
[0.382s][info][gc,phases      ] GC(21) Compaction Phase 12.886ms
[0.382s][info][gc,phases,start] GC(21) Post Compact
[0.382s][info][gc,phases      ] GC(21) Post Compact 0.112ms
[0.382s][info][gc,heap        ] GC(21) PSYoungGen: 5344K(17920K)->4779K(17920K) Eden: 0K(10240K)->0K(10240K) From: 5344K(7680K)->4779K(7680K)
[0.382s][info][gc,heap        ] GC(21) ParOldGen: 27287K(27648K)->27140K(38912K)
[0.382s][info][gc,metaspace   ] GC(21) Metaspace: 6301K(6464K)->6301K(6464K) NonClass: 5768K(5824K)->5768K(5824K) Class: 533K(640K)->533K(640K)
[0.382s][info][gc             ] GC(21) Pause Full (Ergonomics) 31M->31M(55M) 27.009ms
[0.382s][info][gc,cpu         ] GC(21) User=0.00s Sys=0.00s Real=0.03s
[0.391s][info][gc,start       ] GC(22) Pause Young (Allocation Failure)
[0.409s][info][gc,heap        ] GC(22) PSYoungGen: 15019K(17920K)->8192K(17920K) Eden: 10240K(10240K)->0K(9728K) From: 4779K(7680K)->8192K(8192K)
[0.409s][info][gc,heap        ] GC(22) ParOldGen: 27140K(38912K)->32956K(38912K)
[0.409s][info][gc,metaspace   ] GC(22) Metaspace: 6301K(6464K)->6301K(6464K) NonClass: 5768K(5824K)->5768K(5824K) Class: 533K(640K)->533K(640K)
[0.409s][info][gc             ] GC(22) Pause Young (Allocation Failure) 41M->40M(55M) 17.949ms
[0.409s][info][gc,cpu         ] GC(22) User=0.02s Sys=0.02s Real=0.02s
[0.409s][info][gc,start       ] GC(23) Pause Full (Ergonomics)
[0.409s][info][gc,phases,start] GC(23) Marking Phase
[0.425s][info][gc,phases      ] GC(23) Marking Phase 16.040ms
[0.425s][info][gc,phases,start] GC(23) Summary Phase
[0.425s][info][gc,phases      ] GC(23) Summary Phase 0.019ms
[0.425s][info][gc,phases,start] GC(23) Adjust Roots
[0.425s][info][gc,phases      ] GC(23) Adjust Roots 0.155ms
[0.425s][info][gc,phases,start] GC(23) Compaction Phase
[0.439s][info][gc,phases      ] GC(23) Compaction Phase 14.084ms
[0.439s][info][gc,phases,start] GC(23) Post Compact
[0.440s][info][gc,phases      ] GC(23) Post Compact 0.200ms
[0.440s][info][gc,heap        ] GC(23) PSYoungGen: 8192K(17920K)->2555K(17920K) Eden: 0K(9728K)->0K(9728K) From: 8192K(8192K)->2555K(8192K)
[0.440s][info][gc,heap        ] GC(23) ParOldGen: 32956K(38912K)->38478K(52224K)
[0.440s][info][gc,metaspace   ] GC(23) Metaspace: 6301K(6464K)->6301K(6464K) NonClass: 5768K(5824K)->5768K(5824K) Class: 533K(640K)->533K(640K)
[0.440s][info][gc             ] GC(23) Pause Full (Ergonomics) 40M->40M(68M) 31.013ms
[0.440s][info][gc,cpu         ] GC(23) User=0.02s Sys=0.00s Real=0.03s
[0.452s][info][gc,start       ] GC(24) Pause Young (Allocation Failure)
[0.463s][info][gc,heap        ] GC(24) PSYoungGen: 12283K(17920K)->9760K(20992K) Eden: 9728K(9728K)->0K(9728K) From: 2555K(8192K)->9760K(11264K)
[0.463s][info][gc,heap        ] GC(24) ParOldGen: 38478K(52224K)->41078K(52224K)
[0.463s][info][gc,metaspace   ] GC(24) Metaspace: 6301K(6464K)->6301K(6464K) NonClass: 5768K(5824K)->5768K(5824K) Class: 533K(640K)->533K(640K)
[0.463s][info][gc             ] GC(24) Pause Young (Allocation Failure) 49M->49M(71M) 10.849ms
[0.463s][info][gc,cpu         ] GC(24) User=0.00s Sys=0.00s Real=0.01s
[0.472s][info][gc,start       ] GC(25) Pause Young (Allocation Failure)
[0.494s][info][gc,heap        ] GC(25) PSYoungGen: 19488K(20992K)->9760K(23552K) Eden: 9728K(9728K)->0K(10752K) From: 9760K(11264K)->9760K(12800K)
[0.494s][info][gc,heap        ] GC(25) ParOldGen: 41078K(52224K)->50918K(52224K)
[0.494s][info][gc,metaspace   ] GC(25) Metaspace: 6301K(6464K)->6301K(6464K) NonClass: 5768K(5824K)->5768K(5824K) Class: 533K(640K)->533K(640K)
[0.494s][info][gc             ] GC(25) Pause Young (Allocation Failure) 59M->59M(74M) 22.013ms
[0.494s][info][gc,cpu         ] GC(25) User=0.00s Sys=0.03s Real=0.02s
[0.494s][info][gc,start       ] GC(26) Pause Full (Ergonomics)
[0.494s][info][gc,phases,start] GC(26) Marking Phase
[0.516s][info][gc,phases      ] GC(26) Marking Phase 22.667ms
[0.517s][info][gc,phases,start] GC(26) Summary Phase
[0.517s][info][gc,phases      ] GC(26) Summary Phase 0.019ms
[0.517s][info][gc,phases,start] GC(26) Adjust Roots
[0.517s][info][gc,phases      ] GC(26) Adjust Roots 0.156ms
[0.517s][info][gc,phases,start] GC(26) Compaction Phase
[0.536s][info][gc,phases      ] GC(26) Compaction Phase 19.489ms
[0.536s][info][gc,phases,start] GC(26) Post Compact
[0.537s][info][gc,phases      ] GC(26) Post Compact 0.251ms
[0.537s][info][gc,heap        ] GC(26) PSYoungGen: 9760K(23552K)->7654K(23552K) Eden: 0K(10752K)->0K(10752K) From: 9760K(12800K)->7654K(12800K)
[0.537s][info][gc,heap        ] GC(26) ParOldGen: 50918K(52224K)->51758K(69120K)
[0.537s][info][gc,metaspace   ] GC(26) Metaspace: 6301K(6464K)->6301K(6464K) NonClass: 5768K(5824K)->5768K(5824K) Class: 533K(640K)->533K(640K)
[0.537s][info][gc             ] GC(26) Pause Full (Ergonomics) 59M->58M(90M) 43.059ms
[0.537s][info][gc,cpu         ] GC(26) User=0.05s Sys=0.00s Real=0.04s
[0.550s][info][gc,start       ] GC(27) Pause Young (Allocation Failure)
[0.569s][info][gc,heap        ] GC(27) PSYoungGen: 18406K(23552K)->10784K(24576K) Eden: 10752K(10752K)->0K(10752K) From: 7654K(12800K)->10784K(13824K)
[0.569s][info][gc,heap        ] GC(27) ParOldGen: 51758K(69120K)->59542K(69120K)
[0.569s][info][gc,metaspace   ] GC(27) Metaspace: 6301K(6464K)->6301K(6464K) NonClass: 5768K(5824K)->5768K(5824K) Class: 533K(640K)->533K(640K)
[0.569s][info][gc             ] GC(27) Pause Young (Allocation Failure) 68M->68M(91M) 19.521ms
[0.569s][info][gc,cpu         ] GC(27) User=0.03s Sys=0.00s Real=0.02s
[0.569s][info][gc,start       ] GC(28) Pause Full (Ergonomics)
[0.569s][info][gc,phases,start] GC(28) Marking Phase
[0.597s][info][gc,phases      ] GC(28) Marking Phase 27.974ms
[0.597s][info][gc,phases,start] GC(28) Summary Phase
[0.597s][info][gc,phases      ] GC(28) Summary Phase 0.019ms
[0.597s][info][gc,phases,start] GC(28) Adjust Roots
[0.597s][info][gc,phases      ] GC(28) Adjust Roots 0.185ms
[0.598s][info][gc,phases,start] GC(28) Compaction Phase
[0.618s][info][gc,phases      ] GC(28) Compaction Phase 20.744ms
[0.618s][info][gc,phases,start] GC(28) Post Compact
[0.619s][info][gc,phases      ] GC(28) Post Compact 0.335ms
[0.619s][info][gc,heap        ] GC(28) PSYoungGen: 10784K(24576K)->1523K(24576K) Eden: 0K(10752K)->0K(10752K) From: 10784K(13824K)->1523K(13824K)
[0.619s][info][gc,heap        ] GC(28) ParOldGen: 59542K(69120K)->68610K(88576K)
[0.619s][info][gc,metaspace   ] GC(28) Metaspace: 6301K(6464K)->6301K(6464K) NonClass: 5768K(5824K)->5768K(5824K) Class: 533K(640K)->533K(640K)
[0.619s][info][gc             ] GC(28) Pause Full (Ergonomics) 68M->68M(110M) 49.750ms
[0.619s][info][gc,cpu         ] GC(28) User=0.05s Sys=0.02s Real=0.05s
[0.629s][info][gc,start       ] GC(29) Pause Young (Allocation Failure)
[0.647s][info][gc,heap        ] GC(29) PSYoungGen: 12275K(24576K)->10784K(27136K) Eden: 10752K(10752K)->0K(12288K) From: 1523K(13824K)->10784K(14848K)
[0.647s][info][gc,heap        ] GC(29) ParOldGen: 68610K(88576K)->70162K(88576K)
[0.647s][info][gc,metaspace   ] GC(29) Metaspace: 6301K(6464K)->6301K(6464K) NonClass: 5768K(5824K)->5768K(5824K) Class: 533K(640K)->533K(640K)
[0.647s][info][gc             ] GC(29) Pause Young (Allocation Failure) 78M->79M(113M) 17.358ms
[0.647s][info][gc,cpu         ] GC(29) User=0.02s Sys=0.00s Real=0.02s
[0.671s][info][gc,start       ] GC(30) Pause Young (Allocation Failure)
[0.691s][info][gc,heap        ] GC(30) PSYoungGen: 23072K(27136K)->15840K(28160K) Eden: 12288K(12288K)->0K(12288K) From: 10784K(14848K)->15840K(15872K)
[0.691s][info][gc,heap        ] GC(30) ParOldGen: 70162K(88576K)->77450K(88576K)
[0.691s][info][gc,metaspace   ] GC(30) Metaspace: 6301K(6464K)->6301K(6464K) NonClass: 5768K(5824K)->5768K(5824K) Class: 533K(640K)->533K(640K)
[0.691s][info][gc             ] GC(30) Pause Young (Allocation Failure) 91M->91M(114M) 19.522ms
[0.691s][info][gc,cpu         ] GC(30) User=0.00s Sys=0.03s Real=0.02s
[0.700s][info][gc,start       ] GC(31) Pause Young (Allocation Failure)
[0.732s][info][gc,heap        ] GC(31) PSYoungGen: 28128K(28160K)->12320K(35328K) Eden: 12288K(12288K)->0K(14336K) From: 15840K(15872K)->12320K(20992K)
[0.732s][info][gc,heap        ] GC(31) ParOldGen: 77450K(88576K)->93466K(93696K)
[0.732s][info][gc,metaspace   ] GC(31) Metaspace: 6301K(6464K)->6301K(6464K) NonClass: 5768K(5824K)->5768K(5824K) Class: 533K(640K)->533K(640K)
[0.732s][info][gc             ] GC(31) Pause Young (Allocation Failure) 103M->103M(126M) 31.846ms
[0.732s][info][gc,cpu         ] GC(31) User=0.02s Sys=0.02s Real=0.03s
[0.732s][info][gc,start       ] GC(32) Pause Full (Ergonomics)
[0.732s][info][gc,phases,start] GC(32) Marking Phase
[0.759s][info][gc,phases      ] GC(32) Marking Phase 26.980ms
[0.759s][info][gc,phases,start] GC(32) Summary Phase
[0.759s][info][gc,phases      ] GC(32) Summary Phase 0.026ms
[0.759s][info][gc,phases,start] GC(32) Adjust Roots
[0.760s][info][gc,phases      ] GC(32) Adjust Roots 0.170ms
[0.760s][info][gc,phases,start] GC(32) Compaction Phase
[0.782s][info][gc,phases      ] GC(32) Compaction Phase 22.221ms
[0.782s][info][gc,phases,start] GC(32) Post Compact
[0.782s][info][gc,phases      ] GC(32) Post Compact 0.415ms
[0.783s][info][gc,heap        ] GC(32) PSYoungGen: 12320K(35328K)->9701K(35328K) Eden: 0K(14336K)->0K(14336K) From: 12320K(20992K)->9701K(20992K)
[0.783s][info][gc,heap        ] GC(32) ParOldGen: 93466K(93696K)->93624K(119808K)
[0.783s][info][gc,metaspace   ] GC(32) Metaspace: 6301K(6464K)->6301K(6464K) NonClass: 5768K(5824K)->5768K(5824K) Class: 533K(640K)->533K(640K)
[0.783s][info][gc             ] GC(32) Pause Full (Ergonomics) 103M->100M(151M) 50.329ms
[0.783s][info][gc,cpu         ] GC(32) User=0.06s Sys=0.00s Real=0.05s
[0.797s][info][gc,start       ] GC(33) Pause Young (Allocation Failure)
[0.820s][info][gc,heap        ] GC(33) PSYoungGen: 24037K(35328K)->14400K(35840K) Eden: 14336K(14336K)->0K(14336K) From: 9701K(20992K)->14400K(21504K)
[0.820s][info][gc,heap        ] GC(33) ParOldGen: 93624K(119808K)->103488K(119808K)
[0.820s][info][gc,metaspace   ] GC(33) Metaspace: 6301K(6464K)->6301K(6464K) NonClass: 5768K(5824K)->5768K(5824K) Class: 533K(640K)->533K(640K)
[0.820s][info][gc             ] GC(33) Pause Young (Allocation Failure) 114M->115M(152M) 22.589ms
[0.820s][info][gc,cpu         ] GC(33) User=0.03s Sys=0.00s Real=0.02s
[0.832s][info][gc,start       ] GC(34) Pause Young (Allocation Failure)
[0.859s][info][gc,heap        ] GC(34) PSYoungGen: 28736K(35840K)->14368K(38912K) Eden: 14336K(14336K)->0K(16896K) From: 14400K(21504K)->14368K(22016K)
[0.859s][info][gc,heap        ] GC(34) ParOldGen: 103488K(119808K)->118040K(119808K)
[0.859s][info][gc,metaspace   ] GC(34) Metaspace: 6301K(6464K)->6301K(6464K) NonClass: 5768K(5824K)->5768K(5824K) Class: 533K(640K)->533K(640K)
[0.859s][info][gc             ] GC(34) Pause Young (Allocation Failure) 129M->129M(155M) 26.554ms
[0.859s][info][gc,cpu         ] GC(34) User=0.05s Sys=0.02s Real=0.03s
[0.859s][info][gc,start       ] GC(35) Pause Full (Ergonomics)
[0.859s][info][gc,phases,start] GC(35) Marking Phase
[0.896s][info][gc,phases      ] GC(35) Marking Phase 36.673ms
[0.896s][info][gc,phases,start] GC(35) Summary Phase
[0.896s][info][gc,phases      ] GC(35) Summary Phase 0.020ms
[0.896s][info][gc,phases,start] GC(35) Adjust Roots
[0.896s][info][gc,phases      ] GC(35) Adjust Roots 0.153ms
[0.896s][info][gc,phases,start] GC(35) Compaction Phase
[0.915s][info][gc,phases      ] GC(35) Compaction Phase 18.701ms
[0.915s][info][gc,phases,start] GC(35) Post Compact
[0.915s][info][gc,phases      ] GC(35) Post Compact 0.637ms
[0.916s][info][gc,heap        ] GC(35) PSYoungGen: 14368K(38912K)->12257K(38912K) Eden: 0K(16896K)->0K(16896K) From: 14368K(22016K)->12257K(22016K)
[0.916s][info][gc,heap        ] GC(35) ParOldGen: 118040K(119808K)->119675K(150528K)
[0.916s][info][gc,metaspace   ] GC(35) Metaspace: 6301K(6464K)->6301K(6464K) NonClass: 5768K(5824K)->5768K(5824K) Class: 533K(640K)->533K(640K)
[0.916s][info][gc             ] GC(35) Pause Full (Ergonomics) 129M->128M(185M) 56.754ms
[0.916s][info][gc,cpu         ] GC(35) User=0.14s Sys=0.00s Real=0.06s
[0.932s][info][gc,start       ] GC(36) Pause Young (Allocation Failure)
[0.957s][info][gc,heap        ] GC(36) PSYoungGen: 29153K(38912K)->16960K(39936K) Eden: 16896K(16896K)->0K(16896K) From: 12257K(22016K)->16960K(23040K)
[0.957s][info][gc,heap        ] GC(36) ParOldGen: 119675K(150528K)->132139K(150528K)
[0.957s][info][gc,metaspace   ] GC(36) Metaspace: 6301K(6464K)->6301K(6464K) NonClass: 5768K(5824K)->5768K(5824K) Class: 533K(640K)->533K(640K)
[0.957s][info][gc             ] GC(36) Pause Young (Allocation Failure) 145M->145M(186M) 25.400ms
[0.957s][info][gc,cpu         ] GC(36) User=0.05s Sys=0.03s Real=0.03s
[0.957s][info][gc,start       ] GC(37) Pause Full (Ergonomics)
[0.957s][info][gc,phases,start] GC(37) Marking Phase
[0.998s][info][gc,phases      ] GC(37) Marking Phase 40.635ms
[0.998s][info][gc,phases,start] GC(37) Summary Phase
[0.998s][info][gc,phases      ] GC(37) Summary Phase 0.022ms
[0.998s][info][gc,phases,start] GC(37) Adjust Roots
[0.998s][info][gc,phases      ] GC(37) Adjust Roots 0.182ms
[0.998s][info][gc,phases,start] GC(37) Compaction Phase
[1.023s][info][gc,phases      ] GC(37) Compaction Phase 25.212ms
[1.023s][info][gc,phases,start] GC(37) Post Compact
[1.024s][info][gc,phases      ] GC(37) Post Compact 0.686ms
[1.025s][info][gc,heap        ] GC(37) PSYoungGen: 16960K(39936K)->0K(43008K) Eden: 0K(16896K)->0K(19456K) From: 16960K(23040K)->0K(23552K)
[1.025s][info][gc,heap        ] GC(37) ParOldGen: 132139K(150528K)->148799K(182784K)
[1.025s][info][gc,metaspace   ] GC(37) Metaspace: 6301K(6464K)->6301K(6464K) NonClass: 5768K(5824K)->5768K(5824K) Class: 533K(640K)->533K(640K)
[1.025s][info][gc             ] GC(37) Pause Full (Ergonomics) 145M->145M(220M) 67.429ms
[1.025s][info][gc,cpu         ] GC(37) User=0.17s Sys=0.03s Real=0.07s
[1.043s][info][gc,start       ] GC(38) Pause Young (Allocation Failure)
[1.055s][info][gc,heap        ] GC(38) PSYoungGen: 19456K(43008K)->19584K(43520K) Eden: 19456K(19456K)->0K(19456K) From: 0K(23552K)->19584K(24064K)
[1.055s][info][gc,heap        ] GC(38) ParOldGen: 148799K(182784K)->148799K(182784K)
[1.055s][info][gc,metaspace   ] GC(38) Metaspace: 6301K(6464K)->6301K(6464K) NonClass: 5768K(5824K)->5768K(5824K) Class: 533K(640K)->533K(640K)
[1.055s][info][gc             ] GC(38) Pause Young (Allocation Failure) 164M->164M(221M) 11.520ms
[1.055s][info][gc,cpu         ] GC(38) User=0.00s Sys=0.00s Real=0.01s
[1.084s][info][gc,start       ] GC(39) Pause Young (Allocation Failure)
[1.123s][info][gc,heap        ] GC(39) PSYoungGen: 39040K(43520K)->26080K(39424K) Eden: 19456K(19456K)->0K(13312K) From: 19584K(24064K)->26080K(26112K)
[1.123s][info][gc,heap        ] GC(39) ParOldGen: 148799K(182784K)->161855K(182784K)
[1.123s][info][gc,metaspace   ] GC(39) Metaspace: 6301K(6464K)->6301K(6464K) NonClass: 5768K(5824K)->5768K(5824K) Class: 533K(640K)->533K(640K)
[1.123s][info][gc             ] GC(39) Pause Young (Allocation Failure) 183M->183M(217M) 39.626ms
[1.123s][info][gc,cpu         ] GC(39) User=0.05s Sys=0.02s Real=0.04s
[1.136s][info][gc,start       ] GC(40) Pause Young (Allocation Failure)
[1.172s][info][gc,heap        ] GC(40) PSYoungGen: 39392K(39424K)->13408K(48640K) Eden: 13312K(13312K)->0K(13312K) From: 26080K(26112K)->13408K(35328K)
[1.172s][info][gc,heap        ] GC(40) ParOldGen: 161855K(182784K)->196399K(196608K)
[1.172s][info][gc,metaspace   ] GC(40) Metaspace: 6301K(6464K)->6301K(6464K) NonClass: 5768K(5824K)->5768K(5824K) Class: 533K(640K)->533K(640K)
[1.172s][info][gc             ] GC(40) Pause Young (Allocation Failure) 196M->204M(239M) 36.557ms
[1.172s][info][gc,cpu         ] GC(40) User=0.06s Sys=0.05s Real=0.04s
[1.172s][info][gc,start       ] GC(41) Pause Full (Ergonomics)
[1.172s][info][gc,phases,start] GC(41) Marking Phase
[1.217s][info][gc,phases      ] GC(41) Marking Phase 44.953ms
[1.217s][info][gc,phases,start] GC(41) Summary Phase
[1.217s][info][gc,phases      ] GC(41) Summary Phase 0.017ms
[1.217s][info][gc,phases,start] GC(41) Adjust Roots
[1.217s][info][gc,phases      ] GC(41) Adjust Roots 0.138ms
[1.217s][info][gc,phases,start] GC(41) Compaction Phase
[1.254s][info][gc,phases      ] GC(41) Compaction Phase 36.952ms
[1.254s][info][gc,phases,start] GC(41) Post Compact
[1.256s][info][gc,phases      ] GC(41) Post Compact 1.135ms
[1.256s][info][gc,heap        ] GC(41) PSYoungGen: 13408K(48640K)->505K(48640K) Eden: 0K(13312K)->0K(13312K) From: 13408K(35328K)->505K(35328K)
[1.256s][info][gc,heap        ] GC(41) ParOldGen: 196399K(196608K)->196342K(242176K)
[1.256s][info][gc,metaspace   ] GC(41) Metaspace: 6301K(6464K)->6301K(6464K) NonClass: 5768K(5824K)->5768K(5824K) Class: 533K(640K)->533K(640K)
[1.256s][info][gc             ] GC(41) Pause Full (Ergonomics) 204M->192M(284M) 83.922ms
[1.256s][info][gc,cpu         ] GC(41) User=0.25s Sys=0.00s Real=0.08s
[1.269s][info][gc,start       ] GC(42) Pause Young (Allocation Failure)
[1.285s][info][gc,heap        ] GC(42) PSYoungGen: 13817K(48640K)->13408K(44032K) Eden: 13312K(13312K)->0K(15360K) From: 505K(35328K)->13408K(28672K)
[1.285s][info][gc,heap        ] GC(42) ParOldGen: 196342K(242176K)->196878K(242176K)
[1.285s][info][gc,metaspace   ] GC(42) Metaspace: 6301K(6464K)->6301K(6464K) NonClass: 5768K(5824K)->5768K(5824K) Class: 533K(640K)->533K(640K)
[1.285s][info][gc             ] GC(42) Pause Young (Allocation Failure) 205M->205M(279M) 15.895ms
[1.285s][info][gc,cpu         ] GC(42) User=0.00s Sys=0.00s Real=0.02s
[1.301s][info][gc,start       ] GC(43) Pause Young (Allocation Failure)
[1.321s][info][gc,heap        ] GC(43) PSYoungGen: 28768K(44032K)->15488K(46592K) Eden: 15360K(15360K)->0K(15360K) From: 13408K(28672K)->15488K(31232K)
[1.321s][info][gc,heap        ] GC(43) ParOldGen: 196878K(242176K)->210390K(242176K)
[1.321s][info][gc,metaspace   ] GC(43) Metaspace: 6301K(6464K)->6301K(6464K) NonClass: 5768K(5824K)->5768K(5824K) Class: 533K(640K)->533K(640K)
[1.321s][info][gc             ] GC(43) Pause Young (Allocation Failure) 220M->220M(282M) 20.730ms
[1.321s][info][gc,cpu         ] GC(43) User=0.09s Sys=0.00s Real=0.02s
[1.338s][info][gc,start       ] GC(44) Pause Young (Allocation Failure)
[1.359s][info][gc,heap        ] GC(44) PSYoungGen: 30848K(46592K)->15456K(46080K) Eden: 15360K(15360K)->0K(17920K) From: 15488K(31232K)->15456K(28160K)
[1.359s][info][gc,heap        ] GC(44) ParOldGen: 210390K(242176K)->225982K(242176K)
[1.359s][info][gc,metaspace   ] GC(44) Metaspace: 6301K(6464K)->6301K(6464K) NonClass: 5768K(5824K)->5768K(5824K) Class: 533K(640K)->533K(640K)
[1.359s][info][gc             ] GC(44) Pause Young (Allocation Failure) 235M->235M(281M) 21.484ms
[1.359s][info][gc,cpu         ] GC(44) User=0.05s Sys=0.06s Real=0.02s
[1.359s][info][gc,start       ] GC(45) Pause Full (Ergonomics)
[1.359s][info][gc,phases,start] GC(45) Marking Phase
[1.415s][info][gc,phases      ] GC(45) Marking Phase 56.384ms
[1.416s][info][gc,phases,start] GC(45) Summary Phase
[1.416s][info][gc,phases      ] GC(45) Summary Phase 0.023ms
[1.416s][info][gc,phases,start] GC(45) Adjust Roots
[1.416s][info][gc,phases      ] GC(45) Adjust Roots 0.162ms
[1.416s][info][gc,phases,start] GC(45) Compaction Phase
[1.444s][info][gc,phases      ] GC(45) Compaction Phase 27.960ms
[1.444s][info][gc,phases,start] GC(45) Post Compact
[1.445s][info][gc,phases      ] GC(45) Post Compact 1.229ms
[1.446s][info][gc,heap        ] GC(45) PSYoungGen: 15456K(46080K)->0K(47104K) Eden: 0K(17920K)->0K(17920K) From: 15456K(28160K)->0K(29184K)
[1.446s][info][gc,heap        ] GC(45) ParOldGen: 225982K(242176K)->240791K(288768K)
[1.446s][info][gc,metaspace   ] GC(45) Metaspace: 6301K(6464K)->6301K(6464K) NonClass: 5768K(5824K)->5768K(5824K) Class: 533K(640K)->533K(640K)
[1.446s][info][gc             ] GC(45) Pause Full (Ergonomics) 235M->235M(328M) 86.573ms
[1.446s][info][gc,cpu         ] GC(45) User=0.34s Sys=0.00s Real=0.09s
[1.464s][info][gc,start       ] GC(46) Pause Young (Allocation Failure)
[1.474s][info][gc,heap        ] GC(46) PSYoungGen: 17920K(47104K)->18048K(49664K) Eden: 17920K(17920K)->0K(20480K) From: 0K(29184K)->18048K(29184K)
[1.474s][info][gc,heap        ] GC(46) ParOldGen: 240791K(288768K)->240791K(288768K)
[1.474s][info][gc,metaspace   ] GC(46) Metaspace: 6301K(6464K)->6301K(6464K) NonClass: 5768K(5824K)->5768K(5824K) Class: 533K(640K)->533K(640K)
[1.474s][info][gc             ] GC(46) Pause Young (Allocation Failure) 252M->252M(330M) 9.847ms
[1.474s][info][gc,cpu         ] GC(46) User=0.00s Sys=0.00s Real=0.01s
[1.496s][info][gc,start       ] GC(47) Pause Young (Allocation Failure)
[1.519s][info][gc,heap        ] GC(47) PSYoungGen: 38528K(49664K)->29184K(49664K) Eden: 20480K(20480K)->0K(20480K) From: 18048K(29184K)->29184K(29184K)
[1.519s][info][gc,heap        ] GC(47) ParOldGen: 240791K(288768K)->250175K(288768K)
[1.519s][info][gc,metaspace   ] GC(47) Metaspace: 6301K(6464K)->6301K(6464K) NonClass: 5768K(5824K)->5768K(5824K) Class: 533K(640K)->533K(640K)
[1.519s][info][gc             ] GC(47) Pause Young (Allocation Failure) 272M->272M(330M) 22.777ms
[1.519s][info][gc,cpu         ] GC(47) User=0.06s Sys=0.03s Real=0.02s
[1.541s][info][gc,start       ] GC(48) Pause Young (Allocation Failure)
[1.576s][info][gc,heap        ] GC(48) PSYoungGen: 49664K(49664K)->20576K(59392K) Eden: 20480K(20480K)->0K(23552K) From: 29184K(29184K)->20576K(35840K)
[1.576s][info][gc,heap        ] GC(48) ParOldGen: 250175K(288768K)->279783K(288768K)
[1.576s][info][gc,metaspace   ] GC(48) Metaspace: 6301K(6464K)->6301K(6464K) NonClass: 5768K(5824K)->5768K(5824K) Class: 533K(640K)->533K(640K)
[1.576s][info][gc             ] GC(48) Pause Young (Allocation Failure) 292M->293M(340M) 34.466ms
[1.576s][info][gc,cpu         ] GC(48) User=0.11s Sys=0.12s Real=0.03s
[1.576s][info][gc,start       ] GC(49) Pause Full (Ergonomics)
[1.576s][info][gc,phases,start] GC(49) Marking Phase
[1.635s][info][gc,phases      ] GC(49) Marking Phase 58.858ms
[1.635s][info][gc,phases,start] GC(49) Summary Phase
[1.635s][info][gc,phases      ] GC(49) Summary Phase 0.017ms
[1.635s][info][gc,phases,start] GC(49) Adjust Roots
[1.635s][info][gc,phases      ] GC(49) Adjust Roots 0.150ms
[1.635s][info][gc,phases,start] GC(49) Compaction Phase
[1.669s][info][gc,phases      ] GC(49) Compaction Phase 34.418ms
[1.669s][info][gc,phases,start] GC(49) Post Compact
[1.671s][info][gc,phases      ] GC(49) Post Compact 1.422ms
[1.671s][info][gc,heap        ] GC(49) PSYoungGen: 20576K(59392K)->11248K(59392K) Eden: 0K(23552K)->0K(23552K) From: 20576K(35840K)->11248K(35840K)
[1.671s][info][gc,heap        ] GC(49) ParOldGen: 279783K(288768K)->288327K(341504K)
[1.671s][info][gc,metaspace   ] GC(49) Metaspace: 6301K(6464K)->6301K(6464K) NonClass: 5768K(5824K)->5768K(5824K) Class: 533K(640K)->533K(640K)
[1.671s][info][gc             ] GC(49) Pause Full (Ergonomics) 293M->292M(391M) 95.604ms
[1.671s][info][gc,cpu         ] GC(49) User=0.53s Sys=0.03s Real=0.10s
[1.697s][info][gc,start       ] GC(50) Pause Young (Allocation Failure)
[1.728s][info][gc,heap        ] GC(50) PSYoungGen: 34800K(59392K)->23712K(59392K) Eden: 23552K(23552K)->0K(23552K) From: 11248K(35840K)->23712K(35840K)
[1.728s][info][gc,heap        ] GC(50) ParOldGen: 288327K(341504K)->299759K(341504K)
[1.728s][info][gc,metaspace   ] GC(50) Metaspace: 6301K(6464K)->6301K(6464K) NonClass: 5768K(5824K)->5768K(5824K) Class: 533K(640K)->533K(640K)
[1.728s][info][gc             ] GC(50) Pause Young (Allocation Failure) 315M->315M(391M) 30.519ms
[1.728s][info][gc,cpu         ] GC(50) User=0.14s Sys=0.00s Real=0.03s
[1.754s][info][gc,start       ] GC(51) Pause Young (Allocation Failure)
[1.791s][info][gc,heap        ] GC(51) PSYoungGen: 47264K(59392K)->36352K(53760K) Eden: 23552K(23552K)->0K(17408K) From: 23712K(35840K)->36352K(36352K)
[1.791s][info][gc,heap        ] GC(51) ParOldGen: 299759K(341504K)->310711K(341504K)
[1.791s][info][gc,metaspace   ] GC(51) Metaspace: 6301K(6464K)->6301K(6464K) NonClass: 5768K(5824K)->5768K(5824K) Class: 533K(640K)->533K(640K)
[1.791s][info][gc             ] GC(51) Pause Young (Allocation Failure) 338M->338M(386M) 37.056ms
[1.791s][info][gc,cpu         ] GC(51) User=0.05s Sys=0.20s Real=0.04s
[1.890s][info][gc,start       ] GC(52) Pause Full (Ergonomics)
[1.890s][info][gc,phases,start] GC(52) Marking Phase
[1.969s][info][gc,phases      ] GC(52) Marking Phase 78.542ms
[1.969s][info][gc,phases,start] GC(52) Summary Phase
[1.969s][info][gc,phases      ] GC(52) Summary Phase 0.020ms
[1.969s][info][gc,phases,start] GC(52) Adjust Roots
[1.969s][info][gc,phases      ] GC(52) Adjust Roots 0.176ms
[1.969s][info][gc,phases,start] GC(52) Compaction Phase
[2.037s][info][gc,phases      ] GC(52) Compaction Phase 68.677ms
[2.038s][info][gc,phases,start] GC(52) Post Compact
[2.040s][info][gc,phases      ] GC(52) Post Compact 2.213ms
[2.040s][info][gc,heap        ] GC(52) PSYoungGen: 53760K(53760K)->31169K(53760K) Eden: 17408K(17408K)->0K(17408K) From: 36352K(36352K)->31169K(36352K)
[2.040s][info][gc,heap        ] GC(52) ParOldGen: 327095K(341504K)->341017K(393216K)
[2.040s][info][gc,metaspace   ] GC(52) Metaspace: 6301K(6464K)->6301K(6464K) NonClass: 5768K(5824K)->5768K(5824K) Class: 533K(640K)->533K(640K)
[2.040s][info][gc             ] GC(52) Pause Full (Ergonomics) 371M->363M(436M) 150.480ms
[2.040s][info][gc,cpu         ] GC(52) User=0.75s Sys=0.06s Real=0.15s
[2.060s][info][gc,start       ] GC(53) Pause Young (Allocation Failure)
[2.101s][info][gc,heap        ] GC(53) PSYoungGen: 48577K(53760K)->17536K(62976K) Eden: 17408K(17408K)->0K(17408K) From: 31169K(36352K)->17536K(45568K)
[2.101s][info][gc,heap        ] GC(53) ParOldGen: 341017K(393216K)->372705K(393216K)
[2.101s][info][gc,metaspace   ] GC(53) Metaspace: 6301K(6464K)->6301K(6464K) NonClass: 5768K(5824K)->5768K(5824K) Class: 533K(640K)->533K(640K)
[2.101s][info][gc             ] GC(53) Pause Young (Allocation Failure) 380M->381M(445M) 41.699ms
[2.101s][info][gc,cpu         ] GC(53) User=0.16s Sys=0.09s Real=0.04s
[2.101s][info][gc,start       ] GC(54) Pause Full (Ergonomics)
[2.101s][info][gc,phases,start] GC(54) Marking Phase
[2.184s][info][gc,phases      ] GC(54) Marking Phase 83.007ms
[2.185s][info][gc,phases,start] GC(54) Summary Phase
[2.185s][info][gc,phases      ] GC(54) Summary Phase 0.025ms
[2.185s][info][gc,phases,start] GC(54) Adjust Roots
[2.185s][info][gc,phases      ] GC(54) Adjust Roots 0.179ms
[2.185s][info][gc,phases,start] GC(54) Compaction Phase
[2.231s][info][gc,phases      ] GC(54) Compaction Phase 46.539ms
[2.231s][info][gc,phases,start] GC(54) Post Compact
[2.233s][info][gc,phases      ] GC(54) Post Compact 1.929ms
[2.234s][info][gc,heap        ] GC(54) PSYoungGen: 17536K(62976K)->0K(62464K) Eden: 0K(17408K)->0K(19456K) From: 17536K(45568K)->0K(43008K)
[2.234s][info][gc,heap        ] GC(54) ParOldGen: 372705K(393216K)->389563K(450560K)
[2.234s][info][gc,metaspace   ] GC(54) Metaspace: 6301K(6464K)->6301K(6464K) NonClass: 5768K(5824K)->5768K(5824K) Class: 533K(640K)->533K(640K)
[2.234s][info][gc             ] GC(54) Pause Full (Ergonomics) 381M->380M(501M) 132.558ms
[2.234s][info][gc,cpu         ] GC(54) User=0.83s Sys=0.02s Real=0.13s
[2.255s][info][gc,start       ] GC(55) Pause Young (Allocation Failure)
[2.266s][info][gc,heap        ] GC(55) PSYoungGen: 19456K(62464K)->19552K(62976K) Eden: 19456K(19456K)->0K(19456K) From: 0K(43008K)->19552K(43520K)
[2.266s][info][gc,heap        ] GC(55) ParOldGen: 389563K(450560K)->389563K(450560K)
[2.266s][info][gc,metaspace   ] GC(55) Metaspace: 6301K(6464K)->6301K(6464K) NonClass: 5768K(5824K)->5768K(5824K) Class: 533K(640K)->533K(640K)
[2.266s][info][gc             ] GC(55) Pause Young (Allocation Failure) 399M->399M(501M) 11.200ms
[2.266s][info][gc,cpu         ] GC(55) User=0.02s Sys=0.00s Real=0.01s
[2.287s][info][gc,start       ] GC(56) Pause Young (Allocation Failure)
[2.306s][info][gc,heap        ] GC(56) PSYoungGen: 39008K(62976K)->39104K(58368K) Eden: 19456K(19456K)->0K(16896K) From: 19552K(43520K)->39104K(41472K)
[2.306s][info][gc,heap        ] GC(56) ParOldGen: 389563K(450560K)->389563K(450560K)
[2.306s][info][gc,metaspace   ] GC(56) Metaspace: 6301K(6464K)->6301K(6464K) NonClass: 5768K(5824K)->5768K(5824K) Class: 533K(640K)->533K(640K)
[2.306s][info][gc             ] GC(56) Pause Young (Allocation Failure) 418M->418M(497M) 19.338ms
[2.306s][info][gc,cpu         ] GC(56) User=0.12s Sys=0.00s Real=0.02s
[2.324s][info][gc,start       ] GC(57) Pause Young (Allocation Failure)
[2.354s][info][gc,heap        ] GC(57) PSYoungGen: 56000K(58368K)->46080K(62976K) Eden: 16896K(16896K)->0K(16896K) From: 39104K(41472K)->46080K(46080K)
[2.354s][info][gc,heap        ] GC(57) ParOldGen: 389563K(450560K)->399483K(450560K)
[2.354s][info][gc,metaspace   ] GC(57) Metaspace: 6301K(6464K)->6301K(6464K) NonClass: 5768K(5824K)->5768K(5824K) Class: 533K(640K)->533K(640K)
[2.354s][info][gc             ] GC(57) Pause Young (Allocation Failure) 435M->435M(501M) 29.814ms
[2.354s][info][gc,cpu         ] GC(57) User=0.12s Sys=0.00s Real=0.03s
[2.372s][info][gc,start       ] GC(58) Pause Young (Allocation Failure)
[2.412s][info][gc,heap        ] GC(58) PSYoungGen: 62976K(62976K)->47584K(70144K) Eden: 16896K(16896K)->0K(13824K) From: 46080K(46080K)->47584K(56320K)
[2.412s][info][gc,heap        ] GC(58) ParOldGen: 399483K(450560K)->415187K(450560K)
[2.412s][info][gc,metaspace   ] GC(58) Metaspace: 6301K(6464K)->6301K(6464K) NonClass: 5768K(5824K)->5768K(5824K) Class: 533K(640K)->533K(640K)
[2.412s][info][gc             ] GC(58) Pause Young (Allocation Failure) 451M->451M(508M) 39.475ms
[2.412s][info][gc,cpu         ] GC(58) User=0.14s Sys=0.11s Real=0.04s
[2.427s][info][gc,start       ] GC(59) Pause Young (Allocation Failure)
[2.458s][info][gc,heap        ] GC(59) PSYoungGen: 61408K(70144K)->45984K(75264K) Eden: 13824K(13824K)->0K(13824K) From: 47584K(56320K)->45984K(61440K)
[2.458s][info][gc,heap        ] GC(59) ParOldGen: 415187K(450560K)->430891K(450560K)
[2.459s][info][gc,metaspace   ] GC(59) Metaspace: 6301K(6464K)->6301K(6464K) NonClass: 5768K(5824K)->5768K(5824K) Class: 533K(640K)->533K(640K)
[2.459s][info][gc             ] GC(59) Pause Young (Allocation Failure) 465M->465M(513M) 31.734ms
[2.459s][info][gc,cpu         ] GC(59) User=0.12s Sys=0.02s Real=0.03s
[2.459s][info][gc,start       ] GC(60) Pause Full (Ergonomics)
[2.459s][info][gc,phases,start] GC(60) Marking Phase
[2.563s][info][gc,phases      ] GC(60) Marking Phase 104.307ms
[2.563s][info][gc,phases,start] GC(60) Summary Phase
[2.563s][info][gc,phases      ] GC(60) Summary Phase 0.020ms
[2.563s][info][gc,phases,start] GC(60) Adjust Roots
[2.563s][info][gc,phases      ] GC(60) Adjust Roots 0.157ms
[2.563s][info][gc,phases,start] GC(60) Compaction Phase
[2.621s][info][gc,phases      ] GC(60) Compaction Phase 57.362ms
[2.621s][info][gc,phases,start] GC(60) Post Compact
[2.623s][info][gc,phases      ] GC(60) Post Compact 2.421ms
[2.624s][info][gc,heap        ] GC(60) PSYoungGen: 45984K(75264K)->25826K(75264K) Eden: 0K(13824K)->0K(13824K) From: 45984K(61440K)->25826K(61440K)
[2.624s][info][gc,heap        ] GC(60) ParOldGen: 430891K(450560K)->450112K(509952K)
[2.624s][info][gc,metaspace   ] GC(60) Metaspace: 6301K(6464K)->6301K(6464K) NonClass: 5768K(5824K)->5768K(5824K) Class: 533K(640K)->533K(640K)
[2.624s][info][gc             ] GC(60) Pause Full (Ergonomics) 465M->464M(571M) 165.057ms
[2.624s][info][gc,cpu         ] GC(60) User=0.98s Sys=0.12s Real=0.16s
[2.640s][info][gc,start       ] GC(61) Pause Young (Allocation Failure)
[2.678s][info][gc,heap        ] GC(61) PSYoungGen: 39650K(75264K)->31584K(73728K) Eden: 13824K(13824K)->0K(15360K) From: 25826K(61440K)->31584K(58368K)
[2.678s][info][gc,heap        ] GC(61) ParOldGen: 450112K(509952K)->458496K(509952K)
[2.678s][info][gc,metaspace   ] GC(61) Metaspace: 6301K(6464K)->6301K(6464K) NonClass: 5768K(5824K)->5768K(5824K) Class: 533K(640K)->533K(640K)
[2.679s][info][gc             ] GC(61) Pause Young (Allocation Failure) 478M->478M(570M) 38.886ms
[2.679s][info][gc,cpu         ] GC(61) User=0.22s Sys=0.03s Real=0.04s
[2.695s][info][gc,start       ] GC(62) Pause Young (Allocation Failure)
[2.719s][info][gc,heap        ] GC(62) PSYoungGen: 46944K(73728K)->37056K(77312K) Eden: 15360K(15360K)->0K(15360K) From: 31584K(58368K)->37056K(61952K)
[2.719s][info][gc,heap        ] GC(62) ParOldGen: 458496K(509952K)->468528K(509952K)
[2.719s][info][gc,metaspace   ] GC(62) Metaspace: 6301K(6464K)->6301K(6464K) NonClass: 5768K(5824K)->5768K(5824K) Class: 533K(640K)->533K(640K)
[2.719s][info][gc             ] GC(62) Pause Young (Allocation Failure) 493M->493M(573M) 24.141ms
[2.719s][info][gc,cpu         ] GC(62) User=0.12s Sys=0.02s Real=0.02s
[2.737s][info][gc,start       ] GC(63) Pause Young (Allocation Failure)
[2.764s][info][gc,heap        ] GC(63) PSYoungGen: 52416K(77312K)->44672K(76800K) Eden: 15360K(15360K)->0K(15360K) From: 37056K(61952K)->44672K(61440K)
[2.764s][info][gc,heap        ] GC(63) ParOldGen: 468528K(509952K)->476408K(509952K)
[2.764s][info][gc,metaspace   ] GC(63) Metaspace: 6301K(6464K)->6301K(6464K) NonClass: 5768K(5824K)->5768K(5824K) Class: 533K(640K)->533K(640K)
[2.764s][info][gc             ] GC(63) Pause Young (Allocation Failure) 508M->508M(573M) 27.466ms
[2.764s][info][gc,cpu         ] GC(63) User=0.11s Sys=0.02s Real=0.03s
[2.781s][info][gc,start       ] GC(64) Pause Young (Allocation Failure)
[2.812s][info][gc,heap        ] GC(64) PSYoungGen: 60032K(76800K)->46240K(78848K) Eden: 15360K(15360K)->0K(15360K) From: 44672K(61440K)->46240K(63488K)
[2.812s][info][gc,heap        ] GC(64) ParOldGen: 476408K(509952K)->490440K(509952K)
[2.812s][info][gc,metaspace   ] GC(64) Metaspace: 6301K(6464K)->6301K(6464K) NonClass: 5768K(5824K)->5768K(5824K) Class: 533K(640K)->533K(640K)
[2.812s][info][gc             ] GC(64) Pause Young (Allocation Failure) 523M->524M(575M) 30.868ms
[2.812s][info][gc,cpu         ] GC(64) User=0.14s Sys=0.00s Real=0.03s
[2.812s][info][gc,start       ] GC(65) Pause Full (Ergonomics)
[2.812s][info][gc,phases,start] GC(65) Marking Phase
[2.924s][info][gc,phases      ] GC(65) Marking Phase 111.627ms
[2.924s][info][gc,phases,start] GC(65) Summary Phase
[2.924s][info][gc,phases      ] GC(65) Summary Phase 0.020ms
[2.924s][info][gc,phases,start] GC(65) Adjust Roots
[2.924s][info][gc,phases      ] GC(65) Adjust Roots 0.152ms
[2.924s][info][gc,phases,start] GC(65) Compaction Phase
[2.988s][info][gc,phases      ] GC(65) Compaction Phase 63.840ms
[2.988s][info][gc,phases,start] GC(65) Post Compact
[2.991s][info][gc,phases      ] GC(65) Post Compact 2.854ms
[2.991s][info][gc,heap        ] GC(65) PSYoungGen: 46240K(78848K)->26048K(78848K) Eden: 0K(15360K)->0K(15360K) From: 46240K(63488K)->26048K(63488K)
[2.991s][info][gc,heap        ] GC(65) ParOldGen: 490440K(509952K)->509656K(568320K)
[2.991s][info][gc,metaspace   ] GC(65) Metaspace: 6301K(6464K)->6301K(6464K) NonClass: 5768K(5824K)->5768K(5824K) Class: 533K(640K)->533K(640K)
[2.991s][info][gc             ] GC(65) Pause Full (Ergonomics) 524M->523M(632M) 179.476ms
[2.991s][info][gc,cpu         ] GC(65) User=1.09s Sys=0.05s Real=0.18s
[3.008s][info][gc,start       ] GC(66) Pause Young (Allocation Failure)
[3.055s][info][gc,heap        ] GC(66) PSYoungGen: 41408K(78848K)->24320K(79872K) Eden: 15360K(15360K)->0K(17408K) From: 26048K(63488K)->24320K(62464K)
[3.055s][info][gc,heap        ] GC(66) ParOldGen: 509656K(568320K)->527176K(568320K)
[3.055s][info][gc,metaspace   ] GC(66) Metaspace: 6301K(6464K)->6301K(6464K) NonClass: 5768K(5824K)->5768K(5824K) Class: 533K(640K)->533K(640K)
[3.055s][info][gc             ] GC(66) Pause Young (Allocation Failure) 538M->538M(633M) 46.634ms
[3.055s][info][gc,cpu         ] GC(66) User=0.16s Sys=0.11s Real=0.05s
[3.074s][info][gc,start       ] GC(67) Pause Young (Allocation Failure)
[3.095s][info][gc,heap        ] GC(67) PSYoungGen: 41728K(79872K)->32928K(50688K) Eden: 17408K(17408K)->0K(17408K) From: 24320K(62464K)->32928K(33280K)
[3.095s][info][gc,heap        ] GC(67) ParOldGen: 527176K(568320K)->536128K(568320K)
[3.095s][info][gc,metaspace   ] GC(67) Metaspace: 6301K(6464K)->6301K(6464K) NonClass: 5768K(5824K)->5768K(5824K) Class: 533K(640K)->533K(640K)
[3.095s][info][gc             ] GC(67) Pause Young (Allocation Failure) 555M->555M(604M) 21.133ms
[3.095s][info][gc,cpu         ] GC(67) User=0.12s Sys=0.00s Real=0.02s
[3.114s][info][gc,start       ] GC(68) Pause Young (Allocation Failure)
[3.142s][info][gc,heap        ] GC(68) PSYoungGen: 50336K(50688K)->34976K(78336K) Eden: 17408K(17408K)->0K(19968K) From: 32928K(33280K)->34976K(58368K)
[3.143s][info][gc,heap        ] GC(68) ParOldGen: 536128K(568320K)->551728K(568320K)
[3.143s][info][gc,metaspace   ] GC(68) Metaspace: 6301K(6464K)->6301K(6464K) NonClass: 5768K(5824K)->5768K(5824K) Class: 533K(640K)->533K(640K)
[3.143s][info][gc             ] GC(68) Pause Young (Allocation Failure) 572M->572M(631M) 28.326ms
[3.143s][info][gc,cpu         ] GC(68) User=0.03s Sys=0.11s Real=0.03s
[3.143s][info][gc,start       ] GC(69) Pause Full (Ergonomics)
[3.143s][info][gc,phases,start] GC(69) Marking Phase
[3.269s][info][gc,phases      ] GC(69) Marking Phase 126.858ms
[3.270s][info][gc,phases,start] GC(69) Summary Phase
[3.270s][info][gc,phases      ] GC(69) Summary Phase 0.021ms
[3.270s][info][gc,phases,start] GC(69) Adjust Roots
[3.270s][info][gc,phases      ] GC(69) Adjust Roots 0.162ms
[3.270s][info][gc,phases,start] GC(69) Compaction Phase
[3.330s][info][gc,phases      ] GC(69) Compaction Phase 60.310ms
[3.330s][info][gc,phases,start] GC(69) Post Compact
[3.331s][info][gc,phases      ] GC(69) Post Compact 1.008ms
[3.332s][info][gc,heap        ] GC(69) PSYoungGen: 34976K(78336K)->17887K(79360K) Eden: 0K(19968K)->0K(20992K) From: 34976K(58368K)->17887K(58368K)
[3.332s][info][gc,heap        ] GC(69) ParOldGen: 551728K(568320K)->567895K(630272K)
[3.332s][info][gc,metaspace   ] GC(69) Metaspace: 6301K(6464K)->6301K(6464K) NonClass: 5768K(5824K)->5768K(5824K) Class: 533K(640K)->533K(640K)
[3.332s][info][gc             ] GC(69) Pause Full (Ergonomics) 572M->572M(693M) 189.084ms
[3.332s][info][gc,cpu         ] GC(69) User=1.27s Sys=0.00s Real=0.19s
[3.356s][info][gc,start       ] GC(70) Pause Young (Allocation Failure)
[3.401s][info][gc,heap        ] GC(70) PSYoungGen: 38879K(79360K)->29536K(80384K) Eden: 20992K(20992K)->0K(20992K) From: 17887K(58368K)->29536K(59392K)
[3.401s][info][gc,heap        ] GC(70) ParOldGen: 567895K(630272K)->577543K(630272K)
[3.401s][info][gc,metaspace   ] GC(70) Metaspace: 6301K(6464K)->6301K(6464K) NonClass: 5768K(5824K)->5768K(5824K) Class: 533K(640K)->533K(640K)
[3.401s][info][gc             ] GC(70) Pause Young (Allocation Failure) 592M->592M(694M) 45.033ms
[3.401s][info][gc,cpu         ] GC(70) User=0.23s Sys=0.02s Real=0.04s
[3.426s][info][gc,start       ] GC(71) Pause Young (Allocation Failure)
[3.455s][info][gc,heap        ] GC(71) PSYoungGen: 50528K(80384K)->50624K(76800K) Eden: 20992K(20992K)->0K(19456K) From: 29536K(59392K)->50624K(57344K)
[3.455s][info][gc,heap        ] GC(71) ParOldGen: 577543K(630272K)->577543K(630272K)
[3.455s][info][gc,metaspace   ] GC(71) Metaspace: 6301K(6464K)->6301K(6464K) NonClass: 5768K(5824K)->5768K(5824K) Class: 533K(640K)->533K(640K)
[3.455s][info][gc             ] GC(71) Pause Young (Allocation Failure) 613M->613M(690M) 29.088ms
[3.455s][info][gc,cpu         ] GC(71) User=0.11s Sys=0.02s Real=0.03s
[3.479s][info][gc,start       ] GC(72) Pause Young (Allocation Failure)
[3.517s][info][gc,heap        ] GC(72) PSYoungGen: 70080K(76800K)->61440K(80896K) Eden: 19456K(19456K)->0K(19456K) From: 50624K(57344K)->61440K(61440K)
[3.517s][info][gc,heap        ] GC(72) ParOldGen: 577543K(630272K)->586143K(630272K)
[3.517s][info][gc,metaspace   ] GC(72) Metaspace: 6301K(6464K)->6301K(6464K) NonClass: 5768K(5824K)->5768K(5824K) Class: 533K(640K)->533K(640K)
[3.517s][info][gc             ] GC(72) Pause Young (Allocation Failure) 632M->632M(694M) 37.763ms
[3.517s][info][gc,cpu         ] GC(72) User=0.27s Sys=0.05s Real=0.04s
[3.539s][info][gc,start       ] GC(73) Pause Young (Allocation Failure)
[3.590s][info][gc,heap        ] GC(73) PSYoungGen: 80896K(80896K)->56160K(89600K) Eden: 19456K(19456K)->0K(17920K) From: 61440K(61440K)->56160K(71680K)
[3.590s][info][gc,heap        ] GC(73) ParOldGen: 586143K(630272K)->611359K(630272K)
[3.590s][info][gc,metaspace   ] GC(73) Metaspace: 6301K(6464K)->6301K(6464K) NonClass: 5768K(5824K)->5768K(5824K) Class: 533K(640K)->533K(640K)
[3.590s][info][gc             ] GC(73) Pause Young (Allocation Failure) 651M->651M(703M) 51.032ms
[3.590s][info][gc,cpu         ] GC(73) User=0.19s Sys=0.20s Real=0.05s
[3.590s][info][gc,start       ] GC(74) Pause Full (Ergonomics)
[3.590s][info][gc,phases,start] GC(74) Marking Phase
[3.732s][info][gc,phases      ] GC(74) Marking Phase 142.184ms
[3.732s][info][gc,phases,start] GC(74) Summary Phase
[3.732s][info][gc,phases      ] GC(74) Summary Phase 0.028ms
[3.732s][info][gc,phases,start] GC(74) Adjust Roots
[3.733s][info][gc,phases      ] GC(74) Adjust Roots 0.210ms
[3.733s][info][gc,phases,start] GC(74) Compaction Phase
[3.794s][info][gc,phases      ] GC(74) Compaction Phase 61.411ms
[3.794s][info][gc,phases,start] GC(74) Post Compact
[3.795s][info][gc,phases      ] GC(74) Post Compact 1.134ms
[3.796s][info][gc,heap        ] GC(74) PSYoungGen: 56160K(89600K)->36486K(89600K) Eden: 0K(17920K)->0K(17920K) From: 56160K(71680K)->36486K(71680K)
[3.796s][info][gc,heap        ] GC(74) ParOldGen: 611359K(630272K)->630068K(697856K)
[3.796s][info][gc,metaspace   ] GC(74) Metaspace: 6301K(6464K)->6301K(6464K) NonClass: 5768K(5824K)->5768K(5824K) Class: 533K(640K)->533K(640K)
[3.796s][info][gc             ] GC(74) Pause Full (Ergonomics) 651M->650M(769M) 205.921ms
[3.796s][info][gc,cpu         ] GC(74) User=1.38s Sys=0.03s Real=0.21s
[3.817s][info][gc,start       ] GC(75) Pause Young (Allocation Failure)
[3.871s][info][gc,heap        ] GC(75) PSYoungGen: 54406K(89600K)->43744K(93184K) Eden: 17920K(17920K)->0K(17920K) From: 36486K(71680K)->43744K(75264K)
[3.871s][info][gc,heap        ] GC(75) ParOldGen: 630068K(697856K)->641092K(697856K)
[3.871s][info][gc,metaspace   ] GC(75) Metaspace: 6301K(6464K)->6301K(6464K) NonClass: 5768K(5824K)->5768K(5824K) Class: 533K(640K)->533K(640K)
[3.871s][info][gc             ] GC(75) Pause Young (Allocation Failure) 668M->668M(772M) 53.467ms
[3.871s][info][gc,cpu         ] GC(75) User=0.25s Sys=0.03s Real=0.05s
[3.894s][info][gc,start       ] GC(76) Pause Young (Allocation Failure)
[3.927s][info][gc,heap        ] GC(76) PSYoungGen: 61664K(93184K)->49856K(92672K) Eden: 17920K(17920K)->0K(19456K) From: 43744K(75264K)->49856K(73216K)
[3.927s][info][gc,heap        ] GC(76) ParOldGen: 641092K(697856K)->653060K(697856K)
[3.927s][info][gc,metaspace   ] GC(76) Metaspace: 6301K(6464K)->6301K(6464K) NonClass: 5768K(5824K)->5768K(5824K) Class: 533K(640K)->533K(640K)
[3.927s][info][gc             ] GC(76) Pause Young (Allocation Failure) 686M->686M(772M) 32.746ms
[3.927s][info][gc,cpu         ] GC(76) User=0.14s Sys=0.02s Real=0.03s
[4.098s][info][gc,start       ] GC(77) Pause Full (Ergonomics)
[4.098s][info][gc,phases,start] GC(77) Marking Phase
[4.253s][info][gc,phases      ] GC(77) Marking Phase 154.858ms
[4.253s][info][gc,phases,start] GC(77) Summary Phase
[4.253s][info][gc,phases      ] GC(77) Summary Phase 0.022ms
[4.253s][info][gc,phases,start] GC(77) Adjust Roots
[4.253s][info][gc,phases      ] GC(77) Adjust Roots 0.154ms
[4.253s][info][gc,phases,start] GC(77) Compaction Phase
[4.378s][info][gc,phases      ] GC(77) Compaction Phase 125.350ms
[4.378s][info][gc,phases,start] GC(77) Post Compact
[4.380s][info][gc,phases      ] GC(77) Post Compact 1.734ms
[4.381s][info][gc,heap        ] GC(77) PSYoungGen: 69312K(92672K)->40434K(92672K) Eden: 19456K(19456K)->0K(19456K) From: 49856K(73216K)->40434K(73216K)
[4.381s][info][gc,heap        ] GC(77) ParOldGen: 685828K(697856K)->697710K(766976K)
[4.381s][info][gc,metaspace   ] GC(77) Metaspace: 6301K(6464K)->6301K(6464K) NonClass: 5768K(5824K)->5768K(5824K) Class: 533K(640K)->533K(640K)
[4.381s][info][gc             ] GC(77) Pause Full (Ergonomics) 737M->720M(839M) 283.109ms
[4.381s][info][gc,cpu         ] GC(77) User=1.83s Sys=0.00s Real=0.28s
[4.405s][info][gc,start       ] GC(78) Pause Young (Allocation Failure)
[4.461s][info][gc,heap        ] GC(78) PSYoungGen: 59890K(92672K)->46240K(93184K) Eden: 19456K(19456K)->0K(19456K) From: 40434K(73216K)->46240K(73728K)
[4.461s][info][gc,heap        ] GC(78) ParOldGen: 697710K(766976K)->711806K(766976K)
[4.461s][info][gc,metaspace   ] GC(78) Metaspace: 6301K(6464K)->6301K(6464K) NonClass: 5768K(5824K)->5768K(5824K) Class: 533K(640K)->533K(640K)
[4.461s][info][gc             ] GC(78) Pause Young (Allocation Failure) 739M->740M(840M) 55.955ms
[4.461s][info][gc,cpu         ] GC(78) User=0.31s Sys=0.05s Real=0.06s
[4.481s][info][gc,start       ] GC(79) Pause Young (Allocation Failure)
[4.515s][info][gc,heap        ] GC(79) PSYoungGen: 65696K(93184K)->65728K(87552K) Eden: 19456K(19456K)->0K(15360K) From: 46240K(73728K)->65728K(72192K)
[4.515s][info][gc,heap        ] GC(79) ParOldGen: 711806K(766976K)->711806K(766976K)
[4.515s][info][gc,metaspace   ] GC(79) Metaspace: 6301K(6464K)->6301K(6464K) NonClass: 5768K(5824K)->5768K(5824K) Class: 533K(640K)->533K(640K)
[4.515s][info][gc             ] GC(79) Pause Young (Allocation Failure) 759M->759M(834M) 34.223ms
[4.515s][info][gc,cpu         ] GC(79) User=0.17s Sys=0.08s Real=0.03s
[4.530s][info][gc,start       ] GC(80) Pause Young (Allocation Failure)
[4.569s][info][gc,heap        ] GC(80) PSYoungGen: 81088K(87552K)->66944K(93696K) Eden: 15360K(15360K)->0K(15360K) From: 65728K(72192K)->66944K(78336K)
[4.569s][info][gc,heap        ] GC(80) ParOldGen: 711806K(766976K)->726158K(766976K)
[4.569s][info][gc,metaspace   ] GC(80) Metaspace: 6301K(6464K)->6301K(6464K) NonClass: 5768K(5824K)->5768K(5824K) Class: 533K(640K)->533K(640K)
[4.569s][info][gc             ] GC(80) Pause Young (Allocation Failure) 774M->774M(840M) 39.181ms
[4.569s][info][gc,cpu         ] GC(80) User=0.20s Sys=0.02s Real=0.04s
[4.584s][info][gc,start       ] GC(81) Pause Young (Allocation Failure)
[4.627s][info][gc,heap        ] GC(81) PSYoungGen: 82304K(93696K)->69760K(96256K) Eden: 15360K(15360K)->0K(12800K) From: 66944K(78336K)->69760K(83456K)
[4.627s][info][gc,heap        ] GC(81) ParOldGen: 726158K(766976K)->738878K(766976K)
[4.627s][info][gc,metaspace   ] GC(81) Metaspace: 6301K(6464K)->6301K(6464K) NonClass: 5768K(5824K)->5768K(5824K) Class: 533K(640K)->533K(640K)
[4.627s][info][gc             ] GC(81) Pause Young (Allocation Failure) 789M->789M(843M) 43.199ms
[4.627s][info][gc,cpu         ] GC(81) User=0.25s Sys=0.02s Real=0.04s
[4.641s][info][gc,start       ] GC(82) Pause Young (Allocation Failure)
[4.689s][info][gc,heap        ] GC(82) PSYoungGen: 82560K(96256K)->43680K(56832K) Eden: 12800K(12800K)->0K(12800K) From: 69760K(83456K)->43680K(44032K)
[4.689s][info][gc,heap        ] GC(82) ParOldGen: 738878K(766976K)->778350K(778752K)
[4.689s][info][gc,metaspace   ] GC(82) Metaspace: 6301K(6464K)->6301K(6464K) NonClass: 5768K(5824K)->5768K(5824K) Class: 533K(640K)->533K(640K)
[4.689s][info][gc             ] GC(82) Pause Young (Allocation Failure) 802M->802M(816M) 48.919ms
[4.690s][info][gc,cpu         ] GC(82) User=0.14s Sys=0.12s Real=0.05s
[4.690s][info][gc,start       ] GC(83) Pause Full (Ergonomics)
[4.690s][info][gc,phases,start] GC(83) Marking Phase
[4.866s][info][gc,phases      ] GC(83) Marking Phase 176.474ms
[4.866s][info][gc,phases,start] GC(83) Summary Phase
[4.866s][info][gc,phases      ] GC(83) Summary Phase 0.023ms
[4.866s][info][gc,phases,start] GC(83) Adjust Roots
[4.866s][info][gc,phases      ] GC(83) Adjust Roots 0.151ms
[4.866s][info][gc,phases,start] GC(83) Compaction Phase
[4.959s][info][gc,phases      ] GC(83) Compaction Phase 92.385ms
[4.959s][info][gc,phases,start] GC(83) Post Compact
[4.960s][info][gc,phases      ] GC(83) Post Compact 1.509ms
[4.961s][info][gc,heap        ] GC(83) PSYoungGen: 43680K(56832K)->41891K(56832K) Eden: 0K(12800K)->0K(12800K) From: 43680K(44032K)->41891K(44032K)
[4.961s][info][gc,heap        ] GC(83) ParOldGen: 778350K(778752K)->778531K(859648K)
[4.961s][info][gc,metaspace   ] GC(83) Metaspace: 6301K(6464K)->6301K(6464K) NonClass: 5768K(5824K)->5768K(5824K) Class: 533K(640K)->533K(640K)
[4.961s][info][gc             ] GC(83) Pause Full (Ergonomics) 802M->801M(895M) 271.662ms
[4.961s][info][gc,cpu         ] GC(83) User=1.67s Sys=0.02s Real=0.27s
[4.975s][info][gc,start       ] GC(84) Pause Young (Allocation Failure)
[5.037s][info][gc,heap        ] GC(84) PSYoungGen: 54691K(56832K)->25344K(99328K) Eden: 12800K(12800K)->0K(14336K) From: 41891K(44032K)->25344K(84992K)
[5.037s][info][gc,heap        ] GC(84) ParOldGen: 778531K(859648K)->808531K(859648K)
[5.037s][info][gc,metaspace   ] GC(84) Metaspace: 6301K(6464K)->6301K(6464K) NonClass: 5768K(5824K)->5768K(5824K) Class: 533K(640K)->533K(640K)
[5.037s][info][gc             ] GC(84) Pause Young (Allocation Failure) 813M->814M(936M) 62.292ms
[5.037s][info][gc,cpu         ] GC(84) User=0.27s Sys=0.12s Real=0.06s
[5.053s][info][gc,start       ] GC(85) Pause Young (Allocation Failure)
[5.077s][info][gc,heap        ] GC(85) PSYoungGen: 39680K(99328K)->27264K(99840K) Eden: 14336K(14336K)->0K(14336K) From: 25344K(84992K)->27264K(85504K)
[5.077s][info][gc,heap        ] GC(85) ParOldGen: 808531K(859648K)->821107K(859648K)
[5.077s][info][gc,metaspace   ] GC(85) Metaspace: 6301K(6464K)->6301K(6464K) NonClass: 5768K(5824K)->5768K(5824K) Class: 533K(640K)->533K(640K)
[5.077s][info][gc             ] GC(85) Pause Young (Allocation Failure) 828M->828M(937M) 24.059ms
[5.077s][info][gc,cpu         ] GC(85) User=0.12s Sys=0.02s Real=0.02s
[5.093s][info][gc,start       ] GC(86) Pause Young (Allocation Failure)
[5.123s][info][gc,heap        ] GC(86) PSYoungGen: 41600K(99840K)->14464K(99840K) Eden: 14336K(14336K)->0K(15360K) From: 27264K(85504K)->14464K(84480K)
[5.123s][info][gc,heap        ] GC(86) ParOldGen: 821107K(859648K)->848643K(859648K)
[5.123s][info][gc,metaspace   ] GC(86) Metaspace: 6301K(6464K)->6301K(6464K) NonClass: 5768K(5824K)->5768K(5824K) Class: 533K(640K)->533K(640K)
[5.123s][info][gc             ] GC(86) Pause Young (Allocation Failure) 842M->842M(937M) 30.227ms
[5.123s][info][gc,cpu         ] GC(86) User=0.06s Sys=0.08s Real=0.03s
[5.123s][info][gc,start       ] GC(87) Pause Full (Ergonomics)
[5.123s][info][gc,phases,start] GC(87) Marking Phase
[5.312s][info][gc,phases      ] GC(87) Marking Phase 188.876ms
[5.312s][info][gc,phases,start] GC(87) Summary Phase
[5.312s][info][gc,phases      ] GC(87) Summary Phase 0.022ms
[5.312s][info][gc,phases,start] GC(87) Adjust Roots
[5.313s][info][gc,phases      ] GC(87) Adjust Roots 0.169ms
[5.313s][info][gc,phases,start] GC(87) Compaction Phase
[5.397s][info][gc,phases      ] GC(87) Compaction Phase 84.803ms
[5.397s][info][gc,phases,start] GC(87) Post Compact
[5.399s][info][gc,phases      ] GC(87) Post Compact 1.259ms
[5.399s][info][gc,heap        ] GC(87) PSYoungGen: 14464K(99840K)->2555K(99840K) Eden: 0K(15360K)->0K(15360K) From: 14464K(84480K)->2555K(84480K)
[5.400s][info][gc,heap        ] GC(87) ParOldGen: 848643K(859648K)->859250K(951296K)
[5.400s][info][gc,metaspace   ] GC(87) Metaspace: 6301K(6464K)->6301K(6464K) NonClass: 5768K(5824K)->5768K(5824K) Class: 533K(640K)->533K(640K)
[5.400s][info][gc             ] GC(87) Pause Full (Ergonomics) 842M->841M(1026M) 276.138ms
[5.400s][info][gc,cpu         ] GC(87) User=1.86s Sys=0.03s Real=0.28s
[5.418s][info][gc,start       ] GC(88) Pause Young (Allocation Failure)
[5.462s][info][gc,heap        ] GC(88) PSYoungGen: 17915K(99840K)->15456K(100864K) Eden: 15360K(15360K)->0K(15360K) From: 2555K(84480K)->15456K(85504K)
[5.462s][info][gc,heap        ] GC(88) ParOldGen: 859250K(951296K)->861874K(951296K)
[5.462s][info][gc,metaspace   ] GC(88) Metaspace: 6301K(6464K)->6301K(6464K) NonClass: 5768K(5824K)->5768K(5824K) Class: 533K(640K)->533K(640K)
[5.462s][info][gc             ] GC(88) Pause Young (Allocation Failure) 856M->856M(1027M) 44.596ms
[5.462s][info][gc,cpu         ] GC(88) User=0.25s Sys=0.00s Real=0.04s
[5.478s][info][gc,start       ] GC(89) Pause Young (Allocation Failure)
[5.496s][info][gc,heap        ] GC(89) PSYoungGen: 30816K(100864K)->30816K(95232K) Eden: 15360K(15360K)->0K(16896K) From: 15456K(85504K)->30816K(78336K)
[5.496s][info][gc,heap        ] GC(89) ParOldGen: 861874K(951296K)->861874K(951296K)
[5.496s][info][gc,metaspace   ] GC(89) Metaspace: 6301K(6464K)->6301K(6464K) NonClass: 5768K(5824K)->5768K(5824K) Class: 533K(640K)->533K(640K)
[5.496s][info][gc             ] GC(89) Pause Young (Allocation Failure) 871M->871M(1022M) 18.665ms
[5.497s][info][gc,cpu         ] GC(89) User=0.03s Sys=0.00s Real=0.02s
[5.516s][info][gc,start       ] GC(90) Pause Young (Allocation Failure)
[5.544s][info][gc,heap        ] GC(90) PSYoungGen: 47712K(95232K)->32384K(49664K) Eden: 16896K(16896K)->0K(16896K) From: 30816K(78336K)->32384K(32768K)
[5.544s][info][gc,heap        ] GC(90) ParOldGen: 861874K(951296K)->877450K(951296K)
[5.544s][info][gc,metaspace   ] GC(90) Metaspace: 6301K(6464K)->6301K(6464K) NonClass: 5768K(5824K)->5768K(5824K) Class: 533K(640K)->533K(640K)
[5.544s][info][gc             ] GC(90) Pause Young (Allocation Failure) 888M->888M(977M) 27.901ms
[5.544s][info][gc,cpu         ] GC(90) User=0.12s Sys=0.02s Real=0.03s
[5.561s][info][gc,start       ] GC(91) Pause Young (Allocation Failure)
[5.589s][info][gc,heap        ] GC(91) PSYoungGen: 49280K(49664K)->33920K(90624K) Eden: 16896K(16896K)->0K(18944K) From: 32384K(32768K)->33920K(71680K)
[5.590s][info][gc,heap        ] GC(91) ParOldGen: 877450K(951296K)->893050K(951296K)
[5.590s][info][gc,metaspace   ] GC(91) Metaspace: 6301K(6464K)->6301K(6464K) NonClass: 5768K(5824K)->5768K(5824K) Class: 533K(640K)->533K(640K)
[5.590s][info][gc             ] GC(91) Pause Young (Allocation Failure) 905M->905M(1017M) 28.683ms
[5.590s][info][gc,cpu         ] GC(91) User=0.11s Sys=0.02s Real=0.03s
[5.609s][info][gc,start       ] GC(92) Pause Young (Allocation Failure)
[5.640s][info][gc,heap        ] GC(92) PSYoungGen: 52864K(90624K)->35968K(55296K) Eden: 18944K(18944K)->0K(18944K) From: 33920K(71680K)->35968K(36352K)
[5.641s][info][gc,heap        ] GC(92) ParOldGen: 893050K(951296K)->910202K(951296K)
[5.641s][info][gc,metaspace   ] GC(92) Metaspace: 6301K(6464K)->6301K(6464K) NonClass: 5768K(5824K)->5768K(5824K) Class: 533K(640K)->533K(640K)
[5.641s][info][gc             ] GC(92) Pause Young (Allocation Failure) 923M->923M(983M) 31.121ms
[5.641s][info][gc,cpu         ] GC(92) User=0.12s Sys=0.02s Real=0.03s
[5.661s][info][gc,start       ] GC(93) Pause Young (Allocation Failure)
[5.692s][info][gc,heap        ] GC(93) PSYoungGen: 54912K(55296K)->38016K(87040K) Eden: 18944K(18944K)->0K(21504K) From: 35968K(36352K)->38016K(65536K)
[5.692s][info][gc,heap        ] GC(93) ParOldGen: 910202K(951296K)->927362K(951296K)
[5.692s][info][gc,metaspace   ] GC(93) Metaspace: 6301K(6464K)->6301K(6464K) NonClass: 5768K(5824K)->5768K(5824K) Class: 533K(640K)->533K(640K)
[5.692s][info][gc             ] GC(93) Pause Young (Allocation Failure) 942M->942M(1014M) 31.395ms
[5.692s][info][gc,cpu         ] GC(93) User=0.06s Sys=0.08s Real=0.03s
[5.692s][info][gc,start       ] GC(94) Pause Full (Ergonomics)
[5.692s][info][gc,phases,start] GC(94) Marking Phase
[5.899s][info][gc,phases      ] GC(94) Marking Phase 206.975ms
[5.899s][info][gc,phases,start] GC(94) Summary Phase
[5.899s][info][gc,phases      ] GC(94) Summary Phase 0.032ms
[5.899s][info][gc,phases,start] GC(94) Adjust Roots
[5.899s][info][gc,phases      ] GC(94) Adjust Roots 0.158ms
[5.899s][info][gc,phases,start] GC(94) Compaction Phase
[5.999s][info][gc,phases      ] GC(94) Compaction Phase 99.741ms
[5.999s][info][gc,phases,start] GC(94) Post Compact
[6.001s][info][gc,phases      ] GC(94) Post Compact 1.718ms
[6.002s][info][gc,heap        ] GC(94) PSYoungGen: 38016K(87040K)->12793K(90112K) Eden: 0K(21504K)->0K(24576K) From: 38016K(65536K)->12793K(65536K)
[6.002s][info][gc,heap        ] GC(94) ParOldGen: 927362K(951296K)->951222K(1043968K)
[6.002s][info][gc,metaspace   ] GC(94) Metaspace: 6301K(6464K)->6301K(6464K) NonClass: 5768K(5824K)->5768K(5824K) Class: 533K(640K)->533K(640K)
[6.002s][info][gc             ] GC(94) Pause Full (Ergonomics) 942M->941M(1107M) 309.885ms
[6.002s][info][gc,cpu         ] GC(94) User=2.06s Sys=0.03s Real=0.31s
[6.030s][info][gc,start       ] GC(95) Pause Young (Allocation Failure)
[6.087s][info][gc,heap        ] GC(95) PSYoungGen: 37369K(90112K)->32800K(93184K) Eden: 24576K(24576K)->0K(24576K) From: 12793K(65536K)->32800K(68608K)
[6.087s][info][gc,heap        ] GC(95) ParOldGen: 951222K(1043968K)->956086K(1043968K)
[6.087s][info][gc,metaspace   ] GC(95) Metaspace: 6301K(6464K)->6301K(6464K) NonClass: 5768K(5824K)->5768K(5824K) Class: 533K(640K)->533K(640K)
[6.087s][info][gc             ] GC(95) Pause Young (Allocation Failure) 965M->965M(1110M) 57.469ms
[6.087s][info][gc,cpu         ] GC(95) User=0.38s Sys=0.00s Real=0.06s
[6.114s][info][gc,start       ] GC(96) Pause Young (Allocation Failure)
[6.143s][info][gc,heap        ] GC(96) PSYoungGen: 57376K(93184K)->57312K(88576K) Eden: 24576K(24576K)->0K(22528K) From: 32800K(68608K)->57312K(66048K)
[6.143s][info][gc,heap        ] GC(96) ParOldGen: 956086K(1043968K)->956086K(1043968K)
[6.143s][info][gc,metaspace   ] GC(96) Metaspace: 6301K(6464K)->6301K(6464K) NonClass: 5768K(5824K)->5768K(5824K) Class: 533K(640K)->533K(640K)
[6.143s][info][gc             ] GC(96) Pause Young (Allocation Failure) 989M->989M(1106M) 29.658ms
[6.143s][info][gc,cpu         ] GC(96) User=0.14s Sys=0.00s Real=0.03s
[6.167s][info][gc,start       ] GC(97) Pause Young (Allocation Failure)
[6.206s][info][gc,heap        ] GC(97) PSYoungGen: 79840K(88576K)->70656K(93184K) Eden: 22528K(22528K)->0K(22528K) From: 57312K(66048K)->70656K(70656K)
[6.206s][info][gc,heap        ] GC(97) ParOldGen: 956086K(1043968K)->965406K(1043968K)
[6.206s][info][gc,metaspace   ] GC(97) Metaspace: 6301K(6464K)->6301K(6464K) NonClass: 5768K(5824K)->5768K(5824K) Class: 533K(640K)->533K(640K)
[6.206s][info][gc             ] GC(97) Pause Young (Allocation Failure) 1011M->1011M(1110M) 39.697ms
[6.206s][info][gc,cpu         ] GC(97) User=0.19s Sys=0.08s Real=0.04s
[6.230s][info][gc,start       ] GC(98) Pause Young (Allocation Failure)
[6.291s][info][gc,heap        ] GC(98) PSYoungGen: 93184K(93184K)->44736K(102912K) Eden: 22528K(22528K)->0K(25600K) From: 70656K(70656K)->44736K(77312K)
[6.291s][info][gc,heap        ] GC(98) ParOldGen: 965406K(1043968K)->1014542K(1043968K)
[6.291s][info][gc,metaspace   ] GC(98) Metaspace: 6301K(6464K)->6301K(6464K) NonClass: 5768K(5824K)->5768K(5824K) Class: 533K(640K)->533K(640K)
[6.291s][info][gc             ] GC(98) Pause Young (Allocation Failure) 1033M->1034M(1120M) 61.444ms
[6.291s][info][gc,cpu         ] GC(98) User=0.12s Sys=0.38s Real=0.06s
[6.291s][info][gc,start       ] GC(99) Pause Full (Ergonomics)
[6.291s][info][gc,phases,start] GC(99) Marking Phase
[6.522s][info][gc,phases      ] GC(99) Marking Phase 230.997ms
[6.522s][info][gc,phases,start] GC(99) Summary Phase
[6.522s][info][gc,phases      ] GC(99) Summary Phase 0.025ms
[6.522s][info][gc,phases,start] GC(99) Adjust Roots
[6.523s][info][gc,phases      ] GC(99) Adjust Roots 0.156ms
[6.523s][info][gc,phases,start] GC(99) Compaction Phase
[6.621s][info][gc,phases      ] GC(99) Compaction Phase 98.439ms
[6.621s][info][gc,phases,start] GC(99) Post Compact
[6.623s][info][gc,phases      ] GC(99) Post Compact 1.711ms
[6.624s][info][gc,heap        ] GC(99) PSYoungGen: 44736K(102912K)->14367K(105472K) Eden: 0K(25600K)->0K(28160K) From: 44736K(77312K)->14367K(77312K)
[6.624s][info][gc,heap        ] GC(99) ParOldGen: 1014542K(1043968K)->1043731K(1153024K)
[6.624s][info][gc,metaspace   ] GC(99) Metaspace: 6301K(6464K)->6301K(6464K) NonClass: 5768K(5824K)->5768K(5824K) Class: 533K(640K)->533K(640K)
[6.624s][info][gc             ] GC(99) Pause Full (Ergonomics) 1034M->1033M(1229M) 332.694ms
[6.624s][info][gc,cpu         ] GC(99) User=2.48s Sys=0.05s Real=0.33s
[6.657s][info][gc,start       ] GC(100) Pause Young (Allocation Failure)
[6.723s][info][gc,heap        ] GC(100) PSYoungGen: 42527K(105472K)->34880K(108032K) Eden: 28160K(28160K)->0K(28160K) From: 14367K(77312K)->34880K(79872K)
[6.723s][info][gc,heap        ] GC(100) ParOldGen: 1043731K(1153024K)->1051691K(1153024K)
[6.723s][info][gc,metaspace   ] GC(100) Metaspace: 6301K(6464K)->6301K(6464K) NonClass: 5768K(5824K)->5768K(5824K) Class: 533K(640K)->533K(640K)
[6.723s][info][gc             ] GC(100) Pause Young (Allocation Failure) 1060M->1061M(1231M) 65.465ms
[6.723s][info][gc,cpu         ] GC(100) User=0.31s Sys=0.09s Real=0.07s
[6.753s][info][gc,start       ] GC(101) Pause Young (Allocation Failure)
[6.791s][info][gc,heap        ] GC(101) PSYoungGen: 63040K(108032K)->63136K(103936K) Eden: 28160K(28160K)->0K(26624K) From: 34880K(79872K)->63136K(77312K)
[6.791s][info][gc,heap        ] GC(101) ParOldGen: 1051691K(1153024K)->1051691K(1153024K)
[6.791s][info][gc,metaspace   ] GC(101) Metaspace: 6301K(6464K)->6301K(6464K) NonClass: 5768K(5824K)->5768K(5824K) Class: 533K(640K)->533K(640K)
[6.791s][info][gc             ] GC(101) Pause Young (Allocation Failure) 1088M->1088M(1227M) 37.901ms
[6.791s][info][gc,cpu         ] GC(101) User=0.16s Sys=0.09s Real=0.04s
[6.819s][info][gc,start       ] GC(102) Pause Young (Allocation Failure)
[6.865s][info][gc,heap        ] GC(102) PSYoungGen: 89760K(103936K)->81920K(108544K) Eden: 26624K(26624K)->0K(26624K) From: 63136K(77312K)->81920K(81920K)
[6.865s][info][gc,heap        ] GC(102) ParOldGen: 1051691K(1153024K)->1059571K(1153024K)
[6.865s][info][gc,metaspace   ] GC(102) Metaspace: 6301K(6464K)->6301K(6464K) NonClass: 5768K(5824K)->5768K(5824K) Class: 533K(640K)->533K(640K)
[6.865s][info][gc             ] GC(102) Pause Young (Allocation Failure) 1114M->1114M(1232M) 46.289ms
[6.865s][info][gc,cpu         ] GC(102) User=0.27s Sys=0.00s Real=0.05s
[6.896s][info][gc,start       ] GC(103) Pause Young (Allocation Failure)
[6.975s][info][gc,heap        ] GC(103) PSYoungGen: 108544K(108544K)->53024K(119296K) Eden: 26624K(26624K)->0K(30208K) From: 81920K(81920K)->53024K(89088K)
[6.975s][info][gc,heap        ] GC(103) ParOldGen: 1059571K(1153024K)->1115947K(1153024K)
[6.975s][info][gc,metaspace   ] GC(103) Metaspace: 6301K(6464K)->6301K(6464K) NonClass: 5768K(5824K)->5768K(5824K) Class: 533K(640K)->533K(640K)
[6.975s][info][gc             ] GC(103) Pause Young (Allocation Failure) 1140M->1141M(1242M) 79.138ms
[6.975s][info][gc,cpu         ] GC(103) User=0.36s Sys=0.16s Real=0.08s
[6.976s][info][gc,start       ] GC(104) Pause Full (Ergonomics)
[6.976s][info][gc,phases,start] GC(104) Marking Phase
[7.222s][info][gc,phases      ] GC(104) Marking Phase 246.082ms
[7.222s][info][gc,phases,start] GC(104) Summary Phase
[7.222s][info][gc,phases      ] GC(104) Summary Phase 0.026ms
[7.222s][info][gc,phases,start] GC(104) Adjust Roots
[7.222s][info][gc,phases      ] GC(104) Adjust Roots 0.157ms
[7.222s][info][gc,phases,start] GC(104) Compaction Phase
[7.332s][info][gc,phases      ] GC(104) Compaction Phase 109.616ms
[7.332s][info][gc,phases,start] GC(104) Post Compact
[7.334s][info][gc,phases      ] GC(104) Post Compact 2.046ms
[7.335s][info][gc,heap        ] GC(104) PSYoungGen: 53024K(119296K)->14922K(121856K) Eden: 0K(30208K)->0K(32768K) From: 53024K(89088K)->14922K(89088K)
[7.335s][info][gc,heap        ] GC(104) ParOldGen: 1115947K(1153024K)->1152615K(1278464K)
[7.335s][info][gc,metaspace   ] GC(104) Metaspace: 6301K(6464K)->6301K(6464K) NonClass: 5768K(5824K)->5768K(5824K) Class: 533K(640K)->533K(640K)
[7.335s][info][gc             ] GC(104) Pause Full (Ergonomics) 1141M->1140M(1367M) 359.374ms
[7.335s][info][gc,cpu         ] GC(104) User=2.66s Sys=0.06s Real=0.36s
[7.373s][info][gc,start       ] GC(105) Pause Young (Allocation Failure)
[7.447s][info][gc,heap        ] GC(105) PSYoungGen: 47690K(121856K)->39936K(124416K) Eden: 32768K(32768K)->0K(32768K) From: 14922K(89088K)->39936K(91648K)
[7.447s][info][gc,heap        ] GC(105) ParOldGen: 1152615K(1278464K)->1160743K(1278464K)
[7.447s][info][gc,metaspace   ] GC(105) Metaspace: 6301K(6464K)->6301K(6464K) NonClass: 5768K(5824K)->5768K(5824K) Class: 533K(640K)->533K(640K)
[7.447s][info][gc             ] GC(105) Pause Young (Allocation Failure) 1172M->1172M(1370M) 73.155ms
[7.447s][info][gc,cpu         ] GC(105) User=0.36s Sys=0.03s Real=0.07s
[7.486s][info][gc,start       ] GC(106) Pause Young (Allocation Failure)
[7.531s][info][gc,heap        ] GC(106) PSYoungGen: 72704K(124416K)->72672K(120320K) Eden: 32768K(32768K)->0K(31232K) From: 39936K(91648K)->72672K(89088K)
[7.531s][info][gc,heap        ] GC(106) ParOldGen: 1160743K(1278464K)->1160743K(1278464K)
[7.531s][info][gc,metaspace   ] GC(106) Metaspace: 6301K(6464K)->6301K(6464K) NonClass: 5768K(5824K)->5768K(5824K) Class: 533K(640K)->533K(640K)
[7.531s][info][gc             ] GC(106) Pause Young (Allocation Failure) 1204M->1204M(1366M) 45.587ms
[7.531s][info][gc,cpu         ] GC(106) User=0.19s Sys=0.06s Real=0.04s
[7.568s][info][gc,start       ] GC(107) Pause Young (Allocation Failure)
[7.625s][info][gc,heap        ] GC(107) PSYoungGen: 103904K(120320K)->94208K(125440K) Eden: 31232K(31232K)->0K(31232K) From: 72672K(89088K)->94208K(94208K)
[7.625s][info][gc,heap        ] GC(107) ParOldGen: 1160743K(1278464K)->1170639K(1278464K)
[7.625s][info][gc,metaspace   ] GC(107) Metaspace: 6301K(6464K)->6301K(6464K) NonClass: 5768K(5824K)->5768K(5824K) Class: 533K(640K)->533K(640K)
[7.625s][info][gc             ] GC(107) Pause Young (Allocation Failure) 1235M->1235M(1371M) 56.653ms
[7.625s][info][gc,cpu         ] GC(107) User=0.38s Sys=0.00s Real=0.06s
[7.664s][info][gc,start       ] GC(108) Pause Young (Allocation Failure)
[7.748s][info][gc,heap        ] GC(108) PSYoungGen: 125440K(125440K)->61952K(139264K) Eden: 31232K(31232K)->0K(35328K) From: 94208K(94208K)->61952K(103936K)
[7.748s][info][gc,heap        ] GC(108) ParOldGen: 1170639K(1278464K)->1235007K(1278464K)
[7.748s][info][gc,metaspace   ] GC(108) Metaspace: 6301K(6464K)->6301K(6464K) NonClass: 5768K(5824K)->5768K(5824K) Class: 533K(640K)->533K(640K)
[7.748s][info][gc             ] GC(108) Pause Young (Allocation Failure) 1265M->1266M(1384M) 83.757ms
[7.748s][info][gc,cpu         ] GC(108) User=0.34s Sys=0.19s Real=0.08s
[7.748s][info][gc,start       ] GC(109) Pause Full (Ergonomics)
[7.748s][info][gc,phases,start] GC(109) Marking Phase
[8.028s][info][gc,phases      ] GC(109) Marking Phase 280.609ms
[8.028s][info][gc,phases,start] GC(109) Summary Phase
[8.028s][info][gc,phases      ] GC(109) Summary Phase 0.040ms
[8.029s][info][gc,phases,start] GC(109) Adjust Roots
[8.029s][info][gc,phases      ] GC(109) Adjust Roots 0.162ms
[8.029s][info][gc,phases,start] GC(109) Compaction Phase
[8.138s][info][gc,phases      ] GC(109) Compaction Phase 109.724ms
[8.138s][info][gc,phases,start] GC(109) Post Compact
[8.141s][info][gc,phases      ] GC(109) Post Compact 2.128ms
[8.142s][info][gc,heap        ] GC(109) PSYoungGen: 61952K(139264K)->17232K(141824K) Eden: 0K(35328K)->0K(37888K) From: 61952K(103936K)->17232K(103936K)
[8.142s][info][gc,heap        ] GC(109) ParOldGen: 1235007K(1278464K)->1278185K(1421824K)
[8.142s][info][gc,metaspace   ] GC(109) Metaspace: 6301K(6464K)->6301K(6464K) NonClass: 5768K(5824K)->5768K(5824K) Class: 533K(640K)->533K(640K)
[8.142s][info][gc             ] GC(109) Pause Full (Ergonomics) 1266M->1265M(1527M) 394.214ms
[8.142s][info][gc,cpu         ] GC(109) User=2.84s Sys=0.05s Real=0.39s
[8.178s][info][gc,start       ] GC(110) Pause Young (Allocation Failure)
[8.256s][info][gc,heap        ] GC(110) PSYoungGen: 55120K(141824K)->30848K(144384K) Eden: 37888K(37888K)->0K(37888K) From: 17232K(103936K)->30848K(106496K)
[8.256s][info][gc,heap        ] GC(110) ParOldGen: 1278185K(1421824K)->1287273K(1421824K)
[8.256s][info][gc,metaspace   ] GC(110) Metaspace: 6301K(6464K)->6301K(6464K) NonClass: 5768K(5824K)->5768K(5824K) Class: 533K(640K)->533K(640K)
[8.256s][info][gc             ] GC(110) Pause Young (Allocation Failure) 1302M->1287M(1529M) 77.294ms
[8.256s][info][gc,cpu         ] GC(110) User=0.41s Sys=0.00s Real=0.08s
[8.302s][info][gc,start       ] GC(111) Pause Young (Allocation Failure)
[8.342s][info][gc,heap        ] GC(111) PSYoungGen: 68736K(144384K)->67680K(147968K) Eden: 37888K(37888K)->0K(41984K) From: 30848K(106496K)->67680K(105984K)
[8.342s][info][gc,heap        ] GC(111) ParOldGen: 1287273K(1421824K)->1287273K(1421824K)
[8.342s][info][gc,metaspace   ] GC(111) Metaspace: 6301K(6464K)->6301K(6464K) NonClass: 5768K(5824K)->5768K(5824K) Class: 533K(640K)->533K(640K)
[8.342s][info][gc             ] GC(111) Pause Young (Allocation Failure) 1324M->1323M(1533M) 40.358ms
[8.342s][info][gc,cpu         ] GC(111) User=0.16s Sys=0.08s Real=0.04s
[8.395s][info][gc,start       ] GC(112) Pause Young (Allocation Failure)
[8.458s][info][gc,heap        ] GC(112) PSYoungGen: 109664K(147968K)->105984K(147968K) Eden: 41984K(41984K)->0K(41984K) From: 67680K(105984K)->105984K(105984K)
[8.458s][info][gc,heap        ] GC(112) ParOldGen: 1287273K(1421824K)->1290953K(1421824K)
[8.458s][info][gc,metaspace   ] GC(112) Metaspace: 6301K(6464K)->6301K(6464K) NonClass: 5768K(5824K)->5768K(5824K) Class: 533K(640K)->533K(640K)
[8.458s][info][gc             ] GC(112) Pause Young (Allocation Failure) 1364M->1364M(1533M) 62.657ms
[8.458s][info][gc,cpu         ] GC(112) User=0.39s Sys=0.00s Real=0.06s
[8.766s][info][gc,start       ] GC(113) Pause Young (Allocation Failure)
[8.899s][info][gc,heap        ] GC(113) PSYoungGen: 147968K(147968K)->118816K(152064K) Eden: 41984K(41984K)->0K(31232K) From: 105984K(105984K)->118816K(120832K)
[8.899s][info][gc,heap        ] GC(113) ParOldGen: 1356489K(1421824K)->1386273K(1421824K)
[8.899s][info][gc,metaspace   ] GC(113) Metaspace: 6301K(6464K)->6301K(6464K) NonClass: 5768K(5824K)->5768K(5824K) Class: 533K(640K)->533K(640K)
[8.899s][info][gc             ] GC(113) Pause Young (Allocation Failure) 1469M->1469M(1537M) 133.105ms
[8.899s][info][gc,cpu         ] GC(113) User=0.66s Sys=0.34s Real=0.13s
[8.899s][info][gc,start       ] GC(114) Pause Full (Ergonomics)
[8.899s][info][gc,phases,start] GC(114) Marking Phase
[9.203s][info][gc,phases      ] GC(114) Marking Phase 303.939ms
[9.203s][info][gc,phases,start] GC(114) Summary Phase
[9.203s][info][gc,phases      ] GC(114) Summary Phase 0.042ms
[9.203s][info][gc,phases,start] GC(114) Adjust Roots
[9.203s][info][gc,phases      ] GC(114) Adjust Roots 0.277ms
[9.203s][info][gc,phases,start] GC(114) Compaction Phase
[9.539s][info][gc,phases      ] GC(114) Compaction Phase 336.112ms
[9.539s][info][gc,phases,start] GC(114) Post Compact
[9.543s][info][gc,phases      ] GC(114) Post Compact 3.670ms
[9.545s][info][gc,heap        ] GC(114) PSYoungGen: 118816K(152064K)->49401K(152064K) Eden: 0K(31232K)->0K(31232K) From: 118816K(120832K)->49401K(120832K)
[9.545s][info][gc,heap        ] GC(114) ParOldGen: 1386273K(1421824K)->1421762K(1570304K)
[9.545s][info][gc,metaspace   ] GC(114) Metaspace: 6301K(6464K)->6301K(6464K) NonClass: 5768K(5824K)->5768K(5824K) Class: 533K(640K)->533K(640K)
[9.545s][info][gc             ] GC(114) Pause Full (Ergonomics) 1469M->1436M(1682M) 645.989ms
[9.545s][info][gc,cpu         ] GC(114) User=4.42s Sys=0.12s Real=0.65s
[9.573s][info][gc,start       ] GC(115) Pause Young (Allocation Failure)
[9.665s][info][gc,heap        ] GC(115) PSYoungGen: 80633K(152064K)->80896K(167424K) Eden: 31232K(31232K)->0K(31232K) From: 49401K(120832K)->80896K(136192K)
[9.665s][info][gc,heap        ] GC(115) ParOldGen: 1421762K(1570304K)->1421762K(1570304K)
[9.665s][info][gc,metaspace   ] GC(115) Metaspace: 6301K(6464K)->6301K(6464K) NonClass: 5768K(5824K)->5768K(5824K) Class: 533K(640K)->533K(640K)
[9.665s][info][gc             ] GC(115) Pause Young (Allocation Failure) 1467M->1467M(1697M) 91.471ms
[9.665s][info][gc,cpu         ] GC(115) User=0.75s Sys=0.00s Real=0.09s
[9.693s][info][gc,start       ] GC(116) Pause Young (Allocation Failure)
[9.743s][info][gc,heap        ] GC(116) PSYoungGen: 112128K(167424K)->112256K(159232K) Eden: 31232K(31232K)->0K(24576K) From: 80896K(136192K)->112256K(134656K)
[9.743s][info][gc,heap        ] GC(116) ParOldGen: 1421762K(1570304K)->1421762K(1570304K)
[9.743s][info][gc,metaspace   ] GC(116) Metaspace: 6301K(6464K)->6301K(6464K) NonClass: 5768K(5824K)->5768K(5824K) Class: 533K(640K)->533K(640K)
[9.743s][info][gc             ] GC(116) Pause Young (Allocation Failure) 1497M->1498M(1689M) 50.710ms
[9.743s][info][gc,cpu         ] GC(116) User=0.31s Sys=0.00s Real=0.05s
[9.768s][info][gc,start       ] GC(117) Pause Young (Allocation Failure)
[9.830s][info][gc,heap        ] GC(117) PSYoungGen: 136832K(159232K)->136768K(168960K) Eden: 24576K(24576K)->0K(24576K) From: 112256K(134656K)->136768K(144384K)
[9.830s][info][gc,heap        ] GC(117) ParOldGen: 1421762K(1570304K)->1421762K(1570304K)
[9.830s][info][gc,metaspace   ] GC(117) Metaspace: 6301K(6464K)->6301K(6464K) NonClass: 5768K(5824K)->5768K(5824K) Class: 533K(640K)->533K(640K)
[9.830s][info][gc             ] GC(117) Pause Young (Allocation Failure) 1522M->1522M(1698M) 62.846ms
[9.830s][info][gc,cpu         ] GC(117) User=0.36s Sys=0.00s Real=0.06s
[9.857s][info][gc,start       ] GC(118) Pause Young (Allocation Failure)
[9.954s][info][gc,heap        ] GC(118) PSYoungGen: 161344K(168960K)->148384K(170496K) Eden: 24576K(24576K)->0K(9728K) From: 136768K(144384K)->148384K(160768K)
[9.954s][info][gc,heap        ] GC(118) ParOldGen: 1421762K(1570304K)->1434954K(1570304K)
[9.954s][info][gc,metaspace   ] GC(118) Metaspace: 6301K(6464K)->6301K(6464K) NonClass: 5768K(5824K)->5768K(5824K) Class: 533K(640K)->533K(640K)
[9.954s][info][gc             ] GC(118) Pause Young (Allocation Failure) 1546M->1546M(1700M) 97.316ms
[9.954s][info][gc,cpu         ] GC(118) User=0.39s Sys=0.27s Real=0.10s
[9.964s][info][gc,start       ] GC(119) Pause Young (Allocation Failure)
[10.049s][info][gc,heap        ] GC(119) PSYoungGen: 158112K(170496K)->121600K(188416K) Eden: 9728K(9728K)->0K(9728K) From: 148384K(160768K)->121600K(178688K)
[10.049s][info][gc,heap        ] GC(119) ParOldGen: 1434954K(1570304K)->1471874K(1570304K)
[10.049s][info][gc,metaspace   ] GC(119) Metaspace: 6301K(6464K)->6301K(6464K) NonClass: 5768K(5824K)->5768K(5824K) Class: 533K(640K)->533K(640K)
[10.049s][info][gc             ] GC(119) Pause Young (Allocation Failure) 1555M->1556M(1717M) 85.435ms
[10.049s][info][gc,cpu         ] GC(119) User=0.52s Sys=0.23s Real=0.09s
[10.059s][info][gc,start       ] GC(120) Pause Young (Allocation Failure)
[10.140s][info][gc,heap        ] GC(120) PSYoungGen: 131328K(188416K)->68800K(182272K) Eden: 9728K(9728K)->0K(11264K) From: 121600K(178688K)->68800K(171008K)
[10.140s][info][gc,heap        ] GC(120) ParOldGen: 1471874K(1570304K)->1535210K(1570304K)
[10.140s][info][gc,metaspace   ] GC(120) Metaspace: 6301K(6464K)->6301K(6464K) NonClass: 5768K(5824K)->5768K(5824K) Class: 533K(640K)->533K(640K)
[10.140s][info][gc             ] GC(120) Pause Young (Allocation Failure) 1565M->1566M(1711M) 81.843ms
[10.141s][info][gc,cpu         ] GC(120) User=0.48s Sys=0.06s Real=0.08s
[10.141s][info][gc,start       ] GC(121) Pause Full (Ergonomics)
[10.141s][info][gc,phases,start] GC(121) Marking Phase
[10.490s][info][gc,phases      ] GC(121) Marking Phase 348.958ms
[10.490s][info][gc,phases,start] GC(121) Summary Phase
[10.490s][info][gc,phases      ] GC(121) Summary Phase 0.034ms
[10.490s][info][gc,phases,start] GC(121) Adjust Roots
[10.490s][info][gc,phases      ] GC(121) Adjust Roots 0.236ms
[10.490s][info][gc,phases,start] GC(121) Compaction Phase
[10.666s][info][gc,phases      ] GC(121) Compaction Phase 176.301ms
[10.666s][info][gc,phases,start] GC(121) Post Compact
[10.669s][info][gc,phases      ] GC(121) Post Compact 2.926ms
[10.671s][info][gc,heap        ] GC(121) PSYoungGen: 68800K(182272K)->32211K(184320K) Eden: 0K(11264K)->0K(13312K) From: 68800K(171008K)->32211K(171008K)
[10.671s][info][gc,heap        ] GC(121) ParOldGen: 1535210K(1570304K)->1569843K(1739776K)
[10.671s][info][gc,metaspace   ] GC(121) Metaspace: 6301K(6464K)->6301K(6464K) NonClass: 5768K(5824K)->5768K(5824K) Class: 533K(640K)->533K(640K)
[10.671s][info][gc             ] GC(121) Pause Full (Ergonomics) 1566M->1564M(1879M) 530.397ms
[10.671s][info][gc,cpu         ] GC(121) User=3.47s Sys=0.05s Real=0.53s
[10.684s][info][gc,start       ] GC(122) Pause Young (Allocation Failure)
[10.777s][info][gc,heap        ] GC(122) PSYoungGen: 45523K(184320K)->18624K(189952K) Eden: 13312K(13312K)->0K(13312K) From: 32211K(171008K)->18624K(176640K)
[10.777s][info][gc,heap        ] GC(122) ParOldGen: 1569843K(1739776K)->1597355K(1739776K)
[10.777s][info][gc,metaspace   ] GC(122) Metaspace: 6301K(6464K)->6301K(6464K) NonClass: 5768K(5824K)->5768K(5824K) Class: 533K(640K)->533K(640K)
[10.777s][info][gc             ] GC(122) Pause Young (Allocation Failure) 1577M->1578M(1884M) 92.565ms
[10.777s][info][gc,cpu         ] GC(122) User=0.48s Sys=0.14s Real=0.09s
[10.790s][info][gc,start       ] GC(123) Pause Young (Allocation Failure)
[10.817s][info][gc,heap        ] GC(123) PSYoungGen: 31936K(189952K)->26752K(193024K) Eden: 13312K(13312K)->0K(15360K) From: 18624K(176640K)->26752K(177664K)
[10.817s][info][gc,heap        ] GC(123) ParOldGen: 1597355K(1739776K)->1602627K(1739776K)
[10.817s][info][gc,metaspace   ] GC(123) Metaspace: 6301K(6464K)->6301K(6464K) NonClass: 5768K(5824K)->5768K(5824K) Class: 533K(640K)->533K(640K)
[10.817s][info][gc             ] GC(123) Pause Young (Allocation Failure) 1591M->1591M(1887M) 26.756ms
[10.817s][info][gc,cpu         ] GC(123) User=0.05s Sys=0.00s Real=0.03s
[10.833s][info][gc,start       ] GC(124) Pause Young (Allocation Failure)
[10.865s][info][gc,heap        ] GC(124) PSYoungGen: 42112K(193024K)->15456K(194048K) Eden: 15360K(15360K)->0K(15360K) From: 26752K(177664K)->15456K(178688K)
[10.865s][info][gc,heap        ] GC(124) ParOldGen: 1602627K(1739776K)->1629627K(1739776K)
[10.865s][info][gc,metaspace   ] GC(124) Metaspace: 6301K(6464K)->6301K(6464K) NonClass: 5768K(5824K)->5768K(5824K) Class: 533K(640K)->533K(640K)
[10.865s][info][gc             ] GC(124) Pause Young (Allocation Failure) 1606M->1606M(1888M) 32.861ms
[10.865s][info][gc,cpu         ] GC(124) User=0.08s Sys=0.09s Real=0.03s
[10.881s][info][gc,start       ] GC(125) Pause Young (Allocation Failure)
[10.907s][info][gc,heap        ] GC(125) PSYoungGen: 30816K(194048K)->15456K(192000K) Eden: 15360K(15360K)->0K(17408K) From: 15456K(178688K)->15456K(174592K)
[10.907s][info][gc,heap        ] GC(125) ParOldGen: 1629627K(1739776K)->1645219K(1739776K)
[10.907s][info][gc,metaspace   ] GC(125) Metaspace: 6301K(6464K)->6301K(6464K) NonClass: 5768K(5824K)->5768K(5824K) Class: 533K(640K)->533K(640K)
[10.907s][info][gc             ] GC(125) Pause Young (Allocation Failure) 1621M->1621M(1886M) 26.134ms
[10.907s][info][gc,cpu         ] GC(125) User=0.02s Sys=0.02s Real=0.02s
[10.925s][info][gc,start       ] GC(126) Pause Young (Allocation Failure)
[10.954s][info][gc,heap        ] GC(126) PSYoungGen: 32864K(192000K)->17568K(35328K) Eden: 17408K(17408K)->0K(17408K) From: 15456K(174592K)->17568K(17920K)
[10.954s][info][gc,heap        ] GC(126) ParOldGen: 1645219K(1739776K)->1660827K(1739776K)
[10.954s][info][gc,metaspace   ] GC(126) Metaspace: 6301K(6464K)->6301K(6464K) NonClass: 5768K(5824K)->5768K(5824K) Class: 533K(640K)->533K(640K)
[10.954s][info][gc             ] GC(126) Pause Young (Allocation Failure) 1638M->1639M(1733M) 28.542ms
[10.954s][info][gc,cpu         ] GC(126) User=0.12s Sys=0.00s Real=0.03s
[10.972s][info][gc,start       ] GC(127) Pause Young (Allocation Failure)
[11.000s][info][gc,heap        ] GC(127) PSYoungGen: 34976K(35328K)->17536K(184320K) Eden: 17408K(17408K)->0K(19968K) From: 17568K(17920K)->17536K(164352K)
[11.000s][info][gc,heap        ] GC(127) ParOldGen: 1660827K(1739776K)->1678515K(1739776K)
[11.000s][info][gc,metaspace   ] GC(127) Metaspace: 6301K(6464K)->6301K(6464K) NonClass: 5768K(5824K)->5768K(5824K) Class: 533K(640K)->533K(640K)
[11.000s][info][gc             ] GC(127) Pause Young (Allocation Failure) 1656M->1656M(1879M) 28.119ms
[11.000s][info][gc,cpu         ] GC(127) User=0.03s Sys=0.02s Real=0.03s
[11.019s][info][gc,start       ] GC(128) Pause Young (Allocation Failure)
[11.049s][info][gc,heap        ] GC(128) PSYoungGen: 37504K(184320K)->20128K(40448K) Eden: 19968K(19968K)->0K(19968K) From: 17536K(164352K)->20128K(20480K)
[11.049s][info][gc,heap        ] GC(128) ParOldGen: 1678515K(1739776K)->1696203K(1739776K)
[11.049s][info][gc,metaspace   ] GC(128) Metaspace: 6301K(6464K)->6301K(6464K) NonClass: 5768K(5824K)->5768K(5824K) Class: 533K(640K)->533K(640K)
[11.049s][info][gc             ] GC(128) Pause Young (Allocation Failure) 1675M->1676M(1738M) 30.179ms
[11.049s][info][gc,cpu         ] GC(128) User=0.03s Sys=0.02s Real=0.03s
[11.049s][info][gc,start       ] GC(129) Pause Full (Ergonomics)
[11.049s][info][gc,phases,start] GC(129) Marking Phase
[11.414s][info][gc,phases      ] GC(129) Marking Phase 365.258ms
[11.414s][info][gc,phases,start] GC(129) Summary Phase
[11.415s][info][gc,phases      ] GC(129) Summary Phase 0.050ms
[11.415s][info][gc,phases,start] GC(129) Adjust Roots
[11.415s][info][gc,phases      ] GC(129) Adjust Roots 0.189ms
[11.415s][info][gc,phases,start] GC(129) Compaction Phase
[11.584s][info][gc,phases      ] GC(129) Compaction Phase 169.690ms
[11.585s][info][gc,phases,start] GC(129) Post Compact
[11.588s][info][gc,phases      ] GC(129) Post Compact 3.240ms
[11.589s][info][gc,heap        ] GC(129) PSYoungGen: 20128K(40448K)->0K(186368K) Eden: 0K(19968K)->0K(22528K) From: 20128K(20480K)->0K(163840K)
[11.589s][info][gc,heap        ] GC(129) ParOldGen: 1696203K(1739776K)->1713960K(1875968K)
[11.589s][info][gc,metaspace   ] GC(129) Metaspace: 6301K(6464K)->6301K(6464K) NonClass: 5768K(5824K)->5768K(5824K) Class: 533K(640K)->533K(640K)
[11.589s][info][gc             ] GC(129) Pause Full (Ergonomics) 1676M->1673M(2014M) 540.339ms
[11.590s][info][gc,cpu         ] GC(129) User=3.81s Sys=0.02s Real=0.54s
[11.614s][info][gc,start       ] GC(130) Pause Young (Allocation Failure)
[11.636s][info][gc,heap        ] GC(130) PSYoungGen: 22528K(186368K)->22688K(45568K) Eden: 22528K(22528K)->0K(22528K) From: 0K(163840K)->22688K(23040K)
[11.636s][info][gc,heap        ] GC(130) ParOldGen: 1713960K(1875968K)->1713960K(1875968K)
[11.636s][info][gc,metaspace   ] GC(130) Metaspace: 6301K(6464K)->6301K(6464K) NonClass: 5768K(5824K)->5768K(5824K) Class: 533K(640K)->533K(640K)
[11.636s][info][gc             ] GC(130) Pause Young (Allocation Failure) 1695M->1695M(1876M) 22.009ms
[11.636s][info][gc,cpu         ] GC(130) User=0.02s Sys=0.00s Real=0.02s
[11.661s][info][gc,start       ] GC(131) Pause Young (Allocation Failure)
[11.692s][info][gc,heap        ] GC(131) PSYoungGen: 45216K(45568K)->22656K(169984K) Eden: 22528K(22528K)->0K(25088K) From: 22688K(23040K)->22656K(144896K)
[11.692s][info][gc,heap        ] GC(131) ParOldGen: 1713960K(1875968K)->1736848K(1875968K)
[11.692s][info][gc,metaspace   ] GC(131) Metaspace: 6301K(6464K)->6301K(6464K) NonClass: 5768K(5824K)->5768K(5824K) Class: 533K(640K)->533K(640K)
[11.692s][info][gc             ] GC(131) Pause Young (Allocation Failure) 1717M->1718M(1998M) 31.745ms
[11.692s][info][gc,cpu         ] GC(131) User=0.06s Sys=0.08s Real=0.03s
[11.721s][info][gc,start       ] GC(132) Pause Young (Allocation Failure)
[11.753s][info][gc,heap        ] GC(132) PSYoungGen: 47744K(169984K)->25248K(50688K) Eden: 25088K(25088K)->0K(25088K) From: 22656K(144896K)->25248K(25600K)
[11.753s][info][gc,heap        ] GC(132) ParOldGen: 1736848K(1875968K)->1759712K(1875968K)
[11.753s][info][gc,metaspace   ] GC(132) Metaspace: 6301K(6464K)->6301K(6464K) NonClass: 5768K(5824K)->5768K(5824K) Class: 533K(640K)->533K(640K)
[11.753s][info][gc             ] GC(132) Pause Young (Allocation Failure) 1742M->1743M(1881M) 32.337ms
[11.753s][info][gc,cpu         ] GC(132) User=0.14s Sys=0.00s Real=0.03s
[11.781s][info][gc,start       ] GC(133) Pause Young (Allocation Failure)
[11.814s][info][gc,heap        ] GC(133) PSYoungGen: 50336K(50688K)->25280K(159232K) Eden: 25088K(25088K)->0K(28160K) From: 25248K(25600K)->25280K(131072K)
[11.814s][info][gc,heap        ] GC(133) ParOldGen: 1759712K(1875968K)->1785192K(1875968K)
[11.814s][info][gc,metaspace   ] GC(133) Metaspace: 6301K(6464K)->6301K(6464K) NonClass: 5768K(5824K)->5768K(5824K) Class: 533K(640K)->533K(640K)
[11.814s][info][gc             ] GC(133) Pause Young (Allocation Failure) 1767M->1768M(1987M) 33.496ms
[11.814s][info][gc,cpu         ] GC(133) User=0.14s Sys=0.02s Real=0.03s
[11.843s][info][gc,start       ] GC(134) Pause Young (Allocation Failure)
[11.877s][info][gc,heap        ] GC(134) PSYoungGen: 53440K(159232K)->28352K(56832K) Eden: 28160K(28160K)->0K(28160K) From: 25280K(131072K)->28352K(28672K)
[11.877s][info][gc,heap        ] GC(134) ParOldGen: 1785192K(1875968K)->1810664K(1875968K)
[11.877s][info][gc,metaspace   ] GC(134) Metaspace: 6301K(6464K)->6301K(6464K) NonClass: 5768K(5824K)->5768K(5824K) Class: 533K(640K)->533K(640K)
[11.877s][info][gc             ] GC(134) Pause Young (Allocation Failure) 1795M->1795M(1887M) 34.476ms
[11.877s][info][gc,cpu         ] GC(134) User=0.17s Sys=0.08s Real=0.04s
[11.909s][info][gc,start       ] GC(135) Pause Young (Allocation Failure)
[11.945s][info][gc,heap        ] GC(135) PSYoungGen: 56512K(56832K)->28320K(147968K) Eden: 28160K(28160K)->0K(31232K) From: 28352K(28672K)->28320K(116736K)
[11.945s][info][gc,heap        ] GC(135) ParOldGen: 1810664K(1875968K)->1839264K(1875968K)
[11.945s][info][gc,metaspace   ] GC(135) Metaspace: 6301K(6464K)->6301K(6464K) NonClass: 5768K(5824K)->5768K(5824K) Class: 533K(640K)->533K(640K)
[11.945s][info][gc             ] GC(135) Pause Young (Allocation Failure) 1823M->1823M(1976M) 35.841ms
[11.945s][info][gc,cpu         ] GC(135) User=0.20s Sys=0.05s Real=0.04s
[11.945s][info][gc,start       ] GC(136) Pause Full (Ergonomics)
[11.945s][info][gc,phases,start] GC(136) Marking Phase
[12.330s][info][gc,phases      ] GC(136) Marking Phase 385.179ms
[12.330s][info][gc,phases,start] GC(136) Summary Phase
[12.330s][info][gc,phases      ] GC(136) Summary Phase 0.040ms
[12.330s][info][gc,phases,start] GC(136) Adjust Roots
[12.330s][info][gc,phases      ] GC(136) Adjust Roots 0.164ms
[12.330s][info][gc,phases,start] GC(136) Compaction Phase
[12.502s][info][gc,phases      ] GC(136) Compaction Phase 171.486ms
[12.502s][info][gc,phases,start] GC(136) Post Compact
[12.505s][info][gc,phases      ] GC(136) Post Compact 3.469ms
[12.506s][info][gc,heap        ] GC(136) PSYoungGen: 28320K(147968K)->0K(154624K) Eden: 0K(31232K)->0K(31232K) From: 28320K(116736K)->0K(123392K)
[12.506s][info][gc,heap        ] GC(136) ParOldGen: 1839264K(1875968K)->1865319K(2037248K)
[12.506s][info][gc,metaspace   ] GC(136) Metaspace: 6301K(6464K)->6301K(6464K) NonClass: 5768K(5824K)->5768K(5824K) Class: 533K(640K)->533K(640K)
[12.506s][info][gc             ] GC(136) Pause Full (Ergonomics) 1823M->1821M(2140M) 561.607ms
[12.506s][info][gc,cpu         ] GC(136) User=4.14s Sys=0.02s Real=0.56s
[12.542s][info][gc,start       ] GC(137) Pause Young (Allocation Failure)
[12.567s][info][gc,heap        ] GC(137) PSYoungGen: 31232K(154624K)->31392K(142848K) Eden: 31232K(31232K)->0K(34304K) From: 0K(123392K)->31392K(108544K)
[12.567s][info][gc,heap        ] GC(137) ParOldGen: 1865319K(2037248K)->1865319K(2037248K)
[12.567s][info][gc,metaspace   ] GC(137) Metaspace: 6301K(6464K)->6301K(6464K) NonClass: 5768K(5824K)->5768K(5824K) Class: 533K(640K)->533K(640K)
[12.567s][info][gc             ] GC(137) Pause Young (Allocation Failure) 1852M->1852M(2129M) 25.398ms
[12.567s][info][gc,cpu         ] GC(137) User=0.03s Sys=0.00s Real=0.03s
[12.603s][info][gc,start       ] GC(138) Pause Young (Allocation Failure)
[12.639s][info][gc,heap        ] GC(138) PSYoungGen: 65696K(142848K)->65760K(150528K) Eden: 34304K(34304K)->0K(34304K) From: 31392K(108544K)->65760K(116224K)
[12.640s][info][gc,heap        ] GC(138) ParOldGen: 1865319K(2037248K)->1865319K(2037248K)
[12.640s][info][gc,metaspace   ] GC(138) Metaspace: 6301K(6464K)->6301K(6464K) NonClass: 5768K(5824K)->5768K(5824K) Class: 533K(640K)->533K(640K)
[12.640s][info][gc             ] GC(138) Pause Young (Allocation Failure) 1885M->1885M(2136M) 36.192ms
[12.640s][info][gc,cpu         ] GC(138) User=0.17s Sys=0.00s Real=0.04s
[12.677s][info][gc,start       ] GC(139) Pause Young (Allocation Failure)
[12.724s][info][gc,heap        ] GC(139) PSYoungGen: 100064K(150528K)->100064K(142848K) Eden: 34304K(34304K)->0K(24064K) From: 65760K(116224K)->100064K(118784K)
[12.724s][info][gc,heap        ] GC(139) ParOldGen: 1865319K(2037248K)->1865319K(2037248K)
[12.724s][info][gc,metaspace   ] GC(139) Metaspace: 6301K(6464K)->6301K(6464K) NonClass: 5768K(5824K)->5768K(5824K) Class: 533K(640K)->533K(640K)
[12.724s][info][gc             ] GC(139) Pause Young (Allocation Failure) 1919M->1919M(2129M) 47.444ms
[12.724s][info][gc,cpu         ] GC(139) User=0.23s Sys=0.00s Real=0.05s
[12.751s][info][gc,start       ] GC(140) Pause Young (Allocation Failure)
[12.807s][info][gc,heap        ] GC(140) PSYoungGen: 124128K(142848K)->124160K(156672K) Eden: 24064K(24064K)->0K(24064K) From: 100064K(118784K)->124160K(132608K)
[12.807s][info][gc,heap        ] GC(140) ParOldGen: 1865319K(2037248K)->1865319K(2037248K)
[12.807s][info][gc,metaspace   ] GC(140) Metaspace: 6301K(6464K)->6301K(6464K) NonClass: 5768K(5824K)->5768K(5824K) Class: 533K(640K)->533K(640K)
[12.807s][info][gc             ] GC(140) Pause Young (Allocation Failure) 1942M->1942M(2142M) 56.253ms
[12.807s][info][gc,cpu         ] GC(140) User=0.38s Sys=0.00s Real=0.06s
[12.836s][info][gc,start       ] GC(141) Pause Young (Allocation Failure)
[12.921s][info][gc,heap        ] GC(141) PSYoungGen: 148224K(156672K)->116960K(166400K) Eden: 24064K(24064K)->0K(13824K) From: 124160K(132608K)->116960K(152576K)
[12.922s][info][gc,heap        ] GC(141) ParOldGen: 1865319K(2037248K)->1897007K(2037248K)
[12.922s][info][gc,metaspace   ] GC(141) Metaspace: 6301K(6464K)->6301K(6464K) NonClass: 5768K(5824K)->5768K(5824K) Class: 533K(640K)->533K(640K)
[12.922s][info][gc             ] GC(141) Pause Young (Allocation Failure) 1966M->1966M(2152M) 85.618ms
[12.922s][info][gc,cpu         ] GC(141) User=0.48s Sys=0.14s Real=0.09s
[12.937s][info][gc,start       ] GC(142) Pause Young (Allocation Failure)
[13.007s][info][gc,heap        ] GC(142) PSYoungGen: 130784K(166400K)->96448K(179712K) Eden: 13824K(13824K)->0K(13824K) From: 116960K(152576K)->96448K(165888K)
[13.007s][info][gc,heap        ] GC(142) ParOldGen: 1897007K(2037248K)->1931791K(2037248K)
[13.007s][info][gc,metaspace   ] GC(142) Metaspace: 6301K(6464K)->6301K(6464K) NonClass: 5768K(5824K)->5768K(5824K) Class: 533K(640K)->533K(640K)
[13.007s][info][gc             ] GC(142) Pause Young (Allocation Failure) 1980M->1980M(2165M) 70.129ms
[13.007s][info][gc,cpu         ] GC(142) User=0.39s Sys=0.11s Real=0.07s
[13.023s][info][gc,start       ] GC(143) Pause Young (Allocation Failure)
[13.094s][info][gc,heap        ] GC(143) PSYoungGen: 110272K(179712K)->51872K(168960K) Eden: 13824K(13824K)->0K(16384K) From: 96448K(165888K)->51872K(152576K)
[13.094s][info][gc,heap        ] GC(143) ParOldGen: 1931791K(2037248K)->1990951K(2037248K)
[13.094s][info][gc,metaspace   ] GC(143) Metaspace: 6301K(6464K)->6301K(6464K) NonClass: 5768K(5824K)->5768K(5824K) Class: 533K(640K)->533K(640K)
[13.094s][info][gc             ] GC(143) Pause Young (Allocation Failure) 1994M->1994M(2154M) 71.034ms
[13.094s][info][gc,cpu         ] GC(143) User=0.34s Sys=0.17s Real=0.07s
[13.094s][info][gc,start       ] GC(144) Pause Full (Ergonomics)
[13.094s][info][gc,phases,start] GC(144) Marking Phase
[13.539s][info][gc,phases      ] GC(144) Marking Phase 444.536ms
[13.539s][info][gc,phases,start] GC(144) Summary Phase
[13.539s][info][gc,phases      ] GC(144) Summary Phase 0.045ms
[13.539s][info][gc,phases,start] GC(144) Adjust Roots
[13.539s][info][gc,phases      ] GC(144) Adjust Roots 0.166ms
[13.539s][info][gc,phases,start] GC(144) Compaction Phase
[13.730s][info][gc,phases      ] GC(144) Compaction Phase 191.090ms
[13.730s][info][gc,phases,start] GC(144) Post Compact
[13.734s][info][gc,phases      ] GC(144) Post Compact 4.025ms
[13.736s][info][gc,heap        ] GC(144) PSYoungGen: 51872K(168960K)->3597K(171520K) Eden: 0K(16384K)->0K(18944K) From: 51872K(152576K)->3597K(152576K)
[13.736s][info][gc,heap        ] GC(144) ParOldGen: 1990951K(2037248K)->2037128K(2237440K)
[13.736s][info][gc,metaspace   ] GC(144) Metaspace: 6301K(6464K)->6301K(6464K) NonClass: 5768K(5824K)->5768K(5824K) Class: 533K(640K)->533K(640K)
[13.736s][info][gc             ] GC(144) Pause Full (Ergonomics) 1994M->1992M(2352M) 641.800ms
[13.736s][info][gc,cpu         ] GC(144) User=4.69s Sys=0.08s Real=0.64s
[13.763s][info][gc,start       ] GC(145) Pause Young (Allocation Failure)
[13.875s][info][gc,heap        ] GC(145) PSYoungGen: 22541K(171520K)->19552K(179200K) Eden: 18944K(18944K)->0K(18944K) From: 3597K(152576K)->19552K(160256K)
[13.875s][info][gc,heap        ] GC(145) ParOldGen: 2037128K(2237440K)->2040336K(2237440K)
[13.875s][info][gc,metaspace   ] GC(145) Metaspace: 6301K(6464K)->6301K(6464K) NonClass: 5768K(5824K)->5768K(5824K) Class: 533K(640K)->533K(640K)
[13.875s][info][gc             ] GC(145) Pause Young (Allocation Failure) 2011M->2011M(2360M) 112.755ms
[13.875s][info][gc,cpu         ] GC(145) User=0.53s Sys=0.00s Real=0.11s
[13.897s][info][gc,start       ] GC(146) Pause Young (Allocation Failure)
[13.927s][info][gc,heap        ] GC(146) PSYoungGen: 38496K(179200K)->38016K(166400K) Eden: 18944K(18944K)->0K(21504K) From: 19552K(160256K)->38016K(144896K)
[13.927s][info][gc,heap        ] GC(146) ParOldGen: 2040336K(2237440K)->2040848K(2237440K)
[13.927s][info][gc,metaspace   ] GC(146) Metaspace: 6301K(6464K)->6301K(6464K) NonClass: 5768K(5824K)->5768K(5824K) Class: 533K(640K)->533K(640K)
[13.928s][info][gc             ] GC(146) Pause Young (Allocation Failure) 2030M->2030M(2347M) 30.524ms
[13.928s][info][gc,cpu         ] GC(146) User=0.05s Sys=0.00s Real=0.03s
[13.951s][info][gc,start       ] GC(147) Pause Young (Allocation Failure)
[13.995s][info][gc,heap        ] GC(147) PSYoungGen: 59520K(166400K)->40640K(62464K) Eden: 21504K(21504K)->0K(21504K) From: 38016K(144896K)->40640K(40960K)
[13.995s][info][gc,heap        ] GC(147) ParOldGen: 2040848K(2237440K)->2060096K(2237440K)
[13.995s][info][gc,metaspace   ] GC(147) Metaspace: 6301K(6464K)->6301K(6464K) NonClass: 5768K(5824K)->5768K(5824K) Class: 533K(640K)->533K(640K)
[13.995s][info][gc             ] GC(147) Pause Young (Allocation Failure) 2051M->2051M(2246M) 43.487ms
[13.995s][info][gc,cpu         ] GC(147) User=0.08s Sys=0.02s Real=0.04s
[14.017s][info][gc,start       ] GC(148) Pause Young (Allocation Failure)
[14.056s][info][gc,heap        ] GC(148) PSYoungGen: 62144K(62464K)->43200K(156160K) Eden: 21504K(21504K)->0K(24576K) From: 40640K(40960K)->43200K(131584K)
[14.056s][info][gc,heap        ] GC(148) ParOldGen: 2060096K(2237440K)->2079352K(2237440K)
[14.056s][info][gc,metaspace   ] GC(148) Metaspace: 6301K(6464K)->6301K(6464K) NonClass: 5768K(5824K)->5768K(5824K) Class: 533K(640K)->533K(640K)
[14.056s][info][gc             ] GC(148) Pause Young (Allocation Failure) 2072M->2072M(2337M) 39.187ms
[14.056s][info][gc,cpu         ] GC(148) User=0.23s Sys=0.02s Real=0.04s
[14.083s][info][gc,start       ] GC(149) Pause Young (Allocation Failure)
[14.134s][info][gc,heap        ] GC(149) PSYoungGen: 67776K(156160K)->24672K(162816K) Eden: 24576K(24576K)->0K(24576K) From: 43200K(131584K)->24672K(138240K)
[14.134s][info][gc,heap        ] GC(149) ParOldGen: 2079352K(2237440K)->2123000K(2237440K)
[14.134s][info][gc,metaspace   ] GC(149) Metaspace: 6301K(6464K)->6301K(6464K) NonClass: 5768K(5824K)->5768K(5824K) Class: 533K(640K)->533K(640K)
[14.134s][info][gc             ] GC(149) Pause Young (Allocation Failure) 2096M->2097M(2344M) 51.036ms
[14.134s][info][gc,cpu         ] GC(149) User=0.11s Sys=0.14s Real=0.05s
[14.159s][info][gc,start       ] GC(150) Pause Young (Allocation Failure)
[14.196s][info][gc,heap        ] GC(150) PSYoungGen: 49248K(162816K)->24736K(155648K) Eden: 24576K(24576K)->0K(28160K) From: 24672K(138240K)->24736K(127488K)
[14.196s][info][gc,heap        ] GC(150) ParOldGen: 2123000K(2237440K)->2147960K(2237440K)
[14.196s][info][gc,metaspace   ] GC(150) Metaspace: 6301K(6464K)->6301K(6464K) NonClass: 5768K(5824K)->5768K(5824K) Class: 533K(640K)->533K(640K)
[14.196s][info][gc             ] GC(150) Pause Young (Allocation Failure) 2121M->2121M(2337M) 36.757ms
[14.196s][info][gc,cpu         ] GC(150) User=0.19s Sys=0.06s Real=0.04s
[14.231s][info][gc,start       ] GC(151) Pause Young (Allocation Failure)
[14.269s][info][gc,heap        ] GC(151) PSYoungGen: 52896K(155648K)->28320K(56832K) Eden: 28160K(28160K)->0K(28160K) From: 24736K(127488K)->28320K(28672K)
[14.269s][info][gc,heap        ] GC(151) ParOldGen: 2147960K(2237440K)->2172920K(2237440K)
[14.269s][info][gc,metaspace   ] GC(151) Metaspace: 6301K(6464K)->6301K(6464K) NonClass: 5768K(5824K)->5768K(5824K) Class: 533K(640K)->533K(640K)
[14.269s][info][gc             ] GC(151) Pause Young (Allocation Failure) 2149M->2149M(2240M) 37.873ms
[14.269s][info][gc,cpu         ] GC(151) User=0.20s Sys=0.05s Real=0.04s
[14.308s][info][gc,start       ] GC(152) Pause Young (Allocation Failure)
[14.350s][info][gc,heap        ] GC(152) PSYoungGen: 56480K(56832K)->28288K(148480K) Eden: 28160K(28160K)->0K(31744K) From: 28320K(28672K)->28288K(116736K)
[14.350s][info][gc,heap        ] GC(152) ParOldGen: 2172920K(2237440K)->2201512K(2237440K)
[14.350s][info][gc,metaspace   ] GC(152) Metaspace: 6301K(6464K)->6301K(6464K) NonClass: 5768K(5824K)->5768K(5824K) Class: 533K(640K)->533K(640K)
[14.350s][info][gc             ] GC(152) Pause Young (Allocation Failure) 2177M->2177M(2330M) 42.354ms
[14.350s][info][gc,cpu         ] GC(152) User=0.17s Sys=0.08s Real=0.04s
[14.350s][info][gc,start       ] GC(153) Pause Full (Ergonomics)
[14.350s][info][gc,phases,start] GC(153) Marking Phase
[14.846s][info][gc,phases      ] GC(153) Marking Phase 495.204ms
[14.846s][info][gc,phases,start] GC(153) Summary Phase
[14.846s][info][gc,phases      ] GC(153) Summary Phase 0.066ms
[14.846s][info][gc,phases,start] GC(153) Adjust Roots
[14.846s][info][gc,phases      ] GC(153) Adjust Roots 0.202ms
[14.846s][info][gc,phases,start] GC(153) Compaction Phase
[15.049s][info][gc,phases      ] GC(153) Compaction Phase 202.607ms
[15.049s][info][gc,phases,start] GC(153) Post Compact
[15.053s][info][gc,phases      ] GC(153) Post Compact 4.361ms
[15.055s][info][gc,heap        ] GC(153) PSYoungGen: 28288K(148480K)->0K(153088K) Eden: 0K(31744K)->0K(31744K) From: 28288K(116736K)->0K(121344K)
[15.055s][info][gc,heap        ] GC(153) ParOldGen: 2201512K(2237440K)->2226845K(2435584K)
[15.055s][info][gc,metaspace   ] GC(153) Metaspace: 6301K(6464K)->6301K(6464K) NonClass: 5768K(5824K)->5768K(5824K) Class: 533K(640K)->533K(640K)
[15.055s][info][gc             ] GC(153) Pause Full (Ergonomics) 2177M->2174M(2528M) 704.389ms
[15.055s][info][gc,cpu         ] GC(153) User=5.12s Sys=0.08s Real=0.70s
[15.093s][info][gc,start       ] GC(154) Pause Young (Allocation Failure)
[15.129s][info][gc,heap        ] GC(154) PSYoungGen: 31744K(153088K)->31904K(143872K) Eden: 31744K(31744K)->0K(34816K) From: 0K(121344K)->31904K(109056K)
[15.129s][info][gc,heap        ] GC(154) ParOldGen: 2226845K(2435584K)->2226845K(2435584K)
[15.129s][info][gc,metaspace   ] GC(154) Metaspace: 6301K(6464K)->6301K(6464K) NonClass: 5768K(5824K)->5768K(5824K) Class: 533K(640K)->533K(640K)
[15.129s][info][gc             ] GC(154) Pause Young (Allocation Failure) 2205M->2205M(2519M) 35.919ms
[15.129s][info][gc,cpu         ] GC(154) User=0.06s Sys=0.00s Real=0.04s
[15.167s][info][gc,start       ] GC(155) Pause Young (Allocation Failure)
[15.205s][info][gc,heap        ] GC(155) PSYoungGen: 66720K(143872K)->66816K(150528K) Eden: 34816K(34816K)->0K(34816K) From: 31904K(109056K)->66816K(115712K)
[15.205s][info][gc,heap        ] GC(155) ParOldGen: 2226845K(2435584K)->2226845K(2435584K)
[15.205s][info][gc,metaspace   ] GC(155) Metaspace: 6301K(6464K)->6301K(6464K) NonClass: 5768K(5824K)->5768K(5824K) Class: 533K(640K)->533K(640K)
[15.205s][info][gc             ] GC(155) Pause Young (Allocation Failure) 2239M->2239M(2525M) 38.797ms
[15.206s][info][gc,cpu         ] GC(155) User=0.20s Sys=0.00s Real=0.04s
[15.248s][info][gc,start       ] GC(156) Pause Young (Allocation Failure)
[15.298s][info][gc,heap        ] GC(156) PSYoungGen: 101632K(150528K)->101632K(142336K) Eden: 34816K(34816K)->0K(25088K) From: 66816K(115712K)->101632K(117248K)
[15.298s][info][gc,heap        ] GC(156) ParOldGen: 2226845K(2435584K)->2226845K(2435584K)
[15.298s][info][gc,metaspace   ] GC(156) Metaspace: 6301K(6464K)->6301K(6464K) NonClass: 5768K(5824K)->5768K(5824K) Class: 533K(640K)->533K(640K)
[15.298s][info][gc             ] GC(156) Pause Young (Allocation Failure) 2273M->2273M(2517M) 49.792ms
[15.298s][info][gc,cpu         ] GC(156) User=0.28s Sys=0.00s Real=0.05s
[15.327s][info][gc,start       ] GC(157) Pause Young (Allocation Failure)
[15.385s][info][gc,heap        ] GC(157) PSYoungGen: 126720K(142336K)->126752K(155648K) Eden: 25088K(25088K)->0K(25088K) From: 101632K(117248K)->126752K(130560K)
[15.385s][info][gc,heap        ] GC(157) ParOldGen: 2226845K(2435584K)->2226845K(2435584K)
[15.385s][info][gc,metaspace   ] GC(157) Metaspace: 6301K(6464K)->6301K(6464K) NonClass: 5768K(5824K)->5768K(5824K) Class: 533K(640K)->533K(640K)
[15.385s][info][gc             ] GC(157) Pause Young (Allocation Failure) 2298M->2298M(2530M) 57.884ms
[15.385s][info][gc,cpu         ] GC(157) User=0.38s Sys=0.00s Real=0.06s
[15.413s][info][gc,start       ] GC(158) Pause Young (Allocation Failure)
[15.505s][info][gc,heap        ] GC(158) PSYoungGen: 151840K(155648K)->120064K(165888K) Eden: 25088K(25088K)->0K(14848K) From: 126752K(130560K)->120064K(151040K)
[15.505s][info][gc,heap        ] GC(158) ParOldGen: 2226845K(2435584K)->2259013K(2435584K)
[15.505s][info][gc,metaspace   ] GC(158) Metaspace: 6301K(6464K)->6301K(6464K) NonClass: 5768K(5824K)->5768K(5824K) Class: 533K(640K)->533K(640K)
[15.505s][info][gc             ] GC(158) Pause Young (Allocation Failure) 2322M->2323M(2540M) 91.969ms
[15.505s][info][gc,cpu         ] GC(158) User=0.39s Sys=0.25s Real=0.09s
[15.521s][info][gc,start       ] GC(159) Pause Young (Allocation Failure)
[15.595s][info][gc,heap        ] GC(159) PSYoungGen: 134912K(165888K)->100064K(179200K) Eden: 14848K(14848K)->0K(14848K) From: 120064K(151040K)->100064K(164352K)
[15.595s][info][gc,heap        ] GC(159) ParOldGen: 2259013K(2435584K)->2294149K(2435584K)
[15.595s][info][gc,metaspace   ] GC(159) Metaspace: 6301K(6464K)->6301K(6464K) NonClass: 5768K(5824K)->5768K(5824K) Class: 533K(640K)->533K(640K)
[15.595s][info][gc             ] GC(159) Pause Young (Allocation Failure) 2337M->2338M(2553M) 73.437ms
[15.595s][info][gc,cpu         ] GC(159) User=0.34s Sys=0.16s Real=0.07s
[15.611s][info][gc,start       ] GC(160) Pause Young (Allocation Failure)
[15.687s][info][gc,heap        ] GC(160) PSYoungGen: 114912K(179200K)->54944K(169984K) Eden: 14848K(14848K)->0K(17408K) From: 100064K(164352K)->54944K(152576K)
[15.687s][info][gc,heap        ] GC(160) ParOldGen: 2294149K(2435584K)->2354557K(2435584K)
[15.687s][info][gc,metaspace   ] GC(160) Metaspace: 6301K(6464K)->6301K(6464K) NonClass: 5768K(5824K)->5768K(5824K) Class: 533K(640K)->533K(640K)
[15.687s][info][gc             ] GC(160) Pause Young (Allocation Failure) 2352M->2353M(2544M) 76.356ms
[15.687s][info][gc,cpu         ] GC(160) User=0.39s Sys=0.11s Real=0.08s
[15.708s][info][gc,start       ] GC(161) Pause Young (Allocation Failure)
[15.762s][info][gc,heap        ] GC(161) PSYoungGen: 72352K(169984K)->32352K(50176K) Eden: 17408K(17408K)->0K(17408K) From: 54944K(152576K)->32352K(32768K)
[15.762s][info][gc,heap        ] GC(161) ParOldGen: 2354557K(2435584K)->2394821K(2435584K)
[15.762s][info][gc,metaspace   ] GC(161) Metaspace: 6301K(6464K)->6301K(6464K) NonClass: 5768K(5824K)->5768K(5824K) Class: 533K(640K)->533K(640K)
[15.762s][info][gc             ] GC(161) Pause Young (Allocation Failure) 2370M->2370M(2427M) 54.184ms
[15.762s][info][gc,cpu         ] GC(161) User=0.19s Sys=0.19s Real=0.06s
[15.762s][info][gc,start       ] GC(162) Pause Full (Ergonomics)
[15.762s][info][gc,phases,start] GC(162) Marking Phase
[16.287s][info][gc,phases      ] GC(162) Marking Phase 524.901ms
[16.287s][info][gc,phases,start] GC(162) Summary Phase
[16.287s][info][gc,phases      ] GC(162) Summary Phase 0.092ms
[16.287s][info][gc,phases,start] GC(162) Adjust Roots
[16.287s][info][gc,phases      ] GC(162) Adjust Roots 0.201ms
[16.288s][info][gc,phases,start] GC(162) Compaction Phase
[16.492s][info][gc,phases      ] GC(162) Compaction Phase 204.965ms
[16.493s][info][gc,phases,start] GC(162) Post Compact
[16.497s][info][gc,phases      ] GC(162) Post Compact 4.401ms
[16.499s][info][gc,heap        ] GC(162) PSYoungGen: 32352K(50176K)->0K(176640K) Eden: 0K(17408K)->0K(19968K) From: 32352K(32768K)->0K(156672K)
[16.499s][info][gc,heap        ] GC(162) ParOldGen: 2394821K(2435584K)->2425247K(2664960K)
[16.499s][info][gc,metaspace   ] GC(162) Metaspace: 6301K(6464K)->6301K(6464K) NonClass: 5768K(5824K)->5768K(5824K) Class: 533K(640K)->533K(640K)
[16.499s][info][gc             ] GC(162) Pause Full (Ergonomics) 2370M->2368M(2775M) 736.991ms
[16.499s][info][gc,cpu         ] GC(162) User=5.59s Sys=0.08s Real=0.74s
[16.523s][info][gc,start       ] GC(163) Pause Young (Allocation Failure)
[16.546s][info][gc,heap        ] GC(163) PSYoungGen: 19968K(176640K)->20128K(176640K) Eden: 19968K(19968K)->0K(19968K) From: 0K(156672K)->20128K(156672K)
[16.546s][info][gc,heap        ] GC(163) ParOldGen: 2425247K(2664960K)->2425247K(2664960K)
[16.546s][info][gc,metaspace   ] GC(163) Metaspace: 6301K(6464K)->6301K(6464K) NonClass: 5768K(5824K)->5768K(5824K) Class: 533K(640K)->533K(640K)
[16.546s][info][gc             ] GC(163) Pause Young (Allocation Failure) 2387M->2388M(2775M) 23.231ms
[16.546s][info][gc,cpu         ] GC(163) User=0.06s Sys=0.00s Real=0.02s
[16.570s][info][gc,start       ] GC(164) Pause Young (Allocation Failure)
[16.603s][info][gc,heap        ] GC(164) PSYoungGen: 40096K(176640K)->20128K(171008K) Eden: 19968K(19968K)->0K(22528K) From: 20128K(156672K)->20128K(148480K)
[16.603s][info][gc,heap        ] GC(164) ParOldGen: 2425247K(2664960K)->2445391K(2664960K)
[16.603s][info][gc,metaspace   ] GC(164) Metaspace: 6301K(6464K)->6301K(6464K) NonClass: 5768K(5824K)->5768K(5824K) Class: 533K(640K)->533K(640K)
[16.603s][info][gc             ] GC(164) Pause Young (Allocation Failure) 2407M->2407M(2769M) 33.297ms
[16.603s][info][gc,cpu         ] GC(164) User=0.08s Sys=0.08s Real=0.03s
[16.629s][info][gc,start       ] GC(165) Pause Young (Allocation Failure)
[16.663s][info][gc,heap        ] GC(165) PSYoungGen: 42656K(171008K)->22688K(45568K) Eden: 22528K(22528K)->0K(22528K) From: 20128K(148480K)->22688K(23040K)
[16.663s][info][gc,heap        ] GC(165) ParOldGen: 2445391K(2664960K)->2465535K(2664960K)
[16.664s][info][gc,metaspace   ] GC(165) Metaspace: 6301K(6464K)->6301K(6464K) NonClass: 5768K(5824K)->5768K(5824K) Class: 533K(640K)->533K(640K)
[16.664s][info][gc             ] GC(165) Pause Young (Allocation Failure) 2429M->2429M(2647M) 34.040ms
[16.664s][info][gc,cpu         ] GC(165) User=0.06s Sys=0.09s Real=0.03s
[16.691s][info][gc,start       ] GC(166) Pause Young (Allocation Failure)
[16.730s][info][gc,heap        ] GC(166) PSYoungGen: 45216K(45568K)->22656K(165376K) Eden: 22528K(22528K)->0K(25600K) From: 22688K(23040K)->22656K(139776K)
[16.730s][info][gc,heap        ] GC(166) ParOldGen: 2465535K(2664960K)->2488279K(2664960K)
[16.730s][info][gc,metaspace   ] GC(166) Metaspace: 6301K(6464K)->6301K(6464K) NonClass: 5768K(5824K)->5768K(5824K) Class: 533K(640K)->533K(640K)
[16.730s][info][gc             ] GC(166) Pause Young (Allocation Failure) 2451M->2452M(2764M) 39.618ms
[16.730s][info][gc,cpu         ] GC(166) User=0.09s Sys=0.16s Real=0.04s
[16.758s][info][gc,start       ] GC(167) Pause Young (Allocation Failure)
[16.798s][info][gc,heap        ] GC(167) PSYoungGen: 48256K(165376K)->25696K(51712K) Eden: 25600K(25600K)->0K(25600K) From: 22656K(139776K)->25696K(26112K)
[16.798s][info][gc,heap        ] GC(167) ParOldGen: 2488279K(2664960K)->2511015K(2664960K)
[16.799s][info][gc,metaspace   ] GC(167) Metaspace: 6301K(6464K)->6301K(6464K) NonClass: 5768K(5824K)->5768K(5824K) Class: 533K(640K)->533K(640K)
[16.799s][info][gc             ] GC(167) Pause Young (Allocation Failure) 2477M->2477M(2653M) 40.397ms
[16.799s][info][gc,cpu         ] GC(167) User=0.19s Sys=0.08s Real=0.04s
[16.826s][info][gc,start       ] GC(168) Pause Young (Allocation Failure)
[16.870s][info][gc,heap        ] GC(168) PSYoungGen: 51296K(51712K)->25728K(155136K) Eden: 25600K(25600K)->0K(28672K) From: 25696K(26112K)->25728K(126464K)
[16.870s][info][gc,heap        ] GC(168) ParOldGen: 2511015K(2664960K)->2536839K(2664960K)
[16.870s][info][gc,metaspace   ] GC(168) Metaspace: 6301K(6464K)->6301K(6464K) NonClass: 5768K(5824K)->5768K(5824K) Class: 533K(640K)->533K(640K)
[16.870s][info][gc             ] GC(168) Pause Young (Allocation Failure) 2502M->2502M(2754M) 43.265ms
[16.870s][info][gc,cpu         ] GC(168) User=0.08s Sys=0.17s Real=0.04s
[16.901s][info][gc,start       ] GC(169) Pause Young (Allocation Failure)
[16.943s][info][gc,heap        ] GC(169) PSYoungGen: 54400K(155136K)->28832K(57856K) Eden: 28672K(28672K)->0K(28672K) From: 25728K(126464K)->28832K(29184K)
[16.943s][info][gc,heap        ] GC(169) ParOldGen: 2536839K(2664960K)->2562679K(2664960K)
[16.943s][info][gc,metaspace   ] GC(169) Metaspace: 6301K(6464K)->6301K(6464K) NonClass: 5768K(5824K)->5768K(5824K) Class: 533K(640K)->533K(640K)
[16.943s][info][gc             ] GC(169) Pause Young (Allocation Failure) 2530M->2530M(2659M) 41.992ms
[16.943s][info][gc,cpu         ] GC(169) User=0.22s Sys=0.14s Real=0.04s
[16.976s][info][gc,start       ] GC(170) Pause Young (Allocation Failure)
[17.020s][info][gc,heap        ] GC(170) PSYoungGen: 57504K(57856K)->28800K(146432K) Eden: 28672K(28672K)->0K(32256K) From: 28832K(29184K)->28800K(114176K)
[17.020s][info][gc,heap        ] GC(170) ParOldGen: 2562679K(2664960K)->2591599K(2664960K)
[17.020s][info][gc,metaspace   ] GC(170) Metaspace: 6301K(6464K)->6301K(6464K) NonClass: 5768K(5824K)->5768K(5824K) Class: 533K(640K)->533K(640K)
[17.020s][info][gc             ] GC(170) Pause Young (Allocation Failure) 2558M->2558M(2745M) 44.060ms
[17.020s][info][gc,cpu         ] GC(170) User=0.11s Sys=0.16s Real=0.04s
[17.058s][info][gc,start       ] GC(171) Pause Young (Allocation Failure)
[17.102s][info][gc,heap        ] GC(171) PSYoungGen: 61056K(146432K)->32384K(65024K) Eden: 32256K(32256K)->0K(32256K) From: 28800K(114176K)->32384K(32768K)
[17.102s][info][gc,heap        ] GC(171) ParOldGen: 2591599K(2664960K)->2620527K(2664960K)
[17.102s][info][gc,metaspace   ] GC(171) Metaspace: 6301K(6464K)->6301K(6464K) NonClass: 5768K(5824K)->5768K(5824K) Class: 533K(640K)->533K(640K)
[17.102s][info][gc             ] GC(171) Pause Young (Allocation Failure) 2590M->2590M(2666M) 44.557ms
[17.102s][info][gc,cpu         ] GC(171) User=0.12s Sys=0.25s Real=0.05s
[17.102s][info][gc,start       ] GC(172) Pause Full (Ergonomics)
[17.102s][info][gc,phases,start] GC(172) Marking Phase
[17.683s][info][gc,phases      ] GC(172) Marking Phase 580.318ms
[17.683s][info][gc,phases,start] GC(172) Summary Phase
[17.683s][info][gc,phases      ] GC(172) Summary Phase 0.059ms
[17.683s][info][gc,phases,start] GC(172) Adjust Roots
[17.683s][info][gc,phases      ] GC(172) Adjust Roots 0.157ms
[17.683s][info][gc,phases,start] GC(172) Compaction Phase
[17.905s][info][gc,phases      ] GC(172) Compaction Phase 221.516ms
[17.905s][info][gc,phases,start] GC(172) Post Compact
[17.909s][info][gc,phases      ] GC(172) Post Compact 4.469ms
[17.911s][info][gc,heap        ] GC(172) PSYoungGen: 32384K(65024K)->0K(150528K) Eden: 0K(32256K)->0K(36352K) From: 32384K(32768K)->0K(114176K)
[17.911s][info][gc,heap        ] GC(172) ParOldGen: 2620527K(2664960K)->2650767K(2889728K)
[17.911s][info][gc,metaspace   ] GC(172) Metaspace: 6301K(6464K)->6301K(6464K) NonClass: 5768K(5824K)->5768K(5824K) Class: 533K(640K)->533K(640K)
[17.911s][info][gc             ] GC(172) Pause Full (Ergonomics) 2590M->2588M(2969M) 808.662ms
[17.911s][info][gc,cpu         ] GC(172) User=6.14s Sys=0.06s Real=0.81s
[17.965s][info][gc,start       ] GC(173) Pause Young (Allocation Failure)
[17.993s][info][gc,heap        ] GC(173) PSYoungGen: 36352K(150528K)->36544K(73216K) Eden: 36352K(36352K)->0K(36352K) From: 0K(114176K)->36544K(36864K)
[17.993s][info][gc,heap        ] GC(173) ParOldGen: 2650767K(2889728K)->2650767K(2889728K)
[17.994s][info][gc,metaspace   ] GC(173) Metaspace: 6301K(6464K)->6301K(6464K) NonClass: 5768K(5824K)->5768K(5824K) Class: 533K(640K)->533K(640K)
[17.994s][info][gc             ] GC(173) Pause Young (Allocation Failure) 2624M->2624M(2893M) 28.848ms
[17.994s][info][gc,cpu         ] GC(173) User=0.12s Sys=0.00s Real=0.03s
[18.036s][info][gc,start       ] GC(174) Pause Young (Allocation Failure)
[18.077s][info][gc,heap        ] GC(174) PSYoungGen: 72896K(73216K)->72960K(141824K) Eden: 36352K(36352K)->0K(34304K) From: 36544K(36864K)->72960K(107520K)
[18.077s][info][gc,heap        ] GC(174) ParOldGen: 2650767K(2889728K)->2650767K(2889728K)
[18.077s][info][gc,metaspace   ] GC(174) Metaspace: 6301K(6464K)->6301K(6464K) NonClass: 5768K(5824K)->5768K(5824K) Class: 533K(640K)->533K(640K)
[18.077s][info][gc             ] GC(174) Pause Young (Allocation Failure) 2659M->2659M(2960M) 40.319ms
[18.077s][info][gc,cpu         ] GC(174) User=0.25s Sys=0.00s Real=0.04s
[18.113s][info][gc,start       ] GC(175) Pause Young (Allocation Failure)
[18.167s][info][gc,heap        ] GC(175) PSYoungGen: 107264K(141824K)->107232K(147456K) Eden: 34304K(34304K)->0K(34304K) From: 72960K(107520K)->107232K(113152K)
[18.167s][info][gc,heap        ] GC(175) ParOldGen: 2650767K(2889728K)->2650767K(2889728K)
[18.167s][info][gc,metaspace   ] GC(175) Metaspace: 6301K(6464K)->6301K(6464K) NonClass: 5768K(5824K)->5768K(5824K) Class: 533K(640K)->533K(640K)
[18.167s][info][gc             ] GC(175) Pause Young (Allocation Failure) 2693M->2693M(2966M) 53.835ms
[18.167s][info][gc,cpu         ] GC(175) User=0.28s Sys=0.00s Real=0.06s
[18.204s][info][gc,start       ] GC(176) Pause Young (Allocation Failure)
[18.297s][info][gc,heap        ] GC(176) PSYoungGen: 141536K(147456K)->129536K(141312K) Eden: 34304K(34304K)->0K(11776K) From: 107232K(113152K)->129536K(129536K)
[18.297s][info][gc,heap        ] GC(176) ParOldGen: 2650767K(2889728K)->2662823K(2889728K)
[18.297s][info][gc,metaspace   ] GC(176) Metaspace: 6301K(6464K)->6301K(6464K) NonClass: 5768K(5824K)->5768K(5824K) Class: 533K(640K)->533K(640K)
[18.297s][info][gc             ] GC(176) Pause Young (Allocation Failure) 2726M->2726M(2960M) 92.526ms
[18.297s][info][gc,cpu         ] GC(176) User=0.36s Sys=0.27s Real=0.09s
[18.310s][info][gc,start       ] GC(177) Pause Young (Allocation Failure)
[18.417s][info][gc,heap        ] GC(177) PSYoungGen: 141312K(141312K)->73952K(86016K) Eden: 11776K(11776K)->0K(11776K) From: 129536K(129536K)->73952K(74240K)
[18.417s][info][gc,heap        ] GC(177) ParOldGen: 2662823K(2889728K)->2730879K(2889728K)
[18.417s][info][gc,metaspace   ] GC(177) Metaspace: 6301K(6464K)->6301K(6464K) NonClass: 5768K(5824K)->5768K(5824K) Class: 533K(640K)->533K(640K)
[18.417s][info][gc             ] GC(177) Pause Young (Allocation Failure) 2738M->2739M(2906M) 107.481ms
[18.417s][info][gc,cpu         ] GC(177) User=0.47s Sys=0.28s Real=0.11s
[18.431s][info][gc,start       ] GC(178) Pause Young (Allocation Failure)
[18.517s][info][gc,heap        ] GC(178) PSYoungGen: 85728K(86016K)->23680K(159232K) Eden: 11776K(11776K)->0K(13824K) From: 73952K(74240K)->23680K(145408K)
[18.518s][info][gc,heap        ] GC(178) ParOldGen: 2730879K(2889728K)->2793367K(2889728K)
[18.518s][info][gc,metaspace   ] GC(178) Metaspace: 6301K(6464K)->6301K(6464K) NonClass: 5768K(5824K)->5768K(5824K) Class: 533K(640K)->533K(640K)
[18.518s][info][gc             ] GC(178) Pause Young (Allocation Failure) 2750M->2751M(2977M) 86.699ms
[18.518s][info][gc,cpu         ] GC(178) User=0.28s Sys=0.44s Real=0.09s
[18.535s][info][gc,start       ] GC(179) Pause Young (Allocation Failure)
[18.574s][info][gc,heap        ] GC(179) PSYoungGen: 37504K(159232K)->13920K(162304K) Eden: 13824K(13824K)->0K(13824K) From: 23680K(145408K)->13920K(148480K)
[18.574s][info][gc,heap        ] GC(179) ParOldGen: 2793367K(2889728K)->2817111K(2889728K)
[18.574s][info][gc,metaspace   ] GC(179) Metaspace: 6301K(6464K)->6301K(6464K) NonClass: 5768K(5824K)->5768K(5824K) Class: 533K(640K)->533K(640K)
[18.574s][info][gc             ] GC(179) Pause Young (Allocation Failure) 2764M->2764M(2980M) 38.880ms
[18.574s][info][gc,cpu         ] GC(179) User=0.09s Sys=0.16s Real=0.04s
[19.306s][info][gc,start       ] GC(180) Pause Young (Allocation Failure)
[19.399s][info][gc,heap        ] GC(180) PSYoungGen: 27744K(162304K)->13888K(156160K) Eden: 13824K(13824K)->0K(15872K) From: 13920K(148480K)->13888K(140288K)
[19.399s][info][gc,heap        ] GC(180) ParOldGen: 2948183K(3021312K)->2962135K(3021312K)
[19.399s][info][gc,metaspace   ] GC(180) Metaspace: 6301K(6464K)->6301K(6464K) NonClass: 5768K(5824K)->5768K(5824K) Class: 533K(640K)->533K(640K)
[19.399s][info][gc             ] GC(180) Pause Young (Allocation Failure) 2906M->2906M(3103M) 92.547ms
[19.399s][info][gc,cpu         ] GC(180) User=0.50s Sys=0.00s Real=0.09s
[19.399s][info][gc,start       ] GC(181) Pause Full (Ergonomics)
[19.399s][info][gc,phases,start] GC(181) Marking Phase
[20.010s][info][gc,phases      ] GC(181) Marking Phase 611.400ms
[20.011s][info][gc,phases,start] GC(181) Summary Phase
[20.011s][info][gc,phases      ] GC(181) Summary Phase 0.071ms
[20.011s][info][gc,phases,start] GC(181) Adjust Roots
[20.011s][info][gc,phases      ] GC(181) Adjust Roots 0.180ms
[20.011s][info][gc,phases,start] GC(181) Compaction Phase
[20.471s][info][gc,phases      ] GC(181) Compaction Phase 460.240ms
[20.471s][info][gc,phases,start] GC(181) Post Compact
[20.477s][info][gc,phases      ] GC(181) Post Compact 5.690ms
[20.477s][info][gc,heap        ] GC(181) PSYoungGen: 13888K(156160K)->0K(159744K) Eden: 0K(15872K)->0K(15872K) From: 13888K(140288K)->0K(143872K)
[20.478s][info][gc,heap        ] GC(181) ParOldGen: 2962135K(3021312K)->2908575K(3182080K)
[20.478s][info][gc,metaspace   ] GC(181) Metaspace: 6301K(6464K)->6301K(6464K) NonClass: 5768K(5824K)->5768K(5824K) Class: 533K(640K)->533K(640K)
[20.478s][info][gc             ] GC(181) Pause Full (Ergonomics) 2906M->2840M(3263M) 1078.527ms
[20.478s][info][gc,cpu         ] GC(181) User=7.58s Sys=0.03s Real=1.08s
[20.497s][info][gc,start       ] GC(182) Pause Young (Allocation Failure)
[20.528s][info][gc,heap        ] GC(182) PSYoungGen: 15872K(159744K)->15968K(154624K) Eden: 15872K(15872K)->0K(17920K) From: 0K(143872K)->15968K(136704K)
[20.528s][info][gc,heap        ] GC(182) ParOldGen: 2908575K(3182080K)->2908575K(3182080K)
[20.528s][info][gc,metaspace   ] GC(182) Metaspace: 6301K(6464K)->6301K(6464K) NonClass: 5768K(5824K)->5768K(5824K) Class: 533K(640K)->533K(640K)
[20.528s][info][gc             ] GC(182) Pause Young (Allocation Failure) 2855M->2855M(3258M) 30.727ms
[20.528s][info][gc,cpu         ] GC(182) User=0.03s Sys=0.00s Real=0.03s
[20.548s][info][gc,start       ] GC(183) Pause Young (Allocation Failure)
[20.585s][info][gc,heap        ] GC(183) PSYoungGen: 33888K(154624K)->33920K(52224K) Eden: 17920K(17920K)->0K(17920K) From: 15968K(136704K)->33920K(34304K)
[20.586s][info][gc,heap        ] GC(183) ParOldGen: 2908575K(3182080K)->2908575K(3182080K)
[20.586s][info][gc,metaspace   ] GC(183) Metaspace: 6301K(6464K)->6301K(6464K) NonClass: 5768K(5824K)->5768K(5824K) Class: 533K(640K)->533K(640K)
[20.586s][info][gc             ] GC(183) Pause Young (Allocation Failure) 2873M->2873M(3158M) 37.732ms
[20.586s][info][gc,cpu         ] GC(183) User=0.05s Sys=0.00s Real=0.04s
[20.604s][info][gc,start       ] GC(184) Pause Young (Allocation Failure)
[20.645s][info][gc,heap        ] GC(184) PSYoungGen: 51840K(52224K)->36000K(138240K) Eden: 17920K(17920K)->0K(19968K) From: 33920K(34304K)->36000K(118272K)
[20.645s][info][gc,heap        ] GC(184) ParOldGen: 2908575K(3182080K)->2924591K(3182080K)
[20.645s][info][gc,metaspace   ] GC(184) Metaspace: 6301K(6464K)->6301K(6464K) NonClass: 5768K(5824K)->5768K(5824K) Class: 533K(640K)->533K(640K)
[20.645s][info][gc             ] GC(184) Pause Young (Allocation Failure) 2891M->2891M(3242M) 40.820ms
[20.645s][info][gc,cpu         ] GC(184) User=0.08s Sys=0.00s Real=0.04s
[20.668s][info][gc,start       ] GC(185) Pause Young (Allocation Failure)
[20.717s][info][gc,heap        ] GC(185) PSYoungGen: 55968K(138240K)->38016K(58368K) Eden: 19968K(19968K)->0K(19968K) From: 36000K(118272K)->38016K(38400K)
[20.717s][info][gc,heap        ] GC(185) ParOldGen: 2924591K(3182080K)->2942663K(3182080K)
[20.717s][info][gc,metaspace   ] GC(185) Metaspace: 6301K(6464K)->6301K(6464K) NonClass: 5768K(5824K)->5768K(5824K) Class: 533K(640K)->533K(640K)
[20.717s][info][gc             ] GC(185) Pause Young (Allocation Failure) 2910M->2910M(3164M) 49.526ms
[20.717s][info][gc,cpu         ] GC(185) User=0.05s Sys=0.00s Real=0.05s
[20.739s][info][gc,start       ] GC(186) Pause Young (Allocation Failure)
[20.783s][info][gc,heap        ] GC(186) PSYoungGen: 57984K(58368K)->40064K(126976K) Eden: 19968K(19968K)->0K(22528K) From: 38016K(38400K)->40064K(104448K)
[20.784s][info][gc,heap        ] GC(186) ParOldGen: 2942663K(3182080K)->2960743K(3182080K)
[20.784s][info][gc,metaspace   ] GC(186) Metaspace: 6301K(6464K)->6301K(6464K) NonClass: 5768K(5824K)->5768K(5824K) Class: 533K(640K)->533K(640K)
[20.784s][info][gc             ] GC(186) Pause Young (Allocation Failure) 2930M->2930M(3231M) 45.052ms
[20.784s][info][gc,cpu         ] GC(186) User=0.06s Sys=0.00s Real=0.05s
[20.802s][info][gc,start       ] GC(187) Pause Young (Allocation Failure)
[20.850s][info][gc,heap        ] GC(187) PSYoungGen: 62592K(126976K)->22720K(45568K) Eden: 22528K(22528K)->0K(22528K) From: 40064K(104448K)->22720K(23040K)
[20.850s][info][gc,heap        ] GC(187) ParOldGen: 2960743K(3182080K)->3001023K(3182080K)
[20.850s][info][gc,metaspace   ] GC(187) Metaspace: 6301K(6464K)->6301K(6464K) NonClass: 5768K(5824K)->5768K(5824K) Class: 533K(640K)->533K(640K)
[20.850s][info][gc             ] GC(187) Pause Young (Allocation Failure) 2952M->2952M(3152M) 47.936ms
[20.850s][info][gc,cpu         ] GC(187) User=0.06s Sys=0.00s Real=0.05s
[20.872s][info][gc,start       ] GC(188) Pause Young (Allocation Failure)
[20.914s][info][gc,heap        ] GC(188) PSYoungGen: 45248K(45568K)->22688K(125952K) Eden: 22528K(22528K)->0K(25600K) From: 22720K(23040K)->22688K(100352K)
[20.914s][info][gc,heap        ] GC(188) ParOldGen: 3001023K(3182080K)->3023775K(3182080K)
[20.914s][info][gc,metaspace   ] GC(188) Metaspace: 6301K(6464K)->6301K(6464K) NonClass: 5768K(5824K)->5768K(5824K) Class: 533K(640K)->533K(640K)
[20.914s][info][gc             ] GC(188) Pause Young (Allocation Failure) 2974M->2975M(3230M) 42.785ms
[20.914s][info][gc,cpu         ] GC(188) User=0.05s Sys=0.00s Real=0.04s
[20.939s][info][gc,start       ] GC(189) Pause Young (Allocation Failure)
[20.982s][info][gc,heap        ] GC(189) PSYoungGen: 48288K(125952K)->25696K(51712K) Eden: 25600K(25600K)->0K(25600K) From: 22688K(100352K)->25696K(26112K)
[20.982s][info][gc,heap        ] GC(189) ParOldGen: 3023775K(3182080K)->3046511K(3182080K)
[20.982s][info][gc,metaspace   ] GC(189) Metaspace: 6301K(6464K)->6301K(6464K) NonClass: 5768K(5824K)->5768K(5824K) Class: 533K(640K)->533K(640K)
[20.982s][info][gc             ] GC(189) Pause Young (Allocation Failure) 3000M->3000M(3158M) 43.749ms
[20.982s][info][gc,cpu         ] GC(189) User=0.05s Sys=0.00s Real=0.04s
[21.006s][info][gc,start       ] GC(190) Pause Young (Allocation Failure)
[21.047s][info][gc,heap        ] GC(190) PSYoungGen: 51296K(51712K)->25728K(120832K) Eden: 25600K(25600K)->0K(29184K) From: 25696K(26112K)->25728K(91648K)
[21.047s][info][gc,heap        ] GC(190) ParOldGen: 3046511K(3182080K)->3072359K(3182080K)
[21.047s][info][gc,metaspace   ] GC(190) Metaspace: 6301K(6464K)->6301K(6464K) NonClass: 5768K(5824K)->5768K(5824K) Class: 533K(640K)->533K(640K)
[21.047s][info][gc             ] GC(190) Pause Young (Allocation Failure) 3025M->3025M(3225M) 40.366ms
[21.047s][info][gc,cpu         ] GC(190) User=0.05s Sys=0.02s Real=0.04s
[21.073s][info][gc,start       ] GC(191) Pause Young (Allocation Failure)
[21.117s][info][gc,heap        ] GC(191) PSYoungGen: 54912K(120832K)->29344K(58880K) Eden: 29184K(29184K)->0K(29184K) From: 25728K(91648K)->29344K(29696K)
[21.117s][info][gc,heap        ] GC(191) ParOldGen: 3072359K(3182080K)->3098199K(3182080K)
[21.117s][info][gc,metaspace   ] GC(191) Metaspace: 6301K(6464K)->6301K(6464K) NonClass: 5768K(5824K)->5768K(5824K) Class: 533K(640K)->533K(640K)
[21.117s][info][gc             ] GC(191) Pause Young (Allocation Failure) 3053M->3054M(3165M) 43.915ms
[21.117s][info][gc,cpu         ] GC(191) User=0.09s Sys=0.00s Real=0.04s
[21.147s][info][gc,start       ] GC(192) Pause Young (Allocation Failure)
[21.194s][info][gc,heap        ] GC(192) PSYoungGen: 58528K(58880K)->29344K(115712K) Eden: 29184K(29184K)->0K(33280K) From: 29344K(29696K)->29344K(82432K)
[21.194s][info][gc,heap        ] GC(192) ParOldGen: 3098199K(3182080K)->3127663K(3182080K)
[21.194s][info][gc,metaspace   ] GC(192) Metaspace: 6301K(6464K)->6301K(6464K) NonClass: 5768K(5824K)->5768K(5824K) Class: 533K(640K)->533K(640K)
[21.194s][info][gc             ] GC(192) Pause Young (Allocation Failure) 3082M->3083M(3220M) 47.208ms
[21.194s][info][gc,cpu         ] GC(192) User=0.08s Sys=0.00s Real=0.05s
[21.229s][info][gc,start       ] GC(193) Pause Young (Allocation Failure)
[21.278s][info][gc,heap        ] GC(193) PSYoungGen: 62624K(115712K)->33472K(67072K) Eden: 33280K(33280K)->0K(33280K) From: 29344K(82432K)->33472K(33792K)
[21.278s][info][gc,heap        ] GC(193) ParOldGen: 3127663K(3182080K)->3157127K(3182080K)
[21.278s][info][gc,metaspace   ] GC(193) Metaspace: 6301K(6464K)->6301K(6464K) NonClass: 5768K(5824K)->5768K(5824K) Class: 533K(640K)->533K(640K)
[21.278s][info][gc             ] GC(193) Pause Young (Allocation Failure) 3115M->3115M(3173M) 49.010ms
[21.278s][info][gc,cpu         ] GC(193) User=0.16s Sys=0.02s Real=0.05s
[21.278s][info][gc,start       ] GC(194) Pause Full (Ergonomics)
[21.278s][info][gc,phases,start] GC(194) Marking Phase
[22.001s][info][gc,phases      ] GC(194) Marking Phase 722.085ms
[22.001s][info][gc,phases,start] GC(194) Summary Phase
[22.001s][info][gc,phases      ] GC(194) Summary Phase 0.051ms
[22.001s][info][gc,phases,start] GC(194) Adjust Roots
[22.001s][info][gc,phases      ] GC(194) Adjust Roots 0.193ms
[22.001s][info][gc,phases,start] GC(194) Compaction Phase
[22.319s][info][gc,phases      ] GC(194) Compaction Phase 317.736ms
[22.319s][info][gc,phases,start] GC(194) Post Compact
[22.325s][info][gc,phases      ] GC(194) Post Compact 5.832ms
[22.326s][info][gc,heap        ] GC(194) PSYoungGen: 33472K(67072K)->6163K(67072K) Eden: 0K(33280K)->0K(33280K) From: 33472K(33792K)->6163K(33792K)
[22.326s][info][gc,heap        ] GC(194) ParOldGen: 3157127K(3182080K)->3181584K(3461632K)
[22.326s][info][gc,metaspace   ] GC(194) Metaspace: 6301K(6464K)->6301K(6464K) NonClass: 5768K(5824K)->5768K(5824K) Class: 533K(640K)->533K(640K)
[22.326s][info][gc             ] GC(194) Pause Full (Ergonomics) 3115M->3113M(3446M) 1047.591ms
[22.326s][info][gc,cpu         ] GC(194) User=7.42s Sys=0.03s Real=1.05s
[22.361s][info][gc,start       ] GC(195) Pause Young (Allocation Failure)
[22.521s][info][gc,heap        ] GC(195) PSYoungGen: 39443K(67072K)->33440K(109568K) Eden: 33280K(33280K)->0K(36864K) From: 6163K(33792K)->33440K(72704K)
[22.521s][info][gc,heap        ] GC(195) ParOldGen: 3181584K(3461632K)->3187824K(3461632K)
[22.521s][info][gc,metaspace   ] GC(195) Metaspace: 6301K(6464K)->6301K(6464K) NonClass: 5768K(5824K)->5768K(5824K) Class: 533K(640K)->533K(640K)
[22.521s][info][gc             ] GC(195) Pause Young (Allocation Failure) 3145M->3145M(3487M) 159.781ms
[22.521s][info][gc,cpu         ] GC(195) User=0.92s Sys=0.00s Real=0.16s
[22.558s][info][gc,start       ] GC(196) Pause Young (Allocation Failure)
[22.612s][info][gc,heap        ] GC(196) PSYoungGen: 70304K(109568K)->37024K(114176K) Eden: 36864K(36864K)->0K(36864K) From: 33440K(72704K)->37024K(77312K)
[22.612s][info][gc,heap        ] GC(196) ParOldGen: 3187824K(3461632K)->3221408K(3461632K)
[22.612s][info][gc,metaspace   ] GC(196) Metaspace: 6301K(6464K)->6301K(6464K) NonClass: 5768K(5824K)->5768K(5824K) Class: 533K(640K)->533K(640K)
[22.612s][info][gc             ] GC(196) Pause Young (Allocation Failure) 3181M->3182M(3492M) 53.756ms
[22.612s][info][gc,cpu         ] GC(196) User=0.11s Sys=0.03s Real=0.05s
[22.647s][info][gc,start       ] GC(197) Pause Young (Allocation Failure)
[22.702s][info][gc,heap        ] GC(197) PSYoungGen: 73888K(114176K)->37024K(109568K) Eden: 36864K(36864K)->0K(41472K) From: 37024K(77312K)->37024K(68096K)
[22.702s][info][gc,heap        ] GC(197) ParOldGen: 3221408K(3461632K)->3258608K(3461632K)
[22.702s][info][gc,metaspace   ] GC(197) Metaspace: 6301K(6464K)->6301K(6464K) NonClass: 5768K(5824K)->5768K(5824K) Class: 533K(640K)->533K(640K)
[22.702s][info][gc             ] GC(197) Pause Young (Allocation Failure) 3218M->3218M(3487M) 55.013ms
[22.702s][info][gc,cpu         ] GC(197) User=0.19s Sys=0.00s Real=0.05s
[22.746s][info][gc,start       ] GC(198) Pause Young (Allocation Failure)
[22.809s][info][gc,heap        ] GC(198) PSYoungGen: 78496K(109568K)->41664K(112128K) Eden: 41472K(41472K)->0K(41472K) From: 37024K(68096K)->41664K(70656K)
[22.809s][info][gc,heap        ] GC(198) ParOldGen: 3258608K(3461632K)->3295808K(3461632K)
[22.809s][info][gc,metaspace   ] GC(198) Metaspace: 6301K(6464K)->6301K(6464K) NonClass: 5768K(5824K)->5768K(5824K) Class: 533K(640K)->533K(640K)
[22.809s][info][gc             ] GC(198) Pause Young (Allocation Failure) 3258M->3259M(3490M) 62.733ms
[22.809s][info][gc,cpu         ] GC(198) User=0.23s Sys=0.03s Real=0.06s
[22.852s][info][gc,start       ] GC(199) Pause Young (Allocation Failure)
[22.913s][info][gc,heap        ] GC(199) PSYoungGen: 83136K(112128K)->41664K(114176K) Eden: 41472K(41472K)->0K(46592K) From: 41664K(70656K)->41664K(67584K)
[22.913s][info][gc,heap        ] GC(199) ParOldGen: 3295808K(3461632K)->3337656K(3461632K)
[22.914s][info][gc,metaspace   ] GC(199) Metaspace: 6301K(6464K)->6301K(6464K) NonClass: 5768K(5824K)->5768K(5824K) Class: 533K(640K)->533K(640K)
[22.914s][info][gc             ] GC(199) Pause Young (Allocation Failure) 3299M->3300M(3492M) 61.081ms
[22.914s][info][gc,cpu         ] GC(199) User=0.27s Sys=0.00s Real=0.06s
[22.963s][info][gc,start       ] GC(200) Pause Young (Allocation Failure)
[23.025s][info][gc,heap        ] GC(200) PSYoungGen: 88256K(114176K)->46784K(115200K) Eden: 46592K(46592K)->0K(46592K) From: 41664K(67584K)->46784K(68608K)
[23.025s][info][gc,heap        ] GC(200) ParOldGen: 3337656K(3461632K)->3379496K(3461632K)
[23.025s][info][gc,metaspace   ] GC(200) Metaspace: 6301K(6464K)->6301K(6464K) NonClass: 5768K(5824K)->5768K(5824K) Class: 533K(640K)->533K(640K)
[23.025s][info][gc             ] GC(200) Pause Young (Allocation Failure) 3345M->3345M(3493M) 61.439ms
[23.025s][info][gc,cpu         ] GC(200) User=0.31s Sys=0.02s Real=0.06s
[23.076s][info][gc,start       ] GC(201) Pause Young (Allocation Failure)
[23.138s][info][gc,heap        ] GC(201) PSYoungGen: 93376K(115200K)->46816K(120832K) Eden: 46592K(46592K)->0K(51712K) From: 46784K(68608K)->46816K(69120K)
[23.138s][info][gc,heap        ] GC(201) ParOldGen: 3379496K(3461632K)->3426520K(3461632K)
[23.138s][info][gc,metaspace   ] GC(201) Metaspace: 6301K(6464K)->6301K(6464K) NonClass: 5768K(5824K)->5768K(5824K) Class: 533K(640K)->533K(640K)
[23.138s][info][gc             ] GC(201) Pause Young (Allocation Failure) 3391M->3391M(3498M) 62.218ms
[23.138s][info][gc,cpu         ] GC(201) User=0.25s Sys=0.02s Real=0.06s
[23.138s][info][gc,start       ] GC(202) Pause Full (Ergonomics)
[23.138s][info][gc,phases,start] GC(202) Marking Phase
[23.883s][info][gc,phases      ] GC(202) Marking Phase 744.728ms
[23.883s][info][gc,phases,start] GC(202) Summary Phase
[23.883s][info][gc,phases      ] GC(202) Summary Phase 0.052ms
[23.883s][info][gc,phases,start] GC(202) Adjust Roots
[23.883s][info][gc,phases      ] GC(202) Adjust Roots 0.201ms
[23.883s][info][gc,phases,start] GC(202) Compaction Phase
[24.210s][info][gc,phases      ] GC(202) Compaction Phase 326.697ms
[24.210s][info][gc,phases,start] GC(202) Post Compact
[24.216s][info][gc,phases      ] GC(202) Post Compact 6.304ms
[24.218s][info][gc,heap        ] GC(202) PSYoungGen: 46816K(120832K)->9263K(120832K) Eden: 0K(51712K)->0K(51712K) From: 46816K(69120K)->9263K(69120K)
[24.218s][info][gc,heap        ] GC(202) ParOldGen: 3426520K(3461632K)->3461410K(3783680K)
[24.218s][info][gc,metaspace   ] GC(202) Metaspace: 6301K(6464K)->6301K(6464K) NonClass: 5768K(5824K)->5768K(5824K) Class: 533K(640K)->533K(640K)
[24.218s][info][gc             ] GC(202) Pause Full (Ergonomics) 3391M->3389M(3813M) 1079.643ms
[24.218s][info][gc,cpu         ] GC(202) User=7.88s Sys=0.03s Real=1.08s
[24.264s][info][gc,start       ] GC(203) Pause Young (Allocation Failure)
[24.437s][info][gc,heap        ] GC(203) PSYoungGen: 60975K(120832K)->51904K(121344K) Eden: 51712K(51712K)->0K(51712K) From: 9263K(69120K)->51904K(69632K)
[24.437s][info][gc,heap        ] GC(203) ParOldGen: 3461410K(3783680K)->3470786K(3783680K)
[24.437s][info][gc,metaspace   ] GC(203) Metaspace: 6301K(6464K)->6301K(6464K) NonClass: 5768K(5824K)->5768K(5824K) Class: 533K(640K)->533K(640K)
[24.437s][info][gc             ] GC(203) Pause Young (Allocation Failure) 3439M->3440M(3813M) 172.773ms
[24.437s][info][gc,cpu         ] GC(203) User=1.00s Sys=0.00s Real=0.17s
[24.488s][info][gc,start       ] GC(204) Pause Young (Allocation Failure)
[24.550s][info][gc,heap        ] GC(204) PSYoungGen: 103616K(121344K)->71168K(107008K) Eden: 51712K(51712K)->0K(35840K) From: 51904K(69632K)->71168K(71168K)
[24.551s][info][gc,heap        ] GC(204) ParOldGen: 3470786K(3783680K)->3503450K(3783680K)
[24.551s][info][gc,metaspace   ] GC(204) Metaspace: 6301K(6464K)->6301K(6464K) NonClass: 5768K(5824K)->5768K(5824K) Class: 533K(640K)->533K(640K)
[24.551s][info][gc             ] GC(204) Pause Young (Allocation Failure) 3490M->3490M(3799M) 62.206ms
[24.551s][info][gc,cpu         ] GC(204) User=0.27s Sys=0.00s Real=0.06s
[24.587s][info][gc,start       ] GC(205) Pause Young (Allocation Failure)
[24.656s][info][gc,heap        ] GC(205) PSYoungGen: 107008K(107008K)->36000K(128000K) Eden: 35840K(35840K)->0K(35840K) From: 71168K(71168K)->36000K(92160K)
[24.656s][info][gc,heap        ] GC(205) ParOldGen: 3503450K(3783680K)->3575146K(3783680K)
[24.656s][info][gc,metaspace   ] GC(205) Metaspace: 6301K(6464K)->6301K(6464K) NonClass: 5768K(5824K)->5768K(5824K) Class: 533K(640K)->533K(640K)
[24.656s][info][gc             ] GC(205) Pause Young (Allocation Failure) 3525M->3526M(3820M) 68.626ms
[24.656s][info][gc,cpu         ] GC(205) User=0.34s Sys=0.06s Real=0.07s
[24.695s][info][gc,start       ] GC(206) Pause Young (Allocation Failure)
[24.753s][info][gc,heap        ] GC(206) PSYoungGen: 71840K(128000K)->36000K(122880K) Eden: 35840K(35840K)->0K(39936K) From: 36000K(92160K)->36000K(82944K)
[24.753s][info][gc,heap        ] GC(206) ParOldGen: 3575146K(3783680K)->3611322K(3783680K)
[24.753s][info][gc,metaspace   ] GC(206) Metaspace: 6301K(6464K)->6301K(6464K) NonClass: 5768K(5824K)->5768K(5824K) Class: 533K(640K)->533K(640K)
[24.753s][info][gc             ] GC(206) Pause Young (Allocation Failure) 3561M->3561M(3815M) 57.889ms
[24.753s][info][gc,cpu         ] GC(206) User=0.20s Sys=0.00s Real=0.06s
[24.799s][info][gc,start       ] GC(207) Pause Young (Allocation Failure)
[24.856s][info][gc,heap        ] GC(207) PSYoungGen: 75936K(122880K)->40128K(125952K) Eden: 39936K(39936K)->0K(39936K) From: 36000K(82944K)->40128K(86016K)
[24.856s][info][gc,heap        ] GC(207) ParOldGen: 3611322K(3783680K)->3647482K(3783680K)
[24.856s][info][gc,metaspace   ] GC(207) Metaspace: 6301K(6464K)->6301K(6464K) NonClass: 5768K(5824K)->5768K(5824K) Class: 533K(640K)->533K(640K)
[24.856s][info][gc             ] GC(207) Pause Young (Allocation Failure) 3600M->3601M(3818M) 57.256ms
[24.856s][info][gc,cpu         ] GC(207) User=0.12s Sys=0.03s Real=0.06s
[24.894s][info][gc,start       ] GC(208) Pause Young (Allocation Failure)
[24.954s][info][gc,heap        ] GC(208) PSYoungGen: 80064K(125952K)->40096K(120320K) Eden: 39936K(39936K)->0K(44544K) From: 40128K(86016K)->40096K(75776K)
[24.954s][info][gc,heap        ] GC(208) ParOldGen: 3647482K(3783680K)->3687786K(3783680K)
[24.954s][info][gc,metaspace   ] GC(208) Metaspace: 6301K(6464K)->6301K(6464K) NonClass: 5768K(5824K)->5768K(5824K) Class: 533K(640K)->533K(640K)
[24.954s][info][gc             ] GC(208) Pause Young (Allocation Failure) 3640M->3640M(3812M) 60.395ms
[24.954s][info][gc,cpu         ] GC(208) User=0.17s Sys=0.00s Real=0.06s
[25.000s][info][gc,start       ] GC(209) Pause Young (Allocation Failure)
[25.059s][info][gc,heap        ] GC(209) PSYoungGen: 84640K(120320K)->44736K(123904K) Eden: 44544K(44544K)->0K(44544K) From: 40096K(75776K)->44736K(79360K)
[25.059s][info][gc,heap        ] GC(209) ParOldGen: 3687786K(3783680K)->3728082K(3783680K)
[25.059s][info][gc,metaspace   ] GC(209) Metaspace: 6301K(6464K)->6301K(6464K) NonClass: 5768K(5824K)->5768K(5824K) Class: 533K(640K)->533K(640K)
[25.059s][info][gc             ] GC(209) Pause Young (Allocation Failure) 3684M->3684M(3816M) 59.787ms
[25.059s][info][gc,cpu         ] GC(209) User=0.23s Sys=0.03s Real=0.06s
[25.059s][info][gc,start       ] GC(210) Pause Full (Ergonomics)
[25.059s][info][gc,phases,start] GC(210) Marking Phase
[25.905s][info][gc,phases      ] GC(210) Marking Phase 846.020ms
[25.906s][info][gc,phases,start] GC(210) Summary Phase
[25.906s][info][gc,phases      ] GC(210) Summary Phase 0.063ms
[25.906s][info][gc,phases,start] GC(210) Adjust Roots
[25.906s][info][gc,phases      ] GC(210) Adjust Roots 0.162ms
[25.906s][info][gc,phases,start] GC(210) Compaction Phase
[26.253s][info][gc,phases      ] GC(210) Compaction Phase 346.718ms
[26.253s][info][gc,phases,start] GC(210) Post Compact
[26.260s][info][gc,phases      ] GC(210) Post Compact 6.991ms
[26.261s][info][gc,heap        ] GC(210) PSYoungGen: 44736K(123904K)->0K(126464K) Eden: 0K(44544K)->0K(50176K) From: 44736K(79360K)->0K(76288K)
[26.261s][info][gc,heap        ] GC(210) ParOldGen: 3728082K(3783680K)->3769982K(4124160K)
[26.261s][info][gc,metaspace   ] GC(210) Metaspace: 6301K(6464K)->6301K(6464K) NonClass: 5768K(5824K)->5768K(5824K) Class: 533K(640K)->533K(640K)
[26.261s][info][gc             ] GC(210) Pause Full (Ergonomics) 3684M->3681M(4151M) 1201.492ms
[26.261s][info][gc,cpu         ] GC(210) User=8.59s Sys=0.05s Real=1.20s
[26.308s][info][gc,start       ] GC(211) Pause Young (Allocation Failure)
[26.351s][info][gc,heap        ] GC(211) PSYoungGen: 50176K(126464K)->50400K(126464K) Eden: 50176K(50176K)->0K(50176K) From: 0K(76288K)->50400K(76288K)
[26.351s][info][gc,heap        ] GC(211) ParOldGen: 3769982K(4124160K)->3769982K(4124160K)
[26.351s][info][gc,metaspace   ] GC(211) Metaspace: 6301K(6464K)->6301K(6464K) NonClass: 5768K(5824K)->5768K(5824K) Class: 533K(640K)->533K(640K)
[26.351s][info][gc             ] GC(211) Pause Young (Allocation Failure) 3730M->3730M(4151M) 42.716ms
[26.351s][info][gc,cpu         ] GC(211) User=0.16s Sys=0.00s Real=0.04s
[26.407s][info][gc,start       ] GC(212) Pause Young (Allocation Failure)
[26.467s][info][gc,heap        ] GC(212) PSYoungGen: 100576K(126464K)->75776K(112640K) Eden: 50176K(50176K)->0K(36864K) From: 50400K(76288K)->75776K(75776K)
[26.467s][info][gc,heap        ] GC(212) ParOldGen: 3769982K(4124160K)->3794918K(4124160K)
[26.467s][info][gc,metaspace   ] GC(212) Metaspace: 6301K(6464K)->6301K(6464K) NonClass: 5768K(5824K)->5768K(5824K) Class: 533K(640K)->533K(640K)
[26.467s][info][gc             ] GC(212) Pause Young (Allocation Failure) 3779M->3779M(4137M) 60.579ms
[26.467s][info][gc,cpu         ] GC(212) User=0.16s Sys=0.00s Real=0.06s
[26.505s][info][gc,start       ] GC(213) Pause Young (Allocation Failure)
[26.580s][info][gc,heap        ] GC(213) PSYoungGen: 112640K(112640K)->37088K(130560K) Eden: 36864K(36864K)->0K(36864K) From: 75776K(75776K)->37088K(93696K)
[26.581s][info][gc,heap        ] GC(213) ParOldGen: 3794918K(4124160K)->3871246K(4124160K)
[26.581s][info][gc,metaspace   ] GC(213) Metaspace: 6301K(6464K)->6301K(6464K) NonClass: 5768K(5824K)->5768K(5824K) Class: 533K(640K)->533K(640K)
[26.581s][info][gc             ] GC(213) Pause Young (Allocation Failure) 3815M->3816M(4155M) 75.733ms
[26.581s][info][gc,cpu         ] GC(213) User=0.17s Sys=0.03s Real=0.08s
[26.618s][info][gc,start       ] GC(214) Pause Young (Allocation Failure)
[26.677s][info][gc,heap        ] GC(214) PSYoungGen: 73952K(130560K)->37024K(128000K) Eden: 36864K(36864K)->0K(40960K) From: 37088K(93696K)->37024K(87040K)
[26.677s][info][gc,heap        ] GC(214) ParOldGen: 3871246K(4124160K)->3908446K(4124160K)
[26.677s][info][gc,metaspace   ] GC(214) Metaspace: 6301K(6464K)->6301K(6464K) NonClass: 5768K(5824K)->5768K(5824K) Class: 533K(640K)->533K(640K)
[26.677s][info][gc             ] GC(214) Pause Young (Allocation Failure) 3852M->3852M(4152M) 58.948ms
[26.677s][info][gc,cpu         ] GC(214) User=0.14s Sys=0.02s Real=0.06s
[26.718s][info][gc,start       ] GC(215) Pause Young (Allocation Failure)
[26.769s][info][gc,heap        ] GC(215) PSYoungGen: 77984K(128000K)->41152K(130048K) Eden: 40960K(40960K)->0K(40960K) From: 37024K(87040K)->41152K(89088K)
[26.769s][info][gc,heap        ] GC(215) ParOldGen: 3908446K(4124160K)->3945638K(4124160K)
[26.769s][info][gc,metaspace   ] GC(215) Metaspace: 6301K(6464K)->6301K(6464K) NonClass: 5768K(5824K)->5768K(5824K) Class: 533K(640K)->533K(640K)
[26.769s][info][gc             ] GC(215) Pause Young (Allocation Failure) 3892M->3893M(4154M) 50.686ms
[26.769s][info][gc,cpu         ] GC(215) User=0.25s Sys=0.02s Real=0.05s
[26.810s][info][gc,start       ] GC(216) Pause Young (Allocation Failure)
[26.868s][info][gc,heap        ] GC(216) PSYoungGen: 82112K(130048K)->41216K(125440K) Eden: 40960K(40960K)->0K(45568K) From: 41152K(89088K)->41216K(79872K)
[26.868s][info][gc,heap        ] GC(216) ParOldGen: 3945638K(4124160K)->3986958K(4124160K)
[26.868s][info][gc,metaspace   ] GC(216) Metaspace: 6301K(6464K)->6301K(6464K) NonClass: 5768K(5824K)->5768K(5824K) Class: 533K(640K)->533K(640K)
[26.868s][info][gc             ] GC(216) Pause Young (Allocation Failure) 3933M->3933M(4150M) 57.331ms
[26.868s][info][gc,cpu         ] GC(216) User=0.22s Sys=0.03s Real=0.06s
[26.918s][info][gc,start       ] GC(217) Pause Young (Allocation Failure)
[26.977s][info][gc,heap        ] GC(217) PSYoungGen: 86784K(125440K)->45792K(128512K) Eden: 45568K(45568K)->0K(45568K) From: 41216K(79872K)->45792K(82944K)
[26.977s][info][gc,heap        ] GC(217) ParOldGen: 3986958K(4124160K)->4028286K(4124160K)
[26.977s][info][gc,metaspace   ] GC(217) Metaspace: 6301K(6464K)->6301K(6464K) NonClass: 5768K(5824K)->5768K(5824K) Class: 533K(640K)->533K(640K)
[26.977s][info][gc             ] GC(217) Pause Young (Allocation Failure) 3978M->3978M(4153M) 59.504ms
[26.977s][info][gc,cpu         ] GC(217) User=0.33s Sys=0.03s Real=0.06s
[27.030s][info][gc,start       ] GC(218) Pause Young (Allocation Failure)
[27.093s][info][gc,heap        ] GC(218) PSYoungGen: 91360K(128512K)->45760K(123904K) Eden: 45568K(45568K)->0K(50688K) From: 45792K(82944K)->45760K(73216K)
[27.093s][info][gc,heap        ] GC(218) ParOldGen: 4028286K(4124160K)->4074270K(4124160K)
[27.093s][info][gc,metaspace   ] GC(218) Metaspace: 6301K(6464K)->6301K(6464K) NonClass: 5768K(5824K)->5768K(5824K) Class: 533K(640K)->533K(640K)
[27.093s][info][gc             ] GC(218) Pause Young (Allocation Failure) 4023M->4023M(4148M) 63.275ms
[27.093s][info][gc,cpu         ] GC(218) User=0.22s Sys=0.02s Real=0.06s
[27.093s][info][gc,start       ] GC(219) Pause Full (Ergonomics)
[27.093s][info][gc,phases,start] GC(219) Marking Phase
[27.982s][info][gc,phases      ] GC(219) Marking Phase 888.902ms
[27.982s][info][gc,phases,start] GC(219) Summary Phase
[27.982s][info][gc,phases      ] GC(219) Summary Phase 0.079ms
[27.983s][info][gc,phases,start] GC(219) Adjust Roots
[27.983s][info][gc,phases      ] GC(219) Adjust Roots 0.166ms
[27.983s][info][gc,phases,start] GC(219) Compaction Phase
[28.328s][info][gc,phases      ] GC(219) Compaction Phase 345.616ms
[28.328s][info][gc,phases,start] GC(219) Post Compact
[28.334s][info][gc,phases      ] GC(219) Post Compact 5.894ms
[28.336s][info][gc,heap        ] GC(219) PSYoungGen: 45760K(123904K)->0K(126976K) Eden: 0K(50688K)->0K(50688K) From: 45760K(73216K)->0K(76288K)
[28.336s][info][gc,heap        ] GC(219) ParOldGen: 4074270K(4124160K)->4116869K(4504064K)
[28.336s][info][gc,metaspace   ] GC(219) Metaspace: 6301K(6464K)->6301K(6464K) NonClass: 5768K(5824K)->5768K(5824K) Class: 533K(640K)->533K(640K)
[28.336s][info][gc             ] GC(219) Pause Full (Ergonomics) 4023M->4020M(4522M) 1242.200ms
[28.336s][info][gc,cpu         ] GC(219) User=9.25s Sys=0.05s Real=1.24s
[28.389s][info][gc,start       ] GC(220) Pause Young (Allocation Failure)
[28.433s][info][gc,heap        ] GC(220) PSYoungGen: 50688K(126976K)->50880K(128512K) Eden: 50688K(50688K)->0K(55296K) From: 0K(76288K)->50880K(73216K)
[28.434s][info][gc,heap        ] GC(220) ParOldGen: 4116869K(4504064K)->4116869K(4504064K)
[28.434s][info][gc,metaspace   ] GC(220) Metaspace: 6301K(6464K)->6301K(6464K) NonClass: 5768K(5824K)->5768K(5824K) Class: 533K(640K)->533K(640K)
[28.434s][info][gc             ] GC(220) Pause Young (Allocation Failure) 4069M->4070M(4524M) 45.023ms
[28.434s][info][gc,cpu         ] GC(220) User=0.14s Sys=0.00s Real=0.05s
[28.487s][info][gc,start       ] GC(221) Pause Young (Allocation Failure)
[28.550s][info][gc,heap        ] GC(221) PSYoungGen: 106176K(128512K)->75264K(130560K) Eden: 55296K(55296K)->0K(55296K) From: 50880K(73216K)->75264K(75264K)
[28.550s][info][gc,heap        ] GC(221) ParOldGen: 4116869K(4504064K)->4147981K(4504064K)
[28.550s][info][gc,metaspace   ] GC(221) Metaspace: 6301K(6464K)->6301K(6464K) NonClass: 5768K(5824K)->5768K(5824K) Class: 533K(640K)->533K(640K)
[28.550s][info][gc             ] GC(221) Pause Young (Allocation Failure) 4124M->4124M(4526M) 62.115ms
[28.550s][info][gc,cpu         ] GC(221) User=0.25s Sys=0.00s Real=0.06s
[28.609s][info][gc,start       ] GC(222) Pause Young (Allocation Failure)
[28.690s][info][gc,heap        ] GC(222) PSYoungGen: 130560K(130560K)->55488K(149504K) Eden: 55296K(55296K)->0K(60928K) From: 75264K(75264K)->55488K(88576K)
[28.691s][info][gc,heap        ] GC(222) ParOldGen: 4147981K(4504064K)->4223789K(4504064K)
[28.691s][info][gc,metaspace   ] GC(222) Metaspace: 6301K(6464K)->6301K(6464K) NonClass: 5768K(5824K)->5768K(5824K) Class: 533K(640K)->533K(640K)
[28.691s][info][gc             ] GC(222) Pause Young (Allocation Failure) 4178M->4178M(4544M) 81.734ms
[28.691s][info][gc,cpu         ] GC(222) User=0.30s Sys=0.03s Real=0.08s
[28.765s][info][gc,start       ] GC(223) Pause Young (Allocation Failure)
[28.835s][info][gc,heap        ] GC(223) PSYoungGen: 116416K(149504K)->91136K(152064K) Eden: 60928K(60928K)->0K(60928K) From: 55488K(88576K)->91136K(91136K)
[28.835s][info][gc,heap        ] GC(223) ParOldGen: 4223789K(4504064K)->4249261K(4504064K)
[28.835s][info][gc,metaspace   ] GC(223) Metaspace: 6301K(6464K)->6301K(6464K) NonClass: 5768K(5824K)->5768K(5824K) Class: 533K(640K)->533K(640K)
[28.835s][info][gc             ] GC(223) Pause Young (Allocation Failure) 4238M->4238M(4547M) 69.403ms
[28.835s][info][gc,cpu         ] GC(223) User=0.30s Sys=0.00s Real=0.07s
[28.899s][info][gc,start       ] GC(224) Pause Young (Allocation Failure)
[28.992s][info][gc,heap        ] GC(224) PSYoungGen: 152064K(152064K)->61152K(169984K) Eden: 60928K(60928K)->0K(67584K) From: 91136K(91136K)->61152K(102400K)
[28.992s][info][gc,heap        ] GC(224) ParOldGen: 4249261K(4504064K)->4341069K(4504064K)
[28.992s][info][gc,metaspace   ] GC(224) Metaspace: 6301K(6464K)->6301K(6464K) NonClass: 5768K(5824K)->5768K(5824K) Class: 533K(640K)->533K(640K)
[28.992s][info][gc             ] GC(224) Pause Young (Allocation Failure) 4298M->4299M(4564M) 92.788ms
[28.992s][info][gc,cpu         ] GC(224) User=0.34s Sys=0.06s Real=0.09s
[29.059s][info][gc,start       ] GC(225) Pause Young (Allocation Failure)
[29.132s][info][gc,heap        ] GC(225) PSYoungGen: 128736K(169984K)->106496K(174080K) Eden: 67584K(67584K)->0K(67584K) From: 61152K(102400K)->106496K(106496K)
[29.132s][info][gc,heap        ] GC(225) ParOldGen: 4341069K(4504064K)->4363469K(4504064K)
[29.132s][info][gc,metaspace   ] GC(225) Metaspace: 6301K(6464K)->6301K(6464K) NonClass: 5768K(5824K)->5768K(5824K) Class: 533K(640K)->533K(640K)
[29.132s][info][gc             ] GC(225) Pause Young (Allocation Failure) 4365M->4365M(4568M) 73.125ms
[29.132s][info][gc,cpu         ] GC(225) User=0.39s Sys=0.00s Real=0.07s
[29.204s][info][gc,start       ] GC(226) Pause Young (Allocation Failure)
[29.306s][info][gc,heap        ] GC(226) PSYoungGen: 174080K(174080K)->67808K(192000K) Eden: 67584K(67584K)->0K(75264K) From: 106496K(106496K)->67808K(116736K)
[29.306s][info][gc,heap        ] GC(226) ParOldGen: 4363469K(4504064K)->4470733K(4504064K)
[29.306s][info][gc,metaspace   ] GC(226) Metaspace: 6301K(6464K)->6301K(6464K) NonClass: 5768K(5824K)->5768K(5824K) Class: 533K(640K)->533K(640K)
[29.306s][info][gc             ] GC(226) Pause Young (Allocation Failure) 4431M->4432M(4586M) 101.860ms
[29.306s][info][gc,cpu         ] GC(226) User=0.52s Sys=0.14s Real=0.10s
[29.306s][info][gc,start       ] GC(227) Pause Full (Ergonomics)
[29.306s][info][gc,phases,start] GC(227) Marking Phase
[30.318s][info][gc,phases      ] GC(227) Marking Phase 1012.290ms
[30.318s][info][gc,phases,start] GC(227) Summary Phase
[30.318s][info][gc,phases      ] GC(227) Summary Phase 0.074ms
[30.318s][info][gc,phases,start] GC(227) Adjust Roots
[30.318s][info][gc,phases      ] GC(227) Adjust Roots 0.168ms
[30.318s][info][gc,phases,start] GC(227) Compaction Phase
[30.714s][info][gc,phases      ] GC(227) Compaction Phase 395.175ms
[30.714s][info][gc,phases,start] GC(227) Post Compact
[30.720s][info][gc,phases      ] GC(227) Post Compact 6.466ms
[30.722s][info][gc,heap        ] GC(227) PSYoungGen: 67808K(192000K)->31268K(197120K) Eden: 0K(75264K)->0K(80384K) From: 67808K(116736K)->31268K(116736K)
[30.722s][info][gc,heap        ] GC(227) ParOldGen: 4470733K(4504064K)->4503679K(4915200K)
[30.722s][info][gc,metaspace   ] GC(227) Metaspace: 6301K(6464K)->6301K(6464K) NonClass: 5768K(5824K)->5768K(5824K) Class: 533K(640K)->533K(640K)
[30.722s][info][gc             ] GC(227) Pause Full (Ergonomics) 4432M->4428M(4992M) 1416.034ms
[30.722s][info][gc,cpu         ] GC(227) User=10.80s Sys=0.02s Real=1.41s
[30.821s][info][gc,start       ] GC(228) Pause Young (Allocation Failure)
[31.080s][info][gc,heap        ] GC(228) PSYoungGen: 111652K(197120K)->80672K(202240K) Eden: 80384K(80384K)->0K(80384K) From: 31268K(116736K)->80672K(121856K)
[31.080s][info][gc,heap        ] GC(228) ParOldGen: 4503679K(4915200K)->4535271K(4915200K)
[31.080s][info][gc,metaspace   ] GC(228) Metaspace: 6301K(6464K)->6301K(6464K) NonClass: 5768K(5824K)->5768K(5824K) Class: 533K(640K)->533K(640K)
[31.080s][info][gc             ] GC(228) Pause Young (Allocation Failure) 4507M->4507M(4997M) 258.843ms
[31.080s][info][gc,cpu         ] GC(228) User=1.83s Sys=0.02s Real=0.26s
[31.164s][info][gc,start       ] GC(229) Pause Young (Allocation Failure)
[31.266s][info][gc,heap        ] GC(229) PSYoungGen: 161056K(202240K)->121856K(180224K) Eden: 80384K(80384K)->0K(58368K) From: 80672K(121856K)->121856K(121856K)
[31.266s][info][gc,heap        ] GC(229) ParOldGen: 4535271K(4915200K)->4574743K(4915200K)
[31.266s][info][gc,metaspace   ] GC(229) Metaspace: 6301K(6464K)->6301K(6464K) NonClass: 5768K(5824K)->5768K(5824K) Class: 533K(640K)->533K(640K)
[31.266s][info][gc             ] GC(229) Pause Young (Allocation Failure) 4586M->4586M(4976M) 101.993ms
[31.266s][info][gc,cpu         ] GC(229) User=0.56s Sys=0.05s Real=0.10s
[31.329s][info][gc,start       ] GC(230) Pause Young (Allocation Failure)
[31.441s][info][gc,heap        ] GC(230) PSYoungGen: 180224K(180224K)->58560K(209408K) Eden: 58368K(58368K)->0K(58368K) From: 121856K(121856K)->58560K(151040K)
[31.441s][info][gc,heap        ] GC(230) ParOldGen: 4574743K(4915200K)->4697487K(4915200K)
[31.441s][info][gc,metaspace   ] GC(230) Metaspace: 6301K(6464K)->6301K(6464K) NonClass: 5768K(5824K)->5768K(5824K) Class: 533K(640K)->533K(640K)
[31.441s][info][gc             ] GC(230) Pause Young (Allocation Failure) 4643M->4644M(5004M) 111.855ms
[31.441s][info][gc,cpu         ] GC(230) User=0.64s Sys=0.11s Real=0.11s
[31.511s][info][gc,start       ] GC(231) Pause Young (Allocation Failure)
[31.586s][info][gc,heap        ] GC(231) PSYoungGen: 116928K(209408K)->117056K(203264K) Eden: 58368K(58368K)->0K(56320K) From: 58560K(151040K)->117056K(146944K)
[31.586s][info][gc,heap        ] GC(231) ParOldGen: 4697487K(4915200K)->4697487K(4915200K)
[31.586s][info][gc,metaspace   ] GC(231) Metaspace: 6301K(6464K)->6301K(6464K) NonClass: 5768K(5824K)->5768K(5824K) Class: 533K(640K)->533K(640K)
[31.586s][info][gc             ] GC(231) Pause Young (Allocation Failure) 4701M->4701M(4998M) 75.377ms
[31.586s][info][gc,cpu         ] GC(231) User=0.39s Sys=0.00s Real=0.08s
[31.645s][info][gc,start       ] GC(232) Pause Young (Allocation Failure)
[31.738s][info][gc,heap        ] GC(232) PSYoungGen: 173376K(203264K)->155136K(211456K) Eden: 56320K(56320K)->0K(56320K) From: 117056K(146944K)->155136K(155136K)
[31.738s][info][gc,heap        ] GC(232) ParOldGen: 4697487K(4915200K)->4715839K(4915200K)
[31.738s][info][gc,metaspace   ] GC(232) Metaspace: 6301K(6464K)->6301K(6464K) NonClass: 5768K(5824K)->5768K(5824K) Class: 533K(640K)->533K(640K)
[31.738s][info][gc             ] GC(232) Pause Young (Allocation Failure) 4756M->4756M(5006M) 92.387ms
[31.738s][info][gc,cpu         ] GC(232) User=0.56s Sys=0.03s Real=0.09s
[31.794s][info][gc,start       ] GC(233) Pause Young (Allocation Failure)
[31.915s][info][gc,heap        ] GC(233) PSYoungGen: 211456K(211456K)->102336K(236544K) Eden: 56320K(56320K)->0K(62976K) From: 155136K(155136K)->102336K(173568K)
[31.915s][info][gc,heap        ] GC(233) ParOldGen: 4715839K(4915200K)->4825967K(4915200K)
[31.915s][info][gc,metaspace   ] GC(233) Metaspace: 6301K(6464K)->6301K(6464K) NonClass: 5768K(5824K)->5768K(5824K) Class: 533K(640K)->533K(640K)
[31.915s][info][gc             ] GC(233) Pause Young (Allocation Failure) 4811M->4812M(5031M) 121.388ms
[31.915s][info][gc,cpu         ] GC(233) User=0.73s Sys=0.06s Real=0.12s
[31.915s][info][gc,start       ] GC(234) Pause Full (Ergonomics)
[31.915s][info][gc,phases,start] GC(234) Marking Phase
[32.998s][info][gc,phases      ] GC(234) Marking Phase 1082.290ms
[32.998s][info][gc,phases,start] GC(234) Summary Phase
[32.998s][info][gc,phases      ] GC(234) Summary Phase 0.055ms
[32.998s][info][gc,phases,start] GC(234) Adjust Roots
[32.998s][info][gc,phases      ] GC(234) Adjust Roots 0.163ms
[32.998s][info][gc,phases,start] GC(234) Compaction Phase
[33.427s][info][gc,phases      ] GC(234) Compaction Phase 429.425ms
[33.427s][info][gc,phases,start] GC(234) Post Compact
[33.435s][info][gc,phases      ] GC(234) Post Compact 7.495ms
[33.435s][info][gc,heap        ] GC(234) PSYoungGen: 102336K(236544K)->10030K(240640K) Eden: 0K(62976K)->0K(67072K) From: 102336K(173568K)->10030K(173568K)
[33.435s][info][gc,heap        ] GC(234) ParOldGen: 4825967K(4915200K)->4914864K(4915200K)
[33.435s][info][gc,metaspace   ] GC(234) Metaspace: 6301K(6464K)->6301K(6464K) NonClass: 5768K(5824K)->5768K(5824K) Class: 533K(640K)->533K(640K)
[33.435s][info][gc             ] GC(234) Pause Full (Ergonomics) 4812M->4809M(5035M) 1519.765ms
[33.435s][info][gc,cpu         ] GC(234) User=11.14s Sys=0.08s Real=1.52s
[33.509s][info][gc,start       ] GC(235) Pause Full (Ergonomics)
[33.510s][info][gc,phases,start] GC(235) Marking Phase
[34.633s][info][gc,phases      ] GC(235) Marking Phase 1123.737ms
[34.633s][info][gc,phases,start] GC(235) Summary Phase
[34.633s][info][gc,phases      ] GC(235) Summary Phase 0.057ms
[34.633s][info][gc,phases,start] GC(235) Adjust Roots
[34.634s][info][gc,phases      ] GC(235) Adjust Roots 0.197ms
[34.634s][info][gc,phases,start] GC(235) Compaction Phase
[34.956s][info][gc,phases      ] GC(235) Compaction Phase 322.374ms
[34.956s][info][gc,phases,start] GC(235) Post Compact
[34.963s][info][gc,phases      ] GC(235) Post Compact 7.126ms
[34.963s][info][gc,heap        ] GC(235) PSYoungGen: 77102K(240640K)->77073K(240640K) Eden: 67072K(67072K)->67042K(67072K) From: 10030K(173568K)->10030K(173568K)
[34.963s][info][gc,heap        ] GC(235) ParOldGen: 4914864K(4915200K)->4914864K(4915200K)
[34.963s][info][gc,metaspace   ] GC(235) Metaspace: 6301K(6464K)->6301K(6464K) NonClass: 5768K(5824K)->5768K(5824K) Class: 533K(640K)->533K(640K)
[34.963s][info][gc             ] GC(235) Pause Full (Ergonomics) 4874M->4874M(5035M) 1453.861ms
[34.963s][info][gc,cpu         ] GC(235) User=11.08s Sys=0.02s Real=1.45s
[34.964s][info][gc,start       ] GC(236) Pause Full (Ergonomics)
[34.964s][info][gc,phases,start] GC(236) Marking Phase
[36.108s][info][gc,phases      ] GC(236) Marking Phase 1144.733ms
[36.108s][info][gc,phases,start] GC(236) Summary Phase
[36.108s][info][gc,phases      ] GC(236) Summary Phase 0.066ms
[36.108s][info][gc,phases,start] GC(236) Adjust Roots
[36.109s][info][gc,phases      ] GC(236) Adjust Roots 0.212ms
[36.109s][info][gc,phases,start] GC(236) Compaction Phase
[36.429s][info][gc,phases      ] GC(236) Compaction Phase 320.607ms
[36.429s][info][gc,phases,start] GC(236) Post Compact
[36.436s][info][gc,phases      ] GC(236) Post Compact 7.143ms
[36.437s][info][gc,heap        ] GC(236) PSYoungGen: 77102K(240640K)->77102K(240640K) Eden: 67072K(67072K)->67071K(67072K) From: 10030K(173568K)->10030K(173568K)
[36.437s][info][gc,heap        ] GC(236) ParOldGen: 4914864K(4915200K)->4914864K(4915200K)
[36.437s][info][gc,metaspace   ] GC(236) Metaspace: 6301K(6464K)->6301K(6464K) NonClass: 5768K(5824K)->5768K(5824K) Class: 533K(640K)->533K(640K)
[36.437s][info][gc             ] GC(236) Pause Full (Ergonomics) 4874M->4874M(5035M) 1473.074ms
[36.437s][info][gc,cpu         ] GC(236) User=11.06s Sys=0.00s Real=1.47s
[36.437s][info][gc,start       ] GC(237) Pause Full (Ergonomics)
[36.437s][info][gc,phases,start] GC(237) Marking Phase
[37.625s][info][gc,phases      ] GC(237) Marking Phase 1188.193ms
[37.625s][info][gc,phases,start] GC(237) Summary Phase
[37.625s][info][gc,phases      ] GC(237) Summary Phase 0.058ms
[37.625s][info][gc,phases,start] GC(237) Adjust Roots
[37.625s][info][gc,phases      ] GC(237) Adjust Roots 0.181ms
[37.625s][info][gc,phases,start] GC(237) Compaction Phase
[37.945s][info][gc,phases      ] GC(237) Compaction Phase 319.582ms
[37.945s][info][gc,phases,start] GC(237) Post Compact
[37.952s][info][gc,phases      ] GC(237) Post Compact 7.233ms
[37.952s][info][gc,heap        ] GC(237) PSYoungGen: 77102K(240640K)->77102K(240640K) Eden: 67071K(67072K)->67071K(67072K) From: 10030K(173568K)->10030K(173568K)
[37.952s][info][gc,heap        ] GC(237) ParOldGen: 4914864K(4915200K)->4914864K(4915200K)
[37.952s][info][gc,metaspace   ] GC(237) Metaspace: 6301K(6464K)->6301K(6464K) NonClass: 5768K(5824K)->5768K(5824K) Class: 533K(640K)->533K(640K)
[37.952s][info][gc             ] GC(237) Pause Full (Ergonomics) 4874M->4874M(5035M) 1515.592ms
[37.952s][info][gc,cpu         ] GC(237) User=11.34s Sys=0.00s Real=1.52s
[37.953s][info][gc,start       ] GC(238) Pause Full (Ergonomics)
[37.953s][info][gc,phases,start] GC(238) Marking Phase
[39.128s][info][gc,phases      ] GC(238) Marking Phase 1175.863ms
[39.128s][info][gc,phases,start] GC(238) Summary Phase
[39.129s][info][gc,phases      ] GC(238) Summary Phase 0.059ms
[39.129s][info][gc,phases,start] GC(238) Adjust Roots
[39.129s][info][gc,phases      ] GC(238) Adjust Roots 0.202ms
[39.129s][info][gc,phases,start] GC(238) Compaction Phase
[39.452s][info][gc,phases      ] GC(238) Compaction Phase 323.460ms
[39.452s][info][gc,phases,start] GC(238) Post Compact
[39.460s][info][gc,phases      ] GC(238) Post Compact 7.175ms
[39.460s][info][gc,heap        ] GC(238) PSYoungGen: 77102K(240640K)->77102K(240640K) Eden: 67071K(67072K)->67071K(67072K) From: 10030K(173568K)->10030K(173568K)
[39.460s][info][gc,heap        ] GC(238) ParOldGen: 4914869K(4915200K)->4914869K(4915200K)
[39.460s][info][gc,metaspace   ] GC(238) Metaspace: 6301K(6464K)->6301K(6464K) NonClass: 5768K(5824K)->5768K(5824K) Class: 533K(640K)->533K(640K)
[39.460s][info][gc             ] GC(238) Pause Full (Ergonomics) 4874M->4874M(5035M) 1507.053ms
[39.460s][info][gc,cpu         ] GC(238) User=11.42s Sys=0.00s Real=1.51s
[39.460s][info][gc,start       ] GC(239) Pause Full (Ergonomics)
[39.460s][info][gc,phases,start] GC(239) Marking Phase
[40.586s][info][gc,phases      ] GC(239) Marking Phase 1126.483ms
[40.586s][info][gc,phases,start] GC(239) Summary Phase
[40.586s][info][gc,phases      ] GC(239) Summary Phase 0.062ms
[40.586s][info][gc,phases,start] GC(239) Adjust Roots
[40.587s][info][gc,phases      ] GC(239) Adjust Roots 0.215ms
[40.587s][info][gc,phases,start] GC(239) Compaction Phase
[40.897s][info][gc,phases      ] GC(239) Compaction Phase 310.175ms
[40.897s][info][gc,phases,start] GC(239) Post Compact
[40.904s][info][gc,phases      ] GC(239) Post Compact 7.198ms
[40.904s][info][gc,heap        ] GC(239) PSYoungGen: 77102K(240640K)->77102K(240640K) Eden: 67071K(67072K)->67071K(67072K) From: 10030K(173568K)->10030K(173568K)
[40.904s][info][gc,heap        ] GC(239) ParOldGen: 4914874K(4915200K)->4914874K(4915200K)
[40.904s][info][gc,metaspace   ] GC(239) Metaspace: 6301K(6464K)->6301K(6464K) NonClass: 5768K(5824K)->5768K(5824K) Class: 533K(640K)->533K(640K)
[40.904s][info][gc             ] GC(239) Pause Full (Ergonomics) 4874M->4874M(5035M) 1444.488ms
[40.904s][info][gc,cpu         ] GC(239) User=10.94s Sys=0.00s Real=1.45s
[40.904s][info][gc,start       ] GC(240) Pause Full (Ergonomics)
[40.904s][info][gc,phases,start] GC(240) Marking Phase
[42.059s][info][gc,phases      ] GC(240) Marking Phase 1154.370ms
[42.059s][info][gc,phases,start] GC(240) Summary Phase
[42.059s][info][gc,phases      ] GC(240) Summary Phase 0.062ms
[42.059s][info][gc,phases,start] GC(240) Adjust Roots
[42.059s][info][gc,phases      ] GC(240) Adjust Roots 0.195ms
[42.059s][info][gc,phases,start] GC(240) Compaction Phase
[42.373s][info][gc,phases      ] GC(240) Compaction Phase 313.306ms
[42.373s][info][gc,phases,start] GC(240) Post Compact
[42.380s][info][gc,phases      ] GC(240) Post Compact 7.324ms
[42.380s][info][gc,heap        ] GC(240) PSYoungGen: 77102K(240640K)->77102K(240640K) Eden: 67071K(67072K)->67071K(67072K) From: 10030K(173568K)->10030K(173568K)
[42.380s][info][gc,heap        ] GC(240) ParOldGen: 4914878K(4915200K)->4914878K(4915200K)
[42.380s][info][gc,metaspace   ] GC(240) Metaspace: 6301K(6464K)->6301K(6464K) NonClass: 5768K(5824K)->5768K(5824K) Class: 533K(640K)->533K(640K)
[42.380s][info][gc             ] GC(240) Pause Full (Ergonomics) 4874M->4874M(5035M) 1475.590ms
[42.380s][info][gc,cpu         ] GC(240) User=11.03s Sys=0.00s Real=1.47s
[42.380s][info][gc,start       ] GC(241) Pause Full (Ergonomics)
[42.380s][info][gc,phases,start] GC(241) Marking Phase
[43.530s][info][gc,phases      ] GC(241) Marking Phase 1149.812ms
[43.530s][info][gc,phases,start] GC(241) Summary Phase
[43.530s][info][gc,phases      ] GC(241) Summary Phase 0.053ms
[43.530s][info][gc,phases,start] GC(241) Adjust Roots
[43.530s][info][gc,phases      ] GC(241) Adjust Roots 0.165ms
[43.530s][info][gc,phases,start] GC(241) Compaction Phase
[43.846s][info][gc,phases      ] GC(241) Compaction Phase 315.731ms
[43.846s][info][gc,phases,start] GC(241) Post Compact
[43.853s][info][gc,phases      ] GC(241) Post Compact 7.098ms
[43.853s][info][gc,heap        ] GC(241) PSYoungGen: 77102K(240640K)->77102K(240640K) Eden: 67071K(67072K)->67071K(67072K) From: 10030K(173568K)->10030K(173568K)
[43.853s][info][gc,heap        ] GC(241) ParOldGen: 4914883K(4915200K)->4914883K(4915200K)
[43.853s][info][gc,metaspace   ] GC(241) Metaspace: 6301K(6464K)->6301K(6464K) NonClass: 5768K(5824K)->5768K(5824K) Class: 533K(640K)->533K(640K)
[43.853s][info][gc             ] GC(241) Pause Full (Ergonomics) 4874M->4874M(5035M) 1473.150ms
[43.853s][info][gc,cpu         ] GC(241) User=10.94s Sys=0.00s Real=1.47s
[43.854s][info][gc,start       ] GC(242) Pause Full (Ergonomics)
[43.854s][info][gc,phases,start] GC(242) Marking Phase
[45.017s][info][gc,phases      ] GC(242) Marking Phase 1162.971ms
[45.017s][info][gc,phases,start] GC(242) Summary Phase
[45.017s][info][gc,phases      ] GC(242) Summary Phase 0.087ms
[45.017s][info][gc,phases,start] GC(242) Adjust Roots
[45.017s][info][gc,phases      ] GC(242) Adjust Roots 0.341ms
[45.017s][info][gc,phases,start] GC(242) Compaction Phase
[45.330s][info][gc,phases      ] GC(242) Compaction Phase 312.441ms
[45.330s][info][gc,phases,start] GC(242) Post Compact
[45.337s][info][gc,phases      ] GC(242) Post Compact 7.143ms
[45.337s][info][gc,heap        ] GC(242) PSYoungGen: 77102K(240640K)->77102K(240640K) Eden: 67071K(67072K)->67071K(67072K) From: 10030K(173568K)->10030K(173568K)
[45.337s][info][gc,heap        ] GC(242) ParOldGen: 4914888K(4915200K)->4914888K(4915200K)
[45.337s][info][gc,metaspace   ] GC(242) Metaspace: 6301K(6464K)->6301K(6464K) NonClass: 5768K(5824K)->5768K(5824K) Class: 533K(640K)->533K(640K)
[45.337s][info][gc             ] GC(242) Pause Full (Ergonomics) 4874M->4874M(5035M) 1483.364ms
[45.337s][info][gc,cpu         ] GC(242) User=11.14s Sys=0.00s Real=1.48s
[45.337s][info][gc,start       ] GC(243) Pause Full (Ergonomics)
[45.337s][info][gc,phases,start] GC(243) Marking Phase
[46.460s][info][gc,phases      ] GC(243) Marking Phase 1122.341ms
[46.460s][info][gc,phases,start] GC(243) Summary Phase
[46.460s][info][gc,phases      ] GC(243) Summary Phase 0.053ms
[46.460s][info][gc,phases,start] GC(243) Adjust Roots
[46.460s][info][gc,phases      ] GC(243) Adjust Roots 0.171ms
[46.460s][info][gc,phases,start] GC(243) Compaction Phase
[46.772s][info][gc,phases      ] GC(243) Compaction Phase 312.493ms
[46.772s][info][gc,phases,start] GC(243) Post Compact
[46.780s][info][gc,phases      ] GC(243) Post Compact 7.243ms
[46.780s][info][gc,heap        ] GC(243) PSYoungGen: 77102K(240640K)->77102K(240640K) Eden: 67071K(67072K)->67071K(67072K) From: 10030K(173568K)->10030K(173568K)
[46.780s][info][gc,heap        ] GC(243) ParOldGen: 4914893K(4915200K)->4914893K(4915200K)
[46.780s][info][gc,metaspace   ] GC(243) Metaspace: 6301K(6464K)->6301K(6464K) NonClass: 5768K(5824K)->5768K(5824K) Class: 533K(640K)->533K(640K)
[46.780s][info][gc             ] GC(243) Pause Full (Ergonomics) 4874M->4874M(5035M) 1442.631ms
[46.780s][info][gc,cpu         ] GC(243) User=10.88s Sys=0.00s Real=1.44s
[46.780s][info][gc,start       ] GC(244) Pause Full (Ergonomics)
[46.780s][info][gc,phases,start] GC(244) Marking Phase
[47.968s][info][gc,phases      ] GC(244) Marking Phase 1187.669ms
[47.968s][info][gc,phases,start] GC(244) Summary Phase
[47.968s][info][gc,phases      ] GC(244) Summary Phase 0.053ms
[47.968s][info][gc,phases,start] GC(244) Adjust Roots
[47.968s][info][gc,phases      ] GC(244) Adjust Roots 0.186ms
[47.968s][info][gc,phases,start] GC(244) Compaction Phase
[48.289s][info][gc,phases      ] GC(244) Compaction Phase 321.401ms
[48.289s][info][gc,phases,start] GC(244) Post Compact
[48.297s][info][gc,phases      ] GC(244) Post Compact 7.235ms
[48.297s][info][gc,heap        ] GC(244) PSYoungGen: 77102K(240640K)->77102K(240640K) Eden: 67071K(67072K)->67071K(67072K) From: 10030K(173568K)->10030K(173568K)
[48.297s][info][gc,heap        ] GC(244) ParOldGen: 4914898K(4915200K)->4914898K(4915200K)
[48.297s][info][gc,metaspace   ] GC(244) Metaspace: 6301K(6464K)->6301K(6464K) NonClass: 5768K(5824K)->5768K(5824K) Class: 533K(640K)->533K(640K)
[48.297s][info][gc             ] GC(244) Pause Full (Ergonomics) 4875M->4875M(5035M) 1516.847ms
[48.297s][info][gc,cpu         ] GC(244) User=11.47s Sys=0.00s Real=1.52s
[48.297s][info][gc,start       ] GC(245) Pause Full (Ergonomics)
[48.297s][info][gc,phases,start] GC(245) Marking Phase
[49.468s][info][gc,phases      ] GC(245) Marking Phase 1170.881ms
[49.468s][info][gc,phases,start] GC(245) Summary Phase
[49.468s][info][gc,phases      ] GC(245) Summary Phase 0.063ms
[49.468s][info][gc,phases,start] GC(245) Adjust Roots
[49.468s][info][gc,phases      ] GC(245) Adjust Roots 0.196ms
[49.468s][info][gc,phases,start] GC(245) Compaction Phase
[49.788s][info][gc,phases      ] GC(245) Compaction Phase 319.333ms
[49.788s][info][gc,phases,start] GC(245) Post Compact
[49.795s][info][gc,phases      ] GC(245) Post Compact 7.210ms
[49.795s][info][gc,heap        ] GC(245) PSYoungGen: 77102K(240640K)->77102K(240640K) Eden: 67071K(67072K)->67071K(67072K) From: 10030K(173568K)->10030K(173568K)
[49.795s][info][gc,heap        ] GC(245) ParOldGen: 4914903K(4915200K)->4914903K(4915200K)
[49.795s][info][gc,metaspace   ] GC(245) Metaspace: 6301K(6464K)->6301K(6464K) NonClass: 5768K(5824K)->5768K(5824K) Class: 533K(640K)->533K(640K)
[49.795s][info][gc             ] GC(245) Pause Full (Ergonomics) 4875M->4875M(5035M) 1498.017ms
[49.795s][info][gc,cpu         ] GC(245) User=11.14s Sys=0.02s Real=1.50s
[49.795s][info][gc,start       ] GC(246) Pause Full (Ergonomics)
[49.795s][info][gc,phases,start] GC(246) Marking Phase
[50.977s][info][gc,phases      ] GC(246) Marking Phase 1182.060ms
[50.977s][info][gc,phases,start] GC(246) Summary Phase
[50.977s][info][gc,phases      ] GC(246) Summary Phase 0.053ms
[50.977s][info][gc,phases,start] GC(246) Adjust Roots
[50.978s][info][gc,phases      ] GC(246) Adjust Roots 0.168ms
[50.978s][info][gc,phases,start] GC(246) Compaction Phase
[51.304s][info][gc,phases      ] GC(246) Compaction Phase 325.975ms
[51.304s][info][gc,phases,start] GC(246) Post Compact
[51.311s][info][gc,phases      ] GC(246) Post Compact 7.649ms
[51.311s][info][gc,heap        ] GC(246) PSYoungGen: 77102K(240640K)->77102K(240640K) Eden: 67071K(67072K)->67071K(67072K) From: 10030K(173568K)->10030K(173568K)
[51.311s][info][gc,heap        ] GC(246) ParOldGen: 4914907K(4915200K)->4914907K(4915200K)
[51.311s][info][gc,metaspace   ] GC(246) Metaspace: 6301K(6464K)->6301K(6464K) NonClass: 5768K(5824K)->5768K(5824K) Class: 533K(640K)->533K(640K)
[51.311s][info][gc             ] GC(246) Pause Full (Ergonomics) 4875M->4875M(5035M) 1516.229ms
[51.311s][info][gc,cpu         ] GC(246) User=11.31s Sys=0.00s Real=1.52s
[51.312s][info][gc,start       ] GC(247) Pause Full (Ergonomics)
[51.312s][info][gc,phases,start] GC(247) Marking Phase
[52.426s][info][gc,phases      ] GC(247) Marking Phase 1114.285ms
[52.426s][info][gc,phases,start] GC(247) Summary Phase
[52.426s][info][gc,phases      ] GC(247) Summary Phase 0.054ms
[52.426s][info][gc,phases,start] GC(247) Adjust Roots
[52.426s][info][gc,phases      ] GC(247) Adjust Roots 0.171ms
[52.426s][info][gc,phases,start] GC(247) Compaction Phase
[52.740s][info][gc,phases      ] GC(247) Compaction Phase 313.245ms
[52.740s][info][gc,phases,start] GC(247) Post Compact
[52.747s][info][gc,phases      ] GC(247) Post Compact 7.274ms
[52.747s][info][gc,heap        ] GC(247) PSYoungGen: 77102K(240640K)->77102K(240640K) Eden: 67071K(67072K)->67071K(67072K) From: 10030K(173568K)->10030K(173568K)
[52.747s][info][gc,heap        ] GC(247) ParOldGen: 4914912K(4915200K)->4914912K(4915200K)
[52.747s][info][gc,metaspace   ] GC(247) Metaspace: 6301K(6464K)->6301K(6464K) NonClass: 5768K(5824K)->5768K(5824K) Class: 533K(640K)->533K(640K)
[52.747s][info][gc             ] GC(247) Pause Full (Ergonomics) 4875M->4875M(5035M) 1435.329ms
[52.747s][info][gc,cpu         ] GC(247) User=10.61s Sys=0.00s Real=1.44s
[52.747s][info][gc,start       ] GC(248) Pause Full (Ergonomics)
[52.747s][info][gc,phases,start] GC(248) Marking Phase
[53.860s][info][gc,phases      ] GC(248) Marking Phase 1112.622ms
[53.860s][info][gc,phases,start] GC(248) Summary Phase
[53.860s][info][gc,phases      ] GC(248) Summary Phase 0.053ms
[53.860s][info][gc,phases,start] GC(248) Adjust Roots
[53.860s][info][gc,phases      ] GC(248) Adjust Roots 0.163ms
[53.860s][info][gc,phases,start] GC(248) Compaction Phase
[54.181s][info][gc,phases      ] GC(248) Compaction Phase 320.641ms
[54.181s][info][gc,phases,start] GC(248) Post Compact
[54.188s][info][gc,phases      ] GC(248) Post Compact 7.119ms
[54.188s][info][gc,heap        ] GC(248) PSYoungGen: 77102K(240640K)->77102K(240640K) Eden: 67071K(67072K)->67071K(67072K) From: 10030K(173568K)->10030K(173568K)
[54.188s][info][gc,heap        ] GC(248) ParOldGen: 4914917K(4915200K)->4914917K(4915200K)
[54.188s][info][gc,metaspace   ] GC(248) Metaspace: 6301K(6464K)->6301K(6464K) NonClass: 5768K(5824K)->5768K(5824K) Class: 533K(640K)->533K(640K)
[54.188s][info][gc             ] GC(248) Pause Full (Ergonomics) 4875M->4875M(5035M) 1440.874ms
[54.188s][info][gc,cpu         ] GC(248) User=10.72s Sys=0.00s Real=1.44s
[54.188s][info][gc,start       ] GC(249) Pause Full (Ergonomics)
[54.188s][info][gc,phases,start] GC(249) Marking Phase
[55.304s][info][gc,phases      ] GC(249) Marking Phase 1116.085ms
[55.304s][info][gc,phases,start] GC(249) Summary Phase
[55.304s][info][gc,phases      ] GC(249) Summary Phase 0.055ms
[55.304s][info][gc,phases,start] GC(249) Adjust Roots
[55.305s][info][gc,phases      ] GC(249) Adjust Roots 0.173ms
[55.305s][info][gc,phases,start] GC(249) Compaction Phase
[55.617s][info][gc,phases      ] GC(249) Compaction Phase 312.694ms
[55.617s][info][gc,phases,start] GC(249) Post Compact
[55.625s][info][gc,phases      ] GC(249) Post Compact 7.480ms
[55.625s][info][gc,heap        ] GC(249) PSYoungGen: 77102K(240640K)->77102K(240640K) Eden: 67071K(67072K)->67071K(67072K) From: 10030K(173568K)->10030K(173568K)
[55.625s][info][gc,heap        ] GC(249) ParOldGen: 4914922K(4915200K)->4914922K(4915200K)
[55.625s][info][gc,metaspace   ] GC(249) Metaspace: 6301K(6464K)->6301K(6464K) NonClass: 5768K(5824K)->5768K(5824K) Class: 533K(640K)->533K(640K)
[55.625s][info][gc             ] GC(249) Pause Full (Ergonomics) 4875M->4875M(5035M) 1436.806ms
[55.625s][info][gc,cpu         ] GC(249) User=10.89s Sys=0.00s Real=1.44s
[55.625s][info][gc,start       ] GC(250) Pause Full (Ergonomics)
[55.625s][info][gc,phases,start] GC(250) Marking Phase
[56.725s][info][gc,phases      ] GC(250) Marking Phase 1099.716ms
[56.725s][info][gc,phases,start] GC(250) Summary Phase
[56.725s][info][gc,phases      ] GC(250) Summary Phase 0.055ms
[56.725s][info][gc,phases,start] GC(250) Adjust Roots
[56.725s][info][gc,phases      ] GC(250) Adjust Roots 0.168ms
[56.725s][info][gc,phases,start] GC(250) Compaction Phase
[57.039s][info][gc,phases      ] GC(250) Compaction Phase 313.719ms
[57.039s][info][gc,phases,start] GC(250) Post Compact
[57.046s][info][gc,phases      ] GC(250) Post Compact 7.182ms
[57.046s][info][gc,heap        ] GC(250) PSYoungGen: 77102K(240640K)->77102K(240640K) Eden: 67071K(67072K)->67071K(67072K) From: 10030K(173568K)->10030K(173568K)
[57.046s][info][gc,heap        ] GC(250) ParOldGen: 4914927K(4915200K)->4914927K(4915200K)
[57.046s][info][gc,metaspace   ] GC(250) Metaspace: 6301K(6464K)->6301K(6464K) NonClass: 5768K(5824K)->5768K(5824K) Class: 533K(640K)->533K(640K)
[57.046s][info][gc             ] GC(250) Pause Full (Ergonomics) 4875M->4875M(5035M) 1421.153ms
[57.046s][info][gc,cpu         ] GC(250) User=10.72s Sys=0.00s Real=1.42s
[57.047s][info][gc,start       ] GC(251) Pause Full (Ergonomics)
[57.047s][info][gc,phases,start] GC(251) Marking Phase
[58.237s][info][gc,phases      ] GC(251) Marking Phase 1190.403ms
[58.237s][info][gc,phases,start] GC(251) Summary Phase
[58.237s][info][gc,phases      ] GC(251) Summary Phase 0.062ms
[58.237s][info][gc,phases,start] GC(251) Adjust Roots
[58.237s][info][gc,phases      ] GC(251) Adjust Roots 0.191ms
[58.237s][info][gc,phases,start] GC(251) Compaction Phase
[58.556s][info][gc,phases      ] GC(251) Compaction Phase 318.510ms
[58.556s][info][gc,phases,start] GC(251) Post Compact
[58.563s][info][gc,phases      ] GC(251) Post Compact 7.157ms
[58.563s][info][gc,heap        ] GC(251) PSYoungGen: 77102K(240640K)->77102K(240640K) Eden: 67071K(67072K)->67071K(67072K) From: 10030K(173568K)->10030K(173568K)
[58.563s][info][gc,heap        ] GC(251) ParOldGen: 4914932K(4915200K)->4914932K(4915200K)
[58.563s][info][gc,metaspace   ] GC(251) Metaspace: 6301K(6464K)->6301K(6464K) NonClass: 5768K(5824K)->5768K(5824K) Class: 533K(640K)->533K(640K)
[58.563s][info][gc             ] GC(251) Pause Full (Ergonomics) 4875M->4875M(5035M) 1516.621ms
[58.563s][info][gc,cpu         ] GC(251) User=11.34s Sys=0.00s Real=1.52s
[58.563s][info][gc,start       ] GC(252) Pause Full (Ergonomics)
[58.563s][info][gc,phases,start] GC(252) Marking Phase
[59.670s][info][gc,phases      ] GC(252) Marking Phase 1106.184ms
[59.670s][info][gc,phases,start] GC(252) Summary Phase
[59.670s][info][gc,phases      ] GC(252) Summary Phase 0.134ms
[59.670s][info][gc,phases,start] GC(252) Adjust Roots
[59.670s][info][gc,phases      ] GC(252) Adjust Roots 0.182ms
[59.670s][info][gc,phases,start] GC(252) Compaction Phase
[59.989s][info][gc,phases      ] GC(252) Compaction Phase 318.909ms
[59.989s][info][gc,phases,start] GC(252) Post Compact
[59.996s][info][gc,phases      ] GC(252) Post Compact 7.313ms
[59.996s][info][gc,heap        ] GC(252) PSYoungGen: 77102K(240640K)->77102K(240640K) Eden: 67071K(67072K)->67071K(67072K) From: 10030K(173568K)->10030K(173568K)
[59.996s][info][gc,heap        ] GC(252) ParOldGen: 4914936K(4915200K)->4914936K(4915200K)
[59.996s][info][gc,metaspace   ] GC(252) Metaspace: 6301K(6464K)->6301K(6464K) NonClass: 5768K(5824K)->5768K(5824K) Class: 533K(640K)->533K(640K)
[59.996s][info][gc             ] GC(252) Pause Full (Ergonomics) 4875M->4875M(5035M) 1433.032ms
[59.996s][info][gc,cpu         ] GC(252) User=10.70s Sys=0.00s Real=1.43s
[59.997s][info][gc,start       ] GC(253) Pause Full (Ergonomics)
[59.997s][info][gc,phases,start] GC(253) Marking Phase
[61.109s][info][gc,phases      ] GC(253) Marking Phase 1112.088ms
[61.109s][info][gc,phases,start] GC(253) Summary Phase
[61.109s][info][gc,phases      ] GC(253) Summary Phase 0.054ms
[61.109s][info][gc,phases,start] GC(253) Adjust Roots
[61.109s][info][gc,phases      ] GC(253) Adjust Roots 0.165ms
[61.109s][info][gc,phases,start] GC(253) Compaction Phase
[61.422s][info][gc,phases      ] GC(253) Compaction Phase 313.329ms
[61.422s][info][gc,phases,start] GC(253) Post Compact
[61.430s][info][gc,phases      ] GC(253) Post Compact 7.240ms
[61.430s][info][gc,heap        ] GC(253) PSYoungGen: 77102K(240640K)->77102K(240640K) Eden: 67071K(67072K)->67071K(67072K) From: 10030K(173568K)->10030K(173568K)
[61.430s][info][gc,heap        ] GC(253) ParOldGen: 4914941K(4915200K)->4914941K(4915200K)
[61.430s][info][gc,metaspace   ] GC(253) Metaspace: 6301K(6464K)->6301K(6464K) NonClass: 5768K(5824K)->5768K(5824K) Class: 533K(640K)->533K(640K)
[61.430s][info][gc             ] GC(253) Pause Full (Ergonomics) 4875M->4875M(5035M) 1433.170ms
[61.430s][info][gc,cpu         ] GC(253) User=10.69s Sys=0.00s Real=1.43s
[61.430s][info][gc,start       ] GC(254) Pause Full (Ergonomics)
[61.430s][info][gc,phases,start] GC(254) Marking Phase
[62.552s][info][gc,phases      ] GC(254) Marking Phase 1122.265ms
[62.552s][info][gc,phases,start] GC(254) Summary Phase
[62.552s][info][gc,phases      ] GC(254) Summary Phase 0.054ms
[62.552s][info][gc,phases,start] GC(254) Adjust Roots
[62.553s][info][gc,phases      ] GC(254) Adjust Roots 0.166ms
[62.553s][info][gc,phases,start] GC(254) Compaction Phase
[62.867s][info][gc,phases      ] GC(254) Compaction Phase 314.426ms
[62.867s][info][gc,phases,start] GC(254) Post Compact
[62.876s][info][gc,phases      ] GC(254) Post Compact 9.160ms
[62.876s][info][gc,heap        ] GC(254) PSYoungGen: 77102K(240640K)->77102K(240640K) Eden: 67071K(67072K)->67071K(67072K) From: 10030K(173568K)->10030K(173568K)
[62.876s][info][gc,heap        ] GC(254) ParOldGen: 4914946K(4915200K)->4914946K(4915200K)
[62.876s][info][gc,metaspace   ] GC(254) Metaspace: 6301K(6464K)->6301K(6464K) NonClass: 5768K(5824K)->5768K(5824K) Class: 533K(640K)->533K(640K)
[62.876s][info][gc             ] GC(254) Pause Full (Ergonomics) 4875M->4875M(5035M) 1446.421ms
[62.876s][info][gc,cpu         ] GC(254) User=10.97s Sys=0.00s Real=1.45s
[62.877s][info][gc,start       ] GC(255) Pause Full (Ergonomics)
[62.877s][info][gc,phases,start] GC(255) Marking Phase
[64.000s][info][gc,phases      ] GC(255) Marking Phase 1123.157ms
[64.000s][info][gc,phases,start] GC(255) Summary Phase
[64.000s][info][gc,phases      ] GC(255) Summary Phase 0.058ms
[64.000s][info][gc,phases,start] GC(255) Adjust Roots
[64.000s][info][gc,phases      ] GC(255) Adjust Roots 0.192ms
[64.000s][info][gc,phases,start] GC(255) Compaction Phase
[64.316s][info][gc,phases      ] GC(255) Compaction Phase 315.429ms
[64.316s][info][gc,phases,start] GC(255) Post Compact
[64.323s][info][gc,phases      ] GC(255) Post Compact 7.308ms
[64.323s][info][gc,heap        ] GC(255) PSYoungGen: 77102K(240640K)->77102K(240640K) Eden: 67071K(67072K)->67071K(67072K) From: 10030K(173568K)->10030K(173568K)
[64.323s][info][gc,heap        ] GC(255) ParOldGen: 4914951K(4915200K)->4914951K(4915200K)
[64.323s][info][gc,metaspace   ] GC(255) Metaspace: 6301K(6464K)->6301K(6464K) NonClass: 5768K(5824K)->5768K(5824K) Class: 533K(640K)->533K(640K)
[64.323s][info][gc             ] GC(255) Pause Full (Ergonomics) 4875M->4875M(5035M) 1446.457ms
[64.323s][info][gc,cpu         ] GC(255) User=10.78s Sys=0.00s Real=1.45s
[64.323s][info][gc,start       ] GC(256) Pause Full (Ergonomics)
[64.323s][info][gc,phases,start] GC(256) Marking Phase
[65.413s][info][gc,phases      ] GC(256) Marking Phase 1089.352ms
[65.413s][info][gc,phases,start] GC(256) Summary Phase
[65.413s][info][gc,phases      ] GC(256) Summary Phase 0.057ms
[65.413s][info][gc,phases,start] GC(256) Adjust Roots
[65.413s][info][gc,phases      ] GC(256) Adjust Roots 0.197ms
[65.413s][info][gc,phases,start] GC(256) Compaction Phase
[65.730s][info][gc,phases      ] GC(256) Compaction Phase 316.711ms
[65.730s][info][gc,phases,start] GC(256) Post Compact
[65.737s][info][gc,phases      ] GC(256) Post Compact 7.181ms
[65.737s][info][gc,heap        ] GC(256) PSYoungGen: 77102K(240640K)->77102K(240640K) Eden: 67071K(67072K)->67071K(67072K) From: 10030K(173568K)->10030K(173568K)
[65.737s][info][gc,heap        ] GC(256) ParOldGen: 4914956K(4915200K)->4914956K(4915200K)
[65.737s][info][gc,metaspace   ] GC(256) Metaspace: 6301K(6464K)->6301K(6464K) NonClass: 5768K(5824K)->5768K(5824K) Class: 533K(640K)->533K(640K)
[65.737s][info][gc             ] GC(256) Pause Full (Ergonomics) 4875M->4875M(5035M) 1413.787ms
[65.737s][info][gc,cpu         ] GC(256) User=10.62s Sys=0.00s Real=1.41s
[65.737s][info][gc,start       ] GC(257) Pause Full (Ergonomics)
[65.737s][info][gc,phases,start] GC(257) Marking Phase
[66.858s][info][gc,phases      ] GC(257) Marking Phase 1120.364ms
[66.858s][info][gc,phases,start] GC(257) Summary Phase
[66.858s][info][gc,phases      ] GC(257) Summary Phase 0.054ms
[66.858s][info][gc,phases,start] GC(257) Adjust Roots
[66.858s][info][gc,phases      ] GC(257) Adjust Roots 0.166ms
[66.858s][info][gc,phases,start] GC(257) Compaction Phase
[67.176s][info][gc,phases      ] GC(257) Compaction Phase 318.463ms
[67.176s][info][gc,phases,start] GC(257) Post Compact
[67.184s][info][gc,phases      ] GC(257) Post Compact 7.215ms
[67.184s][info][gc,heap        ] GC(257) PSYoungGen: 77102K(240640K)->77102K(240640K) Eden: 67071K(67072K)->67071K(67072K) From: 10030K(173568K)->10030K(173568K)
[67.184s][info][gc,heap        ] GC(257) ParOldGen: 4914961K(4915200K)->4914961K(4915200K)
[67.184s][info][gc,metaspace   ] GC(257) Metaspace: 6301K(6464K)->6301K(6464K) NonClass: 5768K(5824K)->5768K(5824K) Class: 533K(640K)->533K(640K)
[67.184s][info][gc             ] GC(257) Pause Full (Ergonomics) 4875M->4875M(5035M) 1446.546ms
[67.184s][info][gc,cpu         ] GC(257) User=10.80s Sys=0.00s Real=1.45s
[67.184s][info][gc,start       ] GC(258) Pause Full (Ergonomics)
[67.184s][info][gc,phases,start] GC(258) Marking Phase
[68.289s][info][gc,phases      ] GC(258) Marking Phase 1104.805ms
[68.289s][info][gc,phases,start] GC(258) Summary Phase
[68.289s][info][gc,phases      ] GC(258) Summary Phase 0.054ms
[68.289s][info][gc,phases,start] GC(258) Adjust Roots
[68.289s][info][gc,phases      ] GC(258) Adjust Roots 0.164ms
[68.289s][info][gc,phases,start] GC(258) Compaction Phase
[68.607s][info][gc,phases      ] GC(258) Compaction Phase 318.075ms
[68.607s][info][gc,phases,start] GC(258) Post Compact
[68.614s][info][gc,phases      ] GC(258) Post Compact 7.149ms
[68.614s][info][gc,heap        ] GC(258) PSYoungGen: 77102K(240640K)->77102K(240640K) Eden: 67071K(67072K)->67071K(67072K) From: 10030K(173568K)->10030K(173568K)
[68.614s][info][gc,heap        ] GC(258) ParOldGen: 4914965K(4915200K)->4914965K(4915200K)
[68.614s][info][gc,metaspace   ] GC(258) Metaspace: 6301K(6464K)->6301K(6464K) NonClass: 5768K(5824K)->5768K(5824K) Class: 533K(640K)->533K(640K)
[68.614s][info][gc             ] GC(258) Pause Full (Ergonomics) 4875M->4875M(5035M) 1430.599ms
[68.614s][info][gc,cpu         ] GC(258) User=10.55s Sys=0.00s Real=1.43s
[68.615s][info][gc,start       ] GC(259) Pause Full (Ergonomics)
[68.615s][info][gc,phases,start] GC(259) Marking Phase
[69.717s][info][gc,phases      ] GC(259) Marking Phase 1102.041ms
[69.717s][info][gc,phases,start] GC(259) Summary Phase
[69.717s][info][gc,phases      ] GC(259) Summary Phase 0.057ms
[69.717s][info][gc,phases,start] GC(259) Adjust Roots
[69.717s][info][gc,phases      ] GC(259) Adjust Roots 0.179ms
[69.717s][info][gc,phases,start] GC(259) Compaction Phase
[70.033s][info][gc,phases      ] GC(259) Compaction Phase 315.915ms
[70.033s][info][gc,phases,start] GC(259) Post Compact
[70.040s][info][gc,phases      ] GC(259) Post Compact 7.200ms
[70.040s][info][gc,heap        ] GC(259) PSYoungGen: 77102K(240640K)->77102K(240640K) Eden: 67071K(67072K)->67071K(67072K) From: 10030K(173568K)->10030K(173568K)
[70.040s][info][gc,heap        ] GC(259) ParOldGen: 4914970K(4915200K)->4914970K(4915200K)
[70.040s][info][gc,metaspace   ] GC(259) Metaspace: 6301K(6464K)->6301K(6464K) NonClass: 5768K(5824K)->5768K(5824K) Class: 533K(640K)->533K(640K)
[70.040s][info][gc             ] GC(259) Pause Full (Ergonomics) 4875M->4875M(5035M) 1425.711ms
[70.040s][info][gc,cpu         ] GC(259) User=10.59s Sys=0.00s Real=1.43s
[70.041s][info][gc,start       ] GC(260) Pause Full (Ergonomics)
[70.041s][info][gc,phases,start] GC(260) Marking Phase
[71.161s][info][gc,phases      ] GC(260) Marking Phase 1120.517ms
[71.161s][info][gc,phases,start] GC(260) Summary Phase
[71.161s][info][gc,phases      ] GC(260) Summary Phase 0.054ms
[71.161s][info][gc,phases,start] GC(260) Adjust Roots
[71.161s][info][gc,phases      ] GC(260) Adjust Roots 0.170ms
[71.161s][info][gc,phases,start] GC(260) Compaction Phase
[71.483s][info][gc,phases      ] GC(260) Compaction Phase 321.609ms
[71.483s][info][gc,phases,start] GC(260) Post Compact
[71.490s][info][gc,phases      ] GC(260) Post Compact 7.072ms
[71.490s][info][gc,heap        ] GC(260) PSYoungGen: 77102K(240640K)->77102K(240640K) Eden: 67071K(67072K)->67071K(67072K) From: 10030K(173568K)->10030K(173568K)
[71.490s][info][gc,heap        ] GC(260) ParOldGen: 4914975K(4915200K)->4914975K(4915200K)
[71.490s][info][gc,metaspace   ] GC(260) Metaspace: 6301K(6464K)->6301K(6464K) NonClass: 5768K(5824K)->5768K(5824K) Class: 533K(640K)->533K(640K)
[71.490s][info][gc             ] GC(260) Pause Full (Ergonomics) 4875M->4875M(5035M) 1449.709ms
[71.490s][info][gc,cpu         ] GC(260) User=10.92s Sys=0.00s Real=1.45s
[71.490s][info][gc,start       ] GC(261) Pause Full (Ergonomics)
[71.490s][info][gc,phases,start] GC(261) Marking Phase
[72.588s][info][gc,phases      ] GC(261) Marking Phase 1097.569ms
[72.588s][info][gc,phases,start] GC(261) Summary Phase
[72.588s][info][gc,phases      ] GC(261) Summary Phase 0.054ms
[72.588s][info][gc,phases,start] GC(261) Adjust Roots
[72.588s][info][gc,phases      ] GC(261) Adjust Roots 0.170ms
[72.588s][info][gc,phases,start] GC(261) Compaction Phase
[72.902s][info][gc,phases      ] GC(261) Compaction Phase 314.056ms
[72.902s][info][gc,phases,start] GC(261) Post Compact
[72.910s][info][gc,phases      ] GC(261) Post Compact 7.214ms
[72.910s][info][gc,heap        ] GC(261) PSYoungGen: 77102K(240640K)->77102K(240640K) Eden: 67071K(67072K)->67071K(67072K) From: 10030K(173568K)->10030K(173568K)
[72.910s][info][gc,heap        ] GC(261) ParOldGen: 4914980K(4915200K)->4914980K(4915200K)
[72.910s][info][gc,metaspace   ] GC(261) Metaspace: 6301K(6464K)->6301K(6464K) NonClass: 5768K(5824K)->5768K(5824K) Class: 533K(640K)->533K(640K)
[72.910s][info][gc             ] GC(261) Pause Full (Ergonomics) 4875M->4875M(5035M) 1419.363ms
[72.910s][info][gc,cpu         ] GC(261) User=10.73s Sys=0.00s Real=1.42s
[72.910s][info][gc,start       ] GC(262) Pause Full (Ergonomics)
[72.910s][info][gc,phases,start] GC(262) Marking Phase
[74.021s][info][gc,phases      ] GC(262) Marking Phase 1110.416ms
[74.021s][info][gc,phases,start] GC(262) Summary Phase
[74.021s][info][gc,phases      ] GC(262) Summary Phase 0.056ms
[74.021s][info][gc,phases,start] GC(262) Adjust Roots
[74.021s][info][gc,phases      ] GC(262) Adjust Roots 0.174ms
[74.021s][info][gc,phases,start] GC(262) Compaction Phase
[74.336s][info][gc,phases      ] GC(262) Compaction Phase 314.837ms
[74.336s][info][gc,phases,start] GC(262) Post Compact
[74.343s][info][gc,phases      ] GC(262) Post Compact 7.159ms
[74.343s][info][gc,heap        ] GC(262) PSYoungGen: 77102K(240640K)->77102K(240640K) Eden: 67071K(67072K)->67071K(67072K) From: 10030K(173568K)->10030K(173568K)
[74.343s][info][gc,heap        ] GC(262) ParOldGen: 4914985K(4915200K)->4914985K(4915200K)
[74.343s][info][gc,metaspace   ] GC(262) Metaspace: 6301K(6464K)->6301K(6464K) NonClass: 5768K(5824K)->5768K(5824K) Class: 533K(640K)->533K(640K)
[74.343s][info][gc             ] GC(262) Pause Full (Ergonomics) 4875M->4875M(5035M) 1433.060ms
[74.343s][info][gc,cpu         ] GC(262) User=10.89s Sys=0.02s Real=1.43s
[74.343s][info][gc,start       ] GC(263) Pause Full (Ergonomics)
[74.343s][info][gc,phases,start] GC(263) Marking Phase
[75.453s][info][gc,phases      ] GC(263) Marking Phase 1110.096ms
[75.453s][info][gc,phases,start] GC(263) Summary Phase
[75.453s][info][gc,phases      ] GC(263) Summary Phase 0.053ms
[75.453s][info][gc,phases,start] GC(263) Adjust Roots
[75.454s][info][gc,phases      ] GC(263) Adjust Roots 0.162ms
[75.454s][info][gc,phases,start] GC(263) Compaction Phase
[75.772s][info][gc,phases      ] GC(263) Compaction Phase 318.098ms
[75.772s][info][gc,phases,start] GC(263) Post Compact
[75.779s][info][gc,phases      ] GC(263) Post Compact 7.126ms
[75.779s][info][gc,heap        ] GC(263) PSYoungGen: 77102K(240640K)->77102K(240640K) Eden: 67071K(67072K)->67071K(67072K) From: 10030K(173568K)->10030K(173568K)
[75.779s][info][gc,heap        ] GC(263) ParOldGen: 4914990K(4915200K)->4914990K(4915200K)
[75.779s][info][gc,metaspace   ] GC(263) Metaspace: 6301K(6464K)->6301K(6464K) NonClass: 5768K(5824K)->5768K(5824K) Class: 533K(640K)->533K(640K)
[75.779s][info][gc             ] GC(263) Pause Full (Ergonomics) 4875M->4875M(5035M) 1435.803ms
[75.779s][info][gc,cpu         ] GC(263) User=10.75s Sys=0.00s Real=1.43s
[75.779s][info][gc,start       ] GC(264) Pause Full (Ergonomics)
[75.779s][info][gc,phases,start] GC(264) Marking Phase
[76.897s][info][gc,phases      ] GC(264) Marking Phase 1117.495ms
[76.897s][info][gc,phases,start] GC(264) Summary Phase
[76.897s][info][gc,phases      ] GC(264) Summary Phase 0.058ms
[76.897s][info][gc,phases,start] GC(264) Adjust Roots
[76.897s][info][gc,phases      ] GC(264) Adjust Roots 0.178ms
[76.897s][info][gc,phases,start] GC(264) Compaction Phase
[77.220s][info][gc,phases      ] GC(264) Compaction Phase 323.075ms
[77.220s][info][gc,phases,start] GC(264) Post Compact
[77.227s][info][gc,phases      ] GC(264) Post Compact 7.228ms
[77.227s][info][gc,heap        ] GC(264) PSYoungGen: 77102K(240640K)->77102K(240640K) Eden: 67071K(67072K)->67071K(67072K) From: 10030K(173568K)->10030K(173568K)
[77.227s][info][gc,heap        ] GC(264) ParOldGen: 4914994K(4915200K)->4914994K(4915200K)
[77.227s][info][gc,metaspace   ] GC(264) Metaspace: 6301K(6464K)->6301K(6464K) NonClass: 5768K(5824K)->5768K(5824K) Class: 533K(640K)->533K(640K)
[77.228s][info][gc             ] GC(264) Pause Full (Ergonomics) 4875M->4875M(5035M) 1448.311ms
[77.228s][info][gc,cpu         ] GC(264) User=10.73s Sys=0.00s Real=1.45s
[77.228s][info][gc,start       ] GC(265) Pause Full (Ergonomics)
[77.228s][info][gc,phases,start] GC(265) Marking Phase
[78.341s][info][gc,phases      ] GC(265) Marking Phase 1113.292ms
[78.341s][info][gc,phases,start] GC(265) Summary Phase
[78.341s][info][gc,phases      ] GC(265) Summary Phase 0.055ms
[78.341s][info][gc,phases,start] GC(265) Adjust Roots
[78.341s][info][gc,phases      ] GC(265) Adjust Roots 0.166ms
[78.341s][info][gc,phases,start] GC(265) Compaction Phase
[78.656s][info][gc,phases      ] GC(265) Compaction Phase 314.594ms
[78.656s][info][gc,phases,start] GC(265) Post Compact
[78.663s][info][gc,phases      ] GC(265) Post Compact 7.196ms
[78.663s][info][gc,heap        ] GC(265) PSYoungGen: 77102K(240640K)->77102K(240640K) Eden: 67071K(67072K)->67071K(67072K) From: 10030K(173568K)->10030K(173568K)
[78.663s][info][gc,heap        ] GC(265) ParOldGen: 4914999K(4915200K)->4914999K(4915200K)
[78.663s][info][gc,metaspace   ] GC(265) Metaspace: 6301K(6464K)->6301K(6464K) NonClass: 5768K(5824K)->5768K(5824K) Class: 533K(640K)->533K(640K)
[78.663s][info][gc             ] GC(265) Pause Full (Ergonomics) 4875M->4875M(5035M) 1435.624ms
[78.663s][info][gc,cpu         ] GC(265) User=10.77s Sys=0.00s Real=1.44s
[78.664s][info][gc,start       ] GC(266) Pause Full (Ergonomics)
[78.664s][info][gc,phases,start] GC(266) Marking Phase
[79.776s][info][gc,phases      ] GC(266) Marking Phase 1112.660ms
[79.776s][info][gc,phases,start] GC(266) Summary Phase
[79.776s][info][gc,phases      ] GC(266) Summary Phase 0.054ms
[79.776s][info][gc,phases,start] GC(266) Adjust Roots
[79.777s][info][gc,phases      ] GC(266) Adjust Roots 0.161ms
[79.777s][info][gc,phases,start] GC(266) Compaction Phase
[80.095s][info][gc,phases      ] GC(266) Compaction Phase 318.880ms
[80.095s][info][gc,phases,start] GC(266) Post Compact
[80.103s][info][gc,phases      ] GC(266) Post Compact 7.160ms
[80.103s][info][gc,heap        ] GC(266) PSYoungGen: 77102K(240640K)->77102K(240640K) Eden: 67071K(67072K)->67071K(67072K) From: 10030K(173568K)->10030K(173568K)
[80.103s][info][gc,heap        ] GC(266) ParOldGen: 4915004K(4915200K)->4915004K(4915200K)
[80.103s][info][gc,metaspace   ] GC(266) Metaspace: 6301K(6464K)->6301K(6464K) NonClass: 5768K(5824K)->5768K(5824K) Class: 533K(640K)->533K(640K)
[80.103s][info][gc             ] GC(266) Pause Full (Ergonomics) 4875M->4875M(5035M) 1439.231ms
[80.103s][info][gc,cpu         ] GC(266) User=10.69s Sys=0.00s Real=1.44s
[80.103s][info][gc,start       ] GC(267) Pause Full (Ergonomics)
[80.103s][info][gc,phases,start] GC(267) Marking Phase
[81.230s][info][gc,phases      ] GC(267) Marking Phase 1127.441ms
[81.230s][info][gc,phases,start] GC(267) Summary Phase
[81.231s][info][gc,phases      ] GC(267) Summary Phase 0.054ms
[81.231s][info][gc,phases,start] GC(267) Adjust Roots
[81.231s][info][gc,phases      ] GC(267) Adjust Roots 0.162ms
[81.231s][info][gc,phases,start] GC(267) Compaction Phase
[81.546s][info][gc,phases      ] GC(267) Compaction Phase 315.154ms
[81.546s][info][gc,phases,start] GC(267) Post Compact
[81.553s][info][gc,phases      ] GC(267) Post Compact 7.100ms
[81.553s][info][gc,heap        ] GC(267) PSYoungGen: 77102K(240640K)->77102K(240640K) Eden: 67071K(67072K)->67071K(67072K) From: 10030K(173568K)->10030K(173568K)
[81.553s][info][gc,heap        ] GC(267) ParOldGen: 4915009K(4915200K)->4915009K(4915200K)
[81.553s][info][gc,metaspace   ] GC(267) Metaspace: 6301K(6464K)->6301K(6464K) NonClass: 5768K(5824K)->5768K(5824K) Class: 533K(640K)->533K(640K)
[81.553s][info][gc             ] GC(267) Pause Full (Ergonomics) 4875M->4875M(5035M) 1450.206ms
[81.553s][info][gc,cpu         ] GC(267) User=10.94s Sys=0.00s Real=1.45s
[81.553s][info][gc,start       ] GC(268) Pause Full (Ergonomics)
[81.553s][info][gc,phases,start] GC(268) Marking Phase
[82.662s][info][gc,phases      ] GC(268) Marking Phase 1108.519ms
[82.662s][info][gc,phases,start] GC(268) Summary Phase
[82.662s][info][gc,phases      ] GC(268) Summary Phase 0.055ms
[82.662s][info][gc,phases,start] GC(268) Adjust Roots
[82.662s][info][gc,phases      ] GC(268) Adjust Roots 0.167ms
[82.662s][info][gc,phases,start] GC(268) Compaction Phase
[82.977s][info][gc,phases      ] GC(268) Compaction Phase 314.845ms
[82.977s][info][gc,phases,start] GC(268) Post Compact
[82.984s][info][gc,phases      ] GC(268) Post Compact 7.302ms
[82.984s][info][gc,heap        ] GC(268) PSYoungGen: 77102K(240640K)->77102K(240640K) Eden: 67071K(67072K)->67071K(67072K) From: 10030K(173568K)->10030K(173568K)
[82.985s][info][gc,heap        ] GC(268) ParOldGen: 4915014K(4915200K)->4915014K(4915200K)
[82.985s][info][gc,metaspace   ] GC(268) Metaspace: 6301K(6464K)->6301K(6464K) NonClass: 5768K(5824K)->5768K(5824K) Class: 533K(640K)->533K(640K)
[82.985s][info][gc             ] GC(268) Pause Full (Ergonomics) 4875M->4875M(5035M) 1431.226ms
[82.985s][info][gc,cpu         ] GC(268) User=10.92s Sys=0.00s Real=1.43s
[82.985s][info][gc,start       ] GC(269) Pause Full (Ergonomics)
[82.985s][info][gc,phases,start] GC(269) Marking Phase
[84.105s][info][gc,phases      ] GC(269) Marking Phase 1120.208ms
[84.105s][info][gc,phases,start] GC(269) Summary Phase
[84.105s][info][gc,phases      ] GC(269) Summary Phase 0.087ms
[84.105s][info][gc,phases,start] GC(269) Adjust Roots
[84.105s][info][gc,phases      ] GC(269) Adjust Roots 0.190ms
[84.105s][info][gc,phases,start] GC(269) Compaction Phase
[84.423s][info][gc,phases      ] GC(269) Compaction Phase 317.623ms
[84.423s][info][gc,phases,start] GC(269) Post Compact
[84.430s][info][gc,phases      ] GC(269) Post Compact 7.087ms
[84.430s][info][gc,heap        ] GC(269) PSYoungGen: 77102K(240640K)->77102K(240640K) Eden: 67071K(67072K)->67071K(67072K) From: 10030K(173568K)->10030K(173568K)
[84.430s][info][gc,heap        ] GC(269) ParOldGen: 4915019K(4915200K)->4915019K(4915200K)
[84.430s][info][gc,metaspace   ] GC(269) Metaspace: 6301K(6464K)->6301K(6464K) NonClass: 5768K(5824K)->5768K(5824K) Class: 533K(640K)->533K(640K)
[84.430s][info][gc             ] GC(269) Pause Full (Ergonomics) 4875M->4875M(5035M) 1445.486ms
[84.430s][info][gc,cpu         ] GC(269) User=10.80s Sys=0.00s Real=1.45s
[84.430s][info][gc,start       ] GC(270) Pause Full (Ergonomics)
[84.430s][info][gc,phases,start] GC(270) Marking Phase
[85.551s][info][gc,phases      ] GC(270) Marking Phase 1120.578ms
[85.551s][info][gc,phases,start] GC(270) Summary Phase
[85.551s][info][gc,phases      ] GC(270) Summary Phase 0.104ms
[85.551s][info][gc,phases,start] GC(270) Adjust Roots
[85.551s][info][gc,phases      ] GC(270) Adjust Roots 0.265ms
[85.552s][info][gc,phases,start] GC(270) Compaction Phase
[85.868s][info][gc,phases      ] GC(270) Compaction Phase 316.981ms
[85.869s][info][gc,phases,start] GC(270) Post Compact
[85.876s][info][gc,phases      ] GC(270) Post Compact 7.177ms
[85.876s][info][gc,heap        ] GC(270) PSYoungGen: 77102K(240640K)->77102K(240640K) Eden: 67071K(67072K)->67071K(67072K) From: 10030K(173568K)->10030K(173568K)
[85.876s][info][gc,heap        ] GC(270) ParOldGen: 4915023K(4915200K)->4915023K(4915200K)
[85.876s][info][gc,metaspace   ] GC(270) Metaspace: 6301K(6464K)->6301K(6464K) NonClass: 5768K(5824K)->5768K(5824K) Class: 533K(640K)->533K(640K)
[85.876s][info][gc             ] GC(270) Pause Full (Ergonomics) 4875M->4875M(5035M) 1445.416ms
[85.876s][info][gc,cpu         ] GC(270) User=10.80s Sys=0.00s Real=1.44s
[85.876s][info][gc,start       ] GC(271) Pause Full (Ergonomics)
[85.876s][info][gc,phases,start] GC(271) Marking Phase
[87.008s][info][gc,phases      ] GC(271) Marking Phase 1132.034ms
[87.008s][info][gc,phases,start] GC(271) Summary Phase
[87.008s][info][gc,phases      ] GC(271) Summary Phase 0.061ms
[87.008s][info][gc,phases,start] GC(271) Adjust Roots
[87.008s][info][gc,phases      ] GC(271) Adjust Roots 0.190ms
[87.008s][info][gc,phases,start] GC(271) Compaction Phase
[87.321s][info][gc,phases      ] GC(271) Compaction Phase 312.067ms
[87.321s][info][gc,phases,start] GC(271) Post Compact
[87.328s][info][gc,phases      ] GC(271) Post Compact 7.099ms
[87.328s][info][gc,heap        ] GC(271) PSYoungGen: 77102K(240640K)->77102K(240640K) Eden: 67071K(67072K)->67071K(67072K) From: 10030K(173568K)->10030K(173568K)
[87.328s][info][gc,heap        ] GC(271) ParOldGen: 4915028K(4915200K)->4915028K(4915200K)
[87.328s][info][gc,metaspace   ] GC(271) Metaspace: 6301K(6464K)->6301K(6464K) NonClass: 5768K(5824K)->5768K(5824K) Class: 533K(640K)->533K(640K)
[87.328s][info][gc             ] GC(271) Pause Full (Ergonomics) 4875M->4875M(5035M) 1451.762ms
[87.328s][info][gc,cpu         ] GC(271) User=10.97s Sys=0.00s Real=1.45s
[87.328s][info][gc,start       ] GC(272) Pause Full (Ergonomics)
[87.328s][info][gc,phases,start] GC(272) Marking Phase
[88.446s][info][gc,phases      ] GC(272) Marking Phase 1117.563ms
[88.446s][info][gc,phases,start] GC(272) Summary Phase
[88.446s][info][gc,phases      ] GC(272) Summary Phase 0.070ms
[88.446s][info][gc,phases,start] GC(272) Adjust Roots
[88.446s][info][gc,phases      ] GC(272) Adjust Roots 0.227ms
[88.446s][info][gc,phases,start] GC(272) Compaction Phase
[88.761s][info][gc,phases      ] GC(272) Compaction Phase 314.937ms
[88.761s][info][gc,phases,start] GC(272) Post Compact
[88.768s][info][gc,phases      ] GC(272) Post Compact 7.283ms
[88.768s][info][gc,heap        ] GC(272) PSYoungGen: 77102K(240640K)->77102K(240640K) Eden: 67071K(67072K)->67071K(67072K) From: 10030K(173568K)->10030K(173568K)
[88.768s][info][gc,heap        ] GC(272) ParOldGen: 4915033K(4915200K)->4915033K(4915200K)
[88.768s][info][gc,metaspace   ] GC(272) Metaspace: 6301K(6464K)->6301K(6464K) NonClass: 5768K(5824K)->5768K(5824K) Class: 533K(640K)->533K(640K)
[88.768s][info][gc             ] GC(272) Pause Full (Ergonomics) 4875M->4875M(5035M) 1440.422ms
[88.768s][info][gc,cpu         ] GC(272) User=10.77s Sys=0.00s Real=1.44s
[88.769s][info][gc,start       ] GC(273) Pause Full (Ergonomics)
[88.769s][info][gc,phases,start] GC(273) Marking Phase
[89.895s][info][gc,phases      ] GC(273) Marking Phase 1126.223ms
[89.895s][info][gc,phases,start] GC(273) Summary Phase
[89.895s][info][gc,phases      ] GC(273) Summary Phase 0.066ms
[89.895s][info][gc,phases,start] GC(273) Adjust Roots
[89.895s][info][gc,phases      ] GC(273) Adjust Roots 0.229ms
[89.895s][info][gc,phases,start] GC(273) Compaction Phase
[90.214s][info][gc,phases      ] GC(273) Compaction Phase 318.621ms
[90.214s][info][gc,phases,start] GC(273) Post Compact
[90.222s][info][gc,phases      ] GC(273) Post Compact 7.720ms
[90.222s][info][gc,heap        ] GC(273) PSYoungGen: 77102K(240640K)->77102K(240640K) Eden: 67071K(67072K)->67071K(67072K) From: 10030K(173568K)->10030K(173568K)
[90.222s][info][gc,heap        ] GC(273) ParOldGen: 4915038K(4915200K)->4915038K(4915200K)
[90.222s][info][gc,metaspace   ] GC(273) Metaspace: 6301K(6464K)->6301K(6464K) NonClass: 5768K(5824K)->5768K(5824K) Class: 533K(640K)->533K(640K)
[90.222s][info][gc             ] GC(273) Pause Full (Ergonomics) 4875M->4875M(5035M) 1453.178ms
[90.222s][info][gc,cpu         ] GC(273) User=11.06s Sys=0.00s Real=1.45s
[90.222s][info][gc,start       ] GC(274) Pause Full (Ergonomics)
[90.222s][info][gc,phases,start] GC(274) Marking Phase
[91.328s][info][gc,phases      ] GC(274) Marking Phase 1106.376ms
[91.328s][info][gc,phases,start] GC(274) Summary Phase
[91.329s][info][gc,phases      ] GC(274) Summary Phase 0.080ms
[91.329s][info][gc,phases,start] GC(274) Adjust Roots
[91.329s][info][gc,phases      ] GC(274) Adjust Roots 0.214ms
[91.329s][info][gc,phases,start] GC(274) Compaction Phase
[91.651s][info][gc,phases      ] GC(274) Compaction Phase 321.850ms
[91.651s][info][gc,phases,start] GC(274) Post Compact
[91.658s][info][gc,phases      ] GC(274) Post Compact 7.200ms
[91.658s][info][gc,heap        ] GC(274) PSYoungGen: 77102K(240640K)->77102K(240640K) Eden: 67071K(67072K)->67071K(67072K) From: 10030K(173568K)->10030K(173568K)
[91.658s][info][gc,heap        ] GC(274) ParOldGen: 4915043K(4915200K)->4915043K(4915200K)
[91.658s][info][gc,metaspace   ] GC(274) Metaspace: 6301K(6464K)->6301K(6464K) NonClass: 5768K(5824K)->5768K(5824K) Class: 533K(640K)->533K(640K)
[91.658s][info][gc             ] GC(274) Pause Full (Ergonomics) 4875M->4875M(5035M) 1436.073ms
[91.658s][info][gc,cpu         ] GC(274) User=10.84s Sys=0.00s Real=1.44s
[91.658s][info][gc,start       ] GC(275) Pause Full (Ergonomics)
[91.658s][info][gc,phases,start] GC(275) Marking Phase
[92.775s][info][gc,phases      ] GC(275) Marking Phase 1116.643ms
[92.775s][info][gc,phases,start] GC(275) Summary Phase
[92.775s][info][gc,phases      ] GC(275) Summary Phase 0.064ms
[92.775s][info][gc,phases,start] GC(275) Adjust Roots
[92.775s][info][gc,phases      ] GC(275) Adjust Roots 0.207ms
[92.775s][info][gc,phases,start] GC(275) Compaction Phase
[93.090s][info][gc,phases      ] GC(275) Compaction Phase 314.583ms
[93.090s][info][gc,phases,start] GC(275) Post Compact
[93.097s][info][gc,phases      ] GC(275) Post Compact 7.152ms
[93.097s][info][gc,heap        ] GC(275) PSYoungGen: 77102K(240640K)->77102K(240640K) Eden: 67071K(67072K)->67071K(67072K) From: 10030K(173568K)->10030K(173568K)
[93.097s][info][gc,heap        ] GC(275) ParOldGen: 4915048K(4915200K)->4915048K(4915200K)
[93.097s][info][gc,metaspace   ] GC(275) Metaspace: 6301K(6464K)->6301K(6464K) NonClass: 5768K(5824K)->5768K(5824K) Class: 533K(640K)->533K(640K)
[93.097s][info][gc             ] GC(275) Pause Full (Ergonomics) 4875M->4875M(5035M) 1438.929ms
[93.097s][info][gc,cpu         ] GC(275) User=10.98s Sys=0.00s Real=1.44s
[93.097s][info][gc,start       ] GC(276) Pause Full (Ergonomics)
[93.097s][info][gc,phases,start] GC(276) Marking Phase
[94.218s][info][gc,phases      ] GC(276) Marking Phase 1120.950ms
[94.218s][info][gc,phases,start] GC(276) Summary Phase
[94.218s][info][gc,phases      ] GC(276) Summary Phase 0.053ms
[94.218s][info][gc,phases,start] GC(276) Adjust Roots
[94.219s][info][gc,phases      ] GC(276) Adjust Roots 0.168ms
[94.219s][info][gc,phases,start] GC(276) Compaction Phase
[94.538s][info][gc,phases      ] GC(276) Compaction Phase 319.722ms
[94.538s][info][gc,phases,start] GC(276) Post Compact
[94.546s][info][gc,phases      ] GC(276) Post Compact 7.180ms
[94.546s][info][gc,heap        ] GC(276) PSYoungGen: 77102K(240640K)->77102K(240640K) Eden: 67071K(67072K)->67071K(67072K) From: 10030K(173568K)->10030K(173568K)
[94.546s][info][gc,heap        ] GC(276) ParOldGen: 4915052K(4915200K)->4915052K(4915200K)
[94.546s][info][gc,metaspace   ] GC(276) Metaspace: 6301K(6464K)->6301K(6464K) NonClass: 5768K(5824K)->5768K(5824K) Class: 533K(640K)->533K(640K)
[94.546s][info][gc             ] GC(276) Pause Full (Ergonomics) 4875M->4875M(5035M) 1448.352ms
[94.546s][info][gc,cpu         ] GC(276) User=10.92s Sys=0.00s Real=1.45s
[94.546s][info][gc,start       ] GC(277) Pause Full (Ergonomics)
[94.546s][info][gc,phases,start] GC(277) Marking Phase
[95.643s][info][gc,phases      ] GC(277) Marking Phase 1097.312ms
[95.643s][info][gc,phases,start] GC(277) Summary Phase
[95.643s][info][gc,phases      ] GC(277) Summary Phase 0.054ms
[95.643s][info][gc,phases,start] GC(277) Adjust Roots
[95.643s][info][gc,phases      ] GC(277) Adjust Roots 0.162ms
[95.643s][info][gc,phases,start] GC(277) Compaction Phase
[95.961s][info][gc,phases      ] GC(277) Compaction Phase 317.542ms
[95.961s][info][gc,phases,start] GC(277) Post Compact
[95.968s][info][gc,phases      ] GC(277) Post Compact 7.295ms
[95.968s][info][gc,heap        ] GC(277) PSYoungGen: 77102K(240640K)->77102K(240640K) Eden: 67071K(67072K)->67071K(67072K) From: 10030K(173568K)->10030K(173568K)
[95.968s][info][gc,heap        ] GC(277) ParOldGen: 4915057K(4915200K)->4915057K(4915200K)
[95.968s][info][gc,metaspace   ] GC(277) Metaspace: 6301K(6464K)->6301K(6464K) NonClass: 5768K(5824K)->5768K(5824K) Class: 533K(640K)->533K(640K)
[95.969s][info][gc             ] GC(277) Pause Full (Ergonomics) 4875M->4875M(5035M) 1422.663ms
[95.969s][info][gc,cpu         ] GC(277) User=10.62s Sys=0.00s Real=1.42s
[95.969s][info][gc,start       ] GC(278) Pause Full (Ergonomics)
[95.969s][info][gc,phases,start] GC(278) Marking Phase
[97.062s][info][gc,phases      ] GC(278) Marking Phase 1093.295ms
[97.062s][info][gc,phases,start] GC(278) Summary Phase
[97.062s][info][gc,phases      ] GC(278) Summary Phase 0.084ms
[97.062s][info][gc,phases,start] GC(278) Adjust Roots
[97.062s][info][gc,phases      ] GC(278) Adjust Roots 0.181ms
[97.062s][info][gc,phases,start] GC(278) Compaction Phase
[97.386s][info][gc,phases      ] GC(278) Compaction Phase 323.574ms
[97.386s][info][gc,phases,start] GC(278) Post Compact
[97.394s][info][gc,phases      ] GC(278) Post Compact 7.760ms
[97.394s][info][gc,heap        ] GC(278) PSYoungGen: 77102K(240640K)->77102K(240640K) Eden: 67071K(67072K)->67071K(67072K) From: 10030K(173568K)->10030K(173568K)
[97.394s][info][gc,heap        ] GC(278) ParOldGen: 4915062K(4915200K)->4915062K(4915200K)
[97.394s][info][gc,metaspace   ] GC(278) Metaspace: 6301K(6464K)->6301K(6464K) NonClass: 5768K(5824K)->5768K(5824K) Class: 533K(640K)->533K(640K)
[97.394s][info][gc             ] GC(278) Pause Full (Ergonomics) 4875M->4875M(5035M) 1425.236ms
[97.394s][info][gc,cpu         ] GC(278) User=10.75s Sys=0.02s Real=1.42s
[97.394s][info][gc,start       ] GC(279) Pause Full (Ergonomics)
[97.394s][info][gc,phases,start] GC(279) Marking Phase
[98.503s][info][gc,phases      ] GC(279) Marking Phase 1108.709ms
[98.503s][info][gc,phases,start] GC(279) Summary Phase
[98.503s][info][gc,phases      ] GC(279) Summary Phase 0.095ms
[98.503s][info][gc,phases,start] GC(279) Adjust Roots
[98.503s][info][gc,phases      ] GC(279) Adjust Roots 0.208ms
[98.503s][info][gc,phases,start] GC(279) Compaction Phase
[98.849s][info][gc,phases      ] GC(279) Compaction Phase 345.289ms
[98.849s][info][gc,phases,start] GC(279) Post Compact
[98.856s][info][gc,phases      ] GC(279) Post Compact 7.227ms
[98.856s][info][gc,heap        ] GC(279) PSYoungGen: 77102K(240640K)->77102K(240640K) Eden: 67071K(67072K)->67071K(67072K) From: 10030K(173568K)->10030K(173568K)
[98.856s][info][gc,heap        ] GC(279) ParOldGen: 4915067K(4915200K)->4915067K(4915200K)
[98.856s][info][gc,metaspace   ] GC(279) Metaspace: 6301K(6464K)->6301K(6464K) NonClass: 5768K(5824K)->5768K(5824K) Class: 533K(640K)->533K(640K)
[98.856s][info][gc             ] GC(279) Pause Full (Ergonomics) 4875M->4875M(5035M) 1461.857ms
[98.856s][info][gc,cpu         ] GC(279) User=10.83s Sys=0.00s Real=1.46s
[98.856s][info][gc,start       ] GC(280) Pause Full (Ergonomics)
[98.856s][info][gc,phases,start] GC(280) Marking Phase
[99.971s][info][gc,phases      ] GC(280) Marking Phase 1114.464ms
[99.971s][info][gc,phases,start] GC(280) Summary Phase
[99.971s][info][gc,phases      ] GC(280) Summary Phase 0.061ms
[99.971s][info][gc,phases,start] GC(280) Adjust Roots
[99.971s][info][gc,phases      ] GC(280) Adjust Roots 0.242ms
[99.971s][info][gc,phases,start] GC(280) Compaction Phase
[100.290s][info][gc,phases      ] GC(280) Compaction Phase 318.914ms
[100.290s][info][gc,phases,start] GC(280) Post Compact
[100.298s][info][gc,phases      ] GC(280) Post Compact 7.703ms
[100.298s][info][gc,heap        ] GC(280) PSYoungGen: 77102K(240640K)->77102K(240640K) Eden: 67071K(67072K)->67071K(67072K) From: 10030K(173568K)->10030K(173568K)
[100.298s][info][gc,heap        ] GC(280) ParOldGen: 4915072K(4915200K)->4915072K(4915200K)
[100.298s][info][gc,metaspace   ] GC(280) Metaspace: 6301K(6464K)->6301K(6464K) NonClass: 5768K(5824K)->5768K(5824K) Class: 533K(640K)->533K(640K)
[100.298s][info][gc             ] GC(280) Pause Full (Ergonomics) 4875M->4875M(5035M) 1441.725ms
[100.298s][info][gc,cpu         ] GC(280) User=10.81s Sys=0.00s Real=1.44s
[100.298s][info][gc,start       ] GC(281) Pause Full (Ergonomics)
[100.298s][info][gc,phases,start] GC(281) Marking Phase
[101.428s][info][gc,phases      ] GC(281) Marking Phase 1130.037ms
[101.428s][info][gc,phases,start] GC(281) Summary Phase
[101.428s][info][gc,phases      ] GC(281) Summary Phase 0.054ms
[101.428s][info][gc,phases,start] GC(281) Adjust Roots
[101.428s][info][gc,phases      ] GC(281) Adjust Roots 0.167ms
[101.428s][info][gc,phases,start] GC(281) Compaction Phase
[101.747s][info][gc,phases      ] GC(281) Compaction Phase 318.411ms
[101.747s][info][gc,phases,start] GC(281) Post Compact
[101.754s][info][gc,phases      ] GC(281) Post Compact 7.109ms
[101.754s][info][gc,heap        ] GC(281) PSYoungGen: 77102K(240640K)->77102K(240640K) Eden: 67071K(67072K)->67071K(67072K) From: 10030K(173568K)->10030K(173568K)
[101.754s][info][gc,heap        ] GC(281) ParOldGen: 4915077K(4915200K)->4915077K(4915200K)
[101.754s][info][gc,metaspace   ] GC(281) Metaspace: 6301K(6464K)->6301K(6464K) NonClass: 5768K(5824K)->5768K(5824K) Class: 533K(640K)->533K(640K)
[101.754s][info][gc             ] GC(281) Pause Full (Ergonomics) 4875M->4875M(5035M) 1456.093ms
[101.754s][info][gc,cpu         ] GC(281) User=11.16s Sys=0.00s Real=1.46s
[101.754s][info][gc,start       ] GC(282) Pause Full (Ergonomics)
[101.754s][info][gc,phases,start] GC(282) Marking Phase
[102.870s][info][gc,phases      ] GC(282) Marking Phase 1115.336ms
[102.870s][info][gc,phases,start] GC(282) Summary Phase
[102.870s][info][gc,phases      ] GC(282) Summary Phase 0.055ms
[102.870s][info][gc,phases,start] GC(282) Adjust Roots
[102.870s][info][gc,phases      ] GC(282) Adjust Roots 0.175ms
[102.870s][info][gc,phases,start] GC(282) Compaction Phase
[103.194s][info][gc,phases      ] GC(282) Compaction Phase 323.534ms
[103.194s][info][gc,phases,start] GC(282) Post Compact
[103.201s][info][gc,phases      ] GC(282) Post Compact 7.392ms
[103.201s][info][gc,heap        ] GC(282) PSYoungGen: 77102K(240640K)->77102K(240640K) Eden: 67071K(67072K)->67071K(67072K) From: 10030K(173568K)->10030K(173568K)
[103.201s][info][gc,heap        ] GC(282) ParOldGen: 4915081K(4915200K)->4915081K(4915200K)
[103.201s][info][gc,metaspace   ] GC(282) Metaspace: 6301K(6464K)->6301K(6464K) NonClass: 5768K(5824K)->5768K(5824K) Class: 533K(640K)->533K(640K)
[103.201s][info][gc             ] GC(282) Pause Full (Ergonomics) 4875M->4875M(5035M) 1446.798ms
[103.201s][info][gc,cpu         ] GC(282) User=11.08s Sys=0.00s Real=1.45s
[103.201s][info][gc,start       ] GC(283) Pause Full (Ergonomics)
[103.201s][info][gc,phases,start] GC(283) Marking Phase
[104.302s][info][gc,phases      ] GC(283) Marking Phase 1100.174ms
[104.302s][info][gc,phases,start] GC(283) Summary Phase
[104.302s][info][gc,phases      ] GC(283) Summary Phase 0.054ms
[104.302s][info][gc,phases,start] GC(283) Adjust Roots
[104.302s][info][gc,phases      ] GC(283) Adjust Roots 0.165ms
[104.302s][info][gc,phases,start] GC(283) Compaction Phase
[104.627s][info][gc,phases      ] GC(283) Compaction Phase 325.013ms
[104.627s][info][gc,phases,start] GC(283) Post Compact
[104.634s][info][gc,phases      ] GC(283) Post Compact 7.224ms
[104.634s][info][gc,heap        ] GC(283) PSYoungGen: 77102K(240640K)->77102K(240640K) Eden: 67071K(67072K)->67071K(67072K) From: 10030K(173568K)->10030K(173568K)
[104.634s][info][gc,heap        ] GC(283) ParOldGen: 4915086K(4915200K)->4915086K(4915200K)
[104.634s][info][gc,metaspace   ] GC(283) Metaspace: 6301K(6464K)->6301K(6464K) NonClass: 5768K(5824K)->5768K(5824K) Class: 533K(640K)->533K(640K)
[104.634s][info][gc             ] GC(283) Pause Full (Ergonomics) 4875M->4875M(5035M) 1432.938ms
[104.634s][info][gc,cpu         ] GC(283) User=10.77s Sys=0.00s Real=1.43s
[104.634s][info][gc,start       ] GC(284) Pause Full (Ergonomics)
[104.635s][info][gc,phases,start] GC(284) Marking Phase
[105.755s][info][gc,phases      ] GC(284) Marking Phase 1120.424ms
[105.755s][info][gc,phases,start] GC(284) Summary Phase
[105.755s][info][gc,phases      ] GC(284) Summary Phase 0.057ms
[105.755s][info][gc,phases,start] GC(284) Adjust Roots
[105.755s][info][gc,phases      ] GC(284) Adjust Roots 0.196ms
[105.755s][info][gc,phases,start] GC(284) Compaction Phase
[106.080s][info][gc,phases      ] GC(284) Compaction Phase 324.427ms
[106.080s][info][gc,phases,start] GC(284) Post Compact
[106.087s][info][gc,phases      ] GC(284) Post Compact 7.187ms
[106.087s][info][gc,heap        ] GC(284) PSYoungGen: 77102K(240640K)->77102K(240640K) Eden: 67071K(67072K)->67071K(67072K) From: 10030K(173568K)->10030K(173568K)
[106.087s][info][gc,heap        ] GC(284) ParOldGen: 4915091K(4915200K)->4915091K(4915200K)
[106.087s][info][gc,metaspace   ] GC(284) Metaspace: 6301K(6464K)->6301K(6464K) NonClass: 5768K(5824K)->5768K(5824K) Class: 533K(640K)->533K(640K)
[106.087s][info][gc             ] GC(284) Pause Full (Ergonomics) 4875M->4875M(5035M) 1452.604ms
[106.087s][info][gc,cpu         ] GC(284) User=10.97s Sys=0.00s Real=1.45s
[106.087s][info][gc,start       ] GC(285) Pause Full (Ergonomics)
[106.087s][info][gc,phases,start] GC(285) Marking Phase
[107.184s][info][gc,phases      ] GC(285) Marking Phase 1096.228ms
[107.184s][info][gc,phases,start] GC(285) Summary Phase
[107.184s][info][gc,phases      ] GC(285) Summary Phase 0.055ms
[107.184s][info][gc,phases,start] GC(285) Adjust Roots
[107.184s][info][gc,phases      ] GC(285) Adjust Roots 0.195ms
[107.184s][info][gc,phases,start] GC(285) Compaction Phase
[107.508s][info][gc,phases      ] GC(285) Compaction Phase 324.464ms
[107.508s][info][gc,phases,start] GC(285) Post Compact
[107.516s][info][gc,phases      ] GC(285) Post Compact 7.155ms
[107.516s][info][gc,heap        ] GC(285) PSYoungGen: 77102K(240640K)->77102K(240640K) Eden: 67071K(67072K)->67071K(67072K) From: 10030K(173568K)->10030K(173568K)
[107.516s][info][gc,heap        ] GC(285) ParOldGen: 4915096K(4915200K)->4915096K(4915200K)
[107.516s][info][gc,metaspace   ] GC(285) Metaspace: 6301K(6464K)->6301K(6464K) NonClass: 5768K(5824K)->5768K(5824K) Class: 533K(640K)->533K(640K)
[107.516s][info][gc             ] GC(285) Pause Full (Ergonomics) 4875M->4875M(5035M) 1428.387ms
[107.516s][info][gc,cpu         ] GC(285) User=10.83s Sys=0.00s Real=1.43s
[107.516s][info][gc,start       ] GC(286) Pause Full (Ergonomics)
[107.516s][info][gc,phases,start] GC(286) Marking Phase
[108.633s][info][gc,phases      ] GC(286) Marking Phase 1117.571ms
[108.634s][info][gc,phases,start] GC(286) Summary Phase
[108.634s][info][gc,phases      ] GC(286) Summary Phase 0.054ms
[108.634s][info][gc,phases,start] GC(286) Adjust Roots
[108.634s][info][gc,phases      ] GC(286) Adjust Roots 0.164ms
[108.634s][info][gc,phases,start] GC(286) Compaction Phase
[108.957s][info][gc,phases      ] GC(286) Compaction Phase 323.469ms
[108.957s][info][gc,phases,start] GC(286) Post Compact
[108.965s][info][gc,phases      ] GC(286) Post Compact 7.204ms
[108.965s][info][gc,heap        ] GC(286) PSYoungGen: 77102K(240640K)->77102K(240640K) Eden: 67071K(67072K)->67071K(67072K) From: 10030K(173568K)->10030K(173568K)
[108.965s][info][gc,heap        ] GC(286) ParOldGen: 4915101K(4915200K)->4915101K(4915200K)
[108.965s][info][gc,metaspace   ] GC(286) Metaspace: 6301K(6464K)->6301K(6464K) NonClass: 5768K(5824K)->5768K(5824K) Class: 533K(640K)->533K(640K)
[108.965s][info][gc             ] GC(286) Pause Full (Ergonomics) 4875M->4875M(5035M) 1448.768ms
[108.965s][info][gc,cpu         ] GC(286) User=10.98s Sys=0.02s Real=1.45s
[108.965s][info][gc,start       ] GC(287) Pause Full (Ergonomics)
[108.965s][info][gc,phases,start] GC(287) Marking Phase
[110.091s][info][gc,phases      ] GC(287) Marking Phase 1125.816ms
[110.091s][info][gc,phases,start] GC(287) Summary Phase
[110.091s][info][gc,phases      ] GC(287) Summary Phase 0.054ms
[110.091s][info][gc,phases,start] GC(287) Adjust Roots
[110.091s][info][gc,phases      ] GC(287) Adjust Roots 0.170ms
[110.091s][info][gc,phases,start] GC(287) Compaction Phase
[110.420s][info][gc,phases      ] GC(287) Compaction Phase 328.627ms
[110.420s][info][gc,phases,start] GC(287) Post Compact
[110.427s][info][gc,phases      ] GC(287) Post Compact 7.083ms
[110.427s][info][gc,heap        ] GC(287) PSYoungGen: 77102K(240640K)->77102K(240640K) Eden: 67071K(67072K)->67071K(67072K) From: 10030K(173568K)->10030K(173568K)
[110.427s][info][gc,heap        ] GC(287) ParOldGen: 4915106K(4915200K)->4915106K(4915200K)
[110.427s][info][gc,metaspace   ] GC(287) Metaspace: 6301K(6464K)->6301K(6464K) NonClass: 5768K(5824K)->5768K(5824K) Class: 533K(640K)->533K(640K)
[110.427s][info][gc             ] GC(287) Pause Full (Ergonomics) 4875M->4875M(5035M) 1462.050ms
[110.427s][info][gc,cpu         ] GC(287) User=10.94s Sys=0.00s Real=1.46s
[110.427s][info][gc,start       ] GC(288) Pause Full (Ergonomics)
[110.427s][info][gc,phases,start] GC(288) Marking Phase
[111.516s][info][gc,phases      ] GC(288) Marking Phase 1089.179ms
[111.516s][info][gc,phases,start] GC(288) Summary Phase
[111.516s][info][gc,phases      ] GC(288) Summary Phase 0.055ms
[111.516s][info][gc,phases,start] GC(288) Adjust Roots
[111.517s][info][gc,phases      ] GC(288) Adjust Roots 0.168ms
[111.517s][info][gc,phases,start] GC(288) Compaction Phase
[111.844s][info][gc,phases      ] GC(288) Compaction Phase 327.384ms
[111.844s][info][gc,phases,start] GC(288) Post Compact
[111.851s][info][gc,phases      ] GC(288) Post Compact 7.199ms
[111.851s][info][gc,heap        ] GC(288) PSYoungGen: 77102K(240640K)->77102K(240640K) Eden: 67071K(67072K)->67071K(67072K) From: 10030K(173568K)->10030K(173568K)
[111.851s][info][gc,heap        ] GC(288) ParOldGen: 4915110K(4915200K)->4915110K(4915200K)
[111.851s][info][gc,metaspace   ] GC(288) Metaspace: 6301K(6464K)->6301K(6464K) NonClass: 5768K(5824K)->5768K(5824K) Class: 533K(640K)->533K(640K)
[111.851s][info][gc             ] GC(288) Pause Full (Ergonomics) 4875M->4875M(5035M) 1424.297ms
[111.851s][info][gc,cpu         ] GC(288) User=10.73s Sys=0.00s Real=1.42s
[111.852s][info][gc,start       ] GC(289) Pause Full (Ergonomics)
[111.852s][info][gc,phases,start] GC(289) Marking Phase
[112.958s][info][gc,phases      ] GC(289) Marking Phase 1106.224ms
[112.958s][info][gc,phases,start] GC(289) Summary Phase
[112.958s][info][gc,phases      ] GC(289) Summary Phase 0.055ms
[112.958s][info][gc,phases,start] GC(289) Adjust Roots
[112.958s][info][gc,phases      ] GC(289) Adjust Roots 0.169ms
[112.958s][info][gc,phases,start] GC(289) Compaction Phase
[113.288s][info][gc,phases      ] GC(289) Compaction Phase 329.388ms
[113.288s][info][gc,phases,start] GC(289) Post Compact
[113.295s][info][gc,phases      ] GC(289) Post Compact 7.123ms
[113.295s][info][gc,heap        ] GC(289) PSYoungGen: 77102K(240640K)->77102K(240640K) Eden: 67071K(67072K)->67071K(67072K) From: 10030K(173568K)->10030K(173568K)
[113.295s][info][gc,heap        ] GC(289) ParOldGen: 4915115K(4915200K)->4915115K(4915200K)
[113.295s][info][gc,metaspace   ] GC(289) Metaspace: 6301K(6464K)->6301K(6464K) NonClass: 5768K(5824K)->5768K(5824K) Class: 533K(640K)->533K(640K)
[113.295s][info][gc             ] GC(289) Pause Full (Ergonomics) 4875M->4875M(5035M) 1443.247ms
[113.295s][info][gc,cpu         ] GC(289) User=11.02s Sys=0.00s Real=1.44s
[113.295s][info][gc,start       ] GC(290) Pause Full (Ergonomics)
[113.295s][info][gc,phases,start] GC(290) Marking Phase
[114.409s][info][gc,phases      ] GC(290) Marking Phase 1113.791ms
[114.409s][info][gc,phases,start] GC(290) Summary Phase
[114.409s][info][gc,phases      ] GC(290) Summary Phase 0.055ms
[114.409s][info][gc,phases,start] GC(290) Adjust Roots
[114.409s][info][gc,phases      ] GC(290) Adjust Roots 0.165ms
[114.409s][info][gc,phases,start] GC(290) Compaction Phase
[114.744s][info][gc,phases      ] GC(290) Compaction Phase 335.317ms
[114.745s][info][gc,phases,start] GC(290) Post Compact
[114.752s][info][gc,phases      ] GC(290) Post Compact 7.152ms
[114.752s][info][gc,heap        ] GC(290) PSYoungGen: 77102K(240640K)->77102K(240640K) Eden: 67071K(67072K)->67071K(67072K) From: 10030K(173568K)->10030K(173568K)
[114.752s][info][gc,heap        ] GC(290) ParOldGen: 4915120K(4915200K)->4915120K(4915200K)
[114.752s][info][gc,metaspace   ] GC(290) Metaspace: 6301K(6464K)->6301K(6464K) NonClass: 5768K(5824K)->5768K(5824K) Class: 533K(640K)->533K(640K)
[114.752s][info][gc             ] GC(290) Pause Full (Ergonomics) 4875M->4875M(5035M) 1456.772ms
[114.752s][info][gc,cpu         ] GC(290) User=10.81s Sys=0.02s Real=1.46s
[114.752s][info][gc,start       ] GC(291) Pause Full (Ergonomics)
[114.752s][info][gc,phases,start] GC(291) Marking Phase
[115.877s][info][gc,phases      ] GC(291) Marking Phase 1125.037ms
[115.877s][info][gc,phases,start] GC(291) Summary Phase
[115.877s][info][gc,phases      ] GC(291) Summary Phase 0.054ms
[115.877s][info][gc,phases,start] GC(291) Adjust Roots
[115.877s][info][gc,phases      ] GC(291) Adjust Roots 0.170ms
[115.877s][info][gc,phases,start] GC(291) Compaction Phase
[116.205s][info][gc,phases      ] GC(291) Compaction Phase 328.022ms
[116.205s][info][gc,phases,start] GC(291) Post Compact
[116.213s][info][gc,phases      ] GC(291) Post Compact 7.334ms
[116.213s][info][gc,heap        ] GC(291) PSYoungGen: 77102K(240640K)->77102K(240640K) Eden: 67071K(67072K)->67071K(67072K) From: 10030K(173568K)->10030K(173568K)
[116.213s][info][gc,heap        ] GC(291) ParOldGen: 4915125K(4915200K)->4915125K(4915200K)
[116.213s][info][gc,metaspace   ] GC(291) Metaspace: 6301K(6464K)->6301K(6464K) NonClass: 5768K(5824K)->5768K(5824K) Class: 533K(640K)->533K(640K)
[116.213s][info][gc             ] GC(291) Pause Full (Ergonomics) 4875M->4875M(5035M) 1460.951ms
[116.213s][info][gc,cpu         ] GC(291) User=11.08s Sys=0.00s Real=1.46s
[116.213s][info][gc,start       ] GC(292) Pause Full (Ergonomics)
[116.213s][info][gc,phases,start] GC(292) Marking Phase
[117.325s][info][gc,phases      ] GC(292) Marking Phase 1112.219ms
[117.325s][info][gc,phases,start] GC(292) Summary Phase
[117.325s][info][gc,phases      ] GC(292) Summary Phase 0.057ms
[117.325s][info][gc,phases,start] GC(292) Adjust Roots
[117.326s][info][gc,phases      ] GC(292) Adjust Roots 0.189ms
[117.326s][info][gc,phases,start] GC(292) Compaction Phase
[117.675s][info][gc,phases      ] GC(292) Compaction Phase 349.512ms
[117.675s][info][gc,phases,start] GC(292) Post Compact
[117.682s][info][gc,phases      ] GC(292) Post Compact 7.145ms
[117.682s][info][gc,heap        ] GC(292) PSYoungGen: 77102K(240640K)->77102K(240640K) Eden: 67071K(67072K)->67071K(67072K) From: 10030K(173568K)->10030K(173568K)
[117.682s][info][gc,heap        ] GC(292) ParOldGen: 4915130K(4915200K)->4915130K(4915200K)
[117.682s][info][gc,metaspace   ] GC(292) Metaspace: 6301K(6464K)->6301K(6464K) NonClass: 5768K(5824K)->5768K(5824K) Class: 533K(640K)->533K(640K)
[117.683s][info][gc             ] GC(292) Pause Full (Ergonomics) 4875M->4875M(5035M) 1469.417ms
[117.683s][info][gc,cpu         ] GC(292) User=10.89s Sys=0.00s Real=1.47s
[117.683s][info][gc,start       ] GC(293) Pause Full (Ergonomics)
[117.683s][info][gc,phases,start] GC(293) Marking Phase
[118.797s][info][gc,phases      ] GC(293) Marking Phase 1114.756ms
[118.798s][info][gc,phases,start] GC(293) Summary Phase
[118.798s][info][gc,phases      ] GC(293) Summary Phase 0.053ms
[118.798s][info][gc,phases,start] GC(293) Adjust Roots
[118.798s][info][gc,phases      ] GC(293) Adjust Roots 0.175ms
[118.798s][info][gc,phases,start] GC(293) Compaction Phase
[119.129s][info][gc,phases      ] GC(293) Compaction Phase 331.160ms
[119.129s][info][gc,phases,start] GC(293) Post Compact
[119.137s][info][gc,phases      ] GC(293) Post Compact 7.642ms
[119.137s][info][gc,heap        ] GC(293) PSYoungGen: 77102K(240640K)->77102K(240640K) Eden: 67071K(67072K)->67071K(67072K) From: 10030K(173568K)->10030K(173568K)
[119.137s][info][gc,heap        ] GC(293) ParOldGen: 4915135K(4915200K)->4915135K(4915200K)
[119.137s][info][gc,metaspace   ] GC(293) Metaspace: 6301K(6464K)->6301K(6464K) NonClass: 5768K(5824K)->5768K(5824K) Class: 533K(640K)->533K(640K)
[119.137s][info][gc             ] GC(293) Pause Full (Ergonomics) 4875M->4875M(5035M) 1454.101ms
[119.137s][info][gc,cpu         ] GC(293) User=11.00s Sys=0.05s Real=1.46s
[119.137s][info][gc,start       ] GC(294) Pause Full (Ergonomics)
[119.137s][info][gc,phases,start] GC(294) Marking Phase
[120.265s][info][gc,phases      ] GC(294) Marking Phase 1128.344ms
[120.265s][info][gc,phases,start] GC(294) Summary Phase
[120.265s][info][gc,phases      ] GC(294) Summary Phase 0.054ms
[120.265s][info][gc,phases,start] GC(294) Adjust Roots
[120.266s][info][gc,phases      ] GC(294) Adjust Roots 0.169ms
[120.266s][info][gc,phases,start] GC(294) Compaction Phase
[120.597s][info][gc,phases      ] GC(294) Compaction Phase 331.304ms
[120.597s][info][gc,phases,start] GC(294) Post Compact
[120.604s][info][gc,phases      ] GC(294) Post Compact 7.179ms
[120.604s][info][gc,heap        ] GC(294) PSYoungGen: 77102K(240640K)->77102K(240640K) Eden: 67071K(67072K)->67071K(67072K) From: 10030K(173568K)->10030K(173568K)
[120.604s][info][gc,heap        ] GC(294) ParOldGen: 4915139K(4915200K)->4915139K(4915200K)
[120.604s][info][gc,metaspace   ] GC(294) Metaspace: 6301K(6464K)->6301K(6464K) NonClass: 5768K(5824K)->5768K(5824K) Class: 533K(640K)->533K(640K)
[120.604s][info][gc             ] GC(294) Pause Full (Ergonomics) 4875M->4875M(5035M) 1467.362ms
[120.604s][info][gc,cpu         ] GC(294) User=10.88s Sys=0.00s Real=1.47s
[120.605s][info][gc,start       ] GC(295) Pause Full (Ergonomics)
[120.605s][info][gc,phases,start] GC(295) Marking Phase
[121.710s][info][gc,phases      ] GC(295) Marking Phase 1105.470ms
[121.710s][info][gc,phases,start] GC(295) Summary Phase
[121.710s][info][gc,phases      ] GC(295) Summary Phase 0.054ms
[121.710s][info][gc,phases,start] GC(295) Adjust Roots
[121.710s][info][gc,phases      ] GC(295) Adjust Roots 0.162ms
[121.710s][info][gc,phases,start] GC(295) Compaction Phase
[122.044s][info][gc,phases      ] GC(295) Compaction Phase 333.385ms
[122.044s][info][gc,phases,start] GC(295) Post Compact
[122.051s][info][gc,phases      ] GC(295) Post Compact 7.242ms
[122.051s][info][gc,heap        ] GC(295) PSYoungGen: 77102K(240640K)->77102K(240640K) Eden: 67071K(67072K)->67071K(67072K) From: 10030K(173568K)->10030K(173568K)
[122.051s][info][gc,heap        ] GC(295) ParOldGen: 4915144K(4915200K)->4915144K(4915200K)
[122.051s][info][gc,metaspace   ] GC(295) Metaspace: 6301K(6464K)->6301K(6464K) NonClass: 5768K(5824K)->5768K(5824K) Class: 533K(640K)->533K(640K)
[122.051s][info][gc             ] GC(295) Pause Full (Ergonomics) 4875M->4875M(5035M) 1446.625ms
[122.051s][info][gc,cpu         ] GC(295) User=10.97s Sys=0.00s Real=1.45s
[122.051s][info][gc,start       ] GC(296) Pause Full (Ergonomics)
[122.051s][info][gc,phases,start] GC(296) Marking Phase
[123.167s][info][gc,phases      ] GC(296) Marking Phase 1115.929ms
[123.167s][info][gc,phases,start] GC(296) Summary Phase
[123.167s][info][gc,phases      ] GC(296) Summary Phase 0.054ms
[123.167s][info][gc,phases,start] GC(296) Adjust Roots
[123.168s][info][gc,phases      ] GC(296) Adjust Roots 0.174ms
[123.168s][info][gc,phases,start] GC(296) Compaction Phase
[123.525s][info][gc,phases      ] GC(296) Compaction Phase 357.427ms
[123.525s][info][gc,phases,start] GC(296) Post Compact
[123.532s][info][gc,phases      ] GC(296) Post Compact 7.153ms
[123.532s][info][gc,heap        ] GC(296) PSYoungGen: 77102K(240640K)->77102K(240640K) Eden: 67071K(67072K)->67071K(67072K) From: 10030K(173568K)->10030K(173568K)
[123.532s][info][gc,heap        ] GC(296) ParOldGen: 4915149K(4915200K)->4915149K(4915200K)
[123.532s][info][gc,metaspace   ] GC(296) Metaspace: 6301K(6464K)->6301K(6464K) NonClass: 5768K(5824K)->5768K(5824K) Class: 533K(640K)->533K(640K)
[123.532s][info][gc             ] GC(296) Pause Full (Ergonomics) 4875M->4875M(5035M) 1481.019ms
[123.532s][info][gc,cpu         ] GC(296) User=10.95s Sys=0.00s Real=1.48s
[123.533s][info][gc,start       ] GC(297) Pause Full (Ergonomics)
[123.533s][info][gc,phases,start] GC(297) Marking Phase
[124.644s][info][gc,phases      ] GC(297) Marking Phase 1111.478ms
[124.644s][info][gc,phases,start] GC(297) Summary Phase
[124.644s][info][gc,phases      ] GC(297) Summary Phase 0.055ms
[124.644s][info][gc,phases,start] GC(297) Adjust Roots
[124.644s][info][gc,phases      ] GC(297) Adjust Roots 0.170ms
[124.644s][info][gc,phases,start] GC(297) Compaction Phase
[124.981s][info][gc,phases      ] GC(297) Compaction Phase 336.784ms
[124.981s][info][gc,phases,start] GC(297) Post Compact
[124.988s][info][gc,phases      ] GC(297) Post Compact 7.232ms
[124.988s][info][gc,heap        ] GC(297) PSYoungGen: 77102K(240640K)->77102K(240640K) Eden: 67071K(67072K)->67071K(67072K) From: 10030K(173568K)->10030K(173568K)
[124.989s][info][gc,heap        ] GC(297) ParOldGen: 4915154K(4915200K)->4915154K(4915200K)
[124.989s][info][gc,metaspace   ] GC(297) Metaspace: 6301K(6464K)->6301K(6464K) NonClass: 5768K(5824K)->5768K(5824K) Class: 533K(640K)->533K(640K)
[124.989s][info][gc             ] GC(297) Pause Full (Ergonomics) 4875M->4875M(5035M) 1456.004ms
[124.989s][info][gc,cpu         ] GC(297) User=11.11s Sys=0.00s Real=1.46s
[124.989s][info][gc,start       ] GC(298) Pause Full (Ergonomics)
[124.989s][info][gc,phases,start] GC(298) Marking Phase
[126.117s][info][gc,phases      ] GC(298) Marking Phase 1128.207ms
[126.117s][info][gc,phases,start] GC(298) Summary Phase
[126.117s][info][gc,phases      ] GC(298) Summary Phase 0.054ms
[126.117s][info][gc,phases,start] GC(298) Adjust Roots
[126.117s][info][gc,phases      ] GC(298) Adjust Roots 0.161ms
[126.117s][info][gc,phases,start] GC(298) Compaction Phase
[126.460s][info][gc,phases      ] GC(298) Compaction Phase 342.305ms
[126.460s][info][gc,phases,start] GC(298) Post Compact
[126.467s][info][gc,phases      ] GC(298) Post Compact 7.118ms
[126.467s][info][gc,heap        ] GC(298) PSYoungGen: 77102K(240640K)->77102K(240640K) Eden: 67071K(67072K)->67071K(67072K) From: 10030K(173568K)->10030K(173568K)
[126.467s][info][gc,heap        ] GC(298) ParOldGen: 4915159K(4915200K)->4915159K(4915200K)
[126.467s][info][gc,metaspace   ] GC(298) Metaspace: 6301K(6464K)->6301K(6464K) NonClass: 5768K(5824K)->5768K(5824K) Class: 533K(640K)->533K(640K)
[126.467s][info][gc             ] GC(298) Pause Full (Ergonomics) 4875M->4875M(5035M) 1478.114ms
[126.467s][info][gc,cpu         ] GC(298) User=11.30s Sys=0.00s Real=1.48s
[126.467s][info][gc,start       ] GC(299) Pause Full (Ergonomics)
[126.467s][info][gc,phases,start] GC(299) Marking Phase
[127.602s][info][gc,phases      ] GC(299) Marking Phase 1134.727ms
[127.602s][info][gc,phases,start] GC(299) Summary Phase
[127.602s][info][gc,phases      ] GC(299) Summary Phase 0.057ms
[127.602s][info][gc,phases,start] GC(299) Adjust Roots
[127.602s][info][gc,phases      ] GC(299) Adjust Roots 0.172ms
[127.602s][info][gc,phases,start] GC(299) Compaction Phase
[127.935s][info][gc,phases      ] GC(299) Compaction Phase 332.448ms
[127.935s][info][gc,phases,start] GC(299) Post Compact
[127.942s][info][gc,phases      ] GC(299) Post Compact 7.338ms
[127.942s][info][gc,heap        ] GC(299) PSYoungGen: 77102K(240640K)->77102K(240640K) Eden: 67071K(67072K)->67071K(67072K) From: 10030K(173568K)->10030K(173568K)
[127.942s][info][gc,heap        ] GC(299) ParOldGen: 4915164K(4915200K)->4915164K(4915200K)
[127.942s][info][gc,metaspace   ] GC(299) Metaspace: 6301K(6464K)->6301K(6464K) NonClass: 5768K(5824K)->5768K(5824K) Class: 533K(640K)->533K(640K)
[127.942s][info][gc             ] GC(299) Pause Full (Ergonomics) 4875M->4875M(5035M) 1475.038ms
[127.942s][info][gc,cpu         ] GC(299) User=11.20s Sys=0.00s Real=1.47s
[127.942s][info][gc,start       ] GC(300) Pause Full (Ergonomics)
[127.942s][info][gc,phases,start] GC(300) Marking Phase
[129.086s][info][gc,phases      ] GC(300) Marking Phase 1143.540ms
[129.086s][info][gc,phases,start] GC(300) Summary Phase
[129.086s][info][gc,phases      ] GC(300) Summary Phase 0.058ms
[129.086s][info][gc,phases,start] GC(300) Adjust Roots
[129.086s][info][gc,phases      ] GC(300) Adjust Roots 0.173ms
[129.086s][info][gc,phases,start] GC(300) Compaction Phase
[129.423s][info][gc,phases      ] GC(300) Compaction Phase 336.590ms
[129.423s][info][gc,phases,start] GC(300) Post Compact
[129.430s][info][gc,phases      ] GC(300) Post Compact 7.189ms
[129.430s][info][gc,heap        ] GC(300) PSYoungGen: 77102K(240640K)->77102K(240640K) Eden: 67071K(67072K)->67071K(67072K) From: 10030K(173568K)->10030K(173568K)
[129.430s][info][gc,heap        ] GC(300) ParOldGen: 4915168K(4915200K)->4915168K(4915200K)
[129.430s][info][gc,metaspace   ] GC(300) Metaspace: 6301K(6464K)->6301K(6464K) NonClass: 5768K(5824K)->5768K(5824K) Class: 533K(640K)->533K(640K)
[129.430s][info][gc             ] GC(300) Pause Full (Ergonomics) 4875M->4875M(5035M) 1487.851ms
[129.430s][info][gc,cpu         ] GC(300) User=11.42s Sys=0.00s Real=1.49s
[129.430s][info][gc,start       ] GC(301) Pause Full (Ergonomics)
[129.430s][info][gc,phases,start] GC(301) Marking Phase
[130.557s][info][gc,phases      ] GC(301) Marking Phase 1127.051ms
[130.557s][info][gc,phases,start] GC(301) Summary Phase
[130.557s][info][gc,phases      ] GC(301) Summary Phase 0.060ms
[130.557s][info][gc,phases,start] GC(301) Adjust Roots
[130.558s][info][gc,phases      ] GC(301) Adjust Roots 0.175ms
[130.558s][info][gc,phases,start] GC(301) Compaction Phase
[130.929s][info][gc,phases      ] GC(301) Compaction Phase 371.082ms
[130.929s][info][gc,phases,start] GC(301) Post Compact
[130.936s][info][gc,phases      ] GC(301) Post Compact 7.420ms
[130.936s][info][gc,heap        ] GC(301) PSYoungGen: 77102K(240640K)->77102K(240640K) Eden: 67071K(67072K)->67071K(67072K) From: 10030K(173568K)->10030K(173568K)
[130.936s][info][gc,heap        ] GC(301) ParOldGen: 4915173K(4915200K)->4915173K(4915200K)
[130.936s][info][gc,metaspace   ] GC(301) Metaspace: 6301K(6464K)->6301K(6464K) NonClass: 5768K(5824K)->5768K(5824K) Class: 533K(640K)->533K(640K)
[130.936s][info][gc             ] GC(301) Pause Full (Ergonomics) 4875M->4875M(5035M) 1506.111ms
[130.936s][info][gc,cpu         ] GC(301) User=11.36s Sys=0.02s Real=1.50s
[130.937s][info][gc,start       ] GC(302) Pause Full (Ergonomics)
[130.937s][info][gc,phases,start] GC(302) Marking Phase
[132.054s][info][gc,phases      ] GC(302) Marking Phase 1117.641ms
[132.054s][info][gc,phases,start] GC(302) Summary Phase
[132.054s][info][gc,phases      ] GC(302) Summary Phase 0.058ms
[132.054s][info][gc,phases,start] GC(302) Adjust Roots
[132.055s][info][gc,phases      ] GC(302) Adjust Roots 0.170ms
[132.055s][info][gc,phases,start] GC(302) Compaction Phase
[132.405s][info][gc,phases      ] GC(302) Compaction Phase 350.435ms
[132.405s][info][gc,phases,start] GC(302) Post Compact
[132.412s][info][gc,phases      ] GC(302) Post Compact 7.151ms
[132.412s][info][gc,heap        ] GC(302) PSYoungGen: 77102K(240640K)->77102K(240640K) Eden: 67071K(67072K)->67071K(67072K) From: 10030K(173568K)->10030K(173568K)
[132.412s][info][gc,heap        ] GC(302) ParOldGen: 4915178K(4915200K)->4915178K(4915200K)
[132.412s][info][gc,metaspace   ] GC(302) Metaspace: 6301K(6464K)->6301K(6464K) NonClass: 5768K(5824K)->5768K(5824K) Class: 533K(640K)->533K(640K)
[132.412s][info][gc             ] GC(302) Pause Full (Ergonomics) 4875M->4875M(5035M) 1475.760ms
[132.412s][info][gc,cpu         ] GC(302) User=11.00s Sys=0.03s Real=1.48s
[132.412s][info][gc,start       ] GC(303) Pause Full (Ergonomics)
[132.413s][info][gc,phases,start] GC(303) Marking Phase
[133.520s][info][gc,phases      ] GC(303) Marking Phase 1107.401ms
[133.520s][info][gc,phases,start] GC(303) Summary Phase
[133.520s][info][gc,phases      ] GC(303) Summary Phase 0.053ms
[133.520s][info][gc,phases,start] GC(303) Adjust Roots
[133.520s][info][gc,phases      ] GC(303) Adjust Roots 0.171ms
[133.520s][info][gc,phases,start] GC(303) Compaction Phase
[133.868s][info][gc,phases      ] GC(303) Compaction Phase 347.399ms
[133.868s][info][gc,phases,start] GC(303) Post Compact
[133.875s][info][gc,phases      ] GC(303) Post Compact 7.095ms
[133.875s][info][gc,heap        ] GC(303) PSYoungGen: 77102K(240640K)->77102K(240640K) Eden: 67071K(67072K)->67071K(67072K) From: 10030K(173568K)->10030K(173568K)
[133.875s][info][gc,heap        ] GC(303) ParOldGen: 4915183K(4915200K)->4915183K(4915200K)
[133.875s][info][gc,metaspace   ] GC(303) Metaspace: 6301K(6464K)->6301K(6464K) NonClass: 5768K(5824K)->5768K(5824K) Class: 533K(640K)->533K(640K)
[133.875s][info][gc             ] GC(303) Pause Full (Ergonomics) 4875M->4875M(5035M) 1462.425ms
[133.875s][info][gc,cpu         ] GC(303) User=11.08s Sys=0.00s Real=1.46s
[133.875s][info][gc,start       ] GC(304) Pause Full (Ergonomics)
[133.875s][info][gc,phases,start] GC(304) Marking Phase
[135.009s][info][gc,phases      ] GC(304) Marking Phase 1133.835ms
[135.009s][info][gc,phases,start] GC(304) Summary Phase
[135.009s][info][gc,phases      ] GC(304) Summary Phase 0.055ms
[135.009s][info][gc,phases,start] GC(304) Adjust Roots
[135.009s][info][gc,phases      ] GC(304) Adjust Roots 0.166ms
[135.009s][info][gc,phases,start] GC(304) Compaction Phase
[135.357s][info][gc,phases      ] GC(304) Compaction Phase 347.436ms
[135.357s][info][gc,phases,start] GC(304) Post Compact
[135.364s][info][gc,phases      ] GC(304) Post Compact 7.128ms
[135.364s][info][gc,heap        ] GC(304) PSYoungGen: 77102K(240640K)->77102K(240640K) Eden: 67071K(67072K)->67071K(67072K) From: 10030K(173568K)->10030K(173568K)
[135.364s][info][gc,heap        ] GC(304) ParOldGen: 4915188K(4915200K)->4915188K(4915200K)
[135.364s][info][gc,metaspace   ] GC(304) Metaspace: 6301K(6464K)->6301K(6464K) NonClass: 5768K(5824K)->5768K(5824K) Class: 533K(640K)->533K(640K)
[135.364s][info][gc             ] GC(304) Pause Full (Ergonomics) 4875M->4875M(5035M) 1488.964ms
[135.364s][info][gc,cpu         ] GC(304) User=11.34s Sys=0.00s Real=1.49s
[135.364s][info][gc,start       ] GC(305) Pause Full (Ergonomics)
[135.364s][info][gc,phases,start] GC(305) Marking Phase
[136.475s][info][gc,phases      ] GC(305) Marking Phase 1110.990ms
[136.475s][info][gc,phases,start] GC(305) Summary Phase
[136.475s][info][gc,phases      ] GC(305) Summary Phase 0.054ms
[136.475s][info][gc,phases,start] GC(305) Adjust Roots
[136.476s][info][gc,phases      ] GC(305) Adjust Roots 0.195ms
[136.476s][info][gc,phases,start] GC(305) Compaction Phase
[136.821s][info][gc,phases      ] GC(305) Compaction Phase 344.893ms
[136.821s][info][gc,phases,start] GC(305) Post Compact
[136.828s][info][gc,phases      ] GC(305) Post Compact 7.067ms
[136.828s][info][gc,heap        ] GC(305) PSYoungGen: 77102K(240640K)->77102K(240640K) Eden: 67071K(67072K)->67071K(67072K) From: 10030K(173568K)->10030K(173568K)
[136.828s][info][gc,heap        ] GC(305) ParOldGen: 4915193K(4915200K)->4915193K(4915200K)
[136.828s][info][gc,metaspace   ] GC(305) Metaspace: 6301K(6464K)->6301K(6464K) NonClass: 5768K(5824K)->5768K(5824K) Class: 533K(640K)->533K(640K)
[136.828s][info][gc             ] GC(305) Pause Full (Ergonomics) 4875M->4875M(5035M) 1463.502ms
[136.828s][info][gc,cpu         ] GC(305) User=11.12s Sys=0.00s Real=1.46s
[136.828s][info][gc,start       ] GC(306) Pause Full (Ergonomics)
[136.828s][info][gc,phases,start] GC(306) Marking Phase
[137.937s][info][gc,phases      ] GC(306) Marking Phase 1108.694ms
[137.937s][info][gc,phases,start] GC(306) Summary Phase
[137.937s][info][gc,phases      ] GC(306) Summary Phase 0.055ms
[137.937s][info][gc,phases,start] GC(306) Adjust Roots
[137.937s][info][gc,phases      ] GC(306) Adjust Roots 0.198ms
[137.937s][info][gc,phases,start] GC(306) Compaction Phase
[138.285s][info][gc,phases      ] GC(306) Compaction Phase 348.075ms
[138.285s][info][gc,phases,start] GC(306) Post Compact
[138.292s][info][gc,phases      ] GC(306) Post Compact 7.231ms
[138.292s][info][gc,heap        ] GC(306) PSYoungGen: 77102K(240640K)->77102K(240640K) Eden: 67071K(67072K)->67071K(67072K) From: 10030K(173568K)->10030K(173568K)
[138.292s][info][gc,heap        ] GC(306) ParOldGen: 4915197K(4915200K)->4915197K(4915200K)
[138.292s][info][gc,metaspace   ] GC(306) Metaspace: 6301K(6464K)->6301K(6464K) NonClass: 5768K(5824K)->5768K(5824K) Class: 533K(640K)->533K(640K)
[138.292s][info][gc             ] GC(306) Pause Full (Ergonomics) 4875M->4875M(5035M) 1464.556ms
[138.292s][info][gc,cpu         ] GC(306) User=11.00s Sys=0.00s Real=1.46s
[138.293s][info][gc,start       ] GC(307) Pause Full (Ergonomics)
[138.293s][info][gc,phases,start] GC(307) Marking Phase
[139.416s][info][gc,phases      ] GC(307) Marking Phase 1123.436ms
[139.416s][info][gc,phases,start] GC(307) Summary Phase
[139.416s][info][gc,phases      ] GC(307) Summary Phase 0.054ms
[139.416s][info][gc,phases,start] GC(307) Adjust Roots
[139.416s][info][gc,phases      ] GC(307) Adjust Roots 0.207ms
[139.416s][info][gc,phases,start] GC(307) Compaction Phase
[139.762s][info][gc,phases      ] GC(307) Compaction Phase 345.632ms
[139.762s][info][gc,phases,start] GC(307) Post Compact
[139.769s][info][gc,phases      ] GC(307) Post Compact 7.063ms
[139.769s][info][gc,heap        ] GC(307) PSYoungGen: 77102K(240640K)->77102K(240640K) Eden: 67071K(67072K)->67071K(67072K) From: 10030K(173568K)->10030K(173568K)
[139.769s][info][gc,heap        ] GC(307) ParOldGen: 4915199K(4915200K)->4915199K(4915200K)
[139.769s][info][gc,metaspace   ] GC(307) Metaspace: 6301K(6464K)->6301K(6464K) NonClass: 5768K(5824K)->5768K(5824K) Class: 533K(640K)->533K(640K)
[139.769s][info][gc             ] GC(307) Pause Full (Ergonomics) 4875M->4875M(5035M) 1476.721ms
[139.769s][info][gc,cpu         ] GC(307) User=11.23s Sys=0.00s Real=1.48s
[139.769s][info][gc,start       ] GC(308) Pause Full (Allocation Failure)
[139.769s][info][gc,phases,start] GC(308) Marking Phase
[140.860s][info][gc,phases      ] GC(308) Marking Phase 1090.499ms
[140.860s][info][gc,phases,start] GC(308) Summary Phase
[140.860s][info][gc,phases      ] GC(308) Summary Phase 0.055ms
[140.860s][info][gc,phases,start] GC(308) Adjust Roots
[140.860s][info][gc,phases      ] GC(308) Adjust Roots 0.360ms
[140.860s][info][gc,phases,start] GC(308) Compaction Phase
[142.127s][info][gc,phases      ] GC(308) Compaction Phase 1266.732ms
[142.127s][info][gc,phases,start] GC(308) Post Compact
[142.135s][info][gc,phases      ] GC(308) Post Compact 7.684ms
[142.135s][info][gc,heap        ] GC(308) PSYoungGen: 77102K(240640K)->77102K(240640K) Eden: 67071K(67072K)->67071K(67072K) From: 10030K(173568K)->10030K(173568K)
[142.135s][info][gc,heap        ] GC(308) ParOldGen: 4915199K(4915200K)->4915195K(4915200K)
[142.135s][info][gc,metaspace   ] GC(308) Metaspace: 6301K(6464K)->6300K(6464K) NonClass: 5768K(5824K)->5767K(5824K) Class: 533K(640K)->532K(640K)
[142.135s][info][gc             ] GC(308) Pause Full (Allocation Failure) 4875M->4875M(5035M) 2365.630ms
[142.135s][info][gc,cpu         ] GC(308) User=17.70s Sys=0.00s Real=2.37s
[142.136s][info][gc,start       ] GC(309) Pause Full (Ergonomics)
[142.136s][info][gc,phases,start] GC(309) Marking Phase
[143.261s][info][gc,phases      ] GC(309) Marking Phase 1125.586ms
[143.261s][info][gc,phases,start] GC(309) Summary Phase
[143.261s][info][gc,phases      ] GC(309) Summary Phase 0.054ms
[143.261s][info][gc,phases,start] GC(309) Adjust Roots
[143.261s][info][gc,phases      ] GC(309) Adjust Roots 0.164ms
[143.261s][info][gc,phases,start] GC(309) Compaction Phase
[143.624s][info][gc,phases      ] GC(309) Compaction Phase 362.839ms
[143.624s][info][gc,phases,start] GC(309) Post Compact
[143.632s][info][gc,phases      ] GC(309) Post Compact 7.594ms
[143.632s][info][gc,heap        ] GC(309) PSYoungGen: 77102K(240640K)->77102K(240640K) Eden: 67071K(67072K)->67071K(67072K) From: 10030K(173568K)->10030K(173568K)
[143.632s][info][gc,heap        ] GC(309) ParOldGen: 4915198K(4915200K)->4915198K(4915200K)
[143.632s][info][gc,metaspace   ] GC(309) Metaspace: 6300K(6464K)->6300K(6464K) NonClass: 5767K(5824K)->5767K(5824K) Class: 532K(640K)->532K(640K)
[143.632s][info][gc             ] GC(309) Pause Full (Ergonomics) 4875M->4875M(5035M) 1496.559ms
[143.632s][info][gc,cpu         ] GC(309) User=11.25s Sys=0.00s Real=1.50s
[143.632s][info][gc,start       ] GC(310) Pause Full (Ergonomics)
[143.633s][info][gc,phases,start] GC(310) Marking Phase
[144.735s][info][gc,phases      ] GC(310) Marking Phase 1102.647ms
[144.735s][info][gc,phases,start] GC(310) Summary Phase
[144.735s][info][gc,phases      ] GC(310) Summary Phase 0.062ms
[144.735s][info][gc,phases,start] GC(310) Adjust Roots
[144.736s][info][gc,phases      ] GC(310) Adjust Roots 0.209ms
[144.736s][info][gc,phases,start] GC(310) Compaction Phase
[145.088s][info][gc,phases      ] GC(310) Compaction Phase 352.684ms
[145.088s][info][gc,phases,start] GC(310) Post Compact
[145.095s][info][gc,phases      ] GC(310) Post Compact 7.119ms
[145.095s][info][gc,heap        ] GC(310) PSYoungGen: 77102K(240640K)->77102K(240640K) Eden: 67071K(67072K)->67071K(67072K) From: 10030K(173568K)->10030K(173568K)
[145.095s][info][gc,heap        ] GC(310) ParOldGen: 4915199K(4915200K)->4915199K(4915200K)
[145.095s][info][gc,metaspace   ] GC(310) Metaspace: 6300K(6464K)->6300K(6464K) NonClass: 5767K(5824K)->5767K(5824K) Class: 532K(640K)->532K(640K)
[145.095s][info][gc             ] GC(310) Pause Full (Ergonomics) 4875M->4875M(5035M) 1463.018ms
[145.096s][info][gc,cpu         ] GC(310) User=11.17s Sys=0.00s Real=1.46s
[145.096s][info][gc,start       ] GC(311) Pause Full (Allocation Failure)
[145.096s][info][gc,phases,start] GC(311) Marking Phase
[146.204s][info][gc,phases      ] GC(311) Marking Phase 1108.537ms
[146.204s][info][gc,phases,start] GC(311) Summary Phase
[146.204s][info][gc,phases      ] GC(311) Summary Phase 0.053ms
[146.204s][info][gc,phases,start] GC(311) Adjust Roots
[146.204s][info][gc,phases      ] GC(311) Adjust Roots 0.165ms
[146.204s][info][gc,phases,start] GC(311) Compaction Phase
[146.590s][info][gc,phases      ] GC(311) Compaction Phase 385.251ms
[146.590s][info][gc,phases,start] GC(311) Post Compact
[146.597s][info][gc,phases      ] GC(311) Post Compact 7.133ms
[146.597s][info][gc,heap        ] GC(311) PSYoungGen: 77102K(240640K)->77102K(240640K) Eden: 67071K(67072K)->67071K(67072K) From: 10030K(173568K)->10030K(173568K)
[146.597s][info][gc,heap        ] GC(311) ParOldGen: 4915199K(4915200K)->4915199K(4915200K)
[146.597s][info][gc,metaspace   ] GC(311) Metaspace: 6300K(6464K)->6300K(6464K) NonClass: 5767K(5824K)->5767K(5824K) Class: 532K(640K)->532K(640K)
[146.597s][info][gc             ] GC(311) Pause Full (Allocation Failure) 4875M->4875M(5035M) 1501.408ms
[146.597s][info][gc,cpu         ] GC(311) User=11.02s Sys=0.00s Real=1.50s
[146.597s][info][gc,start       ] GC(312) Pause Full (Ergonomics)
[146.597s][info][gc,phases,start] GC(312) Marking Phase
[147.718s][info][gc,phases      ] GC(312) Marking Phase 1121.091ms
[147.719s][info][gc,phases,start] GC(312) Summary Phase
[147.719s][info][gc,phases      ] GC(312) Summary Phase 0.067ms
[147.719s][info][gc,phases,start] GC(312) Adjust Roots
[147.719s][info][gc,phases      ] GC(312) Adjust Roots 0.259ms
[147.719s][info][gc,phases,start] GC(312) Compaction Phase
[148.983s][info][gc,phases      ] GC(312) Compaction Phase 1264.002ms
[148.983s][info][gc,phases,start] GC(312) Post Compact
[148.991s][info][gc,phases      ] GC(312) Post Compact 7.664ms
[148.991s][info][gc,heap        ] GC(312) PSYoungGen: 77102K(240640K)->77102K(240640K) Eden: 67071K(67072K)->67071K(67072K) From: 10030K(173568K)->10030K(173568K)
[148.991s][info][gc,heap        ] GC(312) ParOldGen: 4915199K(4915200K)->4915198K(4915200K)
[148.991s][info][gc,metaspace   ] GC(312) Metaspace: 6300K(6464K)->6300K(6464K) NonClass: 5767K(5824K)->5767K(5824K) Class: 532K(640K)->532K(640K)
[148.991s][info][gc             ] GC(312) Pause Full (Ergonomics) 4875M->4875M(5035M) 2393.476ms
[148.991s][info][gc,cpu         ] GC(312) User=17.88s Sys=0.03s Real=2.39s
[148.992s][info][gc,start       ] GC(313) Pause Full (Ergonomics)
[148.992s][info][gc,phases,start] GC(313) Marking Phase
[150.104s][info][gc,phases      ] GC(313) Marking Phase 1111.478ms
[150.104s][info][gc,phases,start] GC(313) Summary Phase
[150.104s][info][gc,phases      ] GC(313) Summary Phase 0.056ms
[150.104s][info][gc,phases,start] GC(313) Adjust Roots
[150.104s][info][gc,phases      ] GC(313) Adjust Roots 0.314ms
[150.104s][info][gc,phases,start] GC(313) Compaction Phase
[151.368s][info][gc,phases      ] GC(313) Compaction Phase 1264.179ms
[151.368s][info][gc,phases,start] GC(313) Post Compact
[151.376s][info][gc,phases      ] GC(313) Post Compact 7.405ms
[151.376s][info][gc,heap        ] GC(313) PSYoungGen: 77102K(240640K)->77102K(240640K) Eden: 67072K(67072K)->67072K(67072K) From: 10030K(173568K)->10030K(173568K)
[151.376s][info][gc,heap        ] GC(313) ParOldGen: 4915199K(4915200K)->4915197K(4915200K)
[151.376s][info][gc,metaspace   ] GC(313) Metaspace: 6301K(6464K)->6301K(6464K) NonClass: 5767K(5824K)->5767K(5824K) Class: 533K(640K)->533K(640K)
[151.376s][info][gc             ] GC(313) Pause Full (Ergonomics) 4875M->4875M(5035M) 2383.809ms
[151.376s][info][gc,cpu         ] GC(313) User=17.86s Sys=0.00s Real=2.38s
[151.376s][info][gc,heap,exit   ] Heap
[151.376s][info][gc,heap,exit   ]  PSYoungGen      total 240640K, used 77102K [0x000000076a000000, 0x0000000784480000, 0x0000000800000000)
[151.376s][info][gc,heap,exit   ]   eden space 67072K, 100% used [0x000000076a000000,0x000000076e180000,0x000000076e180000)
[151.376s][info][gc,heap,exit   ]   from space 173568K, 5% used [0x0000000778f00000,0x00000007798cbb38,0x0000000783880000)
[151.376s][info][gc,heap,exit   ]   to   space 177664K, 0% used [0x000000076e180000,0x000000076e180000,0x0000000778f00000)
[151.376s][info][gc,heap,exit   ]  ParOldGen       total 4915200K, used 4915197K [0x000000063e000000, 0x000000076a000000, 0x000000076a000000)
[151.376s][info][gc,heap,exit   ]   object space 4915200K, 99% used [0x000000063e000000,0x0000000769fff7f8,0x000000076a000000)
[151.376s][info][gc,heap,exit   ]  Metaspace       used 6304K, committed 6528K, reserved 1114112K
[151.376s][info][gc,heap,exit   ]   class space    used 534K, committed 640K, reserved 1048576K
