[0.013s][info][gc,init] CardTable entry size: 512
[0.013s][info][gc     ] Using Parallel
[0.014s][info][gc,init] Version: 18.0.1+10 (release)
[0.014s][info][gc,init] CPUs: 8 total, 8 available
[0.014s][info][gc,init] Memory: 16063M
[0.014s][info][gc,init] Large Page Support: Disabled
[0.014s][info][gc,init] NUMA Support: Disabled
[0.014s][info][gc,init] Compressed Oops: Enabled (Zero based)
[0.014s][info][gc,init] Alignments: Space 512K, Generation 512K, Heap 2M
[0.014s][info][gc,init] Heap Min Capacity: 2M
[0.014s][info][gc,init] Heap Initial Capacity: 2M
[0.014s][info][gc,init] Heap Max Capacity: 6600M
[0.014s][info][gc,init] Pre-touch: Disabled
[0.014s][info][gc,init] Parallel Workers: 8
[0.014s][info][gc,metaspace] CDS archive(s) not mapped
[0.014s][info][gc,metaspace] Compressed class space mapped at: 0x0000000800000000-0x0000000840000000, reserved size: 1073741824
[0.014s][info][gc,metaspace] Narrow klass base: 0x0000000800000000, Narrow klass shift: 0, Narrow klass range: 0x40000000
[0.107s][info][gc,start    ] GC(0) Pause Young (Allocation Failure)
[0.108s][info][gc,heap     ] GC(0) PSYoungGen: 512K(1024K)->480K(1024K) Eden: 512K(512K)->0K(512K) From: 0K(512K)->480K(512K)
[0.108s][info][gc,heap     ] GC(0) ParOldGen: 0K(512K)->8K(512K)
[0.108s][info][gc,metaspace] GC(0) Metaspace: 4229K(4352K)->4229K(4352K) NonClass: 3908K(3968K)->3908K(3968K) Class: 321K(384K)->321K(384K)
[0.108s][info][gc          ] GC(0) Pause Young (Allocation Failure) 0M->0M(1M) 1.504ms
[0.108s][info][gc,cpu      ] GC(0) User=0.00s Sys=0.00s Real=0.00s
[0.179s][info][gc,start    ] GC(1) Pause Young (Allocation Failure)
[0.179s][info][gc,heap     ] GC(1) PSYoungGen: 991K(1024K)->512K(1536K) Eden: 511K(512K)->0K(1024K) From: 480K(512K)->512K(512K)
[0.179s][info][gc,heap     ] GC(1) ParOldGen: 8K(512K)->88K(512K)
[0.180s][info][gc,metaspace] GC(1) Metaspace: 5876K(5952K)->5876K(5952K) NonClass: 5379K(5440K)->5379K(5440K) Class: 496K(512K)->496K(512K)
[0.180s][info][gc          ] GC(1) Pause Young (Allocation Failure) 0M->0M(2M) 0.850ms
[0.180s][info][gc,cpu      ] GC(1) User=0.00s Sys=0.00s Real=0.00s
[0.199s][info][gc,start    ] GC(2) Pause Young (Allocation Failure)
[0.200s][info][gc,heap     ] GC(2) PSYoungGen: 1536K(1536K)->512K(1536K) Eden: 1024K(1024K)->0K(1024K) From: 512K(512K)->512K(512K)
[0.200s][info][gc,heap     ] GC(2) ParOldGen: 88K(512K)->512K(1024K)
[0.200s][info][gc,metaspace] GC(2) Metaspace: 6295K(6464K)->6295K(6464K) NonClass: 5762K(5824K)->5762K(5824K) Class: 533K(640K)->533K(640K)
[0.200s][info][gc          ] GC(2) Pause Young (Allocation Failure) 1M->1M(2M) 1.198ms
[0.200s][info][gc,cpu      ] GC(2) User=0.00s Sys=0.00s Real=0.00s
[0.202s][info][gc,start    ] GC(3) Pause Young (Allocation Failure)
[0.203s][info][gc,heap     ] GC(3) PSYoungGen: 1536K(1536K)->480K(2560K) Eden: 1024K(1024K)->0K(2048K) From: 512K(512K)->480K(512K)
[0.203s][info][gc,heap     ] GC(3) ParOldGen: 512K(1024K)->1068K(1536K)
[0.203s][info][gc,metaspace] GC(3) Metaspace: 6295K(6464K)->6295K(6464K) NonClass: 5762K(5824K)->5762K(5824K) Class: 533K(640K)->533K(640K)
[0.203s][info][gc          ] GC(3) Pause Young (Allocation Failure) 2M->1M(4M) 1.447ms
[0.203s][info][gc,cpu      ] GC(3) User=0.00s Sys=0.00s Real=0.00s
[0.203s][info][gc,start    ] GC(4) Pause Full (Ergonomics)
[0.203s][info][gc,phases,start] GC(4) Marking Phase
[0.205s][info][gc,phases      ] GC(4) Marking Phase 1.231ms
[0.205s][info][gc,phases,start] GC(4) Summary Phase
[0.205s][info][gc,phases      ] GC(4) Summary Phase 0.017ms
[0.205s][info][gc,phases,start] GC(4) Adjust Roots
[0.205s][info][gc,phases      ] GC(4) Adjust Roots 0.352ms
[0.205s][info][gc,phases,start] GC(4) Compaction Phase
[0.207s][info][gc,phases      ] GC(4) Compaction Phase 2.100ms
[0.207s][info][gc,phases,start] GC(4) Post Compact
[0.207s][info][gc,phases      ] GC(4) Post Compact 0.087ms
[0.207s][info][gc,heap        ] GC(4) PSYoungGen: 480K(2560K)->0K(2560K) Eden: 0K(2048K)->0K(2048K) From: 480K(512K)->0K(512K)
[0.207s][info][gc,heap        ] GC(4) ParOldGen: 1068K(1536K)->1495K(3584K)
[0.207s][info][gc,metaspace   ] GC(4) Metaspace: 6295K(6464K)->6295K(6464K) NonClass: 5762K(5824K)->5762K(5824K) Class: 533K(640K)->533K(640K)
[0.207s][info][gc             ] GC(4) Pause Full (Ergonomics) 1M->1M(6M) 4.156ms
[0.207s][info][gc,cpu         ] GC(4) User=0.00s Sys=0.00s Real=0.00s
[0.210s][info][gc,start       ] GC(5) Pause Young (Allocation Failure)
[0.211s][info][gc,heap        ] GC(5) PSYoungGen: 2048K(2560K)->480K(3584K) Eden: 2048K(2048K)->0K(3072K) From: 0K(512K)->480K(512K)
[0.212s][info][gc,heap        ] GC(5) ParOldGen: 1495K(3584K)->2111K(3584K)
[0.212s][info][gc,metaspace   ] GC(5) Metaspace: 6295K(6464K)->6295K(6464K) NonClass: 5762K(5824K)->5762K(5824K) Class: 533K(640K)->533K(640K)
[0.212s][info][gc             ] GC(5) Pause Young (Allocation Failure) 3M->2M(7M) 1.206ms
[0.212s][info][gc,cpu         ] GC(5) User=0.00s Sys=0.00s Real=0.00s
[0.216s][info][gc,start       ] GC(6) Pause Young (Allocation Failure)
[0.218s][info][gc,heap        ] GC(6) PSYoungGen: 3552K(3584K)->1504K(4608K) Eden: 3072K(3072K)->0K(3072K) From: 480K(512K)->1504K(1536K)
[0.218s][info][gc,heap        ] GC(6) ParOldGen: 2111K(3584K)->2687K(3584K)
[0.218s][info][gc,metaspace   ] GC(6) Metaspace: 6295K(6464K)->6295K(6464K) NonClass: 5762K(5824K)->5762K(5824K) Class: 533K(640K)->533K(640K)
[0.218s][info][gc             ] GC(6) Pause Young (Allocation Failure) 5M->4M(8M) 2.113ms
[0.218s][info][gc,cpu         ] GC(6) User=0.00s Sys=0.00s Real=0.00s
[0.218s][info][gc,start       ] GC(7) Pause Full (Ergonomics)
[0.218s][info][gc,phases,start] GC(7) Marking Phase
[0.220s][info][gc,phases      ] GC(7) Marking Phase 2.152ms
[0.220s][info][gc,phases,start] GC(7) Summary Phase
[0.220s][info][gc,phases      ] GC(7) Summary Phase 0.015ms
[0.220s][info][gc,phases,start] GC(7) Adjust Roots
[0.220s][info][gc,phases      ] GC(7) Adjust Roots 0.351ms
[0.220s][info][gc,phases,start] GC(7) Compaction Phase
[0.223s][info][gc,phases      ] GC(7) Compaction Phase 2.905ms
[0.224s][info][gc,phases,start] GC(7) Post Compact
[0.224s][info][gc,phases      ] GC(7) Post Compact 0.043ms
[0.224s][info][gc,heap        ] GC(7) PSYoungGen: 1504K(4608K)->990K(4608K) Eden: 0K(3072K)->0K(3072K) From: 1504K(1536K)->990K(1536K)
[0.224s][info][gc,heap        ] GC(7) ParOldGen: 2687K(3584K)->3127K(6144K)
[0.224s][info][gc,metaspace   ] GC(7) Metaspace: 6295K(6464K)->6295K(6464K) NonClass: 5762K(5824K)->5762K(5824K) Class: 533K(640K)->533K(640K)
[0.224s][info][gc             ] GC(7) Pause Full (Ergonomics) 4M->4M(10M) 5.897ms
[0.224s][info][gc,cpu         ] GC(7) User=0.00s Sys=0.00s Real=0.01s
[0.228s][info][gc,start       ] GC(8) Pause Young (Allocation Failure)
[0.231s][info][gc,heap        ] GC(8) PSYoungGen: 4062K(4608K)->2048K(5632K) Eden: 3072K(3072K)->0K(3584K) From: 990K(1536K)->2048K(2048K)
[0.231s][info][gc,heap        ] GC(8) ParOldGen: 3127K(6144K)->3671K(6144K)
[0.231s][info][gc,metaspace   ] GC(8) Metaspace: 6295K(6464K)->6295K(6464K) NonClass: 5762K(5824K)->5762K(5824K) Class: 533K(640K)->533K(640K)
[0.231s][info][gc             ] GC(8) Pause Young (Allocation Failure) 7M->5M(11M) 2.770ms
[0.231s][info][gc,cpu         ] GC(8) User=0.00s Sys=0.00s Real=0.00s
[0.236s][info][gc,start       ] GC(9) Pause Young (Allocation Failure)
[0.239s][info][gc,heap        ] GC(9) PSYoungGen: 5632K(5632K)->3040K(6656K) Eden: 3584K(3584K)->0K(3584K) From: 2048K(2048K)->3040K(3072K)
[0.239s][info][gc,heap        ] GC(9) ParOldGen: 3671K(6144K)->4671K(6144K)
[0.239s][info][gc,metaspace   ] GC(9) Metaspace: 6295K(6464K)->6295K(6464K) NonClass: 5762K(5824K)->5762K(5824K) Class: 533K(640K)->533K(640K)
[0.239s][info][gc             ] GC(9) Pause Young (Allocation Failure) 9M->7M(12M) 3.660ms
[0.239s][info][gc,cpu         ] GC(9) User=0.00s Sys=0.00s Real=0.00s
[0.243s][info][gc,start       ] GC(10) Pause Young (Allocation Failure)
[0.247s][info][gc,heap        ] GC(10) PSYoungGen: 6624K(6656K)->4064K(8704K) Eden: 3584K(3584K)->0K(4608K) From: 3040K(3072K)->4064K(4096K)
[0.247s][info][gc,heap        ] GC(10) ParOldGen: 4671K(6144K)->5511K(6144K)
[0.248s][info][gc,metaspace   ] GC(10) Metaspace: 6295K(6464K)->6295K(6464K) NonClass: 5762K(5824K)->5762K(5824K) Class: 533K(640K)->533K(640K)
[0.248s][info][gc             ] GC(10) Pause Young (Allocation Failure) 11M->9M(14M) 4.250ms
[0.248s][info][gc,cpu         ] GC(10) User=0.00s Sys=0.00s Real=0.01s
[0.248s][info][gc,start       ] GC(11) Pause Full (Ergonomics)
[0.248s][info][gc,phases,start] GC(11) Marking Phase
[0.252s][info][gc,phases      ] GC(11) Marking Phase 4.394ms
[0.252s][info][gc,phases,start] GC(11) Summary Phase
[0.252s][info][gc,phases      ] GC(11) Summary Phase 0.016ms
[0.252s][info][gc,phases,start] GC(11) Adjust Roots
[0.252s][info][gc,phases      ] GC(11) Adjust Roots 0.209ms
[0.252s][info][gc,phases,start] GC(11) Compaction Phase
[0.257s][info][gc,phases      ] GC(11) Compaction Phase 4.352ms
[0.257s][info][gc,phases,start] GC(11) Post Compact
[0.257s][info][gc,phases      ] GC(11) Post Compact 0.045ms
[0.257s][info][gc,heap        ] GC(11) PSYoungGen: 4064K(8704K)->3541K(8704K) Eden: 0K(4608K)->0K(4608K) From: 4064K(4096K)->3541K(4096K)
[0.257s][info][gc,heap        ] GC(11) ParOldGen: 5511K(6144K)->5835K(10240K)
[0.257s][info][gc,metaspace   ] GC(11) Metaspace: 6295K(6464K)->6295K(6464K) NonClass: 5762K(5824K)->5762K(5824K) Class: 533K(640K)->533K(640K)
[0.257s][info][gc             ] GC(11) Pause Full (Ergonomics) 9M->9M(18M) 9.354ms
[0.257s][info][gc,cpu         ] GC(11) User=0.00s Sys=0.00s Real=0.01s
[0.261s][info][gc,start       ] GC(12) Pause Young (Allocation Failure)
[0.266s][info][gc,heap        ] GC(12) PSYoungGen: 8010K(8704K)->4096K(9728K) Eden: 4468K(4608K)->0K(4608K) From: 3541K(4096K)->4096K(5120K)
[0.266s][info][gc,heap        ] GC(12) ParOldGen: 5835K(10240K)->7667K(10240K)
[0.266s][info][gc,metaspace   ] GC(12) Metaspace: 6295K(6464K)->6295K(6464K) NonClass: 5762K(5824K)->5762K(5824K) Class: 533K(640K)->533K(640K)
[0.266s][info][gc             ] GC(12) Pause Young (Allocation Failure) 13M->11M(19M) 4.258ms
[0.266s][info][gc,cpu         ] GC(12) User=0.00s Sys=0.00s Real=0.00s
[0.271s][info][gc,start       ] GC(13) Pause Young (Allocation Failure)
[0.277s][info][gc,heap        ] GC(13) PSYoungGen: 8704K(9728K)->2656K(12288K) Eden: 4608K(4608K)->0K(6656K) From: 4096K(5120K)->2656K(5632K)
[0.277s][info][gc,heap        ] GC(13) ParOldGen: 7667K(10240K)->11779K(12288K)
[0.277s][info][gc,metaspace   ] GC(13) Metaspace: 6295K(6464K)->6295K(6464K) NonClass: 5762K(5824K)->5762K(5824K) Class: 533K(640K)->533K(640K)
[0.277s][info][gc             ] GC(13) Pause Young (Allocation Failure) 15M->14M(24M) 5.673ms
[0.277s][info][gc,cpu         ] GC(13) User=0.00s Sys=0.00s Real=0.01s
[0.277s][info][gc,start       ] GC(14) Pause Full (Ergonomics)
[0.277s][info][gc,phases,start] GC(14) Marking Phase
[0.283s][info][gc,phases      ] GC(14) Marking Phase 6.467ms
[0.283s][info][gc,phases,start] GC(14) Summary Phase
[0.283s][info][gc,phases      ] GC(14) Summary Phase 0.015ms
[0.283s][info][gc,phases,start] GC(14) Adjust Roots
[0.283s][info][gc,phases      ] GC(14) Adjust Roots 0.174ms
[0.283s][info][gc,phases,start] GC(14) Compaction Phase
[0.289s][info][gc,phases      ] GC(14) Compaction Phase 5.681ms
[0.289s][info][gc,phases,start] GC(14) Post Compact
[0.289s][info][gc,phases      ] GC(14) Post Compact 0.060ms
[0.289s][info][gc,heap        ] GC(14) PSYoungGen: 2656K(12288K)->2045K(12288K) Eden: 0K(6656K)->0K(6656K) From: 2656K(5632K)->2045K(5632K)
[0.289s][info][gc,heap        ] GC(14) ParOldGen: 11779K(12288K)->11991K(18944K)
[0.289s][info][gc,metaspace   ] GC(14) Metaspace: 6295K(6464K)->6295K(6464K) NonClass: 5762K(5824K)->5762K(5824K) Class: 533K(640K)->533K(640K)
[0.289s][info][gc             ] GC(14) Pause Full (Ergonomics) 14M->13M(30M) 12.710ms
[0.289s][info][gc,cpu         ] GC(14) User=0.00s Sys=0.00s Real=0.01s
[0.294s][info][gc,start       ] GC(15) Pause Young (Allocation Failure)
[0.299s][info][gc,heap        ] GC(15) PSYoungGen: 8701K(12288K)->3424K(12288K) Eden: 6656K(6656K)->0K(6656K) From: 2045K(5632K)->3424K(5632K)
[0.299s][info][gc,heap        ] GC(15) ParOldGen: 11991K(18944K)->14071K(18944K)
[0.299s][info][gc,metaspace   ] GC(15) Metaspace: 6297K(6464K)->6297K(6464K) NonClass: 5764K(5824K)->5764K(5824K) Class: 533K(640K)->533K(640K)
[0.299s][info][gc             ] GC(15) Pause Young (Allocation Failure) 20M->17M(30M) 4.953ms
[0.299s][info][gc,cpu         ] GC(15) User=0.00s Sys=0.00s Real=0.00s
[0.303s][info][gc,start       ] GC(16) Pause Young (Allocation Failure)
[0.309s][info][gc,heap        ] GC(16) PSYoungGen: 10080K(12288K)->3456K(14848K) Eden: 6656K(6656K)->0K(9216K) From: 3424K(5632K)->3456K(5632K)
[0.309s][info][gc,heap        ] GC(16) ParOldGen: 14071K(18944K)->17535K(18944K)
[0.309s][info][gc,metaspace   ] GC(16) Metaspace: 6297K(6464K)->6297K(6464K) NonClass: 5764K(5824K)->5764K(5824K) Class: 533K(640K)->533K(640K)
[0.309s][info][gc             ] GC(16) Pause Young (Allocation Failure) 23M->20M(33M) 5.768ms
[0.309s][info][gc,cpu         ] GC(16) User=0.00s Sys=0.00s Real=0.00s
[0.309s][info][gc,start       ] GC(17) Pause Full (Ergonomics)
[0.309s][info][gc,phases,start] GC(17) Marking Phase
[0.318s][info][gc,phases      ] GC(17) Marking Phase 8.796ms
[0.318s][info][gc,phases,start] GC(17) Summary Phase
[0.318s][info][gc,phases      ] GC(17) Summary Phase 0.014ms
[0.318s][info][gc,phases,start] GC(17) Adjust Roots
[0.318s][info][gc,phases      ] GC(17) Adjust Roots 0.217ms
[0.318s][info][gc,phases,start] GC(17) Compaction Phase
[0.324s][info][gc,phases      ] GC(17) Compaction Phase 5.648ms
[0.324s][info][gc,phases,start] GC(17) Post Compact
[0.324s][info][gc,phases      ] GC(17) Post Compact 0.118ms
[0.324s][info][gc,heap        ] GC(17) PSYoungGen: 3456K(14848K)->2412K(14848K) Eden: 0K(9216K)->0K(9216K) From: 3456K(5632K)->2412K(5632K)
[0.324s][info][gc,heap        ] GC(17) ParOldGen: 17535K(18944K)->18460K(27648K)
[0.324s][info][gc,metaspace   ] GC(17) Metaspace: 6297K(6464K)->6297K(6464K) NonClass: 5764K(5824K)->5764K(5824K) Class: 533K(640K)->533K(640K)
[0.324s][info][gc             ] GC(17) Pause Full (Ergonomics) 20M->20M(41M) 15.100ms
[0.324s][info][gc,cpu         ] GC(17) User=0.00s Sys=0.00s Real=0.02s
[0.332s][info][gc,start       ] GC(18) Pause Young (Allocation Failure)
[0.338s][info][gc,heap        ] GC(18) PSYoungGen: 11628K(14848K)->5280K(14848K) Eden: 9216K(9216K)->0K(9216K) From: 2412K(5632K)->5280K(5632K)
[0.338s][info][gc,heap        ] GC(18) ParOldGen: 18460K(27648K)->20924K(27648K)
[0.338s][info][gc,metaspace   ] GC(18) Metaspace: 6297K(6464K)->6297K(6464K) NonClass: 5764K(5824K)->5764K(5824K) Class: 533K(640K)->533K(640K)
[0.338s][info][gc             ] GC(18) Pause Young (Allocation Failure) 29M->25M(41M) 6.355ms
[0.338s][info][gc,cpu         ] GC(18) User=0.00s Sys=0.00s Real=0.01s
[0.344s][info][gc,start       ] GC(19) Pause Young (Allocation Failure)
[0.352s][info][gc,heap        ] GC(19) PSYoungGen: 14496K(14848K)->4800K(18944K) Eden: 9216K(9216K)->0K(12288K) From: 5280K(5632K)->4800K(6656K)
[0.352s][info][gc,heap        ] GC(19) ParOldGen: 20924K(27648K)->26260K(27648K)
[0.352s][info][gc,metaspace   ] GC(19) Metaspace: 6297K(6464K)->6297K(6464K) NonClass: 5764K(5824K)->5764K(5824K) Class: 533K(640K)->533K(640K)
[0.352s][info][gc             ] GC(19) Pause Young (Allocation Failure) 34M->30M(45M) 8.287ms
[0.352s][info][gc,cpu         ] GC(19) User=0.02s Sys=0.00s Real=0.01s
[0.352s][info][gc,start       ] GC(20) Pause Full (Ergonomics)
[0.352s][info][gc,phases,start] GC(20) Marking Phase
[0.364s][info][gc,phases      ] GC(20) Marking Phase 12.213ms
[0.364s][info][gc,phases,start] GC(20) Summary Phase
[0.364s][info][gc,phases      ] GC(20) Summary Phase 0.015ms
[0.364s][info][gc,phases,start] GC(20) Adjust Roots
[0.365s][info][gc,phases      ] GC(20) Adjust Roots 0.199ms
[0.365s][info][gc,phases,start] GC(20) Compaction Phase
[0.375s][info][gc,phases      ] GC(20) Compaction Phase 9.944ms
[0.375s][info][gc,phases,start] GC(20) Post Compact
[0.375s][info][gc,phases      ] GC(20) Post Compact 0.108ms
[0.375s][info][gc,heap        ] GC(20) PSYoungGen: 4800K(18944K)->3228K(18944K) Eden: 0K(12288K)->0K(12288K) From: 4800K(6656K)->3228K(6656K)
[0.375s][info][gc,heap        ] GC(20) ParOldGen: 26260K(27648K)->27151K(38400K)
[0.375s][info][gc,metaspace   ] GC(20) Metaspace: 6297K(6464K)->6297K(6464K) NonClass: 5764K(5824K)->5764K(5824K) Class: 533K(640K)->533K(640K)
[0.375s][info][gc             ] GC(20) Pause Full (Ergonomics) 30M->29M(56M) 22.858ms
[0.375s][info][gc,cpu         ] GC(20) User=0.00s Sys=0.00s Real=0.02s
[0.386s][info][gc,start       ] GC(21) Pause Young (Allocation Failure)
[0.398s][info][gc,heap        ] GC(21) PSYoungGen: 15516K(18944K)->6656K(18944K) Eden: 12288K(12288K)->0K(12288K) From: 3228K(6656K)->6656K(6656K)
[0.398s][info][gc,heap        ] GC(21) ParOldGen: 27151K(38400K)->35287K(38400K)
[0.398s][info][gc,metaspace   ] GC(21) Metaspace: 6297K(6464K)->6297K(6464K) NonClass: 5764K(5824K)->5764K(5824K) Class: 533K(640K)->533K(640K)
[0.398s][info][gc             ] GC(21) Pause Young (Allocation Failure) 41M->40M(56M) 12.343ms
[0.398s][info][gc,cpu         ] GC(21) User=0.00s Sys=0.00s Real=0.01s
[0.398s][info][gc,start       ] GC(22) Pause Full (Ergonomics)
[0.399s][info][gc,phases,start] GC(22) Marking Phase
[0.415s][info][gc,phases      ] GC(22) Marking Phase 16.560ms
[0.415s][info][gc,phases,start] GC(22) Summary Phase
[0.415s][info][gc,phases      ] GC(22) Summary Phase 0.017ms
[0.415s][info][gc,phases,start] GC(22) Adjust Roots
[0.415s][info][gc,phases      ] GC(22) Adjust Roots 0.173ms
[0.415s][info][gc,phases,start] GC(22) Compaction Phase
[0.425s][info][gc,phases      ] GC(22) Compaction Phase 9.568ms
[0.425s][info][gc,phases,start] GC(22) Post Compact
[0.425s][info][gc,phases      ] GC(22) Post Compact 0.180ms
[0.425s][info][gc,heap        ] GC(22) PSYoungGen: 6656K(18944K)->3576K(18944K) Eden: 0K(12288K)->0K(12288K) From: 6656K(6656K)->3576K(6656K)
[0.425s][info][gc,heap        ] GC(22) ParOldGen: 35287K(38400K)->38213K(53248K)
[0.425s][info][gc,metaspace   ] GC(22) Metaspace: 6297K(6464K)->6297K(6464K) NonClass: 5764K(5824K)->5764K(5824K) Class: 533K(640K)->533K(640K)
[0.425s][info][gc             ] GC(22) Pause Full (Ergonomics) 40M->40M(70M) 26.834ms
[0.425s][info][gc,cpu         ] GC(22) User=0.03s Sys=0.00s Real=0.03s
[0.442s][info][gc,start       ] GC(23) Pause Young (Allocation Failure)
[0.455s][info][gc,heap        ] GC(23) PSYoungGen: 15864K(18944K)->10720K(21504K) Eden: 12288K(12288K)->0K(10752K) From: 3576K(6656K)->10720K(10752K)
[0.455s][info][gc,heap        ] GC(23) ParOldGen: 38213K(53248K)->43437K(53248K)
[0.455s][info][gc,metaspace   ] GC(23) Metaspace: 6297K(6464K)->6297K(6464K) NonClass: 5764K(5824K)->5764K(5824K) Class: 533K(640K)->533K(640K)
[0.455s][info][gc             ] GC(23) Pause Young (Allocation Failure) 52M->52M(73M) 13.839ms
[0.455s][info][gc,cpu         ] GC(23) User=0.00s Sys=0.02s Real=0.01s
[0.466s][info][gc,start       ] GC(24) Pause Young (Allocation Failure)
[0.479s][info][gc,heap        ] GC(24) PSYoungGen: 21472K(21504K)->10784K(25600K) Eden: 10752K(10752K)->0K(10752K) From: 10720K(10752K)->10784K(14848K)
[0.480s][info][gc,heap        ] GC(24) ParOldGen: 43437K(53248K)->54285K(54784K)
[0.480s][info][gc,metaspace   ] GC(24) Metaspace: 6297K(6464K)->6297K(6464K) NonClass: 5764K(5824K)->5764K(5824K) Class: 533K(640K)->533K(640K)
[0.480s][info][gc             ] GC(24) Pause Young (Allocation Failure) 63M->63M(78M) 13.745ms
[0.480s][info][gc,cpu         ] GC(24) User=0.00s Sys=0.00s Real=0.01s
[0.480s][info][gc,start       ] GC(25) Pause Full (Ergonomics)
[0.480s][info][gc,phases,start] GC(25) Marking Phase
[0.505s][info][gc,phases      ] GC(25) Marking Phase 25.161ms
[0.505s][info][gc,phases,start] GC(25) Summary Phase
[0.505s][info][gc,phases      ] GC(25) Summary Phase 0.015ms
[0.505s][info][gc,phases,start] GC(25) Adjust Roots
[0.505s][info][gc,phases      ] GC(25) Adjust Roots 0.177ms
[0.505s][info][gc,phases,start] GC(25) Compaction Phase
[0.524s][info][gc,phases      ] GC(25) Compaction Phase 18.992ms
[0.524s][info][gc,phases,start] GC(25) Post Compact
[0.524s][info][gc,phases      ] GC(25) Post Compact 0.209ms
[0.525s][info][gc,heap        ] GC(25) PSYoungGen: 10784K(25600K)->9185K(25600K) Eden: 0K(10752K)->0K(10752K) From: 10784K(14848K)->9185K(14848K)
[0.525s][info][gc,heap        ] GC(25) ParOldGen: 54285K(54784K)->54561K(74240K)
[0.525s][info][gc,metaspace   ] GC(25) Metaspace: 6297K(6464K)->6297K(6464K) NonClass: 5764K(5824K)->5764K(5824K) Class: 533K(640K)->533K(640K)
[0.525s][info][gc             ] GC(25) Pause Full (Ergonomics) 63M->62M(97M) 44.888ms
[0.525s][info][gc,cpu         ] GC(25) User=0.03s Sys=0.00s Real=0.04s
[0.535s][info][gc,start       ] GC(26) Pause Young (Allocation Failure)
[0.553s][info][gc,heap        ] GC(26) PSYoungGen: 19937K(25600K)->10752K(28672K) Eden: 10752K(10752K)->0K(12800K) From: 9185K(14848K)->10752K(15872K)
[0.553s][info][gc,heap        ] GC(26) ParOldGen: 54561K(74240K)->63897K(74240K)
[0.553s][info][gc,metaspace   ] GC(26) Metaspace: 6297K(6464K)->6297K(6464K) NonClass: 5764K(5824K)->5764K(5824K) Class: 533K(640K)->533K(640K)
[0.553s][info][gc             ] GC(26) Pause Young (Allocation Failure) 72M->72M(100M) 18.274ms
[0.553s][info][gc,cpu         ] GC(26) User=0.00s Sys=0.00s Real=0.02s
[0.553s][info][gc,start       ] GC(27) Pause Full (Ergonomics)
[0.553s][info][gc,phases,start] GC(27) Marking Phase
[0.582s][info][gc,phases      ] GC(27) Marking Phase 28.719ms
[0.582s][info][gc,phases,start] GC(27) Summary Phase
[0.582s][info][gc,phases      ] GC(27) Summary Phase 0.016ms
[0.582s][info][gc,phases,start] GC(27) Adjust Roots
[0.582s][info][gc,phases      ] GC(27) Adjust Roots 0.174ms
[0.582s][info][gc,phases,start] GC(27) Compaction Phase
[0.601s][info][gc,phases      ] GC(27) Compaction Phase 18.780ms
[0.601s][info][gc,phases,start] GC(27) Post Compact
[0.601s][info][gc,phases      ] GC(27) Post Compact 0.292ms
[0.601s][info][gc,heap        ] GC(27) PSYoungGen: 10752K(28672K)->502K(28672K) Eden: 0K(12800K)->0K(12800K) From: 10752K(15872K)->502K(15872K)
[0.601s][info][gc,heap        ] GC(27) ParOldGen: 63897K(74240K)->73967K(96768K)
[0.601s][info][gc,metaspace   ] GC(27) Metaspace: 6297K(6464K)->6297K(6464K) NonClass: 5764K(5824K)->5764K(5824K) Class: 533K(640K)->533K(640K)
[0.601s][info][gc             ] GC(27) Pause Full (Ergonomics) 72M->72M(122M) 48.329ms
[0.601s][info][gc,cpu         ] GC(27) User=0.05s Sys=0.02s Real=0.05s
[0.614s][info][gc,start       ] GC(28) Pause Young (Allocation Failure)
[0.631s][info][gc,heap        ] GC(28) PSYoungGen: 13302K(28672K)->13312K(29184K) Eden: 12800K(12800K)->0K(12800K) From: 502K(15872K)->13312K(16384K)
[0.632s][info][gc,heap        ] GC(28) ParOldGen: 73967K(96768K)->73967K(96768K)
[0.632s][info][gc,metaspace   ] GC(28) Metaspace: 6297K(6464K)->6297K(6464K) NonClass: 5764K(5824K)->5764K(5824K) Class: 533K(640K)->533K(640K)
[0.632s][info][gc             ] GC(28) Pause Young (Allocation Failure) 85M->85M(123M) 17.254ms
[0.632s][info][gc,cpu         ] GC(28) User=0.03s Sys=0.00s Real=0.02s
[0.649s][info][gc,start       ] GC(29) Pause Young (Allocation Failure)
[0.670s][info][gc,heap        ] GC(29) PSYoungGen: 26112K(29184K)->17888K(27136K) Eden: 12800K(12800K)->0K(9216K) From: 13312K(16384K)->17888K(17920K)
[0.670s][info][gc,heap        ] GC(29) ParOldGen: 73967K(96768K)->82295K(96768K)
[0.670s][info][gc,metaspace   ] GC(29) Metaspace: 6297K(6464K)->6297K(6464K) NonClass: 5764K(5824K)->5764K(5824K) Class: 533K(640K)->533K(640K)
[0.670s][info][gc             ] GC(29) Pause Young (Allocation Failure) 97M->97M(121M) 21.170ms
[0.670s][info][gc,cpu         ] GC(29) User=0.00s Sys=0.03s Real=0.02s
[0.678s][info][gc,start       ] GC(30) Pause Young (Allocation Failure)
[0.693s][info][gc,heap        ] GC(30) PSYoungGen: 27104K(27136K)->17472K(33280K) Eden: 9216K(9216K)->0K(9216K) From: 17888K(17920K)->17472K(24064K)
[0.693s][info][gc,heap        ] GC(30) ParOldGen: 82295K(96768K)->92103K(96768K)
[0.693s][info][gc,metaspace   ] GC(30) Metaspace: 6297K(6464K)->6297K(6464K) NonClass: 5764K(5824K)->5764K(5824K) Class: 533K(640K)->533K(640K)
[0.693s][info][gc             ] GC(30) Pause Young (Allocation Failure) 106M->107M(127M) 15.182ms
[0.693s][info][gc,cpu         ] GC(30) User=0.00s Sys=0.00s Real=0.02s
[0.693s][info][gc,start       ] GC(31) Pause Full (Ergonomics)
[0.693s][info][gc,phases,start] GC(31) Marking Phase
[0.722s][info][gc,phases      ] GC(31) Marking Phase 29.469ms
[0.723s][info][gc,phases,start] GC(31) Summary Phase
[0.723s][info][gc,phases      ] GC(31) Summary Phase 0.015ms
[0.723s][info][gc,phases,start] GC(31) Adjust Roots
[0.723s][info][gc,phases      ] GC(31) Adjust Roots 0.138ms
[0.723s][info][gc,phases,start] GC(31) Compaction Phase
[0.747s][info][gc,phases      ] GC(31) Compaction Phase 24.192ms
[0.747s][info][gc,phases,start] GC(31) Post Compact
[0.747s][info][gc,phases      ] GC(31) Post Compact 0.344ms
[0.747s][info][gc,heap        ] GC(31) PSYoungGen: 17472K(33280K)->10743K(33280K) Eden: 0K(9216K)->0K(9216K) From: 17472K(24064K)->10743K(24064K)
[0.747s][info][gc,heap        ] GC(31) ParOldGen: 92103K(96768K)->96403K(122368K)
[0.748s][info][gc,metaspace   ] GC(31) Metaspace: 6297K(6464K)->6297K(6464K) NonClass: 5764K(5824K)->5764K(5824K) Class: 533K(640K)->533K(640K)
[0.748s][info][gc             ] GC(31) Pause Full (Ergonomics) 107M->104M(152M) 54.604ms
[0.748s][info][gc,cpu         ] GC(31) User=0.09s Sys=0.00s Real=0.06s
[0.756s][info][gc,start       ] GC(32) Pause Young (Allocation Failure)
[0.772s][info][gc,heap        ] GC(32) PSYoungGen: 19959K(33280K)->16608K(36352K) Eden: 9216K(9216K)->0K(10752K) From: 10743K(24064K)->16608K(25600K)
[0.772s][info][gc,heap        ] GC(32) ParOldGen: 96403K(122368K)->99875K(122368K)
[0.772s][info][gc,metaspace   ] GC(32) Metaspace: 6297K(6464K)->6297K(6464K) NonClass: 5764K(5824K)->5764K(5824K) Class: 533K(640K)->533K(640K)
[0.772s][info][gc             ] GC(32) Pause Young (Allocation Failure) 113M->113M(155M) 15.758ms
[0.772s][info][gc,cpu         ] GC(32) User=0.00s Sys=0.00s Real=0.02s
[0.783s][info][gc,start       ] GC(33) Pause Young (Allocation Failure)
[0.796s][info][gc,heap        ] GC(33) PSYoungGen: 27360K(36352K)->26624K(37376K) Eden: 10752K(10752K)->0K(10752K) From: 16608K(25600K)->26624K(26624K)
[0.796s][info][gc,heap        ] GC(33) ParOldGen: 99875K(122368K)->100563K(122368K)
[0.796s][info][gc,metaspace   ] GC(33) Metaspace: 6297K(6464K)->6297K(6464K) NonClass: 5764K(5824K)->5764K(5824K) Class: 533K(640K)->533K(640K)
[0.796s][info][gc             ] GC(33) Pause Young (Allocation Failure) 124M->124M(156M) 13.599ms
[0.797s][info][gc,cpu         ] GC(33) User=0.00s Sys=0.00s Real=0.01s
[0.807s][info][gc,start       ] GC(34) Pause Young (Allocation Failure)
[0.827s][info][gc,heap        ] GC(34) PSYoungGen: 37376K(37376K)->21216K(43008K) Eden: 10752K(10752K)->0K(11776K) From: 26624K(26624K)->21216K(31232K)
[0.827s][info][gc,heap        ] GC(34) ParOldGen: 100563K(122368K)->116995K(122368K)
[0.827s][info][gc,metaspace   ] GC(34) Metaspace: 6297K(6464K)->6297K(6464K) NonClass: 5764K(5824K)->5764K(5824K) Class: 533K(640K)->533K(640K)
[0.827s][info][gc             ] GC(34) Pause Young (Allocation Failure) 134M->134M(161M) 20.692ms
[0.827s][info][gc,cpu         ] GC(34) User=0.02s Sys=0.03s Real=0.02s
[0.827s][info][gc,start       ] GC(35) Pause Full (Ergonomics)
[0.827s][info][gc,phases,start] GC(35) Marking Phase
[0.863s][info][gc,phases      ] GC(35) Marking Phase 35.887ms
[0.863s][info][gc,phases,start] GC(35) Summary Phase
[0.863s][info][gc,phases      ] GC(35) Summary Phase 0.015ms
[0.863s][info][gc,phases,start] GC(35) Adjust Roots
[0.863s][info][gc,phases      ] GC(35) Adjust Roots 0.140ms
[0.864s][info][gc,phases,start] GC(35) Compaction Phase
[0.890s][info][gc,phases      ] GC(35) Compaction Phase 26.590ms
[0.890s][info][gc,phases,start] GC(35) Post Compact
[0.891s][info][gc,phases      ] GC(35) Post Compact 0.516ms
[0.891s][info][gc,heap        ] GC(35) PSYoungGen: 21216K(43008K)->15506K(43008K) Eden: 0K(11776K)->0K(11776K) From: 21216K(31232K)->15506K(31232K)
[0.891s][info][gc,heap        ] GC(35) ParOldGen: 116995K(122368K)->122267K(152576K)
[0.891s][info][gc,metaspace   ] GC(35) Metaspace: 6297K(6464K)->6297K(6464K) NonClass: 5764K(5824K)->5764K(5824K) Class: 533K(640K)->533K(640K)
[0.891s][info][gc             ] GC(35) Pause Full (Ergonomics) 134M->134M(191M) 63.553ms
[0.891s][info][gc,cpu         ] GC(35) User=0.12s Sys=0.00s Real=0.06s
[0.903s][info][gc,start       ] GC(36) Pause Young (Allocation Failure)
[0.923s][info][gc,heap        ] GC(36) PSYoungGen: 27282K(43008K)->11808K(44544K) Eden: 11776K(11776K)->0K(11776K) From: 15506K(31232K)->11808K(32768K)
[0.923s][info][gc,heap        ] GC(36) ParOldGen: 122267K(152576K)->138027K(152576K)
[0.923s][info][gc,metaspace   ] GC(36) Metaspace: 6297K(6464K)->6297K(6464K) NonClass: 5764K(5824K)->5764K(5824K) Class: 533K(640K)->533K(640K)
[0.923s][info][gc             ] GC(36) Pause Young (Allocation Failure) 146M->146M(192M) 19.938ms
[0.923s][info][gc,cpu         ] GC(36) User=0.06s Sys=0.00s Real=0.02s
[0.923s][info][gc,start       ] GC(37) Pause Full (Ergonomics)
[0.923s][info][gc,phases,start] GC(37) Marking Phase
[0.959s][info][gc,phases      ] GC(37) Marking Phase 35.755ms
[0.959s][info][gc,phases,start] GC(37) Summary Phase
[0.959s][info][gc,phases      ] GC(37) Summary Phase 0.016ms
[0.959s][info][gc,phases,start] GC(37) Adjust Roots
[0.959s][info][gc,phases      ] GC(37) Adjust Roots 0.136ms
[0.959s][info][gc,phases,start] GC(37) Compaction Phase
[0.979s][info][gc,phases      ] GC(37) Compaction Phase 19.596ms
[0.979s][info][gc,phases,start] GC(37) Post Compact
[0.979s][info][gc,phases      ] GC(37) Post Compact 0.632ms
[0.980s][info][gc,heap        ] GC(37) PSYoungGen: 11808K(44544K)->0K(45056K) Eden: 0K(11776K)->0K(13824K) From: 11808K(32768K)->0K(31232K)
[0.980s][info][gc,heap        ] GC(37) ParOldGen: 138027K(152576K)->149515K(184832K)
[0.980s][info][gc,metaspace   ] GC(37) Metaspace: 6297K(6464K)->6297K(6464K) NonClass: 5764K(5824K)->5764K(5824K) Class: 533K(640K)->533K(640K)
[0.980s][info][gc             ] GC(37) Pause Full (Ergonomics) 146M->146M(224M) 56.541ms
[0.980s][info][gc,cpu         ] GC(37) User=0.17s Sys=0.00s Real=0.06s
[0.994s][info][gc,start       ] GC(38) Pause Young (Allocation Failure)
[1.002s][info][gc,heap        ] GC(38) PSYoungGen: 13824K(45056K)->13888K(45056K) Eden: 13824K(13824K)->0K(13824K) From: 0K(31232K)->13888K(31232K)
[1.002s][info][gc,heap        ] GC(38) ParOldGen: 149515K(184832K)->149515K(184832K)
[1.002s][info][gc,metaspace   ] GC(38) Metaspace: 6297K(6464K)->6297K(6464K) NonClass: 5764K(5824K)->5764K(5824K) Class: 533K(640K)->533K(640K)
[1.002s][info][gc             ] GC(38) Pause Young (Allocation Failure) 159M->159M(224M) 8.333ms
[1.002s][info][gc,cpu         ] GC(38) User=0.02s Sys=0.00s Real=0.01s
[1.046s][info][gc,start       ] GC(39) Pause Young (Allocation Failure)
[1.063s][info][gc,heap        ] GC(39) PSYoungGen: 27712K(45056K)->27744K(41984K) Eden: 13824K(13824K)->0K(12288K) From: 13888K(31232K)->27744K(29696K)
[1.063s][info][gc,heap        ] GC(39) ParOldGen: 157707K(184832K)->157707K(184832K)
[1.063s][info][gc,metaspace   ] GC(39) Metaspace: 6297K(6464K)->6297K(6464K) NonClass: 5764K(5824K)->5764K(5824K) Class: 533K(640K)->533K(640K)
[1.063s][info][gc             ] GC(39) Pause Young (Allocation Failure) 181M->181M(221M) 17.804ms
[1.063s][info][gc,cpu         ] GC(39) User=0.06s Sys=0.00s Real=0.02s
[1.075s][info][gc,start       ] GC(40) Pause Young (Allocation Failure)
[1.095s][info][gc,heap        ] GC(40) PSYoungGen: 40032K(41984K)->33280K(45568K) Eden: 12288K(12288K)->0K(12288K) From: 27744K(29696K)->33280K(33280K)
[1.095s][info][gc,heap        ] GC(40) ParOldGen: 157707K(184832K)->164451K(184832K)
[1.095s][info][gc,metaspace   ] GC(40) Metaspace: 6297K(6464K)->6297K(6464K) NonClass: 5764K(5824K)->5764K(5824K) Class: 533K(640K)->533K(640K)
[1.095s][info][gc             ] GC(40) Pause Young (Allocation Failure) 193M->193M(225M) 20.564ms
[1.095s][info][gc,cpu         ] GC(40) User=0.02s Sys=0.00s Real=0.02s
[1.108s][info][gc,start       ] GC(41) Pause Young (Allocation Failure)
[1.130s][info][gc,heap        ] GC(41) PSYoungGen: 45568K(45568K)->21696K(54272K) Eden: 12288K(12288K)->0K(14336K) From: 33280K(33280K)->21696K(39936K)
[1.130s][info][gc,heap        ] GC(41) ParOldGen: 164451K(184832K)->188739K(188928K)
[1.130s][info][gc,metaspace   ] GC(41) Metaspace: 6297K(6464K)->6297K(6464K) NonClass: 5764K(5824K)->5764K(5824K) Class: 533K(640K)->533K(640K)
[1.130s][info][gc             ] GC(41) Pause Young (Allocation Failure) 205M->205M(237M) 22.746ms
[1.130s][info][gc,cpu         ] GC(41) User=0.08s Sys=0.00s Real=0.02s
[1.130s][info][gc,start       ] GC(42) Pause Full (Ergonomics)
[1.131s][info][gc,phases,start] GC(42) Marking Phase
[1.181s][info][gc,phases      ] GC(42) Marking Phase 50.779ms
[1.181s][info][gc,phases,start] GC(42) Summary Phase
[1.181s][info][gc,phases      ] GC(42) Summary Phase 0.017ms
[1.181s][info][gc,phases,start] GC(42) Adjust Roots
[1.182s][info][gc,phases      ] GC(42) Adjust Roots 0.149ms
[1.182s][info][gc,phases,start] GC(42) Compaction Phase
[1.220s][info][gc,phases      ] GC(42) Compaction Phase 38.649ms
[1.220s][info][gc,phases,start] GC(42) Post Compact
[1.221s][info][gc,phases      ] GC(42) Post Compact 0.934ms
[1.221s][info][gc,heap        ] GC(42) PSYoungGen: 21696K(54272K)->16960K(54784K) Eden: 0K(14336K)->0K(14848K) From: 21696K(39936K)->16960K(39936K)
[1.221s][info][gc,heap        ] GC(42) ParOldGen: 188739K(188928K)->188741K(229888K)
[1.222s][info][gc,metaspace   ] GC(42) Metaspace: 6297K(6464K)->6297K(6464K) NonClass: 5764K(5824K)->5764K(5824K) Class: 533K(640K)->533K(640K)
[1.222s][info][gc             ] GC(42) Pause Full (Ergonomics) 205M->200M(278M) 91.056ms
[1.222s][info][gc,cpu         ] GC(42) User=0.28s Sys=0.00s Real=0.09s
[1.238s][info][gc,start       ] GC(43) Pause Young (Allocation Failure)
[1.263s][info][gc,heap        ] GC(43) PSYoungGen: 31808K(54784K)->25024K(55296K) Eden: 14848K(14848K)->0K(14848K) From: 16960K(39936K)->25024K(40448K)
[1.263s][info][gc,heap        ] GC(43) ParOldGen: 188741K(229888K)->195781K(229888K)
[1.263s][info][gc,metaspace   ] GC(43) Metaspace: 6297K(6464K)->6297K(6464K) NonClass: 5764K(5824K)->5764K(5824K) Class: 533K(640K)->533K(640K)
[1.263s][info][gc             ] GC(43) Pause Young (Allocation Failure) 215M->215M(278M) 24.793ms
[1.263s][info][gc,cpu         ] GC(43) User=0.09s Sys=0.00s Real=0.02s
[1.279s][info][gc,start       ] GC(44) Pause Young (Allocation Failure)
[1.300s][info][gc,heap        ] GC(44) PSYoungGen: 39872K(55296K)->39808K(52736K) Eden: 14848K(14848K)->0K(11776K) From: 25024K(40448K)->39808K(40960K)
[1.300s][info][gc,heap        ] GC(44) ParOldGen: 195781K(229888K)->195781K(229888K)
[1.300s][info][gc,metaspace   ] GC(44) Metaspace: 6297K(6464K)->6297K(6464K) NonClass: 5764K(5824K)->5764K(5824K) Class: 533K(640K)->533K(640K)
[1.300s][info][gc             ] GC(44) Pause Young (Allocation Failure) 230M->230M(276M) 21.132ms
[1.300s][info][gc,cpu         ] GC(44) User=0.08s Sys=0.00s Real=0.02s
[1.313s][info][gc,start       ] GC(45) Pause Young (Allocation Failure)
[1.336s][info][gc,heap        ] GC(45) PSYoungGen: 51584K(52736K)->41536K(58368K) Eden: 11776K(11776K)->0K(11776K) From: 39808K(40960K)->41536K(46592K)
[1.336s][info][gc,heap        ] GC(45) ParOldGen: 195781K(229888K)->205997K(229888K)
[1.336s][info][gc,metaspace   ] GC(45) Metaspace: 6297K(6464K)->6297K(6464K) NonClass: 5764K(5824K)->5764K(5824K) Class: 533K(640K)->533K(640K)
[1.336s][info][gc             ] GC(45) Pause Young (Allocation Failure) 241M->241M(281M) 22.945ms
[1.336s][info][gc,cpu         ] GC(45) User=0.17s Sys=0.00s Real=0.02s
[1.349s][info][gc,start       ] GC(46) Pause Young (Allocation Failure)
[1.373s][info][gc,heap        ] GC(46) PSYoungGen: 53312K(58368K)->38464K(62464K) Eden: 11776K(11776K)->0K(10752K) From: 41536K(46592K)->38464K(51712K)
[1.374s][info][gc,heap        ] GC(46) ParOldGen: 205997K(229888K)->221045K(229888K)
[1.374s][info][gc,metaspace   ] GC(46) Metaspace: 6297K(6464K)->6297K(6464K) NonClass: 5764K(5824K)->5764K(5824K) Class: 533K(640K)->533K(640K)
[1.374s][info][gc             ] GC(46) Pause Young (Allocation Failure) 253M->253M(285M) 24.739ms
[1.374s][info][gc,cpu         ] GC(46) User=0.08s Sys=0.00s Real=0.02s
[1.374s][info][gc,start       ] GC(47) Pause Full (Ergonomics)
[1.374s][info][gc,phases,start] GC(47) Marking Phase
[1.433s][info][gc,phases      ] GC(47) Marking Phase 58.886ms
[1.433s][info][gc,phases,start] GC(47) Summary Phase
[1.433s][info][gc,phases      ] GC(47) Summary Phase 0.018ms
[1.433s][info][gc,phases,start] GC(47) Adjust Roots
[1.433s][info][gc,phases      ] GC(47) Adjust Roots 0.139ms
[1.433s][info][gc,phases,start] GC(47) Compaction Phase
[1.461s][info][gc,phases      ] GC(47) Compaction Phase 28.428ms
[1.461s][info][gc,phases,start] GC(47) Post Compact
[1.463s][info][gc,phases      ] GC(47) Post Compact 1.249ms
[1.463s][info][gc,heap        ] GC(47) PSYoungGen: 38464K(62464K)->29103K(62464K) Eden: 0K(10752K)->0K(10752K) From: 38464K(51712K)->29103K(51712K)
[1.463s][info][gc,heap        ] GC(47) ParOldGen: 221045K(229888K)->229713K(272384K)
[1.463s][info][gc,metaspace   ] GC(47) Metaspace: 6297K(6464K)->6297K(6464K) NonClass: 5764K(5824K)->5764K(5824K) Class: 533K(640K)->533K(640K)
[1.463s][info][gc             ] GC(47) Pause Full (Ergonomics) 253M->252M(327M) 89.225ms
[1.463s][info][gc,cpu         ] GC(47) User=0.39s Sys=0.00s Real=0.09s
[1.475s][info][gc,start       ] GC(48) Pause Young (Allocation Failure)
[1.502s][info][gc,heap        ] GC(48) PSYoungGen: 39855K(62464K)->20032K(31232K) Eden: 10752K(10752K)->0K(10752K) From: 29103K(51712K)->20032K(20480K)
[1.502s][info][gc,heap        ] GC(48) ParOldGen: 229713K(272384K)->249993K(272384K)
[1.502s][info][gc,metaspace   ] GC(48) Metaspace: 6297K(6464K)->6297K(6464K) NonClass: 5764K(5824K)->5764K(5824K) Class: 533K(640K)->533K(640K)
[1.502s][info][gc             ] GC(48) Pause Young (Allocation Failure) 263M->263M(296M) 27.208ms
[1.502s][info][gc,cpu         ] GC(48) User=0.08s Sys=0.03s Real=0.03s
[1.502s][info][gc,start       ] GC(49) Pause Full (Ergonomics)
[1.502s][info][gc,phases,start] GC(49) Marking Phase
[1.567s][info][gc,phases      ] GC(49) Marking Phase 64.601ms
[1.567s][info][gc,phases,start] GC(49) Summary Phase
[1.567s][info][gc,phases      ] GC(49) Summary Phase 0.030ms
[1.567s][info][gc,phases,start] GC(49) Adjust Roots
[1.567s][info][gc,phases      ] GC(49) Adjust Roots 0.162ms
[1.567s][info][gc,phases,start] GC(49) Compaction Phase
[1.596s][info][gc,phases      ] GC(49) Compaction Phase 28.295ms
[1.596s][info][gc,phases,start] GC(49) Post Compact
[1.597s][info][gc,phases      ] GC(49) Post Compact 1.463ms
[1.597s][info][gc,heap        ] GC(49) PSYoungGen: 20032K(31232K)->0K(64000K) Eden: 0K(10752K)->0K(12288K) From: 20032K(20480K)->0K(51712K)
[1.597s][info][gc,heap        ] GC(49) ParOldGen: 249993K(272384K)->269539K(317952K)
[1.597s][info][gc,metaspace   ] GC(49) Metaspace: 6297K(6464K)->6297K(6464K) NonClass: 5764K(5824K)->5764K(5824K) Class: 533K(640K)->533K(640K)
[1.597s][info][gc             ] GC(49) Pause Full (Ergonomics) 263M->263M(373M) 95.117ms
[1.597s][info][gc,cpu         ] GC(49) User=0.53s Sys=0.02s Real=0.10s
[1.611s][info][gc,start       ] GC(50) Pause Young (Allocation Failure)
[1.620s][info][gc,heap        ] GC(50) PSYoungGen: 12288K(64000K)->12448K(64512K) Eden: 12288K(12288K)->0K(12288K) From: 0K(51712K)->12448K(52224K)
[1.620s][info][gc,heap        ] GC(50) ParOldGen: 269539K(317952K)->269539K(317952K)
[1.620s][info][gc,metaspace   ] GC(50) Metaspace: 6297K(6464K)->6297K(6464K) NonClass: 5764K(5824K)->5764K(5824K) Class: 533K(640K)->533K(640K)
[1.620s][info][gc             ] GC(50) Pause Young (Allocation Failure) 275M->275M(373M) 8.801ms
[1.620s][info][gc,cpu         ] GC(50) User=0.00s Sys=0.00s Real=0.01s
[1.635s][info][gc,start       ] GC(51) Pause Young (Allocation Failure)
[1.648s][info][gc,heap        ] GC(51) PSYoungGen: 24736K(64512K)->24672K(61440K) Eden: 12288K(12288K)->0K(13824K) From: 12448K(52224K)->24672K(47616K)
[1.648s][info][gc,heap        ] GC(51) ParOldGen: 269539K(317952K)->269539K(317952K)
[1.648s][info][gc,metaspace   ] GC(51) Metaspace: 6297K(6464K)->6297K(6464K) NonClass: 5764K(5824K)->5764K(5824K) Class: 533K(640K)->533K(640K)
[1.648s][info][gc             ] GC(51) Pause Young (Allocation Failure) 287M->287M(370M) 13.090ms
[1.648s][info][gc,cpu         ] GC(51) User=0.02s Sys=0.00s Real=0.01s
[1.664s][info][gc,start       ] GC(52) Pause Young (Allocation Failure)
[1.682s][info][gc,heap        ] GC(52) PSYoungGen: 38496K(61440K)->38528K(63488K) Eden: 13824K(13824K)->0K(13824K) From: 24672K(47616K)->38528K(49664K)
[1.682s][info][gc,heap        ] GC(52) ParOldGen: 269539K(317952K)->269539K(317952K)
[1.682s][info][gc,metaspace   ] GC(52) Metaspace: 6297K(6464K)->6297K(6464K) NonClass: 5764K(5824K)->5764K(5824K) Class: 533K(640K)->533K(640K)
[1.682s][info][gc             ] GC(52) Pause Young (Allocation Failure) 300M->300M(372M) 17.815ms
[1.682s][info][gc,cpu         ] GC(52) User=0.05s Sys=0.00s Real=0.02s
[1.698s][info][gc,start       ] GC(53) Pause Young (Allocation Failure)
[1.722s][info][gc,heap        ] GC(53) PSYoungGen: 52352K(63488K)->52352K(60928K) Eden: 13824K(13824K)->0K(8192K) From: 38528K(49664K)->52352K(52736K)
[1.722s][info][gc,heap        ] GC(53) ParOldGen: 269539K(317952K)->269539K(317952K)
[1.722s][info][gc,metaspace   ] GC(53) Metaspace: 6297K(6464K)->6297K(6464K) NonClass: 5764K(5824K)->5764K(5824K) Class: 533K(640K)->533K(640K)
[1.722s][info][gc             ] GC(53) Pause Young (Allocation Failure) 314M->314M(370M) 23.961ms
[1.722s][info][gc,cpu         ] GC(53) User=0.12s Sys=0.00s Real=0.02s
[1.731s][info][gc,start       ] GC(54) Pause Young (Allocation Failure)
[1.756s][info][gc,heap        ] GC(54) PSYoungGen: 60544K(60928K)->60416K(68608K) Eden: 8192K(8192K)->0K(8192K) From: 52352K(52736K)->60416K(60416K)
[1.756s][info][gc,heap        ] GC(54) ParOldGen: 269539K(317952K)->269611K(317952K)
[1.756s][info][gc,metaspace   ] GC(54) Metaspace: 6297K(6464K)->6297K(6464K) NonClass: 5764K(5824K)->5764K(5824K) Class: 533K(640K)->533K(640K)
[1.757s][info][gc             ] GC(54) Pause Young (Allocation Failure) 322M->322M(377M) 25.542ms
[1.757s][info][gc,cpu         ] GC(54) User=0.14s Sys=0.00s Real=0.03s
[1.766s][info][gc,start       ] GC(55) Pause Young (Allocation Failure)
[1.796s][info][gc,heap        ] GC(55) PSYoungGen: 68608K(68608K)->44032K(77824K) Eden: 8192K(8192K)->0K(8704K) From: 60416K(60416K)->44032K(69120K)
[1.796s][info][gc,heap        ] GC(55) ParOldGen: 269611K(317952K)->294483K(317952K)
[1.796s][info][gc,metaspace   ] GC(55) Metaspace: 6297K(6464K)->6297K(6464K) NonClass: 5764K(5824K)->5764K(5824K) Class: 533K(640K)->533K(640K)
[1.796s][info][gc             ] GC(55) Pause Young (Allocation Failure) 330M->330M(386M) 29.771ms
[1.796s][info][gc,cpu         ] GC(55) User=0.14s Sys=0.00s Real=0.03s
[1.796s][info][gc,start       ] GC(56) Pause Full (Ergonomics)
[1.796s][info][gc,phases,start] GC(56) Marking Phase
[1.867s][info][gc,phases      ] GC(56) Marking Phase 71.010ms
[1.867s][info][gc,phases,start] GC(56) Summary Phase
[1.867s][info][gc,phases      ] GC(56) Summary Phase 0.024ms
[1.867s][info][gc,phases,start] GC(56) Adjust Roots
[1.867s][info][gc,phases      ] GC(56) Adjust Roots 0.163ms
[1.867s][info][gc,phases,start] GC(56) Compaction Phase
[1.902s][info][gc,phases      ] GC(56) Compaction Phase 34.122ms
[1.902s][info][gc,phases,start] GC(56) Post Compact
[1.903s][info][gc,phases      ] GC(56) Post Compact 1.617ms
[1.903s][info][gc,heap        ] GC(56) PSYoungGen: 44032K(77824K)->20364K(77824K) Eden: 0K(8704K)->0K(8704K) From: 44032K(69120K)->20364K(69120K)
[1.903s][info][gc,heap        ] GC(56) ParOldGen: 294483K(317952K)->317600K(370176K)
[1.903s][info][gc,metaspace   ] GC(56) Metaspace: 6297K(6464K)->6297K(6464K) NonClass: 5764K(5824K)->5764K(5824K) Class: 533K(640K)->533K(640K)
[1.904s][info][gc             ] GC(56) Pause Full (Ergonomics) 330M->330M(437M) 107.476ms
[1.904s][info][gc,cpu         ] GC(56) User=0.69s Sys=0.00s Real=0.11s
[1.913s][info][gc,start       ] GC(57) Pause Young (Allocation Failure)
[1.941s][info][gc,heap        ] GC(57) PSYoungGen: 29068K(77824K)->15392K(78848K) Eden: 8704K(8704K)->0K(8704K) From: 20364K(69120K)->15392K(70144K)
[1.941s][info][gc,heap        ] GC(57) ParOldGen: 317600K(370176K)->331584K(370176K)
[1.941s][info][gc,metaspace   ] GC(57) Metaspace: 6297K(6464K)->6297K(6464K) NonClass: 5764K(5824K)->5764K(5824K) Class: 533K(640K)->533K(640K)
[1.941s][info][gc             ] GC(57) Pause Young (Allocation Failure) 338M->338M(438M) 27.466ms
[1.941s][info][gc,cpu         ] GC(57) User=0.14s Sys=0.00s Real=0.03s
[2.010s][info][gc,start       ] GC(58) Pause Full (Ergonomics)
[2.010s][info][gc,phases,start] GC(58) Marking Phase
[2.086s][info][gc,phases      ] GC(58) Marking Phase 76.642ms
[2.086s][info][gc,phases,start] GC(58) Summary Phase
[2.086s][info][gc,phases      ] GC(58) Summary Phase 0.024ms
[2.086s][info][gc,phases,start] GC(58) Adjust Roots
[2.087s][info][gc,phases      ] GC(58) Adjust Roots 0.206ms
[2.087s][info][gc,phases,start] GC(58) Compaction Phase
[2.150s][info][gc,phases      ] GC(58) Compaction Phase 63.297ms
[2.150s][info][gc,phases,start] GC(58) Post Compact
[2.152s][info][gc,phases      ] GC(58) Post Compact 1.876ms
[2.152s][info][gc,heap        ] GC(58) PSYoungGen: 24096K(78848K)->0K(78336K) Eden: 8704K(8704K)->0K(9728K) From: 15392K(70144K)->0K(68608K)
[2.152s][info][gc,heap        ] GC(58) ParOldGen: 347968K(370176K)->363500K(419840K)
[2.152s][info][gc,metaspace   ] GC(58) Metaspace: 6297K(6464K)->6297K(6464K) NonClass: 5764K(5824K)->5764K(5824K) Class: 533K(640K)->533K(640K)
[2.152s][info][gc             ] GC(58) Pause Full (Ergonomics) 363M->354M(486M) 142.690ms
[2.152s][info][gc,cpu         ] GC(58) User=0.80s Sys=0.02s Real=0.14s
[2.164s][info][gc,start       ] GC(59) Pause Young (Allocation Failure)
[2.172s][info][gc,heap        ] GC(59) PSYoungGen: 9728K(78336K)->9856K(78848K) Eden: 9728K(9728K)->0K(9728K) From: 0K(68608K)->9856K(69120K)
[2.172s][info][gc,heap        ] GC(59) ParOldGen: 363500K(419840K)->363500K(419840K)
[2.172s][info][gc,metaspace   ] GC(59) Metaspace: 6297K(6464K)->6297K(6464K) NonClass: 5764K(5824K)->5764K(5824K) Class: 533K(640K)->533K(640K)
[2.172s][info][gc             ] GC(59) Pause Young (Allocation Failure) 364M->364M(487M) 8.062ms
[2.172s][info][gc,cpu         ] GC(59) User=0.00s Sys=0.00s Real=0.01s
[2.182s][info][gc,start       ] GC(60) Pause Young (Allocation Failure)
[2.192s][info][gc,heap        ] GC(60) PSYoungGen: 19584K(78848K)->19616K(75264K) Eden: 9728K(9728K)->0K(11264K) From: 9856K(69120K)->19616K(64000K)
[2.193s][info][gc,heap        ] GC(60) ParOldGen: 363500K(419840K)->363500K(419840K)
[2.193s][info][gc,metaspace   ] GC(60) Metaspace: 6297K(6464K)->6297K(6464K) NonClass: 5764K(5824K)->5764K(5824K) Class: 533K(640K)->533K(640K)
[2.193s][info][gc             ] GC(60) Pause Young (Allocation Failure) 374M->374M(483M) 10.342ms
[2.193s][info][gc,cpu         ] GC(60) User=0.02s Sys=0.00s Real=0.01s
[2.205s][info][gc,start       ] GC(61) Pause Young (Allocation Failure)
[2.219s][info][gc,heap        ] GC(61) PSYoungGen: 30880K(75264K)->30816K(42496K) Eden: 11264K(11264K)->0K(11264K) From: 19616K(64000K)->30816K(31232K)
[2.219s][info][gc,heap        ] GC(61) ParOldGen: 363500K(419840K)->363500K(419840K)
[2.219s][info][gc,metaspace   ] GC(61) Metaspace: 6297K(6464K)->6297K(6464K) NonClass: 5764K(5824K)->5764K(5824K) Class: 533K(640K)->533K(640K)
[2.219s][info][gc             ] GC(61) Pause Young (Allocation Failure) 385M->385M(451M) 14.770ms
[2.219s][info][gc,cpu         ] GC(61) User=0.00s Sys=0.00s Real=0.01s
[2.230s][info][gc,start       ] GC(62) Pause Young (Allocation Failure)
[2.249s][info][gc,heap        ] GC(62) PSYoungGen: 42080K(42496K)->42080K(75264K) Eden: 11264K(11264K)->0K(11264K) From: 30816K(31232K)->42080K(64000K)
[2.249s][info][gc,heap        ] GC(62) ParOldGen: 363500K(419840K)->363500K(419840K)
[2.249s][info][gc,metaspace   ] GC(62) Metaspace: 6297K(6464K)->6297K(6464K) NonClass: 5764K(5824K)->5764K(5824K) Class: 533K(640K)->533K(640K)
[2.249s][info][gc             ] GC(62) Pause Young (Allocation Failure) 396M->396M(483M) 19.141ms
[2.249s][info][gc,cpu         ] GC(62) User=0.12s Sys=0.00s Real=0.02s
[2.261s][info][gc,start       ] GC(63) Pause Young (Allocation Failure)
[2.284s][info][gc,heap        ] GC(63) PSYoungGen: 53344K(75264K)->53376K(76800K) Eden: 11264K(11264K)->0K(11264K) From: 42080K(64000K)->53376K(65536K)
[2.284s][info][gc,heap        ] GC(63) ParOldGen: 363500K(419840K)->363500K(419840K)
[2.284s][info][gc,metaspace   ] GC(63) Metaspace: 6297K(6464K)->6297K(6464K) NonClass: 5764K(5824K)->5764K(5824K) Class: 533K(640K)->533K(640K)
[2.284s][info][gc             ] GC(63) Pause Young (Allocation Failure) 407M->407M(485M) 23.445ms
[2.285s][info][gc,cpu         ] GC(63) User=0.14s Sys=0.00s Real=0.02s
[2.296s][info][gc,start       ] GC(64) Pause Young (Allocation Failure)
[2.324s][info][gc,heap        ] GC(64) PSYoungGen: 64640K(76800K)->64576K(74752K) Eden: 11264K(11264K)->0K(4096K) From: 53376K(65536K)->64576K(70656K)
[2.324s][info][gc,heap        ] GC(64) ParOldGen: 363500K(419840K)->363500K(419840K)
[2.324s][info][gc,metaspace   ] GC(64) Metaspace: 6297K(6464K)->6297K(6464K) NonClass: 5764K(5824K)->5764K(5824K) Class: 533K(640K)->533K(640K)
[2.324s][info][gc             ] GC(64) Pause Young (Allocation Failure) 418M->418M(483M) 28.581ms
[2.324s][info][gc,cpu         ] GC(64) User=0.14s Sys=0.00s Real=0.03s
[2.329s][info][gc,start       ] GC(65) Pause Young (Allocation Failure)
[2.358s][info][gc,heap        ] GC(65) PSYoungGen: 68672K(74752K)->49216K(83456K) Eden: 4096K(4096K)->0K(4096K) From: 64576K(70656K)->49216K(79360K)
[2.358s][info][gc,heap        ] GC(65) ParOldGen: 363500K(419840K)->383180K(419840K)
[2.358s][info][gc,metaspace   ] GC(65) Metaspace: 6297K(6464K)->6297K(6464K) NonClass: 5764K(5824K)->5764K(5824K) Class: 533K(640K)->533K(640K)
[2.358s][info][gc             ] GC(65) Pause Young (Allocation Failure) 422M->422M(491M) 29.262ms
[2.358s][info][gc,cpu         ] GC(65) User=0.14s Sys=0.00s Real=0.03s
[2.362s][info][gc,start       ] GC(66) Pause Young (Allocation Failure)
[2.386s][info][gc,heap        ] GC(66) PSYoungGen: 53312K(83456K)->30784K(78848K) Eden: 4096K(4096K)->0K(5120K) From: 49216K(79360K)->30784K(73728K)
[2.386s][info][gc,heap        ] GC(66) ParOldGen: 383180K(419840K)->405988K(419840K)
[2.386s][info][gc,metaspace   ] GC(66) Metaspace: 6297K(6464K)->6297K(6464K) NonClass: 5764K(5824K)->5764K(5824K) Class: 533K(640K)->533K(640K)
[2.386s][info][gc             ] GC(66) Pause Young (Allocation Failure) 426M->426M(487M) 23.985ms
[2.386s][info][gc,cpu         ] GC(66) User=0.12s Sys=0.00s Real=0.02s
[2.386s][info][gc,start       ] GC(67) Pause Full (Ergonomics)
[2.386s][info][gc,phases,start] GC(67) Marking Phase
[2.478s][info][gc,phases      ] GC(67) Marking Phase 92.010ms
[2.478s][info][gc,phases,start] GC(67) Summary Phase
[2.478s][info][gc,phases      ] GC(67) Summary Phase 0.028ms
[2.478s][info][gc,phases,start] GC(67) Adjust Roots
[2.479s][info][gc,phases      ] GC(67) Adjust Roots 0.148ms
[2.479s][info][gc,phases,start] GC(67) Compaction Phase
[2.527s][info][gc,phases      ] GC(67) Compaction Phase 48.036ms
[2.527s][info][gc,phases,start] GC(67) Post Compact
[2.529s][info][gc,phases      ] GC(67) Post Compact 2.166ms
[2.529s][info][gc,heap        ] GC(67) PSYoungGen: 30784K(78848K)->16292K(80384K) Eden: 0K(5120K)->0K(6656K) From: 30784K(73728K)->16292K(73728K)
[2.529s][info][gc,heap        ] GC(67) ParOldGen: 405988K(419840K)->419666K(483328K)
[2.529s][info][gc,metaspace   ] GC(67) Metaspace: 6297K(6464K)->6297K(6464K) NonClass: 5764K(5824K)->5764K(5824K) Class: 533K(640K)->533K(640K)
[2.529s][info][gc             ] GC(67) Pause Full (Ergonomics) 426M->425M(550M) 143.130ms
[2.530s][info][gc,cpu         ] GC(67) User=0.84s Sys=0.00s Real=0.14s
[2.538s][info][gc,start       ] GC(68) Pause Young (Allocation Failure)
[2.566s][info][gc,heap        ] GC(68) PSYoungGen: 22948K(80384K)->11264K(83456K) Eden: 6656K(6656K)->0K(6656K) From: 16292K(73728K)->11264K(76800K)
[2.566s][info][gc,heap        ] GC(68) ParOldGen: 419666K(483328K)->431674K(483328K)
[2.566s][info][gc,metaspace   ] GC(68) Metaspace: 6297K(6464K)->6297K(6464K) NonClass: 5764K(5824K)->5764K(5824K) Class: 533K(640K)->533K(640K)
[2.566s][info][gc             ] GC(68) Pause Young (Allocation Failure) 432M->432M(553M) 28.351ms
[2.566s][info][gc,cpu         ] GC(68) User=0.14s Sys=0.00s Real=0.03s
[2.573s][info][gc,start       ] GC(69) Pause Young (Allocation Failure)
[2.583s][info][gc,heap        ] GC(69) PSYoungGen: 17920K(83456K)->13440K(82432K) Eden: 6656K(6656K)->0K(7680K) From: 11264K(76800K)->13440K(74752K)
[2.583s][info][gc,heap        ] GC(69) ParOldGen: 431674K(483328K)->436210K(483328K)
[2.583s][info][gc,metaspace   ] GC(69) Metaspace: 6297K(6464K)->6297K(6464K) NonClass: 5764K(5824K)->5764K(5824K) Class: 533K(640K)->533K(640K)
[2.583s][info][gc             ] GC(69) Pause Young (Allocation Failure) 439M->439M(552M) 9.955ms
[2.583s][info][gc,cpu         ] GC(69) User=0.02s Sys=0.00s Real=0.01s
[2.591s][info][gc,start       ] GC(70) Pause Young (Allocation Failure)
[2.603s][info][gc,heap        ] GC(70) PSYoungGen: 21120K(82432K)->7808K(83456K) Eden: 7680K(7680K)->0K(7680K) From: 13440K(74752K)->7808K(75776K)
[2.603s][info][gc,heap        ] GC(70) ParOldGen: 436210K(483328K)->449658K(483328K)
[2.603s][info][gc,metaspace   ] GC(70) Metaspace: 6297K(6464K)->6297K(6464K) NonClass: 5764K(5824K)->5764K(5824K) Class: 533K(640K)->533K(640K)
[2.603s][info][gc             ] GC(70) Pause Young (Allocation Failure) 446M->446M(553M) 11.425ms
[2.603s][info][gc,cpu         ] GC(70) User=0.02s Sys=0.00s Real=0.01s
[2.611s][info][gc,start       ] GC(71) Pause Young (Allocation Failure)
[2.620s][info][gc,heap        ] GC(71) PSYoungGen: 15488K(83456K)->7840K(82432K) Eden: 7680K(7680K)->0K(9216K) From: 7808K(75776K)->7840K(73216K)
[2.620s][info][gc,heap        ] GC(71) ParOldGen: 449658K(483328K)->457442K(483328K)
[2.620s][info][gc,metaspace   ] GC(71) Metaspace: 6297K(6464K)->6297K(6464K) NonClass: 5764K(5824K)->5764K(5824K) Class: 533K(640K)->533K(640K)
[2.620s][info][gc             ] GC(71) Pause Young (Allocation Failure) 454M->454M(552M) 9.398ms
[2.620s][info][gc,cpu         ] GC(71) User=0.00s Sys=0.00s Real=0.01s
[2.620s][info][gc,start       ] GC(72) Pause Full (Ergonomics)
[2.620s][info][gc,phases,start] GC(72) Marking Phase
[2.716s][info][gc,phases      ] GC(72) Marking Phase 96.001ms
[2.716s][info][gc,phases,start] GC(72) Summary Phase
[2.716s][info][gc,phases      ] GC(72) Summary Phase 0.023ms
[2.716s][info][gc,phases,start] GC(72) Adjust Roots
[2.717s][info][gc,phases      ] GC(72) Adjust Roots 0.181ms
[2.717s][info][gc,phases,start] GC(72) Compaction Phase
[2.759s][info][gc,phases      ] GC(72) Compaction Phase 42.306ms
[2.759s][info][gc,phases,start] GC(72) Post Compact
[2.761s][info][gc,phases      ] GC(72) Post Compact 2.227ms
[2.761s][info][gc,heap        ] GC(72) PSYoungGen: 7840K(82432K)->0K(83456K) Eden: 0K(9216K)->0K(9216K) From: 7840K(73216K)->0K(74240K)
[2.761s][info][gc,heap        ] GC(72) ParOldGen: 457442K(483328K)->464504K(526848K)
[2.761s][info][gc,metaspace   ] GC(72) Metaspace: 6297K(6464K)->6297K(6464K) NonClass: 5764K(5824K)->5764K(5824K) Class: 533K(640K)->533K(640K)
[2.761s][info][gc             ] GC(72) Pause Full (Ergonomics) 454M->453M(596M) 141.226ms
[2.761s][info][gc,cpu         ] GC(72) User=0.88s Sys=0.00s Real=0.14s
[2.772s][info][gc,start       ] GC(73) Pause Young (Allocation Failure)
[2.781s][info][gc,heap        ] GC(73) PSYoungGen: 9216K(83456K)->9312K(80896K) Eden: 9216K(9216K)->0K(10240K) From: 0K(74240K)->9312K(70656K)
[2.781s][info][gc,heap        ] GC(73) ParOldGen: 464504K(526848K)->464504K(526848K)
[2.781s][info][gc,metaspace   ] GC(73) Metaspace: 6297K(6464K)->6297K(6464K) NonClass: 5764K(5824K)->5764K(5824K) Class: 533K(640K)->533K(640K)
[2.781s][info][gc             ] GC(73) Pause Young (Allocation Failure) 462M->462M(593M) 9.024ms
[2.781s][info][gc,cpu         ] GC(73) User=0.00s Sys=0.00s Real=0.01s
[2.792s][info][gc,start       ] GC(74) Pause Young (Allocation Failure)
[2.803s][info][gc,heap        ] GC(74) PSYoungGen: 19552K(80896K)->19584K(30208K) Eden: 10240K(10240K)->0K(10240K) From: 9312K(70656K)->19584K(19968K)
[2.803s][info][gc,heap        ] GC(74) ParOldGen: 464504K(526848K)->464504K(526848K)
[2.803s][info][gc,metaspace   ] GC(74) Metaspace: 6297K(6464K)->6297K(6464K) NonClass: 5764K(5824K)->5764K(5824K) Class: 533K(640K)->533K(640K)
[2.803s][info][gc             ] GC(74) Pause Young (Allocation Failure) 472M->472M(544M) 10.681ms
[2.803s][info][gc,cpu         ] GC(74) User=0.02s Sys=0.00s Real=0.01s
[2.815s][info][gc,start       ] GC(75) Pause Young (Allocation Failure)
[2.830s][info][gc,heap        ] GC(75) PSYoungGen: 29824K(30208K)->29792K(75264K) Eden: 10240K(10240K)->0K(11264K) From: 19584K(19968K)->29792K(64000K)
[2.830s][info][gc,heap        ] GC(75) ParOldGen: 464504K(526848K)->464504K(526848K)
[2.830s][info][gc,metaspace   ] GC(75) Metaspace: 6297K(6464K)->6297K(6464K) NonClass: 5764K(5824K)->5764K(5824K) Class: 533K(640K)->533K(640K)
[2.830s][info][gc             ] GC(75) Pause Young (Allocation Failure) 482M->482M(588M) 15.538ms
[2.830s][info][gc,cpu         ] GC(75) User=0.00s Sys=0.00s Real=0.02s
[2.842s][info][gc,start       ] GC(76) Pause Young (Allocation Failure)
[2.862s][info][gc,heap        ] GC(76) PSYoungGen: 41056K(75264K)->31808K(43520K) Eden: 11264K(11264K)->0K(11264K) From: 29792K(64000K)->31808K(32256K)
[2.862s][info][gc,heap        ] GC(76) ParOldGen: 464504K(526848K)->473856K(526848K)
[2.862s][info][gc,metaspace   ] GC(76) Metaspace: 6297K(6464K)->6297K(6464K) NonClass: 5764K(5824K)->5764K(5824K) Class: 533K(640K)->533K(640K)
[2.862s][info][gc             ] GC(76) Pause Young (Allocation Failure) 493M->493M(557M) 20.208ms
[2.862s][info][gc,cpu         ] GC(76) User=0.12s Sys=0.02s Real=0.02s
[2.874s][info][gc,start       ] GC(77) Pause Young (Allocation Failure)
[2.895s][info][gc,heap        ] GC(77) PSYoungGen: 43072K(43520K)->32864K(75264K) Eden: 11264K(11264K)->0K(12800K) From: 31808K(32256K)->32864K(62464K)
[2.895s][info][gc,heap        ] GC(77) ParOldGen: 473856K(526848K)->484224K(526848K)
[2.895s][info][gc,metaspace   ] GC(77) Metaspace: 6297K(6464K)->6297K(6464K) NonClass: 5764K(5824K)->5764K(5824K) Class: 533K(640K)->533K(640K)
[2.895s][info][gc             ] GC(77) Pause Young (Allocation Failure) 504M->504M(588M) 20.958ms
[2.895s][info][gc,cpu         ] GC(77) User=0.16s Sys=0.00s Real=0.02s
[2.908s][info][gc,start       ] GC(78) Pause Young (Allocation Failure)
[2.931s][info][gc,heap        ] GC(78) PSYoungGen: 45664K(75264K)->35392K(76288K) Eden: 12800K(12800K)->0K(12800K) From: 32864K(62464K)->35392K(63488K)
[2.931s][info][gc,heap        ] GC(78) ParOldGen: 484224K(526848K)->494608K(526848K)
[2.931s][info][gc,metaspace   ] GC(78) Metaspace: 6297K(6464K)->6297K(6464K) NonClass: 5764K(5824K)->5764K(5824K) Class: 533K(640K)->533K(640K)
[2.931s][info][gc             ] GC(78) Pause Young (Allocation Failure) 517M->517M(589M) 22.452ms
[2.931s][info][gc,cpu         ] GC(78) User=0.12s Sys=0.00s Real=0.02s
[2.945s][info][gc,start       ] GC(79) Pause Young (Allocation Failure)
[2.969s][info][gc,heap        ] GC(79) PSYoungGen: 48192K(76288K)->25760K(71168K) Eden: 12800K(12800K)->0K(14336K) From: 35392K(63488K)->25760K(56832K)
[2.969s][info][gc,heap        ] GC(79) ParOldGen: 494608K(526848K)->517400K(526848K)
[2.969s][info][gc,metaspace   ] GC(79) Metaspace: 6297K(6464K)->6297K(6464K) NonClass: 5764K(5824K)->5764K(5824K) Class: 533K(640K)->533K(640K)
[2.969s][info][gc             ] GC(79) Pause Young (Allocation Failure) 530M->530M(584M) 24.175ms
[2.969s][info][gc,cpu         ] GC(79) User=0.09s Sys=0.02s Real=0.02s
[2.969s][info][gc,start       ] GC(80) Pause Full (Ergonomics)
[2.969s][info][gc,phases,start] GC(80) Marking Phase
[3.088s][info][gc,phases      ] GC(80) Marking Phase 118.500ms
[3.088s][info][gc,phases,start] GC(80) Summary Phase
[3.088s][info][gc,phases      ] GC(80) Summary Phase 0.027ms
[3.088s][info][gc,phases,start] GC(80) Adjust Roots
[3.088s][info][gc,phases      ] GC(80) Adjust Roots 0.148ms
[3.088s][info][gc,phases,start] GC(80) Compaction Phase
[3.144s][info][gc,phases      ] GC(80) Compaction Phase 55.937ms
[3.144s][info][gc,phases,start] GC(80) Post Compact
[3.145s][info][gc,phases      ] GC(80) Post Compact 0.914ms
[3.145s][info][gc,heap        ] GC(80) PSYoungGen: 25760K(71168K)->15319K(73216K) Eden: 0K(14336K)->0K(16384K) From: 25760K(56832K)->15319K(56832K)
[3.145s][info][gc,heap        ] GC(80) ParOldGen: 517400K(526848K)->526796K(593408K)
[3.145s][info][gc,metaspace   ] GC(80) Metaspace: 6297K(6464K)->6297K(6464K) NonClass: 5764K(5824K)->5764K(5824K) Class: 533K(640K)->533K(640K)
[3.145s][info][gc             ] GC(80) Pause Full (Ergonomics) 530M->529M(651M) 176.043ms
[3.146s][info][gc,cpu         ] GC(80) User=1.30s Sys=0.00s Real=0.18s
[3.163s][info][gc,start       ] GC(81) Pause Young (Allocation Failure)
[3.201s][info][gc,heap        ] GC(81) PSYoungGen: 31703K(73216K)->16512K(76288K) Eden: 16384K(16384K)->0K(16384K) From: 15319K(56832K)->16512K(59904K)
[3.201s][info][gc,heap        ] GC(81) ParOldGen: 526796K(593408K)->542332K(593408K)
[3.201s][info][gc,metaspace   ] GC(81) Metaspace: 6297K(6464K)->6297K(6464K) NonClass: 5764K(5824K)->5764K(5824K) Class: 533K(640K)->533K(640K)
[3.201s][info][gc             ] GC(81) Pause Young (Allocation Failure) 545M->545M(654M) 37.352ms
[3.201s][info][gc,cpu         ] GC(81) User=0.25s Sys=0.00s Real=0.04s
[3.219s][info][gc,start       ] GC(82) Pause Young (Allocation Failure)
[3.238s][info][gc,heap        ] GC(82) PSYoungGen: 32896K(76288K)->16480K(73728K) Eden: 16384K(16384K)->0K(18432K) From: 16512K(59904K)->16480K(55296K)
[3.238s][info][gc,heap        ] GC(82) ParOldGen: 542332K(593408K)->558940K(593408K)
[3.238s][info][gc,metaspace   ] GC(82) Metaspace: 6297K(6464K)->6297K(6464K) NonClass: 5764K(5824K)->5764K(5824K) Class: 533K(640K)->533K(640K)
[3.238s][info][gc             ] GC(82) Pause Young (Allocation Failure) 561M->561M(651M) 19.123ms
[3.238s][info][gc,cpu         ] GC(82) User=0.12s Sys=0.02s Real=0.02s
[3.258s][info][gc,start       ] GC(83) Pause Young (Allocation Failure)
[3.278s][info][gc,heap        ] GC(83) PSYoungGen: 34912K(73728K)->18592K(75264K) Eden: 18432K(18432K)->0K(18432K) From: 16480K(55296K)->18592K(56832K)
[3.278s][info][gc,heap        ] GC(83) ParOldGen: 558940K(593408K)->575540K(593408K)
[3.278s][info][gc,metaspace   ] GC(83) Metaspace: 6297K(6464K)->6297K(6464K) NonClass: 5764K(5824K)->5764K(5824K) Class: 533K(640K)->533K(640K)
[3.278s][info][gc             ] GC(83) Pause Young (Allocation Failure) 579M->580M(653M) 19.559ms
[3.278s][info][gc,cpu         ] GC(83) User=0.12s Sys=0.00s Real=0.02s
[3.278s][info][gc,start       ] GC(84) Pause Full (Ergonomics)
[3.278s][info][gc,phases,start] GC(84) Marking Phase
[3.411s][info][gc,phases      ] GC(84) Marking Phase 133.478ms
[3.411s][info][gc,phases,start] GC(84) Summary Phase
[3.411s][info][gc,phases      ] GC(84) Summary Phase 0.028ms
[3.411s][info][gc,phases,start] GC(84) Adjust Roots
[3.411s][info][gc,phases      ] GC(84) Adjust Roots 0.152ms
[3.411s][info][gc,phases,start] GC(84) Compaction Phase
[3.466s][info][gc,phases      ] GC(84) Compaction Phase 54.342ms
[3.466s][info][gc,phases,start] GC(84) Post Compact
[3.467s][info][gc,phases      ] GC(84) Post Compact 1.117ms
[3.468s][info][gc,heap        ] GC(84) PSYoungGen: 18592K(75264K)->0K(75264K) Eden: 0K(18432K)->0K(20480K) From: 18592K(56832K)->0K(54784K)
[3.468s][info][gc,heap        ] GC(84) ParOldGen: 575540K(593408K)->593215K(665600K)
[3.468s][info][gc,metaspace   ] GC(84) Metaspace: 6297K(6464K)->6297K(6464K) NonClass: 5764K(5824K)->5764K(5824K) Class: 533K(640K)->533K(640K)
[3.468s][info][gc             ] GC(84) Pause Full (Ergonomics) 580M->579M(723M) 189.849ms
[3.468s][info][gc,cpu         ] GC(84) User=1.30s Sys=0.00s Real=0.19s
[3.492s][info][gc,start       ] GC(85) Pause Young (Allocation Failure)
[3.505s][info][gc,heap        ] GC(85) PSYoungGen: 20480K(75264K)->20640K(41472K) Eden: 20480K(20480K)->0K(20480K) From: 0K(54784K)->20640K(20992K)
[3.505s][info][gc,heap        ] GC(85) ParOldGen: 593215K(665600K)->593215K(665600K)
[3.505s][info][gc,metaspace   ] GC(85) Metaspace: 6297K(6464K)->6297K(6464K) NonClass: 5764K(5824K)->5764K(5824K) Class: 533K(640K)->533K(640K)
[3.505s][info][gc             ] GC(85) Pause Young (Allocation Failure) 599M->599M(690M) 13.169ms
[3.505s][info][gc,cpu         ] GC(85) User=0.02s Sys=0.00s Real=0.01s
[3.529s][info][gc,start       ] GC(86) Pause Young (Allocation Failure)
[3.551s][info][gc,heap        ] GC(86) PSYoungGen: 41120K(41472K)->41120K(71168K) Eden: 20480K(20480K)->0K(18944K) From: 20640K(20992K)->41120K(52224K)
[3.551s][info][gc,heap        ] GC(86) ParOldGen: 593215K(665600K)->593215K(665600K)
[3.552s][info][gc,metaspace   ] GC(86) Metaspace: 6297K(6464K)->6297K(6464K) NonClass: 5764K(5824K)->5764K(5824K) Class: 533K(640K)->533K(640K)
[3.552s][info][gc             ] GC(86) Pause Young (Allocation Failure) 619M->619M(719M) 22.391ms
[3.552s][info][gc,cpu         ] GC(86) User=0.14s Sys=0.00s Real=0.02s
[3.574s][info][gc,start       ] GC(87) Pause Young (Allocation Failure)
[3.603s][info][gc,heap        ] GC(87) PSYoungGen: 60064K(71168K)->55808K(74752K) Eden: 18944K(18944K)->0K(18944K) From: 41120K(52224K)->55808K(55808K)
[3.603s][info][gc,heap        ] GC(87) ParOldGen: 593215K(665600K)->597407K(665600K)
[3.603s][info][gc,metaspace   ] GC(87) Metaspace: 6297K(6464K)->6297K(6464K) NonClass: 5764K(5824K)->5764K(5824K) Class: 533K(640K)->533K(640K)
[3.603s][info][gc             ] GC(87) Pause Young (Allocation Failure) 637M->637M(723M) 29.535ms
[3.604s][info][gc,cpu         ] GC(87) User=0.14s Sys=0.00s Real=0.03s
[3.625s][info][gc,start       ] GC(88) Pause Young (Allocation Failure)
[3.660s][info][gc,heap        ] GC(88) PSYoungGen: 74752K(74752K)->36544K(84480K) Eden: 18944K(18944K)->0K(20992K) From: 55808K(55808K)->36544K(63488K)
[3.660s][info][gc,heap        ] GC(88) ParOldGen: 597407K(665600K)->636255K(665600K)
[3.660s][info][gc,metaspace   ] GC(88) Metaspace: 6297K(6464K)->6297K(6464K) NonClass: 5764K(5824K)->5764K(5824K) Class: 533K(640K)->533K(640K)
[3.660s][info][gc             ] GC(88) Pause Young (Allocation Failure) 656M->657M(732M) 35.395ms
[3.660s][info][gc,cpu         ] GC(88) User=0.22s Sys=0.05s Real=0.04s
[3.660s][info][gc,start       ] GC(89) Pause Full (Ergonomics)
[3.660s][info][gc,phases,start] GC(89) Marking Phase
[3.808s][info][gc,phases      ] GC(89) Marking Phase 147.375ms
[3.808s][info][gc,phases,start] GC(89) Summary Phase
[3.808s][info][gc,phases      ] GC(89) Summary Phase 0.021ms
[3.808s][info][gc,phases,start] GC(89) Adjust Roots
[3.808s][info][gc,phases      ] GC(89) Adjust Roots 0.154ms
[3.808s][info][gc,phases,start] GC(89) Compaction Phase
[3.863s][info][gc,phases      ] GC(89) Compaction Phase 55.461ms
[3.863s][info][gc,phases,start] GC(89) Post Compact
[3.864s][info][gc,phases      ] GC(89) Post Compact 1.126ms
[3.865s][info][gc,heap        ] GC(89) PSYoungGen: 36544K(84480K)->6688K(85504K) Eden: 0K(20992K)->0K(22016K) From: 36544K(63488K)->6688K(63488K)
[3.865s][info][gc,heap        ] GC(89) ParOldGen: 636255K(665600K)->665249K(748544K)
[3.865s][info][gc,metaspace   ] GC(89) Metaspace: 6297K(6464K)->6297K(6464K) NonClass: 5764K(5824K)->5764K(5824K) Class: 533K(640K)->533K(640K)
[3.865s][info][gc             ] GC(89) Pause Full (Ergonomics) 657M->656M(814M) 204.692ms
[3.865s][info][gc,cpu         ] GC(89) User=1.45s Sys=0.02s Real=0.20s
[3.893s][info][gc,start       ] GC(90) Pause Young (Allocation Failure)
[3.936s][info][gc,heap        ] GC(90) PSYoungGen: 28704K(85504K)->26400K(48640K) Eden: 22016K(22016K)->0K(22016K) From: 6688K(63488K)->26400K(26624K)
[3.936s][info][gc,heap        ] GC(90) ParOldGen: 665249K(748544K)->667785K(748544K)
[3.936s][info][gc,metaspace   ] GC(90) Metaspace: 6297K(6464K)->6297K(6464K) NonClass: 5764K(5824K)->5764K(5824K) Class: 533K(640K)->533K(640K)
[3.936s][info][gc             ] GC(90) Pause Young (Allocation Failure) 677M->677M(778M) 43.417ms
[3.936s][info][gc,cpu         ] GC(90) User=0.25s Sys=0.00s Real=0.04s
[4.115s][info][gc,start       ] GC(91) Pause Young (Allocation Failure)
[4.154s][info][gc,heap        ] GC(91) PSYoungGen: 48416K(48640K)->48384K(82432K) Eden: 22016K(22016K)->0K(20480K) From: 26400K(26624K)->48384K(61952K)
[4.154s][info][gc,heap        ] GC(91) ParOldGen: 700553K(748544K)->700553K(748544K)
[4.154s][info][gc,metaspace   ] GC(91) Metaspace: 6297K(6464K)->6297K(6464K) NonClass: 5764K(5824K)->5764K(5824K) Class: 533K(640K)->533K(640K)
[4.154s][info][gc             ] GC(91) Pause Young (Allocation Failure) 731M->731M(811M) 39.484ms
[4.154s][info][gc,cpu         ] GC(91) User=0.23s Sys=0.00s Real=0.04s
[4.176s][info][gc,start       ] GC(92) Pause Young (Allocation Failure)
[4.209s][info][gc,heap        ] GC(92) PSYoungGen: 68864K(82432K)->65536K(86016K) Eden: 20480K(20480K)->0K(20480K) From: 48384K(61952K)->65536K(65536K)
[4.209s][info][gc,heap        ] GC(92) ParOldGen: 700553K(748544K)->703857K(748544K)
[4.209s][info][gc,metaspace   ] GC(92) Metaspace: 6297K(6464K)->6297K(6464K) NonClass: 5764K(5824K)->5764K(5824K) Class: 533K(640K)->533K(640K)
[4.209s][info][gc             ] GC(92) Pause Young (Allocation Failure) 751M->751M(815M) 32.926ms
[4.209s][info][gc,cpu         ] GC(92) User=0.25s Sys=0.00s Real=0.03s
[4.230s][info][gc,start       ] GC(93) Pause Young (Allocation Failure)
[4.271s][info][gc,heap        ] GC(93) PSYoungGen: 86016K(86016K)->60160K(93696K) Eden: 20480K(20480K)->0K(17408K) From: 65536K(65536K)->60160K(76288K)
[4.271s][info][gc,heap        ] GC(93) ParOldGen: 703857K(748544K)->730193K(748544K)
[4.271s][info][gc,metaspace   ] GC(93) Metaspace: 6297K(6464K)->6297K(6464K) NonClass: 5764K(5824K)->5764K(5824K) Class: 533K(640K)->533K(640K)
[4.271s][info][gc             ] GC(93) Pause Young (Allocation Failure) 771M->771M(822M) 41.170ms
[4.271s][info][gc,cpu         ] GC(93) User=0.25s Sys=0.02s Real=0.04s
[4.271s][info][gc,start       ] GC(94) Pause Full (Ergonomics)
[4.271s][info][gc,phases,start] GC(94) Marking Phase
[4.439s][info][gc,phases      ] GC(94) Marking Phase 167.587ms
[4.439s][info][gc,phases,start] GC(94) Summary Phase
[4.439s][info][gc,phases      ] GC(94) Summary Phase 0.030ms
[4.439s][info][gc,phases,start] GC(94) Adjust Roots
[4.439s][info][gc,phases      ] GC(94) Adjust Roots 0.166ms
[4.439s][info][gc,phases,start] GC(94) Compaction Phase
[4.567s][info][gc,phases      ] GC(94) Compaction Phase 128.248ms
[4.567s][info][gc,phases,start] GC(94) Post Compact
[4.569s][info][gc,phases      ] GC(94) Post Compact 1.717ms
[4.569s][info][gc,heap        ] GC(94) PSYoungGen: 60160K(93696K)->25142K(93696K) Eden: 0K(17408K)->0K(17408K) From: 60160K(76288K)->25142K(76288K)
[4.569s][info][gc,heap        ] GC(94) ParOldGen: 730193K(748544K)->748049K(837120K)
[4.569s][info][gc,metaspace   ] GC(94) Metaspace: 6297K(6464K)->6297K(6464K) NonClass: 5764K(5824K)->5764K(5824K) Class: 533K(640K)->533K(640K)
[4.569s][info][gc             ] GC(94) Pause Full (Ergonomics) 771M->755M(909M) 298.420ms
[4.569s][info][gc,cpu         ] GC(94) User=1.88s Sys=0.00s Real=0.30s
[4.589s][info][gc,start       ] GC(95) Pause Young (Allocation Failure)
[4.639s][info][gc,heap        ] GC(95) PSYoungGen: 42550K(93696K)->34176K(51712K) Eden: 17408K(17408K)->0K(17408K) From: 25142K(76288K)->34176K(34304K)
[4.639s][info][gc,heap        ] GC(95) ParOldGen: 748049K(837120K)->756729K(837120K)
[4.639s][info][gc,metaspace   ] GC(95) Metaspace: 6297K(6464K)->6297K(6464K) NonClass: 5764K(5824K)->5764K(5824K) Class: 533K(640K)->533K(640K)
[4.639s][info][gc             ] GC(95) Pause Young (Allocation Failure) 772M->772M(868M) 49.703ms
[4.639s][info][gc,cpu         ] GC(95) User=0.28s Sys=0.00s Real=0.05s
[4.657s][info][gc,start       ] GC(96) Pause Young (Allocation Failure)
[4.682s][info][gc,heap        ] GC(96) PSYoungGen: 51584K(51712K)->51616K(95232K) Eden: 17408K(17408K)->0K(17920K) From: 34176K(34304K)->51616K(77312K)
[4.682s][info][gc,heap        ] GC(96) ParOldGen: 756729K(837120K)->756729K(837120K)
[4.682s][info][gc,metaspace   ] GC(96) Metaspace: 6297K(6464K)->6297K(6464K) NonClass: 5764K(5824K)->5764K(5824K) Class: 533K(640K)->533K(640K)
[4.682s][info][gc             ] GC(96) Pause Young (Allocation Failure) 789M->789M(910M) 25.833ms
[4.682s][info][gc,cpu         ] GC(96) User=0.08s Sys=0.00s Real=0.03s
[4.701s][info][gc,start       ] GC(97) Pause Young (Allocation Failure)
[4.733s][info][gc,heap        ] GC(97) PSYoungGen: 69536K(95232K)->69536K(96768K) Eden: 17920K(17920K)->0K(17920K) From: 51616K(77312K)->69536K(78848K)
[4.733s][info][gc,heap        ] GC(97) ParOldGen: 756729K(837120K)->756729K(837120K)
[4.733s][info][gc,metaspace   ] GC(97) Metaspace: 6297K(6464K)->6297K(6464K) NonClass: 5764K(5824K)->5764K(5824K) Class: 533K(640K)->533K(640K)
[4.733s][info][gc             ] GC(97) Pause Young (Allocation Failure) 806M->806M(912M) 32.495ms
[4.733s][info][gc,cpu         ] GC(97) User=0.16s Sys=0.00s Real=0.03s
[4.752s][info][gc,start       ] GC(98) Pause Young (Allocation Failure)
[4.793s][info][gc,heap        ] GC(98) PSYoungGen: 87456K(96768K)->79488K(96256K) Eden: 17920K(17920K)->0K(10240K) From: 69536K(78848K)->79488K(86016K)
[4.793s][info][gc,heap        ] GC(98) ParOldGen: 756729K(837120K)->764817K(837120K)
[4.793s][info][gc,metaspace   ] GC(98) Metaspace: 6297K(6464K)->6297K(6464K) NonClass: 5764K(5824K)->5764K(5824K) Class: 533K(640K)->533K(640K)
[4.793s][info][gc             ] GC(98) Pause Young (Allocation Failure) 824M->824M(911M) 40.604ms
[4.793s][info][gc,cpu         ] GC(98) User=0.19s Sys=0.06s Real=0.04s
[4.804s][info][gc,start       ] GC(99) Pause Young (Allocation Failure)
[4.843s][info][gc,heap        ] GC(99) PSYoungGen: 89728K(96256K)->81024K(105984K) Eden: 10240K(10240K)->0K(10240K) From: 79488K(86016K)->81024K(95744K)
[4.843s][info][gc,heap        ] GC(99) ParOldGen: 764817K(837120K)->773609K(837120K)
[4.843s][info][gc,metaspace   ] GC(99) Metaspace: 6297K(6464K)->6297K(6464K) NonClass: 5764K(5824K)->5764K(5824K) Class: 533K(640K)->533K(640K)
[4.843s][info][gc             ] GC(99) Pause Young (Allocation Failure) 834M->834M(921M) 39.770ms
[4.843s][info][gc,cpu         ] GC(99) User=0.25s Sys=0.00s Real=0.04s
[4.854s][info][gc,start       ] GC(100) Pause Young (Allocation Failure)
[4.896s][info][gc,heap        ] GC(100) PSYoungGen: 91264K(105984K)->56448K(109568K) Eden: 10240K(10240K)->0K(11776K) From: 81024K(95744K)->56448K(97792K)
[4.897s][info][gc,heap        ] GC(100) ParOldGen: 773609K(837120K)->808873K(837120K)
[4.897s][info][gc,metaspace   ] GC(100) Metaspace: 6297K(6464K)->6297K(6464K) NonClass: 5764K(5824K)->5764K(5824K) Class: 533K(640K)->533K(640K)
[4.897s][info][gc             ] GC(100) Pause Young (Allocation Failure) 844M->845M(924M) 42.182ms
[4.897s][info][gc,cpu         ] GC(100) User=0.27s Sys=0.00s Real=0.04s
[4.897s][info][gc,start       ] GC(101) Pause Full (Ergonomics)
[4.897s][info][gc,phases,start] GC(101) Marking Phase
[5.091s][info][gc,phases      ] GC(101) Marking Phase 194.269ms
[5.091s][info][gc,phases,start] GC(101) Summary Phase
[5.091s][info][gc,phases      ] GC(101) Summary Phase 0.031ms
[5.091s][info][gc,phases,start] GC(101) Adjust Roots
[5.091s][info][gc,phases      ] GC(101) Adjust Roots 0.187ms
[5.091s][info][gc,phases,start] GC(101) Compaction Phase
[5.186s][info][gc,phases      ] GC(101) Compaction Phase 94.528ms
[5.186s][info][gc,phases,start] GC(101) Post Compact
[5.188s][info][gc,phases      ] GC(101) Post Compact 1.680ms
[5.188s][info][gc,heap        ] GC(101) PSYoungGen: 56448K(109568K)->27072K(111616K) Eden: 0K(11776K)->0K(13824K) From: 56448K(97792K)->27072K(97792K)
[5.188s][info][gc,heap        ] GC(101) ParOldGen: 808873K(837120K)->837070K(931328K)
[5.188s][info][gc,metaspace   ] GC(101) Metaspace: 6297K(6464K)->6297K(6464K) NonClass: 5764K(5824K)->5764K(5824K) Class: 533K(640K)->533K(640K)
[5.188s][info][gc             ] GC(101) Pause Full (Ergonomics) 845M->843M(1018M) 291.615ms
[5.188s][info][gc,cpu         ] GC(101) User=1.97s Sys=0.03s Real=0.29s
[5.203s][info][gc,start       ] GC(102) Pause Young (Allocation Failure)
[5.257s][info][gc,heap        ] GC(102) PSYoungGen: 40896K(111616K)->24512K(114688K) Eden: 13824K(13824K)->0K(13824K) From: 27072K(97792K)->24512K(100864K)
[5.257s][info][gc,heap        ] GC(102) ParOldGen: 837070K(931328K)->853822K(931328K)
[5.257s][info][gc,metaspace   ] GC(102) Metaspace: 6297K(6464K)->6297K(6464K) NonClass: 5764K(5824K)->5764K(5824K) Class: 533K(640K)->533K(640K)
[5.257s][info][gc             ] GC(102) Pause Young (Allocation Failure) 857M->857M(1021M) 53.358ms
[5.257s][info][gc,cpu         ] GC(102) User=0.48s Sys=0.02s Real=0.05s
[5.271s][info][gc,start       ] GC(103) Pause Young (Allocation Failure)
[5.292s][info][gc,heap        ] GC(103) PSYoungGen: 38336K(114688K)->32000K(111104K) Eden: 13824K(13824K)->0K(15872K) From: 24512K(100864K)->32000K(95232K)
[5.292s][info][gc,heap        ] GC(103) ParOldGen: 853822K(931328K)->860270K(931328K)
[5.292s][info][gc,metaspace   ] GC(103) Metaspace: 6297K(6464K)->6297K(6464K) NonClass: 5764K(5824K)->5764K(5824K) Class: 533K(640K)->533K(640K)
[5.292s][info][gc             ] GC(103) Pause Young (Allocation Failure) 871M->871M(1018M) 20.644ms
[5.292s][info][gc,cpu         ] GC(103) User=0.08s Sys=0.05s Real=0.02s
[5.309s][info][gc,start       ] GC(104) Pause Young (Allocation Failure)
[5.334s][info][gc,heap        ] GC(104) PSYoungGen: 47872K(111104K)->29856K(46080K) Eden: 15872K(15872K)->0K(15872K) From: 32000K(95232K)->29856K(30208K)
[5.334s][info][gc,heap        ] GC(104) ParOldGen: 860270K(931328K)->878542K(931328K)
[5.334s][info][gc,metaspace   ] GC(104) Metaspace: 6297K(6464K)->6297K(6464K) NonClass: 5764K(5824K)->5764K(5824K) Class: 533K(640K)->533K(640K)
[5.334s][info][gc             ] GC(104) Pause Young (Allocation Failure) 886M->887M(954M) 25.413ms
[5.334s][info][gc,cpu         ] GC(104) User=0.09s Sys=0.05s Real=0.03s
[5.352s][info][gc,start       ] GC(105) Pause Young (Allocation Failure)
[5.377s][info][gc,heap        ] GC(105) PSYoungGen: 45728K(46080K)->16032K(112128K) Eden: 15872K(15872K)->0K(17920K) From: 29856K(30208K)->16032K(94208K)
[5.377s][info][gc,heap        ] GC(105) ParOldGen: 878542K(931328K)->908622K(931328K)
[5.377s][info][gc,metaspace   ] GC(105) Metaspace: 6297K(6464K)->6297K(6464K) NonClass: 5764K(5824K)->5764K(5824K) Class: 533K(640K)->533K(640K)
[5.377s][info][gc             ] GC(105) Pause Young (Allocation Failure) 902M->902M(1019M) 25.540ms
[5.377s][info][gc,cpu         ] GC(105) User=0.12s Sys=0.00s Real=0.02s
[5.377s][info][gc,start       ] GC(106) Pause Full (Ergonomics)
[5.377s][info][gc,phases,start] GC(106) Marking Phase
[5.583s][info][gc,phases      ] GC(106) Marking Phase 205.331ms
[5.583s][info][gc,phases,start] GC(106) Summary Phase
[5.583s][info][gc,phases      ] GC(106) Summary Phase 0.028ms
[5.583s][info][gc,phases,start] GC(106) Adjust Roots
[5.583s][info][gc,phases      ] GC(106) Adjust Roots 0.157ms
[5.583s][info][gc,phases,start] GC(106) Compaction Phase
[5.674s][info][gc,phases      ] GC(106) Compaction Phase 91.368ms
[5.675s][info][gc,phases,start] GC(106) Post Compact
[5.676s][info][gc,phases      ] GC(106) Post Compact 1.735ms
[5.677s][info][gc,heap        ] GC(106) PSYoungGen: 16032K(112128K)->0K(112640K) Eden: 0K(17920K)->0K(17920K) From: 16032K(94208K)->0K(94720K)
[5.677s][info][gc,heap        ] GC(106) ParOldGen: 908622K(931328K)->923414K(1026560K)
[5.677s][info][gc,metaspace   ] GC(106) Metaspace: 6297K(6464K)->6297K(6464K) NonClass: 5764K(5824K)->5764K(5824K) Class: 533K(640K)->533K(640K)
[5.677s][info][gc             ] GC(106) Pause Full (Ergonomics) 902M->901M(1112M) 299.252ms
[5.677s][info][gc,cpu         ] GC(106) User=1.95s Sys=0.02s Real=0.30s
[5.698s][info][gc,start       ] GC(107) Pause Young (Allocation Failure)
[5.712s][info][gc,heap        ] GC(107) PSYoungGen: 17920K(112640K)->18048K(112640K) Eden: 17920K(17920K)->0K(19968K) From: 0K(94720K)->18048K(92672K)
[5.712s][info][gc,heap        ] GC(107) ParOldGen: 923414K(1026560K)->923414K(1026560K)
[5.712s][info][gc,metaspace   ] GC(107) Metaspace: 6297K(6464K)->6297K(6464K) NonClass: 5764K(5824K)->5764K(5824K) Class: 533K(640K)->533K(640K)
[5.712s][info][gc             ] GC(107) Pause Young (Allocation Failure) 919M->919M(1112M) 13.967ms
[5.712s][info][gc,cpu         ] GC(107) User=0.02s Sys=0.00s Real=0.01s
[5.734s][info][gc,start       ] GC(108) Pause Young (Allocation Failure)
[5.754s][info][gc,heap        ] GC(108) PSYoungGen: 38016K(112640K)->38048K(58368K) Eden: 19968K(19968K)->0K(19968K) From: 18048K(92672K)->38048K(38400K)
[5.754s][info][gc,heap        ] GC(108) ParOldGen: 923414K(1026560K)->923414K(1026560K)
[5.754s][info][gc,metaspace   ] GC(108) Metaspace: 6297K(6464K)->6297K(6464K) NonClass: 5764K(5824K)->5764K(5824K) Class: 533K(640K)->533K(640K)
[5.754s][info][gc             ] GC(108) Pause Young (Allocation Failure) 938M->938M(1059M) 20.417ms
[5.754s][info][gc,cpu         ] GC(108) User=0.14s Sys=0.00s Real=0.02s
[5.776s][info][gc,start       ] GC(109) Pause Young (Allocation Failure)
[5.805s][info][gc,heap        ] GC(109) PSYoungGen: 58016K(58368K)->58016K(107520K) Eden: 19968K(19968K)->0K(19456K) From: 38048K(38400K)->58016K(88064K)
[5.805s][info][gc,heap        ] GC(109) ParOldGen: 923414K(1026560K)->923414K(1026560K)
[5.805s][info][gc,metaspace   ] GC(109) Metaspace: 6297K(6464K)->6297K(6464K) NonClass: 5764K(5824K)->5764K(5824K) Class: 533K(640K)->533K(640K)
[5.805s][info][gc             ] GC(109) Pause Young (Allocation Failure) 958M->958M(1107M) 29.197ms
[5.805s][info][gc,cpu         ] GC(109) User=0.14s Sys=0.00s Real=0.03s
[5.826s][info][gc,start       ] GC(110) Pause Young (Allocation Failure)
[5.864s][info][gc,heap        ] GC(110) PSYoungGen: 77472K(107520K)->59520K(110080K) Eden: 19456K(19456K)->0K(19456K) From: 58016K(88064K)->59520K(90624K)
[5.864s][info][gc,heap        ] GC(110) ParOldGen: 923414K(1026560K)->941590K(1026560K)
[5.864s][info][gc,metaspace   ] GC(110) Metaspace: 6297K(6464K)->6297K(6464K) NonClass: 5764K(5824K)->5764K(5824K) Class: 533K(640K)->533K(640K)
[5.864s][info][gc             ] GC(110) Pause Young (Allocation Failure) 977M->977M(1110M) 37.719ms
[5.864s][info][gc,cpu         ] GC(110) User=0.25s Sys=0.02s Real=0.04s
[5.886s][info][gc,start       ] GC(111) Pause Young (Allocation Failure)
[5.924s][info][gc,heap        ] GC(111) PSYoungGen: 78976K(110080K)->59040K(113664K) Eden: 19456K(19456K)->0K(20992K) From: 59520K(90624K)->59040K(92672K)
[5.924s][info][gc,heap        ] GC(111) ParOldGen: 941590K(1026560K)->961838K(1026560K)
[5.924s][info][gc,metaspace   ] GC(111) Metaspace: 6297K(6464K)->6297K(6464K) NonClass: 5764K(5824K)->5764K(5824K) Class: 533K(640K)->533K(640K)
[5.924s][info][gc             ] GC(111) Pause Young (Allocation Failure) 996M->996M(1113M) 37.821ms
[5.924s][info][gc,cpu         ] GC(111) User=0.25s Sys=0.00s Real=0.04s
[5.946s][info][gc,start       ] GC(112) Pause Young (Allocation Failure)
[5.984s][info][gc,heap        ] GC(112) PSYoungGen: 80032K(113664K)->60064K(114688K) Eden: 20992K(20992K)->0K(20992K) From: 59040K(92672K)->60064K(93696K)
[5.985s][info][gc,heap        ] GC(112) ParOldGen: 961838K(1026560K)->982086K(1026560K)
[5.985s][info][gc,metaspace   ] GC(112) Metaspace: 6297K(6464K)->6297K(6464K) NonClass: 5764K(5824K)->5764K(5824K) Class: 533K(640K)->533K(640K)
[5.985s][info][gc             ] GC(112) Pause Young (Allocation Failure) 1017M->1017M(1114M) 38.230ms
[5.985s][info][gc,cpu         ] GC(112) User=0.25s Sys=0.00s Real=0.04s
[6.009s][info][gc,start       ] GC(113) Pause Young (Allocation Failure)
[6.048s][info][gc,heap        ] GC(113) PSYoungGen: 81056K(114688K)->61632K(117248K) Eden: 20992K(20992K)->0K(23040K) From: 60064K(93696K)->61632K(94208K)
[6.048s][info][gc,heap        ] GC(113) ParOldGen: 982086K(1026560K)->1001822K(1026560K)
[6.048s][info][gc,metaspace   ] GC(113) Metaspace: 6297K(6464K)->6297K(6464K) NonClass: 5764K(5824K)->5764K(5824K) Class: 533K(640K)->533K(640K)
[6.048s][info][gc             ] GC(113) Pause Young (Allocation Failure) 1038M->1038M(1117M) 39.136ms
[6.048s][info][gc,cpu         ] GC(113) User=0.27s Sys=0.00s Real=0.04s
[6.048s][info][gc,start       ] GC(114) Pause Full (Ergonomics)
[6.048s][info][gc,phases,start] GC(114) Marking Phase
[6.282s][info][gc,phases      ] GC(114) Marking Phase 233.776ms
[6.282s][info][gc,phases,start] GC(114) Summary Phase
[6.282s][info][gc,phases      ] GC(114) Summary Phase 0.033ms
[6.282s][info][gc,phases,start] GC(114) Adjust Roots
[6.282s][info][gc,phases      ] GC(114) Adjust Roots 0.173ms
[6.282s][info][gc,phases,start] GC(114) Compaction Phase
[6.380s][info][gc,phases      ] GC(114) Compaction Phase 98.070ms
[6.380s][info][gc,phases,start] GC(114) Post Compact
[6.382s][info][gc,phases      ] GC(114) Post Compact 1.940ms
[6.383s][info][gc,heap        ] GC(114) PSYoungGen: 61632K(117248K)->35795K(117248K) Eden: 0K(23040K)->0K(23040K) From: 61632K(94208K)->35795K(94208K)
[6.383s][info][gc,heap        ] GC(114) ParOldGen: 1001822K(1026560K)->1026151K(1134592K)
[6.383s][info][gc,metaspace   ] GC(114) Metaspace: 6297K(6464K)->6297K(6464K) NonClass: 5764K(5824K)->5764K(5824K) Class: 533K(640K)->533K(640K)
[6.383s][info][gc             ] GC(114) Pause Full (Ergonomics) 1038M->1037M(1222M) 334.702ms
[6.383s][info][gc,cpu         ] GC(114) User=2.38s Sys=0.02s Real=0.34s
[6.411s][info][gc,start       ] GC(115) Pause Young (Allocation Failure)
[6.488s][info][gc,heap        ] GC(115) PSYoungGen: 58835K(117248K)->36096K(118272K) Eden: 23040K(23040K)->0K(23040K) From: 35795K(94208K)->36096K(95232K)
[6.488s][info][gc,heap        ] GC(115) ParOldGen: 1026151K(1134592K)->1049359K(1134592K)
[6.488s][info][gc,metaspace   ] GC(115) Metaspace: 6297K(6464K)->6297K(6464K) NonClass: 5764K(5824K)->5764K(5824K) Class: 533K(640K)->533K(640K)
[6.488s][info][gc             ] GC(115) Pause Young (Allocation Failure) 1059M->1060M(1223M) 77.792ms
[6.488s][info][gc,cpu         ] GC(115) User=0.50s Sys=0.00s Real=0.08s
[6.514s][info][gc,start       ] GC(116) Pause Young (Allocation Failure)
[6.546s][info][gc,heap        ] GC(116) PSYoungGen: 59136K(118272K)->46176K(109056K) Eden: 23040K(23040K)->0K(25600K) From: 36096K(95232K)->46176K(83456K)
[6.546s][info][gc,heap        ] GC(116) ParOldGen: 1049359K(1134592K)->1062415K(1134592K)
[6.546s][info][gc,metaspace   ] GC(116) Metaspace: 6297K(6464K)->6297K(6464K) NonClass: 5764K(5824K)->5764K(5824K) Class: 533K(640K)->533K(640K)
[6.546s][info][gc             ] GC(116) Pause Young (Allocation Failure) 1082M->1082M(1214M) 31.865ms
[6.546s][info][gc,cpu         ] GC(116) User=0.14s Sys=0.00s Real=0.03s
[6.574s][info][gc,start       ] GC(117) Pause Young (Allocation Failure)
[6.611s][info][gc,heap        ] GC(117) PSYoungGen: 71776K(109056K)->48768K(113664K) Eden: 25600K(25600K)->0K(25600K) From: 46176K(83456K)->48768K(88064K)
[6.611s][info][gc,heap        ] GC(117) ParOldGen: 1062415K(1134592K)->1085767K(1134592K)
[6.611s][info][gc,metaspace   ] GC(117) Metaspace: 6297K(6464K)->6297K(6464K) NonClass: 5764K(5824K)->5764K(5824K) Class: 533K(640K)->533K(640K)
[6.611s][info][gc             ] GC(117) Pause Young (Allocation Failure) 1107M->1107M(1219M) 37.352ms
[6.611s][info][gc,cpu         ] GC(117) User=0.25s Sys=0.00s Real=0.04s
[6.641s][info][gc,start       ] GC(118) Pause Young (Allocation Failure)
[6.679s][info][gc,heap        ] GC(118) PSYoungGen: 74368K(113664K)->51360K(109568K) Eden: 25600K(25600K)->0K(28672K) From: 48768K(88064K)->51360K(80896K)
[6.679s][info][gc,heap        ] GC(118) ParOldGen: 1085767K(1134592K)->1109119K(1134592K)
[6.679s][info][gc,metaspace   ] GC(118) Metaspace: 6297K(6464K)->6297K(6464K) NonClass: 5764K(5824K)->5764K(5824K) Class: 533K(640K)->533K(640K)
[6.679s][info][gc             ] GC(118) Pause Young (Allocation Failure) 1132M->1133M(1215M) 38.155ms
[6.679s][info][gc,cpu         ] GC(118) User=0.38s Sys=0.00s Real=0.04s
[6.680s][info][gc,start       ] GC(119) Pause Full (Ergonomics)
[6.680s][info][gc,phases,start] GC(119) Marking Phase
[6.940s][info][gc,phases      ] GC(119) Marking Phase 260.015ms
[6.940s][info][gc,phases,start] GC(119) Summary Phase
[6.940s][info][gc,phases      ] GC(119) Summary Phase 0.033ms
[6.940s][info][gc,phases,start] GC(119) Adjust Roots
[6.940s][info][gc,phases      ] GC(119) Adjust Roots 0.204ms
[6.940s][info][gc,phases,start] GC(119) Compaction Phase
[7.044s][info][gc,phases      ] GC(119) Compaction Phase 104.374ms
[7.044s][info][gc,phases,start] GC(119) Post Compact
[7.046s][info][gc,phases      ] GC(119) Post Compact 1.925ms
[7.047s][info][gc,heap        ] GC(119) PSYoungGen: 51360K(109568K)->24564K(111616K) Eden: 0K(28672K)->0K(30720K) From: 51360K(80896K)->24564K(80896K)
[7.047s][info][gc,heap        ] GC(119) ParOldGen: 1109119K(1134592K)->1134530K(1251840K)
[7.047s][info][gc,metaspace   ] GC(119) Metaspace: 6297K(6464K)->6297K(6464K) NonClass: 5764K(5824K)->5764K(5824K) Class: 533K(640K)->533K(640K)
[7.047s][info][gc             ] GC(119) Pause Full (Ergonomics) 1133M->1131M(1331M) 367.324ms
[7.047s][info][gc,cpu         ] GC(119) User=2.61s Sys=0.02s Real=0.37s
[7.086s][info][gc,start       ] GC(120) Pause Young (Allocation Failure)
[7.162s][info][gc,heap        ] GC(120) PSYoungGen: 55284K(111616K)->42976K(113664K) Eden: 30720K(30720K)->0K(30720K) From: 24564K(80896K)->42976K(82944K)
[7.162s][info][gc,heap        ] GC(120) ParOldGen: 1134530K(1251840K)->1147234K(1251840K)
[7.162s][info][gc,metaspace   ] GC(120) Metaspace: 6297K(6464K)->6297K(6464K) NonClass: 5764K(5824K)->5764K(5824K) Class: 533K(640K)->533K(640K)
[7.162s][info][gc             ] GC(120) Pause Young (Allocation Failure) 1161M->1162M(1333M) 76.042ms
[7.162s][info][gc,cpu         ] GC(120) User=0.52s Sys=0.00s Real=0.08s
[7.202s][info][gc,start       ] GC(121) Pause Young (Allocation Failure)
[7.241s][info][gc,heap        ] GC(121) PSYoungGen: 73696K(113664K)->73664K(107008K) Eden: 30720K(30720K)->0K(27136K) From: 42976K(82944K)->73664K(79872K)
[7.241s][info][gc,heap        ] GC(121) ParOldGen: 1147234K(1251840K)->1147234K(1251840K)
[7.241s][info][gc,metaspace   ] GC(121) Metaspace: 6297K(6464K)->6297K(6464K) NonClass: 5764K(5824K)->5764K(5824K) Class: 533K(640K)->533K(640K)
[7.241s][info][gc             ] GC(121) Pause Young (Allocation Failure) 1192M->1192M(1327M) 39.006ms
[7.241s][info][gc,cpu         ] GC(121) User=0.27s Sys=0.00s Real=0.04s
[7.275s][info][gc,start       ] GC(122) Pause Young (Allocation Failure)
[7.329s][info][gc,heap        ] GC(122) PSYoungGen: 100800K(107008K)->86528K(113664K) Eden: 27136K(27136K)->0K(27136K) From: 73664K(79872K)->86528K(86528K)
[7.329s][info][gc,heap        ] GC(122) ParOldGen: 1147234K(1251840K)->1161634K(1251840K)
[7.329s][info][gc,metaspace   ] GC(122) Metaspace: 6297K(6464K)->6297K(6464K) NonClass: 5764K(5824K)->5764K(5824K) Class: 533K(640K)->533K(640K)
[7.329s][info][gc             ] GC(122) Pause Young (Allocation Failure) 1218M->1218M(1333M) 54.770ms
[7.329s][info][gc,cpu         ] GC(122) User=0.36s Sys=0.02s Real=0.05s
[7.361s][info][gc,start       ] GC(123) Pause Young (Allocation Failure)
[7.424s][info][gc,heap        ] GC(123) PSYoungGen: 113664K(113664K)->78272K(128000K) Eden: 27136K(27136K)->0K(26112K) From: 86528K(86528K)->78272K(101888K)
[7.425s][info][gc,heap        ] GC(123) ParOldGen: 1161634K(1251840K)->1197562K(1251840K)
[7.425s][info][gc,metaspace   ] GC(123) Metaspace: 6297K(6464K)->6297K(6464K) NonClass: 5764K(5824K)->5764K(5824K) Class: 533K(640K)->533K(640K)
[7.425s][info][gc             ] GC(123) Pause Young (Allocation Failure) 1245M->1245M(1347M) 63.560ms
[7.425s][info][gc,cpu         ] GC(123) User=0.36s Sys=0.02s Real=0.06s
[7.457s][info][gc,start       ] GC(124) Pause Young (Allocation Failure)
[7.514s][info][gc,heap        ] GC(124) PSYoungGen: 104384K(128000K)->77632K(132096K) Eden: 26112K(26112K)->0K(26112K) From: 78272K(101888K)->77632K(105984K)
[7.514s][info][gc,heap        ] GC(124) ParOldGen: 1197562K(1251840K)->1224730K(1251840K)
[7.514s][info][gc,metaspace   ] GC(124) Metaspace: 6297K(6464K)->6297K(6464K) NonClass: 5764K(5824K)->5764K(5824K) Class: 533K(640K)->533K(640K)
[7.514s][info][gc             ] GC(124) Pause Young (Allocation Failure) 1271M->1271M(1351M) 57.091ms
[7.514s][info][gc,cpu         ] GC(124) User=0.36s Sys=0.02s Real=0.06s
[7.514s][info][gc,start       ] GC(125) Pause Full (Ergonomics)
[7.514s][info][gc,phases,start] GC(125) Marking Phase
[7.805s][info][gc,phases      ] GC(125) Marking Phase 291.012ms
[7.805s][info][gc,phases,start] GC(125) Summary Phase
[7.805s][info][gc,phases      ] GC(125) Summary Phase 0.046ms
[7.805s][info][gc,phases,start] GC(125) Adjust Roots
[7.806s][info][gc,phases      ] GC(125) Adjust Roots 0.232ms
[7.806s][info][gc,phases,start] GC(125) Compaction Phase
[7.933s][info][gc,phases      ] GC(125) Compaction Phase 127.825ms
[7.933s][info][gc,phases,start] GC(125) Post Compact
[7.936s][info][gc,phases      ] GC(125) Post Compact 2.540ms
[7.937s][info][gc,heap        ] GC(125) PSYoungGen: 77632K(132096K)->49230K(132096K) Eden: 0K(26112K)->0K(26112K) From: 77632K(105984K)->49230K(105984K)
[7.937s][info][gc,heap        ] GC(125) ParOldGen: 1224730K(1251840K)->1251534K(1379328K)
[7.937s][info][gc,metaspace   ] GC(125) Metaspace: 6297K(6464K)->6297K(6464K) NonClass: 5764K(5824K)->5764K(5824K) Class: 533K(640K)->533K(640K)
[7.937s][info][gc             ] GC(125) Pause Full (Ergonomics) 1271M->1270M(1476M) 422.501ms
[7.937s][info][gc,cpu         ] GC(125) User=3.09s Sys=0.05s Real=0.42s
[7.959s][info][gc,start       ] GC(126) Pause Young (Allocation Failure)
[8.042s][info][gc,heap        ] GC(126) PSYoungGen: 75342K(132096K)->48032K(131584K) Eden: 26112K(26112K)->0K(29184K) From: 49230K(105984K)->48032K(102400K)
[8.042s][info][gc,heap        ] GC(126) ParOldGen: 1251534K(1379328K)->1266894K(1379328K)
[8.042s][info][gc,metaspace   ] GC(126) Metaspace: 6297K(6464K)->6297K(6464K) NonClass: 5764K(5824K)->5764K(5824K) Class: 533K(640K)->533K(640K)
[8.042s][info][gc             ] GC(126) Pause Young (Allocation Failure) 1295M->1284M(1475M) 83.251ms
[8.042s][info][gc,cpu         ] GC(126) User=0.44s Sys=0.03s Real=0.08s
[8.070s][info][gc,start       ] GC(127) Pause Young (Allocation Failure)
[8.107s][info][gc,heap        ] GC(127) PSYoungGen: 77216K(131584K)->68000K(135168K) Eden: 29184K(29184K)->0K(29184K) From: 48032K(102400K)->68000K(105984K)
[8.107s][info][gc,heap        ] GC(127) ParOldGen: 1266894K(1379328K)->1266894K(1379328K)
[8.107s][info][gc,metaspace   ] GC(127) Metaspace: 6297K(6464K)->6297K(6464K) NonClass: 5764K(5824K)->5764K(5824K) Class: 533K(640K)->533K(640K)
[8.107s][info][gc             ] GC(127) Pause Young (Allocation Failure) 1312M->1303M(1479M) 36.766ms
[8.107s][info][gc,cpu         ] GC(127) User=0.17s Sys=0.00s Real=0.04s
[8.143s][info][gc,start       ] GC(128) Pause Young (Allocation Failure)
[8.200s][info][gc,heap        ] GC(128) PSYoungGen: 97184K(135168K)->79168K(134656K) Eden: 29184K(29184K)->0K(29696K) From: 68000K(105984K)->79168K(104960K)
[8.200s][info][gc,heap        ] GC(128) ParOldGen: 1266894K(1379328K)->1285134K(1379328K)
[8.200s][info][gc,metaspace   ] GC(128) Metaspace: 6297K(6464K)->6297K(6464K) NonClass: 5764K(5824K)->5764K(5824K) Class: 533K(640K)->533K(640K)
[8.200s][info][gc             ] GC(128) Pause Young (Allocation Failure) 1332M->1332M(1478M) 56.902ms
[8.200s][info][gc,cpu         ] GC(128) User=0.33s Sys=0.02s Real=0.06s
[8.236s][info][gc,start       ] GC(129) Pause Young (Allocation Failure)
[8.298s][info][gc,heap        ] GC(129) PSYoungGen: 108864K(134656K)->92704K(137216K) Eden: 29696K(29696K)->0K(29696K) From: 79168K(104960K)->92704K(107520K)
[8.299s][info][gc,heap        ] GC(129) ParOldGen: 1285134K(1379328K)->1301510K(1379328K)
[8.299s][info][gc,metaspace   ] GC(129) Metaspace: 6297K(6464K)->6297K(6464K) NonClass: 5764K(5824K)->5764K(5824K) Class: 533K(640K)->533K(640K)
[8.299s][info][gc             ] GC(129) Pause Young (Allocation Failure) 1361M->1361M(1481M) 62.763ms
[8.299s][info][gc,cpu         ] GC(129) User=0.33s Sys=0.03s Real=0.06s
[8.612s][info][gc,start       ] GC(130) Pause Full (Ergonomics)
[8.612s][info][gc,phases,start] GC(130) Marking Phase
[8.968s][info][gc,phases      ] GC(130) Marking Phase 356.562ms
[8.968s][info][gc,phases,start] GC(130) Summary Phase
[8.968s][info][gc,phases      ] GC(130) Summary Phase 0.055ms
[8.968s][info][gc,phases,start] GC(130) Adjust Roots
[8.969s][info][gc,phases      ] GC(130) Adjust Roots 0.351ms
[8.969s][info][gc,phases,start] GC(130) Compaction Phase
[9.321s][info][gc,phases      ] GC(130) Compaction Phase 351.797ms
[9.321s][info][gc,phases,start] GC(130) Post Compact
[9.324s][info][gc,phases      ] GC(130) Post Compact 3.689ms
[9.325s][info][gc,heap        ] GC(130) PSYoungGen: 122400K(137216K)->76578K(137216K) Eden: 29696K(29696K)->0K(29696K) From: 92704K(107520K)->76578K(107520K)
[9.325s][info][gc,heap        ] GC(130) ParOldGen: 1367046K(1379328K)->1379038K(1509376K)
[9.325s][info][gc,metaspace   ] GC(130) Metaspace: 6297K(6464K)->6297K(6464K) NonClass: 5764K(5824K)->5764K(5824K) Class: 533K(640K)->533K(640K)
[9.325s][info][gc             ] GC(130) Pause Full (Ergonomics) 1454M->1421M(1608M) 713.409ms
[9.325s][info][gc,cpu         ] GC(130) User=4.27s Sys=0.05s Real=0.71s
[9.353s][info][gc,start       ] GC(131) Pause Young (Allocation Failure)
[9.456s][info][gc,heap        ] GC(131) PSYoungGen: 106274K(137216K)->95488K(141312K) Eden: 29696K(29696K)->0K(26624K) From: 76578K(107520K)->95488K(114688K)
[9.456s][info][gc,heap        ] GC(131) ParOldGen: 1379038K(1509376K)->1390318K(1509376K)
[9.456s][info][gc,metaspace   ] GC(131) Metaspace: 6297K(6464K)->6297K(6464K) NonClass: 5764K(5824K)->5764K(5824K) Class: 533K(640K)->533K(640K)
[9.456s][info][gc             ] GC(131) Pause Young (Allocation Failure) 1450M->1450M(1612M) 103.035ms
[9.456s][info][gc,cpu         ] GC(131) User=0.75s Sys=0.00s Real=0.10s
[9.481s][info][gc,start       ] GC(132) Pause Young (Allocation Failure)
[9.538s][info][gc,heap        ] GC(132) PSYoungGen: 122112K(141312K)->121344K(147968K) Eden: 26624K(26624K)->0K(26624K) From: 95488K(114688K)->121344K(121344K)
[9.538s][info][gc,heap        ] GC(132) ParOldGen: 1390318K(1509376K)->1391014K(1509376K)
[9.538s][info][gc,metaspace   ] GC(132) Metaspace: 6297K(6464K)->6297K(6464K) NonClass: 5764K(5824K)->5764K(5824K) Class: 533K(640K)->533K(640K)
[9.538s][info][gc             ] GC(132) Pause Young (Allocation Failure) 1476M->1476M(1618M) 57.666ms
[9.538s][info][gc,cpu         ] GC(132) User=0.39s Sys=0.00s Real=0.06s
[9.564s][info][gc,start       ] GC(133) Pause Young (Allocation Failure)
[9.638s][info][gc,heap        ] GC(133) PSYoungGen: 147968K(147968K)->106656K(159744K) Eden: 26624K(26624K)->0K(23552K) From: 121344K(121344K)->106656K(136192K)
[9.638s][info][gc,heap        ] GC(133) ParOldGen: 1391014K(1509376K)->1432974K(1509376K)
[9.638s][info][gc,metaspace   ] GC(133) Metaspace: 6297K(6464K)->6297K(6464K) NonClass: 5764K(5824K)->5764K(5824K) Class: 533K(640K)->533K(640K)
[9.638s][info][gc             ] GC(133) Pause Young (Allocation Failure) 1502M->1503M(1630M) 73.554ms
[9.638s][info][gc,cpu         ] GC(133) User=0.48s Sys=0.02s Real=0.07s
[9.663s][info][gc,start       ] GC(134) Pause Young (Allocation Failure)
[9.729s][info][gc,heap        ] GC(134) PSYoungGen: 130208K(159744K)->106688K(165888K) Eden: 23552K(23552K)->0K(23552K) From: 106656K(136192K)->106688K(142336K)
[9.729s][info][gc,heap        ] GC(134) ParOldGen: 1432974K(1509376K)->1456782K(1509376K)
[9.729s][info][gc,metaspace   ] GC(134) Metaspace: 6297K(6464K)->6297K(6464K) NonClass: 5764K(5824K)->5764K(5824K) Class: 533K(640K)->533K(640K)
[9.729s][info][gc             ] GC(134) Pause Young (Allocation Failure) 1526M->1526M(1636M) 65.688ms
[9.729s][info][gc,cpu         ] GC(134) User=0.48s Sys=0.00s Real=0.07s
[9.754s][info][gc,start       ] GC(135) Pause Young (Allocation Failure)
[9.826s][info][gc,heap        ] GC(135) PSYoungGen: 130240K(165888K)->73888K(163328K) Eden: 23552K(23552K)->0K(27136K) From: 106688K(142336K)->73888K(136192K)
[9.826s][info][gc,heap        ] GC(135) ParOldGen: 1456782K(1509376K)->1513742K(1513984K)
[9.826s][info][gc,metaspace   ] GC(135) Metaspace: 6297K(6464K)->6297K(6464K) NonClass: 5764K(5824K)->5764K(5824K) Class: 533K(640K)->533K(640K)
[9.826s][info][gc             ] GC(135) Pause Young (Allocation Failure) 1549M->1550M(1638M) 72.219ms
[9.826s][info][gc,cpu         ] GC(135) User=0.47s Sys=0.02s Real=0.07s
[9.826s][info][gc,start       ] GC(136) Pause Full (Ergonomics)
[9.826s][info][gc,phases,start] GC(136) Marking Phase
[10.191s][info][gc,phases      ] GC(136) Marking Phase 365.106ms
[10.191s][info][gc,phases,start] GC(136) Summary Phase
[10.191s][info][gc,phases      ] GC(136) Summary Phase 0.038ms
[10.191s][info][gc,phases,start] GC(136) Adjust Roots
[10.192s][info][gc,phases      ] GC(136) Adjust Roots 0.211ms
[10.192s][info][gc,phases,start] GC(136) Compaction Phase
[10.380s][info][gc,phases      ] GC(136) Compaction Phase 188.856ms
[10.381s][info][gc,phases,start] GC(136) Post Compact
[10.383s][info][gc,phases      ] GC(136) Post Compact 2.883ms
[10.384s][info][gc,heap        ] GC(136) PSYoungGen: 73888K(163328K)->71593K(166912K) Eden: 0K(27136K)->0K(30720K) From: 73888K(136192K)->71593K(136192K)
[10.384s][info][gc,heap        ] GC(136) ParOldGen: 1513742K(1513984K)->1513916K(1674752K)
[10.384s][info][gc,metaspace   ] GC(136) Metaspace: 6297K(6464K)->6297K(6464K) NonClass: 5764K(5824K)->5764K(5824K) Class: 533K(640K)->533K(640K)
[10.384s][info][gc             ] GC(136) Pause Full (Ergonomics) 1550M->1548M(1798M) 558.069ms
[10.384s][info][gc,cpu         ] GC(136) User=3.70s Sys=0.02s Real=0.56s
[10.416s][info][gc,start       ] GC(137) Pause Young (Allocation Failure)
[10.537s][info][gc,heap        ] GC(137) PSYoungGen: 102313K(166912K)->53856K(172032K) Eden: 30720K(30720K)->0K(30720K) From: 71593K(136192K)->53856K(141312K)
[10.537s][info][gc,heap        ] GC(137) ParOldGen: 1513916K(1674752K)->1563316K(1674752K)
[10.537s][info][gc,metaspace   ] GC(137) Metaspace: 6297K(6464K)->6297K(6464K) NonClass: 5764K(5824K)->5764K(5824K) Class: 533K(640K)->533K(640K)
[10.537s][info][gc             ] GC(137) Pause Young (Allocation Failure) 1578M->1579M(1803M) 121.626ms
[10.537s][info][gc,cpu         ] GC(137) User=0.73s Sys=0.14s Real=0.12s
[10.569s][info][gc,start       ] GC(138) Pause Young (Allocation Failure)
[10.622s][info][gc,heap        ] GC(138) PSYoungGen: 84576K(172032K)->61600K(166400K) Eden: 30720K(30720K)->0K(34304K) From: 53856K(141312K)->61600K(132096K)
[10.622s][info][gc,heap        ] GC(138) ParOldGen: 1563316K(1674752K)->1586636K(1674752K)
[10.622s][info][gc,metaspace   ] GC(138) Metaspace: 6297K(6464K)->6297K(6464K) NonClass: 5764K(5824K)->5764K(5824K) Class: 533K(640K)->533K(640K)
[10.622s][info][gc             ] GC(138) Pause Young (Allocation Failure) 1609M->1609M(1798M) 53.059ms
[10.622s][info][gc,cpu         ] GC(138) User=0.31s Sys=0.05s Real=0.05s
[10.659s][info][gc,start       ] GC(139) Pause Young (Allocation Failure)
[10.717s][info][gc,heap        ] GC(139) PSYoungGen: 95904K(166400K)->65184K(99840K) Eden: 34304K(34304K)->0K(34304K) From: 61600K(132096K)->65184K(65536K)
[10.717s][info][gc,heap        ] GC(139) ParOldGen: 1586636K(1674752K)->1617812K(1674752K)
[10.718s][info][gc,metaspace   ] GC(139) Metaspace: 6297K(6464K)->6297K(6464K) NonClass: 5764K(5824K)->5764K(5824K) Class: 533K(640K)->533K(640K)
[10.718s][info][gc             ] GC(139) Pause Young (Allocation Failure) 1643M->1643M(1733M) 58.941ms
[10.718s][info][gc,cpu         ] GC(139) User=0.23s Sys=0.12s Real=0.06s
[10.718s][info][gc,start       ] GC(140) Pause Full (Ergonomics)
[10.718s][info][gc,phases,start] GC(140) Marking Phase
[11.104s][info][gc,phases      ] GC(140) Marking Phase 386.743ms
[11.104s][info][gc,phases,start] GC(140) Summary Phase
[11.104s][info][gc,phases      ] GC(140) Summary Phase 0.044ms
[11.104s][info][gc,phases,start] GC(140) Adjust Roots
[11.105s][info][gc,phases      ] GC(140) Adjust Roots 0.272ms
[11.105s][info][gc,phases,start] GC(140) Compaction Phase
[11.281s][info][gc,phases      ] GC(140) Compaction Phase 176.342ms
[11.281s][info][gc,phases,start] GC(140) Post Compact
[11.284s][info][gc,phases      ] GC(140) Post Compact 3.197ms
[11.286s][info][gc,heap        ] GC(140) PSYoungGen: 65184K(99840K)->6717K(99840K) Eden: 0K(34304K)->0K(34304K) From: 65184K(65536K)->6717K(65536K)
[11.286s][info][gc,heap        ] GC(140) ParOldGen: 1617812K(1674752K)->1674436K(1849856K)
[11.286s][info][gc,metaspace   ] GC(140) Metaspace: 6297K(6464K)->6297K(6464K) NonClass: 5764K(5824K)->5764K(5824K) Class: 533K(640K)->533K(640K)
[11.286s][info][gc             ] GC(140) Pause Full (Ergonomics) 1643M->1641M(1904M) 568.142ms
[11.286s][info][gc,cpu         ] GC(140) User=3.75s Sys=0.14s Real=0.57s
[11.322s][info][gc,start       ] GC(141) Pause Young (Allocation Failure)
[11.412s][info][gc,heap        ] GC(141) PSYoungGen: 41021K(99840K)->37184K(168960K) Eden: 34304K(34304K)->0K(37888K) From: 6717K(65536K)->37184K(131072K)
[11.412s][info][gc,heap        ] GC(141) ParOldGen: 1674436K(1849856K)->1678572K(1849856K)
[11.412s][info][gc,metaspace   ] GC(141) Metaspace: 6297K(6464K)->6297K(6464K) NonClass: 5764K(5824K)->5764K(5824K) Class: 533K(640K)->533K(640K)
[11.412s][info][gc             ] GC(141) Pause Young (Allocation Failure) 1675M->1675M(1971M) 90.398ms
[11.412s][info][gc,cpu         ] GC(141) User=0.52s Sys=0.03s Real=0.09s
[11.452s][info][gc,start       ] GC(142) Pause Young (Allocation Failure)
[11.494s][info][gc,heap        ] GC(142) PSYoungGen: 75072K(168960K)->75104K(169472K) Eden: 37888K(37888K)->0K(37888K) From: 37184K(131072K)->75104K(131584K)
[11.494s][info][gc,heap        ] GC(142) ParOldGen: 1678572K(1849856K)->1678572K(1849856K)
[11.494s][info][gc,metaspace   ] GC(142) Metaspace: 6297K(6464K)->6297K(6464K) NonClass: 5764K(5824K)->5764K(5824K) Class: 533K(640K)->533K(640K)
[11.494s][info][gc             ] GC(142) Pause Young (Allocation Failure) 1712M->1712M(1972M) 41.990ms
[11.494s][info][gc,cpu         ] GC(142) User=0.17s Sys=0.00s Real=0.04s
[11.535s][info][gc,start       ] GC(143) Pause Young (Allocation Failure)
[11.592s][info][gc,heap        ] GC(143) PSYoungGen: 112992K(169472K)->113056K(159744K) Eden: 37888K(37888K)->0K(32256K) From: 75104K(131584K)->113056K(127488K)
[11.592s][info][gc,heap        ] GC(143) ParOldGen: 1678572K(1849856K)->1678572K(1849856K)
[11.592s][info][gc,metaspace   ] GC(143) Metaspace: 6297K(6464K)->6297K(6464K) NonClass: 5764K(5824K)->5764K(5824K) Class: 533K(640K)->533K(640K)
[11.592s][info][gc             ] GC(143) Pause Young (Allocation Failure) 1749M->1749M(1962M) 57.339ms
[11.592s][info][gc,cpu         ] GC(143) User=0.38s Sys=0.00s Real=0.06s
[11.628s][info][gc,start       ] GC(144) Pause Young (Allocation Failure)
[11.698s][info][gc,heap        ] GC(144) PSYoungGen: 145312K(159744K)->137216K(169472K) Eden: 32256K(32256K)->0K(32256K) From: 113056K(127488K)->137216K(137216K)
[11.698s][info][gc,heap        ] GC(144) ParOldGen: 1678572K(1849856K)->1686700K(1849856K)
[11.698s][info][gc,metaspace   ] GC(144) Metaspace: 6297K(6464K)->6297K(6464K) NonClass: 5764K(5824K)->5764K(5824K) Class: 533K(640K)->533K(640K)
[11.698s][info][gc             ] GC(144) Pause Young (Allocation Failure) 1781M->1781M(1972M) 70.405ms
[11.698s][info][gc,cpu         ] GC(144) User=0.39s Sys=0.08s Real=0.07s
[11.733s][info][gc,start       ] GC(145) Pause Young (Allocation Failure)
[11.841s][info][gc,heap        ] GC(145) PSYoungGen: 169472K(169472K)->100928K(193024K) Eden: 32256K(32256K)->0K(36352K) From: 137216K(137216K)->100928K(156672K)
[11.841s][info][gc,heap        ] GC(145) ParOldGen: 1686700K(1849856K)->1756252K(1849856K)
[11.841s][info][gc,metaspace   ] GC(145) Metaspace: 6297K(6464K)->6297K(6464K) NonClass: 5764K(5824K)->5764K(5824K) Class: 533K(640K)->533K(640K)
[11.841s][info][gc             ] GC(145) Pause Young (Allocation Failure) 1812M->1813M(1995M) 107.965ms
[11.841s][info][gc,cpu         ] GC(145) User=0.61s Sys=0.27s Real=0.11s
[11.883s][info][gc,start       ] GC(146) Pause Young (Allocation Failure)
[11.962s][info][gc,heap        ] GC(146) PSYoungGen: 137280K(193024K)->99840K(193024K) Eden: 36352K(36352K)->0K(36352K) From: 100928K(156672K)->99840K(156672K)
[11.962s][info][gc,heap        ] GC(146) ParOldGen: 1756252K(1849856K)->1794300K(1849856K)
[11.962s][info][gc,metaspace   ] GC(146) Metaspace: 6297K(6464K)->6297K(6464K) NonClass: 5764K(5824K)->5764K(5824K) Class: 533K(640K)->533K(640K)
[11.962s][info][gc             ] GC(146) Pause Young (Allocation Failure) 1849M->1849M(1995M) 79.020ms
[11.962s][info][gc,cpu         ] GC(146) User=0.48s Sys=0.03s Real=0.08s
[11.962s][info][gc,start       ] GC(147) Pause Full (Ergonomics)
[11.962s][info][gc,phases,start] GC(147) Marking Phase
[12.370s][info][gc,phases      ] GC(147) Marking Phase 407.477ms
[12.370s][info][gc,phases,start] GC(147) Summary Phase
[12.370s][info][gc,phases      ] GC(147) Summary Phase 0.044ms
[12.370s][info][gc,phases,start] GC(147) Adjust Roots
[12.370s][info][gc,phases      ] GC(147) Adjust Roots 0.170ms
[12.370s][info][gc,phases,start] GC(147) Compaction Phase
[12.576s][info][gc,phases      ] GC(147) Compaction Phase 205.696ms
[12.576s][info][gc,phases,start] GC(147) Post Compact
[12.580s][info][gc,phases      ] GC(147) Post Compact 4.423ms
[12.581s][info][gc,heap        ] GC(147) PSYoungGen: 99840K(193024K)->42242K(193024K) Eden: 0K(36352K)->0K(36352K) From: 99840K(156672K)->42242K(156672K)
[12.581s][info][gc,heap        ] GC(147) ParOldGen: 1794300K(1849856K)->1849678K(2049024K)
[12.581s][info][gc,metaspace   ] GC(147) Metaspace: 6297K(6464K)->6297K(6464K) NonClass: 5764K(5824K)->5764K(5824K) Class: 533K(640K)->533K(640K)
[12.582s][info][gc             ] GC(147) Pause Full (Ergonomics) 1849M->1847M(2189M) 619.455ms
[12.582s][info][gc,cpu         ] GC(147) User=4.36s Sys=0.11s Real=0.62s
[12.624s][info][gc,start       ] GC(148) Pause Young (Allocation Failure)
[12.767s][info][gc,heap        ] GC(148) PSYoungGen: 78594K(193024K)->52128K(192000K) Eden: 36352K(36352K)->0K(40448K) From: 42242K(156672K)->52128K(151552K)
[12.767s][info][gc,heap        ] GC(148) ParOldGen: 1849678K(2049024K)->1876806K(2049024K)
[12.767s][info][gc,metaspace   ] GC(148) Metaspace: 6297K(6464K)->6297K(6464K) NonClass: 5764K(5824K)->5764K(5824K) Class: 533K(640K)->533K(640K)
[12.767s][info][gc             ] GC(148) Pause Young (Allocation Failure) 1883M->1883M(2188M) 143.252ms
[12.767s][info][gc,cpu         ] GC(148) User=0.84s Sys=0.03s Real=0.14s
[12.816s][info][gc,start       ] GC(149) Pause Young (Allocation Failure)
[12.881s][info][gc,heap        ] GC(149) PSYoungGen: 92576K(192000K)->77056K(117760K) Eden: 40448K(40448K)->0K(40448K) From: 52128K(151552K)->77056K(77312K)
[12.881s][info][gc,heap        ] GC(149) ParOldGen: 1876806K(2049024K)->1892622K(2049024K)
[12.881s][info][gc,metaspace   ] GC(149) Metaspace: 6297K(6464K)->6297K(6464K) NonClass: 5764K(5824K)->5764K(5824K) Class: 533K(640K)->533K(640K)
[12.881s][info][gc             ] GC(149) Pause Young (Allocation Failure) 1923M->1923M(2116M) 64.793ms
[12.881s][info][gc,cpu         ] GC(149) User=0.22s Sys=0.05s Real=0.06s
[12.934s][info][gc,start       ] GC(150) Pause Young (Allocation Failure)
[13.020s][info][gc,heap        ] GC(150) PSYoungGen: 117504K(117760K)->81152K(179712K) Eden: 40448K(40448K)->0K(45056K) From: 77056K(77312K)->81152K(134656K)
[13.020s][info][gc,heap        ] GC(150) ParOldGen: 1892622K(2049024K)->1929510K(2049024K)
[13.020s][info][gc,metaspace   ] GC(150) Metaspace: 6297K(6464K)->6297K(6464K) NonClass: 5764K(5824K)->5764K(5824K) Class: 533K(640K)->533K(640K)
[13.020s][info][gc             ] GC(150) Pause Young (Allocation Failure) 1963M->1963M(2176M) 86.119ms
[13.020s][info][gc,cpu         ] GC(150) User=0.34s Sys=0.11s Real=0.09s
[13.074s][info][gc,start       ] GC(151) Pause Young (Allocation Failure)
[13.156s][info][gc,heap        ] GC(151) PSYoungGen: 126208K(179712K)->85760K(186368K) Eden: 45056K(45056K)->0K(45056K) From: 81152K(134656K)->85760K(141312K)
[13.156s][info][gc,heap        ] GC(151) ParOldGen: 1929510K(2049024K)->1970558K(2049024K)
[13.156s][info][gc,metaspace   ] GC(151) Metaspace: 6297K(6464K)->6297K(6464K) NonClass: 5764K(5824K)->5764K(5824K) Class: 533K(640K)->533K(640K)
[13.156s][info][gc             ] GC(151) Pause Young (Allocation Failure) 2007M->2008M(2183M) 81.900ms
[13.156s][info][gc,cpu         ] GC(151) User=0.38s Sys=0.09s Real=0.08s
[13.204s][info][gc,start       ] GC(152) Pause Young (Allocation Failure)
[13.294s][info][gc,heap        ] GC(152) PSYoungGen: 130816K(186368K)->90368K(183808K) Eden: 45056K(45056K)->0K(50688K) From: 85760K(141312K)->90368K(133120K)
[13.294s][info][gc,heap        ] GC(152) ParOldGen: 1970558K(2049024K)->2011606K(2049024K)
[13.294s][info][gc,metaspace   ] GC(152) Metaspace: 6297K(6464K)->6297K(6464K) NonClass: 5764K(5824K)->5764K(5824K) Class: 533K(640K)->533K(640K)
[13.294s][info][gc             ] GC(152) Pause Young (Allocation Failure) 2052M->2052M(2180M) 89.809ms
[13.294s][info][gc,cpu         ] GC(152) User=0.52s Sys=0.09s Real=0.09s
[13.294s][info][gc,start       ] GC(153) Pause Full (Ergonomics)
[13.294s][info][gc,phases,start] GC(153) Marking Phase
[13.783s][info][gc,phases      ] GC(153) Marking Phase 489.214ms
[13.783s][info][gc,phases,start] GC(153) Summary Phase
[13.783s][info][gc,phases      ] GC(153) Summary Phase 0.045ms
[13.783s][info][gc,phases,start] GC(153) Adjust Roots
[13.783s][info][gc,phases      ] GC(153) Adjust Roots 0.158ms
[13.783s][info][gc,phases,start] GC(153) Compaction Phase
[13.984s][info][gc,phases      ] GC(153) Compaction Phase 200.577ms
[13.984s][info][gc,phases,start] GC(153) Post Compact
[13.988s][info][gc,phases      ] GC(153) Post Compact 4.230ms
[13.990s][info][gc,heap        ] GC(153) PSYoungGen: 90368K(183808K)->50188K(185344K) Eden: 0K(50688K)->0K(52224K) From: 90368K(133120K)->50188K(133120K)
[13.990s][info][gc,heap        ] GC(153) ParOldGen: 2011606K(2049024K)->2048935K(2260992K)
[13.990s][info][gc,metaspace   ] GC(153) Metaspace: 6297K(6464K)->6297K(6464K) NonClass: 5764K(5824K)->5764K(5824K) Class: 533K(640K)->533K(640K)
[13.990s][info][gc             ] GC(153) Pause Full (Ergonomics) 2052M->2049M(2389M) 696.036ms
[13.990s][info][gc,cpu         ] GC(153) User=4.83s Sys=0.08s Real=0.70s
[14.048s][info][gc,start       ] GC(154) Pause Young (Allocation Failure)
[14.218s][info][gc,heap        ] GC(154) PSYoungGen: 102412K(185344K)->52448K(186880K) Eden: 52224K(52224K)->0K(52224K) From: 50188K(133120K)->52448K(134656K)
[14.218s][info][gc,heap        ] GC(154) ParOldGen: 2048935K(2260992K)->2099863K(2260992K)
[14.218s][info][gc,metaspace   ] GC(154) Metaspace: 6297K(6464K)->6297K(6464K) NonClass: 5764K(5824K)->5764K(5824K) Class: 533K(640K)->533K(640K)
[14.218s][info][gc             ] GC(154) Pause Young (Allocation Failure) 2100M->2101M(2390M) 169.631ms
[14.218s][info][gc,cpu         ] GC(154) User=0.98s Sys=0.20s Real=0.17s
[14.277s][info][gc,start       ] GC(155) Pause Young (Allocation Failure)
[14.356s][info][gc,heap        ] GC(155) PSYoungGen: 104672K(186880K)->52416K(190464K) Eden: 52224K(52224K)->0K(57856K) From: 52448K(134656K)->52416K(132608K)
[14.356s][info][gc,heap        ] GC(155) ParOldGen: 2099863K(2260992K)->2152839K(2260992K)
[14.356s][info][gc,metaspace   ] GC(155) Metaspace: 6297K(6464K)->6297K(6464K) NonClass: 5764K(5824K)->5764K(5824K) Class: 533K(640K)->533K(640K)
[14.356s][info][gc             ] GC(155) Pause Young (Allocation Failure) 2152M->2153M(2394M) 78.798ms
[14.356s][info][gc,cpu         ] GC(155) User=0.41s Sys=0.08s Real=0.08s
[14.432s][info][gc,start       ] GC(156) Pause Young (Allocation Failure)
[14.506s][info][gc,heap        ] GC(156) PSYoungGen: 110272K(190464K)->58048K(191488K) Eden: 57856K(57856K)->0K(57856K) From: 52416K(132608K)->58048K(133632K)
[14.506s][info][gc,heap        ] GC(156) ParOldGen: 2152839K(2260992K)->2205847K(2260992K)
[14.506s][info][gc,metaspace   ] GC(156) Metaspace: 6297K(6464K)->6297K(6464K) NonClass: 5764K(5824K)->5764K(5824K) Class: 533K(640K)->533K(640K)
[14.506s][info][gc             ] GC(156) Pause Young (Allocation Failure) 2210M->2210M(2395M) 73.887ms
[14.506s][info][gc,cpu         ] GC(156) User=0.28s Sys=0.23s Real=0.07s
[14.506s][info][gc,start       ] GC(157) Pause Full (Ergonomics)
[14.506s][info][gc,phases,start] GC(157) Marking Phase
[15.047s][info][gc,phases      ] GC(157) Marking Phase 541.391ms
[15.047s][info][gc,phases,start] GC(157) Summary Phase
[15.047s][info][gc,phases      ] GC(157) Summary Phase 0.040ms
[15.047s][info][gc,phases,start] GC(157) Adjust Roots
[15.047s][info][gc,phases      ] GC(157) Adjust Roots 0.186ms
[15.047s][info][gc,phases,start] GC(157) Compaction Phase
[15.254s][info][gc,phases      ] GC(157) Compaction Phase 206.210ms
[15.254s][info][gc,phases,start] GC(157) Post Compact
[15.258s][info][gc,phases      ] GC(157) Post Compact 4.288ms
[15.260s][info][gc,heap        ] GC(157) PSYoungGen: 58048K(191488K)->625K(191488K) Eden: 0K(57856K)->0K(57856K) From: 58048K(133632K)->625K(133632K)
[15.260s][info][gc,heap        ] GC(157) ParOldGen: 2205847K(2260992K)->2260705K(2500608K)
[15.260s][info][gc,metaspace   ] GC(157) Metaspace: 6297K(6464K)->6297K(6464K) NonClass: 5764K(5824K)->5764K(5824K) Class: 533K(640K)->533K(640K)
[15.260s][info][gc             ] GC(157) Pause Full (Ergonomics) 2210M->2208M(2629M) 754.482ms
[15.260s][info][gc,cpu         ] GC(157) User=5.20s Sys=0.12s Real=0.76s
[15.331s][info][gc,start       ] GC(158) Pause Young (Allocation Failure)
[15.469s][info][gc,heap        ] GC(158) PSYoungGen: 58481K(191488K)->58016K(187904K) Eden: 57856K(57856K)->0K(62976K) From: 625K(133632K)->58016K(124928K)
[15.469s][info][gc,heap        ] GC(158) ParOldGen: 2260705K(2500608K)->2261369K(2500608K)
[15.469s][info][gc,metaspace   ] GC(158) Metaspace: 6297K(6464K)->6297K(6464K) NonClass: 5764K(5824K)->5764K(5824K) Class: 533K(640K)->533K(640K)
[15.469s][info][gc             ] GC(158) Pause Young (Allocation Failure) 2264M->2265M(2625M) 137.619ms
[15.469s][info][gc,cpu         ] GC(158) User=0.67s Sys=0.00s Real=0.14s
[15.544s][info][gc,start       ] GC(159) Pause Young (Allocation Failure)
[15.608s][info][gc,heap        ] GC(159) PSYoungGen: 120992K(187904K)->121088K(191488K) Eden: 62976K(62976K)->0K(62976K) From: 58016K(124928K)->121088K(128512K)
[15.608s][info][gc,heap        ] GC(159) ParOldGen: 2261369K(2500608K)->2261369K(2500608K)
[15.608s][info][gc,metaspace   ] GC(159) Metaspace: 6297K(6464K)->6297K(6464K) NonClass: 5764K(5824K)->5764K(5824K) Class: 533K(640K)->533K(640K)
[15.609s][info][gc             ] GC(159) Pause Young (Allocation Failure) 2326M->2326M(2629M) 64.617ms
[15.609s][info][gc,cpu         ] GC(159) User=0.39s Sys=0.00s Real=0.07s
[15.683s][info][gc,start       ] GC(160) Pause Young (Allocation Failure)
[15.810s][info][gc,heap        ] GC(160) PSYoungGen: 184064K(191488K)->140800K(176640K) Eden: 62976K(62976K)->0K(35840K) From: 121088K(128512K)->140800K(140800K)
[15.810s][info][gc,heap        ] GC(160) ParOldGen: 2261369K(2500608K)->2305009K(2500608K)
[15.810s][info][gc,metaspace   ] GC(160) Metaspace: 6297K(6464K)->6297K(6464K) NonClass: 5764K(5824K)->5764K(5824K) Class: 533K(640K)->533K(640K)
[15.810s][info][gc             ] GC(160) Pause Young (Allocation Failure) 2388M->2388M(2614M) 127.513ms
[15.810s][info][gc,cpu         ] GC(160) User=0.50s Sys=0.39s Real=0.13s
[15.854s][info][gc,start       ] GC(161) Pause Young (Allocation Failure)
[15.970s][info][gc,heap        ] GC(161) PSYoungGen: 176640K(176640K)->83008K(119296K) Eden: 35840K(35840K)->0K(35840K) From: 140800K(140800K)->83008K(83456K)
[15.970s][info][gc,heap        ] GC(161) ParOldGen: 2305009K(2500608K)->2399521K(2500608K)
[15.970s][info][gc,metaspace   ] GC(161) Metaspace: 6297K(6464K)->6297K(6464K) NonClass: 5764K(5824K)->5764K(5824K) Class: 533K(640K)->533K(640K)
[15.970s][info][gc             ] GC(161) Pause Young (Allocation Failure) 2423M->2424M(2558M) 115.762ms
[15.970s][info][gc,cpu         ] GC(161) User=0.59s Sys=0.22s Real=0.12s
[16.012s][info][gc,start       ] GC(162) Pause Young (Allocation Failure)
[16.089s][info][gc,heap        ] GC(162) PSYoungGen: 118848K(119296K)->71872K(196096K) Eden: 35840K(35840K)->0K(39936K) From: 83008K(83456K)->71872K(156160K)
[16.089s][info][gc,heap        ] GC(162) ParOldGen: 2399521K(2500608K)->2446881K(2500608K)
[16.089s][info][gc,metaspace   ] GC(162) Metaspace: 6297K(6464K)->6297K(6464K) NonClass: 5764K(5824K)->5764K(5824K) Class: 533K(640K)->533K(640K)
[16.089s][info][gc             ] GC(162) Pause Young (Allocation Failure) 2459M->2459M(2633M) 77.719ms
[16.089s][info][gc,cpu         ] GC(162) User=0.34s Sys=0.14s Real=0.08s
[16.089s][info][gc,start       ] GC(163) Pause Full (Ergonomics)
[16.090s][info][gc,phases,start] GC(163) Marking Phase
[16.664s][info][gc,phases      ] GC(163) Marking Phase 574.360ms
[16.664s][info][gc,phases,start] GC(163) Summary Phase
[16.664s][info][gc,phases      ] GC(163) Summary Phase 0.045ms
[16.664s][info][gc,phases,start] GC(163) Adjust Roots
[16.664s][info][gc,phases      ] GC(163) Adjust Roots 0.183ms
[16.664s][info][gc,phases,start] GC(163) Compaction Phase
[16.882s][info][gc,phases      ] GC(163) Compaction Phase 217.868ms
[16.882s][info][gc,phases,start] GC(163) Post Compact
[16.886s][info][gc,phases      ] GC(163) Post Compact 4.321ms
[16.888s][info][gc,heap        ] GC(163) PSYoungGen: 71872K(196096K)->16430K(201216K) Eden: 0K(39936K)->0K(45056K) From: 71872K(156160K)->16430K(156160K)
[16.888s][info][gc,heap        ] GC(163) ParOldGen: 2446881K(2500608K)->2500230K(2773504K)
[16.888s][info][gc,metaspace   ] GC(163) Metaspace: 6297K(6464K)->6297K(6464K) NonClass: 5764K(5824K)->5764K(5824K) Class: 533K(640K)->533K(640K)
[16.888s][info][gc             ] GC(163) Pause Full (Ergonomics) 2459M->2457M(2905M) 798.888ms
[16.888s][info][gc,cpu         ] GC(163) User=6.03s Sys=0.06s Real=0.80s
[16.942s][info][gc,start       ] GC(164) Pause Young (Allocation Failure)
[17.084s][info][gc,heap        ] GC(164) PSYoungGen: 61486K(201216K)->51680K(206336K) Eden: 45056K(45056K)->0K(45056K) From: 16430K(156160K)->51680K(161280K)
[17.084s][info][gc,heap        ] GC(164) ParOldGen: 2500230K(2773504K)->2510390K(2773504K)
[17.084s][info][gc,metaspace   ] GC(164) Metaspace: 6297K(6464K)->6297K(6464K) NonClass: 5764K(5824K)->5764K(5824K) Class: 533K(640K)->533K(640K)
[17.084s][info][gc             ] GC(164) Pause Young (Allocation Failure) 2501M->2502M(2910M) 142.177ms
[17.084s][info][gc,cpu         ] GC(164) User=0.86s Sys=0.00s Real=0.14s
[17.138s][info][gc,start       ] GC(165) Pause Young (Allocation Failure)
[17.191s][info][gc,heap        ] GC(165) PSYoungGen: 96736K(206336K)->96800K(204288K) Eden: 45056K(45056K)->0K(49664K) From: 51680K(161280K)->96800K(154624K)
[17.191s][info][gc,heap        ] GC(165) ParOldGen: 2510390K(2773504K)->2510390K(2773504K)
[17.191s][info][gc,metaspace   ] GC(165) Metaspace: 6297K(6464K)->6297K(6464K) NonClass: 5764K(5824K)->5764K(5824K) Class: 533K(640K)->533K(640K)
[17.191s][info][gc             ] GC(165) Pause Young (Allocation Failure) 2546M->2546M(2908M) 52.963ms
[17.191s][info][gc,cpu         ] GC(165) User=0.28s Sys=0.00s Real=0.05s
[17.252s][info][gc,start       ] GC(166) Pause Young (Allocation Failure)
[17.333s][info][gc,heap        ] GC(166) PSYoungGen: 146464K(204288K)->146560K(206848K) Eden: 49664K(49664K)->0K(49664K) From: 96800K(154624K)->146560K(157184K)
[17.333s][info][gc,heap        ] GC(166) ParOldGen: 2510390K(2773504K)->2510390K(2773504K)
[17.333s][info][gc,metaspace   ] GC(166) Metaspace: 6297K(6464K)->6297K(6464K) NonClass: 5764K(5824K)->5764K(5824K) Class: 533K(640K)->533K(640K)
[17.333s][info][gc             ] GC(166) Pause Young (Allocation Failure) 2594M->2594M(2910M) 81.066ms
[17.333s][info][gc,cpu         ] GC(166) User=0.50s Sys=0.00s Real=0.08s
[17.393s][info][gc,start       ] GC(167) Pause Young (Allocation Failure)
[17.516s][info][gc,heap        ] GC(167) PSYoungGen: 196224K(206848K)->173056K(197120K) Eden: 49664K(49664K)->0K(24064K) From: 146560K(157184K)->173056K(173056K)
[17.516s][info][gc,heap        ] GC(167) ParOldGen: 2510390K(2773504K)->2533662K(2773504K)
[17.517s][info][gc,metaspace   ] GC(167) Metaspace: 6297K(6464K)->6297K(6464K) NonClass: 5764K(5824K)->5764K(5824K) Class: 533K(640K)->533K(640K)
[17.517s][info][gc             ] GC(167) Pause Young (Allocation Failure) 2643M->2643M(2901M) 123.407ms
[17.517s][info][gc,cpu         ] GC(167) User=0.50s Sys=0.28s Real=0.12s
[17.542s][info][gc,start       ] GC(168) Pause Young (Allocation Failure)
[17.666s][info][gc,heap        ] GC(168) PSYoungGen: 197120K(197120K)->115648K(139776K) Eden: 24064K(24064K)->0K(24064K) From: 173056K(173056K)->115648K(115712K)
[17.666s][info][gc,heap        ] GC(168) ParOldGen: 2533662K(2773504K)->2615862K(2773504K)
[17.666s][info][gc,metaspace   ] GC(168) Metaspace: 6297K(6464K)->6297K(6464K) NonClass: 5764K(5824K)->5764K(5824K) Class: 533K(640K)->533K(640K)
[17.666s][info][gc             ] GC(168) Pause Young (Allocation Failure) 2666M->2667M(2845M) 124.157ms
[17.666s][info][gc,cpu         ] GC(168) User=0.66s Sys=0.20s Real=0.12s
[17.694s][info][gc,start       ] GC(169) Pause Young (Allocation Failure)
[17.798s][info][gc,heap        ] GC(169) PSYoungGen: 139712K(139776K)->48288K(225792K) Eden: 24064K(24064K)->0K(27648K) From: 115648K(115712K)->48288K(198144K)
[17.799s][info][gc,heap        ] GC(169) ParOldGen: 2615862K(2773504K)->2708022K(2773504K)
[17.799s][info][gc,metaspace   ] GC(169) Metaspace: 6297K(6464K)->6297K(6464K) NonClass: 5764K(5824K)->5764K(5824K) Class: 533K(640K)->533K(640K)
[17.799s][info][gc             ] GC(169) Pause Young (Allocation Failure) 2690M->2691M(2929M) 104.509ms
[17.799s][info][gc,cpu         ] GC(169) User=0.45s Sys=0.30s Real=0.11s
[17.799s][info][gc,start       ] GC(170) Pause Full (Ergonomics)
[17.799s][info][gc,phases,start] GC(170) Marking Phase
[18.444s][info][gc,phases      ] GC(170) Marking Phase 645.302ms
[18.444s][info][gc,phases,start] GC(170) Summary Phase
[18.444s][info][gc,phases      ] GC(170) Summary Phase 0.080ms
[18.444s][info][gc,phases,start] GC(170) Adjust Roots
[18.444s][info][gc,phases      ] GC(170) Adjust Roots 0.315ms
[18.444s][info][gc,phases,start] GC(170) Compaction Phase
[18.709s][info][gc,phases      ] GC(170) Compaction Phase 264.328ms
[18.709s][info][gc,phases,start] GC(170) Post Compact
[18.714s][info][gc,phases      ] GC(170) Post Compact 4.986ms
[18.716s][info][gc,heap        ] GC(170) PSYoungGen: 48288K(225792K)->0K(226304K) Eden: 0K(27648K)->0K(27648K) From: 48288K(198144K)->0K(198656K)
[18.716s][info][gc,heap        ] GC(170) ParOldGen: 2708022K(2773504K)->2754045K(3063808K)
[18.716s][info][gc,metaspace   ] GC(170) Metaspace: 6297K(6464K)->6297K(6464K) NonClass: 5764K(5824K)->5764K(5824K) Class: 533K(640K)->533K(640K)
[18.716s][info][gc             ] GC(170) Pause Full (Ergonomics) 2691M->2689M(3213M) 917.740ms
[18.716s][info][gc,cpu         ] GC(170) User=6.62s Sys=0.09s Real=0.92s
[18.751s][info][gc,start       ] GC(171) Pause Young (Allocation Failure)
[18.779s][info][gc,heap        ] GC(171) PSYoungGen: 27648K(226304K)->27808K(228864K) Eden: 27648K(27648K)->0K(30208K) From: 0K(198656K)->27808K(198656K)
[18.779s][info][gc,heap        ] GC(171) ParOldGen: 2754045K(3063808K)->2754045K(3063808K)
[18.779s][info][gc,metaspace   ] GC(171) Metaspace: 6297K(6464K)->6297K(6464K) NonClass: 5764K(5824K)->5764K(5824K) Class: 533K(640K)->533K(640K)
[18.779s][info][gc             ] GC(171) Pause Young (Allocation Failure) 2716M->2716M(3215M) 28.275ms
[18.779s][info][gc,cpu         ] GC(171) User=0.06s Sys=0.00s Real=0.03s
[18.813s][info][gc,start       ] GC(172) Pause Young (Allocation Failure)
[18.857s][info][gc,heap        ] GC(172) PSYoungGen: 58016K(228864K)->30368K(230400K) Eden: 30208K(30208K)->0K(30208K) From: 27808K(198656K)->30368K(200192K)
[18.857s][info][gc,heap        ] GC(172) ParOldGen: 2754045K(3063808K)->2781933K(3063808K)
[18.857s][info][gc,metaspace   ] GC(172) Metaspace: 6297K(6464K)->6297K(6464K) NonClass: 5764K(5824K)->5764K(5824K) Class: 533K(640K)->533K(640K)
[18.857s][info][gc             ] GC(172) Pause Young (Allocation Failure) 2746M->2746M(3217M) 44.090ms
[18.857s][info][gc,cpu         ] GC(172) User=0.16s Sys=0.05s Real=0.04s
[19.507s][info][gc,start       ] GC(173) Pause Young (Allocation Failure)
[19.630s][info][gc,heap        ] GC(173) PSYoungGen: 60576K(230400K)->30336K(227328K) Eden: 30208K(30208K)->0K(33280K) From: 30368K(200192K)->30336K(194048K)
[19.630s][info][gc,heap        ] GC(173) ParOldGen: 2913005K(3063808K)->2943501K(3063808K)
[19.630s][info][gc,metaspace   ] GC(173) Metaspace: 6297K(6464K)->6297K(6464K) NonClass: 5764K(5824K)->5764K(5824K) Class: 533K(640K)->533K(640K)
[19.630s][info][gc             ] GC(173) Pause Young (Allocation Failure) 2903M->2904M(3214M) 123.697ms
[19.630s][info][gc,cpu         ] GC(173) User=0.55s Sys=0.08s Real=0.12s
[19.671s][info][gc,start       ] GC(174) Pause Young (Allocation Failure)
[19.731s][info][gc,heap        ] GC(174) PSYoungGen: 63616K(227328K)->63680K(97280K) Eden: 33280K(33280K)->0K(33280K) From: 30336K(194048K)->63680K(64000K)
[19.731s][info][gc,heap        ] GC(174) ParOldGen: 2943501K(3063808K)->2943501K(3063808K)
[19.731s][info][gc,metaspace   ] GC(174) Metaspace: 6297K(6464K)->6297K(6464K) NonClass: 5764K(5824K)->5764K(5824K) Class: 533K(640K)->533K(640K)
[19.731s][info][gc             ] GC(174) Pause Young (Allocation Failure) 2936M->2936M(3087M) 59.479ms
[19.731s][info][gc,cpu         ] GC(174) User=0.19s Sys=0.00s Real=0.06s
[19.765s][info][gc,start       ] GC(175) Pause Young (Allocation Failure)
[19.827s][info][gc,heap        ] GC(175) PSYoungGen: 96960K(97280K)->96992K(217600K) Eden: 33280K(33280K)->0K(36864K) From: 63680K(64000K)->96992K(180736K)
[19.827s][info][gc,heap        ] GC(175) ParOldGen: 2943501K(3063808K)->2943501K(3063808K)
[19.827s][info][gc,metaspace   ] GC(175) Metaspace: 6297K(6464K)->6297K(6464K) NonClass: 5764K(5824K)->5764K(5824K) Class: 533K(640K)->533K(640K)
[19.827s][info][gc             ] GC(175) Pause Young (Allocation Failure) 2969M->2969M(3204M) 61.836ms
[19.827s][info][gc,cpu         ] GC(175) User=0.25s Sys=0.00s Real=0.06s
[19.867s][info][gc,start       ] GC(176) Pause Young (Allocation Failure)
[19.946s][info][gc,heap        ] GC(176) PSYoungGen: 133856K(217600K)->103648K(221184K) Eden: 36864K(36864K)->0K(36864K) From: 96992K(180736K)->103648K(184320K)
[19.947s][info][gc,heap        ] GC(176) ParOldGen: 2943501K(3063808K)->2973989K(3063808K)
[19.947s][info][gc,metaspace   ] GC(176) Metaspace: 6297K(6464K)->6297K(6464K) NonClass: 5764K(5824K)->5764K(5824K) Class: 533K(640K)->533K(640K)
[19.947s][info][gc             ] GC(176) Pause Young (Allocation Failure) 3005M->3005M(3208M) 79.710ms
[19.947s][info][gc,cpu         ] GC(176) User=0.48s Sys=0.03s Real=0.08s
[19.983s][info][gc,start       ] GC(177) Pause Young (Allocation Failure)
[20.064s][info][gc,heap        ] GC(177) PSYoungGen: 140512K(221184K)->107264K(223232K) Eden: 36864K(36864K)->0K(41472K) From: 103648K(184320K)->107264K(181760K)
[20.064s][info][gc,heap        ] GC(177) ParOldGen: 2973989K(3063808K)->3007573K(3063808K)
[20.064s][info][gc,metaspace   ] GC(177) Metaspace: 6297K(6464K)->6297K(6464K) NonClass: 5764K(5824K)->5764K(5824K) Class: 533K(640K)->533K(640K)
[20.064s][info][gc             ] GC(177) Pause Young (Allocation Failure) 3041M->3041M(3210M) 80.708ms
[20.064s][info][gc,cpu         ] GC(177) User=0.36s Sys=0.09s Real=0.08s
[20.064s][info][gc,start       ] GC(178) Pause Full (Ergonomics)
[20.064s][info][gc,phases,start] GC(178) Marking Phase
[20.744s][info][gc,phases      ] GC(178) Marking Phase 679.892ms
[20.744s][info][gc,phases,start] GC(178) Summary Phase
[20.744s][info][gc,phases      ] GC(178) Summary Phase 0.092ms
[20.744s][info][gc,phases,start] GC(178) Adjust Roots
[20.744s][info][gc,phases      ] GC(178) Adjust Roots 0.177ms
[20.744s][info][gc,phases,start] GC(178) Compaction Phase
[21.229s][info][gc,phases      ] GC(178) Compaction Phase 484.282ms
[21.229s][info][gc,phases,start] GC(178) Post Compact
[21.235s][info][gc,phases      ] GC(178) Post Compact 6.238ms
[21.236s][info][gc,heap        ] GC(178) PSYoungGen: 107264K(223232K)->0K(223744K) Eden: 0K(41472K)->0K(41472K) From: 107264K(181760K)->0K(182272K)
[21.236s][info][gc,heap        ] GC(178) ParOldGen: 3007573K(3063808K)->3047719K(3345920K)
[21.236s][info][gc,metaspace   ] GC(178) Metaspace: 6297K(6464K)->6297K(6464K) NonClass: 5764K(5824K)->5764K(5824K) Class: 533K(640K)->533K(640K)
[21.236s][info][gc             ] GC(178) Pause Full (Ergonomics) 3041M->2976M(3486M) 1172.146ms
[21.236s][info][gc,cpu         ] GC(178) User=8.00s Sys=0.16s Real=1.17s
[21.276s][info][gc,start       ] GC(179) Pause Young (Allocation Failure)
[21.318s][info][gc,heap        ] GC(179) PSYoungGen: 41472K(223744K)->41664K(221696K) Eden: 41472K(41472K)->0K(45568K) From: 0K(182272K)->41664K(176128K)
[21.318s][info][gc,heap        ] GC(179) ParOldGen: 3047719K(3345920K)->3047719K(3345920K)
[21.318s][info][gc,metaspace   ] GC(179) Metaspace: 6297K(6464K)->6297K(6464K) NonClass: 5764K(5824K)->5764K(5824K) Class: 533K(640K)->533K(640K)
[21.318s][info][gc             ] GC(179) Pause Young (Allocation Failure) 3016M->3016M(3484M) 42.325ms
[21.318s][info][gc,cpu         ] GC(179) User=0.06s Sys=0.00s Real=0.04s
[21.362s][info][gc,start       ] GC(180) Pause Young (Allocation Failure)
[21.421s][info][gc,heap        ] GC(180) PSYoungGen: 87232K(221696K)->87296K(133120K) Eden: 45568K(45568K)->0K(45568K) From: 41664K(176128K)->87296K(87552K)
[21.421s][info][gc,heap        ] GC(180) ParOldGen: 3047719K(3345920K)->3047719K(3345920K)
[21.421s][info][gc,metaspace   ] GC(180) Metaspace: 6297K(6464K)->6297K(6464K) NonClass: 5764K(5824K)->5764K(5824K) Class: 533K(640K)->533K(640K)
[21.421s][info][gc             ] GC(180) Pause Young (Allocation Failure) 3061M->3061M(3397M) 59.066ms
[21.421s][info][gc,cpu         ] GC(180) User=0.09s Sys=0.00s Real=0.06s
[21.471s][info][gc,start       ] GC(181) Pause Young (Allocation Failure)
[21.541s][info][gc,heap        ] GC(181) PSYoungGen: 132864K(133120K)->132896K(212992K) Eden: 45568K(45568K)->0K(40448K) From: 87296K(87552K)->132896K(172544K)
[21.541s][info][gc,heap        ] GC(181) ParOldGen: 3047719K(3345920K)->3047719K(3345920K)
[21.541s][info][gc,metaspace   ] GC(181) Metaspace: 6297K(6464K)->6297K(6464K) NonClass: 5764K(5824K)->5764K(5824K) Class: 533K(640K)->533K(640K)
[21.541s][info][gc             ] GC(181) Pause Young (Allocation Failure) 3106M->3106M(3475M) 70.580ms
[21.541s][info][gc,cpu         ] GC(181) User=0.22s Sys=0.00s Real=0.07s
[21.585s][info][gc,start       ] GC(182) Pause Young (Allocation Failure)
[21.677s][info][gc,heap        ] GC(182) PSYoungGen: 173344K(212992K)->131872K(222720K) Eden: 40448K(40448K)->0K(40448K) From: 132896K(172544K)->131872K(182272K)
[21.677s][info][gc,heap        ] GC(182) ParOldGen: 3047719K(3345920K)->3089575K(3345920K)
[21.677s][info][gc,metaspace   ] GC(182) Metaspace: 6297K(6464K)->6297K(6464K) NonClass: 5764K(5824K)->5764K(5824K) Class: 533K(640K)->533K(640K)
[21.677s][info][gc             ] GC(182) Pause Young (Allocation Failure) 3145M->3145M(3485M) 92.141ms
[21.677s][info][gc,cpu         ] GC(182) User=0.30s Sys=0.22s Real=0.09s
[21.720s][info][gc,start       ] GC(183) Pause Young (Allocation Failure)
[21.815s][info][gc,heap        ] GC(183) PSYoungGen: 172320K(222720K)->126784K(231424K) Eden: 40448K(40448K)->0K(41472K) From: 131872K(182272K)->126784K(189952K)
[21.815s][info][gc,heap        ] GC(183) ParOldGen: 3089575K(3345920K)->3135559K(3345920K)
[21.815s][info][gc,metaspace   ] GC(183) Metaspace: 6297K(6464K)->6297K(6464K) NonClass: 5764K(5824K)->5764K(5824K) Class: 533K(640K)->533K(640K)
[21.815s][info][gc             ] GC(183) Pause Young (Allocation Failure) 3185M->3185M(3493M) 95.103ms
[21.815s][info][gc,cpu         ] GC(183) User=0.50s Sys=0.12s Real=0.10s
[21.857s][info][gc,start       ] GC(184) Pause Young (Allocation Failure)
[21.965s][info][gc,heap        ] GC(184) PSYoungGen: 168256K(231424K)->82176K(123904K) Eden: 41472K(41472K)->0K(41472K) From: 126784K(189952K)->82176K(82432K)
[21.965s][info][gc,heap        ] GC(184) ParOldGen: 3135559K(3345920K)->3222311K(3345920K)
[21.965s][info][gc,metaspace   ] GC(184) Metaspace: 6297K(6464K)->6297K(6464K) NonClass: 5764K(5824K)->5764K(5824K) Class: 533K(640K)->533K(640K)
[21.965s][info][gc             ] GC(184) Pause Young (Allocation Failure) 3226M->3227M(3388M) 107.272ms
[21.965s][info][gc,cpu         ] GC(184) User=0.50s Sys=0.27s Real=0.11s
[22.011s][info][gc,start       ] GC(185) Pause Young (Allocation Failure)
[22.100s][info][gc,heap        ] GC(185) PSYoungGen: 123648K(123904K)->41632K(231424K) Eden: 41472K(41472K)->0K(47104K) From: 82176K(82432K)->41632K(184320K)
[22.100s][info][gc,heap        ] GC(185) ParOldGen: 3222311K(3345920K)->3304943K(3345920K)
[22.100s][info][gc,metaspace   ] GC(185) Metaspace: 6297K(6464K)->6297K(6464K) NonClass: 5764K(5824K)->5764K(5824K) Class: 533K(640K)->533K(640K)
[22.101s][info][gc             ] GC(185) Pause Young (Allocation Failure) 3267M->3268M(3493M) 89.513ms
[22.101s][info][gc,cpu         ] GC(185) User=0.36s Sys=0.28s Real=0.09s
[22.101s][info][gc,start       ] GC(186) Pause Full (Ergonomics)
[22.101s][info][gc,phases,start] GC(186) Marking Phase
[22.852s][info][gc,phases      ] GC(186) Marking Phase 751.368ms
[22.852s][info][gc,phases,start] GC(186) Summary Phase
[22.852s][info][gc,phases      ] GC(186) Summary Phase 0.059ms
[22.852s][info][gc,phases,start] GC(186) Adjust Roots
[22.852s][info][gc,phases      ] GC(186) Adjust Roots 0.166ms
[22.852s][info][gc,phases,start] GC(186) Compaction Phase
[23.192s][info][gc,phases      ] GC(186) Compaction Phase 339.651ms
[23.192s][info][gc,phases,start] GC(186) Post Compact
[23.198s][info][gc,phases      ] GC(186) Post Compact 6.191ms
[23.201s][info][gc,heap        ] GC(186) PSYoungGen: 41632K(231424K)->0K(231936K) Eden: 0K(47104K)->0K(47104K) From: 41632K(184320K)->0K(184832K)
[23.201s][info][gc,heap        ] GC(186) ParOldGen: 3304943K(3345920K)->3343937K(3693056K)
[23.201s][info][gc,metaspace   ] GC(186) Metaspace: 6297K(6464K)->6297K(6464K) NonClass: 5764K(5824K)->5764K(5824K) Class: 533K(640K)->533K(640K)
[23.201s][info][gc             ] GC(186) Pause Full (Ergonomics) 3268M->3265M(3833M) 1100.704ms
[23.201s][info][gc,cpu         ] GC(186) User=7.78s Sys=0.09s Real=1.10s
[23.253s][info][gc,start       ] GC(187) Pause Young (Allocation Failure)
[23.302s][info][gc,heap        ] GC(187) PSYoungGen: 47104K(231936K)->47296K(230912K) Eden: 47104K(47104K)->0K(52224K) From: 0K(184832K)->47296K(178688K)
[23.302s][info][gc,heap        ] GC(187) ParOldGen: 3343937K(3693056K)->3343937K(3693056K)
[23.302s][info][gc,metaspace   ] GC(187) Metaspace: 6297K(6464K)->6297K(6464K) NonClass: 5764K(5824K)->5764K(5824K) Class: 533K(640K)->533K(640K)
[23.302s][info][gc             ] GC(187) Pause Young (Allocation Failure) 3311M->3311M(3832M) 48.926ms
[23.302s][info][gc,cpu         ] GC(187) User=0.06s Sys=0.00s Real=0.05s
[23.357s][info][gc,start       ] GC(188) Pause Young (Allocation Failure)
[23.427s][info][gc,heap        ] GC(188) PSYoungGen: 99520K(230912K)->52448K(234496K) Eden: 52224K(52224K)->0K(52224K) From: 47296K(178688K)->52448K(182272K)
[23.427s][info][gc,heap        ] GC(188) ParOldGen: 3343937K(3693056K)->3391465K(3693056K)
[23.427s][info][gc,metaspace   ] GC(188) Metaspace: 6297K(6464K)->6297K(6464K) NonClass: 5764K(5824K)->5764K(5824K) Class: 533K(640K)->533K(640K)
[23.427s][info][gc             ] GC(188) Pause Young (Allocation Failure) 3362M->3363M(3835M) 69.566ms
[23.427s][info][gc,cpu         ] GC(188) User=0.28s Sys=0.12s Real=0.07s
[23.477s][info][gc,start       ] GC(189) Pause Young (Allocation Failure)
[23.548s][info][gc,heap        ] GC(189) PSYoungGen: 104672K(234496K)->52448K(226304K) Eden: 52224K(52224K)->0K(57856K) From: 52448K(182272K)->52448K(168448K)
[23.548s][info][gc,heap        ] GC(189) ParOldGen: 3391465K(3693056K)->3444153K(3693056K)
[23.548s][info][gc,metaspace   ] GC(189) Metaspace: 6297K(6464K)->6297K(6464K) NonClass: 5764K(5824K)->5764K(5824K) Class: 533K(640K)->533K(640K)
[23.548s][info][gc             ] GC(189) Pause Young (Allocation Failure) 3414M->3414M(3827M) 71.570ms
[23.548s][info][gc,cpu         ] GC(189) User=0.28s Sys=0.20s Real=0.07s
[23.606s][info][gc,start       ] GC(190) Pause Young (Allocation Failure)
[23.681s][info][gc,heap        ] GC(190) PSYoungGen: 110304K(226304K)->58080K(230912K) Eden: 57856K(57856K)->0K(57856K) From: 52448K(168448K)->58080K(173056K)
[23.682s][info][gc,heap        ] GC(190) ParOldGen: 3444153K(3693056K)->3496849K(3693056K)
[23.682s][info][gc,metaspace   ] GC(190) Metaspace: 6297K(6464K)->6297K(6464K) NonClass: 5764K(5824K)->5764K(5824K) Class: 533K(640K)->533K(640K)
[23.682s][info][gc             ] GC(190) Pause Young (Allocation Failure) 3471M->3471M(3832M) 75.766ms
[23.682s][info][gc,cpu         ] GC(190) User=0.23s Sys=0.20s Real=0.08s
[23.741s][info][gc,start       ] GC(191) Pause Young (Allocation Failure)
[23.818s][info][gc,heap        ] GC(191) PSYoungGen: 115936K(230912K)->58048K(219136K) Eden: 57856K(57856K)->0K(64512K) From: 58080K(173056K)->58048K(154624K)
[23.818s][info][gc,heap        ] GC(191) ParOldGen: 3496849K(3693056K)->3555225K(3693056K)
[23.818s][info][gc,metaspace   ] GC(191) Metaspace: 6297K(6464K)->6297K(6464K) NonClass: 5764K(5824K)->5764K(5824K) Class: 533K(640K)->533K(640K)
[23.818s][info][gc             ] GC(191) Pause Young (Allocation Failure) 3528M->3528M(3820M) 77.107ms
[23.818s][info][gc,cpu         ] GC(191) User=0.34s Sys=0.17s Real=0.08s
[23.892s][info][gc,start       ] GC(192) Pause Young (Allocation Failure)
[23.972s][info][gc,heap        ] GC(192) PSYoungGen: 122560K(219136K)->64640K(225280K) Eden: 64512K(64512K)->0K(64512K) From: 58048K(154624K)->64640K(160768K)
[23.972s][info][gc,heap        ] GC(192) ParOldGen: 3555225K(3693056K)->3613593K(3693056K)
[23.972s][info][gc,metaspace   ] GC(192) Metaspace: 6297K(6464K)->6297K(6464K) NonClass: 5764K(5824K)->5764K(5824K) Class: 533K(640K)->533K(640K)
[23.972s][info][gc             ] GC(192) Pause Young (Allocation Failure) 3591M->3592M(3826M) 79.567ms
[23.972s][info][gc,cpu         ] GC(192) User=0.36s Sys=0.16s Real=0.08s
[23.972s][info][gc,start       ] GC(193) Pause Full (Ergonomics)
[23.972s][info][gc,phases,start] GC(193) Marking Phase
[24.809s][info][gc,phases      ] GC(193) Marking Phase 836.813ms
[24.809s][info][gc,phases,start] GC(193) Summary Phase
[24.809s][info][gc,phases      ] GC(193) Summary Phase 0.077ms
[24.809s][info][gc,phases,start] GC(193) Adjust Roots
[24.809s][info][gc,phases      ] GC(193) Adjust Roots 0.164ms
[24.809s][info][gc,phases,start] GC(193) Compaction Phase
[25.187s][info][gc,phases      ] GC(193) Compaction Phase 378.208ms
[25.187s][info][gc,phases,start] GC(193) Post Compact
[25.194s][info][gc,phases      ] GC(193) Post Compact 6.747ms
[25.197s][info][gc,heap        ] GC(193) PSYoungGen: 64640K(225280K)->0K(225280K) Eden: 0K(64512K)->0K(71680K) From: 64640K(160768K)->0K(153600K)
[25.197s][info][gc,heap        ] GC(193) ParOldGen: 3613593K(3693056K)->3675527K(4046336K)
[25.197s][info][gc,metaspace   ] GC(193) Metaspace: 6297K(6464K)->6297K(6464K) NonClass: 5764K(5824K)->5764K(5824K) Class: 533K(640K)->533K(640K)
[25.197s][info][gc             ] GC(193) Pause Full (Ergonomics) 3592M->3589M(4171M) 1225.419ms
[25.197s][info][gc,cpu         ] GC(193) User=8.80s Sys=0.12s Real=1.23s
[25.268s][info][gc,start       ] GC(194) Pause Young (Allocation Failure)
[25.324s][info][gc,heap        ] GC(194) PSYoungGen: 71680K(225280K)->71936K(143872K) Eden: 71680K(71680K)->0K(71680K) From: 0K(153600K)->71936K(72192K)
[25.324s][info][gc,heap        ] GC(194) ParOldGen: 3675527K(4046336K)->3675527K(4046336K)
[25.324s][info][gc,metaspace   ] GC(194) Metaspace: 6297K(6464K)->6297K(6464K) NonClass: 5764K(5824K)->5764K(5824K) Class: 533K(640K)->533K(640K)
[25.324s][info][gc             ] GC(194) Pause Young (Allocation Failure) 3659M->3659M(4092M) 56.504ms
[25.324s][info][gc,cpu         ] GC(194) User=0.27s Sys=0.00s Real=0.06s
[25.398s][info][gc,start       ] GC(195) Pause Young (Allocation Failure)
[25.471s][info][gc,heap        ] GC(195) PSYoungGen: 143616K(143872K)->143744K(205312K) Eden: 71680K(71680K)->0K(59392K) From: 71936K(72192K)->143744K(145920K)
[25.471s][info][gc,heap        ] GC(195) ParOldGen: 3675527K(4046336K)->3675527K(4046336K)
[25.471s][info][gc,metaspace   ] GC(195) Metaspace: 6297K(6464K)->6297K(6464K) NonClass: 5764K(5824K)->5764K(5824K) Class: 533K(640K)->533K(640K)
[25.471s][info][gc             ] GC(195) Pause Young (Allocation Failure) 3729M->3729M(4152M) 73.397ms
[25.471s][info][gc,cpu         ] GC(195) User=0.39s Sys=0.00s Real=0.07s
[25.532s][info][gc,start       ] GC(196) Pause Young (Allocation Failure)
[25.638s][info][gc,heap        ] GC(196) PSYoungGen: 203136K(205312K)->164864K(224256K) Eden: 59392K(59392K)->0K(59392K) From: 143744K(145920K)->164864K(164864K)
[25.638s][info][gc,heap        ] GC(196) ParOldGen: 3675527K(4046336K)->3714047K(4046336K)
[25.638s][info][gc,metaspace   ] GC(196) Metaspace: 6297K(6464K)->6297K(6464K) NonClass: 5764K(5824K)->5764K(5824K) Class: 533K(640K)->533K(640K)
[25.638s][info][gc             ] GC(196) Pause Young (Allocation Failure) 3787M->3787M(4170M) 106.346ms
[25.638s][info][gc,cpu         ] GC(196) User=0.70s Sys=0.17s Real=0.11s
[25.700s][info][gc,start       ] GC(197) Pause Young (Allocation Failure)
[25.847s][info][gc,heap        ] GC(197) PSYoungGen: 224256K(224256K)->118880K(266240K) Eden: 59392K(59392K)->0K(66048K) From: 164864K(164864K)->118880K(200192K)
[25.847s][info][gc,heap        ] GC(197) ParOldGen: 3714047K(4046336K)->3820431K(4046336K)
[25.847s][info][gc,metaspace   ] GC(197) Metaspace: 6297K(6464K)->6297K(6464K) NonClass: 5764K(5824K)->5764K(5824K) Class: 533K(640K)->533K(640K)
[25.847s][info][gc             ] GC(197) Pause Young (Allocation Failure) 3845M->3846M(4211M) 146.939ms
[25.847s][info][gc,cpu         ] GC(197) User=0.66s Sys=0.48s Real=0.15s
[25.913s][info][gc,start       ] GC(198) Pause Young (Allocation Failure)
[26.028s][info][gc,heap        ] GC(198) PSYoungGen: 184928K(266240K)->125792K(266752K) Eden: 66048K(66048K)->0K(66048K) From: 118880K(200192K)->125792K(200704K)
[26.028s][info][gc,heap        ] GC(198) ParOldGen: 3820431K(4046336K)->3880079K(4046336K)
[26.028s][info][gc,metaspace   ] GC(198) Metaspace: 6297K(6464K)->6297K(6464K) NonClass: 5764K(5824K)->5764K(5824K) Class: 533K(640K)->533K(640K)
[26.028s][info][gc             ] GC(198) Pause Young (Allocation Failure) 3911M->3911M(4212M) 115.550ms
[26.028s][info][gc,cpu         ] GC(198) User=0.61s Sys=0.14s Real=0.12s
[26.100s][info][gc,start       ] GC(199) Pause Young (Allocation Failure)
[26.220s][info][gc,heap        ] GC(199) PSYoungGen: 191840K(266752K)->132448K(273408K) Eden: 66048K(66048K)->0K(71680K) From: 125792K(200704K)->132448K(201728K)
[26.220s][info][gc,heap        ] GC(199) ParOldGen: 3880079K(4046336K)->3940007K(4046336K)
[26.220s][info][gc,metaspace   ] GC(199) Metaspace: 6297K(6464K)->6297K(6464K) NonClass: 5764K(5824K)->5764K(5824K) Class: 533K(640K)->533K(640K)
[26.221s][info][gc             ] GC(199) Pause Young (Allocation Failure) 3976M->3977M(4218M) 120.784ms
[26.221s][info][gc,cpu         ] GC(199) User=0.70s Sys=0.17s Real=0.12s
[26.221s][info][gc,start       ] GC(200) Pause Full (Ergonomics)
[26.221s][info][gc,phases,start] GC(200) Marking Phase
[27.158s][info][gc,phases      ] GC(200) Marking Phase 937.510ms
[27.158s][info][gc,phases,start] GC(200) Summary Phase
[27.158s][info][gc,phases      ] GC(200) Summary Phase 0.062ms
[27.158s][info][gc,phases,start] GC(200) Adjust Roots
[27.158s][info][gc,phases      ] GC(200) Adjust Roots 0.188ms
[27.158s][info][gc,phases,start] GC(200) Compaction Phase
[27.587s][info][gc,phases      ] GC(200) Compaction Phase 428.552ms
[27.587s][info][gc,phases,start] GC(200) Post Compact
[27.595s][info][gc,phases      ] GC(200) Post Compact 8.362ms
[27.599s][info][gc,heap        ] GC(200) PSYoungGen: 132448K(273408K)->23715K(273408K) Eden: 0K(71680K)->0K(71680K) From: 132448K(201728K)->23715K(201728K)
[27.599s][info][gc,heap        ] GC(200) ParOldGen: 3940007K(4046336K)->4045846K(4453376K)
[27.599s][info][gc,metaspace   ] GC(200) Metaspace: 6297K(6464K)->6297K(6464K) NonClass: 5764K(5824K)->5764K(5824K) Class: 533K(640K)->533K(640K)
[27.599s][info][gc             ] GC(200) Pause Full (Ergonomics) 3977M->3974M(4616M) 1378.840ms
[27.599s][info][gc,cpu         ] GC(200) User=9.58s Sys=0.19s Real=1.38s
[27.683s][info][gc,start       ] GC(201) Pause Young (Allocation Failure)
[27.906s][info][gc,heap        ] GC(201) PSYoungGen: 95395K(273408K)->87392K(159232K) Eden: 71680K(71680K)->0K(71680K) From: 23715K(201728K)->87392K(87552K)
[27.906s][info][gc,heap        ] GC(201) ParOldGen: 4045846K(4453376K)->4054238K(4453376K)
[27.906s][info][gc,metaspace   ] GC(201) Metaspace: 6297K(6464K)->6297K(6464K) NonClass: 5764K(5824K)->5764K(5824K) Class: 533K(640K)->533K(640K)
[27.906s][info][gc             ] GC(201) Pause Young (Allocation Failure) 4044M->4044M(4504M) 223.377ms
[27.906s][info][gc,cpu         ] GC(201) User=1.58s Sys=0.05s Real=0.22s
[27.977s][info][gc,start       ] GC(202) Pause Young (Allocation Failure)
[28.070s][info][gc,heap        ] GC(202) PSYoungGen: 159072K(159232K)->159168K(262656K) Eden: 71680K(71680K)->0K(66560K) From: 87392K(87552K)->159168K(196096K)
[28.070s][info][gc,heap        ] GC(202) ParOldGen: 4054238K(4453376K)->4054238K(4453376K)
[28.070s][info][gc,metaspace   ] GC(202) Metaspace: 6297K(6464K)->6297K(6464K) NonClass: 5764K(5824K)->5764K(5824K) Class: 533K(640K)->533K(640K)
[28.070s][info][gc             ] GC(202) Pause Young (Allocation Failure) 4114M->4114M(4605M) 93.389ms
[28.070s][info][gc,cpu         ] GC(202) User=0.42s Sys=0.11s Real=0.09s
[28.143s][info][gc,start       ] GC(203) Pause Young (Allocation Failure)
[28.258s][info][gc,heap        ] GC(203) PSYoungGen: 225728K(262656K)->208384K(274944K) Eden: 66560K(66560K)->0K(66560K) From: 159168K(196096K)->208384K(208384K)
[28.258s][info][gc,heap        ] GC(203) ParOldGen: 4054238K(4453376K)->4071782K(4453376K)
[28.258s][info][gc,metaspace   ] GC(203) Metaspace: 6297K(6464K)->6297K(6464K) NonClass: 5764K(5824K)->5764K(5824K) Class: 533K(640K)->533K(640K)
[28.258s][info][gc             ] GC(203) Pause Young (Allocation Failure) 4179M->4179M(4617M) 114.432ms
[28.258s][info][gc,cpu         ] GC(203) User=0.69s Sys=0.05s Real=0.11s
[28.340s][info][gc,start       ] GC(204) Pause Young (Allocation Failure)
[28.550s][info][gc,heap        ] GC(204) PSYoungGen: 274944K(274944K)->195648K(300032K) Eden: 66560K(66560K)->0K(57344K) From: 208384K(208384K)->195648K(242688K)
[28.550s][info][gc,heap        ] GC(204) ParOldGen: 4071782K(4453376K)->4151910K(4453376K)
[28.550s][info][gc,metaspace   ] GC(204) Metaspace: 6297K(6464K)->6297K(6464K) NonClass: 5764K(5824K)->5764K(5824K) Class: 533K(640K)->533K(640K)
[28.550s][info][gc             ] GC(204) Pause Young (Allocation Failure) 4244M->4245M(4642M) 209.151ms
[28.550s][info][gc,cpu         ] GC(204) User=0.89s Sys=0.77s Real=0.21s
[28.610s][info][gc,start       ] GC(205) Pause Young (Allocation Failure)
[28.776s][info][gc,heap        ] GC(205) PSYoungGen: 252992K(300032K)->186912K(316416K) Eden: 57344K(57344K)->0K(57344K) From: 195648K(242688K)->186912K(259072K)
[28.776s][info][gc,heap        ] GC(205) ParOldGen: 4151910K(4453376K)->4218574K(4453376K)
[28.776s][info][gc,metaspace   ] GC(205) Metaspace: 6297K(6464K)->6297K(6464K) NonClass: 5764K(5824K)->5764K(5824K) Class: 533K(640K)->533K(640K)
[28.776s][info][gc             ] GC(205) Pause Young (Allocation Failure) 4301M->4302M(4658M) 166.115ms
[28.776s][info][gc,cpu         ] GC(205) User=0.88s Sys=0.39s Real=0.17s
[28.832s][info][gc,start       ] GC(206) Pause Young (Allocation Failure)
[29.039s][info][gc,heap        ] GC(206) PSYoungGen: 244256K(316416K)->114976K(312832K) Eden: 57344K(57344K)->0K(65536K) From: 186912K(259072K)->114976K(247296K)
[29.039s][info][gc,heap        ] GC(206) ParOldGen: 4218574K(4453376K)->4348846K(4453376K)
[29.039s][info][gc,metaspace   ] GC(206) Metaspace: 6297K(6464K)->6297K(6464K) NonClass: 5764K(5824K)->5764K(5824K) Class: 533K(640K)->533K(640K)
[29.039s][info][gc             ] GC(206) Pause Young (Allocation Failure) 4358M->4359M(4654M) 206.507ms
[29.039s][info][gc,cpu         ] GC(206) User=0.91s Sys=0.61s Real=0.21s
[29.039s][info][gc,start       ] GC(207) Pause Full (Ergonomics)
[29.039s][info][gc,phases,start] GC(207) Marking Phase
[30.027s][info][gc,phases      ] GC(207) Marking Phase 988.376ms
[30.028s][info][gc,phases,start] GC(207) Summary Phase
[30.028s][info][gc,phases      ] GC(207) Summary Phase 0.082ms
[30.028s][info][gc,phases,start] GC(207) Adjust Roots
[30.028s][info][gc,phases      ] GC(207) Adjust Roots 0.172ms
[30.028s][info][gc,phases,start] GC(207) Compaction Phase
[30.463s][info][gc,phases      ] GC(207) Compaction Phase 434.871ms
[30.463s][info][gc,phases,start] GC(207) Post Compact
[30.470s][info][gc,phases      ] GC(207) Post Compact 7.016ms
[30.470s][info][gc,heap        ] GC(207) PSYoungGen: 114976K(312832K)->7336K(321536K) Eden: 0K(65536K)->0K(74240K) From: 114976K(247296K)->7336K(247296K)
[30.470s][info][gc,heap        ] GC(207) ParOldGen: 4348846K(4453376K)->4453210K(4505600K)
[30.470s][info][gc,metaspace   ] GC(207) Metaspace: 6297K(6464K)->6297K(6464K) NonClass: 5764K(5824K)->5764K(5824K) Class: 533K(640K)->533K(640K)
[30.470s][info][gc             ] GC(207) Pause Full (Ergonomics) 4359M->4356M(4714M) 1431.305ms
[30.470s][info][gc,cpu         ] GC(207) User=10.50s Sys=0.22s Real=1.43s
[30.551s][info][gc,start       ] GC(208) Pause Full (Ergonomics)
[30.551s][info][gc,phases,start] GC(208) Marking Phase
[31.576s][info][gc,phases      ] GC(208) Marking Phase 1025.091ms
[31.576s][info][gc,phases,start] GC(208) Summary Phase
[31.576s][info][gc,phases      ] GC(208) Summary Phase 0.051ms
[31.576s][info][gc,phases,start] GC(208) Adjust Roots
[31.576s][info][gc,phases      ] GC(208) Adjust Roots 0.159ms
[31.576s][info][gc,phases,start] GC(208) Compaction Phase
[31.897s][info][gc,phases      ] GC(208) Compaction Phase 321.326ms
[31.898s][info][gc,phases,start] GC(208) Post Compact
[31.904s][info][gc,phases      ] GC(208) Post Compact 6.044ms
[31.904s][info][gc,heap        ] GC(208) PSYoungGen: 81576K(321536K)->29341K(331776K) Eden: 74240K(74240K)->29341K(74240K) From: 7336K(247296K)->0K(257536K)
[31.904s][info][gc,heap        ] GC(208) ParOldGen: 4453210K(4505600K)->4505410K(4505600K)
[31.904s][info][gc,metaspace   ] GC(208) Metaspace: 6297K(6464K)->6297K(6464K) NonClass: 5764K(5824K)->5764K(5824K) Class: 533K(640K)->533K(640K)
[31.904s][info][gc             ] GC(208) Pause Full (Ergonomics) 4428M->4428M(4724M) 1353.066ms
[31.904s][info][gc,cpu         ] GC(208) User=10.09s Sys=0.11s Real=1.35s
[31.960s][info][gc,start       ] GC(209) Pause Full (Ergonomics)
[31.960s][info][gc,phases,start] GC(209) Marking Phase
[33.008s][info][gc,phases      ] GC(209) Marking Phase 1048.066ms
[33.008s][info][gc,phases,start] GC(209) Summary Phase
[33.008s][info][gc,phases      ] GC(209) Summary Phase 0.052ms
[33.008s][info][gc,phases,start] GC(209) Adjust Roots
[33.009s][info][gc,phases      ] GC(209) Adjust Roots 0.177ms
[33.009s][info][gc,phases,start] GC(209) Compaction Phase
[33.354s][info][gc,phases      ] GC(209) Compaction Phase 345.909ms
[33.355s][info][gc,phases,start] GC(209) Post Compact
[33.361s][info][gc,phases      ] GC(209) Post Compact 6.790ms
[33.361s][info][gc,heap        ] GC(209) PSYoungGen: 74240K(331776K)->74222K(321536K) Eden: 74240K(74240K)->74222K(74240K) From: 0K(257536K)->0K(247296K)
[33.361s][info][gc,heap        ] GC(209) ParOldGen: 4505410K(4505600K)->4505410K(4505600K)
[33.361s][info][gc,metaspace   ] GC(209) Metaspace: 6297K(6464K)->6297K(6464K) NonClass: 5764K(5824K)->5764K(5824K) Class: 533K(640K)->533K(640K)
[33.361s][info][gc             ] GC(209) Pause Full (Ergonomics) 4472M->4472M(4714M) 1401.384ms
[33.362s][info][gc,cpu         ] GC(209) User=10.45s Sys=0.02s Real=1.40s
[33.362s][info][gc,start       ] GC(210) Pause Full (Ergonomics)
[33.362s][info][gc,phases,start] GC(210) Marking Phase
[34.402s][info][gc,phases      ] GC(210) Marking Phase 1040.274ms
[34.402s][info][gc,phases,start] GC(210) Summary Phase
[34.402s][info][gc,phases      ] GC(210) Summary Phase 0.051ms
[34.402s][info][gc,phases,start] GC(210) Adjust Roots
[34.402s][info][gc,phases      ] GC(210) Adjust Roots 0.159ms
[34.402s][info][gc,phases,start] GC(210) Compaction Phase
[34.716s][info][gc,phases      ] GC(210) Compaction Phase 313.231ms
[34.716s][info][gc,phases,start] GC(210) Post Compact
[34.722s][info][gc,phases      ] GC(210) Post Compact 6.283ms
[34.722s][info][gc,heap        ] GC(210) PSYoungGen: 74240K(321536K)->74239K(331776K) Eden: 74240K(74240K)->74239K(74240K) From: 0K(247296K)->0K(257536K)
[34.722s][info][gc,heap        ] GC(210) ParOldGen: 4505410K(4505600K)->4505410K(4505600K)
[34.722s][info][gc,metaspace   ] GC(210) Metaspace: 6297K(6464K)->6297K(6464K) NonClass: 5764K(5824K)->5764K(5824K) Class: 533K(640K)->533K(640K)
[34.722s][info][gc             ] GC(210) Pause Full (Ergonomics) 4472M->4472M(4724M) 1360.304ms
[34.722s][info][gc,cpu         ] GC(210) User=10.31s Sys=0.00s Real=1.36s
[34.722s][info][gc,start       ] GC(211) Pause Full (Ergonomics)
[34.722s][info][gc,phases,start] GC(211) Marking Phase
[35.754s][info][gc,phases      ] GC(211) Marking Phase 1031.599ms
[35.754s][info][gc,phases,start] GC(211) Summary Phase
[35.754s][info][gc,phases      ] GC(211) Summary Phase 0.050ms
[35.754s][info][gc,phases,start] GC(211) Adjust Roots
[35.754s][info][gc,phases      ] GC(211) Adjust Roots 0.159ms
[35.754s][info][gc,phases,start] GC(211) Compaction Phase
[36.063s][info][gc,phases      ] GC(211) Compaction Phase 308.447ms
[36.063s][info][gc,phases,start] GC(211) Post Compact
[36.069s][info][gc,phases      ] GC(211) Post Compact 6.685ms
[36.069s][info][gc,heap        ] GC(211) PSYoungGen: 74239K(331776K)->74239K(321536K) Eden: 74239K(74240K)->74239K(74240K) From: 0K(257536K)->0K(247296K)
[36.069s][info][gc,heap        ] GC(211) ParOldGen: 4505410K(4505600K)->4505410K(4505600K)
[36.069s][info][gc,metaspace   ] GC(211) Metaspace: 6297K(6464K)->6297K(6464K) NonClass: 5764K(5824K)->5764K(5824K) Class: 533K(640K)->533K(640K)
[36.069s][info][gc             ] GC(211) Pause Full (Ergonomics) 4472M->4472M(4714M) 1347.237ms
[36.069s][info][gc,cpu         ] GC(211) User=10.27s Sys=0.00s Real=1.35s
[36.070s][info][gc,start       ] GC(212) Pause Full (Ergonomics)
[36.070s][info][gc,phases,start] GC(212) Marking Phase
[37.124s][info][gc,phases      ] GC(212) Marking Phase 1054.858ms
[37.125s][info][gc,phases,start] GC(212) Summary Phase
[37.125s][info][gc,phases      ] GC(212) Summary Phase 0.077ms
[37.125s][info][gc,phases,start] GC(212) Adjust Roots
[37.125s][info][gc,phases      ] GC(212) Adjust Roots 0.251ms
[37.125s][info][gc,phases,start] GC(212) Compaction Phase
[37.436s][info][gc,phases      ] GC(212) Compaction Phase 310.945ms
[37.436s][info][gc,phases,start] GC(212) Post Compact
[37.442s][info][gc,phases      ] GC(212) Post Compact 6.503ms
[37.442s][info][gc,heap        ] GC(212) PSYoungGen: 74239K(321536K)->74239K(331776K) Eden: 74239K(74240K)->74239K(74240K) From: 0K(247296K)->0K(257536K)
[37.442s][info][gc,heap        ] GC(212) ParOldGen: 4505414K(4505600K)->4505414K(4505600K)
[37.443s][info][gc,metaspace   ] GC(212) Metaspace: 6297K(6464K)->6297K(6464K) NonClass: 5764K(5824K)->5764K(5824K) Class: 533K(640K)->533K(640K)
[37.443s][info][gc             ] GC(212) Pause Full (Ergonomics) 4472M->4472M(4724M) 1372.956ms
[37.443s][info][gc,cpu         ] GC(212) User=10.59s Sys=0.00s Real=1.37s
[37.443s][info][gc,start       ] GC(213) Pause Full (Ergonomics)
[37.443s][info][gc,phases,start] GC(213) Marking Phase
[38.476s][info][gc,phases      ] GC(213) Marking Phase 1032.782ms
[38.476s][info][gc,phases,start] GC(213) Summary Phase
[38.476s][info][gc,phases      ] GC(213) Summary Phase 0.060ms
[38.476s][info][gc,phases,start] GC(213) Adjust Roots
[38.476s][info][gc,phases      ] GC(213) Adjust Roots 0.183ms
[38.476s][info][gc,phases,start] GC(213) Compaction Phase
[38.836s][info][gc,phases      ] GC(213) Compaction Phase 359.931ms
[38.836s][info][gc,phases,start] GC(213) Post Compact
[38.843s][info][gc,phases      ] GC(213) Post Compact 6.629ms
[38.843s][info][gc,heap        ] GC(213) PSYoungGen: 74239K(331776K)->74239K(321536K) Eden: 74239K(74240K)->74239K(74240K) From: 0K(257536K)->0K(247296K)
[38.843s][info][gc,heap        ] GC(213) ParOldGen: 4505419K(4505600K)->4505419K(4505600K)
[38.843s][info][gc,metaspace   ] GC(213) Metaspace: 6297K(6464K)->6297K(6464K) NonClass: 5764K(5824K)->5764K(5824K) Class: 533K(640K)->533K(640K)
[38.843s][info][gc             ] GC(213) Pause Full (Ergonomics) 4472M->4472M(4714M) 1399.894ms
[38.843s][info][gc,cpu         ] GC(213) User=10.20s Sys=0.00s Real=1.40s
[38.843s][info][gc,start       ] GC(214) Pause Full (Ergonomics)
[38.843s][info][gc,phases,start] GC(214) Marking Phase
[39.904s][info][gc,phases      ] GC(214) Marking Phase 1060.730ms
[39.904s][info][gc,phases,start] GC(214) Summary Phase
[39.904s][info][gc,phases      ] GC(214) Summary Phase 0.051ms
[39.904s][info][gc,phases,start] GC(214) Adjust Roots
[39.904s][info][gc,phases      ] GC(214) Adjust Roots 0.163ms
[39.904s][info][gc,phases,start] GC(214) Compaction Phase
[40.271s][info][gc,phases      ] GC(214) Compaction Phase 366.595ms
[40.271s][info][gc,phases,start] GC(214) Post Compact
[40.277s][info][gc,phases      ] GC(214) Post Compact 6.496ms
[40.277s][info][gc,heap        ] GC(214) PSYoungGen: 74239K(321536K)->74239K(331776K) Eden: 74239K(74240K)->74239K(74240K) From: 0K(247296K)->0K(257536K)
[40.277s][info][gc,heap        ] GC(214) ParOldGen: 4505424K(4505600K)->4505424K(4505600K)
[40.277s][info][gc,metaspace   ] GC(214) Metaspace: 6297K(6464K)->6297K(6464K) NonClass: 5764K(5824K)->5764K(5824K) Class: 533K(640K)->533K(640K)
[40.277s][info][gc             ] GC(214) Pause Full (Ergonomics) 4472M->4472M(4724M) 1434.319ms
[40.277s][info][gc,cpu         ] GC(214) User=10.62s Sys=0.00s Real=1.43s
[40.277s][info][gc,start       ] GC(215) Pause Full (Ergonomics)
[40.277s][info][gc,phases,start] GC(215) Marking Phase
[41.338s][info][gc,phases      ] GC(215) Marking Phase 1060.355ms
[41.338s][info][gc,phases,start] GC(215) Summary Phase
[41.338s][info][gc,phases      ] GC(215) Summary Phase 0.085ms
[41.338s][info][gc,phases,start] GC(215) Adjust Roots
[41.338s][info][gc,phases      ] GC(215) Adjust Roots 0.222ms
[41.338s][info][gc,phases,start] GC(215) Compaction Phase
[41.666s][info][gc,phases      ] GC(215) Compaction Phase 328.313ms
[41.667s][info][gc,phases,start] GC(215) Post Compact
[41.673s][info][gc,phases      ] GC(215) Post Compact 6.627ms
[41.673s][info][gc,heap        ] GC(215) PSYoungGen: 74239K(331776K)->74239K(321536K) Eden: 74239K(74240K)->74239K(74240K) From: 0K(257536K)->0K(247296K)
[41.673s][info][gc,heap        ] GC(215) ParOldGen: 4505429K(4505600K)->4505429K(4505600K)
[41.673s][info][gc,metaspace   ] GC(215) Metaspace: 6297K(6464K)->6297K(6464K) NonClass: 5764K(5824K)->5764K(5824K) Class: 533K(640K)->533K(640K)
[41.673s][info][gc             ] GC(215) Pause Full (Ergonomics) 4472M->4472M(4714M) 1395.932ms
[41.673s][info][gc,cpu         ] GC(215) User=10.72s Sys=0.00s Real=1.40s
[41.673s][info][gc,start       ] GC(216) Pause Full (Ergonomics)
[41.673s][info][gc,phases,start] GC(216) Marking Phase
[42.730s][info][gc,phases      ] GC(216) Marking Phase 1056.856ms
[42.730s][info][gc,phases,start] GC(216) Summary Phase
[42.731s][info][gc,phases      ] GC(216) Summary Phase 0.092ms
[42.731s][info][gc,phases,start] GC(216) Adjust Roots
[42.731s][info][gc,phases      ] GC(216) Adjust Roots 0.291ms
[42.731s][info][gc,phases,start] GC(216) Compaction Phase
[43.056s][info][gc,phases      ] GC(216) Compaction Phase 324.739ms
[43.056s][info][gc,phases,start] GC(216) Post Compact
[43.062s][info][gc,phases      ] GC(216) Post Compact 6.580ms
[43.062s][info][gc,heap        ] GC(216) PSYoungGen: 74239K(321536K)->74239K(331776K) Eden: 74239K(74240K)->74239K(74240K) From: 0K(247296K)->0K(257536K)
[43.062s][info][gc,heap        ] GC(216) ParOldGen: 4505434K(4505600K)->4505434K(4505600K)
[43.062s][info][gc,metaspace   ] GC(216) Metaspace: 6297K(6464K)->6297K(6464K) NonClass: 5764K(5824K)->5764K(5824K) Class: 533K(640K)->533K(640K)
[43.062s][info][gc             ] GC(216) Pause Full (Ergonomics) 4472M->4472M(4724M) 1388.967ms
[43.062s][info][gc,cpu         ] GC(216) User=10.47s Sys=0.02s Real=1.39s
[43.063s][info][gc,start       ] GC(217) Pause Full (Ergonomics)
[43.063s][info][gc,phases,start] GC(217) Marking Phase
[44.123s][info][gc,phases      ] GC(217) Marking Phase 1060.425ms
[44.123s][info][gc,phases,start] GC(217) Summary Phase
[44.123s][info][gc,phases      ] GC(217) Summary Phase 0.053ms
[44.123s][info][gc,phases,start] GC(217) Adjust Roots
[44.123s][info][gc,phases      ] GC(217) Adjust Roots 0.187ms
[44.123s][info][gc,phases,start] GC(217) Compaction Phase
[44.453s][info][gc,phases      ] GC(217) Compaction Phase 329.926ms
[44.453s][info][gc,phases,start] GC(217) Post Compact
[44.460s][info][gc,phases      ] GC(217) Post Compact 6.914ms
[44.460s][info][gc,heap        ] GC(217) PSYoungGen: 74239K(331776K)->74239K(321536K) Eden: 74239K(74240K)->74239K(74240K) From: 0K(257536K)->0K(247296K)
[44.461s][info][gc,heap        ] GC(217) ParOldGen: 4505439K(4505600K)->4505439K(4505600K)
[44.461s][info][gc,metaspace   ] GC(217) Metaspace: 6297K(6464K)->6297K(6464K) NonClass: 5764K(5824K)->5764K(5824K) Class: 533K(640K)->533K(640K)
[44.461s][info][gc             ] GC(217) Pause Full (Ergonomics) 4472M->4472M(4714M) 1397.892ms
[44.461s][info][gc,cpu         ] GC(217) User=10.80s Sys=0.05s Real=1.40s
[44.461s][info][gc,start       ] GC(218) Pause Full (Ergonomics)
[44.461s][info][gc,phases,start] GC(218) Marking Phase
[45.524s][info][gc,phases      ] GC(218) Marking Phase 1062.826ms
[45.524s][info][gc,phases,start] GC(218) Summary Phase
[45.524s][info][gc,phases      ] GC(218) Summary Phase 0.060ms
[45.524s][info][gc,phases,start] GC(218) Adjust Roots
[45.524s][info][gc,phases      ] GC(218) Adjust Roots 0.264ms
[45.524s][info][gc,phases,start] GC(218) Compaction Phase
[45.858s][info][gc,phases      ] GC(218) Compaction Phase 333.666ms
[45.858s][info][gc,phases,start] GC(218) Post Compact
[45.864s][info][gc,phases      ] GC(218) Post Compact 6.548ms
[45.864s][info][gc,heap        ] GC(218) PSYoungGen: 74239K(321536K)->74239K(331776K) Eden: 74239K(74240K)->74239K(74240K) From: 0K(247296K)->0K(257536K)
[45.865s][info][gc,heap        ] GC(218) ParOldGen: 4505443K(4505600K)->4505443K(4505600K)
[45.865s][info][gc,metaspace   ] GC(218) Metaspace: 6297K(6464K)->6297K(6464K) NonClass: 5764K(5824K)->5764K(5824K) Class: 533K(640K)->533K(640K)
[45.865s][info][gc             ] GC(218) Pause Full (Ergonomics) 4472M->4472M(4724M) 1403.740ms
[45.865s][info][gc,cpu         ] GC(218) User=10.73s Sys=0.00s Real=1.40s
[45.865s][info][gc,start       ] GC(219) Pause Full (Ergonomics)
[45.865s][info][gc,phases,start] GC(219) Marking Phase
[46.936s][info][gc,phases      ] GC(219) Marking Phase 1070.738ms
[46.936s][info][gc,phases,start] GC(219) Summary Phase
[46.936s][info][gc,phases      ] GC(219) Summary Phase 0.055ms
[46.936s][info][gc,phases,start] GC(219) Adjust Roots
[46.936s][info][gc,phases      ] GC(219) Adjust Roots 0.172ms
[46.936s][info][gc,phases,start] GC(219) Compaction Phase
[47.253s][info][gc,phases      ] GC(219) Compaction Phase 316.750ms
[47.253s][info][gc,phases,start] GC(219) Post Compact
[47.259s][info][gc,phases      ] GC(219) Post Compact 6.619ms
[47.259s][info][gc,heap        ] GC(219) PSYoungGen: 74239K(331776K)->74239K(321536K) Eden: 74239K(74240K)->74239K(74240K) From: 0K(257536K)->0K(247296K)
[47.259s][info][gc,heap        ] GC(219) ParOldGen: 4505448K(4505600K)->4505448K(4505600K)
[47.259s][info][gc,metaspace   ] GC(219) Metaspace: 6297K(6464K)->6297K(6464K) NonClass: 5764K(5824K)->5764K(5824K) Class: 533K(640K)->533K(640K)
[47.260s][info][gc             ] GC(219) Pause Full (Ergonomics) 4472M->4472M(4714M) 1394.709ms
[47.260s][info][gc,cpu         ] GC(219) User=10.62s Sys=0.00s Real=1.39s
[47.260s][info][gc,start       ] GC(220) Pause Full (Ergonomics)
[47.260s][info][gc,phases,start] GC(220) Marking Phase
[48.334s][info][gc,phases      ] GC(220) Marking Phase 1074.598ms
[48.334s][info][gc,phases,start] GC(220) Summary Phase
[48.334s][info][gc,phases      ] GC(220) Summary Phase 0.051ms
[48.334s][info][gc,phases,start] GC(220) Adjust Roots
[48.335s][info][gc,phases      ] GC(220) Adjust Roots 0.190ms
[48.335s][info][gc,phases,start] GC(220) Compaction Phase
[48.662s][info][gc,phases      ] GC(220) Compaction Phase 327.312ms
[48.662s][info][gc,phases,start] GC(220) Post Compact
[48.669s][info][gc,phases      ] GC(220) Post Compact 6.595ms
[48.669s][info][gc,heap        ] GC(220) PSYoungGen: 74239K(321536K)->74239K(331776K) Eden: 74239K(74240K)->74239K(74240K) From: 0K(247296K)->0K(257536K)
[48.669s][info][gc,heap        ] GC(220) ParOldGen: 4505453K(4505600K)->4505453K(4505600K)
[48.669s][info][gc,metaspace   ] GC(220) Metaspace: 6297K(6464K)->6297K(6464K) NonClass: 5764K(5824K)->5764K(5824K) Class: 533K(640K)->533K(640K)
[48.669s][info][gc             ] GC(220) Pause Full (Ergonomics) 4472M->4472M(4724M) 1409.084ms
[48.669s][info][gc,cpu         ] GC(220) User=10.80s Sys=0.00s Real=1.41s
[48.669s][info][gc,start       ] GC(221) Pause Full (Ergonomics)
[48.669s][info][gc,phases,start] GC(221) Marking Phase
[49.782s][info][gc,phases      ] GC(221) Marking Phase 1112.471ms
[49.782s][info][gc,phases,start] GC(221) Summary Phase
[49.782s][info][gc,phases      ] GC(221) Summary Phase 0.058ms
[49.782s][info][gc,phases,start] GC(221) Adjust Roots
[49.782s][info][gc,phases      ] GC(221) Adjust Roots 0.205ms
[49.782s][info][gc,phases,start] GC(221) Compaction Phase
[50.114s][info][gc,phases      ] GC(221) Compaction Phase 332.183ms
[50.114s][info][gc,phases,start] GC(221) Post Compact
[50.121s][info][gc,phases      ] GC(221) Post Compact 6.827ms
[50.121s][info][gc,heap        ] GC(221) PSYoungGen: 74239K(331776K)->74239K(321536K) Eden: 74239K(74240K)->74239K(74240K) From: 0K(257536K)->0K(247296K)
[50.121s][info][gc,heap        ] GC(221) ParOldGen: 4505458K(4505600K)->4505458K(4505600K)
[50.121s][info][gc,metaspace   ] GC(221) Metaspace: 6297K(6464K)->6297K(6464K) NonClass: 5764K(5824K)->5764K(5824K) Class: 533K(640K)->533K(640K)
[50.121s][info][gc             ] GC(221) Pause Full (Ergonomics) 4472M->4472M(4714M) 1452.075ms
[50.121s][info][gc,cpu         ] GC(221) User=11.19s Sys=0.00s Real=1.45s
[50.121s][info][gc,start       ] GC(222) Pause Full (Ergonomics)
[50.121s][info][gc,phases,start] GC(222) Marking Phase
[51.199s][info][gc,phases      ] GC(222) Marking Phase 1077.256ms
[51.199s][info][gc,phases,start] GC(222) Summary Phase
[51.199s][info][gc,phases      ] GC(222) Summary Phase 0.066ms
[51.199s][info][gc,phases,start] GC(222) Adjust Roots
[51.199s][info][gc,phases      ] GC(222) Adjust Roots 0.272ms
[51.199s][info][gc,phases,start] GC(222) Compaction Phase
[51.578s][info][gc,phases      ] GC(222) Compaction Phase 379.212ms
[51.578s][info][gc,phases,start] GC(222) Post Compact
[51.585s][info][gc,phases      ] GC(222) Post Compact 6.802ms
[51.585s][info][gc,heap        ] GC(222) PSYoungGen: 74239K(321536K)->74239K(331776K) Eden: 74239K(74240K)->74239K(74240K) From: 0K(247296K)->0K(257536K)
[51.585s][info][gc,heap        ] GC(222) ParOldGen: 4505463K(4505600K)->4505463K(4505600K)
[51.585s][info][gc,metaspace   ] GC(222) Metaspace: 6297K(6464K)->6297K(6464K) NonClass: 5764K(5824K)->5764K(5824K) Class: 533K(640K)->533K(640K)
[51.585s][info][gc             ] GC(222) Pause Full (Ergonomics) 4472M->4472M(4724M) 1463.961ms
[51.585s][info][gc,cpu         ] GC(222) User=10.80s Sys=0.00s Real=1.46s
[51.585s][info][gc,start       ] GC(223) Pause Full (Ergonomics)
[51.585s][info][gc,phases,start] GC(223) Marking Phase
[52.656s][info][gc,phases      ] GC(223) Marking Phase 1070.284ms
[52.656s][info][gc,phases,start] GC(223) Summary Phase
[52.656s][info][gc,phases      ] GC(223) Summary Phase 0.073ms
[52.656s][info][gc,phases,start] GC(223) Adjust Roots
[52.656s][info][gc,phases      ] GC(223) Adjust Roots 0.297ms
[52.656s][info][gc,phases,start] GC(223) Compaction Phase
[52.990s][info][gc,phases      ] GC(223) Compaction Phase 333.442ms
[52.990s][info][gc,phases,start] GC(223) Post Compact
[52.997s][info][gc,phases      ] GC(223) Post Compact 6.822ms
[52.997s][info][gc,heap        ] GC(223) PSYoungGen: 74239K(331776K)->74239K(321536K) Eden: 74239K(74240K)->74239K(74240K) From: 0K(257536K)->0K(247296K)
[52.997s][info][gc,heap        ] GC(223) ParOldGen: 4505468K(4505600K)->4505468K(4505600K)
[52.997s][info][gc,metaspace   ] GC(223) Metaspace: 6297K(6464K)->6297K(6464K) NonClass: 5764K(5824K)->5764K(5824K) Class: 533K(640K)->533K(640K)
[52.997s][info][gc             ] GC(223) Pause Full (Ergonomics) 4472M->4472M(4714M) 1411.280ms
[52.997s][info][gc,cpu         ] GC(223) User=10.72s Sys=0.02s Real=1.41s
[52.997s][info][gc,start       ] GC(224) Pause Full (Ergonomics)
[52.997s][info][gc,phases,start] GC(224) Marking Phase
[54.067s][info][gc,phases      ] GC(224) Marking Phase 1069.848ms
[54.067s][info][gc,phases,start] GC(224) Summary Phase
[54.067s][info][gc,phases      ] GC(224) Summary Phase 0.055ms
[54.067s][info][gc,phases,start] GC(224) Adjust Roots
[54.067s][info][gc,phases      ] GC(224) Adjust Roots 0.181ms
[54.067s][info][gc,phases,start] GC(224) Compaction Phase
[54.409s][info][gc,phases      ] GC(224) Compaction Phase 341.319ms
[54.409s][info][gc,phases,start] GC(224) Post Compact
[54.415s][info][gc,phases      ] GC(224) Post Compact 6.614ms
[54.415s][info][gc,heap        ] GC(224) PSYoungGen: 74239K(321536K)->74239K(331776K) Eden: 74239K(74240K)->74239K(74240K) From: 0K(247296K)->0K(257536K)
[54.415s][info][gc,heap        ] GC(224) ParOldGen: 4505472K(4505600K)->4505472K(4505600K)
[54.415s][info][gc,metaspace   ] GC(224) Metaspace: 6297K(6464K)->6297K(6464K) NonClass: 5764K(5824K)->5764K(5824K) Class: 533K(640K)->533K(640K)
[54.415s][info][gc             ] GC(224) Pause Full (Ergonomics) 4472M->4472M(4724M) 1418.324ms
[54.415s][info][gc,cpu         ] GC(224) User=10.66s Sys=0.00s Real=1.42s
[54.415s][info][gc,start       ] GC(225) Pause Full (Ergonomics)
[54.416s][info][gc,phases,start] GC(225) Marking Phase
[55.502s][info][gc,phases      ] GC(225) Marking Phase 1086.133ms
[55.502s][info][gc,phases,start] GC(225) Summary Phase
[55.502s][info][gc,phases      ] GC(225) Summary Phase 0.051ms
[55.502s][info][gc,phases,start] GC(225) Adjust Roots
[55.502s][info][gc,phases      ] GC(225) Adjust Roots 0.169ms
[55.502s][info][gc,phases,start] GC(225) Compaction Phase
[55.865s][info][gc,phases      ] GC(225) Compaction Phase 362.918ms
[55.865s][info][gc,phases,start] GC(225) Post Compact
[55.871s][info][gc,phases      ] GC(225) Post Compact 6.529ms
[55.872s][info][gc,heap        ] GC(225) PSYoungGen: 74239K(331776K)->74239K(321536K) Eden: 74239K(74240K)->74239K(74240K) From: 0K(257536K)->0K(247296K)
[55.872s][info][gc,heap        ] GC(225) ParOldGen: 4505477K(4505600K)->4505477K(4505600K)
[55.872s][info][gc,metaspace   ] GC(225) Metaspace: 6297K(6464K)->6297K(6464K) NonClass: 5764K(5824K)->5764K(5824K) Class: 533K(640K)->533K(640K)
[55.872s][info][gc             ] GC(225) Pause Full (Ergonomics) 4472M->4472M(4714M) 1456.088ms
[55.872s][info][gc,cpu         ] GC(225) User=10.88s Sys=0.02s Real=1.45s
[55.872s][info][gc,start       ] GC(226) Pause Full (Ergonomics)
[55.872s][info][gc,phases,start] GC(226) Marking Phase
[56.934s][info][gc,phases      ] GC(226) Marking Phase 1062.577ms
[56.934s][info][gc,phases,start] GC(226) Summary Phase
[56.935s][info][gc,phases      ] GC(226) Summary Phase 0.051ms
[56.935s][info][gc,phases,start] GC(226) Adjust Roots
[56.935s][info][gc,phases      ] GC(226) Adjust Roots 0.176ms
[56.935s][info][gc,phases,start] GC(226) Compaction Phase
[57.284s][info][gc,phases      ] GC(226) Compaction Phase 349.245ms
[57.284s][info][gc,phases,start] GC(226) Post Compact
[57.291s][info][gc,phases      ] GC(226) Post Compact 6.706ms
[57.291s][info][gc,heap        ] GC(226) PSYoungGen: 74239K(321536K)->74239K(331776K) Eden: 74239K(74240K)->74239K(74240K) From: 0K(247296K)->0K(257536K)
[57.291s][info][gc,heap        ] GC(226) ParOldGen: 4505482K(4505600K)->4505482K(4505600K)
[57.291s][info][gc,metaspace   ] GC(226) Metaspace: 6297K(6464K)->6297K(6464K) NonClass: 5764K(5824K)->5764K(5824K) Class: 533K(640K)->533K(640K)
[57.291s][info][gc             ] GC(226) Pause Full (Ergonomics) 4472M->4472M(4724M) 1419.037ms
[57.291s][info][gc,cpu         ] GC(226) User=10.80s Sys=0.02s Real=1.42s
[57.291s][info][gc,start       ] GC(227) Pause Full (Ergonomics)
[57.291s][info][gc,phases,start] GC(227) Marking Phase
[58.361s][info][gc,phases      ] GC(227) Marking Phase 1070.408ms
[58.362s][info][gc,phases,start] GC(227) Summary Phase
[58.362s][info][gc,phases      ] GC(227) Summary Phase 0.051ms
[58.362s][info][gc,phases,start] GC(227) Adjust Roots
[58.362s][info][gc,phases      ] GC(227) Adjust Roots 0.165ms
[58.362s][info][gc,phases,start] GC(227) Compaction Phase
[58.687s][info][gc,phases      ] GC(227) Compaction Phase 324.837ms
[58.687s][info][gc,phases,start] GC(227) Post Compact
[58.694s][info][gc,phases      ] GC(227) Post Compact 6.865ms
[58.694s][info][gc,heap        ] GC(227) PSYoungGen: 74239K(331776K)->74239K(321536K) Eden: 74239K(74240K)->74239K(74240K) From: 0K(257536K)->0K(247296K)
[58.694s][info][gc,heap        ] GC(227) ParOldGen: 4505487K(4505600K)->4505487K(4505600K)
[58.694s][info][gc,metaspace   ] GC(227) Metaspace: 6297K(6464K)->6297K(6464K) NonClass: 5764K(5824K)->5764K(5824K) Class: 533K(640K)->533K(640K)
[58.694s][info][gc             ] GC(227) Pause Full (Ergonomics) 4472M->4472M(4714M) 1402.676ms
[58.694s][info][gc,cpu         ] GC(227) User=10.77s Sys=0.00s Real=1.40s
[58.694s][info][gc,start       ] GC(228) Pause Full (Ergonomics)
[58.694s][info][gc,phases,start] GC(228) Marking Phase
[59.781s][info][gc,phases      ] GC(228) Marking Phase 1087.119ms
[59.781s][info][gc,phases,start] GC(228) Summary Phase
[59.781s][info][gc,phases      ] GC(228) Summary Phase 0.051ms
[59.781s][info][gc,phases,start] GC(228) Adjust Roots
[59.781s][info][gc,phases      ] GC(228) Adjust Roots 0.163ms
[59.781s][info][gc,phases,start] GC(228) Compaction Phase
[60.115s][info][gc,phases      ] GC(228) Compaction Phase 333.266ms
[60.115s][info][gc,phases,start] GC(228) Post Compact
[60.121s][info][gc,phases      ] GC(228) Post Compact 6.705ms
[60.121s][info][gc,heap        ] GC(228) PSYoungGen: 74239K(321536K)->74239K(331776K) Eden: 74239K(74240K)->74239K(74240K) From: 0K(247296K)->0K(257536K)
[60.121s][info][gc,heap        ] GC(228) ParOldGen: 4505492K(4505600K)->4505492K(4505600K)
[60.122s][info][gc,metaspace   ] GC(228) Metaspace: 6297K(6464K)->6297K(6464K) NonClass: 5764K(5824K)->5764K(5824K) Class: 533K(640K)->533K(640K)
[60.122s][info][gc             ] GC(228) Pause Full (Ergonomics) 4472M->4472M(4724M) 1427.591ms
[60.122s][info][gc,cpu         ] GC(228) User=10.89s Sys=0.00s Real=1.43s
[60.122s][info][gc,start       ] GC(229) Pause Full (Ergonomics)
[60.122s][info][gc,phases,start] GC(229) Marking Phase
[61.216s][info][gc,phases      ] GC(229) Marking Phase 1094.122ms
[61.216s][info][gc,phases,start] GC(229) Summary Phase
[61.216s][info][gc,phases      ] GC(229) Summary Phase 0.054ms
[61.216s][info][gc,phases,start] GC(229) Adjust Roots
[61.216s][info][gc,phases      ] GC(229) Adjust Roots 0.173ms
[61.216s][info][gc,phases,start] GC(229) Compaction Phase
[61.542s][info][gc,phases      ] GC(229) Compaction Phase 325.743ms
[61.542s][info][gc,phases,start] GC(229) Post Compact
[61.548s][info][gc,phases      ] GC(229) Post Compact 6.133ms
[61.548s][info][gc,heap        ] GC(229) PSYoungGen: 74239K(331776K)->74239K(321536K) Eden: 74239K(74240K)->74239K(74240K) From: 0K(257536K)->0K(247296K)
[61.548s][info][gc,heap        ] GC(229) ParOldGen: 4505497K(4505600K)->4505497K(4505600K)
[61.548s][info][gc,metaspace   ] GC(229) Metaspace: 6297K(6464K)->6297K(6464K) NonClass: 5764K(5824K)->5764K(5824K) Class: 533K(640K)->533K(640K)
[61.548s][info][gc             ] GC(229) Pause Full (Ergonomics) 4472M->4472M(4714M) 1426.545ms
[61.548s][info][gc,cpu         ] GC(229) User=11.03s Sys=0.00s Real=1.43s
[61.549s][info][gc,start       ] GC(230) Pause Full (Ergonomics)
[61.549s][info][gc,phases,start] GC(230) Marking Phase
[62.638s][info][gc,phases      ] GC(230) Marking Phase 1089.165ms
[62.638s][info][gc,phases,start] GC(230) Summary Phase
[62.638s][info][gc,phases      ] GC(230) Summary Phase 0.051ms
[62.638s][info][gc,phases,start] GC(230) Adjust Roots
[62.638s][info][gc,phases      ] GC(230) Adjust Roots 0.211ms
[62.638s][info][gc,phases,start] GC(230) Compaction Phase
[62.978s][info][gc,phases      ] GC(230) Compaction Phase 339.481ms
[62.978s][info][gc,phases,start] GC(230) Post Compact
[62.984s][info][gc,phases      ] GC(230) Post Compact 6.523ms
[62.984s][info][gc,heap        ] GC(230) PSYoungGen: 74239K(321536K)->74239K(331776K) Eden: 74239K(74240K)->74239K(74240K) From: 0K(247296K)->0K(257536K)
[62.984s][info][gc,heap        ] GC(230) ParOldGen: 4505501K(4505600K)->4505501K(4505600K)
[62.984s][info][gc,metaspace   ] GC(230) Metaspace: 6297K(6464K)->6297K(6464K) NonClass: 5764K(5824K)->5764K(5824K) Class: 533K(640K)->533K(640K)
[62.984s][info][gc             ] GC(230) Pause Full (Ergonomics) 4472M->4472M(4724M) 1435.745ms
[62.984s][info][gc,cpu         ] GC(230) User=10.75s Sys=0.02s Real=1.44s
[62.984s][info][gc,start       ] GC(231) Pause Full (Ergonomics)
[62.984s][info][gc,phases,start] GC(231) Marking Phase
[64.056s][info][gc,phases      ] GC(231) Marking Phase 1071.028ms
[64.056s][info][gc,phases,start] GC(231) Summary Phase
[64.056s][info][gc,phases      ] GC(231) Summary Phase 0.072ms
[64.056s][info][gc,phases,start] GC(231) Adjust Roots
[64.056s][info][gc,phases      ] GC(231) Adjust Roots 0.219ms
[64.056s][info][gc,phases,start] GC(231) Compaction Phase
[64.430s][info][gc,phases      ] GC(231) Compaction Phase 374.415ms
[64.430s][info][gc,phases,start] GC(231) Post Compact
[64.437s][info][gc,phases      ] GC(231) Post Compact 6.667ms
[64.437s][info][gc,heap        ] GC(231) PSYoungGen: 74239K(331776K)->74239K(321536K) Eden: 74239K(74240K)->74239K(74240K) From: 0K(257536K)->0K(247296K)
[64.437s][info][gc,heap        ] GC(231) ParOldGen: 4505506K(4505600K)->4505506K(4505600K)
[64.437s][info][gc,metaspace   ] GC(231) Metaspace: 6297K(6464K)->6297K(6464K) NonClass: 5764K(5824K)->5764K(5824K) Class: 533K(640K)->533K(640K)
[64.437s][info][gc             ] GC(231) Pause Full (Ergonomics) 4472M->4472M(4714M) 1452.709ms
[64.437s][info][gc,cpu         ] GC(231) User=10.58s Sys=0.00s Real=1.45s
[64.437s][info][gc,start       ] GC(232) Pause Full (Ergonomics)
[64.437s][info][gc,phases,start] GC(232) Marking Phase
[65.504s][info][gc,phases      ] GC(232) Marking Phase 1066.895ms
[65.504s][info][gc,phases,start] GC(232) Summary Phase
[65.504s][info][gc,phases      ] GC(232) Summary Phase 0.052ms
[65.504s][info][gc,phases,start] GC(232) Adjust Roots
[65.505s][info][gc,phases      ] GC(232) Adjust Roots 0.172ms
[65.505s][info][gc,phases,start] GC(232) Compaction Phase
[65.832s][info][gc,phases      ] GC(232) Compaction Phase 327.379ms
[65.832s][info][gc,phases,start] GC(232) Post Compact
[65.839s][info][gc,phases      ] GC(232) Post Compact 6.588ms
[65.839s][info][gc,heap        ] GC(232) PSYoungGen: 74239K(321536K)->74239K(331776K) Eden: 74239K(74240K)->74239K(74240K) From: 0K(247296K)->0K(257536K)
[65.839s][info][gc,heap        ] GC(232) ParOldGen: 4505511K(4505600K)->4505511K(4505600K)
[65.839s][info][gc,metaspace   ] GC(232) Metaspace: 6297K(6464K)->6297K(6464K) NonClass: 5764K(5824K)->5764K(5824K) Class: 533K(640K)->533K(640K)
[65.839s][info][gc             ] GC(232) Pause Full (Ergonomics) 4472M->4472M(4724M) 1401.403ms
[65.839s][info][gc,cpu         ] GC(232) User=10.81s Sys=0.00s Real=1.40s
[65.839s][info][gc,start       ] GC(233) Pause Full (Ergonomics)
[65.839s][info][gc,phases,start] GC(233) Marking Phase
[66.926s][info][gc,phases      ] GC(233) Marking Phase 1087.161ms
[66.926s][info][gc,phases,start] GC(233) Summary Phase
[66.926s][info][gc,phases      ] GC(233) Summary Phase 0.051ms
[66.926s][info][gc,phases,start] GC(233) Adjust Roots
[66.926s][info][gc,phases      ] GC(233) Adjust Roots 0.164ms
[66.926s][info][gc,phases,start] GC(233) Compaction Phase
[67.271s][info][gc,phases      ] GC(233) Compaction Phase 344.542ms
[67.271s][info][gc,phases,start] GC(233) Post Compact
[67.278s][info][gc,phases      ] GC(233) Post Compact 7.071ms
[67.278s][info][gc,heap        ] GC(233) PSYoungGen: 74239K(331776K)->74239K(321536K) Eden: 74239K(74240K)->74239K(74240K) From: 0K(257536K)->0K(247296K)
[67.278s][info][gc,heap        ] GC(233) ParOldGen: 4505516K(4505600K)->4505516K(4505600K)
[67.278s][info][gc,metaspace   ] GC(233) Metaspace: 6297K(6464K)->6297K(6464K) NonClass: 5764K(5824K)->5764K(5824K) Class: 533K(640K)->533K(640K)
[67.278s][info][gc             ] GC(233) Pause Full (Ergonomics) 4472M->4472M(4714M) 1439.279ms
[67.278s][info][gc,cpu         ] GC(233) User=10.91s Sys=0.00s Real=1.44s
[67.278s][info][gc,start       ] GC(234) Pause Full (Ergonomics)
[67.279s][info][gc,phases,start] GC(234) Marking Phase
[68.370s][info][gc,phases      ] GC(234) Marking Phase 1091.201ms
[68.370s][info][gc,phases,start] GC(234) Summary Phase
[68.370s][info][gc,phases      ] GC(234) Summary Phase 0.050ms
[68.370s][info][gc,phases,start] GC(234) Adjust Roots
[68.370s][info][gc,phases      ] GC(234) Adjust Roots 0.178ms
[68.370s][info][gc,phases,start] GC(234) Compaction Phase
[68.727s][info][gc,phases      ] GC(234) Compaction Phase 356.587ms
[68.727s][info][gc,phases,start] GC(234) Post Compact
[68.733s][info][gc,phases      ] GC(234) Post Compact 6.601ms
[68.733s][info][gc,heap        ] GC(234) PSYoungGen: 74239K(321536K)->74239K(331776K) Eden: 74239K(74240K)->74239K(74240K) From: 0K(247296K)->0K(257536K)
[68.733s][info][gc,heap        ] GC(234) ParOldGen: 4505521K(4505600K)->4505521K(4505600K)
[68.733s][info][gc,metaspace   ] GC(234) Metaspace: 6297K(6464K)->6297K(6464K) NonClass: 5764K(5824K)->5764K(5824K) Class: 533K(640K)->533K(640K)
[68.733s][info][gc             ] GC(234) Pause Full (Ergonomics) 4472M->4472M(4724M) 1454.936ms
[68.733s][info][gc,cpu         ] GC(234) User=10.95s Sys=0.00s Real=1.46s
[68.734s][info][gc,start       ] GC(235) Pause Full (Ergonomics)
[68.734s][info][gc,phases,start] GC(235) Marking Phase
[69.814s][info][gc,phases      ] GC(235) Marking Phase 1079.901ms
[69.814s][info][gc,phases,start] GC(235) Summary Phase
[69.814s][info][gc,phases      ] GC(235) Summary Phase 0.060ms
[69.814s][info][gc,phases,start] GC(235) Adjust Roots
[69.814s][info][gc,phases      ] GC(235) Adjust Roots 0.166ms
[69.814s][info][gc,phases,start] GC(235) Compaction Phase
[70.130s][info][gc,phases      ] GC(235) Compaction Phase 315.886ms
[70.130s][info][gc,phases,start] GC(235) Post Compact
[70.141s][info][gc,phases      ] GC(235) Post Compact 11.100ms
[70.141s][info][gc,heap        ] GC(235) PSYoungGen: 74239K(331776K)->74239K(321536K) Eden: 74239K(74240K)->74239K(74240K) From: 0K(257536K)->0K(247296K)
[70.141s][info][gc,heap        ] GC(235) ParOldGen: 4505526K(4505600K)->4505526K(4505600K)
[70.141s][info][gc,metaspace   ] GC(235) Metaspace: 6297K(6464K)->6297K(6464K) NonClass: 5764K(5824K)->5764K(5824K) Class: 533K(640K)->533K(640K)
[70.141s][info][gc             ] GC(235) Pause Full (Ergonomics) 4472M->4472M(4714M) 1407.517ms
[70.141s][info][gc,cpu         ] GC(235) User=10.86s Sys=0.00s Real=1.41s
[70.141s][info][gc,start       ] GC(236) Pause Full (Ergonomics)
[70.141s][info][gc,phases,start] GC(236) Marking Phase
[71.207s][info][gc,phases      ] GC(236) Marking Phase 1065.161ms
[71.207s][info][gc,phases,start] GC(236) Summary Phase
[71.207s][info][gc,phases      ] GC(236) Summary Phase 0.050ms
[71.207s][info][gc,phases,start] GC(236) Adjust Roots
[71.207s][info][gc,phases      ] GC(236) Adjust Roots 0.159ms
[71.207s][info][gc,phases,start] GC(236) Compaction Phase
[71.533s][info][gc,phases      ] GC(236) Compaction Phase 326.223ms
[71.533s][info][gc,phases,start] GC(236) Post Compact
[71.540s][info][gc,phases      ] GC(236) Post Compact 6.599ms
[71.540s][info][gc,heap        ] GC(236) PSYoungGen: 74239K(321536K)->74239K(331776K) Eden: 74239K(74240K)->74239K(74240K) From: 0K(247296K)->0K(257536K)
[71.540s][info][gc,heap        ] GC(236) ParOldGen: 4505530K(4505600K)->4505530K(4505600K)
[71.540s][info][gc,metaspace   ] GC(236) Metaspace: 6297K(6464K)->6297K(6464K) NonClass: 5764K(5824K)->5764K(5824K) Class: 533K(640K)->533K(640K)
[71.540s][info][gc             ] GC(236) Pause Full (Ergonomics) 4472M->4472M(4724M) 1398.495ms
[71.540s][info][gc,cpu         ] GC(236) User=10.72s Sys=0.00s Real=1.40s
[71.540s][info][gc,start       ] GC(237) Pause Full (Ergonomics)
[71.540s][info][gc,phases,start] GC(237) Marking Phase
[72.615s][info][gc,phases      ] GC(237) Marking Phase 1074.882ms
[72.615s][info][gc,phases,start] GC(237) Summary Phase
[72.615s][info][gc,phases      ] GC(237) Summary Phase 0.060ms
[72.615s][info][gc,phases,start] GC(237) Adjust Roots
[72.615s][info][gc,phases      ] GC(237) Adjust Roots 0.202ms
[72.615s][info][gc,phases,start] GC(237) Compaction Phase
[72.940s][info][gc,phases      ] GC(237) Compaction Phase 325.089ms
[72.941s][info][gc,phases,start] GC(237) Post Compact
[72.946s][info][gc,phases      ] GC(237) Post Compact 5.752ms
[72.946s][info][gc,heap        ] GC(237) PSYoungGen: 74239K(331776K)->74239K(321536K) Eden: 74239K(74240K)->74239K(74240K) From: 0K(257536K)->0K(247296K)
[72.946s][info][gc,heap        ] GC(237) ParOldGen: 4505535K(4505600K)->4505535K(4505600K)
[72.946s][info][gc,metaspace   ] GC(237) Metaspace: 6297K(6464K)->6297K(6464K) NonClass: 5764K(5824K)->5764K(5824K) Class: 533K(640K)->533K(640K)
[72.946s][info][gc             ] GC(237) Pause Full (Ergonomics) 4472M->4472M(4714M) 1406.273ms
[72.946s][info][gc,cpu         ] GC(237) User=10.89s Sys=0.00s Real=1.41s
[72.947s][info][gc,start       ] GC(238) Pause Full (Ergonomics)
[72.947s][info][gc,phases,start] GC(238) Marking Phase
[74.036s][info][gc,phases      ] GC(238) Marking Phase 1088.938ms
[74.036s][info][gc,phases,start] GC(238) Summary Phase
[74.036s][info][gc,phases      ] GC(238) Summary Phase 0.050ms
[74.036s][info][gc,phases,start] GC(238) Adjust Roots
[74.036s][info][gc,phases      ] GC(238) Adjust Roots 0.166ms
[74.036s][info][gc,phases,start] GC(238) Compaction Phase
[74.403s][info][gc,phases      ] GC(238) Compaction Phase 366.857ms
[74.403s][info][gc,phases,start] GC(238) Post Compact
[74.409s][info][gc,phases      ] GC(238) Post Compact 6.594ms
[74.409s][info][gc,heap        ] GC(238) PSYoungGen: 74239K(321536K)->74239K(331776K) Eden: 74239K(74240K)->74239K(74240K) From: 0K(247296K)->0K(257536K)
[74.409s][info][gc,heap        ] GC(238) ParOldGen: 4505540K(4505600K)->4505540K(4505600K)
[74.409s][info][gc,metaspace   ] GC(238) Metaspace: 6297K(6464K)->6297K(6464K) NonClass: 5764K(5824K)->5764K(5824K) Class: 533K(640K)->533K(640K)
[74.409s][info][gc             ] GC(238) Pause Full (Ergonomics) 4472M->4472M(4724M) 1462.905ms
[74.410s][info][gc,cpu         ] GC(238) User=10.77s Sys=0.00s Real=1.46s
[74.410s][info][gc,start       ] GC(239) Pause Full (Ergonomics)
[74.410s][info][gc,phases,start] GC(239) Marking Phase
[75.488s][info][gc,phases      ] GC(239) Marking Phase 1077.867ms
[75.488s][info][gc,phases,start] GC(239) Summary Phase
[75.488s][info][gc,phases      ] GC(239) Summary Phase 0.054ms
[75.488s][info][gc,phases,start] GC(239) Adjust Roots
[75.488s][info][gc,phases      ] GC(239) Adjust Roots 0.180ms
[75.488s][info][gc,phases,start] GC(239) Compaction Phase
[75.806s][info][gc,phases      ] GC(239) Compaction Phase 318.345ms
[75.806s][info][gc,phases,start] GC(239) Post Compact
[75.818s][info][gc,phases      ] GC(239) Post Compact 11.413ms
[75.818s][info][gc,heap        ] GC(239) PSYoungGen: 74239K(331776K)->74239K(321536K) Eden: 74239K(74240K)->74239K(74240K) From: 0K(257536K)->0K(247296K)
[75.818s][info][gc,heap        ] GC(239) ParOldGen: 4505545K(4505600K)->4505545K(4505600K)
[75.818s][info][gc,metaspace   ] GC(239) Metaspace: 6297K(6464K)->6297K(6464K) NonClass: 5764K(5824K)->5764K(5824K) Class: 533K(640K)->533K(640K)
[75.818s][info][gc             ] GC(239) Pause Full (Ergonomics) 4472M->4472M(4714M) 1408.279ms
[75.818s][info][gc,cpu         ] GC(239) User=10.72s Sys=0.00s Real=1.41s
[75.818s][info][gc,start       ] GC(240) Pause Full (Ergonomics)
[75.818s][info][gc,phases,start] GC(240) Marking Phase
[76.901s][info][gc,phases      ] GC(240) Marking Phase 1082.997ms
[76.901s][info][gc,phases,start] GC(240) Summary Phase
[76.901s][info][gc,phases      ] GC(240) Summary Phase 0.050ms
[76.901s][info][gc,phases,start] GC(240) Adjust Roots
[76.902s][info][gc,phases      ] GC(240) Adjust Roots 0.163ms
[76.902s][info][gc,phases,start] GC(240) Compaction Phase
[77.280s][info][gc,phases      ] GC(240) Compaction Phase 378.447ms
[77.280s][info][gc,phases,start] GC(240) Post Compact
[77.287s][info][gc,phases      ] GC(240) Post Compact 6.736ms
[77.287s][info][gc,heap        ] GC(240) PSYoungGen: 74239K(321536K)->74239K(331776K) Eden: 74239K(74240K)->74239K(74240K) From: 0K(247296K)->0K(257536K)
[77.287s][info][gc,heap        ] GC(240) ParOldGen: 4505550K(4505600K)->4505550K(4505600K)
[77.287s][info][gc,metaspace   ] GC(240) Metaspace: 6297K(6464K)->6297K(6464K) NonClass: 5764K(5824K)->5764K(5824K) Class: 533K(640K)->533K(640K)
[77.287s][info][gc             ] GC(240) Pause Full (Ergonomics) 4472M->4472M(4724M) 1468.693ms
[77.287s][info][gc,cpu         ] GC(240) User=10.89s Sys=0.00s Real=1.47s
[77.287s][info][gc,start       ] GC(241) Pause Full (Ergonomics)
[77.287s][info][gc,phases,start] GC(241) Marking Phase
[78.335s][info][gc,phases      ] GC(241) Marking Phase 1047.758ms
[78.335s][info][gc,phases,start] GC(241) Summary Phase
[78.335s][info][gc,phases      ] GC(241) Summary Phase 0.051ms
[78.335s][info][gc,phases,start] GC(241) Adjust Roots
[78.335s][info][gc,phases      ] GC(241) Adjust Roots 0.177ms
[78.335s][info][gc,phases,start] GC(241) Compaction Phase
[78.657s][info][gc,phases      ] GC(241) Compaction Phase 321.690ms
[78.657s][info][gc,phases,start] GC(241) Post Compact
[78.668s][info][gc,phases      ] GC(241) Post Compact 11.035ms
[78.668s][info][gc,heap        ] GC(241) PSYoungGen: 74239K(331776K)->74239K(321536K) Eden: 74239K(74240K)->74239K(74240K) From: 0K(257536K)->0K(247296K)
[78.668s][info][gc,heap        ] GC(241) ParOldGen: 4505555K(4505600K)->4505555K(4505600K)
[78.668s][info][gc,metaspace   ] GC(241) Metaspace: 6297K(6464K)->6297K(6464K) NonClass: 5764K(5824K)->5764K(5824K) Class: 533K(640K)->533K(640K)
[78.668s][info][gc             ] GC(241) Pause Full (Ergonomics) 4472M->4472M(4714M) 1381.121ms
[78.668s][info][gc,cpu         ] GC(241) User=10.55s Sys=0.00s Real=1.38s
[78.668s][info][gc,start       ] GC(242) Pause Full (Ergonomics)
[78.668s][info][gc,phases,start] GC(242) Marking Phase
[79.755s][info][gc,phases      ] GC(242) Marking Phase 1086.980ms
[79.756s][info][gc,phases,start] GC(242) Summary Phase
[79.756s][info][gc,phases      ] GC(242) Summary Phase 0.054ms
[79.756s][info][gc,phases,start] GC(242) Adjust Roots
[79.756s][info][gc,phases      ] GC(242) Adjust Roots 0.211ms
[79.756s][info][gc,phases,start] GC(242) Compaction Phase
[80.072s][info][gc,phases      ] GC(242) Compaction Phase 316.167ms
[80.072s][info][gc,phases,start] GC(242) Post Compact
[80.078s][info][gc,phases      ] GC(242) Post Compact 6.263ms
[80.078s][info][gc,heap        ] GC(242) PSYoungGen: 74239K(321536K)->74239K(331776K) Eden: 74239K(74240K)->74239K(74240K) From: 0K(247296K)->0K(257536K)
[80.078s][info][gc,heap        ] GC(242) ParOldGen: 4505559K(4505600K)->4505559K(4505600K)
[80.078s][info][gc,metaspace   ] GC(242) Metaspace: 6297K(6464K)->6297K(6464K) NonClass: 5764K(5824K)->5764K(5824K) Class: 533K(640K)->533K(640K)
[80.078s][info][gc             ] GC(242) Pause Full (Ergonomics) 4472M->4472M(4724M) 1409.991ms
[80.078s][info][gc,cpu         ] GC(242) User=10.83s Sys=0.00s Real=1.41s
[80.079s][info][gc,start       ] GC(243) Pause Full (Ergonomics)
[80.079s][info][gc,phases,start] GC(243) Marking Phase
[81.143s][info][gc,phases      ] GC(243) Marking Phase 1064.593ms
[81.143s][info][gc,phases,start] GC(243) Summary Phase
[81.143s][info][gc,phases      ] GC(243) Summary Phase 0.069ms
[81.143s][info][gc,phases,start] GC(243) Adjust Roots
[81.144s][info][gc,phases      ] GC(243) Adjust Roots 0.222ms
[81.144s][info][gc,phases,start] GC(243) Compaction Phase
[81.491s][info][gc,phases      ] GC(243) Compaction Phase 347.439ms
[81.491s][info][gc,phases,start] GC(243) Post Compact
[81.498s][info][gc,phases      ] GC(243) Post Compact 6.722ms
[81.498s][info][gc,heap        ] GC(243) PSYoungGen: 74239K(331776K)->74239K(321536K) Eden: 74239K(74240K)->74239K(74240K) From: 0K(257536K)->0K(247296K)
[81.498s][info][gc,heap        ] GC(243) ParOldGen: 4505564K(4505600K)->4505564K(4505600K)
[81.498s][info][gc,metaspace   ] GC(243) Metaspace: 6297K(6464K)->6297K(6464K) NonClass: 5764K(5824K)->5764K(5824K) Class: 533K(640K)->533K(640K)
[81.498s][info][gc             ] GC(243) Pause Full (Ergonomics) 4472M->4472M(4714M) 1419.337ms
[81.498s][info][gc,cpu         ] GC(243) User=10.70s Sys=0.00s Real=1.42s
[81.498s][info][gc,start       ] GC(244) Pause Full (Ergonomics)
[81.498s][info][gc,phases,start] GC(244) Marking Phase
[82.585s][info][gc,phases      ] GC(244) Marking Phase 1086.809ms
[82.585s][info][gc,phases,start] GC(244) Summary Phase
[82.585s][info][gc,phases      ] GC(244) Summary Phase 0.050ms
[82.585s][info][gc,phases,start] GC(244) Adjust Roots
[82.585s][info][gc,phases      ] GC(244) Adjust Roots 0.168ms
[82.586s][info][gc,phases,start] GC(244) Compaction Phase
[82.920s][info][gc,phases      ] GC(244) Compaction Phase 334.417ms
[82.920s][info][gc,phases,start] GC(244) Post Compact
[82.927s][info][gc,phases      ] GC(244) Post Compact 6.634ms
[82.927s][info][gc,heap        ] GC(244) PSYoungGen: 74239K(321536K)->74239K(331776K) Eden: 74239K(74240K)->74239K(74240K) From: 0K(247296K)->0K(257536K)
[82.927s][info][gc,heap        ] GC(244) ParOldGen: 4505569K(4505600K)->4505569K(4505600K)
[82.927s][info][gc,metaspace   ] GC(244) Metaspace: 6297K(6464K)->6297K(6464K) NonClass: 5764K(5824K)->5764K(5824K) Class: 533K(640K)->533K(640K)
[82.927s][info][gc             ] GC(244) Pause Full (Ergonomics) 4472M->4472M(4724M) 1428.397ms
[82.927s][info][gc,cpu         ] GC(244) User=10.84s Sys=0.00s Real=1.43s
[82.927s][info][gc,start       ] GC(245) Pause Full (Ergonomics)
[82.927s][info][gc,phases,start] GC(245) Marking Phase
[83.985s][info][gc,phases      ] GC(245) Marking Phase 1057.719ms
[83.985s][info][gc,phases,start] GC(245) Summary Phase
[83.985s][info][gc,phases      ] GC(245) Summary Phase 0.051ms
[83.985s][info][gc,phases,start] GC(245) Adjust Roots
[83.985s][info][gc,phases      ] GC(245) Adjust Roots 0.160ms
[83.985s][info][gc,phases,start] GC(245) Compaction Phase
[84.324s][info][gc,phases      ] GC(245) Compaction Phase 339.110ms
[84.324s][info][gc,phases,start] GC(245) Post Compact
[84.331s][info][gc,phases      ] GC(245) Post Compact 6.578ms
[84.331s][info][gc,heap        ] GC(245) PSYoungGen: 74239K(331776K)->74239K(321536K) Eden: 74239K(74240K)->74239K(74240K) From: 0K(257536K)->0K(247296K)
[84.331s][info][gc,heap        ] GC(245) ParOldGen: 4505574K(4505600K)->4505574K(4505600K)
[84.331s][info][gc,metaspace   ] GC(245) Metaspace: 6297K(6464K)->6297K(6464K) NonClass: 5764K(5824K)->5764K(5824K) Class: 533K(640K)->533K(640K)
[84.331s][info][gc             ] GC(245) Pause Full (Ergonomics) 4472M->4472M(4714M) 1403.899ms
[84.331s][info][gc,cpu         ] GC(245) User=10.69s Sys=0.00s Real=1.40s
[84.331s][info][gc,start       ] GC(246) Pause Full (Ergonomics)
[84.331s][info][gc,phases,start] GC(246) Marking Phase
[85.365s][info][gc,phases      ] GC(246) Marking Phase 1033.776ms
[85.365s][info][gc,phases,start] GC(246) Summary Phase
[85.365s][info][gc,phases      ] GC(246) Summary Phase 0.065ms
[85.365s][info][gc,phases,start] GC(246) Adjust Roots
[85.365s][info][gc,phases      ] GC(246) Adjust Roots 0.201ms
[85.365s][info][gc,phases,start] GC(246) Compaction Phase
[85.699s][info][gc,phases      ] GC(246) Compaction Phase 333.770ms
[85.699s][info][gc,phases,start] GC(246) Post Compact
[85.706s][info][gc,phases      ] GC(246) Post Compact 6.671ms
[85.706s][info][gc,heap        ] GC(246) PSYoungGen: 74239K(321536K)->74239K(331776K) Eden: 74239K(74240K)->74239K(74240K) From: 0K(247296K)->0K(257536K)
[85.706s][info][gc,heap        ] GC(246) ParOldGen: 4505579K(4505600K)->4505579K(4505600K)
[85.706s][info][gc,metaspace   ] GC(246) Metaspace: 6297K(6464K)->6297K(6464K) NonClass: 5764K(5824K)->5764K(5824K) Class: 533K(640K)->533K(640K)
[85.706s][info][gc             ] GC(246) Pause Full (Ergonomics) 4472M->4472M(4724M) 1374.779ms
[85.706s][info][gc,cpu         ] GC(246) User=10.38s Sys=0.00s Real=1.38s
[85.706s][info][gc,start       ] GC(247) Pause Full (Ergonomics)
[85.706s][info][gc,phases,start] GC(247) Marking Phase
[86.785s][info][gc,phases      ] GC(247) Marking Phase 1078.666ms
[86.785s][info][gc,phases,start] GC(247) Summary Phase
[86.785s][info][gc,phases      ] GC(247) Summary Phase 0.050ms
[86.785s][info][gc,phases,start] GC(247) Adjust Roots
[86.785s][info][gc,phases      ] GC(247) Adjust Roots 0.170ms
[86.785s][info][gc,phases,start] GC(247) Compaction Phase
[87.121s][info][gc,phases      ] GC(247) Compaction Phase 336.325ms
[87.121s][info][gc,phases,start] GC(247) Post Compact
[87.128s][info][gc,phases      ] GC(247) Post Compact 6.452ms
[87.128s][info][gc,heap        ] GC(247) PSYoungGen: 74239K(331776K)->74239K(321536K) Eden: 74239K(74240K)->74239K(74240K) From: 0K(257536K)->0K(247296K)
[87.128s][info][gc,heap        ] GC(247) ParOldGen: 4505584K(4505600K)->4505584K(4505600K)
[87.128s][info][gc,metaspace   ] GC(247) Metaspace: 6297K(6464K)->6297K(6464K) NonClass: 5764K(5824K)->5764K(5824K) Class: 533K(640K)->533K(640K)
[87.128s][info][gc             ] GC(247) Pause Full (Ergonomics) 4472M->4472M(4714M) 1421.939ms
[87.128s][info][gc,cpu         ] GC(247) User=10.69s Sys=0.00s Real=1.42s
[87.128s][info][gc,start       ] GC(248) Pause Full (Ergonomics)
[87.128s][info][gc,phases,start] GC(248) Marking Phase
[88.203s][info][gc,phases      ] GC(248) Marking Phase 1074.679ms
[88.203s][info][gc,phases,start] GC(248) Summary Phase
[88.203s][info][gc,phases      ] GC(248) Summary Phase 0.089ms
[88.203s][info][gc,phases,start] GC(248) Adjust Roots
[88.203s][info][gc,phases      ] GC(248) Adjust Roots 0.346ms
[88.203s][info][gc,phases,start] GC(248) Compaction Phase
[88.534s][info][gc,phases      ] GC(248) Compaction Phase 331.005ms
[88.535s][info][gc,phases,start] GC(248) Post Compact
[88.543s][info][gc,phases      ] GC(248) Post Compact 8.217ms
[88.543s][info][gc,heap        ] GC(248) PSYoungGen: 74239K(321536K)->74239K(331776K) Eden: 74239K(74240K)->74239K(74240K) From: 0K(247296K)->0K(257536K)
[88.543s][info][gc,heap        ] GC(248) ParOldGen: 4505588K(4505600K)->4505588K(4505600K)
[88.543s][info][gc,metaspace   ] GC(248) Metaspace: 6297K(6464K)->6297K(6464K) NonClass: 5764K(5824K)->5764K(5824K) Class: 533K(640K)->533K(640K)
[88.543s][info][gc             ] GC(248) Pause Full (Ergonomics) 4472M->4472M(4724M) 1414.793ms
[88.543s][info][gc,cpu         ] GC(248) User=10.89s Sys=0.00s Real=1.41s
[88.543s][info][gc,start       ] GC(249) Pause Full (Ergonomics)
[88.543s][info][gc,phases,start] GC(249) Marking Phase
[89.634s][info][gc,phases      ] GC(249) Marking Phase 1091.048ms
[89.634s][info][gc,phases,start] GC(249) Summary Phase
[89.634s][info][gc,phases      ] GC(249) Summary Phase 0.122ms
[89.634s][info][gc,phases,start] GC(249) Adjust Roots
[89.635s][info][gc,phases      ] GC(249) Adjust Roots 0.369ms
[89.635s][info][gc,phases,start] GC(249) Compaction Phase
[90.033s][info][gc,phases      ] GC(249) Compaction Phase 398.072ms
[90.033s][info][gc,phases,start] GC(249) Post Compact
[90.040s][info][gc,phases      ] GC(249) Post Compact 7.127ms
[90.040s][info][gc,heap        ] GC(249) PSYoungGen: 74239K(331776K)->74239K(321536K) Eden: 74239K(74240K)->74239K(74240K) From: 0K(257536K)->0K(247296K)
[90.040s][info][gc,heap        ] GC(249) ParOldGen: 4505593K(4505600K)->4505593K(4505600K)
[90.040s][info][gc,metaspace   ] GC(249) Metaspace: 6297K(6464K)->6297K(6464K) NonClass: 5764K(5824K)->5764K(5824K) Class: 533K(640K)->533K(640K)
[90.040s][info][gc             ] GC(249) Pause Full (Ergonomics) 4472M->4472M(4714M) 1497.145ms
[90.040s][info][gc,cpu         ] GC(249) User=10.95s Sys=0.02s Real=1.50s
[90.041s][info][gc,start       ] GC(250) Pause Full (Ergonomics)
[90.041s][info][gc,phases,start] GC(250) Marking Phase
[91.125s][info][gc,phases      ] GC(250) Marking Phase 1084.284ms
[91.125s][info][gc,phases,start] GC(250) Summary Phase
[91.125s][info][gc,phases      ] GC(250) Summary Phase 0.084ms
[91.125s][info][gc,phases,start] GC(250) Adjust Roots
[91.125s][info][gc,phases      ] GC(250) Adjust Roots 0.279ms
[91.125s][info][gc,phases,start] GC(250) Compaction Phase
[91.469s][info][gc,phases      ] GC(250) Compaction Phase 343.838ms
[91.469s][info][gc,phases,start] GC(250) Post Compact
[91.482s][info][gc,phases      ] GC(250) Post Compact 12.686ms
[91.482s][info][gc,heap        ] GC(250) PSYoungGen: 74239K(321536K)->74239K(331776K) Eden: 74239K(74240K)->74239K(74240K) From: 0K(247296K)->0K(257536K)
[91.482s][info][gc,heap        ] GC(250) ParOldGen: 4505598K(4505600K)->4505598K(4505600K)
[91.482s][info][gc,metaspace   ] GC(250) Metaspace: 6297K(6464K)->6297K(6464K) NonClass: 5764K(5824K)->5764K(5824K) Class: 533K(640K)->533K(640K)
[91.482s][info][gc             ] GC(250) Pause Full (Ergonomics) 4472M->4472M(4724M) 1441.603ms
[91.482s][info][gc,cpu         ] GC(250) User=10.72s Sys=0.03s Real=1.44s
[91.482s][info][gc,start       ] GC(251) Pause Full (Ergonomics)
[91.482s][info][gc,phases,start] GC(251) Marking Phase
[92.563s][info][gc,phases      ] GC(251) Marking Phase 1080.516ms
[92.563s][info][gc,phases,start] GC(251) Summary Phase
[92.563s][info][gc,phases      ] GC(251) Summary Phase 0.080ms
[92.563s][info][gc,phases,start] GC(251) Adjust Roots
[92.563s][info][gc,phases      ] GC(251) Adjust Roots 0.287ms
[92.563s][info][gc,phases,start] GC(251) Compaction Phase
[92.943s][info][gc,phases      ] GC(251) Compaction Phase 379.325ms
[92.943s][info][gc,phases,start] GC(251) Post Compact
[92.949s][info][gc,phases      ] GC(251) Post Compact 6.653ms
[92.949s][info][gc,heap        ] GC(251) PSYoungGen: 74239K(331776K)->74239K(321536K) Eden: 74239K(74240K)->74239K(74240K) From: 0K(257536K)->0K(247296K)
[92.949s][info][gc,heap        ] GC(251) ParOldGen: 4505599K(4505600K)->4505599K(4505600K)
[92.949s][info][gc,metaspace   ] GC(251) Metaspace: 6297K(6464K)->6297K(6464K) NonClass: 5764K(5824K)->5764K(5824K) Class: 533K(640K)->533K(640K)
[92.950s][info][gc             ] GC(251) Pause Full (Ergonomics) 4472M->4472M(4714M) 1467.203ms
[92.950s][info][gc,cpu         ] GC(251) User=10.81s Sys=0.00s Real=1.47s
[92.950s][info][gc,start       ] GC(252) Pause Full (Allocation Failure)
[92.950s][info][gc,phases,start] GC(252) Marking Phase
[94.001s][info][gc,phases      ] GC(252) Marking Phase 1051.841ms
[94.002s][info][gc,phases,start] GC(252) Summary Phase
[94.002s][info][gc,phases      ] GC(252) Summary Phase 0.091ms
[94.002s][info][gc,phases,start] GC(252) Adjust Roots
[94.002s][info][gc,phases      ] GC(252) Adjust Roots 0.543ms
[94.002s][info][gc,phases,start] GC(252) Compaction Phase
[95.160s][info][gc,phases      ] GC(252) Compaction Phase 1157.671ms
[95.160s][info][gc,phases,start] GC(252) Post Compact
[95.167s][info][gc,phases      ] GC(252) Post Compact 7.133ms
[95.167s][info][gc,heap        ] GC(252) PSYoungGen: 74239K(321536K)->74239K(331776K) Eden: 74239K(74240K)->74239K(74240K) From: 0K(247296K)->0K(257536K)
[95.167s][info][gc,heap        ] GC(252) ParOldGen: 4505599K(4505600K)->4505595K(4505600K)
[95.167s][info][gc,metaspace   ] GC(252) Metaspace: 6297K(6464K)->6296K(6464K) NonClass: 5764K(5824K)->5763K(5824K) Class: 533K(640K)->532K(640K)
[95.167s][info][gc             ] GC(252) Pause Full (Allocation Failure) 4472M->4472M(4724M) 2217.678ms
[95.167s][info][gc,cpu         ] GC(252) User=16.38s Sys=0.00s Real=2.22s
[95.168s][info][gc,start       ] GC(253) Pause Full (Ergonomics)
[95.168s][info][gc,phases,start] GC(253) Marking Phase
[96.223s][info][gc,phases      ] GC(253) Marking Phase 1054.834ms
[96.223s][info][gc,phases,start] GC(253) Summary Phase
[96.223s][info][gc,phases      ] GC(253) Summary Phase 0.052ms
[96.223s][info][gc,phases,start] GC(253) Adjust Roots
[96.223s][info][gc,phases      ] GC(253) Adjust Roots 0.171ms
[96.223s][info][gc,phases,start] GC(253) Compaction Phase
[96.535s][info][gc,phases      ] GC(253) Compaction Phase 311.922ms
[96.535s][info][gc,phases,start] GC(253) Post Compact
[96.541s][info][gc,phases      ] GC(253) Post Compact 5.844ms
[96.541s][info][gc,heap        ] GC(253) PSYoungGen: 74239K(331776K)->74239K(321536K) Eden: 74239K(74240K)->74239K(74240K) From: 0K(257536K)->0K(247296K)
[96.541s][info][gc,heap        ] GC(253) ParOldGen: 4505599K(4505600K)->4505599K(4505600K)
[96.541s][info][gc,metaspace   ] GC(253) Metaspace: 6296K(6464K)->6296K(6464K) NonClass: 5763K(5824K)->5763K(5824K) Class: 532K(640K)->532K(640K)
[96.541s][info][gc             ] GC(253) Pause Full (Ergonomics) 4472M->4472M(4714M) 1373.139ms
[96.541s][info][gc,cpu         ] GC(253) User=10.45s Sys=0.00s Real=1.37s
[96.541s][info][gc,start       ] GC(254) Pause Full (Ergonomics)
[96.541s][info][gc,phases,start] GC(254) Marking Phase
[97.590s][info][gc,phases      ] GC(254) Marking Phase 1048.799ms
[97.590s][info][gc,phases,start] GC(254) Summary Phase
[97.590s][info][gc,phases      ] GC(254) Summary Phase 0.051ms
[97.590s][info][gc,phases,start] GC(254) Adjust Roots
[97.590s][info][gc,phases      ] GC(254) Adjust Roots 0.180ms
[97.590s][info][gc,phases,start] GC(254) Compaction Phase
[97.903s][info][gc,phases      ] GC(254) Compaction Phase 313.035ms
[97.904s][info][gc,phases,start] GC(254) Post Compact
[97.911s][info][gc,phases      ] GC(254) Post Compact 7.133ms
[97.911s][info][gc,heap        ] GC(254) PSYoungGen: 74239K(321536K)->74239K(331776K) Eden: 74239K(74240K)->74239K(74240K) From: 0K(247296K)->0K(257536K)
[97.911s][info][gc,heap        ] GC(254) ParOldGen: 4505599K(4505600K)->4505599K(4505600K)
[97.911s][info][gc,metaspace   ] GC(254) Metaspace: 6296K(6464K)->6296K(6464K) NonClass: 5763K(5824K)->5763K(5824K) Class: 532K(640K)->532K(640K)
[97.911s][info][gc             ] GC(254) Pause Full (Ergonomics) 4472M->4472M(4724M) 1369.533ms
[97.911s][info][gc,cpu         ] GC(254) User=10.67s Sys=0.00s Real=1.37s
[97.911s][info][gc,start       ] GC(255) Pause Full (Allocation Failure)
[97.911s][info][gc,phases,start] GC(255) Marking Phase
[98.989s][info][gc,phases      ] GC(255) Marking Phase 1078.192ms
[98.989s][info][gc,phases,start] GC(255) Summary Phase
[98.989s][info][gc,phases      ] GC(255) Summary Phase 0.072ms
[98.989s][info][gc,phases,start] GC(255) Adjust Roots
[98.989s][info][gc,phases      ] GC(255) Adjust Roots 0.170ms
[98.989s][info][gc,phases,start] GC(255) Compaction Phase
[99.328s][info][gc,phases      ] GC(255) Compaction Phase 338.320ms
[99.328s][info][gc,phases,start] GC(255) Post Compact
[99.334s][info][gc,phases      ] GC(255) Post Compact 6.562ms
[99.334s][info][gc,heap        ] GC(255) PSYoungGen: 74239K(331776K)->74239K(321536K) Eden: 74239K(74240K)->74239K(74240K) From: 0K(257536K)->0K(247296K)
[99.334s][info][gc,heap        ] GC(255) ParOldGen: 4505599K(4505600K)->4505599K(4505600K)
[99.334s][info][gc,metaspace   ] GC(255) Metaspace: 6296K(6464K)->6296K(6464K) NonClass: 5763K(5824K)->5763K(5824K) Class: 532K(640K)->532K(640K)
[99.334s][info][gc             ] GC(255) Pause Full (Allocation Failure) 4472M->4472M(4714M) 1423.612ms
[99.335s][info][gc,cpu         ] GC(255) User=10.67s Sys=0.00s Real=1.42s
[99.335s][info][gc,start       ] GC(256) Pause Full (Ergonomics)
[99.335s][info][gc,phases,start] GC(256) Marking Phase
[100.416s][info][gc,phases      ] GC(256) Marking Phase 1080.682ms
[100.416s][info][gc,phases,start] GC(256) Summary Phase
[100.416s][info][gc,phases      ] GC(256) Summary Phase 0.096ms
[100.416s][info][gc,phases,start] GC(256) Adjust Roots
[100.416s][info][gc,phases      ] GC(256) Adjust Roots 0.387ms
[100.416s][info][gc,phases,start] GC(256) Compaction Phase
[101.600s][info][gc,phases      ] GC(256) Compaction Phase 1183.865ms
[101.600s][info][gc,phases,start] GC(256) Post Compact
[101.608s][info][gc,phases      ] GC(256) Post Compact 7.484ms
[101.608s][info][gc,heap        ] GC(256) PSYoungGen: 74239K(321536K)->74239K(331776K) Eden: 74239K(74240K)->74239K(74240K) From: 0K(247296K)->0K(257536K)
[101.608s][info][gc,heap        ] GC(256) ParOldGen: 4505599K(4505600K)->4505598K(4505600K)
[101.608s][info][gc,metaspace   ] GC(256) Metaspace: 6296K(6464K)->6296K(6464K) NonClass: 5763K(5824K)->5763K(5824K) Class: 532K(640K)->532K(640K)
[101.608s][info][gc             ] GC(256) Pause Full (Ergonomics) 4472M->4472M(4724M) 2272.958ms
[101.608s][info][gc,cpu         ] GC(256) User=16.52s Sys=0.00s Real=2.27s
[101.609s][info][gc,start       ] GC(257) Pause Full (Ergonomics)
[101.609s][info][gc,phases,start] GC(257) Marking Phase
[102.679s][info][gc,phases      ] GC(257) Marking Phase 1069.656ms
[102.679s][info][gc,phases,start] GC(257) Summary Phase
[102.679s][info][gc,phases      ] GC(257) Summary Phase 0.098ms
[102.679s][info][gc,phases,start] GC(257) Adjust Roots
[102.679s][info][gc,phases      ] GC(257) Adjust Roots 0.405ms
[102.679s][info][gc,phases,start] GC(257) Compaction Phase
[103.866s][info][gc,phases      ] GC(257) Compaction Phase 1186.256ms
[103.866s][info][gc,phases,start] GC(257) Post Compact
[103.872s][info][gc,phases      ] GC(257) Post Compact 6.491ms
[103.872s][info][gc,heap        ] GC(257) PSYoungGen: 74239K(331776K)->74239K(321536K) Eden: 74239K(74240K)->74239K(74240K) From: 0K(257536K)->0K(247296K)
[103.872s][info][gc,heap        ] GC(257) ParOldGen: 4505599K(4505600K)->4505597K(4505600K)
[103.872s][info][gc,metaspace   ] GC(257) Metaspace: 6297K(6464K)->6297K(6464K) NonClass: 5763K(5824K)->5763K(5824K) Class: 533K(640K)->533K(640K)
[103.872s][info][gc             ] GC(257) Pause Full (Ergonomics) 4472M->4472M(4714M) 2263.356ms
[103.872s][info][gc,cpu         ] GC(257) User=16.55s Sys=0.02s Real=2.26s
[103.873s][info][gc,heap,exit   ] Heap
[103.873s][info][gc,heap,exit   ]  PSYoungGen      total 321536K, used 74239K [0x0000000776800000, 0x000000079b100000, 0x0000000800000000)
[103.873s][info][gc,heap,exit   ]   eden space 74240K, 99% used [0x0000000776800000,0x000000077b07fff8,0x000000077b080000)
[103.873s][info][gc,heap,exit   ]   from space 247296K, 0% used [0x000000078ad80000,0x000000078ad80000,0x0000000799f00000)
[103.873s][info][gc,heap,exit   ]   to   space 257536K, 0% used [0x000000077b080000,0x000000077b080000,0x000000078ac00000)
[103.873s][info][gc,heap,exit   ]  ParOldGen       total 4505600K, used 4505597K [0x0000000663800000, 0x0000000776800000, 0x0000000776800000)
[103.873s][info][gc,heap,exit   ]   object space 4505600K, 99% used [0x0000000663800000,0x00000007767ff770,0x0000000776800000)
[103.873s][info][gc,heap,exit   ]  Metaspace       used 6300K, committed 6464K, reserved 1114112K
[103.873s][info][gc,heap,exit   ]   class space    used 534K, committed 640K, reserved 1048576K
