[0.013s][info][gc,init] CardTable entry size: 512
[0.013s][info][gc     ] Using Parallel
[0.014s][info][gc,init] Version: 18.0.1+10 (release)
[0.014s][info][gc,init] CPUs: 8 total, 8 available
[0.015s][info][gc,init] Memory: 16063M
[0.015s][info][gc,init] Large Page Support: Disabled
[0.015s][info][gc,init] NUMA Support: Disabled
[0.015s][info][gc,init] Compressed Oops: Enabled (Zero based)
[0.015s][info][gc,init] Alignments: Space 512K, Generation 512K, Heap 2M
[0.015s][info][gc,init] Heap Min Capacity: 2M
[0.015s][info][gc,init] Heap Initial Capacity: 2M
[0.015s][info][gc,init] Heap Max Capacity: 17600M
[0.015s][info][gc,init] Pre-touch: Disabled
[0.015s][info][gc,init] Parallel Workers: 8
[0.015s][info][gc,metaspace] CDS archive(s) not mapped
[0.015s][info][gc,metaspace] Compressed class space mapped at: 0x0000000800000000-0x0000000840000000, reserved size: 1073741824
[0.015s][info][gc,metaspace] Narrow klass base: 0x0000000800000000, Narrow klass shift: 0, Narrow klass range: 0x40000000
[0.120s][info][gc,start    ] GC(0) Pause Young (Allocation Failure)
[0.121s][info][gc,heap     ] GC(0) PSYoungGen: 512K(1024K)->480K(1024K) Eden: 512K(512K)->0K(512K) From: 0K(512K)->480K(512K)
[0.121s][info][gc,heap     ] GC(0) ParOldGen: 0K(512K)->8K(512K)
[0.121s][info][gc,metaspace] GC(0) Metaspace: 4229K(4352K)->4229K(4352K) NonClass: 3908K(3968K)->3908K(3968K) Class: 321K(384K)->321K(384K)
[0.121s][info][gc          ] GC(0) Pause Young (Allocation Failure) 0M->0M(1M) 1.220ms
[0.121s][info][gc,cpu      ] GC(0) User=0.00s Sys=0.00s Real=0.00s
[0.182s][info][gc,start    ] GC(1) Pause Young (Allocation Failure)
[0.183s][info][gc,heap     ] GC(1) PSYoungGen: 991K(1024K)->512K(1024K) Eden: 511K(512K)->0K(512K) From: 480K(512K)->512K(512K)
[0.183s][info][gc,heap     ] GC(1) ParOldGen: 8K(512K)->88K(512K)
[0.183s][info][gc,metaspace] GC(1) Metaspace: 5881K(6016K)->5881K(6016K) NonClass: 5384K(5504K)->5384K(5504K) Class: 496K(512K)->496K(512K)
[0.183s][info][gc          ] GC(1) Pause Young (Allocation Failure) 0M->0M(1M) 0.950ms
[0.183s][info][gc,cpu      ] GC(1) User=0.00s Sys=0.00s Real=0.00s
[0.203s][info][gc,start    ] GC(2) Pause Young (Allocation Failure)
[0.204s][info][gc,heap     ] GC(2) PSYoungGen: 1024K(1024K)->512K(1024K) Eden: 512K(512K)->0K(512K) From: 512K(512K)->512K(512K)
[0.204s][info][gc,heap     ] GC(2) ParOldGen: 88K(512K)->232K(512K)
[0.204s][info][gc,metaspace] GC(2) Metaspace: 6297K(6464K)->6297K(6464K) NonClass: 5763K(5824K)->5763K(5824K) Class: 533K(640K)->533K(640K)
[0.204s][info][gc          ] GC(2) Pause Young (Allocation Failure) 1M->0M(1M) 1.039ms
[0.204s][info][gc,cpu      ] GC(2) User=0.00s Sys=0.00s Real=0.00s
[0.205s][info][gc,start    ] GC(3) Pause Young (Allocation Failure)
[0.206s][info][gc,heap     ] GC(3) PSYoungGen: 1024K(1024K)->512K(1536K) Eden: 512K(512K)->0K(1024K) From: 512K(512K)->512K(512K)
[0.206s][info][gc,heap     ] GC(3) ParOldGen: 232K(512K)->500K(512K)
[0.206s][info][gc,metaspace] GC(3) Metaspace: 6299K(6464K)->6299K(6464K) NonClass: 5766K(5824K)->5766K(5824K) Class: 533K(640K)->533K(640K)
[0.206s][info][gc          ] GC(3) Pause Young (Allocation Failure) 1M->0M(2M) 1.216ms
[0.206s][info][gc,cpu      ] GC(3) User=0.00s Sys=0.00s Real=0.00s
[0.206s][info][gc,start    ] GC(4) Pause Full (Ergonomics)
[0.206s][info][gc,phases,start] GC(4) Marking Phase
[0.207s][info][gc,phases      ] GC(4) Marking Phase 0.911ms
[0.207s][info][gc,phases,start] GC(4) Summary Phase
[0.207s][info][gc,phases      ] GC(4) Summary Phase 0.013ms
[0.207s][info][gc,phases,start] GC(4) Adjust Roots
[0.208s][info][gc,phases      ] GC(4) Adjust Roots 0.329ms
[0.208s][info][gc,phases,start] GC(4) Compaction Phase
[0.210s][info][gc,phases      ] GC(4) Compaction Phase 1.985ms
[0.210s][info][gc,phases,start] GC(4) Post Compact
[0.210s][info][gc,phases      ] GC(4) Post Compact 0.098ms
[0.210s][info][gc,heap        ] GC(4) PSYoungGen: 512K(1536K)->509K(1536K) Eden: 0K(1024K)->0K(1024K) From: 512K(512K)->509K(512K)
[0.210s][info][gc,heap        ] GC(4) ParOldGen: 500K(512K)->456K(2048K)
[0.210s][info][gc,metaspace   ] GC(4) Metaspace: 6299K(6464K)->6299K(6464K) NonClass: 5766K(5824K)->5766K(5824K) Class: 533K(640K)->533K(640K)
[0.210s][info][gc             ] GC(4) Pause Full (Ergonomics) 0M->0M(3M) 3.770ms
[0.210s][info][gc,cpu         ] GC(4) User=0.00s Sys=0.00s Real=0.00s
[0.212s][info][gc,start       ] GC(5) Pause Young (Allocation Failure)
[0.213s][info][gc,heap        ] GC(5) PSYoungGen: 1533K(1536K)->480K(1536K) Eden: 1023K(1024K)->0K(1024K) From: 509K(512K)->480K(512K)
[0.213s][info][gc,heap        ] GC(5) ParOldGen: 456K(2048K)->1020K(2048K)
[0.213s][info][gc,metaspace   ] GC(5) Metaspace: 6299K(6464K)->6299K(6464K) NonClass: 5766K(5824K)->5766K(5824K) Class: 533K(640K)->533K(640K)
[0.213s][info][gc             ] GC(5) Pause Young (Allocation Failure) 1M->1M(3M) 1.228ms
[0.213s][info][gc,cpu         ] GC(5) User=0.00s Sys=0.00s Real=0.00s
[0.215s][info][gc,start       ] GC(6) Pause Young (Allocation Failure)
[0.216s][info][gc,heap        ] GC(6) PSYoungGen: 1504K(1536K)->1056K(3584K) Eden: 1024K(1024K)->0K(2048K) From: 480K(512K)->1056K(1536K)
[0.216s][info][gc,heap        ] GC(6) ParOldGen: 1020K(2048K)->1020K(2048K)
[0.216s][info][gc,metaspace   ] GC(6) Metaspace: 6299K(6464K)->6299K(6464K) NonClass: 5766K(5824K)->5766K(5824K) Class: 533K(640K)->533K(640K)
[0.216s][info][gc             ] GC(6) Pause Young (Allocation Failure) 2M->2M(5M) 1.246ms
[0.216s][info][gc,cpu         ] GC(6) User=0.00s Sys=0.00s Real=0.00s
[0.219s][info][gc,start       ] GC(7) Pause Young (Allocation Failure)
[0.222s][info][gc,heap        ] GC(7) PSYoungGen: 3104K(3584K)->1504K(3584K) Eden: 2048K(2048K)->0K(2048K) From: 1056K(1536K)->1504K(1536K)
[0.222s][info][gc,heap        ] GC(7) ParOldGen: 1020K(2048K)->1572K(2048K)
[0.222s][info][gc,metaspace   ] GC(7) Metaspace: 6299K(6464K)->6299K(6464K) NonClass: 5766K(5824K)->5766K(5824K) Class: 533K(640K)->533K(640K)
[0.222s][info][gc             ] GC(7) Pause Young (Allocation Failure) 4M->3M(5M) 2.895ms
[0.222s][info][gc,cpu         ] GC(7) User=0.00s Sys=0.00s Real=0.00s
[0.222s][info][gc,start       ] GC(8) Pause Full (Ergonomics)
[0.222s][info][gc,phases,start] GC(8) Marking Phase
[0.225s][info][gc,phases      ] GC(8) Marking Phase 2.318ms
[0.225s][info][gc,phases,start] GC(8) Summary Phase
[0.225s][info][gc,phases      ] GC(8) Summary Phase 0.021ms
[0.225s][info][gc,phases,start] GC(8) Adjust Roots
[0.225s][info][gc,phases      ] GC(8) Adjust Roots 0.616ms
[0.225s][info][gc,phases,start] GC(8) Compaction Phase
[0.228s][info][gc,phases      ] GC(8) Compaction Phase 3.084ms
[0.228s][info][gc,phases,start] GC(8) Post Compact
[0.228s][info][gc,phases      ] GC(8) Post Compact 0.031ms
[0.229s][info][gc,heap        ] GC(8) PSYoungGen: 1504K(3584K)->1501K(3584K) Eden: 0K(2048K)->0K(2048K) From: 1504K(1536K)->1501K(1536K)
[0.229s][info][gc,heap        ] GC(8) ParOldGen: 1572K(2048K)->1538K(4096K)
[0.229s][info][gc,metaspace   ] GC(8) Metaspace: 6299K(6464K)->6299K(6464K) NonClass: 5766K(5824K)->5766K(5824K) Class: 533K(640K)->533K(640K)
[0.229s][info][gc             ] GC(8) Pause Full (Ergonomics) 3M->2M(7M) 6.443ms
[0.229s][info][gc,cpu         ] GC(8) User=0.00s Sys=0.00s Real=0.01s
[0.232s][info][gc,start       ] GC(9) Pause Young (Allocation Failure)
[0.234s][info][gc,heap        ] GC(9) PSYoungGen: 3549K(3584K)->2016K(5120K) Eden: 2048K(2048K)->0K(3072K) From: 1501K(1536K)->2016K(2048K)
[0.234s][info][gc,heap        ] GC(9) ParOldGen: 1538K(4096K)->2090K(4096K)
[0.234s][info][gc,metaspace   ] GC(9) Metaspace: 6299K(6464K)->6299K(6464K) NonClass: 5766K(5824K)->5766K(5824K) Class: 533K(640K)->533K(640K)
[0.234s][info][gc             ] GC(9) Pause Young (Allocation Failure) 4M->4M(9M) 2.398ms
[0.234s][info][gc,cpu         ] GC(9) User=0.00s Sys=0.00s Real=0.00s
[0.239s][info][gc,start       ] GC(10) Pause Young (Allocation Failure)
[0.242s][info][gc,heap        ] GC(10) PSYoungGen: 5088K(5120K)->2528K(5632K) Eden: 3072K(3072K)->0K(3072K) From: 2016K(2048K)->2528K(2560K)
[0.242s][info][gc,heap        ] GC(10) ParOldGen: 2090K(4096K)->3186K(4096K)
[0.242s][info][gc,metaspace   ] GC(10) Metaspace: 6299K(6464K)->6299K(6464K) NonClass: 5766K(5824K)->5766K(5824K) Class: 533K(640K)->533K(640K)
[0.242s][info][gc             ] GC(10) Pause Young (Allocation Failure) 7M->5M(9M) 3.419ms
[0.242s][info][gc,cpu         ] GC(10) User=0.00s Sys=0.00s Real=0.00s
[0.242s][info][gc,start       ] GC(11) Pause Full (Ergonomics)
[0.242s][info][gc,phases,start] GC(11) Marking Phase
[0.245s][info][gc,phases      ] GC(11) Marking Phase 2.547ms
[0.245s][info][gc,phases,start] GC(11) Summary Phase
[0.245s][info][gc,phases      ] GC(11) Summary Phase 0.022ms
[0.245s][info][gc,phases,start] GC(11) Adjust Roots
[0.245s][info][gc,phases      ] GC(11) Adjust Roots 0.303ms
[0.245s][info][gc,phases,start] GC(11) Compaction Phase
[0.250s][info][gc,phases      ] GC(11) Compaction Phase 4.481ms
[0.250s][info][gc,phases,start] GC(11) Post Compact
[0.250s][info][gc,phases      ] GC(11) Post Compact 0.037ms
[0.250s][info][gc,heap        ] GC(11) PSYoungGen: 2528K(5632K)->2012K(5632K) Eden: 0K(3072K)->0K(3072K) From: 2528K(2560K)->2012K(2560K)
[0.250s][info][gc,heap        ] GC(11) ParOldGen: 3186K(4096K)->3649K(7168K)
[0.250s][info][gc,metaspace   ] GC(11) Metaspace: 6299K(6464K)->6299K(6464K) NonClass: 5766K(5824K)->5766K(5824K) Class: 533K(640K)->533K(640K)
[0.250s][info][gc             ] GC(11) Pause Full (Ergonomics) 5M->5M(12M) 7.685ms
[0.250s][info][gc,cpu         ] GC(11) User=0.00s Sys=0.00s Real=0.01s
[0.256s][info][gc,start       ] GC(12) Pause Young (Allocation Failure)
[0.259s][info][gc,heap        ] GC(12) PSYoungGen: 5084K(5632K)->2688K(8192K) Eden: 3072K(3072K)->0K(4608K) From: 2012K(2560K)->2688K(3584K)
[0.259s][info][gc,heap        ] GC(12) ParOldGen: 3649K(7168K)->4601K(7168K)
[0.259s][info][gc,metaspace   ] GC(12) Metaspace: 6299K(6464K)->6299K(6464K) NonClass: 5766K(5824K)->5766K(5824K) Class: 533K(640K)->533K(640K)
[0.259s][info][gc             ] GC(12) Pause Young (Allocation Failure) 8M->7M(15M) 3.219ms
[0.259s][info][gc,cpu         ] GC(12) User=0.00s Sys=0.00s Real=0.00s
[0.263s][info][gc,start       ] GC(13) Pause Young (Allocation Failure)
[0.267s][info][gc,heap        ] GC(13) PSYoungGen: 7296K(8192K)->3552K(8192K) Eden: 4608K(4608K)->0K(4608K) From: 2688K(3584K)->3552K(3584K)
[0.267s][info][gc,heap        ] GC(13) ParOldGen: 4601K(7168K)->6105K(7168K)
[0.267s][info][gc,metaspace   ] GC(13) Metaspace: 6299K(6464K)->6299K(6464K) NonClass: 5766K(5824K)->5766K(5824K) Class: 533K(640K)->533K(640K)
[0.267s][info][gc             ] GC(13) Pause Young (Allocation Failure) 11M->9M(15M) 3.940ms
[0.267s][info][gc,cpu         ] GC(13) User=0.00s Sys=0.00s Real=0.00s
[0.267s][info][gc,start       ] GC(14) Pause Full (Ergonomics)
[0.267s][info][gc,phases,start] GC(14) Marking Phase
[0.272s][info][gc,phases      ] GC(14) Marking Phase 4.358ms
[0.272s][info][gc,phases,start] GC(14) Summary Phase
[0.272s][info][gc,phases      ] GC(14) Summary Phase 0.016ms
[0.272s][info][gc,phases,start] GC(14) Adjust Roots
[0.272s][info][gc,phases      ] GC(14) Adjust Roots 0.168ms
[0.272s][info][gc,phases,start] GC(14) Compaction Phase
[0.275s][info][gc,phases      ] GC(14) Compaction Phase 3.342ms
[0.275s][info][gc,phases,start] GC(14) Post Compact
[0.275s][info][gc,phases      ] GC(14) Post Compact 0.071ms
[0.275s][info][gc,heap        ] GC(14) PSYoungGen: 3552K(8192K)->2523K(8192K) Eden: 0K(4608K)->0K(4608K) From: 3552K(3584K)->2523K(3584K)
[0.275s][info][gc,heap        ] GC(14) ParOldGen: 6105K(7168K)->7082K(11776K)
[0.275s][info][gc,metaspace   ] GC(14) Metaspace: 6299K(6464K)->6299K(6464K) NonClass: 5766K(5824K)->5766K(5824K) Class: 533K(640K)->533K(640K)
[0.276s][info][gc             ] GC(14) Pause Full (Ergonomics) 9M->9M(19M) 8.225ms
[0.276s][info][gc,cpu         ] GC(14) User=0.00s Sys=0.00s Real=0.01s
[0.280s][info][gc,start       ] GC(15) Pause Young (Allocation Failure)
[0.285s][info][gc,heap        ] GC(15) PSYoungGen: 6622K(8192K)->2080K(10752K) Eden: 4099K(4608K)->0K(6656K) From: 2523K(3584K)->2080K(4096K)
[0.285s][info][gc,heap        ] GC(15) ParOldGen: 7082K(11776K)->9658K(11776K)
[0.285s][info][gc,metaspace   ] GC(15) Metaspace: 6299K(6464K)->6299K(6464K) NonClass: 5766K(5824K)->5766K(5824K) Class: 533K(640K)->533K(640K)
[0.285s][info][gc             ] GC(15) Pause Young (Allocation Failure) 13M->11M(22M) 4.366ms
[0.285s][info][gc,cpu         ] GC(15) User=0.00s Sys=0.00s Real=0.00s
[0.285s][info][gc,start       ] GC(16) Pause Full (Ergonomics)
[0.285s][info][gc,phases,start] GC(16) Marking Phase
[0.290s][info][gc,phases      ] GC(16) Marking Phase 5.347ms
[0.290s][info][gc,phases,start] GC(16) Summary Phase
[0.290s][info][gc,phases      ] GC(16) Summary Phase 0.015ms
[0.290s][info][gc,phases,start] GC(16) Adjust Roots
[0.290s][info][gc,phases      ] GC(16) Adjust Roots 0.166ms
[0.290s][info][gc,phases,start] GC(16) Compaction Phase
[0.294s][info][gc,phases      ] GC(16) Compaction Phase 3.460ms
[0.294s][info][gc,phases,start] GC(16) Post Compact
[0.294s][info][gc,phases      ] GC(16) Post Compact 0.077ms
[0.294s][info][gc,heap        ] GC(16) PSYoungGen: 2080K(10752K)->0K(11264K) Eden: 0K(6656K)->0K(6656K) From: 2080K(4096K)->0K(4608K)
[0.294s][info][gc,heap        ] GC(16) ParOldGen: 9658K(11776K)->11671K(18432K)
[0.294s][info][gc,metaspace   ] GC(16) Metaspace: 6299K(6464K)->6299K(6464K) NonClass: 5766K(5824K)->5766K(5824K) Class: 533K(640K)->533K(640K)
[0.294s][info][gc             ] GC(16) Pause Full (Ergonomics) 11M->11M(29M) 9.309ms
[0.294s][info][gc,cpu         ] GC(16) User=0.00s Sys=0.00s Real=0.01s
[0.302s][info][gc,start       ] GC(17) Pause Young (Allocation Failure)
[0.307s][info][gc,heap        ] GC(17) PSYoungGen: 6656K(11264K)->3680K(12800K) Eden: 6656K(6656K)->0K(8192K) From: 0K(4608K)->3680K(4608K)
[0.307s][info][gc,heap        ] GC(17) ParOldGen: 11671K(18432K)->11671K(18432K)
[0.307s][info][gc,metaspace   ] GC(17) Metaspace: 6301K(6464K)->6301K(6464K) NonClass: 5768K(5824K)->5768K(5824K) Class: 533K(640K)->533K(640K)
[0.307s][info][gc             ] GC(17) Pause Young (Allocation Failure) 17M->14M(30M) 4.903ms
[0.307s][info][gc,cpu         ] GC(17) User=0.00s Sys=0.00s Real=0.00s
[0.314s][info][gc,start       ] GC(18) Pause Young (Allocation Failure)
[0.320s][info][gc,heap        ] GC(18) PSYoungGen: 11872K(12800K)->5088K(13312K) Eden: 8192K(8192K)->0K(8192K) From: 3680K(4608K)->5088K(5120K)
[0.320s][info][gc,heap        ] GC(18) ParOldGen: 11671K(18432K)->14519K(18432K)
[0.320s][info][gc,metaspace   ] GC(18) Metaspace: 6301K(6464K)->6301K(6464K) NonClass: 5768K(5824K)->5768K(5824K) Class: 533K(640K)->533K(640K)
[0.320s][info][gc             ] GC(18) Pause Young (Allocation Failure) 22M->19M(31M) 6.825ms
[0.320s][info][gc,cpu         ] GC(18) User=0.00s Sys=0.00s Real=0.01s
[0.330s][info][gc,start       ] GC(19) Pause Young (Allocation Failure)
[0.339s][info][gc,heap        ] GC(19) PSYoungGen: 13280K(13312K)->4768K(18432K) Eden: 8192K(8192K)->0K(11264K) From: 5088K(5120K)->4768K(7168K)
[0.339s][info][gc,heap        ] GC(19) ParOldGen: 14519K(18432K)->19167K(19456K)
[0.339s][info][gc,metaspace   ] GC(19) Metaspace: 6301K(6464K)->6301K(6464K) NonClass: 5768K(5824K)->5768K(5824K) Class: 533K(640K)->533K(640K)
[0.339s][info][gc             ] GC(19) Pause Young (Allocation Failure) 27M->23M(37M) 8.881ms
[0.339s][info][gc,cpu         ] GC(19) User=0.00s Sys=0.00s Real=0.01s
[0.339s][info][gc,start       ] GC(20) Pause Full (Ergonomics)
[0.339s][info][gc,phases,start] GC(20) Marking Phase
[0.350s][info][gc,phases      ] GC(20) Marking Phase 11.060ms
[0.350s][info][gc,phases,start] GC(20) Summary Phase
[0.350s][info][gc,phases      ] GC(20) Summary Phase 0.015ms
[0.350s][info][gc,phases,start] GC(20) Adjust Roots
[0.351s][info][gc,phases      ] GC(20) Adjust Roots 0.233ms
[0.351s][info][gc,phases,start] GC(20) Compaction Phase
[0.360s][info][gc,phases      ] GC(20) Compaction Phase 9.567ms
[0.360s][info][gc,phases,start] GC(20) Post Compact
[0.360s][info][gc,phases      ] GC(20) Post Compact 0.101ms
[0.360s][info][gc,heap        ] GC(20) PSYoungGen: 4768K(18432K)->4727K(18432K) Eden: 0K(11264K)->0K(11264K) From: 4768K(7168K)->4727K(7168K)
[0.361s][info][gc,heap        ] GC(20) ParOldGen: 19167K(19456K)->18781K(28160K)
[0.361s][info][gc,metaspace   ] GC(20) Metaspace: 6301K(6464K)->6301K(6464K) NonClass: 5768K(5824K)->5768K(5824K) Class: 533K(640K)->533K(640K)
[0.361s][info][gc             ] GC(20) Pause Full (Ergonomics) 23M->22M(45M) 21.381ms
[0.361s][info][gc,cpu         ] GC(20) User=0.00s Sys=0.00s Real=0.02s
[0.368s][info][gc,start       ] GC(21) Pause Young (Allocation Failure)
[0.377s][info][gc,heap        ] GC(21) PSYoungGen: 15991K(18432K)->5856K(18432K) Eden: 11264K(11264K)->0K(11264K) From: 4727K(7168K)->5856K(7168K)
[0.377s][info][gc,heap        ] GC(21) ParOldGen: 18781K(28160K)->23573K(28160K)
[0.377s][info][gc,metaspace   ] GC(21) Metaspace: 6301K(6464K)->6301K(6464K) NonClass: 5768K(5824K)->5768K(5824K) Class: 533K(640K)->533K(640K)
[0.377s][info][gc             ] GC(21) Pause Young (Allocation Failure) 33M->28M(45M) 9.551ms
[0.377s][info][gc,cpu         ] GC(21) User=0.02s Sys=0.00s Real=0.01s
[0.377s][info][gc,start       ] GC(22) Pause Full (Ergonomics)
[0.377s][info][gc,phases,start] GC(22) Marking Phase
[0.390s][info][gc,phases      ] GC(22) Marking Phase 12.447ms
[0.390s][info][gc,phases,start] GC(22) Summary Phase
[0.390s][info][gc,phases      ] GC(22) Summary Phase 0.015ms
[0.390s][info][gc,phases,start] GC(22) Adjust Roots
[0.390s][info][gc,phases      ] GC(22) Adjust Roots 0.250ms
[0.390s][info][gc,phases,start] GC(22) Compaction Phase
[0.399s][info][gc,phases      ] GC(22) Compaction Phase 8.814ms
[0.399s][info][gc,phases,start] GC(22) Post Compact
[0.399s][info][gc,phases      ] GC(22) Post Compact 0.109ms
[0.399s][info][gc,heap        ] GC(22) PSYoungGen: 5856K(18432K)->1226K(18432K) Eden: 0K(11264K)->0K(11264K) From: 5856K(7168K)->1226K(7168K)
[0.399s][info][gc,heap        ] GC(22) ParOldGen: 23573K(28160K)->28108K(39424K)
[0.399s][info][gc,metaspace   ] GC(22) Metaspace: 6301K(6464K)->6301K(6464K) NonClass: 5768K(5824K)->5768K(5824K) Class: 533K(640K)->533K(640K)
[0.399s][info][gc             ] GC(22) Pause Full (Ergonomics) 28M->28M(56M) 21.980ms
[0.399s][info][gc,cpu         ] GC(22) User=0.00s Sys=0.00s Real=0.02s
[0.406s][info][gc,start       ] GC(23) Pause Young (Allocation Failure)
[0.415s][info][gc,heap        ] GC(23) PSYoungGen: 12490K(18432K)->5856K(21504K) Eden: 11264K(11264K)->0K(13312K) From: 1226K(7168K)->5856K(8192K)
[0.415s][info][gc,heap        ] GC(23) ParOldGen: 28108K(39424K)->29364K(39424K)
[0.415s][info][gc,metaspace   ] GC(23) Metaspace: 6301K(6464K)->6301K(6464K) NonClass: 5768K(5824K)->5768K(5824K) Class: 533K(640K)->533K(640K)
[0.415s][info][gc             ] GC(23) Pause Young (Allocation Failure) 39M->34M(59M) 8.826ms
[0.415s][info][gc,cpu         ] GC(23) User=0.00s Sys=0.00s Real=0.01s
[0.431s][info][gc,start       ] GC(24) Pause Young (Allocation Failure)
[0.444s][info][gc,heap        ] GC(24) PSYoungGen: 19168K(21504K)->8672K(22016K) Eden: 13312K(13312K)->0K(13312K) From: 5856K(8192K)->8672K(8704K)
[0.444s][info][gc,heap        ] GC(24) ParOldGen: 29364K(39424K)->38548K(39424K)
[0.444s][info][gc,metaspace   ] GC(24) Metaspace: 6301K(6464K)->6301K(6464K) NonClass: 5768K(5824K)->5768K(5824K) Class: 533K(640K)->533K(640K)
[0.444s][info][gc             ] GC(24) Pause Young (Allocation Failure) 47M->46M(60M) 13.614ms
[0.445s][info][gc,cpu         ] GC(24) User=0.00s Sys=0.00s Real=0.01s
[0.445s][info][gc,start       ] GC(25) Pause Full (Ergonomics)
[0.445s][info][gc,phases,start] GC(25) Marking Phase
[0.462s][info][gc,phases      ] GC(25) Marking Phase 17.736ms
[0.462s][info][gc,phases,start] GC(25) Summary Phase
[0.462s][info][gc,phases      ] GC(25) Summary Phase 0.018ms
[0.462s][info][gc,phases,start] GC(25) Adjust Roots
[0.463s][info][gc,phases      ] GC(25) Adjust Roots 0.167ms
[0.463s][info][gc,phases,start] GC(25) Compaction Phase
[0.478s][info][gc,phases      ] GC(25) Compaction Phase 15.080ms
[0.478s][info][gc,phases,start] GC(25) Post Compact
[0.478s][info][gc,phases      ] GC(25) Post Compact 0.192ms
[0.478s][info][gc,heap        ] GC(25) PSYoungGen: 8672K(22016K)->8659K(22016K) Eden: 0K(13312K)->0K(13312K) From: 8672K(8704K)->8659K(8704K)
[0.478s][info][gc,heap        ] GC(25) ParOldGen: 38548K(39424K)->37348K(52736K)
[0.478s][info][gc,metaspace   ] GC(25) Metaspace: 6301K(6464K)->6301K(6464K) NonClass: 5768K(5824K)->5768K(5824K) Class: 533K(640K)->533K(640K)
[0.478s][info][gc             ] GC(25) Pause Full (Ergonomics) 46M->44M(73M) 33.575ms
[0.478s][info][gc,cpu         ] GC(25) User=0.02s Sys=0.00s Real=0.03s
[0.491s][info][gc,start       ] GC(26) Pause Young (Allocation Failure)
[0.507s][info][gc,heap        ] GC(26) PSYoungGen: 21971K(22016K)->13312K(24064K) Eden: 13312K(13312K)->0K(10752K) From: 8659K(8704K)->13312K(13312K)
[0.507s][info][gc,heap        ] GC(26) ParOldGen: 37348K(52736K)->46132K(52736K)
[0.507s][info][gc,metaspace   ] GC(26) Metaspace: 6301K(6464K)->6301K(6464K) NonClass: 5768K(5824K)->5768K(5824K) Class: 533K(640K)->533K(640K)
[0.507s][info][gc             ] GC(26) Pause Young (Allocation Failure) 57M->58M(75M) 16.387ms
[0.507s][info][gc,cpu         ] GC(26) User=0.03s Sys=0.00s Real=0.02s
[0.507s][info][gc,start       ] GC(27) Pause Full (Ergonomics)
[0.507s][info][gc,phases,start] GC(27) Marking Phase
[0.529s][info][gc,phases      ] GC(27) Marking Phase 21.579ms
[0.529s][info][gc,phases,start] GC(27) Summary Phase
[0.529s][info][gc,phases      ] GC(27) Summary Phase 0.017ms
[0.529s][info][gc,phases,start] GC(27) Adjust Roots
[0.529s][info][gc,phases      ] GC(27) Adjust Roots 0.149ms
[0.529s][info][gc,phases,start] GC(27) Compaction Phase
[0.546s][info][gc,phases      ] GC(27) Compaction Phase 17.319ms
[0.546s][info][gc,phases,start] GC(27) Post Compact
[0.547s][info][gc,phases      ] GC(27) Post Compact 0.229ms
[0.547s][info][gc,heap        ] GC(27) PSYoungGen: 13312K(24064K)->6626K(24064K) Eden: 0K(10752K)->0K(10752K) From: 13312K(13312K)->6626K(13312K)
[0.547s][info][gc,heap        ] GC(27) ParOldGen: 46132K(52736K)->52663K(71168K)
[0.547s][info][gc,metaspace   ] GC(27) Metaspace: 6301K(6464K)->6301K(6464K) NonClass: 5768K(5824K)->5768K(5824K) Class: 533K(640K)->533K(640K)
[0.547s][info][gc             ] GC(27) Pause Full (Ergonomics) 58M->57M(93M) 39.701ms
[0.547s][info][gc,cpu         ] GC(27) User=0.05s Sys=0.00s Real=0.04s
[0.557s][info][gc,start       ] GC(28) Pause Young (Allocation Failure)
[0.573s][info][gc,heap        ] GC(28) PSYoungGen: 17378K(24064K)->10784K(29696K) Eden: 10752K(10752K)->0K(10752K) From: 6626K(13312K)->10784K(18944K)
[0.573s][info][gc,heap        ] GC(28) ParOldGen: 52663K(71168K)->59399K(71168K)
[0.573s][info][gc,metaspace   ] GC(28) Metaspace: 6301K(6464K)->6301K(6464K) NonClass: 5768K(5824K)->5768K(5824K) Class: 533K(640K)->533K(640K)
[0.573s][info][gc             ] GC(28) Pause Young (Allocation Failure) 68M->68M(98M) 15.454ms
[0.573s][info][gc,cpu         ] GC(28) User=0.00s Sys=0.00s Real=0.02s
[0.583s][info][gc,start       ] GC(29) Pause Young (Allocation Failure)
[0.598s][info][gc,heap        ] GC(29) PSYoungGen: 21536K(29696K)->19456K(28160K) Eden: 10752K(10752K)->0K(8704K) From: 10784K(18944K)->19456K(19456K)
[0.598s][info][gc,heap        ] GC(29) ParOldGen: 59399K(71168K)->61463K(71168K)
[0.598s][info][gc,metaspace   ] GC(29) Metaspace: 6301K(6464K)->6301K(6464K) NonClass: 5768K(5824K)->5768K(5824K) Class: 533K(640K)->533K(640K)
[0.598s][info][gc             ] GC(29) Pause Young (Allocation Failure) 79M->79M(97M) 15.303ms
[0.598s][info][gc,cpu         ] GC(29) User=0.00s Sys=0.00s Real=0.02s
[0.606s][info][gc,start       ] GC(30) Pause Young (Allocation Failure)
[0.626s][info][gc,heap        ] GC(30) PSYoungGen: 27618K(28160K)->8064K(32256K) Eden: 8162K(8704K)->0K(8704K) From: 19456K(19456K)->8064K(23552K)
[0.626s][info][gc,heap        ] GC(30) ParOldGen: 61463K(71168K)->81199K(81408K)
[0.626s][info][gc,metaspace   ] GC(30) Metaspace: 6301K(6464K)->6301K(6464K) NonClass: 5768K(5824K)->5768K(5824K) Class: 533K(640K)->533K(640K)
[0.626s][info][gc             ] GC(30) Pause Young (Allocation Failure) 86M->87M(111M) 19.608ms
[0.626s][info][gc,cpu         ] GC(30) User=0.00s Sys=0.00s Real=0.02s
[0.626s][info][gc,start       ] GC(31) Pause Full (Ergonomics)
[0.626s][info][gc,phases,start] GC(31) Marking Phase
[0.660s][info][gc,phases      ] GC(31) Marking Phase 33.567ms
[0.660s][info][gc,phases,start] GC(31) Summary Phase
[0.660s][info][gc,phases      ] GC(31) Summary Phase 0.016ms
[0.660s][info][gc,phases,start] GC(31) Adjust Roots
[0.660s][info][gc,phases      ] GC(31) Adjust Roots 0.171ms
[0.660s][info][gc,phases,start] GC(31) Compaction Phase
[0.685s][info][gc,phases      ] GC(31) Compaction Phase 25.410ms
[0.685s][info][gc,phases,start] GC(31) Post Compact
[0.686s][info][gc,phases      ] GC(31) Post Compact 0.552ms
[0.686s][info][gc,heap        ] GC(31) PSYoungGen: 8064K(32256K)->7487K(32256K) Eden: 0K(8704K)->0K(8704K) From: 8064K(23552K)->7487K(23552K)
[0.686s][info][gc,heap        ] GC(31) ParOldGen: 81199K(81408K)->81240K(107008K)
[0.686s][info][gc,metaspace   ] GC(31) Metaspace: 6301K(6464K)->6301K(6464K) NonClass: 5768K(5824K)->5768K(5824K) Class: 533K(640K)->533K(640K)
[0.686s][info][gc             ] GC(31) Pause Full (Ergonomics) 87M->86M(136M) 60.185ms
[0.686s][info][gc,cpu         ] GC(31) User=0.11s Sys=0.00s Real=0.06s
[0.706s][info][gc,start       ] GC(32) Pause Young (Allocation Failure)
[0.720s][info][gc,heap        ] GC(32) PSYoungGen: 16191K(32256K)->8768K(30720K) Eden: 8704K(8704K)->0K(10752K) From: 7487K(23552K)->8768K(19968K)
[0.720s][info][gc,heap        ] GC(32) ParOldGen: 81240K(107008K)->88856K(107008K)
[0.720s][info][gc,metaspace   ] GC(32) Metaspace: 6301K(6464K)->6301K(6464K) NonClass: 5768K(5824K)->5768K(5824K) Class: 533K(640K)->533K(640K)
[0.720s][info][gc             ] GC(32) Pause Young (Allocation Failure) 95M->95M(134M) 13.787ms
[0.720s][info][gc,cpu         ] GC(32) User=0.00s Sys=0.00s Real=0.01s
[0.728s][info][gc,start       ] GC(33) Pause Young (Allocation Failure)
[0.738s][info][gc,heap        ] GC(33) PSYoungGen: 19520K(30720K)->19488K(31744K) Eden: 10752K(10752K)->0K(10752K) From: 8768K(19968K)->19488K(20992K)
[0.738s][info][gc,heap        ] GC(33) ParOldGen: 88856K(107008K)->88856K(107008K)
[0.738s][info][gc,metaspace   ] GC(33) Metaspace: 6301K(6464K)->6301K(6464K) NonClass: 5768K(5824K)->5768K(5824K) Class: 533K(640K)->533K(640K)
[0.738s][info][gc             ] GC(33) Pause Young (Allocation Failure) 105M->105M(135M) 10.103ms
[0.739s][info][gc,cpu         ] GC(33) User=0.00s Sys=0.00s Real=0.01s
[0.748s][info][gc,start       ] GC(34) Pause Young (Allocation Failure)
[0.762s][info][gc,heap        ] GC(34) PSYoungGen: 30240K(31744K)->21536K(33792K) Eden: 10752K(10752K)->0K(10240K) From: 19488K(20992K)->21536K(23552K)
[0.762s][info][gc,heap        ] GC(34) ParOldGen: 88856K(107008K)->97624K(107008K)
[0.762s][info][gc,metaspace   ] GC(34) Metaspace: 6301K(6464K)->6301K(6464K) NonClass: 5768K(5824K)->5768K(5824K) Class: 533K(640K)->533K(640K)
[0.762s][info][gc             ] GC(34) Pause Young (Allocation Failure) 116M->116M(137M) 14.402ms
[0.762s][info][gc,cpu         ] GC(34) User=0.00s Sys=0.00s Real=0.01s
[0.762s][info][gc,start       ] GC(35) Pause Full (Ergonomics)
[0.762s][info][gc,phases,start] GC(35) Marking Phase
[0.793s][info][gc,phases      ] GC(35) Marking Phase 30.799ms
[0.793s][info][gc,phases,start] GC(35) Summary Phase
[0.793s][info][gc,phases      ] GC(35) Summary Phase 0.022ms
[0.793s][info][gc,phases,start] GC(35) Adjust Roots
[0.794s][info][gc,phases      ] GC(35) Adjust Roots 0.145ms
[0.794s][info][gc,phases,start] GC(35) Compaction Phase
[0.824s][info][gc,phases      ] GC(35) Compaction Phase 30.419ms
[0.824s][info][gc,phases,start] GC(35) Post Compact
[0.824s][info][gc,phases      ] GC(35) Post Compact 0.408ms
[0.825s][info][gc,heap        ] GC(35) PSYoungGen: 21536K(33792K)->10196K(33792K) Eden: 0K(10240K)->0K(10240K) From: 21536K(23552K)->10196K(23552K)
[0.825s][info][gc,heap        ] GC(35) ParOldGen: 97624K(107008K)->106608K(134144K)
[0.825s][info][gc,metaspace   ] GC(35) Metaspace: 6301K(6464K)->6301K(6464K) NonClass: 5768K(5824K)->5768K(5824K) Class: 533K(640K)->533K(640K)
[0.825s][info][gc             ] GC(35) Pause Full (Ergonomics) 116M->114M(164M) 62.184ms
[0.825s][info][gc,cpu         ] GC(35) User=0.09s Sys=0.00s Real=0.06s
[0.834s][info][gc,start       ] GC(36) Pause Young (Allocation Failure)
[0.851s][info][gc,heap        ] GC(36) PSYoungGen: 20436K(33792K)->15040K(36864K) Eden: 10240K(10240K)->0K(10240K) From: 10196K(23552K)->15040K(26624K)
[0.851s][info][gc,heap        ] GC(36) ParOldGen: 106608K(134144K)->112112K(134144K)
[0.851s][info][gc,metaspace   ] GC(36) Metaspace: 6301K(6464K)->6301K(6464K) NonClass: 5768K(5824K)->5768K(5824K) Class: 533K(640K)->533K(640K)
[0.851s][info][gc             ] GC(36) Pause Young (Allocation Failure) 124M->124M(167M) 16.978ms
[0.851s][info][gc,cpu         ] GC(36) User=0.02s Sys=0.00s Real=0.02s
[0.861s][info][gc,start       ] GC(37) Pause Young (Allocation Failure)
[0.874s][info][gc,heap        ] GC(37) PSYoungGen: 25280K(36864K)->25344K(34816K) Eden: 10240K(10240K)->0K(8192K) From: 15040K(26624K)->25344K(26624K)
[0.874s][info][gc,heap        ] GC(37) ParOldGen: 112112K(134144K)->112112K(134144K)
[0.874s][info][gc,metaspace   ] GC(37) Metaspace: 6301K(6464K)->6301K(6464K) NonClass: 5768K(5824K)->5768K(5824K) Class: 533K(640K)->533K(640K)
[0.874s][info][gc             ] GC(37) Pause Young (Allocation Failure) 134M->134M(165M) 13.372ms
[0.874s][info][gc,cpu         ] GC(37) User=0.00s Sys=0.00s Real=0.01s
[0.882s][info][gc,start       ] GC(38) Pause Young (Allocation Failure)
[0.899s][info][gc,heap        ] GC(38) PSYoungGen: 33536K(34816K)->28672K(38400K) Eden: 8192K(8192K)->0K(8192K) From: 25344K(26624K)->28672K(30208K)
[0.899s][info][gc,heap        ] GC(38) ParOldGen: 112112K(134144K)->116992K(134144K)
[0.899s][info][gc,metaspace   ] GC(38) Metaspace: 6301K(6464K)->6301K(6464K) NonClass: 5768K(5824K)->5768K(5824K) Class: 533K(640K)->533K(640K)
[0.899s][info][gc             ] GC(38) Pause Young (Allocation Failure) 142M->142M(168M) 16.414ms
[0.899s][info][gc,cpu         ] GC(38) User=0.05s Sys=0.00s Real=0.02s
[0.907s][info][gc,start       ] GC(39) Pause Young (Allocation Failure)
[0.926s][info][gc,heap        ] GC(39) PSYoungGen: 36864K(38400K)->16416K(41472K) Eden: 8192K(8192K)->0K(9728K) From: 28672K(30208K)->16416K(31744K)
[0.926s][info][gc,heap        ] GC(39) ParOldGen: 116992K(134144K)->137736K(138240K)
[0.926s][info][gc,metaspace   ] GC(39) Metaspace: 6301K(6464K)->6301K(6464K) NonClass: 5768K(5824K)->5768K(5824K) Class: 533K(640K)->533K(640K)
[0.926s][info][gc             ] GC(39) Pause Young (Allocation Failure) 150M->150M(175M) 19.382ms
[0.926s][info][gc,cpu         ] GC(39) User=0.03s Sys=0.00s Real=0.02s
[0.926s][info][gc,start       ] GC(40) Pause Full (Ergonomics)
[0.926s][info][gc,phases,start] GC(40) Marking Phase
[0.970s][info][gc,phases      ] GC(40) Marking Phase 43.236ms
[0.970s][info][gc,phases,start] GC(40) Summary Phase
[0.970s][info][gc,phases      ] GC(40) Summary Phase 0.019ms
[0.970s][info][gc,phases,start] GC(40) Adjust Roots
[0.970s][info][gc,phases      ] GC(40) Adjust Roots 0.143ms
[0.970s][info][gc,phases,start] GC(40) Compaction Phase
[0.993s][info][gc,phases      ] GC(40) Compaction Phase 23.066ms
[0.993s][info][gc,phases,start] GC(40) Post Compact
[0.994s][info][gc,phases      ] GC(40) Post Compact 0.861ms
[0.994s][info][gc,heap        ] GC(40) PSYoungGen: 16416K(41472K)->15810K(43008K) Eden: 0K(9728K)->0K(11264K) From: 16416K(31744K)->15810K(31744K)
[0.994s][info][gc,heap        ] GC(40) ParOldGen: 137736K(138240K)->137733K(169984K)
[0.994s][info][gc,metaspace   ] GC(40) Metaspace: 6301K(6464K)->6301K(6464K) NonClass: 5768K(5824K)->5768K(5824K) Class: 533K(640K)->533K(640K)
[0.994s][info][gc             ] GC(40) Pause Full (Ergonomics) 150M->149M(208M) 67.911ms
[0.994s][info][gc,cpu         ] GC(40) User=0.16s Sys=0.00s Real=0.07s
[1.005s][info][gc,start       ] GC(41) Pause Young (Allocation Failure)
[1.026s][info][gc,heap        ] GC(41) PSYoungGen: 27074K(43008K)->11328K(44544K) Eden: 11264K(11264K)->0K(11264K) From: 15810K(31744K)->11328K(33280K)
[1.026s][info][gc,heap        ] GC(41) ParOldGen: 137733K(169984K)->153805K(169984K)
[1.026s][info][gc,metaspace   ] GC(41) Metaspace: 6301K(6464K)->6301K(6464K) NonClass: 5768K(5824K)->5768K(5824K) Class: 533K(640K)->533K(640K)
[1.026s][info][gc             ] GC(41) Pause Young (Allocation Failure) 160M->161M(209M) 20.718ms
[1.026s][info][gc,cpu         ] GC(41) User=0.05s Sys=0.03s Real=0.02s
[1.026s][info][gc,start       ] GC(42) Pause Full (Ergonomics)
[1.026s][info][gc,phases,start] GC(42) Marking Phase
[1.067s][info][gc,phases      ] GC(42) Marking Phase 40.645ms
[1.067s][info][gc,phases,start] GC(42) Summary Phase
[1.067s][info][gc,phases      ] GC(42) Summary Phase 0.024ms
[1.067s][info][gc,phases,start] GC(42) Adjust Roots
[1.067s][info][gc,phases      ] GC(42) Adjust Roots 0.141ms
[1.067s][info][gc,phases,start] GC(42) Compaction Phase
[1.086s][info][gc,phases      ] GC(42) Compaction Phase 18.888ms
[1.086s][info][gc,phases,start] GC(42) Post Compact
[1.087s][info][gc,phases      ] GC(42) Post Compact 0.864ms
[1.087s][info][gc,heap        ] GC(42) PSYoungGen: 11328K(44544K)->0K(45568K) Eden: 0K(11264K)->0K(13312K) From: 11328K(33280K)->0K(32256K)
[1.087s][info][gc,heap        ] GC(42) ParOldGen: 153805K(169984K)->164778K(201216K)
[1.087s][info][gc,metaspace   ] GC(42) Metaspace: 6301K(6464K)->6301K(6464K) NonClass: 5768K(5824K)->5768K(5824K) Class: 533K(640K)->533K(640K)
[1.087s][info][gc             ] GC(42) Pause Full (Ergonomics) 161M->160M(241M) 61.010ms
[1.087s][info][gc,cpu         ] GC(42) User=0.22s Sys=0.02s Real=0.06s
[1.127s][info][gc,start       ] GC(43) Pause Young (Allocation Failure)
[1.139s][info][gc,heap        ] GC(43) PSYoungGen: 13312K(45568K)->13408K(45568K) Eden: 13312K(13312K)->0K(13312K) From: 0K(32256K)->13408K(32256K)
[1.139s][info][gc,heap        ] GC(43) ParOldGen: 172970K(201216K)->172970K(201216K)
[1.139s][info][gc,metaspace   ] GC(43) Metaspace: 6301K(6464K)->6301K(6464K) NonClass: 5768K(5824K)->5768K(5824K) Class: 533K(640K)->533K(640K)
[1.139s][info][gc             ] GC(43) Pause Young (Allocation Failure) 181M->182M(241M) 12.353ms
[1.139s][info][gc,cpu         ] GC(43) User=0.02s Sys=0.00s Real=0.01s
[1.151s][info][gc,start       ] GC(44) Pause Young (Allocation Failure)
[1.169s][info][gc,heap        ] GC(44) PSYoungGen: 26720K(45568K)->26720K(42496K) Eden: 13312K(13312K)->0K(12288K) From: 13408K(32256K)->26720K(30208K)
[1.169s][info][gc,heap        ] GC(44) ParOldGen: 172970K(201216K)->172970K(201216K)
[1.169s][info][gc,metaspace   ] GC(44) Metaspace: 6301K(6464K)->6301K(6464K) NonClass: 5768K(5824K)->5768K(5824K) Class: 533K(640K)->533K(640K)
[1.169s][info][gc             ] GC(44) Pause Young (Allocation Failure) 195M->195M(238M) 17.450ms
[1.169s][info][gc,cpu         ] GC(44) User=0.02s Sys=0.02s Real=0.02s
[1.181s][info][gc,start       ] GC(45) Pause Young (Allocation Failure)
[1.200s][info][gc,heap        ] GC(45) PSYoungGen: 39008K(42496K)->33280K(45568K) Eden: 12288K(12288K)->0K(12288K) From: 26720K(30208K)->33280K(33280K)
[1.200s][info][gc,heap        ] GC(45) ParOldGen: 172970K(201216K)->178682K(201216K)
[1.200s][info][gc,metaspace   ] GC(45) Metaspace: 6301K(6464K)->6301K(6464K) NonClass: 5768K(5824K)->5768K(5824K) Class: 533K(640K)->533K(640K)
[1.200s][info][gc             ] GC(45) Pause Young (Allocation Failure) 207M->206M(241M) 18.729ms
[1.200s][info][gc,cpu         ] GC(45) User=0.03s Sys=0.05s Real=0.02s
[1.212s][info][gc,start       ] GC(46) Pause Young (Allocation Failure)
[1.235s][info][gc,heap        ] GC(46) PSYoungGen: 45568K(45568K)->23968K(54272K) Eden: 12288K(12288K)->0K(13824K) From: 33280K(33280K)->23968K(40448K)
[1.236s][info][gc,heap        ] GC(46) ParOldGen: 178682K(201216K)->200658K(201216K)
[1.236s][info][gc,metaspace   ] GC(46) Metaspace: 6301K(6464K)->6301K(6464K) NonClass: 5768K(5824K)->5768K(5824K) Class: 533K(640K)->533K(640K)
[1.236s][info][gc             ] GC(46) Pause Young (Allocation Failure) 218M->219M(249M) 23.304ms
[1.236s][info][gc,cpu         ] GC(46) User=0.03s Sys=0.00s Real=0.02s
[1.236s][info][gc,start       ] GC(47) Pause Full (Ergonomics)
[1.236s][info][gc,phases,start] GC(47) Marking Phase
[1.295s][info][gc,phases      ] GC(47) Marking Phase 59.305ms
[1.295s][info][gc,phases,start] GC(47) Summary Phase
[1.295s][info][gc,phases      ] GC(47) Summary Phase 0.017ms
[1.295s][info][gc,phases,start] GC(47) Adjust Roots
[1.295s][info][gc,phases      ] GC(47) Adjust Roots 0.148ms
[1.295s][info][gc,phases,start] GC(47) Compaction Phase
[1.336s][info][gc,phases      ] GC(47) Compaction Phase 40.964ms
[1.336s][info][gc,phases,start] GC(47) Post Compact
[1.337s][info][gc,phases      ] GC(47) Post Compact 0.970ms
[1.337s][info][gc,heap        ] GC(47) PSYoungGen: 23968K(54272K)->19228K(54272K) Eden: 0K(13824K)->0K(13824K) From: 23968K(40448K)->19228K(40448K)
[1.337s][info][gc,heap        ] GC(47) ParOldGen: 200658K(201216K)->200720K(241664K)
[1.337s][info][gc,metaspace   ] GC(47) Metaspace: 6301K(6464K)->6301K(6464K) NonClass: 5768K(5824K)->5768K(5824K) Class: 533K(640K)->533K(640K)
[1.338s][info][gc             ] GC(47) Pause Full (Ergonomics) 219M->214M(289M) 101.868ms
[1.338s][info][gc,cpu         ] GC(47) User=0.30s Sys=0.00s Real=0.10s
[1.354s][info][gc,start       ] GC(48) Pause Young (Allocation Failure)
[1.377s][info][gc,heap        ] GC(48) PSYoungGen: 33052K(54272K)->23232K(54272K) Eden: 13824K(13824K)->0K(13824K) From: 19228K(40448K)->23232K(40448K)
[1.377s][info][gc,heap        ] GC(48) ParOldGen: 200720K(241664K)->210880K(241664K)
[1.377s][info][gc,metaspace   ] GC(48) Metaspace: 6301K(6464K)->6301K(6464K) NonClass: 5768K(5824K)->5768K(5824K) Class: 533K(640K)->533K(640K)
[1.377s][info][gc             ] GC(48) Pause Young (Allocation Failure) 228M->228M(289M) 22.555ms
[1.377s][info][gc,cpu         ] GC(48) User=0.11s Sys=0.00s Real=0.02s
[1.392s][info][gc,start       ] GC(49) Pause Young (Allocation Failure)
[1.409s][info][gc,heap        ] GC(49) PSYoungGen: 37056K(54272K)->27744K(54272K) Eden: 13824K(13824K)->0K(14336K) From: 23232K(40448K)->27744K(39936K)
[1.409s][info][gc,heap        ] GC(49) ParOldGen: 210880K(241664K)->220272K(241664K)
[1.409s][info][gc,metaspace   ] GC(49) Metaspace: 6301K(6464K)->6301K(6464K) NonClass: 5768K(5824K)->5768K(5824K) Class: 533K(640K)->533K(640K)
[1.409s][info][gc             ] GC(49) Pause Young (Allocation Failure) 242M->242M(289M) 17.548ms
[1.409s][info][gc,cpu         ] GC(49) User=0.09s Sys=0.00s Real=0.02s
[1.425s][info][gc,start       ] GC(50) Pause Young (Allocation Failure)
[1.446s][info][gc,heap        ] GC(50) PSYoungGen: 42080K(54272K)->28256K(55808K) Eden: 14336K(14336K)->0K(14336K) From: 27744K(39936K)->28256K(41472K)
[1.446s][info][gc,heap        ] GC(50) ParOldGen: 220272K(241664K)->234304K(241664K)
[1.446s][info][gc,metaspace   ] GC(50) Metaspace: 6301K(6464K)->6301K(6464K) NonClass: 5768K(5824K)->5768K(5824K) Class: 533K(640K)->533K(640K)
[1.446s][info][gc             ] GC(50) Pause Young (Allocation Failure) 256M->256M(290M) 20.640ms
[1.446s][info][gc,cpu         ] GC(50) User=0.09s Sys=0.00s Real=0.02s
[1.446s][info][gc,start       ] GC(51) Pause Full (Ergonomics)
[1.446s][info][gc,phases,start] GC(51) Marking Phase
[1.511s][info][gc,phases      ] GC(51) Marking Phase 64.865ms
[1.511s][info][gc,phases,start] GC(51) Summary Phase
[1.511s][info][gc,phases      ] GC(51) Summary Phase 0.018ms
[1.511s][info][gc,phases,start] GC(51) Adjust Roots
[1.511s][info][gc,phases      ] GC(51) Adjust Roots 0.154ms
[1.511s][info][gc,phases,start] GC(51) Compaction Phase
[1.540s][info][gc,phases      ] GC(51) Compaction Phase 28.398ms
[1.540s][info][gc,phases,start] GC(51) Post Compact
[1.541s][info][gc,phases      ] GC(51) Post Compact 1.511ms
[1.541s][info][gc,heap        ] GC(51) PSYoungGen: 28256K(55808K)->20434K(55808K) Eden: 0K(14336K)->0K(14336K) From: 28256K(41472K)->20434K(41472K)
[1.541s][info][gc,heap        ] GC(51) ParOldGen: 234304K(241664K)->241409K(283648K)
[1.541s][info][gc,metaspace   ] GC(51) Metaspace: 6301K(6464K)->6301K(6464K) NonClass: 5768K(5824K)->5768K(5824K) Class: 533K(640K)->533K(640K)
[1.541s][info][gc             ] GC(51) Pause Full (Ergonomics) 256M->255M(331M) 95.457ms
[1.542s][info][gc,cpu         ] GC(51) User=0.39s Sys=0.02s Real=0.10s
[1.558s][info][gc,start       ] GC(52) Pause Young (Allocation Failure)
[1.582s][info][gc,heap        ] GC(52) PSYoungGen: 34770K(55808K)->25248K(57856K) Eden: 14336K(14336K)->0K(16384K) From: 20434K(41472K)->25248K(41472K)
[1.582s][info][gc,heap        ] GC(52) ParOldGen: 241409K(283648K)->251225K(283648K)
[1.582s][info][gc,metaspace   ] GC(52) Metaspace: 6301K(6464K)->6301K(6464K) NonClass: 5768K(5824K)->5768K(5824K) Class: 533K(640K)->533K(640K)
[1.582s][info][gc             ] GC(52) Pause Young (Allocation Failure) 269M->269M(333M) 24.805ms
[1.582s][info][gc,cpu         ] GC(52) User=0.11s Sys=0.00s Real=0.03s
[1.601s][info][gc,start       ] GC(53) Pause Young (Allocation Failure)
[1.621s][info][gc,heap        ] GC(53) PSYoungGen: 41632K(57856K)->41696K(58368K) Eden: 16384K(16384K)->0K(16384K) From: 25248K(41472K)->41696K(41984K)
[1.621s][info][gc,heap        ] GC(53) ParOldGen: 251225K(283648K)->251225K(283648K)
[1.621s][info][gc,metaspace   ] GC(53) Metaspace: 6301K(6464K)->6301K(6464K) NonClass: 5768K(5824K)->5768K(5824K) Class: 533K(640K)->533K(640K)
[1.621s][info][gc             ] GC(53) Pause Young (Allocation Failure) 285M->286M(334M) 20.296ms
[1.621s][info][gc,cpu         ] GC(53) User=0.12s Sys=0.00s Real=0.02s
[1.639s][info][gc,start       ] GC(54) Pause Young (Allocation Failure)
[1.666s][info][gc,heap        ] GC(54) PSYoungGen: 58080K(58368K)->47296K(59392K) Eden: 16384K(16384K)->0K(11776K) From: 41696K(41984K)->47296K(47616K)
[1.666s][info][gc,heap        ] GC(54) ParOldGen: 251225K(283648K)->262185K(283648K)
[1.666s][info][gc,metaspace   ] GC(54) Metaspace: 6301K(6464K)->6301K(6464K) NonClass: 5768K(5824K)->5768K(5824K) Class: 533K(640K)->533K(640K)
[1.666s][info][gc             ] GC(54) Pause Young (Allocation Failure) 302M->302M(335M) 26.787ms
[1.666s][info][gc,cpu         ] GC(54) User=0.12s Sys=0.00s Real=0.03s
[1.680s][info][gc,start       ] GC(55) Pause Young (Allocation Failure)
[1.706s][info][gc,heap        ] GC(55) PSYoungGen: 59072K(59392K)->44704K(66048K) Eden: 11776K(11776K)->0K(11776K) From: 47296K(47616K)->44704K(54272K)
[1.706s][info][gc,heap        ] GC(55) ParOldGen: 262185K(283648K)->276713K(283648K)
[1.706s][info][gc,metaspace   ] GC(55) Metaspace: 6301K(6464K)->6301K(6464K) NonClass: 5768K(5824K)->5768K(5824K) Class: 533K(640K)->533K(640K)
[1.706s][info][gc             ] GC(55) Pause Young (Allocation Failure) 313M->313M(341M) 26.380ms
[1.706s][info][gc,cpu         ] GC(55) User=0.14s Sys=0.00s Real=0.03s
[1.706s][info][gc,start       ] GC(56) Pause Full (Ergonomics)
[1.706s][info][gc,phases,start] GC(56) Marking Phase
[1.769s][info][gc,phases      ] GC(56) Marking Phase 62.791ms
[1.769s][info][gc,phases,start] GC(56) Summary Phase
[1.769s][info][gc,phases      ] GC(56) Summary Phase 0.018ms
[1.769s][info][gc,phases,start] GC(56) Adjust Roots
[1.769s][info][gc,phases      ] GC(56) Adjust Roots 0.151ms
[1.769s][info][gc,phases,start] GC(56) Compaction Phase
[1.803s][info][gc,phases      ] GC(56) Compaction Phase 33.940ms
[1.803s][info][gc,phases,start] GC(56) Post Compact
[1.805s][info][gc,phases      ] GC(56) Post Compact 1.475ms
[1.805s][info][gc,heap        ] GC(56) PSYoungGen: 44704K(66048K)->37300K(66048K) Eden: 0K(11776K)->0K(11776K) From: 44704K(54272K)->37300K(54272K)
[1.805s][info][gc,heap        ] GC(56) ParOldGen: 276713K(283648K)->283305K(327168K)
[1.805s][info][gc,metaspace   ] GC(56) Metaspace: 6301K(6464K)->6301K(6464K) NonClass: 5768K(5824K)->5768K(5824K) Class: 533K(640K)->533K(640K)
[1.805s][info][gc             ] GC(56) Pause Full (Ergonomics) 313M->313M(384M) 98.856ms
[1.805s][info][gc,cpu         ] GC(56) User=0.48s Sys=0.02s Real=0.10s
[1.819s][info][gc,start       ] GC(57) Pause Young (Allocation Failure)
[1.851s][info][gc,heap        ] GC(57) PSYoungGen: 49076K(66048K)->21792K(67072K) Eden: 11776K(11776K)->0K(13312K) From: 37300K(54272K)->21792K(53760K)
[1.851s][info][gc,heap        ] GC(57) ParOldGen: 283305K(327168K)->311145K(327168K)
[1.851s][info][gc,metaspace   ] GC(57) Metaspace: 6301K(6464K)->6301K(6464K) NonClass: 5768K(5824K)->5768K(5824K) Class: 533K(640K)->533K(640K)
[1.851s][info][gc             ] GC(57) Pause Young (Allocation Failure) 324M->325M(385M) 32.011ms
[1.851s][info][gc,cpu         ] GC(57) User=0.14s Sys=0.00s Real=0.03s
[1.851s][info][gc,start       ] GC(58) Pause Full (Ergonomics)
[1.851s][info][gc,phases,start] GC(58) Marking Phase
[1.922s][info][gc,phases      ] GC(58) Marking Phase 70.826ms
[1.922s][info][gc,phases,start] GC(58) Summary Phase
[1.922s][info][gc,phases      ] GC(58) Summary Phase 0.034ms
[1.922s][info][gc,phases,start] GC(58) Adjust Roots
[1.922s][info][gc,phases      ] GC(58) Adjust Roots 0.185ms
[1.922s][info][gc,phases,start] GC(58) Compaction Phase
[1.954s][info][gc,phases      ] GC(58) Compaction Phase 31.576ms
[1.954s][info][gc,phases,start] GC(58) Post Compact
[1.955s][info][gc,phases      ] GC(58) Post Compact 1.529ms
[1.955s][info][gc,heap        ] GC(58) PSYoungGen: 21792K(67072K)->5241K(68608K) Eden: 0K(13312K)->0K(14848K) From: 21792K(53760K)->5241K(53760K)
[1.956s][info][gc,heap        ] GC(58) ParOldGen: 311145K(327168K)->327105K(379392K)
[1.956s][info][gc,metaspace   ] GC(58) Metaspace: 6301K(6464K)->6301K(6464K) NonClass: 5768K(5824K)->5768K(5824K) Class: 533K(640K)->533K(640K)
[1.956s][info][gc             ] GC(58) Pause Full (Ergonomics) 325M->324M(437M) 104.740ms
[1.956s][info][gc,cpu         ] GC(58) User=0.61s Sys=0.02s Real=0.11s
[1.974s][info][gc,start       ] GC(59) Pause Young (Allocation Failure)
[1.997s][info][gc,heap        ] GC(59) PSYoungGen: 20089K(68608K)->18240K(71168K) Eden: 14848K(14848K)->0K(14848K) From: 5241K(53760K)->18240K(56320K)
[1.997s][info][gc,heap        ] GC(59) ParOldGen: 327105K(379392K)->329185K(379392K)
[1.997s][info][gc,metaspace   ] GC(59) Metaspace: 6301K(6464K)->6301K(6464K) NonClass: 5768K(5824K)->5768K(5824K) Class: 533K(640K)->533K(640K)
[1.997s][info][gc             ] GC(59) Pause Young (Allocation Failure) 339M->339M(440M) 23.329ms
[1.997s][info][gc,cpu         ] GC(59) User=0.12s Sys=0.00s Real=0.02s
[2.077s][info][gc,start       ] GC(60) Pause Young (Allocation Failure)
[2.101s][info][gc,heap        ] GC(60) PSYoungGen: 33088K(71168K)->33056K(71168K) Eden: 14848K(14848K)->0K(16384K) From: 18240K(56320K)->33056K(54784K)
[2.101s][info][gc,heap        ] GC(60) ParOldGen: 345569K(379392K)->345569K(379392K)
[2.101s][info][gc,metaspace   ] GC(60) Metaspace: 6301K(6464K)->6301K(6464K) NonClass: 5768K(5824K)->5768K(5824K) Class: 533K(640K)->533K(640K)
[2.101s][info][gc             ] GC(60) Pause Young (Allocation Failure) 369M->369M(440M) 23.491ms
[2.101s][info][gc,cpu         ] GC(60) User=0.12s Sys=0.00s Real=0.02s
[2.117s][info][gc,start       ] GC(61) Pause Young (Allocation Failure)
[2.139s][info][gc,heap        ] GC(61) PSYoungGen: 49440K(71168K)->49472K(71168K) Eden: 16384K(16384K)->0K(16384K) From: 33056K(54784K)->49472K(54784K)
[2.139s][info][gc,heap        ] GC(61) ParOldGen: 345569K(379392K)->345569K(379392K)
[2.139s][info][gc,metaspace   ] GC(61) Metaspace: 6301K(6464K)->6301K(6464K) NonClass: 5768K(5824K)->5768K(5824K) Class: 533K(640K)->533K(640K)
[2.139s][info][gc             ] GC(61) Pause Young (Allocation Failure) 385M->385M(440M) 22.832ms
[2.139s][info][gc,cpu         ] GC(61) User=0.14s Sys=0.00s Real=0.02s
[2.155s][info][gc,start       ] GC(62) Pause Young (Allocation Failure)
[2.185s][info][gc,heap        ] GC(62) PSYoungGen: 65856K(71168K)->60416K(68608K) Eden: 16384K(16384K)->0K(8192K) From: 49472K(54784K)->60416K(60416K)
[2.185s][info][gc,heap        ] GC(62) ParOldGen: 345569K(379392K)->350961K(379392K)
[2.185s][info][gc,metaspace   ] GC(62) Metaspace: 6301K(6464K)->6301K(6464K) NonClass: 5768K(5824K)->5768K(5824K) Class: 533K(640K)->533K(640K)
[2.185s][info][gc             ] GC(62) Pause Young (Allocation Failure) 401M->401M(437M) 30.140ms
[2.185s][info][gc,cpu         ] GC(62) User=0.12s Sys=0.00s Real=0.03s
[2.194s][info][gc,start       ] GC(63) Pause Young (Allocation Failure)
[2.226s][info][gc,heap        ] GC(63) PSYoungGen: 68608K(68608K)->52288K(78848K) Eden: 8192K(8192K)->0K(8192K) From: 60416K(60416K)->52288K(70656K)
[2.226s][info][gc,heap        ] GC(63) ParOldGen: 350961K(379392K)->367593K(379392K)
[2.226s][info][gc,metaspace   ] GC(63) Metaspace: 6301K(6464K)->6301K(6464K) NonClass: 5768K(5824K)->5768K(5824K) Class: 533K(640K)->533K(640K)
[2.226s][info][gc             ] GC(63) Pause Young (Allocation Failure) 409M->410M(447M) 31.286ms
[2.226s][info][gc,cpu         ] GC(63) User=0.12s Sys=0.02s Real=0.03s
[2.226s][info][gc,start       ] GC(64) Pause Full (Ergonomics)
[2.226s][info][gc,phases,start] GC(64) Marking Phase
[2.311s][info][gc,phases      ] GC(64) Marking Phase 85.030ms
[2.311s][info][gc,phases,start] GC(64) Summary Phase
[2.311s][info][gc,phases      ] GC(64) Summary Phase 0.021ms
[2.311s][info][gc,phases,start] GC(64) Adjust Roots
[2.311s][info][gc,phases      ] GC(64) Adjust Roots 0.179ms
[2.311s][info][gc,phases,start] GC(64) Compaction Phase
[2.387s][info][gc,phases      ] GC(64) Compaction Phase 75.618ms
[2.387s][info][gc,phases,start] GC(64) Post Compact
[2.389s][info][gc,phases      ] GC(64) Post Compact 2.131ms
[2.389s][info][gc,heap        ] GC(64) PSYoungGen: 52288K(78848K)->32125K(78848K) Eden: 0K(8192K)->0K(8192K) From: 52288K(70656K)->32125K(70656K)
[2.389s][info][gc,heap        ] GC(64) ParOldGen: 367593K(379392K)->378913K(432128K)
[2.389s][info][gc,metaspace   ] GC(64) Metaspace: 6301K(6464K)->6301K(6464K) NonClass: 5768K(5824K)->5768K(5824K) Class: 533K(640K)->533K(640K)
[2.389s][info][gc             ] GC(64) Pause Full (Ergonomics) 410M->401M(499M) 163.526ms
[2.389s][info][gc,cpu         ] GC(64) User=1.00s Sys=0.02s Real=0.16s
[2.400s][info][gc,start       ] GC(65) Pause Young (Allocation Failure)
[2.433s][info][gc,heap        ] GC(65) PSYoungGen: 40317K(78848K)->32672K(75776K) Eden: 8192K(8192K)->0K(9216K) From: 32125K(70656K)->32672K(66560K)
[2.433s][info][gc,heap        ] GC(65) ParOldGen: 378913K(432128K)->386841K(432128K)
[2.433s][info][gc,metaspace   ] GC(65) Metaspace: 6301K(6464K)->6301K(6464K) NonClass: 5768K(5824K)->5768K(5824K) Class: 533K(640K)->533K(640K)
[2.433s][info][gc             ] GC(65) Pause Young (Allocation Failure) 409M->409M(496M) 33.406ms
[2.433s][info][gc,cpu         ] GC(65) User=0.17s Sys=0.00s Real=0.03s
[2.442s][info][gc,start       ] GC(66) Pause Young (Allocation Failure)
[2.461s][info][gc,heap        ] GC(66) PSYoungGen: 41888K(75776K)->31072K(40448K) Eden: 9216K(9216K)->0K(9216K) From: 32672K(66560K)->31072K(31232K)
[2.461s][info][gc,heap        ] GC(66) ParOldGen: 386841K(432128K)->397801K(432128K)
[2.461s][info][gc,metaspace   ] GC(66) Metaspace: 6301K(6464K)->6301K(6464K) NonClass: 5768K(5824K)->5768K(5824K) Class: 533K(640K)->533K(640K)
[2.461s][info][gc             ] GC(66) Pause Young (Allocation Failure) 418M->418M(461M) 19.461ms
[2.461s][info][gc,cpu         ] GC(66) User=0.12s Sys=0.00s Real=0.02s
[2.471s][info][gc,start       ] GC(67) Pause Young (Allocation Failure)
[2.490s][info][gc,heap        ] GC(67) PSYoungGen: 40288K(40448K)->31072K(73216K) Eden: 9216K(9216K)->0K(10752K) From: 31072K(31232K)->31072K(62464K)
[2.490s][info][gc,heap        ] GC(67) ParOldGen: 397801K(432128K)->407129K(432128K)
[2.490s][info][gc,metaspace   ] GC(67) Metaspace: 6301K(6464K)->6301K(6464K) NonClass: 5768K(5824K)->5768K(5824K) Class: 533K(640K)->533K(640K)
[2.490s][info][gc             ] GC(67) Pause Young (Allocation Failure) 427M->427M(493M) 19.199ms
[2.490s][info][gc,cpu         ] GC(67) User=0.12s Sys=0.00s Real=0.02s
[2.501s][info][gc,start       ] GC(68) Pause Young (Allocation Failure)
[2.521s][info][gc,heap        ] GC(68) PSYoungGen: 41824K(73216K)->29248K(40448K) Eden: 10752K(10752K)->0K(10752K) From: 31072K(62464K)->29248K(29696K)
[2.521s][info][gc,heap        ] GC(68) ParOldGen: 407129K(432128K)->419817K(432128K)
[2.521s][info][gc,metaspace   ] GC(68) Metaspace: 6301K(6464K)->6301K(6464K) NonClass: 5768K(5824K)->5768K(5824K) Class: 533K(640K)->533K(640K)
[2.521s][info][gc             ] GC(68) Pause Young (Allocation Failure) 438M->438M(461M) 20.275ms
[2.521s][info][gc,cpu         ] GC(68) User=0.06s Sys=0.00s Real=0.02s
[2.521s][info][gc,start       ] GC(69) Pause Full (Ergonomics)
[2.521s][info][gc,phases,start] GC(69) Marking Phase
[2.614s][info][gc,phases      ] GC(69) Marking Phase 92.575ms
[2.614s][info][gc,phases,start] GC(69) Summary Phase
[2.614s][info][gc,phases      ] GC(69) Summary Phase 0.020ms
[2.614s][info][gc,phases,start] GC(69) Adjust Roots
[2.614s][info][gc,phases      ] GC(69) Adjust Roots 0.158ms
[2.614s][info][gc,phases,start] GC(69) Compaction Phase
[2.661s][info][gc,phases      ] GC(69) Compaction Phase 47.172ms
[2.661s][info][gc,phases,start] GC(69) Post Compact
[2.663s][info][gc,phases      ] GC(69) Post Compact 2.122ms
[2.663s][info][gc,heap        ] GC(69) PSYoungGen: 29248K(40448K)->16317K(40448K) Eden: 0K(10752K)->0K(10752K) From: 29248K(29696K)->16317K(29696K)
[2.663s][info][gc,heap        ] GC(69) ParOldGen: 419817K(432128K)->431973K(484864K)
[2.663s][info][gc,metaspace   ] GC(69) Metaspace: 6301K(6464K)->6301K(6464K) NonClass: 5768K(5824K)->5768K(5824K) Class: 533K(640K)->533K(640K)
[2.663s][info][gc             ] GC(69) Pause Full (Ergonomics) 438M->437M(513M) 142.565ms
[2.663s][info][gc,cpu         ] GC(69) User=0.84s Sys=0.00s Real=0.14s
[2.675s][info][gc,start       ] GC(70) Pause Young (Allocation Failure)
[2.705s][info][gc,heap        ] GC(70) PSYoungGen: 27069K(40448K)->17024K(74752K) Eden: 10752K(10752K)->0K(12288K) From: 16317K(29696K)->17024K(62464K)
[2.705s][info][gc,heap        ] GC(70) ParOldGen: 431973K(484864K)->442341K(484864K)
[2.705s][info][gc,metaspace   ] GC(70) Metaspace: 6301K(6464K)->6301K(6464K) NonClass: 5768K(5824K)->5768K(5824K) Class: 533K(640K)->533K(640K)
[2.705s][info][gc             ] GC(70) Pause Young (Allocation Failure) 448M->448M(546M) 29.904ms
[2.705s][info][gc,cpu         ] GC(70) User=0.14s Sys=0.00s Real=0.03s
[2.718s][info][gc,start       ] GC(71) Pause Young (Allocation Failure)
[2.733s][info][gc,heap        ] GC(71) PSYoungGen: 29312K(74752K)->23168K(74752K) Eden: 12288K(12288K)->0K(12288K) From: 17024K(62464K)->23168K(62464K)
[2.733s][info][gc,heap        ] GC(71) ParOldGen: 442341K(484864K)->448573K(484864K)
[2.733s][info][gc,metaspace   ] GC(71) Metaspace: 6301K(6464K)->6301K(6464K) NonClass: 5768K(5824K)->5768K(5824K) Class: 533K(640K)->533K(640K)
[2.733s][info][gc             ] GC(71) Pause Young (Allocation Failure) 460M->460M(546M) 15.548ms
[2.733s][info][gc,cpu         ] GC(71) User=0.00s Sys=0.00s Real=0.01s
[2.747s][info][gc,start       ] GC(72) Pause Young (Allocation Failure)
[2.766s][info][gc,heap        ] GC(72) PSYoungGen: 35456K(74752K)->24672K(71168K) Eden: 12288K(12288K)->0K(14336K) From: 23168K(62464K)->24672K(56832K)
[2.766s][info][gc,heap        ] GC(72) ParOldGen: 448573K(484864K)->459477K(484864K)
[2.766s][info][gc,metaspace   ] GC(72) Metaspace: 6301K(6464K)->6301K(6464K) NonClass: 5768K(5824K)->5768K(5824K) Class: 533K(640K)->533K(640K)
[2.766s][info][gc             ] GC(72) Pause Young (Allocation Failure) 472M->472M(543M) 18.693ms
[2.766s][info][gc,cpu         ] GC(72) User=0.14s Sys=0.00s Real=0.02s
[2.782s][info][gc,start       ] GC(73) Pause Young (Allocation Failure)
[2.802s][info][gc,heap        ] GC(73) PSYoungGen: 39008K(71168K)->26720K(73216K) Eden: 14336K(14336K)->0K(14336K) From: 24672K(56832K)->26720K(58880K)
[2.802s][info][gc,heap        ] GC(73) ParOldGen: 459477K(484864K)->471933K(484864K)
[2.802s][info][gc,metaspace   ] GC(73) Metaspace: 6301K(6464K)->6301K(6464K) NonClass: 5768K(5824K)->5768K(5824K) Class: 533K(640K)->533K(640K)
[2.802s][info][gc             ] GC(73) Pause Young (Allocation Failure) 486M->486M(545M) 20.088ms
[2.802s][info][gc,cpu         ] GC(73) User=0.11s Sys=0.02s Real=0.02s
[2.802s][info][gc,start       ] GC(74) Pause Full (Ergonomics)
[2.802s][info][gc,phases,start] GC(74) Marking Phase
[2.907s][info][gc,phases      ] GC(74) Marking Phase 105.643ms
[2.907s][info][gc,phases,start] GC(74) Summary Phase
[2.907s][info][gc,phases      ] GC(74) Summary Phase 0.020ms
[2.907s][info][gc,phases,start] GC(74) Adjust Roots
[2.908s][info][gc,phases      ] GC(74) Adjust Roots 0.151ms
[2.908s][info][gc,phases,start] GC(74) Compaction Phase
[2.955s][info][gc,phases      ] GC(74) Compaction Phase 47.419ms
[2.955s][info][gc,phases,start] GC(74) Post Compact
[2.958s][info][gc,phases      ] GC(74) Post Compact 2.374ms
[2.958s][info][gc,heap        ] GC(74) PSYoungGen: 26720K(73216K)->13274K(73216K) Eden: 0K(14336K)->0K(14336K) From: 26720K(58880K)->13274K(58880K)
[2.958s][info][gc,heap        ] GC(74) ParOldGen: 471933K(484864K)->484553K(538624K)
[2.958s][info][gc,metaspace   ] GC(74) Metaspace: 6301K(6464K)->6301K(6464K) NonClass: 5768K(5824K)->5768K(5824K) Class: 533K(640K)->533K(640K)
[2.958s][info][gc             ] GC(74) Pause Full (Ergonomics) 486M->486M(597M) 156.133ms
[2.958s][info][gc,cpu         ] GC(74) User=0.98s Sys=0.03s Real=0.16s
[2.975s][info][gc,start       ] GC(75) Pause Young (Allocation Failure)
[3.008s][info][gc,heap        ] GC(75) PSYoungGen: 27610K(73216K)->21280K(69120K) Eden: 14336K(14336K)->0K(15872K) From: 13274K(58880K)->21280K(53248K)
[3.008s][info][gc,heap        ] GC(75) ParOldGen: 484553K(538624K)->491121K(538624K)
[3.008s][info][gc,metaspace   ] GC(75) Metaspace: 6301K(6464K)->6301K(6464K) NonClass: 5768K(5824K)->5768K(5824K) Class: 533K(640K)->533K(640K)
[3.008s][info][gc             ] GC(75) Pause Young (Allocation Failure) 500M->500M(593M) 33.338ms
[3.008s][info][gc,cpu         ] GC(75) User=0.16s Sys=0.00s Real=0.03s
[3.025s][info][gc,start       ] GC(76) Pause Young (Allocation Failure)
[3.044s][info][gc,heap        ] GC(76) PSYoungGen: 37152K(69120K)->37152K(71168K) Eden: 15872K(15872K)->0K(15872K) From: 21280K(53248K)->37152K(55296K)
[3.044s][info][gc,heap        ] GC(76) ParOldGen: 491121K(538624K)->491121K(538624K)
[3.044s][info][gc,metaspace   ] GC(76) Metaspace: 6301K(6464K)->6301K(6464K) NonClass: 5768K(5824K)->5768K(5824K) Class: 533K(640K)->533K(640K)
[3.044s][info][gc             ] GC(76) Pause Young (Allocation Failure) 515M->515M(595M) 19.209ms
[3.044s][info][gc,cpu         ] GC(76) User=0.12s Sys=0.00s Real=0.02s
[3.063s][info][gc,start       ] GC(77) Pause Young (Allocation Failure)
[3.089s][info][gc,heap        ] GC(77) PSYoungGen: 53024K(71168K)->53056K(67584K) Eden: 15872K(15872K)->0K(11776K) From: 37152K(55296K)->53056K(55808K)
[3.089s][info][gc,heap        ] GC(77) ParOldGen: 491121K(538624K)->491121K(538624K)
[3.089s][info][gc,metaspace   ] GC(77) Metaspace: 6301K(6464K)->6301K(6464K) NonClass: 5768K(5824K)->5768K(5824K) Class: 533K(640K)->533K(640K)
[3.089s][info][gc             ] GC(77) Pause Young (Allocation Failure) 531M->531M(592M) 25.951ms
[3.089s][info][gc,cpu         ] GC(77) User=0.12s Sys=0.00s Real=0.03s
[3.102s][info][gc,start       ] GC(78) Pause Young (Allocation Failure)
[3.133s][info][gc,heap        ] GC(78) PSYoungGen: 64832K(67584K)->58016K(73728K) Eden: 11776K(11776K)->0K(11776K) From: 53056K(55808K)->58016K(61952K)
[3.133s][info][gc,heap        ] GC(78) ParOldGen: 491121K(538624K)->498033K(538624K)
[3.133s][info][gc,metaspace   ] GC(78) Metaspace: 6301K(6464K)->6301K(6464K) NonClass: 5768K(5824K)->5768K(5824K) Class: 533K(640K)->533K(640K)
[3.133s][info][gc             ] GC(78) Pause Young (Allocation Failure) 542M->543M(598M) 30.685ms
[3.133s][info][gc,cpu         ] GC(78) User=0.14s Sys=0.00s Real=0.03s
[3.146s][info][gc,start       ] GC(79) Pause Young (Allocation Failure)
[3.179s][info][gc,heap        ] GC(79) PSYoungGen: 69792K(73728K)->55424K(77824K) Eden: 11776K(11776K)->0K(9216K) From: 58016K(61952K)->55424K(68608K)
[3.179s][info][gc,heap        ] GC(79) ParOldGen: 498033K(538624K)->512553K(538624K)
[3.179s][info][gc,metaspace   ] GC(79) Metaspace: 6301K(6464K)->6301K(6464K) NonClass: 5768K(5824K)->5768K(5824K) Class: 533K(640K)->533K(640K)
[3.179s][info][gc             ] GC(79) Pause Young (Allocation Failure) 554M->554M(602M) 32.989ms
[3.179s][info][gc,cpu         ] GC(79) User=0.16s Sys=0.00s Real=0.03s
[3.190s][info][gc,start       ] GC(80) Pause Young (Allocation Failure)
[3.222s][info][gc,heap        ] GC(80) PSYoungGen: 64640K(77824K)->32896K(42496K) Eden: 9216K(9216K)->0K(9216K) From: 55424K(68608K)->32896K(33280K)
[3.222s][info][gc,heap        ] GC(80) ParOldGen: 512553K(538624K)->544705K(544768K)
[3.222s][info][gc,metaspace   ] GC(80) Metaspace: 6301K(6464K)->6301K(6464K) NonClass: 5768K(5824K)->5768K(5824K) Class: 533K(640K)->533K(640K)
[3.222s][info][gc             ] GC(80) Pause Young (Allocation Failure) 563M->564M(573M) 32.012ms
[3.222s][info][gc,cpu         ] GC(80) User=0.06s Sys=0.08s Real=0.03s
[3.222s][info][gc,start       ] GC(81) Pause Full (Ergonomics)
[3.222s][info][gc,phases,start] GC(81) Marking Phase
[3.345s][info][gc,phases      ] GC(81) Marking Phase 123.414ms
[3.345s][info][gc,phases,start] GC(81) Summary Phase
[3.345s][info][gc,phases      ] GC(81) Summary Phase 0.020ms
[3.345s][info][gc,phases,start] GC(81) Adjust Roots
[3.345s][info][gc,phases      ] GC(81) Adjust Roots 0.156ms
[3.345s][info][gc,phases,start] GC(81) Compaction Phase
[3.408s][info][gc,phases      ] GC(81) Compaction Phase 62.468ms
[3.408s][info][gc,phases,start] GC(81) Post Compact
[3.409s][info][gc,phases      ] GC(81) Post Compact 1.221ms
[3.410s][info][gc,heap        ] GC(81) PSYoungGen: 32896K(42496K)->32161K(42496K) Eden: 0K(9216K)->0K(9216K) From: 32896K(33280K)->32161K(33280K)
[3.410s][info][gc,heap        ] GC(81) ParOldGen: 544705K(544768K)->544326K(607744K)
[3.410s][info][gc,metaspace   ] GC(81) Metaspace: 6301K(6464K)->6301K(6464K) NonClass: 5768K(5824K)->5768K(5824K) Class: 533K(640K)->533K(640K)
[3.410s][info][gc             ] GC(81) Pause Full (Ergonomics) 564M->562M(635M) 187.905ms
[3.410s][info][gc,cpu         ] GC(81) User=1.19s Sys=0.00s Real=0.19s
[3.420s][info][gc,start       ] GC(82) Pause Young (Allocation Failure)
[3.460s][info][gc,heap        ] GC(82) PSYoungGen: 41377K(42496K)->18496K(80384K) Eden: 9216K(9216K)->0K(10752K) From: 32161K(33280K)->18496K(69632K)
[3.460s][info][gc,heap        ] GC(82) ParOldGen: 544326K(607744K)->567710K(607744K)
[3.460s][info][gc,metaspace   ] GC(82) Metaspace: 6301K(6464K)->6301K(6464K) NonClass: 5768K(5824K)->5768K(5824K) Class: 533K(640K)->533K(640K)
[3.460s][info][gc             ] GC(82) Pause Young (Allocation Failure) 571M->572M(672M) 40.190ms
[3.460s][info][gc,cpu         ] GC(82) User=0.20s Sys=0.05s Real=0.04s
[3.472s][info][gc,start       ] GC(83) Pause Young (Allocation Failure)
[3.488s][info][gc,heap        ] GC(83) PSYoungGen: 29248K(80384K)->20032K(80384K) Eden: 10752K(10752K)->0K(10752K) From: 18496K(69632K)->20032K(69632K)
[3.488s][info][gc,heap        ] GC(83) ParOldGen: 567710K(607744K)->577014K(607744K)
[3.488s][info][gc,metaspace   ] GC(83) Metaspace: 6301K(6464K)->6301K(6464K) NonClass: 5768K(5824K)->5768K(5824K) Class: 533K(640K)->533K(640K)
[3.488s][info][gc             ] GC(83) Pause Young (Allocation Failure) 582M->583M(672M) 16.279ms
[3.488s][info][gc,cpu         ] GC(83) User=0.02s Sys=0.00s Real=0.02s
[3.501s][info][gc,start       ] GC(84) Pause Young (Allocation Failure)
[3.518s][info][gc,heap        ] GC(84) PSYoungGen: 30784K(80384K)->10848K(80384K) Eden: 10752K(10752K)->0K(11776K) From: 20032K(69632K)->10848K(68608K)
[3.518s][info][gc,heap        ] GC(84) ParOldGen: 577014K(607744K)->597222K(607744K)
[3.518s][info][gc,metaspace   ] GC(84) Metaspace: 6301K(6464K)->6301K(6464K) NonClass: 5768K(5824K)->5768K(5824K) Class: 533K(640K)->533K(640K)
[3.518s][info][gc             ] GC(84) Pause Young (Allocation Failure) 593M->593M(672M) 17.011ms
[3.518s][info][gc,cpu         ] GC(84) User=0.03s Sys=0.00s Real=0.02s
[3.518s][info][gc,start       ] GC(85) Pause Full (Ergonomics)
[3.518s][info][gc,phases,start] GC(85) Marking Phase
[3.645s][info][gc,phases      ] GC(85) Marking Phase 127.418ms
[3.645s][info][gc,phases,start] GC(85) Summary Phase
[3.645s][info][gc,phases      ] GC(85) Summary Phase 0.124ms
[3.645s][info][gc,phases,start] GC(85) Adjust Roots
[3.646s][info][gc,phases      ] GC(85) Adjust Roots 0.189ms
[3.646s][info][gc,phases,start] GC(85) Compaction Phase
[3.699s][info][gc,phases      ] GC(85) Compaction Phase 53.366ms
[3.699s][info][gc,phases,start] GC(85) Post Compact
[3.700s][info][gc,phases      ] GC(85) Post Compact 0.870ms
[3.700s][info][gc,heap        ] GC(85) PSYoungGen: 10848K(80384K)->0K(80896K) Eden: 0K(11776K)->0K(11776K) From: 10848K(68608K)->0K(69120K)
[3.700s][info][gc,heap        ] GC(85) ParOldGen: 597222K(607744K)->607111K(678400K)
[3.700s][info][gc,metaspace   ] GC(85) Metaspace: 6301K(6464K)->6301K(6464K) NonClass: 5768K(5824K)->5768K(5824K) Class: 533K(640K)->533K(640K)
[3.700s][info][gc             ] GC(85) Pause Full (Ergonomics) 593M->592M(741M) 182.498ms
[3.700s][info][gc,cpu         ] GC(85) User=1.09s Sys=0.03s Real=0.18s
[3.714s][info][gc,start       ] GC(86) Pause Young (Allocation Failure)
[3.724s][info][gc,heap        ] GC(86) PSYoungGen: 11776K(80896K)->11904K(81408K) Eden: 11776K(11776K)->0K(13312K) From: 0K(69120K)->11904K(68096K)
[3.724s][info][gc,heap        ] GC(86) ParOldGen: 607111K(678400K)->607111K(678400K)
[3.724s][info][gc,metaspace   ] GC(86) Metaspace: 6301K(6464K)->6301K(6464K) NonClass: 5768K(5824K)->5768K(5824K) Class: 533K(640K)->533K(640K)
[3.724s][info][gc             ] GC(86) Pause Young (Allocation Failure) 604M->604M(742M) 9.300ms
[3.724s][info][gc,cpu         ] GC(86) User=0.02s Sys=0.00s Real=0.01s
[3.740s][info][gc,start       ] GC(87) Pause Young (Allocation Failure)
[3.755s][info][gc,heap        ] GC(87) PSYoungGen: 25216K(81408K)->25216K(38912K) Eden: 13312K(13312K)->0K(13312K) From: 11904K(68096K)->25216K(25600K)
[3.755s][info][gc,heap        ] GC(87) ParOldGen: 607111K(678400K)->607111K(678400K)
[3.755s][info][gc,metaspace   ] GC(87) Metaspace: 6301K(6464K)->6301K(6464K) NonClass: 5768K(5824K)->5768K(5824K) Class: 533K(640K)->533K(640K)
[3.755s][info][gc             ] GC(87) Pause Young (Allocation Failure) 617M->617M(700M) 15.194ms
[3.755s][info][gc,cpu         ] GC(87) User=0.02s Sys=0.00s Real=0.01s
[3.772s][info][gc,start       ] GC(88) Pause Young (Allocation Failure)
[3.792s][info][gc,heap        ] GC(88) PSYoungGen: 38528K(38912K)->38496K(79872K) Eden: 13312K(13312K)->0K(14848K) From: 25216K(25600K)->38496K(65024K)
[3.792s][info][gc,heap        ] GC(88) ParOldGen: 607111K(678400K)->607111K(678400K)
[3.792s][info][gc,metaspace   ] GC(88) Metaspace: 6301K(6464K)->6301K(6464K) NonClass: 5768K(5824K)->5768K(5824K) Class: 533K(640K)->533K(640K)
[3.792s][info][gc             ] GC(88) Pause Young (Allocation Failure) 630M->630M(740M) 20.340ms
[3.792s][info][gc,cpu         ] GC(88) User=0.12s Sys=0.00s Real=0.02s
[3.809s][info][gc,start       ] GC(89) Pause Young (Allocation Failure)
[3.835s][info][gc,heap        ] GC(89) PSYoungGen: 53344K(79872K)->53344K(79872K) Eden: 14848K(14848K)->0K(14848K) From: 38496K(65024K)->53344K(65024K)
[3.835s][info][gc,heap        ] GC(89) ParOldGen: 607111K(678400K)->607111K(678400K)
[3.835s][info][gc,metaspace   ] GC(89) Metaspace: 6301K(6464K)->6301K(6464K) NonClass: 5768K(5824K)->5768K(5824K) Class: 533K(640K)->533K(640K)
[3.835s][info][gc             ] GC(89) Pause Young (Allocation Failure) 644M->644M(740M) 26.355ms
[3.835s][info][gc,cpu         ] GC(89) User=0.14s Sys=0.00s Real=0.02s
[3.853s][info][gc,start       ] GC(90) Pause Young (Allocation Failure)
[3.886s][info][gc,heap        ] GC(90) PSYoungGen: 68192K(79872K)->56416K(80896K) Eden: 14848K(14848K)->0K(10752K) From: 53344K(65024K)->56416K(70144K)
[3.886s][info][gc,heap        ] GC(90) ParOldGen: 607111K(678400K)->619039K(678400K)
[3.886s][info][gc,metaspace   ] GC(90) Metaspace: 6301K(6464K)->6301K(6464K) NonClass: 5768K(5824K)->5768K(5824K) Class: 533K(640K)->533K(640K)
[3.886s][info][gc             ] GC(90) Pause Young (Allocation Failure) 659M->659M(741M) 33.339ms
[3.886s][info][gc,cpu         ] GC(90) User=0.17s Sys=0.00s Real=0.03s
[3.900s][info][gc,start       ] GC(91) Pause Young (Allocation Failure)
[3.931s][info][gc,heap        ] GC(91) PSYoungGen: 67168K(80896K)->53856K(86528K) Eden: 10752K(10752K)->0K(10752K) From: 56416K(70144K)->53856K(75776K)
[3.931s][info][gc,heap        ] GC(91) ParOldGen: 619039K(678400K)->632543K(678400K)
[3.931s][info][gc,metaspace   ] GC(91) Metaspace: 6301K(6464K)->6301K(6464K) NonClass: 5768K(5824K)->5768K(5824K) Class: 533K(640K)->533K(640K)
[3.931s][info][gc             ] GC(91) Pause Young (Allocation Failure) 670M->670M(747M) 31.160ms
[3.931s][info][gc,cpu         ] GC(91) User=0.14s Sys=0.00s Real=0.03s
[3.945s][info][gc,start       ] GC(92) Pause Young (Allocation Failure)
[3.976s][info][gc,heap        ] GC(92) PSYoungGen: 64608K(86528K)->36480K(83968K) Eden: 10752K(10752K)->0K(12800K) From: 53856K(75776K)->36480K(71168K)
[3.976s][info][gc,heap        ] GC(92) ParOldGen: 632543K(678400K)->661071K(678400K)
[3.976s][info][gc,metaspace   ] GC(92) Metaspace: 6301K(6464K)->6301K(6464K) NonClass: 5768K(5824K)->5768K(5824K) Class: 533K(640K)->533K(640K)
[3.976s][info][gc             ] GC(92) Pause Young (Allocation Failure) 680M->681M(744M) 31.231ms
[3.976s][info][gc,cpu         ] GC(92) User=0.14s Sys=0.00s Real=0.03s
[3.976s][info][gc,start       ] GC(93) Pause Full (Ergonomics)
[3.976s][info][gc,phases,start] GC(93) Marking Phase
[4.130s][info][gc,phases      ] GC(93) Marking Phase 154.246ms
[4.130s][info][gc,phases,start] GC(93) Summary Phase
[4.130s][info][gc,phases      ] GC(93) Summary Phase 0.022ms
[4.130s][info][gc,phases,start] GC(93) Adjust Roots
[4.130s][info][gc,phases      ] GC(93) Adjust Roots 0.168ms
[4.130s][info][gc,phases,start] GC(93) Compaction Phase
[4.192s][info][gc,phases      ] GC(93) Compaction Phase 61.187ms
[4.192s][info][gc,phases,start] GC(93) Post Compact
[4.193s][info][gc,phases      ] GC(93) Post Compact 1.130ms
[4.193s][info][gc,heap        ] GC(93) PSYoungGen: 36480K(83968K)->18375K(86016K) Eden: 0K(12800K)->0K(14848K) From: 36480K(71168K)->18375K(71168K)
[4.193s][info][gc,heap        ] GC(93) ParOldGen: 661071K(678400K)->678115K(754176K)
[4.193s][info][gc,metaspace   ] GC(93) Metaspace: 6301K(6464K)->6301K(6464K) NonClass: 5768K(5824K)->5768K(5824K) Class: 533K(640K)->533K(640K)
[4.193s][info][gc             ] GC(93) Pause Full (Ergonomics) 681M->680M(820M) 217.300ms
[4.193s][info][gc,cpu         ] GC(93) User=1.52s Sys=0.02s Real=0.22s
[4.350s][info][gc,start       ] GC(94) Pause Young (Allocation Failure)
[4.394s][info][gc,heap        ] GC(94) PSYoungGen: 33223K(86016K)->19648K(89600K) Eden: 14848K(14848K)->0K(14848K) From: 18375K(71168K)->19648K(74752K)
[4.394s][info][gc,heap        ] GC(94) ParOldGen: 710883K(754176K)->724835K(754176K)
[4.394s][info][gc,metaspace   ] GC(94) Metaspace: 6301K(6464K)->6301K(6464K) NonClass: 5768K(5824K)->5768K(5824K) Class: 533K(640K)->533K(640K)
[4.394s][info][gc             ] GC(94) Pause Young (Allocation Failure) 726M->727M(824M) 43.621ms
[4.394s][info][gc,cpu         ] GC(94) User=0.25s Sys=0.02s Real=0.04s
[4.394s][info][gc,start       ] GC(95) Pause Full (Ergonomics)
[4.394s][info][gc,phases,start] GC(95) Marking Phase
[4.565s][info][gc,phases      ] GC(95) Marking Phase 170.861ms
[4.565s][info][gc,phases,start] GC(95) Summary Phase
[4.565s][info][gc,phases      ] GC(95) Summary Phase 0.036ms
[4.565s][info][gc,phases,start] GC(95) Adjust Roots
[4.565s][info][gc,phases      ] GC(95) Adjust Roots 0.158ms
[4.565s][info][gc,phases,start] GC(95) Compaction Phase
[4.678s][info][gc,phases      ] GC(95) Compaction Phase 112.877ms
[4.678s][info][gc,phases,start] GC(95) Post Compact
[4.680s][info][gc,phases      ] GC(95) Post Compact 1.536ms
[4.680s][info][gc,heap        ] GC(95) PSYoungGen: 19648K(89600K)->0K(90112K) Eden: 0K(14848K)->0K(16384K) From: 19648K(74752K)->0K(73728K)
[4.680s][info][gc,heap        ] GC(95) ParOldGen: 724835K(754176K)->727691K(808448K)
[4.680s][info][gc,metaspace   ] GC(95) Metaspace: 6301K(6464K)->6301K(6464K) NonClass: 5768K(5824K)->5768K(5824K) Class: 533K(640K)->533K(640K)
[4.680s][info][gc             ] GC(95) Pause Full (Ergonomics) 727M->710M(877M) 285.965ms
[4.680s][info][gc,cpu         ] GC(95) User=1.88s Sys=0.02s Real=0.29s
[4.699s][info][gc,start       ] GC(96) Pause Young (Allocation Failure)
[4.713s][info][gc,heap        ] GC(96) PSYoungGen: 16384K(90112K)->16512K(90112K) Eden: 16384K(16384K)->0K(16384K) From: 0K(73728K)->16512K(73728K)
[4.713s][info][gc,heap        ] GC(96) ParOldGen: 727691K(808448K)->727691K(808448K)
[4.713s][info][gc,metaspace   ] GC(96) Metaspace: 6301K(6464K)->6301K(6464K) NonClass: 5768K(5824K)->5768K(5824K) Class: 533K(640K)->533K(640K)
[4.713s][info][gc             ] GC(96) Pause Young (Allocation Failure) 726M->726M(877M) 14.028ms
[4.713s][info][gc,cpu         ] GC(96) User=0.02s Sys=0.00s Real=0.01s
[4.730s][info][gc,start       ] GC(97) Pause Young (Allocation Failure)
[4.749s][info][gc,heap        ] GC(97) PSYoungGen: 32896K(90112K)->32896K(83456K) Eden: 16384K(16384K)->0K(18432K) From: 16512K(73728K)->32896K(65024K)
[4.749s][info][gc,heap        ] GC(97) ParOldGen: 727691K(808448K)->727691K(808448K)
[4.749s][info][gc,metaspace   ] GC(97) Metaspace: 6301K(6464K)->6301K(6464K) NonClass: 5768K(5824K)->5768K(5824K) Class: 533K(640K)->533K(640K)
[4.749s][info][gc             ] GC(97) Pause Young (Allocation Failure) 742M->742M(871M) 19.269ms
[4.749s][info][gc,cpu         ] GC(97) User=0.05s Sys=0.00s Real=0.02s
[4.768s][info][gc,start       ] GC(98) Pause Young (Allocation Failure)
[4.795s][info][gc,heap        ] GC(98) PSYoungGen: 51328K(83456K)->51296K(87040K) Eden: 18432K(18432K)->0K(18432K) From: 32896K(65024K)->51296K(68608K)
[4.795s][info][gc,heap        ] GC(98) ParOldGen: 727691K(808448K)->727691K(808448K)
[4.795s][info][gc,metaspace   ] GC(98) Metaspace: 6301K(6464K)->6301K(6464K) NonClass: 5768K(5824K)->5768K(5824K) Class: 533K(640K)->533K(640K)
[4.795s][info][gc             ] GC(98) Pause Young (Allocation Failure) 760M->760M(874M) 26.886ms
[4.795s][info][gc,cpu         ] GC(98) User=0.03s Sys=0.00s Real=0.03s
[4.816s][info][gc,start       ] GC(99) Pause Young (Allocation Failure)
[4.848s][info][gc,heap        ] GC(99) PSYoungGen: 69728K(87040K)->69792K(83456K) Eden: 18432K(18432K)->0K(11264K) From: 51296K(68608K)->69792K(72192K)
[4.848s][info][gc,heap        ] GC(99) ParOldGen: 727691K(808448K)->727691K(808448K)
[4.848s][info][gc,metaspace   ] GC(99) Metaspace: 6301K(6464K)->6301K(6464K) NonClass: 5768K(5824K)->5768K(5824K) Class: 533K(640K)->533K(640K)
[4.848s][info][gc             ] GC(99) Pause Young (Allocation Failure) 778M->778M(871M) 32.386ms
[4.848s][info][gc,cpu         ] GC(99) User=0.14s Sys=0.02s Real=0.03s
[4.859s][info][gc,start       ] GC(100) Pause Young (Allocation Failure)
[4.895s][info][gc,heap        ] GC(100) PSYoungGen: 81056K(83456K)->81056K(92672K) Eden: 11264K(11264K)->0K(11264K) From: 69792K(72192K)->81056K(81408K)
[4.895s][info][gc,heap        ] GC(100) ParOldGen: 727691K(808448K)->727691K(808448K)
[4.895s][info][gc,metaspace   ] GC(100) Metaspace: 6301K(6464K)->6301K(6464K) NonClass: 5768K(5824K)->5768K(5824K) Class: 533K(640K)->533K(640K)
[4.895s][info][gc             ] GC(100) Pause Young (Allocation Failure) 789M->789M(880M) 35.260ms
[4.895s][info][gc,cpu         ] GC(100) User=0.25s Sys=0.00s Real=0.04s
[4.906s][info][gc,start       ] GC(101) Pause Young (Allocation Failure)
[4.947s][info][gc,heap        ] GC(101) PSYoungGen: 92320K(92672K)->75904K(97792K) Eden: 11264K(11264K)->0K(5120K) From: 81056K(81408K)->75904K(92672K)
[4.947s][info][gc,heap        ] GC(101) ParOldGen: 727691K(808448K)->744291K(808448K)
[4.947s][info][gc,metaspace   ] GC(101) Metaspace: 6301K(6464K)->6301K(6464K) NonClass: 5768K(5824K)->5768K(5824K) Class: 533K(640K)->533K(640K)
[4.947s][info][gc             ] GC(101) Pause Young (Allocation Failure) 800M->800M(885M) 40.794ms
[4.947s][info][gc,cpu         ] GC(101) User=0.23s Sys=0.02s Real=0.04s
[4.952s][info][gc,start       ] GC(102) Pause Young (Allocation Failure)
[4.989s][info][gc,heap        ] GC(102) PSYoungGen: 81024K(97792K)->46176K(51712K) Eden: 5120K(5120K)->0K(5120K) From: 75904K(92672K)->46176K(46592K)
[4.989s][info][gc,heap        ] GC(102) ParOldGen: 744291K(808448K)->779547K(808448K)
[4.989s][info][gc,metaspace   ] GC(102) Metaspace: 6301K(6464K)->6301K(6464K) NonClass: 5768K(5824K)->5768K(5824K) Class: 533K(640K)->533K(640K)
[4.989s][info][gc             ] GC(102) Pause Young (Allocation Failure) 805M->806M(840M) 36.358ms
[4.989s][info][gc,cpu         ] GC(102) User=0.23s Sys=0.02s Real=0.04s
[4.989s][info][gc,start       ] GC(103) Pause Full (Ergonomics)
[4.989s][info][gc,phases,start] GC(103) Marking Phase
[5.162s][info][gc,phases      ] GC(103) Marking Phase 173.386ms
[5.162s][info][gc,phases,start] GC(103) Summary Phase
[5.162s][info][gc,phases      ] GC(103) Summary Phase 0.029ms
[5.162s][info][gc,phases,start] GC(103) Adjust Roots
[5.162s][info][gc,phases      ] GC(103) Adjust Roots 0.150ms
[5.162s][info][gc,phases,start] GC(103) Compaction Phase
[5.246s][info][gc,phases      ] GC(103) Compaction Phase 83.149ms
[5.246s][info][gc,phases,start] GC(103) Post Compact
[5.247s][info][gc,phases      ] GC(103) Post Compact 1.577ms
[5.248s][info][gc,heap        ] GC(103) PSYoungGen: 46176K(51712K)->16325K(51712K) Eden: 0K(5120K)->0K(5120K) From: 46176K(46592K)->16325K(46592K)
[5.248s][info][gc,heap        ] GC(103) ParOldGen: 779547K(808448K)->808427K(900096K)
[5.248s][info][gc,metaspace   ] GC(103) Metaspace: 6301K(6464K)->6301K(6464K) NonClass: 5768K(5824K)->5768K(5824K) Class: 533K(640K)->533K(640K)
[5.248s][info][gc             ] GC(103) Pause Full (Ergonomics) 806M->805M(929M) 259.051ms
[5.248s][info][gc,cpu         ] GC(103) User=1.67s Sys=0.03s Real=0.26s
[5.253s][info][gc,start       ] GC(104) Pause Young (Allocation Failure)
[5.295s][info][gc,heap        ] GC(104) PSYoungGen: 21445K(51712K)->7776K(98816K) Eden: 5120K(5120K)->0K(4096K) From: 16325K(46592K)->7776K(94720K)
[5.295s][info][gc,heap        ] GC(104) ParOldGen: 808427K(900096K)->822387K(900096K)
[5.295s][info][gc,metaspace   ] GC(104) Metaspace: 6301K(6464K)->6301K(6464K) NonClass: 5768K(5824K)->5768K(5824K) Class: 533K(640K)->533K(640K)
[5.295s][info][gc             ] GC(104) Pause Young (Allocation Failure) 810M->810M(975M) 42.324ms
[5.295s][info][gc,cpu         ] GC(104) User=0.20s Sys=0.05s Real=0.04s
[5.300s][info][gc,start       ] GC(105) Pause Young (Allocation Failure)
[5.311s][info][gc,heap        ] GC(105) PSYoungGen: 11872K(98816K)->9920K(100864K) Eden: 4096K(4096K)->0K(4096K) From: 7776K(94720K)->9920K(96768K)
[5.311s][info][gc,heap        ] GC(105) ParOldGen: 822387K(900096K)->824379K(900096K)
[5.311s][info][gc,metaspace   ] GC(105) Metaspace: 6301K(6464K)->6301K(6464K) NonClass: 5768K(5824K)->5768K(5824K) Class: 533K(640K)->533K(640K)
[5.311s][info][gc             ] GC(105) Pause Young (Allocation Failure) 814M->814M(977M) 11.525ms
[5.311s][info][gc,cpu         ] GC(105) User=0.02s Sys=0.00s Real=0.01s
[5.316s][info][gc,start       ] GC(106) Pause Young (Allocation Failure)
[5.328s][info][gc,heap        ] GC(106) PSYoungGen: 14016K(100864K)->8320K(100864K) Eden: 4096K(4096K)->0K(5120K) From: 9920K(96768K)->8320K(95744K)
[5.328s][info][gc,heap        ] GC(106) ParOldGen: 824379K(900096K)->830187K(900096K)
[5.328s][info][gc,metaspace   ] GC(106) Metaspace: 6301K(6464K)->6301K(6464K) NonClass: 5768K(5824K)->5768K(5824K) Class: 533K(640K)->533K(640K)
[5.328s][info][gc             ] GC(106) Pause Young (Allocation Failure) 818M->818M(977M) 12.122ms
[5.328s][info][gc,cpu         ] GC(106) User=0.00s Sys=0.00s Real=0.01s
[5.334s][info][gc,start       ] GC(107) Pause Young (Allocation Failure)
[5.347s][info][gc,heap        ] GC(107) PSYoungGen: 13440K(100864K)->5184K(101376K) Eden: 5120K(5120K)->0K(5120K) From: 8320K(95744K)->5184K(96256K)
[5.347s][info][gc,heap        ] GC(107) ParOldGen: 830187K(900096K)->838467K(900096K)
[5.347s][info][gc,metaspace   ] GC(107) Metaspace: 6301K(6464K)->6301K(6464K) NonClass: 5768K(5824K)->5768K(5824K) Class: 533K(640K)->533K(640K)
[5.347s][info][gc             ] GC(107) Pause Young (Allocation Failure) 823M->823M(978M) 13.604ms
[5.347s][info][gc,cpu         ] GC(107) User=0.00s Sys=0.02s Real=0.01s
[5.353s][info][gc,start       ] GC(108) Pause Young (Allocation Failure)
[5.364s][info][gc,heap        ] GC(108) PSYoungGen: 10304K(101376K)->5216K(98304K) Eden: 5120K(5120K)->0K(6144K) From: 5184K(96256K)->5216K(92160K)
[5.364s][info][gc,heap        ] GC(108) ParOldGen: 838467K(900096K)->843651K(900096K)
[5.364s][info][gc,metaspace   ] GC(108) Metaspace: 6301K(6464K)->6301K(6464K) NonClass: 5768K(5824K)->5768K(5824K) Class: 533K(640K)->533K(640K)
[5.364s][info][gc             ] GC(108) Pause Young (Allocation Failure) 828M->828M(975M) 11.659ms
[5.364s][info][gc,cpu         ] GC(108) User=0.00s Sys=0.00s Real=0.01s
[5.371s][info][gc,start       ] GC(109) Pause Young (Allocation Failure)
[5.383s][info][gc,heap        ] GC(109) PSYoungGen: 11360K(98304K)->6272K(12800K) Eden: 6144K(6144K)->0K(6144K) From: 5216K(92160K)->6272K(6656K)
[5.383s][info][gc,heap        ] GC(109) ParOldGen: 843651K(900096K)->848859K(900096K)
[5.383s][info][gc,metaspace   ] GC(109) Metaspace: 6301K(6464K)->6301K(6464K) NonClass: 5768K(5824K)->5768K(5824K) Class: 533K(640K)->533K(640K)
[5.383s][info][gc             ] GC(109) Pause Young (Allocation Failure) 834M->835M(891M) 11.817ms
[5.383s][info][gc,cpu         ] GC(109) User=0.02s Sys=0.00s Real=0.01s
[5.390s][info][gc,start       ] GC(110) Pause Young (Allocation Failure)
[5.402s][info][gc,heap        ] GC(110) PSYoungGen: 12416K(12800K)->6272K(93184K) Eden: 6144K(6144K)->0K(7168K) From: 6272K(6656K)->6272K(86016K)
[5.402s][info][gc,heap        ] GC(110) ParOldGen: 848859K(900096K)->855091K(900096K)
[5.402s][info][gc,metaspace   ] GC(110) Metaspace: 6301K(6464K)->6301K(6464K) NonClass: 5768K(5824K)->5768K(5824K) Class: 533K(640K)->533K(640K)
[5.402s][info][gc             ] GC(110) Pause Young (Allocation Failure) 841M->841M(970M) 12.287ms
[5.402s][info][gc,cpu         ] GC(110) User=0.00s Sys=0.00s Real=0.01s
[5.410s][info][gc,start       ] GC(111) Pause Young (Allocation Failure)
[5.422s][info][gc,heap        ] GC(111) PSYoungGen: 13440K(93184K)->7328K(14848K) Eden: 7168K(7168K)->0K(7168K) From: 6272K(86016K)->7328K(7680K)
[5.422s][info][gc,heap        ] GC(111) ParOldGen: 855091K(900096K)->861323K(900096K)
[5.422s][info][gc,metaspace   ] GC(111) Metaspace: 6301K(6464K)->6301K(6464K) NonClass: 5768K(5824K)->5768K(5824K) Class: 533K(640K)->533K(640K)
[5.422s][info][gc             ] GC(111) Pause Young (Allocation Failure) 848M->848M(893M) 12.785ms
[5.422s][info][gc,cpu         ] GC(111) User=0.02s Sys=0.00s Real=0.01s
[5.430s][info][gc,start       ] GC(112) Pause Young (Allocation Failure)
[5.444s][info][gc,heap        ] GC(112) PSYoungGen: 14496K(14848K)->7296K(86528K) Eden: 7168K(7168K)->0K(8192K) From: 7328K(7680K)->7296K(78336K)
[5.444s][info][gc,heap        ] GC(112) ParOldGen: 861323K(900096K)->868587K(900096K)
[5.444s][info][gc,metaspace   ] GC(112) Metaspace: 6301K(6464K)->6301K(6464K) NonClass: 5768K(5824K)->5768K(5824K) Class: 533K(640K)->533K(640K)
[5.444s][info][gc             ] GC(112) Pause Young (Allocation Failure) 855M->855M(963M) 13.087ms
[5.444s][info][gc,cpu         ] GC(112) User=0.02s Sys=0.00s Real=0.01s
[5.453s][info][gc,start       ] GC(113) Pause Young (Allocation Failure)
[5.467s][info][gc,heap        ] GC(113) PSYoungGen: 15488K(86528K)->8288K(16896K) Eden: 8192K(8192K)->0K(8192K) From: 7296K(78336K)->8288K(8704K)
[5.467s][info][gc,heap        ] GC(113) ParOldGen: 868587K(900096K)->875851K(900096K)
[5.467s][info][gc,metaspace   ] GC(113) Metaspace: 6301K(6464K)->6301K(6464K) NonClass: 5768K(5824K)->5768K(5824K) Class: 533K(640K)->533K(640K)
[5.467s][info][gc             ] GC(113) Pause Young (Allocation Failure) 863M->863M(895M) 14.078ms
[5.467s][info][gc,cpu         ] GC(113) User=0.00s Sys=0.02s Real=0.01s
[5.475s][info][gc,start       ] GC(114) Pause Young (Allocation Failure)
[5.489s][info][gc,heap        ] GC(114) PSYoungGen: 16480K(16896K)->8288K(80896K) Eden: 8192K(8192K)->0K(9728K) From: 8288K(8704K)->8288K(71168K)
[5.489s][info][gc,heap        ] GC(114) ParOldGen: 875851K(900096K)->884163K(900096K)
[5.489s][info][gc,metaspace   ] GC(114) Metaspace: 6301K(6464K)->6301K(6464K) NonClass: 5768K(5824K)->5768K(5824K) Class: 533K(640K)->533K(640K)
[5.489s][info][gc             ] GC(114) Pause Young (Allocation Failure) 871M->871M(958M) 13.967ms
[5.489s][info][gc,cpu         ] GC(114) User=0.02s Sys=0.00s Real=0.01s
[5.490s][info][gc,start       ] GC(115) Pause Full (Ergonomics)
[5.490s][info][gc,phases,start] GC(115) Marking Phase
[5.697s][info][gc,phases      ] GC(115) Marking Phase 207.068ms
[5.697s][info][gc,phases,start] GC(115) Summary Phase
[5.697s][info][gc,phases      ] GC(115) Summary Phase 0.029ms
[5.697s][info][gc,phases,start] GC(115) Adjust Roots
[5.697s][info][gc,phases      ] GC(115) Adjust Roots 0.190ms
[5.697s][info][gc,phases,start] GC(115) Compaction Phase
[5.786s][info][gc,phases      ] GC(115) Compaction Phase 88.906ms
[5.786s][info][gc,phases,start] GC(115) Post Compact
[5.787s][info][gc,phases      ] GC(115) Post Compact 1.525ms
[5.788s][info][gc,heap        ] GC(115) PSYoungGen: 8288K(80896K)->0K(84480K) Eden: 0K(9728K)->0K(9728K) From: 8288K(71168K)->0K(74752K)
[5.788s][info][gc,heap        ] GC(115) ParOldGen: 884163K(900096K)->890954K(973312K)
[5.788s][info][gc,metaspace   ] GC(115) Metaspace: 6301K(6464K)->6301K(6464K) NonClass: 5768K(5824K)->5768K(5824K) Class: 533K(640K)->533K(640K)
[5.788s][info][gc             ] GC(115) Pause Full (Ergonomics) 871M->870M(1033M) 298.259ms
[5.788s][info][gc,cpu         ] GC(115) User=2.02s Sys=0.00s Real=0.30s
[5.798s][info][gc,start       ] GC(116) Pause Young (Allocation Failure)
[5.810s][info][gc,heap        ] GC(116) PSYoungGen: 9728K(84480K)->9824K(77824K) Eden: 9728K(9728K)->0K(10752K) From: 0K(74752K)->9824K(67072K)
[5.810s][info][gc,heap        ] GC(116) ParOldGen: 890954K(973312K)->890954K(973312K)
[5.810s][info][gc,metaspace   ] GC(116) Metaspace: 6301K(6464K)->6301K(6464K) NonClass: 5768K(5824K)->5768K(5824K) Class: 533K(640K)->533K(640K)
[5.810s][info][gc             ] GC(116) Pause Young (Allocation Failure) 879M->879M(1026M) 11.426ms
[5.810s][info][gc,cpu         ] GC(116) User=0.00s Sys=0.00s Real=0.01s
[5.822s][info][gc,start       ] GC(117) Pause Young (Allocation Failure)
[5.837s][info][gc,heap        ] GC(117) PSYoungGen: 20576K(77824K)->20608K(31744K) Eden: 10752K(10752K)->0K(10752K) From: 9824K(67072K)->20608K(20992K)
[5.837s][info][gc,heap        ] GC(117) ParOldGen: 890954K(973312K)->890954K(973312K)
[5.837s][info][gc,metaspace   ] GC(117) Metaspace: 6301K(6464K)->6301K(6464K) NonClass: 5768K(5824K)->5768K(5824K) Class: 533K(640K)->533K(640K)
[5.837s][info][gc             ] GC(117) Pause Young (Allocation Failure) 890M->890M(981M) 15.328ms
[5.837s][info][gc,cpu         ] GC(117) User=0.02s Sys=0.00s Real=0.01s
[5.849s][info][gc,start       ] GC(118) Pause Young (Allocation Failure)
[5.868s][info][gc,heap        ] GC(118) PSYoungGen: 31360K(31744K)->21632K(71680K) Eden: 10752K(10752K)->0K(12288K) From: 20608K(20992K)->21632K(59392K)
[5.868s][info][gc,heap        ] GC(118) ParOldGen: 890954K(973312K)->900802K(973312K)
[5.868s][info][gc,metaspace   ] GC(118) Metaspace: 6301K(6464K)->6301K(6464K) NonClass: 5768K(5824K)->5768K(5824K) Class: 533K(640K)->533K(640K)
[5.868s][info][gc             ] GC(118) Pause Young (Allocation Failure) 900M->900M(1020M) 18.895ms
[5.868s][info][gc,cpu         ] GC(118) User=0.03s Sys=0.00s Real=0.02s
[5.881s][info][gc,start       ] GC(119) Pause Young (Allocation Failure)
[5.900s][info][gc,heap        ] GC(119) PSYoungGen: 33920K(71680K)->23168K(35840K) Eden: 12288K(12288K)->0K(12288K) From: 21632K(59392K)->23168K(23552K)
[5.900s][info][gc,heap        ] GC(119) ParOldGen: 900802K(973312K)->911706K(973312K)
[5.900s][info][gc,metaspace   ] GC(119) Metaspace: 6301K(6464K)->6301K(6464K) NonClass: 5768K(5824K)->5768K(5824K) Class: 533K(640K)->533K(640K)
[5.900s][info][gc             ] GC(119) Pause Young (Allocation Failure) 912M->912M(985M) 18.973ms
[5.900s][info][gc,cpu         ] GC(119) User=0.03s Sys=0.00s Real=0.02s
[5.914s][info][gc,start       ] GC(120) Pause Young (Allocation Failure)
[5.934s][info][gc,heap        ] GC(120) PSYoungGen: 35456K(35840K)->24704K(69632K) Eden: 12288K(12288K)->0K(13824K) From: 23168K(23552K)->24704K(55808K)
[5.934s][info][gc,heap        ] GC(120) ParOldGen: 911706K(973312K)->922602K(973312K)
[5.934s][info][gc,metaspace   ] GC(120) Metaspace: 6301K(6464K)->6301K(6464K) NonClass: 5768K(5824K)->5768K(5824K) Class: 533K(640K)->533K(640K)
[5.934s][info][gc             ] GC(120) Pause Young (Allocation Failure) 924M->925M(1018M) 20.198ms
[5.934s][info][gc,cpu         ] GC(120) User=0.02s Sys=0.00s Real=0.02s
[5.950s][info][gc,start       ] GC(121) Pause Young (Allocation Failure)
[5.971s][info][gc,heap        ] GC(121) PSYoungGen: 38528K(69632K)->26272K(71680K) Eden: 13824K(13824K)->0K(13824K) From: 24704K(55808K)->26272K(57856K)
[5.971s][info][gc,heap        ] GC(121) ParOldGen: 922602K(973312K)->935058K(973312K)
[5.971s][info][gc,metaspace   ] GC(121) Metaspace: 6301K(6464K)->6301K(6464K) NonClass: 5768K(5824K)->5768K(5824K) Class: 533K(640K)->533K(640K)
[5.971s][info][gc             ] GC(121) Pause Young (Allocation Failure) 938M->938M(1020M) 20.412ms
[5.971s][info][gc,cpu         ] GC(121) User=0.14s Sys=0.00s Real=0.02s
[5.987s][info][gc,start       ] GC(122) Pause Young (Allocation Failure)
[6.008s][info][gc,heap        ] GC(122) PSYoungGen: 40096K(71680K)->27808K(71168K) Eden: 13824K(13824K)->0K(15872K) From: 26272K(57856K)->27808K(55296K)
[6.008s][info][gc,heap        ] GC(122) ParOldGen: 935058K(973312K)->947522K(973312K)
[6.008s][info][gc,metaspace   ] GC(122) Metaspace: 6301K(6464K)->6301K(6464K) NonClass: 5768K(5824K)->5768K(5824K) Class: 533K(640K)->533K(640K)
[6.008s][info][gc             ] GC(122) Pause Young (Allocation Failure) 952M->952M(1020M) 21.333ms
[6.008s][info][gc,cpu         ] GC(122) User=0.12s Sys=0.00s Real=0.02s
[6.025s][info][gc,start       ] GC(123) Pause Young (Allocation Failure)
[6.049s][info][gc,heap        ] GC(123) PSYoungGen: 43680K(71168K)->29856K(71680K) Eden: 15872K(15872K)->0K(15872K) From: 27808K(55296K)->29856K(55808K)
[6.049s][info][gc,heap        ] GC(123) ParOldGen: 947522K(973312K)->961538K(973312K)
[6.049s][info][gc,metaspace   ] GC(123) Metaspace: 6301K(6464K)->6301K(6464K) NonClass: 5768K(5824K)->5768K(5824K) Class: 533K(640K)->533K(640K)
[6.049s][info][gc             ] GC(123) Pause Young (Allocation Failure) 967M->968M(1020M) 23.132ms
[6.049s][info][gc,cpu         ] GC(123) User=0.14s Sys=0.00s Real=0.02s
[6.049s][info][gc,start       ] GC(124) Pause Full (Ergonomics)
[6.049s][info][gc,phases,start] GC(124) Marking Phase
[6.269s][info][gc,phases      ] GC(124) Marking Phase 220.556ms
[6.269s][info][gc,phases,start] GC(124) Summary Phase
[6.269s][info][gc,phases      ] GC(124) Summary Phase 0.024ms
[6.269s][info][gc,phases,start] GC(124) Adjust Roots
[6.270s][info][gc,phases      ] GC(124) Adjust Roots 0.155ms
[6.270s][info][gc,phases,start] GC(124) Compaction Phase
[6.369s][info][gc,phases      ] GC(124) Compaction Phase 99.313ms
[6.369s][info][gc,phases,start] GC(124) Post Compact
[6.371s][info][gc,phases      ] GC(124) Post Compact 1.642ms
[6.371s][info][gc,heap        ] GC(124) PSYoungGen: 29856K(71680K)->16862K(71680K) Eden: 0K(15872K)->0K(15872K) From: 29856K(55808K)->16862K(55808K)
[6.371s][info][gc,heap        ] GC(124) ParOldGen: 961538K(973312K)->973169K(1063936K)
[6.371s][info][gc,metaspace   ] GC(124) Metaspace: 6301K(6464K)->6301K(6464K) NonClass: 5768K(5824K)->5768K(5824K) Class: 533K(640K)->533K(640K)
[6.371s][info][gc             ] GC(124) Pause Full (Ergonomics) 968M->966M(1109M) 322.459ms
[6.371s][info][gc,cpu         ] GC(124) User=2.22s Sys=0.02s Real=0.32s
[6.392s][info][gc,start       ] GC(125) Pause Young (Allocation Failure)
[6.448s][info][gc,heap        ] GC(125) PSYoungGen: 32734K(71680K)->24960K(69120K) Eden: 15872K(15872K)->0K(17920K) From: 16862K(55808K)->24960K(51200K)
[6.448s][info][gc,heap        ] GC(125) ParOldGen: 973169K(1063936K)->981193K(1063936K)
[6.448s][info][gc,metaspace   ] GC(125) Metaspace: 6301K(6464K)->6301K(6464K) NonClass: 5768K(5824K)->5768K(5824K) Class: 533K(640K)->533K(640K)
[6.448s][info][gc             ] GC(125) Pause Young (Allocation Failure) 982M->982M(1106M) 56.193ms
[6.448s][info][gc,cpu         ] GC(125) User=0.38s Sys=0.00s Real=0.06s
[6.469s][info][gc,start       ] GC(126) Pause Young (Allocation Failure)
[6.492s][info][gc,heap        ] GC(126) PSYoungGen: 42880K(69120K)->42880K(71168K) Eden: 17920K(17920K)->0K(17920K) From: 24960K(51200K)->42880K(53248K)
[6.492s][info][gc,heap        ] GC(126) ParOldGen: 981193K(1063936K)->981193K(1063936K)
[6.492s][info][gc,metaspace   ] GC(126) Metaspace: 6301K(6464K)->6301K(6464K) NonClass: 5768K(5824K)->5768K(5824K) Class: 533K(640K)->533K(640K)
[6.492s][info][gc             ] GC(126) Pause Young (Allocation Failure) 1000M->1000M(1108M) 23.248ms
[6.492s][info][gc,cpu         ] GC(126) User=0.12s Sys=0.00s Real=0.02s
[6.511s][info][gc,start       ] GC(127) Pause Young (Allocation Failure)
[6.543s][info][gc,heap        ] GC(127) PSYoungGen: 60800K(71168K)->57856K(68096K) Eden: 17920K(17920K)->0K(10240K) From: 42880K(53248K)->57856K(57856K)
[6.543s][info][gc,heap        ] GC(127) ParOldGen: 981193K(1063936K)->984113K(1063936K)
[6.543s][info][gc,metaspace   ] GC(127) Metaspace: 6301K(6464K)->6301K(6464K) NonClass: 5768K(5824K)->5768K(5824K) Class: 533K(640K)->533K(640K)
[6.543s][info][gc             ] GC(127) Pause Young (Allocation Failure) 1017M->1017M(1105M) 31.815ms
[6.543s][info][gc,cpu         ] GC(127) User=0.14s Sys=0.00s Real=0.03s
[6.555s][info][gc,start       ] GC(128) Pause Young (Allocation Failure)
[6.588s][info][gc,heap        ] GC(128) PSYoungGen: 68096K(68096K)->45184K(77824K) Eden: 10240K(10240K)->0K(10240K) From: 57856K(57856K)->45184K(67584K)
[6.588s][info][gc,heap        ] GC(128) ParOldGen: 984113K(1063936K)->1007401K(1063936K)
[6.588s][info][gc,metaspace   ] GC(128) Metaspace: 6301K(6464K)->6301K(6464K) NonClass: 5768K(5824K)->5768K(5824K) Class: 533K(640K)->533K(640K)
[6.588s][info][gc             ] GC(128) Pause Young (Allocation Failure) 1027M->1027M(1115M) 32.902ms
[6.588s][info][gc,cpu         ] GC(128) User=0.16s Sys=0.00s Real=0.03s
[6.599s][info][gc,start       ] GC(129) Pause Young (Allocation Failure)
[6.626s][info][gc,heap        ] GC(129) PSYoungGen: 55424K(77824K)->38176K(79872K) Eden: 10240K(10240K)->0K(11776K) From: 45184K(67584K)->38176K(68096K)
[6.626s][info][gc,heap        ] GC(129) ParOldGen: 1007401K(1063936K)->1024905K(1063936K)
[6.626s][info][gc,metaspace   ] GC(129) Metaspace: 6301K(6464K)->6301K(6464K) NonClass: 5768K(5824K)->5768K(5824K) Class: 533K(640K)->533K(640K)
[6.627s][info][gc             ] GC(129) Pause Young (Allocation Failure) 1037M->1038M(1117M) 27.655ms
[6.627s][info][gc,cpu         ] GC(129) User=0.14s Sys=0.00s Real=0.03s
[6.640s][info][gc,start       ] GC(130) Pause Young (Allocation Failure)
[6.666s][info][gc,heap        ] GC(130) PSYoungGen: 49952K(79872K)->22080K(80896K) Eden: 11776K(11776K)->0K(11776K) From: 38176K(68096K)->22080K(69120K)
[6.666s][info][gc,heap        ] GC(130) ParOldGen: 1024905K(1063936K)->1053081K(1063936K)
[6.667s][info][gc,metaspace   ] GC(130) Metaspace: 6301K(6464K)->6301K(6464K) NonClass: 5768K(5824K)->5768K(5824K) Class: 533K(640K)->533K(640K)
[6.667s][info][gc             ] GC(130) Pause Young (Allocation Failure) 1049M->1049M(1118M) 26.726ms
[6.667s][info][gc,cpu         ] GC(130) User=0.12s Sys=0.00s Real=0.03s
[6.667s][info][gc,start       ] GC(131) Pause Full (Ergonomics)
[6.667s][info][gc,phases,start] GC(131) Marking Phase
[6.906s][info][gc,phases      ] GC(131) Marking Phase 239.680ms
[6.906s][info][gc,phases,start] GC(131) Summary Phase
[6.906s][info][gc,phases      ] GC(131) Summary Phase 0.024ms
[6.906s][info][gc,phases,start] GC(131) Adjust Roots
[6.907s][info][gc,phases      ] GC(131) Adjust Roots 0.153ms
[6.907s][info][gc,phases,start] GC(131) Compaction Phase
[7.000s][info][gc,phases      ] GC(131) Compaction Phase 93.909ms
[7.001s][info][gc,phases,start] GC(131) Post Compact
[7.002s][info][gc,phases      ] GC(131) Post Compact 1.688ms
[7.003s][info][gc,heap        ] GC(131) PSYoungGen: 22080K(80896K)->10206K(80896K) Eden: 0K(11776K)->0K(11776K) From: 22080K(69120K)->10206K(69120K)
[7.003s][info][gc,heap        ] GC(131) ParOldGen: 1053081K(1063936K)->1063608K(1170944K)
[7.003s][info][gc,metaspace   ] GC(131) Metaspace: 6301K(6464K)->6301K(6464K) NonClass: 5768K(5824K)->5768K(5824K) Class: 533K(640K)->533K(640K)
[7.003s][info][gc             ] GC(131) Pause Full (Ergonomics) 1049M->1048M(1222M) 336.090ms
[7.003s][info][gc,cpu         ] GC(131) User=2.39s Sys=0.02s Real=0.34s
[7.019s][info][gc,start       ] GC(132) Pause Young (Allocation Failure)
[7.076s][info][gc,heap        ] GC(132) PSYoungGen: 21982K(80896K)->11904K(77824K) Eden: 11776K(11776K)->0K(13312K) From: 10206K(69120K)->11904K(64512K)
[7.076s][info][gc,heap        ] GC(132) ParOldGen: 1063608K(1170944K)->1073952K(1170944K)
[7.076s][info][gc,metaspace   ] GC(132) Metaspace: 6301K(6464K)->6301K(6464K) NonClass: 5768K(5824K)->5768K(5824K) Class: 533K(640K)->533K(640K)
[7.076s][info][gc             ] GC(132) Pause Young (Allocation Failure) 1060M->1060M(1219M) 56.386ms
[7.076s][info][gc,cpu         ] GC(132) User=0.30s Sys=0.00s Real=0.06s
[7.091s][info][gc,start       ] GC(133) Pause Young (Allocation Failure)
[7.108s][info][gc,heap        ] GC(133) PSYoungGen: 25216K(77824K)->13408K(79360K) Eden: 13312K(13312K)->0K(13312K) From: 11904K(64512K)->13408K(66048K)
[7.108s][info][gc,heap        ] GC(133) ParOldGen: 1073952K(1170944K)->1085904K(1170944K)
[7.108s][info][gc,metaspace   ] GC(133) Metaspace: 6301K(6464K)->6301K(6464K) NonClass: 5768K(5824K)->5768K(5824K) Class: 533K(640K)->533K(640K)
[7.108s][info][gc             ] GC(133) Pause Young (Allocation Failure) 1073M->1073M(1221M) 17.258ms
[7.108s][info][gc,cpu         ] GC(133) User=0.05s Sys=0.00s Real=0.02s
[7.123s][info][gc,start       ] GC(134) Pause Young (Allocation Failure)
[7.141s][info][gc,heap        ] GC(134) PSYoungGen: 26720K(79360K)->13440K(77312K) Eden: 13312K(13312K)->0K(15360K) From: 13408K(66048K)->13440K(61952K)
[7.141s][info][gc,heap        ] GC(134) ParOldGen: 1085904K(1170944K)->1099400K(1170944K)
[7.141s][info][gc,metaspace   ] GC(134) Metaspace: 6301K(6464K)->6301K(6464K) NonClass: 5768K(5824K)->5768K(5824K) Class: 533K(640K)->533K(640K)
[7.141s][info][gc             ] GC(134) Pause Young (Allocation Failure) 1086M->1086M(1219M) 17.796ms
[7.141s][info][gc,cpu         ] GC(134) User=0.06s Sys=0.00s Real=0.02s
[7.158s][info][gc,start       ] GC(135) Pause Young (Allocation Failure)
[7.176s][info][gc,heap        ] GC(135) PSYoungGen: 28800K(77312K)->15520K(78848K) Eden: 15360K(15360K)->0K(15360K) From: 13440K(61952K)->15520K(63488K)
[7.176s][info][gc,heap        ] GC(135) ParOldGen: 1099400K(1170944K)->1112888K(1170944K)
[7.176s][info][gc,metaspace   ] GC(135) Metaspace: 6301K(6464K)->6301K(6464K) NonClass: 5768K(5824K)->5768K(5824K) Class: 533K(640K)->533K(640K)
[7.176s][info][gc             ] GC(135) Pause Young (Allocation Failure) 1101M->1101M(1220M) 18.539ms
[7.176s][info][gc,cpu         ] GC(135) User=0.03s Sys=0.00s Real=0.02s
[7.193s][info][gc,start       ] GC(136) Pause Young (Allocation Failure)
[7.211s][info][gc,heap        ] GC(136) PSYoungGen: 30880K(78848K)->15488K(73728K) Eden: 15360K(15360K)->0K(17408K) From: 15520K(63488K)->15488K(56320K)
[7.212s][info][gc,heap        ] GC(136) ParOldGen: 1112888K(1170944K)->1128448K(1170944K)
[7.212s][info][gc,metaspace   ] GC(136) Metaspace: 6301K(6464K)->6301K(6464K) NonClass: 5768K(5824K)->5768K(5824K) Class: 533K(640K)->533K(640K)
[7.212s][info][gc             ] GC(136) Pause Young (Allocation Failure) 1116M->1117M(1215M) 19.004ms
[7.212s][info][gc,cpu         ] GC(136) User=0.11s Sys=0.02s Real=0.02s
[7.233s][info][gc,start       ] GC(137) Pause Young (Allocation Failure)
[7.253s][info][gc,heap        ] GC(137) PSYoungGen: 32896K(73728K)->17536K(35328K) Eden: 17408K(17408K)->0K(17408K) From: 15488K(56320K)->17536K(17920K)
[7.253s][info][gc,heap        ] GC(137) ParOldGen: 1128448K(1170944K)->1144008K(1170944K)
[7.253s][info][gc,metaspace   ] GC(137) Metaspace: 6301K(6464K)->6301K(6464K) NonClass: 5768K(5824K)->5768K(5824K) Class: 533K(640K)->533K(640K)
[7.253s][info][gc             ] GC(137) Pause Young (Allocation Failure) 1134M->1134M(1178M) 20.538ms
[7.253s][info][gc,cpu         ] GC(137) User=0.12s Sys=0.00s Real=0.02s
[7.273s][info][gc,start       ] GC(138) Pause Young (Allocation Failure)
[7.295s][info][gc,heap        ] GC(138) PSYoungGen: 34944K(35328K)->17568K(71680K) Eden: 17408K(17408K)->0K(19456K) From: 17536K(17920K)->17568K(52224K)
[7.295s][info][gc,heap        ] GC(138) ParOldGen: 1144008K(1170944K)->1161656K(1170944K)
[7.296s][info][gc,metaspace   ] GC(138) Metaspace: 6301K(6464K)->6301K(6464K) NonClass: 5768K(5824K)->5768K(5824K) Class: 533K(640K)->533K(640K)
[7.296s][info][gc             ] GC(138) Pause Young (Allocation Failure) 1151M->1151M(1213M) 22.131ms
[7.296s][info][gc,cpu         ] GC(138) User=0.12s Sys=0.02s Real=0.02s
[7.296s][info][gc,start       ] GC(139) Pause Full (Ergonomics)
[7.296s][info][gc,phases,start] GC(139) Marking Phase
[7.568s][info][gc,phases      ] GC(139) Marking Phase 272.316ms
[7.568s][info][gc,phases,start] GC(139) Summary Phase
[7.568s][info][gc,phases      ] GC(139) Summary Phase 0.026ms
[7.568s][info][gc,phases,start] GC(139) Adjust Roots
[7.568s][info][gc,phases      ] GC(139) Adjust Roots 0.152ms
[7.568s][info][gc,phases,start] GC(139) Compaction Phase
[7.665s][info][gc,phases      ] GC(139) Compaction Phase 96.736ms
[7.665s][info][gc,phases,start] GC(139) Post Compact
[7.667s][info][gc,phases      ] GC(139) Post Compact 1.769ms
[7.667s][info][gc,heap        ] GC(139) PSYoungGen: 17568K(71680K)->6643K(73728K) Eden: 0K(19456K)->0K(21504K) From: 17568K(52224K)->6643K(52224K)
[7.667s][info][gc,heap        ] GC(139) ParOldGen: 1161656K(1170944K)->1170887K(1282560K)
[7.667s][info][gc,metaspace   ] GC(139) Metaspace: 6301K(6464K)->6301K(6464K) NonClass: 5768K(5824K)->5768K(5824K) Class: 533K(640K)->533K(640K)
[7.667s][info][gc             ] GC(139) Pause Full (Ergonomics) 1151M->1149M(1324M) 371.696ms
[7.667s][info][gc,cpu         ] GC(139) User=2.64s Sys=0.00s Real=0.37s
[7.696s][info][gc,start       ] GC(140) Pause Young (Allocation Failure)
[7.760s][info][gc,heap        ] GC(140) PSYoungGen: 28147K(73728K)->21664K(43520K) Eden: 21504K(21504K)->0K(21504K) From: 6643K(52224K)->21664K(22016K)
[7.760s][info][gc,heap        ] GC(140) ParOldGen: 1170887K(1282560K)->1177655K(1282560K)
[7.760s][info][gc,metaspace   ] GC(140) Metaspace: 6301K(6464K)->6301K(6464K) NonClass: 5768K(5824K)->5768K(5824K) Class: 533K(640K)->533K(640K)
[7.760s][info][gc             ] GC(140) Pause Young (Allocation Failure) 1170M->1171M(1295M) 64.204ms
[7.760s][info][gc,cpu         ] GC(140) User=0.38s Sys=0.02s Real=0.06s
[7.786s][info][gc,start       ] GC(141) Pause Young (Allocation Failure)
[7.812s][info][gc,heap        ] GC(141) PSYoungGen: 43168K(43520K)->43200K(70144K) Eden: 21504K(21504K)->0K(18944K) From: 21664K(22016K)->43200K(51200K)
[7.812s][info][gc,heap        ] GC(141) ParOldGen: 1177655K(1282560K)->1177655K(1282560K)
[7.812s][info][gc,metaspace   ] GC(141) Metaspace: 6301K(6464K)->6301K(6464K) NonClass: 5768K(5824K)->5768K(5824K) Class: 533K(640K)->533K(640K)
[7.812s][info][gc             ] GC(141) Pause Young (Allocation Failure) 1192M->1192M(1321M) 25.639ms
[7.812s][info][gc,cpu         ] GC(141) User=0.12s Sys=0.00s Real=0.02s
[7.834s][info][gc,start       ] GC(142) Pause Young (Allocation Failure)
[7.867s][info][gc,heap        ] GC(142) PSYoungGen: 62144K(70144K)->55808K(74752K) Eden: 18944K(18944K)->0K(18944K) From: 43200K(51200K)->55808K(55808K)
[7.868s][info][gc,heap        ] GC(142) ParOldGen: 1177655K(1282560K)->1183935K(1282560K)
[7.868s][info][gc,metaspace   ] GC(142) Metaspace: 6301K(6464K)->6301K(6464K) NonClass: 5768K(5824K)->5768K(5824K) Class: 533K(640K)->533K(640K)
[7.868s][info][gc             ] GC(142) Pause Young (Allocation Failure) 1210M->1210M(1325M) 33.064ms
[7.868s][info][gc,cpu         ] GC(142) User=0.16s Sys=0.00s Real=0.03s
[7.890s][info][gc,start       ] GC(143) Pause Young (Allocation Failure)
[7.929s][info][gc,heap        ] GC(143) PSYoungGen: 74752K(74752K)->37216K(87552K) Eden: 18944K(18944K)->0K(21504K) From: 55808K(55808K)->37216K(66048K)
[7.929s][info][gc,heap        ] GC(143) ParOldGen: 1183935K(1282560K)->1222151K(1282560K)
[7.929s][info][gc,metaspace   ] GC(143) Metaspace: 6301K(6464K)->6301K(6464K) NonClass: 5768K(5824K)->5768K(5824K) Class: 533K(640K)->533K(640K)
[7.929s][info][gc             ] GC(143) Pause Young (Allocation Failure) 1229M->1229M(1338M) 39.090ms
[7.929s][info][gc,cpu         ] GC(143) User=0.25s Sys=0.00s Real=0.04s
[7.954s][info][gc,start       ] GC(144) Pause Young (Allocation Failure)
[7.987s][info][gc,heap        ] GC(144) PSYoungGen: 58720K(87552K)->40576K(87552K) Eden: 21504K(21504K)->0K(21504K) From: 37216K(66048K)->40576K(66048K)
[7.987s][info][gc,heap        ] GC(144) ParOldGen: 1222151K(1282560K)->1240479K(1282560K)
[7.987s][info][gc,metaspace   ] GC(144) Metaspace: 6301K(6464K)->6301K(6464K) NonClass: 5768K(5824K)->5768K(5824K) Class: 533K(640K)->533K(640K)
[7.987s][info][gc             ] GC(144) Pause Young (Allocation Failure) 1250M->1251M(1338M) 32.512ms
[7.987s][info][gc,cpu         ] GC(144) User=0.12s Sys=0.03s Real=0.03s
[8.016s][info][gc,start       ] GC(145) Pause Young (Allocation Failure)
[8.051s][info][gc,heap        ] GC(145) PSYoungGen: 62080K(87552K)->43104K(90112K) Eden: 21504K(21504K)->0K(23040K) From: 40576K(66048K)->43104K(67072K)
[8.051s][info][gc,heap        ] GC(145) ParOldGen: 1240479K(1282560K)->1259687K(1282560K)
[8.051s][info][gc,metaspace   ] GC(145) Metaspace: 6301K(6464K)->6301K(6464K) NonClass: 5768K(5824K)->5768K(5824K) Class: 533K(640K)->533K(640K)
[8.051s][info][gc             ] GC(145) Pause Young (Allocation Failure) 1272M->1272M(1340M) 35.218ms
[8.051s][info][gc,cpu         ] GC(145) User=0.12s Sys=0.02s Real=0.04s
[8.051s][info][gc,start       ] GC(146) Pause Full (Ergonomics)
[8.051s][info][gc,phases,start] GC(146) Marking Phase
[8.344s][info][gc,phases      ] GC(146) Marking Phase 292.249ms
[8.344s][info][gc,phases,start] GC(146) Summary Phase
[8.344s][info][gc,phases      ] GC(146) Summary Phase 0.033ms
[8.344s][info][gc,phases,start] GC(146) Adjust Roots
[8.344s][info][gc,phases      ] GC(146) Adjust Roots 0.281ms
[8.344s][info][gc,phases,start] GC(146) Compaction Phase
[8.694s][info][gc,phases      ] GC(146) Compaction Phase 349.387ms
[8.694s][info][gc,phases,start] GC(146) Post Compact
[8.696s][info][gc,phases      ] GC(146) Post Compact 2.593ms
[8.697s][info][gc,heap        ] GC(146) PSYoungGen: 43104K(90112K)->18880K(90112K) Eden: 0K(23040K)->0K(23040K) From: 43104K(67072K)->18880K(67072K)
[8.697s][info][gc,heap        ] GC(146) ParOldGen: 1259687K(1282560K)->1282319K(1410560K)
[8.697s][info][gc,metaspace   ] GC(146) Metaspace: 6301K(6464K)->6301K(6464K) NonClass: 5768K(5824K)->5768K(5824K) Class: 533K(640K)->533K(640K)
[8.697s][info][gc             ] GC(146) Pause Full (Ergonomics) 1272M->1270M(1465M) 645.352ms
[8.697s][info][gc,cpu         ] GC(146) User=4.56s Sys=0.00s Real=0.64s
[8.718s][info][gc,start       ] GC(147) Pause Young (Allocation Failure)
[8.790s][info][gc,heap        ] GC(147) PSYoungGen: 41920K(90112K)->20384K(91136K) Eden: 23040K(23040K)->0K(23040K) From: 18880K(67072K)->20384K(68096K)
[8.790s][info][gc,heap        ] GC(147) ParOldGen: 1282319K(1410560K)->1293079K(1410560K)
[8.790s][info][gc,metaspace   ] GC(147) Metaspace: 6301K(6464K)->6301K(6464K) NonClass: 5768K(5824K)->5768K(5824K) Class: 533K(640K)->533K(640K)
[8.790s][info][gc             ] GC(147) Pause Young (Allocation Failure) 1293M->1282M(1466M) 71.887ms
[8.790s][info][gc,cpu         ] GC(147) User=0.39s Sys=0.00s Real=0.07s
[8.811s][info][gc,start       ] GC(148) Pause Young (Allocation Failure)
[8.835s][info][gc,heap        ] GC(148) PSYoungGen: 43424K(91136K)->36256K(89088K) Eden: 23040K(23040K)->0K(25088K) From: 20384K(68096K)->36256K(64000K)
[8.835s][info][gc,heap        ] GC(148) ParOldGen: 1293079K(1410560K)->1293079K(1410560K)
[8.835s][info][gc,metaspace   ] GC(148) Metaspace: 6301K(6464K)->6301K(6464K) NonClass: 5768K(5824K)->5768K(5824K) Class: 533K(640K)->533K(640K)
[8.835s][info][gc             ] GC(148) Pause Young (Allocation Failure) 1305M->1298M(1464M) 23.331ms
[8.835s][info][gc,cpu         ] GC(148) User=0.12s Sys=0.00s Real=0.02s
[8.869s][info][gc,start       ] GC(149) Pause Young (Allocation Failure)
[8.903s][info][gc,heap        ] GC(149) PSYoungGen: 61344K(89088K)->61344K(90112K) Eden: 25088K(25088K)->0K(25088K) From: 36256K(64000K)->61344K(65024K)
[8.903s][info][gc,heap        ] GC(149) ParOldGen: 1293079K(1410560K)->1293079K(1410560K)
[8.903s][info][gc,metaspace   ] GC(149) Metaspace: 6301K(6464K)->6301K(6464K) NonClass: 5768K(5824K)->5768K(5824K) Class: 533K(640K)->533K(640K)
[8.903s][info][gc             ] GC(149) Pause Young (Allocation Failure) 1322M->1322M(1465M) 34.116ms
[8.903s][info][gc,cpu         ] GC(149) User=0.16s Sys=0.00s Real=0.03s
[8.934s][info][gc,start       ] GC(150) Pause Young (Allocation Failure)
[8.984s][info][gc,heap        ] GC(150) PSYoungGen: 86432K(90112K)->72704K(84480K) Eden: 25088K(25088K)->0K(11776K) From: 61344K(65024K)->72704K(72704K)
[8.984s][info][gc,heap        ] GC(150) ParOldGen: 1293079K(1410560K)->1306903K(1410560K)
[8.985s][info][gc,metaspace   ] GC(150) Metaspace: 6301K(6464K)->6301K(6464K) NonClass: 5768K(5824K)->5768K(5824K) Class: 533K(640K)->533K(640K)
[8.985s][info][gc             ] GC(150) Pause Young (Allocation Failure) 1347M->1347M(1460M) 50.896ms
[8.985s][info][gc,cpu         ] GC(150) User=0.25s Sys=0.03s Real=0.05s
[8.999s][info][gc,start       ] GC(151) Pause Young (Allocation Failure)
[9.042s][info][gc,heap        ] GC(151) PSYoungGen: 84480K(84480K)->68032K(100352K) Eden: 11776K(11776K)->0K(11776K) From: 72704K(72704K)->68032K(88576K)
[9.042s][info][gc,heap        ] GC(151) ParOldGen: 1306903K(1410560K)->1323687K(1410560K)
[9.042s][info][gc,metaspace   ] GC(151) Metaspace: 6301K(6464K)->6301K(6464K) NonClass: 5768K(5824K)->5768K(5824K) Class: 533K(640K)->533K(640K)
[9.042s][info][gc             ] GC(151) Pause Young (Allocation Failure) 1358M->1359M(1475M) 42.748ms
[9.042s][info][gc,cpu         ] GC(151) User=0.25s Sys=0.00s Real=0.04s
[9.057s][info][gc,start       ] GC(152) Pause Young (Allocation Failure)
[9.097s][info][gc,heap        ] GC(152) PSYoungGen: 79808K(100352K)->67040K(103424K) Eden: 11776K(11776K)->0K(9216K) From: 68032K(88576K)->67040K(94208K)
[9.097s][info][gc,heap        ] GC(152) ParOldGen: 1323687K(1410560K)->1336663K(1410560K)
[9.097s][info][gc,metaspace   ] GC(152) Metaspace: 6301K(6464K)->6301K(6464K) NonClass: 5768K(5824K)->5768K(5824K) Class: 533K(640K)->533K(640K)
[9.097s][info][gc             ] GC(152) Pause Young (Allocation Failure) 1370M->1370M(1478M) 40.207ms
[9.097s][info][gc,cpu         ] GC(152) User=0.27s Sys=0.00s Real=0.04s
[9.361s][info][gc,start       ] GC(153) Pause Full (Ergonomics)
[9.361s][info][gc,phases,start] GC(153) Marking Phase
[9.680s][info][gc,phases      ] GC(153) Marking Phase 319.906ms
[9.681s][info][gc,phases,start] GC(153) Summary Phase
[9.681s][info][gc,phases      ] GC(153) Summary Phase 0.028ms
[9.681s][info][gc,phases,start] GC(153) Adjust Roots
[9.681s][info][gc,phases      ] GC(153) Adjust Roots 0.160ms
[9.681s][info][gc,phases,start] GC(153) Compaction Phase
[9.913s][info][gc,phases      ] GC(153) Compaction Phase 231.941ms
[9.913s][info][gc,phases,start] GC(153) Post Compact
[9.916s][info][gc,phases      ] GC(153) Post Compact 2.993ms
[9.916s][info][gc,heap        ] GC(153) PSYoungGen: 76256K(103424K)->34048K(103424K) Eden: 9216K(9216K)->0K(9216K) From: 67040K(94208K)->34048K(94208K)
[9.916s][info][gc,heap        ] GC(153) ParOldGen: 1402199K(1410560K)->1410463K(1543680K)
[9.916s][info][gc,metaspace   ] GC(153) Metaspace: 6301K(6464K)->6301K(6464K) NonClass: 5768K(5824K)->5768K(5824K) Class: 533K(640K)->533K(640K)
[9.916s][info][gc             ] GC(153) Pause Full (Ergonomics) 1443M->1410M(1608M) 555.903ms
[9.916s][info][gc,cpu         ] GC(153) User=3.69s Sys=0.00s Real=0.56s
[9.927s][info][gc,start       ] GC(154) Pause Young (Allocation Failure)
[10.005s][info][gc,heap        ] GC(154) PSYoungGen: 43264K(103424K)->32896K(42496K) Eden: 9216K(9216K)->0K(9216K) From: 34048K(94208K)->32896K(33280K)
[10.005s][info][gc,heap        ] GC(154) ParOldGen: 1410463K(1543680K)->1421151K(1543680K)
[10.005s][info][gc,metaspace   ] GC(154) Metaspace: 6301K(6464K)->6301K(6464K) NonClass: 5768K(5824K)->5768K(5824K) Class: 533K(640K)->533K(640K)
[10.006s][info][gc             ] GC(154) Pause Young (Allocation Failure) 1419M->1419M(1549M) 78.657ms
[10.006s][info][gc,cpu         ] GC(154) User=0.41s Sys=0.00s Real=0.08s
[10.014s][info][gc,start       ] GC(155) Pause Young (Allocation Failure)
[10.041s][info][gc,heap        ] GC(155) PSYoungGen: 42112K(42496K)->42080K(96768K) Eden: 9216K(9216K)->0K(10752K) From: 32896K(33280K)->42080K(86016K)
[10.041s][info][gc,heap        ] GC(155) ParOldGen: 1421151K(1543680K)->1421151K(1543680K)
[10.041s][info][gc,metaspace   ] GC(155) Metaspace: 6301K(6464K)->6301K(6464K) NonClass: 5768K(5824K)->5768K(5824K) Class: 533K(640K)->533K(640K)
[10.041s][info][gc             ] GC(155) Pause Young (Allocation Failure) 1428M->1428M(1602M) 27.456ms
[10.041s][info][gc,cpu         ] GC(155) User=0.02s Sys=0.00s Real=0.03s
[10.052s][info][gc,start       ] GC(156) Pause Young (Allocation Failure)
[10.083s][info][gc,heap        ] GC(156) PSYoungGen: 52832K(96768K)->41728K(52736K) Eden: 10752K(10752K)->0K(10752K) From: 42080K(86016K)->41728K(41984K)
[10.083s][info][gc,heap        ] GC(156) ParOldGen: 1421151K(1543680K)->1432399K(1543680K)
[10.083s][info][gc,metaspace   ] GC(156) Metaspace: 6301K(6464K)->6301K(6464K) NonClass: 5768K(5824K)->5768K(5824K) Class: 533K(640K)->533K(640K)
[10.083s][info][gc             ] GC(156) Pause Young (Allocation Failure) 1439M->1439M(1559M) 30.820ms
[10.083s][info][gc,cpu         ] GC(156) User=0.05s Sys=0.00s Real=0.03s
[10.093s][info][gc,start       ] GC(157) Pause Young (Allocation Failure)
[10.123s][info][gc,heap        ] GC(157) PSYoungGen: 52480K(52736K)->40032K(91648K) Eden: 10752K(10752K)->0K(12800K) From: 41728K(41984K)->40032K(78848K)
[10.123s][info][gc,heap        ] GC(157) ParOldGen: 1432399K(1543680K)->1445015K(1543680K)
[10.123s][info][gc,metaspace   ] GC(157) Metaspace: 6301K(6464K)->6301K(6464K) NonClass: 5768K(5824K)->5768K(5824K) Class: 533K(640K)->533K(640K)
[10.123s][info][gc             ] GC(157) Pause Young (Allocation Failure) 1450M->1450M(1597M) 30.514ms
[10.123s][info][gc,cpu         ] GC(157) User=0.03s Sys=0.02s Real=0.03s
[10.135s][info][gc,start       ] GC(158) Pause Young (Allocation Failure)
[10.166s][info][gc,heap        ] GC(158) PSYoungGen: 52832K(91648K)->34432K(47616K) Eden: 12800K(12800K)->0K(12800K) From: 40032K(78848K)->34432K(34816K)
[10.166s][info][gc,heap        ] GC(158) ParOldGen: 1445015K(1543680K)->1463647K(1543680K)
[10.166s][info][gc,metaspace   ] GC(158) Metaspace: 6301K(6464K)->6301K(6464K) NonClass: 5768K(5824K)->5768K(5824K) Class: 533K(640K)->533K(640K)
[10.166s][info][gc             ] GC(158) Pause Young (Allocation Failure) 1462M->1462M(1554M) 30.722ms
[10.166s][info][gc,cpu         ] GC(158) User=0.03s Sys=0.00s Real=0.03s
[10.177s][info][gc,start       ] GC(159) Pause Young (Allocation Failure)
[10.206s][info][gc,heap        ] GC(159) PSYoungGen: 47232K(47616K)->25696K(92160K) Eden: 12800K(12800K)->0K(14848K) From: 34432K(34816K)->25696K(77312K)
[10.206s][info][gc,heap        ] GC(159) ParOldGen: 1463647K(1543680K)->1485391K(1543680K)
[10.206s][info][gc,metaspace   ] GC(159) Metaspace: 6301K(6464K)->6301K(6464K) NonClass: 5768K(5824K)->5768K(5824K) Class: 533K(640K)->533K(640K)
[10.206s][info][gc             ] GC(159) Pause Young (Allocation Failure) 1475M->1475M(1597M) 28.541ms
[10.206s][info][gc,cpu         ] GC(159) User=0.08s Sys=0.00s Real=0.03s
[10.220s][info][gc,start       ] GC(160) Pause Young (Allocation Failure)
[10.247s][info][gc,heap        ] GC(160) PSYoungGen: 40544K(92160K)->14976K(93184K) Eden: 14848K(14848K)->0K(14848K) From: 25696K(77312K)->14976K(78336K)
[10.247s][info][gc,heap        ] GC(160) ParOldGen: 1485391K(1543680K)->1511287K(1543680K)
[10.247s][info][gc,metaspace   ] GC(160) Metaspace: 6301K(6464K)->6301K(6464K) NonClass: 5768K(5824K)->5768K(5824K) Class: 533K(640K)->533K(640K)
[10.247s][info][gc             ] GC(160) Pause Young (Allocation Failure) 1490M->1490M(1598M) 27.526ms
[10.247s][info][gc,cpu         ] GC(160) User=0.03s Sys=0.00s Real=0.03s
[10.262s][info][gc,start       ] GC(161) Pause Young (Allocation Failure)
[10.287s][info][gc,heap        ] GC(161) PSYoungGen: 29824K(93184K)->14944K(95744K) Eden: 14848K(14848K)->0K(16896K) From: 14976K(78336K)->14944K(78848K)
[10.287s][info][gc,heap        ] GC(161) ParOldGen: 1511287K(1543680K)->1526327K(1543680K)
[10.287s][info][gc,metaspace   ] GC(161) Metaspace: 6301K(6464K)->6301K(6464K) NonClass: 5768K(5824K)->5768K(5824K) Class: 533K(640K)->533K(640K)
[10.287s][info][gc             ] GC(161) Pause Young (Allocation Failure) 1504M->1505M(1601M) 25.061ms
[10.287s][info][gc,cpu         ] GC(161) User=0.03s Sys=0.00s Real=0.03s
[10.287s][info][gc,start       ] GC(162) Pause Full (Ergonomics)
[10.287s][info][gc,phases,start] GC(162) Marking Phase
[10.638s][info][gc,phases      ] GC(162) Marking Phase 350.999ms
[10.638s][info][gc,phases,start] GC(162) Summary Phase
[10.638s][info][gc,phases      ] GC(162) Summary Phase 0.045ms
[10.638s][info][gc,phases,start] GC(162) Adjust Roots
[10.638s][info][gc,phases      ] GC(162) Adjust Roots 0.186ms
[10.638s][info][gc,phases,start] GC(162) Compaction Phase
[10.806s][info][gc,phases      ] GC(162) Compaction Phase 167.666ms
[10.806s][info][gc,phases,start] GC(162) Post Compact
[10.809s][info][gc,phases      ] GC(162) Post Compact 2.822ms
[10.809s][info][gc,heap        ] GC(162) PSYoungGen: 14944K(95744K)->0K(95744K) Eden: 0K(16896K)->0K(16896K) From: 14944K(78848K)->0K(78848K)
[10.809s][info][gc,heap        ] GC(162) ParOldGen: 1526327K(1543680K)->1539487K(1686528K)
[10.809s][info][gc,metaspace   ] GC(162) Metaspace: 6301K(6464K)->6301K(6464K) NonClass: 5768K(5824K)->5768K(5824K) Class: 533K(640K)->533K(640K)
[10.809s][info][gc             ] GC(162) Pause Full (Ergonomics) 1505M->1503M(1740M) 522.533ms
[10.809s][info][gc,cpu         ] GC(162) User=3.52s Sys=0.00s Real=0.52s
[10.830s][info][gc,start       ] GC(163) Pause Young (Allocation Failure)
[10.848s][info][gc,heap        ] GC(163) PSYoungGen: 16896K(95744K)->17024K(95232K) Eden: 16896K(16896K)->0K(18944K) From: 0K(78848K)->17024K(76288K)
[10.848s][info][gc,heap        ] GC(163) ParOldGen: 1539487K(1686528K)->1539487K(1686528K)
[10.848s][info][gc,metaspace   ] GC(163) Metaspace: 6301K(6464K)->6301K(6464K) NonClass: 5768K(5824K)->5768K(5824K) Class: 533K(640K)->533K(640K)
[10.848s][info][gc             ] GC(163) Pause Young (Allocation Failure) 1519M->1520M(1740M) 18.857ms
[10.848s][info][gc,cpu         ] GC(163) User=0.03s Sys=0.00s Real=0.02s
[10.868s][info][gc,start       ] GC(164) Pause Young (Allocation Failure)
[10.893s][info][gc,heap        ] GC(164) PSYoungGen: 35968K(95232K)->19072K(96768K) Eden: 18944K(18944K)->0K(18944K) From: 17024K(76288K)->19072K(77824K)
[10.893s][info][gc,heap        ] GC(164) ParOldGen: 1539487K(1686528K)->1556615K(1686528K)
[10.893s][info][gc,metaspace   ] GC(164) Metaspace: 6301K(6464K)->6301K(6464K) NonClass: 5768K(5824K)->5768K(5824K) Class: 533K(640K)->533K(640K)
[10.893s][info][gc             ] GC(164) Pause Young (Allocation Failure) 1538M->1538M(1741M) 25.703ms
[10.893s][info][gc,cpu         ] GC(164) User=0.05s Sys=0.00s Real=0.03s
[10.913s][info][gc,start       ] GC(165) Pause Young (Allocation Failure)
[10.941s][info][gc,heap        ] GC(165) PSYoungGen: 38016K(96768K)->19104K(93184K) Eden: 18944K(18944K)->0K(21504K) From: 19072K(77824K)->19104K(71680K)
[10.941s][info][gc,heap        ] GC(165) ParOldGen: 1556615K(1686528K)->1575807K(1686528K)
[10.941s][info][gc,metaspace   ] GC(165) Metaspace: 6301K(6464K)->6301K(6464K) NonClass: 5768K(5824K)->5768K(5824K) Class: 533K(640K)->533K(640K)
[10.941s][info][gc             ] GC(165) Pause Young (Allocation Failure) 1557M->1557M(1738M) 28.514ms
[10.941s][info][gc,cpu         ] GC(165) User=0.05s Sys=0.00s Real=0.03s
[10.962s][info][gc,start       ] GC(166) Pause Young (Allocation Failure)
[10.990s][info][gc,heap        ] GC(166) PSYoungGen: 40608K(93184K)->21664K(95232K) Eden: 21504K(21504K)->0K(21504K) From: 19104K(71680K)->21664K(73728K)
[10.990s][info][gc,heap        ] GC(166) ParOldGen: 1575807K(1686528K)->1595023K(1686528K)
[10.990s][info][gc,metaspace   ] GC(166) Metaspace: 6301K(6464K)->6301K(6464K) NonClass: 5768K(5824K)->5768K(5824K) Class: 533K(640K)->533K(640K)
[10.990s][info][gc             ] GC(166) Pause Young (Allocation Failure) 1578M->1578M(1740M) 28.285ms
[10.990s][info][gc,cpu         ] GC(166) User=0.03s Sys=0.00s Real=0.03s
[11.010s][info][gc,start       ] GC(167) Pause Young (Allocation Failure)
[11.039s][info][gc,heap        ] GC(167) PSYoungGen: 43168K(95232K)->21664K(89088K) Eden: 21504K(21504K)->0K(24064K) From: 21664K(73728K)->21664K(65024K)
[11.039s][info][gc,heap        ] GC(167) ParOldGen: 1595023K(1686528K)->1616823K(1686528K)
[11.039s][info][gc,metaspace   ] GC(167) Metaspace: 6301K(6464K)->6301K(6464K) NonClass: 5768K(5824K)->5768K(5824K) Class: 533K(640K)->533K(640K)
[11.039s][info][gc             ] GC(167) Pause Young (Allocation Failure) 1599M->1600M(1734M) 28.478ms
[11.039s][info][gc,cpu         ] GC(167) User=0.05s Sys=0.00s Real=0.03s
[11.062s][info][gc,start       ] GC(168) Pause Young (Allocation Failure)
[11.091s][info][gc,heap        ] GC(168) PSYoungGen: 45728K(89088K)->24192K(92160K) Eden: 24064K(24064K)->0K(24064K) From: 21664K(65024K)->24192K(68096K)
[11.091s][info][gc,heap        ] GC(168) ParOldGen: 1616823K(1686528K)->1638623K(1686528K)
[11.091s][info][gc,metaspace   ] GC(168) Metaspace: 6301K(6464K)->6301K(6464K) NonClass: 5768K(5824K)->5768K(5824K) Class: 533K(640K)->533K(640K)
[11.091s][info][gc             ] GC(168) Pause Young (Allocation Failure) 1623M->1623M(1737M) 29.600ms
[11.091s][info][gc,cpu         ] GC(168) User=0.12s Sys=0.00s Real=0.03s
[11.115s][info][gc,start       ] GC(169) Pause Young (Allocation Failure)
[11.148s][info][gc,heap        ] GC(169) PSYoungGen: 48256K(92160K)->24192K(86528K) Eden: 24064K(24064K)->0K(27136K) From: 24192K(68096K)->24192K(59392K)
[11.148s][info][gc,heap        ] GC(169) ParOldGen: 1638623K(1686528K)->1663007K(1686528K)
[11.148s][info][gc,metaspace   ] GC(169) Metaspace: 6301K(6464K)->6301K(6464K) NonClass: 5768K(5824K)->5768K(5824K) Class: 533K(640K)->533K(640K)
[11.148s][info][gc             ] GC(169) Pause Young (Allocation Failure) 1647M->1647M(1731M) 32.785ms
[11.148s][info][gc,cpu         ] GC(169) User=0.05s Sys=0.00s Real=0.03s
[11.148s][info][gc,start       ] GC(170) Pause Full (Ergonomics)
[11.148s][info][gc,phases,start] GC(170) Marking Phase
[11.543s][info][gc,phases      ] GC(170) Marking Phase 394.689ms
[11.543s][info][gc,phases,start] GC(170) Summary Phase
[11.543s][info][gc,phases      ] GC(170) Summary Phase 0.053ms
[11.543s][info][gc,phases,start] GC(170) Adjust Roots
[11.543s][info][gc,phases      ] GC(170) Adjust Roots 0.193ms
[11.543s][info][gc,phases,start] GC(170) Compaction Phase
[11.707s][info][gc,phases      ] GC(170) Compaction Phase 163.188ms
[11.707s][info][gc,phases,start] GC(170) Post Compact
[11.710s][info][gc,phases      ] GC(170) Post Compact 3.333ms
[11.711s][info][gc,heap        ] GC(170) PSYoungGen: 24192K(86528K)->0K(89600K) Eden: 0K(27136K)->0K(27136K) From: 24192K(59392K)->0K(62464K)
[11.711s][info][gc,heap        ] GC(170) ParOldGen: 1663007K(1686528K)->1685183K(1849344K)
[11.711s][info][gc,metaspace   ] GC(170) Metaspace: 6301K(6464K)->6301K(6464K) NonClass: 5768K(5824K)->5768K(5824K) Class: 533K(640K)->533K(640K)
[11.711s][info][gc             ] GC(170) Pause Full (Ergonomics) 1647M->1645M(1893M) 562.593ms
[11.711s][info][gc,cpu         ] GC(170) User=4.12s Sys=0.00s Real=0.56s
[11.740s][info][gc,start       ] GC(171) Pause Young (Allocation Failure)
[11.764s][info][gc,heap        ] GC(171) PSYoungGen: 27136K(89600K)->27264K(84992K) Eden: 27136K(27136K)->0K(29696K) From: 0K(62464K)->27264K(55296K)
[11.764s][info][gc,heap        ] GC(171) ParOldGen: 1685183K(1849344K)->1685183K(1849344K)
[11.765s][info][gc,metaspace   ] GC(171) Metaspace: 6301K(6464K)->6301K(6464K) NonClass: 5768K(5824K)->5768K(5824K) Class: 533K(640K)->533K(640K)
[11.765s][info][gc             ] GC(171) Pause Young (Allocation Failure) 1672M->1672M(1889M) 24.485ms
[11.765s][info][gc,cpu         ] GC(171) User=0.02s Sys=0.00s Real=0.03s
[11.798s][info][gc,start       ] GC(172) Pause Young (Allocation Failure)
[11.830s][info][gc,heap        ] GC(172) PSYoungGen: 56960K(84992K)->57056K(89088K) Eden: 29696K(29696K)->0K(29696K) From: 27264K(55296K)->57056K(59392K)
[11.830s][info][gc,heap        ] GC(172) ParOldGen: 1685183K(1849344K)->1685183K(1849344K)
[11.830s][info][gc,metaspace   ] GC(172) Metaspace: 6301K(6464K)->6301K(6464K) NonClass: 5768K(5824K)->5768K(5824K) Class: 533K(640K)->533K(640K)
[11.830s][info][gc             ] GC(172) Pause Young (Allocation Failure) 1701M->1701M(1893M) 32.954ms
[11.830s][info][gc,cpu         ] GC(172) User=0.06s Sys=0.00s Real=0.03s
[11.862s][info][gc,start       ] GC(173) Pause Young (Allocation Failure)
[11.906s][info][gc,heap        ] GC(173) PSYoungGen: 86752K(89088K)->66560K(81920K) Eden: 29696K(29696K)->0K(15360K) From: 57056K(59392K)->66560K(66560K)
[11.906s][info][gc,heap        ] GC(173) ParOldGen: 1685183K(1849344K)->1705479K(1849344K)
[11.906s][info][gc,metaspace   ] GC(173) Metaspace: 6301K(6464K)->6301K(6464K) NonClass: 5768K(5824K)->5768K(5824K) Class: 533K(640K)->533K(640K)
[11.906s][info][gc             ] GC(173) Pause Young (Allocation Failure) 1730M->1730M(1886M) 43.906ms
[11.906s][info][gc,cpu         ] GC(173) User=0.19s Sys=0.06s Real=0.04s
[11.922s][info][gc,start       ] GC(174) Pause Young (Allocation Failure)
[11.964s][info][gc,heap        ] GC(174) PSYoungGen: 81920K(81920K)->37984K(53760K) Eden: 15360K(15360K)->0K(15360K) From: 66560K(66560K)->37984K(38400K)
[11.964s][info][gc,heap        ] GC(174) ParOldGen: 1705479K(1849344K)->1750079K(1849344K)
[11.964s][info][gc,metaspace   ] GC(174) Metaspace: 6301K(6464K)->6301K(6464K) NonClass: 5768K(5824K)->5768K(5824K) Class: 533K(640K)->533K(640K)
[11.964s][info][gc             ] GC(174) Pause Young (Allocation Failure) 1745M->1746M(1858M) 42.559ms
[11.964s][info][gc,cpu         ] GC(174) User=0.22s Sys=0.03s Real=0.04s
[11.980s][info][gc,start       ] GC(175) Pause Young (Allocation Failure)
[12.014s][info][gc,heap        ] GC(175) PSYoungGen: 53344K(53760K)->30848K(90112K) Eden: 15360K(15360K)->0K(17408K) From: 37984K(38400K)->30848K(72704K)
[12.014s][info][gc,heap        ] GC(175) ParOldGen: 1750079K(1849344K)->1772895K(1849344K)
[12.014s][info][gc,metaspace   ] GC(175) Metaspace: 6301K(6464K)->6301K(6464K) NonClass: 5768K(5824K)->5768K(5824K) Class: 533K(640K)->533K(640K)
[12.014s][info][gc             ] GC(175) Pause Young (Allocation Failure) 1761M->1761M(1894M) 33.277ms
[12.014s][info][gc,cpu         ] GC(175) User=0.14s Sys=0.00s Real=0.03s
[12.032s][info][gc,start       ] GC(176) Pause Young (Allocation Failure)
[12.063s][info][gc,heap        ] GC(176) PSYoungGen: 48256K(90112K)->32896K(50688K) Eden: 17408K(17408K)->0K(17408K) From: 30848K(72704K)->32896K(33280K)
[12.063s][info][gc,heap        ] GC(176) ParOldGen: 1772895K(1849344K)->1788463K(1849344K)
[12.063s][info][gc,metaspace   ] GC(176) Metaspace: 6301K(6464K)->6301K(6464K) NonClass: 5768K(5824K)->5768K(5824K) Class: 533K(640K)->533K(640K)
[12.063s][info][gc             ] GC(176) Pause Young (Allocation Failure) 1778M->1778M(1855M) 31.391ms
[12.063s][info][gc,cpu         ] GC(176) User=0.11s Sys=0.02s Real=0.03s
[12.080s][info][gc,start       ] GC(177) Pause Young (Allocation Failure)
[12.111s][info][gc,heap        ] GC(177) PSYoungGen: 50304K(50688K)->34976K(86016K) Eden: 17408K(17408K)->0K(19968K) From: 32896K(33280K)->34976K(66048K)
[12.111s][info][gc,heap        ] GC(177) ParOldGen: 1788463K(1849344K)->1804039K(1849344K)
[12.111s][info][gc,metaspace   ] GC(177) Metaspace: 6301K(6464K)->6301K(6464K) NonClass: 5768K(5824K)->5768K(5824K) Class: 533K(640K)->533K(640K)
[12.111s][info][gc             ] GC(177) Pause Young (Allocation Failure) 1795M->1795M(1890M) 31.315ms
[12.111s][info][gc,cpu         ] GC(177) User=0.05s Sys=0.00s Real=0.03s
[12.134s][info][gc,start       ] GC(178) Pause Young (Allocation Failure)
[12.167s][info][gc,heap        ] GC(178) PSYoungGen: 54944K(86016K)->37504K(57856K) Eden: 19968K(19968K)->0K(19968K) From: 34976K(66048K)->37504K(37888K)
[12.167s][info][gc,heap        ] GC(178) ParOldGen: 1804039K(1849344K)->1821687K(1849344K)
[12.167s][info][gc,metaspace   ] GC(178) Metaspace: 6301K(6464K)->6301K(6464K) NonClass: 5768K(5824K)->5768K(5824K) Class: 533K(640K)->533K(640K)
[12.167s][info][gc             ] GC(178) Pause Young (Allocation Failure) 1815M->1815M(1862M) 32.911ms
[12.167s][info][gc,cpu         ] GC(178) User=0.16s Sys=0.00s Real=0.03s
[12.167s][info][gc,start       ] GC(179) Pause Full (Ergonomics)
[12.167s][info][gc,phases,start] GC(179) Marking Phase
[12.572s][info][gc,phases      ] GC(179) Marking Phase 404.997ms
[12.572s][info][gc,phases,start] GC(179) Summary Phase
[12.572s][info][gc,phases      ] GC(179) Summary Phase 0.049ms
[12.572s][info][gc,phases,start] GC(179) Adjust Roots
[12.572s][info][gc,phases      ] GC(179) Adjust Roots 0.176ms
[12.573s][info][gc,phases,start] GC(179) Compaction Phase
[12.760s][info][gc,phases      ] GC(179) Compaction Phase 187.241ms
[12.760s][info][gc,phases,start] GC(179) Post Compact
[12.763s][info][gc,phases      ] GC(179) Post Compact 3.491ms
[12.764s][info][gc,heap        ] GC(179) PSYoungGen: 37504K(57856K)->7690K(57856K) Eden: 0K(19968K)->0K(19968K) From: 37504K(37888K)->7690K(37888K)
[12.764s][info][gc,heap        ] GC(179) ParOldGen: 1821687K(1849344K)->1849276K(2030592K)
[12.764s][info][gc,metaspace   ] GC(179) Metaspace: 6301K(6464K)->6301K(6464K) NonClass: 5768K(5824K)->5768K(5824K) Class: 533K(640K)->533K(640K)
[12.764s][info][gc             ] GC(179) Pause Full (Ergonomics) 1815M->1813M(2039M) 596.913ms
[12.764s][info][gc,cpu         ] GC(179) User=4.25s Sys=0.02s Real=0.60s
[12.789s][info][gc,start       ] GC(180) Pause Young (Allocation Failure)
[12.880s][info][gc,heap        ] GC(180) PSYoungGen: 27658K(57856K)->22368K(87040K) Eden: 19968K(19968K)->0K(22016K) From: 7690K(37888K)->22368K(65024K)
[12.880s][info][gc,heap        ] GC(180) ParOldGen: 1849276K(2030592K)->1854820K(2030592K)
[12.880s][info][gc,metaspace   ] GC(180) Metaspace: 6301K(6464K)->6301K(6464K) NonClass: 5768K(5824K)->5768K(5824K) Class: 533K(640K)->533K(640K)
[12.880s][info][gc             ] GC(180) Pause Young (Allocation Failure) 1832M->1833M(2068M) 90.958ms
[12.880s][info][gc,cpu         ] GC(180) User=0.62s Sys=0.00s Real=0.09s
[12.905s][info][gc,start       ] GC(181) Pause Young (Allocation Failure)
[12.935s][info][gc,heap        ] GC(181) PSYoungGen: 44384K(87040K)->44384K(88064K) Eden: 22016K(22016K)->0K(22016K) From: 22368K(65024K)->44384K(66048K)
[12.935s][info][gc,heap        ] GC(181) ParOldGen: 1854820K(2030592K)->1854820K(2030592K)
[12.935s][info][gc,metaspace   ] GC(181) Metaspace: 6301K(6464K)->6301K(6464K) NonClass: 5768K(5824K)->5768K(5824K) Class: 533K(640K)->533K(640K)
[12.935s][info][gc             ] GC(181) Pause Young (Allocation Failure) 1854M->1854M(2069M) 30.496ms
[12.935s][info][gc,cpu         ] GC(181) User=0.03s Sys=0.00s Real=0.03s
[12.959s][info][gc,start       ] GC(182) Pause Young (Allocation Failure)
[12.999s][info][gc,heap        ] GC(182) PSYoungGen: 66400K(88064K)->66464K(82944K) Eden: 22016K(22016K)->0K(16384K) From: 44384K(66048K)->66464K(66560K)
[12.999s][info][gc,heap        ] GC(182) ParOldGen: 1854820K(2030592K)->1854820K(2030592K)
[12.999s][info][gc,metaspace   ] GC(182) Metaspace: 6301K(6464K)->6301K(6464K) NonClass: 5768K(5824K)->5768K(5824K) Class: 533K(640K)->533K(640K)
[12.999s][info][gc             ] GC(182) Pause Young (Allocation Failure) 1876M->1876M(2064M) 39.190ms
[12.999s][info][gc,cpu         ] GC(182) User=0.16s Sys=0.00s Real=0.04s
[13.016s][info][gc,start       ] GC(183) Pause Young (Allocation Failure)
[13.060s][info][gc,heap        ] GC(183) PSYoungGen: 82848K(82944K)->74752K(91136K) Eden: 16384K(16384K)->0K(16384K) From: 66464K(66560K)->74752K(74752K)
[13.060s][info][gc,heap        ] GC(183) ParOldGen: 1854820K(2030592K)->1862884K(2030592K)
[13.060s][info][gc,metaspace   ] GC(183) Metaspace: 6301K(6464K)->6301K(6464K) NonClass: 5768K(5824K)->5768K(5824K) Class: 533K(640K)->533K(640K)
[13.060s][info][gc             ] GC(183) Pause Young (Allocation Failure) 1892M->1892M(2072M) 43.997ms
[13.060s][info][gc,cpu         ] GC(183) User=0.16s Sys=0.00s Real=0.04s
[13.078s][info][gc,start       ] GC(184) Pause Young (Allocation Failure)
[13.124s][info][gc,heap        ] GC(184) PSYoungGen: 91136K(91136K)->51488K(104448K) Eden: 16384K(16384K)->0K(18944K) From: 74752K(74752K)->51488K(85504K)
[13.124s][info][gc,heap        ] GC(184) ParOldGen: 1862884K(2030592K)->1903148K(2030592K)
[13.124s][info][gc,metaspace   ] GC(184) Metaspace: 6301K(6464K)->6301K(6464K) NonClass: 5768K(5824K)->5768K(5824K) Class: 533K(640K)->533K(640K)
[13.124s][info][gc             ] GC(184) Pause Young (Allocation Failure) 1908M->1908M(2085M) 46.609ms
[13.124s][info][gc,cpu         ] GC(184) User=0.23s Sys=0.02s Real=0.05s
[13.147s][info][gc,start       ] GC(185) Pause Young (Allocation Failure)
[13.187s][info][gc,heap        ] GC(185) PSYoungGen: 70432K(104448K)->48832K(105472K) Eden: 18944K(18944K)->0K(18944K) From: 51488K(85504K)->48832K(86528K)
[13.187s][info][gc,heap        ] GC(185) ParOldGen: 1903148K(2030592K)->1925036K(2030592K)
[13.187s][info][gc,metaspace   ] GC(185) Metaspace: 6301K(6464K)->6301K(6464K) NonClass: 5768K(5824K)->5768K(5824K) Class: 533K(640K)->533K(640K)
[13.187s][info][gc             ] GC(185) Pause Young (Allocation Failure) 1927M->1927M(2086M) 40.000ms
[13.187s][info][gc,cpu         ] GC(185) User=0.25s Sys=0.00s Real=0.04s
[13.211s][info][gc,start       ] GC(186) Pause Young (Allocation Failure)
[13.250s][info][gc,heap        ] GC(186) PSYoungGen: 67776K(105472K)->54368K(104448K) Eden: 18944K(18944K)->0K(21504K) From: 48832K(86528K)->54368K(82944K)
[13.251s][info][gc,heap        ] GC(186) ParOldGen: 1925036K(2030592K)->1938580K(2030592K)
[13.251s][info][gc,metaspace   ] GC(186) Metaspace: 6301K(6464K)->6301K(6464K) NonClass: 5768K(5824K)->5768K(5824K) Class: 533K(640K)->533K(640K)
[13.251s][info][gc             ] GC(186) Pause Young (Allocation Failure) 1946M->1946M(2085M) 39.736ms
[13.251s][info][gc,cpu         ] GC(186) User=0.16s Sys=0.00s Real=0.04s
[13.277s][info][gc,start       ] GC(187) Pause Young (Allocation Failure)
[13.319s][info][gc,heap        ] GC(187) PSYoungGen: 75872K(104448K)->59552K(104960K) Eden: 21504K(21504K)->0K(21504K) From: 54368K(82944K)->59552K(83456K)
[13.319s][info][gc,heap        ] GC(187) ParOldGen: 1938580K(2030592K)->1955188K(2030592K)
[13.319s][info][gc,metaspace   ] GC(187) Metaspace: 6301K(6464K)->6301K(6464K) NonClass: 5768K(5824K)->5768K(5824K) Class: 533K(640K)->533K(640K)
[13.319s][info][gc             ] GC(187) Pause Young (Allocation Failure) 1967M->1967M(2085M) 41.824ms
[13.319s][info][gc,cpu         ] GC(187) User=0.27s Sys=0.00s Real=0.04s
[13.346s][info][gc,start       ] GC(188) Pause Young (Allocation Failure)
[13.391s][info][gc,heap        ] GC(188) PSYoungGen: 81056K(104960K)->62144K(107520K) Eden: 21504K(21504K)->0K(22528K) From: 59552K(83456K)->62144K(84992K)
[13.391s][info][gc,heap        ] GC(188) ParOldGen: 1955188K(2030592K)->1974404K(2030592K)
[13.391s][info][gc,metaspace   ] GC(188) Metaspace: 6301K(6464K)->6301K(6464K) NonClass: 5768K(5824K)->5768K(5824K) Class: 533K(640K)->533K(640K)
[13.391s][info][gc             ] GC(188) Pause Young (Allocation Failure) 1988M->1988M(2088M) 44.821ms
[13.391s][info][gc,cpu         ] GC(188) User=0.27s Sys=0.00s Real=0.05s
[13.414s][info][gc,start       ] GC(189) Pause Young (Allocation Failure)
[13.460s][info][gc,heap        ] GC(189) PSYoungGen: 84672K(107520K)->65728K(109568K) Eden: 22528K(22528K)->0K(22528K) From: 62144K(84992K)->65728K(87040K)
[13.460s][info][gc,heap        ] GC(189) ParOldGen: 1974404K(2030592K)->1993612K(2030592K)
[13.460s][info][gc,metaspace   ] GC(189) Metaspace: 6301K(6464K)->6301K(6464K) NonClass: 5768K(5824K)->5768K(5824K) Class: 533K(640K)->533K(640K)
[13.460s][info][gc             ] GC(189) Pause Young (Allocation Failure) 2010M->2011M(2090M) 45.840ms
[13.460s][info][gc,cpu         ] GC(189) User=0.27s Sys=0.00s Real=0.05s
[13.483s][info][gc,start       ] GC(190) Pause Young (Allocation Failure)
[13.533s][info][gc,heap        ] GC(190) PSYoungGen: 88256K(109568K)->45248K(109056K) Eden: 22528K(22528K)->0K(25600K) From: 65728K(87040K)->45248K(83456K)
[13.533s][info][gc,heap        ] GC(190) ParOldGen: 1993612K(2030592K)->2037212K(2037248K)
[13.533s][info][gc,metaspace   ] GC(190) Metaspace: 6301K(6464K)->6301K(6464K) NonClass: 5768K(5824K)->5768K(5824K) Class: 533K(640K)->533K(640K)
[13.533s][info][gc             ] GC(190) Pause Young (Allocation Failure) 2033M->2033M(2096M) 49.859ms
[13.533s][info][gc,cpu         ] GC(190) User=0.23s Sys=0.02s Real=0.05s
[13.533s][info][gc,start       ] GC(191) Pause Full (Ergonomics)
[13.533s][info][gc,phases,start] GC(191) Marking Phase
[14.016s][info][gc,phases      ] GC(191) Marking Phase 482.799ms
[14.016s][info][gc,phases,start] GC(191) Summary Phase
[14.016s][info][gc,phases      ] GC(191) Summary Phase 0.032ms
[14.016s][info][gc,phases,start] GC(191) Adjust Roots
[14.016s][info][gc,phases      ] GC(191) Adjust Roots 0.159ms
[14.016s][info][gc,phases,start] GC(191) Compaction Phase
[14.219s][info][gc,phases      ] GC(191) Compaction Phase 202.258ms
[14.219s][info][gc,phases,start] GC(191) Post Compact
[14.223s][info][gc,phases      ] GC(191) Post Compact 3.879ms
[14.223s][info][gc,heap        ] GC(191) PSYoungGen: 45248K(109056K)->42441K(112128K) Eden: 0K(25600K)->0K(28672K) From: 45248K(83456K)->42441K(83456K)
[14.223s][info][gc,heap        ] GC(191) ParOldGen: 2037212K(2037248K)->2036914K(2242048K)
[14.223s][info][gc,metaspace   ] GC(191) Metaspace: 6301K(6464K)->6301K(6464K) NonClass: 5768K(5824K)->5768K(5824K) Class: 533K(640K)->533K(640K)
[14.223s][info][gc             ] GC(191) Pause Full (Ergonomics) 2033M->2030M(2299M) 690.182ms
[14.224s][info][gc,cpu         ] GC(191) User=5.03s Sys=0.00s Real=0.69s
[14.253s][info][gc,start       ] GC(192) Pause Young (Allocation Failure)
[14.378s][info][gc,heap        ] GC(192) PSYoungGen: 71113K(112128K)->28800K(115200K) Eden: 28672K(28672K)->0K(28672K) From: 42441K(83456K)->28800K(86528K)
[14.378s][info][gc,heap        ] GC(192) ParOldGen: 2036914K(2242048K)->2079938K(2242048K)
[14.378s][info][gc,metaspace   ] GC(192) Metaspace: 6301K(6464K)->6301K(6464K) NonClass: 5768K(5824K)->5768K(5824K) Class: 533K(640K)->533K(640K)
[14.378s][info][gc             ] GC(192) Pause Young (Allocation Failure) 2058M->2059M(2302M) 124.601ms
[14.378s][info][gc,cpu         ] GC(192) User=0.75s Sys=0.05s Real=0.12s
[14.410s][info][gc,start       ] GC(193) Pause Young (Allocation Failure)
[14.446s][info][gc,heap        ] GC(193) PSYoungGen: 57472K(115200K)->28800K(116736K) Eden: 28672K(28672K)->0K(32256K) From: 28800K(86528K)->28800K(84480K)
[14.446s][info][gc,heap        ] GC(193) ParOldGen: 2079938K(2242048K)->2109002K(2242048K)
[14.446s][info][gc,metaspace   ] GC(193) Metaspace: 6301K(6464K)->6301K(6464K) NonClass: 5768K(5824K)->5768K(5824K) Class: 533K(640K)->533K(640K)
[14.446s][info][gc             ] GC(193) Pause Young (Allocation Failure) 2087M->2087M(2303M) 35.806ms
[14.446s][info][gc,cpu         ] GC(193) User=0.12s Sys=0.03s Real=0.04s
[14.479s][info][gc,start       ] GC(194) Pause Young (Allocation Failure)
[14.517s][info][gc,heap        ] GC(194) PSYoungGen: 61056K(116736K)->32416K(117760K) Eden: 32256K(32256K)->0K(32256K) From: 28800K(84480K)->32416K(85504K)
[14.517s][info][gc,heap        ] GC(194) ParOldGen: 2109002K(2242048K)->2138050K(2242048K)
[14.517s][info][gc,metaspace   ] GC(194) Metaspace: 6301K(6464K)->6301K(6464K) NonClass: 5768K(5824K)->5768K(5824K) Class: 533K(640K)->533K(640K)
[14.517s][info][gc             ] GC(194) Pause Young (Allocation Failure) 2119M->2119M(2304M) 37.391ms
[14.517s][info][gc,cpu         ] GC(194) User=0.16s Sys=0.02s Real=0.04s
[14.554s][info][gc,start       ] GC(195) Pause Young (Allocation Failure)
[14.593s][info][gc,heap        ] GC(195) PSYoungGen: 64672K(117760K)->32448K(115712K) Eden: 32256K(32256K)->0K(35840K) From: 32416K(85504K)->32448K(79872K)
[14.594s][info][gc,heap        ] GC(195) ParOldGen: 2138050K(2242048K)->2170738K(2242048K)
[14.594s][info][gc,metaspace   ] GC(195) Metaspace: 6301K(6464K)->6301K(6464K) NonClass: 5768K(5824K)->5768K(5824K) Class: 533K(640K)->533K(640K)
[14.594s][info][gc             ] GC(195) Pause Young (Allocation Failure) 2151M->2151M(2302M) 39.295ms
[14.594s][info][gc,cpu         ] GC(195) User=0.20s Sys=0.06s Real=0.04s
[14.638s][info][gc,start       ] GC(196) Pause Young (Allocation Failure)
[14.680s][info][gc,heap        ] GC(196) PSYoungGen: 68288K(115712K)->36000K(117760K) Eden: 35840K(35840K)->0K(35840K) From: 32448K(79872K)->36000K(81920K)
[14.680s][info][gc,heap        ] GC(196) ParOldGen: 2170738K(2242048K)->2203442K(2242048K)
[14.680s][info][gc,metaspace   ] GC(196) Metaspace: 6301K(6464K)->6301K(6464K) NonClass: 5768K(5824K)->5768K(5824K) Class: 533K(640K)->533K(640K)
[14.680s][info][gc             ] GC(196) Pause Young (Allocation Failure) 2186M->2186M(2304M) 41.323ms
[14.680s][info][gc,cpu         ] GC(196) User=0.38s Sys=0.00s Real=0.04s
[14.680s][info][gc,start       ] GC(197) Pause Full (Ergonomics)
[14.680s][info][gc,phases,start] GC(197) Marking Phase
[15.174s][info][gc,phases      ] GC(197) Marking Phase 494.650ms
[15.174s][info][gc,phases,start] GC(197) Summary Phase
[15.175s][info][gc,phases      ] GC(197) Summary Phase 0.045ms
[15.175s][info][gc,phases,start] GC(197) Adjust Roots
[15.175s][info][gc,phases      ] GC(197) Adjust Roots 0.163ms
[15.175s][info][gc,phases,start] GC(197) Compaction Phase
[15.369s][info][gc,phases      ] GC(197) Compaction Phase 193.925ms
[15.369s][info][gc,phases,start] GC(197) Post Compact
[15.373s][info][gc,phases      ] GC(197) Post Compact 4.361ms
[15.374s][info][gc,heap        ] GC(197) PSYoungGen: 36000K(117760K)->0K(119296K) Eden: 0K(35840K)->0K(39936K) From: 36000K(81920K)->0K(79360K)
[15.374s][info][gc,heap        ] GC(197) ParOldGen: 2203442K(2242048K)->2236897K(2468864K)
[15.374s][info][gc,metaspace   ] GC(197) Metaspace: 6301K(6464K)->6301K(6464K) NonClass: 5768K(5824K)->5768K(5824K) Class: 533K(640K)->533K(640K)
[15.374s][info][gc             ] GC(197) Pause Full (Ergonomics) 2186M->2184M(2527M) 694.254ms
[15.374s][info][gc,cpu         ] GC(197) User=5.12s Sys=0.02s Real=0.70s
[15.424s][info][gc,start       ] GC(198) Pause Young (Allocation Failure)
[15.455s][info][gc,heap        ] GC(198) PSYoungGen: 39936K(119296K)->40064K(119296K) Eden: 39936K(39936K)->0K(39936K) From: 0K(79360K)->40064K(79360K)
[15.455s][info][gc,heap        ] GC(198) ParOldGen: 2236897K(2468864K)->2236897K(2468864K)
[15.455s][info][gc,metaspace   ] GC(198) Metaspace: 6301K(6464K)->6301K(6464K) NonClass: 5768K(5824K)->5768K(5824K) Class: 533K(640K)->533K(640K)
[15.455s][info][gc             ] GC(198) Pause Young (Allocation Failure) 2223M->2223M(2527M) 31.067ms
[15.455s][info][gc,cpu         ] GC(198) User=0.12s Sys=0.00s Real=0.03s
[15.504s][info][gc,start       ] GC(199) Pause Young (Allocation Failure)
[15.548s][info][gc,heap        ] GC(199) PSYoungGen: 80000K(119296K)->76288K(109568K) Eden: 39936K(39936K)->0K(33280K) From: 40064K(79360K)->76288K(76288K)
[15.549s][info][gc,heap        ] GC(199) ParOldGen: 2236897K(2468864K)->2240665K(2468864K)
[15.549s][info][gc,metaspace   ] GC(199) Metaspace: 6301K(6464K)->6301K(6464K) NonClass: 5768K(5824K)->5768K(5824K) Class: 533K(640K)->533K(640K)
[15.549s][info][gc             ] GC(199) Pause Young (Allocation Failure) 2262M->2262M(2518M) 44.537ms
[15.549s][info][gc,cpu         ] GC(199) User=0.23s Sys=0.02s Real=0.04s
[15.585s][info][gc,start       ] GC(200) Pause Young (Allocation Failure)
[15.642s][info][gc,heap        ] GC(200) PSYoungGen: 109568K(109568K)->33408K(119808K) Eden: 33280K(33280K)->0K(33280K) From: 76288K(76288K)->33408K(86528K)
[15.642s][info][gc,heap        ] GC(200) ParOldGen: 2240665K(2468864K)->2317545K(2468864K)
[15.642s][info][gc,metaspace   ] GC(200) Metaspace: 6301K(6464K)->6301K(6464K) NonClass: 5768K(5824K)->5768K(5824K) Class: 533K(640K)->533K(640K)
[15.642s][info][gc             ] GC(200) Pause Young (Allocation Failure) 2295M->2295M(2528M) 56.376ms
[15.642s][info][gc,cpu         ] GC(200) User=0.34s Sys=0.03s Real=0.06s
[15.681s][info][gc,start       ] GC(201) Pause Young (Allocation Failure)
[15.719s][info][gc,heap        ] GC(201) PSYoungGen: 66688K(119808K)->66784K(117248K) Eden: 33280K(33280K)->0K(32256K) From: 33408K(86528K)->66784K(84992K)
[15.719s][info][gc,heap        ] GC(201) ParOldGen: 2317545K(2468864K)->2317545K(2468864K)
[15.719s][info][gc,metaspace   ] GC(201) Metaspace: 6301K(6464K)->6301K(6464K) NonClass: 5768K(5824K)->5768K(5824K) Class: 533K(640K)->533K(640K)
[15.719s][info][gc             ] GC(201) Pause Young (Allocation Failure) 2328M->2328M(2525M) 38.306ms
[15.719s][info][gc,cpu         ] GC(201) User=0.16s Sys=0.00s Real=0.04s
[15.756s][info][gc,start       ] GC(202) Pause Young (Allocation Failure)
[15.806s][info][gc,heap        ] GC(202) PSYoungGen: 99040K(117248K)->89088K(121344K) Eden: 32256K(32256K)->0K(32256K) From: 66784K(84992K)->89088K(89088K)
[15.806s][info][gc,heap        ] GC(202) ParOldGen: 2317545K(2468864K)->2327481K(2468864K)
[15.806s][info][gc,metaspace   ] GC(202) Metaspace: 6301K(6464K)->6301K(6464K) NonClass: 5768K(5824K)->5768K(5824K) Class: 533K(640K)->533K(640K)
[15.806s][info][gc             ] GC(202) Pause Young (Allocation Failure) 2359M->2359M(2529M) 50.382ms
[15.806s][info][gc,cpu         ] GC(202) User=0.27s Sys=0.00s Real=0.05s
[15.849s][info][gc,start       ] GC(203) Pause Young (Allocation Failure)
[15.911s][info][gc,heap        ] GC(203) PSYoungGen: 121344K(121344K)->63200K(137728K) Eden: 32256K(32256K)->0K(35840K) From: 89088K(89088K)->63200K(101888K)
[15.911s][info][gc,heap        ] GC(203) ParOldGen: 2327481K(2468864K)->2386209K(2468864K)
[15.911s][info][gc,metaspace   ] GC(203) Metaspace: 6301K(6464K)->6301K(6464K) NonClass: 5768K(5824K)->5768K(5824K) Class: 533K(640K)->533K(640K)
[15.911s][info][gc             ] GC(203) Pause Young (Allocation Failure) 2391M->2392M(2545M) 62.602ms
[15.911s][info][gc,cpu         ] GC(203) User=0.33s Sys=0.06s Real=0.06s
[15.956s][info][gc,start       ] GC(204) Pause Young (Allocation Failure)
[16.009s][info][gc,heap        ] GC(204) PSYoungGen: 99040K(137728K)->68320K(138752K) Eden: 35840K(35840K)->0K(35840K) From: 63200K(101888K)->68320K(102912K)
[16.009s][info][gc,heap        ] GC(204) ParOldGen: 2386209K(2468864K)->2417249K(2468864K)
[16.009s][info][gc,metaspace   ] GC(204) Metaspace: 6301K(6464K)->6301K(6464K) NonClass: 5768K(5824K)->5768K(5824K) Class: 533K(640K)->533K(640K)
[16.009s][info][gc             ] GC(204) Pause Young (Allocation Failure) 2427M->2427M(2546M) 52.672ms
[16.009s][info][gc,cpu         ] GC(204) User=0.38s Sys=0.00s Real=0.05s
[16.009s][info][gc,start       ] GC(205) Pause Full (Ergonomics)
[16.009s][info][gc,phases,start] GC(205) Marking Phase
[16.578s][info][gc,phases      ] GC(205) Marking Phase 569.139ms
[16.578s][info][gc,phases,start] GC(205) Summary Phase
[16.578s][info][gc,phases      ] GC(205) Summary Phase 0.038ms
[16.578s][info][gc,phases,start] GC(205) Adjust Roots
[16.579s][info][gc,phases      ] GC(205) Adjust Roots 0.161ms
[16.579s][info][gc,phases,start] GC(205) Compaction Phase
[16.790s][info][gc,phases      ] GC(205) Compaction Phase 211.607ms
[16.790s][info][gc,phases,start] GC(205) Post Compact
[16.795s][info][gc,phases      ] GC(205) Post Compact 4.411ms
[16.796s][info][gc,heap        ] GC(205) PSYoungGen: 68320K(138752K)->14893K(138752K) Eden: 0K(35840K)->0K(35840K) From: 68320K(102912K)->14893K(102912K)
[16.796s][info][gc,heap        ] GC(205) ParOldGen: 2417249K(2468864K)->2468567K(2739712K)
[16.796s][info][gc,metaspace   ] GC(205) Metaspace: 6301K(6464K)->6301K(6464K) NonClass: 5768K(5824K)->5768K(5824K) Class: 533K(640K)->533K(640K)
[16.796s][info][gc             ] GC(205) Pause Full (Ergonomics) 2427M->2425M(2811M) 786.679ms
[16.796s][info][gc,cpu         ] GC(205) User=5.94s Sys=0.06s Real=0.79s
[16.841s][info][gc,start       ] GC(206) Pause Young (Allocation Failure)
[16.974s][info][gc,heap        ] GC(206) PSYoungGen: 50733K(138752K)->43552K(137216K) Eden: 35840K(35840K)->0K(39424K) From: 14893K(102912K)->43552K(97792K)
[16.974s][info][gc,heap        ] GC(206) ParOldGen: 2468567K(2739712K)->2476031K(2739712K)
[16.974s][info][gc,metaspace   ] GC(206) Metaspace: 6301K(6464K)->6301K(6464K) NonClass: 5768K(5824K)->5768K(5824K) Class: 533K(640K)->533K(640K)
[16.974s][info][gc             ] GC(206) Pause Young (Allocation Failure) 2460M->2460M(2809M) 132.981ms
[16.974s][info][gc,cpu         ] GC(206) User=0.81s Sys=0.00s Real=0.13s
[17.024s][info][gc,start       ] GC(207) Pause Young (Allocation Failure)
[17.073s][info][gc,heap        ] GC(207) PSYoungGen: 82976K(137216K)->83008K(140288K) Eden: 39424K(39424K)->0K(39424K) From: 43552K(97792K)->83008K(100864K)
[17.073s][info][gc,heap        ] GC(207) ParOldGen: 2476031K(2739712K)->2476031K(2739712K)
[17.073s][info][gc,metaspace   ] GC(207) Metaspace: 6301K(6464K)->6301K(6464K) NonClass: 5768K(5824K)->5768K(5824K) Class: 533K(640K)->533K(640K)
[17.073s][info][gc             ] GC(207) Pause Young (Allocation Failure) 2499M->2499M(2812M) 48.535ms
[17.073s][info][gc,cpu         ] GC(207) User=0.27s Sys=0.00s Real=0.05s
[17.122s][info][gc,start       ] GC(208) Pause Young (Allocation Failure)
[17.189s][info][gc,heap        ] GC(208) PSYoungGen: 122432K(140288K)->107008K(131072K) Eden: 39424K(39424K)->0K(24064K) From: 83008K(100864K)->107008K(107008K)
[17.189s][info][gc,heap        ] GC(208) ParOldGen: 2476031K(2739712K)->2491535K(2739712K)
[17.189s][info][gc,metaspace   ] GC(208) Metaspace: 6301K(6464K)->6301K(6464K) NonClass: 5768K(5824K)->5768K(5824K) Class: 533K(640K)->533K(640K)
[17.189s][info][gc             ] GC(208) Pause Young (Allocation Failure) 2537M->2537M(2803M) 67.424ms
[17.189s][info][gc,cpu         ] GC(208) User=0.36s Sys=0.05s Real=0.07s
[17.219s][info][gc,start       ] GC(209) Pause Young (Allocation Failure)
[17.288s][info][gc,heap        ] GC(209) PSYoungGen: 131072K(131072K)->94560K(150528K) Eden: 24064K(24064K)->0K(24064K) From: 107008K(107008K)->94560K(126464K)
[17.288s][info][gc,heap        ] GC(209) ParOldGen: 2491535K(2739712K)->2528535K(2739712K)
[17.288s][info][gc,metaspace   ] GC(209) Metaspace: 6301K(6464K)->6301K(6464K) NonClass: 5768K(5824K)->5768K(5824K) Class: 533K(640K)->533K(640K)
[17.288s][info][gc             ] GC(209) Pause Young (Allocation Failure) 2561M->2561M(2822M) 68.883ms
[17.288s][info][gc,cpu         ] GC(209) User=0.47s Sys=0.03s Real=0.07s
[17.319s][info][gc,start       ] GC(210) Pause Young (Allocation Failure)
[17.382s][info][gc,heap        ] GC(210) PSYoungGen: 118624K(150528K)->82688K(157696K) Eden: 24064K(24064K)->0K(27136K) From: 94560K(126464K)->82688K(130560K)
[17.382s][info][gc,heap        ] GC(210) ParOldGen: 2528535K(2739712K)->2564719K(2739712K)
[17.382s][info][gc,metaspace   ] GC(210) Metaspace: 6301K(6464K)->6301K(6464K) NonClass: 5768K(5824K)->5768K(5824K) Class: 533K(640K)->533K(640K)
[17.382s][info][gc             ] GC(210) Pause Young (Allocation Failure) 2585M->2585M(2829M) 62.378ms
[17.382s][info][gc,cpu         ] GC(210) User=0.39s Sys=0.00s Real=0.06s
[17.415s][info][gc,start       ] GC(211) Pause Young (Allocation Failure)
[17.474s][info][gc,heap        ] GC(211) PSYoungGen: 109824K(157696K)->75456K(158208K) Eden: 27136K(27136K)->0K(27136K) From: 82688K(130560K)->75456K(131072K)
[17.474s][info][gc,heap        ] GC(211) ParOldGen: 2564719K(2739712K)->2599407K(2739712K)
[17.474s][info][gc,metaspace   ] GC(211) Metaspace: 6301K(6464K)->6301K(6464K) NonClass: 5768K(5824K)->5768K(5824K) Class: 533K(640K)->533K(640K)
[17.474s][info][gc             ] GC(211) Pause Young (Allocation Failure) 2611M->2612M(2830M) 59.315ms
[17.474s][info][gc,cpu         ] GC(211) User=0.39s Sys=0.00s Real=0.06s
[17.511s][info][gc,start       ] GC(212) Pause Young (Allocation Failure)
[17.574s][info][gc,heap        ] GC(212) PSYoungGen: 102592K(158208K)->78528K(154112K) Eden: 27136K(27136K)->0K(30720K) From: 75456K(131072K)->78528K(123392K)
[17.574s][info][gc,heap        ] GC(212) ParOldGen: 2599407K(2739712K)->2623679K(2739712K)
[17.574s][info][gc,metaspace   ] GC(212) Metaspace: 6301K(6464K)->6301K(6464K) NonClass: 5768K(5824K)->5768K(5824K) Class: 533K(640K)->533K(640K)
[17.574s][info][gc             ] GC(212) Pause Young (Allocation Failure) 2638M->2638M(2826M) 62.711ms
[17.574s][info][gc,cpu         ] GC(212) User=0.27s Sys=0.00s Real=0.06s
[17.608s][info][gc,start       ] GC(213) Pause Young (Allocation Failure)
[17.669s][info][gc,heap        ] GC(213) PSYoungGen: 109248K(154112K)->85184K(156160K) Eden: 30720K(30720K)->0K(30720K) From: 78528K(123392K)->85184K(125440K)
[17.669s][info][gc,heap        ] GC(213) ParOldGen: 2623679K(2739712K)->2647967K(2739712K)
[17.669s][info][gc,metaspace   ] GC(213) Metaspace: 6301K(6464K)->6301K(6464K) NonClass: 5768K(5824K)->5768K(5824K) Class: 533K(640K)->533K(640K)
[17.669s][info][gc             ] GC(213) Pause Young (Allocation Failure) 2668M->2669M(2828M) 60.910ms
[17.669s][info][gc,cpu         ] GC(213) User=0.36s Sys=0.02s Real=0.06s
[17.708s][info][gc,start       ] GC(214) Pause Young (Allocation Failure)
[17.770s][info][gc,heap        ] GC(214) PSYoungGen: 115904K(156160K)->88800K(159232K) Eden: 30720K(30720K)->0K(33792K) From: 85184K(125440K)->88800K(125440K)
[17.770s][info][gc,heap        ] GC(214) ParOldGen: 2647967K(2739712K)->2675359K(2739712K)
[17.771s][info][gc,metaspace   ] GC(214) Metaspace: 6301K(6464K)->6301K(6464K) NonClass: 5768K(5824K)->5768K(5824K) Class: 533K(640K)->533K(640K)
[17.771s][info][gc             ] GC(214) Pause Young (Allocation Failure) 2699M->2699M(2831M) 62.861ms
[17.771s][info][gc,cpu         ] GC(214) User=0.36s Sys=0.00s Real=0.06s
[17.810s][info][gc,start       ] GC(215) Pause Young (Allocation Failure)
[17.876s][info][gc,heap        ] GC(215) PSYoungGen: 122592K(159232K)->95456K(160256K) Eden: 33792K(33792K)->0K(33792K) From: 88800K(125440K)->95456K(126464K)
[17.876s][info][gc,heap        ] GC(215) ParOldGen: 2675359K(2739712K)->2702743K(2739712K)
[17.876s][info][gc,metaspace   ] GC(215) Metaspace: 6301K(6464K)->6301K(6464K) NonClass: 5768K(5824K)->5768K(5824K) Class: 533K(640K)->533K(640K)
[17.876s][info][gc             ] GC(215) Pause Young (Allocation Failure) 2732M->2732M(2832M) 65.722ms
[17.876s][info][gc,cpu         ] GC(215) User=0.45s Sys=0.05s Real=0.07s
[17.876s][info][gc,start       ] GC(216) Pause Full (Ergonomics)
[17.876s][info][gc,phases,start] GC(216) Marking Phase
[18.509s][info][gc,phases      ] GC(216) Marking Phase 633.432ms
[18.509s][info][gc,phases,start] GC(216) Summary Phase
[18.509s][info][gc,phases      ] GC(216) Summary Phase 0.047ms
[18.509s][info][gc,phases,start] GC(216) Adjust Roots
[18.510s][info][gc,phases      ] GC(216) Adjust Roots 0.207ms
[18.510s][info][gc,phases,start] GC(216) Compaction Phase
[18.777s][info][gc,phases      ] GC(216) Compaction Phase 267.284ms
[18.777s][info][gc,phases,start] GC(216) Post Compact
[18.783s][info][gc,phases      ] GC(216) Post Compact 5.877ms
[18.784s][info][gc,heap        ] GC(216) PSYoungGen: 95456K(160256K)->55784K(160256K) Eden: 0K(33792K)->0K(33792K) From: 95456K(126464K)->55784K(126464K)
[18.784s][info][gc,heap        ] GC(216) ParOldGen: 2702743K(2739712K)->2739680K(3016192K)
[18.784s][info][gc,metaspace   ] GC(216) Metaspace: 6301K(6464K)->6301K(6464K) NonClass: 5768K(5824K)->5768K(5824K) Class: 533K(640K)->533K(640K)
[18.784s][info][gc             ] GC(216) Pause Full (Ergonomics) 2732M->2729M(3102M) 908.208ms
[18.784s][info][gc,cpu         ] GC(216) User=6.77s Sys=0.02s Real=0.91s
[18.826s][info][gc,start       ] GC(217) Pause Young (Allocation Failure)
[18.996s][info][gc,heap        ] GC(217) PSYoungGen: 89576K(160256K)->54752K(161792K) Eden: 33792K(33792K)->0K(37376K) From: 55784K(126464K)->54752K(124416K)
[18.997s][info][gc,heap        ] GC(217) ParOldGen: 2739680K(3016192K)->2775040K(3016192K)
[18.997s][info][gc,metaspace   ] GC(217) Metaspace: 6301K(6464K)->6301K(6464K) NonClass: 5768K(5824K)->5768K(5824K) Class: 533K(640K)->533K(640K)
[18.997s][info][gc             ] GC(217) Pause Young (Allocation Failure) 2762M->2763M(3103M) 170.090ms
[18.997s][info][gc,cpu         ] GC(217) User=1.00s Sys=0.02s Real=0.17s
[19.566s][info][gc,start       ] GC(218) Pause Young (Allocation Failure)
[19.689s][info][gc,heap        ] GC(218) PSYoungGen: 92128K(161792K)->71360K(109056K) Eden: 37376K(37376K)->0K(37376K) From: 54752K(124416K)->71360K(71680K)
[19.689s][info][gc,heap        ] GC(218) ParOldGen: 2906112K(3016192K)->2927104K(3016192K)
[19.689s][info][gc,metaspace   ] GC(218) Metaspace: 6301K(6464K)->6301K(6464K) NonClass: 5768K(5824K)->5768K(5824K) Class: 533K(640K)->533K(640K)
[19.689s][info][gc             ] GC(218) Pause Young (Allocation Failure) 2927M->2928M(3052M) 123.103ms
[19.689s][info][gc,cpu         ] GC(218) User=0.58s Sys=0.00s Real=0.12s
[19.729s][info][gc,start       ] GC(219) Pause Young (Allocation Failure)
[19.794s][info][gc,heap        ] GC(219) PSYoungGen: 108736K(109056K)->108832K(154624K) Eden: 37376K(37376K)->0K(32256K) From: 71360K(71680K)->108832K(122368K)
[19.794s][info][gc,heap        ] GC(219) ParOldGen: 2927104K(3016192K)->2927104K(3016192K)
[19.794s][info][gc,metaspace   ] GC(219) Metaspace: 6301K(6464K)->6301K(6464K) NonClass: 5768K(5824K)->5768K(5824K) Class: 533K(640K)->533K(640K)
[19.794s][info][gc             ] GC(219) Pause Young (Allocation Failure) 2964M->2964M(3096M) 65.908ms
[19.794s][info][gc,cpu         ] GC(219) User=0.20s Sys=0.00s Real=0.07s
[19.829s][info][gc,start       ] GC(220) Pause Young (Allocation Failure)
[19.904s][info][gc,heap        ] GC(220) PSYoungGen: 141088K(154624K)->131072K(163328K) Eden: 32256K(32256K)->0K(32256K) From: 108832K(122368K)->131072K(131072K)
[19.904s][info][gc,heap        ] GC(220) ParOldGen: 2927104K(3016192K)->2937088K(3016192K)
[19.904s][info][gc,metaspace   ] GC(220) Metaspace: 6301K(6464K)->6301K(6464K) NonClass: 5768K(5824K)->5768K(5824K) Class: 533K(640K)->533K(640K)
[19.904s][info][gc             ] GC(220) Pause Young (Allocation Failure) 2996M->2996M(3105M) 74.312ms
[19.904s][info][gc,cpu         ] GC(220) User=0.34s Sys=0.00s Real=0.07s
[19.934s][info][gc,start       ] GC(221) Pause Young (Allocation Failure)
[20.018s][info][gc,heap        ] GC(221) PSYoungGen: 163328K(163328K)->101696K(185344K) Eden: 32256K(32256K)->0K(35840K) From: 131072K(131072K)->101696K(149504K)
[20.018s][info][gc,heap        ] GC(221) ParOldGen: 2937088K(3016192K)->2999344K(3016192K)
[20.018s][info][gc,metaspace   ] GC(221) Metaspace: 6301K(6464K)->6301K(6464K) NonClass: 5768K(5824K)->5768K(5824K) Class: 533K(640K)->533K(640K)
[20.018s][info][gc             ] GC(221) Pause Young (Allocation Failure) 3027M->3028M(3126M) 84.347ms
[20.018s][info][gc,cpu         ] GC(221) User=0.42s Sys=0.02s Real=0.08s
[20.018s][info][gc,start       ] GC(222) Pause Full (Ergonomics)
[20.018s][info][gc,phases,start] GC(222) Marking Phase
[20.706s][info][gc,phases      ] GC(222) Marking Phase 687.114ms
[20.706s][info][gc,phases,start] GC(222) Summary Phase
[20.706s][info][gc,phases      ] GC(222) Summary Phase 0.059ms
[20.706s][info][gc,phases,start] GC(222) Adjust Roots
[20.706s][info][gc,phases      ] GC(222) Adjust Roots 0.209ms
[20.706s][info][gc,phases,start] GC(222) Compaction Phase
[21.188s][info][gc,phases      ] GC(222) Compaction Phase 482.152ms
[21.188s][info][gc,phases,start] GC(222) Post Compact
[21.194s][info][gc,phases      ] GC(222) Post Compact 6.187ms
[21.196s][info][gc,heap        ] GC(222) PSYoungGen: 101696K(185344K)->18076K(185344K) Eden: 0K(35840K)->0K(35840K) From: 101696K(149504K)->18076K(149504K)
[21.196s][info][gc,heap        ] GC(222) ParOldGen: 2999344K(3016192K)->3015812K(3323904K)
[21.196s][info][gc,metaspace   ] GC(222) Metaspace: 6301K(6464K)->6301K(6464K) NonClass: 5768K(5824K)->5768K(5824K) Class: 533K(640K)->533K(640K)
[21.196s][info][gc             ] GC(222) Pause Full (Ergonomics) 3028M->2962M(3427M) 1177.146ms
[21.196s][info][gc,cpu         ] GC(222) User=8.08s Sys=0.06s Real=1.18s
[21.231s][info][gc,start       ] GC(223) Pause Young (Allocation Failure)
[21.388s][info][gc,heap        ] GC(223) PSYoungGen: 53916K(185344K)->50240K(185344K) Eden: 35840K(35840K)->0K(35840K) From: 18076K(149504K)->50240K(149504K)
[21.388s][info][gc,heap        ] GC(223) ParOldGen: 3015812K(3323904K)->3019812K(3323904K)
[21.388s][info][gc,metaspace   ] GC(223) Metaspace: 6301K(6464K)->6301K(6464K) NonClass: 5768K(5824K)->5768K(5824K) Class: 533K(640K)->533K(640K)
[21.388s][info][gc             ] GC(223) Pause Young (Allocation Failure) 2997M->2998M(3427M) 157.245ms
[21.388s][info][gc,cpu         ] GC(223) User=1.14s Sys=0.00s Real=0.16s
[21.423s][info][gc,start       ] GC(224) Pause Young (Allocation Failure)
[21.491s][info][gc,heap        ] GC(224) PSYoungGen: 86080K(185344K)->86080K(179200K) Eden: 35840K(35840K)->0K(39936K) From: 50240K(149504K)->86080K(139264K)
[21.491s][info][gc,heap        ] GC(224) ParOldGen: 3019812K(3323904K)->3019812K(3323904K)
[21.491s][info][gc,metaspace   ] GC(224) Metaspace: 6301K(6464K)->6301K(6464K) NonClass: 5768K(5824K)->5768K(5824K) Class: 533K(640K)->533K(640K)
[21.491s][info][gc             ] GC(224) Pause Young (Allocation Failure) 3033M->3033M(3421M) 67.588ms
[21.491s][info][gc,cpu         ] GC(224) User=0.31s Sys=0.00s Real=0.07s
[21.531s][info][gc,start       ] GC(225) Pause Young (Allocation Failure)
[21.601s][info][gc,heap        ] GC(225) PSYoungGen: 126016K(179200K)->124832K(183808K) Eden: 39936K(39936K)->0K(39936K) From: 86080K(139264K)->124832K(143872K)
[21.601s][info][gc,heap        ] GC(225) ParOldGen: 3019812K(3323904K)->3021076K(3323904K)
[21.601s][info][gc,metaspace   ] GC(225) Metaspace: 6301K(6464K)->6301K(6464K) NonClass: 5768K(5824K)->5768K(5824K) Class: 533K(640K)->533K(640K)
[21.601s][info][gc             ] GC(225) Pause Young (Allocation Failure) 3072M->3072M(3425M) 70.550ms
[21.601s][info][gc,cpu         ] GC(225) User=0.19s Sys=0.00s Real=0.07s
[21.644s][info][gc,start       ] GC(226) Pause Young (Allocation Failure)
[21.725s][info][gc,heap        ] GC(226) PSYoungGen: 164768K(183808K)->151904K(180224K) Eden: 39936K(39936K)->0K(26624K) From: 124832K(143872K)->151904K(153600K)
[21.725s][info][gc,heap        ] GC(226) ParOldGen: 3021076K(3323904K)->3034156K(3323904K)
[21.725s][info][gc,metaspace   ] GC(226) Metaspace: 6301K(6464K)->6301K(6464K) NonClass: 5768K(5824K)->5768K(5824K) Class: 533K(640K)->533K(640K)
[21.725s][info][gc             ] GC(226) Pause Young (Allocation Failure) 3111M->3111M(3422M) 81.647ms
[21.725s][info][gc,cpu         ] GC(226) User=0.47s Sys=0.03s Real=0.08s
[21.754s][info][gc,start       ] GC(227) Pause Young (Allocation Failure)
[21.840s][info][gc,heap        ] GC(227) PSYoungGen: 178528K(180224K)->142688K(198144K) Eden: 26624K(26624K)->0K(26624K) From: 151904K(153600K)->142688K(171520K)
[21.841s][info][gc,heap        ] GC(227) ParOldGen: 3034156K(3323904K)->3070332K(3323904K)
[21.841s][info][gc,metaspace   ] GC(227) Metaspace: 6301K(6464K)->6301K(6464K) NonClass: 5768K(5824K)->5768K(5824K) Class: 533K(640K)->533K(640K)
[21.841s][info][gc             ] GC(227) Pause Young (Allocation Failure) 3137M->3137M(3439M) 86.616ms
[21.841s][info][gc,cpu         ] GC(227) User=0.39s Sys=0.03s Real=0.09s
[21.870s][info][gc,start       ] GC(228) Pause Young (Allocation Failure)
[21.954s][info][gc,heap        ] GC(228) PSYoungGen: 169312K(198144K)->93376K(198656K) Eden: 26624K(26624K)->0K(30720K) From: 142688K(171520K)->93376K(167936K)
[21.954s][info][gc,heap        ] GC(228) ParOldGen: 3070332K(3323904K)->3146764K(3323904K)
[21.954s][info][gc,metaspace   ] GC(228) Metaspace: 6301K(6464K)->6301K(6464K) NonClass: 5768K(5824K)->5768K(5824K) Class: 533K(640K)->533K(640K)
[21.954s][info][gc             ] GC(228) Pause Young (Allocation Failure) 3163M->3164M(3440M) 84.311ms
[21.954s][info][gc,cpu         ] GC(228) User=0.47s Sys=0.05s Real=0.08s
[21.984s][info][gc,start       ] GC(229) Pause Young (Allocation Failure)
[22.054s][info][gc,heap        ] GC(229) PSYoungGen: 124096K(198656K)->57536K(205312K) Eden: 30720K(30720K)->0K(30720K) From: 93376K(167936K)->57536K(174592K)
[22.054s][info][gc,heap        ] GC(229) ParOldGen: 3146764K(3323904K)->3213876K(3323904K)
[22.054s][info][gc,metaspace   ] GC(229) Metaspace: 6301K(6464K)->6301K(6464K) NonClass: 5768K(5824K)->5768K(5824K) Class: 533K(640K)->533K(640K)
[22.054s][info][gc             ] GC(229) Pause Young (Allocation Failure) 3194M->3194M(3446M) 69.532ms
[22.054s][info][gc,cpu         ] GC(229) User=0.30s Sys=0.00s Real=0.07s
[22.086s][info][gc,start       ] GC(230) Pause Young (Allocation Failure)
[22.145s][info][gc,heap        ] GC(230) PSYoungGen: 88256K(205312K)->30944K(205824K) Eden: 30720K(30720K)->0K(32256K) From: 57536K(174592K)->30944K(173568K)
[22.145s][info][gc,heap        ] GC(230) ParOldGen: 3213876K(3323904K)->3271716K(3323904K)
[22.145s][info][gc,metaspace   ] GC(230) Metaspace: 6301K(6464K)->6301K(6464K) NonClass: 5768K(5824K)->5768K(5824K) Class: 533K(640K)->533K(640K)
[22.145s][info][gc             ] GC(230) Pause Young (Allocation Failure) 3224M->3225M(3447M) 58.985ms
[22.145s][info][gc,cpu         ] GC(230) User=0.17s Sys=0.00s Real=0.06s
[22.145s][info][gc,start       ] GC(231) Pause Full (Ergonomics)
[22.145s][info][gc,phases,start] GC(231) Marking Phase
[22.884s][info][gc,phases      ] GC(231) Marking Phase 738.327ms
[22.884s][info][gc,phases,start] GC(231) Summary Phase
[22.884s][info][gc,phases      ] GC(231) Summary Phase 0.058ms
[22.884s][info][gc,phases,start] GC(231) Adjust Roots
[22.884s][info][gc,phases      ] GC(231) Adjust Roots 0.170ms
[22.884s][info][gc,phases,start] GC(231) Compaction Phase
[23.210s][info][gc,phases      ] GC(231) Compaction Phase 325.879ms
[23.210s][info][gc,phases,start] GC(231) Post Compact
[23.217s][info][gc,phases      ] GC(231) Post Compact 6.673ms
[23.218s][info][gc,heap        ] GC(231) PSYoungGen: 30944K(205824K)->0K(208384K) Eden: 0K(32256K)->0K(32256K) From: 30944K(173568K)->0K(176128K)
[23.218s][info][gc,heap        ] GC(231) ParOldGen: 3271716K(3323904K)->3299868K(3663360K)
[23.218s][info][gc,metaspace   ] GC(231) Metaspace: 6301K(6464K)->6301K(6464K) NonClass: 5768K(5824K)->5768K(5824K) Class: 533K(640K)->533K(640K)
[23.218s][info][gc             ] GC(231) Pause Full (Ergonomics) 3225M->3222M(3781M) 1072.588ms
[23.218s][info][gc,cpu         ] GC(231) User=7.75s Sys=0.05s Real=1.07s
[23.250s][info][gc,start       ] GC(232) Pause Young (Allocation Failure)
[23.288s][info][gc,heap        ] GC(232) PSYoungGen: 32256K(208384K)->32416K(211968K) Eden: 32256K(32256K)->0K(35840K) From: 0K(176128K)->32416K(176128K)
[23.288s][info][gc,heap        ] GC(232) ParOldGen: 3299868K(3663360K)->3299868K(3663360K)
[23.288s][info][gc,metaspace   ] GC(232) Metaspace: 6301K(6464K)->6301K(6464K) NonClass: 5768K(5824K)->5768K(5824K) Class: 533K(640K)->533K(640K)
[23.288s][info][gc             ] GC(232) Pause Young (Allocation Failure) 3254M->3254M(3784M) 37.574ms
[23.288s][info][gc,cpu         ] GC(232) User=0.03s Sys=0.00s Real=0.04s
[23.325s][info][gc,start       ] GC(233) Pause Young (Allocation Failure)
[23.382s][info][gc,heap        ] GC(233) PSYoungGen: 68256K(211968K)->35968K(212480K) Eden: 35840K(35840K)->0K(35840K) From: 32416K(176128K)->35968K(176640K)
[23.382s][info][gc,heap        ] GC(233) ParOldGen: 3299868K(3663360K)->3332428K(3663360K)
[23.382s][info][gc,metaspace   ] GC(233) Metaspace: 6301K(6464K)->6301K(6464K) NonClass: 5768K(5824K)->5768K(5824K) Class: 533K(640K)->533K(640K)
[23.382s][info][gc             ] GC(233) Pause Young (Allocation Failure) 3289M->3289M(3785M) 56.922ms
[23.382s][info][gc,cpu         ] GC(233) User=0.20s Sys=0.02s Real=0.06s
[23.423s][info][gc,start       ] GC(234) Pause Young (Allocation Failure)
[23.478s][info][gc,heap        ] GC(234) PSYoungGen: 71808K(212480K)->35968K(209408K) Eden: 35840K(35840K)->0K(39936K) From: 35968K(176640K)->35968K(169472K)
[23.478s][info][gc,heap        ] GC(234) ParOldGen: 3332428K(3663360K)->3368604K(3663360K)
[23.478s][info][gc,metaspace   ] GC(234) Metaspace: 6301K(6464K)->6301K(6464K) NonClass: 5768K(5824K)->5768K(5824K) Class: 533K(640K)->533K(640K)
[23.478s][info][gc             ] GC(234) Pause Young (Allocation Failure) 3324M->3324M(3782M) 55.643ms
[23.478s][info][gc,cpu         ] GC(234) User=0.25s Sys=0.02s Real=0.06s
[23.521s][info][gc,start       ] GC(235) Pause Young (Allocation Failure)
[23.579s][info][gc,heap        ] GC(235) PSYoungGen: 75904K(209408K)->40160K(211968K) Eden: 39936K(39936K)->0K(39936K) From: 35968K(169472K)->40160K(172032K)
[23.580s][info][gc,heap        ] GC(235) ParOldGen: 3368604K(3663360K)->3404764K(3663360K)
[23.580s][info][gc,metaspace   ] GC(235) Metaspace: 6301K(6464K)->6301K(6464K) NonClass: 5768K(5824K)->5768K(5824K) Class: 533K(640K)->533K(640K)
[23.580s][info][gc             ] GC(235) Pause Young (Allocation Failure) 3363M->3364M(3784M) 58.380ms
[23.580s][info][gc,cpu         ] GC(235) User=0.14s Sys=0.02s Real=0.06s
[23.619s][info][gc,start       ] GC(236) Pause Young (Allocation Failure)
[23.679s][info][gc,heap        ] GC(236) PSYoungGen: 80096K(211968K)->40096K(202240K) Eden: 39936K(39936K)->0K(44544K) From: 40160K(172032K)->40096K(157696K)
[23.679s][info][gc,heap        ] GC(236) ParOldGen: 3404764K(3663360K)->3445052K(3663360K)
[23.679s][info][gc,metaspace   ] GC(236) Metaspace: 6301K(6464K)->6301K(6464K) NonClass: 5768K(5824K)->5768K(5824K) Class: 533K(640K)->533K(640K)
[23.679s][info][gc             ] GC(236) Pause Young (Allocation Failure) 3403M->3403M(3775M) 59.752ms
[23.679s][info][gc,cpu         ] GC(236) User=0.19s Sys=0.00s Real=0.06s
[23.724s][info][gc,start       ] GC(237) Pause Young (Allocation Failure)
[23.781s][info][gc,heap        ] GC(237) PSYoungGen: 84640K(202240K)->44768K(207360K) Eden: 44544K(44544K)->0K(44544K) From: 40096K(157696K)->44768K(162816K)
[23.781s][info][gc,heap        ] GC(237) ParOldGen: 3445052K(3663360K)->3485348K(3663360K)
[23.781s][info][gc,metaspace   ] GC(237) Metaspace: 6301K(6464K)->6301K(6464K) NonClass: 5768K(5824K)->5768K(5824K) Class: 533K(640K)->533K(640K)
[23.781s][info][gc             ] GC(237) Pause Young (Allocation Failure) 3446M->3447M(3780M) 57.358ms
[23.781s][info][gc,cpu         ] GC(237) User=0.20s Sys=0.08s Real=0.06s
[23.825s][info][gc,start       ] GC(238) Pause Young (Allocation Failure)
[23.883s][info][gc,heap        ] GC(238) PSYoungGen: 89312K(207360K)->44736K(195072K) Eden: 44544K(44544K)->0K(50176K) From: 44768K(162816K)->44736K(144896K)
[23.883s][info][gc,heap        ] GC(238) ParOldGen: 3485348K(3663360K)->3530292K(3663360K)
[23.883s][info][gc,metaspace   ] GC(238) Metaspace: 6301K(6464K)->6301K(6464K) NonClass: 5768K(5824K)->5768K(5824K) Class: 533K(640K)->533K(640K)
[23.883s][info][gc             ] GC(238) Pause Young (Allocation Failure) 3490M->3491M(3768M) 58.197ms
[23.883s][info][gc,cpu         ] GC(238) User=0.22s Sys=0.00s Real=0.06s
[23.936s][info][gc,start       ] GC(239) Pause Young (Allocation Failure)
[23.997s][info][gc,heap        ] GC(239) PSYoungGen: 94912K(195072K)->50400K(100864K) Eden: 50176K(50176K)->0K(50176K) From: 44736K(144896K)->50400K(50688K)
[23.997s][info][gc,heap        ] GC(239) ParOldGen: 3530292K(3663360K)->3575236K(3663360K)
[23.997s][info][gc,metaspace   ] GC(239) Metaspace: 6301K(6464K)->6301K(6464K) NonClass: 5768K(5824K)->5768K(5824K) Class: 533K(640K)->533K(640K)
[23.997s][info][gc             ] GC(239) Pause Young (Allocation Failure) 3540M->3540M(3676M) 60.870ms
[23.997s][info][gc,cpu         ] GC(239) User=0.28s Sys=0.00s Real=0.06s
[24.053s][info][gc,start       ] GC(240) Pause Young (Allocation Failure)
[24.117s][info][gc,heap        ] GC(240) PSYoungGen: 100576K(100864K)->50368K(187392K) Eden: 50176K(50176K)->0K(55808K) From: 50400K(50688K)->50368K(131584K)
[24.117s][info][gc,heap        ] GC(240) ParOldGen: 3575236K(3663360K)->3625868K(3663360K)
[24.117s][info][gc,metaspace   ] GC(240) Metaspace: 6301K(6464K)->6301K(6464K) NonClass: 5768K(5824K)->5768K(5824K) Class: 533K(640K)->533K(640K)
[24.117s][info][gc             ] GC(240) Pause Young (Allocation Failure) 3589M->3590M(3760M) 64.532ms
[24.118s][info][gc,cpu         ] GC(240) User=0.25s Sys=0.03s Real=0.06s
[24.118s][info][gc,start       ] GC(241) Pause Full (Ergonomics)
[24.118s][info][gc,phases,start] GC(241) Marking Phase
[24.956s][info][gc,phases      ] GC(241) Marking Phase 838.068ms
[24.956s][info][gc,phases,start] GC(241) Summary Phase
[24.956s][info][gc,phases      ] GC(241) Summary Phase 0.075ms
[24.956s][info][gc,phases,start] GC(241) Adjust Roots
[24.956s][info][gc,phases      ] GC(241) Adjust Roots 0.284ms
[24.956s][info][gc,phases,start] GC(241) Compaction Phase
[25.318s][info][gc,phases      ] GC(241) Compaction Phase 362.347ms
[25.319s][info][gc,phases,start] GC(241) Post Compact
[25.326s][info][gc,phases      ] GC(241) Post Compact 7.068ms
[25.327s][info][gc,heap        ] GC(241) PSYoungGen: 50368K(187392K)->9775K(194048K) Eden: 0K(55808K)->0K(62464K) From: 50368K(131584K)->9775K(131584K)
[25.327s][info][gc,heap        ] GC(241) ParOldGen: 3625868K(3663360K)->3663057K(4042240K)
[25.327s][info][gc,metaspace   ] GC(241) Metaspace: 6301K(6464K)->6301K(6464K) NonClass: 5768K(5824K)->5768K(5824K) Class: 533K(640K)->533K(640K)
[25.327s][info][gc             ] GC(241) Pause Full (Ergonomics) 3590M->3586M(4137M) 1209.490ms
[25.327s][info][gc,cpu         ] GC(241) User=8.78s Sys=0.06s Real=1.21s
[25.389s][info][gc,start       ] GC(242) Pause Young (Allocation Failure)
[25.575s][info][gc,heap        ] GC(242) PSYoungGen: 72239K(194048K)->62656K(125440K) Eden: 62464K(62464K)->0K(62464K) From: 9775K(131584K)->62656K(62976K)
[25.575s][info][gc,heap        ] GC(242) ParOldGen: 3663057K(4042240K)->3672961K(4042240K)
[25.575s][info][gc,metaspace   ] GC(242) Metaspace: 6301K(6464K)->6301K(6464K) NonClass: 5768K(5824K)->5768K(5824K) Class: 533K(640K)->533K(640K)
[25.575s][info][gc             ] GC(242) Pause Young (Allocation Failure) 3647M->3648M(4070M) 186.332ms
[25.575s][info][gc,cpu         ] GC(242) User=1.20s Sys=0.02s Real=0.19s
[25.635s][info][gc,start       ] GC(243) Pause Young (Allocation Failure)
[25.706s][info][gc,heap        ] GC(243) PSYoungGen: 125120K(125440K)->125280K(182784K) Eden: 62464K(62464K)->0K(51712K) From: 62656K(62976K)->125280K(131072K)
[25.706s][info][gc,heap        ] GC(243) ParOldGen: 3672961K(4042240K)->3672961K(4042240K)
[25.706s][info][gc,metaspace   ] GC(243) Metaspace: 6301K(6464K)->6301K(6464K) NonClass: 5768K(5824K)->5768K(5824K) Class: 533K(640K)->533K(640K)
[25.706s][info][gc             ] GC(243) Pause Young (Allocation Failure) 3709M->3709M(4126M) 71.468ms
[25.706s][info][gc,cpu         ] GC(243) User=0.31s Sys=0.00s Real=0.07s
[25.764s][info][gc,start       ] GC(244) Pause Young (Allocation Failure)
[25.852s][info][gc,heap        ] GC(244) PSYoungGen: 176992K(182784K)->147968K(199680K) Eden: 51712K(51712K)->0K(51712K) From: 125280K(131072K)->147968K(147968K)
[25.852s][info][gc,heap        ] GC(244) ParOldGen: 3672961K(4042240K)->3702153K(4042240K)
[25.852s][info][gc,metaspace   ] GC(244) Metaspace: 6301K(6464K)->6301K(6464K) NonClass: 5768K(5824K)->5768K(5824K) Class: 533K(640K)->533K(640K)
[25.852s][info][gc             ] GC(244) Pause Young (Allocation Failure) 3759M->3759M(4142M) 87.209ms
[25.852s][info][gc,cpu         ] GC(244) User=0.58s Sys=0.00s Real=0.09s
[25.912s][info][gc,start       ] GC(245) Pause Young (Allocation Failure)
[26.017s][info][gc,heap        ] GC(245) PSYoungGen: 199680K(199680K)->102112K(237056K) Eden: 51712K(51712K)->0K(57856K) From: 147968K(147968K)->102112K(179200K)
[26.017s][info][gc,heap        ] GC(245) ParOldGen: 3702153K(4042240K)->3800673K(4042240K)
[26.017s][info][gc,metaspace   ] GC(245) Metaspace: 6301K(6464K)->6301K(6464K) NonClass: 5768K(5824K)->5768K(5824K) Class: 533K(640K)->533K(640K)
[26.017s][info][gc             ] GC(245) Pause Young (Allocation Failure) 3810M->3811M(4179M) 105.890ms
[26.018s][info][gc,cpu         ] GC(245) User=0.75s Sys=0.02s Real=0.11s
[26.079s][info][gc,start       ] GC(246) Pause Young (Allocation Failure)
[26.164s][info][gc,heap        ] GC(246) PSYoungGen: 159968K(237056K)->109888K(237568K) Eden: 57856K(57856K)->0K(57856K) From: 102112K(179200K)->109888K(179712K)
[26.164s][info][gc,heap        ] GC(246) ParOldGen: 3800673K(4042240K)->3851233K(4042240K)
[26.164s][info][gc,metaspace   ] GC(246) Metaspace: 6301K(6464K)->6301K(6464K) NonClass: 5768K(5824K)->5768K(5824K) Class: 533K(640K)->533K(640K)
[26.164s][info][gc             ] GC(246) Pause Young (Allocation Failure) 3867M->3868M(4179M) 85.478ms
[26.164s][info][gc,cpu         ] GC(246) User=0.55s Sys=0.08s Real=0.08s
[26.221s][info][gc,start       ] GC(247) Pause Young (Allocation Failure)
[26.310s][info][gc,heap        ] GC(247) PSYoungGen: 167744K(237568K)->116032K(243200K) Eden: 57856K(57856K)->0K(62464K) From: 109888K(179712K)->116032K(180736K)
[26.311s][info][gc,heap        ] GC(247) ParOldGen: 3851233K(4042240K)->3903409K(4042240K)
[26.311s][info][gc,metaspace   ] GC(247) Metaspace: 6301K(6464K)->6301K(6464K) NonClass: 5768K(5824K)->5768K(5824K) Class: 533K(640K)->533K(640K)
[26.311s][info][gc             ] GC(247) Pause Young (Allocation Failure) 3924M->3925M(4185M) 89.379ms
[26.311s][info][gc,cpu         ] GC(247) User=0.56s Sys=0.06s Real=0.09s
[26.381s][info][gc,start       ] GC(248) Pause Young (Allocation Failure)
[26.472s][info][gc,heap        ] GC(248) PSYoungGen: 178496K(243200K)->120672K(245248K) Eden: 62464K(62464K)->0K(62464K) From: 116032K(180736K)->120672K(182784K)
[26.472s][info][gc,heap        ] GC(248) ParOldGen: 3903409K(4042240K)->3961785K(4042240K)
[26.472s][info][gc,metaspace   ] GC(248) Metaspace: 6301K(6464K)->6301K(6464K) NonClass: 5768K(5824K)->5768K(5824K) Class: 533K(640K)->533K(640K)
[26.472s][info][gc             ] GC(248) Pause Young (Allocation Failure) 3986M->3986M(4187M) 91.328ms
[26.472s][info][gc,cpu         ] GC(248) User=0.61s Sys=0.02s Real=0.09s
[26.472s][info][gc,start       ] GC(249) Pause Full (Ergonomics)
[26.472s][info][gc,phases,start] GC(249) Marking Phase
[27.384s][info][gc,phases      ] GC(249) Marking Phase 911.199ms
[27.384s][info][gc,phases,start] GC(249) Summary Phase
[27.384s][info][gc,phases      ] GC(249) Summary Phase 0.070ms
[27.384s][info][gc,phases,start] GC(249) Adjust Roots
[27.384s][info][gc,phases      ] GC(249) Adjust Roots 0.216ms
[27.384s][info][gc,phases,start] GC(249) Compaction Phase
[27.789s][info][gc,phases      ] GC(249) Compaction Phase 404.557ms
[27.789s][info][gc,phases,start] GC(249) Post Compact
[27.797s][info][gc,phases      ] GC(249) Post Compact 8.061ms
[27.798s][info][gc,heap        ] GC(249) PSYoungGen: 120672K(245248K)->36971K(245248K) Eden: 0K(62464K)->0K(62464K) From: 120672K(182784K)->36971K(182784K)
[27.798s][info][gc,heap        ] GC(249) ParOldGen: 3961785K(4042240K)->4042162K(4469760K)
[27.798s][info][gc,metaspace   ] GC(249) Metaspace: 6301K(6464K)->6301K(6464K) NonClass: 5768K(5824K)->5768K(5824K) Class: 533K(640K)->533K(640K)
[27.798s][info][gc             ] GC(249) Pause Full (Ergonomics) 3986M->3983M(4604M) 1325.838ms
[27.798s][info][gc,cpu         ] GC(249) User=9.52s Sys=0.08s Real=1.33s
[27.872s][info][gc,start       ] GC(250) Pause Young (Allocation Failure)
[28.096s][info][gc,heap        ] GC(250) PSYoungGen: 99435K(245248K)->83424K(236544K) Eden: 62464K(62464K)->0K(68608K) From: 36971K(182784K)->83424K(167936K)
[28.096s][info][gc,heap        ] GC(250) ParOldGen: 4042162K(4469760K)->4058650K(4469760K)
[28.096s][info][gc,metaspace   ] GC(250) Metaspace: 6301K(6464K)->6301K(6464K) NonClass: 5768K(5824K)->5768K(5824K) Class: 533K(640K)->533K(640K)
[28.096s][info][gc             ] GC(250) Pause Young (Allocation Failure) 4044M->4044M(4596M) 223.859ms
[28.096s][info][gc,cpu         ] GC(250) User=1.64s Sys=0.00s Real=0.22s
[28.168s][info][gc,start       ] GC(251) Pause Young (Allocation Failure)
[28.251s][info][gc,heap        ] GC(251) PSYoungGen: 152032K(236544K)->152160K(246272K) Eden: 68608K(68608K)->0K(68608K) From: 83424K(167936K)->152160K(177664K)
[28.251s][info][gc,heap        ] GC(251) ParOldGen: 4058650K(4469760K)->4058650K(4469760K)
[28.251s][info][gc,metaspace   ] GC(251) Metaspace: 6301K(6464K)->6301K(6464K) NonClass: 5768K(5824K)->5768K(5824K) Class: 533K(640K)->533K(640K)
[28.251s][info][gc             ] GC(251) Pause Young (Allocation Failure) 4111M->4112M(4605M) 83.424ms
[28.251s][info][gc,cpu         ] GC(251) User=0.53s Sys=0.00s Real=0.09s
[28.328s][info][gc,start       ] GC(252) Pause Young (Allocation Failure)
[28.444s][info][gc,heap        ] GC(252) PSYoungGen: 220768K(246272K)->192000K(230400K) Eden: 68608K(68608K)->0K(38400K) From: 152160K(177664K)->192000K(192000K)
[28.444s][info][gc,heap        ] GC(252) ParOldGen: 4058650K(4469760K)->4087626K(4469760K)
[28.444s][info][gc,metaspace   ] GC(252) Metaspace: 6301K(6464K)->6301K(6464K) NonClass: 5768K(5824K)->5768K(5824K) Class: 533K(640K)->533K(640K)
[28.444s][info][gc             ] GC(252) Pause Young (Allocation Failure) 4179M->4179M(4590M) 115.560ms
[28.444s][info][gc,cpu         ] GC(252) User=0.69s Sys=0.09s Real=0.11s
[28.491s][info][gc,start       ] GC(253) Pause Young (Allocation Failure)
[28.616s][info][gc,heap        ] GC(253) PSYoungGen: 230400K(230400K)->160128K(267264K) Eden: 38400K(38400K)->0K(38400K) From: 192000K(192000K)->160128K(228864K)
[28.616s][info][gc,heap        ] GC(253) ParOldGen: 4087626K(4469760K)->4158610K(4469760K)
[28.616s][info][gc,metaspace   ] GC(253) Metaspace: 6301K(6464K)->6301K(6464K) NonClass: 5768K(5824K)->5768K(5824K) Class: 533K(640K)->533K(640K)
[28.616s][info][gc             ] GC(253) Pause Young (Allocation Failure) 4216M->4217M(4626M) 124.583ms
[28.616s][info][gc,cpu         ] GC(253) User=0.84s Sys=0.00s Real=0.12s
[28.663s][info][gc,start       ] GC(254) Pause Young (Allocation Failure)
[28.766s][info][gc,heap        ] GC(254) PSYoungGen: 198528K(267264K)->139136K(272896K) Eden: 38400K(38400K)->0K(43008K) From: 160128K(228864K)->139136K(229888K)
[28.766s][info][gc,heap        ] GC(254) ParOldGen: 4158610K(4469760K)->4218506K(4469760K)
[28.766s][info][gc,metaspace   ] GC(254) Metaspace: 6301K(6464K)->6301K(6464K) NonClass: 5768K(5824K)->5768K(5824K) Class: 533K(640K)->533K(640K)
[28.766s][info][gc             ] GC(254) Pause Young (Allocation Failure) 4255M->4255M(4631M) 102.925ms
[28.766s][info][gc,cpu         ] GC(254) User=0.64s Sys=0.11s Real=0.10s
[28.813s][info][gc,start       ] GC(255) Pause Young (Allocation Failure)
[28.908s][info][gc,heap        ] GC(255) PSYoungGen: 182144K(272896K)->81664K(275968K) Eden: 43008K(43008K)->0K(43008K) From: 139136K(229888K)->81664K(232960K)
[28.908s][info][gc,heap        ] GC(255) ParOldGen: 4218506K(4469760K)->4319770K(4469760K)
[28.908s][info][gc,metaspace   ] GC(255) Metaspace: 6301K(6464K)->6301K(6464K) NonClass: 5768K(5824K)->5768K(5824K) Class: 533K(640K)->533K(640K)
[28.908s][info][gc             ] GC(255) Pause Young (Allocation Failure) 4297M->4298M(4634M) 95.378ms
[28.908s][info][gc,cpu         ] GC(255) User=0.58s Sys=0.06s Real=0.10s
[28.951s][info][gc,start       ] GC(256) Pause Young (Allocation Failure)
[29.029s][info][gc,heap        ] GC(256) PSYoungGen: 124672K(275968K)->43200K(275456K) Eden: 43008K(43008K)->0K(48128K) From: 81664K(232960K)->43200K(227328K)
[29.029s][info][gc,heap        ] GC(256) ParOldGen: 4319770K(4469760K)->4401874K(4469760K)
[29.029s][info][gc,metaspace   ] GC(256) Metaspace: 6301K(6464K)->6301K(6464K) NonClass: 5768K(5824K)->5768K(5824K) Class: 533K(640K)->533K(640K)
[29.029s][info][gc             ] GC(256) Pause Young (Allocation Failure) 4340M->4340M(4634M) 77.844ms
[29.029s][info][gc,cpu         ] GC(256) User=0.44s Sys=0.09s Real=0.08s
[29.029s][info][gc,start       ] GC(257) Pause Full (Ergonomics)
[29.029s][info][gc,phases,start] GC(257) Marking Phase
[30.053s][info][gc,phases      ] GC(257) Marking Phase 1024.293ms
[30.053s][info][gc,phases,start] GC(257) Summary Phase
[30.053s][info][gc,phases      ] GC(257) Summary Phase 0.079ms
[30.053s][info][gc,phases,start] GC(257) Adjust Roots
[30.054s][info][gc,phases      ] GC(257) Adjust Roots 0.285ms
[30.054s][info][gc,phases,start] GC(257) Compaction Phase
[30.490s][info][gc,phases      ] GC(257) Compaction Phase 436.340ms
[30.490s][info][gc,phases,start] GC(257) Post Compact
[30.497s][info][gc,phases      ] GC(257) Post Compact 6.682ms
[30.498s][info][gc,heap        ] GC(257) PSYoungGen: 43200K(275456K)->0K(275968K) Eden: 0K(48128K)->0K(48128K) From: 43200K(227328K)->0K(227840K)
[30.498s][info][gc,heap        ] GC(257) ParOldGen: 4401874K(4469760K)->4441405K(4931584K)
[30.498s][info][gc,metaspace   ] GC(257) Metaspace: 6301K(6464K)->6301K(6464K) NonClass: 5768K(5824K)->5768K(5824K) Class: 533K(640K)->533K(640K)
[30.498s][info][gc             ] GC(257) Pause Full (Ergonomics) 4340M->4337M(5085M) 1469.375ms
[30.498s][info][gc,cpu         ] GC(257) User=10.64s Sys=0.06s Real=1.47s
[30.546s][info][gc,start       ] GC(258) Pause Young (Allocation Failure)
[30.595s][info][gc,heap        ] GC(258) PSYoungGen: 48128K(275968K)->48352K(273920K) Eden: 48128K(48128K)->0K(52736K) From: 0K(227840K)->48352K(221184K)
[30.595s][info][gc,heap        ] GC(258) ParOldGen: 4441405K(4931584K)->4441405K(4931584K)
[30.595s][info][gc,metaspace   ] GC(258) Metaspace: 6301K(6464K)->6301K(6464K) NonClass: 5768K(5824K)->5768K(5824K) Class: 533K(640K)->533K(640K)
[30.595s][info][gc             ] GC(258) Pause Young (Allocation Failure) 4384M->4384M(5083M) 48.550ms
[30.595s][info][gc,cpu         ] GC(258) User=0.14s Sys=0.00s Real=0.05s
[30.656s][info][gc,start       ] GC(259) Pause Young (Allocation Failure)
[30.720s][info][gc,heap        ] GC(259) PSYoungGen: 101088K(273920K)->101120K(154112K) Eden: 52736K(52736K)->0K(52736K) From: 48352K(221184K)->101120K(101376K)
[30.720s][info][gc,heap        ] GC(259) ParOldGen: 4441405K(4931584K)->4441405K(4931584K)
[30.720s][info][gc,metaspace   ] GC(259) Metaspace: 6301K(6464K)->6301K(6464K) NonClass: 5768K(5824K)->5768K(5824K) Class: 533K(640K)->533K(640K)
[30.720s][info][gc             ] GC(259) Pause Young (Allocation Failure) 4436M->4436M(4966M) 63.669ms
[30.720s][info][gc,cpu         ] GC(259) User=0.28s Sys=0.00s Real=0.06s
[30.787s][info][gc,start       ] GC(260) Pause Young (Allocation Failure)
[30.867s][info][gc,heap        ] GC(260) PSYoungGen: 153856K(154112K)->153920K(262656K) Eden: 52736K(52736K)->0K(49664K) From: 101120K(101376K)->153920K(212992K)
[30.867s][info][gc,heap        ] GC(260) ParOldGen: 4441405K(4931584K)->4441405K(4931584K)
[30.867s][info][gc,metaspace   ] GC(260) Metaspace: 6301K(6464K)->6301K(6464K) NonClass: 5768K(5824K)->5768K(5824K) Class: 533K(640K)->533K(640K)
[30.867s][info][gc             ] GC(260) Pause Young (Allocation Failure) 4487M->4487M(5072M) 80.924ms
[30.868s][info][gc,cpu         ] GC(260) User=0.52s Sys=0.00s Real=0.08s
[30.923s][info][gc,start       ] GC(261) Pause Young (Allocation Failure)
[31.029s][info][gc,heap        ] GC(261) PSYoungGen: 203584K(262656K)->155520K(271360K) Eden: 49664K(49664K)->0K(49664K) From: 153920K(212992K)->155520K(221696K)
[31.029s][info][gc,heap        ] GC(261) ParOldGen: 4441405K(4931584K)->4489965K(4931584K)
[31.030s][info][gc,metaspace   ] GC(261) Metaspace: 6301K(6464K)->6301K(6464K) NonClass: 5768K(5824K)->5768K(5824K) Class: 533K(640K)->533K(640K)
[31.030s][info][gc             ] GC(261) Pause Young (Allocation Failure) 4536M->4536M(5081M) 106.713ms
[31.030s][info][gc,cpu         ] GC(261) User=0.75s Sys=0.00s Real=0.11s
[31.082s][info][gc,start       ] GC(262) Pause Young (Allocation Failure)
[31.187s][info][gc,heap        ] GC(262) PSYoungGen: 205184K(271360K)->152416K(280576K) Eden: 49664K(49664K)->0K(51712K) From: 155520K(221696K)->152416K(228864K)
[31.187s][info][gc,heap        ] GC(262) ParOldGen: 4489965K(4931584K)->4543173K(4931584K)
[31.187s][info][gc,metaspace   ] GC(262) Metaspace: 6301K(6464K)->6301K(6464K) NonClass: 5768K(5824K)->5768K(5824K) Class: 533K(640K)->533K(640K)
[31.187s][info][gc             ] GC(262) Pause Young (Allocation Failure) 4585M->4585M(5090M) 105.416ms
[31.187s][info][gc,cpu         ] GC(262) User=0.64s Sys=0.08s Real=0.11s
[31.244s][info][gc,start       ] GC(263) Pause Young (Allocation Failure)
[31.349s][info][gc,heap        ] GC(263) PSYoungGen: 204128K(280576K)->151424K(284160K) Eden: 51712K(51712K)->0K(51712K) From: 152416K(228864K)->151424K(232448K)
[31.349s][info][gc,heap        ] GC(263) ParOldGen: 4543173K(4931584K)->4596381K(4931584K)
[31.349s][info][gc,metaspace   ] GC(263) Metaspace: 6301K(6464K)->6301K(6464K) NonClass: 5768K(5824K)->5768K(5824K) Class: 533K(640K)->533K(640K)
[31.349s][info][gc             ] GC(263) Pause Young (Allocation Failure) 4636M->4636M(5093M) 104.188ms
[31.349s][info][gc,cpu         ] GC(263) User=0.67s Sys=0.00s Real=0.10s
[31.413s][info][gc,start       ] GC(264) Pause Young (Allocation Failure)
[31.516s][info][gc,heap        ] GC(264) PSYoungGen: 203136K(284160K)->153472K(291328K) Eden: 51712K(51712K)->0K(56832K) From: 151424K(232448K)->153472K(234496K)
[31.516s][info][gc,heap        ] GC(264) ParOldGen: 4596381K(4931584K)->4646501K(4931584K)
[31.516s][info][gc,metaspace   ] GC(264) Metaspace: 6301K(6464K)->6301K(6464K) NonClass: 5768K(5824K)->5768K(5824K) Class: 533K(640K)->533K(640K)
[31.516s][info][gc             ] GC(264) Pause Young (Allocation Failure) 4687M->4687M(5100M) 103.093ms
[31.516s][info][gc,cpu         ] GC(264) User=0.64s Sys=0.02s Real=0.10s
[31.577s][info][gc,start       ] GC(265) Pause Young (Allocation Failure)
[31.689s][info][gc,heap        ] GC(265) PSYoungGen: 210304K(291328K)->108832K(165888K) Eden: 56832K(56832K)->0K(56832K) From: 153472K(234496K)->108832K(109056K)
[31.689s][info][gc,heap        ] GC(265) ParOldGen: 4646501K(4931584K)->4748781K(4931584K)
[31.689s][info][gc,metaspace   ] GC(265) Metaspace: 6301K(6464K)->6301K(6464K) NonClass: 5768K(5824K)->5768K(5824K) Class: 533K(640K)->533K(640K)
[31.689s][info][gc             ] GC(265) Pause Young (Allocation Failure) 4742M->4743M(4978M) 111.490ms
[31.689s][info][gc,cpu         ] GC(265) User=0.69s Sys=0.06s Real=0.11s
[31.748s][info][gc,start       ] GC(266) Pause Young (Allocation Failure)
[31.838s][info][gc,heap        ] GC(266) PSYoungGen: 165664K(165888K)->57056K(290816K) Eden: 56832K(56832K)->0K(64000K) From: 108832K(109056K)->57056K(226816K)
[31.838s][info][gc,heap        ] GC(266) ParOldGen: 4748781K(4931584K)->4858293K(4931584K)
[31.838s][info][gc,metaspace   ] GC(266) Metaspace: 6301K(6464K)->6301K(6464K) NonClass: 5768K(5824K)->5768K(5824K) Class: 533K(640K)->533K(640K)
[31.838s][info][gc             ] GC(266) Pause Young (Allocation Failure) 4799M->4800M(5100M) 89.885ms
[31.838s][info][gc,cpu         ] GC(266) User=0.64s Sys=0.09s Real=0.09s
[31.838s][info][gc,start       ] GC(267) Pause Full (Ergonomics)
[31.838s][info][gc,phases,start] GC(267) Marking Phase
[32.977s][info][gc,phases      ] GC(267) Marking Phase 1139.048ms
[32.977s][info][gc,phases,start] GC(267) Summary Phase
[32.977s][info][gc,phases      ] GC(267) Summary Phase 0.113ms
[32.977s][info][gc,phases,start] GC(267) Adjust Roots
[32.977s][info][gc,phases      ] GC(267) Adjust Roots 0.279ms
[32.977s][info][gc,phases,start] GC(267) Compaction Phase
[33.415s][info][gc,phases      ] GC(267) Compaction Phase 437.288ms
[33.415s][info][gc,phases,start] GC(267) Post Compact
[33.423s][info][gc,phases      ] GC(267) Post Compact 8.024ms
[33.424s][info][gc,heap        ] GC(267) PSYoungGen: 57056K(290816K)->0K(290816K) Eden: 0K(64000K)->0K(64000K) From: 57056K(226816K)->0K(226816K)
[33.425s][info][gc,heap        ] GC(267) ParOldGen: 4858293K(4931584K)->4911134K(5454336K)
[33.425s][info][gc,metaspace   ] GC(267) Metaspace: 6301K(6464K)->6301K(6464K) NonClass: 5768K(5824K)->5768K(5824K) Class: 533K(640K)->533K(640K)
[33.425s][info][gc             ] GC(267) Pause Full (Ergonomics) 4800M->4796M(5610M) 1586.762ms
[33.425s][info][gc,cpu         ] GC(267) User=12.03s Sys=0.06s Real=1.59s
[33.491s][info][gc,start       ] GC(268) Pause Young (Allocation Failure)
[33.549s][info][gc,heap        ] GC(268) PSYoungGen: 64000K(290816K)->64224K(289792K) Eden: 64000K(64000K)->0K(70144K) From: 0K(226816K)->64224K(219648K)
[33.549s][info][gc,heap        ] GC(268) ParOldGen: 4911134K(5454336K)->4911134K(5454336K)
[33.549s][info][gc,metaspace   ] GC(268) Metaspace: 6301K(6464K)->6301K(6464K) NonClass: 5768K(5824K)->5768K(5824K) Class: 533K(640K)->533K(640K)
[33.550s][info][gc             ] GC(268) Pause Young (Allocation Failure) 4858M->4858M(5609M) 58.098ms
[33.550s][info][gc,cpu         ] GC(268) User=0.16s Sys=0.00s Real=0.06s
[33.632s][info][gc,start       ] GC(269) Pause Young (Allocation Failure)
[33.711s][info][gc,heap        ] GC(269) PSYoungGen: 134368K(289792K)->134496K(294400K) Eden: 70144K(70144K)->0K(70144K) From: 64224K(219648K)->134496K(224256K)
[33.711s][info][gc,heap        ] GC(269) ParOldGen: 4911134K(5454336K)->4911134K(5454336K)
[33.711s][info][gc,metaspace   ] GC(269) Metaspace: 6301K(6464K)->6301K(6464K) NonClass: 5768K(5824K)->5768K(5824K) Class: 533K(640K)->533K(640K)
[33.711s][info][gc             ] GC(269) Pause Young (Allocation Failure) 4927M->4927M(5614M) 78.219ms
[33.711s][info][gc,cpu         ] GC(269) User=0.42s Sys=0.00s Real=0.08s
[33.788s][info][gc,start       ] GC(270) Pause Young (Allocation Failure)
[33.898s][info][gc,heap        ] GC(270) PSYoungGen: 204640K(294400K)->204736K(276480K) Eden: 70144K(70144K)->0K(54272K) From: 134496K(224256K)->204736K(222208K)
[33.898s][info][gc,heap        ] GC(270) ParOldGen: 4911134K(5454336K)->4911134K(5454336K)
[33.898s][info][gc,metaspace   ] GC(270) Metaspace: 6301K(6464K)->6301K(6464K) NonClass: 5768K(5824K)->5768K(5824K) Class: 533K(640K)->533K(640K)
[33.898s][info][gc             ] GC(270) Pause Young (Allocation Failure) 4995M->4995M(5596M) 110.519ms
[33.898s][info][gc,cpu         ] GC(270) User=0.67s Sys=0.09s Real=0.11s
[33.958s][info][gc,start       ] GC(271) Pause Young (Allocation Failure)
[34.098s][info][gc,heap        ] GC(271) PSYoungGen: 259008K(276480K)->194976K(299520K) Eden: 54272K(54272K)->0K(54272K) From: 204736K(222208K)->194976K(245248K)
[34.098s][info][gc,heap        ] GC(271) ParOldGen: 4911134K(5454336K)->4975718K(5454336K)
[34.098s][info][gc,metaspace   ] GC(271) Metaspace: 6301K(6464K)->6301K(6464K) NonClass: 5768K(5824K)->5768K(5824K) Class: 533K(640K)->533K(640K)
[34.098s][info][gc             ] GC(271) Pause Young (Allocation Failure) 5048M->5049M(5619M) 139.920ms
[34.098s][info][gc,cpu         ] GC(271) User=0.98s Sys=0.03s Real=0.14s
[34.158s][info][gc,start       ] GC(272) Pause Young (Allocation Failure)
[34.291s][info][gc,heap        ] GC(272) PSYoungGen: 249248K(299520K)->179104K(316416K) Eden: 54272K(54272K)->0K(55808K) From: 194976K(245248K)->179104K(260608K)
[34.291s][info][gc,heap        ] GC(272) ParOldGen: 4975718K(5454336K)->5046510K(5454336K)
[34.291s][info][gc,metaspace   ] GC(272) Metaspace: 6301K(6464K)->6301K(6464K) NonClass: 5768K(5824K)->5768K(5824K) Class: 533K(640K)->533K(640K)
[34.291s][info][gc             ] GC(272) Pause Young (Allocation Failure) 5102M->5103M(5635M) 133.294ms
[34.291s][info][gc,cpu         ] GC(272) User=0.83s Sys=0.06s Real=0.13s
[34.356s][info][gc,start       ] GC(273) Pause Young (Allocation Failure)
[34.482s][info][gc,heap        ] GC(273) PSYoungGen: 234912K(316416K)->164736K(321536K) Eden: 55808K(55808K)->0K(55808K) From: 179104K(260608K)->164736K(265728K)
[34.482s][info][gc,heap        ] GC(273) ParOldGen: 5046510K(5454336K)->5117302K(5454336K)
[34.482s][info][gc,metaspace   ] GC(273) Metaspace: 6301K(6464K)->6301K(6464K) NonClass: 5768K(5824K)->5768K(5824K) Class: 533K(640K)->533K(640K)
[34.482s][info][gc             ] GC(273) Pause Young (Allocation Failure) 5157M->5158M(5640M) 126.133ms
[34.482s][info][gc,cpu         ] GC(273) User=1.00s Sys=0.00s Real=0.13s
[34.545s][info][gc,start       ] GC(274) Pause Young (Allocation Failure)
[34.676s][info][gc,heap        ] GC(274) PSYoungGen: 220544K(321536K)->111936K(309760K) Eden: 55808K(55808K)->0K(62976K) From: 164736K(265728K)->111936K(246784K)
[34.676s][info][gc,heap        ] GC(274) ParOldGen: 5117302K(5454336K)->5226806K(5454336K)
[34.676s][info][gc,metaspace   ] GC(274) Metaspace: 6301K(6464K)->6301K(6464K) NonClass: 5768K(5824K)->5768K(5824K) Class: 533K(640K)->533K(640K)
[34.676s][info][gc             ] GC(274) Pause Young (Allocation Failure) 5212M->5213M(5629M) 131.704ms
[34.676s][info][gc,cpu         ] GC(274) User=0.81s Sys=0.12s Real=0.13s
[34.748s][info][gc,start       ] GC(275) Pause Young (Allocation Failure)
[34.852s][info][gc,heap        ] GC(275) PSYoungGen: 174912K(309760K)->63232K(318464K) Eden: 62976K(62976K)->0K(62976K) From: 111936K(246784K)->63232K(255488K)
[34.852s][info][gc,heap        ] GC(275) ParOldGen: 5226806K(5454336K)->5339406K(5454336K)
[34.852s][info][gc,metaspace   ] GC(275) Metaspace: 6301K(6464K)->6301K(6464K) NonClass: 5768K(5824K)->5768K(5824K) Class: 533K(640K)->533K(640K)
[34.852s][info][gc             ] GC(275) Pause Young (Allocation Failure) 5275M->5276M(5637M) 103.103ms
[34.852s][info][gc,cpu         ] GC(275) User=0.62s Sys=0.00s Real=0.10s
[34.852s][info][gc,start       ] GC(276) Pause Full (Ergonomics)
[34.852s][info][gc,phases,start] GC(276) Marking Phase
[36.107s][info][gc,phases      ] GC(276) Marking Phase 1254.904ms
[36.107s][info][gc,phases,start] GC(276) Summary Phase
[36.107s][info][gc,phases      ] GC(276) Summary Phase 0.109ms
[36.107s][info][gc,phases,start] GC(276) Adjust Roots
[36.107s][info][gc,phases      ] GC(276) Adjust Roots 0.248ms
[36.107s][info][gc,phases,start] GC(276) Compaction Phase
[36.581s][info][gc,phases      ] GC(276) Compaction Phase 473.584ms
[36.581s][info][gc,phases,start] GC(276) Post Compact
[36.589s][info][gc,phases      ] GC(276) Post Compact 8.597ms
[36.591s][info][gc,heap        ] GC(276) PSYoungGen: 63232K(318464K)->0K(326656K) Eden: 0K(62976K)->0K(71168K) From: 63232K(255488K)->0K(255488K)
[36.591s][info][gc,heap        ] GC(276) ParOldGen: 5339406K(5454336K)->5398313K(6007808K)
[36.591s][info][gc,metaspace   ] GC(276) Metaspace: 6301K(6464K)->6301K(6464K) NonClass: 5768K(5824K)->5768K(5824K) Class: 533K(640K)->533K(640K)
[36.591s][info][gc             ] GC(276) Pause Full (Ergonomics) 5276M->5271M(6186M) 1739.477ms
[36.591s][info][gc,cpu         ] GC(276) User=13.16s Sys=0.05s Real=1.74s
[36.675s][info][gc,start       ] GC(277) Pause Young (Allocation Failure)
[36.732s][info][gc,heap        ] GC(277) PSYoungGen: 71168K(326656K)->71424K(326656K) Eden: 71168K(71168K)->0K(71168K) From: 0K(255488K)->71424K(255488K)
[36.732s][info][gc,heap        ] GC(277) ParOldGen: 5398313K(6007808K)->5398313K(6007808K)
[36.732s][info][gc,metaspace   ] GC(277) Metaspace: 6301K(6464K)->6301K(6464K) NonClass: 5768K(5824K)->5768K(5824K) Class: 533K(640K)->533K(640K)
[36.732s][info][gc             ] GC(277) Pause Young (Allocation Failure) 5341M->5341M(6186M) 57.348ms
[36.732s][info][gc,cpu         ] GC(277) User=0.19s Sys=0.00s Real=0.06s
[36.816s][info][gc,start       ] GC(278) Pause Young (Allocation Failure)
[36.896s][info][gc,heap        ] GC(278) PSYoungGen: 142592K(326656K)->142752K(320512K) Eden: 71168K(71168K)->0K(78336K) From: 71424K(255488K)->142752K(242176K)
[36.896s][info][gc,heap        ] GC(278) ParOldGen: 5398313K(6007808K)->5398313K(6007808K)
[36.897s][info][gc,metaspace   ] GC(278) Metaspace: 6301K(6464K)->6301K(6464K) NonClass: 5768K(5824K)->5768K(5824K) Class: 533K(640K)->533K(640K)
[36.897s][info][gc             ] GC(278) Pause Young (Allocation Failure) 5411M->5411M(6180M) 80.518ms
[36.897s][info][gc,cpu         ] GC(278) User=0.50s Sys=0.00s Real=0.08s
[36.985s][info][gc,start       ] GC(279) Pause Young (Allocation Failure)
[37.102s][info][gc,heap        ] GC(279) PSYoungGen: 221088K(320512K)->221184K(325632K) Eden: 78336K(78336K)->0K(78336K) From: 142752K(242176K)->221184K(247296K)
[37.102s][info][gc,heap        ] GC(279) ParOldGen: 5398313K(6007808K)->5398313K(6007808K)
[37.102s][info][gc,metaspace   ] GC(279) Metaspace: 6301K(6464K)->6301K(6464K) NonClass: 5768K(5824K)->5768K(5824K) Class: 533K(640K)->533K(640K)
[37.102s][info][gc             ] GC(279) Pause Young (Allocation Failure) 5487M->5487M(6185M) 116.879ms
[37.102s][info][gc,cpu         ] GC(279) User=0.77s Sys=0.00s Real=0.12s
[37.197s][info][gc,start       ] GC(280) Pause Young (Allocation Failure)
[37.369s][info][gc,heap        ] GC(280) PSYoungGen: 299520K(325632K)->228384K(335872K) Eden: 78336K(78336K)->0K(65024K) From: 221184K(247296K)->228384K(270848K)
[37.369s][info][gc,heap        ] GC(280) ParOldGen: 5398313K(6007808K)->5470137K(6007808K)
[37.369s][info][gc,metaspace   ] GC(280) Metaspace: 6301K(6464K)->6301K(6464K) NonClass: 5768K(5824K)->5768K(5824K) Class: 533K(640K)->533K(640K)
[37.369s][info][gc             ] GC(280) Pause Young (Allocation Failure) 5564M->5564M(6195M) 172.563ms
[37.369s][info][gc,cpu         ] GC(280) User=1.00s Sys=0.12s Real=0.17s
[38.522s][info][gc,start       ] GC(281) Pause Young (Allocation Failure)
[38.789s][info][gc,heap        ] GC(281) PSYoungGen: 293408K(335872K)->222208K(357376K) Eden: 65024K(65024K)->0K(65024K) From: 228384K(270848K)->222208K(292352K)
[38.790s][info][gc,heap        ] GC(281) ParOldGen: 5732281K(6007808K)->5804097K(6007808K)
[38.790s][info][gc,metaspace   ] GC(281) Metaspace: 6301K(6464K)->6301K(6464K) NonClass: 5768K(5824K)->5768K(5824K) Class: 533K(640K)->533K(640K)
[38.790s][info][gc             ] GC(281) Pause Young (Allocation Failure) 5884M->5885M(6216M) 267.327ms
[38.790s][info][gc,cpu         ] GC(281) User=1.98s Sys=0.00s Real=0.27s
[38.855s][info][gc,start       ] GC(282) Pause Young (Allocation Failure)
[39.002s][info][gc,heap        ] GC(282) PSYoungGen: 287232K(357376K)->287328K(343040K) Eden: 65024K(65024K)->0K(36352K) From: 222208K(292352K)->287328K(306688K)
[39.002s][info][gc,heap        ] GC(282) ParOldGen: 5804097K(6007808K)->5804097K(6007808K)
[39.002s][info][gc,metaspace   ] GC(282) Metaspace: 6301K(6464K)->6301K(6464K) NonClass: 5768K(5824K)->5768K(5824K) Class: 533K(640K)->533K(640K)
[39.002s][info][gc             ] GC(282) Pause Young (Allocation Failure) 5948M->5948M(6202M) 147.052ms
[39.002s][info][gc,cpu         ] GC(282) User=0.73s Sys=0.02s Real=0.15s
[39.045s][info][gc,start       ] GC(283) Pause Young (Allocation Failure)
[39.208s][info][gc,heap        ] GC(283) PSYoungGen: 323680K(343040K)->245248K(377856K) Eden: 36352K(36352K)->0K(36352K) From: 287328K(306688K)->245248K(341504K)
[39.208s][info][gc,heap        ] GC(283) ParOldGen: 5804097K(6007808K)->5883145K(6007808K)
[39.208s][info][gc,metaspace   ] GC(283) Metaspace: 6301K(6464K)->6301K(6464K) NonClass: 5768K(5824K)->5768K(5824K) Class: 533K(640K)->533K(640K)
[39.208s][info][gc             ] GC(283) Pause Young (Allocation Failure) 5984M->5984M(6236M) 163.245ms
[39.208s][info][gc,cpu         ] GC(283) User=0.83s Sys=0.03s Real=0.16s
[39.209s][info][gc,start       ] GC(284) Pause Full (Ergonomics)
[39.209s][info][gc,phases,start] GC(284) Marking Phase
[40.592s][info][gc,phases      ] GC(284) Marking Phase 1383.252ms
[40.592s][info][gc,phases,start] GC(284) Summary Phase
[40.592s][info][gc,phases      ] GC(284) Summary Phase 0.169ms
[40.592s][info][gc,phases,start] GC(284) Adjust Roots
[40.592s][info][gc,phases      ] GC(284) Adjust Roots 0.252ms
[40.592s][info][gc,phases,start] GC(284) Compaction Phase
[41.554s][info][gc,phases      ] GC(284) Compaction Phase 962.127ms
[41.555s][info][gc,phases,start] GC(284) Post Compact
[41.568s][info][gc,phases      ] GC(284) Post Compact 13.351ms
[41.571s][info][gc,heap        ] GC(284) PSYoungGen: 245248K(377856K)->0K(394752K) Eden: 0K(36352K)->0K(40960K) From: 245248K(341504K)->0K(353792K)
[41.571s][info][gc,heap        ] GC(284) ParOldGen: 5883145K(6007808K)->5994577K(6637056K)
[41.571s][info][gc,metaspace   ] GC(284) Metaspace: 6301K(6464K)->6301K(6464K) NonClass: 5768K(5824K)->5768K(5824K) Class: 533K(640K)->533K(640K)
[41.571s][info][gc             ] GC(284) Pause Full (Ergonomics) 5984M->5854M(6867M) 2362.077ms
[41.571s][info][gc,cpu         ] GC(284) User=16.03s Sys=0.12s Real=2.36s
[41.618s][info][gc,start       ] GC(285) Pause Young (Allocation Failure)
[41.697s][info][gc,heap        ] GC(285) PSYoungGen: 40960K(394752K)->41120K(394752K) Eden: 40960K(40960K)->0K(40960K) From: 0K(353792K)->41120K(353792K)
[41.698s][info][gc,heap        ] GC(285) ParOldGen: 5994577K(6637056K)->5994577K(6637056K)
[41.698s][info][gc,metaspace   ] GC(285) Metaspace: 6301K(6464K)->6301K(6464K) NonClass: 5768K(5824K)->5768K(5824K) Class: 533K(640K)->533K(640K)
[41.698s][info][gc             ] GC(285) Pause Young (Allocation Failure) 5894M->5894M(6867M) 79.788ms
[41.698s][info][gc,cpu         ] GC(285) User=0.19s Sys=0.00s Real=0.08s
[41.744s][info][gc,start       ] GC(286) Pause Young (Allocation Failure)
[41.841s][info][gc,heap        ] GC(286) PSYoungGen: 82080K(394752K)->82176K(389632K) Eden: 40960K(40960K)->0K(45056K) From: 41120K(353792K)->82176K(344576K)
[41.841s][info][gc,heap        ] GC(286) ParOldGen: 5994577K(6637056K)->5994577K(6637056K)
[41.841s][info][gc,metaspace   ] GC(286) Metaspace: 6301K(6464K)->6301K(6464K) NonClass: 5768K(5824K)->5768K(5824K) Class: 533K(640K)->533K(640K)
[41.841s][info][gc             ] GC(286) Pause Young (Allocation Failure) 5934M->5934M(6862M) 97.123ms
[41.841s][info][gc,cpu         ] GC(286) User=0.20s Sys=0.00s Real=0.10s
[41.887s][info][gc,start       ] GC(287) Pause Young (Allocation Failure)
[41.998s][info][gc,heap        ] GC(287) PSYoungGen: 127232K(389632K)->127264K(172544K) Eden: 45056K(45056K)->0K(45056K) From: 82176K(344576K)->127264K(127488K)
[41.998s][info][gc,heap        ] GC(287) ParOldGen: 5994577K(6637056K)->5994577K(6637056K)
[41.998s][info][gc,metaspace   ] GC(287) Metaspace: 6301K(6464K)->6301K(6464K) NonClass: 5768K(5824K)->5768K(5824K) Class: 533K(640K)->533K(640K)
[41.998s][info][gc             ] GC(287) Pause Young (Allocation Failure) 5978M->5978M(6650M) 110.844ms
[41.998s][info][gc,cpu         ] GC(287) User=0.31s Sys=0.00s Real=0.11s
[42.042s][info][gc,start       ] GC(288) Pause Young (Allocation Failure)
[42.157s][info][gc,heap        ] GC(288) PSYoungGen: 172320K(172544K)->172416K(367104K) Eden: 45056K(45056K)->0K(50688K) From: 127264K(127488K)->172416K(316416K)
[42.157s][info][gc,heap        ] GC(288) ParOldGen: 5994577K(6637056K)->5994577K(6637056K)
[42.157s][info][gc,metaspace   ] GC(288) Metaspace: 6301K(6464K)->6301K(6464K) NonClass: 5768K(5824K)->5768K(5824K) Class: 533K(640K)->533K(640K)
[42.157s][info][gc             ] GC(288) Pause Young (Allocation Failure) 6022M->6022M(6840M) 115.088ms
[42.157s][info][gc,cpu         ] GC(288) User=0.30s Sys=0.00s Real=0.12s
[42.214s][info][gc,start       ] GC(289) Pause Young (Allocation Failure)
[42.347s][info][gc,heap        ] GC(289) PSYoungGen: 223104K(367104K)->182112K(376320K) Eden: 50688K(50688K)->0K(50688K) From: 172416K(316416K)->182112K(325632K)
[42.347s][info][gc,heap        ] GC(289) ParOldGen: 5994577K(6637056K)->6035905K(6637056K)
[42.347s][info][gc,metaspace   ] GC(289) Metaspace: 6301K(6464K)->6301K(6464K) NonClass: 5768K(5824K)->5768K(5824K) Class: 533K(640K)->533K(640K)
[42.347s][info][gc             ] GC(289) Pause Young (Allocation Failure) 6071M->6072M(6849M) 133.367ms
[42.347s][info][gc,cpu         ] GC(289) User=0.38s Sys=0.03s Real=0.13s
[42.402s][info][gc,start       ] GC(290) Pause Young (Allocation Failure)
[42.529s][info][gc,heap        ] GC(290) PSYoungGen: 232800K(376320K)->146784K(346112K) Eden: 50688K(50688K)->0K(57344K) From: 182112K(325632K)->146784K(288768K)
[42.529s][info][gc,heap        ] GC(290) ParOldGen: 6035905K(6637056K)->6122689K(6637056K)
[42.529s][info][gc,metaspace   ] GC(290) Metaspace: 6301K(6464K)->6301K(6464K) NonClass: 5768K(5824K)->5768K(5824K) Class: 533K(640K)->533K(640K)
[42.529s][info][gc             ] GC(290) Pause Young (Allocation Failure) 6121M->6122M(6819M) 127.078ms
[42.529s][info][gc,cpu         ] GC(290) User=0.48s Sys=0.00s Real=0.13s
[42.597s][info][gc,start       ] GC(291) Pause Young (Allocation Failure)
[42.721s][info][gc,heap        ] GC(291) PSYoungGen: 204128K(346112K)->108288K(361472K) Eden: 57344K(57344K)->0K(57344K) From: 146784K(288768K)->108288K(304128K)
[42.722s][info][gc,heap        ] GC(291) ParOldGen: 6122689K(6637056K)->6219265K(6637056K)
[42.722s][info][gc,metaspace   ] GC(291) Metaspace: 6301K(6464K)->6301K(6464K) NonClass: 5768K(5824K)->5768K(5824K) Class: 533K(640K)->533K(640K)
[42.722s][info][gc             ] GC(291) Pause Young (Allocation Failure) 6178M->6179M(6834M) 124.443ms
[42.722s][info][gc,cpu         ] GC(291) User=0.42s Sys=0.03s Real=0.12s
[42.786s][info][gc,start       ] GC(292) Pause Young (Allocation Failure)
[42.898s][info][gc,heap        ] GC(292) PSYoungGen: 165632K(361472K)->57568K(360960K) Eden: 57344K(57344K)->0K(64000K) From: 108288K(304128K)->57568K(296960K)
[42.898s][info][gc,heap        ] GC(292) ParOldGen: 6219265K(6637056K)->6328241K(6637056K)
[42.898s][info][gc,metaspace   ] GC(292) Metaspace: 6301K(6464K)->6301K(6464K) NonClass: 5768K(5824K)->5768K(5824K) Class: 533K(640K)->533K(640K)
[42.898s][info][gc             ] GC(292) Pause Young (Allocation Failure) 6235M->6236M(6834M) 112.069ms
[42.898s][info][gc,cpu         ] GC(292) User=0.33s Sys=0.03s Real=0.11s
[42.968s][info][gc,start       ] GC(293) Pause Young (Allocation Failure)
[43.071s][info][gc,heap        ] GC(293) PSYoungGen: 121568K(360960K)->64192K(361984K) Eden: 64000K(64000K)->0K(64000K) From: 57568K(296960K)->64192K(297984K)
[43.071s][info][gc,heap        ] GC(293) ParOldGen: 6328241K(6637056K)->6386097K(6637056K)
[43.071s][info][gc,metaspace   ] GC(293) Metaspace: 6301K(6464K)->6301K(6464K) NonClass: 5768K(5824K)->5768K(5824K) Class: 533K(640K)->533K(640K)
[43.071s][info][gc             ] GC(293) Pause Young (Allocation Failure) 6298M->6299M(6835M) 103.092ms
[43.071s][info][gc,cpu         ] GC(293) User=0.25s Sys=0.05s Real=0.10s
[43.145s][info][gc,start       ] GC(294) Pause Young (Allocation Failure)
[43.252s][info][gc,heap        ] GC(294) PSYoungGen: 128192K(361984K)->64224K(357888K) Eden: 64000K(64000K)->0K(72192K) From: 64192K(297984K)->64224K(285696K)
[43.253s][info][gc,heap        ] GC(294) ParOldGen: 6386097K(6637056K)->6450673K(6637056K)
[43.253s][info][gc,metaspace   ] GC(294) Metaspace: 6301K(6464K)->6301K(6464K) NonClass: 5768K(5824K)->5768K(5824K) Class: 533K(640K)->533K(640K)
[43.253s][info][gc             ] GC(294) Pause Young (Allocation Failure) 6361M->6362M(6831M) 107.494ms
[43.253s][info][gc,cpu         ] GC(294) User=0.30s Sys=0.02s Real=0.11s
[43.335s][info][gc,start       ] GC(295) Pause Young (Allocation Failure)
[43.442s][info][gc,heap        ] GC(295) PSYoungGen: 136416K(357888K)->72416K(362496K) Eden: 72192K(72192K)->0K(72192K) From: 64224K(285696K)->72416K(290304K)
[43.443s][info][gc,heap        ] GC(295) ParOldGen: 6450673K(6637056K)->6515233K(6637056K)
[43.443s][info][gc,metaspace   ] GC(295) Metaspace: 6301K(6464K)->6301K(6464K) NonClass: 5768K(5824K)->5768K(5824K) Class: 533K(640K)->533K(640K)
[43.443s][info][gc             ] GC(295) Pause Young (Allocation Failure) 6432M->6433M(6835M) 107.335ms
[43.443s][info][gc,cpu         ] GC(295) User=0.31s Sys=0.00s Real=0.11s
[43.443s][info][gc,start       ] GC(296) Pause Full (Ergonomics)
[43.443s][info][gc,phases,start] GC(296) Marking Phase
[44.966s][info][gc,phases      ] GC(296) Marking Phase 1523.497ms
[44.966s][info][gc,phases,start] GC(296) Summary Phase
[44.966s][info][gc,phases      ] GC(296) Summary Phase 0.142ms
[44.966s][info][gc,phases,start] GC(296) Adjust Roots
[44.967s][info][gc,phases      ] GC(296) Adjust Roots 0.284ms
[44.967s][info][gc,phases,start] GC(296) Compaction Phase
[45.693s][info][gc,phases      ] GC(296) Compaction Phase 726.647ms
[45.693s][info][gc,phases,start] GC(296) Post Compact
[45.703s][info][gc,phases      ] GC(296) Post Compact 9.539ms
[45.705s][info][gc,heap        ] GC(296) PSYoungGen: 72416K(362496K)->0K(364544K) Eden: 0K(72192K)->0K(81408K) From: 72416K(290304K)->0K(283136K)
[45.705s][info][gc,heap        ] GC(296) ParOldGen: 6515233K(6637056K)->6582517K(7280128K)
[45.705s][info][gc,metaspace   ] GC(296) Metaspace: 6301K(6464K)->6301K(6464K) NonClass: 5768K(5824K)->5768K(5824K) Class: 533K(640K)->533K(640K)
[45.705s][info][gc             ] GC(296) Pause Full (Ergonomics) 6433M->6428M(7465M) 2262.388ms
[45.705s][info][gc,cpu         ] GC(296) User=15.83s Sys=0.06s Real=2.26s
[45.792s][info][gc,start       ] GC(297) Pause Young (Allocation Failure)
[45.882s][info][gc,heap        ] GC(297) PSYoungGen: 81408K(364544K)->81728K(163328K) Eden: 81408K(81408K)->0K(81408K) From: 0K(283136K)->81728K(81920K)
[45.882s][info][gc,heap        ] GC(297) ParOldGen: 6582517K(7280128K)->6582517K(7280128K)
[45.882s][info][gc,metaspace   ] GC(297) Metaspace: 6301K(6464K)->6301K(6464K) NonClass: 5768K(5824K)->5768K(5824K) Class: 533K(640K)->533K(640K)
[45.882s][info][gc             ] GC(297) Pause Young (Allocation Failure) 6507M->6508M(7269M) 90.188ms
[45.882s][info][gc,cpu         ] GC(297) User=0.31s Sys=0.00s Real=0.09s
[45.981s][info][gc,start       ] GC(298) Pause Young (Allocation Failure)
[46.095s][info][gc,heap        ] GC(298) PSYoungGen: 163136K(163328K)->163264K(360960K) Eden: 81408K(81408K)->0K(87552K) From: 81728K(81920K)->163264K(273408K)
[46.095s][info][gc,heap        ] GC(298) ParOldGen: 6582517K(7280128K)->6582517K(7280128K)
[46.095s][info][gc,metaspace   ] GC(298) Metaspace: 6301K(6464K)->6301K(6464K) NonClass: 5768K(5824K)->5768K(5824K) Class: 533K(640K)->533K(640K)
[46.095s][info][gc             ] GC(298) Pause Young (Allocation Failure) 6587M->6587M(7462M) 114.519ms
[46.095s][info][gc,cpu         ] GC(298) User=0.45s Sys=0.00s Real=0.12s
[46.183s][info][gc,start       ] GC(299) Pause Young (Allocation Failure)
[46.321s][info][gc,heap        ] GC(299) PSYoungGen: 250816K(360960K)->250912K(362496K) Eden: 87552K(87552K)->0K(87552K) From: 163264K(273408K)->250912K(274944K)
[46.321s][info][gc,heap        ] GC(299) ParOldGen: 6582517K(7280128K)->6582517K(7280128K)
[46.321s][info][gc,metaspace   ] GC(299) Metaspace: 6301K(6464K)->6301K(6464K) NonClass: 5768K(5824K)->5768K(5824K) Class: 533K(640K)->533K(640K)
[46.321s][info][gc             ] GC(299) Pause Young (Allocation Failure) 6673M->6673M(7463M) 138.144ms
[46.321s][info][gc,cpu         ] GC(299) User=0.50s Sys=0.00s Real=0.14s
[46.416s][info][gc,start       ] GC(300) Pause Young (Allocation Failure)
[46.609s][info][gc,heap        ] GC(300) PSYoungGen: 338464K(362496K)->257088K(376320K) Eden: 87552K(87552K)->0K(68608K) From: 250912K(274944K)->257088K(307712K)
[46.609s][info][gc,heap        ] GC(300) ParOldGen: 6582517K(7280128K)->6664645K(7280128K)
[46.609s][info][gc,metaspace   ] GC(300) Metaspace: 6301K(6464K)->6301K(6464K) NonClass: 5768K(5824K)->5768K(5824K) Class: 533K(640K)->533K(640K)
[46.609s][info][gc             ] GC(300) Pause Young (Allocation Failure) 6758M->6759M(7477M) 192.647ms
[46.609s][info][gc,cpu         ] GC(300) User=0.91s Sys=0.09s Real=0.19s
[46.689s][info][gc,start       ] GC(301) Pause Young (Allocation Failure)
[46.863s][info][gc,heap        ] GC(301) PSYoungGen: 325696K(376320K)->244224K(404480K) Eden: 68608K(68608K)->0K(68608K) From: 257088K(307712K)->244224K(335872K)
[46.863s][info][gc,heap        ] GC(301) ParOldGen: 6664645K(7280128K)->6746773K(7280128K)
[46.863s][info][gc,metaspace   ] GC(301) Metaspace: 6301K(6464K)->6301K(6464K) NonClass: 5768K(5824K)->5768K(5824K) Class: 533K(640K)->533K(640K)
[46.863s][info][gc             ] GC(301) Pause Young (Allocation Failure) 6826M->6827M(7504M) 173.893ms
[46.863s][info][gc,cpu         ] GC(301) User=0.84s Sys=0.00s Real=0.17s
[46.933s][info][gc,start       ] GC(302) Pause Young (Allocation Failure)
[47.096s][info][gc,heap        ] GC(302) PSYoungGen: 312832K(404480K)->137600K(397312K) Eden: 68608K(68608K)->0K(77312K) From: 244224K(335872K)->137600K(320000K)
[47.096s][info][gc,heap        ] GC(302) ParOldGen: 6746773K(7280128K)->6923397K(7280128K)
[47.096s][info][gc,metaspace   ] GC(302) Metaspace: 6301K(6464K)->6301K(6464K) NonClass: 5768K(5824K)->5768K(5824K) Class: 533K(640K)->533K(640K)
[47.096s][info][gc             ] GC(302) Pause Young (Allocation Failure) 6894M->6895M(7497M) 162.145ms
[47.096s][info][gc,cpu         ] GC(302) User=0.97s Sys=0.12s Real=0.16s
[47.174s][info][gc,start       ] GC(303) Pause Young (Allocation Failure)
[47.302s][info][gc,heap        ] GC(303) PSYoungGen: 214912K(397312K)->77600K(413696K) Eden: 77312K(77312K)->0K(77312K) From: 137600K(320000K)->77600K(336384K)
[47.302s][info][gc,heap        ] GC(303) ParOldGen: 6923397K(7280128K)->7061805K(7280128K)
[47.302s][info][gc,metaspace   ] GC(303) Metaspace: 6301K(6464K)->6301K(6464K) NonClass: 5768K(5824K)->5768K(5824K) Class: 533K(640K)->533K(640K)
[47.302s][info][gc             ] GC(303) Pause Young (Allocation Failure) 6971M->6972M(7513M) 127.807ms
[47.302s][info][gc,cpu         ] GC(303) User=0.70s Sys=0.06s Real=0.13s
[47.388s][info][gc,start       ] GC(304) Pause Young (Allocation Failure)
[47.500s][info][gc,heap        ] GC(304) PSYoungGen: 154912K(413696K)->77536K(404480K) Eden: 77312K(77312K)->0K(87040K) From: 77600K(336384K)->77536K(317440K)
[47.500s][info][gc,heap        ] GC(304) ParOldGen: 7061805K(7280128K)->7139797K(7280128K)
[47.500s][info][gc,metaspace   ] GC(304) Metaspace: 6301K(6464K)->6301K(6464K) NonClass: 5768K(5824K)->5768K(5824K) Class: 533K(640K)->533K(640K)
[47.500s][info][gc             ] GC(304) Pause Young (Allocation Failure) 7047M->7048M(7504M) 111.797ms
[47.500s][info][gc,cpu         ] GC(304) User=0.42s Sys=0.05s Real=0.11s
[47.500s][info][gc,start       ] GC(305) Pause Full (Ergonomics)
[47.500s][info][gc,phases,start] GC(305) Marking Phase
[49.199s][info][gc,phases      ] GC(305) Marking Phase 1698.745ms
[49.199s][info][gc,phases,start] GC(305) Summary Phase
[49.199s][info][gc,phases      ] GC(305) Summary Phase 0.232ms
[49.199s][info][gc,phases,start] GC(305) Adjust Roots
[49.200s][info][gc,phases      ] GC(305) Adjust Roots 0.570ms
[49.200s][info][gc,phases,start] GC(305) Compaction Phase
[49.921s][info][gc,phases      ] GC(305) Compaction Phase 720.630ms
[49.921s][info][gc,phases,start] GC(305) Post Compact
[49.932s][info][gc,phases      ] GC(305) Post Compact 11.106ms
[49.934s][info][gc,heap        ] GC(305) PSYoungGen: 77536K(404480K)->0K(411648K) Eden: 0K(87040K)->0K(87040K) From: 77536K(317440K)->0K(324608K)
[49.934s][info][gc,heap        ] GC(305) ParOldGen: 7139797K(7280128K)->7212028K(8016384K)
[49.934s][info][gc,metaspace   ] GC(305) Metaspace: 6301K(6464K)->6301K(6464K) NonClass: 5768K(5824K)->5768K(5824K) Class: 533K(640K)->533K(640K)
[49.934s][info][gc             ] GC(305) Pause Full (Ergonomics) 7048M->7042M(8230M) 2433.938ms
[49.934s][info][gc,cpu         ] GC(305) User=17.55s Sys=0.03s Real=2.43s
[50.020s][info][gc,start       ] GC(306) Pause Young (Allocation Failure)
[50.108s][info][gc,heap        ] GC(306) PSYoungGen: 87040K(411648K)->87328K(398848K) Eden: 87040K(87040K)->0K(95232K) From: 0K(324608K)->87328K(303616K)
[50.108s][info][gc,heap        ] GC(306) ParOldGen: 7212028K(8016384K)->7212028K(8016384K)
[50.108s][info][gc,metaspace   ] GC(306) Metaspace: 6301K(6464K)->6301K(6464K) NonClass: 5768K(5824K)->5768K(5824K) Class: 533K(640K)->533K(640K)
[50.108s][info][gc             ] GC(306) Pause Young (Allocation Failure) 7127M->7128M(8218M) 87.317ms
[50.108s][info][gc,cpu         ] GC(306) User=0.23s Sys=0.02s Real=0.09s
[50.210s][info][gc,start       ] GC(307) Pause Young (Allocation Failure)
[50.329s][info][gc,heap        ] GC(307) PSYoungGen: 182560K(398848K)->182752K(410624K) Eden: 95232K(95232K)->0K(95232K) From: 87328K(303616K)->182752K(315392K)
[50.329s][info][gc,heap        ] GC(307) ParOldGen: 7212028K(8016384K)->7212028K(8016384K)
[50.329s][info][gc,metaspace   ] GC(307) Metaspace: 6301K(6464K)->6301K(6464K) NonClass: 5768K(5824K)->5768K(5824K) Class: 533K(640K)->533K(640K)
[50.329s][info][gc             ] GC(307) Pause Young (Allocation Failure) 7221M->7221M(8229M) 118.848ms
[50.329s][info][gc,cpu         ] GC(307) User=0.47s Sys=0.00s Real=0.12s
[50.434s][info][gc,start       ] GC(308) Pause Young (Allocation Failure)
[50.582s][info][gc,heap        ] GC(308) PSYoungGen: 277984K(410624K)->278144K(386048K) Eden: 95232K(95232K)->0K(71168K) From: 182752K(315392K)->278144K(314880K)
[50.582s][info][gc,heap        ] GC(308) ParOldGen: 7212028K(8016384K)->7212028K(8016384K)
[50.582s][info][gc,metaspace   ] GC(308) Metaspace: 6301K(6464K)->6301K(6464K) NonClass: 5768K(5824K)->5768K(5824K) Class: 533K(640K)->533K(640K)
[50.582s][info][gc             ] GC(308) Pause Young (Allocation Failure) 7314M->7314M(8205M) 147.874ms
[50.582s][info][gc,cpu         ] GC(308) User=0.81s Sys=0.00s Real=0.15s
[50.665s][info][gc,start       ] GC(309) Pause Young (Allocation Failure)
[50.833s][info][gc,heap        ] GC(309) PSYoungGen: 349312K(386048K)->262240K(419840K) Eden: 71168K(71168K)->0K(71168K) From: 278144K(314880K)->262240K(348672K)
[50.833s][info][gc,heap        ] GC(309) ParOldGen: 7212028K(8016384K)->7299836K(8016384K)
[50.833s][info][gc,metaspace   ] GC(309) Metaspace: 6301K(6464K)->6301K(6464K) NonClass: 5768K(5824K)->5768K(5824K) Class: 533K(640K)->533K(640K)
[50.833s][info][gc             ] GC(309) Pause Young (Allocation Failure) 7384M->7384M(8238M) 167.887ms
[50.833s][info][gc,cpu         ] GC(309) User=1.11s Sys=0.12s Real=0.17s
[50.914s][info][gc,start       ] GC(310) Pause Young (Allocation Failure)
[51.082s][info][gc,heap        ] GC(310) PSYoungGen: 333408K(419840K)->238112K(442368K) Eden: 71168K(71168K)->0K(72704K) From: 262240K(348672K)->238112K(369664K)
[51.082s][info][gc,heap        ] GC(310) ParOldGen: 7299836K(8016384K)->7395948K(8016384K)
[51.082s][info][gc,metaspace   ] GC(310) Metaspace: 6301K(6464K)->6301K(6464K) NonClass: 5768K(5824K)->5768K(5824K) Class: 533K(640K)->533K(640K)
[51.082s][info][gc             ] GC(310) Pause Young (Allocation Failure) 7454M->7455M(8260M) 167.769ms
[51.082s][info][gc,cpu         ] GC(310) User=1.12s Sys=0.05s Real=0.17s
[51.170s][info][gc,start       ] GC(311) Pause Young (Allocation Failure)
[51.330s][info][gc,heap        ] GC(311) PSYoungGen: 310816K(442368K)->215552K(449024K) Eden: 72704K(72704K)->0K(72704K) From: 238112K(369664K)->215552K(376320K)
[51.331s][info][gc,heap        ] GC(311) ParOldGen: 7395948K(8016384K)->7492044K(8016384K)
[51.331s][info][gc,metaspace   ] GC(311) Metaspace: 6301K(6464K)->6301K(6464K) NonClass: 5768K(5824K)->5768K(5824K) Class: 533K(640K)->533K(640K)
[51.331s][info][gc             ] GC(311) Pause Young (Allocation Failure) 7526M->7526M(8267M) 160.126ms
[51.331s][info][gc,cpu         ] GC(311) User=0.86s Sys=0.05s Real=0.16s
[51.416s][info][gc,start       ] GC(312) Pause Young (Allocation Failure)
[51.568s][info][gc,heap        ] GC(312) PSYoungGen: 288256K(449024K)->217120K(445952K) Eden: 72704K(72704K)->0K(81920K) From: 215552K(376320K)->217120K(364032K)
[51.568s][info][gc,heap        ] GC(312) ParOldGen: 7492044K(8016384K)->7563852K(8016384K)
[51.568s][info][gc,metaspace   ] GC(312) Metaspace: 6301K(6464K)->6301K(6464K) NonClass: 5768K(5824K)->5768K(5824K) Class: 533K(640K)->533K(640K)
[51.568s][info][gc             ] GC(312) Pause Young (Allocation Failure) 7597M->7598M(8264M) 151.465ms
[51.568s][info][gc,cpu         ] GC(312) User=0.69s Sys=0.11s Real=0.15s
[51.673s][info][gc,start       ] GC(313) Pause Young (Allocation Failure)
[51.835s][info][gc,heap        ] GC(313) PSYoungGen: 299040K(445952K)->155040K(237056K) Eden: 81920K(81920K)->0K(81920K) From: 217120K(364032K)->155040K(155136K)
[51.835s][info][gc,heap        ] GC(313) ParOldGen: 7563852K(8016384K)->7708980K(8016384K)
[51.835s][info][gc,metaspace   ] GC(313) Metaspace: 6301K(6464K)->6301K(6464K) NonClass: 5768K(5824K)->5768K(5824K) Class: 533K(640K)->533K(640K)
[51.835s][info][gc             ] GC(313) Pause Young (Allocation Failure) 7678M->7679M(8060M) 162.454ms
[51.835s][info][gc,cpu         ] GC(313) User=1.03s Sys=0.05s Real=0.16s
[51.927s][info][gc,start       ] GC(314) Pause Young (Allocation Failure)
[52.073s][info][gc,heap        ] GC(314) PSYoungGen: 236960K(237056K)->82176K(443392K) Eden: 81920K(81920K)->0K(92160K) From: 155040K(155136K)->82176K(351232K)
[52.073s][info][gc,heap        ] GC(314) ParOldGen: 7708980K(8016384K)->7864956K(8016384K)
[52.073s][info][gc,metaspace   ] GC(314) Metaspace: 6301K(6464K)->6301K(6464K) NonClass: 5768K(5824K)->5768K(5824K) Class: 533K(640K)->533K(640K)
[52.073s][info][gc             ] GC(314) Pause Young (Allocation Failure) 7759M->7760M(8261M) 146.180ms
[52.073s][info][gc,cpu         ] GC(314) User=0.56s Sys=0.16s Real=0.14s
[52.073s][info][gc,start       ] GC(315) Pause Full (Ergonomics)
[52.073s][info][gc,phases,start] GC(315) Marking Phase
[53.981s][info][gc,phases      ] GC(315) Marking Phase 1907.446ms
[53.981s][info][gc,phases,start] GC(315) Summary Phase
[53.981s][info][gc,phases      ] GC(315) Summary Phase 0.143ms
[53.981s][info][gc,phases,start] GC(315) Adjust Roots
[53.981s][info][gc,phases      ] GC(315) Adjust Roots 0.222ms
[53.981s][info][gc,phases,start] GC(315) Compaction Phase
[54.887s][info][gc,phases      ] GC(315) Compaction Phase 905.686ms
[54.887s][info][gc,phases,start] GC(315) Post Compact
[54.899s][info][gc,phases      ] GC(315) Post Compact 11.550ms
[54.901s][info][gc,heap        ] GC(315) PSYoungGen: 82176K(443392K)->0K(444416K) Eden: 0K(92160K)->0K(92160K) From: 82176K(351232K)->0K(352256K)
[54.901s][info][gc,heap        ] GC(315) ParOldGen: 7864956K(8016384K)->7940812K(8836608K)
[54.901s][info][gc,metaspace   ] GC(315) Metaspace: 6301K(6464K)->6301K(6464K) NonClass: 5768K(5824K)->5768K(5824K) Class: 533K(640K)->533K(640K)
[54.901s][info][gc             ] GC(315) Pause Full (Ergonomics) 7760M->7754M(9063M) 2827.853ms
[54.901s][info][gc,cpu         ] GC(315) User=19.91s Sys=0.08s Real=2.83s
[54.999s][info][gc,start       ] GC(316) Pause Young (Allocation Failure)
[55.096s][info][gc,heap        ] GC(316) PSYoungGen: 92160K(444416K)->92480K(439296K) Eden: 92160K(92160K)->0K(100864K) From: 0K(352256K)->92480K(338432K)
[55.096s][info][gc,heap        ] GC(316) ParOldGen: 7940812K(8836608K)->7940812K(8836608K)
[55.096s][info][gc,metaspace   ] GC(316) Metaspace: 6301K(6464K)->6301K(6464K) NonClass: 5768K(5824K)->5768K(5824K) Class: 533K(640K)->533K(640K)
[55.096s][info][gc             ] GC(316) Pause Young (Allocation Failure) 7844M->7845M(9058M) 97.811ms
[55.096s][info][gc,cpu         ] GC(316) User=0.23s Sys=0.00s Real=0.10s
[55.207s][info][gc,start       ] GC(317) Pause Young (Allocation Failure)
[55.335s][info][gc,heap        ] GC(317) PSYoungGen: 193344K(439296K)->193472K(447488K) Eden: 100864K(100864K)->0K(100864K) From: 92480K(338432K)->193472K(346624K)
[55.335s][info][gc,heap        ] GC(317) ParOldGen: 7940812K(8836608K)->7940812K(8836608K)
[55.335s][info][gc,metaspace   ] GC(317) Metaspace: 6301K(6464K)->6301K(6464K) NonClass: 5768K(5824K)->5768K(5824K) Class: 533K(640K)->533K(640K)
[55.335s][info][gc             ] GC(317) Pause Young (Allocation Failure) 7943M->7943M(9066M) 127.224ms
[55.335s][info][gc,cpu         ] GC(317) User=0.48s Sys=0.00s Real=0.13s
[55.444s][info][gc,start       ] GC(318) Pause Young (Allocation Failure)
[55.597s][info][gc,heap        ] GC(318) PSYoungGen: 294336K(447488K)->294528K(420352K) Eden: 100864K(100864K)->0K(80384K) From: 193472K(346624K)->294528K(339968K)
[55.597s][info][gc,heap        ] GC(318) ParOldGen: 7940812K(8836608K)->7940812K(8836608K)
[55.597s][info][gc,metaspace   ] GC(318) Metaspace: 6301K(6464K)->6301K(6464K) NonClass: 5768K(5824K)->5768K(5824K) Class: 533K(640K)->533K(640K)
[55.597s][info][gc             ] GC(318) Pause Young (Allocation Failure) 8042M->8042M(9040M) 152.193ms
[55.597s][info][gc,cpu         ] GC(318) User=0.81s Sys=0.00s Real=0.15s
[55.691s][info][gc,start       ] GC(319) Pause Young (Allocation Failure)
[55.879s][info][gc,heap        ] GC(319) PSYoungGen: 374912K(420352K)->282784K(451072K) Eden: 80384K(80384K)->0K(80384K) From: 294528K(339968K)->282784K(370688K)
[55.879s][info][gc,heap        ] GC(319) ParOldGen: 7940812K(8836608K)->8033820K(8836608K)
[55.879s][info][gc,metaspace   ] GC(319) Metaspace: 6301K(6464K)->6301K(6464K) NonClass: 5768K(5824K)->5768K(5824K) Class: 533K(640K)->533K(640K)
[55.879s][info][gc             ] GC(319) Pause Young (Allocation Failure) 8120M->8121M(9070M) 188.136ms
[55.879s][info][gc,cpu         ] GC(319) User=1.11s Sys=0.08s Real=0.19s
[55.972s][info][gc,start       ] GC(320) Pause Young (Allocation Failure)
[56.163s][info][gc,heap        ] GC(320) PSYoungGen: 363168K(451072K)->262240K(472576K) Eden: 80384K(80384K)->0K(81920K) From: 282784K(370688K)->262240K(390656K)
[56.163s][info][gc,heap        ] GC(320) ParOldGen: 8033820K(8836608K)->8135588K(8836608K)
[56.164s][info][gc,metaspace   ] GC(320) Metaspace: 6301K(6464K)->6301K(6464K) NonClass: 5768K(5824K)->5768K(5824K) Class: 533K(640K)->533K(640K)
[56.164s][info][gc             ] GC(320) Pause Young (Allocation Failure) 8200M->8201M(9091M) 191.190ms
[56.164s][info][gc,cpu         ] GC(320) User=1.19s Sys=0.06s Real=0.19s
[56.252s][info][gc,start       ] GC(321) Pause Young (Allocation Failure)
[56.428s][info][gc,heap        ] GC(321) PSYoungGen: 344160K(472576K)->243232K(480256K) Eden: 81920K(81920K)->0K(81920K) From: 262240K(390656K)->243232K(398336K)
[56.428s][info][gc,heap        ] GC(321) ParOldGen: 8135588K(8836608K)->8237380K(8836608K)
[56.428s][info][gc,metaspace   ] GC(321) Metaspace: 6301K(6464K)->6301K(6464K) NonClass: 5768K(5824K)->5768K(5824K) Class: 533K(640K)->533K(640K)
[56.428s][info][gc             ] GC(321) Pause Young (Allocation Failure) 8281M->8281M(9098M) 176.117ms
[56.428s][info][gc,cpu         ] GC(321) User=1.17s Sys=0.05s Real=0.18s
[56.528s][info][gc,start       ] GC(322) Pause Young (Allocation Failure)
[56.708s][info][gc,heap        ] GC(322) PSYoungGen: 325152K(480256K)->244768K(481792K) Eden: 81920K(81920K)->0K(92160K) From: 243232K(398336K)->244768K(389632K)
[56.708s][info][gc,heap        ] GC(322) ParOldGen: 8237380K(8836608K)->8318492K(8836608K)
[56.708s][info][gc,metaspace   ] GC(322) Metaspace: 6301K(6464K)->6301K(6464K) NonClass: 5768K(5824K)->5768K(5824K) Class: 533K(640K)->533K(640K)
[56.708s][info][gc             ] GC(322) Pause Young (Allocation Failure) 8361M->8362M(9100M) 180.291ms
[56.708s][info][gc,cpu         ] GC(322) User=1.03s Sys=0.02s Real=0.18s
[56.808s][info][gc,start       ] GC(323) Pause Young (Allocation Failure)
[56.991s][info][gc,heap        ] GC(323) PSYoungGen: 336928K(481792K)->174528K(266752K) Eden: 92160K(92160K)->0K(92160K) From: 244768K(389632K)->174528K(174592K)
[56.991s][info][gc,heap        ] GC(323) ParOldGen: 8318492K(8836608K)->8482244K(8836608K)
[56.991s][info][gc,metaspace   ] GC(323) Metaspace: 6301K(6464K)->6301K(6464K) NonClass: 5768K(5824K)->5768K(5824K) Class: 533K(640K)->533K(640K)
[56.991s][info][gc             ] GC(323) Pause Young (Allocation Failure) 8452M->8453M(8890M) 183.243ms
[56.991s][info][gc,cpu         ] GC(323) User=1.33s Sys=0.06s Real=0.18s
[57.092s][info][gc,start       ] GC(324) Pause Young (Allocation Failure)
[57.255s][info][gc,heap        ] GC(324) PSYoungGen: 266688K(266752K)->92448K(481792K) Eden: 92160K(92160K)->0K(102912K) From: 174528K(174592K)->92448K(378880K)
[57.255s][info][gc,heap        ] GC(324) ParOldGen: 8482244K(8836608K)->8657876K(8836608K)
[57.255s][info][gc,metaspace   ] GC(324) Metaspace: 6301K(6464K)->6301K(6464K) NonClass: 5768K(5824K)->5768K(5824K) Class: 533K(640K)->533K(640K)
[57.255s][info][gc             ] GC(324) Pause Young (Allocation Failure) 8543M->8545M(9100M) 162.645ms
[57.255s][info][gc,cpu         ] GC(324) User=0.97s Sys=0.03s Real=0.16s
[57.255s][info][gc,start       ] GC(325) Pause Full (Ergonomics)
[57.255s][info][gc,phases,start] GC(325) Marking Phase
[59.393s][info][gc,phases      ] GC(325) Marking Phase 2137.665ms
[59.393s][info][gc,phases,start] GC(325) Summary Phase
[59.393s][info][gc,phases      ] GC(325) Summary Phase 0.134ms
[59.393s][info][gc,phases,start] GC(325) Adjust Roots
[59.393s][info][gc,phases      ] GC(325) Adjust Roots 0.204ms
[59.393s][info][gc,phases,start] GC(325) Compaction Phase
[60.283s][info][gc,phases      ] GC(325) Compaction Phase 889.594ms
[60.283s][info][gc,phases,start] GC(325) Post Compact
[60.297s][info][gc,phases      ] GC(325) Post Compact 13.701ms
[60.300s][info][gc,heap        ] GC(325) PSYoungGen: 92448K(481792K)->0K(482816K) Eden: 0K(102912K)->0K(102912K) From: 92448K(378880K)->0K(379904K)
[60.300s][info][gc,heap        ] GC(325) ParOldGen: 8657876K(8836608K)->8743354K(9736704K)
[60.300s][info][gc,metaspace   ] GC(325) Metaspace: 6301K(6464K)->6301K(6464K) NonClass: 5768K(5824K)->5768K(5824K) Class: 533K(640K)->533K(640K)
[60.300s][info][gc             ] GC(325) Pause Full (Ergonomics) 8545M->8538M(9980M) 3044.771ms
[60.300s][info][gc,cpu         ] GC(325) User=22.48s Sys=0.09s Real=3.05s
[60.417s][info][gc,start       ] GC(326) Pause Young (Allocation Failure)
[60.509s][info][gc,heap        ] GC(326) PSYoungGen: 102912K(482816K)->103232K(481792K) Eden: 102912K(102912K)->0K(113152K) From: 0K(379904K)->103232K(368640K)
[60.509s][info][gc,heap        ] GC(326) ParOldGen: 8743354K(9736704K)->8743354K(9736704K)
[60.509s][info][gc,metaspace   ] GC(326) Metaspace: 6301K(6464K)->6301K(6464K) NonClass: 5768K(5824K)->5768K(5824K) Class: 533K(640K)->533K(640K)
[60.509s][info][gc             ] GC(326) Pause Young (Allocation Failure) 8638M->8639M(9979M) 92.817ms
[60.509s][info][gc,cpu         ] GC(326) User=0.30s Sys=0.00s Real=0.09s
[60.637s][info][gc,start       ] GC(327) Pause Young (Allocation Failure)
[60.768s][info][gc,heap        ] GC(327) PSYoungGen: 216384K(481792K)->216576K(488960K) Eden: 113152K(113152K)->0K(113152K) From: 103232K(368640K)->216576K(375808K)
[60.768s][info][gc,heap        ] GC(327) ParOldGen: 8743354K(9736704K)->8743354K(9736704K)
[60.768s][info][gc,metaspace   ] GC(327) Metaspace: 6301K(6464K)->6301K(6464K) NonClass: 5768K(5824K)->5768K(5824K) Class: 533K(640K)->533K(640K)
[60.768s][info][gc             ] GC(327) Pause Young (Allocation Failure) 8749M->8749M(9986M) 131.273ms
[60.768s][info][gc,cpu         ] GC(327) User=0.78s Sys=0.00s Real=0.13s
[60.895s][info][gc,start       ] GC(328) Pause Young (Allocation Failure)
[61.077s][info][gc,heap        ] GC(328) PSYoungGen: 329728K(488960K)->329952K(458240K) Eden: 113152K(113152K)->0K(89088K) From: 216576K(375808K)->329952K(369152K)
[61.078s][info][gc,heap        ] GC(328) ParOldGen: 8743354K(9736704K)->8743354K(9736704K)
[61.078s][info][gc,metaspace   ] GC(328) Metaspace: 6301K(6464K)->6301K(6464K) NonClass: 5768K(5824K)->5768K(5824K) Class: 533K(640K)->533K(640K)
[61.078s][info][gc             ] GC(328) Pause Young (Allocation Failure) 8860M->8860M(9956M) 182.381ms
[61.078s][info][gc,cpu         ] GC(328) User=1.20s Sys=0.05s Real=0.18s
[61.177s][info][gc,start       ] GC(329) Pause Young (Allocation Failure)
[61.416s][info][gc,heap        ] GC(329) PSYoungGen: 419040K(458240K)->316096K(493568K) Eden: 89088K(89088K)->0K(89088K) From: 329952K(369152K)->316096K(404480K)
[61.416s][info][gc,heap        ] GC(329) ParOldGen: 8743354K(9736704K)->8847194K(9736704K)
[61.416s][info][gc,metaspace   ] GC(329) Metaspace: 6301K(6464K)->6301K(6464K) NonClass: 5768K(5824K)->5768K(5824K) Class: 533K(640K)->533K(640K)
[61.416s][info][gc             ] GC(329) Pause Young (Allocation Failure) 8947M->8948M(9990M) 238.786ms
[61.416s][info][gc,cpu         ] GC(329) User=1.53s Sys=0.08s Real=0.24s
[61.531s][info][gc,start       ] GC(330) Pause Young (Allocation Failure)
[61.769s][info][gc,heap        ] GC(330) PSYoungGen: 405184K(493568K)->292000K(518144K) Eden: 89088K(89088K)->0K(91136K) From: 316096K(404480K)->292000K(427008K)
[61.769s][info][gc,heap        ] GC(330) ParOldGen: 8847194K(9736704K)->8961354K(9736704K)
[61.769s][info][gc,metaspace   ] GC(330) Metaspace: 6301K(6464K)->6301K(6464K) NonClass: 5768K(5824K)->5768K(5824K) Class: 533K(640K)->533K(640K)
[61.769s][info][gc             ] GC(330) Pause Young (Allocation Failure) 9035M->9036M(10014M) 237.903ms
[61.769s][info][gc,cpu         ] GC(330) User=1.47s Sys=0.02s Real=0.24s
[61.868s][info][gc,start       ] GC(331) Pause Young (Allocation Failure)
[62.075s][info][gc,heap        ] GC(331) PSYoungGen: 383136K(518144K)->269920K(526336K) Eden: 91136K(91136K)->0K(91136K) From: 292000K(427008K)->269920K(435200K)
[62.075s][info][gc,heap        ] GC(331) ParOldGen: 8961354K(9736704K)->9075530K(9736704K)
[62.075s][info][gc,metaspace   ] GC(331) Metaspace: 6301K(6464K)->6301K(6464K) NonClass: 5768K(5824K)->5768K(5824K) Class: 533K(640K)->533K(640K)
[62.075s][info][gc             ] GC(331) Pause Young (Allocation Failure) 9125M->9126M(10022M) 207.323ms
[62.075s][info][gc,cpu         ] GC(331) User=1.27s Sys=0.03s Real=0.21s
[62.186s][info][gc,start       ] GC(332) Pause Young (Allocation Failure)
[62.393s][info][gc,heap        ] GC(332) PSYoungGen: 361056K(526336K)->182752K(508416K) Eden: 91136K(91136K)->0K(102912K) From: 269920K(435200K)->182752K(405504K)
[62.393s][info][gc,heap        ] GC(332) ParOldGen: 9075530K(9736704K)->9255282K(9736704K)
[62.393s][info][gc,metaspace   ] GC(332) Metaspace: 6301K(6464K)->6301K(6464K) NonClass: 5768K(5824K)->5768K(5824K) Class: 533K(640K)->533K(640K)
[62.393s][info][gc             ] GC(332) Pause Young (Allocation Failure) 9215M->9216M(10005M) 207.310ms
[62.393s][info][gc,cpu         ] GC(332) User=1.31s Sys=0.11s Real=0.21s
[62.509s][info][gc,start       ] GC(333) Pause Young (Allocation Failure)
[62.687s][info][gc,heap        ] GC(333) PSYoungGen: 285664K(508416K)->103200K(521728K) Eden: 102912K(102912K)->0K(102912K) From: 182752K(405504K)->103200K(418816K)
[62.687s][info][gc,heap        ] GC(333) ParOldGen: 9255282K(9736704K)->9439130K(9736704K)
[62.687s][info][gc,metaspace   ] GC(333) Metaspace: 6301K(6464K)->6301K(6464K) NonClass: 5768K(5824K)->5768K(5824K) Class: 533K(640K)->533K(640K)
[62.688s][info][gc             ] GC(333) Pause Young (Allocation Failure) 9317M->9318M(10018M) 178.101ms
[62.688s][info][gc,cpu         ] GC(333) User=1.02s Sys=0.08s Real=0.18s
[62.807s][info][gc,start       ] GC(334) Pause Young (Allocation Failure)
[62.937s][info][gc,heap        ] GC(334) PSYoungGen: 206112K(521728K)->103232K(527872K) Eden: 102912K(102912K)->0K(115712K) From: 103200K(418816K)->103232K(412160K)
[62.937s][info][gc,heap        ] GC(334) ParOldGen: 9439130K(9736704K)->9542978K(9736704K)
[62.937s][info][gc,metaspace   ] GC(334) Metaspace: 6301K(6464K)->6301K(6464K) NonClass: 5768K(5824K)->5768K(5824K) Class: 533K(640K)->533K(640K)
[62.937s][info][gc             ] GC(334) Pause Young (Allocation Failure) 9419M->9420M(10024M) 130.065ms
[62.937s][info][gc,cpu         ] GC(334) User=0.69s Sys=0.03s Real=0.13s
[62.937s][info][gc,start       ] GC(335) Pause Full (Ergonomics)
[62.937s][info][gc,phases,start] GC(335) Marking Phase
[65.318s][info][gc,phases      ] GC(335) Marking Phase 2380.695ms
[65.318s][info][gc,phases,start] GC(335) Summary Phase
[65.318s][info][gc,phases      ] GC(335) Summary Phase 0.230ms
[65.318s][info][gc,phases,start] GC(335) Adjust Roots
[65.318s][info][gc,phases      ] GC(335) Adjust Roots 0.239ms
[65.319s][info][gc,phases,start] GC(335) Compaction Phase
[66.298s][info][gc,phases      ] GC(335) Compaction Phase 979.808ms
[66.298s][info][gc,phases,start] GC(335) Post Compact
[66.314s][info][gc,phases      ] GC(335) Post Compact 15.149ms
[66.317s][info][gc,heap        ] GC(335) PSYoungGen: 103232K(527872K)->0K(531456K) Eden: 0K(115712K)->0K(115712K) From: 103232K(412160K)->0K(415744K)
[66.317s][info][gc,heap        ] GC(335) ParOldGen: 9542978K(9736704K)->9638570K(10729984K)
[66.317s][info][gc,metaspace   ] GC(335) Metaspace: 6301K(6464K)->6301K(6464K) NonClass: 5768K(5824K)->5768K(5824K) Class: 533K(640K)->533K(640K)
[66.317s][info][gc             ] GC(335) Pause Full (Ergonomics) 9420M->9412M(10997M) 3379.554ms
[66.317s][info][gc,cpu         ] GC(335) User=25.12s Sys=0.05s Real=3.38s
[66.454s][info][gc,start       ] GC(336) Pause Young (Allocation Failure)
[66.561s][info][gc,heap        ] GC(336) PSYoungGen: 115712K(531456K)->116064K(523264K) Eden: 115712K(115712K)->0K(126464K) From: 0K(415744K)->116064K(396800K)
[66.561s][info][gc,heap        ] GC(336) ParOldGen: 9638570K(10729984K)->9638570K(10729984K)
[66.561s][info][gc,metaspace   ] GC(336) Metaspace: 6301K(6464K)->6301K(6464K) NonClass: 5768K(5824K)->5768K(5824K) Class: 533K(640K)->533K(640K)
[66.561s][info][gc             ] GC(336) Pause Young (Allocation Failure) 9525M->9526M(10989M) 106.573ms
[66.561s][info][gc,cpu         ] GC(336) User=0.31s Sys=0.00s Real=0.11s
[66.696s][info][gc,start       ] GC(337) Pause Young (Allocation Failure)
[66.847s][info][gc,heap        ] GC(337) PSYoungGen: 242528K(523264K)->242784K(534528K) Eden: 126464K(126464K)->0K(126464K) From: 116064K(396800K)->242784K(408064K)
[66.847s][info][gc,heap        ] GC(337) ParOldGen: 9638570K(10729984K)->9638570K(10729984K)
[66.847s][info][gc,metaspace   ] GC(337) Metaspace: 6301K(6464K)->6301K(6464K) NonClass: 5768K(5824K)->5768K(5824K) Class: 533K(640K)->533K(640K)
[66.847s][info][gc             ] GC(337) Pause Young (Allocation Failure) 9649M->9649M(11000M) 150.386ms
[66.847s][info][gc,cpu         ] GC(337) User=0.69s Sys=0.00s Real=0.15s
[66.987s][info][gc,start       ] GC(338) Pause Young (Allocation Failure)
[67.193s][info][gc,heap        ] GC(338) PSYoungGen: 369248K(534528K)->369504K(500736K) Eden: 126464K(126464K)->0K(95232K) From: 242784K(408064K)->369504K(405504K)
[67.193s][info][gc,heap        ] GC(338) ParOldGen: 9638570K(10729984K)->9638570K(10729984K)
[67.193s][info][gc,metaspace   ] GC(338) Metaspace: 6301K(6464K)->6301K(6464K) NonClass: 5768K(5824K)->5768K(5824K) Class: 533K(640K)->533K(640K)
[67.193s][info][gc             ] GC(338) Pause Young (Allocation Failure) 9773M->9773M(10967M) 205.359ms
[67.193s][info][gc,cpu         ] GC(338) User=1.38s Sys=0.05s Real=0.21s
[67.307s][info][gc,start       ] GC(339) Pause Young (Allocation Failure)
[67.563s][info][gc,heap        ] GC(339) PSYoungGen: 464736K(500736K)->449024K(544256K) Eden: 95232K(95232K)->0K(95232K) From: 369504K(405504K)->449024K(449024K)
[67.563s][info][gc,heap        ] GC(339) ParOldGen: 9638570K(10729984K)->9654490K(10729984K)
[67.563s][info][gc,metaspace   ] GC(339) Metaspace: 6301K(6464K)->6301K(6464K) NonClass: 5768K(5824K)->5768K(5824K) Class: 533K(640K)->533K(640K)
[67.563s][info][gc             ] GC(339) Pause Young (Allocation Failure) 9866M->9866M(11010M) 256.672ms
[67.563s][info][gc,cpu         ] GC(339) User=1.88s Sys=0.00s Real=0.26s
[67.674s][info][gc,start       ] GC(340) Pause Young (Allocation Failure)
[67.996s][info][gc,heap        ] GC(340) PSYoungGen: 544256K(544256K)->309824K(624128K) Eden: 95232K(95232K)->0K(107008K) From: 449024K(449024K)->309824K(517120K)
[67.996s][info][gc,heap        ] GC(340) ParOldGen: 9654490K(10729984K)->9890922K(10729984K)
[67.996s][info][gc,metaspace   ] GC(340) Metaspace: 6301K(6464K)->6301K(6464K) NonClass: 5768K(5824K)->5768K(5824K) Class: 533K(640K)->533K(640K)
[67.996s][info][gc             ] GC(340) Pause Young (Allocation Failure) 9959M->9961M(11088M) 322.250ms
[67.996s][info][gc,cpu         ] GC(340) User=2.20s Sys=0.20s Real=0.32s
[68.125s][info][gc,start       ] GC(341) Pause Young (Allocation Failure)
[68.368s][info][gc,heap        ] GC(341) PSYoungGen: 416832K(624128K)->294112K(624640K) Eden: 107008K(107008K)->0K(107008K) From: 309824K(517120K)->294112K(517632K)
[68.368s][info][gc,heap        ] GC(341) ParOldGen: 9890922K(10729984K)->10014794K(10729984K)
[68.368s][info][gc,metaspace   ] GC(341) Metaspace: 6301K(6464K)->6301K(6464K) NonClass: 5768K(5824K)->5768K(5824K) Class: 533K(640K)->533K(640K)
[68.368s][info][gc             ] GC(341) Pause Young (Allocation Failure) 10066M->10067M(11088M) 243.173ms
[68.368s][info][gc,cpu         ] GC(341) User=1.50s Sys=0.14s Real=0.24s
[68.502s][info][gc,start       ] GC(342) Pause Young (Allocation Failure)
[68.756s][info][gc,heap        ] GC(342) PSYoungGen: 401120K(624640K)->214592K(589824K) Eden: 107008K(107008K)->0K(120832K) From: 294112K(517632K)->214592K(468992K)
[68.756s][info][gc,heap        ] GC(342) ParOldGen: 10014794K(10729984K)->10202842K(10729984K)
[68.756s][info][gc,metaspace   ] GC(342) Metaspace: 6301K(6464K)->6301K(6464K) NonClass: 5768K(5824K)->5768K(5824K) Class: 533K(640K)->533K(640K)
[68.756s][info][gc             ] GC(342) Pause Young (Allocation Failure) 10171M->10173M(11054M) 254.243ms
[68.756s][info][gc,cpu         ] GC(342) User=1.48s Sys=0.08s Real=0.26s
[68.898s][info][gc,start       ] GC(343) Pause Young (Allocation Failure)
[69.102s][info][gc,heap        ] GC(343) PSYoungGen: 335424K(589824K)->121184K(609280K) Eden: 120832K(120832K)->0K(120832K) From: 214592K(468992K)->121184K(488448K)
[69.102s][info][gc,heap        ] GC(343) ParOldGen: 10202842K(10729984K)->10418834K(10729984K)
[69.102s][info][gc,metaspace   ] GC(343) Metaspace: 6301K(6464K)->6301K(6464K) NonClass: 5768K(5824K)->5768K(5824K) Class: 533K(640K)->533K(640K)
[69.102s][info][gc             ] GC(343) Pause Young (Allocation Failure) 10291M->10292M(11073M) 204.299ms
[69.102s][info][gc,cpu         ] GC(343) User=1.28s Sys=0.09s Real=0.20s
[69.251s][info][gc,start       ] GC(344) Pause Young (Allocation Failure)
[69.409s][info][gc,heap        ] GC(344) PSYoungGen: 242016K(609280K)->121216K(608768K) Eden: 120832K(120832K)->0K(135680K) From: 121184K(488448K)->121216K(473088K)
[69.409s][info][gc,heap        ] GC(344) ParOldGen: 10418834K(10729984K)->10540786K(10729984K)
[69.409s][info][gc,metaspace   ] GC(344) Metaspace: 6301K(6464K)->6301K(6464K) NonClass: 5768K(5824K)->5768K(5824K) Class: 533K(640K)->533K(640K)
[69.409s][info][gc             ] GC(344) Pause Young (Allocation Failure) 10410M->10412M(11073M) 157.735ms
[69.409s][info][gc,cpu         ] GC(344) User=0.92s Sys=0.03s Real=0.16s
[69.409s][info][gc,start       ] GC(345) Pause Full (Ergonomics)
[69.409s][info][gc,phases,start] GC(345) Marking Phase
[72.160s][info][gc,phases      ] GC(345) Marking Phase 2751.259ms
[72.160s][info][gc,phases,start] GC(345) Summary Phase
[72.160s][info][gc,phases      ] GC(345) Summary Phase 0.168ms
[72.160s][info][gc,phases,start] GC(345) Adjust Roots
[72.161s][info][gc,phases      ] GC(345) Adjust Roots 0.227ms
[72.161s][info][gc,phases,start] GC(345) Compaction Phase
[73.222s][info][gc,phases      ] GC(345) Compaction Phase 1061.808ms
[73.222s][info][gc,phases,start] GC(345) Post Compact
[73.239s][info][gc,phases      ] GC(345) Post Compact 16.737ms
[73.243s][info][gc,heap        ] GC(345) PSYoungGen: 121216K(608768K)->0K(615424K) Eden: 0K(135680K)->0K(135680K) From: 121216K(473088K)->0K(479744K)
[73.243s][info][gc,heap        ] GC(345) ParOldGen: 10540786K(10729984K)->10653090K(11885568K)
[73.243s][info][gc,metaspace   ] GC(345) Metaspace: 6301K(6464K)->6301K(6464K) NonClass: 5768K(5824K)->5768K(5824K) Class: 533K(640K)->533K(640K)
[73.243s][info][gc             ] GC(345) Pause Full (Ergonomics) 10412M->10403M(12208M) 3834.001ms
[73.243s][info][gc,cpu         ] GC(345) User=27.89s Sys=0.08s Real=3.83s
[73.403s][info][gc,start       ] GC(346) Pause Young (Allocation Failure)
[73.514s][info][gc,heap        ] GC(346) PSYoungGen: 135680K(615424K)->136000K(602112K) Eden: 135680K(135680K)->0K(147968K) From: 0K(479744K)->136000K(454144K)
[73.514s][info][gc,heap        ] GC(346) ParOldGen: 10653090K(11885568K)->10653090K(11885568K)
[73.514s][info][gc,metaspace   ] GC(346) Metaspace: 6301K(6464K)->6301K(6464K) NonClass: 5768K(5824K)->5768K(5824K) Class: 533K(640K)->533K(640K)
[73.514s][info][gc             ] GC(346) Pause Young (Allocation Failure) 10535M->10536M(12195M) 110.269ms
[73.514s][info][gc,cpu         ] GC(346) User=0.56s Sys=0.00s Real=0.11s
[73.686s][info][gc,start       ] GC(347) Pause Young (Allocation Failure)
[73.859s][info][gc,heap        ] GC(347) PSYoungGen: 283968K(602112K)->284288K(616960K) Eden: 147968K(147968K)->0K(147968K) From: 136000K(454144K)->284288K(468992K)
[73.859s][info][gc,heap        ] GC(347) ParOldGen: 10653090K(11885568K)->10653090K(11885568K)
[73.859s][info][gc,metaspace   ] GC(347) Metaspace: 6301K(6464K)->6301K(6464K) NonClass: 5768K(5824K)->5768K(5824K) Class: 533K(640K)->533K(640K)
[73.859s][info][gc             ] GC(347) Pause Young (Allocation Failure) 10680M->10681M(12209M) 173.028ms
[73.859s][info][gc,cpu         ] GC(347) User=0.95s Sys=0.00s Real=0.17s
[74.039s][info][gc,start       ] GC(348) Pause Young (Allocation Failure)
[74.286s][info][gc,heap        ] GC(348) PSYoungGen: 432256K(616960K)->432544K(578048K) Eden: 147968K(147968K)->0K(108544K) From: 284288K(468992K)->432544K(469504K)
[74.286s][info][gc,heap        ] GC(348) ParOldGen: 10653090K(11885568K)->10653090K(11885568K)
[74.286s][info][gc,metaspace   ] GC(348) Metaspace: 6301K(6464K)->6301K(6464K) NonClass: 5768K(5824K)->5768K(5824K) Class: 533K(640K)->533K(640K)
[74.286s][info][gc             ] GC(348) Pause Young (Allocation Failure) 10825M->10825M(12171M) 247.573ms
[74.286s][info][gc,cpu         ] GC(348) User=1.77s Sys=0.02s Real=0.25s
[74.407s][info][gc,start       ] GC(349) Pause Young (Allocation Failure)
[74.735s][info][gc,heap        ] GC(349) PSYoungGen: 541088K(578048K)->522752K(631296K) Eden: 108544K(108544K)->0K(108544K) From: 432544K(469504K)->522752K(522752K)
[74.735s][info][gc,heap        ] GC(349) ParOldGen: 10653090K(11885568K)->10671674K(11885568K)
[74.735s][info][gc,metaspace   ] GC(349) Metaspace: 6301K(6464K)->6301K(6464K) NonClass: 5768K(5824K)->5768K(5824K) Class: 533K(640K)->533K(640K)
[74.735s][info][gc             ] GC(349) Pause Young (Allocation Failure) 10931M->10932M(12223M) 328.484ms
[74.736s][info][gc,cpu         ] GC(349) User=2.09s Sys=0.00s Real=0.33s
[74.875s][info][gc,start       ] GC(350) Pause Young (Allocation Failure)
[75.258s][info][gc,heap        ] GC(350) PSYoungGen: 631296K(631296K)->356800K(724480K) Eden: 108544K(108544K)->0K(121856K) From: 522752K(522752K)->356800K(602624K)
[75.258s][info][gc,heap        ] GC(350) ParOldGen: 10671674K(11885568K)->10948538K(11885568K)
[75.258s][info][gc,metaspace   ] GC(350) Metaspace: 6301K(6464K)->6301K(6464K) NonClass: 5768K(5824K)->5768K(5824K) Class: 533K(640K)->533K(640K)
[75.259s][info][gc             ] GC(350) Pause Young (Allocation Failure) 11038M->11040M(12314M) 383.011ms
[75.259s][info][gc,cpu         ] GC(350) User=2.61s Sys=0.19s Real=0.38s
[75.404s][info][gc,start       ] GC(351) Pause Young (Allocation Failure)
[75.697s][info][gc,heap        ] GC(351) PSYoungGen: 478656K(724480K)->335712K(725504K) Eden: 121856K(121856K)->0K(121856K) From: 356800K(602624K)->335712K(603648K)
[75.697s][info][gc,heap        ] GC(351) ParOldGen: 10948538K(11885568K)->11092714K(11885568K)
[75.697s][info][gc,metaspace   ] GC(351) Metaspace: 6301K(6464K)->6301K(6464K) NonClass: 5768K(5824K)->5768K(5824K) Class: 533K(640K)->533K(640K)
[75.697s][info][gc             ] GC(351) Pause Young (Allocation Failure) 11159M->11160M(12315M) 293.510ms
[75.697s][info][gc,cpu         ] GC(351) User=1.91s Sys=0.08s Real=0.29s
[75.856s][info][gc,start       ] GC(352) Pause Young (Allocation Failure)
[77.043s][info][gc,heap        ] GC(352) PSYoungGen: 457568K(725504K)->244288K(685056K) Eden: 121856K(121856K)->0K(138752K) From: 335712K(603648K)->244288K(546304K)
[77.043s][info][gc,heap        ] GC(352) ParOldGen: 11092714K(11885568K)->11307746K(11885568K)
[77.043s][info][gc,metaspace   ] GC(352) Metaspace: 6301K(6464K)->6301K(6464K) NonClass: 5768K(5824K)->5768K(5824K) Class: 533K(640K)->533K(640K)
[77.043s][info][gc             ] GC(352) Pause Young (Allocation Failure) 11279M->11281M(12276M) 1187.462ms
[77.043s][info][gc,cpu         ] GC(352) User=1.41s Sys=4.23s Real=1.19s
[83.551s][info][gc,start       ] GC(353) Pause Full (Ergonomics)
[83.551s][info][gc,phases,start] GC(353) Marking Phase
[87.402s][info][gc,phases      ] GC(353) Marking Phase 3850.566ms
[87.402s][info][gc,phases,start] GC(353) Summary Phase
[87.402s][info][gc,phases      ] GC(353) Summary Phase 0.214ms
[87.402s][info][gc,phases,start] GC(353) Adjust Roots
[87.404s][info][gc,phases      ] GC(353) Adjust Roots 1.612ms
[87.404s][info][gc,phases,start] GC(353) Compaction Phase
[89.848s][info][gc,phases      ] GC(353) Compaction Phase 2444.262ms
[89.848s][info][gc,phases,start] GC(353) Post Compact
[89.892s][info][gc,phases      ] GC(353) Post Compact 44.155ms
[89.893s][info][gc,heap        ] GC(353) PSYoungGen: 383040K(685056K)->60722K(704512K) Eden: 138752K(138752K)->0K(158208K) From: 244288K(546304K)->60722K(546304K)
[89.893s][info][gc,heap        ] GC(353) ParOldGen: 11832034K(11885568K)->11885424K(12015104K)
[89.893s][info][gc,metaspace   ] GC(353) Metaspace: 6301K(6464K)->6301K(6464K) NonClass: 5768K(5824K)->5768K(5824K) Class: 533K(640K)->533K(640K)
[89.893s][info][gc             ] GC(353) Pause Full (Ergonomics) 11928M->11666M(12421M) 6342.147ms
[89.893s][info][gc,cpu         ] GC(353) User=31.83s Sys=7.41s Real=6.34s
[90.073s][info][gc,start       ] GC(354) Pause Full (Ergonomics)
[90.073s][info][gc,phases,start] GC(354) Marking Phase
[93.022s][info][gc,phases      ] GC(354) Marking Phase 2949.157ms
[93.022s][info][gc,phases,start] GC(354) Summary Phase
[93.022s][info][gc,phases      ] GC(354) Summary Phase 0.127ms
[93.022s][info][gc,phases,start] GC(354) Adjust Roots
[93.022s][info][gc,phases      ] GC(354) Adjust Roots 0.201ms
[93.022s][info][gc,phases,start] GC(354) Compaction Phase
[94.213s][info][gc,phases      ] GC(354) Compaction Phase 1190.899ms
[94.213s][info][gc,phases,start] GC(354) Post Compact
[94.233s][info][gc,phases      ] GC(354) Post Compact 19.899ms
[94.233s][info][gc,heap        ] GC(354) PSYoungGen: 218930K(704512K)->89388K(726528K) Eden: 158208K(158208K)->89388K(158208K) From: 60722K(546304K)->0K(568320K)
[94.233s][info][gc,heap        ] GC(354) ParOldGen: 11885424K(12015104K)->12014938K(12015104K)
[94.234s][info][gc,metaspace   ] GC(354) Metaspace: 6301K(6464K)->6301K(6464K) NonClass: 5768K(5824K)->5768K(5824K) Class: 533K(640K)->533K(640K)
[94.234s][info][gc             ] GC(354) Pause Full (Ergonomics) 11820M->11820M(12443M) 4160.781ms
[94.234s][info][gc,cpu         ] GC(354) User=29.59s Sys=0.03s Real=4.16s
[94.305s][info][gc,start       ] GC(355) Pause Full (Ergonomics)
[94.305s][info][gc,phases,start] GC(355) Marking Phase
[97.267s][info][gc,phases      ] GC(355) Marking Phase 2961.287ms
[97.267s][info][gc,phases,start] GC(355) Summary Phase
[97.267s][info][gc,phases      ] GC(355) Summary Phase 0.148ms
[97.267s][info][gc,phases,start] GC(355) Adjust Roots
[97.267s][info][gc,phases      ] GC(355) Adjust Roots 0.284ms
[97.267s][info][gc,phases,start] GC(355) Compaction Phase
[98.514s][info][gc,phases      ] GC(355) Compaction Phase 1247.050ms
[98.514s][info][gc,phases,start] GC(355) Post Compact
[98.534s][info][gc,phases      ] GC(355) Post Compact 19.231ms
[98.534s][info][gc,heap        ] GC(355) PSYoungGen: 158208K(726528K)->158195K(704512K) Eden: 158208K(158208K)->158195K(158208K) From: 0K(568320K)->0K(546304K)
[98.534s][info][gc,heap        ] GC(355) ParOldGen: 12014938K(12015104K)->12014938K(12015104K)
[98.534s][info][gc,metaspace   ] GC(355) Metaspace: 6301K(6464K)->6301K(6464K) NonClass: 5768K(5824K)->5768K(5824K) Class: 533K(640K)->533K(640K)
[98.534s][info][gc             ] GC(355) Pause Full (Ergonomics) 11887M->11887M(12421M) 4228.419ms
[98.534s][info][gc,cpu         ] GC(355) User=28.80s Sys=0.00s Real=4.23s
[98.534s][info][gc,start       ] GC(356) Pause Full (Ergonomics)
[98.534s][info][gc,phases,start] GC(356) Marking Phase
[101.498s][info][gc,phases      ] GC(356) Marking Phase 2963.430ms
[101.498s][info][gc,phases,start] GC(356) Summary Phase
[101.498s][info][gc,phases      ] GC(356) Summary Phase 0.175ms
[101.498s][info][gc,phases,start] GC(356) Adjust Roots
[101.498s][info][gc,phases      ] GC(356) Adjust Roots 0.254ms
[101.498s][info][gc,phases,start] GC(356) Compaction Phase
[102.690s][info][gc,phases      ] GC(356) Compaction Phase 1191.744ms
[102.690s][info][gc,phases,start] GC(356) Post Compact
[102.709s][info][gc,phases      ] GC(356) Post Compact 19.117ms
[102.709s][info][gc,heap        ] GC(356) PSYoungGen: 158208K(704512K)->158207K(726528K) Eden: 158208K(158208K)->158207K(158208K) From: 0K(546304K)->0K(568320K)
[102.709s][info][gc,heap        ] GC(356) ParOldGen: 12014938K(12015104K)->12014938K(12015104K)
[102.709s][info][gc,metaspace   ] GC(356) Metaspace: 6301K(6464K)->6301K(6464K) NonClass: 5768K(5824K)->5768K(5824K) Class: 533K(640K)->533K(640K)
[102.709s][info][gc             ] GC(356) Pause Full (Ergonomics) 11887M->11887M(12443M) 4175.132ms
[102.709s][info][gc,cpu         ] GC(356) User=28.78s Sys=0.03s Real=4.17s
[102.709s][info][gc,start       ] GC(357) Pause Full (Ergonomics)
[102.709s][info][gc,phases,start] GC(357) Marking Phase
[105.530s][info][gc,phases      ] GC(357) Marking Phase 2820.964ms
[105.531s][info][gc,phases,start] GC(357) Summary Phase
[105.531s][info][gc,phases      ] GC(357) Summary Phase 0.345ms
[105.531s][info][gc,phases,start] GC(357) Adjust Roots
[105.531s][info][gc,phases      ] GC(357) Adjust Roots 0.225ms
[105.531s][info][gc,phases,start] GC(357) Compaction Phase
[106.679s][info][gc,phases      ] GC(357) Compaction Phase 1147.573ms
[106.679s][info][gc,phases,start] GC(357) Post Compact
[106.697s][info][gc,phases      ] GC(357) Post Compact 18.269ms
[106.697s][info][gc,heap        ] GC(357) PSYoungGen: 158207K(726528K)->158207K(704512K) Eden: 158207K(158208K)->158207K(158208K) From: 0K(568320K)->0K(546304K)
[106.697s][info][gc,heap        ] GC(357) ParOldGen: 12014938K(12015104K)->12014938K(12015104K)
[106.697s][info][gc,metaspace   ] GC(357) Metaspace: 6301K(6464K)->6301K(6464K) NonClass: 5768K(5824K)->5768K(5824K) Class: 533K(640K)->533K(640K)
[106.697s][info][gc             ] GC(357) Pause Full (Ergonomics) 11887M->11887M(12421M) 3987.757ms
[106.697s][info][gc,cpu         ] GC(357) User=28.52s Sys=0.00s Real=3.99s
[106.697s][info][gc,start       ] GC(358) Pause Full (Ergonomics)
[106.697s][info][gc,phases,start] GC(358) Marking Phase
[109.516s][info][gc,phases      ] GC(358) Marking Phase 2818.192ms
[109.516s][info][gc,phases,start] GC(358) Summary Phase
[109.516s][info][gc,phases      ] GC(358) Summary Phase 0.129ms
[109.516s][info][gc,phases,start] GC(358) Adjust Roots
[109.516s][info][gc,phases      ] GC(358) Adjust Roots 0.197ms
[109.516s][info][gc,phases,start] GC(358) Compaction Phase
[110.605s][info][gc,phases      ] GC(358) Compaction Phase 1088.550ms
[110.605s][info][gc,phases,start] GC(358) Post Compact
[110.623s][info][gc,phases      ] GC(358) Post Compact 17.923ms
[110.623s][info][gc,heap        ] GC(358) PSYoungGen: 158207K(704512K)->158207K(726528K) Eden: 158207K(158208K)->158207K(158208K) From: 0K(546304K)->0K(568320K)
[110.623s][info][gc,heap        ] GC(358) ParOldGen: 12014943K(12015104K)->12014943K(12015104K)
[110.623s][info][gc,metaspace   ] GC(358) Metaspace: 6301K(6464K)->6301K(6464K) NonClass: 5768K(5824K)->5768K(5824K) Class: 533K(640K)->533K(640K)
[110.623s][info][gc             ] GC(358) Pause Full (Ergonomics) 11887M->11887M(12443M) 3925.333ms
[110.623s][info][gc,cpu         ] GC(358) User=28.58s Sys=0.00s Real=3.92s
[110.623s][info][gc,start       ] GC(359) Pause Full (Ergonomics)
[110.623s][info][gc,phases,start] GC(359) Marking Phase
[113.439s][info][gc,phases      ] GC(359) Marking Phase 2816.095ms
[113.439s][info][gc,phases,start] GC(359) Summary Phase
[113.439s][info][gc,phases      ] GC(359) Summary Phase 0.107ms
[113.439s][info][gc,phases,start] GC(359) Adjust Roots
[113.439s][info][gc,phases      ] GC(359) Adjust Roots 0.176ms
[113.439s][info][gc,phases,start] GC(359) Compaction Phase
[114.565s][info][gc,phases      ] GC(359) Compaction Phase 1125.803ms
[114.565s][info][gc,phases,start] GC(359) Post Compact
[114.583s][info][gc,phases      ] GC(359) Post Compact 18.071ms
[114.583s][info][gc,heap        ] GC(359) PSYoungGen: 158207K(726528K)->158207K(704512K) Eden: 158207K(158208K)->158207K(158208K) From: 0K(568320K)->0K(546304K)
[114.583s][info][gc,heap        ] GC(359) ParOldGen: 12014947K(12015104K)->12014947K(12015104K)
[114.584s][info][gc,metaspace   ] GC(359) Metaspace: 6301K(6464K)->6301K(6464K) NonClass: 5768K(5824K)->5768K(5824K) Class: 533K(640K)->533K(640K)
[114.584s][info][gc             ] GC(359) Pause Full (Ergonomics) 11887M->11887M(12421M) 3960.592ms
[114.584s][info][gc,cpu         ] GC(359) User=28.42s Sys=0.00s Real=3.96s
[114.584s][info][gc,start       ] GC(360) Pause Full (Ergonomics)
[114.584s][info][gc,phases,start] GC(360) Marking Phase
[117.378s][info][gc,phases      ] GC(360) Marking Phase 2794.357ms
[117.378s][info][gc,phases,start] GC(360) Summary Phase
[117.378s][info][gc,phases      ] GC(360) Summary Phase 0.116ms
[117.378s][info][gc,phases,start] GC(360) Adjust Roots
[117.379s][info][gc,phases      ] GC(360) Adjust Roots 0.214ms
[117.379s][info][gc,phases,start] GC(360) Compaction Phase
[118.478s][info][gc,phases      ] GC(360) Compaction Phase 1099.651ms
[118.478s][info][gc,phases,start] GC(360) Post Compact
[118.496s][info][gc,phases      ] GC(360) Post Compact 18.011ms
[118.496s][info][gc,heap        ] GC(360) PSYoungGen: 158207K(704512K)->158207K(726528K) Eden: 158207K(158208K)->158207K(158208K) From: 0K(546304K)->0K(568320K)
[118.496s][info][gc,heap        ] GC(360) ParOldGen: 12014952K(12015104K)->12014952K(12015104K)
[118.496s][info][gc,metaspace   ] GC(360) Metaspace: 6301K(6464K)->6301K(6464K) NonClass: 5768K(5824K)->5768K(5824K) Class: 533K(640K)->533K(640K)
[118.496s][info][gc             ] GC(360) Pause Full (Ergonomics) 11887M->11887M(12443M) 3912.704ms
[118.497s][info][gc,cpu         ] GC(360) User=28.09s Sys=0.00s Real=3.91s
[118.497s][info][gc,start       ] GC(361) Pause Full (Ergonomics)
[118.497s][info][gc,phases,start] GC(361) Marking Phase
[121.344s][info][gc,phases      ] GC(361) Marking Phase 2847.449ms
[121.344s][info][gc,phases,start] GC(361) Summary Phase
[121.344s][info][gc,phases      ] GC(361) Summary Phase 0.159ms
[121.344s][info][gc,phases,start] GC(361) Adjust Roots
[121.345s][info][gc,phases      ] GC(361) Adjust Roots 0.329ms
[121.345s][info][gc,phases,start] GC(361) Compaction Phase
[122.730s][info][gc,phases      ] GC(361) Compaction Phase 1385.490ms
[122.730s][info][gc,phases,start] GC(361) Post Compact
[122.750s][info][gc,phases      ] GC(361) Post Compact 19.875ms
[122.750s][info][gc,heap        ] GC(361) PSYoungGen: 158207K(726528K)->158207K(704512K) Eden: 158207K(158208K)->158207K(158208K) From: 0K(568320K)->0K(546304K)
[122.750s][info][gc,heap        ] GC(361) ParOldGen: 12014957K(12015104K)->12014957K(12015104K)
[122.750s][info][gc,metaspace   ] GC(361) Metaspace: 6301K(6464K)->6301K(6464K) NonClass: 5768K(5824K)->5768K(5824K) Class: 533K(640K)->533K(640K)
[122.750s][info][gc             ] GC(361) Pause Full (Ergonomics) 11887M->11887M(12421M) 4253.708ms
[122.750s][info][gc,cpu         ] GC(361) User=28.95s Sys=0.02s Real=4.25s
[122.751s][info][gc,start       ] GC(362) Pause Full (Ergonomics)
[122.751s][info][gc,phases,start] GC(362) Marking Phase
[125.631s][info][gc,phases      ] GC(362) Marking Phase 2880.561ms
[125.631s][info][gc,phases,start] GC(362) Summary Phase
[125.632s][info][gc,phases      ] GC(362) Summary Phase 0.225ms
[125.632s][info][gc,phases,start] GC(362) Adjust Roots
[125.633s][info][gc,phases      ] GC(362) Adjust Roots 0.905ms
[125.633s][info][gc,phases,start] GC(362) Compaction Phase
[126.805s][info][gc,phases      ] GC(362) Compaction Phase 1172.397ms
[126.805s][info][gc,phases,start] GC(362) Post Compact
[126.824s][info][gc,phases      ] GC(362) Post Compact 19.345ms
[126.825s][info][gc,heap        ] GC(362) PSYoungGen: 158207K(704512K)->158207K(726528K) Eden: 158207K(158208K)->158207K(158208K) From: 0K(546304K)->0K(568320K)
[126.825s][info][gc,heap        ] GC(362) ParOldGen: 12014962K(12015104K)->12014962K(12015104K)
[126.825s][info][gc,metaspace   ] GC(362) Metaspace: 6301K(6464K)->6301K(6464K) NonClass: 5768K(5824K)->5768K(5824K) Class: 533K(640K)->533K(640K)
[126.825s][info][gc             ] GC(362) Pause Full (Ergonomics) 11887M->11887M(12443M) 4073.857ms
[126.825s][info][gc,cpu         ] GC(362) User=28.06s Sys=0.02s Real=4.07s
[126.825s][info][gc,start       ] GC(363) Pause Full (Ergonomics)
[126.825s][info][gc,phases,start] GC(363) Marking Phase
[129.623s][info][gc,phases      ] GC(363) Marking Phase 2797.301ms
[129.623s][info][gc,phases,start] GC(363) Summary Phase
[129.623s][info][gc,phases      ] GC(363) Summary Phase 0.118ms
[129.623s][info][gc,phases,start] GC(363) Adjust Roots
[129.623s][info][gc,phases      ] GC(363) Adjust Roots 0.213ms
[129.623s][info][gc,phases,start] GC(363) Compaction Phase
[130.691s][info][gc,phases      ] GC(363) Compaction Phase 1068.416ms
[130.691s][info][gc,phases,start] GC(363) Post Compact
[130.709s][info][gc,phases      ] GC(363) Post Compact 17.608ms
[130.709s][info][gc,heap        ] GC(363) PSYoungGen: 158207K(726528K)->158207K(704512K) Eden: 158207K(158208K)->158207K(158208K) From: 0K(568320K)->0K(546304K)
[130.709s][info][gc,heap        ] GC(363) ParOldGen: 12014967K(12015104K)->12014967K(12015104K)
[130.709s][info][gc,metaspace   ] GC(363) Metaspace: 6301K(6464K)->6301K(6464K) NonClass: 5768K(5824K)->5768K(5824K) Class: 533K(640K)->533K(640K)
[130.709s][info][gc             ] GC(363) Pause Full (Ergonomics) 11887M->11887M(12421M) 3884.003ms
[130.709s][info][gc,cpu         ] GC(363) User=27.94s Sys=0.02s Real=3.88s
[130.709s][info][gc,start       ] GC(364) Pause Full (Ergonomics)
[130.709s][info][gc,phases,start] GC(364) Marking Phase
[133.550s][info][gc,phases      ] GC(364) Marking Phase 2840.195ms
[133.550s][info][gc,phases,start] GC(364) Summary Phase
[133.550s][info][gc,phases      ] GC(364) Summary Phase 0.115ms
[133.550s][info][gc,phases,start] GC(364) Adjust Roots
[133.550s][info][gc,phases      ] GC(364) Adjust Roots 0.232ms
[133.550s][info][gc,phases,start] GC(364) Compaction Phase
[134.617s][info][gc,phases      ] GC(364) Compaction Phase 1066.426ms
[134.617s][info][gc,phases,start] GC(364) Post Compact
[134.636s][info][gc,phases      ] GC(364) Post Compact 19.567ms
[134.636s][info][gc,heap        ] GC(364) PSYoungGen: 158207K(704512K)->158207K(726528K) Eden: 158207K(158208K)->158207K(158208K) From: 0K(546304K)->0K(568320K)
[134.636s][info][gc,heap        ] GC(364) ParOldGen: 12014972K(12015104K)->12014972K(12015104K)
[134.636s][info][gc,metaspace   ] GC(364) Metaspace: 6301K(6464K)->6301K(6464K) NonClass: 5768K(5824K)->5768K(5824K) Class: 533K(640K)->533K(640K)
[134.636s][info][gc             ] GC(364) Pause Full (Ergonomics) 11887M->11887M(12443M) 3926.883ms
[134.636s][info][gc,cpu         ] GC(364) User=28.41s Sys=0.02s Real=3.93s
[134.637s][info][gc,start       ] GC(365) Pause Full (Ergonomics)
[134.637s][info][gc,phases,start] GC(365) Marking Phase
[137.393s][info][gc,phases      ] GC(365) Marking Phase 2756.529ms
[137.393s][info][gc,phases,start] GC(365) Summary Phase
[137.393s][info][gc,phases      ] GC(365) Summary Phase 0.118ms
[137.393s][info][gc,phases,start] GC(365) Adjust Roots
[137.394s][info][gc,phases      ] GC(365) Adjust Roots 0.218ms
[137.394s][info][gc,phases,start] GC(365) Compaction Phase
[138.486s][info][gc,phases      ] GC(365) Compaction Phase 1092.479ms
[138.486s][info][gc,phases,start] GC(365) Post Compact
[138.505s][info][gc,phases      ] GC(365) Post Compact 18.611ms
[138.505s][info][gc,heap        ] GC(365) PSYoungGen: 158207K(726528K)->158207K(704512K) Eden: 158207K(158208K)->158207K(158208K) From: 0K(568320K)->0K(546304K)
[138.505s][info][gc,heap        ] GC(365) ParOldGen: 12014976K(12015104K)->12014976K(12015104K)
[138.505s][info][gc,metaspace   ] GC(365) Metaspace: 6301K(6464K)->6301K(6464K) NonClass: 5768K(5824K)->5768K(5824K) Class: 533K(640K)->533K(640K)
[138.505s][info][gc             ] GC(365) Pause Full (Ergonomics) 11887M->11887M(12421M) 3868.292ms
[138.505s][info][gc,cpu         ] GC(365) User=27.78s Sys=0.00s Real=3.87s
[138.505s][info][gc,start       ] GC(366) Pause Full (Ergonomics)
[138.505s][info][gc,phases,start] GC(366) Marking Phase
[141.296s][info][gc,phases      ] GC(366) Marking Phase 2790.647ms
[141.296s][info][gc,phases,start] GC(366) Summary Phase
[141.296s][info][gc,phases      ] GC(366) Summary Phase 0.317ms
[141.296s][info][gc,phases,start] GC(366) Adjust Roots
[141.297s][info][gc,phases      ] GC(366) Adjust Roots 0.231ms
[141.297s][info][gc,phases,start] GC(366) Compaction Phase
[142.352s][info][gc,phases      ] GC(366) Compaction Phase 1055.664ms
[142.352s][info][gc,phases,start] GC(366) Post Compact
[142.370s][info][gc,phases      ] GC(366) Post Compact 17.941ms
[142.370s][info][gc,heap        ] GC(366) PSYoungGen: 158207K(704512K)->158207K(726528K) Eden: 158207K(158208K)->158207K(158208K) From: 0K(546304K)->0K(568320K)
[142.370s][info][gc,heap        ] GC(366) ParOldGen: 12014981K(12015104K)->12014981K(12015104K)
[142.370s][info][gc,metaspace   ] GC(366) Metaspace: 6301K(6464K)->6301K(6464K) NonClass: 5768K(5824K)->5768K(5824K) Class: 533K(640K)->533K(640K)
[142.370s][info][gc             ] GC(366) Pause Full (Ergonomics) 11887M->11887M(12443M) 3865.245ms
[142.370s][info][gc,cpu         ] GC(366) User=27.94s Sys=0.02s Real=3.87s
[142.371s][info][gc,start       ] GC(367) Pause Full (Ergonomics)
[142.371s][info][gc,phases,start] GC(367) Marking Phase
[145.132s][info][gc,phases      ] GC(367) Marking Phase 2761.054ms
[145.132s][info][gc,phases,start] GC(367) Summary Phase
[145.132s][info][gc,phases      ] GC(367) Summary Phase 0.113ms
[145.132s][info][gc,phases,start] GC(367) Adjust Roots
[145.132s][info][gc,phases      ] GC(367) Adjust Roots 0.175ms
[145.132s][info][gc,phases,start] GC(367) Compaction Phase
[146.226s][info][gc,phases      ] GC(367) Compaction Phase 1093.680ms
[146.226s][info][gc,phases,start] GC(367) Post Compact
[146.244s][info][gc,phases      ] GC(367) Post Compact 18.157ms
[146.244s][info][gc,heap        ] GC(367) PSYoungGen: 158207K(726528K)->158207K(704512K) Eden: 158207K(158208K)->158207K(158208K) From: 0K(568320K)->0K(546304K)
[146.244s][info][gc,heap        ] GC(367) ParOldGen: 12014986K(12015104K)->12014986K(12015104K)
[146.244s][info][gc,metaspace   ] GC(367) Metaspace: 6301K(6464K)->6301K(6464K) NonClass: 5768K(5824K)->5768K(5824K) Class: 533K(640K)->533K(640K)
[146.244s][info][gc             ] GC(367) Pause Full (Ergonomics) 11887M->11887M(12421M) 3873.508ms
[146.244s][info][gc,cpu         ] GC(367) User=27.64s Sys=0.02s Real=3.87s
[146.244s][info][gc,start       ] GC(368) Pause Full (Ergonomics)
[146.244s][info][gc,phases,start] GC(368) Marking Phase
[148.994s][info][gc,phases      ] GC(368) Marking Phase 2749.847ms
[148.994s][info][gc,phases,start] GC(368) Summary Phase
[148.994s][info][gc,phases      ] GC(368) Summary Phase 0.110ms
[148.994s][info][gc,phases,start] GC(368) Adjust Roots
[148.995s][info][gc,phases      ] GC(368) Adjust Roots 0.186ms
[148.995s][info][gc,phases,start] GC(368) Compaction Phase
[150.053s][info][gc,phases      ] GC(368) Compaction Phase 1058.765ms
[150.054s][info][gc,phases,start] GC(368) Post Compact
[150.071s][info][gc,phases      ] GC(368) Post Compact 17.929ms
[150.072s][info][gc,heap        ] GC(368) PSYoungGen: 158207K(704512K)->158207K(726528K) Eden: 158207K(158208K)->158207K(158208K) From: 0K(546304K)->0K(568320K)
[150.072s][info][gc,heap        ] GC(368) ParOldGen: 12014991K(12015104K)->12014991K(12015104K)
[150.072s][info][gc,metaspace   ] GC(368) Metaspace: 6301K(6464K)->6301K(6464K) NonClass: 5768K(5824K)->5768K(5824K) Class: 533K(640K)->533K(640K)
[150.072s][info][gc             ] GC(368) Pause Full (Ergonomics) 11887M->11887M(12443M) 3827.193ms
[150.072s][info][gc,cpu         ] GC(368) User=27.50s Sys=0.03s Real=3.83s
[150.072s][info][gc,start       ] GC(369) Pause Full (Ergonomics)
[150.072s][info][gc,phases,start] GC(369) Marking Phase
[152.829s][info][gc,phases      ] GC(369) Marking Phase 2757.159ms
[152.829s][info][gc,phases,start] GC(369) Summary Phase
[152.829s][info][gc,phases      ] GC(369) Summary Phase 0.107ms
[152.829s][info][gc,phases,start] GC(369) Adjust Roots
[152.829s][info][gc,phases      ] GC(369) Adjust Roots 0.166ms
[152.829s][info][gc,phases,start] GC(369) Compaction Phase
[153.882s][info][gc,phases      ] GC(369) Compaction Phase 1052.765ms
[153.882s][info][gc,phases,start] GC(369) Post Compact
[153.901s][info][gc,phases      ] GC(369) Post Compact 18.333ms
[153.901s][info][gc,heap        ] GC(369) PSYoungGen: 158207K(726528K)->158207K(704512K) Eden: 158207K(158208K)->158207K(158208K) From: 0K(568320K)->0K(546304K)
[153.901s][info][gc,heap        ] GC(369) ParOldGen: 12014996K(12015104K)->12014996K(12015104K)
[153.901s][info][gc,metaspace   ] GC(369) Metaspace: 6301K(6464K)->6301K(6464K) NonClass: 5768K(5824K)->5768K(5824K) Class: 533K(640K)->533K(640K)
[153.901s][info][gc             ] GC(369) Pause Full (Ergonomics) 11887M->11887M(12421M) 3828.883ms
[153.901s][info][gc,cpu         ] GC(369) User=27.31s Sys=0.02s Real=3.83s
[153.901s][info][gc,start       ] GC(370) Pause Full (Ergonomics)
[153.901s][info][gc,phases,start] GC(370) Marking Phase
[156.640s][info][gc,phases      ] GC(370) Marking Phase 2739.168ms
[156.640s][info][gc,phases,start] GC(370) Summary Phase
[156.640s][info][gc,phases      ] GC(370) Summary Phase 0.110ms
[156.640s][info][gc,phases,start] GC(370) Adjust Roots
[156.641s][info][gc,phases      ] GC(370) Adjust Roots 0.236ms
[156.641s][info][gc,phases,start] GC(370) Compaction Phase
[157.697s][info][gc,phases      ] GC(370) Compaction Phase 1056.539ms
[157.697s][info][gc,phases,start] GC(370) Post Compact
[157.715s][info][gc,phases      ] GC(370) Post Compact 18.212ms
[157.715s][info][gc,heap        ] GC(370) PSYoungGen: 158207K(704512K)->158207K(726528K) Eden: 158207K(158208K)->158207K(158208K) From: 0K(546304K)->0K(568320K)
[157.716s][info][gc,heap        ] GC(370) ParOldGen: 12015001K(12015104K)->12015001K(12015104K)
[157.716s][info][gc,metaspace   ] GC(370) Metaspace: 6301K(6464K)->6301K(6464K) NonClass: 5768K(5824K)->5768K(5824K) Class: 533K(640K)->533K(640K)
[157.716s][info][gc             ] GC(370) Pause Full (Ergonomics) 11887M->11887M(12443M) 3814.590ms
[157.716s][info][gc,cpu         ] GC(370) User=27.45s Sys=0.00s Real=3.81s
[157.716s][info][gc,start       ] GC(371) Pause Full (Ergonomics)
[157.716s][info][gc,phases,start] GC(371) Marking Phase
[160.455s][info][gc,phases      ] GC(371) Marking Phase 2739.095ms
[160.455s][info][gc,phases,start] GC(371) Summary Phase
[160.455s][info][gc,phases      ] GC(371) Summary Phase 0.121ms
[160.455s][info][gc,phases,start] GC(371) Adjust Roots
[160.455s][info][gc,phases      ] GC(371) Adjust Roots 0.238ms
[160.455s][info][gc,phases,start] GC(371) Compaction Phase
[161.493s][info][gc,phases      ] GC(371) Compaction Phase 1037.237ms
[161.493s][info][gc,phases,start] GC(371) Post Compact
[161.511s][info][gc,phases      ] GC(371) Post Compact 18.260ms
[161.511s][info][gc,heap        ] GC(371) PSYoungGen: 158207K(726528K)->158207K(704512K) Eden: 158207K(158208K)->158207K(158208K) From: 0K(568320K)->0K(546304K)
[161.511s][info][gc,heap        ] GC(371) ParOldGen: 12015005K(12015104K)->12015005K(12015104K)
[161.511s][info][gc,metaspace   ] GC(371) Metaspace: 6301K(6464K)->6301K(6464K) NonClass: 5768K(5824K)->5768K(5824K) Class: 533K(640K)->533K(640K)
[161.511s][info][gc             ] GC(371) Pause Full (Ergonomics) 11887M->11887M(12421M) 3795.292ms
[161.511s][info][gc,cpu         ] GC(371) User=27.47s Sys=0.00s Real=3.80s
[161.511s][info][gc,start       ] GC(372) Pause Full (Ergonomics)
[161.511s][info][gc,phases,start] GC(372) Marking Phase
[164.277s][info][gc,phases      ] GC(372) Marking Phase 2765.382ms
[164.277s][info][gc,phases,start] GC(372) Summary Phase
[164.277s][info][gc,phases      ] GC(372) Summary Phase 0.127ms
[164.277s][info][gc,phases,start] GC(372) Adjust Roots
[164.277s][info][gc,phases      ] GC(372) Adjust Roots 0.170ms
[164.277s][info][gc,phases,start] GC(372) Compaction Phase
[165.344s][info][gc,phases      ] GC(372) Compaction Phase 1066.982ms
[165.344s][info][gc,phases,start] GC(372) Post Compact
[165.362s][info][gc,phases      ] GC(372) Post Compact 18.018ms
[165.362s][info][gc,heap        ] GC(372) PSYoungGen: 158207K(704512K)->158207K(726528K) Eden: 158207K(158208K)->158207K(158208K) From: 0K(546304K)->0K(568320K)
[165.362s][info][gc,heap        ] GC(372) ParOldGen: 12015010K(12015104K)->12015010K(12015104K)
[165.362s][info][gc,metaspace   ] GC(372) Metaspace: 6301K(6464K)->6301K(6464K) NonClass: 5768K(5824K)->5768K(5824K) Class: 533K(640K)->533K(640K)
[165.362s][info][gc             ] GC(372) Pause Full (Ergonomics) 11887M->11887M(12443M) 3851.030ms
[165.362s][info][gc,cpu         ] GC(372) User=27.95s Sys=0.03s Real=3.85s
[165.363s][info][gc,start       ] GC(373) Pause Full (Ergonomics)
[165.363s][info][gc,phases,start] GC(373) Marking Phase
[168.136s][info][gc,phases      ] GC(373) Marking Phase 2773.582ms
[168.136s][info][gc,phases,start] GC(373) Summary Phase
[168.136s][info][gc,phases      ] GC(373) Summary Phase 0.156ms
[168.136s][info][gc,phases,start] GC(373) Adjust Roots
[168.137s][info][gc,phases      ] GC(373) Adjust Roots 0.267ms
[168.137s][info][gc,phases,start] GC(373) Compaction Phase
[169.201s][info][gc,phases      ] GC(373) Compaction Phase 1063.901ms
[169.201s][info][gc,phases,start] GC(373) Post Compact
[169.219s][info][gc,phases      ] GC(373) Post Compact 18.433ms
[169.219s][info][gc,heap        ] GC(373) PSYoungGen: 158207K(726528K)->158207K(704512K) Eden: 158207K(158208K)->158207K(158208K) From: 0K(568320K)->0K(546304K)
[169.219s][info][gc,heap        ] GC(373) ParOldGen: 12015015K(12015104K)->12015015K(12015104K)
[169.219s][info][gc,metaspace   ] GC(373) Metaspace: 6301K(6464K)->6301K(6464K) NonClass: 5768K(5824K)->5768K(5824K) Class: 533K(640K)->533K(640K)
[169.219s][info][gc             ] GC(373) Pause Full (Ergonomics) 11887M->11887M(12421M) 3856.702ms
[169.219s][info][gc,cpu         ] GC(373) User=27.80s Sys=0.02s Real=3.86s
[169.219s][info][gc,start       ] GC(374) Pause Full (Ergonomics)
[169.219s][info][gc,phases,start] GC(374) Marking Phase
[171.955s][info][gc,phases      ] GC(374) Marking Phase 2735.887ms
[171.955s][info][gc,phases,start] GC(374) Summary Phase
[171.956s][info][gc,phases      ] GC(374) Summary Phase 0.124ms
[171.956s][info][gc,phases,start] GC(374) Adjust Roots
[171.956s][info][gc,phases      ] GC(374) Adjust Roots 0.228ms
[171.956s][info][gc,phases,start] GC(374) Compaction Phase
[173.004s][info][gc,phases      ] GC(374) Compaction Phase 1047.793ms
[173.004s][info][gc,phases,start] GC(374) Post Compact
[173.022s][info][gc,phases      ] GC(374) Post Compact 18.060ms
[173.022s][info][gc,heap        ] GC(374) PSYoungGen: 158207K(704512K)->158207K(726528K) Eden: 158207K(158208K)->158207K(158208K) From: 0K(546304K)->0K(568320K)
[173.022s][info][gc,heap        ] GC(374) ParOldGen: 12015020K(12015104K)->12015020K(12015104K)
[173.022s][info][gc,metaspace   ] GC(374) Metaspace: 6301K(6464K)->6301K(6464K) NonClass: 5768K(5824K)->5768K(5824K) Class: 533K(640K)->533K(640K)
[173.022s][info][gc             ] GC(374) Pause Full (Ergonomics) 11887M->11887M(12443M) 3802.440ms
[173.022s][info][gc,cpu         ] GC(374) User=27.41s Sys=0.00s Real=3.80s
[173.022s][info][gc,start       ] GC(375) Pause Full (Ergonomics)
[173.022s][info][gc,phases,start] GC(375) Marking Phase
[175.798s][info][gc,phases      ] GC(375) Marking Phase 2775.753ms
[175.798s][info][gc,phases,start] GC(375) Summary Phase
[175.798s][info][gc,phases      ] GC(375) Summary Phase 0.134ms
[175.798s][info][gc,phases,start] GC(375) Adjust Roots
[175.798s][info][gc,phases      ] GC(375) Adjust Roots 0.219ms
[175.798s][info][gc,phases,start] GC(375) Compaction Phase
[176.882s][info][gc,phases      ] GC(375) Compaction Phase 1083.706ms
[176.882s][info][gc,phases,start] GC(375) Post Compact
[176.900s][info][gc,phases      ] GC(375) Post Compact 17.698ms
[176.900s][info][gc,heap        ] GC(375) PSYoungGen: 158207K(726528K)->158207K(704512K) Eden: 158207K(158208K)->158207K(158208K) From: 0K(568320K)->0K(546304K)
[176.900s][info][gc,heap        ] GC(375) ParOldGen: 12015025K(12015104K)->12015025K(12015104K)
[176.900s][info][gc,metaspace   ] GC(375) Metaspace: 6301K(6464K)->6301K(6464K) NonClass: 5768K(5824K)->5768K(5824K) Class: 533K(640K)->533K(640K)
[176.900s][info][gc             ] GC(375) Pause Full (Ergonomics) 11887M->11887M(12421M) 3877.837ms
[176.900s][info][gc,cpu         ] GC(375) User=27.25s Sys=0.03s Real=3.88s
[176.900s][info][gc,start       ] GC(376) Pause Full (Ergonomics)
[176.900s][info][gc,phases,start] GC(376) Marking Phase
[179.662s][info][gc,phases      ] GC(376) Marking Phase 2762.163ms
[179.662s][info][gc,phases,start] GC(376) Summary Phase
[179.663s][info][gc,phases      ] GC(376) Summary Phase 0.130ms
[179.663s][info][gc,phases,start] GC(376) Adjust Roots
[179.663s][info][gc,phases      ] GC(376) Adjust Roots 0.246ms
[179.663s][info][gc,phases,start] GC(376) Compaction Phase
[180.691s][info][gc,phases      ] GC(376) Compaction Phase 1027.929ms
[180.691s][info][gc,phases,start] GC(376) Post Compact
[180.708s][info][gc,phases      ] GC(376) Post Compact 17.645ms
[180.709s][info][gc,heap        ] GC(376) PSYoungGen: 158207K(704512K)->158207K(726528K) Eden: 158207K(158208K)->158207K(158208K) From: 0K(546304K)->0K(568320K)
[180.709s][info][gc,heap        ] GC(376) ParOldGen: 12015030K(12015104K)->12015030K(12015104K)
[180.709s][info][gc,metaspace   ] GC(376) Metaspace: 6301K(6464K)->6301K(6464K) NonClass: 5768K(5824K)->5768K(5824K) Class: 533K(640K)->533K(640K)
[180.709s][info][gc             ] GC(376) Pause Full (Ergonomics) 11887M->11887M(12443M) 3808.480ms
[180.709s][info][gc,cpu         ] GC(376) User=27.69s Sys=0.00s Real=3.81s
[180.709s][info][gc,start       ] GC(377) Pause Full (Ergonomics)
[180.709s][info][gc,phases,start] GC(377) Marking Phase
[183.450s][info][gc,phases      ] GC(377) Marking Phase 2741.600ms
[183.451s][info][gc,phases,start] GC(377) Summary Phase
[183.451s][info][gc,phases      ] GC(377) Summary Phase 0.107ms
[183.451s][info][gc,phases,start] GC(377) Adjust Roots
[183.451s][info][gc,phases      ] GC(377) Adjust Roots 0.166ms
[183.451s][info][gc,phases,start] GC(377) Compaction Phase
[184.480s][info][gc,phases      ] GC(377) Compaction Phase 1028.900ms
[184.480s][info][gc,phases,start] GC(377) Post Compact
[184.498s][info][gc,phases      ] GC(377) Post Compact 17.947ms
[184.498s][info][gc,heap        ] GC(377) PSYoungGen: 158207K(726528K)->158207K(704512K) Eden: 158207K(158208K)->158207K(158208K) From: 0K(568320K)->0K(546304K)
[184.498s][info][gc,heap        ] GC(377) ParOldGen: 12015034K(12015104K)->12015034K(12015104K)
[184.498s][info][gc,metaspace   ] GC(377) Metaspace: 6301K(6464K)->6301K(6464K) NonClass: 5768K(5824K)->5768K(5824K) Class: 533K(640K)->533K(640K)
[184.498s][info][gc             ] GC(377) Pause Full (Ergonomics) 11887M->11887M(12421M) 3789.090ms
[184.498s][info][gc,cpu         ] GC(377) User=27.34s Sys=0.00s Real=3.79s
[184.498s][info][gc,start       ] GC(378) Pause Full (Ergonomics)
[184.498s][info][gc,phases,start] GC(378) Marking Phase
[187.243s][info][gc,phases      ] GC(378) Marking Phase 2745.308ms
[187.244s][info][gc,phases,start] GC(378) Summary Phase
[187.244s][info][gc,phases      ] GC(378) Summary Phase 0.174ms
[187.244s][info][gc,phases,start] GC(378) Adjust Roots
[187.244s][info][gc,phases      ] GC(378) Adjust Roots 0.238ms
[187.244s][info][gc,phases,start] GC(378) Compaction Phase
[188.297s][info][gc,phases      ] GC(378) Compaction Phase 1053.040ms
[188.297s][info][gc,phases,start] GC(378) Post Compact
[188.316s][info][gc,phases      ] GC(378) Post Compact 18.407ms
[188.316s][info][gc,heap        ] GC(378) PSYoungGen: 158207K(704512K)->158207K(726528K) Eden: 158207K(158208K)->158207K(158208K) From: 0K(546304K)->0K(568320K)
[188.316s][info][gc,heap        ] GC(378) ParOldGen: 12015039K(12015104K)->12015039K(12015104K)
[188.316s][info][gc,metaspace   ] GC(378) Metaspace: 6301K(6464K)->6301K(6464K) NonClass: 5768K(5824K)->5768K(5824K) Class: 533K(640K)->533K(640K)
[188.316s][info][gc             ] GC(378) Pause Full (Ergonomics) 11887M->11887M(12443M) 3817.563ms
[188.316s][info][gc,cpu         ] GC(378) User=27.33s Sys=0.00s Real=3.82s
[188.316s][info][gc,start       ] GC(379) Pause Full (Ergonomics)
[188.316s][info][gc,phases,start] GC(379) Marking Phase
[191.064s][info][gc,phases      ] GC(379) Marking Phase 2747.906ms
[191.064s][info][gc,phases,start] GC(379) Summary Phase
[191.064s][info][gc,phases      ] GC(379) Summary Phase 0.108ms
[191.064s][info][gc,phases,start] GC(379) Adjust Roots
[191.064s][info][gc,phases      ] GC(379) Adjust Roots 0.167ms
[191.064s][info][gc,phases,start] GC(379) Compaction Phase
[192.119s][info][gc,phases      ] GC(379) Compaction Phase 1054.645ms
[192.119s][info][gc,phases,start] GC(379) Post Compact
[192.137s][info][gc,phases      ] GC(379) Post Compact 18.123ms
[192.137s][info][gc,heap        ] GC(379) PSYoungGen: 158207K(726528K)->158207K(704512K) Eden: 158207K(158208K)->158207K(158208K) From: 0K(568320K)->0K(546304K)
[192.137s][info][gc,heap        ] GC(379) ParOldGen: 12015044K(12015104K)->12015044K(12015104K)
[192.137s][info][gc,metaspace   ] GC(379) Metaspace: 6301K(6464K)->6301K(6464K) NonClass: 5768K(5824K)->5768K(5824K) Class: 533K(640K)->533K(640K)
[192.137s][info][gc             ] GC(379) Pause Full (Ergonomics) 11887M->11887M(12421M) 3821.297ms
[192.137s][info][gc,cpu         ] GC(379) User=27.34s Sys=0.02s Real=3.82s
[192.137s][info][gc,start       ] GC(380) Pause Full (Ergonomics)
[192.137s][info][gc,phases,start] GC(380) Marking Phase
[194.916s][info][gc,phases      ] GC(380) Marking Phase 2778.593ms
[194.916s][info][gc,phases,start] GC(380) Summary Phase
[194.916s][info][gc,phases      ] GC(380) Summary Phase 0.116ms
[194.916s][info][gc,phases,start] GC(380) Adjust Roots
[194.916s][info][gc,phases      ] GC(380) Adjust Roots 0.210ms
[194.916s][info][gc,phases,start] GC(380) Compaction Phase
[195.944s][info][gc,phases      ] GC(380) Compaction Phase 1027.959ms
[195.944s][info][gc,phases,start] GC(380) Post Compact
[195.962s][info][gc,phases      ] GC(380) Post Compact 17.942ms
[195.963s][info][gc,heap        ] GC(380) PSYoungGen: 158207K(704512K)->158207K(726528K) Eden: 158207K(158208K)->158207K(158208K) From: 0K(546304K)->0K(568320K)
[195.963s][info][gc,heap        ] GC(380) ParOldGen: 12015049K(12015104K)->12015049K(12015104K)
[195.963s][info][gc,metaspace   ] GC(380) Metaspace: 6301K(6464K)->6301K(6464K) NonClass: 5768K(5824K)->5768K(5824K) Class: 533K(640K)->533K(640K)
[195.963s][info][gc             ] GC(380) Pause Full (Ergonomics) 11887M->11887M(12443M) 3825.146ms
[195.963s][info][gc,cpu         ] GC(380) User=27.66s Sys=0.00s Real=3.83s
[195.963s][info][gc,start       ] GC(381) Pause Full (Ergonomics)
[195.963s][info][gc,phases,start] GC(381) Marking Phase
[198.707s][info][gc,phases      ] GC(381) Marking Phase 2744.147ms
[198.707s][info][gc,phases,start] GC(381) Summary Phase
[198.707s][info][gc,phases      ] GC(381) Summary Phase 0.153ms
[198.707s][info][gc,phases,start] GC(381) Adjust Roots
[198.707s][info][gc,phases      ] GC(381) Adjust Roots 0.239ms
[198.707s][info][gc,phases,start] GC(381) Compaction Phase
[199.771s][info][gc,phases      ] GC(381) Compaction Phase 1063.143ms
[199.771s][info][gc,phases,start] GC(381) Post Compact
[199.789s][info][gc,phases      ] GC(381) Post Compact 18.393ms
[199.789s][info][gc,heap        ] GC(381) PSYoungGen: 158207K(726528K)->158207K(704512K) Eden: 158207K(158208K)->158207K(158208K) From: 0K(568320K)->0K(546304K)
[199.789s][info][gc,heap        ] GC(381) ParOldGen: 12015054K(12015104K)->12015054K(12015104K)
[199.789s][info][gc,metaspace   ] GC(381) Metaspace: 6301K(6464K)->6301K(6464K) NonClass: 5768K(5824K)->5768K(5824K) Class: 533K(640K)->533K(640K)
[199.789s][info][gc             ] GC(381) Pause Full (Ergonomics) 11887M->11887M(12421M) 3826.442ms
[199.789s][info][gc,cpu         ] GC(381) User=27.55s Sys=0.00s Real=3.83s
[199.789s][info][gc,start       ] GC(382) Pause Full (Ergonomics)
[199.790s][info][gc,phases,start] GC(382) Marking Phase
[202.533s][info][gc,phases      ] GC(382) Marking Phase 2743.026ms
[202.533s][info][gc,phases,start] GC(382) Summary Phase
[202.533s][info][gc,phases      ] GC(382) Summary Phase 0.137ms
[202.533s][info][gc,phases,start] GC(382) Adjust Roots
[202.533s][info][gc,phases      ] GC(382) Adjust Roots 0.174ms
[202.533s][info][gc,phases,start] GC(382) Compaction Phase
[203.594s][info][gc,phases      ] GC(382) Compaction Phase 1061.017ms
[203.594s][info][gc,phases,start] GC(382) Post Compact
[203.612s][info][gc,phases      ] GC(382) Post Compact 18.091ms
[203.612s][info][gc,heap        ] GC(382) PSYoungGen: 158207K(704512K)->158207K(726528K) Eden: 158207K(158208K)->158207K(158208K) From: 0K(546304K)->0K(568320K)
[203.612s][info][gc,heap        ] GC(382) ParOldGen: 12015059K(12015104K)->12015059K(12015104K)
[203.612s][info][gc,metaspace   ] GC(382) Metaspace: 6301K(6464K)->6301K(6464K) NonClass: 5768K(5824K)->5768K(5824K) Class: 533K(640K)->533K(640K)
[203.612s][info][gc             ] GC(382) Pause Full (Ergonomics) 11887M->11887M(12443M) 3822.807ms
[203.612s][info][gc,cpu         ] GC(382) User=27.41s Sys=0.02s Real=3.82s
[203.612s][info][gc,start       ] GC(383) Pause Full (Ergonomics)
[203.613s][info][gc,phases,start] GC(383) Marking Phase
[206.349s][info][gc,phases      ] GC(383) Marking Phase 2736.088ms
[206.349s][info][gc,phases,start] GC(383) Summary Phase
[206.349s][info][gc,phases      ] GC(383) Summary Phase 0.121ms
[206.349s][info][gc,phases,start] GC(383) Adjust Roots
[206.349s][info][gc,phases      ] GC(383) Adjust Roots 0.214ms
[206.349s][info][gc,phases,start] GC(383) Compaction Phase
[207.401s][info][gc,phases      ] GC(383) Compaction Phase 1052.429ms
[207.402s][info][gc,phases,start] GC(383) Post Compact
[207.420s][info][gc,phases      ] GC(383) Post Compact 18.019ms
[207.420s][info][gc,heap        ] GC(383) PSYoungGen: 158207K(726528K)->158207K(704512K) Eden: 158207K(158208K)->158207K(158208K) From: 0K(568320K)->0K(546304K)
[207.420s][info][gc,heap        ] GC(383) ParOldGen: 12015063K(12015104K)->12015063K(12015104K)
[207.420s][info][gc,metaspace   ] GC(383) Metaspace: 6301K(6464K)->6301K(6464K) NonClass: 5768K(5824K)->5768K(5824K) Class: 533K(640K)->533K(640K)
[207.420s][info][gc             ] GC(383) Pause Full (Ergonomics) 11887M->11887M(12421M) 3807.219ms
[207.420s][info][gc,cpu         ] GC(383) User=27.31s Sys=0.00s Real=3.81s
[207.420s][info][gc,start       ] GC(384) Pause Full (Ergonomics)
[207.420s][info][gc,phases,start] GC(384) Marking Phase
[210.133s][info][gc,phases      ] GC(384) Marking Phase 2713.481ms
[210.134s][info][gc,phases,start] GC(384) Summary Phase
[210.134s][info][gc,phases      ] GC(384) Summary Phase 0.122ms
[210.134s][info][gc,phases,start] GC(384) Adjust Roots
[210.134s][info][gc,phases      ] GC(384) Adjust Roots 0.238ms
[210.134s][info][gc,phases,start] GC(384) Compaction Phase
[211.201s][info][gc,phases      ] GC(384) Compaction Phase 1066.590ms
[211.201s][info][gc,phases,start] GC(384) Post Compact
[211.219s][info][gc,phases      ] GC(384) Post Compact 18.402ms
[211.219s][info][gc,heap        ] GC(384) PSYoungGen: 158207K(704512K)->158207K(726528K) Eden: 158207K(158208K)->158207K(158208K) From: 0K(546304K)->0K(568320K)
[211.219s][info][gc,heap        ] GC(384) ParOldGen: 12015068K(12015104K)->12015068K(12015104K)
[211.219s][info][gc,metaspace   ] GC(384) Metaspace: 6301K(6464K)->6301K(6464K) NonClass: 5768K(5824K)->5768K(5824K) Class: 533K(640K)->533K(640K)
[211.219s][info][gc             ] GC(384) Pause Full (Ergonomics) 11887M->11887M(12443M) 3799.216ms
[211.219s][info][gc,cpu         ] GC(384) User=27.30s Sys=0.00s Real=3.80s
[211.219s][info][gc,start       ] GC(385) Pause Full (Ergonomics)
[211.219s][info][gc,phases,start] GC(385) Marking Phase
[213.978s][info][gc,phases      ] GC(385) Marking Phase 2758.505ms
[213.978s][info][gc,phases,start] GC(385) Summary Phase
[213.978s][info][gc,phases      ] GC(385) Summary Phase 0.129ms
[213.978s][info][gc,phases,start] GC(385) Adjust Roots
[213.978s][info][gc,phases      ] GC(385) Adjust Roots 0.180ms
[213.978s][info][gc,phases,start] GC(385) Compaction Phase
[215.011s][info][gc,phases      ] GC(385) Compaction Phase 1032.401ms
[215.011s][info][gc,phases,start] GC(385) Post Compact
[215.029s][info][gc,phases      ] GC(385) Post Compact 18.009ms
[215.029s][info][gc,heap        ] GC(385) PSYoungGen: 158207K(726528K)->158207K(704512K) Eden: 158207K(158208K)->158207K(158208K) From: 0K(568320K)->0K(546304K)
[215.029s][info][gc,heap        ] GC(385) ParOldGen: 12015073K(12015104K)->12015073K(12015104K)
[215.029s][info][gc,metaspace   ] GC(385) Metaspace: 6301K(6464K)->6301K(6464K) NonClass: 5768K(5824K)->5768K(5824K) Class: 533K(640K)->533K(640K)
[215.029s][info][gc             ] GC(385) Pause Full (Ergonomics) 11887M->11887M(12421M) 3809.580ms
[215.029s][info][gc,cpu         ] GC(385) User=27.36s Sys=0.02s Real=3.81s
[215.029s][info][gc,start       ] GC(386) Pause Full (Ergonomics)
[215.029s][info][gc,phases,start] GC(386) Marking Phase
[217.773s][info][gc,phases      ] GC(386) Marking Phase 2743.484ms
[217.773s][info][gc,phases,start] GC(386) Summary Phase
[217.773s][info][gc,phases      ] GC(386) Summary Phase 0.115ms
[217.773s][info][gc,phases,start] GC(386) Adjust Roots
[217.773s][info][gc,phases      ] GC(386) Adjust Roots 0.167ms
[217.773s][info][gc,phases,start] GC(386) Compaction Phase
[218.822s][info][gc,phases      ] GC(386) Compaction Phase 1049.189ms
[218.822s][info][gc,phases,start] GC(386) Post Compact
[218.841s][info][gc,phases      ] GC(386) Post Compact 18.321ms
[218.841s][info][gc,heap        ] GC(386) PSYoungGen: 158207K(704512K)->158207K(726528K) Eden: 158207K(158208K)->158207K(158208K) From: 0K(546304K)->0K(568320K)
[218.841s][info][gc,heap        ] GC(386) ParOldGen: 12015078K(12015104K)->12015078K(12015104K)
[218.841s][info][gc,metaspace   ] GC(386) Metaspace: 6301K(6464K)->6301K(6464K) NonClass: 5768K(5824K)->5768K(5824K) Class: 533K(640K)->533K(640K)
[218.841s][info][gc             ] GC(386) Pause Full (Ergonomics) 11887M->11887M(12443M) 3811.623ms
[218.841s][info][gc,cpu         ] GC(386) User=27.45s Sys=0.00s Real=3.81s
[218.841s][info][gc,start       ] GC(387) Pause Full (Ergonomics)
[218.841s][info][gc,phases,start] GC(387) Marking Phase
[221.576s][info][gc,phases      ] GC(387) Marking Phase 2735.065ms
[221.576s][info][gc,phases,start] GC(387) Summary Phase
[221.576s][info][gc,phases      ] GC(387) Summary Phase 0.115ms
[221.576s][info][gc,phases,start] GC(387) Adjust Roots
[221.576s][info][gc,phases      ] GC(387) Adjust Roots 0.171ms
[221.576s][info][gc,phases,start] GC(387) Compaction Phase
[222.628s][info][gc,phases      ] GC(387) Compaction Phase 1051.944ms
[222.628s][info][gc,phases,start] GC(387) Post Compact
[222.646s][info][gc,phases      ] GC(387) Post Compact 17.953ms
[222.647s][info][gc,heap        ] GC(387) PSYoungGen: 158207K(726528K)->158207K(704512K) Eden: 158207K(158208K)->158207K(158208K) From: 0K(568320K)->0K(546304K)
[222.647s][info][gc,heap        ] GC(387) ParOldGen: 12015083K(12015104K)->12015083K(12015104K)
[222.647s][info][gc,metaspace   ] GC(387) Metaspace: 6301K(6464K)->6301K(6464K) NonClass: 5768K(5824K)->5768K(5824K) Class: 533K(640K)->533K(640K)
[222.647s][info][gc             ] GC(387) Pause Full (Ergonomics) 11887M->11887M(12421M) 3805.598ms
[222.647s][info][gc,cpu         ] GC(387) User=27.27s Sys=0.00s Real=3.81s
[222.647s][info][gc,start       ] GC(388) Pause Full (Ergonomics)
[222.647s][info][gc,phases,start] GC(388) Marking Phase
[225.397s][info][gc,phases      ] GC(388) Marking Phase 2750.064ms
[225.397s][info][gc,phases,start] GC(388) Summary Phase
[225.397s][info][gc,phases      ] GC(388) Summary Phase 0.119ms
[225.397s][info][gc,phases,start] GC(388) Adjust Roots
[225.397s][info][gc,phases      ] GC(388) Adjust Roots 0.204ms
[225.397s][info][gc,phases,start] GC(388) Compaction Phase
[226.405s][info][gc,phases      ] GC(388) Compaction Phase 1007.269ms
[226.405s][info][gc,phases,start] GC(388) Post Compact
[226.423s][info][gc,phases      ] GC(388) Post Compact 18.486ms
[226.423s][info][gc,heap        ] GC(388) PSYoungGen: 158207K(704512K)->158207K(726528K) Eden: 158207K(158208K)->158207K(158208K) From: 0K(546304K)->0K(568320K)
[226.423s][info][gc,heap        ] GC(388) ParOldGen: 12015088K(12015104K)->12015088K(12015104K)
[226.423s][info][gc,metaspace   ] GC(388) Metaspace: 6301K(6464K)->6301K(6464K) NonClass: 5768K(5824K)->5768K(5824K) Class: 533K(640K)->533K(640K)
[226.423s][info][gc             ] GC(388) Pause Full (Ergonomics) 11887M->11887M(12443M) 3776.491ms
[226.423s][info][gc,cpu         ] GC(388) User=27.48s Sys=0.02s Real=3.78s
[226.424s][info][gc,start       ] GC(389) Pause Full (Ergonomics)
[226.424s][info][gc,phases,start] GC(389) Marking Phase
[229.177s][info][gc,phases      ] GC(389) Marking Phase 2753.510ms
[229.177s][info][gc,phases,start] GC(389) Summary Phase
[229.177s][info][gc,phases      ] GC(389) Summary Phase 0.140ms
[229.177s][info][gc,phases,start] GC(389) Adjust Roots
[229.178s][info][gc,phases      ] GC(389) Adjust Roots 0.273ms
[229.178s][info][gc,phases,start] GC(389) Compaction Phase
[230.218s][info][gc,phases      ] GC(389) Compaction Phase 1040.224ms
[230.218s][info][gc,phases,start] GC(389) Post Compact
[230.236s][info][gc,phases      ] GC(389) Post Compact 18.169ms
[230.236s][info][gc,heap        ] GC(389) PSYoungGen: 158207K(726528K)->158207K(704512K) Eden: 158207K(158208K)->158207K(158208K) From: 0K(568320K)->0K(546304K)
[230.236s][info][gc,heap        ] GC(389) ParOldGen: 12015092K(12015104K)->12015092K(12015104K)
[230.236s][info][gc,metaspace   ] GC(389) Metaspace: 6301K(6464K)->6301K(6464K) NonClass: 5768K(5824K)->5768K(5824K) Class: 533K(640K)->533K(640K)
[230.236s][info][gc             ] GC(389) Pause Full (Ergonomics) 11887M->11887M(12421M) 3812.657ms
[230.236s][info][gc,cpu         ] GC(389) User=27.16s Sys=0.00s Real=3.81s
[230.236s][info][gc,start       ] GC(390) Pause Full (Ergonomics)
[230.236s][info][gc,phases,start] GC(390) Marking Phase
[233.006s][info][gc,phases      ] GC(390) Marking Phase 2769.214ms
[233.006s][info][gc,phases,start] GC(390) Summary Phase
[233.006s][info][gc,phases      ] GC(390) Summary Phase 0.109ms
[233.006s][info][gc,phases,start] GC(390) Adjust Roots
[233.006s][info][gc,phases      ] GC(390) Adjust Roots 0.175ms
[233.006s][info][gc,phases,start] GC(390) Compaction Phase
[234.042s][info][gc,phases      ] GC(390) Compaction Phase 1036.250ms
[234.042s][info][gc,phases,start] GC(390) Post Compact
[234.060s][info][gc,phases      ] GC(390) Post Compact 17.983ms
[234.060s][info][gc,heap        ] GC(390) PSYoungGen: 158207K(704512K)->158207K(726528K) Eden: 158207K(158208K)->158207K(158208K) From: 0K(546304K)->0K(568320K)
[234.061s][info][gc,heap        ] GC(390) ParOldGen: 12015097K(12015104K)->12015097K(12015104K)
[234.061s][info][gc,metaspace   ] GC(390) Metaspace: 6301K(6464K)->6301K(6464K) NonClass: 5768K(5824K)->5768K(5824K) Class: 533K(640K)->533K(640K)
[234.061s][info][gc             ] GC(390) Pause Full (Ergonomics) 11887M->11887M(12443M) 3824.085ms
[234.061s][info][gc,cpu         ] GC(390) User=27.41s Sys=0.00s Real=3.82s
[234.061s][info][gc,start       ] GC(391) Pause Full (Ergonomics)
[234.061s][info][gc,phases,start] GC(391) Marking Phase
[236.821s][info][gc,phases      ] GC(391) Marking Phase 2760.494ms
[236.821s][info][gc,phases,start] GC(391) Summary Phase
[236.821s][info][gc,phases      ] GC(391) Summary Phase 0.115ms
[236.821s][info][gc,phases,start] GC(391) Adjust Roots
[236.822s][info][gc,phases      ] GC(391) Adjust Roots 0.188ms
[236.822s][info][gc,phases,start] GC(391) Compaction Phase
[237.931s][info][gc,phases      ] GC(391) Compaction Phase 1109.021ms
[237.931s][info][gc,phases,start] GC(391) Post Compact
[237.949s][info][gc,phases      ] GC(391) Post Compact 17.922ms
[237.949s][info][gc,heap        ] GC(391) PSYoungGen: 158207K(726528K)->158207K(704512K) Eden: 158207K(158208K)->158207K(158208K) From: 0K(568320K)->0K(546304K)
[237.949s][info][gc,heap        ] GC(391) ParOldGen: 12015102K(12015104K)->12015102K(12015104K)
[237.949s][info][gc,metaspace   ] GC(391) Metaspace: 6301K(6464K)->6301K(6464K) NonClass: 5768K(5824K)->5768K(5824K) Class: 533K(640K)->533K(640K)
[237.949s][info][gc             ] GC(391) Pause Full (Ergonomics) 11887M->11887M(12421M) 3888.069ms
[237.949s][info][gc,cpu         ] GC(391) User=27.50s Sys=0.03s Real=3.89s
[237.949s][info][gc,start       ] GC(392) Pause Full (Ergonomics)
[237.949s][info][gc,phases,start] GC(392) Marking Phase
[240.707s][info][gc,phases      ] GC(392) Marking Phase 2758.284ms
[240.707s][info][gc,phases,start] GC(392) Summary Phase
[240.707s][info][gc,phases      ] GC(392) Summary Phase 0.121ms
[240.708s][info][gc,phases,start] GC(392) Adjust Roots
[240.708s][info][gc,phases      ] GC(392) Adjust Roots 0.217ms
[240.708s][info][gc,phases,start] GC(392) Compaction Phase
[241.752s][info][gc,phases      ] GC(392) Compaction Phase 1044.257ms
[241.752s][info][gc,phases,start] GC(392) Post Compact
[241.775s][info][gc,phases      ] GC(392) Post Compact 23.199ms
[241.775s][info][gc,heap        ] GC(392) PSYoungGen: 158207K(704512K)->158207K(726528K) Eden: 158207K(158208K)->158207K(158208K) From: 0K(546304K)->0K(568320K)
[241.775s][info][gc,heap        ] GC(392) ParOldGen: 12015103K(12015104K)->12015103K(12015104K)
[241.775s][info][gc,metaspace   ] GC(392) Metaspace: 6301K(6464K)->6301K(6464K) NonClass: 5768K(5824K)->5768K(5824K) Class: 533K(640K)->533K(640K)
[241.775s][info][gc             ] GC(392) Pause Full (Ergonomics) 11887M->11887M(12443M) 3826.406ms
[241.775s][info][gc,cpu         ] GC(392) User=27.66s Sys=0.00s Real=3.83s
[241.775s][info][gc,start       ] GC(393) Pause Full (Allocation Failure)
[241.775s][info][gc,phases,start] GC(393) Marking Phase
[244.651s][info][gc,phases      ] GC(393) Marking Phase 2875.868ms
[244.651s][info][gc,phases,start] GC(393) Summary Phase
[244.652s][info][gc,phases      ] GC(393) Summary Phase 0.156ms
[244.652s][info][gc,phases,start] GC(393) Adjust Roots
[244.652s][info][gc,phases      ] GC(393) Adjust Roots 0.447ms
[244.652s][info][gc,phases,start] GC(393) Compaction Phase
[247.574s][info][gc,phases      ] GC(393) Compaction Phase 2922.020ms
[247.574s][info][gc,phases,start] GC(393) Post Compact
[247.596s][info][gc,phases      ] GC(393) Post Compact 22.093ms
[247.596s][info][gc,heap        ] GC(393) PSYoungGen: 158207K(726528K)->158207K(704512K) Eden: 158207K(158208K)->158207K(158208K) From: 0K(568320K)->0K(546304K)
[247.596s][info][gc,heap        ] GC(393) ParOldGen: 12015103K(12015104K)->12015099K(12015104K)
[247.596s][info][gc,metaspace   ] GC(393) Metaspace: 6301K(6464K)->6299K(6464K) NonClass: 5768K(5824K)->5766K(5824K) Class: 533K(640K)->532K(640K)
[247.596s][info][gc             ] GC(393) Pause Full (Allocation Failure) 11887M->11887M(12421M) 5820.921ms
[247.596s][info][gc,cpu         ] GC(393) User=39.31s Sys=0.42s Real=5.82s
[247.605s][info][gc,start       ] GC(394) Pause Full (Ergonomics)
[247.605s][info][gc,phases,start] GC(394) Marking Phase
[250.457s][info][gc,phases      ] GC(394) Marking Phase 2852.562ms
[250.457s][info][gc,phases,start] GC(394) Summary Phase
[250.458s][info][gc,phases      ] GC(394) Summary Phase 0.158ms
[250.458s][info][gc,phases,start] GC(394) Adjust Roots
[250.458s][info][gc,phases      ] GC(394) Adjust Roots 0.290ms
[250.458s][info][gc,phases,start] GC(394) Compaction Phase
[251.564s][info][gc,phases      ] GC(394) Compaction Phase 1106.081ms
[251.564s][info][gc,phases,start] GC(394) Post Compact
[251.586s][info][gc,phases      ] GC(394) Post Compact 22.327ms
[251.586s][info][gc,heap        ] GC(394) PSYoungGen: 158207K(704512K)->158207K(726528K) Eden: 158207K(158208K)->158207K(158208K) From: 0K(546304K)->0K(568320K)
[251.586s][info][gc,heap        ] GC(394) ParOldGen: 12015103K(12015104K)->12015103K(12015104K)
[251.586s][info][gc,metaspace   ] GC(394) Metaspace: 6299K(6464K)->6299K(6464K) NonClass: 5766K(5824K)->5766K(5824K) Class: 532K(640K)->532K(640K)
[251.587s][info][gc             ] GC(394) Pause Full (Ergonomics) 11887M->11887M(12443M) 3981.831ms
[251.587s][info][gc,cpu         ] GC(394) User=27.95s Sys=0.05s Real=3.98s
[251.587s][info][gc,start       ] GC(395) Pause Full (Ergonomics)
[251.587s][info][gc,phases,start] GC(395) Marking Phase
[254.384s][info][gc,phases      ] GC(395) Marking Phase 2796.578ms
[254.384s][info][gc,phases,start] GC(395) Summary Phase
[254.384s][info][gc,phases      ] GC(395) Summary Phase 0.132ms
[254.384s][info][gc,phases,start] GC(395) Adjust Roots
[254.384s][info][gc,phases      ] GC(395) Adjust Roots 0.194ms
[254.384s][info][gc,phases,start] GC(395) Compaction Phase
[255.439s][info][gc,phases      ] GC(395) Compaction Phase 1054.772ms
[255.439s][info][gc,phases,start] GC(395) Post Compact
[255.458s][info][gc,phases      ] GC(395) Post Compact 19.385ms
[255.459s][info][gc,heap        ] GC(395) PSYoungGen: 158207K(726528K)->158207K(704512K) Eden: 158207K(158208K)->158207K(158208K) From: 0K(568320K)->0K(546304K)
[255.459s][info][gc,heap        ] GC(395) ParOldGen: 12015103K(12015104K)->12015103K(12015104K)
[255.459s][info][gc,metaspace   ] GC(395) Metaspace: 6299K(6464K)->6299K(6464K) NonClass: 5766K(5824K)->5766K(5824K) Class: 532K(640K)->532K(640K)
[255.459s][info][gc             ] GC(395) Pause Full (Ergonomics) 11887M->11887M(12421M) 3871.422ms
[255.459s][info][gc,cpu         ] GC(395) User=27.55s Sys=0.02s Real=3.87s
[255.459s][info][gc,start       ] GC(396) Pause Full (Allocation Failure)
[255.459s][info][gc,phases,start] GC(396) Marking Phase
[258.328s][info][gc,phases      ] GC(396) Marking Phase 2869.767ms
[258.329s][info][gc,phases,start] GC(396) Summary Phase
[258.329s][info][gc,phases      ] GC(396) Summary Phase 0.117ms
[258.329s][info][gc,phases,start] GC(396) Adjust Roots
[258.329s][info][gc,phases      ] GC(396) Adjust Roots 0.233ms
[258.329s][info][gc,phases,start] GC(396) Compaction Phase
[259.486s][info][gc,phases      ] GC(396) Compaction Phase 1156.793ms
[259.486s][info][gc,phases,start] GC(396) Post Compact
[259.505s][info][gc,phases      ] GC(396) Post Compact 18.852ms
[259.505s][info][gc,heap        ] GC(396) PSYoungGen: 158207K(704512K)->158207K(726528K) Eden: 158207K(158208K)->158207K(158208K) From: 0K(546304K)->0K(568320K)
[259.505s][info][gc,heap        ] GC(396) ParOldGen: 12015103K(12015104K)->12015103K(12015104K)
[259.505s][info][gc,metaspace   ] GC(396) Metaspace: 6299K(6464K)->6299K(6464K) NonClass: 5766K(5824K)->5766K(5824K) Class: 532K(640K)->532K(640K)
[259.505s][info][gc             ] GC(396) Pause Full (Allocation Failure) 11887M->11887M(12443M) 4046.087ms
[259.505s][info][gc,cpu         ] GC(396) User=27.58s Sys=0.02s Real=4.05s
[259.506s][info][gc,start       ] GC(397) Pause Full (Ergonomics)
[259.506s][info][gc,phases,start] GC(397) Marking Phase
[262.354s][info][gc,phases      ] GC(397) Marking Phase 2847.840ms
[262.354s][info][gc,phases,start] GC(397) Summary Phase
[262.355s][info][gc,phases      ] GC(397) Summary Phase 0.180ms
[262.355s][info][gc,phases,start] GC(397) Adjust Roots
[262.355s][info][gc,phases      ] GC(397) Adjust Roots 0.334ms
[262.355s][info][gc,phases,start] GC(397) Compaction Phase
[265.375s][info][gc,phases      ] GC(397) Compaction Phase 3020.517ms
[265.376s][info][gc,phases,start] GC(397) Post Compact
[265.397s][info][gc,phases      ] GC(397) Post Compact 21.314ms
[265.397s][info][gc,heap        ] GC(397) PSYoungGen: 158208K(726528K)->158208K(704512K) Eden: 158208K(158208K)->158208K(158208K) From: 0K(568320K)->0K(546304K)
[265.397s][info][gc,heap        ] GC(397) ParOldGen: 12015103K(12015104K)->12015102K(12015104K)
[265.397s][info][gc,metaspace   ] GC(397) Metaspace: 6299K(6464K)->6299K(6464K) NonClass: 5766K(5824K)->5766K(5824K) Class: 532K(640K)->532K(640K)
[265.397s][info][gc             ] GC(397) Pause Full (Ergonomics) 11887M->11887M(12421M) 5890.599ms
[265.397s][info][gc,cpu         ] GC(397) User=41.20s Sys=0.00s Real=5.89s
[265.437s][info][gc,start       ] GC(398) Pause Full (Ergonomics)
[265.437s][info][gc,phases,start] GC(398) Marking Phase
[268.239s][info][gc,phases      ] GC(398) Marking Phase 2801.914ms
[268.239s][info][gc,phases,start] GC(398) Summary Phase
[268.239s][info][gc,phases      ] GC(398) Summary Phase 0.202ms
[268.239s][info][gc,phases,start] GC(398) Adjust Roots
[268.240s][info][gc,phases      ] GC(398) Adjust Roots 0.432ms
[268.240s][info][gc,phases,start] GC(398) Compaction Phase
[271.286s][info][gc,phases      ] GC(398) Compaction Phase 3046.584ms
[271.286s][info][gc,phases,start] GC(398) Post Compact
[271.305s][info][gc,phases      ] GC(398) Post Compact 18.372ms
[271.305s][info][gc,heap        ] GC(398) PSYoungGen: 158208K(704512K)->158208K(726528K) Eden: 158208K(158208K)->158208K(158208K) From: 0K(546304K)->0K(568320K)
[271.305s][info][gc,heap        ] GC(398) ParOldGen: 12015103K(12015104K)->12015100K(12015104K)
[271.305s][info][gc,metaspace   ] GC(398) Metaspace: 6301K(6464K)->6301K(6464K) NonClass: 5767K(5824K)->5767K(5824K) Class: 533K(640K)->533K(640K)
[271.305s][info][gc             ] GC(398) Pause Full (Ergonomics) 11887M->11887M(12443M) 5867.913ms
[271.305s][info][gc,cpu         ] GC(398) User=42.02s Sys=0.11s Real=5.87s
[271.306s][info][gc,heap,exit   ] Heap
[271.306s][info][gc,heap,exit   ]  PSYoungGen      total 726528K, used 158208K [0x0000000691580000, 0x00000006e1b80000, 0x0000000800000000)
[271.306s][info][gc,heap,exit   ]   eden space 158208K, 100% used [0x0000000691580000,0x000000069b000000,0x000000069b000000)
[271.306s][info][gc,heap,exit   ]   from space 568320K, 0% used [0x000000069b000000,0x000000069b000000,0x00000006bdb00000)
[271.306s][info][gc,heap,exit   ]   to   space 546304K, 0% used [0x00000006bdd80000,0x00000006bdd80000,0x00000006df300000)
[271.306s][info][gc,heap,exit   ]  ParOldGen       total 12015104K, used 12015101K [0x00000003b4000000, 0x0000000691580000, 0x0000000691580000)
[271.306s][info][gc,heap,exit   ]   object space 12015104K, 99% used [0x00000003b4000000,0x000000069157f5c0,0x0000000691580000)
[271.306s][info][gc,heap,exit   ]  Metaspace       used 6304K, committed 6528K, reserved 1114112K
[271.306s][info][gc,heap,exit   ]   class space    used 534K, committed 640K, reserved 1048576K
