[0.013s][info][gc,init] CardTable entry size: 512
[0.013s][info][gc     ] Using Parallel
[0.014s][info][gc,init] Version: 18.0.1+10 (release)
[0.014s][info][gc,init] CPUs: 8 total, 8 available
[0.014s][info][gc,init] Memory: 16063M
[0.014s][info][gc,init] Large Page Support: Disabled
[0.015s][info][gc,init] NUMA Support: Disabled
[0.015s][info][gc,init] Compressed Oops: Enabled (Zero based)
[0.015s][info][gc,init] Alignments: Space 512K, Generation 512K, Heap 2M
[0.015s][info][gc,init] Heap Min Capacity: 2M
[0.015s][info][gc,init] Heap Initial Capacity: 2M
[0.015s][info][gc,init] Heap Max Capacity: 14200M
[0.015s][info][gc,init] Pre-touch: Disabled
[0.015s][info][gc,init] Parallel Workers: 8
[0.015s][info][gc,metaspace] CDS archive(s) not mapped
[0.015s][info][gc,metaspace] Compressed class space mapped at: 0x0000000800000000-0x0000000840000000, reserved size: 1073741824
[0.015s][info][gc,metaspace] Narrow klass base: 0x0000000800000000, Narrow klass shift: 0, Narrow klass range: 0x40000000
[0.119s][info][gc,start    ] GC(0) Pause Young (Allocation Failure)
[0.120s][info][gc,heap     ] GC(0) PSYoungGen: 512K(1024K)->480K(1024K) Eden: 512K(512K)->0K(512K) From: 0K(512K)->480K(512K)
[0.120s][info][gc,heap     ] GC(0) ParOldGen: 0K(512K)->8K(512K)
[0.120s][info][gc,metaspace] GC(0) Metaspace: 4229K(4352K)->4229K(4352K) NonClass: 3908K(3968K)->3908K(3968K) Class: 321K(384K)->321K(384K)
[0.120s][info][gc          ] GC(0) Pause Young (Allocation Failure) 0M->0M(1M) 1.153ms
[0.120s][info][gc,cpu      ] GC(0) User=0.00s Sys=0.00s Real=0.00s
[0.175s][info][gc,start    ] GC(1) Pause Young (Allocation Failure)
[0.176s][info][gc,heap     ] GC(1) PSYoungGen: 991K(1024K)->512K(1024K) Eden: 511K(512K)->0K(512K) From: 480K(512K)->512K(512K)
[0.176s][info][gc,heap     ] GC(1) ParOldGen: 8K(512K)->88K(512K)
[0.176s][info][gc,metaspace] GC(1) Metaspace: 5875K(5952K)->5875K(5952K) NonClass: 5379K(5440K)->5379K(5440K) Class: 496K(512K)->496K(512K)
[0.176s][info][gc          ] GC(1) Pause Young (Allocation Failure) 0M->0M(1M) 0.818ms
[0.176s][info][gc,cpu      ] GC(1) User=0.00s Sys=0.00s Real=0.00s
[0.194s][info][gc,start    ] GC(2) Pause Young (Allocation Failure)
[0.195s][info][gc,heap     ] GC(2) PSYoungGen: 1024K(1024K)->512K(1024K) Eden: 512K(512K)->0K(512K) From: 512K(512K)->512K(512K)
[0.195s][info][gc,heap     ] GC(2) ParOldGen: 88K(512K)->232K(512K)
[0.195s][info][gc,metaspace] GC(2) Metaspace: 6293K(6464K)->6293K(6464K) NonClass: 5759K(5824K)->5759K(5824K) Class: 533K(640K)->533K(640K)
[0.195s][info][gc          ] GC(2) Pause Young (Allocation Failure) 1M->0M(1M) 1.001ms
[0.195s][info][gc,cpu      ] GC(2) User=0.00s Sys=0.00s Real=0.00s
[0.196s][info][gc,start    ] GC(3) Pause Young (Allocation Failure)
[0.197s][info][gc,heap     ] GC(3) PSYoungGen: 1024K(1024K)->512K(1536K) Eden: 512K(512K)->0K(1024K) From: 512K(512K)->512K(512K)
[0.197s][info][gc,heap     ] GC(3) ParOldGen: 232K(512K)->480K(512K)
[0.197s][info][gc,metaspace] GC(3) Metaspace: 6295K(6464K)->6295K(6464K) NonClass: 5762K(5824K)->5762K(5824K) Class: 533K(640K)->533K(640K)
[0.197s][info][gc          ] GC(3) Pause Young (Allocation Failure) 1M->0M(2M) 1.038ms
[0.197s][info][gc,cpu      ] GC(3) User=0.00s Sys=0.00s Real=0.00s
[0.197s][info][gc,start    ] GC(4) Pause Full (Ergonomics)
[0.197s][info][gc,phases,start] GC(4) Marking Phase
[0.198s][info][gc,phases      ] GC(4) Marking Phase 0.849ms
[0.198s][info][gc,phases,start] GC(4) Summary Phase
[0.198s][info][gc,phases      ] GC(4) Summary Phase 0.013ms
[0.198s][info][gc,phases,start] GC(4) Adjust Roots
[0.199s][info][gc,phases      ] GC(4) Adjust Roots 0.270ms
[0.199s][info][gc,phases,start] GC(4) Compaction Phase
[0.200s][info][gc,phases      ] GC(4) Compaction Phase 1.115ms
[0.200s][info][gc,phases,start] GC(4) Post Compact
[0.200s][info][gc,phases      ] GC(4) Post Compact 0.064ms
[0.200s][info][gc,heap        ] GC(4) PSYoungGen: 512K(1536K)->511K(1536K) Eden: 0K(1024K)->0K(1024K) From: 512K(512K)->511K(512K)
[0.200s][info][gc,heap        ] GC(4) ParOldGen: 480K(512K)->453K(2048K)
[0.200s][info][gc,metaspace   ] GC(4) Metaspace: 6295K(6464K)->6295K(6464K) NonClass: 5762K(5824K)->5762K(5824K) Class: 533K(640K)->533K(640K)
[0.200s][info][gc             ] GC(4) Pause Full (Ergonomics) 0M->0M(3M) 2.589ms
[0.200s][info][gc,cpu         ] GC(4) User=0.00s Sys=0.00s Real=0.00s
[0.201s][info][gc,start       ] GC(5) Pause Young (Allocation Failure)
[0.202s][info][gc,heap        ] GC(5) PSYoungGen: 1535K(1536K)->480K(1536K) Eden: 1024K(1024K)->0K(1024K) From: 511K(512K)->480K(512K)
[0.203s][info][gc,heap        ] GC(5) ParOldGen: 453K(2048K)->1017K(2048K)
[0.203s][info][gc,metaspace   ] GC(5) Metaspace: 6295K(6464K)->6295K(6464K) NonClass: 5762K(5824K)->5762K(5824K) Class: 533K(640K)->533K(640K)
[0.203s][info][gc             ] GC(5) Pause Young (Allocation Failure) 1M->1M(3M) 1.174ms
[0.203s][info][gc,cpu         ] GC(5) User=0.00s Sys=0.00s Real=0.00s
[0.204s][info][gc,start       ] GC(6) Pause Young (Allocation Failure)
[0.205s][info][gc,heap        ] GC(6) PSYoungGen: 1504K(1536K)->1024K(3584K) Eden: 1024K(1024K)->0K(2048K) From: 480K(512K)->1024K(1536K)
[0.205s][info][gc,heap        ] GC(6) ParOldGen: 1017K(2048K)->1017K(2048K)
[0.205s][info][gc,metaspace   ] GC(6) Metaspace: 6295K(6464K)->6295K(6464K) NonClass: 5762K(5824K)->5762K(5824K) Class: 533K(640K)->533K(640K)
[0.205s][info][gc             ] GC(6) Pause Young (Allocation Failure) 2M->1M(5M) 1.135ms
[0.205s][info][gc,cpu         ] GC(6) User=0.00s Sys=0.00s Real=0.00s
[0.207s][info][gc,start       ] GC(7) Pause Young (Allocation Failure)
[0.210s][info][gc,heap        ] GC(7) PSYoungGen: 3072K(3584K)->1504K(3584K) Eden: 2048K(2048K)->0K(2048K) From: 1024K(1536K)->1504K(1536K)
[0.210s][info][gc,heap        ] GC(7) ParOldGen: 1017K(2048K)->1561K(2048K)
[0.210s][info][gc,metaspace   ] GC(7) Metaspace: 6295K(6464K)->6295K(6464K) NonClass: 5762K(5824K)->5762K(5824K) Class: 533K(640K)->533K(640K)
[0.210s][info][gc             ] GC(7) Pause Young (Allocation Failure) 3M->2M(5M) 2.239ms
[0.210s][info][gc,cpu         ] GC(7) User=0.00s Sys=0.00s Real=0.00s
[0.210s][info][gc,start       ] GC(8) Pause Full (Ergonomics)
[0.210s][info][gc,phases,start] GC(8) Marking Phase
[0.212s][info][gc,phases      ] GC(8) Marking Phase 1.759ms
[0.212s][info][gc,phases,start] GC(8) Summary Phase
[0.212s][info][gc,phases      ] GC(8) Summary Phase 0.014ms
[0.212s][info][gc,phases,start] GC(8) Adjust Roots
[0.212s][info][gc,phases      ] GC(8) Adjust Roots 0.388ms
[0.212s][info][gc,phases,start] GC(8) Compaction Phase
[0.214s][info][gc,phases      ] GC(8) Compaction Phase 2.227ms
[0.214s][info][gc,phases,start] GC(8) Post Compact
[0.214s][info][gc,phases      ] GC(8) Post Compact 0.027ms
[0.214s][info][gc,heap        ] GC(8) PSYoungGen: 1504K(3584K)->1501K(3584K) Eden: 0K(2048K)->0K(2048K) From: 1504K(1536K)->1501K(1536K)
[0.214s][info][gc,heap        ] GC(8) ParOldGen: 1561K(2048K)->1536K(4096K)
[0.214s][info][gc,metaspace   ] GC(8) Metaspace: 6295K(6464K)->6295K(6464K) NonClass: 5762K(5824K)->5762K(5824K) Class: 533K(640K)->533K(640K)
[0.214s][info][gc             ] GC(8) Pause Full (Ergonomics) 2M->2M(7M) 4.725ms
[0.215s][info][gc,cpu         ] GC(8) User=0.00s Sys=0.00s Real=0.01s
[0.218s][info][gc,start       ] GC(9) Pause Young (Allocation Failure)
[0.220s][info][gc,heap        ] GC(9) PSYoungGen: 3549K(3584K)->2016K(5120K) Eden: 2048K(2048K)->0K(3072K) From: 1501K(1536K)->2016K(2048K)
[0.220s][info][gc,heap        ] GC(9) ParOldGen: 1536K(4096K)->2088K(4096K)
[0.220s][info][gc,metaspace   ] GC(9) Metaspace: 6295K(6464K)->6295K(6464K) NonClass: 5762K(5824K)->5762K(5824K) Class: 533K(640K)->533K(640K)
[0.220s][info][gc             ] GC(9) Pause Young (Allocation Failure) 4M->4M(9M) 2.266ms
[0.220s][info][gc,cpu         ] GC(9) User=0.00s Sys=0.00s Real=0.00s
[0.224s][info][gc,start       ] GC(10) Pause Young (Allocation Failure)
[0.227s][info][gc,heap        ] GC(10) PSYoungGen: 5088K(5120K)->2528K(5632K) Eden: 3072K(3072K)->0K(3072K) From: 2016K(2048K)->2528K(2560K)
[0.227s][info][gc,heap        ] GC(10) ParOldGen: 2088K(4096K)->3176K(4096K)
[0.228s][info][gc,metaspace   ] GC(10) Metaspace: 6295K(6464K)->6295K(6464K) NonClass: 5762K(5824K)->5762K(5824K) Class: 533K(640K)->533K(640K)
[0.228s][info][gc             ] GC(10) Pause Young (Allocation Failure) 7M->5M(9M) 3.179ms
[0.228s][info][gc,cpu         ] GC(10) User=0.00s Sys=0.00s Real=0.00s
[0.228s][info][gc,start       ] GC(11) Pause Full (Ergonomics)
[0.228s][info][gc,phases,start] GC(11) Marking Phase
[0.230s][info][gc,phases      ] GC(11) Marking Phase 2.708ms
[0.230s][info][gc,phases,start] GC(11) Summary Phase
[0.230s][info][gc,phases      ] GC(11) Summary Phase 0.017ms
[0.230s][info][gc,phases,start] GC(11) Adjust Roots
[0.231s][info][gc,phases      ] GC(11) Adjust Roots 0.220ms
[0.231s][info][gc,phases,start] GC(11) Compaction Phase
[0.234s][info][gc,phases      ] GC(11) Compaction Phase 3.042ms
[0.234s][info][gc,phases,start] GC(11) Post Compact
[0.234s][info][gc,phases      ] GC(11) Post Compact 0.037ms
[0.234s][info][gc,heap        ] GC(11) PSYoungGen: 2528K(5632K)->2012K(5632K) Eden: 0K(3072K)->0K(3072K) From: 2528K(2560K)->2012K(2560K)
[0.234s][info][gc,heap        ] GC(11) ParOldGen: 3176K(4096K)->3646K(7168K)
[0.234s][info][gc,metaspace   ] GC(11) Metaspace: 6295K(6464K)->6295K(6464K) NonClass: 5762K(5824K)->5762K(5824K) Class: 533K(640K)->533K(640K)
[0.234s][info][gc             ] GC(11) Pause Full (Ergonomics) 5M->5M(12M) 6.321ms
[0.234s][info][gc,cpu         ] GC(11) User=0.00s Sys=0.00s Real=0.01s
[0.239s][info][gc,start       ] GC(12) Pause Young (Allocation Failure)
[0.243s][info][gc,heap        ] GC(12) PSYoungGen: 5084K(5632K)->2688K(8192K) Eden: 3072K(3072K)->0K(4608K) From: 2012K(2560K)->2688K(3584K)
[0.243s][info][gc,heap        ] GC(12) ParOldGen: 3646K(7168K)->4622K(7168K)
[0.243s][info][gc,metaspace   ] GC(12) Metaspace: 6295K(6464K)->6295K(6464K) NonClass: 5762K(5824K)->5762K(5824K) Class: 533K(640K)->533K(640K)
[0.243s][info][gc             ] GC(12) Pause Young (Allocation Failure) 8M->7M(15M) 3.532ms
[0.243s][info][gc,cpu         ] GC(12) User=0.00s Sys=0.00s Real=0.00s
[0.247s][info][gc,start       ] GC(13) Pause Young (Allocation Failure)
[0.251s][info][gc,heap        ] GC(13) PSYoungGen: 7296K(8192K)->2432K(8192K) Eden: 4608K(4608K)->0K(4608K) From: 2688K(3584K)->2432K(3584K)
[0.251s][info][gc,heap        ] GC(13) ParOldGen: 4622K(7168K)->7302K(7680K)
[0.251s][info][gc,metaspace   ] GC(13) Metaspace: 6295K(6464K)->6295K(6464K) NonClass: 5762K(5824K)->5762K(5824K) Class: 533K(640K)->533K(640K)
[0.251s][info][gc             ] GC(13) Pause Young (Allocation Failure) 11M->9M(15M) 3.620ms
[0.251s][info][gc,cpu         ] GC(13) User=0.00s Sys=0.00s Real=0.00s
[0.251s][info][gc,start       ] GC(14) Pause Full (Ergonomics)
[0.251s][info][gc,phases,start] GC(14) Marking Phase
[0.255s][info][gc,phases      ] GC(14) Marking Phase 4.387ms
[0.255s][info][gc,phases,start] GC(14) Summary Phase
[0.255s][info][gc,phases      ] GC(14) Summary Phase 0.014ms
[0.255s][info][gc,phases,start] GC(14) Adjust Roots
[0.255s][info][gc,phases      ] GC(14) Adjust Roots 0.164ms
[0.255s][info][gc,phases,start] GC(14) Compaction Phase
[0.259s][info][gc,phases      ] GC(14) Compaction Phase 3.233ms
[0.259s][info][gc,phases,start] GC(14) Post Compact
[0.259s][info][gc,phases      ] GC(14) Post Compact 0.063ms
[0.259s][info][gc,heap        ] GC(14) PSYoungGen: 2432K(8192K)->2372K(8192K) Eden: 0K(4608K)->0K(4608K) From: 2432K(3584K)->2372K(3584K)
[0.259s][info][gc,heap        ] GC(14) ParOldGen: 7302K(7680K)->7231K(12288K)
[0.259s][info][gc,metaspace   ] GC(14) Metaspace: 6295K(6464K)->6295K(6464K) NonClass: 5762K(5824K)->5762K(5824K) Class: 533K(640K)->533K(640K)
[0.259s][info][gc             ] GC(14) Pause Full (Ergonomics) 9M->9M(20M) 8.207ms
[0.259s][info][gc,cpu         ] GC(14) User=0.00s Sys=0.00s Real=0.01s
[0.263s][info][gc,start       ] GC(15) Pause Young (Allocation Failure)
[0.266s][info][gc,heap        ] GC(15) PSYoungGen: 6471K(8192K)->2080K(10752K) Eden: 4099K(4608K)->0K(6656K) From: 2372K(3584K)->2080K(4096K)
[0.267s][info][gc,heap        ] GC(15) ParOldGen: 7231K(12288K)->9647K(12288K)
[0.267s][info][gc,metaspace   ] GC(15) Metaspace: 6295K(6464K)->6295K(6464K) NonClass: 5762K(5824K)->5762K(5824K) Class: 533K(640K)->533K(640K)
[0.267s][info][gc             ] GC(15) Pause Young (Allocation Failure) 13M->11M(22M) 3.822ms
[0.267s][info][gc,cpu         ] GC(15) User=0.00s Sys=0.00s Real=0.00s
[0.274s][info][gc,start       ] GC(16) Pause Young (Allocation Failure)
[0.279s][info][gc,heap        ] GC(16) PSYoungGen: 8736K(10752K)->3712K(10752K) Eden: 6656K(6656K)->0K(6656K) From: 2080K(4096K)->3712K(4096K)
[0.279s][info][gc,heap        ] GC(16) ParOldGen: 9647K(12288K)->11751K(12288K)
[0.279s][info][gc,metaspace   ] GC(16) Metaspace: 6297K(6464K)->6297K(6464K) NonClass: 5764K(5824K)->5764K(5824K) Class: 533K(640K)->533K(640K)
[0.279s][info][gc             ] GC(16) Pause Young (Allocation Failure) 17M->15M(22M) 4.575ms
[0.279s][info][gc,cpu         ] GC(16) User=0.00s Sys=0.00s Real=0.00s
[0.279s][info][gc,start       ] GC(17) Pause Full (Ergonomics)
[0.279s][info][gc,phases,start] GC(17) Marking Phase
[0.285s][info][gc,phases      ] GC(17) Marking Phase 6.716ms
[0.286s][info][gc,phases,start] GC(17) Summary Phase
[0.286s][info][gc,phases      ] GC(17) Summary Phase 0.015ms
[0.286s][info][gc,phases,start] GC(17) Adjust Roots
[0.286s][info][gc,phases      ] GC(17) Adjust Roots 0.186ms
[0.286s][info][gc,phases,start] GC(17) Compaction Phase
[0.292s][info][gc,phases      ] GC(17) Compaction Phase 6.521ms
[0.292s][info][gc,phases,start] GC(17) Post Compact
[0.292s][info][gc,phases      ] GC(17) Post Compact 0.069ms
[0.293s][info][gc,heap        ] GC(17) PSYoungGen: 3712K(10752K)->3040K(10752K) Eden: 0K(6656K)->0K(6656K) From: 3712K(4096K)->3040K(4096K)
[0.293s][info][gc,heap        ] GC(17) ParOldGen: 11751K(12288K)->12023K(18944K)
[0.293s][info][gc,metaspace   ] GC(17) Metaspace: 6297K(6464K)->6297K(6464K) NonClass: 5764K(5824K)->5764K(5824K) Class: 533K(640K)->533K(640K)
[0.293s][info][gc             ] GC(17) Pause Full (Ergonomics) 15M->14M(29M) 13.837ms
[0.293s][info][gc,cpu         ] GC(17) User=0.00s Sys=0.00s Real=0.01s
[0.298s][info][gc,start       ] GC(18) Pause Young (Allocation Failure)
[0.303s][info][gc,heap        ] GC(18) PSYoungGen: 9696K(10752K)->3488K(13824K) Eden: 6656K(6656K)->0K(9216K) From: 3040K(4096K)->3488K(4608K)
[0.303s][info][gc,heap        ] GC(18) ParOldGen: 12023K(18944K)->15119K(18944K)
[0.303s][info][gc,metaspace   ] GC(18) Metaspace: 6297K(6464K)->6297K(6464K) NonClass: 5764K(5824K)->5764K(5824K) Class: 533K(640K)->533K(640K)
[0.304s][info][gc             ] GC(18) Pause Young (Allocation Failure) 21M->18M(32M) 5.961ms
[0.304s][info][gc,cpu         ] GC(18) User=0.00s Sys=0.00s Real=0.01s
[0.312s][info][gc,start       ] GC(19) Pause Young (Allocation Failure)
[0.319s][info][gc,heap        ] GC(19) PSYoungGen: 12704K(13824K)->4576K(13824K) Eden: 9216K(9216K)->0K(9216K) From: 3488K(4608K)->4576K(4608K)
[0.319s][info][gc,heap        ] GC(19) ParOldGen: 15119K(18944K)->19311K(19456K)
[0.319s][info][gc,metaspace   ] GC(19) Metaspace: 6297K(6464K)->6297K(6464K) NonClass: 5764K(5824K)->5764K(5824K) Class: 533K(640K)->533K(640K)
[0.319s][info][gc             ] GC(19) Pause Young (Allocation Failure) 27M->23M(32M) 7.084ms
[0.319s][info][gc,cpu         ] GC(19) User=0.00s Sys=0.00s Real=0.01s
[0.319s][info][gc,start       ] GC(20) Pause Full (Ergonomics)
[0.319s][info][gc,phases,start] GC(20) Marking Phase
[0.328s][info][gc,phases      ] GC(20) Marking Phase 9.498ms
[0.328s][info][gc,phases,start] GC(20) Summary Phase
[0.328s][info][gc,phases      ] GC(20) Summary Phase 0.020ms
[0.328s][info][gc,phases,start] GC(20) Adjust Roots
[0.329s][info][gc,phases      ] GC(20) Adjust Roots 0.209ms
[0.329s][info][gc,phases,start] GC(20) Compaction Phase
[0.337s][info][gc,phases      ] GC(20) Compaction Phase 8.241ms
[0.337s][info][gc,phases,start] GC(20) Post Compact
[0.337s][info][gc,phases      ] GC(20) Post Compact 0.088ms
[0.337s][info][gc,heap        ] GC(20) PSYoungGen: 4576K(13824K)->4569K(13824K) Eden: 0K(9216K)->0K(9216K) From: 4576K(4608K)->4569K(4608K)
[0.337s][info][gc,heap        ] GC(20) ParOldGen: 19311K(19456K)->18673K(28160K)
[0.337s][info][gc,metaspace   ] GC(20) Metaspace: 6297K(6464K)->6297K(6464K) NonClass: 5764K(5824K)->5764K(5824K) Class: 533K(640K)->533K(640K)
[0.337s][info][gc             ] GC(20) Pause Full (Ergonomics) 23M->22M(41M) 18.499ms
[0.337s][info][gc,cpu         ] GC(20) User=0.00s Sys=0.00s Real=0.02s
[0.343s][info][gc,start       ] GC(21) Pause Young (Allocation Failure)
[0.351s][info][gc,heap        ] GC(21) PSYoungGen: 13785K(13824K)->4800K(19456K) Eden: 9216K(9216K)->0K(12288K) From: 4569K(4608K)->4800K(7168K)
[0.351s][info][gc,heap        ] GC(21) ParOldGen: 18673K(28160K)->23313K(28160K)
[0.351s][info][gc,metaspace   ] GC(21) Metaspace: 6297K(6464K)->6297K(6464K) NonClass: 5764K(5824K)->5764K(5824K) Class: 533K(640K)->533K(640K)
[0.351s][info][gc             ] GC(21) Pause Young (Allocation Failure) 31M->27M(46M) 8.484ms
[0.351s][info][gc,cpu         ] GC(21) User=0.00s Sys=0.00s Real=0.01s
[0.351s][info][gc,start       ] GC(22) Pause Full (Ergonomics)
[0.351s][info][gc,phases,start] GC(22) Marking Phase
[0.363s][info][gc,phases      ] GC(22) Marking Phase 11.850ms
[0.363s][info][gc,phases,start] GC(22) Summary Phase
[0.363s][info][gc,phases      ] GC(22) Summary Phase 0.015ms
[0.363s][info][gc,phases,start] GC(22) Adjust Roots
[0.363s][info][gc,phases      ] GC(22) Adjust Roots 0.201ms
[0.363s][info][gc,phases,start] GC(22) Compaction Phase
[0.372s][info][gc,phases      ] GC(22) Compaction Phase 8.221ms
[0.372s][info][gc,phases,start] GC(22) Post Compact
[0.372s][info][gc,phases      ] GC(22) Post Compact 0.127ms
[0.372s][info][gc,heap        ] GC(22) PSYoungGen: 4800K(19456K)->0K(19456K) Eden: 0K(12288K)->0K(12288K) From: 4800K(7168K)->0K(7168K)
[0.372s][info][gc,heap        ] GC(22) ParOldGen: 23313K(28160K)->28006K(39424K)
[0.372s][info][gc,metaspace   ] GC(22) Metaspace: 6297K(6464K)->6297K(6464K) NonClass: 5764K(5824K)->5764K(5824K) Class: 533K(640K)->533K(640K)
[0.372s][info][gc             ] GC(22) Pause Full (Ergonomics) 27M->27M(57M) 20.718ms
[0.372s][info][gc,cpu         ] GC(22) User=0.00s Sys=0.00s Real=0.02s
[0.380s][info][gc,start       ] GC(23) Pause Young (Allocation Failure)
[0.386s][info][gc,heap        ] GC(23) PSYoungGen: 12288K(19456K)->6400K(20992K) Eden: 12288K(12288K)->0K(13824K) From: 0K(7168K)->6400K(7168K)
[0.386s][info][gc,heap        ] GC(23) ParOldGen: 28006K(39424K)->28006K(39424K)
[0.386s][info][gc,metaspace   ] GC(23) Metaspace: 6297K(6464K)->6297K(6464K) NonClass: 5764K(5824K)->5764K(5824K) Class: 533K(640K)->533K(640K)
[0.386s][info][gc             ] GC(23) Pause Young (Allocation Failure) 39M->33M(59M) 6.277ms
[0.386s][info][gc,cpu         ] GC(23) User=0.00s Sys=0.00s Real=0.01s
[0.397s][info][gc,start       ] GC(24) Pause Young (Allocation Failure)
[0.410s][info][gc,heap        ] GC(24) PSYoungGen: 19054K(20992K)->8192K(22016K) Eden: 12654K(13824K)->0K(13824K) From: 6400K(7168K)->8192K(8192K)
[0.410s][info][gc,heap        ] GC(24) ParOldGen: 28006K(39424K)->36654K(39424K)
[0.410s][info][gc,metaspace   ] GC(24) Metaspace: 6297K(6464K)->6297K(6464K) NonClass: 5764K(5824K)->5764K(5824K) Class: 533K(640K)->533K(640K)
[0.410s][info][gc             ] GC(24) Pause Young (Allocation Failure) 45M->43M(60M) 12.562ms
[0.410s][info][gc,cpu         ] GC(24) User=0.00s Sys=0.02s Real=0.01s
[0.410s][info][gc,start       ] GC(25) Pause Full (Ergonomics)
[0.410s][info][gc,phases,start] GC(25) Marking Phase
[0.428s][info][gc,phases      ] GC(25) Marking Phase 18.273ms
[0.428s][info][gc,phases,start] GC(25) Summary Phase
[0.428s][info][gc,phases      ] GC(25) Summary Phase 0.014ms
[0.428s][info][gc,phases,start] GC(25) Adjust Roots
[0.428s][info][gc,phases      ] GC(25) Adjust Roots 0.192ms
[0.428s][info][gc,phases,start] GC(25) Compaction Phase
[0.444s][info][gc,phases      ] GC(25) Compaction Phase 15.637ms
[0.444s][info][gc,phases,start] GC(25) Post Compact
[0.444s][info][gc,phases      ] GC(25) Post Compact 0.127ms
[0.444s][info][gc,heap        ] GC(25) PSYoungGen: 8192K(22016K)->5620K(22016K) Eden: 0K(13824K)->0K(13824K) From: 8192K(8192K)->5620K(8192K)
[0.444s][info][gc,heap        ] GC(25) ParOldGen: 36654K(39424K)->39075K(54272K)
[0.444s][info][gc,metaspace   ] GC(25) Metaspace: 6297K(6464K)->6297K(6464K) NonClass: 5764K(5824K)->5764K(5824K) Class: 533K(640K)->533K(640K)
[0.444s][info][gc             ] GC(25) Pause Full (Ergonomics) 43M->43M(74M) 34.680ms
[0.444s][info][gc,cpu         ] GC(25) User=0.03s Sys=0.00s Real=0.04s
[0.461s][info][gc,start       ] GC(26) Pause Young (Allocation Failure)
[0.479s][info][gc,heap        ] GC(26) PSYoungGen: 19444K(22016K)->12768K(24576K) Eden: 13824K(13824K)->0K(11776K) From: 5620K(8192K)->12768K(12800K)
[0.479s][info][gc,heap        ] GC(26) ParOldGen: 39075K(54272K)->45859K(54272K)
[0.479s][info][gc,metaspace   ] GC(26) Metaspace: 6297K(6464K)->6297K(6464K) NonClass: 5764K(5824K)->5764K(5824K) Class: 533K(640K)->533K(640K)
[0.479s][info][gc             ] GC(26) Pause Young (Allocation Failure) 57M->57M(77M) 17.901ms
[0.479s][info][gc,cpu         ] GC(26) User=0.03s Sys=0.00s Real=0.02s
[0.479s][info][gc,start       ] GC(27) Pause Full (Ergonomics)
[0.479s][info][gc,phases,start] GC(27) Marking Phase
[0.503s][info][gc,phases      ] GC(27) Marking Phase 23.515ms
[0.503s][info][gc,phases,start] GC(27) Summary Phase
[0.503s][info][gc,phases      ] GC(27) Summary Phase 0.026ms
[0.503s][info][gc,phases,start] GC(27) Adjust Roots
[0.503s][info][gc,phases      ] GC(27) Adjust Roots 0.162ms
[0.503s][info][gc,phases,start] GC(27) Compaction Phase
[0.522s][info][gc,phases      ] GC(27) Compaction Phase 19.052ms
[0.522s][info][gc,phases,start] GC(27) Post Compact
[0.523s][info][gc,phases      ] GC(27) Post Compact 0.198ms
[0.523s][info][gc,heap        ] GC(27) PSYoungGen: 12768K(24576K)->3545K(24576K) Eden: 0K(11776K)->0K(11776K) From: 12768K(12800K)->3545K(12800K)
[0.523s][info][gc,heap        ] GC(27) ParOldGen: 45859K(54272K)->53924K(71680K)
[0.523s][info][gc,metaspace   ] GC(27) Metaspace: 6297K(6464K)->6297K(6464K) NonClass: 5764K(5824K)->5764K(5824K) Class: 533K(640K)->533K(640K)
[0.523s][info][gc             ] GC(27) Pause Full (Ergonomics) 57M->56M(94M) 43.347ms
[0.523s][info][gc,cpu         ] GC(27) User=0.03s Sys=0.00s Real=0.04s
[0.535s][info][gc,start       ] GC(28) Pause Young (Allocation Failure)
[0.550s][info][gc,heap        ] GC(28) PSYoungGen: 15321K(24576K)->11808K(29184K) Eden: 11776K(11776K)->0K(11776K) From: 3545K(12800K)->11808K(17408K)
[0.550s][info][gc,heap        ] GC(28) ParOldGen: 53924K(71680K)->57532K(71680K)
[0.550s][info][gc,metaspace   ] GC(28) Metaspace: 6297K(6464K)->6297K(6464K) NonClass: 5764K(5824K)->5764K(5824K) Class: 533K(640K)->533K(640K)
[0.550s][info][gc             ] GC(28) Pause Young (Allocation Failure) 67M->67M(98M) 15.015ms
[0.550s][info][gc,cpu         ] GC(28) User=0.00s Sys=0.00s Real=0.02s
[0.562s][info][gc,start       ] GC(29) Pause Young (Allocation Failure)
[0.581s][info][gc,heap        ] GC(29) PSYoungGen: 23584K(29184K)->18432K(27136K) Eden: 11776K(11776K)->0K(8704K) From: 11808K(17408K)->18432K(18432K)
[0.581s][info][gc,heap        ] GC(29) ParOldGen: 57532K(71680K)->62716K(71680K)
[0.581s][info][gc,metaspace   ] GC(29) Metaspace: 6297K(6464K)->6297K(6464K) NonClass: 5764K(5824K)->5764K(5824K) Class: 533K(640K)->533K(640K)
[0.581s][info][gc             ] GC(29) Pause Young (Allocation Failure) 79M->79M(96M) 19.635ms
[0.581s][info][gc,cpu         ] GC(29) User=0.05s Sys=0.00s Real=0.02s
[0.590s][info][gc,start       ] GC(30) Pause Young (Allocation Failure)
[0.609s][info][gc,heap        ] GC(30) PSYoungGen: 26233K(27136K)->7808K(32256K) Eden: 7801K(8704K)->0K(8704K) From: 18432K(18432K)->7808K(23552K)
[0.609s][info][gc,heap        ] GC(30) ParOldGen: 62716K(71680K)->81412K(81920K)
[0.609s][info][gc,metaspace   ] GC(30) Metaspace: 6297K(6464K)->6297K(6464K) NonClass: 5764K(5824K)->5764K(5824K) Class: 533K(640K)->533K(640K)
[0.610s][info][gc             ] GC(30) Pause Young (Allocation Failure) 86M->87M(111M) 19.385ms
[0.610s][info][gc,cpu         ] GC(30) User=0.02s Sys=0.00s Real=0.02s
[0.610s][info][gc,start       ] GC(31) Pause Full (Ergonomics)
[0.610s][info][gc,phases,start] GC(31) Marking Phase
[0.647s][info][gc,phases      ] GC(31) Marking Phase 37.141ms
[0.647s][info][gc,phases,start] GC(31) Summary Phase
[0.647s][info][gc,phases      ] GC(31) Summary Phase 0.020ms
[0.647s][info][gc,phases,start] GC(31) Adjust Roots
[0.647s][info][gc,phases      ] GC(31) Adjust Roots 0.159ms
[0.647s][info][gc,phases,start] GC(31) Compaction Phase
[0.671s][info][gc,phases      ] GC(31) Compaction Phase 24.249ms
[0.671s][info][gc,phases,start] GC(31) Post Compact
[0.672s][info][gc,phases      ] GC(31) Post Compact 0.375ms
[0.672s][info][gc,heap        ] GC(31) PSYoungGen: 7808K(32256K)->7252K(32256K) Eden: 0K(8704K)->0K(8704K) From: 7808K(23552K)->7252K(23552K)
[0.672s][info][gc,heap        ] GC(31) ParOldGen: 81412K(81920K)->81475K(105984K)
[0.672s][info][gc,metaspace   ] GC(31) Metaspace: 6297K(6464K)->6297K(6464K) NonClass: 5764K(5824K)->5764K(5824K) Class: 533K(640K)->533K(640K)
[0.672s][info][gc             ] GC(31) Pause Full (Ergonomics) 87M->86M(135M) 62.348ms
[0.672s][info][gc,cpu         ] GC(31) User=0.09s Sys=0.00s Real=0.06s
[0.690s][info][gc,start       ] GC(32) Pause Young (Allocation Failure)
[0.704s][info][gc,heap        ] GC(32) PSYoungGen: 15956K(32256K)->8736K(30720K) Eden: 8704K(8704K)->0K(10752K) From: 7252K(23552K)->8736K(19968K)
[0.704s][info][gc,heap        ] GC(32) ParOldGen: 81475K(105984K)->88859K(105984K)
[0.704s][info][gc,metaspace   ] GC(32) Metaspace: 6297K(6464K)->6297K(6464K) NonClass: 5764K(5824K)->5764K(5824K) Class: 533K(640K)->533K(640K)
[0.704s][info][gc             ] GC(32) Pause Young (Allocation Failure) 95M->95M(133M) 14.288ms
[0.704s][info][gc,cpu         ] GC(32) User=0.00s Sys=0.00s Real=0.01s
[0.714s][info][gc,start       ] GC(33) Pause Young (Allocation Failure)
[0.724s][info][gc,heap        ] GC(33) PSYoungGen: 19488K(30720K)->19488K(31744K) Eden: 10752K(10752K)->0K(10752K) From: 8736K(19968K)->19488K(20992K)
[0.724s][info][gc,heap        ] GC(33) ParOldGen: 88859K(105984K)->88859K(105984K)
[0.724s][info][gc,metaspace   ] GC(33) Metaspace: 6297K(6464K)->6297K(6464K) NonClass: 5764K(5824K)->5764K(5824K) Class: 533K(640K)->533K(640K)
[0.724s][info][gc             ] GC(33) Pause Young (Allocation Failure) 105M->105M(134M) 10.092ms
[0.724s][info][gc,cpu         ] GC(33) User=0.00s Sys=0.00s Real=0.01s
[0.734s][info][gc,start       ] GC(34) Pause Young (Allocation Failure)
[0.750s][info][gc,heap        ] GC(34) PSYoungGen: 30240K(31744K)->21536K(34304K) Eden: 10752K(10752K)->0K(10240K) From: 19488K(20992K)->21536K(24064K)
[0.750s][info][gc,heap        ] GC(34) ParOldGen: 88859K(105984K)->97627K(105984K)
[0.750s][info][gc,metaspace   ] GC(34) Metaspace: 6297K(6464K)->6297K(6464K) NonClass: 5764K(5824K)->5764K(5824K) Class: 533K(640K)->533K(640K)
[0.750s][info][gc             ] GC(34) Pause Young (Allocation Failure) 116M->116M(137M) 15.781ms
[0.750s][info][gc,cpu         ] GC(34) User=0.02s Sys=0.00s Real=0.01s
[0.750s][info][gc,start       ] GC(35) Pause Full (Ergonomics)
[0.750s][info][gc,phases,start] GC(35) Marking Phase
[0.782s][info][gc,phases      ] GC(35) Marking Phase 32.178ms
[0.782s][info][gc,phases,start] GC(35) Summary Phase
[0.782s][info][gc,phases      ] GC(35) Summary Phase 0.022ms
[0.782s][info][gc,phases,start] GC(35) Adjust Roots
[0.782s][info][gc,phases      ] GC(35) Adjust Roots 0.140ms
[0.782s][info][gc,phases,start] GC(35) Compaction Phase
[0.809s][info][gc,phases      ] GC(35) Compaction Phase 26.598ms
[0.809s][info][gc,phases,start] GC(35) Post Compact
[0.809s][info][gc,phases      ] GC(35) Post Compact 0.438ms
[0.810s][info][gc,heap        ] GC(35) PSYoungGen: 21536K(34304K)->11226K(34304K) Eden: 0K(10240K)->0K(10240K) From: 21536K(24064K)->11226K(24064K)
[0.810s][info][gc,heap        ] GC(35) ParOldGen: 97627K(105984K)->105586K(132096K)
[0.810s][info][gc,metaspace   ] GC(35) Metaspace: 6297K(6464K)->6297K(6464K) NonClass: 5764K(5824K)->5764K(5824K) Class: 533K(640K)->533K(640K)
[0.810s][info][gc             ] GC(35) Pause Full (Ergonomics) 116M->114M(162M) 59.862ms
[0.810s][info][gc,cpu         ] GC(35) User=0.11s Sys=0.02s Real=0.06s
[0.820s][info][gc,start       ] GC(36) Pause Young (Allocation Failure)
[0.838s][info][gc,heap        ] GC(36) PSYoungGen: 21466K(34304K)->15968K(37376K) Eden: 10240K(10240K)->0K(10240K) From: 11226K(24064K)->15968K(27136K)
[0.838s][info][gc,heap        ] GC(36) ParOldGen: 105586K(132096K)->111234K(132096K)
[0.838s][info][gc,metaspace   ] GC(36) Metaspace: 6297K(6464K)->6297K(6464K) NonClass: 5764K(5824K)->5764K(5824K) Class: 533K(640K)->533K(640K)
[0.838s][info][gc             ] GC(36) Pause Young (Allocation Failure) 124M->124M(165M) 18.504ms
[0.838s][info][gc,cpu         ] GC(36) User=0.05s Sys=0.00s Real=0.02s
[0.849s][info][gc,start       ] GC(37) Pause Young (Allocation Failure)
[0.866s][info][gc,heap        ] GC(37) PSYoungGen: 26208K(37376K)->26208K(34816K) Eden: 10240K(10240K)->0K(7680K) From: 15968K(27136K)->26208K(27136K)
[0.866s][info][gc,heap        ] GC(37) ParOldGen: 111234K(132096K)->111234K(132096K)
[0.866s][info][gc,metaspace   ] GC(37) Metaspace: 6297K(6464K)->6297K(6464K) NonClass: 5764K(5824K)->5764K(5824K) Class: 533K(640K)->533K(640K)
[0.866s][info][gc             ] GC(37) Pause Young (Allocation Failure) 134M->134M(163M) 16.619ms
[0.866s][info][gc,cpu         ] GC(37) User=0.03s Sys=0.00s Real=0.02s
[0.873s][info][gc,start       ] GC(38) Pause Young (Allocation Failure)
[0.894s][info][gc,heap        ] GC(38) PSYoungGen: 33888K(34816K)->28160K(38912K) Eden: 7680K(7680K)->0K(7680K) From: 26208K(27136K)->28160K(31232K)
[0.895s][info][gc,heap        ] GC(38) ParOldGen: 111234K(132096K)->117010K(132096K)
[0.895s][info][gc,metaspace   ] GC(38) Metaspace: 6297K(6464K)->6297K(6464K) NonClass: 5764K(5824K)->5764K(5824K) Class: 533K(640K)->533K(640K)
[0.895s][info][gc             ] GC(38) Pause Young (Allocation Failure) 141M->141M(167M) 21.233ms
[0.895s][info][gc,cpu         ] GC(38) User=0.05s Sys=0.00s Real=0.02s
[0.904s][info][gc,start       ] GC(39) Pause Young (Allocation Failure)
[0.925s][info][gc,heap        ] GC(39) PSYoungGen: 35840K(38912K)->15392K(40448K) Eden: 7680K(7680K)->0K(9216K) From: 28160K(31232K)->15392K(31232K)
[0.925s][info][gc,heap        ] GC(39) ParOldGen: 117010K(132096K)->137754K(138240K)
[0.925s][info][gc,metaspace   ] GC(39) Metaspace: 6297K(6464K)->6297K(6464K) NonClass: 5764K(5824K)->5764K(5824K) Class: 533K(640K)->533K(640K)
[0.925s][info][gc             ] GC(39) Pause Young (Allocation Failure) 149M->149M(174M) 21.206ms
[0.925s][info][gc,cpu         ] GC(39) User=0.05s Sys=0.00s Real=0.02s
[0.925s][info][gc,start       ] GC(40) Pause Full (Ergonomics)
[0.925s][info][gc,phases,start] GC(40) Marking Phase
[0.965s][info][gc,phases      ] GC(40) Marking Phase 40.013ms
[0.965s][info][gc,phases,start] GC(40) Summary Phase
[0.965s][info][gc,phases      ] GC(40) Summary Phase 0.018ms
[0.965s][info][gc,phases,start] GC(40) Adjust Roots
[0.965s][info][gc,phases      ] GC(40) Adjust Roots 0.147ms
[0.965s][info][gc,phases,start] GC(40) Compaction Phase
[0.992s][info][gc,phases      ] GC(40) Compaction Phase 26.813ms
[0.992s][info][gc,phases,start] GC(40) Post Compact
[0.993s][info][gc,phases      ] GC(40) Post Compact 0.840ms
[0.993s][info][gc,heap        ] GC(40) PSYoungGen: 15392K(40448K)->14780K(42496K) Eden: 0K(9216K)->0K(11264K) From: 15392K(31232K)->14780K(31232K)
[0.993s][info][gc,heap        ] GC(40) ParOldGen: 137754K(138240K)->137739K(169472K)
[0.993s][info][gc,metaspace   ] GC(40) Metaspace: 6297K(6464K)->6297K(6464K) NonClass: 5764K(5824K)->5764K(5824K) Class: 533K(640K)->533K(640K)
[0.993s][info][gc             ] GC(40) Pause Full (Ergonomics) 149M->148M(207M) 68.343ms
[0.993s][info][gc,cpu         ] GC(40) User=0.19s Sys=0.00s Real=0.07s
[1.004s][info][gc,start       ] GC(41) Pause Young (Allocation Failure)
[1.027s][info][gc,heap        ] GC(41) PSYoungGen: 26044K(42496K)->11328K(44544K) Eden: 11264K(11264K)->0K(11264K) From: 14780K(31232K)->11328K(33280K)
[1.027s][info][gc,heap        ] GC(41) ParOldGen: 137739K(169472K)->152763K(169472K)
[1.027s][info][gc,metaspace   ] GC(41) Metaspace: 6297K(6464K)->6297K(6464K) NonClass: 5764K(5824K)->5764K(5824K) Class: 533K(640K)->533K(640K)
[1.027s][info][gc             ] GC(41) Pause Young (Allocation Failure) 159M->160M(209M) 23.377ms
[1.027s][info][gc,cpu         ] GC(41) User=0.02s Sys=0.02s Real=0.02s
[1.027s][info][gc,start       ] GC(42) Pause Full (Ergonomics)
[1.027s][info][gc,phases,start] GC(42) Marking Phase
[1.072s][info][gc,phases      ] GC(42) Marking Phase 44.152ms
[1.072s][info][gc,phases,start] GC(42) Summary Phase
[1.072s][info][gc,phases      ] GC(42) Summary Phase 0.026ms
[1.072s][info][gc,phases,start] GC(42) Adjust Roots
[1.072s][info][gc,phases      ] GC(42) Adjust Roots 0.145ms
[1.072s][info][gc,phases,start] GC(42) Compaction Phase
[1.090s][info][gc,phases      ] GC(42) Compaction Phase 18.364ms
[1.090s][info][gc,phases,start] GC(42) Post Compact
[1.091s][info][gc,phases      ] GC(42) Post Compact 0.655ms
[1.091s][info][gc,heap        ] GC(42) PSYoungGen: 11328K(44544K)->0K(45568K) Eden: 0K(11264K)->0K(13312K) From: 11328K(33280K)->0K(32256K)
[1.091s][info][gc,heap        ] GC(42) ParOldGen: 152763K(169472K)->163755K(199168K)
[1.091s][info][gc,metaspace   ] GC(42) Metaspace: 6297K(6464K)->6297K(6464K) NonClass: 5764K(5824K)->5764K(5824K) Class: 533K(640K)->533K(640K)
[1.091s][info][gc             ] GC(42) Pause Full (Ergonomics) 160M->159M(239M) 63.790ms
[1.091s][info][gc,cpu         ] GC(42) User=0.23s Sys=0.00s Real=0.06s
[1.131s][info][gc,start       ] GC(43) Pause Young (Allocation Failure)
[1.142s][info][gc,heap        ] GC(43) PSYoungGen: 13312K(45568K)->13440K(45568K) Eden: 13312K(13312K)->0K(13312K) From: 0K(32256K)->13440K(32256K)
[1.142s][info][gc,heap        ] GC(43) ParOldGen: 171947K(199168K)->171947K(199168K)
[1.142s][info][gc,metaspace   ] GC(43) Metaspace: 6297K(6464K)->6297K(6464K) NonClass: 5764K(5824K)->5764K(5824K) Class: 533K(640K)->533K(640K)
[1.142s][info][gc             ] GC(43) Pause Young (Allocation Failure) 180M->181M(239M) 11.309ms
[1.142s][info][gc,cpu         ] GC(43) User=0.00s Sys=0.00s Real=0.01s
[1.156s][info][gc,start       ] GC(44) Pause Young (Allocation Failure)
[1.171s][info][gc,heap        ] GC(44) PSYoungGen: 26752K(45568K)->26688K(43008K) Eden: 13312K(13312K)->0K(12288K) From: 13440K(32256K)->26688K(30720K)
[1.171s][info][gc,heap        ] GC(44) ParOldGen: 171947K(199168K)->171947K(199168K)
[1.171s][info][gc,metaspace   ] GC(44) Metaspace: 6297K(6464K)->6297K(6464K) NonClass: 5764K(5824K)->5764K(5824K) Class: 533K(640K)->533K(640K)
[1.171s][info][gc             ] GC(44) Pause Young (Allocation Failure) 194M->193M(236M) 14.894ms
[1.171s][info][gc,cpu         ] GC(44) User=0.02s Sys=0.00s Real=0.01s
[1.182s][info][gc,start       ] GC(45) Pause Young (Allocation Failure)
[1.201s][info][gc,heap        ] GC(45) PSYoungGen: 38976K(43008K)->33792K(46080K) Eden: 12288K(12288K)->0K(12288K) From: 26688K(30720K)->33792K(33792K)
[1.201s][info][gc,heap        ] GC(45) ParOldGen: 171947K(199168K)->177147K(199168K)
[1.201s][info][gc,metaspace   ] GC(45) Metaspace: 6297K(6464K)->6297K(6464K) NonClass: 5764K(5824K)->5764K(5824K) Class: 533K(640K)->533K(640K)
[1.201s][info][gc             ] GC(45) Pause Young (Allocation Failure) 205M->205M(239M) 19.147ms
[1.201s][info][gc,cpu         ] GC(45) User=0.03s Sys=0.00s Real=0.02s
[1.214s][info][gc,start       ] GC(46) Pause Young (Allocation Failure)
[1.238s][info][gc,heap        ] GC(46) PSYoungGen: 46080K(46080K)->23968K(54272K) Eden: 12288K(12288K)->0K(13824K) From: 33792K(33792K)->23968K(40448K)
[1.238s][info][gc,heap        ] GC(46) ParOldGen: 177147K(199168K)->199619K(199680K)
[1.238s][info][gc,metaspace   ] GC(46) Metaspace: 6297K(6464K)->6297K(6464K) NonClass: 5764K(5824K)->5764K(5824K) Class: 533K(640K)->533K(640K)
[1.238s][info][gc             ] GC(46) Pause Young (Allocation Failure) 217M->218M(248M) 23.788ms
[1.238s][info][gc,cpu         ] GC(46) User=0.05s Sys=0.02s Real=0.02s
[1.238s][info][gc,start       ] GC(47) Pause Full (Ergonomics)
[1.238s][info][gc,phases,start] GC(47) Marking Phase
[1.292s][info][gc,phases      ] GC(47) Marking Phase 54.314ms
[1.292s][info][gc,phases,start] GC(47) Summary Phase
[1.292s][info][gc,phases      ] GC(47) Summary Phase 0.025ms
[1.292s][info][gc,phases,start] GC(47) Adjust Roots
[1.292s][info][gc,phases      ] GC(47) Adjust Roots 0.145ms
[1.292s][info][gc,phases,start] GC(47) Compaction Phase
[1.337s][info][gc,phases      ] GC(47) Compaction Phase 44.346ms
[1.337s][info][gc,phases,start] GC(47) Post Compact
[1.338s][info][gc,phases      ] GC(47) Post Compact 1.007ms
[1.338s][info][gc,heap        ] GC(47) PSYoungGen: 23968K(54272K)->19250K(54272K) Eden: 0K(13824K)->0K(13824K) From: 23968K(40448K)->19250K(40448K)
[1.338s][info][gc,heap        ] GC(47) ParOldGen: 199619K(199680K)->199678K(239616K)
[1.338s][info][gc,metaspace   ] GC(47) Metaspace: 6297K(6464K)->6297K(6464K) NonClass: 5764K(5824K)->5764K(5824K) Class: 533K(640K)->533K(640K)
[1.338s][info][gc             ] GC(47) Pause Full (Ergonomics) 218M->213M(287M) 100.328ms
[1.338s][info][gc,cpu         ] GC(47) User=0.31s Sys=0.00s Real=0.10s
[1.354s][info][gc,start       ] GC(48) Pause Young (Allocation Failure)
[1.380s][info][gc,heap        ] GC(48) PSYoungGen: 33074K(54272K)->23360K(54272K) Eden: 13824K(13824K)->0K(13824K) From: 19250K(40448K)->23360K(40448K)
[1.380s][info][gc,heap        ] GC(48) ParOldGen: 199678K(239616K)->209678K(239616K)
[1.380s][info][gc,metaspace   ] GC(48) Metaspace: 6297K(6464K)->6297K(6464K) NonClass: 5764K(5824K)->5764K(5824K) Class: 533K(640K)->533K(640K)
[1.380s][info][gc             ] GC(48) Pause Young (Allocation Failure) 227M->227M(287M) 25.634ms
[1.380s][info][gc,cpu         ] GC(48) User=0.09s Sys=0.02s Real=0.03s
[1.396s][info][gc,start       ] GC(49) Pause Young (Allocation Failure)
[1.416s][info][gc,heap        ] GC(49) PSYoungGen: 37184K(54272K)->27712K(55296K) Eden: 13824K(13824K)->0K(14848K) From: 23360K(40448K)->27712K(40448K)
[1.416s][info][gc,heap        ] GC(49) ParOldGen: 209678K(239616K)->219246K(239616K)
[1.416s][info][gc,metaspace   ] GC(49) Metaspace: 6297K(6464K)->6297K(6464K) NonClass: 5764K(5824K)->5764K(5824K) Class: 533K(640K)->533K(640K)
[1.416s][info][gc             ] GC(49) Pause Young (Allocation Failure) 241M->241M(288M) 19.585ms
[1.416s][info][gc,cpu         ] GC(49) User=0.08s Sys=0.00s Real=0.02s
[1.416s][info][gc,start       ] GC(50) Pause Full (Ergonomics)
[1.416s][info][gc,phases,start] GC(50) Marking Phase
[1.475s][info][gc,phases      ] GC(50) Marking Phase 59.194ms
[1.475s][info][gc,phases,start] GC(50) Summary Phase
[1.475s][info][gc,phases      ] GC(50) Summary Phase 0.017ms
[1.475s][info][gc,phases,start] GC(50) Adjust Roots
[1.475s][info][gc,phases      ] GC(50) Adjust Roots 0.150ms
[1.475s][info][gc,phases,start] GC(50) Compaction Phase
[1.505s][info][gc,phases      ] GC(50) Compaction Phase 29.374ms
[1.505s][info][gc,phases,start] GC(50) Post Compact
[1.506s][info][gc,phases      ] GC(50) Post Compact 1.638ms
[1.507s][info][gc,heap        ] GC(50) PSYoungGen: 27712K(55296K)->7151K(55296K) Eden: 0K(14848K)->0K(14848K) From: 27712K(40448K)->7151K(40448K)
[1.507s][info][gc,heap        ] GC(50) ParOldGen: 219246K(239616K)->239365K(280064K)
[1.507s][info][gc,metaspace   ] GC(50) Metaspace: 6297K(6464K)->6297K(6464K) NonClass: 5764K(5824K)->5764K(5824K) Class: 533K(640K)->533K(640K)
[1.507s][info][gc             ] GC(50) Pause Full (Ergonomics) 241M->240M(327M) 90.956ms
[1.507s][info][gc,cpu         ] GC(50) User=0.34s Sys=0.00s Real=0.09s
[1.524s][info][gc,start       ] GC(51) Pause Young (Allocation Failure)
[1.547s][info][gc,heap        ] GC(51) PSYoungGen: 21999K(55296K)->18016K(56320K) Eden: 14848K(14848K)->0K(14848K) From: 7151K(40448K)->18016K(41472K)
[1.547s][info][gc,heap        ] GC(51) ParOldGen: 239365K(280064K)->243549K(280064K)
[1.547s][info][gc,metaspace   ] GC(51) Metaspace: 6297K(6464K)->6297K(6464K) NonClass: 5764K(5824K)->5764K(5824K) Class: 533K(640K)->533K(640K)
[1.547s][info][gc             ] GC(51) Pause Young (Allocation Failure) 255M->255M(328M) 23.031ms
[1.547s][info][gc,cpu         ] GC(51) User=0.11s Sys=0.00s Real=0.02s
[1.563s][info][gc,start       ] GC(52) Pause Young (Allocation Failure)
[1.581s][info][gc,heap        ] GC(52) PSYoungGen: 32864K(56320K)->32832K(53248K) Eden: 14848K(14848K)->0K(13824K) From: 18016K(41472K)->32832K(39424K)
[1.581s][info][gc,heap        ] GC(52) ParOldGen: 243549K(280064K)->243549K(280064K)
[1.581s][info][gc,metaspace   ] GC(52) Metaspace: 6297K(6464K)->6297K(6464K) NonClass: 5764K(5824K)->5764K(5824K) Class: 533K(640K)->533K(640K)
[1.581s][info][gc             ] GC(52) Pause Young (Allocation Failure) 269M->269M(325M) 17.516ms
[1.581s][info][gc,cpu         ] GC(52) User=0.03s Sys=0.03s Real=0.02s
[1.597s][info][gc,start       ] GC(53) Pause Young (Allocation Failure)
[1.620s][info][gc,heap        ] GC(53) PSYoungGen: 46656K(53248K)->42496K(56320K) Eden: 13824K(13824K)->0K(13824K) From: 32832K(39424K)->42496K(42496K)
[1.620s][info][gc,heap        ] GC(53) ParOldGen: 243549K(280064K)->247701K(280064K)
[1.620s][info][gc,metaspace   ] GC(53) Metaspace: 6297K(6464K)->6297K(6464K) NonClass: 5764K(5824K)->5764K(5824K) Class: 533K(640K)->533K(640K)
[1.620s][info][gc             ] GC(53) Pause Young (Allocation Failure) 283M->283M(328M) 22.893ms
[1.620s][info][gc,cpu         ] GC(53) User=0.09s Sys=0.00s Real=0.02s
[1.635s][info][gc,start       ] GC(54) Pause Young (Allocation Failure)
[1.663s][info][gc,heap        ] GC(54) PSYoungGen: 56320K(56320K)->40768K(62464K) Eden: 13824K(13824K)->0K(12288K) From: 42496K(42496K)->40768K(50176K)
[1.663s][info][gc,heap        ] GC(54) ParOldGen: 247701K(280064K)->263605K(280064K)
[1.663s][info][gc,metaspace   ] GC(54) Metaspace: 6297K(6464K)->6297K(6464K) NonClass: 5764K(5824K)->5764K(5824K) Class: 533K(640K)->533K(640K)
[1.663s][info][gc             ] GC(54) Pause Young (Allocation Failure) 296M->297M(334M) 28.217ms
[1.663s][info][gc,cpu         ] GC(54) User=0.08s Sys=0.02s Real=0.03s
[1.663s][info][gc,start       ] GC(55) Pause Full (Ergonomics)
[1.663s][info][gc,phases,start] GC(55) Marking Phase
[1.733s][info][gc,phases      ] GC(55) Marking Phase 69.526ms
[1.733s][info][gc,phases,start] GC(55) Summary Phase
[1.733s][info][gc,phases      ] GC(55) Summary Phase 0.020ms
[1.733s][info][gc,phases,start] GC(55) Adjust Roots
[1.733s][info][gc,phases      ] GC(55) Adjust Roots 0.189ms
[1.733s][info][gc,phases,start] GC(55) Compaction Phase
[1.766s][info][gc,phases      ] GC(55) Compaction Phase 32.852ms
[1.766s][info][gc,phases,start] GC(55) Post Compact
[1.768s][info][gc,phases      ] GC(55) Post Compact 1.309ms
[1.768s][info][gc,heap        ] GC(55) PSYoungGen: 40768K(62464K)->23693K(62464K) Eden: 0K(12288K)->0K(12288K) From: 40768K(50176K)->23693K(50176K)
[1.768s][info][gc,heap        ] GC(55) ParOldGen: 263605K(280064K)->280036K(323072K)
[1.768s][info][gc,metaspace   ] GC(55) Metaspace: 6297K(6464K)->6297K(6464K) NonClass: 5764K(5824K)->5764K(5824K) Class: 533K(640K)->533K(640K)
[1.768s][info][gc             ] GC(55) Pause Full (Ergonomics) 297M->296M(376M) 104.438ms
[1.768s][info][gc,cpu         ] GC(55) User=0.56s Sys=0.02s Real=0.10s
[1.783s][info][gc,start       ] GC(56) Pause Young (Allocation Failure)
[1.811s][info][gc,heap        ] GC(56) PSYoungGen: 35981K(62464K)->28416K(66048K) Eden: 12288K(12288K)->0K(12288K) From: 23693K(50176K)->28416K(53760K)
[1.811s][info][gc,heap        ] GC(56) ParOldGen: 280036K(323072K)->287884K(323072K)
[1.811s][info][gc,metaspace   ] GC(56) Metaspace: 6297K(6464K)->6297K(6464K) NonClass: 5764K(5824K)->5764K(5824K) Class: 533K(640K)->533K(640K)
[1.811s][info][gc             ] GC(56) Pause Young (Allocation Failure) 308M->308M(380M) 28.061ms
[1.811s][info][gc,cpu         ] GC(56) User=0.12s Sys=0.00s Real=0.03s
[1.825s][info][gc,start       ] GC(57) Pause Young (Allocation Failure)
[1.846s][info][gc,heap        ] GC(57) PSYoungGen: 40704K(66048K)->34144K(65536K) Eden: 12288K(12288K)->0K(13312K) From: 28416K(53760K)->34144K(52224K)
[1.846s][info][gc,heap        ] GC(57) ParOldGen: 287884K(323072K)->294524K(323072K)
[1.846s][info][gc,metaspace   ] GC(57) Metaspace: 6297K(6464K)->6297K(6464K) NonClass: 5764K(5824K)->5764K(5824K) Class: 533K(640K)->533K(640K)
[1.846s][info][gc             ] GC(57) Pause Young (Allocation Failure) 320M->320M(379M) 20.803ms
[1.846s][info][gc,cpu         ] GC(57) User=0.11s Sys=0.00s Real=0.02s
[1.861s][info][gc,start       ] GC(58) Pause Young (Allocation Failure)
[1.883s][info][gc,heap        ] GC(58) PSYoungGen: 47456K(65536K)->38048K(66048K) Eden: 13312K(13312K)->0K(13312K) From: 34144K(52224K)->38048K(52736K)
[1.883s][info][gc,heap        ] GC(58) ParOldGen: 294524K(323072K)->304116K(323072K)
[1.883s][info][gc,metaspace   ] GC(58) Metaspace: 6297K(6464K)->6297K(6464K) NonClass: 5764K(5824K)->5764K(5824K) Class: 533K(640K)->533K(640K)
[1.883s][info][gc             ] GC(58) Pause Young (Allocation Failure) 333M->334M(380M) 22.314ms
[1.883s][info][gc,cpu         ] GC(58) User=0.14s Sys=0.00s Real=0.02s
[1.962s][info][gc,start       ] GC(59) Pause Full (Ergonomics)
[1.962s][info][gc,phases,start] GC(59) Marking Phase
[2.048s][info][gc,phases      ] GC(59) Marking Phase 85.490ms
[2.048s][info][gc,phases,start] GC(59) Summary Phase
[2.048s][info][gc,phases      ] GC(59) Summary Phase 0.023ms
[2.048s][info][gc,phases,start] GC(59) Adjust Roots
[2.048s][info][gc,phases      ] GC(59) Adjust Roots 0.193ms
[2.048s][info][gc,phases,start] GC(59) Compaction Phase
[2.125s][info][gc,phases      ] GC(59) Compaction Phase 76.675ms
[2.125s][info][gc,phases,start] GC(59) Post Compact
[2.127s][info][gc,phases      ] GC(59) Post Compact 2.006ms
[2.127s][info][gc,heap        ] GC(59) PSYoungGen: 51360K(66048K)->40348K(66048K) Eden: 13312K(13312K)->13284K(13312K) From: 38048K(52736K)->27064K(52736K)
[2.127s][info][gc,heap        ] GC(59) ParOldGen: 320500K(323072K)->322648K(365568K)
[2.127s][info][gc,metaspace   ] GC(59) Metaspace: 6297K(6464K)->6297K(6464K) NonClass: 5764K(5824K)->5764K(5824K) Class: 533K(640K)->533K(640K)
[2.127s][info][gc             ] GC(59) Pause Full (Ergonomics) 363M->354M(421M) 165.010ms
[2.127s][info][gc,cpu         ] GC(59) User=0.92s Sys=0.00s Real=0.16s
[2.128s][info][gc,start       ] GC(60) Pause Young (Allocation Failure)
[2.160s][info][gc,heap        ] GC(60) PSYoungGen: 40376K(66048K)->28288K(64512K) Eden: 13312K(13312K)->0K(14848K) From: 27064K(52736K)->28288K(49664K)
[2.160s][info][gc,heap        ] GC(60) ParOldGen: 322648K(365568K)->335096K(365568K)
[2.161s][info][gc,metaspace   ] GC(60) Metaspace: 6297K(6464K)->6297K(6464K) NonClass: 5764K(5824K)->5764K(5824K) Class: 533K(640K)->533K(640K)
[2.161s][info][gc             ] GC(60) Pause Young (Allocation Failure) 354M->354M(420M) 32.974ms
[2.161s][info][gc,cpu         ] GC(60) User=0.19s Sys=0.02s Real=0.03s
[2.176s][info][gc,start       ] GC(61) Pause Young (Allocation Failure)
[2.197s][info][gc,heap        ] GC(61) PSYoungGen: 43136K(64512K)->43200K(67072K) Eden: 14848K(14848K)->0K(14848K) From: 28288K(49664K)->43200K(52224K)
[2.197s][info][gc,heap        ] GC(61) ParOldGen: 335096K(365568K)->335096K(365568K)
[2.197s][info][gc,metaspace   ] GC(61) Metaspace: 6297K(6464K)->6297K(6464K) NonClass: 5764K(5824K)->5764K(5824K) Class: 533K(640K)->533K(640K)
[2.197s][info][gc             ] GC(61) Pause Young (Allocation Failure) 369M->369M(422M) 20.803ms
[2.197s][info][gc,cpu         ] GC(61) User=0.02s Sys=0.00s Real=0.02s
[2.214s][info][gc,start       ] GC(62) Pause Young (Allocation Failure)
[2.245s][info][gc,heap        ] GC(62) PSYoungGen: 58048K(67072K)->45696K(68608K) Eden: 14848K(14848K)->0K(13312K) From: 43200K(52224K)->45696K(55296K)
[2.245s][info][gc,heap        ] GC(62) ParOldGen: 335096K(365568K)->347552K(365568K)
[2.245s][info][gc,metaspace   ] GC(62) Metaspace: 6297K(6464K)->6297K(6464K) NonClass: 5764K(5824K)->5764K(5824K) Class: 533K(640K)->533K(640K)
[2.245s][info][gc             ] GC(62) Pause Young (Allocation Failure) 383M->384M(424M) 30.513ms
[2.245s][info][gc,cpu         ] GC(62) User=0.09s Sys=0.02s Real=0.03s
[2.245s][info][gc,start       ] GC(63) Pause Full (Ergonomics)
[2.245s][info][gc,phases,start] GC(63) Marking Phase
[2.335s][info][gc,phases      ] GC(63) Marking Phase 89.420ms
[2.335s][info][gc,phases,start] GC(63) Summary Phase
[2.335s][info][gc,phases      ] GC(63) Summary Phase 0.033ms
[2.335s][info][gc,phases,start] GC(63) Adjust Roots
[2.335s][info][gc,phases      ] GC(63) Adjust Roots 0.300ms
[2.335s][info][gc,phases,start] GC(63) Compaction Phase
[2.393s][info][gc,phases      ] GC(63) Compaction Phase 58.051ms
[2.393s][info][gc,phases,start] GC(63) Post Compact
[2.395s][info][gc,phases      ] GC(63) Post Compact 2.142ms
[2.396s][info][gc,heap        ] GC(63) PSYoungGen: 45696K(68608K)->27075K(68608K) Eden: 0K(13312K)->0K(13312K) From: 45696K(55296K)->27075K(55296K)
[2.396s][info][gc,heap        ] GC(63) ParOldGen: 347552K(365568K)->365560K(411648K)
[2.396s][info][gc,metaspace   ] GC(63) Metaspace: 6297K(6464K)->6297K(6464K) NonClass: 5764K(5824K)->5764K(5824K) Class: 533K(640K)->533K(640K)
[2.396s][info][gc             ] GC(63) Pause Full (Ergonomics) 384M->383M(469M) 150.547ms
[2.396s][info][gc,cpu         ] GC(63) User=0.88s Sys=0.00s Real=0.15s
[2.411s][info][gc,start       ] GC(64) Pause Young (Allocation Failure)
[2.447s][info][gc,heap        ] GC(64) PSYoungGen: 40387K(68608K)->33920K(72192K) Eden: 13312K(13312K)->0K(13312K) From: 27075K(55296K)->33920K(58880K)
[2.447s][info][gc,heap        ] GC(64) ParOldGen: 365560K(411648K)->372344K(411648K)
[2.447s][info][gc,metaspace   ] GC(64) Metaspace: 6297K(6464K)->6297K(6464K) NonClass: 5764K(5824K)->5764K(5824K) Class: 533K(640K)->533K(640K)
[2.447s][info][gc             ] GC(64) Pause Young (Allocation Failure) 396M->396M(472M) 36.297ms
[2.447s][info][gc,cpu         ] GC(64) User=0.22s Sys=0.00s Real=0.04s
[2.461s][info][gc,start       ] GC(65) Pause Young (Allocation Failure)
[2.484s][info][gc,heap        ] GC(65) PSYoungGen: 47232K(72192K)->47200K(69120K) Eden: 13312K(13312K)->0K(11776K) From: 33920K(58880K)->47200K(57344K)
[2.484s][info][gc,heap        ] GC(65) ParOldGen: 372344K(411648K)->372344K(411648K)
[2.484s][info][gc,metaspace   ] GC(65) Metaspace: 6297K(6464K)->6297K(6464K) NonClass: 5764K(5824K)->5764K(5824K) Class: 533K(640K)->533K(640K)
[2.484s][info][gc             ] GC(65) Pause Young (Allocation Failure) 409M->409M(469M) 23.321ms
[2.484s][info][gc,cpu         ] GC(65) User=0.12s Sys=0.00s Real=0.02s
[2.496s][info][gc,start       ] GC(66) Pause Young (Allocation Failure)
[2.525s][info][gc,heap        ] GC(66) PSYoungGen: 58976K(69120K)->57408K(72192K) Eden: 11776K(11776K)->0K(11776K) From: 47200K(57344K)->57408K(60416K)
[2.525s][info][gc,heap        ] GC(66) ParOldGen: 372344K(411648K)->373984K(411648K)
[2.525s][info][gc,metaspace   ] GC(66) Metaspace: 6297K(6464K)->6297K(6464K) NonClass: 5764K(5824K)->5764K(5824K) Class: 533K(640K)->533K(640K)
[2.525s][info][gc             ] GC(66) Pause Young (Allocation Failure) 421M->421M(472M) 28.253ms
[2.525s][info][gc,cpu         ] GC(66) User=0.14s Sys=0.00s Real=0.03s
[2.537s][info][gc,start       ] GC(67) Pause Young (Allocation Failure)
[2.573s][info][gc,heap        ] GC(67) PSYoungGen: 69184K(72192K)->59776K(74752K) Eden: 11776K(11776K)->0K(7680K) From: 57408K(60416K)->59776K(67072K)
[2.573s][info][gc,heap        ] GC(67) ParOldGen: 373984K(411648K)->383512K(411648K)
[2.573s][info][gc,metaspace   ] GC(67) Metaspace: 6297K(6464K)->6297K(6464K) NonClass: 5764K(5824K)->5764K(5824K) Class: 533K(640K)->533K(640K)
[2.573s][info][gc             ] GC(67) Pause Young (Allocation Failure) 432M->432M(475M) 36.238ms
[2.573s][info][gc,cpu         ] GC(67) User=0.23s Sys=0.02s Real=0.04s
[2.581s][info][gc,start       ] GC(68) Pause Young (Allocation Failure)
[2.617s][info][gc,heap        ] GC(68) PSYoungGen: 67456K(74752K)->44608K(80384K) Eden: 7680K(7680K)->0K(7680K) From: 59776K(67072K)->44608K(72704K)
[2.617s][info][gc,heap        ] GC(68) ParOldGen: 383512K(411648K)->406568K(411648K)
[2.617s][info][gc,metaspace   ] GC(68) Metaspace: 6297K(6464K)->6297K(6464K) NonClass: 5764K(5824K)->5764K(5824K) Class: 533K(640K)->533K(640K)
[2.617s][info][gc             ] GC(68) Pause Young (Allocation Failure) 440M->440M(480M) 36.112ms
[2.617s][info][gc,cpu         ] GC(68) User=0.23s Sys=0.00s Real=0.04s
[2.617s][info][gc,start       ] GC(69) Pause Full (Ergonomics)
[2.617s][info][gc,phases,start] GC(69) Marking Phase
[2.726s][info][gc,phases      ] GC(69) Marking Phase 108.046ms
[2.726s][info][gc,phases,start] GC(69) Summary Phase
[2.726s][info][gc,phases      ] GC(69) Summary Phase 0.021ms
[2.726s][info][gc,phases,start] GC(69) Adjust Roots
[2.726s][info][gc,phases      ] GC(69) Adjust Roots 0.250ms
[2.726s][info][gc,phases,start] GC(69) Compaction Phase
[2.784s][info][gc,phases      ] GC(69) Compaction Phase 57.710ms
[2.784s][info][gc,phases,start] GC(69) Post Compact
[2.787s][info][gc,phases      ] GC(69) Post Compact 3.046ms
[2.787s][info][gc,heap        ] GC(69) PSYoungGen: 44608K(80384K)->38791K(80384K) Eden: 0K(7680K)->0K(7680K) From: 44608K(72704K)->38791K(72704K)
[2.787s][info][gc,heap        ] GC(69) ParOldGen: 406568K(411648K)->411533K(463872K)
[2.787s][info][gc,metaspace   ] GC(69) Metaspace: 6297K(6464K)->6297K(6464K) NonClass: 5764K(5824K)->5764K(5824K) Class: 533K(640K)->533K(640K)
[2.787s][info][gc             ] GC(69) Pause Full (Ergonomics) 440M->439M(531M) 169.771ms
[2.787s][info][gc,cpu         ] GC(69) User=0.88s Sys=0.02s Real=0.17s
[2.798s][info][gc,start       ] GC(70) Pause Young (Allocation Failure)
[2.842s][info][gc,heap        ] GC(70) PSYoungGen: 46471K(80384K)->25184K(78336K) Eden: 7680K(7680K)->0K(9216K) From: 38791K(72704K)->25184K(69120K)
[2.842s][info][gc,heap        ] GC(70) ParOldGen: 411533K(463872K)->433261K(463872K)
[2.842s][info][gc,metaspace   ] GC(70) Metaspace: 6297K(6464K)->6297K(6464K) NonClass: 5764K(5824K)->5764K(5824K) Class: 533K(640K)->533K(640K)
[2.842s][info][gc             ] GC(70) Pause Young (Allocation Failure) 447M->447M(529M) 44.266ms
[2.842s][info][gc,cpu         ] GC(70) User=0.27s Sys=0.00s Real=0.04s
[2.853s][info][gc,start       ] GC(71) Pause Young (Allocation Failure)
[2.873s][info][gc,heap        ] GC(71) PSYoungGen: 34400K(78336K)->16928K(79872K) Eden: 9216K(9216K)->0K(9216K) From: 25184K(69120K)->16928K(70656K)
[2.873s][info][gc,heap        ] GC(71) ParOldGen: 433261K(463872K)->450949K(463872K)
[2.873s][info][gc,metaspace   ] GC(71) Metaspace: 6297K(6464K)->6297K(6464K) NonClass: 5764K(5824K)->5764K(5824K) Class: 533K(640K)->533K(640K)
[2.873s][info][gc             ] GC(71) Pause Young (Allocation Failure) 456M->456M(531M) 20.346ms
[2.873s][info][gc,cpu         ] GC(71) User=0.00s Sys=0.00s Real=0.02s
[2.873s][info][gc,start       ] GC(72) Pause Full (Ergonomics)
[2.873s][info][gc,phases,start] GC(72) Marking Phase
[2.983s][info][gc,phases      ] GC(72) Marking Phase 109.342ms
[2.983s][info][gc,phases,start] GC(72) Summary Phase
[2.983s][info][gc,phases      ] GC(72) Summary Phase 0.020ms
[2.983s][info][gc,phases,start] GC(72) Adjust Roots
[2.983s][info][gc,phases      ] GC(72) Adjust Roots 0.163ms
[2.983s][info][gc,phases,start] GC(72) Compaction Phase
[3.034s][info][gc,phases      ] GC(72) Compaction Phase 50.667ms
[3.034s][info][gc,phases,start] GC(72) Post Compact
[3.036s][info][gc,phases      ] GC(72) Post Compact 2.536ms
[3.037s][info][gc,heap        ] GC(72) PSYoungGen: 16928K(79872K)->3548K(79872K) Eden: 0K(9216K)->0K(9216K) From: 16928K(70656K)->3548K(70656K)
[3.037s][info][gc,heap        ] GC(72) ParOldGen: 450949K(463872K)->463608K(524288K)
[3.037s][info][gc,metaspace   ] GC(72) Metaspace: 6297K(6464K)->6297K(6464K) NonClass: 5764K(5824K)->5764K(5824K) Class: 533K(640K)->533K(640K)
[3.037s][info][gc             ] GC(72) Pause Full (Ergonomics) 456M->456M(590M) 163.309ms
[3.037s][info][gc,cpu         ] GC(72) User=0.94s Sys=0.00s Real=0.16s
[3.047s][info][gc,start       ] GC(73) Pause Young (Allocation Failure)
[3.075s][info][gc,heap        ] GC(73) PSYoungGen: 12764K(79872K)->9344K(81408K) Eden: 9216K(9216K)->0K(10240K) From: 3548K(70656K)->9344K(71168K)
[3.075s][info][gc,heap        ] GC(73) ParOldGen: 463608K(524288K)->467240K(524288K)
[3.075s][info][gc,metaspace   ] GC(73) Metaspace: 6297K(6464K)->6297K(6464K) NonClass: 5764K(5824K)->5764K(5824K) Class: 533K(640K)->533K(640K)
[3.075s][info][gc             ] GC(73) Pause Young (Allocation Failure) 465M->465M(591M) 28.059ms
[3.075s][info][gc,cpu         ] GC(73) User=0.11s Sys=0.00s Real=0.03s
[3.086s][info][gc,start       ] GC(74) Pause Young (Allocation Failure)
[3.099s][info][gc,heap        ] GC(74) PSYoungGen: 19584K(81408K)->19584K(81920K) Eden: 10240K(10240K)->0K(10240K) From: 9344K(71168K)->19584K(71680K)
[3.099s][info][gc,heap        ] GC(74) ParOldGen: 467240K(524288K)->467240K(524288K)
[3.099s][info][gc,metaspace   ] GC(74) Metaspace: 6297K(6464K)->6297K(6464K) NonClass: 5764K(5824K)->5764K(5824K) Class: 533K(640K)->533K(640K)
[3.099s][info][gc             ] GC(74) Pause Young (Allocation Failure) 475M->475M(592M) 12.453ms
[3.099s][info][gc,cpu         ] GC(74) User=0.00s Sys=0.00s Real=0.01s
[3.110s][info][gc,start       ] GC(75) Pause Young (Allocation Failure)
[3.126s][info][gc,heap        ] GC(75) PSYoungGen: 29824K(81920K)->29760K(74752K) Eden: 10240K(10240K)->0K(11776K) From: 19584K(71680K)->29760K(62976K)
[3.126s][info][gc,heap        ] GC(75) ParOldGen: 467240K(524288K)->467240K(524288K)
[3.126s][info][gc,metaspace   ] GC(75) Metaspace: 6297K(6464K)->6297K(6464K) NonClass: 5764K(5824K)->5764K(5824K) Class: 533K(640K)->533K(640K)
[3.126s][info][gc             ] GC(75) Pause Young (Allocation Failure) 485M->485M(585M) 15.764ms
[3.126s][info][gc,cpu         ] GC(75) User=0.02s Sys=0.00s Real=0.02s
[3.139s][info][gc,start       ] GC(76) Pause Young (Allocation Failure)
[3.159s][info][gc,heap        ] GC(76) PSYoungGen: 41536K(74752K)->32352K(44544K) Eden: 11776K(11776K)->0K(11776K) From: 29760K(62976K)->32352K(32768K)
[3.159s][info][gc,heap        ] GC(76) ParOldGen: 467240K(524288K)->476568K(524288K)
[3.159s][info][gc,metaspace   ] GC(76) Metaspace: 6297K(6464K)->6297K(6464K) NonClass: 5764K(5824K)->5764K(5824K) Class: 533K(640K)->533K(640K)
[3.159s][info][gc             ] GC(76) Pause Young (Allocation Failure) 496M->496M(555M) 20.386ms
[3.159s][info][gc,cpu         ] GC(76) User=0.12s Sys=0.00s Real=0.02s
[3.172s][info][gc,start       ] GC(77) Pause Young (Allocation Failure)
[3.194s][info][gc,heap        ] GC(77) PSYoungGen: 44128K(44544K)->33888K(72704K) Eden: 11776K(11776K)->0K(13312K) From: 32352K(32768K)->33888K(59392K)
[3.194s][info][gc,heap        ] GC(77) ParOldGen: 476568K(524288K)->486960K(524288K)
[3.194s][info][gc,metaspace   ] GC(77) Metaspace: 6297K(6464K)->6297K(6464K) NonClass: 5764K(5824K)->5764K(5824K) Class: 533K(640K)->533K(640K)
[3.194s][info][gc             ] GC(77) Pause Young (Allocation Failure) 508M->508M(583M) 22.088ms
[3.194s][info][gc,cpu         ] GC(77) User=0.12s Sys=0.02s Real=0.02s
[3.208s][info][gc,start       ] GC(78) Pause Young (Allocation Failure)
[3.231s][info][gc,heap        ] GC(78) PSYoungGen: 47200K(72704K)->36960K(74752K) Eden: 13312K(13312K)->0K(13312K) From: 33888K(59392K)->36960K(61440K)
[3.232s][info][gc,heap        ] GC(78) ParOldGen: 486960K(524288K)->497344K(524288K)
[3.232s][info][gc,metaspace   ] GC(78) Metaspace: 6297K(6464K)->6297K(6464K) NonClass: 5764K(5824K)->5764K(5824K) Class: 533K(640K)->533K(640K)
[3.232s][info][gc             ] GC(78) Pause Young (Allocation Failure) 521M->521M(585M) 23.501ms
[3.232s][info][gc,cpu         ] GC(78) User=0.11s Sys=0.02s Real=0.02s
[3.246s][info][gc,start       ] GC(79) Pause Young (Allocation Failure)
[3.271s][info][gc,heap        ] GC(79) PSYoungGen: 50272K(74752K)->38528K(74752K) Eden: 13312K(13312K)->0K(15360K) From: 36960K(61440K)->38528K(59392K)
[3.271s][info][gc,heap        ] GC(79) ParOldGen: 497344K(524288K)->509272K(524288K)
[3.271s][info][gc,metaspace   ] GC(79) Metaspace: 6297K(6464K)->6297K(6464K) NonClass: 5764K(5824K)->5764K(5824K) Class: 533K(640K)->533K(640K)
[3.271s][info][gc             ] GC(79) Pause Young (Allocation Failure) 534M->534M(585M) 24.898ms
[3.271s][info][gc,cpu         ] GC(79) User=0.14s Sys=0.00s Real=0.02s
[3.271s][info][gc,start       ] GC(80) Pause Full (Ergonomics)
[3.271s][info][gc,phases,start] GC(80) Marking Phase
[3.383s][info][gc,phases      ] GC(80) Marking Phase 112.124ms
[3.383s][info][gc,phases,start] GC(80) Summary Phase
[3.383s][info][gc,phases      ] GC(80) Summary Phase 0.026ms
[3.383s][info][gc,phases,start] GC(80) Adjust Roots
[3.383s][info][gc,phases      ] GC(80) Adjust Roots 0.168ms
[3.383s][info][gc,phases,start] GC(80) Compaction Phase
[3.437s][info][gc,phases      ] GC(80) Compaction Phase 53.531ms
[3.437s][info][gc,phases,start] GC(80) Post Compact
[3.438s][info][gc,phases      ] GC(80) Post Compact 0.884ms
[3.438s][info][gc,heap        ] GC(80) PSYoungGen: 38528K(74752K)->22972K(75264K) Eden: 0K(15360K)->0K(15872K) From: 38528K(59392K)->22972K(59392K)
[3.438s][info][gc,heap        ] GC(80) ParOldGen: 509272K(524288K)->523835K(583168K)
[3.438s][info][gc,metaspace   ] GC(80) Metaspace: 6297K(6464K)->6297K(6464K) NonClass: 5764K(5824K)->5764K(5824K) Class: 533K(640K)->533K(640K)
[3.438s][info][gc             ] GC(80) Pause Full (Ergonomics) 534M->533M(643M) 167.231ms
[3.438s][info][gc,cpu         ] GC(80) User=1.05s Sys=0.02s Real=0.17s
[3.457s][info][gc,start       ] GC(81) Pause Young (Allocation Failure)
[3.497s][info][gc,heap        ] GC(81) PSYoungGen: 38844K(75264K)->23904K(75776K) Eden: 15872K(15872K)->0K(15872K) From: 22972K(59392K)->23904K(59904K)
[3.497s][info][gc,heap        ] GC(81) ParOldGen: 523835K(583168K)->539107K(583168K)
[3.497s][info][gc,metaspace   ] GC(81) Metaspace: 6297K(6464K)->6297K(6464K) NonClass: 5764K(5824K)->5764K(5824K) Class: 533K(640K)->533K(640K)
[3.497s][info][gc             ] GC(81) Pause Young (Allocation Failure) 549M->549M(643M) 40.292ms
[3.497s][info][gc,cpu         ] GC(81) User=0.25s Sys=0.00s Real=0.04s
[3.515s][info][gc,start       ] GC(82) Pause Young (Allocation Failure)
[3.536s][info][gc,heap        ] GC(82) PSYoungGen: 39776K(75776K)->31840K(70656K) Eden: 15872K(15872K)->0K(17920K) From: 23904K(59904K)->31840K(52736K)
[3.536s][info][gc,heap        ] GC(82) ParOldGen: 539107K(583168K)->547163K(583168K)
[3.536s][info][gc,metaspace   ] GC(82) Metaspace: 6297K(6464K)->6297K(6464K) NonClass: 5764K(5824K)->5764K(5824K) Class: 533K(640K)->533K(640K)
[3.536s][info][gc             ] GC(82) Pause Young (Allocation Failure) 565M->565M(638M) 21.361ms
[3.536s][info][gc,cpu         ] GC(82) User=0.11s Sys=0.03s Real=0.02s
[3.556s][info][gc,start       ] GC(83) Pause Young (Allocation Failure)
[3.581s][info][gc,heap        ] GC(83) PSYoungGen: 49760K(70656K)->33952K(73728K) Eden: 17920K(17920K)->0K(17920K) From: 31840K(52736K)->33952K(55808K)
[3.581s][info][gc,heap        ] GC(83) ParOldGen: 547163K(583168K)->563259K(583168K)
[3.581s][info][gc,metaspace   ] GC(83) Metaspace: 6297K(6464K)->6297K(6464K) NonClass: 5764K(5824K)->5764K(5824K) Class: 533K(640K)->533K(640K)
[3.581s][info][gc             ] GC(83) Pause Young (Allocation Failure) 582M->583M(641M) 25.123ms
[3.581s][info][gc,cpu         ] GC(83) User=0.12s Sys=0.00s Real=0.03s
[3.581s][info][gc,start       ] GC(84) Pause Full (Ergonomics)
[3.581s][info][gc,phases,start] GC(84) Marking Phase
[3.702s][info][gc,phases      ] GC(84) Marking Phase 121.631ms
[3.702s][info][gc,phases,start] GC(84) Summary Phase
[3.702s][info][gc,phases      ] GC(84) Summary Phase 0.025ms
[3.702s][info][gc,phases,start] GC(84) Adjust Roots
[3.703s][info][gc,phases      ] GC(84) Adjust Roots 0.148ms
[3.703s][info][gc,phases,start] GC(84) Compaction Phase
[3.755s][info][gc,phases      ] GC(84) Compaction Phase 52.630ms
[3.755s][info][gc,phases,start] GC(84) Post Compact
[3.756s][info][gc,phases      ] GC(84) Post Compact 0.971ms
[3.757s][info][gc,heap        ] GC(84) PSYoungGen: 33952K(73728K)->13283K(73728K) Eden: 0K(17920K)->0K(17920K) From: 33952K(55808K)->13283K(55808K)
[3.757s][info][gc,heap        ] GC(84) ParOldGen: 563259K(583168K)->583088K(647680K)
[3.757s][info][gc,metaspace   ] GC(84) Metaspace: 6297K(6464K)->6297K(6464K) NonClass: 5764K(5824K)->5764K(5824K) Class: 533K(640K)->533K(640K)
[3.757s][info][gc             ] GC(84) Pause Full (Ergonomics) 583M->582M(704M) 175.915ms
[3.757s][info][gc,cpu         ] GC(84) User=1.17s Sys=0.02s Real=0.18s
[3.777s][info][gc,start       ] GC(85) Pause Young (Allocation Failure)
[3.818s][info][gc,heap        ] GC(85) PSYoungGen: 31203K(73728K)->25504K(72192K) Eden: 17920K(17920K)->0K(19968K) From: 13283K(55808K)->25504K(52224K)
[3.818s][info][gc,heap        ] GC(85) ParOldGen: 583088K(647680K)->589040K(647680K)
[3.818s][info][gc,metaspace   ] GC(85) Metaspace: 6297K(6464K)->6297K(6464K) NonClass: 5764K(5824K)->5764K(5824K) Class: 533K(640K)->533K(640K)
[3.818s][info][gc             ] GC(85) Pause Young (Allocation Failure) 599M->600M(703M) 40.511ms
[3.818s][info][gc,cpu         ] GC(85) User=0.22s Sys=0.02s Real=0.04s
[3.842s][info][gc,start       ] GC(86) Pause Young (Allocation Failure)
[3.866s][info][gc,heap        ] GC(86) PSYoungGen: 45472K(72192K)->45504K(73216K) Eden: 19968K(19968K)->0K(19968K) From: 25504K(52224K)->45504K(53248K)
[3.866s][info][gc,heap        ] GC(86) ParOldGen: 589040K(647680K)->589040K(647680K)
[3.866s][info][gc,metaspace   ] GC(86) Metaspace: 6297K(6464K)->6297K(6464K) NonClass: 5764K(5824K)->5764K(5824K) Class: 533K(640K)->533K(640K)
[3.866s][info][gc             ] GC(86) Pause Young (Allocation Failure) 619M->619M(704M) 24.197ms
[3.866s][info][gc,cpu         ] GC(86) User=0.14s Sys=0.00s Real=0.03s
[3.890s][info][gc,start       ] GC(87) Pause Young (Allocation Failure)
[3.925s][info][gc,heap        ] GC(87) PSYoungGen: 65472K(73216K)->56320K(68608K) Eden: 19968K(19968K)->0K(12288K) From: 45504K(53248K)->56320K(56320K)
[3.925s][info][gc,heap        ] GC(87) ParOldGen: 589040K(647680K)->598208K(647680K)
[3.925s][info][gc,metaspace   ] GC(87) Metaspace: 6297K(6464K)->6297K(6464K) NonClass: 5764K(5824K)->5764K(5824K) Class: 533K(640K)->533K(640K)
[3.925s][info][gc             ] GC(87) Pause Young (Allocation Failure) 639M->639M(699M) 35.045ms
[3.925s][info][gc,cpu         ] GC(87) User=0.16s Sys=0.00s Real=0.04s
[3.939s][info][gc,start       ] GC(88) Pause Young (Allocation Failure)
[3.978s][info][gc,heap        ] GC(88) PSYoungGen: 68608K(68608K)->47872K(78336K) Eden: 12288K(12288K)->0K(12288K) From: 56320K(56320K)->47872K(66048K)
[3.978s][info][gc,heap        ] GC(88) ParOldGen: 598208K(647680K)->619320K(647680K)
[3.978s][info][gc,metaspace   ] GC(88) Metaspace: 6297K(6464K)->6297K(6464K) NonClass: 5764K(5824K)->5764K(5824K) Class: 533K(640K)->533K(640K)
[3.979s][info][gc             ] GC(88) Pause Young (Allocation Failure) 651M->651M(709M) 39.285ms
[3.979s][info][gc,cpu         ] GC(88) User=0.22s Sys=0.00s Real=0.04s
[3.994s][info][gc,start       ] GC(89) Pause Young (Allocation Failure)
[4.025s][info][gc,heap        ] GC(89) PSYoungGen: 60160K(78336K)->42176K(79360K) Eden: 12288K(12288K)->0K(13824K) From: 47872K(66048K)->42176K(65536K)
[4.025s][info][gc,heap        ] GC(89) ParOldGen: 619320K(647680K)->637584K(647680K)
[4.025s][info][gc,metaspace   ] GC(89) Metaspace: 6297K(6464K)->6297K(6464K) NonClass: 5764K(5824K)->5764K(5824K) Class: 533K(640K)->533K(640K)
[4.025s][info][gc             ] GC(89) Pause Young (Allocation Failure) 663M->663M(710M) 31.189ms
[4.025s][info][gc,cpu         ] GC(89) User=0.12s Sys=0.00s Real=0.03s
[4.025s][info][gc,start       ] GC(90) Pause Full (Ergonomics)
[4.025s][info][gc,phases,start] GC(90) Marking Phase
[4.178s][info][gc,phases      ] GC(90) Marking Phase 153.257ms
[4.178s][info][gc,phases,start] GC(90) Summary Phase
[4.178s][info][gc,phases      ] GC(90) Summary Phase 0.023ms
[4.178s][info][gc,phases,start] GC(90) Adjust Roots
[4.179s][info][gc,phases      ] GC(90) Adjust Roots 0.155ms
[4.179s][info][gc,phases,start] GC(90) Compaction Phase
[4.248s][info][gc,phases      ] GC(90) Compaction Phase 69.473ms
[4.248s][info][gc,phases,start] GC(90) Post Compact
[4.250s][info][gc,phases      ] GC(90) Post Compact 1.898ms
[4.250s][info][gc,heap        ] GC(90) PSYoungGen: 42176K(79360K)->31222K(80384K) Eden: 0K(13824K)->0K(14848K) From: 42176K(65536K)->31222K(65536K)
[4.250s][info][gc,heap        ] GC(90) ParOldGen: 637584K(647680K)->647422K(718336K)
[4.250s][info][gc,metaspace   ] GC(90) Metaspace: 6297K(6464K)->6297K(6464K) NonClass: 5764K(5824K)->5764K(5824K) Class: 533K(640K)->533K(640K)
[4.250s][info][gc             ] GC(90) Pause Full (Ergonomics) 663M->662M(780M) 225.475ms
[4.250s][info][gc,cpu         ] GC(90) User=1.44s Sys=0.00s Real=0.23s
[4.271s][info][gc,start       ] GC(91) Pause Young (Allocation Failure)
[4.324s][info][gc,heap        ] GC(91) PSYoungGen: 46070K(80384K)->24352K(81408K) Eden: 14848K(14848K)->0K(14848K) From: 31222K(65536K)->24352K(66560K)
[4.324s][info][gc,heap        ] GC(91) ParOldGen: 647422K(718336K)->669654K(718336K)
[4.324s][info][gc,metaspace   ] GC(91) Metaspace: 6297K(6464K)->6297K(6464K) NonClass: 5764K(5824K)->5764K(5824K) Class: 533K(640K)->533K(640K)
[4.324s][info][gc             ] GC(91) Pause Young (Allocation Failure) 677M->677M(781M) 53.015ms
[4.324s][info][gc,cpu         ] GC(91) User=0.23s Sys=0.00s Real=0.05s
[4.473s][info][gc,start       ] GC(92) Pause Full (Ergonomics)
[4.474s][info][gc,phases,start] GC(92) Marking Phase
[4.633s][info][gc,phases      ] GC(92) Marking Phase 159.011ms
[4.633s][info][gc,phases,start] GC(92) Summary Phase
[4.633s][info][gc,phases      ] GC(92) Summary Phase 0.022ms
[4.633s][info][gc,phases,start] GC(92) Adjust Roots
[4.633s][info][gc,phases      ] GC(92) Adjust Roots 0.165ms
[4.633s][info][gc,phases,start] GC(92) Compaction Phase
[4.754s][info][gc,phases      ] GC(92) Compaction Phase 120.652ms
[4.754s][info][gc,phases,start] GC(92) Post Compact
[4.755s][info][gc,phases      ] GC(92) Post Compact 1.508ms
[4.755s][info][gc,heap        ] GC(92) PSYoungGen: 39200K(81408K)->6800K(81408K) Eden: 14848K(14848K)->0K(14848K) From: 24352K(66560K)->6800K(66560K)
[4.755s][info][gc,heap        ] GC(92) ParOldGen: 702422K(718336K)->717855K(796672K)
[4.755s][info][gc,metaspace   ] GC(92) Metaspace: 6297K(6464K)->6297K(6464K) NonClass: 5764K(5824K)->5764K(5824K) Class: 533K(640K)->533K(640K)
[4.755s][info][gc             ] GC(92) Pause Full (Ergonomics) 724M->707M(857M) 282.007ms
[4.755s][info][gc,cpu         ] GC(92) User=1.80s Sys=0.02s Real=0.28s
[4.773s][info][gc,start       ] GC(93) Pause Young (Allocation Failure)
[4.815s][info][gc,heap        ] GC(93) PSYoungGen: 21648K(81408K)->18752K(82432K) Eden: 14848K(14848K)->0K(16384K) From: 6800K(66560K)->18752K(66048K)
[4.815s][info][gc,heap        ] GC(93) ParOldGen: 717855K(796672K)->720959K(796672K)
[4.815s][info][gc,metaspace   ] GC(93) Metaspace: 6297K(6464K)->6297K(6464K) NonClass: 5764K(5824K)->5764K(5824K) Class: 533K(640K)->533K(640K)
[4.815s][info][gc             ] GC(93) Pause Young (Allocation Failure) 722M->722M(858M) 41.853ms
[4.815s][info][gc,cpu         ] GC(93) User=0.14s Sys=0.02s Real=0.04s
[4.832s][info][gc,start       ] GC(94) Pause Young (Allocation Failure)
[4.853s][info][gc,heap        ] GC(94) PSYoungGen: 35136K(82432K)->35168K(51712K) Eden: 16384K(16384K)->0K(16384K) From: 18752K(66048K)->35168K(35328K)
[4.853s][info][gc,heap        ] GC(94) ParOldGen: 720959K(796672K)->720959K(796672K)
[4.853s][info][gc,metaspace   ] GC(94) Metaspace: 6297K(6464K)->6297K(6464K) NonClass: 5764K(5824K)->5764K(5824K) Class: 533K(640K)->533K(640K)
[4.853s][info][gc             ] GC(94) Pause Young (Allocation Failure) 738M->738M(828M) 21.295ms
[4.853s][info][gc,cpu         ] GC(94) User=0.05s Sys=0.00s Real=0.02s
[4.870s][info][gc,start       ] GC(95) Pause Young (Allocation Failure)
[4.895s][info][gc,heap        ] GC(95) PSYoungGen: 51552K(51712K)->51520K(77824K) Eden: 16384K(16384K)->0K(14848K) From: 35168K(35328K)->51520K(62976K)
[4.896s][info][gc,heap        ] GC(95) ParOldGen: 720959K(796672K)->720959K(796672K)
[4.896s][info][gc,metaspace   ] GC(95) Metaspace: 6297K(6464K)->6297K(6464K) NonClass: 5764K(5824K)->5764K(5824K) Class: 533K(640K)->533K(640K)
[4.896s][info][gc             ] GC(95) Pause Young (Allocation Failure) 754M->754M(854M) 25.429ms
[4.896s][info][gc,cpu         ] GC(95) User=0.06s Sys=0.00s Real=0.03s
[4.911s][info][gc,start       ] GC(96) Pause Young (Allocation Failure)
[4.942s][info][gc,heap        ] GC(96) PSYoungGen: 66368K(77824K)->66368K(81408K) Eden: 14848K(14848K)->0K(14848K) From: 51520K(62976K)->66368K(66560K)
[4.942s][info][gc,heap        ] GC(96) ParOldGen: 720959K(796672K)->720959K(796672K)
[4.942s][info][gc,metaspace   ] GC(96) Metaspace: 6297K(6464K)->6297K(6464K) NonClass: 5764K(5824K)->5764K(5824K) Class: 533K(640K)->533K(640K)
[4.942s][info][gc             ] GC(96) Pause Young (Allocation Failure) 768M->768M(857M) 30.964ms
[4.942s][info][gc,cpu         ] GC(96) User=0.14s Sys=0.00s Real=0.03s
[4.957s][info][gc,start       ] GC(97) Pause Young (Allocation Failure)
[4.995s][info][gc,heap        ] GC(97) PSYoungGen: 81216K(81408K)->74752K(79872K) Eden: 14848K(14848K)->0K(5120K) From: 66368K(66560K)->74752K(74752K)
[4.995s][info][gc,heap        ] GC(97) ParOldGen: 720959K(796672K)->727415K(796672K)
[4.995s][info][gc,metaspace   ] GC(97) Metaspace: 6297K(6464K)->6297K(6464K) NonClass: 5764K(5824K)->5764K(5824K) Class: 533K(640K)->533K(640K)
[4.995s][info][gc             ] GC(97) Pause Young (Allocation Failure) 783M->783M(856M) 38.144ms
[4.995s][info][gc,cpu         ] GC(97) User=0.16s Sys=0.03s Real=0.04s
[5.000s][info][gc,start       ] GC(98) Pause Young (Allocation Failure)
[5.036s][info][gc,heap        ] GC(98) PSYoungGen: 79872K(79872K)->50016K(55296K) Eden: 5120K(5120K)->0K(5120K) From: 74752K(74752K)->50016K(50176K)
[5.037s][info][gc,heap        ] GC(98) ParOldGen: 727415K(796672K)->757743K(796672K)
[5.037s][info][gc,metaspace   ] GC(98) Metaspace: 6297K(6464K)->6297K(6464K) NonClass: 5764K(5824K)->5764K(5824K) Class: 533K(640K)->533K(640K)
[5.037s][info][gc             ] GC(98) Pause Young (Allocation Failure) 788M->788M(832M) 36.201ms
[5.037s][info][gc,cpu         ] GC(98) User=0.22s Sys=0.02s Real=0.04s
[5.042s][info][gc,start       ] GC(99) Pause Young (Allocation Failure)
[5.069s][info][gc,heap        ] GC(99) PSYoungGen: 55136K(55296K)->25152K(89600K) Eden: 5120K(5120K)->0K(6144K) From: 50016K(50176K)->25152K(83456K)
[5.069s][info][gc,heap        ] GC(99) ParOldGen: 757743K(796672K)->788103K(796672K)
[5.069s][info][gc,metaspace   ] GC(99) Metaspace: 6297K(6464K)->6297K(6464K) NonClass: 5764K(5824K)->5764K(5824K) Class: 533K(640K)->533K(640K)
[5.069s][info][gc             ] GC(99) Pause Young (Allocation Failure) 793M->794M(865M) 26.730ms
[5.069s][info][gc,cpu         ] GC(99) User=0.12s Sys=0.02s Real=0.03s
[5.069s][info][gc,start       ] GC(100) Pause Full (Ergonomics)
[5.069s][info][gc,phases,start] GC(100) Marking Phase
[5.238s][info][gc,phases      ] GC(100) Marking Phase 169.255ms
[5.238s][info][gc,phases,start] GC(100) Summary Phase
[5.238s][info][gc,phases      ] GC(100) Summary Phase 0.022ms
[5.238s][info][gc,phases,start] GC(100) Adjust Roots
[5.238s][info][gc,phases      ] GC(100) Adjust Roots 0.147ms
[5.238s][info][gc,phases,start] GC(100) Compaction Phase
[5.323s][info][gc,phases      ] GC(100) Compaction Phase 85.097ms
[5.323s][info][gc,phases,start] GC(100) Post Compact
[5.325s][info][gc,phases      ] GC(100) Post Compact 1.484ms
[5.325s][info][gc,heap        ] GC(100) PSYoungGen: 25152K(89600K)->15760K(90112K) Eden: 0K(6144K)->0K(6656K) From: 25152K(83456K)->15760K(83456K)
[5.325s][info][gc,heap        ] GC(100) ParOldGen: 788103K(796672K)->796232K(887808K)
[5.325s][info][gc,metaspace   ] GC(100) Metaspace: 6297K(6464K)->6297K(6464K) NonClass: 5764K(5824K)->5764K(5824K) Class: 533K(640K)->533K(640K)
[5.325s][info][gc             ] GC(100) Pause Full (Ergonomics) 794M->792M(955M) 256.796ms
[5.325s][info][gc,cpu         ] GC(100) User=1.70s Sys=0.00s Real=0.26s
[5.333s][info][gc,start       ] GC(101) Pause Young (Allocation Failure)
[5.379s][info][gc,heap        ] GC(101) PSYoungGen: 22416K(90112K)->9856K(90624K) Eden: 6656K(6656K)->0K(6656K) From: 15760K(83456K)->9856K(83968K)
[5.380s][info][gc,heap        ] GC(101) ParOldGen: 796232K(887808K)->809136K(887808K)
[5.380s][info][gc,metaspace   ] GC(101) Metaspace: 6297K(6464K)->6297K(6464K) NonClass: 5764K(5824K)->5764K(5824K) Class: 533K(640K)->533K(640K)
[5.380s][info][gc             ] GC(101) Pause Young (Allocation Failure) 799M->799M(955M) 46.776ms
[5.380s][info][gc,cpu         ] GC(101) User=0.17s Sys=0.02s Real=0.05s
[5.386s][info][gc,start       ] GC(102) Pause Young (Allocation Failure)
[5.400s][info][gc,heap        ] GC(102) PSYoungGen: 16512K(90624K)->6752K(92672K) Eden: 6656K(6656K)->0K(7168K) From: 9856K(83968K)->6752K(85504K)
[5.400s][info][gc,heap        ] GC(102) ParOldGen: 809136K(887808K)->818976K(887808K)
[5.400s][info][gc,metaspace   ] GC(102) Metaspace: 6297K(6464K)->6297K(6464K) NonClass: 5764K(5824K)->5764K(5824K) Class: 533K(640K)->533K(640K)
[5.400s][info][gc             ] GC(102) Pause Young (Allocation Failure) 806M->806M(957M) 13.300ms
[5.400s][info][gc,cpu         ] GC(102) User=0.02s Sys=0.00s Real=0.01s
[5.408s][info][gc,start       ] GC(103) Pause Young (Allocation Failure)
[5.421s][info][gc,heap        ] GC(103) PSYoungGen: 13920K(92672K)->7296K(93184K) Eden: 7168K(7168K)->0K(7168K) From: 6752K(85504K)->7296K(86016K)
[5.421s][info][gc,heap        ] GC(103) ParOldGen: 818976K(887808K)->825728K(887808K)
[5.421s][info][gc,metaspace   ] GC(103) Metaspace: 6297K(6464K)->6297K(6464K) NonClass: 5764K(5824K)->5764K(5824K) Class: 533K(640K)->533K(640K)
[5.421s][info][gc             ] GC(103) Pause Young (Allocation Failure) 813M->813M(958M) 13.358ms
[5.421s][info][gc,cpu         ] GC(103) User=0.02s Sys=0.00s Real=0.01s
[5.429s][info][gc,start       ] GC(104) Pause Young (Allocation Failure)
[5.442s][info][gc,heap        ] GC(104) PSYoungGen: 14464K(93184K)->7264K(92160K) Eden: 7168K(7168K)->0K(8192K) From: 7296K(86016K)->7264K(83968K)
[5.442s][info][gc,heap        ] GC(104) ParOldGen: 825728K(887808K)->833008K(887808K)
[5.442s][info][gc,metaspace   ] GC(104) Metaspace: 6297K(6464K)->6297K(6464K) NonClass: 5764K(5824K)->5764K(5824K) Class: 533K(640K)->533K(640K)
[5.442s][info][gc             ] GC(104) Pause Young (Allocation Failure) 820M->820M(957M) 12.888ms
[5.442s][info][gc,cpu         ] GC(104) User=0.00s Sys=0.00s Real=0.01s
[5.450s][info][gc,start       ] GC(105) Pause Young (Allocation Failure)
[5.465s][info][gc,heap        ] GC(105) PSYoungGen: 15456K(92160K)->8288K(93184K) Eden: 8192K(8192K)->0K(8192K) From: 7264K(83968K)->8288K(84992K)
[5.465s][info][gc,heap        ] GC(105) ParOldGen: 833008K(887808K)->840272K(887808K)
[5.465s][info][gc,metaspace   ] GC(105) Metaspace: 6297K(6464K)->6297K(6464K) NonClass: 5764K(5824K)->5764K(5824K) Class: 533K(640K)->533K(640K)
[5.465s][info][gc             ] GC(105) Pause Young (Allocation Failure) 828M->828M(958M) 14.189ms
[5.465s][info][gc,cpu         ] GC(105) User=0.00s Sys=0.00s Real=0.01s
[5.474s][info][gc,start       ] GC(106) Pause Young (Allocation Failure)
[5.488s][info][gc,heap        ] GC(106) PSYoungGen: 16480K(93184K)->8320K(89088K) Eden: 8192K(8192K)->0K(9728K) From: 8288K(84992K)->8320K(79360K)
[5.488s][info][gc,heap        ] GC(106) ParOldGen: 840272K(887808K)->848592K(887808K)
[5.488s][info][gc,metaspace   ] GC(106) Metaspace: 6297K(6464K)->6297K(6464K) NonClass: 5764K(5824K)->5764K(5824K) Class: 533K(640K)->533K(640K)
[5.488s][info][gc             ] GC(106) Pause Young (Allocation Failure) 836M->836M(954M) 14.263ms
[5.488s][info][gc,cpu         ] GC(106) User=0.00s Sys=0.02s Real=0.01s
[5.499s][info][gc,start       ] GC(107) Pause Young (Allocation Failure)
[5.515s][info][gc,heap        ] GC(107) PSYoungGen: 18048K(89088K)->9856K(19968K) Eden: 9728K(9728K)->0K(9728K) From: 8320K(79360K)->9856K(10240K)
[5.515s][info][gc,heap        ] GC(107) ParOldGen: 848592K(887808K)->856896K(887808K)
[5.515s][info][gc,metaspace   ] GC(107) Metaspace: 6297K(6464K)->6297K(6464K) NonClass: 5764K(5824K)->5764K(5824K) Class: 533K(640K)->533K(640K)
[5.515s][info][gc             ] GC(107) Pause Young (Allocation Failure) 846M->846M(886M) 16.534ms
[5.515s][info][gc,cpu         ] GC(107) User=0.00s Sys=0.02s Real=0.02s
[5.525s][info][gc,start       ] GC(108) Pause Young (Allocation Failure)
[5.541s][info][gc,heap        ] GC(108) PSYoungGen: 19584K(19968K)->9824K(84480K) Eden: 9728K(9728K)->0K(11264K) From: 9856K(10240K)->9824K(73216K)
[5.541s][info][gc,heap        ] GC(108) ParOldGen: 856896K(887808K)->866760K(887808K)
[5.541s][info][gc,metaspace   ] GC(108) Metaspace: 6297K(6464K)->6297K(6464K) NonClass: 5764K(5824K)->5764K(5824K) Class: 533K(640K)->533K(640K)
[5.541s][info][gc             ] GC(108) Pause Young (Allocation Failure) 855M->856M(949M) 15.260ms
[5.541s][info][gc,cpu         ] GC(108) User=0.02s Sys=0.00s Real=0.02s
[5.541s][info][gc,start       ] GC(109) Pause Full (Ergonomics)
[5.541s][info][gc,phases,start] GC(109) Marking Phase
[5.736s][info][gc,phases      ] GC(109) Marking Phase 195.568ms
[5.736s][info][gc,phases,start] GC(109) Summary Phase
[5.736s][info][gc,phases      ] GC(109) Summary Phase 0.028ms
[5.736s][info][gc,phases,start] GC(109) Adjust Roots
[5.737s][info][gc,phases      ] GC(109) Adjust Roots 0.148ms
[5.737s][info][gc,phases,start] GC(109) Compaction Phase
[5.822s][info][gc,phases      ] GC(109) Compaction Phase 85.729ms
[5.822s][info][gc,phases,start] GC(109) Post Compact
[5.824s][info][gc,phases      ] GC(109) Post Compact 1.540ms
[5.824s][info][gc,heap        ] GC(109) PSYoungGen: 9824K(84480K)->0K(87040K) Eden: 0K(11264K)->0K(11264K) From: 9824K(73216K)->0K(75776K)
[5.824s][info][gc,heap        ] GC(109) ParOldGen: 866760K(887808K)->875240K(961024K)
[5.824s][info][gc,metaspace   ] GC(109) Metaspace: 6297K(6464K)->6297K(6464K) NonClass: 5764K(5824K)->5764K(5824K) Class: 533K(640K)->533K(640K)
[5.824s][info][gc             ] GC(109) Pause Full (Ergonomics) 856M->854M(1023M) 283.585ms
[5.824s][info][gc,cpu         ] GC(109) User=1.58s Sys=0.03s Real=0.28s
[5.838s][info][gc,start       ] GC(110) Pause Young (Allocation Failure)
[5.851s][info][gc,heap        ] GC(110) PSYoungGen: 11264K(87040K)->11328K(82432K) Eden: 11264K(11264K)->0K(12800K) From: 0K(75776K)->11328K(69632K)
[5.852s][info][gc,heap        ] GC(110) ParOldGen: 875240K(961024K)->875240K(961024K)
[5.852s][info][gc,metaspace   ] GC(110) Metaspace: 6297K(6464K)->6297K(6464K) NonClass: 5764K(5824K)->5764K(5824K) Class: 533K(640K)->533K(640K)
[5.852s][info][gc             ] GC(110) Pause Young (Allocation Failure) 865M->865M(1019M) 14.030ms
[5.852s][info][gc,cpu         ] GC(110) User=0.02s Sys=0.00s Real=0.01s
[5.865s][info][gc,start       ] GC(111) Pause Young (Allocation Failure)
[5.881s][info][gc,heap        ] GC(111) PSYoungGen: 24128K(82432K)->24160K(37376K) Eden: 12800K(12800K)->0K(12800K) From: 11328K(69632K)->24160K(24576K)
[5.881s][info][gc,heap        ] GC(111) ParOldGen: 875240K(961024K)->875240K(961024K)
[5.881s][info][gc,metaspace   ] GC(111) Metaspace: 6297K(6464K)->6297K(6464K) NonClass: 5764K(5824K)->5764K(5824K) Class: 533K(640K)->533K(640K)
[5.881s][info][gc             ] GC(111) Pause Young (Allocation Failure) 878M->878M(975M) 16.543ms
[5.881s][info][gc,cpu         ] GC(111) User=0.00s Sys=0.00s Real=0.02s
[5.895s][info][gc,start       ] GC(112) Pause Young (Allocation Failure)
[5.917s][info][gc,heap        ] GC(112) PSYoungGen: 36960K(37376K)->25728K(76288K) Eden: 12800K(12800K)->0K(14336K) From: 24160K(24576K)->25728K(61952K)
[5.917s][info][gc,heap        ] GC(112) ParOldGen: 875240K(961024K)->886672K(961024K)
[5.917s][info][gc,metaspace   ] GC(112) Metaspace: 6297K(6464K)->6297K(6464K) NonClass: 5764K(5824K)->5764K(5824K) Class: 533K(640K)->533K(640K)
[5.917s][info][gc             ] GC(112) Pause Young (Allocation Failure) 890M->891M(1013M) 22.365ms
[5.917s][info][gc,cpu         ] GC(112) User=0.02s Sys=0.00s Real=0.02s
[5.933s][info][gc,start       ] GC(113) Pause Young (Allocation Failure)
[5.955s][info][gc,heap        ] GC(113) PSYoungGen: 40064K(76288K)->27264K(41984K) Eden: 14336K(14336K)->0K(14336K) From: 25728K(61952K)->27264K(27648K)
[5.955s][info][gc,heap        ] GC(113) ParOldGen: 886672K(961024K)->899640K(961024K)
[5.955s][info][gc,metaspace   ] GC(113) Metaspace: 6297K(6464K)->6297K(6464K) NonClass: 5764K(5824K)->5764K(5824K) Class: 533K(640K)->533K(640K)
[5.955s][info][gc             ] GC(113) Pause Young (Allocation Failure) 905M->905M(979M) 21.817ms
[5.955s][info][gc,cpu         ] GC(113) User=0.11s Sys=0.00s Real=0.02s
[5.970s][info][gc,start       ] GC(114) Pause Young (Allocation Failure)
[5.992s][info][gc,heap        ] GC(114) PSYoungGen: 41600K(41984K)->28800K(75776K) Eden: 14336K(14336K)->0K(16384K) From: 27264K(27648K)->28800K(59392K)
[5.992s][info][gc,heap        ] GC(114) ParOldGen: 899640K(961024K)->912608K(961024K)
[5.992s][info][gc,metaspace   ] GC(114) Metaspace: 6297K(6464K)->6297K(6464K) NonClass: 5764K(5824K)->5764K(5824K) Class: 533K(640K)->533K(640K)
[5.992s][info][gc             ] GC(114) Pause Young (Allocation Failure) 919M->919M(1012M) 21.978ms
[5.992s][info][gc,cpu         ] GC(114) User=0.23s Sys=0.00s Real=0.02s
[6.010s][info][gc,start       ] GC(115) Pause Young (Allocation Failure)
[6.035s][info][gc,heap        ] GC(115) PSYoungGen: 45184K(75776K)->30912K(77312K) Eden: 16384K(16384K)->0K(16384K) From: 28800K(59392K)->30912K(60928K)
[6.035s][info][gc,heap        ] GC(115) ParOldGen: 912608K(961024K)->927144K(961024K)
[6.035s][info][gc,metaspace   ] GC(115) Metaspace: 6297K(6464K)->6297K(6464K) NonClass: 5764K(5824K)->5764K(5824K) Class: 533K(640K)->533K(640K)
[6.035s][info][gc             ] GC(115) Pause Young (Allocation Failure) 935M->935M(1014M) 24.758ms
[6.035s][info][gc,cpu         ] GC(115) User=0.11s Sys=0.02s Real=0.03s
[6.052s][info][gc,start       ] GC(116) Pause Young (Allocation Failure)
[6.078s][info][gc,heap        ] GC(116) PSYoungGen: 47296K(77312K)->32896K(77312K) Eden: 16384K(16384K)->0K(18432K) From: 30912K(60928K)->32896K(58880K)
[6.078s][info][gc,heap        ] GC(116) ParOldGen: 927144K(961024K)->941672K(961024K)
[6.078s][info][gc,metaspace   ] GC(116) Metaspace: 6297K(6464K)->6297K(6464K) NonClass: 5764K(5824K)->5764K(5824K) Class: 533K(640K)->533K(640K)
[6.078s][info][gc             ] GC(116) Pause Young (Allocation Failure) 951M->951M(1014M) 26.134ms
[6.078s][info][gc,cpu         ] GC(116) User=0.11s Sys=0.00s Real=0.03s
[6.078s][info][gc,start       ] GC(117) Pause Full (Ergonomics)
[6.078s][info][gc,phases,start] GC(117) Marking Phase
[6.304s][info][gc,phases      ] GC(117) Marking Phase 225.556ms
[6.304s][info][gc,phases,start] GC(117) Summary Phase
[6.304s][info][gc,phases      ] GC(117) Summary Phase 0.039ms
[6.304s][info][gc,phases,start] GC(117) Adjust Roots
[6.304s][info][gc,phases      ] GC(117) Adjust Roots 0.166ms
[6.304s][info][gc,phases,start] GC(117) Compaction Phase
[6.396s][info][gc,phases      ] GC(117) Compaction Phase 91.310ms
[6.396s][info][gc,phases,start] GC(117) Post Compact
[6.397s][info][gc,phases      ] GC(117) Post Compact 1.817ms
[6.398s][info][gc,heap        ] GC(117) PSYoungGen: 32896K(77312K)->12780K(77824K) Eden: 0K(18432K)->0K(18944K) From: 32896K(58880K)->12780K(58880K)
[6.398s][info][gc,heap        ] GC(117) ParOldGen: 941672K(961024K)->960540K(1052160K)
[6.398s][info][gc,metaspace   ] GC(117) Metaspace: 6297K(6464K)->6297K(6464K) NonClass: 5764K(5824K)->5764K(5824K) Class: 533K(640K)->533K(640K)
[6.398s][info][gc             ] GC(117) Pause Full (Ergonomics) 951M->950M(1103M) 319.662ms
[6.398s][info][gc,cpu         ] GC(117) User=2.36s Sys=0.00s Real=0.32s
[6.420s][info][gc,start       ] GC(118) Pause Young (Allocation Failure)
[6.486s][info][gc,heap        ] GC(118) PSYoungGen: 31724K(77824K)->26432K(45568K) Eden: 18944K(18944K)->0K(18944K) From: 12780K(58880K)->26432K(26624K)
[6.486s][info][gc,heap        ] GC(118) ParOldGen: 960540K(1052160K)->966092K(1052160K)
[6.486s][info][gc,metaspace   ] GC(118) Metaspace: 6297K(6464K)->6297K(6464K) NonClass: 5764K(5824K)->5764K(5824K) Class: 533K(640K)->533K(640K)
[6.486s][info][gc             ] GC(118) Pause Young (Allocation Failure) 969M->969M(1072M) 65.580ms
[6.486s][info][gc,cpu         ] GC(118) User=0.34s Sys=0.00s Real=0.07s
[6.508s][info][gc,start       ] GC(119) Pause Young (Allocation Failure)
[6.535s][info][gc,heap        ] GC(119) PSYoungGen: 45376K(45568K)->45376K(72704K) Eden: 18944K(18944K)->0K(16384K) From: 26432K(26624K)->45376K(56320K)
[6.535s][info][gc,heap        ] GC(119) ParOldGen: 966092K(1052160K)->966092K(1052160K)
[6.535s][info][gc,metaspace   ] GC(119) Metaspace: 6297K(6464K)->6297K(6464K) NonClass: 5764K(5824K)->5764K(5824K) Class: 533K(640K)->533K(640K)
[6.535s][info][gc             ] GC(119) Pause Young (Allocation Failure) 987M->987M(1098M) 27.312ms
[6.535s][info][gc,cpu         ] GC(119) User=0.12s Sys=0.00s Real=0.03s
[6.555s][info][gc,start       ] GC(120) Pause Young (Allocation Failure)
[6.599s][info][gc,heap        ] GC(120) PSYoungGen: 61760K(72704K)->54400K(77312K) Eden: 16384K(16384K)->0K(16384K) From: 45376K(56320K)->54400K(60928K)
[6.599s][info][gc,heap        ] GC(120) ParOldGen: 966092K(1052160K)->973580K(1052160K)
[6.599s][info][gc,metaspace   ] GC(120) Metaspace: 6297K(6464K)->6297K(6464K) NonClass: 5764K(5824K)->5764K(5824K) Class: 533K(640K)->533K(640K)
[6.599s][info][gc             ] GC(120) Pause Young (Allocation Failure) 1003M->1003M(1103M) 43.562ms
[6.599s][info][gc,cpu         ] GC(120) User=0.20s Sys=0.00s Real=0.04s
[6.619s][info][gc,start       ] GC(121) Pause Young (Allocation Failure)
[6.658s][info][gc,heap        ] GC(121) PSYoungGen: 70784K(77312K)->51840K(81920K) Eden: 16384K(16384K)->0K(14336K) From: 54400K(60928K)->51840K(67584K)
[6.658s][info][gc,heap        ] GC(121) ParOldGen: 973580K(1052160K)->992804K(1052160K)
[6.658s][info][gc,metaspace   ] GC(121) Metaspace: 6297K(6464K)->6297K(6464K) NonClass: 5764K(5824K)->5764K(5824K) Class: 533K(640K)->533K(640K)
[6.658s][info][gc             ] GC(121) Pause Young (Allocation Failure) 1019M->1020M(1107M) 38.998ms
[6.658s][info][gc,cpu         ] GC(121) User=0.19s Sys=0.03s Real=0.04s
[6.674s][info][gc,start       ] GC(122) Pause Young (Allocation Failure)
[6.710s][info][gc,heap        ] GC(122) PSYoungGen: 66176K(81920K)->47200K(86016K) Eden: 14336K(14336K)->0K(14336K) From: 51840K(67584K)->47200K(71680K)
[6.710s][info][gc,heap        ] GC(122) ParOldGen: 992804K(1052160K)->1012028K(1052160K)
[6.710s][info][gc,metaspace   ] GC(122) Metaspace: 6297K(6464K)->6297K(6464K) NonClass: 5764K(5824K)->5764K(5824K) Class: 533K(640K)->533K(640K)
[6.710s][info][gc             ] GC(122) Pause Young (Allocation Failure) 1034M->1034M(1111M) 35.961ms
[6.710s][info][gc,cpu         ] GC(122) User=0.23s Sys=0.00s Real=0.04s
[6.727s][info][gc,start       ] GC(123) Pause Young (Allocation Failure)
[6.762s][info][gc,heap        ] GC(123) PSYoungGen: 61536K(86016K)->28800K(82944K) Eden: 14336K(14336K)->0K(16384K) From: 47200K(71680K)->28800K(66560K)
[6.762s][info][gc,heap        ] GC(123) ParOldGen: 1012028K(1052160K)->1045236K(1052160K)
[6.762s][info][gc,metaspace   ] GC(123) Metaspace: 6297K(6464K)->6297K(6464K) NonClass: 5764K(5824K)->5764K(5824K) Class: 533K(640K)->533K(640K)
[6.762s][info][gc             ] GC(123) Pause Young (Allocation Failure) 1048M->1048M(1108M) 35.233ms
[6.762s][info][gc,cpu         ] GC(123) User=0.17s Sys=0.05s Real=0.04s
[6.762s][info][gc,start       ] GC(124) Pause Full (Ergonomics)
[6.762s][info][gc,phases,start] GC(124) Marking Phase
[7.022s][info][gc,phases      ] GC(124) Marking Phase 259.734ms
[7.022s][info][gc,phases,start] GC(124) Summary Phase
[7.022s][info][gc,phases      ] GC(124) Summary Phase 0.029ms
[7.022s][info][gc,phases,start] GC(124) Adjust Roots
[7.022s][info][gc,phases      ] GC(124) Adjust Roots 0.187ms
[7.022s][info][gc,phases,start] GC(124) Compaction Phase
[7.126s][info][gc,phases      ] GC(124) Compaction Phase 104.115ms
[7.126s][info][gc,phases,start] GC(124) Post Compact
[7.128s][info][gc,phases      ] GC(124) Post Compact 1.941ms
[7.129s][info][gc,heap        ] GC(124) PSYoungGen: 28800K(82944K)->20432K(85504K) Eden: 0K(16384K)->0K(18944K) From: 28800K(66560K)->20432K(66560K)
[7.129s][info][gc,heap        ] GC(124) ParOldGen: 1045236K(1052160K)->1052021K(1160192K)
[7.129s][info][gc,metaspace   ] GC(124) Metaspace: 6297K(6464K)->6297K(6464K) NonClass: 5764K(5824K)->5764K(5824K) Class: 533K(640K)->533K(640K)
[7.129s][info][gc             ] GC(124) Pause Full (Ergonomics) 1048M->1047M(1216M) 366.888ms
[7.129s][info][gc,cpu         ] GC(124) User=2.61s Sys=0.00s Real=0.37s
[7.150s][info][gc,start       ] GC(125) Pause Young (Allocation Failure)
[7.215s][info][gc,heap        ] GC(125) PSYoungGen: 39376K(85504K)->19040K(89088K) Eden: 18944K(18944K)->0K(18944K) From: 20432K(66560K)->19040K(70144K)
[7.215s][info][gc,heap        ] GC(125) ParOldGen: 1052021K(1160192K)->1072741K(1160192K)
[7.215s][info][gc,metaspace   ] GC(125) Metaspace: 6297K(6464K)->6297K(6464K) NonClass: 5764K(5824K)->5764K(5824K) Class: 533K(640K)->533K(640K)
[7.215s][info][gc             ] GC(125) Pause Young (Allocation Failure) 1065M->1066M(1220M) 65.018ms
[7.215s][info][gc,cpu         ] GC(125) User=0.36s Sys=0.00s Real=0.07s
[7.238s][info][gc,start       ] GC(126) Pause Young (Allocation Failure)
[7.262s][info][gc,heap        ] GC(126) PSYoungGen: 37984K(89088K)->19072K(87040K) Eden: 18944K(18944K)->0K(20992K) From: 19040K(70144K)->19072K(66048K)
[7.262s][info][gc,heap        ] GC(126) ParOldGen: 1072741K(1160192K)->1091933K(1160192K)
[7.262s][info][gc,metaspace   ] GC(126) Metaspace: 6297K(6464K)->6297K(6464K) NonClass: 5764K(5824K)->5764K(5824K) Class: 533K(640K)->533K(640K)
[7.262s][info][gc             ] GC(126) Pause Young (Allocation Failure) 1084M->1084M(1218M) 23.425ms
[7.262s][info][gc,cpu         ] GC(126) User=0.12s Sys=0.00s Real=0.02s
[7.286s][info][gc,start       ] GC(127) Pause Young (Allocation Failure)
[7.310s][info][gc,heap        ] GC(127) PSYoungGen: 40064K(87040K)->21120K(88576K) Eden: 20992K(20992K)->0K(20992K) From: 19072K(66048K)->21120K(67584K)
[7.310s][info][gc,heap        ] GC(127) ParOldGen: 1091933K(1160192K)->1111133K(1160192K)
[7.310s][info][gc,metaspace   ] GC(127) Metaspace: 6297K(6464K)->6297K(6464K) NonClass: 5764K(5824K)->5764K(5824K) Class: 533K(640K)->533K(640K)
[7.310s][info][gc             ] GC(127) Pause Young (Allocation Failure) 1105M->1105M(1219M) 23.686ms
[7.310s][info][gc,cpu         ] GC(127) User=0.12s Sys=0.00s Real=0.02s
[7.334s][info][gc,start       ] GC(128) Pause Young (Allocation Failure)
[7.358s][info][gc,heap        ] GC(128) PSYoungGen: 42112K(88576K)->21088K(84992K) Eden: 20992K(20992K)->0K(23552K) From: 21120K(67584K)->21088K(61440K)
[7.359s][info][gc,heap        ] GC(128) ParOldGen: 1111133K(1160192K)->1132405K(1160192K)
[7.359s][info][gc,metaspace   ] GC(128) Metaspace: 6297K(6464K)->6297K(6464K) NonClass: 5764K(5824K)->5764K(5824K) Class: 533K(640K)->533K(640K)
[7.359s][info][gc             ] GC(128) Pause Young (Allocation Failure) 1126M->1126M(1216M) 24.730ms
[7.359s][info][gc,cpu         ] GC(128) User=0.12s Sys=0.00s Real=0.02s
[7.359s][info][gc,start       ] GC(129) Pause Full (Ergonomics)
[7.359s][info][gc,phases,start] GC(129) Marking Phase
[7.607s][info][gc,phases      ] GC(129) Marking Phase 248.292ms
[7.607s][info][gc,phases,start] GC(129) Summary Phase
[7.607s][info][gc,phases      ] GC(129) Summary Phase 0.032ms
[7.607s][info][gc,phases,start] GC(129) Adjust Roots
[7.607s][info][gc,phases      ] GC(129) Adjust Roots 0.160ms
[7.607s][info][gc,phases,start] GC(129) Compaction Phase
[7.706s][info][gc,phases      ] GC(129) Compaction Phase 99.255ms
[7.707s][info][gc,phases,start] GC(129) Post Compact
[7.709s][info][gc,phases      ] GC(129) Post Compact 2.323ms
[7.710s][info][gc,heap        ] GC(129) PSYoungGen: 21088K(84992K)->0K(87040K) Eden: 0K(23552K)->0K(23552K) From: 21088K(61440K)->0K(63488K)
[7.710s][info][gc,heap        ] GC(129) ParOldGen: 1132405K(1160192K)->1152201K(1270272K)
[7.710s][info][gc,metaspace   ] GC(129) Metaspace: 6297K(6464K)->6297K(6464K) NonClass: 5764K(5824K)->5764K(5824K) Class: 533K(640K)->533K(640K)
[7.710s][info][gc             ] GC(129) Pause Full (Ergonomics) 1126M->1125M(1325M) 350.988ms
[7.710s][info][gc,cpu         ] GC(129) User=2.59s Sys=0.00s Real=0.35s
[7.739s][info][gc,start       ] GC(130) Pause Young (Allocation Failure)
[7.756s][info][gc,heap        ] GC(130) PSYoungGen: 23552K(87040K)->23680K(84480K) Eden: 23552K(23552K)->0K(26112K) From: 0K(63488K)->23680K(58368K)
[7.756s][info][gc,heap        ] GC(130) ParOldGen: 1152201K(1270272K)->1152201K(1270272K)
[7.756s][info][gc,metaspace   ] GC(130) Metaspace: 6297K(6464K)->6297K(6464K) NonClass: 5764K(5824K)->5764K(5824K) Class: 533K(640K)->533K(640K)
[7.756s][info][gc             ] GC(130) Pause Young (Allocation Failure) 1148M->1148M(1323M) 16.932ms
[7.756s][info][gc,cpu         ] GC(130) User=0.02s Sys=0.00s Real=0.02s
[7.787s][info][gc,start       ] GC(131) Pause Young (Allocation Failure)
[7.814s][info][gc,heap        ] GC(131) PSYoungGen: 49792K(84480K)->49824K(87040K) Eden: 26112K(26112K)->0K(26112K) From: 23680K(58368K)->49824K(60928K)
[7.814s][info][gc,heap        ] GC(131) ParOldGen: 1152201K(1270272K)->1152201K(1270272K)
[7.814s][info][gc,metaspace   ] GC(131) Metaspace: 6297K(6464K)->6297K(6464K) NonClass: 5764K(5824K)->5764K(5824K) Class: 533K(640K)->533K(640K)
[7.814s][info][gc             ] GC(131) Pause Young (Allocation Failure) 1173M->1173M(1325M) 27.236ms
[7.814s][info][gc,cpu         ] GC(131) User=0.12s Sys=0.00s Real=0.03s
[7.845s][info][gc,start       ] GC(132) Pause Young (Allocation Failure)
[7.885s][info][gc,heap        ] GC(132) PSYoungGen: 75936K(87040K)->65536K(80896K) Eden: 26112K(26112K)->0K(15360K) From: 49824K(60928K)->65536K(65536K)
[7.885s][info][gc,heap        ] GC(132) ParOldGen: 1152201K(1270272K)->1162649K(1270272K)
[7.885s][info][gc,metaspace   ] GC(132) Metaspace: 6297K(6464K)->6297K(6464K) NonClass: 5764K(5824K)->5764K(5824K) Class: 533K(640K)->533K(640K)
[7.885s][info][gc             ] GC(132) Pause Young (Allocation Failure) 1199M->1199M(1319M) 39.736ms
[7.885s][info][gc,cpu         ] GC(132) User=0.31s Sys=0.05s Real=0.04s
[7.903s][info][gc,start       ] GC(133) Pause Young (Allocation Failure)
[7.944s][info][gc,heap        ] GC(133) PSYoungGen: 80896K(80896K)->37344K(52736K) Eden: 15360K(15360K)->0K(15360K) From: 65536K(65536K)->37344K(37376K)
[7.944s][info][gc,heap        ] GC(133) ParOldGen: 1162649K(1270272K)->1206881K(1270272K)
[7.944s][info][gc,metaspace   ] GC(133) Metaspace: 6297K(6464K)->6297K(6464K) NonClass: 5764K(5824K)->5764K(5824K) Class: 533K(640K)->533K(640K)
[7.944s][info][gc             ] GC(133) Pause Young (Allocation Failure) 1214M->1215M(1292M) 40.564ms
[7.944s][info][gc,cpu         ] GC(133) User=0.25s Sys=0.02s Real=0.04s
[7.962s][info][gc,start       ] GC(134) Pause Young (Allocation Failure)
[7.990s][info][gc,heap        ] GC(134) PSYoungGen: 52704K(52736K)->30880K(86528K) Eden: 15360K(15360K)->0K(17408K) From: 37344K(37376K)->30880K(69120K)
[7.990s][info][gc,heap        ] GC(134) ParOldGen: 1206881K(1270272K)->1229041K(1270272K)
[7.990s][info][gc,metaspace   ] GC(134) Metaspace: 6297K(6464K)->6297K(6464K) NonClass: 5764K(5824K)->5764K(5824K) Class: 533K(640K)->533K(640K)
[7.990s][info][gc             ] GC(134) Pause Young (Allocation Failure) 1230M->1230M(1325M) 28.228ms
[7.990s][info][gc,cpu         ] GC(134) User=0.12s Sys=0.02s Real=0.03s
[8.012s][info][gc,start       ] GC(135) Pause Young (Allocation Failure)
[8.039s][info][gc,heap        ] GC(135) PSYoungGen: 48288K(86528K)->32896K(50688K) Eden: 17408K(17408K)->0K(17408K) From: 30880K(69120K)->32896K(33280K)
[8.039s][info][gc,heap        ] GC(135) ParOldGen: 1229041K(1270272K)->1244617K(1270272K)
[8.039s][info][gc,metaspace   ] GC(135) Metaspace: 6297K(6464K)->6297K(6464K) NonClass: 5764K(5824K)->5764K(5824K) Class: 533K(640K)->533K(640K)
[8.039s][info][gc             ] GC(135) Pause Young (Allocation Failure) 1247M->1247M(1290M) 27.295ms
[8.039s][info][gc,cpu         ] GC(135) User=0.14s Sys=0.00s Real=0.03s
[8.039s][info][gc,start       ] GC(136) Pause Full (Ergonomics)
[8.039s][info][gc,phases,start] GC(136) Marking Phase
[8.316s][info][gc,phases      ] GC(136) Marking Phase 276.709ms
[8.316s][info][gc,phases,start] GC(136) Summary Phase
[8.316s][info][gc,phases      ] GC(136) Summary Phase 0.029ms
[8.316s][info][gc,phases,start] GC(136) Adjust Roots
[8.316s][info][gc,phases      ] GC(136) Adjust Roots 0.165ms
[8.316s][info][gc,phases,start] GC(136) Compaction Phase
[8.418s][info][gc,phases      ] GC(136) Compaction Phase 101.955ms
[8.418s][info][gc,phases,start] GC(136) Post Compact
[8.420s][info][gc,phases      ] GC(136) Post Compact 2.029ms
[8.421s][info][gc,heap        ] GC(136) PSYoungGen: 32896K(50688K)->6139K(50688K) Eden: 0K(17408K)->0K(17408K) From: 32896K(33280K)->6139K(33280K)
[8.421s][info][gc,heap        ] GC(136) ParOldGen: 1244617K(1270272K)->1269784K(1400832K)
[8.421s][info][gc,metaspace   ] GC(136) Metaspace: 6297K(6464K)->6297K(6464K) NonClass: 5764K(5824K)->5764K(5824K) Class: 533K(640K)->533K(640K)
[8.421s][info][gc             ] GC(136) Pause Full (Ergonomics) 1247M->1246M(1417M) 381.659ms
[8.421s][info][gc,cpu         ] GC(136) User=2.88s Sys=0.02s Real=0.38s
[8.442s][info][gc,start       ] GC(137) Pause Young (Allocation Failure)
[8.513s][info][gc,heap        ] GC(137) PSYoungGen: 23547K(50688K)->20544K(86016K) Eden: 17408K(17408K)->0K(19456K) From: 6139K(33280K)->20544K(66560K)
[8.513s][info][gc,heap        ] GC(137) ParOldGen: 1269784K(1400832K)->1272992K(1400832K)
[8.513s][info][gc,metaspace   ] GC(137) Metaspace: 6297K(6464K)->6297K(6464K) NonClass: 5764K(5824K)->5764K(5824K) Class: 533K(640K)->533K(640K)
[8.513s][info][gc             ] GC(137) Pause Young (Allocation Failure) 1263M->1263M(1452M) 71.203ms
[8.513s][info][gc,cpu         ] GC(137) User=0.33s Sys=0.00s Real=0.07s
[8.535s][info][gc,start       ] GC(138) Pause Young (Allocation Failure)
[8.558s][info][gc,heap        ] GC(138) PSYoungGen: 40000K(86016K)->34464K(54272K) Eden: 19456K(19456K)->0K(19456K) From: 20544K(66560K)->34464K(34816K)
[8.558s][info][gc,heap        ] GC(138) ParOldGen: 1272992K(1400832K)->1272992K(1400832K)
[8.558s][info][gc,metaspace   ] GC(138) Metaspace: 6297K(6464K)->6297K(6464K) NonClass: 5764K(5824K)->5764K(5824K) Class: 533K(640K)->533K(640K)
[8.558s][info][gc             ] GC(138) Pause Young (Allocation Failure) 1282M->1276M(1421M) 22.572ms
[8.558s][info][gc,cpu         ] GC(138) User=0.12s Sys=0.00s Real=0.02s
[8.573s][info][gc,start       ] GC(139) Pause Young (Allocation Failure)
[8.600s][info][gc,heap        ] GC(139) PSYoungGen: 53920K(54272K)->44480K(85504K) Eden: 19456K(19456K)->0K(20480K) From: 34464K(34816K)->44480K(65024K)
[8.600s][info][gc,heap        ] GC(139) ParOldGen: 1272992K(1400832K)->1272992K(1400832K)
[8.600s][info][gc,metaspace   ] GC(139) Metaspace: 6297K(6464K)->6297K(6464K) NonClass: 5764K(5824K)->5764K(5824K) Class: 533K(640K)->533K(640K)
[8.600s][info][gc             ] GC(139) Pause Young (Allocation Failure) 1295M->1286M(1451M) 26.782ms
[8.600s][info][gc,cpu         ] GC(139) User=0.14s Sys=0.00s Real=0.03s
[8.623s][info][gc,start       ] GC(140) Pause Young (Allocation Failure)
[8.658s][info][gc,heap        ] GC(140) PSYoungGen: 64960K(85504K)->60288K(86528K) Eden: 20480K(20480K)->0K(20480K) From: 44480K(65024K)->60288K(66048K)
[8.658s][info][gc,heap        ] GC(140) ParOldGen: 1272992K(1400832K)->1276072K(1400832K)
[8.658s][info][gc,metaspace   ] GC(140) Metaspace: 6297K(6464K)->6297K(6464K) NonClass: 5764K(5824K)->5764K(5824K) Class: 533K(640K)->533K(640K)
[8.658s][info][gc             ] GC(140) Pause Young (Allocation Failure) 1306M->1305M(1452M) 34.255ms
[8.658s][info][gc,cpu         ] GC(140) User=0.16s Sys=0.00s Real=0.03s
[8.685s][info][gc,start       ] GC(141) Pause Young (Allocation Failure)
[8.728s][info][gc,heap        ] GC(141) PSYoungGen: 80768K(86528K)->63424K(89088K) Eden: 20480K(20480K)->0K(16896K) From: 60288K(66048K)->63424K(72192K)
[8.728s][info][gc,heap        ] GC(141) ParOldGen: 1276072K(1400832K)->1293728K(1400832K)
[8.728s][info][gc,metaspace   ] GC(141) Metaspace: 6297K(6464K)->6297K(6464K) NonClass: 5764K(5824K)->5764K(5824K) Class: 533K(640K)->533K(640K)
[8.728s][info][gc             ] GC(141) Pause Young (Allocation Failure) 1325M->1325M(1455M) 42.802ms
[8.728s][info][gc,cpu         ] GC(141) User=0.25s Sys=0.02s Real=0.04s
[8.748s][info][gc,start       ] GC(142) Pause Young (Allocation Failure)
[8.790s][info][gc,heap        ] GC(142) PSYoungGen: 80320K(89088K)->66368K(95232K) Eden: 16896K(16896K)->0K(16896K) From: 63424K(72192K)->66368K(78336K)
[8.790s][info][gc,heap        ] GC(142) ParOldGen: 1293728K(1400832K)->1307808K(1400832K)
[8.790s][info][gc,metaspace   ] GC(142) Metaspace: 6297K(6464K)->6297K(6464K) NonClass: 5764K(5824K)->5764K(5824K) Class: 533K(640K)->533K(640K)
[8.790s][info][gc             ] GC(142) Pause Young (Allocation Failure) 1341M->1341M(1461M) 42.002ms
[8.790s][info][gc,cpu         ] GC(142) User=0.27s Sys=0.00s Real=0.04s
[8.811s][info][gc,start       ] GC(143) Pause Young (Allocation Failure)
[8.856s][info][gc,heap        ] GC(143) PSYoungGen: 83264K(95232K)->73184K(96768K) Eden: 16896K(16896K)->0K(12288K) From: 66368K(78336K)->73184K(84480K)
[8.856s][info][gc,heap        ] GC(143) ParOldGen: 1307808K(1400832K)->1318048K(1400832K)
[8.856s][info][gc,metaspace   ] GC(143) Metaspace: 6297K(6464K)->6297K(6464K) NonClass: 5764K(5824K)->5764K(5824K) Class: 533K(640K)->533K(640K)
[8.857s][info][gc             ] GC(143) Pause Young (Allocation Failure) 1358M->1358M(1462M) 45.613ms
[8.857s][info][gc,cpu         ] GC(143) User=0.23s Sys=0.02s Real=0.05s
[8.872s][info][gc,start       ] GC(144) Pause Young (Allocation Failure)
[8.920s][info][gc,heap        ] GC(144) PSYoungGen: 85472K(96768K)->46144K(58880K) Eden: 12288K(12288K)->0K(12288K) From: 73184K(84480K)->46144K(46592K)
[8.920s][info][gc,heap        ] GC(144) ParOldGen: 1318048K(1400832K)->1357808K(1400832K)
[8.920s][info][gc,metaspace   ] GC(144) Metaspace: 6297K(6464K)->6297K(6464K) NonClass: 5764K(5824K)->5764K(5824K) Class: 533K(640K)->533K(640K)
[8.920s][info][gc             ] GC(144) Pause Young (Allocation Failure) 1370M->1371M(1425M) 47.620ms
[8.920s][info][gc,cpu         ] GC(144) User=0.25s Sys=0.02s Real=0.05s
[9.255s][info][gc,start       ] GC(145) Pause Young (Allocation Failure)
[9.319s][info][gc,heap        ] GC(145) PSYoungGen: 58432K(58880K)->24672K(99840K) Eden: 12288K(12288K)->0K(13824K) From: 46144K(46592K)->24672K(86016K)
[9.319s][info][gc,heap        ] GC(145) ParOldGen: 1423344K(1466880K)->1457544K(1466880K)
[9.319s][info][gc,metaspace   ] GC(145) Metaspace: 6297K(6464K)->6297K(6464K) NonClass: 5764K(5824K)->5764K(5824K) Class: 533K(640K)->533K(640K)
[9.319s][info][gc             ] GC(145) Pause Young (Allocation Failure) 1447M->1447M(1530M) 64.195ms
[9.319s][info][gc,cpu         ] GC(145) User=0.38s Sys=0.02s Real=0.06s
[9.319s][info][gc,start       ] GC(146) Pause Full (Ergonomics)
[9.319s][info][gc,phases,start] GC(146) Marking Phase
[9.633s][info][gc,phases      ] GC(146) Marking Phase 313.201ms
[9.633s][info][gc,phases,start] GC(146) Summary Phase
[9.633s][info][gc,phases      ] GC(146) Summary Phase 0.043ms
[9.633s][info][gc,phases,start] GC(146) Adjust Roots
[9.633s][info][gc,phases      ] GC(146) Adjust Roots 0.175ms
[9.633s][info][gc,phases,start] GC(146) Compaction Phase
[9.864s][info][gc,phases      ] GC(146) Compaction Phase 231.487ms
[9.864s][info][gc,phases,start] GC(146) Post Compact
[9.868s][info][gc,phases      ] GC(146) Post Compact 3.317ms
[9.869s][info][gc,heap        ] GC(146) PSYoungGen: 24672K(99840K)->0K(100864K) Eden: 0K(13824K)->0K(13824K) From: 24672K(86016K)->0K(87040K)
[9.869s][info][gc,heap        ] GC(146) ParOldGen: 1457544K(1466880K)->1447414K(1594880K)
[9.869s][info][gc,metaspace   ] GC(146) Metaspace: 6297K(6464K)->6297K(6464K) NonClass: 5764K(5824K)->5764K(5824K) Class: 533K(640K)->533K(640K)
[9.869s][info][gc             ] GC(146) Pause Full (Ergonomics) 1447M->1413M(1656M) 549.217ms
[9.869s][info][gc,cpu         ] GC(146) User=3.73s Sys=0.00s Real=0.55s
[9.885s][info][gc,start       ] GC(147) Pause Young (Allocation Failure)
[9.902s][info][gc,heap        ] GC(147) PSYoungGen: 13824K(100864K)->13984K(102400K) Eden: 13824K(13824K)->0K(15360K) From: 0K(87040K)->13984K(87040K)
[9.902s][info][gc,heap        ] GC(147) ParOldGen: 1447414K(1594880K)->1447414K(1594880K)
[9.902s][info][gc,metaspace   ] GC(147) Metaspace: 6297K(6464K)->6297K(6464K) NonClass: 5764K(5824K)->5764K(5824K) Class: 533K(640K)->533K(640K)
[9.902s][info][gc             ] GC(147) Pause Young (Allocation Failure) 1426M->1427M(1657M) 17.581ms
[9.902s][info][gc,cpu         ] GC(147) User=0.02s Sys=0.00s Real=0.02s
[9.917s][info][gc,start       ] GC(148) Pause Young (Allocation Failure)
[9.940s][info][gc,heap        ] GC(148) PSYoungGen: 29344K(102400K)->29344K(45056K) Eden: 15360K(15360K)->0K(15360K) From: 13984K(87040K)->29344K(29696K)
[9.940s][info][gc,heap        ] GC(148) ParOldGen: 1447414K(1594880K)->1447414K(1594880K)
[9.940s][info][gc,metaspace   ] GC(148) Metaspace: 6297K(6464K)->6297K(6464K) NonClass: 5764K(5824K)->5764K(5824K) Class: 533K(640K)->533K(640K)
[9.940s][info][gc             ] GC(148) Pause Young (Allocation Failure) 1442M->1442M(1601M) 23.772ms
[9.940s][info][gc,cpu         ] GC(148) User=0.05s Sys=0.00s Real=0.02s
[9.954s][info][gc,start       ] GC(149) Pause Young (Allocation Failure)
[9.981s][info][gc,heap        ] GC(149) PSYoungGen: 44704K(45056K)->44672K(97280K) Eden: 15360K(15360K)->0K(17408K) From: 29344K(29696K)->44672K(79872K)
[9.981s][info][gc,heap        ] GC(149) ParOldGen: 1447414K(1594880K)->1447414K(1594880K)
[9.981s][info][gc,metaspace   ] GC(149) Metaspace: 6297K(6464K)->6297K(6464K) NonClass: 5764K(5824K)->5764K(5824K) Class: 533K(640K)->533K(640K)
[9.981s][info][gc             ] GC(149) Pause Young (Allocation Failure) 1457M->1457M(1652M) 26.662ms
[9.981s][info][gc,cpu         ] GC(149) User=0.03s Sys=0.00s Real=0.03s
[9.996s][info][gc,start       ] GC(150) Pause Young (Allocation Failure)
[10.029s][info][gc,heap        ] GC(150) PSYoungGen: 62080K(97280K)->62112K(99328K) Eden: 17408K(17408K)->0K(17408K) From: 44672K(79872K)->62112K(81920K)
[10.029s][info][gc,heap        ] GC(150) ParOldGen: 1447414K(1594880K)->1447414K(1594880K)
[10.029s][info][gc,metaspace   ] GC(150) Metaspace: 6297K(6464K)->6297K(6464K) NonClass: 5764K(5824K)->5764K(5824K) Class: 533K(640K)->533K(640K)
[10.029s][info][gc             ] GC(150) Pause Young (Allocation Failure) 1474M->1474M(1654M) 33.122ms
[10.029s][info][gc,cpu         ] GC(150) User=0.05s Sys=0.00s Real=0.03s
[10.046s][info][gc,start       ] GC(151) Pause Young (Allocation Failure)
[10.084s][info][gc,heap        ] GC(151) PSYoungGen: 79520K(99328K)->65664K(100864K) Eden: 17408K(17408K)->0K(14848K) From: 62112K(81920K)->65664K(86016K)
[10.084s][info][gc,heap        ] GC(151) ParOldGen: 1447414K(1594880K)->1461398K(1594880K)
[10.084s][info][gc,metaspace   ] GC(151) Metaspace: 6297K(6464K)->6297K(6464K) NonClass: 5764K(5824K)->5764K(5824K) Class: 533K(640K)->533K(640K)
[10.084s][info][gc             ] GC(151) Pause Young (Allocation Failure) 1491M->1491M(1656M) 38.301ms
[10.084s][info][gc,cpu         ] GC(151) User=0.16s Sys=0.00s Real=0.04s
[10.099s][info][gc,start       ] GC(152) Pause Young (Allocation Failure)
[10.138s][info][gc,heap        ] GC(152) PSYoungGen: 80512K(100864K)->49792K(65024K) Eden: 14848K(14848K)->0K(14848K) From: 65664K(86016K)->49792K(50176K)
[10.138s][info][gc,heap        ] GC(152) ParOldGen: 1461398K(1594880K)->1492486K(1594880K)
[10.138s][info][gc,metaspace   ] GC(152) Metaspace: 6297K(6464K)->6297K(6464K) NonClass: 5764K(5824K)->5764K(5824K) Class: 533K(640K)->533K(640K)
[10.138s][info][gc             ] GC(152) Pause Young (Allocation Failure) 1505M->1506M(1621M) 38.852ms
[10.138s][info][gc,cpu         ] GC(152) User=0.22s Sys=0.03s Real=0.04s
[10.153s][info][gc,start       ] GC(153) Pause Young (Allocation Failure)
[10.187s][info][gc,heap        ] GC(153) PSYoungGen: 64640K(65024K)->29856K(100864K) Eden: 14848K(14848K)->0K(16896K) From: 49792K(50176K)->29856K(83968K)
[10.187s][info][gc,heap        ] GC(153) ParOldGen: 1492486K(1594880K)->1527718K(1594880K)
[10.187s][info][gc,metaspace   ] GC(153) Metaspace: 6297K(6464K)->6297K(6464K) NonClass: 5764K(5824K)->5764K(5824K) Class: 533K(640K)->533K(640K)
[10.187s][info][gc             ] GC(153) Pause Young (Allocation Failure) 1520M->1521M(1656M) 33.788ms
[10.187s][info][gc,cpu         ] GC(153) User=0.14s Sys=0.02s Real=0.03s
[10.205s][info][gc,start       ] GC(154) Pause Young (Allocation Failure)
[10.234s][info][gc,heap        ] GC(154) PSYoungGen: 46752K(100864K)->17024K(102912K) Eden: 16896K(16896K)->0K(16896K) From: 29856K(83968K)->17024K(86016K)
[10.234s][info][gc,heap        ] GC(154) ParOldGen: 1527718K(1594880K)->1557790K(1594880K)
[10.234s][info][gc,metaspace   ] GC(154) Metaspace: 6297K(6464K)->6297K(6464K) NonClass: 5764K(5824K)->5764K(5824K) Class: 533K(640K)->533K(640K)
[10.234s][info][gc             ] GC(154) Pause Young (Allocation Failure) 1537M->1537M(1658M) 29.555ms
[10.234s][info][gc,cpu         ] GC(154) User=0.05s Sys=0.00s Real=0.03s
[10.234s][info][gc,start       ] GC(155) Pause Full (Ergonomics)
[10.234s][info][gc,phases,start] GC(155) Marking Phase
[10.568s][info][gc,phases      ] GC(155) Marking Phase 333.408ms
[10.568s][info][gc,phases,start] GC(155) Summary Phase
[10.568s][info][gc,phases      ] GC(155) Summary Phase 0.056ms
[10.568s][info][gc,phases,start] GC(155) Adjust Roots
[10.568s][info][gc,phases      ] GC(155) Adjust Roots 0.164ms
[10.568s][info][gc,phases,start] GC(155) Compaction Phase
[10.716s][info][gc,phases      ] GC(155) Compaction Phase 148.121ms
[10.716s][info][gc,phases,start] GC(155) Post Compact
[10.719s][info][gc,phases      ] GC(155) Post Compact 2.926ms
[10.720s][info][gc,heap        ] GC(155) PSYoungGen: 17024K(102912K)->0K(105984K) Eden: 0K(16896K)->0K(19456K) From: 17024K(86016K)->0K(86528K)
[10.720s][info][gc,heap        ] GC(155) ParOldGen: 1557790K(1594880K)->1573122K(1736704K)
[10.720s][info][gc,metaspace   ] GC(155) Metaspace: 6297K(6464K)->6297K(6464K) NonClass: 5764K(5824K)->5764K(5824K) Class: 533K(640K)->533K(640K)
[10.720s][info][gc             ] GC(155) Pause Full (Ergonomics) 1537M->1536M(1799M) 485.766ms
[10.720s][info][gc,cpu         ] GC(155) User=3.42s Sys=0.03s Real=0.49s
[10.741s][info][gc,start       ] GC(156) Pause Young (Allocation Failure)
[10.763s][info][gc,heap        ] GC(156) PSYoungGen: 19456K(105984K)->19584K(105984K) Eden: 19456K(19456K)->0K(19456K) From: 0K(86528K)->19584K(86528K)
[10.763s][info][gc,heap        ] GC(156) ParOldGen: 1573122K(1736704K)->1573122K(1736704K)
[10.763s][info][gc,metaspace   ] GC(156) Metaspace: 6297K(6464K)->6297K(6464K) NonClass: 5764K(5824K)->5764K(5824K) Class: 533K(640K)->533K(640K)
[10.763s][info][gc             ] GC(156) Pause Young (Allocation Failure) 1555M->1555M(1799M) 22.324ms
[10.763s][info][gc,cpu         ] GC(156) User=0.02s Sys=0.00s Real=0.02s
[10.783s][info][gc,start       ] GC(157) Pause Young (Allocation Failure)
[10.808s][info][gc,heap        ] GC(157) PSYoungGen: 39040K(105984K)->19584K(104960K) Eden: 19456K(19456K)->0K(22016K) From: 19584K(86528K)->19584K(82944K)
[10.808s][info][gc,heap        ] GC(157) ParOldGen: 1573122K(1736704K)->1592850K(1736704K)
[10.808s][info][gc,metaspace   ] GC(157) Metaspace: 6297K(6464K)->6297K(6464K) NonClass: 5764K(5824K)->5764K(5824K) Class: 533K(640K)->533K(640K)
[10.808s][info][gc             ] GC(157) Pause Young (Allocation Failure) 1574M->1574M(1798M) 25.666ms
[10.808s][info][gc,cpu         ] GC(157) User=0.03s Sys=0.00s Real=0.03s
[10.829s][info][gc,start       ] GC(158) Pause Young (Allocation Failure)
[10.857s][info][gc,heap        ] GC(158) PSYoungGen: 41600K(104960K)->22144K(105984K) Eden: 22016K(22016K)->0K(22016K) From: 19584K(82944K)->22144K(83968K)
[10.858s][info][gc,heap        ] GC(158) ParOldGen: 1592850K(1736704K)->1612586K(1736704K)
[10.858s][info][gc,metaspace   ] GC(158) Metaspace: 6297K(6464K)->6297K(6464K) NonClass: 5764K(5824K)->5764K(5824K) Class: 533K(640K)->533K(640K)
[10.858s][info][gc             ] GC(158) Pause Young (Allocation Failure) 1596M->1596M(1799M) 28.341ms
[10.858s][info][gc,cpu         ] GC(158) User=0.06s Sys=0.02s Real=0.03s
[10.879s][info][gc,start       ] GC(159) Pause Young (Allocation Failure)
[10.907s][info][gc,heap        ] GC(159) PSYoungGen: 44160K(105984K)->22144K(101376K) Eden: 22016K(22016K)->0K(24576K) From: 22144K(83968K)->22144K(76800K)
[10.907s][info][gc,heap        ] GC(159) ParOldGen: 1612586K(1736704K)->1634890K(1736704K)
[10.907s][info][gc,metaspace   ] GC(159) Metaspace: 6297K(6464K)->6297K(6464K) NonClass: 5764K(5824K)->5764K(5824K) Class: 533K(640K)->533K(640K)
[10.907s][info][gc             ] GC(159) Pause Young (Allocation Failure) 1617M->1618M(1795M) 28.636ms
[10.907s][info][gc,cpu         ] GC(159) User=0.03s Sys=0.00s Real=0.03s
[10.931s][info][gc,start       ] GC(160) Pause Young (Allocation Failure)
[10.962s][info][gc,heap        ] GC(160) PSYoungGen: 46720K(101376K)->24768K(103936K) Eden: 24576K(24576K)->0K(24576K) From: 22144K(76800K)->24768K(79360K)
[10.962s][info][gc,heap        ] GC(160) ParOldGen: 1634890K(1736704K)->1657210K(1736704K)
[10.962s][info][gc,metaspace   ] GC(160) Metaspace: 6297K(6464K)->6297K(6464K) NonClass: 5764K(5824K)->5764K(5824K) Class: 533K(640K)->533K(640K)
[10.962s][info][gc             ] GC(160) Pause Young (Allocation Failure) 1642M->1642M(1797M) 30.355ms
[10.962s][info][gc,cpu         ] GC(160) User=0.05s Sys=0.00s Real=0.03s
[10.988s][info][gc,start       ] GC(161) Pause Young (Allocation Failure)
[11.020s][info][gc,heap        ] GC(161) PSYoungGen: 49344K(103936K)->24704K(98304K) Eden: 24576K(24576K)->0K(27648K) From: 24768K(79360K)->24704K(70656K)
[11.020s][info][gc,heap        ] GC(161) ParOldGen: 1657210K(1736704K)->1682114K(1736704K)
[11.020s][info][gc,metaspace   ] GC(161) Metaspace: 6297K(6464K)->6297K(6464K) NonClass: 5764K(5824K)->5764K(5824K) Class: 533K(640K)->533K(640K)
[11.020s][info][gc             ] GC(161) Pause Young (Allocation Failure) 1666M->1666M(1792M) 31.183ms
[11.020s][info][gc,cpu         ] GC(161) User=0.03s Sys=0.00s Real=0.03s
[11.049s][info][gc,start       ] GC(162) Pause Young (Allocation Failure)
[11.082s][info][gc,heap        ] GC(162) PSYoungGen: 52352K(98304K)->27776K(55808K) Eden: 27648K(27648K)->0K(27648K) From: 24704K(70656K)->27776K(28160K)
[11.082s][info][gc,heap        ] GC(162) ParOldGen: 1682114K(1736704K)->1707018K(1736704K)
[11.082s][info][gc,metaspace   ] GC(162) Metaspace: 6297K(6464K)->6297K(6464K) NonClass: 5764K(5824K)->5764K(5824K) Class: 533K(640K)->533K(640K)
[11.082s][info][gc             ] GC(162) Pause Young (Allocation Failure) 1693M->1694M(1750M) 33.106ms
[11.082s][info][gc,cpu         ] GC(162) User=0.08s Sys=0.00s Real=0.03s
[11.082s][info][gc,start       ] GC(163) Pause Full (Ergonomics)
[11.082s][info][gc,phases,start] GC(163) Marking Phase
[11.472s][info][gc,phases      ] GC(163) Marking Phase 389.768ms
[11.472s][info][gc,phases,start] GC(163) Summary Phase
[11.472s][info][gc,phases      ] GC(163) Summary Phase 0.091ms
[11.472s][info][gc,phases,start] GC(163) Adjust Roots
[11.472s][info][gc,phases      ] GC(163) Adjust Roots 0.348ms
[11.472s][info][gc,phases,start] GC(163) Compaction Phase
[11.647s][info][gc,phases      ] GC(163) Compaction Phase 175.213ms
[11.648s][info][gc,phases,start] GC(163) Post Compact
[11.651s][info][gc,phases      ] GC(163) Post Compact 3.251ms
[11.652s][info][gc,heap        ] GC(163) PSYoungGen: 27776K(55808K)->0K(100864K) Eden: 0K(27648K)->0K(30720K) From: 27776K(28160K)->0K(70144K)
[11.652s][info][gc,heap        ] GC(163) ParOldGen: 1707018K(1736704K)->1732661K(1903616K)
[11.652s][info][gc,metaspace   ] GC(163) Metaspace: 6297K(6464K)->6297K(6464K) NonClass: 5764K(5824K)->5764K(5824K) Class: 533K(640K)->533K(640K)
[11.652s][info][gc             ] GC(163) Pause Full (Ergonomics) 1694M->1692M(1957M) 569.839ms
[11.652s][info][gc,cpu         ] GC(163) User=3.95s Sys=0.02s Real=0.57s
[11.687s][info][gc,start       ] GC(164) Pause Young (Allocation Failure)
[11.714s][info][gc,heap        ] GC(164) PSYoungGen: 30720K(100864K)->30880K(61952K) Eden: 30720K(30720K)->0K(30720K) From: 0K(70144K)->30880K(31232K)
[11.714s][info][gc,heap        ] GC(164) ParOldGen: 1732661K(1903616K)->1732661K(1903616K)
[11.714s][info][gc,metaspace   ] GC(164) Metaspace: 6297K(6464K)->6297K(6464K) NonClass: 5764K(5824K)->5764K(5824K) Class: 533K(640K)->533K(640K)
[11.714s][info][gc             ] GC(164) Pause Young (Allocation Failure) 1722M->1722M(1919M) 27.133ms
[11.714s][info][gc,cpu         ] GC(164) User=0.03s Sys=0.00s Real=0.03s
[11.748s][info][gc,start       ] GC(165) Pause Young (Allocation Failure)
[11.783s][info][gc,heap        ] GC(165) PSYoungGen: 61600K(61952K)->61632K(92672K) Eden: 30720K(30720K)->0K(26112K) From: 30880K(31232K)->61632K(66560K)
[11.783s][info][gc,heap        ] GC(165) ParOldGen: 1732661K(1903616K)->1732661K(1903616K)
[11.783s][info][gc,metaspace   ] GC(165) Metaspace: 6297K(6464K)->6297K(6464K) NonClass: 5764K(5824K)->5764K(5824K) Class: 533K(640K)->533K(640K)
[11.783s][info][gc             ] GC(165) Pause Young (Allocation Failure) 1752M->1752M(1949M) 35.300ms
[11.783s][info][gc,cpu         ] GC(165) User=0.14s Sys=0.00s Real=0.03s
[11.810s][info][gc,start       ] GC(166) Pause Young (Allocation Failure)
[11.856s][info][gc,heap        ] GC(166) PSYoungGen: 87744K(92672K)->74240K(100352K) Eden: 26112K(26112K)->0K(26112K) From: 61632K(66560K)->74240K(74240K)
[11.856s][info][gc,heap        ] GC(166) ParOldGen: 1732661K(1903616K)->1746237K(1903616K)
[11.856s][info][gc,metaspace   ] GC(166) Metaspace: 6297K(6464K)->6297K(6464K) NonClass: 5764K(5824K)->5764K(5824K) Class: 533K(640K)->533K(640K)
[11.856s][info][gc             ] GC(166) Pause Young (Allocation Failure) 1777M->1777M(1957M) 45.699ms
[11.856s][info][gc,cpu         ] GC(166) User=0.25s Sys=0.00s Real=0.05s
[11.882s][info][gc,start       ] GC(167) Pause Young (Allocation Failure)
[11.931s][info][gc,heap        ] GC(167) PSYoungGen: 100352K(100352K)->46240K(114176K) Eden: 26112K(26112K)->0K(29184K) From: 74240K(74240K)->46240K(84992K)
[11.931s][info][gc,heap        ] GC(167) ParOldGen: 1746237K(1903616K)->1801181K(1903616K)
[11.932s][info][gc,metaspace   ] GC(167) Metaspace: 6297K(6464K)->6297K(6464K) NonClass: 5764K(5824K)->5764K(5824K) Class: 533K(640K)->533K(640K)
[11.932s][info][gc             ] GC(167) Pause Young (Allocation Failure) 1803M->1804M(1970M) 49.882ms
[11.932s][info][gc,cpu         ] GC(167) User=0.36s Sys=0.02s Real=0.05s
[11.964s][info][gc,start       ] GC(168) Pause Young (Allocation Failure)
[12.005s][info][gc,heap        ] GC(168) PSYoungGen: 75424K(114176K)->55456K(116736K) Eden: 29184K(29184K)->0K(29184K) From: 46240K(84992K)->55456K(87552K)
[12.005s][info][gc,heap        ] GC(168) ParOldGen: 1801181K(1903616K)->1821389K(1903616K)
[12.006s][info][gc,metaspace   ] GC(168) Metaspace: 6297K(6464K)->6297K(6464K) NonClass: 5764K(5824K)->5764K(5824K) Class: 533K(640K)->533K(640K)
[12.006s][info][gc             ] GC(168) Pause Young (Allocation Failure) 1832M->1832M(1973M) 41.188ms
[12.006s][info][gc,cpu         ] GC(168) User=0.16s Sys=0.02s Real=0.04s
[12.039s][info][gc,start       ] GC(169) Pause Young (Allocation Failure)
[12.083s][info][gc,heap        ] GC(169) PSYoungGen: 84640K(116736K)->58624K(119296K) Eden: 29184K(29184K)->0K(31232K) From: 55456K(87552K)->58624K(88064K)
[12.083s][info][gc,heap        ] GC(169) ParOldGen: 1821389K(1903616K)->1847829K(1903616K)
[12.083s][info][gc,metaspace   ] GC(169) Metaspace: 6297K(6464K)->6297K(6464K) NonClass: 5764K(5824K)->5764K(5824K) Class: 533K(640K)->533K(640K)
[12.083s][info][gc             ] GC(169) Pause Young (Allocation Failure) 1861M->1861M(1975M) 43.711ms
[12.083s][info][gc,cpu         ] GC(169) User=0.27s Sys=0.00s Real=0.04s
[12.118s][info][gc,start       ] GC(170) Pause Young (Allocation Failure)
[12.164s][info][gc,heap        ] GC(170) PSYoungGen: 89856K(119296K)->60608K(120832K) Eden: 31232K(31232K)->0K(31232K) From: 58624K(88064K)->60608K(89600K)
[12.164s][info][gc,heap        ] GC(170) ParOldGen: 1847829K(1903616K)->1877389K(1903616K)
[12.164s][info][gc,metaspace   ] GC(170) Metaspace: 6297K(6464K)->6297K(6464K) NonClass: 5764K(5824K)->5764K(5824K) Class: 533K(640K)->533K(640K)
[12.164s][info][gc             ] GC(170) Pause Young (Allocation Failure) 1892M->1892M(1977M) 45.661ms
[12.164s][info][gc,cpu         ] GC(170) User=0.25s Sys=0.02s Real=0.05s
[12.164s][info][gc,start       ] GC(171) Pause Full (Ergonomics)
[12.164s][info][gc,phases,start] GC(171) Marking Phase
[12.596s][info][gc,phases      ] GC(171) Marking Phase 432.140ms
[12.596s][info][gc,phases,start] GC(171) Summary Phase
[12.596s][info][gc,phases      ] GC(171) Summary Phase 0.035ms
[12.596s][info][gc,phases,start] GC(171) Adjust Roots
[12.597s][info][gc,phases      ] GC(171) Adjust Roots 0.278ms
[12.597s][info][gc,phases,start] GC(171) Compaction Phase
[13.122s][info][gc,phases      ] GC(171) Compaction Phase 525.622ms
[13.122s][info][gc,phases,start] GC(171) Post Compact
[13.126s][info][gc,phases      ] GC(171) Post Compact 3.804ms
[13.127s][info][gc,heap        ] GC(171) PSYoungGen: 60608K(120832K)->32244K(120832K) Eden: 0K(31232K)->0K(31232K) From: 60608K(89600K)->32244K(89600K)
[13.127s][info][gc,heap        ] GC(171) ParOldGen: 1877389K(1903616K)->1903454K(2094080K)
[13.127s][info][gc,metaspace   ] GC(171) Metaspace: 6297K(6464K)->6297K(6464K) NonClass: 5764K(5824K)->5764K(5824K) Class: 533K(640K)->533K(640K)
[13.127s][info][gc             ] GC(171) Pause Full (Ergonomics) 1892M->1890M(2163M) 962.848ms
[13.127s][info][gc,cpu         ] GC(171) User=6.78s Sys=0.00s Real=0.96s
[13.166s][info][gc,start       ] GC(172) Pause Young (Allocation Failure)
[13.277s][info][gc,heap        ] GC(172) PSYoungGen: 63476K(120832K)->49984K(119296K) Eden: 31232K(31232K)->0K(34304K) From: 32244K(89600K)->49984K(84992K)
[13.277s][info][gc,heap        ] GC(172) ParOldGen: 1903454K(2094080K)->1917382K(2094080K)
[13.277s][info][gc,metaspace   ] GC(172) Metaspace: 6297K(6464K)->6297K(6464K) NonClass: 5764K(5824K)->5764K(5824K) Class: 533K(640K)->533K(640K)
[13.277s][info][gc             ] GC(172) Pause Young (Allocation Failure) 1920M->1921M(2161M) 111.438ms
[13.277s][info][gc,cpu         ] GC(172) User=0.75s Sys=0.00s Real=0.11s
[13.319s][info][gc,start       ] GC(173) Pause Young (Allocation Failure)
[13.364s][info][gc,heap        ] GC(173) PSYoungGen: 84288K(119296K)->84320K(122880K) Eden: 34304K(34304K)->0K(34304K) From: 49984K(84992K)->84320K(88576K)
[13.364s][info][gc,heap        ] GC(173) ParOldGen: 1917382K(2094080K)->1917382K(2094080K)
[13.364s][info][gc,metaspace   ] GC(173) Metaspace: 6297K(6464K)->6297K(6464K) NonClass: 5764K(5824K)->5764K(5824K) Class: 533K(640K)->533K(640K)
[13.364s][info][gc             ] GC(173) Pause Young (Allocation Failure) 1954M->1954M(2165M) 45.200ms
[13.364s][info][gc,cpu         ] GC(173) User=0.25s Sys=0.00s Real=0.05s
[13.407s][info][gc,start       ] GC(174) Pause Young (Allocation Failure)
[13.471s][info][gc,heap        ] GC(174) PSYoungGen: 118624K(122880K)->98304K(115200K) Eden: 34304K(34304K)->0K(16896K) From: 84320K(88576K)->98304K(98304K)
[13.471s][info][gc,heap        ] GC(174) ParOldGen: 1917382K(2094080K)->1937830K(2094080K)
[13.471s][info][gc,metaspace   ] GC(174) Metaspace: 6297K(6464K)->6297K(6464K) NonClass: 5764K(5824K)->5764K(5824K) Class: 533K(640K)->533K(640K)
[13.471s][info][gc             ] GC(174) Pause Young (Allocation Failure) 1988M->1988M(2157M) 64.205ms
[13.471s][info][gc,cpu         ] GC(174) User=0.38s Sys=0.02s Real=0.06s
[13.488s][info][gc,start       ] GC(175) Pause Young (Allocation Failure)
[13.549s][info][gc,heap        ] GC(175) PSYoungGen: 115200K(115200K)->75936K(136192K) Eden: 16896K(16896K)->0K(16896K) From: 98304K(98304K)->75936K(119296K)
[13.549s][info][gc,heap        ] GC(175) ParOldGen: 1937830K(2094080K)->1977678K(2094080K)
[13.549s][info][gc,metaspace   ] GC(175) Metaspace: 6297K(6464K)->6297K(6464K) NonClass: 5764K(5824K)->5764K(5824K) Class: 533K(640K)->533K(640K)
[13.549s][info][gc             ] GC(175) Pause Young (Allocation Failure) 2004M->2005M(2178M) 60.661ms
[13.549s][info][gc,cpu         ] GC(175) User=0.38s Sys=0.02s Real=0.06s
[13.569s][info][gc,start       ] GC(176) Pause Young (Allocation Failure)
[13.620s][info][gc,heap        ] GC(176) PSYoungGen: 92832K(136192K)->62016K(130560K) Eden: 16896K(16896K)->0K(19456K) From: 75936K(119296K)->62016K(111104K)
[13.620s][info][gc,heap        ] GC(176) ParOldGen: 1977678K(2094080K)->2008974K(2094080K)
[13.620s][info][gc,metaspace   ] GC(176) Metaspace: 6297K(6464K)->6297K(6464K) NonClass: 5764K(5824K)->5764K(5824K) Class: 533K(640K)->533K(640K)
[13.620s][info][gc             ] GC(176) Pause Young (Allocation Failure) 2021M->2022M(2172M) 51.205ms
[13.620s][info][gc,cpu         ] GC(176) User=0.31s Sys=0.02s Real=0.05s
[13.642s][info][gc,start       ] GC(177) Pause Young (Allocation Failure)
[13.686s][info][gc,heap        ] GC(177) PSYoungGen: 81472K(130560K)->53440K(73216K) Eden: 19456K(19456K)->0K(19456K) From: 62016K(111104K)->53440K(53760K)
[13.686s][info][gc,heap        ] GC(177) ParOldGen: 2008974K(2094080K)->2037446K(2094080K)
[13.686s][info][gc,metaspace   ] GC(177) Metaspace: 6297K(6464K)->6297K(6464K) NonClass: 5764K(5824K)->5764K(5824K) Class: 533K(640K)->533K(640K)
[13.686s][info][gc             ] GC(177) Pause Young (Allocation Failure) 2041M->2041M(2116M) 44.203ms
[13.686s][info][gc,cpu         ] GC(177) User=0.38s Sys=0.00s Real=0.04s
[13.706s][info][gc,start       ] GC(178) Pause Young (Allocation Failure)
[13.745s][info][gc,heap        ] GC(178) PSYoungGen: 72896K(73216K)->55936K(124416K) Eden: 19456K(19456K)->0K(22528K) From: 53440K(53760K)->55936K(101888K)
[13.745s][info][gc,heap        ] GC(178) ParOldGen: 2037446K(2094080K)->2054574K(2094080K)
[13.745s][info][gc,metaspace   ] GC(178) Metaspace: 6297K(6464K)->6297K(6464K) NonClass: 5764K(5824K)->5764K(5824K) Class: 533K(640K)->533K(640K)
[13.745s][info][gc             ] GC(178) Pause Young (Allocation Failure) 2060M->2061M(2166M) 39.027ms
[13.745s][info][gc,cpu         ] GC(178) User=0.16s Sys=0.02s Real=0.04s
[13.745s][info][gc,start       ] GC(179) Pause Full (Ergonomics)
[13.745s][info][gc,phases,start] GC(179) Marking Phase
[14.222s][info][gc,phases      ] GC(179) Marking Phase 476.394ms
[14.222s][info][gc,phases,start] GC(179) Summary Phase
[14.222s][info][gc,phases      ] GC(179) Summary Phase 0.051ms
[14.222s][info][gc,phases,start] GC(179) Adjust Roots
[14.222s][info][gc,phases      ] GC(179) Adjust Roots 0.328ms
[14.222s][info][gc,phases,start] GC(179) Compaction Phase
[14.404s][info][gc,phases      ] GC(179) Compaction Phase 181.427ms
[14.404s][info][gc,phases,start] GC(179) Post Compact
[14.408s][info][gc,phases      ] GC(179) Post Compact 4.105ms
[14.409s][info][gc,heap        ] GC(179) PSYoungGen: 55936K(124416K)->14332K(127488K) Eden: 0K(22528K)->0K(25600K) From: 55936K(101888K)->14332K(101888K)
[14.409s][info][gc,heap        ] GC(179) ParOldGen: 2054574K(2094080K)->2093687K(2299904K)
[14.409s][info][gc,metaspace   ] GC(179) Metaspace: 6297K(6464K)->6297K(6464K) NonClass: 5764K(5824K)->5764K(5824K) Class: 533K(640K)->533K(640K)
[14.409s][info][gc             ] GC(179) Pause Full (Ergonomics) 2061M->2058M(2370M) 663.643ms
[14.409s][info][gc,cpu         ] GC(179) User=4.88s Sys=0.05s Real=0.66s
[14.438s][info][gc,start       ] GC(180) Pause Young (Allocation Failure)
[14.544s][info][gc,heap        ] GC(180) PSYoungGen: 39932K(127488K)->30752K(131584K) Eden: 25600K(25600K)->0K(25600K) From: 14332K(101888K)->30752K(105984K)
[14.544s][info][gc,heap        ] GC(180) ParOldGen: 2093687K(2299904K)->2103159K(2299904K)
[14.544s][info][gc,metaspace   ] GC(180) Metaspace: 6297K(6464K)->6297K(6464K) NonClass: 5764K(5824K)->5764K(5824K) Class: 533K(640K)->533K(640K)
[14.544s][info][gc             ] GC(180) Pause Young (Allocation Failure) 2083M->2083M(2374M) 106.181ms
[14.544s][info][gc,cpu         ] GC(180) User=0.75s Sys=0.00s Real=0.11s
[14.571s][info][gc,start       ] GC(181) Pause Young (Allocation Failure)
[14.607s][info][gc,heap        ] GC(181) PSYoungGen: 56352K(131584K)->56448K(124928K) Eden: 25600K(25600K)->0K(28672K) From: 30752K(105984K)->56448K(96256K)
[14.607s][info][gc,heap        ] GC(181) ParOldGen: 2103159K(2299904K)->2103159K(2299904K)
[14.607s][info][gc,metaspace   ] GC(181) Metaspace: 6297K(6464K)->6297K(6464K) NonClass: 5764K(5824K)->5764K(5824K) Class: 533K(640K)->533K(640K)
[14.607s][info][gc             ] GC(181) Pause Young (Allocation Failure) 2108M->2108M(2368M) 36.081ms
[14.607s][info][gc,cpu         ] GC(181) User=0.16s Sys=0.00s Real=0.04s
[14.638s][info][gc,start       ] GC(182) Pause Young (Allocation Failure)
[14.683s][info][gc,heap        ] GC(182) PSYoungGen: 85120K(124928K)->80064K(129536K) Eden: 28672K(28672K)->0K(28672K) From: 56448K(96256K)->80064K(100864K)
[14.683s][info][gc,heap        ] GC(182) ParOldGen: 2103159K(2299904K)->2108263K(2299904K)
[14.683s][info][gc,metaspace   ] GC(182) Metaspace: 6297K(6464K)->6297K(6464K) NonClass: 5764K(5824K)->5764K(5824K) Class: 533K(640K)->533K(640K)
[14.683s][info][gc             ] GC(182) Pause Young (Allocation Failure) 2136M->2137M(2372M) 44.676ms
[14.683s][info][gc,cpu         ] GC(182) User=0.27s Sys=0.00s Real=0.04s
[14.717s][info][gc,start       ] GC(183) Pause Young (Allocation Failure)
[14.773s][info][gc,heap        ] GC(183) PSYoungGen: 108736K(129536K)->83136K(133120K) Eden: 28672K(28672K)->0K(27648K) From: 80064K(100864K)->83136K(105472K)
[14.773s][info][gc,heap        ] GC(183) ParOldGen: 2108263K(2299904K)->2134215K(2299904K)
[14.773s][info][gc,metaspace   ] GC(183) Metaspace: 6297K(6464K)->6297K(6464K) NonClass: 5764K(5824K)->5764K(5824K) Class: 533K(640K)->533K(640K)
[14.773s][info][gc             ] GC(183) Pause Young (Allocation Failure) 2165M->2165M(2376M) 56.142ms
[14.773s][info][gc,cpu         ] GC(183) User=0.36s Sys=0.00s Real=0.06s
[14.808s][info][gc,start       ] GC(184) Pause Young (Allocation Failure)
[14.868s][info][gc,heap        ] GC(184) PSYoungGen: 110784K(133120K)->85184K(137728K) Eden: 27648K(27648K)->0K(27648K) From: 83136K(105472K)->85184K(110080K)
[14.868s][info][gc,heap        ] GC(184) ParOldGen: 2134215K(2299904K)->2160167K(2299904K)
[14.868s][info][gc,metaspace   ] GC(184) Metaspace: 6297K(6464K)->6297K(6464K) NonClass: 5764K(5824K)->5764K(5824K) Class: 533K(640K)->533K(640K)
[14.868s][info][gc             ] GC(184) Pause Young (Allocation Failure) 2192M->2192M(2380M) 60.261ms
[14.868s][info][gc,cpu         ] GC(184) User=0.34s Sys=0.02s Real=0.06s
[14.900s][info][gc,start       ] GC(185) Pause Young (Allocation Failure)
[14.959s][info][gc,heap        ] GC(185) PSYoungGen: 112832K(137728K)->84160K(142336K) Eden: 27648K(27648K)->0K(28160K) From: 85184K(110080K)->84160K(114176K)
[14.959s][info][gc,heap        ] GC(185) ParOldGen: 2160167K(2299904K)->2189223K(2299904K)
[14.959s][info][gc,metaspace   ] GC(185) Metaspace: 6297K(6464K)->6297K(6464K) NonClass: 5764K(5824K)->5764K(5824K) Class: 533K(640K)->533K(640K)
[14.959s][info][gc             ] GC(185) Pause Young (Allocation Failure) 2219M->2220M(2385M) 58.529ms
[14.959s][info][gc,cpu         ] GC(185) User=0.33s Sys=0.05s Real=0.06s
[14.992s][info][gc,start       ] GC(186) Pause Young (Allocation Failure)
[15.049s][info][gc,heap        ] GC(186) PSYoungGen: 112320K(142336K)->83680K(145408K) Eden: 28160K(28160K)->0K(28160K) From: 84160K(114176K)->83680K(117248K)
[15.049s][info][gc,heap        ] GC(186) ParOldGen: 2189223K(2299904K)->2218311K(2299904K)
[15.049s][info][gc,metaspace   ] GC(186) Metaspace: 6297K(6464K)->6297K(6464K) NonClass: 5764K(5824K)->5764K(5824K) Class: 533K(640K)->533K(640K)
[15.049s][info][gc             ] GC(186) Pause Young (Allocation Failure) 2247M->2248M(2388M) 57.362ms
[15.049s][info][gc,cpu         ] GC(186) User=0.38s Sys=0.00s Real=0.06s
[15.082s][info][gc,start       ] GC(187) Pause Young (Allocation Failure)
[15.139s][info][gc,heap        ] GC(187) PSYoungGen: 111840K(145408K)->84160K(149504K) Eden: 28160K(28160K)->0K(30720K) From: 83680K(117248K)->84160K(118784K)
[15.139s][info][gc,heap        ] GC(187) ParOldGen: 2218311K(2299904K)->2246367K(2299904K)
[15.139s][info][gc,metaspace   ] GC(187) Metaspace: 6297K(6464K)->6297K(6464K) NonClass: 5764K(5824K)->5764K(5824K) Class: 533K(640K)->533K(640K)
[15.139s][info][gc             ] GC(187) Pause Young (Allocation Failure) 2275M->2275M(2392M) 56.859ms
[15.139s][info][gc,cpu         ] GC(187) User=0.33s Sys=0.05s Real=0.06s
[15.173s][info][gc,start       ] GC(188) Pause Young (Allocation Failure)
[15.231s][info][gc,heap        ] GC(188) PSYoungGen: 114880K(149504K)->87232K(150528K) Eden: 30720K(30720K)->0K(30720K) From: 84160K(118784K)->87232K(119808K)
[15.231s][info][gc,heap        ] GC(188) ParOldGen: 2246367K(2299904K)->2274311K(2299904K)
[15.231s][info][gc,metaspace   ] GC(188) Metaspace: 6297K(6464K)->6297K(6464K) NonClass: 5764K(5824K)->5764K(5824K) Class: 533K(640K)->533K(640K)
[15.231s][info][gc             ] GC(188) Pause Young (Allocation Failure) 2305M->2306M(2393M) 58.438ms
[15.231s][info][gc,cpu         ] GC(188) User=0.48s Sys=0.02s Real=0.06s
[15.231s][info][gc,start       ] GC(189) Pause Full (Ergonomics)
[15.231s][info][gc,phases,start] GC(189) Marking Phase
[15.756s][info][gc,phases      ] GC(189) Marking Phase 524.721ms
[15.756s][info][gc,phases,start] GC(189) Summary Phase
[15.756s][info][gc,phases      ] GC(189) Summary Phase 0.036ms
[15.756s][info][gc,phases,start] GC(189) Adjust Roots
[15.756s][info][gc,phases      ] GC(189) Adjust Roots 0.188ms
[15.756s][info][gc,phases,start] GC(189) Compaction Phase
[15.961s][info][gc,phases      ] GC(189) Compaction Phase 204.396ms
[15.961s][info][gc,phases,start] GC(189) Post Compact
[15.967s][info][gc,phases      ] GC(189) Post Compact 5.849ms
[15.967s][info][gc,heap        ] GC(189) PSYoungGen: 87232K(150528K)->58834K(150528K) Eden: 0K(30720K)->0K(30720K) From: 87232K(119808K)->58834K(119808K)
[15.967s][info][gc,heap        ] GC(189) ParOldGen: 2274311K(2299904K)->2299789K(2522624K)
[15.967s][info][gc,metaspace   ] GC(189) Metaspace: 6297K(6464K)->6297K(6464K) NonClass: 5764K(5824K)->5764K(5824K) Class: 533K(640K)->533K(640K)
[15.968s][info][gc             ] GC(189) Pause Full (Ergonomics) 2306M->2303M(2610M) 736.282ms
[15.968s][info][gc,cpu         ] GC(189) User=5.39s Sys=0.03s Real=0.74s
[16.003s][info][gc,start       ] GC(190) Pause Young (Allocation Failure)
[16.146s][info][gc,heap        ] GC(190) PSYoungGen: 89554K(150528K)->51968K(151552K) Eden: 30720K(30720K)->0K(34304K) From: 58834K(119808K)->51968K(117248K)
[16.146s][info][gc,heap        ] GC(190) ParOldGen: 2299789K(2522624K)->2337989K(2522624K)
[16.146s][info][gc,metaspace   ] GC(190) Metaspace: 6297K(6464K)->6297K(6464K) NonClass: 5764K(5824K)->5764K(5824K) Class: 533K(640K)->533K(640K)
[16.146s][info][gc             ] GC(190) Pause Young (Allocation Failure) 2333M->2333M(2611M) 143.571ms
[16.146s][info][gc,cpu         ] GC(190) User=0.89s Sys=0.00s Real=0.14s
[16.186s][info][gc,start       ] GC(191) Pause Young (Allocation Failure)
[16.235s][info][gc,heap        ] GC(191) PSYoungGen: 86272K(151552K)->65248K(99840K) Eden: 34304K(34304K)->0K(34304K) From: 51968K(117248K)->65248K(65536K)
[16.235s][info][gc,heap        ] GC(191) ParOldGen: 2337989K(2522624K)->2359213K(2522624K)
[16.235s][info][gc,metaspace   ] GC(191) Metaspace: 6297K(6464K)->6297K(6464K) NonClass: 5764K(5824K)->5764K(5824K) Class: 533K(640K)->533K(640K)
[16.235s][info][gc             ] GC(191) Pause Young (Allocation Failure) 2367M->2367M(2561M) 48.685ms
[16.235s][info][gc,cpu         ] GC(191) User=0.27s Sys=0.00s Real=0.05s
[16.276s][info][gc,start       ] GC(192) Pause Young (Allocation Failure)
[16.330s][info][gc,heap        ] GC(192) PSYoungGen: 99552K(99840K)->68864K(145408K) Eden: 34304K(34304K)->0K(38400K) From: 65248K(65536K)->68864K(107008K)
[16.330s][info][gc,heap        ] GC(192) ParOldGen: 2359213K(2522624K)->2390213K(2522624K)
[16.330s][info][gc,metaspace   ] GC(192) Metaspace: 6297K(6464K)->6297K(6464K) NonClass: 5764K(5824K)->5764K(5824K) Class: 533K(640K)->533K(640K)
[16.330s][info][gc             ] GC(192) Pause Young (Allocation Failure) 2401M->2401M(2605M) 53.935ms
[16.330s][info][gc,cpu         ] GC(192) User=0.36s Sys=0.02s Real=0.05s
[16.376s][info][gc,start       ] GC(193) Pause Young (Allocation Failure)
[16.434s][info][gc,heap        ] GC(193) PSYoungGen: 107264K(145408K)->72928K(149504K) Eden: 38400K(38400K)->0K(38400K) From: 68864K(107008K)->72928K(111104K)
[16.434s][info][gc,heap        ] GC(193) ParOldGen: 2390213K(2522624K)->2424821K(2522624K)
[16.434s][info][gc,metaspace   ] GC(193) Metaspace: 6297K(6464K)->6297K(6464K) NonClass: 5764K(5824K)->5764K(5824K) Class: 533K(640K)->533K(640K)
[16.434s][info][gc             ] GC(193) Pause Young (Allocation Failure) 2438M->2439M(2609M) 58.003ms
[16.434s][info][gc,cpu         ] GC(193) User=0.34s Sys=0.05s Real=0.06s
[16.479s][info][gc,start       ] GC(194) Pause Young (Allocation Failure)
[16.539s][info][gc,heap        ] GC(194) PSYoungGen: 111328K(149504K)->77024K(150016K) Eden: 38400K(38400K)->0K(43008K) From: 72928K(111104K)->77024K(107008K)
[16.539s][info][gc,heap        ] GC(194) ParOldGen: 2424821K(2522624K)->2459429K(2522624K)
[16.539s][info][gc,metaspace   ] GC(194) Metaspace: 6297K(6464K)->6297K(6464K) NonClass: 5764K(5824K)->5764K(5824K) Class: 533K(640K)->533K(640K)
[16.539s][info][gc             ] GC(194) Pause Young (Allocation Failure) 2476M->2477M(2610M) 60.235ms
[16.539s][info][gc,cpu         ] GC(194) User=0.38s Sys=0.02s Real=0.06s
[16.589s][info][gc,start       ] GC(195) Pause Young (Allocation Failure)
[16.653s][info][gc,heap        ] GC(195) PSYoungGen: 120032K(150016K)->81632K(150528K) Eden: 43008K(43008K)->0K(43008K) From: 77024K(107008K)->81632K(107520K)
[16.653s][info][gc,heap        ] GC(195) ParOldGen: 2459429K(2522624K)->2498173K(2522624K)
[16.653s][info][gc,metaspace   ] GC(195) Metaspace: 6297K(6464K)->6297K(6464K) NonClass: 5764K(5824K)->5764K(5824K) Class: 533K(640K)->533K(640K)
[16.653s][info][gc             ] GC(195) Pause Young (Allocation Failure) 2519M->2519M(2610M) 64.654ms
[16.653s][info][gc,cpu         ] GC(195) User=0.34s Sys=0.05s Real=0.07s
[16.653s][info][gc,start       ] GC(196) Pause Full (Ergonomics)
[16.653s][info][gc,phases,start] GC(196) Marking Phase
[17.225s][info][gc,phases      ] GC(196) Marking Phase 571.865ms
[17.225s][info][gc,phases,start] GC(196) Summary Phase
[17.225s][info][gc,phases      ] GC(196) Summary Phase 0.045ms
[17.225s][info][gc,phases,start] GC(196) Adjust Roots
[17.226s][info][gc,phases      ] GC(196) Adjust Roots 0.168ms
[17.226s][info][gc,phases,start] GC(196) Compaction Phase
[17.438s][info][gc,phases      ] GC(196) Compaction Phase 212.314ms
[17.438s][info][gc,phases,start] GC(196) Post Compact
[17.442s][info][gc,phases      ] GC(196) Post Compact 4.480ms
[17.443s][info][gc,heap        ] GC(196) PSYoungGen: 81632K(150528K)->55275K(150528K) Eden: 0K(43008K)->0K(43008K) From: 81632K(107520K)->55275K(107520K)
[17.443s][info][gc,heap        ] GC(196) ParOldGen: 2498173K(2522624K)->2522294K(2770432K)
[17.443s][info][gc,metaspace   ] GC(196) Metaspace: 6297K(6464K)->6297K(6464K) NonClass: 5764K(5824K)->5764K(5824K) Class: 533K(640K)->533K(640K)
[17.443s][info][gc             ] GC(196) Pause Full (Ergonomics) 2519M->2517M(2852M) 790.015ms
[17.443s][info][gc,cpu         ] GC(196) User=5.92s Sys=0.03s Real=0.79s
[17.496s][info][gc,start       ] GC(197) Pause Young (Allocation Failure)
[17.651s][info][gc,heap        ] GC(197) PSYoungGen: 98283K(150528K)->72960K(147968K) Eden: 43008K(43008K)->0K(47104K) From: 55275K(107520K)->72960K(100864K)
[17.651s][info][gc,heap        ] GC(197) ParOldGen: 2522294K(2770432K)->2548126K(2770432K)
[17.651s][info][gc,metaspace   ] GC(197) Metaspace: 6297K(6464K)->6297K(6464K) NonClass: 5764K(5824K)->5764K(5824K) Class: 533K(640K)->533K(640K)
[17.651s][info][gc             ] GC(197) Pause Young (Allocation Failure) 2559M->2559M(2850M) 155.279ms
[17.651s][info][gc,cpu         ] GC(197) User=1.00s Sys=0.03s Real=0.16s
[17.711s][info][gc,start       ] GC(198) Pause Young (Allocation Failure)
[17.777s][info][gc,heap        ] GC(198) PSYoungGen: 120064K(147968K)->104960K(152064K) Eden: 47104K(47104K)->0K(47104K) From: 72960K(100864K)->104960K(104960K)
[17.777s][info][gc,heap        ] GC(198) ParOldGen: 2548126K(2770432K)->2563318K(2770432K)
[17.777s][info][gc,metaspace   ] GC(198) Metaspace: 6297K(6464K)->6297K(6464K) NonClass: 5764K(5824K)->5764K(5824K) Class: 533K(640K)->533K(640K)
[17.777s][info][gc             ] GC(198) Pause Young (Allocation Failure) 2605M->2605M(2854M) 66.059ms
[17.777s][info][gc,cpu         ] GC(198) User=0.39s Sys=0.00s Real=0.07s
[17.835s][info][gc,start       ] GC(199) Pause Young (Allocation Failure)
[17.924s][info][gc,heap        ] GC(199) PSYoungGen: 152064K(152064K)->90528K(170496K) Eden: 47104K(47104K)->0K(50688K) From: 104960K(104960K)->90528K(119808K)
[17.924s][info][gc,heap        ] GC(199) ParOldGen: 2563318K(2770432K)->2625518K(2770432K)
[17.924s][info][gc,metaspace   ] GC(199) Metaspace: 6297K(6464K)->6297K(6464K) NonClass: 5764K(5824K)->5764K(5824K) Class: 533K(640K)->533K(640K)
[17.924s][info][gc             ] GC(199) Pause Young (Allocation Failure) 2651M->2652M(2872M) 89.107ms
[17.924s][info][gc,cpu         ] GC(199) User=0.53s Sys=0.08s Real=0.09s
[17.981s][info][gc,start       ] GC(200) Pause Young (Allocation Failure)
[18.062s][info][gc,heap        ] GC(200) PSYoungGen: 141216K(170496K)->98048K(171520K) Eden: 50688K(50688K)->0K(50688K) From: 90528K(119808K)->98048K(120832K)
[18.062s][info][gc,heap        ] GC(200) ParOldGen: 2625518K(2770432K)->2669070K(2770432K)
[18.062s][info][gc,metaspace   ] GC(200) Metaspace: 6297K(6464K)->6297K(6464K) NonClass: 5764K(5824K)->5764K(5824K) Class: 533K(640K)->533K(640K)
[18.062s][info][gc             ] GC(200) Pause Young (Allocation Failure) 2701M->2702M(2873M) 81.597ms
[18.062s][info][gc,cpu         ] GC(200) User=0.52s Sys=0.00s Real=0.08s
[18.119s][info][gc,start       ] GC(201) Pause Young (Allocation Failure)
[18.206s][info][gc,heap        ] GC(201) PSYoungGen: 148736K(171520K)->101696K(177152K) Eden: 50688K(50688K)->0K(52736K) From: 98048K(120832K)->101696K(124416K)
[18.206s][info][gc,heap        ] GC(201) ParOldGen: 2669070K(2770432K)->2716606K(2770432K)
[18.206s][info][gc,metaspace   ] GC(201) Metaspace: 6297K(6464K)->6297K(6464K) NonClass: 5764K(5824K)->5764K(5824K) Class: 533K(640K)->533K(640K)
[18.206s][info][gc             ] GC(201) Pause Young (Allocation Failure) 2751M->2752M(2878M) 86.601ms
[18.206s][info][gc,cpu         ] GC(201) User=0.50s Sys=0.03s Real=0.09s
[18.206s][info][gc,start       ] GC(202) Pause Full (Ergonomics)
[18.206s][info][gc,phases,start] GC(202) Marking Phase
[18.843s][info][gc,phases      ] GC(202) Marking Phase 637.196ms
[18.843s][info][gc,phases,start] GC(202) Summary Phase
[18.843s][info][gc,phases      ] GC(202) Summary Phase 0.064ms
[18.843s][info][gc,phases,start] GC(202) Adjust Roots
[18.844s][info][gc,phases      ] GC(202) Adjust Roots 0.232ms
[18.844s][info][gc,phases,start] GC(202) Compaction Phase
[19.081s][info][gc,phases      ] GC(202) Compaction Phase 237.721ms
[19.081s][info][gc,phases,start] GC(202) Post Compact
[19.087s][info][gc,phases      ] GC(202) Post Compact 5.445ms
[19.088s][info][gc,heap        ] GC(202) PSYoungGen: 101696K(177152K)->45599K(177152K) Eden: 0K(52736K)->0K(52736K) From: 101696K(124416K)->45599K(124416K)
[19.088s][info][gc,heap        ] GC(202) ParOldGen: 2716606K(2770432K)->2770398K(3052544K)
[19.088s][info][gc,metaspace   ] GC(202) Metaspace: 6297K(6464K)->6297K(6464K) NonClass: 5764K(5824K)->5764K(5824K) Class: 533K(640K)->533K(640K)
[19.088s][info][gc             ] GC(202) Pause Full (Ergonomics) 2752M->2749M(3154M) 881.950ms
[19.088s][info][gc,cpu         ] GC(202) User=6.66s Sys=0.06s Real=0.88s
[19.679s][info][gc,start       ] GC(203) Pause Young (Allocation Failure)
[19.844s][info][gc,heap        ] GC(203) PSYoungGen: 98335K(177152K)->75296K(180736K) Eden: 52736K(52736K)->0K(52736K) From: 45599K(124416K)->75296K(128000K)
[19.844s][info][gc,heap        ] GC(203) ParOldGen: 2901470K(3052544K)->2924974K(3052544K)
[19.844s][info][gc,metaspace   ] GC(203) Metaspace: 6297K(6464K)->6297K(6464K) NonClass: 5764K(5824K)->5764K(5824K) Class: 533K(640K)->533K(640K)
[19.844s][info][gc             ] GC(203) Pause Young (Allocation Failure) 2929M->2929M(3157M) 165.066ms
[19.844s][info][gc,cpu         ] GC(203) User=0.97s Sys=0.00s Real=0.16s
[19.901s][info][gc,start       ] GC(204) Pause Young (Allocation Failure)
[19.972s][info][gc,heap        ] GC(204) PSYoungGen: 128032K(180736K)->124416K(168960K) Eden: 52736K(52736K)->0K(44544K) From: 75296K(128000K)->124416K(124416K)
[19.973s][info][gc,heap        ] GC(204) ParOldGen: 2924974K(3052544K)->2928638K(3052544K)
[19.973s][info][gc,metaspace   ] GC(204) Metaspace: 6297K(6464K)->6297K(6464K) NonClass: 5764K(5824K)->5764K(5824K) Class: 533K(640K)->533K(640K)
[19.973s][info][gc             ] GC(204) Pause Young (Allocation Failure) 2981M->2981M(3146M) 71.552ms
[19.973s][info][gc,cpu         ] GC(204) User=0.36s Sys=0.00s Real=0.07s
[20.017s][info][gc,start       ] GC(205) Pause Young (Allocation Failure)
[20.102s][info][gc,heap        ] GC(205) PSYoungGen: 168960K(168960K)->97408K(182272K) Eden: 44544K(44544K)->0K(44544K) From: 124416K(124416K)->97408K(137728K)
[20.102s][info][gc,heap        ] GC(205) ParOldGen: 2928638K(3052544K)->3000902K(3052544K)
[20.102s][info][gc,metaspace   ] GC(205) Metaspace: 6297K(6464K)->6297K(6464K) NonClass: 5764K(5824K)->5764K(5824K) Class: 533K(640K)->533K(640K)
[20.102s][info][gc             ] GC(205) Pause Young (Allocation Failure) 3024M->3025M(3159M) 85.247ms
[20.102s][info][gc,cpu         ] GC(205) User=0.62s Sys=0.05s Real=0.09s
[20.102s][info][gc,start       ] GC(206) Pause Full (Ergonomics)
[20.102s][info][gc,phases,start] GC(206) Marking Phase
[20.764s][info][gc,phases      ] GC(206) Marking Phase 662.234ms
[20.764s][info][gc,phases,start] GC(206) Summary Phase
[20.764s][info][gc,phases      ] GC(206) Summary Phase 0.072ms
[20.764s][info][gc,phases,start] GC(206) Adjust Roots
[20.764s][info][gc,phases      ] GC(206) Adjust Roots 0.162ms
[20.764s][info][gc,phases,start] GC(206) Compaction Phase
[21.231s][info][gc,phases      ] GC(206) Compaction Phase 466.846ms
[21.231s][info][gc,phases,start] GC(206) Post Compact
[21.238s][info][gc,phases      ] GC(206) Post Compact 6.278ms
[21.239s][info][gc,heap        ] GC(206) PSYoungGen: 97408K(182272K)->0K(186368K) Eden: 0K(44544K)->0K(49664K) From: 97408K(137728K)->0K(136704K)
[21.239s][info][gc,heap        ] GC(206) ParOldGen: 3000902K(3052544K)->3031451K(3348992K)
[21.239s][info][gc,metaspace   ] GC(206) Metaspace: 6297K(6464K)->6297K(6464K) NonClass: 5764K(5824K)->5764K(5824K) Class: 533K(640K)->533K(640K)
[21.239s][info][gc             ] GC(206) Pause Full (Ergonomics) 3025M->2960M(3452M) 1136.874ms
[21.239s][info][gc,cpu         ] GC(206) User=8.06s Sys=0.05s Real=1.14s
[21.289s][info][gc,start       ] GC(207) Pause Young (Allocation Failure)
[21.333s][info][gc,heap        ] GC(207) PSYoungGen: 49664K(186368K)->49856K(186368K) Eden: 49664K(49664K)->0K(49664K) From: 0K(136704K)->49856K(136704K)
[21.333s][info][gc,heap        ] GC(207) ParOldGen: 3031451K(3348992K)->3031451K(3348992K)
[21.333s][info][gc,metaspace   ] GC(207) Metaspace: 6297K(6464K)->6297K(6464K) NonClass: 5764K(5824K)->5764K(5824K) Class: 533K(640K)->533K(640K)
[21.333s][info][gc             ] GC(207) Pause Young (Allocation Failure) 3008M->3009M(3452M) 44.508ms
[21.333s][info][gc,cpu         ] GC(207) User=0.08s Sys=0.00s Real=0.05s
[21.380s][info][gc,start       ] GC(208) Pause Young (Allocation Failure)
[21.438s][info][gc,heap        ] GC(208) PSYoungGen: 99520K(186368K)->99616K(192000K) Eden: 49664K(49664K)->0K(53760K) From: 49856K(136704K)->99616K(138240K)
[21.438s][info][gc,heap        ] GC(208) ParOldGen: 3031451K(3348992K)->3031451K(3348992K)
[21.438s][info][gc,metaspace   ] GC(208) Metaspace: 6297K(6464K)->6297K(6464K) NonClass: 5764K(5824K)->5764K(5824K) Class: 533K(640K)->533K(640K)
[21.438s][info][gc             ] GC(208) Pause Young (Allocation Failure) 3057M->3057M(3458M) 58.646ms
[21.438s][info][gc,cpu         ] GC(208) User=0.17s Sys=0.00s Real=0.06s
[21.495s][info][gc,start       ] GC(209) Pause Young (Allocation Failure)
[21.572s][info][gc,heap        ] GC(209) PSYoungGen: 153376K(192000K)->138752K(192512K) Eden: 53760K(53760K)->0K(53760K) From: 99616K(138240K)->138752K(138752K)
[21.572s][info][gc,heap        ] GC(209) ParOldGen: 3031451K(3348992K)->3046171K(3348992K)
[21.572s][info][gc,metaspace   ] GC(209) Metaspace: 6297K(6464K)->6297K(6464K) NonClass: 5764K(5824K)->5764K(5824K) Class: 533K(640K)->533K(640K)
[21.572s][info][gc             ] GC(209) Pause Young (Allocation Failure) 3110M->3110M(3458M) 76.558ms
[21.572s][info][gc,cpu         ] GC(209) User=0.30s Sys=0.00s Real=0.08s
[21.632s][info][gc,start       ] GC(210) Pause Young (Allocation Failure)
[21.723s][info][gc,heap        ] GC(210) PSYoungGen: 192512K(192512K)->151520K(202240K) Eden: 53760K(53760K)->0K(43520K) From: 138752K(138752K)->151520K(158720K)
[21.723s][info][gc,heap        ] GC(210) ParOldGen: 3046171K(3348992K)->3087723K(3348992K)
[21.723s][info][gc,metaspace   ] GC(210) Metaspace: 6297K(6464K)->6297K(6464K) NonClass: 5764K(5824K)->5764K(5824K) Class: 533K(640K)->533K(640K)
[21.724s][info][gc             ] GC(210) Pause Young (Allocation Failure) 3162M->3163M(3468M) 91.949ms
[21.724s][info][gc,cpu         ] GC(210) User=0.45s Sys=0.11s Real=0.09s
[21.766s][info][gc,start       ] GC(211) Pause Young (Allocation Failure)
[21.858s][info][gc,heap        ] GC(211) PSYoungGen: 195040K(202240K)->145312K(217600K) Eden: 43520K(43520K)->0K(43520K) From: 151520K(158720K)->145312K(174080K)
[21.859s][info][gc,heap        ] GC(211) ParOldGen: 3087723K(3348992K)->3137835K(3348992K)
[21.859s][info][gc,metaspace   ] GC(211) Metaspace: 6297K(6464K)->6297K(6464K) NonClass: 5764K(5824K)->5764K(5824K) Class: 533K(640K)->533K(640K)
[21.859s][info][gc             ] GC(211) Pause Young (Allocation Failure) 3205M->3206M(3483M) 92.638ms
[21.859s][info][gc,cpu         ] GC(211) User=0.69s Sys=0.02s Real=0.09s
[21.901s][info][gc,start       ] GC(212) Pause Young (Allocation Failure)
[21.990s][info][gc,heap        ] GC(212) PSYoungGen: 188832K(217600K)->141120K(226816K) Eden: 43520K(43520K)->0K(42496K) From: 145312K(174080K)->141120K(184320K)
[21.990s][info][gc,heap        ] GC(212) ParOldGen: 3137835K(3348992K)->3185971K(3348992K)
[21.990s][info][gc,metaspace   ] GC(212) Metaspace: 6297K(6464K)->6297K(6464K) NonClass: 5764K(5824K)->5764K(5824K) Class: 533K(640K)->533K(640K)
[21.991s][info][gc             ] GC(212) Pause Young (Allocation Failure) 3248M->3249M(3492M) 89.368ms
[21.991s][info][gc,cpu         ] GC(212) User=0.62s Sys=0.02s Real=0.09s
[22.037s][info][gc,start       ] GC(213) Pause Young (Allocation Failure)
[22.124s][info][gc,heap        ] GC(213) PSYoungGen: 183616K(226816K)->129856K(232960K) Eden: 42496K(42496K)->0K(42496K) From: 141120K(184320K)->129856K(190464K)
[22.124s][info][gc,heap        ] GC(213) ParOldGen: 3185971K(3348992K)->3240227K(3348992K)
[22.124s][info][gc,metaspace   ] GC(213) Metaspace: 6297K(6464K)->6297K(6464K) NonClass: 5764K(5824K)->5764K(5824K) Class: 533K(640K)->533K(640K)
[22.124s][info][gc             ] GC(213) Pause Young (Allocation Failure) 3290M->3291M(3498M) 87.262ms
[22.124s][info][gc,cpu         ] GC(213) User=0.62s Sys=0.00s Real=0.09s
[22.170s][info][gc,start       ] GC(214) Pause Young (Allocation Failure)
[22.255s][info][gc,heap        ] GC(214) PSYoungGen: 172352K(232960K)->85248K(230400K) Eden: 42496K(42496K)->0K(48128K) From: 129856K(190464K)->85248K(182272K)
[22.255s][info][gc,heap        ] GC(214) ParOldGen: 3240227K(3348992K)->3328027K(3348992K)
[22.255s][info][gc,metaspace   ] GC(214) Metaspace: 6297K(6464K)->6297K(6464K) NonClass: 5764K(5824K)->5764K(5824K) Class: 533K(640K)->533K(640K)
[22.255s][info][gc             ] GC(214) Pause Young (Allocation Failure) 3332M->3333M(3495M) 84.810ms
[22.255s][info][gc,cpu         ] GC(214) User=0.59s Sys=0.05s Real=0.09s
[22.255s][info][gc,start       ] GC(215) Pause Full (Ergonomics)
[22.255s][info][gc,phases,start] GC(215) Marking Phase
[23.031s][info][gc,phases      ] GC(215) Marking Phase 775.872ms
[23.031s][info][gc,phases,start] GC(215) Summary Phase
[23.031s][info][gc,phases      ] GC(215) Summary Phase 0.062ms
[23.031s][info][gc,phases,start] GC(215) Adjust Roots
[23.031s][info][gc,phases      ] GC(215) Adjust Roots 0.192ms
[23.031s][info][gc,phases,start] GC(215) Compaction Phase
[23.754s][info][gc,phases      ] GC(215) Compaction Phase 722.634ms
[23.754s][info][gc,phases,start] GC(215) Post Compact
[23.760s][info][gc,phases      ] GC(215) Post Compact 6.436ms
[23.762s][info][gc,heap        ] GC(215) PSYoungGen: 85248K(230400K)->61421K(234496K) Eden: 0K(48128K)->0K(52224K) From: 85248K(182272K)->61421K(182272K)
[23.762s][info][gc,heap        ] GC(215) ParOldGen: 3328027K(3348992K)->3348666K(3710976K)
[23.762s][info][gc,metaspace   ] GC(215) Metaspace: 6297K(6464K)->6297K(6464K) NonClass: 5764K(5824K)->5764K(5824K) Class: 533K(640K)->533K(640K)
[23.762s][info][gc             ] GC(215) Pause Full (Ergonomics) 3333M->3330M(3853M) 1507.013ms
[23.762s][info][gc,cpu         ] GC(215) User=10.66s Sys=0.03s Real=1.51s
[23.821s][info][gc,start       ] GC(216) Pause Young (Allocation Failure)
[24.010s][info][gc,heap        ] GC(216) PSYoungGen: 113645K(234496K)->52448K(238592K) Eden: 52224K(52224K)->0K(52224K) From: 61421K(182272K)->52448K(186368K)
[24.010s][info][gc,heap        ] GC(216) ParOldGen: 3348666K(3710976K)->3410682K(3710976K)
[24.010s][info][gc,metaspace   ] GC(216) Metaspace: 6297K(6464K)->6297K(6464K) NonClass: 5764K(5824K)->5764K(5824K) Class: 533K(640K)->533K(640K)
[24.010s][info][gc             ] GC(216) Pause Young (Allocation Failure) 3381M->3381M(3857M) 188.868ms
[24.010s][info][gc,cpu         ] GC(216) User=1.25s Sys=0.06s Real=0.19s
[24.059s][info][gc,start       ] GC(217) Pause Young (Allocation Failure)
[24.123s][info][gc,heap        ] GC(217) PSYoungGen: 104672K(238592K)->104768K(230912K) Eden: 52224K(52224K)->0K(57856K) From: 52448K(186368K)->104768K(173056K)
[24.123s][info][gc,heap        ] GC(217) ParOldGen: 3410682K(3710976K)->3410682K(3710976K)
[24.123s][info][gc,metaspace   ] GC(217) Metaspace: 6297K(6464K)->6297K(6464K) NonClass: 5764K(5824K)->5764K(5824K) Class: 533K(640K)->533K(640K)
[24.123s][info][gc             ] GC(217) Pause Young (Allocation Failure) 3432M->3433M(3849M) 64.493ms
[24.123s][info][gc,cpu         ] GC(217) User=0.22s Sys=0.00s Real=0.07s
[24.183s][info][gc,start       ] GC(218) Pause Young (Allocation Failure)
[24.265s][info][gc,heap        ] GC(218) PSYoungGen: 162624K(230912K)->110432K(238080K) Eden: 57856K(57856K)->0K(57856K) From: 104768K(173056K)->110432K(180224K)
[24.265s][info][gc,heap        ] GC(218) ParOldGen: 3410682K(3710976K)->3463378K(3710976K)
[24.265s][info][gc,metaspace   ] GC(218) Metaspace: 6297K(6464K)->6297K(6464K) NonClass: 5764K(5824K)->5764K(5824K) Class: 533K(640K)->533K(640K)
[24.265s][info][gc             ] GC(218) Pause Young (Allocation Failure) 3489M->3490M(3856M) 81.781ms
[24.265s][info][gc,cpu         ] GC(218) User=0.52s Sys=0.02s Real=0.08s
[24.328s][info][gc,start       ] GC(219) Pause Young (Allocation Failure)
[24.418s][info][gc,heap        ] GC(219) PSYoungGen: 168288K(238080K)->116032K(235520K) Eden: 57856K(57856K)->0K(64512K) From: 110432K(180224K)->116032K(171008K)
[24.418s][info][gc,heap        ] GC(219) ParOldGen: 3463378K(3710976K)->3516066K(3710976K)
[24.418s][info][gc,metaspace   ] GC(219) Metaspace: 6297K(6464K)->6297K(6464K) NonClass: 5764K(5824K)->5764K(5824K) Class: 533K(640K)->533K(640K)
[24.418s][info][gc             ] GC(219) Pause Young (Allocation Failure) 3546M->3546M(3854M) 90.272ms
[24.418s][info][gc,cpu         ] GC(219) User=0.48s Sys=0.02s Real=0.09s
[24.489s][info][gc,start       ] GC(220) Pause Young (Allocation Failure)
[24.581s][info][gc,heap        ] GC(220) PSYoungGen: 180544K(235520K)->122656K(238080K) Eden: 64512K(64512K)->0K(64512K) From: 116032K(171008K)->122656K(173568K)
[24.581s][info][gc,heap        ] GC(220) ParOldGen: 3516066K(3710976K)->3574434K(3710976K)
[24.581s][info][gc,metaspace   ] GC(220) Metaspace: 6297K(6464K)->6297K(6464K) NonClass: 5764K(5824K)->5764K(5824K) Class: 533K(640K)->533K(640K)
[24.581s][info][gc             ] GC(220) Pause Young (Allocation Failure) 3609M->3610M(3856M) 92.232ms
[24.581s][info][gc,cpu         ] GC(220) User=0.61s Sys=0.02s Real=0.09s
[24.645s][info][gc,start       ] GC(221) Pause Young (Allocation Failure)
[24.738s][info][gc,heap        ] GC(221) PSYoungGen: 187168K(238080K)->129376K(243712K) Eden: 64512K(64512K)->0K(70144K) From: 122656K(173568K)->129376K(173568K)
[24.738s][info][gc,heap        ] GC(221) ParOldGen: 3574434K(3710976K)->3632818K(3710976K)
[24.738s][info][gc,metaspace   ] GC(221) Metaspace: 6297K(6464K)->6297K(6464K) NonClass: 5764K(5824K)->5764K(5824K) Class: 533K(640K)->533K(640K)
[24.738s][info][gc             ] GC(221) Pause Young (Allocation Failure) 3673M->3674M(3862M) 93.517ms
[24.738s][info][gc,cpu         ] GC(221) User=0.58s Sys=0.06s Real=0.09s
[24.738s][info][gc,start       ] GC(222) Pause Full (Ergonomics)
[24.738s][info][gc,phases,start] GC(222) Marking Phase
[25.596s][info][gc,phases      ] GC(222) Marking Phase 858.212ms
[25.597s][info][gc,phases,start] GC(222) Summary Phase
[25.597s][info][gc,phases      ] GC(222) Summary Phase 0.073ms
[25.597s][info][gc,phases,start] GC(222) Adjust Roots
[25.597s][info][gc,phases      ] GC(222) Adjust Roots 0.173ms
[25.597s][info][gc,phases,start] GC(222) Compaction Phase
[25.991s][info][gc,phases      ] GC(222) Compaction Phase 393.689ms
[25.991s][info][gc,phases,start] GC(222) Post Compact
[25.998s][info][gc,phases      ] GC(222) Post Compact 7.193ms
[25.999s][info][gc,heap        ] GC(222) PSYoungGen: 129376K(243712K)->48233K(243712K) Eden: 0K(70144K)->0K(70144K) From: 129376K(173568K)->48233K(173568K)
[25.999s][info][gc,heap        ] GC(222) ParOldGen: 3632818K(3710976K)->3710850K(4103168K)
[25.999s][info][gc,metaspace   ] GC(222) Metaspace: 6297K(6464K)->6297K(6464K) NonClass: 5764K(5824K)->5764K(5824K) Class: 533K(640K)->533K(640K)
[25.999s][info][gc             ] GC(222) Pause Full (Ergonomics) 3674M->3670M(4245M) 1261.075ms
[25.999s][info][gc,cpu         ] GC(222) User=8.78s Sys=0.06s Real=1.26s
[26.070s][info][gc,start       ] GC(223) Pause Young (Allocation Failure)
[26.281s][info][gc,heap        ] GC(223) PSYoungGen: 118377K(243712K)->88512K(245760K) Eden: 70144K(70144K)->0K(70144K) From: 48233K(173568K)->88512K(175616K)
[26.281s][info][gc,heap        ] GC(223) ParOldGen: 3710850K(4103168K)->3741314K(4103168K)
[26.281s][info][gc,metaspace   ] GC(223) Metaspace: 6297K(6464K)->6297K(6464K) NonClass: 5764K(5824K)->5764K(5824K) Class: 533K(640K)->533K(640K)
[26.281s][info][gc             ] GC(223) Pause Young (Allocation Failure) 3739M->3740M(4247M) 211.204ms
[26.281s][info][gc,cpu         ] GC(223) User=1.52s Sys=0.00s Real=0.21s
[26.357s][info][gc,start       ] GC(224) Pause Young (Allocation Failure)
[26.441s][info][gc,heap        ] GC(224) PSYoungGen: 158656K(245760K)->158784K(236544K) Eden: 70144K(70144K)->0K(64000K) From: 88512K(175616K)->158784K(172544K)
[26.441s][info][gc,heap        ] GC(224) ParOldGen: 3741314K(4103168K)->3741314K(4103168K)
[26.441s][info][gc,metaspace   ] GC(224) Metaspace: 6297K(6464K)->6297K(6464K) NonClass: 5764K(5824K)->5764K(5824K) Class: 533K(640K)->533K(640K)
[26.441s][info][gc             ] GC(224) Pause Young (Allocation Failure) 3808M->3808M(4238M) 83.877ms
[26.441s][info][gc,cpu         ] GC(224) User=0.52s Sys=0.00s Real=0.08s
[26.507s][info][gc,start       ] GC(225) Pause Young (Allocation Failure)
[26.617s][info][gc,heap        ] GC(225) PSYoungGen: 222784K(236544K)->185344K(249344K) Eden: 64000K(64000K)->0K(64000K) From: 158784K(172544K)->185344K(185344K)
[26.617s][info][gc,heap        ] GC(225) ParOldGen: 3741314K(4103168K)->3779050K(4103168K)
[26.617s][info][gc,metaspace   ] GC(225) Metaspace: 6297K(6464K)->6297K(6464K) NonClass: 5764K(5824K)->5764K(5824K) Class: 533K(640K)->533K(640K)
[26.617s][info][gc             ] GC(225) Pause Young (Allocation Failure) 3871M->3871M(4250M) 110.667ms
[26.617s][info][gc,cpu         ] GC(225) User=0.77s Sys=0.00s Real=0.11s
[26.680s][info][gc,start       ] GC(226) Pause Young (Allocation Failure)
[26.817s][info][gc,heap        ] GC(226) PSYoungGen: 249344K(249344K)->182400K(276992K) Eden: 64000K(64000K)->0K(57856K) From: 185344K(185344K)->182400K(219136K)
[26.817s][info][gc,heap        ] GC(226) ParOldGen: 3779050K(4103168K)->3846738K(4103168K)
[26.817s][info][gc,metaspace   ] GC(226) Metaspace: 6297K(6464K)->6297K(6464K) NonClass: 5764K(5824K)->5764K(5824K) Class: 533K(640K)->533K(640K)
[26.817s][info][gc             ] GC(226) Pause Young (Allocation Failure) 3933M->3934M(4277M) 137.452ms
[26.818s][info][gc,cpu         ] GC(226) User=0.94s Sys=0.08s Real=0.14s
[26.880s][info][gc,start       ] GC(227) Pause Young (Allocation Failure)
[27.006s][info][gc,heap        ] GC(227) PSYoungGen: 240256K(276992K)->176704K(289792K) Eden: 57856K(57856K)->0K(57856K) From: 182400K(219136K)->176704K(231936K)
[27.006s][info][gc,heap        ] GC(227) ParOldGen: 3846738K(4103168K)->3910786K(4103168K)
[27.006s][info][gc,metaspace   ] GC(227) Metaspace: 6297K(6464K)->6297K(6464K) NonClass: 5764K(5824K)->5764K(5824K) Class: 533K(640K)->533K(640K)
[27.006s][info][gc             ] GC(227) Pause Young (Allocation Failure) 3991M->3991M(4290M) 126.652ms
[27.006s][info][gc,cpu         ] GC(227) User=0.86s Sys=0.03s Real=0.13s
[27.073s][info][gc,start       ] GC(228) Pause Young (Allocation Failure)
[27.192s][info][gc,heap        ] GC(228) PSYoungGen: 234560K(289792K)->180160K(296960K) Eden: 57856K(57856K)->0K(57856K) From: 176704K(231936K)->180160K(239104K)
[27.192s][info][gc,heap        ] GC(228) ParOldGen: 3910786K(4103168K)->3965754K(4103168K)
[27.192s][info][gc,metaspace   ] GC(228) Metaspace: 6297K(6464K)->6297K(6464K) NonClass: 5764K(5824K)->5764K(5824K) Class: 533K(640K)->533K(640K)
[27.192s][info][gc             ] GC(228) Pause Young (Allocation Failure) 4048M->4048M(4297M) 119.275ms
[27.192s][info][gc,cpu         ] GC(228) User=0.88s Sys=0.02s Real=0.12s
[27.247s][info][gc,start       ] GC(229) Pause Young (Allocation Failure)
[27.368s][info][gc,heap        ] GC(229) PSYoungGen: 238016K(296960K)->173952K(304128K) Eden: 57856K(57856K)->0K(57856K) From: 180160K(239104K)->173952K(246272K)
[27.368s][info][gc,heap        ] GC(229) ParOldGen: 3965754K(4103168K)->4030338K(4103168K)
[27.368s][info][gc,metaspace   ] GC(229) Metaspace: 6297K(6464K)->6297K(6464K) NonClass: 5764K(5824K)->5764K(5824K) Class: 533K(640K)->533K(640K)
[27.368s][info][gc             ] GC(229) Pause Young (Allocation Failure) 4105M->4105M(4304M) 121.159ms
[27.368s][info][gc,cpu         ] GC(229) User=0.81s Sys=0.08s Real=0.12s
[27.368s][info][gc,start       ] GC(230) Pause Full (Ergonomics)
[27.368s][info][gc,phases,start] GC(230) Marking Phase
[28.311s][info][gc,phases      ] GC(230) Marking Phase 943.024ms
[28.311s][info][gc,phases,start] GC(230) Summary Phase
[28.311s][info][gc,phases      ] GC(230) Summary Phase 0.082ms
[28.311s][info][gc,phases,start] GC(230) Adjust Roots
[28.311s][info][gc,phases      ] GC(230) Adjust Roots 0.215ms
[28.311s][info][gc,phases,start] GC(230) Compaction Phase
[28.716s][info][gc,phases      ] GC(230) Compaction Phase 404.790ms
[28.716s][info][gc,phases,start] GC(230) Post Compact
[28.723s][info][gc,phases      ] GC(230) Post Compact 6.713ms
[28.724s][info][gc,heap        ] GC(230) PSYoungGen: 173952K(304128K)->97835K(304128K) Eden: 0K(57856K)->0K(57856K) From: 173952K(246272K)->97835K(246272K)
[28.724s][info][gc,heap        ] GC(230) ParOldGen: 4030338K(4103168K)->4102893K(4526592K)
[28.724s][info][gc,metaspace   ] GC(230) Metaspace: 6297K(6464K)->6297K(6464K) NonClass: 5764K(5824K)->5764K(5824K) Class: 533K(640K)->533K(640K)
[28.724s][info][gc             ] GC(230) Pause Full (Ergonomics) 4105M->4102M(4717M) 1356.604ms
[28.724s][info][gc,cpu         ] GC(230) User=9.92s Sys=0.05s Real=1.36s
[28.786s][info][gc,start       ] GC(231) Pause Young (Allocation Failure)
[29.059s][info][gc,heap        ] GC(231) PSYoungGen: 155691K(304128K)->96640K(305152K) Eden: 57856K(57856K)->0K(64000K) From: 97835K(246272K)->96640K(241152K)
[29.060s][info][gc,heap        ] GC(231) ParOldGen: 4102893K(4526592K)->4162869K(4526592K)
[29.060s][info][gc,metaspace   ] GC(231) Metaspace: 6297K(6464K)->6297K(6464K) NonClass: 5764K(5824K)->5764K(5824K) Class: 533K(640K)->533K(640K)
[29.060s][info][gc             ] GC(231) Pause Young (Allocation Failure) 4158M->4159M(4718M) 273.798ms
[29.060s][info][gc,cpu         ] GC(231) User=1.81s Sys=0.05s Real=0.27s
[29.137s][info][gc,start       ] GC(232) Pause Young (Allocation Failure)
[29.226s][info][gc,heap        ] GC(232) PSYoungGen: 160640K(305152K)->122176K(186368K) Eden: 64000K(64000K)->0K(64000K) From: 96640K(241152K)->122176K(122368K)
[29.226s][info][gc,heap        ] GC(232) ParOldGen: 4162869K(4526592K)->4201685K(4526592K)
[29.226s][info][gc,metaspace   ] GC(232) Metaspace: 6297K(6464K)->6297K(6464K) NonClass: 5764K(5824K)->5764K(5824K) Class: 533K(640K)->533K(640K)
[29.226s][info][gc             ] GC(232) Pause Young (Allocation Failure) 4222M->4222M(4602M) 88.938ms
[29.226s][info][gc,cpu         ] GC(232) User=0.62s Sys=0.00s Real=0.09s
[29.299s][info][gc,start       ] GC(233) Pause Young (Allocation Failure)
[29.395s][info][gc,heap        ] GC(233) PSYoungGen: 186176K(186368K)->128352K(291328K) Eden: 64000K(64000K)->0K(71168K) From: 122176K(122368K)->128352K(220160K)
[29.395s][info][gc,heap        ] GC(233) ParOldGen: 4201685K(4526592K)->4260061K(4526592K)
[29.395s][info][gc,metaspace   ] GC(233) Metaspace: 6297K(6464K)->6297K(6464K) NonClass: 5764K(5824K)->5764K(5824K) Class: 533K(640K)->533K(640K)
[29.395s][info][gc             ] GC(233) Pause Young (Allocation Failure) 4285M->4285M(4705M) 96.417ms
[29.395s][info][gc,cpu         ] GC(233) User=0.72s Sys=0.05s Real=0.10s
[29.470s][info][gc,start       ] GC(234) Pause Young (Allocation Failure)
[29.580s][info][gc,heap        ] GC(234) PSYoungGen: 199520K(291328K)->135520K(206848K) Eden: 71168K(71168K)->0K(71168K) From: 128352K(220160K)->135520K(135680K)
[29.580s][info][gc,heap        ] GC(234) ParOldGen: 4260061K(4526592K)->4324629K(4526592K)
[29.580s][info][gc,metaspace   ] GC(234) Metaspace: 6297K(6464K)->6297K(6464K) NonClass: 5764K(5824K)->5764K(5824K) Class: 533K(640K)->533K(640K)
[29.580s][info][gc             ] GC(234) Pause Young (Allocation Failure) 4355M->4355M(4622M) 109.633ms
[29.580s][info][gc,cpu         ] GC(234) User=0.83s Sys=0.05s Real=0.11s
[29.659s][info][gc,start       ] GC(235) Pause Young (Allocation Failure)
[29.768s][info][gc,heap        ] GC(235) PSYoungGen: 206688K(206848K)->142720K(288256K) Eden: 71168K(71168K)->0K(79360K) From: 135520K(135680K)->142720K(208896K)
[29.768s][info][gc,heap        ] GC(235) ParOldGen: 4324629K(4526592K)->4389213K(4526592K)
[29.768s][info][gc,metaspace   ] GC(235) Metaspace: 6297K(6464K)->6297K(6464K) NonClass: 5764K(5824K)->5764K(5824K) Class: 533K(640K)->533K(640K)
[29.768s][info][gc             ] GC(235) Pause Young (Allocation Failure) 4425M->4425M(4702M) 109.836ms
[29.769s][info][gc,cpu         ] GC(235) User=0.72s Sys=0.03s Real=0.11s
[29.863s][info][gc,start       ] GC(236) Pause Young (Allocation Failure)
[29.982s][info][gc,heap        ] GC(236) PSYoungGen: 222080K(288256K)->150912K(293376K) Eden: 79360K(79360K)->0K(79360K) From: 142720K(208896K)->150912K(214016K)
[29.982s][info][gc,heap        ] GC(236) ParOldGen: 4389213K(4526592K)->4461013K(4526592K)
[29.982s][info][gc,metaspace   ] GC(236) Metaspace: 6297K(6464K)->6297K(6464K) NonClass: 5764K(5824K)->5764K(5824K) Class: 533K(640K)->533K(640K)
[29.982s][info][gc             ] GC(236) Pause Young (Allocation Failure) 4503M->4503M(4707M) 119.331ms
[29.982s][info][gc,cpu         ] GC(236) User=0.62s Sys=0.05s Real=0.12s
[29.982s][info][gc,start       ] GC(237) Pause Full (Ergonomics)
[29.982s][info][gc,phases,start] GC(237) Marking Phase
[31.002s][info][gc,phases      ] GC(237) Marking Phase 1020.282ms
[31.002s][info][gc,phases,start] GC(237) Summary Phase
[31.002s][info][gc,phases      ] GC(237) Summary Phase 0.057ms
[31.002s][info][gc,phases,start] GC(237) Adjust Roots
[31.003s][info][gc,phases      ] GC(237) Adjust Roots 0.171ms
[31.003s][info][gc,phases,start] GC(237) Compaction Phase
[31.432s][info][gc,phases      ] GC(237) Compaction Phase 429.217ms
[31.432s][info][gc,phases,start] GC(237) Post Compact
[31.439s][info][gc,phases      ] GC(237) Post Compact 6.953ms
[31.440s][info][gc,heap        ] GC(237) PSYoungGen: 150912K(293376K)->81971K(293376K) Eden: 0K(79360K)->0K(79360K) From: 150912K(214016K)->81971K(214016K)
[31.440s][info][gc,heap        ] GC(237) ParOldGen: 4461013K(4526592K)->4526115K(4987392K)
[31.440s][info][gc,metaspace   ] GC(237) Metaspace: 6297K(6464K)->6297K(6464K) NonClass: 5764K(5824K)->5764K(5824K) Class: 533K(640K)->533K(640K)
[31.440s][info][gc             ] GC(237) Pause Full (Ergonomics) 4503M->4500M(5157M) 1458.486ms
[31.440s][info][gc,cpu         ] GC(237) User=10.75s Sys=0.02s Real=1.46s
[31.525s][info][gc,start       ] GC(238) Pause Young (Allocation Failure)
[31.825s][info][gc,heap        ] GC(238) PSYoungGen: 161331K(293376K)->120544K(287744K) Eden: 79360K(79360K)->0K(87040K) From: 81971K(214016K)->120544K(200704K)
[31.825s][info][gc,heap        ] GC(238) ParOldGen: 4526115K(4987392K)->4567691K(4987392K)
[31.825s][info][gc,metaspace   ] GC(238) Metaspace: 6297K(6464K)->6297K(6464K) NonClass: 5764K(5824K)->5764K(5824K) Class: 533K(640K)->533K(640K)
[31.825s][info][gc             ] GC(238) Pause Young (Allocation Failure) 4577M->4578M(5151M) 300.273ms
[31.825s][info][gc,cpu         ] GC(238) User=1.98s Sys=0.06s Real=0.30s
[31.922s][info][gc,start       ] GC(239) Pause Young (Allocation Failure)
[32.041s][info][gc,heap        ] GC(239) PSYoungGen: 207584K(287744K)->206848K(293888K) Eden: 87040K(87040K)->0K(87040K) From: 120544K(200704K)->206848K(206848K)
[32.042s][info][gc,heap        ] GC(239) ParOldGen: 4567691K(4987392K)->4568587K(4987392K)
[32.042s][info][gc,metaspace   ] GC(239) Metaspace: 6297K(6464K)->6297K(6464K) NonClass: 5764K(5824K)->5764K(5824K) Class: 533K(640K)->533K(640K)
[32.042s][info][gc             ] GC(239) Pause Young (Allocation Failure) 4663M->4663M(5157M) 119.299ms
[32.042s][info][gc,cpu         ] GC(239) User=0.91s Sys=0.00s Real=0.12s
[32.142s][info][gc,start       ] GC(240) Pause Young (Allocation Failure)
[32.317s][info][gc,heap        ] GC(240) PSYoungGen: 293888K(293888K)->173952K(319488K) Eden: 87040K(87040K)->0K(92672K) From: 206848K(206848K)->173952K(226816K)
[32.317s][info][gc,heap        ] GC(240) ParOldGen: 4568587K(4987392K)->4689491K(4987392K)
[32.317s][info][gc,metaspace   ] GC(240) Metaspace: 6297K(6464K)->6297K(6464K) NonClass: 5764K(5824K)->5764K(5824K) Class: 533K(640K)->533K(640K)
[32.317s][info][gc             ] GC(240) Pause Young (Allocation Failure) 4748M->4749M(5182M) 174.588ms
[32.317s][info][gc,cpu         ] GC(240) User=1.27s Sys=0.09s Real=0.17s
[32.408s][info][gc,start       ] GC(241) Pause Young (Allocation Failure)
[32.566s][info][gc,heap        ] GC(241) PSYoungGen: 266624K(319488K)->180192K(322560K) Eden: 92672K(92672K)->0K(92672K) From: 173952K(226816K)->180192K(229888K)
[32.566s][info][gc,heap        ] GC(241) ParOldGen: 4689491K(4987392K)->4776787K(4987392K)
[32.566s][info][gc,metaspace   ] GC(241) Metaspace: 6297K(6464K)->6297K(6464K) NonClass: 5764K(5824K)->5764K(5824K) Class: 533K(640K)->533K(640K)
[32.566s][info][gc             ] GC(241) Pause Young (Allocation Failure) 4839M->4840M(5185M) 157.106ms
[32.566s][info][gc,cpu         ] GC(241) User=1.09s Sys=0.03s Real=0.16s
[32.670s][info][gc,start       ] GC(242) Pause Young (Allocation Failure)
[32.828s][info][gc,heap        ] GC(242) PSYoungGen: 272864K(322560K)->185824K(332288K) Eden: 92672K(92672K)->0K(98304K) From: 180192K(229888K)->185824K(233984K)
[32.828s][info][gc,heap        ] GC(242) ParOldGen: 4776787K(4987392K)->4864627K(4987392K)
[32.828s][info][gc,metaspace   ] GC(242) Metaspace: 6297K(6464K)->6297K(6464K) NonClass: 5764K(5824K)->5764K(5824K) Class: 533K(640K)->533K(640K)
[32.828s][info][gc             ] GC(242) Pause Young (Allocation Failure) 4931M->4932M(5195M) 158.223ms
[32.828s][info][gc,cpu         ] GC(242) User=1.11s Sys=0.02s Real=0.16s
[32.828s][info][gc,start       ] GC(243) Pause Full (Ergonomics)
[32.828s][info][gc,phases,start] GC(243) Marking Phase
[33.976s][info][gc,phases      ] GC(243) Marking Phase 1147.870ms
[33.976s][info][gc,phases,start] GC(243) Summary Phase
[33.976s][info][gc,phases      ] GC(243) Summary Phase 0.068ms
[33.976s][info][gc,phases,start] GC(243) Adjust Roots
[33.976s][info][gc,phases      ] GC(243) Adjust Roots 0.196ms
[33.976s][info][gc,phases,start] GC(243) Compaction Phase
[34.407s][info][gc,phases      ] GC(243) Compaction Phase 431.409ms
[34.408s][info][gc,phases,start] GC(243) Post Compact
[34.416s][info][gc,phases      ] GC(243) Post Compact 8.093ms
[34.418s][info][gc,heap        ] GC(243) PSYoungGen: 185824K(332288K)->59585K(332288K) Eden: 0K(98304K)->0K(98304K) From: 185824K(233984K)->59585K(233984K)
[34.418s][info][gc,heap        ] GC(243) ParOldGen: 4864627K(4987392K)->4987119K(5521408K)
[34.418s][info][gc,metaspace   ] GC(243) Metaspace: 6297K(6464K)->6297K(6464K) NonClass: 5764K(5824K)->5764K(5824K) Class: 533K(640K)->533K(640K)
[34.418s][info][gc             ] GC(243) Pause Full (Ergonomics) 4932M->4928M(5716M) 1589.795ms
[34.418s][info][gc,cpu         ] GC(243) User=12.05s Sys=0.05s Real=1.59s
[34.527s][info][gc,start       ] GC(244) Pause Young (Allocation Failure)
[34.845s][info][gc,heap        ] GC(244) PSYoungGen: 157889K(332288K)->129408K(337408K) Eden: 98304K(98304K)->0K(98304K) From: 59585K(233984K)->129408K(239104K)
[34.845s][info][gc,heap        ] GC(244) ParOldGen: 4987119K(5521408K)->5016255K(5521408K)
[34.845s][info][gc,metaspace   ] GC(244) Metaspace: 6297K(6464K)->6297K(6464K) NonClass: 5764K(5824K)->5764K(5824K) Class: 533K(640K)->533K(640K)
[34.845s][info][gc             ] GC(244) Pause Young (Allocation Failure) 5024M->5025M(5721M) 317.913ms
[34.845s][info][gc,cpu         ] GC(244) User=2.05s Sys=0.02s Real=0.32s
[34.953s][info][gc,start       ] GC(245) Pause Young (Allocation Failure)
[35.081s][info][gc,heap        ] GC(245) PSYoungGen: 227712K(337408K)->227968K(321536K) Eden: 98304K(98304K)->0K(87040K) From: 129408K(239104K)->227968K(234496K)
[35.081s][info][gc,heap        ] GC(245) ParOldGen: 5016255K(5521408K)->5016255K(5521408K)
[35.081s][info][gc,metaspace   ] GC(245) Metaspace: 6297K(6464K)->6297K(6464K) NonClass: 5764K(5824K)->5764K(5824K) Class: 533K(640K)->533K(640K)
[35.081s][info][gc             ] GC(245) Pause Young (Allocation Failure) 5121M->5121M(5706M) 128.286ms
[35.081s][info][gc,cpu         ] GC(245) User=0.97s Sys=0.05s Real=0.13s
[35.178s][info][gc,start       ] GC(246) Pause Young (Allocation Failure)
[35.352s][info][gc,heap        ] GC(246) PSYoungGen: 315008K(321536K)->254976K(342016K) Eden: 87040K(87040K)->0K(87040K) From: 227968K(234496K)->254976K(254976K)
[35.352s][info][gc,heap        ] GC(246) ParOldGen: 5016255K(5521408K)->5076735K(5521408K)
[35.352s][info][gc,metaspace   ] GC(246) Metaspace: 6297K(6464K)->6297K(6464K) NonClass: 5764K(5824K)->5764K(5824K) Class: 533K(640K)->533K(640K)
[35.352s][info][gc             ] GC(246) Pause Young (Allocation Failure) 5206M->5206M(5726M) 173.622ms
[35.352s][info][gc,cpu         ] GC(246) User=1.25s Sys=0.02s Real=0.17s
[35.449s][info][gc,start       ] GC(247) Pause Young (Allocation Failure)
[35.646s][info][gc,heap        ] GC(247) PSYoungGen: 342016K(342016K)->242304K(386560K) Eden: 87040K(87040K)->0K(83456K) From: 254976K(254976K)->242304K(303104K)
[35.646s][info][gc,heap        ] GC(247) ParOldGen: 5076735K(5521408K)->5177455K(5521408K)
[35.646s][info][gc,metaspace   ] GC(247) Metaspace: 6297K(6464K)->6297K(6464K) NonClass: 5764K(5824K)->5764K(5824K) Class: 533K(640K)->533K(640K)
[35.646s][info][gc             ] GC(247) Pause Young (Allocation Failure) 5291M->5292M(5769M) 196.819ms
[35.646s][info][gc,cpu         ] GC(247) User=1.22s Sys=0.09s Real=0.20s
[35.746s][info][gc,start       ] GC(248) Pause Young (Allocation Failure)
[35.935s][info][gc,heap        ] GC(248) PSYoungGen: 325760K(386560K)->245536K(399360K) Eden: 83456K(83456K)->0K(83456K) From: 242304K(303104K)->245536K(315904K)
[35.935s][info][gc,heap        ] GC(248) ParOldGen: 5177455K(5521408K)->5258423K(5521408K)
[35.935s][info][gc,metaspace   ] GC(248) Metaspace: 6297K(6464K)->6297K(6464K) NonClass: 5764K(5824K)->5764K(5824K) Class: 533K(640K)->533K(640K)
[35.935s][info][gc             ] GC(248) Pause Young (Allocation Failure) 5374M->5374M(5782M) 189.521ms
[35.935s][info][gc,cpu         ] GC(248) User=1.25s Sys=0.06s Real=0.19s
[36.028s][info][gc,start       ] GC(249) Pause Young (Allocation Failure)
[36.222s][info][gc,heap        ] GC(249) PSYoungGen: 328992K(399360K)->254560K(408576K) Eden: 83456K(83456K)->0K(82432K) From: 245536K(315904K)->254560K(326144K)
[36.222s][info][gc,heap        ] GC(249) ParOldGen: 5258423K(5521408K)->5333583K(5521408K)
[36.222s][info][gc,metaspace   ] GC(249) Metaspace: 6297K(6464K)->6297K(6464K) NonClass: 5764K(5824K)->5764K(5824K) Class: 533K(640K)->533K(640K)
[36.222s][info][gc             ] GC(249) Pause Young (Allocation Failure) 5456M->5457M(5791M) 193.229ms
[36.222s][info][gc,cpu         ] GC(249) User=1.30s Sys=0.09s Real=0.19s
[36.313s][info][gc,start       ] GC(250) Pause Young (Allocation Failure)
[36.523s][info][gc,heap        ] GC(250) PSYoungGen: 336992K(408576K)->166304K(419840K) Eden: 82432K(82432K)->0K(82432K) From: 254560K(326144K)->166304K(337408K)
[36.523s][info][gc,heap        ] GC(250) ParOldGen: 5333583K(5521408K)->5505583K(5521408K)
[36.523s][info][gc,metaspace   ] GC(250) Metaspace: 6297K(6464K)->6297K(6464K) NonClass: 5764K(5824K)->5764K(5824K) Class: 533K(640K)->533K(640K)
[36.523s][info][gc             ] GC(250) Pause Young (Allocation Failure) 5537M->5538M(5802M) 210.474ms
[36.523s][info][gc,cpu         ] GC(250) User=1.27s Sys=0.36s Real=0.21s
[36.523s][info][gc,start       ] GC(251) Pause Full (Ergonomics)
[36.523s][info][gc,phases,start] GC(251) Marking Phase
[37.816s][info][gc,phases      ] GC(251) Marking Phase 1292.234ms
[37.816s][info][gc,phases,start] GC(251) Summary Phase
[37.816s][info][gc,phases      ] GC(251) Summary Phase 0.073ms
[37.816s][info][gc,phases,start] GC(251) Adjust Roots
[37.816s][info][gc,phases      ] GC(251) Adjust Roots 0.214ms
[37.816s][info][gc,phases,start] GC(251) Compaction Phase
[38.313s][info][gc,phases      ] GC(251) Compaction Phase 497.054ms
[38.313s][info][gc,phases,start] GC(251) Post Compact
[38.322s][info][gc,phases      ] GC(251) Post Compact 8.952ms
[38.324s][info][gc,heap        ] GC(251) PSYoungGen: 166304K(419840K)->145379K(419840K) Eden: 0K(82432K)->0K(82432K) From: 166304K(337408K)->145379K(337408K)
[38.324s][info][gc,heap        ] GC(251) ParOldGen: 5505583K(5521408K)->5521143K(6130688K)
[38.324s][info][gc,metaspace   ] GC(251) Metaspace: 6297K(6464K)->6297K(6464K) NonClass: 5764K(5824K)->5764K(5824K) Class: 533K(640K)->533K(640K)
[38.324s][info][gc             ] GC(251) Pause Full (Ergonomics) 5538M->5533M(6397M) 1800.871ms
[38.324s][info][gc,cpu         ] GC(251) User=13.61s Sys=0.02s Real=1.80s
[38.427s][info][gc,start       ] GC(252) Pause Young (Allocation Failure)
[38.806s][info][gc,heap        ] GC(252) PSYoungGen: 227811K(419840K)->82688K(416256K) Eden: 82432K(82432K)->0K(88576K) From: 145379K(337408K)->82688K(327680K)
[38.807s][info][gc,heap        ] GC(252) ParOldGen: 5521143K(6130688K)->5667871K(6130688K)
[38.807s][info][gc,metaspace   ] GC(252) Metaspace: 6297K(6464K)->6297K(6464K) NonClass: 5764K(5824K)->5764K(5824K) Class: 533K(640K)->533K(640K)
[38.807s][info][gc             ] GC(252) Pause Young (Allocation Failure) 5614M->5615M(6393M) 379.595ms
[38.807s][info][gc,cpu         ] GC(252) User=2.31s Sys=0.11s Real=0.38s
[39.993s][info][gc,start       ] GC(253) Pause Young (Allocation Failure)
[40.217s][info][gc,heap        ] GC(253) PSYoungGen: 171264K(416256K)->88832K(420864K) Eden: 88576K(88576K)->0K(88576K) From: 82688K(327680K)->88832K(332288K)
[40.217s][info][gc,heap        ] GC(253) ParOldGen: 5930015K(6130688K)->6013207K(6130688K)
[40.217s][info][gc,metaspace   ] GC(253) Metaspace: 6297K(6464K)->6297K(6464K) NonClass: 5764K(5824K)->5764K(5824K) Class: 533K(640K)->533K(640K)
[40.217s][info][gc             ] GC(253) Pause Young (Allocation Failure) 5958M->5959M(6398M) 224.069ms
[40.217s][info][gc,cpu         ] GC(253) User=1.27s Sys=0.02s Real=0.22s
[40.217s][info][gc,start       ] GC(254) Pause Full (Ergonomics)
[40.217s][info][gc,phases,start] GC(254) Marking Phase
[41.549s][info][gc,phases      ] GC(254) Marking Phase 1332.039ms
[41.549s][info][gc,phases,start] GC(254) Summary Phase
[41.550s][info][gc,phases      ] GC(254) Summary Phase 0.162ms
[41.550s][info][gc,phases,start] GC(254) Adjust Roots
[41.550s][info][gc,phases      ] GC(254) Adjust Roots 0.212ms
[41.550s][info][gc,phases,start] GC(254) Compaction Phase
[42.446s][info][gc,phases      ] GC(254) Compaction Phase 896.078ms
[42.446s][info][gc,phases,start] GC(254) Post Compact
[42.456s][info][gc,phases      ] GC(254) Post Compact 9.697ms
[42.457s][info][gc,heap        ] GC(254) PSYoungGen: 88832K(420864K)->0K(429568K) Eden: 0K(88576K)->0K(96768K) From: 88832K(332288K)->0K(332800K)
[42.457s][info][gc,heap        ] GC(254) ParOldGen: 6013207K(6130688K)->5968536K(6637056K)
[42.457s][info][gc,metaspace   ] GC(254) Metaspace: 6297K(6464K)->6297K(6464K) NonClass: 5764K(5824K)->5764K(5824K) Class: 533K(640K)->533K(640K)
[42.457s][info][gc             ] GC(254) Pause Full (Ergonomics) 5959M->5828M(6901M) 2240.225ms
[42.457s][info][gc,cpu         ] GC(254) User=15.94s Sys=0.05s Real=2.24s
[42.568s][info][gc,start       ] GC(255) Pause Young (Allocation Failure)
[42.660s][info][gc,heap        ] GC(255) PSYoungGen: 96768K(429568K)->97088K(429568K) Eden: 96768K(96768K)->0K(96768K) From: 0K(332800K)->97088K(332800K)
[42.660s][info][gc,heap        ] GC(255) ParOldGen: 5968536K(6637056K)->5968536K(6637056K)
[42.660s][info][gc,metaspace   ] GC(255) Metaspace: 6297K(6464K)->6297K(6464K) NonClass: 5764K(5824K)->5764K(5824K) Class: 533K(640K)->533K(640K)
[42.660s][info][gc             ] GC(255) Pause Young (Allocation Failure) 5923M->5923M(6901M) 92.434ms
[42.660s][info][gc,cpu         ] GC(255) User=0.19s Sys=0.00s Real=0.09s
[42.754s][info][gc,start       ] GC(256) Pause Young (Allocation Failure)
[42.875s][info][gc,heap        ] GC(256) PSYoungGen: 193856K(429568K)->194016K(425472K) Eden: 96768K(96768K)->0K(105472K) From: 97088K(332800K)->194016K(320000K)
[42.875s][info][gc,heap        ] GC(256) ParOldGen: 5968536K(6637056K)->5968536K(6637056K)
[42.875s][info][gc,metaspace   ] GC(256) Metaspace: 6297K(6464K)->6297K(6464K) NonClass: 5764K(5824K)->5764K(5824K) Class: 533K(640K)->533K(640K)
[42.875s][info][gc             ] GC(256) Pause Young (Allocation Failure) 6017M->6018M(6897M) 120.776ms
[42.875s][info][gc,cpu         ] GC(256) User=0.42s Sys=0.00s Real=0.12s
[42.986s][info][gc,start       ] GC(257) Pause Young (Allocation Failure)
[43.135s][info][gc,heap        ] GC(257) PSYoungGen: 299488K(425472K)->299616K(429568K) Eden: 105472K(105472K)->0K(105472K) From: 194016K(320000K)->299616K(324096K)
[43.135s][info][gc,heap        ] GC(257) ParOldGen: 5968536K(6637056K)->5968536K(6637056K)
[43.135s][info][gc,metaspace   ] GC(257) Metaspace: 6297K(6464K)->6297K(6464K) NonClass: 5764K(5824K)->5764K(5824K) Class: 533K(640K)->533K(640K)
[43.135s][info][gc             ] GC(257) Pause Young (Allocation Failure) 6121M->6121M(6901M) 149.730ms
[43.135s][info][gc,cpu         ] GC(257) User=0.91s Sys=0.02s Real=0.15s
[43.245s][info][gc,start       ] GC(258) Pause Young (Allocation Failure)
[43.429s][info][gc,heap        ] GC(258) PSYoungGen: 405088K(429568K)->357376K(407552K) Eden: 105472K(105472K)->0K(50176K) From: 299616K(324096K)->357376K(357376K)
[43.429s][info][gc,heap        ] GC(258) ParOldGen: 5968536K(6637056K)->6016752K(6637056K)
[43.429s][info][gc,metaspace   ] GC(258) Metaspace: 6297K(6464K)->6297K(6464K) NonClass: 5764K(5824K)->5764K(5824K) Class: 533K(640K)->533K(640K)
[43.430s][info][gc             ] GC(258) Pause Young (Allocation Failure) 6224M->6224M(6879M) 184.912ms
[43.430s][info][gc,cpu         ] GC(258) User=1.25s Sys=0.12s Real=0.18s
[43.479s][info][gc,start       ] GC(259) Pause Young (Allocation Failure)
[43.670s][info][gc,heap        ] GC(259) PSYoungGen: 407552K(407552K)->321472K(473088K) Eden: 50176K(50176K)->0K(50176K) From: 357376K(357376K)->321472K(422912K)
[43.670s][info][gc,heap        ] GC(259) ParOldGen: 6016752K(6637056K)->6103688K(6637056K)
[43.670s][info][gc,metaspace   ] GC(259) Metaspace: 6297K(6464K)->6297K(6464K) NonClass: 5764K(5824K)->5764K(5824K) Class: 533K(640K)->533K(640K)
[43.670s][info][gc             ] GC(259) Pause Young (Allocation Failure) 6273M->6274M(6943M) 191.094ms
[43.670s][info][gc,cpu         ] GC(259) User=1.30s Sys=0.08s Real=0.19s
[43.723s][info][gc,start       ] GC(260) Pause Young (Allocation Failure)
[43.899s][info][gc,heap        ] GC(260) PSYoungGen: 371648K(473088K)->283840K(498688K) Eden: 50176K(50176K)->0K(53760K) From: 321472K(422912K)->283840K(444928K)
[43.899s][info][gc,heap        ] GC(260) ParOldGen: 6103688K(6637056K)->6192168K(6637056K)
[43.899s][info][gc,metaspace   ] GC(260) Metaspace: 6297K(6464K)->6297K(6464K) NonClass: 5764K(5824K)->5764K(5824K) Class: 533K(640K)->533K(640K)
[43.900s][info][gc             ] GC(260) Pause Young (Allocation Failure) 6323M->6324M(6968M) 176.207ms
[43.900s][info][gc,cpu         ] GC(260) User=1.09s Sys=0.02s Real=0.18s
[43.964s][info][gc,start       ] GC(261) Pause Young (Allocation Failure)
[44.129s][info][gc,heap        ] GC(261) PSYoungGen: 337600K(498688K)->154464K(208384K) Eden: 53760K(53760K)->0K(53760K) From: 283840K(444928K)->154464K(154624K)
[44.130s][info][gc,heap        ] GC(261) ParOldGen: 6192168K(6637056K)->6376696K(6637056K)
[44.130s][info][gc,metaspace   ] GC(261) Metaspace: 6297K(6464K)->6297K(6464K) NonClass: 5764K(5824K)->5764K(5824K) Class: 533K(640K)->533K(640K)
[44.130s][info][gc             ] GC(261) Pause Young (Allocation Failure) 6376M->6378M(6685M) 165.808ms
[44.130s][info][gc,cpu         ] GC(261) User=0.91s Sys=0.05s Real=0.17s
[44.182s][info][gc,start       ] GC(262) Pause Young (Allocation Failure)
[44.305s][info][gc,heap        ] GC(262) PSYoungGen: 208224K(208384K)->107840K(489984K) Eden: 53760K(53760K)->0K(60928K) From: 154464K(154624K)->107840K(429056K)
[44.305s][info][gc,heap        ] GC(262) ParOldGen: 6376696K(6637056K)->6477912K(6637056K)
[44.305s][info][gc,metaspace   ] GC(262) Metaspace: 6297K(6464K)->6297K(6464K) NonClass: 5764K(5824K)->5764K(5824K) Class: 533K(640K)->533K(640K)
[44.305s][info][gc             ] GC(262) Pause Young (Allocation Failure) 6430M->6431M(6960M) 122.561ms
[44.305s][info][gc,cpu         ] GC(262) User=0.45s Sys=0.08s Real=0.12s
[44.305s][info][gc,start       ] GC(263) Pause Full (Ergonomics)
[44.305s][info][gc,phases,start] GC(263) Marking Phase
[45.780s][info][gc,phases      ] GC(263) Marking Phase 1475.198ms
[45.780s][info][gc,phases,start] GC(263) Summary Phase
[45.780s][info][gc,phases      ] GC(263) Summary Phase 0.138ms
[45.780s][info][gc,phases,start] GC(263) Adjust Roots
[45.780s][info][gc,phases      ] GC(263) Adjust Roots 0.184ms
[45.780s][info][gc,phases,start] GC(263) Compaction Phase
[46.477s][info][gc,phases      ] GC(263) Compaction Phase 696.676ms
[46.477s][info][gc,phases,start] GC(263) Post Compact
[46.487s][info][gc,phases      ] GC(263) Post Compact 9.773ms
[46.489s][info][gc,heap        ] GC(263) PSYoungGen: 107840K(489984K)->0K(493568K) Eden: 0K(60928K)->0K(60928K) From: 107840K(429056K)->0K(432640K)
[46.489s][info][gc,heap        ] GC(263) ParOldGen: 6477912K(6637056K)->6580631K(7310848K)
[46.489s][info][gc,metaspace   ] GC(263) Metaspace: 6297K(6464K)->6297K(6464K) NonClass: 5764K(5824K)->5764K(5824K) Class: 533K(640K)->533K(640K)
[46.489s][info][gc             ] GC(263) Pause Full (Ergonomics) 6431M->6426M(7621M) 2184.592ms
[46.489s][info][gc,cpu         ] GC(263) User=15.45s Sys=0.03s Real=2.18s
[46.552s][info][gc,start       ] GC(264) Pause Young (Allocation Failure)
[46.626s][info][gc,heap        ] GC(264) PSYoungGen: 60928K(493568K)->61184K(499712K) Eden: 60928K(60928K)->0K(67072K) From: 0K(432640K)->61184K(432640K)
[46.626s][info][gc,heap        ] GC(264) ParOldGen: 6580631K(7310848K)->6580631K(7310848K)
[46.626s][info][gc,metaspace   ] GC(264) Metaspace: 6297K(6464K)->6297K(6464K) NonClass: 5764K(5824K)->5764K(5824K) Class: 533K(640K)->533K(640K)
[46.626s][info][gc             ] GC(264) Pause Young (Allocation Failure) 6485M->6486M(7627M) 74.326ms
[46.626s][info][gc,cpu         ] GC(264) User=0.17s Sys=0.02s Real=0.08s
[46.700s][info][gc,start       ] GC(265) Pause Young (Allocation Failure)
[46.803s][info][gc,heap        ] GC(265) PSYoungGen: 128256K(499712K)->67296K(501248K) Eden: 67072K(67072K)->0K(67072K) From: 61184K(432640K)->67296K(434176K)
[46.803s][info][gc,heap        ] GC(265) ParOldGen: 6580631K(7310848K)->6642103K(7310848K)
[46.803s][info][gc,metaspace   ] GC(265) Metaspace: 6297K(6464K)->6297K(6464K) NonClass: 5764K(5824K)->5764K(5824K) Class: 533K(640K)->533K(640K)
[46.803s][info][gc             ] GC(265) Pause Young (Allocation Failure) 6551M->6552M(7629M) 103.325ms
[46.803s][info][gc,cpu         ] GC(265) User=0.31s Sys=0.05s Real=0.10s
[46.877s][info][gc,start       ] GC(266) Pause Young (Allocation Failure)
[46.981s][info][gc,heap        ] GC(266) PSYoungGen: 134368K(501248K)->67264K(492032K) Eden: 67072K(67072K)->0K(74752K) From: 67296K(434176K)->67264K(417280K)
[46.981s][info][gc,heap        ] GC(266) ParOldGen: 6642103K(7310848K)->6709783K(7310848K)
[46.982s][info][gc,metaspace   ] GC(266) Metaspace: 6297K(6464K)->6297K(6464K) NonClass: 5764K(5824K)->5764K(5824K) Class: 533K(640K)->533K(640K)
[46.982s][info][gc             ] GC(266) Pause Young (Allocation Failure) 6617M->6618M(7620M) 104.116ms
[46.982s][info][gc,cpu         ] GC(266) User=0.42s Sys=0.03s Real=0.10s
[47.053s][info][gc,start       ] GC(267) Pause Young (Allocation Failure)
[47.157s][info][gc,heap        ] GC(267) PSYoungGen: 142016K(492032K)->75040K(150016K) Eden: 74752K(74752K)->0K(74752K) From: 67264K(417280K)->75040K(75264K)
[47.157s][info][gc,heap        ] GC(267) ParOldGen: 6709783K(7310848K)->6777455K(7310848K)
[47.157s][info][gc,metaspace   ] GC(267) Metaspace: 6297K(6464K)->6297K(6464K) NonClass: 5764K(5824K)->5764K(5824K) Class: 533K(640K)->533K(640K)
[47.157s][info][gc             ] GC(267) Pause Young (Allocation Failure) 6691M->6691M(7286M) 104.363ms
[47.157s][info][gc,cpu         ] GC(267) User=0.33s Sys=0.03s Real=0.10s
[47.240s][info][gc,start       ] GC(268) Pause Young (Allocation Failure)
[47.345s][info][gc,heap        ] GC(268) PSYoungGen: 149792K(150016K)->74976K(473600K) Eden: 74752K(74752K)->0K(83456K) From: 75040K(75264K)->74976K(390144K)
[47.345s][info][gc,heap        ] GC(268) ParOldGen: 6777455K(7310848K)->6852887K(7310848K)
[47.345s][info][gc,metaspace   ] GC(268) Metaspace: 6297K(6464K)->6297K(6464K) NonClass: 5764K(5824K)->5764K(5824K) Class: 533K(640K)->533K(640K)
[47.345s][info][gc             ] GC(268) Pause Young (Allocation Failure) 6764M->6765M(7602M) 104.617ms
[47.345s][info][gc,cpu         ] GC(268) User=0.28s Sys=0.05s Real=0.11s
[47.432s][info][gc,start       ] GC(269) Pause Young (Allocation Failure)
[47.545s][info][gc,heap        ] GC(269) PSYoungGen: 158432K(473600K)->83744K(167424K) Eden: 83456K(83456K)->0K(83456K) From: 74976K(390144K)->83744K(83968K)
[47.545s][info][gc,heap        ] GC(269) ParOldGen: 6852887K(7310848K)->6928311K(7310848K)
[47.545s][info][gc,metaspace   ] GC(269) Metaspace: 6297K(6464K)->6297K(6464K) NonClass: 5764K(5824K)->5764K(5824K) Class: 533K(640K)->533K(640K)
[47.545s][info][gc             ] GC(269) Pause Young (Allocation Failure) 6846M->6847M(7303M) 112.635ms
[47.545s][info][gc,cpu         ] GC(269) User=0.36s Sys=0.03s Real=0.11s
[47.625s][info][gc,start       ] GC(270) Pause Young (Allocation Failure)
[47.740s][info][gc,heap        ] GC(270) PSYoungGen: 167200K(167424K)->83744K(451584K) Eden: 83456K(83456K)->0K(93184K) From: 83744K(83968K)->83744K(358400K)
[47.740s][info][gc,heap        ] GC(270) ParOldGen: 6928311K(7310848K)->7012511K(7310848K)
[47.740s][info][gc,metaspace   ] GC(270) Metaspace: 6297K(6464K)->6297K(6464K) NonClass: 5764K(5824K)->5764K(5824K) Class: 533K(640K)->533K(640K)
[47.740s][info][gc             ] GC(270) Pause Young (Allocation Failure) 6929M->6929M(7580M) 114.852ms
[47.740s][info][gc,cpu         ] GC(270) User=0.38s Sys=0.02s Real=0.11s
[47.836s][info][gc,start       ] GC(271) Pause Young (Allocation Failure)
[47.964s][info][gc,heap        ] GC(271) PSYoungGen: 176928K(451584K)->93472K(186880K) Eden: 93184K(93184K)->0K(93184K) From: 83744K(358400K)->93472K(93696K)
[47.964s][info][gc,heap        ] GC(271) ParOldGen: 7012511K(7310848K)->7096719K(7310848K)
[47.964s][info][gc,metaspace   ] GC(271) Metaspace: 6297K(6464K)->6297K(6464K) NonClass: 5764K(5824K)->5764K(5824K) Class: 533K(640K)->533K(640K)
[47.964s][info][gc             ] GC(271) Pause Young (Allocation Failure) 7020M->7021M(7322M) 127.931ms
[47.964s][info][gc,cpu         ] GC(271) User=0.36s Sys=0.00s Real=0.13s
[48.057s][info][gc,start       ] GC(272) Pause Young (Allocation Failure)
[48.176s][info][gc,heap        ] GC(272) PSYoungGen: 186656K(186880K)->93472K(429568K) Eden: 93184K(93184K)->0K(103936K) From: 93472K(93696K)->93472K(325632K)
[48.176s][info][gc,heap        ] GC(272) ParOldGen: 7096719K(7310848K)->7190743K(7310848K)
[48.176s][info][gc,metaspace   ] GC(272) Metaspace: 6297K(6464K)->6297K(6464K) NonClass: 5764K(5824K)->5764K(5824K) Class: 533K(640K)->533K(640K)
[48.176s][info][gc             ] GC(272) Pause Young (Allocation Failure) 7112M->7113M(7559M) 118.756ms
[48.176s][info][gc,cpu         ] GC(272) User=0.42s Sys=0.06s Real=0.12s
[48.176s][info][gc,start       ] GC(273) Pause Full (Ergonomics)
[48.176s][info][gc,phases,start] GC(273) Marking Phase
[49.909s][info][gc,phases      ] GC(273) Marking Phase 1733.603ms
[49.909s][info][gc,phases,start] GC(273) Summary Phase
[49.910s][info][gc,phases      ] GC(273) Summary Phase 0.182ms
[49.910s][info][gc,phases,start] GC(273) Adjust Roots
[49.910s][info][gc,phases      ] GC(273) Adjust Roots 0.317ms
[49.910s][info][gc,phases,start] GC(273) Compaction Phase
[50.662s][info][gc,phases      ] GC(273) Compaction Phase 752.286ms
[50.662s][info][gc,phases,start] GC(273) Post Compact
[50.680s][info][gc,phases      ] GC(273) Post Compact 17.414ms
[50.682s][info][gc,heap        ] GC(273) PSYoungGen: 93472K(429568K)->0K(445440K) Eden: 0K(103936K)->0K(103936K) From: 93472K(325632K)->0K(341504K)
[50.683s][info][gc,heap        ] GC(273) ParOldGen: 7190743K(7310848K)->7278216K(8020992K)
[50.683s][info][gc,metaspace   ] GC(273) Metaspace: 6297K(6464K)->6297K(6464K) NonClass: 5764K(5824K)->5764K(5824K) Class: 533K(640K)->533K(640K)
[50.683s][info][gc             ] GC(273) Pause Full (Ergonomics) 7113M->7107M(8268M) 2506.871ms
[50.683s][info][gc,cpu         ] GC(273) User=17.22s Sys=0.08s Real=2.51s
[50.790s][info][gc,start       ] GC(274) Pause Young (Allocation Failure)
[50.902s][info][gc,heap        ] GC(274) PSYoungGen: 103936K(445440K)->104256K(418304K) Eden: 103936K(103936K)->0K(113664K) From: 0K(341504K)->104256K(304640K)
[50.902s][info][gc,heap        ] GC(274) ParOldGen: 7278216K(8020992K)->7278216K(8020992K)
[50.902s][info][gc,metaspace   ] GC(274) Metaspace: 6297K(6464K)->6297K(6464K) NonClass: 5764K(5824K)->5764K(5824K) Class: 533K(640K)->533K(640K)
[50.902s][info][gc             ] GC(274) Pause Young (Allocation Failure) 7209M->7209M(8241M) 112.363ms
[50.902s][info][gc,cpu         ] GC(274) User=0.23s Sys=0.00s Real=0.11s
[51.027s][info][gc,start       ] GC(275) Pause Young (Allocation Failure)
[51.163s][info][gc,heap        ] GC(275) PSYoungGen: 217920K(418304K)->218144K(437760K) Eden: 113664K(113664K)->0K(113664K) From: 104256K(304640K)->218144K(324096K)
[51.163s][info][gc,heap        ] GC(275) ParOldGen: 7278216K(8020992K)->7278216K(8020992K)
[51.163s][info][gc,metaspace   ] GC(275) Metaspace: 6297K(6464K)->6297K(6464K) NonClass: 5764K(5824K)->5764K(5824K) Class: 533K(640K)->533K(640K)
[51.163s][info][gc             ] GC(275) Pause Young (Allocation Failure) 7320M->7320M(8260M) 136.286ms
[51.163s][info][gc,cpu         ] GC(275) User=0.52s Sys=0.00s Real=0.14s
[51.280s][info][gc,start       ] GC(276) Pause Young (Allocation Failure)
[51.454s][info][gc,heap        ] GC(276) PSYoungGen: 331808K(437760K)->332064K(410112K) Eden: 113664K(113664K)->0K(71680K) From: 218144K(324096K)->332064K(338432K)
[51.454s][info][gc,heap        ] GC(276) ParOldGen: 7278216K(8020992K)->7278216K(8020992K)
[51.454s][info][gc,metaspace   ] GC(276) Metaspace: 6297K(6464K)->6297K(6464K) NonClass: 5764K(5824K)->5764K(5824K) Class: 533K(640K)->533K(640K)
[51.454s][info][gc             ] GC(276) Pause Young (Allocation Failure) 7431M->7431M(8233M) 174.031ms
[51.454s][info][gc,cpu         ] GC(276) User=1.28s Sys=0.03s Real=0.17s
[51.543s][info][gc,start       ] GC(277) Pause Young (Allocation Failure)
[51.763s][info][gc,heap        ] GC(277) PSYoungGen: 403744K(410112K)->391168K(462848K) Eden: 71680K(71680K)->0K(71680K) From: 332064K(338432K)->391168K(391168K)
[51.763s][info][gc,heap        ] GC(277) ParOldGen: 7278216K(8020992K)->7290856K(8020992K)
[51.763s][info][gc,metaspace   ] GC(277) Metaspace: 6297K(6464K)->6297K(6464K) NonClass: 5764K(5824K)->5764K(5824K) Class: 533K(640K)->533K(640K)
[51.763s][info][gc             ] GC(277) Pause Young (Allocation Failure) 7501M->7501M(8285M) 220.043ms
[51.763s][info][gc,cpu         ] GC(277) User=0.94s Sys=0.00s Real=0.22s
[51.841s][info][gc,start       ] GC(278) Pause Young (Allocation Failure)
[52.101s][info][gc,heap        ] GC(278) PSYoungGen: 462848K(462848K)->252064K(538112K) Eden: 71680K(71680K)->0K(80384K) From: 391168K(391168K)->252064K(457728K)
[52.101s][info][gc,heap        ] GC(278) ParOldGen: 7290856K(8020992K)->7503408K(8020992K)
[52.101s][info][gc,metaspace   ] GC(278) Metaspace: 6297K(6464K)->6297K(6464K) NonClass: 5764K(5824K)->5764K(5824K) Class: 533K(640K)->533K(640K)
[52.101s][info][gc             ] GC(278) Pause Young (Allocation Failure) 7571M->7573M(8358M) 260.024ms
[52.101s][info][gc,cpu         ] GC(278) User=1.53s Sys=0.14s Real=0.26s
[52.197s][info][gc,start       ] GC(279) Pause Young (Allocation Failure)
[52.391s][info][gc,heap        ] GC(279) PSYoungGen: 332448K(538112K)->152480K(232960K) Eden: 80384K(80384K)->0K(80384K) From: 252064K(457728K)->152480K(152576K)
[52.391s][info][gc,heap        ] GC(279) ParOldGen: 7503408K(8020992K)->7684752K(8020992K)
[52.391s][info][gc,metaspace   ] GC(279) Metaspace: 6297K(6464K)->6297K(6464K) NonClass: 5764K(5824K)->5764K(5824K) Class: 533K(640K)->533K(640K)
[52.391s][info][gc             ] GC(279) Pause Young (Allocation Failure) 7652M->7653M(8060M) 194.246ms
[52.391s][info][gc,cpu         ] GC(279) User=1.12s Sys=0.06s Real=0.19s
[52.484s][info][gc,start       ] GC(280) Pause Young (Allocation Failure)
[52.658s][info][gc,heap        ] GC(280) PSYoungGen: 232864K(232960K)->80672K(512512K) Eden: 80384K(80384K)->0K(91136K) From: 152480K(152576K)->80672K(421376K)
[52.658s][info][gc,heap        ] GC(280) ParOldGen: 7684752K(8020992K)->7838144K(8020992K)
[52.658s][info][gc,metaspace   ] GC(280) Metaspace: 6297K(6464K)->6297K(6464K) NonClass: 5764K(5824K)->5764K(5824K) Class: 533K(640K)->533K(640K)
[52.658s][info][gc             ] GC(280) Pause Young (Allocation Failure) 7732M->7733M(8333M) 173.934ms
[52.658s][info][gc,cpu         ] GC(280) User=0.56s Sys=0.03s Real=0.17s
[52.658s][info][gc,start       ] GC(281) Pause Full (Ergonomics)
[52.658s][info][gc,phases,start] GC(281) Marking Phase
[54.552s][info][gc,phases      ] GC(281) Marking Phase 1893.994ms
[54.552s][info][gc,phases,start] GC(281) Summary Phase
[54.552s][info][gc,phases      ] GC(281) Summary Phase 0.171ms
[54.552s][info][gc,phases,start] GC(281) Adjust Roots
[54.552s][info][gc,phases      ] GC(281) Adjust Roots 0.226ms
[54.552s][info][gc,phases,start] GC(281) Compaction Phase
[55.353s][info][gc,phases      ] GC(281) Compaction Phase 800.178ms
[55.353s][info][gc,phases,start] GC(281) Post Compact
[55.365s][info][gc,phases      ] GC(281) Post Compact 12.118ms
[55.367s][info][gc,heap        ] GC(281) PSYoungGen: 80672K(512512K)->0K(520192K) Eden: 0K(91136K)->0K(91136K) From: 80672K(421376K)->0K(429056K)
[55.367s][info][gc,heap        ] GC(281) ParOldGen: 7838144K(8020992K)->7913404K(8805376K)
[55.367s][info][gc,metaspace   ] GC(281) Metaspace: 6297K(6464K)->6297K(6464K) NonClass: 5764K(5824K)->5764K(5824K) Class: 533K(640K)->533K(640K)
[55.367s][info][gc             ] GC(281) Pause Full (Ergonomics) 7733M->7727M(9107M) 2709.447ms
[55.367s][info][gc,cpu         ] GC(281) User=18.77s Sys=0.05s Real=2.71s
[55.462s][info][gc,start       ] GC(282) Pause Young (Allocation Failure)
[55.570s][info][gc,heap        ] GC(282) PSYoungGen: 91136K(520192K)->91424K(504320K) Eden: 91136K(91136K)->0K(100352K) From: 0K(429056K)->91424K(403968K)
[55.570s][info][gc,heap        ] GC(282) ParOldGen: 7913404K(8805376K)->7913404K(8805376K)
[55.570s][info][gc,metaspace   ] GC(282) Metaspace: 6297K(6464K)->6297K(6464K) NonClass: 5764K(5824K)->5764K(5824K) Class: 533K(640K)->533K(640K)
[55.570s][info][gc             ] GC(282) Pause Young (Allocation Failure) 7816M->7817M(9091M) 108.175ms
[55.570s][info][gc,cpu         ] GC(282) User=0.30s Sys=0.00s Real=0.11s
[55.689s][info][gc,start       ] GC(283) Pause Young (Allocation Failure)
[55.820s][info][gc,heap        ] GC(283) PSYoungGen: 191776K(504320K)->191968K(292352K) Eden: 100352K(100352K)->0K(100352K) From: 91424K(403968K)->191968K(192000K)
[55.820s][info][gc,heap        ] GC(283) ParOldGen: 7913404K(8805376K)->7913404K(8805376K)
[55.821s][info][gc,metaspace   ] GC(283) Metaspace: 6297K(6464K)->6297K(6464K) NonClass: 5764K(5824K)->5764K(5824K) Class: 533K(640K)->533K(640K)
[55.821s][info][gc             ] GC(283) Pause Young (Allocation Failure) 7915M->7915M(8884M) 131.149ms
[55.821s][info][gc,cpu         ] GC(283) User=0.67s Sys=0.00s Real=0.13s
[55.923s][info][gc,start       ] GC(284) Pause Young (Allocation Failure)
[56.098s][info][gc,heap        ] GC(284) PSYoungGen: 292320K(292352K)->292448K(490496K) Eden: 100352K(100352K)->0K(88064K) From: 191968K(192000K)->292448K(402432K)
[56.098s][info][gc,heap        ] GC(284) ParOldGen: 7913404K(8805376K)->7913404K(8805376K)
[56.098s][info][gc,metaspace   ] GC(284) Metaspace: 6297K(6464K)->6297K(6464K) NonClass: 5764K(5824K)->5764K(5824K) Class: 533K(640K)->533K(640K)
[56.098s][info][gc             ] GC(284) Pause Young (Allocation Failure) 8013M->8013M(9078M) 175.116ms
[56.098s][info][gc,cpu         ] GC(284) User=0.72s Sys=0.00s Real=0.17s
[56.196s][info][gc,start       ] GC(285) Pause Young (Allocation Failure)
[56.404s][info][gc,heap        ] GC(285) PSYoungGen: 380512K(490496K)->289440K(513024K) Eden: 88064K(88064K)->0K(88064K) From: 292448K(402432K)->289440K(424960K)
[56.405s][info][gc,heap        ] GC(285) ParOldGen: 7913404K(8805376K)->8005364K(8805376K)
[56.405s][info][gc,metaspace   ] GC(285) Metaspace: 6297K(6464K)->6297K(6464K) NonClass: 5764K(5824K)->5764K(5824K) Class: 533K(640K)->533K(640K)
[56.405s][info][gc             ] GC(285) Pause Young (Allocation Failure) 8099M->8100M(9100M) 208.534ms
[56.405s][info][gc,cpu         ] GC(285) User=1.22s Sys=0.12s Real=0.21s
[56.498s][info][gc,start       ] GC(286) Pause Young (Allocation Failure)
[56.706s][info][gc,heap        ] GC(286) PSYoungGen: 377504K(513024K)->277120K(531968K) Eden: 88064K(88064K)->0K(91136K) From: 289440K(424960K)->277120K(440832K)
[56.706s][info][gc,heap        ] GC(286) ParOldGen: 8005364K(8805376K)->8106620K(8805376K)
[56.706s][info][gc,metaspace   ] GC(286) Metaspace: 6297K(6464K)->6297K(6464K) NonClass: 5764K(5824K)->5764K(5824K) Class: 533K(640K)->533K(640K)
[56.706s][info][gc             ] GC(286) Pause Young (Allocation Failure) 8186M->8187M(9118M) 208.286ms
[56.706s][info][gc,cpu         ] GC(286) User=1.31s Sys=0.06s Real=0.21s
[56.797s][info][gc,start       ] GC(287) Pause Young (Allocation Failure)
[57.006s][info][gc,heap        ] GC(287) PSYoungGen: 368256K(531968K)->267872K(539136K) Eden: 91136K(91136K)->0K(91136K) From: 277120K(440832K)->267872K(448000K)
[57.006s][info][gc,heap        ] GC(287) ParOldGen: 8106620K(8805376K)->8207868K(8805376K)
[57.006s][info][gc,metaspace   ] GC(287) Metaspace: 6297K(6464K)->6297K(6464K) NonClass: 5764K(5824K)->5764K(5824K) Class: 533K(640K)->533K(640K)
[57.006s][info][gc             ] GC(287) Pause Young (Allocation Failure) 8276M->8277M(9125M) 208.574ms
[57.006s][info][gc,cpu         ] GC(287) User=1.14s Sys=0.05s Real=0.21s
[57.111s][info][gc,start       ] GC(288) Pause Young (Allocation Failure)
[57.295s][info][gc,heap        ] GC(288) PSYoungGen: 359008K(539136K)->182784K(510976K) Eden: 91136K(91136K)->0K(102912K) From: 267872K(448000K)->182784K(408064K)
[57.295s][info][gc,heap        ] GC(288) ParOldGen: 8207868K(8805376K)->8385564K(8805376K)
[57.295s][info][gc,metaspace   ] GC(288) Metaspace: 6297K(6464K)->6297K(6464K) NonClass: 5764K(5824K)->5764K(5824K) Class: 533K(640K)->533K(640K)
[57.295s][info][gc             ] GC(288) Pause Young (Allocation Failure) 8366M->8367M(9098M) 183.492ms
[57.295s][info][gc,cpu         ] GC(288) User=1.09s Sys=0.30s Real=0.18s
[57.398s][info][gc,start       ] GC(289) Pause Young (Allocation Failure)
[57.578s][info][gc,heap        ] GC(289) PSYoungGen: 285696K(510976K)->103264K(530944K) Eden: 102912K(102912K)->0K(102912K) From: 182784K(408064K)->103264K(428032K)
[57.578s][info][gc,heap        ] GC(289) ParOldGen: 8385564K(8805376K)->8569476K(8805376K)
[57.578s][info][gc,metaspace   ] GC(289) Metaspace: 6297K(6464K)->6297K(6464K) NonClass: 5764K(5824K)->5764K(5824K) Class: 533K(640K)->533K(640K)
[57.579s][info][gc             ] GC(289) Pause Young (Allocation Failure) 8468M->8469M(9117M) 180.279ms
[57.579s][info][gc,cpu         ] GC(289) User=1.12s Sys=0.09s Real=0.18s
[57.579s][info][gc,start       ] GC(290) Pause Full (Ergonomics)
[57.579s][info][gc,phases,start] GC(290) Marking Phase
[59.667s][info][gc,phases      ] GC(290) Marking Phase 2088.858ms
[59.668s][info][gc,phases,start] GC(290) Summary Phase
[59.668s][info][gc,phases      ] GC(290) Summary Phase 0.228ms
[59.668s][info][gc,phases,start] GC(290) Adjust Roots
[59.668s][info][gc,phases      ] GC(290) Adjust Roots 0.327ms
[59.668s][info][gc,phases,start] GC(290) Compaction Phase
[60.492s][info][gc,phases      ] GC(290) Compaction Phase 823.623ms
[60.492s][info][gc,phases,start] GC(290) Post Compact
[60.508s][info][gc,phases      ] GC(290) Post Compact 15.806ms
[60.511s][info][gc,heap        ] GC(290) PSYoungGen: 103264K(530944K)->0K(539136K) Eden: 0K(102912K)->0K(116224K) From: 103264K(428032K)->0K(422912K)
[60.511s][info][gc,heap        ] GC(290) ParOldGen: 8569476K(8805376K)->8666319K(9659392K)
[60.511s][info][gc,metaspace   ] GC(290) Metaspace: 6297K(6464K)->6297K(6464K) NonClass: 5764K(5824K)->5764K(5824K) Class: 533K(640K)->533K(640K)
[60.511s][info][gc             ] GC(290) Pause Full (Ergonomics) 8469M->8463M(9959M) 2932.516ms
[60.511s][info][gc,cpu         ] GC(290) User=20.92s Sys=0.06s Real=2.93s
[60.637s][info][gc,start       ] GC(291) Pause Young (Allocation Failure)
[60.734s][info][gc,heap        ] GC(291) PSYoungGen: 116224K(539136K)->116544K(539136K) Eden: 116224K(116224K)->0K(116224K) From: 0K(422912K)->116544K(422912K)
[60.734s][info][gc,heap        ] GC(291) ParOldGen: 8666319K(9659392K)->8666319K(9659392K)
[60.734s][info][gc,metaspace   ] GC(291) Metaspace: 6297K(6464K)->6297K(6464K) NonClass: 5764K(5824K)->5764K(5824K) Class: 533K(640K)->533K(640K)
[60.734s][info][gc             ] GC(291) Pause Young (Allocation Failure) 8576M->8577M(9959M) 97.331ms
[60.734s][info][gc,cpu         ] GC(291) User=0.30s Sys=0.00s Real=0.10s
[60.857s][info][gc,start       ] GC(292) Pause Young (Allocation Failure)
[61.005s][info][gc,heap        ] GC(292) PSYoungGen: 232768K(539136K)->233024K(531456K) Eden: 116224K(116224K)->0K(128000K) From: 116544K(422912K)->233024K(403456K)
[61.005s][info][gc,heap        ] GC(292) ParOldGen: 8666319K(9659392K)->8666319K(9659392K)
[61.005s][info][gc,metaspace   ] GC(292) Metaspace: 6297K(6464K)->6297K(6464K) NonClass: 5764K(5824K)->5764K(5824K) Class: 533K(640K)->533K(640K)
[61.005s][info][gc             ] GC(292) Pause Young (Allocation Failure) 8690M->8690M(9952M) 148.459ms
[61.006s][info][gc,cpu         ] GC(292) User=0.72s Sys=0.00s Real=0.15s
[61.153s][info][gc,start       ] GC(293) Pause Young (Allocation Failure)
[61.349s][info][gc,heap        ] GC(293) PSYoungGen: 361024K(531456K)->361248K(536064K) Eden: 128000K(128000K)->0K(128000K) From: 233024K(403456K)->361248K(408064K)
[61.349s][info][gc,heap        ] GC(293) ParOldGen: 8666319K(9659392K)->8666319K(9659392K)
[61.349s][info][gc,metaspace   ] GC(293) Metaspace: 6297K(6464K)->6297K(6464K) NonClass: 5764K(5824K)->5764K(5824K) Class: 533K(640K)->533K(640K)
[61.349s][info][gc             ] GC(293) Pause Young (Allocation Failure) 8815M->8815M(9956M) 195.388ms
[61.349s][info][gc,cpu         ] GC(293) User=1.36s Sys=0.00s Real=0.19s
[61.483s][info][gc,start       ] GC(294) Pause Young (Allocation Failure)
[61.761s][info][gc,heap        ] GC(294) PSYoungGen: 489248K(536064K)->373088K(552960K) Eden: 128000K(128000K)->0K(103936K) From: 361248K(408064K)->373088K(449024K)
[61.761s][info][gc,heap        ] GC(294) ParOldGen: 8666319K(9659392K)->8783599K(9659392K)
[61.761s][info][gc,metaspace   ] GC(294) Metaspace: 6297K(6464K)->6297K(6464K) NonClass: 5764K(5824K)->5764K(5824K) Class: 533K(640K)->533K(640K)
[61.761s][info][gc             ] GC(294) Pause Young (Allocation Failure) 8940M->8942M(9973M) 277.594ms
[61.761s][info][gc,cpu         ] GC(294) User=1.98s Sys=0.14s Real=0.28s
[61.890s][info][gc,start       ] GC(295) Pause Young (Allocation Failure)
[62.161s][info][gc,heap        ] GC(295) PSYoungGen: 477024K(552960K)->360768K(590336K) Eden: 103936K(103936K)->0K(103936K) From: 373088K(449024K)->360768K(486400K)
[62.161s][info][gc,heap        ] GC(295) ParOldGen: 8783599K(9659392K)->8900879K(9659392K)
[62.161s][info][gc,metaspace   ] GC(295) Metaspace: 6297K(6464K)->6297K(6464K) NonClass: 5764K(5824K)->5764K(5824K) Class: 533K(640K)->533K(640K)
[62.161s][info][gc             ] GC(295) Pause Young (Allocation Failure) 9043M->9044M(10009M) 271.195ms
[62.161s][info][gc,cpu         ] GC(295) User=1.72s Sys=0.06s Real=0.27s
[62.267s][info][gc,start       ] GC(296) Pause Young (Allocation Failure)
[62.519s][info][gc,heap        ] GC(296) PSYoungGen: 464704K(590336K)->336640K(617472K) Eden: 103936K(103936K)->0K(107008K) From: 360768K(486400K)->336640K(510464K)
[62.519s][info][gc,heap        ] GC(296) ParOldGen: 8900879K(9659392K)->9030023K(9659392K)
[62.519s][info][gc,metaspace   ] GC(296) Metaspace: 6297K(6464K)->6297K(6464K) NonClass: 5764K(5824K)->5764K(5824K) Class: 533K(640K)->533K(640K)
[62.519s][info][gc             ] GC(296) Pause Young (Allocation Failure) 9146M->9147M(10036M) 252.686ms
[62.519s][info][gc,cpu         ] GC(296) User=1.80s Sys=0.09s Real=0.25s
[62.646s][info][gc,start       ] GC(297) Pause Young (Allocation Failure)
[62.895s][info][gc,heap        ] GC(297) PSYoungGen: 443648K(617472K)->211424K(318464K) Eden: 107008K(107008K)->0K(107008K) From: 336640K(510464K)->211424K(211456K)
[62.895s][info][gc,heap        ] GC(297) ParOldGen: 9030023K(9659392K)->9264071K(9659392K)
[62.895s][info][gc,metaspace   ] GC(297) Metaspace: 6297K(6464K)->6297K(6464K) NonClass: 5764K(5824K)->5764K(5824K) Class: 533K(640K)->533K(640K)
[62.895s][info][gc             ] GC(297) Pause Young (Allocation Failure) 9251M->9253M(9744M) 249.471ms
[62.895s][info][gc,cpu         ] GC(297) User=1.64s Sys=0.06s Real=0.25s
[63.007s][info][gc,start       ] GC(298) Pause Young (Allocation Failure)
[63.210s][info][gc,heap        ] GC(298) PSYoungGen: 318432K(318464K)->107360K(615424K) Eden: 107008K(107008K)->0K(120832K) From: 211424K(211456K)->107360K(494592K)
[63.210s][info][gc,heap        ] GC(298) ParOldGen: 9264071K(9659392K)->9476895K(9659392K)
[63.210s][info][gc,metaspace   ] GC(298) Metaspace: 6297K(6464K)->6297K(6464K) NonClass: 5764K(5824K)->5764K(5824K) Class: 533K(640K)->533K(640K)
[63.210s][info][gc             ] GC(298) Pause Young (Allocation Failure) 9357M->9359M(10034M) 203.160ms
[63.210s][info][gc,cpu         ] GC(298) User=1.09s Sys=0.11s Real=0.20s
[63.210s][info][gc,start       ] GC(299) Pause Full (Ergonomics)
[63.210s][info][gc,phases,start] GC(299) Marking Phase
[65.512s][info][gc,phases      ] GC(299) Marking Phase 2302.450ms
[65.513s][info][gc,phases,start] GC(299) Summary Phase
[65.513s][info][gc,phases      ] GC(299) Summary Phase 0.153ms
[65.513s][info][gc,phases,start] GC(299) Adjust Roots
[65.513s][info][gc,phases      ] GC(299) Adjust Roots 0.235ms
[65.513s][info][gc,phases,start] GC(299) Compaction Phase
[66.444s][info][gc,phases      ] GC(299) Compaction Phase 931.359ms
[66.444s][info][gc,phases,start] GC(299) Post Compact
[66.459s][info][gc,phases      ] GC(299) Post Compact 14.708ms
[66.459s][info][gc,heap        ] GC(299) PSYoungGen: 107360K(615424K)->0K(617472K) Eden: 0K(120832K)->0K(120832K) From: 107360K(494592K)->0K(496640K)
[66.459s][info][gc,heap        ] GC(299) ParOldGen: 9476895K(9659392K)->9576410K(9694208K)
[66.459s][info][gc,metaspace   ] GC(299) Metaspace: 6297K(6464K)->6297K(6464K) NonClass: 5764K(5824K)->5764K(5824K) Class: 533K(640K)->533K(640K)
[66.459s][info][gc             ] GC(299) Pause Full (Ergonomics) 9359M->9351M(10070M) 3249.435ms
[66.459s][info][gc,cpu         ] GC(299) User=23.86s Sys=0.05s Real=3.25s
[66.597s][info][gc,start       ] GC(300) Pause Full (Ergonomics)
[66.597s][info][gc,phases,start] GC(300) Marking Phase
[68.857s][info][gc,phases      ] GC(300) Marking Phase 2259.418ms
[68.857s][info][gc,phases,start] GC(300) Summary Phase
[68.857s][info][gc,phases      ] GC(300) Summary Phase 0.127ms
[68.857s][info][gc,phases,start] GC(300) Adjust Roots
[68.857s][info][gc,phases      ] GC(300) Adjust Roots 0.232ms
[68.857s][info][gc,phases,start] GC(300) Compaction Phase
[69.641s][info][gc,phases      ] GC(300) Compaction Phase 783.856ms
[69.641s][info][gc,phases,start] GC(300) Post Compact
[69.658s][info][gc,phases      ] GC(300) Post Compact 16.617ms
[69.658s][info][gc,heap        ] GC(300) PSYoungGen: 120832K(617472K)->3070K(617472K) Eden: 120832K(120832K)->3070K(120832K) From: 0K(496640K)->0K(496640K)
[69.658s][info][gc,heap        ] GC(300) ParOldGen: 9576410K(9694208K)->9694143K(9694208K)
[69.658s][info][gc,metaspace   ] GC(300) Metaspace: 6297K(6464K)->6297K(6464K) NonClass: 5764K(5824K)->5764K(5824K) Class: 533K(640K)->533K(640K)
[69.658s][info][gc             ] GC(300) Pause Full (Ergonomics) 9469M->9469M(10070M) 3060.639ms
[69.658s][info][gc,cpu         ] GC(300) User=22.39s Sys=0.03s Real=3.06s
[69.770s][info][gc,start       ] GC(301) Pause Full (Ergonomics)
[69.770s][info][gc,phases,start] GC(301) Marking Phase
[72.007s][info][gc,phases      ] GC(301) Marking Phase 2237.087ms
[72.007s][info][gc,phases,start] GC(301) Summary Phase
[72.007s][info][gc,phases      ] GC(301) Summary Phase 0.110ms
[72.008s][info][gc,phases,start] GC(301) Adjust Roots
[72.008s][info][gc,phases      ] GC(301) Adjust Roots 0.186ms
[72.008s][info][gc,phases,start] GC(301) Compaction Phase
[72.710s][info][gc,phases      ] GC(301) Compaction Phase 702.222ms
[72.710s][info][gc,phases,start] GC(301) Post Compact
[72.724s][info][gc,phases      ] GC(301) Post Compact 13.688ms
[72.724s][info][gc,heap        ] GC(301) PSYoungGen: 120832K(617472K)->120804K(617472K) Eden: 120832K(120832K)->120804K(120832K) From: 0K(496640K)->0K(496640K)
[72.724s][info][gc,heap        ] GC(301) ParOldGen: 9694143K(9694208K)->9694143K(9694208K)
[72.724s][info][gc,metaspace   ] GC(301) Metaspace: 6297K(6464K)->6297K(6464K) NonClass: 5764K(5824K)->5764K(5824K) Class: 533K(640K)->533K(640K)
[72.724s][info][gc             ] GC(301) Pause Full (Ergonomics) 9584M->9584M(10070M) 2953.679ms
[72.724s][info][gc,cpu         ] GC(301) User=22.69s Sys=0.02s Real=2.95s
[72.724s][info][gc,start       ] GC(302) Pause Full (Ergonomics)
[72.724s][info][gc,phases,start] GC(302) Marking Phase
[74.965s][info][gc,phases      ] GC(302) Marking Phase 2240.737ms
[74.965s][info][gc,phases,start] GC(302) Summary Phase
[74.965s][info][gc,phases      ] GC(302) Summary Phase 0.112ms
[74.965s][info][gc,phases,start] GC(302) Adjust Roots
[74.965s][info][gc,phases      ] GC(302) Adjust Roots 0.196ms
[74.965s][info][gc,phases,start] GC(302) Compaction Phase
[75.679s][info][gc,phases      ] GC(302) Compaction Phase 713.662ms
[75.679s][info][gc,phases,start] GC(302) Post Compact
[75.692s][info][gc,phases      ] GC(302) Post Compact 13.325ms
[75.692s][info][gc,heap        ] GC(302) PSYoungGen: 120832K(617472K)->120831K(617472K) Eden: 120832K(120832K)->120831K(120832K) From: 0K(496640K)->0K(496640K)
[75.692s][info][gc,heap        ] GC(302) ParOldGen: 9694143K(9694208K)->9694143K(9694208K)
[75.692s][info][gc,metaspace   ] GC(302) Metaspace: 6297K(6464K)->6297K(6464K) NonClass: 5764K(5824K)->5764K(5824K) Class: 533K(640K)->533K(640K)
[75.692s][info][gc             ] GC(302) Pause Full (Ergonomics) 9584M->9584M(10070M) 2968.377ms
[75.692s][info][gc,cpu         ] GC(302) User=22.77s Sys=0.00s Real=2.97s
[75.693s][info][gc,start       ] GC(303) Pause Full (Ergonomics)
[75.693s][info][gc,phases,start] GC(303) Marking Phase
[77.942s][info][gc,phases      ] GC(303) Marking Phase 2249.861ms
[77.942s][info][gc,phases,start] GC(303) Summary Phase
[77.943s][info][gc,phases      ] GC(303) Summary Phase 0.096ms
[77.943s][info][gc,phases,start] GC(303) Adjust Roots
[77.943s][info][gc,phases      ] GC(303) Adjust Roots 0.193ms
[77.943s][info][gc,phases,start] GC(303) Compaction Phase
[78.621s][info][gc,phases      ] GC(303) Compaction Phase 678.438ms
[78.621s][info][gc,phases,start] GC(303) Post Compact
[78.634s][info][gc,phases      ] GC(303) Post Compact 12.188ms
[78.634s][info][gc,heap        ] GC(303) PSYoungGen: 120831K(617472K)->120831K(617472K) Eden: 120831K(120832K)->120831K(120832K) From: 0K(496640K)->0K(496640K)
[78.634s][info][gc,heap        ] GC(303) ParOldGen: 9694143K(9694208K)->9694143K(9694208K)
[78.634s][info][gc,metaspace   ] GC(303) Metaspace: 6297K(6464K)->6297K(6464K) NonClass: 5764K(5824K)->5764K(5824K) Class: 533K(640K)->533K(640K)
[78.634s][info][gc             ] GC(303) Pause Full (Ergonomics) 9584M->9584M(10070M) 2941.082ms
[78.634s][info][gc,cpu         ] GC(303) User=23.05s Sys=0.00s Real=2.94s
[78.634s][info][gc,start       ] GC(304) Pause Full (Ergonomics)
[78.634s][info][gc,phases,start] GC(304) Marking Phase
[80.893s][info][gc,phases      ] GC(304) Marking Phase 2259.321ms
[80.893s][info][gc,phases,start] GC(304) Summary Phase
[80.893s][info][gc,phases      ] GC(304) Summary Phase 0.090ms
[80.893s][info][gc,phases,start] GC(304) Adjust Roots
[80.894s][info][gc,phases      ] GC(304) Adjust Roots 0.161ms
[80.894s][info][gc,phases,start] GC(304) Compaction Phase
[81.579s][info][gc,phases      ] GC(304) Compaction Phase 685.384ms
[81.579s][info][gc,phases,start] GC(304) Post Compact
[81.591s][info][gc,phases      ] GC(304) Post Compact 11.954ms
[81.591s][info][gc,heap        ] GC(304) PSYoungGen: 120832K(617472K)->120832K(617472K) Eden: 120832K(120832K)->120832K(120832K) From: 0K(496640K)->0K(496640K)
[81.591s][info][gc,heap        ] GC(304) ParOldGen: 9694148K(9694208K)->9694148K(9694208K)
[81.591s][info][gc,metaspace   ] GC(304) Metaspace: 6297K(6464K)->6297K(6464K) NonClass: 5764K(5824K)->5764K(5824K) Class: 533K(640K)->533K(640K)
[81.591s][info][gc             ] GC(304) Pause Full (Ergonomics) 9584M->9584M(10070M) 2957.250ms
[81.591s][info][gc,cpu         ] GC(304) User=23.03s Sys=0.00s Real=2.96s
[81.591s][info][gc,start       ] GC(305) Pause Full (Ergonomics)
[81.591s][info][gc,phases,start] GC(305) Marking Phase
[83.866s][info][gc,phases      ] GC(305) Marking Phase 2274.605ms
[83.866s][info][gc,phases,start] GC(305) Summary Phase
[83.866s][info][gc,phases      ] GC(305) Summary Phase 0.102ms
[83.866s][info][gc,phases,start] GC(305) Adjust Roots
[83.866s][info][gc,phases      ] GC(305) Adjust Roots 0.168ms
[83.866s][info][gc,phases,start] GC(305) Compaction Phase
[84.567s][info][gc,phases      ] GC(305) Compaction Phase 700.291ms
[84.567s][info][gc,phases,start] GC(305) Post Compact
[84.581s][info][gc,phases      ] GC(305) Post Compact 14.140ms
[84.581s][info][gc,heap        ] GC(305) PSYoungGen: 120832K(617472K)->120832K(617472K) Eden: 120832K(120832K)->120832K(120832K) From: 0K(496640K)->0K(496640K)
[84.581s][info][gc,heap        ] GC(305) ParOldGen: 9694152K(9694208K)->9694152K(9694208K)
[84.581s][info][gc,metaspace   ] GC(305) Metaspace: 6297K(6464K)->6297K(6464K) NonClass: 5764K(5824K)->5764K(5824K) Class: 533K(640K)->533K(640K)
[84.581s][info][gc             ] GC(305) Pause Full (Ergonomics) 9584M->9584M(10070M) 2989.656ms
[84.581s][info][gc,cpu         ] GC(305) User=23.31s Sys=0.00s Real=2.99s
[84.581s][info][gc,start       ] GC(306) Pause Full (Ergonomics)
[84.581s][info][gc,phases,start] GC(306) Marking Phase
[86.858s][info][gc,phases      ] GC(306) Marking Phase 2276.340ms
[86.858s][info][gc,phases,start] GC(306) Summary Phase
[86.858s][info][gc,phases      ] GC(306) Summary Phase 0.105ms
[86.858s][info][gc,phases,start] GC(306) Adjust Roots
[86.858s][info][gc,phases      ] GC(306) Adjust Roots 0.171ms
[86.858s][info][gc,phases,start] GC(306) Compaction Phase
[87.550s][info][gc,phases      ] GC(306) Compaction Phase 692.258ms
[87.550s][info][gc,phases,start] GC(306) Post Compact
[87.563s][info][gc,phases      ] GC(306) Post Compact 12.461ms
[87.563s][info][gc,heap        ] GC(306) PSYoungGen: 120832K(617472K)->120832K(617472K) Eden: 120832K(120832K)->120832K(120832K) From: 0K(496640K)->0K(496640K)
[87.563s][info][gc,heap        ] GC(306) ParOldGen: 9694157K(9694208K)->9694157K(9694208K)
[87.563s][info][gc,metaspace   ] GC(306) Metaspace: 6297K(6464K)->6297K(6464K) NonClass: 5764K(5824K)->5764K(5824K) Class: 533K(640K)->533K(640K)
[87.563s][info][gc             ] GC(306) Pause Full (Ergonomics) 9584M->9584M(10070M) 2981.683ms
[87.563s][info][gc,cpu         ] GC(306) User=23.22s Sys=0.00s Real=2.98s
[87.563s][info][gc,start       ] GC(307) Pause Full (Ergonomics)
[87.563s][info][gc,phases,start] GC(307) Marking Phase
[89.832s][info][gc,phases      ] GC(307) Marking Phase 2269.208ms
[89.832s][info][gc,phases,start] GC(307) Summary Phase
[89.833s][info][gc,phases      ] GC(307) Summary Phase 0.126ms
[89.833s][info][gc,phases,start] GC(307) Adjust Roots
[89.833s][info][gc,phases      ] GC(307) Adjust Roots 0.199ms
[89.833s][info][gc,phases,start] GC(307) Compaction Phase
[90.527s][info][gc,phases      ] GC(307) Compaction Phase 694.591ms
[90.527s][info][gc,phases,start] GC(307) Post Compact
[90.541s][info][gc,phases      ] GC(307) Post Compact 13.916ms
[90.541s][info][gc,heap        ] GC(307) PSYoungGen: 120832K(617472K)->120832K(617472K) Eden: 120832K(120832K)->120832K(120832K) From: 0K(496640K)->0K(496640K)
[90.541s][info][gc,heap        ] GC(307) ParOldGen: 9694162K(9694208K)->9694162K(9694208K)
[90.541s][info][gc,metaspace   ] GC(307) Metaspace: 6297K(6464K)->6297K(6464K) NonClass: 5764K(5824K)->5764K(5824K) Class: 533K(640K)->533K(640K)
[90.541s][info][gc             ] GC(307) Pause Full (Ergonomics) 9584M->9584M(10070M) 2978.432ms
[90.542s][info][gc,cpu         ] GC(307) User=23.34s Sys=0.00s Real=2.98s
[90.542s][info][gc,start       ] GC(308) Pause Full (Ergonomics)
[90.542s][info][gc,phases,start] GC(308) Marking Phase
[92.824s][info][gc,phases      ] GC(308) Marking Phase 2282.343ms
[92.824s][info][gc,phases,start] GC(308) Summary Phase
[92.824s][info][gc,phases      ] GC(308) Summary Phase 0.099ms
[92.824s][info][gc,phases,start] GC(308) Adjust Roots
[92.825s][info][gc,phases      ] GC(308) Adjust Roots 0.249ms
[92.825s][info][gc,phases,start] GC(308) Compaction Phase
[93.516s][info][gc,phases      ] GC(308) Compaction Phase 691.496ms
[93.516s][info][gc,phases,start] GC(308) Post Compact
[93.529s][info][gc,phases      ] GC(308) Post Compact 13.079ms
[93.529s][info][gc,heap        ] GC(308) PSYoungGen: 120832K(617472K)->120832K(617472K) Eden: 120832K(120832K)->120832K(120832K) From: 0K(496640K)->0K(496640K)
[93.529s][info][gc,heap        ] GC(308) ParOldGen: 9694167K(9694208K)->9694167K(9694208K)
[93.529s][info][gc,metaspace   ] GC(308) Metaspace: 6297K(6464K)->6297K(6464K) NonClass: 5764K(5824K)->5764K(5824K) Class: 533K(640K)->533K(640K)
[93.529s][info][gc             ] GC(308) Pause Full (Ergonomics) 9584M->9584M(10070M) 2987.602ms
[93.529s][info][gc,cpu         ] GC(308) User=23.39s Sys=0.00s Real=2.99s
[93.530s][info][gc,start       ] GC(309) Pause Full (Ergonomics)
[93.530s][info][gc,phases,start] GC(309) Marking Phase
[95.798s][info][gc,phases      ] GC(309) Marking Phase 2268.011ms
[95.798s][info][gc,phases,start] GC(309) Summary Phase
[95.798s][info][gc,phases      ] GC(309) Summary Phase 0.105ms
[95.798s][info][gc,phases,start] GC(309) Adjust Roots
[95.798s][info][gc,phases      ] GC(309) Adjust Roots 0.204ms
[95.798s][info][gc,phases,start] GC(309) Compaction Phase
[96.483s][info][gc,phases      ] GC(309) Compaction Phase 684.603ms
[96.483s][info][gc,phases,start] GC(309) Post Compact
[96.495s][info][gc,phases      ] GC(309) Post Compact 12.008ms
[96.495s][info][gc,heap        ] GC(309) PSYoungGen: 120832K(617472K)->120832K(617472K) Eden: 120832K(120832K)->120832K(120832K) From: 0K(496640K)->0K(496640K)
[96.495s][info][gc,heap        ] GC(309) ParOldGen: 9694172K(9694208K)->9694172K(9694208K)
[96.495s][info][gc,metaspace   ] GC(309) Metaspace: 6297K(6464K)->6297K(6464K) NonClass: 5764K(5824K)->5764K(5824K) Class: 533K(640K)->533K(640K)
[96.495s][info][gc             ] GC(309) Pause Full (Ergonomics) 9584M->9584M(10070M) 2965.260ms
[96.495s][info][gc,cpu         ] GC(309) User=23.31s Sys=0.00s Real=2.97s
[96.495s][info][gc,start       ] GC(310) Pause Full (Ergonomics)
[96.495s][info][gc,phases,start] GC(310) Marking Phase
[98.775s][info][gc,phases      ] GC(310) Marking Phase 2279.805ms
[98.775s][info][gc,phases,start] GC(310) Summary Phase
[98.775s][info][gc,phases      ] GC(310) Summary Phase 0.124ms
[98.775s][info][gc,phases,start] GC(310) Adjust Roots
[98.775s][info][gc,phases      ] GC(310) Adjust Roots 0.166ms
[98.775s][info][gc,phases,start] GC(310) Compaction Phase
[99.474s][info][gc,phases      ] GC(310) Compaction Phase 698.383ms
[99.474s][info][gc,phases,start] GC(310) Post Compact
[99.487s][info][gc,phases      ] GC(310) Post Compact 13.321ms
[99.487s][info][gc,heap        ] GC(310) PSYoungGen: 120832K(617472K)->120832K(617472K) Eden: 120832K(120832K)->120832K(120832K) From: 0K(496640K)->0K(496640K)
[99.487s][info][gc,heap        ] GC(310) ParOldGen: 9694177K(9694208K)->9694177K(9694208K)
[99.487s][info][gc,metaspace   ] GC(310) Metaspace: 6297K(6464K)->6297K(6464K) NonClass: 5764K(5824K)->5764K(5824K) Class: 533K(640K)->533K(640K)
[99.487s][info][gc             ] GC(310) Pause Full (Ergonomics) 9584M->9584M(10070M) 2992.138ms
[99.487s][info][gc,cpu         ] GC(310) User=23.39s Sys=0.02s Real=2.99s
[99.487s][info][gc,start       ] GC(311) Pause Full (Ergonomics)
[99.487s][info][gc,phases,start] GC(311) Marking Phase
[101.770s][info][gc,phases      ] GC(311) Marking Phase 2282.866ms
[101.770s][info][gc,phases,start] GC(311) Summary Phase
[101.770s][info][gc,phases      ] GC(311) Summary Phase 0.105ms
[101.770s][info][gc,phases,start] GC(311) Adjust Roots
[101.771s][info][gc,phases      ] GC(311) Adjust Roots 0.170ms
[101.771s][info][gc,phases,start] GC(311) Compaction Phase
[102.496s][info][gc,phases      ] GC(311) Compaction Phase 724.869ms
[102.496s][info][gc,phases,start] GC(311) Post Compact
[102.509s][info][gc,phases      ] GC(311) Post Compact 13.877ms
[102.510s][info][gc,heap        ] GC(311) PSYoungGen: 120832K(617472K)->120832K(617472K) Eden: 120832K(120832K)->120832K(120832K) From: 0K(496640K)->0K(496640K)
[102.510s][info][gc,heap        ] GC(311) ParOldGen: 9694181K(9694208K)->9694181K(9694208K)
[102.510s][info][gc,metaspace   ] GC(311) Metaspace: 6297K(6464K)->6297K(6464K) NonClass: 5764K(5824K)->5764K(5824K) Class: 533K(640K)->533K(640K)
[102.510s][info][gc             ] GC(311) Pause Full (Ergonomics) 9584M->9584M(10070M) 3022.227ms
[102.510s][info][gc,cpu         ] GC(311) User=23.12s Sys=0.00s Real=3.02s
[102.510s][info][gc,start       ] GC(312) Pause Full (Ergonomics)
[102.510s][info][gc,phases,start] GC(312) Marking Phase
[104.786s][info][gc,phases      ] GC(312) Marking Phase 2276.342ms
[104.786s][info][gc,phases,start] GC(312) Summary Phase
[104.786s][info][gc,phases      ] GC(312) Summary Phase 0.097ms
[104.786s][info][gc,phases,start] GC(312) Adjust Roots
[104.787s][info][gc,phases      ] GC(312) Adjust Roots 0.218ms
[104.787s][info][gc,phases,start] GC(312) Compaction Phase
[105.491s][info][gc,phases      ] GC(312) Compaction Phase 704.057ms
[105.491s][info][gc,phases,start] GC(312) Post Compact
[105.505s][info][gc,phases      ] GC(312) Post Compact 13.818ms
[105.505s][info][gc,heap        ] GC(312) PSYoungGen: 120832K(617472K)->120832K(617472K) Eden: 120832K(120832K)->120832K(120832K) From: 0K(496640K)->0K(496640K)
[105.505s][info][gc,heap        ] GC(312) ParOldGen: 9694186K(9694208K)->9694186K(9694208K)
[105.505s][info][gc,metaspace   ] GC(312) Metaspace: 6297K(6464K)->6297K(6464K) NonClass: 5764K(5824K)->5764K(5824K) Class: 533K(640K)->533K(640K)
[105.505s][info][gc             ] GC(312) Pause Full (Ergonomics) 9584M->9584M(10070M) 2994.886ms
[105.505s][info][gc,cpu         ] GC(312) User=23.16s Sys=0.02s Real=3.00s
[105.505s][info][gc,start       ] GC(313) Pause Full (Ergonomics)
[105.505s][info][gc,phases,start] GC(313) Marking Phase
[107.755s][info][gc,phases      ] GC(313) Marking Phase 2250.322ms
[107.755s][info][gc,phases,start] GC(313) Summary Phase
[107.755s][info][gc,phases      ] GC(313) Summary Phase 0.091ms
[107.755s][info][gc,phases,start] GC(313) Adjust Roots
[107.756s][info][gc,phases      ] GC(313) Adjust Roots 0.166ms
[107.756s][info][gc,phases,start] GC(313) Compaction Phase
[108.445s][info][gc,phases      ] GC(313) Compaction Phase 689.860ms
[108.445s][info][gc,phases,start] GC(313) Post Compact
[108.458s][info][gc,phases      ] GC(313) Post Compact 12.739ms
[108.458s][info][gc,heap        ] GC(313) PSYoungGen: 120832K(617472K)->120832K(617472K) Eden: 120832K(120832K)->120832K(120832K) From: 0K(496640K)->0K(496640K)
[108.458s][info][gc,heap        ] GC(313) ParOldGen: 9694191K(9694208K)->9694191K(9694208K)
[108.458s][info][gc,metaspace   ] GC(313) Metaspace: 6297K(6464K)->6297K(6464K) NonClass: 5764K(5824K)->5764K(5824K) Class: 533K(640K)->533K(640K)
[108.458s][info][gc             ] GC(313) Pause Full (Ergonomics) 9584M->9584M(10070M) 2953.507ms
[108.458s][info][gc,cpu         ] GC(313) User=22.98s Sys=0.00s Real=2.95s
[108.459s][info][gc,start       ] GC(314) Pause Full (Ergonomics)
[108.459s][info][gc,phases,start] GC(314) Marking Phase
[110.733s][info][gc,phases      ] GC(314) Marking Phase 2273.997ms
[110.733s][info][gc,phases,start] GC(314) Summary Phase
[110.733s][info][gc,phases      ] GC(314) Summary Phase 0.092ms
[110.733s][info][gc,phases,start] GC(314) Adjust Roots
[110.733s][info][gc,phases      ] GC(314) Adjust Roots 0.191ms
[110.733s][info][gc,phases,start] GC(314) Compaction Phase
[111.441s][info][gc,phases      ] GC(314) Compaction Phase 707.615ms
[111.441s][info][gc,phases,start] GC(314) Post Compact
[111.454s][info][gc,phases      ] GC(314) Post Compact 13.045ms
[111.454s][info][gc,heap        ] GC(314) PSYoungGen: 120832K(617472K)->120832K(617472K) Eden: 120832K(120832K)->120832K(120832K) From: 0K(496640K)->0K(496640K)
[111.454s][info][gc,heap        ] GC(314) ParOldGen: 9694196K(9694208K)->9694196K(9694208K)
[111.454s][info][gc,metaspace   ] GC(314) Metaspace: 6297K(6464K)->6297K(6464K) NonClass: 5764K(5824K)->5764K(5824K) Class: 533K(640K)->533K(640K)
[111.454s][info][gc             ] GC(314) Pause Full (Ergonomics) 9584M->9584M(10070M) 2995.274ms
[111.454s][info][gc,cpu         ] GC(314) User=23.00s Sys=0.00s Real=3.00s
[111.454s][info][gc,start       ] GC(315) Pause Full (Ergonomics)
[111.454s][info][gc,phases,start] GC(315) Marking Phase
[113.750s][info][gc,phases      ] GC(315) Marking Phase 2295.917ms
[113.750s][info][gc,phases,start] GC(315) Summary Phase
[113.750s][info][gc,phases      ] GC(315) Summary Phase 0.119ms
[113.750s][info][gc,phases,start] GC(315) Adjust Roots
[113.750s][info][gc,phases      ] GC(315) Adjust Roots 0.280ms
[113.750s][info][gc,phases,start] GC(315) Compaction Phase
[114.515s][info][gc,phases      ] GC(315) Compaction Phase 764.382ms
[114.515s][info][gc,phases,start] GC(315) Post Compact
[114.528s][info][gc,phases      ] GC(315) Post Compact 13.065ms
[114.528s][info][gc,heap        ] GC(315) PSYoungGen: 120832K(617472K)->120832K(617472K) Eden: 120832K(120832K)->120832K(120832K) From: 0K(496640K)->0K(496640K)
[114.528s][info][gc,heap        ] GC(315) ParOldGen: 9694201K(9694208K)->9694201K(9694208K)
[114.528s][info][gc,metaspace   ] GC(315) Metaspace: 6297K(6464K)->6297K(6464K) NonClass: 5764K(5824K)->5764K(5824K) Class: 533K(640K)->533K(640K)
[114.528s][info][gc             ] GC(315) Pause Full (Ergonomics) 9584M->9584M(10070M) 3074.118ms
[114.528s][info][gc,cpu         ] GC(315) User=22.73s Sys=0.02s Real=3.07s
[114.528s][info][gc,start       ] GC(316) Pause Full (Ergonomics)
[114.528s][info][gc,phases,start] GC(316) Marking Phase
[116.806s][info][gc,phases      ] GC(316) Marking Phase 2277.428ms
[116.806s][info][gc,phases,start] GC(316) Summary Phase
[116.806s][info][gc,phases      ] GC(316) Summary Phase 0.093ms
[116.806s][info][gc,phases,start] GC(316) Adjust Roots
[116.806s][info][gc,phases      ] GC(316) Adjust Roots 0.197ms
[116.806s][info][gc,phases,start] GC(316) Compaction Phase
[117.552s][info][gc,phases      ] GC(316) Compaction Phase 745.783ms
[117.552s][info][gc,phases,start] GC(316) Post Compact
[117.567s][info][gc,phases      ] GC(316) Post Compact 14.488ms
[117.567s][info][gc,heap        ] GC(316) PSYoungGen: 120832K(617472K)->120832K(617472K) Eden: 120832K(120832K)->120832K(120832K) From: 0K(496640K)->0K(496640K)
[117.567s][info][gc,heap        ] GC(316) ParOldGen: 9694206K(9694208K)->9694206K(9694208K)
[117.567s][info][gc,metaspace   ] GC(316) Metaspace: 6297K(6464K)->6297K(6464K) NonClass: 5764K(5824K)->5764K(5824K) Class: 533K(640K)->533K(640K)
[117.567s][info][gc             ] GC(316) Pause Full (Ergonomics) 9584M->9584M(10070M) 3038.321ms
[117.567s][info][gc,cpu         ] GC(316) User=23.03s Sys=0.00s Real=3.04s
[117.567s][info][gc,start       ] GC(317) Pause Full (Ergonomics)
[117.567s][info][gc,phases,start] GC(317) Marking Phase
[119.858s][info][gc,phases      ] GC(317) Marking Phase 2291.048ms
[119.858s][info][gc,phases,start] GC(317) Summary Phase
[119.858s][info][gc,phases      ] GC(317) Summary Phase 0.089ms
[119.858s][info][gc,phases,start] GC(317) Adjust Roots
[119.858s][info][gc,phases      ] GC(317) Adjust Roots 0.170ms
[119.858s][info][gc,phases,start] GC(317) Compaction Phase
[120.529s][info][gc,phases      ] GC(317) Compaction Phase 670.270ms
[120.529s][info][gc,phases,start] GC(317) Post Compact
[120.542s][info][gc,phases      ] GC(317) Post Compact 13.662ms
[120.542s][info][gc,heap        ] GC(317) PSYoungGen: 120832K(617472K)->120832K(617472K) Eden: 120832K(120832K)->120832K(120832K) From: 0K(496640K)->0K(496640K)
[120.542s][info][gc,heap        ] GC(317) ParOldGen: 9694207K(9694208K)->9694207K(9694208K)
[120.542s][info][gc,metaspace   ] GC(317) Metaspace: 6297K(6464K)->6297K(6464K) NonClass: 5764K(5824K)->5764K(5824K) Class: 533K(640K)->533K(640K)
[120.542s][info][gc             ] GC(317) Pause Full (Ergonomics) 9584M->9584M(10070M) 2975.582ms
[120.542s][info][gc,cpu         ] GC(317) User=22.94s Sys=0.05s Real=2.97s
[120.542s][info][gc,start       ] GC(318) Pause Full (Allocation Failure)
[120.542s][info][gc,phases,start] GC(318) Marking Phase
[122.763s][info][gc,phases      ] GC(318) Marking Phase 2220.702ms
[122.763s][info][gc,phases,start] GC(318) Summary Phase
[122.763s][info][gc,phases      ] GC(318) Summary Phase 0.093ms
[122.763s][info][gc,phases,start] GC(318) Adjust Roots
[122.764s][info][gc,phases      ] GC(318) Adjust Roots 0.314ms
[122.764s][info][gc,phases,start] GC(318) Compaction Phase
[125.201s][info][gc,phases      ] GC(318) Compaction Phase 2436.817ms
[125.201s][info][gc,phases,start] GC(318) Post Compact
[125.215s][info][gc,phases      ] GC(318) Post Compact 14.363ms
[125.215s][info][gc,heap        ] GC(318) PSYoungGen: 120832K(617472K)->120832K(617472K) Eden: 120832K(120832K)->120832K(120832K) From: 0K(496640K)->0K(496640K)
[125.215s][info][gc,heap        ] GC(318) ParOldGen: 9694207K(9694208K)->9694203K(9694208K)
[125.215s][info][gc,metaspace   ] GC(318) Metaspace: 6297K(6464K)->6295K(6464K) NonClass: 5764K(5824K)->5762K(5824K) Class: 533K(640K)->532K(640K)
[125.215s][info][gc             ] GC(318) Pause Full (Allocation Failure) 9584M->9584M(10070M) 4672.633ms
[125.215s][info][gc,cpu         ] GC(318) User=35.16s Sys=0.05s Real=4.67s
[125.216s][info][gc,start       ] GC(319) Pause Full (Ergonomics)
[125.216s][info][gc,phases,start] GC(319) Marking Phase
[127.453s][info][gc,phases      ] GC(319) Marking Phase 2236.902ms
[127.453s][info][gc,phases,start] GC(319) Summary Phase
[127.453s][info][gc,phases      ] GC(319) Summary Phase 0.107ms
[127.453s][info][gc,phases,start] GC(319) Adjust Roots
[127.453s][info][gc,phases      ] GC(319) Adjust Roots 0.164ms
[127.453s][info][gc,phases,start] GC(319) Compaction Phase
[128.129s][info][gc,phases      ] GC(319) Compaction Phase 675.580ms
[128.129s][info][gc,phases,start] GC(319) Post Compact
[128.141s][info][gc,phases      ] GC(319) Post Compact 12.176ms
[128.141s][info][gc,heap        ] GC(319) PSYoungGen: 120832K(617472K)->120832K(617472K) Eden: 120832K(120832K)->120832K(120832K) From: 0K(496640K)->0K(496640K)
[128.141s][info][gc,heap        ] GC(319) ParOldGen: 9694206K(9694208K)->9694206K(9694208K)
[128.141s][info][gc,metaspace   ] GC(319) Metaspace: 6295K(6464K)->6295K(6464K) NonClass: 5762K(5824K)->5762K(5824K) Class: 532K(640K)->532K(640K)
[128.141s][info][gc             ] GC(319) Pause Full (Ergonomics) 9584M->9584M(10070M) 2925.393ms
[128.141s][info][gc,cpu         ] GC(319) User=22.75s Sys=0.00s Real=2.93s
[128.141s][info][gc,start       ] GC(320) Pause Full (Ergonomics)
[128.141s][info][gc,phases,start] GC(320) Marking Phase
[130.374s][info][gc,phases      ] GC(320) Marking Phase 2232.214ms
[130.374s][info][gc,phases,start] GC(320) Summary Phase
[130.374s][info][gc,phases      ] GC(320) Summary Phase 0.091ms
[130.374s][info][gc,phases,start] GC(320) Adjust Roots
[130.374s][info][gc,phases      ] GC(320) Adjust Roots 0.163ms
[130.374s][info][gc,phases,start] GC(320) Compaction Phase
[131.032s][info][gc,phases      ] GC(320) Compaction Phase 657.506ms
[131.032s][info][gc,phases,start] GC(320) Post Compact
[131.045s][info][gc,phases      ] GC(320) Post Compact 13.248ms
[131.045s][info][gc,heap        ] GC(320) PSYoungGen: 120832K(617472K)->120832K(617472K) Eden: 120832K(120832K)->120832K(120832K) From: 0K(496640K)->0K(496640K)
[131.045s][info][gc,heap        ] GC(320) ParOldGen: 9694207K(9694208K)->9694207K(9694208K)
[131.045s][info][gc,metaspace   ] GC(320) Metaspace: 6295K(6464K)->6295K(6464K) NonClass: 5762K(5824K)->5762K(5824K) Class: 532K(640K)->532K(640K)
[131.045s][info][gc             ] GC(320) Pause Full (Ergonomics) 9584M->9584M(10070M) 2903.541ms
[131.045s][info][gc,cpu         ] GC(320) User=22.66s Sys=0.00s Real=2.90s
[131.045s][info][gc,start       ] GC(321) Pause Full (Allocation Failure)
[131.045s][info][gc,phases,start] GC(321) Marking Phase
[133.277s][info][gc,phases      ] GC(321) Marking Phase 2232.404ms
[133.278s][info][gc,phases,start] GC(321) Summary Phase
[133.278s][info][gc,phases      ] GC(321) Summary Phase 0.095ms
[133.278s][info][gc,phases,start] GC(321) Adjust Roots
[133.278s][info][gc,phases      ] GC(321) Adjust Roots 0.169ms
[133.278s][info][gc,phases,start] GC(321) Compaction Phase
[133.968s][info][gc,phases      ] GC(321) Compaction Phase 689.860ms
[133.968s][info][gc,phases,start] GC(321) Post Compact
[133.981s][info][gc,phases      ] GC(321) Post Compact 13.645ms
[133.981s][info][gc,heap        ] GC(321) PSYoungGen: 120832K(617472K)->120832K(617472K) Eden: 120832K(120832K)->120832K(120832K) From: 0K(496640K)->0K(496640K)
[133.981s][info][gc,heap        ] GC(321) ParOldGen: 9694207K(9694208K)->9694207K(9694208K)
[133.981s][info][gc,metaspace   ] GC(321) Metaspace: 6295K(6464K)->6295K(6464K) NonClass: 5762K(5824K)->5762K(5824K) Class: 532K(640K)->532K(640K)
[133.982s][info][gc             ] GC(321) Pause Full (Allocation Failure) 9584M->9584M(10070M) 2936.496ms
[133.982s][info][gc,cpu         ] GC(321) User=22.64s Sys=0.02s Real=2.94s
[133.982s][info][gc,start       ] GC(322) Pause Full (Ergonomics)
[133.982s][info][gc,phases,start] GC(322) Marking Phase
[136.182s][info][gc,phases      ] GC(322) Marking Phase 2200.492ms
[136.182s][info][gc,phases,start] GC(322) Summary Phase
[136.183s][info][gc,phases      ] GC(322) Summary Phase 0.126ms
[136.183s][info][gc,phases,start] GC(322) Adjust Roots
[136.183s][info][gc,phases      ] GC(322) Adjust Roots 0.322ms
[136.183s][info][gc,phases,start] GC(322) Compaction Phase
[138.665s][info][gc,phases      ] GC(322) Compaction Phase 2482.243ms
[138.665s][info][gc,phases,start] GC(322) Post Compact
[138.681s][info][gc,phases      ] GC(322) Post Compact 16.135ms
[138.682s][info][gc,heap        ] GC(322) PSYoungGen: 120832K(617472K)->120832K(617472K) Eden: 120832K(120832K)->120832K(120832K) From: 0K(496640K)->0K(496640K)
[138.682s][info][gc,heap        ] GC(322) ParOldGen: 9694207K(9694208K)->9694206K(9694208K)
[138.682s][info][gc,metaspace   ] GC(322) Metaspace: 6295K(6464K)->6295K(6464K) NonClass: 5762K(5824K)->5762K(5824K) Class: 532K(640K)->532K(640K)
[138.682s][info][gc             ] GC(322) Pause Full (Ergonomics) 9584M->9584M(10070M) 4699.721ms
[138.682s][info][gc,cpu         ] GC(322) User=35.47s Sys=0.02s Real=4.70s
[138.683s][info][gc,start       ] GC(323) Pause Full (Ergonomics)
[138.683s][info][gc,phases,start] GC(323) Marking Phase
[140.937s][info][gc,phases      ] GC(323) Marking Phase 2254.427ms
[140.937s][info][gc,phases,start] GC(323) Summary Phase
[140.937s][info][gc,phases      ] GC(323) Summary Phase 0.103ms
[140.937s][info][gc,phases,start] GC(323) Adjust Roots
[140.938s][info][gc,phases      ] GC(323) Adjust Roots 0.293ms
[140.938s][info][gc,phases,start] GC(323) Compaction Phase
[143.409s][info][gc,phases      ] GC(323) Compaction Phase 2471.314ms
[143.409s][info][gc,phases,start] GC(323) Post Compact
[143.426s][info][gc,phases      ] GC(323) Post Compact 16.872ms
[143.426s][info][gc,heap        ] GC(323) PSYoungGen: 120832K(617472K)->120832K(617472K) Eden: 120832K(120832K)->120832K(120832K) From: 0K(496640K)->0K(496640K)
[143.426s][info][gc,heap        ] GC(323) ParOldGen: 9694207K(9694208K)->9694205K(9694208K)
[143.426s][info][gc,metaspace   ] GC(323) Metaspace: 6297K(6464K)->6297K(6464K) NonClass: 5763K(5824K)->5763K(5824K) Class: 533K(640K)->533K(640K)
[143.426s][info][gc             ] GC(323) Pause Full (Ergonomics) 9584M->9584M(10070M) 4743.418ms
[143.426s][info][gc,cpu         ] GC(323) User=35.27s Sys=0.00s Real=4.74s
[143.427s][info][gc,heap,exit   ] Heap
[143.427s][info][gc,heap,exit   ]  PSYoungGen      total 617472K, used 120832K [0x00000006d8300000, 0x000000071d280000, 0x0000000800000000)
[143.427s][info][gc,heap,exit   ]   eden space 120832K, 100% used [0x00000006d8300000,0x00000006df900000,0x00000006df900000)
[143.427s][info][gc,heap,exit   ]   from space 496640K, 0% used [0x00000006df900000,0x00000006df900000,0x00000006fde00000)
[143.427s][info][gc,heap,exit   ]   to   space 496640K, 0% used [0x00000006fed80000,0x00000006fed80000,0x000000071d280000)
[143.427s][info][gc,heap,exit   ]  ParOldGen       total 9694208K, used 9694205K [0x0000000488800000, 0x00000006d8300000, 0x00000006d8300000)
[143.427s][info][gc,heap,exit   ]   object space 9694208K, 99% used [0x0000000488800000,0x00000006d82ff770,0x00000006d8300000)
[143.427s][info][gc,heap,exit   ]  Metaspace       used 6300K, committed 6464K, reserved 1114112K
[143.427s][info][gc,heap,exit   ]   class space    used 534K, committed 640K, reserved 1048576K
