[0.011s][info][gc,init] CardTable entry size: 512
[0.011s][info][gc     ] Using Parallel
[0.012s][info][gc,init] Version: 18.0.1+10 (release)
[0.012s][info][gc,init] CPUs: 8 total, 8 available
[0.012s][info][gc,init] Memory: 16063M
[0.012s][info][gc,init] Large Page Support: Disabled
[0.012s][info][gc,init] NUMA Support: Disabled
[0.012s][info][gc,init] Compressed Oops: Enabled (Zero based)
[0.012s][info][gc,init] Alignments: Space 512K, Generation 512K, Heap 2M
[0.012s][info][gc,init] Heap Min Capacity: 2M
[0.012s][info][gc,init] Heap Initial Capacity: 2M
[0.012s][info][gc,init] Heap Max Capacity: 5500M
[0.012s][info][gc,init] Pre-touch: Disabled
[0.012s][info][gc,init] Parallel Workers: 8
[0.012s][info][gc,metaspace] CDS archive(s) not mapped
[0.012s][info][gc,metaspace] Compressed class space mapped at: 0x0000000800000000-0x0000000840000000, reserved size: 1073741824
[0.012s][info][gc,metaspace] Narrow klass base: 0x0000000800000000, Narrow klass shift: 0, Narrow klass range: 0x40000000
[0.101s][info][gc,start    ] GC(0) Pause Young (Allocation Failure)
[0.102s][info][gc,heap     ] GC(0) PSYoungGen: 512K(1024K)->480K(1024K) Eden: 512K(512K)->0K(512K) From: 0K(512K)->480K(512K)
[0.102s][info][gc,heap     ] GC(0) ParOldGen: 0K(512K)->8K(512K)
[0.102s][info][gc,metaspace] GC(0) Metaspace: 4229K(4352K)->4229K(4352K) NonClass: 3908K(3968K)->3908K(3968K) Class: 321K(384K)->321K(384K)
[0.102s][info][gc          ] GC(0) Pause Young (Allocation Failure) 0M->0M(1M) 1.324ms
[0.102s][info][gc,cpu      ] GC(0) User=0.00s Sys=0.00s Real=0.00s
[0.159s][info][gc,start    ] GC(1) Pause Young (Allocation Failure)
[0.160s][info][gc,heap     ] GC(1) PSYoungGen: 991K(1024K)->512K(1536K) Eden: 511K(512K)->0K(1024K) From: 480K(512K)->512K(512K)
[0.160s][info][gc,heap     ] GC(1) ParOldGen: 8K(512K)->96K(512K)
[0.160s][info][gc,metaspace] GC(1) Metaspace: 5876K(5952K)->5876K(5952K) NonClass: 5379K(5440K)->5379K(5440K) Class: 496K(512K)->496K(512K)
[0.160s][info][gc          ] GC(1) Pause Young (Allocation Failure) 0M->0M(2M) 0.848ms
[0.160s][info][gc,cpu      ] GC(1) User=0.00s Sys=0.00s Real=0.00s
[0.180s][info][gc,start    ] GC(2) Pause Young (Allocation Failure)
[0.182s][info][gc,heap     ] GC(2) PSYoungGen: 1536K(1536K)->512K(1536K) Eden: 1024K(1024K)->0K(1024K) From: 512K(512K)->512K(512K)
[0.182s][info][gc,heap     ] GC(2) ParOldGen: 96K(512K)->520K(1024K)
[0.182s][info][gc,metaspace] GC(2) Metaspace: 6296K(6464K)->6296K(6464K) NonClass: 5763K(5824K)->5763K(5824K) Class: 533K(640K)->533K(640K)
[0.182s][info][gc          ] GC(2) Pause Young (Allocation Failure) 1M->1M(2M) 1.442ms
[0.182s][info][gc,cpu      ] GC(2) User=0.00s Sys=0.00s Real=0.00s
[0.184s][info][gc,start    ] GC(3) Pause Young (Allocation Failure)
[0.185s][info][gc,heap     ] GC(3) PSYoungGen: 1536K(1536K)->480K(2560K) Eden: 1024K(1024K)->0K(2048K) From: 512K(512K)->480K(512K)
[0.185s][info][gc,heap     ] GC(3) ParOldGen: 520K(1024K)->1072K(1536K)
[0.185s][info][gc,metaspace] GC(3) Metaspace: 6296K(6464K)->6296K(6464K) NonClass: 5763K(5824K)->5763K(5824K) Class: 533K(640K)->533K(640K)
[0.185s][info][gc          ] GC(3) Pause Young (Allocation Failure) 2M->1M(4M) 1.660ms
[0.185s][info][gc,cpu      ] GC(3) User=0.00s Sys=0.00s Real=0.00s
[0.185s][info][gc,start    ] GC(4) Pause Full (Ergonomics)
[0.185s][info][gc,phases,start] GC(4) Marking Phase
[0.187s][info][gc,phases      ] GC(4) Marking Phase 1.249ms
[0.187s][info][gc,phases,start] GC(4) Summary Phase
[0.187s][info][gc,phases      ] GC(4) Summary Phase 0.017ms
[0.187s][info][gc,phases,start] GC(4) Adjust Roots
[0.187s][info][gc,phases      ] GC(4) Adjust Roots 0.435ms
[0.187s][info][gc,phases,start] GC(4) Compaction Phase
[0.190s][info][gc,phases      ] GC(4) Compaction Phase 2.519ms
[0.190s][info][gc,phases,start] GC(4) Post Compact
[0.190s][info][gc,phases      ] GC(4) Post Compact 0.073ms
[0.190s][info][gc,heap        ] GC(4) PSYoungGen: 480K(2560K)->0K(2560K) Eden: 0K(2048K)->0K(2048K) From: 480K(512K)->0K(512K)
[0.190s][info][gc,heap        ] GC(4) ParOldGen: 1072K(1536K)->1495K(3584K)
[0.190s][info][gc,metaspace   ] GC(4) Metaspace: 6296K(6464K)->6296K(6464K) NonClass: 5763K(5824K)->5763K(5824K) Class: 533K(640K)->533K(640K)
[0.190s][info][gc             ] GC(4) Pause Full (Ergonomics) 1M->1M(6M) 4.657ms
[0.190s][info][gc,cpu         ] GC(4) User=0.00s Sys=0.00s Real=0.00s
[0.193s][info][gc,start       ] GC(5) Pause Young (Allocation Failure)
[0.194s][info][gc,heap        ] GC(5) PSYoungGen: 2048K(2560K)->480K(3584K) Eden: 2048K(2048K)->0K(3072K) From: 0K(512K)->480K(512K)
[0.194s][info][gc,heap        ] GC(5) ParOldGen: 1495K(3584K)->2111K(3584K)
[0.194s][info][gc,metaspace   ] GC(5) Metaspace: 6296K(6464K)->6296K(6464K) NonClass: 5763K(5824K)->5763K(5824K) Class: 533K(640K)->533K(640K)
[0.194s][info][gc             ] GC(5) Pause Young (Allocation Failure) 3M->2M(7M) 1.253ms
[0.194s][info][gc,cpu         ] GC(5) User=0.00s Sys=0.00s Real=0.00s
[0.199s][info][gc,start       ] GC(6) Pause Young (Allocation Failure)
[0.201s][info][gc,heap        ] GC(6) PSYoungGen: 3552K(3584K)->1504K(4608K) Eden: 3072K(3072K)->0K(3072K) From: 480K(512K)->1504K(1536K)
[0.201s][info][gc,heap        ] GC(6) ParOldGen: 2111K(3584K)->2679K(3584K)
[0.201s][info][gc,metaspace   ] GC(6) Metaspace: 6296K(6464K)->6296K(6464K) NonClass: 5763K(5824K)->5763K(5824K) Class: 533K(640K)->533K(640K)
[0.202s][info][gc             ] GC(6) Pause Young (Allocation Failure) 5M->4M(8M) 2.055ms
[0.202s][info][gc,cpu         ] GC(6) User=0.00s Sys=0.00s Real=0.00s
[0.207s][info][gc,start       ] GC(7) Pause Young (Allocation Failure)
[0.210s][info][gc,heap        ] GC(7) PSYoungGen: 4576K(4608K)->2016K(7168K) Eden: 3072K(3072K)->0K(5120K) From: 1504K(1536K)->2016K(2048K)
[0.210s][info][gc,heap        ] GC(7) ParOldGen: 2679K(3584K)->3767K(4096K)
[0.210s][info][gc,metaspace   ] GC(7) Metaspace: 6296K(6464K)->6296K(6464K) NonClass: 5763K(5824K)->5763K(5824K) Class: 533K(640K)->533K(640K)
[0.210s][info][gc             ] GC(7) Pause Young (Allocation Failure) 7M->5M(11M) 2.889ms
[0.210s][info][gc,cpu         ] GC(7) User=0.00s Sys=0.00s Real=0.00s
[0.210s][info][gc,start       ] GC(8) Pause Full (Ergonomics)
[0.210s][info][gc,phases,start] GC(8) Marking Phase
[0.213s][info][gc,phases      ] GC(8) Marking Phase 2.955ms
[0.213s][info][gc,phases,start] GC(8) Summary Phase
[0.213s][info][gc,phases      ] GC(8) Summary Phase 0.014ms
[0.213s][info][gc,phases,start] GC(8) Adjust Roots
[0.213s][info][gc,phases      ] GC(8) Adjust Roots 0.313ms
[0.213s][info][gc,phases,start] GC(8) Compaction Phase
[0.217s][info][gc,phases      ] GC(8) Compaction Phase 3.892ms
[0.217s][info][gc,phases,start] GC(8) Post Compact
[0.217s][info][gc,phases      ] GC(8) Post Compact 0.041ms
[0.217s][info][gc,heap        ] GC(8) PSYoungGen: 2016K(7168K)->2012K(7168K) Eden: 0K(5120K)->0K(5120K) From: 2016K(2048K)->2012K(2048K)
[0.217s][info][gc,heap        ] GC(8) ParOldGen: 3767K(4096K)->3683K(6656K)
[0.217s][info][gc,metaspace   ] GC(8) Metaspace: 6296K(6464K)->6296K(6464K) NonClass: 5763K(5824K)->5763K(5824K) Class: 533K(640K)->533K(640K)
[0.217s][info][gc             ] GC(8) Pause Full (Ergonomics) 5M->5M(13M) 7.481ms
[0.217s][info][gc,cpu         ] GC(8) User=0.00s Sys=0.00s Real=0.01s
[0.226s][info][gc,start       ] GC(9) Pause Young (Allocation Failure)
[0.231s][info][gc,heap        ] GC(9) PSYoungGen: 7132K(7168K)->3040K(8192K) Eden: 5120K(5120K)->0K(5120K) From: 2012K(2048K)->3040K(3072K)
[0.231s][info][gc,heap        ] GC(9) ParOldGen: 3683K(6656K)->5331K(6656K)
[0.231s][info][gc,metaspace   ] GC(9) Metaspace: 6296K(6464K)->6296K(6464K) NonClass: 5763K(5824K)->5763K(5824K) Class: 533K(640K)->533K(640K)
[0.232s][info][gc             ] GC(9) Pause Young (Allocation Failure) 10M->8M(14M) 5.401ms
[0.232s][info][gc,cpu         ] GC(9) User=0.00s Sys=0.00s Real=0.01s
[0.232s][info][gc,start       ] GC(10) Pause Full (Ergonomics)
[0.232s][info][gc,phases,start] GC(10) Marking Phase
[0.236s][info][gc,phases      ] GC(10) Marking Phase 4.423ms
[0.236s][info][gc,phases,start] GC(10) Summary Phase
[0.236s][info][gc,phases      ] GC(10) Summary Phase 0.014ms
[0.236s][info][gc,phases,start] GC(10) Adjust Roots
[0.236s][info][gc,phases      ] GC(10) Adjust Roots 0.249ms
[0.236s][info][gc,phases,start] GC(10) Compaction Phase
[0.240s][info][gc,phases      ] GC(10) Compaction Phase 3.402ms
[0.240s][info][gc,phases,start] GC(10) Post Compact
[0.240s][info][gc,phases      ] GC(10) Post Compact 0.066ms
[0.240s][info][gc,heap        ] GC(10) PSYoungGen: 3040K(8192K)->2012K(8192K) Eden: 0K(5120K)->0K(5120K) From: 3040K(3072K)->2012K(3072K)
[0.240s][info][gc,heap        ] GC(10) ParOldGen: 5331K(6656K)->6318K(10752K)
[0.240s][info][gc,metaspace   ] GC(10) Metaspace: 6296K(6464K)->6296K(6464K) NonClass: 5763K(5824K)->5763K(5824K) Class: 533K(640K)->533K(640K)
[0.240s][info][gc             ] GC(10) Pause Full (Ergonomics) 8M->8M(18M) 8.704ms
[0.240s][info][gc,cpu         ] GC(10) User=0.02s Sys=0.00s Real=0.01s
[0.247s][info][gc,start       ] GC(11) Pause Young (Allocation Failure)
[0.251s][info][gc,heap        ] GC(11) PSYoungGen: 7132K(8192K)->4192K(10752K) Eden: 5120K(5120K)->0K(6144K) From: 2012K(3072K)->4192K(4608K)
[0.251s][info][gc,heap        ] GC(11) ParOldGen: 6318K(10752K)->6830K(10752K)
[0.251s][info][gc,metaspace   ] GC(11) Metaspace: 6296K(6464K)->6296K(6464K) NonClass: 5763K(5824K)->5763K(5824K) Class: 533K(640K)->533K(640K)
[0.251s][info][gc             ] GC(11) Pause Young (Allocation Failure) 13M->10M(21M) 4.326ms
[0.251s][info][gc,cpu         ] GC(11) User=0.00s Sys=0.00s Real=0.00s
[0.258s][info][gc,start       ] GC(12) Pause Young (Allocation Failure)
[0.266s][info][gc,heap        ] GC(12) PSYoungGen: 10336K(10752K)->5088K(11264K) Eden: 6144K(6144K)->0K(6144K) From: 4192K(4608K)->5088K(5120K)
[0.266s][info][gc,heap        ] GC(12) ParOldGen: 6830K(10752K)->9374K(10752K)
[0.266s][info][gc,metaspace   ] GC(12) Metaspace: 6296K(6464K)->6296K(6464K) NonClass: 5763K(5824K)->5763K(5824K) Class: 533K(640K)->533K(640K)
[0.266s][info][gc             ] GC(12) Pause Young (Allocation Failure) 16M->14M(21M) 7.232ms
[0.266s][info][gc,cpu         ] GC(12) User=0.00s Sys=0.00s Real=0.01s
[0.266s][info][gc,start       ] GC(13) Pause Full (Ergonomics)
[0.266s][info][gc,phases,start] GC(13) Marking Phase
[0.273s][info][gc,phases      ] GC(13) Marking Phase 7.719ms
[0.273s][info][gc,phases,start] GC(13) Summary Phase
[0.274s][info][gc,phases      ] GC(13) Summary Phase 0.202ms
[0.274s][info][gc,phases,start] GC(13) Adjust Roots
[0.274s][info][gc,phases      ] GC(13) Adjust Roots 0.457ms
[0.274s][info][gc,phases,start] GC(13) Compaction Phase
[0.281s][info][gc,phases      ] GC(13) Compaction Phase 6.388ms
[0.281s][info][gc,phases,start] GC(13) Post Compact
[0.281s][info][gc,phases      ] GC(13) Post Compact 0.073ms
[0.281s][info][gc,heap        ] GC(13) PSYoungGen: 5088K(11264K)->3545K(11264K) Eden: 0K(6144K)->0K(6144K) From: 5088K(5120K)->3545K(5120K)
[0.281s][info][gc,heap        ] GC(13) ParOldGen: 9374K(10752K)->10585K(16384K)
[0.281s][info][gc,metaspace   ] GC(13) Metaspace: 6296K(6464K)->6296K(6464K) NonClass: 5763K(5824K)->5763K(5824K) Class: 533K(640K)->533K(640K)
[0.281s][info][gc             ] GC(13) Pause Full (Ergonomics) 14M->13M(27M) 15.228ms
[0.281s][info][gc,cpu         ] GC(13) User=0.00s Sys=0.00s Real=0.01s
[0.287s][info][gc,start       ] GC(14) Pause Young (Allocation Failure)
[0.295s][info][gc,heap        ] GC(14) PSYoungGen: 9689K(11264K)->4576K(15872K) Eden: 6144K(6144K)->0K(8704K) From: 3545K(5120K)->4576K(7168K)
[0.295s][info][gc,heap        ] GC(14) ParOldGen: 10585K(16384K)->12761K(16384K)
[0.295s][info][gc,metaspace   ] GC(14) Metaspace: 6298K(6464K)->6298K(6464K) NonClass: 5765K(5824K)->5765K(5824K) Class: 533K(640K)->533K(640K)
[0.295s][info][gc             ] GC(14) Pause Young (Allocation Failure) 19M->16M(31M) 8.550ms
[0.296s][info][gc,cpu         ] GC(14) User=0.00s Sys=0.00s Real=0.01s
[0.301s][info][gc,start       ] GC(15) Pause Young (Allocation Failure)
[0.309s][info][gc,heap        ] GC(15) PSYoungGen: 13280K(15872K)->7168K(15872K) Eden: 8704K(8704K)->0K(8704K) From: 4576K(7168K)->7168K(7168K)
[0.309s][info][gc,heap        ] GC(15) ParOldGen: 12761K(16384K)->14697K(16384K)
[0.309s][info][gc,metaspace   ] GC(15) Metaspace: 6298K(6464K)->6298K(6464K) NonClass: 5765K(5824K)->5765K(5824K) Class: 533K(640K)->533K(640K)
[0.309s][info][gc             ] GC(15) Pause Young (Allocation Failure) 25M->21M(31M) 7.890ms
[0.309s][info][gc,cpu         ] GC(15) User=0.00s Sys=0.00s Real=0.01s
[0.309s][info][gc,start       ] GC(16) Pause Full (Ergonomics)
[0.309s][info][gc,phases,start] GC(16) Marking Phase
[0.320s][info][gc,phases      ] GC(16) Marking Phase 10.377ms
[0.320s][info][gc,phases,start] GC(16) Summary Phase
[0.320s][info][gc,phases      ] GC(16) Summary Phase 0.017ms
[0.320s][info][gc,phases,start] GC(16) Adjust Roots
[0.320s][info][gc,phases      ] GC(16) Adjust Roots 0.290ms
[0.320s][info][gc,phases,start] GC(16) Compaction Phase
[0.329s][info][gc,phases      ] GC(16) Compaction Phase 9.018ms
[0.329s][info][gc,phases,start] GC(16) Post Compact
[0.329s][info][gc,phases      ] GC(16) Post Compact 0.120ms
[0.330s][info][gc,heap        ] GC(16) PSYoungGen: 7168K(15872K)->5621K(15872K) Eden: 0K(8704K)->0K(8704K) From: 7168K(7168K)->5621K(7168K)
[0.330s][info][gc,heap        ] GC(16) ParOldGen: 14697K(16384K)->16143K(23552K)
[0.330s][info][gc,metaspace   ] GC(16) Metaspace: 6298K(6464K)->6298K(6464K) NonClass: 5765K(5824K)->5765K(5824K) Class: 533K(640K)->533K(640K)
[0.330s][info][gc             ] GC(16) Pause Full (Ergonomics) 21M->21M(38M) 20.257ms
[0.330s][info][gc,cpu         ] GC(16) User=0.00s Sys=0.00s Real=0.02s
[0.340s][info][gc,start       ] GC(17) Pause Young (Allocation Failure)
[0.350s][info][gc,heap        ] GC(17) PSYoungGen: 14325K(15872K)->5024K(20992K) Eden: 8704K(8704K)->0K(11776K) From: 5621K(7168K)->5024K(9216K)
[0.350s][info][gc,heap        ] GC(17) ParOldGen: 16143K(23552K)->21863K(23552K)
[0.350s][info][gc,metaspace   ] GC(17) Metaspace: 6298K(6464K)->6298K(6464K) NonClass: 5765K(5824K)->5765K(5824K) Class: 533K(640K)->533K(640K)
[0.350s][info][gc             ] GC(17) Pause Young (Allocation Failure) 29M->26M(43M) 10.106ms
[0.350s][info][gc,cpu         ] GC(17) User=0.00s Sys=0.00s Real=0.01s
[0.350s][info][gc,start       ] GC(18) Pause Full (Ergonomics)
[0.350s][info][gc,phases,start] GC(18) Marking Phase
[0.363s][info][gc,phases      ] GC(18) Marking Phase 12.661ms
[0.363s][info][gc,phases,start] GC(18) Summary Phase
[0.363s][info][gc,phases      ] GC(18) Summary Phase 0.016ms
[0.363s][info][gc,phases,start] GC(18) Adjust Roots
[0.363s][info][gc,phases      ] GC(18) Adjust Roots 0.207ms
[0.363s][info][gc,phases,start] GC(18) Compaction Phase
[0.373s][info][gc,phases      ] GC(18) Compaction Phase 9.586ms
[0.373s][info][gc,phases,start] GC(18) Post Compact
[0.373s][info][gc,phases      ] GC(18) Post Compact 0.095ms
[0.373s][info][gc,heap        ] GC(18) PSYoungGen: 5024K(20992K)->2944K(20992K) Eden: 0K(11776K)->0K(11776K) From: 5024K(9216K)->2944K(9216K)
[0.373s][info][gc,heap        ] GC(18) ParOldGen: 21863K(23552K)->23298K(33792K)
[0.373s][info][gc,metaspace   ] GC(18) Metaspace: 6298K(6464K)->6298K(6464K) NonClass: 5765K(5824K)->5765K(5824K) Class: 533K(640K)->533K(640K)
[0.373s][info][gc             ] GC(18) Pause Full (Ergonomics) 26M->25M(53M) 22.860ms
[0.373s][info][gc,cpu         ] GC(18) User=0.02s Sys=0.00s Real=0.02s
[0.380s][info][gc,start       ] GC(19) Pause Young (Allocation Failure)
[0.391s][info][gc,heap        ] GC(19) PSYoungGen: 14720K(20992K)->6112K(20992K) Eden: 11776K(11776K)->0K(11776K) From: 2944K(9216K)->6112K(9216K)
[0.391s][info][gc,heap        ] GC(19) ParOldGen: 23298K(33792K)->26298K(33792K)
[0.391s][info][gc,metaspace   ] GC(19) Metaspace: 6298K(6464K)->6298K(6464K) NonClass: 5765K(5824K)->5765K(5824K) Class: 533K(640K)->533K(640K)
[0.391s][info][gc             ] GC(19) Pause Young (Allocation Failure) 37M->31M(53M) 10.228ms
[0.391s][info][gc,cpu         ] GC(19) User=0.00s Sys=0.00s Real=0.01s
[0.401s][info][gc,start       ] GC(20) Pause Young (Allocation Failure)
[0.414s][info][gc,heap        ] GC(20) PSYoungGen: 17888K(20992K)->9728K(21504K) Eden: 11776K(11776K)->0K(11776K) From: 6112K(9216K)->9728K(9728K)
[0.414s][info][gc,heap        ] GC(20) ParOldGen: 26298K(33792K)->32130K(33792K)
[0.414s][info][gc,metaspace   ] GC(20) Metaspace: 6298K(6464K)->6298K(6464K) NonClass: 5765K(5824K)->5765K(5824K) Class: 533K(640K)->533K(640K)
[0.414s][info][gc             ] GC(20) Pause Young (Allocation Failure) 43M->40M(54M) 13.226ms
[0.414s][info][gc,cpu         ] GC(20) User=0.00s Sys=0.00s Real=0.01s
[0.414s][info][gc,start       ] GC(21) Pause Full (Ergonomics)
[0.414s][info][gc,phases,start] GC(21) Marking Phase
[0.432s][info][gc,phases      ] GC(21) Marking Phase 17.995ms
[0.432s][info][gc,phases,start] GC(21) Summary Phase
[0.432s][info][gc,phases      ] GC(21) Summary Phase 0.019ms
[0.432s][info][gc,phases,start] GC(21) Adjust Roots
[0.432s][info][gc,phases      ] GC(21) Adjust Roots 0.167ms
[0.432s][info][gc,phases,start] GC(21) Compaction Phase
[0.445s][info][gc,phases      ] GC(21) Compaction Phase 12.500ms
[0.445s][info][gc,phases,start] GC(21) Post Compact
[0.445s][info][gc,phases      ] GC(21) Post Compact 0.196ms
[0.445s][info][gc,heap        ] GC(21) PSYoungGen: 9728K(21504K)->8176K(21504K) Eden: 0K(11776K)->0K(11776K) From: 9728K(9728K)->8176K(9728K)
[0.445s][info][gc,heap        ] GC(21) ParOldGen: 32130K(33792K)->33510K(47104K)
[0.445s][info][gc,metaspace   ] GC(21) Metaspace: 6298K(6464K)->6298K(6464K) NonClass: 5765K(5824K)->5765K(5824K) Class: 533K(640K)->533K(640K)
[0.445s][info][gc             ] GC(21) Pause Full (Ergonomics) 40M->40M(67M) 31.265ms
[0.445s][info][gc,cpu         ] GC(21) User=0.05s Sys=0.00s Real=0.03s
[0.462s][info][gc,start       ] GC(22) Pause Young (Allocation Failure)
[0.476s][info][gc,heap        ] GC(22) PSYoungGen: 19952K(21504K)->11808K(25088K) Eden: 11776K(11776K)->0K(11776K) From: 8176K(9728K)->11808K(13312K)
[0.476s][info][gc,heap        ] GC(22) ParOldGen: 33510K(47104K)->41822K(47104K)
[0.477s][info][gc,metaspace   ] GC(22) Metaspace: 6298K(6464K)->6298K(6464K) NonClass: 5765K(5824K)->5765K(5824K) Class: 533K(640K)->533K(640K)
[0.477s][info][gc             ] GC(22) Pause Young (Allocation Failure) 52M->52M(70M) 14.540ms
[0.477s][info][gc,cpu         ] GC(22) User=0.00s Sys=0.00s Real=0.02s
[0.477s][info][gc,start       ] GC(23) Pause Full (Ergonomics)
[0.477s][info][gc,phases,start] GC(23) Marking Phase
[0.498s][info][gc,phases      ] GC(23) Marking Phase 21.835ms
[0.499s][info][gc,phases,start] GC(23) Summary Phase
[0.499s][info][gc,phases      ] GC(23) Summary Phase 0.015ms
[0.499s][info][gc,phases,start] GC(23) Adjust Roots
[0.499s][info][gc,phases      ] GC(23) Adjust Roots 0.154ms
[0.499s][info][gc,phases,start] GC(23) Compaction Phase
[0.514s][info][gc,phases      ] GC(23) Compaction Phase 15.353ms
[0.514s][info][gc,phases,start] GC(23) Post Compact
[0.514s][info][gc,phases      ] GC(23) Post Compact 0.267ms
[0.515s][info][gc,heap        ] GC(23) PSYoungGen: 11808K(25088K)->5614K(25088K) Eden: 0K(11776K)->0K(11776K) From: 11808K(13312K)->5614K(13312K)
[0.515s][info][gc,heap        ] GC(23) ParOldGen: 41822K(47104K)->46798K(64000K)
[0.515s][info][gc,metaspace   ] GC(23) Metaspace: 6298K(6464K)->6298K(6464K) NonClass: 5765K(5824K)->5765K(5824K) Class: 533K(640K)->533K(640K)
[0.515s][info][gc             ] GC(23) Pause Full (Ergonomics) 52M->51M(87M) 38.042ms
[0.515s][info][gc,cpu         ] GC(23) User=0.03s Sys=0.00s Real=0.04s
[0.526s][info][gc,start       ] GC(24) Pause Young (Allocation Failure)
[0.543s][info][gc,heap        ] GC(24) PSYoungGen: 17390K(25088K)->15360K(26624K) Eden: 11776K(11776K)->0K(11264K) From: 5614K(13312K)->15360K(15360K)
[0.543s][info][gc,heap        ] GC(24) ParOldGen: 46798K(64000K)->48870K(64000K)
[0.543s][info][gc,metaspace   ] GC(24) Metaspace: 6298K(6464K)->6298K(6464K) NonClass: 5765K(5824K)->5765K(5824K) Class: 533K(640K)->533K(640K)
[0.543s][info][gc             ] GC(24) Pause Young (Allocation Failure) 62M->62M(88M) 16.192ms
[0.543s][info][gc,cpu         ] GC(24) User=0.02s Sys=0.00s Real=0.02s
[0.554s][info][gc,start       ] GC(25) Pause Young (Allocation Failure)
[0.572s][info][gc,heap        ] GC(25) PSYoungGen: 26624K(26624K)->11296K(29696K) Eden: 11264K(11264K)->0K(11264K) From: 15360K(15360K)->11296K(18432K)
[0.572s][info][gc,heap        ] GC(25) ParOldGen: 48870K(64000K)->64446K(64512K)
[0.572s][info][gc,metaspace   ] GC(25) Metaspace: 6298K(6464K)->6298K(6464K) NonClass: 5765K(5824K)->5765K(5824K) Class: 533K(640K)->533K(640K)
[0.572s][info][gc             ] GC(25) Pause Young (Allocation Failure) 73M->73M(92M) 18.240ms
[0.572s][info][gc,cpu         ] GC(25) User=0.03s Sys=0.00s Real=0.02s
[0.572s][info][gc,start       ] GC(26) Pause Full (Ergonomics)
[0.572s][info][gc,phases,start] GC(26) Marking Phase
[0.602s][info][gc,phases      ] GC(26) Marking Phase 29.304ms
[0.602s][info][gc,phases,start] GC(26) Summary Phase
[0.602s][info][gc,phases      ] GC(26) Summary Phase 0.015ms
[0.602s][info][gc,phases,start] GC(26) Adjust Roots
[0.602s][info][gc,phases      ] GC(26) Adjust Roots 0.160ms
[0.602s][info][gc,phases,start] GC(26) Compaction Phase
[0.621s][info][gc,phases      ] GC(26) Compaction Phase 18.936ms
[0.621s][info][gc,phases,start] GC(26) Post Compact
[0.621s][info][gc,phases      ] GC(26) Post Compact 0.427ms
[0.622s][info][gc,heap        ] GC(26) PSYoungGen: 11296K(29696K)->11235K(29696K) Eden: 0K(11264K)->0K(11264K) From: 11296K(18432K)->11235K(18432K)
[0.622s][info][gc,heap        ] GC(26) ParOldGen: 64446K(64512K)->64160K(87040K)
[0.622s][info][gc,metaspace   ] GC(26) Metaspace: 6298K(6464K)->6298K(6464K) NonClass: 5765K(5824K)->5765K(5824K) Class: 533K(640K)->533K(640K)
[0.622s][info][gc             ] GC(26) Pause Full (Ergonomics) 73M->73M(114M) 49.274ms
[0.622s][info][gc,cpu         ] GC(26) User=0.06s Sys=0.00s Real=0.05s
[0.635s][info][gc,start       ] GC(27) Pause Young (Allocation Failure)
[0.654s][info][gc,heap        ] GC(27) PSYoungGen: 22499K(29696K)->11296K(32256K) Eden: 11264K(11264K)->0K(13312K) From: 11235K(18432K)->11296K(18944K)
[0.654s][info][gc,heap        ] GC(27) ParOldGen: 64160K(87040K)->75576K(87040K)
[0.654s][info][gc,metaspace   ] GC(27) Metaspace: 6298K(6464K)->6298K(6464K) NonClass: 5765K(5824K)->5765K(5824K) Class: 533K(640K)->533K(640K)
[0.655s][info][gc             ] GC(27) Pause Young (Allocation Failure) 84M->84M(116M) 19.655ms
[0.655s][info][gc,cpu         ] GC(27) User=0.03s Sys=0.00s Real=0.02s
[0.655s][info][gc,start       ] GC(28) Pause Full (Ergonomics)
[0.655s][info][gc,phases,start] GC(28) Marking Phase
[0.687s][info][gc,phases      ] GC(28) Marking Phase 32.649ms
[0.687s][info][gc,phases,start] GC(28) Summary Phase
[0.687s][info][gc,phases      ] GC(28) Summary Phase 0.017ms
[0.687s][info][gc,phases,start] GC(28) Adjust Roots
[0.688s][info][gc,phases      ] GC(28) Adjust Roots 0.170ms
[0.688s][info][gc,phases,start] GC(28) Compaction Phase
[0.708s][info][gc,phases      ] GC(28) Compaction Phase 20.321ms
[0.708s][info][gc,phases,start] GC(28) Post Compact
[0.708s][info][gc,phases      ] GC(28) Post Compact 0.382ms
[0.709s][info][gc,heap        ] GC(28) PSYoungGen: 11296K(32256K)->0K(32768K) Eden: 0K(13312K)->0K(13312K) From: 11296K(18944K)->0K(19456K)
[0.709s][info][gc,heap        ] GC(28) ParOldGen: 75576K(87040K)->86629K(113152K)
[0.709s][info][gc,metaspace   ] GC(28) Metaspace: 6298K(6464K)->6298K(6464K) NonClass: 5765K(5824K)->5765K(5824K) Class: 533K(640K)->533K(640K)
[0.709s][info][gc             ] GC(28) Pause Full (Ergonomics) 84M->84M(142M) 53.984ms
[0.709s][info][gc,cpu         ] GC(28) User=0.08s Sys=0.02s Real=0.05s
[0.727s][info][gc,start       ] GC(29) Pause Young (Allocation Failure)
[0.735s][info][gc,heap        ] GC(29) PSYoungGen: 13312K(32768K)->13344K(34304K) Eden: 13312K(13312K)->0K(14848K) From: 0K(19456K)->13344K(19456K)
[0.735s][info][gc,heap        ] GC(29) ParOldGen: 86629K(113152K)->86629K(113152K)
[0.735s][info][gc,metaspace   ] GC(29) Metaspace: 6298K(6464K)->6298K(6464K) NonClass: 5765K(5824K)->5765K(5824K) Class: 533K(640K)->533K(640K)
[0.735s][info][gc             ] GC(29) Pause Young (Allocation Failure) 97M->97M(144M) 8.400ms
[0.735s][info][gc,cpu         ] GC(29) User=0.00s Sys=0.02s Real=0.01s
[0.748s][info][gc,start       ] GC(30) Pause Young (Allocation Failure)
[0.761s][info][gc,heap        ] GC(30) PSYoungGen: 28192K(34304K)->20448K(35328K) Eden: 14848K(14848K)->0K(14848K) From: 13344K(19456K)->20448K(20480K)
[0.761s][info][gc,heap        ] GC(30) ParOldGen: 86629K(113152K)->94453K(113152K)
[0.761s][info][gc,metaspace   ] GC(30) Metaspace: 6298K(6464K)->6298K(6464K) NonClass: 5765K(5824K)->5765K(5824K) Class: 533K(640K)->533K(640K)
[0.761s][info][gc             ] GC(30) Pause Young (Allocation Failure) 112M->112M(145M) 13.504ms
[0.761s][info][gc,cpu         ] GC(30) User=0.02s Sys=0.00s Real=0.01s
[0.775s][info][gc,start       ] GC(31) Pause Young (Allocation Failure)
[0.795s][info][gc,heap        ] GC(31) PSYoungGen: 35296K(35328K)->26400K(40448K) Eden: 14848K(14848K)->0K(13824K) From: 20448K(20480K)->26400K(26624K)
[0.795s][info][gc,heap        ] GC(31) ParOldGen: 94453K(113152K)->103461K(113152K)
[0.795s][info][gc,metaspace   ] GC(31) Metaspace: 6298K(6464K)->6298K(6464K) NonClass: 5765K(5824K)->5765K(5824K) Class: 533K(640K)->533K(640K)
[0.795s][info][gc             ] GC(31) Pause Young (Allocation Failure) 126M->126M(150M) 19.401ms
[0.795s][info][gc,cpu         ] GC(31) User=0.02s Sys=0.00s Real=0.02s
[0.795s][info][gc,start       ] GC(32) Pause Full (Ergonomics)
[0.795s][info][gc,phases,start] GC(32) Marking Phase
[0.831s][info][gc,phases      ] GC(32) Marking Phase 36.243ms
[0.831s][info][gc,phases,start] GC(32) Summary Phase
[0.831s][info][gc,phases      ] GC(32) Summary Phase 0.027ms
[0.831s][info][gc,phases,start] GC(32) Adjust Roots
[0.831s][info][gc,phases      ] GC(32) Adjust Roots 0.144ms
[0.831s][info][gc,phases,start] GC(32) Compaction Phase
[0.861s][info][gc,phases      ] GC(32) Compaction Phase 29.277ms
[0.861s][info][gc,phases,start] GC(32) Post Compact
[0.861s][info][gc,phases      ] GC(32) Post Compact 0.439ms
[0.861s][info][gc,heap        ] GC(32) PSYoungGen: 26400K(40448K)->14551K(40448K) Eden: 0K(13824K)->0K(13824K) From: 26400K(26624K)->14551K(26624K)
[0.861s][info][gc,heap        ] GC(32) ParOldGen: 103461K(113152K)->112949K(142336K)
[0.861s][info][gc,metaspace   ] GC(32) Metaspace: 6298K(6464K)->6298K(6464K) NonClass: 5765K(5824K)->5765K(5824K) Class: 533K(640K)->533K(640K)
[0.861s][info][gc             ] GC(32) Pause Full (Ergonomics) 126M->124M(178M) 66.539ms
[0.861s][info][gc,cpu         ] GC(32) User=0.17s Sys=0.00s Real=0.07s
[0.874s][info][gc,start       ] GC(33) Pause Young (Allocation Failure)
[0.895s][info][gc,heap        ] GC(33) PSYoungGen: 28375K(40448K)->28480K(44544K) Eden: 13824K(13824K)->0K(13824K) From: 14551K(26624K)->28480K(30720K)
[0.895s][info][gc,heap        ] GC(33) ParOldGen: 112949K(142336K)->112949K(142336K)
[0.895s][info][gc,metaspace   ] GC(33) Metaspace: 6298K(6464K)->6298K(6464K) NonClass: 5765K(5824K)->5765K(5824K) Class: 533K(640K)->533K(640K)
[0.895s][info][gc             ] GC(33) Pause Young (Allocation Failure) 138M->138M(182M) 20.532ms
[0.895s][info][gc,cpu         ] GC(33) User=0.05s Sys=0.00s Real=0.02s
[0.908s][info][gc,start       ] GC(34) Pause Young (Allocation Failure)
[0.931s][info][gc,heap        ] GC(34) PSYoungGen: 42304K(44544K)->35328K(43520K) Eden: 13824K(13824K)->0K(8192K) From: 28480K(30720K)->35328K(35328K)
[0.931s][info][gc,heap        ] GC(34) ParOldGen: 112949K(142336K)->119949K(142336K)
[0.931s][info][gc,metaspace   ] GC(34) Metaspace: 6298K(6464K)->6298K(6464K) NonClass: 5765K(5824K)->5765K(5824K) Class: 533K(640K)->533K(640K)
[0.931s][info][gc             ] GC(34) Pause Young (Allocation Failure) 151M->151M(181M) 23.003ms
[0.931s][info][gc,cpu         ] GC(34) User=0.06s Sys=0.00s Real=0.02s
[0.939s][info][gc,start       ] GC(35) Pause Young (Allocation Failure)
[0.962s][info][gc,heap        ] GC(35) PSYoungGen: 43520K(43520K)->33088K(51712K) Eden: 8192K(8192K)->0K(8192K) From: 35328K(35328K)->33088K(43520K)
[0.962s][info][gc,heap        ] GC(35) ParOldGen: 119949K(142336K)->130597K(142336K)
[0.962s][info][gc,metaspace   ] GC(35) Metaspace: 6298K(6464K)->6298K(6464K) NonClass: 5765K(5824K)->5765K(5824K) Class: 533K(640K)->533K(640K)
[0.962s][info][gc             ] GC(35) Pause Young (Allocation Failure) 159M->159M(189M) 22.653ms
[0.962s][info][gc,cpu         ] GC(35) User=0.06s Sys=0.00s Real=0.02s
[0.962s][info][gc,start       ] GC(36) Pause Full (Ergonomics)
[0.962s][info][gc,phases,start] GC(36) Marking Phase
[1.008s][info][gc,phases      ] GC(36) Marking Phase 45.518ms
[1.008s][info][gc,phases,start] GC(36) Summary Phase
[1.008s][info][gc,phases      ] GC(36) Summary Phase 0.016ms
[1.008s][info][gc,phases,start] GC(36) Adjust Roots
[1.008s][info][gc,phases      ] GC(36) Adjust Roots 0.176ms
[1.008s][info][gc,phases,start] GC(36) Compaction Phase
[1.031s][info][gc,phases      ] GC(36) Compaction Phase 23.397ms
[1.031s][info][gc,phases,start] GC(36) Post Compact
[1.032s][info][gc,phases      ] GC(36) Post Compact 0.812ms
[1.032s][info][gc,heap        ] GC(36) PSYoungGen: 33088K(51712K)->21187K(51712K) Eden: 0K(8192K)->0K(8192K) From: 33088K(43520K)->21187K(43520K)
[1.032s][info][gc,heap        ] GC(36) ParOldGen: 130597K(142336K)->142059K(174592K)
[1.032s][info][gc,metaspace   ] GC(36) Metaspace: 6298K(6464K)->6298K(6464K) NonClass: 5765K(5824K)->5765K(5824K) Class: 533K(640K)->533K(640K)
[1.032s][info][gc             ] GC(36) Pause Full (Ergonomics) 159M->159M(221M) 70.380ms
[1.032s][info][gc,cpu         ] GC(36) User=0.17s Sys=0.00s Real=0.07s
[1.041s][info][gc,start       ] GC(37) Pause Young (Allocation Failure)
[1.063s][info][gc,heap        ] GC(37) PSYoungGen: 29379K(51712K)->21408K(53760K) Eden: 8192K(8192K)->0K(9728K) From: 21187K(43520K)->21408K(44032K)
[1.063s][info][gc,heap        ] GC(37) ParOldGen: 142059K(174592K)->150243K(174592K)
[1.063s][info][gc,metaspace   ] GC(37) Metaspace: 6298K(6464K)->6298K(6464K) NonClass: 5765K(5824K)->5765K(5824K) Class: 533K(640K)->533K(640K)
[1.064s][info][gc             ] GC(37) Pause Young (Allocation Failure) 167M->167M(223M) 22.352ms
[1.064s][info][gc,cpu         ] GC(37) User=0.06s Sys=0.00s Real=0.02s
[1.101s][info][gc,start       ] GC(38) Pause Young (Allocation Failure)
[1.120s][info][gc,heap        ] GC(38) PSYoungGen: 31136K(53760K)->23904K(55296K) Eden: 9728K(9728K)->0K(9728K) From: 21408K(44032K)->23904K(45568K)
[1.120s][info][gc,heap        ] GC(38) ParOldGen: 158435K(174592K)->165739K(174592K)
[1.120s][info][gc,metaspace   ] GC(38) Metaspace: 6298K(6464K)->6298K(6464K) NonClass: 5765K(5824K)->5765K(5824K) Class: 533K(640K)->533K(640K)
[1.120s][info][gc             ] GC(38) Pause Young (Allocation Failure) 185M->185M(224M) 19.898ms
[1.121s][info][gc,cpu         ] GC(38) User=0.06s Sys=0.00s Real=0.02s
[1.121s][info][gc,start       ] GC(39) Pause Full (Ergonomics)
[1.121s][info][gc,phases,start] GC(39) Marking Phase
[1.170s][info][gc,phases      ] GC(39) Marking Phase 48.995ms
[1.170s][info][gc,phases,start] GC(39) Summary Phase
[1.170s][info][gc,phases      ] GC(39) Summary Phase 0.017ms
[1.170s][info][gc,phases,start] GC(39) Adjust Roots
[1.170s][info][gc,phases      ] GC(39) Adjust Roots 0.139ms
[1.170s][info][gc,phases,start] GC(39) Compaction Phase
[1.207s][info][gc,phases      ] GC(39) Compaction Phase 36.786ms
[1.207s][info][gc,phases,start] GC(39) Post Compact
[1.207s][info][gc,phases      ] GC(39) Post Compact 0.735ms
[1.208s][info][gc,heap        ] GC(39) PSYoungGen: 23904K(55296K)->11044K(55296K) Eden: 0K(9728K)->0K(9728K) From: 23904K(45568K)->11044K(45568K)
[1.208s][info][gc,heap        ] GC(39) ParOldGen: 165739K(174592K)->174158K(208384K)
[1.208s][info][gc,metaspace   ] GC(39) Metaspace: 6298K(6464K)->6298K(6464K) NonClass: 5765K(5824K)->5765K(5824K) Class: 533K(640K)->533K(640K)
[1.208s][info][gc             ] GC(39) Pause Full (Ergonomics) 185M->180M(257M) 87.091ms
[1.208s][info][gc,cpu         ] GC(39) User=0.30s Sys=0.00s Real=0.09s
[1.218s][info][gc,start       ] GC(40) Pause Young (Allocation Failure)
[1.236s][info][gc,heap        ] GC(40) PSYoungGen: 20772K(55296K)->20896K(52224K) Eden: 9728K(9728K)->0K(11264K) From: 11044K(45568K)->20896K(40960K)
[1.236s][info][gc,heap        ] GC(40) ParOldGen: 174158K(208384K)->174158K(208384K)
[1.236s][info][gc,metaspace   ] GC(40) Metaspace: 6298K(6464K)->6298K(6464K) NonClass: 5765K(5824K)->5765K(5824K) Class: 533K(640K)->533K(640K)
[1.236s][info][gc             ] GC(40) Pause Young (Allocation Failure) 190M->190M(254M) 17.747ms
[1.236s][info][gc,cpu         ] GC(40) User=0.06s Sys=0.00s Real=0.02s
[1.247s][info][gc,start       ] GC(41) Pause Young (Allocation Failure)
[1.262s][info][gc,heap        ] GC(41) PSYoungGen: 32160K(52224K)->32128K(54272K) Eden: 11264K(11264K)->0K(11264K) From: 20896K(40960K)->32128K(43008K)
[1.262s][info][gc,heap        ] GC(41) ParOldGen: 174158K(208384K)->174158K(208384K)
[1.262s][info][gc,metaspace   ] GC(41) Metaspace: 6298K(6464K)->6298K(6464K) NonClass: 5765K(5824K)->5765K(5824K) Class: 533K(640K)->533K(640K)
[1.262s][info][gc             ] GC(41) Pause Young (Allocation Failure) 201M->201M(256M) 15.665ms
[1.262s][info][gc,cpu         ] GC(41) User=0.00s Sys=0.00s Real=0.02s
[1.273s][info][gc,start       ] GC(42) Pause Young (Allocation Failure)
[1.294s][info][gc,heap        ] GC(42) PSYoungGen: 43392K(54272K)->43392K(52736K) Eden: 11264K(11264K)->0K(7168K) From: 32128K(43008K)->43392K(45568K)
[1.294s][info][gc,heap        ] GC(42) ParOldGen: 174158K(208384K)->174158K(208384K)
[1.294s][info][gc,metaspace   ] GC(42) Metaspace: 6298K(6464K)->6298K(6464K) NonClass: 5765K(5824K)->5765K(5824K) Class: 533K(640K)->533K(640K)
[1.294s][info][gc             ] GC(42) Pause Young (Allocation Failure) 212M->212M(255M) 20.389ms
[1.294s][info][gc,cpu         ] GC(42) User=0.06s Sys=0.02s Real=0.02s
[1.301s][info][gc,start       ] GC(43) Pause Young (Allocation Failure)
[1.324s][info][gc,heap        ] GC(43) PSYoungGen: 50560K(52736K)->48128K(58880K) Eden: 7168K(7168K)->0K(7168K) From: 43392K(45568K)->48128K(51712K)
[1.324s][info][gc,heap        ] GC(43) ParOldGen: 174158K(208384K)->176662K(208384K)
[1.324s][info][gc,metaspace   ] GC(43) Metaspace: 6298K(6464K)->6298K(6464K) NonClass: 5765K(5824K)->5765K(5824K) Class: 533K(640K)->533K(640K)
[1.324s][info][gc             ] GC(43) Pause Young (Allocation Failure) 219M->219M(261M) 22.596ms
[1.324s][info][gc,cpu         ] GC(43) User=0.09s Sys=0.00s Real=0.02s
[1.332s][info][gc,start       ] GC(44) Pause Young (Allocation Failure)
[1.358s][info][gc,heap        ] GC(44) PSYoungGen: 55296K(58880K)->46624K(61952K) Eden: 7168K(7168K)->0K(4096K) From: 48128K(51712K)->46624K(57856K)
[1.358s][info][gc,heap        ] GC(44) ParOldGen: 176662K(208384K)->185406K(208384K)
[1.358s][info][gc,metaspace   ] GC(44) Metaspace: 6298K(6464K)->6298K(6464K) NonClass: 5765K(5824K)->5765K(5824K) Class: 533K(640K)->533K(640K)
[1.358s][info][gc             ] GC(44) Pause Young (Allocation Failure) 226M->226M(264M) 26.453ms
[1.358s][info][gc,cpu         ] GC(44) User=0.05s Sys=0.02s Real=0.03s
[1.363s][info][gc,start       ] GC(45) Pause Young (Allocation Failure)
[1.388s][info][gc,heap        ] GC(45) PSYoungGen: 50720K(61952K)->29760K(34304K) Eden: 4096K(4096K)->0K(4096K) From: 46624K(57856K)->29760K(30208K)
[1.388s][info][gc,heap        ] GC(45) ParOldGen: 185406K(208384K)->206662K(208384K)
[1.388s][info][gc,metaspace   ] GC(45) Metaspace: 6298K(6464K)->6298K(6464K) NonClass: 5765K(5824K)->5765K(5824K) Class: 533K(640K)->533K(640K)
[1.388s][info][gc             ] GC(45) Pause Young (Allocation Failure) 230M->230M(237M) 24.673ms
[1.388s][info][gc,cpu         ] GC(45) User=0.05s Sys=0.00s Real=0.03s
[1.388s][info][gc,start       ] GC(46) Pause Full (Ergonomics)
[1.388s][info][gc,phases,start] GC(46) Marking Phase
[1.446s][info][gc,phases      ] GC(46) Marking Phase 58.718ms
[1.447s][info][gc,phases,start] GC(46) Summary Phase
[1.447s][info][gc,phases      ] GC(46) Summary Phase 0.019ms
[1.447s][info][gc,phases,start] GC(46) Adjust Roots
[1.447s][info][gc,phases      ] GC(46) Adjust Roots 0.171ms
[1.447s][info][gc,phases,start] GC(46) Compaction Phase
[1.477s][info][gc,phases      ] GC(46) Compaction Phase 30.681ms
[1.478s][info][gc,phases,start] GC(46) Post Compact
[1.479s][info][gc,phases      ] GC(46) Post Compact 1.010ms
[1.479s][info][gc,heap        ] GC(46) PSYoungGen: 29760K(34304K)->27525K(34304K) Eden: 0K(4096K)->0K(4096K) From: 29760K(30208K)->27525K(30208K)
[1.479s][info][gc,heap        ] GC(46) ParOldGen: 206662K(208384K)->208174K(248320K)
[1.479s][info][gc,metaspace   ] GC(46) Metaspace: 6298K(6464K)->6298K(6464K) NonClass: 5765K(5824K)->5765K(5824K) Class: 533K(640K)->533K(640K)
[1.479s][info][gc             ] GC(46) Pause Full (Ergonomics) 230M->230M(276M) 91.094ms
[1.479s][info][gc,cpu         ] GC(46) User=0.34s Sys=0.00s Real=0.09s
[1.484s][info][gc,start       ] GC(47) Pause Young (Allocation Failure)
[1.507s][info][gc,heap        ] GC(47) PSYoungGen: 31621K(34304K)->14688K(62976K) Eden: 4096K(4096K)->0K(5120K) From: 27525K(30208K)->14688K(57856K)
[1.507s][info][gc,heap        ] GC(47) ParOldGen: 208174K(248320K)->225486K(248320K)
[1.507s][info][gc,metaspace   ] GC(47) Metaspace: 6298K(6464K)->6298K(6464K) NonClass: 5765K(5824K)->5765K(5824K) Class: 533K(640K)->533K(640K)
[1.507s][info][gc             ] GC(47) Pause Young (Allocation Failure) 234M->234M(304M) 23.259ms
[1.507s][info][gc,cpu         ] GC(47) User=0.08s Sys=0.02s Real=0.02s
[1.513s][info][gc,start       ] GC(48) Pause Young (Allocation Failure)
[1.524s][info][gc,heap        ] GC(48) PSYoungGen: 19808K(62976K)->9280K(64000K) Eden: 5120K(5120K)->0K(5120K) From: 14688K(57856K)->9280K(58880K)
[1.524s][info][gc,heap        ] GC(48) ParOldGen: 225486K(248320K)->236150K(248320K)
[1.524s][info][gc,metaspace   ] GC(48) Metaspace: 6298K(6464K)->6298K(6464K) NonClass: 5765K(5824K)->5765K(5824K) Class: 533K(640K)->533K(640K)
[1.524s][info][gc             ] GC(48) Pause Young (Allocation Failure) 239M->239M(305M) 11.856ms
[1.524s][info][gc,cpu         ] GC(48) User=0.02s Sys=0.00s Real=0.01s
[1.524s][info][gc,start       ] GC(49) Pause Full (Ergonomics)
[1.525s][info][gc,phases,start] GC(49) Marking Phase
[1.584s][info][gc,phases      ] GC(49) Marking Phase 59.683ms
[1.584s][info][gc,phases,start] GC(49) Summary Phase
[1.584s][info][gc,phases      ] GC(49) Summary Phase 0.036ms
[1.584s][info][gc,phases,start] GC(49) Adjust Roots
[1.585s][info][gc,phases      ] GC(49) Adjust Roots 0.280ms
[1.585s][info][gc,phases,start] GC(49) Compaction Phase
[1.610s][info][gc,phases      ] GC(49) Compaction Phase 25.558ms
[1.610s][info][gc,phases,start] GC(49) Post Compact
[1.612s][info][gc,phases      ] GC(49) Post Compact 1.270ms
[1.612s][info][gc,heap        ] GC(49) PSYoungGen: 9280K(64000K)->0K(65024K) Eden: 0K(5120K)->0K(6144K) From: 9280K(58880K)->0K(58880K)
[1.612s][info][gc,heap        ] GC(49) ParOldGen: 236150K(248320K)->244852K(290304K)
[1.612s][info][gc,metaspace   ] GC(49) Metaspace: 6298K(6464K)->6298K(6464K) NonClass: 5765K(5824K)->5765K(5824K) Class: 533K(640K)->533K(640K)
[1.612s][info][gc             ] GC(49) Pause Full (Ergonomics) 239M->239M(347M) 87.394ms
[1.612s][info][gc,cpu         ] GC(49) User=0.48s Sys=0.00s Real=0.09s
[1.619s][info][gc,start       ] GC(50) Pause Young (Allocation Failure)
[1.624s][info][gc,heap        ] GC(50) PSYoungGen: 6144K(65024K)->6240K(65024K) Eden: 6144K(6144K)->0K(6144K) From: 0K(58880K)->6240K(58880K)
[1.624s][info][gc,heap        ] GC(50) ParOldGen: 244852K(290304K)->244852K(290304K)
[1.624s][info][gc,metaspace   ] GC(50) Metaspace: 6298K(6464K)->6298K(6464K) NonClass: 5765K(5824K)->5765K(5824K) Class: 533K(640K)->533K(640K)
[1.624s][info][gc             ] GC(50) Pause Young (Allocation Failure) 245M->245M(347M) 4.448ms
[1.624s][info][gc,cpu         ] GC(50) User=0.00s Sys=0.00s Real=0.01s
[1.631s][info][gc,start       ] GC(51) Pause Young (Allocation Failure)
[1.638s][info][gc,heap        ] GC(51) PSYoungGen: 12384K(65024K)->12352K(62464K) Eden: 6144K(6144K)->0K(7168K) From: 6240K(58880K)->12352K(55296K)
[1.638s][info][gc,heap        ] GC(51) ParOldGen: 244852K(290304K)->244852K(290304K)
[1.638s][info][gc,metaspace   ] GC(51) Metaspace: 6298K(6464K)->6298K(6464K) NonClass: 5765K(5824K)->5765K(5824K) Class: 533K(640K)->533K(640K)
[1.638s][info][gc             ] GC(51) Pause Young (Allocation Failure) 251M->251M(344M) 7.750ms
[1.638s][info][gc,cpu         ] GC(51) User=0.00s Sys=0.00s Real=0.01s
[1.647s][info][gc,start       ] GC(52) Pause Young (Allocation Failure)
[1.657s][info][gc,heap        ] GC(52) PSYoungGen: 19520K(62464K)->13440K(20992K) Eden: 7168K(7168K)->0K(7168K) From: 12352K(55296K)->13440K(13824K)
[1.657s][info][gc,heap        ] GC(52) ParOldGen: 244852K(290304K)->251068K(290304K)
[1.657s][info][gc,metaspace   ] GC(52) Metaspace: 6298K(6464K)->6298K(6464K) NonClass: 5765K(5824K)->5765K(5824K) Class: 533K(640K)->533K(640K)
[1.657s][info][gc             ] GC(52) Pause Young (Allocation Failure) 258M->258M(304M) 10.437ms
[1.657s][info][gc,cpu         ] GC(52) User=0.00s Sys=0.02s Real=0.01s
[1.666s][info][gc,start       ] GC(53) Pause Young (Allocation Failure)
[1.677s][info][gc,heap        ] GC(53) PSYoungGen: 20608K(20992K)->14464K(58880K) Eden: 7168K(7168K)->0K(8704K) From: 13440K(13824K)->14464K(50176K)
[1.677s][info][gc,heap        ] GC(53) ParOldGen: 251068K(290304K)->257292K(290304K)
[1.677s][info][gc,metaspace   ] GC(53) Metaspace: 6298K(6464K)->6298K(6464K) NonClass: 5765K(5824K)->5765K(5824K) Class: 533K(640K)->533K(640K)
[1.677s][info][gc             ] GC(53) Pause Young (Allocation Failure) 265M->265M(341M) 10.885ms
[1.677s][info][gc,cpu         ] GC(53) User=0.02s Sys=0.00s Real=0.01s
[1.687s][info][gc,start       ] GC(54) Pause Young (Allocation Failure)
[1.699s][info][gc,heap        ] GC(54) PSYoungGen: 23168K(58880K)->16000K(25088K) Eden: 8704K(8704K)->0K(8704K) From: 14464K(50176K)->16000K(16384K)
[1.699s][info][gc,heap        ] GC(54) ParOldGen: 257292K(290304K)->264580K(290304K)
[1.699s][info][gc,metaspace   ] GC(54) Metaspace: 6298K(6464K)->6298K(6464K) NonClass: 5765K(5824K)->5765K(5824K) Class: 533K(640K)->533K(640K)
[1.699s][info][gc             ] GC(54) Pause Young (Allocation Failure) 273M->274M(308M) 12.309ms
[1.699s][info][gc,cpu         ] GC(54) User=0.00s Sys=0.00s Real=0.01s
[1.709s][info][gc,start       ] GC(55) Pause Young (Allocation Failure)
[1.723s][info][gc,heap        ] GC(55) PSYoungGen: 24704K(25088K)->17504K(54272K) Eden: 8704K(8704K)->0K(10240K) From: 16000K(16384K)->17504K(44032K)
[1.723s][info][gc,heap        ] GC(55) ParOldGen: 264580K(290304K)->271844K(290304K)
[1.723s][info][gc,metaspace   ] GC(55) Metaspace: 6298K(6464K)->6298K(6464K) NonClass: 5765K(5824K)->5765K(5824K) Class: 533K(640K)->533K(640K)
[1.723s][info][gc             ] GC(55) Pause Young (Allocation Failure) 282M->282M(336M) 13.489ms
[1.723s][info][gc,cpu         ] GC(55) User=0.00s Sys=0.00s Real=0.01s
[1.734s][info][gc,start       ] GC(56) Pause Young (Allocation Failure)
[1.749s][info][gc,heap        ] GC(56) PSYoungGen: 27744K(54272K)->19040K(29696K) Eden: 10240K(10240K)->0K(10240K) From: 17504K(44032K)->19040K(19456K)
[1.749s][info][gc,heap        ] GC(56) ParOldGen: 271844K(290304K)->280676K(290304K)
[1.749s][info][gc,metaspace   ] GC(56) Metaspace: 6298K(6464K)->6298K(6464K) NonClass: 5765K(5824K)->5765K(5824K) Class: 533K(640K)->533K(640K)
[1.749s][info][gc             ] GC(56) Pause Young (Allocation Failure) 292M->292M(312M) 14.560ms
[1.749s][info][gc,cpu         ] GC(56) User=0.00s Sys=0.00s Real=0.01s
[1.749s][info][gc,start       ] GC(57) Pause Full (Ergonomics)
[1.749s][info][gc,phases,start] GC(57) Marking Phase
[1.817s][info][gc,phases      ] GC(57) Marking Phase 67.845ms
[1.817s][info][gc,phases,start] GC(57) Summary Phase
[1.817s][info][gc,phases      ] GC(57) Summary Phase 0.018ms
[1.817s][info][gc,phases,start] GC(57) Adjust Roots
[1.817s][info][gc,phases      ] GC(57) Adjust Roots 0.149ms
[1.817s][info][gc,phases,start] GC(57) Compaction Phase
[1.848s][info][gc,phases      ] GC(57) Compaction Phase 30.962ms
[1.848s][info][gc,phases,start] GC(57) Post Compact
[1.849s][info][gc,phases      ] GC(57) Post Compact 1.321ms
[1.850s][info][gc,heap        ] GC(57) PSYoungGen: 19040K(29696K)->8655K(29696K) Eden: 0K(10240K)->0K(10240K) From: 19040K(19456K)->8655K(19456K)
[1.850s][info][gc,heap        ] GC(57) ParOldGen: 280676K(290304K)->290243K(332800K)
[1.850s][info][gc,metaspace   ] GC(57) Metaspace: 6298K(6464K)->6298K(6464K) NonClass: 5765K(5824K)->5765K(5824K) Class: 533K(640K)->533K(640K)
[1.850s][info][gc             ] GC(57) Pause Full (Ergonomics) 292M->291M(354M) 100.782ms
[1.850s][info][gc,cpu         ] GC(57) User=0.53s Sys=0.02s Real=0.10s
[1.861s][info][gc,start       ] GC(58) Pause Young (Allocation Failure)
[1.885s][info][gc,heap        ] GC(58) PSYoungGen: 18895K(29696K)->15296K(53248K) Eden: 10240K(10240K)->0K(11776K) From: 8655K(19456K)->15296K(41472K)
[1.885s][info][gc,heap        ] GC(58) ParOldGen: 290243K(332800K)->294051K(332800K)
[1.885s][info][gc,metaspace   ] GC(58) Metaspace: 6298K(6464K)->6298K(6464K) NonClass: 5765K(5824K)->5765K(5824K) Class: 533K(640K)->533K(640K)
[1.885s][info][gc             ] GC(58) Pause Young (Allocation Failure) 301M->302M(377M) 23.170ms
[1.885s][info][gc,cpu         ] GC(58) User=0.08s Sys=0.02s Real=0.02s
[1.898s][info][gc,start       ] GC(59) Pause Young (Allocation Failure)
[1.913s][info][gc,heap        ] GC(59) PSYoungGen: 27072K(53248K)->22112K(54784K) Eden: 11776K(11776K)->0K(11776K) From: 15296K(41472K)->22112K(43008K)
[1.913s][info][gc,heap        ] GC(59) ParOldGen: 294051K(332800K)->299059K(332800K)
[1.913s][info][gc,metaspace   ] GC(59) Metaspace: 6298K(6464K)->6298K(6464K) NonClass: 5765K(5824K)->5765K(5824K) Class: 533K(640K)->533K(640K)
[1.913s][info][gc             ] GC(59) Pause Young (Allocation Failure) 313M->313M(378M) 14.329ms
[1.913s][info][gc,cpu         ] GC(59) User=0.02s Sys=0.00s Real=0.01s
[1.927s][info][gc,start       ] GC(60) Pause Young (Allocation Failure)
[1.944s][info][gc,heap        ] GC(60) PSYoungGen: 33888K(54784K)->23648K(54784K) Eden: 11776K(11776K)->0K(13824K) From: 22112K(43008K)->23648K(40960K)
[1.944s][info][gc,heap        ] GC(60) ParOldGen: 299059K(332800K)->309443K(332800K)
[1.944s][info][gc,metaspace   ] GC(60) Metaspace: 6298K(6464K)->6298K(6464K) NonClass: 5765K(5824K)->5765K(5824K) Class: 533K(640K)->533K(640K)
[1.944s][info][gc             ] GC(60) Pause Young (Allocation Failure) 325M->325M(378M) 17.560ms
[1.944s][info][gc,cpu         ] GC(60) User=0.02s Sys=0.00s Real=0.02s
[1.959s][info][gc,start       ] GC(61) Pause Young (Allocation Failure)
[1.979s][info][gc,heap        ] GC(61) PSYoungGen: 37472K(54784K)->25728K(54784K) Eden: 13824K(13824K)->0K(13824K) From: 23648K(40960K)->25728K(40960K)
[1.979s][info][gc,heap        ] GC(61) ParOldGen: 309443K(332800K)->321395K(332800K)
[1.979s][info][gc,metaspace   ] GC(61) Metaspace: 6298K(6464K)->6298K(6464K) NonClass: 5765K(5824K)->5765K(5824K) Class: 533K(640K)->533K(640K)
[1.979s][info][gc             ] GC(61) Pause Young (Allocation Failure) 338M->338M(378M) 19.518ms
[1.979s][info][gc,cpu         ] GC(61) User=0.09s Sys=0.02s Real=0.02s
[1.979s][info][gc,start       ] GC(62) Pause Full (Ergonomics)
[1.979s][info][gc,phases,start] GC(62) Marking Phase
[2.049s][info][gc,phases      ] GC(62) Marking Phase 69.667ms
[2.049s][info][gc,phases,start] GC(62) Summary Phase
[2.049s][info][gc,phases      ] GC(62) Summary Phase 0.038ms
[2.049s][info][gc,phases,start] GC(62) Adjust Roots
[2.049s][info][gc,phases      ] GC(62) Adjust Roots 0.219ms
[2.049s][info][gc,phases,start] GC(62) Compaction Phase
[2.084s][info][gc,phases      ] GC(62) Compaction Phase 34.826ms
[2.084s][info][gc,phases,start] GC(62) Post Compact
[2.086s][info][gc,phases      ] GC(62) Post Compact 1.540ms
[2.086s][info][gc,heap        ] GC(62) PSYoungGen: 25728K(54784K)->13781K(54784K) Eden: 0K(13824K)->0K(13824K) From: 25728K(40960K)->13781K(40960K)
[2.086s][info][gc,heap        ] GC(62) ParOldGen: 321395K(332800K)->332610K(378880K)
[2.086s][info][gc,metaspace   ] GC(62) Metaspace: 6298K(6464K)->6298K(6464K) NonClass: 5765K(5824K)->5765K(5824K) Class: 533K(640K)->533K(640K)
[2.086s][info][gc             ] GC(62) Pause Full (Ergonomics) 338M->338M(423M) 106.834ms
[2.086s][info][gc,cpu         ] GC(62) User=0.66s Sys=0.00s Real=0.11s
[2.165s][info][gc,start       ] GC(63) Pause Young (Allocation Failure)
[2.193s][info][gc,heap        ] GC(63) PSYoungGen: 27605K(54784K)->21120K(52736K) Eden: 13824K(13824K)->0K(15360K) From: 13781K(40960K)->21120K(37376K)
[2.193s][info][gc,heap        ] GC(63) ParOldGen: 348994K(378880K)->355730K(378880K)
[2.193s][info][gc,metaspace   ] GC(63) Metaspace: 6298K(6464K)->6298K(6464K) NonClass: 5765K(5824K)->5765K(5824K) Class: 533K(640K)->533K(640K)
[2.193s][info][gc             ] GC(63) Pause Young (Allocation Failure) 367M->368M(421M) 27.809ms
[2.193s][info][gc,cpu         ] GC(63) User=0.11s Sys=0.00s Real=0.03s
[2.208s][info][gc,start       ] GC(64) Pause Young (Allocation Failure)
[2.226s][info][gc,heap        ] GC(64) PSYoungGen: 36480K(52736K)->36512K(54784K) Eden: 15360K(15360K)->0K(15360K) From: 21120K(37376K)->36512K(39424K)
[2.226s][info][gc,heap        ] GC(64) ParOldGen: 355730K(378880K)->355730K(378880K)
[2.226s][info][gc,metaspace   ] GC(64) Metaspace: 6298K(6464K)->6298K(6464K) NonClass: 5765K(5824K)->5765K(5824K) Class: 533K(640K)->533K(640K)
[2.226s][info][gc             ] GC(64) Pause Young (Allocation Failure) 383M->383M(423M) 18.210ms
[2.226s][info][gc,cpu         ] GC(64) User=0.12s Sys=0.00s Real=0.02s
[2.242s][info][gc,start       ] GC(65) Pause Young (Allocation Failure)
[2.267s][info][gc,heap        ] GC(65) PSYoungGen: 51872K(54784K)->43520K(52224K) Eden: 15360K(15360K)->0K(8704K) From: 36512K(39424K)->43520K(43520K)
[2.267s][info][gc,heap        ] GC(65) ParOldGen: 355730K(378880K)->364042K(378880K)
[2.267s][info][gc,metaspace   ] GC(65) Metaspace: 6298K(6464K)->6298K(6464K) NonClass: 5765K(5824K)->5765K(5824K) Class: 533K(640K)->533K(640K)
[2.267s][info][gc             ] GC(65) Pause Young (Allocation Failure) 398M->398M(421M) 25.756ms
[2.267s][info][gc,cpu         ] GC(65) User=0.11s Sys=0.00s Real=0.03s
[2.268s][info][gc,start       ] GC(66) Pause Full (Ergonomics)
[2.268s][info][gc,phases,start] GC(66) Marking Phase
[2.352s][info][gc,phases      ] GC(66) Marking Phase 84.335ms
[2.352s][info][gc,phases,start] GC(66) Summary Phase
[2.352s][info][gc,phases      ] GC(66) Summary Phase 0.036ms
[2.352s][info][gc,phases,start] GC(66) Adjust Roots
[2.352s][info][gc,phases      ] GC(66) Adjust Roots 0.239ms
[2.352s][info][gc,phases,start] GC(66) Compaction Phase
[2.425s][info][gc,phases      ] GC(66) Compaction Phase 72.894ms
[2.425s][info][gc,phases,start] GC(66) Post Compact
[2.427s][info][gc,phases      ] GC(66) Post Compact 2.137ms
[2.428s][info][gc,heap        ] GC(66) PSYoungGen: 43520K(52224K)->20432K(52224K) Eden: 0K(8704K)->0K(8704K) From: 43520K(43520K)->20432K(43520K)
[2.428s][info][gc,heap        ] GC(66) ParOldGen: 364042K(378880K)->378601K(425984K)
[2.428s][info][gc,metaspace   ] GC(66) Metaspace: 6298K(6464K)->6298K(6464K) NonClass: 5765K(5824K)->5765K(5824K) Class: 533K(640K)->533K(640K)
[2.428s][info][gc             ] GC(66) Pause Full (Ergonomics) 398M->389M(467M) 160.249ms
[2.428s][info][gc,cpu         ] GC(66) User=0.91s Sys=0.03s Real=0.16s
[2.440s][info][gc,start       ] GC(67) Pause Young (Allocation Failure)
[2.470s][info][gc,heap        ] GC(67) PSYoungGen: 29136K(52224K)->16512K(60928K) Eden: 8704K(8704K)->0K(8704K) From: 20432K(43520K)->16512K(52224K)
[2.470s][info][gc,heap        ] GC(67) ParOldGen: 378601K(425984K)->391585K(425984K)
[2.470s][info][gc,metaspace   ] GC(67) Metaspace: 6298K(6464K)->6298K(6464K) NonClass: 5765K(5824K)->5765K(5824K) Class: 533K(640K)->533K(640K)
[2.470s][info][gc             ] GC(67) Pause Young (Allocation Failure) 398M->398M(475M) 30.274ms
[2.470s][info][gc,cpu         ] GC(67) User=0.12s Sys=0.00s Real=0.03s
[2.480s][info][gc,start       ] GC(68) Pause Young (Allocation Failure)
[2.493s][info][gc,heap        ] GC(68) PSYoungGen: 25216K(60928K)->25152K(55808K) Eden: 8704K(8704K)->0K(9728K) From: 16512K(52224K)->25152K(46080K)
[2.493s][info][gc,heap        ] GC(68) ParOldGen: 391585K(425984K)->391585K(425984K)
[2.493s][info][gc,metaspace   ] GC(68) Metaspace: 6298K(6464K)->6298K(6464K) NonClass: 5765K(5824K)->5765K(5824K) Class: 533K(640K)->533K(640K)
[2.493s][info][gc             ] GC(68) Pause Young (Allocation Failure) 407M->406M(470M) 12.719ms
[2.493s][info][gc,cpu         ] GC(68) User=0.02s Sys=0.00s Real=0.01s
[2.503s][info][gc,start       ] GC(69) Pause Young (Allocation Failure)
[2.520s][info][gc,heap        ] GC(69) PSYoungGen: 34880K(55808K)->27232K(58368K) Eden: 9728K(9728K)->0K(9728K) From: 25152K(46080K)->27232K(48640K)
[2.520s][info][gc,heap        ] GC(69) ParOldGen: 391585K(425984K)->399353K(425984K)
[2.520s][info][gc,metaspace   ] GC(69) Metaspace: 6298K(6464K)->6298K(6464K) NonClass: 5765K(5824K)->5765K(5824K) Class: 533K(640K)->533K(640K)
[2.520s][info][gc             ] GC(69) Pause Young (Allocation Failure) 416M->416M(473M) 17.392ms
[2.520s][info][gc,cpu         ] GC(69) User=0.03s Sys=0.09s Real=0.02s
[2.531s][info][gc,start       ] GC(70) Pause Young (Allocation Failure)
[2.549s][info][gc,heap        ] GC(70) PSYoungGen: 36960K(58368K)->28288K(56832K) Eden: 9728K(9728K)->0K(11264K) From: 27232K(48640K)->28288K(45568K)
[2.549s][info][gc,heap        ] GC(70) ParOldGen: 399353K(425984K)->408169K(425984K)
[2.549s][info][gc,metaspace   ] GC(70) Metaspace: 6298K(6464K)->6298K(6464K) NonClass: 5765K(5824K)->5765K(5824K) Class: 533K(640K)->533K(640K)
[2.549s][info][gc             ] GC(70) Pause Young (Allocation Failure) 426M->426M(471M) 18.130ms
[2.549s][info][gc,cpu         ] GC(70) User=0.11s Sys=0.00s Real=0.02s
[2.560s][info][gc,start       ] GC(71) Pause Young (Allocation Failure)
[2.580s][info][gc,heap        ] GC(71) PSYoungGen: 39552K(56832K)->21088K(57856K) Eden: 11264K(11264K)->0K(11264K) From: 28288K(45568K)->21088K(46592K)
[2.580s][info][gc,heap        ] GC(71) ParOldGen: 408169K(425984K)->426817K(427008K)
[2.580s][info][gc,metaspace   ] GC(71) Metaspace: 6298K(6464K)->6298K(6464K) NonClass: 5765K(5824K)->5765K(5824K) Class: 533K(640K)->533K(640K)
[2.580s][info][gc             ] GC(71) Pause Young (Allocation Failure) 437M->437M(473M) 19.837ms
[2.580s][info][gc,cpu         ] GC(71) User=0.12s Sys=0.00s Real=0.02s
[2.580s][info][gc,start       ] GC(72) Pause Full (Ergonomics)
[2.580s][info][gc,phases,start] GC(72) Marking Phase
[2.680s][info][gc,phases      ] GC(72) Marking Phase 99.953ms
[2.680s][info][gc,phases,start] GC(72) Summary Phase
[2.680s][info][gc,phases      ] GC(72) Summary Phase 0.024ms
[2.680s][info][gc,phases,start] GC(72) Adjust Roots
[2.680s][info][gc,phases      ] GC(72) Adjust Roots 0.258ms
[2.680s][info][gc,phases,start] GC(72) Compaction Phase
[2.732s][info][gc,phases      ] GC(72) Compaction Phase 51.539ms
[2.732s][info][gc,phases,start] GC(72) Post Compact
[2.734s][info][gc,phases      ] GC(72) Post Compact 2.240ms
[2.734s][info][gc,heap        ] GC(72) PSYoungGen: 21088K(57856K)->20422K(57856K) Eden: 0K(11264K)->0K(11264K) From: 21088K(46592K)->20422K(46592K)
[2.734s][info][gc,heap        ] GC(72) ParOldGen: 426817K(427008K)->426588K(481280K)
[2.734s][info][gc,metaspace   ] GC(72) Metaspace: 6298K(6464K)->6298K(6464K) NonClass: 5765K(5824K)->5765K(5824K) Class: 533K(640K)->533K(640K)
[2.734s][info][gc             ] GC(72) Pause Full (Ergonomics) 437M->436M(526M) 154.585ms
[2.734s][info][gc,cpu         ] GC(72) User=0.98s Sys=0.00s Real=0.15s
[2.747s][info][gc,start       ] GC(73) Pause Young (Allocation Failure)
[2.779s][info][gc,heap        ] GC(73) PSYoungGen: 31686K(57856K)->11392K(57856K) Eden: 11264K(11264K)->0K(12800K) From: 20422K(46592K)->11392K(45056K)
[2.779s][info][gc,heap        ] GC(73) ParOldGen: 426588K(481280K)->447316K(481280K)
[2.779s][info][gc,metaspace   ] GC(73) Metaspace: 6298K(6464K)->6298K(6464K) NonClass: 5765K(5824K)->5765K(5824K) Class: 533K(640K)->533K(640K)
[2.779s][info][gc             ] GC(73) Pause Young (Allocation Failure) 447M->447M(526M) 32.476ms
[2.779s][info][gc,cpu         ] GC(73) User=0.12s Sys=0.03s Real=0.03s
[2.793s][info][gc,start       ] GC(74) Pause Young (Allocation Failure)
[2.807s][info][gc,heap        ] GC(74) PSYoungGen: 24192K(57856K)->12928K(57856K) Eden: 12800K(12800K)->0K(12800K) From: 11392K(45056K)->12928K(45056K)
[2.807s][info][gc,heap        ] GC(74) ParOldGen: 447316K(481280K)->458732K(481280K)
[2.807s][info][gc,metaspace   ] GC(74) Metaspace: 6298K(6464K)->6298K(6464K) NonClass: 5765K(5824K)->5765K(5824K) Class: 533K(640K)->533K(640K)
[2.807s][info][gc             ] GC(74) Pause Young (Allocation Failure) 460M->460M(526M) 14.124ms
[2.807s][info][gc,cpu         ] GC(74) User=0.02s Sys=0.00s Real=0.01s
[2.821s][info][gc,start       ] GC(75) Pause Young (Allocation Failure)
[2.836s][info][gc,heap        ] GC(75) PSYoungGen: 25728K(57856K)->12928K(57344K) Eden: 12800K(12800K)->0K(14336K) From: 12928K(45056K)->12928K(43008K)
[2.836s][info][gc,heap        ] GC(75) ParOldGen: 458732K(481280K)->471716K(481280K)
[2.836s][info][gc,metaspace   ] GC(75) Metaspace: 6298K(6464K)->6298K(6464K) NonClass: 5765K(5824K)->5765K(5824K) Class: 533K(640K)->533K(640K)
[2.836s][info][gc             ] GC(75) Pause Young (Allocation Failure) 473M->473M(526M) 14.745ms
[2.836s][info][gc,cpu         ] GC(75) User=0.02s Sys=0.00s Real=0.01s
[2.836s][info][gc,start       ] GC(76) Pause Full (Ergonomics)
[2.836s][info][gc,phases,start] GC(76) Marking Phase
[2.939s][info][gc,phases      ] GC(76) Marking Phase 103.646ms
[2.939s][info][gc,phases,start] GC(76) Summary Phase
[2.939s][info][gc,phases      ] GC(76) Summary Phase 0.021ms
[2.939s][info][gc,phases,start] GC(76) Adjust Roots
[2.940s][info][gc,phases      ] GC(76) Adjust Roots 0.610ms
[2.940s][info][gc,phases,start] GC(76) Compaction Phase
[2.990s][info][gc,phases      ] GC(76) Compaction Phase 50.150ms
[2.990s][info][gc,phases,start] GC(76) Post Compact
[2.993s][info][gc,phases      ] GC(76) Post Compact 2.623ms
[2.993s][info][gc,heap        ] GC(76) PSYoungGen: 12928K(57344K)->2549K(58368K) Eden: 0K(14336K)->0K(15360K) From: 12928K(43008K)->2549K(43008K)
[2.993s][info][gc,heap        ] GC(76) ParOldGen: 471716K(481280K)->481231K(543232K)
[2.993s][info][gc,metaspace   ] GC(76) Metaspace: 6298K(6464K)->6298K(6464K) NonClass: 5765K(5824K)->5765K(5824K) Class: 533K(640K)->533K(640K)
[2.993s][info][gc             ] GC(76) Pause Full (Ergonomics) 473M->472M(587M) 157.699ms
[2.993s][info][gc,cpu         ] GC(76) User=1.00s Sys=0.02s Real=0.16s
[3.011s][info][gc,start       ] GC(77) Pause Young (Allocation Failure)
[3.041s][info][gc,heap        ] GC(77) PSYoungGen: 17909K(58368K)->15488K(59392K) Eden: 15360K(15360K)->0K(15360K) From: 2549K(43008K)->15488K(44032K)
[3.041s][info][gc,heap        ] GC(77) ParOldGen: 481231K(543232K)->483847K(543232K)
[3.041s][info][gc,metaspace   ] GC(77) Metaspace: 6298K(6464K)->6298K(6464K) NonClass: 5765K(5824K)->5765K(5824K) Class: 533K(640K)->533K(640K)
[3.041s][info][gc             ] GC(77) Pause Young (Allocation Failure) 487M->487M(588M) 30.061ms
[3.041s][info][gc,cpu         ] GC(77) User=0.12s Sys=0.00s Real=0.03s
[3.058s][info][gc,start       ] GC(78) Pause Young (Allocation Failure)
[3.074s][info][gc,heap        ] GC(78) PSYoungGen: 30848K(59392K)->30816K(58368K) Eden: 15360K(15360K)->0K(15360K) From: 15488K(44032K)->30816K(43008K)
[3.074s][info][gc,heap        ] GC(78) ParOldGen: 483847K(543232K)->483847K(543232K)
[3.074s][info][gc,metaspace   ] GC(78) Metaspace: 6298K(6464K)->6298K(6464K) NonClass: 5765K(5824K)->5765K(5824K) Class: 533K(640K)->533K(640K)
[3.074s][info][gc             ] GC(78) Pause Young (Allocation Failure) 502M->502M(587M) 16.487ms
[3.074s][info][gc,cpu         ] GC(78) User=0.02s Sys=0.00s Real=0.02s
[3.091s][info][gc,start       ] GC(79) Pause Young (Allocation Failure)
[3.114s][info][gc,heap        ] GC(79) PSYoungGen: 46176K(58368K)->44544K(59904K) Eden: 15360K(15360K)->0K(15360K) From: 30816K(43008K)->44544K(44544K)
[3.114s][info][gc,heap        ] GC(79) ParOldGen: 483847K(543232K)->485455K(543232K)
[3.114s][info][gc,metaspace   ] GC(79) Metaspace: 6298K(6464K)->6298K(6464K) NonClass: 5765K(5824K)->5765K(5824K) Class: 533K(640K)->533K(640K)
[3.114s][info][gc             ] GC(79) Pause Young (Allocation Failure) 517M->517M(589M) 22.981ms
[3.114s][info][gc,cpu         ] GC(79) User=0.14s Sys=0.00s Real=0.02s
[3.131s][info][gc,start       ] GC(80) Pause Young (Allocation Failure)
[3.160s][info][gc,heap        ] GC(80) PSYoungGen: 59904K(59904K)->30368K(67072K) Eden: 15360K(15360K)->0K(16896K) From: 44544K(44544K)->30368K(50176K)
[3.160s][info][gc,heap        ] GC(80) ParOldGen: 485455K(543232K)->515487K(543232K)
[3.160s][info][gc,metaspace   ] GC(80) Metaspace: 6298K(6464K)->6298K(6464K) NonClass: 5765K(5824K)->5765K(5824K) Class: 533K(640K)->533K(640K)
[3.160s][info][gc             ] GC(80) Pause Young (Allocation Failure) 532M->533M(596M) 29.411ms
[3.160s][info][gc,cpu         ] GC(80) User=0.14s Sys=0.00s Real=0.03s
[3.160s][info][gc,start       ] GC(81) Pause Full (Ergonomics)
[3.160s][info][gc,phases,start] GC(81) Marking Phase
[3.280s][info][gc,phases      ] GC(81) Marking Phase 119.296ms
[3.280s][info][gc,phases,start] GC(81) Summary Phase
[3.280s][info][gc,phases      ] GC(81) Summary Phase 0.039ms
[3.280s][info][gc,phases,start] GC(81) Adjust Roots
[3.280s][info][gc,phases      ] GC(81) Adjust Roots 0.210ms
[3.280s][info][gc,phases,start] GC(81) Compaction Phase
[3.331s][info][gc,phases      ] GC(81) Compaction Phase 51.087ms
[3.331s][info][gc,phases,start] GC(81) Post Compact
[3.332s][info][gc,phases      ] GC(81) Post Compact 0.875ms
[3.332s][info][gc,heap        ] GC(81) PSYoungGen: 30368K(67072K)->2077K(67584K) Eden: 0K(16896K)->0K(17408K) From: 30368K(50176K)->2077K(50176K)
[3.332s][info][gc,heap        ] GC(81) ParOldGen: 515487K(543232K)->543017K(615424K)
[3.332s][info][gc,metaspace   ] GC(81) Metaspace: 6298K(6464K)->6298K(6464K) NonClass: 5765K(5824K)->5765K(5824K) Class: 533K(640K)->533K(640K)
[3.332s][info][gc             ] GC(81) Pause Full (Ergonomics) 533M->532M(667M) 172.100ms
[3.332s][info][gc,cpu         ] GC(81) User=1.17s Sys=0.05s Real=0.17s
[3.353s][info][gc,start       ] GC(82) Pause Young (Allocation Failure)
[3.387s][info][gc,heap        ] GC(82) PSYoungGen: 19485K(67584K)->19136K(68096K) Eden: 17408K(17408K)->0K(17408K) From: 2077K(50176K)->19136K(50688K)
[3.388s][info][gc,heap        ] GC(82) ParOldGen: 543017K(615424K)->543513K(615424K)
[3.388s][info][gc,metaspace   ] GC(82) Metaspace: 6298K(6464K)->6298K(6464K) NonClass: 5765K(5824K)->5765K(5824K) Class: 533K(640K)->533K(640K)
[3.388s][info][gc             ] GC(82) Pause Young (Allocation Failure) 549M->549M(667M) 34.183ms
[3.388s][info][gc,cpu         ] GC(82) User=0.14s Sys=0.00s Real=0.03s
[3.407s][info][gc,start       ] GC(83) Pause Young (Allocation Failure)
[3.428s][info][gc,heap        ] GC(83) PSYoungGen: 36544K(68096K)->36640K(66560K) Eden: 17408K(17408K)->0K(17408K) From: 19136K(50688K)->36640K(49152K)
[3.428s][info][gc,heap        ] GC(83) ParOldGen: 543513K(615424K)->543513K(615424K)
[3.428s][info][gc,metaspace   ] GC(83) Metaspace: 6298K(6464K)->6298K(6464K) NonClass: 5765K(5824K)->5765K(5824K) Class: 533K(640K)->533K(640K)
[3.428s][info][gc             ] GC(83) Pause Young (Allocation Failure) 566M->566M(666M) 20.531ms
[3.428s][info][gc,cpu         ] GC(83) User=0.12s Sys=0.00s Real=0.02s
[3.447s][info][gc,start       ] GC(84) Pause Young (Allocation Failure)
[3.474s][info][gc,heap        ] GC(84) PSYoungGen: 54048K(66560K)->51200K(68608K) Eden: 17408K(17408K)->0K(17408K) From: 36640K(49152K)->51200K(51200K)
[3.475s][info][gc,heap        ] GC(84) ParOldGen: 543513K(615424K)->546265K(615424K)
[3.475s][info][gc,metaspace   ] GC(84) Metaspace: 6298K(6464K)->6298K(6464K) NonClass: 5765K(5824K)->5765K(5824K) Class: 533K(640K)->533K(640K)
[3.475s][info][gc             ] GC(84) Pause Young (Allocation Failure) 583M->583M(668M) 27.647ms
[3.475s][info][gc,cpu         ] GC(84) User=0.14s Sys=0.00s Real=0.03s
[3.496s][info][gc,start       ] GC(85) Pause Young (Allocation Failure)
[3.531s][info][gc,heap        ] GC(85) PSYoungGen: 68608K(68608K)->50752K(73728K) Eden: 17408K(17408K)->0K(14336K) From: 51200K(51200K)->50752K(59392K)
[3.531s][info][gc,heap        ] GC(85) ParOldGen: 546265K(615424K)->564457K(615424K)
[3.531s][info][gc,metaspace   ] GC(85) Metaspace: 6298K(6464K)->6298K(6464K) NonClass: 5765K(5824K)->5765K(5824K) Class: 533K(640K)->533K(640K)
[3.531s][info][gc             ] GC(85) Pause Young (Allocation Failure) 600M->600M(673M) 34.679ms
[3.531s][info][gc,cpu         ] GC(85) User=0.22s Sys=0.05s Real=0.03s
[3.548s][info][gc,start       ] GC(86) Pause Young (Allocation Failure)
[3.581s][info][gc,heap        ] GC(86) PSYoungGen: 65088K(73728K)->48736K(78848K) Eden: 14336K(14336K)->0K(14336K) From: 50752K(59392K)->48736K(64512K)
[3.581s][info][gc,heap        ] GC(86) ParOldGen: 564457K(615424K)->581097K(615424K)
[3.581s][info][gc,metaspace   ] GC(86) Metaspace: 6298K(6464K)->6298K(6464K) NonClass: 5765K(5824K)->5765K(5824K) Class: 533K(640K)->533K(640K)
[3.581s][info][gc             ] GC(86) Pause Young (Allocation Failure) 614M->615M(678M) 32.430ms
[3.581s][info][gc,cpu         ] GC(86) User=0.16s Sys=0.00s Real=0.03s
[3.598s][info][gc,start       ] GC(87) Pause Young (Allocation Failure)
[3.630s][info][gc,heap        ] GC(87) PSYoungGen: 63072K(78848K)->46240K(82944K) Eden: 14336K(14336K)->0K(14848K) From: 48736K(64512K)->46240K(68096K)
[3.630s][info][gc,heap        ] GC(87) ParOldGen: 581097K(615424K)->598177K(615424K)
[3.630s][info][gc,metaspace   ] GC(87) Metaspace: 6298K(6464K)->6298K(6464K) NonClass: 5765K(5824K)->5765K(5824K) Class: 533K(640K)->533K(640K)
[3.630s][info][gc             ] GC(87) Pause Young (Allocation Failure) 629M->629M(682M) 31.979ms
[3.630s][info][gc,cpu         ] GC(87) User=0.12s Sys=0.02s Real=0.03s
[3.630s][info][gc,start       ] GC(88) Pause Full (Ergonomics)
[3.630s][info][gc,phases,start] GC(88) Marking Phase
[3.762s][info][gc,phases      ] GC(88) Marking Phase 131.605ms
[3.762s][info][gc,phases,start] GC(88) Summary Phase
[3.762s][info][gc,phases      ] GC(88) Summary Phase 0.032ms
[3.762s][info][gc,phases,start] GC(88) Adjust Roots
[3.762s][info][gc,phases      ] GC(88) Adjust Roots 0.234ms
[3.762s][info][gc,phases,start] GC(88) Compaction Phase
[3.822s][info][gc,phases      ] GC(88) Compaction Phase 60.161ms
[3.822s][info][gc,phases,start] GC(88) Post Compact
[3.824s][info][gc,phases      ] GC(88) Post Compact 1.127ms
[3.824s][info][gc,heap        ] GC(88) PSYoungGen: 46240K(82944K)->28097K(82944K) Eden: 0K(14848K)->0K(14848K) From: 46240K(68096K)->28097K(68096K)
[3.824s][info][gc,heap        ] GC(88) ParOldGen: 598177K(615424K)->615104K(694272K)
[3.824s][info][gc,metaspace   ] GC(88) Metaspace: 6298K(6464K)->6298K(6464K) NonClass: 5765K(5824K)->5765K(5824K) Class: 533K(640K)->533K(640K)
[3.824s][info][gc             ] GC(88) Pause Full (Ergonomics) 629M->628M(759M) 193.775ms
[3.824s][info][gc,cpu         ] GC(88) User=1.34s Sys=0.00s Real=0.19s
[3.842s][info][gc,start       ] GC(89) Pause Young (Allocation Failure)
[3.890s][info][gc,heap        ] GC(89) PSYoungGen: 42945K(82944K)->24000K(38912K) Eden: 14848K(14848K)->0K(14848K) From: 28097K(68096K)->24000K(24064K)
[3.890s][info][gc,heap        ] GC(89) ParOldGen: 615104K(694272K)->634512K(694272K)
[3.890s][info][gc,metaspace   ] GC(89) Metaspace: 6298K(6464K)->6298K(6464K) NonClass: 5765K(5824K)->5765K(5824K) Class: 533K(640K)->533K(640K)
[3.890s][info][gc             ] GC(89) Pause Young (Allocation Failure) 642M->643M(716M) 47.396ms
[3.890s][info][gc,cpu         ] GC(89) User=0.22s Sys=0.02s Real=0.05s
[3.907s][info][gc,start       ] GC(90) Pause Young (Allocation Failure)
[3.929s][info][gc,heap        ] GC(90) PSYoungGen: 38848K(38912K)->29856K(78848K) Eden: 14848K(14848K)->0K(16896K) From: 24000K(24064K)->29856K(61952K)
[3.930s][info][gc,heap        ] GC(90) ParOldGen: 634512K(694272K)->643640K(694272K)
[3.930s][info][gc,metaspace   ] GC(90) Metaspace: 6298K(6464K)->6298K(6464K) NonClass: 5765K(5824K)->5765K(5824K) Class: 533K(640K)->533K(640K)
[3.930s][info][gc             ] GC(90) Pause Young (Allocation Failure) 657M->657M(755M) 22.140ms
[3.930s][info][gc,cpu         ] GC(90) User=0.11s Sys=0.00s Real=0.02s
[3.951s][info][gc,start       ] GC(91) Pause Young (Allocation Failure)
[3.976s][info][gc,heap        ] GC(91) PSYoungGen: 46752K(78848K)->31872K(49152K) Eden: 16896K(16896K)->0K(16896K) From: 29856K(61952K)->31872K(32256K)
[3.976s][info][gc,heap        ] GC(91) ParOldGen: 643640K(694272K)->658712K(694272K)
[3.976s][info][gc,metaspace   ] GC(91) Metaspace: 6298K(6464K)->6298K(6464K) NonClass: 5765K(5824K)->5765K(5824K) Class: 533K(640K)->533K(640K)
[3.976s][info][gc             ] GC(91) Pause Young (Allocation Failure) 674M->674M(726M) 25.663ms
[3.976s][info][gc,cpu         ] GC(91) User=0.14s Sys=0.00s Real=0.03s
[4.121s][info][gc,start       ] GC(92) Pause Full (Ergonomics)
[4.121s][info][gc,phases,start] GC(92) Marking Phase
[4.284s][info][gc,phases      ] GC(92) Marking Phase 162.400ms
[4.284s][info][gc,phases,start] GC(92) Summary Phase
[4.284s][info][gc,phases      ] GC(92) Summary Phase 0.030ms
[4.284s][info][gc,phases,start] GC(92) Adjust Roots
[4.284s][info][gc,phases      ] GC(92) Adjust Roots 0.250ms
[4.284s][info][gc,phases,start] GC(92) Compaction Phase
[4.409s][info][gc,phases      ] GC(92) Compaction Phase 124.949ms
[4.409s][info][gc,phases,start] GC(92) Post Compact
[4.411s][info][gc,phases      ] GC(92) Post Compact 1.417ms
[4.411s][info][gc,heap        ] GC(92) PSYoungGen: 48768K(49152K)->29129K(49152K) Eden: 16896K(16896K)->0K(16896K) From: 31872K(32256K)->29129K(32256K)
[4.411s][info][gc,heap        ] GC(92) ParOldGen: 691480K(694272K)->693825K(777728K)
[4.411s][info][gc,metaspace   ] GC(92) Metaspace: 6298K(6464K)->6298K(6464K) NonClass: 5765K(5824K)->5765K(5824K) Class: 533K(640K)->533K(640K)
[4.411s][info][gc             ] GC(92) Pause Full (Ergonomics) 722M->706M(807M) 289.733ms
[4.411s][info][gc,cpu         ] GC(92) User=1.97s Sys=0.00s Real=0.29s
[4.433s][info][gc,start       ] GC(93) Pause Young (Allocation Failure)
[4.482s][info][gc,heap        ] GC(93) PSYoungGen: 46025K(49152K)->32288K(75264K) Eden: 16896K(16896K)->0K(18944K) From: 29129K(32256K)->32288K(56320K)
[4.482s][info][gc,heap        ] GC(93) ParOldGen: 693825K(777728K)->707913K(777728K)
[4.482s][info][gc,metaspace   ] GC(93) Metaspace: 6298K(6464K)->6298K(6464K) NonClass: 5765K(5824K)->5765K(5824K) Class: 533K(640K)->533K(640K)
[4.482s][info][gc             ] GC(93) Pause Young (Allocation Failure) 722M->722M(833M) 49.402ms
[4.482s][info][gc,cpu         ] GC(93) User=0.38s Sys=0.00s Real=0.05s
[4.502s][info][gc,start       ] GC(94) Pause Young (Allocation Failure)
[4.529s][info][gc,heap        ] GC(94) PSYoungGen: 51232K(75264K)->51296K(77824K) Eden: 18944K(18944K)->0K(18944K) From: 32288K(56320K)->51296K(58880K)
[4.529s][info][gc,heap        ] GC(94) ParOldGen: 707913K(777728K)->707913K(777728K)
[4.529s][info][gc,metaspace   ] GC(94) Metaspace: 6298K(6464K)->6298K(6464K) NonClass: 5765K(5824K)->5765K(5824K) Class: 533K(640K)->533K(640K)
[4.529s][info][gc             ] GC(94) Pause Young (Allocation Failure) 741M->741M(835M) 26.678ms
[4.529s][info][gc,cpu         ] GC(94) User=0.02s Sys=0.00s Real=0.03s
[4.549s][info][gc,start       ] GC(95) Pause Young (Allocation Failure)
[4.583s][info][gc,heap        ] GC(95) PSYoungGen: 70240K(77824K)->54976K(78848K) Eden: 18944K(18944K)->0K(15872K) From: 51296K(58880K)->54976K(62976K)
[4.583s][info][gc,heap        ] GC(95) ParOldGen: 707913K(777728K)->723409K(777728K)
[4.583s][info][gc,metaspace   ] GC(95) Metaspace: 6298K(6464K)->6298K(6464K) NonClass: 5765K(5824K)->5765K(5824K) Class: 533K(640K)->533K(640K)
[4.584s][info][gc             ] GC(95) Pause Young (Allocation Failure) 759M->760M(836M) 34.506ms
[4.584s][info][gc,cpu         ] GC(95) User=0.19s Sys=0.05s Real=0.03s
[4.600s][info][gc,start       ] GC(96) Pause Young (Allocation Failure)
[4.635s][info][gc,heap        ] GC(96) PSYoungGen: 70848K(78848K)->53920K(83968K) Eden: 15872K(15872K)->0K(15872K) From: 54976K(62976K)->53920K(68096K)
[4.635s][info][gc,heap        ] GC(96) ParOldGen: 723409K(777728K)->740537K(777728K)
[4.635s][info][gc,metaspace   ] GC(96) Metaspace: 6298K(6464K)->6298K(6464K) NonClass: 5765K(5824K)->5765K(5824K) Class: 533K(640K)->533K(640K)
[4.635s][info][gc             ] GC(96) Pause Young (Allocation Failure) 775M->775M(841M) 34.551ms
[4.635s][info][gc,cpu         ] GC(96) User=0.17s Sys=0.00s Real=0.03s
[4.651s][info][gc,start       ] GC(97) Pause Young (Allocation Failure)
[4.685s][info][gc,heap        ] GC(97) PSYoungGen: 69792K(83968K)->31872K(84992K) Eden: 15872K(15872K)->0K(17920K) From: 53920K(68096K)->31872K(67072K)
[4.686s][info][gc,heap        ] GC(97) ParOldGen: 740537K(777728K)->778913K(779264K)
[4.686s][info][gc,metaspace   ] GC(97) Metaspace: 6298K(6464K)->6298K(6464K) NonClass: 5765K(5824K)->5765K(5824K) Class: 533K(640K)->533K(640K)
[4.686s][info][gc             ] GC(97) Pause Young (Allocation Failure) 791M->791M(844M) 34.906ms
[4.686s][info][gc,cpu         ] GC(97) User=0.20s Sys=0.02s Real=0.03s
[4.686s][info][gc,start       ] GC(98) Pause Full (Ergonomics)
[4.686s][info][gc,phases,start] GC(98) Marking Phase
[4.862s][info][gc,phases      ] GC(98) Marking Phase 176.710ms
[4.862s][info][gc,phases,start] GC(98) Summary Phase
[4.862s][info][gc,phases      ] GC(98) Summary Phase 0.038ms
[4.863s][info][gc,phases,start] GC(98) Adjust Roots
[4.863s][info][gc,phases      ] GC(98) Adjust Roots 0.245ms
[4.863s][info][gc,phases,start] GC(98) Compaction Phase
[4.962s][info][gc,phases      ] GC(98) Compaction Phase 98.895ms
[4.962s][info][gc,phases,start] GC(98) Post Compact
[4.963s][info][gc,phases      ] GC(98) Post Compact 1.570ms
[4.964s][info][gc,heap        ] GC(98) PSYoungGen: 31872K(84992K)->30149K(87040K) Eden: 0K(17920K)->0K(19968K) From: 31872K(67072K)->30149K(67072K)
[4.964s][info][gc,heap        ] GC(98) ParOldGen: 778913K(779264K)->779185K(876032K)
[4.964s][info][gc,metaspace   ] GC(98) Metaspace: 6298K(6464K)->6298K(6464K) NonClass: 5765K(5824K)->5765K(5824K) Class: 533K(640K)->533K(640K)
[4.964s][info][gc             ] GC(98) Pause Full (Ergonomics) 791M->790M(940M) 278.274ms
[4.964s][info][gc,cpu         ] GC(98) User=1.92s Sys=0.02s Real=0.28s
[4.985s][info][gc,start       ] GC(99) Pause Young (Allocation Failure)
[5.040s][info][gc,heap        ] GC(99) PSYoungGen: 50117K(87040K)->20160K(89088K) Eden: 19968K(19968K)->0K(19968K) From: 30149K(67072K)->20160K(69120K)
[5.040s][info][gc,heap        ] GC(99) ParOldGen: 779185K(876032K)->809785K(876032K)
[5.040s][info][gc,metaspace   ] GC(99) Metaspace: 6298K(6464K)->6298K(6464K) NonClass: 5765K(5824K)->5765K(5824K) Class: 533K(640K)->533K(640K)
[5.040s][info][gc             ] GC(99) Pause Young (Allocation Failure) 809M->810M(942M) 55.360ms
[5.040s][info][gc,cpu         ] GC(99) User=0.34s Sys=0.03s Real=0.06s
[5.062s][info][gc,start       ] GC(100) Pause Young (Allocation Failure)
[5.085s][info][gc,heap        ] GC(100) PSYoungGen: 40128K(89088K)->20096K(89600K) Eden: 19968K(19968K)->0K(22016K) From: 20160K(69120K)->20096K(67584K)
[5.085s][info][gc,heap        ] GC(100) ParOldGen: 809785K(876032K)->830033K(876032K)
[5.085s][info][gc,metaspace   ] GC(100) Metaspace: 6298K(6464K)->6298K(6464K) NonClass: 5765K(5824K)->5765K(5824K) Class: 533K(640K)->533K(640K)
[5.085s][info][gc             ] GC(100) Pause Young (Allocation Failure) 829M->830M(943M) 23.125ms
[5.085s][info][gc,cpu         ] GC(100) User=0.25s Sys=0.00s Real=0.02s
[5.110s][info][gc,start       ] GC(101) Pause Young (Allocation Failure)
[5.134s][info][gc,heap        ] GC(101) PSYoungGen: 42112K(89600K)->22112K(90112K) Eden: 22016K(22016K)->0K(22016K) From: 20096K(67584K)->22112K(68096K)
[5.134s][info][gc,heap        ] GC(101) ParOldGen: 830033K(876032K)->850273K(876032K)
[5.134s][info][gc,metaspace   ] GC(101) Metaspace: 6298K(6464K)->6298K(6464K) NonClass: 5765K(5824K)->5765K(5824K) Class: 533K(640K)->533K(640K)
[5.134s][info][gc             ] GC(101) Pause Young (Allocation Failure) 851M->851M(943M) 24.022ms
[5.134s][info][gc,cpu         ] GC(101) User=0.08s Sys=0.05s Real=0.02s
[5.134s][info][gc,start       ] GC(102) Pause Full (Ergonomics)
[5.134s][info][gc,phases,start] GC(102) Marking Phase
[5.328s][info][gc,phases      ] GC(102) Marking Phase 193.790ms
[5.328s][info][gc,phases,start] GC(102) Summary Phase
[5.328s][info][gc,phases      ] GC(102) Summary Phase 0.036ms
[5.328s][info][gc,phases,start] GC(102) Adjust Roots
[5.328s][info][gc,phases      ] GC(102) Adjust Roots 0.241ms
[5.328s][info][gc,phases,start] GC(102) Compaction Phase
[5.418s][info][gc,phases      ] GC(102) Compaction Phase 89.985ms
[5.418s][info][gc,phases,start] GC(102) Post Compact
[5.420s][info][gc,phases      ] GC(102) Post Compact 1.508ms
[5.420s][info][gc,heap        ] GC(102) PSYoungGen: 22112K(90112K)->0K(91648K) Eden: 0K(22016K)->0K(24576K) From: 22112K(68096K)->0K(67072K)
[5.420s][info][gc,heap        ] GC(102) ParOldGen: 850273K(876032K)->871199K(976384K)
[5.420s][info][gc,metaspace   ] GC(102) Metaspace: 6298K(6464K)->6298K(6464K) NonClass: 5765K(5824K)->5765K(5824K) Class: 533K(640K)->533K(640K)
[5.420s][info][gc             ] GC(102) Pause Full (Ergonomics) 851M->850M(1043M) 286.241ms
[5.420s][info][gc,cpu         ] GC(102) User=1.95s Sys=0.02s Real=0.29s
[5.447s][info][gc,start       ] GC(103) Pause Young (Allocation Failure)
[5.464s][info][gc,heap        ] GC(103) PSYoungGen: 24576K(91648K)->24768K(91648K) Eden: 24576K(24576K)->0K(24576K) From: 0K(67072K)->24768K(67072K)
[5.464s][info][gc,heap        ] GC(103) ParOldGen: 871199K(976384K)->871199K(976384K)
[5.464s][info][gc,metaspace   ] GC(103) Metaspace: 6298K(6464K)->6298K(6464K) NonClass: 5765K(5824K)->5765K(5824K) Class: 533K(640K)->533K(640K)
[5.464s][info][gc             ] GC(103) Pause Young (Allocation Failure) 874M->874M(1043M) 16.928ms
[5.464s][info][gc,cpu         ] GC(103) User=0.03s Sys=0.00s Real=0.02s
[5.493s][info][gc,start       ] GC(104) Pause Young (Allocation Failure)
[5.519s][info][gc,heap        ] GC(104) PSYoungGen: 49344K(91648K)->49344K(89088K) Eden: 24576K(24576K)->0K(24064K) From: 24768K(67072K)->49344K(65024K)
[5.519s][info][gc,heap        ] GC(104) ParOldGen: 871199K(976384K)->871199K(976384K)
[5.519s][info][gc,metaspace   ] GC(104) Metaspace: 6298K(6464K)->6298K(6464K) NonClass: 5765K(5824K)->5765K(5824K) Class: 533K(640K)->533K(640K)
[5.519s][info][gc             ] GC(104) Pause Young (Allocation Failure) 898M->898M(1040M) 26.499ms
[5.519s][info][gc,cpu         ] GC(104) User=0.14s Sys=0.00s Real=0.03s
[5.545s][info][gc,start       ] GC(105) Pause Young (Allocation Failure)
[5.582s][info][gc,heap        ] GC(105) PSYoungGen: 73408K(89088K)->68096K(92160K) Eden: 24064K(24064K)->0K(24064K) From: 49344K(65024K)->68096K(68096K)
[5.582s][info][gc,heap        ] GC(105) ParOldGen: 871199K(976384K)->876463K(976384K)
[5.582s][info][gc,metaspace   ] GC(105) Metaspace: 6298K(6464K)->6298K(6464K) NonClass: 5765K(5824K)->5765K(5824K) Class: 533K(640K)->533K(640K)
[5.582s][info][gc             ] GC(105) Pause Young (Allocation Failure) 922M->922M(1043M) 36.679ms
[5.582s][info][gc,cpu         ] GC(105) User=0.30s Sys=0.00s Real=0.04s
[5.608s][info][gc,start       ] GC(106) Pause Young (Allocation Failure)
[5.658s][info][gc,heap        ] GC(106) PSYoungGen: 92160K(92160K)->46304K(103936K) Eden: 24064K(24064K)->0K(26624K) From: 68096K(68096K)->46304K(77312K)
[5.658s][info][gc,heap        ] GC(106) ParOldGen: 876463K(976384K)->922999K(976384K)
[5.658s][info][gc,metaspace   ] GC(106) Metaspace: 6298K(6464K)->6298K(6464K) NonClass: 5765K(5824K)->5765K(5824K) Class: 533K(640K)->533K(640K)
[5.658s][info][gc             ] GC(106) Pause Young (Allocation Failure) 945M->946M(1055M) 49.668ms
[5.658s][info][gc,cpu         ] GC(106) User=0.36s Sys=0.05s Real=0.05s
[5.690s][info][gc,start       ] GC(107) Pause Young (Allocation Failure)
[5.728s][info][gc,heap        ] GC(107) PSYoungGen: 72928K(103936K)->50848K(104960K) Eden: 26624K(26624K)->0K(26624K) From: 46304K(77312K)->50848K(78336K)
[5.728s][info][gc,heap        ] GC(107) ParOldGen: 922999K(976384K)->945415K(976384K)
[5.728s][info][gc,metaspace   ] GC(107) Metaspace: 6298K(6464K)->6298K(6464K) NonClass: 5765K(5824K)->5765K(5824K) Class: 533K(640K)->533K(640K)
[5.728s][info][gc             ] GC(107) Pause Young (Allocation Failure) 972M->972M(1056M) 37.873ms
[5.728s][info][gc,cpu         ] GC(107) User=0.23s Sys=0.00s Real=0.04s
[5.728s][info][gc,start       ] GC(108) Pause Full (Ergonomics)
[5.728s][info][gc,phases,start] GC(108) Marking Phase
[5.954s][info][gc,phases      ] GC(108) Marking Phase 225.995ms
[5.954s][info][gc,phases,start] GC(108) Summary Phase
[5.954s][info][gc,phases      ] GC(108) Summary Phase 0.038ms
[5.954s][info][gc,phases,start] GC(108) Adjust Roots
[5.955s][info][gc,phases      ] GC(108) Adjust Roots 0.257ms
[5.955s][info][gc,phases,start] GC(108) Compaction Phase
[6.057s][info][gc,phases      ] GC(108) Compaction Phase 102.041ms
[6.057s][info][gc,phases,start] GC(108) Post Compact
[6.058s][info][gc,phases      ] GC(108) Post Compact 1.715ms
[6.059s][info][gc,heap        ] GC(108) PSYoungGen: 50848K(104960K)->18946K(104960K) Eden: 0K(26624K)->0K(26624K) From: 50848K(78336K)->18946K(78336K)
[6.059s][info][gc,heap        ] GC(108) ParOldGen: 945415K(976384K)->976003K(1094656K)
[6.059s][info][gc,metaspace   ] GC(108) Metaspace: 6298K(6464K)->6298K(6464K) NonClass: 5765K(5824K)->5765K(5824K) Class: 533K(640K)->533K(640K)
[6.059s][info][gc             ] GC(108) Pause Full (Ergonomics) 972M->971M(1171M) 330.888ms
[6.059s][info][gc,cpu         ] GC(108) User=2.34s Sys=0.03s Real=0.33s
[6.092s][info][gc,start       ] GC(109) Pause Young (Allocation Failure)
[6.157s][info][gc,heap        ] GC(109) PSYoungGen: 45570K(104960K)->35008K(101376K) Eden: 26624K(26624K)->0K(29184K) From: 18946K(78336K)->35008K(72192K)
[6.157s][info][gc,heap        ] GC(109) ParOldGen: 976003K(1094656K)->986867K(1094656K)
[6.157s][info][gc,metaspace   ] GC(109) Metaspace: 6298K(6464K)->6298K(6464K) NonClass: 5765K(5824K)->5765K(5824K) Class: 533K(640K)->533K(640K)
[6.157s][info][gc             ] GC(109) Pause Young (Allocation Failure) 997M->997M(1168M) 64.886ms
[6.157s][info][gc,cpu         ] GC(109) User=0.47s Sys=0.00s Real=0.06s
[6.191s][info][gc,start       ] GC(110) Pause Young (Allocation Failure)
[6.226s][info][gc,heap        ] GC(110) PSYoungGen: 64192K(101376K)->64256K(104960K) Eden: 29184K(29184K)->0K(29184K) From: 35008K(72192K)->64256K(75776K)
[6.226s][info][gc,heap        ] GC(110) ParOldGen: 986867K(1094656K)->986867K(1094656K)
[6.226s][info][gc,metaspace   ] GC(110) Metaspace: 6298K(6464K)->6298K(6464K) NonClass: 5765K(5824K)->5765K(5824K) Class: 533K(640K)->533K(640K)
[6.226s][info][gc             ] GC(110) Pause Young (Allocation Failure) 1026M->1026M(1171M) 34.521ms
[6.226s][info][gc,cpu         ] GC(110) User=0.19s Sys=0.03s Real=0.03s
[6.259s][info][gc,start       ] GC(111) Pause Young (Allocation Failure)
[6.308s][info][gc,heap        ] GC(111) PSYoungGen: 93440K(104960K)->81408K(98304K) Eden: 29184K(29184K)->0K(16896K) From: 64256K(75776K)->81408K(81408K)
[6.308s][info][gc,heap        ] GC(111) ParOldGen: 986867K(1094656K)->998939K(1094656K)
[6.308s][info][gc,metaspace   ] GC(111) Metaspace: 6298K(6464K)->6298K(6464K) NonClass: 5765K(5824K)->5765K(5824K) Class: 533K(640K)->533K(640K)
[6.308s][info][gc             ] GC(111) Pause Young (Allocation Failure) 1054M->1055M(1165M) 48.729ms
[6.308s][info][gc,cpu         ] GC(111) User=0.25s Sys=0.03s Real=0.05s
[6.327s][info][gc,start       ] GC(112) Pause Young (Allocation Failure)
[6.378s][info][gc,heap        ] GC(112) PSYoungGen: 98304K(98304K)->68704K(113664K) Eden: 16896K(16896K)->0K(16896K) From: 81408K(81408K)->68704K(96768K)
[6.378s][info][gc,heap        ] GC(112) ParOldGen: 998939K(1094656K)->1028995K(1094656K)
[6.378s][info][gc,metaspace   ] GC(112) Metaspace: 6298K(6464K)->6298K(6464K) NonClass: 5765K(5824K)->5765K(5824K) Class: 533K(640K)->533K(640K)
[6.378s][info][gc             ] GC(112) Pause Young (Allocation Failure) 1071M->1071M(1180M) 51.171ms
[6.378s][info][gc,cpu         ] GC(112) User=0.44s Sys=0.06s Real=0.05s
[6.398s][info][gc,start       ] GC(113) Pause Young (Allocation Failure)
[6.442s][info][gc,heap        ] GC(113) PSYoungGen: 85600K(113664K)->60832K(117760K) Eden: 16896K(16896K)->0K(19456K) From: 68704K(96768K)->60832K(98304K)
[6.442s][info][gc,heap        ] GC(113) ParOldGen: 1028995K(1094656K)->1054179K(1094656K)
[6.442s][info][gc,metaspace   ] GC(113) Metaspace: 6298K(6464K)->6298K(6464K) NonClass: 5765K(5824K)->5765K(5824K) Class: 533K(640K)->533K(640K)
[6.442s][info][gc             ] GC(113) Pause Young (Allocation Failure) 1088M->1088M(1184M) 43.642ms
[6.442s][info][gc,cpu         ] GC(113) User=0.23s Sys=0.02s Real=0.04s
[6.442s][info][gc,start       ] GC(114) Pause Full (Ergonomics)
[6.442s][info][gc,phases,start] GC(114) Marking Phase
[6.702s][info][gc,phases      ] GC(114) Marking Phase 259.649ms
[6.702s][info][gc,phases,start] GC(114) Summary Phase
[6.702s][info][gc,phases      ] GC(114) Summary Phase 0.042ms
[6.702s][info][gc,phases,start] GC(114) Adjust Roots
[6.702s][info][gc,phases      ] GC(114) Adjust Roots 0.243ms
[6.702s][info][gc,phases,start] GC(114) Compaction Phase
[6.811s][info][gc,phases      ] GC(114) Compaction Phase 108.922ms
[6.811s][info][gc,phases,start] GC(114) Post Compact
[6.813s][info][gc,phases      ] GC(114) Post Compact 1.891ms
[6.813s][info][gc,heap        ] GC(114) PSYoungGen: 60832K(117760K)->19136K(118272K) Eden: 0K(19456K)->0K(19968K) From: 60832K(98304K)->19136K(98304K)
[6.813s][info][gc,heap        ] GC(114) ParOldGen: 1054179K(1094656K)->1094443K(1219072K)
[6.814s][info][gc,metaspace   ] GC(114) Metaspace: 6298K(6464K)->6298K(6464K) NonClass: 5765K(5824K)->5765K(5824K) Class: 533K(640K)->533K(640K)
[6.814s][info][gc             ] GC(114) Pause Full (Ergonomics) 1088M->1087M(1306M) 371.624ms
[6.814s][info][gc,cpu         ] GC(114) User=2.64s Sys=0.05s Real=0.37s
[6.838s][info][gc,start       ] GC(115) Pause Young (Allocation Failure)
[6.908s][info][gc,heap        ] GC(115) PSYoungGen: 39104K(118272K)->24448K(118784K) Eden: 19968K(19968K)->0K(19968K) From: 19136K(98304K)->24448K(98816K)
[6.908s][info][gc,heap        ] GC(115) ParOldGen: 1094443K(1219072K)->1109459K(1219072K)
[6.908s][info][gc,metaspace   ] GC(115) Metaspace: 6298K(6464K)->6298K(6464K) NonClass: 5765K(5824K)->5765K(5824K) Class: 533K(640K)->533K(640K)
[6.908s][info][gc             ] GC(115) Pause Young (Allocation Failure) 1106M->1107M(1306M) 69.731ms
[6.908s][info][gc,cpu         ] GC(115) User=0.38s Sys=0.02s Real=0.07s
[6.930s][info][gc,start       ] GC(116) Pause Young (Allocation Failure)
[6.956s][info][gc,heap        ] GC(116) PSYoungGen: 44416K(118784K)->40032K(113152K) Eden: 19968K(19968K)->0K(22016K) From: 24448K(98816K)->40032K(91136K)
[6.956s][info][gc,heap        ] GC(116) ParOldGen: 1109459K(1219072K)->1113883K(1219072K)
[6.956s][info][gc,metaspace   ] GC(116) Metaspace: 6298K(6464K)->6298K(6464K) NonClass: 5765K(5824K)->5765K(5824K) Class: 533K(640K)->533K(640K)
[6.956s][info][gc             ] GC(116) Pause Young (Allocation Failure) 1126M->1126M(1301M) 25.840ms
[6.956s][info][gc,cpu         ] GC(116) User=0.14s Sys=0.00s Real=0.03s
[6.983s][info][gc,start       ] GC(117) Pause Young (Allocation Failure)
[7.017s][info][gc,heap        ] GC(117) PSYoungGen: 62048K(113152K)->42176K(64512K) Eden: 22016K(22016K)->0K(22016K) From: 40032K(91136K)->42176K(42496K)
[7.017s][info][gc,heap        ] GC(117) ParOldGen: 1113883K(1219072K)->1134131K(1219072K)
[7.017s][info][gc,metaspace   ] GC(117) Metaspace: 6298K(6464K)->6298K(6464K) NonClass: 5765K(5824K)->5765K(5824K) Class: 533K(640K)->533K(640K)
[7.018s][info][gc             ] GC(117) Pause Young (Allocation Failure) 1148M->1148M(1253M) 34.585ms
[7.018s][info][gc,cpu         ] GC(117) User=0.23s Sys=0.00s Real=0.03s
[7.044s][info][gc,start       ] GC(118) Pause Young (Allocation Failure)
[7.080s][info][gc,heap        ] GC(118) PSYoungGen: 64192K(64512K)->44224K(108032K) Eden: 22016K(22016K)->0K(24576K) From: 42176K(42496K)->44224K(83456K)
[7.080s][info][gc,heap        ] GC(118) ParOldGen: 1134131K(1219072K)->1154379K(1219072K)
[7.080s][info][gc,metaspace   ] GC(118) Metaspace: 6298K(6464K)->6298K(6464K) NonClass: 5765K(5824K)->5765K(5824K) Class: 533K(640K)->533K(640K)
[7.080s][info][gc             ] GC(118) Pause Young (Allocation Failure) 1170M->1170M(1296M) 36.158ms
[7.080s][info][gc,cpu         ] GC(118) User=0.16s Sys=0.00s Real=0.04s
[7.111s][info][gc,start       ] GC(119) Pause Young (Allocation Failure)
[7.150s][info][gc,heap        ] GC(119) PSYoungGen: 68800K(108032K)->46784K(71680K) Eden: 24576K(24576K)->0K(24576K) From: 44224K(83456K)->46784K(47104K)
[7.150s][info][gc,heap        ] GC(119) ParOldGen: 1154379K(1219072K)->1176731K(1219072K)
[7.150s][info][gc,metaspace   ] GC(119) Metaspace: 6298K(6464K)->6298K(6464K) NonClass: 5765K(5824K)->5765K(5824K) Class: 533K(640K)->533K(640K)
[7.150s][info][gc             ] GC(119) Pause Young (Allocation Failure) 1194M->1194M(1260M) 38.673ms
[7.150s][info][gc,cpu         ] GC(119) User=0.22s Sys=0.00s Real=0.04s
[7.179s][info][gc,start       ] GC(120) Pause Young (Allocation Failure)
[7.224s][info][gc,heap        ] GC(120) PSYoungGen: 71360K(71680K)->49344K(105472K) Eden: 24576K(24576K)->0K(27648K) From: 46784K(47104K)->49344K(77824K)
[7.224s][info][gc,heap        ] GC(120) ParOldGen: 1176731K(1219072K)->1199091K(1219072K)
[7.224s][info][gc,metaspace   ] GC(120) Metaspace: 6298K(6464K)->6298K(6464K) NonClass: 5765K(5824K)->5765K(5824K) Class: 533K(640K)->533K(640K)
[7.224s][info][gc             ] GC(120) Pause Young (Allocation Failure) 1218M->1219M(1293M) 44.721ms
[7.224s][info][gc,cpu         ] GC(120) User=0.19s Sys=0.08s Real=0.04s
[7.224s][info][gc,start       ] GC(121) Pause Full (Ergonomics)
[7.224s][info][gc,phases,start] GC(121) Marking Phase
[7.510s][info][gc,phases      ] GC(121) Marking Phase 286.003ms
[7.510s][info][gc,phases,start] GC(121) Summary Phase
[7.510s][info][gc,phases      ] GC(121) Summary Phase 0.031ms
[7.510s][info][gc,phases,start] GC(121) Adjust Roots
[7.510s][info][gc,phases      ] GC(121) Adjust Roots 0.258ms
[7.510s][info][gc,phases,start] GC(121) Compaction Phase
[7.629s][info][gc,phases      ] GC(121) Compaction Phase 118.506ms
[7.629s][info][gc,phases,start] GC(121) Post Compact
[7.631s][info][gc,phases      ] GC(121) Post Compact 2.116ms
[7.632s][info][gc,heap        ] GC(121) PSYoungGen: 49344K(105472K)->27629K(108032K) Eden: 0K(27648K)->0K(30208K) From: 49344K(77824K)->27629K(77824K)
[7.632s][info][gc,heap        ] GC(121) ParOldGen: 1199091K(1219072K)->1218891K(1348096K)
[7.632s][info][gc,metaspace   ] GC(121) Metaspace: 6298K(6464K)->6298K(6464K) NonClass: 5765K(5824K)->5765K(5824K) Class: 533K(640K)->533K(640K)
[7.632s][info][gc             ] GC(121) Pause Full (Ergonomics) 1219M->1217M(1422M) 408.389ms
[7.632s][info][gc,cpu         ] GC(121) User=2.70s Sys=0.00s Real=0.41s
[7.669s][info][gc,start       ] GC(122) Pause Young (Allocation Failure)
[7.755s][info][gc,heap        ] GC(122) PSYoungGen: 57837K(108032K)->44704K(110592K) Eden: 30208K(30208K)->0K(30208K) From: 27629K(77824K)->44704K(80384K)
[7.755s][info][gc,heap        ] GC(122) ParOldGen: 1218891K(1348096K)->1232467K(1348096K)
[7.755s][info][gc,metaspace   ] GC(122) Metaspace: 6298K(6464K)->6298K(6464K) NonClass: 5765K(5824K)->5765K(5824K) Class: 533K(640K)->533K(640K)
[7.755s][info][gc             ] GC(122) Pause Young (Allocation Failure) 1246M->1247M(1424M) 85.513ms
[7.755s][info][gc,cpu         ] GC(122) User=0.55s Sys=0.02s Real=0.09s
[7.792s][info][gc,start       ] GC(123) Pause Young (Allocation Failure)
[7.833s][info][gc,heap        ] GC(123) PSYoungGen: 74912K(110592K)->72128K(103936K) Eden: 30208K(30208K)->0K(26624K) From: 44704K(80384K)->72128K(77312K)
[7.834s][info][gc,heap        ] GC(123) ParOldGen: 1232467K(1348096K)->1232467K(1348096K)
[7.834s][info][gc,metaspace   ] GC(123) Metaspace: 6298K(6464K)->6298K(6464K) NonClass: 5765K(5824K)->5765K(5824K) Class: 533K(640K)->533K(640K)
[7.834s][info][gc             ] GC(123) Pause Young (Allocation Failure) 1276M->1274M(1418M) 41.318ms
[7.834s][info][gc,cpu         ] GC(123) User=0.27s Sys=0.00s Real=0.04s
[7.857s][info][gc,start       ] GC(124) Pause Young (Allocation Failure)
[7.909s][info][gc,heap        ] GC(124) PSYoungGen: 98752K(103936K)->71680K(110592K) Eden: 26624K(26624K)->0K(26624K) From: 72128K(77312K)->71680K(83968K)
[7.909s][info][gc,heap        ] GC(124) ParOldGen: 1232467K(1348096K)->1246979K(1348096K)
[7.909s][info][gc,metaspace   ] GC(124) Metaspace: 6298K(6464K)->6298K(6464K) NonClass: 5765K(5824K)->5765K(5824K) Class: 533K(640K)->533K(640K)
[7.909s][info][gc             ] GC(124) Pause Young (Allocation Failure) 1300M->1287M(1424M) 52.181ms
[7.909s][info][gc,cpu         ] GC(124) User=0.23s Sys=0.03s Real=0.05s
[7.936s][info][gc,start       ] GC(125) Pause Young (Allocation Failure)
[7.996s][info][gc,heap        ] GC(125) PSYoungGen: 98304K(110592K)->61952K(117760K) Eden: 26624K(26624K)->0K(29184K) From: 71680K(83968K)->61952K(88576K)
[7.996s][info][gc,heap        ] GC(125) ParOldGen: 1246979K(1348096K)->1277627K(1348096K)
[7.996s][info][gc,metaspace   ] GC(125) Metaspace: 6298K(6464K)->6298K(6464K) NonClass: 5765K(5824K)->5765K(5824K) Class: 533K(640K)->533K(640K)
[7.996s][info][gc             ] GC(125) Pause Young (Allocation Failure) 1313M->1308M(1431M) 59.740ms
[7.996s][info][gc,cpu         ] GC(125) User=0.39s Sys=0.09s Real=0.06s
[8.031s][info][gc,start       ] GC(126) Pause Young (Allocation Failure)
[8.092s][info][gc,heap        ] GC(126) PSYoungGen: 91136K(117760K)->49920K(118272K) Eden: 29184K(29184K)->0K(29184K) From: 61952K(88576K)->49920K(89088K)
[8.092s][info][gc,heap        ] GC(126) ParOldGen: 1277627K(1348096K)->1319491K(1348096K)
[8.092s][info][gc,metaspace   ] GC(126) Metaspace: 6298K(6464K)->6298K(6464K) NonClass: 5765K(5824K)->5765K(5824K) Class: 533K(640K)->533K(640K)
[8.092s][info][gc             ] GC(126) Pause Young (Allocation Failure) 1336M->1337M(1432M) 60.783ms
[8.092s][info][gc,cpu         ] GC(126) User=0.41s Sys=0.05s Real=0.06s
[8.092s][info][gc,start       ] GC(127) Pause Full (Ergonomics)
[8.092s][info][gc,phases,start] GC(127) Marking Phase
[8.407s][info][gc,phases      ] GC(127) Marking Phase 315.171ms
[8.407s][info][gc,phases,start] GC(127) Summary Phase
[8.407s][info][gc,phases      ] GC(127) Summary Phase 0.033ms
[8.407s][info][gc,phases,start] GC(127) Adjust Roots
[8.407s][info][gc,phases      ] GC(127) Adjust Roots 0.298ms
[8.407s][info][gc,phases,start] GC(127) Compaction Phase
[8.784s][info][gc,phases      ] GC(127) Compaction Phase 376.347ms
[8.784s][info][gc,phases,start] GC(127) Post Compact
[8.787s][info][gc,phases      ] GC(127) Post Compact 2.770ms
[8.788s][info][gc,heap        ] GC(127) PSYoungGen: 49920K(118272K)->19524K(118272K) Eden: 0K(29184K)->0K(29184K) From: 49920K(89088K)->19524K(89088K)
[8.788s][info][gc,heap        ] GC(127) ParOldGen: 1319491K(1348096K)->1348047K(1493504K)
[8.788s][info][gc,metaspace   ] GC(127) Metaspace: 6298K(6464K)->6298K(6464K) NonClass: 5765K(5824K)->5765K(5824K) Class: 533K(640K)->533K(640K)
[8.788s][info][gc             ] GC(127) Pause Full (Ergonomics) 1337M->1335M(1574M) 696.459ms
[8.788s][info][gc,cpu         ] GC(127) User=4.75s Sys=0.08s Real=0.70s
[8.825s][info][gc,start       ] GC(128) Pause Young (Allocation Failure)
[8.918s][info][gc,heap        ] GC(128) PSYoungGen: 48708K(118272K)->29312K(118272K) Eden: 29184K(29184K)->0K(32256K) From: 19524K(89088K)->29312K(86016K)
[8.918s][info][gc,heap        ] GC(128) ParOldGen: 1348047K(1493504K)->1367895K(1493504K)
[8.918s][info][gc,metaspace   ] GC(128) Metaspace: 6298K(6464K)->6298K(6464K) NonClass: 5765K(5824K)->5765K(5824K) Class: 533K(640K)->533K(640K)
[8.918s][info][gc             ] GC(128) Pause Young (Allocation Failure) 1364M->1364M(1574M) 93.104ms
[8.918s][info][gc,cpu         ] GC(128) User=0.42s Sys=0.17s Real=0.09s
[9.231s][info][gc,start       ] GC(129) Pause Young (Allocation Failure)
[9.296s][info][gc,heap        ] GC(129) PSYoungGen: 61568K(118272K)->61600K(118784K) Eden: 32256K(32256K)->0K(32256K) From: 29312K(86016K)->61600K(86528K)
[9.296s][info][gc,heap        ] GC(129) ParOldGen: 1433431K(1493504K)->1433431K(1493504K)
[9.296s][info][gc,metaspace   ] GC(129) Metaspace: 6298K(6464K)->6298K(6464K) NonClass: 5765K(5824K)->5765K(5824K) Class: 533K(640K)->533K(640K)
[9.296s][info][gc             ] GC(129) Pause Young (Allocation Failure) 1459M->1459M(1574M) 65.213ms
[9.296s][info][gc,cpu         ] GC(129) User=0.28s Sys=0.00s Real=0.07s
[9.326s][info][gc,start       ] GC(130) Pause Young (Allocation Failure)
[9.381s][info][gc,heap        ] GC(130) PSYoungGen: 93856K(118784K)->87040K(110080K) Eden: 32256K(32256K)->0K(23040K) From: 61600K(86528K)->87040K(87040K)
[9.381s][info][gc,heap        ] GC(130) ParOldGen: 1433431K(1493504K)->1440327K(1493504K)
[9.381s][info][gc,metaspace   ] GC(130) Metaspace: 6298K(6464K)->6298K(6464K) NonClass: 5765K(5824K)->5765K(5824K) Class: 533K(640K)->533K(640K)
[9.381s][info][gc             ] GC(130) Pause Young (Allocation Failure) 1491M->1491M(1566M) 54.322ms
[9.381s][info][gc,cpu         ] GC(130) User=0.41s Sys=0.08s Real=0.05s
[9.403s][info][gc,start       ] GC(131) Pause Young (Allocation Failure)
[9.477s][info][gc,heap        ] GC(131) PSYoungGen: 110080K(110080K)->55488K(78848K) Eden: 23040K(23040K)->0K(23040K) From: 87040K(87040K)->55488K(55808K)
[9.477s][info][gc,heap        ] GC(131) ParOldGen: 1440327K(1493504K)->1495727K(1496064K)
[9.477s][info][gc,metaspace   ] GC(131) Metaspace: 6298K(6464K)->6298K(6464K) NonClass: 5765K(5824K)->5765K(5824K) Class: 533K(640K)->533K(640K)
[9.477s][info][gc             ] GC(131) Pause Young (Allocation Failure) 1514M->1514M(1538M) 74.080ms
[9.477s][info][gc,cpu         ] GC(131) User=0.41s Sys=0.09s Real=0.07s
[9.477s][info][gc,start       ] GC(132) Pause Full (Ergonomics)
[9.478s][info][gc,phases,start] GC(132) Marking Phase
[9.822s][info][gc,phases      ] GC(132) Marking Phase 344.855ms
[9.822s][info][gc,phases,start] GC(132) Summary Phase
[9.822s][info][gc,phases      ] GC(132) Summary Phase 0.038ms
[9.822s][info][gc,phases,start] GC(132) Adjust Roots
[9.823s][info][gc,phases      ] GC(132) Adjust Roots 0.193ms
[9.823s][info][gc,phases,start] GC(132) Compaction Phase
[10.073s][info][gc,phases      ] GC(132) Compaction Phase 250.588ms
[10.073s][info][gc,phases,start] GC(132) Post Compact
[10.077s][info][gc,phases      ] GC(132) Post Compact 3.796ms
[10.079s][info][gc,heap        ] GC(132) PSYoungGen: 55488K(78848K)->21006K(78848K) Eden: 0K(23040K)->0K(23040K) From: 55488K(55808K)->21006K(55808K)
[10.079s][info][gc,heap        ] GC(132) ParOldGen: 1495727K(1496064K)->1495946K(1659392K)
[10.079s][info][gc,metaspace   ] GC(132) Metaspace: 6298K(6464K)->6298K(6464K) NonClass: 5765K(5824K)->5765K(5824K) Class: 533K(640K)->533K(640K)
[10.079s][info][gc             ] GC(132) Pause Full (Ergonomics) 1514M->1481M(1697M) 601.123ms
[10.079s][info][gc,cpu         ] GC(132) User=4.05s Sys=0.02s Real=0.60s
[10.103s][info][gc,start       ] GC(133) Pause Young (Allocation Failure)
[10.191s][info][gc,heap        ] GC(133) PSYoungGen: 44046K(78848K)->31872K(120832K) Eden: 23040K(23040K)->0K(25600K) From: 21006K(55808K)->31872K(95232K)
[10.191s][info][gc,heap        ] GC(133) ParOldGen: 1495946K(1659392K)->1508442K(1659392K)
[10.191s][info][gc,metaspace   ] GC(133) Metaspace: 6298K(6464K)->6298K(6464K) NonClass: 5765K(5824K)->5765K(5824K) Class: 533K(640K)->533K(640K)
[10.191s][info][gc             ] GC(133) Pause Young (Allocation Failure) 1503M->1504M(1738M) 87.762ms
[10.191s][info][gc,cpu         ] GC(133) User=0.61s Sys=0.02s Real=0.09s
[10.219s][info][gc,start       ] GC(134) Pause Young (Allocation Failure)
[10.252s][info][gc,heap        ] GC(134) PSYoungGen: 57472K(120832K)->57536K(120832K) Eden: 25600K(25600K)->0K(25600K) From: 31872K(95232K)->57536K(95232K)
[10.252s][info][gc,heap        ] GC(134) ParOldGen: 1508442K(1659392K)->1508442K(1659392K)
[10.252s][info][gc,metaspace   ] GC(134) Metaspace: 6298K(6464K)->6298K(6464K) NonClass: 5765K(5824K)->5765K(5824K) Class: 533K(640K)->533K(640K)
[10.252s][info][gc             ] GC(134) Pause Young (Allocation Failure) 1529M->1529M(1738M) 32.663ms
[10.252s][info][gc,cpu         ] GC(134) User=0.16s Sys=0.00s Real=0.03s
[10.280s][info][gc,start       ] GC(135) Pause Young (Allocation Failure)
[10.322s][info][gc,heap        ] GC(135) PSYoungGen: 83136K(120832K)->83200K(113664K) Eden: 25600K(25600K)->0K(20992K) From: 57536K(95232K)->83200K(92672K)
[10.322s][info][gc,heap        ] GC(135) ParOldGen: 1508442K(1659392K)->1508442K(1659392K)
[10.322s][info][gc,metaspace   ] GC(135) Metaspace: 6298K(6464K)->6298K(6464K) NonClass: 5765K(5824K)->5765K(5824K) Class: 533K(640K)->533K(640K)
[10.323s][info][gc             ] GC(135) Pause Young (Allocation Failure) 1554M->1554M(1731M) 42.242ms
[10.323s][info][gc,cpu         ] GC(135) User=0.23s Sys=0.00s Real=0.04s
[10.344s][info][gc,start       ] GC(136) Pause Young (Allocation Failure)
[10.397s][info][gc,heap        ] GC(136) PSYoungGen: 104192K(113664K)->95456K(120832K) Eden: 20992K(20992K)->0K(20992K) From: 83200K(92672K)->95456K(99840K)
[10.397s][info][gc,heap        ] GC(136) ParOldGen: 1508442K(1659392K)->1517338K(1659392K)
[10.397s][info][gc,metaspace   ] GC(136) Metaspace: 6298K(6464K)->6298K(6464K) NonClass: 5765K(5824K)->5765K(5824K) Class: 533K(640K)->533K(640K)
[10.397s][info][gc             ] GC(136) Pause Young (Allocation Failure) 1574M->1574M(1738M) 52.441ms
[10.397s][info][gc,cpu         ] GC(136) User=0.31s Sys=0.05s Real=0.05s
[10.417s][info][gc,start       ] GC(137) Pause Young (Allocation Failure)
[10.485s][info][gc,heap        ] GC(137) PSYoungGen: 116448K(120832K)->93408K(126464K) Eden: 20992K(20992K)->0K(16384K) From: 95456K(99840K)->93408K(110080K)
[10.485s][info][gc,heap        ] GC(137) ParOldGen: 1517338K(1659392K)->1540706K(1659392K)
[10.486s][info][gc,metaspace   ] GC(137) Metaspace: 6298K(6464K)->6298K(6464K) NonClass: 5765K(5824K)->5765K(5824K) Class: 533K(640K)->533K(640K)
[10.486s][info][gc             ] GC(137) Pause Young (Allocation Failure) 1595M->1595M(1744M) 68.350ms
[10.486s][info][gc,cpu         ] GC(137) User=0.36s Sys=0.11s Real=0.07s
[10.502s][info][gc,start       ] GC(138) Pause Young (Allocation Failure)
[10.572s][info][gc,heap        ] GC(138) PSYoungGen: 109792K(126464K)->58592K(75264K) Eden: 16384K(16384K)->0K(16384K) From: 93408K(110080K)->58592K(58880K)
[10.572s][info][gc,heap        ] GC(138) ParOldGen: 1540706K(1659392K)->1592650K(1659392K)
[10.572s][info][gc,metaspace   ] GC(138) Metaspace: 6298K(6464K)->6298K(6464K) NonClass: 5765K(5824K)->5765K(5824K) Class: 533K(640K)->533K(640K)
[10.572s][info][gc             ] GC(138) Pause Young (Allocation Failure) 1611M->1612M(1694M) 70.324ms
[10.572s][info][gc,cpu         ] GC(138) User=0.34s Sys=0.12s Real=0.07s
[10.588s][info][gc,start       ] GC(139) Pause Young (Allocation Failure)
[10.640s][info][gc,heap        ] GC(139) PSYoungGen: 74976K(75264K)->32864K(131072K) Eden: 16384K(16384K)->0K(18432K) From: 58592K(58880K)->32864K(112640K)
[10.640s][info][gc,heap        ] GC(139) ParOldGen: 1592650K(1659392K)->1635250K(1659392K)
[10.640s][info][gc,metaspace   ] GC(139) Metaspace: 6298K(6464K)->6298K(6464K) NonClass: 5765K(5824K)->5765K(5824K) Class: 533K(640K)->533K(640K)
[10.640s][info][gc             ] GC(139) Pause Young (Allocation Failure) 1628M->1629M(1748M) 51.443ms
[10.640s][info][gc,cpu         ] GC(139) User=0.16s Sys=0.23s Real=0.05s
[10.640s][info][gc,start       ] GC(140) Pause Full (Ergonomics)
[10.640s][info][gc,phases,start] GC(140) Marking Phase
[11.021s][info][gc,phases      ] GC(140) Marking Phase 381.100ms
[11.021s][info][gc,phases,start] GC(140) Summary Phase
[11.021s][info][gc,phases      ] GC(140) Summary Phase 0.050ms
[11.021s][info][gc,phases,start] GC(140) Adjust Roots
[11.021s][info][gc,phases      ] GC(140) Adjust Roots 0.185ms
[11.021s][info][gc,phases,start] GC(140) Compaction Phase
[11.203s][info][gc,phases      ] GC(140) Compaction Phase 181.734ms
[11.203s][info][gc,phases,start] GC(140) Post Compact
[11.207s][info][gc,phases      ] GC(140) Post Compact 3.344ms
[11.208s][info][gc,heap        ] GC(140) PSYoungGen: 32864K(131072K)->6652K(131072K) Eden: 0K(18432K)->0K(18432K) From: 32864K(112640K)->6652K(112640K)
[11.208s][info][gc,heap        ] GC(140) ParOldGen: 1635250K(1659392K)->1659075K(1842176K)
[11.208s][info][gc,metaspace   ] GC(140) Metaspace: 6298K(6464K)->6298K(6464K) NonClass: 5765K(5824K)->5765K(5824K) Class: 533K(640K)->533K(640K)
[11.208s][info][gc             ] GC(140) Pause Full (Ergonomics) 1629M->1626M(1927M) 568.237ms
[11.208s][info][gc,cpu         ] GC(140) User=3.69s Sys=0.02s Real=0.57s
[11.226s][info][gc,start       ] GC(141) Pause Young (Allocation Failure)
[11.314s][info][gc,heap        ] GC(141) PSYoungGen: 25084K(131072K)->18560K(131584K) Eden: 18432K(18432K)->0K(18432K) From: 6652K(112640K)->18560K(113152K)
[11.314s][info][gc,heap        ] GC(141) ParOldGen: 1659075K(1842176K)->1665859K(1842176K)
[11.314s][info][gc,metaspace   ] GC(141) Metaspace: 6298K(6464K)->6298K(6464K) NonClass: 5765K(5824K)->5765K(5824K) Class: 533K(640K)->533K(640K)
[11.314s][info][gc             ] GC(141) Pause Young (Allocation Failure) 1644M->1644M(1927M) 88.140ms
[11.314s][info][gc,cpu         ] GC(141) User=0.48s Sys=0.00s Real=0.09s
[11.333s][info][gc,start       ] GC(142) Pause Young (Allocation Failure)
[11.365s][info][gc,heap        ] GC(142) PSYoungGen: 36992K(131584K)->18592K(135168K) Eden: 18432K(18432K)->0K(20480K) From: 18560K(113152K)->18592K(114688K)
[11.365s][info][gc,heap        ] GC(142) ParOldGen: 1665859K(1842176K)->1684595K(1842176K)
[11.365s][info][gc,metaspace   ] GC(142) Metaspace: 6298K(6464K)->6298K(6464K) NonClass: 5765K(5824K)->5765K(5824K) Class: 533K(640K)->533K(640K)
[11.365s][info][gc             ] GC(142) Pause Young (Allocation Failure) 1662M->1663M(1931M) 31.764ms
[11.365s][info][gc,cpu         ] GC(142) User=0.03s Sys=0.02s Real=0.03s
[11.387s][info][gc,start       ] GC(143) Pause Young (Allocation Failure)
[11.419s][info][gc,heap        ] GC(143) PSYoungGen: 39072K(135168K)->20640K(135680K) Eden: 20480K(20480K)->0K(20480K) From: 18592K(114688K)->20640K(115200K)
[11.419s][info][gc,heap        ] GC(143) ParOldGen: 1684595K(1842176K)->1703315K(1842176K)
[11.419s][info][gc,metaspace   ] GC(143) Metaspace: 6298K(6464K)->6298K(6464K) NonClass: 5765K(5824K)->5765K(5824K) Class: 533K(640K)->533K(640K)
[11.419s][info][gc             ] GC(143) Pause Young (Allocation Failure) 1683M->1683M(1931M) 31.879ms
[11.419s][info][gc,cpu         ] GC(143) User=0.05s Sys=0.02s Real=0.03s
[11.443s][info][gc,start       ] GC(144) Pause Young (Allocation Failure)
[11.477s][info][gc,heap        ] GC(144) PSYoungGen: 41120K(135680K)->20608K(134144K) Eden: 20480K(20480K)->0K(23040K) From: 20640K(115200K)->20608K(111104K)
[11.477s][info][gc,heap        ] GC(144) ParOldGen: 1703315K(1842176K)->1724139K(1842176K)
[11.477s][info][gc,metaspace   ] GC(144) Metaspace: 6298K(6464K)->6298K(6464K) NonClass: 5765K(5824K)->5765K(5824K) Class: 533K(640K)->533K(640K)
[11.477s][info][gc             ] GC(144) Pause Young (Allocation Failure) 1703M->1703M(1930M) 34.070ms
[11.477s][info][gc,cpu         ] GC(144) User=0.05s Sys=0.11s Real=0.03s
[11.502s][info][gc,start       ] GC(145) Pause Young (Allocation Failure)
[11.539s][info][gc,heap        ] GC(145) PSYoungGen: 43648K(134144K)->23200K(135680K) Eden: 23040K(23040K)->0K(23040K) From: 20608K(111104K)->23200K(112640K)
[11.539s][info][gc,heap        ] GC(145) ParOldGen: 1724139K(1842176K)->1744947K(1842176K)
[11.539s][info][gc,metaspace   ] GC(145) Metaspace: 6298K(6464K)->6298K(6464K) NonClass: 5765K(5824K)->5765K(5824K) Class: 533K(640K)->533K(640K)
[11.539s][info][gc             ] GC(145) Pause Young (Allocation Failure) 1726M->1726M(1931M) 37.162ms
[11.539s][info][gc,cpu         ] GC(145) User=0.11s Sys=0.05s Real=0.04s
[11.565s][info][gc,start       ] GC(146) Pause Young (Allocation Failure)
[11.601s][info][gc,heap        ] GC(146) PSYoungGen: 46240K(135680K)->23168K(130048K) Eden: 23040K(23040K)->0K(26112K) From: 23200K(112640K)->23168K(103936K)
[11.601s][info][gc,heap        ] GC(146) ParOldGen: 1744947K(1842176K)->1768355K(1842176K)
[11.601s][info][gc,metaspace   ] GC(146) Metaspace: 6298K(6464K)->6298K(6464K) NonClass: 5765K(5824K)->5765K(5824K) Class: 533K(640K)->533K(640K)
[11.601s][info][gc             ] GC(146) Pause Young (Allocation Failure) 1749M->1749M(1926M) 36.123ms
[11.601s][info][gc,cpu         ] GC(146) User=0.20s Sys=0.05s Real=0.04s
[11.630s][info][gc,start       ] GC(147) Pause Young (Allocation Failure)
[11.667s][info][gc,heap        ] GC(147) PSYoungGen: 49280K(130048K)->26304K(52736K) Eden: 26112K(26112K)->0K(26112K) From: 23168K(103936K)->26304K(26624K)
[11.667s][info][gc,heap        ] GC(147) ParOldGen: 1768355K(1842176K)->1791747K(1842176K)
[11.667s][info][gc,metaspace   ] GC(147) Metaspace: 6298K(6464K)->6298K(6464K) NonClass: 5765K(5824K)->5765K(5824K) Class: 533K(640K)->533K(640K)
[11.667s][info][gc             ] GC(147) Pause Young (Allocation Failure) 1775M->1775M(1850M) 37.178ms
[11.667s][info][gc,cpu         ] GC(147) User=0.20s Sys=0.05s Real=0.04s
[11.692s][info][gc,start       ] GC(148) Pause Young (Allocation Failure)
[11.731s][info][gc,heap        ] GC(148) PSYoungGen: 52416K(52736K)->26272K(125440K) Eden: 26112K(26112K)->0K(29696K) From: 26304K(26624K)->26272K(95744K)
[11.731s][info][gc,heap        ] GC(148) ParOldGen: 1791747K(1842176K)->1818259K(1842176K)
[11.731s][info][gc,metaspace   ] GC(148) Metaspace: 6298K(6464K)->6298K(6464K) NonClass: 5765K(5824K)->5765K(5824K) Class: 533K(640K)->533K(640K)
[11.731s][info][gc             ] GC(148) Pause Young (Allocation Failure) 1800M->1801M(1921M) 38.932ms
[11.731s][info][gc,cpu         ] GC(148) User=0.22s Sys=0.03s Real=0.04s
[11.731s][info][gc,start       ] GC(149) Pause Full (Ergonomics)
[11.731s][info][gc,phases,start] GC(149) Marking Phase
[12.157s][info][gc,phases      ] GC(149) Marking Phase 425.411ms
[12.157s][info][gc,phases,start] GC(149) Summary Phase
[12.157s][info][gc,phases      ] GC(149) Summary Phase 0.093ms
[12.157s][info][gc,phases,start] GC(149) Adjust Roots
[12.157s][info][gc,phases      ] GC(149) Adjust Roots 0.256ms
[12.157s][info][gc,phases,start] GC(149) Compaction Phase
[12.347s][info][gc,phases      ] GC(149) Compaction Phase 189.986ms
[12.347s][info][gc,phases,start] GC(149) Post Compact
[12.351s][info][gc,phases      ] GC(149) Post Compact 3.329ms
[12.353s][info][gc,heap        ] GC(149) PSYoungGen: 26272K(125440K)->0K(129024K) Eden: 0K(29696K)->0K(29696K) From: 26272K(95744K)->0K(99328K)
[12.353s][info][gc,heap        ] GC(149) ParOldGen: 1818259K(1842176K)->1841608K(2020864K)
[12.353s][info][gc,metaspace   ] GC(149) Metaspace: 6298K(6464K)->6298K(6464K) NonClass: 5765K(5824K)->5765K(5824K) Class: 533K(640K)->533K(640K)
[12.353s][info][gc             ] GC(149) Pause Full (Ergonomics) 1801M->1798M(2099M) 621.383ms
[12.353s][info][gc,cpu         ] GC(149) User=4.23s Sys=0.05s Real=0.62s
[12.388s][info][gc,start       ] GC(150) Pause Young (Allocation Failure)
[12.415s][info][gc,heap        ] GC(150) PSYoungGen: 29696K(129024K)->29856K(122368K) Eden: 29696K(29696K)->0K(32768K) From: 0K(99328K)->29856K(89600K)
[12.415s][info][gc,heap        ] GC(150) ParOldGen: 1841608K(2020864K)->1841608K(2020864K)
[12.415s][info][gc,metaspace   ] GC(150) Metaspace: 6298K(6464K)->6298K(6464K) NonClass: 5765K(5824K)->5765K(5824K) Class: 533K(640K)->533K(640K)
[12.415s][info][gc             ] GC(150) Pause Young (Allocation Failure) 1827M->1827M(2093M) 26.668ms
[12.415s][info][gc,cpu         ] GC(150) User=0.05s Sys=0.00s Real=0.03s
[12.452s][info][gc,start       ] GC(151) Pause Young (Allocation Failure)
[12.490s][info][gc,heap        ] GC(151) PSYoungGen: 62624K(122368K)->62656K(127488K) Eden: 32768K(32768K)->0K(32768K) From: 29856K(89600K)->62656K(94720K)
[12.490s][info][gc,heap        ] GC(151) ParOldGen: 1841608K(2020864K)->1841608K(2020864K)
[12.490s][info][gc,metaspace   ] GC(151) Metaspace: 6298K(6464K)->6298K(6464K) NonClass: 5765K(5824K)->5765K(5824K) Class: 533K(640K)->533K(640K)
[12.490s][info][gc             ] GC(151) Pause Young (Allocation Failure) 1859M->1859M(2098M) 38.037ms
[12.490s][info][gc,cpu         ] GC(151) User=0.14s Sys=0.00s Real=0.04s
[12.526s][info][gc,start       ] GC(152) Pause Young (Allocation Failure)
[12.575s][info][gc,heap        ] GC(152) PSYoungGen: 95424K(127488K)->95456K(120320K) Eden: 32768K(32768K)->0K(22016K) From: 62656K(94720K)->95456K(98304K)
[12.575s][info][gc,heap        ] GC(152) ParOldGen: 1841608K(2020864K)->1841608K(2020864K)
[12.575s][info][gc,metaspace   ] GC(152) Metaspace: 6298K(6464K)->6298K(6464K) NonClass: 5765K(5824K)->5765K(5824K) Class: 533K(640K)->533K(640K)
[12.575s][info][gc             ] GC(152) Pause Young (Allocation Failure) 1891M->1891M(2091M) 49.829ms
[12.575s][info][gc,cpu         ] GC(152) User=0.27s Sys=0.00s Real=0.05s
[12.601s][info][gc,start       ] GC(153) Pause Young (Allocation Failure)
[12.665s][info][gc,heap        ] GC(153) PSYoungGen: 117472K(120320K)->87776K(134656K) Eden: 22016K(22016K)->0K(22016K) From: 95456K(98304K)->87776K(112640K)
[12.665s][info][gc,heap        ] GC(153) ParOldGen: 1841608K(2020864K)->1871752K(2020864K)
[12.665s][info][gc,metaspace   ] GC(153) Metaspace: 6298K(6464K)->6298K(6464K) NonClass: 5765K(5824K)->5765K(5824K) Class: 533K(640K)->533K(640K)
[12.665s][info][gc             ] GC(153) Pause Young (Allocation Failure) 1913M->1913M(2105M) 63.863ms
[12.665s][info][gc,cpu         ] GC(153) User=0.33s Sys=0.05s Real=0.06s
[12.691s][info][gc,start       ] GC(154) Pause Young (Allocation Failure)
[12.753s][info][gc,heap        ] GC(154) PSYoungGen: 109792K(134656K)->77024K(143872K) Eden: 22016K(22016K)->0K(22016K) From: 87776K(112640K)->77024K(121856K)
[12.754s][info][gc,heap        ] GC(154) ParOldGen: 1871752K(2020864K)->1905024K(2020864K)
[12.754s][info][gc,metaspace   ] GC(154) Metaspace: 6298K(6464K)->6298K(6464K) NonClass: 5765K(5824K)->5765K(5824K) Class: 533K(640K)->533K(640K)
[12.754s][info][gc             ] GC(154) Pause Young (Allocation Failure) 1935M->1935M(2114M) 62.102ms
[12.754s][info][gc,cpu         ] GC(154) User=0.31s Sys=0.08s Real=0.06s
[12.780s][info][gc,start       ] GC(155) Pause Young (Allocation Failure)
[12.848s][info][gc,heap        ] GC(155) PSYoungGen: 99040K(143872K)->44160K(66560K) Eden: 22016K(22016K)->0K(22016K) From: 77024K(121856K)->44160K(44544K)
[12.848s][info][gc,heap        ] GC(155) ParOldGen: 1905024K(2020864K)->1960608K(2020864K)
[12.848s][info][gc,metaspace   ] GC(155) Metaspace: 6298K(6464K)->6298K(6464K) NonClass: 5765K(5824K)->5765K(5824K) Class: 533K(640K)->533K(640K)
[12.848s][info][gc             ] GC(155) Pause Young (Allocation Failure) 1957M->1957M(2038M) 68.389ms
[12.848s][info][gc,cpu         ] GC(155) User=0.31s Sys=0.31s Real=0.07s
[12.878s][info][gc,start       ] GC(156) Pause Young (Allocation Failure)
[12.930s][info][gc,heap        ] GC(156) PSYoungGen: 66176K(66560K)->22112K(140800K) Eden: 22016K(22016K)->0K(25088K) From: 44160K(44544K)->22112K(115712K)
[12.930s][info][gc,heap        ] GC(156) ParOldGen: 1960608K(2020864K)->2005296K(2020864K)
[12.930s][info][gc,metaspace   ] GC(156) Metaspace: 6298K(6464K)->6298K(6464K) NonClass: 5765K(5824K)->5765K(5824K) Class: 533K(640K)->533K(640K)
[12.930s][info][gc             ] GC(156) Pause Young (Allocation Failure) 1979M->1979M(2111M) 51.913ms
[12.930s][info][gc,cpu         ] GC(156) User=0.16s Sys=0.22s Real=0.05s
[12.930s][info][gc,start       ] GC(157) Pause Full (Ergonomics)
[12.930s][info][gc,phases,start] GC(157) Marking Phase
[13.409s][info][gc,phases      ] GC(157) Marking Phase 479.352ms
[13.409s][info][gc,phases,start] GC(157) Summary Phase
[13.409s][info][gc,phases      ] GC(157) Summary Phase 0.034ms
[13.409s][info][gc,phases,start] GC(157) Adjust Roots
[13.409s][info][gc,phases      ] GC(157) Adjust Roots 0.174ms
[13.409s][info][gc,phases,start] GC(157) Compaction Phase
[13.613s][info][gc,phases      ] GC(157) Compaction Phase 203.298ms
[13.613s][info][gc,phases,start] GC(157) Post Compact
[13.617s][info][gc,phases      ] GC(157) Post Compact 4.293ms
[13.618s][info][gc,heap        ] GC(157) PSYoungGen: 22112K(140800K)->4100K(142336K) Eden: 0K(25088K)->0K(26624K) From: 22112K(115712K)->4100K(115712K)
[13.619s][info][gc,heap        ] GC(157) ParOldGen: 2005296K(2020864K)->2020584K(2231296K)
[13.619s][info][gc,metaspace   ] GC(157) Metaspace: 6298K(6464K)->6298K(6464K) NonClass: 5765K(5824K)->5765K(5824K) Class: 533K(640K)->533K(640K)
[13.619s][info][gc             ] GC(157) Pause Full (Ergonomics) 1979M->1977M(2318M) 688.847ms
[13.619s][info][gc,cpu         ] GC(157) User=4.69s Sys=0.05s Real=0.69s
[13.649s][info][gc,start       ] GC(158) Pause Young (Allocation Failure)
[13.756s][info][gc,heap        ] GC(158) PSYoungGen: 30724K(142336K)->26784K(143872K) Eden: 26624K(26624K)->0K(26624K) From: 4100K(115712K)->26784K(117248K)
[13.756s][info][gc,heap        ] GC(158) ParOldGen: 2020584K(2231296K)->2024784K(2231296K)
[13.756s][info][gc,metaspace   ] GC(158) Metaspace: 6298K(6464K)->6298K(6464K) NonClass: 5765K(5824K)->5765K(5824K) Class: 533K(640K)->533K(640K)
[13.756s][info][gc             ] GC(158) Pause Young (Allocation Failure) 2003M->2003M(2319M) 106.814ms
[13.756s][info][gc,cpu         ] GC(158) User=0.61s Sys=0.00s Real=0.11s
[13.785s][info][gc,start       ] GC(159) Pause Young (Allocation Failure)
[13.825s][info][gc,heap        ] GC(159) PSYoungGen: 53408K(143872K)->26816K(136704K) Eden: 26624K(26624K)->0K(29696K) From: 26784K(117248K)->26816K(107008K)
[13.825s][info][gc,heap        ] GC(159) ParOldGen: 2024784K(2231296K)->2051824K(2231296K)
[13.825s][info][gc,metaspace   ] GC(159) Metaspace: 6298K(6464K)->6298K(6464K) NonClass: 5765K(5824K)->5765K(5824K) Class: 533K(640K)->533K(640K)
[13.825s][info][gc             ] GC(159) Pause Young (Allocation Failure) 2029M->2029M(2312M) 40.502ms
[13.825s][info][gc,cpu         ] GC(159) User=0.14s Sys=0.08s Real=0.04s
[13.856s][info][gc,start       ] GC(160) Pause Young (Allocation Failure)
[13.902s][info][gc,heap        ] GC(160) PSYoungGen: 56512K(136704K)->29856K(140288K) Eden: 29696K(29696K)->0K(29696K) From: 26816K(107008K)->29856K(110592K)
[13.902s][info][gc,heap        ] GC(160) ParOldGen: 2051824K(2231296K)->2078856K(2231296K)
[13.902s][info][gc,metaspace   ] GC(160) Metaspace: 6298K(6464K)->6298K(6464K) NonClass: 5765K(5824K)->5765K(5824K) Class: 533K(640K)->533K(640K)
[13.902s][info][gc             ] GC(160) Pause Young (Allocation Failure) 2058M->2059M(2316M) 45.841ms
[13.902s][info][gc,cpu         ] GC(160) User=0.16s Sys=0.06s Real=0.05s
[13.935s][info][gc,start       ] GC(161) Pause Young (Allocation Failure)
[13.979s][info][gc,heap        ] GC(161) PSYoungGen: 59552K(140288K)->29856K(132096K) Eden: 29696K(29696K)->0K(33280K) From: 29856K(110592K)->29856K(98816K)
[13.979s][info][gc,heap        ] GC(161) ParOldGen: 2078856K(2231296K)->2109008K(2231296K)
[13.979s][info][gc,metaspace   ] GC(161) Metaspace: 6298K(6464K)->6298K(6464K) NonClass: 5765K(5824K)->5765K(5824K) Class: 533K(640K)->533K(640K)
[13.979s][info][gc             ] GC(161) Pause Young (Allocation Failure) 2088M->2088M(2308M) 44.894ms
[13.979s][info][gc,cpu         ] GC(161) User=0.19s Sys=0.05s Real=0.05s
[14.016s][info][gc,start       ] GC(162) Pause Young (Allocation Failure)
[14.062s][info][gc,heap        ] GC(162) PSYoungGen: 63136K(132096K)->33440K(67072K) Eden: 33280K(33280K)->0K(33280K) From: 29856K(98816K)->33440K(33792K)
[14.062s][info][gc,heap        ] GC(162) ParOldGen: 2109008K(2231296K)->2139176K(2231296K)
[14.062s][info][gc,metaspace   ] GC(162) Metaspace: 6298K(6464K)->6298K(6464K) NonClass: 5765K(5824K)->5765K(5824K) Class: 533K(640K)->533K(640K)
[14.062s][info][gc             ] GC(162) Pause Young (Allocation Failure) 2121M->2121M(2244M) 46.232ms
[14.062s][info][gc,cpu         ] GC(162) User=0.14s Sys=0.11s Real=0.05s
[14.102s][info][gc,start       ] GC(163) Pause Young (Allocation Failure)
[14.151s][info][gc,heap        ] GC(163) PSYoungGen: 66720K(67072K)->33440K(126464K) Eden: 33280K(33280K)->0K(37376K) From: 33440K(33792K)->33440K(89088K)
[14.151s][info][gc,heap        ] GC(163) ParOldGen: 2139176K(2231296K)->2172968K(2231296K)
[14.151s][info][gc,metaspace   ] GC(163) Metaspace: 6298K(6464K)->6298K(6464K) NonClass: 5765K(5824K)->5765K(5824K) Class: 533K(640K)->533K(640K)
[14.151s][info][gc             ] GC(163) Pause Young (Allocation Failure) 2154M->2154M(2302M) 48.880ms
[14.151s][info][gc,cpu         ] GC(163) User=0.16s Sys=0.09s Real=0.05s
[14.200s][info][gc,start       ] GC(164) Pause Young (Allocation Failure)
[14.251s][info][gc,heap        ] GC(164) PSYoungGen: 70816K(126464K)->37536K(131072K) Eden: 37376K(37376K)->0K(37376K) From: 33440K(89088K)->37536K(93696K)
[14.251s][info][gc,heap        ] GC(164) ParOldGen: 2172968K(2231296K)->2206752K(2231296K)
[14.251s][info][gc,metaspace   ] GC(164) Metaspace: 6298K(6464K)->6298K(6464K) NonClass: 5765K(5824K)->5765K(5824K) Class: 533K(640K)->533K(640K)
[14.251s][info][gc             ] GC(164) Pause Young (Allocation Failure) 2191M->2191M(2307M) 51.345ms
[14.251s][info][gc,cpu         ] GC(164) User=0.27s Sys=0.02s Real=0.05s
[14.251s][info][gc,start       ] GC(165) Pause Full (Ergonomics)
[14.251s][info][gc,phases,start] GC(165) Marking Phase
[14.763s][info][gc,phases      ] GC(165) Marking Phase 511.779ms
[14.763s][info][gc,phases,start] GC(165) Summary Phase
[14.763s][info][gc,phases      ] GC(165) Summary Phase 0.058ms
[14.763s][info][gc,phases,start] GC(165) Adjust Roots
[14.763s][info][gc,phases      ] GC(165) Adjust Roots 0.237ms
[14.763s][info][gc,phases,start] GC(165) Compaction Phase
[14.991s][info][gc,phases      ] GC(165) Compaction Phase 227.770ms
[14.991s][info][gc,phases,start] GC(165) Post Compact
[14.996s][info][gc,phases      ] GC(165) Post Compact 4.598ms
[14.998s][info][gc,heap        ] GC(165) PSYoungGen: 37536K(131072K)->9753K(131072K) Eden: 0K(37376K)->0K(37376K) From: 37536K(93696K)->9753K(93696K)
[14.998s][info][gc,heap        ] GC(165) ParOldGen: 2206752K(2231296K)->2231287K(2452992K)
[14.998s][info][gc,metaspace   ] GC(165) Metaspace: 6298K(6464K)->6298K(6464K) NonClass: 5765K(5824K)->5765K(5824K) Class: 533K(640K)->533K(640K)
[14.998s][info][gc             ] GC(165) Pause Full (Ergonomics) 2191M->2188M(2523M) 746.557ms
[14.998s][info][gc,cpu         ] GC(165) User=5.20s Sys=0.05s Real=0.75s
[15.044s][info][gc,start       ] GC(166) Pause Young (Allocation Failure)
[15.170s][info][gc,heap        ] GC(166) PSYoungGen: 47129K(131072K)->37536K(119808K) Eden: 37376K(37376K)->0K(40960K) From: 9753K(93696K)->37536K(78848K)
[15.170s][info][gc,heap        ] GC(166) ParOldGen: 2231287K(2452992K)->2241231K(2452992K)
[15.170s][info][gc,metaspace   ] GC(166) Metaspace: 6298K(6464K)->6298K(6464K) NonClass: 5765K(5824K)->5765K(5824K) Class: 533K(640K)->533K(640K)
[15.170s][info][gc             ] GC(166) Pause Young (Allocation Failure) 2225M->2225M(2512M) 126.173ms
[15.170s][info][gc,cpu         ] GC(166) User=0.83s Sys=0.03s Real=0.13s
[15.218s][info][gc,start       ] GC(167) Pause Young (Allocation Failure)
[15.263s][info][gc,heap        ] GC(167) PSYoungGen: 78496K(119808K)->78560K(125440K) Eden: 40960K(40960K)->0K(40960K) From: 37536K(78848K)->78560K(84480K)
[15.263s][info][gc,heap        ] GC(167) ParOldGen: 2241231K(2452992K)->2241231K(2452992K)
[15.263s][info][gc,metaspace   ] GC(167) Metaspace: 6298K(6464K)->6298K(6464K) NonClass: 5765K(5824K)->5765K(5824K) Class: 533K(640K)->533K(640K)
[15.263s][info][gc             ] GC(167) Pause Young (Allocation Failure) 2265M->2265M(2518M) 45.515ms
[15.263s][info][gc,cpu         ] GC(167) User=0.25s Sys=0.00s Real=0.05s
[15.312s][info][gc,start       ] GC(168) Pause Young (Allocation Failure)
[15.388s][info][gc,heap        ] GC(168) PSYoungGen: 119520K(125440K)->94208K(116224K) Eden: 40960K(40960K)->0K(22016K) From: 78560K(84480K)->94208K(94208K)
[15.388s][info][gc,heap        ] GC(168) ParOldGen: 2241231K(2452992K)->2266703K(2452992K)
[15.388s][info][gc,metaspace   ] GC(168) Metaspace: 6298K(6464K)->6298K(6464K) NonClass: 5765K(5824K)->5765K(5824K) Class: 533K(640K)->533K(640K)
[15.388s][info][gc             ] GC(168) Pause Young (Allocation Failure) 2305M->2305M(2509M) 76.652ms
[15.388s][info][gc,cpu         ] GC(168) User=0.28s Sys=0.19s Real=0.08s
[15.414s][info][gc,start       ] GC(169) Pause Young (Allocation Failure)
[15.491s][info][gc,heap        ] GC(169) PSYoungGen: 116224K(116224K)->55936K(78336K) Eden: 22016K(22016K)->0K(22016K) From: 94208K(94208K)->55936K(56320K)
[15.491s][info][gc,heap        ] GC(169) ParOldGen: 2266703K(2452992K)->2327631K(2452992K)
[15.491s][info][gc,metaspace   ] GC(169) Metaspace: 6298K(6464K)->6298K(6464K) NonClass: 5765K(5824K)->5765K(5824K) Class: 533K(640K)->533K(640K)
[15.491s][info][gc             ] GC(169) Pause Young (Allocation Failure) 2327M->2327M(2472M) 76.792ms
[15.491s][info][gc,cpu         ] GC(169) User=0.38s Sys=0.12s Real=0.08s
[15.516s][info][gc,start       ] GC(170) Pause Young (Allocation Failure)
[15.568s][info][gc,heap        ] GC(170) PSYoungGen: 77952K(78336K)->44192K(129024K) Eden: 22016K(22016K)->0K(25088K) From: 55936K(56320K)->44192K(103936K)
[15.568s][info][gc,heap        ] GC(170) ParOldGen: 2327631K(2452992K)->2361647K(2452992K)
[15.568s][info][gc,metaspace   ] GC(170) Metaspace: 6298K(6464K)->6298K(6464K) NonClass: 5765K(5824K)->5765K(5824K) Class: 533K(640K)->533K(640K)
[15.568s][info][gc             ] GC(170) Pause Young (Allocation Failure) 2349M->2349M(2521M) 52.465ms
[15.568s][info][gc,cpu         ] GC(170) User=0.28s Sys=0.09s Real=0.05s
[15.599s][info][gc,start       ] GC(171) Pause Young (Allocation Failure)
[15.654s][info][gc,heap        ] GC(171) PSYoungGen: 69280K(129024K)->25248K(133120K) Eden: 25088K(25088K)->0K(25088K) From: 44192K(103936K)->25248K(108032K)
[15.654s][info][gc,heap        ] GC(171) ParOldGen: 2361647K(2452992K)->2406047K(2452992K)
[15.654s][info][gc,metaspace   ] GC(171) Metaspace: 6298K(6464K)->6298K(6464K) NonClass: 5765K(5824K)->5765K(5824K) Class: 533K(640K)->533K(640K)
[15.654s][info][gc             ] GC(171) Pause Young (Allocation Failure) 2373M->2374M(2525M) 55.449ms
[15.654s][info][gc,cpu         ] GC(171) User=0.19s Sys=0.19s Real=0.06s
[15.655s][info][gc,start       ] GC(172) Pause Full (Ergonomics)
[15.655s][info][gc,phases,start] GC(172) Marking Phase
[16.197s][info][gc,phases      ] GC(172) Marking Phase 542.205ms
[16.197s][info][gc,phases,start] GC(172) Summary Phase
[16.197s][info][gc,phases      ] GC(172) Summary Phase 0.056ms
[16.197s][info][gc,phases,start] GC(172) Adjust Roots
[16.197s][info][gc,phases      ] GC(172) Adjust Roots 0.179ms
[16.197s][info][gc,phases,start] GC(172) Compaction Phase
[16.418s][info][gc,phases      ] GC(172) Compaction Phase 220.408ms
[16.418s][info][gc,phases,start] GC(172) Post Compact
[16.422s][info][gc,phases      ] GC(172) Post Compact 4.421ms
[16.424s][info][gc,heap        ] GC(172) PSYoungGen: 25248K(133120K)->0K(134656K) Eden: 0K(25088K)->0K(28160K) From: 25248K(108032K)->0K(106496K)
[16.424s][info][gc,heap        ] GC(172) ParOldGen: 2406047K(2452992K)->2429273K(2678272K)
[16.424s][info][gc,metaspace   ] GC(172) Metaspace: 6298K(6464K)->6298K(6464K) NonClass: 5765K(5824K)->5765K(5824K) Class: 533K(640K)->533K(640K)
[16.424s][info][gc             ] GC(172) Pause Full (Ergonomics) 2374M->2372M(2747M) 769.348ms
[16.424s][info][gc,cpu         ] GC(172) User=5.33s Sys=0.08s Real=0.77s
[16.462s][info][gc,start       ] GC(173) Pause Young (Allocation Failure)
[16.488s][info][gc,heap        ] GC(173) PSYoungGen: 28160K(134656K)->28288K(134656K) Eden: 28160K(28160K)->0K(28160K) From: 0K(106496K)->28288K(106496K)
[16.488s][info][gc,heap        ] GC(173) ParOldGen: 2429273K(2678272K)->2429273K(2678272K)
[16.488s][info][gc,metaspace   ] GC(173) Metaspace: 6298K(6464K)->6298K(6464K) NonClass: 5765K(5824K)->5765K(5824K) Class: 533K(640K)->533K(640K)
[16.488s][info][gc             ] GC(173) Pause Young (Allocation Failure) 2399M->2399M(2747M) 25.470ms
[16.488s][info][gc,cpu         ] GC(173) User=0.05s Sys=0.00s Real=0.03s
[16.525s][info][gc,start       ] GC(174) Pause Young (Allocation Failure)
[16.561s][info][gc,heap        ] GC(174) PSYoungGen: 56448K(134656K)->56512K(132096K) Eden: 28160K(28160K)->0K(31232K) From: 28288K(106496K)->56512K(100864K)
[16.561s][info][gc,heap        ] GC(174) ParOldGen: 2429273K(2678272K)->2429273K(2678272K)
[16.561s][info][gc,metaspace   ] GC(174) Metaspace: 6298K(6464K)->6298K(6464K) NonClass: 5765K(5824K)->5765K(5824K) Class: 533K(640K)->533K(640K)
[16.561s][info][gc             ] GC(174) Pause Young (Allocation Failure) 2427M->2427M(2744M) 36.126ms
[16.561s][info][gc,cpu         ] GC(174) User=0.16s Sys=0.00s Real=0.04s
[16.598s][info][gc,start       ] GC(175) Pause Young (Allocation Failure)
[16.644s][info][gc,heap        ] GC(175) PSYoungGen: 87744K(132096K)->87712K(133632K) Eden: 31232K(31232K)->0K(31232K) From: 56512K(100864K)->87712K(102400K)
[16.644s][info][gc,heap        ] GC(175) ParOldGen: 2429273K(2678272K)->2429273K(2678272K)
[16.644s][info][gc,metaspace   ] GC(175) Metaspace: 6298K(6464K)->6298K(6464K) NonClass: 5765K(5824K)->5765K(5824K) Class: 533K(640K)->533K(640K)
[16.644s][info][gc             ] GC(175) Pause Young (Allocation Failure) 2458M->2457M(2746M) 46.226ms
[16.644s][info][gc,cpu         ] GC(175) User=0.25s Sys=0.00s Real=0.05s
[16.680s][info][gc,start       ] GC(176) Pause Young (Allocation Failure)
[16.747s][info][gc,heap        ] GC(176) PSYoungGen: 118944K(133632K)->90848K(137728K) Eden: 31232K(31232K)->0K(26112K) From: 87712K(102400K)->90848K(111616K)
[16.747s][info][gc,heap        ] GC(176) ParOldGen: 2429273K(2678272K)->2457689K(2678272K)
[16.747s][info][gc,metaspace   ] GC(176) Metaspace: 6298K(6464K)->6298K(6464K) NonClass: 5765K(5824K)->5765K(5824K) Class: 533K(640K)->533K(640K)
[16.747s][info][gc             ] GC(176) Pause Young (Allocation Failure) 2488M->2488M(2750M) 66.957ms
[16.747s][info][gc,cpu         ] GC(176) User=0.31s Sys=0.05s Real=0.07s
[16.777s][info][gc,start       ] GC(177) Pause Young (Allocation Failure)
[16.843s][info][gc,heap        ] GC(177) PSYoungGen: 116960K(137728K)->88832K(146432K) Eden: 26112K(26112K)->0K(26112K) From: 90848K(111616K)->88832K(120320K)
[16.843s][info][gc,heap        ] GC(177) ParOldGen: 2457689K(2678272K)->2486097K(2678272K)
[16.843s][info][gc,metaspace   ] GC(177) Metaspace: 6298K(6464K)->6298K(6464K) NonClass: 5765K(5824K)->5765K(5824K) Class: 533K(640K)->533K(640K)
[16.843s][info][gc             ] GC(177) Pause Young (Allocation Failure) 2514M->2514M(2758M) 66.502ms
[16.843s][info][gc,cpu         ] GC(177) User=0.19s Sys=0.19s Real=0.07s
[16.877s][info][gc,start       ] GC(178) Pause Young (Allocation Failure)
[16.943s][info][gc,heap        ] GC(178) PSYoungGen: 114944K(146432K)->83680K(153088K) Eden: 26112K(26112K)->0K(27136K) From: 88832K(120320K)->83680K(125952K)
[16.943s][info][gc,heap        ] GC(178) ParOldGen: 2486097K(2678272K)->2517609K(2678272K)
[16.943s][info][gc,metaspace   ] GC(178) Metaspace: 6298K(6464K)->6298K(6464K) NonClass: 5765K(5824K)->5765K(5824K) Class: 533K(640K)->533K(640K)
[16.943s][info][gc             ] GC(178) Pause Young (Allocation Failure) 2540M->2540M(2765M) 65.759ms
[16.943s][info][gc,cpu         ] GC(178) User=0.23s Sys=0.14s Real=0.07s
[16.976s][info][gc,start       ] GC(179) Pause Young (Allocation Failure)
[17.053s][info][gc,heap        ] GC(179) PSYoungGen: 110816K(153088K)->53440K(80896K) Eden: 27136K(27136K)->0K(27136K) From: 83680K(125952K)->53440K(53760K)
[17.053s][info][gc,heap        ] GC(179) ParOldGen: 2517609K(2678272K)->2575433K(2678272K)
[17.053s][info][gc,metaspace   ] GC(179) Metaspace: 6298K(6464K)->6298K(6464K) NonClass: 5765K(5824K)->5765K(5824K) Class: 533K(640K)->533K(640K)
[17.053s][info][gc             ] GC(179) Pause Young (Allocation Failure) 2566M->2567M(2694M) 77.124ms
[17.053s][info][gc,cpu         ] GC(179) User=0.34s Sys=0.14s Real=0.08s
[17.087s][info][gc,start       ] GC(180) Pause Young (Allocation Failure)
[17.149s][info][gc,heap        ] GC(180) PSYoungGen: 80576K(80896K)->27296K(153088K) Eden: 27136K(27136K)->0K(30720K) From: 53440K(53760K)->27296K(122368K)
[17.149s][info][gc,heap        ] GC(180) ParOldGen: 2575433K(2678272K)->2629121K(2678272K)
[17.149s][info][gc,metaspace   ] GC(180) Metaspace: 6298K(6464K)->6298K(6464K) NonClass: 5765K(5824K)->5765K(5824K) Class: 533K(640K)->533K(640K)
[17.149s][info][gc             ] GC(180) Pause Young (Allocation Failure) 2593M->2594M(2765M) 61.672ms
[17.149s][info][gc,cpu         ] GC(180) User=0.23s Sys=0.16s Real=0.06s
[17.149s][info][gc,start       ] GC(181) Pause Full (Ergonomics)
[17.149s][info][gc,phases,start] GC(181) Marking Phase
[17.766s][info][gc,phases      ] GC(181) Marking Phase 616.854ms
[17.766s][info][gc,phases,start] GC(181) Summary Phase
[17.766s][info][gc,phases      ] GC(181) Summary Phase 0.057ms
[17.766s][info][gc,phases,start] GC(181) Adjust Roots
[17.766s][info][gc,phases      ] GC(181) Adjust Roots 0.222ms
[17.766s][info][gc,phases,start] GC(181) Compaction Phase
[18.001s][info][gc,phases      ] GC(181) Compaction Phase 234.069ms
[18.001s][info][gc,phases,start] GC(181) Post Compact
[18.006s][info][gc,phases      ] GC(181) Post Compact 5.377ms
[18.008s][info][gc,heap        ] GC(181) PSYoungGen: 27296K(153088K)->0K(153600K) Eden: 0K(30720K)->0K(30720K) From: 27296K(122368K)->0K(122880K)
[18.008s][info][gc,heap        ] GC(181) ParOldGen: 2629121K(2678272K)->2654310K(2929664K)
[18.008s][info][gc,metaspace   ] GC(181) Metaspace: 6298K(6464K)->6298K(6464K) NonClass: 5765K(5824K)->5765K(5824K) Class: 533K(640K)->533K(640K)
[18.008s][info][gc             ] GC(181) Pause Full (Ergonomics) 2594M->2592M(3011M) 859.125ms
[18.008s][info][gc,cpu         ] GC(181) User=6.25s Sys=0.06s Real=0.86s
[18.050s][info][gc,start       ] GC(182) Pause Young (Allocation Failure)
[18.078s][info][gc,heap        ] GC(182) PSYoungGen: 30720K(153600K)->30880K(150528K) Eden: 30720K(30720K)->0K(33792K) From: 0K(122880K)->30880K(116736K)
[18.078s][info][gc,heap        ] GC(182) ParOldGen: 2654310K(2929664K)->2654310K(2929664K)
[18.078s][info][gc,metaspace   ] GC(182) Metaspace: 6298K(6464K)->6298K(6464K) NonClass: 5765K(5824K)->5765K(5824K) Class: 533K(640K)->533K(640K)
[18.078s][info][gc             ] GC(182) Pause Young (Allocation Failure) 2622M->2622M(3008M) 28.107ms
[18.078s][info][gc,cpu         ] GC(182) User=0.11s Sys=0.00s Real=0.03s
[18.120s][info][gc,start       ] GC(183) Pause Young (Allocation Failure)
[18.160s][info][gc,heap        ] GC(183) PSYoungGen: 64672K(150528K)->64704K(154112K) Eden: 33792K(33792K)->0K(33792K) From: 30880K(116736K)->64704K(120320K)
[18.160s][info][gc,heap        ] GC(183) ParOldGen: 2654310K(2929664K)->2654310K(2929664K)
[18.160s][info][gc,metaspace   ] GC(183) Metaspace: 6298K(6464K)->6298K(6464K) NonClass: 5765K(5824K)->5765K(5824K) Class: 533K(640K)->533K(640K)
[18.160s][info][gc             ] GC(183) Pause Young (Allocation Failure) 2655M->2655M(3011M) 40.456ms
[18.160s][info][gc,cpu         ] GC(183) User=0.16s Sys=0.00s Real=0.04s
[18.198s][info][gc,start       ] GC(184) Pause Young (Allocation Failure)
[18.257s][info][gc,heap        ] GC(184) PSYoungGen: 98496K(154112K)->98528K(145408K) Eden: 33792K(33792K)->0K(27648K) From: 64704K(120320K)->98528K(117760K)
[18.257s][info][gc,heap        ] GC(184) ParOldGen: 2654310K(2929664K)->2654310K(2929664K)
[18.257s][info][gc,metaspace   ] GC(184) Metaspace: 6298K(6464K)->6298K(6464K) NonClass: 5765K(5824K)->5765K(5824K) Class: 533K(640K)->533K(640K)
[18.257s][info][gc             ] GC(184) Pause Young (Allocation Failure) 2688M->2688M(3003M) 59.523ms
[18.257s][info][gc,cpu         ] GC(184) User=0.25s Sys=0.09s Real=0.06s
[18.289s][info][gc,start       ] GC(185) Pause Young (Allocation Failure)
[18.366s][info][gc,heap        ] GC(185) PSYoungGen: 126176K(145408K)->95456K(155136K) Eden: 27648K(27648K)->0K(27648K) From: 98528K(117760K)->95456K(127488K)
[18.366s][info][gc,heap        ] GC(185) ParOldGen: 2654310K(2929664K)->2685302K(2929664K)
[18.366s][info][gc,metaspace   ] GC(185) Metaspace: 6298K(6464K)->6298K(6464K) NonClass: 5765K(5824K)->5765K(5824K) Class: 533K(640K)->533K(640K)
[18.366s][info][gc             ] GC(185) Pause Young (Allocation Failure) 2715M->2715M(3012M) 76.876ms
[18.366s][info][gc,cpu         ] GC(185) User=0.45s Sys=0.05s Real=0.08s
[18.398s][info][gc,start       ] GC(186) Pause Young (Allocation Failure)
[18.472s][info][gc,heap        ] GC(186) PSYoungGen: 123104K(155136K)->89312K(162816K) Eden: 27648K(27648K)->0K(28672K) From: 95456K(127488K)->89312K(134144K)
[18.472s][info][gc,heap        ] GC(186) ParOldGen: 2685302K(2929664K)->2719398K(2929664K)
[18.472s][info][gc,metaspace   ] GC(186) Metaspace: 6298K(6464K)->6298K(6464K) NonClass: 5765K(5824K)->5765K(5824K) Class: 533K(640K)->533K(640K)
[18.472s][info][gc             ] GC(186) Pause Young (Allocation Failure) 2742M->2742M(3020M) 73.912ms
[18.472s][info][gc,cpu         ] GC(186) User=0.42s Sys=0.05s Real=0.07s
[18.508s][info][gc,start       ] GC(187) Pause Young (Allocation Failure)
[18.591s][info][gc,heap        ] GC(187) PSYoungGen: 117984K(162816K)->56544K(85504K) Eden: 28672K(28672K)->0K(28672K) From: 89312K(134144K)->56544K(56832K)
[18.591s][info][gc,heap        ] GC(187) ParOldGen: 2719398K(2929664K)->2781366K(2929664K)
[18.591s][info][gc,metaspace   ] GC(187) Metaspace: 6298K(6464K)->6298K(6464K) NonClass: 5765K(5824K)->5765K(5824K) Class: 533K(640K)->533K(640K)
[18.591s][info][gc             ] GC(187) Pause Young (Allocation Failure) 2770M->2771M(2944M) 82.702ms
[18.591s][info][gc,cpu         ] GC(187) User=0.39s Sys=0.11s Real=0.08s
[19.248s][info][gc,start       ] GC(188) Pause Full (Ergonomics)
[19.248s][info][gc,phases,start] GC(188) Marking Phase
[19.911s][info][gc,phases      ] GC(188) Marking Phase 662.394ms
[19.911s][info][gc,phases,start] GC(188) Summary Phase
[19.911s][info][gc,phases      ] GC(188) Summary Phase 0.045ms
[19.911s][info][gc,phases,start] GC(188) Adjust Roots
[19.911s][info][gc,phases      ] GC(188) Adjust Roots 0.189ms
[19.911s][info][gc,phases,start] GC(188) Compaction Phase
[20.387s][info][gc,phases      ] GC(188) Compaction Phase 476.076ms
[20.387s][info][gc,phases,start] GC(188) Post Compact
[20.394s][info][gc,phases      ] GC(188) Post Compact 7.085ms
[20.397s][info][gc,heap        ] GC(188) PSYoungGen: 85216K(85504K)->1118K(85504K) Eden: 28672K(28672K)->0K(28672K) From: 56544K(56832K)->1118K(56832K)
[20.397s][info][gc,heap        ] GC(188) ParOldGen: 2912438K(2929664K)->2929444K(3228160K)
[20.397s][info][gc,metaspace   ] GC(188) Metaspace: 6298K(6464K)->6298K(6464K) NonClass: 5765K(5824K)->5765K(5824K) Class: 533K(640K)->533K(640K)
[20.397s][info][gc             ] GC(188) Pause Full (Ergonomics) 2927M->2861M(3236M) 1148.327ms
[20.397s][info][gc,cpu         ] GC(188) User=7.69s Sys=0.11s Real=1.15s
[20.428s][info][gc,start       ] GC(189) Pause Young (Allocation Failure)
[20.583s][info][gc,heap        ] GC(189) PSYoungGen: 29790K(85504K)->28832K(160768K) Eden: 28672K(28672K)->0K(31744K) From: 1118K(56832K)->28832K(129024K)
[20.583s][info][gc,heap        ] GC(189) ParOldGen: 2929444K(3228160K)->2930612K(3228160K)
[20.583s][info][gc,metaspace   ] GC(189) Metaspace: 6298K(6464K)->6298K(6464K) NonClass: 5765K(5824K)->5765K(5824K) Class: 533K(640K)->533K(640K)
[20.583s][info][gc             ] GC(189) Pause Young (Allocation Failure) 2889M->2890M(3309M) 154.569ms
[20.583s][info][gc,cpu         ] GC(189) User=0.78s Sys=0.02s Real=0.15s
[20.618s][info][gc,start       ] GC(190) Pause Young (Allocation Failure)
[20.674s][info][gc,heap        ] GC(190) PSYoungGen: 60576K(160768K)->31936K(162304K) Eden: 31744K(31744K)->0K(31744K) From: 28832K(129024K)->31936K(130560K)
[20.674s][info][gc,heap        ] GC(190) ParOldGen: 2930612K(3228160K)->2959540K(3228160K)
[20.674s][info][gc,metaspace   ] GC(190) Metaspace: 6298K(6464K)->6298K(6464K) NonClass: 5765K(5824K)->5765K(5824K) Class: 533K(640K)->533K(640K)
[20.674s][info][gc             ] GC(190) Pause Young (Allocation Failure) 2921M->2921M(3311M) 55.815ms
[20.674s][info][gc,cpu         ] GC(190) User=0.16s Sys=0.12s Real=0.06s
[20.704s][info][gc,start       ] GC(191) Pause Young (Allocation Failure)
[20.767s][info][gc,heap        ] GC(191) PSYoungGen: 63680K(162304K)->31904K(160768K) Eden: 31744K(31744K)->0K(35840K) From: 31936K(130560K)->31904K(124928K)
[20.767s][info][gc,heap        ] GC(191) ParOldGen: 2959540K(3228160K)->2991572K(3228160K)
[20.767s][info][gc,metaspace   ] GC(191) Metaspace: 6298K(6464K)->6298K(6464K) NonClass: 5765K(5824K)->5765K(5824K) Class: 533K(640K)->533K(640K)
[20.767s][info][gc             ] GC(191) Pause Young (Allocation Failure) 2952M->2952M(3309M) 62.466ms
[20.767s][info][gc,cpu         ] GC(191) User=0.14s Sys=0.05s Real=0.06s
[20.804s][info][gc,start       ] GC(192) Pause Young (Allocation Failure)
[20.868s][info][gc,heap        ] GC(192) PSYoungGen: 67744K(160768K)->36032K(162304K) Eden: 35840K(35840K)->0K(35840K) From: 31904K(124928K)->36032K(126464K)
[20.868s][info][gc,heap        ] GC(192) ParOldGen: 2991572K(3228160K)->3023612K(3228160K)
[20.868s][info][gc,metaspace   ] GC(192) Metaspace: 6298K(6464K)->6298K(6464K) NonClass: 5765K(5824K)->5765K(5824K) Class: 533K(640K)->533K(640K)
[20.868s][info][gc             ] GC(192) Pause Young (Allocation Failure) 2987M->2987M(3311M) 64.083ms
[20.868s][info][gc,cpu         ] GC(192) User=0.12s Sys=0.14s Real=0.06s
[20.904s][info][gc,start       ] GC(193) Pause Young (Allocation Failure)
[20.975s][info][gc,heap        ] GC(193) PSYoungGen: 71872K(162304K)->35968K(155648K) Eden: 35840K(35840K)->0K(40448K) From: 36032K(126464K)->35968K(115200K)
[20.975s][info][gc,heap        ] GC(193) ParOldGen: 3023612K(3228160K)->3059788K(3228160K)
[20.975s][info][gc,metaspace   ] GC(193) Metaspace: 6298K(6464K)->6298K(6464K) NonClass: 5765K(5824K)->5765K(5824K) Class: 533K(640K)->533K(640K)
[20.975s][info][gc             ] GC(193) Pause Young (Allocation Failure) 3022M->3023M(3304M) 70.838ms
[20.975s][info][gc,cpu         ] GC(193) User=0.19s Sys=0.14s Real=0.07s
[21.011s][info][gc,start       ] GC(194) Pause Young (Allocation Failure)
[21.072s][info][gc,heap        ] GC(194) PSYoungGen: 76416K(155648K)->40608K(159232K) Eden: 40448K(40448K)->0K(40448K) From: 35968K(115200K)->40608K(118784K)
[21.072s][info][gc,heap        ] GC(194) ParOldGen: 3059788K(3228160K)->3095948K(3228160K)
[21.072s][info][gc,metaspace   ] GC(194) Metaspace: 6298K(6464K)->6298K(6464K) NonClass: 5765K(5824K)->5765K(5824K) Class: 533K(640K)->533K(640K)
[21.072s][info][gc             ] GC(194) Pause Young (Allocation Failure) 3062M->3063M(3308M) 60.790ms
[21.072s][info][gc,cpu         ] GC(194) User=0.22s Sys=0.09s Real=0.06s
[21.116s][info][gc,start       ] GC(195) Pause Young (Allocation Failure)
[21.182s][info][gc,heap        ] GC(195) PSYoungGen: 81056K(159232K)->40640K(150528K) Eden: 40448K(40448K)->0K(45568K) From: 40608K(118784K)->40640K(104960K)
[21.182s][info][gc,heap        ] GC(195) ParOldGen: 3095948K(3228160K)->3136756K(3228160K)
[21.182s][info][gc,metaspace   ] GC(195) Metaspace: 6298K(6464K)->6298K(6464K) NonClass: 5765K(5824K)->5765K(5824K) Class: 533K(640K)->533K(640K)
[21.182s][info][gc             ] GC(195) Pause Young (Allocation Failure) 3102M->3102M(3299M) 65.984ms
[21.182s][info][gc,cpu         ] GC(195) User=0.19s Sys=0.06s Real=0.07s
[21.234s][info][gc,start       ] GC(196) Pause Young (Allocation Failure)
[21.302s][info][gc,heap        ] GC(196) PSYoungGen: 86208K(150528K)->45760K(155136K) Eden: 45568K(45568K)->0K(45568K) From: 40640K(104960K)->45760K(109568K)
[21.302s][info][gc,heap        ] GC(196) ParOldGen: 3136756K(3228160K)->3177572K(3228160K)
[21.302s][info][gc,metaspace   ] GC(196) Metaspace: 6298K(6464K)->6298K(6464K) NonClass: 5765K(5824K)->5765K(5824K) Class: 533K(640K)->533K(640K)
[21.302s][info][gc             ] GC(196) Pause Young (Allocation Failure) 3147M->3147M(3304M) 68.221ms
[21.302s][info][gc,cpu         ] GC(196) User=0.19s Sys=0.08s Real=0.07s
[21.302s][info][gc,start       ] GC(197) Pause Full (Ergonomics)
[21.302s][info][gc,phases,start] GC(197) Marking Phase
[22.031s][info][gc,phases      ] GC(197) Marking Phase 728.972ms
[22.031s][info][gc,phases,start] GC(197) Summary Phase
[22.031s][info][gc,phases      ] GC(197) Summary Phase 0.107ms
[22.031s][info][gc,phases,start] GC(197) Adjust Roots
[22.032s][info][gc,phases      ] GC(197) Adjust Roots 0.309ms
[22.032s][info][gc,phases,start] GC(197) Compaction Phase
[22.393s][info][gc,phases      ] GC(197) Compaction Phase 360.979ms
[22.393s][info][gc,phases,start] GC(197) Post Compact
[22.400s][info][gc,phases      ] GC(197) Post Compact 6.723ms
[22.402s][info][gc,heap        ] GC(197) PSYoungGen: 45760K(155136K)->0K(155648K) Eden: 0K(45568K)->0K(51200K) From: 45760K(109568K)->0K(104448K)
[22.402s][info][gc,heap        ] GC(197) ParOldGen: 3177572K(3228160K)->3220617K(3536896K)
[22.402s][info][gc,metaspace   ] GC(197) Metaspace: 6298K(6464K)->6298K(6464K) NonClass: 5765K(5824K)->5765K(5824K) Class: 533K(640K)->533K(640K)
[22.402s][info][gc             ] GC(197) Pause Full (Ergonomics) 3147M->3145M(3606M) 1100.118ms
[22.402s][info][gc,cpu         ] GC(197) User=7.23s Sys=0.09s Real=1.10s
[22.459s][info][gc,start       ] GC(198) Pause Young (Allocation Failure)
[22.510s][info][gc,heap        ] GC(198) PSYoungGen: 51200K(155648K)->51392K(155648K) Eden: 51200K(51200K)->0K(51200K) From: 0K(104448K)->51392K(104448K)
[22.510s][info][gc,heap        ] GC(198) ParOldGen: 3220617K(3536896K)->3220617K(3536896K)
[22.510s][info][gc,metaspace   ] GC(198) Metaspace: 6298K(6464K)->6298K(6464K) NonClass: 5765K(5824K)->5765K(5824K) Class: 533K(640K)->533K(640K)
[22.510s][info][gc             ] GC(198) Pause Young (Allocation Failure) 3195M->3195M(3606M) 51.405ms
[22.510s][info][gc,cpu         ] GC(198) User=0.09s Sys=0.00s Real=0.05s
[22.565s][info][gc,start       ] GC(199) Pause Young (Allocation Failure)
[22.628s][info][gc,heap        ] GC(199) PSYoungGen: 102592K(155648K)->99328K(140800K) Eden: 51200K(51200K)->0K(41472K) From: 51392K(104448K)->99328K(99328K)
[22.628s][info][gc,heap        ] GC(199) ParOldGen: 3220617K(3536896K)->3223897K(3536896K)
[22.628s][info][gc,metaspace   ] GC(199) Metaspace: 6298K(6464K)->6298K(6464K) NonClass: 5765K(5824K)->5765K(5824K) Class: 533K(640K)->533K(640K)
[22.628s][info][gc             ] GC(199) Pause Young (Allocation Failure) 3245M->3245M(3591M) 63.719ms
[22.628s][info][gc,cpu         ] GC(199) User=0.23s Sys=0.00s Real=0.06s
[22.673s][info][gc,start       ] GC(200) Pause Young (Allocation Failure)
[22.776s][info][gc,heap        ] GC(200) PSYoungGen: 140800K(140800K)->41696K(155648K) Eden: 41472K(41472K)->0K(41472K) From: 99328K(99328K)->41696K(114176K)
[22.777s][info][gc,heap        ] GC(200) ParOldGen: 3223897K(3536896K)->3323929K(3536896K)
[22.777s][info][gc,metaspace   ] GC(200) Metaspace: 6298K(6464K)->6298K(6464K) NonClass: 5765K(5824K)->5765K(5824K) Class: 533K(640K)->533K(640K)
[22.777s][info][gc             ] GC(200) Pause Young (Allocation Failure) 3285M->3286M(3606M) 104.088ms
[22.777s][info][gc,cpu         ] GC(200) User=0.34s Sys=0.38s Real=0.10s
[22.826s][info][gc,start       ] GC(201) Pause Young (Allocation Failure)
[22.896s][info][gc,heap        ] GC(201) PSYoungGen: 83168K(155648K)->41632K(150016K) Eden: 41472K(41472K)->0K(46592K) From: 41696K(114176K)->41632K(103424K)
[22.896s][info][gc,heap        ] GC(201) ParOldGen: 3323929K(3536896K)->3365777K(3536896K)
[22.896s][info][gc,metaspace   ] GC(201) Metaspace: 6298K(6464K)->6298K(6464K) NonClass: 5765K(5824K)->5765K(5824K) Class: 533K(640K)->533K(640K)
[22.896s][info][gc             ] GC(201) Pause Young (Allocation Failure) 3327M->3327M(3600M) 70.498ms
[22.896s][info][gc,cpu         ] GC(201) User=0.20s Sys=0.12s Real=0.07s
[22.948s][info][gc,start       ] GC(202) Pause Young (Allocation Failure)
[23.020s][info][gc,heap        ] GC(202) PSYoungGen: 88224K(150016K)->46752K(153600K) Eden: 46592K(46592K)->0K(46592K) From: 41632K(103424K)->46752K(107008K)
[23.020s][info][gc,heap        ] GC(202) ParOldGen: 3365777K(3536896K)->3407601K(3536896K)
[23.020s][info][gc,metaspace   ] GC(202) Metaspace: 6298K(6464K)->6298K(6464K) NonClass: 5765K(5824K)->5765K(5824K) Class: 533K(640K)->533K(640K)
[23.020s][info][gc             ] GC(202) Pause Young (Allocation Failure) 3373M->3373M(3604M) 72.643ms
[23.020s][info][gc,cpu         ] GC(202) User=0.17s Sys=0.11s Real=0.07s
[23.065s][info][gc,start       ] GC(203) Pause Young (Allocation Failure)
[23.135s][info][gc,heap        ] GC(203) PSYoungGen: 93344K(153600K)->46784K(146432K) Eden: 46592K(46592K)->0K(52224K) From: 46752K(107008K)->46784K(94208K)
[23.135s][info][gc,heap        ] GC(203) ParOldGen: 3407601K(3536896K)->3454617K(3536896K)
[23.135s][info][gc,metaspace   ] GC(203) Metaspace: 6298K(6464K)->6298K(6464K) NonClass: 5765K(5824K)->5765K(5824K) Class: 533K(640K)->533K(640K)
[23.135s][info][gc             ] GC(203) Pause Young (Allocation Failure) 3418M->3419M(3597M) 69.674ms
[23.135s][info][gc,cpu         ] GC(203) User=0.17s Sys=0.19s Real=0.07s
[23.135s][info][gc,start       ] GC(204) Pause Full (Ergonomics)
[23.135s][info][gc,phases,start] GC(204) Marking Phase
[23.931s][info][gc,phases      ] GC(204) Marking Phase 796.139ms
[23.931s][info][gc,phases,start] GC(204) Summary Phase
[23.931s][info][gc,phases      ] GC(204) Summary Phase 0.073ms
[23.931s][info][gc,phases,start] GC(204) Adjust Roots
[23.931s][info][gc,phases      ] GC(204) Adjust Roots 0.198ms
[23.931s][info][gc,phases,start] GC(204) Compaction Phase
[24.282s][info][gc,phases      ] GC(204) Compaction Phase 350.328ms
[24.282s][info][gc,phases,start] GC(204) Post Compact
[24.288s][info][gc,phases      ] GC(204) Post Compact 6.751ms
[24.290s][info][gc,heap        ] GC(204) PSYoungGen: 46784K(146432K)->0K(150528K) Eden: 0K(52224K)->0K(52224K) From: 46784K(94208K)->0K(98304K)
[24.290s][info][gc,heap        ] GC(204) ParOldGen: 3454617K(3536896K)->3498959K(3755008K)
[24.290s][info][gc,metaspace   ] GC(204) Metaspace: 6298K(6464K)->6298K(6464K) NonClass: 5765K(5824K)->5765K(5824K) Class: 533K(640K)->533K(640K)
[24.290s][info][gc             ] GC(204) Pause Full (Ergonomics) 3419M->3416M(3814M) 1155.679ms
[24.290s][info][gc,cpu         ] GC(204) User=7.98s Sys=0.09s Real=1.16s
[24.341s][info][gc,start       ] GC(205) Pause Young (Allocation Failure)
[24.390s][info][gc,heap        ] GC(205) PSYoungGen: 52224K(150528K)->52416K(146432K) Eden: 52224K(52224K)->0K(57344K) From: 0K(98304K)->52416K(89088K)
[24.391s][info][gc,heap        ] GC(205) ParOldGen: 3498959K(3755008K)->3498959K(3755008K)
[24.391s][info][gc,metaspace   ] GC(205) Metaspace: 6298K(6464K)->6298K(6464K) NonClass: 5765K(5824K)->5765K(5824K) Class: 533K(640K)->533K(640K)
[24.391s][info][gc             ] GC(205) Pause Young (Allocation Failure) 3467M->3468M(3810M) 49.969ms
[24.391s][info][gc,cpu         ] GC(205) User=0.08s Sys=0.00s Real=0.05s
[24.451s][info][gc,start       ] GC(206) Pause Young (Allocation Failure)
[24.520s][info][gc,heap        ] GC(206) PSYoungGen: 109760K(146432K)->94208K(151552K) Eden: 57344K(57344K)->0K(57344K) From: 52416K(89088K)->94208K(94208K)
[24.520s][info][gc,heap        ] GC(206) ParOldGen: 3498959K(3755008K)->3514647K(3755008K)
[24.520s][info][gc,metaspace   ] GC(206) Metaspace: 6298K(6464K)->6298K(6464K) NonClass: 5765K(5824K)->5765K(5824K) Class: 533K(640K)->533K(640K)
[24.520s][info][gc             ] GC(206) Pause Young (Allocation Failure) 3524M->3524M(3815M) 69.638ms
[24.520s][info][gc,cpu         ] GC(206) User=0.17s Sys=0.02s Real=0.07s
[24.584s][info][gc,start       ] GC(207) Pause Young (Allocation Failure)
[24.696s][info][gc,heap        ] GC(207) PSYoungGen: 151552K(151552K)->57568K(164352K) Eden: 57344K(57344K)->0K(63488K) From: 94208K(94208K)->57568K(100864K)
[24.696s][info][gc,heap        ] GC(207) ParOldGen: 3514647K(3755008K)->3609519K(3755008K)
[24.696s][info][gc,metaspace   ] GC(207) Metaspace: 6298K(6464K)->6298K(6464K) NonClass: 5765K(5824K)->5765K(5824K) Class: 533K(640K)->533K(640K)
[24.696s][info][gc             ] GC(207) Pause Young (Allocation Failure) 3580M->3581M(3827M) 111.997ms
[24.696s][info][gc,cpu         ] GC(207) User=0.33s Sys=0.42s Real=0.11s
[24.762s][info][gc,start       ] GC(208) Pause Young (Allocation Failure)
[24.846s][info][gc,heap        ] GC(208) PSYoungGen: 121056K(164352K)->63712K(169472K) Eden: 63488K(63488K)->0K(63488K) From: 57568K(100864K)->63712K(105984K)
[24.846s][info][gc,heap        ] GC(208) ParOldGen: 3609519K(3755008K)->3667383K(3755008K)
[24.846s][info][gc,metaspace   ] GC(208) Metaspace: 6298K(6464K)->6298K(6464K) NonClass: 5765K(5824K)->5765K(5824K) Class: 533K(640K)->533K(640K)
[24.847s][info][gc             ] GC(208) Pause Young (Allocation Failure) 3643M->3643M(3832M) 84.272ms
[24.847s][info][gc,cpu         ] GC(208) User=0.41s Sys=0.09s Real=0.08s
[24.847s][info][gc,start       ] GC(209) Pause Full (Ergonomics)
[24.847s][info][gc,phases,start] GC(209) Marking Phase
[25.678s][info][gc,phases      ] GC(209) Marking Phase 830.916ms
[25.678s][info][gc,phases,start] GC(209) Summary Phase
[25.678s][info][gc,phases      ] GC(209) Summary Phase 0.077ms
[25.678s][info][gc,phases,start] GC(209) Adjust Roots
[25.678s][info][gc,phases      ] GC(209) Adjust Roots 0.210ms
[25.678s][info][gc,phases,start] GC(209) Compaction Phase
[26.051s][info][gc,phases      ] GC(209) Compaction Phase 373.324ms
[26.051s][info][gc,phases,start] GC(209) Post Compact
[26.059s][info][gc,phases      ] GC(209) Post Compact 7.944ms
[26.059s][info][gc,heap        ] GC(209) PSYoungGen: 63712K(169472K)->0K(173568K) Eden: 0K(63488K)->0K(70144K) From: 63712K(105984K)->0K(103424K)
[26.059s][info][gc,heap        ] GC(209) ParOldGen: 3667383K(3755008K)->3729234K(3755008K)
[26.059s][info][gc,metaspace   ] GC(209) Metaspace: 6298K(6464K)->6298K(6464K) NonClass: 5765K(5824K)->5765K(5824K) Class: 533K(640K)->533K(640K)
[26.059s][info][gc             ] GC(209) Pause Full (Ergonomics) 3643M->3641M(3836M) 1212.827ms
[26.059s][info][gc,cpu         ] GC(209) User=8.25s Sys=0.25s Real=1.21s
[26.129s][info][gc,start       ] GC(210) Pause Full (Ergonomics)
[26.129s][info][gc,phases,start] GC(210) Marking Phase
[26.993s][info][gc,phases      ] GC(210) Marking Phase 864.118ms
[26.993s][info][gc,phases,start] GC(210) Summary Phase
[26.993s][info][gc,phases      ] GC(210) Summary Phase 0.046ms
[26.993s][info][gc,phases,start] GC(210) Adjust Roots
[26.993s][info][gc,phases      ] GC(210) Adjust Roots 0.167ms
[26.993s][info][gc,phases,start] GC(210) Compaction Phase
[27.298s][info][gc,phases      ] GC(210) Compaction Phase 304.575ms
[27.298s][info][gc,phases,start] GC(210) Post Compact
[27.306s][info][gc,phases      ] GC(210) Post Compact 8.171ms
[27.306s][info][gc,heap        ] GC(210) PSYoungGen: 70144K(173568K)->44525K(173568K) Eden: 70144K(70144K)->44525K(70144K) From: 0K(103424K)->0K(103424K)
[27.306s][info][gc,heap        ] GC(210) ParOldGen: 3729234K(3755008K)->3754824K(3755008K)
[27.306s][info][gc,metaspace   ] GC(210) Metaspace: 6298K(6464K)->6298K(6464K) NonClass: 5765K(5824K)->5765K(5824K) Class: 533K(640K)->533K(640K)
[27.306s][info][gc             ] GC(210) Pause Full (Ergonomics) 3710M->3710M(3836M) 1177.596ms
[27.306s][info][gc,cpu         ] GC(210) User=8.31s Sys=0.06s Real=1.18s
[27.331s][info][gc,start       ] GC(211) Pause Full (Ergonomics)
[27.331s][info][gc,phases,start] GC(211) Marking Phase
[28.230s][info][gc,phases      ] GC(211) Marking Phase 898.532ms
[28.230s][info][gc,phases,start] GC(211) Summary Phase
[28.230s][info][gc,phases      ] GC(211) Summary Phase 0.048ms
[28.230s][info][gc,phases,start] GC(211) Adjust Roots
[28.230s][info][gc,phases      ] GC(211) Adjust Roots 0.207ms
[28.230s][info][gc,phases,start] GC(211) Compaction Phase
[28.522s][info][gc,phases      ] GC(211) Compaction Phase 292.479ms
[28.523s][info][gc,phases,start] GC(211) Post Compact
[28.531s][info][gc,phases      ] GC(211) Post Compact 8.234ms
[28.531s][info][gc,heap        ] GC(211) PSYoungGen: 70144K(173568K)->70132K(173568K) Eden: 70144K(70144K)->70132K(70144K) From: 0K(103424K)->0K(103424K)
[28.531s][info][gc,heap        ] GC(211) ParOldGen: 3754824K(3755008K)->3754824K(3755008K)
[28.531s][info][gc,metaspace   ] GC(211) Metaspace: 6298K(6464K)->6298K(6464K) NonClass: 5765K(5824K)->5765K(5824K) Class: 533K(640K)->533K(640K)
[28.531s][info][gc             ] GC(211) Pause Full (Ergonomics) 3735M->3735M(3836M) 1199.912ms
[28.531s][info][gc,cpu         ] GC(211) User=8.58s Sys=0.00s Real=1.20s
[28.531s][info][gc,start       ] GC(212) Pause Full (Ergonomics)
[28.531s][info][gc,phases,start] GC(212) Marking Phase
[29.396s][info][gc,phases      ] GC(212) Marking Phase 864.885ms
[29.396s][info][gc,phases,start] GC(212) Summary Phase
[29.396s][info][gc,phases      ] GC(212) Summary Phase 0.093ms
[29.396s][info][gc,phases,start] GC(212) Adjust Roots
[29.397s][info][gc,phases      ] GC(212) Adjust Roots 0.308ms
[29.397s][info][gc,phases,start] GC(212) Compaction Phase
[29.689s][info][gc,phases      ] GC(212) Compaction Phase 292.056ms
[29.689s][info][gc,phases,start] GC(212) Post Compact
[29.696s][info][gc,phases      ] GC(212) Post Compact 7.423ms
[29.696s][info][gc,heap        ] GC(212) PSYoungGen: 70144K(173568K)->70143K(173568K) Eden: 70144K(70144K)->70143K(70144K) From: 0K(103424K)->0K(103424K)
[29.696s][info][gc,heap        ] GC(212) ParOldGen: 3754824K(3755008K)->3754824K(3755008K)
[29.696s][info][gc,metaspace   ] GC(212) Metaspace: 6298K(6464K)->6298K(6464K) NonClass: 5765K(5824K)->5765K(5824K) Class: 533K(640K)->533K(640K)
[29.696s][info][gc             ] GC(212) Pause Full (Ergonomics) 3735M->3735M(3836M) 1165.193ms
[29.696s][info][gc,cpu         ] GC(212) User=8.20s Sys=0.00s Real=1.17s
[29.697s][info][gc,start       ] GC(213) Pause Full (Ergonomics)
[29.697s][info][gc,phases,start] GC(213) Marking Phase
[30.587s][info][gc,phases      ] GC(213) Marking Phase 890.836ms
[30.588s][info][gc,phases,start] GC(213) Summary Phase
[30.588s][info][gc,phases      ] GC(213) Summary Phase 0.083ms
[30.588s][info][gc,phases,start] GC(213) Adjust Roots
[30.588s][info][gc,phases      ] GC(213) Adjust Roots 0.310ms
[30.588s][info][gc,phases,start] GC(213) Compaction Phase
[30.866s][info][gc,phases      ] GC(213) Compaction Phase 277.832ms
[30.866s][info][gc,phases,start] GC(213) Post Compact
[30.873s][info][gc,phases      ] GC(213) Post Compact 7.101ms
[30.873s][info][gc,heap        ] GC(213) PSYoungGen: 70144K(173568K)->70144K(173568K) Eden: 70144K(70144K)->70144K(70144K) From: 0K(103424K)->0K(103424K)
[30.873s][info][gc,heap        ] GC(213) ParOldGen: 3754824K(3755008K)->3754824K(3755008K)
[30.873s][info][gc,metaspace   ] GC(213) Metaspace: 6298K(6464K)->6298K(6464K) NonClass: 5765K(5824K)->5765K(5824K) Class: 533K(640K)->533K(640K)
[30.873s][info][gc             ] GC(213) Pause Full (Ergonomics) 3735M->3735M(3836M) 1176.611ms
[30.873s][info][gc,cpu         ] GC(213) User=8.75s Sys=0.02s Real=1.18s
[30.873s][info][gc,start       ] GC(214) Pause Full (Ergonomics)
[30.873s][info][gc,phases,start] GC(214) Marking Phase
[31.746s][info][gc,phases      ] GC(214) Marking Phase 872.463ms
[31.746s][info][gc,phases,start] GC(214) Summary Phase
[31.746s][info][gc,phases      ] GC(214) Summary Phase 0.079ms
[31.746s][info][gc,phases,start] GC(214) Adjust Roots
[31.746s][info][gc,phases      ] GC(214) Adjust Roots 0.356ms
[31.747s][info][gc,phases,start] GC(214) Compaction Phase
[32.037s][info][gc,phases      ] GC(214) Compaction Phase 290.524ms
[32.037s][info][gc,phases,start] GC(214) Post Compact
[32.045s][info][gc,phases      ] GC(214) Post Compact 7.368ms
[32.045s][info][gc,heap        ] GC(214) PSYoungGen: 70144K(173568K)->70144K(173568K) Eden: 70144K(70144K)->70144K(70144K) From: 0K(103424K)->0K(103424K)
[32.045s][info][gc,heap        ] GC(214) ParOldGen: 3754829K(3755008K)->3754829K(3755008K)
[32.045s][info][gc,metaspace   ] GC(214) Metaspace: 6298K(6464K)->6298K(6464K) NonClass: 5765K(5824K)->5765K(5824K) Class: 533K(640K)->533K(640K)
[32.045s][info][gc             ] GC(214) Pause Full (Ergonomics) 3735M->3735M(3836M) 1171.258ms
[32.045s][info][gc,cpu         ] GC(214) User=8.44s Sys=0.00s Real=1.17s
[32.045s][info][gc,start       ] GC(215) Pause Full (Ergonomics)
[32.045s][info][gc,phases,start] GC(215) Marking Phase
[32.912s][info][gc,phases      ] GC(215) Marking Phase 866.984ms
[32.912s][info][gc,phases,start] GC(215) Summary Phase
[32.912s][info][gc,phases      ] GC(215) Summary Phase 0.046ms
[32.912s][info][gc,phases,start] GC(215) Adjust Roots
[32.912s][info][gc,phases      ] GC(215) Adjust Roots 0.186ms
[32.912s][info][gc,phases,start] GC(215) Compaction Phase
[33.222s][info][gc,phases      ] GC(215) Compaction Phase 309.215ms
[33.222s][info][gc,phases,start] GC(215) Post Compact
[33.229s][info][gc,phases      ] GC(215) Post Compact 7.473ms
[33.229s][info][gc,heap        ] GC(215) PSYoungGen: 70144K(173568K)->70144K(173568K) Eden: 70144K(70144K)->70144K(70144K) From: 0K(103424K)->0K(103424K)
[33.229s][info][gc,heap        ] GC(215) ParOldGen: 3754833K(3755008K)->3754833K(3755008K)
[33.229s][info][gc,metaspace   ] GC(215) Metaspace: 6298K(6464K)->6298K(6464K) NonClass: 5765K(5824K)->5765K(5824K) Class: 533K(640K)->533K(640K)
[33.229s][info][gc             ] GC(215) Pause Full (Ergonomics) 3735M->3735M(3836M) 1184.293ms
[33.229s][info][gc,cpu         ] GC(215) User=8.55s Sys=0.02s Real=1.19s
[33.229s][info][gc,start       ] GC(216) Pause Full (Ergonomics)
[33.229s][info][gc,phases,start] GC(216) Marking Phase
[34.117s][info][gc,phases      ] GC(216) Marking Phase 887.059ms
[34.117s][info][gc,phases,start] GC(216) Summary Phase
[34.117s][info][gc,phases      ] GC(216) Summary Phase 0.048ms
[34.117s][info][gc,phases,start] GC(216) Adjust Roots
[34.117s][info][gc,phases      ] GC(216) Adjust Roots 0.197ms
[34.117s][info][gc,phases,start] GC(216) Compaction Phase
[34.405s][info][gc,phases      ] GC(216) Compaction Phase 288.257ms
[34.405s][info][gc,phases,start] GC(216) Post Compact
[34.413s][info][gc,phases      ] GC(216) Post Compact 7.299ms
[34.413s][info][gc,heap        ] GC(216) PSYoungGen: 70144K(173568K)->70144K(173568K) Eden: 70144K(70144K)->70144K(70144K) From: 0K(103424K)->0K(103424K)
[34.413s][info][gc,heap        ] GC(216) ParOldGen: 3754838K(3755008K)->3754838K(3755008K)
[34.413s][info][gc,metaspace   ] GC(216) Metaspace: 6298K(6464K)->6298K(6464K) NonClass: 5765K(5824K)->5765K(5824K) Class: 533K(640K)->533K(640K)
[34.413s][info][gc             ] GC(216) Pause Full (Ergonomics) 3735M->3735M(3836M) 1183.234ms
[34.413s][info][gc,cpu         ] GC(216) User=8.45s Sys=0.00s Real=1.18s
[34.413s][info][gc,start       ] GC(217) Pause Full (Ergonomics)
[34.413s][info][gc,phases,start] GC(217) Marking Phase
[35.284s][info][gc,phases      ] GC(217) Marking Phase 870.603ms
[35.284s][info][gc,phases,start] GC(217) Summary Phase
[35.284s][info][gc,phases      ] GC(217) Summary Phase 0.050ms
[35.284s][info][gc,phases,start] GC(217) Adjust Roots
[35.284s][info][gc,phases      ] GC(217) Adjust Roots 0.215ms
[35.284s][info][gc,phases,start] GC(217) Compaction Phase
[35.588s][info][gc,phases      ] GC(217) Compaction Phase 304.032ms
[35.588s][info][gc,phases,start] GC(217) Post Compact
[35.595s][info][gc,phases      ] GC(217) Post Compact 7.257ms
[35.595s][info][gc,heap        ] GC(217) PSYoungGen: 70144K(173568K)->70144K(173568K) Eden: 70144K(70144K)->70144K(70144K) From: 0K(103424K)->0K(103424K)
[35.595s][info][gc,heap        ] GC(217) ParOldGen: 3754843K(3755008K)->3754843K(3755008K)
[35.595s][info][gc,metaspace   ] GC(217) Metaspace: 6298K(6464K)->6298K(6464K) NonClass: 5765K(5824K)->5765K(5824K) Class: 533K(640K)->533K(640K)
[35.595s][info][gc             ] GC(217) Pause Full (Ergonomics) 3735M->3735M(3836M) 1182.500ms
[35.595s][info][gc,cpu         ] GC(217) User=8.23s Sys=0.00s Real=1.18s
[35.596s][info][gc,start       ] GC(218) Pause Full (Ergonomics)
[35.596s][info][gc,phases,start] GC(218) Marking Phase
[36.470s][info][gc,phases      ] GC(218) Marking Phase 874.700ms
[36.470s][info][gc,phases,start] GC(218) Summary Phase
[36.470s][info][gc,phases      ] GC(218) Summary Phase 0.059ms
[36.470s][info][gc,phases,start] GC(218) Adjust Roots
[36.471s][info][gc,phases      ] GC(218) Adjust Roots 0.190ms
[36.471s][info][gc,phases,start] GC(218) Compaction Phase
[36.761s][info][gc,phases      ] GC(218) Compaction Phase 290.727ms
[36.761s][info][gc,phases,start] GC(218) Post Compact
[36.769s][info][gc,phases      ] GC(218) Post Compact 7.970ms
[36.770s][info][gc,heap        ] GC(218) PSYoungGen: 70144K(173568K)->70144K(173568K) Eden: 70144K(70144K)->70144K(70144K) From: 0K(103424K)->0K(103424K)
[36.770s][info][gc,heap        ] GC(218) ParOldGen: 3754848K(3755008K)->3754848K(3755008K)
[36.770s][info][gc,metaspace   ] GC(218) Metaspace: 6298K(6464K)->6298K(6464K) NonClass: 5765K(5824K)->5765K(5824K) Class: 533K(640K)->533K(640K)
[36.770s][info][gc             ] GC(218) Pause Full (Ergonomics) 3735M->3735M(3836M) 1174.050ms
[36.770s][info][gc,cpu         ] GC(218) User=8.30s Sys=0.00s Real=1.17s
[36.770s][info][gc,start       ] GC(219) Pause Full (Ergonomics)
[36.770s][info][gc,phases,start] GC(219) Marking Phase
[37.647s][info][gc,phases      ] GC(219) Marking Phase 877.381ms
[37.647s][info][gc,phases,start] GC(219) Summary Phase
[37.648s][info][gc,phases      ] GC(219) Summary Phase 0.067ms
[37.648s][info][gc,phases,start] GC(219) Adjust Roots
[37.648s][info][gc,phases      ] GC(219) Adjust Roots 0.265ms
[37.648s][info][gc,phases,start] GC(219) Compaction Phase
[37.937s][info][gc,phases      ] GC(219) Compaction Phase 288.985ms
[37.937s][info][gc,phases,start] GC(219) Post Compact
[37.944s][info][gc,phases      ] GC(219) Post Compact 7.203ms
[37.944s][info][gc,heap        ] GC(219) PSYoungGen: 70144K(173568K)->70144K(173568K) Eden: 70144K(70144K)->70144K(70144K) From: 0K(103424K)->0K(103424K)
[37.944s][info][gc,heap        ] GC(219) ParOldGen: 3754853K(3755008K)->3754853K(3755008K)
[37.944s][info][gc,metaspace   ] GC(219) Metaspace: 6298K(6464K)->6298K(6464K) NonClass: 5765K(5824K)->5765K(5824K) Class: 533K(640K)->533K(640K)
[37.944s][info][gc             ] GC(219) Pause Full (Ergonomics) 3735M->3735M(3836M) 1174.275ms
[37.944s][info][gc,cpu         ] GC(219) User=8.36s Sys=0.00s Real=1.17s
[37.944s][info][gc,start       ] GC(220) Pause Full (Ergonomics)
[37.944s][info][gc,phases,start] GC(220) Marking Phase
[38.826s][info][gc,phases      ] GC(220) Marking Phase 881.587ms
[38.826s][info][gc,phases,start] GC(220) Summary Phase
[38.826s][info][gc,phases      ] GC(220) Summary Phase 0.068ms
[38.826s][info][gc,phases,start] GC(220) Adjust Roots
[38.827s][info][gc,phases      ] GC(220) Adjust Roots 0.308ms
[38.827s][info][gc,phases,start] GC(220) Compaction Phase
[39.124s][info][gc,phases      ] GC(220) Compaction Phase 297.842ms
[39.125s][info][gc,phases,start] GC(220) Post Compact
[39.132s][info][gc,phases      ] GC(220) Post Compact 7.250ms
[39.132s][info][gc,heap        ] GC(220) PSYoungGen: 70144K(173568K)->70144K(173568K) Eden: 70144K(70144K)->70144K(70144K) From: 0K(103424K)->0K(103424K)
[39.132s][info][gc,heap        ] GC(220) ParOldGen: 3754858K(3755008K)->3754858K(3755008K)
[39.132s][info][gc,metaspace   ] GC(220) Metaspace: 6298K(6464K)->6298K(6464K) NonClass: 5765K(5824K)->5765K(5824K) Class: 533K(640K)->533K(640K)
[39.132s][info][gc             ] GC(220) Pause Full (Ergonomics) 3735M->3735M(3836M) 1187.457ms
[39.132s][info][gc,cpu         ] GC(220) User=8.59s Sys=0.00s Real=1.19s
[39.132s][info][gc,start       ] GC(221) Pause Full (Ergonomics)
[39.132s][info][gc,phases,start] GC(221) Marking Phase
[40.022s][info][gc,phases      ] GC(221) Marking Phase 889.636ms
[40.022s][info][gc,phases,start] GC(221) Summary Phase
[40.022s][info][gc,phases      ] GC(221) Summary Phase 0.045ms
[40.022s][info][gc,phases,start] GC(221) Adjust Roots
[40.022s][info][gc,phases      ] GC(221) Adjust Roots 0.180ms
[40.022s][info][gc,phases,start] GC(221) Compaction Phase
[40.319s][info][gc,phases      ] GC(221) Compaction Phase 296.436ms
[40.319s][info][gc,phases,start] GC(221) Post Compact
[40.326s][info][gc,phases      ] GC(221) Post Compact 7.235ms
[40.326s][info][gc,heap        ] GC(221) PSYoungGen: 70144K(173568K)->70144K(173568K) Eden: 70144K(70144K)->70144K(70144K) From: 0K(103424K)->0K(103424K)
[40.326s][info][gc,heap        ] GC(221) ParOldGen: 3754862K(3755008K)->3754862K(3755008K)
[40.326s][info][gc,metaspace   ] GC(221) Metaspace: 6298K(6464K)->6298K(6464K) NonClass: 5765K(5824K)->5765K(5824K) Class: 533K(640K)->533K(640K)
[40.326s][info][gc             ] GC(221) Pause Full (Ergonomics) 3735M->3735M(3836M) 1193.902ms
[40.326s][info][gc,cpu         ] GC(221) User=8.55s Sys=0.00s Real=1.19s
[40.326s][info][gc,start       ] GC(222) Pause Full (Ergonomics)
[40.326s][info][gc,phases,start] GC(222) Marking Phase
[41.219s][info][gc,phases      ] GC(222) Marking Phase 892.744ms
[41.219s][info][gc,phases,start] GC(222) Summary Phase
[41.219s][info][gc,phases      ] GC(222) Summary Phase 0.064ms
[41.219s][info][gc,phases,start] GC(222) Adjust Roots
[41.220s][info][gc,phases      ] GC(222) Adjust Roots 0.284ms
[41.220s][info][gc,phases,start] GC(222) Compaction Phase
[41.510s][info][gc,phases      ] GC(222) Compaction Phase 290.515ms
[41.510s][info][gc,phases,start] GC(222) Post Compact
[41.518s][info][gc,phases      ] GC(222) Post Compact 7.393ms
[41.518s][info][gc,heap        ] GC(222) PSYoungGen: 70144K(173568K)->70144K(173568K) Eden: 70144K(70144K)->70144K(70144K) From: 0K(103424K)->0K(103424K)
[41.518s][info][gc,heap        ] GC(222) ParOldGen: 3754867K(3755008K)->3754867K(3755008K)
[41.518s][info][gc,metaspace   ] GC(222) Metaspace: 6298K(6464K)->6298K(6464K) NonClass: 5765K(5824K)->5765K(5824K) Class: 533K(640K)->533K(640K)
[41.518s][info][gc             ] GC(222) Pause Full (Ergonomics) 3735M->3735M(3836M) 1191.409ms
[41.518s][info][gc,cpu         ] GC(222) User=8.53s Sys=0.02s Real=1.19s
[41.518s][info][gc,start       ] GC(223) Pause Full (Ergonomics)
[41.518s][info][gc,phases,start] GC(223) Marking Phase
[42.403s][info][gc,phases      ] GC(223) Marking Phase 884.684ms
[42.403s][info][gc,phases,start] GC(223) Summary Phase
[42.403s][info][gc,phases      ] GC(223) Summary Phase 0.050ms
[42.403s][info][gc,phases,start] GC(223) Adjust Roots
[42.403s][info][gc,phases      ] GC(223) Adjust Roots 0.193ms
[42.403s][info][gc,phases,start] GC(223) Compaction Phase
[42.720s][info][gc,phases      ] GC(223) Compaction Phase 316.904ms
[42.720s][info][gc,phases,start] GC(223) Post Compact
[42.727s][info][gc,phases      ] GC(223) Post Compact 7.363ms
[42.727s][info][gc,heap        ] GC(223) PSYoungGen: 70144K(173568K)->70144K(173568K) Eden: 70144K(70144K)->70144K(70144K) From: 0K(103424K)->0K(103424K)
[42.727s][info][gc,heap        ] GC(223) ParOldGen: 3754872K(3755008K)->3754872K(3755008K)
[42.727s][info][gc,metaspace   ] GC(223) Metaspace: 6298K(6464K)->6298K(6464K) NonClass: 5765K(5824K)->5765K(5824K) Class: 533K(640K)->533K(640K)
[42.727s][info][gc             ] GC(223) Pause Full (Ergonomics) 3735M->3735M(3836M) 1209.540ms
[42.728s][info][gc,cpu         ] GC(223) User=8.41s Sys=0.03s Real=1.21s
[42.728s][info][gc,start       ] GC(224) Pause Full (Ergonomics)
[42.728s][info][gc,phases,start] GC(224) Marking Phase
[43.607s][info][gc,phases      ] GC(224) Marking Phase 879.070ms
[43.607s][info][gc,phases,start] GC(224) Summary Phase
[43.607s][info][gc,phases      ] GC(224) Summary Phase 0.065ms
[43.607s][info][gc,phases,start] GC(224) Adjust Roots
[43.607s][info][gc,phases      ] GC(224) Adjust Roots 0.250ms
[43.607s][info][gc,phases,start] GC(224) Compaction Phase
[43.932s][info][gc,phases      ] GC(224) Compaction Phase 325.172ms
[43.933s][info][gc,phases,start] GC(224) Post Compact
[43.940s][info][gc,phases      ] GC(224) Post Compact 7.479ms
[43.940s][info][gc,heap        ] GC(224) PSYoungGen: 70144K(173568K)->70144K(173568K) Eden: 70144K(70144K)->70144K(70144K) From: 0K(103424K)->0K(103424K)
[43.940s][info][gc,heap        ] GC(224) ParOldGen: 3754877K(3755008K)->3754877K(3755008K)
[43.940s][info][gc,metaspace   ] GC(224) Metaspace: 6298K(6464K)->6298K(6464K) NonClass: 5765K(5824K)->5765K(5824K) Class: 533K(640K)->533K(640K)
[43.940s][info][gc             ] GC(224) Pause Full (Ergonomics) 3735M->3735M(3836M) 1212.409ms
[43.940s][info][gc,cpu         ] GC(224) User=8.50s Sys=0.00s Real=1.21s
[43.940s][info][gc,start       ] GC(225) Pause Full (Ergonomics)
[43.940s][info][gc,phases,start] GC(225) Marking Phase
[44.832s][info][gc,phases      ] GC(225) Marking Phase 891.238ms
[44.832s][info][gc,phases,start] GC(225) Summary Phase
[44.832s][info][gc,phases      ] GC(225) Summary Phase 0.068ms
[44.832s][info][gc,phases,start] GC(225) Adjust Roots
[44.832s][info][gc,phases      ] GC(225) Adjust Roots 0.328ms
[44.832s][info][gc,phases,start] GC(225) Compaction Phase
[45.169s][info][gc,phases      ] GC(225) Compaction Phase 336.663ms
[45.169s][info][gc,phases,start] GC(225) Post Compact
[45.177s][info][gc,phases      ] GC(225) Post Compact 7.720ms
[45.177s][info][gc,heap        ] GC(225) PSYoungGen: 70144K(173568K)->70144K(173568K) Eden: 70144K(70144K)->70144K(70144K) From: 0K(103424K)->0K(103424K)
[45.177s][info][gc,heap        ] GC(225) ParOldGen: 3754882K(3755008K)->3754882K(3755008K)
[45.177s][info][gc,metaspace   ] GC(225) Metaspace: 6298K(6464K)->6298K(6464K) NonClass: 5765K(5824K)->5765K(5824K) Class: 533K(640K)->533K(640K)
[45.177s][info][gc             ] GC(225) Pause Full (Ergonomics) 3735M->3735M(3836M) 1236.482ms
[45.177s][info][gc,cpu         ] GC(225) User=8.56s Sys=0.00s Real=1.24s
[45.177s][info][gc,start       ] GC(226) Pause Full (Ergonomics)
[45.177s][info][gc,phases,start] GC(226) Marking Phase
[46.067s][info][gc,phases      ] GC(226) Marking Phase 889.680ms
[46.067s][info][gc,phases,start] GC(226) Summary Phase
[46.067s][info][gc,phases      ] GC(226) Summary Phase 0.049ms
[46.067s][info][gc,phases,start] GC(226) Adjust Roots
[46.067s][info][gc,phases      ] GC(226) Adjust Roots 0.206ms
[46.067s][info][gc,phases,start] GC(226) Compaction Phase
[46.373s][info][gc,phases      ] GC(226) Compaction Phase 305.349ms
[46.373s][info][gc,phases,start] GC(226) Post Compact
[46.380s][info][gc,phases      ] GC(226) Post Compact 7.476ms
[46.380s][info][gc,heap        ] GC(226) PSYoungGen: 70144K(173568K)->70144K(173568K) Eden: 70144K(70144K)->70144K(70144K) From: 0K(103424K)->0K(103424K)
[46.380s][info][gc,heap        ] GC(226) ParOldGen: 3754887K(3755008K)->3754887K(3755008K)
[46.380s][info][gc,metaspace   ] GC(226) Metaspace: 6298K(6464K)->6298K(6464K) NonClass: 5765K(5824K)->5765K(5824K) Class: 533K(640K)->533K(640K)
[46.380s][info][gc             ] GC(226) Pause Full (Ergonomics) 3735M->3735M(3836M) 1203.121ms
[46.380s][info][gc,cpu         ] GC(226) User=8.44s Sys=0.00s Real=1.20s
[46.380s][info][gc,start       ] GC(227) Pause Full (Ergonomics)
[46.381s][info][gc,phases,start] GC(227) Marking Phase
[47.264s][info][gc,phases      ] GC(227) Marking Phase 883.687ms
[47.264s][info][gc,phases,start] GC(227) Summary Phase
[47.264s][info][gc,phases      ] GC(227) Summary Phase 0.056ms
[47.264s][info][gc,phases,start] GC(227) Adjust Roots
[47.265s][info][gc,phases      ] GC(227) Adjust Roots 0.227ms
[47.265s][info][gc,phases,start] GC(227) Compaction Phase
[47.564s][info][gc,phases      ] GC(227) Compaction Phase 299.582ms
[47.564s][info][gc,phases,start] GC(227) Post Compact
[47.572s][info][gc,phases      ] GC(227) Post Compact 7.690ms
[47.572s][info][gc,heap        ] GC(227) PSYoungGen: 70144K(173568K)->70144K(173568K) Eden: 70144K(70144K)->70144K(70144K) From: 0K(103424K)->0K(103424K)
[47.572s][info][gc,heap        ] GC(227) ParOldGen: 3754891K(3755008K)->3754891K(3755008K)
[47.572s][info][gc,metaspace   ] GC(227) Metaspace: 6298K(6464K)->6298K(6464K) NonClass: 5765K(5824K)->5765K(5824K) Class: 533K(640K)->533K(640K)
[47.572s][info][gc             ] GC(227) Pause Full (Ergonomics) 3735M->3735M(3836M) 1191.633ms
[47.572s][info][gc,cpu         ] GC(227) User=8.59s Sys=0.02s Real=1.19s
[47.572s][info][gc,start       ] GC(228) Pause Full (Ergonomics)
[47.572s][info][gc,phases,start] GC(228) Marking Phase
[48.444s][info][gc,phases      ] GC(228) Marking Phase 872.081ms
[48.445s][info][gc,phases,start] GC(228) Summary Phase
[48.445s][info][gc,phases      ] GC(228) Summary Phase 0.050ms
[48.445s][info][gc,phases,start] GC(228) Adjust Roots
[48.445s][info][gc,phases      ] GC(228) Adjust Roots 0.216ms
[48.445s][info][gc,phases,start] GC(228) Compaction Phase
[48.776s][info][gc,phases      ] GC(228) Compaction Phase 331.419ms
[48.776s][info][gc,phases,start] GC(228) Post Compact
[48.783s][info][gc,phases      ] GC(228) Post Compact 7.131ms
[48.784s][info][gc,heap        ] GC(228) PSYoungGen: 70144K(173568K)->70144K(173568K) Eden: 70144K(70144K)->70144K(70144K) From: 0K(103424K)->0K(103424K)
[48.784s][info][gc,heap        ] GC(228) ParOldGen: 3754896K(3755008K)->3754896K(3755008K)
[48.784s][info][gc,metaspace   ] GC(228) Metaspace: 6298K(6464K)->6298K(6464K) NonClass: 5765K(5824K)->5765K(5824K) Class: 533K(640K)->533K(640K)
[48.784s][info][gc             ] GC(228) Pause Full (Ergonomics) 3735M->3735M(3836M) 1211.287ms
[48.784s][info][gc,cpu         ] GC(228) User=8.67s Sys=0.02s Real=1.21s
[48.784s][info][gc,start       ] GC(229) Pause Full (Ergonomics)
[48.784s][info][gc,phases,start] GC(229) Marking Phase
[49.679s][info][gc,phases      ] GC(229) Marking Phase 895.054ms
[49.679s][info][gc,phases,start] GC(229) Summary Phase
[49.679s][info][gc,phases      ] GC(229) Summary Phase 0.057ms
[49.679s][info][gc,phases,start] GC(229) Adjust Roots
[49.679s][info][gc,phases      ] GC(229) Adjust Roots 0.244ms
[49.679s][info][gc,phases,start] GC(229) Compaction Phase
[49.976s][info][gc,phases      ] GC(229) Compaction Phase 296.107ms
[49.976s][info][gc,phases,start] GC(229) Post Compact
[49.983s][info][gc,phases      ] GC(229) Post Compact 7.628ms
[49.983s][info][gc,heap        ] GC(229) PSYoungGen: 70144K(173568K)->70144K(173568K) Eden: 70144K(70144K)->70144K(70144K) From: 0K(103424K)->0K(103424K)
[49.983s][info][gc,heap        ] GC(229) ParOldGen: 3754901K(3755008K)->3754901K(3755008K)
[49.983s][info][gc,metaspace   ] GC(229) Metaspace: 6298K(6464K)->6298K(6464K) NonClass: 5765K(5824K)->5765K(5824K) Class: 533K(640K)->533K(640K)
[49.983s][info][gc             ] GC(229) Pause Full (Ergonomics) 3735M->3735M(3836M) 1199.530ms
[49.983s][info][gc,cpu         ] GC(229) User=8.53s Sys=0.00s Real=1.20s
[49.984s][info][gc,start       ] GC(230) Pause Full (Ergonomics)
[49.984s][info][gc,phases,start] GC(230) Marking Phase
[50.858s][info][gc,phases      ] GC(230) Marking Phase 874.051ms
[50.858s][info][gc,phases,start] GC(230) Summary Phase
[50.858s][info][gc,phases      ] GC(230) Summary Phase 0.045ms
[50.858s][info][gc,phases,start] GC(230) Adjust Roots
[50.858s][info][gc,phases      ] GC(230) Adjust Roots 0.188ms
[50.858s][info][gc,phases,start] GC(230) Compaction Phase
[51.186s][info][gc,phases      ] GC(230) Compaction Phase 327.572ms
[51.186s][info][gc,phases,start] GC(230) Post Compact
[51.193s][info][gc,phases      ] GC(230) Post Compact 7.353ms
[51.193s][info][gc,heap        ] GC(230) PSYoungGen: 70144K(173568K)->70144K(173568K) Eden: 70144K(70144K)->70144K(70144K) From: 0K(103424K)->0K(103424K)
[51.193s][info][gc,heap        ] GC(230) ParOldGen: 3754906K(3755008K)->3754906K(3755008K)
[51.193s][info][gc,metaspace   ] GC(230) Metaspace: 6298K(6464K)->6298K(6464K) NonClass: 5765K(5824K)->5765K(5824K) Class: 533K(640K)->533K(640K)
[51.193s][info][gc             ] GC(230) Pause Full (Ergonomics) 3735M->3735M(3836M) 1209.607ms
[51.193s][info][gc,cpu         ] GC(230) User=8.55s Sys=0.00s Real=1.21s
[51.194s][info][gc,start       ] GC(231) Pause Full (Ergonomics)
[51.194s][info][gc,phases,start] GC(231) Marking Phase
[52.083s][info][gc,phases      ] GC(231) Marking Phase 889.318ms
[52.083s][info][gc,phases,start] GC(231) Summary Phase
[52.083s][info][gc,phases      ] GC(231) Summary Phase 0.064ms
[52.083s][info][gc,phases,start] GC(231) Adjust Roots
[52.083s][info][gc,phases      ] GC(231) Adjust Roots 0.166ms
[52.083s][info][gc,phases,start] GC(231) Compaction Phase
[52.387s][info][gc,phases      ] GC(231) Compaction Phase 304.221ms
[52.388s][info][gc,phases,start] GC(231) Post Compact
[52.395s][info][gc,phases      ] GC(231) Post Compact 7.667ms
[52.395s][info][gc,heap        ] GC(231) PSYoungGen: 70144K(173568K)->70144K(173568K) Eden: 70144K(70144K)->70144K(70144K) From: 0K(103424K)->0K(103424K)
[52.395s][info][gc,heap        ] GC(231) ParOldGen: 3754911K(3755008K)->3754911K(3755008K)
[52.395s][info][gc,metaspace   ] GC(231) Metaspace: 6298K(6464K)->6298K(6464K) NonClass: 5765K(5824K)->5765K(5824K) Class: 533K(640K)->533K(640K)
[52.395s][info][gc             ] GC(231) Pause Full (Ergonomics) 3735M->3735M(3836M) 1201.872ms
[52.395s][info][gc,cpu         ] GC(231) User=8.48s Sys=0.02s Real=1.20s
[52.396s][info][gc,start       ] GC(232) Pause Full (Ergonomics)
[52.396s][info][gc,phases,start] GC(232) Marking Phase
[53.303s][info][gc,phases      ] GC(232) Marking Phase 907.587ms
[53.303s][info][gc,phases,start] GC(232) Summary Phase
[53.303s][info][gc,phases      ] GC(232) Summary Phase 0.117ms
[53.303s][info][gc,phases,start] GC(232) Adjust Roots
[53.304s][info][gc,phases      ] GC(232) Adjust Roots 0.276ms
[53.304s][info][gc,phases,start] GC(232) Compaction Phase
[53.597s][info][gc,phases      ] GC(232) Compaction Phase 293.210ms
[53.597s][info][gc,phases,start] GC(232) Post Compact
[53.604s][info][gc,phases      ] GC(232) Post Compact 7.155ms
[53.604s][info][gc,heap        ] GC(232) PSYoungGen: 70144K(173568K)->70144K(173568K) Eden: 70144K(70144K)->70144K(70144K) From: 0K(103424K)->0K(103424K)
[53.604s][info][gc,heap        ] GC(232) ParOldGen: 3754916K(3755008K)->3754916K(3755008K)
[53.604s][info][gc,metaspace   ] GC(232) Metaspace: 6298K(6464K)->6298K(6464K) NonClass: 5765K(5824K)->5765K(5824K) Class: 533K(640K)->533K(640K)
[53.604s][info][gc             ] GC(232) Pause Full (Ergonomics) 3735M->3735M(3836M) 1208.704ms
[53.604s][info][gc,cpu         ] GC(232) User=8.84s Sys=0.00s Real=1.21s
[53.605s][info][gc,start       ] GC(233) Pause Full (Ergonomics)
[53.605s][info][gc,phases,start] GC(233) Marking Phase
[54.514s][info][gc,phases      ] GC(233) Marking Phase 909.449ms
[54.514s][info][gc,phases,start] GC(233) Summary Phase
[54.514s][info][gc,phases      ] GC(233) Summary Phase 0.069ms
[54.514s][info][gc,phases,start] GC(233) Adjust Roots
[54.514s][info][gc,phases      ] GC(233) Adjust Roots 0.229ms
[54.515s][info][gc,phases,start] GC(233) Compaction Phase
[54.833s][info][gc,phases      ] GC(233) Compaction Phase 317.977ms
[54.833s][info][gc,phases,start] GC(233) Post Compact
[54.840s][info][gc,phases      ] GC(233) Post Compact 7.495ms
[54.840s][info][gc,heap        ] GC(233) PSYoungGen: 70144K(173568K)->70144K(173568K) Eden: 70144K(70144K)->70144K(70144K) From: 0K(103424K)->0K(103424K)
[54.840s][info][gc,heap        ] GC(233) ParOldGen: 3754920K(3755008K)->3754920K(3755008K)
[54.840s][info][gc,metaspace   ] GC(233) Metaspace: 6298K(6464K)->6298K(6464K) NonClass: 5765K(5824K)->5765K(5824K) Class: 533K(640K)->533K(640K)
[54.840s][info][gc             ] GC(233) Pause Full (Ergonomics) 3735M->3735M(3836M) 1235.616ms
[54.840s][info][gc,cpu         ] GC(233) User=8.58s Sys=0.00s Real=1.24s
[54.840s][info][gc,start       ] GC(234) Pause Full (Ergonomics)
[54.840s][info][gc,phases,start] GC(234) Marking Phase
[55.729s][info][gc,phases      ] GC(234) Marking Phase 888.763ms
[55.729s][info][gc,phases,start] GC(234) Summary Phase
[55.729s][info][gc,phases      ] GC(234) Summary Phase 0.070ms
[55.729s][info][gc,phases,start] GC(234) Adjust Roots
[55.730s][info][gc,phases      ] GC(234) Adjust Roots 0.189ms
[55.730s][info][gc,phases,start] GC(234) Compaction Phase
[56.024s][info][gc,phases      ] GC(234) Compaction Phase 294.132ms
[56.024s][info][gc,phases,start] GC(234) Post Compact
[56.031s][info][gc,phases      ] GC(234) Post Compact 7.523ms
[56.031s][info][gc,heap        ] GC(234) PSYoungGen: 70144K(173568K)->70144K(173568K) Eden: 70144K(70144K)->70144K(70144K) From: 0K(103424K)->0K(103424K)
[56.031s][info][gc,heap        ] GC(234) ParOldGen: 3754925K(3755008K)->3754925K(3755008K)
[56.031s][info][gc,metaspace   ] GC(234) Metaspace: 6298K(6464K)->6298K(6464K) NonClass: 5765K(5824K)->5765K(5824K) Class: 533K(640K)->533K(640K)
[56.031s][info][gc             ] GC(234) Pause Full (Ergonomics) 3735M->3735M(3836M) 1191.047ms
[56.032s][info][gc,cpu         ] GC(234) User=8.83s Sys=0.00s Real=1.19s
[56.032s][info][gc,start       ] GC(235) Pause Full (Ergonomics)
[56.032s][info][gc,phases,start] GC(235) Marking Phase
[56.938s][info][gc,phases      ] GC(235) Marking Phase 906.245ms
[56.938s][info][gc,phases,start] GC(235) Summary Phase
[56.938s][info][gc,phases      ] GC(235) Summary Phase 0.055ms
[56.938s][info][gc,phases,start] GC(235) Adjust Roots
[56.938s][info][gc,phases      ] GC(235) Adjust Roots 0.222ms
[56.938s][info][gc,phases,start] GC(235) Compaction Phase
[57.261s][info][gc,phases      ] GC(235) Compaction Phase 322.809ms
[57.261s][info][gc,phases,start] GC(235) Post Compact
[57.270s][info][gc,phases      ] GC(235) Post Compact 8.780ms
[57.270s][info][gc,heap        ] GC(235) PSYoungGen: 70144K(173568K)->70144K(173568K) Eden: 70144K(70144K)->70144K(70144K) From: 0K(103424K)->0K(103424K)
[57.270s][info][gc,heap        ] GC(235) ParOldGen: 3754930K(3755008K)->3754930K(3755008K)
[57.270s][info][gc,metaspace   ] GC(235) Metaspace: 6298K(6464K)->6298K(6464K) NonClass: 5765K(5824K)->5765K(5824K) Class: 533K(640K)->533K(640K)
[57.270s][info][gc             ] GC(235) Pause Full (Ergonomics) 3735M->3735M(3836M) 1238.511ms
[57.270s][info][gc,cpu         ] GC(235) User=8.52s Sys=0.03s Real=1.24s
[57.270s][info][gc,start       ] GC(236) Pause Full (Ergonomics)
[57.270s][info][gc,phases,start] GC(236) Marking Phase
[58.166s][info][gc,phases      ] GC(236) Marking Phase 895.115ms
[58.166s][info][gc,phases,start] GC(236) Summary Phase
[58.166s][info][gc,phases      ] GC(236) Summary Phase 0.045ms
[58.166s][info][gc,phases,start] GC(236) Adjust Roots
[58.166s][info][gc,phases      ] GC(236) Adjust Roots 0.162ms
[58.166s][info][gc,phases,start] GC(236) Compaction Phase
[58.471s][info][gc,phases      ] GC(236) Compaction Phase 305.328ms
[58.471s][info][gc,phases,start] GC(236) Post Compact
[58.479s][info][gc,phases      ] GC(236) Post Compact 7.693ms
[58.479s][info][gc,heap        ] GC(236) PSYoungGen: 70144K(173568K)->70144K(173568K) Eden: 70144K(70144K)->70144K(70144K) From: 0K(103424K)->0K(103424K)
[58.479s][info][gc,heap        ] GC(236) ParOldGen: 3754935K(3755008K)->3754935K(3755008K)
[58.479s][info][gc,metaspace   ] GC(236) Metaspace: 6298K(6464K)->6298K(6464K) NonClass: 5765K(5824K)->5765K(5824K) Class: 533K(640K)->533K(640K)
[58.479s][info][gc             ] GC(236) Pause Full (Ergonomics) 3735M->3735M(3836M) 1208.694ms
[58.479s][info][gc,cpu         ] GC(236) User=8.73s Sys=0.00s Real=1.21s
[58.479s][info][gc,start       ] GC(237) Pause Full (Ergonomics)
[58.479s][info][gc,phases,start] GC(237) Marking Phase
[59.378s][info][gc,phases      ] GC(237) Marking Phase 898.619ms
[59.378s][info][gc,phases,start] GC(237) Summary Phase
[59.378s][info][gc,phases      ] GC(237) Summary Phase 0.045ms
[59.378s][info][gc,phases,start] GC(237) Adjust Roots
[59.378s][info][gc,phases      ] GC(237) Adjust Roots 0.167ms
[59.378s][info][gc,phases,start] GC(237) Compaction Phase
[59.718s][info][gc,phases      ] GC(237) Compaction Phase 339.427ms
[59.718s][info][gc,phases,start] GC(237) Post Compact
[59.725s][info][gc,phases      ] GC(237) Post Compact 7.209ms
[59.725s][info][gc,heap        ] GC(237) PSYoungGen: 70144K(173568K)->70144K(173568K) Eden: 70144K(70144K)->70144K(70144K) From: 0K(103424K)->0K(103424K)
[59.725s][info][gc,heap        ] GC(237) ParOldGen: 3754940K(3755008K)->3754940K(3755008K)
[59.725s][info][gc,metaspace   ] GC(237) Metaspace: 6298K(6464K)->6298K(6464K) NonClass: 5765K(5824K)->5765K(5824K) Class: 533K(640K)->533K(640K)
[59.725s][info][gc             ] GC(237) Pause Full (Ergonomics) 3735M->3735M(3836M) 1245.834ms
[59.725s][info][gc,cpu         ] GC(237) User=8.72s Sys=0.00s Real=1.25s
[59.725s][info][gc,start       ] GC(238) Pause Full (Ergonomics)
[59.725s][info][gc,phases,start] GC(238) Marking Phase
[60.637s][info][gc,phases      ] GC(238) Marking Phase 911.900ms
[60.637s][info][gc,phases,start] GC(238) Summary Phase
[60.638s][info][gc,phases      ] GC(238) Summary Phase 0.050ms
[60.638s][info][gc,phases,start] GC(238) Adjust Roots
[60.638s][info][gc,phases      ] GC(238) Adjust Roots 0.231ms
[60.638s][info][gc,phases,start] GC(238) Compaction Phase
[60.983s][info][gc,phases      ] GC(238) Compaction Phase 344.755ms
[60.983s][info][gc,phases,start] GC(238) Post Compact
[60.990s][info][gc,phases      ] GC(238) Post Compact 7.498ms
[60.990s][info][gc,heap        ] GC(238) PSYoungGen: 70144K(173568K)->70144K(173568K) Eden: 70144K(70144K)->70144K(70144K) From: 0K(103424K)->0K(103424K)
[60.990s][info][gc,heap        ] GC(238) ParOldGen: 3754945K(3755008K)->3754945K(3755008K)
[60.990s][info][gc,metaspace   ] GC(238) Metaspace: 6298K(6464K)->6298K(6464K) NonClass: 5765K(5824K)->5765K(5824K) Class: 533K(640K)->533K(640K)
[60.990s][info][gc             ] GC(238) Pause Full (Ergonomics) 3735M->3735M(3836M) 1264.818ms
[60.990s][info][gc,cpu         ] GC(238) User=8.92s Sys=0.00s Real=1.26s
[60.991s][info][gc,start       ] GC(239) Pause Full (Ergonomics)
[60.991s][info][gc,phases,start] GC(239) Marking Phase
[61.879s][info][gc,phases      ] GC(239) Marking Phase 888.025ms
[61.879s][info][gc,phases,start] GC(239) Summary Phase
[61.879s][info][gc,phases      ] GC(239) Summary Phase 0.058ms
[61.879s][info][gc,phases,start] GC(239) Adjust Roots
[61.879s][info][gc,phases      ] GC(239) Adjust Roots 0.201ms
[61.879s][info][gc,phases,start] GC(239) Compaction Phase
[62.197s][info][gc,phases      ] GC(239) Compaction Phase 318.061ms
[62.197s][info][gc,phases,start] GC(239) Post Compact
[62.205s][info][gc,phases      ] GC(239) Post Compact 7.481ms
[62.205s][info][gc,heap        ] GC(239) PSYoungGen: 70144K(173568K)->70144K(173568K) Eden: 70144K(70144K)->70144K(70144K) From: 0K(103424K)->0K(103424K)
[62.205s][info][gc,heap        ] GC(239) ParOldGen: 3754949K(3755008K)->3754949K(3755008K)
[62.205s][info][gc,metaspace   ] GC(239) Metaspace: 6298K(6464K)->6298K(6464K) NonClass: 5765K(5824K)->5765K(5824K) Class: 533K(640K)->533K(640K)
[62.205s][info][gc             ] GC(239) Pause Full (Ergonomics) 3735M->3735M(3836M) 1214.188ms
[62.205s][info][gc,cpu         ] GC(239) User=8.62s Sys=0.02s Real=1.21s
[62.205s][info][gc,start       ] GC(240) Pause Full (Ergonomics)
[62.205s][info][gc,phases,start] GC(240) Marking Phase
[63.094s][info][gc,phases      ] GC(240) Marking Phase 889.262ms
[63.094s][info][gc,phases,start] GC(240) Summary Phase
[63.094s][info][gc,phases      ] GC(240) Summary Phase 0.066ms
[63.094s][info][gc,phases,start] GC(240) Adjust Roots
[63.095s][info][gc,phases      ] GC(240) Adjust Roots 0.282ms
[63.095s][info][gc,phases,start] GC(240) Compaction Phase
[63.421s][info][gc,phases      ] GC(240) Compaction Phase 326.278ms
[63.421s][info][gc,phases,start] GC(240) Post Compact
[63.428s][info][gc,phases      ] GC(240) Post Compact 7.375ms
[63.429s][info][gc,heap        ] GC(240) PSYoungGen: 70144K(173568K)->70144K(173568K) Eden: 70144K(70144K)->70144K(70144K) From: 0K(103424K)->0K(103424K)
[63.429s][info][gc,heap        ] GC(240) ParOldGen: 3754954K(3755008K)->3754954K(3755008K)
[63.429s][info][gc,metaspace   ] GC(240) Metaspace: 6298K(6464K)->6298K(6464K) NonClass: 5765K(5824K)->5765K(5824K) Class: 533K(640K)->533K(640K)
[63.429s][info][gc             ] GC(240) Pause Full (Ergonomics) 3735M->3735M(3836M) 1223.633ms
[63.429s][info][gc,cpu         ] GC(240) User=8.39s Sys=0.00s Real=1.22s
[63.429s][info][gc,start       ] GC(241) Pause Full (Ergonomics)
[63.429s][info][gc,phases,start] GC(241) Marking Phase
[64.316s][info][gc,phases      ] GC(241) Marking Phase 887.388ms
[64.316s][info][gc,phases,start] GC(241) Summary Phase
[64.316s][info][gc,phases      ] GC(241) Summary Phase 0.114ms
[64.316s][info][gc,phases,start] GC(241) Adjust Roots
[64.317s][info][gc,phases      ] GC(241) Adjust Roots 0.259ms
[64.317s][info][gc,phases,start] GC(241) Compaction Phase
[64.642s][info][gc,phases      ] GC(241) Compaction Phase 325.466ms
[64.642s][info][gc,phases,start] GC(241) Post Compact
[64.650s][info][gc,phases      ] GC(241) Post Compact 7.284ms
[64.650s][info][gc,heap        ] GC(241) PSYoungGen: 70144K(173568K)->70144K(173568K) Eden: 70144K(70144K)->70144K(70144K) From: 0K(103424K)->0K(103424K)
[64.650s][info][gc,heap        ] GC(241) ParOldGen: 3754959K(3755008K)->3754959K(3755008K)
[64.650s][info][gc,metaspace   ] GC(241) Metaspace: 6298K(6464K)->6298K(6464K) NonClass: 5765K(5824K)->5765K(5824K) Class: 533K(640K)->533K(640K)
[64.650s][info][gc             ] GC(241) Pause Full (Ergonomics) 3735M->3735M(3836M) 1220.917ms
[64.650s][info][gc,cpu         ] GC(241) User=8.48s Sys=0.00s Real=1.22s
[64.650s][info][gc,start       ] GC(242) Pause Full (Ergonomics)
[64.650s][info][gc,phases,start] GC(242) Marking Phase
[65.539s][info][gc,phases      ] GC(242) Marking Phase 889.116ms
[65.539s][info][gc,phases,start] GC(242) Summary Phase
[65.539s][info][gc,phases      ] GC(242) Summary Phase 0.050ms
[65.539s][info][gc,phases,start] GC(242) Adjust Roots
[65.540s][info][gc,phases      ] GC(242) Adjust Roots 0.320ms
[65.540s][info][gc,phases,start] GC(242) Compaction Phase
[65.866s][info][gc,phases      ] GC(242) Compaction Phase 326.617ms
[65.866s][info][gc,phases,start] GC(242) Post Compact
[65.874s][info][gc,phases      ] GC(242) Post Compact 7.417ms
[65.874s][info][gc,heap        ] GC(242) PSYoungGen: 70144K(173568K)->70144K(173568K) Eden: 70144K(70144K)->70144K(70144K) From: 0K(103424K)->0K(103424K)
[65.874s][info][gc,heap        ] GC(242) ParOldGen: 3754964K(3755008K)->3754964K(3755008K)
[65.874s][info][gc,metaspace   ] GC(242) Metaspace: 6298K(6464K)->6298K(6464K) NonClass: 5765K(5824K)->5765K(5824K) Class: 533K(640K)->533K(640K)
[65.874s][info][gc             ] GC(242) Pause Full (Ergonomics) 3735M->3735M(3836M) 1223.964ms
[65.874s][info][gc,cpu         ] GC(242) User=8.28s Sys=0.03s Real=1.22s
[65.874s][info][gc,start       ] GC(243) Pause Full (Ergonomics)
[65.874s][info][gc,phases,start] GC(243) Marking Phase
[66.774s][info][gc,phases      ] GC(243) Marking Phase 900.301ms
[66.775s][info][gc,phases,start] GC(243) Summary Phase
[66.775s][info][gc,phases      ] GC(243) Summary Phase 0.055ms
[66.775s][info][gc,phases,start] GC(243) Adjust Roots
[66.775s][info][gc,phases      ] GC(243) Adjust Roots 0.244ms
[66.775s][info][gc,phases,start] GC(243) Compaction Phase
[67.106s][info][gc,phases      ] GC(243) Compaction Phase 331.439ms
[67.106s][info][gc,phases,start] GC(243) Post Compact
[67.114s][info][gc,phases      ] GC(243) Post Compact 7.094ms
[67.114s][info][gc,heap        ] GC(243) PSYoungGen: 70144K(173568K)->70144K(173568K) Eden: 70144K(70144K)->70144K(70144K) From: 0K(103424K)->0K(103424K)
[67.114s][info][gc,heap        ] GC(243) ParOldGen: 3754969K(3755008K)->3754969K(3755008K)
[67.114s][info][gc,metaspace   ] GC(243) Metaspace: 6298K(6464K)->6298K(6464K) NonClass: 5765K(5824K)->5765K(5824K) Class: 533K(640K)->533K(640K)
[67.114s][info][gc             ] GC(243) Pause Full (Ergonomics) 3735M->3735M(3836M) 1239.502ms
[67.114s][info][gc,cpu         ] GC(243) User=8.58s Sys=0.02s Real=1.24s
[67.114s][info][gc,start       ] GC(244) Pause Full (Ergonomics)
[67.114s][info][gc,phases,start] GC(244) Marking Phase
[68.026s][info][gc,phases      ] GC(244) Marking Phase 911.922ms
[68.026s][info][gc,phases,start] GC(244) Summary Phase
[68.026s][info][gc,phases      ] GC(244) Summary Phase 0.050ms
[68.026s][info][gc,phases,start] GC(244) Adjust Roots
[68.026s][info][gc,phases      ] GC(244) Adjust Roots 0.254ms
[68.026s][info][gc,phases,start] GC(244) Compaction Phase
[68.362s][info][gc,phases      ] GC(244) Compaction Phase 335.562ms
[68.362s][info][gc,phases,start] GC(244) Post Compact
[68.370s][info][gc,phases      ] GC(244) Post Compact 7.806ms
[68.370s][info][gc,heap        ] GC(244) PSYoungGen: 70144K(173568K)->70144K(173568K) Eden: 70144K(70144K)->70144K(70144K) From: 0K(103424K)->0K(103424K)
[68.370s][info][gc,heap        ] GC(244) ParOldGen: 3754974K(3755008K)->3754974K(3755008K)
[68.370s][info][gc,metaspace   ] GC(244) Metaspace: 6298K(6464K)->6298K(6464K) NonClass: 5765K(5824K)->5765K(5824K) Class: 533K(640K)->533K(640K)
[68.370s][info][gc             ] GC(244) Pause Full (Ergonomics) 3735M->3735M(3836M) 1255.996ms
[68.370s][info][gc,cpu         ] GC(244) User=8.73s Sys=0.00s Real=1.26s
[68.370s][info][gc,start       ] GC(245) Pause Full (Ergonomics)
[68.370s][info][gc,phases,start] GC(245) Marking Phase
[69.273s][info][gc,phases      ] GC(245) Marking Phase 902.416ms
[69.273s][info][gc,phases,start] GC(245) Summary Phase
[69.273s][info][gc,phases      ] GC(245) Summary Phase 0.045ms
[69.273s][info][gc,phases,start] GC(245) Adjust Roots
[69.273s][info][gc,phases      ] GC(245) Adjust Roots 0.168ms
[69.273s][info][gc,phases,start] GC(245) Compaction Phase
[69.639s][info][gc,phases      ] GC(245) Compaction Phase 366.210ms
[69.639s][info][gc,phases,start] GC(245) Post Compact
[69.647s][info][gc,phases      ] GC(245) Post Compact 7.471ms
[69.647s][info][gc,heap        ] GC(245) PSYoungGen: 70144K(173568K)->70144K(173568K) Eden: 70144K(70144K)->70144K(70144K) From: 0K(103424K)->0K(103424K)
[69.647s][info][gc,heap        ] GC(245) ParOldGen: 3754978K(3755008K)->3754978K(3755008K)
[69.647s][info][gc,metaspace   ] GC(245) Metaspace: 6298K(6464K)->6298K(6464K) NonClass: 5765K(5824K)->5765K(5824K) Class: 533K(640K)->533K(640K)
[69.647s][info][gc             ] GC(245) Pause Full (Ergonomics) 3735M->3735M(3836M) 1276.673ms
[69.647s][info][gc,cpu         ] GC(245) User=8.61s Sys=0.02s Real=1.28s
[69.647s][info][gc,start       ] GC(246) Pause Full (Ergonomics)
[69.647s][info][gc,phases,start] GC(246) Marking Phase
[70.575s][info][gc,phases      ] GC(246) Marking Phase 928.385ms
[70.576s][info][gc,phases,start] GC(246) Summary Phase
[70.576s][info][gc,phases      ] GC(246) Summary Phase 0.063ms
[70.576s][info][gc,phases,start] GC(246) Adjust Roots
[70.576s][info][gc,phases      ] GC(246) Adjust Roots 0.284ms
[70.576s][info][gc,phases,start] GC(246) Compaction Phase
[70.909s][info][gc,phases      ] GC(246) Compaction Phase 332.701ms
[70.909s][info][gc,phases,start] GC(246) Post Compact
[70.916s][info][gc,phases      ] GC(246) Post Compact 7.291ms
[70.916s][info][gc,heap        ] GC(246) PSYoungGen: 70144K(173568K)->70144K(173568K) Eden: 70144K(70144K)->70144K(70144K) From: 0K(103424K)->0K(103424K)
[70.917s][info][gc,heap        ] GC(246) ParOldGen: 3754983K(3755008K)->3754983K(3755008K)
[70.917s][info][gc,metaspace   ] GC(246) Metaspace: 6298K(6464K)->6298K(6464K) NonClass: 5765K(5824K)->5765K(5824K) Class: 533K(640K)->533K(640K)
[70.917s][info][gc             ] GC(246) Pause Full (Ergonomics) 3735M->3735M(3836M) 1269.547ms
[70.917s][info][gc,cpu         ] GC(246) User=8.84s Sys=0.02s Real=1.27s
[70.917s][info][gc,start       ] GC(247) Pause Full (Ergonomics)
[70.917s][info][gc,phases,start] GC(247) Marking Phase
[71.805s][info][gc,phases      ] GC(247) Marking Phase 888.436ms
[71.805s][info][gc,phases,start] GC(247) Summary Phase
[71.805s][info][gc,phases      ] GC(247) Summary Phase 0.050ms
[71.805s][info][gc,phases,start] GC(247) Adjust Roots
[71.806s][info][gc,phases      ] GC(247) Adjust Roots 0.216ms
[71.806s][info][gc,phases,start] GC(247) Compaction Phase
[72.116s][info][gc,phases      ] GC(247) Compaction Phase 310.586ms
[72.116s][info][gc,phases,start] GC(247) Post Compact
[72.123s][info][gc,phases      ] GC(247) Post Compact 7.108ms
[72.124s][info][gc,heap        ] GC(247) PSYoungGen: 70144K(173568K)->70144K(173568K) Eden: 70144K(70144K)->70144K(70144K) From: 0K(103424K)->0K(103424K)
[72.124s][info][gc,heap        ] GC(247) ParOldGen: 3754988K(3755008K)->3754988K(3755008K)
[72.124s][info][gc,metaspace   ] GC(247) Metaspace: 6298K(6464K)->6298K(6464K) NonClass: 5765K(5824K)->5765K(5824K) Class: 533K(640K)->533K(640K)
[72.124s][info][gc             ] GC(247) Pause Full (Ergonomics) 3735M->3735M(3836M) 1206.776ms
[72.124s][info][gc,cpu         ] GC(247) User=8.78s Sys=0.00s Real=1.21s
[72.124s][info][gc,start       ] GC(248) Pause Full (Ergonomics)
[72.124s][info][gc,phases,start] GC(248) Marking Phase
[73.045s][info][gc,phases      ] GC(248) Marking Phase 921.207ms
[73.045s][info][gc,phases,start] GC(248) Summary Phase
[73.045s][info][gc,phases      ] GC(248) Summary Phase 0.058ms
[73.045s][info][gc,phases,start] GC(248) Adjust Roots
[73.046s][info][gc,phases      ] GC(248) Adjust Roots 0.367ms
[73.046s][info][gc,phases,start] GC(248) Compaction Phase
[73.376s][info][gc,phases      ] GC(248) Compaction Phase 330.797ms
[73.377s][info][gc,phases,start] GC(248) Post Compact
[73.384s][info][gc,phases      ] GC(248) Post Compact 7.409ms
[73.384s][info][gc,heap        ] GC(248) PSYoungGen: 70144K(173568K)->70144K(173568K) Eden: 70144K(70144K)->70144K(70144K) From: 0K(103424K)->0K(103424K)
[73.384s][info][gc,heap        ] GC(248) ParOldGen: 3754993K(3755008K)->3754993K(3755008K)
[73.384s][info][gc,metaspace   ] GC(248) Metaspace: 6298K(6464K)->6298K(6464K) NonClass: 5765K(5824K)->5765K(5824K) Class: 533K(640K)->533K(640K)
[73.384s][info][gc             ] GC(248) Pause Full (Ergonomics) 3735M->3735M(3836M) 1260.266ms
[73.384s][info][gc,cpu         ] GC(248) User=8.70s Sys=0.02s Real=1.26s
[73.384s][info][gc,start       ] GC(249) Pause Full (Ergonomics)
[73.384s][info][gc,phases,start] GC(249) Marking Phase
[74.271s][info][gc,phases      ] GC(249) Marking Phase 886.458ms
[74.271s][info][gc,phases,start] GC(249) Summary Phase
[74.271s][info][gc,phases      ] GC(249) Summary Phase 0.087ms
[74.271s][info][gc,phases,start] GC(249) Adjust Roots
[74.271s][info][gc,phases      ] GC(249) Adjust Roots 0.307ms
[74.271s][info][gc,phases,start] GC(249) Compaction Phase
[74.616s][info][gc,phases      ] GC(249) Compaction Phase 345.125ms
[74.617s][info][gc,phases,start] GC(249) Post Compact
[74.624s][info][gc,phases      ] GC(249) Post Compact 7.722ms
[74.624s][info][gc,heap        ] GC(249) PSYoungGen: 70144K(173568K)->70144K(173568K) Eden: 70144K(70144K)->70144K(70144K) From: 0K(103424K)->0K(103424K)
[74.624s][info][gc,heap        ] GC(249) ParOldGen: 3754998K(3755008K)->3754998K(3755008K)
[74.624s][info][gc,metaspace   ] GC(249) Metaspace: 6298K(6464K)->6298K(6464K) NonClass: 5765K(5824K)->5765K(5824K) Class: 533K(640K)->533K(640K)
[74.624s][info][gc             ] GC(249) Pause Full (Ergonomics) 3735M->3735M(3836M) 1240.072ms
[74.624s][info][gc,cpu         ] GC(249) User=8.69s Sys=0.00s Real=1.24s
[74.625s][info][gc,start       ] GC(250) Pause Full (Ergonomics)
[74.625s][info][gc,phases,start] GC(250) Marking Phase
[75.523s][info][gc,phases      ] GC(250) Marking Phase 898.269ms
[75.523s][info][gc,phases,start] GC(250) Summary Phase
[75.523s][info][gc,phases      ] GC(250) Summary Phase 0.078ms
[75.523s][info][gc,phases,start] GC(250) Adjust Roots
[75.523s][info][gc,phases      ] GC(250) Adjust Roots 0.314ms
[75.524s][info][gc,phases,start] GC(250) Compaction Phase
[75.913s][info][gc,phases      ] GC(250) Compaction Phase 389.005ms
[75.913s][info][gc,phases,start] GC(250) Post Compact
[75.922s][info][gc,phases      ] GC(250) Post Compact 8.971ms
[75.922s][info][gc,heap        ] GC(250) PSYoungGen: 70144K(173568K)->70144K(173568K) Eden: 70144K(70144K)->70144K(70144K) From: 0K(103424K)->0K(103424K)
[75.922s][info][gc,heap        ] GC(250) ParOldGen: 3755003K(3755008K)->3755003K(3755008K)
[75.922s][info][gc,metaspace   ] GC(250) Metaspace: 6298K(6464K)->6298K(6464K) NonClass: 5765K(5824K)->5765K(5824K) Class: 533K(640K)->533K(640K)
[75.922s][info][gc             ] GC(250) Pause Full (Ergonomics) 3735M->3735M(3836M) 1297.116ms
[75.922s][info][gc,cpu         ] GC(250) User=8.89s Sys=0.00s Real=1.30s
[75.922s][info][gc,start       ] GC(251) Pause Full (Ergonomics)
[75.922s][info][gc,phases,start] GC(251) Marking Phase
[76.846s][info][gc,phases      ] GC(251) Marking Phase 924.301ms
[76.846s][info][gc,phases,start] GC(251) Summary Phase
[76.847s][info][gc,phases      ] GC(251) Summary Phase 0.102ms
[76.847s][info][gc,phases,start] GC(251) Adjust Roots
[76.847s][info][gc,phases      ] GC(251) Adjust Roots 0.418ms
[76.847s][info][gc,phases,start] GC(251) Compaction Phase
[77.277s][info][gc,phases      ] GC(251) Compaction Phase 430.026ms
[77.277s][info][gc,phases,start] GC(251) Post Compact
[77.286s][info][gc,phases      ] GC(251) Post Compact 8.924ms
[77.286s][info][gc,heap        ] GC(251) PSYoungGen: 70144K(173568K)->70144K(173568K) Eden: 70144K(70144K)->70144K(70144K) From: 0K(103424K)->0K(103424K)
[77.286s][info][gc,heap        ] GC(251) ParOldGen: 3755007K(3755008K)->3755007K(3755008K)
[77.286s][info][gc,metaspace   ] GC(251) Metaspace: 6298K(6464K)->6298K(6464K) NonClass: 5765K(5824K)->5765K(5824K) Class: 533K(640K)->533K(640K)
[77.286s][info][gc             ] GC(251) Pause Full (Ergonomics) 3735M->3735M(3836M) 1364.278ms
[77.286s][info][gc,cpu         ] GC(251) User=8.59s Sys=0.00s Real=1.36s
[77.287s][info][gc,start       ] GC(252) Pause Full (Ergonomics)
[77.287s][info][gc,phases,start] GC(252) Marking Phase
[78.223s][info][gc,phases      ] GC(252) Marking Phase 936.887ms
[78.224s][info][gc,phases,start] GC(252) Summary Phase
[78.224s][info][gc,phases      ] GC(252) Summary Phase 0.054ms
[78.224s][info][gc,phases,start] GC(252) Adjust Roots
[78.224s][info][gc,phases      ] GC(252) Adjust Roots 0.267ms
[78.224s][info][gc,phases,start] GC(252) Compaction Phase
[78.545s][info][gc,phases      ] GC(252) Compaction Phase 321.119ms
[78.545s][info][gc,phases,start] GC(252) Post Compact
[78.554s][info][gc,phases      ] GC(252) Post Compact 8.958ms
[78.554s][info][gc,heap        ] GC(252) PSYoungGen: 70144K(173568K)->70144K(173568K) Eden: 70144K(70144K)->70144K(70144K) From: 0K(103424K)->0K(103424K)
[78.554s][info][gc,heap        ] GC(252) ParOldGen: 3755007K(3755008K)->3755007K(3755008K)
[78.554s][info][gc,metaspace   ] GC(252) Metaspace: 6298K(6464K)->6298K(6464K) NonClass: 5765K(5824K)->5765K(5824K) Class: 533K(640K)->533K(640K)
[78.554s][info][gc             ] GC(252) Pause Full (Ergonomics) 3735M->3735M(3836M) 1267.735ms
[78.554s][info][gc,cpu         ] GC(252) User=8.56s Sys=0.02s Real=1.27s
[78.554s][info][gc,start       ] GC(253) Pause Full (Allocation Failure)
[78.554s][info][gc,phases,start] GC(253) Marking Phase
[79.513s][info][gc,phases      ] GC(253) Marking Phase 958.167ms
[79.513s][info][gc,phases,start] GC(253) Summary Phase
[79.513s][info][gc,phases      ] GC(253) Summary Phase 0.067ms
[79.513s][info][gc,phases,start] GC(253) Adjust Roots
[79.513s][info][gc,phases      ] GC(253) Adjust Roots 0.560ms
[79.513s][info][gc,phases,start] GC(253) Compaction Phase
[80.490s][info][gc,phases      ] GC(253) Compaction Phase 976.294ms
[80.490s][info][gc,phases,start] GC(253) Post Compact
[80.498s][info][gc,phases      ] GC(253) Post Compact 7.790ms
[80.498s][info][gc,heap        ] GC(253) PSYoungGen: 70144K(173568K)->70144K(173568K) Eden: 70144K(70144K)->70144K(70144K) From: 0K(103424K)->0K(103424K)
[80.498s][info][gc,heap        ] GC(253) ParOldGen: 3755007K(3755008K)->3755003K(3755008K)
[80.498s][info][gc,metaspace   ] GC(253) Metaspace: 6298K(6464K)->6297K(6464K) NonClass: 5765K(5824K)->5764K(5824K) Class: 533K(640K)->532K(640K)
[80.498s][info][gc             ] GC(253) Pause Full (Allocation Failure) 3735M->3735M(3836M) 1943.307ms
[80.498s][info][gc,cpu         ] GC(253) User=11.27s Sys=0.03s Real=1.94s
[80.498s][info][gc,start       ] GC(254) Pause Full (Ergonomics)
[80.498s][info][gc,phases,start] GC(254) Marking Phase
[81.464s][info][gc,phases      ] GC(254) Marking Phase 965.798ms
[81.464s][info][gc,phases,start] GC(254) Summary Phase
[81.464s][info][gc,phases      ] GC(254) Summary Phase 0.095ms
[81.464s][info][gc,phases,start] GC(254) Adjust Roots
[81.465s][info][gc,phases      ] GC(254) Adjust Roots 0.359ms
[81.465s][info][gc,phases,start] GC(254) Compaction Phase
[81.788s][info][gc,phases      ] GC(254) Compaction Phase 323.827ms
[81.789s][info][gc,phases,start] GC(254) Post Compact
[81.797s][info][gc,phases      ] GC(254) Post Compact 8.419ms
[81.797s][info][gc,heap        ] GC(254) PSYoungGen: 70144K(173568K)->70144K(173568K) Eden: 70144K(70144K)->70144K(70144K) From: 0K(103424K)->0K(103424K)
[81.797s][info][gc,heap        ] GC(254) ParOldGen: 3755007K(3755008K)->3755007K(3755008K)
[81.797s][info][gc,metaspace   ] GC(254) Metaspace: 6297K(6464K)->6297K(6464K) NonClass: 5764K(5824K)->5764K(5824K) Class: 532K(640K)->532K(640K)
[81.797s][info][gc             ] GC(254) Pause Full (Ergonomics) 3735M->3735M(3836M) 1298.988ms
[81.797s][info][gc,cpu         ] GC(254) User=8.80s Sys=0.00s Real=1.30s
[81.797s][info][gc,start       ] GC(255) Pause Full (Allocation Failure)
[81.797s][info][gc,phases,start] GC(255) Marking Phase
[82.703s][info][gc,phases      ] GC(255) Marking Phase 905.749ms
[82.703s][info][gc,phases,start] GC(255) Summary Phase
[82.703s][info][gc,phases      ] GC(255) Summary Phase 0.140ms
[82.703s][info][gc,phases,start] GC(255) Adjust Roots
[82.704s][info][gc,phases      ] GC(255) Adjust Roots 0.321ms
[82.704s][info][gc,phases,start] GC(255) Compaction Phase
[83.047s][info][gc,phases      ] GC(255) Compaction Phase 343.218ms
[83.047s][info][gc,phases,start] GC(255) Post Compact
[83.054s][info][gc,phases      ] GC(255) Post Compact 7.395ms
[83.054s][info][gc,heap        ] GC(255) PSYoungGen: 70144K(173568K)->70144K(173568K) Eden: 70144K(70144K)->70144K(70144K) From: 0K(103424K)->0K(103424K)
[83.054s][info][gc,heap        ] GC(255) ParOldGen: 3755007K(3755008K)->3755007K(3755008K)
[83.054s][info][gc,metaspace   ] GC(255) Metaspace: 6297K(6464K)->6297K(6464K) NonClass: 5764K(5824K)->5764K(5824K) Class: 532K(640K)->532K(640K)
[83.054s][info][gc             ] GC(255) Pause Full (Allocation Failure) 3735M->3735M(3836M) 1257.273ms
[83.054s][info][gc,cpu         ] GC(255) User=8.61s Sys=0.02s Real=1.26s
[83.055s][info][gc,start       ] GC(256) Pause Full (Ergonomics)
[83.055s][info][gc,phases,start] GC(256) Marking Phase
[83.979s][info][gc,phases      ] GC(256) Marking Phase 924.215ms
[83.979s][info][gc,phases,start] GC(256) Summary Phase
[83.979s][info][gc,phases      ] GC(256) Summary Phase 0.080ms
[83.979s][info][gc,phases,start] GC(256) Adjust Roots
[83.980s][info][gc,phases      ] GC(256) Adjust Roots 0.304ms
[83.980s][info][gc,phases,start] GC(256) Compaction Phase
[84.951s][info][gc,phases      ] GC(256) Compaction Phase 971.401ms
[84.951s][info][gc,phases,start] GC(256) Post Compact
[84.959s][info][gc,phases      ] GC(256) Post Compact 8.162ms
[84.959s][info][gc,heap        ] GC(256) PSYoungGen: 70144K(173568K)->70144K(173568K) Eden: 70144K(70144K)->70144K(70144K) From: 0K(103424K)->0K(103424K)
[84.959s][info][gc,heap        ] GC(256) ParOldGen: 3755007K(3755008K)->3755006K(3755008K)
[84.959s][info][gc,metaspace   ] GC(256) Metaspace: 6297K(6464K)->6297K(6464K) NonClass: 5764K(5824K)->5764K(5824K) Class: 532K(640K)->532K(640K)
[84.959s][info][gc             ] GC(256) Pause Full (Ergonomics) 3735M->3735M(3836M) 1904.597ms
[84.959s][info][gc,cpu         ] GC(256) User=12.95s Sys=0.02s Real=1.90s
[84.960s][info][gc,start       ] GC(257) Pause Full (Ergonomics)
[84.960s][info][gc,phases,start] GC(257) Marking Phase
[85.852s][info][gc,phases      ] GC(257) Marking Phase 892.307ms
[85.852s][info][gc,phases,start] GC(257) Summary Phase
[85.852s][info][gc,phases      ] GC(257) Summary Phase 0.062ms
[85.852s][info][gc,phases,start] GC(257) Adjust Roots
[85.853s][info][gc,phases      ] GC(257) Adjust Roots 0.259ms
[85.853s][info][gc,phases,start] GC(257) Compaction Phase
[86.195s][info][gc,phases      ] GC(257) Compaction Phase 341.983ms
[86.195s][info][gc,phases,start] GC(257) Post Compact
[86.202s][info][gc,phases      ] GC(257) Post Compact 7.611ms
[86.203s][info][gc,heap        ] GC(257) PSYoungGen: 70144K(173568K)->70144K(173568K) Eden: 70144K(70144K)->70144K(70144K) From: 0K(103424K)->0K(103424K)
[86.203s][info][gc,heap        ] GC(257) ParOldGen: 3755006K(3755008K)->3755006K(3755008K)
[86.203s][info][gc,metaspace   ] GC(257) Metaspace: 6297K(6464K)->6297K(6464K) NonClass: 5764K(5824K)->5764K(5824K) Class: 532K(640K)->532K(640K)
[86.203s][info][gc             ] GC(257) Pause Full (Ergonomics) 3735M->3735M(3836M) 1242.633ms
[86.203s][info][gc,cpu         ] GC(257) User=8.58s Sys=0.00s Real=1.24s
[86.204s][info][gc,start       ] GC(258) Pause Full (Ergonomics)
[86.204s][info][gc,phases,start] GC(258) Marking Phase
[87.113s][info][gc,phases      ] GC(258) Marking Phase 908.924ms
[87.113s][info][gc,phases,start] GC(258) Summary Phase
[87.113s][info][gc,phases      ] GC(258) Summary Phase 0.062ms
[87.113s][info][gc,phases,start] GC(258) Adjust Roots
[87.113s][info][gc,phases      ] GC(258) Adjust Roots 0.417ms
[87.113s][info][gc,phases,start] GC(258) Compaction Phase
[88.089s][info][gc,phases      ] GC(258) Compaction Phase 975.338ms
[88.089s][info][gc,phases,start] GC(258) Post Compact
[88.096s][info][gc,phases      ] GC(258) Post Compact 7.541ms
[88.097s][info][gc,heap        ] GC(258) PSYoungGen: 70144K(173568K)->70144K(173568K) Eden: 70144K(70144K)->70144K(70144K) From: 0K(103424K)->0K(103424K)
[88.097s][info][gc,heap        ] GC(258) ParOldGen: 3755007K(3755008K)->3755005K(3755008K)
[88.097s][info][gc,metaspace   ] GC(258) Metaspace: 6298K(6464K)->6298K(6464K) NonClass: 5764K(5824K)->5764K(5824K) Class: 533K(640K)->533K(640K)
[88.097s][info][gc             ] GC(258) Pause Full (Ergonomics) 3735M->3735M(3836M) 1892.761ms
[88.097s][info][gc,cpu         ] GC(258) User=12.38s Sys=0.00s Real=1.89s
[88.097s][info][gc,heap,exit   ] Heap
[88.097s][info][gc,heap,exit   ]  PSYoungGen      total 173568K, used 70144K [0x000000078d700000, 0x000000079ed00000, 0x0000000800000000)
[88.097s][info][gc,heap,exit   ]   eden space 70144K, 100% used [0x000000078d700000,0x0000000791b80000,0x0000000791b80000)
[88.097s][info][gc,heap,exit   ]   from space 103424K, 0% used [0x0000000791b80000,0x0000000791b80000,0x0000000798080000)
[88.097s][info][gc,heap,exit   ]   to   space 103424K, 0% used [0x0000000798080000,0x0000000798080000,0x000000079e580000)
[88.097s][info][gc,heap,exit   ]  ParOldGen       total 3755008K, used 3755006K [0x00000006a8400000, 0x000000078d700000, 0x000000078d700000)
[88.097s][info][gc,heap,exit   ]   object space 3755008K, 99% used [0x00000006a8400000,0x000000078d6ff808,0x000000078d700000)
[88.097s][info][gc,heap,exit   ]  Metaspace       used 6301K, committed 6464K, reserved 1114112K
[88.097s][info][gc,heap,exit   ]   class space    used 534K, committed 640K, reserved 1048576K
