[0.012s][info][gc,init] CardTable entry size: 512
[0.012s][info][gc     ] Using Parallel
[0.013s][info][gc,init] Version: 18.0.1+10 (release)
[0.013s][info][gc,init] CPUs: 8 total, 8 available
[0.013s][info][gc,init] Memory: 16063M
[0.013s][info][gc,init] Large Page Support: Disabled
[0.013s][info][gc,init] NUMA Support: Disabled
[0.013s][info][gc,init] Compressed Oops: Enabled (Zero based)
[0.013s][info][gc,init] Alignments: Space 512K, Generation 512K, Heap 2M
[0.013s][info][gc,init] Heap Min Capacity: 2M
[0.013s][info][gc,init] Heap Initial Capacity: 2M
[0.013s][info][gc,init] Heap Max Capacity: 4300M
[0.013s][info][gc,init] Pre-touch: Disabled
[0.013s][info][gc,init] Parallel Workers: 8
[0.013s][info][gc,metaspace] CDS archive(s) not mapped
[0.013s][info][gc,metaspace] Compressed class space mapped at: 0x0000000800000000-0x0000000840000000, reserved size: 1073741824
[0.013s][info][gc,metaspace] Narrow klass base: 0x0000000800000000, Narrow klass shift: 0, Narrow klass range: 0x40000000
[0.108s][info][gc,start    ] GC(0) Pause Young (Allocation Failure)
[0.109s][info][gc,heap     ] GC(0) PSYoungGen: 512K(1024K)->480K(1024K) Eden: 512K(512K)->0K(512K) From: 0K(512K)->480K(512K)
[0.109s][info][gc,heap     ] GC(0) ParOldGen: 0K(512K)->8K(512K)
[0.109s][info][gc,metaspace] GC(0) Metaspace: 4229K(4352K)->4229K(4352K) NonClass: 3908K(3968K)->3908K(3968K) Class: 321K(384K)->321K(384K)
[0.109s][info][gc          ] GC(0) Pause Young (Allocation Failure) 0M->0M(1M) 1.756ms
[0.109s][info][gc,cpu      ] GC(0) User=0.00s Sys=0.00s Real=0.00s
[0.177s][info][gc,start    ] GC(1) Pause Young (Allocation Failure)
[0.177s][info][gc,heap     ] GC(1) PSYoungGen: 991K(1024K)->512K(1536K) Eden: 511K(512K)->0K(1024K) From: 480K(512K)->512K(512K)
[0.177s][info][gc,heap     ] GC(1) ParOldGen: 8K(512K)->88K(512K)
[0.177s][info][gc,metaspace] GC(1) Metaspace: 5881K(6016K)->5881K(6016K) NonClass: 5384K(5504K)->5384K(5504K) Class: 496K(512K)->496K(512K)
[0.177s][info][gc          ] GC(1) Pause Young (Allocation Failure) 0M->0M(2M) 0.838ms
[0.177s][info][gc,cpu      ] GC(1) User=0.00s Sys=0.00s Real=0.00s
[0.197s][info][gc,start    ] GC(2) Pause Young (Allocation Failure)
[0.199s][info][gc,heap     ] GC(2) PSYoungGen: 1536K(1536K)->512K(1536K) Eden: 1024K(1024K)->0K(1024K) From: 512K(512K)->512K(512K)
[0.199s][info][gc,heap     ] GC(2) ParOldGen: 88K(512K)->504K(512K)
[0.199s][info][gc,metaspace] GC(2) Metaspace: 6301K(6528K)->6301K(6528K) NonClass: 5768K(5888K)->5768K(5888K) Class: 533K(640K)->533K(640K)
[0.199s][info][gc          ] GC(2) Pause Young (Allocation Failure) 1M->0M(2M) 1.644ms
[0.199s][info][gc,cpu      ] GC(2) User=0.00s Sys=0.00s Real=0.00s
[0.199s][info][gc,start    ] GC(3) Pause Full (Ergonomics)
[0.199s][info][gc,phases,start] GC(3) Marking Phase
[0.200s][info][gc,phases      ] GC(3) Marking Phase 1.228ms
[0.200s][info][gc,phases,start] GC(3) Summary Phase
[0.200s][info][gc,phases      ] GC(3) Summary Phase 0.015ms
[0.200s][info][gc,phases,start] GC(3) Adjust Roots
[0.201s][info][gc,phases      ] GC(3) Adjust Roots 0.493ms
[0.201s][info][gc,phases,start] GC(3) Compaction Phase
[0.203s][info][gc,phases      ] GC(3) Compaction Phase 1.984ms
[0.203s][info][gc,phases,start] GC(3) Post Compact
[0.203s][info][gc,phases      ] GC(3) Post Compact 0.092ms
[0.203s][info][gc,heap        ] GC(3) PSYoungGen: 512K(1536K)->509K(1536K) Eden: 0K(1024K)->0K(1024K) From: 512K(512K)->509K(512K)
[0.203s][info][gc,heap        ] GC(3) ParOldGen: 504K(512K)->472K(2048K)
[0.203s][info][gc,metaspace   ] GC(3) Metaspace: 6301K(6528K)->6301K(6528K) NonClass: 5768K(5888K)->5768K(5888K) Class: 533K(640K)->533K(640K)
[0.203s][info][gc             ] GC(3) Pause Full (Ergonomics) 0M->0M(3M) 4.073ms
[0.203s][info][gc,cpu         ] GC(3) User=0.00s Sys=0.00s Real=0.00s
[0.205s][info][gc,start       ] GC(4) Pause Young (Allocation Failure)
[0.206s][info][gc,heap        ] GC(4) PSYoungGen: 1533K(1536K)->480K(2560K) Eden: 1024K(1024K)->0K(2048K) From: 509K(512K)->480K(512K)
[0.206s][info][gc,heap        ] GC(4) ParOldGen: 472K(2048K)->1032K(2048K)
[0.207s][info][gc,metaspace   ] GC(4) Metaspace: 6301K(6528K)->6301K(6528K) NonClass: 5768K(5888K)->5768K(5888K) Class: 533K(640K)->533K(640K)
[0.207s][info][gc             ] GC(4) Pause Young (Allocation Failure) 1M->1M(4M) 1.642ms
[0.207s][info][gc,cpu         ] GC(4) User=0.00s Sys=0.00s Real=0.00s
[0.211s][info][gc,start       ] GC(5) Pause Young (Allocation Failure)
[0.212s][info][gc,heap        ] GC(5) PSYoungGen: 2528K(2560K)->480K(2560K) Eden: 2048K(2048K)->0K(2048K) From: 480K(512K)->480K(512K)
[0.212s][info][gc,heap        ] GC(5) ParOldGen: 1032K(2048K)->2112K(2560K)
[0.212s][info][gc,metaspace   ] GC(5) Metaspace: 6301K(6528K)->6301K(6528K) NonClass: 5768K(5888K)->5768K(5888K) Class: 533K(640K)->533K(640K)
[0.212s][info][gc             ] GC(5) Pause Young (Allocation Failure) 3M->2M(5M) 1.939ms
[0.213s][info][gc,cpu         ] GC(5) User=0.00s Sys=0.00s Real=0.00s
[0.213s][info][gc,start       ] GC(6) Pause Full (Ergonomics)
[0.213s][info][gc,phases,start] GC(6) Marking Phase
[0.214s][info][gc,phases      ] GC(6) Marking Phase 1.497ms
[0.214s][info][gc,phases,start] GC(6) Summary Phase
[0.214s][info][gc,phases      ] GC(6) Summary Phase 0.014ms
[0.214s][info][gc,phases,start] GC(6) Adjust Roots
[0.214s][info][gc,phases      ] GC(6) Adjust Roots 0.303ms
[0.214s][info][gc,phases,start] GC(6) Compaction Phase
[0.217s][info][gc,phases      ] GC(6) Compaction Phase 2.578ms
[0.217s][info][gc,phases,start] GC(6) Post Compact
[0.217s][info][gc,phases      ] GC(6) Post Compact 0.029ms
[0.217s][info][gc,heap        ] GC(6) PSYoungGen: 480K(2560K)->0K(4096K) Eden: 0K(2048K)->0K(3072K) From: 480K(512K)->0K(1024K)
[0.217s][info][gc,heap        ] GC(6) ParOldGen: 2112K(2560K)->2542K(6144K)
[0.217s][info][gc,metaspace   ] GC(6) Metaspace: 6301K(6528K)->6301K(6528K) NonClass: 5768K(5888K)->5768K(5888K) Class: 533K(640K)->533K(640K)
[0.217s][info][gc             ] GC(6) Pause Full (Ergonomics) 2M->2M(10M) 4.716ms
[0.217s][info][gc,cpu         ] GC(6) User=0.00s Sys=0.00s Real=0.00s
[0.221s][info][gc,start       ] GC(7) Pause Young (Allocation Failure)
[0.223s][info][gc,heap        ] GC(7) PSYoungGen: 3072K(4096K)->1696K(5120K) Eden: 3072K(3072K)->0K(3072K) From: 0K(1024K)->1696K(2048K)
[0.223s][info][gc,heap        ] GC(7) ParOldGen: 2542K(6144K)->2542K(6144K)
[0.223s][info][gc,metaspace   ] GC(7) Metaspace: 6301K(6528K)->6301K(6528K) NonClass: 5768K(5888K)->5768K(5888K) Class: 533K(640K)->533K(640K)
[0.223s][info][gc             ] GC(7) Pause Young (Allocation Failure) 5M->4M(11M) 1.590ms
[0.223s][info][gc,cpu         ] GC(7) User=0.00s Sys=0.00s Real=0.00s
[0.226s][info][gc,start       ] GC(8) Pause Young (Allocation Failure)
[0.229s][info][gc,heap        ] GC(8) PSYoungGen: 4768K(5120K)->2016K(5632K) Eden: 3072K(3072K)->0K(3584K) From: 1696K(2048K)->2016K(2048K)
[0.229s][info][gc,heap        ] GC(8) ParOldGen: 2542K(6144K)->3774K(6144K)
[0.229s][info][gc,metaspace   ] GC(8) Metaspace: 6301K(6528K)->6301K(6528K) NonClass: 5768K(5888K)->5768K(5888K) Class: 533K(640K)->533K(640K)
[0.229s][info][gc             ] GC(8) Pause Young (Allocation Failure) 7M->5M(11M) 2.726ms
[0.229s][info][gc,cpu         ] GC(8) User=0.00s Sys=0.00s Real=0.00s
[0.234s][info][gc,start       ] GC(9) Pause Young (Allocation Failure)
[0.237s][info][gc,heap        ] GC(9) PSYoungGen: 5600K(5632K)->3040K(6656K) Eden: 3584K(3584K)->0K(3584K) From: 2016K(2048K)->3040K(3072K)
[0.237s][info][gc,heap        ] GC(9) ParOldGen: 3774K(6144K)->4606K(6144K)
[0.237s][info][gc,metaspace   ] GC(9) Metaspace: 6301K(6528K)->6301K(6528K) NonClass: 5768K(5888K)->5768K(5888K) Class: 533K(640K)->533K(640K)
[0.237s][info][gc             ] GC(9) Pause Young (Allocation Failure) 9M->7M(12M) 3.763ms
[0.237s][info][gc,cpu         ] GC(9) User=0.02s Sys=0.00s Real=0.00s
[0.241s][info][gc,start       ] GC(10) Pause Young (Allocation Failure)
[0.244s][info][gc,heap        ] GC(10) PSYoungGen: 6624K(6656K)->4064K(9216K) Eden: 3584K(3584K)->0K(5120K) From: 3040K(3072K)->4064K(4096K)
[0.244s][info][gc,heap        ] GC(10) ParOldGen: 4606K(6144K)->5446K(6144K)
[0.244s][info][gc,metaspace   ] GC(10) Metaspace: 6301K(6528K)->6301K(6528K) NonClass: 5768K(5888K)->5768K(5888K) Class: 533K(640K)->533K(640K)
[0.244s][info][gc             ] GC(10) Pause Young (Allocation Failure) 10M->9M(15M) 3.718ms
[0.244s][info][gc,cpu         ] GC(10) User=0.00s Sys=0.00s Real=0.00s
[0.244s][info][gc,start       ] GC(11) Pause Full (Ergonomics)
[0.244s][info][gc,phases,start] GC(11) Marking Phase
[0.249s][info][gc,phases      ] GC(11) Marking Phase 4.626ms
[0.249s][info][gc,phases,start] GC(11) Summary Phase
[0.249s][info][gc,phases      ] GC(11) Summary Phase 0.023ms
[0.249s][info][gc,phases,start] GC(11) Adjust Roots
[0.250s][info][gc,phases      ] GC(11) Adjust Roots 0.413ms
[0.250s][info][gc,phases,start] GC(11) Compaction Phase
[0.256s][info][gc,phases      ] GC(11) Compaction Phase 6.059ms
[0.256s][info][gc,phases,start] GC(11) Post Compact
[0.256s][info][gc,phases      ] GC(11) Post Compact 0.052ms
[0.256s][info][gc,heap        ] GC(11) PSYoungGen: 4064K(9216K)->3545K(9216K) Eden: 0K(5120K)->0K(5120K) From: 4064K(4096K)->3545K(4096K)
[0.256s][info][gc,heap        ] GC(11) ParOldGen: 5446K(6144K)->5831K(10752K)
[0.256s][info][gc,metaspace   ] GC(11) Metaspace: 6301K(6528K)->6301K(6528K) NonClass: 5768K(5888K)->5768K(5888K) Class: 533K(640K)->533K(640K)
[0.256s][info][gc             ] GC(11) Pause Full (Ergonomics) 9M->9M(19M) 11.466ms
[0.256s][info][gc,cpu         ] GC(11) User=0.00s Sys=0.00s Real=0.01s
[0.263s][info][gc,start       ] GC(12) Pause Young (Allocation Failure)
[0.267s][info][gc,heap        ] GC(12) PSYoungGen: 8665K(9216K)->5088K(10240K) Eden: 5120K(5120K)->0K(5120K) From: 3545K(4096K)->5088K(5120K)
[0.267s][info][gc,heap        ] GC(12) ParOldGen: 5831K(10752K)->6951K(10752K)
[0.267s][info][gc,metaspace   ] GC(12) Metaspace: 6301K(6528K)->6301K(6528K) NonClass: 5768K(5888K)->5768K(5888K) Class: 533K(640K)->533K(640K)
[0.267s][info][gc             ] GC(12) Pause Young (Allocation Failure) 14M->11M(20M) 4.144ms
[0.267s][info][gc,cpu         ] GC(12) User=0.00s Sys=0.00s Real=0.00s
[0.271s][info][gc,start       ] GC(13) Pause Young (Allocation Failure)
[0.277s][info][gc,heap        ] GC(13) PSYoungGen: 10208K(10240K)->6496K(12800K) Eden: 5120K(5120K)->0K(6144K) From: 5088K(5120K)->6496K(6656K)
[0.277s][info][gc,heap        ] GC(13) ParOldGen: 6951K(10752K)->8231K(10752K)
[0.277s][info][gc,metaspace   ] GC(13) Metaspace: 6303K(6528K)->6303K(6528K) NonClass: 5770K(5888K)->5770K(5888K) Class: 533K(640K)->533K(640K)
[0.277s][info][gc             ] GC(13) Pause Young (Allocation Failure) 16M->14M(23M) 5.544ms
[0.277s][info][gc,cpu         ] GC(13) User=0.00s Sys=0.00s Real=0.01s
[0.281s][info][gc,start       ] GC(14) Pause Young (Allocation Failure)
[0.287s][info][gc,heap        ] GC(14) PSYoungGen: 12640K(12800K)->5792K(13824K) Eden: 6144K(6144K)->0K(6144K) From: 6496K(6656K)->5792K(7680K)
[0.287s][info][gc,heap        ] GC(14) ParOldGen: 8231K(10752K)->12111K(12288K)
[0.287s][info][gc,metaspace   ] GC(14) Metaspace: 6303K(6528K)->6303K(6528K) NonClass: 5770K(5888K)->5770K(5888K) Class: 533K(640K)->533K(640K)
[0.287s][info][gc             ] GC(14) Pause Young (Allocation Failure) 20M->17M(25M) 6.023ms
[0.287s][info][gc,cpu         ] GC(14) User=0.02s Sys=0.00s Real=0.01s
[0.287s][info][gc,start       ] GC(15) Pause Full (Ergonomics)
[0.287s][info][gc,phases,start] GC(15) Marking Phase
[0.295s][info][gc,phases      ] GC(15) Marking Phase 7.622ms
[0.295s][info][gc,phases,start] GC(15) Summary Phase
[0.295s][info][gc,phases      ] GC(15) Summary Phase 0.019ms
[0.295s][info][gc,phases,start] GC(15) Adjust Roots
[0.295s][info][gc,phases      ] GC(15) Adjust Roots 0.221ms
[0.295s][info][gc,phases,start] GC(15) Compaction Phase
[0.303s][info][gc,phases      ] GC(15) Compaction Phase 7.899ms
[0.303s][info][gc,phases,start] GC(15) Post Compact
[0.303s][info][gc,phases      ] GC(15) Post Compact 0.094ms
[0.303s][info][gc,heap        ] GC(15) PSYoungGen: 5792K(13824K)->5758K(13824K) Eden: 0K(6144K)->0K(6144K) From: 5792K(7680K)->5758K(7680K)
[0.303s][info][gc,heap        ] GC(15) ParOldGen: 12111K(12288K)->12006K(18944K)
[0.304s][info][gc,metaspace   ] GC(15) Metaspace: 6303K(6528K)->6303K(6528K) NonClass: 5770K(5888K)->5770K(5888K) Class: 533K(640K)->533K(640K)
[0.304s][info][gc             ] GC(15) Pause Full (Ergonomics) 17M->17M(32M) 16.278ms
[0.304s][info][gc,cpu         ] GC(15) User=0.00s Sys=0.00s Real=0.02s
[0.307s][info][gc,start       ] GC(16) Pause Young (Allocation Failure)
[0.314s][info][gc,heap        ] GC(16) PSYoungGen: 11902K(13824K)->3200K(15872K) Eden: 6144K(6144K)->0K(8704K) From: 5758K(7680K)->3200K(7168K)
[0.314s][info][gc,heap        ] GC(16) ParOldGen: 12006K(18944K)->17870K(18944K)
[0.314s][info][gc,metaspace   ] GC(16) Metaspace: 6303K(6528K)->6303K(6528K) NonClass: 5770K(5888K)->5770K(5888K) Class: 533K(640K)->533K(640K)
[0.314s][info][gc             ] GC(16) Pause Young (Allocation Failure) 23M->20M(34M) 6.825ms
[0.314s][info][gc,cpu         ] GC(16) User=0.00s Sys=0.00s Real=0.01s
[0.314s][info][gc,start       ] GC(17) Pause Full (Ergonomics)
[0.314s][info][gc,phases,start] GC(17) Marking Phase
[0.323s][info][gc,phases      ] GC(17) Marking Phase 8.639ms
[0.323s][info][gc,phases,start] GC(17) Summary Phase
[0.323s][info][gc,phases      ] GC(17) Summary Phase 0.019ms
[0.323s][info][gc,phases,start] GC(17) Adjust Roots
[0.323s][info][gc,phases      ] GC(17) Adjust Roots 0.187ms
[0.323s][info][gc,phases,start] GC(17) Compaction Phase
[0.330s][info][gc,phases      ] GC(17) Compaction Phase 6.404ms
[0.330s][info][gc,phases,start] GC(17) Post Compact
[0.330s][info][gc,phases      ] GC(17) Post Compact 0.113ms
[0.330s][info][gc,heap        ] GC(17) PSYoungGen: 3200K(15872K)->2146K(16384K) Eden: 0K(8704K)->0K(9216K) From: 3200K(7168K)->2146K(7168K)
[0.330s][info][gc,heap        ] GC(17) ParOldGen: 17870K(18944K)->18786K(28672K)
[0.330s][info][gc,metaspace   ] GC(17) Metaspace: 6303K(6528K)->6303K(6528K) NonClass: 5770K(5888K)->5770K(5888K) Class: 533K(640K)->533K(640K)
[0.330s][info][gc             ] GC(17) Pause Full (Ergonomics) 20M->20M(44M) 15.703ms
[0.330s][info][gc,cpu         ] GC(17) User=0.00s Sys=0.00s Real=0.01s
[0.338s][info][gc,start       ] GC(18) Pause Young (Allocation Failure)
[0.345s][info][gc,heap        ] GC(18) PSYoungGen: 11362K(16384K)->5312K(16896K) Eden: 9216K(9216K)->0K(9216K) From: 2146K(7168K)->5312K(7680K)
[0.345s][info][gc,heap        ] GC(18) ParOldGen: 18786K(28672K)->20978K(28672K)
[0.345s][info][gc,metaspace   ] GC(18) Metaspace: 6303K(6528K)->6303K(6528K) NonClass: 5770K(5888K)->5770K(5888K) Class: 533K(640K)->533K(640K)
[0.345s][info][gc             ] GC(18) Pause Young (Allocation Failure) 29M->25M(44M) 6.735ms
[0.345s][info][gc,cpu         ] GC(18) User=0.00s Sys=0.00s Real=0.01s
[0.351s][info][gc,start       ] GC(19) Pause Young (Allocation Failure)
[0.358s][info][gc,heap        ] GC(19) PSYoungGen: 14528K(16896K)->4832K(20480K) Eden: 9216K(9216K)->0K(12288K) From: 5312K(7680K)->4832K(8192K)
[0.358s][info][gc,heap        ] GC(19) ParOldGen: 20978K(28672K)->26306K(28672K)
[0.358s][info][gc,metaspace   ] GC(19) Metaspace: 6303K(6528K)->6303K(6528K) NonClass: 5770K(5888K)->5770K(5888K) Class: 533K(640K)->533K(640K)
[0.358s][info][gc             ] GC(19) Pause Young (Allocation Failure) 34M->30M(48M) 7.442ms
[0.358s][info][gc,cpu         ] GC(19) User=0.00s Sys=0.00s Real=0.01s
[0.358s][info][gc,start       ] GC(20) Pause Full (Ergonomics)
[0.358s][info][gc,phases,start] GC(20) Marking Phase
[0.371s][info][gc,phases      ] GC(20) Marking Phase 12.467ms
[0.371s][info][gc,phases,start] GC(20) Summary Phase
[0.371s][info][gc,phases      ] GC(20) Summary Phase 0.019ms
[0.371s][info][gc,phases,start] GC(20) Adjust Roots
[0.371s][info][gc,phases      ] GC(20) Adjust Roots 0.183ms
[0.371s][info][gc,phases,start] GC(20) Compaction Phase
[0.382s][info][gc,phases      ] GC(20) Compaction Phase 11.052ms
[0.382s][info][gc,phases,start] GC(20) Post Compact
[0.382s][info][gc,phases      ] GC(20) Post Compact 0.129ms
[0.383s][info][gc,heap        ] GC(20) PSYoungGen: 4832K(20480K)->2206K(20480K) Eden: 0K(12288K)->0K(12288K) From: 4832K(8192K)->2206K(8192K)
[0.383s][info][gc,heap        ] GC(20) ParOldGen: 26306K(28672K)->28233K(39936K)
[0.383s][info][gc,metaspace   ] GC(20) Metaspace: 6303K(6528K)->6303K(6528K) NonClass: 5770K(5888K)->5770K(5888K) Class: 533K(640K)->533K(640K)
[0.383s][info][gc             ] GC(20) Pause Full (Ergonomics) 30M->29M(59M) 24.312ms
[0.383s][info][gc,cpu         ] GC(20) User=0.03s Sys=0.00s Real=0.02s
[0.393s][info][gc,start       ] GC(21) Pause Young (Allocation Failure)
[0.406s][info][gc,heap        ] GC(21) PSYoungGen: 14494K(20480K)->8192K(20480K) Eden: 12288K(12288K)->0K(12288K) From: 2206K(8192K)->8192K(8192K)
[0.406s][info][gc,heap        ] GC(21) ParOldGen: 28233K(39936K)->33817K(39936K)
[0.406s][info][gc,metaspace   ] GC(21) Metaspace: 6303K(6528K)->6303K(6528K) NonClass: 5770K(5888K)->5770K(5888K) Class: 533K(640K)->533K(640K)
[0.406s][info][gc             ] GC(21) Pause Young (Allocation Failure) 41M->41M(59M) 12.430ms
[0.406s][info][gc,cpu         ] GC(21) User=0.00s Sys=0.00s Real=0.01s
[0.406s][info][gc,start       ] GC(22) Pause Full (Ergonomics)
[0.406s][info][gc,phases,start] GC(22) Marking Phase
[0.423s][info][gc,phases      ] GC(22) Marking Phase 17.305ms
[0.423s][info][gc,phases,start] GC(22) Summary Phase
[0.423s][info][gc,phases      ] GC(22) Summary Phase 0.015ms
[0.423s][info][gc,phases,start] GC(22) Adjust Roots
[0.423s][info][gc,phases      ] GC(22) Adjust Roots 0.165ms
[0.423s][info][gc,phases,start] GC(22) Compaction Phase
[0.436s][info][gc,phases      ] GC(22) Compaction Phase 12.457ms
[0.436s][info][gc,phases,start] GC(22) Post Compact
[0.436s][info][gc,phases      ] GC(22) Post Compact 0.219ms
[0.436s][info][gc,heap        ] GC(22) PSYoungGen: 8192K(20480K)->2044K(20480K) Eden: 0K(12288K)->0K(12288K) From: 8192K(8192K)->2044K(8192K)
[0.436s][info][gc,heap        ] GC(22) ParOldGen: 33817K(39936K)->39854K(54272K)
[0.436s][info][gc,metaspace   ] GC(22) Metaspace: 6303K(6528K)->6303K(6528K) NonClass: 5770K(5888K)->5770K(5888K) Class: 533K(640K)->533K(640K)
[0.436s][info][gc             ] GC(22) Pause Full (Ergonomics) 41M->40M(73M) 30.534ms
[0.436s][info][gc,cpu         ] GC(22) User=0.03s Sys=0.00s Real=0.03s
[0.452s][info][gc,start       ] GC(23) Pause Young (Allocation Failure)
[0.465s][info][gc,heap        ] GC(23) PSYoungGen: 14332K(20480K)->11744K(24064K) Eden: 12288K(12288K)->0K(12288K) From: 2044K(8192K)->11744K(11776K)
[0.465s][info][gc,heap        ] GC(23) ParOldGen: 39854K(54272K)->42486K(54272K)
[0.465s][info][gc,metaspace   ] GC(23) Metaspace: 6303K(6528K)->6303K(6528K) NonClass: 5770K(5888K)->5770K(5888K) Class: 533K(640K)->533K(640K)
[0.465s][info][gc             ] GC(23) Pause Young (Allocation Failure) 52M->52M(76M) 13.005ms
[0.465s][info][gc,cpu         ] GC(23) User=0.02s Sys=0.00s Real=0.01s
[0.477s][info][gc,start       ] GC(24) Pause Young (Allocation Failure)
[0.492s][info][gc,heap        ] GC(24) PSYoungGen: 24032K(24064K)->12320K(26624K) Eden: 12288K(12288K)->0K(12288K) From: 11744K(11776K)->12320K(14336K)
[0.492s][info][gc,heap        ] GC(24) ParOldGen: 42486K(54272K)->54374K(54784K)
[0.492s][info][gc,metaspace   ] GC(24) Metaspace: 6303K(6528K)->6303K(6528K) NonClass: 5770K(5888K)->5770K(5888K) Class: 533K(640K)->533K(640K)
[0.492s][info][gc             ] GC(24) Pause Young (Allocation Failure) 64M->65M(79M) 15.704ms
[0.492s][info][gc,cpu         ] GC(24) User=0.00s Sys=0.00s Real=0.02s
[0.492s][info][gc,start       ] GC(25) Pause Full (Ergonomics)
[0.493s][info][gc,phases,start] GC(25) Marking Phase
[0.518s][info][gc,phases      ] GC(25) Marking Phase 25.875ms
[0.518s][info][gc,phases,start] GC(25) Summary Phase
[0.518s][info][gc,phases      ] GC(25) Summary Phase 0.015ms
[0.518s][info][gc,phases,start] GC(25) Adjust Roots
[0.519s][info][gc,phases      ] GC(25) Adjust Roots 0.156ms
[0.519s][info][gc,phases,start] GC(25) Compaction Phase
[0.539s][info][gc,phases      ] GC(25) Compaction Phase 20.354ms
[0.539s][info][gc,phases,start] GC(25) Post Compact
[0.539s][info][gc,phases      ] GC(25) Post Compact 0.244ms
[0.539s][info][gc,heap        ] GC(25) PSYoungGen: 12320K(26624K)->10723K(26624K) Eden: 0K(12288K)->0K(12288K) From: 12320K(14336K)->10723K(14336K)
[0.539s][info][gc,heap        ] GC(25) ParOldGen: 54374K(54784K)->54670K(73728K)
[0.539s][info][gc,metaspace   ] GC(25) Metaspace: 6303K(6528K)->6303K(6528K) NonClass: 5770K(5888K)->5770K(5888K) Class: 533K(640K)->533K(640K)
[0.539s][info][gc             ] GC(25) Pause Full (Ergonomics) 65M->63M(98M) 46.993ms
[0.540s][info][gc,cpu         ] GC(25) User=0.03s Sys=0.00s Real=0.05s
[0.553s][info][gc,start       ] GC(26) Pause Young (Allocation Failure)
[0.572s][info][gc,heap        ] GC(26) PSYoungGen: 23011K(26624K)->12320K(30208K) Eden: 12288K(12288K)->0K(13824K) From: 10723K(14336K)->12320K(16384K)
[0.572s][info][gc,heap        ] GC(26) ParOldGen: 54670K(73728K)->65574K(73728K)
[0.572s][info][gc,metaspace   ] GC(26) Metaspace: 6303K(6528K)->6303K(6528K) NonClass: 5770K(5888K)->5770K(5888K) Class: 533K(640K)->533K(640K)
[0.572s][info][gc             ] GC(26) Pause Young (Allocation Failure) 75M->76M(101M) 19.499ms
[0.572s][info][gc,cpu         ] GC(26) User=0.02s Sys=0.02s Real=0.02s
[0.572s][info][gc,start       ] GC(27) Pause Full (Ergonomics)
[0.572s][info][gc,phases,start] GC(27) Marking Phase
[0.602s][info][gc,phases      ] GC(27) Marking Phase 29.919ms
[0.602s][info][gc,phases,start] GC(27) Summary Phase
[0.602s][info][gc,phases      ] GC(27) Summary Phase 0.020ms
[0.602s][info][gc,phases,start] GC(27) Adjust Roots
[0.602s][info][gc,phases      ] GC(27) Adjust Roots 0.191ms
[0.603s][info][gc,phases,start] GC(27) Compaction Phase
[0.621s][info][gc,phases      ] GC(27) Compaction Phase 18.628ms
[0.621s][info][gc,phases,start] GC(27) Post Compact
[0.622s][info][gc,phases      ] GC(27) Post Compact 0.414ms
[0.622s][info][gc,heap        ] GC(27) PSYoungGen: 12320K(30208K)->4082K(30208K) Eden: 0K(13824K)->0K(13824K) From: 12320K(16384K)->4082K(16384K)
[0.622s][info][gc,heap        ] GC(27) ParOldGen: 65574K(73728K)->73569K(96256K)
[0.622s][info][gc,metaspace   ] GC(27) Metaspace: 6303K(6528K)->6303K(6528K) NonClass: 5770K(5888K)->5770K(5888K) Class: 533K(640K)->533K(640K)
[0.622s][info][gc             ] GC(27) Pause Full (Ergonomics) 76M->75M(123M) 49.602ms
[0.622s][info][gc,cpu         ] GC(27) User=0.06s Sys=0.00s Real=0.05s
[0.633s][info][gc,start       ] GC(28) Pause Young (Allocation Failure)
[0.647s][info][gc,heap        ] GC(28) PSYoungGen: 15390K(30208K)->15232K(31232K) Eden: 11307K(13824K)->0K(13824K) From: 4082K(16384K)->15232K(17408K)
[0.647s][info][gc,heap        ] GC(28) ParOldGen: 73569K(96256K)->73569K(96256K)
[0.647s][info][gc,metaspace   ] GC(28) Metaspace: 6303K(6528K)->6303K(6528K) NonClass: 5770K(5888K)->5770K(5888K) Class: 533K(640K)->533K(640K)
[0.647s][info][gc             ] GC(28) Pause Young (Allocation Failure) 86M->86M(124M) 14.347ms
[0.647s][info][gc,cpu         ] GC(28) User=0.00s Sys=0.00s Real=0.02s
[0.669s][info][gc,start       ] GC(29) Pause Young (Allocation Failure)
[0.690s][info][gc,heap        ] GC(29) PSYoungGen: 29056K(31232K)->19424K(29184K) Eden: 13824K(13824K)->0K(9728K) From: 15232K(17408K)->19424K(19456K)
[0.690s][info][gc,heap        ] GC(29) ParOldGen: 73569K(96256K)->83297K(96256K)
[0.690s][info][gc,metaspace   ] GC(29) Metaspace: 6303K(6528K)->6303K(6528K) NonClass: 5770K(5888K)->5770K(5888K) Class: 533K(640K)->533K(640K)
[0.690s][info][gc             ] GC(29) Pause Young (Allocation Failure) 100M->100M(122M) 21.110ms
[0.690s][info][gc,cpu         ] GC(29) User=0.02s Sys=0.02s Real=0.02s
[0.698s][info][gc,start       ] GC(30) Pause Young (Allocation Failure)
[0.715s][info][gc,heap        ] GC(30) PSYoungGen: 29152K(29184K)->18592K(35840K) Eden: 9728K(9728K)->0K(9728K) From: 19424K(19456K)->18592K(26112K)
[0.715s][info][gc,heap        ] GC(30) ParOldGen: 83297K(96256K)->94041K(96256K)
[0.715s][info][gc,metaspace   ] GC(30) Metaspace: 6303K(6528K)->6303K(6528K) NonClass: 5770K(5888K)->5770K(5888K) Class: 533K(640K)->533K(640K)
[0.715s][info][gc             ] GC(30) Pause Young (Allocation Failure) 109M->109M(129M) 16.534ms
[0.715s][info][gc,cpu         ] GC(30) User=0.02s Sys=0.00s Real=0.02s
[0.715s][info][gc,start       ] GC(31) Pause Full (Ergonomics)
[0.715s][info][gc,phases,start] GC(31) Marking Phase
[0.745s][info][gc,phases      ] GC(31) Marking Phase 30.180ms
[0.745s][info][gc,phases,start] GC(31) Summary Phase
[0.745s][info][gc,phases      ] GC(31) Summary Phase 0.016ms
[0.745s][info][gc,phases,start] GC(31) Adjust Roots
[0.746s][info][gc,phases      ] GC(31) Adjust Roots 0.192ms
[0.746s][info][gc,phases,start] GC(31) Compaction Phase
[0.771s][info][gc,phases      ] GC(31) Compaction Phase 25.819ms
[0.771s][info][gc,phases,start] GC(31) Post Compact
[0.772s][info][gc,phases      ] GC(31) Post Compact 0.422ms
[0.772s][info][gc,heap        ] GC(31) PSYoungGen: 18592K(35840K)->14237K(35840K) Eden: 0K(9728K)->0K(9728K) From: 18592K(26112K)->14237K(26112K)
[0.772s][info][gc,heap        ] GC(31) ParOldGen: 94041K(96256K)->95943K(123392K)
[0.772s][info][gc,metaspace   ] GC(31) Metaspace: 6303K(6528K)->6303K(6528K) NonClass: 5770K(5888K)->5770K(5888K) Class: 533K(640K)->533K(640K)
[0.772s][info][gc             ] GC(31) Pause Full (Ergonomics) 109M->107M(155M) 57.022ms
[0.772s][info][gc,cpu         ] GC(31) User=0.09s Sys=0.00s Real=0.06s
[0.782s][info][gc,start       ] GC(32) Pause Young (Allocation Failure)
[0.800s][info][gc,heap        ] GC(32) PSYoungGen: 23965K(35840K)->19360K(38400K) Eden: 9728K(9728K)->0K(10240K) From: 14237K(26112K)->19360K(28160K)
[0.800s][info][gc,heap        ] GC(32) ParOldGen: 95943K(123392K)->100695K(123392K)
[0.800s][info][gc,metaspace   ] GC(32) Metaspace: 6303K(6528K)->6303K(6528K) NonClass: 5770K(5888K)->5770K(5888K) Class: 533K(640K)->533K(640K)
[0.800s][info][gc             ] GC(32) Pause Young (Allocation Failure) 117M->117M(158M) 17.942ms
[0.800s][info][gc,cpu         ] GC(32) User=0.03s Sys=0.00s Real=0.02s
[0.810s][info][gc,start       ] GC(33) Pause Young (Allocation Failure)
[0.824s][info][gc,heap        ] GC(33) PSYoungGen: 29600K(38400K)->29568K(39936K) Eden: 10240K(10240K)->0K(10240K) From: 19360K(28160K)->29568K(29696K)
[0.824s][info][gc,heap        ] GC(33) ParOldGen: 100695K(123392K)->100695K(123392K)
[0.824s][info][gc,metaspace   ] GC(33) Metaspace: 6303K(6528K)->6303K(6528K) NonClass: 5770K(5888K)->5770K(5888K) Class: 533K(640K)->533K(640K)
[0.824s][info][gc             ] GC(33) Pause Young (Allocation Failure) 127M->127M(159M) 14.383ms
[0.824s][info][gc,cpu         ] GC(33) User=0.00s Sys=0.00s Real=0.02s
[0.834s][info][gc,start       ] GC(34) Pause Young (Allocation Failure)
[0.855s][info][gc,heap        ] GC(34) PSYoungGen: 39808K(39936K)->30208K(42496K) Eden: 10240K(10240K)->0K(8192K) From: 29568K(29696K)->30208K(34304K)
[0.855s][info][gc,heap        ] GC(34) ParOldGen: 100695K(123392K)->110423K(123392K)
[0.855s][info][gc,metaspace   ] GC(34) Metaspace: 6303K(6528K)->6303K(6528K) NonClass: 5770K(5888K)->5770K(5888K) Class: 533K(640K)->533K(640K)
[0.855s][info][gc             ] GC(34) Pause Young (Allocation Failure) 137M->137M(162M) 20.555ms
[0.855s][info][gc,cpu         ] GC(34) User=0.05s Sys=0.00s Real=0.02s
[0.855s][info][gc,start       ] GC(35) Pause Full (Ergonomics)
[0.855s][info][gc,phases,start] GC(35) Marking Phase
[0.893s][info][gc,phases      ] GC(35) Marking Phase 38.414ms
[0.893s][info][gc,phases,start] GC(35) Summary Phase
[0.893s][info][gc,phases      ] GC(35) Summary Phase 0.016ms
[0.893s][info][gc,phases,start] GC(35) Adjust Roots
[0.893s][info][gc,phases      ] GC(35) Adjust Roots 0.151ms
[0.893s][info][gc,phases,start] GC(35) Compaction Phase
[0.916s][info][gc,phases      ] GC(35) Compaction Phase 22.061ms
[0.916s][info][gc,phases,start] GC(35) Post Compact
[0.916s][info][gc,phases      ] GC(35) Post Compact 0.618ms
[0.916s][info][gc,heap        ] GC(35) PSYoungGen: 30208K(42496K)->17332K(42496K) Eden: 0K(8192K)->0K(8192K) From: 30208K(34304K)->17332K(34304K)
[0.916s][info][gc,heap        ] GC(35) ParOldGen: 110423K(123392K)->122956K(151552K)
[0.916s][info][gc,metaspace   ] GC(35) Metaspace: 6303K(6528K)->6303K(6528K) NonClass: 5770K(5888K)->5770K(5888K) Class: 533K(640K)->533K(640K)
[0.916s][info][gc             ] GC(35) Pause Full (Ergonomics) 137M->137M(189M) 61.694ms
[0.917s][info][gc,cpu         ] GC(35) User=0.12s Sys=0.00s Real=0.06s
[0.924s][info][gc,start       ] GC(36) Pause Young (Allocation Failure)
[0.942s][info][gc,heap        ] GC(36) PSYoungGen: 25524K(42496K)->19456K(46592K) Eden: 8192K(8192K)->0K(8192K) From: 17332K(34304K)->19456K(38400K)
[0.942s][info][gc,heap        ] GC(36) ParOldGen: 122956K(151552K)->129252K(151552K)
[0.942s][info][gc,metaspace   ] GC(36) Metaspace: 6303K(6528K)->6303K(6528K) NonClass: 5770K(5888K)->5770K(5888K) Class: 533K(640K)->533K(640K)
[0.942s][info][gc             ] GC(36) Pause Young (Allocation Failure) 145M->145M(193M) 18.415ms
[0.942s][info][gc,cpu         ] GC(36) User=0.02s Sys=0.03s Real=0.02s
[0.950s][info][gc,start       ] GC(37) Pause Young (Allocation Failure)
[0.964s][info][gc,heap        ] GC(37) PSYoungGen: 27648K(46592K)->21664K(47616K) Eden: 8192K(8192K)->0K(9728K) From: 19456K(38400K)->21664K(37888K)
[0.964s][info][gc,heap        ] GC(37) ParOldGen: 129252K(151552K)->135260K(151552K)
[0.964s][info][gc,metaspace   ] GC(37) Metaspace: 6303K(6528K)->6303K(6528K) NonClass: 5770K(5888K)->5770K(5888K) Class: 533K(640K)->533K(640K)
[0.964s][info][gc             ] GC(37) Pause Young (Allocation Failure) 153M->153M(194M) 13.448ms
[0.964s][info][gc,cpu         ] GC(37) User=0.02s Sys=0.00s Real=0.01s
[0.973s][info][gc,start       ] GC(38) Pause Young (Allocation Failure)
[0.987s][info][gc,heap        ] GC(38) PSYoungGen: 31392K(47616K)->26144K(47616K) Eden: 9728K(9728K)->0K(9728K) From: 21664K(37888K)->26144K(37888K)
[0.987s][info][gc,heap        ] GC(38) ParOldGen: 135260K(151552K)->140588K(151552K)
[0.987s][info][gc,metaspace   ] GC(38) Metaspace: 6303K(6528K)->6303K(6528K) NonClass: 5770K(5888K)->5770K(5888K) Class: 533K(640K)->533K(640K)
[0.987s][info][gc             ] GC(38) Pause Young (Allocation Failure) 162M->162M(194M) 14.379ms
[0.987s][info][gc,cpu         ] GC(38) User=0.00s Sys=0.00s Real=0.01s
[0.987s][info][gc,start       ] GC(39) Pause Full (Ergonomics)
[0.987s][info][gc,phases,start] GC(39) Marking Phase
[1.033s][info][gc,phases      ] GC(39) Marking Phase 45.515ms
[1.033s][info][gc,phases,start] GC(39) Summary Phase
[1.033s][info][gc,phases      ] GC(39) Summary Phase 0.017ms
[1.033s][info][gc,phases,start] GC(39) Adjust Roots
[1.033s][info][gc,phases      ] GC(39) Adjust Roots 0.146ms
[1.033s][info][gc,phases,start] GC(39) Compaction Phase
[1.053s][info][gc,phases      ] GC(39) Compaction Phase 19.890ms
[1.053s][info][gc,phases,start] GC(39) Post Compact
[1.054s][info][gc,phases      ] GC(39) Post Compact 0.771ms
[1.054s][info][gc,heap        ] GC(39) PSYoungGen: 26144K(47616K)->14777K(47616K) Eden: 0K(9728K)->0K(9728K) From: 26144K(37888K)->14777K(37888K)
[1.054s][info][gc,heap        ] GC(39) ParOldGen: 140588K(151552K)->151531K(180736K)
[1.054s][info][gc,metaspace   ] GC(39) Metaspace: 6303K(6528K)->6303K(6528K) NonClass: 5770K(5888K)->5770K(5888K) Class: 533K(640K)->533K(640K)
[1.054s][info][gc             ] GC(39) Pause Full (Ergonomics) 162M->162M(223M) 66.764ms
[1.054s][info][gc,cpu         ] GC(39) User=0.17s Sys=0.02s Real=0.07s
[1.064s][info][gc,start       ] GC(40) Pause Young (Allocation Failure)
[1.083s][info][gc,heap        ] GC(40) PSYoungGen: 24505K(47616K)->15072K(46080K) Eden: 9728K(9728K)->0K(11264K) From: 14777K(37888K)->15072K(34816K)
[1.083s][info][gc,heap        ] GC(40) ParOldGen: 151531K(180736K)->161203K(180736K)
[1.083s][info][gc,metaspace   ] GC(40) Metaspace: 6303K(6528K)->6303K(6528K) NonClass: 5770K(5888K)->5770K(5888K) Class: 533K(640K)->533K(640K)
[1.083s][info][gc             ] GC(40) Pause Young (Allocation Failure) 171M->172M(221M) 18.828ms
[1.083s][info][gc,cpu         ] GC(40) User=0.16s Sys=0.00s Real=0.02s
[1.114s][info][gc,start       ] GC(41) Pause Young (Allocation Failure)
[1.133s][info][gc,heap        ] GC(41) PSYoungGen: 26336K(46080K)->21024K(48640K) Eden: 11264K(11264K)->0K(11264K) From: 15072K(34816K)->21024K(37376K)
[1.133s][info][gc,heap        ] GC(41) ParOldGen: 161203K(180736K)->166563K(180736K)
[1.133s][info][gc,metaspace   ] GC(41) Metaspace: 6303K(6528K)->6303K(6528K) NonClass: 5770K(5888K)->5770K(5888K) Class: 533K(640K)->533K(640K)
[1.133s][info][gc             ] GC(41) Pause Young (Allocation Failure) 183M->183M(224M) 18.797ms
[1.133s][info][gc,cpu         ] GC(41) User=0.02s Sys=0.00s Real=0.02s
[1.144s][info][gc,start       ] GC(42) Pause Young (Allocation Failure)
[1.161s][info][gc,heap        ] GC(42) PSYoungGen: 32288K(48640K)->22592K(50176K) Eden: 11264K(11264K)->0K(13312K) From: 21024K(37376K)->22592K(36864K)
[1.161s][info][gc,heap        ] GC(42) ParOldGen: 166563K(180736K)->176435K(180736K)
[1.161s][info][gc,metaspace   ] GC(42) Metaspace: 6303K(6528K)->6303K(6528K) NonClass: 5770K(5888K)->5770K(5888K) Class: 533K(640K)->533K(640K)
[1.161s][info][gc             ] GC(42) Pause Young (Allocation Failure) 194M->194M(225M) 16.958ms
[1.161s][info][gc,cpu         ] GC(42) User=0.02s Sys=0.00s Real=0.02s
[1.161s][info][gc,start       ] GC(43) Pause Full (Ergonomics)
[1.161s][info][gc,phases,start] GC(43) Marking Phase
[1.209s][info][gc,phases      ] GC(43) Marking Phase 48.350ms
[1.209s][info][gc,phases,start] GC(43) Summary Phase
[1.209s][info][gc,phases      ] GC(43) Summary Phase 0.017ms
[1.209s][info][gc,phases,start] GC(43) Adjust Roots
[1.209s][info][gc,phases      ] GC(43) Adjust Roots 0.153ms
[1.209s][info][gc,phases,start] GC(43) Compaction Phase
[1.248s][info][gc,phases      ] GC(43) Compaction Phase 38.321ms
[1.248s][info][gc,phases,start] GC(43) Post Compact
[1.249s][info][gc,phases      ] GC(43) Post Compact 0.847ms
[1.249s][info][gc,heap        ] GC(43) PSYoungGen: 22592K(50176K)->18908K(50176K) Eden: 0K(13312K)->0K(13312K) From: 22592K(36864K)->18908K(36864K)
[1.249s][info][gc,heap        ] GC(43) ParOldGen: 176435K(180736K)->175485K(207872K)
[1.249s][info][gc,metaspace   ] GC(43) Metaspace: 6303K(6528K)->6303K(6528K) NonClass: 5770K(5888K)->5770K(5888K) Class: 533K(640K)->533K(640K)
[1.249s][info][gc             ] GC(43) Pause Full (Ergonomics) 194M->189M(252M) 88.135ms
[1.249s][info][gc,cpu         ] GC(43) User=0.25s Sys=0.00s Real=0.09s
[1.264s][info][gc,start       ] GC(44) Pause Young (Allocation Failure)
[1.288s][info][gc,heap        ] GC(44) PSYoungGen: 32220K(50176K)->21824K(50176K) Eden: 13312K(13312K)->0K(13312K) From: 18908K(36864K)->21824K(36864K)
[1.289s][info][gc,heap        ] GC(44) ParOldGen: 175485K(207872K)->186077K(207872K)
[1.289s][info][gc,metaspace   ] GC(44) Metaspace: 6303K(6528K)->6303K(6528K) NonClass: 5770K(5888K)->5770K(5888K) Class: 533K(640K)->533K(640K)
[1.289s][info][gc             ] GC(44) Pause Young (Allocation Failure) 202M->203M(252M) 25.041ms
[1.289s][info][gc,cpu         ] GC(44) User=0.05s Sys=0.00s Real=0.03s
[1.302s][info][gc,start       ] GC(45) Pause Young (Allocation Failure)
[1.320s][info][gc,heap        ] GC(45) PSYoungGen: 35136K(50176K)->35104K(48128K) Eden: 13312K(13312K)->0K(11264K) From: 21824K(36864K)->35104K(36864K)
[1.320s][info][gc,heap        ] GC(45) ParOldGen: 186077K(207872K)->186077K(207872K)
[1.320s][info][gc,metaspace   ] GC(45) Metaspace: 6303K(6528K)->6303K(6528K) NonClass: 5770K(5888K)->5770K(5888K) Class: 533K(640K)->533K(640K)
[1.320s][info][gc             ] GC(45) Pause Young (Allocation Failure) 216M->215M(250M) 17.479ms
[1.320s][info][gc,cpu         ] GC(45) User=0.03s Sys=0.02s Real=0.02s
[1.332s][info][gc,start       ] GC(46) Pause Young (Allocation Failure)
[1.354s][info][gc,heap        ] GC(46) PSYoungGen: 46368K(48128K)->38016K(52224K) Eden: 11264K(11264K)->0K(11264K) From: 35104K(36864K)->38016K(40960K)
[1.354s][info][gc,heap        ] GC(46) ParOldGen: 186077K(207872K)->194589K(207872K)
[1.354s][info][gc,metaspace   ] GC(46) Metaspace: 6303K(6528K)->6303K(6528K) NonClass: 5770K(5888K)->5770K(5888K) Class: 533K(640K)->533K(640K)
[1.354s][info][gc             ] GC(46) Pause Young (Allocation Failure) 226M->227M(254M) 21.712ms
[1.354s][info][gc,cpu         ] GC(46) User=0.05s Sys=0.00s Real=0.02s
[1.354s][info][gc,start       ] GC(47) Pause Full (Ergonomics)
[1.354s][info][gc,phases,start] GC(47) Marking Phase
[1.407s][info][gc,phases      ] GC(47) Marking Phase 52.891ms
[1.407s][info][gc,phases,start] GC(47) Summary Phase
[1.407s][info][gc,phases      ] GC(47) Summary Phase 0.017ms
[1.407s][info][gc,phases,start] GC(47) Adjust Roots
[1.407s][info][gc,phases      ] GC(47) Adjust Roots 0.153ms
[1.407s][info][gc,phases,start] GC(47) Compaction Phase
[1.444s][info][gc,phases      ] GC(47) Compaction Phase 37.467ms
[1.444s][info][gc,phases,start] GC(47) Post Compact
[1.445s][info][gc,phases      ] GC(47) Post Compact 0.978ms
[1.446s][info][gc,heap        ] GC(47) PSYoungGen: 38016K(52224K)->24508K(52224K) Eden: 0K(11264K)->0K(11264K) From: 38016K(40960K)->24508K(40960K)
[1.446s][info][gc,heap        ] GC(47) ParOldGen: 194589K(207872K)->207679K(242176K)
[1.446s][info][gc,metaspace   ] GC(47) Metaspace: 6303K(6528K)->6303K(6528K) NonClass: 5770K(5888K)->5770K(5888K) Class: 533K(640K)->533K(640K)
[1.446s][info][gc             ] GC(47) Pause Full (Ergonomics) 227M->226M(287M) 91.960ms
[1.446s][info][gc,cpu         ] GC(47) User=0.39s Sys=0.00s Real=0.09s
[1.460s][info][gc,start       ] GC(48) Pause Young (Allocation Failure)
[1.485s][info][gc,heap        ] GC(48) PSYoungGen: 35772K(52224K)->26976K(56832K) Eden: 11264K(11264K)->0K(12800K) From: 24508K(40960K)->26976K(44032K)
[1.485s][info][gc,heap        ] GC(48) ParOldGen: 207679K(242176K)->216775K(242176K)
[1.485s][info][gc,metaspace   ] GC(48) Metaspace: 6303K(6528K)->6303K(6528K) NonClass: 5770K(5888K)->5770K(5888K) Class: 533K(640K)->533K(640K)
[1.485s][info][gc             ] GC(48) Pause Young (Allocation Failure) 237M->238M(292M) 25.451ms
[1.486s][info][gc,cpu         ] GC(48) User=0.05s Sys=0.00s Real=0.02s
[1.499s][info][gc,start       ] GC(49) Pause Young (Allocation Failure)
[1.518s][info][gc,heap        ] GC(49) PSYoungGen: 39776K(56832K)->39712K(57856K) Eden: 12800K(12800K)->0K(12800K) From: 26976K(44032K)->39712K(45056K)
[1.518s][info][gc,heap        ] GC(49) ParOldGen: 216775K(242176K)->216775K(242176K)
[1.518s][info][gc,metaspace   ] GC(49) Metaspace: 6303K(6528K)->6303K(6528K) NonClass: 5770K(5888K)->5770K(5888K) Class: 533K(640K)->533K(640K)
[1.518s][info][gc             ] GC(49) Pause Young (Allocation Failure) 250M->250M(293M) 18.700ms
[1.518s][info][gc,cpu         ] GC(49) User=0.11s Sys=0.00s Real=0.02s
[1.532s][info][gc,start       ] GC(50) Pause Young (Allocation Failure)
[1.557s][info][gc,heap        ] GC(50) PSYoungGen: 52512K(57856K)->44160K(59904K) Eden: 12800K(12800K)->0K(10240K) From: 39712K(45056K)->44160K(49664K)
[1.557s][info][gc,heap        ] GC(50) ParOldGen: 216775K(242176K)->225255K(242176K)
[1.557s][info][gc,metaspace   ] GC(50) Metaspace: 6303K(6528K)->6303K(6528K) NonClass: 5770K(5888K)->5770K(5888K) Class: 533K(640K)->533K(640K)
[1.557s][info][gc             ] GC(50) Pause Young (Allocation Failure) 262M->263M(295M) 24.654ms
[1.557s][info][gc,cpu         ] GC(50) User=0.12s Sys=0.00s Real=0.03s
[1.568s][info][gc,start       ] GC(51) Pause Young (Allocation Failure)
[1.593s][info][gc,heap        ] GC(51) PSYoungGen: 54400K(59904K)->47200K(64512K) Eden: 10240K(10240K)->0K(10240K) From: 44160K(49664K)->47200K(54272K)
[1.593s][info][gc,heap        ] GC(51) ParOldGen: 225255K(242176K)->232623K(242176K)
[1.593s][info][gc,metaspace   ] GC(51) Metaspace: 6303K(6528K)->6303K(6528K) NonClass: 5770K(5888K)->5770K(5888K) Class: 533K(640K)->533K(640K)
[1.593s][info][gc             ] GC(51) Pause Young (Allocation Failure) 273M->273M(299M) 24.366ms
[1.593s][info][gc,cpu         ] GC(51) User=0.11s Sys=0.00s Real=0.02s
[1.593s][info][gc,start       ] GC(52) Pause Full (Ergonomics)
[1.593s][info][gc,phases,start] GC(52) Marking Phase
[1.659s][info][gc,phases      ] GC(52) Marking Phase 66.588ms
[1.660s][info][gc,phases,start] GC(52) Summary Phase
[1.660s][info][gc,phases      ] GC(52) Summary Phase 0.025ms
[1.660s][info][gc,phases,start] GC(52) Adjust Roots
[1.660s][info][gc,phases      ] GC(52) Adjust Roots 0.149ms
[1.660s][info][gc,phases,start] GC(52) Compaction Phase
[1.693s][info][gc,phases      ] GC(52) Compaction Phase 33.679ms
[1.693s][info][gc,phases,start] GC(52) Post Compact
[1.695s][info][gc,phases      ] GC(52) Post Compact 1.519ms
[1.695s][info][gc,heap        ] GC(52) PSYoungGen: 47200K(64512K)->37267K(64512K) Eden: 0K(10240K)->0K(10240K) From: 47200K(54272K)->37267K(54272K)
[1.695s][info][gc,heap        ] GC(52) ParOldGen: 232623K(242176K)->241897K(278016K)
[1.695s][info][gc,metaspace   ] GC(52) Metaspace: 6303K(6528K)->6303K(6528K) NonClass: 5770K(5888K)->5770K(5888K) Class: 533K(640K)->533K(640K)
[1.695s][info][gc             ] GC(52) Pause Full (Ergonomics) 273M->272M(334M) 102.418ms
[1.695s][info][gc,cpu         ] GC(52) User=0.55s Sys=0.00s Real=0.10s
[1.707s][info][gc,start       ] GC(53) Pause Young (Allocation Failure)
[1.736s][info][gc,heap        ] GC(53) PSYoungGen: 47507K(64512K)->29120K(66048K) Eden: 10240K(10240K)->0K(11776K) From: 37267K(54272K)->29120K(54272K)
[1.736s][info][gc,heap        ] GC(53) ParOldGen: 241897K(278016K)->260713K(278016K)
[1.736s][info][gc,metaspace   ] GC(53) Metaspace: 6303K(6528K)->6303K(6528K) NonClass: 5770K(5888K)->5770K(5888K) Class: 533K(640K)->533K(640K)
[1.736s][info][gc             ] GC(53) Pause Young (Allocation Failure) 282M->283M(336M) 29.265ms
[1.736s][info][gc,cpu         ] GC(53) User=0.12s Sys=0.00s Real=0.03s
[1.736s][info][gc,start       ] GC(54) Pause Full (Ergonomics)
[1.736s][info][gc,phases,start] GC(54) Marking Phase
[1.798s][info][gc,phases      ] GC(54) Marking Phase 61.833ms
[1.798s][info][gc,phases,start] GC(54) Summary Phase
[1.798s][info][gc,phases      ] GC(54) Summary Phase 0.030ms
[1.798s][info][gc,phases,start] GC(54) Adjust Roots
[1.798s][info][gc,phases      ] GC(54) Adjust Roots 0.156ms
[1.798s][info][gc,phases,start] GC(54) Compaction Phase
[1.827s][info][gc,phases      ] GC(54) Compaction Phase 28.564ms
[1.827s][info][gc,phases,start] GC(54) Post Compact
[1.828s][info][gc,phases      ] GC(54) Post Compact 1.249ms
[1.829s][info][gc,heap        ] GC(54) PSYoungGen: 29120K(66048K)->11563K(67584K) Eden: 0K(11776K)->0K(13312K) From: 29120K(54272K)->11563K(54272K)
[1.829s][info][gc,heap        ] GC(54) ParOldGen: 260713K(278016K)->277811K(320512K)
[1.829s][info][gc,metaspace   ] GC(54) Metaspace: 6303K(6528K)->6303K(6528K) NonClass: 5770K(5888K)->5770K(5888K) Class: 533K(640K)->533K(640K)
[1.829s][info][gc             ] GC(54) Pause Full (Ergonomics) 283M->282M(379M) 92.394ms
[1.829s][info][gc,cpu         ] GC(54) User=0.52s Sys=0.02s Real=0.09s
[1.844s][info][gc,start       ] GC(55) Pause Young (Allocation Failure)
[1.867s][info][gc,heap        ] GC(55) PSYoungGen: 24875K(67584K)->21056K(70144K) Eden: 13312K(13312K)->0K(13312K) From: 11563K(54272K)->21056K(56832K)
[1.867s][info][gc,heap        ] GC(55) ParOldGen: 277811K(320512K)->281859K(320512K)
[1.867s][info][gc,metaspace   ] GC(55) Metaspace: 6303K(6528K)->6303K(6528K) NonClass: 5770K(5888K)->5770K(5888K) Class: 533K(640K)->533K(640K)
[1.867s][info][gc             ] GC(55) Pause Young (Allocation Failure) 295M->295M(381M) 23.233ms
[1.867s][info][gc,cpu         ] GC(55) User=0.14s Sys=0.00s Real=0.02s
[1.882s][info][gc,start       ] GC(56) Pause Young (Allocation Failure)
[1.899s][info][gc,heap        ] GC(56) PSYoungGen: 34368K(70144K)->34400K(68608K) Eden: 13312K(13312K)->0K(14848K) From: 21056K(56832K)->34400K(53760K)
[1.899s][info][gc,heap        ] GC(56) ParOldGen: 281859K(320512K)->281859K(320512K)
[1.899s][info][gc,metaspace   ] GC(56) Metaspace: 6303K(6528K)->6303K(6528K) NonClass: 5770K(5888K)->5770K(5888K) Class: 533K(640K)->533K(640K)
[1.899s][info][gc             ] GC(56) Pause Young (Allocation Failure) 308M->308M(380M) 16.983ms
[1.899s][info][gc,cpu         ] GC(56) User=0.03s Sys=0.00s Real=0.02s
[1.916s][info][gc,start       ] GC(57) Pause Young (Allocation Failure)
[1.938s][info][gc,heap        ] GC(57) PSYoungGen: 49248K(68608K)->49216K(69632K) Eden: 14848K(14848K)->0K(14848K) From: 34400K(53760K)->49216K(54784K)
[1.938s][info][gc,heap        ] GC(57) ParOldGen: 281859K(320512K)->281859K(320512K)
[1.938s][info][gc,metaspace   ] GC(57) Metaspace: 6303K(6528K)->6303K(6528K) NonClass: 5770K(5888K)->5770K(5888K) Class: 533K(640K)->533K(640K)
[1.938s][info][gc             ] GC(57) Pause Young (Allocation Failure) 323M->323M(381M) 22.220ms
[1.938s][info][gc,cpu         ] GC(57) User=0.12s Sys=0.00s Real=0.02s
[1.954s][info][gc,start       ] GC(58) Pause Young (Allocation Failure)
[1.984s][info][gc,heap        ] GC(58) PSYoungGen: 64064K(69632K)->59904K(67072K) Eden: 14848K(14848K)->0K(7168K) From: 49216K(54784K)->59904K(59904K)
[1.984s][info][gc,heap        ] GC(58) ParOldGen: 281859K(320512K)->285963K(320512K)
[1.984s][info][gc,metaspace   ] GC(58) Metaspace: 6303K(6528K)->6303K(6528K) NonClass: 5770K(5888K)->5770K(5888K) Class: 533K(640K)->533K(640K)
[1.984s][info][gc             ] GC(58) Pause Young (Allocation Failure) 337M->337M(378M) 29.657ms
[1.984s][info][gc,cpu         ] GC(58) User=0.25s Sys=0.00s Real=0.03s
[1.992s][info][gc,start       ] GC(59) Pause Young (Allocation Failure)
[2.021s][info][gc,heap        ] GC(59) PSYoungGen: 67072K(67072K)->60256K(76800K) Eden: 7168K(7168K)->0K(7168K) From: 59904K(59904K)->60256K(69632K)
[2.021s][info][gc,heap        ] GC(59) ParOldGen: 285963K(320512K)->292971K(320512K)
[2.021s][info][gc,metaspace   ] GC(59) Metaspace: 6303K(6528K)->6303K(6528K) NonClass: 5770K(5888K)->5770K(5888K) Class: 533K(640K)->533K(640K)
[2.021s][info][gc             ] GC(59) Pause Young (Allocation Failure) 344M->344M(388M) 28.768ms
[2.021s][info][gc,cpu         ] GC(59) User=0.11s Sys=0.03s Real=0.03s
[2.106s][info][gc,start       ] GC(60) Pause Full (Ergonomics)
[2.106s][info][gc,phases,start] GC(60) Marking Phase
[2.191s][info][gc,phases      ] GC(60) Marking Phase 84.794ms
[2.191s][info][gc,phases,start] GC(60) Summary Phase
[2.191s][info][gc,phases      ] GC(60) Summary Phase 0.027ms
[2.191s][info][gc,phases,start] GC(60) Adjust Roots
[2.191s][info][gc,phases      ] GC(60) Adjust Roots 0.149ms
[2.191s][info][gc,phases,start] GC(60) Compaction Phase
[2.259s][info][gc,phases      ] GC(60) Compaction Phase 67.824ms
[2.259s][info][gc,phases,start] GC(60) Post Compact
[2.261s][info][gc,phases      ] GC(60) Post Compact 2.014ms
[2.262s][info][gc,heap        ] GC(60) PSYoungGen: 67424K(76800K)->47751K(76800K) Eden: 7168K(7168K)->0K(7168K) From: 60256K(69632K)->47751K(69632K)
[2.262s][info][gc,heap        ] GC(60) ParOldGen: 309356K(320512K)->320289K(363008K)
[2.262s][info][gc,metaspace   ] GC(60) Metaspace: 6303K(6528K)->6303K(6528K) NonClass: 5770K(5888K)->5770K(5888K) Class: 533K(640K)->533K(640K)
[2.262s][info][gc             ] GC(60) Pause Full (Ergonomics) 367M->359M(429M) 155.358ms
[2.262s][info][gc,cpu         ] GC(60) User=0.89s Sys=0.02s Real=0.15s
[2.270s][info][gc,start       ] GC(61) Pause Young (Allocation Failure)
[2.307s][info][gc,heap        ] GC(61) PSYoungGen: 54919K(76800K)->35168K(76288K) Eden: 7168K(7168K)->0K(8192K) From: 47751K(69632K)->35168K(68096K)
[2.307s][info][gc,heap        ] GC(61) ParOldGen: 320289K(363008K)->340457K(363008K)
[2.307s][info][gc,metaspace   ] GC(61) Metaspace: 6303K(6528K)->6303K(6528K) NonClass: 5770K(5888K)->5770K(5888K) Class: 533K(640K)->533K(640K)
[2.307s][info][gc             ] GC(61) Pause Young (Allocation Failure) 366M->366M(429M) 37.116ms
[2.308s][info][gc,cpu         ] GC(61) User=0.25s Sys=0.00s Real=0.04s
[2.316s][info][gc,start       ] GC(62) Pause Young (Allocation Failure)
[2.336s][info][gc,heap        ] GC(62) PSYoungGen: 43360K(76288K)->31744K(39936K) Eden: 8192K(8192K)->0K(8192K) From: 35168K(68096K)->31744K(31744K)
[2.336s][info][gc,heap        ] GC(62) ParOldGen: 340457K(363008K)->352217K(363008K)
[2.336s][info][gc,metaspace   ] GC(62) Metaspace: 6303K(6528K)->6303K(6528K) NonClass: 5770K(5888K)->5770K(5888K) Class: 533K(640K)->533K(640K)
[2.336s][info][gc             ] GC(62) Pause Young (Allocation Failure) 374M->374M(393M) 20.351ms
[2.336s][info][gc,cpu         ] GC(62) User=0.11s Sys=0.02s Real=0.02s
[2.336s][info][gc,start       ] GC(63) Pause Full (Ergonomics)
[2.336s][info][gc,phases,start] GC(63) Marking Phase
[2.416s][info][gc,phases      ] GC(63) Marking Phase 79.766ms
[2.416s][info][gc,phases,start] GC(63) Summary Phase
[2.416s][info][gc,phases      ] GC(63) Summary Phase 0.019ms
[2.416s][info][gc,phases,start] GC(63) Adjust Roots
[2.416s][info][gc,phases      ] GC(63) Adjust Roots 0.152ms
[2.416s][info][gc,phases,start] GC(63) Compaction Phase
[2.457s][info][gc,phases      ] GC(63) Compaction Phase 41.248ms
[2.457s][info][gc,phases,start] GC(63) Post Compact
[2.459s][info][gc,phases      ] GC(63) Post Compact 1.926ms
[2.460s][info][gc,heap        ] GC(63) PSYoungGen: 31744K(39936K)->20351K(39936K) Eden: 0K(8192K)->0K(8192K) From: 31744K(31744K)->20351K(31744K)
[2.460s][info][gc,heap        ] GC(63) ParOldGen: 352217K(363008K)->362988K(413696K)
[2.460s][info][gc,metaspace   ] GC(63) Metaspace: 6303K(6528K)->6303K(6528K) NonClass: 5770K(5888K)->5770K(5888K) Class: 533K(640K)->533K(640K)
[2.460s][info][gc             ] GC(63) Pause Full (Ergonomics) 374M->374M(443M) 123.649ms
[2.460s][info][gc,cpu         ] GC(63) User=0.66s Sys=0.02s Real=0.12s
[2.470s][info][gc,start       ] GC(64) Pause Young (Allocation Failure)
[2.498s][info][gc,heap        ] GC(64) PSYoungGen: 28543K(39936K)->18432K(77824K) Eden: 8192K(8192K)->0K(9216K) From: 20351K(31744K)->18432K(68608K)
[2.498s][info][gc,heap        ] GC(64) ParOldGen: 362988K(413696K)->373372K(413696K)
[2.498s][info][gc,metaspace   ] GC(64) Metaspace: 6303K(6528K)->6303K(6528K) NonClass: 5770K(5888K)->5770K(5888K) Class: 533K(640K)->533K(640K)
[2.498s][info][gc             ] GC(64) Pause Young (Allocation Failure) 382M->382M(480M) 27.797ms
[2.498s][info][gc,cpu         ] GC(64) User=0.23s Sys=0.02s Real=0.03s
[2.507s][info][gc,start       ] GC(65) Pause Young (Allocation Failure)
[2.520s][info][gc,heap        ] GC(65) PSYoungGen: 27648K(77824K)->27680K(37376K) Eden: 9216K(9216K)->0K(9216K) From: 18432K(68608K)->27680K(28160K)
[2.520s][info][gc,heap        ] GC(65) ParOldGen: 373372K(413696K)->373372K(413696K)
[2.520s][info][gc,metaspace   ] GC(65) Metaspace: 6303K(6528K)->6303K(6528K) NonClass: 5770K(5888K)->5770K(5888K) Class: 533K(640K)->533K(640K)
[2.520s][info][gc             ] GC(65) Pause Young (Allocation Failure) 391M->391M(440M) 13.894ms
[2.520s][info][gc,cpu         ] GC(65) User=0.02s Sys=0.00s Real=0.01s
[2.530s][info][gc,start       ] GC(66) Pause Young (Allocation Failure)
[2.548s][info][gc,heap        ] GC(66) PSYoungGen: 36896K(37376K)->32288K(71680K) Eden: 9216K(9216K)->0K(10752K) From: 27680K(28160K)->32288K(60928K)
[2.548s][info][gc,heap        ] GC(66) ParOldGen: 373372K(413696K)->378020K(413696K)
[2.548s][info][gc,metaspace   ] GC(66) Metaspace: 6303K(6528K)->6303K(6528K) NonClass: 5770K(5888K)->5770K(5888K) Class: 533K(640K)->533K(640K)
[2.548s][info][gc             ] GC(66) Pause Young (Allocation Failure) 400M->400M(474M) 17.401ms
[2.548s][info][gc,cpu         ] GC(66) User=0.12s Sys=0.00s Real=0.02s
[2.559s][info][gc,start       ] GC(67) Pause Young (Allocation Failure)
[2.579s][info][gc,heap        ] GC(67) PSYoungGen: 43040K(71680K)->37440K(74240K) Eden: 10752K(10752K)->0K(10752K) From: 32288K(60928K)->37440K(63488K)
[2.579s][info][gc,heap        ] GC(67) ParOldGen: 378020K(413696K)->383692K(413696K)
[2.579s][info][gc,metaspace   ] GC(67) Metaspace: 6303K(6528K)->6303K(6528K) NonClass: 5770K(5888K)->5770K(5888K) Class: 533K(640K)->533K(640K)
[2.579s][info][gc             ] GC(67) Pause Young (Allocation Failure) 411M->411M(476M) 20.415ms
[2.579s][info][gc,cpu         ] GC(67) User=0.11s Sys=0.02s Real=0.02s
[2.590s][info][gc,start       ] GC(68) Pause Young (Allocation Failure)
[2.614s][info][gc,heap        ] GC(68) PSYoungGen: 48192K(74240K)->40064K(73216K) Eden: 10752K(10752K)->0K(12288K) From: 37440K(63488K)->40064K(60928K)
[2.614s][info][gc,heap        ] GC(68) ParOldGen: 383692K(413696K)->391996K(413696K)
[2.614s][info][gc,metaspace   ] GC(68) Metaspace: 6303K(6528K)->6303K(6528K) NonClass: 5770K(5888K)->5770K(5888K) Class: 533K(640K)->533K(640K)
[2.614s][info][gc             ] GC(68) Pause Young (Allocation Failure) 421M->421M(475M) 23.545ms
[2.614s][info][gc,cpu         ] GC(68) User=0.12s Sys=0.00s Real=0.02s
[2.626s][info][gc,start       ] GC(69) Pause Young (Allocation Failure)
[2.651s][info][gc,heap        ] GC(69) PSYoungGen: 52352K(73216K)->33856K(46592K) Eden: 12288K(12288K)->0K(12288K) From: 40064K(60928K)->33856K(34304K)
[2.651s][info][gc,heap        ] GC(69) ParOldGen: 391996K(413696K)->410660K(413696K)
[2.651s][info][gc,metaspace   ] GC(69) Metaspace: 6303K(6528K)->6303K(6528K) NonClass: 5770K(5888K)->5770K(5888K) Class: 533K(640K)->533K(640K)
[2.651s][info][gc             ] GC(69) Pause Young (Allocation Failure) 433M->434M(449M) 25.109ms
[2.651s][info][gc,cpu         ] GC(69) User=0.25s Sys=0.00s Real=0.03s
[2.652s][info][gc,start       ] GC(70) Pause Full (Ergonomics)
[2.652s][info][gc,phases,start] GC(70) Marking Phase
[2.748s][info][gc,phases      ] GC(70) Marking Phase 96.752ms
[2.748s][info][gc,phases,start] GC(70) Summary Phase
[2.748s][info][gc,phases      ] GC(70) Summary Phase 0.020ms
[2.748s][info][gc,phases,start] GC(70) Adjust Roots
[2.749s][info][gc,phases      ] GC(70) Adjust Roots 0.153ms
[2.749s][info][gc,phases,start] GC(70) Compaction Phase
[2.803s][info][gc,phases      ] GC(70) Compaction Phase 54.315ms
[2.803s][info][gc,phases,start] GC(70) Post Compact
[2.805s][info][gc,phases      ] GC(70) Post Compact 2.111ms
[2.805s][info][gc,heap        ] GC(70) PSYoungGen: 33856K(46592K)->30122K(46592K) Eden: 0K(12288K)->0K(12288K) From: 33856K(34304K)->30122K(34304K)
[2.805s][info][gc,heap        ] GC(70) ParOldGen: 410660K(413696K)->413452K(467456K)
[2.805s][info][gc,metaspace   ] GC(70) Metaspace: 6303K(6528K)->6303K(6528K) NonClass: 5770K(5888K)->5770K(5888K) Class: 533K(640K)->533K(640K)
[2.805s][info][gc             ] GC(70) Pause Full (Ergonomics) 434M->433M(502M) 153.875ms
[2.805s][info][gc,cpu         ] GC(70) User=0.98s Sys=0.02s Real=0.15s
[2.819s][info][gc,start       ] GC(71) Pause Young (Allocation Failure)
[2.854s][info][gc,heap        ] GC(71) PSYoungGen: 42410K(46592K)->23584K(71168K) Eden: 12288K(12288K)->0K(13824K) From: 30122K(34304K)->23584K(57344K)
[2.854s][info][gc,heap        ] GC(71) ParOldGen: 413452K(467456K)->432716K(467456K)
[2.854s][info][gc,metaspace   ] GC(71) Metaspace: 6303K(6528K)->6303K(6528K) NonClass: 5770K(5888K)->5770K(5888K) Class: 533K(640K)->533K(640K)
[2.854s][info][gc             ] GC(71) Pause Young (Allocation Failure) 445M->445M(526M) 35.542ms
[2.854s][info][gc,cpu         ] GC(71) User=0.25s Sys=0.00s Real=0.04s
[2.869s][info][gc,start       ] GC(72) Pause Young (Allocation Failure)
[2.888s][info][gc,heap        ] GC(72) PSYoungGen: 37408K(71168K)->26208K(72192K) Eden: 13824K(13824K)->0K(13824K) From: 23584K(57344K)->26208K(58368K)
[2.888s][info][gc,heap        ] GC(72) ParOldGen: 432716K(467456K)->444044K(467456K)
[2.888s][info][gc,metaspace   ] GC(72) Metaspace: 6303K(6528K)->6303K(6528K) NonClass: 5770K(5888K)->5770K(5888K) Class: 533K(640K)->533K(640K)
[2.888s][info][gc             ] GC(72) Pause Young (Allocation Failure) 459M->459M(527M) 19.371ms
[2.888s][info][gc,cpu         ] GC(72) User=0.11s Sys=0.02s Real=0.02s
[2.903s][info][gc,start       ] GC(73) Pause Young (Allocation Failure)
[2.923s][info][gc,heap        ] GC(73) PSYoungGen: 40032K(72192K)->27744K(69632K) Eden: 13824K(13824K)->0K(15872K) From: 26208K(58368K)->27744K(53760K)
[2.924s][info][gc,heap        ] GC(73) ParOldGen: 444044K(467456K)->456508K(467456K)
[2.924s][info][gc,metaspace   ] GC(73) Metaspace: 6303K(6528K)->6303K(6528K) NonClass: 5770K(5888K)->5770K(5888K) Class: 533K(640K)->533K(640K)
[2.924s][info][gc             ] GC(73) Pause Young (Allocation Failure) 472M->472M(524M) 20.217ms
[2.924s][info][gc,cpu         ] GC(73) User=0.08s Sys=0.05s Real=0.02s
[2.924s][info][gc,start       ] GC(74) Pause Full (Ergonomics)
[2.924s][info][gc,phases,start] GC(74) Marking Phase
[3.029s][info][gc,phases      ] GC(74) Marking Phase 105.312ms
[3.029s][info][gc,phases,start] GC(74) Summary Phase
[3.029s][info][gc,phases      ] GC(74) Summary Phase 0.020ms
[3.029s][info][gc,phases,start] GC(74) Adjust Roots
[3.029s][info][gc,phases      ] GC(74) Adjust Roots 0.151ms
[3.029s][info][gc,phases,start] GC(74) Compaction Phase
[3.077s][info][gc,phases      ] GC(74) Compaction Phase 47.616ms
[3.077s][info][gc,phases,start] GC(74) Post Compact
[3.079s][info][gc,phases      ] GC(74) Post Compact 2.314ms
[3.080s][info][gc,heap        ] GC(74) PSYoungGen: 27744K(69632K)->16342K(71168K) Eden: 0K(15872K)->0K(17408K) From: 27744K(53760K)->16342K(53760K)
[3.080s][info][gc,heap        ] GC(74) ParOldGen: 456508K(467456K)->467072K(527360K)
[3.080s][info][gc,metaspace   ] GC(74) Metaspace: 6303K(6528K)->6303K(6528K) NonClass: 5770K(5888K)->5770K(5888K) Class: 533K(640K)->533K(640K)
[3.080s][info][gc             ] GC(74) Pause Full (Ergonomics) 472M->472M(584M) 155.963ms
[3.080s][info][gc,cpu         ] GC(74) User=1.03s Sys=0.00s Real=0.16s
[3.101s][info][gc,start       ] GC(75) Pause Young (Allocation Failure)
[3.139s][info][gc,heap        ] GC(75) PSYoungGen: 33750K(71168K)->25664K(72704K) Eden: 17408K(17408K)->0K(17408K) From: 16342K(53760K)->25664K(55296K)
[3.139s][info][gc,heap        ] GC(75) ParOldGen: 467072K(527360K)->475464K(527360K)
[3.139s][info][gc,metaspace   ] GC(75) Metaspace: 6303K(6528K)->6303K(6528K) NonClass: 5770K(5888K)->5770K(5888K) Class: 533K(640K)->533K(640K)
[3.139s][info][gc             ] GC(75) Pause Young (Allocation Failure) 489M->489M(586M) 37.523ms
[3.139s][info][gc,cpu         ] GC(75) User=0.16s Sys=0.00s Real=0.04s
[3.158s][info][gc,start       ] GC(76) Pause Young (Allocation Failure)
[3.180s][info][gc,heap        ] GC(76) PSYoungGen: 43072K(72704K)->43040K(71680K) Eden: 17408K(17408K)->0K(17408K) From: 25664K(55296K)->43040K(54272K)
[3.180s][info][gc,heap        ] GC(76) ParOldGen: 475464K(527360K)->475464K(527360K)
[3.180s][info][gc,metaspace   ] GC(76) Metaspace: 6303K(6528K)->6303K(6528K) NonClass: 5770K(5888K)->5770K(5888K) Class: 533K(640K)->533K(640K)
[3.180s][info][gc             ] GC(76) Pause Young (Allocation Failure) 506M->506M(585M) 22.194ms
[3.180s][info][gc,cpu         ] GC(76) User=0.25s Sys=0.00s Real=0.02s
[3.199s][info][gc,start       ] GC(77) Pause Young (Allocation Failure)
[3.228s][info][gc,heap        ] GC(77) PSYoungGen: 60448K(71680K)->56320K(73728K) Eden: 17408K(17408K)->0K(17408K) From: 43040K(54272K)->56320K(56320K)
[3.228s][info][gc,heap        ] GC(77) ParOldGen: 475464K(527360K)->479568K(527360K)
[3.228s][info][gc,metaspace   ] GC(77) Metaspace: 6303K(6528K)->6303K(6528K) NonClass: 5770K(5888K)->5770K(5888K) Class: 533K(640K)->533K(640K)
[3.228s][info][gc             ] GC(77) Pause Young (Allocation Failure) 523M->523M(587M) 29.320ms
[3.228s][info][gc,cpu         ] GC(77) User=0.14s Sys=0.00s Real=0.03s
[3.249s][info][gc,start       ] GC(78) Pause Young (Allocation Failure)
[3.285s][info][gc,heap        ] GC(78) PSYoungGen: 73728K(73728K)->49728K(80896K) Eden: 17408K(17408K)->0K(16896K) From: 56320K(56320K)->49728K(64000K)
[3.285s][info][gc,heap        ] GC(78) ParOldGen: 479568K(527360K)->503984K(527360K)
[3.285s][info][gc,metaspace   ] GC(78) Metaspace: 6303K(6528K)->6303K(6528K) NonClass: 5770K(5888K)->5770K(5888K) Class: 533K(640K)->533K(640K)
[3.285s][info][gc             ] GC(78) Pause Young (Allocation Failure) 540M->540M(594M) 36.400ms
[3.285s][info][gc,cpu         ] GC(78) User=0.25s Sys=0.02s Real=0.04s
[3.285s][info][gc,start       ] GC(79) Pause Full (Ergonomics)
[3.285s][info][gc,phases,start] GC(79) Marking Phase
[3.413s][info][gc,phases      ] GC(79) Marking Phase 128.045ms
[3.413s][info][gc,phases,start] GC(79) Summary Phase
[3.413s][info][gc,phases      ] GC(79) Summary Phase 0.028ms
[3.413s][info][gc,phases,start] GC(79) Adjust Roots
[3.414s][info][gc,phases      ] GC(79) Adjust Roots 0.151ms
[3.414s][info][gc,phases,start] GC(79) Compaction Phase
[3.470s][info][gc,phases      ] GC(79) Compaction Phase 55.817ms
[3.470s][info][gc,phases,start] GC(79) Post Compact
[3.472s][info][gc,phases      ] GC(79) Post Compact 2.737ms
[3.473s][info][gc,heap        ] GC(79) PSYoungGen: 49728K(80896K)->26002K(80896K) Eden: 0K(16896K)->0K(16896K) From: 49728K(64000K)->26002K(64000K)
[3.473s][info][gc,heap        ] GC(79) ParOldGen: 503984K(527360K)->526914K(593920K)
[3.473s][info][gc,metaspace   ] GC(79) Metaspace: 6303K(6528K)->6303K(6528K) NonClass: 5770K(5888K)->5770K(5888K) Class: 533K(640K)->533K(640K)
[3.473s][info][gc             ] GC(79) Pause Full (Ergonomics) 540M->539M(659M) 187.389ms
[3.473s][info][gc,cpu         ] GC(79) User=1.16s Sys=0.00s Real=0.19s
[3.493s][info][gc,start       ] GC(80) Pause Young (Allocation Failure)
[3.535s][info][gc,heap        ] GC(80) PSYoungGen: 42898K(80896K)->35776K(52736K) Eden: 16896K(16896K)->0K(16896K) From: 26002K(64000K)->35776K(35840K)
[3.535s][info][gc,heap        ] GC(80) ParOldGen: 526914K(593920K)->534386K(593920K)
[3.535s][info][gc,metaspace   ] GC(80) Metaspace: 6303K(6528K)->6303K(6528K) NonClass: 5770K(5888K)->5770K(5888K) Class: 533K(640K)->533K(640K)
[3.536s][info][gc             ] GC(80) Pause Young (Allocation Failure) 556M->556M(631M) 42.416ms
[3.536s][info][gc,cpu         ] GC(80) User=0.23s Sys=0.02s Real=0.04s
[3.555s][info][gc,start       ] GC(81) Pause Young (Allocation Failure)
[3.581s][info][gc,heap        ] GC(81) PSYoungGen: 52672K(52736K)->52640K(79872K) Eden: 16896K(16896K)->0K(15872K) From: 35776K(35840K)->52640K(64000K)
[3.581s][info][gc,heap        ] GC(81) ParOldGen: 534386K(593920K)->534386K(593920K)
[3.581s][info][gc,metaspace   ] GC(81) Metaspace: 6303K(6528K)->6303K(6528K) NonClass: 5770K(5888K)->5770K(5888K) Class: 533K(640K)->533K(640K)
[3.581s][info][gc             ] GC(81) Pause Young (Allocation Failure) 573M->573M(658M) 26.333ms
[3.581s][info][gc,cpu         ] GC(81) User=0.12s Sys=0.00s Real=0.03s
[3.598s][info][gc,start       ] GC(82) Pause Young (Allocation Failure)
[3.633s][info][gc,heap        ] GC(82) PSYoungGen: 68512K(79872K)->59392K(82944K) Eden: 15872K(15872K)->0K(15872K) From: 52640K(64000K)->59392K(67072K)
[3.633s][info][gc,heap        ] GC(82) ParOldGen: 534386K(593920K)->543674K(593920K)
[3.633s][info][gc,metaspace   ] GC(82) Metaspace: 6303K(6528K)->6303K(6528K) NonClass: 5770K(5888K)->5770K(5888K) Class: 533K(640K)->533K(640K)
[3.633s][info][gc             ] GC(82) Pause Young (Allocation Failure) 588M->588M(661M) 34.852ms
[3.633s][info][gc,cpu         ] GC(82) User=0.17s Sys=0.00s Real=0.04s
[3.652s][info][gc,start       ] GC(83) Pause Young (Allocation Failure)
[3.691s][info][gc,heap        ] GC(83) PSYoungGen: 75264K(82944K)->65696K(83968K) Eden: 15872K(15872K)->0K(11776K) From: 59392K(67072K)->65696K(72192K)
[3.691s][info][gc,heap        ] GC(83) ParOldGen: 543674K(593920K)->553314K(593920K)
[3.691s][info][gc,metaspace   ] GC(83) Metaspace: 6303K(6528K)->6303K(6528K) NonClass: 5770K(5888K)->5770K(5888K) Class: 533K(640K)->533K(640K)
[3.691s][info][gc             ] GC(83) Pause Young (Allocation Failure) 604M->604M(662M) 39.724ms
[3.691s][info][gc,cpu         ] GC(83) User=0.22s Sys=0.02s Real=0.04s
[3.706s][info][gc,start       ] GC(84) Pause Young (Allocation Failure)
[3.745s][info][gc,heap        ] GC(84) PSYoungGen: 77472K(83968K)->43648K(55808K) Eden: 11776K(11776K)->0K(11776K) From: 65696K(72192K)->43648K(44032K)
[3.745s][info][gc,heap        ] GC(84) ParOldGen: 553314K(593920K)->587538K(593920K)
[3.745s][info][gc,metaspace   ] GC(84) Metaspace: 6303K(6528K)->6303K(6528K) NonClass: 5770K(5888K)->5770K(5888K) Class: 533K(640K)->533K(640K)
[3.745s][info][gc             ] GC(84) Pause Young (Allocation Failure) 616M->616M(634M) 38.983ms
[3.745s][info][gc,cpu         ] GC(84) User=0.23s Sys=0.02s Real=0.04s
[3.745s][info][gc,start       ] GC(85) Pause Full (Ergonomics)
[3.745s][info][gc,phases,start] GC(85) Marking Phase
[3.891s][info][gc,phases      ] GC(85) Marking Phase 145.853ms
[3.891s][info][gc,phases,start] GC(85) Summary Phase
[3.891s][info][gc,phases      ] GC(85) Summary Phase 0.021ms
[3.891s][info][gc,phases,start] GC(85) Adjust Roots
[3.891s][info][gc,phases      ] GC(85) Adjust Roots 0.153ms
[3.891s][info][gc,phases,start] GC(85) Compaction Phase
[3.955s][info][gc,phases      ] GC(85) Compaction Phase 63.466ms
[3.955s][info][gc,phases,start] GC(85) Post Compact
[3.956s][info][gc,phases      ] GC(85) Post Compact 1.070ms
[3.956s][info][gc,heap        ] GC(85) PSYoungGen: 43648K(55808K)->36272K(55808K) Eden: 0K(11776K)->0K(11776K) From: 43648K(44032K)->36272K(44032K)
[3.956s][info][gc,heap        ] GC(85) ParOldGen: 587538K(593920K)->593803K(669184K)
[3.956s][info][gc,metaspace   ] GC(85) Metaspace: 6303K(6528K)->6303K(6528K) NonClass: 5770K(5888K)->5770K(5888K) Class: 533K(640K)->533K(640K)
[3.956s][info][gc             ] GC(85) Pause Full (Ergonomics) 616M->615M(708M) 211.149ms
[3.956s][info][gc,cpu         ] GC(85) User=1.62s Sys=0.00s Real=0.21s
[3.971s][info][gc,start       ] GC(86) Pause Young (Allocation Failure)
[4.017s][info][gc,heap        ] GC(86) PSYoungGen: 48048K(55808K)->20800K(88576K) Eden: 11776K(11776K)->0K(13312K) From: 36272K(44032K)->20800K(75264K)
[4.017s][info][gc,heap        ] GC(86) ParOldGen: 593803K(669184K)->621603K(669184K)
[4.017s][info][gc,metaspace   ] GC(86) Metaspace: 6303K(6528K)->6303K(6528K) NonClass: 5770K(5888K)->5770K(5888K) Class: 533K(640K)->533K(640K)
[4.017s][info][gc             ] GC(86) Pause Young (Allocation Failure) 626M->627M(740M) 46.505ms
[4.017s][info][gc,cpu         ] GC(86) User=0.23s Sys=0.02s Real=0.05s
[4.033s][info][gc,start       ] GC(87) Pause Young (Allocation Failure)
[4.053s][info][gc,heap        ] GC(87) PSYoungGen: 34112K(88576K)->25184K(89088K) Eden: 13312K(13312K)->0K(13312K) From: 20800K(75264K)->25184K(75776K)
[4.053s][info][gc,heap        ] GC(87) ParOldGen: 621603K(669184K)->630659K(669184K)
[4.053s][info][gc,metaspace   ] GC(87) Metaspace: 6303K(6528K)->6303K(6528K) NonClass: 5770K(5888K)->5770K(5888K) Class: 533K(640K)->533K(640K)
[4.053s][info][gc             ] GC(87) Pause Young (Allocation Failure) 640M->640M(740M) 19.828ms
[4.053s][info][gc,cpu         ] GC(87) User=0.12s Sys=0.00s Real=0.02s
[4.068s][info][gc,start       ] GC(88) Pause Young (Allocation Failure)
[4.089s][info][gc,heap        ] GC(88) PSYoungGen: 38496K(89088K)->26720K(87040K) Eden: 13312K(13312K)->0K(15360K) From: 25184K(75776K)->26720K(71680K)
[4.089s][info][gc,heap        ] GC(88) ParOldGen: 630659K(669184K)->642595K(669184K)
[4.089s][info][gc,metaspace   ] GC(88) Metaspace: 6303K(6528K)->6303K(6528K) NonClass: 5770K(5888K)->5770K(5888K) Class: 533K(640K)->533K(640K)
[4.089s][info][gc             ] GC(88) Pause Young (Allocation Failure) 653M->653M(738M) 21.002ms
[4.089s][info][gc,cpu         ] GC(88) User=0.12s Sys=0.00s Real=0.02s
[4.089s][info][gc,start       ] GC(89) Pause Full (Ergonomics)
[4.089s][info][gc,phases,start] GC(89) Marking Phase
[4.239s][info][gc,phases      ] GC(89) Marking Phase 149.115ms
[4.239s][info][gc,phases,start] GC(89) Summary Phase
[4.239s][info][gc,phases      ] GC(89) Summary Phase 0.026ms
[4.239s][info][gc,phases,start] GC(89) Adjust Roots
[4.239s][info][gc,phases      ] GC(89) Adjust Roots 0.151ms
[4.239s][info][gc,phases,start] GC(89) Compaction Phase
[4.292s][info][gc,phases      ] GC(89) Compaction Phase 52.647ms
[4.292s][info][gc,phases,start] GC(89) Post Compact
[4.293s][info][gc,phases      ] GC(89) Post Compact 1.328ms
[4.293s][info][gc,heap        ] GC(89) PSYoungGen: 26720K(87040K)->0K(88576K) Eden: 0K(15360K)->0K(15360K) From: 26720K(71680K)->0K(73216K)
[4.293s][info][gc,heap        ] GC(89) ParOldGen: 642595K(669184K)->668377K(750080K)
[4.293s][info][gc,metaspace   ] GC(89) Metaspace: 6303K(6528K)->6303K(6528K) NonClass: 5770K(5888K)->5770K(5888K) Class: 533K(640K)->533K(640K)
[4.293s][info][gc             ] GC(89) Pause Full (Ergonomics) 653M->652M(819M) 203.841ms
[4.293s][info][gc,cpu         ] GC(89) User=1.50s Sys=0.02s Real=0.20s
[4.313s][info][gc,start       ] GC(90) Pause Young (Allocation Failure)
[4.323s][info][gc,heap        ] GC(90) PSYoungGen: 15360K(88576K)->15520K(90112K) Eden: 15360K(15360K)->0K(16896K) From: 0K(73216K)->15520K(73216K)
[4.323s][info][gc,heap        ] GC(90) ParOldGen: 668377K(750080K)->668377K(750080K)
[4.324s][info][gc,metaspace   ] GC(90) Metaspace: 6303K(6528K)->6303K(6528K) NonClass: 5770K(5888K)->5770K(5888K) Class: 533K(640K)->533K(640K)
[4.324s][info][gc             ] GC(90) Pause Young (Allocation Failure) 667M->667M(820M) 10.647ms
[4.324s][info][gc,cpu         ] GC(90) User=0.02s Sys=0.00s Real=0.01s
[4.347s][info][gc,start       ] GC(91) Pause Young (Allocation Failure)
[4.365s][info][gc,heap        ] GC(91) PSYoungGen: 32416K(90112K)->32384K(49664K) Eden: 16896K(16896K)->0K(16896K) From: 15520K(73216K)->32384K(32768K)
[4.365s][info][gc,heap        ] GC(91) ParOldGen: 668377K(750080K)->668377K(750080K)
[4.365s][info][gc,metaspace   ] GC(91) Metaspace: 6303K(6528K)->6303K(6528K) NonClass: 5770K(5888K)->5770K(5888K) Class: 533K(640K)->533K(640K)
[4.365s][info][gc             ] GC(91) Pause Young (Allocation Failure) 684M->684M(781M) 17.875ms
[4.365s][info][gc,cpu         ] GC(91) User=0.03s Sys=0.00s Real=0.02s
[4.503s][info][gc,start       ] GC(92) Pause Young (Allocation Failure)
[4.541s][info][gc,heap        ] GC(92) PSYoungGen: 49280K(49664K)->49344K(88064K) Eden: 16896K(16896K)->0K(17408K) From: 32384K(32768K)->49344K(70656K)
[4.541s][info][gc,heap        ] GC(92) ParOldGen: 701145K(750080K)->701145K(750080K)
[4.541s][info][gc,metaspace   ] GC(92) Metaspace: 6303K(6528K)->6303K(6528K) NonClass: 5770K(5888K)->5770K(5888K) Class: 533K(640K)->533K(640K)
[4.541s][info][gc             ] GC(92) Pause Young (Allocation Failure) 732M->732M(818M) 37.639ms
[4.541s][info][gc,cpu         ] GC(92) User=0.17s Sys=0.00s Real=0.04s
[4.559s][info][gc,start       ] GC(93) Pause Young (Allocation Failure)
[4.590s][info][gc,heap        ] GC(93) PSYoungGen: 66752K(88064K)->66688K(89600K) Eden: 17408K(17408K)->0K(17408K) From: 49344K(70656K)->66688K(72192K)
[4.590s][info][gc,heap        ] GC(93) ParOldGen: 701145K(750080K)->701145K(750080K)
[4.590s][info][gc,metaspace   ] GC(93) Metaspace: 6303K(6528K)->6303K(6528K) NonClass: 5770K(5888K)->5770K(5888K) Class: 533K(640K)->533K(640K)
[4.590s][info][gc             ] GC(93) Pause Young (Allocation Failure) 749M->749M(820M) 30.914ms
[4.590s][info][gc,cpu         ] GC(93) User=0.09s Sys=0.00s Real=0.03s
[4.610s][info][gc,start       ] GC(94) Pause Young (Allocation Failure)
[4.648s][info][gc,heap        ] GC(94) PSYoungGen: 84096K(89600K)->79872K(87040K) Eden: 17408K(17408K)->0K(7168K) From: 66688K(72192K)->79872K(79872K)
[4.648s][info][gc,heap        ] GC(94) ParOldGen: 701145K(750080K)->705337K(750080K)
[4.648s][info][gc,metaspace   ] GC(94) Metaspace: 6303K(6528K)->6303K(6528K) NonClass: 5770K(5888K)->5770K(5888K) Class: 533K(640K)->533K(640K)
[4.648s][info][gc             ] GC(94) Pause Young (Allocation Failure) 766M->766M(817M) 38.064ms
[4.648s][info][gc,cpu         ] GC(94) User=0.17s Sys=0.02s Real=0.04s
[4.655s][info][gc,start       ] GC(95) Pause Young (Allocation Failure)
[4.693s][info][gc,heap        ] GC(95) PSYoungGen: 87040K(87040K)->71968K(99328K) Eden: 7168K(7168K)->0K(7168K) From: 79872K(79872K)->71968K(92160K)
[4.693s][info][gc,heap        ] GC(95) ParOldGen: 705337K(750080K)->720737K(750080K)
[4.693s][info][gc,metaspace   ] GC(95) Metaspace: 6303K(6528K)->6303K(6528K) NonClass: 5770K(5888K)->5770K(5888K) Class: 533K(640K)->533K(640K)
[4.693s][info][gc             ] GC(95) Pause Young (Allocation Failure) 773M->774M(829M) 37.942ms
[4.693s][info][gc,cpu         ] GC(95) User=0.25s Sys=0.02s Real=0.04s
[4.700s][info][gc,start       ] GC(96) Pause Young (Allocation Failure)
[4.737s][info][gc,heap        ] GC(96) PSYoungGen: 79136K(99328K)->47104K(95744K) Eden: 7168K(7168K)->0K(8192K) From: 71968K(92160K)->47104K(87552K)
[4.737s][info][gc,heap        ] GC(96) ParOldGen: 720737K(750080K)->753137K(753152K)
[4.737s][info][gc,metaspace   ] GC(96) Metaspace: 6303K(6528K)->6303K(6528K) NonClass: 5770K(5888K)->5770K(5888K) Class: 533K(640K)->533K(640K)
[4.737s][info][gc             ] GC(96) Pause Young (Allocation Failure) 781M->781M(829M) 36.669ms
[4.737s][info][gc,cpu         ] GC(96) User=0.19s Sys=0.08s Real=0.04s
[4.737s][info][gc,start       ] GC(97) Pause Full (Ergonomics)
[4.737s][info][gc,phases,start] GC(97) Marking Phase
[4.914s][info][gc,phases      ] GC(97) Marking Phase 176.423ms
[4.914s][info][gc,phases,start] GC(97) Summary Phase
[4.914s][info][gc,phases      ] GC(97) Summary Phase 0.024ms
[4.914s][info][gc,phases,start] GC(97) Adjust Roots
[4.914s][info][gc,phases      ] GC(97) Adjust Roots 0.166ms
[4.914s][info][gc,phases,start] GC(97) Compaction Phase
[5.048s][info][gc,phases      ] GC(97) Compaction Phase 133.756ms
[5.048s][info][gc,phases,start] GC(97) Post Compact
[5.049s][info][gc,phases      ] GC(97) Post Compact 1.646ms
[5.050s][info][gc,heap        ] GC(97) PSYoungGen: 47104K(95744K)->30025K(97280K) Eden: 0K(8192K)->0K(9728K) From: 47104K(87552K)->30025K(87552K)
[5.050s][info][gc,heap        ] GC(97) ParOldGen: 753137K(753152K)->752814K(843264K)
[5.050s][info][gc,metaspace   ] GC(97) Metaspace: 6303K(6528K)->6303K(6528K) NonClass: 5770K(5888K)->5770K(5888K) Class: 533K(640K)->533K(640K)
[5.050s][info][gc             ] GC(97) Pause Full (Ergonomics) 781M->764M(918M) 312.640ms
[5.050s][info][gc,cpu         ] GC(97) User=2.03s Sys=0.00s Real=0.31s
[5.062s][info][gc,start       ] GC(98) Pause Young (Allocation Failure)
[5.109s][info][gc,heap        ] GC(98) PSYoungGen: 39753K(97280K)->19008K(102400K) Eden: 9728K(9728K)->0K(9728K) From: 30025K(87552K)->19008K(92672K)
[5.109s][info][gc,heap        ] GC(98) ParOldGen: 752814K(843264K)->773998K(843264K)
[5.109s][info][gc,metaspace   ] GC(98) Metaspace: 6303K(6528K)->6303K(6528K) NonClass: 5770K(5888K)->5770K(5888K) Class: 533K(640K)->533K(640K)
[5.109s][info][gc             ] GC(98) Pause Young (Allocation Failure) 773M->774M(923M) 47.509ms
[5.109s][info][gc,cpu         ] GC(98) User=0.25s Sys=0.00s Real=0.05s
[5.119s][info][gc,start       ] GC(99) Pause Young (Allocation Failure)
[5.135s][info][gc,heap        ] GC(99) PSYoungGen: 28736K(102400K)->24608K(100864K) Eden: 9728K(9728K)->0K(11264K) From: 19008K(92672K)->24608K(89600K)
[5.135s][info][gc,heap        ] GC(99) ParOldGen: 773998K(843264K)->778230K(843264K)
[5.135s][info][gc,metaspace   ] GC(99) Metaspace: 6303K(6528K)->6303K(6528K) NonClass: 5770K(5888K)->5770K(5888K) Class: 533K(640K)->533K(640K)
[5.135s][info][gc             ] GC(99) Pause Young (Allocation Failure) 783M->784M(922M) 16.407ms
[5.135s][info][gc,cpu         ] GC(99) User=0.03s Sys=0.00s Real=0.02s
[5.147s][info][gc,start       ] GC(100) Pause Young (Allocation Failure)
[5.166s][info][gc,heap        ] GC(100) PSYoungGen: 35872K(100864K)->30848K(42496K) Eden: 11264K(11264K)->0K(11264K) From: 24608K(89600K)->30848K(31232K)
[5.166s][info][gc,heap        ] GC(100) ParOldGen: 778230K(843264K)->783310K(843264K)
[5.166s][info][gc,metaspace   ] GC(100) Metaspace: 6303K(6528K)->6303K(6528K) NonClass: 5770K(5888K)->5770K(5888K) Class: 533K(640K)->533K(640K)
[5.166s][info][gc             ] GC(100) Pause Young (Allocation Failure) 795M->795M(865M) 19.228ms
[5.166s][info][gc,cpu         ] GC(100) User=0.02s Sys=0.00s Real=0.02s
[5.177s][info][gc,start       ] GC(101) Pause Young (Allocation Failure)
[5.199s][info][gc,heap        ] GC(101) PSYoungGen: 42112K(42496K)->22656K(98304K) Eden: 11264K(11264K)->0K(12800K) From: 30848K(31232K)->22656K(85504K)
[5.199s][info][gc,heap        ] GC(101) ParOldGen: 783310K(843264K)->803006K(843264K)
[5.199s][info][gc,metaspace   ] GC(101) Metaspace: 6303K(6528K)->6303K(6528K) NonClass: 5770K(5888K)->5770K(5888K) Class: 533K(640K)->533K(640K)
[5.199s][info][gc             ] GC(101) Pause Young (Allocation Failure) 806M->806M(919M) 21.528ms
[5.199s][info][gc,cpu         ] GC(101) User=0.02s Sys=0.00s Real=0.02s
[5.213s][info][gc,start       ] GC(102) Pause Young (Allocation Failure)
[5.232s][info][gc,heap        ] GC(102) PSYoungGen: 35456K(98304K)->12928K(99840K) Eden: 12800K(12800K)->0K(12800K) From: 22656K(85504K)->12928K(87040K)
[5.232s][info][gc,heap        ] GC(102) ParOldGen: 803006K(843264K)->825814K(843264K)
[5.232s][info][gc,metaspace   ] GC(102) Metaspace: 6303K(6528K)->6303K(6528K) NonClass: 5770K(5888K)->5770K(5888K) Class: 533K(640K)->533K(640K)
[5.232s][info][gc             ] GC(102) Pause Young (Allocation Failure) 818M->819M(921M) 19.804ms
[5.232s][info][gc,cpu         ] GC(102) User=0.09s Sys=0.03s Real=0.02s
[5.232s][info][gc,start       ] GC(103) Pause Full (Ergonomics)
[5.232s][info][gc,phases,start] GC(103) Marking Phase
[5.418s][info][gc,phases      ] GC(103) Marking Phase 185.169ms
[5.418s][info][gc,phases,start] GC(103) Summary Phase
[5.418s][info][gc,phases      ] GC(103) Summary Phase 0.028ms
[5.418s][info][gc,phases,start] GC(103) Adjust Roots
[5.418s][info][gc,phases      ] GC(103) Adjust Roots 0.170ms
[5.418s][info][gc,phases,start] GC(103) Compaction Phase
[5.505s][info][gc,phases      ] GC(103) Compaction Phase 87.493ms
[5.505s][info][gc,phases,start] GC(103) Post Compact
[5.507s][info][gc,phases      ] GC(103) Post Compact 1.625ms
[5.508s][info][gc,heap        ] GC(103) PSYoungGen: 12928K(99840K)->0K(100864K) Eden: 0K(12800K)->0K(14336K) From: 12928K(87040K)->0K(86528K)
[5.508s][info][gc,heap        ] GC(103) ParOldGen: 825814K(843264K)->837476K(936960K)
[5.508s][info][gc,metaspace   ] GC(103) Metaspace: 6303K(6528K)->6303K(6528K) NonClass: 5770K(5888K)->5770K(5888K) Class: 533K(640K)->533K(640K)
[5.508s][info][gc             ] GC(103) Pause Full (Ergonomics) 819M->817M(1013M) 275.227ms
[5.508s][info][gc,cpu         ] GC(103) User=1.91s Sys=0.00s Real=0.27s
[5.524s][info][gc,start       ] GC(104) Pause Young (Allocation Failure)
[5.537s][info][gc,heap        ] GC(104) PSYoungGen: 14336K(100864K)->14464K(100864K) Eden: 14336K(14336K)->0K(14336K) From: 0K(86528K)->14464K(86528K)
[5.537s][info][gc,heap        ] GC(104) ParOldGen: 837476K(936960K)->837476K(936960K)
[5.537s][info][gc,metaspace   ] GC(104) Metaspace: 6303K(6528K)->6303K(6528K) NonClass: 5770K(5888K)->5770K(5888K) Class: 533K(640K)->533K(640K)
[5.537s][info][gc             ] GC(104) Pause Young (Allocation Failure) 831M->831M(1013M) 13.386ms
[5.537s][info][gc,cpu         ] GC(104) User=0.02s Sys=0.00s Real=0.01s
[5.553s][info][gc,start       ] GC(105) Pause Young (Allocation Failure)
[5.570s][info][gc,heap        ] GC(105) PSYoungGen: 28800K(100864K)->28768K(93184K) Eden: 14336K(14336K)->0K(15872K) From: 14464K(86528K)->28768K(77312K)
[5.570s][info][gc,heap        ] GC(105) ParOldGen: 837476K(936960K)->837476K(936960K)
[5.570s][info][gc,metaspace   ] GC(105) Metaspace: 6303K(6528K)->6303K(6528K) NonClass: 5770K(5888K)->5770K(5888K) Class: 533K(640K)->533K(640K)
[5.570s][info][gc             ] GC(105) Pause Young (Allocation Failure) 845M->845M(1006M) 17.074ms
[5.570s][info][gc,cpu         ] GC(105) User=0.03s Sys=0.00s Real=0.02s
[5.587s][info][gc,start       ] GC(106) Pause Young (Allocation Failure)
[5.610s][info][gc,heap        ] GC(106) PSYoungGen: 44640K(93184K)->44640K(97280K) Eden: 15872K(15872K)->0K(15872K) From: 28768K(77312K)->44640K(81408K)
[5.610s][info][gc,heap        ] GC(106) ParOldGen: 837476K(936960K)->837476K(936960K)
[5.610s][info][gc,metaspace   ] GC(106) Metaspace: 6303K(6528K)->6303K(6528K) NonClass: 5770K(5888K)->5770K(5888K) Class: 533K(640K)->533K(640K)
[5.610s][info][gc             ] GC(106) Pause Young (Allocation Failure) 861M->861M(1010M) 23.677ms
[5.610s][info][gc,cpu         ] GC(106) User=0.02s Sys=0.00s Real=0.03s
[5.626s][info][gc,start       ] GC(107) Pause Young (Allocation Failure)
[5.656s][info][gc,heap        ] GC(107) PSYoungGen: 60512K(97280K)->46240K(98304K) Eden: 15872K(15872K)->0K(17920K) From: 44640K(81408K)->46240K(80384K)
[5.656s][info][gc,heap        ] GC(107) ParOldGen: 837476K(936960K)->851996K(936960K)
[5.656s][info][gc,metaspace   ] GC(107) Metaspace: 6303K(6528K)->6303K(6528K) NonClass: 5770K(5888K)->5770K(5888K) Class: 533K(640K)->533K(640K)
[5.656s][info][gc             ] GC(107) Pause Young (Allocation Failure) 876M->877M(1011M) 29.713ms
[5.656s][info][gc,cpu         ] GC(107) User=0.14s Sys=0.00s Real=0.03s
[5.676s][info][gc,start       ] GC(108) Pause Young (Allocation Failure)
[5.707s][info][gc,heap        ] GC(108) PSYoungGen: 64160K(98304K)->49856K(98304K) Eden: 17920K(17920K)->0K(17920K) From: 46240K(80384K)->49856K(80384K)
[5.707s][info][gc,heap        ] GC(108) ParOldGen: 851996K(936960K)->866524K(936960K)
[5.707s][info][gc,metaspace   ] GC(108) Metaspace: 6303K(6528K)->6303K(6528K) NonClass: 5770K(5888K)->5770K(5888K) Class: 533K(640K)->533K(640K)
[5.707s][info][gc             ] GC(108) Pause Young (Allocation Failure) 894M->894M(1011M) 31.421ms
[5.707s][info][gc,cpu         ] GC(108) User=0.14s Sys=0.00s Real=0.03s
[5.726s][info][gc,start       ] GC(109) Pause Young (Allocation Failure)
[5.760s][info][gc,heap        ] GC(109) PSYoungGen: 67776K(98304K)->51840K(99840K) Eden: 17920K(17920K)->0K(18944K) From: 49856K(80384K)->51840K(80896K)
[5.760s][info][gc,heap        ] GC(109) ParOldGen: 866524K(936960K)->882612K(936960K)
[5.760s][info][gc,metaspace   ] GC(109) Metaspace: 6303K(6528K)->6303K(6528K) NonClass: 5770K(5888K)->5770K(5888K) Class: 533K(640K)->533K(640K)
[5.760s][info][gc             ] GC(109) Pause Young (Allocation Failure) 912M->912M(1012M) 33.228ms
[5.760s][info][gc,cpu         ] GC(109) User=0.14s Sys=0.00s Real=0.03s
[5.781s][info][gc,start       ] GC(110) Pause Young (Allocation Failure)
[5.815s][info][gc,heap        ] GC(110) PSYoungGen: 70784K(99840K)->37024K(56320K) Eden: 18944K(18944K)->0K(18944K) From: 51840K(80896K)->37024K(37376K)
[5.815s][info][gc,heap        ] GC(110) ParOldGen: 882612K(936960K)->916812K(936960K)
[5.815s][info][gc,metaspace   ] GC(110) Metaspace: 6303K(6528K)->6303K(6528K) NonClass: 5770K(5888K)->5770K(5888K) Class: 533K(640K)->533K(640K)
[5.815s][info][gc             ] GC(110) Pause Young (Allocation Failure) 931M->931M(970M) 34.855ms
[5.815s][info][gc,cpu         ] GC(110) User=0.23s Sys=0.02s Real=0.04s
[5.815s][info][gc,start       ] GC(111) Pause Full (Ergonomics)
[5.815s][info][gc,phases,start] GC(111) Marking Phase
[6.021s][info][gc,phases      ] GC(111) Marking Phase 205.812ms
[6.021s][info][gc,phases,start] GC(111) Summary Phase
[6.021s][info][gc,phases      ] GC(111) Summary Phase 0.026ms
[6.021s][info][gc,phases,start] GC(111) Adjust Roots
[6.022s][info][gc,phases      ] GC(111) Adjust Roots 0.207ms
[6.022s][info][gc,phases,start] GC(111) Compaction Phase
[6.116s][info][gc,phases      ] GC(111) Compaction Phase 94.667ms
[6.116s][info][gc,phases,start] GC(111) Post Compact
[6.118s][info][gc,phases      ] GC(111) Post Compact 1.743ms
[6.119s][info][gc,heap        ] GC(111) PSYoungGen: 37024K(56320K)->15853K(56320K) Eden: 0K(18944K)->0K(18944K) From: 37024K(37376K)->15853K(37376K)
[6.119s][info][gc,heap        ] GC(111) ParOldGen: 916812K(936960K)->936604K(1044992K)
[6.119s][info][gc,metaspace   ] GC(111) Metaspace: 6303K(6528K)->6303K(6528K) NonClass: 5770K(5888K)->5770K(5888K) Class: 533K(640K)->533K(640K)
[6.119s][info][gc             ] GC(111) Pause Full (Ergonomics) 931M->930M(1075M) 303.125ms
[6.119s][info][gc,cpu         ] GC(111) User=2.00s Sys=0.02s Real=0.30s
[6.143s][info][gc,start       ] GC(112) Pause Young (Allocation Failure)
[6.198s][info][gc,heap        ] GC(112) PSYoungGen: 34797K(56320K)->19104K(97280K) Eden: 18944K(18944K)->0K(20992K) From: 15853K(37376K)->19104K(76288K)
[6.198s][info][gc,heap        ] GC(112) ParOldGen: 936604K(1044992K)->952684K(1044992K)
[6.198s][info][gc,metaspace   ] GC(112) Metaspace: 6303K(6528K)->6303K(6528K) NonClass: 5770K(5888K)->5770K(5888K) Class: 533K(640K)->533K(640K)
[6.198s][info][gc             ] GC(112) Pause Young (Allocation Failure) 948M->949M(1115M) 55.509ms
[6.198s][info][gc,cpu         ] GC(112) User=0.34s Sys=0.02s Real=0.06s
[6.221s][info][gc,start       ] GC(113) Pause Young (Allocation Failure)
[6.244s][info][gc,heap        ] GC(113) PSYoungGen: 40096K(97280K)->21152K(98304K) Eden: 20992K(20992K)->0K(20992K) From: 19104K(76288K)->21152K(77312K)
[6.244s][info][gc,heap        ] GC(113) ParOldGen: 952684K(1044992K)->971908K(1044992K)
[6.244s][info][gc,metaspace   ] GC(113) Metaspace: 6303K(6528K)->6303K(6528K) NonClass: 5770K(5888K)->5770K(5888K) Class: 533K(640K)->533K(640K)
[6.244s][info][gc             ] GC(113) Pause Young (Allocation Failure) 969M->969M(1116M) 22.895ms
[6.244s][info][gc,cpu         ] GC(113) User=0.12s Sys=0.00s Real=0.02s
[6.268s][info][gc,start       ] GC(114) Pause Young (Allocation Failure)
[6.292s][info][gc,heap        ] GC(114) PSYoungGen: 42144K(98304K)->21152K(96256K) Eden: 20992K(20992K)->0K(23552K) From: 21152K(77312K)->21152K(72704K)
[6.292s][info][gc,heap        ] GC(114) ParOldGen: 971908K(1044992K)->993188K(1044992K)
[6.292s][info][gc,metaspace   ] GC(114) Metaspace: 6303K(6528K)->6303K(6528K) NonClass: 5770K(5888K)->5770K(5888K) Class: 533K(640K)->533K(640K)
[6.292s][info][gc             ] GC(114) Pause Young (Allocation Failure) 990M->990M(1114M) 24.132ms
[6.292s][info][gc,cpu         ] GC(114) User=0.12s Sys=0.00s Real=0.02s
[6.317s][info][gc,start       ] GC(115) Pause Young (Allocation Failure)
[6.342s][info][gc,heap        ] GC(115) PSYoungGen: 44704K(96256K)->23680K(97792K) Eden: 23552K(23552K)->0K(23552K) From: 21152K(72704K)->23680K(74240K)
[6.342s][info][gc,heap        ] GC(115) ParOldGen: 993188K(1044992K)->1014476K(1044992K)
[6.342s][info][gc,metaspace   ] GC(115) Metaspace: 6303K(6528K)->6303K(6528K) NonClass: 5770K(5888K)->5770K(5888K) Class: 533K(640K)->533K(640K)
[6.342s][info][gc             ] GC(115) Pause Young (Allocation Failure) 1013M->1013M(1116M) 24.974ms
[6.342s][info][gc,cpu         ] GC(115) User=0.12s Sys=0.00s Real=0.03s
[6.342s][info][gc,start       ] GC(116) Pause Full (Ergonomics)
[6.342s][info][gc,phases,start] GC(116) Marking Phase
[6.570s][info][gc,phases      ] GC(116) Marking Phase 227.801ms
[6.570s][info][gc,phases,start] GC(116) Summary Phase
[6.570s][info][gc,phases      ] GC(116) Summary Phase 0.030ms
[6.570s][info][gc,phases,start] GC(116) Adjust Roots
[6.570s][info][gc,phases      ] GC(116) Adjust Roots 0.157ms
[6.570s][info][gc,phases,start] GC(116) Compaction Phase
[6.661s][info][gc,phases      ] GC(116) Compaction Phase 91.180ms
[6.661s][info][gc,phases,start] GC(116) Post Compact
[6.663s][info][gc,phases      ] GC(116) Post Compact 1.635ms
[6.663s][info][gc,heap        ] GC(116) PSYoungGen: 23680K(97792K)->0K(98304K) Eden: 0K(23552K)->0K(26112K) From: 23680K(74240K)->0K(72192K)
[6.663s][info][gc,heap        ] GC(116) ParOldGen: 1014476K(1044992K)->1036815K(1152000K)
[6.663s][info][gc,metaspace   ] GC(116) Metaspace: 6303K(6528K)->6303K(6528K) NonClass: 5770K(5888K)->5770K(5888K) Class: 533K(640K)->533K(640K)
[6.663s][info][gc             ] GC(116) Pause Full (Ergonomics) 1013M->1012M(1221M) 321.455ms
[6.663s][info][gc,cpu         ] GC(116) User=2.39s Sys=0.00s Real=0.32s
[6.694s][info][gc,start       ] GC(117) Pause Young (Allocation Failure)
[6.712s][info][gc,heap        ] GC(117) PSYoungGen: 26112K(98304K)->26240K(52736K) Eden: 26112K(26112K)->0K(26112K) From: 0K(72192K)->26240K(26624K)
[6.712s][info][gc,heap        ] GC(117) ParOldGen: 1036815K(1152000K)->1036815K(1152000K)
[6.712s][info][gc,metaspace   ] GC(117) Metaspace: 6303K(6528K)->6303K(6528K) NonClass: 5770K(5888K)->5770K(5888K) Class: 533K(640K)->533K(640K)
[6.712s][info][gc             ] GC(117) Pause Young (Allocation Failure) 1038M->1038M(1176M) 17.566ms
[6.712s][info][gc,cpu         ] GC(117) User=0.03s Sys=0.00s Real=0.02s
[6.743s][info][gc,start       ] GC(118) Pause Young (Allocation Failure)
[6.770s][info][gc,heap        ] GC(118) PSYoungGen: 52352K(52736K)->52384K(93696K) Eden: 26112K(26112K)->0K(24576K) From: 26240K(26624K)->52384K(69120K)
[6.770s][info][gc,heap        ] GC(118) ParOldGen: 1036815K(1152000K)->1036815K(1152000K)
[6.770s][info][gc,metaspace   ] GC(118) Metaspace: 6303K(6528K)->6303K(6528K) NonClass: 5770K(5888K)->5770K(5888K) Class: 533K(640K)->533K(640K)
[6.770s][info][gc             ] GC(118) Pause Young (Allocation Failure) 1063M->1063M(1216M) 27.887ms
[6.770s][info][gc,cpu         ] GC(118) User=0.14s Sys=0.00s Real=0.03s
[6.800s][info][gc,start       ] GC(119) Pause Young (Allocation Failure)
[6.837s][info][gc,heap        ] GC(119) PSYoungGen: 76960K(93696K)->73216K(97792K) Eden: 24576K(24576K)->0K(24576K) From: 52384K(69120K)->73216K(73216K)
[6.837s][info][gc,heap        ] GC(119) ParOldGen: 1036815K(1152000K)->1040559K(1152000K)
[6.837s][info][gc,metaspace   ] GC(119) Metaspace: 6303K(6528K)->6303K(6528K) NonClass: 5770K(5888K)->5770K(5888K) Class: 533K(640K)->533K(640K)
[6.837s][info][gc             ] GC(119) Pause Young (Allocation Failure) 1087M->1087M(1220M) 37.640ms
[6.837s][info][gc,cpu         ] GC(119) User=0.25s Sys=0.00s Real=0.04s
[6.866s][info][gc,start       ] GC(120) Pause Young (Allocation Failure)
[6.915s][info][gc,heap        ] GC(120) PSYoungGen: 97792K(97792K)->48320K(110080K) Eden: 24576K(24576K)->0K(27136K) From: 73216K(73216K)->48320K(82944K)
[6.915s][info][gc,heap        ] GC(120) ParOldGen: 1040559K(1152000K)->1090759K(1152000K)
[6.915s][info][gc,metaspace   ] GC(120) Metaspace: 6303K(6528K)->6303K(6528K) NonClass: 5770K(5888K)->5770K(5888K) Class: 533K(640K)->533K(640K)
[6.915s][info][gc             ] GC(120) Pause Young (Allocation Failure) 1111M->1112M(1232M) 49.460ms
[6.915s][info][gc,cpu         ] GC(120) User=0.23s Sys=0.05s Real=0.05s
[6.948s][info][gc,start       ] GC(121) Pause Young (Allocation Failure)
[6.986s][info][gc,heap        ] GC(121) PSYoungGen: 75456K(110080K)->51872K(111104K) Eden: 27136K(27136K)->0K(27136K) From: 48320K(82944K)->51872K(83968K)
[6.987s][info][gc,heap        ] GC(121) ParOldGen: 1090759K(1152000K)->1114687K(1152000K)
[6.987s][info][gc,metaspace   ] GC(121) Metaspace: 6303K(6528K)->6303K(6528K) NonClass: 5770K(5888K)->5770K(5888K) Class: 533K(640K)->533K(640K)
[6.987s][info][gc             ] GC(121) Pause Young (Allocation Failure) 1138M->1139M(1233M) 38.370ms
[6.987s][info][gc,cpu         ] GC(121) User=0.25s Sys=0.00s Real=0.04s
[6.987s][info][gc,start       ] GC(122) Pause Full (Ergonomics)
[6.987s][info][gc,phases,start] GC(122) Marking Phase
[7.254s][info][gc,phases      ] GC(122) Marking Phase 267.063ms
[7.254s][info][gc,phases,start] GC(122) Summary Phase
[7.254s][info][gc,phases      ] GC(122) Summary Phase 0.025ms
[7.254s][info][gc,phases,start] GC(122) Adjust Roots
[7.254s][info][gc,phases      ] GC(122) Adjust Roots 0.150ms
[7.254s][info][gc,phases,start] GC(122) Compaction Phase
[7.351s][info][gc,phases      ] GC(122) Compaction Phase 96.550ms
[7.351s][info][gc,phases,start] GC(122) Post Compact
[7.352s][info][gc,phases      ] GC(122) Post Compact 1.798ms
[7.353s][info][gc,heap        ] GC(122) PSYoungGen: 51872K(111104K)->13333K(111104K) Eden: 0K(27136K)->0K(27136K) From: 51872K(83968K)->13333K(83968K)
[7.353s][info][gc,heap        ] GC(122) ParOldGen: 1114687K(1152000K)->1151842K(1284096K)
[7.353s][info][gc,metaspace   ] GC(122) Metaspace: 6303K(6528K)->6303K(6528K) NonClass: 5770K(5888K)->5770K(5888K) Class: 533K(640K)->533K(640K)
[7.353s][info][gc             ] GC(122) Pause Full (Ergonomics) 1139M->1137M(1362M) 366.337ms
[7.353s][info][gc,cpu         ] GC(122) User=2.62s Sys=0.05s Real=0.37s
[7.388s][info][gc,start       ] GC(123) Pause Young (Allocation Failure)
[7.456s][info][gc,heap        ] GC(123) PSYoungGen: 40469K(111104K)->35456K(107008K) Eden: 27136K(27136K)->0K(29696K) From: 13333K(83968K)->35456K(77312K)
[7.456s][info][gc,heap        ] GC(123) ParOldGen: 1151842K(1284096K)->1157138K(1284096K)
[7.456s][info][gc,metaspace   ] GC(123) Metaspace: 6303K(6528K)->6303K(6528K) NonClass: 5770K(5888K)->5770K(5888K) Class: 533K(640K)->533K(640K)
[7.456s][info][gc             ] GC(123) Pause Young (Allocation Failure) 1164M->1164M(1358M) 68.276ms
[7.456s][info][gc,cpu         ] GC(123) User=0.39s Sys=0.00s Real=0.07s
[7.493s][info][gc,start       ] GC(124) Pause Young (Allocation Failure)
[7.529s][info][gc,heap        ] GC(124) PSYoungGen: 65152K(107008K)->65152K(110592K) Eden: 29696K(29696K)->0K(29696K) From: 35456K(77312K)->65152K(80896K)
[7.529s][info][gc,heap        ] GC(124) ParOldGen: 1157138K(1284096K)->1157138K(1284096K)
[7.529s][info][gc,metaspace   ] GC(124) Metaspace: 6303K(6528K)->6303K(6528K) NonClass: 5770K(5888K)->5770K(5888K) Class: 533K(640K)->533K(640K)
[7.529s][info][gc             ] GC(124) Pause Young (Allocation Failure) 1193M->1193M(1362M) 35.722ms
[7.529s][info][gc,cpu         ] GC(124) User=0.16s Sys=0.00s Real=0.04s
[7.565s][info][gc,start       ] GC(125) Pause Young (Allocation Failure)
[7.618s][info][gc,heap        ] GC(125) PSYoungGen: 94848K(110592K)->86016K(103936K) Eden: 29696K(29696K)->0K(17920K) From: 65152K(80896K)->86016K(86016K)
[7.618s][info][gc,heap        ] GC(125) ParOldGen: 1157138K(1284096K)->1166026K(1284096K)
[7.618s][info][gc,metaspace   ] GC(125) Metaspace: 6303K(6528K)->6303K(6528K) NonClass: 5770K(5888K)->5770K(5888K) Class: 533K(640K)->533K(640K)
[7.618s][info][gc             ] GC(125) Pause Young (Allocation Failure) 1222M->1222M(1355M) 52.349ms
[7.618s][info][gc,cpu         ] GC(125) User=0.23s Sys=0.05s Real=0.05s
[7.641s][info][gc,start       ] GC(126) Pause Young (Allocation Failure)
[7.696s][info][gc,heap        ] GC(126) PSYoungGen: 103936K(103936K)->72736K(118784K) Eden: 17920K(17920K)->0K(17920K) From: 86016K(86016K)->72736K(100864K)
[7.696s][info][gc,heap        ] GC(126) ParOldGen: 1166026K(1284096K)->1197738K(1284096K)
[7.696s][info][gc,metaspace   ] GC(126) Metaspace: 6303K(6528K)->6303K(6528K) NonClass: 5770K(5888K)->5770K(5888K) Class: 533K(640K)->533K(640K)
[7.696s][info][gc             ] GC(126) Pause Young (Allocation Failure) 1240M->1240M(1370M) 55.759ms
[7.696s][info][gc,cpu         ] GC(126) User=0.38s Sys=0.02s Real=0.05s
[7.717s][info][gc,start       ] GC(127) Pause Young (Allocation Failure)
[7.764s][info][gc,heap        ] GC(127) PSYoungGen: 90656K(118784K)->63264K(123904K) Eden: 17920K(17920K)->0K(19968K) From: 72736K(100864K)->63264K(103936K)
[7.764s][info][gc,heap        ] GC(127) ParOldGen: 1197738K(1284096K)->1225514K(1284096K)
[7.764s][info][gc,metaspace   ] GC(127) Metaspace: 6303K(6528K)->6303K(6528K) NonClass: 5770K(5888K)->5770K(5888K) Class: 533K(640K)->533K(640K)
[7.764s][info][gc             ] GC(127) Pause Young (Allocation Failure) 1258M->1258M(1375M) 47.166ms
[7.764s][info][gc,cpu         ] GC(127) User=0.27s Sys=0.00s Real=0.05s
[7.788s][info][gc,start       ] GC(128) Pause Young (Allocation Failure)
[7.830s][info][gc,heap        ] GC(128) PSYoungGen: 83232K(123904K)->52992K(73216K) Eden: 19968K(19968K)->0K(19968K) From: 63264K(103936K)->52992K(53248K)
[7.830s][info][gc,heap        ] GC(128) ParOldGen: 1225514K(1284096K)->1253138K(1284096K)
[7.830s][info][gc,metaspace   ] GC(128) Metaspace: 6303K(6528K)->6303K(6528K) NonClass: 5770K(5888K)->5770K(5888K) Class: 533K(640K)->533K(640K)
[7.830s][info][gc             ] GC(128) Pause Young (Allocation Failure) 1278M->1275M(1325M) 41.498ms
[7.830s][info][gc,cpu         ] GC(128) User=0.23s Sys=0.02s Real=0.04s
[7.830s][info][gc,start       ] GC(129) Pause Full (Ergonomics)
[7.830s][info][gc,phases,start] GC(129) Marking Phase
[8.132s][info][gc,phases      ] GC(129) Marking Phase 301.755ms
[8.132s][info][gc,phases,start] GC(129) Summary Phase
[8.132s][info][gc,phases      ] GC(129) Summary Phase 0.035ms
[8.132s][info][gc,phases,start] GC(129) Adjust Roots
[8.132s][info][gc,phases      ] GC(129) Adjust Roots 0.221ms
[8.132s][info][gc,phases,start] GC(129) Compaction Phase
[8.481s][info][gc,phases      ] GC(129) Compaction Phase 348.693ms
[8.481s][info][gc,phases,start] GC(129) Post Compact
[8.483s][info][gc,phases      ] GC(129) Post Compact 2.516ms
[8.484s][info][gc,heap        ] GC(129) PSYoungGen: 52992K(73216K)->20548K(73216K) Eden: 0K(19968K)->0K(19968K) From: 52992K(53248K)->20548K(53248K)
[8.484s][info][gc,heap        ] GC(129) ParOldGen: 1253138K(1284096K)->1283803K(1427968K)
[8.484s][info][gc,metaspace   ] GC(129) Metaspace: 6303K(6528K)->6303K(6528K) NonClass: 5770K(5888K)->5770K(5888K) Class: 533K(640K)->533K(640K)
[8.484s][info][gc             ] GC(129) Pause Full (Ergonomics) 1275M->1273M(1466M) 654.081ms
[8.484s][info][gc,cpu         ] GC(129) User=4.78s Sys=0.00s Real=0.65s
[8.501s][info][gc,start       ] GC(130) Pause Young (Allocation Failure)
[8.573s][info][gc,heap        ] GC(130) PSYoungGen: 40516K(73216K)->17216K(120320K) Eden: 19968K(19968K)->0K(20992K) From: 20548K(53248K)->17216K(99328K)
[8.573s][info][gc,heap        ] GC(130) ParOldGen: 1283803K(1427968K)->1297819K(1427968K)
[8.573s][info][gc,metaspace   ] GC(130) Metaspace: 6303K(6528K)->6303K(6528K) NonClass: 5770K(5888K)->5770K(5888K) Class: 533K(640K)->533K(640K)
[8.573s][info][gc             ] GC(130) Pause Young (Allocation Failure) 1293M->1284M(1512M) 71.659ms
[8.573s][info][gc,cpu         ] GC(130) User=0.50s Sys=0.00s Real=0.07s
[8.595s][info][gc,start       ] GC(131) Pause Young (Allocation Failure)
[8.619s][info][gc,heap        ] GC(131) PSYoungGen: 38208K(120320K)->32480K(121856K) Eden: 20992K(20992K)->0K(20992K) From: 17216K(99328K)->32480K(100864K)
[8.619s][info][gc,heap        ] GC(131) ParOldGen: 1297819K(1427968K)->1297819K(1427968K)
[8.619s][info][gc,metaspace   ] GC(131) Metaspace: 6303K(6528K)->6303K(6528K) NonClass: 5770K(5888K)->5770K(5888K) Class: 533K(640K)->533K(640K)
[8.619s][info][gc             ] GC(131) Pause Young (Allocation Failure) 1304M->1299M(1513M) 23.621ms
[8.619s][info][gc,cpu         ] GC(131) User=0.05s Sys=0.00s Real=0.02s
[8.646s][info][gc,start       ] GC(132) Pause Young (Allocation Failure)
[8.676s][info][gc,heap        ] GC(132) PSYoungGen: 53472K(121856K)->53504K(116736K) Eden: 20992K(20992K)->0K(23552K) From: 32480K(100864K)->53504K(93184K)
[8.676s][info][gc,heap        ] GC(132) ParOldGen: 1297819K(1427968K)->1297819K(1427968K)
[8.676s][info][gc,metaspace   ] GC(132) Metaspace: 6303K(6528K)->6303K(6528K) NonClass: 5770K(5888K)->5770K(5888K) Class: 533K(640K)->533K(640K)
[8.676s][info][gc             ] GC(132) Pause Young (Allocation Failure) 1319M->1319M(1508M) 30.631ms
[8.676s][info][gc,cpu         ] GC(132) User=0.12s Sys=0.00s Real=0.03s
[8.704s][info][gc,start       ] GC(133) Pause Young (Allocation Failure)
[8.744s][info][gc,heap        ] GC(133) PSYoungGen: 77056K(116736K)->77056K(119296K) Eden: 23552K(23552K)->0K(23552K) From: 53504K(93184K)->77056K(95744K)
[8.744s][info][gc,heap        ] GC(133) ParOldGen: 1297819K(1427968K)->1297819K(1427968K)
[8.744s][info][gc,metaspace   ] GC(133) Metaspace: 6303K(6528K)->6303K(6528K) NonClass: 5770K(5888K)->5770K(5888K) Class: 533K(640K)->533K(640K)
[8.744s][info][gc             ] GC(133) Pause Young (Allocation Failure) 1342M->1342M(1511M) 40.203ms
[8.744s][info][gc,cpu         ] GC(133) User=0.38s Sys=0.00s Real=0.04s
[8.775s][info][gc,start       ] GC(134) Pause Young (Allocation Failure)
[8.830s][info][gc,heap        ] GC(134) PSYoungGen: 100608K(119296K)->93920K(117760K) Eden: 23552K(23552K)->0K(15872K) From: 77056K(95744K)->93920K(101888K)
[8.830s][info][gc,heap        ] GC(134) ParOldGen: 1297819K(1427968K)->1304659K(1427968K)
[8.830s][info][gc,metaspace   ] GC(134) Metaspace: 6303K(6528K)->6303K(6528K) NonClass: 5770K(5888K)->5770K(5888K) Class: 533K(640K)->533K(640K)
[8.830s][info][gc             ] GC(134) Pause Young (Allocation Failure) 1365M->1365M(1509M) 55.032ms
[8.830s][info][gc,cpu         ] GC(134) User=0.36s Sys=0.02s Real=0.05s
[9.082s][info][gc,start       ] GC(135) Pause Young (Allocation Failure)
[9.165s][info][gc,heap        ] GC(135) PSYoungGen: 109792K(117760K)->99456K(128512K) Eden: 15872K(15872K)->0K(15872K) From: 93920K(101888K)->99456K(112640K)
[9.165s][info][gc,heap        ] GC(135) ParOldGen: 1370195K(1427968K)->1380707K(1427968K)
[9.165s][info][gc,metaspace   ] GC(135) Metaspace: 6303K(6528K)->6303K(6528K) NonClass: 5770K(5888K)->5770K(5888K) Class: 533K(640K)->533K(640K)
[9.165s][info][gc             ] GC(135) Pause Young (Allocation Failure) 1445M->1445M(1520M) 83.139ms
[9.165s][info][gc,cpu         ] GC(135) User=0.47s Sys=0.00s Real=0.08s
[9.180s][info][gc,start       ] GC(136) Pause Young (Allocation Failure)
[9.235s][info][gc,heap        ] GC(136) PSYoungGen: 115328K(128512K)->115296K(126976K) Eden: 15872K(15872K)->0K(3584K) From: 99456K(112640K)->115296K(123392K)
[9.235s][info][gc,heap        ] GC(136) ParOldGen: 1380707K(1427968K)->1380707K(1427968K)
[9.235s][info][gc,metaspace   ] GC(136) Metaspace: 6303K(6528K)->6303K(6528K) NonClass: 5770K(5888K)->5770K(5888K) Class: 533K(640K)->533K(640K)
[9.235s][info][gc             ] GC(136) Pause Young (Allocation Failure) 1460M->1460M(1518M) 54.552ms
[9.235s][info][gc,cpu         ] GC(136) User=0.34s Sys=0.03s Real=0.05s
[9.238s][info][gc,start       ] GC(137) Pause Young (Allocation Failure)
[9.292s][info][gc,heap        ] GC(137) PSYoungGen: 118880K(126976K)->103552K(141312K) Eden: 3584K(3584K)->0K(3584K) From: 115296K(123392K)->103552K(137728K)
[9.292s][info][gc,heap        ] GC(137) ParOldGen: 1380707K(1427968K)->1396171K(1427968K)
[9.292s][info][gc,metaspace   ] GC(137) Metaspace: 6303K(6528K)->6303K(6528K) NonClass: 5770K(5888K)->5770K(5888K) Class: 533K(640K)->533K(640K)
[9.292s][info][gc             ] GC(137) Pause Young (Allocation Failure) 1464M->1464M(1532M) 53.651ms
[9.292s][info][gc,cpu         ] GC(137) User=0.38s Sys=0.00s Real=0.05s
[9.292s][info][gc,start       ] GC(138) Pause Full (Ergonomics)
[9.292s][info][gc,phases,start] GC(138) Marking Phase
[9.615s][info][gc,phases      ] GC(138) Marking Phase 322.801ms
[9.615s][info][gc,phases,start] GC(138) Summary Phase
[9.615s][info][gc,phases      ] GC(138) Summary Phase 0.032ms
[9.615s][info][gc,phases,start] GC(138) Adjust Roots
[9.615s][info][gc,phases      ] GC(138) Adjust Roots 0.167ms
[9.615s][info][gc,phases,start] GC(138) Compaction Phase
[9.851s][info][gc,phases      ] GC(138) Compaction Phase 235.804ms
[9.851s][info][gc,phases,start] GC(138) Post Compact
[9.854s][info][gc,phases      ] GC(138) Post Compact 3.016ms
[9.854s][info][gc,heap        ] GC(138) PSYoungGen: 103552K(141312K)->38353K(141312K) Eden: 0K(3584K)->0K(3584K) From: 103552K(137728K)->38353K(137728K)
[9.854s][info][gc,heap        ] GC(138) ParOldGen: 1396171K(1427968K)->1427564K(1568768K)
[9.854s][info][gc,metaspace   ] GC(138) Metaspace: 6303K(6528K)->6303K(6528K) NonClass: 5770K(5888K)->5770K(5888K) Class: 533K(640K)->533K(640K)
[9.854s][info][gc             ] GC(138) Pause Full (Ergonomics) 1464M->1431M(1670M) 562.628ms
[9.854s][info][gc,cpu         ] GC(138) User=3.84s Sys=0.05s Real=0.56s
[9.859s][info][gc,start       ] GC(139) Pause Young (Allocation Failure)
[9.937s][info][gc,heap        ] GC(139) PSYoungGen: 41937K(141312K)->26336K(148480K) Eden: 3584K(3584K)->0K(4608K) From: 38353K(137728K)->26336K(143872K)
[9.937s][info][gc,heap        ] GC(139) ParOldGen: 1427564K(1568768K)->1443564K(1568768K)
[9.937s][info][gc,metaspace   ] GC(139) Metaspace: 6303K(6528K)->6303K(6528K) NonClass: 5770K(5888K)->5770K(5888K) Class: 533K(640K)->533K(640K)
[9.937s][info][gc             ] GC(139) Pause Young (Allocation Failure) 1435M->1435M(1677M) 77.466ms
[9.937s][info][gc,cpu         ] GC(139) User=0.45s Sys=0.00s Real=0.08s
[9.941s][info][gc,start       ] GC(140) Pause Young (Allocation Failure)
[9.964s][info][gc,heap        ] GC(140) PSYoungGen: 30944K(148480K)->21216K(148992K) Eden: 4608K(4608K)->0K(4608K) From: 26336K(143872K)->21216K(144384K)
[9.964s][info][gc,heap        ] GC(140) ParOldGen: 1443564K(1568768K)->1453332K(1568768K)
[9.964s][info][gc,metaspace   ] GC(140) Metaspace: 6303K(6528K)->6303K(6528K) NonClass: 5770K(5888K)->5770K(5888K) Class: 533K(640K)->533K(640K)
[9.964s][info][gc             ] GC(140) Pause Young (Allocation Failure) 1439M->1439M(1677M) 22.667ms
[9.964s][info][gc,cpu         ] GC(140) User=0.03s Sys=0.00s Real=0.02s
[9.969s][info][gc,start       ] GC(141) Pause Young (Allocation Failure)
[9.991s][info][gc,heap        ] GC(141) PSYoungGen: 25824K(148992K)->12896K(148480K) Eden: 4608K(4608K)->0K(5632K) From: 21216K(144384K)->12896K(142848K)
[9.991s][info][gc,heap        ] GC(141) ParOldGen: 1453332K(1568768K)->1466468K(1568768K)
[9.991s][info][gc,metaspace   ] GC(141) Metaspace: 6303K(6528K)->6303K(6528K) NonClass: 5770K(5888K)->5770K(5888K) Class: 533K(640K)->533K(640K)
[9.991s][info][gc             ] GC(141) Pause Young (Allocation Failure) 1444M->1444M(1677M) 21.991ms
[9.991s][info][gc,cpu         ] GC(141) User=0.03s Sys=0.02s Real=0.02s
[9.996s][info][gc,start       ] GC(142) Pause Young (Allocation Failure)
[10.019s][info][gc,heap        ] GC(142) PSYoungGen: 18528K(148480K)->14944K(148992K) Eden: 5632K(5632K)->0K(5632K) From: 12896K(142848K)->14944K(143360K)
[10.019s][info][gc,heap        ] GC(142) ParOldGen: 1466468K(1568768K)->1470100K(1568768K)
[10.019s][info][gc,metaspace   ] GC(142) Metaspace: 6303K(6528K)->6303K(6528K) NonClass: 5770K(5888K)->5770K(5888K) Class: 533K(640K)->533K(640K)
[10.019s][info][gc             ] GC(142) Pause Young (Allocation Failure) 1450M->1450M(1677M) 22.486ms
[10.019s][info][gc,cpu         ] GC(142) User=0.03s Sys=0.00s Real=0.02s
[10.024s][info][gc,start       ] GC(143) Pause Young (Allocation Failure)
[10.045s][info][gc,heap        ] GC(143) PSYoungGen: 20576K(148992K)->11392K(143872K) Eden: 5632K(5632K)->0K(7168K) From: 14944K(143360K)->11392K(136704K)
[10.045s][info][gc,heap        ] GC(143) ParOldGen: 1470100K(1568768K)->1479412K(1568768K)
[10.045s][info][gc,metaspace   ] GC(143) Metaspace: 6303K(6528K)->6303K(6528K) NonClass: 5770K(5888K)->5770K(5888K) Class: 533K(640K)->533K(640K)
[10.045s][info][gc             ] GC(143) Pause Young (Allocation Failure) 1455M->1455M(1672M) 21.167ms
[10.045s][info][gc,cpu         ] GC(143) User=0.02s Sys=0.00s Real=0.02s
[10.052s][info][gc,start       ] GC(144) Pause Young (Allocation Failure)
[10.078s][info][gc,heap        ] GC(144) PSYoungGen: 18560K(143872K)->7264K(14848K) Eden: 7168K(7168K)->0K(7168K) From: 11392K(136704K)->7264K(7680K)
[10.078s][info][gc,heap        ] GC(144) ParOldGen: 1479412K(1568768K)->1490804K(1568768K)
[10.078s][info][gc,metaspace   ] GC(144) Metaspace: 6303K(6528K)->6303K(6528K) NonClass: 5770K(5888K)->5770K(5888K) Class: 533K(640K)->533K(640K)
[10.078s][info][gc             ] GC(144) Pause Young (Allocation Failure) 1462M->1462M(1546M) 26.337ms
[10.078s][info][gc,cpu         ] GC(144) User=0.03s Sys=0.00s Real=0.03s
[10.086s][info][gc,start       ] GC(145) Pause Young (Allocation Failure)
[10.107s][info][gc,heap        ] GC(145) PSYoungGen: 14432K(14848K)->7296K(138752K) Eden: 7168K(7168K)->0K(8704K) From: 7264K(7680K)->7296K(130048K)
[10.107s][info][gc,heap        ] GC(145) ParOldGen: 1490804K(1568768K)->1498060K(1568768K)
[10.107s][info][gc,metaspace   ] GC(145) Metaspace: 6303K(6528K)->6303K(6528K) NonClass: 5770K(5888K)->5770K(5888K) Class: 533K(640K)->533K(640K)
[10.107s][info][gc             ] GC(145) Pause Young (Allocation Failure) 1469M->1470M(1667M) 21.324ms
[10.107s][info][gc,cpu         ] GC(145) User=0.03s Sys=0.00s Real=0.02s
[10.116s][info][gc,start       ] GC(146) Pause Young (Allocation Failure)
[10.135s][info][gc,heap        ] GC(146) PSYoungGen: 16000K(138752K)->8832K(17920K) Eden: 8704K(8704K)->0K(8704K) From: 7296K(130048K)->8832K(9216K)
[10.135s][info][gc,heap        ] GC(146) ParOldGen: 1498060K(1568768K)->1505324K(1568768K)
[10.135s][info][gc,metaspace   ] GC(146) Metaspace: 6303K(6528K)->6303K(6528K) NonClass: 5770K(5888K)->5770K(5888K) Class: 533K(640K)->533K(640K)
[10.135s][info][gc             ] GC(146) Pause Young (Allocation Failure) 1478M->1478M(1549M) 18.964ms
[10.135s][info][gc,cpu         ] GC(146) User=0.02s Sys=0.00s Real=0.02s
[10.143s][info][gc,start       ] GC(147) Pause Young (Allocation Failure)
[10.164s][info][gc,heap        ] GC(147) PSYoungGen: 17536K(17920K)->8768K(131584K) Eden: 8704K(8704K)->0K(10240K) From: 8832K(9216K)->8768K(121344K)
[10.164s][info][gc,heap        ] GC(147) ParOldGen: 1505324K(1568768K)->1514140K(1568768K)
[10.164s][info][gc,metaspace   ] GC(147) Metaspace: 6303K(6528K)->6303K(6528K) NonClass: 5770K(5888K)->5770K(5888K) Class: 533K(640K)->533K(640K)
[10.164s][info][gc             ] GC(147) Pause Young (Allocation Failure) 1487M->1487M(1660M) 21.279ms
[10.164s][info][gc,cpu         ] GC(147) User=0.02s Sys=0.00s Real=0.02s
[10.174s][info][gc,start       ] GC(148) Pause Young (Allocation Failure)
[10.201s][info][gc,heap        ] GC(148) PSYoungGen: 19008K(131584K)->10368K(20992K) Eden: 10240K(10240K)->0K(10240K) From: 8768K(121344K)->10368K(10752K)
[10.201s][info][gc,heap        ] GC(148) ParOldGen: 1514140K(1568768K)->1522988K(1568768K)
[10.201s][info][gc,metaspace   ] GC(148) Metaspace: 6303K(6528K)->6303K(6528K) NonClass: 5770K(5888K)->5770K(5888K) Class: 533K(640K)->533K(640K)
[10.201s][info][gc             ] GC(148) Pause Young (Allocation Failure) 1497M->1497M(1552M) 27.126ms
[10.201s][info][gc,cpu         ] GC(148) User=0.02s Sys=0.00s Real=0.03s
[10.213s][info][gc,start       ] GC(149) Pause Young (Allocation Failure)
[10.236s][info][gc,heap        ] GC(149) PSYoungGen: 20608K(20992K)->10368K(120832K) Eden: 10240K(10240K)->0K(11776K) From: 10368K(10752K)->10368K(109056K)
[10.236s][info][gc,heap        ] GC(149) ParOldGen: 1522988K(1568768K)->1533364K(1568768K)
[10.236s][info][gc,metaspace   ] GC(149) Metaspace: 6303K(6528K)->6303K(6528K) NonClass: 5770K(5888K)->5770K(5888K) Class: 533K(640K)->533K(640K)
[10.236s][info][gc             ] GC(149) Pause Young (Allocation Failure) 1507M->1507M(1650M) 23.093ms
[10.236s][info][gc,cpu         ] GC(149) User=0.03s Sys=0.02s Real=0.02s
[10.248s][info][gc,start       ] GC(150) Pause Young (Allocation Failure)
[10.271s][info][gc,heap        ] GC(150) PSYoungGen: 22144K(120832K)->11872K(24064K) Eden: 11776K(11776K)->0K(11776K) From: 10368K(109056K)->11872K(12288K)
[10.271s][info][gc,heap        ] GC(150) ParOldGen: 1533364K(1568768K)->1543740K(1568768K)
[10.271s][info][gc,metaspace   ] GC(150) Metaspace: 6303K(6528K)->6303K(6528K) NonClass: 5770K(5888K)->5770K(5888K) Class: 533K(640K)->533K(640K)
[10.271s][info][gc             ] GC(150) Pause Young (Allocation Failure) 1519M->1519M(1555M) 22.408ms
[10.271s][info][gc,cpu         ] GC(150) User=0.05s Sys=0.00s Real=0.02s
[10.283s][info][gc,start       ] GC(151) Pause Young (Allocation Failure)
[10.307s][info][gc,heap        ] GC(151) PSYoungGen: 23648K(24064K)->11904K(112640K) Eden: 11776K(11776K)->0K(13824K) From: 11872K(12288K)->11904K(98816K)
[10.307s][info][gc,heap        ] GC(151) ParOldGen: 1543740K(1568768K)->1555700K(1568768K)
[10.307s][info][gc,metaspace   ] GC(151) Metaspace: 6303K(6528K)->6303K(6528K) NonClass: 5770K(5888K)->5770K(5888K) Class: 533K(640K)->533K(640K)
[10.307s][info][gc             ] GC(151) Pause Young (Allocation Failure) 1530M->1530M(1642M) 24.573ms
[10.307s][info][gc,cpu         ] GC(151) User=0.05s Sys=0.00s Real=0.02s
[10.307s][info][gc,start       ] GC(152) Pause Full (Ergonomics)
[10.307s][info][gc,phases,start] GC(152) Marking Phase
[10.646s][info][gc,phases      ] GC(152) Marking Phase 338.698ms
[10.646s][info][gc,phases,start] GC(152) Summary Phase
[10.646s][info][gc,phases      ] GC(152) Summary Phase 0.038ms
[10.646s][info][gc,phases,start] GC(152) Adjust Roots
[10.646s][info][gc,phases      ] GC(152) Adjust Roots 0.207ms
[10.646s][info][gc,phases,start] GC(152) Compaction Phase
[10.801s][info][gc,phases      ] GC(152) Compaction Phase 154.974ms
[10.802s][info][gc,phases,start] GC(152) Post Compact
[10.804s][info][gc,phases      ] GC(152) Post Compact 2.875ms
[10.805s][info][gc,heap        ] GC(152) PSYoungGen: 11904K(112640K)->0K(117760K) Eden: 0K(13824K)->0K(13824K) From: 11904K(98816K)->0K(103936K)
[10.805s][info][gc,heap        ] GC(152) ParOldGen: 1555700K(1568768K)->1565354K(1703424K)
[10.805s][info][gc,metaspace   ] GC(152) Metaspace: 6303K(6528K)->6303K(6528K) NonClass: 5770K(5888K)->5770K(5888K) Class: 533K(640K)->533K(640K)
[10.805s][info][gc             ] GC(152) Pause Full (Ergonomics) 1530M->1528M(1778M) 497.755ms
[10.805s][info][gc,cpu         ] GC(152) User=3.56s Sys=0.00s Real=0.50s
[10.823s][info][gc,start       ] GC(153) Pause Young (Allocation Failure)
[10.847s][info][gc,heap        ] GC(153) PSYoungGen: 13824K(117760K)->13952K(108032K) Eden: 13824K(13824K)->0K(15872K) From: 0K(103936K)->13952K(92160K)
[10.847s][info][gc,heap        ] GC(153) ParOldGen: 1565354K(1703424K)->1565354K(1703424K)
[10.847s][info][gc,metaspace   ] GC(153) Metaspace: 6303K(6528K)->6303K(6528K) NonClass: 5770K(5888K)->5770K(5888K) Class: 533K(640K)->533K(640K)
[10.847s][info][gc             ] GC(153) Pause Young (Allocation Failure) 1542M->1542M(1769M) 23.939ms
[10.847s][info][gc,cpu         ] GC(153) User=0.03s Sys=0.00s Real=0.02s
[10.864s][info][gc,start       ] GC(154) Pause Young (Allocation Failure)
[10.889s][info][gc,heap        ] GC(154) PSYoungGen: 29824K(108032K)->15968K(32256K) Eden: 15872K(15872K)->0K(15872K) From: 13952K(92160K)->15968K(16384K)
[10.889s][info][gc,heap        ] GC(154) ParOldGen: 1565354K(1703424K)->1579362K(1703424K)
[10.889s][info][gc,metaspace   ] GC(154) Metaspace: 6303K(6528K)->6303K(6528K) NonClass: 5770K(5888K)->5770K(5888K) Class: 533K(640K)->533K(640K)
[10.889s][info][gc             ] GC(154) Pause Young (Allocation Failure) 1557M->1557M(1695M) 24.986ms
[10.889s][info][gc,cpu         ] GC(154) User=0.02s Sys=0.00s Real=0.02s
[10.905s][info][gc,start       ] GC(155) Pause Young (Allocation Failure)
[10.928s][info][gc,heap        ] GC(155) PSYoungGen: 31840K(32256K)->16032K(99840K) Eden: 15872K(15872K)->0K(17920K) From: 15968K(16384K)->16032K(81920K)
[10.928s][info][gc,heap        ] GC(155) ParOldGen: 1579362K(1703424K)->1595442K(1703424K)
[10.928s][info][gc,metaspace   ] GC(155) Metaspace: 6303K(6528K)->6303K(6528K) NonClass: 5770K(5888K)->5770K(5888K) Class: 533K(640K)->533K(640K)
[10.928s][info][gc             ] GC(155) Pause Young (Allocation Failure) 1573M->1573M(1761M) 23.645ms
[10.928s][info][gc,cpu         ] GC(155) User=0.05s Sys=0.00s Real=0.02s
[10.945s][info][gc,start       ] GC(156) Pause Young (Allocation Failure)
[10.971s][info][gc,heap        ] GC(156) PSYoungGen: 33952K(99840K)->18048K(36352K) Eden: 17920K(17920K)->0K(17920K) From: 16032K(81920K)->18048K(18432K)
[10.971s][info][gc,heap        ] GC(156) ParOldGen: 1595442K(1703424K)->1611530K(1703424K)
[10.971s][info][gc,metaspace   ] GC(156) Metaspace: 6303K(6528K)->6303K(6528K) NonClass: 5770K(5888K)->5770K(5888K) Class: 533K(640K)->533K(640K)
[10.971s][info][gc             ] GC(156) Pause Young (Allocation Failure) 1591M->1591M(1699M) 25.638ms
[10.971s][info][gc,cpu         ] GC(156) User=0.03s Sys=0.00s Real=0.03s
[10.990s][info][gc,start       ] GC(157) Pause Young (Allocation Failure)
[11.017s][info][gc,heap        ] GC(157) PSYoungGen: 35968K(36352K)->18112K(91136K) Eden: 17920K(17920K)->0K(19968K) From: 18048K(18432K)->18112K(71168K)
[11.017s][info][gc,heap        ] GC(157) ParOldGen: 1611530K(1703424K)->1629682K(1703424K)
[11.017s][info][gc,metaspace   ] GC(157) Metaspace: 6303K(6528K)->6303K(6528K) NonClass: 5770K(5888K)->5770K(5888K) Class: 533K(640K)->533K(640K)
[11.017s][info][gc             ] GC(157) Pause Young (Allocation Failure) 1608M->1609M(1752M) 27.137ms
[11.017s][info][gc,cpu         ] GC(157) User=0.03s Sys=0.00s Real=0.03s
[11.036s][info][gc,start       ] GC(158) Pause Young (Allocation Failure)
[11.063s][info][gc,heap        ] GC(158) PSYoungGen: 38080K(91136K)->20128K(40448K) Eden: 19968K(19968K)->0K(19968K) From: 18112K(71168K)->20128K(20480K)
[11.063s][info][gc,heap        ] GC(158) ParOldGen: 1629682K(1703424K)->1647834K(1703424K)
[11.063s][info][gc,metaspace   ] GC(158) Metaspace: 6303K(6528K)->6303K(6528K) NonClass: 5770K(5888K)->5770K(5888K) Class: 533K(640K)->533K(640K)
[11.063s][info][gc             ] GC(158) Pause Young (Allocation Failure) 1628M->1628M(1703M) 27.058ms
[11.063s][info][gc,cpu         ] GC(158) User=0.03s Sys=0.00s Real=0.03s
[11.084s][info][gc,start       ] GC(159) Pause Young (Allocation Failure)
[11.112s][info][gc,heap        ] GC(159) PSYoungGen: 40096K(40448K)->20096K(84480K) Eden: 19968K(19968K)->0K(22528K) From: 20128K(20480K)->20096K(61952K)
[11.112s][info][gc,heap        ] GC(159) ParOldGen: 1647834K(1703424K)->1668074K(1703424K)
[11.112s][info][gc,metaspace   ] GC(159) Metaspace: 6303K(6528K)->6303K(6528K) NonClass: 5770K(5888K)->5770K(5888K) Class: 533K(640K)->533K(640K)
[11.112s][info][gc             ] GC(159) Pause Young (Allocation Failure) 1648M->1648M(1746M) 27.969ms
[11.112s][info][gc,cpu         ] GC(159) User=0.05s Sys=0.00s Real=0.03s
[11.135s][info][gc,start       ] GC(160) Pause Young (Allocation Failure)
[11.164s][info][gc,heap        ] GC(160) PSYoungGen: 42624K(84480K)->22688K(45568K) Eden: 22528K(22528K)->0K(22528K) From: 20096K(61952K)->22688K(23040K)
[11.164s][info][gc,heap        ] GC(160) ParOldGen: 1668074K(1703424K)->1688338K(1703424K)
[11.164s][info][gc,metaspace   ] GC(160) Metaspace: 6303K(6528K)->6303K(6528K) NonClass: 5770K(5888K)->5770K(5888K) Class: 533K(640K)->533K(640K)
[11.164s][info][gc             ] GC(160) Pause Young (Allocation Failure) 1670M->1670M(1708M) 28.941ms
[11.164s][info][gc,cpu         ] GC(160) User=0.05s Sys=0.00s Real=0.03s
[11.164s][info][gc,start       ] GC(161) Pause Full (Ergonomics)
[11.164s][info][gc,phases,start] GC(161) Marking Phase
[11.543s][info][gc,phases      ] GC(161) Marking Phase 378.827ms
[11.543s][info][gc,phases,start] GC(161) Summary Phase
[11.543s][info][gc,phases      ] GC(161) Summary Phase 0.029ms
[11.543s][info][gc,phases,start] GC(161) Adjust Roots
[11.543s][info][gc,phases      ] GC(161) Adjust Roots 0.162ms
[11.543s][info][gc,phases,start] GC(161) Compaction Phase
[11.704s][info][gc,phases      ] GC(161) Compaction Phase 161.033ms
[11.704s][info][gc,phases,start] GC(161) Post Compact
[11.708s][info][gc,phases      ] GC(161) Post Compact 3.606ms
[11.708s][info][gc,heap        ] GC(161) PSYoungGen: 22688K(45568K)->5650K(45568K) Eden: 0K(22528K)->0K(22528K) From: 22688K(23040K)->5650K(23040K)
[11.709s][info][gc,heap        ] GC(161) ParOldGen: 1688338K(1703424K)->1703326K(1862144K)
[11.709s][info][gc,metaspace   ] GC(161) Metaspace: 6303K(6528K)->6303K(6528K) NonClass: 5770K(5888K)->5770K(5888K) Class: 533K(640K)->533K(640K)
[11.709s][info][gc             ] GC(161) Pause Full (Ergonomics) 1670M->1668M(1863M) 544.748ms
[11.709s][info][gc,cpu         ] GC(161) User=3.86s Sys=0.00s Real=0.54s
[11.733s][info][gc,start       ] GC(162) Pause Young (Allocation Failure)
[11.820s][info][gc,heap        ] GC(162) PSYoungGen: 28178K(45568K)->22656K(79872K) Eden: 22528K(22528K)->0K(25088K) From: 5650K(23040K)->22656K(54784K)
[11.820s][info][gc,heap        ] GC(162) ParOldGen: 1703326K(1862144K)->1709062K(1862144K)
[11.820s][info][gc,metaspace   ] GC(162) Metaspace: 6303K(6528K)->6303K(6528K) NonClass: 5770K(5888K)->5770K(5888K) Class: 533K(640K)->533K(640K)
[11.820s][info][gc             ] GC(162) Pause Young (Allocation Failure) 1690M->1691M(1896M) 86.635ms
[11.820s][info][gc,cpu         ] GC(162) User=0.55s Sys=0.00s Real=0.09s
[11.847s][info][gc,start       ] GC(163) Pause Young (Allocation Failure)
[11.879s][info][gc,heap        ] GC(163) PSYoungGen: 47744K(79872K)->47808K(83968K) Eden: 25088K(25088K)->0K(25088K) From: 22656K(54784K)->47808K(58880K)
[11.879s][info][gc,heap        ] GC(163) ParOldGen: 1709062K(1862144K)->1709062K(1862144K)
[11.879s][info][gc,metaspace   ] GC(163) Metaspace: 6303K(6528K)->6303K(6528K) NonClass: 5770K(5888K)->5770K(5888K) Class: 533K(640K)->533K(640K)
[11.879s][info][gc             ] GC(163) Pause Young (Allocation Failure) 1715M->1715M(1900M) 31.955ms
[11.879s][info][gc,cpu         ] GC(163) User=0.14s Sys=0.00s Real=0.03s
[11.907s][info][gc,start       ] GC(164) Pause Young (Allocation Failure)
[11.947s][info][gc,heap        ] GC(164) PSYoungGen: 72896K(83968K)->64512K(77824K) Eden: 25088K(25088K)->0K(13312K) From: 47808K(58880K)->64512K(64512K)
[11.947s][info][gc,heap        ] GC(164) ParOldGen: 1709062K(1862144K)->1717422K(1862144K)
[11.947s][info][gc,metaspace   ] GC(164) Metaspace: 6303K(6528K)->6303K(6528K) NonClass: 5770K(5888K)->5770K(5888K) Class: 533K(640K)->533K(640K)
[11.947s][info][gc             ] GC(164) Pause Young (Allocation Failure) 1740M->1740M(1894M) 40.102ms
[11.947s][info][gc,cpu         ] GC(164) User=0.16s Sys=0.00s Real=0.04s
[11.961s][info][gc,start       ] GC(165) Pause Young (Allocation Failure)
[12.002s][info][gc,heap        ] GC(165) PSYoungGen: 77824K(77824K)->36128K(49664K) Eden: 13312K(13312K)->0K(13312K) From: 64512K(64512K)->36128K(36352K)
[12.002s][info][gc,heap        ] GC(165) ParOldGen: 1717422K(1862144K)->1759718K(1862144K)
[12.002s][info][gc,metaspace   ] GC(165) Metaspace: 6303K(6528K)->6303K(6528K) NonClass: 5770K(5888K)->5770K(5888K) Class: 533K(640K)->533K(640K)
[12.002s][info][gc             ] GC(165) Pause Young (Allocation Failure) 1753M->1753M(1867M) 41.643ms
[12.002s][info][gc,cpu         ] GC(165) User=0.25s Sys=0.00s Real=0.04s
[12.017s][info][gc,start       ] GC(166) Pause Young (Allocation Failure)
[12.050s][info][gc,heap        ] GC(166) PSYoungGen: 49440K(49664K)->26752K(83456K) Eden: 13312K(13312K)->0K(15360K) From: 36128K(36352K)->26752K(68096K)
[12.050s][info][gc,heap        ] GC(166) ParOldGen: 1759718K(1862144K)->1782742K(1862144K)
[12.050s][info][gc,metaspace   ] GC(166) Metaspace: 6303K(6528K)->6303K(6528K) NonClass: 5770K(5888K)->5770K(5888K) Class: 533K(640K)->533K(640K)
[12.051s][info][gc             ] GC(166) Pause Young (Allocation Failure) 1766M->1767M(1900M) 33.066ms
[12.051s][info][gc,cpu         ] GC(166) User=0.12s Sys=0.03s Real=0.03s
[12.066s][info][gc,start       ] GC(167) Pause Young (Allocation Failure)
[12.096s][info][gc,heap        ] GC(167) PSYoungGen: 42112K(83456K)->15456K(87552K) Eden: 15360K(15360K)->0K(15360K) From: 26752K(68096K)->15456K(72192K)
[12.096s][info][gc,heap        ] GC(167) ParOldGen: 1782742K(1862144K)->1809686K(1862144K)
[12.096s][info][gc,metaspace   ] GC(167) Metaspace: 6303K(6528K)->6303K(6528K) NonClass: 5770K(5888K)->5770K(5888K) Class: 533K(640K)->533K(640K)
[12.096s][info][gc             ] GC(167) Pause Young (Allocation Failure) 1782M->1782M(1904M) 29.444ms
[12.096s][info][gc,cpu         ] GC(167) User=0.12s Sys=0.00s Real=0.03s
[12.111s][info][gc,start       ] GC(168) Pause Young (Allocation Failure)
[12.137s][info][gc,heap        ] GC(168) PSYoungGen: 30816K(87552K)->15488K(84480K) Eden: 15360K(15360K)->0K(17408K) From: 15456K(72192K)->15488K(67072K)
[12.137s][info][gc,heap        ] GC(168) ParOldGen: 1809686K(1862144K)->1825238K(1862144K)
[12.137s][info][gc,metaspace   ] GC(168) Metaspace: 6303K(6528K)->6303K(6528K) NonClass: 5770K(5888K)->5770K(5888K) Class: 533K(640K)->533K(640K)
[12.137s][info][gc             ] GC(168) Pause Young (Allocation Failure) 1797M->1797M(1901M) 25.966ms
[12.137s][info][gc,cpu         ] GC(168) User=0.05s Sys=0.00s Real=0.03s
[12.157s][info][gc,start       ] GC(169) Pause Young (Allocation Failure)
[12.185s][info][gc,heap        ] GC(169) PSYoungGen: 32896K(84480K)->17536K(86016K) Eden: 17408K(17408K)->0K(17408K) From: 15488K(67072K)->17536K(68608K)
[12.185s][info][gc,heap        ] GC(169) ParOldGen: 1825238K(1862144K)->1840790K(1862144K)
[12.185s][info][gc,metaspace   ] GC(169) Metaspace: 6303K(6528K)->6303K(6528K) NonClass: 5770K(5888K)->5770K(5888K) Class: 533K(640K)->533K(640K)
[12.185s][info][gc             ] GC(169) Pause Young (Allocation Failure) 1814M->1814M(1902M) 27.556ms
[12.185s][info][gc,cpu         ] GC(169) User=0.05s Sys=0.00s Real=0.03s
[12.185s][info][gc,start       ] GC(170) Pause Full (Ergonomics)
[12.185s][info][gc,phases,start] GC(170) Marking Phase
[12.591s][info][gc,phases      ] GC(170) Marking Phase 406.421ms
[12.591s][info][gc,phases,start] GC(170) Summary Phase
[12.591s][info][gc,phases      ] GC(170) Summary Phase 0.040ms
[12.591s][info][gc,phases,start] GC(170) Adjust Roots
[12.591s][info][gc,phases      ] GC(170) Adjust Roots 0.160ms
[12.591s][info][gc,phases,start] GC(170) Compaction Phase
[12.768s][info][gc,phases      ] GC(170) Compaction Phase 176.642ms
[12.768s][info][gc,phases,start] GC(170) Post Compact
[12.772s][info][gc,phases      ] GC(170) Post Compact 3.445ms
[12.772s][info][gc,heap        ] GC(170) PSYoungGen: 17536K(86016K)->0K(86016K) Eden: 0K(17408K)->0K(19968K) From: 17536K(68608K)->0K(66048K)
[12.772s][info][gc,heap        ] GC(170) ParOldGen: 1840790K(1862144K)->1856175K(2036224K)
[12.772s][info][gc,metaspace   ] GC(170) Metaspace: 6303K(6528K)->6303K(6528K) NonClass: 5770K(5888K)->5770K(5888K) Class: 533K(640K)->533K(640K)
[12.773s][info][gc             ] GC(170) Pause Full (Ergonomics) 1814M->1812M(2072M) 587.852ms
[12.773s][info][gc,cpu         ] GC(170) User=4.27s Sys=0.00s Real=0.59s
[12.795s][info][gc,start       ] GC(171) Pause Young (Allocation Failure)
[12.817s][info][gc,heap        ] GC(171) PSYoungGen: 19968K(86016K)->20096K(40448K) Eden: 19968K(19968K)->0K(19968K) From: 0K(66048K)->20096K(20480K)
[12.817s][info][gc,heap        ] GC(171) ParOldGen: 1856175K(2036224K)->1856175K(2036224K)
[12.817s][info][gc,metaspace   ] GC(171) Metaspace: 6303K(6528K)->6303K(6528K) NonClass: 5770K(5888K)->5770K(5888K) Class: 533K(640K)->533K(640K)
[12.817s][info][gc             ] GC(171) Pause Young (Allocation Failure) 1832M->1832M(2028M) 21.755ms
[12.817s][info][gc,cpu         ] GC(171) User=0.03s Sys=0.00s Real=0.02s
[12.841s][info][gc,start       ] GC(172) Pause Young (Allocation Failure)
[12.868s][info][gc,heap        ] GC(172) PSYoungGen: 40064K(40448K)->40096K(83456K) Eden: 19968K(19968K)->0K(20480K) From: 20096K(20480K)->40096K(62976K)
[12.868s][info][gc,heap        ] GC(172) ParOldGen: 1856175K(2036224K)->1856175K(2036224K)
[12.868s][info][gc,metaspace   ] GC(172) Metaspace: 6303K(6528K)->6303K(6528K) NonClass: 5770K(5888K)->5770K(5888K) Class: 533K(640K)->533K(640K)
[12.868s][info][gc             ] GC(172) Pause Young (Allocation Failure) 1851M->1851M(2070M) 27.485ms
[12.868s][info][gc,cpu         ] GC(172) User=0.05s Sys=0.00s Real=0.03s
[12.892s][info][gc,start       ] GC(173) Pause Young (Allocation Failure)
[12.926s][info][gc,heap        ] GC(173) PSYoungGen: 60576K(83456K)->60544K(84992K) Eden: 20480K(20480K)->0K(20480K) From: 40096K(62976K)->60544K(64512K)
[12.926s][info][gc,heap        ] GC(173) ParOldGen: 1856175K(2036224K)->1856175K(2036224K)
[12.926s][info][gc,metaspace   ] GC(173) Metaspace: 6303K(6528K)->6303K(6528K) NonClass: 5770K(5888K)->5770K(5888K) Class: 533K(640K)->533K(640K)
[12.926s][info][gc             ] GC(173) Pause Young (Allocation Failure) 1871M->1871M(2071M) 34.119ms
[12.926s][info][gc,cpu         ] GC(173) User=0.28s Sys=0.00s Real=0.04s
[12.948s][info][gc,start       ] GC(174) Pause Young (Allocation Failure)
[12.990s][info][gc,heap        ] GC(174) PSYoungGen: 81024K(84992K)->61088K(89088K) Eden: 20480K(20480K)->0K(15872K) From: 60544K(64512K)->61088K(73216K)
[12.990s][info][gc,heap        ] GC(174) ParOldGen: 1856175K(2036224K)->1876423K(2036224K)
[12.990s][info][gc,metaspace   ] GC(174) Metaspace: 6303K(6528K)->6303K(6528K) NonClass: 5770K(5888K)->5770K(5888K) Class: 533K(640K)->533K(640K)
[12.990s][info][gc             ] GC(174) Pause Young (Allocation Failure) 1891M->1892M(2075M) 41.433ms
[12.990s][info][gc,cpu         ] GC(174) User=0.19s Sys=0.00s Real=0.04s
[13.007s][info][gc,start       ] GC(175) Pause Young (Allocation Failure)
[13.046s][info][gc,heap        ] GC(175) PSYoungGen: 76960K(89088K)->56992K(96256K) Eden: 15872K(15872K)->0K(15872K) From: 61088K(73216K)->56992K(80384K)
[13.046s][info][gc,heap        ] GC(175) ParOldGen: 1876423K(2036224K)->1896663K(2036224K)
[13.046s][info][gc,metaspace   ] GC(175) Metaspace: 6303K(6528K)->6303K(6528K) NonClass: 5770K(5888K)->5770K(5888K) Class: 533K(640K)->533K(640K)
[13.046s][info][gc             ] GC(175) Pause Young (Allocation Failure) 1907M->1907M(2082M) 38.966ms
[13.046s][info][gc,cpu         ] GC(175) User=0.25s Sys=0.00s Real=0.04s
[13.065s][info][gc,start       ] GC(176) Pause Young (Allocation Failure)
[13.103s][info][gc,heap        ] GC(176) PSYoungGen: 72864K(96256K)->52384K(101376K) Eden: 15872K(15872K)->0K(16896K) From: 56992K(80384K)->52384K(84480K)
[13.103s][info][gc,heap        ] GC(176) ParOldGen: 1896663K(2036224K)->1917415K(2036224K)
[13.103s][info][gc,metaspace   ] GC(176) Metaspace: 6303K(6528K)->6303K(6528K) NonClass: 5770K(5888K)->5770K(5888K) Class: 533K(640K)->533K(640K)
[13.104s][info][gc             ] GC(176) Pause Young (Allocation Failure) 1923M->1923M(2087M) 38.170ms
[13.104s][info][gc,cpu         ] GC(176) User=0.16s Sys=0.00s Real=0.04s
[13.124s][info][gc,start       ] GC(177) Pause Young (Allocation Failure)
[13.161s][info][gc,heap        ] GC(177) PSYoungGen: 69280K(101376K)->32896K(50176K) Eden: 16896K(16896K)->0K(16896K) From: 52384K(84480K)->32896K(33280K)
[13.161s][info][gc,heap        ] GC(177) ParOldGen: 1917415K(2036224K)->1954231K(2036224K)
[13.161s][info][gc,metaspace   ] GC(177) Metaspace: 6303K(6528K)->6303K(6528K) NonClass: 5770K(5888K)->5770K(5888K) Class: 533K(640K)->533K(640K)
[13.161s][info][gc             ] GC(177) Pause Young (Allocation Failure) 1940M->1940M(2037M) 37.208ms
[13.161s][info][gc,cpu         ] GC(177) User=0.23s Sys=0.11s Real=0.04s
[13.180s][info][gc,start       ] GC(178) Pause Young (Allocation Failure)
[13.212s][info][gc,heap        ] GC(178) PSYoungGen: 49792K(50176K)->17024K(99328K) Eden: 16896K(16896K)->0K(19456K) From: 32896K(33280K)->17024K(79872K)
[13.212s][info][gc,heap        ] GC(178) ParOldGen: 1954231K(2036224K)->1987415K(2036224K)
[13.212s][info][gc,metaspace   ] GC(178) Metaspace: 6303K(6528K)->6303K(6528K) NonClass: 5770K(5888K)->5770K(5888K) Class: 533K(640K)->533K(640K)
[13.212s][info][gc             ] GC(178) Pause Young (Allocation Failure) 1957M->1957M(2085M) 31.999ms
[13.212s][info][gc,cpu         ] GC(178) User=0.14s Sys=0.00s Real=0.03s
[13.238s][info][gc,start       ] GC(179) Pause Young (Allocation Failure)
[13.266s][info][gc,heap        ] GC(179) PSYoungGen: 36480K(99328K)->19616K(100352K) Eden: 19456K(19456K)->0K(19456K) From: 17024K(79872K)->19616K(80896K)
[13.266s][info][gc,heap        ] GC(179) ParOldGen: 1987415K(2036224K)->2004551K(2036224K)
[13.266s][info][gc,metaspace   ] GC(179) Metaspace: 6303K(6528K)->6303K(6528K) NonClass: 5770K(5888K)->5770K(5888K) Class: 533K(640K)->533K(640K)
[13.266s][info][gc             ] GC(179) Pause Young (Allocation Failure) 1976M->1976M(2086M) 27.864ms
[13.266s][info][gc,cpu         ] GC(179) User=0.05s Sys=0.00s Real=0.03s
[13.266s][info][gc,start       ] GC(180) Pause Full (Ergonomics)
[13.266s][info][gc,phases,start] GC(180) Marking Phase
[13.706s][info][gc,phases      ] GC(180) Marking Phase 439.873ms
[13.706s][info][gc,phases,start] GC(180) Summary Phase
[13.706s][info][gc,phases      ] GC(180) Summary Phase 0.042ms
[13.706s][info][gc,phases,start] GC(180) Adjust Roots
[13.706s][info][gc,phases      ] GC(180) Adjust Roots 0.164ms
[13.706s][info][gc,phases,start] GC(180) Compaction Phase
[13.884s][info][gc,phases      ] GC(180) Compaction Phase 177.390ms
[13.884s][info][gc,phases,start] GC(180) Post Compact
[13.887s][info][gc,phases      ] GC(180) Post Compact 3.724ms
[13.888s][info][gc,heap        ] GC(180) PSYoungGen: 19616K(100352K)->0K(100864K) Eden: 0K(19456K)->0K(22016K) From: 19616K(80896K)->0K(78848K)
[13.888s][info][gc,heap        ] GC(180) ParOldGen: 2004551K(2036224K)->2021784K(2224128K)
[13.888s][info][gc,metaspace   ] GC(180) Metaspace: 6303K(6528K)->6303K(6528K) NonClass: 5770K(5888K)->5770K(5888K) Class: 533K(640K)->533K(640K)
[13.888s][info][gc             ] GC(180) Pause Full (Ergonomics) 1976M->1974M(2270M) 622.155ms
[13.888s][info][gc,cpu         ] GC(180) User=4.61s Sys=0.03s Real=0.62s
[13.916s][info][gc,start       ] GC(181) Pause Young (Allocation Failure)
[13.938s][info][gc,heap        ] GC(181) PSYoungGen: 22016K(100864K)->22144K(100864K) Eden: 22016K(22016K)->0K(22016K) From: 0K(78848K)->22144K(78848K)
[13.938s][info][gc,heap        ] GC(181) ParOldGen: 2021784K(2224128K)->2021784K(2224128K)
[13.938s][info][gc,metaspace   ] GC(181) Metaspace: 6303K(6528K)->6303K(6528K) NonClass: 5770K(5888K)->5770K(5888K) Class: 533K(640K)->533K(640K)
[13.938s][info][gc             ] GC(181) Pause Young (Allocation Failure) 1995M->1996M(2270M) 21.768ms
[13.938s][info][gc,cpu         ] GC(181) User=0.03s Sys=0.00s Real=0.02s
[13.960s][info][gc,start       ] GC(182) Pause Young (Allocation Failure)
[13.989s][info][gc,heap        ] GC(182) PSYoungGen: 44160K(100864K)->44192K(100864K) Eden: 22016K(22016K)->0K(24576K) From: 22144K(78848K)->44192K(76288K)
[13.990s][info][gc,heap        ] GC(182) ParOldGen: 2021784K(2224128K)->2021784K(2224128K)
[13.990s][info][gc,metaspace   ] GC(182) Metaspace: 6303K(6528K)->6303K(6528K) NonClass: 5770K(5888K)->5770K(5888K) Class: 533K(640K)->533K(640K)
[13.990s][info][gc             ] GC(182) Pause Young (Allocation Failure) 2017M->2017M(2270M) 29.465ms
[13.990s][info][gc,cpu         ] GC(182) User=0.06s Sys=0.00s Real=0.03s
[14.017s][info][gc,start       ] GC(183) Pause Young (Allocation Failure)
[14.054s][info][gc,heap        ] GC(183) PSYoungGen: 68768K(100864K)->68800K(100864K) Eden: 24576K(24576K)->0K(24576K) From: 44192K(76288K)->68800K(76288K)
[14.054s][info][gc,heap        ] GC(183) ParOldGen: 2021784K(2224128K)->2021784K(2224128K)
[14.054s][info][gc,metaspace   ] GC(183) Metaspace: 6303K(6528K)->6303K(6528K) NonClass: 5770K(5888K)->5770K(5888K) Class: 533K(640K)->533K(640K)
[14.054s][info][gc             ] GC(183) Pause Young (Allocation Failure) 2041M->2041M(2270M) 37.550ms
[14.054s][info][gc,cpu         ] GC(183) User=0.19s Sys=0.00s Real=0.04s
[14.079s][info][gc,start       ] GC(184) Pause Young (Allocation Failure)
[14.127s][info][gc,heap        ] GC(184) PSYoungGen: 93376K(100864K)->71392K(104448K) Eden: 24576K(24576K)->0K(19456K) From: 68800K(76288K)->71392K(84992K)
[14.127s][info][gc,heap        ] GC(184) ParOldGen: 2021784K(2224128K)->2044120K(2224128K)
[14.127s][info][gc,metaspace   ] GC(184) Metaspace: 6303K(6528K)->6303K(6528K) NonClass: 5770K(5888K)->5770K(5888K) Class: 533K(640K)->533K(640K)
[14.127s][info][gc             ] GC(184) Pause Young (Allocation Failure) 2065M->2065M(2274M) 47.527ms
[14.127s][info][gc,cpu         ] GC(184) User=0.39s Sys=0.00s Real=0.05s
[14.147s][info][gc,start       ] GC(185) Pause Young (Allocation Failure)
[14.192s][info][gc,heap        ] GC(185) PSYoungGen: 90848K(104448K)->68768K(112640K) Eden: 19456K(19456K)->0K(19456K) From: 71392K(84992K)->68768K(93184K)
[14.192s][info][gc,heap        ] GC(185) ParOldGen: 2044120K(2224128K)->2066440K(2224128K)
[14.192s][info][gc,metaspace   ] GC(185) Metaspace: 6303K(6528K)->6303K(6528K) NonClass: 5770K(5888K)->5770K(5888K) Class: 533K(640K)->533K(640K)
[14.192s][info][gc             ] GC(185) Pause Young (Allocation Failure) 2084M->2085M(2282M) 45.345ms
[14.192s][info][gc,cpu         ] GC(185) User=0.22s Sys=0.05s Real=0.04s
[14.212s][info][gc,start       ] GC(186) Pause Young (Allocation Failure)
[14.257s][info][gc,heap        ] GC(186) PSYoungGen: 88224K(112640K)->63648K(118272K) Eden: 19456K(19456K)->0K(19968K) From: 68768K(93184K)->63648K(98304K)
[14.257s][info][gc,heap        ] GC(186) ParOldGen: 2066440K(2224128K)->2091336K(2224128K)
[14.257s][info][gc,metaspace   ] GC(186) Metaspace: 6303K(6528K)->6303K(6528K) NonClass: 5770K(5888K)->5770K(5888K) Class: 533K(640K)->533K(640K)
[14.257s][info][gc             ] GC(186) Pause Young (Allocation Failure) 2104M->2104M(2287M) 44.797ms
[14.257s][info][gc,cpu         ] GC(186) User=0.23s Sys=0.03s Real=0.05s
[14.279s][info][gc,start       ] GC(187) Pause Young (Allocation Failure)
[14.323s][info][gc,heap        ] GC(187) PSYoungGen: 83616K(118272K)->39584K(59904K) Eden: 19968K(19968K)->0K(19968K) From: 63648K(98304K)->39584K(39936K)
[14.323s][info][gc,heap        ] GC(187) ParOldGen: 2091336K(2224128K)->2135944K(2224128K)
[14.323s][info][gc,metaspace   ] GC(187) Metaspace: 6303K(6528K)->6303K(6528K) NonClass: 5770K(5888K)->5770K(5888K) Class: 533K(640K)->533K(640K)
[14.323s][info][gc             ] GC(187) Pause Young (Allocation Failure) 2123M->2124M(2230M) 43.425ms
[14.323s][info][gc,cpu         ] GC(187) User=0.27s Sys=0.00s Real=0.04s
[14.344s][info][gc,start       ] GC(188) Pause Young (Allocation Failure)
[14.378s][info][gc,heap        ] GC(188) PSYoungGen: 59552K(59904K)->20096K(116224K) Eden: 19968K(19968K)->0K(22528K) From: 39584K(39936K)->20096K(93696K)
[14.378s][info][gc,heap        ] GC(188) ParOldGen: 2135944K(2224128K)->2175880K(2224128K)
[14.378s][info][gc,metaspace   ] GC(188) Metaspace: 6303K(6528K)->6303K(6528K) NonClass: 5770K(5888K)->5770K(5888K) Class: 533K(640K)->533K(640K)
[14.378s][info][gc             ] GC(188) Pause Young (Allocation Failure) 2144M->2144M(2285M) 34.077ms
[14.378s][info][gc,cpu         ] GC(188) User=0.23s Sys=0.00s Real=0.04s
[14.378s][info][gc,start       ] GC(189) Pause Full (Ergonomics)
[14.378s][info][gc,phases,start] GC(189) Marking Phase
[14.869s][info][gc,phases      ] GC(189) Marking Phase 490.837ms
[14.869s][info][gc,phases,start] GC(189) Summary Phase
[14.869s][info][gc,phases      ] GC(189) Summary Phase 0.044ms
[14.869s][info][gc,phases,start] GC(189) Adjust Roots
[14.870s][info][gc,phases      ] GC(189) Adjust Roots 0.162ms
[14.870s][info][gc,phases,start] GC(189) Compaction Phase
[15.054s][info][gc,phases      ] GC(189) Compaction Phase 183.911ms
[15.054s][info][gc,phases,start] GC(189) Post Compact
[15.058s][info][gc,phases      ] GC(189) Post Compact 4.227ms
[15.059s][info][gc,heap        ] GC(189) PSYoungGen: 20096K(116224K)->0K(117248K) Eden: 0K(22528K)->0K(22528K) From: 20096K(93696K)->0K(94720K)
[15.059s][info][gc,heap        ] GC(189) ParOldGen: 2175880K(2224128K)->2193577K(2425344K)
[15.059s][info][gc,metaspace   ] GC(189) Metaspace: 6303K(6528K)->6303K(6528K) NonClass: 5770K(5888K)->5770K(5888K) Class: 533K(640K)->533K(640K)
[15.059s][info][gc             ] GC(189) Pause Full (Ergonomics) 2144M->2142M(2483M) 680.290ms
[15.059s][info][gc,cpu         ] GC(189) User=4.84s Sys=0.03s Real=0.68s
[15.089s][info][gc,start       ] GC(190) Pause Young (Allocation Failure)
[15.113s][info][gc,heap        ] GC(190) PSYoungGen: 22528K(117248K)->22656K(116224K) Eden: 22528K(22528K)->0K(25088K) From: 0K(94720K)->22656K(91136K)
[15.113s][info][gc,heap        ] GC(190) ParOldGen: 2193577K(2425344K)->2193577K(2425344K)
[15.113s][info][gc,metaspace   ] GC(190) Metaspace: 6303K(6528K)->6303K(6528K) NonClass: 5770K(5888K)->5770K(5888K) Class: 533K(640K)->533K(640K)
[15.113s][info][gc             ] GC(190) Pause Young (Allocation Failure) 2164M->2164M(2482M) 23.994ms
[15.113s][info][gc,cpu         ] GC(190) User=0.05s Sys=0.00s Real=0.02s
[15.144s][info][gc,start       ] GC(191) Pause Young (Allocation Failure)
[15.179s][info][gc,heap        ] GC(191) PSYoungGen: 47744K(116224K)->47808K(118272K) Eden: 25088K(25088K)->0K(25088K) From: 22656K(91136K)->47808K(93184K)
[15.179s][info][gc,heap        ] GC(191) ParOldGen: 2193577K(2425344K)->2193577K(2425344K)
[15.179s][info][gc,metaspace   ] GC(191) Metaspace: 6303K(6528K)->6303K(6528K) NonClass: 5770K(5888K)->5770K(5888K) Class: 533K(640K)->533K(640K)
[15.179s][info][gc             ] GC(191) Pause Young (Allocation Failure) 2188M->2188M(2484M) 34.290ms
[15.179s][info][gc,cpu         ] GC(191) User=0.16s Sys=0.00s Real=0.03s
[15.210s][info][gc,start       ] GC(192) Pause Young (Allocation Failure)
[15.251s][info][gc,heap        ] GC(192) PSYoungGen: 72896K(118272K)->72864K(111616K) Eden: 25088K(25088K)->0K(20992K) From: 47808K(93184K)->72864K(90624K)
[15.251s][info][gc,heap        ] GC(192) ParOldGen: 2193577K(2425344K)->2193577K(2425344K)
[15.251s][info][gc,metaspace   ] GC(192) Metaspace: 6303K(6528K)->6303K(6528K) NonClass: 5770K(5888K)->5770K(5888K) Class: 533K(640K)->533K(640K)
[15.251s][info][gc             ] GC(192) Pause Young (Allocation Failure) 2213M->2213M(2477M) 40.194ms
[15.251s][info][gc,cpu         ] GC(192) User=0.17s Sys=0.00s Real=0.04s
[15.275s][info][gc,start       ] GC(193) Pause Young (Allocation Failure)
[15.322s][info][gc,heap        ] GC(193) PSYoungGen: 93856K(111616K)->93920K(118272K) Eden: 20992K(20992K)->0K(20992K) From: 72864K(90624K)->93920K(97280K)
[15.322s][info][gc,heap        ] GC(193) ParOldGen: 2193577K(2425344K)->2193577K(2425344K)
[15.322s][info][gc,metaspace   ] GC(193) Metaspace: 6303K(6528K)->6303K(6528K) NonClass: 5770K(5888K)->5770K(5888K) Class: 533K(640K)->533K(640K)
[15.322s][info][gc             ] GC(193) Pause Young (Allocation Failure) 2233M->2233M(2484M) 46.507ms
[15.322s][info][gc,cpu         ] GC(193) User=0.27s Sys=0.00s Real=0.05s
[15.347s][info][gc,start       ] GC(194) Pause Young (Allocation Failure)
[15.403s][info][gc,heap        ] GC(194) PSYoungGen: 114912K(118272K)->92384K(124416K) Eden: 20992K(20992K)->0K(13824K) From: 93920K(97280K)->92384K(110592K)
[15.403s][info][gc,heap        ] GC(194) ParOldGen: 2193577K(2425344K)->2216417K(2425344K)
[15.403s][info][gc,metaspace   ] GC(194) Metaspace: 6303K(6528K)->6303K(6528K) NonClass: 5770K(5888K)->5770K(5888K) Class: 533K(640K)->533K(640K)
[15.403s][info][gc             ] GC(194) Pause Young (Allocation Failure) 2254M->2254M(2490M) 56.231ms
[15.403s][info][gc,cpu         ] GC(194) User=0.36s Sys=0.02s Real=0.06s
[15.419s][info][gc,start       ] GC(195) Pause Young (Allocation Failure)
[15.471s][info][gc,heap        ] GC(195) PSYoungGen: 106208K(124416K)->81088K(134144K) Eden: 13824K(13824K)->0K(13824K) From: 92384K(110592K)->81088K(120320K)
[15.471s][info][gc,heap        ] GC(195) ParOldGen: 2216417K(2425344K)->2241881K(2425344K)
[15.471s][info][gc,metaspace   ] GC(195) Metaspace: 6303K(6528K)->6303K(6528K) NonClass: 5770K(5888K)->5770K(5888K) Class: 533K(640K)->533K(640K)
[15.471s][info][gc             ] GC(195) Pause Young (Allocation Failure) 2268M->2268M(2499M) 52.031ms
[15.471s][info][gc,cpu         ] GC(195) User=0.27s Sys=0.00s Real=0.05s
[15.487s][info][gc,start       ] GC(196) Pause Young (Allocation Failure)
[15.535s][info][gc,heap        ] GC(196) PSYoungGen: 94912K(134144K)->48768K(128512K) Eden: 13824K(13824K)->0K(15872K) From: 81088K(120320K)->48768K(112640K)
[15.535s][info][gc,heap        ] GC(196) ParOldGen: 2241881K(2425344K)->2288409K(2425344K)
[15.535s][info][gc,metaspace   ] GC(196) Metaspace: 6303K(6528K)->6303K(6528K) NonClass: 5770K(5888K)->5770K(5888K) Class: 533K(640K)->533K(640K)
[15.535s][info][gc             ] GC(196) Pause Young (Allocation Failure) 2282M->2282M(2494M) 48.090ms
[15.535s][info][gc,cpu         ] GC(196) User=0.20s Sys=0.05s Real=0.05s
[15.554s][info][gc,start       ] GC(197) Pause Young (Allocation Failure)
[15.591s][info][gc,heap        ] GC(197) PSYoungGen: 64640K(128512K)->29824K(134144K) Eden: 15872K(15872K)->0K(15872K) From: 48768K(112640K)->29824K(118272K)
[15.591s][info][gc,heap        ] GC(197) ParOldGen: 2288409K(2425344K)->2323489K(2425344K)
[15.591s][info][gc,metaspace   ] GC(197) Metaspace: 6303K(6528K)->6303K(6528K) NonClass: 5770K(5888K)->5770K(5888K) Class: 533K(640K)->533K(640K)
[15.591s][info][gc             ] GC(197) Pause Young (Allocation Failure) 2297M->2298M(2499M) 36.917ms
[15.591s][info][gc,cpu         ] GC(197) User=0.16s Sys=0.00s Real=0.04s
[15.610s][info][gc,start       ] GC(198) Pause Young (Allocation Failure)
[15.641s][info][gc,heap        ] GC(198) PSYoungGen: 45696K(134144K)->16000K(135168K) Eden: 15872K(15872K)->0K(18432K) From: 29824K(118272K)->16000K(116736K)
[15.641s][info][gc,heap        ] GC(198) ParOldGen: 2323489K(2425344K)->2353409K(2425344K)
[15.641s][info][gc,metaspace   ] GC(198) Metaspace: 6303K(6528K)->6303K(6528K) NonClass: 5770K(5888K)->5770K(5888K) Class: 533K(640K)->533K(640K)
[15.641s][info][gc             ] GC(198) Pause Young (Allocation Failure) 2313M->2313M(2500M) 31.198ms
[15.641s][info][gc,cpu         ] GC(198) User=0.12s Sys=0.02s Real=0.03s
[15.664s][info][gc,start       ] GC(199) Pause Young (Allocation Failure)
[15.691s][info][gc,heap        ] GC(199) PSYoungGen: 34432K(135168K)->18560K(135168K) Eden: 18432K(18432K)->0K(18432K) From: 16000K(116736K)->18560K(116736K)
[15.691s][info][gc,heap        ] GC(199) ParOldGen: 2353409K(2425344K)->2369425K(2425344K)
[15.691s][info][gc,metaspace   ] GC(199) Metaspace: 6303K(6528K)->6303K(6528K) NonClass: 5770K(5888K)->5770K(5888K) Class: 533K(640K)->533K(640K)
[15.691s][info][gc             ] GC(199) Pause Young (Allocation Failure) 2331M->2332M(2500M) 27.808ms
[15.691s][info][gc,cpu         ] GC(199) User=0.06s Sys=0.00s Real=0.03s
[15.714s][info][gc,start       ] GC(200) Pause Young (Allocation Failure)
[15.742s][info][gc,heap        ] GC(200) PSYoungGen: 36992K(135168K)->18560K(131072K) Eden: 18432K(18432K)->0K(20992K) From: 18560K(116736K)->18560K(110080K)
[15.742s][info][gc,heap        ] GC(200) ParOldGen: 2369425K(2425344K)->2388017K(2425344K)
[15.742s][info][gc,metaspace   ] GC(200) Metaspace: 6303K(6528K)->6303K(6528K) NonClass: 5770K(5888K)->5770K(5888K) Class: 533K(640K)->533K(640K)
[15.742s][info][gc             ] GC(200) Pause Young (Allocation Failure) 2350M->2350M(2496M) 28.325ms
[15.742s][info][gc,cpu         ] GC(200) User=0.03s Sys=0.00s Real=0.03s
[15.742s][info][gc,start       ] GC(201) Pause Full (Ergonomics)
[15.742s][info][gc,phases,start] GC(201) Marking Phase
[16.277s][info][gc,phases      ] GC(201) Marking Phase 535.248ms
[16.277s][info][gc,phases,start] GC(201) Summary Phase
[16.278s][info][gc,phases      ] GC(201) Summary Phase 0.048ms
[16.278s][info][gc,phases,start] GC(201) Adjust Roots
[16.278s][info][gc,phases      ] GC(201) Adjust Roots 0.177ms
[16.278s][info][gc,phases,start] GC(201) Compaction Phase
[16.487s][info][gc,phases      ] GC(201) Compaction Phase 208.984ms
[16.487s][info][gc,phases,start] GC(201) Post Compact
[16.491s][info][gc,phases      ] GC(201) Post Compact 4.249ms
[16.492s][info][gc,heap        ] GC(201) PSYoungGen: 18560K(131072K)->0K(133632K) Eden: 0K(20992K)->0K(20992K) From: 18560K(110080K)->0K(112640K)
[16.492s][info][gc,heap        ] GC(201) ParOldGen: 2388017K(2425344K)->2404178K(2654720K)
[16.492s][info][gc,metaspace   ] GC(201) Metaspace: 6303K(6528K)->6303K(6528K) NonClass: 5770K(5888K)->5770K(5888K) Class: 533K(640K)->533K(640K)
[16.492s][info][gc             ] GC(201) Pause Full (Ergonomics) 2350M->2347M(2723M) 749.799ms
[16.492s][info][gc,cpu         ] GC(201) User=5.66s Sys=0.00s Real=0.75s
[16.521s][info][gc,start       ] GC(202) Pause Young (Allocation Failure)
[16.547s][info][gc,heap        ] GC(202) PSYoungGen: 20992K(133632K)->21152K(129536K) Eden: 20992K(20992K)->0K(23552K) From: 0K(112640K)->21152K(105984K)
[16.547s][info][gc,heap        ] GC(202) ParOldGen: 2404178K(2654720K)->2404178K(2654720K)
[16.547s][info][gc,metaspace   ] GC(202) Metaspace: 6303K(6528K)->6303K(6528K) NonClass: 5770K(5888K)->5770K(5888K) Class: 533K(640K)->533K(640K)
[16.547s][info][gc             ] GC(202) Pause Young (Allocation Failure) 2368M->2368M(2719M) 25.795ms
[16.547s][info][gc,cpu         ] GC(202) User=0.02s Sys=0.00s Real=0.03s
[16.577s][info][gc,start       ] GC(203) Pause Young (Allocation Failure)
[16.607s][info][gc,heap        ] GC(203) PSYoungGen: 44704K(129536K)->44736K(68608K) Eden: 23552K(23552K)->0K(23552K) From: 21152K(105984K)->44736K(45056K)
[16.607s][info][gc,heap        ] GC(203) ParOldGen: 2404178K(2654720K)->2404178K(2654720K)
[16.607s][info][gc,metaspace   ] GC(203) Metaspace: 6303K(6528K)->6303K(6528K) NonClass: 5770K(5888K)->5770K(5888K) Class: 533K(640K)->533K(640K)
[16.607s][info][gc             ] GC(203) Pause Young (Allocation Failure) 2391M->2391M(2659M) 30.830ms
[16.607s][info][gc,cpu         ] GC(203) User=0.12s Sys=0.00s Real=0.03s
[16.636s][info][gc,start       ] GC(204) Pause Young (Allocation Failure)
[16.675s][info][gc,heap        ] GC(204) PSYoungGen: 68288K(68608K)->68256K(126976K) Eden: 23552K(23552K)->0K(22528K) From: 44736K(45056K)->68256K(104448K)
[16.675s][info][gc,heap        ] GC(204) ParOldGen: 2404178K(2654720K)->2404178K(2654720K)
[16.675s][info][gc,metaspace   ] GC(204) Metaspace: 6303K(6528K)->6303K(6528K) NonClass: 5770K(5888K)->5770K(5888K) Class: 533K(640K)->533K(640K)
[16.675s][info][gc             ] GC(204) Pause Young (Allocation Failure) 2414M->2414M(2716M) 38.351ms
[16.675s][info][gc,cpu         ] GC(204) User=0.17s Sys=0.00s Real=0.04s
[16.702s][info][gc,start       ] GC(205) Pause Young (Allocation Failure)
[16.750s][info][gc,heap        ] GC(205) PSYoungGen: 90784K(126976K)->69760K(130560K) Eden: 22528K(22528K)->0K(22528K) From: 68256K(104448K)->69760K(108032K)
[16.750s][info][gc,heap        ] GC(205) ParOldGen: 2404178K(2654720K)->2425362K(2654720K)
[16.750s][info][gc,metaspace   ] GC(205) Metaspace: 6303K(6528K)->6303K(6528K) NonClass: 5770K(5888K)->5770K(5888K) Class: 533K(640K)->533K(640K)
[16.750s][info][gc             ] GC(205) Pause Young (Allocation Failure) 2436M->2436M(2720M) 47.776ms
[16.750s][info][gc,cpu         ] GC(205) User=0.27s Sys=0.00s Real=0.05s
[16.776s][info][gc,start       ] GC(206) Pause Young (Allocation Failure)
[16.825s][info][gc,heap        ] GC(206) PSYoungGen: 92288K(130560K)->68800K(134656K) Eden: 22528K(22528K)->0K(23552K) From: 69760K(108032K)->68800K(111104K)
[16.825s][info][gc,heap        ] GC(206) ParOldGen: 2425362K(2654720K)->2449122K(2654720K)
[16.825s][info][gc,metaspace   ] GC(206) Metaspace: 6303K(6528K)->6303K(6528K) NonClass: 5770K(5888K)->5770K(5888K) Class: 533K(640K)->533K(640K)
[16.825s][info][gc             ] GC(206) Pause Young (Allocation Failure) 2458M->2458M(2724M) 48.625ms
[16.825s][info][gc,cpu         ] GC(206) User=0.25s Sys=0.02s Real=0.05s
[16.853s][info][gc,start       ] GC(207) Pause Young (Allocation Failure)
[16.902s][info][gc,heap        ] GC(207) PSYoungGen: 92352K(134656K)->68800K(136192K) Eden: 23552K(23552K)->0K(23552K) From: 68800K(111104K)->68800K(112640K)
[16.902s][info][gc,heap        ] GC(207) ParOldGen: 2449122K(2654720K)->2472882K(2654720K)
[16.902s][info][gc,metaspace   ] GC(207) Metaspace: 6303K(6528K)->6303K(6528K) NonClass: 5770K(5888K)->5770K(5888K) Class: 533K(640K)->533K(640K)
[16.902s][info][gc             ] GC(207) Pause Young (Allocation Failure) 2481M->2482M(2725M) 48.117ms
[16.902s][info][gc,cpu         ] GC(207) User=0.25s Sys=0.02s Real=0.05s
[16.928s][info][gc,start       ] GC(208) Pause Young (Allocation Failure)
[16.976s][info][gc,heap        ] GC(208) PSYoungGen: 92352K(136192K)->69824K(139776K) Eden: 23552K(23552K)->0K(26112K) From: 68800K(112640K)->69824K(113664K)
[16.976s][info][gc,heap        ] GC(208) ParOldGen: 2472882K(2654720K)->2495602K(2654720K)
[16.976s][info][gc,metaspace   ] GC(208) Metaspace: 6303K(6528K)->6303K(6528K) NonClass: 5770K(5888K)->5770K(5888K) Class: 533K(640K)->533K(640K)
[16.976s][info][gc             ] GC(208) Pause Young (Allocation Failure) 2505M->2505M(2729M) 47.469ms
[16.976s][info][gc,cpu         ] GC(208) User=0.23s Sys=0.03s Real=0.05s
[17.007s][info][gc,start       ] GC(209) Pause Young (Allocation Failure)
[17.057s][info][gc,heap        ] GC(209) PSYoungGen: 95936K(139776K)->73376K(140288K) Eden: 26112K(26112K)->0K(26112K) From: 69824K(113664K)->73376K(114176K)
[17.057s][info][gc,heap        ] GC(209) ParOldGen: 2495602K(2654720K)->2518346K(2654720K)
[17.057s][info][gc,metaspace   ] GC(209) Metaspace: 6303K(6528K)->6303K(6528K) NonClass: 5770K(5888K)->5770K(5888K) Class: 533K(640K)->533K(640K)
[17.057s][info][gc             ] GC(209) Pause Young (Allocation Failure) 2530M->2530M(2729M) 50.134ms
[17.057s][info][gc,cpu         ] GC(209) User=0.27s Sys=0.02s Real=0.05s
[17.088s][info][gc,start       ] GC(210) Pause Young (Allocation Failure)
[17.140s][info][gc,heap        ] GC(210) PSYoungGen: 99488K(140288K)->75968K(143360K) Eden: 26112K(26112K)->0K(27648K) From: 73376K(114176K)->75968K(115712K)
[17.140s][info][gc,heap        ] GC(210) ParOldGen: 2518346K(2654720K)->2542114K(2654720K)
[17.140s][info][gc,metaspace   ] GC(210) Metaspace: 6303K(6528K)->6303K(6528K) NonClass: 5770K(5888K)->5770K(5888K) Class: 533K(640K)->533K(640K)
[17.140s][info][gc             ] GC(210) Pause Young (Allocation Failure) 2556M->2556M(2732M) 51.723ms
[17.140s][info][gc,cpu         ] GC(210) User=0.27s Sys=0.00s Real=0.05s
[17.173s][info][gc,start       ] GC(211) Pause Young (Allocation Failure)
[17.227s][info][gc,heap        ] GC(211) PSYoungGen: 103616K(143360K)->53952K(81920K) Eden: 27648K(27648K)->0K(27648K) From: 75968K(115712K)->53952K(54272K)
[17.227s][info][gc,heap        ] GC(211) ParOldGen: 2542114K(2654720K)->2592202K(2654720K)
[17.227s][info][gc,metaspace   ] GC(211) Metaspace: 6303K(6528K)->6303K(6528K) NonClass: 5770K(5888K)->5770K(5888K) Class: 533K(640K)->533K(640K)
[17.228s][info][gc             ] GC(211) Pause Young (Allocation Failure) 2583M->2584M(2672M) 54.113ms
[17.228s][info][gc,cpu         ] GC(211) User=0.47s Sys=0.03s Real=0.05s
[17.261s][info][gc,start       ] GC(212) Pause Young (Allocation Failure)
[17.307s][info][gc,heap        ] GC(212) PSYoungGen: 81600K(81920K)->27808K(142336K) Eden: 27648K(27648K)->0K(31232K) From: 53952K(54272K)->27808K(111104K)
[17.307s][info][gc,heap        ] GC(212) ParOldGen: 2592202K(2654720K)->2646418K(2654720K)
[17.307s][info][gc,metaspace   ] GC(212) Metaspace: 6303K(6528K)->6303K(6528K) NonClass: 5770K(5888K)->5770K(5888K) Class: 533K(640K)->533K(640K)
[17.307s][info][gc             ] GC(212) Pause Young (Allocation Failure) 2611M->2611M(2731M) 46.042ms
[17.307s][info][gc,cpu         ] GC(212) User=0.27s Sys=0.00s Real=0.05s
[17.307s][info][gc,start       ] GC(213) Pause Full (Ergonomics)
[17.307s][info][gc,phases,start] GC(213) Marking Phase
[17.926s][info][gc,phases      ] GC(213) Marking Phase 618.238ms
[17.926s][info][gc,phases,start] GC(213) Summary Phase
[17.926s][info][gc,phases      ] GC(213) Summary Phase 0.036ms
[17.926s][info][gc,phases,start] GC(213) Adjust Roots
[17.926s][info][gc,phases      ] GC(213) Adjust Roots 0.161ms
[17.926s][info][gc,phases,start] GC(213) Compaction Phase
[18.173s][info][gc,phases      ] GC(213) Compaction Phase 246.671ms
[18.173s][info][gc,phases,start] GC(213) Post Compact
[18.178s][info][gc,phases      ] GC(213) Post Compact 5.356ms
[18.179s][info][gc,heap        ] GC(213) PSYoungGen: 27808K(142336K)->17396K(142848K) Eden: 0K(31232K)->0K(31744K) From: 27808K(111104K)->17396K(111104K)
[18.179s][info][gc,heap        ] GC(213) ParOldGen: 2646418K(2654720K)->2654222K(2935808K)
[18.179s][info][gc,metaspace   ] GC(213) Metaspace: 6303K(6528K)->6303K(6528K) NonClass: 5770K(5888K)->5770K(5888K) Class: 533K(640K)->533K(640K)
[18.179s][info][gc             ] GC(213) Pause Full (Ergonomics) 2611M->2609M(3006M) 871.849ms
[18.179s][info][gc,cpu         ] GC(213) User=6.47s Sys=0.02s Real=0.87s
[18.223s][info][gc,start       ] GC(214) Pause Young (Allocation Failure)
[18.364s][info][gc,heap        ] GC(214) PSYoungGen: 49140K(142848K)->31904K(143360K) Eden: 31744K(31744K)->0K(31744K) From: 17396K(111104K)->31904K(111616K)
[18.364s][info][gc,heap        ] GC(214) ParOldGen: 2654222K(2935808K)->2671806K(2935808K)
[18.364s][info][gc,metaspace   ] GC(214) Metaspace: 6303K(6528K)->6303K(6528K) NonClass: 5770K(5888K)->5770K(5888K) Class: 533K(640K)->533K(640K)
[18.364s][info][gc             ] GC(214) Pause Young (Allocation Failure) 2640M->2640M(3007M) 141.069ms
[18.364s][info][gc,cpu         ] GC(214) User=0.89s Sys=0.02s Real=0.14s
[18.399s][info][gc,start       ] GC(215) Pause Young (Allocation Failure)
[18.440s][info][gc,heap        ] GC(215) PSYoungGen: 63648K(143360K)->63648K(141824K) Eden: 31744K(31744K)->0K(35328K) From: 31904K(111616K)->63648K(106496K)
[18.440s][info][gc,heap        ] GC(215) ParOldGen: 2671806K(2935808K)->2671806K(2935808K)
[18.440s][info][gc,metaspace   ] GC(215) Metaspace: 6303K(6528K)->6303K(6528K) NonClass: 5770K(5888K)->5770K(5888K) Class: 533K(640K)->533K(640K)
[18.440s][info][gc             ] GC(215) Pause Young (Allocation Failure) 2671M->2671M(3005M) 40.753ms
[18.440s][info][gc,cpu         ] GC(215) User=0.27s Sys=0.00s Real=0.04s
[18.482s][info][gc,start       ] GC(216) Pause Young (Allocation Failure)
[18.538s][info][gc,heap        ] GC(216) PSYoungGen: 98976K(141824K)->67328K(143360K) Eden: 35328K(35328K)->0K(35328K) From: 63648K(106496K)->67328K(108032K)
[18.538s][info][gc,heap        ] GC(216) ParOldGen: 2671806K(2935808K)->2703838K(2935808K)
[18.538s][info][gc,metaspace   ] GC(216) Metaspace: 6303K(6528K)->6303K(6528K) NonClass: 5770K(5888K)->5770K(5888K) Class: 533K(640K)->533K(640K)
[18.538s][info][gc             ] GC(216) Pause Young (Allocation Failure) 2705M->2706M(3007M) 55.881ms
[18.538s][info][gc,cpu         ] GC(216) User=0.36s Sys=0.03s Real=0.05s
[18.582s][info][gc,start       ] GC(217) Pause Young (Allocation Failure)
[18.638s][info][gc,heap        ] GC(217) PSYoungGen: 102656K(143360K)->70880K(146432K) Eden: 35328K(35328K)->0K(38400K) From: 67328K(108032K)->70880K(108032K)
[18.638s][info][gc,heap        ] GC(217) ParOldGen: 2703838K(2935808K)->2735870K(2935808K)
[18.638s][info][gc,metaspace   ] GC(217) Metaspace: 6303K(6528K)->6303K(6528K) NonClass: 5770K(5888K)->5770K(5888K) Class: 533K(640K)->533K(640K)
[18.638s][info][gc             ] GC(217) Pause Young (Allocation Failure) 2740M->2740M(3010M) 56.484ms
[18.638s][info][gc,cpu         ] GC(217) User=0.34s Sys=0.03s Real=0.06s
[19.237s][info][gc,start       ] GC(218) Pause Young (Allocation Failure)
[19.352s][info][gc,heap        ] GC(218) PSYoungGen: 109280K(146432K)->73920K(147456K) Eden: 38400K(38400K)->0K(38400K) From: 70880K(108032K)->73920K(109056K)
[19.352s][info][gc,heap        ] GC(218) ParOldGen: 2866942K(2935808K)->2902598K(2935808K)
[19.352s][info][gc,metaspace   ] GC(218) Metaspace: 6303K(6528K)->6303K(6528K) NonClass: 5770K(5888K)->5770K(5888K) Class: 533K(640K)->533K(640K)
[19.352s][info][gc             ] GC(218) Pause Young (Allocation Failure) 2906M->2906M(3011M) 115.169ms
[19.352s][info][gc,cpu         ] GC(218) User=0.67s Sys=0.05s Real=0.12s
[19.352s][info][gc,start       ] GC(219) Pause Full (Ergonomics)
[19.352s][info][gc,phases,start] GC(219) Marking Phase
[20.013s][info][gc,phases      ] GC(219) Marking Phase 660.975ms
[20.013s][info][gc,phases,start] GC(219) Summary Phase
[20.013s][info][gc,phases      ] GC(219) Summary Phase 0.058ms
[20.013s][info][gc,phases,start] GC(219) Adjust Roots
[20.013s][info][gc,phases      ] GC(219) Adjust Roots 0.169ms
[20.013s][info][gc,phases,start] GC(219) Compaction Phase
[20.456s][info][gc,phases      ] GC(219) Compaction Phase 443.149ms
[20.456s][info][gc,phases,start] GC(219) Post Compact
[20.462s][info][gc,phases      ] GC(219) Post Compact 5.834ms
[20.462s][info][gc,heap        ] GC(219) PSYoungGen: 73920K(147456K)->0K(152064K) Eden: 0K(38400K)->0K(41984K) From: 73920K(109056K)->0K(110080K)
[20.462s][info][gc,heap        ] GC(219) ParOldGen: 2902598K(2935808K)->2909527K(2935808K)
[20.462s][info][gc,metaspace   ] GC(219) Metaspace: 6303K(6528K)->6303K(6528K) NonClass: 5770K(5888K)->5770K(5888K) Class: 533K(640K)->533K(640K)
[20.462s][info][gc             ] GC(219) Pause Full (Ergonomics) 2906M->2841M(3015M) 1110.539ms
[20.462s][info][gc,cpu         ] GC(219) User=7.92s Sys=0.03s Real=1.11s
[20.512s][info][gc,start       ] GC(220) Pause Full (Ergonomics)
[20.513s][info][gc,phases,start] GC(220) Marking Phase
[21.171s][info][gc,phases      ] GC(220) Marking Phase 658.544ms
[21.171s][info][gc,phases,start] GC(220) Summary Phase
[21.171s][info][gc,phases      ] GC(220) Summary Phase 0.039ms
[21.171s][info][gc,phases,start] GC(220) Adjust Roots
[21.171s][info][gc,phases      ] GC(220) Adjust Roots 0.168ms
[21.171s][info][gc,phases,start] GC(220) Compaction Phase
[21.720s][info][gc,phases      ] GC(220) Compaction Phase 548.374ms
[21.720s][info][gc,phases,start] GC(220) Post Compact
[21.725s][info][gc,phases      ] GC(220) Post Compact 5.284ms
[21.725s][info][gc,heap        ] GC(220) PSYoungGen: 41984K(152064K)->15860K(152064K) Eden: 41984K(41984K)->15860K(41984K) From: 0K(110080K)->0K(110080K)
[21.725s][info][gc,heap        ] GC(220) ParOldGen: 2909527K(2935808K)->2935620K(2935808K)
[21.725s][info][gc,metaspace   ] GC(220) Metaspace: 6303K(6528K)->6303K(6528K) NonClass: 5770K(5888K)->5770K(5888K) Class: 533K(640K)->533K(640K)
[21.725s][info][gc             ] GC(220) Pause Full (Ergonomics) 2882M->2882M(3015M) 1212.811ms
[21.725s][info][gc,cpu         ] GC(220) User=8.78s Sys=0.00s Real=1.21s
[21.754s][info][gc,start       ] GC(221) Pause Full (Ergonomics)
[21.754s][info][gc,phases,start] GC(221) Marking Phase
[22.419s][info][gc,phases      ] GC(221) Marking Phase 664.315ms
[22.419s][info][gc,phases,start] GC(221) Summary Phase
[22.419s][info][gc,phases      ] GC(221) Summary Phase 0.039ms
[22.419s][info][gc,phases,start] GC(221) Adjust Roots
[22.419s][info][gc,phases      ] GC(221) Adjust Roots 0.167ms
[22.419s][info][gc,phases,start] GC(221) Compaction Phase
[22.660s][info][gc,phases      ] GC(221) Compaction Phase 241.356ms
[22.660s][info][gc,phases,start] GC(221) Post Compact
[22.666s][info][gc,phases      ] GC(221) Post Compact 5.332ms
[22.666s][info][gc,heap        ] GC(221) PSYoungGen: 41984K(152064K)->41965K(152064K) Eden: 41984K(41984K)->41965K(41984K) From: 0K(110080K)->0K(110080K)
[22.666s][info][gc,heap        ] GC(221) ParOldGen: 2935620K(2935808K)->2935620K(2935808K)
[22.666s][info][gc,metaspace   ] GC(221) Metaspace: 6303K(6528K)->6303K(6528K) NonClass: 5770K(5888K)->5770K(5888K) Class: 533K(640K)->533K(640K)
[22.666s][info][gc             ] GC(221) Pause Full (Ergonomics) 2907M->2907M(3015M) 911.588ms
[22.666s][info][gc,cpu         ] GC(221) User=6.64s Sys=0.00s Real=0.91s
[22.666s][info][gc,start       ] GC(222) Pause Full (Ergonomics)
[22.666s][info][gc,phases,start] GC(222) Marking Phase
[23.339s][info][gc,phases      ] GC(222) Marking Phase 672.822ms
[23.339s][info][gc,phases,start] GC(222) Summary Phase
[23.339s][info][gc,phases      ] GC(222) Summary Phase 0.038ms
[23.339s][info][gc,phases,start] GC(222) Adjust Roots
[23.339s][info][gc,phases      ] GC(222) Adjust Roots 0.170ms
[23.339s][info][gc,phases,start] GC(222) Compaction Phase
[23.576s][info][gc,phases      ] GC(222) Compaction Phase 236.829ms
[23.576s][info][gc,phases,start] GC(222) Post Compact
[23.582s][info][gc,phases      ] GC(222) Post Compact 5.677ms
[23.582s][info][gc,heap        ] GC(222) PSYoungGen: 41984K(152064K)->41983K(152064K) Eden: 41984K(41984K)->41983K(41984K) From: 0K(110080K)->0K(110080K)
[23.582s][info][gc,heap        ] GC(222) ParOldGen: 2935620K(2935808K)->2935620K(2935808K)
[23.582s][info][gc,metaspace   ] GC(222) Metaspace: 6303K(6528K)->6303K(6528K) NonClass: 5770K(5888K)->5770K(5888K) Class: 533K(640K)->533K(640K)
[23.582s][info][gc             ] GC(222) Pause Full (Ergonomics) 2907M->2907M(3015M) 915.916ms
[23.582s][info][gc,cpu         ] GC(222) User=6.55s Sys=0.00s Real=0.92s
[23.582s][info][gc,start       ] GC(223) Pause Full (Ergonomics)
[23.582s][info][gc,phases,start] GC(223) Marking Phase
[24.251s][info][gc,phases      ] GC(223) Marking Phase 669.186ms
[24.251s][info][gc,phases,start] GC(223) Summary Phase
[24.251s][info][gc,phases      ] GC(223) Summary Phase 0.039ms
[24.252s][info][gc,phases,start] GC(223) Adjust Roots
[24.252s][info][gc,phases      ] GC(223) Adjust Roots 0.173ms
[24.252s][info][gc,phases,start] GC(223) Compaction Phase
[24.482s][info][gc,phases      ] GC(223) Compaction Phase 230.004ms
[24.482s][info][gc,phases,start] GC(223) Post Compact
[24.487s][info][gc,phases      ] GC(223) Post Compact 5.139ms
[24.487s][info][gc,heap        ] GC(223) PSYoungGen: 41983K(152064K)->41983K(152064K) Eden: 41983K(41984K)->41983K(41984K) From: 0K(110080K)->0K(110080K)
[24.487s][info][gc,heap        ] GC(223) ParOldGen: 2935620K(2935808K)->2935620K(2935808K)
[24.487s][info][gc,metaspace   ] GC(223) Metaspace: 6303K(6528K)->6303K(6528K) NonClass: 5770K(5888K)->5770K(5888K) Class: 533K(640K)->533K(640K)
[24.487s][info][gc             ] GC(223) Pause Full (Ergonomics) 2907M->2907M(3015M) 904.878ms
[24.487s][info][gc,cpu         ] GC(223) User=6.52s Sys=0.00s Real=0.90s
[24.487s][info][gc,start       ] GC(224) Pause Full (Ergonomics)
[24.487s][info][gc,phases,start] GC(224) Marking Phase
[25.152s][info][gc,phases      ] GC(224) Marking Phase 664.565ms
[25.152s][info][gc,phases,start] GC(224) Summary Phase
[25.152s][info][gc,phases      ] GC(224) Summary Phase 0.041ms
[25.152s][info][gc,phases,start] GC(224) Adjust Roots
[25.152s][info][gc,phases      ] GC(224) Adjust Roots 0.229ms
[25.152s][info][gc,phases,start] GC(224) Compaction Phase
[25.388s][info][gc,phases      ] GC(224) Compaction Phase 235.659ms
[25.388s][info][gc,phases,start] GC(224) Post Compact
[25.393s][info][gc,phases      ] GC(224) Post Compact 5.241ms
[25.393s][info][gc,heap        ] GC(224) PSYoungGen: 41984K(152064K)->41984K(152064K) Eden: 41984K(41984K)->41984K(41984K) From: 0K(110080K)->0K(110080K)
[25.393s][info][gc,heap        ] GC(224) ParOldGen: 2935625K(2935808K)->2935625K(2935808K)
[25.393s][info][gc,metaspace   ] GC(224) Metaspace: 6303K(6528K)->6303K(6528K) NonClass: 5770K(5888K)->5770K(5888K) Class: 533K(640K)->533K(640K)
[25.393s][info][gc             ] GC(224) Pause Full (Ergonomics) 2907M->2907M(3015M) 906.105ms
[25.393s][info][gc,cpu         ] GC(224) User=6.55s Sys=0.00s Real=0.91s
[25.394s][info][gc,start       ] GC(225) Pause Full (Ergonomics)
[25.394s][info][gc,phases,start] GC(225) Marking Phase
[26.057s][info][gc,phases      ] GC(225) Marking Phase 663.073ms
[26.057s][info][gc,phases,start] GC(225) Summary Phase
[26.057s][info][gc,phases      ] GC(225) Summary Phase 0.039ms
[26.057s][info][gc,phases,start] GC(225) Adjust Roots
[26.057s][info][gc,phases      ] GC(225) Adjust Roots 0.167ms
[26.057s][info][gc,phases,start] GC(225) Compaction Phase
[26.304s][info][gc,phases      ] GC(225) Compaction Phase 246.593ms
[26.304s][info][gc,phases,start] GC(225) Post Compact
[26.309s][info][gc,phases      ] GC(225) Post Compact 5.173ms
[26.309s][info][gc,heap        ] GC(225) PSYoungGen: 41984K(152064K)->41984K(152064K) Eden: 41984K(41984K)->41984K(41984K) From: 0K(110080K)->0K(110080K)
[26.309s][info][gc,heap        ] GC(225) ParOldGen: 2935630K(2935808K)->2935630K(2935808K)
[26.309s][info][gc,metaspace   ] GC(225) Metaspace: 6303K(6528K)->6303K(6528K) NonClass: 5770K(5888K)->5770K(5888K) Class: 533K(640K)->533K(640K)
[26.309s][info][gc             ] GC(225) Pause Full (Ergonomics) 2907M->2907M(3015M) 915.368ms
[26.309s][info][gc,cpu         ] GC(225) User=6.56s Sys=0.00s Real=0.91s
[26.309s][info][gc,start       ] GC(226) Pause Full (Ergonomics)
[26.309s][info][gc,phases,start] GC(226) Marking Phase
[26.975s][info][gc,phases      ] GC(226) Marking Phase 666.278ms
[26.976s][info][gc,phases,start] GC(226) Summary Phase
[26.976s][info][gc,phases      ] GC(226) Summary Phase 0.046ms
[26.976s][info][gc,phases,start] GC(226) Adjust Roots
[26.976s][info][gc,phases      ] GC(226) Adjust Roots 0.168ms
[26.976s][info][gc,phases,start] GC(226) Compaction Phase
[27.213s][info][gc,phases      ] GC(226) Compaction Phase 237.418ms
[27.213s][info][gc,phases,start] GC(226) Post Compact
[27.219s][info][gc,phases      ] GC(226) Post Compact 5.375ms
[27.219s][info][gc,heap        ] GC(226) PSYoungGen: 41984K(152064K)->41984K(152064K) Eden: 41984K(41984K)->41984K(41984K) From: 0K(110080K)->0K(110080K)
[27.219s][info][gc,heap        ] GC(226) ParOldGen: 2935635K(2935808K)->2935635K(2935808K)
[27.219s][info][gc,metaspace   ] GC(226) Metaspace: 6303K(6528K)->6303K(6528K) NonClass: 5770K(5888K)->5770K(5888K) Class: 533K(640K)->533K(640K)
[27.219s][info][gc             ] GC(226) Pause Full (Ergonomics) 2907M->2907M(3015M) 909.637ms
[27.219s][info][gc,cpu         ] GC(226) User=6.53s Sys=0.00s Real=0.91s
[27.219s][info][gc,start       ] GC(227) Pause Full (Ergonomics)
[27.219s][info][gc,phases,start] GC(227) Marking Phase
[27.890s][info][gc,phases      ] GC(227) Marking Phase 671.002ms
[27.890s][info][gc,phases,start] GC(227) Summary Phase
[27.890s][info][gc,phases      ] GC(227) Summary Phase 0.038ms
[27.890s][info][gc,phases,start] GC(227) Adjust Roots
[27.890s][info][gc,phases      ] GC(227) Adjust Roots 0.172ms
[27.890s][info][gc,phases,start] GC(227) Compaction Phase
[28.146s][info][gc,phases      ] GC(227) Compaction Phase 255.603ms
[28.146s][info][gc,phases,start] GC(227) Post Compact
[28.151s][info][gc,phases      ] GC(227) Post Compact 5.295ms
[28.151s][info][gc,heap        ] GC(227) PSYoungGen: 41984K(152064K)->41984K(152064K) Eden: 41984K(41984K)->41984K(41984K) From: 0K(110080K)->0K(110080K)
[28.151s][info][gc,heap        ] GC(227) ParOldGen: 2935640K(2935808K)->2935640K(2935808K)
[28.151s][info][gc,metaspace   ] GC(227) Metaspace: 6303K(6528K)->6303K(6528K) NonClass: 5770K(5888K)->5770K(5888K) Class: 533K(640K)->533K(640K)
[28.151s][info][gc             ] GC(227) Pause Full (Ergonomics) 2907M->2907M(3015M) 932.443ms
[28.151s][info][gc,cpu         ] GC(227) User=6.69s Sys=0.00s Real=0.93s
[28.152s][info][gc,start       ] GC(228) Pause Full (Ergonomics)
[28.152s][info][gc,phases,start] GC(228) Marking Phase
[28.834s][info][gc,phases      ] GC(228) Marking Phase 682.193ms
[28.834s][info][gc,phases,start] GC(228) Summary Phase
[28.834s][info][gc,phases      ] GC(228) Summary Phase 0.038ms
[28.834s][info][gc,phases,start] GC(228) Adjust Roots
[28.834s][info][gc,phases      ] GC(228) Adjust Roots 0.164ms
[28.834s][info][gc,phases,start] GC(228) Compaction Phase
[29.094s][info][gc,phases      ] GC(228) Compaction Phase 259.988ms
[29.094s][info][gc,phases,start] GC(228) Post Compact
[29.099s][info][gc,phases      ] GC(228) Post Compact 5.225ms
[29.100s][info][gc,heap        ] GC(228) PSYoungGen: 41984K(152064K)->41984K(152064K) Eden: 41984K(41984K)->41984K(41984K) From: 0K(110080K)->0K(110080K)
[29.100s][info][gc,heap        ] GC(228) ParOldGen: 2935644K(2935808K)->2935644K(2935808K)
[29.100s][info][gc,metaspace   ] GC(228) Metaspace: 6303K(6528K)->6303K(6528K) NonClass: 5770K(5888K)->5770K(5888K) Class: 533K(640K)->533K(640K)
[29.100s][info][gc             ] GC(228) Pause Full (Ergonomics) 2907M->2907M(3015M) 947.970ms
[29.100s][info][gc,cpu         ] GC(228) User=6.53s Sys=0.00s Real=0.95s
[29.100s][info][gc,start       ] GC(229) Pause Full (Ergonomics)
[29.100s][info][gc,phases,start] GC(229) Marking Phase
[29.768s][info][gc,phases      ] GC(229) Marking Phase 668.155ms
[29.768s][info][gc,phases,start] GC(229) Summary Phase
[29.768s][info][gc,phases      ] GC(229) Summary Phase 0.038ms
[29.768s][info][gc,phases,start] GC(229) Adjust Roots
[29.768s][info][gc,phases      ] GC(229) Adjust Roots 0.164ms
[29.768s][info][gc,phases,start] GC(229) Compaction Phase
[30.026s][info][gc,phases      ] GC(229) Compaction Phase 257.943ms
[30.026s][info][gc,phases,start] GC(229) Post Compact
[30.031s][info][gc,phases      ] GC(229) Post Compact 5.138ms
[30.032s][info][gc,heap        ] GC(229) PSYoungGen: 41984K(152064K)->41984K(152064K) Eden: 41984K(41984K)->41984K(41984K) From: 0K(110080K)->0K(110080K)
[30.032s][info][gc,heap        ] GC(229) ParOldGen: 2935649K(2935808K)->2935649K(2935808K)
[30.032s][info][gc,metaspace   ] GC(229) Metaspace: 6303K(6528K)->6303K(6528K) NonClass: 5770K(5888K)->5770K(5888K) Class: 533K(640K)->533K(640K)
[30.032s][info][gc             ] GC(229) Pause Full (Ergonomics) 2907M->2907M(3015M) 931.773ms
[30.032s][info][gc,cpu         ] GC(229) User=6.55s Sys=0.00s Real=0.93s
[30.032s][info][gc,start       ] GC(230) Pause Full (Ergonomics)
[30.032s][info][gc,phases,start] GC(230) Marking Phase
[30.708s][info][gc,phases      ] GC(230) Marking Phase 676.170ms
[30.708s][info][gc,phases,start] GC(230) Summary Phase
[30.708s][info][gc,phases      ] GC(230) Summary Phase 0.038ms
[30.708s][info][gc,phases,start] GC(230) Adjust Roots
[30.708s][info][gc,phases      ] GC(230) Adjust Roots 0.190ms
[30.708s][info][gc,phases,start] GC(230) Compaction Phase
[30.952s][info][gc,phases      ] GC(230) Compaction Phase 243.500ms
[30.952s][info][gc,phases,start] GC(230) Post Compact
[30.958s][info][gc,phases      ] GC(230) Post Compact 5.679ms
[30.958s][info][gc,heap        ] GC(230) PSYoungGen: 41984K(152064K)->41984K(152064K) Eden: 41984K(41984K)->41984K(41984K) From: 0K(110080K)->0K(110080K)
[30.958s][info][gc,heap        ] GC(230) ParOldGen: 2935654K(2935808K)->2935654K(2935808K)
[30.958s][info][gc,metaspace   ] GC(230) Metaspace: 6303K(6528K)->6303K(6528K) NonClass: 5770K(5888K)->5770K(5888K) Class: 533K(640K)->533K(640K)
[30.958s][info][gc             ] GC(230) Pause Full (Ergonomics) 2907M->2907M(3015M) 925.927ms
[30.958s][info][gc,cpu         ] GC(230) User=6.66s Sys=0.00s Real=0.93s
[30.958s][info][gc,start       ] GC(231) Pause Full (Ergonomics)
[30.958s][info][gc,phases,start] GC(231) Marking Phase
[31.639s][info][gc,phases      ] GC(231) Marking Phase 681.300ms
[31.639s][info][gc,phases,start] GC(231) Summary Phase
[31.639s][info][gc,phases      ] GC(231) Summary Phase 0.038ms
[31.639s][info][gc,phases,start] GC(231) Adjust Roots
[31.640s][info][gc,phases      ] GC(231) Adjust Roots 0.166ms
[31.640s][info][gc,phases,start] GC(231) Compaction Phase
[31.896s][info][gc,phases      ] GC(231) Compaction Phase 256.793ms
[31.896s][info][gc,phases,start] GC(231) Post Compact
[31.902s][info][gc,phases      ] GC(231) Post Compact 5.236ms
[31.902s][info][gc,heap        ] GC(231) PSYoungGen: 41984K(152064K)->41984K(152064K) Eden: 41984K(41984K)->41984K(41984K) From: 0K(110080K)->0K(110080K)
[31.902s][info][gc,heap        ] GC(231) ParOldGen: 2935659K(2935808K)->2935659K(2935808K)
[31.902s][info][gc,metaspace   ] GC(231) Metaspace: 6303K(6528K)->6303K(6528K) NonClass: 5770K(5888K)->5770K(5888K) Class: 533K(640K)->533K(640K)
[31.902s][info][gc             ] GC(231) Pause Full (Ergonomics) 2907M->2907M(3015M) 943.881ms
[31.902s][info][gc,cpu         ] GC(231) User=6.66s Sys=0.00s Real=0.94s
[31.902s][info][gc,start       ] GC(232) Pause Full (Ergonomics)
[31.902s][info][gc,phases,start] GC(232) Marking Phase
[32.581s][info][gc,phases      ] GC(232) Marking Phase 678.983ms
[32.581s][info][gc,phases,start] GC(232) Summary Phase
[32.581s][info][gc,phases      ] GC(232) Summary Phase 0.038ms
[32.581s][info][gc,phases,start] GC(232) Adjust Roots
[32.581s][info][gc,phases      ] GC(232) Adjust Roots 0.164ms
[32.581s][info][gc,phases,start] GC(232) Compaction Phase
[32.837s][info][gc,phases      ] GC(232) Compaction Phase 255.686ms
[32.837s][info][gc,phases,start] GC(232) Post Compact
[32.842s][info][gc,phases      ] GC(232) Post Compact 5.140ms
[32.842s][info][gc,heap        ] GC(232) PSYoungGen: 41984K(152064K)->41984K(152064K) Eden: 41984K(41984K)->41984K(41984K) From: 0K(110080K)->0K(110080K)
[32.842s][info][gc,heap        ] GC(232) ParOldGen: 2935664K(2935808K)->2935664K(2935808K)
[32.842s][info][gc,metaspace   ] GC(232) Metaspace: 6303K(6528K)->6303K(6528K) NonClass: 5770K(5888K)->5770K(5888K) Class: 533K(640K)->533K(640K)
[32.842s][info][gc             ] GC(232) Pause Full (Ergonomics) 2907M->2907M(3015M) 940.337ms
[32.842s][info][gc,cpu         ] GC(232) User=6.72s Sys=0.00s Real=0.94s
[32.843s][info][gc,start       ] GC(233) Pause Full (Ergonomics)
[32.843s][info][gc,phases,start] GC(233) Marking Phase
[33.506s][info][gc,phases      ] GC(233) Marking Phase 663.386ms
[33.506s][info][gc,phases,start] GC(233) Summary Phase
[33.506s][info][gc,phases      ] GC(233) Summary Phase 0.038ms
[33.506s][info][gc,phases,start] GC(233) Adjust Roots
[33.506s][info][gc,phases      ] GC(233) Adjust Roots 0.168ms
[33.506s][info][gc,phases,start] GC(233) Compaction Phase
[33.765s][info][gc,phases      ] GC(233) Compaction Phase 258.950ms
[33.765s][info][gc,phases,start] GC(233) Post Compact
[33.770s][info][gc,phases      ] GC(233) Post Compact 5.187ms
[33.771s][info][gc,heap        ] GC(233) PSYoungGen: 41984K(152064K)->41984K(152064K) Eden: 41984K(41984K)->41984K(41984K) From: 0K(110080K)->0K(110080K)
[33.771s][info][gc,heap        ] GC(233) ParOldGen: 2935669K(2935808K)->2935669K(2935808K)
[33.771s][info][gc,metaspace   ] GC(233) Metaspace: 6303K(6528K)->6303K(6528K) NonClass: 5770K(5888K)->5770K(5888K) Class: 533K(640K)->533K(640K)
[33.771s][info][gc             ] GC(233) Pause Full (Ergonomics) 2907M->2907M(3015M) 928.063ms
[33.771s][info][gc,cpu         ] GC(233) User=6.55s Sys=0.02s Real=0.93s
[33.771s][info][gc,start       ] GC(234) Pause Full (Ergonomics)
[33.771s][info][gc,phases,start] GC(234) Marking Phase
[34.440s][info][gc,phases      ] GC(234) Marking Phase 669.538ms
[34.440s][info][gc,phases,start] GC(234) Summary Phase
[34.441s][info][gc,phases      ] GC(234) Summary Phase 0.038ms
[34.441s][info][gc,phases,start] GC(234) Adjust Roots
[34.441s][info][gc,phases      ] GC(234) Adjust Roots 0.163ms
[34.441s][info][gc,phases,start] GC(234) Compaction Phase
[34.680s][info][gc,phases      ] GC(234) Compaction Phase 239.678ms
[34.680s][info][gc,phases,start] GC(234) Post Compact
[34.686s][info][gc,phases      ] GC(234) Post Compact 5.295ms
[34.686s][info][gc,heap        ] GC(234) PSYoungGen: 41984K(152064K)->41984K(152064K) Eden: 41984K(41984K)->41984K(41984K) From: 0K(110080K)->0K(110080K)
[34.686s][info][gc,heap        ] GC(234) ParOldGen: 2935673K(2935808K)->2935673K(2935808K)
[34.686s][info][gc,metaspace   ] GC(234) Metaspace: 6303K(6528K)->6303K(6528K) NonClass: 5770K(5888K)->5770K(5888K) Class: 533K(640K)->533K(640K)
[34.686s][info][gc             ] GC(234) Pause Full (Ergonomics) 2907M->2907M(3015M) 915.113ms
[34.686s][info][gc,cpu         ] GC(234) User=6.56s Sys=0.00s Real=0.91s
[34.686s][info][gc,start       ] GC(235) Pause Full (Ergonomics)
[34.686s][info][gc,phases,start] GC(235) Marking Phase
[35.374s][info][gc,phases      ] GC(235) Marking Phase 687.844ms
[35.374s][info][gc,phases,start] GC(235) Summary Phase
[35.374s][info][gc,phases      ] GC(235) Summary Phase 0.038ms
[35.374s][info][gc,phases,start] GC(235) Adjust Roots
[35.374s][info][gc,phases      ] GC(235) Adjust Roots 0.167ms
[35.374s][info][gc,phases,start] GC(235) Compaction Phase
[35.625s][info][gc,phases      ] GC(235) Compaction Phase 250.595ms
[35.625s][info][gc,phases,start] GC(235) Post Compact
[35.630s][info][gc,phases      ] GC(235) Post Compact 5.143ms
[35.630s][info][gc,heap        ] GC(235) PSYoungGen: 41984K(152064K)->41984K(152064K) Eden: 41984K(41984K)->41984K(41984K) From: 0K(110080K)->0K(110080K)
[35.630s][info][gc,heap        ] GC(235) ParOldGen: 2935678K(2935808K)->2935678K(2935808K)
[35.630s][info][gc,metaspace   ] GC(235) Metaspace: 6303K(6528K)->6303K(6528K) NonClass: 5770K(5888K)->5770K(5888K) Class: 533K(640K)->533K(640K)
[35.630s][info][gc             ] GC(235) Pause Full (Ergonomics) 2907M->2907M(3015M) 944.125ms
[35.630s][info][gc,cpu         ] GC(235) User=6.77s Sys=0.02s Real=0.94s
[35.631s][info][gc,start       ] GC(236) Pause Full (Ergonomics)
[35.631s][info][gc,phases,start] GC(236) Marking Phase
[36.333s][info][gc,phases      ] GC(236) Marking Phase 702.313ms
[36.333s][info][gc,phases,start] GC(236) Summary Phase
[36.333s][info][gc,phases      ] GC(236) Summary Phase 0.038ms
[36.333s][info][gc,phases,start] GC(236) Adjust Roots
[36.333s][info][gc,phases      ] GC(236) Adjust Roots 0.174ms
[36.333s][info][gc,phases,start] GC(236) Compaction Phase
[36.592s][info][gc,phases      ] GC(236) Compaction Phase 258.925ms
[36.592s][info][gc,phases,start] GC(236) Post Compact
[36.598s][info][gc,phases      ] GC(236) Post Compact 5.505ms
[36.598s][info][gc,heap        ] GC(236) PSYoungGen: 41984K(152064K)->41984K(152064K) Eden: 41984K(41984K)->41984K(41984K) From: 0K(110080K)->0K(110080K)
[36.598s][info][gc,heap        ] GC(236) ParOldGen: 2935683K(2935808K)->2935683K(2935808K)
[36.598s][info][gc,metaspace   ] GC(236) Metaspace: 6303K(6528K)->6303K(6528K) NonClass: 5770K(5888K)->5770K(5888K) Class: 533K(640K)->533K(640K)
[36.598s][info][gc             ] GC(236) Pause Full (Ergonomics) 2907M->2907M(3015M) 967.342ms
[36.598s][info][gc,cpu         ] GC(236) User=6.78s Sys=0.02s Real=0.97s
[36.598s][info][gc,start       ] GC(237) Pause Full (Ergonomics)
[36.598s][info][gc,phases,start] GC(237) Marking Phase
[37.252s][info][gc,phases      ] GC(237) Marking Phase 653.935ms
[37.252s][info][gc,phases,start] GC(237) Summary Phase
[37.252s][info][gc,phases      ] GC(237) Summary Phase 0.055ms
[37.252s][info][gc,phases,start] GC(237) Adjust Roots
[37.252s][info][gc,phases      ] GC(237) Adjust Roots 0.175ms
[37.252s][info][gc,phases,start] GC(237) Compaction Phase
[37.499s][info][gc,phases      ] GC(237) Compaction Phase 246.067ms
[37.499s][info][gc,phases,start] GC(237) Post Compact
[37.505s][info][gc,phases      ] GC(237) Post Compact 5.929ms
[37.505s][info][gc,heap        ] GC(237) PSYoungGen: 41984K(152064K)->41984K(152064K) Eden: 41984K(41984K)->41984K(41984K) From: 0K(110080K)->0K(110080K)
[37.505s][info][gc,heap        ] GC(237) ParOldGen: 2935688K(2935808K)->2935688K(2935808K)
[37.505s][info][gc,metaspace   ] GC(237) Metaspace: 6303K(6528K)->6303K(6528K) NonClass: 5770K(5888K)->5770K(5888K) Class: 533K(640K)->533K(640K)
[37.505s][info][gc             ] GC(237) Pause Full (Ergonomics) 2907M->2907M(3015M) 906.541ms
[37.505s][info][gc,cpu         ] GC(237) User=6.42s Sys=0.02s Real=0.91s
[37.505s][info][gc,start       ] GC(238) Pause Full (Ergonomics)
[37.505s][info][gc,phases,start] GC(238) Marking Phase
[38.185s][info][gc,phases      ] GC(238) Marking Phase 679.916ms
[38.185s][info][gc,phases,start] GC(238) Summary Phase
[38.185s][info][gc,phases      ] GC(238) Summary Phase 0.051ms
[38.185s][info][gc,phases,start] GC(238) Adjust Roots
[38.185s][info][gc,phases      ] GC(238) Adjust Roots 0.233ms
[38.185s][info][gc,phases,start] GC(238) Compaction Phase
[38.443s][info][gc,phases      ] GC(238) Compaction Phase 257.311ms
[38.443s][info][gc,phases,start] GC(238) Post Compact
[38.449s][info][gc,phases      ] GC(238) Post Compact 6.164ms
[38.449s][info][gc,heap        ] GC(238) PSYoungGen: 41984K(152064K)->41984K(152064K) Eden: 41984K(41984K)->41984K(41984K) From: 0K(110080K)->0K(110080K)
[38.449s][info][gc,heap        ] GC(238) ParOldGen: 2935693K(2935808K)->2935693K(2935808K)
[38.449s][info][gc,metaspace   ] GC(238) Metaspace: 6303K(6528K)->6303K(6528K) NonClass: 5770K(5888K)->5770K(5888K) Class: 533K(640K)->533K(640K)
[38.449s][info][gc             ] GC(238) Pause Full (Ergonomics) 2907M->2907M(3015M) 944.045ms
[38.449s][info][gc,cpu         ] GC(238) User=6.78s Sys=0.00s Real=0.94s
[38.449s][info][gc,start       ] GC(239) Pause Full (Ergonomics)
[38.449s][info][gc,phases,start] GC(239) Marking Phase
[39.135s][info][gc,phases      ] GC(239) Marking Phase 686.037ms
[39.135s][info][gc,phases,start] GC(239) Summary Phase
[39.135s][info][gc,phases      ] GC(239) Summary Phase 0.053ms
[39.135s][info][gc,phases,start] GC(239) Adjust Roots
[39.136s][info][gc,phases      ] GC(239) Adjust Roots 0.194ms
[39.136s][info][gc,phases,start] GC(239) Compaction Phase
[39.386s][info][gc,phases      ] GC(239) Compaction Phase 250.246ms
[39.386s][info][gc,phases,start] GC(239) Post Compact
[39.392s][info][gc,phases      ] GC(239) Post Compact 6.153ms
[39.392s][info][gc,heap        ] GC(239) PSYoungGen: 41984K(152064K)->41984K(152064K) Eden: 41984K(41984K)->41984K(41984K) From: 0K(110080K)->0K(110080K)
[39.392s][info][gc,heap        ] GC(239) ParOldGen: 2935698K(2935808K)->2935698K(2935808K)
[39.392s][info][gc,metaspace   ] GC(239) Metaspace: 6303K(6528K)->6303K(6528K) NonClass: 5770K(5888K)->5770K(5888K) Class: 533K(640K)->533K(640K)
[39.392s][info][gc             ] GC(239) Pause Full (Ergonomics) 2907M->2907M(3015M) 943.038ms
[39.392s][info][gc,cpu         ] GC(239) User=6.67s Sys=0.00s Real=0.94s
[39.392s][info][gc,start       ] GC(240) Pause Full (Ergonomics)
[39.392s][info][gc,phases,start] GC(240) Marking Phase
[40.090s][info][gc,phases      ] GC(240) Marking Phase 697.128ms
[40.090s][info][gc,phases,start] GC(240) Summary Phase
[40.090s][info][gc,phases      ] GC(240) Summary Phase 0.041ms
[40.090s][info][gc,phases,start] GC(240) Adjust Roots
[40.090s][info][gc,phases      ] GC(240) Adjust Roots 0.180ms
[40.090s][info][gc,phases,start] GC(240) Compaction Phase
[40.339s][info][gc,phases      ] GC(240) Compaction Phase 248.827ms
[40.339s][info][gc,phases,start] GC(240) Post Compact
[40.344s][info][gc,phases      ] GC(240) Post Compact 5.119ms
[40.344s][info][gc,heap        ] GC(240) PSYoungGen: 41984K(152064K)->41984K(152064K) Eden: 41984K(41984K)->41984K(41984K) From: 0K(110080K)->0K(110080K)
[40.344s][info][gc,heap        ] GC(240) ParOldGen: 2935702K(2935808K)->2935702K(2935808K)
[40.344s][info][gc,metaspace   ] GC(240) Metaspace: 6303K(6528K)->6303K(6528K) NonClass: 5770K(5888K)->5770K(5888K) Class: 533K(640K)->533K(640K)
[40.344s][info][gc             ] GC(240) Pause Full (Ergonomics) 2907M->2907M(3015M) 951.629ms
[40.344s][info][gc,cpu         ] GC(240) User=6.64s Sys=0.00s Real=0.95s
[40.344s][info][gc,start       ] GC(241) Pause Full (Ergonomics)
[40.344s][info][gc,phases,start] GC(241) Marking Phase
[41.028s][info][gc,phases      ] GC(241) Marking Phase 683.981ms
[41.028s][info][gc,phases,start] GC(241) Summary Phase
[41.028s][info][gc,phases      ] GC(241) Summary Phase 0.038ms
[41.028s][info][gc,phases,start] GC(241) Adjust Roots
[41.029s][info][gc,phases      ] GC(241) Adjust Roots 0.168ms
[41.029s][info][gc,phases,start] GC(241) Compaction Phase
[41.285s][info][gc,phases      ] GC(241) Compaction Phase 256.551ms
[41.285s][info][gc,phases,start] GC(241) Post Compact
[41.290s][info][gc,phases      ] GC(241) Post Compact 5.229ms
[41.291s][info][gc,heap        ] GC(241) PSYoungGen: 41984K(152064K)->41984K(152064K) Eden: 41984K(41984K)->41984K(41984K) From: 0K(110080K)->0K(110080K)
[41.291s][info][gc,heap        ] GC(241) ParOldGen: 2935707K(2935808K)->2935707K(2935808K)
[41.291s][info][gc,metaspace   ] GC(241) Metaspace: 6303K(6528K)->6303K(6528K) NonClass: 5770K(5888K)->5770K(5888K) Class: 533K(640K)->533K(640K)
[41.291s][info][gc             ] GC(241) Pause Full (Ergonomics) 2907M->2907M(3015M) 946.335ms
[41.291s][info][gc,cpu         ] GC(241) User=6.86s Sys=0.00s Real=0.95s
[41.291s][info][gc,start       ] GC(242) Pause Full (Ergonomics)
[41.291s][info][gc,phases,start] GC(242) Marking Phase
[41.982s][info][gc,phases      ] GC(242) Marking Phase 690.611ms
[41.982s][info][gc,phases,start] GC(242) Summary Phase
[41.982s][info][gc,phases      ] GC(242) Summary Phase 0.038ms
[41.982s][info][gc,phases,start] GC(242) Adjust Roots
[41.982s][info][gc,phases      ] GC(242) Adjust Roots 0.164ms
[41.982s][info][gc,phases,start] GC(242) Compaction Phase
[42.262s][info][gc,phases      ] GC(242) Compaction Phase 280.585ms
[42.262s][info][gc,phases,start] GC(242) Post Compact
[42.268s][info][gc,phases      ] GC(242) Post Compact 5.224ms
[42.268s][info][gc,heap        ] GC(242) PSYoungGen: 41984K(152064K)->41984K(152064K) Eden: 41984K(41984K)->41984K(41984K) From: 0K(110080K)->0K(110080K)
[42.268s][info][gc,heap        ] GC(242) ParOldGen: 2935712K(2935808K)->2935712K(2935808K)
[42.268s][info][gc,metaspace   ] GC(242) Metaspace: 6303K(6528K)->6303K(6528K) NonClass: 5770K(5888K)->5770K(5888K) Class: 533K(640K)->533K(640K)
[42.268s][info][gc             ] GC(242) Pause Full (Ergonomics) 2907M->2907M(3015M) 976.989ms
[42.268s][info][gc,cpu         ] GC(242) User=6.97s Sys=0.00s Real=0.98s
[42.268s][info][gc,start       ] GC(243) Pause Full (Ergonomics)
[42.268s][info][gc,phases,start] GC(243) Marking Phase
[42.945s][info][gc,phases      ] GC(243) Marking Phase 676.621ms
[42.945s][info][gc,phases,start] GC(243) Summary Phase
[42.945s][info][gc,phases      ] GC(243) Summary Phase 0.039ms
[42.945s][info][gc,phases,start] GC(243) Adjust Roots
[42.945s][info][gc,phases      ] GC(243) Adjust Roots 0.165ms
[42.945s][info][gc,phases,start] GC(243) Compaction Phase
[43.216s][info][gc,phases      ] GC(243) Compaction Phase 270.825ms
[43.216s][info][gc,phases,start] GC(243) Post Compact
[43.221s][info][gc,phases      ] GC(243) Post Compact 5.225ms
[43.221s][info][gc,heap        ] GC(243) PSYoungGen: 41984K(152064K)->41984K(152064K) Eden: 41984K(41984K)->41984K(41984K) From: 0K(110080K)->0K(110080K)
[43.221s][info][gc,heap        ] GC(243) ParOldGen: 2935717K(2935808K)->2935717K(2935808K)
[43.221s][info][gc,metaspace   ] GC(243) Metaspace: 6303K(6528K)->6303K(6528K) NonClass: 5770K(5888K)->5770K(5888K) Class: 533K(640K)->533K(640K)
[43.221s][info][gc             ] GC(243) Pause Full (Ergonomics) 2907M->2907M(3015M) 953.253ms
[43.221s][info][gc,cpu         ] GC(243) User=6.72s Sys=0.00s Real=0.95s
[43.222s][info][gc,start       ] GC(244) Pause Full (Ergonomics)
[43.222s][info][gc,phases,start] GC(244) Marking Phase
[43.901s][info][gc,phases      ] GC(244) Marking Phase 678.976ms
[43.901s][info][gc,phases,start] GC(244) Summary Phase
[43.901s][info][gc,phases      ] GC(244) Summary Phase 0.038ms
[43.901s][info][gc,phases,start] GC(244) Adjust Roots
[43.901s][info][gc,phases      ] GC(244) Adjust Roots 0.165ms
[43.901s][info][gc,phases,start] GC(244) Compaction Phase
[44.151s][info][gc,phases      ] GC(244) Compaction Phase 250.406ms
[44.151s][info][gc,phases,start] GC(244) Post Compact
[44.157s][info][gc,phases      ] GC(244) Post Compact 5.160ms
[44.157s][info][gc,heap        ] GC(244) PSYoungGen: 41984K(152064K)->41984K(152064K) Eden: 41984K(41984K)->41984K(41984K) From: 0K(110080K)->0K(110080K)
[44.157s][info][gc,heap        ] GC(244) ParOldGen: 2935722K(2935808K)->2935722K(2935808K)
[44.157s][info][gc,metaspace   ] GC(244) Metaspace: 6303K(6528K)->6303K(6528K) NonClass: 5770K(5888K)->5770K(5888K) Class: 533K(640K)->533K(640K)
[44.157s][info][gc             ] GC(244) Pause Full (Ergonomics) 2907M->2907M(3015M) 935.098ms
[44.157s][info][gc,cpu         ] GC(244) User=6.66s Sys=0.00s Real=0.93s
[44.157s][info][gc,start       ] GC(245) Pause Full (Ergonomics)
[44.157s][info][gc,phases,start] GC(245) Marking Phase
[44.846s][info][gc,phases      ] GC(245) Marking Phase 689.155ms
[44.846s][info][gc,phases,start] GC(245) Summary Phase
[44.846s][info][gc,phases      ] GC(245) Summary Phase 0.047ms
[44.846s][info][gc,phases,start] GC(245) Adjust Roots
[44.846s][info][gc,phases      ] GC(245) Adjust Roots 0.174ms
[44.846s][info][gc,phases,start] GC(245) Compaction Phase
[45.100s][info][gc,phases      ] GC(245) Compaction Phase 254.041ms
[45.100s][info][gc,phases,start] GC(245) Post Compact
[45.106s][info][gc,phases      ] GC(245) Post Compact 5.145ms
[45.106s][info][gc,heap        ] GC(245) PSYoungGen: 41984K(152064K)->41984K(152064K) Eden: 41984K(41984K)->41984K(41984K) From: 0K(110080K)->0K(110080K)
[45.106s][info][gc,heap        ] GC(245) ParOldGen: 2935727K(2935808K)->2935727K(2935808K)
[45.106s][info][gc,metaspace   ] GC(245) Metaspace: 6303K(6528K)->6303K(6528K) NonClass: 5770K(5888K)->5770K(5888K) Class: 533K(640K)->533K(640K)
[45.106s][info][gc             ] GC(245) Pause Full (Ergonomics) 2907M->2907M(3015M) 948.898ms
[45.106s][info][gc,cpu         ] GC(245) User=6.78s Sys=0.00s Real=0.95s
[45.106s][info][gc,start       ] GC(246) Pause Full (Ergonomics)
[45.106s][info][gc,phases,start] GC(246) Marking Phase
[45.788s][info][gc,phases      ] GC(246) Marking Phase 682.361ms
[45.788s][info][gc,phases,start] GC(246) Summary Phase
[45.788s][info][gc,phases      ] GC(246) Summary Phase 0.038ms
[45.788s][info][gc,phases,start] GC(246) Adjust Roots
[45.789s][info][gc,phases      ] GC(246) Adjust Roots 0.166ms
[45.789s][info][gc,phases,start] GC(246) Compaction Phase
[46.053s][info][gc,phases      ] GC(246) Compaction Phase 263.987ms
[46.053s][info][gc,phases,start] GC(246) Post Compact
[46.058s][info][gc,phases      ] GC(246) Post Compact 5.282ms
[46.058s][info][gc,heap        ] GC(246) PSYoungGen: 41984K(152064K)->41984K(152064K) Eden: 41984K(41984K)->41984K(41984K) From: 0K(110080K)->0K(110080K)
[46.058s][info][gc,heap        ] GC(246) ParOldGen: 2935731K(2935808K)->2935731K(2935808K)
[46.058s][info][gc,metaspace   ] GC(246) Metaspace: 6303K(6528K)->6303K(6528K) NonClass: 5770K(5888K)->5770K(5888K) Class: 533K(640K)->533K(640K)
[46.058s][info][gc             ] GC(246) Pause Full (Ergonomics) 2907M->2907M(3015M) 952.208ms
[46.058s][info][gc,cpu         ] GC(246) User=6.73s Sys=0.00s Real=0.95s
[46.058s][info][gc,start       ] GC(247) Pause Full (Ergonomics)
[46.058s][info][gc,phases,start] GC(247) Marking Phase
[46.745s][info][gc,phases      ] GC(247) Marking Phase 686.190ms
[46.745s][info][gc,phases,start] GC(247) Summary Phase
[46.745s][info][gc,phases      ] GC(247) Summary Phase 0.037ms
[46.745s][info][gc,phases,start] GC(247) Adjust Roots
[46.745s][info][gc,phases      ] GC(247) Adjust Roots 0.220ms
[46.745s][info][gc,phases,start] GC(247) Compaction Phase
[46.998s][info][gc,phases      ] GC(247) Compaction Phase 252.591ms
[46.998s][info][gc,phases,start] GC(247) Post Compact
[47.003s][info][gc,phases      ] GC(247) Post Compact 5.138ms
[47.003s][info][gc,heap        ] GC(247) PSYoungGen: 41984K(152064K)->41984K(152064K) Eden: 41984K(41984K)->41984K(41984K) From: 0K(110080K)->0K(110080K)
[47.003s][info][gc,heap        ] GC(247) ParOldGen: 2935736K(2935808K)->2935736K(2935808K)
[47.003s][info][gc,metaspace   ] GC(247) Metaspace: 6303K(6528K)->6303K(6528K) NonClass: 5770K(5888K)->5770K(5888K) Class: 533K(640K)->533K(640K)
[47.003s][info][gc             ] GC(247) Pause Full (Ergonomics) 2907M->2907M(3015M) 944.502ms
[47.003s][info][gc,cpu         ] GC(247) User=6.70s Sys=0.00s Real=0.94s
[47.003s][info][gc,start       ] GC(248) Pause Full (Ergonomics)
[47.003s][info][gc,phases,start] GC(248) Marking Phase
[47.682s][info][gc,phases      ] GC(248) Marking Phase 678.704ms
[47.682s][info][gc,phases,start] GC(248) Summary Phase
[47.682s][info][gc,phases      ] GC(248) Summary Phase 0.038ms
[47.682s][info][gc,phases,start] GC(248) Adjust Roots
[47.682s][info][gc,phases      ] GC(248) Adjust Roots 0.165ms
[47.682s][info][gc,phases,start] GC(248) Compaction Phase
[47.934s][info][gc,phases      ] GC(248) Compaction Phase 251.630ms
[47.934s][info][gc,phases,start] GC(248) Post Compact
[47.939s][info][gc,phases      ] GC(248) Post Compact 5.418ms
[47.939s][info][gc,heap        ] GC(248) PSYoungGen: 41984K(152064K)->41984K(152064K) Eden: 41984K(41984K)->41984K(41984K) From: 0K(110080K)->0K(110080K)
[47.939s][info][gc,heap        ] GC(248) ParOldGen: 2935741K(2935808K)->2935741K(2935808K)
[47.939s][info][gc,metaspace   ] GC(248) Metaspace: 6303K(6528K)->6303K(6528K) NonClass: 5770K(5888K)->5770K(5888K) Class: 533K(640K)->533K(640K)
[47.940s][info][gc             ] GC(248) Pause Full (Ergonomics) 2907M->2907M(3015M) 936.298ms
[47.940s][info][gc,cpu         ] GC(248) User=6.73s Sys=0.00s Real=0.94s
[47.940s][info][gc,start       ] GC(249) Pause Full (Ergonomics)
[47.940s][info][gc,phases,start] GC(249) Marking Phase
[48.620s][info][gc,phases      ] GC(249) Marking Phase 680.655ms
[48.620s][info][gc,phases,start] GC(249) Summary Phase
[48.621s][info][gc,phases      ] GC(249) Summary Phase 0.038ms
[48.621s][info][gc,phases,start] GC(249) Adjust Roots
[48.621s][info][gc,phases      ] GC(249) Adjust Roots 0.165ms
[48.621s][info][gc,phases,start] GC(249) Compaction Phase
[48.897s][info][gc,phases      ] GC(249) Compaction Phase 276.230ms
[48.897s][info][gc,phases,start] GC(249) Post Compact
[48.902s][info][gc,phases      ] GC(249) Post Compact 5.148ms
[48.902s][info][gc,heap        ] GC(249) PSYoungGen: 41984K(152064K)->41984K(152064K) Eden: 41984K(41984K)->41984K(41984K) From: 0K(110080K)->0K(110080K)
[48.902s][info][gc,heap        ] GC(249) ParOldGen: 2935746K(2935808K)->2935746K(2935808K)
[48.902s][info][gc,metaspace   ] GC(249) Metaspace: 6303K(6528K)->6303K(6528K) NonClass: 5770K(5888K)->5770K(5888K) Class: 533K(640K)->533K(640K)
[48.902s][info][gc             ] GC(249) Pause Full (Ergonomics) 2907M->2907M(3015M) 962.557ms
[48.902s][info][gc,cpu         ] GC(249) User=6.75s Sys=0.00s Real=0.96s
[48.903s][info][gc,start       ] GC(250) Pause Full (Ergonomics)
[48.903s][info][gc,phases,start] GC(250) Marking Phase
[49.587s][info][gc,phases      ] GC(250) Marking Phase 684.448ms
[49.587s][info][gc,phases,start] GC(250) Summary Phase
[49.587s][info][gc,phases      ] GC(250) Summary Phase 0.039ms
[49.587s][info][gc,phases,start] GC(250) Adjust Roots
[49.587s][info][gc,phases      ] GC(250) Adjust Roots 0.224ms
[49.587s][info][gc,phases,start] GC(250) Compaction Phase
[49.865s][info][gc,phases      ] GC(250) Compaction Phase 277.777ms
[49.865s][info][gc,phases,start] GC(250) Post Compact
[49.870s][info][gc,phases      ] GC(250) Post Compact 5.256ms
[49.871s][info][gc,heap        ] GC(250) PSYoungGen: 41984K(152064K)->41984K(152064K) Eden: 41984K(41984K)->41984K(41984K) From: 0K(110080K)->0K(110080K)
[49.871s][info][gc,heap        ] GC(250) ParOldGen: 2935751K(2935808K)->2935751K(2935808K)
[49.871s][info][gc,metaspace   ] GC(250) Metaspace: 6303K(6528K)->6303K(6528K) NonClass: 5770K(5888K)->5770K(5888K) Class: 533K(640K)->533K(640K)
[49.871s][info][gc             ] GC(250) Pause Full (Ergonomics) 2907M->2907M(3015M) 968.099ms
[49.871s][info][gc,cpu         ] GC(250) User=6.70s Sys=0.00s Real=0.97s
[49.871s][info][gc,start       ] GC(251) Pause Full (Ergonomics)
[49.871s][info][gc,phases,start] GC(251) Marking Phase
[50.559s][info][gc,phases      ] GC(251) Marking Phase 688.189ms
[50.559s][info][gc,phases,start] GC(251) Summary Phase
[50.559s][info][gc,phases      ] GC(251) Summary Phase 0.055ms
[50.559s][info][gc,phases,start] GC(251) Adjust Roots
[50.559s][info][gc,phases      ] GC(251) Adjust Roots 0.182ms
[50.559s][info][gc,phases,start] GC(251) Compaction Phase
[50.840s][info][gc,phases      ] GC(251) Compaction Phase 280.126ms
[50.840s][info][gc,phases,start] GC(251) Post Compact
[50.845s][info][gc,phases      ] GC(251) Post Compact 5.186ms
[50.845s][info][gc,heap        ] GC(251) PSYoungGen: 41984K(152064K)->41984K(152064K) Eden: 41984K(41984K)->41984K(41984K) From: 0K(110080K)->0K(110080K)
[50.845s][info][gc,heap        ] GC(251) ParOldGen: 2935756K(2935808K)->2935756K(2935808K)
[50.845s][info][gc,metaspace   ] GC(251) Metaspace: 6303K(6528K)->6303K(6528K) NonClass: 5770K(5888K)->5770K(5888K) Class: 533K(640K)->533K(640K)
[50.845s][info][gc             ] GC(251) Pause Full (Ergonomics) 2907M->2907M(3015M) 974.096ms
[50.845s][info][gc,cpu         ] GC(251) User=6.88s Sys=0.00s Real=0.97s
[50.845s][info][gc,start       ] GC(252) Pause Full (Ergonomics)
[50.845s][info][gc,phases,start] GC(252) Marking Phase
[51.537s][info][gc,phases      ] GC(252) Marking Phase 691.916ms
[51.537s][info][gc,phases,start] GC(252) Summary Phase
[51.537s][info][gc,phases      ] GC(252) Summary Phase 0.038ms
[51.537s][info][gc,phases,start] GC(252) Adjust Roots
[51.537s][info][gc,phases      ] GC(252) Adjust Roots 0.191ms
[51.537s][info][gc,phases,start] GC(252) Compaction Phase
[51.801s][info][gc,phases      ] GC(252) Compaction Phase 263.365ms
[51.801s][info][gc,phases,start] GC(252) Post Compact
[51.806s][info][gc,phases      ] GC(252) Post Compact 5.246ms
[51.806s][info][gc,heap        ] GC(252) PSYoungGen: 41984K(152064K)->41984K(152064K) Eden: 41984K(41984K)->41984K(41984K) From: 0K(110080K)->0K(110080K)
[51.806s][info][gc,heap        ] GC(252) ParOldGen: 2935760K(2935808K)->2935760K(2935808K)
[51.806s][info][gc,metaspace   ] GC(252) Metaspace: 6303K(6528K)->6303K(6528K) NonClass: 5770K(5888K)->5770K(5888K) Class: 533K(640K)->533K(640K)
[51.806s][info][gc             ] GC(252) Pause Full (Ergonomics) 2907M->2907M(3015M) 961.127ms
[51.806s][info][gc,cpu         ] GC(252) User=6.94s Sys=0.00s Real=0.96s
[51.807s][info][gc,start       ] GC(253) Pause Full (Ergonomics)
[51.807s][info][gc,phases,start] GC(253) Marking Phase
[52.492s][info][gc,phases      ] GC(253) Marking Phase 685.411ms
[52.492s][info][gc,phases,start] GC(253) Summary Phase
[52.492s][info][gc,phases      ] GC(253) Summary Phase 0.038ms
[52.492s][info][gc,phases,start] GC(253) Adjust Roots
[52.492s][info][gc,phases      ] GC(253) Adjust Roots 0.165ms
[52.492s][info][gc,phases,start] GC(253) Compaction Phase
[52.752s][info][gc,phases      ] GC(253) Compaction Phase 259.455ms
[52.752s][info][gc,phases,start] GC(253) Post Compact
[52.757s][info][gc,phases      ] GC(253) Post Compact 5.144ms
[52.757s][info][gc,heap        ] GC(253) PSYoungGen: 41984K(152064K)->41984K(152064K) Eden: 41984K(41984K)->41984K(41984K) From: 0K(110080K)->0K(110080K)
[52.757s][info][gc,heap        ] GC(253) ParOldGen: 2935765K(2935808K)->2935765K(2935808K)
[52.757s][info][gc,metaspace   ] GC(253) Metaspace: 6303K(6528K)->6303K(6528K) NonClass: 5770K(5888K)->5770K(5888K) Class: 533K(640K)->533K(640K)
[52.757s][info][gc             ] GC(253) Pause Full (Ergonomics) 2907M->2907M(3015M) 950.546ms
[52.757s][info][gc,cpu         ] GC(253) User=6.72s Sys=0.00s Real=0.95s
[52.757s][info][gc,start       ] GC(254) Pause Full (Ergonomics)
[52.757s][info][gc,phases,start] GC(254) Marking Phase
[53.441s][info][gc,phases      ] GC(254) Marking Phase 683.887ms
[53.441s][info][gc,phases,start] GC(254) Summary Phase
[53.441s][info][gc,phases      ] GC(254) Summary Phase 0.037ms
[53.441s][info][gc,phases,start] GC(254) Adjust Roots
[53.441s][info][gc,phases      ] GC(254) Adjust Roots 0.172ms
[53.442s][info][gc,phases,start] GC(254) Compaction Phase
[53.713s][info][gc,phases      ] GC(254) Compaction Phase 271.004ms
[53.713s][info][gc,phases,start] GC(254) Post Compact
[53.718s][info][gc,phases      ] GC(254) Post Compact 5.146ms
[53.718s][info][gc,heap        ] GC(254) PSYoungGen: 41984K(152064K)->41984K(152064K) Eden: 41984K(41984K)->41984K(41984K) From: 0K(110080K)->0K(110080K)
[53.718s][info][gc,heap        ] GC(254) ParOldGen: 2935770K(2935808K)->2935770K(2935808K)
[53.718s][info][gc,metaspace   ] GC(254) Metaspace: 6303K(6528K)->6303K(6528K) NonClass: 5770K(5888K)->5770K(5888K) Class: 533K(640K)->533K(640K)
[53.718s][info][gc             ] GC(254) Pause Full (Ergonomics) 2907M->2907M(3015M) 960.609ms
[53.718s][info][gc,cpu         ] GC(254) User=6.67s Sys=0.00s Real=0.96s
[53.718s][info][gc,start       ] GC(255) Pause Full (Ergonomics)
[53.718s][info][gc,phases,start] GC(255) Marking Phase
[54.401s][info][gc,phases      ] GC(255) Marking Phase 682.930ms
[54.401s][info][gc,phases,start] GC(255) Summary Phase
[54.401s][info][gc,phases      ] GC(255) Summary Phase 0.039ms
[54.401s][info][gc,phases,start] GC(255) Adjust Roots
[54.401s][info][gc,phases      ] GC(255) Adjust Roots 0.178ms
[54.401s][info][gc,phases,start] GC(255) Compaction Phase
[54.655s][info][gc,phases      ] GC(255) Compaction Phase 253.316ms
[54.655s][info][gc,phases,start] GC(255) Post Compact
[54.660s][info][gc,phases      ] GC(255) Post Compact 5.149ms
[54.660s][info][gc,heap        ] GC(255) PSYoungGen: 41984K(152064K)->41984K(152064K) Eden: 41984K(41984K)->41984K(41984K) From: 0K(110080K)->0K(110080K)
[54.660s][info][gc,heap        ] GC(255) ParOldGen: 2935775K(2935808K)->2935775K(2935808K)
[54.660s][info][gc,metaspace   ] GC(255) Metaspace: 6303K(6528K)->6303K(6528K) NonClass: 5770K(5888K)->5770K(5888K) Class: 533K(640K)->533K(640K)
[54.660s][info][gc             ] GC(255) Pause Full (Ergonomics) 2907M->2907M(3015M) 941.955ms
[54.660s][info][gc,cpu         ] GC(255) User=6.72s Sys=0.00s Real=0.94s
[54.660s][info][gc,start       ] GC(256) Pause Full (Ergonomics)
[54.660s][info][gc,phases,start] GC(256) Marking Phase
[55.337s][info][gc,phases      ] GC(256) Marking Phase 676.495ms
[55.337s][info][gc,phases,start] GC(256) Summary Phase
[55.337s][info][gc,phases      ] GC(256) Summary Phase 0.039ms
[55.337s][info][gc,phases,start] GC(256) Adjust Roots
[55.337s][info][gc,phases      ] GC(256) Adjust Roots 0.171ms
[55.337s][info][gc,phases,start] GC(256) Compaction Phase
[55.608s][info][gc,phases      ] GC(256) Compaction Phase 270.392ms
[55.608s][info][gc,phases,start] GC(256) Post Compact
[55.613s][info][gc,phases      ] GC(256) Post Compact 5.354ms
[55.613s][info][gc,heap        ] GC(256) PSYoungGen: 41984K(152064K)->41984K(152064K) Eden: 41984K(41984K)->41984K(41984K) From: 0K(110080K)->0K(110080K)
[55.613s][info][gc,heap        ] GC(256) ParOldGen: 2935780K(2935808K)->2935780K(2935808K)
[55.613s][info][gc,metaspace   ] GC(256) Metaspace: 6303K(6528K)->6303K(6528K) NonClass: 5770K(5888K)->5770K(5888K) Class: 533K(640K)->533K(640K)
[55.613s][info][gc             ] GC(256) Pause Full (Ergonomics) 2907M->2907M(3015M) 952.828ms
[55.613s][info][gc,cpu         ] GC(256) User=6.77s Sys=0.00s Real=0.95s
[55.613s][info][gc,start       ] GC(257) Pause Full (Ergonomics)
[55.613s][info][gc,phases,start] GC(257) Marking Phase
[56.293s][info][gc,phases      ] GC(257) Marking Phase 679.890ms
[56.293s][info][gc,phases,start] GC(257) Summary Phase
[56.293s][info][gc,phases      ] GC(257) Summary Phase 0.038ms
[56.293s][info][gc,phases,start] GC(257) Adjust Roots
[56.294s][info][gc,phases      ] GC(257) Adjust Roots 0.166ms
[56.294s][info][gc,phases,start] GC(257) Compaction Phase
[56.562s][info][gc,phases      ] GC(257) Compaction Phase 268.630ms
[56.562s][info][gc,phases,start] GC(257) Post Compact
[56.568s][info][gc,phases      ] GC(257) Post Compact 5.291ms
[56.568s][info][gc,heap        ] GC(257) PSYoungGen: 41984K(152064K)->41984K(152064K) Eden: 41984K(41984K)->41984K(41984K) From: 0K(110080K)->0K(110080K)
[56.568s][info][gc,heap        ] GC(257) ParOldGen: 2935785K(2935808K)->2935785K(2935808K)
[56.568s][info][gc,metaspace   ] GC(257) Metaspace: 6303K(6528K)->6303K(6528K) NonClass: 5770K(5888K)->5770K(5888K) Class: 533K(640K)->533K(640K)
[56.568s][info][gc             ] GC(257) Pause Full (Ergonomics) 2907M->2907M(3015M) 954.362ms
[56.568s][info][gc,cpu         ] GC(257) User=6.70s Sys=0.00s Real=0.95s
[56.568s][info][gc,start       ] GC(258) Pause Full (Ergonomics)
[56.568s][info][gc,phases,start] GC(258) Marking Phase
[57.262s][info][gc,phases      ] GC(258) Marking Phase 694.302ms
[57.262s][info][gc,phases,start] GC(258) Summary Phase
[57.262s][info][gc,phases      ] GC(258) Summary Phase 0.039ms
[57.262s][info][gc,phases,start] GC(258) Adjust Roots
[57.263s][info][gc,phases      ] GC(258) Adjust Roots 0.165ms
[57.263s][info][gc,phases,start] GC(258) Compaction Phase
[57.520s][info][gc,phases      ] GC(258) Compaction Phase 257.335ms
[57.520s][info][gc,phases,start] GC(258) Post Compact
[57.525s][info][gc,phases      ] GC(258) Post Compact 5.317ms
[57.525s][info][gc,heap        ] GC(258) PSYoungGen: 41984K(152064K)->41984K(152064K) Eden: 41984K(41984K)->41984K(41984K) From: 0K(110080K)->0K(110080K)
[57.525s][info][gc,heap        ] GC(258) ParOldGen: 2935789K(2935808K)->2935789K(2935808K)
[57.525s][info][gc,metaspace   ] GC(258) Metaspace: 6303K(6528K)->6303K(6528K) NonClass: 5770K(5888K)->5770K(5888K) Class: 533K(640K)->533K(640K)
[57.525s][info][gc             ] GC(258) Pause Full (Ergonomics) 2907M->2907M(3015M) 957.499ms
[57.525s][info][gc,cpu         ] GC(258) User=6.94s Sys=0.00s Real=0.96s
[57.526s][info][gc,start       ] GC(259) Pause Full (Ergonomics)
[57.526s][info][gc,phases,start] GC(259) Marking Phase
[58.215s][info][gc,phases      ] GC(259) Marking Phase 689.400ms
[58.215s][info][gc,phases,start] GC(259) Summary Phase
[58.215s][info][gc,phases      ] GC(259) Summary Phase 0.038ms
[58.215s][info][gc,phases,start] GC(259) Adjust Roots
[58.215s][info][gc,phases      ] GC(259) Adjust Roots 0.165ms
[58.215s][info][gc,phases,start] GC(259) Compaction Phase
[58.463s][info][gc,phases      ] GC(259) Compaction Phase 247.240ms
[58.463s][info][gc,phases,start] GC(259) Post Compact
[58.468s][info][gc,phases      ] GC(259) Post Compact 5.408ms
[58.468s][info][gc,heap        ] GC(259) PSYoungGen: 41984K(152064K)->41984K(152064K) Eden: 41984K(41984K)->41984K(41984K) From: 0K(110080K)->0K(110080K)
[58.468s][info][gc,heap        ] GC(259) ParOldGen: 2935794K(2935808K)->2935794K(2935808K)
[58.468s][info][gc,metaspace   ] GC(259) Metaspace: 6303K(6528K)->6303K(6528K) NonClass: 5770K(5888K)->5770K(5888K) Class: 533K(640K)->533K(640K)
[58.468s][info][gc             ] GC(259) Pause Full (Ergonomics) 2907M->2907M(3015M) 942.606ms
[58.468s][info][gc,cpu         ] GC(259) User=6.78s Sys=0.00s Real=0.94s
[58.468s][info][gc,start       ] GC(260) Pause Full (Ergonomics)
[58.469s][info][gc,phases,start] GC(260) Marking Phase
[59.160s][info][gc,phases      ] GC(260) Marking Phase 691.489ms
[59.160s][info][gc,phases,start] GC(260) Summary Phase
[59.160s][info][gc,phases      ] GC(260) Summary Phase 0.038ms
[59.160s][info][gc,phases,start] GC(260) Adjust Roots
[59.160s][info][gc,phases      ] GC(260) Adjust Roots 0.173ms
[59.160s][info][gc,phases,start] GC(260) Compaction Phase
[59.424s][info][gc,phases      ] GC(260) Compaction Phase 263.749ms
[59.424s][info][gc,phases,start] GC(260) Post Compact
[59.429s][info][gc,phases      ] GC(260) Post Compact 5.195ms
[59.429s][info][gc,heap        ] GC(260) PSYoungGen: 41984K(152064K)->41984K(152064K) Eden: 41984K(41984K)->41984K(41984K) From: 0K(110080K)->0K(110080K)
[59.429s][info][gc,heap        ] GC(260) ParOldGen: 2935799K(2935808K)->2935799K(2935808K)
[59.429s][info][gc,metaspace   ] GC(260) Metaspace: 6303K(6528K)->6303K(6528K) NonClass: 5770K(5888K)->5770K(5888K) Class: 533K(640K)->533K(640K)
[59.429s][info][gc             ] GC(260) Pause Full (Ergonomics) 2907M->2907M(3015M) 960.965ms
[59.429s][info][gc,cpu         ] GC(260) User=6.89s Sys=0.00s Real=0.96s
[59.430s][info][gc,start       ] GC(261) Pause Full (Ergonomics)
[59.430s][info][gc,phases,start] GC(261) Marking Phase
[60.138s][info][gc,phases      ] GC(261) Marking Phase 708.470ms
[60.138s][info][gc,phases,start] GC(261) Summary Phase
[60.138s][info][gc,phases      ] GC(261) Summary Phase 0.037ms
[60.138s][info][gc,phases,start] GC(261) Adjust Roots
[60.138s][info][gc,phases      ] GC(261) Adjust Roots 0.165ms
[60.138s][info][gc,phases,start] GC(261) Compaction Phase
[60.406s][info][gc,phases      ] GC(261) Compaction Phase 267.335ms
[60.406s][info][gc,phases,start] GC(261) Post Compact
[60.411s][info][gc,phases      ] GC(261) Post Compact 5.185ms
[60.411s][info][gc,heap        ] GC(261) PSYoungGen: 41984K(152064K)->41984K(152064K) Eden: 41984K(41984K)->41984K(41984K) From: 0K(110080K)->0K(110080K)
[60.411s][info][gc,heap        ] GC(261) ParOldGen: 2935804K(2935808K)->2935804K(2935808K)
[60.411s][info][gc,metaspace   ] GC(261) Metaspace: 6303K(6528K)->6303K(6528K) NonClass: 5770K(5888K)->5770K(5888K) Class: 533K(640K)->533K(640K)
[60.411s][info][gc             ] GC(261) Pause Full (Ergonomics) 2907M->2907M(3015M) 981.565ms
[60.411s][info][gc,cpu         ] GC(261) User=7.12s Sys=0.00s Real=0.98s
[60.411s][info][gc,start       ] GC(262) Pause Full (Ergonomics)
[60.411s][info][gc,phases,start] GC(262) Marking Phase
[61.114s][info][gc,phases      ] GC(262) Marking Phase 702.495ms
[61.114s][info][gc,phases,start] GC(262) Summary Phase
[61.114s][info][gc,phases      ] GC(262) Summary Phase 0.051ms
[61.114s][info][gc,phases,start] GC(262) Adjust Roots
[61.114s][info][gc,phases      ] GC(262) Adjust Roots 0.244ms
[61.114s][info][gc,phases,start] GC(262) Compaction Phase
[61.373s][info][gc,phases      ] GC(262) Compaction Phase 258.461ms
[61.373s][info][gc,phases,start] GC(262) Post Compact
[61.378s][info][gc,phases      ] GC(262) Post Compact 5.177ms
[61.378s][info][gc,heap        ] GC(262) PSYoungGen: 41984K(152064K)->41984K(152064K) Eden: 41984K(41984K)->41984K(41984K) From: 0K(110080K)->0K(110080K)
[61.378s][info][gc,heap        ] GC(262) ParOldGen: 2935808K(2935808K)->2935808K(2935808K)
[61.378s][info][gc,metaspace   ] GC(262) Metaspace: 6303K(6528K)->6303K(6528K) NonClass: 5770K(5888K)->5770K(5888K) Class: 533K(640K)->533K(640K)
[61.378s][info][gc             ] GC(262) Pause Full (Ergonomics) 2908M->2908M(3015M) 966.777ms
[61.378s][info][gc,cpu         ] GC(262) User=6.83s Sys=0.00s Real=0.97s
[61.378s][info][gc,start       ] GC(263) Pause Full (Allocation Failure)
[61.378s][info][gc,phases,start] GC(263) Marking Phase
[62.071s][info][gc,phases      ] GC(263) Marking Phase 693.033ms
[62.071s][info][gc,phases,start] GC(263) Summary Phase
[62.071s][info][gc,phases      ] GC(263) Summary Phase 0.056ms
[62.071s][info][gc,phases,start] GC(263) Adjust Roots
[62.072s][info][gc,phases      ] GC(263) Adjust Roots 0.422ms
[62.072s][info][gc,phases,start] GC(263) Compaction Phase
[62.832s][info][gc,phases      ] GC(263) Compaction Phase 759.599ms
[62.832s][info][gc,phases,start] GC(263) Post Compact
[62.837s][info][gc,phases      ] GC(263) Post Compact 5.385ms
[62.837s][info][gc,heap        ] GC(263) PSYoungGen: 41984K(152064K)->41984K(152064K) Eden: 41984K(41984K)->41984K(41984K) From: 0K(110080K)->0K(110080K)
[62.837s][info][gc,heap        ] GC(263) ParOldGen: 2935808K(2935808K)->2935803K(2935808K)
[62.837s][info][gc,metaspace   ] GC(263) Metaspace: 6303K(6528K)->6301K(6528K) NonClass: 5770K(5888K)->5768K(5888K) Class: 533K(640K)->532K(640K)
[62.837s][info][gc             ] GC(263) Pause Full (Allocation Failure) 2908M->2907M(3015M) 1458.951ms
[62.837s][info][gc,cpu         ] GC(263) User=10.72s Sys=0.00s Real=1.46s
[62.838s][info][gc,start       ] GC(264) Pause Full (Ergonomics)
[62.838s][info][gc,phases,start] GC(264) Marking Phase
[63.519s][info][gc,phases      ] GC(264) Marking Phase 681.625ms
[63.519s][info][gc,phases,start] GC(264) Summary Phase
[63.519s][info][gc,phases      ] GC(264) Summary Phase 0.039ms
[63.519s][info][gc,phases,start] GC(264) Adjust Roots
[63.520s][info][gc,phases      ] GC(264) Adjust Roots 0.169ms
[63.520s][info][gc,phases,start] GC(264) Compaction Phase
[63.791s][info][gc,phases      ] GC(264) Compaction Phase 271.070ms
[63.791s][info][gc,phases,start] GC(264) Post Compact
[63.796s][info][gc,phases      ] GC(264) Post Compact 5.136ms
[63.796s][info][gc,heap        ] GC(264) PSYoungGen: 41984K(152064K)->41984K(152064K) Eden: 41984K(41984K)->41984K(41984K) From: 0K(110080K)->0K(110080K)
[63.796s][info][gc,heap        ] GC(264) ParOldGen: 2935805K(2935808K)->2935805K(2935808K)
[63.796s][info][gc,metaspace   ] GC(264) Metaspace: 6301K(6528K)->6301K(6528K) NonClass: 5768K(5888K)->5768K(5888K) Class: 532K(640K)->532K(640K)
[63.796s][info][gc             ] GC(264) Pause Full (Ergonomics) 2907M->2907M(3015M) 958.400ms
[63.796s][info][gc,cpu         ] GC(264) User=6.72s Sys=0.00s Real=0.96s
[63.796s][info][gc,start       ] GC(265) Pause Full (Ergonomics)
[63.796s][info][gc,phases,start] GC(265) Marking Phase
[64.482s][info][gc,phases      ] GC(265) Marking Phase 685.709ms
[64.482s][info][gc,phases,start] GC(265) Summary Phase
[64.482s][info][gc,phases      ] GC(265) Summary Phase 0.038ms
[64.482s][info][gc,phases,start] GC(265) Adjust Roots
[64.482s][info][gc,phases      ] GC(265) Adjust Roots 0.168ms
[64.482s][info][gc,phases,start] GC(265) Compaction Phase
[64.738s][info][gc,phases      ] GC(265) Compaction Phase 255.181ms
[64.738s][info][gc,phases,start] GC(265) Post Compact
[64.743s][info][gc,phases      ] GC(265) Post Compact 5.108ms
[64.743s][info][gc,heap        ] GC(265) PSYoungGen: 41984K(152064K)->41984K(152064K) Eden: 41984K(41984K)->41984K(41984K) From: 0K(110080K)->0K(110080K)
[64.743s][info][gc,heap        ] GC(265) ParOldGen: 2935807K(2935808K)->2935807K(2935808K)
[64.743s][info][gc,metaspace   ] GC(265) Metaspace: 6301K(6528K)->6301K(6528K) NonClass: 5768K(5888K)->5768K(5888K) Class: 532K(640K)->532K(640K)
[64.743s][info][gc             ] GC(265) Pause Full (Ergonomics) 2907M->2907M(3015M) 946.552ms
[64.743s][info][gc,cpu         ] GC(265) User=6.83s Sys=0.00s Real=0.95s
[64.743s][info][gc,start       ] GC(266) Pause Full (Allocation Failure)
[64.743s][info][gc,phases,start] GC(266) Marking Phase
[65.423s][info][gc,phases      ] GC(266) Marking Phase 679.689ms
[65.423s][info][gc,phases,start] GC(266) Summary Phase
[65.423s][info][gc,phases      ] GC(266) Summary Phase 0.039ms
[65.423s][info][gc,phases,start] GC(266) Adjust Roots
[65.423s][info][gc,phases      ] GC(266) Adjust Roots 0.166ms
[65.423s][info][gc,phases,start] GC(266) Compaction Phase
[65.677s][info][gc,phases      ] GC(266) Compaction Phase 253.459ms
[65.677s][info][gc,phases,start] GC(266) Post Compact
[65.682s][info][gc,phases      ] GC(266) Post Compact 5.335ms
[65.682s][info][gc,heap        ] GC(266) PSYoungGen: 41984K(152064K)->41984K(152064K) Eden: 41984K(41984K)->41984K(41984K) From: 0K(110080K)->0K(110080K)
[65.682s][info][gc,heap        ] GC(266) ParOldGen: 2935807K(2935808K)->2935807K(2935808K)
[65.682s][info][gc,metaspace   ] GC(266) Metaspace: 6301K(6528K)->6301K(6528K) NonClass: 5768K(5888K)->5768K(5888K) Class: 532K(640K)->532K(640K)
[65.682s][info][gc             ] GC(266) Pause Full (Allocation Failure) 2907M->2907M(3015M) 939.011ms
[65.682s][info][gc,cpu         ] GC(266) User=6.78s Sys=0.00s Real=0.94s
[65.683s][info][gc,start       ] GC(267) Pause Full (Ergonomics)
[65.683s][info][gc,phases,start] GC(267) Marking Phase
[66.362s][info][gc,phases      ] GC(267) Marking Phase 679.544ms
[66.362s][info][gc,phases,start] GC(267) Summary Phase
[66.362s][info][gc,phases      ] GC(267) Summary Phase 0.039ms
[66.362s][info][gc,phases,start] GC(267) Adjust Roots
[66.362s][info][gc,phases      ] GC(267) Adjust Roots 0.236ms
[66.362s][info][gc,phases,start] GC(267) Compaction Phase
[67.120s][info][gc,phases      ] GC(267) Compaction Phase 757.436ms
[67.120s][info][gc,phases,start] GC(267) Post Compact
[67.125s][info][gc,phases      ] GC(267) Post Compact 5.439ms
[67.126s][info][gc,heap        ] GC(267) PSYoungGen: 41984K(152064K)->41984K(152064K) Eden: 41984K(41984K)->41984K(41984K) From: 0K(110080K)->0K(110080K)
[67.126s][info][gc,heap        ] GC(267) ParOldGen: 2935807K(2935808K)->2935806K(2935808K)
[67.126s][info][gc,metaspace   ] GC(267) Metaspace: 6301K(6528K)->6301K(6528K) NonClass: 5768K(5888K)->5768K(5888K) Class: 532K(640K)->532K(640K)
[67.126s][info][gc             ] GC(267) Pause Full (Ergonomics) 2907M->2907M(3015M) 1443.066ms
[67.126s][info][gc,cpu         ] GC(267) User=10.64s Sys=0.00s Real=1.44s
[67.126s][info][gc,start       ] GC(268) Pause Full (Ergonomics)
[67.126s][info][gc,phases,start] GC(268) Marking Phase
[67.809s][info][gc,phases      ] GC(268) Marking Phase 682.482ms
[67.809s][info][gc,phases,start] GC(268) Summary Phase
[67.809s][info][gc,phases      ] GC(268) Summary Phase 0.039ms
[67.809s][info][gc,phases,start] GC(268) Adjust Roots
[67.809s][info][gc,phases      ] GC(268) Adjust Roots 0.238ms
[67.809s][info][gc,phases,start] GC(268) Compaction Phase
[68.567s][info][gc,phases      ] GC(268) Compaction Phase 757.405ms
[68.567s][info][gc,phases,start] GC(268) Post Compact
[68.572s][info][gc,phases      ] GC(268) Post Compact 5.316ms
[68.572s][info][gc,heap        ] GC(268) PSYoungGen: 41984K(152064K)->41984K(152064K) Eden: 41984K(41984K)->41984K(41984K) From: 0K(110080K)->0K(110080K)
[68.572s][info][gc,heap        ] GC(268) ParOldGen: 2935807K(2935808K)->2935805K(2935808K)
[68.572s][info][gc,metaspace   ] GC(268) Metaspace: 6302K(6528K)->6302K(6528K) NonClass: 5768K(5888K)->5768K(5888K) Class: 533K(640K)->533K(640K)
[68.572s][info][gc             ] GC(268) Pause Full (Ergonomics) 2907M->2907M(3015M) 1445.846ms
[68.572s][info][gc,cpu         ] GC(268) User=10.72s Sys=0.00s Real=1.45s
[68.573s][info][gc,heap,exit   ] Heap
[68.573s][info][gc,heap,exit   ]  PSYoungGen      total 152064K, used 41984K [0x00000007a6700000, 0x00000007b6b00000, 0x0000000800000000)
[68.573s][info][gc,heap,exit   ]   eden space 41984K, 100% used [0x00000007a6700000,0x00000007a9000000,0x00000007a9000000)
[68.573s][info][gc,heap,exit   ]   from space 110080K, 0% used [0x00000007a9000000,0x00000007a9000000,0x00000007afb80000)
[68.573s][info][gc,heap,exit   ]   to   space 110080K, 0% used [0x00000007afb80000,0x00000007afb80000,0x00000007b6700000)
[68.573s][info][gc,heap,exit   ]  ParOldGen       total 2935808K, used 2935807K [0x00000006f3400000, 0x00000007a6700000, 0x00000007a6700000)
[68.573s][info][gc,heap,exit   ]   object space 2935808K, 99% used [0x00000006f3400000,0x00000007a66ffc70,0x00000007a6700000)
[68.573s][info][gc,heap,exit   ]  Metaspace       used 6306K, committed 6528K, reserved 1114112K
[68.573s][info][gc,heap,exit   ]   class space    used 534K, committed 640K, reserved 1048576K
