[0.012s][info][gc,init] CardTable entry size: 512
[0.012s][info][gc     ] Using Parallel
[0.013s][info][gc,init] Version: 18.0.1+10 (release)
[0.013s][info][gc,init] CPUs: 8 total, 8 available
[0.013s][info][gc,init] Memory: 16063M
[0.013s][info][gc,init] Large Page Support: Disabled
[0.013s][info][gc,init] NUMA Support: Disabled
[0.013s][info][gc,init] Compressed Oops: Enabled (Zero based)
[0.013s][info][gc,init] Alignments: Space 512K, Generation 512K, Heap 2M
[0.013s][info][gc,init] Heap Min Capacity: 2M
[0.013s][info][gc,init] Heap Initial Capacity: 2M
[0.013s][info][gc,init] Heap Max Capacity: 8100M
[0.014s][info][gc,init] Pre-touch: Disabled
[0.014s][info][gc,init] Parallel Workers: 8
[0.014s][info][gc,metaspace] CDS archive(s) not mapped
[0.014s][info][gc,metaspace] Compressed class space mapped at: 0x0000000800000000-0x0000000840000000, reserved size: 1073741824
[0.014s][info][gc,metaspace] Narrow klass base: 0x0000000800000000, Narrow klass shift: 0, Narrow klass range: 0x40000000
[0.107s][info][gc,start    ] GC(0) Pause Young (Allocation Failure)
[0.109s][info][gc,heap     ] GC(0) PSYoungGen: 512K(1024K)->448K(1024K) Eden: 512K(512K)->0K(512K) From: 0K(512K)->448K(512K)
[0.109s][info][gc,heap     ] GC(0) ParOldGen: 0K(512K)->8K(512K)
[0.109s][info][gc,metaspace] GC(0) Metaspace: 4228K(4352K)->4228K(4352K) NonClass: 3907K(3968K)->3907K(3968K) Class: 321K(384K)->321K(384K)
[0.109s][info][gc          ] GC(0) Pause Young (Allocation Failure) 0M->0M(1M) 1.497ms
[0.109s][info][gc,cpu      ] GC(0) User=0.00s Sys=0.00s Real=0.00s
[0.170s][info][gc,start    ] GC(1) Pause Young (Allocation Failure)
[0.171s][info][gc,heap     ] GC(1) PSYoungGen: 959K(1024K)->512K(1536K) Eden: 511K(512K)->0K(1024K) From: 448K(512K)->512K(512K)
[0.171s][info][gc,heap     ] GC(1) ParOldGen: 8K(512K)->88K(512K)
[0.171s][info][gc,metaspace] GC(1) Metaspace: 5880K(6016K)->5880K(6016K) NonClass: 5383K(5504K)->5383K(5504K) Class: 496K(512K)->496K(512K)
[0.171s][info][gc          ] GC(1) Pause Young (Allocation Failure) 0M->0M(2M) 0.832ms
[0.171s][info][gc,cpu      ] GC(1) User=0.00s Sys=0.00s Real=0.00s
[0.190s][info][gc,start    ] GC(2) Pause Young (Allocation Failure)
[0.191s][info][gc,heap     ] GC(2) PSYoungGen: 1536K(1536K)->512K(1536K) Eden: 1024K(1024K)->0K(1024K) From: 512K(512K)->512K(512K)
[0.191s][info][gc,heap     ] GC(2) ParOldGen: 88K(512K)->504K(512K)
[0.191s][info][gc,metaspace] GC(2) Metaspace: 6301K(6528K)->6301K(6528K) NonClass: 5767K(5888K)->5767K(5888K) Class: 533K(640K)->533K(640K)
[0.191s][info][gc          ] GC(2) Pause Young (Allocation Failure) 1M->0M(2M) 1.226ms
[0.191s][info][gc,cpu      ] GC(2) User=0.00s Sys=0.00s Real=0.00s
[0.191s][info][gc,start    ] GC(3) Pause Full (Ergonomics)
[0.191s][info][gc,phases,start] GC(3) Marking Phase
[0.192s][info][gc,phases      ] GC(3) Marking Phase 1.026ms
[0.192s][info][gc,phases,start] GC(3) Summary Phase
[0.192s][info][gc,phases      ] GC(3) Summary Phase 0.016ms
[0.192s][info][gc,phases,start] GC(3) Adjust Roots
[0.193s][info][gc,phases      ] GC(3) Adjust Roots 0.345ms
[0.193s][info][gc,phases,start] GC(3) Compaction Phase
[0.194s][info][gc,phases      ] GC(3) Compaction Phase 1.569ms
[0.194s][info][gc,phases,start] GC(3) Post Compact
[0.194s][info][gc,phases      ] GC(3) Post Compact 0.082ms
[0.194s][info][gc,heap        ] GC(3) PSYoungGen: 512K(1536K)->511K(1536K) Eden: 0K(1024K)->0K(1024K) From: 512K(512K)->511K(512K)
[0.194s][info][gc,heap        ] GC(3) ParOldGen: 504K(512K)->469K(2048K)
[0.194s][info][gc,metaspace   ] GC(3) Metaspace: 6301K(6528K)->6301K(6528K) NonClass: 5767K(5888K)->5767K(5888K) Class: 533K(640K)->533K(640K)
[0.194s][info][gc             ] GC(3) Pause Full (Ergonomics) 0M->0M(3M) 3.277ms
[0.194s][info][gc,cpu         ] GC(3) User=0.00s Sys=0.00s Real=0.00s
[0.196s][info][gc,start       ] GC(4) Pause Young (Allocation Failure)
[0.197s][info][gc,heap        ] GC(4) PSYoungGen: 1535K(1536K)->480K(2560K) Eden: 1024K(1024K)->0K(2048K) From: 511K(512K)->480K(512K)
[0.197s][info][gc,heap        ] GC(4) ParOldGen: 469K(2048K)->1033K(2048K)
[0.197s][info][gc,metaspace   ] GC(4) Metaspace: 6301K(6528K)->6301K(6528K) NonClass: 5767K(5888K)->5767K(5888K) Class: 533K(640K)->533K(640K)
[0.197s][info][gc             ] GC(4) Pause Young (Allocation Failure) 1M->1M(4M) 1.332ms
[0.197s][info][gc,cpu         ] GC(4) User=0.00s Sys=0.00s Real=0.00s
[0.200s][info][gc,start       ] GC(5) Pause Young (Allocation Failure)
[0.202s][info][gc,heap        ] GC(5) PSYoungGen: 2528K(2560K)->480K(2560K) Eden: 2048K(2048K)->0K(2048K) From: 480K(512K)->480K(512K)
[0.202s][info][gc,heap        ] GC(5) ParOldGen: 1033K(2048K)->2105K(2560K)
[0.202s][info][gc,metaspace   ] GC(5) Metaspace: 6301K(6528K)->6301K(6528K) NonClass: 5767K(5888K)->5767K(5888K) Class: 533K(640K)->533K(640K)
[0.202s][info][gc             ] GC(5) Pause Young (Allocation Failure) 3M->2M(5M) 1.737ms
[0.202s][info][gc,cpu         ] GC(5) User=0.00s Sys=0.00s Real=0.00s
[0.202s][info][gc,start       ] GC(6) Pause Full (Ergonomics)
[0.202s][info][gc,phases,start] GC(6) Marking Phase
[0.203s][info][gc,phases      ] GC(6) Marking Phase 1.443ms
[0.203s][info][gc,phases,start] GC(6) Summary Phase
[0.203s][info][gc,phases      ] GC(6) Summary Phase 0.015ms
[0.203s][info][gc,phases,start] GC(6) Adjust Roots
[0.204s][info][gc,phases      ] GC(6) Adjust Roots 0.291ms
[0.204s][info][gc,phases,start] GC(6) Compaction Phase
[0.206s][info][gc,phases      ] GC(6) Compaction Phase 2.033ms
[0.206s][info][gc,phases,start] GC(6) Post Compact
[0.206s][info][gc,phases      ] GC(6) Post Compact 0.034ms
[0.206s][info][gc,heap        ] GC(6) PSYoungGen: 480K(2560K)->0K(4096K) Eden: 0K(2048K)->0K(3072K) From: 480K(512K)->0K(1024K)
[0.206s][info][gc,heap        ] GC(6) ParOldGen: 2105K(2560K)->2542K(6144K)
[0.206s][info][gc,metaspace   ] GC(6) Metaspace: 6301K(6528K)->6301K(6528K) NonClass: 5767K(5888K)->5767K(5888K) Class: 533K(640K)->533K(640K)
[0.206s][info][gc             ] GC(6) Pause Full (Ergonomics) 2M->2M(10M) 4.179ms
[0.206s][info][gc,cpu         ] GC(6) User=0.00s Sys=0.00s Real=0.00s
[0.212s][info][gc,start       ] GC(7) Pause Young (Allocation Failure)
[0.214s][info][gc,heap        ] GC(7) PSYoungGen: 3072K(4096K)->1696K(5120K) Eden: 3072K(3072K)->0K(3072K) From: 0K(1024K)->1696K(2048K)
[0.214s][info][gc,heap        ] GC(7) ParOldGen: 2542K(6144K)->2542K(6144K)
[0.214s][info][gc,metaspace   ] GC(7) Metaspace: 6301K(6528K)->6301K(6528K) NonClass: 5767K(5888K)->5767K(5888K) Class: 533K(640K)->533K(640K)
[0.214s][info][gc             ] GC(7) Pause Young (Allocation Failure) 5M->4M(11M) 2.244ms
[0.214s][info][gc,cpu         ] GC(7) User=0.00s Sys=0.00s Real=0.00s
[0.218s][info][gc,start       ] GC(8) Pause Young (Allocation Failure)
[0.221s][info][gc,heap        ] GC(8) PSYoungGen: 4768K(5120K)->2016K(5632K) Eden: 3072K(3072K)->0K(3584K) From: 1696K(2048K)->2016K(2048K)
[0.221s][info][gc,heap        ] GC(8) ParOldGen: 2542K(6144K)->3774K(6144K)
[0.221s][info][gc,metaspace   ] GC(8) Metaspace: 6301K(6528K)->6301K(6528K) NonClass: 5767K(5888K)->5767K(5888K) Class: 533K(640K)->533K(640K)
[0.221s][info][gc             ] GC(8) Pause Young (Allocation Failure) 7M->5M(11M) 3.107ms
[0.221s][info][gc,cpu         ] GC(8) User=0.00s Sys=0.00s Real=0.00s
[0.227s][info][gc,start       ] GC(9) Pause Young (Allocation Failure)
[0.230s][info][gc,heap        ] GC(9) PSYoungGen: 5600K(5632K)->3040K(6656K) Eden: 3584K(3584K)->0K(3584K) From: 2016K(2048K)->3040K(3072K)
[0.230s][info][gc,heap        ] GC(9) ParOldGen: 3774K(6144K)->4614K(6144K)
[0.230s][info][gc,metaspace   ] GC(9) Metaspace: 6301K(6528K)->6301K(6528K) NonClass: 5767K(5888K)->5767K(5888K) Class: 533K(640K)->533K(640K)
[0.230s][info][gc             ] GC(9) Pause Young (Allocation Failure) 9M->7M(12M) 3.733ms
[0.230s][info][gc,cpu         ] GC(9) User=0.00s Sys=0.00s Real=0.00s
[0.234s][info][gc,start       ] GC(10) Pause Young (Allocation Failure)
[0.237s][info][gc,heap        ] GC(10) PSYoungGen: 6624K(6656K)->4064K(9216K) Eden: 3584K(3584K)->0K(5120K) From: 3040K(3072K)->4064K(4096K)
[0.237s][info][gc,heap        ] GC(10) ParOldGen: 4614K(6144K)->5454K(6144K)
[0.238s][info][gc,metaspace   ] GC(10) Metaspace: 6301K(6528K)->6301K(6528K) NonClass: 5767K(5888K)->5767K(5888K) Class: 533K(640K)->533K(640K)
[0.238s][info][gc             ] GC(10) Pause Young (Allocation Failure) 10M->9M(15M) 3.723ms
[0.238s][info][gc,cpu         ] GC(10) User=0.00s Sys=0.00s Real=0.00s
[0.238s][info][gc,start       ] GC(11) Pause Full (Ergonomics)
[0.238s][info][gc,phases,start] GC(11) Marking Phase
[0.242s][info][gc,phases      ] GC(11) Marking Phase 4.579ms
[0.242s][info][gc,phases,start] GC(11) Summary Phase
[0.242s][info][gc,phases      ] GC(11) Summary Phase 0.015ms
[0.242s][info][gc,phases,start] GC(11) Adjust Roots
[0.243s][info][gc,phases      ] GC(11) Adjust Roots 0.391ms
[0.243s][info][gc,phases,start] GC(11) Compaction Phase
[0.249s][info][gc,phases      ] GC(11) Compaction Phase 6.216ms
[0.249s][info][gc,phases,start] GC(11) Post Compact
[0.249s][info][gc,phases      ] GC(11) Post Compact 0.083ms
[0.249s][info][gc,heap        ] GC(11) PSYoungGen: 4064K(9216K)->3545K(9216K) Eden: 0K(5120K)->0K(5120K) From: 4064K(4096K)->3545K(4096K)
[0.249s][info][gc,heap        ] GC(11) ParOldGen: 5454K(6144K)->5831K(10752K)
[0.249s][info][gc,metaspace   ] GC(11) Metaspace: 6301K(6528K)->6301K(6528K) NonClass: 5767K(5888K)->5767K(5888K) Class: 533K(640K)->533K(640K)
[0.249s][info][gc             ] GC(11) Pause Full (Ergonomics) 9M->9M(19M) 11.638ms
[0.249s][info][gc,cpu         ] GC(11) User=0.00s Sys=0.00s Real=0.01s
[0.255s][info][gc,start       ] GC(12) Pause Young (Allocation Failure)
[0.260s][info][gc,heap        ] GC(12) PSYoungGen: 8665K(9216K)->5088K(10240K) Eden: 5120K(5120K)->0K(5120K) From: 3545K(4096K)->5088K(5120K)
[0.260s][info][gc,heap        ] GC(12) ParOldGen: 5831K(10752K)->6951K(10752K)
[0.260s][info][gc,metaspace   ] GC(12) Metaspace: 6301K(6528K)->6301K(6528K) NonClass: 5767K(5888K)->5767K(5888K) Class: 533K(640K)->533K(640K)
[0.260s][info][gc             ] GC(12) Pause Young (Allocation Failure) 14M->11M(20M) 4.745ms
[0.260s][info][gc,cpu         ] GC(12) User=0.00s Sys=0.00s Real=0.01s
[0.264s][info][gc,start       ] GC(13) Pause Young (Allocation Failure)
[0.270s][info][gc,heap        ] GC(13) PSYoungGen: 10208K(10240K)->6464K(12800K) Eden: 5120K(5120K)->0K(6144K) From: 5088K(5120K)->6464K(6656K)
[0.270s][info][gc,heap        ] GC(13) ParOldGen: 6951K(10752K)->8231K(10752K)
[0.270s][info][gc,metaspace   ] GC(13) Metaspace: 6303K(6528K)->6303K(6528K) NonClass: 5769K(5888K)->5769K(5888K) Class: 533K(640K)->533K(640K)
[0.270s][info][gc             ] GC(13) Pause Young (Allocation Failure) 16M->14M(23M) 5.894ms
[0.270s][info][gc,cpu         ] GC(13) User=0.00s Sys=0.00s Real=0.01s
[0.275s][info][gc,start       ] GC(14) Pause Young (Allocation Failure)
[0.281s][info][gc,heap        ] GC(14) PSYoungGen: 12608K(12800K)->5824K(13824K) Eden: 6144K(6144K)->0K(6144K) From: 6464K(6656K)->5824K(7680K)
[0.281s][info][gc,heap        ] GC(14) ParOldGen: 8231K(10752K)->12119K(12288K)
[0.281s][info][gc,metaspace   ] GC(14) Metaspace: 6303K(6528K)->6303K(6528K) NonClass: 5769K(5888K)->5769K(5888K) Class: 533K(640K)->533K(640K)
[0.281s][info][gc             ] GC(14) Pause Young (Allocation Failure) 20M->17M(25M) 6.287ms
[0.281s][info][gc,cpu         ] GC(14) User=0.00s Sys=0.00s Real=0.01s
[0.281s][info][gc,start       ] GC(15) Pause Full (Ergonomics)
[0.281s][info][gc,phases,start] GC(15) Marking Phase
[0.289s][info][gc,phases      ] GC(15) Marking Phase 7.652ms
[0.289s][info][gc,phases,start] GC(15) Summary Phase
[0.289s][info][gc,phases      ] GC(15) Summary Phase 0.016ms
[0.289s][info][gc,phases,start] GC(15) Adjust Roots
[0.289s][info][gc,phases      ] GC(15) Adjust Roots 0.182ms
[0.289s][info][gc,phases,start] GC(15) Compaction Phase
[0.297s][info][gc,phases      ] GC(15) Compaction Phase 7.329ms
[0.297s][info][gc,phases,start] GC(15) Post Compact
[0.297s][info][gc,phases      ] GC(15) Post Compact 0.080ms
[0.297s][info][gc,heap        ] GC(15) PSYoungGen: 5824K(13824K)->5758K(13824K) Eden: 0K(6144K)->0K(6144K) From: 5824K(7680K)->5758K(7680K)
[0.297s][info][gc,heap        ] GC(15) ParOldGen: 12119K(12288K)->12006K(18944K)
[0.297s][info][gc,metaspace   ] GC(15) Metaspace: 6303K(6528K)->6303K(6528K) NonClass: 5769K(5888K)->5769K(5888K) Class: 533K(640K)->533K(640K)
[0.297s][info][gc             ] GC(15) Pause Full (Ergonomics) 17M->17M(32M) 15.589ms
[0.297s][info][gc,cpu         ] GC(15) User=0.02s Sys=0.00s Real=0.02s
[0.301s][info][gc,start       ] GC(16) Pause Young (Allocation Failure)
[0.309s][info][gc,heap        ] GC(16) PSYoungGen: 11902K(13824K)->3200K(15360K) Eden: 6144K(6144K)->0K(8704K) From: 5758K(7680K)->3200K(6656K)
[0.309s][info][gc,heap        ] GC(16) ParOldGen: 12006K(18944K)->17862K(18944K)
[0.309s][info][gc,metaspace   ] GC(16) Metaspace: 6303K(6528K)->6303K(6528K) NonClass: 5769K(5888K)->5769K(5888K) Class: 533K(640K)->533K(640K)
[0.309s][info][gc             ] GC(16) Pause Young (Allocation Failure) 23M->20M(33M) 7.611ms
[0.309s][info][gc,cpu         ] GC(16) User=0.00s Sys=0.00s Real=0.01s
[0.309s][info][gc,start       ] GC(17) Pause Full (Ergonomics)
[0.309s][info][gc,phases,start] GC(17) Marking Phase
[0.317s][info][gc,phases      ] GC(17) Marking Phase 8.721ms
[0.317s][info][gc,phases,start] GC(17) Summary Phase
[0.317s][info][gc,phases      ] GC(17) Summary Phase 0.016ms
[0.318s][info][gc,phases,start] GC(17) Adjust Roots
[0.318s][info][gc,phases      ] GC(17) Adjust Roots 0.181ms
[0.318s][info][gc,phases,start] GC(17) Compaction Phase
[0.323s][info][gc,phases      ] GC(17) Compaction Phase 5.626ms
[0.323s][info][gc,phases,start] GC(17) Post Compact
[0.324s][info][gc,phases      ] GC(17) Post Compact 0.103ms
[0.324s][info][gc,heap        ] GC(17) PSYoungGen: 3200K(15360K)->2146K(16384K) Eden: 0K(8704K)->0K(9728K) From: 3200K(6656K)->2146K(6656K)
[0.324s][info][gc,heap        ] GC(17) ParOldGen: 17862K(18944K)->18786K(28672K)
[0.324s][info][gc,metaspace   ] GC(17) Metaspace: 6303K(6528K)->6303K(6528K) NonClass: 5769K(5888K)->5769K(5888K) Class: 533K(640K)->533K(640K)
[0.324s][info][gc             ] GC(17) Pause Full (Ergonomics) 20M->20M(44M) 14.965ms
[0.324s][info][gc,cpu         ] GC(17) User=0.00s Sys=0.00s Real=0.02s
[0.333s][info][gc,start       ] GC(18) Pause Young (Allocation Failure)
[0.340s][info][gc,heap        ] GC(18) PSYoungGen: 11874K(16384K)->5568K(17408K) Eden: 9728K(9728K)->0K(9728K) From: 2146K(6656K)->5568K(7680K)
[0.340s][info][gc,heap        ] GC(18) ParOldGen: 18786K(28672K)->20978K(28672K)
[0.340s][info][gc,metaspace   ] GC(18) Metaspace: 6303K(6528K)->6303K(6528K) NonClass: 5769K(5888K)->5769K(5888K) Class: 533K(640K)->533K(640K)
[0.340s][info][gc             ] GC(18) Pause Young (Allocation Failure) 29M->25M(45M) 6.659ms
[0.340s][info][gc,cpu         ] GC(18) User=0.00s Sys=0.00s Real=0.01s
[0.346s][info][gc,start       ] GC(19) Pause Young (Allocation Failure)
[0.354s][info][gc,heap        ] GC(19) PSYoungGen: 15296K(17408K)->5056K(21504K) Eden: 9728K(9728K)->0K(13312K) From: 5568K(7680K)->5056K(8192K)
[0.354s][info][gc,heap        ] GC(19) ParOldGen: 20978K(28672K)->26578K(28672K)
[0.354s][info][gc,metaspace   ] GC(19) Metaspace: 6303K(6528K)->6303K(6528K) NonClass: 5769K(5888K)->5769K(5888K) Class: 533K(640K)->533K(640K)
[0.354s][info][gc             ] GC(19) Pause Young (Allocation Failure) 35M->30M(49M) 8.450ms
[0.354s][info][gc,cpu         ] GC(19) User=0.00s Sys=0.00s Real=0.01s
[0.354s][info][gc,start       ] GC(20) Pause Full (Ergonomics)
[0.354s][info][gc,phases,start] GC(20) Marking Phase
[0.367s][info][gc,phases      ] GC(20) Marking Phase 12.395ms
[0.367s][info][gc,phases,start] GC(20) Summary Phase
[0.367s][info][gc,phases      ] GC(20) Summary Phase 0.018ms
[0.367s][info][gc,phases,start] GC(20) Adjust Roots
[0.367s][info][gc,phases      ] GC(20) Adjust Roots 0.200ms
[0.367s][info][gc,phases,start] GC(20) Compaction Phase
[0.378s][info][gc,phases      ] GC(20) Compaction Phase 10.741ms
[0.378s][info][gc,phases,start] GC(20) Post Compact
[0.378s][info][gc,phases      ] GC(20) Post Compact 0.097ms
[0.378s][info][gc,heap        ] GC(20) PSYoungGen: 5056K(21504K)->2471K(21504K) Eden: 0K(13312K)->0K(13312K) From: 5056K(8192K)->2471K(8192K)
[0.378s][info][gc,heap        ] GC(20) ParOldGen: 26578K(28672K)->28497K(40448K)
[0.378s][info][gc,metaspace   ] GC(20) Metaspace: 6303K(6528K)->6303K(6528K) NonClass: 5769K(5888K)->5769K(5888K) Class: 533K(640K)->533K(640K)
[0.378s][info][gc             ] GC(20) Pause Full (Ergonomics) 30M->30M(60M) 23.856ms
[0.378s][info][gc,cpu         ] GC(20) User=0.02s Sys=0.00s Real=0.02s
[0.390s][info][gc,start       ] GC(21) Pause Young (Allocation Failure)
[0.402s][info][gc,heap        ] GC(21) PSYoungGen: 15783K(21504K)->8192K(21504K) Eden: 13312K(13312K)->0K(13312K) From: 2471K(8192K)->8192K(8192K)
[0.402s][info][gc,heap        ] GC(21) ParOldGen: 28497K(40448K)->34185K(40448K)
[0.402s][info][gc,metaspace   ] GC(21) Metaspace: 6303K(6528K)->6303K(6528K) NonClass: 5769K(5888K)->5769K(5888K) Class: 533K(640K)->533K(640K)
[0.402s][info][gc             ] GC(21) Pause Young (Allocation Failure) 43M->41M(60M) 12.545ms
[0.402s][info][gc,cpu         ] GC(21) User=0.00s Sys=0.00s Real=0.01s
[0.402s][info][gc,start       ] GC(22) Pause Full (Ergonomics)
[0.402s][info][gc,phases,start] GC(22) Marking Phase
[0.419s][info][gc,phases      ] GC(22) Marking Phase 16.558ms
[0.419s][info][gc,phases,start] GC(22) Summary Phase
[0.419s][info][gc,phases      ] GC(22) Summary Phase 0.016ms
[0.419s][info][gc,phases,start] GC(22) Adjust Roots
[0.419s][info][gc,phases      ] GC(22) Adjust Roots 0.169ms
[0.419s][info][gc,phases,start] GC(22) Compaction Phase
[0.434s][info][gc,phases      ] GC(22) Compaction Phase 14.848ms
[0.434s][info][gc,phases,start] GC(22) Post Compact
[0.434s][info][gc,phases      ] GC(22) Post Compact 0.184ms
[0.434s][info][gc,heap        ] GC(22) PSYoungGen: 8192K(21504K)->2044K(21504K) Eden: 0K(13312K)->0K(13312K) From: 8192K(8192K)->2044K(8192K)
[0.434s][info][gc,heap        ] GC(22) ParOldGen: 34185K(40448K)->40227K(54784K)
[0.434s][info][gc,metaspace   ] GC(22) Metaspace: 6303K(6528K)->6303K(6528K) NonClass: 5769K(5888K)->5769K(5888K) Class: 533K(640K)->533K(640K)
[0.434s][info][gc             ] GC(22) Pause Full (Ergonomics) 41M->41M(74M) 32.176ms
[0.434s][info][gc,cpu         ] GC(22) User=0.06s Sys=0.00s Real=0.03s
[0.452s][info][gc,start       ] GC(23) Pause Young (Allocation Failure)
[0.467s][info][gc,heap        ] GC(23) PSYoungGen: 15356K(21504K)->11744K(25088K) Eden: 13312K(13312K)->0K(13312K) From: 2044K(8192K)->11744K(11776K)
[0.467s][info][gc,heap        ] GC(23) ParOldGen: 40227K(54784K)->43899K(54784K)
[0.467s][info][gc,metaspace   ] GC(23) Metaspace: 6303K(6528K)->6303K(6528K) NonClass: 5769K(5888K)->5769K(5888K) Class: 533K(640K)->533K(640K)
[0.467s][info][gc             ] GC(23) Pause Young (Allocation Failure) 54M->54M(78M) 14.587ms
[0.467s][info][gc,cpu         ] GC(23) User=0.02s Sys=0.00s Real=0.01s
[0.480s][info][gc,start       ] GC(24) Pause Young (Allocation Failure)
[0.497s][info][gc,heap        ] GC(24) PSYoungGen: 25056K(25088K)->13344K(28160K) Eden: 13312K(13312K)->0K(13312K) From: 11744K(11776K)->13344K(14848K)
[0.497s][info][gc,heap        ] GC(24) ParOldGen: 43899K(54784K)->55787K(55808K)
[0.497s][info][gc,metaspace   ] GC(24) Metaspace: 6303K(6528K)->6303K(6528K) NonClass: 5769K(5888K)->5769K(5888K) Class: 533K(640K)->533K(640K)
[0.497s][info][gc             ] GC(24) Pause Young (Allocation Failure) 67M->67M(82M) 16.455ms
[0.497s][info][gc,cpu         ] GC(24) User=0.03s Sys=0.00s Real=0.02s
[0.497s][info][gc,start       ] GC(25) Pause Full (Ergonomics)
[0.497s][info][gc,phases,start] GC(25) Marking Phase
[0.523s][info][gc,phases      ] GC(25) Marking Phase 26.249ms
[0.523s][info][gc,phases,start] GC(25) Summary Phase
[0.523s][info][gc,phases      ] GC(25) Summary Phase 0.020ms
[0.523s][info][gc,phases,start] GC(25) Adjust Roots
[0.523s][info][gc,phases      ] GC(25) Adjust Roots 0.169ms
[0.523s][info][gc,phases,start] GC(25) Compaction Phase
[0.543s][info][gc,phases      ] GC(25) Compaction Phase 19.280ms
[0.543s][info][gc,phases,start] GC(25) Post Compact
[0.543s][info][gc,phases      ] GC(25) Post Compact 0.254ms
[0.543s][info][gc,heap        ] GC(25) PSYoungGen: 13344K(28160K)->12254K(28160K) Eden: 0K(13312K)->0K(13312K) From: 13344K(14848K)->12254K(14848K)
[0.543s][info][gc,heap        ] GC(25) ParOldGen: 55787K(55808K)->55554K(74752K)
[0.543s][info][gc,metaspace   ] GC(25) Metaspace: 6303K(6528K)->6303K(6528K) NonClass: 5769K(5888K)->5769K(5888K) Class: 533K(640K)->533K(640K)
[0.543s][info][gc             ] GC(25) Pause Full (Ergonomics) 67M->66M(100M) 46.352ms
[0.543s][info][gc,cpu         ] GC(25) User=0.03s Sys=0.00s Real=0.05s
[0.556s][info][gc,start       ] GC(26) Pause Young (Allocation Failure)
[0.577s][info][gc,heap        ] GC(26) PSYoungGen: 25566K(28160K)->13344K(31744K) Eden: 13312K(13312K)->0K(14848K) From: 12254K(14848K)->13344K(16896K)
[0.577s][info][gc,heap        ] GC(26) ParOldGen: 55554K(74752K)->68018K(74752K)
[0.577s][info][gc,metaspace   ] GC(26) Metaspace: 6303K(6528K)->6303K(6528K) NonClass: 5769K(5888K)->5769K(5888K) Class: 533K(640K)->533K(640K)
[0.577s][info][gc             ] GC(26) Pause Young (Allocation Failure) 79M->79M(104M) 20.740ms
[0.577s][info][gc,cpu         ] GC(26) User=0.03s Sys=0.00s Real=0.02s
[0.577s][info][gc,start       ] GC(27) Pause Full (Ergonomics)
[0.577s][info][gc,phases,start] GC(27) Marking Phase
[0.608s][info][gc,phases      ] GC(27) Marking Phase 31.505ms
[0.608s][info][gc,phases,start] GC(27) Summary Phase
[0.608s][info][gc,phases      ] GC(27) Summary Phase 0.015ms
[0.608s][info][gc,phases,start] GC(27) Adjust Roots
[0.609s][info][gc,phases      ] GC(27) Adjust Roots 0.159ms
[0.609s][info][gc,phases,start] GC(27) Compaction Phase
[0.628s][info][gc,phases      ] GC(27) Compaction Phase 19.664ms
[0.628s][info][gc,phases,start] GC(27) Post Compact
[0.629s][info][gc,phases      ] GC(27) Post Compact 0.452ms
[0.629s][info][gc,heap        ] GC(27) PSYoungGen: 13344K(31744K)->6639K(31744K) Eden: 0K(14848K)->0K(14848K) From: 13344K(16896K)->6639K(16896K)
[0.629s][info][gc,heap        ] GC(27) ParOldGen: 68018K(74752K)->74452K(97792K)
[0.629s][info][gc,metaspace   ] GC(27) Metaspace: 6303K(6528K)->6303K(6528K) NonClass: 5769K(5888K)->5769K(5888K) Class: 533K(640K)->533K(640K)
[0.629s][info][gc             ] GC(27) Pause Full (Ergonomics) 79M->79M(126M) 52.212ms
[0.629s][info][gc,cpu         ] GC(27) User=0.05s Sys=0.00s Real=0.05s
[0.650s][info][gc,start       ] GC(28) Pause Young (Allocation Failure)
[0.664s][info][gc,heap        ] GC(28) PSYoungGen: 21487K(31744K)->18400K(33280K) Eden: 14848K(14848K)->0K(14848K) From: 6639K(16896K)->18400K(18432K)
[0.664s][info][gc,heap        ] GC(28) ParOldGen: 74452K(97792K)->77596K(97792K)
[0.664s][info][gc,metaspace   ] GC(28) Metaspace: 6303K(6528K)->6303K(6528K) NonClass: 5769K(5888K)->5769K(5888K) Class: 533K(640K)->533K(640K)
[0.664s][info][gc             ] GC(28) Pause Young (Allocation Failure) 93M->93M(128M) 14.608ms
[0.664s][info][gc,cpu         ] GC(28) User=0.02s Sys=0.00s Real=0.02s
[0.677s][info][gc,start       ] GC(29) Pause Young (Allocation Failure)
[0.694s][info][gc,heap        ] GC(29) PSYoungGen: 33248K(33280K)->14912K(38912K) Eden: 14848K(14848K)->0K(16384K) From: 18400K(18432K)->14912K(22528K)
[0.695s][info][gc,heap        ] GC(29) ParOldGen: 77596K(97792K)->96196K(97792K)
[0.695s][info][gc,metaspace   ] GC(29) Metaspace: 6303K(6528K)->6303K(6528K) NonClass: 5769K(5888K)->5769K(5888K) Class: 533K(640K)->533K(640K)
[0.695s][info][gc             ] GC(29) Pause Young (Allocation Failure) 108M->108M(133M) 17.142ms
[0.695s][info][gc,cpu         ] GC(29) User=0.05s Sys=0.00s Real=0.02s
[0.695s][info][gc,start       ] GC(30) Pause Full (Ergonomics)
[0.695s][info][gc,phases,start] GC(30) Marking Phase
[0.728s][info][gc,phases      ] GC(30) Marking Phase 33.126ms
[0.728s][info][gc,phases,start] GC(30) Summary Phase
[0.728s][info][gc,phases      ] GC(30) Summary Phase 0.015ms
[0.728s][info][gc,phases,start] GC(30) Adjust Roots
[0.728s][info][gc,phases      ] GC(30) Adjust Roots 0.147ms
[0.728s][info][gc,phases,start] GC(30) Compaction Phase
[0.753s][info][gc,phases      ] GC(30) Compaction Phase 25.353ms
[0.753s][info][gc,phases,start] GC(30) Post Compact
[0.754s][info][gc,phases      ] GC(30) Post Compact 0.402ms
[0.754s][info][gc,heap        ] GC(30) PSYoungGen: 14912K(38912K)->11239K(38912K) Eden: 0K(16384K)->0K(16384K) From: 14912K(22528K)->11239K(22528K)
[0.754s][info][gc,heap        ] GC(30) ParOldGen: 96196K(97792K)->97442K(126976K)
[0.754s][info][gc,metaspace   ] GC(30) Metaspace: 6303K(6528K)->6303K(6528K) NonClass: 5769K(5888K)->5769K(5888K) Class: 533K(640K)->533K(640K)
[0.754s][info][gc             ] GC(30) Pause Full (Ergonomics) 108M->106M(162M) 59.433ms
[0.754s][info][gc,cpu         ] GC(30) User=0.09s Sys=0.02s Real=0.06s
[0.770s][info][gc,start       ] GC(31) Pause Young (Allocation Failure)
[0.791s][info][gc,heap        ] GC(31) PSYoungGen: 27623K(38912K)->23552K(39936K) Eden: 16384K(16384K)->0K(16384K) From: 11239K(22528K)->23552K(23552K)
[0.791s][info][gc,heap        ] GC(31) ParOldGen: 97442K(126976K)->101602K(126976K)
[0.791s][info][gc,metaspace   ] GC(31) Metaspace: 6303K(6528K)->6303K(6528K) NonClass: 5769K(5888K)->5769K(5888K) Class: 533K(640K)->533K(640K)
[0.791s][info][gc             ] GC(31) Pause Young (Allocation Failure) 122M->122M(163M) 20.576ms
[0.791s][info][gc,cpu         ] GC(31) User=0.05s Sys=0.00s Real=0.02s
[0.806s][info][gc,start       ] GC(32) Pause Young (Allocation Failure)
[0.830s][info][gc,heap        ] GC(32) PSYoungGen: 39936K(39936K)->16448K(48640K) Eden: 16384K(16384K)->0K(19456K) From: 23552K(23552K)->16448K(29184K)
[0.830s][info][gc,heap        ] GC(32) ParOldGen: 101602K(126976K)->125490K(126976K)
[0.830s][info][gc,metaspace   ] GC(32) Metaspace: 6303K(6528K)->6303K(6528K) NonClass: 5769K(5888K)->5769K(5888K) Class: 533K(640K)->533K(640K)
[0.830s][info][gc             ] GC(32) Pause Young (Allocation Failure) 138M->138M(171M) 24.249ms
[0.830s][info][gc,cpu         ] GC(32) User=0.05s Sys=0.00s Real=0.02s
[0.831s][info][gc,start       ] GC(33) Pause Full (Ergonomics)
[0.831s][info][gc,phases,start] GC(33) Marking Phase
[0.861s][info][gc,phases      ] GC(33) Marking Phase 30.874ms
[0.861s][info][gc,phases,start] GC(33) Summary Phase
[0.862s][info][gc,phases      ] GC(33) Summary Phase 0.015ms
[0.862s][info][gc,phases,start] GC(33) Adjust Roots
[0.862s][info][gc,phases      ] GC(33) Adjust Roots 0.144ms
[0.862s][info][gc,phases,start] GC(33) Compaction Phase
[0.881s][info][gc,phases      ] GC(33) Compaction Phase 18.890ms
[0.881s][info][gc,phases,start] GC(33) Post Compact
[0.881s][info][gc,phases      ] GC(33) Post Compact 0.750ms
[0.882s][info][gc,heap        ] GC(33) PSYoungGen: 16448K(48640K)->14821K(48640K) Eden: 0K(19456K)->0K(19456K) From: 16448K(29184K)->14821K(29184K)
[0.882s][info][gc,heap        ] GC(33) ParOldGen: 125490K(126976K)->126565K(162816K)
[0.882s][info][gc,metaspace   ] GC(33) Metaspace: 6303K(6528K)->6303K(6528K) NonClass: 5769K(5888K)->5769K(5888K) Class: 533K(640K)->533K(640K)
[0.882s][info][gc             ] GC(33) Pause Full (Ergonomics) 138M->138M(206M) 51.151ms
[0.882s][info][gc,cpu         ] GC(33) User=0.12s Sys=0.00s Real=0.05s
[0.901s][info][gc,start       ] GC(34) Pause Young (Allocation Failure)
[0.923s][info][gc,heap        ] GC(34) PSYoungGen: 34277K(48640K)->29184K(48640K) Eden: 19456K(19456K)->0K(19456K) From: 14821K(29184K)->29184K(29184K)
[0.923s][info][gc,heap        ] GC(34) ParOldGen: 126565K(162816K)->131781K(162816K)
[0.923s][info][gc,metaspace   ] GC(34) Metaspace: 6303K(6528K)->6303K(6528K) NonClass: 5769K(5888K)->5769K(5888K) Class: 533K(640K)->533K(640K)
[0.923s][info][gc             ] GC(34) Pause Young (Allocation Failure) 157M->157M(206M) 22.571ms
[0.923s][info][gc,cpu         ] GC(34) User=0.08s Sys=0.00s Real=0.02s
[0.940s][info][gc,start       ] GC(35) Pause Young (Allocation Failure)
[0.964s][info][gc,heap        ] GC(35) PSYoungGen: 45502K(48640K)->16032K(55296K) Eden: 16318K(19456K)->0K(22528K) From: 29184K(29184K)->16032K(32768K)
[0.964s][info][gc,heap        ] GC(35) ParOldGen: 131781K(162816K)->161381K(162816K)
[0.964s][info][gc,metaspace   ] GC(35) Metaspace: 6303K(6528K)->6303K(6528K) NonClass: 5769K(5888K)->5769K(5888K) Class: 533K(640K)->533K(640K)
[0.964s][info][gc             ] GC(35) Pause Young (Allocation Failure) 173M->173M(213M) 24.876ms
[0.964s][info][gc,cpu         ] GC(35) User=0.02s Sys=0.05s Real=0.03s
[0.965s][info][gc,start       ] GC(36) Pause Full (Ergonomics)
[0.965s][info][gc,phases,start] GC(36) Marking Phase
[1.014s][info][gc,phases      ] GC(36) Marking Phase 49.727ms
[1.014s][info][gc,phases,start] GC(36) Summary Phase
[1.014s][info][gc,phases      ] GC(36) Summary Phase 0.018ms
[1.014s][info][gc,phases,start] GC(36) Adjust Roots
[1.015s][info][gc,phases      ] GC(36) Adjust Roots 0.225ms
[1.015s][info][gc,phases,start] GC(36) Compaction Phase
[1.039s][info][gc,phases      ] GC(36) Compaction Phase 23.946ms
[1.039s][info][gc,phases,start] GC(36) Post Compact
[1.040s][info][gc,phases      ] GC(36) Post Compact 0.832ms
[1.040s][info][gc,heap        ] GC(36) PSYoungGen: 16032K(55296K)->14447K(57344K) Eden: 0K(22528K)->0K(24576K) From: 16032K(32768K)->14447K(32768K)
[1.040s][info][gc,heap        ] GC(36) ParOldGen: 161381K(162816K)->162345K(206848K)
[1.040s][info][gc,metaspace   ] GC(36) Metaspace: 6303K(6528K)->6303K(6528K) NonClass: 5769K(5888K)->5769K(5888K) Class: 533K(640K)->533K(640K)
[1.040s][info][gc             ] GC(36) Pause Full (Ergonomics) 173M->172M(258M) 75.251ms
[1.040s][info][gc,cpu         ] GC(36) User=0.28s Sys=0.00s Real=0.08s
[1.080s][info][gc,start       ] GC(37) Pause Young (Allocation Failure)
[1.108s][info][gc,heap        ] GC(37) PSYoungGen: 39023K(57344K)->24672K(59392K) Eden: 24576K(24576K)->0K(24576K) From: 14447K(32768K)->24672K(34816K)
[1.108s][info][gc,heap        ] GC(37) ParOldGen: 162345K(206848K)->177041K(206848K)
[1.108s][info][gc,metaspace   ] GC(37) Metaspace: 6303K(6528K)->6303K(6528K) NonClass: 5769K(5888K)->5769K(5888K) Class: 533K(640K)->533K(640K)
[1.108s][info][gc             ] GC(37) Pause Young (Allocation Failure) 196M->196M(260M) 28.207ms
[1.108s][info][gc,cpu         ] GC(37) User=0.02s Sys=0.00s Real=0.03s
[1.133s][info][gc,start       ] GC(38) Pause Young (Allocation Failure)
[1.164s][info][gc,heap        ] GC(38) PSYoungGen: 49248K(59392K)->36320K(53760K) Eden: 24576K(24576K)->0K(17408K) From: 24672K(34816K)->36320K(36352K)
[1.164s][info][gc,heap        ] GC(38) ParOldGen: 177041K(206848K)->190105K(206848K)
[1.164s][info][gc,metaspace   ] GC(38) Metaspace: 6303K(6528K)->6303K(6528K) NonClass: 5769K(5888K)->5769K(5888K) Class: 533K(640K)->533K(640K)
[1.164s][info][gc             ] GC(38) Pause Young (Allocation Failure) 220M->221M(254M) 31.278ms
[1.164s][info][gc,cpu         ] GC(38) User=0.03s Sys=0.00s Real=0.03s
[1.164s][info][gc,start       ] GC(39) Pause Full (Ergonomics)
[1.164s][info][gc,phases,start] GC(39) Marking Phase
[1.218s][info][gc,phases      ] GC(39) Marking Phase 54.362ms
[1.218s][info][gc,phases,start] GC(39) Summary Phase
[1.218s][info][gc,phases      ] GC(39) Summary Phase 0.017ms
[1.218s][info][gc,phases,start] GC(39) Adjust Roots
[1.219s][info][gc,phases      ] GC(39) Adjust Roots 0.148ms
[1.219s][info][gc,phases,start] GC(39) Compaction Phase
[1.264s][info][gc,phases      ] GC(39) Compaction Phase 45.225ms
[1.264s][info][gc,phases,start] GC(39) Post Compact
[1.265s][info][gc,phases      ] GC(39) Post Compact 1.091ms
[1.265s][info][gc,heap        ] GC(39) PSYoungGen: 36320K(53760K)->22467K(53760K) Eden: 0K(17408K)->0K(17408K) From: 36320K(36352K)->22467K(36352K)
[1.265s][info][gc,heap        ] GC(39) ParOldGen: 190105K(206848K)->199325K(245248K)
[1.265s][info][gc,metaspace   ] GC(39) Metaspace: 6303K(6528K)->6303K(6528K) NonClass: 5769K(5888K)->5769K(5888K) Class: 533K(640K)->533K(640K)
[1.265s][info][gc             ] GC(39) Pause Full (Ergonomics) 221M->216M(292M) 101.426ms
[1.265s][info][gc,cpu         ] GC(39) User=0.31s Sys=0.00s Real=0.10s
[1.285s][info][gc,start       ] GC(40) Pause Young (Allocation Failure)
[1.316s][info][gc,heap        ] GC(40) PSYoungGen: 39875K(53760K)->17536K(64512K) Eden: 17408K(17408K)->0K(17408K) From: 22467K(36352K)->17536K(47104K)
[1.316s][info][gc,heap        ] GC(40) ParOldGen: 199325K(245248K)->222037K(245248K)
[1.316s][info][gc,metaspace   ] GC(40) Metaspace: 6303K(6528K)->6303K(6528K) NonClass: 5769K(5888K)->5769K(5888K) Class: 533K(640K)->533K(640K)
[1.316s][info][gc             ] GC(40) Pause Young (Allocation Failure) 233M->233M(302M) 31.626ms
[1.316s][info][gc,cpu         ] GC(40) User=0.00s Sys=0.00s Real=0.03s
[1.317s][info][gc,start       ] GC(41) Pause Full (Ergonomics)
[1.317s][info][gc,phases,start] GC(41) Marking Phase
[1.371s][info][gc,phases      ] GC(41) Marking Phase 54.314ms
[1.371s][info][gc,phases,start] GC(41) Summary Phase
[1.371s][info][gc,phases      ] GC(41) Summary Phase 0.020ms
[1.371s][info][gc,phases,start] GC(41) Adjust Roots
[1.371s][info][gc,phases      ] GC(41) Adjust Roots 0.150ms
[1.371s][info][gc,phases,start] GC(41) Compaction Phase
[1.401s][info][gc,phases      ] GC(41) Compaction Phase 29.405ms
[1.401s][info][gc,phases,start] GC(41) Post Compact
[1.402s][info][gc,phases      ] GC(41) Post Compact 1.067ms
[1.402s][info][gc,heap        ] GC(41) PSYoungGen: 17536K(64512K)->0K(64512K) Eden: 0K(17408K)->0K(19968K) From: 17536K(47104K)->0K(44544K)
[1.402s][info][gc,heap        ] GC(41) ParOldGen: 222037K(245248K)->239171K(290816K)
[1.402s][info][gc,metaspace   ] GC(41) Metaspace: 6303K(6528K)->6303K(6528K) NonClass: 5769K(5888K)->5769K(5888K) Class: 533K(640K)->533K(640K)
[1.402s][info][gc             ] GC(41) Pause Full (Ergonomics) 233M->233M(347M) 85.477ms
[1.402s][info][gc,cpu         ] GC(41) User=0.36s Sys=0.05s Real=0.09s
[1.425s][info][gc,start       ] GC(42) Pause Young (Allocation Failure)
[1.436s][info][gc,heap        ] GC(42) PSYoungGen: 19968K(64512K)->20160K(64512K) Eden: 19968K(19968K)->0K(19968K) From: 0K(44544K)->20160K(44544K)
[1.436s][info][gc,heap        ] GC(42) ParOldGen: 239171K(290816K)->239171K(290816K)
[1.436s][info][gc,metaspace   ] GC(42) Metaspace: 6303K(6528K)->6303K(6528K) NonClass: 5769K(5888K)->5769K(5888K) Class: 533K(640K)->533K(640K)
[1.436s][info][gc             ] GC(42) Pause Young (Allocation Failure) 253M->253M(347M) 11.031ms
[1.436s][info][gc,cpu         ] GC(42) User=0.02s Sys=0.00s Real=0.01s
[1.457s][info][gc,start       ] GC(43) Pause Young (Allocation Failure)
[1.476s][info][gc,heap        ] GC(43) PSYoungGen: 40128K(64512K)->40096K(59392K) Eden: 19968K(19968K)->0K(16896K) From: 20160K(44544K)->40096K(42496K)
[1.476s][info][gc,heap        ] GC(43) ParOldGen: 239171K(290816K)->239171K(290816K)
[1.476s][info][gc,metaspace   ] GC(43) Metaspace: 6303K(6528K)->6303K(6528K) NonClass: 5769K(5888K)->5769K(5888K) Class: 533K(640K)->533K(640K)
[1.476s][info][gc             ] GC(43) Pause Young (Allocation Failure) 272M->272M(342M) 18.944ms
[1.476s][info][gc,cpu         ] GC(43) User=0.12s Sys=0.00s Real=0.02s
[1.496s][info][gc,start       ] GC(44) Pause Young (Allocation Failure)
[1.521s][info][gc,heap        ] GC(44) PSYoungGen: 56992K(59392K)->48128K(65024K) Eden: 16896K(16896K)->0K(16896K) From: 40096K(42496K)->48128K(48128K)
[1.521s][info][gc,heap        ] GC(44) ParOldGen: 239171K(290816K)->248019K(290816K)
[1.521s][info][gc,metaspace   ] GC(44) Metaspace: 6303K(6528K)->6303K(6528K) NonClass: 5769K(5888K)->5769K(5888K) Class: 533K(640K)->533K(640K)
[1.521s][info][gc             ] GC(44) Pause Young (Allocation Failure) 289M->289M(347M) 25.456ms
[1.521s][info][gc,cpu         ] GC(44) User=0.12s Sys=0.00s Real=0.02s
[1.539s][info][gc,start       ] GC(45) Pause Young (Allocation Failure)
[1.567s][info][gc,heap        ] GC(45) PSYoungGen: 65024K(65024K)->48672K(72704K) Eden: 16896K(16896K)->0K(13824K) From: 48128K(48128K)->48672K(58880K)
[1.567s][info][gc,heap        ] GC(45) ParOldGen: 248019K(290816K)->264763K(290816K)
[1.567s][info][gc,metaspace   ] GC(45) Metaspace: 6303K(6528K)->6303K(6528K) NonClass: 5769K(5888K)->5769K(5888K) Class: 533K(640K)->533K(640K)
[1.567s][info][gc             ] GC(45) Pause Young (Allocation Failure) 305M->306M(355M) 28.389ms
[1.567s][info][gc,cpu         ] GC(45) User=0.14s Sys=0.00s Real=0.03s
[1.568s][info][gc,start       ] GC(46) Pause Full (Ergonomics)
[1.568s][info][gc,phases,start] GC(46) Marking Phase
[1.632s][info][gc,phases      ] GC(46) Marking Phase 64.606ms
[1.632s][info][gc,phases,start] GC(46) Summary Phase
[1.632s][info][gc,phases      ] GC(46) Summary Phase 0.019ms
[1.632s][info][gc,phases,start] GC(46) Adjust Roots
[1.632s][info][gc,phases      ] GC(46) Adjust Roots 0.208ms
[1.632s][info][gc,phases,start] GC(46) Compaction Phase
[1.670s][info][gc,phases      ] GC(46) Compaction Phase 37.227ms
[1.670s][info][gc,phases,start] GC(46) Post Compact
[1.671s][info][gc,phases      ] GC(46) Post Compact 1.639ms
[1.672s][info][gc,heap        ] GC(46) PSYoungGen: 48672K(72704K)->22366K(72704K) Eden: 0K(13824K)->0K(13824K) From: 48672K(58880K)->22366K(58880K)
[1.672s][info][gc,heap        ] GC(46) ParOldGen: 264763K(290816K)->290408K(342016K)
[1.672s][info][gc,metaspace   ] GC(46) Metaspace: 6303K(6528K)->6303K(6528K) NonClass: 5769K(5888K)->5769K(5888K) Class: 533K(640K)->533K(640K)
[1.672s][info][gc             ] GC(46) Pause Full (Ergonomics) 306M->305M(405M) 104.316ms
[1.672s][info][gc,cpu         ] GC(46) User=0.69s Sys=0.00s Real=0.10s
[1.691s][info][gc,start       ] GC(47) Pause Young (Allocation Failure)
[1.718s][info][gc,heap        ] GC(47) PSYoungGen: 36190K(72704K)->36320K(78336K) Eden: 13824K(13824K)->0K(13824K) From: 22366K(58880K)->36320K(64512K)
[1.718s][info][gc,heap        ] GC(47) ParOldGen: 290408K(342016K)->290408K(342016K)
[1.719s][info][gc,metaspace   ] GC(47) Metaspace: 6303K(6528K)->6303K(6528K) NonClass: 5769K(5888K)->5769K(5888K) Class: 533K(640K)->533K(640K)
[1.719s][info][gc             ] GC(47) Pause Young (Allocation Failure) 318M->319M(410M) 27.572ms
[1.719s][info][gc,cpu         ] GC(47) User=0.14s Sys=0.00s Real=0.03s
[1.734s][info][gc,start       ] GC(48) Pause Young (Allocation Failure)
[1.757s][info][gc,heap        ] GC(48) PSYoungGen: 50144K(78336K)->50240K(75264K) Eden: 13824K(13824K)->0K(11264K) From: 36320K(64512K)->50240K(64000K)
[1.758s][info][gc,heap        ] GC(48) ParOldGen: 290408K(342016K)->290408K(342016K)
[1.758s][info][gc,metaspace   ] GC(48) Metaspace: 6303K(6528K)->6303K(6528K) NonClass: 5769K(5888K)->5769K(5888K) Class: 533K(640K)->533K(640K)
[1.758s][info][gc             ] GC(48) Pause Young (Allocation Failure) 332M->332M(407M) 23.296ms
[1.758s][info][gc,cpu         ] GC(48) User=0.12s Sys=0.00s Real=0.02s
[1.770s][info][gc,start       ] GC(49) Pause Young (Allocation Failure)
[1.798s][info][gc,heap        ] GC(49) PSYoungGen: 61504K(75264K)->53120K(79872K) Eden: 11264K(11264K)->0K(11264K) From: 50240K(64000K)->53120K(68608K)
[1.798s][info][gc,heap        ] GC(49) ParOldGen: 290408K(342016K)->298880K(342016K)
[1.798s][info][gc,metaspace   ] GC(49) Metaspace: 6303K(6528K)->6303K(6528K) NonClass: 5769K(5888K)->5769K(5888K) Class: 533K(640K)->533K(640K)
[1.798s][info][gc             ] GC(49) Pause Young (Allocation Failure) 343M->343M(412M) 28.314ms
[1.798s][info][gc,cpu         ] GC(49) User=0.14s Sys=0.00s Real=0.03s
[1.873s][info][gc,start       ] GC(50) Pause Young (Allocation Failure)
[1.909s][info][gc,heap        ] GC(50) PSYoungGen: 64384K(79872K)->59488K(81408K) Eden: 11264K(11264K)->0K(7680K) From: 53120K(68608K)->59488K(73728K)
[1.909s][info][gc,heap        ] GC(50) ParOldGen: 315264K(342016K)->320200K(342016K)
[1.909s][info][gc,metaspace   ] GC(50) Metaspace: 6303K(6528K)->6303K(6528K) NonClass: 5769K(5888K)->5769K(5888K) Class: 533K(640K)->533K(640K)
[1.909s][info][gc             ] GC(50) Pause Young (Allocation Failure) 370M->370M(413M) 36.033ms
[1.909s][info][gc,cpu         ] GC(50) User=0.22s Sys=0.03s Real=0.04s
[1.909s][info][gc,start       ] GC(51) Pause Full (Ergonomics)
[1.909s][info][gc,phases,start] GC(51) Marking Phase
[1.990s][info][gc,phases      ] GC(51) Marking Phase 81.021ms
[1.990s][info][gc,phases,start] GC(51) Summary Phase
[1.990s][info][gc,phases      ] GC(51) Summary Phase 0.019ms
[1.990s][info][gc,phases,start] GC(51) Adjust Roots
[1.990s][info][gc,phases      ] GC(51) Adjust Roots 0.156ms
[1.990s][info][gc,phases,start] GC(51) Compaction Phase
[2.053s][info][gc,phases      ] GC(51) Compaction Phase 62.517ms
[2.053s][info][gc,phases,start] GC(51) Post Compact
[2.055s][info][gc,phases      ] GC(51) Post Compact 1.911ms
[2.055s][info][gc,heap        ] GC(51) PSYoungGen: 59488K(81408K)->29073K(81408K) Eden: 0K(7680K)->0K(7680K) From: 59488K(73728K)->29073K(73728K)
[2.055s][info][gc,heap        ] GC(51) ParOldGen: 320200K(342016K)->341941K(391168K)
[2.055s][info][gc,metaspace   ] GC(51) Metaspace: 6303K(6528K)->6303K(6528K) NonClass: 5769K(5888K)->5769K(5888K) Class: 533K(640K)->533K(640K)
[2.055s][info][gc             ] GC(51) Pause Full (Ergonomics) 370M->362M(461M) 146.251ms
[2.055s][info][gc,cpu         ] GC(51) User=0.86s Sys=0.05s Real=0.15s
[2.065s][info][gc,start       ] GC(52) Pause Young (Allocation Failure)
[2.095s][info][gc,heap        ] GC(52) PSYoungGen: 36753K(81408K)->30496K(38400K) Eden: 7680K(7680K)->0K(7680K) From: 29073K(73728K)->30496K(30720K)
[2.095s][info][gc,heap        ] GC(52) ParOldGen: 341941K(391168K)->348509K(391168K)
[2.095s][info][gc,metaspace   ] GC(52) Metaspace: 6303K(6528K)->6303K(6528K) NonClass: 5769K(5888K)->5769K(5888K) Class: 533K(640K)->533K(640K)
[2.095s][info][gc             ] GC(52) Pause Young (Allocation Failure) 369M->370M(419M) 30.335ms
[2.095s][info][gc,cpu         ] GC(52) User=0.05s Sys=0.00s Real=0.03s
[2.103s][info][gc,start       ] GC(53) Pause Young (Allocation Failure)
[2.120s][info][gc,heap        ] GC(53) PSYoungGen: 38176K(38400K)->38144K(80384K) Eden: 7680K(7680K)->0K(9216K) From: 30496K(30720K)->38144K(71168K)
[2.120s][info][gc,heap        ] GC(53) ParOldGen: 348509K(391168K)->348509K(391168K)
[2.120s][info][gc,metaspace   ] GC(53) Metaspace: 6303K(6528K)->6303K(6528K) NonClass: 5769K(5888K)->5769K(5888K) Class: 533K(640K)->533K(640K)
[2.121s][info][gc             ] GC(53) Pause Young (Allocation Failure) 377M->377M(460M) 17.356ms
[2.121s][info][gc,cpu         ] GC(53) User=0.12s Sys=0.00s Real=0.02s
[2.130s][info][gc,start       ] GC(54) Pause Young (Allocation Failure)
[2.151s][info][gc,heap        ] GC(54) PSYoungGen: 47360K(80384K)->41056K(82432K) Eden: 9216K(9216K)->0K(9216K) From: 38144K(71168K)->41056K(73216K)
[2.151s][info][gc,heap        ] GC(54) ParOldGen: 348509K(391168K)->354813K(391168K)
[2.151s][info][gc,metaspace   ] GC(54) Metaspace: 6303K(6528K)->6303K(6528K) NonClass: 5769K(5888K)->5769K(5888K) Class: 533K(640K)->533K(640K)
[2.151s][info][gc             ] GC(54) Pause Young (Allocation Failure) 386M->386M(462M) 21.302ms
[2.151s][info][gc,cpu         ] GC(54) User=0.12s Sys=0.00s Real=0.02s
[2.160s][info][gc,start       ] GC(55) Pause Young (Allocation Failure)
[2.183s][info][gc,heap        ] GC(55) PSYoungGen: 50272K(82432K)->39104K(77312K) Eden: 9216K(9216K)->0K(10752K) From: 41056K(73216K)->39104K(66560K)
[2.183s][info][gc,heap        ] GC(55) ParOldGen: 354813K(391168K)->366213K(391168K)
[2.183s][info][gc,metaspace   ] GC(55) Metaspace: 6303K(6528K)->6303K(6528K) NonClass: 5769K(5888K)->5769K(5888K) Class: 533K(640K)->533K(640K)
[2.183s][info][gc             ] GC(55) Pause Young (Allocation Failure) 395M->395M(457M) 22.879ms
[2.183s][info][gc,cpu         ] GC(55) User=0.12s Sys=0.00s Real=0.02s
[2.195s][info][gc,start       ] GC(56) Pause Young (Allocation Failure)
[2.218s][info][gc,heap        ] GC(56) PSYoungGen: 49856K(77312K)->36928K(48128K) Eden: 10752K(10752K)->0K(10752K) From: 39104K(66560K)->36928K(37376K)
[2.218s][info][gc,heap        ] GC(56) ParOldGen: 366213K(391168K)->379237K(391168K)
[2.218s][info][gc,metaspace   ] GC(56) Metaspace: 6303K(6528K)->6303K(6528K) NonClass: 5769K(5888K)->5769K(5888K) Class: 533K(640K)->533K(640K)
[2.218s][info][gc             ] GC(56) Pause Young (Allocation Failure) 406M->406M(429M) 23.330ms
[2.218s][info][gc,cpu         ] GC(56) User=0.14s Sys=0.00s Real=0.02s
[2.218s][info][gc,start       ] GC(57) Pause Full (Ergonomics)
[2.218s][info][gc,phases,start] GC(57) Marking Phase
[2.309s][info][gc,phases      ] GC(57) Marking Phase 91.272ms
[2.309s][info][gc,phases,start] GC(57) Summary Phase
[2.309s][info][gc,phases      ] GC(57) Summary Phase 0.019ms
[2.309s][info][gc,phases,start] GC(57) Adjust Roots
[2.310s][info][gc,phases      ] GC(57) Adjust Roots 0.153ms
[2.310s][info][gc,phases,start] GC(57) Compaction Phase
[2.361s][info][gc,phases      ] GC(57) Compaction Phase 51.001ms
[2.361s][info][gc,phases,start] GC(57) Post Compact
[2.363s][info][gc,phases      ] GC(57) Post Compact 2.299ms
[2.363s][info][gc,heap        ] GC(57) PSYoungGen: 36928K(48128K)->24475K(48128K) Eden: 0K(10752K)->0K(10752K) From: 36928K(37376K)->24475K(37376K)
[2.363s][info][gc,heap        ] GC(57) ParOldGen: 379237K(391168K)->390927K(440832K)
[2.363s][info][gc,metaspace   ] GC(57) Metaspace: 6303K(6528K)->6303K(6528K) NonClass: 5769K(5888K)->5769K(5888K) Class: 533K(640K)->533K(640K)
[2.363s][info][gc             ] GC(57) Pause Full (Ergonomics) 406M->405M(477M) 145.362ms
[2.363s][info][gc,cpu         ] GC(57) User=0.88s Sys=0.00s Real=0.14s
[2.376s][info][gc,start       ] GC(58) Pause Young (Allocation Failure)
[2.410s][info][gc,heap        ] GC(58) PSYoungGen: 35227K(48128K)->24128K(76800K) Eden: 10752K(10752K)->0K(12288K) From: 24475K(37376K)->24128K(64512K)
[2.410s][info][gc,heap        ] GC(58) ParOldGen: 390927K(440832K)->402407K(440832K)
[2.410s][info][gc,metaspace   ] GC(58) Metaspace: 6303K(6528K)->6303K(6528K) NonClass: 5769K(5888K)->5769K(5888K) Class: 533K(640K)->533K(640K)
[2.410s][info][gc             ] GC(58) Pause Young (Allocation Failure) 416M->416M(505M) 33.614ms
[2.410s][info][gc,cpu         ] GC(58) User=0.16s Sys=0.00s Real=0.03s
[2.423s][info][gc,start       ] GC(59) Pause Young (Allocation Failure)
[2.441s][info][gc,heap        ] GC(59) PSYoungGen: 36416K(76800K)->30368K(43008K) Eden: 12288K(12288K)->0K(12288K) From: 24128K(64512K)->30368K(30720K)
[2.441s][info][gc,heap        ] GC(59) ParOldGen: 402407K(440832K)->408503K(440832K)
[2.441s][info][gc,metaspace   ] GC(59) Metaspace: 6303K(6528K)->6303K(6528K) NonClass: 5769K(5888K)->5769K(5888K) Class: 533K(640K)->533K(640K)
[2.441s][info][gc             ] GC(59) Pause Young (Allocation Failure) 428M->428M(472M) 18.490ms
[2.441s][info][gc,cpu         ] GC(59) User=0.12s Sys=0.00s Real=0.02s
[2.453s][info][gc,start       ] GC(60) Pause Young (Allocation Failure)
[2.475s][info][gc,heap        ] GC(60) PSYoungGen: 42656K(43008K)->24704K(75264K) Eden: 12288K(12288K)->0K(14336K) From: 30368K(30720K)->24704K(60928K)
[2.475s][info][gc,heap        ] GC(60) ParOldGen: 408503K(440832K)->426679K(440832K)
[2.475s][info][gc,metaspace   ] GC(60) Metaspace: 6303K(6528K)->6303K(6528K) NonClass: 5769K(5888K)->5769K(5888K) Class: 533K(640K)->533K(640K)
[2.475s][info][gc             ] GC(60) Pause Young (Allocation Failure) 440M->440M(504M) 21.346ms
[2.475s][info][gc,cpu         ] GC(60) User=0.06s Sys=0.06s Real=0.02s
[2.475s][info][gc,start       ] GC(61) Pause Full (Ergonomics)
[2.475s][info][gc,phases,start] GC(61) Marking Phase
[2.580s][info][gc,phases      ] GC(61) Marking Phase 105.186ms
[2.580s][info][gc,phases,start] GC(61) Summary Phase
[2.580s][info][gc,phases      ] GC(61) Summary Phase 0.019ms
[2.580s][info][gc,phases,start] GC(61) Adjust Roots
[2.580s][info][gc,phases      ] GC(61) Adjust Roots 0.155ms
[2.580s][info][gc,phases,start] GC(61) Compaction Phase
[2.626s][info][gc,phases      ] GC(61) Compaction Phase 45.504ms
[2.626s][info][gc,phases,start] GC(61) Post Compact
[2.628s][info][gc,phases      ] GC(61) Post Compact 2.184ms
[2.628s][info][gc,heap        ] GC(61) PSYoungGen: 24704K(75264K)->10204K(76288K) Eden: 0K(14336K)->0K(15360K) From: 24704K(60928K)->10204K(60928K)
[2.628s][info][gc,heap        ] GC(61) ParOldGen: 426679K(440832K)->440430K(495104K)
[2.628s][info][gc,metaspace   ] GC(61) Metaspace: 6303K(6528K)->6303K(6528K) NonClass: 5769K(5888K)->5769K(5888K) Class: 533K(640K)->533K(640K)
[2.628s][info][gc             ] GC(61) Pause Full (Ergonomics) 440M->440M(558M) 153.613ms
[2.628s][info][gc,cpu         ] GC(61) User=1.00s Sys=0.02s Real=0.15s
[2.645s][info][gc,start       ] GC(62) Pause Young (Allocation Failure)
[2.675s][info][gc,heap        ] GC(62) PSYoungGen: 25564K(76288K)->15488K(77312K) Eden: 15360K(15360K)->0K(15360K) From: 10204K(60928K)->15488K(61952K)
[2.675s][info][gc,heap        ] GC(62) ParOldGen: 440430K(495104K)->450782K(495104K)
[2.675s][info][gc,metaspace   ] GC(62) Metaspace: 6303K(6528K)->6303K(6528K) NonClass: 5769K(5888K)->5769K(5888K) Class: 533K(640K)->533K(640K)
[2.675s][info][gc             ] GC(62) Pause Young (Allocation Failure) 455M->455M(559M) 30.229ms
[2.675s][info][gc,cpu         ] GC(62) User=0.14s Sys=0.00s Real=0.03s
[2.693s][info][gc,start       ] GC(63) Pause Young (Allocation Failure)
[2.710s][info][gc,heap        ] GC(63) PSYoungGen: 30848K(77312K)->30880K(74240K) Eden: 15360K(15360K)->0K(17408K) From: 15488K(61952K)->30880K(56832K)
[2.710s][info][gc,heap        ] GC(63) ParOldGen: 450782K(495104K)->450782K(495104K)
[2.710s][info][gc,metaspace   ] GC(63) Metaspace: 6303K(6528K)->6303K(6528K) NonClass: 5769K(5888K)->5769K(5888K) Class: 533K(640K)->533K(640K)
[2.710s][info][gc             ] GC(63) Pause Young (Allocation Failure) 470M->470M(556M) 16.681ms
[2.710s][info][gc,cpu         ] GC(63) User=0.03s Sys=0.00s Real=0.02s
[2.729s][info][gc,start       ] GC(64) Pause Young (Allocation Failure)
[2.753s][info][gc,heap        ] GC(64) PSYoungGen: 48288K(74240K)->32928K(50688K) Eden: 17408K(17408K)->0K(17408K) From: 30880K(56832K)->32928K(33280K)
[2.753s][info][gc,heap        ] GC(64) ParOldGen: 450782K(495104K)->466342K(495104K)
[2.753s][info][gc,metaspace   ] GC(64) Metaspace: 6303K(6528K)->6303K(6528K) NonClass: 5769K(5888K)->5769K(5888K) Class: 533K(640K)->533K(640K)
[2.753s][info][gc             ] GC(64) Pause Young (Allocation Failure) 487M->487M(533M) 24.498ms
[2.753s][info][gc,cpu         ] GC(64) User=0.14s Sys=0.00s Real=0.03s
[2.773s][info][gc,start       ] GC(65) Pause Young (Allocation Failure)
[2.799s][info][gc,heap        ] GC(65) PSYoungGen: 50336K(50688K)->34976K(75264K) Eden: 17408K(17408K)->0K(19968K) From: 32928K(33280K)->34976K(55296K)
[2.799s][info][gc,heap        ] GC(65) ParOldGen: 466342K(495104K)->481918K(495104K)
[2.799s][info][gc,metaspace   ] GC(65) Metaspace: 6303K(6528K)->6303K(6528K) NonClass: 5769K(5888K)->5769K(5888K) Class: 533K(640K)->533K(640K)
[2.799s][info][gc             ] GC(65) Pause Young (Allocation Failure) 504M->504M(557M) 25.782ms
[2.799s][info][gc,cpu         ] GC(65) User=0.14s Sys=0.00s Real=0.03s
[2.799s][info][gc,start       ] GC(66) Pause Full (Ergonomics)
[2.799s][info][gc,phases,start] GC(66) Marking Phase
[2.911s][info][gc,phases      ] GC(66) Marking Phase 111.604ms
[2.911s][info][gc,phases,start] GC(66) Summary Phase
[2.911s][info][gc,phases      ] GC(66) Summary Phase 0.021ms
[2.911s][info][gc,phases,start] GC(66) Adjust Roots
[2.911s][info][gc,phases      ] GC(66) Adjust Roots 0.155ms
[2.911s][info][gc,phases,start] GC(66) Compaction Phase
[2.966s][info][gc,phases      ] GC(66) Compaction Phase 55.053ms
[2.966s][info][gc,phases,start] GC(66) Post Compact
[2.969s][info][gc,phases      ] GC(66) Post Compact 2.536ms
[2.969s][info][gc,heap        ] GC(66) PSYoungGen: 34976K(75264K)->20955K(75776K) Eden: 0K(19968K)->0K(20480K) From: 34976K(55296K)->20955K(55296K)
[2.969s][info][gc,heap        ] GC(66) ParOldGen: 481918K(495104K)->495087K(554496K)
[2.969s][info][gc,metaspace   ] GC(66) Metaspace: 6303K(6528K)->6303K(6528K) NonClass: 5769K(5888K)->5769K(5888K) Class: 533K(640K)->533K(640K)
[2.969s][info][gc             ] GC(66) Pause Full (Ergonomics) 504M->503M(615M) 169.993ms
[2.969s][info][gc,cpu         ] GC(66) User=1.05s Sys=0.00s Real=0.17s
[2.993s][info][gc,start       ] GC(67) Pause Young (Allocation Failure)
[3.033s][info][gc,heap        ] GC(67) PSYoungGen: 41435K(75776K)->31328K(76288K) Eden: 20480K(20480K)->0K(20480K) From: 20955K(55296K)->31328K(55808K)
[3.033s][info][gc,heap        ] GC(67) ParOldGen: 495087K(554496K)->505527K(554496K)
[3.033s][info][gc,metaspace   ] GC(67) Metaspace: 6303K(6528K)->6303K(6528K) NonClass: 5769K(5888K)->5769K(5888K) Class: 533K(640K)->533K(640K)
[3.033s][info][gc             ] GC(67) Pause Young (Allocation Failure) 523M->524M(616M) 40.240ms
[3.033s][info][gc,cpu         ] GC(67) User=0.27s Sys=0.00s Real=0.04s
[3.056s][info][gc,start       ] GC(68) Pause Young (Allocation Failure)
[3.082s][info][gc,heap        ] GC(68) PSYoungGen: 51808K(76288K)->51808K(70656K) Eden: 20480K(20480K)->0K(17408K) From: 31328K(55808K)->51808K(53248K)
[3.082s][info][gc,heap        ] GC(68) ParOldGen: 505527K(554496K)->505527K(554496K)
[3.082s][info][gc,metaspace   ] GC(68) Metaspace: 6303K(6528K)->6303K(6528K) NonClass: 5769K(5888K)->5769K(5888K) Class: 533K(640K)->533K(640K)
[3.082s][info][gc             ] GC(68) Pause Young (Allocation Failure) 544M->544M(610M) 25.748ms
[3.082s][info][gc,cpu         ] GC(68) User=0.14s Sys=0.00s Real=0.03s
[3.102s][info][gc,start       ] GC(69) Pause Young (Allocation Failure)
[3.137s][info][gc,heap        ] GC(69) PSYoungGen: 69216K(70656K)->58880K(76288K) Eden: 17408K(17408K)->0K(17408K) From: 51808K(53248K)->58880K(58880K)
[3.137s][info][gc,heap        ] GC(69) ParOldGen: 505527K(554496K)->515879K(554496K)
[3.137s][info][gc,metaspace   ] GC(69) Metaspace: 6303K(6528K)->6303K(6528K) NonClass: 5769K(5888K)->5769K(5888K) Class: 533K(640K)->533K(640K)
[3.137s][info][gc             ] GC(69) Pause Young (Allocation Failure) 561M->561M(616M) 35.333ms
[3.137s][info][gc,cpu         ] GC(69) User=0.16s Sys=0.00s Real=0.04s
[3.156s][info][gc,start       ] GC(70) Pause Young (Allocation Failure)
[3.196s][info][gc,heap        ] GC(70) PSYoungGen: 76288K(76288K)->49408K(87552K) Eden: 17408K(17408K)->0K(18432K) From: 58880K(58880K)->49408K(69120K)
[3.196s][info][gc,heap        ] GC(70) ParOldGen: 515879K(554496K)->543239K(554496K)
[3.196s][info][gc,metaspace   ] GC(70) Metaspace: 6303K(6528K)->6303K(6528K) NonClass: 5769K(5888K)->5769K(5888K) Class: 533K(640K)->533K(640K)
[3.196s][info][gc             ] GC(70) Pause Young (Allocation Failure) 578M->578M(627M) 39.844ms
[3.196s][info][gc,cpu         ] GC(70) User=0.20s Sys=0.05s Real=0.04s
[3.196s][info][gc,start       ] GC(71) Pause Full (Ergonomics)
[3.196s][info][gc,phases,start] GC(71) Marking Phase
[3.332s][info][gc,phases      ] GC(71) Marking Phase 136.088ms
[3.332s][info][gc,phases,start] GC(71) Summary Phase
[3.332s][info][gc,phases      ] GC(71) Summary Phase 0.037ms
[3.332s][info][gc,phases,start] GC(71) Adjust Roots
[3.332s][info][gc,phases      ] GC(71) Adjust Roots 0.218ms
[3.332s][info][gc,phases,start] GC(71) Compaction Phase
[3.392s][info][gc,phases      ] GC(71) Compaction Phase 59.128ms
[3.392s][info][gc,phases,start] GC(71) Post Compact
[3.393s][info][gc,phases      ] GC(71) Post Compact 1.005ms
[3.393s][info][gc,heap        ] GC(71) PSYoungGen: 49408K(87552K)->37402K(87552K) Eden: 0K(18432K)->0K(18432K) From: 49408K(69120K)->37402K(69120K)
[3.393s][info][gc,heap        ] GC(71) ParOldGen: 543239K(554496K)->554298K(620032K)
[3.393s][info][gc,metaspace   ] GC(71) Metaspace: 6303K(6528K)->6303K(6528K) NonClass: 5769K(5888K)->5769K(5888K) Class: 533K(640K)->533K(640K)
[3.393s][info][gc             ] GC(71) Pause Full (Ergonomics) 578M->577M(691M) 197.016ms
[3.393s][info][gc,cpu         ] GC(71) User=1.36s Sys=0.02s Real=0.20s
[3.417s][info][gc,start       ] GC(72) Pause Young (Allocation Failure)
[3.464s][info][gc,heap        ] GC(72) PSYoungGen: 55834K(87552K)->44608K(89088K) Eden: 18432K(18432K)->0K(18432K) From: 37402K(69120K)->44608K(70656K)
[3.464s][info][gc,heap        ] GC(72) ParOldGen: 554298K(620032K)->565874K(620032K)
[3.464s][info][gc,metaspace   ] GC(72) Metaspace: 6303K(6528K)->6303K(6528K) NonClass: 5769K(5888K)->5769K(5888K) Class: 533K(640K)->533K(640K)
[3.464s][info][gc             ] GC(72) Pause Young (Allocation Failure) 595M->596M(692M) 47.148ms
[3.464s][info][gc,cpu         ] GC(72) User=0.27s Sys=0.00s Real=0.05s
[3.486s][info][gc,start       ] GC(73) Pause Young (Allocation Failure)
[3.518s][info][gc,heap        ] GC(73) PSYoungGen: 63040K(89088K)->50784K(89088K) Eden: 18432K(18432K)->0K(19456K) From: 44608K(70656K)->50784K(69632K)
[3.518s][info][gc,heap        ] GC(73) ParOldGen: 565874K(620032K)->578346K(620032K)
[3.518s][info][gc,metaspace   ] GC(73) Metaspace: 6303K(6528K)->6303K(6528K) NonClass: 5769K(5888K)->5769K(5888K) Class: 533K(640K)->533K(640K)
[3.518s][info][gc             ] GC(73) Pause Young (Allocation Failure) 614M->614M(692M) 31.988ms
[3.518s][info][gc,cpu         ] GC(73) User=0.12s Sys=0.02s Real=0.03s
[3.541s][info][gc,start       ] GC(74) Pause Young (Allocation Failure)
[3.576s][info][gc,heap        ] GC(74) PSYoungGen: 70240K(89088K)->56480K(90112K) Eden: 19456K(19456K)->0K(19456K) From: 50784K(69632K)->56480K(70656K)
[3.576s][info][gc,heap        ] GC(74) ParOldGen: 578346K(620032K)->592298K(620032K)
[3.576s][info][gc,metaspace   ] GC(74) Metaspace: 6303K(6528K)->6303K(6528K) NonClass: 5769K(5888K)->5769K(5888K) Class: 533K(640K)->533K(640K)
[3.576s][info][gc             ] GC(74) Pause Young (Allocation Failure) 633M->633M(693M) 35.138ms
[3.576s][info][gc,cpu         ] GC(74) User=0.14s Sys=0.02s Real=0.03s
[3.600s][info][gc,start       ] GC(75) Pause Young (Allocation Failure)
[3.638s][info][gc,heap        ] GC(75) PSYoungGen: 75936K(90112K)->57536K(93184K) Eden: 19456K(19456K)->0K(19456K) From: 56480K(70656K)->57536K(73728K)
[3.638s][info][gc,heap        ] GC(75) ParOldGen: 592298K(620032K)->610970K(620032K)
[3.638s][info][gc,metaspace   ] GC(75) Metaspace: 6303K(6528K)->6303K(6528K) NonClass: 5769K(5888K)->5769K(5888K) Class: 533K(640K)->533K(640K)
[3.638s][info][gc             ] GC(75) Pause Young (Allocation Failure) 652M->652M(696M) 37.520ms
[3.638s][info][gc,cpu         ] GC(75) User=0.22s Sys=0.05s Real=0.04s
[3.638s][info][gc,start       ] GC(76) Pause Full (Ergonomics)
[3.638s][info][gc,phases,start] GC(76) Marking Phase
[3.790s][info][gc,phases      ] GC(76) Marking Phase 151.943ms
[3.790s][info][gc,phases,start] GC(76) Summary Phase
[3.790s][info][gc,phases      ] GC(76) Summary Phase 0.021ms
[3.790s][info][gc,phases,start] GC(76) Adjust Roots
[3.790s][info][gc,phases      ] GC(76) Adjust Roots 0.149ms
[3.790s][info][gc,phases,start] GC(76) Compaction Phase
[3.850s][info][gc,phases      ] GC(76) Compaction Phase 60.553ms
[3.851s][info][gc,phases,start] GC(76) Post Compact
[3.852s][info][gc,phases      ] GC(76) Post Compact 1.111ms
[3.852s][info][gc,heap        ] GC(76) PSYoungGen: 57536K(93184K)->47543K(93184K) Eden: 0K(19456K)->0K(19456K) From: 57536K(73728K)->47543K(73728K)
[3.852s][info][gc,heap        ] GC(76) ParOldGen: 610970K(620032K)->619807K(689152K)
[3.852s][info][gc,metaspace   ] GC(76) Metaspace: 6303K(6528K)->6303K(6528K) NonClass: 5769K(5888K)->5769K(5888K) Class: 533K(640K)->533K(640K)
[3.852s][info][gc             ] GC(76) Pause Full (Ergonomics) 652M->651M(764M) 214.308ms
[3.852s][info][gc,cpu         ] GC(76) User=1.48s Sys=0.02s Real=0.21s
[3.879s][info][gc,start       ] GC(77) Pause Young (Allocation Failure)
[3.933s][info][gc,heap        ] GC(77) PSYoungGen: 66999K(93184K)->35488K(95744K) Eden: 19456K(19456K)->0K(19456K) From: 47543K(73728K)->35488K(76288K)
[3.933s][info][gc,heap        ] GC(77) ParOldGen: 619807K(689152K)->651991K(689152K)
[3.933s][info][gc,metaspace   ] GC(77) Metaspace: 6303K(6528K)->6303K(6528K) NonClass: 5769K(5888K)->5769K(5888K) Class: 533K(640K)->533K(640K)
[3.933s][info][gc             ] GC(77) Pause Young (Allocation Failure) 670M->671M(766M) 53.889ms
[3.933s][info][gc,cpu         ] GC(77) User=0.25s Sys=0.02s Real=0.05s
[4.092s][info][gc,start       ] GC(78) Pause Full (Ergonomics)
[4.092s][info][gc,phases,start] GC(78) Marking Phase
[4.242s][info][gc,phases      ] GC(78) Marking Phase 149.680ms
[4.242s][info][gc,phases,start] GC(78) Summary Phase
[4.242s][info][gc,phases      ] GC(78) Summary Phase 0.022ms
[4.242s][info][gc,phases,start] GC(78) Adjust Roots
[4.242s][info][gc,phases      ] GC(78) Adjust Roots 0.151ms
[4.242s][info][gc,phases,start] GC(78) Compaction Phase
[4.368s][info][gc,phases      ] GC(78) Compaction Phase 125.627ms
[4.368s][info][gc,phases,start] GC(78) Post Compact
[4.369s][info][gc,phases      ] GC(78) Post Compact 1.470ms
[4.370s][info][gc,heap        ] GC(78) PSYoungGen: 54944K(95744K)->33741K(95744K) Eden: 19456K(19456K)->0K(19456K) From: 35488K(76288K)->33741K(76288K)
[4.370s][info][gc,heap        ] GC(78) ParOldGen: 684759K(689152K)->688844K(768512K)
[4.370s][info][gc,metaspace   ] GC(78) Metaspace: 6303K(6528K)->6303K(6528K) NonClass: 5769K(5888K)->5769K(5888K) Class: 533K(640K)->533K(640K)
[4.370s][info][gc             ] GC(78) Pause Full (Ergonomics) 722M->705M(844M) 277.601ms
[4.370s][info][gc,cpu         ] GC(78) User=1.73s Sys=0.00s Real=0.28s
[4.393s][info][gc,start       ] GC(79) Pause Young (Allocation Failure)
[4.444s][info][gc,heap        ] GC(79) PSYoungGen: 53197K(95744K)->37504K(91648K) Eden: 19456K(19456K)->0K(21504K) From: 33741K(76288K)->37504K(70144K)
[4.444s][info][gc,heap        ] GC(79) ParOldGen: 688844K(768512K)->704916K(768512K)
[4.444s][info][gc,metaspace   ] GC(79) Metaspace: 6303K(6528K)->6303K(6528K) NonClass: 5769K(5888K)->5769K(5888K) Class: 533K(640K)->533K(640K)
[4.444s][info][gc             ] GC(79) Pause Young (Allocation Failure) 724M->725M(840M) 50.373ms
[4.444s][info][gc,cpu         ] GC(79) User=0.33s Sys=0.02s Real=0.05s
[4.466s][info][gc,start       ] GC(80) Pause Young (Allocation Failure)
[4.495s][info][gc,heap        ] GC(80) PSYoungGen: 59008K(91648K)->59104K(93696K) Eden: 21504K(21504K)->0K(21504K) From: 37504K(70144K)->59104K(72192K)
[4.495s][info][gc,heap        ] GC(80) ParOldGen: 704916K(768512K)->704916K(768512K)
[4.495s][info][gc,metaspace   ] GC(80) Metaspace: 6303K(6528K)->6303K(6528K) NonClass: 5769K(5888K)->5769K(5888K) Class: 533K(640K)->533K(640K)
[4.495s][info][gc             ] GC(80) Pause Young (Allocation Failure) 746M->746M(842M) 28.593ms
[4.495s][info][gc,cpu         ] GC(80) User=0.12s Sys=0.00s Real=0.03s
[4.517s][info][gc,start       ] GC(81) Pause Young (Allocation Failure)
[4.555s][info][gc,heap        ] GC(81) PSYoungGen: 80608K(93696K)->75264K(88576K) Eden: 21504K(21504K)->0K(13312K) From: 59104K(72192K)->75264K(75264K)
[4.555s][info][gc,heap        ] GC(81) ParOldGen: 704916K(768512K)->710180K(768512K)
[4.555s][info][gc,metaspace   ] GC(81) Metaspace: 6303K(6528K)->6303K(6528K) NonClass: 5769K(5888K)->5769K(5888K) Class: 533K(640K)->533K(640K)
[4.555s][info][gc             ] GC(81) Pause Young (Allocation Failure) 767M->767M(837M) 37.594ms
[4.555s][info][gc,cpu         ] GC(81) User=0.22s Sys=0.02s Real=0.04s
[4.569s][info][gc,start       ] GC(82) Pause Young (Allocation Failure)
[4.610s][info][gc,heap        ] GC(82) PSYoungGen: 88576K(88576K)->53760K(99328K) Eden: 13312K(13312K)->0K(13312K) From: 75264K(75264K)->53760K(86016K)
[4.610s][info][gc,heap        ] GC(82) ParOldGen: 710180K(768512K)->745540K(768512K)
[4.610s][info][gc,metaspace   ] GC(82) Metaspace: 6303K(6528K)->6303K(6528K) NonClass: 5769K(5888K)->5769K(5888K) Class: 533K(640K)->533K(640K)
[4.610s][info][gc             ] GC(82) Pause Young (Allocation Failure) 780M->780M(847M) 40.727ms
[4.610s][info][gc,cpu         ] GC(82) User=0.22s Sys=0.05s Real=0.04s
[4.610s][info][gc,start       ] GC(83) Pause Full (Ergonomics)
[4.610s][info][gc,phases,start] GC(83) Marking Phase
[4.773s][info][gc,phases      ] GC(83) Marking Phase 163.271ms
[4.773s][info][gc,phases,start] GC(83) Summary Phase
[4.773s][info][gc,phases      ] GC(83) Summary Phase 0.022ms
[4.773s][info][gc,phases,start] GC(83) Adjust Roots
[4.773s][info][gc,phases      ] GC(83) Adjust Roots 0.151ms
[4.773s][info][gc,phases,start] GC(83) Compaction Phase
[4.858s][info][gc,phases      ] GC(83) Compaction Phase 84.221ms
[4.858s][info][gc,phases,start] GC(83) Post Compact
[4.859s][info][gc,phases      ] GC(83) Post Compact 1.463ms
[4.860s][info][gc,heap        ] GC(83) PSYoungGen: 53760K(99328K)->30027K(99328K) Eden: 0K(13312K)->0K(13312K) From: 53760K(86016K)->30027K(86016K)
[4.860s][info][gc,heap        ] GC(83) ParOldGen: 745540K(768512K)->768209K(857600K)
[4.860s][info][gc,metaspace   ] GC(83) Metaspace: 6303K(6528K)->6303K(6528K) NonClass: 5769K(5888K)->5769K(5888K) Class: 533K(640K)->533K(640K)
[4.860s][info][gc             ] GC(83) Pause Full (Ergonomics) 780M->779M(934M) 249.907ms
[4.860s][info][gc,cpu         ] GC(83) User=1.73s Sys=0.02s Real=0.25s
[4.875s][info][gc,start       ] GC(84) Pause Young (Allocation Failure)
[4.925s][info][gc,heap        ] GC(84) PSYoungGen: 43339K(99328K)->34336K(95744K) Eden: 13312K(13312K)->0K(14848K) From: 30027K(86016K)->34336K(80896K)
[4.926s][info][gc,heap        ] GC(84) ParOldGen: 768209K(857600K)->777537K(857600K)
[4.926s][info][gc,metaspace   ] GC(84) Metaspace: 6303K(6528K)->6303K(6528K) NonClass: 5769K(5888K)->5769K(5888K) Class: 533K(640K)->533K(640K)
[4.926s][info][gc             ] GC(84) Pause Young (Allocation Failure) 792M->792M(931M) 50.289ms
[4.926s][info][gc,cpu         ] GC(84) User=0.28s Sys=0.00s Real=0.05s
[4.941s][info][gc,start       ] GC(85) Pause Young (Allocation Failure)
[4.965s][info][gc,heap        ] GC(85) PSYoungGen: 49184K(95744K)->49184K(64512K) Eden: 14848K(14848K)->0K(14848K) From: 34336K(80896K)->49184K(49664K)
[4.965s][info][gc,heap        ] GC(85) ParOldGen: 777537K(857600K)->777537K(857600K)
[4.965s][info][gc,metaspace   ] GC(85) Metaspace: 6303K(6528K)->6303K(6528K) NonClass: 5769K(5888K)->5769K(5888K) Class: 533K(640K)->533K(640K)
[4.965s][info][gc             ] GC(85) Pause Young (Allocation Failure) 807M->807M(900M) 24.384ms
[4.965s][info][gc,cpu         ] GC(85) User=0.12s Sys=0.00s Real=0.03s
[4.982s][info][gc,start       ] GC(86) Pause Young (Allocation Failure)
[5.012s][info][gc,heap        ] GC(86) PSYoungGen: 64032K(64512K)->51328K(94720K) Eden: 14848K(14848K)->0K(16896K) From: 49184K(49664K)->51328K(77824K)
[5.012s][info][gc,heap        ] GC(86) ParOldGen: 777537K(857600K)->790425K(857600K)
[5.012s][info][gc,metaspace   ] GC(86) Metaspace: 6303K(6528K)->6303K(6528K) NonClass: 5769K(5888K)->5769K(5888K) Class: 533K(640K)->533K(640K)
[5.012s][info][gc             ] GC(86) Pause Young (Allocation Failure) 821M->822M(930M) 30.201ms
[5.012s][info][gc,cpu         ] GC(86) User=0.09s Sys=0.03s Real=0.03s
[5.030s][info][gc,start       ] GC(87) Pause Young (Allocation Failure)
[5.062s][info][gc,heap        ] GC(87) PSYoungGen: 68224K(94720K)->60032K(95744K) Eden: 16896K(16896K)->0K(16896K) From: 51328K(77824K)->60032K(78848K)
[5.062s][info][gc,heap        ] GC(87) ParOldGen: 790425K(857600K)->798705K(857600K)
[5.062s][info][gc,metaspace   ] GC(87) Metaspace: 6303K(6528K)->6303K(6528K) NonClass: 5769K(5888K)->5769K(5888K) Class: 533K(640K)->533K(640K)
[5.062s][info][gc             ] GC(87) Pause Young (Allocation Failure) 838M->838M(931M) 32.326ms
[5.062s][info][gc,cpu         ] GC(87) User=0.16s Sys=0.00s Real=0.03s
[5.080s][info][gc,start       ] GC(88) Pause Young (Allocation Failure)
[5.117s][info][gc,heap        ] GC(88) PSYoungGen: 76928K(95744K)->48800K(94208K) Eden: 16896K(16896K)->0K(19456K) From: 60032K(78848K)->48800K(74752K)
[5.117s][info][gc,heap        ] GC(88) ParOldGen: 798705K(857600K)->827209K(857600K)
[5.117s][info][gc,metaspace   ] GC(88) Metaspace: 6303K(6528K)->6303K(6528K) NonClass: 5769K(5888K)->5769K(5888K) Class: 533K(640K)->533K(640K)
[5.117s][info][gc             ] GC(88) Pause Young (Allocation Failure) 855M->855M(929M) 36.928ms
[5.117s][info][gc,cpu         ] GC(88) User=0.25s Sys=0.00s Real=0.04s
[5.117s][info][gc,start       ] GC(89) Pause Full (Ergonomics)
[5.117s][info][gc,phases,start] GC(89) Marking Phase
[5.300s][info][gc,phases      ] GC(89) Marking Phase 183.542ms
[5.301s][info][gc,phases,start] GC(89) Summary Phase
[5.301s][info][gc,phases      ] GC(89) Summary Phase 0.041ms
[5.301s][info][gc,phases,start] GC(89) Adjust Roots
[5.301s][info][gc,phases      ] GC(89) Adjust Roots 0.180ms
[5.301s][info][gc,phases,start] GC(89) Compaction Phase
[5.393s][info][gc,phases      ] GC(89) Compaction Phase 92.033ms
[5.393s][info][gc,phases,start] GC(89) Post Compact
[5.395s][info][gc,phases      ] GC(89) Post Compact 1.689ms
[5.395s][info][gc,heap        ] GC(89) PSYoungGen: 48800K(94208K)->17384K(96768K) Eden: 0K(19456K)->0K(22016K) From: 48800K(74752K)->17384K(74752K)
[5.395s][info][gc,heap        ] GC(89) ParOldGen: 827209K(857600K)->857505K(950784K)
[5.395s][info][gc,metaspace   ] GC(89) Metaspace: 6303K(6528K)->6303K(6528K) NonClass: 5769K(5888K)->5769K(5888K) Class: 533K(640K)->533K(640K)
[5.395s][info][gc             ] GC(89) Pause Full (Ergonomics) 855M->854M(1023M) 278.146ms
[5.395s][info][gc,cpu         ] GC(89) User=1.95s Sys=0.03s Real=0.28s
[5.420s][info][gc,start       ] GC(90) Pause Young (Allocation Failure)
[5.474s][info][gc,heap        ] GC(90) PSYoungGen: 39400K(96768K)->26272K(99328K) Eden: 22016K(22016K)->0K(22016K) From: 17384K(74752K)->26272K(77312K)
[5.474s][info][gc,heap        ] GC(90) ParOldGen: 857505K(950784K)->870993K(950784K)
[5.474s][info][gc,metaspace   ] GC(90) Metaspace: 6303K(6528K)->6303K(6528K) NonClass: 5769K(5888K)->5769K(5888K) Class: 533K(640K)->533K(640K)
[5.474s][info][gc             ] GC(90) Pause Young (Allocation Failure) 875M->876M(1025M) 53.791ms
[5.474s][info][gc,cpu         ] GC(90) User=0.33s Sys=0.05s Real=0.05s
[5.498s][info][gc,start       ] GC(91) Pause Young (Allocation Failure)
[5.524s][info][gc,heap        ] GC(91) PSYoungGen: 48288K(99328K)->44192K(96768K) Eden: 22016K(22016K)->0K(24576K) From: 26272K(77312K)->44192K(72192K)
[5.525s][info][gc,heap        ] GC(91) ParOldGen: 870993K(950784K)->875177K(950784K)
[5.525s][info][gc,metaspace   ] GC(91) Metaspace: 6303K(6528K)->6303K(6528K) NonClass: 5769K(5888K)->5769K(5888K) Class: 533K(640K)->533K(640K)
[5.525s][info][gc             ] GC(91) Pause Young (Allocation Failure) 897M->897M(1023M) 26.282ms
[5.525s][info][gc,cpu         ] GC(91) User=0.09s Sys=0.03s Real=0.03s
[5.551s][info][gc,start       ] GC(92) Pause Young (Allocation Failure)
[5.586s][info][gc,heap        ] GC(92) PSYoungGen: 68768K(96768K)->46784K(99840K) Eden: 24576K(24576K)->0K(24576K) From: 44192K(72192K)->46784K(75264K)
[5.586s][info][gc,heap        ] GC(92) ParOldGen: 875177K(950784K)->897481K(950784K)
[5.587s][info][gc,metaspace   ] GC(92) Metaspace: 6303K(6528K)->6303K(6528K) NonClass: 5769K(5888K)->5769K(5888K) Class: 533K(640K)->533K(640K)
[5.587s][info][gc             ] GC(92) Pause Young (Allocation Failure) 921M->922M(1026M) 35.325ms
[5.587s][info][gc,cpu         ] GC(92) User=0.25s Sys=0.00s Real=0.03s
[5.613s][info][gc,start       ] GC(93) Pause Young (Allocation Failure)
[5.650s][info][gc,heap        ] GC(93) PSYoungGen: 71360K(99840K)->49312K(97280K) Eden: 24576K(24576K)->0K(27648K) From: 46784K(75264K)->49312K(69632K)
[5.650s][info][gc,heap        ] GC(93) ParOldGen: 897481K(950784K)->919801K(950784K)
[5.650s][info][gc,metaspace   ] GC(93) Metaspace: 6303K(6528K)->6303K(6528K) NonClass: 5769K(5888K)->5769K(5888K) Class: 533K(640K)->533K(640K)
[5.650s][info][gc             ] GC(93) Pause Young (Allocation Failure) 946M->946M(1023M) 36.304ms
[5.650s][info][gc,cpu         ] GC(93) User=0.25s Sys=0.00s Real=0.04s
[5.650s][info][gc,start       ] GC(94) Pause Full (Ergonomics)
[5.650s][info][gc,phases,start] GC(94) Marking Phase
[5.851s][info][gc,phases      ] GC(94) Marking Phase 201.438ms
[5.851s][info][gc,phases,start] GC(94) Summary Phase
[5.851s][info][gc,phases      ] GC(94) Summary Phase 0.030ms
[5.851s][info][gc,phases,start] GC(94) Adjust Roots
[5.852s][info][gc,phases      ] GC(94) Adjust Roots 0.162ms
[5.852s][info][gc,phases,start] GC(94) Compaction Phase
[5.955s][info][gc,phases      ] GC(94) Compaction Phase 102.905ms
[5.955s][info][gc,phases,start] GC(94) Post Compact
[5.956s][info][gc,phases      ] GC(94) Post Compact 1.887ms
[5.957s][info][gc,heap        ] GC(94) PSYoungGen: 49312K(97280K)->17407K(98816K) Eden: 0K(27648K)->0K(29184K) From: 49312K(69632K)->17407K(69632K)
[5.957s][info][gc,heap        ] GC(94) ParOldGen: 919801K(950784K)->950531K(1050624K)
[5.957s][info][gc,metaspace   ] GC(94) Metaspace: 6303K(6528K)->6303K(6528K) NonClass: 5769K(5888K)->5769K(5888K) Class: 533K(640K)->533K(640K)
[5.957s][info][gc             ] GC(94) Pause Full (Ergonomics) 946M->945M(1122M) 307.327ms
[5.957s][info][gc,cpu         ] GC(94) User=2.12s Sys=0.02s Real=0.31s
[5.989s][info][gc,start       ] GC(95) Pause Young (Allocation Failure)
[6.051s][info][gc,heap        ] GC(95) PSYoungGen: 46591K(98816K)->40768K(100352K) Eden: 29184K(29184K)->0K(29184K) From: 17407K(69632K)->40768K(71168K)
[6.051s][info][gc,heap        ] GC(95) ParOldGen: 950531K(1050624K)->956667K(1050624K)
[6.051s][info][gc,metaspace   ] GC(95) Metaspace: 6303K(6528K)->6303K(6528K) NonClass: 5769K(5888K)->5769K(5888K) Class: 533K(640K)->533K(640K)
[6.051s][info][gc             ] GC(95) Pause Young (Allocation Failure) 973M->974M(1124M) 61.593ms
[6.051s][info][gc,cpu         ] GC(95) User=0.39s Sys=0.00s Real=0.06s
[6.084s][info][gc,start       ] GC(96) Pause Young (Allocation Failure)
[6.119s][info][gc,heap        ] GC(96) PSYoungGen: 69952K(100352K)->69632K(95232K) Eden: 29184K(29184K)->0K(25600K) From: 40768K(71168K)->69632K(69632K)
[6.119s][info][gc,heap        ] GC(96) ParOldGen: 956667K(1050624K)->957003K(1050624K)
[6.119s][info][gc,metaspace   ] GC(96) Metaspace: 6303K(6528K)->6303K(6528K) NonClass: 5769K(5888K)->5769K(5888K) Class: 533K(640K)->533K(640K)
[6.119s][info][gc             ] GC(96) Pause Young (Allocation Failure) 1002M->1002M(1119M) 35.514ms
[6.119s][info][gc,cpu         ] GC(96) User=0.25s Sys=0.00s Real=0.03s
[6.148s][info][gc,start       ] GC(97) Pause Young (Allocation Failure)
[6.197s][info][gc,heap        ] GC(97) PSYoungGen: 95232K(95232K)->54784K(101888K) Eden: 25600K(25600K)->0K(25600K) From: 69632K(69632K)->54784K(76288K)
[6.197s][info][gc,heap        ] GC(97) ParOldGen: 957003K(1050624K)->997931K(1050624K)
[6.197s][info][gc,metaspace   ] GC(97) Metaspace: 6303K(6528K)->6303K(6528K) NonClass: 5769K(5888K)->5769K(5888K) Class: 533K(640K)->533K(640K)
[6.197s][info][gc             ] GC(97) Pause Young (Allocation Failure) 1027M->1028M(1125M) 49.571ms
[6.197s][info][gc,cpu         ] GC(97) User=0.22s Sys=0.05s Real=0.05s
[6.227s][info][gc,start       ] GC(98) Pause Young (Allocation Failure)
[6.268s][info][gc,heap        ] GC(98) PSYoungGen: 80384K(101888K)->51360K(101888K) Eden: 25600K(25600K)->0K(28672K) From: 54784K(76288K)->51360K(73216K)
[6.268s][info][gc,heap        ] GC(98) ParOldGen: 997931K(1050624K)->1027379K(1050624K)
[6.268s][info][gc,metaspace   ] GC(98) Metaspace: 6303K(6528K)->6303K(6528K) NonClass: 5769K(5888K)->5769K(5888K) Class: 533K(640K)->533K(640K)
[6.268s][info][gc             ] GC(98) Pause Young (Allocation Failure) 1053M->1053M(1125M) 41.520ms
[6.268s][info][gc,cpu         ] GC(98) User=0.23s Sys=0.02s Real=0.04s
[6.268s][info][gc,start       ] GC(99) Pause Full (Ergonomics)
[6.268s][info][gc,phases,start] GC(99) Marking Phase
[6.517s][info][gc,phases      ] GC(99) Marking Phase 248.864ms
[6.517s][info][gc,phases,start] GC(99) Summary Phase
[6.517s][info][gc,phases      ] GC(99) Summary Phase 0.035ms
[6.517s][info][gc,phases,start] GC(99) Adjust Roots
[6.518s][info][gc,phases      ] GC(99) Adjust Roots 0.150ms
[6.518s][info][gc,phases,start] GC(99) Compaction Phase
[6.630s][info][gc,phases      ] GC(99) Compaction Phase 111.945ms
[6.630s][info][gc,phases,start] GC(99) Post Compact
[6.632s][info][gc,phases      ] GC(99) Post Compact 2.272ms
[6.633s][info][gc,heap        ] GC(99) PSYoungGen: 51360K(101888K)->27124K(102912K) Eden: 0K(28672K)->0K(29696K) From: 51360K(73216K)->27124K(73216K)
[6.633s][info][gc,heap        ] GC(99) ParOldGen: 1027379K(1050624K)->1050261K(1167872K)
[6.633s][info][gc,metaspace   ] GC(99) Metaspace: 6303K(6528K)->6303K(6528K) NonClass: 5769K(5888K)->5769K(5888K) Class: 533K(640K)->533K(640K)
[6.633s][info][gc             ] GC(99) Pause Full (Ergonomics) 1053M->1052M(1241M) 364.194ms
[6.633s][info][gc,cpu         ] GC(99) User=2.52s Sys=0.00s Real=0.36s
[6.668s][info][gc,start       ] GC(100) Pause Young (Allocation Failure)
[6.742s][info][gc,heap        ] GC(100) PSYoungGen: 56820K(102912K)->44768K(103936K) Eden: 29696K(29696K)->0K(29696K) From: 27124K(73216K)->44768K(74240K)
[6.742s][info][gc,heap        ] GC(100) ParOldGen: 1050261K(1167872K)->1062701K(1167872K)
[6.742s][info][gc,metaspace   ] GC(100) Metaspace: 6303K(6528K)->6303K(6528K) NonClass: 5769K(5888K)->5769K(5888K) Class: 533K(640K)->533K(640K)
[6.742s][info][gc             ] GC(100) Pause Young (Allocation Failure) 1081M->1081M(1242M) 73.769ms
[6.742s][info][gc,cpu         ] GC(100) User=0.48s Sys=0.02s Real=0.07s
[6.777s][info][gc,start       ] GC(101) Pause Young (Allocation Failure)
[6.816s][info][gc,heap        ] GC(101) PSYoungGen: 74464K(103936K)->72192K(97792K) Eden: 29696K(29696K)->0K(25600K) From: 44768K(74240K)->72192K(72192K)
[6.816s][info][gc,heap        ] GC(101) ParOldGen: 1062701K(1167872K)->1064925K(1167872K)
[6.816s][info][gc,metaspace   ] GC(101) Metaspace: 6303K(6528K)->6303K(6528K) NonClass: 5769K(5888K)->5769K(5888K) Class: 533K(640K)->533K(640K)
[6.816s][info][gc             ] GC(101) Pause Young (Allocation Failure) 1110M->1110M(1236M) 38.794ms
[6.816s][info][gc,cpu         ] GC(101) User=0.38s Sys=0.00s Real=0.04s
[6.845s][info][gc,start       ] GC(102) Pause Young (Allocation Failure)
[6.898s][info][gc,heap        ] GC(102) PSYoungGen: 97792K(97792K)->54688K(104960K) Eden: 25600K(25600K)->0K(25600K) From: 72192K(72192K)->54688K(79360K)
[6.898s][info][gc,heap        ] GC(102) ParOldGen: 1064925K(1167872K)->1108725K(1167872K)
[6.898s][info][gc,metaspace   ] GC(102) Metaspace: 6303K(6528K)->6303K(6528K) NonClass: 5769K(5888K)->5769K(5888K) Class: 533K(640K)->533K(640K)
[6.898s][info][gc             ] GC(102) Pause Young (Allocation Failure) 1135M->1136M(1243M) 53.798ms
[6.899s][info][gc,cpu         ] GC(102) User=0.34s Sys=0.03s Real=0.05s
[6.929s][info][gc,start       ] GC(103) Pause Young (Allocation Failure)
[6.971s][info][gc,heap        ] GC(103) PSYoungGen: 80288K(104960K)->51392K(101888K) Eden: 25600K(25600K)->0K(28672K) From: 54688K(79360K)->51392K(73216K)
[6.971s][info][gc,heap        ] GC(103) ParOldGen: 1108725K(1167872K)->1137973K(1167872K)
[6.971s][info][gc,metaspace   ] GC(103) Metaspace: 6303K(6528K)->6303K(6528K) NonClass: 5769K(5888K)->5769K(5888K) Class: 533K(640K)->533K(640K)
[6.971s][info][gc             ] GC(103) Pause Young (Allocation Failure) 1161M->1161M(1240M) 41.728ms
[6.971s][info][gc,cpu         ] GC(103) User=0.25s Sys=0.02s Real=0.04s
[6.971s][info][gc,start       ] GC(104) Pause Full (Ergonomics)
[6.971s][info][gc,phases,start] GC(104) Marking Phase
[7.242s][info][gc,phases      ] GC(104) Marking Phase 270.967ms
[7.242s][info][gc,phases,start] GC(104) Summary Phase
[7.242s][info][gc,phases      ] GC(104) Summary Phase 0.032ms
[7.242s][info][gc,phases,start] GC(104) Adjust Roots
[7.242s][info][gc,phases      ] GC(104) Adjust Roots 0.153ms
[7.242s][info][gc,phases,start] GC(104) Compaction Phase
[7.350s][info][gc,phases      ] GC(104) Compaction Phase 107.719ms
[7.350s][info][gc,phases,start] GC(104) Post Compact
[7.352s][info][gc,phases      ] GC(104) Post Compact 1.959ms
[7.353s][info][gc,heap        ] GC(104) PSYoungGen: 51392K(101888K)->20481K(103936K) Eden: 0K(28672K)->0K(30720K) From: 51392K(73216K)->20481K(73216K)
[7.353s][info][gc,heap        ] GC(104) ParOldGen: 1137973K(1167872K)->1167376K(1299968K)
[7.353s][info][gc,metaspace   ] GC(104) Metaspace: 6303K(6528K)->6303K(6528K) NonClass: 5769K(5888K)->5769K(5888K) Class: 533K(640K)->533K(640K)
[7.353s][info][gc             ] GC(104) Pause Full (Ergonomics) 1161M->1160M(1371M) 381.672ms
[7.353s][info][gc,cpu         ] GC(104) User=2.67s Sys=0.02s Real=0.38s
[7.393s][info][gc,start       ] GC(105) Pause Young (Allocation Failure)
[7.467s][info][gc,heap        ] GC(105) PSYoungGen: 51201K(103936K)->41248K(105984K) Eden: 30720K(30720K)->0K(30720K) From: 20481K(73216K)->41248K(75264K)
[7.467s][info][gc,heap        ] GC(105) ParOldGen: 1167376K(1299968K)->1177664K(1299968K)
[7.467s][info][gc,metaspace   ] GC(105) Metaspace: 6303K(6528K)->6303K(6528K) NonClass: 5769K(5888K)->5769K(5888K) Class: 533K(640K)->533K(640K)
[7.467s][info][gc             ] GC(105) Pause Young (Allocation Failure) 1190M->1190M(1373M) 74.067ms
[7.467s][info][gc,cpu         ] GC(105) User=0.39s Sys=0.00s Real=0.07s
[7.507s][info][gc,start       ] GC(106) Pause Young (Allocation Failure)
[7.545s][info][gc,heap        ] GC(106) PSYoungGen: 71968K(105984K)->72032K(102912K) Eden: 30720K(30720K)->0K(28160K) From: 41248K(75264K)->72032K(74752K)
[7.545s][info][gc,heap        ] GC(106) ParOldGen: 1177664K(1299968K)->1177664K(1299968K)
[7.545s][info][gc,metaspace   ] GC(106) Metaspace: 6303K(6528K)->6303K(6528K) NonClass: 5769K(5888K)->5769K(5888K) Class: 533K(640K)->533K(640K)
[7.545s][info][gc             ] GC(106) Pause Young (Allocation Failure) 1220M->1220M(1370M) 37.855ms
[7.545s][info][gc,cpu         ] GC(106) User=0.25s Sys=0.00s Real=0.04s
[7.579s][info][gc,start       ] GC(107) Pause Young (Allocation Failure)
[7.634s][info][gc,heap        ] GC(107) PSYoungGen: 100192K(102912K)->80384K(108544K) Eden: 28160K(28160K)->0K(28160K) From: 72032K(74752K)->80384K(80384K)
[7.634s][info][gc,heap        ] GC(107) ParOldGen: 1177664K(1299968K)->1197616K(1299968K)
[7.634s][info][gc,metaspace   ] GC(107) Metaspace: 6303K(6528K)->6303K(6528K) NonClass: 5769K(5888K)->5769K(5888K) Class: 533K(640K)->533K(640K)
[7.634s][info][gc             ] GC(107) Pause Young (Allocation Failure) 1247M->1248M(1375M) 55.200ms
[7.634s][info][gc,cpu         ] GC(107) User=0.38s Sys=0.00s Real=0.06s
[7.671s][info][gc,start       ] GC(108) Pause Young (Allocation Failure)
[7.729s][info][gc,heap        ] GC(108) PSYoungGen: 108544K(108544K)->75008K(123904K) Eden: 28160K(28160K)->0K(28672K) From: 80384K(80384K)->75008K(95232K)
[7.729s][info][gc,heap        ] GC(108) ParOldGen: 1197616K(1299968K)->1229616K(1299968K)
[7.729s][info][gc,metaspace   ] GC(108) Metaspace: 6303K(6528K)->6303K(6528K) NonClass: 5769K(5888K)->5769K(5888K) Class: 533K(640K)->533K(640K)
[7.729s][info][gc             ] GC(108) Pause Young (Allocation Failure) 1275M->1274M(1390M) 57.624ms
[7.729s][info][gc,cpu         ] GC(108) User=0.38s Sys=0.00s Real=0.06s
[7.751s][info][gc,start       ] GC(109) Pause Young (Allocation Failure)
[7.798s][info][gc,heap        ] GC(109) PSYoungGen: 103680K(123904K)->63840K(126464K) Eden: 28672K(28672K)->0K(28672K) From: 75008K(95232K)->63840K(97792K)
[7.798s][info][gc,heap        ] GC(109) ParOldGen: 1229616K(1299968K)->1255960K(1299968K)
[7.798s][info][gc,metaspace   ] GC(109) Metaspace: 6303K(6528K)->6303K(6528K) NonClass: 5769K(5888K)->5769K(5888K) Class: 533K(640K)->533K(640K)
[7.798s][info][gc             ] GC(109) Pause Young (Allocation Failure) 1302M->1288M(1393M) 47.130ms
[7.798s][info][gc,cpu         ] GC(109) User=0.27s Sys=0.03s Real=0.05s
[7.798s][info][gc,start       ] GC(110) Pause Full (Ergonomics)
[7.798s][info][gc,phases,start] GC(110) Marking Phase
[8.089s][info][gc,phases      ] GC(110) Marking Phase 290.129ms
[8.089s][info][gc,phases,start] GC(110) Summary Phase
[8.089s][info][gc,phases      ] GC(110) Summary Phase 0.035ms
[8.089s][info][gc,phases,start] GC(110) Adjust Roots
[8.089s][info][gc,phases      ] GC(110) Adjust Roots 0.222ms
[8.089s][info][gc,phases,start] GC(110) Compaction Phase
[8.441s][info][gc,phases      ] GC(110) Compaction Phase 351.740ms
[8.441s][info][gc,phases,start] GC(110) Post Compact
[8.443s][info][gc,phases      ] GC(110) Post Compact 2.670ms
[8.444s][info][gc,heap        ] GC(110) PSYoungGen: 63840K(126464K)->18644K(126464K) Eden: 0K(28672K)->0K(28672K) From: 63840K(97792K)->18644K(97792K)
[8.444s][info][gc,heap        ] GC(110) ParOldGen: 1255960K(1299968K)->1299610K(1438208K)
[8.444s][info][gc,metaspace   ] GC(110) Metaspace: 6303K(6528K)->6303K(6528K) NonClass: 5769K(5888K)->5769K(5888K) Class: 533K(640K)->533K(640K)
[8.444s][info][gc             ] GC(110) Pause Full (Ergonomics) 1288M->1287M(1528M) 645.663ms
[8.444s][info][gc,cpu         ] GC(110) User=4.67s Sys=0.02s Real=0.64s
[8.483s][info][gc,start       ] GC(111) Pause Young (Allocation Failure)
[8.564s][info][gc,heap        ] GC(111) PSYoungGen: 47316K(126464K)->41760K(125952K) Eden: 28672K(28672K)->0K(31744K) From: 18644K(97792K)->41760K(94208K)
[8.564s][info][gc,heap        ] GC(111) ParOldGen: 1299610K(1438208K)->1304722K(1438208K)
[8.564s][info][gc,metaspace   ] GC(111) Metaspace: 6303K(6528K)->6303K(6528K) NonClass: 5769K(5888K)->5769K(5888K) Class: 533K(640K)->533K(640K)
[8.564s][info][gc             ] GC(111) Pause Young (Allocation Failure) 1315M->1314M(1527M) 80.712ms
[8.564s][info][gc,cpu         ] GC(111) User=0.50s Sys=0.00s Real=0.08s
[8.602s][info][gc,start       ] GC(112) Pause Young (Allocation Failure)
[8.641s][info][gc,heap        ] GC(112) PSYoungGen: 73504K(125952K)->73504K(126976K) Eden: 31744K(31744K)->0K(31744K) From: 41760K(94208K)->73504K(95232K)
[8.641s][info][gc,heap        ] GC(112) ParOldGen: 1304722K(1438208K)->1304722K(1438208K)
[8.641s][info][gc,metaspace   ] GC(112) Metaspace: 6303K(6528K)->6303K(6528K) NonClass: 5769K(5888K)->5769K(5888K) Class: 533K(640K)->533K(640K)
[8.641s][info][gc             ] GC(112) Pause Young (Allocation Failure) 1345M->1345M(1528M) 39.080ms
[8.641s][info][gc,cpu         ] GC(112) User=0.25s Sys=0.00s Real=0.04s
[8.681s][info][gc,start       ] GC(113) Pause Young (Allocation Failure)
[8.741s][info][gc,heap        ] GC(113) PSYoungGen: 105248K(126976K)->97280K(118784K) Eden: 31744K(31744K)->0K(21504K) From: 73504K(95232K)->97280K(97280K)
[8.741s][info][gc,heap        ] GC(113) ParOldGen: 1304722K(1438208K)->1312722K(1438208K)
[8.741s][info][gc,metaspace   ] GC(113) Metaspace: 6303K(6528K)->6303K(6528K) NonClass: 5769K(5888K)->5769K(5888K) Class: 533K(640K)->533K(640K)
[8.741s][info][gc             ] GC(113) Pause Young (Allocation Failure) 1376M->1376M(1520M) 59.916ms
[8.741s][info][gc,cpu         ] GC(113) User=0.39s Sys=0.00s Real=0.06s
[9.009s][info][gc,start       ] GC(114) Pause Young (Allocation Failure)
[9.096s][info][gc,heap        ] GC(114) PSYoungGen: 118784K(118784K)->107680K(132096K) Eden: 21504K(21504K)->0K(21504K) From: 97280K(97280K)->107680K(110592K)
[9.096s][info][gc,heap        ] GC(114) ParOldGen: 1378258K(1438208K)->1389618K(1438208K)
[9.096s][info][gc,metaspace   ] GC(114) Metaspace: 6303K(6528K)->6303K(6528K) NonClass: 5769K(5888K)->5769K(5888K) Class: 533K(640K)->533K(640K)
[9.096s][info][gc             ] GC(114) Pause Young (Allocation Failure) 1461M->1462M(1533M) 86.913ms
[9.096s][info][gc,cpu         ] GC(114) User=0.53s Sys=0.00s Real=0.09s
[9.116s][info][gc,start       ] GC(115) Pause Young (Allocation Failure)
[9.177s][info][gc,heap        ] GC(115) PSYoungGen: 129184K(132096K)->121856K(128000K) Eden: 21504K(21504K)->0K(6144K) From: 107680K(110592K)->121856K(121856K)
[9.177s][info][gc,heap        ] GC(115) ParOldGen: 1389618K(1438208K)->1396978K(1438208K)
[9.177s][info][gc,metaspace   ] GC(115) Metaspace: 6303K(6528K)->6303K(6528K) NonClass: 5769K(5888K)->5769K(5888K) Class: 533K(640K)->533K(640K)
[9.177s][info][gc             ] GC(115) Pause Young (Allocation Failure) 1483M->1483M(1529M) 61.004ms
[9.177s][info][gc,cpu         ] GC(115) User=0.38s Sys=0.02s Real=0.06s
[9.183s][info][gc,start       ] GC(116) Pause Young (Allocation Failure)
[9.243s][info][gc,heap        ] GC(116) PSYoungGen: 128000K(128000K)->75328K(81920K) Eden: 6144K(6144K)->0K(6144K) From: 121856K(121856K)->75328K(75776K)
[9.243s][info][gc,heap        ] GC(116) ParOldGen: 1396978K(1438208K)->1450410K(1450496K)
[9.243s][info][gc,metaspace   ] GC(116) Metaspace: 6303K(6528K)->6303K(6528K) NonClass: 5769K(5888K)->5769K(5888K) Class: 533K(640K)->533K(640K)
[9.243s][info][gc             ] GC(116) Pause Young (Allocation Failure) 1489M->1489M(1496M) 60.501ms
[9.243s][info][gc,cpu         ] GC(116) User=0.45s Sys=0.02s Real=0.06s
[9.243s][info][gc,start       ] GC(117) Pause Full (Ergonomics)
[9.244s][info][gc,phases,start] GC(117) Marking Phase
[9.582s][info][gc,phases      ] GC(117) Marking Phase 338.635ms
[9.582s][info][gc,phases,start] GC(117) Summary Phase
[9.582s][info][gc,phases      ] GC(117) Summary Phase 0.028ms
[9.582s][info][gc,phases,start] GC(117) Adjust Roots
[9.582s][info][gc,phases      ] GC(117) Adjust Roots 0.162ms
[9.582s][info][gc,phases,start] GC(117) Compaction Phase
[9.834s][info][gc,phases      ] GC(117) Compaction Phase 251.625ms
[9.834s][info][gc,phases,start] GC(117) Post Compact
[9.837s][info][gc,phases      ] GC(117) Post Compact 3.079ms
[9.838s][info][gc,heap        ] GC(117) PSYoungGen: 75328K(81920K)->41274K(81920K) Eden: 0K(6144K)->0K(6144K) From: 75328K(75776K)->41274K(75776K)
[9.838s][info][gc,heap        ] GC(117) ParOldGen: 1450410K(1450496K)->1450115K(1602048K)
[9.838s][info][gc,metaspace   ] GC(117) Metaspace: 6303K(6528K)->6303K(6528K) NonClass: 5769K(5888K)->5769K(5888K) Class: 533K(640K)->533K(640K)
[9.838s][info][gc             ] GC(117) Pause Full (Ergonomics) 1489M->1456M(1644M) 594.417ms
[9.838s][info][gc,cpu         ] GC(117) User=4.12s Sys=0.00s Real=0.59s
[9.846s][info][gc,start       ] GC(118) Pause Young (Allocation Failure)
[9.926s][info][gc,heap        ] GC(118) PSYoungGen: 47418K(81920K)->22144K(137216K) Eden: 6144K(6144K)->0K(4096K) From: 41274K(75776K)->22144K(133120K)
[9.926s][info][gc,heap        ] GC(118) ParOldGen: 1450115K(1602048K)->1475891K(1602048K)
[9.926s][info][gc,metaspace   ] GC(118) Metaspace: 6303K(6528K)->6303K(6528K) NonClass: 5769K(5888K)->5769K(5888K) Class: 533K(640K)->533K(640K)
[9.926s][info][gc             ] GC(118) Pause Young (Allocation Failure) 1462M->1462M(1698M) 80.348ms
[9.926s][info][gc,cpu         ] GC(118) User=0.44s Sys=0.00s Real=0.08s
[9.931s][info][gc,start       ] GC(119) Pause Young (Allocation Failure)
[9.953s][info][gc,heap        ] GC(119) PSYoungGen: 26240K(137216K)->12576K(140288K) Eden: 4096K(4096K)->0K(4096K) From: 22144K(133120K)->12576K(136192K)
[9.953s][info][gc,heap        ] GC(119) ParOldGen: 1475891K(1602048K)->1489707K(1602048K)
[9.953s][info][gc,metaspace   ] GC(119) Metaspace: 6303K(6528K)->6303K(6528K) NonClass: 5769K(5888K)->5769K(5888K) Class: 533K(640K)->533K(640K)
[9.953s][info][gc             ] GC(119) Pause Young (Allocation Failure) 1466M->1467M(1701M) 22.539ms
[9.953s][info][gc,cpu         ] GC(119) User=0.03s Sys=0.00s Real=0.02s
[9.957s][info][gc,start       ] GC(120) Pause Young (Allocation Failure)
[9.977s][info][gc,heap        ] GC(120) PSYoungGen: 16672K(140288K)->8320K(142848K) Eden: 4096K(4096K)->0K(3584K) From: 12576K(136192K)->8320K(139264K)
[9.977s][info][gc,heap        ] GC(120) ParOldGen: 1489707K(1602048K)->1498187K(1602048K)
[9.977s][info][gc,metaspace   ] GC(120) Metaspace: 6303K(6528K)->6303K(6528K) NonClass: 5769K(5888K)->5769K(5888K) Class: 533K(640K)->533K(640K)
[9.977s][info][gc             ] GC(120) Pause Young (Allocation Failure) 1471M->1471M(1704M) 19.717ms
[9.977s][info][gc,cpu         ] GC(120) User=0.03s Sys=0.00s Real=0.02s
[9.980s][info][gc,start       ] GC(121) Pause Young (Allocation Failure)
[10.000s][info][gc,heap        ] GC(121) PSYoungGen: 11904K(142848K)->3680K(144384K) Eden: 3584K(3584K)->0K(3584K) From: 8320K(139264K)->3680K(140800K)
[10.000s][info][gc,heap        ] GC(121) ParOldGen: 1498187K(1602048K)->1506459K(1602048K)
[10.000s][info][gc,metaspace   ] GC(121) Metaspace: 6303K(6528K)->6303K(6528K) NonClass: 5769K(5888K)->5769K(5888K) Class: 533K(640K)->533K(640K)
[10.000s][info][gc             ] GC(121) Pause Young (Allocation Failure) 1474M->1474M(1705M) 20.404ms
[10.000s][info][gc,cpu         ] GC(121) User=0.03s Sys=0.00s Real=0.02s
[10.004s][info][gc,start       ] GC(122) Pause Young (Allocation Failure)
[10.024s][info][gc,heap        ] GC(122) PSYoungGen: 7264K(144384K)->3648K(145408K) Eden: 3584K(3584K)->0K(4608K) From: 3680K(140800K)->3648K(140800K)
[10.024s][info][gc,heap        ] GC(122) ParOldGen: 1506459K(1602048K)->1510099K(1602048K)
[10.024s][info][gc,metaspace   ] GC(122) Metaspace: 6303K(6528K)->6303K(6528K) NonClass: 5769K(5888K)->5769K(5888K) Class: 533K(640K)->533K(640K)
[10.024s][info][gc             ] GC(122) Pause Young (Allocation Failure) 1478M->1478M(1706M) 20.135ms
[10.024s][info][gc,cpu         ] GC(122) User=0.02s Sys=0.00s Real=0.02s
[10.029s][info][gc,start       ] GC(123) Pause Young (Allocation Failure)
[10.047s][info][gc,heap        ] GC(123) PSYoungGen: 8256K(145408K)->4736K(9728K) Eden: 4608K(4608K)->0K(4608K) From: 3648K(140800K)->4736K(5120K)
[10.047s][info][gc,heap        ] GC(123) ParOldGen: 1510099K(1602048K)->1513731K(1602048K)
[10.047s][info][gc,metaspace   ] GC(123) Metaspace: 6303K(6528K)->6303K(6528K) NonClass: 5769K(5888K)->5769K(5888K) Class: 533K(640K)->533K(640K)
[10.047s][info][gc             ] GC(123) Pause Young (Allocation Failure) 1482M->1482M(1574M) 18.919ms
[10.048s][info][gc,cpu         ] GC(123) User=0.02s Sys=0.00s Real=0.02s
[10.052s][info][gc,start       ] GC(124) Pause Young (Allocation Failure)
[10.076s][info][gc,heap        ] GC(124) PSYoungGen: 9344K(9728K)->4672K(139776K) Eden: 4608K(4608K)->0K(5632K) From: 4736K(5120K)->4672K(134144K)
[10.076s][info][gc,heap        ] GC(124) ParOldGen: 1513731K(1602048K)->1518419K(1602048K)
[10.076s][info][gc,metaspace   ] GC(124) Metaspace: 6303K(6528K)->6303K(6528K) NonClass: 5769K(5888K)->5769K(5888K) Class: 533K(640K)->533K(640K)
[10.076s][info][gc             ] GC(124) Pause Young (Allocation Failure) 1487M->1487M(1701M) 23.769ms
[10.076s][info][gc,cpu         ] GC(124) User=0.02s Sys=0.00s Real=0.02s
[10.083s][info][gc,start       ] GC(125) Pause Young (Allocation Failure)
[10.104s][info][gc,heap        ] GC(125) PSYoungGen: 10304K(139776K)->5760K(11776K) Eden: 5632K(5632K)->0K(5632K) From: 4672K(134144K)->5760K(6144K)
[10.104s][info][gc,heap        ] GC(125) ParOldGen: 1518419K(1602048K)->1523107K(1602048K)
[10.104s][info][gc,metaspace   ] GC(125) Metaspace: 6303K(6528K)->6303K(6528K) NonClass: 5769K(5888K)->5769K(5888K) Class: 533K(640K)->533K(640K)
[10.104s][info][gc             ] GC(125) Pause Young (Allocation Failure) 1492M->1493M(1576M) 21.165ms
[10.104s][info][gc,cpu         ] GC(125) User=0.03s Sys=0.00s Real=0.02s
[10.110s][info][gc,start       ] GC(126) Pause Young (Allocation Failure)
[10.131s][info][gc,heap        ] GC(126) PSYoungGen: 11392K(11776K)->5760K(130560K) Eden: 5632K(5632K)->0K(7168K) From: 5760K(6144K)->5760K(123392K)
[10.131s][info][gc,heap        ] GC(126) ParOldGen: 1523107K(1602048K)->1528811K(1602048K)
[10.131s][info][gc,metaspace   ] GC(126) Metaspace: 6303K(6528K)->6303K(6528K) NonClass: 5769K(5888K)->5769K(5888K) Class: 533K(640K)->533K(640K)
[10.131s][info][gc             ] GC(126) Pause Young (Allocation Failure) 1498M->1498M(1692M) 21.708ms
[10.131s][info][gc,cpu         ] GC(126) User=0.03s Sys=0.00s Real=0.02s
[10.141s][info][gc,start       ] GC(127) Pause Young (Allocation Failure)
[10.160s][info][gc,heap        ] GC(127) PSYoungGen: 12928K(130560K)->7264K(14848K) Eden: 7168K(7168K)->0K(7168K) From: 5760K(123392K)->7264K(7680K)
[10.161s][info][gc,heap        ] GC(127) ParOldGen: 1528811K(1602048K)->1534515K(1602048K)
[10.161s][info][gc,metaspace   ] GC(127) Metaspace: 6303K(6528K)->6303K(6528K) NonClass: 5769K(5888K)->5769K(5888K) Class: 533K(640K)->533K(640K)
[10.161s][info][gc             ] GC(127) Pause Young (Allocation Failure) 1505M->1505M(1579M) 19.485ms
[10.161s][info][gc,cpu         ] GC(127) User=0.02s Sys=0.00s Real=0.02s
[10.168s][info][gc,start       ] GC(128) Pause Young (Allocation Failure)
[10.190s][info][gc,heap        ] GC(128) PSYoungGen: 14432K(14848K)->7296K(121344K) Eden: 7168K(7168K)->0K(8704K) From: 7264K(7680K)->7296K(112640K)
[10.190s][info][gc,heap        ] GC(128) ParOldGen: 1534515K(1602048K)->1541787K(1602048K)
[10.190s][info][gc,metaspace   ] GC(128) Metaspace: 6303K(6528K)->6303K(6528K) NonClass: 5769K(5888K)->5769K(5888K) Class: 533K(640K)->533K(640K)
[10.190s][info][gc             ] GC(128) Pause Young (Allocation Failure) 1512M->1512M(1683M) 21.841ms
[10.190s][info][gc,cpu         ] GC(128) User=0.06s Sys=0.00s Real=0.02s
[10.198s][info][gc,start       ] GC(129) Pause Young (Allocation Failure)
[10.220s][info][gc,heap        ] GC(129) PSYoungGen: 16000K(121344K)->8832K(17920K) Eden: 8704K(8704K)->0K(8704K) From: 7296K(112640K)->8832K(9216K)
[10.220s][info][gc,heap        ] GC(129) ParOldGen: 1541787K(1602048K)->1549059K(1602048K)
[10.220s][info][gc,metaspace   ] GC(129) Metaspace: 6303K(6528K)->6303K(6528K) NonClass: 5769K(5888K)->5769K(5888K) Class: 533K(640K)->533K(640K)
[10.220s][info][gc             ] GC(129) Pause Young (Allocation Failure) 1521M->1521M(1582M) 21.499ms
[10.220s][info][gc,cpu         ] GC(129) User=0.03s Sys=0.00s Real=0.02s
[10.229s][info][gc,start       ] GC(130) Pause Young (Allocation Failure)
[10.256s][info][gc,heap        ] GC(130) PSYoungGen: 17536K(17920K)->8832K(111104K) Eden: 8704K(8704K)->0K(10240K) From: 8832K(9216K)->8832K(100864K)
[10.256s][info][gc,heap        ] GC(130) ParOldGen: 1549059K(1602048K)->1557899K(1602048K)
[10.256s][info][gc,metaspace   ] GC(130) Metaspace: 6303K(6528K)->6303K(6528K) NonClass: 5769K(5888K)->5769K(5888K) Class: 533K(640K)->533K(640K)
[10.256s][info][gc             ] GC(130) Pause Young (Allocation Failure) 1529M->1530M(1673M) 27.328ms
[10.256s][info][gc,cpu         ] GC(130) User=0.03s Sys=0.00s Real=0.03s
[10.267s][info][gc,start       ] GC(131) Pause Young (Allocation Failure)
[10.288s][info][gc,heap        ] GC(131) PSYoungGen: 19072K(111104K)->10368K(20992K) Eden: 10240K(10240K)->0K(10240K) From: 8832K(100864K)->10368K(10752K)
[10.288s][info][gc,heap        ] GC(131) ParOldGen: 1557899K(1602048K)->1566707K(1602048K)
[10.288s][info][gc,metaspace   ] GC(131) Metaspace: 6303K(6528K)->6303K(6528K) NonClass: 5769K(5888K)->5769K(5888K) Class: 533K(640K)->533K(640K)
[10.288s][info][gc             ] GC(131) Pause Young (Allocation Failure) 1540M->1540M(1585M) 21.040ms
[10.288s][info][gc,cpu         ] GC(131) User=0.03s Sys=0.00s Real=0.02s
[10.298s][info][gc,start       ] GC(132) Pause Young (Allocation Failure)
[10.319s][info][gc,heap        ] GC(132) PSYoungGen: 20608K(20992K)->10336K(101376K) Eden: 10240K(10240K)->0K(11776K) From: 10368K(10752K)->10336K(89600K)
[10.319s][info][gc,heap        ] GC(132) ParOldGen: 1566707K(1602048K)->1577083K(1602048K)
[10.319s][info][gc,metaspace   ] GC(132) Metaspace: 6303K(6528K)->6303K(6528K) NonClass: 5769K(5888K)->5769K(5888K) Class: 533K(640K)->533K(640K)
[10.319s][info][gc             ] GC(132) Pause Young (Allocation Failure) 1550M->1550M(1663M) 21.402ms
[10.319s][info][gc,cpu         ] GC(132) User=0.03s Sys=0.00s Real=0.02s
[10.319s][info][gc,start       ] GC(133) Pause Full (Ergonomics)
[10.319s][info][gc,phases,start] GC(133) Marking Phase
[10.670s][info][gc,phases      ] GC(133) Marking Phase 350.069ms
[10.670s][info][gc,phases,start] GC(133) Summary Phase
[10.670s][info][gc,phases      ] GC(133) Summary Phase 0.062ms
[10.670s][info][gc,phases,start] GC(133) Adjust Roots
[10.670s][info][gc,phases      ] GC(133) Adjust Roots 0.227ms
[10.670s][info][gc,phases,start] GC(133) Compaction Phase
[10.834s][info][gc,phases      ] GC(133) Compaction Phase 164.488ms
[10.835s][info][gc,phases,start] GC(133) Post Compact
[10.837s][info][gc,phases      ] GC(133) Post Compact 2.847ms
[10.838s][info][gc,heap        ] GC(133) PSYoungGen: 10336K(101376K)->0K(107008K) Eden: 0K(11776K)->0K(11776K) From: 10336K(89600K)->0K(95232K)
[10.838s][info][gc,heap        ] GC(133) ParOldGen: 1577083K(1602048K)->1585119K(1722368K)
[10.838s][info][gc,metaspace   ] GC(133) Metaspace: 6303K(6528K)->6303K(6528K) NonClass: 5769K(5888K)->5769K(5888K) Class: 533K(640K)->533K(640K)
[10.838s][info][gc             ] GC(133) Pause Full (Ergonomics) 1550M->1547M(1786M) 518.588ms
[10.838s][info][gc,cpu         ] GC(133) User=3.64s Sys=0.00s Real=0.52s
[10.851s][info][gc,start       ] GC(134) Pause Young (Allocation Failure)
[10.871s][info][gc,heap        ] GC(134) PSYoungGen: 11776K(107008K)->11904K(96768K) Eden: 11776K(11776K)->0K(13312K) From: 0K(95232K)->11904K(83456K)
[10.871s][info][gc,heap        ] GC(134) ParOldGen: 1585119K(1722368K)->1585119K(1722368K)
[10.871s][info][gc,metaspace   ] GC(134) Metaspace: 6303K(6528K)->6303K(6528K) NonClass: 5769K(5888K)->5769K(5888K) Class: 533K(640K)->533K(640K)
[10.871s][info][gc             ] GC(134) Pause Young (Allocation Failure) 1559M->1559M(1776M) 20.446ms
[10.871s][info][gc,cpu         ] GC(134) User=0.03s Sys=0.00s Real=0.02s
[10.884s][info][gc,start       ] GC(135) Pause Young (Allocation Failure)
[10.907s][info][gc,heap        ] GC(135) PSYoungGen: 25216K(96768K)->13472K(27136K) Eden: 13312K(13312K)->0K(13312K) From: 11904K(83456K)->13472K(13824K)
[10.907s][info][gc,heap        ] GC(135) ParOldGen: 1585119K(1722368K)->1597063K(1722368K)
[10.907s][info][gc,metaspace   ] GC(135) Metaspace: 6303K(6528K)->6303K(6528K) NonClass: 5769K(5888K)->5769K(5888K) Class: 533K(640K)->533K(640K)
[10.907s][info][gc             ] GC(135) Pause Young (Allocation Failure) 1572M->1572M(1708M) 22.672ms
[10.907s][info][gc,cpu         ] GC(135) User=0.03s Sys=0.00s Real=0.02s
[10.921s][info][gc,start       ] GC(136) Pause Young (Allocation Failure)
[10.944s][info][gc,heap        ] GC(136) PSYoungGen: 26784K(27136K)->13440K(89088K) Eden: 13312K(13312K)->0K(15360K) From: 13472K(13824K)->13440K(73728K)
[10.944s][info][gc,heap        ] GC(136) ParOldGen: 1597063K(1722368K)->1610551K(1722368K)
[10.944s][info][gc,metaspace   ] GC(136) Metaspace: 6303K(6528K)->6303K(6528K) NonClass: 5769K(5888K)->5769K(5888K) Class: 533K(640K)->533K(640K)
[10.944s][info][gc             ] GC(136) Pause Young (Allocation Failure) 1585M->1585M(1769M) 23.605ms
[10.944s][info][gc,cpu         ] GC(136) User=0.03s Sys=0.00s Real=0.02s
[10.960s][info][gc,start       ] GC(137) Pause Young (Allocation Failure)
[10.983s][info][gc,heap        ] GC(137) PSYoungGen: 28800K(89088K)->15424K(31232K) Eden: 15360K(15360K)->0K(15360K) From: 13440K(73728K)->15424K(15872K)
[10.983s][info][gc,heap        ] GC(137) ParOldGen: 1610551K(1722368K)->1624039K(1722368K)
[10.983s][info][gc,metaspace   ] GC(137) Metaspace: 6303K(6528K)->6303K(6528K) NonClass: 5769K(5888K)->5769K(5888K) Class: 533K(640K)->533K(640K)
[10.983s][info][gc             ] GC(137) Pause Young (Allocation Failure) 1600M->1601M(1712M) 23.573ms
[10.983s][info][gc,cpu         ] GC(137) User=0.03s Sys=0.00s Real=0.02s
[10.999s][info][gc,start       ] GC(138) Pause Young (Allocation Failure)
[11.024s][info][gc,heap        ] GC(138) PSYoungGen: 30784K(31232K)->15488K(80896K) Eden: 15360K(15360K)->0K(17408K) From: 15424K(15872K)->15488K(63488K)
[11.024s][info][gc,heap        ] GC(138) ParOldGen: 1624039K(1722368K)->1639599K(1722368K)
[11.024s][info][gc,metaspace   ] GC(138) Metaspace: 6303K(6528K)->6303K(6528K) NonClass: 5769K(5888K)->5769K(5888K) Class: 533K(640K)->533K(640K)
[11.024s][info][gc             ] GC(138) Pause Young (Allocation Failure) 1616M->1616M(1761M) 25.010ms
[11.024s][info][gc,cpu         ] GC(138) User=0.02s Sys=0.00s Real=0.02s
[11.041s][info][gc,start       ] GC(139) Pause Young (Allocation Failure)
[11.066s][info][gc,heap        ] GC(139) PSYoungGen: 32896K(80896K)->17536K(35328K) Eden: 17408K(17408K)->0K(17408K) From: 15488K(63488K)->17536K(17920K)
[11.066s][info][gc,heap        ] GC(139) ParOldGen: 1639599K(1722368K)->1655167K(1722368K)
[11.066s][info][gc,metaspace   ] GC(139) Metaspace: 6303K(6528K)->6303K(6528K) NonClass: 5769K(5888K)->5769K(5888K) Class: 533K(640K)->533K(640K)
[11.066s][info][gc             ] GC(139) Pause Young (Allocation Failure) 1633M->1633M(1716M) 25.569ms
[11.066s][info][gc,cpu         ] GC(139) User=0.05s Sys=0.00s Real=0.03s
[11.084s][info][gc,start       ] GC(140) Pause Young (Allocation Failure)
[11.110s][info][gc,heap        ] GC(140) PSYoungGen: 34944K(35328K)->17504K(75776K) Eden: 17408K(17408K)->0K(19968K) From: 17536K(17920K)->17504K(55808K)
[11.110s][info][gc,heap        ] GC(140) ParOldGen: 1655167K(1722368K)->1672807K(1722368K)
[11.110s][info][gc,metaspace   ] GC(140) Metaspace: 6303K(6528K)->6303K(6528K) NonClass: 5769K(5888K)->5769K(5888K) Class: 533K(640K)->533K(640K)
[11.110s][info][gc             ] GC(140) Pause Young (Allocation Failure) 1650M->1650M(1756M) 26.065ms
[11.110s][info][gc,cpu         ] GC(140) User=0.05s Sys=0.00s Real=0.02s
[11.130s][info][gc,start       ] GC(141) Pause Young (Allocation Failure)
[11.158s][info][gc,heap        ] GC(141) PSYoungGen: 37472K(75776K)->20128K(40448K) Eden: 19968K(19968K)->0K(19968K) From: 17504K(55808K)->20128K(20480K)
[11.158s][info][gc,heap        ] GC(141) ParOldGen: 1672807K(1722368K)->1690455K(1722368K)
[11.158s][info][gc,metaspace   ] GC(141) Metaspace: 6303K(6528K)->6303K(6528K) NonClass: 5769K(5888K)->5769K(5888K) Class: 533K(640K)->533K(640K)
[11.158s][info][gc             ] GC(141) Pause Young (Allocation Failure) 1670M->1670M(1721M) 28.106ms
[11.158s][info][gc,cpu         ] GC(141) User=0.05s Sys=0.00s Real=0.03s
[11.178s][info][gc,start       ] GC(142) Pause Young (Allocation Failure)
[11.206s][info][gc,heap        ] GC(142) PSYoungGen: 40096K(40448K)->20128K(72704K) Eden: 19968K(19968K)->0K(22528K) From: 20128K(20480K)->20128K(50176K)
[11.206s][info][gc,heap        ] GC(142) ParOldGen: 1690455K(1722368K)->1710703K(1722368K)
[11.206s][info][gc,metaspace   ] GC(142) Metaspace: 6303K(6528K)->6303K(6528K) NonClass: 5769K(5888K)->5769K(5888K) Class: 533K(640K)->533K(640K)
[11.206s][info][gc             ] GC(142) Pause Young (Allocation Failure) 1689M->1690M(1753M) 28.311ms
[11.206s][info][gc,cpu         ] GC(142) User=0.02s Sys=0.02s Real=0.03s
[11.206s][info][gc,start       ] GC(143) Pause Full (Ergonomics)
[11.206s][info][gc,phases,start] GC(143) Marking Phase
[11.594s][info][gc,phases      ] GC(143) Marking Phase 387.837ms
[11.594s][info][gc,phases,start] GC(143) Summary Phase
[11.594s][info][gc,phases      ] GC(143) Summary Phase 0.044ms
[11.594s][info][gc,phases,start] GC(143) Adjust Roots
[11.595s][info][gc,phases      ] GC(143) Adjust Roots 0.229ms
[11.595s][info][gc,phases,start] GC(143) Compaction Phase
[11.766s][info][gc,phases      ] GC(143) Compaction Phase 171.480ms
[11.766s][info][gc,phases,start] GC(143) Post Compact
[11.769s][info][gc,phases      ] GC(143) Post Compact 3.018ms
[11.770s][info][gc,heap        ] GC(143) PSYoungGen: 20128K(72704K)->6657K(75776K) Eden: 0K(22528K)->0K(25600K) From: 20128K(50176K)->6657K(50176K)
[11.770s][info][gc,heap        ] GC(143) ParOldGen: 1710703K(1722368K)->1722047K(1872896K)
[11.770s][info][gc,metaspace   ] GC(143) Metaspace: 6303K(6528K)->6303K(6528K) NonClass: 5769K(5888K)->5769K(5888K) Class: 533K(640K)->533K(640K)
[11.770s][info][gc             ] GC(143) Pause Full (Ergonomics) 1690M->1688M(1903M) 563.465ms
[11.770s][info][gc,cpu         ] GC(143) User=4.06s Sys=0.00s Real=0.56s
[11.803s][info][gc,start       ] GC(144) Pause Young (Allocation Failure)
[11.890s][info][gc,heap        ] GC(144) PSYoungGen: 32257K(75776K)->25728K(78848K) Eden: 25600K(25600K)->0K(25600K) From: 6657K(50176K)->25728K(53248K)
[11.890s][info][gc,heap        ] GC(144) ParOldGen: 1722047K(1872896K)->1728807K(1872896K)
[11.890s][info][gc,metaspace   ] GC(144) Metaspace: 6303K(6528K)->6303K(6528K) NonClass: 5769K(5888K)->5769K(5888K) Class: 533K(640K)->533K(640K)
[11.890s][info][gc             ] GC(144) Pause Young (Allocation Failure) 1713M->1713M(1906M) 87.445ms
[11.890s][info][gc,cpu         ] GC(144) User=0.53s Sys=0.00s Real=0.09s
[11.917s][info][gc,start       ] GC(145) Pause Young (Allocation Failure)
[11.951s][info][gc,heap        ] GC(145) PSYoungGen: 51328K(78848K)->51392K(71680K) Eden: 25600K(25600K)->0K(19456K) From: 25728K(53248K)->51392K(52224K)
[11.951s][info][gc,heap        ] GC(145) ParOldGen: 1728807K(1872896K)->1728807K(1872896K)
[11.951s][info][gc,metaspace   ] GC(145) Metaspace: 6303K(6528K)->6303K(6528K) NonClass: 5769K(5888K)->5769K(5888K) Class: 533K(640K)->533K(640K)
[11.951s][info][gc             ] GC(145) Pause Young (Allocation Failure) 1738M->1738M(1899M) 34.274ms
[11.951s][info][gc,cpu         ] GC(145) User=0.16s Sys=0.00s Real=0.03s
[11.973s][info][gc,start       ] GC(146) Pause Young (Allocation Failure)
[12.011s][info][gc,heap        ] GC(146) PSYoungGen: 70848K(71680K)->60928K(80384K) Eden: 19456K(19456K)->0K(19456K) From: 51392K(52224K)->60928K(60928K)
[12.012s][info][gc,heap        ] GC(146) ParOldGen: 1728807K(1872896K)->1738719K(1872896K)
[12.012s][info][gc,metaspace   ] GC(146) Metaspace: 6303K(6528K)->6303K(6528K) NonClass: 5769K(5888K)->5769K(5888K) Class: 533K(640K)->533K(640K)
[12.012s][info][gc             ] GC(146) Pause Young (Allocation Failure) 1757M->1757M(1907M) 39.057ms
[12.012s][info][gc,cpu         ] GC(146) User=0.16s Sys=0.00s Real=0.04s
[12.032s][info][gc,start       ] GC(147) Pause Young (Allocation Failure)
[12.075s][info][gc,heap        ] GC(147) PSYoungGen: 80384K(80384K)->36352K(93696K) Eden: 19456K(19456K)->0K(22016K) From: 60928K(60928K)->36352K(71680K)
[12.075s][info][gc,heap        ] GC(147) ParOldGen: 1738719K(1872896K)->1783439K(1872896K)
[12.075s][info][gc,metaspace   ] GC(147) Metaspace: 6303K(6528K)->6303K(6528K) NonClass: 5769K(5888K)->5769K(5888K) Class: 533K(640K)->533K(640K)
[12.075s][info][gc             ] GC(147) Pause Young (Allocation Failure) 1776M->1777M(1920M) 42.943ms
[12.075s][info][gc,cpu         ] GC(147) User=0.25s Sys=0.00s Real=0.04s
[12.097s][info][gc,start       ] GC(148) Pause Young (Allocation Failure)
[12.131s][info][gc,heap        ] GC(148) PSYoungGen: 58368K(93696K)->41600K(95232K) Eden: 22016K(22016K)->0K(22016K) From: 36352K(71680K)->41600K(73216K)
[12.131s][info][gc,heap        ] GC(148) ParOldGen: 1783439K(1872896K)->1800431K(1872896K)
[12.131s][info][gc,metaspace   ] GC(148) Metaspace: 6303K(6528K)->6303K(6528K) NonClass: 5769K(5888K)->5769K(5888K) Class: 533K(640K)->533K(640K)
[12.131s][info][gc             ] GC(148) Pause Young (Allocation Failure) 1798M->1798M(1922M) 34.600ms
[12.131s][info][gc,cpu         ] GC(148) User=0.14s Sys=0.02s Real=0.04s
[12.155s][info][gc,start       ] GC(149) Pause Young (Allocation Failure)
[12.192s][info][gc,heap        ] GC(149) PSYoungGen: 63616K(95232K)->44192K(97792K) Eden: 22016K(22016K)->0K(24064K) From: 41600K(73216K)->44192K(73728K)
[12.192s][info][gc,heap        ] GC(149) ParOldGen: 1800431K(1872896K)->1820143K(1872896K)
[12.192s][info][gc,metaspace   ] GC(149) Metaspace: 6303K(6528K)->6303K(6528K) NonClass: 5769K(5888K)->5769K(5888K) Class: 533K(640K)->533K(640K)
[12.192s][info][gc             ] GC(149) Pause Young (Allocation Failure) 1820M->1820M(1924M) 36.528ms
[12.192s][info][gc,cpu         ] GC(149) User=0.16s Sys=0.00s Real=0.04s
[12.218s][info][gc,start       ] GC(150) Pause Young (Allocation Failure)
[12.256s][info][gc,heap        ] GC(150) PSYoungGen: 68256K(97792K)->46208K(98816K) Eden: 24064K(24064K)->0K(24064K) From: 44192K(73728K)->46208K(74752K)
[12.256s][info][gc,heap        ] GC(150) ParOldGen: 1820143K(1872896K)->1842439K(1872896K)
[12.256s][info][gc,metaspace   ] GC(150) Metaspace: 6303K(6528K)->6303K(6528K) NonClass: 5769K(5888K)->5769K(5888K) Class: 533K(640K)->533K(640K)
[12.256s][info][gc             ] GC(150) Pause Young (Allocation Failure) 1844M->1844M(1925M) 38.041ms
[12.256s][info][gc,cpu         ] GC(150) User=0.25s Sys=0.00s Real=0.04s
[12.256s][info][gc,start       ] GC(151) Pause Full (Ergonomics)
[12.256s][info][gc,phases,start] GC(151) Marking Phase
[12.676s][info][gc,phases      ] GC(151) Marking Phase 419.684ms
[12.676s][info][gc,phases,start] GC(151) Summary Phase
[12.676s][info][gc,phases      ] GC(151) Summary Phase 0.030ms
[12.676s][info][gc,phases,start] GC(151) Adjust Roots
[12.676s][info][gc,phases      ] GC(151) Adjust Roots 0.159ms
[12.676s][info][gc,phases,start] GC(151) Compaction Phase
[12.863s][info][gc,phases      ] GC(151) Compaction Phase 187.414ms
[12.863s][info][gc,phases,start] GC(151) Post Compact
[12.867s][info][gc,phases      ] GC(151) Post Compact 3.646ms
[12.868s][info][gc,heap        ] GC(151) PSYoungGen: 46208K(98816K)->13848K(98816K) Eden: 0K(24064K)->0K(24064K) From: 46208K(74752K)->13848K(74752K)
[12.868s][info][gc,heap        ] GC(151) ParOldGen: 1842439K(1872896K)->1872846K(2043904K)
[12.868s][info][gc,metaspace   ] GC(151) Metaspace: 6303K(6528K)->6303K(6528K) NonClass: 5769K(5888K)->5769K(5888K) Class: 533K(640K)->533K(640K)
[12.868s][info][gc             ] GC(151) Pause Full (Ergonomics) 1844M->1842M(2092M) 612.043ms
[12.868s][info][gc,cpu         ] GC(151) User=4.42s Sys=0.02s Real=0.61s
[12.895s][info][gc,start       ] GC(152) Pause Young (Allocation Failure)
[12.993s][info][gc,heap        ] GC(152) PSYoungGen: 37912K(98816K)->33024K(93696K) Eden: 24064K(24064K)->0K(26624K) From: 13848K(74752K)->33024K(67072K)
[12.993s][info][gc,heap        ] GC(152) ParOldGen: 1872846K(2043904K)->1878006K(2043904K)
[12.993s][info][gc,metaspace   ] GC(152) Metaspace: 6303K(6528K)->6303K(6528K) NonClass: 5769K(5888K)->5769K(5888K) Class: 533K(640K)->533K(640K)
[12.993s][info][gc             ] GC(152) Pause Young (Allocation Failure) 1865M->1866M(2087M) 98.138ms
[12.993s][info][gc,cpu         ] GC(152) User=0.62s Sys=0.00s Real=0.10s
[13.022s][info][gc,start       ] GC(153) Pause Young (Allocation Failure)
[13.058s][info][gc,heap        ] GC(153) PSYoungGen: 59648K(93696K)->59648K(98304K) Eden: 26624K(26624K)->0K(26624K) From: 33024K(67072K)->59648K(71680K)
[13.058s][info][gc,heap        ] GC(153) ParOldGen: 1878006K(2043904K)->1878006K(2043904K)
[13.058s][info][gc,metaspace   ] GC(153) Metaspace: 6303K(6528K)->6303K(6528K) NonClass: 5769K(5888K)->5769K(5888K) Class: 533K(640K)->533K(640K)
[13.058s][info][gc             ] GC(153) Pause Young (Allocation Failure) 1892M->1892M(2092M) 35.605ms
[13.058s][info][gc,cpu         ] GC(153) User=0.16s Sys=0.00s Real=0.03s
[13.090s][info][gc,start       ] GC(154) Pause Young (Allocation Failure)
[13.137s][info][gc,heap        ] GC(154) PSYoungGen: 86272K(98304K)->77824K(92672K) Eden: 26624K(26624K)->0K(14848K) From: 59648K(71680K)->77824K(77824K)
[13.137s][info][gc,heap        ] GC(154) ParOldGen: 1878006K(2043904K)->1886494K(2043904K)
[13.137s][info][gc,metaspace   ] GC(154) Metaspace: 6303K(6528K)->6303K(6528K) NonClass: 5769K(5888K)->5769K(5888K) Class: 533K(640K)->533K(640K)
[13.137s][info][gc             ] GC(154) Pause Young (Allocation Failure) 1918M->1918M(2086M) 46.781ms
[13.137s][info][gc,cpu         ] GC(154) User=0.20s Sys=0.05s Real=0.05s
[13.154s][info][gc,start       ] GC(155) Pause Young (Allocation Failure)
[13.200s][info][gc,heap        ] GC(155) PSYoungGen: 92672K(92672K)->63808K(107520K) Eden: 14848K(14848K)->0K(14848K) From: 77824K(77824K)->63808K(92672K)
[13.200s][info][gc,heap        ] GC(155) ParOldGen: 1886494K(2043904K)->1915862K(2043904K)
[13.200s][info][gc,metaspace   ] GC(155) Metaspace: 6303K(6528K)->6303K(6528K) NonClass: 5769K(5888K)->5769K(5888K) Class: 533K(640K)->533K(640K)
[13.201s][info][gc             ] GC(155) Pause Young (Allocation Failure) 1932M->1933M(2101M) 46.754ms
[13.201s][info][gc,cpu         ] GC(155) User=0.25s Sys=0.00s Real=0.05s
[13.218s][info][gc,start       ] GC(156) Pause Young (Allocation Failure)
[13.259s][info][gc,heap        ] GC(156) PSYoungGen: 78656K(107520K)->55552K(111616K) Eden: 14848K(14848K)->0K(16896K) From: 63808K(92672K)->55552K(94720K)
[13.259s][info][gc,heap        ] GC(156) ParOldGen: 1915862K(2043904K)->1939294K(2043904K)
[13.259s][info][gc,metaspace   ] GC(156) Metaspace: 6303K(6528K)->6303K(6528K) NonClass: 5769K(5888K)->5769K(5888K) Class: 533K(640K)->533K(640K)
[13.260s][info][gc             ] GC(156) Pause Young (Allocation Failure) 1947M->1948M(2105M) 41.481ms
[13.260s][info][gc,cpu         ] GC(156) User=0.23s Sys=0.02s Real=0.04s
[13.281s][info][gc,start       ] GC(157) Pause Young (Allocation Failure)
[13.322s][info][gc,heap        ] GC(157) PSYoungGen: 72448K(111616K)->31872K(49152K) Eden: 16896K(16896K)->0K(16896K) From: 55552K(94720K)->31872K(32256K)
[13.322s][info][gc,heap        ] GC(157) ParOldGen: 1939294K(2043904K)->1980342K(2043904K)
[13.322s][info][gc,metaspace   ] GC(157) Metaspace: 6303K(6528K)->6303K(6528K) NonClass: 5769K(5888K)->5769K(5888K) Class: 533K(640K)->533K(640K)
[13.322s][info][gc             ] GC(157) Pause Young (Allocation Failure) 1964M->1965M(2044M) 40.639ms
[13.322s][info][gc,cpu         ] GC(157) User=0.23s Sys=0.02s Real=0.04s
[13.343s][info][gc,start       ] GC(158) Pause Young (Allocation Failure)
[13.376s][info][gc,heap        ] GC(158) PSYoungGen: 48768K(49152K)->17056K(110592K) Eden: 16896K(16896K)->0K(19456K) From: 31872K(32256K)->17056K(91136K)
[13.376s][info][gc,heap        ] GC(158) ParOldGen: 1980342K(2043904K)->2012510K(2043904K)
[13.376s][info][gc,metaspace   ] GC(158) Metaspace: 6303K(6528K)->6303K(6528K) NonClass: 5769K(5888K)->5769K(5888K) Class: 533K(640K)->533K(640K)
[13.376s][info][gc             ] GC(158) Pause Young (Allocation Failure) 1981M->1981M(2104M) 33.001ms
[13.377s][info][gc,cpu         ] GC(158) User=0.14s Sys=0.00s Real=0.03s
[13.377s][info][gc,start       ] GC(159) Pause Full (Ergonomics)
[13.377s][info][gc,phases,start] GC(159) Marking Phase
[13.837s][info][gc,phases      ] GC(159) Marking Phase 460.379ms
[13.837s][info][gc,phases,start] GC(159) Summary Phase
[13.837s][info][gc,phases      ] GC(159) Summary Phase 0.044ms
[13.837s][info][gc,phases,start] GC(159) Adjust Roots
[13.837s][info][gc,phases      ] GC(159) Adjust Roots 0.207ms
[13.837s][info][gc,phases,start] GC(159) Compaction Phase
[14.022s][info][gc,phases      ] GC(159) Compaction Phase 184.635ms
[14.022s][info][gc,phases,start] GC(159) Post Compact
[14.026s][info][gc,phases      ] GC(159) Post Compact 3.566ms
[14.026s][info][gc,heap        ] GC(159) PSYoungGen: 17056K(110592K)->0K(111104K) Eden: 0K(19456K)->0K(19456K) From: 17056K(91136K)->0K(91648K)
[14.026s][info][gc,heap        ] GC(159) ParOldGen: 2012510K(2043904K)->2027279K(2225152K)
[14.026s][info][gc,metaspace   ] GC(159) Metaspace: 6303K(6528K)->6303K(6528K) NonClass: 5769K(5888K)->5769K(5888K) Class: 533K(640K)->533K(640K)
[14.026s][info][gc             ] GC(159) Pause Full (Ergonomics) 1981M->1979M(2281M) 649.937ms
[14.027s][info][gc,cpu         ] GC(159) User=4.73s Sys=0.02s Real=0.65s
[14.051s][info][gc,start       ] GC(160) Pause Young (Allocation Failure)
[14.074s][info][gc,heap        ] GC(160) PSYoungGen: 19456K(111104K)->19552K(109568K) Eden: 19456K(19456K)->0K(21504K) From: 0K(91648K)->19552K(88064K)
[14.074s][info][gc,heap        ] GC(160) ParOldGen: 2027279K(2225152K)->2027279K(2225152K)
[14.074s][info][gc,metaspace   ] GC(160) Metaspace: 6303K(6528K)->6303K(6528K) NonClass: 5769K(5888K)->5769K(5888K) Class: 533K(640K)->533K(640K)
[14.074s][info][gc             ] GC(160) Pause Young (Allocation Failure) 1998M->1998M(2280M) 22.820ms
[14.074s][info][gc,cpu         ] GC(160) User=0.03s Sys=0.00s Real=0.02s
[14.096s][info][gc,start       ] GC(161) Pause Young (Allocation Failure)
[14.125s][info][gc,heap        ] GC(161) PSYoungGen: 41056K(109568K)->41152K(62976K) Eden: 21504K(21504K)->0K(21504K) From: 19552K(88064K)->41152K(41472K)
[14.125s][info][gc,heap        ] GC(161) ParOldGen: 2027279K(2225152K)->2027279K(2225152K)
[14.125s][info][gc,metaspace   ] GC(161) Metaspace: 6303K(6528K)->6303K(6528K) NonClass: 5769K(5888K)->5769K(5888K) Class: 533K(640K)->533K(640K)
[14.125s][info][gc             ] GC(161) Pause Young (Allocation Failure) 2019M->2019M(2234M) 29.081ms
[14.125s][info][gc,cpu         ] GC(161) User=0.05s Sys=0.00s Real=0.03s
[14.147s][info][gc,start       ] GC(162) Pause Young (Allocation Failure)
[14.182s][info][gc,heap        ] GC(162) PSYoungGen: 62656K(62976K)->62624K(105984K) Eden: 21504K(21504K)->0K(19968K) From: 41152K(41472K)->62624K(86016K)
[14.182s][info][gc,heap        ] GC(162) ParOldGen: 2027279K(2225152K)->2027279K(2225152K)
[14.182s][info][gc,metaspace   ] GC(162) Metaspace: 6303K(6528K)->6303K(6528K) NonClass: 5769K(5888K)->5769K(5888K) Class: 533K(640K)->533K(640K)
[14.182s][info][gc             ] GC(162) Pause Young (Allocation Failure) 2040M->2040M(2276M) 34.922ms
[14.182s][info][gc,cpu         ] GC(162) User=0.16s Sys=0.00s Real=0.03s
[14.202s][info][gc,start       ] GC(163) Pause Young (Allocation Failure)
[14.245s][info][gc,heap        ] GC(163) PSYoungGen: 82592K(105984K)->63136K(110080K) Eden: 19968K(19968K)->0K(19968K) From: 62624K(86016K)->63136K(90112K)
[14.245s][info][gc,heap        ] GC(163) ParOldGen: 2027279K(2225152K)->2047015K(2225152K)
[14.245s][info][gc,metaspace   ] GC(163) Metaspace: 6303K(6528K)->6303K(6528K) NonClass: 5769K(5888K)->5769K(5888K) Class: 533K(640K)->533K(640K)
[14.245s][info][gc             ] GC(163) Pause Young (Allocation Failure) 2060M->2060M(2280M) 42.599ms
[14.245s][info][gc,cpu         ] GC(163) User=0.25s Sys=0.00s Real=0.04s
[14.266s][info][gc,start       ] GC(164) Pause Young (Allocation Failure)
[14.308s][info][gc,heap        ] GC(164) PSYoungGen: 83104K(110080K)->61632K(114688K) Eden: 19968K(19968K)->0K(20992K) From: 63136K(90112K)->61632K(93696K)
[14.308s][info][gc,heap        ] GC(164) ParOldGen: 2047015K(2225152K)->2068815K(2225152K)
[14.308s][info][gc,metaspace   ] GC(164) Metaspace: 6303K(6528K)->6303K(6528K) NonClass: 5769K(5888K)->5769K(5888K) Class: 533K(640K)->533K(640K)
[14.308s][info][gc             ] GC(164) Pause Young (Allocation Failure) 2080M->2080M(2285M) 42.368ms
[14.308s][info][gc,cpu         ] GC(164) User=0.25s Sys=0.00s Real=0.04s
[14.331s][info][gc,start       ] GC(165) Pause Young (Allocation Failure)
[14.374s][info][gc,heap        ] GC(165) PSYoungGen: 82624K(114688K)->61120K(116224K) Eden: 20992K(20992K)->0K(20992K) From: 61632K(93696K)->61120K(95232K)
[14.374s][info][gc,heap        ] GC(165) ParOldGen: 2068815K(2225152K)->2090607K(2225152K)
[14.374s][info][gc,metaspace   ] GC(165) Metaspace: 6303K(6528K)->6303K(6528K) NonClass: 5769K(5888K)->5769K(5888K) Class: 533K(640K)->533K(640K)
[14.374s][info][gc             ] GC(165) Pause Young (Allocation Failure) 2101M->2101M(2286M) 42.297ms
[14.374s][info][gc,cpu         ] GC(165) User=0.25s Sys=0.02s Real=0.04s
[14.396s][info][gc,start       ] GC(166) Pause Young (Allocation Failure)
[14.438s][info][gc,heap        ] GC(166) PSYoungGen: 82112K(116224K)->62144K(119296K) Eden: 20992K(20992K)->0K(23040K) From: 61120K(95232K)->62144K(96256K)
[14.438s][info][gc,heap        ] GC(166) ParOldGen: 2090607K(2225152K)->2110839K(2225152K)
[14.438s][info][gc,metaspace   ] GC(166) Metaspace: 6303K(6528K)->6303K(6528K) NonClass: 5769K(5888K)->5769K(5888K) Class: 533K(640K)->533K(640K)
[14.438s][info][gc             ] GC(166) Pause Young (Allocation Failure) 2121M->2122M(2289M) 42.221ms
[14.438s][info][gc,cpu         ] GC(166) User=0.27s Sys=0.00s Real=0.04s
[14.464s][info][gc,start       ] GC(167) Pause Young (Allocation Failure)
[14.509s][info][gc,heap        ] GC(167) PSYoungGen: 85184K(119296K)->44192K(67584K) Eden: 23040K(23040K)->0K(23040K) From: 62144K(96256K)->44192K(44544K)
[14.509s][info][gc,heap        ] GC(167) ParOldGen: 2110839K(2225152K)->2152319K(2225152K)
[14.509s][info][gc,metaspace   ] GC(167) Metaspace: 6303K(6528K)->6303K(6528K) NonClass: 5769K(5888K)->5769K(5888K) Class: 533K(640K)->533K(640K)
[14.509s][info][gc             ] GC(167) Pause Young (Allocation Failure) 2144M->2145M(2239M) 45.621ms
[14.509s][info][gc,cpu         ] GC(167) User=0.19s Sys=0.08s Real=0.05s
[14.539s][info][gc,start       ] GC(168) Pause Young (Allocation Failure)
[14.578s][info][gc,heap        ] GC(168) PSYoungGen: 67232K(67584K)->23168K(118272K) Eden: 23040K(23040K)->0K(26112K) From: 44192K(44544K)->23168K(92160K)
[14.578s][info][gc,heap        ] GC(168) ParOldGen: 2152319K(2225152K)->2196919K(2225152K)
[14.578s][info][gc,metaspace   ] GC(168) Metaspace: 6303K(6528K)->6303K(6528K) NonClass: 5769K(5888K)->5769K(5888K) Class: 533K(640K)->533K(640K)
[14.578s][info][gc             ] GC(168) Pause Young (Allocation Failure) 2167M->2168M(2288M) 38.877ms
[14.578s][info][gc,cpu         ] GC(168) User=0.27s Sys=0.00s Real=0.04s
[14.578s][info][gc,start       ] GC(169) Pause Full (Ergonomics)
[14.578s][info][gc,phases,start] GC(169) Marking Phase
[15.081s][info][gc,phases      ] GC(169) Marking Phase 502.695ms
[15.081s][info][gc,phases,start] GC(169) Summary Phase
[15.081s][info][gc,phases      ] GC(169) Summary Phase 0.064ms
[15.081s][info][gc,phases,start] GC(169) Adjust Roots
[15.081s][info][gc,phases      ] GC(169) Adjust Roots 0.208ms
[15.081s][info][gc,phases,start] GC(169) Compaction Phase
[15.269s][info][gc,phases      ] GC(169) Compaction Phase 187.594ms
[15.269s][info][gc,phases,start] GC(169) Post Compact
[15.273s][info][gc,phases      ] GC(169) Post Compact 3.646ms
[15.273s][info][gc,heap        ] GC(169) PSYoungGen: 23168K(118272K)->0K(118784K) Eden: 0K(26112K)->0K(26112K) From: 23168K(92160K)->0K(92672K)
[15.273s][info][gc,heap        ] GC(169) ParOldGen: 2196919K(2225152K)->2217459K(2438144K)
[15.273s][info][gc,metaspace   ] GC(169) Metaspace: 6303K(6528K)->6303K(6528K) NonClass: 5769K(5888K)->5769K(5888K) Class: 533K(640K)->533K(640K)
[15.273s][info][gc             ] GC(169) Pause Full (Ergonomics) 2168M->2165M(2497M) 695.279ms
[15.274s][info][gc,cpu         ] GC(169) User=5.28s Sys=0.00s Real=0.69s
[15.308s][info][gc,start       ] GC(170) Pause Young (Allocation Failure)
[15.336s][info][gc,heap        ] GC(170) PSYoungGen: 26112K(118784K)->26240K(118272K) Eden: 26112K(26112K)->0K(29184K) From: 0K(92672K)->26240K(89088K)
[15.336s][info][gc,heap        ] GC(170) ParOldGen: 2217459K(2438144K)->2217459K(2438144K)
[15.336s][info][gc,metaspace   ] GC(170) Metaspace: 6303K(6528K)->6303K(6528K) NonClass: 5769K(5888K)->5769K(5888K) Class: 533K(640K)->533K(640K)
[15.336s][info][gc             ] GC(170) Pause Young (Allocation Failure) 2190M->2191M(2496M) 28.183ms
[15.336s][info][gc,cpu         ] GC(170) User=0.03s Sys=0.00s Real=0.03s
[15.369s][info][gc,start       ] GC(171) Pause Young (Allocation Failure)
[15.404s][info][gc,heap        ] GC(171) PSYoungGen: 55424K(118272K)->55488K(120320K) Eden: 29184K(29184K)->0K(29184K) From: 26240K(89088K)->55488K(91136K)
[15.404s][info][gc,heap        ] GC(171) ParOldGen: 2217459K(2438144K)->2217459K(2438144K)
[15.404s][info][gc,metaspace   ] GC(171) Metaspace: 6303K(6528K)->6303K(6528K) NonClass: 5769K(5888K)->5769K(5888K) Class: 533K(640K)->533K(640K)
[15.404s][info][gc             ] GC(171) Pause Young (Allocation Failure) 2219M->2219M(2498M) 34.866ms
[15.404s][info][gc,cpu         ] GC(171) User=0.17s Sys=0.00s Real=0.04s
[15.437s][info][gc,start       ] GC(172) Pause Young (Allocation Failure)
[15.481s][info][gc,heap        ] GC(172) PSYoungGen: 84672K(120320K)->84736K(113152K) Eden: 29184K(29184K)->0K(22016K) From: 55488K(91136K)->84736K(91136K)
[15.481s][info][gc,heap        ] GC(172) ParOldGen: 2217459K(2438144K)->2217459K(2438144K)
[15.481s][info][gc,metaspace   ] GC(172) Metaspace: 6303K(6528K)->6303K(6528K) NonClass: 5769K(5888K)->5769K(5888K) Class: 533K(640K)->533K(640K)
[15.481s][info][gc             ] GC(172) Pause Young (Allocation Failure) 2248M->2248M(2491M) 43.888ms
[15.481s][info][gc,cpu         ] GC(172) User=0.25s Sys=0.00s Real=0.04s
[15.507s][info][gc,start       ] GC(173) Pause Young (Allocation Failure)
[15.558s][info][gc,heap        ] GC(173) PSYoungGen: 106752K(113152K)->101376K(123392K) Eden: 22016K(22016K)->0K(22016K) From: 84736K(91136K)->101376K(101376K)
[15.558s][info][gc,heap        ] GC(173) ParOldGen: 2217459K(2438144K)->2222795K(2438144K)
[15.558s][info][gc,metaspace   ] GC(173) Metaspace: 6303K(6528K)->6303K(6528K) NonClass: 5769K(5888K)->5769K(5888K) Class: 533K(640K)->533K(640K)
[15.558s][info][gc             ] GC(173) Pause Young (Allocation Failure) 2269M->2269M(2501M) 50.895ms
[15.558s][info][gc,cpu         ] GC(173) User=0.28s Sys=0.00s Real=0.05s
[15.583s][info][gc,start       ] GC(174) Pause Young (Allocation Failure)
[15.643s][info][gc,heap        ] GC(174) PSYoungGen: 123392K(123392K)->70336K(141824K) Eden: 22016K(22016K)->0K(24576K) From: 101376K(101376K)->70336K(117248K)
[15.643s][info][gc,heap        ] GC(174) ParOldGen: 2222795K(2438144K)->2276499K(2438144K)
[15.643s][info][gc,metaspace   ] GC(174) Metaspace: 6303K(6528K)->6303K(6528K) NonClass: 5769K(5888K)->5769K(5888K) Class: 533K(640K)->533K(640K)
[15.643s][info][gc             ] GC(174) Pause Young (Allocation Failure) 2291M->2291M(2519M) 59.509ms
[15.643s][info][gc,cpu         ] GC(174) User=0.34s Sys=0.05s Real=0.06s
[15.671s][info][gc,start       ] GC(175) Pause Young (Allocation Failure)
[15.719s][info][gc,heap        ] GC(175) PSYoungGen: 94912K(141824K)->66976K(141824K) Eden: 24576K(24576K)->0K(24576K) From: 70336K(117248K)->66976K(117248K)
[15.719s][info][gc,heap        ] GC(175) ParOldGen: 2276499K(2438144K)->2304651K(2438144K)
[15.719s][info][gc,metaspace   ] GC(175) Metaspace: 6303K(6528K)->6303K(6528K) NonClass: 5769K(5888K)->5769K(5888K) Class: 533K(640K)->533K(640K)
[15.719s][info][gc             ] GC(175) Pause Young (Allocation Failure) 2315M->2316M(2519M) 47.919ms
[15.719s][info][gc,cpu         ] GC(175) User=0.27s Sys=0.00s Real=0.05s
[15.749s][info][gc,start       ] GC(176) Pause Young (Allocation Failure)
[15.795s][info][gc,heap        ] GC(176) PSYoungGen: 91552K(141824K)->71360K(141824K) Eden: 24576K(24576K)->0K(27648K) From: 66976K(117248K)->71360K(114176K)
[15.795s][info][gc,heap        ] GC(176) ParOldGen: 2304651K(2438144K)->2325083K(2438144K)
[15.796s][info][gc,metaspace   ] GC(176) Metaspace: 6303K(6528K)->6303K(6528K) NonClass: 5769K(5888K)->5769K(5888K) Class: 533K(640K)->533K(640K)
[15.796s][info][gc             ] GC(176) Pause Young (Allocation Failure) 2340M->2340M(2519M) 46.586ms
[15.796s][info][gc,cpu         ] GC(176) User=0.25s Sys=0.00s Real=0.05s
[15.830s][info][gc,start       ] GC(177) Pause Young (Allocation Failure)
[15.880s][info][gc,heap        ] GC(177) PSYoungGen: 99008K(141824K)->76992K(142336K) Eden: 27648K(27648K)->0K(27648K) From: 71360K(114176K)->76992K(114688K)
[15.880s][info][gc,heap        ] GC(177) ParOldGen: 2325083K(2438144K)->2347291K(2438144K)
[15.881s][info][gc,metaspace   ] GC(177) Metaspace: 6303K(6528K)->6303K(6528K) NonClass: 5769K(5888K)->5769K(5888K) Class: 533K(640K)->533K(640K)
[15.881s][info][gc             ] GC(177) Pause Young (Allocation Failure) 2367M->2367M(2520M) 50.928ms
[15.881s][info][gc,cpu         ] GC(177) User=0.23s Sys=0.03s Real=0.05s
[15.914s][info][gc,start       ] GC(178) Pause Young (Allocation Failure)
[15.969s][info][gc,heap        ] GC(178) PSYoungGen: 104640K(142336K)->80064K(144896K) Eden: 27648K(27648K)->0K(29184K) From: 76992K(114688K)->80064K(115712K)
[15.969s][info][gc,heap        ] GC(178) ParOldGen: 2347291K(2438144K)->2372099K(2438144K)
[15.969s][info][gc,metaspace   ] GC(178) Metaspace: 6303K(6528K)->6303K(6528K) NonClass: 5769K(5888K)->5769K(5888K) Class: 533K(640K)->533K(640K)
[15.969s][info][gc             ] GC(178) Pause Young (Allocation Failure) 2394M->2394M(2522M) 55.244ms
[15.969s][info][gc,cpu         ] GC(178) User=0.36s Sys=0.02s Real=0.06s
[16.004s][info][gc,start       ] GC(179) Pause Young (Allocation Failure)
[16.060s][info][gc,heap        ] GC(179) PSYoungGen: 109248K(144896K)->84704K(146944K) Eden: 29184K(29184K)->0K(29184K) From: 80064K(115712K)->84704K(117760K)
[16.060s][info][gc,heap        ] GC(179) ParOldGen: 2372099K(2438144K)->2396907K(2438144K)
[16.060s][info][gc,metaspace   ] GC(179) Metaspace: 6303K(6528K)->6303K(6528K) NonClass: 5769K(5888K)->5769K(5888K) Class: 533K(640K)->533K(640K)
[16.061s][info][gc             ] GC(179) Pause Young (Allocation Failure) 2423M->2423M(2524M) 56.436ms
[16.061s][info][gc,cpu         ] GC(179) User=0.38s Sys=0.00s Real=0.06s
[16.061s][info][gc,start       ] GC(180) Pause Full (Ergonomics)
[16.061s][info][gc,phases,start] GC(180) Marking Phase
[16.628s][info][gc,phases      ] GC(180) Marking Phase 567.287ms
[16.628s][info][gc,phases,start] GC(180) Summary Phase
[16.628s][info][gc,phases      ] GC(180) Summary Phase 0.041ms
[16.628s][info][gc,phases,start] GC(180) Adjust Roots
[16.628s][info][gc,phases      ] GC(180) Adjust Roots 0.184ms
[16.628s][info][gc,phases,start] GC(180) Compaction Phase
[16.853s][info][gc,phases      ] GC(180) Compaction Phase 224.482ms
[16.853s][info][gc,phases,start] GC(180) Post Compact
[16.858s][info][gc,phases      ] GC(180) Post Compact 5.119ms
[16.859s][info][gc,heap        ] GC(180) PSYoungGen: 84704K(146944K)->41451K(146944K) Eden: 0K(29184K)->0K(29184K) From: 84704K(117760K)->41451K(117760K)
[16.859s][info][gc,heap        ] GC(180) ParOldGen: 2396907K(2438144K)->2437842K(2671104K)
[16.859s][info][gc,metaspace   ] GC(180) Metaspace: 6303K(6528K)->6303K(6528K) NonClass: 5769K(5888K)->5769K(5888K) Class: 533K(640K)->533K(640K)
[16.859s][info][gc             ] GC(180) Pause Full (Ergonomics) 2423M->2421M(2752M) 798.266ms
[16.859s][info][gc,cpu         ] GC(180) User=5.83s Sys=0.06s Real=0.80s
[16.895s][info][gc,start       ] GC(181) Pause Young (Allocation Failure)
[17.040s][info][gc,heap        ] GC(181) PSYoungGen: 70635K(146944K)->44640K(147456K) Eden: 29184K(29184K)->0K(32256K) From: 41451K(117760K)->44640K(115200K)
[17.040s][info][gc,heap        ] GC(181) ParOldGen: 2437842K(2671104K)->2464298K(2671104K)
[17.040s][info][gc,metaspace   ] GC(181) Metaspace: 6303K(6528K)->6303K(6528K) NonClass: 5769K(5888K)->5769K(5888K) Class: 533K(640K)->533K(640K)
[17.040s][info][gc             ] GC(181) Pause Young (Allocation Failure) 2449M->2450M(2752M) 145.236ms
[17.040s][info][gc,cpu         ] GC(181) User=0.89s Sys=0.02s Real=0.14s
[17.079s][info][gc,start       ] GC(182) Pause Young (Allocation Failure)
[17.124s][info][gc,heap        ] GC(182) PSYoungGen: 76896K(147456K)->61664K(94208K) Eden: 32256K(32256K)->0K(32256K) From: 44640K(115200K)->61664K(61952K)
[17.124s][info][gc,heap        ] GC(182) ParOldGen: 2464298K(2671104K)->2479746K(2671104K)
[17.125s][info][gc,metaspace   ] GC(182) Metaspace: 6303K(6528K)->6303K(6528K) NonClass: 5769K(5888K)->5769K(5888K) Class: 533K(640K)->533K(640K)
[17.125s][info][gc             ] GC(182) Pause Young (Allocation Failure) 2481M->2481M(2700M) 45.695ms
[17.125s][info][gc,cpu         ] GC(182) User=0.27s Sys=0.00s Real=0.05s
[17.161s][info][gc,start       ] GC(183) Pause Young (Allocation Failure)
[17.214s][info][gc,heap        ] GC(183) PSYoungGen: 93920K(94208K)->64704K(140288K) Eden: 32256K(32256K)->0K(35840K) From: 61664K(61952K)->64704K(104448K)
[17.214s][info][gc,heap        ] GC(183) ParOldGen: 2479746K(2671104K)->2509194K(2671104K)
[17.214s][info][gc,metaspace   ] GC(183) Metaspace: 6303K(6528K)->6303K(6528K) NonClass: 5769K(5888K)->5769K(5888K) Class: 533K(640K)->533K(640K)
[17.214s][info][gc             ] GC(183) Pause Young (Allocation Failure) 2513M->2513M(2745M) 52.278ms
[17.214s][info][gc,cpu         ] GC(183) User=0.25s Sys=0.02s Real=0.05s
[17.259s][info][gc,start       ] GC(184) Pause Young (Allocation Failure)
[17.315s][info][gc,heap        ] GC(184) PSYoungGen: 100544K(140288K)->68288K(144384K) Eden: 35840K(35840K)->0K(35840K) From: 64704K(104448K)->68288K(108544K)
[17.315s][info][gc,heap        ] GC(184) ParOldGen: 2509194K(2671104K)->2541746K(2671104K)
[17.315s][info][gc,metaspace   ] GC(184) Metaspace: 6303K(6528K)->6303K(6528K) NonClass: 5769K(5888K)->5769K(5888K) Class: 533K(640K)->533K(640K)
[17.315s][info][gc             ] GC(184) Pause Young (Allocation Failure) 2548M->2548M(2749M) 55.634ms
[17.315s][info][gc,cpu         ] GC(184) User=0.33s Sys=0.06s Real=0.06s
[17.360s][info][gc,start       ] GC(185) Pause Young (Allocation Failure)
[17.423s][info][gc,heap        ] GC(185) PSYoungGen: 104128K(144384K)->71840K(143872K) Eden: 35840K(35840K)->0K(39936K) From: 68288K(108544K)->71840K(103936K)
[17.423s][info][gc,heap        ] GC(185) ParOldGen: 2541746K(2671104K)->2574290K(2671104K)
[17.423s][info][gc,metaspace   ] GC(185) Metaspace: 6303K(6528K)->6303K(6528K) NonClass: 5769K(5888K)->5769K(5888K) Class: 533K(640K)->533K(640K)
[17.423s][info][gc             ] GC(185) Pause Young (Allocation Failure) 2583M->2584M(2749M) 62.481ms
[17.423s][info][gc,cpu         ] GC(185) User=0.28s Sys=0.11s Real=0.06s
[17.472s][info][gc,start       ] GC(186) Pause Young (Allocation Failure)
[17.542s][info][gc,heap        ] GC(186) PSYoungGen: 111776K(143872K)->76000K(144896K) Eden: 39936K(39936K)->0K(39936K) From: 71840K(103936K)->76000K(104960K)
[17.542s][info][gc,heap        ] GC(186) ParOldGen: 2574290K(2671104K)->2610458K(2671104K)
[17.542s][info][gc,metaspace   ] GC(186) Metaspace: 6303K(6528K)->6303K(6528K) NonClass: 5769K(5888K)->5769K(5888K) Class: 533K(640K)->533K(640K)
[17.542s][info][gc             ] GC(186) Pause Young (Allocation Failure) 2623M->2623M(2750M) 69.511ms
[17.542s][info][gc,cpu         ] GC(186) User=0.25s Sys=0.14s Real=0.07s
[17.594s][info][gc,start       ] GC(187) Pause Young (Allocation Failure)
[17.667s][info][gc,heap        ] GC(187) PSYoungGen: 115936K(144896K)->80160K(148480K) Eden: 39936K(39936K)->0K(43008K) From: 76000K(104960K)->80160K(105472K)
[17.667s][info][gc,heap        ] GC(187) ParOldGen: 2610458K(2671104K)->2646618K(2671104K)
[17.667s][info][gc,metaspace   ] GC(187) Metaspace: 6303K(6528K)->6303K(6528K) NonClass: 5769K(5888K)->5769K(5888K) Class: 533K(640K)->533K(640K)
[17.667s][info][gc             ] GC(187) Pause Young (Allocation Failure) 2662M->2662M(2753M) 72.659ms
[17.667s][info][gc,cpu         ] GC(187) User=0.30s Sys=0.11s Real=0.07s
[17.667s][info][gc,start       ] GC(188) Pause Full (Ergonomics)
[17.667s][info][gc,phases,start] GC(188) Marking Phase
[18.266s][info][gc,phases      ] GC(188) Marking Phase 599.484ms
[18.266s][info][gc,phases,start] GC(188) Summary Phase
[18.266s][info][gc,phases      ] GC(188) Summary Phase 0.037ms
[18.266s][info][gc,phases,start] GC(188) Adjust Roots
[18.267s][info][gc,phases      ] GC(188) Adjust Roots 0.181ms
[18.267s][info][gc,phases,start] GC(188) Compaction Phase
[18.531s][info][gc,phases      ] GC(188) Compaction Phase 264.608ms
[18.531s][info][gc,phases,start] GC(188) Post Compact
[18.536s][info][gc,phases      ] GC(188) Post Compact 5.168ms
[18.539s][info][gc,heap        ] GC(188) PSYoungGen: 80160K(148480K)->53228K(148480K) Eden: 0K(43008K)->0K(43008K) From: 80160K(105472K)->53228K(105472K)
[18.539s][info][gc,heap        ] GC(188) ParOldGen: 2646618K(2671104K)->2671082K(2928640K)
[18.539s][info][gc,metaspace   ] GC(188) Metaspace: 6303K(6528K)->6303K(6528K) NonClass: 5769K(5888K)->5769K(5888K) Class: 533K(640K)->533K(640K)
[18.539s][info][gc             ] GC(188) Pause Full (Ergonomics) 2662M->2660M(3005M) 872.081ms
[18.539s][info][gc,cpu         ] GC(188) User=6.33s Sys=0.05s Real=0.87s
[18.589s][info][gc,start       ] GC(189) Pause Young (Allocation Failure)
[18.762s][info][gc,heap        ] GC(189) PSYoungGen: 96236K(148480K)->70912K(150016K) Eden: 43008K(43008K)->0K(43008K) From: 53228K(105472K)->70912K(107008K)
[18.762s][info][gc,heap        ] GC(189) ParOldGen: 2671082K(2928640K)->2696922K(2928640K)
[18.762s][info][gc,metaspace   ] GC(189) Metaspace: 6303K(6528K)->6303K(6528K) NonClass: 5769K(5888K)->5769K(5888K) Class: 533K(640K)->533K(640K)
[18.762s][info][gc             ] GC(189) Pause Young (Allocation Failure) 2702M->2702M(3006M) 172.674ms
[18.762s][info][gc,cpu         ] GC(189) User=1.00s Sys=0.12s Real=0.17s
[18.812s][info][gc,start       ] GC(190) Pause Young (Allocation Failure)
[18.888s][info][gc,heap        ] GC(190) PSYoungGen: 113920K(150016K)->104448K(138240K) Eden: 43008K(43008K)->0K(33792K) From: 70912K(107008K)->104448K(104448K)
[18.888s][info][gc,heap        ] GC(190) ParOldGen: 2696922K(2928640K)->2706410K(2928640K)
[18.888s][info][gc,metaspace   ] GC(190) Metaspace: 6303K(6528K)->6303K(6528K) NonClass: 5769K(5888K)->5769K(5888K) Class: 533K(640K)->533K(640K)
[18.888s][info][gc             ] GC(190) Pause Young (Allocation Failure) 2744M->2744M(2995M) 75.662ms
[18.888s][info][gc,cpu         ] GC(190) User=0.30s Sys=0.20s Real=0.08s
[19.520s][info][gc,start       ] GC(191) Pause Young (Allocation Failure)
[19.664s][info][gc,heap        ] GC(191) PSYoungGen: 138240K(138240K)->72512K(106496K) Eden: 33792K(33792K)->0K(33792K) From: 104448K(104448K)->72512K(72704K)
[19.664s][info][gc,heap        ] GC(191) ParOldGen: 2837483K(2928640K)->2903875K(2928640K)
[19.664s][info][gc,metaspace   ] GC(191) Metaspace: 6303K(6528K)->6303K(6528K) NonClass: 5769K(5888K)->5769K(5888K) Class: 533K(640K)->533K(640K)
[19.664s][info][gc             ] GC(191) Pause Young (Allocation Failure) 2905M->2906M(2964M) 143.701ms
[19.664s][info][gc,cpu         ] GC(191) User=0.80s Sys=0.22s Real=0.14s
[19.664s][info][gc,start       ] GC(192) Pause Full (Ergonomics)
[19.664s][info][gc,phases,start] GC(192) Marking Phase
[20.310s][info][gc,phases      ] GC(192) Marking Phase 646.225ms
[20.311s][info][gc,phases,start] GC(192) Summary Phase
[20.311s][info][gc,phases      ] GC(192) Summary Phase 0.058ms
[20.311s][info][gc,phases,start] GC(192) Adjust Roots
[20.311s][info][gc,phases      ] GC(192) Adjust Roots 0.195ms
[20.311s][info][gc,phases,start] GC(192) Compaction Phase
[20.768s][info][gc,phases      ] GC(192) Compaction Phase 456.730ms
[20.768s][info][gc,phases,start] GC(192) Post Compact
[20.775s][info][gc,phases      ] GC(192) Post Compact 7.359ms
[20.777s][info][gc,heap        ] GC(192) PSYoungGen: 72512K(106496K)->0K(151040K) Eden: 0K(33792K)->0K(37376K) From: 72512K(72704K)->0K(113664K)
[20.777s][info][gc,heap        ] GC(192) ParOldGen: 2903875K(2928640K)->2909556K(3201024K)
[20.777s][info][gc,metaspace   ] GC(192) Metaspace: 6303K(6528K)->6303K(6528K) NonClass: 5769K(5888K)->5769K(5888K) Class: 533K(640K)->533K(640K)
[20.777s][info][gc             ] GC(192) Pause Full (Ergonomics) 2906M->2841M(3273M) 1113.210ms
[20.777s][info][gc,cpu         ] GC(192) User=7.67s Sys=0.02s Real=1.11s
[20.823s][info][gc,start       ] GC(193) Pause Young (Allocation Failure)
[20.863s][info][gc,heap        ] GC(193) PSYoungGen: 37376K(151040K)->37536K(151040K) Eden: 37376K(37376K)->0K(37376K) From: 0K(113664K)->37536K(113664K)
[20.863s][info][gc,heap        ] GC(193) ParOldGen: 2909556K(3201024K)->2909556K(3201024K)
[20.863s][info][gc,metaspace   ] GC(193) Metaspace: 6303K(6528K)->6303K(6528K) NonClass: 5769K(5888K)->5769K(5888K) Class: 533K(640K)->533K(640K)
[20.863s][info][gc             ] GC(193) Pause Young (Allocation Failure) 2877M->2878M(3273M) 40.450ms
[20.863s][info][gc,cpu         ] GC(193) User=0.06s Sys=0.00s Real=0.04s
[20.903s][info][gc,start       ] GC(194) Pause Young (Allocation Failure)
[20.956s][info][gc,heap        ] GC(194) PSYoungGen: 74912K(151040K)->74944K(152576K) Eden: 37376K(37376K)->0K(40960K) From: 37536K(113664K)->74944K(111616K)
[20.956s][info][gc,heap        ] GC(194) ParOldGen: 2909556K(3201024K)->2909556K(3201024K)
[20.956s][info][gc,metaspace   ] GC(194) Metaspace: 6303K(6528K)->6303K(6528K) NonClass: 5769K(5888K)->5769K(5888K) Class: 533K(640K)->533K(640K)
[20.956s][info][gc             ] GC(194) Pause Young (Allocation Failure) 2914M->2914M(3275M) 53.249ms
[20.956s][info][gc,cpu         ] GC(194) User=0.16s Sys=0.00s Real=0.05s
[21.001s][info][gc,start       ] GC(195) Pause Young (Allocation Failure)
[21.069s][info][gc,heap        ] GC(195) PSYoungGen: 115904K(152576K)->113152K(154112K) Eden: 40960K(40960K)->0K(40960K) From: 74944K(111616K)->113152K(113152K)
[21.069s][info][gc,heap        ] GC(195) ParOldGen: 2909556K(3201024K)->2912324K(3201024K)
[21.069s][info][gc,metaspace   ] GC(195) Metaspace: 6303K(6528K)->6303K(6528K) NonClass: 5769K(5888K)->5769K(5888K) Class: 533K(640K)->533K(640K)
[21.069s][info][gc             ] GC(195) Pause Young (Allocation Failure) 2954M->2954M(3276M) 67.842ms
[21.069s][info][gc,cpu         ] GC(195) User=0.19s Sys=0.00s Real=0.07s
[21.110s][info][gc,start       ] GC(196) Pause Young (Allocation Failure)
[21.210s][info][gc,heap        ] GC(196) PSYoungGen: 154112K(154112K)->125952K(146432K) Eden: 40960K(40960K)->0K(20480K) From: 113152K(113152K)->125952K(125952K)
[21.210s][info][gc,heap        ] GC(196) ParOldGen: 2912324K(3201024K)->2940732K(3201024K)
[21.210s][info][gc,metaspace   ] GC(196) Metaspace: 6303K(6528K)->6303K(6528K) NonClass: 5769K(5888K)->5769K(5888K) Class: 533K(640K)->533K(640K)
[21.211s][info][gc             ] GC(196) Pause Young (Allocation Failure) 2994M->2994M(3269M) 100.298ms
[21.211s][info][gc,cpu         ] GC(196) User=0.39s Sys=0.25s Real=0.10s
[21.230s][info][gc,start       ] GC(197) Pause Young (Allocation Failure)
[21.322s][info][gc,heap        ] GC(197) PSYoungGen: 146432K(146432K)->75232K(95744K) Eden: 20480K(20480K)->0K(20480K) From: 125952K(125952K)->75232K(75264K)
[21.322s][info][gc,heap        ] GC(197) ParOldGen: 2940732K(3201024K)->3012564K(3201024K)
[21.322s][info][gc,metaspace   ] GC(197) Metaspace: 6303K(6528K)->6303K(6528K) NonClass: 5769K(5888K)->5769K(5888K) Class: 533K(640K)->533K(640K)
[21.322s][info][gc             ] GC(197) Pause Young (Allocation Failure) 3014M->3015M(3219M) 91.991ms
[21.322s][info][gc,cpu         ] GC(197) User=0.52s Sys=0.12s Real=0.09s
[21.342s][info][gc,start       ] GC(198) Pause Young (Allocation Failure)
[21.415s][info][gc,heap        ] GC(198) PSYoungGen: 95712K(95744K)->41120K(167424K) Eden: 20480K(20480K)->0K(22528K) From: 75232K(75264K)->41120K(144896K)
[21.415s][info][gc,heap        ] GC(198) ParOldGen: 3012564K(3201024K)->3067612K(3201024K)
[21.415s][info][gc,metaspace   ] GC(198) Metaspace: 6303K(6528K)->6303K(6528K) NonClass: 5769K(5888K)->5769K(5888K) Class: 533K(640K)->533K(640K)
[21.415s][info][gc             ] GC(198) Pause Young (Allocation Failure) 3035M->3035M(3289M) 72.980ms
[21.415s][info][gc,cpu         ] GC(198) User=0.33s Sys=0.14s Real=0.07s
[21.437s][info][gc,start       ] GC(199) Pause Young (Allocation Failure)
[21.490s][info][gc,heap        ] GC(199) PSYoungGen: 63648K(167424K)->22688K(167936K) Eden: 22528K(22528K)->0K(22528K) From: 41120K(144896K)->22688K(145408K)
[21.490s][info][gc,heap        ] GC(199) ParOldGen: 3067612K(3201024K)->3108908K(3201024K)
[21.490s][info][gc,metaspace   ] GC(199) Metaspace: 6303K(6528K)->6303K(6528K) NonClass: 5769K(5888K)->5769K(5888K) Class: 533K(640K)->533K(640K)
[21.490s][info][gc             ] GC(199) Pause Young (Allocation Failure) 3057M->3058M(3290M) 53.202ms
[21.490s][info][gc,cpu         ] GC(199) User=0.12s Sys=0.14s Real=0.05s
[21.511s][info][gc,start       ] GC(200) Pause Young (Allocation Failure)
[21.558s][info][gc,heap        ] GC(200) PSYoungGen: 45216K(167936K)->22656K(173056K) Eden: 22528K(22528K)->0K(25088K) From: 22688K(145408K)->22656K(147968K)
[21.558s][info][gc,heap        ] GC(200) ParOldGen: 3108908K(3201024K)->3131636K(3201024K)
[21.558s][info][gc,metaspace   ] GC(200) Metaspace: 6303K(6528K)->6303K(6528K) NonClass: 5769K(5888K)->5769K(5888K) Class: 533K(640K)->533K(640K)
[21.558s][info][gc             ] GC(200) Pause Young (Allocation Failure) 3080M->3080M(3295M) 46.280ms
[21.558s][info][gc,cpu         ] GC(200) User=0.06s Sys=0.00s Real=0.05s
[21.558s][info][gc,start       ] GC(201) Pause Full (Ergonomics)
[21.558s][info][gc,phases,start] GC(201) Marking Phase
[22.263s][info][gc,phases      ] GC(201) Marking Phase 705.692ms
[22.264s][info][gc,phases,start] GC(201) Summary Phase
[22.264s][info][gc,phases      ] GC(201) Summary Phase 0.087ms
[22.264s][info][gc,phases,start] GC(201) Adjust Roots
[22.264s][info][gc,phases      ] GC(201) Adjust Roots 0.194ms
[22.264s][info][gc,phases,start] GC(201) Compaction Phase
[22.564s][info][gc,phases      ] GC(201) Compaction Phase 300.432ms
[22.564s][info][gc,phases,start] GC(201) Post Compact
[22.570s][info][gc,phases      ] GC(201) Post Compact 5.795ms
[22.573s][info][gc,heap        ] GC(201) PSYoungGen: 22656K(173056K)->0K(173568K) Eden: 0K(25088K)->0K(25088K) From: 22656K(147968K)->0K(148480K)
[22.573s][info][gc,heap        ] GC(201) ParOldGen: 3131636K(3201024K)->3151986K(3478528K)
[22.573s][info][gc,metaspace   ] GC(201) Metaspace: 6303K(6528K)->6303K(6528K) NonClass: 5769K(5888K)->5769K(5888K) Class: 533K(640K)->533K(640K)
[22.573s][info][gc             ] GC(201) Pause Full (Ergonomics) 3080M->3078M(3566M) 1015.125ms
[22.573s][info][gc,cpu         ] GC(201) User=7.23s Sys=0.14s Real=1.02s
[22.599s][info][gc,start       ] GC(202) Pause Young (Allocation Failure)
[22.638s][info][gc,heap        ] GC(202) PSYoungGen: 25088K(173568K)->25216K(174080K) Eden: 25088K(25088K)->0K(28160K) From: 0K(148480K)->25216K(145920K)
[22.638s][info][gc,heap        ] GC(202) ParOldGen: 3151986K(3478528K)->3151986K(3478528K)
[22.638s][info][gc,metaspace   ] GC(202) Metaspace: 6303K(6528K)->6303K(6528K) NonClass: 5769K(5888K)->5769K(5888K) Class: 533K(640K)->533K(640K)
[22.638s][info][gc             ] GC(202) Pause Young (Allocation Failure) 3102M->3102M(3567M) 39.022ms
[22.638s][info][gc,cpu         ] GC(202) User=0.05s Sys=0.00s Real=0.04s
[22.673s][info][gc,start       ] GC(203) Pause Young (Allocation Failure)
[22.723s][info][gc,heap        ] GC(203) PSYoungGen: 53376K(174080K)->28320K(175616K) Eden: 28160K(28160K)->0K(28160K) From: 25216K(145920K)->28320K(147456K)
[22.723s][info][gc,heap        ] GC(203) ParOldGen: 3151986K(3478528K)->3177314K(3478528K)
[22.723s][info][gc,metaspace   ] GC(203) Metaspace: 6303K(6528K)->6303K(6528K) NonClass: 5769K(5888K)->5769K(5888K) Class: 533K(640K)->533K(640K)
[22.723s][info][gc             ] GC(203) Pause Young (Allocation Failure) 3130M->3130M(3568M) 49.733ms
[22.723s][info][gc,cpu         ] GC(203) User=0.11s Sys=0.05s Real=0.05s
[22.754s][info][gc,start       ] GC(204) Pause Young (Allocation Failure)
[22.806s][info][gc,heap        ] GC(204) PSYoungGen: 56480K(175616K)->28288K(171008K) Eden: 28160K(28160K)->0K(31744K) From: 28320K(147456K)->28288K(139264K)
[22.806s][info][gc,heap        ] GC(204) ParOldGen: 3177314K(3478528K)->3205722K(3478528K)
[22.806s][info][gc,metaspace   ] GC(204) Metaspace: 6303K(6528K)->6303K(6528K) NonClass: 5769K(5888K)->5769K(5888K) Class: 533K(640K)->533K(640K)
[22.806s][info][gc             ] GC(204) Pause Young (Allocation Failure) 3158M->3158M(3564M) 51.790ms
[22.806s][info][gc,cpu         ] GC(204) User=0.17s Sys=0.05s Real=0.05s
[22.839s][info][gc,start       ] GC(205) Pause Young (Allocation Failure)
[22.889s][info][gc,heap        ] GC(205) PSYoungGen: 60032K(171008K)->31872K(64000K) Eden: 31744K(31744K)->0K(31744K) From: 28288K(139264K)->31872K(32256K)
[22.889s][info][gc,heap        ] GC(205) ParOldGen: 3205722K(3478528K)->3234130K(3478528K)
[22.889s][info][gc,metaspace   ] GC(205) Metaspace: 6303K(6528K)->6303K(6528K) NonClass: 5769K(5888K)->5769K(5888K) Class: 533K(640K)->533K(640K)
[22.889s][info][gc             ] GC(205) Pause Young (Allocation Failure) 3189M->3189M(3459M) 50.165ms
[22.889s][info][gc,cpu         ] GC(205) User=0.20s Sys=0.00s Real=0.05s
[22.919s][info][gc,start       ] GC(206) Pause Young (Allocation Failure)
[22.970s][info][gc,heap        ] GC(206) PSYoungGen: 63616K(64000K)->31904K(163840K) Eden: 31744K(31744K)->0K(35840K) From: 31872K(32256K)->31904K(128000K)
[22.970s][info][gc,heap        ] GC(206) ParOldGen: 3234130K(3478528K)->3266170K(3478528K)
[22.970s][info][gc,metaspace   ] GC(206) Metaspace: 6303K(6528K)->6303K(6528K) NonClass: 5769K(5888K)->5769K(5888K) Class: 533K(640K)->533K(640K)
[22.970s][info][gc             ] GC(206) Pause Young (Allocation Failure) 3220M->3220M(3557M) 50.862ms
[22.970s][info][gc,cpu         ] GC(206) User=0.16s Sys=0.09s Real=0.05s
[23.006s][info][gc,start       ] GC(207) Pause Young (Allocation Failure)
[23.059s][info][gc,heap        ] GC(207) PSYoungGen: 67744K(163840K)->36000K(72192K) Eden: 35840K(35840K)->0K(35840K) From: 31904K(128000K)->36000K(36352K)
[23.059s][info][gc,heap        ] GC(207) ParOldGen: 3266170K(3478528K)->3298194K(3478528K)
[23.059s][info][gc,metaspace   ] GC(207) Metaspace: 6303K(6528K)->6303K(6528K) NonClass: 5769K(5888K)->5769K(5888K) Class: 533K(640K)->533K(640K)
[23.059s][info][gc             ] GC(207) Pause Young (Allocation Failure) 3255M->3256M(3467M) 53.279ms
[23.059s][info][gc,cpu         ] GC(207) User=0.19s Sys=0.09s Real=0.05s
[23.098s][info][gc,start       ] GC(208) Pause Young (Allocation Failure)
[23.155s][info][gc,heap        ] GC(208) PSYoungGen: 71840K(72192K)->35936K(157184K) Eden: 35840K(35840K)->0K(40448K) From: 36000K(36352K)->35936K(116736K)
[23.155s][info][gc,heap        ] GC(208) ParOldGen: 3298194K(3478528K)->3334362K(3478528K)
[23.155s][info][gc,metaspace   ] GC(208) Metaspace: 6303K(6528K)->6303K(6528K) NonClass: 5769K(5888K)->5769K(5888K) Class: 533K(640K)->533K(640K)
[23.155s][info][gc             ] GC(208) Pause Young (Allocation Failure) 3291M->3291M(3550M) 57.410ms
[23.155s][info][gc,cpu         ] GC(208) User=0.17s Sys=0.06s Real=0.06s
[23.202s][info][gc,start       ] GC(209) Pause Young (Allocation Failure)
[23.260s][info][gc,heap        ] GC(209) PSYoungGen: 76384K(157184K)->40640K(81408K) Eden: 40448K(40448K)->0K(40448K) From: 35936K(116736K)->40640K(40960K)
[23.260s][info][gc,heap        ] GC(209) ParOldGen: 3334362K(3478528K)->3370530K(3478528K)
[23.260s][info][gc,metaspace   ] GC(209) Metaspace: 6303K(6528K)->6303K(6528K) NonClass: 5769K(5888K)->5769K(5888K) Class: 533K(640K)->533K(640K)
[23.261s][info][gc             ] GC(209) Pause Young (Allocation Failure) 3330M->3331M(3476M) 58.600ms
[23.261s][info][gc,cpu         ] GC(209) User=0.22s Sys=0.06s Real=0.06s
[23.303s][info][gc,start       ] GC(210) Pause Young (Allocation Failure)
[23.363s][info][gc,heap        ] GC(210) PSYoungGen: 81088K(81408K)->40608K(151040K) Eden: 40448K(40448K)->0K(45568K) From: 40640K(40960K)->40608K(105472K)
[23.363s][info][gc,heap        ] GC(210) ParOldGen: 3370530K(3478528K)->3411338K(3478528K)
[23.363s][info][gc,metaspace   ] GC(210) Metaspace: 6303K(6528K)->6303K(6528K) NonClass: 5769K(5888K)->5769K(5888K) Class: 533K(640K)->533K(640K)
[23.363s][info][gc             ] GC(210) Pause Young (Allocation Failure) 3370M->3371M(3544M) 60.151ms
[23.363s][info][gc,cpu         ] GC(210) User=0.14s Sys=0.16s Real=0.06s
[23.407s][info][gc,start       ] GC(211) Pause Young (Allocation Failure)
[23.467s][info][gc,heap        ] GC(211) PSYoungGen: 86176K(151040K)->45792K(91648K) Eden: 45568K(45568K)->0K(45568K) From: 40608K(105472K)->45792K(46080K)
[23.467s][info][gc,heap        ] GC(211) ParOldGen: 3411338K(3478528K)->3452130K(3478528K)
[23.467s][info][gc,metaspace   ] GC(211) Metaspace: 6303K(6528K)->6303K(6528K) NonClass: 5769K(5888K)->5769K(5888K) Class: 533K(640K)->533K(640K)
[23.467s][info][gc             ] GC(211) Pause Young (Allocation Failure) 3415M->3415M(3486M) 59.504ms
[23.467s][info][gc,cpu         ] GC(211) User=0.14s Sys=0.16s Real=0.06s
[23.467s][info][gc,start       ] GC(212) Pause Full (Ergonomics)
[23.467s][info][gc,phases,start] GC(212) Marking Phase
[24.233s][info][gc,phases      ] GC(212) Marking Phase 766.111ms
[24.233s][info][gc,phases,start] GC(212) Summary Phase
[24.233s][info][gc,phases      ] GC(212) Summary Phase 0.055ms
[24.233s][info][gc,phases,start] GC(212) Adjust Roots
[24.233s][info][gc,phases      ] GC(212) Adjust Roots 0.211ms
[24.233s][info][gc,phases,start] GC(212) Compaction Phase
[24.985s][info][gc,phases      ] GC(212) Compaction Phase 751.615ms
[24.985s][info][gc,phases,start] GC(212) Post Compact
[24.991s][info][gc,phases      ] GC(212) Post Compact 6.431ms
[24.994s][info][gc,heap        ] GC(212) PSYoungGen: 45792K(91648K)->16416K(91648K) Eden: 0K(45568K)->0K(45568K) From: 45792K(46080K)->16416K(46080K)
[24.994s][info][gc,heap        ] GC(212) ParOldGen: 3452130K(3478528K)->3478290K(3819008K)
[24.994s][info][gc,metaspace   ] GC(212) Metaspace: 6303K(6528K)->6303K(6528K) NonClass: 5769K(5888K)->5769K(5888K) Class: 533K(640K)->533K(640K)
[24.994s][info][gc             ] GC(212) Pause Full (Ergonomics) 3415M->3412M(3819M) 1527.777ms
[24.994s][info][gc,cpu         ] GC(212) User=10.75s Sys=0.08s Real=1.53s
[25.040s][info][gc,start       ] GC(213) Pause Young (Allocation Failure)
[25.223s][info][gc,heap        ] GC(213) PSYoungGen: 61984K(91648K)->45760K(142336K) Eden: 45568K(45568K)->0K(50176K) From: 16416K(46080K)->45760K(92160K)
[25.223s][info][gc,heap        ] GC(213) ParOldGen: 3478290K(3819008K)->3494882K(3819008K)
[25.223s][info][gc,metaspace   ] GC(213) Metaspace: 6303K(6528K)->6303K(6528K) NonClass: 5769K(5888K)->5769K(5888K) Class: 533K(640K)->533K(640K)
[25.223s][info][gc             ] GC(213) Pause Young (Allocation Failure) 3457M->3457M(3868M) 183.007ms
[25.223s][info][gc,cpu         ] GC(213) User=1.27s Sys=0.02s Real=0.18s
[25.277s][info][gc,start       ] GC(214) Pause Young (Allocation Failure)
[25.338s][info][gc,heap        ] GC(214) PSYoungGen: 95936K(142336K)->96000K(148992K) Eden: 50176K(50176K)->0K(50176K) From: 45760K(92160K)->96000K(98816K)
[25.338s][info][gc,heap        ] GC(214) ParOldGen: 3494882K(3819008K)->3494882K(3819008K)
[25.338s][info][gc,metaspace   ] GC(214) Metaspace: 6303K(6528K)->6303K(6528K) NonClass: 5769K(5888K)->5769K(5888K) Class: 533K(640K)->533K(640K)
[25.338s][info][gc             ] GC(214) Pause Young (Allocation Failure) 3506M->3506M(3875M) 60.735ms
[25.338s][info][gc,cpu         ] GC(214) User=0.31s Sys=0.00s Real=0.06s
[25.395s][info][gc,start       ] GC(215) Pause Young (Allocation Failure)
[25.488s][info][gc,heap        ] GC(215) PSYoungGen: 146176K(148992K)->111616K(137728K) Eden: 50176K(50176K)->0K(26112K) From: 96000K(98816K)->111616K(111616K)
[25.488s][info][gc,heap        ] GC(215) ParOldGen: 3494882K(3819008K)->3529650K(3819008K)
[25.488s][info][gc,metaspace   ] GC(215) Metaspace: 6303K(6528K)->6303K(6528K) NonClass: 5769K(5888K)->5769K(5888K) Class: 533K(640K)->533K(640K)
[25.488s][info][gc             ] GC(215) Pause Young (Allocation Failure) 3555M->3555M(3864M) 93.184ms
[25.488s][info][gc,cpu         ] GC(215) User=0.44s Sys=0.20s Real=0.09s
[25.516s][info][gc,start       ] GC(216) Pause Young (Allocation Failure)
[25.613s][info][gc,heap        ] GC(216) PSYoungGen: 137728K(137728K)->56640K(82944K) Eden: 26112K(26112K)->0K(26112K) From: 111616K(111616K)->56640K(56832K)
[25.613s][info][gc,heap        ] GC(216) ParOldGen: 3529650K(3819008K)->3611490K(3819008K)
[25.613s][info][gc,metaspace   ] GC(216) Metaspace: 6303K(6528K)->6303K(6528K) NonClass: 5769K(5888K)->5769K(5888K) Class: 533K(640K)->533K(640K)
[25.613s][info][gc             ] GC(216) Pause Young (Allocation Failure) 3581M->3582M(3810M) 97.107ms
[25.613s][info][gc,cpu         ] GC(216) User=0.41s Sys=0.23s Real=0.10s
[25.641s][info][gc,start       ] GC(217) Pause Young (Allocation Failure)
[25.707s][info][gc,heap        ] GC(217) PSYoungGen: 82752K(82944K)->52416K(152064K) Eden: 26112K(26112K)->0K(29696K) From: 56640K(56832K)->52416K(122368K)
[25.707s][info][gc,heap        ] GC(217) ParOldGen: 3611490K(3819008K)->3642114K(3819008K)
[25.707s][info][gc,metaspace   ] GC(217) Metaspace: 6303K(6528K)->6303K(6528K) NonClass: 5769K(5888K)->5769K(5888K) Class: 533K(640K)->533K(640K)
[25.707s][info][gc             ] GC(217) Pause Young (Allocation Failure) 3607M->3607M(3878M) 65.627ms
[25.707s][info][gc,cpu         ] GC(217) User=0.28s Sys=0.02s Real=0.07s
[25.737s][info][gc,start       ] GC(218) Pause Young (Allocation Failure)
[25.797s][info][gc,heap        ] GC(218) PSYoungGen: 82112K(152064K)->55936K(86016K) Eden: 29696K(29696K)->0K(29696K) From: 52416K(122368K)->55936K(56320K)
[25.797s][info][gc,heap        ] GC(218) ParOldGen: 3642114K(3819008K)->3668458K(3819008K)
[25.797s][info][gc,metaspace   ] GC(218) Metaspace: 6303K(6528K)->6303K(6528K) NonClass: 5769K(5888K)->5769K(5888K) Class: 533K(640K)->533K(640K)
[25.797s][info][gc             ] GC(218) Pause Young (Allocation Failure) 3636M->3637M(3813M) 60.302ms
[25.797s][info][gc,cpu         ] GC(218) User=0.19s Sys=0.02s Real=0.06s
[25.827s][info][gc,start       ] GC(219) Pause Young (Allocation Failure)
[25.895s][info][gc,heap        ] GC(219) PSYoungGen: 85632K(86016K)->29888K(152576K) Eden: 29696K(29696K)->0K(33792K) From: 55936K(56320K)->29888K(118784K)
[25.895s][info][gc,heap        ] GC(219) ParOldGen: 3668458K(3819008K)->3724738K(3819008K)
[25.895s][info][gc,metaspace   ] GC(219) Metaspace: 6303K(6528K)->6303K(6528K) NonClass: 5769K(5888K)->5769K(5888K) Class: 533K(640K)->533K(640K)
[25.895s][info][gc             ] GC(219) Pause Young (Allocation Failure) 3666M->3666M(3878M) 68.506ms
[25.895s][info][gc,cpu         ] GC(219) User=0.28s Sys=0.22s Real=0.07s
[25.929s][info][gc,start       ] GC(220) Pause Young (Allocation Failure)
[25.992s][info][gc,heap        ] GC(220) PSYoungGen: 63680K(152576K)->34016K(154112K) Eden: 33792K(33792K)->0K(33792K) From: 29888K(118784K)->34016K(120320K)
[25.992s][info][gc,heap        ] GC(220) ParOldGen: 3724738K(3819008K)->3754706K(3819008K)
[25.992s][info][gc,metaspace   ] GC(220) Metaspace: 6303K(6528K)->6303K(6528K) NonClass: 5769K(5888K)->5769K(5888K) Class: 533K(640K)->533K(640K)
[25.992s][info][gc             ] GC(220) Pause Young (Allocation Failure) 3699M->3699M(3880M) 63.380ms
[25.992s][info][gc,cpu         ] GC(220) User=0.17s Sys=0.02s Real=0.06s
[25.992s][info][gc,start       ] GC(221) Pause Full (Ergonomics)
[25.992s][info][gc,phases,start] GC(221) Marking Phase
[26.846s][info][gc,phases      ] GC(221) Marking Phase 854.146ms
[26.846s][info][gc,phases,start] GC(221) Summary Phase
[26.846s][info][gc,phases      ] GC(221) Summary Phase 0.085ms
[26.847s][info][gc,phases,start] GC(221) Adjust Roots
[26.847s][info][gc,phases      ] GC(221) Adjust Roots 0.161ms
[26.847s][info][gc,phases,start] GC(221) Compaction Phase
[27.201s][info][gc,phases      ] GC(221) Compaction Phase 354.049ms
[27.201s][info][gc,phases,start] GC(221) Post Compact
[27.208s][info][gc,phases      ] GC(221) Post Compact 6.956ms
[27.211s][info][gc,heap        ] GC(221) PSYoungGen: 34016K(154112K)->0K(156672K) Eden: 0K(33792K)->0K(38400K) From: 34016K(120320K)->0K(118272K)
[27.211s][info][gc,heap        ] GC(221) ParOldGen: 3754706K(3819008K)->3785784K(4168192K)
[27.211s][info][gc,metaspace   ] GC(221) Metaspace: 6303K(6528K)->6303K(6528K) NonClass: 5769K(5888K)->5769K(5888K) Class: 533K(640K)->533K(640K)
[27.211s][info][gc             ] GC(221) Pause Full (Ergonomics) 3699M->3697M(4223M) 1218.798ms
[27.211s][info][gc,cpu         ] GC(221) User=8.86s Sys=0.11s Real=1.22s
[27.249s][info][gc,start       ] GC(222) Pause Young (Allocation Failure)
[27.292s][info][gc,heap        ] GC(222) PSYoungGen: 38400K(156672K)->38560K(156672K) Eden: 38400K(38400K)->0K(38400K) From: 0K(118272K)->38560K(118272K)
[27.292s][info][gc,heap        ] GC(222) ParOldGen: 3785784K(4168192K)->3785784K(4168192K)
[27.292s][info][gc,metaspace   ] GC(222) Metaspace: 6303K(6528K)->6303K(6528K) NonClass: 5769K(5888K)->5769K(5888K) Class: 533K(640K)->533K(640K)
[27.292s][info][gc             ] GC(222) Pause Young (Allocation Failure) 3734M->3734M(4223M) 43.698ms
[27.292s][info][gc,cpu         ] GC(222) User=0.03s Sys=0.00s Real=0.04s
[27.334s][info][gc,start       ] GC(223) Pause Young (Allocation Failure)
[27.389s][info][gc,heap        ] GC(223) PSYoungGen: 76960K(156672K)->76992K(153600K) Eden: 38400K(38400K)->0K(39424K) From: 38560K(118272K)->76992K(114176K)
[27.389s][info][gc,heap        ] GC(223) ParOldGen: 3785784K(4168192K)->3785784K(4168192K)
[27.389s][info][gc,metaspace   ] GC(223) Metaspace: 6303K(6528K)->6303K(6528K) NonClass: 5769K(5888K)->5769K(5888K) Class: 533K(640K)->533K(640K)
[27.389s][info][gc             ] GC(223) Pause Young (Allocation Failure) 3772M->3772M(4220M) 54.476ms
[27.389s][info][gc,cpu         ] GC(223) User=0.17s Sys=0.00s Real=0.05s
[27.433s][info][gc,start       ] GC(224) Pause Young (Allocation Failure)
[27.507s][info][gc,heap        ] GC(224) PSYoungGen: 116416K(153600K)->78016K(156672K) Eden: 39424K(39424K)->0K(39424K) From: 76992K(114176K)->78016K(117248K)
[27.507s][info][gc,heap        ] GC(224) ParOldGen: 3785784K(4168192K)->3824536K(4168192K)
[27.507s][info][gc,metaspace   ] GC(224) Metaspace: 6303K(6528K)->6303K(6528K) NonClass: 5769K(5888K)->5769K(5888K) Class: 533K(640K)->533K(640K)
[27.507s][info][gc             ] GC(224) Pause Young (Allocation Failure) 3810M->3811M(4223M) 73.768ms
[27.507s][info][gc,cpu         ] GC(224) User=0.34s Sys=0.28s Real=0.07s
[27.548s][info][gc,start       ] GC(225) Pause Young (Allocation Failure)
[27.622s][info][gc,heap        ] GC(225) PSYoungGen: 117440K(156672K)->79040K(161280K) Eden: 39424K(39424K)->0K(41984K) From: 78016K(117248K)->79040K(119296K)
[27.622s][info][gc,heap        ] GC(225) ParOldGen: 3824536K(4168192K)->3863272K(4168192K)
[27.622s][info][gc,metaspace   ] GC(225) Metaspace: 6303K(6528K)->6303K(6528K) NonClass: 5769K(5888K)->5769K(5888K) Class: 533K(640K)->533K(640K)
[27.622s][info][gc             ] GC(225) Pause Young (Allocation Failure) 3849M->3849M(4228M) 74.346ms
[27.622s][info][gc,cpu         ] GC(225) User=0.39s Sys=0.12s Real=0.08s
[27.665s][info][gc,start       ] GC(226) Pause Young (Allocation Failure)
[27.740s][info][gc,heap        ] GC(226) PSYoungGen: 121024K(161280K)->81632K(163328K) Eden: 41984K(41984K)->0K(41984K) From: 79040K(119296K)->81632K(121344K)
[27.740s][info][gc,heap        ] GC(226) ParOldGen: 3863272K(4168192K)->3903040K(4168192K)
[27.740s][info][gc,metaspace   ] GC(226) Metaspace: 6303K(6528K)->6303K(6528K) NonClass: 5769K(5888K)->5769K(5888K) Class: 533K(640K)->533K(640K)
[27.740s][info][gc             ] GC(226) Pause Young (Allocation Failure) 3890M->3891M(4230M) 74.895ms
[27.740s][info][gc,cpu         ] GC(226) User=0.44s Sys=0.08s Real=0.08s
[27.782s][info][gc,start       ] GC(227) Pause Young (Allocation Failure)
[27.857s][info][gc,heap        ] GC(227) PSYoungGen: 123616K(163328K)->84192K(168448K) Eden: 41984K(41984K)->0K(45056K) From: 81632K(121344K)->84192K(123392K)
[27.857s][info][gc,heap        ] GC(227) ParOldGen: 3903040K(4168192K)->3942808K(4168192K)
[27.857s][info][gc,metaspace   ] GC(227) Metaspace: 6303K(6528K)->6303K(6528K) NonClass: 5769K(5888K)->5769K(5888K) Class: 533K(640K)->533K(640K)
[27.857s][info][gc             ] GC(227) Pause Young (Allocation Failure) 3932M->3932M(4235M) 75.064ms
[27.857s][info][gc,cpu         ] GC(227) User=0.41s Sys=0.09s Real=0.07s
[27.904s][info][gc,start       ] GC(228) Pause Young (Allocation Failure)
[27.981s][info][gc,heap        ] GC(228) PSYoungGen: 129248K(168448K)->87264K(170496K) Eden: 45056K(45056K)->0K(45056K) From: 84192K(123392K)->87264K(125440K)
[27.981s][info][gc,heap        ] GC(228) ParOldGen: 3942808K(4168192K)->3985168K(4168192K)
[27.981s][info][gc,metaspace   ] GC(228) Metaspace: 6303K(6528K)->6303K(6528K) NonClass: 5769K(5888K)->5769K(5888K) Class: 533K(640K)->533K(640K)
[27.981s][info][gc             ] GC(228) Pause Young (Allocation Failure) 3976M->3976M(4237M) 77.306ms
[27.982s][info][gc,cpu         ] GC(228) User=0.47s Sys=0.03s Real=0.08s
[28.038s][info][gc,start       ] GC(229) Pause Young (Allocation Failure)
[28.118s][info][gc,heap        ] GC(229) PSYoungGen: 132320K(170496K)->90368K(176128K) Eden: 45056K(45056K)->0K(48128K) From: 87264K(125440K)->90368K(128000K)
[28.118s][info][gc,heap        ] GC(229) ParOldGen: 3985168K(4168192K)->4027520K(4168192K)
[28.118s][info][gc,metaspace   ] GC(229) Metaspace: 6303K(6528K)->6303K(6528K) NonClass: 5769K(5888K)->5769K(5888K) Class: 533K(640K)->533K(640K)
[28.118s][info][gc             ] GC(229) Pause Young (Allocation Failure) 4020M->4021M(4242M) 80.529ms
[28.119s][info][gc,cpu         ] GC(229) User=0.42s Sys=0.09s Real=0.08s
[28.167s][info][gc,start       ] GC(230) Pause Young (Allocation Failure)
[28.250s][info][gc,heap        ] GC(230) PSYoungGen: 138496K(176128K)->93440K(178688K) Eden: 48128K(48128K)->0K(48128K) From: 90368K(128000K)->93440K(130560K)
[28.250s][info][gc,heap        ] GC(230) ParOldGen: 4027520K(4168192K)->4072976K(4168192K)
[28.250s][info][gc,metaspace   ] GC(230) Metaspace: 6303K(6528K)->6303K(6528K) NonClass: 5769K(5888K)->5769K(5888K) Class: 533K(640K)->533K(640K)
[28.250s][info][gc             ] GC(230) Pause Young (Allocation Failure) 4068M->4068M(4245M) 83.427ms
[28.250s][info][gc,cpu         ] GC(230) User=0.41s Sys=0.22s Real=0.08s
[28.299s][info][gc,start       ] GC(231) Pause Young (Allocation Failure)
[28.391s][info][gc,heap        ] GC(231) PSYoungGen: 141568K(178688K)->96512K(184832K) Eden: 48128K(48128K)->0K(51200K) From: 93440K(130560K)->96512K(133632K)
[28.391s][info][gc,heap        ] GC(231) ParOldGen: 4072976K(4168192K)->4118432K(4168192K)
[28.391s][info][gc,metaspace   ] GC(231) Metaspace: 6303K(6528K)->6303K(6528K) NonClass: 5769K(5888K)->5769K(5888K) Class: 533K(640K)->533K(640K)
[28.391s][info][gc             ] GC(231) Pause Young (Allocation Failure) 4115M->4116M(4251M) 92.197ms
[28.391s][info][gc,cpu         ] GC(231) User=0.39s Sys=0.25s Real=0.09s
[28.391s][info][gc,start       ] GC(232) Pause Full (Ergonomics)
[28.391s][info][gc,phases,start] GC(232) Marking Phase
[29.318s][info][gc,phases      ] GC(232) Marking Phase 927.406ms
[29.318s][info][gc,phases,start] GC(232) Summary Phase
[29.319s][info][gc,phases      ] GC(232) Summary Phase 0.062ms
[29.319s][info][gc,phases,start] GC(232) Adjust Roots
[29.319s][info][gc,phases      ] GC(232) Adjust Roots 0.175ms
[29.319s][info][gc,phases,start] GC(232) Compaction Phase
[29.711s][info][gc,phases      ] GC(232) Compaction Phase 392.249ms
[29.711s][info][gc,phases,start] GC(232) Post Compact
[29.719s][info][gc,phases      ] GC(232) Post Compact 7.512ms
[29.722s][info][gc,heap        ] GC(232) PSYoungGen: 96512K(184832K)->43554K(184832K) Eden: 0K(51200K)->0K(51200K) From: 96512K(133632K)->43554K(133632K)
[29.722s][info][gc,heap        ] GC(232) ParOldGen: 4118432K(4168192K)->4167884K(4581888K)
[29.722s][info][gc,metaspace   ] GC(232) Metaspace: 6303K(6528K)->6303K(6528K) NonClass: 5769K(5888K)->5769K(5888K) Class: 533K(640K)->533K(640K)
[29.722s][info][gc             ] GC(232) Pause Full (Ergonomics) 4116M->4112M(4655M) 1331.363ms
[29.722s][info][gc,cpu         ] GC(232) User=9.83s Sys=0.16s Real=1.33s
[29.776s][info][gc,start       ] GC(233) Pause Young (Allocation Failure)
[30.025s][info][gc,heap        ] GC(233) PSYoungGen: 94754K(184832K)->51360K(187904K) Eden: 51200K(51200K)->0K(51200K) From: 43554K(133632K)->51360K(136704K)
[30.025s][info][gc,heap        ] GC(233) ParOldGen: 4167884K(4581888K)->4211852K(4581888K)
[30.025s][info][gc,metaspace   ] GC(233) Metaspace: 6303K(6528K)->6303K(6528K) NonClass: 5769K(5888K)->5769K(5888K) Class: 533K(640K)->533K(640K)
[30.025s][info][gc             ] GC(233) Pause Young (Allocation Failure) 4162M->4163M(4658M) 248.642ms
[30.025s][info][gc,cpu         ] GC(233) User=1.61s Sys=0.12s Real=0.25s
[30.087s][info][gc,start       ] GC(234) Pause Young (Allocation Failure)
[30.165s][info][gc,heap        ] GC(234) PSYoungGen: 102560K(187904K)->51360K(185856K) Eden: 51200K(51200K)->0K(56832K) From: 51360K(136704K)->51360K(129024K)
[30.165s][info][gc,heap        ] GC(234) ParOldGen: 4211852K(4581888K)->4263508K(4581888K)
[30.165s][info][gc,metaspace   ] GC(234) Metaspace: 6303K(6528K)->6303K(6528K) NonClass: 5769K(5888K)->5769K(5888K) Class: 533K(640K)->533K(640K)
[30.165s][info][gc             ] GC(234) Pause Young (Allocation Failure) 4213M->4213M(4656M) 78.617ms
[30.165s][info][gc,cpu         ] GC(234) User=0.28s Sys=0.12s Real=0.08s
[30.234s][info][gc,start       ] GC(235) Pause Young (Allocation Failure)
[30.313s][info][gc,heap        ] GC(235) PSYoungGen: 108192K(185856K)->57056K(188416K) Eden: 56832K(56832K)->0K(56832K) From: 51360K(129024K)->57056K(131584K)
[30.313s][info][gc,heap        ] GC(235) ParOldGen: 4263508K(4581888K)->4315164K(4581888K)
[30.313s][info][gc,metaspace   ] GC(235) Metaspace: 6303K(6528K)->6303K(6528K) NonClass: 5769K(5888K)->5769K(5888K) Class: 533K(640K)->533K(640K)
[30.314s][info][gc             ] GC(235) Pause Young (Allocation Failure) 4269M->4269M(4658M) 79.592ms
[30.314s][info][gc,cpu         ] GC(235) User=0.27s Sys=0.25s Real=0.08s
[30.376s][info][gc,start       ] GC(236) Pause Young (Allocation Failure)
[30.461s][info][gc,heap        ] GC(236) PSYoungGen: 113888K(188416K)->57088K(183296K) Eden: 56832K(56832K)->0K(63488K) From: 57056K(131584K)->57088K(119808K)
[30.461s][info][gc,heap        ] GC(236) ParOldGen: 4315164K(4581888K)->4372508K(4581888K)
[30.461s][info][gc,metaspace   ] GC(236) Metaspace: 6303K(6528K)->6303K(6528K) NonClass: 5769K(5888K)->5769K(5888K) Class: 533K(640K)->533K(640K)
[30.461s][info][gc             ] GC(236) Pause Young (Allocation Failure) 4325M->4325M(4653M) 84.332ms
[30.461s][info][gc,cpu         ] GC(236) User=0.22s Sys=0.27s Real=0.08s
[30.525s][info][gc,start       ] GC(237) Pause Young (Allocation Failure)
[30.612s][info][gc,heap        ] GC(237) PSYoungGen: 120576K(183296K)->63680K(186880K) Eden: 63488K(63488K)->0K(63488K) From: 57088K(119808K)->63680K(123392K)
[30.612s][info][gc,heap        ] GC(237) ParOldGen: 4372508K(4581888K)->4429860K(4581888K)
[30.612s][info][gc,metaspace   ] GC(237) Metaspace: 6303K(6528K)->6303K(6528K) NonClass: 5769K(5888K)->5769K(5888K) Class: 533K(640K)->533K(640K)
[30.612s][info][gc             ] GC(237) Pause Young (Allocation Failure) 4387M->4388M(4657M) 87.492ms
[30.612s][info][gc,cpu         ] GC(237) User=0.38s Sys=0.27s Real=0.09s
[30.687s][info][gc,start       ] GC(238) Pause Young (Allocation Failure)
[30.782s][info][gc,heap        ] GC(238) PSYoungGen: 127168K(186880K)->63744K(179712K) Eden: 63488K(63488K)->0K(70656K) From: 63680K(123392K)->63744K(109056K)
[30.782s][info][gc,heap        ] GC(238) ParOldGen: 4429860K(4581888K)->4493916K(4581888K)
[30.782s][info][gc,metaspace   ] GC(238) Metaspace: 6303K(6528K)->6303K(6528K) NonClass: 5769K(5888K)->5769K(5888K) Class: 533K(640K)->533K(640K)
[30.782s][info][gc             ] GC(238) Pause Young (Allocation Failure) 4450M->4450M(4650M) 94.297ms
[30.782s][info][gc,cpu         ] GC(238) User=0.41s Sys=0.22s Real=0.09s
[30.867s][info][gc,start       ] GC(239) Pause Young (Allocation Failure)
[30.965s][info][gc,heap        ] GC(239) PSYoungGen: 134400K(179712K)->70944K(184320K) Eden: 70656K(70656K)->0K(70656K) From: 63744K(109056K)->70944K(113664K)
[30.965s][info][gc,heap        ] GC(239) ParOldGen: 4493916K(4581888K)->4557964K(4581888K)
[30.965s][info][gc,metaspace   ] GC(239) Metaspace: 6303K(6528K)->6303K(6528K) NonClass: 5769K(5888K)->5769K(5888K) Class: 533K(640K)->533K(640K)
[30.965s][info][gc             ] GC(239) Pause Young (Allocation Failure) 4519M->4520M(4654M) 98.239ms
[30.965s][info][gc,cpu         ] GC(239) User=0.42s Sys=0.22s Real=0.10s
[30.965s][info][gc,start       ] GC(240) Pause Full (Ergonomics)
[30.965s][info][gc,phases,start] GC(240) Marking Phase
[31.999s][info][gc,phases      ] GC(240) Marking Phase 1033.617ms
[31.999s][info][gc,phases,start] GC(240) Summary Phase
[31.999s][info][gc,phases      ] GC(240) Summary Phase 0.060ms
[31.999s][info][gc,phases,start] GC(240) Adjust Roots
[31.999s][info][gc,phases      ] GC(240) Adjust Roots 0.166ms
[31.999s][info][gc,phases,start] GC(240) Compaction Phase
[32.405s][info][gc,phases      ] GC(240) Compaction Phase 405.659ms
[32.405s][info][gc,phases,start] GC(240) Post Compact
[32.412s][info][gc,phases      ] GC(240) Post Compact 7.024ms
[32.415s][info][gc,heap        ] GC(240) PSYoungGen: 70944K(184320K)->43537K(184320K) Eden: 0K(70656K)->0K(70656K) From: 70944K(113664K)->43537K(113664K)
[32.415s][info][gc,heap        ] GC(240) ParOldGen: 4557964K(4581888K)->4581377K(5051392K)
[32.415s][info][gc,metaspace   ] GC(240) Metaspace: 6303K(6528K)->6303K(6528K) NonClass: 5769K(5888K)->5769K(5888K) Class: 533K(640K)->533K(640K)
[32.415s][info][gc             ] GC(240) Pause Full (Ergonomics) 4520M->4516M(5113M) 1449.903ms
[32.415s][info][gc,cpu         ] GC(240) User=10.95s Sys=0.08s Real=1.45s
[32.494s][info][gc,start       ] GC(241) Pause Young (Allocation Failure)
[32.776s][info][gc,heap        ] GC(241) PSYoungGen: 114193K(184320K)->70880K(181248K) Eden: 70656K(70656K)->0K(77312K) From: 43537K(113664K)->70880K(103936K)
[32.776s][info][gc,heap        ] GC(241) ParOldGen: 4581377K(5051392K)->4625337K(5051392K)
[32.776s][info][gc,metaspace   ] GC(241) Metaspace: 6303K(6528K)->6303K(6528K) NonClass: 5769K(5888K)->5769K(5888K) Class: 533K(640K)->533K(640K)
[32.776s][info][gc             ] GC(241) Pause Young (Allocation Failure) 4585M->4586M(5110M) 281.723ms
[32.776s][info][gc,cpu         ] GC(241) User=1.75s Sys=0.14s Real=0.28s
[32.868s][info][gc,start       ] GC(242) Pause Young (Allocation Failure)
[32.963s][info][gc,heap        ] GC(242) PSYoungGen: 148192K(181248K)->108032K(185344K) Eden: 77312K(77312K)->0K(77312K) From: 70880K(103936K)->108032K(108032K)
[32.963s][info][gc,heap        ] GC(242) ParOldGen: 4625337K(5051392K)->4665817K(5051392K)
[32.963s][info][gc,metaspace   ] GC(242) Metaspace: 6303K(6528K)->6303K(6528K) NonClass: 5769K(5888K)->5769K(5888K) Class: 533K(640K)->533K(640K)
[32.963s][info][gc             ] GC(242) Pause Young (Allocation Failure) 4661M->4661M(5114M) 94.711ms
[32.963s][info][gc,cpu         ] GC(242) User=0.48s Sys=0.16s Real=0.10s
[33.051s][info][gc,start       ] GC(243) Pause Young (Allocation Failure)
[33.194s][info][gc,heap        ] GC(243) PSYoungGen: 185344K(185344K)->77536K(210432K) Eden: 77312K(77312K)->0K(85504K) From: 108032K(108032K)->77536K(124928K)
[33.194s][info][gc,heap        ] GC(243) ParOldGen: 4665817K(5051392K)->4774625K(5051392K)
[33.194s][info][gc,metaspace   ] GC(243) Metaspace: 6303K(6528K)->6303K(6528K) NonClass: 5769K(5888K)->5769K(5888K) Class: 533K(640K)->533K(640K)
[33.194s][info][gc             ] GC(243) Pause Young (Allocation Failure) 4737M->4738M(5138M) 142.723ms
[33.194s][info][gc,cpu         ] GC(243) User=0.69s Sys=0.33s Real=0.14s
[33.284s][info][gc,start       ] GC(244) Pause Young (Allocation Failure)
[33.406s][info][gc,heap        ] GC(244) PSYoungGen: 163040K(210432K)->85792K(214528K) Eden: 85504K(85504K)->0K(85504K) From: 77536K(124928K)->85792K(129024K)
[33.406s][info][gc,heap        ] GC(244) ParOldGen: 4774625K(5051392K)->4852633K(5051392K)
[33.406s][info][gc,metaspace   ] GC(244) Metaspace: 6303K(6528K)->6303K(6528K) NonClass: 5769K(5888K)->5769K(5888K) Class: 533K(640K)->533K(640K)
[33.406s][info][gc             ] GC(244) Pause Young (Allocation Failure) 4821M->4822M(5142M) 122.405ms
[33.406s][info][gc,cpu         ] GC(244) User=0.67s Sys=0.22s Real=0.12s
[33.498s][info][gc,start       ] GC(245) Pause Young (Allocation Failure)
[33.626s][info][gc,heap        ] GC(245) PSYoungGen: 171296K(214528K)->85792K(219136K) Eden: 85504K(85504K)->0K(95232K) From: 85792K(129024K)->85792K(123904K)
[33.626s][info][gc,heap        ] GC(245) ParOldGen: 4852633K(5051392K)->4938913K(5051392K)
[33.626s][info][gc,metaspace   ] GC(245) Metaspace: 6303K(6528K)->6303K(6528K) NonClass: 5769K(5888K)->5769K(5888K) Class: 533K(640K)->533K(640K)
[33.626s][info][gc             ] GC(245) Pause Young (Allocation Failure) 4906M->4906M(5147M) 127.346ms
[33.626s][info][gc,cpu         ] GC(245) User=0.64s Sys=0.23s Real=0.13s
[33.737s][info][gc,start       ] GC(246) Pause Young (Allocation Failure)
[33.868s][info][gc,heap        ] GC(246) PSYoungGen: 181024K(219136K)->95520K(220672K) Eden: 95232K(95232K)->0K(95232K) From: 85792K(123904K)->95520K(125440K)
[33.868s][info][gc,heap        ] GC(246) ParOldGen: 4938913K(5051392K)->5025201K(5051392K)
[33.868s][info][gc,metaspace   ] GC(246) Metaspace: 6303K(6528K)->6303K(6528K) NonClass: 5769K(5888K)->5769K(5888K) Class: 533K(640K)->533K(640K)
[33.868s][info][gc             ] GC(246) Pause Young (Allocation Failure) 4999M->5000M(5148M) 131.838ms
[33.868s][info][gc,cpu         ] GC(246) User=0.58s Sys=0.31s Real=0.13s
[33.868s][info][gc,start       ] GC(247) Pause Full (Ergonomics)
[33.868s][info][gc,phases,start] GC(247) Marking Phase
[34.998s][info][gc,phases      ] GC(247) Marking Phase 1129.309ms
[34.998s][info][gc,phases,start] GC(247) Summary Phase
[34.998s][info][gc,phases      ] GC(247) Summary Phase 0.068ms
[34.998s][info][gc,phases,start] GC(247) Adjust Roots
[34.998s][info][gc,phases      ] GC(247) Adjust Roots 0.193ms
[34.998s][info][gc,phases,start] GC(247) Compaction Phase
[35.443s][info][gc,phases      ] GC(247) Compaction Phase 445.051ms
[35.443s][info][gc,phases,start] GC(247) Post Compact
[35.451s][info][gc,phases      ] GC(247) Post Compact 7.385ms
[35.454s][info][gc,heap        ] GC(247) PSYoungGen: 95520K(220672K)->65046K(220672K) Eden: 0K(95232K)->0K(95232K) From: 95520K(125440K)->65046K(125440K)
[35.454s][info][gc,heap        ] GC(247) ParOldGen: 5025201K(5051392K)->5051206K(5529600K)
[35.455s][info][gc,metaspace   ] GC(247) Metaspace: 6303K(6528K)->6303K(6528K) NonClass: 5769K(5888K)->5769K(5888K) Class: 533K(640K)->533K(640K)
[35.455s][info][gc             ] GC(247) Pause Full (Ergonomics) 5000M->4996M(5615M) 1586.054ms
[35.455s][info][gc,cpu         ] GC(247) User=11.91s Sys=0.05s Real=1.59s
[35.563s][info][gc,start       ] GC(248) Pause Young (Allocation Failure)
[35.898s][info][gc,heap        ] GC(248) PSYoungGen: 160278K(220672K)->95552K(231936K) Eden: 95232K(95232K)->0K(104448K) From: 65046K(125440K)->95552K(127488K)
[35.898s][info][gc,heap        ] GC(248) ParOldGen: 5051206K(5529600K)->5116894K(5529600K)
[35.898s][info][gc,metaspace   ] GC(248) Metaspace: 6303K(6528K)->6303K(6528K) NonClass: 5769K(5888K)->5769K(5888K) Class: 533K(640K)->533K(640K)
[35.898s][info][gc             ] GC(248) Pause Young (Allocation Failure) 5089M->5090M(5626M) 334.803ms
[35.898s][info][gc,cpu         ] GC(248) User=1.89s Sys=0.23s Real=0.34s
[36.022s][info][gc,start       ] GC(249) Pause Young (Allocation Failure)
[36.163s][info][gc,heap        ] GC(249) PSYoungGen: 200000K(231936K)->128512K(232960K) Eden: 104448K(104448K)->0K(104448K) From: 95552K(127488K)->128512K(128512K)
[36.163s][info][gc,heap        ] GC(249) ParOldGen: 5116894K(5529600K)->5188934K(5529600K)
[36.163s][info][gc,metaspace   ] GC(249) Metaspace: 6303K(6528K)->6303K(6528K) NonClass: 5769K(5888K)->5769K(5888K) Class: 533K(640K)->533K(640K)
[36.163s][info][gc             ] GC(249) Pause Young (Allocation Failure) 5192M->5192M(5627M) 141.594ms
[36.163s][info][gc,cpu         ] GC(249) User=0.77s Sys=0.23s Real=0.14s
[36.278s][info][gc,start       ] GC(250) Pause Young (Allocation Failure)
[36.462s][info][gc,heap        ] GC(250) PSYoungGen: 232960K(232960K)->104800K(277504K) Eden: 104448K(104448K)->0K(115200K) From: 128512K(128512K)->104800K(162304K)
[36.462s][info][gc,heap        ] GC(250) ParOldGen: 5188934K(5529600K)->5318390K(5529600K)
[36.462s][info][gc,metaspace   ] GC(250) Metaspace: 6303K(6528K)->6303K(6528K) NonClass: 5769K(5888K)->5769K(5888K) Class: 533K(640K)->533K(640K)
[36.462s][info][gc             ] GC(250) Pause Young (Allocation Failure) 5294M->5296M(5671M) 183.910ms
[36.462s][info][gc,cpu         ] GC(250) User=0.92s Sys=0.41s Real=0.19s
[36.601s][info][gc,start       ] GC(251) Pause Young (Allocation Failure)
[36.761s][info][gc,heap        ] GC(251) PSYoungGen: 220000K(277504K)->115552K(280064K) Eden: 115200K(115200K)->0K(115200K) From: 104800K(162304K)->115552K(164864K)
[36.761s][info][gc,heap        ] GC(251) ParOldGen: 5318390K(5529600K)->5423806K(5529600K)
[36.761s][info][gc,metaspace   ] GC(251) Metaspace: 6303K(6528K)->6303K(6528K) NonClass: 5769K(5888K)->5769K(5888K) Class: 533K(640K)->533K(640K)
[36.761s][info][gc             ] GC(251) Pause Young (Allocation Failure) 5408M->5409M(5673M) 160.701ms
[36.761s][info][gc,cpu         ] GC(251) User=0.70s Sys=0.44s Real=0.16s
[36.761s][info][gc,start       ] GC(252) Pause Full (Ergonomics)
[36.761s][info][gc,phases,start] GC(252) Marking Phase
[37.983s][info][gc,phases      ] GC(252) Marking Phase 1221.271ms
[37.983s][info][gc,phases,start] GC(252) Summary Phase
[37.983s][info][gc,phases      ] GC(252) Summary Phase 0.064ms
[37.983s][info][gc,phases,start] GC(252) Adjust Roots
[37.983s][info][gc,phases      ] GC(252) Adjust Roots 0.179ms
[37.983s][info][gc,phases,start] GC(252) Compaction Phase
[38.478s][info][gc,phases      ] GC(252) Compaction Phase 494.844ms
[38.478s][info][gc,phases,start] GC(252) Post Compact
[38.486s][info][gc,phases      ] GC(252) Post Compact 8.252ms
[38.486s][info][gc,heap        ] GC(252) PSYoungGen: 115552K(280064K)->6338K(280064K) Eden: 0K(115200K)->0K(115200K) From: 115552K(164864K)->6338K(164864K)
[38.486s][info][gc,heap        ] GC(252) ParOldGen: 5423806K(5529600K)->5529113K(5529600K)
[38.486s][info][gc,metaspace   ] GC(252) Metaspace: 6303K(6528K)->6303K(6528K) NonClass: 5769K(5888K)->5769K(5888K) Class: 533K(640K)->533K(640K)
[38.486s][info][gc             ] GC(252) Pause Full (Ergonomics) 5409M->5405M(5673M) 1724.918ms
[38.486s][info][gc,cpu         ] GC(252) User=12.88s Sys=0.22s Real=1.72s
[38.613s][info][gc,start       ] GC(253) Pause Full (Ergonomics)
[38.613s][info][gc,phases,start] GC(253) Marking Phase
[39.852s][info][gc,phases      ] GC(253) Marking Phase 1238.507ms
[39.852s][info][gc,phases,start] GC(253) Summary Phase
[39.852s][info][gc,phases      ] GC(253) Summary Phase 0.061ms
[39.852s][info][gc,phases,start] GC(253) Adjust Roots
[39.852s][info][gc,phases      ] GC(253) Adjust Roots 0.171ms
[39.852s][info][gc,phases,start] GC(253) Compaction Phase
[40.237s][info][gc,phases      ] GC(253) Compaction Phase 384.667ms
[40.237s][info][gc,phases,start] GC(253) Post Compact
[40.244s][info][gc,phases      ] GC(253) Post Compact 7.237ms
[40.244s][info][gc,heap        ] GC(253) PSYoungGen: 121538K(280064K)->121504K(280064K) Eden: 115200K(115200K)->115166K(115200K) From: 6338K(164864K)->6338K(164864K)
[40.244s][info][gc,heap        ] GC(253) ParOldGen: 5529113K(5529600K)->5529113K(5529600K)
[40.244s][info][gc,metaspace   ] GC(253) Metaspace: 6303K(6528K)->6303K(6528K) NonClass: 5769K(5888K)->5769K(5888K) Class: 533K(640K)->533K(640K)
[40.244s][info][gc             ] GC(253) Pause Full (Ergonomics) 5518M->5518M(5673M) 1630.993ms
[40.244s][info][gc,cpu         ] GC(253) User=12.48s Sys=0.02s Real=1.63s
[40.244s][info][gc,start       ] GC(254) Pause Full (Ergonomics)
[40.245s][info][gc,phases,start] GC(254) Marking Phase
[41.513s][info][gc,phases      ] GC(254) Marking Phase 1268.076ms
[41.513s][info][gc,phases,start] GC(254) Summary Phase
[41.513s][info][gc,phases      ] GC(254) Summary Phase 0.101ms
[41.513s][info][gc,phases,start] GC(254) Adjust Roots
[41.513s][info][gc,phases      ] GC(254) Adjust Roots 0.195ms
[41.513s][info][gc,phases,start] GC(254) Compaction Phase
[41.870s][info][gc,phases      ] GC(254) Compaction Phase 356.948ms
[41.870s][info][gc,phases,start] GC(254) Post Compact
[41.877s][info][gc,phases      ] GC(254) Post Compact 7.083ms
[41.877s][info][gc,heap        ] GC(254) PSYoungGen: 121538K(280064K)->121537K(280064K) Eden: 115200K(115200K)->115199K(115200K) From: 6338K(164864K)->6338K(164864K)
[41.877s][info][gc,heap        ] GC(254) ParOldGen: 5529113K(5529600K)->5529113K(5529600K)
[41.877s][info][gc,metaspace   ] GC(254) Metaspace: 6303K(6528K)->6303K(6528K) NonClass: 5769K(5888K)->5769K(5888K) Class: 533K(640K)->533K(640K)
[41.877s][info][gc             ] GC(254) Pause Full (Ergonomics) 5518M->5518M(5673M) 1632.750ms
[41.877s][info][gc,cpu         ] GC(254) User=12.58s Sys=0.00s Real=1.63s
[41.877s][info][gc,start       ] GC(255) Pause Full (Ergonomics)
[41.877s][info][gc,phases,start] GC(255) Marking Phase
[43.142s][info][gc,phases      ] GC(255) Marking Phase 1264.792ms
[43.142s][info][gc,phases,start] GC(255) Summary Phase
[43.142s][info][gc,phases      ] GC(255) Summary Phase 0.059ms
[43.142s][info][gc,phases,start] GC(255) Adjust Roots
[43.143s][info][gc,phases      ] GC(255) Adjust Roots 0.165ms
[43.143s][info][gc,phases,start] GC(255) Compaction Phase
[43.496s][info][gc,phases      ] GC(255) Compaction Phase 353.298ms
[43.496s][info][gc,phases,start] GC(255) Post Compact
[43.504s][info][gc,phases      ] GC(255) Post Compact 8.196ms
[43.504s][info][gc,heap        ] GC(255) PSYoungGen: 121538K(280064K)->121538K(280064K) Eden: 115199K(115200K)->115199K(115200K) From: 6338K(164864K)->6338K(164864K)
[43.504s][info][gc,heap        ] GC(255) ParOldGen: 5529113K(5529600K)->5529113K(5529600K)
[43.504s][info][gc,metaspace   ] GC(255) Metaspace: 6303K(6528K)->6303K(6528K) NonClass: 5769K(5888K)->5769K(5888K) Class: 533K(640K)->533K(640K)
[43.504s][info][gc             ] GC(255) Pause Full (Ergonomics) 5518M->5518M(5673M) 1626.850ms
[43.504s][info][gc,cpu         ] GC(255) User=12.47s Sys=0.00s Real=1.63s
[43.504s][info][gc,start       ] GC(256) Pause Full (Ergonomics)
[43.504s][info][gc,phases,start] GC(256) Marking Phase
[44.746s][info][gc,phases      ] GC(256) Marking Phase 1241.688ms
[44.746s][info][gc,phases,start] GC(256) Summary Phase
[44.746s][info][gc,phases      ] GC(256) Summary Phase 0.059ms
[44.746s][info][gc,phases,start] GC(256) Adjust Roots
[44.746s][info][gc,phases      ] GC(256) Adjust Roots 0.164ms
[44.746s][info][gc,phases,start] GC(256) Compaction Phase
[45.096s][info][gc,phases      ] GC(256) Compaction Phase 349.249ms
[45.096s][info][gc,phases,start] GC(256) Post Compact
[45.104s][info][gc,phases      ] GC(256) Post Compact 7.809ms
[45.104s][info][gc,heap        ] GC(256) PSYoungGen: 121538K(280064K)->121538K(280064K) Eden: 115200K(115200K)->115200K(115200K) From: 6338K(164864K)->6338K(164864K)
[45.104s][info][gc,heap        ] GC(256) ParOldGen: 5529118K(5529600K)->5529118K(5529600K)
[45.104s][info][gc,metaspace   ] GC(256) Metaspace: 6303K(6528K)->6303K(6528K) NonClass: 5769K(5888K)->5769K(5888K) Class: 533K(640K)->533K(640K)
[45.104s][info][gc             ] GC(256) Pause Full (Ergonomics) 5518M->5518M(5673M) 1599.293ms
[45.104s][info][gc,cpu         ] GC(256) User=12.33s Sys=0.00s Real=1.60s
[45.104s][info][gc,start       ] GC(257) Pause Full (Ergonomics)
[45.104s][info][gc,phases,start] GC(257) Marking Phase
[46.359s][info][gc,phases      ] GC(257) Marking Phase 1255.175ms
[46.359s][info][gc,phases,start] GC(257) Summary Phase
[46.359s][info][gc,phases      ] GC(257) Summary Phase 0.065ms
[46.359s][info][gc,phases,start] GC(257) Adjust Roots
[46.359s][info][gc,phases      ] GC(257) Adjust Roots 0.200ms
[46.360s][info][gc,phases,start] GC(257) Compaction Phase
[46.714s][info][gc,phases      ] GC(257) Compaction Phase 354.852ms
[46.714s][info][gc,phases,start] GC(257) Post Compact
[46.722s][info][gc,phases      ] GC(257) Post Compact 7.110ms
[46.722s][info][gc,heap        ] GC(257) PSYoungGen: 121538K(280064K)->121538K(280064K) Eden: 115200K(115200K)->115200K(115200K) From: 6338K(164864K)->6338K(164864K)
[46.722s][info][gc,heap        ] GC(257) ParOldGen: 5529123K(5529600K)->5529123K(5529600K)
[46.722s][info][gc,metaspace   ] GC(257) Metaspace: 6303K(6528K)->6303K(6528K) NonClass: 5769K(5888K)->5769K(5888K) Class: 533K(640K)->533K(640K)
[46.722s][info][gc             ] GC(257) Pause Full (Ergonomics) 5518M->5518M(5673M) 1617.734ms
[46.722s][info][gc,cpu         ] GC(257) User=12.50s Sys=0.00s Real=1.62s
[46.722s][info][gc,start       ] GC(258) Pause Full (Ergonomics)
[46.722s][info][gc,phases,start] GC(258) Marking Phase
[48.002s][info][gc,phases      ] GC(258) Marking Phase 1280.273ms
[48.002s][info][gc,phases,start] GC(258) Summary Phase
[48.002s][info][gc,phases      ] GC(258) Summary Phase 0.061ms
[48.002s][info][gc,phases,start] GC(258) Adjust Roots
[48.002s][info][gc,phases      ] GC(258) Adjust Roots 0.168ms
[48.003s][info][gc,phases,start] GC(258) Compaction Phase
[48.361s][info][gc,phases      ] GC(258) Compaction Phase 358.691ms
[48.361s][info][gc,phases,start] GC(258) Post Compact
[48.368s][info][gc,phases      ] GC(258) Post Compact 7.014ms
[48.368s][info][gc,heap        ] GC(258) PSYoungGen: 121538K(280064K)->121538K(280064K) Eden: 115200K(115200K)->115200K(115200K) From: 6338K(164864K)->6338K(164864K)
[48.368s][info][gc,heap        ] GC(258) ParOldGen: 5529127K(5529600K)->5529127K(5529600K)
[48.368s][info][gc,metaspace   ] GC(258) Metaspace: 6303K(6528K)->6303K(6528K) NonClass: 5769K(5888K)->5769K(5888K) Class: 533K(640K)->533K(640K)
[48.368s][info][gc             ] GC(258) Pause Full (Ergonomics) 5518M->5518M(5673M) 1646.522ms
[48.368s][info][gc,cpu         ] GC(258) User=12.47s Sys=0.03s Real=1.65s
[48.369s][info][gc,start       ] GC(259) Pause Full (Ergonomics)
[48.369s][info][gc,phases,start] GC(259) Marking Phase
[49.644s][info][gc,phases      ] GC(259) Marking Phase 1275.705ms
[49.644s][info][gc,phases,start] GC(259) Summary Phase
[49.644s][info][gc,phases      ] GC(259) Summary Phase 0.065ms
[49.644s][info][gc,phases,start] GC(259) Adjust Roots
[49.645s][info][gc,phases      ] GC(259) Adjust Roots 0.197ms
[49.645s][info][gc,phases,start] GC(259) Compaction Phase
[50.001s][info][gc,phases      ] GC(259) Compaction Phase 356.288ms
[50.001s][info][gc,phases,start] GC(259) Post Compact
[50.008s][info][gc,phases      ] GC(259) Post Compact 7.396ms
[50.009s][info][gc,heap        ] GC(259) PSYoungGen: 121538K(280064K)->121538K(280064K) Eden: 115200K(115200K)->115200K(115200K) From: 6338K(164864K)->6338K(164864K)
[50.009s][info][gc,heap        ] GC(259) ParOldGen: 5529132K(5529600K)->5529132K(5529600K)
[50.009s][info][gc,metaspace   ] GC(259) Metaspace: 6303K(6528K)->6303K(6528K) NonClass: 5769K(5888K)->5769K(5888K) Class: 533K(640K)->533K(640K)
[50.009s][info][gc             ] GC(259) Pause Full (Ergonomics) 5518M->5518M(5673M) 1639.974ms
[50.009s][info][gc,cpu         ] GC(259) User=12.62s Sys=0.00s Real=1.64s
[50.009s][info][gc,start       ] GC(260) Pause Full (Ergonomics)
[50.009s][info][gc,phases,start] GC(260) Marking Phase
[51.285s][info][gc,phases      ] GC(260) Marking Phase 1276.373ms
[51.285s][info][gc,phases,start] GC(260) Summary Phase
[51.285s][info][gc,phases      ] GC(260) Summary Phase 0.061ms
[51.285s][info][gc,phases,start] GC(260) Adjust Roots
[51.285s][info][gc,phases      ] GC(260) Adjust Roots 0.169ms
[51.286s][info][gc,phases,start] GC(260) Compaction Phase
[51.636s][info][gc,phases      ] GC(260) Compaction Phase 350.350ms
[51.636s][info][gc,phases,start] GC(260) Post Compact
[51.643s][info][gc,phases      ] GC(260) Post Compact 7.357ms
[51.643s][info][gc,heap        ] GC(260) PSYoungGen: 121538K(280064K)->121538K(280064K) Eden: 115200K(115200K)->115200K(115200K) From: 6338K(164864K)->6338K(164864K)
[51.643s][info][gc,heap        ] GC(260) ParOldGen: 5529137K(5529600K)->5529137K(5529600K)
[51.643s][info][gc,metaspace   ] GC(260) Metaspace: 6303K(6528K)->6303K(6528K) NonClass: 5769K(5888K)->5769K(5888K) Class: 533K(640K)->533K(640K)
[51.643s][info][gc             ] GC(260) Pause Full (Ergonomics) 5518M->5518M(5673M) 1634.722ms
[51.644s][info][gc,cpu         ] GC(260) User=12.67s Sys=0.00s Real=1.63s
[51.644s][info][gc,start       ] GC(261) Pause Full (Ergonomics)
[51.644s][info][gc,phases,start] GC(261) Marking Phase
[52.920s][info][gc,phases      ] GC(261) Marking Phase 1276.083ms
[52.920s][info][gc,phases,start] GC(261) Summary Phase
[52.920s][info][gc,phases      ] GC(261) Summary Phase 0.059ms
[52.920s][info][gc,phases,start] GC(261) Adjust Roots
[52.920s][info][gc,phases      ] GC(261) Adjust Roots 0.163ms
[52.920s][info][gc,phases,start] GC(261) Compaction Phase
[53.295s][info][gc,phases      ] GC(261) Compaction Phase 374.869ms
[53.295s][info][gc,phases,start] GC(261) Post Compact
[53.303s][info][gc,phases      ] GC(261) Post Compact 8.113ms
[53.303s][info][gc,heap        ] GC(261) PSYoungGen: 121538K(280064K)->121538K(280064K) Eden: 115200K(115200K)->115200K(115200K) From: 6338K(164864K)->6338K(164864K)
[53.303s][info][gc,heap        ] GC(261) ParOldGen: 5529142K(5529600K)->5529142K(5529600K)
[53.303s][info][gc,metaspace   ] GC(261) Metaspace: 6303K(6528K)->6303K(6528K) NonClass: 5769K(5888K)->5769K(5888K) Class: 533K(640K)->533K(640K)
[53.303s][info][gc             ] GC(261) Pause Full (Ergonomics) 5518M->5518M(5673M) 1659.588ms
[53.303s][info][gc,cpu         ] GC(261) User=12.64s Sys=0.00s Real=1.66s
[53.303s][info][gc,start       ] GC(262) Pause Full (Ergonomics)
[53.304s][info][gc,phases,start] GC(262) Marking Phase
[54.568s][info][gc,phases      ] GC(262) Marking Phase 1264.860ms
[54.568s][info][gc,phases,start] GC(262) Summary Phase
[54.569s][info][gc,phases      ] GC(262) Summary Phase 0.061ms
[54.569s][info][gc,phases,start] GC(262) Adjust Roots
[54.569s][info][gc,phases      ] GC(262) Adjust Roots 0.174ms
[54.569s][info][gc,phases,start] GC(262) Compaction Phase
[54.937s][info][gc,phases      ] GC(262) Compaction Phase 368.074ms
[54.937s][info][gc,phases,start] GC(262) Post Compact
[54.945s][info][gc,phases      ] GC(262) Post Compact 8.349ms
[54.945s][info][gc,heap        ] GC(262) PSYoungGen: 121538K(280064K)->121538K(280064K) Eden: 115200K(115200K)->115200K(115200K) From: 6338K(164864K)->6338K(164864K)
[54.945s][info][gc,heap        ] GC(262) ParOldGen: 5529147K(5529600K)->5529147K(5529600K)
[54.945s][info][gc,metaspace   ] GC(262) Metaspace: 6303K(6528K)->6303K(6528K) NonClass: 5769K(5888K)->5769K(5888K) Class: 533K(640K)->533K(640K)
[54.945s][info][gc             ] GC(262) Pause Full (Ergonomics) 5518M->5518M(5673M) 1641.900ms
[54.945s][info][gc,cpu         ] GC(262) User=12.62s Sys=0.00s Real=1.64s
[54.946s][info][gc,start       ] GC(263) Pause Full (Ergonomics)
[54.946s][info][gc,phases,start] GC(263) Marking Phase
[56.186s][info][gc,phases      ] GC(263) Marking Phase 1240.744ms
[56.186s][info][gc,phases,start] GC(263) Summary Phase
[56.187s][info][gc,phases      ] GC(263) Summary Phase 0.058ms
[56.187s][info][gc,phases,start] GC(263) Adjust Roots
[56.187s][info][gc,phases      ] GC(263) Adjust Roots 0.189ms
[56.187s][info][gc,phases,start] GC(263) Compaction Phase
[56.546s][info][gc,phases      ] GC(263) Compaction Phase 359.418ms
[56.546s][info][gc,phases,start] GC(263) Post Compact
[56.554s][info][gc,phases      ] GC(263) Post Compact 7.764ms
[56.554s][info][gc,heap        ] GC(263) PSYoungGen: 121538K(280064K)->121538K(280064K) Eden: 115200K(115200K)->115200K(115200K) From: 6338K(164864K)->6338K(164864K)
[56.554s][info][gc,heap        ] GC(263) ParOldGen: 5529152K(5529600K)->5529152K(5529600K)
[56.554s][info][gc,metaspace   ] GC(263) Metaspace: 6303K(6528K)->6303K(6528K) NonClass: 5769K(5888K)->5769K(5888K) Class: 533K(640K)->533K(640K)
[56.554s][info][gc             ] GC(263) Pause Full (Ergonomics) 5518M->5518M(5673M) 1608.534ms
[56.554s][info][gc,cpu         ] GC(263) User=12.20s Sys=0.00s Real=1.61s
[56.554s][info][gc,start       ] GC(264) Pause Full (Ergonomics)
[56.554s][info][gc,phases,start] GC(264) Marking Phase
[57.793s][info][gc,phases      ] GC(264) Marking Phase 1238.200ms
[57.793s][info][gc,phases,start] GC(264) Summary Phase
[57.793s][info][gc,phases      ] GC(264) Summary Phase 0.059ms
[57.793s][info][gc,phases,start] GC(264) Adjust Roots
[57.793s][info][gc,phases      ] GC(264) Adjust Roots 0.164ms
[57.793s][info][gc,phases,start] GC(264) Compaction Phase
[58.152s][info][gc,phases      ] GC(264) Compaction Phase 359.575ms
[58.153s][info][gc,phases,start] GC(264) Post Compact
[58.160s][info][gc,phases      ] GC(264) Post Compact 7.499ms
[58.160s][info][gc,heap        ] GC(264) PSYoungGen: 121538K(280064K)->121538K(280064K) Eden: 115200K(115200K)->115200K(115200K) From: 6338K(164864K)->6338K(164864K)
[58.160s][info][gc,heap        ] GC(264) ParOldGen: 5529156K(5529600K)->5529156K(5529600K)
[58.160s][info][gc,metaspace   ] GC(264) Metaspace: 6303K(6528K)->6303K(6528K) NonClass: 5769K(5888K)->5769K(5888K) Class: 533K(640K)->533K(640K)
[58.160s][info][gc             ] GC(264) Pause Full (Ergonomics) 5518M->5518M(5673M) 1605.810ms
[58.160s][info][gc,cpu         ] GC(264) User=12.25s Sys=0.02s Real=1.61s
[58.160s][info][gc,start       ] GC(265) Pause Full (Ergonomics)
[58.160s][info][gc,phases,start] GC(265) Marking Phase
[59.420s][info][gc,phases      ] GC(265) Marking Phase 1259.452ms
[59.420s][info][gc,phases,start] GC(265) Summary Phase
[59.420s][info][gc,phases      ] GC(265) Summary Phase 0.062ms
[59.420s][info][gc,phases,start] GC(265) Adjust Roots
[59.420s][info][gc,phases      ] GC(265) Adjust Roots 0.181ms
[59.420s][info][gc,phases,start] GC(265) Compaction Phase
[59.783s][info][gc,phases      ] GC(265) Compaction Phase 362.669ms
[59.783s][info][gc,phases,start] GC(265) Post Compact
[59.790s][info][gc,phases      ] GC(265) Post Compact 7.158ms
[59.790s][info][gc,heap        ] GC(265) PSYoungGen: 121538K(280064K)->121538K(280064K) Eden: 115200K(115200K)->115200K(115200K) From: 6338K(164864K)->6338K(164864K)
[59.790s][info][gc,heap        ] GC(265) ParOldGen: 5529161K(5529600K)->5529161K(5529600K)
[59.790s][info][gc,metaspace   ] GC(265) Metaspace: 6303K(6528K)->6303K(6528K) NonClass: 5769K(5888K)->5769K(5888K) Class: 533K(640K)->533K(640K)
[59.790s][info][gc             ] GC(265) Pause Full (Ergonomics) 5518M->5518M(5673M) 1629.839ms
[59.790s][info][gc,cpu         ] GC(265) User=12.56s Sys=0.00s Real=1.63s
[59.790s][info][gc,start       ] GC(266) Pause Full (Ergonomics)
[59.790s][info][gc,phases,start] GC(266) Marking Phase
[61.045s][info][gc,phases      ] GC(266) Marking Phase 1254.473ms
[61.045s][info][gc,phases,start] GC(266) Summary Phase
[61.045s][info][gc,phases      ] GC(266) Summary Phase 0.058ms
[61.045s][info][gc,phases,start] GC(266) Adjust Roots
[61.045s][info][gc,phases      ] GC(266) Adjust Roots 0.183ms
[61.045s][info][gc,phases,start] GC(266) Compaction Phase
[61.401s][info][gc,phases      ] GC(266) Compaction Phase 355.952ms
[61.401s][info][gc,phases,start] GC(266) Post Compact
[61.408s][info][gc,phases      ] GC(266) Post Compact 7.174ms
[61.409s][info][gc,heap        ] GC(266) PSYoungGen: 121538K(280064K)->121538K(280064K) Eden: 115200K(115200K)->115200K(115200K) From: 6338K(164864K)->6338K(164864K)
[61.409s][info][gc,heap        ] GC(266) ParOldGen: 5529166K(5529600K)->5529166K(5529600K)
[61.409s][info][gc,metaspace   ] GC(266) Metaspace: 6303K(6528K)->6303K(6528K) NonClass: 5769K(5888K)->5769K(5888K) Class: 533K(640K)->533K(640K)
[61.409s][info][gc             ] GC(266) Pause Full (Ergonomics) 5518M->5518M(5673M) 1618.155ms
[61.409s][info][gc,cpu         ] GC(266) User=12.23s Sys=0.02s Real=1.62s
[61.409s][info][gc,start       ] GC(267) Pause Full (Ergonomics)
[61.409s][info][gc,phases,start] GC(267) Marking Phase
[62.678s][info][gc,phases      ] GC(267) Marking Phase 1269.044ms
[62.678s][info][gc,phases,start] GC(267) Summary Phase
[62.678s][info][gc,phases      ] GC(267) Summary Phase 0.067ms
[62.678s][info][gc,phases,start] GC(267) Adjust Roots
[62.678s][info][gc,phases      ] GC(267) Adjust Roots 0.188ms
[62.678s][info][gc,phases,start] GC(267) Compaction Phase
[63.043s][info][gc,phases      ] GC(267) Compaction Phase 365.056ms
[63.043s][info][gc,phases,start] GC(267) Post Compact
[63.051s][info][gc,phases      ] GC(267) Post Compact 7.469ms
[63.051s][info][gc,heap        ] GC(267) PSYoungGen: 121538K(280064K)->121538K(280064K) Eden: 115200K(115200K)->115200K(115200K) From: 6338K(164864K)->6338K(164864K)
[63.051s][info][gc,heap        ] GC(267) ParOldGen: 5529171K(5529600K)->5529171K(5529600K)
[63.051s][info][gc,metaspace   ] GC(267) Metaspace: 6303K(6528K)->6303K(6528K) NonClass: 5769K(5888K)->5769K(5888K) Class: 533K(640K)->533K(640K)
[63.051s][info][gc             ] GC(267) Pause Full (Ergonomics) 5518M->5518M(5673M) 1642.135ms
[63.051s][info][gc,cpu         ] GC(267) User=12.69s Sys=0.00s Real=1.64s
[63.051s][info][gc,start       ] GC(268) Pause Full (Ergonomics)
[63.051s][info][gc,phases,start] GC(268) Marking Phase
[64.312s][info][gc,phases      ] GC(268) Marking Phase 1260.735ms
[64.312s][info][gc,phases,start] GC(268) Summary Phase
[64.312s][info][gc,phases      ] GC(268) Summary Phase 0.059ms
[64.312s][info][gc,phases,start] GC(268) Adjust Roots
[64.312s][info][gc,phases      ] GC(268) Adjust Roots 0.163ms
[64.312s][info][gc,phases,start] GC(268) Compaction Phase
[64.669s][info][gc,phases      ] GC(268) Compaction Phase 357.045ms
[64.669s][info][gc,phases,start] GC(268) Post Compact
[64.676s][info][gc,phases      ] GC(268) Post Compact 6.742ms
[64.676s][info][gc,heap        ] GC(268) PSYoungGen: 121538K(280064K)->121538K(280064K) Eden: 115200K(115200K)->115200K(115200K) From: 6338K(164864K)->6338K(164864K)
[64.676s][info][gc,heap        ] GC(268) ParOldGen: 5529176K(5529600K)->5529176K(5529600K)
[64.676s][info][gc,metaspace   ] GC(268) Metaspace: 6303K(6528K)->6303K(6528K) NonClass: 5769K(5888K)->5769K(5888K) Class: 533K(640K)->533K(640K)
[64.676s][info][gc             ] GC(268) Pause Full (Ergonomics) 5518M->5518M(5673M) 1625.070ms
[64.676s][info][gc,cpu         ] GC(268) User=12.39s Sys=0.00s Real=1.62s
[64.676s][info][gc,start       ] GC(269) Pause Full (Ergonomics)
[64.676s][info][gc,phases,start] GC(269) Marking Phase
[65.966s][info][gc,phases      ] GC(269) Marking Phase 1289.312ms
[65.966s][info][gc,phases,start] GC(269) Summary Phase
[65.966s][info][gc,phases      ] GC(269) Summary Phase 0.058ms
[65.966s][info][gc,phases,start] GC(269) Adjust Roots
[65.966s][info][gc,phases      ] GC(269) Adjust Roots 0.174ms
[65.966s][info][gc,phases,start] GC(269) Compaction Phase
[66.316s][info][gc,phases      ] GC(269) Compaction Phase 349.756ms
[66.316s][info][gc,phases,start] GC(269) Post Compact
[66.324s][info][gc,phases      ] GC(269) Post Compact 7.825ms
[66.324s][info][gc,heap        ] GC(269) PSYoungGen: 121538K(280064K)->121538K(280064K) Eden: 115200K(115200K)->115200K(115200K) From: 6338K(164864K)->6338K(164864K)
[66.324s][info][gc,heap        ] GC(269) ParOldGen: 5529181K(5529600K)->5529181K(5529600K)
[66.324s][info][gc,metaspace   ] GC(269) Metaspace: 6303K(6528K)->6303K(6528K) NonClass: 5769K(5888K)->5769K(5888K) Class: 533K(640K)->533K(640K)
[66.324s][info][gc             ] GC(269) Pause Full (Ergonomics) 5518M->5518M(5673M) 1647.452ms
[66.324s][info][gc,cpu         ] GC(269) User=12.80s Sys=0.00s Real=1.65s
[66.324s][info][gc,start       ] GC(270) Pause Full (Ergonomics)
[66.324s][info][gc,phases,start] GC(270) Marking Phase
[67.601s][info][gc,phases      ] GC(270) Marking Phase 1276.514ms
[67.601s][info][gc,phases,start] GC(270) Summary Phase
[67.601s][info][gc,phases      ] GC(270) Summary Phase 0.069ms
[67.601s][info][gc,phases,start] GC(270) Adjust Roots
[67.601s][info][gc,phases      ] GC(270) Adjust Roots 0.164ms
[67.601s][info][gc,phases,start] GC(270) Compaction Phase
[67.975s][info][gc,phases      ] GC(270) Compaction Phase 374.555ms
[67.976s][info][gc,phases,start] GC(270) Post Compact
[67.984s][info][gc,phases      ] GC(270) Post Compact 8.069ms
[67.984s][info][gc,heap        ] GC(270) PSYoungGen: 121538K(280064K)->121538K(280064K) Eden: 115200K(115200K)->115200K(115200K) From: 6338K(164864K)->6338K(164864K)
[67.984s][info][gc,heap        ] GC(270) ParOldGen: 5529185K(5529600K)->5529185K(5529600K)
[67.984s][info][gc,metaspace   ] GC(270) Metaspace: 6303K(6528K)->6303K(6528K) NonClass: 5769K(5888K)->5769K(5888K) Class: 533K(640K)->533K(640K)
[67.984s][info][gc             ] GC(270) Pause Full (Ergonomics) 5518M->5518M(5673M) 1659.670ms
[67.984s][info][gc,cpu         ] GC(270) User=12.53s Sys=0.00s Real=1.66s
[67.984s][info][gc,start       ] GC(271) Pause Full (Ergonomics)
[67.984s][info][gc,phases,start] GC(271) Marking Phase
[69.261s][info][gc,phases      ] GC(271) Marking Phase 1276.565ms
[69.261s][info][gc,phases,start] GC(271) Summary Phase
[69.261s][info][gc,phases      ] GC(271) Summary Phase 0.059ms
[69.261s][info][gc,phases,start] GC(271) Adjust Roots
[69.261s][info][gc,phases      ] GC(271) Adjust Roots 0.164ms
[69.261s][info][gc,phases,start] GC(271) Compaction Phase
[69.620s][info][gc,phases      ] GC(271) Compaction Phase 358.627ms
[69.620s][info][gc,phases,start] GC(271) Post Compact
[69.627s][info][gc,phases      ] GC(271) Post Compact 7.256ms
[69.627s][info][gc,heap        ] GC(271) PSYoungGen: 121538K(280064K)->121538K(280064K) Eden: 115200K(115200K)->115200K(115200K) From: 6338K(164864K)->6338K(164864K)
[69.627s][info][gc,heap        ] GC(271) ParOldGen: 5529190K(5529600K)->5529190K(5529600K)
[69.627s][info][gc,metaspace   ] GC(271) Metaspace: 6303K(6528K)->6303K(6528K) NonClass: 5769K(5888K)->5769K(5888K) Class: 533K(640K)->533K(640K)
[69.627s][info][gc             ] GC(271) Pause Full (Ergonomics) 5518M->5518M(5673M) 1643.019ms
[69.627s][info][gc,cpu         ] GC(271) User=12.73s Sys=0.00s Real=1.64s
[69.627s][info][gc,start       ] GC(272) Pause Full (Ergonomics)
[69.627s][info][gc,phases,start] GC(272) Marking Phase
[70.886s][info][gc,phases      ] GC(272) Marking Phase 1258.506ms
[70.886s][info][gc,phases,start] GC(272) Summary Phase
[70.886s][info][gc,phases      ] GC(272) Summary Phase 0.100ms
[70.886s][info][gc,phases,start] GC(272) Adjust Roots
[70.886s][info][gc,phases      ] GC(272) Adjust Roots 0.287ms
[70.886s][info][gc,phases,start] GC(272) Compaction Phase
[71.253s][info][gc,phases      ] GC(272) Compaction Phase 366.320ms
[71.253s][info][gc,phases,start] GC(272) Post Compact
[71.261s][info][gc,phases      ] GC(272) Post Compact 8.034ms
[71.261s][info][gc,heap        ] GC(272) PSYoungGen: 121538K(280064K)->121538K(280064K) Eden: 115200K(115200K)->115200K(115200K) From: 6338K(164864K)->6338K(164864K)
[71.261s][info][gc,heap        ] GC(272) ParOldGen: 5529195K(5529600K)->5529195K(5529600K)
[71.261s][info][gc,metaspace   ] GC(272) Metaspace: 6303K(6528K)->6303K(6528K) NonClass: 5769K(5888K)->5769K(5888K) Class: 533K(640K)->533K(640K)
[71.261s][info][gc             ] GC(272) Pause Full (Ergonomics) 5518M->5518M(5673M) 1633.665ms
[71.261s][info][gc,cpu         ] GC(272) User=12.58s Sys=0.00s Real=1.63s
[71.261s][info][gc,start       ] GC(273) Pause Full (Ergonomics)
[71.261s][info][gc,phases,start] GC(273) Marking Phase
[72.513s][info][gc,phases      ] GC(273) Marking Phase 1251.662ms
[72.513s][info][gc,phases,start] GC(273) Summary Phase
[72.513s][info][gc,phases      ] GC(273) Summary Phase 0.107ms
[72.513s][info][gc,phases,start] GC(273) Adjust Roots
[72.513s][info][gc,phases      ] GC(273) Adjust Roots 0.318ms
[72.513s][info][gc,phases,start] GC(273) Compaction Phase
[72.891s][info][gc,phases      ] GC(273) Compaction Phase 377.268ms
[72.891s][info][gc,phases,start] GC(273) Post Compact
[72.898s][info][gc,phases      ] GC(273) Post Compact 7.660ms
[72.898s][info][gc,heap        ] GC(273) PSYoungGen: 121538K(280064K)->121538K(280064K) Eden: 115200K(115200K)->115200K(115200K) From: 6338K(164864K)->6338K(164864K)
[72.898s][info][gc,heap        ] GC(273) ParOldGen: 5529200K(5529600K)->5529200K(5529600K)
[72.898s][info][gc,metaspace   ] GC(273) Metaspace: 6303K(6528K)->6303K(6528K) NonClass: 5769K(5888K)->5769K(5888K) Class: 533K(640K)->533K(640K)
[72.898s][info][gc             ] GC(273) Pause Full (Ergonomics) 5518M->5518M(5673M) 1637.419ms
[72.898s][info][gc,cpu         ] GC(273) User=12.53s Sys=0.00s Real=1.64s
[72.899s][info][gc,start       ] GC(274) Pause Full (Ergonomics)
[72.899s][info][gc,phases,start] GC(274) Marking Phase
[74.181s][info][gc,phases      ] GC(274) Marking Phase 1282.347ms
[74.181s][info][gc,phases,start] GC(274) Summary Phase
[74.181s][info][gc,phases      ] GC(274) Summary Phase 0.073ms
[74.181s][info][gc,phases,start] GC(274) Adjust Roots
[74.181s][info][gc,phases      ] GC(274) Adjust Roots 0.178ms
[74.181s][info][gc,phases,start] GC(274) Compaction Phase
[74.549s][info][gc,phases      ] GC(274) Compaction Phase 367.332ms
[74.549s][info][gc,phases,start] GC(274) Post Compact
[74.556s][info][gc,phases      ] GC(274) Post Compact 7.133ms
[74.556s][info][gc,heap        ] GC(274) PSYoungGen: 121538K(280064K)->121538K(280064K) Eden: 115200K(115200K)->115200K(115200K) From: 6338K(164864K)->6338K(164864K)
[74.556s][info][gc,heap        ] GC(274) ParOldGen: 5529205K(5529600K)->5529205K(5529600K)
[74.556s][info][gc,metaspace   ] GC(274) Metaspace: 6303K(6528K)->6303K(6528K) NonClass: 5769K(5888K)->5769K(5888K) Class: 533K(640K)->533K(640K)
[74.556s][info][gc             ] GC(274) Pause Full (Ergonomics) 5518M->5518M(5673M) 1657.392ms
[74.556s][info][gc,cpu         ] GC(274) User=12.84s Sys=0.00s Real=1.66s
[74.556s][info][gc,start       ] GC(275) Pause Full (Ergonomics)
[74.556s][info][gc,phases,start] GC(275) Marking Phase
[75.814s][info][gc,phases      ] GC(275) Marking Phase 1257.827ms
[75.814s][info][gc,phases,start] GC(275) Summary Phase
[75.814s][info][gc,phases      ] GC(275) Summary Phase 0.067ms
[75.814s][info][gc,phases,start] GC(275) Adjust Roots
[75.814s][info][gc,phases      ] GC(275) Adjust Roots 0.194ms
[75.815s][info][gc,phases,start] GC(275) Compaction Phase
[76.181s][info][gc,phases      ] GC(275) Compaction Phase 366.138ms
[76.181s][info][gc,phases,start] GC(275) Post Compact
[76.189s][info][gc,phases      ] GC(275) Post Compact 7.813ms
[76.189s][info][gc,heap        ] GC(275) PSYoungGen: 121538K(280064K)->121538K(280064K) Eden: 115200K(115200K)->115200K(115200K) From: 6338K(164864K)->6338K(164864K)
[76.189s][info][gc,heap        ] GC(275) ParOldGen: 5529210K(5529600K)->5529210K(5529600K)
[76.189s][info][gc,metaspace   ] GC(275) Metaspace: 6303K(6528K)->6303K(6528K) NonClass: 5769K(5888K)->5769K(5888K) Class: 533K(640K)->533K(640K)
[76.189s][info][gc             ] GC(275) Pause Full (Ergonomics) 5518M->5518M(5673M) 1632.352ms
[76.189s][info][gc,cpu         ] GC(275) User=12.53s Sys=0.00s Real=1.63s
[76.189s][info][gc,start       ] GC(276) Pause Full (Ergonomics)
[76.189s][info][gc,phases,start] GC(276) Marking Phase
[77.458s][info][gc,phases      ] GC(276) Marking Phase 1269.523ms
[77.458s][info][gc,phases,start] GC(276) Summary Phase
[77.459s][info][gc,phases      ] GC(276) Summary Phase 0.104ms
[77.459s][info][gc,phases,start] GC(276) Adjust Roots
[77.459s][info][gc,phases      ] GC(276) Adjust Roots 0.230ms
[77.459s][info][gc,phases,start] GC(276) Compaction Phase
[77.822s][info][gc,phases      ] GC(276) Compaction Phase 362.970ms
[77.822s][info][gc,phases,start] GC(276) Post Compact
[77.832s][info][gc,phases      ] GC(276) Post Compact 10.475ms
[77.832s][info][gc,heap        ] GC(276) PSYoungGen: 121538K(280064K)->121538K(280064K) Eden: 115200K(115200K)->115200K(115200K) From: 6338K(164864K)->6338K(164864K)
[77.833s][info][gc,heap        ] GC(276) ParOldGen: 5529214K(5529600K)->5529214K(5529600K)
[77.833s][info][gc,metaspace   ] GC(276) Metaspace: 6303K(6528K)->6303K(6528K) NonClass: 5769K(5888K)->5769K(5888K) Class: 533K(640K)->533K(640K)
[77.833s][info][gc             ] GC(276) Pause Full (Ergonomics) 5518M->5518M(5673M) 1643.734ms
[77.833s][info][gc,cpu         ] GC(276) User=12.80s Sys=0.02s Real=1.64s
[77.833s][info][gc,start       ] GC(277) Pause Full (Ergonomics)
[77.833s][info][gc,phases,start] GC(277) Marking Phase
[79.088s][info][gc,phases      ] GC(277) Marking Phase 1254.958ms
[79.088s][info][gc,phases,start] GC(277) Summary Phase
[79.088s][info][gc,phases      ] GC(277) Summary Phase 0.062ms
[79.088s][info][gc,phases,start] GC(277) Adjust Roots
[79.088s][info][gc,phases      ] GC(277) Adjust Roots 0.193ms
[79.088s][info][gc,phases,start] GC(277) Compaction Phase
[79.464s][info][gc,phases      ] GC(277) Compaction Phase 375.780ms
[79.464s][info][gc,phases,start] GC(277) Post Compact
[79.472s][info][gc,phases      ] GC(277) Post Compact 8.143ms
[79.472s][info][gc,heap        ] GC(277) PSYoungGen: 121538K(280064K)->121538K(280064K) Eden: 115200K(115200K)->115200K(115200K) From: 6338K(164864K)->6338K(164864K)
[79.472s][info][gc,heap        ] GC(277) ParOldGen: 5529219K(5529600K)->5529219K(5529600K)
[79.472s][info][gc,metaspace   ] GC(277) Metaspace: 6303K(6528K)->6303K(6528K) NonClass: 5769K(5888K)->5769K(5888K) Class: 533K(640K)->533K(640K)
[79.472s][info][gc             ] GC(277) Pause Full (Ergonomics) 5518M->5518M(5673M) 1639.442ms
[79.472s][info][gc,cpu         ] GC(277) User=12.61s Sys=0.00s Real=1.64s
[79.472s][info][gc,start       ] GC(278) Pause Full (Ergonomics)
[79.472s][info][gc,phases,start] GC(278) Marking Phase
[80.748s][info][gc,phases      ] GC(278) Marking Phase 1275.348ms
[80.748s][info][gc,phases,start] GC(278) Summary Phase
[80.748s][info][gc,phases      ] GC(278) Summary Phase 0.083ms
[80.748s][info][gc,phases,start] GC(278) Adjust Roots
[80.748s][info][gc,phases      ] GC(278) Adjust Roots 0.218ms
[80.748s][info][gc,phases,start] GC(278) Compaction Phase
[81.137s][info][gc,phases      ] GC(278) Compaction Phase 389.154ms
[81.137s][info][gc,phases,start] GC(278) Post Compact
[81.146s][info][gc,phases      ] GC(278) Post Compact 8.316ms
[81.146s][info][gc,heap        ] GC(278) PSYoungGen: 121538K(280064K)->121538K(280064K) Eden: 115200K(115200K)->115200K(115200K) From: 6338K(164864K)->6338K(164864K)
[81.146s][info][gc,heap        ] GC(278) ParOldGen: 5529224K(5529600K)->5529224K(5529600K)
[81.146s][info][gc,metaspace   ] GC(278) Metaspace: 6303K(6528K)->6303K(6528K) NonClass: 5769K(5888K)->5769K(5888K) Class: 533K(640K)->533K(640K)
[81.146s][info][gc             ] GC(278) Pause Full (Ergonomics) 5518M->5518M(5673M) 1673.460ms
[81.146s][info][gc,cpu         ] GC(278) User=12.55s Sys=0.00s Real=1.67s
[81.146s][info][gc,start       ] GC(279) Pause Full (Ergonomics)
[81.146s][info][gc,phases,start] GC(279) Marking Phase
[82.422s][info][gc,phases      ] GC(279) Marking Phase 1275.927ms
[82.422s][info][gc,phases,start] GC(279) Summary Phase
[82.422s][info][gc,phases      ] GC(279) Summary Phase 0.060ms
[82.422s][info][gc,phases,start] GC(279) Adjust Roots
[82.422s][info][gc,phases      ] GC(279) Adjust Roots 0.172ms
[82.422s][info][gc,phases,start] GC(279) Compaction Phase
[82.808s][info][gc,phases      ] GC(279) Compaction Phase 385.959ms
[82.808s][info][gc,phases,start] GC(279) Post Compact
[82.817s][info][gc,phases      ] GC(279) Post Compact 8.108ms
[82.817s][info][gc,heap        ] GC(279) PSYoungGen: 121538K(280064K)->121538K(280064K) Eden: 115200K(115200K)->115200K(115200K) From: 6338K(164864K)->6338K(164864K)
[82.817s][info][gc,heap        ] GC(279) ParOldGen: 5529229K(5529600K)->5529229K(5529600K)
[82.817s][info][gc,metaspace   ] GC(279) Metaspace: 6303K(6528K)->6303K(6528K) NonClass: 5769K(5888K)->5769K(5888K) Class: 533K(640K)->533K(640K)
[82.817s][info][gc             ] GC(279) Pause Full (Ergonomics) 5518M->5518M(5673M) 1670.518ms
[82.817s][info][gc,cpu         ] GC(279) User=12.58s Sys=0.00s Real=1.67s
[82.817s][info][gc,start       ] GC(280) Pause Full (Ergonomics)
[82.817s][info][gc,phases,start] GC(280) Marking Phase
[84.075s][info][gc,phases      ] GC(280) Marking Phase 1258.474ms
[84.075s][info][gc,phases,start] GC(280) Summary Phase
[84.075s][info][gc,phases      ] GC(280) Summary Phase 0.082ms
[84.076s][info][gc,phases,start] GC(280) Adjust Roots
[84.076s][info][gc,phases      ] GC(280) Adjust Roots 0.220ms
[84.076s][info][gc,phases,start] GC(280) Compaction Phase
[84.435s][info][gc,phases      ] GC(280) Compaction Phase 358.974ms
[84.435s][info][gc,phases,start] GC(280) Post Compact
[84.442s][info][gc,phases      ] GC(280) Post Compact 7.497ms
[84.442s][info][gc,heap        ] GC(280) PSYoungGen: 121538K(280064K)->121538K(280064K) Eden: 115200K(115200K)->115200K(115200K) From: 6338K(164864K)->6338K(164864K)
[84.442s][info][gc,heap        ] GC(280) ParOldGen: 5529234K(5529600K)->5529234K(5529600K)
[84.442s][info][gc,metaspace   ] GC(280) Metaspace: 6303K(6528K)->6303K(6528K) NonClass: 5769K(5888K)->5769K(5888K) Class: 533K(640K)->533K(640K)
[84.442s][info][gc             ] GC(280) Pause Full (Ergonomics) 5518M->5518M(5673M) 1625.591ms
[84.442s][info][gc,cpu         ] GC(280) User=12.52s Sys=0.00s Real=1.62s
[84.443s][info][gc,start       ] GC(281) Pause Full (Ergonomics)
[84.443s][info][gc,phases,start] GC(281) Marking Phase
[85.720s][info][gc,phases      ] GC(281) Marking Phase 1277.339ms
[85.720s][info][gc,phases,start] GC(281) Summary Phase
[85.720s][info][gc,phases      ] GC(281) Summary Phase 0.059ms
[85.720s][info][gc,phases,start] GC(281) Adjust Roots
[85.720s][info][gc,phases      ] GC(281) Adjust Roots 0.168ms
[85.720s][info][gc,phases,start] GC(281) Compaction Phase
[86.108s][info][gc,phases      ] GC(281) Compaction Phase 387.567ms
[86.108s][info][gc,phases,start] GC(281) Post Compact
[86.117s][info][gc,phases      ] GC(281) Post Compact 8.511ms
[86.117s][info][gc,heap        ] GC(281) PSYoungGen: 121538K(280064K)->121538K(280064K) Eden: 115200K(115200K)->115200K(115200K) From: 6338K(164864K)->6338K(164864K)
[86.117s][info][gc,heap        ] GC(281) ParOldGen: 5529239K(5529600K)->5529239K(5529600K)
[86.117s][info][gc,metaspace   ] GC(281) Metaspace: 6303K(6528K)->6303K(6528K) NonClass: 5769K(5888K)->5769K(5888K) Class: 533K(640K)->533K(640K)
[86.117s][info][gc             ] GC(281) Pause Full (Ergonomics) 5518M->5518M(5673M) 1674.054ms
[86.117s][info][gc,cpu         ] GC(281) User=12.73s Sys=0.00s Real=1.67s
[86.117s][info][gc,start       ] GC(282) Pause Full (Ergonomics)
[86.117s][info][gc,phases,start] GC(282) Marking Phase
[87.385s][info][gc,phases      ] GC(282) Marking Phase 1268.036ms
[87.385s][info][gc,phases,start] GC(282) Summary Phase
[87.385s][info][gc,phases      ] GC(282) Summary Phase 0.058ms
[87.385s][info][gc,phases,start] GC(282) Adjust Roots
[87.385s][info][gc,phases      ] GC(282) Adjust Roots 0.163ms
[87.385s][info][gc,phases,start] GC(282) Compaction Phase
[87.764s][info][gc,phases      ] GC(282) Compaction Phase 378.301ms
[87.764s][info][gc,phases,start] GC(282) Post Compact
[87.772s][info][gc,phases      ] GC(282) Post Compact 7.973ms
[87.772s][info][gc,heap        ] GC(282) PSYoungGen: 121538K(280064K)->121538K(280064K) Eden: 115200K(115200K)->115200K(115200K) From: 6338K(164864K)->6338K(164864K)
[87.772s][info][gc,heap        ] GC(282) ParOldGen: 5529243K(5529600K)->5529243K(5529600K)
[87.772s][info][gc,metaspace   ] GC(282) Metaspace: 6303K(6528K)->6303K(6528K) NonClass: 5769K(5888K)->5769K(5888K) Class: 533K(640K)->533K(640K)
[87.772s][info][gc             ] GC(282) Pause Full (Ergonomics) 5518M->5518M(5673M) 1654.854ms
[87.772s][info][gc,cpu         ] GC(282) User=12.78s Sys=0.02s Real=1.65s
[87.772s][info][gc,start       ] GC(283) Pause Full (Ergonomics)
[87.772s][info][gc,phases,start] GC(283) Marking Phase
[89.050s][info][gc,phases      ] GC(283) Marking Phase 1278.420ms
[89.051s][info][gc,phases,start] GC(283) Summary Phase
[89.051s][info][gc,phases      ] GC(283) Summary Phase 0.081ms
[89.051s][info][gc,phases,start] GC(283) Adjust Roots
[89.051s][info][gc,phases      ] GC(283) Adjust Roots 0.177ms
[89.051s][info][gc,phases,start] GC(283) Compaction Phase
[89.402s][info][gc,phases      ] GC(283) Compaction Phase 351.233ms
[89.402s][info][gc,phases,start] GC(283) Post Compact
[89.409s][info][gc,phases      ] GC(283) Post Compact 7.136ms
[89.409s][info][gc,heap        ] GC(283) PSYoungGen: 121538K(280064K)->121538K(280064K) Eden: 115200K(115200K)->115200K(115200K) From: 6338K(164864K)->6338K(164864K)
[89.409s][info][gc,heap        ] GC(283) ParOldGen: 5529248K(5529600K)->5529248K(5529600K)
[89.409s][info][gc,metaspace   ] GC(283) Metaspace: 6303K(6528K)->6303K(6528K) NonClass: 5769K(5888K)->5769K(5888K) Class: 533K(640K)->533K(640K)
[89.409s][info][gc             ] GC(283) Pause Full (Ergonomics) 5518M->5518M(5673M) 1637.389ms
[89.409s][info][gc,cpu         ] GC(283) User=12.67s Sys=0.00s Real=1.64s
[89.410s][info][gc,start       ] GC(284) Pause Full (Ergonomics)
[89.410s][info][gc,phases,start] GC(284) Marking Phase
[90.687s][info][gc,phases      ] GC(284) Marking Phase 1277.154ms
[90.687s][info][gc,phases,start] GC(284) Summary Phase
[90.687s][info][gc,phases      ] GC(284) Summary Phase 0.061ms
[90.687s][info][gc,phases,start] GC(284) Adjust Roots
[90.687s][info][gc,phases      ] GC(284) Adjust Roots 0.172ms
[90.687s][info][gc,phases,start] GC(284) Compaction Phase
[91.059s][info][gc,phases      ] GC(284) Compaction Phase 371.911ms
[91.059s][info][gc,phases,start] GC(284) Post Compact
[91.067s][info][gc,phases      ] GC(284) Post Compact 8.178ms
[91.067s][info][gc,heap        ] GC(284) PSYoungGen: 121538K(280064K)->121538K(280064K) Eden: 115200K(115200K)->115200K(115200K) From: 6338K(164864K)->6338K(164864K)
[91.067s][info][gc,heap        ] GC(284) ParOldGen: 5529253K(5529600K)->5529253K(5529600K)
[91.067s][info][gc,metaspace   ] GC(284) Metaspace: 6303K(6528K)->6303K(6528K) NonClass: 5769K(5888K)->5769K(5888K) Class: 533K(640K)->533K(640K)
[91.067s][info][gc             ] GC(284) Pause Full (Ergonomics) 5518M->5518M(5673M) 1657.773ms
[91.067s][info][gc,cpu         ] GC(284) User=12.66s Sys=0.00s Real=1.66s
[91.068s][info][gc,start       ] GC(285) Pause Full (Ergonomics)
[91.068s][info][gc,phases,start] GC(285) Marking Phase
[92.329s][info][gc,phases      ] GC(285) Marking Phase 1261.418ms
[92.329s][info][gc,phases,start] GC(285) Summary Phase
[92.329s][info][gc,phases      ] GC(285) Summary Phase 0.062ms
[92.329s][info][gc,phases,start] GC(285) Adjust Roots
[92.329s][info][gc,phases      ] GC(285) Adjust Roots 0.220ms
[92.329s][info][gc,phases,start] GC(285) Compaction Phase
[92.696s][info][gc,phases      ] GC(285) Compaction Phase 366.535ms
[92.696s][info][gc,phases,start] GC(285) Post Compact
[92.703s][info][gc,phases      ] GC(285) Post Compact 7.213ms
[92.703s][info][gc,heap        ] GC(285) PSYoungGen: 121538K(280064K)->121538K(280064K) Eden: 115200K(115200K)->115200K(115200K) From: 6338K(164864K)->6338K(164864K)
[92.703s][info][gc,heap        ] GC(285) ParOldGen: 5529258K(5529600K)->5529258K(5529600K)
[92.703s][info][gc,metaspace   ] GC(285) Metaspace: 6303K(6528K)->6303K(6528K) NonClass: 5769K(5888K)->5769K(5888K) Class: 533K(640K)->533K(640K)
[92.703s][info][gc             ] GC(285) Pause Full (Ergonomics) 5518M->5518M(5673M) 1635.766ms
[92.703s][info][gc,cpu         ] GC(285) User=12.52s Sys=0.00s Real=1.63s
[92.704s][info][gc,start       ] GC(286) Pause Full (Ergonomics)
[92.704s][info][gc,phases,start] GC(286) Marking Phase
[93.985s][info][gc,phases      ] GC(286) Marking Phase 1281.576ms
[93.985s][info][gc,phases,start] GC(286) Summary Phase
[93.985s][info][gc,phases      ] GC(286) Summary Phase 0.059ms
[93.985s][info][gc,phases,start] GC(286) Adjust Roots
[93.985s][info][gc,phases      ] GC(286) Adjust Roots 0.193ms
[93.985s][info][gc,phases,start] GC(286) Compaction Phase
[94.344s][info][gc,phases      ] GC(286) Compaction Phase 358.310ms
[94.344s][info][gc,phases,start] GC(286) Post Compact
[94.352s][info][gc,phases      ] GC(286) Post Compact 7.661ms
[94.352s][info][gc,heap        ] GC(286) PSYoungGen: 121538K(280064K)->121538K(280064K) Eden: 115200K(115200K)->115200K(115200K) From: 6338K(164864K)->6338K(164864K)
[94.352s][info][gc,heap        ] GC(286) ParOldGen: 5529263K(5529600K)->5529263K(5529600K)
[94.352s][info][gc,metaspace   ] GC(286) Metaspace: 6303K(6528K)->6303K(6528K) NonClass: 5769K(5888K)->5769K(5888K) Class: 533K(640K)->533K(640K)
[94.352s][info][gc             ] GC(286) Pause Full (Ergonomics) 5518M->5518M(5673M) 1648.133ms
[94.352s][info][gc,cpu         ] GC(286) User=12.66s Sys=0.00s Real=1.65s
[94.352s][info][gc,start       ] GC(287) Pause Full (Ergonomics)
[94.352s][info][gc,phases,start] GC(287) Marking Phase
[95.634s][info][gc,phases      ] GC(287) Marking Phase 1282.382ms
[95.634s][info][gc,phases,start] GC(287) Summary Phase
[95.634s][info][gc,phases      ] GC(287) Summary Phase 0.061ms
[95.634s][info][gc,phases,start] GC(287) Adjust Roots
[95.635s][info][gc,phases      ] GC(287) Adjust Roots 0.177ms
[95.635s][info][gc,phases,start] GC(287) Compaction Phase
[95.976s][info][gc,phases      ] GC(287) Compaction Phase 341.355ms
[95.976s][info][gc,phases,start] GC(287) Post Compact
[95.983s][info][gc,phases      ] GC(287) Post Compact 7.043ms
[95.983s][info][gc,heap        ] GC(287) PSYoungGen: 121538K(280064K)->121538K(280064K) Eden: 115200K(115200K)->115200K(115200K) From: 6338K(164864K)->6338K(164864K)
[95.983s][info][gc,heap        ] GC(287) ParOldGen: 5529268K(5529600K)->5529268K(5529600K)
[95.983s][info][gc,metaspace   ] GC(287) Metaspace: 6303K(6528K)->6303K(6528K) NonClass: 5769K(5888K)->5769K(5888K) Class: 533K(640K)->533K(640K)
[95.983s][info][gc             ] GC(287) Pause Full (Ergonomics) 5518M->5518M(5673M) 1631.315ms
[95.983s][info][gc,cpu         ] GC(287) User=12.66s Sys=0.00s Real=1.63s
[95.983s][info][gc,start       ] GC(288) Pause Full (Ergonomics)
[95.983s][info][gc,phases,start] GC(288) Marking Phase
[97.255s][info][gc,phases      ] GC(288) Marking Phase 1271.224ms
[97.255s][info][gc,phases,start] GC(288) Summary Phase
[97.255s][info][gc,phases      ] GC(288) Summary Phase 0.059ms
[97.255s][info][gc,phases,start] GC(288) Adjust Roots
[97.255s][info][gc,phases      ] GC(288) Adjust Roots 0.181ms
[97.255s][info][gc,phases,start] GC(288) Compaction Phase
[97.605s][info][gc,phases      ] GC(288) Compaction Phase 349.911ms
[97.605s][info][gc,phases,start] GC(288) Post Compact
[97.613s][info][gc,phases      ] GC(288) Post Compact 8.146ms
[97.613s][info][gc,heap        ] GC(288) PSYoungGen: 121538K(280064K)->121538K(280064K) Eden: 115200K(115200K)->115200K(115200K) From: 6338K(164864K)->6338K(164864K)
[97.613s][info][gc,heap        ] GC(288) ParOldGen: 5529272K(5529600K)->5529272K(5529600K)
[97.613s][info][gc,metaspace   ] GC(288) Metaspace: 6303K(6528K)->6303K(6528K) NonClass: 5769K(5888K)->5769K(5888K) Class: 533K(640K)->533K(640K)
[97.613s][info][gc             ] GC(288) Pause Full (Ergonomics) 5518M->5518M(5673M) 1629.845ms
[97.613s][info][gc,cpu         ] GC(288) User=12.56s Sys=0.00s Real=1.63s
[97.613s][info][gc,start       ] GC(289) Pause Full (Ergonomics)
[97.613s][info][gc,phases,start] GC(289) Marking Phase
[98.904s][info][gc,phases      ] GC(289) Marking Phase 1290.187ms
[98.904s][info][gc,phases,start] GC(289) Summary Phase
[98.904s][info][gc,phases      ] GC(289) Summary Phase 0.060ms
[98.904s][info][gc,phases,start] GC(289) Adjust Roots
[98.904s][info][gc,phases      ] GC(289) Adjust Roots 0.169ms
[98.904s][info][gc,phases,start] GC(289) Compaction Phase
[99.248s][info][gc,phases      ] GC(289) Compaction Phase 343.539ms
[99.248s][info][gc,phases,start] GC(289) Post Compact
[99.255s][info][gc,phases      ] GC(289) Post Compact 7.543ms
[99.255s][info][gc,heap        ] GC(289) PSYoungGen: 121538K(280064K)->121538K(280064K) Eden: 115200K(115200K)->115200K(115200K) From: 6338K(164864K)->6338K(164864K)
[99.255s][info][gc,heap        ] GC(289) ParOldGen: 5529277K(5529600K)->5529277K(5529600K)
[99.255s][info][gc,metaspace   ] GC(289) Metaspace: 6303K(6528K)->6303K(6528K) NonClass: 5769K(5888K)->5769K(5888K) Class: 533K(640K)->533K(640K)
[99.255s][info][gc             ] GC(289) Pause Full (Ergonomics) 5518M->5518M(5673M) 1641.861ms
[99.255s][info][gc,cpu         ] GC(289) User=12.69s Sys=0.00s Real=1.64s
[99.256s][info][gc,start       ] GC(290) Pause Full (Ergonomics)
[99.256s][info][gc,phases,start] GC(290) Marking Phase
[100.519s][info][gc,phases      ] GC(290) Marking Phase 1263.887ms
[100.520s][info][gc,phases,start] GC(290) Summary Phase
[100.520s][info][gc,phases      ] GC(290) Summary Phase 0.060ms
[100.520s][info][gc,phases,start] GC(290) Adjust Roots
[100.520s][info][gc,phases      ] GC(290) Adjust Roots 0.169ms
[100.520s][info][gc,phases,start] GC(290) Compaction Phase
[100.880s][info][gc,phases      ] GC(290) Compaction Phase 360.046ms
[100.880s][info][gc,phases,start] GC(290) Post Compact
[100.887s][info][gc,phases      ] GC(290) Post Compact 7.225ms
[100.887s][info][gc,heap        ] GC(290) PSYoungGen: 121538K(280064K)->121538K(280064K) Eden: 115200K(115200K)->115200K(115200K) From: 6338K(164864K)->6338K(164864K)
[100.887s][info][gc,heap        ] GC(290) ParOldGen: 5529282K(5529600K)->5529282K(5529600K)
[100.887s][info][gc,metaspace   ] GC(290) Metaspace: 6303K(6528K)->6303K(6528K) NonClass: 5769K(5888K)->5769K(5888K) Class: 533K(640K)->533K(640K)
[100.887s][info][gc             ] GC(290) Pause Full (Ergonomics) 5518M->5518M(5673M) 1631.706ms
[100.887s][info][gc,cpu         ] GC(290) User=12.52s Sys=0.00s Real=1.63s
[100.887s][info][gc,start       ] GC(291) Pause Full (Ergonomics)
[100.887s][info][gc,phases,start] GC(291) Marking Phase
[102.169s][info][gc,phases      ] GC(291) Marking Phase 1281.523ms
[102.169s][info][gc,phases,start] GC(291) Summary Phase
[102.169s][info][gc,phases      ] GC(291) Summary Phase 0.062ms
[102.169s][info][gc,phases,start] GC(291) Adjust Roots
[102.169s][info][gc,phases      ] GC(291) Adjust Roots 0.169ms
[102.169s][info][gc,phases,start] GC(291) Compaction Phase
[102.515s][info][gc,phases      ] GC(291) Compaction Phase 345.171ms
[102.515s][info][gc,phases,start] GC(291) Post Compact
[102.522s][info][gc,phases      ] GC(291) Post Compact 7.402ms
[102.522s][info][gc,heap        ] GC(291) PSYoungGen: 121538K(280064K)->121538K(280064K) Eden: 115200K(115200K)->115200K(115200K) From: 6338K(164864K)->6338K(164864K)
[102.522s][info][gc,heap        ] GC(291) ParOldGen: 5529287K(5529600K)->5529287K(5529600K)
[102.522s][info][gc,metaspace   ] GC(291) Metaspace: 6303K(6528K)->6303K(6528K) NonClass: 5769K(5888K)->5769K(5888K) Class: 533K(640K)->533K(640K)
[102.522s][info][gc             ] GC(291) Pause Full (Ergonomics) 5518M->5518M(5673M) 1634.655ms
[102.522s][info][gc,cpu         ] GC(291) User=12.66s Sys=0.00s Real=1.64s
[102.522s][info][gc,start       ] GC(292) Pause Full (Ergonomics)
[102.522s][info][gc,phases,start] GC(292) Marking Phase
[103.784s][info][gc,phases      ] GC(292) Marking Phase 1261.220ms
[103.784s][info][gc,phases,start] GC(292) Summary Phase
[103.784s][info][gc,phases      ] GC(292) Summary Phase 0.083ms
[103.784s][info][gc,phases,start] GC(292) Adjust Roots
[103.784s][info][gc,phases      ] GC(292) Adjust Roots 0.196ms
[103.784s][info][gc,phases,start] GC(292) Compaction Phase
[104.123s][info][gc,phases      ] GC(292) Compaction Phase 338.820ms
[104.123s][info][gc,phases,start] GC(292) Post Compact
[104.129s][info][gc,phases      ] GC(292) Post Compact 6.552ms
[104.129s][info][gc,heap        ] GC(292) PSYoungGen: 121538K(280064K)->121538K(280064K) Eden: 115200K(115200K)->115200K(115200K) From: 6338K(164864K)->6338K(164864K)
[104.129s][info][gc,heap        ] GC(292) ParOldGen: 5529292K(5529600K)->5529292K(5529600K)
[104.129s][info][gc,metaspace   ] GC(292) Metaspace: 6303K(6528K)->6303K(6528K) NonClass: 5769K(5888K)->5769K(5888K) Class: 533K(640K)->533K(640K)
[104.129s][info][gc             ] GC(292) Pause Full (Ergonomics) 5518M->5518M(5673M) 1607.205ms
[104.130s][info][gc,cpu         ] GC(292) User=12.27s Sys=0.00s Real=1.61s
[104.130s][info][gc,start       ] GC(293) Pause Full (Ergonomics)
[104.130s][info][gc,phases,start] GC(293) Marking Phase
[105.422s][info][gc,phases      ] GC(293) Marking Phase 1292.635ms
[105.422s][info][gc,phases,start] GC(293) Summary Phase
[105.423s][info][gc,phases      ] GC(293) Summary Phase 0.059ms
[105.423s][info][gc,phases,start] GC(293) Adjust Roots
[105.423s][info][gc,phases      ] GC(293) Adjust Roots 0.168ms
[105.423s][info][gc,phases,start] GC(293) Compaction Phase
[105.780s][info][gc,phases      ] GC(293) Compaction Phase 357.417ms
[105.780s][info][gc,phases,start] GC(293) Post Compact
[105.789s][info][gc,phases      ] GC(293) Post Compact 8.884ms
[105.789s][info][gc,heap        ] GC(293) PSYoungGen: 121538K(280064K)->121538K(280064K) Eden: 115200K(115200K)->115200K(115200K) From: 6338K(164864K)->6338K(164864K)
[105.789s][info][gc,heap        ] GC(293) ParOldGen: 5529297K(5529600K)->5529297K(5529600K)
[105.789s][info][gc,metaspace   ] GC(293) Metaspace: 6303K(6528K)->6303K(6528K) NonClass: 5769K(5888K)->5769K(5888K) Class: 533K(640K)->533K(640K)
[105.789s][info][gc             ] GC(293) Pause Full (Ergonomics) 5518M->5518M(5673M) 1659.539ms
[105.789s][info][gc,cpu         ] GC(293) User=12.66s Sys=0.00s Real=1.66s
[105.789s][info][gc,start       ] GC(294) Pause Full (Ergonomics)
[105.789s][info][gc,phases,start] GC(294) Marking Phase
[107.092s][info][gc,phases      ] GC(294) Marking Phase 1302.370ms
[107.092s][info][gc,phases,start] GC(294) Summary Phase
[107.092s][info][gc,phases      ] GC(294) Summary Phase 0.059ms
[107.092s][info][gc,phases,start] GC(294) Adjust Roots
[107.092s][info][gc,phases      ] GC(294) Adjust Roots 0.166ms
[107.092s][info][gc,phases,start] GC(294) Compaction Phase
[107.452s][info][gc,phases      ] GC(294) Compaction Phase 359.415ms
[107.452s][info][gc,phases,start] GC(294) Post Compact
[107.459s][info][gc,phases      ] GC(294) Post Compact 7.288ms
[107.459s][info][gc,heap        ] GC(294) PSYoungGen: 121538K(280064K)->121538K(280064K) Eden: 115200K(115200K)->115200K(115200K) From: 6338K(164864K)->6338K(164864K)
[107.459s][info][gc,heap        ] GC(294) ParOldGen: 5529301K(5529600K)->5529301K(5529600K)
[107.459s][info][gc,metaspace   ] GC(294) Metaspace: 6303K(6528K)->6303K(6528K) NonClass: 5769K(5888K)->5769K(5888K) Class: 533K(640K)->533K(640K)
[107.459s][info][gc             ] GC(294) Pause Full (Ergonomics) 5518M->5518M(5673M) 1669.610ms
[107.459s][info][gc,cpu         ] GC(294) User=12.70s Sys=0.00s Real=1.67s
[107.459s][info][gc,start       ] GC(295) Pause Full (Ergonomics)
[107.459s][info][gc,phases,start] GC(295) Marking Phase
[108.765s][info][gc,phases      ] GC(295) Marking Phase 1306.131ms
[108.766s][info][gc,phases,start] GC(295) Summary Phase
[108.766s][info][gc,phases      ] GC(295) Summary Phase 0.069ms
[108.766s][info][gc,phases,start] GC(295) Adjust Roots
[108.766s][info][gc,phases      ] GC(295) Adjust Roots 0.186ms
[108.766s][info][gc,phases,start] GC(295) Compaction Phase
[109.114s][info][gc,phases      ] GC(295) Compaction Phase 348.036ms
[109.114s][info][gc,phases,start] GC(295) Post Compact
[109.123s][info][gc,phases      ] GC(295) Post Compact 9.094ms
[109.123s][info][gc,heap        ] GC(295) PSYoungGen: 121538K(280064K)->121538K(280064K) Eden: 115200K(115200K)->115200K(115200K) From: 6338K(164864K)->6338K(164864K)
[109.123s][info][gc,heap        ] GC(295) ParOldGen: 5529306K(5529600K)->5529306K(5529600K)
[109.123s][info][gc,metaspace   ] GC(295) Metaspace: 6303K(6528K)->6303K(6528K) NonClass: 5769K(5888K)->5769K(5888K) Class: 533K(640K)->533K(640K)
[109.123s][info][gc             ] GC(295) Pause Full (Ergonomics) 5518M->5518M(5673M) 1663.941ms
[109.123s][info][gc,cpu         ] GC(295) User=12.84s Sys=0.00s Real=1.66s
[109.123s][info][gc,start       ] GC(296) Pause Full (Ergonomics)
[109.123s][info][gc,phases,start] GC(296) Marking Phase
[110.424s][info][gc,phases      ] GC(296) Marking Phase 1300.739ms
[110.424s][info][gc,phases,start] GC(296) Summary Phase
[110.424s][info][gc,phases      ] GC(296) Summary Phase 0.060ms
[110.424s][info][gc,phases,start] GC(296) Adjust Roots
[110.425s][info][gc,phases      ] GC(296) Adjust Roots 0.176ms
[110.425s][info][gc,phases,start] GC(296) Compaction Phase
[110.780s][info][gc,phases      ] GC(296) Compaction Phase 355.054ms
[110.780s][info][gc,phases,start] GC(296) Post Compact
[110.787s][info][gc,phases      ] GC(296) Post Compact 7.678ms
[110.787s][info][gc,heap        ] GC(296) PSYoungGen: 121538K(280064K)->121538K(280064K) Eden: 115200K(115200K)->115200K(115200K) From: 6338K(164864K)->6338K(164864K)
[110.787s][info][gc,heap        ] GC(296) ParOldGen: 5529311K(5529600K)->5529311K(5529600K)
[110.787s][info][gc,metaspace   ] GC(296) Metaspace: 6303K(6528K)->6303K(6528K) NonClass: 5769K(5888K)->5769K(5888K) Class: 533K(640K)->533K(640K)
[110.787s][info][gc             ] GC(296) Pause Full (Ergonomics) 5518M->5518M(5673M) 1664.039ms
[110.788s][info][gc,cpu         ] GC(296) User=12.75s Sys=0.00s Real=1.66s
[110.788s][info][gc,start       ] GC(297) Pause Full (Ergonomics)
[110.788s][info][gc,phases,start] GC(297) Marking Phase
[112.081s][info][gc,phases      ] GC(297) Marking Phase 1292.890ms
[112.081s][info][gc,phases,start] GC(297) Summary Phase
[112.081s][info][gc,phases      ] GC(297) Summary Phase 0.061ms
[112.081s][info][gc,phases,start] GC(297) Adjust Roots
[112.081s][info][gc,phases      ] GC(297) Adjust Roots 0.175ms
[112.081s][info][gc,phases,start] GC(297) Compaction Phase
[112.438s][info][gc,phases      ] GC(297) Compaction Phase 356.604ms
[112.438s][info][gc,phases,start] GC(297) Post Compact
[112.445s][info][gc,phases      ] GC(297) Post Compact 7.090ms
[112.445s][info][gc,heap        ] GC(297) PSYoungGen: 121538K(280064K)->121538K(280064K) Eden: 115200K(115200K)->115200K(115200K) From: 6338K(164864K)->6338K(164864K)
[112.445s][info][gc,heap        ] GC(297) ParOldGen: 5529316K(5529600K)->5529316K(5529600K)
[112.445s][info][gc,metaspace   ] GC(297) Metaspace: 6303K(6528K)->6303K(6528K) NonClass: 5769K(5888K)->5769K(5888K) Class: 533K(640K)->533K(640K)
[112.445s][info][gc             ] GC(297) Pause Full (Ergonomics) 5518M->5518M(5673M) 1657.107ms
[112.445s][info][gc,cpu         ] GC(297) User=12.62s Sys=0.00s Real=1.66s
[112.445s][info][gc,start       ] GC(298) Pause Full (Ergonomics)
[112.445s][info][gc,phases,start] GC(298) Marking Phase
[113.721s][info][gc,phases      ] GC(298) Marking Phase 1276.103ms
[113.721s][info][gc,phases,start] GC(298) Summary Phase
[113.721s][info][gc,phases      ] GC(298) Summary Phase 0.059ms
[113.721s][info][gc,phases,start] GC(298) Adjust Roots
[113.721s][info][gc,phases      ] GC(298) Adjust Roots 0.173ms
[113.721s][info][gc,phases,start] GC(298) Compaction Phase
[114.078s][info][gc,phases      ] GC(298) Compaction Phase 356.782ms
[114.078s][info][gc,phases,start] GC(298) Post Compact
[114.085s][info][gc,phases      ] GC(298) Post Compact 7.207ms
[114.086s][info][gc,heap        ] GC(298) PSYoungGen: 121538K(280064K)->121538K(280064K) Eden: 115200K(115200K)->115200K(115200K) From: 6338K(164864K)->6338K(164864K)
[114.086s][info][gc,heap        ] GC(298) ParOldGen: 5529321K(5529600K)->5529321K(5529600K)
[114.086s][info][gc,metaspace   ] GC(298) Metaspace: 6303K(6528K)->6303K(6528K) NonClass: 5769K(5888K)->5769K(5888K) Class: 533K(640K)->533K(640K)
[114.086s][info][gc             ] GC(298) Pause Full (Ergonomics) 5518M->5518M(5673M) 1640.648ms
[114.086s][info][gc,cpu         ] GC(298) User=12.53s Sys=0.00s Real=1.64s
[114.086s][info][gc,start       ] GC(299) Pause Full (Ergonomics)
[114.086s][info][gc,phases,start] GC(299) Marking Phase
[115.399s][info][gc,phases      ] GC(299) Marking Phase 1313.513ms
[115.399s][info][gc,phases,start] GC(299) Summary Phase
[115.399s][info][gc,phases      ] GC(299) Summary Phase 0.062ms
[115.399s][info][gc,phases,start] GC(299) Adjust Roots
[115.400s][info][gc,phases      ] GC(299) Adjust Roots 0.187ms
[115.400s][info][gc,phases,start] GC(299) Compaction Phase
[115.746s][info][gc,phases      ] GC(299) Compaction Phase 346.603ms
[115.746s][info][gc,phases,start] GC(299) Post Compact
[115.753s][info][gc,phases      ] GC(299) Post Compact 6.958ms
[115.753s][info][gc,heap        ] GC(299) PSYoungGen: 121538K(280064K)->121538K(280064K) Eden: 115200K(115200K)->115200K(115200K) From: 6338K(164864K)->6338K(164864K)
[115.753s][info][gc,heap        ] GC(299) ParOldGen: 5529326K(5529600K)->5529326K(5529600K)
[115.753s][info][gc,metaspace   ] GC(299) Metaspace: 6303K(6528K)->6303K(6528K) NonClass: 5769K(5888K)->5769K(5888K) Class: 533K(640K)->533K(640K)
[115.753s][info][gc             ] GC(299) Pause Full (Ergonomics) 5518M->5518M(5673M) 1667.658ms
[115.753s][info][gc,cpu         ] GC(299) User=12.88s Sys=0.00s Real=1.67s
[115.754s][info][gc,start       ] GC(300) Pause Full (Ergonomics)
[115.754s][info][gc,phases,start] GC(300) Marking Phase
[117.035s][info][gc,phases      ] GC(300) Marking Phase 1281.282ms
[117.035s][info][gc,phases,start] GC(300) Summary Phase
[117.035s][info][gc,phases      ] GC(300) Summary Phase 0.062ms
[117.035s][info][gc,phases,start] GC(300) Adjust Roots
[117.035s][info][gc,phases      ] GC(300) Adjust Roots 0.170ms
[117.035s][info][gc,phases,start] GC(300) Compaction Phase
[117.386s][info][gc,phases      ] GC(300) Compaction Phase 351.115ms
[117.386s][info][gc,phases,start] GC(300) Post Compact
[117.393s][info][gc,phases      ] GC(300) Post Compact 6.983ms
[117.394s][info][gc,heap        ] GC(300) PSYoungGen: 121538K(280064K)->121538K(280064K) Eden: 115200K(115200K)->115200K(115200K) From: 6338K(164864K)->6338K(164864K)
[117.394s][info][gc,heap        ] GC(300) ParOldGen: 5529330K(5529600K)->5529330K(5529600K)
[117.394s][info][gc,metaspace   ] GC(300) Metaspace: 6303K(6528K)->6303K(6528K) NonClass: 5769K(5888K)->5769K(5888K) Class: 533K(640K)->533K(640K)
[117.394s][info][gc             ] GC(300) Pause Full (Ergonomics) 5518M->5518M(5673M) 1639.923ms
[117.394s][info][gc,cpu         ] GC(300) User=12.62s Sys=0.00s Real=1.64s
[117.394s][info][gc,start       ] GC(301) Pause Full (Ergonomics)
[117.394s][info][gc,phases,start] GC(301) Marking Phase
[118.709s][info][gc,phases      ] GC(301) Marking Phase 1315.497ms
[118.709s][info][gc,phases,start] GC(301) Summary Phase
[118.709s][info][gc,phases      ] GC(301) Summary Phase 0.060ms
[118.709s][info][gc,phases,start] GC(301) Adjust Roots
[118.710s][info][gc,phases      ] GC(301) Adjust Roots 0.170ms
[118.710s][info][gc,phases,start] GC(301) Compaction Phase
[119.064s][info][gc,phases      ] GC(301) Compaction Phase 354.513ms
[119.064s][info][gc,phases,start] GC(301) Post Compact
[119.071s][info][gc,phases      ] GC(301) Post Compact 7.191ms
[119.072s][info][gc,heap        ] GC(301) PSYoungGen: 121538K(280064K)->121538K(280064K) Eden: 115200K(115200K)->115200K(115200K) From: 6338K(164864K)->6338K(164864K)
[119.072s][info][gc,heap        ] GC(301) ParOldGen: 5529335K(5529600K)->5529335K(5529600K)
[119.072s][info][gc,metaspace   ] GC(301) Metaspace: 6303K(6528K)->6303K(6528K) NonClass: 5769K(5888K)->5769K(5888K) Class: 533K(640K)->533K(640K)
[119.072s][info][gc             ] GC(301) Pause Full (Ergonomics) 5518M->5518M(5673M) 1677.785ms
[119.072s][info][gc,cpu         ] GC(301) User=12.98s Sys=0.00s Real=1.68s
[119.072s][info][gc,start       ] GC(302) Pause Full (Ergonomics)
[119.072s][info][gc,phases,start] GC(302) Marking Phase
[120.345s][info][gc,phases      ] GC(302) Marking Phase 1272.726ms
[120.345s][info][gc,phases,start] GC(302) Summary Phase
[120.345s][info][gc,phases      ] GC(302) Summary Phase 0.059ms
[120.345s][info][gc,phases,start] GC(302) Adjust Roots
[120.345s][info][gc,phases      ] GC(302) Adjust Roots 0.163ms
[120.345s][info][gc,phases,start] GC(302) Compaction Phase
[120.701s][info][gc,phases      ] GC(302) Compaction Phase 355.648ms
[120.701s][info][gc,phases,start] GC(302) Post Compact
[120.708s][info][gc,phases      ] GC(302) Post Compact 7.550ms
[120.708s][info][gc,heap        ] GC(302) PSYoungGen: 121538K(280064K)->121538K(280064K) Eden: 115200K(115200K)->115200K(115200K) From: 6338K(164864K)->6338K(164864K)
[120.708s][info][gc,heap        ] GC(302) ParOldGen: 5529340K(5529600K)->5529340K(5529600K)
[120.708s][info][gc,metaspace   ] GC(302) Metaspace: 6303K(6528K)->6303K(6528K) NonClass: 5769K(5888K)->5769K(5888K) Class: 533K(640K)->533K(640K)
[120.708s][info][gc             ] GC(302) Pause Full (Ergonomics) 5518M->5518M(5673M) 1636.494ms
[120.708s][info][gc,cpu         ] GC(302) User=12.47s Sys=0.03s Real=1.64s
[120.709s][info][gc,start       ] GC(303) Pause Full (Ergonomics)
[120.709s][info][gc,phases,start] GC(303) Marking Phase
[121.988s][info][gc,phases      ] GC(303) Marking Phase 1279.867ms
[121.988s][info][gc,phases,start] GC(303) Summary Phase
[121.989s][info][gc,phases      ] GC(303) Summary Phase 0.060ms
[121.989s][info][gc,phases,start] GC(303) Adjust Roots
[121.989s][info][gc,phases      ] GC(303) Adjust Roots 0.172ms
[121.989s][info][gc,phases,start] GC(303) Compaction Phase
[122.349s][info][gc,phases      ] GC(303) Compaction Phase 360.690ms
[122.349s][info][gc,phases,start] GC(303) Post Compact
[122.357s][info][gc,phases      ] GC(303) Post Compact 7.306ms
[122.357s][info][gc,heap        ] GC(303) PSYoungGen: 121538K(280064K)->121538K(280064K) Eden: 115200K(115200K)->115200K(115200K) From: 6338K(164864K)->6338K(164864K)
[122.357s][info][gc,heap        ] GC(303) ParOldGen: 5529345K(5529600K)->5529345K(5529600K)
[122.357s][info][gc,metaspace   ] GC(303) Metaspace: 6303K(6528K)->6303K(6528K) NonClass: 5769K(5888K)->5769K(5888K) Class: 533K(640K)->533K(640K)
[122.357s][info][gc             ] GC(303) Pause Full (Ergonomics) 5518M->5518M(5673M) 1648.415ms
[122.357s][info][gc,cpu         ] GC(303) User=12.66s Sys=0.00s Real=1.65s
[122.357s][info][gc,start       ] GC(304) Pause Full (Ergonomics)
[122.357s][info][gc,phases,start] GC(304) Marking Phase
[123.669s][info][gc,phases      ] GC(304) Marking Phase 1312.267ms
[123.669s][info][gc,phases,start] GC(304) Summary Phase
[123.670s][info][gc,phases      ] GC(304) Summary Phase 0.059ms
[123.670s][info][gc,phases,start] GC(304) Adjust Roots
[123.670s][info][gc,phases      ] GC(304) Adjust Roots 0.170ms
[123.670s][info][gc,phases,start] GC(304) Compaction Phase
[124.020s][info][gc,phases      ] GC(304) Compaction Phase 350.169ms
[124.020s][info][gc,phases,start] GC(304) Post Compact
[124.028s][info][gc,phases      ] GC(304) Post Compact 7.560ms
[124.028s][info][gc,heap        ] GC(304) PSYoungGen: 121538K(280064K)->121538K(280064K) Eden: 115200K(115200K)->115200K(115200K) From: 6338K(164864K)->6338K(164864K)
[124.028s][info][gc,heap        ] GC(304) ParOldGen: 5529350K(5529600K)->5529350K(5529600K)
[124.028s][info][gc,metaspace   ] GC(304) Metaspace: 6303K(6528K)->6303K(6528K) NonClass: 5769K(5888K)->5769K(5888K) Class: 533K(640K)->533K(640K)
[124.028s][info][gc             ] GC(304) Pause Full (Ergonomics) 5518M->5518M(5673M) 1670.566ms
[124.028s][info][gc,cpu         ] GC(304) User=12.77s Sys=0.00s Real=1.67s
[124.028s][info][gc,start       ] GC(305) Pause Full (Ergonomics)
[124.028s][info][gc,phases,start] GC(305) Marking Phase
[125.323s][info][gc,phases      ] GC(305) Marking Phase 1295.497ms
[125.323s][info][gc,phases,start] GC(305) Summary Phase
[125.324s][info][gc,phases      ] GC(305) Summary Phase 0.060ms
[125.324s][info][gc,phases,start] GC(305) Adjust Roots
[125.324s][info][gc,phases      ] GC(305) Adjust Roots 0.173ms
[125.324s][info][gc,phases,start] GC(305) Compaction Phase
[125.676s][info][gc,phases      ] GC(305) Compaction Phase 352.704ms
[125.677s][info][gc,phases,start] GC(305) Post Compact
[125.683s][info][gc,phases      ] GC(305) Post Compact 6.901ms
[125.683s][info][gc,heap        ] GC(305) PSYoungGen: 121538K(280064K)->121538K(280064K) Eden: 115200K(115200K)->115200K(115200K) From: 6338K(164864K)->6338K(164864K)
[125.684s][info][gc,heap        ] GC(305) ParOldGen: 5529355K(5529600K)->5529355K(5529600K)
[125.684s][info][gc,metaspace   ] GC(305) Metaspace: 6303K(6528K)->6303K(6528K) NonClass: 5769K(5888K)->5769K(5888K) Class: 533K(640K)->533K(640K)
[125.684s][info][gc             ] GC(305) Pause Full (Ergonomics) 5518M->5518M(5673M) 1655.647ms
[125.684s][info][gc,cpu         ] GC(305) User=12.62s Sys=0.00s Real=1.65s
[125.684s][info][gc,start       ] GC(306) Pause Full (Ergonomics)
[125.684s][info][gc,phases,start] GC(306) Marking Phase
[126.981s][info][gc,phases      ] GC(306) Marking Phase 1296.770ms
[126.981s][info][gc,phases,start] GC(306) Summary Phase
[126.981s][info][gc,phases      ] GC(306) Summary Phase 0.059ms
[126.981s][info][gc,phases,start] GC(306) Adjust Roots
[126.981s][info][gc,phases      ] GC(306) Adjust Roots 0.167ms
[126.981s][info][gc,phases,start] GC(306) Compaction Phase
[127.344s][info][gc,phases      ] GC(306) Compaction Phase 362.707ms
[127.344s][info][gc,phases,start] GC(306) Post Compact
[127.351s][info][gc,phases      ] GC(306) Post Compact 7.571ms
[127.351s][info][gc,heap        ] GC(306) PSYoungGen: 121538K(280064K)->121538K(280064K) Eden: 115200K(115200K)->115200K(115200K) From: 6338K(164864K)->6338K(164864K)
[127.351s][info][gc,heap        ] GC(306) ParOldGen: 5529359K(5529600K)->5529359K(5529600K)
[127.351s][info][gc,metaspace   ] GC(306) Metaspace: 6303K(6528K)->6303K(6528K) NonClass: 5769K(5888K)->5769K(5888K) Class: 533K(640K)->533K(640K)
[127.351s][info][gc             ] GC(306) Pause Full (Ergonomics) 5518M->5518M(5673M) 1667.585ms
[127.351s][info][gc,cpu         ] GC(306) User=12.84s Sys=0.00s Real=1.67s
[127.352s][info][gc,start       ] GC(307) Pause Full (Ergonomics)
[127.352s][info][gc,phases,start] GC(307) Marking Phase
[128.646s][info][gc,phases      ] GC(307) Marking Phase 1294.802ms
[128.646s][info][gc,phases,start] GC(307) Summary Phase
[128.647s][info][gc,phases      ] GC(307) Summary Phase 0.059ms
[128.647s][info][gc,phases,start] GC(307) Adjust Roots
[128.647s][info][gc,phases      ] GC(307) Adjust Roots 0.169ms
[128.647s][info][gc,phases,start] GC(307) Compaction Phase
[129.006s][info][gc,phases      ] GC(307) Compaction Phase 359.434ms
[129.006s][info][gc,phases,start] GC(307) Post Compact
[129.013s][info][gc,phases      ] GC(307) Post Compact 7.125ms
[129.013s][info][gc,heap        ] GC(307) PSYoungGen: 121538K(280064K)->121538K(280064K) Eden: 115200K(115200K)->115200K(115200K) From: 6338K(164864K)->6338K(164864K)
[129.013s][info][gc,heap        ] GC(307) ParOldGen: 5529364K(5529600K)->5529364K(5529600K)
[129.013s][info][gc,metaspace   ] GC(307) Metaspace: 6303K(6528K)->6303K(6528K) NonClass: 5769K(5888K)->5769K(5888K) Class: 533K(640K)->533K(640K)
[129.013s][info][gc             ] GC(307) Pause Full (Ergonomics) 5518M->5518M(5673M) 1661.918ms
[129.013s][info][gc,cpu         ] GC(307) User=12.78s Sys=0.00s Real=1.66s
[129.014s][info][gc,start       ] GC(308) Pause Full (Ergonomics)
[129.014s][info][gc,phases,start] GC(308) Marking Phase
[130.292s][info][gc,phases      ] GC(308) Marking Phase 1278.037ms
[130.292s][info][gc,phases,start] GC(308) Summary Phase
[130.292s][info][gc,phases      ] GC(308) Summary Phase 0.059ms
[130.292s][info][gc,phases,start] GC(308) Adjust Roots
[130.292s][info][gc,phases      ] GC(308) Adjust Roots 0.187ms
[130.292s][info][gc,phases,start] GC(308) Compaction Phase
[130.644s][info][gc,phases      ] GC(308) Compaction Phase 351.590ms
[130.644s][info][gc,phases,start] GC(308) Post Compact
[130.651s][info][gc,phases      ] GC(308) Post Compact 7.051ms
[130.651s][info][gc,heap        ] GC(308) PSYoungGen: 121538K(280064K)->121538K(280064K) Eden: 115200K(115200K)->115200K(115200K) From: 6338K(164864K)->6338K(164864K)
[130.651s][info][gc,heap        ] GC(308) ParOldGen: 5529369K(5529600K)->5529369K(5529600K)
[130.651s][info][gc,metaspace   ] GC(308) Metaspace: 6303K(6528K)->6303K(6528K) NonClass: 5769K(5888K)->5769K(5888K) Class: 533K(640K)->533K(640K)
[130.651s][info][gc             ] GC(308) Pause Full (Ergonomics) 5518M->5518M(5673M) 1637.252ms
[130.651s][info][gc,cpu         ] GC(308) User=12.66s Sys=0.00s Real=1.64s
[130.651s][info][gc,start       ] GC(309) Pause Full (Ergonomics)
[130.651s][info][gc,phases,start] GC(309) Marking Phase
[131.945s][info][gc,phases      ] GC(309) Marking Phase 1293.661ms
[131.945s][info][gc,phases,start] GC(309) Summary Phase
[131.945s][info][gc,phases      ] GC(309) Summary Phase 0.060ms
[131.945s][info][gc,phases,start] GC(309) Adjust Roots
[131.945s][info][gc,phases      ] GC(309) Adjust Roots 0.176ms
[131.945s][info][gc,phases,start] GC(309) Compaction Phase
[132.305s][info][gc,phases      ] GC(309) Compaction Phase 359.696ms
[132.305s][info][gc,phases,start] GC(309) Post Compact
[132.312s][info][gc,phases      ] GC(309) Post Compact 7.513ms
[132.312s][info][gc,heap        ] GC(309) PSYoungGen: 121538K(280064K)->121538K(280064K) Eden: 115200K(115200K)->115200K(115200K) From: 6338K(164864K)->6338K(164864K)
[132.313s][info][gc,heap        ] GC(309) ParOldGen: 5529374K(5529600K)->5529374K(5529600K)
[132.313s][info][gc,metaspace   ] GC(309) Metaspace: 6303K(6528K)->6303K(6528K) NonClass: 5769K(5888K)->5769K(5888K) Class: 533K(640K)->533K(640K)
[132.313s][info][gc             ] GC(309) Pause Full (Ergonomics) 5518M->5518M(5673M) 1661.447ms
[132.313s][info][gc,cpu         ] GC(309) User=12.86s Sys=0.00s Real=1.66s
[132.313s][info][gc,start       ] GC(310) Pause Full (Ergonomics)
[132.313s][info][gc,phases,start] GC(310) Marking Phase
[133.582s][info][gc,phases      ] GC(310) Marking Phase 1269.128ms
[133.582s][info][gc,phases,start] GC(310) Summary Phase
[133.582s][info][gc,phases      ] GC(310) Summary Phase 0.060ms
[133.582s][info][gc,phases,start] GC(310) Adjust Roots
[133.582s][info][gc,phases      ] GC(310) Adjust Roots 0.172ms
[133.582s][info][gc,phases,start] GC(310) Compaction Phase
[133.940s][info][gc,phases      ] GC(310) Compaction Phase 357.753ms
[133.940s][info][gc,phases,start] GC(310) Post Compact
[133.947s][info][gc,phases      ] GC(310) Post Compact 7.403ms
[133.948s][info][gc,heap        ] GC(310) PSYoungGen: 121538K(280064K)->121538K(280064K) Eden: 115200K(115200K)->115200K(115200K) From: 6338K(164864K)->6338K(164864K)
[133.948s][info][gc,heap        ] GC(310) ParOldGen: 5529379K(5529600K)->5529379K(5529600K)
[133.948s][info][gc,metaspace   ] GC(310) Metaspace: 6303K(6528K)->6303K(6528K) NonClass: 5769K(5888K)->5769K(5888K) Class: 533K(640K)->533K(640K)
[133.948s][info][gc             ] GC(310) Pause Full (Ergonomics) 5518M->5518M(5673M) 1634.867ms
[133.948s][info][gc,cpu         ] GC(310) User=12.70s Sys=0.00s Real=1.63s
[133.948s][info][gc,start       ] GC(311) Pause Full (Ergonomics)
[133.948s][info][gc,phases,start] GC(311) Marking Phase
[135.262s][info][gc,phases      ] GC(311) Marking Phase 1313.864ms
[135.262s][info][gc,phases,start] GC(311) Summary Phase
[135.262s][info][gc,phases      ] GC(311) Summary Phase 0.090ms
[135.262s][info][gc,phases,start] GC(311) Adjust Roots
[135.262s][info][gc,phases      ] GC(311) Adjust Roots 0.197ms
[135.262s][info][gc,phases,start] GC(311) Compaction Phase
[135.618s][info][gc,phases      ] GC(311) Compaction Phase 355.546ms
[135.618s][info][gc,phases,start] GC(311) Post Compact
[135.626s][info][gc,phases      ] GC(311) Post Compact 8.041ms
[135.626s][info][gc,heap        ] GC(311) PSYoungGen: 121538K(280064K)->121538K(280064K) Eden: 115200K(115200K)->115200K(115200K) From: 6338K(164864K)->6338K(164864K)
[135.626s][info][gc,heap        ] GC(311) ParOldGen: 5529384K(5529600K)->5529384K(5529600K)
[135.626s][info][gc,metaspace   ] GC(311) Metaspace: 6303K(6528K)->6303K(6528K) NonClass: 5769K(5888K)->5769K(5888K) Class: 533K(640K)->533K(640K)
[135.626s][info][gc             ] GC(311) Pause Full (Ergonomics) 5518M->5518M(5673M) 1678.065ms
[135.626s][info][gc,cpu         ] GC(311) User=12.91s Sys=0.00s Real=1.68s
[135.626s][info][gc,start       ] GC(312) Pause Full (Ergonomics)
[135.626s][info][gc,phases,start] GC(312) Marking Phase
[136.921s][info][gc,phases      ] GC(312) Marking Phase 1295.049ms
[136.921s][info][gc,phases,start] GC(312) Summary Phase
[136.921s][info][gc,phases      ] GC(312) Summary Phase 0.062ms
[136.921s][info][gc,phases,start] GC(312) Adjust Roots
[136.922s][info][gc,phases      ] GC(312) Adjust Roots 0.187ms
[136.922s][info][gc,phases,start] GC(312) Compaction Phase
[137.275s][info][gc,phases      ] GC(312) Compaction Phase 353.592ms
[137.275s][info][gc,phases,start] GC(312) Post Compact
[137.283s][info][gc,phases      ] GC(312) Post Compact 7.239ms
[137.283s][info][gc,heap        ] GC(312) PSYoungGen: 121538K(280064K)->121538K(280064K) Eden: 115200K(115200K)->115200K(115200K) From: 6338K(164864K)->6338K(164864K)
[137.283s][info][gc,heap        ] GC(312) ParOldGen: 5529388K(5529600K)->5529388K(5529600K)
[137.283s][info][gc,metaspace   ] GC(312) Metaspace: 6303K(6528K)->6303K(6528K) NonClass: 5769K(5888K)->5769K(5888K) Class: 533K(640K)->533K(640K)
[137.283s][info][gc             ] GC(312) Pause Full (Ergonomics) 5518M->5518M(5673M) 1656.608ms
[137.283s][info][gc,cpu         ] GC(312) User=12.66s Sys=0.02s Real=1.66s
[137.283s][info][gc,start       ] GC(313) Pause Full (Ergonomics)
[137.283s][info][gc,phases,start] GC(313) Marking Phase
[138.580s][info][gc,phases      ] GC(313) Marking Phase 1297.024ms
[138.580s][info][gc,phases,start] GC(313) Summary Phase
[138.580s][info][gc,phases      ] GC(313) Summary Phase 0.062ms
[138.580s][info][gc,phases,start] GC(313) Adjust Roots
[138.580s][info][gc,phases      ] GC(313) Adjust Roots 0.190ms
[138.580s][info][gc,phases,start] GC(313) Compaction Phase
[138.932s][info][gc,phases      ] GC(313) Compaction Phase 351.773ms
[138.932s][info][gc,phases,start] GC(313) Post Compact
[138.941s][info][gc,phases      ] GC(313) Post Compact 8.591ms
[138.941s][info][gc,heap        ] GC(313) PSYoungGen: 121538K(280064K)->121538K(280064K) Eden: 115200K(115200K)->115200K(115200K) From: 6338K(164864K)->6338K(164864K)
[138.941s][info][gc,heap        ] GC(313) ParOldGen: 5529393K(5529600K)->5529393K(5529600K)
[138.941s][info][gc,metaspace   ] GC(313) Metaspace: 6303K(6528K)->6303K(6528K) NonClass: 5769K(5888K)->5769K(5888K) Class: 533K(640K)->533K(640K)
[138.941s][info][gc             ] GC(313) Pause Full (Ergonomics) 5518M->5518M(5673M) 1658.008ms
[138.941s][info][gc,cpu         ] GC(313) User=12.55s Sys=0.00s Real=1.66s
[138.941s][info][gc,start       ] GC(314) Pause Full (Ergonomics)
[138.941s][info][gc,phases,start] GC(314) Marking Phase
[140.242s][info][gc,phases      ] GC(314) Marking Phase 1301.214ms
[140.243s][info][gc,phases,start] GC(314) Summary Phase
[140.243s][info][gc,phases      ] GC(314) Summary Phase 0.087ms
[140.243s][info][gc,phases,start] GC(314) Adjust Roots
[140.243s][info][gc,phases      ] GC(314) Adjust Roots 0.264ms
[140.243s][info][gc,phases,start] GC(314) Compaction Phase
[140.596s][info][gc,phases      ] GC(314) Compaction Phase 353.076ms
[140.596s][info][gc,phases,start] GC(314) Post Compact
[140.604s][info][gc,phases      ] GC(314) Post Compact 7.877ms
[140.604s][info][gc,heap        ] GC(314) PSYoungGen: 121538K(280064K)->121538K(280064K) Eden: 115200K(115200K)->115200K(115200K) From: 6338K(164864K)->6338K(164864K)
[140.604s][info][gc,heap        ] GC(314) ParOldGen: 5529398K(5529600K)->5529398K(5529600K)
[140.604s][info][gc,metaspace   ] GC(314) Metaspace: 6303K(6528K)->6303K(6528K) NonClass: 5769K(5888K)->5769K(5888K) Class: 533K(640K)->533K(640K)
[140.604s][info][gc             ] GC(314) Pause Full (Ergonomics) 5518M->5518M(5673M) 1662.922ms
[140.604s][info][gc,cpu         ] GC(314) User=12.88s Sys=0.00s Real=1.66s
[140.604s][info][gc,start       ] GC(315) Pause Full (Ergonomics)
[140.604s][info][gc,phases,start] GC(315) Marking Phase
[141.894s][info][gc,phases      ] GC(315) Marking Phase 1289.775ms
[141.894s][info][gc,phases,start] GC(315) Summary Phase
[141.894s][info][gc,phases      ] GC(315) Summary Phase 0.059ms
[141.894s][info][gc,phases,start] GC(315) Adjust Roots
[141.894s][info][gc,phases      ] GC(315) Adjust Roots 0.169ms
[141.894s][info][gc,phases,start] GC(315) Compaction Phase
[142.250s][info][gc,phases      ] GC(315) Compaction Phase 355.110ms
[142.250s][info][gc,phases,start] GC(315) Post Compact
[142.257s][info][gc,phases      ] GC(315) Post Compact 6.968ms
[142.257s][info][gc,heap        ] GC(315) PSYoungGen: 121538K(280064K)->121538K(280064K) Eden: 115200K(115200K)->115200K(115200K) From: 6338K(164864K)->6338K(164864K)
[142.257s][info][gc,heap        ] GC(315) ParOldGen: 5529403K(5529600K)->5529403K(5529600K)
[142.257s][info][gc,metaspace   ] GC(315) Metaspace: 6303K(6528K)->6303K(6528K) NonClass: 5769K(5888K)->5769K(5888K) Class: 533K(640K)->533K(640K)
[142.257s][info][gc             ] GC(315) Pause Full (Ergonomics) 5518M->5518M(5673M) 1652.486ms
[142.257s][info][gc,cpu         ] GC(315) User=12.86s Sys=0.00s Real=1.65s
[142.257s][info][gc,start       ] GC(316) Pause Full (Ergonomics)
[142.257s][info][gc,phases,start] GC(316) Marking Phase
[143.546s][info][gc,phases      ] GC(316) Marking Phase 1288.773ms
[143.546s][info][gc,phases,start] GC(316) Summary Phase
[143.546s][info][gc,phases      ] GC(316) Summary Phase 0.060ms
[143.546s][info][gc,phases,start] GC(316) Adjust Roots
[143.546s][info][gc,phases      ] GC(316) Adjust Roots 0.163ms
[143.546s][info][gc,phases,start] GC(316) Compaction Phase
[143.905s][info][gc,phases      ] GC(316) Compaction Phase 358.810ms
[143.905s][info][gc,phases,start] GC(316) Post Compact
[143.912s][info][gc,phases      ] GC(316) Post Compact 6.510ms
[143.912s][info][gc,heap        ] GC(316) PSYoungGen: 121538K(280064K)->121538K(280064K) Eden: 115200K(115200K)->115200K(115200K) From: 6338K(164864K)->6338K(164864K)
[143.912s][info][gc,heap        ] GC(316) ParOldGen: 5529408K(5529600K)->5529408K(5529600K)
[143.912s][info][gc,metaspace   ] GC(316) Metaspace: 6303K(6528K)->6303K(6528K) NonClass: 5769K(5888K)->5769K(5888K) Class: 533K(640K)->533K(640K)
[143.912s][info][gc             ] GC(316) Pause Full (Ergonomics) 5518M->5518M(5673M) 1654.631ms
[143.912s][info][gc,cpu         ] GC(316) User=12.69s Sys=0.00s Real=1.65s
[143.912s][info][gc,start       ] GC(317) Pause Full (Ergonomics)
[143.912s][info][gc,phases,start] GC(317) Marking Phase
[145.217s][info][gc,phases      ] GC(317) Marking Phase 1305.102ms
[145.217s][info][gc,phases,start] GC(317) Summary Phase
[145.217s][info][gc,phases      ] GC(317) Summary Phase 0.063ms
[145.217s][info][gc,phases,start] GC(317) Adjust Roots
[145.217s][info][gc,phases      ] GC(317) Adjust Roots 0.192ms
[145.217s][info][gc,phases,start] GC(317) Compaction Phase
[145.573s][info][gc,phases      ] GC(317) Compaction Phase 355.445ms
[145.573s][info][gc,phases,start] GC(317) Post Compact
[145.581s][info][gc,phases      ] GC(317) Post Compact 8.561ms
[145.582s][info][gc,heap        ] GC(317) PSYoungGen: 121538K(280064K)->121538K(280064K) Eden: 115200K(115200K)->115200K(115200K) From: 6338K(164864K)->6338K(164864K)
[145.582s][info][gc,heap        ] GC(317) ParOldGen: 5529413K(5529600K)->5529413K(5529600K)
[145.582s][info][gc,metaspace   ] GC(317) Metaspace: 6303K(6528K)->6303K(6528K) NonClass: 5769K(5888K)->5769K(5888K) Class: 533K(640K)->533K(640K)
[145.582s][info][gc             ] GC(317) Pause Full (Ergonomics) 5518M->5518M(5673M) 1669.694ms
[145.582s][info][gc,cpu         ] GC(317) User=12.78s Sys=0.03s Real=1.67s
[145.582s][info][gc,start       ] GC(318) Pause Full (Ergonomics)
[145.582s][info][gc,phases,start] GC(318) Marking Phase
[146.893s][info][gc,phases      ] GC(318) Marking Phase 1311.184ms
[146.893s][info][gc,phases,start] GC(318) Summary Phase
[146.893s][info][gc,phases      ] GC(318) Summary Phase 0.060ms
[146.893s][info][gc,phases,start] GC(318) Adjust Roots
[146.893s][info][gc,phases      ] GC(318) Adjust Roots 0.164ms
[146.893s][info][gc,phases,start] GC(318) Compaction Phase
[147.246s][info][gc,phases      ] GC(318) Compaction Phase 353.020ms
[147.246s][info][gc,phases,start] GC(318) Post Compact
[147.254s][info][gc,phases      ] GC(318) Post Compact 7.779ms
[147.254s][info][gc,heap        ] GC(318) PSYoungGen: 121538K(280064K)->121538K(280064K) Eden: 115200K(115200K)->115200K(115200K) From: 6338K(164864K)->6338K(164864K)
[147.254s][info][gc,heap        ] GC(318) ParOldGen: 5529417K(5529600K)->5529417K(5529600K)
[147.254s][info][gc,metaspace   ] GC(318) Metaspace: 6303K(6528K)->6303K(6528K) NonClass: 5769K(5888K)->5769K(5888K) Class: 533K(640K)->533K(640K)
[147.254s][info][gc             ] GC(318) Pause Full (Ergonomics) 5518M->5518M(5673M) 1672.558ms
[147.254s][info][gc,cpu         ] GC(318) User=12.66s Sys=0.00s Real=1.67s
[147.255s][info][gc,start       ] GC(319) Pause Full (Ergonomics)
[147.255s][info][gc,phases,start] GC(319) Marking Phase
[148.550s][info][gc,phases      ] GC(319) Marking Phase 1294.996ms
[148.550s][info][gc,phases,start] GC(319) Summary Phase
[148.550s][info][gc,phases      ] GC(319) Summary Phase 0.060ms
[148.550s][info][gc,phases,start] GC(319) Adjust Roots
[148.550s][info][gc,phases      ] GC(319) Adjust Roots 0.163ms
[148.550s][info][gc,phases,start] GC(319) Compaction Phase
[148.911s][info][gc,phases      ] GC(319) Compaction Phase 361.285ms
[148.911s][info][gc,phases,start] GC(319) Post Compact
[148.918s][info][gc,phases      ] GC(319) Post Compact 6.986ms
[148.918s][info][gc,heap        ] GC(319) PSYoungGen: 121538K(280064K)->121538K(280064K) Eden: 115200K(115200K)->115200K(115200K) From: 6338K(164864K)->6338K(164864K)
[148.918s][info][gc,heap        ] GC(319) ParOldGen: 5529422K(5529600K)->5529422K(5529600K)
[148.918s][info][gc,metaspace   ] GC(319) Metaspace: 6303K(6528K)->6303K(6528K) NonClass: 5769K(5888K)->5769K(5888K) Class: 533K(640K)->533K(640K)
[148.918s][info][gc             ] GC(319) Pause Full (Ergonomics) 5518M->5518M(5673M) 1663.800ms
[148.918s][info][gc,cpu         ] GC(319) User=12.83s Sys=0.00s Real=1.66s
[148.919s][info][gc,start       ] GC(320) Pause Full (Ergonomics)
[148.919s][info][gc,phases,start] GC(320) Marking Phase
[150.218s][info][gc,phases      ] GC(320) Marking Phase 1299.550ms
[150.218s][info][gc,phases,start] GC(320) Summary Phase
[150.218s][info][gc,phases      ] GC(320) Summary Phase 0.074ms
[150.218s][info][gc,phases,start] GC(320) Adjust Roots
[150.219s][info][gc,phases      ] GC(320) Adjust Roots 0.185ms
[150.219s][info][gc,phases,start] GC(320) Compaction Phase
[150.581s][info][gc,phases      ] GC(320) Compaction Phase 362.613ms
[150.581s][info][gc,phases,start] GC(320) Post Compact
[150.589s][info][gc,phases      ] GC(320) Post Compact 7.232ms
[150.589s][info][gc,heap        ] GC(320) PSYoungGen: 121538K(280064K)->121538K(280064K) Eden: 115200K(115200K)->115200K(115200K) From: 6338K(164864K)->6338K(164864K)
[150.589s][info][gc,heap        ] GC(320) ParOldGen: 5529427K(5529600K)->5529427K(5529600K)
[150.589s][info][gc,metaspace   ] GC(320) Metaspace: 6303K(6528K)->6303K(6528K) NonClass: 5769K(5888K)->5769K(5888K) Class: 533K(640K)->533K(640K)
[150.589s][info][gc             ] GC(320) Pause Full (Ergonomics) 5518M->5518M(5673M) 1670.000ms
[150.589s][info][gc,cpu         ] GC(320) User=12.78s Sys=0.03s Real=1.67s
[150.589s][info][gc,start       ] GC(321) Pause Full (Ergonomics)
[150.589s][info][gc,phases,start] GC(321) Marking Phase
[151.882s][info][gc,phases      ] GC(321) Marking Phase 1292.742ms
[151.882s][info][gc,phases,start] GC(321) Summary Phase
[151.882s][info][gc,phases      ] GC(321) Summary Phase 0.060ms
[151.882s][info][gc,phases,start] GC(321) Adjust Roots
[151.882s][info][gc,phases      ] GC(321) Adjust Roots 0.164ms
[151.882s][info][gc,phases,start] GC(321) Compaction Phase
[152.240s][info][gc,phases      ] GC(321) Compaction Phase 357.675ms
[152.240s][info][gc,phases,start] GC(321) Post Compact
[152.247s][info][gc,phases      ] GC(321) Post Compact 6.979ms
[152.247s][info][gc,heap        ] GC(321) PSYoungGen: 121538K(280064K)->121538K(280064K) Eden: 115200K(115200K)->115200K(115200K) From: 6338K(164864K)->6338K(164864K)
[152.247s][info][gc,heap        ] GC(321) ParOldGen: 5529432K(5529600K)->5529432K(5529600K)
[152.247s][info][gc,metaspace   ] GC(321) Metaspace: 6303K(6528K)->6303K(6528K) NonClass: 5769K(5888K)->5769K(5888K) Class: 533K(640K)->533K(640K)
[152.247s][info][gc             ] GC(321) Pause Full (Ergonomics) 5518M->5518M(5673M) 1657.912ms
[152.247s][info][gc,cpu         ] GC(321) User=12.95s Sys=0.02s Real=1.66s
[152.247s][info][gc,start       ] GC(322) Pause Full (Ergonomics)
[152.247s][info][gc,phases,start] GC(322) Marking Phase
[153.537s][info][gc,phases      ] GC(322) Marking Phase 1290.406ms
[153.538s][info][gc,phases,start] GC(322) Summary Phase
[153.538s][info][gc,phases      ] GC(322) Summary Phase 0.063ms
[153.538s][info][gc,phases,start] GC(322) Adjust Roots
[153.538s][info][gc,phases      ] GC(322) Adjust Roots 0.173ms
[153.538s][info][gc,phases,start] GC(322) Compaction Phase
[153.886s][info][gc,phases      ] GC(322) Compaction Phase 348.509ms
[153.886s][info][gc,phases,start] GC(322) Post Compact
[153.893s][info][gc,phases      ] GC(322) Post Compact 6.825ms
[153.893s][info][gc,heap        ] GC(322) PSYoungGen: 121538K(280064K)->121538K(280064K) Eden: 115200K(115200K)->115200K(115200K) From: 6338K(164864K)->6338K(164864K)
[153.893s][info][gc,heap        ] GC(322) ParOldGen: 5529437K(5529600K)->5529437K(5529600K)
[153.893s][info][gc,metaspace   ] GC(322) Metaspace: 6303K(6528K)->6303K(6528K) NonClass: 5769K(5888K)->5769K(5888K) Class: 533K(640K)->533K(640K)
[153.893s][info][gc             ] GC(322) Pause Full (Ergonomics) 5518M->5518M(5673M) 1646.399ms
[153.893s][info][gc,cpu         ] GC(322) User=12.61s Sys=0.02s Real=1.65s
[153.894s][info][gc,start       ] GC(323) Pause Full (Ergonomics)
[153.894s][info][gc,phases,start] GC(323) Marking Phase
[155.173s][info][gc,phases      ] GC(323) Marking Phase 1279.524ms
[155.173s][info][gc,phases,start] GC(323) Summary Phase
[155.173s][info][gc,phases      ] GC(323) Summary Phase 0.059ms
[155.173s][info][gc,phases,start] GC(323) Adjust Roots
[155.173s][info][gc,phases      ] GC(323) Adjust Roots 0.201ms
[155.173s][info][gc,phases,start] GC(323) Compaction Phase
[155.533s][info][gc,phases      ] GC(323) Compaction Phase 359.358ms
[155.533s][info][gc,phases,start] GC(323) Post Compact
[155.540s][info][gc,phases      ] GC(323) Post Compact 7.323ms
[155.540s][info][gc,heap        ] GC(323) PSYoungGen: 121538K(280064K)->121538K(280064K) Eden: 115200K(115200K)->115200K(115200K) From: 6338K(164864K)->6338K(164864K)
[155.540s][info][gc,heap        ] GC(323) ParOldGen: 5529442K(5529600K)->5529442K(5529600K)
[155.540s][info][gc,metaspace   ] GC(323) Metaspace: 6303K(6528K)->6303K(6528K) NonClass: 5769K(5888K)->5769K(5888K) Class: 533K(640K)->533K(640K)
[155.540s][info][gc             ] GC(323) Pause Full (Ergonomics) 5518M->5518M(5673M) 1646.770ms
[155.540s][info][gc,cpu         ] GC(323) User=12.47s Sys=0.00s Real=1.65s
[155.541s][info][gc,start       ] GC(324) Pause Full (Ergonomics)
[155.541s][info][gc,phases,start] GC(324) Marking Phase
[156.847s][info][gc,phases      ] GC(324) Marking Phase 1306.576ms
[156.847s][info][gc,phases,start] GC(324) Summary Phase
[156.847s][info][gc,phases      ] GC(324) Summary Phase 0.069ms
[156.847s][info][gc,phases,start] GC(324) Adjust Roots
[156.848s][info][gc,phases      ] GC(324) Adjust Roots 0.201ms
[156.848s][info][gc,phases,start] GC(324) Compaction Phase
[157.201s][info][gc,phases      ] GC(324) Compaction Phase 353.018ms
[157.201s][info][gc,phases,start] GC(324) Post Compact
[157.208s][info][gc,phases      ] GC(324) Post Compact 7.533ms
[157.208s][info][gc,heap        ] GC(324) PSYoungGen: 121538K(280064K)->121538K(280064K) Eden: 115200K(115200K)->115200K(115200K) From: 6338K(164864K)->6338K(164864K)
[157.208s][info][gc,heap        ] GC(324) ParOldGen: 5529446K(5529600K)->5529446K(5529600K)
[157.208s][info][gc,metaspace   ] GC(324) Metaspace: 6303K(6528K)->6303K(6528K) NonClass: 5769K(5888K)->5769K(5888K) Class: 533K(640K)->533K(640K)
[157.208s][info][gc             ] GC(324) Pause Full (Ergonomics) 5518M->5518M(5673M) 1667.778ms
[157.208s][info][gc,cpu         ] GC(324) User=12.86s Sys=0.00s Real=1.67s
[157.209s][info][gc,start       ] GC(325) Pause Full (Ergonomics)
[157.209s][info][gc,phases,start] GC(325) Marking Phase
[158.502s][info][gc,phases      ] GC(325) Marking Phase 1293.651ms
[158.502s][info][gc,phases,start] GC(325) Summary Phase
[158.502s][info][gc,phases      ] GC(325) Summary Phase 0.059ms
[158.502s][info][gc,phases,start] GC(325) Adjust Roots
[158.503s][info][gc,phases      ] GC(325) Adjust Roots 0.169ms
[158.503s][info][gc,phases,start] GC(325) Compaction Phase
[158.854s][info][gc,phases      ] GC(325) Compaction Phase 351.706ms
[158.854s][info][gc,phases,start] GC(325) Post Compact
[158.861s][info][gc,phases      ] GC(325) Post Compact 6.852ms
[158.861s][info][gc,heap        ] GC(325) PSYoungGen: 121538K(280064K)->121538K(280064K) Eden: 115200K(115200K)->115200K(115200K) From: 6338K(164864K)->6338K(164864K)
[158.861s][info][gc,heap        ] GC(325) ParOldGen: 5529451K(5529600K)->5529451K(5529600K)
[158.861s][info][gc,metaspace   ] GC(325) Metaspace: 6303K(6528K)->6303K(6528K) NonClass: 5769K(5888K)->5769K(5888K) Class: 533K(640K)->533K(640K)
[158.861s][info][gc             ] GC(325) Pause Full (Ergonomics) 5518M->5518M(5673M) 1652.763ms
[158.861s][info][gc,cpu         ] GC(325) User=12.62s Sys=0.00s Real=1.65s
[158.861s][info][gc,start       ] GC(326) Pause Full (Ergonomics)
[158.861s][info][gc,phases,start] GC(326) Marking Phase
[160.163s][info][gc,phases      ] GC(326) Marking Phase 1301.640ms
[160.163s][info][gc,phases,start] GC(326) Summary Phase
[160.163s][info][gc,phases      ] GC(326) Summary Phase 0.060ms
[160.163s][info][gc,phases,start] GC(326) Adjust Roots
[160.163s][info][gc,phases      ] GC(326) Adjust Roots 0.168ms
[160.163s][info][gc,phases,start] GC(326) Compaction Phase
[160.515s][info][gc,phases      ] GC(326) Compaction Phase 351.224ms
[160.515s][info][gc,phases,start] GC(326) Post Compact
[160.523s][info][gc,phases      ] GC(326) Post Compact 8.084ms
[160.523s][info][gc,heap        ] GC(326) PSYoungGen: 121538K(280064K)->121538K(280064K) Eden: 115200K(115200K)->115200K(115200K) From: 6338K(164864K)->6338K(164864K)
[160.523s][info][gc,heap        ] GC(326) ParOldGen: 5529456K(5529600K)->5529456K(5529600K)
[160.523s][info][gc,metaspace   ] GC(326) Metaspace: 6303K(6528K)->6303K(6528K) NonClass: 5769K(5888K)->5769K(5888K) Class: 533K(640K)->533K(640K)
[160.523s][info][gc             ] GC(326) Pause Full (Ergonomics) 5518M->5518M(5673M) 1661.482ms
[160.523s][info][gc,cpu         ] GC(326) User=12.92s Sys=0.00s Real=1.66s
[160.523s][info][gc,start       ] GC(327) Pause Full (Ergonomics)
[160.523s][info][gc,phases,start] GC(327) Marking Phase
[161.815s][info][gc,phases      ] GC(327) Marking Phase 1291.410ms
[161.815s][info][gc,phases,start] GC(327) Summary Phase
[161.815s][info][gc,phases      ] GC(327) Summary Phase 0.059ms
[161.815s][info][gc,phases,start] GC(327) Adjust Roots
[161.815s][info][gc,phases      ] GC(327) Adjust Roots 0.171ms
[161.815s][info][gc,phases,start] GC(327) Compaction Phase
[162.174s][info][gc,phases      ] GC(327) Compaction Phase 359.123ms
[162.174s][info][gc,phases,start] GC(327) Post Compact
[162.181s][info][gc,phases      ] GC(327) Post Compact 7.197ms
[162.181s][info][gc,heap        ] GC(327) PSYoungGen: 121538K(280064K)->121538K(280064K) Eden: 115200K(115200K)->115200K(115200K) From: 6338K(164864K)->6338K(164864K)
[162.181s][info][gc,heap        ] GC(327) ParOldGen: 5529461K(5529600K)->5529461K(5529600K)
[162.181s][info][gc,metaspace   ] GC(327) Metaspace: 6303K(6528K)->6303K(6528K) NonClass: 5769K(5888K)->5769K(5888K) Class: 533K(640K)->533K(640K)
[162.181s][info][gc             ] GC(327) Pause Full (Ergonomics) 5518M->5518M(5673M) 1658.290ms
[162.181s][info][gc,cpu         ] GC(327) User=12.72s Sys=0.00s Real=1.66s
[162.182s][info][gc,start       ] GC(328) Pause Full (Ergonomics)
[162.182s][info][gc,phases,start] GC(328) Marking Phase
[163.487s][info][gc,phases      ] GC(328) Marking Phase 1304.922ms
[163.487s][info][gc,phases,start] GC(328) Summary Phase
[163.487s][info][gc,phases      ] GC(328) Summary Phase 0.059ms
[163.487s][info][gc,phases,start] GC(328) Adjust Roots
[163.487s][info][gc,phases      ] GC(328) Adjust Roots 0.168ms
[163.487s][info][gc,phases,start] GC(328) Compaction Phase
[163.845s][info][gc,phases      ] GC(328) Compaction Phase 358.480ms
[163.845s][info][gc,phases,start] GC(328) Post Compact
[163.853s][info][gc,phases      ] GC(328) Post Compact 7.564ms
[163.853s][info][gc,heap        ] GC(328) PSYoungGen: 121538K(280064K)->121538K(280064K) Eden: 115200K(115200K)->115200K(115200K) From: 6338K(164864K)->6338K(164864K)
[163.853s][info][gc,heap        ] GC(328) ParOldGen: 5529466K(5529600K)->5529466K(5529600K)
[163.853s][info][gc,metaspace   ] GC(328) Metaspace: 6303K(6528K)->6303K(6528K) NonClass: 5769K(5888K)->5769K(5888K) Class: 533K(640K)->533K(640K)
[163.853s][info][gc             ] GC(328) Pause Full (Ergonomics) 5518M->5518M(5673M) 1671.529ms
[163.853s][info][gc,cpu         ] GC(328) User=12.86s Sys=0.00s Real=1.67s
[163.853s][info][gc,start       ] GC(329) Pause Full (Ergonomics)
[163.853s][info][gc,phases,start] GC(329) Marking Phase
[165.134s][info][gc,phases      ] GC(329) Marking Phase 1280.422ms
[165.134s][info][gc,phases,start] GC(329) Summary Phase
[165.134s][info][gc,phases      ] GC(329) Summary Phase 0.060ms
[165.134s][info][gc,phases,start] GC(329) Adjust Roots
[165.134s][info][gc,phases      ] GC(329) Adjust Roots 0.166ms
[165.134s][info][gc,phases,start] GC(329) Compaction Phase
[165.492s][info][gc,phases      ] GC(329) Compaction Phase 357.868ms
[165.492s][info][gc,phases,start] GC(329) Post Compact
[165.499s][info][gc,phases      ] GC(329) Post Compact 7.371ms
[165.500s][info][gc,heap        ] GC(329) PSYoungGen: 121538K(280064K)->121538K(280064K) Eden: 115200K(115200K)->115200K(115200K) From: 6338K(164864K)->6338K(164864K)
[165.500s][info][gc,heap        ] GC(329) ParOldGen: 5529471K(5529600K)->5529471K(5529600K)
[165.500s][info][gc,metaspace   ] GC(329) Metaspace: 6303K(6528K)->6303K(6528K) NonClass: 5769K(5888K)->5769K(5888K) Class: 533K(640K)->533K(640K)
[165.500s][info][gc             ] GC(329) Pause Full (Ergonomics) 5518M->5518M(5673M) 1646.207ms
[165.500s][info][gc,cpu         ] GC(329) User=12.72s Sys=0.02s Real=1.65s
[165.500s][info][gc,start       ] GC(330) Pause Full (Ergonomics)
[165.500s][info][gc,phases,start] GC(330) Marking Phase
[166.786s][info][gc,phases      ] GC(330) Marking Phase 1286.379ms
[166.786s][info][gc,phases,start] GC(330) Summary Phase
[166.786s][info][gc,phases      ] GC(330) Summary Phase 0.060ms
[166.786s][info][gc,phases,start] GC(330) Adjust Roots
[166.787s][info][gc,phases      ] GC(330) Adjust Roots 0.167ms
[166.787s][info][gc,phases,start] GC(330) Compaction Phase
[167.142s][info][gc,phases      ] GC(330) Compaction Phase 355.730ms
[167.142s][info][gc,phases,start] GC(330) Post Compact
[167.150s][info][gc,phases      ] GC(330) Post Compact 7.263ms
[167.150s][info][gc,heap        ] GC(330) PSYoungGen: 121538K(280064K)->121538K(280064K) Eden: 115200K(115200K)->115200K(115200K) From: 6338K(164864K)->6338K(164864K)
[167.150s][info][gc,heap        ] GC(330) ParOldGen: 5529475K(5529600K)->5529475K(5529600K)
[167.150s][info][gc,metaspace   ] GC(330) Metaspace: 6303K(6528K)->6303K(6528K) NonClass: 5769K(5888K)->5769K(5888K) Class: 533K(640K)->533K(640K)
[167.150s][info][gc             ] GC(330) Pause Full (Ergonomics) 5518M->5518M(5673M) 1649.924ms
[167.150s][info][gc,cpu         ] GC(330) User=12.69s Sys=0.00s Real=1.65s
[167.150s][info][gc,start       ] GC(331) Pause Full (Ergonomics)
[167.150s][info][gc,phases,start] GC(331) Marking Phase
[168.432s][info][gc,phases      ] GC(331) Marking Phase 1282.060ms
[168.432s][info][gc,phases,start] GC(331) Summary Phase
[168.432s][info][gc,phases      ] GC(331) Summary Phase 0.059ms
[168.432s][info][gc,phases,start] GC(331) Adjust Roots
[168.432s][info][gc,phases      ] GC(331) Adjust Roots 0.195ms
[168.432s][info][gc,phases,start] GC(331) Compaction Phase
[168.781s][info][gc,phases      ] GC(331) Compaction Phase 348.904ms
[168.781s][info][gc,phases,start] GC(331) Post Compact
[168.789s][info][gc,phases      ] GC(331) Post Compact 7.810ms
[168.789s][info][gc,heap        ] GC(331) PSYoungGen: 121538K(280064K)->121538K(280064K) Eden: 115200K(115200K)->115200K(115200K) From: 6338K(164864K)->6338K(164864K)
[168.789s][info][gc,heap        ] GC(331) ParOldGen: 5529480K(5529600K)->5529480K(5529600K)
[168.789s][info][gc,metaspace   ] GC(331) Metaspace: 6303K(6528K)->6303K(6528K) NonClass: 5769K(5888K)->5769K(5888K) Class: 533K(640K)->533K(640K)
[168.789s][info][gc             ] GC(331) Pause Full (Ergonomics) 5518M->5518M(5673M) 1639.405ms
[168.789s][info][gc,cpu         ] GC(331) User=12.67s Sys=0.00s Real=1.64s
[168.790s][info][gc,start       ] GC(332) Pause Full (Ergonomics)
[168.790s][info][gc,phases,start] GC(332) Marking Phase
[170.107s][info][gc,phases      ] GC(332) Marking Phase 1317.815ms
[170.107s][info][gc,phases,start] GC(332) Summary Phase
[170.108s][info][gc,phases      ] GC(332) Summary Phase 0.059ms
[170.108s][info][gc,phases,start] GC(332) Adjust Roots
[170.108s][info][gc,phases      ] GC(332) Adjust Roots 0.167ms
[170.108s][info][gc,phases,start] GC(332) Compaction Phase
[170.465s][info][gc,phases      ] GC(332) Compaction Phase 357.416ms
[170.465s][info][gc,phases,start] GC(332) Post Compact
[170.473s][info][gc,phases      ] GC(332) Post Compact 7.924ms
[170.473s][info][gc,heap        ] GC(332) PSYoungGen: 121538K(280064K)->121538K(280064K) Eden: 115200K(115200K)->115200K(115200K) From: 6338K(164864K)->6338K(164864K)
[170.473s][info][gc,heap        ] GC(332) ParOldGen: 5529485K(5529600K)->5529485K(5529600K)
[170.473s][info][gc,metaspace   ] GC(332) Metaspace: 6303K(6528K)->6303K(6528K) NonClass: 5769K(5888K)->5769K(5888K) Class: 533K(640K)->533K(640K)
[170.473s][info][gc             ] GC(332) Pause Full (Ergonomics) 5518M->5518M(5673M) 1683.721ms
[170.473s][info][gc,cpu         ] GC(332) User=12.97s Sys=0.00s Real=1.68s
[170.474s][info][gc,start       ] GC(333) Pause Full (Ergonomics)
[170.474s][info][gc,phases,start] GC(333) Marking Phase
[171.764s][info][gc,phases      ] GC(333) Marking Phase 1290.771ms
[171.764s][info][gc,phases,start] GC(333) Summary Phase
[171.764s][info][gc,phases      ] GC(333) Summary Phase 0.060ms
[171.764s][info][gc,phases,start] GC(333) Adjust Roots
[171.765s][info][gc,phases      ] GC(333) Adjust Roots 0.187ms
[171.765s][info][gc,phases,start] GC(333) Compaction Phase
[172.123s][info][gc,phases      ] GC(333) Compaction Phase 358.367ms
[172.123s][info][gc,phases,start] GC(333) Post Compact
[172.130s][info][gc,phases      ] GC(333) Post Compact 7.117ms
[172.130s][info][gc,heap        ] GC(333) PSYoungGen: 121538K(280064K)->121538K(280064K) Eden: 115200K(115200K)->115200K(115200K) From: 6338K(164864K)->6338K(164864K)
[172.130s][info][gc,heap        ] GC(333) ParOldGen: 5529490K(5529600K)->5529490K(5529600K)
[172.130s][info][gc,metaspace   ] GC(333) Metaspace: 6303K(6528K)->6303K(6528K) NonClass: 5769K(5888K)->5769K(5888K) Class: 533K(640K)->533K(640K)
[172.130s][info][gc             ] GC(333) Pause Full (Ergonomics) 5518M->5518M(5673M) 1656.832ms
[172.130s][info][gc,cpu         ] GC(333) User=12.70s Sys=0.00s Real=1.66s
[172.131s][info][gc,start       ] GC(334) Pause Full (Ergonomics)
[172.131s][info][gc,phases,start] GC(334) Marking Phase
[173.407s][info][gc,phases      ] GC(334) Marking Phase 1276.850ms
[173.407s][info][gc,phases,start] GC(334) Summary Phase
[173.408s][info][gc,phases      ] GC(334) Summary Phase 0.060ms
[173.408s][info][gc,phases,start] GC(334) Adjust Roots
[173.408s][info][gc,phases      ] GC(334) Adjust Roots 0.168ms
[173.408s][info][gc,phases,start] GC(334) Compaction Phase
[173.756s][info][gc,phases      ] GC(334) Compaction Phase 348.570ms
[173.756s][info][gc,phases,start] GC(334) Post Compact
[173.765s][info][gc,phases      ] GC(334) Post Compact 8.743ms
[173.765s][info][gc,heap        ] GC(334) PSYoungGen: 121538K(280064K)->121538K(280064K) Eden: 115200K(115200K)->115200K(115200K) From: 6338K(164864K)->6338K(164864K)
[173.765s][info][gc,heap        ] GC(334) ParOldGen: 5529495K(5529600K)->5529495K(5529600K)
[173.765s][info][gc,metaspace   ] GC(334) Metaspace: 6303K(6528K)->6303K(6528K) NonClass: 5769K(5888K)->5769K(5888K) Class: 533K(640K)->533K(640K)
[173.765s][info][gc             ] GC(334) Pause Full (Ergonomics) 5518M->5518M(5673M) 1634.767ms
[173.765s][info][gc,cpu         ] GC(334) User=12.45s Sys=0.00s Real=1.63s
[173.766s][info][gc,start       ] GC(335) Pause Full (Ergonomics)
[173.766s][info][gc,phases,start] GC(335) Marking Phase
[175.071s][info][gc,phases      ] GC(335) Marking Phase 1305.616ms
[175.071s][info][gc,phases,start] GC(335) Summary Phase
[175.071s][info][gc,phases      ] GC(335) Summary Phase 0.060ms
[175.071s][info][gc,phases,start] GC(335) Adjust Roots
[175.071s][info][gc,phases      ] GC(335) Adjust Roots 0.167ms
[175.072s][info][gc,phases,start] GC(335) Compaction Phase
[175.435s][info][gc,phases      ] GC(335) Compaction Phase 363.701ms
[175.435s][info][gc,phases,start] GC(335) Post Compact
[175.444s][info][gc,phases      ] GC(335) Post Compact 8.480ms
[175.444s][info][gc,heap        ] GC(335) PSYoungGen: 121538K(280064K)->121538K(280064K) Eden: 115200K(115200K)->115200K(115200K) From: 6338K(164864K)->6338K(164864K)
[175.444s][info][gc,heap        ] GC(335) ParOldGen: 5529500K(5529600K)->5529500K(5529600K)
[175.444s][info][gc,metaspace   ] GC(335) Metaspace: 6303K(6528K)->6303K(6528K) NonClass: 5769K(5888K)->5769K(5888K) Class: 533K(640K)->533K(640K)
[175.444s][info][gc             ] GC(335) Pause Full (Ergonomics) 5518M->5518M(5673M) 1678.359ms
[175.444s][info][gc,cpu         ] GC(335) User=12.95s Sys=0.00s Real=1.68s
[175.444s][info][gc,start       ] GC(336) Pause Full (Ergonomics)
[175.444s][info][gc,phases,start] GC(336) Marking Phase
[176.728s][info][gc,phases      ] GC(336) Marking Phase 1283.869ms
[176.728s][info][gc,phases,start] GC(336) Summary Phase
[176.728s][info][gc,phases      ] GC(336) Summary Phase 0.060ms
[176.728s][info][gc,phases,start] GC(336) Adjust Roots
[176.728s][info][gc,phases      ] GC(336) Adjust Roots 0.186ms
[176.728s][info][gc,phases,start] GC(336) Compaction Phase
[177.087s][info][gc,phases      ] GC(336) Compaction Phase 358.388ms
[177.087s][info][gc,phases,start] GC(336) Post Compact
[177.095s][info][gc,phases      ] GC(336) Post Compact 8.321ms
[177.095s][info][gc,heap        ] GC(336) PSYoungGen: 121538K(280064K)->121538K(280064K) Eden: 115200K(115200K)->115200K(115200K) From: 6338K(164864K)->6338K(164864K)
[177.095s][info][gc,heap        ] GC(336) ParOldGen: 5529504K(5529600K)->5529504K(5529600K)
[177.095s][info][gc,metaspace   ] GC(336) Metaspace: 6303K(6528K)->6303K(6528K) NonClass: 5769K(5888K)->5769K(5888K) Class: 533K(640K)->533K(640K)
[177.095s][info][gc             ] GC(336) Pause Full (Ergonomics) 5518M->5518M(5673M) 1651.157ms
[177.095s][info][gc,cpu         ] GC(336) User=12.77s Sys=0.02s Real=1.65s
[177.095s][info][gc,start       ] GC(337) Pause Full (Ergonomics)
[177.095s][info][gc,phases,start] GC(337) Marking Phase
[178.410s][info][gc,phases      ] GC(337) Marking Phase 1314.490ms
[178.410s][info][gc,phases,start] GC(337) Summary Phase
[178.410s][info][gc,phases      ] GC(337) Summary Phase 0.062ms
[178.410s][info][gc,phases,start] GC(337) Adjust Roots
[178.410s][info][gc,phases      ] GC(337) Adjust Roots 0.195ms
[178.410s][info][gc,phases,start] GC(337) Compaction Phase
[178.771s][info][gc,phases      ] GC(337) Compaction Phase 360.576ms
[178.771s][info][gc,phases,start] GC(337) Post Compact
[178.778s][info][gc,phases      ] GC(337) Post Compact 7.065ms
[178.778s][info][gc,heap        ] GC(337) PSYoungGen: 121538K(280064K)->121538K(280064K) Eden: 115200K(115200K)->115200K(115200K) From: 6338K(164864K)->6338K(164864K)
[178.778s][info][gc,heap        ] GC(337) ParOldGen: 5529509K(5529600K)->5529509K(5529600K)
[178.778s][info][gc,metaspace   ] GC(337) Metaspace: 6303K(6528K)->6303K(6528K) NonClass: 5769K(5888K)->5769K(5888K) Class: 533K(640K)->533K(640K)
[178.778s][info][gc             ] GC(337) Pause Full (Ergonomics) 5518M->5518M(5673M) 1682.710ms
[178.778s][info][gc,cpu         ] GC(337) User=12.78s Sys=0.03s Real=1.68s
[178.778s][info][gc,start       ] GC(338) Pause Full (Ergonomics)
[178.778s][info][gc,phases,start] GC(338) Marking Phase
[180.095s][info][gc,phases      ] GC(338) Marking Phase 1316.959ms
[180.095s][info][gc,phases,start] GC(338) Summary Phase
[180.095s][info][gc,phases      ] GC(338) Summary Phase 0.060ms
[180.095s][info][gc,phases,start] GC(338) Adjust Roots
[180.096s][info][gc,phases      ] GC(338) Adjust Roots 0.191ms
[180.096s][info][gc,phases,start] GC(338) Compaction Phase
[180.447s][info][gc,phases      ] GC(338) Compaction Phase 351.243ms
[180.447s][info][gc,phases,start] GC(338) Post Compact
[180.456s][info][gc,phases      ] GC(338) Post Compact 8.515ms
[180.456s][info][gc,heap        ] GC(338) PSYoungGen: 121538K(280064K)->121538K(280064K) Eden: 115200K(115200K)->115200K(115200K) From: 6338K(164864K)->6338K(164864K)
[180.456s][info][gc,heap        ] GC(338) ParOldGen: 5529514K(5529600K)->5529514K(5529600K)
[180.456s][info][gc,metaspace   ] GC(338) Metaspace: 6303K(6528K)->6303K(6528K) NonClass: 5769K(5888K)->5769K(5888K) Class: 533K(640K)->533K(640K)
[180.456s][info][gc             ] GC(338) Pause Full (Ergonomics) 5518M->5518M(5673M) 1677.344ms
[180.456s][info][gc,cpu         ] GC(338) User=12.92s Sys=0.00s Real=1.68s
[180.456s][info][gc,start       ] GC(339) Pause Full (Ergonomics)
[180.456s][info][gc,phases,start] GC(339) Marking Phase
[181.746s][info][gc,phases      ] GC(339) Marking Phase 1289.689ms
[181.746s][info][gc,phases,start] GC(339) Summary Phase
[181.746s][info][gc,phases      ] GC(339) Summary Phase 0.067ms
[181.746s][info][gc,phases,start] GC(339) Adjust Roots
[181.746s][info][gc,phases      ] GC(339) Adjust Roots 0.185ms
[181.746s][info][gc,phases,start] GC(339) Compaction Phase
[182.098s][info][gc,phases      ] GC(339) Compaction Phase 352.196ms
[182.098s][info][gc,phases,start] GC(339) Post Compact
[182.105s][info][gc,phases      ] GC(339) Post Compact 6.672ms
[182.105s][info][gc,heap        ] GC(339) PSYoungGen: 121538K(280064K)->121538K(280064K) Eden: 115200K(115200K)->115200K(115200K) From: 6338K(164864K)->6338K(164864K)
[182.105s][info][gc,heap        ] GC(339) ParOldGen: 5529519K(5529600K)->5529519K(5529600K)
[182.105s][info][gc,metaspace   ] GC(339) Metaspace: 6303K(6528K)->6303K(6528K) NonClass: 5769K(5888K)->5769K(5888K) Class: 533K(640K)->533K(640K)
[182.105s][info][gc             ] GC(339) Pause Full (Ergonomics) 5518M->5518M(5673M) 1649.147ms
[182.105s][info][gc,cpu         ] GC(339) User=12.58s Sys=0.00s Real=1.65s
[182.105s][info][gc,start       ] GC(340) Pause Full (Ergonomics)
[182.105s][info][gc,phases,start] GC(340) Marking Phase
[183.382s][info][gc,phases      ] GC(340) Marking Phase 1276.968ms
[183.382s][info][gc,phases,start] GC(340) Summary Phase
[183.382s][info][gc,phases      ] GC(340) Summary Phase 0.062ms
[183.382s][info][gc,phases,start] GC(340) Adjust Roots
[183.383s][info][gc,phases      ] GC(340) Adjust Roots 0.190ms
[183.383s][info][gc,phases,start] GC(340) Compaction Phase
[183.744s][info][gc,phases      ] GC(340) Compaction Phase 361.561ms
[183.744s][info][gc,phases,start] GC(340) Post Compact
[183.751s][info][gc,phases      ] GC(340) Post Compact 7.033ms
[183.751s][info][gc,heap        ] GC(340) PSYoungGen: 121538K(280064K)->121538K(280064K) Eden: 115200K(115200K)->115200K(115200K) From: 6338K(164864K)->6338K(164864K)
[183.751s][info][gc,heap        ] GC(340) ParOldGen: 5529524K(5529600K)->5529524K(5529600K)
[183.751s][info][gc,metaspace   ] GC(340) Metaspace: 6303K(6528K)->6303K(6528K) NonClass: 5769K(5888K)->5769K(5888K) Class: 533K(640K)->533K(640K)
[183.751s][info][gc             ] GC(340) Pause Full (Ergonomics) 5518M->5518M(5673M) 1646.136ms
[183.751s][info][gc,cpu         ] GC(340) User=12.80s Sys=0.00s Real=1.65s
[183.752s][info][gc,start       ] GC(341) Pause Full (Ergonomics)
[183.752s][info][gc,phases,start] GC(341) Marking Phase
[185.042s][info][gc,phases      ] GC(341) Marking Phase 1290.481ms
[185.042s][info][gc,phases,start] GC(341) Summary Phase
[185.042s][info][gc,phases      ] GC(341) Summary Phase 0.063ms
[185.042s][info][gc,phases,start] GC(341) Adjust Roots
[185.043s][info][gc,phases      ] GC(341) Adjust Roots 0.177ms
[185.043s][info][gc,phases,start] GC(341) Compaction Phase
[185.397s][info][gc,phases      ] GC(341) Compaction Phase 354.704ms
[185.397s][info][gc,phases,start] GC(341) Post Compact
[185.404s][info][gc,phases      ] GC(341) Post Compact 7.005ms
[185.404s][info][gc,heap        ] GC(341) PSYoungGen: 121538K(280064K)->121538K(280064K) Eden: 115200K(115200K)->115200K(115200K) From: 6338K(164864K)->6338K(164864K)
[185.404s][info][gc,heap        ] GC(341) ParOldGen: 5529529K(5529600K)->5529529K(5529600K)
[185.404s][info][gc,metaspace   ] GC(341) Metaspace: 6303K(6528K)->6303K(6528K) NonClass: 5769K(5888K)->5769K(5888K) Class: 533K(640K)->533K(640K)
[185.404s][info][gc             ] GC(341) Pause Full (Ergonomics) 5518M->5518M(5673M) 1652.783ms
[185.404s][info][gc,cpu         ] GC(341) User=12.62s Sys=0.00s Real=1.65s
[185.405s][info][gc,start       ] GC(342) Pause Full (Ergonomics)
[185.405s][info][gc,phases,start] GC(342) Marking Phase
[186.699s][info][gc,phases      ] GC(342) Marking Phase 1294.256ms
[186.699s][info][gc,phases,start] GC(342) Summary Phase
[186.699s][info][gc,phases      ] GC(342) Summary Phase 0.059ms
[186.699s][info][gc,phases,start] GC(342) Adjust Roots
[186.699s][info][gc,phases      ] GC(342) Adjust Roots 0.188ms
[186.699s][info][gc,phases,start] GC(342) Compaction Phase
[187.062s][info][gc,phases      ] GC(342) Compaction Phase 363.161ms
[187.063s][info][gc,phases,start] GC(342) Post Compact
[187.070s][info][gc,phases      ] GC(342) Post Compact 7.219ms
[187.070s][info][gc,heap        ] GC(342) PSYoungGen: 121538K(280064K)->121538K(280064K) Eden: 115200K(115200K)->115200K(115200K) From: 6338K(164864K)->6338K(164864K)
[187.070s][info][gc,heap        ] GC(342) ParOldGen: 5529533K(5529600K)->5529533K(5529600K)
[187.070s][info][gc,metaspace   ] GC(342) Metaspace: 6303K(6528K)->6303K(6528K) NonClass: 5769K(5888K)->5769K(5888K) Class: 533K(640K)->533K(640K)
[187.070s][info][gc             ] GC(342) Pause Full (Ergonomics) 5518M->5518M(5673M) 1665.186ms
[187.070s][info][gc,cpu         ] GC(342) User=12.58s Sys=0.00s Real=1.66s
[187.070s][info][gc,start       ] GC(343) Pause Full (Ergonomics)
[187.070s][info][gc,phases,start] GC(343) Marking Phase
[188.345s][info][gc,phases      ] GC(343) Marking Phase 1275.354ms
[188.345s][info][gc,phases,start] GC(343) Summary Phase
[188.346s][info][gc,phases      ] GC(343) Summary Phase 0.062ms
[188.346s][info][gc,phases,start] GC(343) Adjust Roots
[188.346s][info][gc,phases      ] GC(343) Adjust Roots 0.179ms
[188.346s][info][gc,phases,start] GC(343) Compaction Phase
[188.711s][info][gc,phases      ] GC(343) Compaction Phase 365.349ms
[188.711s][info][gc,phases,start] GC(343) Post Compact
[188.720s][info][gc,phases      ] GC(343) Post Compact 8.622ms
[188.720s][info][gc,heap        ] GC(343) PSYoungGen: 121538K(280064K)->121538K(280064K) Eden: 115200K(115200K)->115200K(115200K) From: 6338K(164864K)->6338K(164864K)
[188.720s][info][gc,heap        ] GC(343) ParOldGen: 5529538K(5529600K)->5529538K(5529600K)
[188.720s][info][gc,metaspace   ] GC(343) Metaspace: 6303K(6528K)->6303K(6528K) NonClass: 5769K(5888K)->5769K(5888K) Class: 533K(640K)->533K(640K)
[188.720s][info][gc             ] GC(343) Pause Full (Ergonomics) 5518M->5518M(5673M) 1649.919ms
[188.720s][info][gc,cpu         ] GC(343) User=12.55s Sys=0.00s Real=1.65s
[188.720s][info][gc,start       ] GC(344) Pause Full (Ergonomics)
[188.720s][info][gc,phases,start] GC(344) Marking Phase
[190.007s][info][gc,phases      ] GC(344) Marking Phase 1286.671ms
[190.007s][info][gc,phases,start] GC(344) Summary Phase
[190.007s][info][gc,phases      ] GC(344) Summary Phase 0.061ms
[190.007s][info][gc,phases,start] GC(344) Adjust Roots
[190.007s][info][gc,phases      ] GC(344) Adjust Roots 0.186ms
[190.007s][info][gc,phases,start] GC(344) Compaction Phase
[190.360s][info][gc,phases      ] GC(344) Compaction Phase 352.831ms
[190.360s][info][gc,phases,start] GC(344) Post Compact
[190.369s][info][gc,phases      ] GC(344) Post Compact 8.407ms
[190.369s][info][gc,heap        ] GC(344) PSYoungGen: 121538K(280064K)->121538K(280064K) Eden: 115200K(115200K)->115200K(115200K) From: 6338K(164864K)->6338K(164864K)
[190.369s][info][gc,heap        ] GC(344) ParOldGen: 5529543K(5529600K)->5529543K(5529600K)
[190.369s][info][gc,metaspace   ] GC(344) Metaspace: 6303K(6528K)->6303K(6528K) NonClass: 5769K(5888K)->5769K(5888K) Class: 533K(640K)->533K(640K)
[190.369s][info][gc             ] GC(344) Pause Full (Ergonomics) 5518M->5518M(5673M) 1648.554ms
[190.369s][info][gc,cpu         ] GC(344) User=12.72s Sys=0.00s Real=1.65s
[190.369s][info][gc,start       ] GC(345) Pause Full (Ergonomics)
[190.369s][info][gc,phases,start] GC(345) Marking Phase
[191.676s][info][gc,phases      ] GC(345) Marking Phase 1306.541ms
[191.676s][info][gc,phases,start] GC(345) Summary Phase
[191.676s][info][gc,phases      ] GC(345) Summary Phase 0.060ms
[191.676s][info][gc,phases,start] GC(345) Adjust Roots
[191.676s][info][gc,phases      ] GC(345) Adjust Roots 0.164ms
[191.676s][info][gc,phases,start] GC(345) Compaction Phase
[192.036s][info][gc,phases      ] GC(345) Compaction Phase 360.136ms
[192.036s][info][gc,phases,start] GC(345) Post Compact
[192.043s][info][gc,phases      ] GC(345) Post Compact 7.116ms
[192.043s][info][gc,heap        ] GC(345) PSYoungGen: 121538K(280064K)->121538K(280064K) Eden: 115200K(115200K)->115200K(115200K) From: 6338K(164864K)->6338K(164864K)
[192.043s][info][gc,heap        ] GC(345) ParOldGen: 5529548K(5529600K)->5529548K(5529600K)
[192.043s][info][gc,metaspace   ] GC(345) Metaspace: 6303K(6528K)->6303K(6528K) NonClass: 5769K(5888K)->5769K(5888K) Class: 533K(640K)->533K(640K)
[192.043s][info][gc             ] GC(345) Pause Full (Ergonomics) 5518M->5518M(5673M) 1674.326ms
[192.043s][info][gc,cpu         ] GC(345) User=12.89s Sys=0.00s Real=1.67s
[192.043s][info][gc,start       ] GC(346) Pause Full (Ergonomics)
[192.043s][info][gc,phases,start] GC(346) Marking Phase
[193.350s][info][gc,phases      ] GC(346) Marking Phase 1306.583ms
[193.350s][info][gc,phases,start] GC(346) Summary Phase
[193.350s][info][gc,phases      ] GC(346) Summary Phase 0.060ms
[193.350s][info][gc,phases,start] GC(346) Adjust Roots
[193.350s][info][gc,phases      ] GC(346) Adjust Roots 0.168ms
[193.350s][info][gc,phases,start] GC(346) Compaction Phase
[193.707s][info][gc,phases      ] GC(346) Compaction Phase 356.274ms
[193.707s][info][gc,phases,start] GC(346) Post Compact
[193.714s][info][gc,phases      ] GC(346) Post Compact 7.009ms
[193.714s][info][gc,heap        ] GC(346) PSYoungGen: 121538K(280064K)->121538K(280064K) Eden: 115200K(115200K)->115200K(115200K) From: 6338K(164864K)->6338K(164864K)
[193.714s][info][gc,heap        ] GC(346) ParOldGen: 5529553K(5529600K)->5529553K(5529600K)
[193.714s][info][gc,metaspace   ] GC(346) Metaspace: 6303K(6528K)->6303K(6528K) NonClass: 5769K(5888K)->5769K(5888K) Class: 533K(640K)->533K(640K)
[193.714s][info][gc             ] GC(346) Pause Full (Ergonomics) 5518M->5518M(5673M) 1670.395ms
[193.714s][info][gc,cpu         ] GC(346) User=12.91s Sys=0.00s Real=1.67s
[193.714s][info][gc,start       ] GC(347) Pause Full (Ergonomics)
[193.714s][info][gc,phases,start] GC(347) Marking Phase
[195.014s][info][gc,phases      ] GC(347) Marking Phase 1300.015ms
[195.014s][info][gc,phases,start] GC(347) Summary Phase
[195.014s][info][gc,phases      ] GC(347) Summary Phase 0.060ms
[195.014s][info][gc,phases,start] GC(347) Adjust Roots
[195.014s][info][gc,phases      ] GC(347) Adjust Roots 0.169ms
[195.014s][info][gc,phases,start] GC(347) Compaction Phase
[195.369s][info][gc,phases      ] GC(347) Compaction Phase 354.241ms
[195.369s][info][gc,phases,start] GC(347) Post Compact
[195.377s][info][gc,phases      ] GC(347) Post Compact 8.379ms
[195.377s][info][gc,heap        ] GC(347) PSYoungGen: 121538K(280064K)->121538K(280064K) Eden: 115200K(115200K)->115200K(115200K) From: 6338K(164864K)->6338K(164864K)
[195.377s][info][gc,heap        ] GC(347) ParOldGen: 5529558K(5529600K)->5529558K(5529600K)
[195.377s][info][gc,metaspace   ] GC(347) Metaspace: 6303K(6528K)->6303K(6528K) NonClass: 5769K(5888K)->5769K(5888K) Class: 533K(640K)->533K(640K)
[195.377s][info][gc             ] GC(347) Pause Full (Ergonomics) 5518M->5518M(5673M) 1663.215ms
[195.377s][info][gc,cpu         ] GC(347) User=12.91s Sys=0.00s Real=1.66s
[195.378s][info][gc,start       ] GC(348) Pause Full (Ergonomics)
[195.378s][info][gc,phases,start] GC(348) Marking Phase
[196.676s][info][gc,phases      ] GC(348) Marking Phase 1298.231ms
[196.676s][info][gc,phases,start] GC(348) Summary Phase
[196.676s][info][gc,phases      ] GC(348) Summary Phase 0.100ms
[196.676s][info][gc,phases,start] GC(348) Adjust Roots
[196.676s][info][gc,phases      ] GC(348) Adjust Roots 0.227ms
[196.676s][info][gc,phases,start] GC(348) Compaction Phase
[197.032s][info][gc,phases      ] GC(348) Compaction Phase 355.380ms
[197.032s][info][gc,phases,start] GC(348) Post Compact
[197.039s][info][gc,phases      ] GC(348) Post Compact 7.103ms
[197.039s][info][gc,heap        ] GC(348) PSYoungGen: 121538K(280064K)->121538K(280064K) Eden: 115200K(115200K)->115200K(115200K) From: 6338K(164864K)->6338K(164864K)
[197.039s][info][gc,heap        ] GC(348) ParOldGen: 5529562K(5529600K)->5529562K(5529600K)
[197.039s][info][gc,metaspace   ] GC(348) Metaspace: 6303K(6528K)->6303K(6528K) NonClass: 5769K(5888K)->5769K(5888K) Class: 533K(640K)->533K(640K)
[197.039s][info][gc             ] GC(348) Pause Full (Ergonomics) 5518M->5518M(5673M) 1661.400ms
[197.039s][info][gc,cpu         ] GC(348) User=12.70s Sys=0.00s Real=1.66s
[197.039s][info][gc,start       ] GC(349) Pause Full (Ergonomics)
[197.039s][info][gc,phases,start] GC(349) Marking Phase
[198.361s][info][gc,phases      ] GC(349) Marking Phase 1322.201ms
[198.361s][info][gc,phases,start] GC(349) Summary Phase
[198.361s][info][gc,phases      ] GC(349) Summary Phase 0.061ms
[198.361s][info][gc,phases,start] GC(349) Adjust Roots
[198.362s][info][gc,phases      ] GC(349) Adjust Roots 0.185ms
[198.362s][info][gc,phases,start] GC(349) Compaction Phase
[198.713s][info][gc,phases      ] GC(349) Compaction Phase 351.063ms
[198.713s][info][gc,phases,start] GC(349) Post Compact
[198.720s][info][gc,phases      ] GC(349) Post Compact 7.025ms
[198.720s][info][gc,heap        ] GC(349) PSYoungGen: 121538K(280064K)->121538K(280064K) Eden: 115200K(115200K)->115200K(115200K) From: 6338K(164864K)->6338K(164864K)
[198.720s][info][gc,heap        ] GC(349) ParOldGen: 5529567K(5529600K)->5529567K(5529600K)
[198.720s][info][gc,metaspace   ] GC(349) Metaspace: 6303K(6528K)->6303K(6528K) NonClass: 5769K(5888K)->5769K(5888K) Class: 533K(640K)->533K(640K)
[198.720s][info][gc             ] GC(349) Pause Full (Ergonomics) 5518M->5518M(5673M) 1680.886ms
[198.720s][info][gc,cpu         ] GC(349) User=12.92s Sys=0.00s Real=1.68s
[198.720s][info][gc,start       ] GC(350) Pause Full (Ergonomics)
[198.720s][info][gc,phases,start] GC(350) Marking Phase
[200.028s][info][gc,phases      ] GC(350) Marking Phase 1308.189ms
[200.028s][info][gc,phases,start] GC(350) Summary Phase
[200.029s][info][gc,phases      ] GC(350) Summary Phase 0.060ms
[200.029s][info][gc,phases,start] GC(350) Adjust Roots
[200.029s][info][gc,phases      ] GC(350) Adjust Roots 0.165ms
[200.029s][info][gc,phases,start] GC(350) Compaction Phase
[200.384s][info][gc,phases      ] GC(350) Compaction Phase 355.682ms
[200.385s][info][gc,phases,start] GC(350) Post Compact
[200.393s][info][gc,phases      ] GC(350) Post Compact 8.530ms
[200.393s][info][gc,heap        ] GC(350) PSYoungGen: 121538K(280064K)->121538K(280064K) Eden: 115200K(115200K)->115200K(115200K) From: 6338K(164864K)->6338K(164864K)
[200.393s][info][gc,heap        ] GC(350) ParOldGen: 5529572K(5529600K)->5529572K(5529600K)
[200.393s][info][gc,metaspace   ] GC(350) Metaspace: 6303K(6528K)->6303K(6528K) NonClass: 5769K(5888K)->5769K(5888K) Class: 533K(640K)->533K(640K)
[200.393s][info][gc             ] GC(350) Pause Full (Ergonomics) 5518M->5518M(5673M) 1672.951ms
[200.393s][info][gc,cpu         ] GC(350) User=12.64s Sys=0.00s Real=1.67s
[200.393s][info][gc,start       ] GC(351) Pause Full (Ergonomics)
[200.393s][info][gc,phases,start] GC(351) Marking Phase
[201.701s][info][gc,phases      ] GC(351) Marking Phase 1307.854ms
[201.701s][info][gc,phases,start] GC(351) Summary Phase
[201.701s][info][gc,phases      ] GC(351) Summary Phase 0.064ms
[201.701s][info][gc,phases,start] GC(351) Adjust Roots
[201.702s][info][gc,phases      ] GC(351) Adjust Roots 0.169ms
[201.702s][info][gc,phases,start] GC(351) Compaction Phase
[202.060s][info][gc,phases      ] GC(351) Compaction Phase 358.250ms
[202.060s][info][gc,phases,start] GC(351) Post Compact
[202.068s][info][gc,phases      ] GC(351) Post Compact 7.642ms
[202.068s][info][gc,heap        ] GC(351) PSYoungGen: 121538K(280064K)->121538K(280064K) Eden: 115200K(115200K)->115200K(115200K) From: 6338K(164864K)->6338K(164864K)
[202.068s][info][gc,heap        ] GC(351) ParOldGen: 5529577K(5529600K)->5529577K(5529600K)
[202.068s][info][gc,metaspace   ] GC(351) Metaspace: 6303K(6528K)->6303K(6528K) NonClass: 5769K(5888K)->5769K(5888K) Class: 533K(640K)->533K(640K)
[202.068s][info][gc             ] GC(351) Pause Full (Ergonomics) 5518M->5518M(5673M) 1674.320ms
[202.068s][info][gc,cpu         ] GC(351) User=12.78s Sys=0.00s Real=1.67s
[202.068s][info][gc,start       ] GC(352) Pause Full (Ergonomics)
[202.068s][info][gc,phases,start] GC(352) Marking Phase
[203.343s][info][gc,phases      ] GC(352) Marking Phase 1275.382ms
[203.343s][info][gc,phases,start] GC(352) Summary Phase
[203.343s][info][gc,phases      ] GC(352) Summary Phase 0.060ms
[203.343s][info][gc,phases,start] GC(352) Adjust Roots
[203.344s][info][gc,phases      ] GC(352) Adjust Roots 0.166ms
[203.344s][info][gc,phases,start] GC(352) Compaction Phase
[203.703s][info][gc,phases      ] GC(352) Compaction Phase 358.990ms
[203.703s][info][gc,phases,start] GC(352) Post Compact
[203.710s][info][gc,phases      ] GC(352) Post Compact 6.947ms
[203.710s][info][gc,heap        ] GC(352) PSYoungGen: 121538K(280064K)->121538K(280064K) Eden: 115200K(115200K)->115200K(115200K) From: 6338K(164864K)->6338K(164864K)
[203.710s][info][gc,heap        ] GC(352) ParOldGen: 5529582K(5529600K)->5529582K(5529600K)
[203.710s][info][gc,metaspace   ] GC(352) Metaspace: 6303K(6528K)->6303K(6528K) NonClass: 5769K(5888K)->5769K(5888K) Class: 533K(640K)->533K(640K)
[203.710s][info][gc             ] GC(352) Pause Full (Ergonomics) 5518M->5518M(5673M) 1641.839ms
[203.710s][info][gc,cpu         ] GC(352) User=12.58s Sys=0.00s Real=1.64s
[203.710s][info][gc,start       ] GC(353) Pause Full (Ergonomics)
[203.710s][info][gc,phases,start] GC(353) Marking Phase
[204.980s][info][gc,phases      ] GC(353) Marking Phase 1270.026ms
[204.980s][info][gc,phases,start] GC(353) Summary Phase
[204.980s][info][gc,phases      ] GC(353) Summary Phase 0.060ms
[204.980s][info][gc,phases,start] GC(353) Adjust Roots
[204.980s][info][gc,phases      ] GC(353) Adjust Roots 0.167ms
[204.980s][info][gc,phases,start] GC(353) Compaction Phase
[205.345s][info][gc,phases      ] GC(353) Compaction Phase 364.689ms
[205.345s][info][gc,phases,start] GC(353) Post Compact
[205.352s][info][gc,phases      ] GC(353) Post Compact 7.152ms
[205.352s][info][gc,heap        ] GC(353) PSYoungGen: 121538K(280064K)->121538K(280064K) Eden: 115200K(115200K)->115200K(115200K) From: 6338K(164864K)->6338K(164864K)
[205.352s][info][gc,heap        ] GC(353) ParOldGen: 5529587K(5529600K)->5529587K(5529600K)
[205.352s][info][gc,metaspace   ] GC(353) Metaspace: 6303K(6528K)->6303K(6528K) NonClass: 5769K(5888K)->5769K(5888K) Class: 533K(640K)->533K(640K)
[205.352s][info][gc             ] GC(353) Pause Full (Ergonomics) 5518M->5518M(5673M) 1642.407ms
[205.352s][info][gc,cpu         ] GC(353) User=12.67s Sys=0.00s Real=1.64s
[205.353s][info][gc,start       ] GC(354) Pause Full (Ergonomics)
[205.353s][info][gc,phases,start] GC(354) Marking Phase
[206.652s][info][gc,phases      ] GC(354) Marking Phase 1299.330ms
[206.652s][info][gc,phases,start] GC(354) Summary Phase
[206.652s][info][gc,phases      ] GC(354) Summary Phase 0.064ms
[206.652s][info][gc,phases,start] GC(354) Adjust Roots
[206.652s][info][gc,phases      ] GC(354) Adjust Roots 0.204ms
[206.652s][info][gc,phases,start] GC(354) Compaction Phase
[207.005s][info][gc,phases      ] GC(354) Compaction Phase 352.550ms
[207.005s][info][gc,phases,start] GC(354) Post Compact
[207.014s][info][gc,phases      ] GC(354) Post Compact 8.593ms
[207.014s][info][gc,heap        ] GC(354) PSYoungGen: 121538K(280064K)->121538K(280064K) Eden: 115200K(115200K)->115200K(115200K) From: 6338K(164864K)->6338K(164864K)
[207.014s][info][gc,heap        ] GC(354) ParOldGen: 5529591K(5529600K)->5529591K(5529600K)
[207.014s][info][gc,metaspace   ] GC(354) Metaspace: 6303K(6528K)->6303K(6528K) NonClass: 5769K(5888K)->5769K(5888K) Class: 533K(640K)->533K(640K)
[207.014s][info][gc             ] GC(354) Pause Full (Ergonomics) 5518M->5518M(5673M) 1661.105ms
[207.014s][info][gc,cpu         ] GC(354) User=12.67s Sys=0.00s Real=1.66s
[207.014s][info][gc,start       ] GC(355) Pause Full (Ergonomics)
[207.014s][info][gc,phases,start] GC(355) Marking Phase
[208.314s][info][gc,phases      ] GC(355) Marking Phase 1300.478ms
[208.314s][info][gc,phases,start] GC(355) Summary Phase
[208.315s][info][gc,phases      ] GC(355) Summary Phase 0.078ms
[208.315s][info][gc,phases,start] GC(355) Adjust Roots
[208.315s][info][gc,phases      ] GC(355) Adjust Roots 0.225ms
[208.315s][info][gc,phases,start] GC(355) Compaction Phase
[208.663s][info][gc,phases      ] GC(355) Compaction Phase 348.555ms
[208.663s][info][gc,phases,start] GC(355) Post Compact
[208.670s][info][gc,phases      ] GC(355) Post Compact 6.769ms
[208.670s][info][gc,heap        ] GC(355) PSYoungGen: 121538K(280064K)->121538K(280064K) Eden: 115200K(115200K)->115200K(115200K) From: 6338K(164864K)->6338K(164864K)
[208.670s][info][gc,heap        ] GC(355) ParOldGen: 5529596K(5529600K)->5529596K(5529600K)
[208.670s][info][gc,metaspace   ] GC(355) Metaspace: 6303K(6528K)->6303K(6528K) NonClass: 5769K(5888K)->5769K(5888K) Class: 533K(640K)->533K(640K)
[208.670s][info][gc             ] GC(355) Pause Full (Ergonomics) 5518M->5518M(5673M) 1656.457ms
[208.670s][info][gc,cpu         ] GC(355) User=12.78s Sys=0.00s Real=1.66s
[208.670s][info][gc,start       ] GC(356) Pause Full (Ergonomics)
[208.671s][info][gc,phases,start] GC(356) Marking Phase
[209.962s][info][gc,phases      ] GC(356) Marking Phase 1291.902ms
[209.962s][info][gc,phases,start] GC(356) Summary Phase
[209.963s][info][gc,phases      ] GC(356) Summary Phase 0.060ms
[209.963s][info][gc,phases,start] GC(356) Adjust Roots
[209.963s][info][gc,phases      ] GC(356) Adjust Roots 0.183ms
[209.963s][info][gc,phases,start] GC(356) Compaction Phase
[210.317s][info][gc,phases      ] GC(356) Compaction Phase 354.076ms
[210.317s][info][gc,phases,start] GC(356) Post Compact
[210.324s][info][gc,phases      ] GC(356) Post Compact 7.571ms
[210.325s][info][gc,heap        ] GC(356) PSYoungGen: 121538K(280064K)->121538K(280064K) Eden: 115200K(115200K)->115200K(115200K) From: 6338K(164864K)->6338K(164864K)
[210.325s][info][gc,heap        ] GC(356) ParOldGen: 5529599K(5529600K)->5529599K(5529600K)
[210.325s][info][gc,metaspace   ] GC(356) Metaspace: 6303K(6528K)->6303K(6528K) NonClass: 5769K(5888K)->5769K(5888K) Class: 533K(640K)->533K(640K)
[210.325s][info][gc             ] GC(356) Pause Full (Ergonomics) 5518M->5518M(5673M) 1654.119ms
[210.325s][info][gc,cpu         ] GC(356) User=12.80s Sys=0.02s Real=1.65s
[210.325s][info][gc,start       ] GC(357) Pause Full (Allocation Failure)
[210.325s][info][gc,phases,start] GC(357) Marking Phase
[211.642s][info][gc,phases      ] GC(357) Marking Phase 1317.630ms
[211.642s][info][gc,phases,start] GC(357) Summary Phase
[211.642s][info][gc,phases      ] GC(357) Summary Phase 0.061ms
[211.642s][info][gc,phases,start] GC(357) Adjust Roots
[211.643s][info][gc,phases      ] GC(357) Adjust Roots 0.372ms
[211.643s][info][gc,phases,start] GC(357) Compaction Phase
[213.049s][info][gc,phases      ] GC(357) Compaction Phase 1405.690ms
[213.049s][info][gc,phases,start] GC(357) Post Compact
[213.057s][info][gc,phases      ] GC(357) Post Compact 8.508ms
[213.057s][info][gc,heap        ] GC(357) PSYoungGen: 121538K(280064K)->121538K(280064K) Eden: 115200K(115200K)->115200K(115200K) From: 6338K(164864K)->6338K(164864K)
[213.057s][info][gc,heap        ] GC(357) ParOldGen: 5529599K(5529600K)->5529595K(5529600K)
[213.057s][info][gc,metaspace   ] GC(357) Metaspace: 6303K(6528K)->6301K(6528K) NonClass: 5769K(5888K)->5768K(5888K) Class: 533K(640K)->532K(640K)
[213.057s][info][gc             ] GC(357) Pause Full (Allocation Failure) 5518M->5518M(5673M) 2732.615ms
[213.057s][info][gc,cpu         ] GC(357) User=20.41s Sys=0.00s Real=2.73s
[213.058s][info][gc,start       ] GC(358) Pause Full (Ergonomics)
[213.058s][info][gc,phases,start] GC(358) Marking Phase
[214.336s][info][gc,phases      ] GC(358) Marking Phase 1278.708ms
[214.337s][info][gc,phases,start] GC(358) Summary Phase
[214.337s][info][gc,phases      ] GC(358) Summary Phase 0.059ms
[214.337s][info][gc,phases,start] GC(358) Adjust Roots
[214.337s][info][gc,phases      ] GC(358) Adjust Roots 0.169ms
[214.337s][info][gc,phases,start] GC(358) Compaction Phase
[214.692s][info][gc,phases      ] GC(358) Compaction Phase 355.303ms
[214.692s][info][gc,phases,start] GC(358) Post Compact
[214.700s][info][gc,phases      ] GC(358) Post Compact 7.706ms
[214.700s][info][gc,heap        ] GC(358) PSYoungGen: 121538K(280064K)->121538K(280064K) Eden: 115200K(115200K)->115200K(115200K) From: 6338K(164864K)->6338K(164864K)
[214.700s][info][gc,heap        ] GC(358) ParOldGen: 5529597K(5529600K)->5529597K(5529600K)
[214.700s][info][gc,metaspace   ] GC(358) Metaspace: 6301K(6528K)->6301K(6528K) NonClass: 5768K(5888K)->5768K(5888K) Class: 532K(640K)->532K(640K)
[214.700s][info][gc             ] GC(358) Pause Full (Ergonomics) 5518M->5518M(5673M) 1642.269ms
[214.700s][info][gc,cpu         ] GC(358) User=12.81s Sys=0.00s Real=1.64s
[214.701s][info][gc,start       ] GC(359) Pause Full (Ergonomics)
[214.701s][info][gc,phases,start] GC(359) Marking Phase
[215.985s][info][gc,phases      ] GC(359) Marking Phase 1284.485ms
[215.985s][info][gc,phases,start] GC(359) Summary Phase
[215.985s][info][gc,phases      ] GC(359) Summary Phase 0.059ms
[215.985s][info][gc,phases,start] GC(359) Adjust Roots
[215.985s][info][gc,phases      ] GC(359) Adjust Roots 0.168ms
[215.985s][info][gc,phases,start] GC(359) Compaction Phase
[216.339s][info][gc,phases      ] GC(359) Compaction Phase 353.781ms
[216.339s][info][gc,phases,start] GC(359) Post Compact
[216.347s][info][gc,phases      ] GC(359) Post Compact 7.933ms
[216.347s][info][gc,heap        ] GC(359) PSYoungGen: 121538K(280064K)->121538K(280064K) Eden: 115200K(115200K)->115200K(115200K) From: 6338K(164864K)->6338K(164864K)
[216.347s][info][gc,heap        ] GC(359) ParOldGen: 5529599K(5529600K)->5529599K(5529600K)
[216.347s][info][gc,metaspace   ] GC(359) Metaspace: 6301K(6528K)->6301K(6528K) NonClass: 5768K(5888K)->5768K(5888K) Class: 532K(640K)->532K(640K)
[216.347s][info][gc             ] GC(359) Pause Full (Ergonomics) 5518M->5518M(5673M) 1646.738ms
[216.347s][info][gc,cpu         ] GC(359) User=12.52s Sys=0.00s Real=1.65s
[216.347s][info][gc,start       ] GC(360) Pause Full (Allocation Failure)
[216.347s][info][gc,phases,start] GC(360) Marking Phase
[217.619s][info][gc,phases      ] GC(360) Marking Phase 1272.100ms
[217.619s][info][gc,phases,start] GC(360) Summary Phase
[217.620s][info][gc,phases      ] GC(360) Summary Phase 0.064ms
[217.620s][info][gc,phases,start] GC(360) Adjust Roots
[217.620s][info][gc,phases      ] GC(360) Adjust Roots 0.166ms
[217.620s][info][gc,phases,start] GC(360) Compaction Phase
[217.977s][info][gc,phases      ] GC(360) Compaction Phase 357.398ms
[217.977s][info][gc,phases,start] GC(360) Post Compact
[217.985s][info][gc,phases      ] GC(360) Post Compact 7.560ms
[217.985s][info][gc,heap        ] GC(360) PSYoungGen: 121538K(280064K)->121538K(280064K) Eden: 115200K(115200K)->115200K(115200K) From: 6338K(164864K)->6338K(164864K)
[217.985s][info][gc,heap        ] GC(360) ParOldGen: 5529599K(5529600K)->5529599K(5529600K)
[217.985s][info][gc,metaspace   ] GC(360) Metaspace: 6301K(6528K)->6301K(6528K) NonClass: 5768K(5888K)->5768K(5888K) Class: 532K(640K)->532K(640K)
[217.985s][info][gc             ] GC(360) Pause Full (Allocation Failure) 5518M->5518M(5673M) 1637.583ms
[217.985s][info][gc,cpu         ] GC(360) User=12.72s Sys=0.00s Real=1.64s
[217.985s][info][gc,start       ] GC(361) Pause Full (Ergonomics)
[217.985s][info][gc,phases,start] GC(361) Marking Phase
[219.284s][info][gc,phases      ] GC(361) Marking Phase 1299.070ms
[219.285s][info][gc,phases,start] GC(361) Summary Phase
[219.285s][info][gc,phases      ] GC(361) Summary Phase 0.061ms
[219.285s][info][gc,phases,start] GC(361) Adjust Roots
[219.285s][info][gc,phases      ] GC(361) Adjust Roots 0.254ms
[219.285s][info][gc,phases,start] GC(361) Compaction Phase
[220.698s][info][gc,phases      ] GC(361) Compaction Phase 1412.602ms
[220.698s][info][gc,phases,start] GC(361) Post Compact
[220.706s][info][gc,phases      ] GC(361) Post Compact 8.278ms
[220.706s][info][gc,heap        ] GC(361) PSYoungGen: 121538K(280064K)->121538K(280064K) Eden: 115200K(115200K)->115200K(115200K) From: 6338K(164864K)->6338K(164864K)
[220.706s][info][gc,heap        ] GC(361) ParOldGen: 5529599K(5529600K)->5529598K(5529600K)
[220.706s][info][gc,metaspace   ] GC(361) Metaspace: 6301K(6528K)->6301K(6528K) NonClass: 5768K(5888K)->5768K(5888K) Class: 532K(640K)->532K(640K)
[220.706s][info][gc             ] GC(361) Pause Full (Ergonomics) 5518M->5518M(5673M) 2720.618ms
[220.706s][info][gc,cpu         ] GC(361) User=20.23s Sys=0.00s Real=2.72s
[220.707s][info][gc,start       ] GC(362) Pause Full (Ergonomics)
[220.707s][info][gc,phases,start] GC(362) Marking Phase
[221.987s][info][gc,phases      ] GC(362) Marking Phase 1279.707ms
[221.987s][info][gc,phases,start] GC(362) Summary Phase
[221.987s][info][gc,phases      ] GC(362) Summary Phase 0.061ms
[221.987s][info][gc,phases,start] GC(362) Adjust Roots
[221.987s][info][gc,phases      ] GC(362) Adjust Roots 0.250ms
[221.987s][info][gc,phases,start] GC(362) Compaction Phase
[223.401s][info][gc,phases      ] GC(362) Compaction Phase 1414.364ms
[223.401s][info][gc,phases,start] GC(362) Post Compact
[223.410s][info][gc,phases      ] GC(362) Post Compact 8.396ms
[223.410s][info][gc,heap        ] GC(362) PSYoungGen: 121538K(280064K)->121538K(280064K) Eden: 115200K(115200K)->115200K(115200K) From: 6338K(164864K)->6338K(164864K)
[223.410s][info][gc,heap        ] GC(362) ParOldGen: 5529599K(5529600K)->5529598K(5529600K)
[223.410s][info][gc,metaspace   ] GC(362) Metaspace: 6302K(6528K)->6302K(6528K) NonClass: 5768K(5888K)->5768K(5888K) Class: 533K(640K)->533K(640K)
[223.410s][info][gc             ] GC(362) Pause Full (Ergonomics) 5518M->5518M(5673M) 2703.140ms
[223.410s][info][gc,cpu         ] GC(362) User=19.91s Sys=0.05s Real=2.70s
[223.411s][info][gc,heap,exit   ] Heap
[223.411s][info][gc,heap,exit   ]  PSYoungGen      total 280064K, used 121538K [0x0000000757400000, 0x0000000773400000, 0x0000000800000000)
[223.411s][info][gc,heap,exit   ]   eden space 115200K, 100% used [0x0000000757400000,0x000000075e480000,0x000000075e480000)
[223.411s][info][gc,heap,exit   ]   from space 164864K, 3% used [0x000000075e480000,0x000000075eab0a18,0x0000000768580000)
[223.411s][info][gc,heap,exit   ]   to   space 165888K, 0% used [0x0000000769200000,0x0000000769200000,0x0000000773400000)
[223.411s][info][gc,heap,exit   ]  ParOldGen       total 5529600K, used 5529599K [0x0000000605c00000, 0x0000000757400000, 0x0000000757400000)
[223.411s][info][gc,heap,exit   ]   object space 5529600K, 99% used [0x0000000605c00000,0x00000007573ffca0,0x0000000757400000)
[223.411s][info][gc,heap,exit   ]  Metaspace       used 6306K, committed 6528K, reserved 1114112K
[223.411s][info][gc,heap,exit   ]   class space    used 534K, committed 640K, reserved 1048576K
