[0.015s][info][gc,init] CardTable entry size: 512
[0.016s][info][gc     ] Using Parallel
[0.017s][info][gc,init] Version: 18.0.1+10 (release)
[0.017s][info][gc,init] CPUs: 8 total, 8 available
[0.017s][info][gc,init] Memory: 16063M
[0.017s][info][gc,init] Large Page Support: Disabled
[0.017s][info][gc,init] NUMA Support: Disabled
[0.017s][info][gc,init] Compressed Oops: Enabled (Zero based)
[0.017s][info][gc,init] Alignments: Space 512K, Generation 512K, Heap 2M
[0.017s][info][gc,init] Heap Min Capacity: 2M
[0.017s][info][gc,init] Heap Initial Capacity: 2M
[0.017s][info][gc,init] Heap Max Capacity: 10000M
[0.017s][info][gc,init] Pre-touch: Disabled
[0.017s][info][gc,init] Parallel Workers: 8
[0.017s][info][gc,metaspace] CDS archive(s) not mapped
[0.018s][info][gc,metaspace] Compressed class space mapped at: 0x0000000800000000-0x0000000840000000, reserved size: 1073741824
[0.018s][info][gc,metaspace] Narrow klass base: 0x0000000800000000, Narrow klass shift: 0, Narrow klass range: 0x40000000
[0.120s][info][gc,start    ] GC(0) Pause Young (Allocation Failure)
[0.121s][info][gc,heap     ] GC(0) PSYoungGen: 512K(1024K)->480K(1024K) Eden: 512K(512K)->0K(512K) From: 0K(512K)->480K(512K)
[0.121s][info][gc,heap     ] GC(0) ParOldGen: 0K(512K)->8K(512K)
[0.121s][info][gc,metaspace] GC(0) Metaspace: 4228K(4352K)->4228K(4352K) NonClass: 3907K(3968K)->3907K(3968K) Class: 321K(384K)->321K(384K)
[0.121s][info][gc          ] GC(0) Pause Young (Allocation Failure) 0M->0M(1M) 1.199ms
[0.121s][info][gc,cpu      ] GC(0) User=0.00s Sys=0.00s Real=0.00s
[0.177s][info][gc,start    ] GC(1) Pause Young (Allocation Failure)
[0.178s][info][gc,heap     ] GC(1) PSYoungGen: 991K(1024K)->512K(1024K) Eden: 511K(512K)->0K(512K) From: 480K(512K)->512K(512K)
[0.178s][info][gc,heap     ] GC(1) ParOldGen: 8K(512K)->96K(512K)
[0.178s][info][gc,metaspace] GC(1) Metaspace: 5876K(5952K)->5876K(5952K) NonClass: 5379K(5440K)->5379K(5440K) Class: 496K(512K)->496K(512K)
[0.178s][info][gc          ] GC(1) Pause Young (Allocation Failure) 0M->0M(1M) 0.849ms
[0.178s][info][gc,cpu      ] GC(1) User=0.00s Sys=0.00s Real=0.00s
[0.195s][info][gc,start    ] GC(2) Pause Young (Allocation Failure)
[0.196s][info][gc,heap     ] GC(2) PSYoungGen: 1023K(1024K)->512K(1024K) Eden: 511K(512K)->0K(512K) From: 512K(512K)->512K(512K)
[0.196s][info][gc,heap     ] GC(2) ParOldGen: 96K(512K)->248K(512K)
[0.196s][info][gc,metaspace] GC(2) Metaspace: 6293K(6464K)->6293K(6464K) NonClass: 5760K(5824K)->5760K(5824K) Class: 533K(640K)->533K(640K)
[0.196s][info][gc          ] GC(2) Pause Young (Allocation Failure) 1M->0M(1M) 0.884ms
[0.196s][info][gc,cpu      ] GC(2) User=0.00s Sys=0.00s Real=0.00s
[0.197s][info][gc,start    ] GC(3) Pause Young (Allocation Failure)
[0.198s][info][gc,heap     ] GC(3) PSYoungGen: 1023K(1024K)->512K(1536K) Eden: 511K(512K)->0K(1024K) From: 512K(512K)->512K(512K)
[0.198s][info][gc,heap     ] GC(3) ParOldGen: 248K(512K)->512K(1024K)
[0.198s][info][gc,metaspace] GC(3) Metaspace: 6295K(6464K)->6295K(6464K) NonClass: 5762K(5824K)->5762K(5824K) Class: 533K(640K)->533K(640K)
[0.198s][info][gc          ] GC(3) Pause Young (Allocation Failure) 1M->1M(2M) 1.068ms
[0.198s][info][gc,cpu      ] GC(3) User=0.00s Sys=0.00s Real=0.00s
[0.200s][info][gc,start    ] GC(4) Pause Young (Allocation Failure)
[0.201s][info][gc,heap     ] GC(4) PSYoungGen: 1536K(1536K)->480K(1536K) Eden: 1024K(1024K)->0K(1024K) From: 512K(512K)->480K(512K)
[0.201s][info][gc,heap     ] GC(4) ParOldGen: 512K(1024K)->1064K(1536K)
[0.201s][info][gc,metaspace] GC(4) Metaspace: 6295K(6464K)->6295K(6464K) NonClass: 5762K(5824K)->5762K(5824K) Class: 533K(640K)->533K(640K)
[0.201s][info][gc          ] GC(4) Pause Young (Allocation Failure) 2M->1M(3M) 1.097ms
[0.201s][info][gc,cpu      ] GC(4) User=0.00s Sys=0.00s Real=0.00s
[0.201s][info][gc,start    ] GC(5) Pause Full (Ergonomics)
[0.201s][info][gc,phases,start] GC(5) Marking Phase
[0.202s][info][gc,phases      ] GC(5) Marking Phase 1.110ms
[0.202s][info][gc,phases,start] GC(5) Summary Phase
[0.202s][info][gc,phases      ] GC(5) Summary Phase 0.015ms
[0.202s][info][gc,phases,start] GC(5) Adjust Roots
[0.202s][info][gc,phases      ] GC(5) Adjust Roots 0.327ms
[0.203s][info][gc,phases,start] GC(5) Compaction Phase
[0.204s][info][gc,phases      ] GC(5) Compaction Phase 1.788ms
[0.204s][info][gc,phases,start] GC(5) Post Compact
[0.204s][info][gc,phases      ] GC(5) Post Compact 0.089ms
[0.204s][info][gc,heap        ] GC(5) PSYoungGen: 480K(1536K)->0K(3584K) Eden: 0K(1024K)->0K(2048K) From: 480K(512K)->0K(1536K)
[0.205s][info][gc,heap        ] GC(5) ParOldGen: 1064K(1536K)->1480K(3072K)
[0.205s][info][gc,metaspace   ] GC(5) Metaspace: 6295K(6464K)->6295K(6464K) NonClass: 5762K(5824K)->5762K(5824K) Class: 533K(640K)->533K(640K)
[0.205s][info][gc             ] GC(5) Pause Full (Ergonomics) 1M->1M(6M) 3.674ms
[0.205s][info][gc,cpu         ] GC(5) User=0.00s Sys=0.00s Real=0.00s
[0.207s][info][gc,start       ] GC(6) Pause Young (Allocation Failure)
[0.208s][info][gc,heap        ] GC(6) PSYoungGen: 2048K(3584K)->1088K(3584K) Eden: 2048K(2048K)->0K(2048K) From: 0K(1536K)->1088K(1536K)
[0.208s][info][gc,heap        ] GC(6) ParOldGen: 1480K(3072K)->1480K(3072K)
[0.208s][info][gc,metaspace   ] GC(6) Metaspace: 6295K(6464K)->6295K(6464K) NonClass: 5762K(5824K)->5762K(5824K) Class: 533K(640K)->533K(640K)
[0.208s][info][gc             ] GC(6) Pause Young (Allocation Failure) 3M->2M(6M) 1.089ms
[0.208s][info][gc,cpu         ] GC(6) User=0.00s Sys=0.00s Real=0.00s
[0.211s][info][gc,start       ] GC(7) Pause Young (Allocation Failure)
[0.213s][info][gc,heap        ] GC(7) PSYoungGen: 3136K(3584K)->1504K(5120K) Eden: 2048K(2048K)->0K(3584K) From: 1088K(1536K)->1504K(1536K)
[0.213s][info][gc,heap        ] GC(7) ParOldGen: 1480K(3072K)->2112K(3072K)
[0.213s][info][gc,metaspace   ] GC(7) Metaspace: 6295K(6464K)->6295K(6464K) NonClass: 5762K(5824K)->5762K(5824K) Class: 533K(640K)->533K(640K)
[0.213s][info][gc             ] GC(7) Pause Young (Allocation Failure) 4M->3M(8M) 2.196ms
[0.213s][info][gc,cpu         ] GC(7) User=0.00s Sys=0.00s Real=0.00s
[0.218s][info][gc,start       ] GC(8) Pause Young (Allocation Failure)
[0.220s][info][gc,heap        ] GC(8) PSYoungGen: 5088K(5120K)->2016K(5632K) Eden: 3584K(3584K)->0K(3584K) From: 1504K(1536K)->2016K(2048K)
[0.220s][info][gc,heap        ] GC(8) ParOldGen: 2112K(3072K)->3472K(3584K)
[0.220s][info][gc,metaspace   ] GC(8) Metaspace: 6295K(6464K)->6295K(6464K) NonClass: 5762K(5824K)->5762K(5824K) Class: 533K(640K)->533K(640K)
[0.220s][info][gc             ] GC(8) Pause Young (Allocation Failure) 7M->5M(9M) 2.600ms
[0.220s][info][gc,cpu         ] GC(8) User=0.00s Sys=0.00s Real=0.00s
[0.220s][info][gc,start       ] GC(9) Pause Full (Ergonomics)
[0.220s][info][gc,phases,start] GC(9) Marking Phase
[0.223s][info][gc,phases      ] GC(9) Marking Phase 2.288ms
[0.223s][info][gc,phases,start] GC(9) Summary Phase
[0.223s][info][gc,phases      ] GC(9) Summary Phase 0.014ms
[0.223s][info][gc,phases,start] GC(9) Adjust Roots
[0.223s][info][gc,phases      ] GC(9) Adjust Roots 0.251ms
[0.223s][info][gc,phases,start] GC(9) Compaction Phase
[0.226s][info][gc,phases      ] GC(9) Compaction Phase 3.062ms
[0.226s][info][gc,phases,start] GC(9) Post Compact
[0.226s][info][gc,phases      ] GC(9) Post Compact 0.029ms
[0.226s][info][gc,heap        ] GC(9) PSYoungGen: 2016K(5632K)->2012K(5632K) Eden: 0K(3584K)->0K(3584K) From: 2016K(2048K)->2012K(2048K)
[0.226s][info][gc,heap        ] GC(9) ParOldGen: 3472K(3584K)->3398K(6144K)
[0.226s][info][gc,metaspace   ] GC(9) Metaspace: 6295K(6464K)->6295K(6464K) NonClass: 5762K(5824K)->5762K(5824K) Class: 533K(640K)->533K(640K)
[0.226s][info][gc             ] GC(9) Pause Full (Ergonomics) 5M->5M(11M) 6.050ms
[0.226s][info][gc,cpu         ] GC(9) User=0.02s Sys=0.00s Real=0.01s
[0.231s][info][gc,start       ] GC(10) Pause Young (Allocation Failure)
[0.235s][info][gc,heap        ] GC(10) PSYoungGen: 5596K(5632K)->3040K(7680K) Eden: 3584K(3584K)->0K(4608K) From: 2012K(2048K)->3040K(3072K)
[0.235s][info][gc,heap        ] GC(10) ParOldGen: 3398K(6144K)->4238K(6144K)
[0.236s][info][gc,metaspace   ] GC(10) Metaspace: 6295K(6464K)->6295K(6464K) NonClass: 5762K(5824K)->5762K(5824K) Class: 533K(640K)->533K(640K)
[0.236s][info][gc             ] GC(10) Pause Young (Allocation Failure) 8M->7M(13M) 4.299ms
[0.236s][info][gc,cpu         ] GC(10) User=0.00s Sys=0.00s Real=0.00s
[0.241s][info][gc,start       ] GC(11) Pause Young (Allocation Failure)
[0.245s][info][gc,heap        ] GC(11) PSYoungGen: 7648K(7680K)->3968K(8704K) Eden: 4608K(4608K)->0K(4608K) From: 3040K(3072K)->3968K(4096K)
[0.245s][info][gc,heap        ] GC(11) ParOldGen: 4238K(6144K)->5774K(6144K)
[0.245s][info][gc,metaspace   ] GC(11) Metaspace: 6295K(6464K)->6295K(6464K) NonClass: 5762K(5824K)->5762K(5824K) Class: 533K(640K)->533K(640K)
[0.245s][info][gc             ] GC(11) Pause Young (Allocation Failure) 11M->9M(14M) 3.861ms
[0.245s][info][gc,cpu         ] GC(11) User=0.00s Sys=0.00s Real=0.00s
[0.245s][info][gc,start       ] GC(12) Pause Full (Ergonomics)
[0.245s][info][gc,phases,start] GC(12) Marking Phase
[0.249s][info][gc,phases      ] GC(12) Marking Phase 4.371ms
[0.249s][info][gc,phases,start] GC(12) Summary Phase
[0.249s][info][gc,phases      ] GC(12) Summary Phase 0.014ms
[0.249s][info][gc,phases,start] GC(12) Adjust Roots
[0.249s][info][gc,phases      ] GC(12) Adjust Roots 0.161ms
[0.249s][info][gc,phases,start] GC(12) Compaction Phase
[0.253s][info][gc,phases      ] GC(12) Compaction Phase 3.632ms
[0.253s][info][gc,phases,start] GC(12) Post Compact
[0.253s][info][gc,phases      ] GC(12) Post Compact 0.069ms
[0.253s][info][gc,heap        ] GC(12) PSYoungGen: 3968K(8704K)->3900K(8704K) Eden: 0K(4608K)->0K(4608K) From: 3968K(4096K)->3900K(4096K)
[0.253s][info][gc,heap        ] GC(12) ParOldGen: 5774K(6144K)->5718K(9728K)
[0.253s][info][gc,metaspace   ] GC(12) Metaspace: 6295K(6464K)->6295K(6464K) NonClass: 5762K(5824K)->5762K(5824K) Class: 533K(640K)->533K(640K)
[0.253s][info][gc             ] GC(12) Pause Full (Ergonomics) 9M->9M(18M) 8.572ms
[0.253s][info][gc,cpu         ] GC(12) User=0.00s Sys=0.00s Real=0.01s
[0.259s][info][gc,start       ] GC(13) Pause Young (Allocation Failure)
[0.264s][info][gc,heap        ] GC(13) PSYoungGen: 8508K(8704K)->2656K(11264K) Eden: 4607K(4608K)->0K(6656K) From: 3900K(4096K)->2656K(4608K)
[0.264s][info][gc,heap        ] GC(13) ParOldGen: 5718K(9728K)->9430K(9728K)
[0.264s][info][gc,metaspace   ] GC(13) Metaspace: 6295K(6464K)->6295K(6464K) NonClass: 5762K(5824K)->5762K(5824K) Class: 533K(640K)->533K(640K)
[0.264s][info][gc             ] GC(13) Pause Young (Allocation Failure) 13M->11M(20M) 5.249ms
[0.264s][info][gc,cpu         ] GC(13) User=0.00s Sys=0.00s Real=0.01s
[0.264s][info][gc,start       ] GC(14) Pause Full (Ergonomics)
[0.264s][info][gc,phases,start] GC(14) Marking Phase
[0.269s][info][gc,phases      ] GC(14) Marking Phase 4.949ms
[0.269s][info][gc,phases,start] GC(14) Summary Phase
[0.269s][info][gc,phases      ] GC(14) Summary Phase 0.013ms
[0.269s][info][gc,phases,start] GC(14) Adjust Roots
[0.270s][info][gc,phases      ] GC(14) Adjust Roots 0.167ms
[0.270s][info][gc,phases,start] GC(14) Compaction Phase
[0.274s][info][gc,phases      ] GC(14) Compaction Phase 3.936ms
[0.274s][info][gc,phases,start] GC(14) Post Compact
[0.274s][info][gc,phases      ] GC(14) Post Compact 0.058ms
[0.274s][info][gc,heap        ] GC(14) PSYoungGen: 2656K(11264K)->2622K(11264K) Eden: 0K(6656K)->0K(6656K) From: 2656K(4608K)->2622K(4608K)
[0.274s][info][gc,heap        ] GC(14) ParOldGen: 9430K(9728K)->9362K(15360K)
[0.274s][info][gc,metaspace   ] GC(14) Metaspace: 6295K(6464K)->6295K(6464K) NonClass: 5762K(5824K)->5762K(5824K) Class: 533K(640K)->533K(640K)
[0.274s][info][gc             ] GC(14) Pause Full (Ergonomics) 11M->11M(26M) 9.425ms
[0.274s][info][gc,cpu         ] GC(14) User=0.00s Sys=0.00s Real=0.01s
[0.279s][info][gc,start       ] GC(15) Pause Young (Allocation Failure)
[0.284s][info][gc,heap        ] GC(15) PSYoungGen: 9278K(11264K)->3456K(11264K) Eden: 6656K(6656K)->0K(6656K) From: 2622K(4608K)->3456K(4608K)
[0.284s][info][gc,heap        ] GC(15) ParOldGen: 9362K(15360K)->12026K(15360K)
[0.284s][info][gc,metaspace   ] GC(15) Metaspace: 6297K(6464K)->6297K(6464K) NonClass: 5764K(5824K)->5764K(5824K) Class: 533K(640K)->533K(640K)
[0.284s][info][gc             ] GC(15) Pause Young (Allocation Failure) 18M->15M(26M) 4.524ms
[0.284s][info][gc,cpu         ] GC(15) User=0.00s Sys=0.00s Real=0.00s
[0.288s][info][gc,start       ] GC(16) Pause Young (Allocation Failure)
[0.294s][info][gc,heap        ] GC(16) PSYoungGen: 10112K(11264K)->3488K(14336K) Eden: 6656K(6656K)->0K(9216K) From: 3456K(4608K)->3488K(5120K)
[0.294s][info][gc,heap        ] GC(16) ParOldGen: 12026K(15360K)->15490K(15872K)
[0.294s][info][gc,metaspace   ] GC(16) Metaspace: 6297K(6464K)->6297K(6464K) NonClass: 5764K(5824K)->5764K(5824K) Class: 533K(640K)->533K(640K)
[0.294s][info][gc             ] GC(16) Pause Young (Allocation Failure) 21M->18M(29M) 5.914ms
[0.294s][info][gc,cpu         ] GC(16) User=0.00s Sys=0.00s Real=0.01s
[0.294s][info][gc,start       ] GC(17) Pause Full (Ergonomics)
[0.294s][info][gc,phases,start] GC(17) Marking Phase
[0.301s][info][gc,phases      ] GC(17) Marking Phase 7.525ms
[0.301s][info][gc,phases,start] GC(17) Summary Phase
[0.301s][info][gc,phases      ] GC(17) Summary Phase 0.018ms
[0.301s][info][gc,phases,start] GC(17) Adjust Roots
[0.302s][info][gc,phases      ] GC(17) Adjust Roots 0.234ms
[0.302s][info][gc,phases,start] GC(17) Compaction Phase
[0.308s][info][gc,phases      ] GC(17) Compaction Phase 6.513ms
[0.308s][info][gc,phases,start] GC(17) Post Compact
[0.308s][info][gc,phases      ] GC(17) Post Compact 0.089ms
[0.309s][info][gc,heap        ] GC(17) PSYoungGen: 3488K(14336K)->3434K(14336K) Eden: 0K(9216K)->0K(9216K) From: 3488K(5120K)->3434K(5120K)
[0.309s][info][gc,heap        ] GC(17) ParOldGen: 15490K(15872K)->15385K(23552K)
[0.309s][info][gc,metaspace   ] GC(17) Metaspace: 6297K(6464K)->6297K(6464K) NonClass: 5764K(5824K)->5764K(5824K) Class: 533K(640K)->533K(640K)
[0.309s][info][gc             ] GC(17) Pause Full (Ergonomics) 18M->18M(37M) 14.757ms
[0.309s][info][gc,cpu         ] GC(17) User=0.02s Sys=0.00s Real=0.01s
[0.317s][info][gc,start       ] GC(18) Pause Young (Allocation Failure)
[0.324s][info][gc,heap        ] GC(18) PSYoungGen: 12650K(14336K)->5088K(14336K) Eden: 9216K(9216K)->0K(9216K) From: 3434K(5120K)->5088K(5120K)
[0.324s][info][gc,heap        ] GC(18) ParOldGen: 15385K(23552K)->19065K(23552K)
[0.324s][info][gc,metaspace   ] GC(18) Metaspace: 6297K(6464K)->6297K(6464K) NonClass: 5764K(5824K)->5764K(5824K) Class: 533K(640K)->533K(640K)
[0.324s][info][gc             ] GC(18) Pause Young (Allocation Failure) 27M->23M(37M) 7.232ms
[0.324s][info][gc,cpu         ] GC(18) User=0.02s Sys=0.00s Real=0.01s
[0.330s][info][gc,start       ] GC(19) Pause Young (Allocation Failure)
[0.338s][info][gc,heap        ] GC(19) PSYoungGen: 14304K(14336K)->4800K(19968K) Eden: 9216K(9216K)->0K(12288K) From: 5088K(5120K)->4800K(7680K)
[0.338s][info][gc,heap        ] GC(19) ParOldGen: 19065K(23552K)->24217K(24576K)
[0.338s][info][gc,metaspace   ] GC(19) Metaspace: 6297K(6464K)->6297K(6464K) NonClass: 5764K(5824K)->5764K(5824K) Class: 533K(640K)->533K(640K)
[0.338s][info][gc             ] GC(19) Pause Young (Allocation Failure) 32M->28M(43M) 7.701ms
[0.338s][info][gc,cpu         ] GC(19) User=0.00s Sys=0.00s Real=0.01s
[0.338s][info][gc,start       ] GC(20) Pause Full (Ergonomics)
[0.338s][info][gc,phases,start] GC(20) Marking Phase
[0.349s][info][gc,phases      ] GC(20) Marking Phase 11.679ms
[0.350s][info][gc,phases,start] GC(20) Summary Phase
[0.350s][info][gc,phases      ] GC(20) Summary Phase 0.018ms
[0.350s][info][gc,phases,start] GC(20) Adjust Roots
[0.350s][info][gc,phases      ] GC(20) Adjust Roots 0.176ms
[0.350s][info][gc,phases,start] GC(20) Compaction Phase
[0.362s][info][gc,phases      ] GC(20) Compaction Phase 12.111ms
[0.362s][info][gc,phases,start] GC(20) Post Compact
[0.362s][info][gc,phases      ] GC(20) Post Compact 0.127ms
[0.362s][info][gc,heap        ] GC(20) PSYoungGen: 4800K(19968K)->4250K(19968K) Eden: 0K(12288K)->0K(12288K) From: 4800K(7680K)->4250K(7680K)
[0.362s][info][gc,heap        ] GC(20) ParOldGen: 24217K(24576K)->24075K(34816K)
[0.362s][info][gc,metaspace   ] GC(20) Metaspace: 6297K(6464K)->6297K(6464K) NonClass: 5764K(5824K)->5764K(5824K) Class: 533K(640K)->533K(640K)
[0.362s][info][gc             ] GC(20) Pause Full (Ergonomics) 28M->27M(53M) 24.570ms
[0.362s][info][gc,cpu         ] GC(20) User=0.03s Sys=0.00s Real=0.03s
[0.371s][info][gc,start       ] GC(21) Pause Young (Allocation Failure)
[0.380s][info][gc,heap        ] GC(21) PSYoungGen: 16538K(19968K)->6400K(19968K) Eden: 12288K(12288K)->0K(12288K) From: 4250K(7680K)->6400K(7680K)
[0.380s][info][gc,heap        ] GC(21) ParOldGen: 24075K(34816K)->28403K(34816K)
[0.380s][info][gc,metaspace   ] GC(21) Metaspace: 6297K(6464K)->6297K(6464K) NonClass: 5764K(5824K)->5764K(5824K) Class: 533K(640K)->533K(640K)
[0.381s][info][gc             ] GC(21) Pause Young (Allocation Failure) 39M->33M(53M) 9.693ms
[0.381s][info][gc,cpu         ] GC(21) User=0.00s Sys=0.00s Real=0.01s
[0.390s][info][gc,start       ] GC(22) Pause Young (Allocation Failure)
[0.404s][info][gc,heap        ] GC(22) PSYoungGen: 16679K(19968K)->8704K(20992K) Eden: 10279K(12288K)->0K(12288K) From: 6400K(7680K)->8704K(8704K)
[0.404s][info][gc,heap        ] GC(22) ParOldGen: 28403K(34816K)->36219K(36352K)
[0.404s][info][gc,metaspace   ] GC(22) Metaspace: 6297K(6464K)->6297K(6464K) NonClass: 5764K(5824K)->5764K(5824K) Class: 533K(640K)->533K(640K)
[0.404s][info][gc             ] GC(22) Pause Young (Allocation Failure) 44M->43M(56M) 13.818ms
[0.404s][info][gc,cpu         ] GC(22) User=0.02s Sys=0.00s Real=0.01s
[0.404s][info][gc,start       ] GC(23) Pause Full (Ergonomics)
[0.404s][info][gc,phases,start] GC(23) Marking Phase
[0.423s][info][gc,phases      ] GC(23) Marking Phase 18.310ms
[0.423s][info][gc,phases,start] GC(23) Summary Phase
[0.423s][info][gc,phases      ] GC(23) Summary Phase 0.018ms
[0.423s][info][gc,phases,start] GC(23) Adjust Roots
[0.423s][info][gc,phases      ] GC(23) Adjust Roots 0.161ms
[0.423s][info][gc,phases,start] GC(23) Compaction Phase
[0.435s][info][gc,phases      ] GC(23) Compaction Phase 12.252ms
[0.435s][info][gc,phases,start] GC(23) Post Compact
[0.435s][info][gc,phases      ] GC(23) Post Compact 0.245ms
[0.436s][info][gc,heap        ] GC(23) PSYoungGen: 8704K(20992K)->8687K(20992K) Eden: 0K(12288K)->0K(12288K) From: 8704K(8704K)->8687K(8704K)
[0.436s][info][gc,heap        ] GC(23) ParOldGen: 36219K(36352K)->36009K(50176K)
[0.436s][info][gc,metaspace   ] GC(23) Metaspace: 6297K(6464K)->6297K(6464K) NonClass: 5764K(5824K)->5764K(5824K) Class: 533K(640K)->533K(640K)
[0.436s][info][gc             ] GC(23) Pause Full (Ergonomics) 43M->43M(69M) 31.371ms
[0.436s][info][gc,cpu         ] GC(23) User=0.03s Sys=0.00s Real=0.03s
[0.451s][info][gc,start       ] GC(24) Pause Young (Allocation Failure)
[0.466s][info][gc,heap        ] GC(24) PSYoungGen: 20975K(20992K)->12320K(25088K) Eden: 12288K(12288K)->0K(12288K) From: 8687K(8704K)->12320K(12800K)
[0.466s][info][gc,heap        ] GC(24) ParOldGen: 36009K(50176K)->44841K(50176K)
[0.466s][info][gc,metaspace   ] GC(24) Metaspace: 6297K(6464K)->6297K(6464K) NonClass: 5764K(5824K)->5764K(5824K) Class: 533K(640K)->533K(640K)
[0.466s][info][gc             ] GC(24) Pause Young (Allocation Failure) 55M->55M(73M) 15.043ms
[0.466s][info][gc,cpu         ] GC(24) User=0.00s Sys=0.00s Real=0.01s
[0.466s][info][gc,start       ] GC(25) Pause Full (Ergonomics)
[0.466s][info][gc,phases,start] GC(25) Marking Phase
[0.488s][info][gc,phases      ] GC(25) Marking Phase 22.109ms
[0.489s][info][gc,phases,start] GC(25) Summary Phase
[0.489s][info][gc,phases      ] GC(25) Summary Phase 0.014ms
[0.489s][info][gc,phases,start] GC(25) Adjust Roots
[0.489s][info][gc,phases      ] GC(25) Adjust Roots 0.151ms
[0.489s][info][gc,phases,start] GC(25) Compaction Phase
[0.509s][info][gc,phases      ] GC(25) Compaction Phase 20.161ms
[0.509s][info][gc,phases,start] GC(25) Post Compact
[0.509s][info][gc,phases      ] GC(25) Post Compact 0.284ms
[0.509s][info][gc,heap        ] GC(25) PSYoungGen: 12320K(25088K)->6127K(25088K) Eden: 0K(12288K)->0K(12288K) From: 12320K(12800K)->6127K(12800K)
[0.509s][info][gc,heap        ] GC(25) ParOldGen: 44841K(50176K)->49808K(67072K)
[0.509s][info][gc,metaspace   ] GC(25) Metaspace: 6297K(6464K)->6297K(6464K) NonClass: 5764K(5824K)->5764K(5824K) Class: 533K(640K)->533K(640K)
[0.509s][info][gc             ] GC(25) Pause Full (Ergonomics) 55M->54M(90M) 43.140ms
[0.510s][info][gc,cpu         ] GC(25) User=0.05s Sys=0.00s Real=0.04s
[0.524s][info][gc,start       ] GC(26) Pause Young (Allocation Failure)
[0.542s][info][gc,heap        ] GC(26) PSYoungGen: 18415K(25088K)->12320K(28160K) Eden: 12288K(12288K)->0K(13312K) From: 6127K(12800K)->12320K(14848K)
[0.542s][info][gc,heap        ] GC(26) ParOldGen: 49808K(67072K)->56040K(67072K)
[0.542s][info][gc,metaspace   ] GC(26) Metaspace: 6297K(6464K)->6297K(6464K) NonClass: 5764K(5824K)->5764K(5824K) Class: 533K(640K)->533K(640K)
[0.542s][info][gc             ] GC(26) Pause Young (Allocation Failure) 66M->66M(93M) 18.015ms
[0.542s][info][gc,cpu         ] GC(26) User=0.00s Sys=0.02s Real=0.02s
[0.556s][info][gc,start       ] GC(27) Pause Young (Allocation Failure)
[0.574s][info][gc,heap        ] GC(27) PSYoungGen: 25632K(28160K)->16384K(29696K) Eden: 13312K(13312K)->0K(13312K) From: 12320K(14848K)->16384K(16384K)
[0.574s][info][gc,heap        ] GC(27) ParOldGen: 56040K(67072K)->65376K(67072K)
[0.574s][info][gc,metaspace   ] GC(27) Metaspace: 6297K(6464K)->6297K(6464K) NonClass: 5764K(5824K)->5764K(5824K) Class: 533K(640K)->533K(640K)
[0.574s][info][gc             ] GC(27) Pause Young (Allocation Failure) 79M->79M(94M) 18.169ms
[0.574s][info][gc,cpu         ] GC(27) User=0.03s Sys=0.00s Real=0.02s
[0.574s][info][gc,start       ] GC(28) Pause Full (Ergonomics)
[0.574s][info][gc,phases,start] GC(28) Marking Phase
[0.605s][info][gc,phases      ] GC(28) Marking Phase 30.609ms
[0.605s][info][gc,phases,start] GC(28) Summary Phase
[0.605s][info][gc,phases      ] GC(28) Summary Phase 0.018ms
[0.605s][info][gc,phases,start] GC(28) Adjust Roots
[0.605s][info][gc,phases      ] GC(28) Adjust Roots 0.151ms
[0.605s][info][gc,phases,start] GC(28) Compaction Phase
[0.627s][info][gc,phases      ] GC(28) Compaction Phase 21.621ms
[0.627s][info][gc,phases,start] GC(28) Post Compact
[0.627s][info][gc,phases      ] GC(28) Post Compact 0.392ms
[0.627s][info][gc,heap        ] GC(28) PSYoungGen: 16384K(29696K)->14819K(29696K) Eden: 0K(13312K)->0K(13312K) From: 16384K(16384K)->14819K(16384K)
[0.627s][info][gc,heap        ] GC(28) ParOldGen: 65376K(67072K)->66654K(87552K)
[0.627s][info][gc,metaspace   ] GC(28) Metaspace: 6297K(6464K)->6297K(6464K) NonClass: 5764K(5824K)->5764K(5824K) Class: 533K(640K)->533K(640K)
[0.627s][info][gc             ] GC(28) Pause Full (Ergonomics) 79M->79M(114M) 53.186ms
[0.627s][info][gc,cpu         ] GC(28) User=0.06s Sys=0.00s Real=0.05s
[0.648s][info][gc,start       ] GC(29) Pause Young (Allocation Failure)
[0.673s][info][gc,heap        ] GC(29) PSYoungGen: 28131K(29696K)->13344K(38400K) Eden: 13312K(13312K)->0K(15872K) From: 14819K(16384K)->13344K(22528K)
[0.673s][info][gc,heap        ] GC(29) ParOldGen: 66654K(87552K)->81718K(87552K)
[0.673s][info][gc,metaspace   ] GC(29) Metaspace: 6297K(6464K)->6297K(6464K) NonClass: 5764K(5824K)->5764K(5824K) Class: 533K(640K)->533K(640K)
[0.674s][info][gc             ] GC(29) Pause Young (Allocation Failure) 92M->92M(123M) 25.165ms
[0.674s][info][gc,cpu         ] GC(29) User=0.03s Sys=0.00s Real=0.02s
[0.674s][info][gc,start       ] GC(30) Pause Full (Ergonomics)
[0.674s][info][gc,phases,start] GC(30) Marking Phase
[0.711s][info][gc,phases      ] GC(30) Marking Phase 36.927ms
[0.711s][info][gc,phases,start] GC(30) Summary Phase
[0.711s][info][gc,phases      ] GC(30) Summary Phase 0.019ms
[0.711s][info][gc,phases,start] GC(30) Adjust Roots
[0.711s][info][gc,phases      ] GC(30) Adjust Roots 0.154ms
[0.711s][info][gc,phases,start] GC(30) Compaction Phase
[0.738s][info][gc,phases      ] GC(30) Compaction Phase 26.782ms
[0.738s][info][gc,phases,start] GC(30) Post Compact
[0.738s][info][gc,phases      ] GC(30) Post Compact 0.322ms
[0.738s][info][gc,heap        ] GC(30) PSYoungGen: 13344K(38400K)->5618K(38912K) Eden: 0K(15872K)->0K(16384K) From: 13344K(22528K)->5618K(22528K)
[0.738s][info][gc,heap        ] GC(30) ParOldGen: 81718K(87552K)->87098K(112640K)
[0.738s][info][gc,metaspace   ] GC(30) Metaspace: 6297K(6464K)->6297K(6464K) NonClass: 5764K(5824K)->5764K(5824K) Class: 533K(640K)->533K(640K)
[0.738s][info][gc             ] GC(30) Pause Full (Ergonomics) 92M->90M(148M) 64.592ms
[0.738s][info][gc,cpu         ] GC(30) User=0.09s Sys=0.00s Real=0.07s
[0.752s][info][gc,start       ] GC(31) Pause Young (Allocation Failure)
[0.770s][info][gc,heap        ] GC(31) PSYoungGen: 22002K(38912K)->22048K(39424K) Eden: 16384K(16384K)->0K(16384K) From: 5618K(22528K)->22048K(23040K)
[0.770s][info][gc,heap        ] GC(31) ParOldGen: 87098K(112640K)->87098K(112640K)
[0.770s][info][gc,metaspace   ] GC(31) Metaspace: 6297K(6464K)->6297K(6464K) NonClass: 5764K(5824K)->5764K(5824K) Class: 533K(640K)->533K(640K)
[0.770s][info][gc             ] GC(31) Pause Young (Allocation Failure) 106M->106M(148M) 17.714ms
[0.770s][info][gc,cpu         ] GC(31) User=0.03s Sys=0.00s Real=0.02s
[0.785s][info][gc,start       ] GC(32) Pause Young (Allocation Failure)
[0.808s][info][gc,heap        ] GC(32) PSYoungGen: 38432K(39424K)->26624K(36864K) Eden: 16384K(16384K)->0K(10240K) From: 22048K(23040K)->26624K(26624K)
[0.808s][info][gc,heap        ] GC(32) ParOldGen: 87098K(112640K)->99042K(112640K)
[0.808s][info][gc,metaspace   ] GC(32) Metaspace: 6297K(6464K)->6297K(6464K) NonClass: 5764K(5824K)->5764K(5824K) Class: 533K(640K)->533K(640K)
[0.808s][info][gc             ] GC(32) Pause Young (Allocation Failure) 122M->122M(146M) 22.457ms
[0.808s][info][gc,cpu         ] GC(32) User=0.05s Sys=0.02s Real=0.02s
[0.808s][info][gc,start       ] GC(33) Pause Full (Ergonomics)
[0.808s][info][gc,phases,start] GC(33) Marking Phase
[0.845s][info][gc,phases      ] GC(33) Marking Phase 36.758ms
[0.845s][info][gc,phases,start] GC(33) Summary Phase
[0.845s][info][gc,phases      ] GC(33) Summary Phase 0.022ms
[0.845s][info][gc,phases,start] GC(33) Adjust Roots
[0.845s][info][gc,phases      ] GC(33) Adjust Roots 0.184ms
[0.845s][info][gc,phases,start] GC(33) Compaction Phase
[0.867s][info][gc,phases      ] GC(33) Compaction Phase 21.757ms
[0.867s][info][gc,phases,start] GC(33) Post Compact
[0.867s][info][gc,phases      ] GC(33) Post Compact 0.546ms
[0.868s][info][gc,heap        ] GC(33) PSYoungGen: 26624K(36864K)->13284K(36864K) Eden: 0K(10240K)->0K(10240K) From: 26624K(26624K)->13284K(26624K)
[0.868s][info][gc,heap        ] GC(33) ParOldGen: 99042K(112640K)->112135K(140800K)
[0.868s][info][gc,metaspace   ] GC(33) Metaspace: 6297K(6464K)->6297K(6464K) NonClass: 5764K(5824K)->5764K(5824K) Class: 533K(640K)->533K(640K)
[0.868s][info][gc             ] GC(33) Pause Full (Ergonomics) 122M->122M(173M) 59.708ms
[0.868s][info][gc,cpu         ] GC(33) User=0.08s Sys=0.02s Real=0.06s
[0.877s][info][gc,start       ] GC(34) Pause Young (Allocation Failure)
[0.896s][info][gc,heap        ] GC(34) PSYoungGen: 23524K(36864K)->14240K(46080K) Eden: 10240K(10240K)->0K(10240K) From: 13284K(26624K)->14240K(35840K)
[0.896s][info][gc,heap        ] GC(34) ParOldGen: 112135K(140800K)->121671K(140800K)
[0.896s][info][gc,metaspace   ] GC(34) Metaspace: 6297K(6464K)->6297K(6464K) NonClass: 5764K(5824K)->5764K(5824K) Class: 533K(640K)->533K(640K)
[0.896s][info][gc             ] GC(34) Pause Young (Allocation Failure) 132M->132M(182M) 18.808ms
[0.896s][info][gc,cpu         ] GC(34) User=0.06s Sys=0.00s Real=0.02s
[0.907s][info][gc,start       ] GC(35) Pause Young (Allocation Failure)
[0.919s][info][gc,heap        ] GC(35) PSYoungGen: 24480K(46080K)->24480K(43520K) Eden: 10240K(10240K)->0K(9728K) From: 14240K(35840K)->24480K(33792K)
[0.919s][info][gc,heap        ] GC(35) ParOldGen: 121671K(140800K)->121671K(140800K)
[0.919s][info][gc,metaspace   ] GC(35) Metaspace: 6297K(6464K)->6297K(6464K) NonClass: 5764K(5824K)->5764K(5824K) Class: 533K(640K)->533K(640K)
[0.919s][info][gc             ] GC(35) Pause Young (Allocation Failure) 142M->142M(180M) 12.197ms
[0.919s][info][gc,cpu         ] GC(35) User=0.02s Sys=0.00s Real=0.01s
[0.929s][info][gc,start       ] GC(36) Pause Young (Allocation Failure)
[0.945s][info][gc,heap        ] GC(36) PSYoungGen: 34208K(43520K)->34176K(46080K) Eden: 9728K(9728K)->0K(9728K) From: 24480K(33792K)->34176K(36352K)
[0.945s][info][gc,heap        ] GC(36) ParOldGen: 121671K(140800K)->121671K(140800K)
[0.945s][info][gc,metaspace   ] GC(36) Metaspace: 6297K(6464K)->6297K(6464K) NonClass: 5764K(5824K)->5764K(5824K) Class: 533K(640K)->533K(640K)
[0.945s][info][gc             ] GC(36) Pause Young (Allocation Failure) 152M->152M(182M) 16.148ms
[0.945s][info][gc,cpu         ] GC(36) User=0.02s Sys=0.00s Real=0.02s
[0.956s][info][gc,start       ] GC(37) Pause Young (Allocation Failure)
[0.977s][info][gc,heap        ] GC(37) PSYoungGen: 43904K(46080K)->40000K(46592K) Eden: 9728K(9728K)->0K(5120K) From: 34176K(36352K)->40000K(41472K)
[0.977s][info][gc,heap        ] GC(37) ParOldGen: 121671K(140800K)->125655K(140800K)
[0.977s][info][gc,metaspace   ] GC(37) Metaspace: 6297K(6464K)->6297K(6464K) NonClass: 5764K(5824K)->5764K(5824K) Class: 533K(640K)->533K(640K)
[0.977s][info][gc             ] GC(37) Pause Young (Allocation Failure) 161M->161M(183M) 21.804ms
[0.977s][info][gc,cpu         ] GC(37) User=0.06s Sys=0.02s Real=0.02s
[0.982s][info][gc,start       ] GC(38) Pause Young (Allocation Failure)
[1.002s][info][gc,heap        ] GC(38) PSYoungGen: 45120K(46592K)->34848K(52736K) Eden: 5120K(5120K)->0K(5120K) From: 40000K(41472K)->34848K(47616K)
[1.002s][info][gc,heap        ] GC(38) ParOldGen: 125655K(140800K)->136039K(140800K)
[1.002s][info][gc,metaspace   ] GC(38) Metaspace: 6297K(6464K)->6297K(6464K) NonClass: 5764K(5824K)->5764K(5824K) Class: 533K(640K)->533K(640K)
[1.002s][info][gc             ] GC(38) Pause Young (Allocation Failure) 166M->166M(189M) 20.294ms
[1.002s][info][gc,cpu         ] GC(38) User=0.05s Sys=0.00s Real=0.02s
[1.002s][info][gc,start       ] GC(39) Pause Full (Ergonomics)
[1.003s][info][gc,phases,start] GC(39) Marking Phase
[1.049s][info][gc,phases      ] GC(39) Marking Phase 46.125ms
[1.049s][info][gc,phases,start] GC(39) Summary Phase
[1.049s][info][gc,phases      ] GC(39) Summary Phase 0.017ms
[1.049s][info][gc,phases,start] GC(39) Adjust Roots
[1.049s][info][gc,phases      ] GC(39) Adjust Roots 0.139ms
[1.049s][info][gc,phases,start] GC(39) Compaction Phase
[1.075s][info][gc,phases      ] GC(39) Compaction Phase 25.966ms
[1.075s][info][gc,phases,start] GC(39) Post Compact
[1.076s][info][gc,phases      ] GC(39) Post Compact 0.791ms
[1.076s][info][gc,heap        ] GC(39) PSYoungGen: 34848K(52736K)->29588K(52736K) Eden: 0K(5120K)->0K(5120K) From: 34848K(47616K)->29588K(47616K)
[1.076s][info][gc,heap        ] GC(39) ParOldGen: 136039K(140800K)->140740K(170496K)
[1.076s][info][gc,metaspace   ] GC(39) Metaspace: 6297K(6464K)->6297K(6464K) NonClass: 5764K(5824K)->5764K(5824K) Class: 533K(640K)->533K(640K)
[1.076s][info][gc             ] GC(39) Pause Full (Ergonomics) 166M->166M(218M) 73.463ms
[1.076s][info][gc,cpu         ] GC(39) User=0.20s Sys=0.00s Real=0.07s
[1.081s][info][gc,start       ] GC(40) Pause Young (Allocation Failure)
[1.104s][info][gc,heap        ] GC(40) PSYoungGen: 34708K(52736K)->18528K(51712K) Eden: 5120K(5120K)->0K(6144K) From: 29588K(47616K)->18528K(45568K)
[1.105s][info][gc,heap        ] GC(40) ParOldGen: 140740K(170496K)->157292K(170496K)
[1.105s][info][gc,metaspace   ] GC(40) Metaspace: 6297K(6464K)->6297K(6464K) NonClass: 5764K(5824K)->5764K(5824K) Class: 533K(640K)->533K(640K)
[1.105s][info][gc             ] GC(40) Pause Young (Allocation Failure) 171M->171M(217M) 23.189ms
[1.105s][info][gc,cpu         ] GC(40) User=0.06s Sys=0.00s Real=0.02s
[1.105s][info][gc,start       ] GC(41) Pause Full (Ergonomics)
[1.105s][info][gc,phases,start] GC(41) Marking Phase
[1.146s][info][gc,phases      ] GC(41) Marking Phase 40.881ms
[1.146s][info][gc,phases,start] GC(41) Summary Phase
[1.146s][info][gc,phases      ] GC(41) Summary Phase 0.015ms
[1.146s][info][gc,phases,start] GC(41) Adjust Roots
[1.146s][info][gc,phases      ] GC(41) Adjust Roots 0.142ms
[1.146s][info][gc,phases,start] GC(41) Compaction Phase
[1.167s][info][gc,phases      ] GC(41) Compaction Phase 21.074ms
[1.167s][info][gc,phases,start] GC(41) Post Compact
[1.168s][info][gc,phases      ] GC(41) Post Compact 0.929ms
[1.168s][info][gc,heap        ] GC(41) PSYoungGen: 18528K(51712K)->5107K(52736K) Eden: 0K(6144K)->0K(7168K) From: 18528K(45568K)->5107K(45568K)
[1.168s][info][gc,heap        ] GC(41) ParOldGen: 157292K(170496K)->170308K(205312K)
[1.168s][info][gc,metaspace   ] GC(41) Metaspace: 6297K(6464K)->6297K(6464K) NonClass: 5764K(5824K)->5764K(5824K) Class: 533K(640K)->533K(640K)
[1.168s][info][gc             ] GC(41) Pause Full (Ergonomics) 171M->171M(252M) 63.564ms
[1.168s][info][gc,cpu         ] GC(41) User=0.25s Sys=0.00s Real=0.06s
[1.201s][info][gc,start       ] GC(42) Pause Young (Allocation Failure)
[1.215s][info][gc,heap        ] GC(42) PSYoungGen: 12275K(52736K)->9696K(55296K) Eden: 7168K(7168K)->0K(7168K) From: 5107K(45568K)->9696K(48128K)
[1.215s][info][gc,heap        ] GC(42) ParOldGen: 178500K(205312K)->181220K(205312K)
[1.215s][info][gc,metaspace   ] GC(42) Metaspace: 6297K(6464K)->6297K(6464K) NonClass: 5764K(5824K)->5764K(5824K) Class: 533K(640K)->533K(640K)
[1.215s][info][gc             ] GC(42) Pause Young (Allocation Failure) 186M->186M(254M) 14.417ms
[1.215s][info][gc,cpu         ] GC(42) User=0.02s Sys=0.00s Real=0.01s
[1.222s][info][gc,start       ] GC(43) Pause Young (Allocation Failure)
[1.231s][info][gc,heap        ] GC(43) PSYoungGen: 16864K(55296K)->16864K(50688K) Eden: 7168K(7168K)->0K(8704K) From: 9696K(48128K)->16864K(41984K)
[1.231s][info][gc,heap        ] GC(43) ParOldGen: 181220K(205312K)->181220K(205312K)
[1.231s][info][gc,metaspace   ] GC(43) Metaspace: 6297K(6464K)->6297K(6464K) NonClass: 5764K(5824K)->5764K(5824K) Class: 533K(640K)->533K(640K)
[1.231s][info][gc             ] GC(43) Pause Young (Allocation Failure) 193M->193M(250M) 8.771ms
[1.231s][info][gc,cpu         ] GC(43) User=0.00s Sys=0.00s Real=0.01s
[1.240s][info][gc,start       ] GC(44) Pause Young (Allocation Failure)
[1.252s][info][gc,heap        ] GC(44) PSYoungGen: 25568K(50688K)->25536K(53248K) Eden: 8704K(8704K)->0K(8704K) From: 16864K(41984K)->25536K(44544K)
[1.252s][info][gc,heap        ] GC(44) ParOldGen: 181220K(205312K)->181220K(205312K)
[1.252s][info][gc,metaspace   ] GC(44) Metaspace: 6297K(6464K)->6297K(6464K) NonClass: 5764K(5824K)->5764K(5824K) Class: 533K(640K)->533K(640K)
[1.252s][info][gc             ] GC(44) Pause Young (Allocation Failure) 201M->201M(252M) 12.368ms
[1.252s][info][gc,cpu         ] GC(44) User=0.00s Sys=0.00s Real=0.01s
[1.261s][info][gc,start       ] GC(45) Pause Young (Allocation Failure)
[1.277s][info][gc,heap        ] GC(45) PSYoungGen: 34240K(53248K)->31776K(52736K) Eden: 8704K(8704K)->0K(8192K) From: 25536K(44544K)->31776K(44544K)
[1.277s][info][gc,heap        ] GC(45) ParOldGen: 181220K(205312K)->183716K(205312K)
[1.277s][info][gc,metaspace   ] GC(45) Metaspace: 6297K(6464K)->6297K(6464K) NonClass: 5764K(5824K)->5764K(5824K) Class: 533K(640K)->533K(640K)
[1.277s][info][gc             ] GC(45) Pause Young (Allocation Failure) 210M->210M(252M) 16.397ms
[1.277s][info][gc,cpu         ] GC(45) User=0.09s Sys=0.00s Real=0.02s
[1.287s][info][gc,start       ] GC(46) Pause Young (Allocation Failure)
[1.305s][info][gc,heap        ] GC(46) PSYoungGen: 39968K(52736K)->32800K(54784K) Eden: 8192K(8192K)->0K(8192K) From: 31776K(44544K)->32800K(46592K)
[1.305s][info][gc,heap        ] GC(46) ParOldGen: 183716K(205312K)->190980K(205312K)
[1.305s][info][gc,metaspace   ] GC(46) Metaspace: 6297K(6464K)->6297K(6464K) NonClass: 5764K(5824K)->5764K(5824K) Class: 533K(640K)->533K(640K)
[1.305s][info][gc             ] GC(46) Pause Young (Allocation Failure) 218M->218M(254M) 18.565ms
[1.305s][info][gc,cpu         ] GC(46) User=0.08s Sys=0.03s Real=0.02s
[1.305s][info][gc,start       ] GC(47) Pause Full (Ergonomics)
[1.305s][info][gc,phases,start] GC(47) Marking Phase
[1.358s][info][gc,phases      ] GC(47) Marking Phase 52.866ms
[1.358s][info][gc,phases,start] GC(47) Summary Phase
[1.358s][info][gc,phases      ] GC(47) Summary Phase 0.019ms
[1.358s][info][gc,phases,start] GC(47) Adjust Roots
[1.358s][info][gc,phases      ] GC(47) Adjust Roots 0.163ms
[1.358s][info][gc,phases,start] GC(47) Compaction Phase
[1.404s][info][gc,phases      ] GC(47) Compaction Phase 45.304ms
[1.404s][info][gc,phases,start] GC(47) Post Compact
[1.405s][info][gc,phases      ] GC(47) Post Compact 1.000ms
[1.405s][info][gc,heap        ] GC(47) PSYoungGen: 32800K(54784K)->14246K(54784K) Eden: 0K(8192K)->0K(8192K) From: 32800K(46592K)->14246K(46592K)
[1.405s][info][gc,heap        ] GC(47) ParOldGen: 190980K(205312K)->205042K(239104K)
[1.405s][info][gc,metaspace   ] GC(47) Metaspace: 6297K(6464K)->6297K(6464K) NonClass: 5764K(5824K)->5764K(5824K) Class: 533K(640K)->533K(640K)
[1.405s][info][gc             ] GC(47) Pause Full (Ergonomics) 218M->214M(287M) 99.809ms
[1.405s][info][gc,cpu         ] GC(47) User=0.39s Sys=0.00s Real=0.10s
[1.416s][info][gc,start       ] GC(48) Pause Young (Allocation Failure)
[1.437s][info][gc,heap        ] GC(48) PSYoungGen: 22438K(54784K)->15520K(54272K) Eden: 8192K(8192K)->0K(9216K) From: 14246K(46592K)->15520K(45056K)
[1.437s][info][gc,heap        ] GC(48) ParOldGen: 205042K(239104K)->212138K(239104K)
[1.437s][info][gc,metaspace   ] GC(48) Metaspace: 6297K(6464K)->6297K(6464K) NonClass: 5764K(5824K)->5764K(5824K) Class: 533K(640K)->533K(640K)
[1.437s][info][gc             ] GC(48) Pause Young (Allocation Failure) 222M->222M(286M) 21.516ms
[1.437s][info][gc,cpu         ] GC(48) User=0.09s Sys=0.00s Real=0.02s
[1.447s][info][gc,start       ] GC(49) Pause Young (Allocation Failure)
[1.459s][info][gc,heap        ] GC(49) PSYoungGen: 24736K(54272K)->21088K(30720K) Eden: 9216K(9216K)->0K(9216K) From: 15520K(45056K)->21088K(21504K)
[1.459s][info][gc,heap        ] GC(49) ParOldGen: 212138K(239104K)->215866K(239104K)
[1.459s][info][gc,metaspace   ] GC(49) Metaspace: 6297K(6464K)->6297K(6464K) NonClass: 5764K(5824K)->5764K(5824K) Class: 533K(640K)->533K(640K)
[1.459s][info][gc             ] GC(49) Pause Young (Allocation Failure) 231M->231M(263M) 12.300ms
[1.460s][info][gc,cpu         ] GC(49) User=0.00s Sys=0.02s Real=0.01s
[1.470s][info][gc,start       ] GC(50) Pause Young (Allocation Failure)
[1.485s][info][gc,heap        ] GC(50) PSYoungGen: 30304K(30720K)->26656K(54272K) Eden: 9216K(9216K)->0K(10752K) From: 21088K(21504K)->26656K(43520K)
[1.485s][info][gc,heap        ] GC(50) ParOldGen: 215866K(239104K)->219530K(239104K)
[1.485s][info][gc,metaspace   ] GC(50) Metaspace: 6297K(6464K)->6297K(6464K) NonClass: 5764K(5824K)->5764K(5824K) Class: 533K(640K)->533K(640K)
[1.485s][info][gc             ] GC(50) Pause Young (Allocation Failure) 240M->240M(286M) 15.189ms
[1.485s][info][gc,cpu         ] GC(50) User=0.02s Sys=0.00s Real=0.02s
[1.497s][info][gc,start       ] GC(51) Pause Young (Allocation Failure)
[1.517s][info][gc,heap        ] GC(51) PSYoungGen: 37408K(54272K)->29248K(54784K) Eden: 10752K(10752K)->0K(10752K) From: 26656K(43520K)->29248K(44032K)
[1.517s][info][gc,heap        ] GC(51) ParOldGen: 219530K(239104K)->227842K(239104K)
[1.517s][info][gc,metaspace   ] GC(51) Metaspace: 6297K(6464K)->6297K(6464K) NonClass: 5764K(5824K)->5764K(5824K) Class: 533K(640K)->533K(640K)
[1.517s][info][gc             ] GC(51) Pause Young (Allocation Failure) 250M->251M(287M) 19.705ms
[1.517s][info][gc,cpu         ] GC(51) User=0.08s Sys=0.00s Real=0.02s
[1.517s][info][gc,start       ] GC(52) Pause Full (Ergonomics)
[1.517s][info][gc,phases,start] GC(52) Marking Phase
[1.585s][info][gc,phases      ] GC(52) Marking Phase 68.168ms
[1.585s][info][gc,phases,start] GC(52) Summary Phase
[1.585s][info][gc,phases      ] GC(52) Summary Phase 0.020ms
[1.585s][info][gc,phases,start] GC(52) Adjust Roots
[1.585s][info][gc,phases      ] GC(52) Adjust Roots 0.151ms
[1.585s][info][gc,phases,start] GC(52) Compaction Phase
[1.615s][info][gc,phases      ] GC(52) Compaction Phase 29.149ms
[1.615s][info][gc,phases,start] GC(52) Post Compact
[1.616s][info][gc,phases      ] GC(52) Post Compact 1.464ms
[1.616s][info][gc,heap        ] GC(52) PSYoungGen: 29248K(54784K)->17837K(54784K) Eden: 0K(10752K)->0K(10752K) From: 29248K(44032K)->17837K(44032K)
[1.616s][info][gc,heap        ] GC(52) ParOldGen: 227842K(239104K)->238690K(273408K)
[1.616s][info][gc,metaspace   ] GC(52) Metaspace: 6297K(6464K)->6297K(6464K) NonClass: 5764K(5824K)->5764K(5824K) Class: 533K(640K)->533K(640K)
[1.616s][info][gc             ] GC(52) Pause Full (Ergonomics) 251M->250M(320M) 99.488ms
[1.616s][info][gc,cpu         ] GC(52) User=0.44s Sys=0.00s Real=0.10s
[1.630s][info][gc,start       ] GC(53) Pause Young (Allocation Failure)
[1.654s][info][gc,heap        ] GC(53) PSYoungGen: 28589K(54784K)->17888K(54272K) Eden: 10752K(10752K)->0K(12288K) From: 17837K(44032K)->17888K(41984K)
[1.654s][info][gc,heap        ] GC(53) ParOldGen: 238690K(273408K)->249730K(273408K)
[1.654s][info][gc,metaspace   ] GC(53) Metaspace: 6297K(6464K)->6297K(6464K) NonClass: 5764K(5824K)->5764K(5824K) Class: 533K(640K)->533K(640K)
[1.654s][info][gc             ] GC(53) Pause Young (Allocation Failure) 261M->261M(320M) 24.335ms
[1.654s][info][gc,cpu         ] GC(53) User=0.12s Sys=0.00s Real=0.02s
[1.668s][info][gc,start       ] GC(54) Pause Young (Allocation Failure)
[1.684s][info][gc,heap        ] GC(54) PSYoungGen: 30176K(54272K)->23104K(35840K) Eden: 12288K(12288K)->0K(12288K) From: 17888K(41984K)->23104K(23552K)
[1.684s][info][gc,heap        ] GC(54) ParOldGen: 249730K(273408K)->256826K(273408K)
[1.684s][info][gc,metaspace   ] GC(54) Metaspace: 6297K(6464K)->6297K(6464K) NonClass: 5764K(5824K)->5764K(5824K) Class: 533K(640K)->533K(640K)
[1.684s][info][gc             ] GC(54) Pause Young (Allocation Failure) 273M->273M(302M) 16.193ms
[1.684s][info][gc,cpu         ] GC(54) User=0.02s Sys=0.00s Real=0.02s
[1.699s][info][gc,start       ] GC(55) Pause Young (Allocation Failure)
[1.717s][info][gc,heap        ] GC(55) PSYoungGen: 35392K(35840K)->24672K(54272K) Eden: 12288K(12288K)->0K(14336K) From: 23104K(23552K)->24672K(39936K)
[1.717s][info][gc,heap        ] GC(55) ParOldGen: 256826K(273408K)->267730K(273408K)
[1.717s][info][gc,metaspace   ] GC(55) Metaspace: 6297K(6464K)->6297K(6464K) NonClass: 5764K(5824K)->5764K(5824K) Class: 533K(640K)->533K(640K)
[1.717s][info][gc             ] GC(55) Pause Young (Allocation Failure) 285M->285M(320M) 18.166ms
[1.717s][info][gc,cpu         ] GC(55) User=0.09s Sys=0.00s Real=0.02s
[1.717s][info][gc,start       ] GC(56) Pause Full (Ergonomics)
[1.717s][info][gc,phases,start] GC(56) Marking Phase
[1.786s][info][gc,phases      ] GC(56) Marking Phase 68.604ms
[1.786s][info][gc,phases,start] GC(56) Summary Phase
[1.786s][info][gc,phases      ] GC(56) Summary Phase 0.021ms
[1.786s][info][gc,phases,start] GC(56) Adjust Roots
[1.786s][info][gc,phases      ] GC(56) Adjust Roots 0.151ms
[1.786s][info][gc,phases,start] GC(56) Compaction Phase
[1.817s][info][gc,phases      ] GC(56) Compaction Phase 31.482ms
[1.817s][info][gc,phases,start] GC(56) Post Compact
[1.819s][info][gc,phases      ] GC(56) Post Compact 1.337ms
[1.819s][info][gc,heap        ] GC(56) PSYoungGen: 24672K(54272K)->18381K(54784K) Eden: 0K(14336K)->0K(14848K) From: 24672K(39936K)->18381K(39936K)
[1.819s][info][gc,heap        ] GC(56) ParOldGen: 267730K(273408K)->273383K(312320K)
[1.819s][info][gc,metaspace   ] GC(56) Metaspace: 6297K(6464K)->6297K(6464K) NonClass: 5764K(5824K)->5764K(5824K) Class: 533K(640K)->533K(640K)
[1.819s][info][gc             ] GC(56) Pause Full (Ergonomics) 285M->284M(358M) 102.123ms
[1.819s][info][gc,cpu         ] GC(56) User=0.52s Sys=0.02s Real=0.10s
[1.836s][info][gc,start       ] GC(57) Pause Young (Allocation Failure)
[1.862s][info][gc,heap        ] GC(57) PSYoungGen: 33229K(54784K)->24192K(55296K) Eden: 14848K(14848K)->0K(14848K) From: 18381K(39936K)->24192K(40448K)
[1.862s][info][gc,heap        ] GC(57) ParOldGen: 273383K(312320K)->282727K(312320K)
[1.862s][info][gc,metaspace   ] GC(57) Metaspace: 6297K(6464K)->6297K(6464K) NonClass: 5764K(5824K)->5764K(5824K) Class: 533K(640K)->533K(640K)
[1.862s][info][gc             ] GC(57) Pause Young (Allocation Failure) 299M->299M(359M) 26.178ms
[1.862s][info][gc,cpu         ] GC(57) User=0.12s Sys=0.00s Real=0.03s
[1.879s][info][gc,start       ] GC(58) Pause Young (Allocation Failure)
[1.899s][info][gc,heap        ] GC(58) PSYoungGen: 39040K(55296K)->39008K(51712K) Eden: 14848K(14848K)->0K(12288K) From: 24192K(40448K)->39008K(39424K)
[1.899s][info][gc,heap        ] GC(58) ParOldGen: 282727K(312320K)->282727K(312320K)
[1.899s][info][gc,metaspace   ] GC(58) Metaspace: 6297K(6464K)->6297K(6464K) NonClass: 5764K(5824K)->5764K(5824K) Class: 533K(640K)->533K(640K)
[1.899s][info][gc             ] GC(58) Pause Young (Allocation Failure) 314M->314M(355M) 19.898ms
[1.899s][info][gc,cpu         ] GC(58) User=0.12s Sys=0.00s Real=0.02s
[1.913s][info][gc,start       ] GC(59) Pause Young (Allocation Failure)
[1.938s][info][gc,heap        ] GC(59) PSYoungGen: 51296K(51712K)->44032K(56320K) Eden: 12288K(12288K)->0K(12288K) From: 39008K(39424K)->44032K(44032K)
[1.938s][info][gc,heap        ] GC(59) ParOldGen: 282727K(312320K)->290007K(312320K)
[1.938s][info][gc,metaspace   ] GC(59) Metaspace: 6297K(6464K)->6297K(6464K) NonClass: 5764K(5824K)->5764K(5824K) Class: 533K(640K)->533K(640K)
[1.938s][info][gc             ] GC(59) Pause Young (Allocation Failure) 326M->326M(360M) 24.830ms
[1.938s][info][gc,cpu         ] GC(59) User=0.12s Sys=0.00s Real=0.03s
[1.953s][info][gc,start       ] GC(60) Pause Young (Allocation Failure)
[1.979s][info][gc,heap        ] GC(60) PSYoungGen: 56320K(56320K)->36064K(66048K) Eden: 12288K(12288K)->0K(13824K) From: 44032K(44032K)->36064K(52224K)
[1.979s][info][gc,heap        ] GC(60) ParOldGen: 290007K(312320K)->310639K(312320K)
[1.979s][info][gc,metaspace   ] GC(60) Metaspace: 6297K(6464K)->6297K(6464K) NonClass: 5764K(5824K)->5764K(5824K) Class: 533K(640K)->533K(640K)
[1.979s][info][gc             ] GC(60) Pause Young (Allocation Failure) 338M->338M(369M) 26.215ms
[1.979s][info][gc,cpu         ] GC(60) User=0.12s Sys=0.02s Real=0.03s
[1.979s][info][gc,start       ] GC(61) Pause Full (Ergonomics)
[1.979s][info][gc,phases,start] GC(61) Marking Phase
[2.055s][info][gc,phases      ] GC(61) Marking Phase 75.825ms
[2.055s][info][gc,phases,start] GC(61) Summary Phase
[2.055s][info][gc,phases      ] GC(61) Summary Phase 0.018ms
[2.055s][info][gc,phases,start] GC(61) Adjust Roots
[2.055s][info][gc,phases      ] GC(61) Adjust Roots 0.167ms
[2.055s][info][gc,phases,start] GC(61) Compaction Phase
[2.092s][info][gc,phases      ] GC(61) Compaction Phase 37.360ms
[2.092s][info][gc,phases,start] GC(61) Post Compact
[2.094s][info][gc,phases      ] GC(61) Post Compact 1.710ms
[2.094s][info][gc,heap        ] GC(61) PSYoungGen: 36064K(66048K)->33836K(66048K) Eden: 0K(13824K)->0K(13824K) From: 36064K(52224K)->33836K(52224K)
[2.094s][info][gc,heap        ] GC(61) ParOldGen: 310639K(312320K)->312079K(356864K)
[2.094s][info][gc,metaspace   ] GC(61) Metaspace: 6297K(6464K)->6297K(6464K) NonClass: 5764K(5824K)->5764K(5824K) Class: 533K(640K)->533K(640K)
[2.094s][info][gc             ] GC(61) Pause Full (Ergonomics) 338M->337M(413M) 115.676ms
[2.095s][info][gc,cpu         ] GC(61) User=0.66s Sys=0.02s Real=0.12s
[2.171s][info][gc,start       ] GC(62) Pause Young (Allocation Failure)
[2.205s][info][gc,heap        ] GC(62) PSYoungGen: 47660K(66048K)->35584K(66560K) Eden: 13824K(13824K)->0K(13824K) From: 33836K(52224K)->35584K(52736K)
[2.205s][info][gc,heap        ] GC(62) ParOldGen: 328463K(356864K)->340919K(356864K)
[2.205s][info][gc,metaspace   ] GC(62) Metaspace: 6297K(6464K)->6297K(6464K) NonClass: 5764K(5824K)->5764K(5824K) Class: 533K(640K)->533K(640K)
[2.205s][info][gc             ] GC(62) Pause Young (Allocation Failure) 367M->367M(413M) 33.606ms
[2.205s][info][gc,cpu         ] GC(62) User=0.22s Sys=0.02s Real=0.03s
[2.205s][info][gc,start       ] GC(63) Pause Full (Ergonomics)
[2.205s][info][gc,phases,start] GC(63) Marking Phase
[2.284s][info][gc,phases      ] GC(63) Marking Phase 79.210ms
[2.284s][info][gc,phases,start] GC(63) Summary Phase
[2.284s][info][gc,phases      ] GC(63) Summary Phase 0.018ms
[2.284s][info][gc,phases,start] GC(63) Adjust Roots
[2.284s][info][gc,phases      ] GC(63) Adjust Roots 0.149ms
[2.284s][info][gc,phases,start] GC(63) Compaction Phase
[2.346s][info][gc,phases      ] GC(63) Compaction Phase 61.329ms
[2.346s][info][gc,phases,start] GC(63) Post Compact
[2.348s][info][gc,phases      ] GC(63) Post Compact 1.946ms
[2.348s][info][gc,heap        ] GC(63) PSYoungGen: 35584K(66560K)->11364K(66560K) Eden: 0K(13824K)->0K(13824K) From: 35584K(52736K)->11364K(52736K)
[2.348s][info][gc,heap        ] GC(63) ParOldGen: 340919K(356864K)->356538K(404992K)
[2.348s][info][gc,metaspace   ] GC(63) Metaspace: 6297K(6464K)->6297K(6464K) NonClass: 5764K(5824K)->5764K(5824K) Class: 533K(640K)->533K(640K)
[2.348s][info][gc             ] GC(63) Pause Full (Ergonomics) 367M->359M(460M) 143.158ms
[2.348s][info][gc,cpu         ] GC(63) User=0.75s Sys=0.05s Real=0.14s
[2.363s][info][gc,start       ] GC(64) Pause Young (Allocation Failure)
[2.390s][info][gc,heap        ] GC(64) PSYoungGen: 25188K(66560K)->21920K(66560K) Eden: 13824K(13824K)->0K(15360K) From: 11364K(52736K)->21920K(51200K)
[2.390s][info][gc,heap        ] GC(64) ParOldGen: 356538K(404992K)->360066K(404992K)
[2.390s][info][gc,metaspace   ] GC(64) Metaspace: 6297K(6464K)->6297K(6464K) NonClass: 5764K(5824K)->5764K(5824K) Class: 533K(640K)->533K(640K)
[2.390s][info][gc             ] GC(64) Pause Young (Allocation Failure) 372M->373M(460M) 26.747ms
[2.390s][info][gc,cpu         ] GC(64) User=0.12s Sys=0.00s Real=0.03s
[2.406s][info][gc,start       ] GC(65) Pause Young (Allocation Failure)
[2.425s][info][gc,heap        ] GC(65) PSYoungGen: 37280K(66560K)->37248K(67584K) Eden: 15360K(15360K)->0K(15360K) From: 21920K(51200K)->37248K(52224K)
[2.425s][info][gc,heap        ] GC(65) ParOldGen: 360066K(404992K)->360066K(404992K)
[2.425s][info][gc,metaspace   ] GC(65) Metaspace: 6297K(6464K)->6297K(6464K) NonClass: 5764K(5824K)->5764K(5824K) Class: 533K(640K)->533K(640K)
[2.425s][info][gc             ] GC(65) Pause Young (Allocation Failure) 388M->388M(461M) 18.829ms
[2.425s][info][gc,cpu         ] GC(65) User=0.12s Sys=0.00s Real=0.02s
[2.441s][info][gc,start       ] GC(66) Pause Young (Allocation Failure)
[2.467s][info][gc,heap        ] GC(66) PSYoungGen: 52608K(67584K)->52576K(64512K) Eden: 15360K(15360K)->0K(11264K) From: 37248K(52224K)->52576K(53248K)
[2.467s][info][gc,heap        ] GC(66) ParOldGen: 360066K(404992K)->360066K(404992K)
[2.467s][info][gc,metaspace   ] GC(66) Metaspace: 6297K(6464K)->6297K(6464K) NonClass: 5764K(5824K)->5764K(5824K) Class: 533K(640K)->533K(640K)
[2.467s][info][gc             ] GC(66) Pause Young (Allocation Failure) 403M->402M(458M) 25.312ms
[2.467s][info][gc,cpu         ] GC(66) User=0.11s Sys=0.03s Real=0.02s
[2.479s][info][gc,start       ] GC(67) Pause Young (Allocation Failure)
[2.507s][info][gc,heap        ] GC(67) PSYoungGen: 63840K(64512K)->59392K(70656K) Eden: 11264K(11264K)->0K(11264K) From: 52576K(53248K)->59392K(59392K)
[2.507s][info][gc,heap        ] GC(67) ParOldGen: 360066K(404992K)->364498K(404992K)
[2.507s][info][gc,metaspace   ] GC(67) Metaspace: 6297K(6464K)->6297K(6464K) NonClass: 5764K(5824K)->5764K(5824K) Class: 533K(640K)->533K(640K)
[2.507s][info][gc             ] GC(67) Pause Young (Allocation Failure) 413M->413M(464M) 28.444ms
[2.507s][info][gc,cpu         ] GC(67) User=0.14s Sys=0.00s Real=0.03s
[2.519s][info][gc,start       ] GC(68) Pause Young (Allocation Failure)
[2.552s][info][gc,heap        ] GC(68) PSYoungGen: 70656K(70656K)->52512K(77824K) Eden: 11264K(11264K)->0K(9216K) From: 59392K(59392K)->52512K(68608K)
[2.552s][info][gc,heap        ] GC(68) ParOldGen: 364498K(404992K)->383010K(404992K)
[2.552s][info][gc,metaspace   ] GC(68) Metaspace: 6297K(6464K)->6297K(6464K) NonClass: 5764K(5824K)->5764K(5824K) Class: 533K(640K)->533K(640K)
[2.552s][info][gc             ] GC(68) Pause Young (Allocation Failure) 424M->425M(471M) 33.213ms
[2.552s][info][gc,cpu         ] GC(68) User=0.25s Sys=0.00s Real=0.03s
[2.562s][info][gc,start       ] GC(69) Pause Young (Allocation Failure)
[2.591s][info][gc,heap        ] GC(69) PSYoungGen: 61728K(77824K)->31776K(41472K) Eden: 9216K(9216K)->0K(9216K) From: 52512K(68608K)->31776K(32256K)
[2.592s][info][gc,heap        ] GC(69) ParOldGen: 383010K(404992K)->413330K(413696K)
[2.592s][info][gc,metaspace   ] GC(69) Metaspace: 6297K(6464K)->6297K(6464K) NonClass: 5764K(5824K)->5764K(5824K) Class: 533K(640K)->533K(640K)
[2.592s][info][gc             ] GC(69) Pause Young (Allocation Failure) 434M->434M(444M) 29.173ms
[2.592s][info][gc,cpu         ] GC(69) User=0.14s Sys=0.00s Real=0.03s
[2.592s][info][gc,start       ] GC(70) Pause Full (Ergonomics)
[2.592s][info][gc,phases,start] GC(70) Marking Phase
[2.687s][info][gc,phases      ] GC(70) Marking Phase 95.554ms
[2.687s][info][gc,phases,start] GC(70) Summary Phase
[2.687s][info][gc,phases      ] GC(70) Summary Phase 0.019ms
[2.687s][info][gc,phases,start] GC(70) Adjust Roots
[2.687s][info][gc,phases      ] GC(70) Adjust Roots 0.149ms
[2.687s][info][gc,phases,start] GC(70) Compaction Phase
[2.736s][info][gc,phases      ] GC(70) Compaction Phase 48.814ms
[2.736s][info][gc,phases,start] GC(70) Post Compact
[2.738s][info][gc,phases      ] GC(70) Post Compact 2.086ms
[2.739s][info][gc,heap        ] GC(70) PSYoungGen: 31776K(41472K)->30543K(41472K) Eden: 0K(9216K)->0K(9216K) From: 31776K(32256K)->30543K(32256K)
[2.739s][info][gc,heap        ] GC(70) ParOldGen: 413330K(413696K)->413470K(473088K)
[2.739s][info][gc,metaspace   ] GC(70) Metaspace: 6297K(6464K)->6297K(6464K) NonClass: 5764K(5824K)->5764K(5824K) Class: 533K(640K)->533K(640K)
[2.739s][info][gc             ] GC(70) Pause Full (Ergonomics) 434M->433M(502M) 147.188ms
[2.739s][info][gc,cpu         ] GC(70) User=0.91s Sys=0.00s Real=0.15s
[2.748s][info][gc,start       ] GC(71) Pause Young (Allocation Failure)
[2.783s][info][gc,heap        ] GC(71) PSYoungGen: 39759K(41472K)->18368K(78848K) Eden: 9216K(9216K)->0K(10752K) From: 30543K(32256K)->18368K(68096K)
[2.783s][info][gc,heap        ] GC(71) ParOldGen: 413470K(473088K)->435326K(473088K)
[2.783s][info][gc,metaspace   ] GC(71) Metaspace: 6297K(6464K)->6297K(6464K) NonClass: 5764K(5824K)->5764K(5824K) Class: 533K(640K)->533K(640K)
[2.783s][info][gc             ] GC(71) Pause Young (Allocation Failure) 442M->443M(539M) 35.076ms
[2.784s][info][gc,cpu         ] GC(71) User=0.22s Sys=0.02s Real=0.04s
[2.796s][info][gc,start       ] GC(72) Pause Young (Allocation Failure)
[2.811s][info][gc,heap        ] GC(72) PSYoungGen: 29120K(78848K)->20096K(79360K) Eden: 10752K(10752K)->0K(10752K) From: 18368K(68096K)->20096K(68608K)
[2.811s][info][gc,heap        ] GC(72) ParOldGen: 435326K(473088K)->444494K(473088K)
[2.811s][info][gc,metaspace   ] GC(72) Metaspace: 6297K(6464K)->6297K(6464K) NonClass: 5764K(5824K)->5764K(5824K) Class: 533K(640K)->533K(640K)
[2.811s][info][gc             ] GC(72) Pause Young (Allocation Failure) 453M->453M(539M) 15.513ms
[2.811s][info][gc,cpu         ] GC(72) User=0.02s Sys=0.00s Real=0.02s
[2.811s][info][gc,start       ] GC(73) Pause Full (Ergonomics)
[2.811s][info][gc,phases,start] GC(73) Marking Phase
[2.911s][info][gc,phases      ] GC(73) Marking Phase 99.799ms
[2.911s][info][gc,phases,start] GC(73) Summary Phase
[2.911s][info][gc,phases      ] GC(73) Summary Phase 0.023ms
[2.911s][info][gc,phases,start] GC(73) Adjust Roots
[2.911s][info][gc,phases      ] GC(73) Adjust Roots 0.148ms
[2.911s][info][gc,phases,start] GC(73) Compaction Phase
[2.953s][info][gc,phases      ] GC(73) Compaction Phase 41.647ms
[2.953s][info][gc,phases,start] GC(73) Post Compact
[2.955s][info][gc,phases      ] GC(73) Post Compact 2.240ms
[2.956s][info][gc,heap        ] GC(73) PSYoungGen: 20096K(79360K)->0K(79872K) Eden: 0K(10752K)->0K(12288K) From: 20096K(68608K)->0K(67584K)
[2.956s][info][gc,heap        ] GC(73) ParOldGen: 444494K(473088K)->463915K(527872K)
[2.956s][info][gc,metaspace   ] GC(73) Metaspace: 6297K(6464K)->6297K(6464K) NonClass: 5764K(5824K)->5764K(5824K) Class: 533K(640K)->533K(640K)
[2.956s][info][gc             ] GC(73) Pause Full (Ergonomics) 453M->453M(593M) 144.601ms
[2.956s][info][gc,cpu         ] GC(73) User=1.00s Sys=0.00s Real=0.14s
[2.969s][info][gc,start       ] GC(74) Pause Young (Allocation Failure)
[2.978s][info][gc,heap        ] GC(74) PSYoungGen: 12288K(79872K)->12448K(79872K) Eden: 12288K(12288K)->0K(12288K) From: 0K(67584K)->12448K(67584K)
[2.978s][info][gc,heap        ] GC(74) ParOldGen: 463915K(527872K)->463915K(527872K)
[2.978s][info][gc,metaspace   ] GC(74) Metaspace: 6297K(6464K)->6297K(6464K) NonClass: 5764K(5824K)->5764K(5824K) Class: 533K(640K)->533K(640K)
[2.978s][info][gc             ] GC(74) Pause Young (Allocation Failure) 465M->465M(593M) 9.156ms
[2.978s][info][gc,cpu         ] GC(74) User=0.02s Sys=0.00s Real=0.01s
[2.992s][info][gc,start       ] GC(75) Pause Young (Allocation Failure)
[3.006s][info][gc,heap        ] GC(75) PSYoungGen: 24736K(79872K)->24704K(76288K) Eden: 12288K(12288K)->0K(13824K) From: 12448K(67584K)->24704K(62464K)
[3.006s][info][gc,heap        ] GC(75) ParOldGen: 463915K(527872K)->463915K(527872K)
[3.006s][info][gc,metaspace   ] GC(75) Metaspace: 6297K(6464K)->6297K(6464K) NonClass: 5764K(5824K)->5764K(5824K) Class: 533K(640K)->533K(640K)
[3.006s][info][gc             ] GC(75) Pause Young (Allocation Failure) 477M->477M(590M) 13.903ms
[3.006s][info][gc,cpu         ] GC(75) User=0.00s Sys=0.00s Real=0.01s
[3.021s][info][gc,start       ] GC(76) Pause Young (Allocation Failure)
[3.040s][info][gc,heap        ] GC(76) PSYoungGen: 38528K(76288K)->38464K(78848K) Eden: 13824K(13824K)->0K(13824K) From: 24704K(62464K)->38464K(65024K)
[3.040s][info][gc,heap        ] GC(76) ParOldGen: 463915K(527872K)->463915K(527872K)
[3.040s][info][gc,metaspace   ] GC(76) Metaspace: 6297K(6464K)->6297K(6464K) NonClass: 5764K(5824K)->5764K(5824K) Class: 533K(640K)->533K(640K)
[3.040s][info][gc             ] GC(76) Pause Young (Allocation Failure) 490M->490M(592M) 19.584ms
[3.040s][info][gc,cpu         ] GC(76) User=0.14s Sys=0.00s Real=0.02s
[3.056s][info][gc,start       ] GC(77) Pause Young (Allocation Failure)
[3.081s][info][gc,heap        ] GC(77) PSYoungGen: 52288K(78848K)->52320K(75264K) Eden: 13824K(13824K)->0K(10752K) From: 38464K(65024K)->52320K(64512K)
[3.081s][info][gc,heap        ] GC(77) ParOldGen: 463915K(527872K)->463915K(527872K)
[3.081s][info][gc,metaspace   ] GC(77) Metaspace: 6297K(6464K)->6297K(6464K) NonClass: 5764K(5824K)->5764K(5824K) Class: 533K(640K)->533K(640K)
[3.081s][info][gc             ] GC(77) Pause Young (Allocation Failure) 504M->504M(589M) 24.961ms
[3.081s][info][gc,cpu         ] GC(77) User=0.12s Sys=0.00s Real=0.02s
[3.092s][info][gc,start       ] GC(78) Pause Young (Allocation Failure)
[3.122s][info][gc,heap        ] GC(78) PSYoungGen: 63072K(75264K)->50816K(79872K) Eden: 10752K(10752K)->0K(10752K) From: 52320K(64512K)->50816K(69120K)
[3.122s][info][gc,heap        ] GC(78) ParOldGen: 463915K(527872K)->476363K(527872K)
[3.122s][info][gc,metaspace   ] GC(78) Metaspace: 6297K(6464K)->6297K(6464K) NonClass: 5764K(5824K)->5764K(5824K) Class: 533K(640K)->533K(640K)
[3.122s][info][gc             ] GC(78) Pause Young (Allocation Failure) 514M->514M(593M) 29.752ms
[3.122s][info][gc,cpu         ] GC(78) User=0.12s Sys=0.00s Real=0.03s
[3.134s][info][gc,start       ] GC(79) Pause Young (Allocation Failure)
[3.163s][info][gc,heap        ] GC(79) PSYoungGen: 61568K(79872K)->49248K(82944K) Eden: 10752K(10752K)->0K(10752K) From: 50816K(69120K)->49248K(72192K)
[3.163s][info][gc,heap        ] GC(79) ParOldGen: 476363K(527872K)->488819K(527872K)
[3.163s][info][gc,metaspace   ] GC(79) Metaspace: 6297K(6464K)->6297K(6464K) NonClass: 5764K(5824K)->5764K(5824K) Class: 533K(640K)->533K(640K)
[3.163s][info][gc             ] GC(79) Pause Young (Allocation Failure) 525M->525M(596M) 28.905ms
[3.163s][info][gc,cpu         ] GC(79) User=0.12s Sys=0.00s Real=0.03s
[3.174s][info][gc,start       ] GC(80) Pause Young (Allocation Failure)
[3.204s][info][gc,heap        ] GC(80) PSYoungGen: 60000K(82944K)->32384K(43520K) Eden: 10752K(10752K)->0K(10752K) From: 49248K(72192K)->32384K(32768K)
[3.204s][info][gc,heap        ] GC(80) ParOldGen: 488819K(527872K)->516819K(527872K)
[3.204s][info][gc,metaspace   ] GC(80) Metaspace: 6297K(6464K)->6297K(6464K) NonClass: 5764K(5824K)->5764K(5824K) Class: 533K(640K)->533K(640K)
[3.204s][info][gc             ] GC(80) Pause Young (Allocation Failure) 535M->536M(558M) 29.315ms
[3.204s][info][gc,cpu         ] GC(80) User=0.11s Sys=0.03s Real=0.03s
[3.204s][info][gc,start       ] GC(81) Pause Full (Ergonomics)
[3.204s][info][gc,phases,start] GC(81) Marking Phase
[3.323s][info][gc,phases      ] GC(81) Marking Phase 119.574ms
[3.324s][info][gc,phases,start] GC(81) Summary Phase
[3.324s][info][gc,phases      ] GC(81) Summary Phase 0.024ms
[3.324s][info][gc,phases,start] GC(81) Adjust Roots
[3.324s][info][gc,phases      ] GC(81) Adjust Roots 0.145ms
[3.324s][info][gc,phases,start] GC(81) Compaction Phase
[3.376s][info][gc,phases      ] GC(81) Compaction Phase 52.067ms
[3.376s][info][gc,phases,start] GC(81) Post Compact
[3.377s][info][gc,phases      ] GC(81) Post Compact 0.892ms
[3.377s][info][gc,heap        ] GC(81) PSYoungGen: 32384K(43520K)->20404K(43520K) Eden: 0K(10752K)->0K(10752K) From: 32384K(32768K)->20404K(32768K)
[3.377s][info][gc,heap        ] GC(81) ParOldGen: 516819K(527872K)->527764K(597504K)
[3.377s][info][gc,metaspace   ] GC(81) Metaspace: 6297K(6464K)->6297K(6464K) NonClass: 5764K(5824K)->5764K(5824K) Class: 533K(640K)->533K(640K)
[3.377s][info][gc             ] GC(81) Pause Full (Ergonomics) 536M->535M(626M) 173.203ms
[3.377s][info][gc,cpu         ] GC(81) User=1.05s Sys=0.03s Real=0.17s
[3.389s][info][gc,start       ] GC(82) Pause Young (Allocation Failure)
[3.426s][info][gc,heap        ] GC(82) PSYoungGen: 31156K(43520K)->17792K(82432K) Eden: 10752K(10752K)->0K(12288K) From: 20404K(32768K)->17792K(70144K)
[3.426s][info][gc,heap        ] GC(82) ParOldGen: 527764K(597504K)->541484K(597504K)
[3.426s][info][gc,metaspace   ] GC(82) Metaspace: 6297K(6464K)->6297K(6464K) NonClass: 5764K(5824K)->5764K(5824K) Class: 533K(640K)->533K(640K)
[3.426s][info][gc             ] GC(82) Pause Young (Allocation Failure) 545M->546M(664M) 37.021ms
[3.426s][info][gc,cpu         ] GC(82) User=0.23s Sys=0.02s Real=0.04s
[3.440s][info][gc,start       ] GC(83) Pause Young (Allocation Failure)
[3.456s][info][gc,heap        ] GC(83) PSYoungGen: 30080K(82432K)->23168K(35840K) Eden: 12288K(12288K)->0K(12288K) From: 17792K(70144K)->23168K(23552K)
[3.456s][info][gc,heap        ] GC(83) ParOldGen: 541484K(597504K)->548508K(597504K)
[3.457s][info][gc,metaspace   ] GC(83) Metaspace: 6297K(6464K)->6297K(6464K) NonClass: 5764K(5824K)->5764K(5824K) Class: 533K(640K)->533K(640K)
[3.457s][info][gc             ] GC(83) Pause Young (Allocation Failure) 558M->558M(618M) 16.669ms
[3.457s][info][gc,cpu         ] GC(83) User=0.03s Sys=0.00s Real=0.02s
[3.471s][info][gc,start       ] GC(84) Pause Young (Allocation Failure)
[3.490s][info][gc,heap        ] GC(84) PSYoungGen: 35456K(35840K)->24704K(78336K) Eden: 12288K(12288K)->0K(13824K) From: 23168K(23552K)->24704K(64512K)
[3.490s][info][gc,heap        ] GC(84) ParOldGen: 548508K(597504K)->559428K(597504K)
[3.490s][info][gc,metaspace   ] GC(84) Metaspace: 6297K(6464K)->6297K(6464K) NonClass: 5764K(5824K)->5764K(5824K) Class: 533K(640K)->533K(640K)
[3.490s][info][gc             ] GC(84) Pause Young (Allocation Failure) 570M->570M(660M) 19.519ms
[3.490s][info][gc,cpu         ] GC(84) User=0.12s Sys=0.00s Real=0.02s
[3.505s][info][gc,start       ] GC(85) Pause Young (Allocation Failure)
[3.527s][info][gc,heap        ] GC(85) PSYoungGen: 38528K(78336K)->26208K(40448K) Eden: 13824K(13824K)->0K(13824K) From: 24704K(64512K)->26208K(26624K)
[3.527s][info][gc,heap        ] GC(85) ParOldGen: 559428K(597504K)->571892K(597504K)
[3.527s][info][gc,metaspace   ] GC(85) Metaspace: 6297K(6464K)->6297K(6464K) NonClass: 5764K(5824K)->5764K(5824K) Class: 533K(640K)->533K(640K)
[3.527s][info][gc             ] GC(85) Pause Young (Allocation Failure) 583M->584M(623M) 22.287ms
[3.527s][info][gc,cpu         ] GC(85) User=0.14s Sys=0.00s Real=0.02s
[3.527s][info][gc,start       ] GC(86) Pause Full (Ergonomics)
[3.527s][info][gc,phases,start] GC(86) Marking Phase
[3.667s][info][gc,phases      ] GC(86) Marking Phase 139.909ms
[3.667s][info][gc,phases,start] GC(86) Summary Phase
[3.667s][info][gc,phases      ] GC(86) Summary Phase 0.043ms
[3.667s][info][gc,phases,start] GC(86) Adjust Roots
[3.668s][info][gc,phases      ] GC(86) Adjust Roots 0.213ms
[3.668s][info][gc,phases,start] GC(86) Compaction Phase
[3.722s][info][gc,phases      ] GC(86) Compaction Phase 53.885ms
[3.722s][info][gc,phases,start] GC(86) Post Compact
[3.723s][info][gc,phases      ] GC(86) Post Compact 1.199ms
[3.723s][info][gc,heap        ] GC(86) PSYoungGen: 26208K(40448K)->0K(79872K) Eden: 0K(13824K)->0K(15872K) From: 26208K(26624K)->0K(64000K)
[3.723s][info][gc,heap        ] GC(86) ParOldGen: 571892K(597504K)->597187K(666624K)
[3.723s][info][gc,metaspace   ] GC(86) Metaspace: 6297K(6464K)->6297K(6464K) NonClass: 5764K(5824K)->5764K(5824K) Class: 533K(640K)->533K(640K)
[3.723s][info][gc             ] GC(86) Pause Full (Ergonomics) 584M->583M(729M) 195.824ms
[3.723s][info][gc,cpu         ] GC(86) User=1.33s Sys=0.00s Real=0.20s
[3.742s][info][gc,start       ] GC(87) Pause Young (Allocation Failure)
[3.752s][info][gc,heap        ] GC(87) PSYoungGen: 15872K(79872K)->16000K(79872K) Eden: 15872K(15872K)->0K(15872K) From: 0K(64000K)->16000K(64000K)
[3.753s][info][gc,heap        ] GC(87) ParOldGen: 597187K(666624K)->597187K(666624K)
[3.753s][info][gc,metaspace   ] GC(87) Metaspace: 6297K(6464K)->6297K(6464K) NonClass: 5764K(5824K)->5764K(5824K) Class: 533K(640K)->533K(640K)
[3.753s][info][gc             ] GC(87) Pause Young (Allocation Failure) 598M->598M(729M) 10.776ms
[3.753s][info][gc,cpu         ] GC(87) User=0.00s Sys=0.00s Real=0.01s
[3.772s][info][gc,start       ] GC(88) Pause Young (Allocation Failure)
[3.790s][info][gc,heap        ] GC(88) PSYoungGen: 31872K(79872K)->31840K(76288K) Eden: 15872K(15872K)->0K(17920K) From: 16000K(64000K)->31840K(58368K)
[3.790s][info][gc,heap        ] GC(88) ParOldGen: 597187K(666624K)->597187K(666624K)
[3.790s][info][gc,metaspace   ] GC(88) Metaspace: 6297K(6464K)->6297K(6464K) NonClass: 5764K(5824K)->5764K(5824K) Class: 533K(640K)->533K(640K)
[3.790s][info][gc             ] GC(88) Pause Young (Allocation Failure) 614M->614M(725M) 18.641ms
[3.790s][info][gc,cpu         ] GC(88) User=0.06s Sys=0.00s Real=0.02s
[3.812s][info][gc,start       ] GC(89) Pause Young (Allocation Failure)
[3.839s][info][gc,heap        ] GC(89) PSYoungGen: 49760K(76288K)->49760K(78848K) Eden: 17920K(17920K)->0K(17920K) From: 31840K(58368K)->49760K(60928K)
[3.839s][info][gc,heap        ] GC(89) ParOldGen: 597187K(666624K)->597187K(666624K)
[3.839s][info][gc,metaspace   ] GC(89) Metaspace: 6297K(6464K)->6297K(6464K) NonClass: 5764K(5824K)->5764K(5824K) Class: 533K(640K)->533K(640K)
[3.839s][info][gc             ] GC(89) Pause Young (Allocation Failure) 631M->631M(728M) 26.641ms
[3.839s][info][gc,cpu         ] GC(89) User=0.12s Sys=0.00s Real=0.03s
[3.859s][info][gc,start       ] GC(90) Pause Young (Allocation Failure)
[3.894s][info][gc,heap        ] GC(90) PSYoungGen: 67680K(78848K)->51872K(80896K) Eden: 17920K(17920K)->0K(15872K) From: 49760K(60928K)->51872K(65024K)
[3.894s][info][gc,heap        ] GC(90) ParOldGen: 597187K(666624K)->613283K(666624K)
[3.894s][info][gc,metaspace   ] GC(90) Metaspace: 6297K(6464K)->6297K(6464K) NonClass: 5764K(5824K)->5764K(5824K) Class: 533K(640K)->533K(640K)
[3.894s][info][gc             ] GC(90) Pause Young (Allocation Failure) 649M->649M(730M) 34.996ms
[3.894s][info][gc,cpu         ] GC(90) User=0.16s Sys=0.00s Real=0.03s
[3.914s][info][gc,start       ] GC(91) Pause Young (Allocation Failure)
[3.948s][info][gc,heap        ] GC(91) PSYoungGen: 67744K(80896K)->51840K(84992K) Eden: 15872K(15872K)->0K(15872K) From: 51872K(65024K)->51840K(69120K)
[3.948s][info][gc,heap        ] GC(91) ParOldGen: 613283K(666624K)->629387K(666624K)
[3.948s][info][gc,metaspace   ] GC(91) Metaspace: 6297K(6464K)->6297K(6464K) NonClass: 5764K(5824K)->5764K(5824K) Class: 533K(640K)->533K(640K)
[3.948s][info][gc             ] GC(91) Pause Young (Allocation Failure) 665M->665M(734M) 34.132ms
[3.948s][info][gc,cpu         ] GC(91) User=0.14s Sys=0.02s Real=0.04s
[3.969s][info][gc,start       ] GC(92) Pause Young (Allocation Failure)
[4.003s][info][gc,heap        ] GC(92) PSYoungGen: 67712K(84992K)->49792K(88576K) Eden: 15872K(15872K)->0K(16384K) From: 51840K(69120K)->49792K(72192K)
[4.003s][info][gc,heap        ] GC(92) ParOldGen: 629387K(666624K)->647563K(666624K)
[4.003s][info][gc,metaspace   ] GC(92) Metaspace: 6297K(6464K)->6297K(6464K) NonClass: 5764K(5824K)->5764K(5824K) Class: 533K(640K)->533K(640K)
[4.003s][info][gc             ] GC(92) Pause Young (Allocation Failure) 680M->681M(737M) 34.398ms
[4.004s][info][gc,cpu         ] GC(92) User=0.14s Sys=0.00s Real=0.03s
[4.004s][info][gc,start       ] GC(93) Pause Full (Ergonomics)
[4.004s][info][gc,phases,start] GC(93) Marking Phase
[4.168s][info][gc,phases      ] GC(93) Marking Phase 164.837ms
[4.168s][info][gc,phases,start] GC(93) Summary Phase
[4.169s][info][gc,phases      ] GC(93) Summary Phase 0.029ms
[4.169s][info][gc,phases,start] GC(93) Adjust Roots
[4.169s][info][gc,phases      ] GC(93) Adjust Roots 0.292ms
[4.169s][info][gc,phases,start] GC(93) Compaction Phase
[4.232s][info][gc,phases      ] GC(93) Compaction Phase 62.791ms
[4.232s][info][gc,phases,start] GC(93) Post Compact
[4.233s][info][gc,phases      ] GC(93) Post Compact 1.452ms
[4.234s][info][gc,heap        ] GC(93) PSYoungGen: 49792K(88576K)->30147K(88576K) Eden: 0K(16384K)->0K(16384K) From: 49792K(72192K)->30147K(72192K)
[4.234s][info][gc,heap        ] GC(93) ParOldGen: 647563K(666624K)->666178K(741376K)
[4.234s][info][gc,metaspace   ] GC(93) Metaspace: 6297K(6464K)->6297K(6464K) NonClass: 5764K(5824K)->5764K(5824K) Class: 533K(640K)->533K(640K)
[4.234s][info][gc             ] GC(93) Pause Full (Ergonomics) 681M->680M(810M) 230.091ms
[4.234s][info][gc,cpu         ] GC(93) User=1.75s Sys=0.00s Real=0.23s
[4.382s][info][gc,start       ] GC(94) Pause Young (Allocation Failure)
[4.430s][info][gc,heap        ] GC(94) PSYoungGen: 46531K(88576K)->34624K(51200K) Eden: 16384K(16384K)->0K(16384K) From: 30147K(72192K)->34624K(34816K)
[4.430s][info][gc,heap        ] GC(94) ParOldGen: 698946K(741376K)->711170K(741376K)
[4.430s][info][gc,metaspace   ] GC(94) Metaspace: 6297K(6464K)->6297K(6464K) NonClass: 5764K(5824K)->5764K(5824K) Class: 533K(640K)->533K(640K)
[4.430s][info][gc             ] GC(94) Pause Young (Allocation Failure) 728M->728M(774M) 47.965ms
[4.430s][info][gc,cpu         ] GC(94) User=0.27s Sys=0.00s Real=0.05s
[4.447s][info][gc,start       ] GC(95) Pause Young (Allocation Failure)
[4.473s][info][gc,heap        ] GC(95) PSYoungGen: 51008K(51200K)->51072K(87552K) Eden: 16384K(16384K)->0K(16896K) From: 34624K(34816K)->51072K(70656K)
[4.473s][info][gc,heap        ] GC(95) ParOldGen: 711170K(741376K)->711170K(741376K)
[4.473s][info][gc,metaspace   ] GC(95) Metaspace: 6297K(6464K)->6297K(6464K) NonClass: 5764K(5824K)->5764K(5824K) Class: 533K(640K)->533K(640K)
[4.473s][info][gc             ] GC(95) Pause Young (Allocation Failure) 744M->744M(809M) 25.703ms
[4.473s][info][gc,cpu         ] GC(95) User=0.03s Sys=0.00s Real=0.02s
[4.490s][info][gc,start       ] GC(96) Pause Young (Allocation Failure)
[4.525s][info][gc,heap        ] GC(96) PSYoungGen: 67968K(87552K)->57952K(89088K) Eden: 16896K(16896K)->0K(16896K) From: 51072K(70656K)->57952K(72192K)
[4.525s][info][gc,heap        ] GC(96) ParOldGen: 711170K(741376K)->721322K(741376K)
[4.525s][info][gc,metaspace   ] GC(96) Metaspace: 6297K(6464K)->6297K(6464K) NonClass: 5764K(5824K)->5764K(5824K) Class: 533K(640K)->533K(640K)
[4.525s][info][gc             ] GC(96) Pause Young (Allocation Failure) 760M->761M(811M) 34.349ms
[4.525s][info][gc,cpu         ] GC(96) User=0.36s Sys=0.00s Real=0.03s
[4.525s][info][gc,start       ] GC(97) Pause Full (Ergonomics)
[4.525s][info][gc,phases,start] GC(97) Marking Phase
[4.691s][info][gc,phases      ] GC(97) Marking Phase 165.771ms
[4.691s][info][gc,phases,start] GC(97) Summary Phase
[4.691s][info][gc,phases      ] GC(97) Summary Phase 0.026ms
[4.691s][info][gc,phases,start] GC(97) Adjust Roots
[4.691s][info][gc,phases      ] GC(97) Adjust Roots 0.191ms
[4.691s][info][gc,phases,start] GC(97) Compaction Phase
[4.820s][info][gc,phases      ] GC(97) Compaction Phase 129.532ms
[4.820s][info][gc,phases,start] GC(97) Post Compact
[4.822s][info][gc,phases      ] GC(97) Post Compact 1.725ms
[4.822s][info][gc,heap        ] GC(97) PSYoungGen: 57952K(89088K)->20913K(89088K) Eden: 0K(16896K)->0K(16896K) From: 57952K(72192K)->20913K(72192K)
[4.823s][info][gc,heap        ] GC(97) ParOldGen: 721322K(741376K)->741365K(818688K)
[4.823s][info][gc,metaspace   ] GC(97) Metaspace: 6297K(6464K)->6297K(6464K) NonClass: 5764K(5824K)->5764K(5824K) Class: 533K(640K)->533K(640K)
[4.823s][info][gc             ] GC(97) Pause Full (Ergonomics) 761M->744M(886M) 297.832ms
[4.823s][info][gc,cpu         ] GC(97) User=1.94s Sys=0.02s Real=0.30s
[4.843s][info][gc,start       ] GC(98) Pause Young (Allocation Failure)
[4.890s][info][gc,heap        ] GC(98) PSYoungGen: 37809K(89088K)->34272K(90112K) Eden: 16896K(16896K)->0K(18944K) From: 20913K(72192K)->34272K(71168K)
[4.890s][info][gc,heap        ] GC(98) ParOldGen: 741365K(818688K)->745165K(818688K)
[4.890s][info][gc,metaspace   ] GC(98) Metaspace: 6297K(6464K)->6297K(6464K) NonClass: 5764K(5824K)->5764K(5824K) Class: 533K(640K)->533K(640K)
[4.890s][info][gc             ] GC(98) Pause Young (Allocation Failure) 760M->761M(887M) 47.503ms
[4.890s][info][gc,cpu         ] GC(98) User=0.27s Sys=0.00s Real=0.05s
[4.911s][info][gc,start       ] GC(99) Pause Young (Allocation Failure)
[4.939s][info][gc,heap        ] GC(99) PSYoungGen: 53216K(90112K)->53216K(92672K) Eden: 18944K(18944K)->0K(18944K) From: 34272K(71168K)->53216K(73728K)
[4.939s][info][gc,heap        ] GC(99) ParOldGen: 745165K(818688K)->745165K(818688K)
[4.939s][info][gc,metaspace   ] GC(99) Metaspace: 6297K(6464K)->6297K(6464K) NonClass: 5764K(5824K)->5764K(5824K) Class: 533K(640K)->533K(640K)
[4.939s][info][gc             ] GC(99) Pause Young (Allocation Failure) 779M->779M(890M) 28.251ms
[4.939s][info][gc,cpu         ] GC(99) User=0.03s Sys=0.00s Real=0.03s
[4.959s][info][gc,start       ] GC(100) Pause Young (Allocation Failure)
[4.994s][info][gc,heap        ] GC(100) PSYoungGen: 72160K(92672K)->67072K(90112K) Eden: 18944K(18944K)->0K(14848K) From: 53216K(73728K)->67072K(75264K)
[4.994s][info][gc,heap        ] GC(100) ParOldGen: 745165K(818688K)->750373K(818688K)
[4.994s][info][gc,metaspace   ] GC(100) Metaspace: 6297K(6464K)->6297K(6464K) NonClass: 5764K(5824K)->5764K(5824K) Class: 533K(640K)->533K(640K)
[4.994s][info][gc             ] GC(100) Pause Young (Allocation Failure) 798M->798M(887M) 34.873ms
[4.994s][info][gc,cpu         ] GC(100) User=0.22s Sys=0.02s Real=0.03s
[5.009s][info][gc,start       ] GC(101) Pause Young (Allocation Failure)
[5.047s][info][gc,heap        ] GC(101) PSYoungGen: 81920K(90112K)->73504K(96256K) Eden: 14848K(14848K)->0K(14848K) From: 67072K(75264K)->73504K(81408K)
[5.047s][info][gc,heap        ] GC(101) ParOldGen: 750373K(818688K)->758901K(818688K)
[5.047s][info][gc,metaspace   ] GC(101) Metaspace: 6297K(6464K)->6297K(6464K) NonClass: 5764K(5824K)->5764K(5824K) Class: 533K(640K)->533K(640K)
[5.047s][info][gc             ] GC(101) Pause Young (Allocation Failure) 812M->812M(893M) 38.131ms
[5.047s][info][gc,cpu         ] GC(101) User=0.23s Sys=0.00s Real=0.04s
[5.064s][info][gc,start       ] GC(102) Pause Young (Allocation Failure)
[5.105s][info][gc,heap        ] GC(102) PSYoungGen: 88352K(96256K)->67744K(102400K) Eden: 14848K(14848K)->0K(13312K) From: 73504K(81408K)->67744K(89088K)
[5.105s][info][gc,heap        ] GC(102) ParOldGen: 758901K(818688K)->779773K(818688K)
[5.105s][info][gc,metaspace   ] GC(102) Metaspace: 6297K(6464K)->6297K(6464K) NonClass: 5764K(5824K)->5764K(5824K) Class: 533K(640K)->533K(640K)
[5.105s][info][gc             ] GC(102) Pause Young (Allocation Failure) 827M->827M(899M) 41.179ms
[5.105s][info][gc,cpu         ] GC(102) User=0.25s Sys=0.02s Real=0.04s
[5.120s][info][gc,start       ] GC(103) Pause Young (Allocation Failure)
[5.159s][info][gc,heap        ] GC(103) PSYoungGen: 81056K(102400K)->43136K(56832K) Eden: 13312K(13312K)->0K(13312K) From: 67744K(89088K)->43136K(43520K)
[5.159s][info][gc,heap        ] GC(103) ParOldGen: 779773K(818688K)->818141K(818688K)
[5.159s][info][gc,metaspace   ] GC(103) Metaspace: 6297K(6464K)->6297K(6464K) NonClass: 5764K(5824K)->5764K(5824K) Class: 533K(640K)->533K(640K)
[5.159s][info][gc             ] GC(103) Pause Young (Allocation Failure) 840M->841M(855M) 39.213ms
[5.159s][info][gc,cpu         ] GC(103) User=0.25s Sys=0.00s Real=0.04s
[5.159s][info][gc,start       ] GC(104) Pause Full (Ergonomics)
[5.159s][info][gc,phases,start] GC(104) Marking Phase
[5.337s][info][gc,phases      ] GC(104) Marking Phase 177.691ms
[5.337s][info][gc,phases,start] GC(104) Summary Phase
[5.337s][info][gc,phases      ] GC(104) Summary Phase 0.022ms
[5.337s][info][gc,phases,start] GC(104) Adjust Roots
[5.337s][info][gc,phases      ] GC(104) Adjust Roots 0.147ms
[5.337s][info][gc,phases,start] GC(104) Compaction Phase
[5.427s][info][gc,phases      ] GC(104) Compaction Phase 89.757ms
[5.427s][info][gc,phases,start] GC(104) Post Compact
[5.429s][info][gc,phases      ] GC(104) Post Compact 1.606ms
[5.429s][info][gc,heap        ] GC(104) PSYoungGen: 43136K(56832K)->41381K(56832K) Eden: 0K(13312K)->0K(13312K) From: 43136K(43520K)->41381K(43520K)
[5.429s][info][gc,heap        ] GC(104) ParOldGen: 818141K(818688K)->818502K(910336K)
[5.429s][info][gc,metaspace   ] GC(104) Metaspace: 6297K(6464K)->6297K(6464K) NonClass: 5764K(5824K)->5764K(5824K) Class: 533K(640K)->533K(640K)
[5.429s][info][gc             ] GC(104) Pause Full (Ergonomics) 841M->839M(944M) 270.063ms
[5.429s][info][gc,cpu         ] GC(104) User=1.89s Sys=0.02s Real=0.27s
[5.445s][info][gc,start       ] GC(105) Pause Young (Allocation Failure)
[5.502s][info][gc,heap        ] GC(105) PSYoungGen: 54693K(56832K)->26208K(103424K) Eden: 13312K(13312K)->0K(15360K) From: 41381K(43520K)->26208K(88064K)
[5.502s][info][gc,heap        ] GC(105) ParOldGen: 818502K(910336K)->847558K(910336K)
[5.502s][info][gc,metaspace   ] GC(105) Metaspace: 6297K(6464K)->6297K(6464K) NonClass: 5764K(5824K)->5764K(5824K) Class: 533K(640K)->533K(640K)
[5.502s][info][gc             ] GC(105) Pause Young (Allocation Failure) 852M->853M(990M) 57.085ms
[5.503s][info][gc,cpu         ] GC(105) User=0.36s Sys=0.00s Real=0.06s
[5.519s][info][gc,start       ] GC(106) Pause Young (Allocation Failure)
[5.542s][info][gc,heap        ] GC(106) PSYoungGen: 41568K(103424K)->28800K(103936K) Eden: 15360K(15360K)->0K(15360K) From: 26208K(88064K)->28800K(88576K)
[5.542s][info][gc,heap        ] GC(106) ParOldGen: 847558K(910336K)->860502K(910336K)
[5.542s][info][gc,metaspace   ] GC(106) Metaspace: 6297K(6464K)->6297K(6464K) NonClass: 5764K(5824K)->5764K(5824K) Class: 533K(640K)->533K(640K)
[5.542s][info][gc             ] GC(106) Pause Young (Allocation Failure) 868M->868M(990M) 22.659ms
[5.542s][info][gc,cpu         ] GC(106) User=0.14s Sys=0.00s Real=0.02s
[5.558s][info][gc,start       ] GC(107) Pause Young (Allocation Failure)
[5.583s][info][gc,heap        ] GC(107) PSYoungGen: 44160K(103936K)->30816K(100864K) Eden: 15360K(15360K)->0K(17408K) From: 28800K(88576K)->30816K(83456K)
[5.583s][info][gc,heap        ] GC(107) ParOldGen: 860502K(910336K)->874006K(910336K)
[5.583s][info][gc,metaspace   ] GC(107) Metaspace: 6297K(6464K)->6297K(6464K) NonClass: 5764K(5824K)->5764K(5824K) Class: 533K(640K)->533K(640K)
[5.583s][info][gc             ] GC(107) Pause Young (Allocation Failure) 883M->883M(987M) 24.804ms
[5.583s][info][gc,cpu         ] GC(107) User=0.12s Sys=0.00s Real=0.03s
[5.602s][info][gc,start       ] GC(108) Pause Young (Allocation Failure)
[5.630s][info][gc,heap        ] GC(108) PSYoungGen: 48224K(100864K)->17568K(102912K) Eden: 17408K(17408K)->0K(17408K) From: 30816K(83456K)->17568K(85504K)
[5.630s][info][gc,heap        ] GC(108) ParOldGen: 874006K(910336K)->905110K(910336K)
[5.630s][info][gc,metaspace   ] GC(108) Metaspace: 6297K(6464K)->6297K(6464K) NonClass: 5764K(5824K)->5764K(5824K) Class: 533K(640K)->533K(640K)
[5.630s][info][gc             ] GC(108) Pause Young (Allocation Failure) 900M->901M(989M) 27.599ms
[5.630s][info][gc,cpu         ] GC(108) User=0.12s Sys=0.00s Real=0.03s
[5.630s][info][gc,start       ] GC(109) Pause Full (Ergonomics)
[5.630s][info][gc,phases,start] GC(109) Marking Phase
[5.849s][info][gc,phases      ] GC(109) Marking Phase 219.542ms
[5.849s][info][gc,phases,start] GC(109) Summary Phase
[5.849s][info][gc,phases      ] GC(109) Summary Phase 0.023ms
[5.849s][info][gc,phases,start] GC(109) Adjust Roots
[5.850s][info][gc,phases      ] GC(109) Adjust Roots 0.187ms
[5.850s][info][gc,phases,start] GC(109) Compaction Phase
[5.944s][info][gc,phases      ] GC(109) Compaction Phase 94.696ms
[5.944s][info][gc,phases,start] GC(109) Post Compact
[5.946s][info][gc,phases      ] GC(109) Post Compact 1.584ms
[5.947s][info][gc,heap        ] GC(109) PSYoungGen: 17568K(102912K)->11244K(102912K) Eden: 0K(17408K)->0K(17408K) From: 17568K(85504K)->11244K(85504K)
[5.947s][info][gc,heap        ] GC(109) ParOldGen: 905110K(910336K)->909949K(1012224K)
[5.947s][info][gc,metaspace   ] GC(109) Metaspace: 6297K(6464K)->6297K(6464K) NonClass: 5764K(5824K)->5764K(5824K) Class: 533K(640K)->533K(640K)
[5.947s][info][gc             ] GC(109) Pause Full (Ergonomics) 901M->899M(1089M) 316.777ms
[5.947s][info][gc,cpu         ] GC(109) User=2.19s Sys=0.03s Real=0.32s
[5.967s][info][gc,start       ] GC(110) Pause Young (Allocation Failure)
[6.019s][info][gc,heap        ] GC(110) PSYoungGen: 28652K(102912K)->17568K(103936K) Eden: 17408K(17408K)->0K(19456K) From: 11244K(85504K)->17568K(84480K)
[6.019s][info][gc,heap        ] GC(110) ParOldGen: 909949K(1012224K)->921357K(1012224K)
[6.019s][info][gc,metaspace   ] GC(110) Metaspace: 6297K(6464K)->6297K(6464K) NonClass: 5764K(5824K)->5764K(5824K) Class: 533K(640K)->533K(640K)
[6.019s][info][gc             ] GC(110) Pause Young (Allocation Failure) 916M->916M(1090M) 52.268ms
[6.019s][info][gc,cpu         ] GC(110) User=0.28s Sys=0.00s Real=0.05s
[6.042s][info][gc,start       ] GC(111) Pause Young (Allocation Failure)
[6.065s][info][gc,heap        ] GC(111) PSYoungGen: 37024K(103936K)->37024K(56832K) Eden: 19456K(19456K)->0K(19456K) From: 17568K(84480K)->37024K(37376K)
[6.065s][info][gc,heap        ] GC(111) ParOldGen: 921357K(1012224K)->921357K(1012224K)
[6.065s][info][gc,metaspace   ] GC(111) Metaspace: 6297K(6464K)->6297K(6464K) NonClass: 5764K(5824K)->5764K(5824K) Class: 533K(640K)->533K(640K)
[6.065s][info][gc             ] GC(111) Pause Young (Allocation Failure) 935M->935M(1044M) 22.792ms
[6.065s][info][gc,cpu         ] GC(111) User=0.12s Sys=0.00s Real=0.02s
[6.087s][info][gc,start       ] GC(112) Pause Young (Allocation Failure)
[6.116s][info][gc,heap        ] GC(112) PSYoungGen: 56480K(56832K)->56448K(99328K) Eden: 19456K(19456K)->0K(18944K) From: 37024K(37376K)->56448K(80384K)
[6.116s][info][gc,heap        ] GC(112) ParOldGen: 921357K(1012224K)->921357K(1012224K)
[6.116s][info][gc,metaspace   ] GC(112) Metaspace: 6297K(6464K)->6297K(6464K) NonClass: 5764K(5824K)->5764K(5824K) Class: 533K(640K)->533K(640K)
[6.116s][info][gc             ] GC(112) Pause Young (Allocation Failure) 954M->954M(1085M) 28.723ms
[6.116s][info][gc,cpu         ] GC(112) User=0.12s Sys=0.00s Real=0.03s
[6.136s][info][gc,start       ] GC(113) Pause Young (Allocation Failure)
[6.175s][info][gc,heap        ] GC(113) PSYoungGen: 75392K(99328K)->57952K(101888K) Eden: 18944K(18944K)->0K(18944K) From: 56448K(80384K)->57952K(82944K)
[6.175s][info][gc,heap        ] GC(113) ParOldGen: 921357K(1012224K)->939013K(1012224K)
[6.175s][info][gc,metaspace   ] GC(113) Metaspace: 6297K(6464K)->6297K(6464K) NonClass: 5764K(5824K)->5764K(5824K) Class: 533K(640K)->533K(640K)
[6.175s][info][gc             ] GC(113) Pause Young (Allocation Failure) 973M->973M(1088M) 39.072ms
[6.175s][info][gc,cpu         ] GC(113) User=0.22s Sys=0.03s Real=0.04s
[6.197s][info][gc,start       ] GC(114) Pause Young (Allocation Failure)
[6.237s][info][gc,heap        ] GC(114) PSYoungGen: 76896K(101888K)->57536K(105472K) Eden: 18944K(18944K)->0K(19968K) From: 57952K(82944K)->57536K(85504K)
[6.237s][info][gc,heap        ] GC(114) ParOldGen: 939013K(1012224K)->958733K(1012224K)
[6.237s][info][gc,metaspace   ] GC(114) Metaspace: 6297K(6464K)->6297K(6464K) NonClass: 5764K(5824K)->5764K(5824K) Class: 533K(640K)->533K(640K)
[6.237s][info][gc             ] GC(114) Pause Young (Allocation Failure) 992M->992M(1091M) 40.184ms
[6.237s][info][gc,cpu         ] GC(114) User=0.23s Sys=0.02s Real=0.04s
[6.262s][info][gc,start       ] GC(115) Pause Young (Allocation Failure)
[6.301s][info][gc,heap        ] GC(115) PSYoungGen: 77504K(105472K)->57984K(107008K) Eden: 19968K(19968K)->0K(19968K) From: 57536K(85504K)->57984K(87040K)
[6.301s][info][gc,heap        ] GC(115) ParOldGen: 958733K(1012224K)->978445K(1012224K)
[6.301s][info][gc,metaspace   ] GC(115) Metaspace: 6297K(6464K)->6297K(6464K) NonClass: 5764K(5824K)->5764K(5824K) Class: 533K(640K)->533K(640K)
[6.301s][info][gc             ] GC(115) Pause Young (Allocation Failure) 1011M->1012M(1093M) 38.960ms
[6.301s][info][gc,cpu         ] GC(115) User=0.23s Sys=0.02s Real=0.04s
[6.301s][info][gc,start       ] GC(116) Pause Full (Ergonomics)
[6.301s][info][gc,phases,start] GC(116) Marking Phase
[6.532s][info][gc,phases      ] GC(116) Marking Phase 231.446ms
[6.532s][info][gc,phases,start] GC(116) Summary Phase
[6.532s][info][gc,phases      ] GC(116) Summary Phase 0.030ms
[6.532s][info][gc,phases,start] GC(116) Adjust Roots
[6.533s][info][gc,phases      ] GC(116) Adjust Roots 0.154ms
[6.533s][info][gc,phases,start] GC(116) Compaction Phase
[6.622s][info][gc,phases      ] GC(116) Compaction Phase 89.477ms
[6.622s][info][gc,phases,start] GC(116) Post Compact
[6.624s][info][gc,phases      ] GC(116) Post Compact 1.953ms
[6.624s][info][gc,heap        ] GC(116) PSYoungGen: 57984K(107008K)->23021K(107008K) Eden: 0K(19968K)->0K(19968K) From: 57984K(87040K)->23021K(87040K)
[6.624s][info][gc,heap        ] GC(116) ParOldGen: 978445K(1012224K)->1012157K(1117184K)
[6.625s][info][gc,metaspace   ] GC(116) Metaspace: 6297K(6464K)->6297K(6464K) NonClass: 5764K(5824K)->5764K(5824K) Class: 533K(640K)->533K(640K)
[6.625s][info][gc             ] GC(116) Pause Full (Ergonomics) 1012M->1010M(1195M) 323.746ms
[6.625s][info][gc,cpu         ] GC(116) User=2.44s Sys=0.03s Real=0.32s
[6.649s][info][gc,start       ] GC(117) Pause Young (Allocation Failure)
[6.713s][info][gc,heap        ] GC(117) PSYoungGen: 42989K(107008K)->28608K(106496K) Eden: 19968K(19968K)->0K(22016K) From: 23021K(87040K)->28608K(84480K)
[6.713s][info][gc,heap        ] GC(117) ParOldGen: 1012157K(1117184K)->1026925K(1117184K)
[6.713s][info][gc,metaspace   ] GC(117) Metaspace: 6297K(6464K)->6297K(6464K) NonClass: 5764K(5824K)->5764K(5824K) Class: 533K(640K)->533K(640K)
[6.713s][info][gc             ] GC(117) Pause Young (Allocation Failure) 1030M->1030M(1195M) 63.418ms
[6.713s][info][gc,cpu         ] GC(117) User=0.38s Sys=0.00s Real=0.06s
[6.738s][info][gc,start       ] GC(118) Pause Young (Allocation Failure)
[6.766s][info][gc,heap        ] GC(118) PSYoungGen: 50624K(106496K)->42144K(64512K) Eden: 22016K(22016K)->0K(22016K) From: 28608K(84480K)->42144K(42496K)
[6.766s][info][gc,heap        ] GC(118) ParOldGen: 1026925K(1117184K)->1035533K(1117184K)
[6.766s][info][gc,metaspace   ] GC(118) Metaspace: 6297K(6464K)->6297K(6464K) NonClass: 5764K(5824K)->5764K(5824K) Class: 533K(640K)->533K(640K)
[6.766s][info][gc             ] GC(118) Pause Young (Allocation Failure) 1052M->1052M(1154M) 28.394ms
[6.766s][info][gc,cpu         ] GC(118) User=0.14s Sys=0.00s Real=0.03s
[6.792s][info][gc,start       ] GC(119) Pause Young (Allocation Failure)
[6.826s][info][gc,heap        ] GC(119) PSYoungGen: 64160K(64512K)->44192K(99840K) Eden: 22016K(22016K)->0K(24576K) From: 42144K(42496K)->44192K(75264K)
[6.826s][info][gc,heap        ] GC(119) ParOldGen: 1035533K(1117184K)->1055765K(1117184K)
[6.826s][info][gc,metaspace   ] GC(119) Metaspace: 6297K(6464K)->6297K(6464K) NonClass: 5764K(5824K)->5764K(5824K) Class: 533K(640K)->533K(640K)
[6.826s][info][gc             ] GC(119) Pause Young (Allocation Failure) 1073M->1074M(1188M) 34.270ms
[6.826s][info][gc,cpu         ] GC(119) User=0.14s Sys=0.02s Real=0.03s
[6.854s][info][gc,start       ] GC(120) Pause Young (Allocation Failure)
[6.892s][info][gc,heap        ] GC(120) PSYoungGen: 68768K(99840K)->46752K(103424K) Eden: 24576K(24576K)->0K(24576K) From: 44192K(75264K)->46752K(78848K)
[6.892s][info][gc,heap        ] GC(120) ParOldGen: 1055765K(1117184K)->1078085K(1117184K)
[6.892s][info][gc,metaspace   ] GC(120) Metaspace: 6297K(6464K)->6297K(6464K) NonClass: 5764K(5824K)->5764K(5824K) Class: 533K(640K)->533K(640K)
[6.892s][info][gc             ] GC(120) Pause Young (Allocation Failure) 1098M->1098M(1192M) 37.596ms
[6.892s][info][gc,cpu         ] GC(120) User=0.20s Sys=0.05s Real=0.04s
[6.919s][info][gc,start       ] GC(121) Pause Young (Allocation Failure)
[6.958s][info][gc,heap        ] GC(121) PSYoungGen: 71328K(103424K)->49344K(102400K) Eden: 24576K(24576K)->0K(27648K) From: 46752K(78848K)->49344K(74752K)
[6.958s][info][gc,heap        ] GC(121) ParOldGen: 1078085K(1117184K)->1100413K(1117184K)
[6.958s][info][gc,metaspace   ] GC(121) Metaspace: 6297K(6464K)->6297K(6464K) NonClass: 5764K(5824K)->5764K(5824K) Class: 533K(640K)->533K(640K)
[6.958s][info][gc             ] GC(121) Pause Young (Allocation Failure) 1122M->1122M(1191M) 39.060ms
[6.958s][info][gc,cpu         ] GC(121) User=0.23s Sys=0.00s Real=0.04s
[6.958s][info][gc,start       ] GC(122) Pause Full (Ergonomics)
[6.958s][info][gc,phases,start] GC(122) Marking Phase
[7.223s][info][gc,phases      ] GC(122) Marking Phase 264.618ms
[7.223s][info][gc,phases,start] GC(122) Summary Phase
[7.223s][info][gc,phases      ] GC(122) Summary Phase 0.039ms
[7.223s][info][gc,phases,start] GC(122) Adjust Roots
[7.223s][info][gc,phases      ] GC(122) Adjust Roots 0.194ms
[7.223s][info][gc,phases,start] GC(122) Compaction Phase
[7.334s][info][gc,phases      ] GC(122) Compaction Phase 111.073ms
[7.335s][info][gc,phases,start] GC(122) Post Compact
[7.337s][info][gc,phases      ] GC(122) Post Compact 2.184ms
[7.337s][info][gc,heap        ] GC(122) PSYoungGen: 49344K(102400K)->31207K(103424K) Eden: 0K(27648K)->0K(28672K) From: 49344K(74752K)->31207K(74752K)
[7.337s][info][gc,heap        ] GC(122) ParOldGen: 1100413K(1117184K)->1116975K(1229824K)
[7.337s][info][gc,metaspace   ] GC(122) Metaspace: 6297K(6464K)->6297K(6464K) NonClass: 5764K(5824K)->5764K(5824K) Class: 533K(640K)->533K(640K)
[7.337s][info][gc             ] GC(122) Pause Full (Ergonomics) 1122M->1121M(1302M) 378.995ms
[7.337s][info][gc,cpu         ] GC(122) User=2.86s Sys=0.00s Real=0.38s
[7.374s][info][gc,start       ] GC(123) Pause Young (Allocation Failure)
[7.453s][info][gc,heap        ] GC(123) PSYoungGen: 59879K(103424K)->44832K(104448K) Eden: 28672K(28672K)->0K(28672K) From: 31207K(74752K)->44832K(75776K)
[7.453s][info][gc,heap        ] GC(123) ParOldGen: 1116975K(1229824K)->1132439K(1229824K)
[7.453s][info][gc,metaspace   ] GC(123) Metaspace: 6297K(6464K)->6297K(6464K) NonClass: 5764K(5824K)->5764K(5824K) Class: 533K(640K)->533K(640K)
[7.453s][info][gc             ] GC(123) Pause Young (Allocation Failure) 1149M->1149M(1303M) 79.425ms
[7.454s][info][gc,cpu         ] GC(123) User=0.48s Sys=0.00s Real=0.08s
[7.487s][info][gc,start       ] GC(124) Pause Young (Allocation Failure)
[7.527s][info][gc,heap        ] GC(124) PSYoungGen: 73504K(104448K)->72704K(96256K) Eden: 28672K(28672K)->0K(23552K) From: 44832K(75776K)->72704K(72704K)
[7.527s][info][gc,heap        ] GC(124) ParOldGen: 1132439K(1229824K)->1133247K(1229824K)
[7.527s][info][gc,metaspace   ] GC(124) Metaspace: 6297K(6464K)->6297K(6464K) NonClass: 5764K(5824K)->5764K(5824K) Class: 533K(640K)->533K(640K)
[7.527s][info][gc             ] GC(124) Pause Young (Allocation Failure) 1177M->1177M(1295M) 39.372ms
[7.527s][info][gc,cpu         ] GC(124) User=0.27s Sys=0.00s Real=0.04s
[7.556s][info][gc,start       ] GC(125) Pause Young (Allocation Failure)
[7.610s][info][gc,heap        ] GC(125) PSYoungGen: 96256K(96256K)->52064K(104448K) Eden: 23552K(23552K)->0K(23552K) From: 72704K(72704K)->52064K(80896K)
[7.610s][info][gc,heap        ] GC(125) ParOldGen: 1133247K(1229824K)->1178047K(1229824K)
[7.610s][info][gc,metaspace   ] GC(125) Metaspace: 6297K(6464K)->6297K(6464K) NonClass: 5764K(5824K)->5764K(5824K) Class: 533K(640K)->533K(640K)
[7.610s][info][gc             ] GC(125) Pause Young (Allocation Failure) 1200M->1201M(1303M) 54.767ms
[7.610s][info][gc,cpu         ] GC(125) User=0.36s Sys=0.02s Real=0.05s
[7.640s][info][gc,start       ] GC(126) Pause Young (Allocation Failure)
[7.681s][info][gc,heap        ] GC(126) PSYoungGen: 75616K(104448K)->47232K(99840K) Eden: 23552K(23552K)->0K(26624K) From: 52064K(80896K)->47232K(73216K)
[7.681s][info][gc,heap        ] GC(126) ParOldGen: 1178047K(1229824K)->1206751K(1229824K)
[7.681s][info][gc,metaspace   ] GC(126) Metaspace: 6297K(6464K)->6297K(6464K) NonClass: 5764K(5824K)->5764K(5824K) Class: 533K(640K)->533K(640K)
[7.681s][info][gc             ] GC(126) Pause Young (Allocation Failure) 1224M->1224M(1298M) 40.541ms
[7.681s][info][gc,cpu         ] GC(126) User=0.22s Sys=0.00s Real=0.04s
[7.681s][info][gc,start       ] GC(127) Pause Full (Ergonomics)
[7.681s][info][gc,phases,start] GC(127) Marking Phase
[7.974s][info][gc,phases      ] GC(127) Marking Phase 293.315ms
[7.974s][info][gc,phases,start] GC(127) Summary Phase
[7.974s][info][gc,phases      ] GC(127) Summary Phase 0.026ms
[7.974s][info][gc,phases,start] GC(127) Adjust Roots
[7.974s][info][gc,phases      ] GC(127) Adjust Roots 0.150ms
[7.974s][info][gc,phases,start] GC(127) Compaction Phase
[8.083s][info][gc,phases      ] GC(127) Compaction Phase 108.775ms
[8.083s][info][gc,phases,start] GC(127) Post Compact
[8.086s][info][gc,phases      ] GC(127) Post Compact 2.409ms
[8.086s][info][gc,heap        ] GC(127) PSYoungGen: 47232K(99840K)->23027K(102912K) Eden: 0K(26624K)->0K(29696K) From: 47232K(73216K)->23027K(73216K)
[8.086s][info][gc,heap        ] GC(127) ParOldGen: 1206751K(1229824K)->1229480K(1361408K)
[8.086s][info][gc,metaspace   ] GC(127) Metaspace: 6297K(6464K)->6297K(6464K) NonClass: 5764K(5824K)->5764K(5824K) Class: 533K(640K)->533K(640K)
[8.086s][info][gc             ] GC(127) Pause Full (Ergonomics) 1224M->1223M(1430M) 405.593ms
[8.086s][info][gc,cpu         ] GC(127) User=3.00s Sys=0.00s Real=0.41s
[8.121s][info][gc,start       ] GC(128) Pause Young (Allocation Failure)
[8.200s][info][gc,heap        ] GC(128) PSYoungGen: 52723K(102912K)->42752K(105984K) Eden: 29696K(29696K)->0K(29696K) From: 23027K(73216K)->42752K(76288K)
[8.200s][info][gc,heap        ] GC(128) ParOldGen: 1229480K(1361408K)->1239800K(1361408K)
[8.200s][info][gc,metaspace   ] GC(128) Metaspace: 6297K(6464K)->6297K(6464K) NonClass: 5764K(5824K)->5764K(5824K) Class: 533K(640K)->533K(640K)
[8.200s][info][gc             ] GC(128) Pause Young (Allocation Failure) 1252M->1252M(1433M) 78.640ms
[8.200s][info][gc,cpu         ] GC(128) User=0.50s Sys=0.00s Real=0.08s
[8.234s][info][gc,start       ] GC(129) Pause Young (Allocation Failure)
[8.271s][info][gc,heap        ] GC(129) PSYoungGen: 72448K(105984K)->67328K(102400K) Eden: 29696K(29696K)->0K(28160K) From: 42752K(76288K)->67328K(74240K)
[8.271s][info][gc,heap        ] GC(129) ParOldGen: 1239800K(1361408K)->1239800K(1361408K)
[8.271s][info][gc,metaspace   ] GC(129) Metaspace: 6297K(6464K)->6297K(6464K) NonClass: 5764K(5824K)->5764K(5824K) Class: 533K(640K)->533K(640K)
[8.271s][info][gc             ] GC(129) Pause Young (Allocation Failure) 1281M->1276M(1429M) 37.861ms
[8.271s][info][gc,cpu         ] GC(129) User=0.25s Sys=0.00s Real=0.04s
[8.294s][info][gc,start       ] GC(130) Pause Young (Allocation Failure)
[8.338s][info][gc,heap        ] GC(130) PSYoungGen: 95488K(102400K)->78848K(107008K) Eden: 28160K(28160K)->0K(28160K) From: 67328K(74240K)->78848K(78848K)
[8.338s][info][gc,heap        ] GC(130) ParOldGen: 1239800K(1361408K)->1243256K(1361408K)
[8.338s][info][gc,metaspace   ] GC(130) Metaspace: 6297K(6464K)->6297K(6464K) NonClass: 5764K(5824K)->5764K(5824K) Class: 533K(640K)->533K(640K)
[8.338s][info][gc             ] GC(130) Pause Young (Allocation Failure) 1303M->1291M(1434M) 44.467ms
[8.338s][info][gc,cpu         ] GC(130) User=0.25s Sys=0.00s Real=0.04s
[8.376s][info][gc,start       ] GC(131) Pause Young (Allocation Failure)
[8.438s][info][gc,heap        ] GC(131) PSYoungGen: 107008K(107008K)->66240K(117760K) Eden: 28160K(28160K)->0K(29696K) From: 78848K(78848K)->66240K(88064K)
[8.438s][info][gc,heap        ] GC(131) ParOldGen: 1243256K(1361408K)->1284616K(1361408K)
[8.438s][info][gc,metaspace   ] GC(131) Metaspace: 6297K(6464K)->6297K(6464K) NonClass: 5764K(5824K)->5764K(5824K) Class: 533K(640K)->533K(640K)
[8.438s][info][gc             ] GC(131) Pause Young (Allocation Failure) 1318M->1319M(1444M) 62.015ms
[8.438s][info][gc,cpu         ] GC(131) User=0.38s Sys=0.02s Real=0.06s
[8.477s][info][gc,start       ] GC(132) Pause Young (Allocation Failure)
[8.531s][info][gc,heap        ] GC(132) PSYoungGen: 95936K(117760K)->72384K(119296K) Eden: 29696K(29696K)->0K(29696K) From: 66240K(88064K)->72384K(89600K)
[8.531s][info][gc,heap        ] GC(132) ParOldGen: 1284616K(1361408K)->1308552K(1361408K)
[8.531s][info][gc,metaspace   ] GC(132) Metaspace: 6297K(6464K)->6297K(6464K) NonClass: 5764K(5824K)->5764K(5824K) Class: 533K(640K)->533K(640K)
[8.531s][info][gc             ] GC(132) Pause Young (Allocation Failure) 1348M->1348M(1446M) 53.892ms
[8.531s][info][gc,cpu         ] GC(132) User=0.34s Sys=0.00s Real=0.05s
[8.569s][info][gc,start       ] GC(133) Pause Young (Allocation Failure)
[8.627s][info][gc,heap        ] GC(133) PSYoungGen: 102080K(119296K)->87776K(118272K) Eden: 29696K(29696K)->0K(25088K) From: 72384K(89600K)->87776K(93184K)
[8.627s][info][gc,heap        ] GC(133) ParOldGen: 1308552K(1361408K)->1323072K(1361408K)
[8.627s][info][gc,metaspace   ] GC(133) Metaspace: 6297K(6464K)->6297K(6464K) NonClass: 5764K(5824K)->5764K(5824K) Class: 533K(640K)->533K(640K)
[8.627s][info][gc             ] GC(133) Pause Young (Allocation Failure) 1377M->1377M(1445M) 57.995ms
[8.627s][info][gc,cpu         ] GC(133) User=0.33s Sys=0.03s Real=0.06s
[8.627s][info][gc,start       ] GC(134) Pause Full (Ergonomics)
[8.627s][info][gc,phases,start] GC(134) Marking Phase
[8.966s][info][gc,phases      ] GC(134) Marking Phase 338.963ms
[8.966s][info][gc,phases,start] GC(134) Summary Phase
[8.966s][info][gc,phases      ] GC(134) Summary Phase 0.028ms
[8.966s][info][gc,phases,start] GC(134) Adjust Roots
[8.967s][info][gc,phases      ] GC(134) Adjust Roots 0.323ms
[8.967s][info][gc,phases,start] GC(134) Compaction Phase
[9.347s][info][gc,phases      ] GC(134) Compaction Phase 379.940ms
[9.347s][info][gc,phases,start] GC(134) Post Compact
[9.350s][info][gc,phases      ] GC(134) Post Compact 2.968ms
[9.351s][info][gc,heap        ] GC(134) PSYoungGen: 87776K(118272K)->48110K(118272K) Eden: 0K(25088K)->0K(25088K) From: 87776K(93184K)->48110K(93184K)
[9.351s][info][gc,heap        ] GC(134) ParOldGen: 1323072K(1361408K)->1361011K(1503232K)
[9.351s][info][gc,metaspace   ] GC(134) Metaspace: 6297K(6464K)->6297K(6464K) NonClass: 5764K(5824K)->5764K(5824K) Class: 533K(640K)->533K(640K)
[9.351s][info][gc             ] GC(134) Pause Full (Ergonomics) 1377M->1376M(1583M) 723.409ms
[9.351s][info][gc,cpu         ] GC(134) User=5.06s Sys=0.02s Real=0.72s
[9.651s][info][gc,start       ] GC(135) Pause Young (Allocation Failure)
[9.751s][info][gc,heap        ] GC(135) PSYoungGen: 73198K(118272K)->59200K(84480K) Eden: 25088K(25088K)->0K(25088K) From: 48110K(93184K)->59200K(59392K)
[9.751s][info][gc,heap        ] GC(135) ParOldGen: 1426547K(1503232K)->1440963K(1503232K)
[9.751s][info][gc,metaspace   ] GC(135) Metaspace: 6297K(6464K)->6297K(6464K) NonClass: 5764K(5824K)->5764K(5824K) Class: 533K(640K)->533K(640K)
[9.751s][info][gc             ] GC(135) Pause Young (Allocation Failure) 1464M->1465M(1550M) 100.089ms
[9.751s][info][gc,cpu         ] GC(135) User=0.52s Sys=0.00s Real=0.10s
[9.776s][info][gc,start       ] GC(136) Pause Young (Allocation Failure)
[9.824s][info][gc,heap        ] GC(136) PSYoungGen: 84288K(84480K)->84352K(119296K) Eden: 25088K(25088K)->0K(22016K) From: 59200K(59392K)->84352K(97280K)
[9.824s][info][gc,heap        ] GC(136) ParOldGen: 1440963K(1503232K)->1440963K(1503232K)
[9.824s][info][gc,metaspace   ] GC(136) Metaspace: 6297K(6464K)->6297K(6464K) NonClass: 5764K(5824K)->5764K(5824K) Class: 533K(640K)->533K(640K)
[9.824s][info][gc             ] GC(136) Pause Young (Allocation Failure) 1489M->1489M(1584M) 48.287ms
[9.824s][info][gc,cpu         ] GC(136) User=0.17s Sys=0.00s Real=0.05s
[9.844s][info][gc,start       ] GC(137) Pause Young (Allocation Failure)
[9.902s][info][gc,heap        ] GC(137) PSYoungGen: 106368K(119296K)->87776K(124928K) Eden: 22016K(22016K)->0K(22016K) From: 84352K(97280K)->87776K(102912K)
[9.902s][info][gc,heap        ] GC(137) ParOldGen: 1440963K(1503232K)->1459779K(1503232K)
[9.902s][info][gc,metaspace   ] GC(137) Metaspace: 6297K(6464K)->6297K(6464K) NonClass: 5764K(5824K)->5764K(5824K) Class: 533K(640K)->533K(640K)
[9.902s][info][gc             ] GC(137) Pause Young (Allocation Failure) 1511M->1511M(1590M) 57.851ms
[9.902s][info][gc,cpu         ] GC(137) User=0.25s Sys=0.03s Real=0.06s
[9.923s][info][gc,start       ] GC(138) Pause Young (Allocation Failure)
[9.980s][info][gc,heap        ] GC(138) PSYoungGen: 109792K(124928K)->94432K(126976K) Eden: 22016K(22016K)->0K(18432K) From: 87776K(102912K)->94432K(108544K)
[9.980s][info][gc,heap        ] GC(138) ParOldGen: 1459779K(1503232K)->1475339K(1503232K)
[9.980s][info][gc,metaspace   ] GC(138) Metaspace: 6297K(6464K)->6297K(6464K) NonClass: 5764K(5824K)->5764K(5824K) Class: 533K(640K)->533K(640K)
[9.980s][info][gc             ] GC(138) Pause Young (Allocation Failure) 1532M->1532M(1592M) 57.168ms
[9.980s][info][gc,cpu         ] GC(138) User=0.30s Sys=0.00s Real=0.06s
[9.980s][info][gc,start       ] GC(139) Pause Full (Ergonomics)
[9.980s][info][gc,phases,start] GC(139) Marking Phase
[10.329s][info][gc,phases      ] GC(139) Marking Phase 348.911ms
[10.329s][info][gc,phases,start] GC(139) Summary Phase
[10.329s][info][gc,phases      ] GC(139) Summary Phase 0.029ms
[10.329s][info][gc,phases,start] GC(139) Adjust Roots
[10.329s][info][gc,phases      ] GC(139) Adjust Roots 0.157ms
[10.329s][info][gc,phases,start] GC(139) Compaction Phase
[10.585s][info][gc,phases      ] GC(139) Compaction Phase 255.570ms
[10.585s][info][gc,phases,start] GC(139) Post Compact
[10.588s][info][gc,phases      ] GC(139) Post Compact 3.295ms
[10.589s][info][gc,heap        ] GC(139) PSYoungGen: 94432K(126976K)->32779K(126976K) Eden: 0K(18432K)->0K(18432K) From: 94432K(108544K)->32779K(108544K)
[10.589s][info][gc,heap        ] GC(139) ParOldGen: 1475339K(1503232K)->1503191K(1648128K)
[10.589s][info][gc,metaspace   ] GC(139) Metaspace: 6297K(6464K)->6297K(6464K) NonClass: 5764K(5824K)->5764K(5824K) Class: 533K(640K)->533K(640K)
[10.589s][info][gc             ] GC(139) Pause Full (Ergonomics) 1532M->1499M(1733M) 608.809ms
[10.589s][info][gc,cpu         ] GC(139) User=4.05s Sys=0.00s Real=0.61s
[10.609s][info][gc,start       ] GC(140) Pause Young (Allocation Failure)
[10.705s][info][gc,heap        ] GC(140) PSYoungGen: 51211K(126976K)->28704K(133632K) Eden: 18432K(18432K)->0K(18432K) From: 32779K(108544K)->28704K(115200K)
[10.705s][info][gc,heap        ] GC(140) ParOldGen: 1503191K(1648128K)->1526175K(1648128K)
[10.705s][info][gc,metaspace   ] GC(140) Metaspace: 6297K(6464K)->6297K(6464K) NonClass: 5764K(5824K)->5764K(5824K) Class: 533K(640K)->533K(640K)
[10.705s][info][gc             ] GC(140) Pause Young (Allocation Failure) 1517M->1518M(1740M) 95.986ms
[10.705s][info][gc,cpu         ] GC(140) User=0.53s Sys=0.00s Real=0.10s
[10.724s][info][gc,start       ] GC(141) Pause Young (Allocation Failure)
[10.755s][info][gc,heap        ] GC(141) PSYoungGen: 47136K(133632K)->43712K(134656K) Eden: 18432K(18432K)->0K(20992K) From: 28704K(115200K)->43712K(113664K)
[10.755s][info][gc,heap        ] GC(141) ParOldGen: 1526175K(1648128K)->1529615K(1648128K)
[10.755s][info][gc,metaspace   ] GC(141) Metaspace: 6297K(6464K)->6297K(6464K) NonClass: 5764K(5824K)->5764K(5824K) Class: 533K(640K)->533K(640K)
[10.755s][info][gc             ] GC(141) Pause Young (Allocation Failure) 1536M->1536M(1741M) 30.650ms
[10.755s][info][gc,cpu         ] GC(141) User=0.03s Sys=0.00s Real=0.03s
[10.776s][info][gc,start       ] GC(142) Pause Young (Allocation Failure)
[10.816s][info][gc,heap        ] GC(142) PSYoungGen: 64704K(134656K)->58016K(79360K) Eden: 20992K(20992K)->0K(20992K) From: 43712K(113664K)->58016K(58368K)
[10.816s][info][gc,heap        ] GC(142) ParOldGen: 1529615K(1648128K)->1536447K(1648128K)
[10.816s][info][gc,metaspace   ] GC(142) Metaspace: 6297K(6464K)->6297K(6464K) NonClass: 5764K(5824K)->5764K(5824K) Class: 533K(640K)->533K(640K)
[10.816s][info][gc             ] GC(142) Pause Young (Allocation Failure) 1556M->1557M(1687M) 39.961ms
[10.816s][info][gc,cpu         ] GC(142) User=0.05s Sys=0.00s Real=0.04s
[10.838s][info][gc,start       ] GC(143) Pause Young (Allocation Failure)
[10.878s][info][gc,heap        ] GC(143) PSYoungGen: 79008K(79360K)->60640K(125440K) Eden: 20992K(20992K)->0K(24064K) From: 58016K(58368K)->60640K(101376K)
[10.878s][info][gc,heap        ] GC(143) ParOldGen: 1536447K(1648128K)->1555119K(1648128K)
[10.878s][info][gc,metaspace   ] GC(143) Metaspace: 6297K(6464K)->6297K(6464K) NonClass: 5764K(5824K)->5764K(5824K) Class: 533K(640K)->533K(640K)
[10.878s][info][gc             ] GC(143) Pause Young (Allocation Failure) 1577M->1577M(1732M) 40.741ms
[10.878s][info][gc,cpu         ] GC(143) User=0.23s Sys=0.02s Real=0.04s
[10.904s][info][gc,start       ] GC(144) Pause Young (Allocation Failure)
[10.947s][info][gc,heap        ] GC(144) PSYoungGen: 84704K(125440K)->66272K(129536K) Eden: 24064K(24064K)->0K(24064K) From: 60640K(101376K)->66272K(105472K)
[10.947s][info][gc,heap        ] GC(144) ParOldGen: 1555119K(1648128K)->1573807K(1648128K)
[10.947s][info][gc,metaspace   ] GC(144) Metaspace: 6297K(6464K)->6297K(6464K) NonClass: 5764K(5824K)->5764K(5824K) Class: 533K(640K)->533K(640K)
[10.947s][info][gc             ] GC(144) Pause Young (Allocation Failure) 1601M->1601M(1736M) 43.489ms
[10.947s][info][gc,cpu         ] GC(144) User=0.27s Sys=0.00s Real=0.04s
[10.972s][info][gc,start       ] GC(145) Pause Young (Allocation Failure)
[11.019s][info][gc,heap        ] GC(145) PSYoungGen: 90336K(129536K)->48320K(126976K) Eden: 24064K(24064K)->0K(27648K) From: 66272K(105472K)->48320K(99328K)
[11.019s][info][gc,heap        ] GC(145) ParOldGen: 1573807K(1648128K)->1616335K(1648128K)
[11.019s][info][gc,metaspace   ] GC(145) Metaspace: 6297K(6464K)->6297K(6464K) NonClass: 5764K(5824K)->5764K(5824K) Class: 533K(640K)->533K(640K)
[11.019s][info][gc             ] GC(145) Pause Young (Allocation Failure) 1625M->1625M(1733M) 46.625ms
[11.019s][info][gc,cpu         ] GC(145) User=0.25s Sys=0.00s Real=0.05s
[11.019s][info][gc,start       ] GC(146) Pause Full (Ergonomics)
[11.019s][info][gc,phases,start] GC(146) Marking Phase
[11.396s][info][gc,phases      ] GC(146) Marking Phase 377.212ms
[11.396s][info][gc,phases,start] GC(146) Summary Phase
[11.396s][info][gc,phases      ] GC(146) Summary Phase 0.037ms
[11.397s][info][gc,phases,start] GC(146) Adjust Roots
[11.397s][info][gc,phases      ] GC(146) Adjust Roots 0.156ms
[11.397s][info][gc,phases,start] GC(146) Compaction Phase
[11.567s][info][gc,phases      ] GC(146) Compaction Phase 170.504ms
[11.567s][info][gc,phases,start] GC(146) Post Compact
[11.570s][info][gc,phases      ] GC(146) Post Compact 2.993ms
[11.571s][info][gc,heap        ] GC(146) PSYoungGen: 48320K(126976K)->14859K(128512K) Eden: 0K(27648K)->0K(29184K) From: 48320K(99328K)->14859K(99328K)
[11.571s][info][gc,heap        ] GC(146) ParOldGen: 1616335K(1648128K)->1647905K(1810944K)
[11.571s][info][gc,metaspace   ] GC(146) Metaspace: 6297K(6464K)->6297K(6464K) NonClass: 5764K(5824K)->5764K(5824K) Class: 533K(640K)->533K(640K)
[11.571s][info][gc             ] GC(146) Pause Full (Ergonomics) 1625M->1623M(1894M) 551.789ms
[11.571s][info][gc,cpu         ] GC(146) User=3.80s Sys=0.03s Real=0.55s
[11.604s][info][gc,start       ] GC(147) Pause Young (Allocation Failure)
[11.693s][info][gc,heap        ] GC(147) PSYoungGen: 44043K(128512K)->29376K(130048K) Eden: 29184K(29184K)->0K(29184K) From: 14859K(99328K)->29376K(100864K)
[11.694s][info][gc,heap        ] GC(147) ParOldGen: 1647905K(1810944K)->1662969K(1810944K)
[11.694s][info][gc,metaspace   ] GC(147) Metaspace: 6297K(6464K)->6297K(6464K) NonClass: 5764K(5824K)->5764K(5824K) Class: 533K(640K)->533K(640K)
[11.694s][info][gc             ] GC(147) Pause Young (Allocation Failure) 1652M->1652M(1895M) 89.111ms
[11.694s][info][gc,cpu         ] GC(147) User=0.55s Sys=0.08s Real=0.09s
[11.723s][info][gc,start       ] GC(148) Pause Young (Allocation Failure)
[11.758s][info][gc,heap        ] GC(148) PSYoungGen: 58560K(130048K)->29344K(134656K) Eden: 29184K(29184K)->0K(32256K) From: 29376K(100864K)->29344K(102400K)
[11.758s][info][gc,heap        ] GC(148) ParOldGen: 1662969K(1810944K)->1692553K(1810944K)
[11.758s][info][gc,metaspace   ] GC(148) Metaspace: 6297K(6464K)->6297K(6464K) NonClass: 5764K(5824K)->5764K(5824K) Class: 533K(640K)->533K(640K)
[11.758s][info][gc             ] GC(148) Pause Young (Allocation Failure) 1681M->1681M(1900M) 35.131ms
[11.758s][info][gc,cpu         ] GC(148) User=0.09s Sys=0.00s Real=0.04s
[11.794s][info][gc,start       ] GC(149) Pause Young (Allocation Failure)
[11.832s][info][gc,heap        ] GC(149) PSYoungGen: 61600K(134656K)->32416K(134656K) Eden: 32256K(32256K)->0K(32256K) From: 29344K(102400K)->32416K(102400K)
[11.832s][info][gc,heap        ] GC(149) ParOldGen: 1692553K(1810944K)->1722137K(1810944K)
[11.832s][info][gc,metaspace   ] GC(149) Metaspace: 6297K(6464K)->6297K(6464K) NonClass: 5764K(5824K)->5764K(5824K) Class: 533K(640K)->533K(640K)
[11.832s][info][gc             ] GC(149) Pause Young (Allocation Failure) 1713M->1713M(1900M) 38.063ms
[11.832s][info][gc,cpu         ] GC(149) User=0.12s Sys=0.03s Real=0.04s
[11.868s][info][gc,start       ] GC(150) Pause Young (Allocation Failure)
[11.907s][info][gc,heap        ] GC(150) PSYoungGen: 64672K(134656K)->32448K(134144K) Eden: 32256K(32256K)->0K(35840K) From: 32416K(102400K)->32448K(98304K)
[11.907s][info][gc,heap        ] GC(150) ParOldGen: 1722137K(1810944K)->1754849K(1810944K)
[11.907s][info][gc,metaspace   ] GC(150) Metaspace: 6297K(6464K)->6297K(6464K) NonClass: 5764K(5824K)->5764K(5824K) Class: 533K(640K)->533K(640K)
[11.907s][info][gc             ] GC(150) Pause Young (Allocation Failure) 1744M->1745M(1899M) 38.666ms
[11.907s][info][gc,cpu         ] GC(150) User=0.25s Sys=0.00s Real=0.04s
[11.945s][info][gc,start       ] GC(151) Pause Young (Allocation Failure)
[11.985s][info][gc,heap        ] GC(151) PSYoungGen: 68288K(134144K)->36032K(135680K) Eden: 35840K(35840K)->0K(35840K) From: 32448K(98304K)->36032K(99840K)
[11.985s][info][gc,heap        ] GC(151) ParOldGen: 1754849K(1810944K)->1787545K(1810944K)
[11.985s][info][gc,metaspace   ] GC(151) Metaspace: 6297K(6464K)->6297K(6464K) NonClass: 5764K(5824K)->5764K(5824K) Class: 533K(640K)->533K(640K)
[11.985s][info][gc             ] GC(151) Pause Young (Allocation Failure) 1780M->1780M(1901M) 40.830ms
[11.985s][info][gc,cpu         ] GC(151) User=0.20s Sys=0.02s Real=0.04s
[11.985s][info][gc,start       ] GC(152) Pause Full (Ergonomics)
[11.985s][info][gc,phases,start] GC(152) Marking Phase
[12.394s][info][gc,phases      ] GC(152) Marking Phase 408.784ms
[12.394s][info][gc,phases,start] GC(152) Summary Phase
[12.394s][info][gc,phases      ] GC(152) Summary Phase 0.040ms
[12.394s][info][gc,phases,start] GC(152) Adjust Roots
[12.395s][info][gc,phases      ] GC(152) Adjust Roots 0.156ms
[12.395s][info][gc,phases,start] GC(152) Compaction Phase
[12.583s][info][gc,phases      ] GC(152) Compaction Phase 188.443ms
[12.583s][info][gc,phases,start] GC(152) Post Compact
[12.586s][info][gc,phases      ] GC(152) Post Compact 3.199ms
[12.587s][info][gc,heap        ] GC(152) PSYoungGen: 36032K(135680K)->10795K(135680K) Eden: 0K(35840K)->0K(35840K) From: 36032K(99840K)->10795K(99840K)
[12.587s][info][gc,heap        ] GC(152) ParOldGen: 1787545K(1810944K)->1810534K(1992192K)
[12.587s][info][gc,metaspace   ] GC(152) Metaspace: 6297K(6464K)->6297K(6464K) NonClass: 5764K(5824K)->5764K(5824K) Class: 533K(640K)->533K(640K)
[12.587s][info][gc             ] GC(152) Pause Full (Ergonomics) 1780M->1778M(2078M) 601.674ms
[12.587s][info][gc,cpu         ] GC(152) User=4.30s Sys=0.03s Real=0.60s
[12.625s][info][gc,start       ] GC(153) Pause Young (Allocation Failure)
[12.724s][info][gc,heap        ] GC(153) PSYoungGen: 46635K(135680K)->36032K(131072K) Eden: 35840K(35840K)->0K(39424K) From: 10795K(99840K)->36032K(91648K)
[12.724s][info][gc,heap        ] GC(153) ParOldGen: 1810534K(1992192K)->1821486K(1992192K)
[12.724s][info][gc,metaspace   ] GC(153) Metaspace: 6297K(6464K)->6297K(6464K) NonClass: 5764K(5824K)->5764K(5824K) Class: 533K(640K)->533K(640K)
[12.724s][info][gc             ] GC(153) Pause Young (Allocation Failure) 1813M->1813M(2073M) 98.342ms
[12.724s][info][gc,cpu         ] GC(153) User=0.66s Sys=0.00s Real=0.10s
[12.768s][info][gc,start       ] GC(154) Pause Young (Allocation Failure)
[12.810s][info][gc,heap        ] GC(154) PSYoungGen: 75456K(131072K)->75456K(134144K) Eden: 39424K(39424K)->0K(39424K) From: 36032K(91648K)->75456K(94720K)
[12.810s][info][gc,heap        ] GC(154) ParOldGen: 1821486K(1992192K)->1821486K(1992192K)
[12.810s][info][gc,metaspace   ] GC(154) Metaspace: 6297K(6464K)->6297K(6464K) NonClass: 5764K(5824K)->5764K(5824K) Class: 533K(640K)->533K(640K)
[12.810s][info][gc             ] GC(154) Pause Young (Allocation Failure) 1852M->1852M(2076M) 41.807ms
[12.810s][info][gc,cpu         ] GC(154) User=0.25s Sys=0.00s Real=0.04s
[12.852s][info][gc,start       ] GC(155) Pause Young (Allocation Failure)
[12.909s][info][gc,heap        ] GC(155) PSYoungGen: 114880K(134144K)->100352K(124928K) Eden: 39424K(39424K)->0K(24576K) From: 75456K(94720K)->100352K(100352K)
[12.909s][info][gc,heap        ] GC(155) ParOldGen: 1821486K(1992192K)->1836166K(1992192K)
[12.909s][info][gc,metaspace   ] GC(155) Metaspace: 6297K(6464K)->6297K(6464K) NonClass: 5764K(5824K)->5764K(5824K) Class: 533K(640K)->533K(640K)
[12.909s][info][gc             ] GC(155) Pause Young (Allocation Failure) 1890M->1891M(2067M) 57.720ms
[12.909s][info][gc,cpu         ] GC(155) User=0.34s Sys=0.03s Real=0.06s
[12.937s][info][gc,start       ] GC(156) Pause Young (Allocation Failure)
[12.999s][info][gc,heap        ] GC(156) PSYoungGen: 124928K(124928K)->55776K(80384K) Eden: 24576K(24576K)->0K(24576K) From: 100352K(100352K)->55776K(55808K)
[13.000s][info][gc,heap        ] GC(156) ParOldGen: 1836166K(1992192K)->1906286K(1992192K)
[13.000s][info][gc,metaspace   ] GC(156) Metaspace: 6297K(6464K)->6297K(6464K) NonClass: 5764K(5824K)->5764K(5824K) Class: 533K(640K)->533K(640K)
[13.000s][info][gc             ] GC(156) Pause Young (Allocation Failure) 1915M->1916M(2024M) 62.441ms
[13.000s][info][gc,cpu         ] GC(156) User=0.34s Sys=0.05s Real=0.06s
[13.028s][info][gc,start       ] GC(157) Pause Young (Allocation Failure)
[13.072s][info][gc,heap        ] GC(157) PSYoungGen: 80352K(80384K)->49312K(132608K) Eden: 24576K(24576K)->0K(27648K) From: 55776K(55808K)->49312K(104960K)
[13.072s][info][gc,heap        ] GC(157) ParOldGen: 1906286K(1992192K)->1937766K(1992192K)
[13.072s][info][gc,metaspace   ] GC(157) Metaspace: 6297K(6464K)->6297K(6464K) NonClass: 5764K(5824K)->5764K(5824K) Class: 533K(640K)->533K(640K)
[13.072s][info][gc             ] GC(157) Pause Young (Allocation Failure) 1940M->1940M(2075M) 44.331ms
[13.072s][info][gc,cpu         ] GC(157) User=0.25s Sys=0.02s Real=0.05s
[13.072s][info][gc,start       ] GC(158) Pause Full (Ergonomics)
[13.072s][info][gc,phases,start] GC(158) Marking Phase
[13.526s][info][gc,phases      ] GC(158) Marking Phase 453.402ms
[13.526s][info][gc,phases,start] GC(158) Summary Phase
[13.526s][info][gc,phases      ] GC(158) Summary Phase 0.051ms
[13.526s][info][gc,phases,start] GC(158) Adjust Roots
[13.526s][info][gc,phases      ] GC(158) Adjust Roots 0.162ms
[13.526s][info][gc,phases,start] GC(158) Compaction Phase
[13.700s][info][gc,phases      ] GC(158) Compaction Phase 174.106ms
[13.700s][info][gc,phases,start] GC(158) Post Compact
[13.704s][info][gc,phases      ] GC(158) Post Compact 3.702ms
[13.705s][info][gc,heap        ] GC(158) PSYoungGen: 49312K(132608K)->0K(136704K) Eden: 0K(27648K)->0K(27648K) From: 49312K(104960K)->0K(109056K)
[13.705s][info][gc,heap        ] GC(158) ParOldGen: 1937766K(1992192K)->1985016K(2191872K)
[13.705s][info][gc,metaspace   ] GC(158) Metaspace: 6297K(6464K)->6297K(6464K) NonClass: 5764K(5824K)->5764K(5824K) Class: 533K(640K)->533K(640K)
[13.705s][info][gc             ] GC(158) Pause Full (Ergonomics) 1940M->1938M(2274M) 632.447ms
[13.705s][info][gc,cpu         ] GC(158) User=4.58s Sys=0.00s Real=0.63s
[13.739s][info][gc,start       ] GC(159) Pause Young (Allocation Failure)
[13.766s][info][gc,heap        ] GC(159) PSYoungGen: 27648K(136704K)->27808K(137728K) Eden: 27648K(27648K)->0K(30208K) From: 0K(109056K)->27808K(107520K)
[13.766s][info][gc,heap        ] GC(159) ParOldGen: 1985016K(2191872K)->1985016K(2191872K)
[13.766s][info][gc,metaspace   ] GC(159) Metaspace: 6297K(6464K)->6297K(6464K) NonClass: 5764K(5824K)->5764K(5824K) Class: 533K(640K)->533K(640K)
[13.766s][info][gc             ] GC(159) Pause Young (Allocation Failure) 1965M->1965M(2275M) 26.443ms
[13.766s][info][gc,cpu         ] GC(159) User=0.03s Sys=0.00s Real=0.03s
[13.801s][info][gc,start       ] GC(160) Pause Young (Allocation Failure)
[13.837s][info][gc,heap        ] GC(160) PSYoungGen: 58016K(137728K)->58048K(88576K) Eden: 30208K(30208K)->0K(30208K) From: 27808K(107520K)->58048K(58368K)
[13.837s][info][gc,heap        ] GC(160) ParOldGen: 1985016K(2191872K)->1985016K(2191872K)
[13.837s][info][gc,metaspace   ] GC(160) Metaspace: 6297K(6464K)->6297K(6464K) NonClass: 5764K(5824K)->5764K(5824K) Class: 533K(640K)->533K(640K)
[13.837s][info][gc             ] GC(160) Pause Young (Allocation Failure) 1995M->1995M(2227M) 35.954ms
[13.837s][info][gc,cpu         ] GC(160) User=0.16s Sys=0.00s Real=0.04s
[13.868s][info][gc,start       ] GC(161) Pause Young (Allocation Failure)
[13.914s][info][gc,heap        ] GC(161) PSYoungGen: 88256K(88576K)->88320K(129536K) Eden: 30208K(30208K)->0K(25088K) From: 58048K(58368K)->88320K(104448K)
[13.914s][info][gc,heap        ] GC(161) ParOldGen: 1985016K(2191872K)->1985016K(2191872K)
[13.914s][info][gc,metaspace   ] GC(161) Metaspace: 6297K(6464K)->6297K(6464K) NonClass: 5764K(5824K)->5764K(5824K) Class: 533K(640K)->533K(640K)
[13.914s][info][gc             ] GC(161) Pause Young (Allocation Failure) 2024M->2024M(2267M) 46.099ms
[13.914s][info][gc,cpu         ] GC(161) User=0.27s Sys=0.00s Real=0.05s
[13.939s][info][gc,start       ] GC(162) Pause Young (Allocation Failure)
[13.996s][info][gc,heap        ] GC(162) PSYoungGen: 113408K(129536K)->112640K(137728K) Eden: 25088K(25088K)->0K(25088K) From: 88320K(104448K)->112640K(112640K)
[13.996s][info][gc,heap        ] GC(162) ParOldGen: 1985016K(2191872K)->1985784K(2191872K)
[13.996s][info][gc,metaspace   ] GC(162) Metaspace: 6297K(6464K)->6297K(6464K) NonClass: 5764K(5824K)->5764K(5824K) Class: 533K(640K)->533K(640K)
[13.996s][info][gc             ] GC(162) Pause Young (Allocation Failure) 2049M->2049M(2275M) 56.592ms
[13.996s][info][gc,cpu         ] GC(162) User=0.39s Sys=0.00s Real=0.06s
[14.022s][info][gc,start       ] GC(163) Pause Young (Allocation Failure)
[14.093s][info][gc,heap        ] GC(163) PSYoungGen: 137728K(137728K)->110464K(145408K) Eden: 25088K(25088K)->0K(17408K) From: 112640K(112640K)->110464K(128000K)
[14.093s][info][gc,heap        ] GC(163) ParOldGen: 1985784K(2191872K)->2013400K(2191872K)
[14.093s][info][gc,metaspace   ] GC(163) Metaspace: 6297K(6464K)->6297K(6464K) NonClass: 5764K(5824K)->5764K(5824K) Class: 533K(640K)->533K(640K)
[14.093s][info][gc             ] GC(163) Pause Young (Allocation Failure) 2073M->2074M(2282M) 70.765ms
[14.093s][info][gc,cpu         ] GC(163) User=0.45s Sys=0.03s Real=0.07s
[14.112s][info][gc,start       ] GC(164) Pause Young (Allocation Failure)
[14.175s][info][gc,heap        ] GC(164) PSYoungGen: 127872K(145408K)->97920K(156160K) Eden: 17408K(17408K)->0K(17408K) From: 110464K(128000K)->97920K(138752K)
[14.175s][info][gc,heap        ] GC(164) ParOldGen: 2013400K(2191872K)->2043760K(2191872K)
[14.175s][info][gc,metaspace   ] GC(164) Metaspace: 6297K(6464K)->6297K(6464K) NonClass: 5764K(5824K)->5764K(5824K) Class: 533K(640K)->533K(640K)
[14.175s][info][gc             ] GC(164) Pause Young (Allocation Failure) 2091M->2091M(2293M) 63.002ms
[14.175s][info][gc,cpu         ] GC(164) User=0.39s Sys=0.00s Real=0.06s
[14.193s][info][gc,start       ] GC(165) Pause Young (Allocation Failure)
[14.250s][info][gc,heap        ] GC(165) PSYoungGen: 115328K(156160K)->60096K(152576K) Eden: 17408K(17408K)->0K(19968K) From: 97920K(138752K)->60096K(132608K)
[14.250s][info][gc,heap        ] GC(165) ParOldGen: 2043760K(2191872K)->2099712K(2191872K)
[14.250s][info][gc,metaspace   ] GC(165) Metaspace: 6297K(6464K)->6297K(6464K) NonClass: 5764K(5824K)->5764K(5824K) Class: 533K(640K)->533K(640K)
[14.250s][info][gc             ] GC(165) Pause Young (Allocation Failure) 2108M->2109M(2289M) 57.474ms
[14.250s][info][gc,cpu         ] GC(165) User=0.34s Sys=0.03s Real=0.06s
[14.273s][info][gc,start       ] GC(166) Pause Young (Allocation Failure)
[14.316s][info][gc,heap        ] GC(166) PSYoungGen: 80064K(152576K)->37536K(157696K) Eden: 19968K(19968K)->0K(19968K) From: 60096K(132608K)->37536K(137728K)
[14.316s][info][gc,heap        ] GC(166) ParOldGen: 2099712K(2191872K)->2142760K(2191872K)
[14.316s][info][gc,metaspace   ] GC(166) Metaspace: 6297K(6464K)->6297K(6464K) NonClass: 5764K(5824K)->5764K(5824K) Class: 533K(640K)->533K(640K)
[14.316s][info][gc             ] GC(166) Pause Young (Allocation Failure) 2128M->2129M(2294M) 43.230ms
[14.316s][info][gc,cpu         ] GC(166) User=0.22s Sys=0.02s Real=0.04s
[14.316s][info][gc,start       ] GC(167) Pause Full (Ergonomics)
[14.316s][info][gc,phases,start] GC(167) Marking Phase
[14.798s][info][gc,phases      ] GC(167) Marking Phase 481.278ms
[14.798s][info][gc,phases,start] GC(167) Summary Phase
[14.798s][info][gc,phases      ] GC(167) Summary Phase 0.050ms
[14.798s][info][gc,phases,start] GC(167) Adjust Roots
[14.798s][info][gc,phases      ] GC(167) Adjust Roots 0.163ms
[14.798s][info][gc,phases,start] GC(167) Compaction Phase
[14.991s][info][gc,phases      ] GC(167) Compaction Phase 193.382ms
[14.991s][info][gc,phases,start] GC(167) Post Compact
[14.995s][info][gc,phases      ] GC(167) Post Compact 3.990ms
[14.996s][info][gc,heap        ] GC(167) PSYoungGen: 37536K(157696K)->0K(159232K) Eden: 0K(19968K)->0K(23040K) From: 37536K(137728K)->0K(136192K)
[14.996s][info][gc,heap        ] GC(167) ParOldGen: 2142760K(2191872K)->2177789K(2409472K)
[14.996s][info][gc,metaspace   ] GC(167) Metaspace: 6297K(6464K)->6297K(6464K) NonClass: 5764K(5824K)->5764K(5824K) Class: 533K(640K)->533K(640K)
[14.996s][info][gc             ] GC(167) Pause Full (Ergonomics) 2129M->2126M(2508M) 679.927ms
[14.996s][info][gc,cpu         ] GC(167) User=4.92s Sys=0.05s Real=0.68s
[15.022s][info][gc,start       ] GC(168) Pause Young (Allocation Failure)
[15.046s][info][gc,heap        ] GC(168) PSYoungGen: 23040K(159232K)->23200K(159232K) Eden: 23040K(23040K)->0K(23040K) From: 0K(136192K)->23200K(136192K)
[15.046s][info][gc,heap        ] GC(168) ParOldGen: 2177789K(2409472K)->2177789K(2409472K)
[15.046s][info][gc,metaspace   ] GC(168) Metaspace: 6297K(6464K)->6297K(6464K) NonClass: 5764K(5824K)->5764K(5824K) Class: 533K(640K)->533K(640K)
[15.046s][info][gc             ] GC(168) Pause Young (Allocation Failure) 2149M->2149M(2508M) 23.341ms
[15.046s][info][gc,cpu         ] GC(168) User=0.02s Sys=0.00s Real=0.02s
[15.074s][info][gc,start       ] GC(169) Pause Young (Allocation Failure)
[15.107s][info][gc,heap        ] GC(169) PSYoungGen: 46240K(159232K)->23168K(160256K) Eden: 23040K(23040K)->0K(25600K) From: 23200K(136192K)->23168K(134656K)
[15.107s][info][gc,heap        ] GC(169) ParOldGen: 2177789K(2409472K)->2201149K(2409472K)
[15.107s][info][gc,metaspace   ] GC(169) Metaspace: 6297K(6464K)->6297K(6464K) NonClass: 5764K(5824K)->5764K(5824K) Class: 533K(640K)->533K(640K)
[15.107s][info][gc             ] GC(169) Pause Young (Allocation Failure) 2171M->2172M(2509M) 32.462ms
[15.107s][info][gc,cpu         ] GC(169) User=0.12s Sys=0.00s Real=0.03s
[15.140s][info][gc,start       ] GC(170) Pause Young (Allocation Failure)
[15.174s][info][gc,heap        ] GC(170) PSYoungGen: 48768K(160256K)->25728K(161280K) Eden: 25600K(25600K)->0K(25600K) From: 23168K(134656K)->25728K(135680K)
[15.174s][info][gc,heap        ] GC(170) ParOldGen: 2201149K(2409472K)->2224533K(2409472K)
[15.174s][info][gc,metaspace   ] GC(170) Metaspace: 6297K(6464K)->6297K(6464K) NonClass: 5764K(5824K)->5764K(5824K) Class: 533K(640K)->533K(640K)
[15.174s][info][gc             ] GC(170) Pause Young (Allocation Failure) 2197M->2197M(2510M) 34.194ms
[15.174s][info][gc,cpu         ] GC(170) User=0.14s Sys=0.00s Real=0.04s
[15.202s][info][gc,start       ] GC(171) Pause Young (Allocation Failure)
[15.236s][info][gc,heap        ] GC(171) PSYoungGen: 51328K(161280K)->25760K(156160K) Eden: 25600K(25600K)->0K(28672K) From: 25728K(135680K)->25760K(127488K)
[15.236s][info][gc,heap        ] GC(171) ParOldGen: 2224533K(2409472K)->2250509K(2409472K)
[15.236s][info][gc,metaspace   ] GC(171) Metaspace: 6297K(6464K)->6297K(6464K) NonClass: 5764K(5824K)->5764K(5824K) Class: 533K(640K)->533K(640K)
[15.236s][info][gc             ] GC(171) Pause Young (Allocation Failure) 2222M->2222M(2505M) 33.956ms
[15.236s][info][gc,cpu         ] GC(171) User=0.16s Sys=0.00s Real=0.03s
[15.270s][info][gc,start       ] GC(172) Pause Young (Allocation Failure)
[15.303s][info][gc,heap        ] GC(172) PSYoungGen: 54432K(156160K)->28864K(159232K) Eden: 28672K(28672K)->0K(28672K) From: 25760K(127488K)->28864K(130560K)
[15.303s][info][gc,heap        ] GC(172) ParOldGen: 2250509K(2409472K)->2276349K(2409472K)
[15.303s][info][gc,metaspace   ] GC(172) Metaspace: 6297K(6464K)->6297K(6464K) NonClass: 5764K(5824K)->5764K(5824K) Class: 533K(640K)->533K(640K)
[15.303s][info][gc             ] GC(172) Pause Young (Allocation Failure) 2250M->2251M(2508M) 33.513ms
[15.303s][info][gc,cpu         ] GC(172) User=0.16s Sys=0.00s Real=0.03s
[15.337s][info][gc,start       ] GC(173) Pause Young (Allocation Failure)
[15.373s][info][gc,heap        ] GC(173) PSYoungGen: 57536K(159232K)->28800K(150016K) Eden: 28672K(28672K)->0K(32256K) From: 28864K(130560K)->28800K(117760K)
[15.373s][info][gc,heap        ] GC(173) ParOldGen: 2276349K(2409472K)->2305277K(2409472K)
[15.373s][info][gc,metaspace   ] GC(173) Metaspace: 6297K(6464K)->6297K(6464K) NonClass: 5764K(5824K)->5764K(5824K) Class: 533K(640K)->533K(640K)
[15.373s][info][gc             ] GC(173) Pause Young (Allocation Failure) 2279M->2279M(2499M) 36.875ms
[15.373s][info][gc,cpu         ] GC(173) User=0.14s Sys=0.00s Real=0.04s
[15.409s][info][gc,start       ] GC(174) Pause Young (Allocation Failure)
[15.445s][info][gc,heap        ] GC(174) PSYoungGen: 61056K(150016K)->32416K(65024K) Eden: 32256K(32256K)->0K(32256K) From: 28800K(117760K)->32416K(32768K)
[15.445s][info][gc,heap        ] GC(174) ParOldGen: 2305277K(2409472K)->2334205K(2409472K)
[15.445s][info][gc,metaspace   ] GC(174) Metaspace: 6297K(6464K)->6297K(6464K) NonClass: 5764K(5824K)->5764K(5824K) Class: 533K(640K)->533K(640K)
[15.445s][info][gc             ] GC(174) Pause Young (Allocation Failure) 2310M->2311M(2416M) 36.055ms
[15.445s][info][gc,cpu         ] GC(174) User=0.20s Sys=0.03s Real=0.04s
[15.481s][info][gc,start       ] GC(175) Pause Young (Allocation Failure)
[15.519s][info][gc,heap        ] GC(175) PSYoungGen: 64672K(65024K)->32416K(143360K) Eden: 32256K(32256K)->0K(35840K) From: 32416K(32768K)->32416K(107520K)
[15.519s][info][gc,heap        ] GC(175) ParOldGen: 2334205K(2409472K)->2366741K(2409472K)
[15.519s][info][gc,metaspace   ] GC(175) Metaspace: 6297K(6464K)->6297K(6464K) NonClass: 5764K(5824K)->5764K(5824K) Class: 533K(640K)->533K(640K)
[15.519s][info][gc             ] GC(175) Pause Young (Allocation Failure) 2342M->2342M(2493M) 38.302ms
[15.519s][info][gc,cpu         ] GC(175) User=0.25s Sys=0.00s Real=0.04s
[15.519s][info][gc,start       ] GC(176) Pause Full (Ergonomics)
[15.519s][info][gc,phases,start] GC(176) Marking Phase
[16.068s][info][gc,phases      ] GC(176) Marking Phase 548.398ms
[16.068s][info][gc,phases,start] GC(176) Summary Phase
[16.068s][info][gc,phases      ] GC(176) Summary Phase 0.047ms
[16.068s][info][gc,phases,start] GC(176) Adjust Roots
[16.068s][info][gc,phases      ] GC(176) Adjust Roots 0.156ms
[16.068s][info][gc,phases,start] GC(176) Compaction Phase
[16.268s][info][gc,phases      ] GC(176) Compaction Phase 199.624ms
[16.268s][info][gc,phases,start] GC(176) Post Compact
[16.272s][info][gc,phases      ] GC(176) Post Compact 4.564ms
[16.273s][info][gc,heap        ] GC(176) PSYoungGen: 32416K(143360K)->0K(148480K) Eden: 0K(35840K)->0K(35840K) From: 32416K(107520K)->0K(112640K)
[16.273s][info][gc,heap        ] GC(176) ParOldGen: 2366741K(2409472K)->2396667K(2631168K)
[16.273s][info][gc,metaspace   ] GC(176) Metaspace: 6297K(6464K)->6297K(6464K) NonClass: 5764K(5824K)->5764K(5824K) Class: 533K(640K)->533K(640K)
[16.274s][info][gc             ] GC(176) Pause Full (Ergonomics) 2342M->2340M(2714M) 754.135ms
[16.274s][info][gc,cpu         ] GC(176) User=5.72s Sys=0.00s Real=0.75s
[16.319s][info][gc,start       ] GC(177) Pause Young (Allocation Failure)
[16.350s][info][gc,heap        ] GC(177) PSYoungGen: 35840K(148480K)->36032K(140288K) Eden: 35840K(35840K)->0K(38912K) From: 0K(112640K)->36032K(101376K)
[16.350s][info][gc,heap        ] GC(177) ParOldGen: 2396667K(2631168K)->2396667K(2631168K)
[16.350s][info][gc,metaspace   ] GC(177) Metaspace: 6297K(6464K)->6297K(6464K) NonClass: 5764K(5824K)->5764K(5824K) Class: 533K(640K)->533K(640K)
[16.350s][info][gc             ] GC(177) Pause Young (Allocation Failure) 2375M->2375M(2706M) 31.013ms
[16.350s][info][gc,cpu         ] GC(177) User=0.12s Sys=0.00s Real=0.03s
[16.397s][info][gc,start       ] GC(178) Pause Young (Allocation Failure)
[16.439s][info][gc,heap        ] GC(178) PSYoungGen: 74944K(140288K)->74976K(146432K) Eden: 38912K(38912K)->0K(38912K) From: 36032K(101376K)->74976K(107520K)
[16.439s][info][gc,heap        ] GC(178) ParOldGen: 2396667K(2631168K)->2396667K(2631168K)
[16.439s][info][gc,metaspace   ] GC(178) Metaspace: 6297K(6464K)->6297K(6464K) NonClass: 5764K(5824K)->5764K(5824K) Class: 533K(640K)->533K(640K)
[16.439s][info][gc             ] GC(178) Pause Young (Allocation Failure) 2413M->2413M(2712M) 42.565ms
[16.439s][info][gc,cpu         ] GC(178) User=0.27s Sys=0.00s Real=0.04s
[16.488s][info][gc,start       ] GC(179) Pause Young (Allocation Failure)
[16.548s][info][gc,heap        ] GC(179) PSYoungGen: 113888K(146432K)->112640K(136704K) Eden: 38912K(38912K)->0K(24064K) From: 74976K(107520K)->112640K(112640K)
[16.548s][info][gc,heap        ] GC(179) ParOldGen: 2396667K(2631168K)->2397939K(2631168K)
[16.548s][info][gc,metaspace   ] GC(179) Metaspace: 6297K(6464K)->6297K(6464K) NonClass: 5764K(5824K)->5764K(5824K) Class: 533K(640K)->533K(640K)
[16.548s][info][gc             ] GC(179) Pause Young (Allocation Failure) 2451M->2451M(2703M) 60.397ms
[16.548s][info][gc,cpu         ] GC(179) User=0.38s Sys=0.02s Real=0.06s
[16.576s][info][gc,start       ] GC(180) Pause Young (Allocation Failure)
[16.649s][info][gc,heap        ] GC(180) PSYoungGen: 136704K(136704K)->62912K(87040K) Eden: 24064K(24064K)->0K(24064K) From: 112640K(112640K)->62912K(62976K)
[16.650s][info][gc,heap        ] GC(180) ParOldGen: 2397939K(2631168K)->2472331K(2631168K)
[16.650s][info][gc,metaspace   ] GC(180) Metaspace: 6297K(6464K)->6297K(6464K) NonClass: 5764K(5824K)->5764K(5824K) Class: 533K(640K)->533K(640K)
[16.650s][info][gc             ] GC(180) Pause Young (Allocation Failure) 2475M->2475M(2654M) 73.882ms
[16.650s][info][gc,cpu         ] GC(180) User=0.45s Sys=0.05s Real=0.07s
[16.677s][info][gc,start       ] GC(181) Pause Young (Allocation Failure)
[16.725s][info][gc,heap        ] GC(181) PSYoungGen: 86976K(87040K)->48320K(141312K) Eden: 24064K(24064K)->0K(27136K) From: 62912K(62976K)->48320K(114176K)
[16.725s][info][gc,heap        ] GC(181) ParOldGen: 2472331K(2631168K)->2511339K(2631168K)
[16.725s][info][gc,metaspace   ] GC(181) Metaspace: 6297K(6464K)->6297K(6464K) NonClass: 5764K(5824K)->5764K(5824K) Class: 533K(640K)->533K(640K)
[16.725s][info][gc             ] GC(181) Pause Young (Allocation Failure) 2499M->2499M(2707M) 47.514ms
[16.725s][info][gc,cpu         ] GC(181) User=0.31s Sys=0.05s Real=0.05s
[16.756s][info][gc,start       ] GC(182) Pause Young (Allocation Failure)
[16.799s][info][gc,heap        ] GC(182) PSYoungGen: 75456K(141312K)->51328K(78848K) Eden: 27136K(27136K)->0K(27136K) From: 48320K(114176K)->51328K(51712K)
[16.800s][info][gc,heap        ] GC(182) ParOldGen: 2511339K(2631168K)->2535619K(2631168K)
[16.800s][info][gc,metaspace   ] GC(182) Metaspace: 6297K(6464K)->6297K(6464K) NonClass: 5764K(5824K)->5764K(5824K) Class: 533K(640K)->533K(640K)
[16.800s][info][gc             ] GC(182) Pause Young (Allocation Failure) 2526M->2526M(2646M) 43.219ms
[16.800s][info][gc,cpu         ] GC(182) User=0.25s Sys=0.00s Real=0.04s
[16.833s][info][gc,start       ] GC(183) Pause Young (Allocation Failure)
[16.878s][info][gc,heap        ] GC(183) PSYoungGen: 78464K(78848K)->54464K(133632K) Eden: 27136K(27136K)->0K(30720K) From: 51328K(51712K)->54464K(102912K)
[16.878s][info][gc,heap        ] GC(183) ParOldGen: 2535619K(2631168K)->2559883K(2631168K)
[16.878s][info][gc,metaspace   ] GC(183) Metaspace: 6297K(6464K)->6297K(6464K) NonClass: 5764K(5824K)->5764K(5824K) Class: 533K(640K)->533K(640K)
[16.878s][info][gc             ] GC(183) Pause Young (Allocation Failure) 2552M->2553M(2700M) 44.794ms
[16.878s][info][gc,cpu         ] GC(183) User=0.23s Sys=0.03s Real=0.05s
[16.917s][info][gc,start       ] GC(184) Pause Young (Allocation Failure)
[16.964s][info][gc,heap        ] GC(184) PSYoungGen: 85184K(133632K)->58080K(139264K) Eden: 30720K(30720K)->0K(30720K) From: 54464K(102912K)->58080K(108544K)
[16.964s][info][gc,heap        ] GC(184) ParOldGen: 2559883K(2631168K)->2587275K(2631168K)
[16.965s][info][gc,metaspace   ] GC(184) Metaspace: 6297K(6464K)->6297K(6464K) NonClass: 5764K(5824K)->5764K(5824K) Class: 533K(640K)->533K(640K)
[16.965s][info][gc             ] GC(184) Pause Young (Allocation Failure) 2583M->2583M(2705M) 47.781ms
[16.965s][info][gc,cpu         ] GC(184) User=0.27s Sys=0.00s Real=0.05s
[16.965s][info][gc,start       ] GC(185) Pause Full (Ergonomics)
[16.965s][info][gc,phases,start] GC(185) Marking Phase
[17.569s][info][gc,phases      ] GC(185) Marking Phase 604.555ms
[17.569s][info][gc,phases,start] GC(185) Summary Phase
[17.569s][info][gc,phases      ] GC(185) Summary Phase 0.056ms
[17.569s][info][gc,phases,start] GC(185) Adjust Roots
[17.569s][info][gc,phases      ] GC(185) Adjust Roots 0.163ms
[17.569s][info][gc,phases,start] GC(185) Compaction Phase
[17.789s][info][gc,phases      ] GC(185) Compaction Phase 219.832ms
[17.789s][info][gc,phases,start] GC(185) Post Compact
[17.794s][info][gc,phases      ] GC(185) Post Compact 5.029ms
[17.795s][info][gc,heap        ] GC(185) PSYoungGen: 58080K(139264K)->12314K(139264K) Eden: 0K(30720K)->0K(30720K) From: 58080K(108544K)->12314K(108544K)
[17.795s][info][gc,heap        ] GC(185) ParOldGen: 2587275K(2631168K)->2630882K(2890240K)
[17.795s][info][gc,metaspace   ] GC(185) Metaspace: 6297K(6464K)->6297K(6464K) NonClass: 5764K(5824K)->5764K(5824K) Class: 533K(640K)->533K(640K)
[17.795s][info][gc             ] GC(185) Pause Full (Ergonomics) 2583M->2581M(2958M) 830.856ms
[17.795s][info][gc,cpu         ] GC(185) User=6.17s Sys=0.02s Real=0.83s
[17.836s][info][gc,start       ] GC(186) Pause Young (Allocation Failure)
[17.974s][info][gc,heap        ] GC(186) PSYoungGen: 43034K(139264K)->37344K(133120K) Eden: 30720K(30720K)->0K(33792K) From: 12314K(108544K)->37344K(99328K)
[17.974s][info][gc,heap        ] GC(186) ParOldGen: 2630882K(2890240K)->2636850K(2890240K)
[17.974s][info][gc,metaspace   ] GC(186) Metaspace: 6297K(6464K)->6297K(6464K) NonClass: 5764K(5824K)->5764K(5824K) Class: 533K(640K)->533K(640K)
[17.974s][info][gc             ] GC(186) Pause Young (Allocation Failure) 2611M->2611M(2952M) 138.093ms
[17.974s][info][gc,cpu         ] GC(186) User=0.88s Sys=0.00s Real=0.14s
[18.016s][info][gc,start       ] GC(187) Pause Young (Allocation Failure)
[18.060s][info][gc,heap        ] GC(187) PSYoungGen: 71136K(133120K)->71168K(136192K) Eden: 33792K(33792K)->0K(33792K) From: 37344K(99328K)->71168K(102400K)
[18.060s][info][gc,heap        ] GC(187) ParOldGen: 2636850K(2890240K)->2636850K(2890240K)
[18.060s][info][gc,metaspace   ] GC(187) Metaspace: 6297K(6464K)->6297K(6464K) NonClass: 5764K(5824K)->5764K(5824K) Class: 533K(640K)->533K(640K)
[18.060s][info][gc             ] GC(187) Pause Young (Allocation Failure) 2644M->2644M(2955M) 44.056ms
[18.060s][info][gc,cpu         ] GC(187) User=0.27s Sys=0.00s Real=0.04s
[18.097s][info][gc,start       ] GC(188) Pause Young (Allocation Failure)
[18.155s][info][gc,heap        ] GC(188) PSYoungGen: 104960K(136192K)->104448K(128000K) Eden: 33792K(33792K)->0K(23552K) From: 71168K(102400K)->104448K(104448K)
[18.155s][info][gc,heap        ] GC(188) ParOldGen: 2636850K(2890240K)->2637322K(2890240K)
[18.155s][info][gc,metaspace   ] GC(188) Metaspace: 6297K(6464K)->6297K(6464K) NonClass: 5764K(5824K)->5764K(5824K) Class: 533K(640K)->533K(640K)
[18.156s][info][gc             ] GC(188) Pause Young (Allocation Failure) 2677M->2677M(2947M) 58.414ms
[18.156s][info][gc,cpu         ] GC(188) User=0.38s Sys=0.00s Real=0.06s
[18.181s][info][gc,start       ] GC(189) Pause Young (Allocation Failure)
[18.252s][info][gc,heap        ] GC(189) PSYoungGen: 128000K(128000K)->91104K(141824K) Eden: 23552K(23552K)->0K(23552K) From: 104448K(104448K)->91104K(118272K)
[18.252s][info][gc,heap        ] GC(189) ParOldGen: 2637322K(2890240K)->2674658K(2890240K)
[18.252s][info][gc,metaspace   ] GC(189) Metaspace: 6297K(6464K)->6297K(6464K) NonClass: 5764K(5824K)->5764K(5824K) Class: 533K(640K)->533K(640K)
[18.252s][info][gc             ] GC(189) Pause Young (Allocation Failure) 2700M->2700M(2961M) 71.052ms
[18.252s][info][gc,cpu         ] GC(189) User=0.36s Sys=0.02s Real=0.07s
[18.280s][info][gc,start       ] GC(190) Pause Young (Allocation Failure)
[18.341s][info][gc,heap        ] GC(190) PSYoungGen: 114656K(141824K)->81088K(149504K) Eden: 23552K(23552K)->0K(25600K) From: 91104K(118272K)->81088K(123904K)
[18.341s][info][gc,heap        ] GC(190) ParOldGen: 2674658K(2890240K)->2708498K(2890240K)
[18.341s][info][gc,metaspace   ] GC(190) Metaspace: 6297K(6464K)->6297K(6464K) NonClass: 5764K(5824K)->5764K(5824K) Class: 533K(640K)->533K(640K)
[18.341s][info][gc             ] GC(190) Pause Young (Allocation Failure) 2723M->2724M(2968M) 61.265ms
[18.341s][info][gc,cpu         ] GC(190) User=0.30s Sys=0.06s Real=0.06s
[18.370s][info][gc,start       ] GC(191) Pause Young (Allocation Failure)
[18.428s][info][gc,heap        ] GC(191) PSYoungGen: 106688K(149504K)->72896K(150528K) Eden: 25600K(25600K)->0K(25600K) From: 81088K(123904K)->72896K(124928K)
[18.428s][info][gc,heap        ] GC(191) ParOldGen: 2708498K(2890240K)->2742570K(2890240K)
[18.428s][info][gc,metaspace   ] GC(191) Metaspace: 6297K(6464K)->6297K(6464K) NonClass: 5764K(5824K)->5764K(5824K) Class: 533K(640K)->533K(640K)
[18.428s][info][gc             ] GC(191) Pause Young (Allocation Failure) 2749M->2749M(2969M) 57.834ms
[18.428s][info][gc,cpu         ] GC(191) User=0.34s Sys=0.02s Real=0.06s
[18.998s][info][gc,start       ] GC(192) Pause Full (Ergonomics)
[18.998s][info][gc,phases,start] GC(192) Marking Phase
[19.646s][info][gc,phases      ] GC(192) Marking Phase 647.719ms
[19.646s][info][gc,phases,start] GC(192) Summary Phase
[19.646s][info][gc,phases      ] GC(192) Summary Phase 0.046ms
[19.646s][info][gc,phases,start] GC(192) Adjust Roots
[19.646s][info][gc,phases      ] GC(192) Adjust Roots 0.178ms
[19.646s][info][gc,phases,start] GC(192) Compaction Phase
[20.097s][info][gc,phases      ] GC(192) Compaction Phase 450.657ms
[20.097s][info][gc,phases,start] GC(192) Post Compact
[20.103s][info][gc,phases      ] GC(192) Post Compact 6.208ms
[20.104s][info][gc,heap        ] GC(192) PSYoungGen: 98496K(150528K)->15377K(150528K) Eden: 25600K(25600K)->0K(25600K) From: 72896K(124928K)->15377K(124928K)
[20.104s][info][gc,heap        ] GC(192) ParOldGen: 2873642K(2890240K)->2889740K(3174400K)
[20.104s][info][gc,metaspace   ] GC(192) Metaspace: 6297K(6464K)->6297K(6464K) NonClass: 5764K(5824K)->5764K(5824K) Class: 533K(640K)->533K(640K)
[20.104s][info][gc             ] GC(192) Pause Full (Ergonomics) 2902M->2837M(3247M) 1106.437ms
[20.104s][info][gc,cpu         ] GC(192) User=7.73s Sys=0.06s Real=1.11s
[20.135s][info][gc,start       ] GC(193) Pause Young (Allocation Failure)
[20.285s][info][gc,heap        ] GC(193) PSYoungGen: 40977K(150528K)->36384K(147968K) Eden: 25600K(25600K)->0K(28160K) From: 15377K(124928K)->36384K(119808K)
[20.285s][info][gc,heap        ] GC(193) ParOldGen: 2889740K(3174400K)->2894604K(3174400K)
[20.285s][info][gc,metaspace   ] GC(193) Metaspace: 6297K(6464K)->6297K(6464K) NonClass: 5764K(5824K)->5764K(5824K) Class: 533K(640K)->533K(640K)
[20.285s][info][gc             ] GC(193) Pause Young (Allocation Failure) 2862M->2862M(3244M) 150.200ms
[20.285s][info][gc,cpu         ] GC(193) User=0.94s Sys=0.00s Real=0.15s
[20.315s][info][gc,start       ] GC(194) Pause Young (Allocation Failure)
[20.368s][info][gc,heap        ] GC(194) PSYoungGen: 64544K(147968K)->64544K(93184K) Eden: 28160K(28160K)->0K(28160K) From: 36384K(119808K)->64544K(65024K)
[20.369s][info][gc,heap        ] GC(194) ParOldGen: 2894604K(3174400K)->2894604K(3174400K)
[20.369s][info][gc,metaspace   ] GC(194) Metaspace: 6297K(6464K)->6297K(6464K) NonClass: 5764K(5824K)->5764K(5824K) Class: 533K(640K)->533K(640K)
[20.369s][info][gc             ] GC(194) Pause Young (Allocation Failure) 2889M->2889M(3191M) 54.067ms
[20.369s][info][gc,cpu         ] GC(194) User=0.17s Sys=0.00s Real=0.05s
[20.400s][info][gc,start       ] GC(195) Pause Young (Allocation Failure)
[20.461s][info][gc,heap        ] GC(195) PSYoungGen: 92704K(93184K)->89120K(142848K) Eden: 28160K(28160K)->0K(26624K) From: 64544K(65024K)->89120K(116224K)
[20.461s][info][gc,heap        ] GC(195) ParOldGen: 2894604K(3174400K)->2898308K(3174400K)
[20.461s][info][gc,metaspace   ] GC(195) Metaspace: 6297K(6464K)->6297K(6464K) NonClass: 5764K(5824K)->5764K(5824K) Class: 533K(640K)->533K(640K)
[20.461s][info][gc             ] GC(195) Pause Young (Allocation Failure) 2917M->2917M(3239M) 61.224ms
[20.461s][info][gc,cpu         ] GC(195) User=0.17s Sys=0.00s Real=0.06s
[20.491s][info][gc,start       ] GC(196) Pause Young (Allocation Failure)
[20.562s][info][gc,heap        ] GC(196) PSYoungGen: 115744K(142848K)->108768K(147456K) Eden: 26624K(26624K)->0K(26624K) From: 89120K(116224K)->108768K(120832K)
[20.562s][info][gc,heap        ] GC(196) ParOldGen: 2898308K(3174400K)->2905364K(3174400K)
[20.562s][info][gc,metaspace   ] GC(196) Metaspace: 6297K(6464K)->6297K(6464K) NonClass: 5764K(5824K)->5764K(5824K) Class: 533K(640K)->533K(640K)
[20.562s][info][gc             ] GC(196) Pause Young (Allocation Failure) 2943M->2943M(3244M) 70.489ms
[20.562s][info][gc,cpu         ] GC(196) User=0.19s Sys=0.00s Real=0.07s
[20.587s][info][gc,start       ] GC(197) Pause Young (Allocation Failure)
[20.660s][info][gc,heap        ] GC(197) PSYoungGen: 135392K(147456K)->81600K(158208K) Eden: 26624K(26624K)->0K(30208K) From: 108768K(120832K)->81600K(128000K)
[20.660s][info][gc,heap        ] GC(197) ParOldGen: 2905364K(3174400K)->2959580K(3174400K)
[20.660s][info][gc,metaspace   ] GC(197) Metaspace: 6297K(6464K)->6297K(6464K) NonClass: 5764K(5824K)->5764K(5824K) Class: 533K(640K)->533K(640K)
[20.660s][info][gc             ] GC(197) Pause Young (Allocation Failure) 2969M->2969M(3254M) 73.148ms
[20.660s][info][gc,cpu         ] GC(197) User=0.28s Sys=0.00s Real=0.07s
[20.690s][info][gc,start       ] GC(198) Pause Young (Allocation Failure)
[20.758s][info][gc,heap        ] GC(198) PSYoungGen: 111808K(158208K)->56992K(159744K) Eden: 30208K(30208K)->0K(30208K) From: 81600K(128000K)->56992K(129536K)
[20.758s][info][gc,heap        ] GC(198) ParOldGen: 2959580K(3174400K)->3014828K(3174400K)
[20.758s][info][gc,metaspace   ] GC(198) Metaspace: 6297K(6464K)->6297K(6464K) NonClass: 5764K(5824K)->5764K(5824K) Class: 533K(640K)->533K(640K)
[20.758s][info][gc             ] GC(198) Pause Young (Allocation Failure) 2999M->2999M(3256M) 67.353ms
[20.758s][info][gc,cpu         ] GC(198) User=0.19s Sys=0.03s Real=0.07s
[20.786s][info][gc,start       ] GC(199) Pause Young (Allocation Failure)
[20.844s][info][gc,heap        ] GC(199) PSYoungGen: 87200K(159744K)->30368K(159232K) Eden: 30208K(30208K)->0K(33280K) From: 56992K(129536K)->30368K(125952K)
[20.844s][info][gc,heap        ] GC(199) ParOldGen: 3014828K(3174400K)->3072156K(3174400K)
[20.844s][info][gc,metaspace   ] GC(199) Metaspace: 6297K(6464K)->6297K(6464K) NonClass: 5764K(5824K)->5764K(5824K) Class: 533K(640K)->533K(640K)
[20.844s][info][gc             ] GC(199) Pause Young (Allocation Failure) 3029M->3029M(3255M) 58.181ms
[20.844s][info][gc,cpu         ] GC(199) User=0.17s Sys=0.00s Real=0.06s
[20.878s][info][gc,start       ] GC(200) Pause Young (Allocation Failure)
[20.928s][info][gc,heap        ] GC(200) PSYoungGen: 63648K(159232K)->33472K(160256K) Eden: 33280K(33280K)->0K(33280K) From: 30368K(125952K)->33472K(126976K)
[20.928s][info][gc,heap        ] GC(200) ParOldGen: 3072156K(3174400K)->3102644K(3174400K)
[20.928s][info][gc,metaspace   ] GC(200) Metaspace: 6297K(6464K)->6297K(6464K) NonClass: 5764K(5824K)->5764K(5824K) Class: 533K(640K)->533K(640K)
[20.928s][info][gc             ] GC(200) Pause Young (Allocation Failure) 3062M->3062M(3256M) 50.000ms
[20.928s][info][gc,cpu         ] GC(200) User=0.08s Sys=0.02s Real=0.05s
[20.928s][info][gc,start       ] GC(201) Pause Full (Ergonomics)
[20.928s][info][gc,phases,start] GC(201) Marking Phase
[21.649s][info][gc,phases      ] GC(201) Marking Phase 721.535ms
[21.649s][info][gc,phases,start] GC(201) Summary Phase
[21.649s][info][gc,phases      ] GC(201) Summary Phase 0.061ms
[21.649s][info][gc,phases,start] GC(201) Adjust Roots
[21.650s][info][gc,phases      ] GC(201) Adjust Roots 0.188ms
[21.650s][info][gc,phases,start] GC(201) Compaction Phase
[21.965s][info][gc,phases      ] GC(201) Compaction Phase 314.880ms
[21.965s][info][gc,phases,start] GC(201) Post Compact
[21.970s][info][gc,phases      ] GC(201) Post Compact 5.777ms
[21.971s][info][gc,heap        ] GC(201) PSYoungGen: 33472K(160256K)->0K(164352K) Eden: 0K(33280K)->0K(37888K) From: 33472K(126976K)->0K(126464K)
[21.971s][info][gc,heap        ] GC(201) ParOldGen: 3102644K(3174400K)->3133731K(3459072K)
[21.971s][info][gc,metaspace   ] GC(201) Metaspace: 6297K(6464K)->6297K(6464K) NonClass: 5764K(5824K)->5764K(5824K) Class: 533K(640K)->533K(640K)
[21.971s][info][gc             ] GC(201) Pause Full (Ergonomics) 3062M->3060M(3538M) 1043.679ms
[21.971s][info][gc,cpu         ] GC(201) User=7.50s Sys=0.02s Real=1.04s
[22.011s][info][gc,start       ] GC(202) Pause Young (Allocation Failure)
[22.055s][info][gc,heap        ] GC(202) PSYoungGen: 37888K(164352K)->38080K(164352K) Eden: 37888K(37888K)->0K(37888K) From: 0K(126464K)->38080K(126464K)
[22.055s][info][gc,heap        ] GC(202) ParOldGen: 3133731K(3459072K)->3133731K(3459072K)
[22.055s][info][gc,metaspace   ] GC(202) Metaspace: 6297K(6464K)->6297K(6464K) NonClass: 5764K(5824K)->5764K(5824K) Class: 533K(640K)->533K(640K)
[22.055s][info][gc             ] GC(202) Pause Young (Allocation Failure) 3097M->3097M(3538M) 43.403ms
[22.055s][info][gc,cpu         ] GC(202) User=0.05s Sys=0.00s Real=0.04s
[22.096s][info][gc,start       ] GC(203) Pause Young (Allocation Failure)
[22.151s][info][gc,heap        ] GC(203) PSYoungGen: 75968K(164352K)->75968K(164864K) Eden: 37888K(37888K)->0K(41984K) From: 38080K(126464K)->75968K(122880K)
[22.151s][info][gc,heap        ] GC(203) ParOldGen: 3133731K(3459072K)->3133731K(3459072K)
[22.151s][info][gc,metaspace   ] GC(203) Metaspace: 6297K(6464K)->6297K(6464K) NonClass: 5764K(5824K)->5764K(5824K) Class: 533K(640K)->533K(640K)
[22.151s][info][gc             ] GC(203) Pause Young (Allocation Failure) 3134M->3134M(3539M) 55.016ms
[22.151s][info][gc,cpu         ] GC(203) User=0.19s Sys=0.00s Real=0.05s
[22.198s][info][gc,start       ] GC(204) Pause Young (Allocation Failure)
[22.266s][info][gc,heap        ] GC(204) PSYoungGen: 117952K(164864K)->80096K(165376K) Eden: 41984K(41984K)->0K(41984K) From: 75968K(122880K)->80096K(123392K)
[22.266s][info][gc,heap        ] GC(204) ParOldGen: 3133731K(3459072K)->3171963K(3459072K)
[22.266s][info][gc,metaspace   ] GC(204) Metaspace: 6297K(6464K)->6297K(6464K) NonClass: 5764K(5824K)->5764K(5824K) Class: 533K(640K)->533K(640K)
[22.266s][info][gc             ] GC(204) Pause Young (Allocation Failure) 3175M->3175M(3539M) 67.912ms
[22.266s][info][gc,cpu         ] GC(204) User=0.28s Sys=0.00s Real=0.07s
[22.307s][info][gc,start       ] GC(205) Pause Young (Allocation Failure)
[22.374s][info][gc,heap        ] GC(205) PSYoungGen: 122080K(165376K)->84224K(169472K) Eden: 41984K(41984K)->0K(45056K) From: 80096K(123392K)->84224K(124416K)
[22.374s][info][gc,heap        ] GC(205) ParOldGen: 3171963K(3459072K)->3210187K(3459072K)
[22.374s][info][gc,metaspace   ] GC(205) Metaspace: 6297K(6464K)->6297K(6464K) NonClass: 5764K(5824K)->5764K(5824K) Class: 533K(640K)->533K(640K)
[22.374s][info][gc             ] GC(205) Pause Young (Allocation Failure) 3216M->3217M(3543M) 66.970ms
[22.374s][info][gc,cpu         ] GC(205) User=0.28s Sys=0.02s Real=0.07s
[22.421s][info][gc,start       ] GC(206) Pause Young (Allocation Failure)
[22.494s][info][gc,heap        ] GC(206) PSYoungGen: 129280K(169472K)->87264K(171008K) Eden: 45056K(45056K)->0K(45056K) From: 84224K(124416K)->87264K(125952K)
[22.494s][info][gc,heap        ] GC(206) ParOldGen: 3210187K(3459072K)->3252531K(3459072K)
[22.494s][info][gc,metaspace   ] GC(206) Metaspace: 6297K(6464K)->6297K(6464K) NonClass: 5764K(5824K)->5764K(5824K) Class: 533K(640K)->533K(640K)
[22.494s][info][gc             ] GC(206) Pause Young (Allocation Failure) 3261M->3261M(3545M) 73.058ms
[22.494s][info][gc,cpu         ] GC(206) User=0.39s Sys=0.00s Real=0.07s
[22.542s][info][gc,start       ] GC(207) Pause Young (Allocation Failure)
[22.615s][info][gc,heap        ] GC(207) PSYoungGen: 132320K(171008K)->90368K(176128K) Eden: 45056K(45056K)->0K(48128K) From: 87264K(125952K)->90368K(128000K)
[22.615s][info][gc,heap        ] GC(207) ParOldGen: 3252531K(3459072K)->3294907K(3459072K)
[22.615s][info][gc,metaspace   ] GC(207) Metaspace: 6297K(6464K)->6297K(6464K) NonClass: 5764K(5824K)->5764K(5824K) Class: 533K(640K)->533K(640K)
[22.615s][info][gc             ] GC(207) Pause Young (Allocation Failure) 3305M->3305M(3550M) 73.121ms
[22.615s][info][gc,cpu         ] GC(207) User=0.28s Sys=0.02s Real=0.07s
[22.668s][info][gc,start       ] GC(208) Pause Young (Allocation Failure)
[22.742s][info][gc,heap        ] GC(208) PSYoungGen: 138496K(176128K)->93440K(178688K) Eden: 48128K(48128K)->0K(48128K) From: 90368K(128000K)->93440K(130560K)
[22.742s][info][gc,heap        ] GC(208) ParOldGen: 3294907K(3459072K)->3340379K(3459072K)
[22.742s][info][gc,metaspace   ] GC(208) Metaspace: 6297K(6464K)->6297K(6464K) NonClass: 5764K(5824K)->5764K(5824K) Class: 533K(640K)->533K(640K)
[22.742s][info][gc             ] GC(208) Pause Young (Allocation Failure) 3352M->3353M(3552M) 74.440ms
[22.742s][info][gc,cpu         ] GC(208) User=0.25s Sys=0.00s Real=0.07s
[22.790s][info][gc,start       ] GC(209) Pause Young (Allocation Failure)
[22.866s][info][gc,heap        ] GC(209) PSYoungGen: 141568K(178688K)->96480K(183808K) Eden: 48128K(48128K)->0K(50688K) From: 93440K(130560K)->96480K(133120K)
[22.866s][info][gc,heap        ] GC(209) ParOldGen: 3340379K(3459072K)->3385835K(3459072K)
[22.866s][info][gc,metaspace   ] GC(209) Metaspace: 6297K(6464K)->6297K(6464K) NonClass: 5764K(5824K)->5764K(5824K) Class: 533K(640K)->533K(640K)
[22.866s][info][gc             ] GC(209) Pause Young (Allocation Failure) 3400M->3400M(3557M) 76.111ms
[22.866s][info][gc,cpu         ] GC(209) User=0.28s Sys=0.02s Real=0.08s
[22.866s][info][gc,start       ] GC(210) Pause Full (Ergonomics)
[22.866s][info][gc,phases,start] GC(210) Marking Phase
[23.666s][info][gc,phases      ] GC(210) Marking Phase 799.960ms
[23.666s][info][gc,phases,start] GC(210) Summary Phase
[23.666s][info][gc,phases      ] GC(210) Summary Phase 0.055ms
[23.666s][info][gc,phases,start] GC(210) Adjust Roots
[23.666s][info][gc,phases      ] GC(210) Adjust Roots 0.160ms
[23.666s][info][gc,phases,start] GC(210) Compaction Phase
[23.996s][info][gc,phases      ] GC(210) Compaction Phase 329.755ms
[23.996s][info][gc,phases,start] GC(210) Post Compact
[24.003s][info][gc,phases      ] GC(210) Post Compact 6.723ms
[24.004s][info][gc,heap        ] GC(210) PSYoungGen: 96480K(183808K)->20566K(183808K) Eden: 0K(50688K)->0K(50688K) From: 96480K(133120K)->20566K(133120K)
[24.004s][info][gc,heap        ] GC(210) ParOldGen: 3385835K(3459072K)->3459012K(3813376K)
[24.004s][info][gc,metaspace   ] GC(210) Metaspace: 6297K(6464K)->6297K(6464K) NonClass: 5764K(5824K)->5764K(5824K) Class: 533K(640K)->533K(640K)
[24.004s][info][gc             ] GC(210) Pause Full (Ergonomics) 3400M->3398M(3903M) 1138.108ms
[24.004s][info][gc,cpu         ] GC(210) User=8.14s Sys=0.03s Real=1.14s
[24.050s][info][gc,start       ] GC(211) Pause Young (Allocation Failure)
[24.228s][info][gc,heap        ] GC(211) PSYoungGen: 71254K(183808K)->67968K(186880K) Eden: 50688K(50688K)->0K(50688K) From: 20566K(133120K)->67968K(136192K)
[24.228s][info][gc,heap        ] GC(211) ParOldGen: 3459012K(3813376K)->3462556K(3813376K)
[24.228s][info][gc,metaspace   ] GC(211) Metaspace: 6297K(6464K)->6297K(6464K) NonClass: 5764K(5824K)->5764K(5824K) Class: 533K(640K)->533K(640K)
[24.228s][info][gc             ] GC(211) Pause Young (Allocation Failure) 3447M->3447M(3906M) 178.045ms
[24.228s][info][gc,cpu         ] GC(211) User=1.34s Sys=0.00s Real=0.18s
[24.280s][info][gc,start       ] GC(212) Pause Young (Allocation Failure)
[24.347s][info][gc,heap        ] GC(212) PSYoungGen: 118656K(186880K)->118752K(176128K) Eden: 50688K(50688K)->0K(45056K) From: 67968K(136192K)->118752K(131072K)
[24.348s][info][gc,heap        ] GC(212) ParOldGen: 3462556K(3813376K)->3462556K(3813376K)
[24.348s][info][gc,metaspace   ] GC(212) Metaspace: 6297K(6464K)->6297K(6464K) NonClass: 5764K(5824K)->5764K(5824K) Class: 533K(640K)->533K(640K)
[24.348s][info][gc             ] GC(212) Pause Young (Allocation Failure) 3497M->3497M(3896M) 67.690ms
[24.348s][info][gc,cpu         ] GC(212) User=0.17s Sys=0.00s Real=0.07s
[24.399s][info][gc,start       ] GC(213) Pause Young (Allocation Failure)
[24.481s][info][gc,heap        ] GC(213) PSYoungGen: 163808K(176128K)->141824K(186880K) Eden: 45056K(45056K)->0K(45056K) From: 118752K(131072K)->141824K(141824K)
[24.481s][info][gc,heap        ] GC(213) ParOldGen: 3462556K(3813376K)->3484692K(3813376K)
[24.481s][info][gc,metaspace   ] GC(213) Metaspace: 6297K(6464K)->6297K(6464K) NonClass: 5764K(5824K)->5764K(5824K) Class: 533K(640K)->533K(640K)
[24.481s][info][gc             ] GC(213) Pause Young (Allocation Failure) 3541M->3541M(3906M) 82.097ms
[24.481s][info][gc,cpu         ] GC(213) User=0.48s Sys=0.03s Real=0.08s
[24.531s][info][gc,start       ] GC(214) Pause Young (Allocation Failure)
[24.623s][info][gc,heap        ] GC(214) PSYoungGen: 186880K(186880K)->131584K(209408K) Eden: 45056K(45056K)->0K(41984K) From: 141824K(141824K)->131584K(167424K)
[24.623s][info][gc,heap        ] GC(214) ParOldGen: 3484692K(3813376K)->3540596K(3813376K)
[24.623s][info][gc,metaspace   ] GC(214) Metaspace: 6297K(6464K)->6297K(6464K) NonClass: 5764K(5824K)->5764K(5824K) Class: 533K(640K)->533K(640K)
[24.623s][info][gc             ] GC(214) Pause Young (Allocation Failure) 3585M->3586M(3928M) 92.522ms
[24.623s][info][gc,cpu         ] GC(214) User=0.55s Sys=0.08s Real=0.09s
[24.667s][info][gc,start       ] GC(215) Pause Young (Allocation Failure)
[24.754s][info][gc,heap        ] GC(215) PSYoungGen: 173568K(209408K)->123616K(217600K) Eden: 41984K(41984K)->0K(41984K) From: 131584K(167424K)->123616K(175616K)
[24.754s][info][gc,heap        ] GC(215) ParOldGen: 3540596K(3813376K)->3590972K(3813376K)
[24.754s][info][gc,metaspace   ] GC(215) Metaspace: 6297K(6464K)->6297K(6464K) NonClass: 5764K(5824K)->5764K(5824K) Class: 533K(640K)->533K(640K)
[24.754s][info][gc             ] GC(215) Pause Young (Allocation Failure) 3627M->3627M(3936M) 87.156ms
[24.754s][info][gc,cpu         ] GC(215) User=0.58s Sys=0.02s Real=0.09s
[24.796s][info][gc,start       ] GC(216) Pause Young (Allocation Failure)
[24.879s][info][gc,heap        ] GC(216) PSYoungGen: 165600K(217600K)->129376K(221696K) Eden: 41984K(41984K)->0K(42496K) From: 123616K(175616K)->129376K(179200K)
[24.879s][info][gc,heap        ] GC(216) ParOldGen: 3590972K(3813376K)->3627588K(3813376K)
[24.879s][info][gc,metaspace   ] GC(216) Metaspace: 6297K(6464K)->6297K(6464K) NonClass: 5764K(5824K)->5764K(5824K) Class: 533K(640K)->533K(640K)
[24.879s][info][gc             ] GC(216) Pause Young (Allocation Failure) 3668M->3668M(3940M) 83.459ms
[24.879s][info][gc,cpu         ] GC(216) User=0.59s Sys=0.03s Real=0.08s
[24.919s][info][gc,start       ] GC(217) Pause Young (Allocation Failure)
[25.007s][info][gc,heap        ] GC(217) PSYoungGen: 171872K(221696K)->84704K(127488K) Eden: 42496K(42496K)->0K(42496K) From: 129376K(179200K)->84704K(84992K)
[25.007s][info][gc,heap        ] GC(217) ParOldGen: 3627588K(3813376K)->3715380K(3813376K)
[25.007s][info][gc,metaspace   ] GC(217) Metaspace: 6297K(6464K)->6297K(6464K) NonClass: 5764K(5824K)->5764K(5824K) Class: 533K(640K)->533K(640K)
[25.007s][info][gc             ] GC(217) Pause Young (Allocation Failure) 3710M->3711M(3848M) 87.778ms
[25.007s][info][gc,cpu         ] GC(217) User=0.59s Sys=0.03s Real=0.09s
[25.049s][info][gc,start       ] GC(218) Pause Young (Allocation Failure)
[25.119s][info][gc,heap        ] GC(218) PSYoungGen: 127200K(127488K)->42688K(223744K) Eden: 42496K(42496K)->0K(46592K) From: 84704K(84992K)->42688K(177152K)
[25.119s][info][gc,heap        ] GC(218) ParOldGen: 3715380K(3813376K)->3800588K(3813376K)
[25.119s][info][gc,metaspace   ] GC(218) Metaspace: 6297K(6464K)->6297K(6464K) NonClass: 5764K(5824K)->5764K(5824K) Class: 533K(640K)->533K(640K)
[25.119s][info][gc             ] GC(218) Pause Young (Allocation Failure) 3752M->3753M(3942M) 70.159ms
[25.119s][info][gc,cpu         ] GC(218) User=0.33s Sys=0.11s Real=0.07s
[25.119s][info][gc,start       ] GC(219) Pause Full (Ergonomics)
[25.119s][info][gc,phases,start] GC(219) Marking Phase
[26.007s][info][gc,phases      ] GC(219) Marking Phase 888.527ms
[26.008s][info][gc,phases,start] GC(219) Summary Phase
[26.008s][info][gc,phases      ] GC(219) Summary Phase 0.045ms
[26.008s][info][gc,phases,start] GC(219) Adjust Roots
[26.008s][info][gc,phases      ] GC(219) Adjust Roots 0.155ms
[26.008s][info][gc,phases,start] GC(219) Compaction Phase
[26.389s][info][gc,phases      ] GC(219) Compaction Phase 381.070ms
[26.389s][info][gc,phases,start] GC(219) Post Compact
[26.396s][info][gc,phases      ] GC(219) Post Compact 7.313ms
[26.398s][info][gc,heap        ] GC(219) PSYoungGen: 42688K(223744K)->26636K(223744K) Eden: 0K(46592K)->0K(46592K) From: 42688K(177152K)->26636K(177152K)
[26.398s][info][gc,heap        ] GC(219) ParOldGen: 3800588K(3813376K)->3813145K(4226048K)
[26.398s][info][gc,metaspace   ] GC(219) Metaspace: 6297K(6464K)->6297K(6464K) NonClass: 5764K(5824K)->5764K(5824K) Class: 533K(640K)->533K(640K)
[26.398s][info][gc             ] GC(219) Pause Full (Ergonomics) 3753M->3749M(4345M) 1278.842ms
[26.398s][info][gc,cpu         ] GC(219) User=9.11s Sys=0.02s Real=1.28s
[26.450s][info][gc,start       ] GC(220) Pause Young (Allocation Failure)
[26.655s][info][gc,heap        ] GC(220) PSYoungGen: 73228K(223744K)->46752K(225280K) Eden: 46592K(46592K)->0K(46592K) From: 26636K(177152K)->46752K(178688K)
[26.655s][info][gc,heap        ] GC(220) ParOldGen: 3813145K(4226048K)->3840057K(4226048K)
[26.655s][info][gc,metaspace   ] GC(220) Metaspace: 6297K(6464K)->6297K(6464K) NonClass: 5764K(5824K)->5764K(5824K) Class: 533K(640K)->533K(640K)
[26.655s][info][gc             ] GC(220) Pause Young (Allocation Failure) 3795M->3795M(4347M) 204.680ms
[26.655s][info][gc,cpu         ] GC(220) User=1.36s Sys=0.02s Real=0.20s
[26.707s][info][gc,start       ] GC(221) Pause Young (Allocation Failure)
[26.769s][info][gc,heap        ] GC(221) PSYoungGen: 93344K(225280K)->46816K(224256K) Eden: 46592K(46592K)->0K(51712K) From: 46752K(178688K)->46816K(172544K)
[26.769s][info][gc,heap        ] GC(221) ParOldGen: 3840057K(4226048K)->3887073K(4226048K)
[26.769s][info][gc,metaspace   ] GC(221) Metaspace: 6297K(6464K)->6297K(6464K) NonClass: 5764K(5824K)->5764K(5824K) Class: 533K(640K)->533K(640K)
[26.769s][info][gc             ] GC(221) Pause Young (Allocation Failure) 3841M->3841M(4346M) 62.416ms
[26.769s][info][gc,cpu         ] GC(221) User=0.28s Sys=0.02s Real=0.06s
[26.821s][info][gc,start       ] GC(222) Pause Young (Allocation Failure)
[26.885s][info][gc,heap        ] GC(222) PSYoungGen: 98528K(224256K)->51904K(226816K) Eden: 51712K(51712K)->0K(51712K) From: 46816K(172544K)->51904K(175104K)
[26.885s][info][gc,heap        ] GC(222) ParOldGen: 3887073K(4226048K)->3934089K(4226048K)
[26.885s][info][gc,metaspace   ] GC(222) Metaspace: 6297K(6464K)->6297K(6464K) NonClass: 5764K(5824K)->5764K(5824K) Class: 533K(640K)->533K(640K)
[26.885s][info][gc             ] GC(222) Pause Young (Allocation Failure) 3892M->3892M(4348M) 63.218ms
[26.885s][info][gc,cpu         ] GC(222) User=0.20s Sys=0.00s Real=0.06s
[26.937s][info][gc,start       ] GC(223) Pause Young (Allocation Failure)
[27.002s][info][gc,heap        ] GC(223) PSYoungGen: 103616K(226816K)->51936K(220672K) Eden: 51712K(51712K)->0K(57856K) From: 51904K(175104K)->51936K(162816K)
[27.002s][info][gc,heap        ] GC(223) ParOldGen: 3934089K(4226048K)->3986273K(4226048K)
[27.002s][info][gc,metaspace   ] GC(223) Metaspace: 6297K(6464K)->6297K(6464K) NonClass: 5764K(5824K)->5764K(5824K) Class: 533K(640K)->533K(640K)
[27.002s][info][gc             ] GC(223) Pause Young (Allocation Failure) 3943M->3943M(4342M) 65.207ms
[27.002s][info][gc,cpu         ] GC(223) User=0.33s Sys=0.06s Real=0.07s
[27.066s][info][gc,start       ] GC(224) Pause Young (Allocation Failure)
[27.138s][info][gc,heap        ] GC(224) PSYoungGen: 109792K(220672K)->58080K(224768K) Eden: 57856K(57856K)->0K(57856K) From: 51936K(162816K)->58080K(166912K)
[27.138s][info][gc,heap        ] GC(224) ParOldGen: 3986273K(4226048K)->4038457K(4226048K)
[27.138s][info][gc,metaspace   ] GC(224) Metaspace: 6297K(6464K)->6297K(6464K) NonClass: 5764K(5824K)->5764K(5824K) Class: 533K(640K)->533K(640K)
[27.138s][info][gc             ] GC(224) Pause Young (Allocation Failure) 4000M->4000M(4346M) 72.032ms
[27.138s][info][gc,cpu         ] GC(224) User=0.39s Sys=0.00s Real=0.07s
[27.206s][info][gc,start       ] GC(225) Pause Young (Allocation Failure)
[27.277s][info][gc,heap        ] GC(225) PSYoungGen: 115936K(224768K)->58048K(214528K) Eden: 57856K(57856K)->0K(64512K) From: 58080K(166912K)->58048K(150016K)
[27.277s][info][gc,heap        ] GC(225) ParOldGen: 4038457K(4226048K)->4096849K(4226048K)
[27.277s][info][gc,metaspace   ] GC(225) Metaspace: 6297K(6464K)->6297K(6464K) NonClass: 5764K(5824K)->5764K(5824K) Class: 533K(640K)->533K(640K)
[27.277s][info][gc             ] GC(225) Pause Young (Allocation Failure) 4057M->4057M(4336M) 71.004ms
[27.277s][info][gc,cpu         ] GC(225) User=0.41s Sys=0.00s Real=0.07s
[27.339s][info][gc,start       ] GC(226) Pause Young (Allocation Failure)
[27.412s][info][gc,heap        ] GC(226) PSYoungGen: 122560K(214528K)->64736K(220160K) Eden: 64512K(64512K)->0K(64512K) From: 58048K(150016K)->64736K(155648K)
[27.412s][info][gc,heap        ] GC(226) ParOldGen: 4096849K(4226048K)->4155225K(4226048K)
[27.412s][info][gc,metaspace   ] GC(226) Metaspace: 6297K(6464K)->6297K(6464K) NonClass: 5764K(5824K)->5764K(5824K) Class: 533K(640K)->533K(640K)
[27.412s][info][gc             ] GC(226) Pause Young (Allocation Failure) 4120M->4121M(4342M) 73.541ms
[27.412s][info][gc,cpu         ] GC(226) User=0.39s Sys=0.00s Real=0.07s
[27.412s][info][gc,start       ] GC(227) Pause Full (Ergonomics)
[27.412s][info][gc,phases,start] GC(227) Marking Phase
[28.375s][info][gc,phases      ] GC(227) Marking Phase 963.060ms
[28.375s][info][gc,phases,start] GC(227) Summary Phase
[28.375s][info][gc,phases      ] GC(227) Summary Phase 0.080ms
[28.375s][info][gc,phases,start] GC(227) Adjust Roots
[28.376s][info][gc,phases      ] GC(227) Adjust Roots 0.212ms
[28.376s][info][gc,phases,start] GC(227) Compaction Phase
[28.783s][info][gc,phases      ] GC(227) Compaction Phase 407.551ms
[28.783s][info][gc,phases,start] GC(227) Post Compact
[28.790s][info][gc,phases      ] GC(227) Post Compact 6.283ms
[28.791s][info][gc,heap        ] GC(227) PSYoungGen: 64736K(220160K)->0K(220672K) Eden: 0K(64512K)->0K(71680K) From: 64736K(155648K)->0K(148992K)
[28.791s][info][gc,heap        ] GC(227) ParOldGen: 4155225K(4226048K)->4216392K(4650496K)
[28.791s][info][gc,metaspace   ] GC(227) Metaspace: 6297K(6464K)->6297K(6464K) NonClass: 5764K(5824K)->5764K(5824K) Class: 533K(640K)->533K(640K)
[28.791s][info][gc             ] GC(227) Pause Full (Ergonomics) 4121M->4117M(4757M) 1378.706ms
[28.791s][info][gc,cpu         ] GC(227) User=10.17s Sys=0.03s Real=1.38s
[28.870s][info][gc,start       ] GC(228) Pause Young (Allocation Failure)
[28.928s][info][gc,heap        ] GC(228) PSYoungGen: 71680K(220672K)->71872K(143872K) Eden: 71680K(71680K)->0K(71680K) From: 0K(148992K)->71872K(72192K)
[28.928s][info][gc,heap        ] GC(228) ParOldGen: 4216392K(4650496K)->4216392K(4650496K)
[28.928s][info][gc,metaspace   ] GC(228) Metaspace: 6297K(6464K)->6297K(6464K) NonClass: 5764K(5824K)->5764K(5824K) Class: 533K(640K)->533K(640K)
[28.928s][info][gc             ] GC(228) Pause Young (Allocation Failure) 4187M->4187M(4682M) 57.848ms
[28.928s][info][gc,cpu         ] GC(228) User=0.19s Sys=0.00s Real=0.06s
[29.017s][info][gc,start       ] GC(229) Pause Young (Allocation Failure)
[29.099s][info][gc,heap        ] GC(229) PSYoungGen: 143552K(143872K)->141312K(199680K) Eden: 71680K(71680K)->0K(58368K) From: 71872K(72192K)->141312K(141312K)
[29.099s][info][gc,heap        ] GC(229) ParOldGen: 4216392K(4650496K)->4218712K(4650496K)
[29.099s][info][gc,metaspace   ] GC(229) Metaspace: 6297K(6464K)->6297K(6464K) NonClass: 5764K(5824K)->5764K(5824K) Class: 533K(640K)->533K(640K)
[29.099s][info][gc             ] GC(229) Pause Young (Allocation Failure) 4257M->4257M(4736M) 82.455ms
[29.099s][info][gc,cpu         ] GC(229) User=0.42s Sys=0.00s Real=0.08s
[29.161s][info][gc,start       ] GC(230) Pause Young (Allocation Failure)
[29.269s][info][gc,heap        ] GC(230) PSYoungGen: 199680K(199680K)->58560K(219136K) Eden: 58368K(58368K)->0K(58368K) From: 141312K(141312K)->58560K(160768K)
[29.269s][info][gc,heap        ] GC(230) ParOldGen: 4218712K(4650496K)->4361072K(4650496K)
[29.269s][info][gc,metaspace   ] GC(230) Metaspace: 6297K(6464K)->6297K(6464K) NonClass: 5764K(5824K)->5764K(5824K) Class: 533K(640K)->533K(640K)
[29.269s][info][gc             ] GC(230) Pause Young (Allocation Failure) 4314M->4316M(4755M) 107.602ms
[29.269s][info][gc,cpu         ] GC(230) User=0.73s Sys=0.14s Real=0.11s
[29.328s][info][gc,start       ] GC(231) Pause Young (Allocation Failure)
[29.394s][info][gc,heap        ] GC(231) PSYoungGen: 116928K(219136K)->117056K(213504K) Eden: 58368K(58368K)->0K(57344K) From: 58560K(160768K)->117056K(156160K)
[29.394s][info][gc,heap        ] GC(231) ParOldGen: 4361072K(4650496K)->4361072K(4650496K)
[29.394s][info][gc,metaspace   ] GC(231) Metaspace: 6297K(6464K)->6297K(6464K) NonClass: 5764K(5824K)->5764K(5824K) Class: 533K(640K)->533K(640K)
[29.394s][info][gc             ] GC(231) Pause Young (Allocation Failure) 4373M->4373M(4750M) 66.375ms
[29.394s][info][gc,cpu         ] GC(231) User=0.41s Sys=0.00s Real=0.07s
[29.456s][info][gc,start       ] GC(232) Pause Young (Allocation Failure)
[29.544s][info][gc,heap        ] GC(232) PSYoungGen: 174400K(213504K)->162816K(220160K) Eden: 57344K(57344K)->0K(57344K) From: 117056K(156160K)->162816K(162816K)
[29.544s][info][gc,heap        ] GC(232) ParOldGen: 4361072K(4650496K)->4372736K(4650496K)
[29.544s][info][gc,metaspace   ] GC(232) Metaspace: 6297K(6464K)->6297K(6464K) NonClass: 5764K(5824K)->5764K(5824K) Class: 533K(640K)->533K(640K)
[29.544s][info][gc             ] GC(232) Pause Young (Allocation Failure) 4429M->4429M(4756M) 88.566ms
[29.544s][info][gc,cpu         ] GC(232) User=0.61s Sys=0.00s Real=0.09s
[29.619s][info][gc,start       ] GC(233) Pause Young (Allocation Failure)
[29.740s][info][gc,heap        ] GC(233) PSYoungGen: 220160K(220160K)->106144K(245760K) Eden: 57344K(57344K)->0K(64000K) From: 162816K(162816K)->106144K(181760K)
[29.740s][info][gc,heap        ] GC(233) ParOldGen: 4372736K(4650496K)->4487776K(4650496K)
[29.740s][info][gc,metaspace   ] GC(233) Metaspace: 6297K(6464K)->6297K(6464K) NonClass: 5764K(5824K)->5764K(5824K) Class: 533K(640K)->533K(640K)
[29.740s][info][gc             ] GC(233) Pause Young (Allocation Failure) 4485M->4486M(4781M) 121.514ms
[29.740s][info][gc,cpu         ] GC(233) User=0.80s Sys=0.06s Real=0.12s
[29.808s][info][gc,start       ] GC(234) Pause Young (Allocation Failure)
[29.902s][info][gc,heap        ] GC(234) PSYoungGen: 170144K(245760K)->121696K(249344K) Eden: 64000K(64000K)->0K(64000K) From: 106144K(181760K)->121696K(185344K)
[29.902s][info][gc,heap        ] GC(234) ParOldGen: 4487776K(4650496K)->4536752K(4650496K)
[29.902s][info][gc,metaspace   ] GC(234) Metaspace: 6297K(6464K)->6297K(6464K) NonClass: 5764K(5824K)->5764K(5824K) Class: 533K(640K)->533K(640K)
[29.902s][info][gc             ] GC(234) Pause Young (Allocation Failure) 4548M->4549M(4785M) 94.278ms
[29.902s][info][gc,cpu         ] GC(234) User=0.48s Sys=0.12s Real=0.10s
[29.902s][info][gc,start       ] GC(235) Pause Full (Ergonomics)
[29.902s][info][gc,phases,start] GC(235) Marking Phase
[30.956s][info][gc,phases      ] GC(235) Marking Phase 1053.999ms
[30.956s][info][gc,phases,start] GC(235) Summary Phase
[30.956s][info][gc,phases      ] GC(235) Summary Phase 0.065ms
[30.956s][info][gc,phases,start] GC(235) Adjust Roots
[30.957s][info][gc,phases      ] GC(235) Adjust Roots 0.158ms
[30.957s][info][gc,phases,start] GC(235) Compaction Phase
[31.356s][info][gc,phases      ] GC(235) Compaction Phase 399.676ms
[31.356s][info][gc,phases,start] GC(235) Post Compact
[31.364s][info][gc,phases      ] GC(235) Post Compact 7.991ms
[31.366s][info][gc,heap        ] GC(235) PSYoungGen: 121696K(249344K)->4795K(249344K) Eden: 0K(64000K)->0K(64000K) From: 121696K(185344K)->4795K(185344K)
[31.366s][info][gc,heap        ] GC(235) ParOldGen: 4536752K(4650496K)->4650165K(5157888K)
[31.366s][info][gc,metaspace   ] GC(235) Metaspace: 6297K(6464K)->6297K(6464K) NonClass: 5764K(5824K)->5764K(5824K) Class: 533K(640K)->533K(640K)
[31.366s][info][gc             ] GC(235) Pause Full (Ergonomics) 4549M->4545M(5280M) 1464.034ms
[31.366s][info][gc,cpu         ] GC(235) User=11.08s Sys=0.08s Real=1.46s
[31.436s][info][gc,start       ] GC(236) Pause Young (Allocation Failure)
[31.677s][info][gc,heap        ] GC(236) PSYoungGen: 68795K(249344K)->65952K(247808K) Eden: 64000K(64000K)->0K(70144K) From: 4795K(185344K)->65952K(177664K)
[31.677s][info][gc,heap        ] GC(236) ParOldGen: 4650165K(5157888K)->4653285K(5157888K)
[31.677s][info][gc,metaspace   ] GC(236) Metaspace: 6297K(6464K)->6297K(6464K) NonClass: 5764K(5824K)->5764K(5824K) Class: 533K(640K)->533K(640K)
[31.677s][info][gc             ] GC(236) Pause Young (Allocation Failure) 4608M->4608M(5279M) 241.167ms
[31.677s][info][gc,cpu         ] GC(236) User=1.50s Sys=0.00s Real=0.24s
[31.763s][info][gc,start       ] GC(237) Pause Young (Allocation Failure)
[31.845s][info][gc,heap        ] GC(237) PSYoungGen: 136096K(247808K)->136256K(252928K) Eden: 70144K(70144K)->0K(70144K) From: 65952K(177664K)->136256K(182784K)
[31.845s][info][gc,heap        ] GC(237) ParOldGen: 4653285K(5157888K)->4653285K(5157888K)
[31.845s][info][gc,metaspace   ] GC(237) Metaspace: 6297K(6464K)->6297K(6464K) NonClass: 5764K(5824K)->5764K(5824K) Class: 533K(640K)->533K(640K)
[31.845s][info][gc             ] GC(237) Pause Young (Allocation Failure) 4677M->4677M(5284M) 82.193ms
[31.845s][info][gc,cpu         ] GC(237) User=0.42s Sys=0.00s Real=0.08s
[31.923s][info][gc,start       ] GC(238) Pause Young (Allocation Failure)
[32.034s][info][gc,heap        ] GC(238) PSYoungGen: 206400K(252928K)->189952K(235520K) Eden: 70144K(70144K)->0K(45568K) From: 136256K(182784K)->189952K(189952K)
[32.034s][info][gc,heap        ] GC(238) ParOldGen: 4653285K(5157888K)->4669861K(5157888K)
[32.034s][info][gc,metaspace   ] GC(238) Metaspace: 6297K(6464K)->6297K(6464K) NonClass: 5764K(5824K)->5764K(5824K) Class: 533K(640K)->533K(640K)
[32.034s][info][gc             ] GC(238) Pause Young (Allocation Failure) 4745M->4745M(5267M) 110.874ms
[32.034s][info][gc,cpu         ] GC(238) User=0.67s Sys=0.09s Real=0.11s
[32.083s][info][gc,start       ] GC(239) Pause Young (Allocation Failure)
[32.211s][info][gc,heap        ] GC(239) PSYoungGen: 235520K(235520K)->175648K(266752K) Eden: 45568K(45568K)->0K(45568K) From: 189952K(189952K)->175648K(221184K)
[32.211s][info][gc,heap        ] GC(239) ParOldGen: 4669861K(5157888K)->4730389K(5157888K)
[32.211s][info][gc,metaspace   ] GC(239) Metaspace: 6297K(6464K)->6297K(6464K) NonClass: 5764K(5824K)->5764K(5824K) Class: 533K(640K)->533K(640K)
[32.211s][info][gc             ] GC(239) Pause Young (Allocation Failure) 4790M->4791M(5297M) 127.918ms
[32.211s][info][gc,cpu         ] GC(239) User=0.98s Sys=0.00s Real=0.13s
[32.258s][info][gc,start       ] GC(240) Pause Young (Allocation Failure)
[32.382s][info][gc,heap        ] GC(240) PSYoungGen: 221216K(266752K)->154208K(283136K) Eden: 45568K(45568K)->0K(48128K) From: 175648K(221184K)->154208K(235008K)
[32.382s][info][gc,heap        ] GC(240) ParOldGen: 4730389K(5157888K)->4797933K(5157888K)
[32.382s][info][gc,metaspace   ] GC(240) Metaspace: 6297K(6464K)->6297K(6464K) NonClass: 5764K(5824K)->5764K(5824K) Class: 533K(640K)->533K(640K)
[32.382s][info][gc             ] GC(240) Pause Young (Allocation Failure) 4835M->4836M(5313M) 124.777ms
[32.382s][info][gc,cpu         ] GC(240) User=0.78s Sys=0.03s Real=0.13s
[32.435s][info][gc,start       ] GC(241) Pause Young (Allocation Failure)
[32.552s][info][gc,heap        ] GC(241) PSYoungGen: 202336K(283136K)->139584K(285696K) Eden: 48128K(48128K)->0K(48128K) From: 154208K(235008K)->139584K(237568K)
[32.552s][info][gc,heap        ] GC(241) ParOldGen: 4797933K(5157888K)->4861237K(5157888K)
[32.552s][info][gc,metaspace   ] GC(241) Metaspace: 6297K(6464K)->6297K(6464K) NonClass: 5764K(5824K)->5764K(5824K) Class: 533K(640K)->533K(640K)
[32.552s][info][gc             ] GC(241) Pause Young (Allocation Failure) 4883M->4883M(5316M) 117.519ms
[32.552s][info][gc,cpu         ] GC(241) User=0.56s Sys=0.02s Real=0.12s
[32.610s][info][gc,start       ] GC(242) Pause Young (Allocation Failure)
[32.717s][info][gc,heap        ] GC(242) PSYoungGen: 187712K(285696K)->96544K(273408K) Eden: 48128K(48128K)->0K(54272K) From: 139584K(237568K)->96544K(219136K)
[32.717s][info][gc,heap        ] GC(242) ParOldGen: 4861237K(5157888K)->4953181K(5157888K)
[32.717s][info][gc,metaspace   ] GC(242) Metaspace: 6297K(6464K)->6297K(6464K) NonClass: 5764K(5824K)->5764K(5824K) Class: 533K(640K)->533K(640K)
[32.717s][info][gc             ] GC(242) Pause Young (Allocation Failure) 4930M->4931M(5304M) 107.224ms
[32.717s][info][gc,cpu         ] GC(242) User=0.72s Sys=0.05s Real=0.11s
[32.776s][info][gc,start       ] GC(243) Pause Young (Allocation Failure)
[32.870s][info][gc,heap        ] GC(243) PSYoungGen: 150816K(273408K)->54496K(280576K) Eden: 54272K(54272K)->0K(54272K) From: 96544K(219136K)->54496K(226304K)
[32.870s][info][gc,heap        ] GC(243) ParOldGen: 4953181K(5157888K)->5050293K(5157888K)
[32.870s][info][gc,metaspace   ] GC(243) Metaspace: 6297K(6464K)->6297K(6464K) NonClass: 5764K(5824K)->5764K(5824K) Class: 533K(640K)->533K(640K)
[32.870s][info][gc             ] GC(243) Pause Young (Allocation Failure) 4984M->4985M(5311M) 93.830ms
[32.870s][info][gc,cpu         ] GC(243) User=0.59s Sys=0.03s Real=0.09s
[32.870s][info][gc,start       ] GC(244) Pause Full (Ergonomics)
[32.870s][info][gc,phases,start] GC(244) Marking Phase
[34.025s][info][gc,phases      ] GC(244) Marking Phase 1155.274ms
[34.025s][info][gc,phases,start] GC(244) Summary Phase
[34.025s][info][gc,phases      ] GC(244) Summary Phase 0.102ms
[34.025s][info][gc,phases,start] GC(244) Adjust Roots
[34.025s][info][gc,phases      ] GC(244) Adjust Roots 0.244ms
[34.025s][info][gc,phases,start] GC(244) Compaction Phase
[34.455s][info][gc,phases      ] GC(244) Compaction Phase 429.126ms
[34.455s][info][gc,phases,start] GC(244) Post Compact
[34.463s][info][gc,phases      ] GC(244) Post Compact 7.967ms
[34.464s][info][gc,heap        ] GC(244) PSYoungGen: 54496K(280576K)->0K(287744K) Eden: 0K(54272K)->0K(61440K) From: 54496K(226304K)->0K(226304K)
[34.464s][info][gc,heap        ] GC(244) ParOldGen: 5050293K(5157888K)->5100664K(5663744K)
[34.464s][info][gc,metaspace   ] GC(244) Metaspace: 6297K(6464K)->6297K(6464K) NonClass: 5764K(5824K)->5764K(5824K) Class: 533K(640K)->533K(640K)
[34.464s][info][gc             ] GC(244) Pause Full (Ergonomics) 4985M->4981M(5812M) 1594.639ms
[34.464s][info][gc,cpu         ] GC(244) User=12.06s Sys=0.02s Real=1.60s
[34.535s][info][gc,start       ] GC(245) Pause Young (Allocation Failure)
[34.595s][info][gc,heap        ] GC(245) PSYoungGen: 61440K(287744K)->61632K(287744K) Eden: 61440K(61440K)->0K(61440K) From: 0K(226304K)->61632K(226304K)
[34.596s][info][gc,heap        ] GC(245) ParOldGen: 5100664K(5663744K)->5100664K(5663744K)
[34.596s][info][gc,metaspace   ] GC(245) Metaspace: 6297K(6464K)->6297K(6464K) NonClass: 5764K(5824K)->5764K(5824K) Class: 533K(640K)->533K(640K)
[34.596s][info][gc             ] GC(245) Pause Young (Allocation Failure) 5041M->5041M(5812M) 60.253ms
[34.596s][info][gc,cpu         ] GC(245) User=0.19s Sys=0.00s Real=0.06s
[34.667s][info][gc,start       ] GC(246) Pause Young (Allocation Failure)
[34.745s][info][gc,heap        ] GC(246) PSYoungGen: 123072K(287744K)->123200K(280064K) Eden: 61440K(61440K)->0K(67584K) From: 61632K(226304K)->123200K(212480K)
[34.745s][info][gc,heap        ] GC(246) ParOldGen: 5100664K(5663744K)->5100664K(5663744K)
[34.745s][info][gc,metaspace   ] GC(246) Metaspace: 6297K(6464K)->6297K(6464K) NonClass: 5764K(5824K)->5764K(5824K) Class: 533K(640K)->533K(640K)
[34.745s][info][gc             ] GC(246) Pause Young (Allocation Failure) 5101M->5101M(5804M) 77.276ms
[34.745s][info][gc,cpu         ] GC(246) User=0.30s Sys=0.00s Real=0.08s
[34.824s][info][gc,start       ] GC(247) Pause Young (Allocation Failure)
[34.924s][info][gc,heap        ] GC(247) PSYoungGen: 190784K(280064K)->190912K(285696K) Eden: 67584K(67584K)->0K(67584K) From: 123200K(212480K)->190912K(218112K)
[34.924s][info][gc,heap        ] GC(247) ParOldGen: 5100664K(5663744K)->5100664K(5663744K)
[34.924s][info][gc,metaspace   ] GC(247) Metaspace: 6297K(6464K)->6297K(6464K) NonClass: 5764K(5824K)->5764K(5824K) Class: 533K(640K)->533K(640K)
[34.924s][info][gc             ] GC(247) Pause Young (Allocation Failure) 5167M->5167M(5810M) 100.047ms
[34.924s][info][gc,cpu         ] GC(247) User=0.62s Sys=0.00s Real=0.10s
[35.000s][info][gc,start       ] GC(248) Pause Young (Allocation Failure)
[35.142s][info][gc,heap        ] GC(248) PSYoungGen: 258496K(285696K)->197088K(294400K) Eden: 67584K(67584K)->0K(56832K) From: 190912K(218112K)->197088K(237568K)
[35.142s][info][gc,heap        ] GC(248) ParOldGen: 5100664K(5663744K)->5162672K(5663744K)
[35.142s][info][gc,metaspace   ] GC(248) Metaspace: 6297K(6464K)->6297K(6464K) NonClass: 5764K(5824K)->5764K(5824K) Class: 533K(640K)->533K(640K)
[35.142s][info][gc             ] GC(248) Pause Young (Allocation Failure) 5233M->5234M(5818M) 141.638ms
[35.142s][info][gc,cpu         ] GC(248) User=0.89s Sys=0.12s Real=0.14s
[35.206s][info][gc,start       ] GC(249) Pause Young (Allocation Failure)
[35.345s][info][gc,heap        ] GC(249) PSYoungGen: 253920K(294400K)->192416K(312320K) Eden: 56832K(56832K)->0K(56832K) From: 197088K(237568K)->192416K(255488K)
[35.345s][info][gc,heap        ] GC(249) ParOldGen: 5162672K(5663744K)->5224672K(5663744K)
[35.345s][info][gc,metaspace   ] GC(249) Metaspace: 6297K(6464K)->6297K(6464K) NonClass: 5764K(5824K)->5764K(5824K) Class: 533K(640K)->533K(640K)
[35.345s][info][gc             ] GC(249) Pause Young (Allocation Failure) 5289M->5290M(5836M) 138.445ms
[35.345s][info][gc,cpu         ] GC(249) User=1.11s Sys=0.00s Real=0.14s
[35.411s][info][gc,start       ] GC(250) Pause Young (Allocation Failure)
[35.552s][info][gc,heap        ] GC(250) PSYoungGen: 249248K(312320K)->181696K(326144K) Eden: 56832K(56832K)->0K(58880K) From: 192416K(255488K)->181696K(267264K)
[35.552s][info][gc,heap        ] GC(250) ParOldGen: 5224672K(5663744K)->5292864K(5663744K)
[35.552s][info][gc,metaspace   ] GC(250) Metaspace: 6297K(6464K)->6297K(6464K) NonClass: 5764K(5824K)->5764K(5824K) Class: 533K(640K)->533K(640K)
[35.552s][info][gc             ] GC(250) Pause Young (Allocation Failure) 5345M->5346M(5849M) 140.359ms
[35.552s][info][gc,cpu         ] GC(250) User=0.95s Sys=0.12s Real=0.14s
[35.621s][info][gc,start       ] GC(251) Pause Young (Allocation Failure)
[35.761s][info][gc,heap        ] GC(251) PSYoungGen: 240576K(326144K)->116032K(175104K) Eden: 58880K(58880K)->0K(58880K) From: 181696K(267264K)->116032K(116224K)
[35.761s][info][gc,heap        ] GC(251) ParOldGen: 5292864K(5663744K)->5418360K(5663744K)
[35.761s][info][gc,metaspace   ] GC(251) Metaspace: 6297K(6464K)->6297K(6464K) NonClass: 5764K(5824K)->5764K(5824K) Class: 533K(640K)->533K(640K)
[35.761s][info][gc             ] GC(251) Pause Young (Allocation Failure) 5403M->5404M(5702M) 140.678ms
[35.761s][info][gc,cpu         ] GC(251) User=0.91s Sys=0.08s Real=0.14s
[35.827s][info][gc,start       ] GC(252) Pause Young (Allocation Failure)
[35.931s][info][gc,heap        ] GC(252) PSYoungGen: 174912K(175104K)->59104K(328704K) Eden: 58880K(58880K)->0K(66560K) From: 116032K(116224K)->59104K(262144K)
[35.931s][info][gc,heap        ] GC(252) ParOldGen: 5418360K(5663744K)->5535072K(5663744K)
[35.931s][info][gc,metaspace   ] GC(252) Metaspace: 6297K(6464K)->6297K(6464K) NonClass: 5764K(5824K)->5764K(5824K) Class: 533K(640K)->533K(640K)
[35.931s][info][gc             ] GC(252) Pause Young (Allocation Failure) 5462M->5463M(5852M) 103.270ms
[35.931s][info][gc,cpu         ] GC(252) User=0.56s Sys=0.11s Real=0.10s
[35.931s][info][gc,start       ] GC(253) Pause Full (Ergonomics)
[35.931s][info][gc,phases,start] GC(253) Marking Phase
[37.191s][info][gc,phases      ] GC(253) Marking Phase 1260.004ms
[37.191s][info][gc,phases,start] GC(253) Summary Phase
[37.191s][info][gc,phases      ] GC(253) Summary Phase 0.096ms
[37.191s][info][gc,phases,start] GC(253) Adjust Roots
[37.191s][info][gc,phases      ] GC(253) Adjust Roots 0.190ms
[37.191s][info][gc,phases,start] GC(253) Compaction Phase
[37.701s][info][gc,phases      ] GC(253) Compaction Phase 509.442ms
[37.701s][info][gc,phases,start] GC(253) Post Compact
[37.709s][info][gc,phases      ] GC(253) Post Compact 8.430ms
[37.711s][info][gc,heap        ] GC(253) PSYoungGen: 59104K(328704K)->0K(328704K) Eden: 0K(66560K)->0K(66560K) From: 59104K(262144K)->0K(262144K)
[37.711s][info][gc,heap        ] GC(253) ParOldGen: 5535072K(5663744K)->5589893K(6219776K)
[37.711s][info][gc,metaspace   ] GC(253) Metaspace: 6297K(6464K)->6297K(6464K) NonClass: 5764K(5824K)->5764K(5824K) Class: 533K(640K)->533K(640K)
[37.711s][info][gc             ] GC(253) Pause Full (Ergonomics) 5463M->5458M(6395M) 1780.190ms
[37.711s][info][gc,cpu         ] GC(253) User=13.17s Sys=0.09s Real=1.78s
[37.789s][info][gc,start       ] GC(254) Pause Young (Allocation Failure)
[37.845s][info][gc,heap        ] GC(254) PSYoungGen: 66560K(328704K)->66848K(327680K) Eden: 66560K(66560K)->0K(73216K) From: 0K(262144K)->66848K(254464K)
[37.845s][info][gc,heap        ] GC(254) ParOldGen: 5589893K(6219776K)->5589893K(6219776K)
[37.845s][info][gc,metaspace   ] GC(254) Metaspace: 6297K(6464K)->6297K(6464K) NonClass: 5764K(5824K)->5764K(5824K) Class: 533K(640K)->533K(640K)
[37.845s][info][gc             ] GC(254) Pause Young (Allocation Failure) 5523M->5524M(6394M) 56.185ms
[37.845s][info][gc,cpu         ] GC(254) User=0.16s Sys=0.00s Real=0.06s
[37.938s][info][gc,start       ] GC(255) Pause Young (Allocation Failure)
[38.022s][info][gc,heap        ] GC(255) PSYoungGen: 140064K(327680K)->140128K(332288K) Eden: 73216K(73216K)->0K(73216K) From: 66848K(254464K)->140128K(259072K)
[38.022s][info][gc,heap        ] GC(255) ParOldGen: 5589893K(6219776K)->5589893K(6219776K)
[38.022s][info][gc,metaspace   ] GC(255) Metaspace: 6297K(6464K)->6297K(6464K) NonClass: 5764K(5824K)->5764K(5824K) Class: 533K(640K)->533K(640K)
[38.022s][info][gc             ] GC(255) Pause Young (Allocation Failure) 5595M->5595M(6398M) 84.420ms
[38.022s][info][gc,cpu         ] GC(255) User=0.52s Sys=0.00s Real=0.08s
[39.154s][info][gc,start       ] GC(256) Pause Young (Allocation Failure)
[39.386s][info][gc,heap        ] GC(256) PSYoungGen: 213344K(332288K)->213504K(312320K) Eden: 73216K(73216K)->0K(59904K) From: 140128K(259072K)->213504K(252416K)
[39.386s][info][gc,heap        ] GC(256) ParOldGen: 5852037K(6219776K)->5852037K(6219776K)
[39.386s][info][gc,metaspace   ] GC(256) Metaspace: 6297K(6464K)->6297K(6464K) NonClass: 5764K(5824K)->5764K(5824K) Class: 533K(640K)->533K(640K)
[39.386s][info][gc             ] GC(256) Pause Young (Allocation Failure) 5923M->5923M(6379M) 232.218ms
[39.386s][info][gc,cpu         ] GC(256) User=1.47s Sys=0.00s Real=0.23s
[39.451s][info][gc,start       ] GC(257) Pause Young (Allocation Failure)
[39.591s][info][gc,heap        ] GC(257) PSYoungGen: 273408K(312320K)->272896K(332800K) Eden: 59904K(59904K)->0K(59904K) From: 213504K(252416K)->272896K(272896K)
[39.591s][info][gc,heap        ] GC(257) ParOldGen: 5852037K(6219776K)->5852565K(6219776K)
[39.591s][info][gc,metaspace   ] GC(257) Metaspace: 6297K(6464K)->6297K(6464K) NonClass: 5764K(5824K)->5764K(5824K) Class: 533K(640K)->533K(640K)
[39.591s][info][gc             ] GC(257) Pause Young (Allocation Failure) 5981M->5981M(6399M) 140.544ms
[39.591s][info][gc,cpu         ] GC(257) User=0.53s Sys=0.00s Real=0.14s
[39.660s][info][gc,start       ] GC(258) Pause Young (Allocation Failure)
[39.824s][info][gc,heap        ] GC(258) PSYoungGen: 332800K(332800K)->193024K(376320K) Eden: 59904K(59904K)->0K(65024K) From: 272896K(272896K)->193024K(311296K)
[39.824s][info][gc,heap        ] GC(258) ParOldGen: 5852565K(6219776K)->5993557K(6219776K)
[39.824s][info][gc,metaspace   ] GC(258) Metaspace: 6297K(6464K)->6297K(6464K) NonClass: 5764K(5824K)->5764K(5824K) Class: 533K(640K)->533K(640K)
[39.824s][info][gc             ] GC(258) Pause Young (Allocation Failure) 6040M->6041M(6441M) 164.187ms
[39.824s][info][gc,cpu         ] GC(258) User=0.81s Sys=0.03s Real=0.16s
[39.895s][info][gc,start       ] GC(259) Pause Young (Allocation Failure)
[40.037s][info][gc,heap        ] GC(259) PSYoungGen: 258048K(376320K)->184736K(377344K) Eden: 65024K(65024K)->0K(65024K) From: 193024K(311296K)->184736K(312320K)
[40.037s][info][gc,heap        ] GC(259) ParOldGen: 5993557K(6219776K)->6067429K(6219776K)
[40.037s][info][gc,metaspace   ] GC(259) Metaspace: 6297K(6464K)->6297K(6464K) NonClass: 5764K(5824K)->5764K(5824K) Class: 533K(640K)->533K(640K)
[40.037s][info][gc             ] GC(259) Pause Young (Allocation Failure) 6105M->6105M(6442M) 142.052ms
[40.037s][info][gc,cpu         ] GC(259) User=0.58s Sys=0.03s Real=0.14s
[40.037s][info][gc,start       ] GC(260) Pause Full (Ergonomics)
[40.037s][info][gc,phases,start] GC(260) Marking Phase
[41.405s][info][gc,phases      ] GC(260) Marking Phase 1368.013ms
[41.405s][info][gc,phases,start] GC(260) Summary Phase
[41.405s][info][gc,phases      ] GC(260) Summary Phase 0.136ms
[41.405s][info][gc,phases,start] GC(260) Adjust Roots
[41.405s][info][gc,phases      ] GC(260) Adjust Roots 0.163ms
[41.405s][info][gc,phases,start] GC(260) Compaction Phase
[42.356s][info][gc,phases      ] GC(260) Compaction Phase 951.053ms
[42.357s][info][gc,phases,start] GC(260) Post Compact
[42.367s][info][gc,phases      ] GC(260) Post Compact 10.165ms
[42.369s][info][gc,heap        ] GC(260) PSYoungGen: 184736K(377344K)->0K(381440K) Eden: 0K(65024K)->0K(72704K) From: 184736K(312320K)->0K(308736K)
[42.369s][info][gc,heap        ] GC(260) ParOldGen: 6067429K(6219776K)->6118598K(6803456K)
[42.369s][info][gc,metaspace   ] GC(260) Metaspace: 6297K(6464K)->6297K(6464K) NonClass: 5764K(5824K)->5764K(5824K) Class: 533K(640K)->533K(640K)
[42.369s][info][gc             ] GC(260) Pause Full (Ergonomics) 6105M->5975M(7016M) 2332.097ms
[42.369s][info][gc,cpu         ] GC(260) User=16.50s Sys=0.09s Real=2.33s
[42.446s][info][gc,start       ] GC(261) Pause Young (Allocation Failure)
[42.531s][info][gc,heap        ] GC(261) PSYoungGen: 72704K(381440K)->72960K(381440K) Eden: 72704K(72704K)->0K(72704K) From: 0K(308736K)->72960K(308736K)
[42.531s][info][gc,heap        ] GC(261) ParOldGen: 6118598K(6803456K)->6118598K(6803456K)
[42.531s][info][gc,metaspace   ] GC(261) Metaspace: 6297K(6464K)->6297K(6464K) NonClass: 5764K(5824K)->5764K(5824K) Class: 533K(640K)->533K(640K)
[42.531s][info][gc             ] GC(261) Pause Young (Allocation Failure) 6046M->6046M(7016M) 84.100ms
[42.531s][info][gc,cpu         ] GC(261) User=0.25s Sys=0.00s Real=0.08s
[42.611s][info][gc,start       ] GC(262) Pause Young (Allocation Failure)
[42.721s][info][gc,heap        ] GC(262) PSYoungGen: 145664K(381440K)->145760K(354816K) Eden: 72704K(72704K)->0K(79872K) From: 72960K(308736K)->145760K(274944K)
[42.721s][info][gc,heap        ] GC(262) ParOldGen: 6118598K(6803456K)->6118598K(6803456K)
[42.721s][info][gc,metaspace   ] GC(262) Metaspace: 6297K(6464K)->6297K(6464K) NonClass: 5764K(5824K)->5764K(5824K) Class: 533K(640K)->533K(640K)
[42.721s][info][gc             ] GC(262) Pause Young (Allocation Failure) 6117M->6117M(6990M) 109.925ms
[42.721s][info][gc,cpu         ] GC(262) User=0.34s Sys=0.00s Real=0.11s
[42.804s][info][gc,start       ] GC(263) Pause Young (Allocation Failure)
[42.934s][info][gc,heap        ] GC(263) PSYoungGen: 225632K(354816K)->225792K(370688K) Eden: 79872K(79872K)->0K(79872K) From: 145760K(274944K)->225792K(290816K)
[42.934s][info][gc,heap        ] GC(263) ParOldGen: 6118598K(6803456K)->6118598K(6803456K)
[42.934s][info][gc,metaspace   ] GC(263) Metaspace: 6297K(6464K)->6297K(6464K) NonClass: 5764K(5824K)->5764K(5824K) Class: 533K(640K)->533K(640K)
[42.934s][info][gc             ] GC(263) Pause Young (Allocation Failure) 6195M->6195M(7006M) 129.923ms
[42.934s][info][gc,cpu         ] GC(263) User=0.42s Sys=0.00s Real=0.13s
[43.018s][info][gc,start       ] GC(264) Pause Young (Allocation Failure)
[43.172s][info][gc,heap        ] GC(264) PSYoungGen: 305664K(370688K)->305792K(353792K) Eden: 79872K(79872K)->0K(47616K) From: 225792K(290816K)->305792K(306176K)
[43.172s][info][gc,heap        ] GC(264) ParOldGen: 6118598K(6803456K)->6118598K(6803456K)
[43.172s][info][gc,metaspace   ] GC(264) Metaspace: 6297K(6464K)->6297K(6464K) NonClass: 5764K(5824K)->5764K(5824K) Class: 533K(640K)->533K(640K)
[43.172s][info][gc             ] GC(264) Pause Young (Allocation Failure) 6273M->6273M(6989M) 154.336ms
[43.172s][info][gc,cpu         ] GC(264) User=0.83s Sys=0.06s Real=0.15s
[43.223s][info][gc,start       ] GC(265) Pause Young (Allocation Failure)
[43.389s][info][gc,heap        ] GC(265) PSYoungGen: 353408K(353792K)->347136K(394752K) Eden: 47616K(47616K)->0K(47616K) From: 305792K(306176K)->347136K(347136K)
[43.389s][info][gc,heap        ] GC(265) ParOldGen: 6118598K(6803456K)->6124918K(6803456K)
[43.389s][info][gc,metaspace   ] GC(265) Metaspace: 6297K(6464K)->6297K(6464K) NonClass: 5764K(5824K)->5764K(5824K) Class: 533K(640K)->533K(640K)
[43.390s][info][gc             ] GC(265) Pause Young (Allocation Failure) 6320M->6320M(7029M) 166.966ms
[43.390s][info][gc,cpu         ] GC(265) User=0.88s Sys=0.00s Real=0.17s
[43.450s][info][gc,start       ] GC(266) Pause Young (Allocation Failure)
[43.638s][info][gc,heap        ] GC(266) PSYoungGen: 394752K(394752K)->251776K(448000K) Eden: 47616K(47616K)->0K(50688K) From: 347136K(347136K)->251776K(397312K)
[43.638s][info][gc,heap        ] GC(266) ParOldGen: 6124918K(6803456K)->6269150K(6803456K)
[43.638s][info][gc,metaspace   ] GC(266) Metaspace: 6297K(6464K)->6297K(6464K) NonClass: 5764K(5824K)->5764K(5824K) Class: 533K(640K)->533K(640K)
[43.638s][info][gc             ] GC(266) Pause Young (Allocation Failure) 6366M->6368M(7081M) 187.693ms
[43.638s][info][gc,cpu         ] GC(266) User=0.86s Sys=0.09s Real=0.19s
[43.693s][info][gc,start       ] GC(267) Pause Young (Allocation Failure)
[43.845s][info][gc,heap        ] GC(267) PSYoungGen: 302464K(448000K)->144384K(195072K) Eden: 50688K(50688K)->0K(50688K) From: 251776K(397312K)->144384K(144384K)
[43.845s][info][gc,heap        ] GC(267) ParOldGen: 6269150K(6803456K)->6428398K(6803456K)
[43.845s][info][gc,metaspace   ] GC(267) Metaspace: 6297K(6464K)->6297K(6464K) NonClass: 5764K(5824K)->5764K(5824K) Class: 533K(640K)->533K(640K)
[43.845s][info][gc             ] GC(267) Pause Young (Allocation Failure) 6417M->6418M(6834M) 151.598ms
[43.845s][info][gc,cpu         ] GC(267) User=0.78s Sys=0.08s Real=0.15s
[43.899s][info][gc,start       ] GC(268) Pause Young (Allocation Failure)
[44.022s][info][gc,heap        ] GC(268) PSYoungGen: 195072K(195072K)->101664K(435712K) Eden: 50688K(50688K)->0K(57856K) From: 144384K(144384K)->101664K(377856K)
[44.022s][info][gc,heap        ] GC(268) ParOldGen: 6428398K(6803456K)->6522542K(6803456K)
[44.022s][info][gc,metaspace   ] GC(268) Metaspace: 6297K(6464K)->6297K(6464K) NonClass: 5764K(5824K)->5764K(5824K) Class: 533K(640K)->533K(640K)
[44.022s][info][gc             ] GC(268) Pause Young (Allocation Failure) 6468M->6468M(7069M) 123.443ms
[44.022s][info][gc,cpu         ] GC(268) User=0.47s Sys=0.02s Real=0.12s
[44.089s][info][gc,start       ] GC(269) Pause Young (Allocation Failure)
[44.201s][info][gc,heap        ] GC(269) PSYoungGen: 159520K(435712K)->58048K(440832K) Eden: 57856K(57856K)->0K(57856K) From: 101664K(377856K)->58048K(382976K)
[44.201s][info][gc,heap        ] GC(269) ParOldGen: 6522542K(6803456K)->6624806K(6803456K)
[44.201s][info][gc,metaspace   ] GC(269) Metaspace: 6297K(6464K)->6297K(6464K) NonClass: 5764K(5824K)->5764K(5824K) Class: 533K(640K)->533K(640K)
[44.201s][info][gc             ] GC(269) Pause Young (Allocation Failure) 6525M->6526M(7074M) 112.495ms
[44.201s][info][gc,cpu         ] GC(269) User=0.39s Sys=0.02s Real=0.11s
[44.202s][info][gc,start       ] GC(270) Pause Full (Ergonomics)
[44.202s][info][gc,phases,start] GC(270) Marking Phase
[45.712s][info][gc,phases      ] GC(270) Marking Phase 1510.086ms
[45.712s][info][gc,phases,start] GC(270) Summary Phase
[45.712s][info][gc,phases      ] GC(270) Summary Phase 0.113ms
[45.712s][info][gc,phases,start] GC(270) Adjust Roots
[45.712s][info][gc,phases      ] GC(270) Adjust Roots 0.170ms
[45.712s][info][gc,phases,start] GC(270) Compaction Phase
[46.376s][info][gc,phases      ] GC(270) Compaction Phase 663.559ms
[46.376s][info][gc,phases,start] GC(270) Post Compact
[46.386s][info][gc,phases      ] GC(270) Post Compact 9.907ms
[46.386s][info][gc,heap        ] GC(270) PSYoungGen: 58048K(440832K)->0K(449536K) Eden: 0K(57856K)->0K(66048K) From: 58048K(382976K)->0K(383488K)
[46.386s][info][gc,heap        ] GC(270) ParOldGen: 6624806K(6803456K)->6677928K(6827008K)
[46.386s][info][gc,metaspace   ] GC(270) Metaspace: 6297K(6464K)->6297K(6464K) NonClass: 5764K(5824K)->5764K(5824K) Class: 533K(640K)->533K(640K)
[46.386s][info][gc             ] GC(270) Pause Full (Ergonomics) 6526M->6521M(7106M) 2184.209ms
[46.386s][info][gc,cpu         ] GC(270) User=15.62s Sys=0.03s Real=2.18s
[46.464s][info][gc,start       ] GC(271) Pause Young (Allocation Failure)
[46.552s][info][gc,heap        ] GC(271) PSYoungGen: 66048K(449536K)->66272K(449536K) Eden: 66048K(66048K)->0K(66048K) From: 0K(383488K)->66272K(383488K)
[46.552s][info][gc,heap        ] GC(271) ParOldGen: 6677928K(6827008K)->6677928K(6827008K)
[46.552s][info][gc,metaspace   ] GC(271) Metaspace: 6297K(6464K)->6297K(6464K) NonClass: 5764K(5824K)->5764K(5824K) Class: 533K(640K)->533K(640K)
[46.552s][info][gc             ] GC(271) Pause Young (Allocation Failure) 6585M->6586M(7106M) 87.542ms
[46.552s][info][gc,cpu         ] GC(271) User=0.20s Sys=0.00s Real=0.09s
[46.552s][info][gc,start       ] GC(272) Pause Full (Ergonomics)
[46.552s][info][gc,phases,start] GC(272) Marking Phase
[48.089s][info][gc,phases      ] GC(272) Marking Phase 1537.699ms
[48.090s][info][gc,phases,start] GC(272) Summary Phase
[48.090s][info][gc,phases      ] GC(272) Summary Phase 0.125ms
[48.090s][info][gc,phases,start] GC(272) Adjust Roots
[48.090s][info][gc,phases      ] GC(272) Adjust Roots 0.182ms
[48.090s][info][gc,phases,start] GC(272) Compaction Phase
[48.615s][info][gc,phases      ] GC(272) Compaction Phase 525.204ms
[48.615s][info][gc,phases,start] GC(272) Post Compact
[48.625s][info][gc,phases      ] GC(272) Post Compact 9.895ms
[48.625s][info][gc,heap        ] GC(272) PSYoungGen: 66272K(449536K)->0K(452608K) Eden: 0K(66048K)->0K(73216K) From: 66272K(383488K)->0K(379392K)
[48.625s][info][gc,heap        ] GC(272) ParOldGen: 6677928K(6827008K)->6743944K(6827008K)
[48.625s][info][gc,metaspace   ] GC(272) Metaspace: 6297K(6464K)->6297K(6464K) NonClass: 5764K(5824K)->5764K(5824K) Class: 533K(640K)->533K(640K)
[48.625s][info][gc             ] GC(272) Pause Full (Ergonomics) 6586M->6585M(7109M) 2073.389ms
[48.625s][info][gc,cpu         ] GC(272) User=15.31s Sys=0.05s Real=2.07s
[48.703s][info][gc,start       ] GC(273) Pause Young (Allocation Failure)
[48.783s][info][gc,heap        ] GC(273) PSYoungGen: 73216K(452608K)->73472K(146944K) Eden: 73216K(73216K)->0K(73216K) From: 0K(379392K)->73472K(73728K)
[48.783s][info][gc,heap        ] GC(273) ParOldGen: 6743944K(6827008K)->6743944K(6827008K)
[48.783s][info][gc,metaspace   ] GC(273) Metaspace: 6297K(6464K)->6297K(6464K) NonClass: 5764K(5824K)->5764K(5824K) Class: 533K(640K)->533K(640K)
[48.783s][info][gc             ] GC(273) Pause Young (Allocation Failure) 6657M->6657M(6810M) 80.327ms
[48.783s][info][gc,cpu         ] GC(273) User=0.22s Sys=0.00s Real=0.08s
[48.783s][info][gc,start       ] GC(274) Pause Full (Ergonomics)
[48.783s][info][gc,phases,start] GC(274) Marking Phase
[50.330s][info][gc,phases      ] GC(274) Marking Phase 1547.176ms
[50.330s][info][gc,phases,start] GC(274) Summary Phase
[50.330s][info][gc,phases      ] GC(274) Summary Phase 0.128ms
[50.330s][info][gc,phases,start] GC(274) Adjust Roots
[50.331s][info][gc,phases      ] GC(274) Adjust Roots 0.166ms
[50.331s][info][gc,phases,start] GC(274) Compaction Phase
[50.914s][info][gc,phases      ] GC(274) Compaction Phase 582.893ms
[50.914s][info][gc,phases,start] GC(274) Post Compact
[50.924s][info][gc,phases      ] GC(274) Post Compact 10.149ms
[50.924s][info][gc,heap        ] GC(274) PSYoungGen: 73472K(146944K)->0K(451072K) Eden: 0K(73216K)->0K(79360K) From: 73472K(73728K)->0K(371712K)
[50.924s][info][gc,heap        ] GC(274) ParOldGen: 6743944K(6827008K)->6817130K(6827008K)
[50.924s][info][gc,metaspace   ] GC(274) Metaspace: 6297K(6464K)->6297K(6464K) NonClass: 5764K(5824K)->5764K(5824K) Class: 533K(640K)->533K(640K)
[50.924s][info][gc             ] GC(274) Pause Full (Ergonomics) 6657M->6657M(7107M) 2140.847ms
[50.924s][info][gc,cpu         ] GC(274) User=15.41s Sys=0.02s Real=2.14s
[51.008s][info][gc,start       ] GC(275) Pause Full (Ergonomics)
[51.008s][info][gc,phases,start] GC(275) Marking Phase
[52.576s][info][gc,phases      ] GC(275) Marking Phase 1568.310ms
[52.576s][info][gc,phases,start] GC(275) Summary Phase
[52.576s][info][gc,phases      ] GC(275) Summary Phase 0.122ms
[52.576s][info][gc,phases,start] GC(275) Adjust Roots
[52.576s][info][gc,phases      ] GC(275) Adjust Roots 0.180ms
[52.576s][info][gc,phases,start] GC(275) Compaction Phase
[53.139s][info][gc,phases      ] GC(275) Compaction Phase 562.320ms
[53.139s][info][gc,phases,start] GC(275) Post Compact
[53.149s][info][gc,phases      ] GC(275) Post Compact 10.136ms
[53.149s][info][gc,heap        ] GC(275) PSYoungGen: 79360K(451072K)->69603K(451072K) Eden: 79360K(79360K)->69603K(79360K) From: 0K(371712K)->0K(371712K)
[53.149s][info][gc,heap        ] GC(275) ParOldGen: 6817130K(6827008K)->6826855K(6827008K)
[53.149s][info][gc,metaspace   ] GC(275) Metaspace: 6297K(6464K)->6297K(6464K) NonClass: 5764K(5824K)->5764K(5824K) Class: 533K(640K)->533K(640K)
[53.149s][info][gc             ] GC(275) Pause Full (Ergonomics) 6734M->6734M(7107M) 2141.485ms
[53.149s][info][gc,cpu         ] GC(275) User=15.47s Sys=0.02s Real=2.14s
[53.161s][info][gc,start       ] GC(276) Pause Full (Ergonomics)
[53.161s][info][gc,phases,start] GC(276) Marking Phase
[54.751s][info][gc,phases      ] GC(276) Marking Phase 1589.301ms
[54.751s][info][gc,phases,start] GC(276) Summary Phase
[54.751s][info][gc,phases      ] GC(276) Summary Phase 0.107ms
[54.751s][info][gc,phases,start] GC(276) Adjust Roots
[54.751s][info][gc,phases      ] GC(276) Adjust Roots 0.250ms
[54.751s][info][gc,phases,start] GC(276) Compaction Phase
[55.295s][info][gc,phases      ] GC(276) Compaction Phase 544.526ms
[55.296s][info][gc,phases,start] GC(276) Post Compact
[55.306s][info][gc,phases      ] GC(276) Post Compact 10.159ms
[55.306s][info][gc,heap        ] GC(276) PSYoungGen: 79360K(451072K)->79355K(451072K) Eden: 79360K(79360K)->79355K(79360K) From: 0K(371712K)->0K(371712K)
[55.306s][info][gc,heap        ] GC(276) ParOldGen: 6826855K(6827008K)->6826855K(6827008K)
[55.306s][info][gc,metaspace   ] GC(276) Metaspace: 6297K(6464K)->6297K(6464K) NonClass: 5764K(5824K)->5764K(5824K) Class: 533K(640K)->533K(640K)
[55.306s][info][gc             ] GC(276) Pause Full (Ergonomics) 6744M->6744M(7107M) 2144.715ms
[55.306s][info][gc,cpu         ] GC(276) User=15.91s Sys=0.02s Real=2.15s
[55.306s][info][gc,start       ] GC(277) Pause Full (Ergonomics)
[55.306s][info][gc,phases,start] GC(277) Marking Phase
[56.883s][info][gc,phases      ] GC(277) Marking Phase 1577.083ms
[56.883s][info][gc,phases,start] GC(277) Summary Phase
[56.883s][info][gc,phases      ] GC(277) Summary Phase 0.068ms
[56.883s][info][gc,phases,start] GC(277) Adjust Roots
[56.883s][info][gc,phases      ] GC(277) Adjust Roots 0.169ms
[56.883s][info][gc,phases,start] GC(277) Compaction Phase
[57.451s][info][gc,phases      ] GC(277) Compaction Phase 567.754ms
[57.451s][info][gc,phases,start] GC(277) Post Compact
[57.461s][info][gc,phases      ] GC(277) Post Compact 10.157ms
[57.461s][info][gc,heap        ] GC(277) PSYoungGen: 79360K(451072K)->79359K(451072K) Eden: 79360K(79360K)->79359K(79360K) From: 0K(371712K)->0K(371712K)
[57.462s][info][gc,heap        ] GC(277) ParOldGen: 6826855K(6827008K)->6826855K(6827008K)
[57.462s][info][gc,metaspace   ] GC(277) Metaspace: 6297K(6464K)->6297K(6464K) NonClass: 5764K(5824K)->5764K(5824K) Class: 533K(640K)->533K(640K)
[57.462s][info][gc             ] GC(277) Pause Full (Ergonomics) 6744M->6744M(7107M) 2155.535ms
[57.462s][info][gc,cpu         ] GC(277) User=15.56s Sys=0.03s Real=2.15s
[57.462s][info][gc,start       ] GC(278) Pause Full (Ergonomics)
[57.462s][info][gc,phases,start] GC(278) Marking Phase
[59.147s][info][gc,phases      ] GC(278) Marking Phase 1685.160ms
[59.147s][info][gc,phases,start] GC(278) Summary Phase
[59.147s][info][gc,phases      ] GC(278) Summary Phase 0.083ms
[59.147s][info][gc,phases,start] GC(278) Adjust Roots
[59.147s][info][gc,phases      ] GC(278) Adjust Roots 0.207ms
[59.147s][info][gc,phases,start] GC(278) Compaction Phase
[59.696s][info][gc,phases      ] GC(278) Compaction Phase 548.799ms
[59.696s][info][gc,phases,start] GC(278) Post Compact
[59.706s][info][gc,phases      ] GC(278) Post Compact 10.210ms
[59.706s][info][gc,heap        ] GC(278) PSYoungGen: 79359K(451072K)->79359K(451072K) Eden: 79359K(79360K)->79359K(79360K) From: 0K(371712K)->0K(371712K)
[59.706s][info][gc,heap        ] GC(278) ParOldGen: 6826855K(6827008K)->6826855K(6827008K)
[59.706s][info][gc,metaspace   ] GC(278) Metaspace: 6297K(6464K)->6297K(6464K) NonClass: 5764K(5824K)->5764K(5824K) Class: 533K(640K)->533K(640K)
[59.706s][info][gc             ] GC(278) Pause Full (Ergonomics) 6744M->6744M(7107M) 2244.795ms
[59.707s][info][gc,cpu         ] GC(278) User=15.67s Sys=0.02s Real=2.24s
[59.707s][info][gc,start       ] GC(279) Pause Full (Ergonomics)
[59.707s][info][gc,phases,start] GC(279) Marking Phase
[61.290s][info][gc,phases      ] GC(279) Marking Phase 1583.430ms
[61.290s][info][gc,phases,start] GC(279) Summary Phase
[61.290s][info][gc,phases      ] GC(279) Summary Phase 0.068ms
[61.290s][info][gc,phases,start] GC(279) Adjust Roots
[61.291s][info][gc,phases      ] GC(279) Adjust Roots 0.161ms
[61.291s][info][gc,phases,start] GC(279) Compaction Phase
[61.842s][info][gc,phases      ] GC(279) Compaction Phase 551.891ms
[61.842s][info][gc,phases,start] GC(279) Post Compact
[61.853s][info][gc,phases      ] GC(279) Post Compact 10.210ms
[61.853s][info][gc,heap        ] GC(279) PSYoungGen: 79359K(451072K)->79359K(451072K) Eden: 79359K(79360K)->79359K(79360K) From: 0K(371712K)->0K(371712K)
[61.853s][info][gc,heap        ] GC(279) ParOldGen: 6826860K(6827008K)->6826860K(6827008K)
[61.853s][info][gc,metaspace   ] GC(279) Metaspace: 6297K(6464K)->6297K(6464K) NonClass: 5764K(5824K)->5764K(5824K) Class: 533K(640K)->533K(640K)
[61.853s][info][gc             ] GC(279) Pause Full (Ergonomics) 6744M->6744M(7107M) 2146.084ms
[61.853s][info][gc,cpu         ] GC(279) User=15.91s Sys=0.00s Real=2.15s
[61.853s][info][gc,start       ] GC(280) Pause Full (Ergonomics)
[61.853s][info][gc,phases,start] GC(280) Marking Phase
[63.458s][info][gc,phases      ] GC(280) Marking Phase 1605.176ms
[63.458s][info][gc,phases,start] GC(280) Summary Phase
[63.458s][info][gc,phases      ] GC(280) Summary Phase 0.068ms
[63.458s][info][gc,phases,start] GC(280) Adjust Roots
[63.459s][info][gc,phases      ] GC(280) Adjust Roots 0.157ms
[63.459s][info][gc,phases,start] GC(280) Compaction Phase
[64.020s][info][gc,phases      ] GC(280) Compaction Phase 561.443ms
[64.020s][info][gc,phases,start] GC(280) Post Compact
[64.030s][info][gc,phases      ] GC(280) Post Compact 10.120ms
[64.030s][info][gc,heap        ] GC(280) PSYoungGen: 79359K(451072K)->79359K(451072K) Eden: 79359K(79360K)->79359K(79360K) From: 0K(371712K)->0K(371712K)
[64.030s][info][gc,heap        ] GC(280) ParOldGen: 6826864K(6827008K)->6826864K(6827008K)
[64.030s][info][gc,metaspace   ] GC(280) Metaspace: 6297K(6464K)->6297K(6464K) NonClass: 5764K(5824K)->5764K(5824K) Class: 533K(640K)->533K(640K)
[64.030s][info][gc             ] GC(280) Pause Full (Ergonomics) 6744M->6744M(7107M) 2177.272ms
[64.030s][info][gc,cpu         ] GC(280) User=15.97s Sys=0.02s Real=2.18s
[64.031s][info][gc,start       ] GC(281) Pause Full (Ergonomics)
[64.031s][info][gc,phases,start] GC(281) Marking Phase
[65.626s][info][gc,phases      ] GC(281) Marking Phase 1595.951ms
[65.627s][info][gc,phases,start] GC(281) Summary Phase
[65.627s][info][gc,phases      ] GC(281) Summary Phase 0.076ms
[65.627s][info][gc,phases,start] GC(281) Adjust Roots
[65.627s][info][gc,phases      ] GC(281) Adjust Roots 0.181ms
[65.627s][info][gc,phases,start] GC(281) Compaction Phase
[66.207s][info][gc,phases      ] GC(281) Compaction Phase 580.338ms
[66.207s][info][gc,phases,start] GC(281) Post Compact
[66.218s][info][gc,phases      ] GC(281) Post Compact 10.625ms
[66.218s][info][gc,heap        ] GC(281) PSYoungGen: 79359K(451072K)->79359K(451072K) Eden: 79359K(79360K)->79359K(79360K) From: 0K(371712K)->0K(371712K)
[66.218s][info][gc,heap        ] GC(281) ParOldGen: 6826869K(6827008K)->6826869K(6827008K)
[66.218s][info][gc,metaspace   ] GC(281) Metaspace: 6297K(6464K)->6297K(6464K) NonClass: 5764K(5824K)->5764K(5824K) Class: 533K(640K)->533K(640K)
[66.218s][info][gc             ] GC(281) Pause Full (Ergonomics) 6744M->6744M(7107M) 2187.526ms
[66.218s][info][gc,cpu         ] GC(281) User=16.02s Sys=0.00s Real=2.19s
[66.218s][info][gc,start       ] GC(282) Pause Full (Ergonomics)
[66.218s][info][gc,phases,start] GC(282) Marking Phase
[67.806s][info][gc,phases      ] GC(282) Marking Phase 1587.251ms
[67.806s][info][gc,phases,start] GC(282) Summary Phase
[67.806s][info][gc,phases      ] GC(282) Summary Phase 0.068ms
[67.806s][info][gc,phases,start] GC(282) Adjust Roots
[67.806s][info][gc,phases      ] GC(282) Adjust Roots 0.162ms
[67.806s][info][gc,phases,start] GC(282) Compaction Phase
[68.372s][info][gc,phases      ] GC(282) Compaction Phase 566.374ms
[68.372s][info][gc,phases,start] GC(282) Post Compact
[68.382s][info][gc,phases      ] GC(282) Post Compact 10.119ms
[68.383s][info][gc,heap        ] GC(282) PSYoungGen: 79359K(451072K)->79359K(451072K) Eden: 79359K(79360K)->79359K(79360K) From: 0K(371712K)->0K(371712K)
[68.383s][info][gc,heap        ] GC(282) ParOldGen: 6826874K(6827008K)->6826874K(6827008K)
[68.383s][info][gc,metaspace   ] GC(282) Metaspace: 6297K(6464K)->6297K(6464K) NonClass: 5764K(5824K)->5764K(5824K) Class: 533K(640K)->533K(640K)
[68.383s][info][gc             ] GC(282) Pause Full (Ergonomics) 6744M->6744M(7107M) 2164.303ms
[68.383s][info][gc,cpu         ] GC(282) User=15.81s Sys=0.02s Real=2.16s
[68.383s][info][gc,start       ] GC(283) Pause Full (Ergonomics)
[68.383s][info][gc,phases,start] GC(283) Marking Phase
[69.985s][info][gc,phases      ] GC(283) Marking Phase 1602.650ms
[69.985s][info][gc,phases,start] GC(283) Summary Phase
[69.986s][info][gc,phases      ] GC(283) Summary Phase 0.087ms
[69.986s][info][gc,phases,start] GC(283) Adjust Roots
[69.986s][info][gc,phases      ] GC(283) Adjust Roots 0.245ms
[69.986s][info][gc,phases,start] GC(283) Compaction Phase
[70.577s][info][gc,phases      ] GC(283) Compaction Phase 590.844ms
[70.577s][info][gc,phases,start] GC(283) Post Compact
[70.587s][info][gc,phases      ] GC(283) Post Compact 10.529ms
[70.587s][info][gc,heap        ] GC(283) PSYoungGen: 79359K(451072K)->79359K(451072K) Eden: 79359K(79360K)->79359K(79360K) From: 0K(371712K)->0K(371712K)
[70.587s][info][gc,heap        ] GC(283) ParOldGen: 6826879K(6827008K)->6826879K(6827008K)
[70.587s][info][gc,metaspace   ] GC(283) Metaspace: 6297K(6464K)->6297K(6464K) NonClass: 5764K(5824K)->5764K(5824K) Class: 533K(640K)->533K(640K)
[70.587s][info][gc             ] GC(283) Pause Full (Ergonomics) 6744M->6744M(7107M) 2204.699ms
[70.587s][info][gc,cpu         ] GC(283) User=15.92s Sys=0.02s Real=2.20s
[70.588s][info][gc,start       ] GC(284) Pause Full (Ergonomics)
[70.588s][info][gc,phases,start] GC(284) Marking Phase
[72.227s][info][gc,phases      ] GC(284) Marking Phase 1639.663ms
[72.227s][info][gc,phases,start] GC(284) Summary Phase
[72.227s][info][gc,phases      ] GC(284) Summary Phase 0.095ms
[72.227s][info][gc,phases,start] GC(284) Adjust Roots
[72.228s][info][gc,phases      ] GC(284) Adjust Roots 0.236ms
[72.228s][info][gc,phases,start] GC(284) Compaction Phase
[72.828s][info][gc,phases      ] GC(284) Compaction Phase 600.647ms
[72.828s][info][gc,phases,start] GC(284) Post Compact
[72.839s][info][gc,phases      ] GC(284) Post Compact 10.254ms
[72.839s][info][gc,heap        ] GC(284) PSYoungGen: 79359K(451072K)->79359K(451072K) Eden: 79359K(79360K)->79359K(79360K) From: 0K(371712K)->0K(371712K)
[72.839s][info][gc,heap        ] GC(284) ParOldGen: 6826884K(6827008K)->6826884K(6827008K)
[72.839s][info][gc,metaspace   ] GC(284) Metaspace: 6297K(6464K)->6297K(6464K) NonClass: 5764K(5824K)->5764K(5824K) Class: 533K(640K)->533K(640K)
[72.839s][info][gc             ] GC(284) Pause Full (Ergonomics) 6744M->6744M(7107M) 2251.221ms
[72.839s][info][gc,cpu         ] GC(284) User=16.38s Sys=0.00s Real=2.25s
[72.839s][info][gc,start       ] GC(285) Pause Full (Ergonomics)
[72.839s][info][gc,phases,start] GC(285) Marking Phase
[74.470s][info][gc,phases      ] GC(285) Marking Phase 1630.698ms
[74.470s][info][gc,phases,start] GC(285) Summary Phase
[74.470s][info][gc,phases      ] GC(285) Summary Phase 0.072ms
[74.470s][info][gc,phases,start] GC(285) Adjust Roots
[74.470s][info][gc,phases      ] GC(285) Adjust Roots 0.157ms
[74.470s][info][gc,phases,start] GC(285) Compaction Phase
[75.087s][info][gc,phases      ] GC(285) Compaction Phase 616.457ms
[75.087s][info][gc,phases,start] GC(285) Post Compact
[75.097s][info][gc,phases      ] GC(285) Post Compact 10.256ms
[75.097s][info][gc,heap        ] GC(285) PSYoungGen: 79359K(451072K)->79359K(451072K) Eden: 79359K(79360K)->79359K(79360K) From: 0K(371712K)->0K(371712K)
[75.097s][info][gc,heap        ] GC(285) ParOldGen: 6826889K(6827008K)->6826889K(6827008K)
[75.097s][info][gc,metaspace   ] GC(285) Metaspace: 6297K(6464K)->6297K(6464K) NonClass: 5764K(5824K)->5764K(5824K) Class: 533K(640K)->533K(640K)
[75.097s][info][gc             ] GC(285) Pause Full (Ergonomics) 6744M->6744M(7107M) 2257.963ms
[75.097s][info][gc,cpu         ] GC(285) User=16.31s Sys=0.02s Real=2.26s
[75.097s][info][gc,start       ] GC(286) Pause Full (Ergonomics)
[75.097s][info][gc,phases,start] GC(286) Marking Phase
[76.767s][info][gc,phases      ] GC(286) Marking Phase 1669.502ms
[76.767s][info][gc,phases,start] GC(286) Summary Phase
[76.767s][info][gc,phases      ] GC(286) Summary Phase 0.068ms
[76.767s][info][gc,phases,start] GC(286) Adjust Roots
[76.767s][info][gc,phases      ] GC(286) Adjust Roots 0.178ms
[76.767s][info][gc,phases,start] GC(286) Compaction Phase
[77.404s][info][gc,phases      ] GC(286) Compaction Phase 636.615ms
[77.404s][info][gc,phases,start] GC(286) Post Compact
[77.414s][info][gc,phases      ] GC(286) Post Compact 10.273ms
[77.414s][info][gc,heap        ] GC(286) PSYoungGen: 79359K(451072K)->79359K(451072K) Eden: 79359K(79360K)->79359K(79360K) From: 0K(371712K)->0K(371712K)
[77.414s][info][gc,heap        ] GC(286) ParOldGen: 6826893K(6827008K)->6826893K(6827008K)
[77.414s][info][gc,metaspace   ] GC(286) Metaspace: 6297K(6464K)->6297K(6464K) NonClass: 5764K(5824K)->5764K(5824K) Class: 533K(640K)->533K(640K)
[77.414s][info][gc             ] GC(286) Pause Full (Ergonomics) 6744M->6744M(7107M) 2316.947ms
[77.414s][info][gc,cpu         ] GC(286) User=16.81s Sys=0.00s Real=2.32s
[77.414s][info][gc,start       ] GC(287) Pause Full (Ergonomics)
[77.414s][info][gc,phases,start] GC(287) Marking Phase
[79.072s][info][gc,phases      ] GC(287) Marking Phase 1657.315ms
[79.072s][info][gc,phases,start] GC(287) Summary Phase
[79.072s][info][gc,phases      ] GC(287) Summary Phase 0.068ms
[79.072s][info][gc,phases,start] GC(287) Adjust Roots
[79.072s][info][gc,phases      ] GC(287) Adjust Roots 0.154ms
[79.072s][info][gc,phases,start] GC(287) Compaction Phase
[79.664s][info][gc,phases      ] GC(287) Compaction Phase 591.981ms
[79.664s][info][gc,phases,start] GC(287) Post Compact
[79.674s][info][gc,phases      ] GC(287) Post Compact 10.149ms
[79.674s][info][gc,heap        ] GC(287) PSYoungGen: 79359K(451072K)->79359K(451072K) Eden: 79359K(79360K)->79359K(79360K) From: 0K(371712K)->0K(371712K)
[79.674s][info][gc,heap        ] GC(287) ParOldGen: 6826898K(6827008K)->6826898K(6827008K)
[79.674s][info][gc,metaspace   ] GC(287) Metaspace: 6297K(6464K)->6297K(6464K) NonClass: 5764K(5824K)->5764K(5824K) Class: 533K(640K)->533K(640K)
[79.674s][info][gc             ] GC(287) Pause Full (Ergonomics) 6744M->6744M(7107M) 2259.975ms
[79.674s][info][gc,cpu         ] GC(287) User=16.47s Sys=0.00s Real=2.26s
[79.675s][info][gc,start       ] GC(288) Pause Full (Ergonomics)
[79.675s][info][gc,phases,start] GC(288) Marking Phase
[81.353s][info][gc,phases      ] GC(288) Marking Phase 1678.462ms
[81.353s][info][gc,phases,start] GC(288) Summary Phase
[81.353s][info][gc,phases      ] GC(288) Summary Phase 0.070ms
[81.353s][info][gc,phases,start] GC(288) Adjust Roots
[81.353s][info][gc,phases      ] GC(288) Adjust Roots 0.168ms
[81.353s][info][gc,phases,start] GC(288) Compaction Phase
[82.013s][info][gc,phases      ] GC(288) Compaction Phase 659.724ms
[82.013s][info][gc,phases,start] GC(288) Post Compact
[82.024s][info][gc,phases      ] GC(288) Post Compact 10.283ms
[82.024s][info][gc,heap        ] GC(288) PSYoungGen: 79359K(451072K)->79359K(451072K) Eden: 79359K(79360K)->79359K(79360K) From: 0K(371712K)->0K(371712K)
[82.024s][info][gc,heap        ] GC(288) ParOldGen: 6826903K(6827008K)->6826903K(6827008K)
[82.024s][info][gc,metaspace   ] GC(288) Metaspace: 6297K(6464K)->6297K(6464K) NonClass: 5764K(5824K)->5764K(5824K) Class: 533K(640K)->533K(640K)
[82.024s][info][gc             ] GC(288) Pause Full (Ergonomics) 6744M->6744M(7107M) 2349.027ms
[82.024s][info][gc,cpu         ] GC(288) User=16.83s Sys=0.02s Real=2.35s
[82.024s][info][gc,start       ] GC(289) Pause Full (Ergonomics)
[82.024s][info][gc,phases,start] GC(289) Marking Phase
[83.691s][info][gc,phases      ] GC(289) Marking Phase 1667.452ms
[83.691s][info][gc,phases,start] GC(289) Summary Phase
[83.692s][info][gc,phases      ] GC(289) Summary Phase 0.108ms
[83.692s][info][gc,phases,start] GC(289) Adjust Roots
[83.692s][info][gc,phases      ] GC(289) Adjust Roots 0.201ms
[83.692s][info][gc,phases,start] GC(289) Compaction Phase
[84.293s][info][gc,phases      ] GC(289) Compaction Phase 601.185ms
[84.293s][info][gc,phases,start] GC(289) Post Compact
[84.303s][info][gc,phases      ] GC(289) Post Compact 10.094ms
[84.303s][info][gc,heap        ] GC(289) PSYoungGen: 79359K(451072K)->79359K(451072K) Eden: 79359K(79360K)->79359K(79360K) From: 0K(371712K)->0K(371712K)
[84.303s][info][gc,heap        ] GC(289) ParOldGen: 6826908K(6827008K)->6826908K(6827008K)
[84.303s][info][gc,metaspace   ] GC(289) Metaspace: 6297K(6464K)->6297K(6464K) NonClass: 5764K(5824K)->5764K(5824K) Class: 533K(640K)->533K(640K)
[84.303s][info][gc             ] GC(289) Pause Full (Ergonomics) 6744M->6744M(7107M) 2279.390ms
[84.303s][info][gc,cpu         ] GC(289) User=16.77s Sys=0.02s Real=2.28s
[84.303s][info][gc,start       ] GC(290) Pause Full (Ergonomics)
[84.303s][info][gc,phases,start] GC(290) Marking Phase
[85.983s][info][gc,phases      ] GC(290) Marking Phase 1679.785ms
[85.983s][info][gc,phases,start] GC(290) Summary Phase
[85.983s][info][gc,phases      ] GC(290) Summary Phase 0.108ms
[85.983s][info][gc,phases,start] GC(290) Adjust Roots
[85.984s][info][gc,phases      ] GC(290) Adjust Roots 0.199ms
[85.984s][info][gc,phases,start] GC(290) Compaction Phase
[86.629s][info][gc,phases      ] GC(290) Compaction Phase 645.763ms
[86.630s][info][gc,phases,start] GC(290) Post Compact
[86.640s][info][gc,phases      ] GC(290) Post Compact 10.240ms
[86.640s][info][gc,heap        ] GC(290) PSYoungGen: 79359K(451072K)->79359K(451072K) Eden: 79359K(79360K)->79359K(79360K) From: 0K(371712K)->0K(371712K)
[86.640s][info][gc,heap        ] GC(290) ParOldGen: 6826913K(6827008K)->6826913K(6827008K)
[86.640s][info][gc,metaspace   ] GC(290) Metaspace: 6297K(6464K)->6297K(6464K) NonClass: 5764K(5824K)->5764K(5824K) Class: 533K(640K)->533K(640K)
[86.640s][info][gc             ] GC(290) Pause Full (Ergonomics) 6744M->6744M(7107M) 2336.441ms
[86.640s][info][gc,cpu         ] GC(290) User=16.92s Sys=0.00s Real=2.34s
[86.640s][info][gc,start       ] GC(291) Pause Full (Ergonomics)
[86.640s][info][gc,phases,start] GC(291) Marking Phase
[88.284s][info][gc,phases      ] GC(291) Marking Phase 1643.729ms
[88.284s][info][gc,phases,start] GC(291) Summary Phase
[88.284s][info][gc,phases      ] GC(291) Summary Phase 0.069ms
[88.284s][info][gc,phases,start] GC(291) Adjust Roots
[88.284s][info][gc,phases      ] GC(291) Adjust Roots 0.158ms
[88.284s][info][gc,phases,start] GC(291) Compaction Phase
[88.902s][info][gc,phases      ] GC(291) Compaction Phase 618.161ms
[88.902s][info][gc,phases,start] GC(291) Post Compact
[88.912s][info][gc,phases      ] GC(291) Post Compact 10.021ms
[88.912s][info][gc,heap        ] GC(291) PSYoungGen: 79359K(451072K)->79359K(451072K) Eden: 79359K(79360K)->79359K(79360K) From: 0K(371712K)->0K(371712K)
[88.912s][info][gc,heap        ] GC(291) ParOldGen: 6826918K(6827008K)->6826918K(6827008K)
[88.913s][info][gc,metaspace   ] GC(291) Metaspace: 6297K(6464K)->6297K(6464K) NonClass: 5764K(5824K)->5764K(5824K) Class: 533K(640K)->533K(640K)
[88.913s][info][gc             ] GC(291) Pause Full (Ergonomics) 6744M->6744M(7107M) 2272.452ms
[88.913s][info][gc,cpu         ] GC(291) User=16.59s Sys=0.00s Real=2.27s
[88.913s][info][gc,start       ] GC(292) Pause Full (Ergonomics)
[88.913s][info][gc,phases,start] GC(292) Marking Phase
[90.582s][info][gc,phases      ] GC(292) Marking Phase 1669.148ms
[90.582s][info][gc,phases,start] GC(292) Summary Phase
[90.582s][info][gc,phases      ] GC(292) Summary Phase 0.069ms
[90.582s][info][gc,phases,start] GC(292) Adjust Roots
[90.582s][info][gc,phases      ] GC(292) Adjust Roots 0.166ms
[90.582s][info][gc,phases,start] GC(292) Compaction Phase
[91.211s][info][gc,phases      ] GC(292) Compaction Phase 628.545ms
[91.211s][info][gc,phases,start] GC(292) Post Compact
[91.221s][info][gc,phases      ] GC(292) Post Compact 10.071ms
[91.221s][info][gc,heap        ] GC(292) PSYoungGen: 79359K(451072K)->79359K(451072K) Eden: 79359K(79360K)->79359K(79360K) From: 0K(371712K)->0K(371712K)
[91.221s][info][gc,heap        ] GC(292) ParOldGen: 6826922K(6827008K)->6826922K(6827008K)
[91.221s][info][gc,metaspace   ] GC(292) Metaspace: 6297K(6464K)->6297K(6464K) NonClass: 5764K(5824K)->5764K(5824K) Class: 533K(640K)->533K(640K)
[91.221s][info][gc             ] GC(292) Pause Full (Ergonomics) 6744M->6744M(7107M) 2308.325ms
[91.221s][info][gc,cpu         ] GC(292) User=16.80s Sys=0.02s Real=2.31s
[91.221s][info][gc,start       ] GC(293) Pause Full (Ergonomics)
[91.221s][info][gc,phases,start] GC(293) Marking Phase
[92.899s][info][gc,phases      ] GC(293) Marking Phase 1677.550ms
[92.899s][info][gc,phases,start] GC(293) Summary Phase
[92.899s][info][gc,phases      ] GC(293) Summary Phase 0.111ms
[92.899s][info][gc,phases,start] GC(293) Adjust Roots
[92.899s][info][gc,phases      ] GC(293) Adjust Roots 0.203ms
[92.899s][info][gc,phases,start] GC(293) Compaction Phase
[93.560s][info][gc,phases      ] GC(293) Compaction Phase 660.784ms
[93.560s][info][gc,phases,start] GC(293) Post Compact
[93.570s][info][gc,phases      ] GC(293) Post Compact 10.301ms
[93.571s][info][gc,heap        ] GC(293) PSYoungGen: 79359K(451072K)->79359K(451072K) Eden: 79359K(79360K)->79359K(79360K) From: 0K(371712K)->0K(371712K)
[93.571s][info][gc,heap        ] GC(293) ParOldGen: 6826927K(6827008K)->6826927K(6827008K)
[93.571s][info][gc,metaspace   ] GC(293) Metaspace: 6297K(6464K)->6297K(6464K) NonClass: 5764K(5824K)->5764K(5824K) Class: 533K(640K)->533K(640K)
[93.571s][info][gc             ] GC(293) Pause Full (Ergonomics) 6744M->6744M(7107M) 2349.284ms
[93.571s][info][gc,cpu         ] GC(293) User=16.78s Sys=0.02s Real=2.35s
[93.571s][info][gc,start       ] GC(294) Pause Full (Ergonomics)
[93.571s][info][gc,phases,start] GC(294) Marking Phase
[95.259s][info][gc,phases      ] GC(294) Marking Phase 1687.835ms
[95.259s][info][gc,phases,start] GC(294) Summary Phase
[95.259s][info][gc,phases      ] GC(294) Summary Phase 0.069ms
[95.259s][info][gc,phases,start] GC(294) Adjust Roots
[95.259s][info][gc,phases      ] GC(294) Adjust Roots 0.169ms
[95.259s][info][gc,phases,start] GC(294) Compaction Phase
[95.900s][info][gc,phases      ] GC(294) Compaction Phase 640.525ms
[95.900s][info][gc,phases,start] GC(294) Post Compact
[95.910s][info][gc,phases      ] GC(294) Post Compact 10.217ms
[95.910s][info][gc,heap        ] GC(294) PSYoungGen: 79359K(451072K)->79359K(451072K) Eden: 79359K(79360K)->79359K(79360K) From: 0K(371712K)->0K(371712K)
[95.910s][info][gc,heap        ] GC(294) ParOldGen: 6826932K(6827008K)->6826932K(6827008K)
[95.910s][info][gc,metaspace   ] GC(294) Metaspace: 6297K(6464K)->6297K(6464K) NonClass: 5764K(5824K)->5764K(5824K) Class: 533K(640K)->533K(640K)
[95.910s][info][gc             ] GC(294) Pause Full (Ergonomics) 6744M->6744M(7107M) 2339.133ms
[95.910s][info][gc,cpu         ] GC(294) User=16.64s Sys=0.00s Real=2.34s
[95.910s][info][gc,start       ] GC(295) Pause Full (Ergonomics)
[95.910s][info][gc,phases,start] GC(295) Marking Phase
[97.556s][info][gc,phases      ] GC(295) Marking Phase 1645.471ms
[97.556s][info][gc,phases,start] GC(295) Summary Phase
[97.556s][info][gc,phases      ] GC(295) Summary Phase 0.068ms
[97.556s][info][gc,phases,start] GC(295) Adjust Roots
[97.556s][info][gc,phases      ] GC(295) Adjust Roots 0.201ms
[97.556s][info][gc,phases,start] GC(295) Compaction Phase
[98.141s][info][gc,phases      ] GC(295) Compaction Phase 585.153ms
[98.141s][info][gc,phases,start] GC(295) Post Compact
[98.152s][info][gc,phases      ] GC(295) Post Compact 10.285ms
[98.152s][info][gc,heap        ] GC(295) PSYoungGen: 79359K(451072K)->79359K(451072K) Eden: 79359K(79360K)->79359K(79360K) From: 0K(371712K)->0K(371712K)
[98.152s][info][gc,heap        ] GC(295) ParOldGen: 6826937K(6827008K)->6826937K(6827008K)
[98.152s][info][gc,metaspace   ] GC(295) Metaspace: 6297K(6464K)->6297K(6464K) NonClass: 5764K(5824K)->5764K(5824K) Class: 533K(640K)->533K(640K)
[98.152s][info][gc             ] GC(295) Pause Full (Ergonomics) 6744M->6744M(7107M) 2241.549ms
[98.152s][info][gc,cpu         ] GC(295) User=16.64s Sys=0.00s Real=2.24s
[98.152s][info][gc,start       ] GC(296) Pause Full (Ergonomics)
[98.152s][info][gc,phases,start] GC(296) Marking Phase
[99.820s][info][gc,phases      ] GC(296) Marking Phase 1667.782ms
[99.820s][info][gc,phases,start] GC(296) Summary Phase
[99.820s][info][gc,phases      ] GC(296) Summary Phase 0.068ms
[99.820s][info][gc,phases,start] GC(296) Adjust Roots
[99.820s][info][gc,phases      ] GC(296) Adjust Roots 0.159ms
[99.820s][info][gc,phases,start] GC(296) Compaction Phase
[100.434s][info][gc,phases      ] GC(296) Compaction Phase 613.589ms
[100.434s][info][gc,phases,start] GC(296) Post Compact
[100.444s][info][gc,phases      ] GC(296) Post Compact 10.040ms
[100.444s][info][gc,heap        ] GC(296) PSYoungGen: 79359K(451072K)->79359K(451072K) Eden: 79359K(79360K)->79359K(79360K) From: 0K(371712K)->0K(371712K)
[100.444s][info][gc,heap        ] GC(296) ParOldGen: 6826942K(6827008K)->6826942K(6827008K)
[100.444s][info][gc,metaspace   ] GC(296) Metaspace: 6297K(6464K)->6297K(6464K) NonClass: 5764K(5824K)->5764K(5824K) Class: 533K(640K)->533K(640K)
[100.444s][info][gc             ] GC(296) Pause Full (Ergonomics) 6744M->6744M(7107M) 2291.956ms
[100.444s][info][gc,cpu         ] GC(296) User=16.77s Sys=0.02s Real=2.29s
[100.444s][info][gc,start       ] GC(297) Pause Full (Ergonomics)
[100.444s][info][gc,phases,start] GC(297) Marking Phase
[102.105s][info][gc,phases      ] GC(297) Marking Phase 1660.500ms
[102.105s][info][gc,phases,start] GC(297) Summary Phase
[102.105s][info][gc,phases      ] GC(297) Summary Phase 0.108ms
[102.105s][info][gc,phases,start] GC(297) Adjust Roots
[102.105s][info][gc,phases      ] GC(297) Adjust Roots 0.178ms
[102.105s][info][gc,phases,start] GC(297) Compaction Phase
[102.714s][info][gc,phases      ] GC(297) Compaction Phase 609.123ms
[102.714s][info][gc,phases,start] GC(297) Post Compact
[102.725s][info][gc,phases      ] GC(297) Post Compact 10.476ms
[102.725s][info][gc,heap        ] GC(297) PSYoungGen: 79359K(451072K)->79359K(451072K) Eden: 79359K(79360K)->79359K(79360K) From: 0K(371712K)->0K(371712K)
[102.725s][info][gc,heap        ] GC(297) ParOldGen: 6826947K(6827008K)->6826947K(6827008K)
[102.725s][info][gc,metaspace   ] GC(297) Metaspace: 6297K(6464K)->6297K(6464K) NonClass: 5764K(5824K)->5764K(5824K) Class: 533K(640K)->533K(640K)
[102.725s][info][gc             ] GC(297) Pause Full (Ergonomics) 6744M->6744M(7107M) 2280.748ms
[102.725s][info][gc,cpu         ] GC(297) User=16.73s Sys=0.00s Real=2.28s
[102.725s][info][gc,start       ] GC(298) Pause Full (Ergonomics)
[102.725s][info][gc,phases,start] GC(298) Marking Phase
[104.434s][info][gc,phases      ] GC(298) Marking Phase 1709.034ms
[104.434s][info][gc,phases,start] GC(298) Summary Phase
[104.434s][info][gc,phases      ] GC(298) Summary Phase 0.074ms
[104.434s][info][gc,phases,start] GC(298) Adjust Roots
[104.434s][info][gc,phases      ] GC(298) Adjust Roots 0.241ms
[104.434s][info][gc,phases,start] GC(298) Compaction Phase
[105.035s][info][gc,phases      ] GC(298) Compaction Phase 600.204ms
[105.035s][info][gc,phases,start] GC(298) Post Compact
[105.045s][info][gc,phases      ] GC(298) Post Compact 10.159ms
[105.045s][info][gc,heap        ] GC(298) PSYoungGen: 79359K(451072K)->79359K(451072K) Eden: 79359K(79360K)->79359K(79360K) From: 0K(371712K)->0K(371712K)
[105.045s][info][gc,heap        ] GC(298) ParOldGen: 6826951K(6827008K)->6826951K(6827008K)
[105.045s][info][gc,metaspace   ] GC(298) Metaspace: 6297K(6464K)->6297K(6464K) NonClass: 5764K(5824K)->5764K(5824K) Class: 533K(640K)->533K(640K)
[105.045s][info][gc             ] GC(298) Pause Full (Ergonomics) 6744M->6744M(7107M) 2320.030ms
[105.045s][info][gc,cpu         ] GC(298) User=17.02s Sys=0.02s Real=2.32s
[105.045s][info][gc,start       ] GC(299) Pause Full (Ergonomics)
[105.045s][info][gc,phases,start] GC(299) Marking Phase
[106.705s][info][gc,phases      ] GC(299) Marking Phase 1660.154ms
[106.705s][info][gc,phases,start] GC(299) Summary Phase
[106.706s][info][gc,phases      ] GC(299) Summary Phase 0.068ms
[106.706s][info][gc,phases,start] GC(299) Adjust Roots
[106.706s][info][gc,phases      ] GC(299) Adjust Roots 0.161ms
[106.706s][info][gc,phases,start] GC(299) Compaction Phase
[107.300s][info][gc,phases      ] GC(299) Compaction Phase 594.048ms
[107.300s][info][gc,phases,start] GC(299) Post Compact
[107.311s][info][gc,phases      ] GC(299) Post Compact 11.560ms
[107.311s][info][gc,heap        ] GC(299) PSYoungGen: 79359K(451072K)->79359K(451072K) Eden: 79359K(79360K)->79359K(79360K) From: 0K(371712K)->0K(371712K)
[107.311s][info][gc,heap        ] GC(299) ParOldGen: 6826956K(6827008K)->6826956K(6827008K)
[107.312s][info][gc,metaspace   ] GC(299) Metaspace: 6297K(6464K)->6297K(6464K) NonClass: 5764K(5824K)->5764K(5824K) Class: 533K(640K)->533K(640K)
[107.312s][info][gc             ] GC(299) Pause Full (Ergonomics) 6744M->6744M(7107M) 2266.314ms
[107.312s][info][gc,cpu         ] GC(299) User=16.62s Sys=0.00s Real=2.27s
[107.312s][info][gc,start       ] GC(300) Pause Full (Ergonomics)
[107.312s][info][gc,phases,start] GC(300) Marking Phase
[108.975s][info][gc,phases      ] GC(300) Marking Phase 1662.905ms
[108.975s][info][gc,phases,start] GC(300) Summary Phase
[108.975s][info][gc,phases      ] GC(300) Summary Phase 0.070ms
[108.975s][info][gc,phases,start] GC(300) Adjust Roots
[108.975s][info][gc,phases      ] GC(300) Adjust Roots 0.162ms
[108.975s][info][gc,phases,start] GC(300) Compaction Phase
[109.592s][info][gc,phases      ] GC(300) Compaction Phase 617.210ms
[109.592s][info][gc,phases,start] GC(300) Post Compact
[109.604s][info][gc,phases      ] GC(300) Post Compact 11.732ms
[109.604s][info][gc,heap        ] GC(300) PSYoungGen: 79359K(451072K)->79359K(451072K) Eden: 79359K(79360K)->79359K(79360K) From: 0K(371712K)->0K(371712K)
[109.604s][info][gc,heap        ] GC(300) ParOldGen: 6826961K(6827008K)->6826961K(6827008K)
[109.604s][info][gc,metaspace   ] GC(300) Metaspace: 6297K(6464K)->6297K(6464K) NonClass: 5764K(5824K)->5764K(5824K) Class: 533K(640K)->533K(640K)
[109.604s][info][gc             ] GC(300) Pause Full (Ergonomics) 6744M->6744M(7107M) 2292.442ms
[109.604s][info][gc,cpu         ] GC(300) User=16.75s Sys=0.00s Real=2.29s
[109.604s][info][gc,start       ] GC(301) Pause Full (Ergonomics)
[109.604s][info][gc,phases,start] GC(301) Marking Phase
[111.268s][info][gc,phases      ] GC(301) Marking Phase 1663.708ms
[111.268s][info][gc,phases,start] GC(301) Summary Phase
[111.268s][info][gc,phases      ] GC(301) Summary Phase 0.068ms
[111.268s][info][gc,phases,start] GC(301) Adjust Roots
[111.268s][info][gc,phases      ] GC(301) Adjust Roots 0.189ms
[111.269s][info][gc,phases,start] GC(301) Compaction Phase
[111.865s][info][gc,phases      ] GC(301) Compaction Phase 596.499ms
[111.865s][info][gc,phases,start] GC(301) Post Compact
[111.875s][info][gc,phases      ] GC(301) Post Compact 10.203ms
[111.875s][info][gc,heap        ] GC(301) PSYoungGen: 79359K(451072K)->79359K(451072K) Eden: 79359K(79360K)->79359K(79360K) From: 0K(371712K)->0K(371712K)
[111.875s][info][gc,heap        ] GC(301) ParOldGen: 6826966K(6827008K)->6826966K(6827008K)
[111.875s][info][gc,metaspace   ] GC(301) Metaspace: 6297K(6464K)->6297K(6464K) NonClass: 5764K(5824K)->5764K(5824K) Class: 533K(640K)->533K(640K)
[111.875s][info][gc             ] GC(301) Pause Full (Ergonomics) 6744M->6744M(7107M) 2271.021ms
[111.875s][info][gc,cpu         ] GC(301) User=16.86s Sys=0.00s Real=2.27s
[111.876s][info][gc,start       ] GC(302) Pause Full (Ergonomics)
[111.876s][info][gc,phases,start] GC(302) Marking Phase
[113.542s][info][gc,phases      ] GC(302) Marking Phase 1666.186ms
[113.542s][info][gc,phases,start] GC(302) Summary Phase
[113.542s][info][gc,phases      ] GC(302) Summary Phase 0.068ms
[113.542s][info][gc,phases,start] GC(302) Adjust Roots
[113.542s][info][gc,phases      ] GC(302) Adjust Roots 0.163ms
[113.542s][info][gc,phases,start] GC(302) Compaction Phase
[114.183s][info][gc,phases      ] GC(302) Compaction Phase 641.147ms
[114.183s][info][gc,phases,start] GC(302) Post Compact
[114.194s][info][gc,phases      ] GC(302) Post Compact 10.270ms
[114.194s][info][gc,heap        ] GC(302) PSYoungGen: 79359K(451072K)->79359K(451072K) Eden: 79359K(79360K)->79359K(79360K) From: 0K(371712K)->0K(371712K)
[114.194s][info][gc,heap        ] GC(302) ParOldGen: 6826971K(6827008K)->6826971K(6827008K)
[114.194s][info][gc,metaspace   ] GC(302) Metaspace: 6297K(6464K)->6297K(6464K) NonClass: 5764K(5824K)->5764K(5824K) Class: 533K(640K)->533K(640K)
[114.194s][info][gc             ] GC(302) Pause Full (Ergonomics) 6744M->6744M(7107M) 2318.132ms
[114.194s][info][gc,cpu         ] GC(302) User=16.72s Sys=0.00s Real=2.32s
[114.194s][info][gc,start       ] GC(303) Pause Full (Ergonomics)
[114.194s][info][gc,phases,start] GC(303) Marking Phase
[115.855s][info][gc,phases      ] GC(303) Marking Phase 1661.196ms
[115.855s][info][gc,phases,start] GC(303) Summary Phase
[115.855s][info][gc,phases      ] GC(303) Summary Phase 0.068ms
[115.855s][info][gc,phases,start] GC(303) Adjust Roots
[115.855s][info][gc,phases      ] GC(303) Adjust Roots 0.166ms
[115.856s][info][gc,phases,start] GC(303) Compaction Phase
[116.453s][info][gc,phases      ] GC(303) Compaction Phase 597.522ms
[116.453s][info][gc,phases,start] GC(303) Post Compact
[116.463s][info][gc,phases      ] GC(303) Post Compact 10.252ms
[116.463s][info][gc,heap        ] GC(303) PSYoungGen: 79359K(451072K)->79359K(451072K) Eden: 79359K(79360K)->79359K(79360K) From: 0K(371712K)->0K(371712K)
[116.463s][info][gc,heap        ] GC(303) ParOldGen: 6826976K(6827008K)->6826976K(6827008K)
[116.463s][info][gc,metaspace   ] GC(303) Metaspace: 6297K(6464K)->6297K(6464K) NonClass: 5764K(5824K)->5764K(5824K) Class: 533K(640K)->533K(640K)
[116.463s][info][gc             ] GC(303) Pause Full (Ergonomics) 6744M->6744M(7107M) 2269.515ms
[116.463s][info][gc,cpu         ] GC(303) User=16.72s Sys=0.00s Real=2.27s
[116.464s][info][gc,start       ] GC(304) Pause Full (Ergonomics)
[116.464s][info][gc,phases,start] GC(304) Marking Phase
[118.122s][info][gc,phases      ] GC(304) Marking Phase 1658.097ms
[118.122s][info][gc,phases,start] GC(304) Summary Phase
[118.122s][info][gc,phases      ] GC(304) Summary Phase 0.077ms
[118.122s][info][gc,phases,start] GC(304) Adjust Roots
[118.122s][info][gc,phases      ] GC(304) Adjust Roots 0.244ms
[118.122s][info][gc,phases,start] GC(304) Compaction Phase
[118.697s][info][gc,phases      ] GC(304) Compaction Phase 575.241ms
[118.698s][info][gc,phases,start] GC(304) Post Compact
[118.708s][info][gc,phases      ] GC(304) Post Compact 10.484ms
[118.708s][info][gc,heap        ] GC(304) PSYoungGen: 79359K(451072K)->79359K(451072K) Eden: 79359K(79360K)->79359K(79360K) From: 0K(371712K)->0K(371712K)
[118.708s][info][gc,heap        ] GC(304) ParOldGen: 6826980K(6827008K)->6826980K(6827008K)
[118.708s][info][gc,metaspace   ] GC(304) Metaspace: 6297K(6464K)->6297K(6464K) NonClass: 5764K(5824K)->5764K(5824K) Class: 533K(640K)->533K(640K)
[118.708s][info][gc             ] GC(304) Pause Full (Ergonomics) 6744M->6744M(7107M) 2244.510ms
[118.708s][info][gc,cpu         ] GC(304) User=16.69s Sys=0.00s Real=2.24s
[118.708s][info][gc,start       ] GC(305) Pause Full (Ergonomics)
[118.708s][info][gc,phases,start] GC(305) Marking Phase
[120.350s][info][gc,phases      ] GC(305) Marking Phase 1641.836ms
[120.350s][info][gc,phases,start] GC(305) Summary Phase
[120.350s][info][gc,phases      ] GC(305) Summary Phase 0.098ms
[120.350s][info][gc,phases,start] GC(305) Adjust Roots
[120.351s][info][gc,phases      ] GC(305) Adjust Roots 0.167ms
[120.351s][info][gc,phases,start] GC(305) Compaction Phase
[120.999s][info][gc,phases      ] GC(305) Compaction Phase 648.326ms
[120.999s][info][gc,phases,start] GC(305) Post Compact
[121.009s][info][gc,phases      ] GC(305) Post Compact 10.126ms
[121.009s][info][gc,heap        ] GC(305) PSYoungGen: 79359K(451072K)->79359K(451072K) Eden: 79359K(79360K)->79359K(79360K) From: 0K(371712K)->0K(371712K)
[121.009s][info][gc,heap        ] GC(305) ParOldGen: 6826985K(6827008K)->6826985K(6827008K)
[121.009s][info][gc,metaspace   ] GC(305) Metaspace: 6297K(6464K)->6297K(6464K) NonClass: 5764K(5824K)->5764K(5824K) Class: 533K(640K)->533K(640K)
[121.009s][info][gc             ] GC(305) Pause Full (Ergonomics) 6744M->6744M(7107M) 2300.874ms
[121.009s][info][gc,cpu         ] GC(305) User=16.48s Sys=0.02s Real=2.30s
[121.010s][info][gc,start       ] GC(306) Pause Full (Ergonomics)
[121.010s][info][gc,phases,start] GC(306) Marking Phase
[122.619s][info][gc,phases      ] GC(306) Marking Phase 1608.968ms
[122.619s][info][gc,phases,start] GC(306) Summary Phase
[122.619s][info][gc,phases      ] GC(306) Summary Phase 0.068ms
[122.619s][info][gc,phases,start] GC(306) Adjust Roots
[122.619s][info][gc,phases      ] GC(306) Adjust Roots 0.161ms
[122.619s][info][gc,phases,start] GC(306) Compaction Phase
[123.212s][info][gc,phases      ] GC(306) Compaction Phase 592.791ms
[123.212s][info][gc,phases,start] GC(306) Post Compact
[123.222s][info][gc,phases      ] GC(306) Post Compact 10.195ms
[123.222s][info][gc,heap        ] GC(306) PSYoungGen: 79359K(451072K)->79359K(451072K) Eden: 79359K(79360K)->79359K(79360K) From: 0K(371712K)->0K(371712K)
[123.222s][info][gc,heap        ] GC(306) ParOldGen: 6826990K(6827008K)->6826990K(6827008K)
[123.222s][info][gc,metaspace   ] GC(306) Metaspace: 6297K(6464K)->6297K(6464K) NonClass: 5764K(5824K)->5764K(5824K) Class: 533K(640K)->533K(640K)
[123.222s][info][gc             ] GC(306) Pause Full (Ergonomics) 6744M->6744M(7107M) 2212.509ms
[123.222s][info][gc,cpu         ] GC(306) User=16.19s Sys=0.00s Real=2.21s
[123.222s][info][gc,start       ] GC(307) Pause Full (Ergonomics)
[123.222s][info][gc,phases,start] GC(307) Marking Phase
[124.881s][info][gc,phases      ] GC(307) Marking Phase 1658.944ms
[124.881s][info][gc,phases,start] GC(307) Summary Phase
[124.881s][info][gc,phases      ] GC(307) Summary Phase 0.093ms
[124.881s][info][gc,phases,start] GC(307) Adjust Roots
[124.882s][info][gc,phases      ] GC(307) Adjust Roots 0.232ms
[124.882s][info][gc,phases,start] GC(307) Compaction Phase
[125.476s][info][gc,phases      ] GC(307) Compaction Phase 593.910ms
[125.476s][info][gc,phases,start] GC(307) Post Compact
[125.486s][info][gc,phases      ] GC(307) Post Compact 10.149ms
[125.486s][info][gc,heap        ] GC(307) PSYoungGen: 79359K(451072K)->79359K(451072K) Eden: 79359K(79360K)->79359K(79360K) From: 0K(371712K)->0K(371712K)
[125.486s][info][gc,heap        ] GC(307) ParOldGen: 6826995K(6827008K)->6826995K(6827008K)
[125.486s][info][gc,metaspace   ] GC(307) Metaspace: 6297K(6464K)->6297K(6464K) NonClass: 5764K(5824K)->5764K(5824K) Class: 533K(640K)->533K(640K)
[125.486s][info][gc             ] GC(307) Pause Full (Ergonomics) 6744M->6744M(7107M) 2263.653ms
[125.486s][info][gc,cpu         ] GC(307) User=16.53s Sys=0.03s Real=2.26s
[125.486s][info][gc,start       ] GC(308) Pause Full (Ergonomics)
[125.486s][info][gc,phases,start] GC(308) Marking Phase
[127.131s][info][gc,phases      ] GC(308) Marking Phase 1644.855ms
[127.131s][info][gc,phases,start] GC(308) Summary Phase
[127.131s][info][gc,phases      ] GC(308) Summary Phase 0.068ms
[127.131s][info][gc,phases,start] GC(308) Adjust Roots
[127.131s][info][gc,phases      ] GC(308) Adjust Roots 0.159ms
[127.131s][info][gc,phases,start] GC(308) Compaction Phase
[127.772s][info][gc,phases      ] GC(308) Compaction Phase 640.556ms
[127.772s][info][gc,phases,start] GC(308) Post Compact
[127.782s][info][gc,phases      ] GC(308) Post Compact 10.248ms
[127.782s][info][gc,heap        ] GC(308) PSYoungGen: 79359K(451072K)->79359K(451072K) Eden: 79359K(79360K)->79359K(79360K) From: 0K(371712K)->0K(371712K)
[127.782s][info][gc,heap        ] GC(308) ParOldGen: 6827000K(6827008K)->6827000K(6827008K)
[127.782s][info][gc,metaspace   ] GC(308) Metaspace: 6297K(6464K)->6297K(6464K) NonClass: 5764K(5824K)->5764K(5824K) Class: 533K(640K)->533K(640K)
[127.782s][info][gc             ] GC(308) Pause Full (Ergonomics) 6744M->6744M(7107M) 2296.198ms
[127.782s][info][gc,cpu         ] GC(308) User=16.34s Sys=0.00s Real=2.30s
[127.782s][info][gc,start       ] GC(309) Pause Full (Ergonomics)
[127.782s][info][gc,phases,start] GC(309) Marking Phase
[129.404s][info][gc,phases      ] GC(309) Marking Phase 1621.959ms
[129.404s][info][gc,phases,start] GC(309) Summary Phase
[129.405s][info][gc,phases      ] GC(309) Summary Phase 0.099ms
[129.405s][info][gc,phases,start] GC(309) Adjust Roots
[129.405s][info][gc,phases      ] GC(309) Adjust Roots 0.304ms
[129.405s][info][gc,phases,start] GC(309) Compaction Phase
[130.022s][info][gc,phases      ] GC(309) Compaction Phase 617.403ms
[130.022s][info][gc,phases,start] GC(309) Post Compact
[130.033s][info][gc,phases      ] GC(309) Post Compact 10.373ms
[130.033s][info][gc,heap        ] GC(309) PSYoungGen: 79359K(451072K)->79359K(451072K) Eden: 79359K(79360K)->79359K(79360K) From: 0K(371712K)->0K(371712K)
[130.033s][info][gc,heap        ] GC(309) ParOldGen: 6827005K(6827008K)->6827005K(6827008K)
[130.033s][info][gc,metaspace   ] GC(309) Metaspace: 6297K(6464K)->6297K(6464K) NonClass: 5764K(5824K)->5764K(5824K) Class: 533K(640K)->533K(640K)
[130.033s][info][gc             ] GC(309) Pause Full (Ergonomics) 6744M->6744M(7107M) 2250.467ms
[130.033s][info][gc,cpu         ] GC(309) User=16.48s Sys=0.00s Real=2.25s
[130.033s][info][gc,start       ] GC(310) Pause Full (Ergonomics)
[130.033s][info][gc,phases,start] GC(310) Marking Phase
[131.686s][info][gc,phases      ] GC(310) Marking Phase 1652.476ms
[131.686s][info][gc,phases,start] GC(310) Summary Phase
[131.686s][info][gc,phases      ] GC(310) Summary Phase 0.108ms
[131.686s][info][gc,phases,start] GC(310) Adjust Roots
[131.686s][info][gc,phases      ] GC(310) Adjust Roots 0.180ms
[131.686s][info][gc,phases,start] GC(310) Compaction Phase
[132.255s][info][gc,phases      ] GC(310) Compaction Phase 568.493ms
[132.255s][info][gc,phases,start] GC(310) Post Compact
[132.265s][info][gc,phases      ] GC(310) Post Compact 10.198ms
[132.265s][info][gc,heap        ] GC(310) PSYoungGen: 79359K(451072K)->79359K(451072K) Eden: 79359K(79360K)->79359K(79360K) From: 0K(371712K)->0K(371712K)
[132.265s][info][gc,heap        ] GC(310) ParOldGen: 6827007K(6827008K)->6827007K(6827008K)
[132.265s][info][gc,metaspace   ] GC(310) Metaspace: 6297K(6464K)->6297K(6464K) NonClass: 5764K(5824K)->5764K(5824K) Class: 533K(640K)->533K(640K)
[132.265s][info][gc             ] GC(310) Pause Full (Ergonomics) 6744M->6744M(7107M) 2231.839ms
[132.265s][info][gc,cpu         ] GC(310) User=16.42s Sys=0.02s Real=2.23s
[132.265s][info][gc,start       ] GC(311) Pause Full (Allocation Failure)
[132.265s][info][gc,phases,start] GC(311) Marking Phase
[133.906s][info][gc,phases      ] GC(311) Marking Phase 1640.801ms
[133.906s][info][gc,phases,start] GC(311) Summary Phase
[133.906s][info][gc,phases      ] GC(311) Summary Phase 0.069ms
[133.906s][info][gc,phases,start] GC(311) Adjust Roots
[133.906s][info][gc,phases      ] GC(311) Adjust Roots 0.380ms
[133.906s][info][gc,phases,start] GC(311) Compaction Phase
[135.637s][info][gc,phases      ] GC(311) Compaction Phase 1730.188ms
[135.637s][info][gc,phases,start] GC(311) Post Compact
[135.647s][info][gc,phases      ] GC(311) Post Compact 10.551ms
[135.647s][info][gc,heap        ] GC(311) PSYoungGen: 79359K(451072K)->79359K(451072K) Eden: 79359K(79360K)->79359K(79360K) From: 0K(371712K)->0K(371712K)
[135.647s][info][gc,heap        ] GC(311) ParOldGen: 6827007K(6827008K)->6827003K(6827008K)
[135.647s][info][gc,metaspace   ] GC(311) Metaspace: 6297K(6464K)->6295K(6464K) NonClass: 5764K(5824K)->5763K(5824K) Class: 533K(640K)->532K(640K)
[135.647s][info][gc             ] GC(311) Pause Full (Allocation Failure) 6744M->6744M(7107M) 3382.350ms
[135.647s][info][gc,cpu         ] GC(311) User=24.64s Sys=0.03s Real=3.38s
[135.648s][info][gc,start       ] GC(312) Pause Full (Ergonomics)
[135.648s][info][gc,phases,start] GC(312) Marking Phase
[137.295s][info][gc,phases      ] GC(312) Marking Phase 1647.053ms
[137.295s][info][gc,phases,start] GC(312) Summary Phase
[137.295s][info][gc,phases      ] GC(312) Summary Phase 0.068ms
[137.295s][info][gc,phases,start] GC(312) Adjust Roots
[137.295s][info][gc,phases      ] GC(312) Adjust Roots 0.159ms
[137.295s][info][gc,phases,start] GC(312) Compaction Phase
[137.903s][info][gc,phases      ] GC(312) Compaction Phase 607.305ms
[137.903s][info][gc,phases,start] GC(312) Post Compact
[137.913s][info][gc,phases      ] GC(312) Post Compact 10.198ms
[137.913s][info][gc,heap        ] GC(312) PSYoungGen: 79359K(451072K)->79359K(451072K) Eden: 79359K(79360K)->79359K(79360K) From: 0K(371712K)->0K(371712K)
[137.913s][info][gc,heap        ] GC(312) ParOldGen: 6827005K(6827008K)->6827005K(6827008K)
[137.913s][info][gc,metaspace   ] GC(312) Metaspace: 6295K(6464K)->6295K(6464K) NonClass: 5763K(5824K)->5763K(5824K) Class: 532K(640K)->532K(640K)
[137.913s][info][gc             ] GC(312) Pause Full (Ergonomics) 6744M->6744M(7107M) 2265.092ms
[137.913s][info][gc,cpu         ] GC(312) User=16.47s Sys=0.00s Real=2.27s
[137.913s][info][gc,start       ] GC(313) Pause Full (Ergonomics)
[137.913s][info][gc,phases,start] GC(313) Marking Phase
[139.539s][info][gc,phases      ] GC(313) Marking Phase 1625.727ms
[139.539s][info][gc,phases,start] GC(313) Summary Phase
[139.539s][info][gc,phases      ] GC(313) Summary Phase 0.069ms
[139.539s][info][gc,phases,start] GC(313) Adjust Roots
[139.539s][info][gc,phases      ] GC(313) Adjust Roots 0.206ms
[139.539s][info][gc,phases,start] GC(313) Compaction Phase
[140.089s][info][gc,phases      ] GC(313) Compaction Phase 549.758ms
[140.089s][info][gc,phases,start] GC(313) Post Compact
[140.099s][info][gc,phases      ] GC(313) Post Compact 10.293ms
[140.100s][info][gc,heap        ] GC(313) PSYoungGen: 79359K(451072K)->79359K(451072K) Eden: 79359K(79360K)->79359K(79360K) From: 0K(371712K)->0K(371712K)
[140.100s][info][gc,heap        ] GC(313) ParOldGen: 6827007K(6827008K)->6827007K(6827008K)
[140.100s][info][gc,metaspace   ] GC(313) Metaspace: 6295K(6464K)->6295K(6464K) NonClass: 5763K(5824K)->5763K(5824K) Class: 532K(640K)->532K(640K)
[140.100s][info][gc             ] GC(313) Pause Full (Ergonomics) 6744M->6744M(7107M) 2186.372ms
[140.100s][info][gc,cpu         ] GC(313) User=16.14s Sys=0.00s Real=2.19s
[140.100s][info][gc,start       ] GC(314) Pause Full (Allocation Failure)
[140.100s][info][gc,phases,start] GC(314) Marking Phase
[141.712s][info][gc,phases      ] GC(314) Marking Phase 1612.785ms
[141.713s][info][gc,phases,start] GC(314) Summary Phase
[141.713s][info][gc,phases      ] GC(314) Summary Phase 0.071ms
[141.713s][info][gc,phases,start] GC(314) Adjust Roots
[141.713s][info][gc,phases      ] GC(314) Adjust Roots 0.164ms
[141.713s][info][gc,phases,start] GC(314) Compaction Phase
[142.281s][info][gc,phases      ] GC(314) Compaction Phase 567.708ms
[142.281s][info][gc,phases,start] GC(314) Post Compact
[142.291s][info][gc,phases      ] GC(314) Post Compact 10.157ms
[142.291s][info][gc,heap        ] GC(314) PSYoungGen: 79359K(451072K)->79359K(451072K) Eden: 79359K(79360K)->79359K(79360K) From: 0K(371712K)->0K(371712K)
[142.291s][info][gc,heap        ] GC(314) ParOldGen: 6827007K(6827008K)->6827007K(6827008K)
[142.291s][info][gc,metaspace   ] GC(314) Metaspace: 6295K(6464K)->6295K(6464K) NonClass: 5763K(5824K)->5763K(5824K) Class: 532K(640K)->532K(640K)
[142.291s][info][gc             ] GC(314) Pause Full (Allocation Failure) 6744M->6744M(7107M) 2191.225ms
[142.291s][info][gc,cpu         ] GC(314) User=16.14s Sys=0.00s Real=2.19s
[142.291s][info][gc,start       ] GC(315) Pause Full (Ergonomics)
[142.291s][info][gc,phases,start] GC(315) Marking Phase
[143.938s][info][gc,phases      ] GC(315) Marking Phase 1646.824ms
[143.938s][info][gc,phases,start] GC(315) Summary Phase
[143.938s][info][gc,phases      ] GC(315) Summary Phase 0.068ms
[143.938s][info][gc,phases,start] GC(315) Adjust Roots
[143.939s][info][gc,phases      ] GC(315) Adjust Roots 0.262ms
[143.939s][info][gc,phases,start] GC(315) Compaction Phase
[145.656s][info][gc,phases      ] GC(315) Compaction Phase 1717.393ms
[145.656s][info][gc,phases,start] GC(315) Post Compact
[145.666s][info][gc,phases      ] GC(315) Post Compact 10.345ms
[145.666s][info][gc,heap        ] GC(315) PSYoungGen: 79359K(451072K)->79359K(451072K) Eden: 79359K(79360K)->79359K(79360K) From: 0K(371712K)->0K(371712K)
[145.666s][info][gc,heap        ] GC(315) ParOldGen: 6827007K(6827008K)->6827006K(6827008K)
[145.666s][info][gc,metaspace   ] GC(315) Metaspace: 6295K(6464K)->6295K(6464K) NonClass: 5763K(5824K)->5763K(5824K) Class: 532K(640K)->532K(640K)
[145.667s][info][gc             ] GC(315) Pause Full (Ergonomics) 6744M->6744M(7107M) 3375.242ms
[145.667s][info][gc,cpu         ] GC(315) User=23.38s Sys=0.03s Real=3.38s
[145.668s][info][gc,start       ] GC(316) Pause Full (Ergonomics)
[145.668s][info][gc,phases,start] GC(316) Marking Phase
[147.282s][info][gc,phases      ] GC(316) Marking Phase 1614.245ms
[147.282s][info][gc,phases,start] GC(316) Summary Phase
[147.282s][info][gc,phases      ] GC(316) Summary Phase 0.069ms
[147.282s][info][gc,phases,start] GC(316) Adjust Roots
[147.282s][info][gc,phases      ] GC(316) Adjust Roots 0.324ms
[147.282s][info][gc,phases,start] GC(316) Compaction Phase
[149.027s][info][gc,phases      ] GC(316) Compaction Phase 1744.680ms
[149.027s][info][gc,phases,start] GC(316) Post Compact
[149.039s][info][gc,phases      ] GC(316) Post Compact 11.444ms
[149.039s][info][gc,heap        ] GC(316) PSYoungGen: 79359K(451072K)->79359K(451072K) Eden: 79359K(79360K)->79359K(79360K) From: 0K(371712K)->0K(371712K)
[149.039s][info][gc,heap        ] GC(316) ParOldGen: 6827007K(6827008K)->6827005K(6827008K)
[149.039s][info][gc,metaspace   ] GC(316) Metaspace: 6297K(6464K)->6297K(6464K) NonClass: 5763K(5824K)->5763K(5824K) Class: 533K(640K)->533K(640K)
[149.039s][info][gc             ] GC(316) Pause Full (Ergonomics) 6744M->6744M(7107M) 3371.163ms
[149.039s][info][gc,cpu         ] GC(316) User=24.23s Sys=0.02s Real=3.37s
[149.039s][info][gc,start       ] GC(317) Pause Full (Ergonomics)
[149.039s][info][gc,phases,start] GC(317) Marking Phase
[150.648s][info][gc,phases      ] GC(317) Marking Phase 1608.385ms
[150.648s][info][gc,phases,start] GC(317) Summary Phase
[150.648s][info][gc,phases      ] GC(317) Summary Phase 0.081ms
[150.648s][info][gc,phases,start] GC(317) Adjust Roots
[150.648s][info][gc,phases      ] GC(317) Adjust Roots 0.251ms
[150.648s][info][gc,phases,start] GC(317) Compaction Phase
[151.250s][info][gc,phases      ] GC(317) Compaction Phase 601.852ms
[151.250s][info][gc,phases,start] GC(317) Post Compact
[151.260s][info][gc,phases      ] GC(317) Post Compact 10.178ms
[151.260s][info][gc,heap        ] GC(317) PSYoungGen: 79359K(451072K)->79359K(451072K) Eden: 79359K(79360K)->79359K(79360K) From: 0K(371712K)->0K(371712K)
[151.260s][info][gc,heap        ] GC(317) ParOldGen: 6827005K(6827008K)->6827005K(6827008K)
[151.260s][info][gc,metaspace   ] GC(317) Metaspace: 6297K(6464K)->6297K(6464K) NonClass: 5763K(5824K)->5763K(5824K) Class: 533K(640K)->533K(640K)
[151.260s][info][gc             ] GC(317) Pause Full (Ergonomics) 6744M->6744M(7107M) 2221.114ms
[151.260s][info][gc,cpu         ] GC(317) User=15.83s Sys=0.00s Real=2.22s
[151.261s][info][gc,heap,exit   ] Heap
[151.261s][info][gc,heap,exit   ]  PSYoungGen      total 451072K, used 79359K [0x000000072fb00000, 0x0000000762480000, 0x0000000800000000)
[151.261s][info][gc,heap,exit   ]   eden space 79360K, 99% used [0x000000072fb00000,0x000000073487fff8,0x0000000734880000)
[151.261s][info][gc,heap,exit   ]   from space 371712K, 0% used [0x0000000734880000,0x0000000734880000,0x000000074b380000)
[151.261s][info][gc,heap,exit   ]   to   space 371712K, 0% used [0x000000074b380000,0x000000074b380000,0x0000000761e80000)
[151.261s][info][gc,heap,exit   ]  ParOldGen       total 6827008K, used 6827005K [0x000000058f000000, 0x000000072fb00000, 0x000000072fb00000)
[151.261s][info][gc,heap,exit   ]   object space 6827008K, 99% used [0x000000058f000000,0x000000072faff7d8,0x000000072fb00000)
[151.261s][info][gc,heap,exit   ]  Metaspace       used 6300K, committed 6464K, reserved 1114112K
[151.261s][info][gc,heap,exit   ]   class space    used 534K, committed 640K, reserved 1048576K
