[0.017s][info][gc,init] CardTable entry size: 512
[0.017s][info][gc     ] Using Parallel
[0.019s][info][gc,init] Version: 18.0.1+10 (release)
[0.019s][info][gc,init] CPUs: 8 total, 8 available
[0.019s][info][gc,init] Memory: 16063M
[0.019s][info][gc,init] Large Page Support: Disabled
[0.019s][info][gc,init] NUMA Support: Disabled
[0.019s][info][gc,init] Compressed Oops: Enabled (Zero based)
[0.019s][info][gc,init] Alignments: Space 512K, Generation 512K, Heap 2M
[0.019s][info][gc,init] Heap Min Capacity: 2M
[0.019s][info][gc,init] Heap Initial Capacity: 2M
[0.019s][info][gc,init] Heap Max Capacity: 11400M
[0.020s][info][gc,init] Pre-touch: Disabled
[0.020s][info][gc,init] Parallel Workers: 8
[0.020s][info][gc,metaspace] CDS archive(s) not mapped
[0.020s][info][gc,metaspace] Compressed class space mapped at: 0x0000000800000000-0x0000000840000000, reserved size: 1073741824
[0.020s][info][gc,metaspace] Narrow klass base: 0x0000000800000000, Narrow klass shift: 0, Narrow klass range: 0x40000000
[0.123s][info][gc,start    ] GC(0) Pause Young (Allocation Failure)
[0.124s][info][gc,heap     ] GC(0) PSYoungGen: 512K(1024K)->480K(1024K) Eden: 512K(512K)->0K(512K) From: 0K(512K)->480K(512K)
[0.124s][info][gc,heap     ] GC(0) ParOldGen: 0K(512K)->8K(512K)
[0.124s][info][gc,metaspace] GC(0) Metaspace: 4229K(4352K)->4229K(4352K) NonClass: 3908K(3968K)->3908K(3968K) Class: 321K(384K)->321K(384K)
[0.124s][info][gc          ] GC(0) Pause Young (Allocation Failure) 0M->0M(1M) 1.722ms
[0.124s][info][gc,cpu      ] GC(0) User=0.00s Sys=0.00s Real=0.00s
[0.196s][info][gc,start    ] GC(1) Pause Young (Allocation Failure)
[0.197s][info][gc,heap     ] GC(1) PSYoungGen: 991K(1024K)->512K(1536K) Eden: 511K(512K)->0K(1024K) From: 480K(512K)->512K(512K)
[0.197s][info][gc,heap     ] GC(1) ParOldGen: 8K(512K)->88K(512K)
[0.197s][info][gc,metaspace] GC(1) Metaspace: 5878K(6016K)->5878K(6016K) NonClass: 5381K(5504K)->5381K(5504K) Class: 496K(512K)->496K(512K)
[0.197s][info][gc          ] GC(1) Pause Young (Allocation Failure) 0M->0M(2M) 1.109ms
[0.197s][info][gc,cpu      ] GC(1) User=0.00s Sys=0.00s Real=0.00s
[0.220s][info][gc,start    ] GC(2) Pause Young (Allocation Failure)
[0.222s][info][gc,heap     ] GC(2) PSYoungGen: 1536K(1536K)->512K(1536K) Eden: 1024K(1024K)->0K(1024K) From: 512K(512K)->512K(512K)
[0.222s][info][gc,heap     ] GC(2) ParOldGen: 88K(512K)->512K(1024K)
[0.222s][info][gc,metaspace] GC(2) Metaspace: 6297K(6464K)->6297K(6464K) NonClass: 5764K(5824K)->5764K(5824K) Class: 533K(640K)->533K(640K)
[0.222s][info][gc          ] GC(2) Pause Young (Allocation Failure) 1M->1M(2M) 1.603ms
[0.222s][info][gc,cpu      ] GC(2) User=0.00s Sys=0.00s Real=0.00s
[0.224s][info][gc,start    ] GC(3) Pause Young (Allocation Failure)
[0.225s][info][gc,heap     ] GC(3) PSYoungGen: 1536K(1536K)->480K(2560K) Eden: 1024K(1024K)->0K(2048K) From: 512K(512K)->480K(512K)
[0.225s][info][gc,heap     ] GC(3) ParOldGen: 512K(1024K)->1068K(1536K)
[0.225s][info][gc,metaspace] GC(3) Metaspace: 6297K(6464K)->6297K(6464K) NonClass: 5764K(5824K)->5764K(5824K) Class: 533K(640K)->533K(640K)
[0.225s][info][gc          ] GC(3) Pause Young (Allocation Failure) 2M->1M(4M) 1.429ms
[0.225s][info][gc,cpu      ] GC(3) User=0.00s Sys=0.00s Real=0.00s
[0.225s][info][gc,start    ] GC(4) Pause Full (Ergonomics)
[0.225s][info][gc,phases,start] GC(4) Marking Phase
[0.226s][info][gc,phases      ] GC(4) Marking Phase 1.217ms
[0.227s][info][gc,phases,start] GC(4) Summary Phase
[0.227s][info][gc,phases      ] GC(4) Summary Phase 0.017ms
[0.227s][info][gc,phases,start] GC(4) Adjust Roots
[0.227s][info][gc,phases      ] GC(4) Adjust Roots 0.408ms
[0.227s][info][gc,phases,start] GC(4) Compaction Phase
[0.229s][info][gc,phases      ] GC(4) Compaction Phase 2.141ms
[0.229s][info][gc,phases,start] GC(4) Post Compact
[0.229s][info][gc,phases      ] GC(4) Post Compact 0.080ms
[0.229s][info][gc,heap        ] GC(4) PSYoungGen: 480K(2560K)->0K(2560K) Eden: 0K(2048K)->0K(2048K) From: 480K(512K)->0K(512K)
[0.229s][info][gc,heap        ] GC(4) ParOldGen: 1068K(1536K)->1495K(3584K)
[0.229s][info][gc,metaspace   ] GC(4) Metaspace: 6297K(6464K)->6297K(6464K) NonClass: 5764K(5824K)->5764K(5824K) Class: 533K(640K)->533K(640K)
[0.229s][info][gc             ] GC(4) Pause Full (Ergonomics) 1M->1M(6M) 4.229ms
[0.229s][info][gc,cpu         ] GC(4) User=0.00s Sys=0.00s Real=0.00s
[0.232s][info][gc,start       ] GC(5) Pause Young (Allocation Failure)
[0.234s][info][gc,heap        ] GC(5) PSYoungGen: 2048K(2560K)->480K(3584K) Eden: 2048K(2048K)->0K(3072K) From: 0K(512K)->480K(512K)
[0.234s][info][gc,heap        ] GC(5) ParOldGen: 1495K(3584K)->2119K(3584K)
[0.234s][info][gc,metaspace   ] GC(5) Metaspace: 6297K(6464K)->6297K(6464K) NonClass: 5764K(5824K)->5764K(5824K) Class: 533K(640K)->533K(640K)
[0.234s][info][gc             ] GC(5) Pause Young (Allocation Failure) 3M->2M(7M) 1.308ms
[0.234s][info][gc,cpu         ] GC(5) User=0.00s Sys=0.00s Real=0.00s
[0.240s][info][gc,start       ] GC(6) Pause Young (Allocation Failure)
[0.242s][info][gc,heap        ] GC(6) PSYoungGen: 3552K(3584K)->1504K(4608K) Eden: 3072K(3072K)->0K(3072K) From: 480K(512K)->1504K(1536K)
[0.242s][info][gc,heap        ] GC(6) ParOldGen: 2119K(3584K)->2687K(3584K)
[0.242s][info][gc,metaspace   ] GC(6) Metaspace: 6297K(6464K)->6297K(6464K) NonClass: 5764K(5824K)->5764K(5824K) Class: 533K(640K)->533K(640K)
[0.242s][info][gc             ] GC(6) Pause Young (Allocation Failure) 5M->4M(8M) 2.084ms
[0.242s][info][gc,cpu         ] GC(6) User=0.00s Sys=0.00s Real=0.00s
[0.242s][info][gc,start       ] GC(7) Pause Full (Ergonomics)
[0.242s][info][gc,phases,start] GC(7) Marking Phase
[0.244s][info][gc,phases      ] GC(7) Marking Phase 2.486ms
[0.244s][info][gc,phases,start] GC(7) Summary Phase
[0.244s][info][gc,phases      ] GC(7) Summary Phase 0.016ms
[0.244s][info][gc,phases,start] GC(7) Adjust Roots
[0.245s][info][gc,phases      ] GC(7) Adjust Roots 0.346ms
[0.245s][info][gc,phases,start] GC(7) Compaction Phase
[0.248s][info][gc,phases      ] GC(7) Compaction Phase 2.888ms
[0.248s][info][gc,phases,start] GC(7) Post Compact
[0.248s][info][gc,phases      ] GC(7) Post Compact 0.035ms
[0.248s][info][gc,heap        ] GC(7) PSYoungGen: 1504K(4608K)->990K(4608K) Eden: 0K(3072K)->0K(3072K) From: 1504K(1536K)->990K(1536K)
[0.248s][info][gc,heap        ] GC(7) ParOldGen: 2687K(3584K)->3127K(6144K)
[0.248s][info][gc,metaspace   ] GC(7) Metaspace: 6297K(6464K)->6297K(6464K) NonClass: 5764K(5824K)->5764K(5824K) Class: 533K(640K)->533K(640K)
[0.248s][info][gc             ] GC(7) Pause Full (Ergonomics) 4M->4M(10M) 6.140ms
[0.248s][info][gc,cpu         ] GC(7) User=0.02s Sys=0.00s Real=0.01s
[0.254s][info][gc,start       ] GC(8) Pause Young (Allocation Failure)
[0.258s][info][gc,heap        ] GC(8) PSYoungGen: 4062K(4608K)->2048K(5632K) Eden: 3072K(3072K)->0K(3584K) From: 990K(1536K)->2048K(2048K)
[0.258s][info][gc,heap        ] GC(8) ParOldGen: 3127K(6144K)->3671K(6144K)
[0.258s][info][gc,metaspace   ] GC(8) Metaspace: 6297K(6464K)->6297K(6464K) NonClass: 5764K(5824K)->5764K(5824K) Class: 533K(640K)->533K(640K)
[0.258s][info][gc             ] GC(8) Pause Young (Allocation Failure) 7M->5M(11M) 3.538ms
[0.258s][info][gc,cpu         ] GC(8) User=0.00s Sys=0.00s Real=0.00s
[0.265s][info][gc,start       ] GC(9) Pause Young (Allocation Failure)
[0.269s][info][gc,heap        ] GC(9) PSYoungGen: 5632K(5632K)->3040K(6656K) Eden: 3584K(3584K)->0K(3584K) From: 2048K(2048K)->3040K(3072K)
[0.269s][info][gc,heap        ] GC(9) ParOldGen: 3671K(6144K)->4671K(6144K)
[0.269s][info][gc,metaspace   ] GC(9) Metaspace: 6297K(6464K)->6297K(6464K) NonClass: 5764K(5824K)->5764K(5824K) Class: 533K(640K)->533K(640K)
[0.269s][info][gc             ] GC(9) Pause Young (Allocation Failure) 9M->7M(12M) 4.755ms
[0.270s][info][gc,cpu         ] GC(9) User=0.00s Sys=0.00s Real=0.00s
[0.275s][info][gc,start       ] GC(10) Pause Young (Allocation Failure)
[0.279s][info][gc,heap        ] GC(10) PSYoungGen: 6624K(6656K)->4064K(8704K) Eden: 3584K(3584K)->0K(4608K) From: 3040K(3072K)->4064K(4096K)
[0.279s][info][gc,heap        ] GC(10) ParOldGen: 4671K(6144K)->5511K(6144K)
[0.279s][info][gc,metaspace   ] GC(10) Metaspace: 6297K(6464K)->6297K(6464K) NonClass: 5764K(5824K)->5764K(5824K) Class: 533K(640K)->533K(640K)
[0.279s][info][gc             ] GC(10) Pause Young (Allocation Failure) 11M->9M(14M) 4.805ms
[0.279s][info][gc,cpu         ] GC(10) User=0.02s Sys=0.00s Real=0.00s
[0.279s][info][gc,start       ] GC(11) Pause Full (Ergonomics)
[0.279s][info][gc,phases,start] GC(11) Marking Phase
[0.285s][info][gc,phases      ] GC(11) Marking Phase 5.154ms
[0.285s][info][gc,phases,start] GC(11) Summary Phase
[0.285s][info][gc,phases      ] GC(11) Summary Phase 0.024ms
[0.285s][info][gc,phases,start] GC(11) Adjust Roots
[0.285s][info][gc,phases      ] GC(11) Adjust Roots 0.321ms
[0.285s][info][gc,phases,start] GC(11) Compaction Phase
[0.291s][info][gc,phases      ] GC(11) Compaction Phase 6.220ms
[0.291s][info][gc,phases,start] GC(11) Post Compact
[0.291s][info][gc,phases      ] GC(11) Post Compact 0.060ms
[0.292s][info][gc,heap        ] GC(11) PSYoungGen: 4064K(8704K)->3545K(8704K) Eden: 0K(4608K)->0K(4608K) From: 4064K(4096K)->3545K(4096K)
[0.292s][info][gc,heap        ] GC(11) ParOldGen: 5511K(6144K)->5831K(10240K)
[0.292s][info][gc,metaspace   ] GC(11) Metaspace: 6297K(6464K)->6297K(6464K) NonClass: 5764K(5824K)->5764K(5824K) Class: 533K(640K)->533K(640K)
[0.292s][info][gc             ] GC(11) Pause Full (Ergonomics) 9M->9M(18M) 12.226ms
[0.292s][info][gc,cpu         ] GC(11) User=0.00s Sys=0.00s Real=0.01s
[0.297s][info][gc,start       ] GC(12) Pause Young (Allocation Failure)
[0.302s][info][gc,heap        ] GC(12) PSYoungGen: 8013K(8704K)->4032K(9728K) Eden: 4468K(4608K)->0K(4608K) From: 3545K(4096K)->4032K(5120K)
[0.302s][info][gc,heap        ] GC(12) ParOldGen: 5831K(10240K)->7703K(10240K)
[0.302s][info][gc,metaspace   ] GC(12) Metaspace: 6297K(6464K)->6297K(6464K) NonClass: 5764K(5824K)->5764K(5824K) Class: 533K(640K)->533K(640K)
[0.302s][info][gc             ] GC(12) Pause Young (Allocation Failure) 13M->11M(19M) 5.238ms
[0.302s][info][gc,cpu         ] GC(12) User=0.00s Sys=0.00s Real=0.01s
[0.309s][info][gc,start       ] GC(13) Pause Young (Allocation Failure)
[0.316s][info][gc,heap        ] GC(13) PSYoungGen: 8640K(9728K)->2656K(12288K) Eden: 4608K(4608K)->0K(6656K) From: 4032K(5120K)->2656K(5632K)
[0.316s][info][gc,heap        ] GC(13) ParOldGen: 7703K(10240K)->11791K(12288K)
[0.316s][info][gc,metaspace   ] GC(13) Metaspace: 6297K(6464K)->6297K(6464K) NonClass: 5764K(5824K)->5764K(5824K) Class: 533K(640K)->533K(640K)
[0.316s][info][gc             ] GC(13) Pause Young (Allocation Failure) 15M->14M(24M) 6.813ms
[0.316s][info][gc,cpu         ] GC(13) User=0.00s Sys=0.00s Real=0.01s
[0.316s][info][gc,start       ] GC(14) Pause Full (Ergonomics)
[0.316s][info][gc,phases,start] GC(14) Marking Phase
[0.322s][info][gc,phases      ] GC(14) Marking Phase 6.736ms
[0.323s][info][gc,phases,start] GC(14) Summary Phase
[0.323s][info][gc,phases      ] GC(14) Summary Phase 0.018ms
[0.323s][info][gc,phases,start] GC(14) Adjust Roots
[0.323s][info][gc,phases      ] GC(14) Adjust Roots 0.174ms
[0.323s][info][gc,phases,start] GC(14) Compaction Phase
[0.329s][info][gc,phases      ] GC(14) Compaction Phase 6.648ms
[0.330s][info][gc,phases,start] GC(14) Post Compact
[0.330s][info][gc,phases      ] GC(14) Post Compact 0.054ms
[0.330s][info][gc,heap        ] GC(14) PSYoungGen: 2656K(12288K)->2045K(12288K) Eden: 0K(6656K)->0K(6656K) From: 2656K(5632K)->2045K(5632K)
[0.330s][info][gc,heap        ] GC(14) ParOldGen: 11791K(12288K)->11991K(18944K)
[0.330s][info][gc,metaspace   ] GC(14) Metaspace: 6297K(6464K)->6297K(6464K) NonClass: 5764K(5824K)->5764K(5824K) Class: 533K(640K)->533K(640K)
[0.330s][info][gc             ] GC(14) Pause Full (Ergonomics) 14M->13M(30M) 13.983ms
[0.330s][info][gc,cpu         ] GC(14) User=0.00s Sys=0.00s Real=0.01s
[0.336s][info][gc,start       ] GC(15) Pause Young (Allocation Failure)
[0.341s][info][gc,heap        ] GC(15) PSYoungGen: 8701K(12288K)->3456K(12288K) Eden: 6656K(6656K)->0K(6656K) From: 2045K(5632K)->3456K(5632K)
[0.341s][info][gc,heap        ] GC(15) ParOldGen: 11991K(18944K)->14079K(18944K)
[0.341s][info][gc,metaspace   ] GC(15) Metaspace: 6299K(6464K)->6299K(6464K) NonClass: 5765K(5824K)->5765K(5824K) Class: 533K(640K)->533K(640K)
[0.341s][info][gc             ] GC(15) Pause Young (Allocation Failure) 20M->17M(30M) 5.134ms
[0.341s][info][gc,cpu         ] GC(15) User=0.00s Sys=0.00s Real=0.01s
[0.346s][info][gc,start       ] GC(16) Pause Young (Allocation Failure)
[0.353s][info][gc,heap        ] GC(16) PSYoungGen: 10112K(12288K)->3456K(14848K) Eden: 6656K(6656K)->0K(9216K) From: 3456K(5632K)->3456K(5632K)
[0.353s][info][gc,heap        ] GC(16) ParOldGen: 14079K(18944K)->17543K(18944K)
[0.353s][info][gc,metaspace   ] GC(16) Metaspace: 6299K(6464K)->6299K(6464K) NonClass: 5765K(5824K)->5765K(5824K) Class: 533K(640K)->533K(640K)
[0.353s][info][gc             ] GC(16) Pause Young (Allocation Failure) 23M->20M(33M) 6.866ms
[0.353s][info][gc,cpu         ] GC(16) User=0.00s Sys=0.00s Real=0.01s
[0.353s][info][gc,start       ] GC(17) Pause Full (Ergonomics)
[0.353s][info][gc,phases,start] GC(17) Marking Phase
[0.364s][info][gc,phases      ] GC(17) Marking Phase 10.733ms
[0.364s][info][gc,phases,start] GC(17) Summary Phase
[0.364s][info][gc,phases      ] GC(17) Summary Phase 0.020ms
[0.364s][info][gc,phases,start] GC(17) Adjust Roots
[0.365s][info][gc,phases      ] GC(17) Adjust Roots 0.317ms
[0.365s][info][gc,phases,start] GC(17) Compaction Phase
[0.373s][info][gc,phases      ] GC(17) Compaction Phase 8.042ms
[0.373s][info][gc,phases,start] GC(17) Post Compact
[0.373s][info][gc,phases      ] GC(17) Post Compact 0.127ms
[0.373s][info][gc,heap        ] GC(17) PSYoungGen: 3456K(14848K)->2412K(14848K) Eden: 0K(9216K)->0K(9216K) From: 3456K(5632K)->2412K(5632K)
[0.373s][info][gc,heap        ] GC(17) ParOldGen: 17543K(18944K)->18460K(27648K)
[0.373s][info][gc,metaspace   ] GC(17) Metaspace: 6299K(6464K)->6299K(6464K) NonClass: 5765K(5824K)->5765K(5824K) Class: 533K(640K)->533K(640K)
[0.373s][info][gc             ] GC(17) Pause Full (Ergonomics) 20M->20M(41M) 19.733ms
[0.373s][info][gc,cpu         ] GC(17) User=0.02s Sys=0.00s Real=0.02s
[0.385s][info][gc,start       ] GC(18) Pause Young (Allocation Failure)
[0.393s][info][gc,heap        ] GC(18) PSYoungGen: 11628K(14848K)->5312K(14848K) Eden: 9216K(9216K)->0K(9216K) From: 2412K(5632K)->5312K(5632K)
[0.393s][info][gc,heap        ] GC(18) ParOldGen: 18460K(27648K)->20916K(27648K)
[0.393s][info][gc,metaspace   ] GC(18) Metaspace: 6299K(6464K)->6299K(6464K) NonClass: 5765K(5824K)->5765K(5824K) Class: 533K(640K)->533K(640K)
[0.393s][info][gc             ] GC(18) Pause Young (Allocation Failure) 29M->25M(41M) 8.048ms
[0.393s][info][gc,cpu         ] GC(18) User=0.00s Sys=0.00s Real=0.01s
[0.400s][info][gc,start       ] GC(19) Pause Young (Allocation Failure)
[0.409s][info][gc,heap        ] GC(19) PSYoungGen: 14528K(14848K)->4800K(18944K) Eden: 9216K(9216K)->0K(12288K) From: 5312K(5632K)->4800K(6656K)
[0.409s][info][gc,heap        ] GC(19) ParOldGen: 20916K(27648K)->26244K(27648K)
[0.409s][info][gc,metaspace   ] GC(19) Metaspace: 6299K(6464K)->6299K(6464K) NonClass: 5765K(5824K)->5765K(5824K) Class: 533K(640K)->533K(640K)
[0.409s][info][gc             ] GC(19) Pause Young (Allocation Failure) 34M->30M(45M) 9.473ms
[0.409s][info][gc,cpu         ] GC(19) User=0.00s Sys=0.00s Real=0.01s
[0.409s][info][gc,start       ] GC(20) Pause Full (Ergonomics)
[0.409s][info][gc,phases,start] GC(20) Marking Phase
[0.424s][info][gc,phases      ] GC(20) Marking Phase 14.251ms
[0.424s][info][gc,phases,start] GC(20) Summary Phase
[0.424s][info][gc,phases      ] GC(20) Summary Phase 0.019ms
[0.424s][info][gc,phases,start] GC(20) Adjust Roots
[0.424s][info][gc,phases      ] GC(20) Adjust Roots 0.195ms
[0.424s][info][gc,phases,start] GC(20) Compaction Phase
[0.435s][info][gc,phases      ] GC(20) Compaction Phase 11.112ms
[0.435s][info][gc,phases,start] GC(20) Post Compact
[0.435s][info][gc,phases      ] GC(20) Post Compact 0.117ms
[0.435s][info][gc,heap        ] GC(20) PSYoungGen: 4800K(18944K)->3228K(18944K) Eden: 0K(12288K)->0K(12288K) From: 4800K(6656K)->3228K(6656K)
[0.435s][info][gc,heap        ] GC(20) ParOldGen: 26244K(27648K)->27151K(38400K)
[0.436s][info][gc,metaspace   ] GC(20) Metaspace: 6299K(6464K)->6299K(6464K) NonClass: 5765K(5824K)->5765K(5824K) Class: 533K(640K)->533K(640K)
[0.436s][info][gc             ] GC(20) Pause Full (Ergonomics) 30M->29M(56M) 26.088ms
[0.436s][info][gc,cpu         ] GC(20) User=0.00s Sys=0.00s Real=0.03s
[0.449s][info][gc,start       ] GC(21) Pause Young (Allocation Failure)
[0.464s][info][gc,heap        ] GC(21) PSYoungGen: 15516K(18944K)->6656K(18944K) Eden: 12288K(12288K)->0K(12288K) From: 3228K(6656K)->6656K(6656K)
[0.464s][info][gc,heap        ] GC(21) ParOldGen: 27151K(38400K)->35279K(38400K)
[0.464s][info][gc,metaspace   ] GC(21) Metaspace: 6299K(6464K)->6299K(6464K) NonClass: 5765K(5824K)->5765K(5824K) Class: 533K(640K)->533K(640K)
[0.464s][info][gc             ] GC(21) Pause Young (Allocation Failure) 41M->40M(56M) 15.781ms
[0.464s][info][gc,cpu         ] GC(21) User=0.00s Sys=0.00s Real=0.01s
[0.464s][info][gc,start       ] GC(22) Pause Full (Ergonomics)
[0.464s][info][gc,phases,start] GC(22) Marking Phase
[0.482s][info][gc,phases      ] GC(22) Marking Phase 18.047ms
[0.483s][info][gc,phases,start] GC(22) Summary Phase
[0.483s][info][gc,phases      ] GC(22) Summary Phase 0.015ms
[0.483s][info][gc,phases,start] GC(22) Adjust Roots
[0.483s][info][gc,phases      ] GC(22) Adjust Roots 0.186ms
[0.483s][info][gc,phases,start] GC(22) Compaction Phase
[0.494s][info][gc,phases      ] GC(22) Compaction Phase 10.755ms
[0.494s][info][gc,phases,start] GC(22) Post Compact
[0.494s][info][gc,phases      ] GC(22) Post Compact 0.187ms
[0.494s][info][gc,heap        ] GC(22) PSYoungGen: 6656K(18944K)->3577K(18944K) Eden: 0K(12288K)->0K(12288K) From: 6656K(6656K)->3577K(6656K)
[0.494s][info][gc,heap        ] GC(22) ParOldGen: 35279K(38400K)->38210K(53248K)
[0.494s][info][gc,metaspace   ] GC(22) Metaspace: 6299K(6464K)->6299K(6464K) NonClass: 5765K(5824K)->5765K(5824K) Class: 533K(640K)->533K(640K)
[0.494s][info][gc             ] GC(22) Pause Full (Ergonomics) 40M->40M(70M) 29.636ms
[0.494s][info][gc,cpu         ] GC(22) User=0.03s Sys=0.00s Real=0.03s
[0.509s][info][gc,start       ] GC(23) Pause Young (Allocation Failure)
[0.524s][info][gc,heap        ] GC(23) PSYoungGen: 15865K(18944K)->10720K(20992K) Eden: 12288K(12288K)->0K(10240K) From: 3577K(6656K)->10720K(10752K)
[0.524s][info][gc,heap        ] GC(23) ParOldGen: 38210K(53248K)->45514K(53248K)
[0.524s][info][gc,metaspace   ] GC(23) Metaspace: 6299K(6464K)->6299K(6464K) NonClass: 5765K(5824K)->5765K(5824K) Class: 533K(640K)->533K(640K)
[0.524s][info][gc             ] GC(23) Pause Young (Allocation Failure) 52M->54M(72M) 14.368ms
[0.524s][info][gc,cpu         ] GC(23) User=0.00s Sys=0.00s Real=0.01s
[0.524s][info][gc,start       ] GC(24) Pause Full (Ergonomics)
[0.524s][info][gc,phases,start] GC(24) Marking Phase
[0.546s][info][gc,phases      ] GC(24) Marking Phase 22.055ms
[0.546s][info][gc,phases,start] GC(24) Summary Phase
[0.546s][info][gc,phases      ] GC(24) Summary Phase 0.026ms
[0.546s][info][gc,phases,start] GC(24) Adjust Roots
[0.546s][info][gc,phases      ] GC(24) Adjust Roots 0.169ms
[0.546s][info][gc,phases,start] GC(24) Compaction Phase
[0.563s][info][gc,phases      ] GC(24) Compaction Phase 17.348ms
[0.563s][info][gc,phases,start] GC(24) Post Compact
[0.564s][info][gc,phases      ] GC(24) Post Compact 0.222ms
[0.564s][info][gc,heap        ] GC(24) PSYoungGen: 10720K(20992K)->0K(25600K) Eden: 0K(10240K)->0K(10240K) From: 10720K(10752K)->0K(15360K)
[0.564s][info][gc,heap        ] GC(24) ParOldGen: 45514K(53248K)->53025K(70656K)
[0.564s][info][gc,metaspace   ] GC(24) Metaspace: 6299K(6464K)->6299K(6464K) NonClass: 5765K(5824K)->5765K(5824K) Class: 533K(640K)->533K(640K)
[0.564s][info][gc             ] GC(24) Pause Full (Ergonomics) 54M->51M(94M) 40.240ms
[0.564s][info][gc,cpu         ] GC(24) User=0.05s Sys=0.00s Real=0.04s
[0.575s][info][gc,start       ] GC(25) Pause Young (Allocation Failure)
[0.586s][info][gc,heap        ] GC(25) PSYoungGen: 10240K(25600K)->10272K(26624K) Eden: 10240K(10240K)->0K(11264K) From: 0K(15360K)->10272K(15360K)
[0.586s][info][gc,heap        ] GC(25) ParOldGen: 53025K(70656K)->53025K(70656K)
[0.586s][info][gc,metaspace   ] GC(25) Metaspace: 6299K(6464K)->6299K(6464K) NonClass: 5765K(5824K)->5765K(5824K) Class: 533K(640K)->533K(640K)
[0.586s][info][gc             ] GC(25) Pause Young (Allocation Failure) 61M->61M(95M) 11.134ms
[0.586s][info][gc,cpu         ] GC(25) User=0.00s Sys=0.00s Real=0.01s
[0.599s][info][gc,start       ] GC(26) Pause Young (Allocation Failure)
[0.614s][info][gc,heap        ] GC(26) PSYoungGen: 21536K(26624K)->16384K(27648K) Eden: 11264K(11264K)->0K(11264K) From: 10272K(15360K)->16384K(16384K)
[0.614s][info][gc,heap        ] GC(26) ParOldGen: 53025K(70656K)->58209K(70656K)
[0.614s][info][gc,metaspace   ] GC(26) Metaspace: 6299K(6464K)->6299K(6464K) NonClass: 5765K(5824K)->5765K(5824K) Class: 533K(640K)->533K(640K)
[0.614s][info][gc             ] GC(26) Pause Young (Allocation Failure) 72M->72M(96M) 15.110ms
[0.614s][info][gc,cpu         ] GC(26) User=0.00s Sys=0.00s Real=0.02s
[0.627s][info][gc,start       ] GC(27) Pause Young (Allocation Failure)
[0.647s][info][gc,heap        ] GC(27) PSYoungGen: 27648K(27648K)->11264K(34816K) Eden: 11264K(11264K)->0K(13824K) From: 16384K(16384K)->11264K(20992K)
[0.647s][info][gc,heap        ] GC(27) ParOldGen: 58209K(70656K)->74833K(75264K)
[0.647s][info][gc,metaspace   ] GC(27) Metaspace: 6299K(6464K)->6299K(6464K) NonClass: 5765K(5824K)->5765K(5824K) Class: 533K(640K)->533K(640K)
[0.647s][info][gc             ] GC(27) Pause Young (Allocation Failure) 83M->84M(107M) 20.554ms
[0.647s][info][gc,cpu         ] GC(27) User=0.02s Sys=0.00s Real=0.02s
[0.647s][info][gc,start       ] GC(28) Pause Full (Ergonomics)
[0.647s][info][gc,phases,start] GC(28) Marking Phase
[0.681s][info][gc,phases      ] GC(28) Marking Phase 34.189ms
[0.682s][info][gc,phases,start] GC(28) Summary Phase
[0.682s][info][gc,phases      ] GC(28) Summary Phase 0.015ms
[0.682s][info][gc,phases,start] GC(28) Adjust Roots
[0.682s][info][gc,phases      ] GC(28) Adjust Roots 0.231ms
[0.682s][info][gc,phases,start] GC(28) Compaction Phase
[0.707s][info][gc,phases      ] GC(28) Compaction Phase 25.041ms
[0.707s][info][gc,phases,start] GC(28) Post Compact
[0.707s][info][gc,phases      ] GC(28) Post Compact 0.512ms
[0.708s][info][gc,heap        ] GC(28) PSYoungGen: 11264K(34816K)->10717K(34816K) Eden: 0K(13824K)->0K(13824K) From: 11264K(20992K)->10717K(20992K)
[0.708s][info][gc,heap        ] GC(28) ParOldGen: 74833K(75264K)->74978K(98816K)
[0.708s][info][gc,metaspace   ] GC(28) Metaspace: 6299K(6464K)->6299K(6464K) NonClass: 5765K(5824K)->5765K(5824K) Class: 533K(640K)->533K(640K)
[0.708s][info][gc             ] GC(28) Pause Full (Ergonomics) 84M->83M(130M) 60.436ms
[0.708s][info][gc,cpu         ] GC(28) User=0.06s Sys=0.00s Real=0.06s
[0.728s][info][gc,start       ] GC(29) Pause Young (Allocation Failure)
[0.745s][info][gc,heap        ] GC(29) PSYoungGen: 24541K(34816K)->13888K(34816K) Eden: 13824K(13824K)->0K(13824K) From: 10717K(20992K)->13888K(20992K)
[0.745s][info][gc,heap        ] GC(29) ParOldGen: 74978K(98816K)->85882K(98816K)
[0.745s][info][gc,metaspace   ] GC(29) Metaspace: 6299K(6464K)->6299K(6464K) NonClass: 5765K(5824K)->5765K(5824K) Class: 533K(640K)->533K(640K)
[0.745s][info][gc             ] GC(29) Pause Young (Allocation Failure) 97M->97M(130M) 17.330ms
[0.745s][info][gc,cpu         ] GC(29) User=0.06s Sys=0.00s Real=0.02s
[0.745s][info][gc,start       ] GC(30) Pause Full (Ergonomics)
[0.745s][info][gc,phases,start] GC(30) Marking Phase
[0.775s][info][gc,phases      ] GC(30) Marking Phase 29.804ms
[0.775s][info][gc,phases,start] GC(30) Summary Phase
[0.775s][info][gc,phases      ] GC(30) Summary Phase 0.021ms
[0.775s][info][gc,phases,start] GC(30) Adjust Roots
[0.775s][info][gc,phases      ] GC(30) Adjust Roots 0.197ms
[0.775s][info][gc,phases,start] GC(30) Compaction Phase
[0.797s][info][gc,phases      ] GC(30) Compaction Phase 22.243ms
[0.797s][info][gc,phases,start] GC(30) Post Compact
[0.798s][info][gc,phases      ] GC(30) Post Compact 0.556ms
[0.798s][info][gc,heap        ] GC(30) PSYoungGen: 13888K(34816K)->0K(37888K) Eden: 0K(13824K)->0K(16384K) From: 13888K(20992K)->0K(21504K)
[0.798s][info][gc,heap        ] GC(30) ParOldGen: 85882K(98816K)->97449K(124928K)
[0.798s][info][gc,metaspace   ] GC(30) Metaspace: 6299K(6464K)->6299K(6464K) NonClass: 5765K(5824K)->5765K(5824K) Class: 533K(640K)->533K(640K)
[0.798s][info][gc             ] GC(30) Pause Full (Ergonomics) 97M->95M(159M) 53.483ms
[0.798s][info][gc,cpu         ] GC(30) User=0.05s Sys=0.02s Real=0.05s
[0.816s][info][gc,start       ] GC(31) Pause Young (Allocation Failure)
[0.829s][info][gc,heap        ] GC(31) PSYoungGen: 16384K(37888K)->16416K(38400K) Eden: 16384K(16384K)->0K(16384K) From: 0K(21504K)->16416K(22016K)
[0.829s][info][gc,heap        ] GC(31) ParOldGen: 97449K(124928K)->97449K(124928K)
[0.829s][info][gc,metaspace   ] GC(31) Metaspace: 6299K(6464K)->6299K(6464K) NonClass: 5765K(5824K)->5765K(5824K) Class: 533K(640K)->533K(640K)
[0.829s][info][gc             ] GC(31) Pause Young (Allocation Failure) 111M->111M(159M) 12.541ms
[0.829s][info][gc,cpu         ] GC(31) User=0.02s Sys=0.00s Real=0.01s
[0.845s][info][gc,start       ] GC(32) Pause Young (Allocation Failure)
[0.869s][info][gc,heap        ] GC(32) PSYoungGen: 32800K(38400K)->23552K(35840K) Eden: 16384K(16384K)->0K(12288K) From: 16416K(22016K)->23552K(23552K)
[0.869s][info][gc,heap        ] GC(32) ParOldGen: 97449K(124928K)->106801K(124928K)
[0.869s][info][gc,metaspace   ] GC(32) Metaspace: 6299K(6464K)->6299K(6464K) NonClass: 5765K(5824K)->5765K(5824K) Class: 533K(640K)->533K(640K)
[0.869s][info][gc             ] GC(32) Pause Young (Allocation Failure) 127M->127M(157M) 24.108ms
[0.869s][info][gc,cpu         ] GC(32) User=0.02s Sys=0.00s Real=0.02s
[0.880s][info][gc,start       ] GC(33) Pause Young (Allocation Failure)
[0.900s][info][gc,heap        ] GC(33) PSYoungGen: 35840K(35840K)->24288K(43008K) Eden: 12288K(12288K)->0K(12288K) From: 23552K(23552K)->24288K(30720K)
[0.900s][info][gc,heap        ] GC(33) ParOldGen: 106801K(124928K)->118569K(124928K)
[0.900s][info][gc,metaspace   ] GC(33) Metaspace: 6299K(6464K)->6299K(6464K) NonClass: 5765K(5824K)->5765K(5824K) Class: 533K(640K)->533K(640K)
[0.900s][info][gc             ] GC(33) Pause Young (Allocation Failure) 139M->139M(164M) 20.078ms
[0.900s][info][gc,cpu         ] GC(33) User=0.03s Sys=0.00s Real=0.02s
[0.900s][info][gc,start       ] GC(34) Pause Full (Ergonomics)
[0.900s][info][gc,phases,start] GC(34) Marking Phase
[0.945s][info][gc,phases      ] GC(34) Marking Phase 44.860ms
[0.945s][info][gc,phases,start] GC(34) Summary Phase
[0.945s][info][gc,phases      ] GC(34) Summary Phase 0.017ms
[0.945s][info][gc,phases,start] GC(34) Adjust Roots
[0.946s][info][gc,phases      ] GC(34) Adjust Roots 0.183ms
[0.946s][info][gc,phases,start] GC(34) Compaction Phase
[0.976s][info][gc,phases      ] GC(34) Compaction Phase 30.021ms
[0.976s][info][gc,phases,start] GC(34) Post Compact
[0.977s][info][gc,phases      ] GC(34) Post Compact 0.736ms
[0.977s][info][gc,heap        ] GC(34) PSYoungGen: 24288K(43008K)->17549K(43008K) Eden: 0K(12288K)->0K(12288K) From: 24288K(30720K)->17549K(30720K)
[0.977s][info][gc,heap        ] GC(34) ParOldGen: 118569K(124928K)->124861K(156672K)
[0.977s][info][gc,metaspace   ] GC(34) Metaspace: 6299K(6464K)->6299K(6464K) NonClass: 5765K(5824K)->5765K(5824K) Class: 533K(640K)->533K(640K)
[0.977s][info][gc             ] GC(34) Pause Full (Ergonomics) 139M->139M(195M) 76.370ms
[0.977s][info][gc,cpu         ] GC(34) User=0.16s Sys=0.00s Real=0.08s
[0.989s][info][gc,start       ] GC(35) Pause Young (Allocation Failure)
[1.015s][info][gc,heap        ] GC(35) PSYoungGen: 29837K(43008K)->21856K(47104K) Eden: 12288K(12288K)->0K(13312K) From: 17549K(30720K)->21856K(33792K)
[1.015s][info][gc,heap        ] GC(35) ParOldGen: 124861K(156672K)->133077K(156672K)
[1.015s][info][gc,metaspace   ] GC(35) Metaspace: 6299K(6464K)->6299K(6464K) NonClass: 5765K(5824K)->5765K(5824K) Class: 533K(640K)->533K(640K)
[1.015s][info][gc             ] GC(35) Pause Young (Allocation Failure) 151M->151M(199M) 25.488ms
[1.015s][info][gc,cpu         ] GC(35) User=0.06s Sys=0.00s Real=0.03s
[1.029s][info][gc,start       ] GC(36) Pause Young (Allocation Failure)
[1.051s][info][gc,heap        ] GC(36) PSYoungGen: 35168K(47104K)->34816K(48128K) Eden: 13312K(13312K)->0K(13312K) From: 21856K(33792K)->34816K(34816K)
[1.051s][info][gc,heap        ] GC(36) ParOldGen: 133077K(156672K)->133389K(156672K)
[1.051s][info][gc,metaspace   ] GC(36) Metaspace: 6299K(6464K)->6299K(6464K) NonClass: 5765K(5824K)->5765K(5824K) Class: 533K(640K)->533K(640K)
[1.051s][info][gc             ] GC(36) Pause Young (Allocation Failure) 164M->164M(200M) 22.370ms
[1.051s][info][gc,cpu         ] GC(36) User=0.06s Sys=0.00s Real=0.02s
[1.094s][info][gc,start       ] GC(37) Pause Full (Ergonomics)
[1.094s][info][gc,phases,start] GC(37) Marking Phase
[1.150s][info][gc,phases      ] GC(37) Marking Phase 55.977ms
[1.150s][info][gc,phases,start] GC(37) Summary Phase
[1.150s][info][gc,phases      ] GC(37) Summary Phase 0.018ms
[1.150s][info][gc,phases,start] GC(37) Adjust Roots
[1.151s][info][gc,phases      ] GC(37) Adjust Roots 0.178ms
[1.151s][info][gc,phases,start] GC(37) Compaction Phase
[1.196s][info][gc,phases      ] GC(37) Compaction Phase 45.806ms
[1.196s][info][gc,phases,start] GC(37) Post Compact
[1.197s][info][gc,phases      ] GC(37) Post Compact 1.036ms
[1.198s][info][gc,heap        ] GC(37) PSYoungGen: 48128K(48128K)->29096K(48128K) Eden: 13312K(13312K)->0K(13312K) From: 34816K(34816K)->29096K(34816K)
[1.198s][info][gc,heap        ] GC(37) ParOldGen: 141581K(156672K)->156228K(189440K)
[1.198s][info][gc,metaspace   ] GC(37) Metaspace: 6299K(6464K)->6299K(6464K) NonClass: 5765K(5824K)->5765K(5824K) Class: 533K(640K)->533K(640K)
[1.198s][info][gc             ] GC(37) Pause Full (Ergonomics) 185M->180M(232M) 103.579ms
[1.198s][info][gc,cpu         ] GC(37) User=0.16s Sys=0.02s Real=0.10s
[1.211s][info][gc,start       ] GC(38) Pause Young (Allocation Failure)
[1.247s][info][gc,heap        ] GC(38) PSYoungGen: 42408K(48128K)->24352K(55808K) Eden: 13312K(13312K)->0K(14848K) From: 29096K(34816K)->24352K(40960K)
[1.247s][info][gc,heap        ] GC(38) ParOldGen: 156228K(189440K)->174668K(189440K)
[1.248s][info][gc,metaspace   ] GC(38) Metaspace: 6299K(6464K)->6299K(6464K) NonClass: 5765K(5824K)->5765K(5824K) Class: 533K(640K)->533K(640K)
[1.248s][info][gc             ] GC(38) Pause Young (Allocation Failure) 193M->194M(239M) 36.171ms
[1.248s][info][gc,cpu         ] GC(38) User=0.19s Sys=0.00s Real=0.04s
[1.248s][info][gc,start       ] GC(39) Pause Full (Ergonomics)
[1.248s][info][gc,phases,start] GC(39) Marking Phase
[1.303s][info][gc,phases      ] GC(39) Marking Phase 55.429ms
[1.303s][info][gc,phases,start] GC(39) Summary Phase
[1.303s][info][gc,phases      ] GC(39) Summary Phase 0.018ms
[1.303s][info][gc,phases,start] GC(39) Adjust Roots
[1.303s][info][gc,phases      ] GC(39) Adjust Roots 0.159ms
[1.303s][info][gc,phases,start] GC(39) Compaction Phase
[1.330s][info][gc,phases      ] GC(39) Compaction Phase 26.212ms
[1.330s][info][gc,phases,start] GC(39) Post Compact
[1.330s][info][gc,phases      ] GC(39) Post Compact 0.785ms
[1.331s][info][gc,heap        ] GC(39) PSYoungGen: 24352K(55808K)->9407K(55808K) Eden: 0K(14848K)->0K(14848K) From: 24352K(40960K)->9407K(40960K)
[1.331s][info][gc,heap        ] GC(39) ParOldGen: 174668K(189440K)->189196K(228352K)
[1.331s][info][gc,metaspace   ] GC(39) Metaspace: 6299K(6464K)->6299K(6464K) NonClass: 5765K(5824K)->5765K(5824K) Class: 533K(640K)->533K(640K)
[1.331s][info][gc             ] GC(39) Pause Full (Ergonomics) 194M->193M(277M) 83.117ms
[1.331s][info][gc,cpu         ] GC(39) User=0.23s Sys=0.00s Real=0.08s
[1.346s][info][gc,start       ] GC(40) Pause Young (Allocation Failure)
[1.367s][info][gc,heap        ] GC(40) PSYoungGen: 24255K(55808K)->24384K(56320K) Eden: 14848K(14848K)->0K(14848K) From: 9407K(40960K)->24384K(41472K)
[1.367s][info][gc,heap        ] GC(40) ParOldGen: 189196K(228352K)->189196K(228352K)
[1.367s][info][gc,metaspace   ] GC(40) Metaspace: 6299K(6464K)->6299K(6464K) NonClass: 5765K(5824K)->5765K(5824K) Class: 533K(640K)->533K(640K)
[1.367s][info][gc             ] GC(40) Pause Young (Allocation Failure) 208M->208M(278M) 21.729ms
[1.367s][info][gc,cpu         ] GC(40) User=0.06s Sys=0.00s Real=0.02s
[1.384s][info][gc,start       ] GC(41) Pause Young (Allocation Failure)
[1.405s][info][gc,heap        ] GC(41) PSYoungGen: 39232K(56320K)->39232K(53248K) Eden: 14848K(14848K)->0K(11264K) From: 24384K(41472K)->39232K(41984K)
[1.405s][info][gc,heap        ] GC(41) ParOldGen: 189196K(228352K)->189196K(228352K)
[1.405s][info][gc,metaspace   ] GC(41) Metaspace: 6299K(6464K)->6299K(6464K) NonClass: 5765K(5824K)->5765K(5824K) Class: 533K(640K)->533K(640K)
[1.405s][info][gc             ] GC(41) Pause Young (Allocation Failure) 223M->223M(275M) 21.058ms
[1.405s][info][gc,cpu         ] GC(41) User=0.08s Sys=0.02s Real=0.02s
[1.418s][info][gc,start       ] GC(42) Pause Young (Allocation Failure)
[1.442s][info][gc,heap        ] GC(42) PSYoungGen: 50496K(53248K)->47616K(58880K) Eden: 11264K(11264K)->0K(11264K) From: 39232K(41984K)->47616K(47616K)
[1.443s][info][gc,heap        ] GC(42) ParOldGen: 189196K(228352K)->192028K(228352K)
[1.443s][info][gc,metaspace   ] GC(42) Metaspace: 6299K(6464K)->6299K(6464K) NonClass: 5765K(5824K)->5765K(5824K) Class: 533K(640K)->533K(640K)
[1.443s][info][gc             ] GC(42) Pause Young (Allocation Failure) 234M->234M(280M) 24.449ms
[1.443s][info][gc,cpu         ] GC(42) User=0.08s Sys=0.00s Real=0.02s
[1.454s][info][gc,start       ] GC(43) Pause Young (Allocation Failure)
[1.483s][info][gc,heap        ] GC(43) PSYoungGen: 58880K(58880K)->50080K(61952K) Eden: 11264K(11264K)->0K(6144K) From: 47616K(47616K)->50080K(55808K)
[1.483s][info][gc,heap        ] GC(43) ParOldGen: 192028K(228352K)->201060K(228352K)
[1.483s][info][gc,metaspace   ] GC(43) Metaspace: 6299K(6464K)->6299K(6464K) NonClass: 5765K(5824K)->5765K(5824K) Class: 533K(640K)->533K(640K)
[1.483s][info][gc             ] GC(43) Pause Young (Allocation Failure) 245M->245M(283M) 28.588ms
[1.483s][info][gc,cpu         ] GC(43) User=0.09s Sys=0.00s Real=0.03s
[1.490s][info][gc,start       ] GC(44) Pause Young (Allocation Failure)
[1.515s][info][gc,heap        ] GC(44) PSYoungGen: 56224K(61952K)->42304K(69120K) Eden: 6144K(6144K)->0K(6144K) From: 50080K(55808K)->42304K(62976K)
[1.516s][info][gc,heap        ] GC(44) ParOldGen: 201060K(228352K)->215148K(228352K)
[1.516s][info][gc,metaspace   ] GC(44) Metaspace: 6299K(6464K)->6299K(6464K) NonClass: 5765K(5824K)->5765K(5824K) Class: 533K(640K)->533K(640K)
[1.516s][info][gc             ] GC(44) Pause Young (Allocation Failure) 251M->251M(290M) 25.994ms
[1.516s][info][gc,cpu         ] GC(44) User=0.09s Sys=0.00s Real=0.03s
[1.516s][info][gc,start       ] GC(45) Pause Full (Ergonomics)
[1.516s][info][gc,phases,start] GC(45) Marking Phase
[1.579s][info][gc,phases      ] GC(45) Marking Phase 63.254ms
[1.579s][info][gc,phases,start] GC(45) Summary Phase
[1.579s][info][gc,phases      ] GC(45) Summary Phase 0.018ms
[1.579s][info][gc,phases,start] GC(45) Adjust Roots
[1.579s][info][gc,phases      ] GC(45) Adjust Roots 0.147ms
[1.579s][info][gc,phases,start] GC(45) Compaction Phase
[1.615s][info][gc,phases      ] GC(45) Compaction Phase 36.293ms
[1.616s][info][gc,phases,start] GC(45) Post Compact
[1.617s][info][gc,phases      ] GC(45) Post Compact 1.173ms
[1.617s][info][gc,heap        ] GC(45) PSYoungGen: 42304K(69120K)->28815K(69120K) Eden: 0K(6144K)->0K(6144K) From: 42304K(62976K)->28815K(62976K)
[1.617s][info][gc,heap        ] GC(45) ParOldGen: 215148K(228352K)->228002K(269312K)
[1.617s][info][gc,metaspace   ] GC(45) Metaspace: 6299K(6464K)->6299K(6464K) NonClass: 5765K(5824K)->5765K(5824K) Class: 533K(640K)->533K(640K)
[1.617s][info][gc             ] GC(45) Pause Full (Ergonomics) 251M->250M(330M) 101.638ms
[1.617s][info][gc,cpu         ] GC(45) User=0.30s Sys=0.02s Real=0.10s
[1.625s][info][gc,start       ] GC(46) Pause Young (Allocation Failure)
[1.652s][info][gc,heap        ] GC(46) PSYoungGen: 34959K(69120K)->18368K(67584K) Eden: 6144K(6144K)->0K(7168K) From: 28815K(62976K)->18368K(60416K)
[1.652s][info][gc,heap        ] GC(46) ParOldGen: 228002K(269312K)->244946K(269312K)
[1.652s][info][gc,metaspace   ] GC(46) Metaspace: 6299K(6464K)->6299K(6464K) NonClass: 5765K(5824K)->5765K(5824K) Class: 533K(640K)->533K(640K)
[1.652s][info][gc             ] GC(46) Pause Young (Allocation Failure) 256M->257M(329M) 26.991ms
[1.652s][info][gc,cpu         ] GC(46) User=0.11s Sys=0.00s Real=0.03s
[1.660s][info][gc,start       ] GC(47) Pause Young (Allocation Failure)
[1.673s][info][gc,heap        ] GC(47) PSYoungGen: 25536K(67584K)->17728K(25088K) Eden: 7168K(7168K)->0K(7168K) From: 18368K(60416K)->17728K(17920K)
[1.673s][info][gc,heap        ] GC(47) ParOldGen: 244946K(269312K)->252890K(269312K)
[1.673s][info][gc,metaspace   ] GC(47) Metaspace: 6299K(6464K)->6299K(6464K) NonClass: 5765K(5824K)->5765K(5824K) Class: 533K(640K)->533K(640K)
[1.673s][info][gc             ] GC(47) Pause Young (Allocation Failure) 264M->264M(287M) 13.450ms
[1.673s][info][gc,cpu         ] GC(47) User=0.02s Sys=0.00s Real=0.01s
[1.673s][info][gc,start       ] GC(48) Pause Full (Ergonomics)
[1.673s][info][gc,phases,start] GC(48) Marking Phase
[1.741s][info][gc,phases      ] GC(48) Marking Phase 68.010ms
[1.741s][info][gc,phases,start] GC(48) Summary Phase
[1.741s][info][gc,phases      ] GC(48) Summary Phase 0.026ms
[1.741s][info][gc,phases,start] GC(48) Adjust Roots
[1.741s][info][gc,phases      ] GC(48) Adjust Roots 0.148ms
[1.741s][info][gc,phases,start] GC(48) Compaction Phase
[1.770s][info][gc,phases      ] GC(48) Compaction Phase 28.544ms
[1.770s][info][gc,phases,start] GC(48) Post Compact
[1.771s][info][gc,phases      ] GC(48) Post Compact 1.459ms
[1.772s][info][gc,heap        ] GC(48) PSYoungGen: 17728K(25088K)->1221K(25088K) Eden: 0K(7168K)->0K(7168K) From: 17728K(17920K)->1221K(17920K)
[1.772s][info][gc,heap        ] GC(48) ParOldGen: 252890K(269312K)->268848K(313856K)
[1.772s][info][gc,metaspace   ] GC(48) Metaspace: 6299K(6464K)->6299K(6464K) NonClass: 5765K(5824K)->5765K(5824K) Class: 533K(640K)->533K(640K)
[1.772s][info][gc             ] GC(48) Pause Full (Ergonomics) 264M->263M(331M) 98.707ms
[1.772s][info][gc,cpu         ] GC(48) User=0.42s Sys=0.02s Real=0.10s
[1.780s][info][gc,start       ] GC(49) Pause Young (Allocation Failure)
[1.799s][info][gc,heap        ] GC(49) PSYoungGen: 8389K(25088K)->7552K(67584K) Eden: 7168K(7168K)->0K(8192K) From: 1221K(17920K)->7552K(59392K)
[1.799s][info][gc,heap        ] GC(49) ParOldGen: 268848K(313856K)->269800K(313856K)
[1.799s][info][gc,metaspace   ] GC(49) Metaspace: 6299K(6464K)->6299K(6464K) NonClass: 5765K(5824K)->5765K(5824K) Class: 533K(640K)->533K(640K)
[1.799s][info][gc             ] GC(49) Pause Young (Allocation Failure) 270M->270M(372M) 18.513ms
[1.799s][info][gc,cpu         ] GC(49) User=0.03s Sys=0.00s Real=0.02s
[1.808s][info][gc,start       ] GC(50) Pause Young (Allocation Failure)
[1.818s][info][gc,heap        ] GC(50) PSYoungGen: 15744K(67584K)->15776K(24064K) Eden: 8192K(8192K)->0K(8192K) From: 7552K(59392K)->15776K(15872K)
[1.818s][info][gc,heap        ] GC(50) ParOldGen: 269800K(313856K)->269800K(313856K)
[1.818s][info][gc,metaspace   ] GC(50) Metaspace: 6299K(6464K)->6299K(6464K) NonClass: 5765K(5824K)->5765K(5824K) Class: 533K(640K)->533K(640K)
[1.818s][info][gc             ] GC(50) Pause Young (Allocation Failure) 278M->278M(330M) 9.671ms
[1.818s][info][gc,cpu         ] GC(50) User=0.00s Sys=0.00s Real=0.01s
[1.827s][info][gc,start       ] GC(51) Pause Young (Allocation Failure)
[1.840s][info][gc,heap        ] GC(51) PSYoungGen: 23968K(24064K)->23936K(60928K) Eden: 8192K(8192K)->0K(9216K) From: 15776K(15872K)->23936K(51712K)
[1.840s][info][gc,heap        ] GC(51) ParOldGen: 269800K(313856K)->269800K(313856K)
[1.840s][info][gc,metaspace   ] GC(51) Metaspace: 6299K(6464K)->6299K(6464K) NonClass: 5765K(5824K)->5765K(5824K) Class: 533K(640K)->533K(640K)
[1.840s][info][gc             ] GC(51) Pause Young (Allocation Failure) 286M->286M(366M) 12.450ms
[1.840s][info][gc,cpu         ] GC(51) User=0.02s Sys=0.00s Real=0.01s
[1.850s][info][gc,start       ] GC(52) Pause Young (Allocation Failure)
[1.866s][info][gc,heap        ] GC(52) PSYoungGen: 33152K(60928K)->32832K(64000K) Eden: 9216K(9216K)->0K(9216K) From: 23936K(51712K)->32832K(54784K)
[1.866s][info][gc,heap        ] GC(52) ParOldGen: 269800K(313856K)->270144K(313856K)
[1.866s][info][gc,metaspace   ] GC(52) Metaspace: 6299K(6464K)->6299K(6464K) NonClass: 5765K(5824K)->5765K(5824K) Class: 533K(640K)->533K(640K)
[1.866s][info][gc             ] GC(52) Pause Young (Allocation Failure) 295M->295M(369M) 16.389ms
[1.866s][info][gc,cpu         ] GC(52) User=0.03s Sys=0.00s Real=0.02s
[1.877s][info][gc,start       ] GC(53) Pause Young (Allocation Failure)
[1.896s][info][gc,heap        ] GC(53) PSYoungGen: 42048K(64000K)->34912K(65024K) Eden: 9216K(9216K)->0K(9728K) From: 32832K(54784K)->34912K(55296K)
[1.896s][info][gc,heap        ] GC(53) ParOldGen: 270144K(313856K)->277400K(313856K)
[1.896s][info][gc,metaspace   ] GC(53) Metaspace: 6299K(6464K)->6299K(6464K) NonClass: 5765K(5824K)->5765K(5824K) Class: 533K(640K)->533K(640K)
[1.896s][info][gc             ] GC(53) Pause Young (Allocation Failure) 304M->304M(370M) 19.444ms
[1.896s][info][gc,cpu         ] GC(53) User=0.09s Sys=0.03s Real=0.02s
[1.907s][info][gc,start       ] GC(54) Pause Young (Allocation Failure)
[1.928s][info][gc,heap        ] GC(54) PSYoungGen: 44640K(65024K)->36448K(66048K) Eden: 9728K(9728K)->0K(9728K) From: 34912K(55296K)->36448K(56320K)
[1.928s][info][gc,heap        ] GC(54) ParOldGen: 277400K(313856K)->285712K(313856K)
[1.928s][info][gc,metaspace   ] GC(54) Metaspace: 6299K(6464K)->6299K(6464K) NonClass: 5765K(5824K)->5765K(5824K) Class: 533K(640K)->533K(640K)
[1.928s][info][gc             ] GC(54) Pause Young (Allocation Failure) 314M->314M(371M) 20.600ms
[1.928s][info][gc,cpu         ] GC(54) User=0.12s Sys=0.00s Real=0.02s
[1.939s][info][gc,start       ] GC(55) Pause Young (Allocation Failure)
[1.962s][info][gc,heap        ] GC(55) PSYoungGen: 46176K(66048K)->28736K(64512K) Eden: 9728K(9728K)->0K(11264K) From: 36448K(56320K)->28736K(53248K)
[1.962s][info][gc,heap        ] GC(55) ParOldGen: 285712K(313856K)->303344K(313856K)
[1.962s][info][gc,metaspace   ] GC(55) Metaspace: 6299K(6464K)->6299K(6464K) NonClass: 5765K(5824K)->5765K(5824K) Class: 533K(640K)->533K(640K)
[1.962s][info][gc             ] GC(55) Pause Young (Allocation Failure) 324M->324M(369M) 23.209ms
[1.962s][info][gc,cpu         ] GC(55) User=0.11s Sys=0.00s Real=0.02s
[1.962s][info][gc,start       ] GC(56) Pause Full (Ergonomics)
[1.962s][info][gc,phases,start] GC(56) Marking Phase
[2.030s][info][gc,phases      ] GC(56) Marking Phase 68.048ms
[2.031s][info][gc,phases,start] GC(56) Summary Phase
[2.031s][info][gc,phases      ] GC(56) Summary Phase 0.019ms
[2.031s][info][gc,phases,start] GC(56) Adjust Roots
[2.031s][info][gc,phases      ] GC(56) Adjust Roots 0.156ms
[2.031s][info][gc,phases,start] GC(56) Compaction Phase
[2.063s][info][gc,phases      ] GC(56) Compaction Phase 32.660ms
[2.063s][info][gc,phases,start] GC(56) Post Compact
[2.065s][info][gc,phases      ] GC(56) Post Compact 1.544ms
[2.065s][info][gc,heap        ] GC(56) PSYoungGen: 28736K(64512K)->17841K(66048K) Eden: 0K(11264K)->0K(12800K) From: 28736K(53248K)->17841K(53248K)
[2.065s][info][gc,heap        ] GC(56) ParOldGen: 303344K(313856K)->313445K(361472K)
[2.065s][info][gc,metaspace   ] GC(56) Metaspace: 6299K(6464K)->6299K(6464K) NonClass: 5765K(5824K)->5765K(5824K) Class: 533K(640K)->533K(640K)
[2.065s][info][gc             ] GC(56) Pause Full (Ergonomics) 324M->323M(417M) 102.950ms
[2.065s][info][gc,cpu         ] GC(56) User=0.72s Sys=0.00s Real=0.10s
[2.080s][info][gc,start       ] GC(57) Pause Young (Allocation Failure)
[2.109s][info][gc,heap        ] GC(57) PSYoungGen: 30641K(66048K)->19104K(68096K) Eden: 12800K(12800K)->0K(12800K) From: 17841K(53248K)->19104K(55296K)
[2.109s][info][gc,heap        ] GC(57) ParOldGen: 313445K(361472K)->325309K(361472K)
[2.109s][info][gc,metaspace   ] GC(57) Metaspace: 6299K(6464K)->6299K(6464K) NonClass: 5765K(5824K)->5765K(5824K) Class: 533K(640K)->533K(640K)
[2.109s][info][gc             ] GC(57) Pause Young (Allocation Failure) 336M->336M(419M) 28.998ms
[2.109s][info][gc,cpu         ] GC(57) User=0.14s Sys=0.00s Real=0.03s
[2.188s][info][gc,start       ] GC(58) Pause Full (Ergonomics)
[2.188s][info][gc,phases,start] GC(58) Marking Phase
[2.272s][info][gc,phases      ] GC(58) Marking Phase 83.451ms
[2.272s][info][gc,phases,start] GC(58) Summary Phase
[2.272s][info][gc,phases      ] GC(58) Summary Phase 0.023ms
[2.272s][info][gc,phases,start] GC(58) Adjust Roots
[2.272s][info][gc,phases      ] GC(58) Adjust Roots 0.178ms
[2.272s][info][gc,phases,start] GC(58) Compaction Phase
[2.341s][info][gc,phases      ] GC(58) Compaction Phase 69.246ms
[2.341s][info][gc,phases,start] GC(58) Post Compact
[2.343s][info][gc,phases      ] GC(58) Post Compact 1.950ms
[2.343s][info][gc,heap        ] GC(58) PSYoungGen: 31904K(68096K)->3610K(68096K) Eden: 12800K(12800K)->0K(12800K) From: 19104K(55296K)->3610K(55296K)
[2.343s][info][gc,heap        ] GC(58) ParOldGen: 341693K(361472K)->361407K(412672K)
[2.343s][info][gc,metaspace   ] GC(58) Metaspace: 6299K(6464K)->6299K(6464K) NonClass: 5765K(5824K)->5765K(5824K) Class: 533K(640K)->533K(640K)
[2.344s][info][gc             ] GC(58) Pause Full (Ergonomics) 364M->356M(469M) 155.523ms
[2.344s][info][gc,cpu         ] GC(58) User=0.95s Sys=0.06s Real=0.15s
[2.358s][info][gc,start       ] GC(59) Pause Young (Allocation Failure)
[2.384s][info][gc,heap        ] GC(59) PSYoungGen: 16410K(68096K)->14144K(65536K) Eden: 12800K(12800K)->0K(14336K) From: 3610K(55296K)->14144K(51200K)
[2.384s][info][gc,heap        ] GC(59) ParOldGen: 361407K(412672K)->363879K(412672K)
[2.384s][info][gc,metaspace   ] GC(59) Metaspace: 6299K(6464K)->6299K(6464K) NonClass: 5765K(5824K)->5765K(5824K) Class: 533K(640K)->533K(640K)
[2.384s][info][gc             ] GC(59) Pause Young (Allocation Failure) 368M->369M(467M) 25.685ms
[2.384s][info][gc,cpu         ] GC(59) User=0.11s Sys=0.00s Real=0.03s
[2.398s][info][gc,start       ] GC(60) Pause Young (Allocation Failure)
[2.412s][info][gc,heap        ] GC(60) PSYoungGen: 28480K(65536K)->28480K(67072K) Eden: 14336K(14336K)->0K(14336K) From: 14144K(51200K)->28480K(52736K)
[2.412s][info][gc,heap        ] GC(60) ParOldGen: 363879K(412672K)->363879K(412672K)
[2.412s][info][gc,metaspace   ] GC(60) Metaspace: 6299K(6464K)->6299K(6464K) NonClass: 5765K(5824K)->5765K(5824K) Class: 533K(640K)->533K(640K)
[2.412s][info][gc             ] GC(60) Pause Young (Allocation Failure) 383M->383M(468M) 14.229ms
[2.412s][info][gc,cpu         ] GC(60) User=0.02s Sys=0.00s Real=0.02s
[2.426s][info][gc,start       ] GC(61) Pause Young (Allocation Failure)
[2.446s][info][gc,heap        ] GC(61) PSYoungGen: 42816K(67072K)->42848K(64512K) Eden: 14336K(14336K)->0K(12800K) From: 28480K(52736K)->42848K(51712K)
[2.446s][info][gc,heap        ] GC(61) ParOldGen: 363879K(412672K)->363879K(412672K)
[2.446s][info][gc,metaspace   ] GC(61) Metaspace: 6299K(6464K)->6299K(6464K) NonClass: 5765K(5824K)->5765K(5824K) Class: 533K(640K)->533K(640K)
[2.446s][info][gc             ] GC(61) Pause Young (Allocation Failure) 397M->397M(466M) 19.901ms
[2.446s][info][gc,cpu         ] GC(61) User=0.12s Sys=0.00s Real=0.02s
[2.459s][info][gc,start       ] GC(62) Pause Young (Allocation Failure)
[2.485s][info][gc,heap        ] GC(62) PSYoungGen: 55648K(64512K)->54400K(68096K) Eden: 12800K(12800K)->0K(12800K) From: 42848K(51712K)->54400K(55296K)
[2.485s][info][gc,heap        ] GC(62) ParOldGen: 363879K(412672K)->365159K(412672K)
[2.485s][info][gc,metaspace   ] GC(62) Metaspace: 6299K(6464K)->6299K(6464K) NonClass: 5765K(5824K)->5765K(5824K) Class: 533K(640K)->533K(640K)
[2.485s][info][gc             ] GC(62) Pause Young (Allocation Failure) 409M->409M(469M) 25.688ms
[2.485s][info][gc,cpu         ] GC(62) User=0.14s Sys=0.00s Real=0.03s
[2.499s][info][gc,start       ] GC(63) Pause Young (Allocation Failure)
[2.529s][info][gc,heap        ] GC(63) PSYoungGen: 67200K(68096K)->54432K(72192K) Eden: 12800K(12800K)->0K(9216K) From: 54400K(55296K)->54432K(62976K)
[2.529s][info][gc,heap        ] GC(63) ParOldGen: 365159K(412672K)->378135K(412672K)
[2.529s][info][gc,metaspace   ] GC(63) Metaspace: 6299K(6464K)->6299K(6464K) NonClass: 5765K(5824K)->5765K(5824K) Class: 533K(640K)->533K(640K)
[2.529s][info][gc             ] GC(63) Pause Young (Allocation Failure) 422M->422M(473M) 29.947ms
[2.529s][info][gc,cpu         ] GC(63) User=0.14s Sys=0.00s Real=0.03s
[2.538s][info][gc,start       ] GC(64) Pause Young (Allocation Failure)
[2.567s][info][gc,heap        ] GC(64) PSYoungGen: 63648K(72192K)->34944K(44544K) Eden: 9216K(9216K)->0K(9216K) From: 54432K(62976K)->34944K(35328K)
[2.567s][info][gc,heap        ] GC(64) ParOldGen: 378135K(412672K)->407175K(412672K)
[2.567s][info][gc,metaspace   ] GC(64) Metaspace: 6299K(6464K)->6299K(6464K) NonClass: 5765K(5824K)->5765K(5824K) Class: 533K(640K)->533K(640K)
[2.567s][info][gc             ] GC(64) Pause Young (Allocation Failure) 431M->431M(446M) 29.228ms
[2.567s][info][gc,cpu         ] GC(64) User=0.12s Sys=0.02s Real=0.03s
[2.567s][info][gc,start       ] GC(65) Pause Full (Ergonomics)
[2.567s][info][gc,phases,start] GC(65) Marking Phase
[2.659s][info][gc,phases      ] GC(65) Marking Phase 91.354ms
[2.659s][info][gc,phases,start] GC(65) Summary Phase
[2.659s][info][gc,phases      ] GC(65) Summary Phase 0.020ms
[2.659s][info][gc,phases,start] GC(65) Adjust Roots
[2.659s][info][gc,phases      ] GC(65) Adjust Roots 0.150ms
[2.659s][info][gc,phases,start] GC(65) Compaction Phase
[2.709s][info][gc,phases      ] GC(65) Compaction Phase 50.159ms
[2.709s][info][gc,phases,start] GC(65) Post Compact
[2.711s][info][gc,phases      ] GC(65) Post Compact 2.110ms
[2.712s][info][gc,heap        ] GC(65) PSYoungGen: 34944K(44544K)->28595K(44544K) Eden: 0K(9216K)->0K(9216K) From: 34944K(35328K)->28595K(35328K)
[2.712s][info][gc,heap        ] GC(65) ParOldGen: 407175K(412672K)->412534K(473088K)
[2.712s][info][gc,metaspace   ] GC(65) Metaspace: 6299K(6464K)->6299K(6464K) NonClass: 5765K(5824K)->5765K(5824K) Class: 533K(640K)->533K(640K)
[2.712s][info][gc             ] GC(65) Pause Full (Ergonomics) 431M->430M(505M) 144.422ms
[2.712s][info][gc,cpu         ] GC(65) User=0.91s Sys=0.00s Real=0.14s
[2.721s][info][gc,start       ] GC(66) Pause Young (Allocation Failure)
[2.754s][info][gc,heap        ] GC(66) PSYoungGen: 37811K(44544K)->17216K(75776K) Eden: 9216K(9216K)->0K(10752K) From: 28595K(35328K)->17216K(65024K)
[2.754s][info][gc,heap        ] GC(66) ParOldGen: 412534K(473088K)->433566K(473088K)
[2.754s][info][gc,metaspace   ] GC(66) Metaspace: 6299K(6464K)->6299K(6464K) NonClass: 5765K(5824K)->5765K(5824K) Class: 533K(640K)->533K(640K)
[2.754s][info][gc             ] GC(66) Pause Young (Allocation Failure) 439M->440M(536M) 33.337ms
[2.754s][info][gc,cpu         ] GC(66) User=0.12s Sys=0.02s Real=0.03s
[2.766s][info][gc,start       ] GC(67) Pause Young (Allocation Failure)
[2.781s][info][gc,heap        ] GC(67) PSYoungGen: 27968K(75776K)->20096K(76288K) Eden: 10752K(10752K)->0K(10752K) From: 17216K(65024K)->20096K(65536K)
[2.781s][info][gc,heap        ] GC(67) ParOldGen: 433566K(473088K)->441574K(473088K)
[2.781s][info][gc,metaspace   ] GC(67) Metaspace: 6299K(6464K)->6299K(6464K) NonClass: 5765K(5824K)->5765K(5824K) Class: 533K(640K)->533K(640K)
[2.781s][info][gc             ] GC(67) Pause Young (Allocation Failure) 450M->450M(536M) 14.946ms
[2.781s][info][gc,cpu         ] GC(67) User=0.02s Sys=0.00s Real=0.02s
[2.793s][info][gc,start       ] GC(68) Pause Young (Allocation Failure)
[2.809s][info][gc,heap        ] GC(68) PSYoungGen: 30848K(76288K)->21632K(72192K) Eden: 10752K(10752K)->0K(12288K) From: 20096K(65536K)->21632K(59904K)
[2.809s][info][gc,heap        ] GC(68) ParOldGen: 441574K(473088K)->450926K(473088K)
[2.809s][info][gc,metaspace   ] GC(68) Metaspace: 6299K(6464K)->6299K(6464K) NonClass: 5765K(5824K)->5765K(5824K) Class: 533K(640K)->533K(640K)
[2.809s][info][gc             ] GC(68) Pause Young (Allocation Failure) 461M->461M(532M) 16.319ms
[2.809s][info][gc,cpu         ] GC(68) User=0.02s Sys=0.00s Real=0.02s
[2.809s][info][gc,start       ] GC(69) Pause Full (Ergonomics)
[2.809s][info][gc,phases,start] GC(69) Marking Phase
[2.915s][info][gc,phases      ] GC(69) Marking Phase 106.024ms
[2.915s][info][gc,phases,start] GC(69) Summary Phase
[2.915s][info][gc,phases      ] GC(69) Summary Phase 0.023ms
[2.915s][info][gc,phases,start] GC(69) Adjust Roots
[2.915s][info][gc,phases      ] GC(69) Adjust Roots 0.154ms
[2.915s][info][gc,phases,start] GC(69) Compaction Phase
[2.962s][info][gc,phases      ] GC(69) Compaction Phase 46.957ms
[2.962s][info][gc,phases,start] GC(69) Post Compact
[2.965s][info][gc,phases      ] GC(69) Post Compact 2.345ms
[2.965s][info][gc,heap        ] GC(69) PSYoungGen: 21632K(72192K)->0K(74240K) Eden: 0K(12288K)->0K(12288K) From: 21632K(59904K)->0K(61952K)
[2.965s][info][gc,heap        ] GC(69) ParOldGen: 450926K(473088K)->471753K(534528K)
[2.965s][info][gc,metaspace   ] GC(69) Metaspace: 6299K(6464K)->6299K(6464K) NonClass: 5765K(5824K)->5765K(5824K) Class: 533K(640K)->533K(640K)
[2.965s][info][gc             ] GC(69) Pause Full (Ergonomics) 461M->460M(594M) 156.092ms
[2.965s][info][gc,cpu         ] GC(69) User=1.14s Sys=0.00s Real=0.16s
[2.979s][info][gc,start       ] GC(70) Pause Young (Allocation Failure)
[2.988s][info][gc,heap        ] GC(70) PSYoungGen: 12288K(74240K)->12416K(74240K) Eden: 12288K(12288K)->0K(13824K) From: 0K(61952K)->12416K(60416K)
[2.988s][info][gc,heap        ] GC(70) ParOldGen: 471753K(534528K)->471753K(534528K)
[2.988s][info][gc,metaspace   ] GC(70) Metaspace: 6299K(6464K)->6299K(6464K) NonClass: 5765K(5824K)->5765K(5824K) Class: 533K(640K)->533K(640K)
[2.988s][info][gc             ] GC(70) Pause Young (Allocation Failure) 472M->472M(594M) 9.303ms
[2.988s][info][gc,cpu         ] GC(70) User=0.00s Sys=0.00s Real=0.01s
[3.003s][info][gc,start       ] GC(71) Pause Young (Allocation Failure)
[3.017s][info][gc,heap        ] GC(71) PSYoungGen: 26240K(74240K)->26208K(40448K) Eden: 13824K(13824K)->0K(13824K) From: 12416K(60416K)->26208K(26624K)
[3.017s][info][gc,heap        ] GC(71) ParOldGen: 471753K(534528K)->471753K(534528K)
[3.017s][info][gc,metaspace   ] GC(71) Metaspace: 6299K(6464K)->6299K(6464K) NonClass: 5765K(5824K)->5765K(5824K) Class: 533K(640K)->533K(640K)
[3.017s][info][gc             ] GC(71) Pause Young (Allocation Failure) 486M->486M(561M) 14.006ms
[3.017s][info][gc,cpu         ] GC(71) User=0.02s Sys=0.00s Real=0.01s
[3.032s][info][gc,start       ] GC(72) Pause Young (Allocation Failure)
[3.052s][info][gc,heap        ] GC(72) PSYoungGen: 40032K(40448K)->40064K(72192K) Eden: 13824K(13824K)->0K(13824K) From: 26208K(26624K)->40064K(58368K)
[3.052s][info][gc,heap        ] GC(72) ParOldGen: 471753K(534528K)->471753K(534528K)
[3.052s][info][gc,metaspace   ] GC(72) Metaspace: 6299K(6464K)->6299K(6464K) NonClass: 5765K(5824K)->5765K(5824K) Class: 533K(640K)->533K(640K)
[3.052s][info][gc             ] GC(72) Pause Young (Allocation Failure) 499M->499M(592M) 19.932ms
[3.052s][info][gc,cpu         ] GC(72) User=0.12s Sys=0.00s Real=0.02s
[3.066s][info][gc,start       ] GC(73) Pause Young (Allocation Failure)
[3.092s][info][gc,heap        ] GC(73) PSYoungGen: 53888K(72192K)->41632K(73728K) Eden: 13824K(13824K)->0K(13824K) From: 40064K(58368K)->41632K(59904K)
[3.092s][info][gc,heap        ] GC(73) ParOldGen: 471753K(534528K)->484217K(534528K)
[3.092s][info][gc,metaspace   ] GC(73) Metaspace: 6299K(6464K)->6299K(6464K) NonClass: 5765K(5824K)->5765K(5824K) Class: 533K(640K)->533K(640K)
[3.092s][info][gc             ] GC(73) Pause Young (Allocation Failure) 513M->513M(594M) 25.965ms
[3.092s][info][gc,cpu         ] GC(73) User=0.12s Sys=0.00s Real=0.03s
[3.107s][info][gc,start       ] GC(74) Pause Young (Allocation Failure)
[3.135s][info][gc,heap        ] GC(74) PSYoungGen: 55456K(73728K)->41600K(75776K) Eden: 13824K(13824K)->0K(14336K) From: 41632K(59904K)->41600K(61440K)
[3.135s][info][gc,heap        ] GC(74) ParOldGen: 484217K(534528K)->498233K(534528K)
[3.135s][info][gc,metaspace   ] GC(74) Metaspace: 6299K(6464K)->6299K(6464K) NonClass: 5765K(5824K)->5765K(5824K) Class: 533K(640K)->533K(640K)
[3.135s][info][gc             ] GC(74) Pause Young (Allocation Failure) 527M->527M(596M) 28.094ms
[3.135s][info][gc,cpu         ] GC(74) User=0.12s Sys=0.00s Real=0.03s
[3.152s][info][gc,start       ] GC(75) Pause Young (Allocation Failure)
[3.179s][info][gc,heap        ] GC(75) PSYoungGen: 55936K(75776K)->42112K(77312K) Eden: 14336K(14336K)->0K(14336K) From: 41600K(61440K)->42112K(62976K)
[3.179s][info][gc,heap        ] GC(75) ParOldGen: 498233K(534528K)->512249K(534528K)
[3.179s][info][gc,metaspace   ] GC(75) Metaspace: 6299K(6464K)->6299K(6464K) NonClass: 5765K(5824K)->5765K(5824K) Class: 533K(640K)->533K(640K)
[3.179s][info][gc             ] GC(75) Pause Young (Allocation Failure) 541M->541M(597M) 27.567ms
[3.179s][info][gc,cpu         ] GC(75) User=0.11s Sys=0.00s Real=0.03s
[3.179s][info][gc,start       ] GC(76) Pause Full (Ergonomics)
[3.179s][info][gc,phases,start] GC(76) Marking Phase
[3.296s][info][gc,phases      ] GC(76) Marking Phase 116.804ms
[3.296s][info][gc,phases,start] GC(76) Summary Phase
[3.296s][info][gc,phases      ] GC(76) Summary Phase 0.028ms
[3.296s][info][gc,phases,start] GC(76) Adjust Roots
[3.297s][info][gc,phases      ] GC(76) Adjust Roots 0.151ms
[3.297s][info][gc,phases,start] GC(76) Compaction Phase
[3.347s][info][gc,phases      ] GC(76) Compaction Phase 50.789ms
[3.347s][info][gc,phases,start] GC(76) Post Compact
[3.348s][info][gc,phases      ] GC(76) Post Compact 0.891ms
[3.349s][info][gc,heap        ] GC(76) PSYoungGen: 42112K(77312K)->19412K(77312K) Eden: 0K(14336K)->0K(14336K) From: 42112K(62976K)->19412K(62976K)
[3.349s][info][gc,heap        ] GC(76) ParOldGen: 512249K(534528K)->534070K(599552K)
[3.349s][info][gc,metaspace   ] GC(76) Metaspace: 6299K(6464K)->6299K(6464K) NonClass: 5765K(5824K)->5765K(5824K) Class: 533K(640K)->533K(640K)
[3.349s][info][gc             ] GC(76) Pause Full (Ergonomics) 541M->540M(661M) 169.157ms
[3.349s][info][gc,cpu         ] GC(76) User=1.28s Sys=0.00s Real=0.17s
[3.365s][info][gc,start       ] GC(77) Pause Young (Allocation Failure)
[3.405s][info][gc,heap        ] GC(77) PSYoungGen: 33748K(77312K)->21344K(76288K) Eden: 14336K(14336K)->0K(15872K) From: 19412K(62976K)->21344K(60416K)
[3.405s][info][gc,heap        ] GC(77) ParOldGen: 534070K(599552K)->546806K(599552K)
[3.405s][info][gc,metaspace   ] GC(77) Metaspace: 6299K(6464K)->6299K(6464K) NonClass: 5765K(5824K)->5765K(5824K) Class: 533K(640K)->533K(640K)
[3.405s][info][gc             ] GC(77) Pause Young (Allocation Failure) 554M->554M(660M) 40.582ms
[3.405s][info][gc,cpu         ] GC(77) User=0.23s Sys=0.00s Real=0.04s
[3.424s][info][gc,start       ] GC(78) Pause Young (Allocation Failure)
[3.444s][info][gc,heap        ] GC(78) PSYoungGen: 37216K(76288K)->30336K(46592K) Eden: 15872K(15872K)->0K(15872K) From: 21344K(60416K)->30336K(30720K)
[3.445s][info][gc,heap        ] GC(78) ParOldGen: 546806K(599552K)->553790K(599552K)
[3.445s][info][gc,metaspace   ] GC(78) Metaspace: 6299K(6464K)->6299K(6464K) NonClass: 5765K(5824K)->5765K(5824K) Class: 533K(640K)->533K(640K)
[3.445s][info][gc             ] GC(78) Pause Young (Allocation Failure) 570M->570M(631M) 20.561ms
[3.445s][info][gc,cpu         ] GC(78) User=0.09s Sys=0.03s Real=0.02s
[3.463s][info][gc,start       ] GC(79) Pause Young (Allocation Failure)
[3.486s][info][gc,heap        ] GC(79) PSYoungGen: 46208K(46592K)->31904K(72192K) Eden: 15872K(15872K)->0K(17920K) From: 30336K(30720K)->31904K(54272K)
[3.487s][info][gc,heap        ] GC(79) ParOldGen: 553790K(599552K)->568326K(599552K)
[3.487s][info][gc,metaspace   ] GC(79) Metaspace: 6299K(6464K)->6299K(6464K) NonClass: 5765K(5824K)->5765K(5824K) Class: 533K(640K)->533K(640K)
[3.487s][info][gc             ] GC(79) Pause Young (Allocation Failure) 585M->586M(656M) 24.014ms
[3.487s][info][gc,cpu         ] GC(79) User=0.12s Sys=0.00s Real=0.02s
[3.507s][info][gc,start       ] GC(80) Pause Young (Allocation Failure)
[3.533s][info][gc,heap        ] GC(80) PSYoungGen: 49824K(72192K)->33952K(74752K) Eden: 17920K(17920K)->0K(17920K) From: 31904K(54272K)->33952K(56832K)
[3.533s][info][gc,heap        ] GC(80) ParOldGen: 568326K(599552K)->584430K(599552K)
[3.533s][info][gc,metaspace   ] GC(80) Metaspace: 6299K(6464K)->6299K(6464K) NonClass: 5765K(5824K)->5765K(5824K) Class: 533K(640K)->533K(640K)
[3.533s][info][gc             ] GC(80) Pause Young (Allocation Failure) 603M->603M(658M) 26.080ms
[3.533s][info][gc,cpu         ] GC(80) User=0.14s Sys=0.00s Real=0.03s
[3.533s][info][gc,start       ] GC(81) Pause Full (Ergonomics)
[3.533s][info][gc,phases,start] GC(81) Marking Phase
[3.671s][info][gc,phases      ] GC(81) Marking Phase 137.692ms
[3.671s][info][gc,phases,start] GC(81) Summary Phase
[3.671s][info][gc,phases      ] GC(81) Summary Phase 0.027ms
[3.671s][info][gc,phases,start] GC(81) Adjust Roots
[3.671s][info][gc,phases      ] GC(81) Adjust Roots 0.168ms
[3.671s][info][gc,phases,start] GC(81) Compaction Phase
[3.728s][info][gc,phases      ] GC(81) Compaction Phase 56.453ms
[3.728s][info][gc,phases,start] GC(81) Post Compact
[3.729s][info][gc,phases      ] GC(81) Post Compact 1.035ms
[3.729s][info][gc,heap        ] GC(81) PSYoungGen: 33952K(74752K)->17888K(74752K) Eden: 0K(17920K)->0K(17920K) From: 33952K(56832K)->17888K(56832K)
[3.729s][info][gc,heap        ] GC(81) ParOldGen: 584430K(599552K)->599471K(669184K)
[3.729s][info][gc,metaspace   ] GC(81) Metaspace: 6299K(6464K)->6299K(6464K) NonClass: 5765K(5824K)->5765K(5824K) Class: 533K(640K)->533K(640K)
[3.729s][info][gc             ] GC(81) Pause Full (Ergonomics) 603M->602M(726M) 195.978ms
[3.729s][info][gc,cpu         ] GC(81) User=1.45s Sys=0.00s Real=0.20s
[3.752s][info][gc,start       ] GC(82) Pause Young (Allocation Failure)
[3.795s][info][gc,heap        ] GC(82) PSYoungGen: 35808K(74752K)->26688K(72192K) Eden: 17920K(17920K)->0K(19968K) From: 17888K(56832K)->26688K(52224K)
[3.796s][info][gc,heap        ] GC(82) ParOldGen: 599471K(669184K)->608919K(669184K)
[3.796s][info][gc,metaspace   ] GC(82) Metaspace: 6299K(6464K)->6299K(6464K) NonClass: 5765K(5824K)->5765K(5824K) Class: 533K(640K)->533K(640K)
[3.796s][info][gc             ] GC(82) Pause Young (Allocation Failure) 620M->620M(724M) 43.783ms
[3.796s][info][gc,cpu         ] GC(82) User=0.19s Sys=0.05s Real=0.04s
[3.819s][info][gc,start       ] GC(83) Pause Young (Allocation Failure)
[3.846s][info][gc,heap        ] GC(83) PSYoungGen: 46656K(72192K)->46656K(73728K) Eden: 19968K(19968K)->0K(19968K) From: 26688K(52224K)->46656K(53760K)
[3.846s][info][gc,heap        ] GC(83) ParOldGen: 608919K(669184K)->608919K(669184K)
[3.846s][info][gc,metaspace   ] GC(83) Metaspace: 6299K(6464K)->6299K(6464K) NonClass: 5765K(5824K)->5765K(5824K) Class: 533K(640K)->533K(640K)
[3.846s][info][gc             ] GC(83) Pause Young (Allocation Failure) 640M->640M(725M) 26.683ms
[3.846s][info][gc,cpu         ] GC(83) User=0.14s Sys=0.00s Real=0.03s
[3.869s][info][gc,start       ] GC(84) Pause Young (Allocation Failure)
[3.904s][info][gc,heap        ] GC(84) PSYoungGen: 66624K(73728K)->57344K(69120K) Eden: 19968K(19968K)->0K(11776K) From: 46656K(53760K)->57344K(57344K)
[3.904s][info][gc,heap        ] GC(84) ParOldGen: 608919K(669184K)->618247K(669184K)
[3.904s][info][gc,metaspace   ] GC(84) Metaspace: 6299K(6464K)->6299K(6464K) NonClass: 5765K(5824K)->5765K(5824K) Class: 533K(640K)->533K(640K)
[3.904s][info][gc             ] GC(84) Pause Young (Allocation Failure) 659M->659M(721M) 34.398ms
[3.904s][info][gc,cpu         ] GC(84) User=0.16s Sys=0.02s Real=0.03s
[3.918s][info][gc,start       ] GC(85) Pause Young (Allocation Failure)
[3.955s][info][gc,heap        ] GC(85) PSYoungGen: 69120K(69120K)->31584K(43520K) Eden: 11776K(11776K)->0K(11776K) From: 57344K(57344K)->31584K(31744K)
[3.955s][info][gc,heap        ] GC(85) ParOldGen: 618247K(669184K)->656271K(669184K)
[3.955s][info][gc,metaspace   ] GC(85) Metaspace: 6299K(6464K)->6299K(6464K) NonClass: 5765K(5824K)->5765K(5824K) Class: 533K(640K)->533K(640K)
[3.955s][info][gc             ] GC(85) Pause Young (Allocation Failure) 671M->671M(696M) 37.354ms
[3.956s][info][gc,cpu         ] GC(85) User=0.22s Sys=0.02s Real=0.04s
[3.956s][info][gc,start       ] GC(86) Pause Full (Ergonomics)
[3.956s][info][gc,phases,start] GC(86) Marking Phase
[4.103s][info][gc,phases      ] GC(86) Marking Phase 146.947ms
[4.103s][info][gc,phases,start] GC(86) Summary Phase
[4.103s][info][gc,phases      ] GC(86) Summary Phase 0.021ms
[4.103s][info][gc,phases,start] GC(86) Adjust Roots
[4.103s][info][gc,phases      ] GC(86) Adjust Roots 0.153ms
[4.103s][info][gc,phases,start] GC(86) Compaction Phase
[4.163s][info][gc,phases      ] GC(86) Compaction Phase 60.469ms
[4.163s][info][gc,phases,start] GC(86) Post Compact
[4.164s][info][gc,phases      ] GC(86) Post Compact 1.071ms
[4.165s][info][gc,heap        ] GC(86) PSYoungGen: 31584K(43520K)->18165K(43520K) Eden: 0K(11776K)->0K(11776K) From: 31584K(31744K)->18165K(31744K)
[4.165s][info][gc,heap        ] GC(86) ParOldGen: 656271K(669184K)->668696K(748544K)
[4.165s][info][gc,metaspace   ] GC(86) Metaspace: 6299K(6464K)->6299K(6464K) NonClass: 5765K(5824K)->5765K(5824K) Class: 533K(640K)->533K(640K)
[4.165s][info][gc             ] GC(86) Pause Full (Ergonomics) 671M->670M(773M) 209.201ms
[4.165s][info][gc,cpu         ] GC(86) User=1.45s Sys=0.02s Real=0.21s
[4.181s][info][gc,start       ] GC(87) Pause Young (Allocation Failure)
[4.226s][info][gc,heap        ] GC(87) PSYoungGen: 29941K(43520K)->18272K(78336K) Eden: 11776K(11776K)->0K(13312K) From: 18165K(31744K)->18272K(65024K)
[4.226s][info][gc,heap        ] GC(87) ParOldGen: 668696K(748544K)->680696K(748544K)
[4.226s][info][gc,metaspace   ] GC(87) Metaspace: 6299K(6464K)->6299K(6464K) NonClass: 5765K(5824K)->5765K(5824K) Class: 533K(640K)->533K(640K)
[4.226s][info][gc             ] GC(87) Pause Young (Allocation Failure) 682M->682M(807M) 45.020ms
[4.226s][info][gc,cpu         ] GC(87) User=0.38s Sys=0.00s Real=0.05s
[4.364s][info][gc,start       ] GC(88) Pause Young (Allocation Failure)
[4.404s][info][gc,heap        ] GC(88) PSYoungGen: 31584K(78336K)->25184K(78336K) Eden: 13312K(13312K)->0K(13312K) From: 18272K(65024K)->25184K(65024K)
[4.404s][info][gc,heap        ] GC(88) ParOldGen: 713464K(748544K)->719960K(748544K)
[4.404s][info][gc,metaspace   ] GC(88) Metaspace: 6299K(6464K)->6299K(6464K) NonClass: 5765K(5824K)->5765K(5824K) Class: 533K(640K)->533K(640K)
[4.404s][info][gc             ] GC(88) Pause Young (Allocation Failure) 727M->727M(807M) 40.445ms
[4.404s][info][gc,cpu         ] GC(88) User=0.14s Sys=0.00s Real=0.04s
[4.405s][info][gc,start       ] GC(89) Pause Full (Ergonomics)
[4.405s][info][gc,phases,start] GC(89) Marking Phase
[4.570s][info][gc,phases      ] GC(89) Marking Phase 164.990ms
[4.570s][info][gc,phases,start] GC(89) Summary Phase
[4.570s][info][gc,phases      ] GC(89) Summary Phase 0.034ms
[4.570s][info][gc,phases,start] GC(89) Adjust Roots
[4.570s][info][gc,phases      ] GC(89) Adjust Roots 0.169ms
[4.570s][info][gc,phases,start] GC(89) Compaction Phase
[4.688s][info][gc,phases      ] GC(89) Compaction Phase 117.777ms
[4.688s][info][gc,phases,start] GC(89) Post Compact
[4.689s][info][gc,phases      ] GC(89) Post Compact 1.490ms
[4.689s][info][gc,heap        ] GC(89) PSYoungGen: 25184K(78336K)->0K(78336K) Eden: 0K(13312K)->0K(14848K) From: 25184K(65024K)->0K(63488K)
[4.689s][info][gc,heap        ] GC(89) ParOldGen: 719960K(748544K)->728266K(811008K)
[4.689s][info][gc,metaspace   ] GC(89) Metaspace: 6299K(6464K)->6299K(6464K) NonClass: 5765K(5824K)->5765K(5824K) Class: 533K(640K)->533K(640K)
[4.690s][info][gc             ] GC(89) Pause Full (Ergonomics) 727M->711M(868M) 285.014ms
[4.690s][info][gc,cpu         ] GC(89) User=1.92s Sys=0.02s Real=0.29s
[4.709s][info][gc,start       ] GC(90) Pause Young (Allocation Failure)
[4.722s][info][gc,heap        ] GC(90) PSYoungGen: 14848K(78336K)->15008K(78336K) Eden: 14848K(14848K)->0K(14848K) From: 0K(63488K)->15008K(63488K)
[4.722s][info][gc,heap        ] GC(90) ParOldGen: 728266K(811008K)->728266K(811008K)
[4.722s][info][gc,metaspace   ] GC(90) Metaspace: 6299K(6464K)->6299K(6464K) NonClass: 5765K(5824K)->5765K(5824K) Class: 533K(640K)->533K(640K)
[4.722s][info][gc             ] GC(90) Pause Young (Allocation Failure) 725M->725M(868M) 13.431ms
[4.722s][info][gc,cpu         ] GC(90) User=0.02s Sys=0.00s Real=0.01s
[4.739s][info][gc,start       ] GC(91) Pause Young (Allocation Failure)
[4.757s][info][gc,heap        ] GC(91) PSYoungGen: 29856K(78336K)->29792K(73728K) Eden: 14848K(14848K)->0K(16384K) From: 15008K(63488K)->29792K(57344K)
[4.758s][info][gc,heap        ] GC(91) ParOldGen: 728266K(811008K)->728266K(811008K)
[4.758s][info][gc,metaspace   ] GC(91) Metaspace: 6299K(6464K)->6299K(6464K) NonClass: 5765K(5824K)->5765K(5824K) Class: 533K(640K)->533K(640K)
[4.758s][info][gc             ] GC(91) Pause Young (Allocation Failure) 740M->740M(864M) 18.614ms
[4.758s][info][gc,cpu         ] GC(91) User=0.03s Sys=0.00s Real=0.02s
[4.776s][info][gc,start       ] GC(92) Pause Young (Allocation Failure)
[4.800s][info][gc,heap        ] GC(92) PSYoungGen: 46176K(73728K)->46176K(76800K) Eden: 16384K(16384K)->0K(16384K) From: 29792K(57344K)->46176K(60416K)
[4.800s][info][gc,heap        ] GC(92) ParOldGen: 728266K(811008K)->728266K(811008K)
[4.800s][info][gc,metaspace   ] GC(92) Metaspace: 6299K(6464K)->6299K(6464K) NonClass: 5765K(5824K)->5765K(5824K) Class: 533K(640K)->533K(640K)
[4.800s][info][gc             ] GC(92) Pause Young (Allocation Failure) 756M->756M(867M) 24.113ms
[4.800s][info][gc,cpu         ] GC(92) User=0.06s Sys=0.00s Real=0.02s
[4.816s][info][gc,start       ] GC(93) Pause Young (Allocation Failure)
[4.846s][info][gc,heap        ] GC(93) PSYoungGen: 62560K(76800K)->62624K(73216K) Eden: 16384K(16384K)->0K(10240K) From: 46176K(60416K)->62624K(62976K)
[4.846s][info][gc,heap        ] GC(93) ParOldGen: 728266K(811008K)->728266K(811008K)
[4.846s][info][gc,metaspace   ] GC(93) Metaspace: 6299K(6464K)->6299K(6464K) NonClass: 5765K(5824K)->5765K(5824K) Class: 533K(640K)->533K(640K)
[4.846s][info][gc             ] GC(93) Pause Young (Allocation Failure) 772M->772M(863M) 29.983ms
[4.846s][info][gc,cpu         ] GC(93) User=0.09s Sys=0.00s Real=0.03s
[4.857s][info][gc,start       ] GC(94) Pause Young (Allocation Failure)
[4.893s][info][gc,heap        ] GC(94) PSYoungGen: 72864K(73216K)->71168K(81408K) Eden: 10240K(10240K)->0K(10240K) From: 62624K(62976K)->71168K(71168K)
[4.893s][info][gc,heap        ] GC(94) ParOldGen: 728266K(811008K)->729858K(811008K)
[4.893s][info][gc,metaspace   ] GC(94) Metaspace: 6299K(6464K)->6299K(6464K) NonClass: 5765K(5824K)->5765K(5824K) Class: 533K(640K)->533K(640K)
[4.893s][info][gc             ] GC(94) Pause Young (Allocation Failure) 782M->782M(871M) 36.249ms
[4.893s][info][gc,cpu         ] GC(94) User=0.20s Sys=0.00s Real=0.04s
[4.904s][info][gc,start       ] GC(95) Pause Young (Allocation Failure)
[4.940s][info][gc,heap        ] GC(95) PSYoungGen: 81408K(81408K)->67040K(87040K) Eden: 10240K(10240K)->0K(5632K) From: 71168K(71168K)->67040K(81408K)
[4.941s][info][gc,heap        ] GC(95) ParOldGen: 729858K(811008K)->744570K(811008K)
[4.941s][info][gc,metaspace   ] GC(95) Metaspace: 6299K(6464K)->6299K(6464K) NonClass: 5765K(5824K)->5765K(5824K) Class: 533K(640K)->533K(640K)
[4.941s][info][gc             ] GC(95) Pause Young (Allocation Failure) 792M->792M(877M) 36.940ms
[4.941s][info][gc,cpu         ] GC(95) User=0.22s Sys=0.03s Real=0.04s
[4.947s][info][gc,start       ] GC(96) Pause Young (Allocation Failure)
[4.991s][info][gc,heap        ] GC(96) PSYoungGen: 72672K(87040K)->42528K(48640K) Eden: 5632K(5632K)->0K(5632K) From: 67040K(81408K)->42528K(43008K)
[4.991s][info][gc,heap        ] GC(96) ParOldGen: 744570K(811008K)->775026K(811008K)
[4.991s][info][gc,metaspace   ] GC(96) Metaspace: 6299K(6464K)->6299K(6464K) NonClass: 5765K(5824K)->5765K(5824K) Class: 533K(640K)->533K(640K)
[4.991s][info][gc             ] GC(96) Pause Young (Allocation Failure) 798M->798M(839M) 43.719ms
[4.991s][info][gc,cpu         ] GC(96) User=0.31s Sys=0.00s Real=0.04s
[4.997s][info][gc,start       ] GC(97) Pause Young (Allocation Failure)
[5.023s][info][gc,heap        ] GC(97) PSYoungGen: 48160K(48640K)->21536K(89600K) Eden: 5632K(5632K)->0K(7168K) From: 42528K(43008K)->21536K(82432K)
[5.023s][info][gc,heap        ] GC(97) ParOldGen: 775026K(811008K)->801906K(811008K)
[5.023s][info][gc,metaspace   ] GC(97) Metaspace: 6299K(6464K)->6299K(6464K) NonClass: 5765K(5824K)->5765K(5824K) Class: 533K(640K)->533K(640K)
[5.023s][info][gc             ] GC(97) Pause Young (Allocation Failure) 803M->804M(879M) 25.987ms
[5.023s][info][gc,cpu         ] GC(97) User=0.14s Sys=0.00s Real=0.03s
[5.023s][info][gc,start       ] GC(98) Pause Full (Ergonomics)
[5.023s][info][gc,phases,start] GC(98) Marking Phase
[5.221s][info][gc,phases      ] GC(98) Marking Phase 197.996ms
[5.221s][info][gc,phases,start] GC(98) Summary Phase
[5.222s][info][gc,phases      ] GC(98) Summary Phase 0.036ms
[5.222s][info][gc,phases,start] GC(98) Adjust Roots
[5.222s][info][gc,phases      ] GC(98) Adjust Roots 0.285ms
[5.222s][info][gc,phases,start] GC(98) Compaction Phase
[5.314s][info][gc,phases      ] GC(98) Compaction Phase 91.769ms
[5.314s][info][gc,phases,start] GC(98) Post Compact
[5.316s][info][gc,phases      ] GC(98) Post Compact 1.770ms
[5.316s][info][gc,heap        ] GC(98) PSYoungGen: 21536K(89600K)->11723K(90112K) Eden: 0K(7168K)->0K(7680K) From: 21536K(82432K)->11723K(82432K)
[5.316s][info][gc,heap        ] GC(98) ParOldGen: 801906K(811008K)->810499K(906240K)
[5.316s][info][gc,metaspace   ] GC(98) Metaspace: 6299K(6464K)->6299K(6464K) NonClass: 5765K(5824K)->5765K(5824K) Class: 533K(640K)->533K(640K)
[5.316s][info][gc             ] GC(98) Pause Full (Ergonomics) 804M->802M(973M) 292.663ms
[5.316s][info][gc,cpu         ] GC(98) User=1.92s Sys=0.00s Real=0.29s
[5.324s][info][gc,start       ] GC(99) Pause Young (Allocation Failure)
[5.374s][info][gc,heap        ] GC(99) PSYoungGen: 19403K(90112K)->10464K(90624K) Eden: 7680K(7680K)->0K(7680K) From: 11723K(82432K)->10464K(82944K)
[5.374s][info][gc,heap        ] GC(99) ParOldGen: 810499K(906240K)->819691K(906240K)
[5.374s][info][gc,metaspace   ] GC(99) Metaspace: 6299K(6464K)->6299K(6464K) NonClass: 5765K(5824K)->5765K(5824K) Class: 533K(640K)->533K(640K)
[5.374s][info][gc             ] GC(99) Pause Young (Allocation Failure) 810M->810M(973M) 49.996ms
[5.374s][info][gc,cpu         ] GC(99) User=0.20s Sys=0.00s Real=0.05s
[5.385s][info][gc,start       ] GC(100) Pause Young (Allocation Failure)
[5.400s][info][gc,heap        ] GC(100) PSYoungGen: 18144K(90624K)->7808K(91648K) Eden: 7680K(7680K)->0K(8192K) From: 10464K(82944K)->7808K(83456K)
[5.400s][info][gc,heap        ] GC(100) ParOldGen: 819691K(906240K)->830187K(906240K)
[5.400s][info][gc,metaspace   ] GC(100) Metaspace: 6299K(6464K)->6299K(6464K) NonClass: 5765K(5824K)->5765K(5824K) Class: 533K(640K)->533K(640K)
[5.400s][info][gc             ] GC(100) Pause Young (Allocation Failure) 818M->818M(974M) 15.194ms
[5.400s][info][gc,cpu         ] GC(100) User=0.05s Sys=0.00s Real=0.02s
[5.410s][info][gc,start       ] GC(101) Pause Young (Allocation Failure)
[5.425s][info][gc,heap        ] GC(101) PSYoungGen: 16000K(91648K)->8320K(92160K) Eden: 8192K(8192K)->0K(8192K) From: 7808K(83456K)->8320K(83968K)
[5.425s][info][gc,heap        ] GC(101) ParOldGen: 830187K(906240K)->837979K(906240K)
[5.425s][info][gc,metaspace   ] GC(101) Metaspace: 6299K(6464K)->6299K(6464K) NonClass: 5765K(5824K)->5765K(5824K) Class: 533K(640K)->533K(640K)
[5.425s][info][gc             ] GC(101) Pause Young (Allocation Failure) 826M->826M(975M) 14.973ms
[5.425s][info][gc,cpu         ] GC(101) User=0.02s Sys=0.00s Real=0.01s
[5.434s][info][gc,start       ] GC(102) Pause Young (Allocation Failure)
[5.448s][info][gc,heap        ] GC(102) PSYoungGen: 16512K(92160K)->8256K(90112K) Eden: 8192K(8192K)->0K(9728K) From: 8320K(83968K)->8256K(80384K)
[5.448s][info][gc,heap        ] GC(102) ParOldGen: 837979K(906240K)->846299K(906240K)
[5.448s][info][gc,metaspace   ] GC(102) Metaspace: 6299K(6464K)->6299K(6464K) NonClass: 5765K(5824K)->5765K(5824K) Class: 533K(640K)->533K(640K)
[5.448s][info][gc             ] GC(102) Pause Young (Allocation Failure) 834M->834M(973M) 13.230ms
[5.448s][info][gc,cpu         ] GC(102) User=0.00s Sys=0.00s Real=0.01s
[5.458s][info][gc,start       ] GC(103) Pause Young (Allocation Failure)
[5.472s][info][gc,heap        ] GC(103) PSYoungGen: 17984K(90112K)->9856K(19968K) Eden: 9728K(9728K)->0K(9728K) From: 8256K(80384K)->9856K(10240K)
[5.472s][info][gc,heap        ] GC(103) ParOldGen: 846299K(906240K)->854603K(906240K)
[5.472s][info][gc,metaspace   ] GC(103) Metaspace: 6299K(6464K)->6299K(6464K) NonClass: 5765K(5824K)->5765K(5824K) Class: 533K(640K)->533K(640K)
[5.472s][info][gc             ] GC(103) Pause Young (Allocation Failure) 844M->844M(904M) 14.206ms
[5.472s][info][gc,cpu         ] GC(103) User=0.02s Sys=0.00s Real=0.01s
[5.483s][info][gc,start       ] GC(104) Pause Young (Allocation Failure)
[5.498s][info][gc,heap        ] GC(104) PSYoungGen: 19584K(19968K)->9824K(87040K) Eden: 9728K(9728K)->0K(11264K) From: 9856K(10240K)->9824K(75776K)
[5.498s][info][gc,heap        ] GC(104) ParOldGen: 854603K(906240K)->864467K(906240K)
[5.498s][info][gc,metaspace   ] GC(104) Metaspace: 6299K(6464K)->6299K(6464K) NonClass: 5765K(5824K)->5765K(5824K) Class: 533K(640K)->533K(640K)
[5.498s][info][gc             ] GC(104) Pause Young (Allocation Failure) 853M->853M(970M) 15.376ms
[5.498s][info][gc,cpu         ] GC(104) User=0.02s Sys=0.00s Real=0.02s
[5.511s][info][gc,start       ] GC(105) Pause Young (Allocation Failure)
[5.527s][info][gc,heap        ] GC(105) PSYoungGen: 21088K(87040K)->11392K(23040K) Eden: 11264K(11264K)->0K(11264K) From: 9824K(75776K)->11392K(11776K)
[5.527s][info][gc,heap        ] GC(105) ParOldGen: 864467K(906240K)->874339K(906240K)
[5.527s][info][gc,metaspace   ] GC(105) Metaspace: 6299K(6464K)->6299K(6464K) NonClass: 5765K(5824K)->5765K(5824K) Class: 533K(640K)->533K(640K)
[5.527s][info][gc             ] GC(105) Pause Young (Allocation Failure) 864M->864M(907M) 15.720ms
[5.527s][info][gc,cpu         ] GC(105) User=0.02s Sys=0.00s Real=0.02s
[5.538s][info][gc,start       ] GC(106) Pause Young (Allocation Failure)
[5.555s][info][gc,heap        ] GC(106) PSYoungGen: 22656K(23040K)->11392K(81920K) Eden: 11264K(11264K)->0K(12800K) From: 11392K(11776K)->11392K(69120K)
[5.555s][info][gc,heap        ] GC(106) ParOldGen: 874339K(906240K)->885763K(906240K)
[5.555s][info][gc,metaspace   ] GC(106) Metaspace: 6299K(6464K)->6299K(6464K) NonClass: 5765K(5824K)->5765K(5824K) Class: 533K(640K)->533K(640K)
[5.555s][info][gc             ] GC(106) Pause Young (Allocation Failure) 875M->876M(965M) 17.030ms
[5.555s][info][gc,cpu         ] GC(106) User=0.03s Sys=0.00s Real=0.02s
[5.555s][info][gc,start       ] GC(107) Pause Full (Ergonomics)
[5.555s][info][gc,phases,start] GC(107) Marking Phase
[5.755s][info][gc,phases      ] GC(107) Marking Phase 199.555ms
[5.755s][info][gc,phases,start] GC(107) Summary Phase
[5.755s][info][gc,phases      ] GC(107) Summary Phase 0.036ms
[5.755s][info][gc,phases,start] GC(107) Adjust Roots
[5.755s][info][gc,phases      ] GC(107) Adjust Roots 0.159ms
[5.755s][info][gc,phases,start] GC(107) Compaction Phase
[5.843s][info][gc,phases      ] GC(107) Compaction Phase 87.654ms
[5.843s][info][gc,phases,start] GC(107) Post Compact
[5.844s][info][gc,phases      ] GC(107) Post Compact 1.586ms
[5.845s][info][gc,heap        ] GC(107) PSYoungGen: 11392K(81920K)->0K(84992K) Eden: 0K(12800K)->0K(12800K) From: 11392K(69120K)->0K(72192K)
[5.845s][info][gc,heap        ] GC(107) ParOldGen: 885763K(906240K)->895694K(985600K)
[5.845s][info][gc,metaspace   ] GC(107) Metaspace: 6299K(6464K)->6299K(6464K) NonClass: 5765K(5824K)->5765K(5824K) Class: 533K(640K)->533K(640K)
[5.845s][info][gc             ] GC(107) Pause Full (Ergonomics) 876M->874M(1045M) 289.575ms
[5.845s][info][gc,cpu         ] GC(107) User=2.02s Sys=0.02s Real=0.29s
[5.860s][info][gc,start       ] GC(108) Pause Young (Allocation Failure)
[5.873s][info][gc,heap        ] GC(108) PSYoungGen: 12800K(84992K)->12960K(80384K) Eden: 12800K(12800K)->0K(14336K) From: 0K(72192K)->12960K(66048K)
[5.873s][info][gc,heap        ] GC(108) ParOldGen: 895694K(985600K)->895694K(985600K)
[5.873s][info][gc,metaspace   ] GC(108) Metaspace: 6299K(6464K)->6299K(6464K) NonClass: 5765K(5824K)->5765K(5824K) Class: 533K(640K)->533K(640K)
[5.873s][info][gc             ] GC(108) Pause Young (Allocation Failure) 887M->887M(1041M) 13.648ms
[5.873s][info][gc,cpu         ] GC(108) User=0.02s Sys=0.00s Real=0.01s
[5.889s][info][gc,start       ] GC(109) Pause Young (Allocation Failure)
[5.907s][info][gc,heap        ] GC(109) PSYoungGen: 27296K(80384K)->27296K(41984K) Eden: 14336K(14336K)->0K(14336K) From: 12960K(66048K)->27296K(27648K)
[5.907s][info][gc,heap        ] GC(109) ParOldGen: 895694K(985600K)->895694K(985600K)
[5.907s][info][gc,metaspace   ] GC(109) Metaspace: 6299K(6464K)->6299K(6464K) NonClass: 5765K(5824K)->5765K(5824K) Class: 533K(640K)->533K(640K)
[5.907s][info][gc             ] GC(109) Pause Young (Allocation Failure) 901M->901M(1003M) 18.410ms
[5.907s][info][gc,cpu         ] GC(109) User=0.03s Sys=0.00s Real=0.02s
[5.922s][info][gc,start       ] GC(110) Pause Young (Allocation Failure)
[5.943s][info][gc,heap        ] GC(110) PSYoungGen: 41632K(41984K)->41568K(78848K) Eden: 14336K(14336K)->0K(12800K) From: 27296K(27648K)->41568K(66048K)
[5.943s][info][gc,heap        ] GC(110) ParOldGen: 895694K(985600K)->895694K(985600K)
[5.943s][info][gc,metaspace   ] GC(110) Metaspace: 6299K(6464K)->6299K(6464K) NonClass: 5765K(5824K)->5765K(5824K) Class: 533K(640K)->533K(640K)
[5.943s][info][gc             ] GC(110) Pause Young (Allocation Failure) 915M->915M(1039M) 21.249ms
[5.943s][info][gc,cpu         ] GC(110) User=0.05s Sys=0.00s Real=0.02s
[5.958s][info][gc,start       ] GC(111) Pause Young (Allocation Failure)
[5.984s][info][gc,heap        ] GC(111) PSYoungGen: 54368K(78848K)->41536K(81920K) Eden: 12800K(12800K)->0K(12800K) From: 41568K(66048K)->41536K(69120K)
[5.984s][info][gc,heap        ] GC(111) ParOldGen: 895694K(985600K)->908670K(985600K)
[5.984s][info][gc,metaspace   ] GC(111) Metaspace: 6299K(6464K)->6299K(6464K) NonClass: 5765K(5824K)->5765K(5824K) Class: 533K(640K)->533K(640K)
[5.984s][info][gc             ] GC(111) Pause Young (Allocation Failure) 927M->927M(1042M) 26.854ms
[5.984s][info][gc,cpu         ] GC(111) User=0.09s Sys=0.03s Real=0.03s
[5.999s][info][gc,start       ] GC(112) Pause Young (Allocation Failure)
[6.026s][info][gc,heap        ] GC(112) PSYoungGen: 54336K(81920K)->40096K(83968K) Eden: 12800K(12800K)->0K(13312K) From: 41536K(69120K)->40096K(70656K)
[6.027s][info][gc,heap        ] GC(112) ParOldGen: 908670K(985600K)->923206K(985600K)
[6.027s][info][gc,metaspace   ] GC(112) Metaspace: 6299K(6464K)->6299K(6464K) NonClass: 5765K(5824K)->5765K(5824K) Class: 533K(640K)->533K(640K)
[6.027s][info][gc             ] GC(112) Pause Young (Allocation Failure) 940M->940M(1044M) 27.878ms
[6.027s][info][gc,cpu         ] GC(112) User=0.14s Sys=0.00s Real=0.03s
[6.041s][info][gc,start       ] GC(113) Pause Young (Allocation Failure)
[6.069s][info][gc,heap        ] GC(113) PSYoungGen: 53408K(83968K)->26240K(39936K) Eden: 13312K(13312K)->0K(13312K) From: 40096K(70656K)->26240K(26624K)
[6.069s][info][gc,heap        ] GC(113) ParOldGen: 923206K(985600K)->950686K(985600K)
[6.069s][info][gc,metaspace   ] GC(113) Metaspace: 6299K(6464K)->6299K(6464K) NonClass: 5765K(5824K)->5765K(5824K) Class: 533K(640K)->533K(640K)
[6.069s][info][gc             ] GC(113) Pause Young (Allocation Failure) 953M->954M(1001M) 28.487ms
[6.069s][info][gc,cpu         ] GC(113) User=0.09s Sys=0.02s Real=0.03s
[6.085s][info][gc,start       ] GC(114) Pause Young (Allocation Failure)
[6.108s][info][gc,heap        ] GC(114) PSYoungGen: 39552K(39936K)->13408K(79872K) Eden: 13312K(13312K)->0K(15360K) From: 26240K(26624K)->13408K(64512K)
[6.108s][info][gc,heap        ] GC(114) ParOldGen: 950686K(985600K)->977134K(985600K)
[6.108s][info][gc,metaspace   ] GC(114) Metaspace: 6299K(6464K)->6299K(6464K) NonClass: 5765K(5824K)->5765K(5824K) Class: 533K(640K)->533K(640K)
[6.108s][info][gc             ] GC(114) Pause Young (Allocation Failure) 967M->967M(1040M) 22.651ms
[6.108s][info][gc,cpu         ] GC(114) User=0.11s Sys=0.00s Real=0.02s
[6.108s][info][gc,start       ] GC(115) Pause Full (Ergonomics)
[6.108s][info][gc,phases,start] GC(115) Marking Phase
[6.335s][info][gc,phases      ] GC(115) Marking Phase 227.432ms
[6.335s][info][gc,phases,start] GC(115) Summary Phase
[6.335s][info][gc,phases      ] GC(115) Summary Phase 0.023ms
[6.335s][info][gc,phases,start] GC(115) Adjust Roots
[6.336s][info][gc,phases      ] GC(115) Adjust Roots 0.155ms
[6.336s][info][gc,phases,start] GC(115) Compaction Phase
[6.434s][info][gc,phases      ] GC(115) Compaction Phase 98.524ms
[6.434s][info][gc,phases,start] GC(115) Post Compact
[6.436s][info][gc,phases      ] GC(115) Post Compact 1.643ms
[6.436s][info][gc,heap        ] GC(115) PSYoungGen: 13408K(79872K)->3600K(81408K) Eden: 0K(15360K)->0K(16896K) From: 13408K(64512K)->3600K(64512K)
[6.436s][info][gc,heap        ] GC(115) ParOldGen: 977134K(985600K)->985564K(1091072K)
[6.436s][info][gc,metaspace   ] GC(115) Metaspace: 6299K(6464K)->6299K(6464K) NonClass: 5765K(5824K)->5765K(5824K) Class: 533K(640K)->533K(640K)
[6.436s][info][gc             ] GC(115) Pause Full (Ergonomics) 967M->965M(1145M) 328.428ms
[6.436s][info][gc,cpu         ] GC(115) User=2.30s Sys=0.02s Real=0.33s
[6.456s][info][gc,start       ] GC(116) Pause Young (Allocation Failure)
[6.510s][info][gc,heap        ] GC(116) PSYoungGen: 20496K(81408K)->16992K(34304K) Eden: 16896K(16896K)->0K(16896K) From: 3600K(64512K)->16992K(17408K)
[6.511s][info][gc,heap        ] GC(116) ParOldGen: 985564K(1091072K)->989244K(1091072K)
[6.511s][info][gc,metaspace   ] GC(116) Metaspace: 6299K(6464K)->6299K(6464K) NonClass: 5765K(5824K)->5765K(5824K) Class: 533K(640K)->533K(640K)
[6.511s][info][gc             ] GC(116) Pause Young (Allocation Failure) 982M->982M(1099M) 54.205ms
[6.511s][info][gc,cpu         ] GC(116) User=0.28s Sys=0.00s Real=0.05s
[6.529s][info][gc,start       ] GC(117) Pause Young (Allocation Failure)
[6.550s][info][gc,heap        ] GC(117) PSYoungGen: 33888K(34304K)->17024K(77312K) Eden: 16896K(16896K)->0K(18944K) From: 16992K(17408K)->17024K(58368K)
[6.550s][info][gc,heap        ] GC(117) ParOldGen: 989244K(1091072K)->1006388K(1091072K)
[6.550s][info][gc,metaspace   ] GC(117) Metaspace: 6299K(6464K)->6299K(6464K) NonClass: 5765K(5824K)->5765K(5824K) Class: 533K(640K)->533K(640K)
[6.550s][info][gc             ] GC(117) Pause Young (Allocation Failure) 999M->999M(1141M) 21.197ms
[6.550s][info][gc,cpu         ] GC(117) User=0.09s Sys=0.03s Real=0.02s
[6.571s][info][gc,start       ] GC(118) Pause Young (Allocation Failure)
[6.592s][info][gc,heap        ] GC(118) PSYoungGen: 35968K(77312K)->19040K(38400K) Eden: 18944K(18944K)->0K(18944K) From: 17024K(58368K)->19040K(19456K)
[6.593s][info][gc,heap        ] GC(118) ParOldGen: 1006388K(1091072K)->1023508K(1091072K)
[6.593s][info][gc,metaspace   ] GC(118) Metaspace: 6299K(6464K)->6299K(6464K) NonClass: 5765K(5824K)->5765K(5824K) Class: 533K(640K)->533K(640K)
[6.593s][info][gc             ] GC(118) Pause Young (Allocation Failure) 1017M->1018M(1103M) 21.970ms
[6.593s][info][gc,cpu         ] GC(118) User=0.08s Sys=0.06s Real=0.02s
[6.614s][info][gc,start       ] GC(119) Pause Young (Allocation Failure)
[6.637s][info][gc,heap        ] GC(119) PSYoungGen: 37984K(38400K)->19104K(73216K) Eden: 18944K(18944K)->0K(20992K) From: 19040K(19456K)->19104K(52224K)
[6.637s][info][gc,heap        ] GC(119) ParOldGen: 1023508K(1091072K)->1042716K(1091072K)
[6.637s][info][gc,metaspace   ] GC(119) Metaspace: 6299K(6464K)->6299K(6464K) NonClass: 5765K(5824K)->5765K(5824K) Class: 533K(640K)->533K(640K)
[6.637s][info][gc             ] GC(119) Pause Young (Allocation Failure) 1036M->1036M(1137M) 23.009ms
[6.637s][info][gc,cpu         ] GC(119) User=0.14s Sys=0.00s Real=0.02s
[6.660s][info][gc,start       ] GC(120) Pause Young (Allocation Failure)
[6.685s][info][gc,heap        ] GC(120) PSYoungGen: 40096K(73216K)->21120K(76288K) Eden: 20992K(20992K)->0K(20992K) From: 19104K(52224K)->21120K(55296K)
[6.685s][info][gc,heap        ] GC(120) ParOldGen: 1042716K(1091072K)->1061916K(1091072K)
[6.685s][info][gc,metaspace   ] GC(120) Metaspace: 6299K(6464K)->6299K(6464K) NonClass: 5765K(5824K)->5765K(5824K) Class: 533K(640K)->533K(640K)
[6.685s][info][gc             ] GC(120) Pause Young (Allocation Failure) 1057M->1057M(1140M) 24.598ms
[6.685s][info][gc,cpu         ] GC(120) User=0.09s Sys=0.05s Real=0.02s
[6.685s][info][gc,start       ] GC(121) Pause Full (Ergonomics)
[6.685s][info][gc,phases,start] GC(121) Marking Phase
[6.931s][info][gc,phases      ] GC(121) Marking Phase 246.569ms
[6.931s][info][gc,phases,start] GC(121) Summary Phase
[6.932s][info][gc,phases      ] GC(121) Summary Phase 0.031ms
[6.932s][info][gc,phases,start] GC(121) Adjust Roots
[6.932s][info][gc,phases      ] GC(121) Adjust Roots 0.155ms
[6.932s][info][gc,phases,start] GC(121) Compaction Phase
[7.028s][info][gc,phases      ] GC(121) Compaction Phase 95.987ms
[7.028s][info][gc,phases,start] GC(121) Post Compact
[7.030s][info][gc,phases      ] GC(121) Post Compact 1.786ms
[7.030s][info][gc,heap        ] GC(121) PSYoungGen: 21120K(76288K)->0K(76288K) Eden: 0K(20992K)->0K(23552K) From: 21120K(55296K)->0K(52736K)
[7.030s][info][gc,heap        ] GC(121) ParOldGen: 1061916K(1091072K)->1081679K(1196032K)
[7.030s][info][gc,metaspace   ] GC(121) Metaspace: 6299K(6464K)->6299K(6464K) NonClass: 5765K(5824K)->5765K(5824K) Class: 533K(640K)->533K(640K)
[7.030s][info][gc             ] GC(121) Pause Full (Ergonomics) 1057M->1056M(1242M) 345.189ms
[7.030s][info][gc,cpu         ] GC(121) User=2.33s Sys=0.02s Real=0.35s
[7.061s][info][gc,start       ] GC(122) Pause Young (Allocation Failure)
[7.079s][info][gc,heap        ] GC(122) PSYoungGen: 23552K(76288K)->23712K(76288K) Eden: 23552K(23552K)->0K(23552K) From: 0K(52736K)->23712K(52736K)
[7.079s][info][gc,heap        ] GC(122) ParOldGen: 1081679K(1196032K)->1081679K(1196032K)
[7.079s][info][gc,metaspace   ] GC(122) Metaspace: 6299K(6464K)->6299K(6464K) NonClass: 5765K(5824K)->5765K(5824K) Class: 533K(640K)->533K(640K)
[7.079s][info][gc             ] GC(122) Pause Young (Allocation Failure) 1079M->1079M(1242M) 17.784ms
[7.079s][info][gc,cpu         ] GC(122) User=0.03s Sys=0.00s Real=0.02s
[7.106s][info][gc,start       ] GC(123) Pause Young (Allocation Failure)
[7.132s][info][gc,heap        ] GC(123) PSYoungGen: 47264K(76288K)->47296K(70144K) Eden: 23552K(23552K)->0K(19968K) From: 23712K(52736K)->47296K(50176K)
[7.132s][info][gc,heap        ] GC(123) ParOldGen: 1081679K(1196032K)->1081679K(1196032K)
[7.132s][info][gc,metaspace   ] GC(123) Metaspace: 6299K(6464K)->6299K(6464K) NonClass: 5765K(5824K)->5765K(5824K) Class: 533K(640K)->533K(640K)
[7.132s][info][gc             ] GC(123) Pause Young (Allocation Failure) 1102M->1102M(1236M) 26.056ms
[7.132s][info][gc,cpu         ] GC(123) User=0.12s Sys=0.00s Real=0.03s
[7.155s][info][gc,start       ] GC(124) Pause Young (Allocation Failure)
[7.190s][info][gc,heap        ] GC(124) PSYoungGen: 67264K(70144K)->56320K(76288K) Eden: 19968K(19968K)->0K(19968K) From: 47296K(50176K)->56320K(56320K)
[7.190s][info][gc,heap        ] GC(124) ParOldGen: 1081679K(1196032K)->1092647K(1196032K)
[7.190s][info][gc,metaspace   ] GC(124) Metaspace: 6299K(6464K)->6299K(6464K) NonClass: 5765K(5824K)->5765K(5824K) Class: 533K(640K)->533K(640K)
[7.190s][info][gc             ] GC(124) Pause Young (Allocation Failure) 1122M->1122M(1242M) 34.509ms
[7.190s][info][gc,cpu         ] GC(124) User=0.16s Sys=0.00s Real=0.04s
[7.215s][info][gc,start       ] GC(125) Pause Young (Allocation Failure)
[7.255s][info][gc,heap        ] GC(125) PSYoungGen: 76288K(76288K)->35616K(87552K) Eden: 19968K(19968K)->0K(22016K) From: 56320K(56320K)->35616K(65536K)
[7.255s][info][gc,heap        ] GC(125) ParOldGen: 1092647K(1196032K)->1133959K(1196032K)
[7.255s][info][gc,metaspace   ] GC(125) Metaspace: 6299K(6464K)->6299K(6464K) NonClass: 5765K(5824K)->5765K(5824K) Class: 533K(640K)->533K(640K)
[7.255s][info][gc             ] GC(125) Pause Young (Allocation Failure) 1141M->1142M(1253M) 40.326ms
[7.255s][info][gc,cpu         ] GC(125) User=0.23s Sys=0.02s Real=0.04s
[7.282s][info][gc,start       ] GC(126) Pause Young (Allocation Failure)
[7.313s][info][gc,heap        ] GC(126) PSYoungGen: 57632K(87552K)->42144K(89088K) Eden: 22016K(22016K)->0K(22016K) From: 35616K(65536K)->42144K(67072K)
[7.313s][info][gc,heap        ] GC(126) ParOldGen: 1133959K(1196032K)->1149695K(1196032K)
[7.313s][info][gc,metaspace   ] GC(126) Metaspace: 6299K(6464K)->6299K(6464K) NonClass: 5765K(5824K)->5765K(5824K) Class: 533K(640K)->533K(640K)
[7.313s][info][gc             ] GC(126) Pause Young (Allocation Failure) 1163M->1163M(1255M) 30.792ms
[7.313s][info][gc,cpu         ] GC(126) User=0.14s Sys=0.00s Real=0.03s
[7.340s][info][gc,start       ] GC(127) Pause Young (Allocation Failure)
[7.374s][info][gc,heap        ] GC(127) PSYoungGen: 64160K(89088K)->44160K(91136K) Eden: 22016K(22016K)->0K(23552K) From: 42144K(67072K)->44160K(67584K)
[7.374s][info][gc,heap        ] GC(127) ParOldGen: 1149695K(1196032K)->1169951K(1196032K)
[7.374s][info][gc,metaspace   ] GC(127) Metaspace: 6299K(6464K)->6299K(6464K) NonClass: 5765K(5824K)->5765K(5824K) Class: 533K(640K)->533K(640K)
[7.374s][info][gc             ] GC(127) Pause Young (Allocation Failure) 1185M->1185M(1257M) 34.595ms
[7.374s][info][gc,cpu         ] GC(127) User=0.16s Sys=0.00s Real=0.03s
[7.374s][info][gc,start       ] GC(128) Pause Full (Ergonomics)
[7.374s][info][gc,phases,start] GC(128) Marking Phase
[7.645s][info][gc,phases      ] GC(128) Marking Phase 270.744ms
[7.645s][info][gc,phases,start] GC(128) Summary Phase
[7.645s][info][gc,phases      ] GC(128) Summary Phase 0.026ms
[7.645s][info][gc,phases,start] GC(128) Adjust Roots
[7.645s][info][gc,phases      ] GC(128) Adjust Roots 0.150ms
[7.645s][info][gc,phases,start] GC(128) Compaction Phase
[7.756s][info][gc,phases      ] GC(128) Compaction Phase 110.100ms
[7.756s][info][gc,phases,start] GC(128) Post Compact
[7.758s][info][gc,phases      ] GC(128) Post Compact 2.302ms
[7.759s][info][gc,heap        ] GC(128) PSYoungGen: 44160K(91136K)->16890K(91136K) Eden: 0K(23552K)->0K(23552K) From: 44160K(67584K)->16890K(67584K)
[7.759s][info][gc,heap        ] GC(128) ParOldGen: 1169951K(1196032K)->1195680K(1322496K)
[7.759s][info][gc,metaspace   ] GC(128) Metaspace: 6299K(6464K)->6299K(6464K) NonClass: 5765K(5824K)->5765K(5824K) Class: 533K(640K)->533K(640K)
[7.759s][info][gc             ] GC(128) Pause Full (Ergonomics) 1185M->1184M(1380M) 384.222ms
[7.759s][info][gc,cpu         ] GC(128) User=2.59s Sys=0.02s Real=0.38s
[7.790s][info][gc,start       ] GC(129) Pause Young (Allocation Failure)
[7.868s][info][gc,heap        ] GC(129) PSYoungGen: 40442K(91136K)->31200K(54784K) Eden: 23552K(23552K)->0K(23552K) From: 16890K(67584K)->31200K(31232K)
[7.868s][info][gc,heap        ] GC(129) ParOldGen: 1195680K(1322496K)->1205232K(1322496K)
[7.868s][info][gc,metaspace   ] GC(129) Metaspace: 6299K(6464K)->6299K(6464K) NonClass: 5765K(5824K)->5765K(5824K) Class: 533K(640K)->533K(640K)
[7.868s][info][gc             ] GC(129) Pause Young (Allocation Failure) 1207M->1207M(1345M) 77.789ms
[7.868s][info][gc,cpu         ] GC(129) User=0.50s Sys=0.00s Real=0.08s
[7.896s][info][gc,start       ] GC(130) Pause Young (Allocation Failure)
[7.928s][info][gc,heap        ] GC(130) PSYoungGen: 54752K(54784K)->54816K(86528K) Eden: 23552K(23552K)->0K(20992K) From: 31200K(31232K)->54816K(65536K)
[7.928s][info][gc,heap        ] GC(130) ParOldGen: 1205232K(1322496K)->1205232K(1322496K)
[7.928s][info][gc,metaspace   ] GC(130) Metaspace: 6299K(6464K)->6299K(6464K) NonClass: 5765K(5824K)->5765K(5824K) Class: 533K(640K)->533K(640K)
[7.928s][info][gc             ] GC(130) Pause Young (Allocation Failure) 1230M->1230M(1376M) 32.132ms
[7.928s][info][gc,cpu         ] GC(130) User=0.14s Sys=0.00s Real=0.03s
[7.954s][info][gc,start       ] GC(131) Pause Young (Allocation Failure)
[7.993s][info][gc,heap        ] GC(131) PSYoungGen: 75808K(86528K)->70656K(91648K) Eden: 20992K(20992K)->0K(20992K) From: 54816K(65536K)->70656K(70656K)
[7.993s][info][gc,heap        ] GC(131) ParOldGen: 1205232K(1322496K)->1210320K(1322496K)
[7.993s][info][gc,metaspace   ] GC(131) Metaspace: 6299K(6464K)->6299K(6464K) NonClass: 5765K(5824K)->5765K(5824K) Class: 533K(640K)->533K(640K)
[7.993s][info][gc             ] GC(131) Pause Young (Allocation Failure) 1251M->1250M(1381M) 39.286ms
[7.993s][info][gc,cpu         ] GC(131) User=0.25s Sys=0.00s Real=0.04s
[8.020s][info][gc,start       ] GC(132) Pause Young (Allocation Failure)
[8.069s][info][gc,heap        ] GC(132) PSYoungGen: 91648K(91648K)->63104K(100864K) Eden: 20992K(20992K)->0K(18944K) From: 70656K(70656K)->63104K(81920K)
[8.069s][info][gc,heap        ] GC(132) ParOldGen: 1210320K(1322496K)->1239184K(1322496K)
[8.069s][info][gc,metaspace   ] GC(132) Metaspace: 6299K(6464K)->6299K(6464K) NonClass: 5765K(5824K)->5765K(5824K) Class: 533K(640K)->533K(640K)
[8.069s][info][gc             ] GC(132) Pause Young (Allocation Failure) 1271M->1271M(1390M) 48.812ms
[8.069s][info][gc,cpu         ] GC(132) User=0.23s Sys=0.05s Real=0.05s
[8.084s][info][gc,start       ] GC(133) Pause Young (Allocation Failure)
[8.121s][info][gc,heap        ] GC(133) PSYoungGen: 82048K(100864K)->51008K(105472K) Eden: 18944K(18944K)->0K(18944K) From: 63104K(81920K)->51008K(86528K)
[8.121s][info][gc,heap        ] GC(133) ParOldGen: 1239184K(1322496K)->1261408K(1322496K)
[8.121s][info][gc,metaspace   ] GC(133) Metaspace: 6299K(6464K)->6299K(6464K) NonClass: 5765K(5824K)->5765K(5824K) Class: 533K(640K)->533K(640K)
[8.121s][info][gc             ] GC(133) Pause Young (Allocation Failure) 1290M->1281M(1394M) 37.518ms
[8.121s][info][gc,cpu         ] GC(133) User=0.25s Sys=0.00s Real=0.04s
[8.136s][info][gc,start       ] GC(134) Pause Young (Allocation Failure)
[8.169s][info][gc,heap        ] GC(134) PSYoungGen: 69952K(105472K)->40704K(99328K) Eden: 18944K(18944K)->0K(21504K) From: 51008K(86528K)->40704K(77824K)
[8.169s][info][gc,heap        ] GC(134) ParOldGen: 1261408K(1322496K)->1281864K(1322496K)
[8.169s][info][gc,metaspace   ] GC(134) Metaspace: 6299K(6464K)->6299K(6464K) NonClass: 5765K(5824K)->5765K(5824K) Class: 533K(640K)->533K(640K)
[8.169s][info][gc             ] GC(134) Pause Young (Allocation Failure) 1300M->1291M(1388M) 32.458ms
[8.169s][info][gc,cpu         ] GC(134) User=0.14s Sys=0.00s Real=0.03s
[8.198s][info][gc,start       ] GC(135) Pause Young (Allocation Failure)
[8.233s][info][gc,heap        ] GC(135) PSYoungGen: 62208K(99328K)->31520K(103424K) Eden: 21504K(21504K)->0K(21504K) From: 40704K(77824K)->31520K(81920K)
[8.234s][info][gc,heap        ] GC(135) ParOldGen: 1281864K(1322496K)->1312912K(1322496K)
[8.234s][info][gc,metaspace   ] GC(135) Metaspace: 6299K(6464K)->6299K(6464K) NonClass: 5765K(5824K)->5765K(5824K) Class: 533K(640K)->533K(640K)
[8.234s][info][gc             ] GC(135) Pause Young (Allocation Failure) 1312M->1312M(1392M) 35.597ms
[8.234s][info][gc,cpu         ] GC(135) User=0.16s Sys=0.00s Real=0.04s
[8.234s][info][gc,start       ] GC(136) Pause Full (Ergonomics)
[8.234s][info][gc,phases,start] GC(136) Marking Phase
[8.541s][info][gc,phases      ] GC(136) Marking Phase 307.632ms
[8.541s][info][gc,phases,start] GC(136) Summary Phase
[8.541s][info][gc,phases      ] GC(136) Summary Phase 0.027ms
[8.541s][info][gc,phases,start] GC(136) Adjust Roots
[8.542s][info][gc,phases      ] GC(136) Adjust Roots 0.251ms
[8.542s][info][gc,phases,start] GC(136) Compaction Phase
[8.909s][info][gc,phases      ] GC(136) Compaction Phase 367.530ms
[8.909s][info][gc,phases,start] GC(136) Post Compact
[8.912s][info][gc,phases      ] GC(136) Post Compact 2.579ms
[8.912s][info][gc,heap        ] GC(136) PSYoungGen: 31520K(103424K)->20128K(103424K) Eden: 0K(21504K)->0K(21504K) From: 31520K(81920K)->20128K(81920K)
[8.912s][info][gc,heap        ] GC(136) ParOldGen: 1312912K(1322496K)->1322394K(1464320K)
[8.912s][info][gc,metaspace   ] GC(136) Metaspace: 6299K(6464K)->6299K(6464K) NonClass: 5765K(5824K)->5765K(5824K) Class: 533K(640K)->533K(640K)
[8.913s][info][gc             ] GC(136) Pause Full (Ergonomics) 1312M->1311M(1531M) 678.885ms
[8.913s][info][gc,cpu         ] GC(136) User=4.88s Sys=0.00s Real=0.68s
[8.941s][info][gc,start       ] GC(137) Pause Young (Allocation Failure)
[9.021s][info][gc,heap        ] GC(137) PSYoungGen: 41632K(103424K)->21696K(101376K) Eden: 21504K(21504K)->0K(24064K) From: 20128K(81920K)->21696K(77312K)
[9.021s][info][gc,heap        ] GC(137) ParOldGen: 1322394K(1464320K)->1342850K(1464320K)
[9.021s][info][gc,metaspace   ] GC(137) Metaspace: 6299K(6464K)->6299K(6464K) NonClass: 5765K(5824K)->5765K(5824K) Class: 533K(640K)->533K(640K)
[9.021s][info][gc             ] GC(137) Pause Young (Allocation Failure) 1332M->1332M(1529M) 80.265ms
[9.021s][info][gc,cpu         ] GC(137) User=0.50s Sys=0.00s Real=0.08s
[9.052s][info][gc,start       ] GC(138) Pause Young (Allocation Failure)
[9.079s][info][gc,heap        ] GC(138) PSYoungGen: 45760K(101376K)->45728K(102912K) Eden: 24064K(24064K)->0K(24064K) From: 21696K(77312K)->45728K(78848K)
[9.079s][info][gc,heap        ] GC(138) ParOldGen: 1342850K(1464320K)->1342850K(1464320K)
[9.079s][info][gc,metaspace   ] GC(138) Metaspace: 6299K(6464K)->6299K(6464K) NonClass: 5765K(5824K)->5765K(5824K) Class: 533K(640K)->533K(640K)
[9.079s][info][gc             ] GC(138) Pause Young (Allocation Failure) 1356M->1356M(1530M) 27.045ms
[9.079s][info][gc,cpu         ] GC(138) User=0.14s Sys=0.00s Real=0.03s
[9.340s][info][gc,start       ] GC(139) Pause Young (Allocation Failure)
[9.406s][info][gc,heap        ] GC(139) PSYoungGen: 69792K(102912K)->69824K(96256K) Eden: 24064K(24064K)->0K(18944K) From: 45728K(78848K)->69824K(77312K)
[9.406s][info][gc,heap        ] GC(139) ParOldGen: 1408386K(1464320K)->1408386K(1464320K)
[9.406s][info][gc,metaspace   ] GC(139) Metaspace: 6299K(6464K)->6299K(6464K) NonClass: 5765K(5824K)->5765K(5824K) Class: 533K(640K)->533K(640K)
[9.406s][info][gc             ] GC(139) Pause Young (Allocation Failure) 1443M->1443M(1524M) 66.433ms
[9.406s][info][gc,cpu         ] GC(139) User=0.38s Sys=0.00s Real=0.07s
[9.424s][info][gc,start       ] GC(140) Pause Young (Allocation Failure)
[9.468s][info][gc,heap        ] GC(140) PSYoungGen: 88768K(96256K)->84992K(103936K) Eden: 18944K(18944K)->0K(18944K) From: 69824K(77312K)->84992K(84992K)
[9.468s][info][gc,heap        ] GC(140) ParOldGen: 1408386K(1464320K)->1412122K(1464320K)
[9.468s][info][gc,metaspace   ] GC(140) Metaspace: 6299K(6464K)->6299K(6464K) NonClass: 5765K(5824K)->5765K(5824K) Class: 533K(640K)->533K(640K)
[9.468s][info][gc             ] GC(140) Pause Young (Allocation Failure) 1462M->1462M(1531M) 43.880ms
[9.468s][info][gc,cpu         ] GC(140) User=0.20s Sys=0.00s Real=0.04s
[9.486s][info][gc,start       ] GC(141) Pause Young (Allocation Failure)
[9.538s][info][gc,heap        ] GC(141) PSYoungGen: 103936K(103936K)->60352K(118784K) Eden: 18944K(18944K)->0K(21504K) From: 84992K(84992K)->60352K(97280K)
[9.538s][info][gc,heap        ] GC(141) ParOldGen: 1412122K(1464320K)->1456362K(1464320K)
[9.538s][info][gc,metaspace   ] GC(141) Metaspace: 6299K(6464K)->6299K(6464K) NonClass: 5765K(5824K)->5765K(5824K) Class: 533K(640K)->533K(640K)
[9.539s][info][gc             ] GC(141) Pause Young (Allocation Failure) 1480M->1481M(1546M) 52.212ms
[9.539s][info][gc,cpu         ] GC(141) User=0.22s Sys=0.03s Real=0.05s
[9.539s][info][gc,start       ] GC(142) Pause Full (Ergonomics)
[9.539s][info][gc,phases,start] GC(142) Marking Phase
[9.863s][info][gc,phases      ] GC(142) Marking Phase 324.873ms
[9.864s][info][gc,phases,start] GC(142) Summary Phase
[9.864s][info][gc,phases      ] GC(142) Summary Phase 0.029ms
[9.864s][info][gc,phases,start] GC(142) Adjust Roots
[9.864s][info][gc,phases      ] GC(142) Adjust Roots 0.161ms
[9.864s][info][gc,phases,start] GC(142) Compaction Phase
[10.101s][info][gc,phases      ] GC(142) Compaction Phase 237.001ms
[10.101s][info][gc,phases,start] GC(142) Post Compact
[10.104s][info][gc,phases      ] GC(142) Post Compact 3.223ms
[10.105s][info][gc,heap        ] GC(142) PSYoungGen: 60352K(118784K)->18679K(118784K) Eden: 0K(21504K)->0K(21504K) From: 60352K(97280K)->18679K(97280K)
[10.105s][info][gc,heap        ] GC(142) ParOldGen: 1456362K(1464320K)->1463974K(1621504K)
[10.105s][info][gc,metaspace   ] GC(142) Metaspace: 6299K(6464K)->6299K(6464K) NonClass: 5765K(5824K)->5765K(5824K) Class: 533K(640K)->533K(640K)
[10.105s][info][gc             ] GC(142) Pause Full (Ergonomics) 1481M->1447M(1699M) 566.344ms
[10.105s][info][gc,cpu         ] GC(142) User=3.88s Sys=0.02s Real=0.57s
[10.126s][info][gc,start       ] GC(143) Pause Young (Allocation Failure)
[10.205s][info][gc,heap        ] GC(143) PSYoungGen: 40183K(118784K)->35008K(118784K) Eden: 21504K(21504K)->0K(21504K) From: 18679K(97280K)->35008K(97280K)
[10.205s][info][gc,heap        ] GC(143) ParOldGen: 1463974K(1621504K)->1469430K(1621504K)
[10.205s][info][gc,metaspace   ] GC(143) Metaspace: 6299K(6464K)->6299K(6464K) NonClass: 5765K(5824K)->5765K(5824K) Class: 533K(640K)->533K(640K)
[10.205s][info][gc             ] GC(143) Pause Young (Allocation Failure) 1468M->1469M(1699M) 79.019ms
[10.205s][info][gc,cpu         ] GC(143) User=0.44s Sys=0.00s Real=0.08s
[10.227s][info][gc,start       ] GC(144) Pause Young (Allocation Failure)
[10.259s][info][gc,heap        ] GC(144) PSYoungGen: 56512K(118784K)->56544K(116224K) Eden: 21504K(21504K)->0K(24064K) From: 35008K(97280K)->56544K(92160K)
[10.259s][info][gc,heap        ] GC(144) ParOldGen: 1469430K(1621504K)->1469430K(1621504K)
[10.259s][info][gc,metaspace   ] GC(144) Metaspace: 6299K(6464K)->6299K(6464K) NonClass: 5765K(5824K)->5765K(5824K) Class: 533K(640K)->533K(640K)
[10.259s][info][gc             ] GC(144) Pause Young (Allocation Failure) 1490M->1490M(1697M) 32.758ms
[10.259s][info][gc,cpu         ] GC(144) User=0.06s Sys=0.00s Real=0.03s
[10.285s][info][gc,start       ] GC(145) Pause Young (Allocation Failure)
[10.325s][info][gc,heap        ] GC(145) PSYoungGen: 80608K(116224K)->80640K(117760K) Eden: 24064K(24064K)->0K(24064K) From: 56544K(92160K)->80640K(93696K)
[10.325s][info][gc,heap        ] GC(145) ParOldGen: 1469430K(1621504K)->1469430K(1621504K)
[10.325s][info][gc,metaspace   ] GC(145) Metaspace: 6299K(6464K)->6299K(6464K) NonClass: 5765K(5824K)->5765K(5824K) Class: 533K(640K)->533K(640K)
[10.325s][info][gc             ] GC(145) Pause Young (Allocation Failure) 1513M->1513M(1698M) 40.046ms
[10.325s][info][gc,cpu         ] GC(145) User=0.17s Sys=0.00s Real=0.04s
[10.351s][info][gc,start       ] GC(146) Pause Young (Allocation Failure)
[10.403s][info][gc,heap        ] GC(146) PSYoungGen: 104704K(117760K)->94080K(117760K) Eden: 24064K(24064K)->0K(16384K) From: 80640K(93696K)->94080K(101376K)
[10.403s][info][gc,heap        ] GC(146) ParOldGen: 1469430K(1621504K)->1480182K(1621504K)
[10.403s][info][gc,metaspace   ] GC(146) Metaspace: 6299K(6464K)->6299K(6464K) NonClass: 5765K(5824K)->5765K(5824K) Class: 533K(640K)->533K(640K)
[10.403s][info][gc             ] GC(146) Pause Young (Allocation Failure) 1537M->1537M(1698M) 51.969ms
[10.403s][info][gc,cpu         ] GC(146) User=0.38s Sys=0.00s Real=0.05s
[10.420s][info][gc,start       ] GC(147) Pause Young (Allocation Failure)
[10.471s][info][gc,heap        ] GC(147) PSYoungGen: 110464K(117760K)->107712K(128512K) Eden: 16384K(16384K)->0K(16384K) From: 94080K(101376K)->107712K(112128K)
[10.471s][info][gc,heap        ] GC(147) ParOldGen: 1480182K(1621504K)->1482958K(1621504K)
[10.471s][info][gc,metaspace   ] GC(147) Metaspace: 6299K(6464K)->6299K(6464K) NonClass: 5765K(5824K)->5765K(5824K) Class: 533K(640K)->533K(640K)
[10.471s][info][gc             ] GC(147) Pause Young (Allocation Failure) 1553M->1553M(1709M) 50.902ms
[10.471s][info][gc,cpu         ] GC(147) User=0.38s Sys=0.00s Real=0.05s
[10.489s][info][gc,start       ] GC(148) Pause Young (Allocation Failure)
[10.547s][info][gc,heap        ] GC(148) PSYoungGen: 124096K(128512K)->81088K(143360K) Eden: 16384K(16384K)->0K(17920K) From: 107712K(112128K)->81088K(125440K)
[10.547s][info][gc,heap        ] GC(148) ParOldGen: 1482958K(1621504K)->1526478K(1621504K)
[10.547s][info][gc,metaspace   ] GC(148) Metaspace: 6299K(6464K)->6299K(6464K) NonClass: 5765K(5824K)->5765K(5824K) Class: 533K(640K)->533K(640K)
[10.547s][info][gc             ] GC(148) Pause Young (Allocation Failure) 1569M->1569M(1723M) 58.660ms
[10.547s][info][gc,cpu         ] GC(148) User=0.31s Sys=0.06s Real=0.06s
[10.565s][info][gc,start       ] GC(149) Pause Young (Allocation Failure)
[10.615s][info][gc,heap        ] GC(149) PSYoungGen: 99008K(143360K)->50848K(69120K) Eden: 17920K(17920K)->0K(17920K) From: 81088K(125440K)->50848K(51200K)
[10.615s][info][gc,heap        ] GC(149) ParOldGen: 1526478K(1621504K)->1575214K(1621504K)
[10.615s][info][gc,metaspace   ] GC(149) Metaspace: 6299K(6464K)->6299K(6464K) NonClass: 5765K(5824K)->5765K(5824K) Class: 533K(640K)->533K(640K)
[10.615s][info][gc             ] GC(149) Pause Young (Allocation Failure) 1587M->1587M(1651M) 49.975ms
[10.615s][info][gc,cpu         ] GC(149) User=0.23s Sys=0.05s Real=0.05s
[10.615s][info][gc,start       ] GC(150) Pause Full (Ergonomics)
[10.615s][info][gc,phases,start] GC(150) Marking Phase
[10.972s][info][gc,phases      ] GC(150) Marking Phase 356.735ms
[10.972s][info][gc,phases,start] GC(150) Summary Phase
[10.972s][info][gc,phases      ] GC(150) Summary Phase 0.041ms
[10.972s][info][gc,phases,start] GC(150) Adjust Roots
[10.972s][info][gc,phases      ] GC(150) Adjust Roots 0.261ms
[10.972s][info][gc,phases,start] GC(150) Compaction Phase
[11.133s][info][gc,phases      ] GC(150) Compaction Phase 160.535ms
[11.133s][info][gc,phases,start] GC(150) Post Compact
[11.136s][info][gc,phases      ] GC(150) Post Compact 2.990ms
[11.137s][info][gc,heap        ] GC(150) PSYoungGen: 50848K(69120K)->3087K(69120K) Eden: 0K(17920K)->0K(17920K) From: 50848K(51200K)->3087K(51200K)
[11.137s][info][gc,heap        ] GC(150) ParOldGen: 1575214K(1621504K)->1621173K(1801728K)
[11.137s][info][gc,metaspace   ] GC(150) Metaspace: 6299K(6464K)->6299K(6464K) NonClass: 5765K(5824K)->5765K(5824K) Class: 533K(640K)->533K(640K)
[11.137s][info][gc             ] GC(150) Pause Full (Ergonomics) 1587M->1586M(1827M) 521.768ms
[11.137s][info][gc,cpu         ] GC(150) User=3.73s Sys=0.02s Real=0.52s
[11.158s][info][gc,start       ] GC(151) Pause Young (Allocation Failure)
[11.237s][info][gc,heap        ] GC(151) PSYoungGen: 21007K(69120K)->19392K(141824K) Eden: 17920K(17920K)->0K(19456K) From: 3087K(51200K)->19392K(122368K)
[11.238s][info][gc,heap        ] GC(151) ParOldGen: 1621173K(1801728K)->1622933K(1801728K)
[11.238s][info][gc,metaspace   ] GC(151) Metaspace: 6299K(6464K)->6299K(6464K) NonClass: 5765K(5824K)->5765K(5824K) Class: 533K(640K)->533K(640K)
[11.238s][info][gc             ] GC(151) Pause Young (Allocation Failure) 1603M->1603M(1898M) 80.059ms
[11.238s][info][gc,cpu         ] GC(151) User=0.50s Sys=0.00s Real=0.08s
[11.257s][info][gc,start       ] GC(152) Pause Young (Allocation Failure)
[11.287s][info][gc,heap        ] GC(152) PSYoungGen: 38848K(141824K)->37568K(57344K) Eden: 19456K(19456K)->0K(19456K) From: 19392K(122368K)->37568K(37888K)
[11.287s][info][gc,heap        ] GC(152) ParOldGen: 1622933K(1801728K)->1624357K(1801728K)
[11.287s][info][gc,metaspace   ] GC(152) Metaspace: 6299K(6464K)->6299K(6464K) NonClass: 5765K(5824K)->5765K(5824K) Class: 533K(640K)->533K(640K)
[11.287s][info][gc             ] GC(152) Pause Young (Allocation Failure) 1622M->1622M(1815M) 30.068ms
[11.287s][info][gc,cpu         ] GC(152) User=0.03s Sys=0.00s Real=0.03s
[11.307s][info][gc,start       ] GC(153) Pause Young (Allocation Failure)
[11.341s][info][gc,heap        ] GC(153) PSYoungGen: 57024K(57344K)->39072K(135168K) Eden: 19456K(19456K)->0K(22016K) From: 37568K(37888K)->39072K(113152K)
[11.342s][info][gc,heap        ] GC(153) ParOldGen: 1624357K(1801728K)->1642517K(1801728K)
[11.342s][info][gc,metaspace   ] GC(153) Metaspace: 6299K(6464K)->6299K(6464K) NonClass: 5765K(5824K)->5765K(5824K) Class: 533K(640K)->533K(640K)
[11.342s][info][gc             ] GC(153) Pause Young (Allocation Failure) 1641M->1642M(1891M) 34.673ms
[11.342s][info][gc,cpu         ] GC(153) User=0.03s Sys=0.00s Real=0.03s
[11.366s][info][gc,start       ] GC(154) Pause Young (Allocation Failure)
[11.403s][info][gc,heap        ] GC(154) PSYoungGen: 61088K(135168K)->41664K(64000K) Eden: 22016K(22016K)->0K(22016K) From: 39072K(113152K)->41664K(41984K)
[11.404s][info][gc,heap        ] GC(154) ParOldGen: 1642517K(1801728K)->1662253K(1801728K)
[11.404s][info][gc,metaspace   ] GC(154) Metaspace: 6299K(6464K)->6299K(6464K) NonClass: 5765K(5824K)->5765K(5824K) Class: 533K(640K)->533K(640K)
[11.404s][info][gc             ] GC(154) Pause Young (Allocation Failure) 1663M->1663M(1822M) 37.400ms
[11.404s][info][gc,cpu         ] GC(154) User=0.16s Sys=0.00s Real=0.04s
[11.426s][info][gc,start       ] GC(155) Pause Young (Allocation Failure)
[11.462s][info][gc,heap        ] GC(155) PSYoungGen: 63680K(64000K)->44256K(128512K) Eden: 22016K(22016K)->0K(25088K) From: 41664K(41984K)->44256K(103424K)
[11.462s][info][gc,heap        ] GC(155) ParOldGen: 1662253K(1801728K)->1681965K(1801728K)
[11.462s][info][gc,metaspace   ] GC(155) Metaspace: 6299K(6464K)->6299K(6464K) NonClass: 5765K(5824K)->5765K(5824K) Class: 533K(640K)->533K(640K)
[11.462s][info][gc             ] GC(155) Pause Young (Allocation Failure) 1685M->1685M(1885M) 35.954ms
[11.462s][info][gc,cpu         ] GC(155) User=0.12s Sys=0.00s Real=0.04s
[11.491s][info][gc,start       ] GC(156) Pause Young (Allocation Failure)
[11.531s][info][gc,heap        ] GC(156) PSYoungGen: 69344K(128512K)->25216K(133120K) Eden: 25088K(25088K)->0K(25088K) From: 44256K(103424K)->25216K(108032K)
[11.531s][info][gc,heap        ] GC(156) ParOldGen: 1681965K(1801728K)->1726573K(1801728K)
[11.531s][info][gc,metaspace   ] GC(156) Metaspace: 6299K(6464K)->6299K(6464K) NonClass: 5765K(5824K)->5765K(5824K) Class: 533K(640K)->533K(640K)
[11.531s][info][gc             ] GC(156) Pause Young (Allocation Failure) 1710M->1710M(1889M) 39.386ms
[11.531s][info][gc,cpu         ] GC(156) User=0.11s Sys=0.03s Real=0.04s
[11.559s][info][gc,start       ] GC(157) Pause Young (Allocation Failure)
[11.594s][info][gc,heap        ] GC(157) PSYoungGen: 50304K(133120K)->25248K(131072K) Eden: 25088K(25088K)->0K(28160K) From: 25216K(108032K)->25248K(102912K)
[11.594s][info][gc,heap        ] GC(157) ParOldGen: 1726573K(1801728K)->1752029K(1801728K)
[11.594s][info][gc,metaspace   ] GC(157) Metaspace: 6299K(6464K)->6299K(6464K) NonClass: 5765K(5824K)->5765K(5824K) Class: 533K(640K)->533K(640K)
[11.594s][info][gc             ] GC(157) Pause Young (Allocation Failure) 1735M->1735M(1887M) 34.798ms
[11.594s][info][gc,cpu         ] GC(157) User=0.12s Sys=0.00s Real=0.04s
[11.594s][info][gc,start       ] GC(158) Pause Full (Ergonomics)
[11.594s][info][gc,phases,start] GC(158) Marking Phase
[11.974s][info][gc,phases      ] GC(158) Marking Phase 380.412ms
[11.974s][info][gc,phases,start] GC(158) Summary Phase
[11.975s][info][gc,phases      ] GC(158) Summary Phase 0.039ms
[11.975s][info][gc,phases,start] GC(158) Adjust Roots
[11.975s][info][gc,phases      ] GC(158) Adjust Roots 0.170ms
[11.975s][info][gc,phases,start] GC(158) Compaction Phase
[12.131s][info][gc,phases      ] GC(158) Compaction Phase 156.345ms
[12.131s][info][gc,phases,start] GC(158) Post Compact
[12.135s][info][gc,phases      ] GC(158) Post Compact 3.332ms
[12.135s][info][gc,heap        ] GC(158) PSYoungGen: 25248K(131072K)->0K(133120K) Eden: 0K(28160K)->0K(28160K) From: 25248K(102912K)->0K(104960K)
[12.135s][info][gc,heap        ] GC(158) ParOldGen: 1752029K(1801728K)->1775088K(1966592K)
[12.135s][info][gc,metaspace   ] GC(158) Metaspace: 6299K(6464K)->6299K(6464K) NonClass: 5765K(5824K)->5765K(5824K) Class: 533K(640K)->533K(640K)
[12.135s][info][gc             ] GC(158) Pause Full (Ergonomics) 1735M->1733M(2050M) 541.390ms
[12.135s][info][gc,cpu         ] GC(158) User=3.89s Sys=0.00s Real=0.54s
[12.169s][info][gc,start       ] GC(159) Pause Young (Allocation Failure)
[12.193s][info][gc,heap        ] GC(159) PSYoungGen: 28160K(133120K)->28320K(129536K) Eden: 28160K(28160K)->0K(30720K) From: 0K(104960K)->28320K(98816K)
[12.193s][info][gc,heap        ] GC(159) ParOldGen: 1775088K(1966592K)->1775088K(1966592K)
[12.193s][info][gc,metaspace   ] GC(159) Metaspace: 6299K(6464K)->6299K(6464K) NonClass: 5765K(5824K)->5765K(5824K) Class: 533K(640K)->533K(640K)
[12.193s][info][gc             ] GC(159) Pause Young (Allocation Failure) 1760M->1761M(2047M) 23.743ms
[12.193s][info][gc,cpu         ] GC(159) User=0.03s Sys=0.00s Real=0.02s
[12.225s][info][gc,start       ] GC(160) Pause Young (Allocation Failure)
[12.259s][info][gc,heap        ] GC(160) PSYoungGen: 59040K(129536K)->59040K(133120K) Eden: 30720K(30720K)->0K(30720K) From: 28320K(98816K)->59040K(102400K)
[12.259s][info][gc,heap        ] GC(160) ParOldGen: 1775088K(1966592K)->1775088K(1966592K)
[12.259s][info][gc,metaspace   ] GC(160) Metaspace: 6299K(6464K)->6299K(6464K) NonClass: 5765K(5824K)->5765K(5824K) Class: 533K(640K)->533K(640K)
[12.259s][info][gc             ] GC(160) Pause Young (Allocation Failure) 1791M->1791M(2050M) 34.161ms
[12.259s][info][gc,cpu         ] GC(160) User=0.16s Sys=0.00s Real=0.04s
[12.291s][info][gc,start       ] GC(161) Pause Young (Allocation Failure)
[12.335s][info][gc,heap        ] GC(161) PSYoungGen: 89760K(133120K)->89792K(124928K) Eden: 30720K(30720K)->0K(23040K) From: 59040K(102400K)->89792K(101888K)
[12.335s][info][gc,heap        ] GC(161) ParOldGen: 1775088K(1966592K)->1775088K(1966592K)
[12.335s][info][gc,metaspace   ] GC(161) Metaspace: 6299K(6464K)->6299K(6464K) NonClass: 5765K(5824K)->5765K(5824K) Class: 533K(640K)->533K(640K)
[12.335s][info][gc             ] GC(161) Pause Young (Allocation Failure) 1821M->1821M(2042M) 44.375ms
[12.335s][info][gc,cpu         ] GC(161) User=0.25s Sys=0.00s Real=0.04s
[12.361s][info][gc,start       ] GC(162) Pause Young (Allocation Failure)
[12.417s][info][gc,heap        ] GC(162) PSYoungGen: 112832K(124928K)->84704K(135680K) Eden: 23040K(23040K)->0K(23040K) From: 89792K(101888K)->84704K(112640K)
[12.417s][info][gc,heap        ] GC(162) ParOldGen: 1775088K(1966592K)->1803632K(1966592K)
[12.417s][info][gc,metaspace   ] GC(162) Metaspace: 6299K(6464K)->6299K(6464K) NonClass: 5765K(5824K)->5765K(5824K) Class: 533K(640K)->533K(640K)
[12.417s][info][gc             ] GC(162) Pause Young (Allocation Failure) 1843M->1844M(2053M) 55.567ms
[12.417s][info][gc,cpu         ] GC(162) User=0.34s Sys=0.00s Real=0.06s
[12.444s][info][gc,start       ] GC(163) Pause Young (Allocation Failure)
[12.497s][info][gc,heap        ] GC(163) PSYoungGen: 107744K(135680K)->76960K(142336K) Eden: 23040K(23040K)->0K(23552K) From: 84704K(112640K)->76960K(118784K)
[12.497s][info][gc,heap        ] GC(163) ParOldGen: 1803632K(1966592K)->1834760K(1966592K)
[12.497s][info][gc,metaspace   ] GC(163) Metaspace: 6299K(6464K)->6299K(6464K) NonClass: 5765K(5824K)->5765K(5824K) Class: 533K(640K)->533K(640K)
[12.497s][info][gc             ] GC(163) Pause Young (Allocation Failure) 1866M->1866M(2059M) 52.228ms
[12.497s][info][gc,cpu         ] GC(163) User=0.38s Sys=0.02s Real=0.05s
[12.524s][info][gc,start       ] GC(164) Pause Young (Allocation Failure)
[12.573s][info][gc,heap        ] GC(164) PSYoungGen: 100512K(142336K)->69792K(144384K) Eden: 23552K(23552K)->0K(23552K) From: 76960K(118784K)->69792K(120832K)
[12.573s][info][gc,heap        ] GC(164) ParOldGen: 1834760K(1966592K)->1865904K(1966592K)
[12.573s][info][gc,metaspace   ] GC(164) Metaspace: 6299K(6464K)->6299K(6464K) NonClass: 5765K(5824K)->5765K(5824K) Class: 533K(640K)->533K(640K)
[12.573s][info][gc             ] GC(164) Pause Young (Allocation Failure) 1889M->1890M(2061M) 49.407ms
[12.573s][info][gc,cpu         ] GC(164) User=0.30s Sys=0.00s Real=0.05s
[12.600s][info][gc,start       ] GC(165) Pause Young (Allocation Failure)
[12.648s][info][gc,heap        ] GC(165) PSYoungGen: 93344K(144384K)->47296K(137728K) Eden: 23552K(23552K)->0K(26624K) From: 69792K(120832K)->47296K(111104K)
[12.648s][info][gc,heap        ] GC(165) ParOldGen: 1865904K(1966592K)->1912576K(1966592K)
[12.648s][info][gc,metaspace   ] GC(165) Metaspace: 6299K(6464K)->6299K(6464K) NonClass: 5765K(5824K)->5765K(5824K) Class: 533K(640K)->533K(640K)
[12.648s][info][gc             ] GC(165) Pause Young (Allocation Failure) 1913M->1913M(2055M) 48.025ms
[12.648s][info][gc,cpu         ] GC(165) User=0.27s Sys=0.00s Real=0.05s
[12.648s][info][gc,start       ] GC(166) Pause Full (Ergonomics)
[12.648s][info][gc,phases,start] GC(166) Marking Phase
[13.085s][info][gc,phases      ] GC(166) Marking Phase 437.410ms
[13.085s][info][gc,phases,start] GC(166) Summary Phase
[13.085s][info][gc,phases      ] GC(166) Summary Phase 0.048ms
[13.085s][info][gc,phases,start] GC(166) Adjust Roots
[13.085s][info][gc,phases      ] GC(166) Adjust Roots 0.166ms
[13.085s][info][gc,phases,start] GC(166) Compaction Phase
[13.267s][info][gc,phases      ] GC(166) Compaction Phase 181.524ms
[13.267s][info][gc,phases,start] GC(166) Post Compact
[13.271s][info][gc,phases      ] GC(166) Post Compact 3.652ms
[13.272s][info][gc,heap        ] GC(166) PSYoungGen: 47296K(137728K)->0K(141824K) Eden: 0K(26624K)->0K(26624K) From: 47296K(111104K)->0K(115200K)
[13.272s][info][gc,heap        ] GC(166) ParOldGen: 1912576K(1966592K)->1957654K(2170880K)
[13.272s][info][gc,metaspace   ] GC(166) Metaspace: 6299K(6464K)->6299K(6464K) NonClass: 5765K(5824K)->5765K(5824K) Class: 533K(640K)->533K(640K)
[13.272s][info][gc             ] GC(166) Pause Full (Ergonomics) 1913M->1911M(2258M) 623.892ms
[13.272s][info][gc,cpu         ] GC(166) User=4.56s Sys=0.06s Real=0.62s
[13.304s][info][gc,start       ] GC(167) Pause Young (Allocation Failure)
[13.329s][info][gc,heap        ] GC(167) PSYoungGen: 26624K(141824K)->26816K(142336K) Eden: 26624K(26624K)->0K(29696K) From: 0K(115200K)->26816K(112640K)
[13.329s][info][gc,heap        ] GC(167) ParOldGen: 1957654K(2170880K)->1957654K(2170880K)
[13.329s][info][gc,metaspace   ] GC(167) Metaspace: 6299K(6464K)->6299K(6464K) NonClass: 5765K(5824K)->5765K(5824K) Class: 533K(640K)->533K(640K)
[13.329s][info][gc             ] GC(167) Pause Young (Allocation Failure) 1937M->1937M(2259M) 24.724ms
[13.329s][info][gc,cpu         ] GC(167) User=0.03s Sys=0.00s Real=0.02s
[13.366s][info][gc,start       ] GC(168) Pause Young (Allocation Failure)
[13.411s][info][gc,heap        ] GC(168) PSYoungGen: 56512K(142336K)->56512K(86528K) Eden: 29696K(29696K)->0K(29696K) From: 26816K(112640K)->56512K(56832K)
[13.411s][info][gc,heap        ] GC(168) ParOldGen: 1957654K(2170880K)->1957654K(2170880K)
[13.411s][info][gc,metaspace   ] GC(168) Metaspace: 6299K(6464K)->6299K(6464K) NonClass: 5765K(5824K)->5765K(5824K) Class: 533K(640K)->533K(640K)
[13.411s][info][gc             ] GC(168) Pause Young (Allocation Failure) 1966M->1966M(2204M) 44.519ms
[13.411s][info][gc,cpu         ] GC(168) User=0.12s Sys=0.00s Real=0.04s
[13.448s][info][gc,start       ] GC(169) Pause Young (Allocation Failure)
[13.493s][info][gc,heap        ] GC(169) PSYoungGen: 86208K(86528K)->86240K(136192K) Eden: 29696K(29696K)->0K(26624K) From: 56512K(56832K)->86240K(109568K)
[13.493s][info][gc,heap        ] GC(169) ParOldGen: 1957654K(2170880K)->1957654K(2170880K)
[13.493s][info][gc,metaspace   ] GC(169) Metaspace: 6299K(6464K)->6299K(6464K) NonClass: 5765K(5824K)->5765K(5824K) Class: 533K(640K)->533K(640K)
[13.493s][info][gc             ] GC(169) Pause Young (Allocation Failure) 1995M->1995M(2253M) 45.207ms
[13.493s][info][gc,cpu         ] GC(169) User=0.25s Sys=0.00s Real=0.05s
[13.522s][info][gc,start       ] GC(170) Pause Young (Allocation Failure)
[13.579s][info][gc,heap        ] GC(170) PSYoungGen: 112864K(136192K)->86208K(142336K) Eden: 26624K(26624K)->0K(26624K) From: 86240K(109568K)->86208K(115712K)
[13.579s][info][gc,heap        ] GC(170) ParOldGen: 1957654K(2170880K)->1984638K(2170880K)
[13.579s][info][gc,metaspace   ] GC(170) Metaspace: 6299K(6464K)->6299K(6464K) NonClass: 5765K(5824K)->5765K(5824K) Class: 533K(640K)->533K(640K)
[13.579s][info][gc             ] GC(170) Pause Young (Allocation Failure) 2021M->2022M(2259M) 56.697ms
[13.579s][info][gc,cpu         ] GC(170) User=0.38s Sys=0.02s Real=0.06s
[13.606s][info][gc,start       ] GC(171) Pause Young (Allocation Failure)
[13.663s][info][gc,heap        ] GC(171) PSYoungGen: 112832K(142336K)->83136K(147968K) Eden: 26624K(26624K)->0K(27136K) From: 86208K(115712K)->83136K(120832K)
[13.663s][info][gc,heap        ] GC(171) ParOldGen: 1984638K(2170880K)->2014758K(2170880K)
[13.663s][info][gc,metaspace   ] GC(171) Metaspace: 6299K(6464K)->6299K(6464K) NonClass: 5765K(5824K)->5765K(5824K) Class: 533K(640K)->533K(640K)
[13.663s][info][gc             ] GC(171) Pause Young (Allocation Failure) 2048M->2048M(2264M) 56.896ms
[13.663s][info][gc,cpu         ] GC(171) User=0.36s Sys=0.02s Real=0.06s
[13.692s][info][gc,start       ] GC(172) Pause Young (Allocation Failure)
[13.747s][info][gc,heap        ] GC(172) PSYoungGen: 110272K(147968K)->80608K(150528K) Eden: 27136K(27136K)->0K(27136K) From: 83136K(120832K)->80608K(123392K)
[13.747s][info][gc,heap        ] GC(172) ParOldGen: 2014758K(2170880K)->2044862K(2170880K)
[13.747s][info][gc,metaspace   ] GC(172) Metaspace: 6299K(6464K)->6299K(6464K) NonClass: 5765K(5824K)->5765K(5824K) Class: 533K(640K)->533K(640K)
[13.747s][info][gc             ] GC(172) Pause Young (Allocation Failure) 2075M->2075M(2267M) 55.408ms
[13.747s][info][gc,cpu         ] GC(172) User=0.38s Sys=0.00s Real=0.05s
[13.778s][info][gc,start       ] GC(173) Pause Young (Allocation Failure)
[13.832s][info][gc,heap        ] GC(173) PSYoungGen: 107744K(150528K)->54432K(146432K) Eden: 27136K(27136K)->0K(30720K) From: 80608K(123392K)->54432K(115712K)
[13.832s][info][gc,heap        ] GC(173) ParOldGen: 2044862K(2170880K)->2098814K(2170880K)
[13.832s][info][gc,metaspace   ] GC(173) Metaspace: 6299K(6464K)->6299K(6464K) NonClass: 5765K(5824K)->5765K(5824K) Class: 533K(640K)->533K(640K)
[13.832s][info][gc             ] GC(173) Pause Young (Allocation Failure) 2102M->2102M(2263M) 54.495ms
[13.832s][info][gc,cpu         ] GC(173) User=0.34s Sys=0.03s Real=0.05s
[13.865s][info][gc,start       ] GC(174) Pause Young (Allocation Failure)
[13.911s][info][gc,heap        ] GC(174) PSYoungGen: 85152K(146432K)->30880K(150528K) Eden: 30720K(30720K)->0K(30720K) From: 54432K(115712K)->30880K(119808K)
[13.911s][info][gc,heap        ] GC(174) ParOldGen: 2098814K(2170880K)->2153790K(2170880K)
[13.911s][info][gc,metaspace   ] GC(174) Metaspace: 6299K(6464K)->6299K(6464K) NonClass: 5765K(5824K)->5765K(5824K) Class: 533K(640K)->533K(640K)
[13.911s][info][gc             ] GC(174) Pause Young (Allocation Failure) 2132M->2133M(2267M) 45.966ms
[13.911s][info][gc,cpu         ] GC(174) User=0.25s Sys=0.02s Real=0.05s
[13.911s][info][gc,start       ] GC(175) Pause Full (Ergonomics)
[13.911s][info][gc,phases,start] GC(175) Marking Phase
[14.393s][info][gc,phases      ] GC(175) Marking Phase 482.210ms
[14.393s][info][gc,phases,start] GC(175) Summary Phase
[14.393s][info][gc,phases      ] GC(175) Summary Phase 0.047ms
[14.393s][info][gc,phases,start] GC(175) Adjust Roots
[14.394s][info][gc,phases      ] GC(175) Adjust Roots 0.175ms
[14.394s][info][gc,phases,start] GC(175) Compaction Phase
[14.614s][info][gc,phases      ] GC(175) Compaction Phase 220.728ms
[14.614s][info][gc,phases,start] GC(175) Post Compact
[14.619s][info][gc,phases      ] GC(175) Post Compact 4.217ms
[14.620s][info][gc,heap        ] GC(175) PSYoungGen: 30880K(150528K)->11269K(150528K) Eden: 0K(30720K)->0K(30720K) From: 30880K(119808K)->11269K(119808K)
[14.620s][info][gc,heap        ] GC(175) ParOldGen: 2153790K(2170880K)->2170389K(2413056K)
[14.620s][info][gc,metaspace   ] GC(175) Metaspace: 6299K(6464K)->6299K(6464K) NonClass: 5765K(5824K)->5765K(5824K) Class: 533K(640K)->533K(640K)
[14.620s][info][gc             ] GC(175) Pause Full (Ergonomics) 2133M->2130M(2503M) 708.663ms
[14.620s][info][gc,cpu         ] GC(175) User=5.30s Sys=0.02s Real=0.71s
[14.661s][info][gc,start       ] GC(176) Pause Young (Allocation Failure)
[14.773s][info][gc,heap        ] GC(176) PSYoungGen: 41989K(150528K)->30880K(150016K) Eden: 30720K(30720K)->0K(33792K) From: 11269K(119808K)->30880K(116224K)
[14.773s][info][gc,heap        ] GC(176) ParOldGen: 2170389K(2413056K)->2181837K(2413056K)
[14.773s][info][gc,metaspace   ] GC(176) Metaspace: 6299K(6464K)->6299K(6464K) NonClass: 5765K(5824K)->5765K(5824K) Class: 533K(640K)->533K(640K)
[14.773s][info][gc             ] GC(176) Pause Young (Allocation Failure) 2160M->2160M(2503M) 112.111ms
[14.773s][info][gc,cpu         ] GC(176) User=0.66s Sys=0.02s Real=0.11s
[14.816s][info][gc,start       ] GC(177) Pause Young (Allocation Failure)
[14.858s][info][gc,heap        ] GC(177) PSYoungGen: 64672K(150016K)->64704K(152064K) Eden: 33792K(33792K)->0K(33792K) From: 30880K(116224K)->64704K(118272K)
[14.858s][info][gc,heap        ] GC(177) ParOldGen: 2181837K(2413056K)->2181837K(2413056K)
[14.858s][info][gc,metaspace   ] GC(177) Metaspace: 6299K(6464K)->6299K(6464K) NonClass: 5765K(5824K)->5765K(5824K) Class: 533K(640K)->533K(640K)
[14.858s][info][gc             ] GC(177) Pause Young (Allocation Failure) 2193M->2193M(2505M) 41.805ms
[14.858s][info][gc,cpu         ] GC(177) User=0.17s Sys=0.00s Real=0.04s
[14.897s][info][gc,start       ] GC(178) Pause Young (Allocation Failure)
[14.950s][info][gc,heap        ] GC(178) PSYoungGen: 98496K(152064K)->67808K(149504K) Eden: 33792K(33792K)->0K(37888K) From: 64704K(118272K)->67808K(111616K)
[14.950s][info][gc,heap        ] GC(178) ParOldGen: 2181837K(2413056K)->2212981K(2413056K)
[14.950s][info][gc,metaspace   ] GC(178) Metaspace: 6299K(6464K)->6299K(6464K) NonClass: 5765K(5824K)->5765K(5824K) Class: 533K(640K)->533K(640K)
[14.950s][info][gc             ] GC(178) Pause Young (Allocation Failure) 2226M->2227M(2502M) 53.395ms
[14.950s][info][gc,cpu         ] GC(178) User=0.36s Sys=0.02s Real=0.05s
[14.996s][info][gc,start       ] GC(179) Pause Young (Allocation Failure)
[15.051s][info][gc,heap        ] GC(179) PSYoungGen: 105696K(149504K)->71872K(151040K) Eden: 37888K(37888K)->0K(37888K) From: 67808K(111616K)->71872K(113152K)
[15.051s][info][gc,heap        ] GC(179) ParOldGen: 2212981K(2413056K)->2247261K(2413056K)
[15.051s][info][gc,metaspace   ] GC(179) Metaspace: 6299K(6464K)->6299K(6464K) NonClass: 5765K(5824K)->5765K(5824K) Class: 533K(640K)->533K(640K)
[15.051s][info][gc             ] GC(179) Pause Young (Allocation Failure) 2264M->2264M(2504M) 55.637ms
[15.051s][info][gc,cpu         ] GC(179) User=0.31s Sys=0.05s Real=0.06s
[15.096s][info][gc,start       ] GC(180) Pause Young (Allocation Failure)
[15.153s][info][gc,heap        ] GC(180) PSYoungGen: 109760K(151040K)->76000K(154112K) Eden: 37888K(37888K)->0K(41472K) From: 71872K(113152K)->76000K(112640K)
[15.154s][info][gc,heap        ] GC(180) ParOldGen: 2247261K(2413056K)->2281397K(2413056K)
[15.154s][info][gc,metaspace   ] GC(180) Metaspace: 6299K(6464K)->6299K(6464K) NonClass: 5765K(5824K)->5765K(5824K) Class: 533K(640K)->533K(640K)
[15.154s][info][gc             ] GC(180) Pause Young (Allocation Failure) 2301M->2302M(2507M) 57.800ms
[15.154s][info][gc,cpu         ] GC(180) User=0.33s Sys=0.05s Real=0.06s
[15.201s][info][gc,start       ] GC(181) Pause Young (Allocation Failure)
[15.263s][info][gc,heap        ] GC(181) PSYoungGen: 117472K(154112K)->79648K(154624K) Eden: 41472K(41472K)->0K(41472K) From: 76000K(112640K)->79648K(113152K)
[15.263s][info][gc,heap        ] GC(181) ParOldGen: 2281397K(2413056K)->2319621K(2413056K)
[15.263s][info][gc,metaspace   ] GC(181) Metaspace: 6299K(6464K)->6299K(6464K) NonClass: 5765K(5824K)->5765K(5824K) Class: 533K(640K)->533K(640K)
[15.263s][info][gc             ] GC(181) Pause Young (Allocation Failure) 2342M->2343M(2507M) 61.616ms
[15.263s][info][gc,cpu         ] GC(181) User=0.38s Sys=0.02s Real=0.06s
[15.316s][info][gc,start       ] GC(182) Pause Young (Allocation Failure)
[15.383s][info][gc,heap        ] GC(182) PSYoungGen: 121120K(154624K)->83200K(159232K) Eden: 41472K(41472K)->0K(44544K) From: 79648K(113152K)->83200K(114688K)
[15.383s][info][gc,heap        ] GC(182) ParOldGen: 2319621K(2413056K)->2357845K(2413056K)
[15.383s][info][gc,metaspace   ] GC(182) Metaspace: 6299K(6464K)->6299K(6464K) NonClass: 5765K(5824K)->5765K(5824K) Class: 533K(640K)->533K(640K)
[15.383s][info][gc             ] GC(182) Pause Young (Allocation Failure) 2383M->2383M(2512M) 66.649ms
[15.383s][info][gc,cpu         ] GC(182) User=0.38s Sys=0.02s Real=0.07s
[15.383s][info][gc,start       ] GC(183) Pause Full (Ergonomics)
[15.383s][info][gc,phases,start] GC(183) Marking Phase
[15.929s][info][gc,phases      ] GC(183) Marking Phase 545.690ms
[15.929s][info][gc,phases,start] GC(183) Summary Phase
[15.929s][info][gc,phases      ] GC(183) Summary Phase 0.049ms
[15.929s][info][gc,phases,start] GC(183) Adjust Roots
[15.929s][info][gc,phases      ] GC(183) Adjust Roots 0.166ms
[15.929s][info][gc,phases,start] GC(183) Compaction Phase
[16.140s][info][gc,phases      ] GC(183) Compaction Phase 210.852ms
[16.140s][info][gc,phases,start] GC(183) Post Compact
[16.145s][info][gc,phases      ] GC(183) Post Compact 4.656ms
[16.146s][info][gc,heap        ] GC(183) PSYoungGen: 83200K(159232K)->25651K(159232K) Eden: 0K(44544K)->0K(44544K) From: 83200K(114688K)->25651K(114688K)
[16.146s][info][gc,heap        ] GC(183) ParOldGen: 2357845K(2413056K)->2412806K(2667008K)
[16.146s][info][gc,metaspace   ] GC(183) Metaspace: 6299K(6464K)->6299K(6464K) NonClass: 5765K(5824K)->5765K(5824K) Class: 533K(640K)->533K(640K)
[16.146s][info][gc             ] GC(183) Pause Full (Ergonomics) 2383M->2381M(2760M) 762.596ms
[16.146s][info][gc,cpu         ] GC(183) User=5.84s Sys=0.02s Real=0.76s
[16.199s][info][gc,start       ] GC(184) Pause Young (Allocation Failure)
[16.336s][info][gc,heap        ] GC(184) PSYoungGen: 70195K(159232K)->58688K(161280K) Eden: 44544K(44544K)->0K(44544K) From: 25651K(114688K)->58688K(116736K)
[16.336s][info][gc,heap        ] GC(184) ParOldGen: 2412806K(2667008K)->2424686K(2667008K)
[16.336s][info][gc,metaspace   ] GC(184) Metaspace: 6299K(6464K)->6299K(6464K) NonClass: 5765K(5824K)->5765K(5824K) Class: 533K(640K)->533K(640K)
[16.336s][info][gc             ] GC(184) Pause Young (Allocation Failure) 2424M->2425M(2762M) 136.694ms
[16.336s][info][gc,cpu         ] GC(184) User=0.88s Sys=0.02s Real=0.14s
[16.389s][info][gc,start       ] GC(185) Pause Young (Allocation Failure)
[16.447s][info][gc,heap        ] GC(185) PSYoungGen: 103232K(161280K)->103232K(153088K) Eden: 44544K(44544K)->0K(39936K) From: 58688K(116736K)->103232K(113152K)
[16.447s][info][gc,heap        ] GC(185) ParOldGen: 2424686K(2667008K)->2424686K(2667008K)
[16.447s][info][gc,metaspace   ] GC(185) Metaspace: 6299K(6464K)->6299K(6464K) NonClass: 5765K(5824K)->5765K(5824K) Class: 533K(640K)->533K(640K)
[16.447s][info][gc             ] GC(185) Pause Young (Allocation Failure) 2468M->2468M(2754M) 58.222ms
[16.447s][info][gc,cpu         ] GC(185) User=0.34s Sys=0.03s Real=0.06s
[16.494s][info][gc,start       ] GC(186) Pause Young (Allocation Failure)
[16.571s][info][gc,heap        ] GC(186) PSYoungGen: 143168K(153088K)->122368K(162304K) Eden: 39936K(39936K)->0K(39936K) From: 103232K(113152K)->122368K(122368K)
[16.571s][info][gc,heap        ] GC(186) ParOldGen: 2424686K(2667008K)->2445646K(2667008K)
[16.571s][info][gc,metaspace   ] GC(186) Metaspace: 6299K(6464K)->6299K(6464K) NonClass: 5765K(5824K)->5765K(5824K) Class: 533K(640K)->533K(640K)
[16.571s][info][gc             ] GC(186) Pause Young (Allocation Failure) 2507M->2507M(2763M) 77.216ms
[16.571s][info][gc,cpu         ] GC(186) User=0.48s Sys=0.02s Real=0.08s
[16.621s][info][gc,start       ] GC(187) Pause Young (Allocation Failure)
[16.711s][info][gc,heap        ] GC(187) PSYoungGen: 162304K(162304K)->114912K(182272K) Eden: 39936K(39936K)->0K(37376K) From: 122368K(122368K)->114912K(144896K)
[16.711s][info][gc,heap        ] GC(187) ParOldGen: 2445646K(2667008K)->2493518K(2667008K)
[16.711s][info][gc,metaspace   ] GC(187) Metaspace: 6299K(6464K)->6299K(6464K) NonClass: 5765K(5824K)->5765K(5824K) Class: 533K(640K)->533K(640K)
[16.711s][info][gc             ] GC(187) Pause Young (Allocation Failure) 2546M->2547M(2782M) 89.979ms
[16.711s][info][gc,cpu         ] GC(187) User=0.61s Sys=0.02s Real=0.09s
[16.756s][info][gc,start       ] GC(188) Pause Young (Allocation Failure)
[16.839s][info][gc,heap        ] GC(188) PSYoungGen: 152288K(182272K)->111328K(189440K) Eden: 37376K(37376K)->0K(37376K) From: 114912K(144896K)->111328K(152064K)
[16.839s][info][gc,heap        ] GC(188) ParOldGen: 2493518K(2667008K)->2534894K(2667008K)
[16.839s][info][gc,metaspace   ] GC(188) Metaspace: 6299K(6464K)->6299K(6464K) NonClass: 5765K(5824K)->5765K(5824K) Class: 533K(640K)->533K(640K)
[16.839s][info][gc             ] GC(188) Pause Young (Allocation Failure) 2583M->2584M(2789M) 83.123ms
[16.839s][info][gc,cpu         ] GC(188) User=0.48s Sys=0.06s Real=0.08s
[16.885s][info][gc,start       ] GC(189) Pause Young (Allocation Failure)
[16.966s][info][gc,heap        ] GC(189) PSYoungGen: 148704K(189440K)->114976K(194048K) Eden: 37376K(37376K)->0K(37376K) From: 111328K(152064K)->114976K(156672K)
[16.966s][info][gc,heap        ] GC(189) ParOldGen: 2534894K(2667008K)->2568958K(2667008K)
[16.966s][info][gc,metaspace   ] GC(189) Metaspace: 6299K(6464K)->6299K(6464K) NonClass: 5765K(5824K)->5765K(5824K) Class: 533K(640K)->533K(640K)
[16.966s][info][gc             ] GC(189) Pause Young (Allocation Failure) 2620M->2621M(2794M) 80.991ms
[16.966s][info][gc,cpu         ] GC(189) User=0.48s Sys=0.02s Real=0.08s
[17.012s][info][gc,start       ] GC(190) Pause Young (Allocation Failure)
[17.099s][info][gc,heap        ] GC(190) PSYoungGen: 152352K(194048K)->75008K(112640K) Eden: 37376K(37376K)->0K(37376K) From: 114976K(156672K)->75008K(75264K)
[17.099s][info][gc,heap        ] GC(190) ParOldGen: 2568958K(2667008K)->2646950K(2667008K)
[17.099s][info][gc,metaspace   ] GC(190) Metaspace: 6299K(6464K)->6299K(6464K) NonClass: 5765K(5824K)->5765K(5824K) Class: 533K(640K)->533K(640K)
[17.099s][info][gc             ] GC(190) Pause Young (Allocation Failure) 2657M->2658M(2714M) 87.151ms
[17.099s][info][gc,cpu         ] GC(190) User=0.44s Sys=0.09s Real=0.09s
[17.099s][info][gc,start       ] GC(191) Pause Full (Ergonomics)
[17.099s][info][gc,phases,start] GC(191) Marking Phase
[17.722s][info][gc,phases      ] GC(191) Marking Phase 622.318ms
[17.722s][info][gc,phases,start] GC(191) Summary Phase
[17.722s][info][gc,phases      ] GC(191) Summary Phase 0.038ms
[17.722s][info][gc,phases,start] GC(191) Adjust Roots
[17.722s][info][gc,phases      ] GC(191) Adjust Roots 0.159ms
[17.722s][info][gc,phases,start] GC(191) Compaction Phase
[17.946s][info][gc,phases      ] GC(191) Compaction Phase 224.291ms
[17.946s][info][gc,phases,start] GC(191) Post Compact
[17.951s][info][gc,phases      ] GC(191) Post Compact 4.467ms
[17.952s][info][gc,heap        ] GC(191) PSYoungGen: 75008K(112640K)->52713K(112640K) Eden: 0K(37376K)->0K(37376K) From: 75008K(75264K)->52713K(75264K)
[17.952s][info][gc,heap        ] GC(191) ParOldGen: 2646950K(2667008K)->2666617K(2953216K)
[17.952s][info][gc,metaspace   ] GC(191) Metaspace: 6299K(6464K)->6299K(6464K) NonClass: 5765K(5824K)->5765K(5824K) Class: 533K(640K)->533K(640K)
[17.952s][info][gc             ] GC(191) Pause Full (Ergonomics) 2658M->2655M(2994M) 852.603ms
[17.952s][info][gc,cpu         ] GC(191) User=6.47s Sys=0.02s Real=0.85s
[17.994s][info][gc,start       ] GC(192) Pause Young (Allocation Failure)
[18.154s][info][gc,heap        ] GC(192) PSYoungGen: 90089K(112640K)->37536K(196608K) Eden: 37376K(37376K)->0K(40960K) From: 52713K(75264K)->37536K(155648K)
[18.154s][info][gc,heap        ] GC(192) ParOldGen: 2666617K(2953216K)->2719857K(2953216K)
[18.154s][info][gc,metaspace   ] GC(192) Metaspace: 6299K(6464K)->6299K(6464K) NonClass: 5765K(5824K)->5765K(5824K) Class: 533K(640K)->533K(640K)
[18.154s][info][gc             ] GC(192) Pause Young (Allocation Failure) 2692M->2692M(3076M) 159.529ms
[18.154s][info][gc,cpu         ] GC(192) User=0.94s Sys=0.09s Real=0.16s
[18.202s][info][gc,start       ] GC(193) Pause Young (Allocation Failure)
[18.249s][info][gc,heap        ] GC(193) PSYoungGen: 78496K(196608K)->41152K(197632K) Eden: 40960K(40960K)->0K(40960K) From: 37536K(155648K)->41152K(156672K)
[18.250s][info][gc,heap        ] GC(193) ParOldGen: 2719857K(2953216K)->2757577K(2953216K)
[18.250s][info][gc,metaspace   ] GC(193) Metaspace: 6299K(6464K)->6299K(6464K) NonClass: 5765K(5824K)->5765K(5824K) Class: 533K(640K)->533K(640K)
[18.250s][info][gc             ] GC(193) Pause Young (Allocation Failure) 2732M->2733M(3077M) 47.611ms
[18.250s][info][gc,cpu         ] GC(193) User=0.25s Sys=0.02s Real=0.05s
[18.300s][info][gc,start       ] GC(194) Pause Young (Allocation Failure)
[18.349s][info][gc,heap        ] GC(194) PSYoungGen: 82112K(197632K)->41120K(196608K) Eden: 40960K(40960K)->0K(45056K) From: 41152K(156672K)->41120K(151552K)
[18.349s][info][gc,heap        ] GC(194) ParOldGen: 2757577K(2953216K)->2798913K(2953216K)
[18.349s][info][gc,metaspace   ] GC(194) Metaspace: 6299K(6464K)->6299K(6464K) NonClass: 5765K(5824K)->5765K(5824K) Class: 533K(640K)->533K(640K)
[18.349s][info][gc             ] GC(194) Pause Young (Allocation Failure) 2773M->2773M(3076M) 48.529ms
[18.349s][info][gc,cpu         ] GC(194) User=0.20s Sys=0.06s Real=0.05s
[18.951s][info][gc,start       ] GC(195) Pause Full (Ergonomics)
[18.951s][info][gc,phases,start] GC(195) Marking Phase
[19.616s][info][gc,phases      ] GC(195) Marking Phase 665.444ms
[19.616s][info][gc,phases,start] GC(195) Summary Phase
[19.616s][info][gc,phases      ] GC(195) Summary Phase 0.069ms
[19.616s][info][gc,phases,start] GC(195) Adjust Roots
[19.617s][info][gc,phases      ] GC(195) Adjust Roots 0.238ms
[19.617s][info][gc,phases,start] GC(195) Compaction Phase
[20.075s][info][gc,phases      ] GC(195) Compaction Phase 458.506ms
[20.075s][info][gc,phases,start] GC(195) Post Compact
[20.081s][info][gc,phases      ] GC(195) Post Compact 6.083ms
[20.082s][info][gc,heap        ] GC(195) PSYoungGen: 86176K(196608K)->0K(198656K) Eden: 45056K(45056K)->0K(45056K) From: 41120K(151552K)->0K(153600K)
[20.082s][info][gc,heap        ] GC(195) ParOldGen: 2929985K(2953216K)->2949092K(3254272K)
[20.082s][info][gc,metaspace   ] GC(195) Metaspace: 6299K(6464K)->6299K(6464K) NonClass: 5765K(5824K)->5765K(5824K) Class: 533K(640K)->533K(640K)
[20.082s][info][gc             ] GC(195) Pause Full (Ergonomics) 2945M->2879M(3372M) 1131.756ms
[20.082s][info][gc,cpu         ] GC(195) User=7.91s Sys=0.06s Real=1.13s
[20.131s][info][gc,start       ] GC(196) Pause Young (Allocation Failure)
[20.176s][info][gc,heap        ] GC(196) PSYoungGen: 45056K(198656K)->45248K(196096K) Eden: 45056K(45056K)->0K(49152K) From: 0K(153600K)->45248K(146944K)
[20.176s][info][gc,heap        ] GC(196) ParOldGen: 2949092K(3254272K)->2949092K(3254272K)
[20.176s][info][gc,metaspace   ] GC(196) Metaspace: 6299K(6464K)->6299K(6464K) NonClass: 5765K(5824K)->5765K(5824K) Class: 533K(640K)->533K(640K)
[20.176s][info][gc             ] GC(196) Pause Young (Allocation Failure) 2923M->2924M(3369M) 44.795ms
[20.176s][info][gc,cpu         ] GC(196) User=0.08s Sys=0.00s Real=0.04s
[20.224s][info][gc,start       ] GC(197) Pause Young (Allocation Failure)
[20.281s][info][gc,heap        ] GC(197) PSYoungGen: 94400K(196096K)->94432K(199680K) Eden: 49152K(49152K)->0K(49152K) From: 45248K(146944K)->94432K(150528K)
[20.281s][info][gc,heap        ] GC(197) ParOldGen: 2949092K(3254272K)->2949092K(3254272K)
[20.281s][info][gc,metaspace   ] GC(197) Metaspace: 6299K(6464K)->6299K(6464K) NonClass: 5765K(5824K)->5765K(5824K) Class: 533K(640K)->533K(640K)
[20.281s][info][gc             ] GC(197) Pause Young (Allocation Failure) 2972M->2972M(3373M) 56.628ms
[20.281s][info][gc,cpu         ] GC(197) User=0.20s Sys=0.00s Real=0.06s
[20.328s][info][gc,start       ] GC(198) Pause Young (Allocation Failure)
[20.404s][info][gc,heap        ] GC(198) PSYoungGen: 143584K(199680K)->143648K(186880K) Eden: 49152K(49152K)->0K(35328K) From: 94432K(150528K)->143648K(151552K)
[20.404s][info][gc,heap        ] GC(198) ParOldGen: 2949092K(3254272K)->2949092K(3254272K)
[20.404s][info][gc,metaspace   ] GC(198) Metaspace: 6299K(6464K)->6299K(6464K) NonClass: 5765K(5824K)->5765K(5824K) Class: 533K(640K)->533K(640K)
[20.404s][info][gc             ] GC(198) Pause Young (Allocation Failure) 3020M->3020M(3360M) 76.457ms
[20.404s][info][gc,cpu         ] GC(198) User=0.31s Sys=0.02s Real=0.08s
[20.439s][info][gc,start       ] GC(199) Pause Young (Allocation Failure)
[20.521s][info][gc,heap        ] GC(199) PSYoungGen: 178976K(186880K)->169984K(205312K) Eden: 35328K(35328K)->0K(35328K) From: 143648K(151552K)->169984K(169984K)
[20.521s][info][gc,heap        ] GC(199) ParOldGen: 2949092K(3254272K)->2958156K(3254272K)
[20.521s][info][gc,metaspace   ] GC(199) Metaspace: 6299K(6464K)->6299K(6464K) NonClass: 5765K(5824K)->5765K(5824K) Class: 533K(640K)->533K(640K)
[20.521s][info][gc             ] GC(199) Pause Young (Allocation Failure) 3054M->3054M(3378M) 81.962ms
[20.521s][info][gc,cpu         ] GC(199) User=0.42s Sys=0.00s Real=0.08s
[20.560s][info][gc,start       ] GC(200) Pause Young (Allocation Failure)
[20.655s][info][gc,heap        ] GC(200) PSYoungGen: 205312K(205312K)->119360K(237056K) Eden: 35328K(35328K)->0K(39424K) From: 169984K(169984K)->119360K(197632K)
[20.655s][info][gc,heap        ] GC(200) ParOldGen: 2958156K(3254272K)->3044924K(3254272K)
[20.655s][info][gc,metaspace   ] GC(200) Metaspace: 6299K(6464K)->6299K(6464K) NonClass: 5765K(5824K)->5765K(5824K) Class: 533K(640K)->533K(640K)
[20.655s][info][gc             ] GC(200) Pause Young (Allocation Failure) 3089M->3090M(3409M) 95.049ms
[20.655s][info][gc,cpu         ] GC(200) User=0.56s Sys=0.06s Real=0.10s
[20.701s][info][gc,start       ] GC(201) Pause Young (Allocation Failure)
[20.780s][info][gc,heap        ] GC(201) PSYoungGen: 158784K(237056K)->74944K(114688K) Eden: 39424K(39424K)->0K(39424K) From: 119360K(197632K)->74944K(75264K)
[20.780s][info][gc,heap        ] GC(201) ParOldGen: 3044924K(3254272K)->3129380K(3254272K)
[20.780s][info][gc,metaspace   ] GC(201) Metaspace: 6299K(6464K)->6299K(6464K) NonClass: 5765K(5824K)->5765K(5824K) Class: 533K(640K)->533K(640K)
[20.780s][info][gc             ] GC(201) Pause Young (Allocation Failure) 3128M->3129M(3290M) 78.624ms
[20.780s][info][gc,cpu         ] GC(201) User=0.45s Sys=0.06s Real=0.08s
[20.825s][info][gc,start       ] GC(202) Pause Young (Allocation Failure)
[20.891s][info][gc,heap        ] GC(202) PSYoungGen: 114368K(114688K)->39616K(231936K) Eden: 39424K(39424K)->0K(44544K) From: 74944K(75264K)->39616K(187392K)
[20.892s][info][gc,heap        ] GC(202) ParOldGen: 3129380K(3254272K)->3204772K(3254272K)
[20.892s][info][gc,metaspace   ] GC(202) Metaspace: 6299K(6464K)->6299K(6464K) NonClass: 5765K(5824K)->5765K(5824K) Class: 533K(640K)->533K(640K)
[20.892s][info][gc             ] GC(202) Pause Young (Allocation Failure) 3167M->3168M(3404M) 66.803ms
[20.892s][info][gc,cpu         ] GC(202) User=0.25s Sys=0.03s Real=0.07s
[20.892s][info][gc,start       ] GC(203) Pause Full (Ergonomics)
[20.892s][info][gc,phases,start] GC(203) Marking Phase
[21.618s][info][gc,phases      ] GC(203) Marking Phase 726.557ms
[21.618s][info][gc,phases,start] GC(203) Summary Phase
[21.618s][info][gc,phases      ] GC(203) Summary Phase 0.075ms
[21.618s][info][gc,phases,start] GC(203) Adjust Roots
[21.619s][info][gc,phases      ] GC(203) Adjust Roots 0.173ms
[21.619s][info][gc,phases,start] GC(203) Compaction Phase
[21.947s][info][gc,phases      ] GC(203) Compaction Phase 328.229ms
[21.947s][info][gc,phases,start] GC(203) Post Compact
[21.953s][info][gc,phases      ] GC(203) Post Compact 6.135ms
[21.954s][info][gc,heap        ] GC(203) PSYoungGen: 39616K(231936K)->0K(233472K) Eden: 0K(44544K)->0K(44544K) From: 39616K(187392K)->0K(188928K)
[21.954s][info][gc,heap        ] GC(203) ParOldGen: 3204772K(3254272K)->3241717K(3601920K)
[21.954s][info][gc,metaspace   ] GC(203) Metaspace: 6299K(6464K)->6299K(6464K) NonClass: 5765K(5824K)->5765K(5824K) Class: 533K(640K)->533K(640K)
[21.954s][info][gc             ] GC(203) Pause Full (Ergonomics) 3168M->3165M(3745M) 1062.763ms
[21.954s][info][gc,cpu         ] GC(203) User=7.48s Sys=0.00s Real=1.06s
[22.001s][info][gc,start       ] GC(204) Pause Young (Allocation Failure)
[22.042s][info][gc,heap        ] GC(204) PSYoungGen: 44544K(233472K)->44736K(230912K) Eden: 44544K(44544K)->0K(49152K) From: 0K(188928K)->44736K(181760K)
[22.042s][info][gc,heap        ] GC(204) ParOldGen: 3241717K(3601920K)->3241717K(3601920K)
[22.042s][info][gc,metaspace   ] GC(204) Metaspace: 6299K(6464K)->6299K(6464K) NonClass: 5765K(5824K)->5765K(5824K) Class: 533K(640K)->533K(640K)
[22.042s][info][gc             ] GC(204) Pause Young (Allocation Failure) 3209M->3209M(3743M) 41.268ms
[22.042s][info][gc,cpu         ] GC(204) User=0.05s Sys=0.00s Real=0.04s
[22.094s][info][gc,start       ] GC(205) Pause Young (Allocation Failure)
[22.153s][info][gc,heap        ] GC(205) PSYoungGen: 93888K(230912K)->93984K(143360K) Eden: 49152K(49152K)->0K(49152K) From: 44736K(181760K)->93984K(94208K)
[22.153s][info][gc,heap        ] GC(205) ParOldGen: 3241717K(3601920K)->3241717K(3601920K)
[22.153s][info][gc,metaspace   ] GC(205) Metaspace: 6299K(6464K)->6299K(6464K) NonClass: 5765K(5824K)->5765K(5824K) Class: 533K(640K)->533K(640K)
[22.153s][info][gc             ] GC(205) Pause Young (Allocation Failure) 3257M->3257M(3657M) 58.810ms
[22.153s][info][gc,cpu         ] GC(205) User=0.28s Sys=0.00s Real=0.06s
[22.206s][info][gc,start       ] GC(206) Pause Young (Allocation Failure)
[22.278s][info][gc,heap        ] GC(206) PSYoungGen: 143136K(143360K)->143168K(222208K) Eden: 49152K(49152K)->0K(41984K) From: 93984K(94208K)->143168K(180224K)
[22.278s][info][gc,heap        ] GC(206) ParOldGen: 3241717K(3601920K)->3241717K(3601920K)
[22.278s][info][gc,metaspace   ] GC(206) Metaspace: 6299K(6464K)->6299K(6464K) NonClass: 5765K(5824K)->5765K(5824K) Class: 533K(640K)->533K(640K)
[22.278s][info][gc             ] GC(206) Pause Young (Allocation Failure) 3305M->3305M(3734M) 72.036ms
[22.278s][info][gc,cpu         ] GC(206) User=0.36s Sys=0.02s Real=0.07s
[22.325s][info][gc,start       ] GC(207) Pause Young (Allocation Failure)
[22.413s][info][gc,heap        ] GC(207) PSYoungGen: 185152K(222208K)->140640K(234496K) Eden: 41984K(41984K)->0K(41984K) From: 143168K(180224K)->140640K(192512K)
[22.413s][info][gc,heap        ] GC(207) ParOldGen: 3241717K(3601920K)->3286661K(3601920K)
[22.413s][info][gc,metaspace   ] GC(207) Metaspace: 6299K(6464K)->6299K(6464K) NonClass: 5765K(5824K)->5765K(5824K) Class: 533K(640K)->533K(640K)
[22.413s][info][gc             ] GC(207) Pause Young (Allocation Failure) 3346M->3346M(3746M) 88.872ms
[22.413s][info][gc,cpu         ] GC(207) User=0.50s Sys=0.05s Real=0.09s
[22.461s][info][gc,start       ] GC(208) Pause Young (Allocation Failure)
[22.548s][info][gc,heap        ] GC(208) PSYoungGen: 182624K(234496K)->133440K(244224K) Eden: 41984K(41984K)->0K(43008K) From: 140640K(192512K)->133440K(201216K)
[22.548s][info][gc,heap        ] GC(208) ParOldGen: 3286661K(3601920K)->3336245K(3601920K)
[22.548s][info][gc,metaspace   ] GC(208) Metaspace: 6299K(6464K)->6299K(6464K) NonClass: 5765K(5824K)->5765K(5824K) Class: 533K(640K)->533K(640K)
[22.548s][info][gc             ] GC(208) Pause Young (Allocation Failure) 3387M->3388M(3756M) 87.056ms
[22.548s][info][gc,cpu         ] GC(208) User=0.62s Sys=0.02s Real=0.09s
[22.589s][info][gc,start       ] GC(209) Pause Young (Allocation Failure)
[22.673s][info][gc,heap        ] GC(209) PSYoungGen: 176448K(244224K)->127264K(248320K) Eden: 43008K(43008K)->0K(43008K) From: 133440K(201216K)->127264K(205312K)
[22.673s][info][gc,heap        ] GC(209) ParOldGen: 3336245K(3601920K)->3385845K(3601920K)
[22.673s][info][gc,metaspace   ] GC(209) Metaspace: 6299K(6464K)->6299K(6464K) NonClass: 5765K(5824K)->5765K(5824K) Class: 533K(640K)->533K(640K)
[22.673s][info][gc             ] GC(209) Pause Young (Allocation Failure) 3430M->3430M(3760M) 84.602ms
[22.673s][info][gc,cpu         ] GC(209) User=0.44s Sys=0.02s Real=0.08s
[22.718s][info][gc,start       ] GC(210) Pause Young (Allocation Failure)
[22.801s][info][gc,heap        ] GC(210) PSYoungGen: 170272K(248320K)->86272K(238592K) Eden: 43008K(43008K)->0K(48640K) From: 127264K(205312K)->86272K(189952K)
[22.801s][info][gc,heap        ] GC(210) ParOldGen: 3385845K(3601920K)->3470549K(3601920K)
[22.801s][info][gc,metaspace   ] GC(210) Metaspace: 6299K(6464K)->6299K(6464K) NonClass: 5765K(5824K)->5765K(5824K) Class: 533K(640K)->533K(640K)
[22.801s][info][gc             ] GC(210) Pause Young (Allocation Failure) 3472M->3473M(3750M) 83.138ms
[22.801s][info][gc,cpu         ] GC(210) User=0.59s Sys=0.03s Real=0.08s
[22.854s][info][gc,start       ] GC(211) Pause Young (Allocation Failure)
[22.925s][info][gc,heap        ] GC(211) PSYoungGen: 134912K(238592K)->48832K(246272K) Eden: 48640K(48640K)->0K(48640K) From: 86272K(189952K)->48832K(197632K)
[22.925s][info][gc,heap        ] GC(211) ParOldGen: 3470549K(3601920K)->3557309K(3601920K)
[22.925s][info][gc,metaspace   ] GC(211) Metaspace: 6299K(6464K)->6299K(6464K) NonClass: 5765K(5824K)->5765K(5824K) Class: 533K(640K)->533K(640K)
[22.925s][info][gc             ] GC(211) Pause Young (Allocation Failure) 3520M->3521M(3758M) 70.474ms
[22.925s][info][gc,cpu         ] GC(211) User=0.45s Sys=0.05s Real=0.07s
[22.925s][info][gc,start       ] GC(212) Pause Full (Ergonomics)
[22.925s][info][gc,phases,start] GC(212) Marking Phase
[23.739s][info][gc,phases      ] GC(212) Marking Phase 813.521ms
[23.739s][info][gc,phases,start] GC(212) Summary Phase
[23.739s][info][gc,phases      ] GC(212) Summary Phase 0.050ms
[23.739s][info][gc,phases,start] GC(212) Adjust Roots
[23.739s][info][gc,phases      ] GC(212) Adjust Roots 0.161ms
[23.739s][info][gc,phases,start] GC(212) Compaction Phase
[24.522s][info][gc,phases      ] GC(212) Compaction Phase 783.073ms
[24.522s][info][gc,phases,start] GC(212) Post Compact
[24.529s][info][gc,phases      ] GC(212) Post Compact 6.655ms
[24.530s][info][gc,heap        ] GC(212) PSYoungGen: 48832K(246272K)->1103K(246272K) Eden: 0K(48640K)->0K(48640K) From: 48832K(197632K)->1103K(197632K)
[24.530s][info][gc,heap        ] GC(212) ParOldGen: 3557309K(3601920K)->3601845K(4001792K)
[24.530s][info][gc,metaspace   ] GC(212) Metaspace: 6299K(6464K)->6299K(6464K) NonClass: 5765K(5824K)->5765K(5824K) Class: 533K(640K)->533K(640K)
[24.530s][info][gc             ] GC(212) Pause Full (Ergonomics) 3521M->3518M(4148M) 1605.175ms
[24.530s][info][gc,cpu         ] GC(212) User=11.00s Sys=0.05s Real=1.61s
[24.587s][info][gc,start       ] GC(213) Pause Young (Allocation Failure)
[24.765s][info][gc,heap        ] GC(213) PSYoungGen: 49743K(246272K)->48832K(243712K) Eden: 48640K(48640K)->0K(53248K) From: 1103K(197632K)->48832K(190464K)
[24.766s][info][gc,heap        ] GC(213) ParOldGen: 3601845K(4001792K)->3603005K(4001792K)
[24.766s][info][gc,metaspace   ] GC(213) Metaspace: 6299K(6464K)->6299K(6464K) NonClass: 5765K(5824K)->5765K(5824K) Class: 533K(640K)->533K(640K)
[24.766s][info][gc             ] GC(213) Pause Young (Allocation Failure) 3566M->3566M(4146M) 178.698ms
[24.766s][info][gc,cpu         ] GC(213) User=1.28s Sys=0.00s Real=0.18s
[24.822s][info][gc,start       ] GC(214) Pause Young (Allocation Failure)
[24.886s][info][gc,heap        ] GC(214) PSYoungGen: 102080K(243712K)->102176K(155648K) Eden: 53248K(53248K)->0K(53248K) From: 48832K(190464K)->102176K(102400K)
[24.886s][info][gc,heap        ] GC(214) ParOldGen: 3603005K(4001792K)->3603005K(4001792K)
[24.886s][info][gc,metaspace   ] GC(214) Metaspace: 6299K(6464K)->6299K(6464K) NonClass: 5765K(5824K)->5765K(5824K) Class: 533K(640K)->533K(640K)
[24.886s][info][gc             ] GC(214) Pause Young (Allocation Failure) 3618M->3618M(4060M) 63.418ms
[24.886s][info][gc,cpu         ] GC(214) User=0.19s Sys=0.00s Real=0.06s
[24.939s][info][gc,start       ] GC(215) Pause Young (Allocation Failure)
[25.019s][info][gc,heap        ] GC(215) PSYoungGen: 155424K(155648K)->155520K(232448K) Eden: 53248K(53248K)->0K(44544K) From: 102176K(102400K)->155520K(187904K)
[25.019s][info][gc,heap        ] GC(215) ParOldGen: 3603005K(4001792K)->3603005K(4001792K)
[25.019s][info][gc,metaspace   ] GC(215) Metaspace: 6299K(6464K)->6299K(6464K) NonClass: 5765K(5824K)->5765K(5824K) Class: 533K(640K)->533K(640K)
[25.019s][info][gc             ] GC(215) Pause Young (Allocation Failure) 3670M->3670M(4135M) 79.317ms
[25.019s][info][gc,cpu         ] GC(215) User=0.41s Sys=0.02s Real=0.08s
[25.065s][info][gc,start       ] GC(216) Pause Young (Allocation Failure)
[25.162s][info][gc,heap        ] GC(216) PSYoungGen: 200064K(232448K)->151424K(246784K) Eden: 44544K(44544K)->0K(44544K) From: 155520K(187904K)->151424K(202240K)
[25.162s][info][gc,heap        ] GC(216) ParOldGen: 3603005K(4001792K)->3652085K(4001792K)
[25.162s][info][gc,metaspace   ] GC(216) Metaspace: 6299K(6464K)->6299K(6464K) NonClass: 5765K(5824K)->5765K(5824K) Class: 533K(640K)->533K(640K)
[25.162s][info][gc             ] GC(216) Pause Young (Allocation Failure) 3713M->3714M(4149M) 96.651ms
[25.162s][info][gc,cpu         ] GC(216) User=0.61s Sys=0.03s Real=0.10s
[25.210s][info][gc,start       ] GC(217) Pause Young (Allocation Failure)
[25.305s][info][gc,heap        ] GC(217) PSYoungGen: 195968K(246784K)->142720K(258048K) Eden: 44544K(44544K)->0K(46080K) From: 151424K(202240K)->142720K(211968K)
[25.305s][info][gc,heap        ] GC(217) ParOldGen: 3652085K(4001792K)->3705821K(4001792K)
[25.305s][info][gc,metaspace   ] GC(217) Metaspace: 6299K(6464K)->6299K(6464K) NonClass: 5765K(5824K)->5765K(5824K) Class: 533K(640K)->533K(640K)
[25.305s][info][gc             ] GC(217) Pause Young (Allocation Failure) 3757M->3758M(4160M) 94.869ms
[25.305s][info][gc,cpu         ] GC(217) User=0.64s Sys=0.00s Real=0.10s
[25.358s][info][gc,start       ] GC(218) Pause Young (Allocation Failure)
[25.455s][info][gc,heap        ] GC(218) PSYoungGen: 188800K(258048K)->135488K(261632K) Eden: 46080K(46080K)->0K(46080K) From: 142720K(211968K)->135488K(215552K)
[25.455s][info][gc,heap        ] GC(218) ParOldGen: 3705821K(4001792K)->3759549K(4001792K)
[25.455s][info][gc,metaspace   ] GC(218) Metaspace: 6299K(6464K)->6299K(6464K) NonClass: 5765K(5824K)->5765K(5824K) Class: 533K(640K)->533K(640K)
[25.455s][info][gc             ] GC(218) Pause Young (Allocation Failure) 3803M->3803M(4163M) 96.636ms
[25.455s][info][gc,cpu         ] GC(218) User=0.59s Sys=0.00s Real=0.10s
[25.505s][info][gc,start       ] GC(219) Pause Young (Allocation Failure)
[25.597s][info][gc,heap        ] GC(219) PSYoungGen: 181568K(261632K)->137024K(266240K) Eden: 46080K(46080K)->0K(51712K) From: 135488K(215552K)->137024K(214528K)
[25.597s][info][gc,heap        ] GC(219) ParOldGen: 3759549K(4001792K)->3804485K(4001792K)
[25.597s][info][gc,metaspace   ] GC(219) Metaspace: 6299K(6464K)->6299K(6464K) NonClass: 5765K(5824K)->5765K(5824K) Class: 533K(640K)->533K(640K)
[25.597s][info][gc             ] GC(219) Pause Young (Allocation Failure) 3848M->3849M(4168M) 91.774ms
[25.597s][info][gc,cpu         ] GC(219) User=0.64s Sys=0.00s Real=0.09s
[25.652s][info][gc,start       ] GC(220) Pause Young (Allocation Failure)
[25.752s][info][gc,heap        ] GC(220) PSYoungGen: 188736K(266240K)->98048K(150016K) Eden: 51712K(51712K)->0K(51712K) From: 137024K(214528K)->98048K(98304K)
[25.752s][info][gc,heap        ] GC(220) ParOldGen: 3804485K(4001792K)->3895885K(4001792K)
[25.752s][info][gc,metaspace   ] GC(220) Metaspace: 6299K(6464K)->6299K(6464K) NonClass: 5765K(5824K)->5765K(5824K) Class: 533K(640K)->533K(640K)
[25.752s][info][gc             ] GC(220) Pause Young (Allocation Failure) 3899M->3900M(4054M) 100.609ms
[25.752s][info][gc,cpu         ] GC(220) User=0.67s Sys=0.00s Real=0.10s
[25.752s][info][gc,start       ] GC(221) Pause Full (Ergonomics)
[25.752s][info][gc,phases,start] GC(221) Marking Phase
[26.675s][info][gc,phases      ] GC(221) Marking Phase 922.494ms
[26.675s][info][gc,phases,start] GC(221) Summary Phase
[26.675s][info][gc,phases      ] GC(221) Summary Phase 0.079ms
[26.675s][info][gc,phases,start] GC(221) Adjust Roots
[26.675s][info][gc,phases      ] GC(221) Adjust Roots 0.167ms
[26.675s][info][gc,phases,start] GC(221) Compaction Phase
[27.049s][info][gc,phases      ] GC(221) Compaction Phase 373.585ms
[27.049s][info][gc,phases,start] GC(221) Post Compact
[27.056s][info][gc,phases      ] GC(221) Post Compact 7.411ms
[27.058s][info][gc,heap        ] GC(221) PSYoungGen: 98048K(150016K)->0K(265728K) Eden: 0K(51712K)->0K(58368K) From: 98048K(98304K)->0K(207360K)
[27.058s][info][gc,heap        ] GC(221) ParOldGen: 3895885K(4001792K)->3990802K(4419584K)
[27.058s][info][gc,metaspace   ] GC(221) Metaspace: 6299K(6464K)->6299K(6464K) NonClass: 5765K(5824K)->5765K(5824K) Class: 533K(640K)->533K(640K)
[27.058s][info][gc             ] GC(221) Pause Full (Ergonomics) 3900M->3897M(4575M) 1305.380ms
[27.058s][info][gc,cpu         ] GC(221) User=9.56s Sys=0.05s Real=1.31s
[27.120s][info][gc,start       ] GC(222) Pause Young (Allocation Failure)
[27.173s][info][gc,heap        ] GC(222) PSYoungGen: 58368K(265728K)->58592K(265728K) Eden: 58368K(58368K)->0K(58368K) From: 0K(207360K)->58592K(207360K)
[27.173s][info][gc,heap        ] GC(222) ParOldGen: 3990802K(4419584K)->3990802K(4419584K)
[27.173s][info][gc,metaspace   ] GC(222) Metaspace: 6299K(6464K)->6299K(6464K) NonClass: 5765K(5824K)->5765K(5824K) Class: 533K(640K)->533K(640K)
[27.173s][info][gc             ] GC(222) Pause Young (Allocation Failure) 3954M->3954M(4575M) 52.644ms
[27.173s][info][gc,cpu         ] GC(222) User=0.17s Sys=0.00s Real=0.05s
[27.245s][info][gc,start       ] GC(223) Pause Young (Allocation Failure)
[27.315s][info][gc,heap        ] GC(223) PSYoungGen: 116960K(265728K)->117056K(259072K) Eden: 58368K(58368K)->0K(64000K) From: 58592K(207360K)->117056K(195072K)
[27.315s][info][gc,heap        ] GC(223) ParOldGen: 3990802K(4419584K)->3990802K(4419584K)
[27.315s][info][gc,metaspace   ] GC(223) Metaspace: 6299K(6464K)->6299K(6464K) NonClass: 5765K(5824K)->5765K(5824K) Class: 533K(640K)->533K(640K)
[27.315s][info][gc             ] GC(223) Pause Young (Allocation Failure) 4011M->4011M(4569M) 70.756ms
[27.315s][info][gc,cpu         ] GC(223) User=0.27s Sys=0.00s Real=0.07s
[27.381s][info][gc,start       ] GC(224) Pause Young (Allocation Failure)
[27.472s][info][gc,heap        ] GC(224) PSYoungGen: 181056K(259072K)->181216K(264704K) Eden: 64000K(64000K)->0K(64000K) From: 117056K(195072K)->181216K(200704K)
[27.472s][info][gc,heap        ] GC(224) ParOldGen: 3990802K(4419584K)->3990802K(4419584K)
[27.472s][info][gc,metaspace   ] GC(224) Metaspace: 6299K(6464K)->6299K(6464K) NonClass: 5765K(5824K)->5765K(5824K) Class: 533K(640K)->533K(640K)
[27.472s][info][gc             ] GC(224) Pause Young (Allocation Failure) 4074M->4074M(4574M) 90.734ms
[27.472s][info][gc,cpu         ] GC(224) User=0.61s Sys=0.00s Real=0.09s
[27.537s][info][gc,start       ] GC(225) Pause Young (Allocation Failure)
[27.662s][info][gc,heap        ] GC(225) PSYoungGen: 245216K(264704K)->186752K(272896K) Eden: 64000K(64000K)->0K(54272K) From: 181216K(200704K)->186752K(218624K)
[27.662s][info][gc,heap        ] GC(225) ParOldGen: 3990802K(4419584K)->4049698K(4419584K)
[27.662s][info][gc,metaspace   ] GC(225) Metaspace: 6299K(6464K)->6299K(6464K) NonClass: 5765K(5824K)->5765K(5824K) Class: 533K(640K)->533K(640K)
[27.662s][info][gc             ] GC(225) Pause Young (Allocation Failure) 4136M->4137M(4582M) 125.494ms
[27.662s][info][gc,cpu         ] GC(225) User=0.84s Sys=0.05s Real=0.12s
[27.723s][info][gc,start       ] GC(226) Pause Young (Allocation Failure)
[27.841s][info][gc,heap        ] GC(226) PSYoungGen: 241024K(272896K)->182720K(289280K) Eden: 54272K(54272K)->0K(54272K) From: 186752K(218624K)->182720K(235008K)
[27.841s][info][gc,heap        ] GC(226) ParOldGen: 4049698K(4419584K)->4108586K(4419584K)
[27.841s][info][gc,metaspace   ] GC(226) Metaspace: 6299K(6464K)->6299K(6464K) NonClass: 5765K(5824K)->5765K(5824K) Class: 533K(640K)->533K(640K)
[27.841s][info][gc             ] GC(226) Pause Young (Allocation Failure) 4190M->4190M(4598M) 117.696ms
[27.841s][info][gc,cpu         ] GC(226) User=0.88s Sys=0.02s Real=0.12s
[27.908s][info][gc,start       ] GC(227) Pause Young (Allocation Failure)
[28.027s][info][gc,heap        ] GC(227) PSYoungGen: 236992K(289280K)->172896K(302080K) Eden: 54272K(54272K)->0K(55808K) From: 182720K(235008K)->172896K(246272K)
[28.027s][info][gc,heap        ] GC(227) ParOldGen: 4108586K(4419584K)->4173170K(4419584K)
[28.027s][info][gc,metaspace   ] GC(227) Metaspace: 6299K(6464K)->6299K(6464K) NonClass: 5765K(5824K)->5765K(5824K) Class: 533K(640K)->533K(640K)
[28.027s][info][gc             ] GC(227) Pause Young (Allocation Failure) 4243M->4244M(4611M) 119.130ms
[28.027s][info][gc,cpu         ] GC(227) User=0.81s Sys=0.06s Real=0.12s
[28.090s][info][gc,start       ] GC(228) Pause Young (Allocation Failure)
[28.201s][info][gc,heap        ] GC(228) PSYoungGen: 228704K(302080K)->164768K(307200K) Eden: 55808K(55808K)->0K(55808K) From: 172896K(246272K)->164768K(251392K)
[28.201s][info][gc,heap        ] GC(228) ParOldGen: 4173170K(4419584K)->4237746K(4419584K)
[28.201s][info][gc,metaspace   ] GC(228) Metaspace: 6299K(6464K)->6299K(6464K) NonClass: 5765K(5824K)->5765K(5824K) Class: 533K(640K)->533K(640K)
[28.201s][info][gc             ] GC(228) Pause Young (Allocation Failure) 4298M->4299M(4616M) 111.305ms
[28.201s][info][gc,cpu         ] GC(228) User=0.73s Sys=0.03s Real=0.11s
[28.262s][info][gc,start       ] GC(229) Pause Young (Allocation Failure)
[28.382s][info][gc,heap        ] GC(229) PSYoungGen: 220576K(307200K)->111904K(299008K) Eden: 55808K(55808K)->0K(62976K) From: 164768K(251392K)->111904K(236032K)
[28.382s][info][gc,heap        ] GC(229) ParOldGen: 4237746K(4419584K)->4347234K(4419584K)
[28.382s][info][gc,metaspace   ] GC(229) Metaspace: 6299K(6464K)->6299K(6464K) NonClass: 5765K(5824K)->5765K(5824K) Class: 533K(640K)->533K(640K)
[28.382s][info][gc             ] GC(229) Pause Young (Allocation Failure) 4353M->4354M(4608M) 120.366ms
[28.382s][info][gc,cpu         ] GC(229) User=0.78s Sys=0.08s Real=0.12s
[28.382s][info][gc,start       ] GC(230) Pause Full (Ergonomics)
[28.382s][info][gc,phases,start] GC(230) Marking Phase
[29.389s][info][gc,phases      ] GC(230) Marking Phase 1006.718ms
[29.389s][info][gc,phases,start] GC(230) Summary Phase
[29.389s][info][gc,phases      ] GC(230) Summary Phase 0.069ms
[29.389s][info][gc,phases,start] GC(230) Adjust Roots
[29.389s][info][gc,phases      ] GC(230) Adjust Roots 0.166ms
[29.389s][info][gc,phases,start] GC(230) Compaction Phase
[29.834s][info][gc,phases      ] GC(230) Compaction Phase 444.912ms
[29.834s][info][gc,phases,start] GC(230) Post Compact
[29.841s][info][gc,phases      ] GC(230) Post Compact 6.736ms
[29.843s][info][gc,heap        ] GC(230) PSYoungGen: 111904K(299008K)->35933K(306688K) Eden: 0K(62976K)->0K(70656K) From: 111904K(236032K)->35933K(236032K)
[29.843s][info][gc,heap        ] GC(230) ParOldGen: 4347234K(4419584K)->4419501K(4896768K)
[29.843s][info][gc,metaspace   ] GC(230) Metaspace: 6299K(6464K)->6299K(6464K) NonClass: 5765K(5824K)->5765K(5824K) Class: 533K(640K)->533K(640K)
[29.843s][info][gc             ] GC(230) Pause Full (Ergonomics) 4354M->4351M(5081M) 1460.375ms
[29.843s][info][gc,cpu         ] GC(230) User=10.58s Sys=0.03s Real=1.46s
[29.922s][info][gc,start       ] GC(231) Pause Young (Allocation Failure)
[30.181s][info][gc,heap        ] GC(231) PSYoungGen: 106589K(306688K)->70880K(314368K) Eden: 70656K(70656K)->0K(70656K) From: 35933K(236032K)->70880K(243712K)
[30.181s][info][gc,heap        ] GC(231) ParOldGen: 4419501K(4896768K)->4455805K(4896768K)
[30.181s][info][gc,metaspace   ] GC(231) Metaspace: 6299K(6464K)->6299K(6464K) NonClass: 5765K(5824K)->5765K(5824K) Class: 533K(640K)->533K(640K)
[30.181s][info][gc             ] GC(231) Pause Young (Allocation Failure) 4420M->4420M(5089M) 259.352ms
[30.181s][info][gc,cpu         ] GC(231) User=1.62s Sys=0.02s Real=0.26s
[30.270s][info][gc,start       ] GC(232) Pause Young (Allocation Failure)
[30.356s][info][gc,heap        ] GC(232) PSYoungGen: 141536K(314368K)->70912K(316928K) Eden: 70656K(70656K)->0K(77824K) From: 70880K(243712K)->70912K(239104K)
[30.356s][info][gc,heap        ] GC(232) ParOldGen: 4455805K(4896768K)->4527125K(4896768K)
[30.356s][info][gc,metaspace   ] GC(232) Metaspace: 6299K(6464K)->6299K(6464K) NonClass: 5765K(5824K)->5765K(5824K) Class: 533K(640K)->533K(640K)
[30.356s][info][gc             ] GC(232) Pause Young (Allocation Failure) 4489M->4490M(5091M) 86.303ms
[30.356s][info][gc,cpu         ] GC(232) User=0.50s Sys=0.05s Real=0.09s
[30.439s][info][gc,start       ] GC(233) Pause Young (Allocation Failure)
[30.525s][info][gc,heap        ] GC(233) PSYoungGen: 148736K(316928K)->78080K(318976K) Eden: 77824K(77824K)->0K(77824K) From: 70912K(239104K)->78080K(241152K)
[30.525s][info][gc,heap        ] GC(233) ParOldGen: 4527125K(4896768K)->4598429K(4896768K)
[30.525s][info][gc,metaspace   ] GC(233) Metaspace: 6299K(6464K)->6299K(6464K) NonClass: 5765K(5824K)->5765K(5824K) Class: 533K(640K)->533K(640K)
[30.525s][info][gc             ] GC(233) Pause Young (Allocation Failure) 4566M->4566M(5093M) 86.233ms
[30.525s][info][gc,cpu         ] GC(233) User=0.42s Sys=0.11s Real=0.09s
[30.614s][info][gc,start       ] GC(234) Pause Young (Allocation Failure)
[30.702s][info][gc,heap        ] GC(234) PSYoungGen: 155904K(318976K)->78112K(312320K) Eden: 77824K(77824K)->0K(86016K) From: 78080K(241152K)->78112K(226304K)
[30.702s][info][gc,heap        ] GC(234) ParOldGen: 4598429K(4896768K)->4676973K(4896768K)
[30.702s][info][gc,metaspace   ] GC(234) Metaspace: 6299K(6464K)->6299K(6464K) NonClass: 5765K(5824K)->5765K(5824K) Class: 533K(640K)->533K(640K)
[30.702s][info][gc             ] GC(234) Pause Young (Allocation Failure) 4642M->4643M(5087M) 88.409ms
[30.702s][info][gc,cpu         ] GC(234) User=0.55s Sys=0.08s Real=0.09s
[30.806s][info][gc,start       ] GC(235) Pause Young (Allocation Failure)
[30.901s][info][gc,heap        ] GC(235) PSYoungGen: 164128K(312320K)->86304K(317440K) Eden: 86016K(86016K)->0K(86016K) From: 78112K(226304K)->86304K(231424K)
[30.901s][info][gc,heap        ] GC(235) ParOldGen: 4676973K(4896768K)->4755517K(4896768K)
[30.901s][info][gc,metaspace   ] GC(235) Metaspace: 6299K(6464K)->6299K(6464K) NonClass: 5765K(5824K)->5765K(5824K) Class: 533K(640K)->533K(640K)
[30.901s][info][gc             ] GC(235) Pause Young (Allocation Failure) 4727M->4728M(5092M) 94.739ms
[30.901s][info][gc,cpu         ] GC(235) User=0.61s Sys=0.05s Real=0.10s
[30.994s][info][gc,start       ] GC(236) Pause Young (Allocation Failure)
[31.091s][info][gc,heap        ] GC(236) PSYoungGen: 172320K(317440K)->86336K(304640K) Eden: 86016K(86016K)->0K(94720K) From: 86304K(231424K)->86336K(209920K)
[31.091s][info][gc,heap        ] GC(236) ParOldGen: 4755517K(4896768K)->4842333K(4896768K)
[31.091s][info][gc,metaspace   ] GC(236) Metaspace: 6299K(6464K)->6299K(6464K) NonClass: 5765K(5824K)->5765K(5824K) Class: 533K(640K)->533K(640K)
[31.091s][info][gc             ] GC(236) Pause Young (Allocation Failure) 4812M->4813M(5079M) 97.076ms
[31.091s][info][gc,cpu         ] GC(236) User=0.64s Sys=0.02s Real=0.10s
[31.091s][info][gc,start       ] GC(237) Pause Full (Ergonomics)
[31.091s][info][gc,phases,start] GC(237) Marking Phase
[32.208s][info][gc,phases      ] GC(237) Marking Phase 1117.569ms
[32.208s][info][gc,phases,start] GC(237) Summary Phase
[32.209s][info][gc,phases      ] GC(237) Summary Phase 0.080ms
[32.209s][info][gc,phases,start] GC(237) Adjust Roots
[32.209s][info][gc,phases      ] GC(237) Adjust Roots 0.226ms
[32.209s][info][gc,phases,start] GC(237) Compaction Phase
[32.670s][info][gc,phases      ] GC(237) Compaction Phase 461.602ms
[32.670s][info][gc,phases,start] GC(237) Post Compact
[32.680s][info][gc,phases      ] GC(237) Post Compact 9.087ms
[32.681s][info][gc,heap        ] GC(237) PSYoungGen: 86336K(304640K)->27737K(311808K) Eden: 0K(94720K)->0K(101888K) From: 86336K(209920K)->27737K(209920K)
[32.681s][info][gc,heap        ] GC(237) ParOldGen: 4842333K(4896768K)->4896504K(5413376K)
[32.681s][info][gc,metaspace   ] GC(237) Metaspace: 6299K(6464K)->6299K(6464K) NonClass: 5765K(5824K)->5765K(5824K) Class: 533K(640K)->533K(640K)
[32.681s][info][gc             ] GC(237) Pause Full (Ergonomics) 4813M->4808M(5591M) 1590.638ms
[32.681s][info][gc,cpu         ] GC(237) User=11.78s Sys=0.02s Real=1.59s
[32.805s][info][gc,start       ] GC(238) Pause Young (Allocation Failure)
[33.097s][info][gc,heap        ] GC(238) PSYoungGen: 129625K(311808K)->102176K(204288K) Eden: 101888K(101888K)->0K(101888K) From: 27737K(209920K)->102176K(102400K)
[33.097s][info][gc,heap        ] GC(238) ParOldGen: 4896504K(5413376K)->4924544K(5413376K)
[33.097s][info][gc,metaspace   ] GC(238) Metaspace: 6299K(6464K)->6299K(6464K) NonClass: 5765K(5824K)->5765K(5824K) Class: 533K(640K)->533K(640K)
[33.097s][info][gc             ] GC(238) Pause Young (Allocation Failure) 4908M->4908M(5486M) 292.619ms
[33.097s][info][gc,cpu         ] GC(238) User=1.97s Sys=0.03s Real=0.29s
[33.214s][info][gc,start       ] GC(239) Pause Young (Allocation Failure)
[33.336s][info][gc,heap        ] GC(239) PSYoungGen: 204064K(204288K)->204320K(291840K) Eden: 101888K(101888K)->0K(84992K) From: 102176K(102400K)->204320K(206848K)
[33.336s][info][gc,heap        ] GC(239) ParOldGen: 4924544K(5413376K)->4924544K(5413376K)
[33.336s][info][gc,metaspace   ] GC(239) Metaspace: 6299K(6464K)->6299K(6464K) NonClass: 5765K(5824K)->5765K(5824K) Class: 533K(640K)->533K(640K)
[33.336s][info][gc             ] GC(239) Pause Young (Allocation Failure) 5008M->5008M(5571M) 122.242ms
[33.336s][info][gc,cpu         ] GC(239) User=0.80s Sys=0.06s Real=0.12s
[33.435s][info][gc,start       ] GC(240) Pause Young (Allocation Failure)
[33.593s][info][gc,heap        ] GC(240) PSYoungGen: 289312K(291840K)->232960K(317952K) Eden: 84992K(84992K)->0K(84992K) From: 204320K(206848K)->232960K(232960K)
[33.593s][info][gc,heap        ] GC(240) ParOldGen: 4924544K(5413376K)->4981296K(5413376K)
[33.593s][info][gc,metaspace   ] GC(240) Metaspace: 6299K(6464K)->6299K(6464K) NonClass: 5765K(5824K)->5765K(5824K) Class: 533K(640K)->533K(640K)
[33.593s][info][gc             ] GC(240) Pause Young (Allocation Failure) 5091M->5092M(5597M) 158.278ms
[33.593s][info][gc,cpu         ] GC(240) User=1.11s Sys=0.02s Real=0.16s
[33.690s][info][gc,start       ] GC(241) Pause Young (Allocation Failure)
[33.873s][info][gc,heap        ] GC(241) PSYoungGen: 317952K(317952K)->160736K(369664K) Eden: 84992K(84992K)->0K(94208K) From: 232960K(232960K)->160736K(275456K)
[33.873s][info][gc,heap        ] GC(241) ParOldGen: 4981296K(5413376K)->5139920K(5413376K)
[33.873s][info][gc,metaspace   ] GC(241) Metaspace: 6299K(6464K)->6299K(6464K) NonClass: 5765K(5824K)->5765K(5824K) Class: 533K(640K)->533K(640K)
[33.873s][info][gc             ] GC(241) Pause Young (Allocation Failure) 5175M->5176M(5647M) 183.870ms
[33.873s][info][gc,cpu         ] GC(241) User=1.27s Sys=0.12s Real=0.18s
[33.980s][info][gc,start       ] GC(242) Pause Young (Allocation Failure)
[34.136s][info][gc,heap        ] GC(242) PSYoungGen: 254944K(369664K)->179648K(374272K) Eden: 94208K(94208K)->0K(94208K) From: 160736K(275456K)->179648K(280064K)
[34.136s][info][gc,heap        ] GC(242) ParOldGen: 5139920K(5413376K)->5215952K(5413376K)
[34.136s][info][gc,metaspace   ] GC(242) Metaspace: 6299K(6464K)->6299K(6464K) NonClass: 5765K(5824K)->5765K(5824K) Class: 533K(640K)->533K(640K)
[34.136s][info][gc             ] GC(242) Pause Young (Allocation Failure) 5268M->5269M(5652M) 155.808ms
[34.136s][info][gc,cpu         ] GC(242) User=0.98s Sys=0.08s Real=0.16s
[34.248s][info][gc,start       ] GC(243) Pause Young (Allocation Failure)
[34.411s][info][gc,heap        ] GC(243) PSYoungGen: 273856K(374272K)->188896K(382976K) Eden: 94208K(94208K)->0K(101376K) From: 179648K(280064K)->188896K(281600K)
[34.411s][info][gc,heap        ] GC(243) ParOldGen: 5215952K(5413376K)->5301728K(5413376K)
[34.411s][info][gc,metaspace   ] GC(243) Metaspace: 6299K(6464K)->6299K(6464K) NonClass: 5765K(5824K)->5765K(5824K) Class: 533K(640K)->533K(640K)
[34.411s][info][gc             ] GC(243) Pause Young (Allocation Failure) 5361M->5361M(5660M) 163.294ms
[34.411s][info][gc,cpu         ] GC(243) User=1.05s Sys=0.06s Real=0.16s
[34.411s][info][gc,start       ] GC(244) Pause Full (Ergonomics)
[34.411s][info][gc,phases,start] GC(244) Marking Phase
[35.674s][info][gc,phases      ] GC(244) Marking Phase 1262.468ms
[35.674s][info][gc,phases,start] GC(244) Summary Phase
[35.674s][info][gc,phases      ] GC(244) Summary Phase 0.072ms
[35.674s][info][gc,phases,start] GC(244) Adjust Roots
[35.674s][info][gc,phases      ] GC(244) Adjust Roots 0.262ms
[35.674s][info][gc,phases,start] GC(244) Compaction Phase
[36.184s][info][gc,phases      ] GC(244) Compaction Phase 509.979ms
[36.184s][info][gc,phases,start] GC(244) Post Compact
[36.193s][info][gc,phases      ] GC(244) Post Compact 8.484ms
[36.195s][info][gc,heap        ] GC(244) PSYoungGen: 188896K(382976K)->72857K(382976K) Eden: 0K(101376K)->0K(101376K) From: 188896K(281600K)->72857K(281600K)
[36.195s][info][gc,heap        ] GC(244) ParOldGen: 5301728K(5413376K)->5413364K(5986816K)
[36.195s][info][gc,metaspace   ] GC(244) Metaspace: 6299K(6464K)->6299K(6464K) NonClass: 5765K(5824K)->5765K(5824K) Class: 533K(640K)->533K(640K)
[36.195s][info][gc             ] GC(244) Pause Full (Ergonomics) 5361M->5357M(6220M) 1783.492ms
[36.195s][info][gc,cpu         ] GC(244) User=13.28s Sys=0.08s Real=1.78s
[36.309s][info][gc,start       ] GC(245) Pause Young (Allocation Failure)
[36.660s][info][gc,heap        ] GC(245) PSYoungGen: 174233K(382976K)->135840K(237568K) Eden: 101376K(101376K)->0K(101376K) From: 72857K(281600K)->135840K(136192K)
[36.660s][info][gc,heap        ] GC(245) ParOldGen: 5413364K(5986816K)->5452524K(5986816K)
[36.660s][info][gc,metaspace   ] GC(245) Metaspace: 6299K(6464K)->6299K(6464K) NonClass: 5765K(5824K)->5765K(5824K) Class: 533K(640K)->533K(640K)
[36.660s][info][gc             ] GC(245) Pause Young (Allocation Failure) 5456M->5457M(6078M) 351.132ms
[36.660s][info][gc,cpu         ] GC(245) User=2.12s Sys=0.02s Real=0.35s
[36.780s][info][gc,start       ] GC(246) Pause Young (Allocation Failure)
[36.920s][info][gc,heap        ] GC(246) PSYoungGen: 237216K(237568K)->237440K(362496K) Eden: 101376K(101376K)->0K(89600K) From: 135840K(136192K)->237440K(272896K)
[36.920s][info][gc,heap        ] GC(246) ParOldGen: 5452524K(5986816K)->5452524K(5986816K)
[36.920s][info][gc,metaspace   ] GC(246) Metaspace: 6299K(6464K)->6299K(6464K) NonClass: 5765K(5824K)->5765K(5824K) Class: 533K(640K)->533K(640K)
[36.920s][info][gc             ] GC(246) Pause Young (Allocation Failure) 5556M->5556M(6200M) 140.626ms
[36.920s][info][gc,cpu         ] GC(246) User=0.94s Sys=0.00s Real=0.14s
[38.107s][info][gc,start       ] GC(247) Pause Young (Allocation Failure)
[38.386s][info][gc,heap        ] GC(247) PSYoungGen: 327040K(362496K)->294400K(384000K) Eden: 89600K(89600K)->0K(89600K) From: 237440K(272896K)->294400K(294400K)
[38.386s][info][gc,heap        ] GC(247) ParOldGen: 5714668K(5986816K)->5747604K(5986816K)
[38.386s][info][gc,metaspace   ] GC(247) Metaspace: 6299K(6464K)->6299K(6464K) NonClass: 5765K(5824K)->5765K(5824K) Class: 533K(640K)->533K(640K)
[38.386s][info][gc             ] GC(247) Pause Young (Allocation Failure) 5900M->5900M(6221M) 279.862ms
[38.386s][info][gc,cpu         ] GC(247) User=1.94s Sys=0.00s Real=0.28s
[38.481s][info][gc,start       ] GC(248) Pause Young (Allocation Failure)
[38.678s][info][gc,heap        ] GC(248) PSYoungGen: 384000K(384000K)->265792K(424960K) Eden: 89600K(89600K)->0K(80384K) From: 294400K(294400K)->265792K(344576K)
[38.678s][info][gc,heap        ] GC(248) ParOldGen: 5747604K(5986816K)->5866948K(5986816K)
[38.678s][info][gc,metaspace   ] GC(248) Metaspace: 6299K(6464K)->6299K(6464K) NonClass: 5765K(5824K)->5765K(5824K) Class: 533K(640K)->533K(640K)
[38.678s][info][gc             ] GC(248) Pause Young (Allocation Failure) 5987M->5989M(6261M) 197.300ms
[38.678s][info][gc,cpu         ] GC(248) User=1.41s Sys=0.09s Real=0.20s
[38.678s][info][gc,start       ] GC(249) Pause Full (Ergonomics)
[38.679s][info][gc,phases,start] GC(249) Marking Phase
[39.995s][info][gc,phases      ] GC(249) Marking Phase 1316.951ms
[39.996s][info][gc,phases,start] GC(249) Summary Phase
[39.996s][info][gc,phases      ] GC(249) Summary Phase 0.076ms
[39.996s][info][gc,phases,start] GC(249) Adjust Roots
[39.996s][info][gc,phases      ] GC(249) Adjust Roots 0.173ms
[39.996s][info][gc,phases,start] GC(249) Compaction Phase
[40.934s][info][gc,phases      ] GC(249) Compaction Phase 937.904ms
[40.934s][info][gc,phases,start] GC(249) Post Compact
[40.944s][info][gc,phases      ] GC(249) Post Compact 10.374ms
[40.946s][info][gc,heap        ] GC(249) PSYoungGen: 265792K(424960K)->12690K(424960K) Eden: 0K(80384K)->0K(80384K) From: 265792K(344576K)->12690K(344576K)
[40.946s][info][gc,heap        ] GC(249) ParOldGen: 5866948K(5986816K)->5986434K(6606848K)
[40.946s][info][gc,metaspace   ] GC(249) Metaspace: 6299K(6464K)->6299K(6464K) NonClass: 5765K(5824K)->5765K(5824K) Class: 533K(640K)->533K(640K)
[40.946s][info][gc             ] GC(249) Pause Full (Ergonomics) 5989M->5858M(6867M) 2267.938ms
[40.946s][info][gc,cpu         ] GC(249) User=15.52s Sys=0.12s Real=2.27s
[41.039s][info][gc,start       ] GC(250) Pause Young (Allocation Failure)
[41.349s][info][gc,heap        ] GC(250) PSYoungGen: 93074K(424960K)->93344K(442368K) Eden: 80384K(80384K)->0K(80384K) From: 12690K(344576K)->93344K(361984K)
[41.349s][info][gc,heap        ] GC(250) ParOldGen: 5986434K(6606848K)->5986434K(6606848K)
[41.349s][info][gc,metaspace   ] GC(250) Metaspace: 6299K(6464K)->6299K(6464K) NonClass: 5765K(5824K)->5765K(5824K) Class: 533K(640K)->533K(640K)
[41.349s][info][gc             ] GC(250) Pause Young (Allocation Failure) 5937M->5937M(6884M) 310.255ms
[41.349s][info][gc,cpu         ] GC(250) User=2.06s Sys=0.00s Real=0.31s
[41.431s][info][gc,start       ] GC(251) Pause Young (Allocation Failure)
[41.549s][info][gc,heap        ] GC(251) PSYoungGen: 173728K(442368K)->173920K(411648K) Eden: 80384K(80384K)->0K(88064K) From: 93344K(361984K)->173920K(323584K)
[41.549s][info][gc,heap        ] GC(251) ParOldGen: 5986434K(6606848K)->5986434K(6606848K)
[41.549s][info][gc,metaspace   ] GC(251) Metaspace: 6299K(6464K)->6299K(6464K) NonClass: 5765K(5824K)->5765K(5824K) Class: 533K(640K)->533K(640K)
[41.549s][info][gc             ] GC(251) Pause Young (Allocation Failure) 6015M->6015M(6854M) 118.567ms
[41.549s][info][gc,cpu         ] GC(251) User=0.58s Sys=0.00s Real=0.12s
[41.645s][info][gc,start       ] GC(252) Pause Young (Allocation Failure)
[41.784s][info][gc,heap        ] GC(252) PSYoungGen: 261984K(411648K)->262144K(429056K) Eden: 88064K(88064K)->0K(88064K) From: 173920K(323584K)->262144K(340992K)
[41.785s][info][gc,heap        ] GC(252) ParOldGen: 5986434K(6606848K)->5986434K(6606848K)
[41.785s][info][gc,metaspace   ] GC(252) Metaspace: 6299K(6464K)->6299K(6464K) NonClass: 5765K(5824K)->5765K(5824K) Class: 533K(640K)->533K(640K)
[41.785s][info][gc             ] GC(252) Pause Young (Allocation Failure) 6101M->6102M(6871M) 139.680ms
[41.785s][info][gc,cpu         ] GC(252) User=0.67s Sys=0.00s Real=0.14s
[41.877s][info][gc,start       ] GC(253) Pause Young (Allocation Failure)
[42.044s][info][gc,heap        ] GC(253) PSYoungGen: 350208K(429056K)->344128K(411648K) Eden: 88064K(88064K)->0K(54272K) From: 262144K(340992K)->344128K(357376K)
[42.044s][info][gc,heap        ] GC(253) ParOldGen: 5986434K(6606848K)->5992746K(6606848K)
[42.044s][info][gc,metaspace   ] GC(253) Metaspace: 6299K(6464K)->6299K(6464K) NonClass: 5765K(5824K)->5765K(5824K) Class: 533K(640K)->533K(640K)
[42.044s][info][gc             ] GC(253) Pause Young (Allocation Failure) 6188M->6188M(6854M) 167.204ms
[42.044s][info][gc,cpu         ] GC(253) User=1.09s Sys=0.03s Real=0.17s
[42.101s][info][gc,start       ] GC(254) Pause Young (Allocation Failure)
[42.280s][info][gc,heap        ] GC(254) PSYoungGen: 398400K(411648K)->396704K(454144K) Eden: 54272K(54272K)->0K(54272K) From: 344128K(357376K)->396704K(399872K)
[42.280s][info][gc,heap        ] GC(254) ParOldGen: 5992746K(6606848K)->5994578K(6606848K)
[42.280s][info][gc,metaspace   ] GC(254) Metaspace: 6299K(6464K)->6299K(6464K) NonClass: 5765K(5824K)->5765K(5824K) Class: 533K(640K)->533K(640K)
[42.280s][info][gc             ] GC(254) Pause Young (Allocation Failure) 6241M->6241M(6895M) 178.824ms
[42.280s][info][gc,cpu         ] GC(254) User=1.23s Sys=0.03s Real=0.18s
[42.339s][info][gc,start       ] GC(255) Pause Young (Allocation Failure)
[42.569s][info][gc,heap        ] GC(255) PSYoungGen: 450976K(454144K)->365760K(482304K) Eden: 54272K(54272K)->0K(29184K) From: 396704K(399872K)->365760K(453120K)
[42.569s][info][gc,heap        ] GC(255) ParOldGen: 5994578K(6606848K)->6080434K(6606848K)
[42.569s][info][gc,metaspace   ] GC(255) Metaspace: 6299K(6464K)->6299K(6464K) NonClass: 5765K(5824K)->5765K(5824K) Class: 533K(640K)->533K(640K)
[42.569s][info][gc             ] GC(255) Pause Young (Allocation Failure) 6294M->6295M(6923M) 229.605ms
[42.569s][info][gc,cpu         ] GC(255) User=1.48s Sys=0.12s Real=0.23s
[42.602s][info][gc,start       ] GC(256) Pause Young (Allocation Failure)
[42.791s][info][gc,heap        ] GC(256) PSYoungGen: 394944K(482304K)->226272K(255488K) Eden: 29184K(29184K)->0K(29184K) From: 365760K(453120K)->226272K(226304K)
[42.791s][info][gc,heap        ] GC(256) ParOldGen: 6080434K(6606848K)->6250370K(6606848K)
[42.791s][info][gc,metaspace   ] GC(256) Metaspace: 6299K(6464K)->6299K(6464K) NonClass: 5765K(5824K)->5765K(5824K) Class: 533K(640K)->533K(640K)
[42.791s][info][gc             ] GC(256) Pause Young (Allocation Failure) 6323M->6324M(6701M) 188.606ms
[42.791s][info][gc,cpu         ] GC(256) User=1.34s Sys=0.16s Real=0.19s
[42.824s][info][gc,start       ] GC(257) Pause Young (Allocation Failure)
[42.963s][info][gc,heap        ] GC(257) PSYoungGen: 255456K(255488K)->112928K(488960K) Eden: 29184K(29184K)->0K(33792K) From: 226272K(226304K)->112928K(455168K)
[42.963s][info][gc,heap        ] GC(257) ParOldGen: 6250370K(6606848K)->6393954K(6606848K)
[42.963s][info][gc,metaspace   ] GC(257) Metaspace: 6299K(6464K)->6299K(6464K) NonClass: 5765K(5824K)->5765K(5824K) Class: 533K(640K)->533K(640K)
[42.963s][info][gc             ] GC(257) Pause Young (Allocation Failure) 6353M->6354M(6929M) 139.481ms
[42.963s][info][gc,cpu         ] GC(257) User=0.56s Sys=0.02s Real=0.14s
[43.007s][info][gc,start       ] GC(258) Pause Young (Allocation Failure)
[43.120s][info][gc,heap        ] GC(258) PSYoungGen: 146720K(488960K)->63168K(491520K) Eden: 33792K(33792K)->0K(33792K) From: 112928K(455168K)->63168K(457728K)
[43.120s][info][gc,heap        ] GC(258) ParOldGen: 6393954K(6606848K)->6478138K(6606848K)
[43.121s][info][gc,metaspace   ] GC(258) Metaspace: 6299K(6464K)->6299K(6464K) NonClass: 5765K(5824K)->5765K(5824K) Class: 533K(640K)->533K(640K)
[43.121s][info][gc             ] GC(258) Pause Young (Allocation Failure) 6387M->6387M(6932M) 113.457ms
[43.121s][info][gc,cpu         ] GC(258) User=0.33s Sys=0.03s Real=0.11s
[43.121s][info][gc,start       ] GC(259) Pause Full (Ergonomics)
[43.121s][info][gc,phases,start] GC(259) Marking Phase
[44.582s][info][gc,phases      ] GC(259) Marking Phase 1460.964ms
[44.582s][info][gc,phases,start] GC(259) Summary Phase
[44.582s][info][gc,phases      ] GC(259) Summary Phase 0.116ms
[44.582s][info][gc,phases,start] GC(259) Adjust Roots
[44.582s][info][gc,phases      ] GC(259) Adjust Roots 0.243ms
[44.582s][info][gc,phases,start] GC(259) Compaction Phase
[45.246s][info][gc,phases      ] GC(259) Compaction Phase 663.536ms
[45.246s][info][gc,phases,start] GC(259) Post Compact
[45.256s][info][gc,phases      ] GC(259) Post Compact 10.209ms
[45.258s][info][gc,heap        ] GC(259) PSYoungGen: 63168K(491520K)->0K(500224K) Eden: 0K(33792K)->0K(39424K) From: 63168K(457728K)->0K(460800K)
[45.258s][info][gc,heap        ] GC(259) ParOldGen: 6478138K(6606848K)->6536439K(7245312K)
[45.258s][info][gc,metaspace   ] GC(259) Metaspace: 6299K(6464K)->6299K(6464K) NonClass: 5765K(5824K)->5765K(5824K) Class: 533K(640K)->533K(640K)
[45.258s][info][gc             ] GC(259) Pause Full (Ergonomics) 6387M->6383M(7564M) 2137.316ms
[45.258s][info][gc,cpu         ] GC(259) User=15.06s Sys=0.02s Real=2.14s
[45.302s][info][gc,start       ] GC(260) Pause Young (Allocation Failure)
[45.367s][info][gc,heap        ] GC(260) PSYoungGen: 39424K(500224K)->39584K(500224K) Eden: 39424K(39424K)->0K(39424K) From: 0K(460800K)->39584K(460800K)
[45.367s][info][gc,heap        ] GC(260) ParOldGen: 6536439K(7245312K)->6536439K(7245312K)
[45.367s][info][gc,metaspace   ] GC(260) Metaspace: 6299K(6464K)->6299K(6464K) NonClass: 5765K(5824K)->5765K(5824K) Class: 533K(640K)->533K(640K)
[45.367s][info][gc             ] GC(260) Pause Young (Allocation Failure) 6421M->6421M(7564M) 65.493ms
[45.367s][info][gc,cpu         ] GC(260) User=0.16s Sys=0.00s Real=0.07s
[45.407s][info][gc,start       ] GC(261) Pause Young (Allocation Failure)
[45.491s][info][gc,heap        ] GC(261) PSYoungGen: 79008K(500224K)->39584K(503808K) Eden: 39424K(39424K)->0K(44544K) From: 39584K(460800K)->39584K(459264K)
[45.491s][info][gc,heap        ] GC(261) ParOldGen: 6536439K(7245312K)->6576231K(7245312K)
[45.491s][info][gc,metaspace   ] GC(261) Metaspace: 6299K(6464K)->6299K(6464K) NonClass: 5765K(5824K)->5765K(5824K) Class: 533K(640K)->533K(640K)
[45.491s][info][gc             ] GC(261) Pause Young (Allocation Failure) 6460M->6460M(7567M) 83.349ms
[45.491s][info][gc,cpu         ] GC(261) User=0.22s Sys=0.00s Real=0.08s
[45.538s][info][gc,start       ] GC(262) Pause Young (Allocation Failure)
[45.623s][info][gc,heap        ] GC(262) PSYoungGen: 84128K(503808K)->44736K(89600K) Eden: 44544K(44544K)->0K(44544K) From: 39584K(459264K)->44736K(45056K)
[45.623s][info][gc,heap        ] GC(262) ParOldGen: 6576231K(7245312K)->6616015K(7245312K)
[45.623s][info][gc,metaspace   ] GC(262) Metaspace: 6299K(6464K)->6299K(6464K) NonClass: 5765K(5824K)->5765K(5824K) Class: 533K(640K)->533K(640K)
[45.623s][info][gc             ] GC(262) Pause Young (Allocation Failure) 6504M->6504M(7163M) 84.481ms
[45.623s][info][gc,cpu         ] GC(262) User=0.19s Sys=0.00s Real=0.08s
[45.676s][info][gc,start       ] GC(263) Pause Young (Allocation Failure)
[45.768s][info][gc,heap        ] GC(263) PSYoungGen: 89280K(89600K)->44768K(484352K) Eden: 44544K(44544K)->0K(50176K) From: 44736K(45056K)->44768K(434176K)
[45.768s][info][gc,heap        ] GC(263) ParOldGen: 6616015K(7245312K)->6660959K(7245312K)
[45.768s][info][gc,metaspace   ] GC(263) Metaspace: 6299K(6464K)->6299K(6464K) NonClass: 5765K(5824K)->5765K(5824K) Class: 533K(640K)->533K(640K)
[45.768s][info][gc             ] GC(263) Pause Young (Allocation Failure) 6548M->6548M(7548M) 91.963ms
[45.768s][info][gc,cpu         ] GC(263) User=0.20s Sys=0.00s Real=0.09s
[45.833s][info][gc,start       ] GC(264) Pause Young (Allocation Failure)
[45.924s][info][gc,heap        ] GC(264) PSYoungGen: 94944K(484352K)->50368K(100864K) Eden: 50176K(50176K)->0K(50176K) From: 44768K(434176K)->50368K(50688K)
[45.924s][info][gc,heap        ] GC(264) ParOldGen: 6660959K(7245312K)->6705919K(7245312K)
[45.924s][info][gc,metaspace   ] GC(264) Metaspace: 6299K(6464K)->6299K(6464K) NonClass: 5765K(5824K)->5765K(5824K) Class: 533K(640K)->533K(640K)
[45.924s][info][gc             ] GC(264) Pause Young (Allocation Failure) 6597M->6597M(7174M) 90.646ms
[45.924s][info][gc,cpu         ] GC(264) User=0.30s Sys=0.02s Real=0.09s
[45.974s][info][gc,start       ] GC(265) Pause Young (Allocation Failure)
[46.065s][info][gc,heap        ] GC(265) PSYoungGen: 100544K(100864K)->50400K(459776K) Eden: 50176K(50176K)->0K(56832K) From: 50368K(50688K)->50400K(402944K)
[46.065s][info][gc,heap        ] GC(265) ParOldGen: 6705919K(7245312K)->6756551K(7245312K)
[46.065s][info][gc,metaspace   ] GC(265) Metaspace: 6299K(6464K)->6299K(6464K) NonClass: 5765K(5824K)->5765K(5824K) Class: 533K(640K)->533K(640K)
[46.065s][info][gc             ] GC(265) Pause Young (Allocation Failure) 6646M->6647M(7524M) 90.699ms
[46.065s][info][gc,cpu         ] GC(265) User=0.31s Sys=0.02s Real=0.09s
[46.126s][info][gc,start       ] GC(266) Pause Young (Allocation Failure)
[46.223s][info][gc,heap        ] GC(266) PSYoungGen: 107232K(459776K)->57056K(114176K) Eden: 56832K(56832K)->0K(56832K) From: 50400K(402944K)->57056K(57344K)
[46.223s][info][gc,heap        ] GC(266) ParOldGen: 6756551K(7245312K)->6807183K(7245312K)
[46.223s][info][gc,metaspace   ] GC(266) Metaspace: 6299K(6464K)->6299K(6464K) NonClass: 5765K(5824K)->5765K(5824K) Class: 533K(640K)->533K(640K)
[46.223s][info][gc             ] GC(266) Pause Young (Allocation Failure) 6702M->6703M(7187M) 97.021ms
[46.223s][info][gc,cpu         ] GC(266) User=0.22s Sys=0.00s Real=0.10s
[46.292s][info][gc,start       ] GC(267) Pause Young (Allocation Failure)
[46.395s][info][gc,heap        ] GC(267) PSYoungGen: 113888K(114176K)->57024K(431104K) Eden: 56832K(56832K)->0K(64000K) From: 57056K(57344K)->57024K(367104K)
[46.395s][info][gc,heap        ] GC(267) ParOldGen: 6807183K(7245312K)->6864535K(7245312K)
[46.395s][info][gc,metaspace   ] GC(267) Metaspace: 6299K(6464K)->6299K(6464K) NonClass: 5765K(5824K)->5765K(5824K) Class: 533K(640K)->533K(640K)
[46.395s][info][gc             ] GC(267) Pause Young (Allocation Failure) 6758M->6759M(7496M) 103.040ms
[46.395s][info][gc,cpu         ] GC(267) User=0.36s Sys=0.02s Real=0.10s
[46.468s][info][gc,start       ] GC(268) Pause Young (Allocation Failure)
[46.573s][info][gc,heap        ] GC(268) PSYoungGen: 121024K(431104K)->64224K(128512K) Eden: 64000K(64000K)->0K(64000K) From: 57024K(367104K)->64224K(64512K)
[46.573s][info][gc,heap        ] GC(268) ParOldGen: 6864535K(7245312K)->6921879K(7245312K)
[46.573s][info][gc,metaspace   ] GC(268) Metaspace: 6299K(6464K)->6299K(6464K) NonClass: 5765K(5824K)->5765K(5824K) Class: 533K(640K)->533K(640K)
[46.573s][info][gc             ] GC(268) Pause Young (Allocation Failure) 6821M->6822M(7201M) 104.795ms
[46.573s][info][gc,cpu         ] GC(268) User=0.33s Sys=0.00s Real=0.10s
[46.635s][info][gc,start       ] GC(269) Pause Young (Allocation Failure)
[46.738s][info][gc,heap        ] GC(269) PSYoungGen: 128224K(128512K)->64224K(402944K) Eden: 64000K(64000K)->0K(71680K) From: 64224K(64512K)->64224K(331264K)
[46.738s][info][gc,heap        ] GC(269) ParOldGen: 6921879K(7245312K)->6986447K(7245312K)
[46.738s][info][gc,metaspace   ] GC(269) Metaspace: 6299K(6464K)->6299K(6464K) NonClass: 5765K(5824K)->5765K(5824K) Class: 533K(640K)->533K(640K)
[46.738s][info][gc             ] GC(269) Pause Young (Allocation Failure) 6884M->6885M(7469M) 102.853ms
[46.738s][info][gc,cpu         ] GC(269) User=0.41s Sys=0.03s Real=0.10s
[46.810s][info][gc,start       ] GC(270) Pause Young (Allocation Failure)
[46.916s][info][gc,heap        ] GC(270) PSYoungGen: 135904K(402944K)->71936K(143872K) Eden: 71680K(71680K)->0K(71680K) From: 64224K(331264K)->71936K(72192K)
[46.916s][info][gc,heap        ] GC(270) ParOldGen: 6986447K(7245312K)->7051031K(7245312K)
[46.916s][info][gc,metaspace   ] GC(270) Metaspace: 6299K(6464K)->6299K(6464K) NonClass: 5765K(5824K)->5765K(5824K) Class: 533K(640K)->533K(640K)
[46.916s][info][gc             ] GC(270) Pause Young (Allocation Failure) 6955M->6956M(7216M) 105.707ms
[46.916s][info][gc,cpu         ] GC(270) User=0.33s Sys=0.03s Real=0.11s
[46.995s][info][gc,start       ] GC(271) Pause Young (Allocation Failure)
[47.103s][info][gc,heap        ] GC(271) PSYoungGen: 143616K(143872K)->71904K(375808K) Eden: 71680K(71680K)->0K(80384K) From: 71936K(72192K)->71904K(295424K)
[47.103s][info][gc,heap        ] GC(271) ParOldGen: 7051031K(7245312K)->7123351K(7245312K)
[47.103s][info][gc,metaspace   ] GC(271) Metaspace: 6299K(6464K)->6299K(6464K) NonClass: 5765K(5824K)->5765K(5824K) Class: 533K(640K)->533K(640K)
[47.103s][info][gc             ] GC(271) Pause Young (Allocation Failure) 7026M->7026M(7442M) 107.859ms
[47.103s][info][gc,cpu         ] GC(271) User=0.34s Sys=0.03s Real=0.11s
[47.187s][info][gc,start       ] GC(272) Pause Young (Allocation Failure)
[47.293s][info][gc,heap        ] GC(272) PSYoungGen: 152288K(375808K)->80640K(161280K) Eden: 80384K(80384K)->0K(80384K) From: 71904K(295424K)->80640K(80896K)
[47.293s][info][gc,heap        ] GC(272) ParOldGen: 7123351K(7245312K)->7195679K(7245312K)
[47.293s][info][gc,metaspace   ] GC(272) Metaspace: 6299K(6464K)->6299K(6464K) NonClass: 5765K(5824K)->5765K(5824K) Class: 533K(640K)->533K(640K)
[47.293s][info][gc             ] GC(272) Pause Young (Allocation Failure) 7105M->7105M(7233M) 105.828ms
[47.293s][info][gc,cpu         ] GC(272) User=0.33s Sys=0.02s Real=0.11s
[47.293s][info][gc,start       ] GC(273) Pause Full (Ergonomics)
[47.293s][info][gc,phases,start] GC(273) Marking Phase
[48.946s][info][gc,phases      ] GC(273) Marking Phase 1653.448ms
[48.946s][info][gc,phases,start] GC(273) Summary Phase
[48.947s][info][gc,phases      ] GC(273) Summary Phase 0.086ms
[48.947s][info][gc,phases,start] GC(273) Adjust Roots
[48.947s][info][gc,phases      ] GC(273) Adjust Roots 0.187ms
[48.947s][info][gc,phases,start] GC(273) Compaction Phase
[49.644s][info][gc,phases      ] GC(273) Compaction Phase 697.298ms
[49.644s][info][gc,phases,start] GC(273) Post Compact
[49.655s][info][gc,phases      ] GC(273) Post Compact 10.896ms
[49.657s][info][gc,heap        ] GC(273) PSYoungGen: 80640K(161280K)->24657K(161280K) Eden: 0K(80384K)->0K(80384K) From: 80640K(80896K)->24657K(80896K)
[49.657s][info][gc,heap        ] GC(273) ParOldGen: 7195679K(7245312K)->7245055K(7782400K)
[49.657s][info][gc,metaspace   ] GC(273) Metaspace: 6299K(6464K)->6299K(6464K) NonClass: 5765K(5824K)->5765K(5824K) Class: 533K(640K)->533K(640K)
[49.657s][info][gc             ] GC(273) Pause Full (Ergonomics) 7105M->7099M(7757M) 2363.870ms
[49.657s][info][gc,cpu         ] GC(273) User=16.98s Sys=0.09s Real=2.36s
[49.743s][info][gc,start       ] GC(274) Pause Young (Allocation Failure)
[50.105s][info][gc,heap        ] GC(274) PSYoungGen: 105041K(161280K)->80672K(348160K) Eden: 80384K(80384K)->0K(88576K) From: 24657K(80896K)->80672K(259584K)
[50.105s][info][gc,heap        ] GC(274) ParOldGen: 7245055K(7782400K)->7269975K(7782400K)
[50.105s][info][gc,metaspace   ] GC(274) Metaspace: 6299K(6464K)->6299K(6464K) NonClass: 5765K(5824K)->5765K(5824K) Class: 533K(640K)->533K(640K)
[50.105s][info][gc             ] GC(274) Pause Young (Allocation Failure) 7177M->7178M(7940M) 361.858ms
[50.105s][info][gc,cpu         ] GC(274) User=2.50s Sys=0.00s Real=0.36s
[50.209s][info][gc,start       ] GC(275) Pause Young (Allocation Failure)
[50.332s][info][gc,heap        ] GC(275) PSYoungGen: 169248K(348160K)->169376K(366592K) Eden: 88576K(88576K)->0K(88576K) From: 80672K(259584K)->169376K(278016K)
[50.333s][info][gc,heap        ] GC(275) ParOldGen: 7269975K(7782400K)->7269975K(7782400K)
[50.333s][info][gc,metaspace   ] GC(275) Metaspace: 6299K(6464K)->6299K(6464K) NonClass: 5765K(5824K)->5765K(5824K) Class: 533K(640K)->533K(640K)
[50.333s][info][gc             ] GC(275) Pause Young (Allocation Failure) 7264M->7264M(7958M) 123.352ms
[50.333s][info][gc,cpu         ] GC(275) User=0.50s Sys=0.00s Real=0.12s
[50.427s][info][gc,start       ] GC(276) Pause Young (Allocation Failure)
[50.570s][info][gc,heap        ] GC(276) PSYoungGen: 257952K(366592K)->177600K(374784K) Eden: 88576K(88576K)->0K(88064K) From: 169376K(278016K)->177600K(286720K)
[50.570s][info][gc,heap        ] GC(276) ParOldGen: 7269975K(7782400K)->7351087K(7782400K)
[50.570s][info][gc,metaspace   ] GC(276) Metaspace: 6299K(6464K)->6299K(6464K) NonClass: 5765K(5824K)->5765K(5824K) Class: 533K(640K)->533K(640K)
[50.570s][info][gc             ] GC(276) Pause Young (Allocation Failure) 7351M->7352M(7966M) 143.330ms
[50.570s][info][gc,cpu         ] GC(276) User=0.86s Sys=0.00s Real=0.14s
[50.669s][info][gc,start       ] GC(277) Pause Young (Allocation Failure)
[50.818s][info][gc,heap        ] GC(277) PSYoungGen: 265664K(374784K)->177120K(384000K) Eden: 88064K(88064K)->0K(88064K) From: 177600K(286720K)->177120K(295936K)
[50.818s][info][gc,heap        ] GC(277) ParOldGen: 7351087K(7782400K)->7440455K(7782400K)
[50.818s][info][gc,metaspace   ] GC(277) Metaspace: 6299K(6464K)->6299K(6464K) NonClass: 5765K(5824K)->5765K(5824K) Class: 533K(640K)->533K(640K)
[50.818s][info][gc             ] GC(277) Pause Young (Allocation Failure) 7438M->7439M(7975M) 149.289ms
[50.818s][info][gc,cpu         ] GC(277) User=0.80s Sys=0.03s Real=0.15s
[50.920s][info][gc,start       ] GC(278) Pause Young (Allocation Failure)
[51.061s][info][gc,heap        ] GC(278) PSYoungGen: 265184K(384000K)->176544K(396288K) Eden: 88064K(88064K)->0K(94208K) From: 177120K(295936K)->176544K(302080K)
[51.061s][info][gc,heap        ] GC(278) ParOldGen: 7440455K(7782400K)->7529823K(7782400K)
[51.061s][info][gc,metaspace   ] GC(278) Metaspace: 6299K(6464K)->6299K(6464K) NonClass: 5765K(5824K)->5765K(5824K) Class: 533K(640K)->533K(640K)
[51.061s][info][gc             ] GC(278) Pause Young (Allocation Failure) 7525M->7525M(7987M) 141.252ms
[51.061s][info][gc,cpu         ] GC(278) User=0.81s Sys=0.08s Real=0.14s
[51.165s][info][gc,start       ] GC(279) Pause Young (Allocation Failure)
[51.319s][info][gc,heap        ] GC(279) PSYoungGen: 270752K(396288K)->182720K(399872K) Eden: 94208K(94208K)->0K(94208K) From: 176544K(302080K)->182720K(305664K)
[51.319s][info][gc,heap        ] GC(279) ParOldGen: 7529823K(7782400K)->7618671K(7782400K)
[51.319s][info][gc,metaspace   ] GC(279) Metaspace: 6299K(6464K)->6299K(6464K) NonClass: 5765K(5824K)->5765K(5824K) Class: 533K(640K)->533K(640K)
[51.319s][info][gc             ] GC(279) Pause Young (Allocation Failure) 7617M->7618M(7990M) 153.954ms
[51.319s][info][gc,cpu         ] GC(279) User=0.84s Sys=0.09s Real=0.15s
[51.432s][info][gc,start       ] GC(280) Pause Young (Allocation Failure)
[51.590s][info][gc,heap        ] GC(280) PSYoungGen: 276928K(399872K)->188864K(410112K) Eden: 94208K(94208K)->0K(100864K) From: 182720K(305664K)->188864K(309248K)
[51.590s][info][gc,heap        ] GC(280) ParOldGen: 7618671K(7782400K)->7707519K(7782400K)
[51.590s][info][gc,metaspace   ] GC(280) Metaspace: 6299K(6464K)->6299K(6464K) NonClass: 5765K(5824K)->5765K(5824K) Class: 533K(640K)->533K(640K)
[51.590s][info][gc             ] GC(280) Pause Young (Allocation Failure) 7710M->7711M(8000M) 157.452ms
[51.590s][info][gc,cpu         ] GC(280) User=0.89s Sys=0.02s Real=0.16s
[51.590s][info][gc,start       ] GC(281) Pause Full (Ergonomics)
[51.590s][info][gc,phases,start] GC(281) Marking Phase
[53.378s][info][gc,phases      ] GC(281) Marking Phase 1788.221ms
[53.378s][info][gc,phases,start] GC(281) Summary Phase
[53.378s][info][gc,phases      ] GC(281) Summary Phase 0.126ms
[53.378s][info][gc,phases,start] GC(281) Adjust Roots
[53.379s][info][gc,phases      ] GC(281) Adjust Roots 0.244ms
[53.379s][info][gc,phases,start] GC(281) Compaction Phase
[54.126s][info][gc,phases      ] GC(281) Compaction Phase 747.681ms
[54.126s][info][gc,phases,start] GC(281) Post Compact
[54.138s][info][gc,phases      ] GC(281) Post Compact 11.926ms
[54.138s][info][gc,heap        ] GC(281) PSYoungGen: 188864K(410112K)->109633K(410112K) Eden: 0K(100864K)->0K(100864K) From: 188864K(309248K)->109633K(309248K)
[54.138s][info][gc,heap        ] GC(281) ParOldGen: 7707519K(7782400K)->7781937K(7782400K)
[54.138s][info][gc,metaspace   ] GC(281) Metaspace: 6299K(6464K)->6299K(6464K) NonClass: 5765K(5824K)->5765K(5824K) Class: 533K(640K)->533K(640K)
[54.138s][info][gc             ] GC(281) Pause Full (Ergonomics) 7711M->7706M(8000M) 2548.623ms
[54.138s][info][gc,cpu         ] GC(281) User=18.75s Sys=0.05s Real=2.55s
[54.245s][info][gc,start       ] GC(282) Pause Full (Ergonomics)
[54.245s][info][gc,phases,start] GC(282) Marking Phase
[56.076s][info][gc,phases      ] GC(282) Marking Phase 1830.794ms
[56.076s][info][gc,phases,start] GC(282) Summary Phase
[56.076s][info][gc,phases      ] GC(282) Summary Phase 0.157ms
[56.076s][info][gc,phases,start] GC(282) Adjust Roots
[56.077s][info][gc,phases      ] GC(282) Adjust Roots 0.260ms
[56.077s][info][gc,phases,start] GC(282) Compaction Phase
[56.708s][info][gc,phases      ] GC(282) Compaction Phase 631.240ms
[56.708s][info][gc,phases,start] GC(282) Post Compact
[56.720s][info][gc,phases      ] GC(282) Post Compact 11.924ms
[56.720s][info][gc,heap        ] GC(282) PSYoungGen: 210497K(410112K)->210468K(410112K) Eden: 100864K(100864K)->100834K(100864K) From: 109633K(309248K)->109633K(309248K)
[56.720s][info][gc,heap        ] GC(282) ParOldGen: 7781937K(7782400K)->7781937K(7782400K)
[56.720s][info][gc,metaspace   ] GC(282) Metaspace: 6299K(6464K)->6299K(6464K) NonClass: 5765K(5824K)->5765K(5824K) Class: 533K(640K)->533K(640K)
[56.720s][info][gc             ] GC(282) Pause Full (Ergonomics) 7805M->7805M(8000M) 2474.772ms
[56.720s][info][gc,cpu         ] GC(282) User=18.27s Sys=0.02s Real=2.47s
[56.720s][info][gc,start       ] GC(283) Pause Full (Ergonomics)
[56.720s][info][gc,phases,start] GC(283) Marking Phase
[58.535s][info][gc,phases      ] GC(283) Marking Phase 1814.536ms
[58.535s][info][gc,phases,start] GC(283) Summary Phase
[58.535s][info][gc,phases      ] GC(283) Summary Phase 0.078ms
[58.535s][info][gc,phases,start] GC(283) Adjust Roots
[58.535s][info][gc,phases      ] GC(283) Adjust Roots 0.163ms
[58.535s][info][gc,phases,start] GC(283) Compaction Phase
[59.153s][info][gc,phases      ] GC(283) Compaction Phase 617.700ms
[59.153s][info][gc,phases,start] GC(283) Post Compact
[59.165s][info][gc,phases      ] GC(283) Post Compact 11.790ms
[59.165s][info][gc,heap        ] GC(283) PSYoungGen: 210497K(410112K)->210497K(410112K) Eden: 100864K(100864K)->100863K(100864K) From: 109633K(309248K)->109633K(309248K)
[59.165s][info][gc,heap        ] GC(283) ParOldGen: 7781937K(7782400K)->7781937K(7782400K)
[59.165s][info][gc,metaspace   ] GC(283) Metaspace: 6299K(6464K)->6299K(6464K) NonClass: 5765K(5824K)->5765K(5824K) Class: 533K(640K)->533K(640K)
[59.165s][info][gc             ] GC(283) Pause Full (Ergonomics) 7805M->7805M(8000M) 2444.616ms
[59.165s][info][gc,cpu         ] GC(283) User=18.17s Sys=0.02s Real=2.44s
[59.165s][info][gc,start       ] GC(284) Pause Full (Ergonomics)
[59.165s][info][gc,phases,start] GC(284) Marking Phase
[60.997s][info][gc,phases      ] GC(284) Marking Phase 1831.834ms
[60.997s][info][gc,phases,start] GC(284) Summary Phase
[60.997s][info][gc,phases      ] GC(284) Summary Phase 0.078ms
[60.997s][info][gc,phases,start] GC(284) Adjust Roots
[60.997s][info][gc,phases      ] GC(284) Adjust Roots 0.194ms
[60.997s][info][gc,phases,start] GC(284) Compaction Phase
[61.630s][info][gc,phases      ] GC(284) Compaction Phase 632.960ms
[61.630s][info][gc,phases,start] GC(284) Post Compact
[61.643s][info][gc,phases      ] GC(284) Post Compact 12.262ms
[61.643s][info][gc,heap        ] GC(284) PSYoungGen: 210497K(410112K)->210497K(410112K) Eden: 100863K(100864K)->100863K(100864K) From: 109633K(309248K)->109633K(309248K)
[61.643s][info][gc,heap        ] GC(284) ParOldGen: 7781937K(7782400K)->7781937K(7782400K)
[61.643s][info][gc,metaspace   ] GC(284) Metaspace: 6299K(6464K)->6299K(6464K) NonClass: 5765K(5824K)->5765K(5824K) Class: 533K(640K)->533K(640K)
[61.643s][info][gc             ] GC(284) Pause Full (Ergonomics) 7805M->7805M(8000M) 2477.696ms
[61.643s][info][gc,cpu         ] GC(284) User=18.45s Sys=0.00s Real=2.48s
[61.643s][info][gc,start       ] GC(285) Pause Full (Ergonomics)
[61.643s][info][gc,phases,start] GC(285) Marking Phase
[63.438s][info][gc,phases      ] GC(285) Marking Phase 1795.122ms
[63.438s][info][gc,phases,start] GC(285) Summary Phase
[63.438s][info][gc,phases      ] GC(285) Summary Phase 0.078ms
[63.438s][info][gc,phases,start] GC(285) Adjust Roots
[63.439s][info][gc,phases      ] GC(285) Adjust Roots 0.168ms
[63.439s][info][gc,phases,start] GC(285) Compaction Phase
[64.082s][info][gc,phases      ] GC(285) Compaction Phase 642.967ms
[64.082s][info][gc,phases,start] GC(285) Post Compact
[64.094s][info][gc,phases      ] GC(285) Post Compact 11.976ms
[64.094s][info][gc,heap        ] GC(285) PSYoungGen: 210497K(410112K)->210497K(410112K) Eden: 100863K(100864K)->100863K(100864K) From: 109633K(309248K)->109633K(309248K)
[64.094s][info][gc,heap        ] GC(285) ParOldGen: 7781942K(7782400K)->7781942K(7782400K)
[64.094s][info][gc,metaspace   ] GC(285) Metaspace: 6299K(6464K)->6299K(6464K) NonClass: 5765K(5824K)->5765K(5824K) Class: 533K(640K)->533K(640K)
[64.094s][info][gc             ] GC(285) Pause Full (Ergonomics) 7805M->7805M(8000M) 2450.656ms
[64.094s][info][gc,cpu         ] GC(285) User=18.06s Sys=0.00s Real=2.45s
[64.094s][info][gc,start       ] GC(286) Pause Full (Ergonomics)
[64.094s][info][gc,phases,start] GC(286) Marking Phase
[65.910s][info][gc,phases      ] GC(286) Marking Phase 1816.206ms
[65.910s][info][gc,phases,start] GC(286) Summary Phase
[65.910s][info][gc,phases      ] GC(286) Summary Phase 0.078ms
[65.910s][info][gc,phases,start] GC(286) Adjust Roots
[65.910s][info][gc,phases      ] GC(286) Adjust Roots 0.167ms
[65.910s][info][gc,phases,start] GC(286) Compaction Phase
[66.576s][info][gc,phases      ] GC(286) Compaction Phase 665.207ms
[66.576s][info][gc,phases,start] GC(286) Post Compact
[66.588s][info][gc,phases      ] GC(286) Post Compact 12.251ms
[66.588s][info][gc,heap        ] GC(286) PSYoungGen: 210497K(410112K)->210497K(410112K) Eden: 100863K(100864K)->100863K(100864K) From: 109633K(309248K)->109633K(309248K)
[66.588s][info][gc,heap        ] GC(286) ParOldGen: 7781947K(7782400K)->7781947K(7782400K)
[66.588s][info][gc,metaspace   ] GC(286) Metaspace: 6299K(6464K)->6299K(6464K) NonClass: 5765K(5824K)->5765K(5824K) Class: 533K(640K)->533K(640K)
[66.588s][info][gc             ] GC(286) Pause Full (Ergonomics) 7805M->7805M(8000M) 2494.246ms
[66.588s][info][gc,cpu         ] GC(286) User=18.41s Sys=0.00s Real=2.49s
[66.588s][info][gc,start       ] GC(287) Pause Full (Ergonomics)
[66.588s][info][gc,phases,start] GC(287) Marking Phase
[68.445s][info][gc,phases      ] GC(287) Marking Phase 1856.167ms
[68.445s][info][gc,phases,start] GC(287) Summary Phase
[68.445s][info][gc,phases      ] GC(287) Summary Phase 0.083ms
[68.445s][info][gc,phases,start] GC(287) Adjust Roots
[68.445s][info][gc,phases      ] GC(287) Adjust Roots 0.200ms
[68.445s][info][gc,phases,start] GC(287) Compaction Phase
[69.105s][info][gc,phases      ] GC(287) Compaction Phase 660.360ms
[69.105s][info][gc,phases,start] GC(287) Post Compact
[69.117s][info][gc,phases      ] GC(287) Post Compact 11.978ms
[69.117s][info][gc,heap        ] GC(287) PSYoungGen: 210497K(410112K)->210497K(410112K) Eden: 100863K(100864K)->100863K(100864K) From: 109633K(309248K)->109633K(309248K)
[69.117s][info][gc,heap        ] GC(287) ParOldGen: 7781952K(7782400K)->7781952K(7782400K)
[69.118s][info][gc,metaspace   ] GC(287) Metaspace: 6299K(6464K)->6299K(6464K) NonClass: 5765K(5824K)->5765K(5824K) Class: 533K(640K)->533K(640K)
[69.118s][info][gc             ] GC(287) Pause Full (Ergonomics) 7805M->7805M(8000M) 2529.143ms
[69.118s][info][gc,cpu         ] GC(287) User=18.50s Sys=0.00s Real=2.53s
[69.118s][info][gc,start       ] GC(288) Pause Full (Ergonomics)
[69.118s][info][gc,phases,start] GC(288) Marking Phase
[70.965s][info][gc,phases      ] GC(288) Marking Phase 1847.560ms
[70.965s][info][gc,phases,start] GC(288) Summary Phase
[70.965s][info][gc,phases      ] GC(288) Summary Phase 0.078ms
[70.965s][info][gc,phases,start] GC(288) Adjust Roots
[70.966s][info][gc,phases      ] GC(288) Adjust Roots 0.216ms
[70.966s][info][gc,phases,start] GC(288) Compaction Phase
[71.635s][info][gc,phases      ] GC(288) Compaction Phase 668.953ms
[71.635s][info][gc,phases,start] GC(288) Post Compact
[71.647s][info][gc,phases      ] GC(288) Post Compact 12.174ms
[71.647s][info][gc,heap        ] GC(288) PSYoungGen: 210497K(410112K)->210497K(410112K) Eden: 100863K(100864K)->100863K(100864K) From: 109633K(309248K)->109633K(309248K)
[71.647s][info][gc,heap        ] GC(288) ParOldGen: 7781956K(7782400K)->7781956K(7782400K)
[71.647s][info][gc,metaspace   ] GC(288) Metaspace: 6299K(6464K)->6299K(6464K) NonClass: 5765K(5824K)->5765K(5824K) Class: 533K(640K)->533K(640K)
[71.647s][info][gc             ] GC(288) Pause Full (Ergonomics) 7805M->7805M(8000M) 2529.302ms
[71.647s][info][gc,cpu         ] GC(288) User=18.62s Sys=0.00s Real=2.53s
[71.647s][info][gc,start       ] GC(289) Pause Full (Ergonomics)
[71.647s][info][gc,phases,start] GC(289) Marking Phase
[73.506s][info][gc,phases      ] GC(289) Marking Phase 1858.705ms
[73.506s][info][gc,phases,start] GC(289) Summary Phase
[73.506s][info][gc,phases      ] GC(289) Summary Phase 0.078ms
[73.506s][info][gc,phases,start] GC(289) Adjust Roots
[73.506s][info][gc,phases      ] GC(289) Adjust Roots 0.172ms
[73.506s][info][gc,phases,start] GC(289) Compaction Phase
[74.197s][info][gc,phases      ] GC(289) Compaction Phase 691.125ms
[74.198s][info][gc,phases,start] GC(289) Post Compact
[74.210s][info][gc,phases      ] GC(289) Post Compact 12.048ms
[74.210s][info][gc,heap        ] GC(289) PSYoungGen: 210497K(410112K)->210497K(410112K) Eden: 100863K(100864K)->100863K(100864K) From: 109633K(309248K)->109633K(309248K)
[74.210s][info][gc,heap        ] GC(289) ParOldGen: 7781961K(7782400K)->7781961K(7782400K)
[74.210s][info][gc,metaspace   ] GC(289) Metaspace: 6299K(6464K)->6299K(6464K) NonClass: 5765K(5824K)->5765K(5824K) Class: 533K(640K)->533K(640K)
[74.210s][info][gc             ] GC(289) Pause Full (Ergonomics) 7805M->7805M(8000M) 2562.488ms
[74.210s][info][gc,cpu         ] GC(289) User=18.73s Sys=0.00s Real=2.56s
[74.210s][info][gc,start       ] GC(290) Pause Full (Ergonomics)
[74.210s][info][gc,phases,start] GC(290) Marking Phase
[76.098s][info][gc,phases      ] GC(290) Marking Phase 1888.451ms
[76.099s][info][gc,phases,start] GC(290) Summary Phase
[76.099s][info][gc,phases      ] GC(290) Summary Phase 0.081ms
[76.099s][info][gc,phases,start] GC(290) Adjust Roots
[76.099s][info][gc,phases      ] GC(290) Adjust Roots 0.179ms
[76.099s][info][gc,phases,start] GC(290) Compaction Phase
[76.800s][info][gc,phases      ] GC(290) Compaction Phase 701.119ms
[76.800s][info][gc,phases,start] GC(290) Post Compact
[76.812s][info][gc,phases      ] GC(290) Post Compact 12.099ms
[76.812s][info][gc,heap        ] GC(290) PSYoungGen: 210497K(410112K)->210497K(410112K) Eden: 100863K(100864K)->100863K(100864K) From: 109633K(309248K)->109633K(309248K)
[76.812s][info][gc,heap        ] GC(290) ParOldGen: 7781966K(7782400K)->7781966K(7782400K)
[76.812s][info][gc,metaspace   ] GC(290) Metaspace: 6299K(6464K)->6299K(6464K) NonClass: 5765K(5824K)->5765K(5824K) Class: 533K(640K)->533K(640K)
[76.812s][info][gc             ] GC(290) Pause Full (Ergonomics) 7805M->7805M(8000M) 2602.301ms
[76.812s][info][gc,cpu         ] GC(290) User=18.94s Sys=0.02s Real=2.60s
[76.813s][info][gc,start       ] GC(291) Pause Full (Ergonomics)
[76.813s][info][gc,phases,start] GC(291) Marking Phase
[78.687s][info][gc,phases      ] GC(291) Marking Phase 1874.663ms
[78.687s][info][gc,phases,start] GC(291) Summary Phase
[78.687s][info][gc,phases      ] GC(291) Summary Phase 0.173ms
[78.687s][info][gc,phases,start] GC(291) Adjust Roots
[78.688s][info][gc,phases      ] GC(291) Adjust Roots 0.333ms
[78.688s][info][gc,phases,start] GC(291) Compaction Phase
[79.382s][info][gc,phases      ] GC(291) Compaction Phase 693.974ms
[79.382s][info][gc,phases,start] GC(291) Post Compact
[79.394s][info][gc,phases      ] GC(291) Post Compact 12.308ms
[79.394s][info][gc,heap        ] GC(291) PSYoungGen: 210497K(410112K)->210497K(410112K) Eden: 100863K(100864K)->100863K(100864K) From: 109633K(309248K)->109633K(309248K)
[79.394s][info][gc,heap        ] GC(291) ParOldGen: 7781971K(7782400K)->7781971K(7782400K)
[79.394s][info][gc,metaspace   ] GC(291) Metaspace: 6299K(6464K)->6299K(6464K) NonClass: 5765K(5824K)->5765K(5824K) Class: 533K(640K)->533K(640K)
[79.394s][info][gc             ] GC(291) Pause Full (Ergonomics) 7805M->7805M(8000M) 2581.856ms
[79.394s][info][gc,cpu         ] GC(291) User=18.88s Sys=0.02s Real=2.58s
[79.395s][info][gc,start       ] GC(292) Pause Full (Ergonomics)
[79.395s][info][gc,phases,start] GC(292) Marking Phase
[81.237s][info][gc,phases      ] GC(292) Marking Phase 1842.118ms
[81.237s][info][gc,phases,start] GC(292) Summary Phase
[81.237s][info][gc,phases      ] GC(292) Summary Phase 0.119ms
[81.237s][info][gc,phases,start] GC(292) Adjust Roots
[81.237s][info][gc,phases      ] GC(292) Adjust Roots 0.276ms
[81.237s][info][gc,phases,start] GC(292) Compaction Phase
[81.939s][info][gc,phases      ] GC(292) Compaction Phase 701.577ms
[81.939s][info][gc,phases,start] GC(292) Post Compact
[81.951s][info][gc,phases      ] GC(292) Post Compact 11.951ms
[81.951s][info][gc,heap        ] GC(292) PSYoungGen: 210497K(410112K)->210497K(410112K) Eden: 100863K(100864K)->100863K(100864K) From: 109633K(309248K)->109633K(309248K)
[81.951s][info][gc,heap        ] GC(292) ParOldGen: 7781976K(7782400K)->7781976K(7782400K)
[81.951s][info][gc,metaspace   ] GC(292) Metaspace: 6299K(6464K)->6299K(6464K) NonClass: 5765K(5824K)->5765K(5824K) Class: 533K(640K)->533K(640K)
[81.951s][info][gc             ] GC(292) Pause Full (Ergonomics) 7805M->7805M(8000M) 2556.429ms
[81.951s][info][gc,cpu         ] GC(292) User=18.73s Sys=0.02s Real=2.56s
[81.951s][info][gc,start       ] GC(293) Pause Full (Ergonomics)
[81.951s][info][gc,phases,start] GC(293) Marking Phase
[83.850s][info][gc,phases      ] GC(293) Marking Phase 1898.321ms
[83.850s][info][gc,phases,start] GC(293) Summary Phase
[83.850s][info][gc,phases      ] GC(293) Summary Phase 0.094ms
[83.850s][info][gc,phases,start] GC(293) Adjust Roots
[83.850s][info][gc,phases      ] GC(293) Adjust Roots 0.255ms
[83.850s][info][gc,phases,start] GC(293) Compaction Phase
[84.572s][info][gc,phases      ] GC(293) Compaction Phase 721.902ms
[84.572s][info][gc,phases,start] GC(293) Post Compact
[84.584s][info][gc,phases      ] GC(293) Post Compact 12.103ms
[84.584s][info][gc,heap        ] GC(293) PSYoungGen: 210497K(410112K)->210497K(410112K) Eden: 100863K(100864K)->100863K(100864K) From: 109633K(309248K)->109633K(309248K)
[84.584s][info][gc,heap        ] GC(293) ParOldGen: 7781981K(7782400K)->7781981K(7782400K)
[84.584s][info][gc,metaspace   ] GC(293) Metaspace: 6299K(6464K)->6299K(6464K) NonClass: 5765K(5824K)->5765K(5824K) Class: 533K(640K)->533K(640K)
[84.584s][info][gc             ] GC(293) Pause Full (Ergonomics) 7805M->7805M(8000M) 2633.050ms
[84.584s][info][gc,cpu         ] GC(293) User=19.22s Sys=0.00s Real=2.63s
[84.584s][info][gc,start       ] GC(294) Pause Full (Ergonomics)
[84.585s][info][gc,phases,start] GC(294) Marking Phase
[86.479s][info][gc,phases      ] GC(294) Marking Phase 1894.528ms
[86.479s][info][gc,phases,start] GC(294) Summary Phase
[86.479s][info][gc,phases      ] GC(294) Summary Phase 0.124ms
[86.479s][info][gc,phases,start] GC(294) Adjust Roots
[86.479s][info][gc,phases      ] GC(294) Adjust Roots 0.175ms
[86.479s][info][gc,phases,start] GC(294) Compaction Phase
[87.206s][info][gc,phases      ] GC(294) Compaction Phase 726.321ms
[87.206s][info][gc,phases,start] GC(294) Post Compact
[87.218s][info][gc,phases      ] GC(294) Post Compact 11.879ms
[87.218s][info][gc,heap        ] GC(294) PSYoungGen: 210497K(410112K)->210497K(410112K) Eden: 100863K(100864K)->100863K(100864K) From: 109633K(309248K)->109633K(309248K)
[87.218s][info][gc,heap        ] GC(294) ParOldGen: 7781985K(7782400K)->7781985K(7782400K)
[87.218s][info][gc,metaspace   ] GC(294) Metaspace: 6299K(6464K)->6299K(6464K) NonClass: 5765K(5824K)->5765K(5824K) Class: 533K(640K)->533K(640K)
[87.218s][info][gc             ] GC(294) Pause Full (Ergonomics) 7805M->7805M(8000M) 2633.443ms
[87.218s][info][gc,cpu         ] GC(294) User=19.08s Sys=0.00s Real=2.63s
[87.218s][info][gc,start       ] GC(295) Pause Full (Ergonomics)
[87.218s][info][gc,phases,start] GC(295) Marking Phase
[89.129s][info][gc,phases      ] GC(295) Marking Phase 1911.088ms
[89.129s][info][gc,phases,start] GC(295) Summary Phase
[89.129s][info][gc,phases      ] GC(295) Summary Phase 0.091ms
[89.129s][info][gc,phases,start] GC(295) Adjust Roots
[89.130s][info][gc,phases      ] GC(295) Adjust Roots 0.189ms
[89.130s][info][gc,phases,start] GC(295) Compaction Phase
[89.831s][info][gc,phases      ] GC(295) Compaction Phase 700.920ms
[89.831s][info][gc,phases,start] GC(295) Post Compact
[89.843s][info][gc,phases      ] GC(295) Post Compact 12.042ms
[89.843s][info][gc,heap        ] GC(295) PSYoungGen: 210497K(410112K)->210497K(410112K) Eden: 100863K(100864K)->100863K(100864K) From: 109633K(309248K)->109633K(309248K)
[89.843s][info][gc,heap        ] GC(295) ParOldGen: 7781990K(7782400K)->7781990K(7782400K)
[89.843s][info][gc,metaspace   ] GC(295) Metaspace: 6299K(6464K)->6299K(6464K) NonClass: 5765K(5824K)->5765K(5824K) Class: 533K(640K)->533K(640K)
[89.843s][info][gc             ] GC(295) Pause Full (Ergonomics) 7805M->7805M(8000M) 2624.735ms
[89.843s][info][gc,cpu         ] GC(295) User=19.23s Sys=0.00s Real=2.62s
[89.843s][info][gc,start       ] GC(296) Pause Full (Ergonomics)
[89.843s][info][gc,phases,start] GC(296) Marking Phase
[91.768s][info][gc,phases      ] GC(296) Marking Phase 1924.469ms
[91.768s][info][gc,phases,start] GC(296) Summary Phase
[91.768s][info][gc,phases      ] GC(296) Summary Phase 0.076ms
[91.768s][info][gc,phases,start] GC(296) Adjust Roots
[91.768s][info][gc,phases      ] GC(296) Adjust Roots 0.171ms
[91.768s][info][gc,phases,start] GC(296) Compaction Phase
[92.490s][info][gc,phases      ] GC(296) Compaction Phase 721.776ms
[92.490s][info][gc,phases,start] GC(296) Post Compact
[92.502s][info][gc,phases      ] GC(296) Post Compact 12.024ms
[92.502s][info][gc,heap        ] GC(296) PSYoungGen: 210497K(410112K)->210497K(410112K) Eden: 100863K(100864K)->100863K(100864K) From: 109633K(309248K)->109633K(309248K)
[92.502s][info][gc,heap        ] GC(296) ParOldGen: 7781995K(7782400K)->7781995K(7782400K)
[92.502s][info][gc,metaspace   ] GC(296) Metaspace: 6299K(6464K)->6299K(6464K) NonClass: 5765K(5824K)->5765K(5824K) Class: 533K(640K)->533K(640K)
[92.502s][info][gc             ] GC(296) Pause Full (Ergonomics) 7805M->7805M(8000M) 2658.892ms
[92.502s][info][gc,cpu         ] GC(296) User=19.53s Sys=0.02s Real=2.66s
[92.502s][info][gc,start       ] GC(297) Pause Full (Ergonomics)
[92.502s][info][gc,phases,start] GC(297) Marking Phase
[94.424s][info][gc,phases      ] GC(297) Marking Phase 1921.465ms
[94.424s][info][gc,phases,start] GC(297) Summary Phase
[94.424s][info][gc,phases      ] GC(297) Summary Phase 0.077ms
[94.424s][info][gc,phases,start] GC(297) Adjust Roots
[94.424s][info][gc,phases      ] GC(297) Adjust Roots 0.171ms
[94.424s][info][gc,phases,start] GC(297) Compaction Phase
[95.142s][info][gc,phases      ] GC(297) Compaction Phase 718.338ms
[95.143s][info][gc,phases,start] GC(297) Post Compact
[95.154s][info][gc,phases      ] GC(297) Post Compact 11.926ms
[95.155s][info][gc,heap        ] GC(297) PSYoungGen: 210497K(410112K)->210497K(410112K) Eden: 100863K(100864K)->100863K(100864K) From: 109633K(309248K)->109633K(309248K)
[95.155s][info][gc,heap        ] GC(297) ParOldGen: 7782000K(7782400K)->7782000K(7782400K)
[95.155s][info][gc,metaspace   ] GC(297) Metaspace: 6299K(6464K)->6299K(6464K) NonClass: 5765K(5824K)->5765K(5824K) Class: 533K(640K)->533K(640K)
[95.155s][info][gc             ] GC(297) Pause Full (Ergonomics) 7805M->7805M(8000M) 2652.312ms
[95.155s][info][gc,cpu         ] GC(297) User=19.23s Sys=0.00s Real=2.65s
[95.155s][info][gc,start       ] GC(298) Pause Full (Ergonomics)
[95.155s][info][gc,phases,start] GC(298) Marking Phase
[97.085s][info][gc,phases      ] GC(298) Marking Phase 1930.445ms
[97.085s][info][gc,phases,start] GC(298) Summary Phase
[97.085s][info][gc,phases      ] GC(298) Summary Phase 0.077ms
[97.085s][info][gc,phases,start] GC(298) Adjust Roots
[97.086s][info][gc,phases      ] GC(298) Adjust Roots 0.163ms
[97.086s][info][gc,phases,start] GC(298) Compaction Phase
[97.781s][info][gc,phases      ] GC(298) Compaction Phase 695.875ms
[97.782s][info][gc,phases,start] GC(298) Post Compact
[97.794s][info][gc,phases      ] GC(298) Post Compact 11.984ms
[97.794s][info][gc,heap        ] GC(298) PSYoungGen: 210497K(410112K)->210497K(410112K) Eden: 100863K(100864K)->100863K(100864K) From: 109633K(309248K)->109633K(309248K)
[97.794s][info][gc,heap        ] GC(298) ParOldGen: 7782005K(7782400K)->7782005K(7782400K)
[97.794s][info][gc,metaspace   ] GC(298) Metaspace: 6299K(6464K)->6299K(6464K) NonClass: 5765K(5824K)->5765K(5824K) Class: 533K(640K)->533K(640K)
[97.794s][info][gc             ] GC(298) Pause Full (Ergonomics) 7805M->7805M(8000M) 2638.926ms
[97.794s][info][gc,cpu         ] GC(298) User=19.53s Sys=0.02s Real=2.64s
[97.794s][info][gc,start       ] GC(299) Pause Full (Ergonomics)
[97.794s][info][gc,phases,start] GC(299) Marking Phase
[99.730s][info][gc,phases      ] GC(299) Marking Phase 1935.851ms
[99.730s][info][gc,phases,start] GC(299) Summary Phase
[99.730s][info][gc,phases      ] GC(299) Summary Phase 0.078ms
[99.730s][info][gc,phases,start] GC(299) Adjust Roots
[99.730s][info][gc,phases      ] GC(299) Adjust Roots 0.174ms
[99.730s][info][gc,phases,start] GC(299) Compaction Phase
[100.436s][info][gc,phases      ] GC(299) Compaction Phase 705.801ms
[100.436s][info][gc,phases,start] GC(299) Post Compact
[100.448s][info][gc,phases      ] GC(299) Post Compact 12.335ms
[100.448s][info][gc,heap        ] GC(299) PSYoungGen: 210497K(410112K)->210497K(410112K) Eden: 100863K(100864K)->100863K(100864K) From: 109633K(309248K)->109633K(309248K)
[100.448s][info][gc,heap        ] GC(299) ParOldGen: 7782010K(7782400K)->7782010K(7782400K)
[100.448s][info][gc,metaspace   ] GC(299) Metaspace: 6299K(6464K)->6299K(6464K) NonClass: 5765K(5824K)->5765K(5824K) Class: 533K(640K)->533K(640K)
[100.449s][info][gc             ] GC(299) Pause Full (Ergonomics) 7805M->7805M(8000M) 2654.597ms
[100.449s][info][gc,cpu         ] GC(299) User=19.28s Sys=0.00s Real=2.65s
[100.449s][info][gc,start       ] GC(300) Pause Full (Ergonomics)
[100.449s][info][gc,phases,start] GC(300) Marking Phase
[102.389s][info][gc,phases      ] GC(300) Marking Phase 1939.890ms
[102.389s][info][gc,phases,start] GC(300) Summary Phase
[102.389s][info][gc,phases      ] GC(300) Summary Phase 0.091ms
[102.389s][info][gc,phases,start] GC(300) Adjust Roots
[102.389s][info][gc,phases      ] GC(300) Adjust Roots 0.167ms
[102.389s][info][gc,phases,start] GC(300) Compaction Phase
[103.086s][info][gc,phases      ] GC(300) Compaction Phase 696.710ms
[103.086s][info][gc,phases,start] GC(300) Post Compact
[103.098s][info][gc,phases      ] GC(300) Post Compact 12.066ms
[103.098s][info][gc,heap        ] GC(300) PSYoungGen: 210497K(410112K)->210497K(410112K) Eden: 100863K(100864K)->100863K(100864K) From: 109633K(309248K)->109633K(309248K)
[103.098s][info][gc,heap        ] GC(300) ParOldGen: 7782014K(7782400K)->7782014K(7782400K)
[103.098s][info][gc,metaspace   ] GC(300) Metaspace: 6299K(6464K)->6299K(6464K) NonClass: 5765K(5824K)->5765K(5824K) Class: 533K(640K)->533K(640K)
[103.098s][info][gc             ] GC(300) Pause Full (Ergonomics) 7805M->7805M(8000M) 2649.279ms
[103.098s][info][gc,cpu         ] GC(300) User=19.47s Sys=0.03s Real=2.65s
[103.098s][info][gc,start       ] GC(301) Pause Full (Ergonomics)
[103.098s][info][gc,phases,start] GC(301) Marking Phase
[105.030s][info][gc,phases      ] GC(301) Marking Phase 1931.567ms
[105.030s][info][gc,phases,start] GC(301) Summary Phase
[105.030s][info][gc,phases      ] GC(301) Summary Phase 0.077ms
[105.030s][info][gc,phases,start] GC(301) Adjust Roots
[105.030s][info][gc,phases      ] GC(301) Adjust Roots 0.165ms
[105.030s][info][gc,phases,start] GC(301) Compaction Phase
[105.726s][info][gc,phases      ] GC(301) Compaction Phase 695.843ms
[105.726s][info][gc,phases,start] GC(301) Post Compact
[105.738s][info][gc,phases      ] GC(301) Post Compact 11.797ms
[105.738s][info][gc,heap        ] GC(301) PSYoungGen: 210497K(410112K)->210497K(410112K) Eden: 100863K(100864K)->100863K(100864K) From: 109633K(309248K)->109633K(309248K)
[105.738s][info][gc,heap        ] GC(301) ParOldGen: 7782019K(7782400K)->7782019K(7782400K)
[105.738s][info][gc,metaspace   ] GC(301) Metaspace: 6299K(6464K)->6299K(6464K) NonClass: 5765K(5824K)->5765K(5824K) Class: 533K(640K)->533K(640K)
[105.738s][info][gc             ] GC(301) Pause Full (Ergonomics) 7805M->7805M(8000M) 2639.769ms
[105.738s][info][gc,cpu         ] GC(301) User=19.47s Sys=0.00s Real=2.64s
[105.738s][info][gc,start       ] GC(302) Pause Full (Ergonomics)
[105.738s][info][gc,phases,start] GC(302) Marking Phase
[107.666s][info][gc,phases      ] GC(302) Marking Phase 1927.491ms
[107.666s][info][gc,phases,start] GC(302) Summary Phase
[107.666s][info][gc,phases      ] GC(302) Summary Phase 0.083ms
[107.666s][info][gc,phases,start] GC(302) Adjust Roots
[107.666s][info][gc,phases      ] GC(302) Adjust Roots 0.229ms
[107.666s][info][gc,phases,start] GC(302) Compaction Phase
[108.377s][info][gc,phases      ] GC(302) Compaction Phase 710.929ms
[108.377s][info][gc,phases,start] GC(302) Post Compact
[108.389s][info][gc,phases      ] GC(302) Post Compact 11.944ms
[108.389s][info][gc,heap        ] GC(302) PSYoungGen: 210497K(410112K)->210497K(410112K) Eden: 100863K(100864K)->100863K(100864K) From: 109633K(309248K)->109633K(309248K)
[108.389s][info][gc,heap        ] GC(302) ParOldGen: 7782024K(7782400K)->7782024K(7782400K)
[108.389s][info][gc,metaspace   ] GC(302) Metaspace: 6299K(6464K)->6299K(6464K) NonClass: 5765K(5824K)->5765K(5824K) Class: 533K(640K)->533K(640K)
[108.389s][info][gc             ] GC(302) Pause Full (Ergonomics) 7805M->7805M(8000M) 2651.040ms
[108.389s][info][gc,cpu         ] GC(302) User=19.33s Sys=0.00s Real=2.65s
[108.389s][info][gc,start       ] GC(303) Pause Full (Ergonomics)
[108.390s][info][gc,phases,start] GC(303) Marking Phase
[110.315s][info][gc,phases      ] GC(303) Marking Phase 1925.656ms
[110.315s][info][gc,phases,start] GC(303) Summary Phase
[110.315s][info][gc,phases      ] GC(303) Summary Phase 0.100ms
[110.315s][info][gc,phases,start] GC(303) Adjust Roots
[110.316s][info][gc,phases      ] GC(303) Adjust Roots 0.210ms
[110.316s][info][gc,phases,start] GC(303) Compaction Phase
[111.020s][info][gc,phases      ] GC(303) Compaction Phase 704.468ms
[111.020s][info][gc,phases,start] GC(303) Post Compact
[111.032s][info][gc,phases      ] GC(303) Post Compact 11.998ms
[111.032s][info][gc,heap        ] GC(303) PSYoungGen: 210497K(410112K)->210497K(410112K) Eden: 100863K(100864K)->100863K(100864K) From: 109633K(309248K)->109633K(309248K)
[111.032s][info][gc,heap        ] GC(303) ParOldGen: 7782029K(7782400K)->7782029K(7782400K)
[111.032s][info][gc,metaspace   ] GC(303) Metaspace: 6299K(6464K)->6299K(6464K) NonClass: 5765K(5824K)->5765K(5824K) Class: 533K(640K)->533K(640K)
[111.032s][info][gc             ] GC(303) Pause Full (Ergonomics) 7805M->7805M(8000M) 2642.860ms
[111.032s][info][gc,cpu         ] GC(303) User=19.42s Sys=0.02s Real=2.64s
[111.033s][info][gc,start       ] GC(304) Pause Full (Ergonomics)
[111.033s][info][gc,phases,start] GC(304) Marking Phase
[112.916s][info][gc,phases      ] GC(304) Marking Phase 1883.553ms
[112.916s][info][gc,phases,start] GC(304) Summary Phase
[112.916s][info][gc,phases      ] GC(304) Summary Phase 0.126ms
[112.916s][info][gc,phases,start] GC(304) Adjust Roots
[112.917s][info][gc,phases      ] GC(304) Adjust Roots 0.210ms
[112.917s][info][gc,phases,start] GC(304) Compaction Phase
[113.627s][info][gc,phases      ] GC(304) Compaction Phase 710.737ms
[113.627s][info][gc,phases,start] GC(304) Post Compact
[113.639s][info][gc,phases      ] GC(304) Post Compact 12.011ms
[113.639s][info][gc,heap        ] GC(304) PSYoungGen: 210497K(410112K)->210497K(410112K) Eden: 100863K(100864K)->100863K(100864K) From: 109633K(309248K)->109633K(309248K)
[113.640s][info][gc,heap        ] GC(304) ParOldGen: 7782034K(7782400K)->7782034K(7782400K)
[113.640s][info][gc,metaspace   ] GC(304) Metaspace: 6299K(6464K)->6299K(6464K) NonClass: 5765K(5824K)->5765K(5824K) Class: 533K(640K)->533K(640K)
[113.640s][info][gc             ] GC(304) Pause Full (Ergonomics) 7805M->7805M(8000M) 2607.012ms
[113.640s][info][gc,cpu         ] GC(304) User=19.02s Sys=0.00s Real=2.61s
[113.640s][info][gc,start       ] GC(305) Pause Full (Ergonomics)
[113.640s][info][gc,phases,start] GC(305) Marking Phase
[115.572s][info][gc,phases      ] GC(305) Marking Phase 1932.681ms
[115.573s][info][gc,phases,start] GC(305) Summary Phase
[115.573s][info][gc,phases      ] GC(305) Summary Phase 0.081ms
[115.573s][info][gc,phases,start] GC(305) Adjust Roots
[115.573s][info][gc,phases      ] GC(305) Adjust Roots 0.175ms
[115.573s][info][gc,phases,start] GC(305) Compaction Phase
[116.278s][info][gc,phases      ] GC(305) Compaction Phase 705.263ms
[116.278s][info][gc,phases,start] GC(305) Post Compact
[116.290s][info][gc,phases      ] GC(305) Post Compact 11.930ms
[116.290s][info][gc,heap        ] GC(305) PSYoungGen: 210497K(410112K)->210497K(410112K) Eden: 100863K(100864K)->100863K(100864K) From: 109633K(309248K)->109633K(309248K)
[116.290s][info][gc,heap        ] GC(305) ParOldGen: 7782039K(7782400K)->7782039K(7782400K)
[116.290s][info][gc,metaspace   ] GC(305) Metaspace: 6299K(6464K)->6299K(6464K) NonClass: 5765K(5824K)->5765K(5824K) Class: 533K(640K)->533K(640K)
[116.290s][info][gc             ] GC(305) Pause Full (Ergonomics) 7805M->7805M(8000M) 2650.481ms
[116.290s][info][gc,cpu         ] GC(305) User=19.34s Sys=0.00s Real=2.65s
[116.290s][info][gc,start       ] GC(306) Pause Full (Ergonomics)
[116.290s][info][gc,phases,start] GC(306) Marking Phase
[118.189s][info][gc,phases      ] GC(306) Marking Phase 1898.364ms
[118.189s][info][gc,phases,start] GC(306) Summary Phase
[118.189s][info][gc,phases      ] GC(306) Summary Phase 0.079ms
[118.189s][info][gc,phases,start] GC(306) Adjust Roots
[118.189s][info][gc,phases      ] GC(306) Adjust Roots 0.164ms
[118.189s][info][gc,phases,start] GC(306) Compaction Phase
[118.864s][info][gc,phases      ] GC(306) Compaction Phase 674.934ms
[118.864s][info][gc,phases,start] GC(306) Post Compact
[118.876s][info][gc,phases      ] GC(306) Post Compact 11.925ms
[118.876s][info][gc,heap        ] GC(306) PSYoungGen: 210497K(410112K)->210497K(410112K) Eden: 100863K(100864K)->100863K(100864K) From: 109633K(309248K)->109633K(309248K)
[118.876s][info][gc,heap        ] GC(306) ParOldGen: 7782043K(7782400K)->7782043K(7782400K)
[118.876s][info][gc,metaspace   ] GC(306) Metaspace: 6299K(6464K)->6299K(6464K) NonClass: 5765K(5824K)->5765K(5824K) Class: 533K(640K)->533K(640K)
[118.876s][info][gc             ] GC(306) Pause Full (Ergonomics) 7805M->7805M(8000M) 2585.807ms
[118.876s][info][gc,cpu         ] GC(306) User=19.42s Sys=0.00s Real=2.59s
[118.876s][info][gc,start       ] GC(307) Pause Full (Ergonomics)
[118.877s][info][gc,phases,start] GC(307) Marking Phase
[120.779s][info][gc,phases      ] GC(307) Marking Phase 1902.023ms
[120.779s][info][gc,phases,start] GC(307) Summary Phase
[120.779s][info][gc,phases      ] GC(307) Summary Phase 0.102ms
[120.779s][info][gc,phases,start] GC(307) Adjust Roots
[120.779s][info][gc,phases      ] GC(307) Adjust Roots 0.258ms
[120.779s][info][gc,phases,start] GC(307) Compaction Phase
[121.485s][info][gc,phases      ] GC(307) Compaction Phase 706.238ms
[121.485s][info][gc,phases,start] GC(307) Post Compact
[121.497s][info][gc,phases      ] GC(307) Post Compact 11.927ms
[121.497s][info][gc,heap        ] GC(307) PSYoungGen: 210497K(410112K)->210497K(410112K) Eden: 100863K(100864K)->100863K(100864K) From: 109633K(309248K)->109633K(309248K)
[121.497s][info][gc,heap        ] GC(307) ParOldGen: 7782048K(7782400K)->7782048K(7782400K)
[121.497s][info][gc,metaspace   ] GC(307) Metaspace: 6299K(6464K)->6299K(6464K) NonClass: 5765K(5824K)->5765K(5824K) Class: 533K(640K)->533K(640K)
[121.497s][info][gc             ] GC(307) Pause Full (Ergonomics) 7805M->7805M(8000M) 2620.957ms
[121.497s][info][gc,cpu         ] GC(307) User=19.36s Sys=0.00s Real=2.62s
[121.498s][info][gc,start       ] GC(308) Pause Full (Ergonomics)
[121.498s][info][gc,phases,start] GC(308) Marking Phase
[123.412s][info][gc,phases      ] GC(308) Marking Phase 1914.728ms
[123.412s][info][gc,phases,start] GC(308) Summary Phase
[123.413s][info][gc,phases      ] GC(308) Summary Phase 0.078ms
[123.413s][info][gc,phases,start] GC(308) Adjust Roots
[123.413s][info][gc,phases      ] GC(308) Adjust Roots 0.169ms
[123.413s][info][gc,phases,start] GC(308) Compaction Phase
[124.101s][info][gc,phases      ] GC(308) Compaction Phase 688.133ms
[124.101s][info][gc,phases,start] GC(308) Post Compact
[124.113s][info][gc,phases      ] GC(308) Post Compact 12.065ms
[124.113s][info][gc,heap        ] GC(308) PSYoungGen: 210497K(410112K)->210497K(410112K) Eden: 100863K(100864K)->100863K(100864K) From: 109633K(309248K)->109633K(309248K)
[124.113s][info][gc,heap        ] GC(308) ParOldGen: 7782053K(7782400K)->7782053K(7782400K)
[124.113s][info][gc,metaspace   ] GC(308) Metaspace: 6299K(6464K)->6299K(6464K) NonClass: 5765K(5824K)->5765K(5824K) Class: 533K(640K)->533K(640K)
[124.113s][info][gc             ] GC(308) Pause Full (Ergonomics) 7805M->7805M(8000M) 2615.579ms
[124.113s][info][gc,cpu         ] GC(308) User=19.25s Sys=0.00s Real=2.62s
[124.113s][info][gc,start       ] GC(309) Pause Full (Ergonomics)
[124.114s][info][gc,phases,start] GC(309) Marking Phase
[126.030s][info][gc,phases      ] GC(309) Marking Phase 1916.889ms
[126.030s][info][gc,phases,start] GC(309) Summary Phase
[126.031s][info][gc,phases      ] GC(309) Summary Phase 0.078ms
[126.031s][info][gc,phases,start] GC(309) Adjust Roots
[126.031s][info][gc,phases      ] GC(309) Adjust Roots 0.175ms
[126.031s][info][gc,phases,start] GC(309) Compaction Phase
[126.732s][info][gc,phases      ] GC(309) Compaction Phase 701.374ms
[126.732s][info][gc,phases,start] GC(309) Post Compact
[126.744s][info][gc,phases      ] GC(309) Post Compact 12.012ms
[126.744s][info][gc,heap        ] GC(309) PSYoungGen: 210497K(410112K)->210497K(410112K) Eden: 100863K(100864K)->100863K(100864K) From: 109633K(309248K)->109633K(309248K)
[126.744s][info][gc,heap        ] GC(309) ParOldGen: 7782058K(7782400K)->7782058K(7782400K)
[126.744s][info][gc,metaspace   ] GC(309) Metaspace: 6299K(6464K)->6299K(6464K) NonClass: 5765K(5824K)->5765K(5824K) Class: 533K(640K)->533K(640K)
[126.744s][info][gc             ] GC(309) Pause Full (Ergonomics) 7805M->7805M(8000M) 2630.878ms
[126.744s][info][gc,cpu         ] GC(309) User=19.38s Sys=0.00s Real=2.63s
[126.745s][info][gc,start       ] GC(310) Pause Full (Ergonomics)
[126.745s][info][gc,phases,start] GC(310) Marking Phase
[128.671s][info][gc,phases      ] GC(310) Marking Phase 1925.938ms
[128.671s][info][gc,phases,start] GC(310) Summary Phase
[128.671s][info][gc,phases      ] GC(310) Summary Phase 0.077ms
[128.671s][info][gc,phases,start] GC(310) Adjust Roots
[128.671s][info][gc,phases      ] GC(310) Adjust Roots 0.162ms
[128.671s][info][gc,phases,start] GC(310) Compaction Phase
[129.364s][info][gc,phases      ] GC(310) Compaction Phase 693.034ms
[129.364s][info][gc,phases,start] GC(310) Post Compact
[129.377s][info][gc,phases      ] GC(310) Post Compact 12.721ms
[129.377s][info][gc,heap        ] GC(310) PSYoungGen: 210497K(410112K)->210497K(410112K) Eden: 100863K(100864K)->100863K(100864K) From: 109633K(309248K)->109633K(309248K)
[129.377s][info][gc,heap        ] GC(310) ParOldGen: 7782063K(7782400K)->7782063K(7782400K)
[129.377s][info][gc,metaspace   ] GC(310) Metaspace: 6299K(6464K)->6299K(6464K) NonClass: 5765K(5824K)->5765K(5824K) Class: 533K(640K)->533K(640K)
[129.377s][info][gc             ] GC(310) Pause Full (Ergonomics) 7805M->7805M(8000M) 2632.290ms
[129.377s][info][gc,cpu         ] GC(310) User=19.45s Sys=0.00s Real=2.63s
[129.377s][info][gc,start       ] GC(311) Pause Full (Ergonomics)
[129.377s][info][gc,phases,start] GC(311) Marking Phase
[131.276s][info][gc,phases      ] GC(311) Marking Phase 1899.297ms
[131.277s][info][gc,phases,start] GC(311) Summary Phase
[131.277s][info][gc,phases      ] GC(311) Summary Phase 0.123ms
[131.277s][info][gc,phases,start] GC(311) Adjust Roots
[131.277s][info][gc,phases      ] GC(311) Adjust Roots 0.183ms
[131.277s][info][gc,phases,start] GC(311) Compaction Phase
[131.990s][info][gc,phases      ] GC(311) Compaction Phase 712.723ms
[131.990s][info][gc,phases,start] GC(311) Post Compact
[132.002s][info][gc,phases      ] GC(311) Post Compact 12.061ms
[132.002s][info][gc,heap        ] GC(311) PSYoungGen: 210497K(410112K)->210497K(410112K) Eden: 100863K(100864K)->100863K(100864K) From: 109633K(309248K)->109633K(309248K)
[132.002s][info][gc,heap        ] GC(311) ParOldGen: 7782068K(7782400K)->7782068K(7782400K)
[132.002s][info][gc,metaspace   ] GC(311) Metaspace: 6299K(6464K)->6299K(6464K) NonClass: 5765K(5824K)->5765K(5824K) Class: 533K(640K)->533K(640K)
[132.002s][info][gc             ] GC(311) Pause Full (Ergonomics) 7805M->7805M(8000M) 2624.757ms
[132.002s][info][gc,cpu         ] GC(311) User=19.14s Sys=0.00s Real=2.62s
[132.002s][info][gc,start       ] GC(312) Pause Full (Ergonomics)
[132.002s][info][gc,phases,start] GC(312) Marking Phase
[133.909s][info][gc,phases      ] GC(312) Marking Phase 1906.959ms
[133.909s][info][gc,phases,start] GC(312) Summary Phase
[133.909s][info][gc,phases      ] GC(312) Summary Phase 0.077ms
[133.909s][info][gc,phases,start] GC(312) Adjust Roots
[133.909s][info][gc,phases      ] GC(312) Adjust Roots 0.167ms
[133.909s][info][gc,phases,start] GC(312) Compaction Phase
[134.594s][info][gc,phases      ] GC(312) Compaction Phase 684.047ms
[134.594s][info][gc,phases,start] GC(312) Post Compact
[134.606s][info][gc,phases      ] GC(312) Post Compact 12.050ms
[134.606s][info][gc,heap        ] GC(312) PSYoungGen: 210497K(410112K)->210497K(410112K) Eden: 100863K(100864K)->100863K(100864K) From: 109633K(309248K)->109633K(309248K)
[134.606s][info][gc,heap        ] GC(312) ParOldGen: 7782072K(7782400K)->7782072K(7782400K)
[134.606s][info][gc,metaspace   ] GC(312) Metaspace: 6299K(6464K)->6299K(6464K) NonClass: 5765K(5824K)->5765K(5824K) Class: 533K(640K)->533K(640K)
[134.606s][info][gc             ] GC(312) Pause Full (Ergonomics) 7805M->7805M(8000M) 2603.658ms
[134.606s][info][gc,cpu         ] GC(312) User=19.19s Sys=0.05s Real=2.60s
[134.606s][info][gc,start       ] GC(313) Pause Full (Ergonomics)
[134.606s][info][gc,phases,start] GC(313) Marking Phase
[136.491s][info][gc,phases      ] GC(313) Marking Phase 1884.680ms
[136.491s][info][gc,phases,start] GC(313) Summary Phase
[136.491s][info][gc,phases      ] GC(313) Summary Phase 0.083ms
[136.491s][info][gc,phases,start] GC(313) Adjust Roots
[136.491s][info][gc,phases      ] GC(313) Adjust Roots 0.271ms
[136.491s][info][gc,phases,start] GC(313) Compaction Phase
[137.189s][info][gc,phases      ] GC(313) Compaction Phase 698.156ms
[137.189s][info][gc,phases,start] GC(313) Post Compact
[137.201s][info][gc,phases      ] GC(313) Post Compact 12.014ms
[137.201s][info][gc,heap        ] GC(313) PSYoungGen: 210497K(410112K)->210497K(410112K) Eden: 100863K(100864K)->100863K(100864K) From: 109633K(309248K)->109633K(309248K)
[137.201s][info][gc,heap        ] GC(313) ParOldGen: 7782077K(7782400K)->7782077K(7782400K)
[137.202s][info][gc,metaspace   ] GC(313) Metaspace: 6299K(6464K)->6299K(6464K) NonClass: 5765K(5824K)->5765K(5824K) Class: 533K(640K)->533K(640K)
[137.202s][info][gc             ] GC(313) Pause Full (Ergonomics) 7805M->7805M(8000M) 2595.539ms
[137.202s][info][gc,cpu         ] GC(313) User=18.98s Sys=0.02s Real=2.60s
[137.202s][info][gc,start       ] GC(314) Pause Full (Ergonomics)
[137.202s][info][gc,phases,start] GC(314) Marking Phase
[139.085s][info][gc,phases      ] GC(314) Marking Phase 1883.079ms
[139.085s][info][gc,phases,start] GC(314) Summary Phase
[139.085s][info][gc,phases      ] GC(314) Summary Phase 0.124ms
[139.085s][info][gc,phases,start] GC(314) Adjust Roots
[139.085s][info][gc,phases      ] GC(314) Adjust Roots 0.178ms
[139.085s][info][gc,phases,start] GC(314) Compaction Phase
[139.796s][info][gc,phases      ] GC(314) Compaction Phase 710.913ms
[139.796s][info][gc,phases,start] GC(314) Post Compact
[139.808s][info][gc,phases      ] GC(314) Post Compact 12.066ms
[139.808s][info][gc,heap        ] GC(314) PSYoungGen: 210497K(410112K)->210497K(410112K) Eden: 100863K(100864K)->100863K(100864K) From: 109633K(309248K)->109633K(309248K)
[139.808s][info][gc,heap        ] GC(314) ParOldGen: 7782082K(7782400K)->7782082K(7782400K)
[139.808s][info][gc,metaspace   ] GC(314) Metaspace: 6299K(6464K)->6299K(6464K) NonClass: 5765K(5824K)->5765K(5824K) Class: 533K(640K)->533K(640K)
[139.808s][info][gc             ] GC(314) Pause Full (Ergonomics) 7805M->7805M(8000M) 2606.732ms
[139.808s][info][gc,cpu         ] GC(314) User=19.00s Sys=0.00s Real=2.61s
[139.809s][info][gc,start       ] GC(315) Pause Full (Ergonomics)
[139.809s][info][gc,phases,start] GC(315) Marking Phase
[141.670s][info][gc,phases      ] GC(315) Marking Phase 1861.582ms
[141.670s][info][gc,phases,start] GC(315) Summary Phase
[141.670s][info][gc,phases      ] GC(315) Summary Phase 0.090ms
[141.670s][info][gc,phases,start] GC(315) Adjust Roots
[141.671s][info][gc,phases      ] GC(315) Adjust Roots 0.169ms
[141.671s][info][gc,phases,start] GC(315) Compaction Phase
[142.387s][info][gc,phases      ] GC(315) Compaction Phase 716.823ms
[142.388s][info][gc,phases,start] GC(315) Post Compact
[142.400s][info][gc,phases      ] GC(315) Post Compact 12.057ms
[142.400s][info][gc,heap        ] GC(315) PSYoungGen: 210497K(410112K)->210497K(410112K) Eden: 100863K(100864K)->100863K(100864K) From: 109633K(309248K)->109633K(309248K)
[142.400s][info][gc,heap        ] GC(315) ParOldGen: 7782087K(7782400K)->7782087K(7782400K)
[142.400s][info][gc,metaspace   ] GC(315) Metaspace: 6299K(6464K)->6299K(6464K) NonClass: 5765K(5824K)->5765K(5824K) Class: 533K(640K)->533K(640K)
[142.400s][info][gc             ] GC(315) Pause Full (Ergonomics) 7805M->7805M(8000M) 2591.059ms
[142.400s][info][gc,cpu         ] GC(315) User=18.92s Sys=0.02s Real=2.59s
[142.400s][info][gc,start       ] GC(316) Pause Full (Ergonomics)
[142.400s][info][gc,phases,start] GC(316) Marking Phase
[144.285s][info][gc,phases      ] GC(316) Marking Phase 1885.286ms
[144.285s][info][gc,phases,start] GC(316) Summary Phase
[144.285s][info][gc,phases      ] GC(316) Summary Phase 0.077ms
[144.285s][info][gc,phases,start] GC(316) Adjust Roots
[144.286s][info][gc,phases      ] GC(316) Adjust Roots 0.163ms
[144.286s][info][gc,phases,start] GC(316) Compaction Phase
[144.958s][info][gc,phases      ] GC(316) Compaction Phase 672.864ms
[144.959s][info][gc,phases,start] GC(316) Post Compact
[144.971s][info][gc,phases      ] GC(316) Post Compact 12.432ms
[144.971s][info][gc,heap        ] GC(316) PSYoungGen: 210497K(410112K)->210497K(410112K) Eden: 100863K(100864K)->100863K(100864K) From: 109633K(309248K)->109633K(309248K)
[144.971s][info][gc,heap        ] GC(316) ParOldGen: 7782092K(7782400K)->7782092K(7782400K)
[144.971s][info][gc,metaspace   ] GC(316) Metaspace: 6299K(6464K)->6299K(6464K) NonClass: 5765K(5824K)->5765K(5824K) Class: 533K(640K)->533K(640K)
[144.971s][info][gc             ] GC(316) Pause Full (Ergonomics) 7805M->7805M(8000M) 2571.173ms
[144.971s][info][gc,cpu         ] GC(316) User=19.02s Sys=0.00s Real=2.57s
[144.971s][info][gc,start       ] GC(317) Pause Full (Ergonomics)
[144.971s][info][gc,phases,start] GC(317) Marking Phase
[146.861s][info][gc,phases      ] GC(317) Marking Phase 1889.622ms
[146.861s][info][gc,phases,start] GC(317) Summary Phase
[146.861s][info][gc,phases      ] GC(317) Summary Phase 0.106ms
[146.861s][info][gc,phases,start] GC(317) Adjust Roots
[146.861s][info][gc,phases      ] GC(317) Adjust Roots 0.256ms
[146.861s][info][gc,phases,start] GC(317) Compaction Phase
[147.562s][info][gc,phases      ] GC(317) Compaction Phase 700.904ms
[147.562s][info][gc,phases,start] GC(317) Post Compact
[147.575s][info][gc,phases      ] GC(317) Post Compact 12.047ms
[147.575s][info][gc,heap        ] GC(317) PSYoungGen: 210497K(410112K)->210497K(410112K) Eden: 100863K(100864K)->100863K(100864K) From: 109633K(309248K)->109633K(309248K)
[147.575s][info][gc,heap        ] GC(317) ParOldGen: 7782097K(7782400K)->7782097K(7782400K)
[147.575s][info][gc,metaspace   ] GC(317) Metaspace: 6299K(6464K)->6299K(6464K) NonClass: 5765K(5824K)->5765K(5824K) Class: 533K(640K)->533K(640K)
[147.575s][info][gc             ] GC(317) Pause Full (Ergonomics) 7805M->7805M(8000M) 2603.295ms
[147.575s][info][gc,cpu         ] GC(317) User=18.91s Sys=0.00s Real=2.60s
[147.575s][info][gc,start       ] GC(318) Pause Full (Ergonomics)
[147.575s][info][gc,phases,start] GC(318) Marking Phase
[149.416s][info][gc,phases      ] GC(318) Marking Phase 1841.550ms
[149.416s][info][gc,phases,start] GC(318) Summary Phase
[149.417s][info][gc,phases      ] GC(318) Summary Phase 0.082ms
[149.417s][info][gc,phases,start] GC(318) Adjust Roots
[149.417s][info][gc,phases      ] GC(318) Adjust Roots 0.186ms
[149.417s][info][gc,phases,start] GC(318) Compaction Phase
[150.082s][info][gc,phases      ] GC(318) Compaction Phase 664.850ms
[150.082s][info][gc,phases,start] GC(318) Post Compact
[150.094s][info][gc,phases      ] GC(318) Post Compact 11.943ms
[150.094s][info][gc,heap        ] GC(318) PSYoungGen: 210497K(410112K)->210497K(410112K) Eden: 100863K(100864K)->100863K(100864K) From: 109633K(309248K)->109633K(309248K)
[150.094s][info][gc,heap        ] GC(318) ParOldGen: 7782101K(7782400K)->7782101K(7782400K)
[150.094s][info][gc,metaspace   ] GC(318) Metaspace: 6299K(6464K)->6299K(6464K) NonClass: 5765K(5824K)->5765K(5824K) Class: 533K(640K)->533K(640K)
[150.094s][info][gc             ] GC(318) Pause Full (Ergonomics) 7805M->7805M(8000M) 2518.939ms
[150.094s][info][gc,cpu         ] GC(318) User=18.44s Sys=0.00s Real=2.52s
[150.094s][info][gc,start       ] GC(319) Pause Full (Ergonomics)
[150.094s][info][gc,phases,start] GC(319) Marking Phase
[151.940s][info][gc,phases      ] GC(319) Marking Phase 1845.979ms
[151.940s][info][gc,phases,start] GC(319) Summary Phase
[151.940s][info][gc,phases      ] GC(319) Summary Phase 0.077ms
[151.940s][info][gc,phases,start] GC(319) Adjust Roots
[151.940s][info][gc,phases      ] GC(319) Adjust Roots 0.159ms
[151.940s][info][gc,phases,start] GC(319) Compaction Phase
[152.607s][info][gc,phases      ] GC(319) Compaction Phase 667.124ms
[152.608s][info][gc,phases,start] GC(319) Post Compact
[152.620s][info][gc,phases      ] GC(319) Post Compact 12.019ms
[152.620s][info][gc,heap        ] GC(319) PSYoungGen: 210497K(410112K)->210497K(410112K) Eden: 100863K(100864K)->100863K(100864K) From: 109633K(309248K)->109633K(309248K)
[152.620s][info][gc,heap        ] GC(319) ParOldGen: 7782106K(7782400K)->7782106K(7782400K)
[152.620s][info][gc,metaspace   ] GC(319) Metaspace: 6299K(6464K)->6299K(6464K) NonClass: 5765K(5824K)->5765K(5824K) Class: 533K(640K)->533K(640K)
[152.620s][info][gc             ] GC(319) Pause Full (Ergonomics) 7805M->7805M(8000M) 2525.697ms
[152.620s][info][gc,cpu         ] GC(319) User=18.73s Sys=0.02s Real=2.53s
[152.620s][info][gc,start       ] GC(320) Pause Full (Ergonomics)
[152.620s][info][gc,phases,start] GC(320) Marking Phase
[154.453s][info][gc,phases      ] GC(320) Marking Phase 1833.474ms
[154.453s][info][gc,phases,start] GC(320) Summary Phase
[154.454s][info][gc,phases      ] GC(320) Summary Phase 0.078ms
[154.454s][info][gc,phases,start] GC(320) Adjust Roots
[154.454s][info][gc,phases      ] GC(320) Adjust Roots 0.165ms
[154.454s][info][gc,phases,start] GC(320) Compaction Phase
[155.103s][info][gc,phases      ] GC(320) Compaction Phase 648.878ms
[155.103s][info][gc,phases,start] GC(320) Post Compact
[155.115s][info][gc,phases      ] GC(320) Post Compact 12.013ms
[155.115s][info][gc,heap        ] GC(320) PSYoungGen: 210497K(410112K)->210497K(410112K) Eden: 100863K(100864K)->100863K(100864K) From: 109633K(309248K)->109633K(309248K)
[155.115s][info][gc,heap        ] GC(320) ParOldGen: 7782111K(7782400K)->7782111K(7782400K)
[155.115s][info][gc,metaspace   ] GC(320) Metaspace: 6299K(6464K)->6299K(6464K) NonClass: 5765K(5824K)->5765K(5824K) Class: 533K(640K)->533K(640K)
[155.115s][info][gc             ] GC(320) Pause Full (Ergonomics) 7805M->7805M(8000M) 2494.946ms
[155.115s][info][gc,cpu         ] GC(320) User=18.42s Sys=0.02s Real=2.49s
[155.115s][info][gc,start       ] GC(321) Pause Full (Ergonomics)
[155.115s][info][gc,phases,start] GC(321) Marking Phase
[156.960s][info][gc,phases      ] GC(321) Marking Phase 1845.347ms
[156.961s][info][gc,phases,start] GC(321) Summary Phase
[156.961s][info][gc,phases      ] GC(321) Summary Phase 0.079ms
[156.961s][info][gc,phases,start] GC(321) Adjust Roots
[156.961s][info][gc,phases      ] GC(321) Adjust Roots 0.227ms
[156.961s][info][gc,phases,start] GC(321) Compaction Phase
[157.615s][info][gc,phases      ] GC(321) Compaction Phase 654.458ms
[157.615s][info][gc,phases,start] GC(321) Post Compact
[157.627s][info][gc,phases      ] GC(321) Post Compact 12.005ms
[157.627s][info][gc,heap        ] GC(321) PSYoungGen: 210497K(410112K)->210497K(410112K) Eden: 100863K(100864K)->100863K(100864K) From: 109633K(309248K)->109633K(309248K)
[157.628s][info][gc,heap        ] GC(321) ParOldGen: 7782116K(7782400K)->7782116K(7782400K)
[157.628s][info][gc,metaspace   ] GC(321) Metaspace: 6299K(6464K)->6299K(6464K) NonClass: 5765K(5824K)->5765K(5824K) Class: 533K(640K)->533K(640K)
[157.628s][info][gc             ] GC(321) Pause Full (Ergonomics) 7805M->7805M(8000M) 2512.472ms
[157.628s][info][gc,cpu         ] GC(321) User=18.58s Sys=0.02s Real=2.51s
[157.628s][info][gc,start       ] GC(322) Pause Full (Ergonomics)
[157.628s][info][gc,phases,start] GC(322) Marking Phase
[159.490s][info][gc,phases      ] GC(322) Marking Phase 1862.382ms
[159.490s][info][gc,phases,start] GC(322) Summary Phase
[159.490s][info][gc,phases      ] GC(322) Summary Phase 0.101ms
[159.490s][info][gc,phases,start] GC(322) Adjust Roots
[159.491s][info][gc,phases      ] GC(322) Adjust Roots 0.234ms
[159.491s][info][gc,phases,start] GC(322) Compaction Phase
[160.169s][info][gc,phases      ] GC(322) Compaction Phase 678.819ms
[160.170s][info][gc,phases,start] GC(322) Post Compact
[160.181s][info][gc,phases      ] GC(322) Post Compact 11.887ms
[160.182s][info][gc,heap        ] GC(322) PSYoungGen: 210497K(410112K)->210497K(410112K) Eden: 100863K(100864K)->100863K(100864K) From: 109633K(309248K)->109633K(309248K)
[160.182s][info][gc,heap        ] GC(322) ParOldGen: 7782121K(7782400K)->7782121K(7782400K)
[160.182s][info][gc,metaspace   ] GC(322) Metaspace: 6299K(6464K)->6299K(6464K) NonClass: 5765K(5824K)->5765K(5824K) Class: 533K(640K)->533K(640K)
[160.182s][info][gc             ] GC(322) Pause Full (Ergonomics) 7805M->7805M(8000M) 2553.814ms
[160.182s][info][gc,cpu         ] GC(322) User=18.73s Sys=0.00s Real=2.55s
[160.182s][info][gc,start       ] GC(323) Pause Full (Ergonomics)
[160.182s][info][gc,phases,start] GC(323) Marking Phase
[162.033s][info][gc,phases      ] GC(323) Marking Phase 1850.997ms
[162.033s][info][gc,phases,start] GC(323) Summary Phase
[162.033s][info][gc,phases      ] GC(323) Summary Phase 0.077ms
[162.033s][info][gc,phases,start] GC(323) Adjust Roots
[162.033s][info][gc,phases      ] GC(323) Adjust Roots 0.166ms
[162.033s][info][gc,phases,start] GC(323) Compaction Phase
[162.696s][info][gc,phases      ] GC(323) Compaction Phase 662.614ms
[162.696s][info][gc,phases,start] GC(323) Post Compact
[162.708s][info][gc,phases      ] GC(323) Post Compact 11.982ms
[162.708s][info][gc,heap        ] GC(323) PSYoungGen: 210497K(410112K)->210497K(410112K) Eden: 100863K(100864K)->100863K(100864K) From: 109633K(309248K)->109633K(309248K)
[162.708s][info][gc,heap        ] GC(323) ParOldGen: 7782126K(7782400K)->7782126K(7782400K)
[162.708s][info][gc,metaspace   ] GC(323) Metaspace: 6299K(6464K)->6299K(6464K) NonClass: 5765K(5824K)->5765K(5824K) Class: 533K(640K)->533K(640K)
[162.708s][info][gc             ] GC(323) Pause Full (Ergonomics) 7805M->7805M(8000M) 2526.210ms
[162.708s][info][gc,cpu         ] GC(323) User=18.47s Sys=0.02s Real=2.53s
[162.708s][info][gc,start       ] GC(324) Pause Full (Ergonomics)
[162.708s][info][gc,phases,start] GC(324) Marking Phase
[164.558s][info][gc,phases      ] GC(324) Marking Phase 1849.866ms
[164.558s][info][gc,phases,start] GC(324) Summary Phase
[164.558s][info][gc,phases      ] GC(324) Summary Phase 0.077ms
[164.558s][info][gc,phases,start] GC(324) Adjust Roots
[164.558s][info][gc,phases      ] GC(324) Adjust Roots 0.186ms
[164.559s][info][gc,phases,start] GC(324) Compaction Phase
[165.205s][info][gc,phases      ] GC(324) Compaction Phase 646.603ms
[165.205s][info][gc,phases,start] GC(324) Post Compact
[165.217s][info][gc,phases      ] GC(324) Post Compact 11.999ms
[165.217s][info][gc,heap        ] GC(324) PSYoungGen: 210497K(410112K)->210497K(410112K) Eden: 100863K(100864K)->100863K(100864K) From: 109633K(309248K)->109633K(309248K)
[165.217s][info][gc,heap        ] GC(324) ParOldGen: 7782130K(7782400K)->7782130K(7782400K)
[165.217s][info][gc,metaspace   ] GC(324) Metaspace: 6299K(6464K)->6299K(6464K) NonClass: 5765K(5824K)->5765K(5824K) Class: 533K(640K)->533K(640K)
[165.217s][info][gc             ] GC(324) Pause Full (Ergonomics) 7805M->7805M(8000M) 2509.206ms
[165.217s][info][gc,cpu         ] GC(324) User=18.38s Sys=0.00s Real=2.51s
[165.218s][info][gc,start       ] GC(325) Pause Full (Ergonomics)
[165.218s][info][gc,phases,start] GC(325) Marking Phase
[167.038s][info][gc,phases      ] GC(325) Marking Phase 1820.240ms
[167.038s][info][gc,phases,start] GC(325) Summary Phase
[167.038s][info][gc,phases      ] GC(325) Summary Phase 0.084ms
[167.038s][info][gc,phases,start] GC(325) Adjust Roots
[167.038s][info][gc,phases      ] GC(325) Adjust Roots 0.166ms
[167.038s][info][gc,phases,start] GC(325) Compaction Phase
[167.671s][info][gc,phases      ] GC(325) Compaction Phase 632.567ms
[167.671s][info][gc,phases,start] GC(325) Post Compact
[167.683s][info][gc,phases      ] GC(325) Post Compact 12.045ms
[167.683s][info][gc,heap        ] GC(325) PSYoungGen: 210497K(410112K)->210497K(410112K) Eden: 100863K(100864K)->100863K(100864K) From: 109633K(309248K)->109633K(309248K)
[167.683s][info][gc,heap        ] GC(325) ParOldGen: 7782135K(7782400K)->7782135K(7782400K)
[167.683s][info][gc,metaspace   ] GC(325) Metaspace: 6299K(6464K)->6299K(6464K) NonClass: 5765K(5824K)->5765K(5824K) Class: 533K(640K)->533K(640K)
[167.683s][info][gc             ] GC(325) Pause Full (Ergonomics) 7805M->7805M(8000M) 2465.432ms
[167.683s][info][gc,cpu         ] GC(325) User=18.14s Sys=0.02s Real=2.47s
[167.683s][info][gc,start       ] GC(326) Pause Full (Ergonomics)
[167.683s][info][gc,phases,start] GC(326) Marking Phase
[169.523s][info][gc,phases      ] GC(326) Marking Phase 1839.411ms
[169.523s][info][gc,phases,start] GC(326) Summary Phase
[169.523s][info][gc,phases      ] GC(326) Summary Phase 0.117ms
[169.523s][info][gc,phases,start] GC(326) Adjust Roots
[169.523s][info][gc,phases      ] GC(326) Adjust Roots 0.240ms
[169.523s][info][gc,phases,start] GC(326) Compaction Phase
[170.148s][info][gc,phases      ] GC(326) Compaction Phase 624.569ms
[170.148s][info][gc,phases,start] GC(326) Post Compact
[170.160s][info][gc,phases      ] GC(326) Post Compact 11.899ms
[170.160s][info][gc,heap        ] GC(326) PSYoungGen: 210497K(410112K)->210497K(410112K) Eden: 100863K(100864K)->100863K(100864K) From: 109633K(309248K)->109633K(309248K)
[170.160s][info][gc,heap        ] GC(326) ParOldGen: 7782140K(7782400K)->7782140K(7782400K)
[170.160s][info][gc,metaspace   ] GC(326) Metaspace: 6299K(6464K)->6299K(6464K) NonClass: 5765K(5824K)->5765K(5824K) Class: 533K(640K)->533K(640K)
[170.160s][info][gc             ] GC(326) Pause Full (Ergonomics) 7805M->7805M(8000M) 2476.608ms
[170.160s][info][gc,cpu         ] GC(326) User=18.23s Sys=0.00s Real=2.48s
[170.160s][info][gc,start       ] GC(327) Pause Full (Ergonomics)
[170.160s][info][gc,phases,start] GC(327) Marking Phase
[171.995s][info][gc,phases      ] GC(327) Marking Phase 1834.651ms
[171.995s][info][gc,phases,start] GC(327) Summary Phase
[171.995s][info][gc,phases      ] GC(327) Summary Phase 0.077ms
[171.995s][info][gc,phases,start] GC(327) Adjust Roots
[171.995s][info][gc,phases      ] GC(327) Adjust Roots 0.169ms
[171.995s][info][gc,phases,start] GC(327) Compaction Phase
[172.606s][info][gc,phases      ] GC(327) Compaction Phase 611.082ms
[172.606s][info][gc,phases,start] GC(327) Post Compact
[172.619s][info][gc,phases      ] GC(327) Post Compact 12.361ms
[172.619s][info][gc,heap        ] GC(327) PSYoungGen: 210497K(410112K)->210497K(410112K) Eden: 100863K(100864K)->100863K(100864K) From: 109633K(309248K)->109633K(309248K)
[172.619s][info][gc,heap        ] GC(327) ParOldGen: 7782145K(7782400K)->7782145K(7782400K)
[172.619s][info][gc,metaspace   ] GC(327) Metaspace: 6299K(6464K)->6299K(6464K) NonClass: 5765K(5824K)->5765K(5824K) Class: 533K(640K)->533K(640K)
[172.619s][info][gc             ] GC(327) Pause Full (Ergonomics) 7805M->7805M(8000M) 2458.697ms
[172.619s][info][gc,cpu         ] GC(327) User=17.97s Sys=0.00s Real=2.46s
[172.619s][info][gc,start       ] GC(328) Pause Full (Ergonomics)
[172.619s][info][gc,phases,start] GC(328) Marking Phase
[174.430s][info][gc,phases      ] GC(328) Marking Phase 1810.346ms
[174.430s][info][gc,phases,start] GC(328) Summary Phase
[174.430s][info][gc,phases      ] GC(328) Summary Phase 0.078ms
[174.430s][info][gc,phases,start] GC(328) Adjust Roots
[174.430s][info][gc,phases      ] GC(328) Adjust Roots 0.158ms
[174.430s][info][gc,phases,start] GC(328) Compaction Phase
[175.033s][info][gc,phases      ] GC(328) Compaction Phase 603.305ms
[175.033s][info][gc,phases,start] GC(328) Post Compact
[175.045s][info][gc,phases      ] GC(328) Post Compact 11.962ms
[175.045s][info][gc,heap        ] GC(328) PSYoungGen: 210497K(410112K)->210497K(410112K) Eden: 100863K(100864K)->100863K(100864K) From: 109633K(309248K)->109633K(309248K)
[175.045s][info][gc,heap        ] GC(328) ParOldGen: 7782150K(7782400K)->7782150K(7782400K)
[175.045s][info][gc,metaspace   ] GC(328) Metaspace: 6299K(6464K)->6299K(6464K) NonClass: 5765K(5824K)->5765K(5824K) Class: 533K(640K)->533K(640K)
[175.045s][info][gc             ] GC(328) Pause Full (Ergonomics) 7805M->7805M(8000M) 2426.293ms
[175.045s][info][gc,cpu         ] GC(328) User=18.02s Sys=0.00s Real=2.43s
[175.046s][info][gc,start       ] GC(329) Pause Full (Ergonomics)
[175.046s][info][gc,phases,start] GC(329) Marking Phase
[176.882s][info][gc,phases      ] GC(329) Marking Phase 1836.397ms
[176.882s][info][gc,phases,start] GC(329) Summary Phase
[176.882s][info][gc,phases      ] GC(329) Summary Phase 0.076ms
[176.882s][info][gc,phases,start] GC(329) Adjust Roots
[176.882s][info][gc,phases      ] GC(329) Adjust Roots 0.165ms
[176.882s][info][gc,phases,start] GC(329) Compaction Phase
[177.454s][info][gc,phases      ] GC(329) Compaction Phase 571.321ms
[177.454s][info][gc,phases,start] GC(329) Post Compact
[177.466s][info][gc,phases      ] GC(329) Post Compact 12.023ms
[177.466s][info][gc,heap        ] GC(329) PSYoungGen: 210497K(410112K)->210497K(410112K) Eden: 100863K(100864K)->100863K(100864K) From: 109633K(309248K)->109633K(309248K)
[177.466s][info][gc,heap        ] GC(329) ParOldGen: 7782155K(7782400K)->7782155K(7782400K)
[177.466s][info][gc,metaspace   ] GC(329) Metaspace: 6299K(6464K)->6299K(6464K) NonClass: 5765K(5824K)->5765K(5824K) Class: 533K(640K)->533K(640K)
[177.466s][info][gc             ] GC(329) Pause Full (Ergonomics) 7805M->7805M(8000M) 2420.331ms
[177.466s][info][gc,cpu         ] GC(329) User=18.12s Sys=0.00s Real=2.42s
[177.466s][info][gc,start       ] GC(330) Pause Full (Ergonomics)
[177.466s][info][gc,phases,start] GC(330) Marking Phase
[179.281s][info][gc,phases      ] GC(330) Marking Phase 1814.538ms
[179.281s][info][gc,phases,start] GC(330) Summary Phase
[179.281s][info][gc,phases      ] GC(330) Summary Phase 0.078ms
[179.281s][info][gc,phases,start] GC(330) Adjust Roots
[179.281s][info][gc,phases      ] GC(330) Adjust Roots 0.166ms
[179.281s][info][gc,phases,start] GC(330) Compaction Phase
[179.849s][info][gc,phases      ] GC(330) Compaction Phase 567.745ms
[179.849s][info][gc,phases,start] GC(330) Post Compact
[179.861s][info][gc,phases      ] GC(330) Post Compact 12.045ms
[179.861s][info][gc,heap        ] GC(330) PSYoungGen: 210497K(410112K)->210497K(410112K) Eden: 100863K(100864K)->100863K(100864K) From: 109633K(309248K)->109633K(309248K)
[179.861s][info][gc,heap        ] GC(330) ParOldGen: 7782159K(7782400K)->7782159K(7782400K)
[179.861s][info][gc,metaspace   ] GC(330) Metaspace: 6299K(6464K)->6299K(6464K) NonClass: 5765K(5824K)->5765K(5824K) Class: 533K(640K)->533K(640K)
[179.861s][info][gc             ] GC(330) Pause Full (Ergonomics) 7805M->7805M(8000M) 2394.911ms
[179.861s][info][gc,cpu         ] GC(330) User=17.94s Sys=0.00s Real=2.39s
[179.861s][info][gc,start       ] GC(331) Pause Full (Ergonomics)
[179.861s][info][gc,phases,start] GC(331) Marking Phase
[181.684s][info][gc,phases      ] GC(331) Marking Phase 1822.596ms
[181.684s][info][gc,phases,start] GC(331) Summary Phase
[181.684s][info][gc,phases      ] GC(331) Summary Phase 0.079ms
[181.684s][info][gc,phases,start] GC(331) Adjust Roots
[181.684s][info][gc,phases      ] GC(331) Adjust Roots 0.236ms
[181.684s][info][gc,phases,start] GC(331) Compaction Phase
[182.249s][info][gc,phases      ] GC(331) Compaction Phase 564.458ms
[182.249s][info][gc,phases,start] GC(331) Post Compact
[182.261s][info][gc,phases      ] GC(331) Post Compact 12.055ms
[182.261s][info][gc,heap        ] GC(331) PSYoungGen: 210497K(410112K)->210497K(410112K) Eden: 100863K(100864K)->100863K(100864K) From: 109633K(309248K)->109633K(309248K)
[182.261s][info][gc,heap        ] GC(331) ParOldGen: 7782164K(7782400K)->7782164K(7782400K)
[182.261s][info][gc,metaspace   ] GC(331) Metaspace: 6299K(6464K)->6299K(6464K) NonClass: 5765K(5824K)->5765K(5824K) Class: 533K(640K)->533K(640K)
[182.261s][info][gc             ] GC(331) Pause Full (Ergonomics) 7805M->7805M(8000M) 2399.755ms
[182.261s][info][gc,cpu         ] GC(331) User=17.89s Sys=0.00s Real=2.40s
[182.261s][info][gc,start       ] GC(332) Pause Full (Ergonomics)
[182.261s][info][gc,phases,start] GC(332) Marking Phase
[184.071s][info][gc,phases      ] GC(332) Marking Phase 1810.061ms
[184.071s][info][gc,phases,start] GC(332) Summary Phase
[184.071s][info][gc,phases      ] GC(332) Summary Phase 0.078ms
[184.072s][info][gc,phases,start] GC(332) Adjust Roots
[184.072s][info][gc,phases      ] GC(332) Adjust Roots 0.171ms
[184.072s][info][gc,phases,start] GC(332) Compaction Phase
[184.642s][info][gc,phases      ] GC(332) Compaction Phase 570.114ms
[184.642s][info][gc,phases,start] GC(332) Post Compact
[184.654s][info][gc,phases      ] GC(332) Post Compact 12.031ms
[184.654s][info][gc,heap        ] GC(332) PSYoungGen: 210497K(410112K)->210497K(410112K) Eden: 100863K(100864K)->100863K(100864K) From: 109633K(309248K)->109633K(309248K)
[184.654s][info][gc,heap        ] GC(332) ParOldGen: 7782169K(7782400K)->7782169K(7782400K)
[184.654s][info][gc,metaspace   ] GC(332) Metaspace: 6299K(6464K)->6299K(6464K) NonClass: 5765K(5824K)->5765K(5824K) Class: 533K(640K)->533K(640K)
[184.654s][info][gc             ] GC(332) Pause Full (Ergonomics) 7805M->7805M(8000M) 2392.818ms
[184.654s][info][gc,cpu         ] GC(332) User=17.69s Sys=0.00s Real=2.39s
[184.654s][info][gc,start       ] GC(333) Pause Full (Ergonomics)
[184.654s][info][gc,phases,start] GC(333) Marking Phase
[186.482s][info][gc,phases      ] GC(333) Marking Phase 1827.466ms
[186.482s][info][gc,phases,start] GC(333) Summary Phase
[186.482s][info][gc,phases      ] GC(333) Summary Phase 0.080ms
[186.482s][info][gc,phases,start] GC(333) Adjust Roots
[186.482s][info][gc,phases      ] GC(333) Adjust Roots 0.166ms
[186.482s][info][gc,phases,start] GC(333) Compaction Phase
[187.052s][info][gc,phases      ] GC(333) Compaction Phase 570.110ms
[187.052s][info][gc,phases,start] GC(333) Post Compact
[187.064s][info][gc,phases      ] GC(333) Post Compact 11.856ms
[187.064s][info][gc,heap        ] GC(333) PSYoungGen: 210497K(410112K)->210497K(410112K) Eden: 100863K(100864K)->100863K(100864K) From: 109633K(309248K)->109633K(309248K)
[187.064s][info][gc,heap        ] GC(333) ParOldGen: 7782174K(7782400K)->7782174K(7782400K)
[187.064s][info][gc,metaspace   ] GC(333) Metaspace: 6299K(6464K)->6299K(6464K) NonClass: 5765K(5824K)->5765K(5824K) Class: 533K(640K)->533K(640K)
[187.064s][info][gc             ] GC(333) Pause Full (Ergonomics) 7805M->7805M(8000M) 2410.029ms
[187.064s][info][gc,cpu         ] GC(333) User=17.95s Sys=0.00s Real=2.41s
[187.065s][info][gc,start       ] GC(334) Pause Full (Ergonomics)
[187.065s][info][gc,phases,start] GC(334) Marking Phase
[188.857s][info][gc,phases      ] GC(334) Marking Phase 1792.381ms
[188.857s][info][gc,phases,start] GC(334) Summary Phase
[188.857s][info][gc,phases      ] GC(334) Summary Phase 0.082ms
[188.857s][info][gc,phases,start] GC(334) Adjust Roots
[188.857s][info][gc,phases      ] GC(334) Adjust Roots 0.192ms
[188.857s][info][gc,phases,start] GC(334) Compaction Phase
[189.436s][info][gc,phases      ] GC(334) Compaction Phase 578.277ms
[189.436s][info][gc,phases,start] GC(334) Post Compact
[189.448s][info][gc,phases      ] GC(334) Post Compact 12.108ms
[189.448s][info][gc,heap        ] GC(334) PSYoungGen: 210497K(410112K)->210497K(410112K) Eden: 100863K(100864K)->100863K(100864K) From: 109633K(309248K)->109633K(309248K)
[189.448s][info][gc,heap        ] GC(334) ParOldGen: 7782179K(7782400K)->7782179K(7782400K)
[189.448s][info][gc,metaspace   ] GC(334) Metaspace: 6299K(6464K)->6299K(6464K) NonClass: 5765K(5824K)->5765K(5824K) Class: 533K(640K)->533K(640K)
[189.448s][info][gc             ] GC(334) Pause Full (Ergonomics) 7805M->7805M(8000M) 2383.412ms
[189.448s][info][gc,cpu         ] GC(334) User=17.67s Sys=0.00s Real=2.38s
[189.448s][info][gc,start       ] GC(335) Pause Full (Ergonomics)
[189.448s][info][gc,phases,start] GC(335) Marking Phase
[191.258s][info][gc,phases      ] GC(335) Marking Phase 1809.446ms
[191.258s][info][gc,phases,start] GC(335) Summary Phase
[191.258s][info][gc,phases      ] GC(335) Summary Phase 0.122ms
[191.258s][info][gc,phases,start] GC(335) Adjust Roots
[191.258s][info][gc,phases      ] GC(335) Adjust Roots 0.165ms
[191.258s][info][gc,phases,start] GC(335) Compaction Phase
[191.835s][info][gc,phases      ] GC(335) Compaction Phase 576.704ms
[191.835s][info][gc,phases,start] GC(335) Post Compact
[191.847s][info][gc,phases      ] GC(335) Post Compact 12.022ms
[191.847s][info][gc,heap        ] GC(335) PSYoungGen: 210497K(410112K)->210497K(410112K) Eden: 100863K(100864K)->100863K(100864K) From: 109633K(309248K)->109633K(309248K)
[191.847s][info][gc,heap        ] GC(335) ParOldGen: 7782184K(7782400K)->7782184K(7782400K)
[191.847s][info][gc,metaspace   ] GC(335) Metaspace: 6299K(6464K)->6299K(6464K) NonClass: 5765K(5824K)->5765K(5824K) Class: 533K(640K)->533K(640K)
[191.847s][info][gc             ] GC(335) Pause Full (Ergonomics) 7805M->7805M(8000M) 2398.789ms
[191.847s][info][gc,cpu         ] GC(335) User=17.84s Sys=0.00s Real=2.40s
[191.847s][info][gc,start       ] GC(336) Pause Full (Ergonomics)
[191.847s][info][gc,phases,start] GC(336) Marking Phase
[193.660s][info][gc,phases      ] GC(336) Marking Phase 1812.511ms
[193.660s][info][gc,phases,start] GC(336) Summary Phase
[193.660s][info][gc,phases      ] GC(336) Summary Phase 0.079ms
[193.660s][info][gc,phases,start] GC(336) Adjust Roots
[193.660s][info][gc,phases      ] GC(336) Adjust Roots 0.171ms
[193.660s][info][gc,phases,start] GC(336) Compaction Phase
[194.240s][info][gc,phases      ] GC(336) Compaction Phase 580.333ms
[194.240s][info][gc,phases,start] GC(336) Post Compact
[194.252s][info][gc,phases      ] GC(336) Post Compact 11.868ms
[194.252s][info][gc,heap        ] GC(336) PSYoungGen: 210497K(410112K)->210497K(410112K) Eden: 100863K(100864K)->100863K(100864K) From: 109633K(309248K)->109633K(309248K)
[194.252s][info][gc,heap        ] GC(336) ParOldGen: 7782188K(7782400K)->7782188K(7782400K)
[194.252s][info][gc,metaspace   ] GC(336) Metaspace: 6299K(6464K)->6299K(6464K) NonClass: 5765K(5824K)->5765K(5824K) Class: 533K(640K)->533K(640K)
[194.252s][info][gc             ] GC(336) Pause Full (Ergonomics) 7805M->7805M(8000M) 2405.291ms
[194.252s][info][gc,cpu         ] GC(336) User=17.94s Sys=0.00s Real=2.41s
[194.253s][info][gc,start       ] GC(337) Pause Full (Ergonomics)
[194.253s][info][gc,phases,start] GC(337) Marking Phase
[196.087s][info][gc,phases      ] GC(337) Marking Phase 1834.042ms
[196.087s][info][gc,phases,start] GC(337) Summary Phase
[196.087s][info][gc,phases      ] GC(337) Summary Phase 0.102ms
[196.087s][info][gc,phases,start] GC(337) Adjust Roots
[196.087s][info][gc,phases      ] GC(337) Adjust Roots 0.223ms
[196.087s][info][gc,phases,start] GC(337) Compaction Phase
[196.651s][info][gc,phases      ] GC(337) Compaction Phase 563.680ms
[196.651s][info][gc,phases,start] GC(337) Post Compact
[196.663s][info][gc,phases      ] GC(337) Post Compact 11.963ms
[196.663s][info][gc,heap        ] GC(337) PSYoungGen: 210497K(410112K)->210497K(410112K) Eden: 100863K(100864K)->100863K(100864K) From: 109633K(309248K)->109633K(309248K)
[196.663s][info][gc,heap        ] GC(337) ParOldGen: 7782193K(7782400K)->7782193K(7782400K)
[196.663s][info][gc,metaspace   ] GC(337) Metaspace: 6299K(6464K)->6299K(6464K) NonClass: 5765K(5824K)->5765K(5824K) Class: 533K(640K)->533K(640K)
[196.663s][info][gc             ] GC(337) Pause Full (Ergonomics) 7805M->7805M(8000M) 2410.523ms
[196.663s][info][gc,cpu         ] GC(337) User=17.97s Sys=0.00s Real=2.41s
[196.663s][info][gc,start       ] GC(338) Pause Full (Ergonomics)
[196.663s][info][gc,phases,start] GC(338) Marking Phase
[198.489s][info][gc,phases      ] GC(338) Marking Phase 1825.447ms
[198.489s][info][gc,phases,start] GC(338) Summary Phase
[198.489s][info][gc,phases      ] GC(338) Summary Phase 0.115ms
[198.489s][info][gc,phases,start] GC(338) Adjust Roots
[198.489s][info][gc,phases      ] GC(338) Adjust Roots 0.239ms
[198.489s][info][gc,phases,start] GC(338) Compaction Phase
[199.051s][info][gc,phases      ] GC(338) Compaction Phase 561.434ms
[199.051s][info][gc,phases,start] GC(338) Post Compact
[199.063s][info][gc,phases      ] GC(338) Post Compact 12.007ms
[199.063s][info][gc,heap        ] GC(338) PSYoungGen: 210497K(410112K)->210497K(410112K) Eden: 100863K(100864K)->100863K(100864K) From: 109633K(309248K)->109633K(309248K)
[199.063s][info][gc,heap        ] GC(338) ParOldGen: 7782198K(7782400K)->7782198K(7782400K)
[199.063s][info][gc,metaspace   ] GC(338) Metaspace: 6299K(6464K)->6299K(6464K) NonClass: 5765K(5824K)->5765K(5824K) Class: 533K(640K)->533K(640K)
[199.063s][info][gc             ] GC(338) Pause Full (Ergonomics) 7805M->7805M(8000M) 2399.623ms
[199.063s][info][gc,cpu         ] GC(338) User=17.91s Sys=0.00s Real=2.40s
[199.063s][info][gc,start       ] GC(339) Pause Full (Ergonomics)
[199.063s][info][gc,phases,start] GC(339) Marking Phase
[200.884s][info][gc,phases      ] GC(339) Marking Phase 1820.637ms
[200.884s][info][gc,phases,start] GC(339) Summary Phase
[200.884s][info][gc,phases      ] GC(339) Summary Phase 0.084ms
[200.884s][info][gc,phases,start] GC(339) Adjust Roots
[200.884s][info][gc,phases      ] GC(339) Adjust Roots 0.170ms
[200.884s][info][gc,phases,start] GC(339) Compaction Phase
[201.455s][info][gc,phases      ] GC(339) Compaction Phase 570.204ms
[201.455s][info][gc,phases,start] GC(339) Post Compact
[201.466s][info][gc,phases      ] GC(339) Post Compact 11.864ms
[201.467s][info][gc,heap        ] GC(339) PSYoungGen: 210497K(410112K)->210497K(410112K) Eden: 100863K(100864K)->100863K(100864K) From: 109633K(309248K)->109633K(309248K)
[201.467s][info][gc,heap        ] GC(339) ParOldGen: 7782203K(7782400K)->7782203K(7782400K)
[201.467s][info][gc,metaspace   ] GC(339) Metaspace: 6299K(6464K)->6299K(6464K) NonClass: 5765K(5824K)->5765K(5824K) Class: 533K(640K)->533K(640K)
[201.467s][info][gc             ] GC(339) Pause Full (Ergonomics) 7805M->7805M(8000M) 2403.305ms
[201.467s][info][gc,cpu         ] GC(339) User=17.81s Sys=0.00s Real=2.40s
[201.467s][info][gc,start       ] GC(340) Pause Full (Ergonomics)
[201.467s][info][gc,phases,start] GC(340) Marking Phase
[203.296s][info][gc,phases      ] GC(340) Marking Phase 1828.900ms
[203.296s][info][gc,phases,start] GC(340) Summary Phase
[203.296s][info][gc,phases      ] GC(340) Summary Phase 0.079ms
[203.296s][info][gc,phases,start] GC(340) Adjust Roots
[203.296s][info][gc,phases      ] GC(340) Adjust Roots 0.172ms
[203.296s][info][gc,phases,start] GC(340) Compaction Phase
[203.869s][info][gc,phases      ] GC(340) Compaction Phase 572.657ms
[203.869s][info][gc,phases,start] GC(340) Post Compact
[203.881s][info][gc,phases      ] GC(340) Post Compact 11.951ms
[203.881s][info][gc,heap        ] GC(340) PSYoungGen: 210497K(410112K)->210497K(410112K) Eden: 100863K(100864K)->100863K(100864K) From: 109633K(309248K)->109633K(309248K)
[203.881s][info][gc,heap        ] GC(340) ParOldGen: 7782208K(7782400K)->7782208K(7782400K)
[203.881s][info][gc,metaspace   ] GC(340) Metaspace: 6299K(6464K)->6299K(6464K) NonClass: 5765K(5824K)->5765K(5824K) Class: 533K(640K)->533K(640K)
[203.881s][info][gc             ] GC(340) Pause Full (Ergonomics) 7805M->7805M(8000M) 2414.106ms
[203.881s][info][gc,cpu         ] GC(340) User=18.00s Sys=0.00s Real=2.41s
[203.881s][info][gc,start       ] GC(341) Pause Full (Ergonomics)
[203.881s][info][gc,phases,start] GC(341) Marking Phase
[205.702s][info][gc,phases      ] GC(341) Marking Phase 1820.948ms
[205.702s][info][gc,phases,start] GC(341) Summary Phase
[205.702s][info][gc,phases      ] GC(341) Summary Phase 0.082ms
[205.702s][info][gc,phases,start] GC(341) Adjust Roots
[205.703s][info][gc,phases      ] GC(341) Adjust Roots 0.209ms
[205.703s][info][gc,phases,start] GC(341) Compaction Phase
[206.274s][info][gc,phases      ] GC(341) Compaction Phase 571.334ms
[206.274s][info][gc,phases,start] GC(341) Post Compact
[206.286s][info][gc,phases      ] GC(341) Post Compact 11.961ms
[206.286s][info][gc,heap        ] GC(341) PSYoungGen: 210497K(410112K)->210497K(410112K) Eden: 100863K(100864K)->100863K(100864K) From: 109633K(309248K)->109633K(309248K)
[206.286s][info][gc,heap        ] GC(341) ParOldGen: 7782213K(7782400K)->7782213K(7782400K)
[206.286s][info][gc,metaspace   ] GC(341) Metaspace: 6299K(6464K)->6299K(6464K) NonClass: 5765K(5824K)->5765K(5824K) Class: 533K(640K)->533K(640K)
[206.286s][info][gc             ] GC(341) Pause Full (Ergonomics) 7805M->7805M(8000M) 2404.902ms
[206.286s][info][gc,cpu         ] GC(341) User=18.00s Sys=0.00s Real=2.40s
[206.286s][info][gc,start       ] GC(342) Pause Full (Ergonomics)
[206.286s][info][gc,phases,start] GC(342) Marking Phase
[208.139s][info][gc,phases      ] GC(342) Marking Phase 1852.580ms
[208.139s][info][gc,phases,start] GC(342) Summary Phase
[208.139s][info][gc,phases      ] GC(342) Summary Phase 0.082ms
[208.139s][info][gc,phases,start] GC(342) Adjust Roots
[208.139s][info][gc,phases      ] GC(342) Adjust Roots 0.173ms
[208.139s][info][gc,phases,start] GC(342) Compaction Phase
[208.714s][info][gc,phases      ] GC(342) Compaction Phase 574.917ms
[208.714s][info][gc,phases,start] GC(342) Post Compact
[208.726s][info][gc,phases      ] GC(342) Post Compact 12.016ms
[208.726s][info][gc,heap        ] GC(342) PSYoungGen: 210497K(410112K)->210497K(410112K) Eden: 100863K(100864K)->100863K(100864K) From: 109633K(309248K)->109633K(309248K)
[208.726s][info][gc,heap        ] GC(342) ParOldGen: 7782217K(7782400K)->7782217K(7782400K)
[208.726s][info][gc,metaspace   ] GC(342) Metaspace: 6299K(6464K)->6299K(6464K) NonClass: 5765K(5824K)->5765K(5824K) Class: 533K(640K)->533K(640K)
[208.726s][info][gc             ] GC(342) Pause Full (Ergonomics) 7805M->7805M(8000M) 2440.130ms
[208.726s][info][gc,cpu         ] GC(342) User=17.95s Sys=0.00s Real=2.44s
[208.727s][info][gc,start       ] GC(343) Pause Full (Ergonomics)
[208.727s][info][gc,phases,start] GC(343) Marking Phase
[210.565s][info][gc,phases      ] GC(343) Marking Phase 1838.805ms
[210.566s][info][gc,phases,start] GC(343) Summary Phase
[210.566s][info][gc,phases      ] GC(343) Summary Phase 0.112ms
[210.566s][info][gc,phases,start] GC(343) Adjust Roots
[210.566s][info][gc,phases      ] GC(343) Adjust Roots 0.201ms
[210.566s][info][gc,phases,start] GC(343) Compaction Phase
[211.136s][info][gc,phases      ] GC(343) Compaction Phase 570.047ms
[211.136s][info][gc,phases,start] GC(343) Post Compact
[211.148s][info][gc,phases      ] GC(343) Post Compact 12.021ms
[211.148s][info][gc,heap        ] GC(343) PSYoungGen: 210497K(410112K)->210497K(410112K) Eden: 100863K(100864K)->100863K(100864K) From: 109633K(309248K)->109633K(309248K)
[211.148s][info][gc,heap        ] GC(343) ParOldGen: 7782222K(7782400K)->7782222K(7782400K)
[211.148s][info][gc,metaspace   ] GC(343) Metaspace: 6299K(6464K)->6299K(6464K) NonClass: 5765K(5824K)->5765K(5824K) Class: 533K(640K)->533K(640K)
[211.148s][info][gc             ] GC(343) Pause Full (Ergonomics) 7805M->7805M(8000M) 2421.559ms
[211.148s][info][gc,cpu         ] GC(343) User=18.08s Sys=0.00s Real=2.42s
[211.148s][info][gc,start       ] GC(344) Pause Full (Ergonomics)
[211.148s][info][gc,phases,start] GC(344) Marking Phase
[212.974s][info][gc,phases      ] GC(344) Marking Phase 1825.135ms
[212.974s][info][gc,phases,start] GC(344) Summary Phase
[212.974s][info][gc,phases      ] GC(344) Summary Phase 0.079ms
[212.974s][info][gc,phases,start] GC(344) Adjust Roots
[212.974s][info][gc,phases      ] GC(344) Adjust Roots 0.168ms
[212.974s][info][gc,phases,start] GC(344) Compaction Phase
[213.546s][info][gc,phases      ] GC(344) Compaction Phase 572.565ms
[213.547s][info][gc,phases,start] GC(344) Post Compact
[213.558s][info][gc,phases      ] GC(344) Post Compact 11.922ms
[213.559s][info][gc,heap        ] GC(344) PSYoungGen: 210497K(410112K)->210497K(410112K) Eden: 100863K(100864K)->100863K(100864K) From: 109633K(309248K)->109633K(309248K)
[213.559s][info][gc,heap        ] GC(344) ParOldGen: 7782227K(7782400K)->7782227K(7782400K)
[213.559s][info][gc,metaspace   ] GC(344) Metaspace: 6299K(6464K)->6299K(6464K) NonClass: 5765K(5824K)->5765K(5824K) Class: 533K(640K)->533K(640K)
[213.559s][info][gc             ] GC(344) Pause Full (Ergonomics) 7805M->7805M(8000M) 2410.224ms
[213.559s][info][gc,cpu         ] GC(344) User=18.03s Sys=0.00s Real=2.41s
[213.559s][info][gc,start       ] GC(345) Pause Full (Ergonomics)
[213.559s][info][gc,phases,start] GC(345) Marking Phase
[215.406s][info][gc,phases      ] GC(345) Marking Phase 1847.552ms
[215.407s][info][gc,phases,start] GC(345) Summary Phase
[215.407s][info][gc,phases      ] GC(345) Summary Phase 0.079ms
[215.407s][info][gc,phases,start] GC(345) Adjust Roots
[215.407s][info][gc,phases      ] GC(345) Adjust Roots 0.170ms
[215.407s][info][gc,phases,start] GC(345) Compaction Phase
[215.990s][info][gc,phases      ] GC(345) Compaction Phase 583.280ms
[215.990s][info][gc,phases,start] GC(345) Post Compact
[216.002s][info][gc,phases      ] GC(345) Post Compact 12.016ms
[216.002s][info][gc,heap        ] GC(345) PSYoungGen: 210497K(410112K)->210497K(410112K) Eden: 100863K(100864K)->100863K(100864K) From: 109633K(309248K)->109633K(309248K)
[216.002s][info][gc,heap        ] GC(345) ParOldGen: 7782232K(7782400K)->7782232K(7782400K)
[216.002s][info][gc,metaspace   ] GC(345) Metaspace: 6299K(6464K)->6299K(6464K) NonClass: 5765K(5824K)->5765K(5824K) Class: 533K(640K)->533K(640K)
[216.002s][info][gc             ] GC(345) Pause Full (Ergonomics) 7805M->7805M(8000M) 2443.439ms
[216.002s][info][gc,cpu         ] GC(345) User=18.19s Sys=0.00s Real=2.44s
[216.003s][info][gc,start       ] GC(346) Pause Full (Ergonomics)
[216.003s][info][gc,phases,start] GC(346) Marking Phase
[217.831s][info][gc,phases      ] GC(346) Marking Phase 1828.145ms
[217.831s][info][gc,phases,start] GC(346) Summary Phase
[217.831s][info][gc,phases      ] GC(346) Summary Phase 0.079ms
[217.831s][info][gc,phases,start] GC(346) Adjust Roots
[217.831s][info][gc,phases      ] GC(346) Adjust Roots 0.166ms
[217.831s][info][gc,phases,start] GC(346) Compaction Phase
[218.420s][info][gc,phases      ] GC(346) Compaction Phase 588.683ms
[218.420s][info][gc,phases,start] GC(346) Post Compact
[218.432s][info][gc,phases      ] GC(346) Post Compact 11.945ms
[218.432s][info][gc,heap        ] GC(346) PSYoungGen: 210497K(410112K)->210497K(410112K) Eden: 100863K(100864K)->100863K(100864K) From: 109633K(309248K)->109633K(309248K)
[218.432s][info][gc,heap        ] GC(346) ParOldGen: 7782237K(7782400K)->7782237K(7782400K)
[218.432s][info][gc,metaspace   ] GC(346) Metaspace: 6299K(6464K)->6299K(6464K) NonClass: 5765K(5824K)->5765K(5824K) Class: 533K(640K)->533K(640K)
[218.432s][info][gc             ] GC(346) Pause Full (Ergonomics) 7805M->7805M(8000M) 2429.333ms
[218.432s][info][gc,cpu         ] GC(346) User=18.19s Sys=0.03s Real=2.43s
[218.432s][info][gc,start       ] GC(347) Pause Full (Ergonomics)
[218.432s][info][gc,phases,start] GC(347) Marking Phase
[220.242s][info][gc,phases      ] GC(347) Marking Phase 1810.098ms
[220.242s][info][gc,phases,start] GC(347) Summary Phase
[220.242s][info][gc,phases      ] GC(347) Summary Phase 0.078ms
[220.242s][info][gc,phases,start] GC(347) Adjust Roots
[220.243s][info][gc,phases      ] GC(347) Adjust Roots 0.185ms
[220.243s][info][gc,phases,start] GC(347) Compaction Phase
[220.817s][info][gc,phases      ] GC(347) Compaction Phase 574.063ms
[220.817s][info][gc,phases,start] GC(347) Post Compact
[220.829s][info][gc,phases      ] GC(347) Post Compact 11.948ms
[220.829s][info][gc,heap        ] GC(347) PSYoungGen: 210497K(410112K)->210497K(410112K) Eden: 100863K(100864K)->100863K(100864K) From: 109633K(309248K)->109633K(309248K)
[220.829s][info][gc,heap        ] GC(347) ParOldGen: 7782242K(7782400K)->7782242K(7782400K)
[220.829s][info][gc,metaspace   ] GC(347) Metaspace: 6299K(6464K)->6299K(6464K) NonClass: 5765K(5824K)->5765K(5824K) Class: 533K(640K)->533K(640K)
[220.829s][info][gc             ] GC(347) Pause Full (Ergonomics) 7805M->7805M(8000M) 2396.737ms
[220.829s][info][gc,cpu         ] GC(347) User=17.78s Sys=0.02s Real=2.40s
[220.829s][info][gc,start       ] GC(348) Pause Full (Ergonomics)
[220.829s][info][gc,phases,start] GC(348) Marking Phase
[222.652s][info][gc,phases      ] GC(348) Marking Phase 1823.253ms
[222.652s][info][gc,phases,start] GC(348) Summary Phase
[222.652s][info][gc,phases      ] GC(348) Summary Phase 0.079ms
[222.652s][info][gc,phases,start] GC(348) Adjust Roots
[222.653s][info][gc,phases      ] GC(348) Adjust Roots 0.166ms
[222.653s][info][gc,phases,start] GC(348) Compaction Phase
[223.228s][info][gc,phases      ] GC(348) Compaction Phase 575.505ms
[223.228s][info][gc,phases,start] GC(348) Post Compact
[223.241s][info][gc,phases      ] GC(348) Post Compact 12.341ms
[223.241s][info][gc,heap        ] GC(348) PSYoungGen: 210497K(410112K)->210497K(410112K) Eden: 100863K(100864K)->100863K(100864K) From: 109633K(309248K)->109633K(309248K)
[223.241s][info][gc,heap        ] GC(348) ParOldGen: 7782246K(7782400K)->7782246K(7782400K)
[223.241s][info][gc,metaspace   ] GC(348) Metaspace: 6299K(6464K)->6299K(6464K) NonClass: 5765K(5824K)->5765K(5824K) Class: 533K(640K)->533K(640K)
[223.241s][info][gc             ] GC(348) Pause Full (Ergonomics) 7805M->7805M(8000M) 2411.681ms
[223.241s][info][gc,cpu         ] GC(348) User=17.91s Sys=0.00s Real=2.41s
[223.241s][info][gc,start       ] GC(349) Pause Full (Ergonomics)
[223.241s][info][gc,phases,start] GC(349) Marking Phase
[225.078s][info][gc,phases      ] GC(349) Marking Phase 1837.479ms
[225.079s][info][gc,phases,start] GC(349) Summary Phase
[225.079s][info][gc,phases      ] GC(349) Summary Phase 0.079ms
[225.079s][info][gc,phases,start] GC(349) Adjust Roots
[225.079s][info][gc,phases      ] GC(349) Adjust Roots 0.165ms
[225.079s][info][gc,phases,start] GC(349) Compaction Phase
[225.648s][info][gc,phases      ] GC(349) Compaction Phase 568.872ms
[225.648s][info][gc,phases,start] GC(349) Post Compact
[225.662s][info][gc,phases      ] GC(349) Post Compact 14.562ms
[225.662s][info][gc,heap        ] GC(349) PSYoungGen: 210497K(410112K)->210497K(410112K) Eden: 100863K(100864K)->100863K(100864K) From: 109633K(309248K)->109633K(309248K)
[225.662s][info][gc,heap        ] GC(349) ParOldGen: 7782251K(7782400K)->7782251K(7782400K)
[225.662s][info][gc,metaspace   ] GC(349) Metaspace: 6299K(6464K)->6299K(6464K) NonClass: 5765K(5824K)->5765K(5824K) Class: 533K(640K)->533K(640K)
[225.662s][info][gc             ] GC(349) Pause Full (Ergonomics) 7805M->7805M(8000M) 2421.522ms
[225.663s][info][gc,cpu         ] GC(349) User=18.09s Sys=0.00s Real=2.42s
[225.663s][info][gc,start       ] GC(350) Pause Full (Ergonomics)
[225.663s][info][gc,phases,start] GC(350) Marking Phase
[227.475s][info][gc,phases      ] GC(350) Marking Phase 1812.200ms
[227.475s][info][gc,phases,start] GC(350) Summary Phase
[227.475s][info][gc,phases      ] GC(350) Summary Phase 0.118ms
[227.475s][info][gc,phases,start] GC(350) Adjust Roots
[227.475s][info][gc,phases      ] GC(350) Adjust Roots 0.206ms
[227.475s][info][gc,phases,start] GC(350) Compaction Phase
[228.054s][info][gc,phases      ] GC(350) Compaction Phase 578.403ms
[228.054s][info][gc,phases,start] GC(350) Post Compact
[228.066s][info][gc,phases      ] GC(350) Post Compact 12.128ms
[228.066s][info][gc,heap        ] GC(350) PSYoungGen: 210497K(410112K)->210497K(410112K) Eden: 100863K(100864K)->100863K(100864K) From: 109633K(309248K)->109633K(309248K)
[228.066s][info][gc,heap        ] GC(350) ParOldGen: 7782256K(7782400K)->7782256K(7782400K)
[228.066s][info][gc,metaspace   ] GC(350) Metaspace: 6299K(6464K)->6299K(6464K) NonClass: 5765K(5824K)->5765K(5824K) Class: 533K(640K)->533K(640K)
[228.066s][info][gc             ] GC(350) Pause Full (Ergonomics) 7805M->7805M(8000M) 2403.407ms
[228.066s][info][gc,cpu         ] GC(350) User=17.91s Sys=0.03s Real=2.40s
[228.066s][info][gc,start       ] GC(351) Pause Full (Ergonomics)
[228.066s][info][gc,phases,start] GC(351) Marking Phase
[229.888s][info][gc,phases      ] GC(351) Marking Phase 1821.373ms
[229.888s][info][gc,phases,start] GC(351) Summary Phase
[229.888s][info][gc,phases      ] GC(351) Summary Phase 0.079ms
[229.888s][info][gc,phases,start] GC(351) Adjust Roots
[229.888s][info][gc,phases      ] GC(351) Adjust Roots 0.168ms
[229.888s][info][gc,phases,start] GC(351) Compaction Phase
[230.470s][info][gc,phases      ] GC(351) Compaction Phase 581.707ms
[230.470s][info][gc,phases,start] GC(351) Post Compact
[230.482s][info][gc,phases      ] GC(351) Post Compact 12.016ms
[230.482s][info][gc,heap        ] GC(351) PSYoungGen: 210497K(410112K)->210497K(410112K) Eden: 100863K(100864K)->100863K(100864K) From: 109633K(309248K)->109633K(309248K)
[230.482s][info][gc,heap        ] GC(351) ParOldGen: 7782261K(7782400K)->7782261K(7782400K)
[230.482s][info][gc,metaspace   ] GC(351) Metaspace: 6299K(6464K)->6299K(6464K) NonClass: 5765K(5824K)->5765K(5824K) Class: 533K(640K)->533K(640K)
[230.482s][info][gc             ] GC(351) Pause Full (Ergonomics) 7805M->7805M(8000M) 2415.670ms
[230.482s][info][gc,cpu         ] GC(351) User=17.83s Sys=0.00s Real=2.41s
[230.482s][info][gc,start       ] GC(352) Pause Full (Ergonomics)
[230.482s][info][gc,phases,start] GC(352) Marking Phase
[232.295s][info][gc,phases      ] GC(352) Marking Phase 1812.413ms
[232.295s][info][gc,phases,start] GC(352) Summary Phase
[232.295s][info][gc,phases      ] GC(352) Summary Phase 0.089ms
[232.295s][info][gc,phases,start] GC(352) Adjust Roots
[232.295s][info][gc,phases      ] GC(352) Adjust Roots 0.234ms
[232.295s][info][gc,phases,start] GC(352) Compaction Phase
[232.864s][info][gc,phases      ] GC(352) Compaction Phase 568.489ms
[232.864s][info][gc,phases,start] GC(352) Post Compact
[232.876s][info][gc,phases      ] GC(352) Post Compact 12.076ms
[232.876s][info][gc,heap        ] GC(352) PSYoungGen: 210497K(410112K)->210497K(410112K) Eden: 100863K(100864K)->100863K(100864K) From: 109633K(309248K)->109633K(309248K)
[232.876s][info][gc,heap        ] GC(352) ParOldGen: 7782266K(7782400K)->7782266K(7782400K)
[232.876s][info][gc,metaspace   ] GC(352) Metaspace: 6299K(6464K)->6299K(6464K) NonClass: 5765K(5824K)->5765K(5824K) Class: 533K(640K)->533K(640K)
[232.876s][info][gc             ] GC(352) Pause Full (Ergonomics) 7805M->7805M(8000M) 2393.664ms
[232.876s][info][gc,cpu         ] GC(352) User=17.72s Sys=0.00s Real=2.39s
[232.876s][info][gc,start       ] GC(353) Pause Full (Ergonomics)
[232.876s][info][gc,phases,start] GC(353) Marking Phase
[234.703s][info][gc,phases      ] GC(353) Marking Phase 1826.675ms
[234.703s][info][gc,phases,start] GC(353) Summary Phase
[234.703s][info][gc,phases      ] GC(353) Summary Phase 0.107ms
[234.703s][info][gc,phases,start] GC(353) Adjust Roots
[234.703s][info][gc,phases      ] GC(353) Adjust Roots 0.216ms
[234.703s][info][gc,phases,start] GC(353) Compaction Phase
[235.268s][info][gc,phases      ] GC(353) Compaction Phase 564.552ms
[235.268s][info][gc,phases,start] GC(353) Post Compact
[235.280s][info][gc,phases      ] GC(353) Post Compact 12.018ms
[235.280s][info][gc,heap        ] GC(353) PSYoungGen: 210497K(410112K)->210497K(410112K) Eden: 100863K(100864K)->100863K(100864K) From: 109633K(309248K)->109633K(309248K)
[235.280s][info][gc,heap        ] GC(353) ParOldGen: 7782271K(7782400K)->7782271K(7782400K)
[235.280s][info][gc,metaspace   ] GC(353) Metaspace: 6299K(6464K)->6299K(6464K) NonClass: 5765K(5824K)->5765K(5824K) Class: 533K(640K)->533K(640K)
[235.280s][info][gc             ] GC(353) Pause Full (Ergonomics) 7805M->7805M(8000M) 2403.933ms
[235.280s][info][gc,cpu         ] GC(353) User=18.00s Sys=0.00s Real=2.40s
[235.280s][info][gc,start       ] GC(354) Pause Full (Ergonomics)
[235.280s][info][gc,phases,start] GC(354) Marking Phase
[237.099s][info][gc,phases      ] GC(354) Marking Phase 1818.413ms
[237.099s][info][gc,phases,start] GC(354) Summary Phase
[237.099s][info][gc,phases      ] GC(354) Summary Phase 0.080ms
[237.099s][info][gc,phases,start] GC(354) Adjust Roots
[237.099s][info][gc,phases      ] GC(354) Adjust Roots 0.167ms
[237.099s][info][gc,phases,start] GC(354) Compaction Phase
[237.681s][info][gc,phases      ] GC(354) Compaction Phase 582.370ms
[237.681s][info][gc,phases,start] GC(354) Post Compact
[237.694s][info][gc,phases      ] GC(354) Post Compact 12.025ms
[237.694s][info][gc,heap        ] GC(354) PSYoungGen: 210497K(410112K)->210497K(410112K) Eden: 100863K(100864K)->100863K(100864K) From: 109633K(309248K)->109633K(309248K)
[237.694s][info][gc,heap        ] GC(354) ParOldGen: 7782275K(7782400K)->7782275K(7782400K)
[237.694s][info][gc,metaspace   ] GC(354) Metaspace: 6299K(6464K)->6299K(6464K) NonClass: 5765K(5824K)->5765K(5824K) Class: 533K(640K)->533K(640K)
[237.694s][info][gc             ] GC(354) Pause Full (Ergonomics) 7805M->7805M(8000M) 2413.414ms
[237.694s][info][gc,cpu         ] GC(354) User=17.86s Sys=0.00s Real=2.41s
[237.694s][info][gc,start       ] GC(355) Pause Full (Ergonomics)
[237.694s][info][gc,phases,start] GC(355) Marking Phase
[239.525s][info][gc,phases      ] GC(355) Marking Phase 1831.447ms
[239.525s][info][gc,phases,start] GC(355) Summary Phase
[239.525s][info][gc,phases      ] GC(355) Summary Phase 0.079ms
[239.525s][info][gc,phases,start] GC(355) Adjust Roots
[239.526s][info][gc,phases      ] GC(355) Adjust Roots 0.187ms
[239.526s][info][gc,phases,start] GC(355) Compaction Phase
[240.102s][info][gc,phases      ] GC(355) Compaction Phase 576.720ms
[240.102s][info][gc,phases,start] GC(355) Post Compact
[240.115s][info][gc,phases      ] GC(355) Post Compact 12.096ms
[240.115s][info][gc,heap        ] GC(355) PSYoungGen: 210497K(410112K)->210497K(410112K) Eden: 100863K(100864K)->100863K(100864K) From: 109633K(309248K)->109633K(309248K)
[240.115s][info][gc,heap        ] GC(355) ParOldGen: 7782280K(7782400K)->7782280K(7782400K)
[240.115s][info][gc,metaspace   ] GC(355) Metaspace: 6299K(6464K)->6299K(6464K) NonClass: 5765K(5824K)->5765K(5824K) Class: 533K(640K)->533K(640K)
[240.115s][info][gc             ] GC(355) Pause Full (Ergonomics) 7805M->7805M(8000M) 2420.866ms
[240.115s][info][gc,cpu         ] GC(355) User=18.05s Sys=0.02s Real=2.42s
[240.115s][info][gc,start       ] GC(356) Pause Full (Ergonomics)
[240.115s][info][gc,phases,start] GC(356) Marking Phase
[241.931s][info][gc,phases      ] GC(356) Marking Phase 1815.965ms
[241.931s][info][gc,phases,start] GC(356) Summary Phase
[241.931s][info][gc,phases      ] GC(356) Summary Phase 0.079ms
[241.931s][info][gc,phases,start] GC(356) Adjust Roots
[241.931s][info][gc,phases      ] GC(356) Adjust Roots 0.179ms
[241.931s][info][gc,phases,start] GC(356) Compaction Phase
[242.511s][info][gc,phases      ] GC(356) Compaction Phase 579.521ms
[242.511s][info][gc,phases,start] GC(356) Post Compact
[242.523s][info][gc,phases      ] GC(356) Post Compact 11.881ms
[242.523s][info][gc,heap        ] GC(356) PSYoungGen: 210497K(410112K)->210497K(410112K) Eden: 100863K(100864K)->100863K(100864K) From: 109633K(309248K)->109633K(309248K)
[242.523s][info][gc,heap        ] GC(356) ParOldGen: 7782285K(7782400K)->7782285K(7782400K)
[242.523s][info][gc,metaspace   ] GC(356) Metaspace: 6299K(6464K)->6299K(6464K) NonClass: 5765K(5824K)->5765K(5824K) Class: 533K(640K)->533K(640K)
[242.523s][info][gc             ] GC(356) Pause Full (Ergonomics) 7805M->7805M(8000M) 2407.981ms
[242.523s][info][gc,cpu         ] GC(356) User=17.86s Sys=0.00s Real=2.41s
[242.523s][info][gc,start       ] GC(357) Pause Full (Ergonomics)
[242.523s][info][gc,phases,start] GC(357) Marking Phase
[244.339s][info][gc,phases      ] GC(357) Marking Phase 1816.007ms
[244.339s][info][gc,phases,start] GC(357) Summary Phase
[244.339s][info][gc,phases      ] GC(357) Summary Phase 0.089ms
[244.339s][info][gc,phases,start] GC(357) Adjust Roots
[244.340s][info][gc,phases      ] GC(357) Adjust Roots 0.209ms
[244.340s][info][gc,phases,start] GC(357) Compaction Phase
[244.906s][info][gc,phases      ] GC(357) Compaction Phase 565.944ms
[244.906s][info][gc,phases,start] GC(357) Post Compact
[244.918s][info][gc,phases      ] GC(357) Post Compact 11.870ms
[244.918s][info][gc,heap        ] GC(357) PSYoungGen: 210497K(410112K)->210497K(410112K) Eden: 100863K(100864K)->100863K(100864K) From: 109633K(309248K)->109633K(309248K)
[244.918s][info][gc,heap        ] GC(357) ParOldGen: 7782290K(7782400K)->7782290K(7782400K)
[244.918s][info][gc,metaspace   ] GC(357) Metaspace: 6299K(6464K)->6299K(6464K) NonClass: 5765K(5824K)->5765K(5824K) Class: 533K(640K)->533K(640K)
[244.918s][info][gc             ] GC(357) Pause Full (Ergonomics) 7805M->7805M(8000M) 2394.493ms
[244.918s][info][gc,cpu         ] GC(357) User=17.92s Sys=0.00s Real=2.39s
[244.918s][info][gc,start       ] GC(358) Pause Full (Ergonomics)
[244.918s][info][gc,phases,start] GC(358) Marking Phase
[246.776s][info][gc,phases      ] GC(358) Marking Phase 1858.066ms
[246.776s][info][gc,phases,start] GC(358) Summary Phase
[246.776s][info][gc,phases      ] GC(358) Summary Phase 0.079ms
[246.776s][info][gc,phases,start] GC(358) Adjust Roots
[246.776s][info][gc,phases      ] GC(358) Adjust Roots 0.181ms
[246.776s][info][gc,phases,start] GC(358) Compaction Phase
[247.339s][info][gc,phases      ] GC(358) Compaction Phase 562.747ms
[247.339s][info][gc,phases,start] GC(358) Post Compact
[247.351s][info][gc,phases      ] GC(358) Post Compact 12.021ms
[247.351s][info][gc,heap        ] GC(358) PSYoungGen: 210497K(410112K)->210497K(410112K) Eden: 100863K(100864K)->100863K(100864K) From: 109633K(309248K)->109633K(309248K)
[247.351s][info][gc,heap        ] GC(358) ParOldGen: 7782295K(7782400K)->7782295K(7782400K)
[247.351s][info][gc,metaspace   ] GC(358) Metaspace: 6299K(6464K)->6299K(6464K) NonClass: 5765K(5824K)->5765K(5824K) Class: 533K(640K)->533K(640K)
[247.351s][info][gc             ] GC(358) Pause Full (Ergonomics) 7805M->7805M(8000M) 2433.462ms
[247.351s][info][gc,cpu         ] GC(358) User=18.05s Sys=0.00s Real=2.43s
[247.352s][info][gc,start       ] GC(359) Pause Full (Ergonomics)
[247.352s][info][gc,phases,start] GC(359) Marking Phase
[249.187s][info][gc,phases      ] GC(359) Marking Phase 1835.759ms
[249.187s][info][gc,phases,start] GC(359) Summary Phase
[249.188s][info][gc,phases      ] GC(359) Summary Phase 0.117ms
[249.188s][info][gc,phases,start] GC(359) Adjust Roots
[249.188s][info][gc,phases      ] GC(359) Adjust Roots 0.313ms
[249.188s][info][gc,phases,start] GC(359) Compaction Phase
[249.783s][info][gc,phases      ] GC(359) Compaction Phase 594.656ms
[249.783s][info][gc,phases,start] GC(359) Post Compact
[249.796s][info][gc,phases      ] GC(359) Post Compact 12.926ms
[249.796s][info][gc,heap        ] GC(359) PSYoungGen: 210497K(410112K)->210497K(410112K) Eden: 100863K(100864K)->100863K(100864K) From: 109633K(309248K)->109633K(309248K)
[249.796s][info][gc,heap        ] GC(359) ParOldGen: 7782300K(7782400K)->7782300K(7782400K)
[249.796s][info][gc,metaspace   ] GC(359) Metaspace: 6299K(6464K)->6299K(6464K) NonClass: 5765K(5824K)->5765K(5824K) Class: 533K(640K)->533K(640K)
[249.796s][info][gc             ] GC(359) Pause Full (Ergonomics) 7805M->7805M(8000M) 2444.190ms
[249.796s][info][gc,cpu         ] GC(359) User=17.88s Sys=0.00s Real=2.44s
[249.796s][info][gc,start       ] GC(360) Pause Full (Ergonomics)
[249.796s][info][gc,phases,start] GC(360) Marking Phase
[251.635s][info][gc,phases      ] GC(360) Marking Phase 1838.735ms
[251.635s][info][gc,phases,start] GC(360) Summary Phase
[251.635s][info][gc,phases      ] GC(360) Summary Phase 0.103ms
[251.635s][info][gc,phases,start] GC(360) Adjust Roots
[251.635s][info][gc,phases      ] GC(360) Adjust Roots 0.261ms
[251.635s][info][gc,phases,start] GC(360) Compaction Phase
[252.204s][info][gc,phases      ] GC(360) Compaction Phase 568.229ms
[252.204s][info][gc,phases,start] GC(360) Post Compact
[252.216s][info][gc,phases      ] GC(360) Post Compact 11.951ms
[252.216s][info][gc,heap        ] GC(360) PSYoungGen: 210497K(410112K)->210497K(410112K) Eden: 100863K(100864K)->100863K(100864K) From: 109633K(309248K)->109633K(309248K)
[252.216s][info][gc,heap        ] GC(360) ParOldGen: 7782304K(7782400K)->7782304K(7782400K)
[252.216s][info][gc,metaspace   ] GC(360) Metaspace: 6299K(6464K)->6299K(6464K) NonClass: 5765K(5824K)->5765K(5824K) Class: 533K(640K)->533K(640K)
[252.216s][info][gc             ] GC(360) Pause Full (Ergonomics) 7805M->7805M(8000M) 2419.630ms
[252.216s][info][gc,cpu         ] GC(360) User=17.86s Sys=0.00s Real=2.42s
[252.216s][info][gc,start       ] GC(361) Pause Full (Ergonomics)
[252.216s][info][gc,phases,start] GC(361) Marking Phase
[254.064s][info][gc,phases      ] GC(361) Marking Phase 1847.942ms
[254.064s][info][gc,phases,start] GC(361) Summary Phase
[254.064s][info][gc,phases      ] GC(361) Summary Phase 0.085ms
[254.064s][info][gc,phases,start] GC(361) Adjust Roots
[254.064s][info][gc,phases      ] GC(361) Adjust Roots 0.198ms
[254.064s][info][gc,phases,start] GC(361) Compaction Phase
[254.643s][info][gc,phases      ] GC(361) Compaction Phase 578.475ms
[254.643s][info][gc,phases,start] GC(361) Post Compact
[254.655s][info][gc,phases      ] GC(361) Post Compact 12.007ms
[254.655s][info][gc,heap        ] GC(361) PSYoungGen: 210497K(410112K)->210497K(410112K) Eden: 100863K(100864K)->100863K(100864K) From: 109633K(309248K)->109633K(309248K)
[254.655s][info][gc,heap        ] GC(361) ParOldGen: 7782309K(7782400K)->7782309K(7782400K)
[254.655s][info][gc,metaspace   ] GC(361) Metaspace: 6299K(6464K)->6299K(6464K) NonClass: 5765K(5824K)->5765K(5824K) Class: 533K(640K)->533K(640K)
[254.655s][info][gc             ] GC(361) Pause Full (Ergonomics) 7805M->7805M(8000M) 2439.061ms
[254.655s][info][gc,cpu         ] GC(361) User=18.23s Sys=0.00s Real=2.44s
[254.655s][info][gc,start       ] GC(362) Pause Full (Ergonomics)
[254.655s][info][gc,phases,start] GC(362) Marking Phase
[256.456s][info][gc,phases      ] GC(362) Marking Phase 1800.345ms
[256.456s][info][gc,phases,start] GC(362) Summary Phase
[256.456s][info][gc,phases      ] GC(362) Summary Phase 0.084ms
[256.456s][info][gc,phases,start] GC(362) Adjust Roots
[256.456s][info][gc,phases      ] GC(362) Adjust Roots 0.191ms
[256.456s][info][gc,phases,start] GC(362) Compaction Phase
[257.033s][info][gc,phases      ] GC(362) Compaction Phase 577.407ms
[257.033s][info][gc,phases,start] GC(362) Post Compact
[257.045s][info][gc,phases      ] GC(362) Post Compact 11.985ms
[257.045s][info][gc,heap        ] GC(362) PSYoungGen: 210497K(410112K)->210497K(410112K) Eden: 100863K(100864K)->100863K(100864K) From: 109633K(309248K)->109633K(309248K)
[257.045s][info][gc,heap        ] GC(362) ParOldGen: 7782314K(7782400K)->7782314K(7782400K)
[257.045s][info][gc,metaspace   ] GC(362) Metaspace: 6299K(6464K)->6299K(6464K) NonClass: 5765K(5824K)->5765K(5824K) Class: 533K(640K)->533K(640K)
[257.045s][info][gc             ] GC(362) Pause Full (Ergonomics) 7805M->7805M(8000M) 2390.355ms
[257.046s][info][gc,cpu         ] GC(362) User=17.94s Sys=0.00s Real=2.39s
[257.046s][info][gc,start       ] GC(363) Pause Full (Ergonomics)
[257.046s][info][gc,phases,start] GC(363) Marking Phase
[258.908s][info][gc,phases      ] GC(363) Marking Phase 1862.621ms
[258.908s][info][gc,phases,start] GC(363) Summary Phase
[258.908s][info][gc,phases      ] GC(363) Summary Phase 0.093ms
[258.908s][info][gc,phases,start] GC(363) Adjust Roots
[258.909s][info][gc,phases      ] GC(363) Adjust Roots 0.202ms
[258.909s][info][gc,phases,start] GC(363) Compaction Phase
[259.474s][info][gc,phases      ] GC(363) Compaction Phase 564.925ms
[259.474s][info][gc,phases,start] GC(363) Post Compact
[259.486s][info][gc,phases      ] GC(363) Post Compact 11.857ms
[259.486s][info][gc,heap        ] GC(363) PSYoungGen: 210497K(410112K)->210497K(410112K) Eden: 100863K(100864K)->100863K(100864K) From: 109633K(309248K)->109633K(309248K)
[259.486s][info][gc,heap        ] GC(363) ParOldGen: 7782319K(7782400K)->7782319K(7782400K)
[259.486s][info][gc,metaspace   ] GC(363) Metaspace: 6299K(6464K)->6299K(6464K) NonClass: 5765K(5824K)->5765K(5824K) Class: 533K(640K)->533K(640K)
[259.486s][info][gc             ] GC(363) Pause Full (Ergonomics) 7805M->7805M(8000M) 2440.040ms
[259.486s][info][gc,cpu         ] GC(363) User=18.25s Sys=0.02s Real=2.44s
[259.486s][info][gc,start       ] GC(364) Pause Full (Ergonomics)
[259.486s][info][gc,phases,start] GC(364) Marking Phase
[261.282s][info][gc,phases      ] GC(364) Marking Phase 1796.219ms
[261.282s][info][gc,phases,start] GC(364) Summary Phase
[261.282s][info][gc,phases      ] GC(364) Summary Phase 0.079ms
[261.282s][info][gc,phases,start] GC(364) Adjust Roots
[261.283s][info][gc,phases      ] GC(364) Adjust Roots 0.183ms
[261.283s][info][gc,phases,start] GC(364) Compaction Phase
[261.862s][info][gc,phases      ] GC(364) Compaction Phase 579.318ms
[261.862s][info][gc,phases,start] GC(364) Post Compact
[261.874s][info][gc,phases      ] GC(364) Post Compact 11.932ms
[261.874s][info][gc,heap        ] GC(364) PSYoungGen: 210497K(410112K)->210497K(410112K) Eden: 100863K(100864K)->100863K(100864K) From: 109633K(309248K)->109633K(309248K)
[261.874s][info][gc,heap        ] GC(364) ParOldGen: 7782324K(7782400K)->7782324K(7782400K)
[261.874s][info][gc,metaspace   ] GC(364) Metaspace: 6299K(6464K)->6299K(6464K) NonClass: 5765K(5824K)->5765K(5824K) Class: 533K(640K)->533K(640K)
[261.874s][info][gc             ] GC(364) Pause Full (Ergonomics) 7805M->7805M(8000M) 2388.085ms
[261.874s][info][gc,cpu         ] GC(364) User=17.86s Sys=0.00s Real=2.39s
[261.874s][info][gc,start       ] GC(365) Pause Full (Ergonomics)
[261.874s][info][gc,phases,start] GC(365) Marking Phase
[263.676s][info][gc,phases      ] GC(365) Marking Phase 1801.260ms
[263.676s][info][gc,phases,start] GC(365) Summary Phase
[263.676s][info][gc,phases      ] GC(365) Summary Phase 0.081ms
[263.676s][info][gc,phases,start] GC(365) Adjust Roots
[263.676s][info][gc,phases      ] GC(365) Adjust Roots 0.171ms
[263.676s][info][gc,phases,start] GC(365) Compaction Phase
[264.253s][info][gc,phases      ] GC(365) Compaction Phase 577.183ms
[264.253s][info][gc,phases,start] GC(365) Post Compact
[264.265s][info][gc,phases      ] GC(365) Post Compact 12.063ms
[264.265s][info][gc,heap        ] GC(365) PSYoungGen: 210497K(410112K)->210497K(410112K) Eden: 100863K(100864K)->100863K(100864K) From: 109633K(309248K)->109633K(309248K)
[264.265s][info][gc,heap        ] GC(365) ParOldGen: 7782329K(7782400K)->7782329K(7782400K)
[264.265s][info][gc,metaspace   ] GC(365) Metaspace: 6299K(6464K)->6299K(6464K) NonClass: 5765K(5824K)->5765K(5824K) Class: 533K(640K)->533K(640K)
[264.265s][info][gc             ] GC(365) Pause Full (Ergonomics) 7805M->7805M(8000M) 2391.132ms
[264.265s][info][gc,cpu         ] GC(365) User=17.72s Sys=0.05s Real=2.39s
[264.266s][info][gc,start       ] GC(366) Pause Full (Ergonomics)
[264.266s][info][gc,phases,start] GC(366) Marking Phase
[266.092s][info][gc,phases      ] GC(366) Marking Phase 1826.572ms
[266.092s][info][gc,phases,start] GC(366) Summary Phase
[266.092s][info][gc,phases      ] GC(366) Summary Phase 0.080ms
[266.092s][info][gc,phases,start] GC(366) Adjust Roots
[266.093s][info][gc,phases      ] GC(366) Adjust Roots 0.169ms
[266.093s][info][gc,phases,start] GC(366) Compaction Phase
[266.671s][info][gc,phases      ] GC(366) Compaction Phase 578.797ms
[266.671s][info][gc,phases,start] GC(366) Post Compact
[266.683s][info][gc,phases      ] GC(366) Post Compact 12.072ms
[266.684s][info][gc,heap        ] GC(366) PSYoungGen: 210497K(410112K)->210497K(410112K) Eden: 100863K(100864K)->100863K(100864K) From: 109633K(309248K)->109633K(309248K)
[266.684s][info][gc,heap        ] GC(366) ParOldGen: 7782333K(7782400K)->7782333K(7782400K)
[266.684s][info][gc,metaspace   ] GC(366) Metaspace: 6299K(6464K)->6299K(6464K) NonClass: 5765K(5824K)->5765K(5824K) Class: 533K(640K)->533K(640K)
[266.684s][info][gc             ] GC(366) Pause Full (Ergonomics) 7805M->7805M(8000M) 2418.052ms
[266.684s][info][gc,cpu         ] GC(366) User=18.12s Sys=0.00s Real=2.42s
[266.684s][info][gc,start       ] GC(367) Pause Full (Ergonomics)
[266.684s][info][gc,phases,start] GC(367) Marking Phase
[268.502s][info][gc,phases      ] GC(367) Marking Phase 1818.394ms
[268.502s][info][gc,phases,start] GC(367) Summary Phase
[268.502s][info][gc,phases      ] GC(367) Summary Phase 0.078ms
[268.502s][info][gc,phases,start] GC(367) Adjust Roots
[268.503s][info][gc,phases      ] GC(367) Adjust Roots 0.168ms
[268.503s][info][gc,phases,start] GC(367) Compaction Phase
[269.078s][info][gc,phases      ] GC(367) Compaction Phase 575.207ms
[269.078s][info][gc,phases,start] GC(367) Post Compact
[269.090s][info][gc,phases      ] GC(367) Post Compact 11.986ms
[269.090s][info][gc,heap        ] GC(367) PSYoungGen: 210497K(410112K)->210497K(410112K) Eden: 100863K(100864K)->100863K(100864K) From: 109633K(309248K)->109633K(309248K)
[269.090s][info][gc,heap        ] GC(367) ParOldGen: 7782338K(7782400K)->7782338K(7782400K)
[269.090s][info][gc,metaspace   ] GC(367) Metaspace: 6299K(6464K)->6299K(6464K) NonClass: 5765K(5824K)->5765K(5824K) Class: 533K(640K)->533K(640K)
[269.090s][info][gc             ] GC(367) Pause Full (Ergonomics) 7805M->7805M(8000M) 2406.164ms
[269.090s][info][gc,cpu         ] GC(367) User=18.02s Sys=0.00s Real=2.41s
[269.090s][info][gc,start       ] GC(368) Pause Full (Ergonomics)
[269.090s][info][gc,phases,start] GC(368) Marking Phase
[270.911s][info][gc,phases      ] GC(368) Marking Phase 1820.421ms
[270.911s][info][gc,phases,start] GC(368) Summary Phase
[270.911s][info][gc,phases      ] GC(368) Summary Phase 0.079ms
[270.911s][info][gc,phases,start] GC(368) Adjust Roots
[270.911s][info][gc,phases      ] GC(368) Adjust Roots 0.167ms
[270.911s][info][gc,phases,start] GC(368) Compaction Phase
[271.491s][info][gc,phases      ] GC(368) Compaction Phase 580.331ms
[271.491s][info][gc,phases,start] GC(368) Post Compact
[271.503s][info][gc,phases      ] GC(368) Post Compact 11.912ms
[271.503s][info][gc,heap        ] GC(368) PSYoungGen: 210497K(410112K)->210497K(410112K) Eden: 100863K(100864K)->100863K(100864K) From: 109633K(309248K)->109633K(309248K)
[271.503s][info][gc,heap        ] GC(368) ParOldGen: 7782343K(7782400K)->7782343K(7782400K)
[271.504s][info][gc,metaspace   ] GC(368) Metaspace: 6299K(6464K)->6299K(6464K) NonClass: 5765K(5824K)->5765K(5824K) Class: 533K(640K)->533K(640K)
[271.504s][info][gc             ] GC(368) Pause Full (Ergonomics) 7805M->7805M(8000M) 2413.248ms
[271.504s][info][gc,cpu         ] GC(368) User=18.09s Sys=0.00s Real=2.41s
[271.504s][info][gc,start       ] GC(369) Pause Full (Ergonomics)
[271.504s][info][gc,phases,start] GC(369) Marking Phase
[273.316s][info][gc,phases      ] GC(369) Marking Phase 1812.636ms
[273.316s][info][gc,phases,start] GC(369) Summary Phase
[273.317s][info][gc,phases      ] GC(369) Summary Phase 0.079ms
[273.317s][info][gc,phases,start] GC(369) Adjust Roots
[273.317s][info][gc,phases      ] GC(369) Adjust Roots 0.186ms
[273.317s][info][gc,phases,start] GC(369) Compaction Phase
[273.888s][info][gc,phases      ] GC(369) Compaction Phase 571.272ms
[273.888s][info][gc,phases,start] GC(369) Post Compact
[273.900s][info][gc,phases      ] GC(369) Post Compact 12.078ms
[273.900s][info][gc,heap        ] GC(369) PSYoungGen: 210497K(410112K)->210497K(410112K) Eden: 100863K(100864K)->100863K(100864K) From: 109633K(309248K)->109633K(309248K)
[273.900s][info][gc,heap        ] GC(369) ParOldGen: 7782348K(7782400K)->7782348K(7782400K)
[273.900s][info][gc,metaspace   ] GC(369) Metaspace: 6299K(6464K)->6299K(6464K) NonClass: 5765K(5824K)->5765K(5824K) Class: 533K(640K)->533K(640K)
[273.900s][info][gc             ] GC(369) Pause Full (Ergonomics) 7805M->7805M(8000M) 2396.617ms
[273.900s][info][gc,cpu         ] GC(369) User=18.03s Sys=0.00s Real=2.40s
[273.901s][info][gc,start       ] GC(370) Pause Full (Ergonomics)
[273.901s][info][gc,phases,start] GC(370) Marking Phase
[275.730s][info][gc,phases      ] GC(370) Marking Phase 1829.705ms
[275.730s][info][gc,phases,start] GC(370) Summary Phase
[275.730s][info][gc,phases      ] GC(370) Summary Phase 0.078ms
[275.731s][info][gc,phases,start] GC(370) Adjust Roots
[275.731s][info][gc,phases      ] GC(370) Adjust Roots 0.163ms
[275.731s][info][gc,phases,start] GC(370) Compaction Phase
[276.311s][info][gc,phases      ] GC(370) Compaction Phase 580.647ms
[276.311s][info][gc,phases,start] GC(370) Post Compact
[276.323s][info][gc,phases      ] GC(370) Post Compact 12.029ms
[276.324s][info][gc,heap        ] GC(370) PSYoungGen: 210497K(410112K)->210497K(410112K) Eden: 100863K(100864K)->100863K(100864K) From: 109633K(309248K)->109633K(309248K)
[276.324s][info][gc,heap        ] GC(370) ParOldGen: 7782353K(7782400K)->7782353K(7782400K)
[276.324s][info][gc,metaspace   ] GC(370) Metaspace: 6299K(6464K)->6299K(6464K) NonClass: 5765K(5824K)->5765K(5824K) Class: 533K(640K)->533K(640K)
[276.324s][info][gc             ] GC(370) Pause Full (Ergonomics) 7805M->7805M(8000M) 2422.956ms
[276.324s][info][gc,cpu         ] GC(370) User=17.89s Sys=0.02s Real=2.42s
[276.324s][info][gc,start       ] GC(371) Pause Full (Ergonomics)
[276.324s][info][gc,phases,start] GC(371) Marking Phase
[278.140s][info][gc,phases      ] GC(371) Marking Phase 1816.404ms
[278.140s][info][gc,phases,start] GC(371) Summary Phase
[278.140s][info][gc,phases      ] GC(371) Summary Phase 0.079ms
[278.140s][info][gc,phases,start] GC(371) Adjust Roots
[278.141s][info][gc,phases      ] GC(371) Adjust Roots 0.187ms
[278.141s][info][gc,phases,start] GC(371) Compaction Phase
[278.723s][info][gc,phases      ] GC(371) Compaction Phase 582.825ms
[278.723s][info][gc,phases,start] GC(371) Post Compact
[278.736s][info][gc,phases      ] GC(371) Post Compact 12.025ms
[278.736s][info][gc,heap        ] GC(371) PSYoungGen: 210497K(410112K)->210497K(410112K) Eden: 100863K(100864K)->100863K(100864K) From: 109633K(309248K)->109633K(309248K)
[278.736s][info][gc,heap        ] GC(371) ParOldGen: 7782358K(7782400K)->7782358K(7782400K)
[278.736s][info][gc,metaspace   ] GC(371) Metaspace: 6299K(6464K)->6299K(6464K) NonClass: 5765K(5824K)->5765K(5824K) Class: 533K(640K)->533K(640K)
[278.736s][info][gc             ] GC(371) Pause Full (Ergonomics) 7805M->7805M(8000M) 2411.875ms
[278.736s][info][gc,cpu         ] GC(371) User=18.00s Sys=0.00s Real=2.41s
[278.736s][info][gc,start       ] GC(372) Pause Full (Ergonomics)
[278.736s][info][gc,phases,start] GC(372) Marking Phase
[280.554s][info][gc,phases      ] GC(372) Marking Phase 1818.581ms
[280.555s][info][gc,phases,start] GC(372) Summary Phase
[280.555s][info][gc,phases      ] GC(372) Summary Phase 0.081ms
[280.555s][info][gc,phases,start] GC(372) Adjust Roots
[280.555s][info][gc,phases      ] GC(372) Adjust Roots 0.190ms
[280.555s][info][gc,phases,start] GC(372) Compaction Phase
[281.136s][info][gc,phases      ] GC(372) Compaction Phase 580.832ms
[281.136s][info][gc,phases,start] GC(372) Post Compact
[281.148s][info][gc,phases      ] GC(372) Post Compact 11.963ms
[281.148s][info][gc,heap        ] GC(372) PSYoungGen: 210497K(410112K)->210497K(410112K) Eden: 100863K(100864K)->100863K(100864K) From: 109633K(309248K)->109633K(309248K)
[281.148s][info][gc,heap        ] GC(372) ParOldGen: 7782362K(7782400K)->7782362K(7782400K)
[281.148s][info][gc,metaspace   ] GC(372) Metaspace: 6299K(6464K)->6299K(6464K) NonClass: 5765K(5824K)->5765K(5824K) Class: 533K(640K)->533K(640K)
[281.148s][info][gc             ] GC(372) Pause Full (Ergonomics) 7805M->7805M(8000M) 2411.991ms
[281.148s][info][gc,cpu         ] GC(372) User=18.03s Sys=0.00s Real=2.41s
[281.148s][info][gc,start       ] GC(373) Pause Full (Ergonomics)
[281.148s][info][gc,phases,start] GC(373) Marking Phase
[282.948s][info][gc,phases      ] GC(373) Marking Phase 1800.283ms
[282.948s][info][gc,phases,start] GC(373) Summary Phase
[282.949s][info][gc,phases      ] GC(373) Summary Phase 0.083ms
[282.949s][info][gc,phases,start] GC(373) Adjust Roots
[282.949s][info][gc,phases      ] GC(373) Adjust Roots 0.178ms
[282.949s][info][gc,phases,start] GC(373) Compaction Phase
[283.527s][info][gc,phases      ] GC(373) Compaction Phase 578.534ms
[283.527s][info][gc,phases,start] GC(373) Post Compact
[283.540s][info][gc,phases      ] GC(373) Post Compact 12.154ms
[283.540s][info][gc,heap        ] GC(373) PSYoungGen: 210497K(410112K)->210497K(410112K) Eden: 100863K(100864K)->100863K(100864K) From: 109633K(309248K)->109633K(309248K)
[283.540s][info][gc,heap        ] GC(373) ParOldGen: 7782367K(7782400K)->7782367K(7782400K)
[283.540s][info][gc,metaspace   ] GC(373) Metaspace: 6299K(6464K)->6299K(6464K) NonClass: 5765K(5824K)->5765K(5824K) Class: 533K(640K)->533K(640K)
[283.540s][info][gc             ] GC(373) Pause Full (Ergonomics) 7805M->7805M(8000M) 2391.606ms
[283.540s][info][gc,cpu         ] GC(373) User=17.75s Sys=0.00s Real=2.39s
[283.540s][info][gc,start       ] GC(374) Pause Full (Ergonomics)
[283.540s][info][gc,phases,start] GC(374) Marking Phase
[285.358s][info][gc,phases      ] GC(374) Marking Phase 1817.755ms
[285.358s][info][gc,phases,start] GC(374) Summary Phase
[285.358s][info][gc,phases      ] GC(374) Summary Phase 0.079ms
[285.358s][info][gc,phases,start] GC(374) Adjust Roots
[285.358s][info][gc,phases      ] GC(374) Adjust Roots 0.172ms
[285.358s][info][gc,phases,start] GC(374) Compaction Phase
[285.945s][info][gc,phases      ] GC(374) Compaction Phase 586.696ms
[285.945s][info][gc,phases,start] GC(374) Post Compact
[285.957s][info][gc,phases      ] GC(374) Post Compact 12.081ms
[285.957s][info][gc,heap        ] GC(374) PSYoungGen: 210497K(410112K)->210497K(410112K) Eden: 100863K(100864K)->100863K(100864K) From: 109633K(309248K)->109633K(309248K)
[285.957s][info][gc,heap        ] GC(374) ParOldGen: 7782372K(7782400K)->7782372K(7782400K)
[285.957s][info][gc,metaspace   ] GC(374) Metaspace: 6299K(6464K)->6299K(6464K) NonClass: 5765K(5824K)->5765K(5824K) Class: 533K(640K)->533K(640K)
[285.957s][info][gc             ] GC(374) Pause Full (Ergonomics) 7805M->7805M(8000M) 2417.122ms
[285.957s][info][gc,cpu         ] GC(374) User=18.12s Sys=0.00s Real=2.42s
[285.957s][info][gc,start       ] GC(375) Pause Full (Ergonomics)
[285.957s][info][gc,phases,start] GC(375) Marking Phase
[287.775s][info][gc,phases      ] GC(375) Marking Phase 1818.017ms
[287.775s][info][gc,phases,start] GC(375) Summary Phase
[287.775s][info][gc,phases      ] GC(375) Summary Phase 0.095ms
[287.775s][info][gc,phases,start] GC(375) Adjust Roots
[287.776s][info][gc,phases      ] GC(375) Adjust Roots 0.192ms
[287.776s][info][gc,phases,start] GC(375) Compaction Phase
[288.356s][info][gc,phases      ] GC(375) Compaction Phase 580.473ms
[288.356s][info][gc,phases,start] GC(375) Post Compact
[288.368s][info][gc,phases      ] GC(375) Post Compact 12.118ms
[288.368s][info][gc,heap        ] GC(375) PSYoungGen: 210497K(410112K)->210497K(410112K) Eden: 100863K(100864K)->100863K(100864K) From: 109633K(309248K)->109633K(309248K)
[288.368s][info][gc,heap        ] GC(375) ParOldGen: 7782377K(7782400K)->7782377K(7782400K)
[288.368s][info][gc,metaspace   ] GC(375) Metaspace: 6299K(6464K)->6299K(6464K) NonClass: 5765K(5824K)->5765K(5824K) Class: 533K(640K)->533K(640K)
[288.368s][info][gc             ] GC(375) Pause Full (Ergonomics) 7805M->7805M(8000M) 2411.246ms
[288.369s][info][gc,cpu         ] GC(375) User=17.92s Sys=0.00s Real=2.41s
[288.369s][info][gc,start       ] GC(376) Pause Full (Ergonomics)
[288.369s][info][gc,phases,start] GC(376) Marking Phase
[290.199s][info][gc,phases      ] GC(376) Marking Phase 1830.709ms
[290.200s][info][gc,phases,start] GC(376) Summary Phase
[290.200s][info][gc,phases      ] GC(376) Summary Phase 0.079ms
[290.200s][info][gc,phases,start] GC(376) Adjust Roots
[290.200s][info][gc,phases      ] GC(376) Adjust Roots 0.169ms
[290.200s][info][gc,phases,start] GC(376) Compaction Phase
[290.767s][info][gc,phases      ] GC(376) Compaction Phase 567.116ms
[290.767s][info][gc,phases,start] GC(376) Post Compact
[290.779s][info][gc,phases      ] GC(376) Post Compact 12.019ms
[290.779s][info][gc,heap        ] GC(376) PSYoungGen: 210497K(410112K)->210497K(410112K) Eden: 100863K(100864K)->100863K(100864K) From: 109633K(309248K)->109633K(309248K)
[290.779s][info][gc,heap        ] GC(376) ParOldGen: 7782382K(7782400K)->7782382K(7782400K)
[290.779s][info][gc,metaspace   ] GC(376) Metaspace: 6299K(6464K)->6299K(6464K) NonClass: 5765K(5824K)->5765K(5824K) Class: 533K(640K)->533K(640K)
[290.779s][info][gc             ] GC(376) Pause Full (Ergonomics) 7805M->7805M(8000M) 2410.458ms
[290.779s][info][gc,cpu         ] GC(376) User=17.95s Sys=0.00s Real=2.41s
[290.779s][info][gc,start       ] GC(377) Pause Full (Ergonomics)
[290.779s][info][gc,phases,start] GC(377) Marking Phase
[292.560s][info][gc,phases      ] GC(377) Marking Phase 1780.442ms
[292.560s][info][gc,phases,start] GC(377) Summary Phase
[292.560s][info][gc,phases      ] GC(377) Summary Phase 0.080ms
[292.560s][info][gc,phases,start] GC(377) Adjust Roots
[292.560s][info][gc,phases      ] GC(377) Adjust Roots 0.172ms
[292.560s][info][gc,phases,start] GC(377) Compaction Phase
[293.131s][info][gc,phases      ] GC(377) Compaction Phase 570.511ms
[293.131s][info][gc,phases,start] GC(377) Post Compact
[293.143s][info][gc,phases      ] GC(377) Post Compact 11.931ms
[293.143s][info][gc,heap        ] GC(377) PSYoungGen: 210497K(410112K)->210497K(410112K) Eden: 100863K(100864K)->100863K(100864K) From: 109633K(309248K)->109633K(309248K)
[293.143s][info][gc,heap        ] GC(377) ParOldGen: 7782387K(7782400K)->7782387K(7782400K)
[293.143s][info][gc,metaspace   ] GC(377) Metaspace: 6299K(6464K)->6299K(6464K) NonClass: 5765K(5824K)->5765K(5824K) Class: 533K(640K)->533K(640K)
[293.143s][info][gc             ] GC(377) Pause Full (Ergonomics) 7805M->7805M(8000M) 2363.506ms
[293.143s][info][gc,cpu         ] GC(377) User=17.70s Sys=0.00s Real=2.36s
[293.143s][info][gc,start       ] GC(378) Pause Full (Ergonomics)
[293.143s][info][gc,phases,start] GC(378) Marking Phase
[294.965s][info][gc,phases      ] GC(378) Marking Phase 1821.544ms
[294.965s][info][gc,phases,start] GC(378) Summary Phase
[294.965s][info][gc,phases      ] GC(378) Summary Phase 0.079ms
[294.965s][info][gc,phases,start] GC(378) Adjust Roots
[294.965s][info][gc,phases      ] GC(378) Adjust Roots 0.170ms
[294.965s][info][gc,phases,start] GC(378) Compaction Phase
[295.537s][info][gc,phases      ] GC(378) Compaction Phase 571.820ms
[295.537s][info][gc,phases,start] GC(378) Post Compact
[295.549s][info][gc,phases      ] GC(378) Post Compact 12.050ms
[295.549s][info][gc,heap        ] GC(378) PSYoungGen: 210497K(410112K)->210497K(410112K) Eden: 100863K(100864K)->100863K(100864K) From: 109633K(309248K)->109633K(309248K)
[295.549s][info][gc,heap        ] GC(378) ParOldGen: 7782391K(7782400K)->7782391K(7782400K)
[295.549s][info][gc,metaspace   ] GC(378) Metaspace: 6299K(6464K)->6299K(6464K) NonClass: 5765K(5824K)->5765K(5824K) Class: 533K(640K)->533K(640K)
[295.549s][info][gc             ] GC(378) Pause Full (Ergonomics) 7805M->7805M(8000M) 2406.010ms
[295.549s][info][gc,cpu         ] GC(378) User=17.89s Sys=0.00s Real=2.41s
[295.549s][info][gc,start       ] GC(379) Pause Full (Ergonomics)
[295.549s][info][gc,phases,start] GC(379) Marking Phase
[297.371s][info][gc,phases      ] GC(379) Marking Phase 1821.992ms
[297.371s][info][gc,phases,start] GC(379) Summary Phase
[297.372s][info][gc,phases      ] GC(379) Summary Phase 0.086ms
[297.372s][info][gc,phases,start] GC(379) Adjust Roots
[297.372s][info][gc,phases      ] GC(379) Adjust Roots 0.209ms
[297.372s][info][gc,phases,start] GC(379) Compaction Phase
[297.961s][info][gc,phases      ] GC(379) Compaction Phase 588.931ms
[297.961s][info][gc,phases,start] GC(379) Post Compact
[297.973s][info][gc,phases      ] GC(379) Post Compact 12.165ms
[297.973s][info][gc,heap        ] GC(379) PSYoungGen: 210497K(410112K)->210497K(410112K) Eden: 100863K(100864K)->100863K(100864K) From: 109633K(309248K)->109633K(309248K)
[297.973s][info][gc,heap        ] GC(379) ParOldGen: 7782396K(7782400K)->7782396K(7782400K)
[297.973s][info][gc,metaspace   ] GC(379) Metaspace: 6299K(6464K)->6299K(6464K) NonClass: 5765K(5824K)->5765K(5824K) Class: 533K(640K)->533K(640K)
[297.973s][info][gc             ] GC(379) Pause Full (Ergonomics) 7805M->7805M(8000M) 2423.742ms
[297.973s][info][gc,cpu         ] GC(379) User=17.89s Sys=0.02s Real=2.42s
[297.973s][info][gc,start       ] GC(380) Pause Full (Ergonomics)
[297.973s][info][gc,phases,start] GC(380) Marking Phase
[299.771s][info][gc,phases      ] GC(380) Marking Phase 1798.150ms
[299.772s][info][gc,phases,start] GC(380) Summary Phase
[299.772s][info][gc,phases      ] GC(380) Summary Phase 0.079ms
[299.772s][info][gc,phases,start] GC(380) Adjust Roots
[299.772s][info][gc,phases      ] GC(380) Adjust Roots 0.183ms
[299.772s][info][gc,phases,start] GC(380) Compaction Phase
[300.346s][info][gc,phases      ] GC(380) Compaction Phase 573.871ms
[300.346s][info][gc,phases,start] GC(380) Post Compact
[300.358s][info][gc,phases      ] GC(380) Post Compact 12.036ms
[300.358s][info][gc,heap        ] GC(380) PSYoungGen: 210497K(410112K)->210497K(410112K) Eden: 100863K(100864K)->100863K(100864K) From: 109633K(309248K)->109633K(309248K)
[300.358s][info][gc,heap        ] GC(380) ParOldGen: 7782399K(7782400K)->7782399K(7782400K)
[300.358s][info][gc,metaspace   ] GC(380) Metaspace: 6299K(6464K)->6299K(6464K) NonClass: 5765K(5824K)->5765K(5824K) Class: 533K(640K)->533K(640K)
[300.358s][info][gc             ] GC(380) Pause Full (Ergonomics) 7805M->7805M(8000M) 2384.635ms
[300.358s][info][gc,cpu         ] GC(380) User=17.78s Sys=0.00s Real=2.38s
[300.358s][info][gc,start       ] GC(381) Pause Full (Allocation Failure)
[300.358s][info][gc,phases,start] GC(381) Marking Phase
[302.192s][info][gc,phases      ] GC(381) Marking Phase 1833.657ms
[302.192s][info][gc,phases,start] GC(381) Summary Phase
[302.192s][info][gc,phases      ] GC(381) Summary Phase 0.080ms
[302.192s][info][gc,phases,start] GC(381) Adjust Roots
[302.192s][info][gc,phases      ] GC(381) Adjust Roots 0.376ms
[302.192s][info][gc,phases,start] GC(381) Compaction Phase
[304.206s][info][gc,phases      ] GC(381) Compaction Phase 2014.178ms
[304.207s][info][gc,phases,start] GC(381) Post Compact
[304.219s][info][gc,phases      ] GC(381) Post Compact 12.104ms
[304.219s][info][gc,heap        ] GC(381) PSYoungGen: 210497K(410112K)->210497K(410112K) Eden: 100863K(100864K)->100863K(100864K) From: 109633K(309248K)->109633K(309248K)
[304.219s][info][gc,heap        ] GC(381) ParOldGen: 7782399K(7782400K)->7782395K(7782400K)
[304.219s][info][gc,metaspace   ] GC(381) Metaspace: 6299K(6464K)->6297K(6464K) NonClass: 5765K(5824K)->5764K(5824K) Class: 533K(640K)->532K(640K)
[304.219s][info][gc             ] GC(381) Pause Full (Allocation Failure) 7805M->7805M(8000M) 3860.757ms
[304.219s][info][gc,cpu         ] GC(381) User=28.86s Sys=0.02s Real=3.86s
[304.219s][info][gc,start       ] GC(382) Pause Full (Ergonomics)
[304.219s][info][gc,phases,start] GC(382) Marking Phase
[306.047s][info][gc,phases      ] GC(382) Marking Phase 1827.970ms
[306.047s][info][gc,phases,start] GC(382) Summary Phase
[306.047s][info][gc,phases      ] GC(382) Summary Phase 0.082ms
[306.047s][info][gc,phases,start] GC(382) Adjust Roots
[306.048s][info][gc,phases      ] GC(382) Adjust Roots 0.222ms
[306.048s][info][gc,phases,start] GC(382) Compaction Phase
[306.616s][info][gc,phases      ] GC(382) Compaction Phase 568.600ms
[306.616s][info][gc,phases,start] GC(382) Post Compact
[306.631s][info][gc,phases      ] GC(382) Post Compact 14.210ms
[306.631s][info][gc,heap        ] GC(382) PSYoungGen: 210497K(410112K)->210497K(410112K) Eden: 100863K(100864K)->100863K(100864K) From: 109633K(309248K)->109633K(309248K)
[306.631s][info][gc,heap        ] GC(382) ParOldGen: 7782397K(7782400K)->7782397K(7782400K)
[306.631s][info][gc,metaspace   ] GC(382) Metaspace: 6297K(6464K)->6297K(6464K) NonClass: 5764K(5824K)->5764K(5824K) Class: 532K(640K)->532K(640K)
[306.631s][info][gc             ] GC(382) Pause Full (Ergonomics) 7805M->7805M(8000M) 2411.471ms
[306.631s][info][gc,cpu         ] GC(382) User=17.72s Sys=0.00s Real=2.41s
[306.631s][info][gc,start       ] GC(383) Pause Full (Ergonomics)
[306.631s][info][gc,phases,start] GC(383) Marking Phase
[308.447s][info][gc,phases      ] GC(383) Marking Phase 1815.894ms
[308.447s][info][gc,phases,start] GC(383) Summary Phase
[308.447s][info][gc,phases      ] GC(383) Summary Phase 0.091ms
[308.447s][info][gc,phases,start] GC(383) Adjust Roots
[308.447s][info][gc,phases      ] GC(383) Adjust Roots 0.213ms
[308.447s][info][gc,phases,start] GC(383) Compaction Phase
[309.087s][info][gc,phases      ] GC(383) Compaction Phase 639.670ms
[309.087s][info][gc,phases,start] GC(383) Post Compact
[309.101s][info][gc,phases      ] GC(383) Post Compact 13.738ms
[309.101s][info][gc,heap        ] GC(383) PSYoungGen: 210497K(410112K)->210497K(410112K) Eden: 100863K(100864K)->100863K(100864K) From: 109633K(309248K)->109633K(309248K)
[309.101s][info][gc,heap        ] GC(383) ParOldGen: 7782399K(7782400K)->7782399K(7782400K)
[309.101s][info][gc,metaspace   ] GC(383) Metaspace: 6297K(6464K)->6297K(6464K) NonClass: 5764K(5824K)->5764K(5824K) Class: 532K(640K)->532K(640K)
[309.101s][info][gc             ] GC(383) Pause Full (Ergonomics) 7805M->7805M(8000M) 2470.024ms
[309.101s][info][gc,cpu         ] GC(383) User=17.80s Sys=0.00s Real=2.47s
[309.101s][info][gc,start       ] GC(384) Pause Full (Allocation Failure)
[309.101s][info][gc,phases,start] GC(384) Marking Phase
[310.909s][info][gc,phases      ] GC(384) Marking Phase 1807.462ms
[310.909s][info][gc,phases,start] GC(384) Summary Phase
[310.909s][info][gc,phases      ] GC(384) Summary Phase 0.093ms
[310.909s][info][gc,phases,start] GC(384) Adjust Roots
[310.909s][info][gc,phases      ] GC(384) Adjust Roots 0.212ms
[310.909s][info][gc,phases,start] GC(384) Compaction Phase
[311.468s][info][gc,phases      ] GC(384) Compaction Phase 559.177ms
[311.468s][info][gc,phases,start] GC(384) Post Compact
[311.482s][info][gc,phases      ] GC(384) Post Compact 13.878ms
[311.482s][info][gc,heap        ] GC(384) PSYoungGen: 210497K(410112K)->210497K(410112K) Eden: 100863K(100864K)->100863K(100864K) From: 109633K(309248K)->109633K(309248K)
[311.482s][info][gc,heap        ] GC(384) ParOldGen: 7782399K(7782400K)->7782399K(7782400K)
[311.482s][info][gc,metaspace   ] GC(384) Metaspace: 6297K(6464K)->6297K(6464K) NonClass: 5764K(5824K)->5764K(5824K) Class: 532K(640K)->532K(640K)
[311.482s][info][gc             ] GC(384) Pause Full (Allocation Failure) 7805M->7805M(8000M) 2381.206ms
[311.482s][info][gc,cpu         ] GC(384) User=17.88s Sys=0.00s Real=2.38s
[311.483s][info][gc,start       ] GC(385) Pause Full (Ergonomics)
[311.483s][info][gc,phases,start] GC(385) Marking Phase
[313.307s][info][gc,phases      ] GC(385) Marking Phase 1824.414ms
[313.307s][info][gc,phases,start] GC(385) Summary Phase
[313.308s][info][gc,phases      ] GC(385) Summary Phase 0.095ms
[313.308s][info][gc,phases,start] GC(385) Adjust Roots
[313.308s][info][gc,phases      ] GC(385) Adjust Roots 0.287ms
[313.308s][info][gc,phases,start] GC(385) Compaction Phase
[315.347s][info][gc,phases      ] GC(385) Compaction Phase 2039.467ms
[315.347s][info][gc,phases,start] GC(385) Post Compact
[315.361s][info][gc,phases      ] GC(385) Post Compact 13.119ms
[315.361s][info][gc,heap        ] GC(385) PSYoungGen: 210497K(410112K)->210497K(410112K) Eden: 100864K(100864K)->100864K(100864K) From: 109633K(309248K)->109633K(309248K)
[315.361s][info][gc,heap        ] GC(385) ParOldGen: 7782399K(7782400K)->7782398K(7782400K)
[315.361s][info][gc,metaspace   ] GC(385) Metaspace: 6297K(6464K)->6297K(6464K) NonClass: 5764K(5824K)->5764K(5824K) Class: 532K(640K)->532K(640K)
[315.361s][info][gc             ] GC(385) Pause Full (Ergonomics) 7805M->7805M(8000M) 3877.769ms
[315.361s][info][gc,cpu         ] GC(385) User=28.70s Sys=0.05s Real=3.88s
[315.362s][info][gc,start       ] GC(386) Pause Full (Ergonomics)
[315.362s][info][gc,phases,start] GC(386) Marking Phase
[317.182s][info][gc,phases      ] GC(386) Marking Phase 1820.842ms
[317.183s][info][gc,phases,start] GC(386) Summary Phase
[317.183s][info][gc,phases      ] GC(386) Summary Phase 0.119ms
[317.183s][info][gc,phases,start] GC(386) Adjust Roots
[317.183s][info][gc,phases      ] GC(386) Adjust Roots 0.269ms
[317.183s][info][gc,phases,start] GC(386) Compaction Phase
[319.199s][info][gc,phases      ] GC(386) Compaction Phase 2016.466ms
[319.200s][info][gc,phases,start] GC(386) Post Compact
[319.213s][info][gc,phases      ] GC(386) Post Compact 13.096ms
[319.213s][info][gc,heap        ] GC(386) PSYoungGen: 210497K(410112K)->210497K(410112K) Eden: 100864K(100864K)->100864K(100864K) From: 109633K(309248K)->109633K(309248K)
[319.213s][info][gc,heap        ] GC(386) ParOldGen: 7782399K(7782400K)->7782398K(7782400K)
[319.213s][info][gc,metaspace   ] GC(386) Metaspace: 6298K(6464K)->6298K(6464K) NonClass: 5764K(5824K)->5764K(5824K) Class: 533K(640K)->533K(640K)
[319.213s][info][gc             ] GC(386) Pause Full (Ergonomics) 7805M->7805M(8000M) 3851.193ms
[319.213s][info][gc,cpu         ] GC(386) User=28.09s Sys=0.05s Real=3.85s
[319.214s][info][gc,heap,exit   ] Heap
[319.214s][info][gc,heap,exit   ]  PSYoungGen      total 410112K, used 210497K [0x0000000712800000, 0x000000073fa00000, 0x0000000800000000)
[319.214s][info][gc,heap,exit   ]   eden space 100864K, 100% used [0x0000000712800000,0x0000000718a80000,0x0000000718a80000)
[319.214s][info][gc,heap,exit   ]   from space 309248K, 35% used [0x000000072bc80000,0x0000000732790778,0x000000073ea80000)
[319.214s][info][gc,heap,exit   ]   to   space 313344K, 0% used [0x0000000718a80000,0x0000000718a80000,0x000000072bc80000)
[319.214s][info][gc,heap,exit   ]  ParOldGen       total 7782400K, used 7782399K [0x0000000537800000, 0x0000000712800000, 0x0000000712800000)
[319.214s][info][gc,heap,exit   ]   object space 7782400K, 99% used [0x0000000537800000,0x00000007127ffcb0,0x0000000712800000)
[319.214s][info][gc,heap,exit   ]  Metaspace       used 6302K, committed 6464K, reserved 1114112K
[319.214s][info][gc,heap,exit   ]   class space    used 534K, committed 640K, reserved 1048576K
