[0.013s][info][gc,init] CardTable entry size: 512
[0.014s][info][gc     ] Using Parallel
[0.015s][info][gc,init] Version: 18.0.1+10 (release)
[0.015s][info][gc,init] CPUs: 8 total, 8 available
[0.015s][info][gc,init] Memory: 16063M
[0.015s][info][gc,init] Large Page Support: Disabled
[0.015s][info][gc,init] NUMA Support: Disabled
[0.015s][info][gc,init] Compressed Oops: Enabled (Zero based)
[0.015s][info][gc,init] Alignments: Space 512K, Generation 512K, Heap 2M
[0.015s][info][gc,init] Heap Min Capacity: 2M
[0.015s][info][gc,init] Heap Initial Capacity: 2M
[0.015s][info][gc,init] Heap Max Capacity: 15200M
[0.016s][info][gc,init] Pre-touch: Disabled
[0.016s][info][gc,init] Parallel Workers: 8
[0.016s][info][gc,metaspace] CDS archive(s) not mapped
[0.016s][info][gc,metaspace] Compressed class space mapped at: 0x0000000800000000-0x0000000840000000, reserved size: 1073741824
[0.016s][info][gc,metaspace] Narrow klass base: 0x0000000800000000, Narrow klass shift: 0, Narrow klass range: 0x40000000
[0.134s][info][gc,start    ] GC(0) Pause Young (Allocation Failure)
[0.135s][info][gc,heap     ] GC(0) PSYoungGen: 512K(1024K)->480K(1024K) Eden: 512K(512K)->0K(512K) From: 0K(512K)->480K(512K)
[0.135s][info][gc,heap     ] GC(0) ParOldGen: 0K(512K)->8K(512K)
[0.135s][info][gc,metaspace] GC(0) Metaspace: 4229K(4352K)->4229K(4352K) NonClass: 3908K(3968K)->3908K(3968K) Class: 321K(384K)->321K(384K)
[0.135s][info][gc          ] GC(0) Pause Young (Allocation Failure) 0M->0M(1M) 1.460ms
[0.135s][info][gc,cpu      ] GC(0) User=0.00s Sys=0.00s Real=0.00s
[0.203s][info][gc,start    ] GC(1) Pause Young (Allocation Failure)
[0.204s][info][gc,heap     ] GC(1) PSYoungGen: 991K(1024K)->512K(1536K) Eden: 511K(512K)->0K(1024K) From: 480K(512K)->512K(512K)
[0.204s][info][gc,heap     ] GC(1) ParOldGen: 8K(512K)->104K(512K)
[0.204s][info][gc,metaspace] GC(1) Metaspace: 5877K(6016K)->5877K(6016K) NonClass: 5381K(5504K)->5381K(5504K) Class: 496K(512K)->496K(512K)
[0.204s][info][gc          ] GC(1) Pause Young (Allocation Failure) 0M->0M(2M) 0.898ms
[0.204s][info][gc,cpu      ] GC(1) User=0.00s Sys=0.00s Real=0.00s
[0.226s][info][gc,start    ] GC(2) Pause Young (Allocation Failure)
[0.227s][info][gc,heap     ] GC(2) PSYoungGen: 1536K(1536K)->512K(1536K) Eden: 1024K(1024K)->0K(1024K) From: 512K(512K)->512K(512K)
[0.227s][info][gc,heap     ] GC(2) ParOldGen: 104K(512K)->512K(1024K)
[0.227s][info][gc,metaspace] GC(2) Metaspace: 6296K(6464K)->6296K(6464K) NonClass: 5763K(5824K)->5763K(5824K) Class: 533K(640K)->533K(640K)
[0.227s][info][gc          ] GC(2) Pause Young (Allocation Failure) 1M->1M(2M) 1.364ms
[0.227s][info][gc,cpu      ] GC(2) User=0.00s Sys=0.00s Real=0.00s
[0.229s][info][gc,start    ] GC(3) Pause Young (Allocation Failure)
[0.230s][info][gc,heap     ] GC(3) PSYoungGen: 1536K(1536K)->480K(2560K) Eden: 1024K(1024K)->0K(2048K) From: 512K(512K)->480K(512K)
[0.230s][info][gc,heap     ] GC(3) ParOldGen: 512K(1024K)->1068K(1536K)
[0.230s][info][gc,metaspace] GC(3) Metaspace: 6296K(6464K)->6296K(6464K) NonClass: 5763K(5824K)->5763K(5824K) Class: 533K(640K)->533K(640K)
[0.230s][info][gc          ] GC(3) Pause Young (Allocation Failure) 2M->1M(4M) 1.776ms
[0.230s][info][gc,cpu      ] GC(3) User=0.00s Sys=0.00s Real=0.00s
[0.231s][info][gc,start    ] GC(4) Pause Full (Ergonomics)
[0.231s][info][gc,phases,start] GC(4) Marking Phase
[0.232s][info][gc,phases      ] GC(4) Marking Phase 1.390ms
[0.232s][info][gc,phases,start] GC(4) Summary Phase
[0.232s][info][gc,phases      ] GC(4) Summary Phase 0.019ms
[0.232s][info][gc,phases,start] GC(4) Adjust Roots
[0.232s][info][gc,phases      ] GC(4) Adjust Roots 0.403ms
[0.232s][info][gc,phases,start] GC(4) Compaction Phase
[0.235s][info][gc,phases      ] GC(4) Compaction Phase 2.562ms
[0.235s][info][gc,phases,start] GC(4) Post Compact
[0.235s][info][gc,phases      ] GC(4) Post Compact 0.093ms
[0.235s][info][gc,heap        ] GC(4) PSYoungGen: 480K(2560K)->0K(2560K) Eden: 0K(2048K)->0K(2048K) From: 480K(512K)->0K(512K)
[0.235s][info][gc,heap        ] GC(4) ParOldGen: 1068K(1536K)->1496K(3584K)
[0.235s][info][gc,metaspace   ] GC(4) Metaspace: 6296K(6464K)->6296K(6464K) NonClass: 5763K(5824K)->5763K(5824K) Class: 533K(640K)->533K(640K)
[0.235s][info][gc             ] GC(4) Pause Full (Ergonomics) 1M->1M(6M) 4.878ms
[0.235s][info][gc,cpu         ] GC(4) User=0.02s Sys=0.00s Real=0.01s
[0.239s][info][gc,start       ] GC(5) Pause Young (Allocation Failure)
[0.240s][info][gc,heap        ] GC(5) PSYoungGen: 2048K(2560K)->480K(3584K) Eden: 2048K(2048K)->0K(3072K) From: 0K(512K)->480K(512K)
[0.240s][info][gc,heap        ] GC(5) ParOldGen: 1496K(3584K)->2112K(3584K)
[0.240s][info][gc,metaspace   ] GC(5) Metaspace: 6296K(6464K)->6296K(6464K) NonClass: 5763K(5824K)->5763K(5824K) Class: 533K(640K)->533K(640K)
[0.240s][info][gc             ] GC(5) Pause Young (Allocation Failure) 3M->2M(7M) 1.243ms
[0.240s][info][gc,cpu         ] GC(5) User=0.00s Sys=0.00s Real=0.00s
[0.245s][info][gc,start       ] GC(6) Pause Young (Allocation Failure)
[0.247s][info][gc,heap        ] GC(6) PSYoungGen: 3552K(3584K)->1504K(4608K) Eden: 3072K(3072K)->0K(3072K) From: 480K(512K)->1504K(1536K)
[0.247s][info][gc,heap        ] GC(6) ParOldGen: 2112K(3584K)->2680K(3584K)
[0.247s][info][gc,metaspace   ] GC(6) Metaspace: 6296K(6464K)->6296K(6464K) NonClass: 5763K(5824K)->5763K(5824K) Class: 533K(640K)->533K(640K)
[0.247s][info][gc             ] GC(6) Pause Young (Allocation Failure) 5M->4M(8M) 2.129ms
[0.247s][info][gc,cpu         ] GC(6) User=0.00s Sys=0.00s Real=0.00s
[0.253s][info][gc,start       ] GC(7) Pause Young (Allocation Failure)
[0.256s][info][gc,heap        ] GC(7) PSYoungGen: 4576K(4608K)->2016K(7168K) Eden: 3072K(3072K)->0K(5120K) From: 1504K(1536K)->2016K(2048K)
[0.256s][info][gc,heap        ] GC(7) ParOldGen: 2680K(3584K)->3768K(4096K)
[0.256s][info][gc,metaspace   ] GC(7) Metaspace: 6296K(6464K)->6296K(6464K) NonClass: 5763K(5824K)->5763K(5824K) Class: 533K(640K)->533K(640K)
[0.256s][info][gc             ] GC(7) Pause Young (Allocation Failure) 7M->5M(11M) 2.754ms
[0.256s][info][gc,cpu         ] GC(7) User=0.00s Sys=0.00s Real=0.00s
[0.256s][info][gc,start       ] GC(8) Pause Full (Ergonomics)
[0.256s][info][gc,phases,start] GC(8) Marking Phase
[0.259s][info][gc,phases      ] GC(8) Marking Phase 3.122ms
[0.259s][info][gc,phases,start] GC(8) Summary Phase
[0.259s][info][gc,phases      ] GC(8) Summary Phase 0.018ms
[0.259s][info][gc,phases,start] GC(8) Adjust Roots
[0.259s][info][gc,phases      ] GC(8) Adjust Roots 0.375ms
[0.259s][info][gc,phases,start] GC(8) Compaction Phase
[0.263s][info][gc,phases      ] GC(8) Compaction Phase 3.729ms
[0.263s][info][gc,phases,start] GC(8) Post Compact
[0.263s][info][gc,phases      ] GC(8) Post Compact 0.041ms
[0.263s][info][gc,heap        ] GC(8) PSYoungGen: 2016K(7168K)->2012K(7168K) Eden: 0K(5120K)->0K(5120K) From: 2016K(2048K)->2012K(2048K)
[0.263s][info][gc,heap        ] GC(8) ParOldGen: 3768K(4096K)->3682K(6656K)
[0.263s][info][gc,metaspace   ] GC(8) Metaspace: 6296K(6464K)->6296K(6464K) NonClass: 5763K(5824K)->5763K(5824K) Class: 533K(640K)->533K(640K)
[0.263s][info][gc             ] GC(8) Pause Full (Ergonomics) 5M->5M(13M) 7.612ms
[0.263s][info][gc,cpu         ] GC(8) User=0.00s Sys=0.00s Real=0.01s
[0.271s][info][gc,start       ] GC(9) Pause Young (Allocation Failure)
[0.276s][info][gc,heap        ] GC(9) PSYoungGen: 7132K(7168K)->3040K(8192K) Eden: 5120K(5120K)->0K(5120K) From: 2012K(2048K)->3040K(3072K)
[0.276s][info][gc,heap        ] GC(9) ParOldGen: 3682K(6656K)->5330K(6656K)
[0.276s][info][gc,metaspace   ] GC(9) Metaspace: 6296K(6464K)->6296K(6464K) NonClass: 5763K(5824K)->5763K(5824K) Class: 533K(640K)->533K(640K)
[0.276s][info][gc             ] GC(9) Pause Young (Allocation Failure) 10M->8M(14M) 4.768ms
[0.276s][info][gc,cpu         ] GC(9) User=0.00s Sys=0.00s Real=0.01s
[0.276s][info][gc,start       ] GC(10) Pause Full (Ergonomics)
[0.276s][info][gc,phases,start] GC(10) Marking Phase
[0.281s][info][gc,phases      ] GC(10) Marking Phase 4.919ms
[0.281s][info][gc,phases,start] GC(10) Summary Phase
[0.281s][info][gc,phases      ] GC(10) Summary Phase 0.018ms
[0.281s][info][gc,phases,start] GC(10) Adjust Roots
[0.282s][info][gc,phases      ] GC(10) Adjust Roots 0.214ms
[0.282s][info][gc,phases,start] GC(10) Compaction Phase
[0.285s][info][gc,phases      ] GC(10) Compaction Phase 3.796ms
[0.285s][info][gc,phases,start] GC(10) Post Compact
[0.286s][info][gc,phases      ] GC(10) Post Compact 0.047ms
[0.286s][info][gc,heap        ] GC(10) PSYoungGen: 3040K(8192K)->2012K(8192K) Eden: 0K(5120K)->0K(5120K) From: 3040K(3072K)->2012K(3072K)
[0.286s][info][gc,heap        ] GC(10) ParOldGen: 5330K(6656K)->6318K(10752K)
[0.286s][info][gc,metaspace   ] GC(10) Metaspace: 6296K(6464K)->6296K(6464K) NonClass: 5763K(5824K)->5763K(5824K) Class: 533K(640K)->533K(640K)
[0.286s][info][gc             ] GC(10) Pause Full (Ergonomics) 8M->8M(18M) 9.404ms
[0.286s][info][gc,cpu         ] GC(10) User=0.00s Sys=0.00s Real=0.01s
[0.292s][info][gc,start       ] GC(11) Pause Young (Allocation Failure)
[0.297s][info][gc,heap        ] GC(11) PSYoungGen: 7132K(8192K)->4192K(10752K) Eden: 5120K(5120K)->0K(6144K) From: 2012K(3072K)->4192K(4608K)
[0.297s][info][gc,heap        ] GC(11) ParOldGen: 6318K(10752K)->6830K(10752K)
[0.297s][info][gc,metaspace   ] GC(11) Metaspace: 6296K(6464K)->6296K(6464K) NonClass: 5763K(5824K)->5763K(5824K) Class: 533K(640K)->533K(640K)
[0.297s][info][gc             ] GC(11) Pause Young (Allocation Failure) 13M->10M(21M) 5.761ms
[0.297s][info][gc,cpu         ] GC(11) User=0.02s Sys=0.00s Real=0.01s
[0.306s][info][gc,start       ] GC(12) Pause Young (Allocation Failure)
[0.312s][info][gc,heap        ] GC(12) PSYoungGen: 10336K(10752K)->5088K(11264K) Eden: 6144K(6144K)->0K(6144K) From: 4192K(4608K)->5088K(5120K)
[0.312s][info][gc,heap        ] GC(12) ParOldGen: 6830K(10752K)->9366K(10752K)
[0.312s][info][gc,metaspace   ] GC(12) Metaspace: 6296K(6464K)->6296K(6464K) NonClass: 5763K(5824K)->5763K(5824K) Class: 533K(640K)->533K(640K)
[0.312s][info][gc             ] GC(12) Pause Young (Allocation Failure) 16M->14M(21M) 6.541ms
[0.312s][info][gc,cpu         ] GC(12) User=0.00s Sys=0.00s Real=0.01s
[0.312s][info][gc,start       ] GC(13) Pause Full (Ergonomics)
[0.312s][info][gc,phases,start] GC(13) Marking Phase
[0.319s][info][gc,phases      ] GC(13) Marking Phase 6.810ms
[0.319s][info][gc,phases,start] GC(13) Summary Phase
[0.319s][info][gc,phases      ] GC(13) Summary Phase 0.018ms
[0.319s][info][gc,phases,start] GC(13) Adjust Roots
[0.319s][info][gc,phases      ] GC(13) Adjust Roots 0.197ms
[0.319s][info][gc,phases,start] GC(13) Compaction Phase
[0.326s][info][gc,phases      ] GC(13) Compaction Phase 6.366ms
[0.326s][info][gc,phases,start] GC(13) Post Compact
[0.326s][info][gc,phases      ] GC(13) Post Compact 0.071ms
[0.326s][info][gc,heap        ] GC(13) PSYoungGen: 5088K(11264K)->3544K(11264K) Eden: 0K(6144K)->0K(6144K) From: 5088K(5120K)->3544K(5120K)
[0.326s][info][gc,heap        ] GC(13) ParOldGen: 9366K(10752K)->10586K(16384K)
[0.326s][info][gc,metaspace   ] GC(13) Metaspace: 6296K(6464K)->6296K(6464K) NonClass: 5763K(5824K)->5763K(5824K) Class: 533K(640K)->533K(640K)
[0.326s][info][gc             ] GC(13) Pause Full (Ergonomics) 14M->13M(27M) 13.779ms
[0.326s][info][gc,cpu         ] GC(13) User=0.00s Sys=0.00s Real=0.01s
[0.331s][info][gc,start       ] GC(14) Pause Young (Allocation Failure)
[0.337s][info][gc,heap        ] GC(14) PSYoungGen: 9688K(11264K)->4608K(15872K) Eden: 6144K(6144K)->0K(8704K) From: 3544K(5120K)->4608K(7168K)
[0.337s][info][gc,heap        ] GC(14) ParOldGen: 10586K(16384K)->12738K(16384K)
[0.337s][info][gc,metaspace   ] GC(14) Metaspace: 6298K(6464K)->6298K(6464K) NonClass: 5765K(5824K)->5765K(5824K) Class: 533K(640K)->533K(640K)
[0.337s][info][gc             ] GC(14) Pause Young (Allocation Failure) 19M->16M(31M) 6.128ms
[0.338s][info][gc,cpu         ] GC(14) User=0.00s Sys=0.00s Real=0.01s
[0.344s][info][gc,start       ] GC(15) Pause Young (Allocation Failure)
[0.351s][info][gc,heap        ] GC(15) PSYoungGen: 13312K(15872K)->7168K(15872K) Eden: 8704K(8704K)->0K(8704K) From: 4608K(7168K)->7168K(7168K)
[0.351s][info][gc,heap        ] GC(15) ParOldGen: 12738K(16384K)->14690K(16384K)
[0.351s][info][gc,metaspace   ] GC(15) Metaspace: 6298K(6464K)->6298K(6464K) NonClass: 5765K(5824K)->5765K(5824K) Class: 533K(640K)->533K(640K)
[0.351s][info][gc             ] GC(15) Pause Young (Allocation Failure) 25M->21M(31M) 6.847ms
[0.351s][info][gc,cpu         ] GC(15) User=0.02s Sys=0.00s Real=0.01s
[0.351s][info][gc,start       ] GC(16) Pause Full (Ergonomics)
[0.351s][info][gc,phases,start] GC(16) Marking Phase
[0.360s][info][gc,phases      ] GC(16) Marking Phase 9.046ms
[0.360s][info][gc,phases,start] GC(16) Summary Phase
[0.360s][info][gc,phases      ] GC(16) Summary Phase 0.016ms
[0.360s][info][gc,phases,start] GC(16) Adjust Roots
[0.360s][info][gc,phases      ] GC(16) Adjust Roots 0.220ms
[0.360s][info][gc,phases,start] GC(16) Compaction Phase
[0.367s][info][gc,phases      ] GC(16) Compaction Phase 6.689ms
[0.367s][info][gc,phases,start] GC(16) Post Compact
[0.367s][info][gc,phases      ] GC(16) Post Compact 0.155ms
[0.367s][info][gc,heap        ] GC(16) PSYoungGen: 7168K(15872K)->5620K(15872K) Eden: 0K(8704K)->0K(8704K) From: 7168K(7168K)->5620K(7168K)
[0.367s][info][gc,heap        ] GC(16) ParOldGen: 14690K(16384K)->16144K(23552K)
[0.367s][info][gc,metaspace   ] GC(16) Metaspace: 6298K(6464K)->6298K(6464K) NonClass: 5765K(5824K)->5765K(5824K) Class: 533K(640K)->533K(640K)
[0.367s][info][gc             ] GC(16) Pause Full (Ergonomics) 21M->21M(38M) 16.562ms
[0.367s][info][gc,cpu         ] GC(16) User=0.00s Sys=0.00s Real=0.02s
[0.375s][info][gc,start       ] GC(17) Pause Young (Allocation Failure)
[0.384s][info][gc,heap        ] GC(17) PSYoungGen: 14324K(15872K)->5024K(20992K) Eden: 8704K(8704K)->0K(11776K) From: 5620K(7168K)->5024K(9216K)
[0.384s][info][gc,heap        ] GC(17) ParOldGen: 16144K(23552K)->21864K(23552K)
[0.384s][info][gc,metaspace   ] GC(17) Metaspace: 6298K(6464K)->6298K(6464K) NonClass: 5765K(5824K)->5765K(5824K) Class: 533K(640K)->533K(640K)
[0.384s][info][gc             ] GC(17) Pause Young (Allocation Failure) 29M->26M(43M) 8.821ms
[0.384s][info][gc,cpu         ] GC(17) User=0.00s Sys=0.00s Real=0.01s
[0.384s][info][gc,start       ] GC(18) Pause Full (Ergonomics)
[0.384s][info][gc,phases,start] GC(18) Marking Phase
[0.395s][info][gc,phases      ] GC(18) Marking Phase 10.551ms
[0.395s][info][gc,phases,start] GC(18) Summary Phase
[0.395s][info][gc,phases      ] GC(18) Summary Phase 0.016ms
[0.395s][info][gc,phases,start] GC(18) Adjust Roots
[0.395s][info][gc,phases      ] GC(18) Adjust Roots 0.178ms
[0.395s][info][gc,phases,start] GC(18) Compaction Phase
[0.404s][info][gc,phases      ] GC(18) Compaction Phase 9.313ms
[0.404s][info][gc,phases,start] GC(18) Post Compact
[0.405s][info][gc,phases      ] GC(18) Post Compact 0.092ms
[0.405s][info][gc,heap        ] GC(18) PSYoungGen: 5024K(20992K)->2945K(20992K) Eden: 0K(11776K)->0K(11776K) From: 5024K(9216K)->2945K(9216K)
[0.405s][info][gc,heap        ] GC(18) ParOldGen: 21864K(23552K)->23299K(33792K)
[0.405s][info][gc,metaspace   ] GC(18) Metaspace: 6298K(6464K)->6298K(6464K) NonClass: 5765K(5824K)->5765K(5824K) Class: 533K(640K)->533K(640K)
[0.405s][info][gc             ] GC(18) Pause Full (Ergonomics) 26M->25M(53M) 20.459ms
[0.405s][info][gc,cpu         ] GC(18) User=0.00s Sys=0.00s Real=0.02s
[0.412s][info][gc,start       ] GC(19) Pause Young (Allocation Failure)
[0.420s][info][gc,heap        ] GC(19) PSYoungGen: 14721K(20992K)->6144K(20992K) Eden: 11776K(11776K)->0K(11776K) From: 2945K(9216K)->6144K(9216K)
[0.420s][info][gc,heap        ] GC(19) ParOldGen: 23299K(33792K)->26291K(33792K)
[0.420s][info][gc,metaspace   ] GC(19) Metaspace: 6298K(6464K)->6298K(6464K) NonClass: 5765K(5824K)->5765K(5824K) Class: 533K(640K)->533K(640K)
[0.420s][info][gc             ] GC(19) Pause Young (Allocation Failure) 37M->31M(53M) 8.224ms
[0.420s][info][gc,cpu         ] GC(19) User=0.00s Sys=0.00s Real=0.01s
[0.431s][info][gc,start       ] GC(20) Pause Young (Allocation Failure)
[0.444s][info][gc,heap        ] GC(20) PSYoungGen: 17920K(20992K)->9728K(20480K) Eden: 11776K(11776K)->0K(10752K) From: 6144K(9216K)->9728K(9728K)
[0.444s][info][gc,heap        ] GC(20) ParOldGen: 26291K(33792K)->33851K(34304K)
[0.444s][info][gc,metaspace   ] GC(20) Metaspace: 6298K(6464K)->6298K(6464K) NonClass: 5765K(5824K)->5765K(5824K) Class: 533K(640K)->533K(640K)
[0.444s][info][gc             ] GC(20) Pause Young (Allocation Failure) 43M->42M(53M) 13.313ms
[0.444s][info][gc,cpu         ] GC(20) User=0.02s Sys=0.00s Real=0.01s
[0.444s][info][gc,start       ] GC(21) Pause Full (Ergonomics)
[0.444s][info][gc,phases,start] GC(21) Marking Phase
[0.461s][info][gc,phases      ] GC(21) Marking Phase 16.958ms
[0.461s][info][gc,phases,start] GC(21) Summary Phase
[0.461s][info][gc,phases      ] GC(21) Summary Phase 0.022ms
[0.461s][info][gc,phases,start] GC(21) Adjust Roots
[0.462s][info][gc,phases      ] GC(21) Adjust Roots 0.159ms
[0.462s][info][gc,phases,start] GC(21) Compaction Phase
[0.478s][info][gc,phases      ] GC(21) Compaction Phase 15.912ms
[0.478s][info][gc,phases,start] GC(21) Post Compact
[0.478s][info][gc,phases      ] GC(21) Post Compact 0.214ms
[0.478s][info][gc,heap        ] GC(21) PSYoungGen: 9728K(20480K)->9197K(20480K) Eden: 0K(10752K)->0K(10752K) From: 9728K(9728K)->9197K(9728K)
[0.478s][info][gc,heap        ] GC(21) ParOldGen: 33851K(34304K)->34191K(48640K)
[0.478s][info][gc,metaspace   ] GC(21) Metaspace: 6298K(6464K)->6298K(6464K) NonClass: 5765K(5824K)->5765K(5824K) Class: 533K(640K)->533K(640K)
[0.478s][info][gc             ] GC(21) Pause Full (Ergonomics) 42M->42M(67M) 33.658ms
[0.478s][info][gc,cpu         ] GC(21) User=0.03s Sys=0.00s Real=0.03s
[0.493s][info][gc,start       ] GC(22) Pause Young (Allocation Failure)
[0.510s][info][gc,heap        ] GC(22) PSYoungGen: 19949K(20480K)->10784K(25088K) Eden: 10752K(10752K)->0K(10752K) From: 9197K(9728K)->10784K(14336K)
[0.510s][info][gc,heap        ] GC(22) ParOldGen: 34191K(48640K)->43543K(48640K)
[0.510s][info][gc,metaspace   ] GC(22) Metaspace: 6298K(6464K)->6298K(6464K) NonClass: 5765K(5824K)->5765K(5824K) Class: 533K(640K)->533K(640K)
[0.510s][info][gc             ] GC(22) Pause Young (Allocation Failure) 52M->53M(72M) 17.323ms
[0.510s][info][gc,cpu         ] GC(22) User=0.02s Sys=0.00s Real=0.02s
[0.510s][info][gc,start       ] GC(23) Pause Full (Ergonomics)
[0.510s][info][gc,phases,start] GC(23) Marking Phase
[0.531s][info][gc,phases      ] GC(23) Marking Phase 21.119ms
[0.531s][info][gc,phases,start] GC(23) Summary Phase
[0.531s][info][gc,phases      ] GC(23) Summary Phase 0.018ms
[0.531s][info][gc,phases,start] GC(23) Adjust Roots
[0.532s][info][gc,phases      ] GC(23) Adjust Roots 0.179ms
[0.532s][info][gc,phases,start] GC(23) Compaction Phase
[0.548s][info][gc,phases      ] GC(23) Compaction Phase 16.058ms
[0.548s][info][gc,phases,start] GC(23) Post Compact
[0.548s][info][gc,phases      ] GC(23) Post Compact 0.180ms
[0.548s][info][gc,heap        ] GC(23) PSYoungGen: 10784K(25088K)->4591K(25088K) Eden: 0K(10752K)->0K(10752K) From: 10784K(14336K)->4591K(14336K)
[0.548s][info][gc,heap        ] GC(23) ParOldGen: 43543K(48640K)->48501K(66560K)
[0.548s][info][gc,metaspace   ] GC(23) Metaspace: 6298K(6464K)->6298K(6464K) NonClass: 5765K(5824K)->5765K(5824K) Class: 533K(640K)->533K(640K)
[0.548s][info][gc             ] GC(23) Pause Full (Ergonomics) 53M->51M(89M) 37.964ms
[0.548s][info][gc,cpu         ] GC(23) User=0.03s Sys=0.00s Real=0.04s
[0.559s][info][gc,start       ] GC(24) Pause Young (Allocation Failure)
[0.573s][info][gc,heap        ] GC(24) PSYoungGen: 15343K(25088K)->15360K(25600K) Eden: 10752K(10752K)->0K(10240K) From: 4591K(14336K)->15360K(15360K)
[0.573s][info][gc,heap        ] GC(24) ParOldGen: 48501K(66560K)->48501K(66560K)
[0.573s][info][gc,metaspace   ] GC(24) Metaspace: 6298K(6464K)->6298K(6464K) NonClass: 5765K(5824K)->5765K(5824K) Class: 533K(640K)->533K(640K)
[0.573s][info][gc             ] GC(24) Pause Young (Allocation Failure) 62M->62M(90M) 14.251ms
[0.573s][info][gc,cpu         ] GC(24) User=0.02s Sys=0.00s Real=0.01s
[0.583s][info][gc,start       ] GC(25) Pause Young (Allocation Failure)
[0.600s][info][gc,heap        ] GC(25) PSYoungGen: 25600K(25600K)->17920K(28160K) Eden: 10240K(10240K)->0K(10240K) From: 15360K(15360K)->17920K(17920K)
[0.600s][info][gc,heap        ] GC(25) ParOldGen: 48501K(66560K)->56261K(66560K)
[0.600s][info][gc,metaspace   ] GC(25) Metaspace: 6298K(6464K)->6298K(6464K) NonClass: 5765K(5824K)->5765K(5824K) Class: 533K(640K)->533K(640K)
[0.600s][info][gc             ] GC(25) Pause Young (Allocation Failure) 72M->72M(92M) 16.571ms
[0.600s][info][gc,cpu         ] GC(25) User=0.02s Sys=0.00s Real=0.02s
[0.610s][info][gc,start       ] GC(26) Pause Young (Allocation Failure)
[0.629s][info][gc,heap        ] GC(26) PSYoungGen: 28160K(28160K)->17408K(34816K) Eden: 10240K(10240K)->0K(10752K) From: 17920K(17920K)->17408K(24064K)
[0.629s][info][gc,heap        ] GC(26) ParOldGen: 56261K(66560K)->67181K(67584K)
[0.629s][info][gc,metaspace   ] GC(26) Metaspace: 6298K(6464K)->6298K(6464K) NonClass: 5765K(5824K)->5765K(5824K) Class: 533K(640K)->533K(640K)
[0.629s][info][gc             ] GC(26) Pause Young (Allocation Failure) 82M->82M(100M) 19.794ms
[0.629s][info][gc,cpu         ] GC(26) User=0.00s Sys=0.03s Real=0.02s
[0.630s][info][gc,start       ] GC(27) Pause Full (Ergonomics)
[0.630s][info][gc,phases,start] GC(27) Marking Phase
[0.662s][info][gc,phases      ] GC(27) Marking Phase 32.464ms
[0.662s][info][gc,phases,start] GC(27) Summary Phase
[0.662s][info][gc,phases      ] GC(27) Summary Phase 0.020ms
[0.662s][info][gc,phases,start] GC(27) Adjust Roots
[0.662s][info][gc,phases      ] GC(27) Adjust Roots 0.162ms
[0.662s][info][gc,phases,start] GC(27) Compaction Phase
[0.687s][info][gc,phases      ] GC(27) Compaction Phase 24.724ms
[0.687s][info][gc,phases,start] GC(27) Post Compact
[0.688s][info][gc,phases      ] GC(27) Post Compact 0.440ms
[0.688s][info][gc,heap        ] GC(27) PSYoungGen: 17408K(34816K)->16836K(34816K) Eden: 0K(10752K)->0K(10752K) From: 17408K(24064K)->16836K(24064K)
[0.688s][info][gc,heap        ] GC(27) ParOldGen: 67181K(67584K)->67390K(90112K)
[0.688s][info][gc,metaspace   ] GC(27) Metaspace: 6298K(6464K)->6298K(6464K) NonClass: 5765K(5824K)->5765K(5824K) Class: 533K(640K)->533K(640K)
[0.688s][info][gc             ] GC(27) Pause Full (Ergonomics) 82M->82M(122M) 58.232ms
[0.688s][info][gc,cpu         ] GC(27) User=0.06s Sys=0.00s Real=0.06s
[0.706s][info][gc,start       ] GC(28) Pause Young (Allocation Failure)
[0.728s][info][gc,heap        ] GC(28) PSYoungGen: 27588K(34816K)->24832K(36352K) Eden: 10752K(10752K)->0K(10752K) From: 16836K(24064K)->24832K(25600K)
[0.728s][info][gc,heap        ] GC(28) ParOldGen: 67390K(90112K)->74390K(90112K)
[0.728s][info][gc,metaspace   ] GC(28) Metaspace: 6298K(6464K)->6298K(6464K) NonClass: 5765K(5824K)->5765K(5824K) Class: 533K(640K)->533K(640K)
[0.728s][info][gc             ] GC(28) Pause Young (Allocation Failure) 92M->96M(123M) 21.845ms
[0.728s][info][gc,cpu         ] GC(28) User=0.03s Sys=0.00s Real=0.02s
[0.738s][info][gc,start       ] GC(29) Pause Young (Allocation Failure)
[0.757s][info][gc,heap        ] GC(29) PSYoungGen: 35584K(36352K)->21536K(40960K) Eden: 10752K(10752K)->0K(11264K) From: 24832K(25600K)->21536K(29696K)
[0.757s][info][gc,heap        ] GC(29) ParOldGen: 74390K(90112K)->84510K(90112K)
[0.757s][info][gc,metaspace   ] GC(29) Metaspace: 6298K(6464K)->6298K(6464K) NonClass: 5765K(5824K)->5765K(5824K) Class: 533K(640K)->533K(640K)
[0.757s][info][gc             ] GC(29) Pause Young (Allocation Failure) 107M->103M(128M) 18.571ms
[0.757s][info][gc,cpu         ] GC(29) User=0.02s Sys=0.02s Real=0.02s
[0.757s][info][gc,start       ] GC(30) Pause Full (Ergonomics)
[0.757s][info][gc,phases,start] GC(30) Marking Phase
[0.788s][info][gc,phases      ] GC(30) Marking Phase 30.679ms
[0.788s][info][gc,phases,start] GC(30) Summary Phase
[0.788s][info][gc,phases      ] GC(30) Summary Phase 0.019ms
[0.788s][info][gc,phases,start] GC(30) Adjust Roots
[0.788s][info][gc,phases      ] GC(30) Adjust Roots 0.156ms
[0.788s][info][gc,phases,start] GC(30) Compaction Phase
[0.814s][info][gc,phases      ] GC(30) Compaction Phase 25.529ms
[0.814s][info][gc,phases,start] GC(30) Post Compact
[0.814s][info][gc,phases      ] GC(30) Post Compact 0.339ms
[0.814s][info][gc,heap        ] GC(30) PSYoungGen: 21536K(40960K)->13778K(40960K) Eden: 0K(11264K)->0K(11264K) From: 21536K(29696K)->13778K(29696K)
[0.814s][info][gc,heap        ] GC(30) ParOldGen: 84510K(90112K)->89851K(116224K)
[0.814s][info][gc,metaspace   ] GC(30) Metaspace: 6298K(6464K)->6298K(6464K) NonClass: 5765K(5824K)->5765K(5824K) Class: 533K(640K)->533K(640K)
[0.814s][info][gc             ] GC(30) Pause Full (Ergonomics) 103M->101M(153M) 57.111ms
[0.814s][info][gc,cpu         ] GC(30) User=0.11s Sys=0.00s Real=0.06s
[0.824s][info][gc,start       ] GC(31) Pause Young (Allocation Failure)
[0.847s][info][gc,heap        ] GC(31) PSYoungGen: 25042K(40960K)->19488K(43008K) Eden: 11264K(11264K)->0K(11264K) From: 13778K(29696K)->19488K(31744K)
[0.847s][info][gc,heap        ] GC(31) ParOldGen: 89851K(116224K)->95539K(116224K)
[0.847s][info][gc,metaspace   ] GC(31) Metaspace: 6298K(6464K)->6298K(6464K) NonClass: 5765K(5824K)->5765K(5824K) Class: 533K(640K)->533K(640K)
[0.847s][info][gc             ] GC(31) Pause Young (Allocation Failure) 112M->112M(155M) 22.262ms
[0.847s][info][gc,cpu         ] GC(31) User=0.06s Sys=0.00s Real=0.02s
[0.857s][info][gc,start       ] GC(32) Pause Young (Allocation Failure)
[0.877s][info][gc,heap        ] GC(32) PSYoungGen: 30752K(43008K)->22560K(45056K) Eden: 11264K(11264K)->0K(12288K) From: 19488K(31744K)->22560K(32768K)
[0.878s][info][gc,heap        ] GC(32) ParOldGen: 95539K(116224K)->103875K(116224K)
[0.878s][info][gc,metaspace   ] GC(32) Metaspace: 6298K(6464K)->6298K(6464K) NonClass: 5765K(5824K)->5765K(5824K) Class: 533K(640K)->533K(640K)
[0.878s][info][gc             ] GC(32) Pause Young (Allocation Failure) 123M->123M(157M) 20.164ms
[0.878s][info][gc,cpu         ] GC(32) User=0.05s Sys=0.00s Real=0.02s
[0.878s][info][gc,start       ] GC(33) Pause Full (Ergonomics)
[0.878s][info][gc,phases,start] GC(33) Marking Phase
[0.914s][info][gc,phases      ] GC(33) Marking Phase 36.353ms
[0.914s][info][gc,phases,start] GC(33) Summary Phase
[0.914s][info][gc,phases      ] GC(33) Summary Phase 0.025ms
[0.914s][info][gc,phases,start] GC(33) Adjust Roots
[0.914s][info][gc,phases      ] GC(33) Adjust Roots 0.152ms
[0.914s][info][gc,phases,start] GC(33) Compaction Phase
[0.937s][info][gc,phases      ] GC(33) Compaction Phase 22.423ms
[0.937s][info][gc,phases,start] GC(33) Post Compact
[0.937s][info][gc,phases      ] GC(33) Post Compact 0.605ms
[0.938s][info][gc,heap        ] GC(33) PSYoungGen: 22560K(45056K)->10205K(45056K) Eden: 0K(12288K)->0K(12288K) From: 22560K(32768K)->10205K(32768K)
[0.938s][info][gc,heap        ] GC(33) ParOldGen: 103875K(116224K)->115893K(143360K)
[0.938s][info][gc,metaspace   ] GC(33) Metaspace: 6298K(6464K)->6298K(6464K) NonClass: 5765K(5824K)->5765K(5824K) Class: 533K(640K)->533K(640K)
[0.938s][info][gc             ] GC(33) Pause Full (Ergonomics) 123M->123M(184M) 60.042ms
[0.938s][info][gc,cpu         ] GC(33) User=0.12s Sys=0.00s Real=0.06s
[0.949s][info][gc,start       ] GC(34) Pause Young (Allocation Failure)
[0.968s][info][gc,heap        ] GC(34) PSYoungGen: 22493K(45056K)->16864K(46592K) Eden: 12288K(12288K)->0K(12288K) From: 10205K(32768K)->16864K(34304K)
[0.968s][info][gc,heap        ] GC(34) ParOldGen: 115893K(143360K)->121677K(143360K)
[0.968s][info][gc,metaspace   ] GC(34) Metaspace: 6298K(6464K)->6298K(6464K) NonClass: 5765K(5824K)->5765K(5824K) Class: 533K(640K)->533K(640K)
[0.968s][info][gc             ] GC(34) Pause Young (Allocation Failure) 135M->135M(185M) 19.286ms
[0.968s][info][gc,cpu         ] GC(34) User=0.03s Sys=0.00s Real=0.02s
[0.980s][info][gc,start       ] GC(35) Pause Young (Allocation Failure)
[0.995s][info][gc,heap        ] GC(35) PSYoungGen: 29152K(46592K)->29152K(44544K) Eden: 12288K(12288K)->0K(11264K) From: 16864K(34304K)->29152K(33280K)
[0.995s][info][gc,heap        ] GC(35) ParOldGen: 121677K(143360K)->121677K(143360K)
[0.995s][info][gc,metaspace   ] GC(35) Metaspace: 6298K(6464K)->6298K(6464K) NonClass: 5765K(5824K)->5765K(5824K) Class: 533K(640K)->533K(640K)
[0.995s][info][gc             ] GC(35) Pause Young (Allocation Failure) 147M->147M(183M) 15.190ms
[0.995s][info][gc,cpu         ] GC(35) User=0.02s Sys=0.00s Real=0.01s
[1.006s][info][gc,start       ] GC(36) Pause Young (Allocation Failure)
[1.025s][info][gc,heap        ] GC(36) PSYoungGen: 40416K(44544K)->35872K(48128K) Eden: 11264K(11264K)->0K(11264K) From: 29152K(33280K)->35872K(36864K)
[1.025s][info][gc,heap        ] GC(36) ParOldGen: 121677K(143360K)->126285K(143360K)
[1.025s][info][gc,metaspace   ] GC(36) Metaspace: 6298K(6464K)->6298K(6464K) NonClass: 5765K(5824K)->5765K(5824K) Class: 533K(640K)->533K(640K)
[1.025s][info][gc             ] GC(36) Pause Young (Allocation Failure) 158M->158M(187M) 19.396ms
[1.025s][info][gc,cpu         ] GC(36) User=0.06s Sys=0.00s Real=0.02s
[1.036s][info][gc,start       ] GC(37) Pause Young (Allocation Failure)
[1.059s][info][gc,heap        ] GC(37) PSYoungGen: 47136K(48128K)->22592K(54784K) Eden: 11264K(11264K)->0K(13312K) From: 35872K(36864K)->22592K(41472K)
[1.059s][info][gc,heap        ] GC(37) ParOldGen: 126285K(143360K)->151197K(151552K)
[1.059s][info][gc,metaspace   ] GC(37) Metaspace: 6298K(6464K)->6298K(6464K) NonClass: 5765K(5824K)->5765K(5824K) Class: 533K(640K)->533K(640K)
[1.059s][info][gc             ] GC(37) Pause Young (Allocation Failure) 169M->169M(201M) 23.084ms
[1.059s][info][gc,cpu         ] GC(37) User=0.06s Sys=0.00s Real=0.02s
[1.059s][info][gc,start       ] GC(38) Pause Full (Ergonomics)
[1.060s][info][gc,phases,start] GC(38) Marking Phase
[1.102s][info][gc,phases      ] GC(38) Marking Phase 42.811ms
[1.102s][info][gc,phases,start] GC(38) Summary Phase
[1.102s][info][gc,phases      ] GC(38) Summary Phase 0.017ms
[1.102s][info][gc,phases,start] GC(38) Adjust Roots
[1.103s][info][gc,phases      ] GC(38) Adjust Roots 0.140ms
[1.103s][info][gc,phases,start] GC(38) Compaction Phase
[1.130s][info][gc,phases      ] GC(38) Compaction Phase 27.784ms
[1.130s][info][gc,phases,start] GC(38) Post Compact
[1.131s][info][gc,phases      ] GC(38) Post Compact 0.889ms
[1.132s][info][gc,heap        ] GC(38) PSYoungGen: 22592K(54784K)->21955K(55296K) Eden: 0K(13312K)->0K(13824K) From: 22592K(41472K)->21955K(41472K)
[1.132s][info][gc,heap        ] GC(38) ParOldGen: 151197K(151552K)->151116K(185344K)
[1.132s][info][gc,metaspace   ] GC(38) Metaspace: 6298K(6464K)->6298K(6464K) NonClass: 5765K(5824K)->5765K(5824K) Class: 533K(640K)->533K(640K)
[1.132s][info][gc             ] GC(38) Pause Full (Ergonomics) 169M->169M(235M) 72.103ms
[1.132s][info][gc,cpu         ] GC(38) User=0.19s Sys=0.00s Real=0.07s
[1.158s][info][gc,start       ] GC(39) Pause Young (Allocation Failure)
[1.186s][info][gc,heap        ] GC(39) PSYoungGen: 35779K(55296K)->13888K(55808K) Eden: 13824K(13824K)->0K(13824K) From: 21955K(41472K)->13888K(41984K)
[1.186s][info][gc,heap        ] GC(39) ParOldGen: 151116K(185344K)->173444K(185344K)
[1.186s][info][gc,metaspace   ] GC(39) Metaspace: 6298K(6464K)->6298K(6464K) NonClass: 5765K(5824K)->5765K(5824K) Class: 533K(640K)->533K(640K)
[1.186s][info][gc             ] GC(39) Pause Young (Allocation Failure) 182M->182M(235M) 28.159ms
[1.186s][info][gc,cpu         ] GC(39) User=0.00s Sys=0.00s Real=0.03s
[1.186s][info][gc,start       ] GC(40) Pause Full (Ergonomics)
[1.186s][info][gc,phases,start] GC(40) Marking Phase
[1.232s][info][gc,phases      ] GC(40) Marking Phase 45.981ms
[1.232s][info][gc,phases,start] GC(40) Summary Phase
[1.232s][info][gc,phases      ] GC(40) Summary Phase 0.019ms
[1.232s][info][gc,phases,start] GC(40) Adjust Roots
[1.232s][info][gc,phases      ] GC(40) Adjust Roots 0.152ms
[1.232s][info][gc,phases,start] GC(40) Compaction Phase
[1.268s][info][gc,phases      ] GC(40) Compaction Phase 35.709ms
[1.268s][info][gc,phases,start] GC(40) Post Compact
[1.269s][info][gc,phases      ] GC(40) Post Compact 0.783ms
[1.269s][info][gc,heap        ] GC(40) PSYoungGen: 13888K(55808K)->0K(56320K) Eden: 0K(13824K)->0K(16384K) From: 13888K(41984K)->0K(39936K)
[1.269s][info][gc,heap        ] GC(40) ParOldGen: 173444K(185344K)->182785K(223232K)
[1.269s][info][gc,metaspace   ] GC(40) Metaspace: 6298K(6464K)->6298K(6464K) NonClass: 5765K(5824K)->5765K(5824K) Class: 533K(640K)->533K(640K)
[1.269s][info][gc             ] GC(40) Pause Full (Ergonomics) 182M->178M(273M) 83.210ms
[1.269s][info][gc,cpu         ] GC(40) User=0.17s Sys=0.02s Real=0.08s
[1.287s][info][gc,start       ] GC(41) Pause Young (Allocation Failure)
[1.297s][info][gc,heap        ] GC(41) PSYoungGen: 16384K(56320K)->16480K(56320K) Eden: 16384K(16384K)->0K(16384K) From: 0K(39936K)->16480K(39936K)
[1.297s][info][gc,heap        ] GC(41) ParOldGen: 182785K(223232K)->182785K(223232K)
[1.297s][info][gc,metaspace   ] GC(41) Metaspace: 6298K(6464K)->6298K(6464K) NonClass: 5765K(5824K)->5765K(5824K) Class: 533K(640K)->533K(640K)
[1.297s][info][gc             ] GC(41) Pause Young (Allocation Failure) 194M->194M(273M) 10.279ms
[1.297s][info][gc,cpu         ] GC(41) User=0.02s Sys=0.00s Real=0.01s
[1.315s][info][gc,start       ] GC(42) Pause Young (Allocation Failure)
[1.334s][info][gc,heap        ] GC(42) PSYoungGen: 32864K(56320K)->32896K(53760K) Eden: 16384K(16384K)->0K(15360K) From: 16480K(39936K)->32896K(38400K)
[1.334s][info][gc,heap        ] GC(42) ParOldGen: 182785K(223232K)->182785K(223232K)
[1.334s][info][gc,metaspace   ] GC(42) Metaspace: 6298K(6464K)->6298K(6464K) NonClass: 5765K(5824K)->5765K(5824K) Class: 533K(640K)->533K(640K)
[1.334s][info][gc             ] GC(42) Pause Young (Allocation Failure) 210M->210M(270M) 19.097ms
[1.334s][info][gc,cpu         ] GC(42) User=0.03s Sys=0.06s Real=0.02s
[1.351s][info][gc,start       ] GC(43) Pause Young (Allocation Failure)
[1.377s][info][gc,heap        ] GC(43) PSYoungGen: 48256K(53760K)->41984K(57344K) Eden: 15360K(15360K)->0K(15360K) From: 32896K(38400K)->41984K(41984K)
[1.377s][info][gc,heap        ] GC(43) ParOldGen: 182785K(223232K)->189049K(223232K)
[1.377s][info][gc,metaspace   ] GC(43) Metaspace: 6298K(6464K)->6298K(6464K) NonClass: 5765K(5824K)->5765K(5824K) Class: 533K(640K)->533K(640K)
[1.377s][info][gc             ] GC(43) Pause Young (Allocation Failure) 225M->225M(274M) 26.182ms
[1.377s][info][gc,cpu         ] GC(43) User=0.06s Sys=0.00s Real=0.03s
[1.395s][info][gc,start       ] GC(44) Pause Young (Allocation Failure)
[1.428s][info][gc,heap        ] GC(44) PSYoungGen: 57344K(57344K)->28896K(68096K) Eden: 15360K(15360K)->0K(17920K) From: 41984K(41984K)->28896K(50176K)
[1.428s][info][gc,heap        ] GC(44) ParOldGen: 189049K(223232K)->217993K(223232K)
[1.428s][info][gc,metaspace   ] GC(44) Metaspace: 6298K(6464K)->6298K(6464K) NonClass: 5765K(5824K)->5765K(5824K) Class: 533K(640K)->533K(640K)
[1.428s][info][gc             ] GC(44) Pause Young (Allocation Failure) 240M->241M(284M) 32.945ms
[1.428s][info][gc,cpu         ] GC(44) User=0.08s Sys=0.00s Real=0.03s
[1.428s][info][gc,start       ] GC(45) Pause Full (Ergonomics)
[1.428s][info][gc,phases,start] GC(45) Marking Phase
[1.493s][info][gc,phases      ] GC(45) Marking Phase 64.512ms
[1.493s][info][gc,phases,start] GC(45) Summary Phase
[1.493s][info][gc,phases      ] GC(45) Summary Phase 0.018ms
[1.493s][info][gc,phases,start] GC(45) Adjust Roots
[1.493s][info][gc,phases      ] GC(45) Adjust Roots 0.162ms
[1.493s][info][gc,phases,start] GC(45) Compaction Phase
[1.530s][info][gc,phases      ] GC(45) Compaction Phase 36.953ms
[1.530s][info][gc,phases,start] GC(45) Post Compact
[1.531s][info][gc,phases      ] GC(45) Post Compact 1.503ms
[1.532s][info][gc,heap        ] GC(45) PSYoungGen: 28896K(68096K)->23115K(68096K) Eden: 0K(17920K)->0K(17920K) From: 28896K(50176K)->23115K(50176K)
[1.532s][info][gc,heap        ] GC(45) ParOldGen: 217993K(223232K)->223041K(269824K)
[1.532s][info][gc,metaspace   ] GC(45) Metaspace: 6298K(6464K)->6298K(6464K) NonClass: 5765K(5824K)->5765K(5824K) Class: 533K(640K)->533K(640K)
[1.532s][info][gc             ] GC(45) Pause Full (Ergonomics) 241M->240M(330M) 103.887ms
[1.532s][info][gc,cpu         ] GC(45) User=0.39s Sys=0.00s Real=0.10s
[1.553s][info][gc,start       ] GC(46) Pause Young (Allocation Failure)
[1.584s][info][gc,heap        ] GC(46) PSYoungGen: 41035K(68096K)->31072K(68096K) Eden: 17920K(17920K)->0K(17920K) From: 23115K(50176K)->31072K(50176K)
[1.584s][info][gc,heap        ] GC(46) ParOldGen: 223041K(269824K)->233321K(269824K)
[1.584s][info][gc,metaspace   ] GC(46) Metaspace: 6298K(6464K)->6298K(6464K) NonClass: 5765K(5824K)->5765K(5824K) Class: 533K(640K)->533K(640K)
[1.584s][info][gc             ] GC(46) Pause Young (Allocation Failure) 257M->258M(330M) 31.539ms
[1.584s][info][gc,cpu         ] GC(46) User=0.08s Sys=0.02s Real=0.03s
[1.604s][info][gc,start       ] GC(47) Pause Young (Allocation Failure)
[1.630s][info][gc,heap        ] GC(47) PSYoungGen: 48992K(68096K)->35968K(69632K) Eden: 17920K(17920K)->0K(18944K) From: 31072K(50176K)->35968K(50688K)
[1.630s][info][gc,heap        ] GC(47) ParOldGen: 233321K(269824K)->246545K(269824K)
[1.630s][info][gc,metaspace   ] GC(47) Metaspace: 6298K(6464K)->6298K(6464K) NonClass: 5765K(5824K)->5765K(5824K) Class: 533K(640K)->533K(640K)
[1.631s][info][gc             ] GC(47) Pause Young (Allocation Failure) 275M->275M(331M) 26.440ms
[1.631s][info][gc,cpu         ] GC(47) User=0.11s Sys=0.00s Real=0.03s
[1.631s][info][gc,start       ] GC(48) Pause Full (Ergonomics)
[1.631s][info][gc,phases,start] GC(48) Marking Phase
[1.696s][info][gc,phases      ] GC(48) Marking Phase 65.847ms
[1.697s][info][gc,phases,start] GC(48) Summary Phase
[1.697s][info][gc,phases      ] GC(48) Summary Phase 0.028ms
[1.697s][info][gc,phases,start] GC(48) Adjust Roots
[1.697s][info][gc,phases      ] GC(48) Adjust Roots 0.158ms
[1.697s][info][gc,phases,start] GC(48) Compaction Phase
[1.730s][info][gc,phases      ] GC(48) Compaction Phase 33.187ms
[1.730s][info][gc,phases,start] GC(48) Post Compact
[1.732s][info][gc,phases      ] GC(48) Post Compact 1.638ms
[1.732s][info][gc,heap        ] GC(48) PSYoungGen: 35968K(69632K)->12268K(69632K) Eden: 0K(18944K)->0K(18944K) From: 35968K(50688K)->12268K(50688K)
[1.732s][info][gc,heap        ] GC(48) ParOldGen: 246545K(269824K)->269660K(317440K)
[1.732s][info][gc,metaspace   ] GC(48) Metaspace: 6298K(6464K)->6298K(6464K) NonClass: 5765K(5824K)->5765K(5824K) Class: 533K(640K)->533K(640K)
[1.732s][info][gc             ] GC(48) Pause Full (Ergonomics) 275M->275M(378M) 101.439ms
[1.732s][info][gc,cpu         ] GC(48) User=0.50s Sys=0.00s Real=0.10s
[1.754s][info][gc,start       ] GC(49) Pause Young (Allocation Failure)
[1.780s][info][gc,heap        ] GC(49) PSYoungGen: 31212K(69632K)->25056K(71168K) Eden: 18944K(18944K)->0K(18944K) From: 12268K(50688K)->25056K(52224K)
[1.780s][info][gc,heap        ] GC(49) ParOldGen: 269660K(317440K)->276044K(317440K)
[1.780s][info][gc,metaspace   ] GC(49) Metaspace: 6298K(6464K)->6298K(6464K) NonClass: 5765K(5824K)->5765K(5824K) Class: 533K(640K)->533K(640K)
[1.780s][info][gc             ] GC(49) Pause Young (Allocation Failure) 293M->294M(379M) 26.337ms
[1.780s][info][gc,cpu         ] GC(49) User=0.12s Sys=0.00s Real=0.03s
[1.802s][info][gc,start       ] GC(50) Pause Young (Allocation Failure)
[1.825s][info][gc,heap        ] GC(50) PSYoungGen: 44000K(71168K)->44064K(66560K) Eden: 18944K(18944K)->0K(16896K) From: 25056K(52224K)->44064K(49664K)
[1.825s][info][gc,heap        ] GC(50) ParOldGen: 276044K(317440K)->276044K(317440K)
[1.825s][info][gc,metaspace   ] GC(50) Metaspace: 6298K(6464K)->6298K(6464K) NonClass: 5765K(5824K)->5765K(5824K) Class: 533K(640K)->533K(640K)
[1.825s][info][gc             ] GC(50) Pause Young (Allocation Failure) 312M->312M(375M) 22.709ms
[1.825s][info][gc,cpu         ] GC(50) User=0.11s Sys=0.00s Real=0.02s
[1.844s][info][gc,start       ] GC(51) Pause Young (Allocation Failure)
[1.872s][info][gc,heap        ] GC(51) PSYoungGen: 60960K(66560K)->54272K(71168K) Eden: 16896K(16896K)->0K(16896K) From: 44064K(49664K)->54272K(54272K)
[1.872s][info][gc,heap        ] GC(51) ParOldGen: 276044K(317440K)->282700K(317440K)
[1.872s][info][gc,metaspace   ] GC(51) Metaspace: 6298K(6464K)->6298K(6464K) NonClass: 5765K(5824K)->5765K(5824K) Class: 533K(640K)->533K(640K)
[1.872s][info][gc             ] GC(51) Pause Young (Allocation Failure) 329M->329M(379M) 28.223ms
[1.872s][info][gc,cpu         ] GC(51) User=0.11s Sys=0.00s Real=0.03s
[1.951s][info][gc,start       ] GC(52) Pause Full (Ergonomics)
[1.952s][info][gc,phases,start] GC(52) Marking Phase
[2.024s][info][gc,phases      ] GC(52) Marking Phase 72.063ms
[2.024s][info][gc,phases,start] GC(52) Summary Phase
[2.024s][info][gc,phases      ] GC(52) Summary Phase 0.026ms
[2.024s][info][gc,phases,start] GC(52) Adjust Roots
[2.024s][info][gc,phases      ] GC(52) Adjust Roots 0.156ms
[2.024s][info][gc,phases,start] GC(52) Compaction Phase
[2.093s][info][gc,phases      ] GC(52) Compaction Phase 68.867ms
[2.093s][info][gc,phases,start] GC(52) Post Compact
[2.095s][info][gc,phases      ] GC(52) Post Compact 1.871ms
[2.095s][info][gc,heap        ] GC(52) PSYoungGen: 71168K(71168K)->44445K(71168K) Eden: 16896K(16896K)->0K(16896K) From: 54272K(54272K)->44445K(54272K)
[2.095s][info][gc,heap        ] GC(52) ParOldGen: 299084K(317440K)->317232K(364544K)
[2.095s][info][gc,metaspace   ] GC(52) Metaspace: 6298K(6464K)->6298K(6464K) NonClass: 5765K(5824K)->5765K(5824K) Class: 533K(640K)->533K(640K)
[2.095s][info][gc             ] GC(52) Pause Full (Ergonomics) 361M->353M(425M) 143.598ms
[2.095s][info][gc,cpu         ] GC(52) User=0.88s Sys=0.02s Real=0.14s
[2.113s][info][gc,start       ] GC(53) Pause Young (Allocation Failure)
[2.155s][info][gc,heap        ] GC(53) PSYoungGen: 61341K(71168K)->42624K(82944K) Eden: 16896K(16896K)->0K(18432K) From: 44445K(54272K)->42624K(64512K)
[2.155s][info][gc,heap        ] GC(53) ParOldGen: 317232K(364544K)->336408K(364544K)
[2.155s][info][gc,metaspace   ] GC(53) Metaspace: 6298K(6464K)->6298K(6464K) NonClass: 5765K(5824K)->5765K(5824K) Class: 533K(640K)->533K(640K)
[2.155s][info][gc             ] GC(53) Pause Young (Allocation Failure) 369M->370M(437M) 41.734ms
[2.155s][info][gc,cpu         ] GC(53) User=0.20s Sys=0.05s Real=0.04s
[2.175s][info][gc,start       ] GC(54) Pause Young (Allocation Failure)
[2.202s][info][gc,heap        ] GC(54) PSYoungGen: 61056K(82944K)->61056K(83968K) Eden: 18432K(18432K)->0K(18432K) From: 42624K(64512K)->61056K(65536K)
[2.202s][info][gc,heap        ] GC(54) ParOldGen: 336408K(364544K)->336408K(364544K)
[2.202s][info][gc,metaspace   ] GC(54) Metaspace: 6298K(6464K)->6298K(6464K) NonClass: 5765K(5824K)->5765K(5824K) Class: 533K(640K)->533K(640K)
[2.202s][info][gc             ] GC(54) Pause Young (Allocation Failure) 388M->388M(438M) 27.710ms
[2.202s][info][gc,cpu         ] GC(54) User=0.12s Sys=0.00s Real=0.03s
[2.222s][info][gc,start       ] GC(55) Pause Young (Allocation Failure)
[2.269s][info][gc,heap        ] GC(55) PSYoungGen: 79488K(83968K)->66624K(86016K) Eden: 18432K(18432K)->0K(12800K) From: 61056K(65536K)->66624K(73216K)
[2.269s][info][gc,heap        ] GC(55) ParOldGen: 336408K(364544K)->349512K(364544K)
[2.269s][info][gc,metaspace   ] GC(55) Metaspace: 6298K(6464K)->6298K(6464K) NonClass: 5765K(5824K)->5765K(5824K) Class: 533K(640K)->533K(640K)
[2.269s][info][gc             ] GC(55) Pause Young (Allocation Failure) 406M->406M(440M) 46.881ms
[2.269s][info][gc,cpu         ] GC(55) User=0.16s Sys=0.00s Real=0.05s
[2.269s][info][gc,start       ] GC(56) Pause Full (Ergonomics)
[2.269s][info][gc,phases,start] GC(56) Marking Phase
[2.357s][info][gc,phases      ] GC(56) Marking Phase 87.846ms
[2.357s][info][gc,phases,start] GC(56) Summary Phase
[2.357s][info][gc,phases      ] GC(56) Summary Phase 0.022ms
[2.357s][info][gc,phases,start] GC(56) Adjust Roots
[2.357s][info][gc,phases      ] GC(56) Adjust Roots 0.177ms
[2.357s][info][gc,phases,start] GC(56) Compaction Phase
[2.416s][info][gc,phases      ] GC(56) Compaction Phase 58.288ms
[2.416s][info][gc,phases,start] GC(56) Post Compact
[2.418s][info][gc,phases      ] GC(56) Post Compact 2.103ms
[2.418s][info][gc,heap        ] GC(56) PSYoungGen: 66624K(86016K)->50995K(86016K) Eden: 0K(12800K)->0K(12800K) From: 66624K(73216K)->50995K(73216K)
[2.418s][info][gc,heap        ] GC(56) ParOldGen: 349512K(364544K)->364352K(415744K)
[2.418s][info][gc,metaspace   ] GC(56) Metaspace: 6298K(6464K)->6298K(6464K) NonClass: 5765K(5824K)->5765K(5824K) Class: 533K(640K)->533K(640K)
[2.418s][info][gc             ] GC(56) Pause Full (Ergonomics) 406M->405M(490M) 149.102ms
[2.418s][info][gc,cpu         ] GC(56) User=0.78s Sys=0.00s Real=0.15s
[2.431s][info][gc,start       ] GC(57) Pause Young (Allocation Failure)
[2.481s][info][gc,heap        ] GC(57) PSYoungGen: 63795K(86016K)->40768K(53760K) Eden: 12800K(12800K)->0K(12800K) From: 50995K(73216K)->40768K(40960K)
[2.481s][info][gc,heap        ] GC(57) ParOldGen: 364352K(415744K)->387912K(415744K)
[2.481s][info][gc,metaspace   ] GC(57) Metaspace: 6298K(6464K)->6298K(6464K) NonClass: 5765K(5824K)->5765K(5824K) Class: 533K(640K)->533K(640K)
[2.481s][info][gc             ] GC(57) Pause Young (Allocation Failure) 418M->418M(458M) 49.883ms
[2.481s][info][gc,cpu         ] GC(57) User=0.19s Sys=0.00s Real=0.05s
[2.481s][info][gc,start       ] GC(58) Pause Full (Ergonomics)
[2.481s][info][gc,phases,start] GC(58) Marking Phase
[2.566s][info][gc,phases      ] GC(58) Marking Phase 84.822ms
[2.566s][info][gc,phases,start] GC(58) Summary Phase
[2.566s][info][gc,phases      ] GC(58) Summary Phase 0.020ms
[2.566s][info][gc,phases,start] GC(58) Adjust Roots
[2.566s][info][gc,phases      ] GC(58) Adjust Roots 0.150ms
[2.566s][info][gc,phases,start] GC(58) Compaction Phase
[2.616s][info][gc,phases      ] GC(58) Compaction Phase 49.916ms
[2.616s][info][gc,phases,start] GC(58) Post Compact
[2.619s][info][gc,phases      ] GC(58) Post Compact 2.292ms
[2.619s][info][gc,heap        ] GC(58) PSYoungGen: 40768K(53760K)->12439K(53760K) Eden: 0K(12800K)->0K(12800K) From: 40768K(40960K)->12439K(40960K)
[2.619s][info][gc,heap        ] GC(58) ParOldGen: 387912K(415744K)->415679K(474112K)
[2.619s][info][gc,metaspace   ] GC(58) Metaspace: 6298K(6464K)->6298K(6464K) NonClass: 5765K(5824K)->5765K(5824K) Class: 533K(640K)->533K(640K)
[2.619s][info][gc             ] GC(58) Pause Full (Ergonomics) 418M->418M(515M) 137.787ms
[2.619s][info][gc,cpu         ] GC(58) User=0.81s Sys=0.00s Real=0.14s
[2.632s][info][gc,start       ] GC(59) Pause Young (Allocation Failure)
[2.665s][info][gc,heap        ] GC(59) PSYoungGen: 25239K(53760K)->20096K(91136K) Eden: 12800K(12800K)->0K(14336K) From: 12439K(40960K)->20096K(76800K)
[2.665s][info][gc,heap        ] GC(59) ParOldGen: 415679K(474112K)->421047K(474112K)
[2.665s][info][gc,metaspace   ] GC(59) Metaspace: 6298K(6464K)->6298K(6464K) NonClass: 5765K(5824K)->5765K(5824K) Class: 533K(640K)->533K(640K)
[2.665s][info][gc             ] GC(59) Pause Young (Allocation Failure) 430M->430M(552M) 32.205ms
[2.665s][info][gc,cpu         ] GC(59) User=0.11s Sys=0.02s Real=0.03s
[2.679s][info][gc,start       ] GC(60) Pause Young (Allocation Failure)
[2.698s][info][gc,heap        ] GC(60) PSYoungGen: 34432K(91136K)->34464K(49152K) Eden: 14336K(14336K)->0K(14336K) From: 20096K(76800K)->34464K(34816K)
[2.698s][info][gc,heap        ] GC(60) ParOldGen: 421047K(474112K)->421047K(474112K)
[2.698s][info][gc,metaspace   ] GC(60) Metaspace: 6298K(6464K)->6298K(6464K) NonClass: 5765K(5824K)->5765K(5824K) Class: 533K(640K)->533K(640K)
[2.698s][info][gc             ] GC(60) Pause Young (Allocation Failure) 444M->444M(511M) 18.850ms
[2.698s][info][gc,cpu         ] GC(60) User=0.11s Sys=0.00s Real=0.02s
[2.713s][info][gc,start       ] GC(61) Pause Young (Allocation Failure)
[2.738s][info][gc,heap        ] GC(61) PSYoungGen: 48800K(49152K)->48768K(88576K) Eden: 14336K(14336K)->0K(15360K) From: 34464K(34816K)->48768K(73216K)
[2.738s][info][gc,heap        ] GC(61) ParOldGen: 421047K(474112K)->421047K(474112K)
[2.738s][info][gc,metaspace   ] GC(61) Metaspace: 6298K(6464K)->6298K(6464K) NonClass: 5765K(5824K)->5765K(5824K) Class: 533K(640K)->533K(640K)
[2.738s][info][gc             ] GC(61) Pause Young (Allocation Failure) 458M->458M(549M) 24.483ms
[2.738s][info][gc,cpu         ] GC(61) User=0.12s Sys=0.00s Real=0.02s
[2.755s][info][gc,start       ] GC(62) Pause Young (Allocation Failure)
[2.784s][info][gc,heap        ] GC(62) PSYoungGen: 64128K(88576K)->64128K(89600K) Eden: 15360K(15360K)->0K(15360K) From: 48768K(73216K)->64128K(74240K)
[2.784s][info][gc,heap        ] GC(62) ParOldGen: 421047K(474112K)->421047K(474112K)
[2.784s][info][gc,metaspace   ] GC(62) Metaspace: 6298K(6464K)->6298K(6464K) NonClass: 5765K(5824K)->5765K(5824K) Class: 533K(640K)->533K(640K)
[2.784s][info][gc             ] GC(62) Pause Young (Allocation Failure) 473M->473M(550M) 28.921ms
[2.784s][info][gc,cpu         ] GC(62) User=0.14s Sys=0.00s Real=0.03s
[2.800s][info][gc,start       ] GC(63) Pause Young (Allocation Failure)
[2.839s][info][gc,heap        ] GC(63) PSYoungGen: 79488K(89600K)->75296K(88576K) Eden: 15360K(15360K)->0K(8192K) From: 64128K(74240K)->75296K(80384K)
[2.839s][info][gc,heap        ] GC(63) ParOldGen: 421047K(474112K)->425375K(474112K)
[2.839s][info][gc,metaspace   ] GC(63) Metaspace: 6298K(6464K)->6298K(6464K) NonClass: 5765K(5824K)->5765K(5824K) Class: 533K(640K)->533K(640K)
[2.839s][info][gc             ] GC(63) Pause Young (Allocation Failure) 488M->488M(549M) 38.645ms
[2.839s][info][gc,cpu         ] GC(63) User=0.22s Sys=0.03s Real=0.04s
[2.848s][info][gc,start       ] GC(64) Pause Young (Allocation Failure)
[2.888s][info][gc,heap        ] GC(64) PSYoungGen: 83488K(88576K)->80512K(97792K) Eden: 8192K(8192K)->0K(8192K) From: 75296K(80384K)->80512K(89600K)
[2.888s][info][gc,heap        ] GC(64) ParOldGen: 425375K(474112K)->428367K(474112K)
[2.888s][info][gc,metaspace   ] GC(64) Metaspace: 6298K(6464K)->6298K(6464K) NonClass: 5765K(5824K)->5765K(5824K) Class: 533K(640K)->533K(640K)
[2.888s][info][gc             ] GC(64) Pause Young (Allocation Failure) 496M->496M(558M) 40.204ms
[2.888s][info][gc,cpu         ] GC(64) User=0.23s Sys=0.00s Real=0.04s
[2.897s][info][gc,start       ] GC(65) Pause Young (Allocation Failure)
[2.941s][info][gc,heap        ] GC(65) PSYoungGen: 88704K(97792K)->61504K(108544K) Eden: 8192K(8192K)->0K(9728K) From: 80512K(89600K)->61504K(98816K)
[2.941s][info][gc,heap        ] GC(65) ParOldGen: 428367K(474112K)->455823K(474112K)
[2.941s][info][gc,metaspace   ] GC(65) Metaspace: 6298K(6464K)->6298K(6464K) NonClass: 5765K(5824K)->5765K(5824K) Class: 533K(640K)->533K(640K)
[2.941s][info][gc             ] GC(65) Pause Young (Allocation Failure) 504M->505M(569M) 43.966ms
[2.941s][info][gc,cpu         ] GC(65) User=0.25s Sys=0.00s Real=0.04s
[2.941s][info][gc,start       ] GC(66) Pause Full (Ergonomics)
[2.941s][info][gc,phases,start] GC(66) Marking Phase
[3.056s][info][gc,phases      ] GC(66) Marking Phase 115.147ms
[3.056s][info][gc,phases,start] GC(66) Summary Phase
[3.056s][info][gc,phases      ] GC(66) Summary Phase 0.024ms
[3.056s][info][gc,phases,start] GC(66) Adjust Roots
[3.056s][info][gc,phases      ] GC(66) Adjust Roots 0.160ms
[3.056s][info][gc,phases,start] GC(66) Compaction Phase
[3.109s][info][gc,phases      ] GC(66) Compaction Phase 52.932ms
[3.109s][info][gc,phases,start] GC(66) Post Compact
[3.112s][info][gc,phases      ] GC(66) Post Compact 2.652ms
[3.112s][info][gc,heap        ] GC(66) PSYoungGen: 61504K(108544K)->42370K(108544K) Eden: 0K(9728K)->0K(9728K) From: 61504K(98816K)->42370K(98816K)
[3.112s][info][gc,heap        ] GC(66) ParOldGen: 455823K(474112K)->474099K(536064K)
[3.112s][info][gc,metaspace   ] GC(66) Metaspace: 6298K(6464K)->6298K(6464K) NonClass: 5765K(5824K)->5765K(5824K) Class: 533K(640K)->533K(640K)
[3.112s][info][gc             ] GC(66) Pause Full (Ergonomics) 505M->504M(629M) 171.594ms
[3.112s][info][gc,cpu         ] GC(66) User=1.05s Sys=0.02s Real=0.17s
[3.123s][info][gc,start       ] GC(67) Pause Young (Allocation Failure)
[3.168s][info][gc,heap        ] GC(67) PSYoungGen: 52098K(108544K)->31936K(41984K) Eden: 9728K(9728K)->0K(9728K) From: 42370K(98816K)->31936K(32256K)
[3.168s][info][gc,heap        ] GC(67) ParOldGen: 474099K(536064K)->494739K(536064K)
[3.168s][info][gc,metaspace   ] GC(67) Metaspace: 6298K(6464K)->6298K(6464K) NonClass: 5765K(5824K)->5765K(5824K) Class: 533K(640K)->533K(640K)
[3.168s][info][gc             ] GC(67) Pause Young (Allocation Failure) 513M->514M(564M) 45.826ms
[3.168s][info][gc,cpu         ] GC(67) User=0.23s Sys=0.03s Real=0.05s
[3.179s][info][gc,start       ] GC(68) Pause Young (Allocation Failure)
[3.200s][info][gc,heap        ] GC(68) PSYoungGen: 41664K(41984K)->25024K(105984K) Eden: 9728K(9728K)->0K(11264K) From: 31936K(32256K)->25024K(94720K)
[3.200s][info][gc,heap        ] GC(68) ParOldGen: 494739K(536064K)->511467K(536064K)
[3.200s][info][gc,metaspace   ] GC(68) Metaspace: 6298K(6464K)->6298K(6464K) NonClass: 5765K(5824K)->5765K(5824K) Class: 533K(640K)->533K(640K)
[3.200s][info][gc             ] GC(68) Pause Young (Allocation Failure) 523M->523M(627M) 21.220ms
[3.200s][info][gc,cpu         ] GC(68) User=0.12s Sys=0.00s Real=0.02s
[3.200s][info][gc,start       ] GC(69) Pause Full (Ergonomics)
[3.200s][info][gc,phases,start] GC(69) Marking Phase
[3.325s][info][gc,phases      ] GC(69) Marking Phase 124.818ms
[3.325s][info][gc,phases,start] GC(69) Summary Phase
[3.325s][info][gc,phases      ] GC(69) Summary Phase 0.044ms
[3.325s][info][gc,phases,start] GC(69) Adjust Roots
[3.325s][info][gc,phases      ] GC(69) Adjust Roots 0.196ms
[3.325s][info][gc,phases,start] GC(69) Compaction Phase
[3.372s][info][gc,phases      ] GC(69) Compaction Phase 46.606ms
[3.372s][info][gc,phases,start] GC(69) Post Compact
[3.373s][info][gc,phases      ] GC(69) Post Compact 1.026ms
[3.373s][info][gc,heap        ] GC(69) PSYoungGen: 25024K(105984K)->0K(107008K) Eden: 0K(11264K)->0K(11264K) From: 25024K(94720K)->0K(95744K)
[3.373s][info][gc,heap        ] GC(69) ParOldGen: 511467K(536064K)->535867K(604160K)
[3.373s][info][gc,metaspace   ] GC(69) Metaspace: 6298K(6464K)->6298K(6464K) NonClass: 5765K(5824K)->5765K(5824K) Class: 533K(640K)->533K(640K)
[3.373s][info][gc             ] GC(69) Pause Full (Ergonomics) 523M->523M(694M) 173.246ms
[3.373s][info][gc,cpu         ] GC(69) User=1.03s Sys=0.03s Real=0.17s
[3.386s][info][gc,start       ] GC(70) Pause Young (Allocation Failure)
[3.395s][info][gc,heap        ] GC(70) PSYoungGen: 11264K(107008K)->11360K(108032K) Eden: 11264K(11264K)->0K(12288K) From: 0K(95744K)->11360K(95744K)
[3.395s][info][gc,heap        ] GC(70) ParOldGen: 535867K(604160K)->535867K(604160K)
[3.395s][info][gc,metaspace   ] GC(70) Metaspace: 6298K(6464K)->6298K(6464K) NonClass: 5765K(5824K)->5765K(5824K) Class: 533K(640K)->533K(640K)
[3.395s][info][gc             ] GC(70) Pause Young (Allocation Failure) 534M->534M(695M) 9.303ms
[3.395s][info][gc,cpu         ] GC(70) User=0.00s Sys=0.00s Real=0.01s
[3.408s][info][gc,start       ] GC(71) Pause Young (Allocation Failure)
[3.421s][info][gc,heap        ] GC(71) PSYoungGen: 23648K(108032K)->23648K(36352K) Eden: 12288K(12288K)->0K(12288K) From: 11360K(95744K)->23648K(24064K)
[3.421s][info][gc,heap        ] GC(71) ParOldGen: 535867K(604160K)->535867K(604160K)
[3.421s][info][gc,metaspace   ] GC(71) Metaspace: 6298K(6464K)->6298K(6464K) NonClass: 5765K(5824K)->5765K(5824K) Class: 533K(640K)->533K(640K)
[3.421s][info][gc             ] GC(71) Pause Young (Allocation Failure) 546M->546M(625M) 12.908ms
[3.421s][info][gc,cpu         ] GC(71) User=0.00s Sys=0.00s Real=0.01s
[3.434s][info][gc,start       ] GC(72) Pause Young (Allocation Failure)
[3.452s][info][gc,heap        ] GC(72) PSYoungGen: 35936K(36352K)->35968K(98304K) Eden: 12288K(12288K)->0K(13824K) From: 23648K(24064K)->35968K(84480K)
[3.452s][info][gc,heap        ] GC(72) ParOldGen: 535867K(604160K)->535867K(604160K)
[3.452s][info][gc,metaspace   ] GC(72) Metaspace: 6298K(6464K)->6298K(6464K) NonClass: 5765K(5824K)->5765K(5824K) Class: 533K(640K)->533K(640K)
[3.452s][info][gc             ] GC(72) Pause Young (Allocation Failure) 558M->558M(686M) 17.755ms
[3.452s][info][gc,cpu         ] GC(72) User=0.05s Sys=0.00s Real=0.02s
[3.469s][info][gc,start       ] GC(73) Pause Young (Allocation Failure)
[3.492s][info][gc,heap        ] GC(73) PSYoungGen: 49792K(98304K)->49792K(102912K) Eden: 13824K(13824K)->0K(13824K) From: 35968K(84480K)->49792K(89088K)
[3.492s][info][gc,heap        ] GC(73) ParOldGen: 535867K(604160K)->535867K(604160K)
[3.492s][info][gc,metaspace   ] GC(73) Metaspace: 6298K(6464K)->6298K(6464K) NonClass: 5765K(5824K)->5765K(5824K) Class: 533K(640K)->533K(640K)
[3.492s][info][gc             ] GC(73) Pause Young (Allocation Failure) 571M->571M(690M) 23.217ms
[3.492s][info][gc,cpu         ] GC(73) User=0.12s Sys=0.00s Real=0.02s
[3.506s][info][gc,start       ] GC(74) Pause Young (Allocation Failure)
[3.536s][info][gc,heap        ] GC(74) PSYoungGen: 63616K(102912K)->52320K(102912K) Eden: 13824K(13824K)->0K(15872K) From: 49792K(89088K)->52320K(87040K)
[3.536s][info][gc,heap        ] GC(74) ParOldGen: 535867K(604160K)->547291K(604160K)
[3.536s][info][gc,metaspace   ] GC(74) Metaspace: 6298K(6464K)->6298K(6464K) NonClass: 5765K(5824K)->5765K(5824K) Class: 533K(640K)->533K(640K)
[3.536s][info][gc             ] GC(74) Pause Young (Allocation Failure) 585M->585M(690M) 29.744ms
[3.536s][info][gc,cpu         ] GC(74) User=0.12s Sys=0.02s Real=0.03s
[3.554s][info][gc,start       ] GC(75) Pause Young (Allocation Failure)
[3.588s][info][gc,heap        ] GC(75) PSYoungGen: 68192K(102912K)->55936K(103424K) Eden: 15872K(15872K)->0K(15872K) From: 52320K(87040K)->55936K(87552K)
[3.588s][info][gc,heap        ] GC(75) ParOldGen: 547291K(604160K)->559731K(604160K)
[3.588s][info][gc,metaspace   ] GC(75) Metaspace: 6298K(6464K)->6298K(6464K) NonClass: 5765K(5824K)->5765K(5824K) Class: 533K(640K)->533K(640K)
[3.588s][info][gc             ] GC(75) Pause Young (Allocation Failure) 601M->601M(691M) 34.409ms
[3.588s][info][gc,cpu         ] GC(75) User=0.12s Sys=0.00s Real=0.03s
[3.608s][info][gc,start       ] GC(76) Pause Young (Allocation Failure)
[3.647s][info][gc,heap        ] GC(76) PSYoungGen: 71808K(103424K)->45760K(99840K) Eden: 15872K(15872K)->0K(18432K) From: 55936K(87552K)->45760K(81408K)
[3.647s][info][gc,heap        ] GC(76) ParOldGen: 559731K(604160K)->586163K(604160K)
[3.647s][info][gc,metaspace   ] GC(76) Metaspace: 6298K(6464K)->6298K(6464K) NonClass: 5765K(5824K)->5765K(5824K) Class: 533K(640K)->533K(640K)
[3.647s][info][gc             ] GC(76) Pause Young (Allocation Failure) 616M->617M(687M) 38.570ms
[3.647s][info][gc,cpu         ] GC(76) User=0.23s Sys=0.02s Real=0.04s
[3.647s][info][gc,start       ] GC(77) Pause Full (Ergonomics)
[3.647s][info][gc,phases,start] GC(77) Marking Phase
[3.787s][info][gc,phases      ] GC(77) Marking Phase 139.806ms
[3.787s][info][gc,phases,start] GC(77) Summary Phase
[3.787s][info][gc,phases      ] GC(77) Summary Phase 0.021ms
[3.787s][info][gc,phases,start] GC(77) Adjust Roots
[3.787s][info][gc,phases      ] GC(77) Adjust Roots 0.152ms
[3.787s][info][gc,phases,start] GC(77) Compaction Phase
[3.852s][info][gc,phases      ] GC(77) Compaction Phase 65.430ms
[3.852s][info][gc,phases,start] GC(77) Post Compact
[3.854s][info][gc,phases      ] GC(77) Post Compact 1.176ms
[3.854s][info][gc,heap        ] GC(77) PSYoungGen: 45760K(99840K)->27083K(102400K) Eden: 0K(18432K)->0K(20992K) From: 45760K(81408K)->27083K(81408K)
[3.854s][info][gc,heap        ] GC(77) ParOldGen: 586163K(604160K)->603796K(677376K)
[3.854s][info][gc,metaspace   ] GC(77) Metaspace: 6298K(6464K)->6298K(6464K) NonClass: 5765K(5824K)->5765K(5824K) Class: 533K(640K)->533K(640K)
[3.854s][info][gc             ] GC(77) Pause Full (Ergonomics) 617M->616M(761M) 207.136ms
[3.854s][info][gc,cpu         ] GC(77) User=1.27s Sys=0.02s Real=0.21s
[3.879s][info][gc,start       ] GC(78) Pause Young (Allocation Failure)
[3.931s][info][gc,heap        ] GC(78) PSYoungGen: 48075K(102400K)->29312K(105984K) Eden: 20992K(20992K)->0K(20992K) From: 27083K(81408K)->29312K(84992K)
[3.931s][info][gc,heap        ] GC(78) ParOldGen: 603796K(677376K)->622988K(677376K)
[3.931s][info][gc,metaspace   ] GC(78) Metaspace: 6298K(6464K)->6298K(6464K) NonClass: 5765K(5824K)->5765K(5824K) Class: 533K(640K)->533K(640K)
[3.931s][info][gc             ] GC(78) Pause Young (Allocation Failure) 636M->637M(765M) 52.317ms
[3.931s][info][gc,cpu         ] GC(78) User=0.23s Sys=0.00s Real=0.05s
[3.956s][info][gc,start       ] GC(79) Pause Young (Allocation Failure)
[3.984s][info][gc,heap        ] GC(79) PSYoungGen: 50304K(105984K)->42112K(99328K) Eden: 20992K(20992K)->0K(23552K) From: 29312K(84992K)->42112K(75776K)
[3.984s][info][gc,heap        ] GC(79) ParOldGen: 622988K(677376K)->631332K(677376K)
[3.984s][info][gc,metaspace   ] GC(79) Metaspace: 6298K(6464K)->6298K(6464K) NonClass: 5765K(5824K)->5765K(5824K) Class: 533K(640K)->533K(640K)
[3.984s][info][gc             ] GC(79) Pause Young (Allocation Failure) 657M->657M(758M) 28.289ms
[3.985s][info][gc,cpu         ] GC(79) User=0.12s Sys=0.00s Real=0.03s
[4.014s][info][gc,start       ] GC(80) Pause Young (Allocation Failure)
[4.048s][info][gc,heap        ] GC(80) PSYoungGen: 65664K(99328K)->44704K(102912K) Eden: 23552K(23552K)->0K(23552K) From: 42112K(75776K)->44704K(79360K)
[4.048s][info][gc,heap        ] GC(80) ParOldGen: 631332K(677376K)->652628K(677376K)
[4.049s][info][gc,metaspace   ] GC(80) Metaspace: 6298K(6464K)->6298K(6464K) NonClass: 5765K(5824K)->5765K(5824K) Class: 533K(640K)->533K(640K)
[4.049s][info][gc             ] GC(80) Pause Young (Allocation Failure) 680M->680M(762M) 34.200ms
[4.049s][info][gc,cpu         ] GC(80) User=0.14s Sys=0.02s Real=0.04s
[4.049s][info][gc,start       ] GC(81) Pause Full (Ergonomics)
[4.049s][info][gc,phases,start] GC(81) Marking Phase
[4.210s][info][gc,phases      ] GC(81) Marking Phase 161.041ms
[4.210s][info][gc,phases,start] GC(81) Summary Phase
[4.210s][info][gc,phases      ] GC(81) Summary Phase 0.022ms
[4.210s][info][gc,phases,start] GC(81) Adjust Roots
[4.210s][info][gc,phases      ] GC(81) Adjust Roots 0.150ms
[4.210s][info][gc,phases,start] GC(81) Compaction Phase
[4.271s][info][gc,phases      ] GC(81) Compaction Phase 61.021ms
[4.271s][info][gc,phases,start] GC(81) Post Compact
[4.272s][info][gc,phases      ] GC(81) Post Compact 1.124ms
[4.272s][info][gc,heap        ] GC(81) PSYoungGen: 44704K(102912K)->19447K(102912K) Eden: 0K(23552K)->0K(23552K) From: 44704K(79360K)->19447K(79360K)
[4.272s][info][gc,heap        ] GC(81) ParOldGen: 652628K(677376K)->676878K(756224K)
[4.272s][info][gc,metaspace   ] GC(81) Metaspace: 6298K(6464K)->6298K(6464K) NonClass: 5765K(5824K)->5765K(5824K) Class: 533K(640K)->533K(640K)
[4.273s][info][gc             ] GC(81) Pause Full (Ergonomics) 680M->680M(839M) 223.921ms
[4.273s][info][gc,cpu         ] GC(81) User=1.34s Sys=0.00s Real=0.22s
[4.436s][info][gc,start       ] GC(82) Pause Young (Allocation Failure)
[4.484s][info][gc,heap        ] GC(82) PSYoungGen: 42999K(102912K)->33248K(98816K) Eden: 23552K(23552K)->0K(26112K) From: 19447K(79360K)->33248K(72704K)
[4.484s][info][gc,heap        ] GC(82) ParOldGen: 709646K(756224K)->719750K(756224K)
[4.484s][info][gc,metaspace   ] GC(82) Metaspace: 6298K(6464K)->6298K(6464K) NonClass: 5765K(5824K)->5765K(5824K) Class: 533K(640K)->533K(640K)
[4.484s][info][gc             ] GC(82) Pause Young (Allocation Failure) 735M->735M(835M) 48.676ms
[4.484s][info][gc,cpu         ] GC(82) User=0.19s Sys=0.00s Real=0.05s
[4.511s][info][gc,start       ] GC(83) Pause Young (Allocation Failure)
[4.541s][info][gc,heap        ] GC(83) PSYoungGen: 59360K(98816K)->59328K(100864K) Eden: 26112K(26112K)->0K(26112K) From: 33248K(72704K)->59328K(74752K)
[4.541s][info][gc,heap        ] GC(83) ParOldGen: 719750K(756224K)->719750K(756224K)
[4.541s][info][gc,metaspace   ] GC(83) Metaspace: 6298K(6464K)->6298K(6464K) NonClass: 5765K(5824K)->5765K(5824K) Class: 533K(640K)->533K(640K)
[4.541s][info][gc             ] GC(83) Pause Young (Allocation Failure) 760M->760M(837M) 29.709ms
[4.541s][info][gc,cpu         ] GC(83) User=0.14s Sys=0.00s Real=0.03s
[4.568s][info][gc,start       ] GC(84) Pause Young (Allocation Failure)
[4.609s][info][gc,heap        ] GC(84) PSYoungGen: 85440K(100864K)->77824K(94720K) Eden: 26112K(26112K)->0K(16896K) From: 59328K(74752K)->77824K(77824K)
[4.609s][info][gc,heap        ] GC(84) ParOldGen: 719750K(756224K)->727406K(756224K)
[4.609s][info][gc,metaspace   ] GC(84) Metaspace: 6298K(6464K)->6298K(6464K) NonClass: 5765K(5824K)->5765K(5824K) Class: 533K(640K)->533K(640K)
[4.609s][info][gc             ] GC(84) Pause Young (Allocation Failure) 786M->786M(831M) 40.561ms
[4.609s][info][gc,cpu         ] GC(84) User=0.25s Sys=0.00s Real=0.04s
[4.609s][info][gc,start       ] GC(85) Pause Full (Ergonomics)
[4.609s][info][gc,phases,start] GC(85) Marking Phase
[4.784s][info][gc,phases      ] GC(85) Marking Phase 175.116ms
[4.784s][info][gc,phases,start] GC(85) Summary Phase
[4.784s][info][gc,phases      ] GC(85) Summary Phase 0.030ms
[4.784s][info][gc,phases,start] GC(85) Adjust Roots
[4.784s][info][gc,phases      ] GC(85) Adjust Roots 0.158ms
[4.784s][info][gc,phases,start] GC(85) Compaction Phase
[4.929s][info][gc,phases      ] GC(85) Compaction Phase 144.098ms
[4.929s][info][gc,phases,start] GC(85) Post Compact
[4.930s][info][gc,phases      ] GC(85) Post Compact 1.676ms
[4.931s][info][gc,heap        ] GC(85) PSYoungGen: 77824K(94720K)->32178K(94720K) Eden: 0K(16896K)->0K(16896K) From: 77824K(77824K)->32178K(77824K)
[4.931s][info][gc,heap        ] GC(85) ParOldGen: 727406K(756224K)->756218K(836096K)
[4.931s][info][gc,metaspace   ] GC(85) Metaspace: 6298K(6464K)->6298K(6464K) NonClass: 5765K(5824K)->5765K(5824K) Class: 533K(640K)->533K(640K)
[4.931s][info][gc             ] GC(85) Pause Full (Ergonomics) 786M->769M(909M) 321.810ms
[4.931s][info][gc,cpu         ] GC(85) User=1.84s Sys=0.03s Real=0.32s
[4.950s][info][gc,start       ] GC(86) Pause Young (Allocation Failure)
[5.006s][info][gc,heap        ] GC(86) PSYoungGen: 49074K(94720K)->34080K(107008K) Eden: 16896K(16896K)->0K(16896K) From: 32178K(77824K)->34080K(90112K)
[5.006s][info][gc,heap        ] GC(86) ParOldGen: 756218K(836096K)->771610K(836096K)
[5.006s][info][gc,metaspace   ] GC(86) Metaspace: 6298K(6464K)->6298K(6464K) NonClass: 5765K(5824K)->5765K(5824K) Class: 533K(640K)->533K(640K)
[5.006s][info][gc             ] GC(86) Pause Young (Allocation Failure) 786M->786M(921M) 56.454ms
[5.006s][info][gc,cpu         ] GC(86) User=0.36s Sys=0.02s Real=0.06s
[5.024s][info][gc,start       ] GC(87) Pause Young (Allocation Failure)
[5.049s][info][gc,heap        ] GC(87) PSYoungGen: 50976K(107008K)->50976K(102912K) Eden: 16896K(16896K)->0K(18944K) From: 34080K(90112K)->50976K(83968K)
[5.050s][info][gc,heap        ] GC(87) ParOldGen: 771610K(836096K)->771610K(836096K)
[5.050s][info][gc,metaspace   ] GC(87) Metaspace: 6298K(6464K)->6298K(6464K) NonClass: 5765K(5824K)->5765K(5824K) Class: 533K(640K)->533K(640K)
[5.050s][info][gc             ] GC(87) Pause Young (Allocation Failure) 803M->803M(917M) 25.400ms
[5.050s][info][gc,cpu         ] GC(87) User=0.14s Sys=0.00s Real=0.03s
[5.069s][info][gc,start       ] GC(88) Pause Young (Allocation Failure)
[5.102s][info][gc,heap        ] GC(88) PSYoungGen: 69920K(102912K)->69920K(104960K) Eden: 18944K(18944K)->0K(18944K) From: 50976K(83968K)->69920K(86016K)
[5.103s][info][gc,heap        ] GC(88) ParOldGen: 771610K(836096K)->771610K(836096K)
[5.103s][info][gc,metaspace   ] GC(88) Metaspace: 6298K(6464K)->6298K(6464K) NonClass: 5765K(5824K)->5765K(5824K) Class: 533K(640K)->533K(640K)
[5.103s][info][gc             ] GC(88) Pause Young (Allocation Failure) 821M->821M(919M) 33.227ms
[5.103s][info][gc,cpu         ] GC(88) User=0.20s Sys=0.00s Real=0.03s
[5.123s][info][gc,start       ] GC(89) Pause Young (Allocation Failure)
[5.164s][info][gc,heap        ] GC(89) PSYoungGen: 88864K(104960K)->83200K(102912K) Eden: 18944K(18944K)->0K(12288K) From: 69920K(86016K)->83200K(90624K)
[5.164s][info][gc,heap        ] GC(89) ParOldGen: 771610K(836096K)->777338K(836096K)
[5.164s][info][gc,metaspace   ] GC(89) Metaspace: 6298K(6464K)->6298K(6464K) NonClass: 5765K(5824K)->5765K(5824K) Class: 533K(640K)->533K(640K)
[5.164s][info][gc             ] GC(89) Pause Young (Allocation Failure) 840M->840M(917M) 40.883ms
[5.164s][info][gc,cpu         ] GC(89) User=0.27s Sys=0.00s Real=0.04s
[5.176s][info][gc,start       ] GC(90) Pause Young (Allocation Failure)
[5.219s][info][gc,heap        ] GC(90) PSYoungGen: 95488K(102912K)->84128K(111616K) Eden: 12288K(12288K)->0K(12288K) From: 83200K(90624K)->84128K(99328K)
[5.219s][info][gc,heap        ] GC(90) ParOldGen: 777338K(836096K)->788882K(836096K)
[5.219s][info][gc,metaspace   ] GC(90) Metaspace: 6298K(6464K)->6298K(6464K) NonClass: 5765K(5824K)->5765K(5824K) Class: 533K(640K)->533K(640K)
[5.220s][info][gc             ] GC(90) Pause Young (Allocation Failure) 852M->852M(925M) 43.077ms
[5.220s][info][gc,cpu         ] GC(90) User=0.25s Sys=0.00s Real=0.04s
[5.234s][info][gc,start       ] GC(91) Pause Young (Allocation Failure)
[5.282s][info][gc,heap        ] GC(91) PSYoungGen: 96416K(111616K)->62560K(116224K) Eden: 12288K(12288K)->0K(14336K) From: 84128K(99328K)->62560K(101888K)
[5.282s][info][gc,heap        ] GC(91) ParOldGen: 788882K(836096K)->823114K(836096K)
[5.282s][info][gc,metaspace   ] GC(91) Metaspace: 6298K(6464K)->6298K(6464K) NonClass: 5765K(5824K)->5765K(5824K) Class: 533K(640K)->533K(640K)
[5.282s][info][gc             ] GC(91) Pause Young (Allocation Failure) 864M->864M(930M) 47.805ms
[5.282s][info][gc,cpu         ] GC(91) User=0.38s Sys=0.00s Real=0.05s
[5.282s][info][gc,start       ] GC(92) Pause Full (Ergonomics)
[5.282s][info][gc,phases,start] GC(92) Marking Phase
[5.485s][info][gc,phases      ] GC(92) Marking Phase 202.906ms
[5.485s][info][gc,phases,start] GC(92) Summary Phase
[5.485s][info][gc,phases      ] GC(92) Summary Phase 0.024ms
[5.485s][info][gc,phases,start] GC(92) Adjust Roots
[5.485s][info][gc,phases      ] GC(92) Adjust Roots 0.155ms
[5.485s][info][gc,phases,start] GC(92) Compaction Phase
[5.576s][info][gc,phases      ] GC(92) Compaction Phase 90.811ms
[5.576s][info][gc,phases,start] GC(92) Post Compact
[5.578s][info][gc,phases      ] GC(92) Post Compact 1.978ms
[5.578s][info][gc,heap        ] GC(92) PSYoungGen: 62560K(116224K)->48535K(118272K) Eden: 0K(14336K)->0K(16384K) From: 62560K(101888K)->48535K(101888K)
[5.578s][info][gc,heap        ] GC(92) ParOldGen: 823114K(836096K)->835925K(924672K)
[5.578s][info][gc,metaspace   ] GC(92) Metaspace: 6298K(6464K)->6298K(6464K) NonClass: 5765K(5824K)->5765K(5824K) Class: 533K(640K)->533K(640K)
[5.578s][info][gc             ] GC(92) Pause Full (Ergonomics) 864M->863M(1018M) 296.542ms
[5.578s][info][gc,cpu         ] GC(92) User=1.98s Sys=0.00s Real=0.30s
[5.596s][info][gc,start       ] GC(93) Pause Young (Allocation Failure)
[5.662s][info][gc,heap        ] GC(93) PSYoungGen: 64919K(118272K)->35200K(120320K) Eden: 16384K(16384K)->0K(16384K) From: 48535K(101888K)->35200K(103936K)
[5.662s][info][gc,heap        ] GC(93) ParOldGen: 835925K(924672K)->866269K(924672K)
[5.662s][info][gc,metaspace   ] GC(93) Metaspace: 6298K(6464K)->6298K(6464K) NonClass: 5765K(5824K)->5765K(5824K) Class: 533K(640K)->533K(640K)
[5.662s][info][gc             ] GC(93) Pause Young (Allocation Failure) 879M->880M(1020M) 66.433ms
[5.662s][info][gc,cpu         ] GC(93) User=0.39s Sys=0.00s Real=0.07s
[5.681s][info][gc,start       ] GC(94) Pause Young (Allocation Failure)
[5.709s][info][gc,heap        ] GC(94) PSYoungGen: 51584K(120320K)->42176K(115200K) Eden: 16384K(16384K)->0K(18432K) From: 35200K(103936K)->42176K(96768K)
[5.709s][info][gc,heap        ] GC(94) ParOldGen: 866269K(924672K)->875829K(924672K)
[5.709s][info][gc,metaspace   ] GC(94) Metaspace: 6298K(6464K)->6298K(6464K) NonClass: 5765K(5824K)->5765K(5824K) Class: 533K(640K)->533K(640K)
[5.709s][info][gc             ] GC(94) Pause Young (Allocation Failure) 896M->896M(1015M) 28.273ms
[5.709s][info][gc,cpu         ] GC(94) User=0.12s Sys=0.00s Real=0.03s
[5.729s][info][gc,start       ] GC(95) Pause Young (Allocation Failure)
[5.760s][info][gc,heap        ] GC(95) PSYoungGen: 60608K(115200K)->34944K(118272K) Eden: 18432K(18432K)->0K(18432K) From: 42176K(96768K)->34944K(99840K)
[5.760s][info][gc,heap        ] GC(95) ParOldGen: 875829K(924672K)->901797K(924672K)
[5.760s][info][gc,metaspace   ] GC(95) Metaspace: 6298K(6464K)->6298K(6464K) NonClass: 5765K(5824K)->5765K(5824K) Class: 533K(640K)->533K(640K)
[5.760s][info][gc             ] GC(95) Pause Young (Allocation Failure) 914M->914M(1018M) 31.360ms
[5.760s][info][gc,cpu         ] GC(95) User=0.12s Sys=0.02s Real=0.03s
[5.760s][info][gc,start       ] GC(96) Pause Full (Ergonomics)
[5.760s][info][gc,phases,start] GC(96) Marking Phase
[5.969s][info][gc,phases      ] GC(96) Marking Phase 208.116ms
[5.969s][info][gc,phases,start] GC(96) Summary Phase
[5.969s][info][gc,phases      ] GC(96) Summary Phase 0.025ms
[5.969s][info][gc,phases,start] GC(96) Adjust Roots
[5.969s][info][gc,phases      ] GC(96) Adjust Roots 0.161ms
[5.969s][info][gc,phases,start] GC(96) Compaction Phase
[6.058s][info][gc,phases      ] GC(96) Compaction Phase 89.357ms
[6.058s][info][gc,phases,start] GC(96) Post Compact
[6.060s][info][gc,phases      ] GC(96) Post Compact 1.819ms
[6.061s][info][gc,heap        ] GC(96) PSYoungGen: 34944K(118272K)->11254K(118272K) Eden: 0K(18432K)->0K(18432K) From: 34944K(99840K)->11254K(99840K)
[6.061s][info][gc,heap        ] GC(96) ParOldGen: 901797K(924672K)->924317K(1025024K)
[6.061s][info][gc,metaspace   ] GC(96) Metaspace: 6298K(6464K)->6298K(6464K) NonClass: 5765K(5824K)->5765K(5824K) Class: 533K(640K)->533K(640K)
[6.061s][info][gc             ] GC(96) Pause Full (Ergonomics) 914M->913M(1116M) 300.181ms
[6.061s][info][gc,cpu         ] GC(96) User=2.03s Sys=0.03s Real=0.30s
[6.082s][info][gc,start       ] GC(97) Pause Young (Allocation Failure)
[6.141s][info][gc,heap        ] GC(97) PSYoungGen: 29686K(118272K)->18592K(118784K) Eden: 18432K(18432K)->0K(20480K) From: 11254K(99840K)->18592K(98304K)
[6.141s][info][gc,heap        ] GC(97) ParOldGen: 924317K(1025024K)->935757K(1025024K)
[6.141s][info][gc,metaspace   ] GC(97) Metaspace: 6298K(6464K)->6298K(6464K) NonClass: 5765K(5824K)->5765K(5824K) Class: 533K(640K)->533K(640K)
[6.141s][info][gc             ] GC(97) Pause Young (Allocation Failure) 931M->931M(1117M) 58.994ms
[6.141s][info][gc,cpu         ] GC(97) User=0.30s Sys=0.02s Real=0.06s
[6.164s][info][gc,start       ] GC(98) Pause Young (Allocation Failure)
[6.188s][info][gc,heap        ] GC(98) PSYoungGen: 39072K(118784K)->39072K(59904K) Eden: 20480K(20480K)->0K(20480K) From: 18592K(98304K)->39072K(39424K)
[6.188s][info][gc,heap        ] GC(98) ParOldGen: 935757K(1025024K)->935757K(1025024K)
[6.188s][info][gc,metaspace   ] GC(98) Metaspace: 6298K(6464K)->6298K(6464K) NonClass: 5765K(5824K)->5765K(5824K) Class: 533K(640K)->533K(640K)
[6.188s][info][gc             ] GC(98) Pause Young (Allocation Failure) 951M->951M(1059M) 24.091ms
[6.188s][info][gc,cpu         ] GC(98) User=0.11s Sys=0.00s Real=0.02s
[6.211s][info][gc,start       ] GC(99) Pause Young (Allocation Failure)
[6.244s][info][gc,heap        ] GC(99) PSYoungGen: 59552K(59904K)->59520K(117760K) Eden: 20480K(20480K)->0K(22528K) From: 39072K(39424K)->59520K(95232K)
[6.244s][info][gc,heap        ] GC(99) ParOldGen: 935757K(1025024K)->935757K(1025024K)
[6.244s][info][gc,metaspace   ] GC(99) Metaspace: 6298K(6464K)->6298K(6464K) NonClass: 5765K(5824K)->5765K(5824K) Class: 533K(640K)->533K(640K)
[6.244s][info][gc             ] GC(99) Pause Young (Allocation Failure) 971M->971M(1116M) 33.090ms
[6.244s][info][gc,cpu         ] GC(99) User=0.14s Sys=0.00s Real=0.03s
[6.271s][info][gc,start       ] GC(100) Pause Young (Allocation Failure)
[6.315s][info][gc,heap        ] GC(100) PSYoungGen: 82048K(117760K)->63648K(117760K) Eden: 22528K(22528K)->0K(22528K) From: 59520K(95232K)->63648K(95232K)
[6.315s][info][gc,heap        ] GC(100) ParOldGen: 935757K(1025024K)->954445K(1025024K)
[6.315s][info][gc,metaspace   ] GC(100) Metaspace: 6298K(6464K)->6298K(6464K) NonClass: 5765K(5824K)->5765K(5824K) Class: 533K(640K)->533K(640K)
[6.315s][info][gc             ] GC(100) Pause Young (Allocation Failure) 993M->994M(1116M) 43.714ms
[6.315s][info][gc,cpu         ] GC(100) User=0.23s Sys=0.00s Real=0.04s
[6.339s][info][gc,start       ] GC(101) Pause Young (Allocation Failure)
[6.385s][info][gc,heap        ] GC(101) PSYoungGen: 86176K(117760K)->65664K(119808K) Eden: 22528K(22528K)->0K(23552K) From: 63648K(95232K)->65664K(96256K)
[6.385s][info][gc,heap        ] GC(101) ParOldGen: 954445K(1025024K)->975213K(1025024K)
[6.385s][info][gc,metaspace   ] GC(101) Metaspace: 6298K(6464K)->6298K(6464K) NonClass: 5765K(5824K)->5765K(5824K) Class: 533K(640K)->533K(640K)
[6.386s][info][gc             ] GC(101) Pause Young (Allocation Failure) 1016M->1016M(1118M) 46.372ms
[6.386s][info][gc,cpu         ] GC(101) User=0.19s Sys=0.03s Real=0.05s
[6.411s][info][gc,start       ] GC(102) Pause Young (Allocation Failure)
[6.459s][info][gc,heap        ] GC(102) PSYoungGen: 89216K(119808K)->68800K(121344K) Eden: 23552K(23552K)->0K(23552K) From: 65664K(96256K)->68800K(97792K)
[6.459s][info][gc,heap        ] GC(102) ParOldGen: 975213K(1025024K)->995965K(1025024K)
[6.459s][info][gc,metaspace   ] GC(102) Metaspace: 6298K(6464K)->6298K(6464K) NonClass: 5765K(5824K)->5765K(5824K) Class: 533K(640K)->533K(640K)
[6.459s][info][gc             ] GC(102) Pause Young (Allocation Failure) 1039M->1039M(1119M) 48.126ms
[6.459s][info][gc,cpu         ] GC(102) User=0.23s Sys=0.00s Real=0.05s
[6.459s][info][gc,start       ] GC(103) Pause Full (Ergonomics)
[6.459s][info][gc,phases,start] GC(103) Marking Phase
[6.716s][info][gc,phases      ] GC(103) Marking Phase 256.971ms
[6.716s][info][gc,phases,start] GC(103) Summary Phase
[6.716s][info][gc,phases      ] GC(103) Summary Phase 0.024ms
[6.716s][info][gc,phases,start] GC(103) Adjust Roots
[6.716s][info][gc,phases      ] GC(103) Adjust Roots 0.148ms
[6.717s][info][gc,phases,start] GC(103) Compaction Phase
[6.820s][info][gc,phases      ] GC(103) Compaction Phase 103.580ms
[6.820s][info][gc,phases,start] GC(103) Post Compact
[6.822s][info][gc,phases      ] GC(103) Post Compact 1.984ms
[6.823s][info][gc,heap        ] GC(103) PSYoungGen: 68800K(121344K)->38361K(121344K) Eden: 0K(23552K)->0K(23552K) From: 68800K(97792K)->38361K(97792K)
[6.823s][info][gc,heap        ] GC(103) ParOldGen: 995965K(1025024K)->1025016K(1129984K)
[6.823s][info][gc,metaspace   ] GC(103) Metaspace: 6298K(6464K)->6298K(6464K) NonClass: 5765K(5824K)->5765K(5824K) Class: 533K(640K)->533K(640K)
[6.823s][info][gc             ] GC(103) Pause Full (Ergonomics) 1039M->1038M(1222M) 363.496ms
[6.823s][info][gc,cpu         ] GC(103) User=2.34s Sys=0.03s Real=0.36s
[6.849s][info][gc,start       ] GC(104) Pause Young (Allocation Failure)
[6.928s][info][gc,heap        ] GC(104) PSYoungGen: 61913K(121344K)->37408K(120832K) Eden: 23552K(23552K)->0K(26112K) From: 38361K(97792K)->37408K(94720K)
[6.928s][info][gc,heap        ] GC(104) ParOldGen: 1025016K(1129984K)->1050032K(1129984K)
[6.928s][info][gc,metaspace   ] GC(104) Metaspace: 6298K(6464K)->6298K(6464K) NonClass: 5765K(5824K)->5765K(5824K) Class: 533K(640K)->533K(640K)
[6.928s][info][gc             ] GC(104) Pause Young (Allocation Failure) 1061M->1061M(1221M) 78.310ms
[6.928s][info][gc,cpu         ] GC(104) User=0.44s Sys=0.00s Real=0.08s
[6.957s][info][gc,start       ] GC(105) Pause Young (Allocation Failure)
[6.993s][info][gc,heap        ] GC(105) PSYoungGen: 63520K(120832K)->49856K(76288K) Eden: 26112K(26112K)->0K(26112K) From: 37408K(94720K)->49856K(50176K)
[6.993s][info][gc,heap        ] GC(105) ParOldGen: 1050032K(1129984K)->1063920K(1129984K)
[6.993s][info][gc,metaspace   ] GC(105) Metaspace: 6298K(6464K)->6298K(6464K) NonClass: 5765K(5824K)->5765K(5824K) Class: 533K(640K)->533K(640K)
[6.993s][info][gc             ] GC(105) Pause Young (Allocation Failure) 1087M->1087M(1178M) 36.051ms
[6.993s][info][gc,cpu         ] GC(105) User=0.19s Sys=0.02s Real=0.04s
[7.022s][info][gc,start       ] GC(106) Pause Young (Allocation Failure)
[7.063s][info][gc,heap        ] GC(106) PSYoungGen: 75968K(76288K)->52416K(115200K) Eden: 26112K(26112K)->0K(29184K) From: 49856K(50176K)->52416K(86016K)
[7.063s][info][gc,heap        ] GC(106) ParOldGen: 1063920K(1129984K)->1087816K(1129984K)
[7.063s][info][gc,metaspace   ] GC(106) Metaspace: 6298K(6464K)->6298K(6464K) NonClass: 5765K(5824K)->5765K(5824K) Class: 533K(640K)->533K(640K)
[7.063s][info][gc             ] GC(106) Pause Young (Allocation Failure) 1113M->1113M(1216M) 41.232ms
[7.063s][info][gc,cpu         ] GC(106) User=0.20s Sys=0.05s Real=0.04s
[7.096s][info][gc,start       ] GC(107) Pause Young (Allocation Failure)
[7.140s][info][gc,heap        ] GC(107) PSYoungGen: 81600K(115200K)->55488K(118784K) Eden: 29184K(29184K)->0K(29184K) From: 52416K(86016K)->55488K(89600K)
[7.140s][info][gc,heap        ] GC(107) ParOldGen: 1087816K(1129984K)->1114288K(1129984K)
[7.140s][info][gc,metaspace   ] GC(107) Metaspace: 6298K(6464K)->6298K(6464K) NonClass: 5765K(5824K)->5765K(5824K) Class: 533K(640K)->533K(640K)
[7.140s][info][gc             ] GC(107) Pause Young (Allocation Failure) 1142M->1142M(1219M) 43.490ms
[7.140s][info][gc,cpu         ] GC(107) User=0.23s Sys=0.02s Real=0.04s
[7.140s][info][gc,start       ] GC(108) Pause Full (Ergonomics)
[7.140s][info][gc,phases,start] GC(108) Marking Phase
[7.420s][info][gc,phases      ] GC(108) Marking Phase 280.500ms
[7.420s][info][gc,phases,start] GC(108) Summary Phase
[7.420s][info][gc,phases      ] GC(108) Summary Phase 0.031ms
[7.420s][info][gc,phases,start] GC(108) Adjust Roots
[7.420s][info][gc,phases      ] GC(108) Adjust Roots 0.187ms
[7.421s][info][gc,phases,start] GC(108) Compaction Phase
[7.536s][info][gc,phases      ] GC(108) Compaction Phase 115.706ms
[7.536s][info][gc,phases,start] GC(108) Post Compact
[7.539s][info][gc,phases      ] GC(108) Post Compact 2.357ms
[7.539s][info][gc,heap        ] GC(108) PSYoungGen: 55488K(118784K)->38369K(118784K) Eden: 0K(29184K)->0K(29184K) From: 55488K(89600K)->38369K(89600K)
[7.539s][info][gc,heap        ] GC(108) ParOldGen: 1114288K(1129984K)->1129842K(1245696K)
[7.539s][info][gc,metaspace   ] GC(108) Metaspace: 6298K(6464K)->6298K(6464K) NonClass: 5765K(5824K)->5765K(5824K) Class: 533K(640K)->533K(640K)
[7.539s][info][gc             ] GC(108) Pause Full (Ergonomics) 1142M->1140M(1332M) 399.591ms
[7.539s][info][gc,cpu         ] GC(108) User=2.81s Sys=0.08s Real=0.40s
[7.576s][info][gc,start       ] GC(109) Pause Young (Allocation Failure)
[7.669s][info][gc,heap        ] GC(109) PSYoungGen: 67553K(118784K)->49696K(112640K) Eden: 29184K(29184K)->0K(32256K) From: 38369K(89600K)->49696K(80384K)
[7.669s][info][gc,heap        ] GC(109) ParOldGen: 1129842K(1245696K)->1148210K(1245696K)
[7.669s][info][gc,metaspace   ] GC(109) Metaspace: 6298K(6464K)->6298K(6464K) NonClass: 5765K(5824K)->5765K(5824K) Class: 533K(640K)->533K(640K)
[7.669s][info][gc             ] GC(109) Pause Young (Allocation Failure) 1169M->1169M(1326M) 92.334ms
[7.669s][info][gc,cpu         ] GC(109) User=0.56s Sys=0.03s Real=0.09s
[7.707s][info][gc,start       ] GC(110) Pause Young (Allocation Failure)
[7.753s][info][gc,heap        ] GC(110) PSYoungGen: 81952K(112640K)->81984K(116224K) Eden: 32256K(32256K)->0K(32256K) From: 49696K(80384K)->81984K(83968K)
[7.753s][info][gc,heap        ] GC(110) ParOldGen: 1148210K(1245696K)->1148210K(1245696K)
[7.754s][info][gc,metaspace   ] GC(110) Metaspace: 6298K(6464K)->6298K(6464K) NonClass: 5765K(5824K)->5765K(5824K) Class: 533K(640K)->533K(640K)
[7.754s][info][gc             ] GC(110) Pause Young (Allocation Failure) 1201M->1201M(1330M) 46.142ms
[7.754s][info][gc,cpu         ] GC(110) User=0.22s Sys=0.00s Real=0.05s
[7.792s][info][gc,start       ] GC(111) Pause Young (Allocation Failure)
[7.861s][info][gc,heap        ] GC(111) PSYoungGen: 114240K(116224K)->92160K(109568K) Eden: 32256K(32256K)->0K(17408K) From: 81984K(83968K)->92160K(92160K)
[7.861s][info][gc,heap        ] GC(111) ParOldGen: 1148210K(1245696K)->1170458K(1245696K)
[7.861s][info][gc,metaspace   ] GC(111) Metaspace: 6298K(6464K)->6298K(6464K) NonClass: 5765K(5824K)->5765K(5824K) Class: 533K(640K)->533K(640K)
[7.861s][info][gc             ] GC(111) Pause Young (Allocation Failure) 1232M->1233M(1323M) 68.829ms
[7.861s][info][gc,cpu         ] GC(111) User=0.36s Sys=0.03s Real=0.07s
[7.882s][info][gc,start       ] GC(112) Pause Young (Allocation Failure)
[7.945s][info][gc,heap        ] GC(112) PSYoungGen: 109568K(109568K)->70016K(128000K) Eden: 17408K(17408K)->0K(17408K) From: 92160K(92160K)->70016K(110592K)
[7.945s][info][gc,heap        ] GC(112) ParOldGen: 1170458K(1245696K)->1210626K(1245696K)
[7.945s][info][gc,metaspace   ] GC(112) Metaspace: 6298K(6464K)->6298K(6464K) NonClass: 5765K(5824K)->5765K(5824K) Class: 533K(640K)->533K(640K)
[7.945s][info][gc             ] GC(112) Pause Young (Allocation Failure) 1250M->1250M(1341M) 63.373ms
[7.945s][info][gc,cpu         ] GC(112) User=0.33s Sys=0.05s Real=0.06s
[7.945s][info][gc,start       ] GC(113) Pause Full (Ergonomics)
[7.945s][info][gc,phases,start] GC(113) Marking Phase
[8.266s][info][gc,phases      ] GC(113) Marking Phase 320.589ms
[8.266s][info][gc,phases,start] GC(113) Summary Phase
[8.266s][info][gc,phases      ] GC(113) Summary Phase 0.040ms
[8.266s][info][gc,phases,start] GC(113) Adjust Roots
[8.266s][info][gc,phases      ] GC(113) Adjust Roots 0.294ms
[8.267s][info][gc,phases,start] GC(113) Compaction Phase
[8.383s][info][gc,phases      ] GC(113) Compaction Phase 116.693ms
[8.383s][info][gc,phases,start] GC(113) Post Compact
[8.386s][info][gc,phases      ] GC(113) Post Compact 2.810ms
[8.387s][info][gc,heap        ] GC(113) PSYoungGen: 70016K(128000K)->33984K(128000K) Eden: 0K(17408K)->0K(17408K) From: 70016K(110592K)->33984K(110592K)
[8.387s][info][gc,heap        ] GC(113) ParOldGen: 1210626K(1245696K)->1245211K(1373184K)
[8.387s][info][gc,metaspace   ] GC(113) Metaspace: 6298K(6464K)->6298K(6464K) NonClass: 5765K(5824K)->5765K(5824K) Class: 533K(640K)->533K(640K)
[8.387s][info][gc             ] GC(113) Pause Full (Ergonomics) 1250M->1249M(1466M) 441.386ms
[8.387s][info][gc,cpu         ] GC(113) User=2.81s Sys=0.06s Real=0.44s
[8.409s][info][gc,start       ] GC(114) Pause Young (Allocation Failure)
[8.499s][info][gc,heap        ] GC(114) PSYoungGen: 51392K(128000K)->38496K(126464K) Eden: 17408K(17408K)->0K(19456K) From: 33984K(110592K)->38496K(107008K)
[8.499s][info][gc,heap        ] GC(114) ParOldGen: 1245211K(1373184K)->1258547K(1373184K)
[8.499s][info][gc,metaspace   ] GC(114) Metaspace: 6298K(6464K)->6298K(6464K) NonClass: 5765K(5824K)->5765K(5824K) Class: 533K(640K)->533K(640K)
[8.499s][info][gc             ] GC(114) Pause Young (Allocation Failure) 1266M->1266M(1464M) 89.827ms
[8.499s][info][gc,cpu         ] GC(114) User=0.38s Sys=0.06s Real=0.09s
[8.523s][info][gc,start       ] GC(115) Pause Young (Allocation Failure)
[8.554s][info][gc,heap        ] GC(115) PSYoungGen: 57952K(126464K)->50752K(70656K) Eden: 19456K(19456K)->0K(19456K) From: 38496K(107008K)->50752K(51200K)
[8.554s][info][gc,heap        ] GC(115) ParOldGen: 1258547K(1373184K)->1258547K(1373184K)
[8.554s][info][gc,metaspace   ] GC(115) Metaspace: 6298K(6464K)->6298K(6464K) NonClass: 5765K(5824K)->5765K(5824K) Class: 533K(640K)->533K(640K)
[8.554s][info][gc             ] GC(115) Pause Young (Allocation Failure) 1285M->1278M(1410M) 31.250ms
[8.554s][info][gc,cpu         ] GC(115) User=0.12s Sys=0.00s Real=0.03s
[8.571s][info][gc,start       ] GC(116) Pause Young (Allocation Failure)
[8.607s][info][gc,heap        ] GC(116) PSYoungGen: 70208K(70656K)->50144K(120320K) Eden: 19456K(19456K)->0K(22016K) From: 50752K(51200K)->50144K(98304K)
[8.607s][info][gc,heap        ] GC(116) ParOldGen: 1258547K(1373184K)->1269443K(1373184K)
[8.607s][info][gc,metaspace   ] GC(116) Metaspace: 6298K(6464K)->6298K(6464K) NonClass: 5765K(5824K)->5765K(5824K) Class: 533K(640K)->533K(640K)
[8.607s][info][gc             ] GC(116) Pause Young (Allocation Failure) 1297M->1288M(1458M) 36.032ms
[8.607s][info][gc,cpu         ] GC(116) User=0.16s Sys=0.00s Real=0.04s
[8.632s][info][gc,start       ] GC(117) Pause Young (Allocation Failure)
[8.671s][info][gc,heap        ] GC(117) PSYoungGen: 72160K(120320K)->60192K(82432K) Eden: 22016K(22016K)->0K(22016K) From: 50144K(98304K)->60192K(60416K)
[8.671s][info][gc,heap        ] GC(117) ParOldGen: 1269443K(1373184K)->1279763K(1373184K)
[8.671s][info][gc,metaspace   ] GC(117) Metaspace: 6298K(6464K)->6298K(6464K) NonClass: 5765K(5824K)->5765K(5824K) Class: 533K(640K)->533K(640K)
[8.671s][info][gc             ] GC(117) Pause Young (Allocation Failure) 1310M->1308M(1421M) 39.273ms
[8.671s][info][gc,cpu         ] GC(117) User=0.22s Sys=0.00s Real=0.04s
[8.700s][info][gc,start       ] GC(118) Pause Young (Allocation Failure)
[8.746s][info][gc,heap        ] GC(118) PSYoungGen: 82208K(82432K)->64800K(120832K) Eden: 22016K(22016K)->0K(25088K) From: 60192K(60416K)->64800K(95744K)
[8.746s][info][gc,heap        ] GC(118) ParOldGen: 1279763K(1373184K)->1297427K(1373184K)
[8.746s][info][gc,metaspace   ] GC(118) Metaspace: 6298K(6464K)->6298K(6464K) NonClass: 5765K(5824K)->5765K(5824K) Class: 533K(640K)->533K(640K)
[8.746s][info][gc             ] GC(118) Pause Young (Allocation Failure) 1330M->1330M(1459M) 45.549ms
[8.746s][info][gc,cpu         ] GC(118) User=0.25s Sys=0.00s Real=0.05s
[8.776s][info][gc,start       ] GC(119) Pause Young (Allocation Failure)
[8.824s][info][gc,heap        ] GC(119) PSYoungGen: 89888K(120832K)->77600K(121856K) Eden: 25088K(25088K)->0K(25088K) From: 64800K(95744K)->77600K(96768K)
[8.825s][info][gc,heap        ] GC(119) ParOldGen: 1297427K(1373184K)->1309923K(1373184K)
[8.825s][info][gc,metaspace   ] GC(119) Metaspace: 6298K(6464K)->6298K(6464K) NonClass: 5765K(5824K)->5765K(5824K) Class: 533K(640K)->533K(640K)
[8.825s][info][gc             ] GC(119) Pause Young (Allocation Failure) 1354M->1355M(1460M) 48.560ms
[8.825s][info][gc,cpu         ] GC(119) User=0.28s Sys=0.00s Real=0.05s
[9.108s][info][gc,start       ] GC(120) Pause Young (Allocation Failure)
[9.188s][info][gc,heap        ] GC(120) PSYoungGen: 102688K(121856K)->72384K(127488K) Eden: 25088K(25088K)->0K(27648K) From: 77600K(96768K)->72384K(99840K)
[9.188s][info][gc,heap        ] GC(120) ParOldGen: 1375459K(1439232K)->1406163K(1439232K)
[9.188s][info][gc,metaspace   ] GC(120) Metaspace: 6298K(6464K)->6298K(6464K) NonClass: 5765K(5824K)->5765K(5824K) Class: 533K(640K)->533K(640K)
[9.189s][info][gc             ] GC(120) Pause Young (Allocation Failure) 1443M->1443M(1530M) 80.132ms
[9.189s][info][gc,cpu         ] GC(120) User=0.55s Sys=0.00s Real=0.08s
[9.189s][info][gc,start       ] GC(121) Pause Full (Ergonomics)
[9.189s][info][gc,phases,start] GC(121) Marking Phase
[9.512s][info][gc,phases      ] GC(121) Marking Phase 323.837ms
[9.512s][info][gc,phases,start] GC(121) Summary Phase
[9.513s][info][gc,phases      ] GC(121) Summary Phase 0.030ms
[9.513s][info][gc,phases,start] GC(121) Adjust Roots
[9.513s][info][gc,phases      ] GC(121) Adjust Roots 0.240ms
[9.513s][info][gc,phases,start] GC(121) Compaction Phase
[9.860s][info][gc,phases      ] GC(121) Compaction Phase 347.374ms
[9.860s][info][gc,phases,start] GC(121) Post Compact
[9.863s][info][gc,phases      ] GC(121) Post Compact 3.145ms
[9.864s][info][gc,heap        ] GC(121) PSYoungGen: 72384K(127488K)->5187K(127488K) Eden: 0K(27648K)->0K(27648K) From: 72384K(99840K)->5187K(99840K)
[9.864s][info][gc,heap        ] GC(121) ParOldGen: 1406163K(1439232K)->1438791K(1570304K)
[9.864s][info][gc,metaspace   ] GC(121) Metaspace: 6298K(6464K)->6298K(6464K) NonClass: 5765K(5824K)->5765K(5824K) Class: 533K(640K)->533K(640K)
[9.864s][info][gc             ] GC(121) Pause Full (Ergonomics) 1443M->1410M(1658M) 675.431ms
[9.864s][info][gc,cpu         ] GC(121) User=4.77s Sys=0.03s Real=0.68s
[9.891s][info][gc,start       ] GC(122) Pause Young (Allocation Failure)
[9.968s][info][gc,heap        ] GC(122) PSYoungGen: 32835K(127488K)->32576K(128000K) Eden: 27648K(27648K)->0K(27648K) From: 5187K(99840K)->32576K(100352K)
[9.968s][info][gc,heap        ] GC(122) ParOldGen: 1438791K(1570304K)->1439287K(1570304K)
[9.968s][info][gc,metaspace   ] GC(122) Metaspace: 6298K(6464K)->6298K(6464K) NonClass: 5765K(5824K)->5765K(5824K) Class: 533K(640K)->533K(640K)
[9.968s][info][gc             ] GC(122) Pause Young (Allocation Failure) 1437M->1437M(1658M) 77.200ms
[9.968s][info][gc,cpu         ] GC(122) User=0.41s Sys=0.00s Real=0.08s
[9.993s][info][gc,start       ] GC(123) Pause Young (Allocation Failure)
[10.027s][info][gc,heap        ] GC(123) PSYoungGen: 60224K(128000K)->60224K(125440K) Eden: 27648K(27648K)->0K(30720K) From: 32576K(100352K)->60224K(94720K)
[10.027s][info][gc,heap        ] GC(123) ParOldGen: 1439287K(1570304K)->1439287K(1570304K)
[10.027s][info][gc,metaspace   ] GC(123) Metaspace: 6298K(6464K)->6298K(6464K) NonClass: 5765K(5824K)->5765K(5824K) Class: 533K(640K)->533K(640K)
[10.027s][info][gc             ] GC(123) Pause Young (Allocation Failure) 1464M->1464M(1656M) 33.917ms
[10.027s][info][gc,cpu         ] GC(123) User=0.06s Sys=0.00s Real=0.03s
[10.056s][info][gc,start       ] GC(124) Pause Young (Allocation Failure)
[10.099s][info][gc,heap        ] GC(124) PSYoungGen: 90944K(125440K)->90976K(128512K) Eden: 30720K(30720K)->0K(30720K) From: 60224K(94720K)->90976K(97792K)
[10.099s][info][gc,heap        ] GC(124) ParOldGen: 1439287K(1570304K)->1439287K(1570304K)
[10.099s][info][gc,metaspace   ] GC(124) Metaspace: 6298K(6464K)->6298K(6464K) NonClass: 5765K(5824K)->5765K(5824K) Class: 533K(640K)->533K(640K)
[10.099s][info][gc             ] GC(124) Pause Young (Allocation Failure) 1494M->1494M(1659M) 43.833ms
[10.099s][info][gc,cpu         ] GC(124) User=0.27s Sys=0.00s Real=0.04s
[10.133s][info][gc,start       ] GC(125) Pause Young (Allocation Failure)
[10.190s][info][gc,heap        ] GC(125) PSYoungGen: 121696K(128512K)->105984K(122368K) Eden: 30720K(30720K)->0K(16384K) From: 90976K(97792K)->105984K(105984K)
[10.190s][info][gc,heap        ] GC(125) ParOldGen: 1439287K(1570304K)->1455103K(1570304K)
[10.190s][info][gc,metaspace   ] GC(125) Metaspace: 6298K(6464K)->6298K(6464K) NonClass: 5765K(5824K)->5765K(5824K) Class: 533K(640K)->533K(640K)
[10.190s][info][gc             ] GC(125) Pause Young (Allocation Failure) 1524M->1524M(1653M) 57.640ms
[10.190s][info][gc,cpu         ] GC(125) User=0.36s Sys=0.03s Real=0.06s
[10.207s][info][gc,start       ] GC(126) Pause Young (Allocation Failure)
[10.263s][info][gc,heap        ] GC(126) PSYoungGen: 122368K(122368K)->98496K(139776K) Eden: 16384K(16384K)->0K(16384K) From: 105984K(105984K)->98496K(123392K)
[10.263s][info][gc,heap        ] GC(126) ParOldGen: 1455103K(1570304K)->1479415K(1570304K)
[10.263s][info][gc,metaspace   ] GC(126) Metaspace: 6298K(6464K)->6298K(6464K) NonClass: 5765K(5824K)->5765K(5824K) Class: 533K(640K)->533K(640K)
[10.263s][info][gc             ] GC(126) Pause Young (Allocation Failure) 1540M->1540M(1670M) 56.002ms
[10.263s][info][gc,cpu         ] GC(126) User=0.34s Sys=0.03s Real=0.06s
[10.280s][info][gc,start       ] GC(127) Pause Young (Allocation Failure)
[10.335s][info][gc,heap        ] GC(127) PSYoungGen: 114880K(139776K)->60576K(140288K) Eden: 16384K(16384K)->0K(18944K) From: 98496K(123392K)->60576K(121344K)
[10.335s][info][gc,heap        ] GC(127) ParOldGen: 1479415K(1570304K)->1534351K(1570304K)
[10.335s][info][gc,metaspace   ] GC(127) Metaspace: 6298K(6464K)->6298K(6464K) NonClass: 5765K(5824K)->5765K(5824K) Class: 533K(640K)->533K(640K)
[10.335s][info][gc             ] GC(127) Pause Young (Allocation Failure) 1556M->1557M(1670M) 54.447ms
[10.335s][info][gc,cpu         ] GC(127) User=0.50s Sys=0.00s Real=0.06s
[10.335s][info][gc,start       ] GC(128) Pause Full (Ergonomics)
[10.335s][info][gc,phases,start] GC(128) Marking Phase
[10.696s][info][gc,phases      ] GC(128) Marking Phase 361.177ms
[10.696s][info][gc,phases,start] GC(128) Summary Phase
[10.696s][info][gc,phases      ] GC(128) Summary Phase 0.042ms
[10.696s][info][gc,phases,start] GC(128) Adjust Roots
[10.696s][info][gc,phases      ] GC(128) Adjust Roots 0.268ms
[10.696s][info][gc,phases,start] GC(128) Compaction Phase
[10.851s][info][gc,phases      ] GC(128) Compaction Phase 154.881ms
[10.851s][info][gc,phases,start] GC(128) Post Compact
[10.854s][info][gc,phases      ] GC(128) Post Compact 3.135ms
[10.855s][info][gc,heap        ] GC(128) PSYoungGen: 60576K(140288K)->23495K(142848K) Eden: 0K(18944K)->0K(21504K) From: 60576K(121344K)->23495K(121344K)
[10.855s][info][gc,heap        ] GC(128) ParOldGen: 1534351K(1570304K)->1569798K(1722880K)
[10.855s][info][gc,metaspace   ] GC(128) Metaspace: 6298K(6464K)->6298K(6464K) NonClass: 5765K(5824K)->5765K(5824K) Class: 533K(640K)->533K(640K)
[10.855s][info][gc             ] GC(128) Pause Full (Ergonomics) 1557M->1555M(1822M) 520.600ms
[10.855s][info][gc,cpu         ] GC(128) User=3.52s Sys=0.00s Real=0.52s
[10.877s][info][gc,start       ] GC(129) Pause Young (Allocation Failure)
[10.964s][info][gc,heap        ] GC(129) PSYoungGen: 44999K(142848K)->26080K(146944K) Eden: 21504K(21504K)->0K(21504K) From: 23495K(121344K)->26080K(125440K)
[10.964s][info][gc,heap        ] GC(129) ParOldGen: 1569798K(1722880K)->1589158K(1722880K)
[10.964s][info][gc,metaspace   ] GC(129) Metaspace: 6298K(6464K)->6298K(6464K) NonClass: 5765K(5824K)->5765K(5824K) Class: 533K(640K)->533K(640K)
[10.964s][info][gc             ] GC(129) Pause Young (Allocation Failure) 1576M->1577M(1826M) 87.290ms
[10.964s][info][gc,cpu         ] GC(129) User=0.61s Sys=0.00s Real=0.09s
[10.985s][info][gc,start       ] GC(130) Pause Young (Allocation Failure)
[11.017s][info][gc,heap        ] GC(130) PSYoungGen: 47584K(146944K)->43232K(146432K) Eden: 21504K(21504K)->0K(24064K) From: 26080K(125440K)->43232K(122368K)
[11.017s][info][gc,heap        ] GC(130) ParOldGen: 1589158K(1722880K)->1593654K(1722880K)
[11.017s][info][gc,metaspace   ] GC(130) Metaspace: 6298K(6464K)->6298K(6464K) NonClass: 5765K(5824K)->5765K(5824K) Class: 533K(640K)->533K(640K)
[11.017s][info][gc             ] GC(130) Pause Young (Allocation Failure) 1598M->1598M(1825M) 31.456ms
[11.017s][info][gc,cpu         ] GC(130) User=0.03s Sys=0.00s Real=0.03s
[11.040s][info][gc,start       ] GC(131) Pause Young (Allocation Failure)
[11.077s][info][gc,heap        ] GC(131) PSYoungGen: 67296K(146432K)->45728K(148992K) Eden: 24064K(24064K)->0K(24064K) From: 43232K(122368K)->45728K(124928K)
[11.077s][info][gc,heap        ] GC(131) ParOldGen: 1593654K(1722880K)->1615438K(1722880K)
[11.077s][info][gc,metaspace   ] GC(131) Metaspace: 6298K(6464K)->6298K(6464K) NonClass: 5765K(5824K)->5765K(5824K) Class: 533K(640K)->533K(640K)
[11.077s][info][gc             ] GC(131) Pause Young (Allocation Failure) 1622M->1622M(1828M) 36.802ms
[11.077s][info][gc,cpu         ] GC(131) User=0.17s Sys=0.00s Real=0.04s
[11.103s][info][gc,start       ] GC(132) Pause Young (Allocation Failure)
[11.141s][info][gc,heap        ] GC(132) PSYoungGen: 69792K(148992K)->48256K(141824K) Eden: 24064K(24064K)->0K(27136K) From: 45728K(124928K)->48256K(114688K)
[11.141s][info][gc,heap        ] GC(132) ParOldGen: 1615438K(1722880K)->1637230K(1722880K)
[11.141s][info][gc,metaspace   ] GC(132) Metaspace: 6298K(6464K)->6298K(6464K) NonClass: 5765K(5824K)->5765K(5824K) Class: 533K(640K)->533K(640K)
[11.141s][info][gc             ] GC(132) Pause Young (Allocation Failure) 1645M->1645M(1821M) 38.248ms
[11.141s][info][gc,cpu         ] GC(132) User=0.16s Sys=0.00s Real=0.04s
[11.170s][info][gc,start       ] GC(133) Pause Young (Allocation Failure)
[11.211s][info][gc,heap        ] GC(133) PSYoungGen: 75392K(141824K)->51392K(78848K) Eden: 27136K(27136K)->0K(27136K) From: 48256K(114688K)->51392K(51712K)
[11.211s][info][gc,heap        ] GC(133) ParOldGen: 1637230K(1722880K)->1661622K(1722880K)
[11.211s][info][gc,metaspace   ] GC(133) Metaspace: 6298K(6464K)->6298K(6464K) NonClass: 5765K(5824K)->5765K(5824K) Class: 533K(640K)->533K(640K)
[11.211s][info][gc             ] GC(133) Pause Young (Allocation Failure) 1672M->1672M(1759M) 41.334ms
[11.211s][info][gc,cpu         ] GC(133) User=0.17s Sys=0.02s Real=0.04s
[11.240s][info][gc,start       ] GC(134) Pause Young (Allocation Failure)
[11.283s][info][gc,heap        ] GC(134) PSYoungGen: 78528K(78848K)->27296K(143872K) Eden: 27136K(27136K)->0K(30208K) From: 51392K(51712K)->27296K(113664K)
[11.283s][info][gc,heap        ] GC(134) ParOldGen: 1661622K(1722880K)->1713462K(1722880K)
[11.283s][info][gc,metaspace   ] GC(134) Metaspace: 6298K(6464K)->6298K(6464K) NonClass: 5765K(5824K)->5765K(5824K) Class: 533K(640K)->533K(640K)
[11.283s][info][gc             ] GC(134) Pause Young (Allocation Failure) 1699M->1699M(1823M) 42.792ms
[11.283s][info][gc,cpu         ] GC(134) User=0.25s Sys=0.02s Real=0.04s
[11.283s][info][gc,start       ] GC(135) Pause Full (Ergonomics)
[11.283s][info][gc,phases,start] GC(135) Marking Phase
[11.672s][info][gc,phases      ] GC(135) Marking Phase 389.156ms
[11.672s][info][gc,phases,start] GC(135) Summary Phase
[11.672s][info][gc,phases      ] GC(135) Summary Phase 0.029ms
[11.672s][info][gc,phases,start] GC(135) Adjust Roots
[11.672s][info][gc,phases      ] GC(135) Adjust Roots 0.166ms
[11.672s][info][gc,phases,start] GC(135) Compaction Phase
[11.839s][info][gc,phases      ] GC(135) Compaction Phase 167.050ms
[11.839s][info][gc,phases,start] GC(135) Post Compact
[11.843s][info][gc,phases      ] GC(135) Post Compact 3.161ms
[11.843s][info][gc,heap        ] GC(135) PSYoungGen: 27296K(143872K)->15881K(143872K) Eden: 0K(30208K)->0K(30208K) From: 27296K(113664K)->15881K(113664K)
[11.843s][info][gc,heap        ] GC(135) ParOldGen: 1713462K(1722880K)->1722638K(1891328K)
[11.843s][info][gc,metaspace   ] GC(135) Metaspace: 6298K(6464K)->6298K(6464K) NonClass: 5765K(5824K)->5765K(5824K) Class: 533K(640K)->533K(640K)
[11.843s][info][gc             ] GC(135) Pause Full (Ergonomics) 1699M->1697M(1987M) 560.479ms
[11.843s][info][gc,cpu         ] GC(135) User=3.92s Sys=0.00s Real=0.56s
[11.879s][info][gc,start       ] GC(136) Pause Young (Allocation Failure)
[11.975s][info][gc,heap        ] GC(136) PSYoungGen: 46089K(143872K)->30400K(144384K) Eden: 30208K(30208K)->0K(30208K) From: 15881K(113664K)->30400K(114176K)
[11.975s][info][gc,heap        ] GC(136) ParOldGen: 1722638K(1891328K)->1738766K(1891328K)
[11.975s][info][gc,metaspace   ] GC(136) Metaspace: 6298K(6464K)->6298K(6464K) NonClass: 5765K(5824K)->5765K(5824K) Class: 533K(640K)->533K(640K)
[11.975s][info][gc             ] GC(136) Pause Young (Allocation Failure) 1727M->1727M(1988M) 96.343ms
[11.975s][info][gc,cpu         ] GC(136) User=0.61s Sys=0.00s Real=0.10s
[12.008s][info][gc,start       ] GC(137) Pause Young (Allocation Failure)
[12.045s][info][gc,heap        ] GC(137) PSYoungGen: 60608K(144384K)->60576K(138752K) Eden: 30208K(30208K)->0K(33280K) From: 30400K(114176K)->60576K(105472K)
[12.045s][info][gc,heap        ] GC(137) ParOldGen: 1738766K(1891328K)->1738766K(1891328K)
[12.045s][info][gc,metaspace   ] GC(137) Metaspace: 6298K(6464K)->6298K(6464K) NonClass: 5765K(5824K)->5765K(5824K) Class: 533K(640K)->533K(640K)
[12.045s][info][gc             ] GC(137) Pause Young (Allocation Failure) 1757M->1757M(1982M) 37.255ms
[12.045s][info][gc,cpu         ] GC(137) User=0.16s Sys=0.00s Real=0.04s
[12.079s][info][gc,start       ] GC(138) Pause Young (Allocation Failure)
[12.127s][info][gc,heap        ] GC(138) PSYoungGen: 93856K(138752K)->63712K(142336K) Eden: 33280K(33280K)->0K(33280K) From: 60576K(105472K)->63712K(109056K)
[12.127s][info][gc,heap        ] GC(138) ParOldGen: 1738766K(1891328K)->1769374K(1891328K)
[12.127s][info][gc,metaspace   ] GC(138) Metaspace: 6298K(6464K)->6298K(6464K) NonClass: 5765K(5824K)->5765K(5824K) Class: 533K(640K)->533K(640K)
[12.127s][info][gc             ] GC(138) Pause Young (Allocation Failure) 1789M->1790M(1986M) 48.462ms
[12.127s][info][gc,cpu         ] GC(138) User=0.25s Sys=0.03s Real=0.05s
[12.162s][info][gc,start       ] GC(139) Pause Young (Allocation Failure)
[12.213s][info][gc,heap        ] GC(139) PSYoungGen: 96992K(142336K)->66752K(142336K) Eden: 33280K(33280K)->0K(36864K) From: 63712K(109056K)->66752K(105472K)
[12.213s][info][gc,heap        ] GC(139) ParOldGen: 1769374K(1891328K)->1799998K(1891328K)
[12.213s][info][gc,metaspace   ] GC(139) Metaspace: 6298K(6464K)->6298K(6464K) NonClass: 5765K(5824K)->5765K(5824K) Class: 533K(640K)->533K(640K)
[12.213s][info][gc             ] GC(139) Pause Young (Allocation Failure) 1822M->1822M(1986M) 50.717ms
[12.213s][info][gc,cpu         ] GC(139) User=0.34s Sys=0.00s Real=0.05s
[12.256s][info][gc,start       ] GC(140) Pause Young (Allocation Failure)
[12.310s][info][gc,heap        ] GC(140) PSYoungGen: 103616K(142336K)->70368K(143360K) Eden: 36864K(36864K)->0K(36864K) From: 66752K(105472K)->70368K(106496K)
[12.310s][info][gc,heap        ] GC(140) ParOldGen: 1799998K(1891328K)->1833718K(1891328K)
[12.310s][info][gc,metaspace   ] GC(140) Metaspace: 6298K(6464K)->6298K(6464K) NonClass: 5765K(5824K)->5765K(5824K) Class: 533K(640K)->533K(640K)
[12.310s][info][gc             ] GC(140) Pause Young (Allocation Failure) 1858M->1859M(1987M) 53.509ms
[12.310s][info][gc,cpu         ] GC(140) User=0.28s Sys=0.09s Real=0.05s
[12.350s][info][gc,start       ] GC(141) Pause Young (Allocation Failure)
[12.404s][info][gc,heap        ] GC(141) PSYoungGen: 107232K(143360K)->73952K(146432K) Eden: 36864K(36864K)->0K(39936K) From: 70368K(106496K)->73952K(106496K)
[12.404s][info][gc,heap        ] GC(141) ParOldGen: 1833718K(1891328K)->1867446K(1891328K)
[12.404s][info][gc,metaspace   ] GC(141) Metaspace: 6298K(6464K)->6298K(6464K) NonClass: 5765K(5824K)->5765K(5824K) Class: 533K(640K)->533K(640K)
[12.404s][info][gc             ] GC(141) Pause Young (Allocation Failure) 1895M->1895M(1990M) 54.120ms
[12.404s][info][gc,cpu         ] GC(141) User=0.38s Sys=0.00s Real=0.05s
[12.404s][info][gc,start       ] GC(142) Pause Full (Ergonomics)
[12.404s][info][gc,phases,start] GC(142) Marking Phase
[12.838s][info][gc,phases      ] GC(142) Marking Phase 434.212ms
[12.838s][info][gc,phases,start] GC(142) Summary Phase
[12.839s][info][gc,phases      ] GC(142) Summary Phase 0.040ms
[12.839s][info][gc,phases,start] GC(142) Adjust Roots
[12.839s][info][gc,phases      ] GC(142) Adjust Roots 0.165ms
[12.839s][info][gc,phases,start] GC(142) Compaction Phase
[13.028s][info][gc,phases      ] GC(142) Compaction Phase 189.745ms
[13.029s][info][gc,phases,start] GC(142) Post Compact
[13.032s][info][gc,phases      ] GC(142) Post Compact 3.763ms
[13.033s][info][gc,heap        ] GC(142) PSYoungGen: 73952K(146432K)->48111K(146432K) Eden: 0K(39936K)->0K(39936K) From: 73952K(106496K)->48111K(106496K)
[13.033s][info][gc,heap        ] GC(142) ParOldGen: 1867446K(1891328K)->1890928K(2072064K)
[13.033s][info][gc,metaspace   ] GC(142) Metaspace: 6298K(6464K)->6298K(6464K) NonClass: 5765K(5824K)->5765K(5824K) Class: 533K(640K)->533K(640K)
[13.033s][info][gc             ] GC(142) Pause Full (Ergonomics) 1895M->1893M(2166M) 628.889ms
[13.033s][info][gc,cpu         ] GC(142) User=4.58s Sys=0.00s Real=0.63s
[13.081s][info][gc,start       ] GC(143) Pause Young (Allocation Failure)
[13.210s][info][gc,heap        ] GC(143) PSYoungGen: 88047K(146432K)->65568K(147456K) Eden: 39936K(39936K)->0K(39936K) From: 48111K(106496K)->65568K(107520K)
[13.210s][info][gc,heap        ] GC(143) ParOldGen: 1890928K(2072064K)->1913968K(2072064K)
[13.210s][info][gc,metaspace   ] GC(143) Metaspace: 6298K(6464K)->6298K(6464K) NonClass: 5765K(5824K)->5765K(5824K) Class: 533K(640K)->533K(640K)
[13.210s][info][gc             ] GC(143) Pause Young (Allocation Failure) 1932M->1933M(2167M) 128.740ms
[13.210s][info][gc,cpu         ] GC(143) User=0.88s Sys=0.00s Real=0.13s
[13.259s][info][gc,start       ] GC(144) Pause Young (Allocation Failure)
[13.315s][info][gc,heap        ] GC(144) PSYoungGen: 105504K(147456K)->104960K(136192K) Eden: 39936K(39936K)->0K(31232K) From: 65568K(107520K)->104960K(104960K)
[13.315s][info][gc,heap        ] GC(144) ParOldGen: 1913968K(2072064K)->1914568K(2072064K)
[13.315s][info][gc,metaspace   ] GC(144) Metaspace: 6298K(6464K)->6298K(6464K) NonClass: 5765K(5824K)->5765K(5824K) Class: 533K(640K)->533K(640K)
[13.315s][info][gc             ] GC(144) Pause Young (Allocation Failure) 1972M->1972M(2156M) 55.960ms
[13.315s][info][gc,cpu         ] GC(144) User=0.39s Sys=0.00s Real=0.06s
[13.354s][info][gc,start       ] GC(145) Pause Young (Allocation Failure)
[13.427s][info][gc,heap        ] GC(145) PSYoungGen: 136192K(136192K)->70944K(148992K) Eden: 31232K(31232K)->0K(31232K) From: 104960K(104960K)->70944K(117760K)
[13.427s][info][gc,heap        ] GC(145) ParOldGen: 1914568K(2072064K)->1980552K(2072064K)
[13.427s][info][gc,metaspace   ] GC(145) Metaspace: 6298K(6464K)->6298K(6464K) NonClass: 5765K(5824K)->5765K(5824K) Class: 533K(640K)->533K(640K)
[13.427s][info][gc             ] GC(145) Pause Young (Allocation Failure) 2002M->2003M(2169M) 73.588ms
[13.427s][info][gc,cpu         ] GC(145) User=0.48s Sys=0.03s Real=0.07s
[13.461s][info][gc,start       ] GC(146) Pause Young (Allocation Failure)
[13.517s][info][gc,heap        ] GC(146) PSYoungGen: 102176K(148992K)->62688K(141312K) Eden: 31232K(31232K)->0K(35328K) From: 70944K(117760K)->62688K(105984K)
[13.517s][info][gc,heap        ] GC(146) ParOldGen: 1980552K(2072064K)->2020640K(2072064K)
[13.517s][info][gc,metaspace   ] GC(146) Metaspace: 6298K(6464K)->6298K(6464K) NonClass: 5765K(5824K)->5765K(5824K) Class: 533K(640K)->533K(640K)
[13.517s][info][gc             ] GC(146) Pause Young (Allocation Failure) 2033M->2034M(2161M) 55.237ms
[13.517s][info][gc,cpu         ] GC(146) User=0.38s Sys=0.02s Real=0.06s
[13.517s][info][gc,start       ] GC(147) Pause Full (Ergonomics)
[13.517s][info][gc,phases,start] GC(147) Marking Phase
[13.973s][info][gc,phases      ] GC(147) Marking Phase 456.598ms
[13.973s][info][gc,phases,start] GC(147) Summary Phase
[13.973s][info][gc,phases      ] GC(147) Summary Phase 0.039ms
[13.973s][info][gc,phases,start] GC(147) Adjust Roots
[13.974s][info][gc,phases      ] GC(147) Adjust Roots 0.163ms
[13.974s][info][gc,phases,start] GC(147) Compaction Phase
[14.154s][info][gc,phases      ] GC(147) Compaction Phase 180.474ms
[14.154s][info][gc,phases,start] GC(147) Post Compact
[14.158s][info][gc,phases      ] GC(147) Post Compact 3.961ms
[14.159s][info][gc,heap        ] GC(147) PSYoungGen: 62688K(141312K)->9267K(145408K) Eden: 0K(35328K)->0K(39424K) From: 62688K(105984K)->9267K(105984K)
[14.159s][info][gc,heap        ] GC(147) ParOldGen: 2020640K(2072064K)->2071986K(2279936K)
[14.159s][info][gc,metaspace   ] GC(147) Metaspace: 6298K(6464K)->6298K(6464K) NonClass: 5765K(5824K)->5765K(5824K) Class: 533K(640K)->533K(640K)
[14.159s][info][gc             ] GC(147) Pause Full (Ergonomics) 2034M->2032M(2368M) 642.297ms
[14.159s][info][gc,cpu         ] GC(147) User=4.55s Sys=0.03s Real=0.64s
[14.203s][info][gc,start       ] GC(148) Pause Young (Allocation Failure)
[14.315s][info][gc,heap        ] GC(148) PSYoungGen: 48691K(145408K)->44128K(149504K) Eden: 39424K(39424K)->0K(39424K) From: 9267K(105984K)->44128K(110080K)
[14.315s][info][gc,heap        ] GC(148) ParOldGen: 2071986K(2279936K)->2076818K(2279936K)
[14.315s][info][gc,metaspace   ] GC(148) Metaspace: 6298K(6464K)->6298K(6464K) NonClass: 5765K(5824K)->5765K(5824K) Class: 533K(640K)->533K(640K)
[14.315s][info][gc             ] GC(148) Pause Young (Allocation Failure) 2070M->2071M(2372M) 111.540ms
[14.315s][info][gc,cpu         ] GC(148) User=0.67s Sys=0.00s Real=0.11s
[14.357s][info][gc,start       ] GC(149) Pause Young (Allocation Failure)
[14.402s][info][gc,heap        ] GC(149) PSYoungGen: 83552K(149504K)->83648K(149504K) Eden: 39424K(39424K)->0K(40448K) From: 44128K(110080K)->83648K(109056K)
[14.402s][info][gc,heap        ] GC(149) ParOldGen: 2076818K(2279936K)->2076818K(2279936K)
[14.402s][info][gc,metaspace   ] GC(149) Metaspace: 6298K(6464K)->6298K(6464K) NonClass: 5765K(5824K)->5765K(5824K) Class: 533K(640K)->533K(640K)
[14.402s][info][gc             ] GC(149) Pause Young (Allocation Failure) 2109M->2109M(2372M) 45.321ms
[14.402s][info][gc,cpu         ] GC(149) User=0.27s Sys=0.00s Real=0.04s
[14.447s][info][gc,start       ] GC(150) Pause Young (Allocation Failure)
[14.509s][info][gc,heap        ] GC(150) PSYoungGen: 124096K(149504K)->112128K(152576K) Eden: 40448K(40448K)->0K(40448K) From: 83648K(109056K)->112128K(112128K)
[14.509s][info][gc,heap        ] GC(150) ParOldGen: 2076818K(2279936K)->2088850K(2279936K)
[14.509s][info][gc,metaspace   ] GC(150) Metaspace: 6298K(6464K)->6298K(6464K) NonClass: 5765K(5824K)->5765K(5824K) Class: 533K(640K)->533K(640K)
[14.510s][info][gc             ] GC(150) Pause Young (Allocation Failure) 2149M->2149M(2375M) 62.738ms
[14.510s][info][gc,cpu         ] GC(150) User=0.39s Sys=0.00s Real=0.06s
[14.562s][info][gc,start       ] GC(151) Pause Young (Allocation Failure)
[14.644s][info][gc,heap        ] GC(151) PSYoungGen: 152576K(152576K)->115136K(163840K) Eden: 40448K(40448K)->0K(34304K) From: 112128K(112128K)->115136K(129536K)
[14.644s][info][gc,heap        ] GC(151) ParOldGen: 2088850K(2279936K)->2126938K(2279936K)
[14.644s][info][gc,metaspace   ] GC(151) Metaspace: 6298K(6464K)->6298K(6464K) NonClass: 5765K(5824K)->5765K(5824K) Class: 533K(640K)->533K(640K)
[14.644s][info][gc             ] GC(151) Pause Young (Allocation Failure) 2188M->2189M(2386M) 81.849ms
[14.644s][info][gc,cpu         ] GC(151) User=0.61s Sys=0.05s Real=0.08s
[14.683s][info][gc,start       ] GC(152) Pause Young (Allocation Failure)
[14.760s][info][gc,heap        ] GC(152) PSYoungGen: 149440K(163840K)->113120K(174080K) Eden: 34304K(34304K)->0K(34304K) From: 115136K(129536K)->113120K(139776K)
[14.760s][info][gc,heap        ] GC(152) ParOldGen: 2126938K(2279936K)->2163738K(2279936K)
[14.760s][info][gc,metaspace   ] GC(152) Metaspace: 6298K(6464K)->6298K(6464K) NonClass: 5765K(5824K)->5765K(5824K) Class: 533K(640K)->533K(640K)
[14.760s][info][gc             ] GC(152) Pause Young (Allocation Failure) 2223M->2223M(2396M) 76.359ms
[14.760s][info][gc,cpu         ] GC(152) User=0.48s Sys=0.03s Real=0.08s
[14.799s][info][gc,start       ] GC(153) Pause Young (Allocation Failure)
[14.875s][info][gc,heap        ] GC(153) PSYoungGen: 147424K(174080K)->109312K(181248K) Eden: 34304K(34304K)->0K(33792K) From: 113120K(139776K)->109312K(147456K)
[14.875s][info][gc,heap        ] GC(153) ParOldGen: 2163738K(2279936K)->2202362K(2279936K)
[14.875s][info][gc,metaspace   ] GC(153) Metaspace: 6298K(6464K)->6298K(6464K) NonClass: 5765K(5824K)->5765K(5824K) Class: 533K(640K)->533K(640K)
[14.875s][info][gc             ] GC(153) Pause Young (Allocation Failure) 2256M->2257M(2403M) 76.217ms
[14.875s][info][gc,cpu         ] GC(153) User=0.50s Sys=0.00s Real=0.08s
[14.913s][info][gc,start       ] GC(154) Pause Young (Allocation Failure)
[14.990s][info][gc,heap        ] GC(154) PSYoungGen: 143104K(181248K)->102720K(185856K) Eden: 33792K(33792K)->0K(33792K) From: 109312K(147456K)->102720K(152064K)
[14.990s][info][gc,heap        ] GC(154) ParOldGen: 2202362K(2279936K)->2243370K(2279936K)
[14.990s][info][gc,metaspace   ] GC(154) Metaspace: 6298K(6464K)->6298K(6464K) NonClass: 5765K(5824K)->5765K(5824K) Class: 533K(640K)->533K(640K)
[14.990s][info][gc             ] GC(154) Pause Young (Allocation Failure) 2290M->2291M(2408M) 77.043ms
[14.990s][info][gc,cpu         ] GC(154) User=0.45s Sys=0.03s Real=0.08s
[14.990s][info][gc,start       ] GC(155) Pause Full (Ergonomics)
[14.990s][info][gc,phases,start] GC(155) Marking Phase
[15.519s][info][gc,phases      ] GC(155) Marking Phase 529.451ms
[15.520s][info][gc,phases,start] GC(155) Summary Phase
[15.520s][info][gc,phases      ] GC(155) Summary Phase 0.043ms
[15.520s][info][gc,phases,start] GC(155) Adjust Roots
[15.520s][info][gc,phases      ] GC(155) Adjust Roots 0.176ms
[15.520s][info][gc,phases,start] GC(155) Compaction Phase
[15.724s][info][gc,phases      ] GC(155) Compaction Phase 204.286ms
[15.724s][info][gc,phases,start] GC(155) Post Compact
[15.729s][info][gc,phases      ] GC(155) Post Compact 4.739ms
[15.730s][info][gc,heap        ] GC(155) PSYoungGen: 102720K(185856K)->63489K(185856K) Eden: 0K(33792K)->0K(33792K) From: 102720K(152064K)->63489K(152064K)
[15.730s][info][gc,heap        ] GC(155) ParOldGen: 2243370K(2279936K)->2279694K(2503168K)
[15.730s][info][gc,metaspace   ] GC(155) Metaspace: 6298K(6464K)->6298K(6464K) NonClass: 5765K(5824K)->5765K(5824K) Class: 533K(640K)->533K(640K)
[15.730s][info][gc             ] GC(155) Pause Full (Ergonomics) 2291M->2288M(2626M) 739.849ms
[15.730s][info][gc,cpu         ] GC(155) User=5.39s Sys=0.03s Real=0.74s
[15.772s][info][gc,start       ] GC(156) Pause Young (Allocation Failure)
[15.924s][info][gc,heap        ] GC(156) PSYoungGen: 97281K(185856K)->55968K(184832K) Eden: 33792K(33792K)->0K(37376K) From: 63489K(152064K)->55968K(147456K)
[15.924s][info][gc,heap        ] GC(156) ParOldGen: 2279694K(2503168K)->2321638K(2503168K)
[15.924s][info][gc,metaspace   ] GC(156) Metaspace: 6298K(6464K)->6298K(6464K) NonClass: 5765K(5824K)->5765K(5824K) Class: 533K(640K)->533K(640K)
[15.924s][info][gc             ] GC(156) Pause Young (Allocation Failure) 2321M->2321M(2625M) 151.966ms
[15.924s][info][gc,cpu         ] GC(156) User=0.94s Sys=0.03s Real=0.15s
[15.966s][info][gc,start       ] GC(157) Pause Young (Allocation Failure)
[16.019s][info][gc,heap        ] GC(157) PSYoungGen: 93344K(184832K)->71360K(109056K) Eden: 37376K(37376K)->0K(37376K) From: 55968K(147456K)->71360K(71680K)
[16.019s][info][gc,heap        ] GC(157) ParOldGen: 2321638K(2503168K)->2343862K(2503168K)
[16.019s][info][gc,metaspace   ] GC(157) Metaspace: 6298K(6464K)->6298K(6464K) NonClass: 5765K(5824K)->5765K(5824K) Class: 533K(640K)->533K(640K)
[16.019s][info][gc             ] GC(157) Pause Young (Allocation Failure) 2358M->2358M(2551M) 52.518ms
[16.019s][info][gc,cpu         ] GC(157) User=0.31s Sys=0.00s Real=0.05s
[16.067s][info][gc,start       ] GC(158) Pause Young (Allocation Failure)
[16.125s][info][gc,heap        ] GC(158) PSYoungGen: 108736K(109056K)->74976K(175616K) Eden: 37376K(37376K)->0K(41472K) From: 71360K(71680K)->74976K(134144K)
[16.125s][info][gc,heap        ] GC(158) ParOldGen: 2343862K(2503168K)->2377966K(2503168K)
[16.125s][info][gc,metaspace   ] GC(158) Metaspace: 6298K(6464K)->6298K(6464K) NonClass: 5765K(5824K)->5765K(5824K) Class: 533K(640K)->533K(640K)
[16.125s][info][gc             ] GC(158) Pause Young (Allocation Failure) 2395M->2395M(2616M) 58.200ms
[16.125s][info][gc,cpu         ] GC(158) User=0.31s Sys=0.08s Real=0.06s
[16.177s][info][gc,start       ] GC(159) Pause Young (Allocation Failure)
[16.240s][info][gc,heap        ] GC(159) PSYoungGen: 116448K(175616K)->79040K(120832K) Eden: 41472K(41472K)->0K(41472K) From: 74976K(134144K)->79040K(79360K)
[16.240s][info][gc,heap        ] GC(159) ParOldGen: 2377966K(2503168K)->2415670K(2503168K)
[16.240s][info][gc,metaspace   ] GC(159) Metaspace: 6298K(6464K)->6298K(6464K) NonClass: 5765K(5824K)->5765K(5824K) Class: 533K(640K)->533K(640K)
[16.240s][info][gc             ] GC(159) Pause Young (Allocation Failure) 2435M->2436M(2562M) 63.681ms
[16.240s][info][gc,cpu         ] GC(159) User=0.38s Sys=0.02s Real=0.06s
[16.291s][info][gc,start       ] GC(160) Pause Young (Allocation Failure)
[16.356s][info][gc,heap        ] GC(160) PSYoungGen: 120512K(120832K)->83136K(173056K) Eden: 41472K(41472K)->0K(46592K) From: 79040K(79360K)->83136K(126464K)
[16.356s][info][gc,heap        ] GC(160) ParOldGen: 2415670K(2503168K)->2453382K(2503168K)
[16.357s][info][gc,metaspace   ] GC(160) Metaspace: 6298K(6464K)->6298K(6464K) NonClass: 5765K(5824K)->5765K(5824K) Class: 533K(640K)->533K(640K)
[16.357s][info][gc             ] GC(160) Pause Young (Allocation Failure) 2476M->2477M(2613M) 65.738ms
[16.357s][info][gc,cpu         ] GC(160) User=0.39s Sys=0.02s Real=0.07s
[16.357s][info][gc,start       ] GC(161) Pause Full (Ergonomics)
[16.357s][info][gc,phases,start] GC(161) Marking Phase
[16.919s][info][gc,phases      ] GC(161) Marking Phase 562.285ms
[16.919s][info][gc,phases,start] GC(161) Summary Phase
[16.919s][info][gc,phases      ] GC(161) Summary Phase 0.046ms
[16.919s][info][gc,phases,start] GC(161) Adjust Roots
[16.919s][info][gc,phases      ] GC(161) Adjust Roots 0.164ms
[16.919s][info][gc,phases,start] GC(161) Compaction Phase
[17.153s][info][gc,phases      ] GC(161) Compaction Phase 233.583ms
[17.153s][info][gc,phases,start] GC(161) Post Compact
[17.158s][info][gc,phases      ] GC(161) Post Compact 5.046ms
[17.159s][info][gc,heap        ] GC(161) PSYoungGen: 83136K(173056K)->31773K(176640K) Eden: 0K(46592K)->0K(50176K) From: 83136K(126464K)->31773K(126464K)
[17.159s][info][gc,heap        ] GC(161) ParOldGen: 2453382K(2503168K)->2502745K(2739200K)
[17.159s][info][gc,metaspace   ] GC(161) Metaspace: 6298K(6464K)->6298K(6464K) NonClass: 5765K(5824K)->5765K(5824K) Class: 533K(640K)->533K(640K)
[17.159s][info][gc             ] GC(161) Pause Full (Ergonomics) 2477M->2475M(2847M) 802.366ms
[17.159s][info][gc,cpu         ] GC(161) User=6.00s Sys=0.02s Real=0.80s
[17.220s][info][gc,start       ] GC(162) Pause Young (Allocation Failure)
[17.372s][info][gc,heap        ] GC(162) PSYoungGen: 81949K(176640K)->67424K(180224K) Eden: 50176K(50176K)->0K(50176K) From: 31773K(126464K)->67424K(130048K)
[17.372s][info][gc,heap        ] GC(162) ParOldGen: 2502745K(2739200K)->2517633K(2739200K)
[17.372s][info][gc,metaspace   ] GC(162) Metaspace: 6298K(6464K)->6298K(6464K) NonClass: 5765K(5824K)->5765K(5824K) Class: 533K(640K)->533K(640K)
[17.372s][info][gc             ] GC(162) Pause Young (Allocation Failure) 2524M->2524M(2851M) 152.090ms
[17.372s][info][gc,cpu         ] GC(162) User=0.91s Sys=0.02s Real=0.15s
[17.434s][info][gc,start       ] GC(163) Pause Young (Allocation Failure)
[17.497s][info][gc,heap        ] GC(163) PSYoungGen: 117600K(180224K)->117760K(172544K) Eden: 50176K(50176K)->0K(45568K) From: 67424K(130048K)->117760K(126976K)
[17.497s][info][gc,heap        ] GC(163) ParOldGen: 2517633K(2739200K)->2517633K(2739200K)
[17.497s][info][gc,metaspace   ] GC(163) Metaspace: 6298K(6464K)->6298K(6464K) NonClass: 5765K(5824K)->5765K(5824K) Class: 533K(640K)->533K(640K)
[17.497s][info][gc             ] GC(163) Pause Young (Allocation Failure) 2573M->2573M(2843M) 63.242ms
[17.497s][info][gc,cpu         ] GC(163) User=0.39s Sys=0.00s Real=0.06s
[17.553s][info][gc,start       ] GC(164) Pause Young (Allocation Failure)
[17.638s][info][gc,heap        ] GC(164) PSYoungGen: 163328K(172544K)->136704K(182272K) Eden: 45568K(45568K)->0K(45568K) From: 117760K(126976K)->136704K(136704K)
[17.638s][info][gc,heap        ] GC(164) ParOldGen: 2517633K(2739200K)->2544361K(2739200K)
[17.638s][info][gc,metaspace   ] GC(164) Metaspace: 6298K(6464K)->6298K(6464K) NonClass: 5765K(5824K)->5765K(5824K) Class: 533K(640K)->533K(640K)
[17.638s][info][gc             ] GC(164) Pause Young (Allocation Failure) 2618M->2618M(2853M) 85.148ms
[17.638s][info][gc,cpu         ] GC(164) User=0.52s Sys=0.00s Real=0.09s
[17.692s][info][gc,start       ] GC(165) Pause Young (Allocation Failure)
[17.793s][info][gc,heap        ] GC(165) PSYoungGen: 182272K(182272K)->128256K(204800K) Eden: 45568K(45568K)->0K(43520K) From: 136704K(136704K)->128256K(161280K)
[17.794s][info][gc,heap        ] GC(165) ParOldGen: 2544361K(2739200K)->2598985K(2739200K)
[17.794s][info][gc,metaspace   ] GC(165) Metaspace: 6298K(6464K)->6298K(6464K) NonClass: 5765K(5824K)->5765K(5824K) Class: 533K(640K)->533K(640K)
[17.794s][info][gc             ] GC(165) Pause Young (Allocation Failure) 2662M->2663M(2875M) 101.250ms
[17.794s][info][gc,cpu         ] GC(165) User=0.59s Sys=0.16s Real=0.10s
[17.842s][info][gc,start       ] GC(166) Pause Young (Allocation Failure)
[17.940s][info][gc,heap        ] GC(166) PSYoungGen: 171776K(204800K)->128768K(211456K) Eden: 43520K(43520K)->0K(43520K) From: 128256K(161280K)->128768K(167936K)
[17.940s][info][gc,heap        ] GC(166) ParOldGen: 2598985K(2739200K)->2642425K(2739200K)
[17.940s][info][gc,metaspace   ] GC(166) Metaspace: 6298K(6464K)->6298K(6464K) NonClass: 5765K(5824K)->5765K(5824K) Class: 533K(640K)->533K(640K)
[17.940s][info][gc             ] GC(166) Pause Young (Allocation Failure) 2705M->2706M(2881M) 98.501ms
[17.940s][info][gc,cpu         ] GC(166) User=0.67s Sys=0.02s Real=0.10s
[17.992s][info][gc,start       ] GC(167) Pause Young (Allocation Failure)
[18.091s][info][gc,heap        ] GC(167) PSYoungGen: 172288K(211456K)->132896K(217088K) Eden: 43520K(43520K)->0K(43520K) From: 128768K(167936K)->132896K(173568K)
[18.091s][info][gc,heap        ] GC(167) ParOldGen: 2642425K(2739200K)->2682137K(2739200K)
[18.091s][info][gc,metaspace   ] GC(167) Metaspace: 6298K(6464K)->6298K(6464K) NonClass: 5765K(5824K)->5765K(5824K) Class: 533K(640K)->533K(640K)
[18.091s][info][gc             ] GC(167) Pause Young (Allocation Failure) 2748M->2749M(2887M) 99.473ms
[18.091s][info][gc,cpu         ] GC(167) User=0.58s Sys=0.00s Real=0.10s
[18.091s][info][gc,start       ] GC(168) Pause Full (Ergonomics)
[18.091s][info][gc,phases,start] GC(168) Marking Phase
[18.740s][info][gc,phases      ] GC(168) Marking Phase 649.161ms
[18.740s][info][gc,phases,start] GC(168) Summary Phase
[18.740s][info][gc,phases      ] GC(168) Summary Phase 0.046ms
[18.740s][info][gc,phases,start] GC(168) Adjust Roots
[18.741s][info][gc,phases      ] GC(168) Adjust Roots 0.157ms
[18.741s][info][gc,phases,start] GC(168) Compaction Phase
[18.968s][info][gc,phases      ] GC(168) Compaction Phase 227.705ms
[18.968s][info][gc,phases,start] GC(168) Post Compact
[18.974s][info][gc,phases      ] GC(168) Post Compact 5.862ms
[18.975s][info][gc,heap        ] GC(168) PSYoungGen: 132896K(217088K)->73732K(217088K) Eden: 0K(43520K)->0K(43520K) From: 132896K(173568K)->73732K(173568K)
[18.975s][info][gc,heap        ] GC(168) ParOldGen: 2682137K(2739200K)->2739127K(2996224K)
[18.975s][info][gc,metaspace   ] GC(168) Metaspace: 6298K(6464K)->6298K(6464K) NonClass: 5765K(5824K)->5765K(5824K) Class: 533K(640K)->533K(640K)
[18.975s][info][gc             ] GC(168) Pause Full (Ergonomics) 2749M->2746M(3138M) 884.131ms
[18.975s][info][gc,cpu         ] GC(168) User=6.75s Sys=0.06s Real=0.89s
[19.536s][info][gc,start       ] GC(169) Pause Young (Allocation Failure)
[19.698s][info][gc,heap        ] GC(169) PSYoungGen: 117252K(217088K)->69088K(222208K) Eden: 43520K(43520K)->0K(43520K) From: 73732K(173568K)->69088K(178688K)
[19.698s][info][gc,heap        ] GC(169) ParOldGen: 2870199K(2996224K)->2919119K(2996224K)
[19.698s][info][gc,metaspace   ] GC(169) Metaspace: 6298K(6464K)->6298K(6464K) NonClass: 5765K(5824K)->5765K(5824K) Class: 533K(640K)->533K(640K)
[19.698s][info][gc             ] GC(169) Pause Young (Allocation Failure) 2917M->2918M(3143M) 162.419ms
[19.698s][info][gc,cpu         ] GC(169) User=1.08s Sys=0.03s Real=0.16s
[19.744s][info][gc,start       ] GC(170) Pause Young (Allocation Failure)
[19.806s][info][gc,heap        ] GC(170) PSYoungGen: 112608K(222208K)->112640K(219648K) Eden: 43520K(43520K)->0K(48128K) From: 69088K(178688K)->112640K(171520K)
[19.806s][info][gc,heap        ] GC(170) ParOldGen: 2919119K(2996224K)->2919119K(2996224K)
[19.806s][info][gc,metaspace   ] GC(170) Metaspace: 6298K(6464K)->6298K(6464K) NonClass: 5765K(5824K)->5765K(5824K) Class: 533K(640K)->533K(640K)
[19.806s][info][gc             ] GC(170) Pause Young (Allocation Failure) 2960M->2960M(3140M) 62.256ms
[19.806s][info][gc,cpu         ] GC(170) User=0.30s Sys=0.00s Real=0.06s
[19.856s][info][gc,start       ] GC(171) Pause Young (Allocation Failure)
[19.939s][info][gc,heap        ] GC(171) PSYoungGen: 160768K(219648K)->135488K(222208K) Eden: 48128K(48128K)->0K(48128K) From: 112640K(171520K)->135488K(174080K)
[19.939s][info][gc,heap        ] GC(171) ParOldGen: 2919119K(2996224K)->2944679K(2996224K)
[19.939s][info][gc,metaspace   ] GC(171) Metaspace: 6298K(6464K)->6298K(6464K) NonClass: 5765K(5824K)->5765K(5824K) Class: 533K(640K)->533K(640K)
[19.939s][info][gc             ] GC(171) Pause Young (Allocation Failure) 3007M->3007M(3143M) 82.204ms
[19.939s][info][gc,cpu         ] GC(171) User=0.53s Sys=0.06s Real=0.08s
[19.939s][info][gc,start       ] GC(172) Pause Full (Ergonomics)
[19.939s][info][gc,phases,start] GC(172) Marking Phase
[20.618s][info][gc,phases      ] GC(172) Marking Phase 679.009ms
[20.618s][info][gc,phases,start] GC(172) Summary Phase
[20.618s][info][gc,phases      ] GC(172) Summary Phase 0.045ms
[20.618s][info][gc,phases,start] GC(172) Adjust Roots
[20.618s][info][gc,phases      ] GC(172) Adjust Roots 0.157ms
[20.618s][info][gc,phases,start] GC(172) Compaction Phase
[21.089s][info][gc,phases      ] GC(172) Compaction Phase 471.039ms
[21.089s][info][gc,phases,start] GC(172) Post Compact
[21.096s][info][gc,phases      ] GC(172) Post Compact 6.685ms
[21.097s][info][gc,heap        ] GC(172) PSYoungGen: 135488K(222208K)->17554K(222208K) Eden: 0K(48128K)->0K(48128K) From: 135488K(174080K)->17554K(174080K)
[21.097s][info][gc,heap        ] GC(172) ParOldGen: 2944679K(2996224K)->2995910K(3270144K)
[21.097s][info][gc,metaspace   ] GC(172) Metaspace: 6298K(6464K)->6298K(6464K) NonClass: 5765K(5824K)->5765K(5824K) Class: 533K(640K)->533K(640K)
[21.097s][info][gc             ] GC(172) Pause Full (Ergonomics) 3007M->2942M(3410M) 1158.390ms
[21.097s][info][gc,cpu         ] GC(172) User=8.16s Sys=0.06s Real=1.16s
[21.144s][info][gc,start       ] GC(173) Pause Young (Allocation Failure)
[21.303s][info][gc,heap        ] GC(173) PSYoungGen: 65682K(222208K)->56576K(232448K) Eden: 48128K(48128K)->0K(52736K) From: 17554K(174080K)->56576K(179712K)
[21.303s][info][gc,heap        ] GC(173) ParOldGen: 2995910K(3270144K)->3005366K(3270144K)
[21.303s][info][gc,metaspace   ] GC(173) Metaspace: 6298K(6464K)->6298K(6464K) NonClass: 5765K(5824K)->5765K(5824K) Class: 533K(640K)->533K(640K)
[21.303s][info][gc             ] GC(173) Pause Young (Allocation Failure) 2989M->2990M(3420M) 158.908ms
[21.303s][info][gc,cpu         ] GC(173) User=0.95s Sys=0.00s Real=0.16s
[21.355s][info][gc,start       ] GC(174) Pause Young (Allocation Failure)
[21.418s][info][gc,heap        ] GC(174) PSYoungGen: 109312K(232448K)->109376K(232960K) Eden: 52736K(52736K)->0K(52736K) From: 56576K(179712K)->109376K(180224K)
[21.418s][info][gc,heap        ] GC(174) ParOldGen: 3005366K(3270144K)->3005366K(3270144K)
[21.418s][info][gc,metaspace   ] GC(174) Metaspace: 6298K(6464K)->6298K(6464K) NonClass: 5765K(5824K)->5765K(5824K) Class: 533K(640K)->533K(640K)
[21.418s][info][gc             ] GC(174) Pause Young (Allocation Failure) 3041M->3041M(3421M) 62.877ms
[21.418s][info][gc,cpu         ] GC(174) User=0.17s Sys=0.00s Real=0.06s
[21.471s][info][gc,start       ] GC(175) Pause Young (Allocation Failure)
[21.551s][info][gc,heap        ] GC(175) PSYoungGen: 162112K(232960K)->162176K(218624K) Eden: 52736K(52736K)->0K(42496K) From: 109376K(180224K)->162176K(176128K)
[21.551s][info][gc,heap        ] GC(175) ParOldGen: 3005366K(3270144K)->3005366K(3270144K)
[21.551s][info][gc,metaspace   ] GC(175) Metaspace: 6298K(6464K)->6298K(6464K) NonClass: 5765K(5824K)->5765K(5824K) Class: 533K(640K)->533K(640K)
[21.551s][info][gc             ] GC(175) Pause Young (Allocation Failure) 3093M->3093M(3407M) 79.696ms
[21.551s][info][gc,cpu         ] GC(175) User=0.25s Sys=0.00s Real=0.08s
[21.598s][info][gc,start       ] GC(176) Pause Young (Allocation Failure)
[21.690s][info][gc,heap        ] GC(176) PSYoungGen: 204672K(218624K)->191488K(233984K) Eden: 42496K(42496K)->0K(42496K) From: 162176K(176128K)->191488K(191488K)
[21.690s][info][gc,heap        ] GC(176) ParOldGen: 3005366K(3270144K)->3018630K(3270144K)
[21.690s][info][gc,metaspace   ] GC(176) Metaspace: 6298K(6464K)->6298K(6464K) NonClass: 5765K(5824K)->5765K(5824K) Class: 533K(640K)->533K(640K)
[21.690s][info][gc             ] GC(176) Pause Young (Allocation Failure) 3134M->3134M(3422M) 92.583ms
[21.690s][info][gc,cpu         ] GC(176) User=0.44s Sys=0.05s Real=0.09s
[21.734s][info][gc,start       ] GC(177) Pause Young (Allocation Failure)
[21.842s][info][gc,heap        ] GC(177) PSYoungGen: 233984K(233984K)->186144K(251392K) Eden: 42496K(42496K)->0K(31744K) From: 191488K(191488K)->186144K(219648K)
[21.842s][info][gc,heap        ] GC(177) ParOldGen: 3018630K(3270144K)->3067022K(3270144K)
[21.842s][info][gc,metaspace   ] GC(177) Metaspace: 6298K(6464K)->6298K(6464K) NonClass: 5765K(5824K)->5765K(5824K) Class: 533K(640K)->533K(640K)
[21.842s][info][gc             ] GC(177) Pause Young (Allocation Failure) 3176M->3176M(3439M) 107.443ms
[21.842s][info][gc,cpu         ] GC(177) User=0.64s Sys=0.11s Real=0.11s
[21.873s][info][gc,start       ] GC(178) Pause Young (Allocation Failure)
[21.981s][info][gc,heap        ] GC(178) PSYoungGen: 217888K(251392K)->165088K(267264K) Eden: 31744K(31744K)->0K(31744K) From: 186144K(219648K)->165088K(235520K)
[21.981s][info][gc,heap        ] GC(178) ParOldGen: 3067022K(3270144K)->3120230K(3270144K)
[21.981s][info][gc,metaspace   ] GC(178) Metaspace: 6298K(6464K)->6298K(6464K) NonClass: 5765K(5824K)->5765K(5824K) Class: 533K(640K)->533K(640K)
[21.981s][info][gc             ] GC(178) Pause Young (Allocation Failure) 3207M->3208M(3454M) 108.208ms
[21.981s][info][gc,cpu         ] GC(178) User=0.78s Sys=0.06s Real=0.11s
[22.012s][info][gc,start       ] GC(179) Pause Young (Allocation Failure)
[22.109s][info][gc,heap        ] GC(179) PSYoungGen: 196832K(267264K)->106304K(260608K) Eden: 31744K(31744K)->0K(36352K) From: 165088K(235520K)->106304K(224256K)
[22.109s][info][gc,heap        ] GC(179) ParOldGen: 3120230K(3270144K)->3211542K(3270144K)
[22.109s][info][gc,metaspace   ] GC(179) Metaspace: 6298K(6464K)->6298K(6464K) NonClass: 5765K(5824K)->5765K(5824K) Class: 533K(640K)->533K(640K)
[22.109s][info][gc             ] GC(179) Pause Young (Allocation Failure) 3239M->3240M(3448M) 97.472ms
[22.109s][info][gc,cpu         ] GC(179) User=0.56s Sys=0.08s Real=0.10s
[22.109s][info][gc,start       ] GC(180) Pause Full (Ergonomics)
[22.109s][info][gc,phases,start] GC(180) Marking Phase
[22.863s][info][gc,phases      ] GC(180) Marking Phase 753.463ms
[22.863s][info][gc,phases,start] GC(180) Summary Phase
[22.863s][info][gc,phases      ] GC(180) Summary Phase 0.049ms
[22.863s][info][gc,phases,start] GC(180) Adjust Roots
[22.863s][info][gc,phases      ] GC(180) Adjust Roots 0.166ms
[22.863s][info][gc,phases,start] GC(180) Compaction Phase
[23.212s][info][gc,phases      ] GC(180) Compaction Phase 349.160ms
[23.212s][info][gc,phases,start] GC(180) Post Compact
[23.218s][info][gc,phases      ] GC(180) Post Compact 6.149ms
[23.220s][info][gc,heap        ] GC(180) PSYoungGen: 106304K(260608K)->45597K(265728K) Eden: 0K(36352K)->0K(41472K) From: 106304K(224256K)->45597K(224256K)
[23.220s][info][gc,heap        ] GC(180) ParOldGen: 3211542K(3270144K)->3269719K(3592192K)
[23.220s][info][gc,metaspace   ] GC(180) Metaspace: 6298K(6464K)->6298K(6464K) NonClass: 5765K(5824K)->5765K(5824K) Class: 533K(640K)->533K(640K)
[23.220s][info][gc             ] GC(180) Pause Full (Ergonomics) 3240M->3237M(3767M) 1110.363ms
[23.220s][info][gc,cpu         ] GC(180) User=7.69s Sys=0.03s Real=1.11s
[23.264s][info][gc,start       ] GC(181) Pause Young (Allocation Failure)
[23.437s][info][gc,heap        ] GC(181) PSYoungGen: 87069K(265728K)->51840K(273408K) Eden: 41472K(41472K)->0K(41472K) From: 45597K(224256K)->51840K(231936K)
[23.437s][info][gc,heap        ] GC(181) ParOldGen: 3269719K(3592192K)->3305535K(3592192K)
[23.437s][info][gc,metaspace   ] GC(181) Metaspace: 6298K(6464K)->6298K(6464K) NonClass: 5765K(5824K)->5765K(5824K) Class: 533K(640K)->533K(640K)
[23.437s][info][gc             ] GC(181) Pause Young (Allocation Failure) 3278M->3278M(3775M) 172.856ms
[23.437s][info][gc,cpu         ] GC(181) User=1.36s Sys=0.00s Real=0.17s
[23.483s][info][gc,start       ] GC(182) Pause Young (Allocation Failure)
[23.546s][info][gc,heap        ] GC(182) PSYoungGen: 93312K(273408K)->83168K(268800K) Eden: 41472K(41472K)->0K(46592K) From: 51840K(231936K)->83168K(222208K)
[23.546s][info][gc,heap        ] GC(182) ParOldGen: 3305535K(3592192K)->3315815K(3592192K)
[23.546s][info][gc,metaspace   ] GC(182) Metaspace: 6298K(6464K)->6298K(6464K) NonClass: 5765K(5824K)->5765K(5824K) Class: 533K(640K)->533K(640K)
[23.546s][info][gc             ] GC(182) Pause Young (Allocation Failure) 3319M->3319M(3770M) 62.743ms
[23.546s][info][gc,cpu         ] GC(182) User=0.20s Sys=0.00s Real=0.06s
[23.596s][info][gc,start       ] GC(183) Pause Young (Allocation Failure)
[23.670s][info][gc,heap        ] GC(183) PSYoungGen: 129760K(268800K)->88320K(135168K) Eden: 46592K(46592K)->0K(46592K) From: 83168K(222208K)->88320K(88576K)
[23.670s][info][gc,heap        ] GC(183) ParOldGen: 3315815K(3592192K)->3357671K(3592192K)
[23.670s][info][gc,metaspace   ] GC(183) Metaspace: 6298K(6464K)->6298K(6464K) NonClass: 5765K(5824K)->5765K(5824K) Class: 533K(640K)->533K(640K)
[23.670s][info][gc             ] GC(183) Pause Young (Allocation Failure) 3364M->3365M(3640M) 74.334ms
[23.670s][info][gc,cpu         ] GC(183) User=0.28s Sys=0.02s Real=0.07s
[23.713s][info][gc,start       ] GC(184) Pause Young (Allocation Failure)
[23.786s][info][gc,heap        ] GC(184) PSYoungGen: 134912K(135168K)->93440K(258048K) Eden: 46592K(46592K)->0K(52224K) From: 88320K(88576K)->93440K(205824K)
[23.786s][info][gc,heap        ] GC(184) ParOldGen: 3357671K(3592192K)->3399527K(3592192K)
[23.786s][info][gc,metaspace   ] GC(184) Metaspace: 6298K(6464K)->6298K(6464K) NonClass: 5765K(5824K)->5765K(5824K) Class: 533K(640K)->533K(640K)
[23.786s][info][gc             ] GC(184) Pause Young (Allocation Failure) 3410M->3411M(3760M) 73.403ms
[23.786s][info][gc,cpu         ] GC(184) User=0.33s Sys=0.00s Real=0.07s
[23.834s][info][gc,start       ] GC(185) Pause Young (Allocation Failure)
[23.912s][info][gc,heap        ] GC(185) PSYoungGen: 145664K(258048K)->99104K(151552K) Eden: 52224K(52224K)->0K(52224K) From: 93440K(205824K)->99104K(99328K)
[23.912s][info][gc,heap        ] GC(185) ParOldGen: 3399527K(3592192K)->3446543K(3592192K)
[23.912s][info][gc,metaspace   ] GC(185) Metaspace: 6298K(6464K)->6298K(6464K) NonClass: 5765K(5824K)->5765K(5824K) Class: 533K(640K)->533K(640K)
[23.913s][info][gc             ] GC(185) Pause Young (Allocation Failure) 3462M->3462M(3656M) 78.177ms
[23.913s][info][gc,cpu         ] GC(185) User=0.28s Sys=0.02s Real=0.08s
[23.969s][info][gc,start       ] GC(186) Pause Young (Allocation Failure)
[24.047s][info][gc,heap        ] GC(186) PSYoungGen: 151328K(151552K)->52448K(263680K) Eden: 52224K(52224K)->0K(58880K) From: 99104K(99328K)->52448K(204800K)
[24.047s][info][gc,heap        ] GC(186) ParOldGen: 3446543K(3592192K)->3546239K(3592192K)
[24.047s][info][gc,metaspace   ] GC(186) Metaspace: 6298K(6464K)->6298K(6464K) NonClass: 5765K(5824K)->5765K(5824K) Class: 533K(640K)->533K(640K)
[24.047s][info][gc             ] GC(186) Pause Young (Allocation Failure) 3513M->3514M(3765M) 78.619ms
[24.048s][info][gc,cpu         ] GC(186) User=0.62s Sys=0.00s Real=0.08s
[24.048s][info][gc,start       ] GC(187) Pause Full (Ergonomics)
[24.048s][info][gc,phases,start] GC(187) Marking Phase
[24.865s][info][gc,phases      ] GC(187) Marking Phase 817.899ms
[24.866s][info][gc,phases,start] GC(187) Summary Phase
[24.866s][info][gc,phases      ] GC(187) Summary Phase 0.051ms
[24.866s][info][gc,phases,start] GC(187) Adjust Roots
[24.866s][info][gc,phases      ] GC(187) Adjust Roots 0.160ms
[24.866s][info][gc,phases,start] GC(187) Compaction Phase
[25.216s][info][gc,phases      ] GC(187) Compaction Phase 349.882ms
[25.216s][info][gc,phases,start] GC(187) Post Compact
[25.222s][info][gc,phases      ] GC(187) Post Compact 6.498ms
[25.223s][info][gc,heap        ] GC(187) PSYoungGen: 52448K(263680K)->3653K(263680K) Eden: 0K(58880K)->0K(58880K) From: 52448K(204800K)->3653K(204800K)
[25.224s][info][gc,heap        ] GC(187) ParOldGen: 3546239K(3592192K)->3592055K(3951616K)
[25.224s][info][gc,metaspace   ] GC(187) Metaspace: 6298K(6464K)->6298K(6464K) NonClass: 5765K(5824K)->5765K(5824K) Class: 533K(640K)->533K(640K)
[25.224s][info][gc             ] GC(187) Pause Full (Ergonomics) 3514M->3511M(4116M) 1175.981ms
[25.224s][info][gc,cpu         ] GC(187) User=8.59s Sys=0.02s Real=1.18s
[25.288s][info][gc,start       ] GC(188) Pause Young (Allocation Failure)
[25.469s][info][gc,heap        ] GC(188) PSYoungGen: 62533K(263680K)->59104K(263680K) Eden: 58880K(58880K)->0K(58880K) From: 3653K(204800K)->59104K(204800K)
[25.469s][info][gc,heap        ] GC(188) ParOldGen: 3592055K(3951616K)->3595783K(3951616K)
[25.469s][info][gc,metaspace   ] GC(188) Metaspace: 6298K(6464K)->6298K(6464K) NonClass: 5765K(5824K)->5765K(5824K) Class: 533K(640K)->533K(640K)
[25.469s][info][gc             ] GC(188) Pause Young (Allocation Failure) 3568M->3569M(4116M) 180.713ms
[25.469s][info][gc,cpu         ] GC(188) User=1.17s Sys=0.00s Real=0.18s
[25.529s][info][gc,start       ] GC(189) Pause Young (Allocation Failure)
[25.600s][info][gc,heap        ] GC(189) PSYoungGen: 117984K(263680K)->118080K(261632K) Eden: 58880K(58880K)->0K(65024K) From: 59104K(204800K)->118080K(196608K)
[25.600s][info][gc,heap        ] GC(189) ParOldGen: 3595783K(3951616K)->3595783K(3951616K)
[25.600s][info][gc,metaspace   ] GC(189) Metaspace: 6298K(6464K)->6298K(6464K) NonClass: 5765K(5824K)->5765K(5824K) Class: 533K(640K)->533K(640K)
[25.600s][info][gc             ] GC(189) Pause Young (Allocation Failure) 3626M->3626M(4114M) 71.256ms
[25.600s][info][gc,cpu         ] GC(189) User=0.30s Sys=0.00s Real=0.07s
[25.660s][info][gc,start       ] GC(190) Pause Young (Allocation Failure)
[25.750s][info][gc,heap        ] GC(190) PSYoungGen: 183104K(261632K)->183200K(264192K) Eden: 65024K(65024K)->0K(65024K) From: 118080K(196608K)->183200K(199168K)
[25.750s][info][gc,heap        ] GC(190) ParOldGen: 3595783K(3951616K)->3595783K(3951616K)
[25.750s][info][gc,metaspace   ] GC(190) Metaspace: 6298K(6464K)->6298K(6464K) NonClass: 5765K(5824K)->5765K(5824K) Class: 533K(640K)->533K(640K)
[25.750s][info][gc             ] GC(190) Pause Young (Allocation Failure) 3690M->3690M(4117M) 89.645ms
[25.750s][info][gc,cpu         ] GC(190) User=0.64s Sys=0.00s Real=0.09s
[25.814s][info][gc,start       ] GC(191) Pause Young (Allocation Failure)
[25.942s][info][gc,heap        ] GC(191) PSYoungGen: 248224K(264192K)->189440K(272896K) Eden: 65024K(65024K)->0K(53248K) From: 183200K(199168K)->189440K(219648K)
[25.942s][info][gc,heap        ] GC(191) ParOldGen: 3595783K(3951616K)->3655199K(3951616K)
[25.942s][info][gc,metaspace   ] GC(191) Metaspace: 6298K(6464K)->6298K(6464K) NonClass: 5765K(5824K)->5765K(5824K) Class: 533K(640K)->533K(640K)
[25.942s][info][gc             ] GC(191) Pause Young (Allocation Failure) 3753M->3754M(4125M) 128.655ms
[25.942s][info][gc,cpu         ] GC(191) User=0.84s Sys=0.02s Real=0.13s
[26.002s][info][gc,start       ] GC(192) Pause Young (Allocation Failure)
[26.120s][info][gc,heap        ] GC(192) PSYoungGen: 242688K(272896K)->183712K(291840K) Eden: 53248K(53248K)->0K(53248K) From: 189440K(219648K)->183712K(238592K)
[26.120s][info][gc,heap        ] GC(192) ParOldGen: 3655199K(3951616K)->3714615K(3951616K)
[26.120s][info][gc,metaspace   ] GC(192) Metaspace: 6298K(6464K)->6298K(6464K) NonClass: 5765K(5824K)->5765K(5824K) Class: 533K(640K)->533K(640K)
[26.120s][info][gc             ] GC(192) Pause Young (Allocation Failure) 3806M->3806M(4144M) 118.431ms
[26.121s][info][gc,cpu         ] GC(192) User=0.88s Sys=0.00s Real=0.12s
[26.174s][info][gc,start       ] GC(193) Pause Young (Allocation Failure)
[26.288s][info][gc,heap        ] GC(193) PSYoungGen: 236960K(291840K)->171936K(305664K) Eden: 53248K(53248K)->0K(54784K) From: 183712K(238592K)->171936K(250880K)
[26.288s][info][gc,heap        ] GC(193) ParOldGen: 3714615K(3951616K)->3780231K(3951616K)
[26.288s][info][gc,metaspace   ] GC(193) Metaspace: 6298K(6464K)->6298K(6464K) NonClass: 5765K(5824K)->5765K(5824K) Class: 533K(640K)->533K(640K)
[26.288s][info][gc             ] GC(193) Pause Young (Allocation Failure) 3858M->3859M(4157M) 114.419ms
[26.288s][info][gc,cpu         ] GC(193) User=0.75s Sys=0.02s Real=0.12s
[26.341s][info][gc,start       ] GC(194) Pause Young (Allocation Failure)
[26.465s][info][gc,heap        ] GC(194) PSYoungGen: 226720K(305664K)->108320K(163328K) Eden: 54784K(54784K)->0K(54784K) From: 171936K(250880K)->108320K(108544K)
[26.465s][info][gc,heap        ] GC(194) ParOldGen: 3780231K(3951616K)->3899543K(3951616K)
[26.465s][info][gc,metaspace   ] GC(194) Metaspace: 6298K(6464K)->6298K(6464K) NonClass: 5765K(5824K)->5765K(5824K) Class: 533K(640K)->533K(640K)
[26.465s][info][gc             ] GC(194) Pause Young (Allocation Failure) 3913M->3913M(4018M) 124.280ms
[26.466s][info][gc,cpu         ] GC(194) User=0.98s Sys=0.02s Real=0.12s
[26.466s][info][gc,start       ] GC(195) Pause Full (Ergonomics)
[26.466s][info][gc,phases,start] GC(195) Marking Phase
[27.370s][info][gc,phases      ] GC(195) Marking Phase 904.824ms
[27.370s][info][gc,phases,start] GC(195) Summary Phase
[27.370s][info][gc,phases      ] GC(195) Summary Phase 0.056ms
[27.371s][info][gc,phases,start] GC(195) Adjust Roots
[27.371s][info][gc,phases      ] GC(195) Adjust Roots 0.188ms
[27.371s][info][gc,phases,start] GC(195) Compaction Phase
[27.768s][info][gc,phases      ] GC(195) Compaction Phase 396.926ms
[27.768s][info][gc,phases,start] GC(195) Post Compact
[27.775s][info][gc,phases      ] GC(195) Post Compact 7.294ms
[27.776s][info][gc,heap        ] GC(195) PSYoungGen: 108320K(163328K)->53298K(163328K) Eden: 0K(54784K)->0K(54784K) From: 108320K(108544K)->53298K(108544K)
[27.776s][info][gc,heap        ] GC(195) ParOldGen: 3899543K(3951616K)->3951280K(4367872K)
[27.776s][info][gc,metaspace   ] GC(195) Metaspace: 6298K(6464K)->6298K(6464K) NonClass: 5765K(5824K)->5765K(5824K) Class: 533K(640K)->533K(640K)
[27.776s][info][gc             ] GC(195) Pause Full (Ergonomics) 3913M->3910M(4425M) 1310.915ms
[27.776s][info][gc,cpu         ] GC(195) User=9.69s Sys=0.00s Real=1.31s
[27.836s][info][gc,start       ] GC(196) Pause Young (Allocation Failure)
[28.058s][info][gc,heap        ] GC(196) PSYoungGen: 108082K(163328K)->55008K(306688K) Eden: 54784K(54784K)->0K(60928K) From: 53298K(108544K)->55008K(245760K)
[28.058s][info][gc,heap        ] GC(196) ParOldGen: 3951280K(4367872K)->4005088K(4367872K)
[28.058s][info][gc,metaspace   ] GC(196) Metaspace: 6298K(6464K)->6298K(6464K) NonClass: 5765K(5824K)->5765K(5824K) Class: 533K(640K)->533K(640K)
[28.058s][info][gc             ] GC(196) Pause Young (Allocation Failure) 3964M->3964M(4565M) 222.040ms
[28.058s][info][gc,cpu         ] GC(196) User=1.47s Sys=0.02s Real=0.22s
[28.128s][info][gc,start       ] GC(197) Pause Young (Allocation Failure)
[28.200s][info][gc,heap        ] GC(197) PSYoungGen: 115936K(306688K)->61152K(307712K) Eden: 60928K(60928K)->0K(60928K) From: 55008K(245760K)->61152K(246784K)
[28.200s][info][gc,heap        ] GC(197) ParOldGen: 4005088K(4367872K)->4060368K(4367872K)
[28.200s][info][gc,metaspace   ] GC(197) Metaspace: 6298K(6464K)->6298K(6464K) NonClass: 5765K(5824K)->5765K(5824K) Class: 533K(640K)->533K(640K)
[28.200s][info][gc             ] GC(197) Pause Young (Allocation Failure) 4024M->4024M(4566M) 72.427ms
[28.200s][info][gc,cpu         ] GC(197) User=0.28s Sys=0.03s Real=0.07s
[28.260s][info][gc,start       ] GC(198) Pause Young (Allocation Failure)
[28.333s][info][gc,heap        ] GC(198) PSYoungGen: 122080K(307712K)->61152K(303616K) Eden: 60928K(60928K)->0K(67584K) From: 61152K(246784K)->61152K(236032K)
[28.333s][info][gc,heap        ] GC(198) ParOldGen: 4060368K(4367872K)->4121848K(4367872K)
[28.333s][info][gc,metaspace   ] GC(198) Metaspace: 6298K(6464K)->6298K(6464K) NonClass: 5765K(5824K)->5765K(5824K) Class: 533K(640K)->533K(640K)
[28.333s][info][gc             ] GC(198) Pause Young (Allocation Failure) 4084M->4084M(4562M) 73.468ms
[28.333s][info][gc,cpu         ] GC(198) User=0.36s Sys=0.03s Real=0.07s
[28.399s][info][gc,start       ] GC(199) Pause Young (Allocation Failure)
[28.472s][info][gc,heap        ] GC(199) PSYoungGen: 128736K(303616K)->67808K(307712K) Eden: 67584K(67584K)->0K(67584K) From: 61152K(236032K)->67808K(240128K)
[28.472s][info][gc,heap        ] GC(199) ParOldGen: 4121848K(4367872K)->4183328K(4367872K)
[28.472s][info][gc,metaspace   ] GC(199) Metaspace: 6298K(6464K)->6298K(6464K) NonClass: 5765K(5824K)->5765K(5824K) Class: 533K(640K)->533K(640K)
[28.472s][info][gc             ] GC(199) Pause Young (Allocation Failure) 4150M->4151M(4566M) 72.427ms
[28.472s][info][gc,cpu         ] GC(199) User=0.34s Sys=0.05s Real=0.07s
[28.549s][info][gc,start       ] GC(200) Pause Young (Allocation Failure)
[28.626s][info][gc,heap        ] GC(200) PSYoungGen: 135392K(307712K)->67840K(294912K) Eden: 67584K(67584K)->0K(74752K) From: 67808K(240128K)->67840K(220160K)
[28.626s][info][gc,heap        ] GC(200) ParOldGen: 4183328K(4367872K)->4251520K(4367872K)
[28.626s][info][gc,metaspace   ] GC(200) Metaspace: 6298K(6464K)->6298K(6464K) NonClass: 5765K(5824K)->5765K(5824K) Class: 533K(640K)->533K(640K)
[28.626s][info][gc             ] GC(200) Pause Young (Allocation Failure) 4217M->4218M(4553M) 76.372ms
[28.626s][info][gc,cpu         ] GC(200) User=0.41s Sys=0.02s Real=0.08s
[28.714s][info][gc,start       ] GC(201) Pause Young (Allocation Failure)
[28.795s][info][gc,heap        ] GC(201) PSYoungGen: 142592K(294912K)->75040K(301568K) Eden: 74752K(74752K)->0K(74752K) From: 67840K(220160K)->75040K(226816K)
[28.796s][info][gc,heap        ] GC(201) ParOldGen: 4251520K(4367872K)->4319704K(4367872K)
[28.796s][info][gc,metaspace   ] GC(201) Metaspace: 6298K(6464K)->6298K(6464K) NonClass: 5765K(5824K)->5765K(5824K) Class: 533K(640K)->533K(640K)
[28.796s][info][gc             ] GC(201) Pause Young (Allocation Failure) 4291M->4291M(4560M) 81.625ms
[28.796s][info][gc,cpu         ] GC(201) User=0.50s Sys=0.03s Real=0.08s
[28.796s][info][gc,start       ] GC(202) Pause Full (Ergonomics)
[28.796s][info][gc,phases,start] GC(202) Marking Phase
[29.781s][info][gc,phases      ] GC(202) Marking Phase 985.725ms
[29.781s][info][gc,phases,start] GC(202) Summary Phase
[29.782s][info][gc,phases      ] GC(202) Summary Phase 0.054ms
[29.782s][info][gc,phases,start] GC(202) Adjust Roots
[29.782s][info][gc,phases      ] GC(202) Adjust Roots 0.172ms
[29.782s][info][gc,phases,start] GC(202) Compaction Phase
[30.199s][info][gc,phases      ] GC(202) Compaction Phase 417.334ms
[30.199s][info][gc,phases,start] GC(202) Post Compact
[30.206s][info][gc,phases      ] GC(202) Post Compact 6.455ms
[30.207s][info][gc,heap        ] GC(202) PSYoungGen: 75040K(301568K)->23108K(301568K) Eden: 0K(74752K)->0K(74752K) From: 75040K(226816K)->23108K(226816K)
[30.207s][info][gc,heap        ] GC(202) ParOldGen: 4319704K(4367872K)->4367849K(4801024K)
[30.207s][info][gc,metaspace   ] GC(202) Metaspace: 6298K(6464K)->6298K(6464K) NonClass: 5765K(5824K)->5765K(5824K) Class: 533K(640K)->533K(640K)
[30.207s][info][gc             ] GC(202) Pause Full (Ergonomics) 4291M->4288M(4983M) 1411.388ms
[30.207s][info][gc,cpu         ] GC(202) User=10.27s Sys=0.05s Real=1.41s
[30.282s][info][gc,start       ] GC(203) Pause Young (Allocation Failure)
[30.529s][info][gc,heap        ] GC(203) PSYoungGen: 97860K(301568K)->75040K(282112K) Eden: 74752K(74752K)->0K(81408K) From: 23108K(226816K)->75040K(200704K)
[30.530s][info][gc,heap        ] GC(203) ParOldGen: 4367849K(4801024K)->4391225K(4801024K)
[30.530s][info][gc,metaspace   ] GC(203) Metaspace: 6298K(6464K)->6298K(6464K) NonClass: 5765K(5824K)->5765K(5824K) Class: 533K(640K)->533K(640K)
[30.530s][info][gc             ] GC(203) Pause Young (Allocation Failure) 4361M->4361M(4964M) 247.983ms
[30.530s][info][gc,cpu         ] GC(203) User=1.62s Sys=0.03s Real=0.25s
[30.619s][info][gc,start       ] GC(204) Pause Young (Allocation Failure)
[30.706s][info][gc,heap        ] GC(204) PSYoungGen: 156448K(282112K)->156544K(291840K) Eden: 81408K(81408K)->0K(81408K) From: 75040K(200704K)->156544K(210432K)
[30.706s][info][gc,heap        ] GC(204) ParOldGen: 4391225K(4801024K)->4391225K(4801024K)
[30.706s][info][gc,metaspace   ] GC(204) Metaspace: 6298K(6464K)->6298K(6464K) NonClass: 5765K(5824K)->5765K(5824K) Class: 533K(640K)->533K(640K)
[30.706s][info][gc             ] GC(204) Pause Young (Allocation Failure) 4441M->4441M(4973M) 86.934ms
[30.706s][info][gc,cpu         ] GC(204) User=0.56s Sys=0.00s Real=0.09s
[30.800s][info][gc,start       ] GC(205) Pause Young (Allocation Failure)
[30.927s][info][gc,heap        ] GC(205) PSYoungGen: 237952K(291840K)->221696K(272384K) Eden: 81408K(81408K)->0K(50688K) From: 156544K(210432K)->221696K(221696K)
[30.927s][info][gc,heap        ] GC(205) ParOldGen: 4391225K(4801024K)->4407673K(4801024K)
[30.927s][info][gc,metaspace   ] GC(205) Metaspace: 6298K(6464K)->6298K(6464K) NonClass: 5765K(5824K)->5765K(5824K) Class: 533K(640K)->533K(640K)
[30.927s][info][gc             ] GC(205) Pause Young (Allocation Failure) 4520M->4520M(4954M) 126.354ms
[30.927s][info][gc,cpu         ] GC(205) User=0.83s Sys=0.03s Real=0.13s
[30.979s][info][gc,start       ] GC(206) Pause Young (Allocation Failure)
[31.132s][info][gc,heap        ] GC(206) PSYoungGen: 272384K(272384K)->127008K(178176K) Eden: 50688K(50688K)->0K(50688K) From: 221696K(221696K)->127008K(127488K)
[31.132s][info][gc,heap        ] GC(206) ParOldGen: 4407673K(4801024K)->4554273K(4801024K)
[31.132s][info][gc,metaspace   ] GC(206) Metaspace: 6298K(6464K)->6298K(6464K) NonClass: 5765K(5824K)->5765K(5824K) Class: 533K(640K)->533K(640K)
[31.132s][info][gc             ] GC(206) Pause Young (Allocation Failure) 4570M->4571M(4862M) 152.766ms
[31.132s][info][gc,cpu         ] GC(206) User=1.03s Sys=0.11s Real=0.15s
[31.185s][info][gc,start       ] GC(207) Pause Young (Allocation Failure)
[31.284s][info][gc,heap        ] GC(207) PSYoungGen: 177696K(178176K)->101696K(285696K) Eden: 50688K(50688K)->0K(56832K) From: 127008K(127488K)->101696K(228864K)
[31.284s][info][gc,heap        ] GC(207) ParOldGen: 4554273K(4801024K)->4630945K(4801024K)
[31.284s][info][gc,metaspace   ] GC(207) Metaspace: 6298K(6464K)->6298K(6464K) NonClass: 5765K(5824K)->5765K(5824K) Class: 533K(640K)->533K(640K)
[31.284s][info][gc             ] GC(207) Pause Young (Allocation Failure) 4621M->4621M(4967M) 99.343ms
[31.284s][info][gc,cpu         ] GC(207) User=0.58s Sys=0.06s Real=0.10s
[31.354s][info][gc,start       ] GC(208) Pause Young (Allocation Failure)
[31.441s][info][gc,heap        ] GC(208) PSYoungGen: 158528K(285696K)->107840K(164864K) Eden: 56832K(56832K)->0K(56832K) From: 101696K(228864K)->107840K(108032K)
[31.441s][info][gc,heap        ] GC(208) ParOldGen: 4630945K(4801024K)->4682081K(4801024K)
[31.441s][info][gc,metaspace   ] GC(208) Metaspace: 6298K(6464K)->6298K(6464K) NonClass: 5765K(5824K)->5765K(5824K) Class: 533K(640K)->533K(640K)
[31.441s][info][gc             ] GC(208) Pause Young (Allocation Failure) 4677M->4677M(4849M) 87.657ms
[31.441s][info][gc,cpu         ] GC(208) User=0.61s Sys=0.02s Real=0.09s
[31.441s][info][gc,start       ] GC(209) Pause Full (Ergonomics)
[31.441s][info][gc,phases,start] GC(209) Marking Phase
[32.522s][info][gc,phases      ] GC(209) Marking Phase 1080.418ms
[32.522s][info][gc,phases,start] GC(209) Summary Phase
[32.522s][info][gc,phases      ] GC(209) Summary Phase 0.085ms
[32.522s][info][gc,phases,start] GC(209) Adjust Roots
[32.522s][info][gc,phases      ] GC(209) Adjust Roots 0.186ms
[32.522s][info][gc,phases,start] GC(209) Compaction Phase
[32.926s][info][gc,phases      ] GC(209) Compaction Phase 404.277ms
[32.926s][info][gc,phases,start] GC(209) Post Compact
[32.934s][info][gc,phases      ] GC(209) Post Compact 7.100ms
[32.935s][info][gc,heap        ] GC(209) PSYoungGen: 107840K(164864K)->0K(291328K) Eden: 0K(56832K)->0K(63488K) From: 107840K(108032K)->0K(227840K)
[32.935s][info][gc,heap        ] GC(209) ParOldGen: 4682081K(4801024K)->4786537K(5272576K)
[32.935s][info][gc,metaspace   ] GC(209) Metaspace: 6298K(6464K)->6298K(6464K) NonClass: 5765K(5824K)->5765K(5824K) Class: 533K(640K)->533K(640K)
[32.935s][info][gc             ] GC(209) Pause Full (Ergonomics) 4677M->4674M(5433M) 1493.915ms
[32.935s][info][gc,cpu         ] GC(209) User=11.19s Sys=0.08s Real=1.49s
[33.012s][info][gc,start       ] GC(210) Pause Young (Allocation Failure)
[33.072s][info][gc,heap        ] GC(210) PSYoungGen: 63488K(291328K)->63712K(291328K) Eden: 63488K(63488K)->0K(63488K) From: 0K(227840K)->63712K(227840K)
[33.072s][info][gc,heap        ] GC(210) ParOldGen: 4786537K(5272576K)->4786537K(5272576K)
[33.072s][info][gc,metaspace   ] GC(210) Metaspace: 6298K(6464K)->6298K(6464K) NonClass: 5765K(5824K)->5765K(5824K) Class: 533K(640K)->533K(640K)
[33.072s][info][gc             ] GC(210) Pause Young (Allocation Failure) 4736M->4736M(5433M) 59.657ms
[33.072s][info][gc,cpu         ] GC(210) User=0.17s Sys=0.00s Real=0.06s
[33.136s][info][gc,start       ] GC(211) Pause Young (Allocation Failure)
[33.208s][info][gc,heap        ] GC(211) PSYoungGen: 127200K(291328K)->127328K(284672K) Eden: 63488K(63488K)->0K(69632K) From: 63712K(227840K)->127328K(215040K)
[33.208s][info][gc,heap        ] GC(211) ParOldGen: 4786537K(5272576K)->4786537K(5272576K)
[33.208s][info][gc,metaspace   ] GC(211) Metaspace: 6298K(6464K)->6298K(6464K) NonClass: 5765K(5824K)->5765K(5824K) Class: 533K(640K)->533K(640K)
[33.208s][info][gc             ] GC(211) Pause Young (Allocation Failure) 4798M->4798M(5427M) 72.027ms
[33.208s][info][gc,cpu         ] GC(211) User=0.31s Sys=0.00s Real=0.07s
[33.279s][info][gc,start       ] GC(212) Pause Young (Allocation Failure)
[33.379s][info][gc,heap        ] GC(212) PSYoungGen: 196960K(284672K)->197120K(289792K) Eden: 69632K(69632K)->0K(69632K) From: 127328K(215040K)->197120K(220160K)
[33.379s][info][gc,heap        ] GC(212) ParOldGen: 4786537K(5272576K)->4786537K(5272576K)
[33.379s][info][gc,metaspace   ] GC(212) Metaspace: 6298K(6464K)->6298K(6464K) NonClass: 5765K(5824K)->5765K(5824K) Class: 533K(640K)->533K(640K)
[33.379s][info][gc             ] GC(212) Pause Young (Allocation Failure) 4866M->4866M(5432M) 99.458ms
[33.379s][info][gc,cpu         ] GC(212) User=0.69s Sys=0.00s Real=0.10s
[33.459s][info][gc,start       ] GC(213) Pause Young (Allocation Failure)
[33.598s][info][gc,heap        ] GC(213) PSYoungGen: 266752K(289792K)->241152K(275456K) Eden: 69632K(69632K)->0K(34304K) From: 197120K(220160K)->241152K(241152K)
[33.598s][info][gc,heap        ] GC(213) ParOldGen: 4786537K(5272576K)->4812289K(5272576K)
[33.598s][info][gc,metaspace   ] GC(213) Metaspace: 6298K(6464K)->6298K(6464K) NonClass: 5765K(5824K)->5765K(5824K) Class: 533K(640K)->533K(640K)
[33.598s][info][gc             ] GC(213) Pause Young (Allocation Failure) 4934M->4935M(5418M) 138.280ms
[33.598s][info][gc,cpu         ] GC(213) User=0.95s Sys=0.05s Real=0.14s
[33.635s][info][gc,start       ] GC(214) Pause Young (Allocation Failure)
[33.772s][info][gc,heap        ] GC(214) PSYoungGen: 275456K(275456K)->218048K(317952K) Eden: 34304K(34304K)->0K(34304K) From: 241152K(241152K)->218048K(283648K)
[33.772s][info][gc,heap        ] GC(214) ParOldGen: 4812289K(5272576K)->4870313K(5272576K)
[33.772s][info][gc,metaspace   ] GC(214) Metaspace: 6298K(6464K)->6298K(6464K) NonClass: 5765K(5824K)->5765K(5824K) Class: 533K(640K)->533K(640K)
[33.772s][info][gc             ] GC(214) Pause Young (Allocation Failure) 4968M->4969M(5459M) 136.828ms
[33.772s][info][gc,cpu         ] GC(214) User=0.98s Sys=0.03s Real=0.14s
[33.808s][info][gc,start       ] GC(215) Pause Young (Allocation Failure)
[33.941s][info][gc,heap        ] GC(215) PSYoungGen: 252352K(317952K)->192320K(335360K) Eden: 34304K(34304K)->0K(35840K) From: 218048K(283648K)->192320K(299520K)
[33.941s][info][gc,heap        ] GC(215) ParOldGen: 4870313K(5272576K)->4930793K(5272576K)
[33.941s][info][gc,metaspace   ] GC(215) Metaspace: 6298K(6464K)->6298K(6464K) NonClass: 5765K(5824K)->5765K(5824K) Class: 533K(640K)->533K(640K)
[33.941s][info][gc             ] GC(215) Pause Young (Allocation Failure) 5002M->5003M(5476M) 132.723ms
[33.941s][info][gc,cpu         ] GC(215) User=0.77s Sys=0.11s Real=0.13s
[33.978s][info][gc,start       ] GC(216) Pause Young (Allocation Failure)
[34.100s][info][gc,heap        ] GC(216) PSYoungGen: 228160K(335360K)->104704K(140800K) Eden: 35840K(35840K)->0K(35840K) From: 192320K(299520K)->104704K(104960K)
[34.100s][info][gc,heap        ] GC(216) ParOldGen: 4930793K(5272576K)->5055193K(5272576K)
[34.100s][info][gc,metaspace   ] GC(216) Metaspace: 6298K(6464K)->6298K(6464K) NonClass: 5765K(5824K)->5765K(5824K) Class: 533K(640K)->533K(640K)
[34.100s][info][gc             ] GC(216) Pause Young (Allocation Failure) 5038M->5038M(5286M) 122.165ms
[34.101s][info][gc,cpu         ] GC(216) User=0.83s Sys=0.06s Real=0.12s
[34.139s][info][gc,start       ] GC(217) Pause Young (Allocation Failure)
[34.217s][info][gc,heap        ] GC(217) PSYoungGen: 140544K(140800K)->71872K(329216K) Eden: 35840K(35840K)->0K(40960K) From: 104704K(104960K)->71872K(288256K)
[34.217s][info][gc,heap        ] GC(217) ParOldGen: 5055193K(5272576K)->5124385K(5272576K)
[34.217s][info][gc,metaspace   ] GC(217) Metaspace: 6298K(6464K)->6298K(6464K) NonClass: 5765K(5824K)->5765K(5824K) Class: 533K(640K)->533K(640K)
[34.217s][info][gc             ] GC(217) Pause Young (Allocation Failure) 5073M->5074M(5470M) 78.001ms
[34.217s][info][gc,cpu         ] GC(217) User=0.58s Sys=0.05s Real=0.08s
[34.263s][info][gc,start       ] GC(218) Pause Young (Allocation Failure)
[34.331s][info][gc,heap        ] GC(218) PSYoungGen: 112832K(329216K)->41216K(332288K) Eden: 40960K(40960K)->0K(40960K) From: 71872K(288256K)->41216K(291328K)
[34.331s][info][gc,heap        ] GC(218) ParOldGen: 5124385K(5272576K)->5196681K(5272576K)
[34.331s][info][gc,metaspace   ] GC(218) Metaspace: 6298K(6464K)->6298K(6464K) NonClass: 5765K(5824K)->5765K(5824K) Class: 533K(640K)->533K(640K)
[34.331s][info][gc             ] GC(218) Pause Young (Allocation Failure) 5114M->5115M(5473M) 67.765ms
[34.331s][info][gc,cpu         ] GC(218) User=0.23s Sys=0.06s Real=0.07s
[34.331s][info][gc,start       ] GC(219) Pause Full (Ergonomics)
[34.331s][info][gc,phases,start] GC(219) Marking Phase
[35.533s][info][gc,phases      ] GC(219) Marking Phase 1202.121ms
[35.533s][info][gc,phases,start] GC(219) Summary Phase
[35.533s][info][gc,phases      ] GC(219) Summary Phase 0.114ms
[35.533s][info][gc,phases,start] GC(219) Adjust Roots
[35.534s][info][gc,phases      ] GC(219) Adjust Roots 0.214ms
[35.534s][info][gc,phases,start] GC(219) Compaction Phase
[35.981s][info][gc,phases      ] GC(219) Compaction Phase 447.485ms
[35.981s][info][gc,phases,start] GC(219) Post Compact
[35.989s][info][gc,phases      ] GC(219) Post Compact 7.879ms
[35.991s][info][gc,heap        ] GC(219) PSYoungGen: 41216K(332288K)->0K(338432K) Eden: 0K(40960K)->0K(46592K) From: 41216K(291328K)->0K(291840K)
[35.991s][info][gc,heap        ] GC(219) ParOldGen: 5196681K(5272576K)->5233724K(5759488K)
[35.991s][info][gc,metaspace   ] GC(219) Metaspace: 6298K(6464K)->6298K(6464K) NonClass: 5765K(5824K)->5765K(5824K) Class: 533K(640K)->533K(640K)
[35.991s][info][gc             ] GC(219) Pause Full (Ergonomics) 5115M->5111M(5955M) 1659.559ms
[35.991s][info][gc,cpu         ] GC(219) User=12.44s Sys=0.06s Real=1.66s
[36.043s][info][gc,start       ] GC(220) Pause Young (Allocation Failure)
[36.094s][info][gc,heap        ] GC(220) PSYoungGen: 46592K(338432K)->46784K(338432K) Eden: 46592K(46592K)->0K(46592K) From: 0K(291840K)->46784K(291840K)
[36.094s][info][gc,heap        ] GC(220) ParOldGen: 5233724K(5759488K)->5233724K(5759488K)
[36.094s][info][gc,metaspace   ] GC(220) Metaspace: 6298K(6464K)->6298K(6464K) NonClass: 5765K(5824K)->5765K(5824K) Class: 533K(640K)->533K(640K)
[36.094s][info][gc             ] GC(220) Pause Young (Allocation Failure) 5156M->5156M(5955M) 50.827ms
[36.094s][info][gc,cpu         ] GC(220) User=0.16s Sys=0.02s Real=0.05s
[36.147s][info][gc,start       ] GC(221) Pause Young (Allocation Failure)
[36.210s][info][gc,heap        ] GC(221) PSYoungGen: 93376K(338432K)->93440K(315392K) Eden: 46592K(46592K)->0K(51712K) From: 46784K(291840K)->93440K(263680K)
[36.210s][info][gc,heap        ] GC(221) ParOldGen: 5233724K(5759488K)->5233724K(5759488K)
[36.210s][info][gc,metaspace   ] GC(221) Metaspace: 6298K(6464K)->6298K(6464K) NonClass: 5765K(5824K)->5765K(5824K) Class: 533K(640K)->533K(640K)
[36.210s][info][gc             ] GC(221) Pause Young (Allocation Failure) 5202M->5202M(5932M) 63.330ms
[36.210s][info][gc,cpu         ] GC(221) User=0.27s Sys=0.00s Real=0.06s
[36.268s][info][gc,start       ] GC(222) Pause Young (Allocation Failure)
[36.348s][info][gc,heap        ] GC(222) PSYoungGen: 145152K(315392K)->98560K(150528K) Eden: 51712K(51712K)->0K(51712K) From: 93440K(263680K)->98560K(98816K)
[36.348s][info][gc,heap        ] GC(222) ParOldGen: 5233724K(5759488K)->5280740K(5759488K)
[36.348s][info][gc,metaspace   ] GC(222) Metaspace: 6298K(6464K)->6298K(6464K) NonClass: 5765K(5824K)->5765K(5824K) Class: 533K(640K)->533K(640K)
[36.348s][info][gc             ] GC(222) Pause Young (Allocation Failure) 5252M->5253M(5771M) 80.123ms
[36.348s][info][gc,cpu         ] GC(222) User=0.48s Sys=0.02s Real=0.08s
[36.406s][info][gc,start       ] GC(223) Pause Young (Allocation Failure)
[36.490s][info][gc,heap        ] GC(223) PSYoungGen: 150272K(150528K)->103712K(295424K) Eden: 51712K(51712K)->0K(57856K) From: 98560K(98816K)->103712K(237568K)
[36.490s][info][gc,heap        ] GC(223) ParOldGen: 5280740K(5759488K)->5327756K(5759488K)
[36.490s][info][gc,metaspace   ] GC(223) Metaspace: 6298K(6464K)->6298K(6464K) NonClass: 5765K(5824K)->5765K(5824K) Class: 533K(640K)->533K(640K)
[36.490s][info][gc             ] GC(223) Pause Young (Allocation Failure) 5303M->5304M(5913M) 83.755ms
[36.490s][info][gc,cpu         ] GC(223) User=0.52s Sys=0.02s Real=0.08s
[36.562s][info][gc,start       ] GC(224) Pause Young (Allocation Failure)
[36.651s][info][gc,heap        ] GC(224) PSYoungGen: 161568K(295424K)->109824K(167936K) Eden: 57856K(57856K)->0K(57856K) From: 103712K(237568K)->109824K(110080K)
[36.651s][info][gc,heap        ] GC(224) ParOldGen: 5327756K(5759488K)->5379924K(5759488K)
[36.651s][info][gc,metaspace   ] GC(224) Metaspace: 6298K(6464K)->6298K(6464K) NonClass: 5765K(5824K)->5765K(5824K) Class: 533K(640K)->533K(640K)
[36.651s][info][gc             ] GC(224) Pause Young (Allocation Failure) 5360M->5361M(5788M) 88.484ms
[36.651s][info][gc,cpu         ] GC(224) User=0.59s Sys=0.06s Real=0.09s
[36.721s][info][gc,start       ] GC(225) Pause Young (Allocation Failure)
[36.817s][info][gc,heap        ] GC(225) PSYoungGen: 167680K(167936K)->116032K(278528K) Eden: 57856K(57856K)->0K(64512K) From: 109824K(110080K)->116032K(214016K)
[36.817s][info][gc,heap        ] GC(225) ParOldGen: 5379924K(5759488K)->5432092K(5759488K)
[36.817s][info][gc,metaspace   ] GC(225) Metaspace: 6298K(6464K)->6298K(6464K) NonClass: 5765K(5824K)->5765K(5824K) Class: 533K(640K)->533K(640K)
[36.817s][info][gc             ] GC(225) Pause Young (Allocation Failure) 5417M->5418M(5896M) 96.306ms
[36.817s][info][gc,cpu         ] GC(225) User=0.64s Sys=0.00s Real=0.10s
[36.890s][info][gc,start       ] GC(226) Pause Young (Allocation Failure)
[36.993s][info][gc,heap        ] GC(226) PSYoungGen: 180544K(278528K)->122688K(290304K) Eden: 64512K(64512K)->0K(64512K) From: 116032K(214016K)->122688K(225792K)
[36.993s][info][gc,heap        ] GC(226) ParOldGen: 5432092K(5759488K)->5490476K(5759488K)
[36.993s][info][gc,metaspace   ] GC(226) Metaspace: 6298K(6464K)->6298K(6464K) NonClass: 5765K(5824K)->5765K(5824K) Class: 533K(640K)->533K(640K)
[36.993s][info][gc             ] GC(226) Pause Young (Allocation Failure) 5481M->5481M(5908M) 103.361ms
[36.993s][info][gc,cpu         ] GC(226) User=0.56s Sys=0.00s Real=0.11s
[37.068s][info][gc,start       ] GC(227) Pause Young (Allocation Failure)
[37.174s][info][gc,heap        ] GC(227) PSYoungGen: 187200K(290304K)->129344K(281088K) Eden: 64512K(64512K)->0K(72192K) From: 122688K(225792K)->129344K(208896K)
[37.174s][info][gc,heap        ] GC(227) ParOldGen: 5490476K(5759488K)->5548852K(5759488K)
[37.174s][info][gc,metaspace   ] GC(227) Metaspace: 6298K(6464K)->6298K(6464K) NonClass: 5765K(5824K)->5765K(5824K) Class: 533K(640K)->533K(640K)
[37.174s][info][gc             ] GC(227) Pause Young (Allocation Failure) 5544M->5545M(5899M) 105.552ms
[37.174s][info][gc,cpu         ] GC(227) User=0.62s Sys=0.05s Real=0.11s
[37.266s][info][gc,start       ] GC(228) Pause Young (Allocation Failure)
[37.376s][info][gc,heap        ] GC(228) PSYoungGen: 201536K(281088K)->137056K(285696K) Eden: 72192K(72192K)->0K(72192K) From: 129344K(208896K)->137056K(213504K)
[37.376s][info][gc,heap        ] GC(228) ParOldGen: 5548852K(5759488K)->5613940K(5759488K)
[37.376s][info][gc,metaspace   ] GC(228) Metaspace: 6298K(6464K)->6298K(6464K) NonClass: 5765K(5824K)->5765K(5824K) Class: 533K(640K)->533K(640K)
[37.376s][info][gc             ] GC(228) Pause Young (Allocation Failure) 5615M->5616M(5903M) 109.989ms
[37.376s][info][gc,cpu         ] GC(228) User=0.72s Sys=0.03s Real=0.11s
[38.566s][info][gc,start       ] GC(229) Pause Young (Allocation Failure)
[38.795s][info][gc,heap        ] GC(229) PSYoungGen: 209248K(285696K)->144768K(290304K) Eden: 72192K(72192K)->0K(79360K) From: 137056K(213504K)->144768K(210944K)
[38.795s][info][gc,heap        ] GC(229) ParOldGen: 5876084K(6022144K)->5941180K(6022144K)
[38.795s][info][gc,metaspace   ] GC(229) Metaspace: 6298K(6464K)->6298K(6464K) NonClass: 5765K(5824K)->5765K(5824K) Class: 533K(640K)->533K(640K)
[38.795s][info][gc             ] GC(229) Pause Young (Allocation Failure) 5942M->5943M(6164M) 228.866ms
[38.795s][info][gc,cpu         ] GC(229) User=1.52s Sys=0.05s Real=0.23s
[38.795s][info][gc,start       ] GC(230) Pause Full (Ergonomics)
[38.795s][info][gc,phases,start] GC(230) Marking Phase
[40.118s][info][gc,phases      ] GC(230) Marking Phase 1322.815ms
[40.118s][info][gc,phases,start] GC(230) Summary Phase
[40.118s][info][gc,phases      ] GC(230) Summary Phase 0.125ms
[40.118s][info][gc,phases,start] GC(230) Adjust Roots
[40.118s][info][gc,phases      ] GC(230) Adjust Roots 0.204ms
[40.118s][info][gc,phases,start] GC(230) Compaction Phase
[41.066s][info][gc,phases      ] GC(230) Compaction Phase 948.228ms
[41.066s][info][gc,phases,start] GC(230) Post Compact
[41.076s][info][gc,phases      ] GC(230) Post Compact 9.736ms
[41.078s][info][gc,heap        ] GC(230) PSYoungGen: 144768K(290304K)->0K(291328K) Eden: 0K(79360K)->0K(79360K) From: 144768K(210944K)->0K(211968K)
[41.078s][info][gc,heap        ] GC(230) ParOldGen: 5941180K(6022144K)->5950223K(6486528K)
[41.078s][info][gc,metaspace   ] GC(230) Metaspace: 6298K(6464K)->6298K(6464K) NonClass: 5765K(5824K)->5765K(5824K) Class: 533K(640K)->533K(640K)
[41.078s][info][gc             ] GC(230) Pause Full (Ergonomics) 5943M->5810M(6619M) 2282.931ms
[41.078s][info][gc,cpu         ] GC(230) User=15.89s Sys=0.08s Real=2.28s
[41.166s][info][gc,start       ] GC(231) Pause Young (Allocation Failure)
[41.250s][info][gc,heap        ] GC(231) PSYoungGen: 79360K(291328K)->79648K(292864K) Eden: 79360K(79360K)->0K(86016K) From: 0K(211968K)->79648K(206848K)
[41.250s][info][gc,heap        ] GC(231) ParOldGen: 5950223K(6486528K)->5950223K(6486528K)
[41.250s][info][gc,metaspace   ] GC(231) Metaspace: 6298K(6464K)->6298K(6464K) NonClass: 5765K(5824K)->5765K(5824K) Class: 533K(640K)->533K(640K)
[41.250s][info][gc             ] GC(231) Pause Young (Allocation Failure) 5888M->5888M(6620M) 83.845ms
[41.250s][info][gc,cpu         ] GC(231) User=0.19s Sys=0.00s Real=0.08s
[41.339s][info][gc,start       ] GC(232) Pause Young (Allocation Failure)
[41.444s][info][gc,heap        ] GC(232) PSYoungGen: 165664K(292864K)->165792K(295936K) Eden: 86016K(86016K)->0K(86016K) From: 79648K(206848K)->165792K(209920K)
[41.444s][info][gc,heap        ] GC(232) ParOldGen: 5950223K(6486528K)->5950223K(6486528K)
[41.444s][info][gc,metaspace   ] GC(232) Metaspace: 6298K(6464K)->6298K(6464K) NonClass: 5765K(5824K)->5765K(5824K) Class: 533K(640K)->533K(640K)
[41.444s][info][gc             ] GC(232) Pause Young (Allocation Failure) 5972M->5972M(6623M) 105.198ms
[41.444s][info][gc,cpu         ] GC(232) User=0.39s Sys=0.00s Real=0.11s
[41.534s][info][gc,start       ] GC(233) Pause Young (Allocation Failure)
[41.667s][info][gc,heap        ] GC(233) PSYoungGen: 251808K(295936K)->219136K(274432K) Eden: 86016K(86016K)->0K(55296K) From: 165792K(209920K)->219136K(219136K)
[41.667s][info][gc,heap        ] GC(233) ParOldGen: 5950223K(6486528K)->5983175K(6486528K)
[41.667s][info][gc,metaspace   ] GC(233) Metaspace: 6298K(6464K)->6298K(6464K) NonClass: 5765K(5824K)->5765K(5824K) Class: 533K(640K)->533K(640K)
[41.667s][info][gc             ] GC(233) Pause Young (Allocation Failure) 6056M->6056M(6602M) 132.839ms
[41.667s][info][gc,cpu         ] GC(233) User=0.50s Sys=0.00s Real=0.13s
[41.726s][info][gc,start       ] GC(234) Pause Young (Allocation Failure)
[41.869s][info][gc,heap        ] GC(234) PSYoungGen: 274432K(274432K)->257536K(312832K) Eden: 55296K(55296K)->0K(55296K) From: 219136K(219136K)->257536K(257536K)
[41.869s][info][gc,heap        ] GC(234) ParOldGen: 5983175K(6486528K)->6000319K(6486528K)
[41.869s][info][gc,metaspace   ] GC(234) Metaspace: 6298K(6464K)->6298K(6464K) NonClass: 5765K(5824K)->5765K(5824K) Class: 533K(640K)->533K(640K)
[41.869s][info][gc             ] GC(234) Pause Young (Allocation Failure) 6110M->6111M(6640M) 142.229ms
[41.869s][info][gc,cpu         ] GC(234) User=0.66s Sys=0.02s Real=0.14s
[41.928s][info][gc,start       ] GC(235) Pause Young (Allocation Failure)
[42.089s][info][gc,heap        ] GC(235) PSYoungGen: 312832K(312832K)->168928K(345088K) Eden: 55296K(55296K)->0K(61952K) From: 257536K(257536K)->168928K(283136K)
[42.089s][info][gc,heap        ] GC(235) ParOldGen: 6000319K(6486528K)->6145423K(6486528K)
[42.089s][info][gc,metaspace   ] GC(235) Metaspace: 6298K(6464K)->6298K(6464K) NonClass: 5765K(5824K)->5765K(5824K) Class: 533K(640K)->533K(640K)
[42.089s][info][gc             ] GC(235) Pause Young (Allocation Failure) 6165M->6166M(6671M) 161.094ms
[42.089s][info][gc,cpu         ] GC(235) User=0.86s Sys=0.09s Real=0.16s
[42.152s][info][gc,start       ] GC(236) Pause Young (Allocation Failure)
[42.283s][info][gc,heap        ] GC(236) PSYoungGen: 230880K(345088K)->164768K(226816K) Eden: 61952K(61952K)->0K(61952K) From: 168928K(283136K)->164768K(164864K)
[42.283s][info][gc,heap        ] GC(236) ParOldGen: 6145423K(6486528K)->6212151K(6486528K)
[42.283s][info][gc,metaspace   ] GC(236) Metaspace: 6298K(6464K)->6298K(6464K) NonClass: 5765K(5824K)->5765K(5824K) Class: 533K(640K)->533K(640K)
[42.283s][info][gc             ] GC(236) Pause Young (Allocation Failure) 6226M->6227M(6556M) 130.988ms
[42.283s][info][gc,cpu         ] GC(236) User=0.47s Sys=0.02s Real=0.13s
[42.347s][info][gc,start       ] GC(237) Pause Young (Allocation Failure)
[42.480s][info][gc,heap        ] GC(237) PSYoungGen: 226720K(226816K)->124192K(335360K) Eden: 61952K(61952K)->0K(70144K) From: 164768K(164864K)->124192K(265216K)
[42.480s][info][gc,heap        ] GC(237) ParOldGen: 6212151K(6486528K)->6315511K(6486528K)
[42.480s][info][gc,metaspace   ] GC(237) Metaspace: 6298K(6464K)->6298K(6464K) NonClass: 5765K(5824K)->5765K(5824K) Class: 533K(640K)->533K(640K)
[42.480s][info][gc             ] GC(237) Pause Young (Allocation Failure) 6287M->6288M(6662M) 132.399ms
[42.480s][info][gc,cpu         ] GC(237) User=0.53s Sys=0.06s Real=0.13s
[42.560s][info][gc,start       ] GC(238) Pause Young (Allocation Failure)
[42.682s][info][gc,heap        ] GC(238) PSYoungGen: 194336K(335360K)->70432K(343040K) Eden: 70144K(70144K)->0K(70144K) From: 124192K(265216K)->70432K(272896K)
[42.682s][info][gc,heap        ] GC(238) ParOldGen: 6315511K(6486528K)->6440487K(6486528K)
[42.682s][info][gc,metaspace   ] GC(238) Metaspace: 6298K(6464K)->6298K(6464K) NonClass: 5765K(5824K)->5765K(5824K) Class: 533K(640K)->533K(640K)
[42.682s][info][gc             ] GC(238) Pause Young (Allocation Failure) 6357M->6358M(6669M) 122.312ms
[42.682s][info][gc,cpu         ] GC(238) User=0.41s Sys=0.06s Real=0.12s
[42.682s][info][gc,start       ] GC(239) Pause Full (Ergonomics)
[42.682s][info][gc,phases,start] GC(239) Marking Phase
[44.151s][info][gc,phases      ] GC(239) Marking Phase 1468.951ms
[44.151s][info][gc,phases,start] GC(239) Summary Phase
[44.152s][info][gc,phases      ] GC(239) Summary Phase 0.071ms
[44.152s][info][gc,phases,start] GC(239) Adjust Roots
[44.152s][info][gc,phases      ] GC(239) Adjust Roots 0.168ms
[44.152s][info][gc,phases,start] GC(239) Compaction Phase
[44.803s][info][gc,phases      ] GC(239) Compaction Phase 651.084ms
[44.803s][info][gc,phases,start] GC(239) Post Compact
[44.812s][info][gc,phases      ] GC(239) Post Compact 9.391ms
[44.814s][info][gc,heap        ] GC(239) PSYoungGen: 70432K(343040K)->19552K(343040K) Eden: 0K(70144K)->0K(70144K) From: 70432K(272896K)->19552K(272896K)
[44.814s][info][gc,heap        ] GC(239) ParOldGen: 6440487K(6486528K)->6486453K(7119360K)
[44.814s][info][gc,metaspace   ] GC(239) Metaspace: 6298K(6464K)->6298K(6464K) NonClass: 5765K(5824K)->5765K(5824K) Class: 533K(640K)->533K(640K)
[44.814s][info][gc             ] GC(239) Pause Full (Ergonomics) 6358M->6353M(7287M) 2131.874ms
[44.814s][info][gc,cpu         ] GC(239) User=15.23s Sys=0.09s Real=2.13s
[44.892s][info][gc,start       ] GC(240) Pause Young (Allocation Failure)
[45.214s][info][gc,heap        ] GC(240) PSYoungGen: 89696K(343040K)->70368K(347136K) Eden: 70144K(70144K)->0K(77312K) From: 19552K(272896K)->70368K(269824K)
[45.214s][info][gc,heap        ] GC(240) ParOldGen: 6486453K(7119360K)->6506213K(7119360K)
[45.214s][info][gc,metaspace   ] GC(240) Metaspace: 6298K(6464K)->6298K(6464K) NonClass: 5765K(5824K)->5765K(5824K) Class: 533K(640K)->533K(640K)
[45.215s][info][gc             ] GC(240) Pause Young (Allocation Failure) 6422M->6422M(7291M) 322.139ms
[45.215s][info][gc,cpu         ] GC(240) User=2.03s Sys=0.00s Real=0.32s
[45.293s][info][gc,start       ] GC(241) Pause Young (Allocation Failure)
[45.401s][info][gc,heap        ] GC(241) PSYoungGen: 147680K(347136K)->77568K(350208K) Eden: 77312K(77312K)->0K(77312K) From: 70368K(269824K)->77568K(272896K)
[45.401s][info][gc,heap        ] GC(241) ParOldGen: 6506213K(7119360K)->6576981K(7119360K)
[45.401s][info][gc,metaspace   ] GC(241) Metaspace: 6298K(6464K)->6298K(6464K) NonClass: 5765K(5824K)->5765K(5824K) Class: 533K(640K)->533K(640K)
[45.401s][info][gc             ] GC(241) Pause Young (Allocation Failure) 6497M->6498M(7294M) 108.539ms
[45.401s][info][gc,cpu         ] GC(241) User=0.38s Sys=0.02s Real=0.11s
[45.489s][info][gc,start       ] GC(242) Pause Young (Allocation Failure)
[45.602s][info][gc,heap        ] GC(242) PSYoungGen: 154880K(350208K)->77568K(344064K) Eden: 77312K(77312K)->0K(86016K) From: 77568K(272896K)->77568K(258048K)
[45.603s][info][gc,heap        ] GC(242) ParOldGen: 6576981K(7119360K)->6654989K(7119360K)
[45.603s][info][gc,metaspace   ] GC(242) Metaspace: 6298K(6464K)->6298K(6464K) NonClass: 5765K(5824K)->5765K(5824K) Class: 533K(640K)->533K(640K)
[45.603s][info][gc             ] GC(242) Pause Young (Allocation Failure) 6574M->6574M(7288M) 113.188ms
[45.603s][info][gc,cpu         ] GC(242) User=0.41s Sys=0.02s Real=0.11s
[45.694s][info][gc,start       ] GC(243) Pause Young (Allocation Failure)
[45.813s][info][gc,heap        ] GC(243) PSYoungGen: 163584K(344064K)->86336K(349184K) Eden: 86016K(86016K)->0K(86016K) From: 77568K(258048K)->86336K(263168K)
[45.813s][info][gc,heap        ] GC(243) ParOldGen: 6654989K(7119360K)->6732997K(7119360K)
[45.813s][info][gc,metaspace   ] GC(243) Metaspace: 6298K(6464K)->6298K(6464K) NonClass: 5765K(5824K)->5765K(5824K) Class: 533K(640K)->533K(640K)
[45.813s][info][gc             ] GC(243) Pause Young (Allocation Failure) 6658M->6659M(7293M) 118.324ms
[45.813s][info][gc,cpu         ] GC(243) User=0.41s Sys=0.03s Real=0.12s
[45.911s][info][gc,start       ] GC(244) Pause Young (Allocation Failure)
[46.032s][info][gc,heap        ] GC(244) PSYoungGen: 172352K(349184K)->86272K(335872K) Eden: 86016K(86016K)->0K(95744K) From: 86336K(263168K)->86272K(240128K)
[46.032s][info][gc,heap        ] GC(244) ParOldGen: 6732997K(7119360K)->6819789K(7119360K)
[46.032s][info][gc,metaspace   ] GC(244) Metaspace: 6298K(6464K)->6298K(6464K) NonClass: 5765K(5824K)->5765K(5824K) Class: 533K(640K)->533K(640K)
[46.032s][info][gc             ] GC(244) Pause Young (Allocation Failure) 6743M->6744M(7280M) 121.273ms
[46.032s][info][gc,cpu         ] GC(244) User=0.44s Sys=0.03s Real=0.12s
[46.141s][info][gc,start       ] GC(245) Pause Young (Allocation Failure)
[46.269s][info][gc,heap        ] GC(245) PSYoungGen: 182016K(335872K)->96032K(343552K) Eden: 95744K(95744K)->0K(95744K) From: 86272K(240128K)->96032K(247808K)
[46.269s][info][gc,heap        ] GC(245) ParOldGen: 6819789K(7119360K)->6906573K(7119360K)
[46.269s][info][gc,metaspace   ] GC(245) Metaspace: 6298K(6464K)->6298K(6464K) NonClass: 5765K(5824K)->5765K(5824K) Class: 533K(640K)->533K(640K)
[46.269s][info][gc             ] GC(245) Pause Young (Allocation Failure) 6837M->6838M(7288M) 128.059ms
[46.269s][info][gc,cpu         ] GC(245) User=0.48s Sys=0.00s Real=0.13s
[46.361s][info][gc,start       ] GC(246) Pause Young (Allocation Failure)
[46.486s][info][gc,heap        ] GC(246) PSYoungGen: 191776K(343552K)->96064K(326144K) Eden: 95744K(95744K)->0K(106496K) From: 96032K(247808K)->96064K(219648K)
[46.486s][info][gc,heap        ] GC(246) ParOldGen: 6906573K(7119360K)->7003181K(7119360K)
[46.486s][info][gc,metaspace   ] GC(246) Metaspace: 6298K(6464K)->6298K(6464K) NonClass: 5765K(5824K)->5765K(5824K) Class: 533K(640K)->533K(640K)
[46.486s][info][gc             ] GC(246) Pause Young (Allocation Failure) 6931M->6932M(7271M) 125.319ms
[46.486s][info][gc,cpu         ] GC(246) User=0.47s Sys=0.11s Real=0.12s
[46.486s][info][gc,start       ] GC(247) Pause Full (Ergonomics)
[46.486s][info][gc,phases,start] GC(247) Marking Phase
[48.071s][info][gc,phases      ] GC(247) Marking Phase 1584.888ms
[48.071s][info][gc,phases,start] GC(247) Summary Phase
[48.071s][info][gc,phases      ] GC(247) Summary Phase 0.110ms
[48.071s][info][gc,phases,start] GC(247) Adjust Roots
[48.071s][info][gc,phases      ] GC(247) Adjust Roots 0.162ms
[48.071s][info][gc,phases,start] GC(247) Compaction Phase
[48.718s][info][gc,phases      ] GC(247) Compaction Phase 646.535ms
[48.718s][info][gc,phases,start] GC(247) Post Compact
[48.728s][info][gc,phases      ] GC(247) Post Compact 10.292ms
[48.730s][info][gc,heap        ] GC(247) PSYoungGen: 96064K(326144K)->0K(335360K) Eden: 0K(106496K)->0K(106496K) From: 96064K(219648K)->0K(228864K)
[48.730s][info][gc,heap        ] GC(247) ParOldGen: 7003181K(7119360K)->7094080K(7774208K)
[48.730s][info][gc,metaspace   ] GC(247) Metaspace: 6298K(6464K)->6298K(6464K) NonClass: 5765K(5824K)->5765K(5824K) Class: 533K(640K)->533K(640K)
[48.730s][info][gc             ] GC(247) Pause Full (Ergonomics) 6932M->6927M(7919M) 2244.359ms
[48.730s][info][gc,cpu         ] GC(247) User=16.47s Sys=0.09s Real=2.24s
[48.847s][info][gc,start       ] GC(248) Pause Young (Allocation Failure)
[48.953s][info][gc,heap        ] GC(248) PSYoungGen: 106496K(335360K)->106848K(321024K) Eden: 106496K(106496K)->0K(116224K) From: 0K(228864K)->106848K(204800K)
[48.953s][info][gc,heap        ] GC(248) ParOldGen: 7094080K(7774208K)->7094080K(7774208K)
[48.953s][info][gc,metaspace   ] GC(248) Metaspace: 6298K(6464K)->6298K(6464K) NonClass: 5765K(5824K)->5765K(5824K) Class: 533K(640K)->533K(640K)
[48.953s][info][gc             ] GC(248) Pause Young (Allocation Failure) 7031M->7032M(7905M) 106.035ms
[48.953s][info][gc,cpu         ] GC(248) User=0.20s Sys=0.00s Real=0.11s
[49.068s][info][gc,start       ] GC(249) Pause Young (Allocation Failure)
[49.202s][info][gc,heap        ] GC(249) PSYoungGen: 223072K(321024K)->218112K(334336K) Eden: 116224K(116224K)->0K(116224K) From: 106848K(204800K)->218112K(218112K)
[49.202s][info][gc,heap        ] GC(249) ParOldGen: 7094080K(7774208K)->7099184K(7774208K)
[49.202s][info][gc,metaspace   ] GC(249) Metaspace: 6298K(6464K)->6298K(6464K) NonClass: 5765K(5824K)->5765K(5824K) Class: 533K(640K)->533K(640K)
[49.202s][info][gc             ] GC(249) Pause Young (Allocation Failure) 7145M->7145M(7918M) 134.001ms
[49.202s][info][gc,cpu         ] GC(249) User=0.58s Sys=0.00s Real=0.13s
[49.331s][info][gc,start       ] GC(250) Pause Young (Allocation Failure)
[49.509s][info][gc,heap        ] GC(250) PSYoungGen: 334336K(334336K)->116576K(355328K) Eden: 116224K(116224K)->0K(128000K) From: 218112K(218112K)->116576K(227328K)
[49.510s][info][gc,heap        ] GC(250) ParOldGen: 7099184K(7774208K)->7318784K(7774208K)
[49.510s][info][gc,metaspace   ] GC(250) Metaspace: 6298K(6464K)->6298K(6464K) NonClass: 5765K(5824K)->5765K(5824K) Class: 533K(640K)->533K(640K)
[49.510s][info][gc             ] GC(250) Pause Young (Allocation Failure) 7259M->7261M(7939M) 178.122ms
[49.510s][info][gc,cpu         ] GC(250) User=0.92s Sys=0.09s Real=0.18s
[49.640s][info][gc,start       ] GC(251) Pause Young (Allocation Failure)
[49.776s][info][gc,heap        ] GC(251) PSYoungGen: 244576K(355328K)->237568K(365568K) Eden: 128000K(128000K)->0K(128000K) From: 116576K(227328K)->237568K(237568K)
[49.776s][info][gc,heap        ] GC(251) ParOldGen: 7318784K(7774208K)->7325984K(7774208K)
[49.776s][info][gc,metaspace   ] GC(251) Metaspace: 6298K(6464K)->6298K(6464K) NonClass: 5765K(5824K)->5765K(5824K) Class: 533K(640K)->533K(640K)
[49.776s][info][gc             ] GC(251) Pause Young (Allocation Failure) 7386M->7386M(7949M) 136.593ms
[49.776s][info][gc,cpu         ] GC(251) User=0.83s Sys=0.00s Real=0.14s
[49.914s][info][gc,start       ] GC(252) Pause Young (Allocation Failure)
[50.102s][info][gc,heap        ] GC(252) PSYoungGen: 365568K(365568K)->128352K(387584K) Eden: 128000K(128000K)->0K(141312K) From: 237568K(237568K)->128352K(246272K)
[50.102s][info][gc,heap        ] GC(252) ParOldGen: 7325984K(7774208K)->7565176K(7774208K)
[50.102s][info][gc,metaspace   ] GC(252) Metaspace: 6298K(6464K)->6298K(6464K) NonClass: 5765K(5824K)->5765K(5824K) Class: 533K(640K)->533K(640K)
[50.102s][info][gc             ] GC(252) Pause Young (Allocation Failure) 7511M->7513M(7970M) 187.881ms
[50.102s][info][gc,cpu         ] GC(252) User=1.25s Sys=0.09s Real=0.19s
[50.102s][info][gc,start       ] GC(253) Pause Full (Ergonomics)
[50.102s][info][gc,phases,start] GC(253) Marking Phase
[51.821s][info][gc,phases      ] GC(253) Marking Phase 1718.687ms
[51.821s][info][gc,phases,start] GC(253) Summary Phase
[51.821s][info][gc,phases      ] GC(253) Summary Phase 0.118ms
[51.821s][info][gc,phases,start] GC(253) Adjust Roots
[51.821s][info][gc,phases      ] GC(253) Adjust Roots 0.183ms
[51.821s][info][gc,phases,start] GC(253) Compaction Phase
[52.558s][info][gc,phases      ] GC(253) Compaction Phase 736.594ms
[52.558s][info][gc,phases,start] GC(253) Post Compact
[52.570s][info][gc,phases      ] GC(253) Post Compact 11.570ms
[52.572s][info][gc,heap        ] GC(253) PSYoungGen: 128352K(387584K)->0K(399872K) Eden: 0K(141312K)->0K(141312K) From: 128352K(246272K)->0K(258560K)
[52.572s][info][gc,heap        ] GC(253) ParOldGen: 7565176K(7774208K)->7688869K(8527360K)
[52.572s][info][gc,metaspace   ] GC(253) Metaspace: 6298K(6464K)->6298K(6464K) NonClass: 5765K(5824K)->5765K(5824K) Class: 533K(640K)->533K(640K)
[52.572s][info][gc             ] GC(253) Pause Full (Ergonomics) 7513M->7508M(8718M) 2469.828ms
[52.572s][info][gc,cpu         ] GC(253) User=18.03s Sys=0.08s Real=2.47s
[52.724s][info][gc,start       ] GC(254) Pause Young (Allocation Failure)
[52.835s][info][gc,heap        ] GC(254) PSYoungGen: 141312K(399872K)->141696K(389120K) Eden: 141312K(141312K)->0K(153088K) From: 0K(258560K)->141696K(236032K)
[52.835s][info][gc,heap        ] GC(254) ParOldGen: 7688869K(8527360K)->7688869K(8527360K)
[52.835s][info][gc,metaspace   ] GC(254) Metaspace: 6298K(6464K)->6298K(6464K) NonClass: 5765K(5824K)->5765K(5824K) Class: 533K(640K)->533K(640K)
[52.835s][info][gc             ] GC(254) Pause Young (Allocation Failure) 7646M->7647M(8707M) 111.029ms
[52.835s][info][gc,cpu         ] GC(254) User=0.47s Sys=0.03s Real=0.11s
[53.001s][info][gc,start       ] GC(255) Pause Young (Allocation Failure)
[53.156s][info][gc,heap        ] GC(255) PSYoungGen: 294784K(389120K)->248832K(401920K) Eden: 153088K(153088K)->0K(153088K) From: 141696K(236032K)->248832K(248832K)
[53.156s][info][gc,heap        ] GC(255) ParOldGen: 7688869K(8527360K)->7735341K(8527360K)
[53.156s][info][gc,metaspace   ] GC(255) Metaspace: 6298K(6464K)->6298K(6464K) NonClass: 5765K(5824K)->5765K(5824K) Class: 533K(640K)->533K(640K)
[53.156s][info][gc             ] GC(255) Pause Young (Allocation Failure) 7796M->7797M(8720M) 154.782ms
[53.156s][info][gc,cpu         ] GC(255) User=0.89s Sys=0.00s Real=0.15s
[53.314s][info][gc,start       ] GC(256) Pause Young (Allocation Failure)
[53.529s][info][gc,heap        ] GC(256) PSYoungGen: 401920K(401920K)->153504K(438784K) Eden: 153088K(153088K)->0K(167424K) From: 248832K(248832K)->153504K(271360K)
[53.529s][info][gc,heap        ] GC(256) ParOldGen: 7735341K(8527360K)->7985941K(8527360K)
[53.529s][info][gc,metaspace   ] GC(256) Metaspace: 6298K(6464K)->6298K(6464K) NonClass: 5765K(5824K)->5765K(5824K) Class: 533K(640K)->533K(640K)
[53.529s][info][gc             ] GC(256) Pause Young (Allocation Failure) 7946M->7948M(8756M) 215.445ms
[53.529s][info][gc,cpu         ] GC(256) User=1.44s Sys=0.19s Real=0.22s
[53.705s][info][gc,start       ] GC(257) Pause Young (Allocation Failure)
[53.871s][info][gc,heap        ] GC(257) PSYoungGen: 320928K(438784K)->283648K(451072K) Eden: 167424K(167424K)->0K(167424K) From: 153504K(271360K)->283648K(283648K)
[53.871s][info][gc,heap        ] GC(257) ParOldGen: 7985941K(8527360K)->8023709K(8527360K)
[53.871s][info][gc,metaspace   ] GC(257) Metaspace: 6298K(6464K)->6298K(6464K) NonClass: 5765K(5824K)->5765K(5824K) Class: 533K(640K)->533K(640K)
[53.871s][info][gc             ] GC(257) Pause Young (Allocation Failure) 8112M->8112M(8768M) 166.292ms
[53.871s][info][gc,cpu         ] GC(257) User=1.12s Sys=0.02s Real=0.17s
[54.041s][info][gc,start       ] GC(258) Pause Young (Allocation Failure)
[54.285s][info][gc,heap        ] GC(258) PSYoungGen: 451072K(451072K)->167904K(485888K) Eden: 167424K(167424K)->0K(184320K) From: 283648K(283648K)->167904K(301568K)
[54.285s][info][gc,heap        ] GC(258) ParOldGen: 8023709K(8527360K)->8309357K(8527360K)
[54.285s][info][gc,metaspace   ] GC(258) Metaspace: 6298K(6464K)->6298K(6464K) NonClass: 5765K(5824K)->5765K(5824K) Class: 533K(640K)->533K(640K)
[54.285s][info][gc             ] GC(258) Pause Young (Allocation Failure) 8276M->8278M(8802M) 243.987ms
[54.285s][info][gc,cpu         ] GC(258) User=1.50s Sys=0.28s Real=0.24s
[54.285s][info][gc,start       ] GC(259) Pause Full (Ergonomics)
[54.285s][info][gc,phases,start] GC(259) Marking Phase
[56.216s][info][gc,phases      ] GC(259) Marking Phase 1930.978ms
[56.216s][info][gc,phases,start] GC(259) Summary Phase
[56.216s][info][gc,phases      ] GC(259) Summary Phase 0.132ms
[56.216s][info][gc,phases,start] GC(259) Adjust Roots
[56.216s][info][gc,phases      ] GC(259) Adjust Roots 0.163ms
[56.216s][info][gc,phases,start] GC(259) Compaction Phase
[57.095s][info][gc,phases      ] GC(259) Compaction Phase 878.565ms
[57.095s][info][gc,phases,start] GC(259) Post Compact
[57.107s][info][gc,phases      ] GC(259) Post Compact 12.305ms
[57.110s][info][gc,heap        ] GC(259) PSYoungGen: 167904K(485888K)->0K(501248K) Eden: 0K(184320K)->0K(184320K) From: 167904K(301568K)->0K(316928K)
[57.110s][info][gc,heap        ] GC(259) ParOldGen: 8309357K(8527360K)->8471044K(9457664K)
[57.110s][info][gc,metaspace   ] GC(259) Metaspace: 6298K(6464K)->6298K(6464K) NonClass: 5765K(5824K)->5765K(5824K) Class: 533K(640K)->533K(640K)
[57.110s][info][gc             ] GC(259) Pause Full (Ergonomics) 8278M->8272M(9725M) 2825.395ms
[57.110s][info][gc,cpu         ] GC(259) User=20.00s Sys=0.12s Real=2.83s
[57.310s][info][gc,start       ] GC(260) Pause Young (Allocation Failure)
[57.432s][info][gc,heap        ] GC(260) PSYoungGen: 184320K(501248K)->184768K(495104K) Eden: 184320K(184320K)->0K(199168K) From: 0K(316928K)->184768K(295936K)
[57.432s][info][gc,heap        ] GC(260) ParOldGen: 8471044K(9457664K)->8471044K(9457664K)
[57.433s][info][gc,metaspace   ] GC(260) Metaspace: 6298K(6464K)->6298K(6464K) NonClass: 5765K(5824K)->5765K(5824K) Class: 533K(640K)->533K(640K)
[57.433s][info][gc             ] GC(260) Pause Young (Allocation Failure) 8452M->8452M(9719M) 122.966ms
[57.433s][info][gc,cpu         ] GC(260) User=0.61s Sys=0.00s Real=0.12s
[57.652s][info][gc,start       ] GC(261) Pause Young (Allocation Failure)
[57.866s][info][gc,heap        ] GC(261) PSYoungGen: 383936K(495104K)->308224K(507392K) Eden: 199168K(199168K)->0K(199168K) From: 184768K(295936K)->308224K(308224K)
[57.866s][info][gc,heap        ] GC(261) ParOldGen: 8471044K(9457664K)->8547652K(9457664K)
[57.866s][info][gc,metaspace   ] GC(261) Metaspace: 6298K(6464K)->6298K(6464K) NonClass: 5765K(5824K)->5765K(5824K) Class: 533K(640K)->533K(640K)
[57.866s][info][gc             ] GC(261) Pause Young (Allocation Failure) 8647M->8648M(9731M) 213.713ms
[57.866s][info][gc,cpu         ] GC(261) User=1.39s Sys=0.00s Real=0.21s
[58.094s][info][gc,start       ] GC(262) Pause Young (Allocation Failure)
[58.404s][info][gc,heap        ] GC(262) PSYoungGen: 507392K(507392K)->362784K(544256K) Eden: 199168K(199168K)->0K(170496K) From: 308224K(308224K)->362784K(373760K)
[58.404s][info][gc,heap        ] GC(262) ParOldGen: 8547652K(9457664K)->8693820K(9457664K)
[58.404s][info][gc,metaspace   ] GC(262) Metaspace: 6298K(6464K)->6298K(6464K) NonClass: 5765K(5824K)->5765K(5824K) Class: 533K(640K)->533K(640K)
[58.404s][info][gc             ] GC(262) Pause Young (Allocation Failure) 8842M->8844M(9767M) 310.389ms
[58.404s][info][gc,cpu         ] GC(262) User=1.77s Sys=0.17s Real=0.31s
[58.606s][info][gc,start       ] GC(263) Pause Young (Allocation Failure)
[58.906s][info][gc,heap        ] GC(263) PSYoungGen: 533280K(544256K)->419328K(589824K) Eden: 170496K(170496K)->0K(170496K) From: 362784K(373760K)->419328K(419328K)
[58.906s][info][gc,heap        ] GC(263) ParOldGen: 8693820K(9457664K)->8808852K(9457664K)
[58.906s][info][gc,metaspace   ] GC(263) Metaspace: 6298K(6464K)->6298K(6464K) NonClass: 5765K(5824K)->5765K(5824K) Class: 533K(640K)->533K(640K)
[58.906s][info][gc             ] GC(263) Pause Young (Allocation Failure) 9010M->9011M(9812M) 299.665ms
[58.906s][info][gc,cpu         ] GC(263) User=2.16s Sys=0.09s Real=0.30s
[59.092s][info][gc,start       ] GC(264) Pause Young (Allocation Failure)
[59.433s][info][gc,heap        ] GC(264) PSYoungGen: 589824K(589824K)->299680K(696832K) Eden: 170496K(170496K)->0K(188928K) From: 419328K(419328K)->299680K(507904K)
[59.433s][info][gc,heap        ] GC(264) ParOldGen: 8808852K(9457664K)->9101508K(9457664K)
[59.433s][info][gc,metaspace   ] GC(264) Metaspace: 6298K(6464K)->6298K(6464K) NonClass: 5765K(5824K)->5765K(5824K) Class: 533K(640K)->533K(640K)
[59.433s][info][gc             ] GC(264) Pause Young (Allocation Failure) 9178M->9180M(9916M) 340.901ms
[59.433s][info][gc,cpu         ] GC(264) User=2.33s Sys=0.11s Real=0.34s
[59.637s][info][gc,start       ] GC(265) Pause Young (Allocation Failure)
[59.900s][info][gc,heap        ] GC(265) PSYoungGen: 488608K(696832K)->488992K(701440K) Eden: 188928K(188928K)->0K(188928K) From: 299680K(507904K)->488992K(512512K)
[59.900s][info][gc,heap        ] GC(265) ParOldGen: 9101508K(9457664K)->9101508K(9457664K)
[59.900s][info][gc,metaspace   ] GC(265) Metaspace: 6298K(6464K)->6298K(6464K) NonClass: 5765K(5824K)->5765K(5824K) Class: 533K(640K)->533K(640K)
[59.900s][info][gc             ] GC(265) Pause Young (Allocation Failure) 9365M->9365M(9921M) 263.170ms
[59.900s][info][gc,cpu         ] GC(265) User=1.98s Sys=0.00s Real=0.26s
[60.109s][info][gc,start       ] GC(266) Pause Young (Allocation Failure)
[60.487s][info][gc,heap        ] GC(266) PSYoungGen: 677920K(701440K)->549568K(712192K) Eden: 188928K(188928K)->0K(136704K) From: 488992K(512512K)->549568K(575488K)
[60.487s][info][gc,heap        ] GC(266) ParOldGen: 9101508K(9457664K)->9231148K(9457664K)
[60.487s][info][gc,metaspace   ] GC(266) Metaspace: 6298K(6464K)->6298K(6464K) NonClass: 5765K(5824K)->5765K(5824K) Class: 533K(640K)->533K(640K)
[60.487s][info][gc             ] GC(266) Pause Young (Allocation Failure) 9550M->9551M(9931M) 378.502ms
[60.487s][info][gc,cpu         ] GC(266) User=2.58s Sys=0.31s Real=0.38s
[60.487s][info][gc,start       ] GC(267) Pause Full (Ergonomics)
[60.487s][info][gc,phases,start] GC(267) Marking Phase
[62.847s][info][gc,phases      ] GC(267) Marking Phase 2359.880ms
[62.847s][info][gc,phases,start] GC(267) Summary Phase
[62.847s][info][gc,phases      ] GC(267) Summary Phase 0.105ms
[62.847s][info][gc,phases,start] GC(267) Adjust Roots
[62.848s][info][gc,phases      ] GC(267) Adjust Roots 0.189ms
[62.848s][info][gc,phases,start] GC(267) Compaction Phase
[63.916s][info][gc,phases      ] GC(267) Compaction Phase 1068.772ms
[63.916s][info][gc,phases,start] GC(267) Post Compact
[63.933s][info][gc,phases      ] GC(267) Post Compact 16.171ms
[63.936s][info][gc,heap        ] GC(267) PSYoungGen: 549568K(712192K)->314693K(712192K) Eden: 0K(136704K)->0K(136704K) From: 549568K(575488K)->314693K(575488K)
[63.936s][info][gc,heap        ] GC(267) ParOldGen: 9231148K(9457664K)->9457638K(10376704K)
[63.936s][info][gc,metaspace   ] GC(267) Metaspace: 6298K(6464K)->6298K(6464K) NonClass: 5765K(5824K)->5765K(5824K) Class: 533K(640K)->533K(640K)
[63.936s][info][gc             ] GC(267) Pause Full (Ergonomics) 9551M->9543M(10829M) 3448.651ms
[63.936s][info][gc,cpu         ] GC(267) User=24.56s Sys=0.11s Real=3.45s
[64.078s][info][gc,start       ] GC(268) Pause Young (Allocation Failure)
[64.827s][info][gc,heap        ] GC(268) PSYoungGen: 451397K(712192K)->355680K(492544K) Eden: 136704K(136704K)->0K(136704K) From: 314693K(575488K)->355680K(355840K)
[64.828s][info][gc,heap        ] GC(268) ParOldGen: 9457638K(10376704K)->9555222K(10376704K)
[64.828s][info][gc,metaspace   ] GC(268) Metaspace: 6298K(6464K)->6298K(6464K) NonClass: 5765K(5824K)->5765K(5824K) Class: 533K(640K)->533K(640K)
[64.828s][info][gc             ] GC(268) Pause Young (Allocation Failure) 9676M->9678M(10614M) 749.516ms
[64.828s][info][gc,cpu         ] GC(268) User=5.38s Sys=0.05s Real=0.75s
[64.975s][info][gc,start       ] GC(269) Pause Young (Allocation Failure)
[65.292s][info][gc,heap        ] GC(269) PSYoungGen: 492384K(492544K)->492640K(748032K) Eden: 136704K(136704K)->0K(113664K) From: 355680K(355840K)->492640K(634368K)
[65.292s][info][gc,heap        ] GC(269) ParOldGen: 9555222K(10376704K)->9555222K(10376704K)
[65.292s][info][gc,metaspace   ] GC(269) Metaspace: 6298K(6464K)->6298K(6464K) NonClass: 5765K(5824K)->5765K(5824K) Class: 533K(640K)->533K(640K)
[65.292s][info][gc             ] GC(269) Pause Young (Allocation Failure) 9812M->9812M(10864M) 316.761ms
[65.292s][info][gc,cpu         ] GC(269) User=1.95s Sys=0.00s Real=0.32s
[65.422s][info][gc,start       ] GC(270) Pause Young (Allocation Failure)
[65.795s][info][gc,heap        ] GC(270) PSYoungGen: 606304K(748032K)->495552K(784384K) Eden: 113664K(113664K)->0K(113664K) From: 492640K(634368K)->495552K(670720K)
[65.795s][info][gc,heap        ] GC(270) ParOldGen: 9555222K(10376704K)->9666982K(10376704K)
[65.795s][info][gc,metaspace   ] GC(270) Metaspace: 6298K(6464K)->6298K(6464K) NonClass: 5765K(5824K)->5765K(5824K) Class: 533K(640K)->533K(640K)
[65.795s][info][gc             ] GC(270) Pause Young (Allocation Failure) 9923M->9924M(10899M) 373.485ms
[65.795s][info][gc,cpu         ] GC(270) User=2.48s Sys=0.09s Real=0.37s
[65.914s][info][gc,start       ] GC(271) Pause Young (Allocation Failure)
[66.293s][info][gc,heap        ] GC(271) PSYoungGen: 609216K(784384K)->501856K(803328K) Eden: 113664K(113664K)->0K(103424K) From: 495552K(670720K)->501856K(699904K)
[66.294s][info][gc,heap        ] GC(271) ParOldGen: 9666982K(10376704K)->9775286K(10376704K)
[66.294s][info][gc,metaspace   ] GC(271) Metaspace: 6298K(6464K)->6298K(6464K) NonClass: 5765K(5824K)->5765K(5824K) Class: 533K(640K)->533K(640K)
[66.294s][info][gc             ] GC(271) Pause Young (Allocation Failure) 10035M->10036M(10918M) 379.630ms
[66.294s][info][gc,cpu         ] GC(271) User=2.44s Sys=0.11s Real=0.38s
[66.416s][info][gc,start       ] GC(272) Pause Young (Allocation Failure)
[66.796s][info][gc,heap        ] GC(272) PSYoungGen: 605280K(803328K)->331456K(435200K) Eden: 103424K(103424K)->0K(103424K) From: 501856K(699904K)->331456K(331776K)
[66.796s][info][gc,heap        ] GC(272) ParOldGen: 9775286K(10376704K)->10051118K(10376704K)
[66.796s][info][gc,metaspace   ] GC(272) Metaspace: 6298K(6464K)->6298K(6464K) NonClass: 5765K(5824K)->5765K(5824K) Class: 533K(640K)->533K(640K)
[66.796s][info][gc             ] GC(272) Pause Young (Allocation Failure) 10137M->10139M(10558M) 380.623ms
[66.796s][info][gc,cpu         ] GC(272) User=2.70s Sys=0.16s Real=0.38s
[66.907s][info][gc,start       ] GC(273) Pause Young (Allocation Failure)
[67.197s][info][gc,heap        ] GC(273) PSYoungGen: 434880K(435200K)->207328K(792064K) Eden: 103424K(103424K)->0K(117760K) From: 331456K(331776K)->207328K(674304K)
[67.197s][info][gc,heap        ] GC(273) ParOldGen: 10051118K(10376704K)->10280454K(10376704K)
[67.197s][info][gc,metaspace   ] GC(273) Metaspace: 6298K(6464K)->6298K(6464K) NonClass: 5765K(5824K)->5765K(5824K) Class: 533K(640K)->533K(640K)
[67.197s][info][gc             ] GC(273) Pause Young (Allocation Failure) 10240M->10241M(10907M) 289.826ms
[67.197s][info][gc,cpu         ] GC(273) User=1.48s Sys=0.17s Real=0.29s
[67.197s][info][gc,start       ] GC(274) Pause Full (Ergonomics)
[67.197s][info][gc,phases,start] GC(274) Marking Phase
[69.722s][info][gc,phases      ] GC(274) Marking Phase 2525.384ms
[69.722s][info][gc,phases,start] GC(274) Summary Phase
[69.723s][info][gc,phases      ] GC(274) Summary Phase 0.098ms
[69.723s][info][gc,phases,start] GC(274) Adjust Roots
[69.723s][info][gc,phases      ] GC(274) Adjust Roots 0.187ms
[69.723s][info][gc,phases,start] GC(274) Compaction Phase
[70.781s][info][gc,phases      ] GC(274) Compaction Phase 1058.351ms
[70.781s][info][gc,phases,start] GC(274) Post Compact
[70.800s][info][gc,phases      ] GC(274) Post Compact 18.429ms
[70.800s][info][gc,heap        ] GC(274) PSYoungGen: 207328K(792064K)->103040K(800256K) Eden: 0K(117760K)->0K(125952K) From: 207328K(674304K)->103040K(674304K)
[70.800s][info][gc,heap        ] GC(274) ParOldGen: 10280454K(10376704K)->10376697K(10376704K)
[70.800s][info][gc,metaspace   ] GC(274) Metaspace: 6298K(6464K)->6298K(6464K) NonClass: 5765K(5824K)->5765K(5824K) Class: 533K(640K)->533K(640K)
[70.800s][info][gc             ] GC(274) Pause Full (Ergonomics) 10241M->10234M(10915M) 3602.871ms
[70.800s][info][gc,cpu         ] GC(274) User=25.98s Sys=0.06s Real=3.60s
[70.948s][info][gc,start       ] GC(275) Pause Full (Ergonomics)
[70.948s][info][gc,phases,start] GC(275) Marking Phase
[73.429s][info][gc,phases      ] GC(275) Marking Phase 2480.718ms
[73.429s][info][gc,phases,start] GC(275) Summary Phase
[73.429s][info][gc,phases      ] GC(275) Summary Phase 0.122ms
[73.429s][info][gc,phases,start] GC(275) Adjust Roots
[73.429s][info][gc,phases      ] GC(275) Adjust Roots 0.210ms
[73.429s][info][gc,phases,start] GC(275) Compaction Phase
[74.221s][info][gc,phases      ] GC(275) Compaction Phase 791.821ms
[74.221s][info][gc,phases,start] GC(275) Post Compact
[74.236s][info][gc,phases      ] GC(275) Post Compact 15.080ms
[74.236s][info][gc,heap        ] GC(275) PSYoungGen: 228992K(800256K)->228963K(800256K) Eden: 125952K(125952K)->125922K(125952K) From: 103040K(674304K)->103040K(674304K)
[74.236s][info][gc,heap        ] GC(275) ParOldGen: 10376697K(10376704K)->10376697K(10376704K)
[74.236s][info][gc,metaspace   ] GC(275) Metaspace: 6298K(6464K)->6298K(6464K) NonClass: 5765K(5824K)->5765K(5824K) Class: 533K(640K)->533K(640K)
[74.236s][info][gc             ] GC(275) Pause Full (Ergonomics) 10357M->10357M(10915M) 3288.395ms
[74.236s][info][gc,cpu         ] GC(275) User=24.55s Sys=0.03s Real=3.29s
[74.236s][info][gc,start       ] GC(276) Pause Full (Ergonomics)
[74.236s][info][gc,phases,start] GC(276) Marking Phase
[76.669s][info][gc,phases      ] GC(276) Marking Phase 2432.820ms
[76.669s][info][gc,phases,start] GC(276) Summary Phase
[76.669s][info][gc,phases      ] GC(276) Summary Phase 0.097ms
[76.669s][info][gc,phases,start] GC(276) Adjust Roots
[76.670s][info][gc,phases      ] GC(276) Adjust Roots 0.165ms
[76.670s][info][gc,phases,start] GC(276) Compaction Phase
[77.425s][info][gc,phases      ] GC(276) Compaction Phase 755.207ms
[77.425s][info][gc,phases,start] GC(276) Post Compact
[77.440s][info][gc,phases      ] GC(276) Post Compact 15.281ms
[77.440s][info][gc,heap        ] GC(276) PSYoungGen: 228992K(800256K)->228992K(800256K) Eden: 125952K(125952K)->125951K(125952K) From: 103040K(674304K)->103040K(674304K)
[77.440s][info][gc,heap        ] GC(276) ParOldGen: 10376697K(10376704K)->10376697K(10376704K)
[77.440s][info][gc,metaspace   ] GC(276) Metaspace: 6298K(6464K)->6298K(6464K) NonClass: 5765K(5824K)->5765K(5824K) Class: 533K(640K)->533K(640K)
[77.440s][info][gc             ] GC(276) Pause Full (Ergonomics) 10357M->10357M(10915M) 3203.921ms
[77.440s][info][gc,cpu         ] GC(276) User=24.77s Sys=0.00s Real=3.20s
[77.441s][info][gc,start       ] GC(277) Pause Full (Ergonomics)
[77.441s][info][gc,phases,start] GC(277) Marking Phase
[79.864s][info][gc,phases      ] GC(277) Marking Phase 2423.301ms
[79.864s][info][gc,phases,start] GC(277) Summary Phase
[79.864s][info][gc,phases      ] GC(277) Summary Phase 0.098ms
[79.864s][info][gc,phases,start] GC(277) Adjust Roots
[79.864s][info][gc,phases      ] GC(277) Adjust Roots 0.189ms
[79.864s][info][gc,phases,start] GC(277) Compaction Phase
[80.614s][info][gc,phases      ] GC(277) Compaction Phase 750.029ms
[80.614s][info][gc,phases,start] GC(277) Post Compact
[80.628s][info][gc,phases      ] GC(277) Post Compact 13.366ms
[80.628s][info][gc,heap        ] GC(277) PSYoungGen: 228992K(800256K)->228992K(800256K) Eden: 125951K(125952K)->125951K(125952K) From: 103040K(674304K)->103040K(674304K)
[80.628s][info][gc,heap        ] GC(277) ParOldGen: 10376697K(10376704K)->10376697K(10376704K)
[80.628s][info][gc,metaspace   ] GC(277) Metaspace: 6298K(6464K)->6298K(6464K) NonClass: 5765K(5824K)->5765K(5824K) Class: 533K(640K)->533K(640K)
[80.628s][info][gc             ] GC(277) Pause Full (Ergonomics) 10357M->10357M(10915M) 3187.378ms
[80.628s][info][gc,cpu         ] GC(277) User=24.78s Sys=0.02s Real=3.19s
[80.628s][info][gc,start       ] GC(278) Pause Full (Ergonomics)
[80.628s][info][gc,phases,start] GC(278) Marking Phase
[83.111s][info][gc,phases      ] GC(278) Marking Phase 2482.635ms
[83.111s][info][gc,phases,start] GC(278) Summary Phase
[83.111s][info][gc,phases      ] GC(278) Summary Phase 0.107ms
[83.111s][info][gc,phases,start] GC(278) Adjust Roots
[83.111s][info][gc,phases      ] GC(278) Adjust Roots 0.183ms
[83.111s][info][gc,phases,start] GC(278) Compaction Phase
[83.900s][info][gc,phases      ] GC(278) Compaction Phase 789.191ms
[83.900s][info][gc,phases,start] GC(278) Post Compact
[83.917s][info][gc,phases      ] GC(278) Post Compact 16.207ms
[83.917s][info][gc,heap        ] GC(278) PSYoungGen: 228992K(800256K)->228992K(800256K) Eden: 125951K(125952K)->125951K(125952K) From: 103040K(674304K)->103040K(674304K)
[83.917s][info][gc,heap        ] GC(278) ParOldGen: 10376702K(10376704K)->10376702K(10376704K)
[83.917s][info][gc,metaspace   ] GC(278) Metaspace: 6298K(6464K)->6298K(6464K) NonClass: 5765K(5824K)->5765K(5824K) Class: 533K(640K)->533K(640K)
[83.917s][info][gc             ] GC(278) Pause Full (Ergonomics) 10357M->10357M(10915M) 3288.653ms
[83.917s][info][gc,cpu         ] GC(278) User=25.09s Sys=0.02s Real=3.29s
[83.917s][info][gc,start       ] GC(279) Pause Full (Ergonomics)
[83.917s][info][gc,phases,start] GC(279) Marking Phase
[86.407s][info][gc,phases      ] GC(279) Marking Phase 2489.713ms
[86.407s][info][gc,phases,start] GC(279) Summary Phase
[86.407s][info][gc,phases      ] GC(279) Summary Phase 0.097ms
[86.407s][info][gc,phases,start] GC(279) Adjust Roots
[86.407s][info][gc,phases      ] GC(279) Adjust Roots 0.163ms
[86.407s][info][gc,phases,start] GC(279) Compaction Phase
[87.169s][info][gc,phases      ] GC(279) Compaction Phase 762.214ms
[87.169s][info][gc,phases,start] GC(279) Post Compact
[87.184s][info][gc,phases      ] GC(279) Post Compact 14.630ms
[87.184s][info][gc,heap        ] GC(279) PSYoungGen: 228992K(800256K)->228992K(800256K) Eden: 125951K(125952K)->125951K(125952K) From: 103040K(674304K)->103040K(674304K)
[87.184s][info][gc,heap        ] GC(279) ParOldGen: 10376703K(10376704K)->10376703K(10376704K)
[87.184s][info][gc,metaspace   ] GC(279) Metaspace: 6298K(6464K)->6298K(6464K) NonClass: 5765K(5824K)->5765K(5824K) Class: 533K(640K)->533K(640K)
[87.184s][info][gc             ] GC(279) Pause Full (Ergonomics) 10357M->10357M(10915M) 3267.151ms
[87.184s][info][gc,cpu         ] GC(279) User=25.39s Sys=0.00s Real=3.27s
[87.184s][info][gc,start       ] GC(280) Pause Full (Allocation Failure)
[87.184s][info][gc,phases,start] GC(280) Marking Phase
[89.613s][info][gc,phases      ] GC(280) Marking Phase 2428.786ms
[89.613s][info][gc,phases,start] GC(280) Summary Phase
[89.613s][info][gc,phases      ] GC(280) Summary Phase 0.119ms
[89.613s][info][gc,phases,start] GC(280) Adjust Roots
[89.614s][info][gc,phases      ] GC(280) Adjust Roots 0.437ms
[89.614s][info][gc,phases,start] GC(280) Compaction Phase
[92.202s][info][gc,phases      ] GC(280) Compaction Phase 2588.181ms
[92.202s][info][gc,phases,start] GC(280) Post Compact
[92.218s][info][gc,phases      ] GC(280) Post Compact 16.175ms
[92.218s][info][gc,heap        ] GC(280) PSYoungGen: 228992K(800256K)->228992K(800256K) Eden: 125951K(125952K)->125951K(125952K) From: 103040K(674304K)->103040K(674304K)
[92.218s][info][gc,heap        ] GC(280) ParOldGen: 10376703K(10376704K)->10376699K(10376704K)
[92.218s][info][gc,metaspace   ] GC(280) Metaspace: 6298K(6464K)->6297K(6464K) NonClass: 5765K(5824K)->5764K(5824K) Class: 533K(640K)->532K(640K)
[92.218s][info][gc             ] GC(280) Pause Full (Allocation Failure) 10357M->10357M(10915M) 5034.087ms
[92.218s][info][gc,cpu         ] GC(280) User=37.94s Sys=0.00s Real=5.03s
[92.219s][info][gc,start       ] GC(281) Pause Full (Ergonomics)
[92.219s][info][gc,phases,start] GC(281) Marking Phase
[94.663s][info][gc,phases      ] GC(281) Marking Phase 2444.323ms
[94.663s][info][gc,phases,start] GC(281) Summary Phase
[94.664s][info][gc,phases      ] GC(281) Summary Phase 0.098ms
[94.664s][info][gc,phases,start] GC(281) Adjust Roots
[94.664s][info][gc,phases      ] GC(281) Adjust Roots 0.163ms
[94.664s][info][gc,phases,start] GC(281) Compaction Phase
[95.431s][info][gc,phases      ] GC(281) Compaction Phase 766.823ms
[95.431s][info][gc,phases,start] GC(281) Post Compact
[95.447s][info][gc,phases      ] GC(281) Post Compact 15.857ms
[95.447s][info][gc,heap        ] GC(281) PSYoungGen: 228992K(800256K)->228992K(800256K) Eden: 125951K(125952K)->125951K(125952K) From: 103040K(674304K)->103040K(674304K)
[95.447s][info][gc,heap        ] GC(281) ParOldGen: 10376702K(10376704K)->10376702K(10376704K)
[95.447s][info][gc,metaspace   ] GC(281) Metaspace: 6297K(6464K)->6297K(6464K) NonClass: 5764K(5824K)->5764K(5824K) Class: 532K(640K)->532K(640K)
[95.447s][info][gc             ] GC(281) Pause Full (Ergonomics) 10357M->10357M(10915M) 3227.621ms
[95.447s][info][gc,cpu         ] GC(281) User=24.75s Sys=0.00s Real=3.23s
[95.447s][info][gc,start       ] GC(282) Pause Full (Ergonomics)
[95.447s][info][gc,phases,start] GC(282) Marking Phase
[97.838s][info][gc,phases      ] GC(282) Marking Phase 2390.912ms
[97.838s][info][gc,phases,start] GC(282) Summary Phase
[97.838s][info][gc,phases      ] GC(282) Summary Phase 0.100ms
[97.838s][info][gc,phases,start] GC(282) Adjust Roots
[97.838s][info][gc,phases      ] GC(282) Adjust Roots 0.208ms
[97.838s][info][gc,phases,start] GC(282) Compaction Phase
[98.572s][info][gc,phases      ] GC(282) Compaction Phase 733.392ms
[98.572s][info][gc,phases,start] GC(282) Post Compact
[98.585s][info][gc,phases      ] GC(282) Post Compact 13.522ms
[98.585s][info][gc,heap        ] GC(282) PSYoungGen: 228992K(800256K)->228992K(800256K) Eden: 125951K(125952K)->125951K(125952K) From: 103040K(674304K)->103040K(674304K)
[98.586s][info][gc,heap        ] GC(282) ParOldGen: 10376703K(10376704K)->10376703K(10376704K)
[98.586s][info][gc,metaspace   ] GC(282) Metaspace: 6297K(6464K)->6297K(6464K) NonClass: 5764K(5824K)->5764K(5824K) Class: 532K(640K)->532K(640K)
[98.586s][info][gc             ] GC(282) Pause Full (Ergonomics) 10357M->10357M(10915M) 3138.470ms
[98.586s][info][gc,cpu         ] GC(282) User=24.52s Sys=0.02s Real=3.14s
[98.586s][info][gc,start       ] GC(283) Pause Full (Allocation Failure)
[98.586s][info][gc,phases,start] GC(283) Marking Phase
[101.032s][info][gc,phases      ] GC(283) Marking Phase 2446.080ms
[101.032s][info][gc,phases,start] GC(283) Summary Phase
[101.032s][info][gc,phases      ] GC(283) Summary Phase 0.097ms
[101.032s][info][gc,phases,start] GC(283) Adjust Roots
[101.032s][info][gc,phases      ] GC(283) Adjust Roots 0.189ms
[101.032s][info][gc,phases,start] GC(283) Compaction Phase
[101.772s][info][gc,phases      ] GC(283) Compaction Phase 739.767ms
[101.772s][info][gc,phases,start] GC(283) Post Compact
[101.785s][info][gc,phases      ] GC(283) Post Compact 13.150ms
[101.785s][info][gc,heap        ] GC(283) PSYoungGen: 228992K(800256K)->228992K(800256K) Eden: 125951K(125952K)->125951K(125952K) From: 103040K(674304K)->103040K(674304K)
[101.785s][info][gc,heap        ] GC(283) ParOldGen: 10376703K(10376704K)->10376703K(10376704K)
[101.785s][info][gc,metaspace   ] GC(283) Metaspace: 6297K(6464K)->6297K(6464K) NonClass: 5764K(5824K)->5764K(5824K) Class: 532K(640K)->532K(640K)
[101.785s][info][gc             ] GC(283) Pause Full (Allocation Failure) 10357M->10357M(10915M) 3199.616ms
[101.785s][info][gc,cpu         ] GC(283) User=24.92s Sys=0.00s Real=3.20s
[101.786s][info][gc,start       ] GC(284) Pause Full (Ergonomics)
[101.786s][info][gc,phases,start] GC(284) Marking Phase
[104.258s][info][gc,phases      ] GC(284) Marking Phase 2472.151ms
[104.258s][info][gc,phases,start] GC(284) Summary Phase
[104.258s][info][gc,phases      ] GC(284) Summary Phase 0.116ms
[104.258s][info][gc,phases,start] GC(284) Adjust Roots
[104.258s][info][gc,phases      ] GC(284) Adjust Roots 0.246ms
[104.258s][info][gc,phases,start] GC(284) Compaction Phase
[106.868s][info][gc,phases      ] GC(284) Compaction Phase 2609.421ms
[106.868s][info][gc,phases,start] GC(284) Post Compact
[106.884s][info][gc,phases      ] GC(284) Post Compact 16.593ms
[106.885s][info][gc,heap        ] GC(284) PSYoungGen: 228992K(800256K)->228992K(800256K) Eden: 125951K(125952K)->125951K(125952K) From: 103040K(674304K)->103040K(674304K)
[106.885s][info][gc,heap        ] GC(284) ParOldGen: 10376704K(10376704K)->10376702K(10376704K)
[106.885s][info][gc,metaspace   ] GC(284) Metaspace: 6297K(6464K)->6297K(6464K) NonClass: 5764K(5824K)->5764K(5824K) Class: 532K(640K)->532K(640K)
[106.885s][info][gc             ] GC(284) Pause Full (Ergonomics) 10357M->10357M(10915M) 5098.896ms
[106.885s][info][gc,cpu         ] GC(284) User=38.53s Sys=0.02s Real=5.10s
[106.886s][info][gc,start       ] GC(285) Pause Full (Ergonomics)
[106.886s][info][gc,phases,start] GC(285) Marking Phase
[109.289s][info][gc,phases      ] GC(285) Marking Phase 2403.082ms
[109.289s][info][gc,phases,start] GC(285) Summary Phase
[109.289s][info][gc,phases      ] GC(285) Summary Phase 0.119ms
[109.289s][info][gc,phases,start] GC(285) Adjust Roots
[109.289s][info][gc,phases      ] GC(285) Adjust Roots 0.306ms
[109.289s][info][gc,phases,start] GC(285) Compaction Phase
[111.898s][info][gc,phases      ] GC(285) Compaction Phase 2608.983ms
[111.899s][info][gc,phases,start] GC(285) Post Compact
[111.914s][info][gc,phases      ] GC(285) Post Compact 15.684ms
[111.914s][info][gc,heap        ] GC(285) PSYoungGen: 228992K(800256K)->228992K(800256K) Eden: 125952K(125952K)->125952K(125952K) From: 103040K(674304K)->103040K(674304K)
[111.914s][info][gc,heap        ] GC(285) ParOldGen: 10376703K(10376704K)->10376701K(10376704K)
[111.914s][info][gc,metaspace   ] GC(285) Metaspace: 6298K(6464K)->6298K(6464K) NonClass: 5764K(5824K)->5764K(5824K) Class: 533K(640K)->533K(640K)
[111.914s][info][gc             ] GC(285) Pause Full (Ergonomics) 10357M->10357M(10915M) 5028.572ms
[111.914s][info][gc,cpu         ] GC(285) User=37.92s Sys=0.02s Real=5.03s
[111.915s][info][gc,heap,exit   ] Heap
[111.915s][info][gc,heap,exit   ]  PSYoungGen      total 800256K, used 228992K [0x00000006c3580000, 0x000000071f680000, 0x0000000800000000)
[111.915s][info][gc,heap,exit   ]   eden space 125952K, 100% used [0x00000006c3580000,0x00000006cb080000,0x00000006cb080000)
[111.915s][info][gc,heap,exit   ]   from space 674304K, 15% used [0x00000006f4b00000,0x00000006fafa0310,0x000000071dd80000)
[111.915s][info][gc,heap,exit   ]   to   space 682496K, 0% used [0x00000006cb080000,0x00000006cb080000,0x00000006f4b00000)
[111.915s][info][gc,heap,exit   ]  ParOldGen       total 10376704K, used 10376702K [0x000000044a000000, 0x00000006c3580000, 0x00000006c3580000)
[111.915s][info][gc,heap,exit   ]   object space 10376704K, 99% used [0x000000044a000000,0x00000006c357f800,0x00000006c3580000)
[111.915s][info][gc,heap,exit   ]  Metaspace       used 6301K, committed 6464K, reserved 1114112K
[111.915s][info][gc,heap,exit   ]   class space    used 534K, committed 640K, reserved 1048576K
