[0.013s][info][gc,init] CardTable entry size: 512
[0.013s][info][gc     ] Using Parallel
[0.013s][info][gc,init] Version: 18.0.1+10 (release)
[0.013s][info][gc,init] CPUs: 8 total, 8 available
[0.013s][info][gc,init] Memory: 16063M
[0.014s][info][gc,init] Large Page Support: Disabled
[0.014s][info][gc,init] NUMA Support: Disabled
[0.014s][info][gc,init] Compressed Oops: Enabled (Zero based)
[0.014s][info][gc,init] Alignments: Space 512K, Generation 512K, Heap 2M
[0.014s][info][gc,init] Heap Min Capacity: 2M
[0.014s][info][gc,init] Heap Initial Capacity: 2M
[0.014s][info][gc,init] Heap Max Capacity: 3400M
[0.014s][info][gc,init] Pre-touch: Disabled
[0.014s][info][gc,init] Parallel Workers: 8
[0.014s][info][gc,metaspace] CDS archive(s) not mapped
[0.014s][info][gc,metaspace] Compressed class space mapped at: 0x0000000800000000-0x0000000840000000, reserved size: 1073741824
[0.014s][info][gc,metaspace] Narrow klass base: 0x0000000800000000, Narrow klass shift: 0, Narrow klass range: 0x40000000
[0.106s][info][gc,start    ] GC(0) Pause Young (Allocation Failure)
[0.107s][info][gc,heap     ] GC(0) PSYoungGen: 512K(1024K)->480K(1024K) Eden: 512K(512K)->0K(512K) From: 0K(512K)->480K(512K)
[0.107s][info][gc,heap     ] GC(0) ParOldGen: 0K(512K)->8K(512K)
[0.107s][info][gc,metaspace] GC(0) Metaspace: 4229K(4352K)->4229K(4352K) NonClass: 3908K(3968K)->3908K(3968K) Class: 321K(384K)->321K(384K)
[0.107s][info][gc          ] GC(0) Pause Young (Allocation Failure) 0M->0M(1M) 1.412ms
[0.107s][info][gc,cpu      ] GC(0) User=0.00s Sys=0.00s Real=0.00s
[0.173s][info][gc,start    ] GC(1) Pause Young (Allocation Failure)
[0.174s][info][gc,heap     ] GC(1) PSYoungGen: 991K(1024K)->512K(1536K) Eden: 511K(512K)->0K(1024K) From: 480K(512K)->512K(512K)
[0.174s][info][gc,heap     ] GC(1) ParOldGen: 8K(512K)->96K(512K)
[0.174s][info][gc,metaspace] GC(1) Metaspace: 5878K(6016K)->5878K(6016K) NonClass: 5381K(5504K)->5381K(5504K) Class: 496K(512K)->496K(512K)
[0.174s][info][gc          ] GC(1) Pause Young (Allocation Failure) 0M->0M(2M) 1.094ms
[0.174s][info][gc,cpu      ] GC(1) User=0.00s Sys=0.00s Real=0.00s
[0.195s][info][gc,start    ] GC(2) Pause Young (Allocation Failure)
[0.196s][info][gc,heap     ] GC(2) PSYoungGen: 1536K(1536K)->512K(1536K) Eden: 1024K(1024K)->0K(1024K) From: 512K(512K)->512K(512K)
[0.196s][info][gc,heap     ] GC(2) ParOldGen: 96K(512K)->520K(1024K)
[0.196s][info][gc,metaspace] GC(2) Metaspace: 6296K(6464K)->6296K(6464K) NonClass: 5763K(5824K)->5763K(5824K) Class: 533K(640K)->533K(640K)
[0.196s][info][gc          ] GC(2) Pause Young (Allocation Failure) 1M->1M(2M) 1.078ms
[0.196s][info][gc,cpu      ] GC(2) User=0.00s Sys=0.00s Real=0.00s
[0.198s][info][gc,start    ] GC(3) Pause Young (Allocation Failure)
[0.199s][info][gc,heap     ] GC(3) PSYoungGen: 1536K(1536K)->480K(2560K) Eden: 1024K(1024K)->0K(2048K) From: 512K(512K)->480K(512K)
[0.199s][info][gc,heap     ] GC(3) ParOldGen: 520K(1024K)->1072K(1536K)
[0.199s][info][gc,metaspace] GC(3) Metaspace: 6296K(6464K)->6296K(6464K) NonClass: 5763K(5824K)->5763K(5824K) Class: 533K(640K)->533K(640K)
[0.199s][info][gc          ] GC(3) Pause Young (Allocation Failure) 2M->1M(4M) 1.369ms
[0.199s][info][gc,cpu      ] GC(3) User=0.00s Sys=0.00s Real=0.00s
[0.199s][info][gc,start    ] GC(4) Pause Full (Ergonomics)
[0.199s][info][gc,phases,start] GC(4) Marking Phase
[0.200s][info][gc,phases      ] GC(4) Marking Phase 1.162ms
[0.200s][info][gc,phases,start] GC(4) Summary Phase
[0.200s][info][gc,phases      ] GC(4) Summary Phase 0.014ms
[0.200s][info][gc,phases,start] GC(4) Adjust Roots
[0.201s][info][gc,phases      ] GC(4) Adjust Roots 0.340ms
[0.201s][info][gc,phases,start] GC(4) Compaction Phase
[0.203s][info][gc,phases      ] GC(4) Compaction Phase 2.238ms
[0.203s][info][gc,phases,start] GC(4) Post Compact
[0.203s][info][gc,phases      ] GC(4) Post Compact 0.077ms
[0.203s][info][gc,heap        ] GC(4) PSYoungGen: 480K(2560K)->0K(2560K) Eden: 0K(2048K)->0K(2048K) From: 480K(512K)->0K(512K)
[0.203s][info][gc,heap        ] GC(4) ParOldGen: 1072K(1536K)->1496K(3584K)
[0.203s][info][gc,metaspace   ] GC(4) Metaspace: 6296K(6464K)->6296K(6464K) NonClass: 5763K(5824K)->5763K(5824K) Class: 533K(640K)->533K(640K)
[0.203s][info][gc             ] GC(4) Pause Full (Ergonomics) 1M->1M(6M) 4.183ms
[0.203s][info][gc,cpu         ] GC(4) User=0.00s Sys=0.00s Real=0.00s
[0.206s][info][gc,start       ] GC(5) Pause Young (Allocation Failure)
[0.207s][info][gc,heap        ] GC(5) PSYoungGen: 2048K(2560K)->480K(3584K) Eden: 2048K(2048K)->0K(3072K) From: 0K(512K)->480K(512K)
[0.207s][info][gc,heap        ] GC(5) ParOldGen: 1496K(3584K)->2120K(3584K)
[0.207s][info][gc,metaspace   ] GC(5) Metaspace: 6296K(6464K)->6296K(6464K) NonClass: 5763K(5824K)->5763K(5824K) Class: 533K(640K)->533K(640K)
[0.207s][info][gc             ] GC(5) Pause Young (Allocation Failure) 3M->2M(7M) 1.222ms
[0.207s][info][gc,cpu         ] GC(5) User=0.00s Sys=0.00s Real=0.00s
[0.211s][info][gc,start       ] GC(6) Pause Young (Allocation Failure)
[0.213s][info][gc,heap        ] GC(6) PSYoungGen: 3552K(3584K)->1504K(4608K) Eden: 3072K(3072K)->0K(3072K) From: 480K(512K)->1504K(1536K)
[0.213s][info][gc,heap        ] GC(6) ParOldGen: 2120K(3584K)->2696K(3584K)
[0.213s][info][gc,metaspace   ] GC(6) Metaspace: 6296K(6464K)->6296K(6464K) NonClass: 5763K(5824K)->5763K(5824K) Class: 533K(640K)->533K(640K)
[0.213s][info][gc             ] GC(6) Pause Young (Allocation Failure) 5M->4M(8M) 2.047ms
[0.213s][info][gc,cpu         ] GC(6) User=0.00s Sys=0.00s Real=0.00s
[0.214s][info][gc,start       ] GC(7) Pause Full (Ergonomics)
[0.214s][info][gc,phases,start] GC(7) Marking Phase
[0.216s][info][gc,phases      ] GC(7) Marking Phase 2.523ms
[0.216s][info][gc,phases,start] GC(7) Summary Phase
[0.216s][info][gc,phases      ] GC(7) Summary Phase 0.016ms
[0.216s][info][gc,phases,start] GC(7) Adjust Roots
[0.217s][info][gc,phases      ] GC(7) Adjust Roots 0.392ms
[0.217s][info][gc,phases,start] GC(7) Compaction Phase
[0.219s][info][gc,phases      ] GC(7) Compaction Phase 2.880ms
[0.220s][info][gc,phases,start] GC(7) Post Compact
[0.220s][info][gc,phases      ] GC(7) Post Compact 0.034ms
[0.220s][info][gc,heap        ] GC(7) PSYoungGen: 1504K(4608K)->990K(4608K) Eden: 0K(3072K)->0K(3072K) From: 1504K(1536K)->990K(1536K)
[0.220s][info][gc,heap        ] GC(7) ParOldGen: 2696K(3584K)->3127K(6144K)
[0.220s][info][gc,metaspace   ] GC(7) Metaspace: 6296K(6464K)->6296K(6464K) NonClass: 5763K(5824K)->5763K(5824K) Class: 533K(640K)->533K(640K)
[0.220s][info][gc             ] GC(7) Pause Full (Ergonomics) 4M->4M(10M) 6.229ms
[0.220s][info][gc,cpu         ] GC(7) User=0.00s Sys=0.00s Real=0.01s
[0.225s][info][gc,start       ] GC(8) Pause Young (Allocation Failure)
[0.227s][info][gc,heap        ] GC(8) PSYoungGen: 4062K(4608K)->2048K(5632K) Eden: 3072K(3072K)->0K(3584K) From: 990K(1536K)->2048K(2048K)
[0.227s][info][gc,heap        ] GC(8) ParOldGen: 3127K(6144K)->3663K(6144K)
[0.227s][info][gc,metaspace   ] GC(8) Metaspace: 6296K(6464K)->6296K(6464K) NonClass: 5763K(5824K)->5763K(5824K) Class: 533K(640K)->533K(640K)
[0.227s][info][gc             ] GC(8) Pause Young (Allocation Failure) 7M->5M(11M) 2.648ms
[0.227s][info][gc,cpu         ] GC(8) User=0.00s Sys=0.00s Real=0.00s
[0.232s][info][gc,start       ] GC(9) Pause Young (Allocation Failure)
[0.236s][info][gc,heap        ] GC(9) PSYoungGen: 5632K(5632K)->3040K(6656K) Eden: 3584K(3584K)->0K(3584K) From: 2048K(2048K)->3040K(3072K)
[0.236s][info][gc,heap        ] GC(9) ParOldGen: 3663K(6144K)->4663K(6144K)
[0.236s][info][gc,metaspace   ] GC(9) Metaspace: 6296K(6464K)->6296K(6464K) NonClass: 5763K(5824K)->5763K(5824K) Class: 533K(640K)->533K(640K)
[0.236s][info][gc             ] GC(9) Pause Young (Allocation Failure) 9M->7M(12M) 3.604ms
[0.236s][info][gc,cpu         ] GC(9) User=0.00s Sys=0.00s Real=0.00s
[0.240s][info][gc,start       ] GC(10) Pause Young (Allocation Failure)
[0.245s][info][gc,heap        ] GC(10) PSYoungGen: 6624K(6656K)->4064K(9216K) Eden: 3584K(3584K)->0K(5120K) From: 3040K(3072K)->4064K(4096K)
[0.245s][info][gc,heap        ] GC(10) ParOldGen: 4663K(6144K)->5543K(6144K)
[0.245s][info][gc,metaspace   ] GC(10) Metaspace: 6296K(6464K)->6296K(6464K) NonClass: 5763K(5824K)->5763K(5824K) Class: 533K(640K)->533K(640K)
[0.245s][info][gc             ] GC(10) Pause Young (Allocation Failure) 11M->9M(15M) 4.321ms
[0.245s][info][gc,cpu         ] GC(10) User=0.00s Sys=0.00s Real=0.00s
[0.245s][info][gc,start       ] GC(11) Pause Full (Ergonomics)
[0.245s][info][gc,phases,start] GC(11) Marking Phase
[0.249s][info][gc,phases      ] GC(11) Marking Phase 4.296ms
[0.249s][info][gc,phases,start] GC(11) Summary Phase
[0.249s][info][gc,phases      ] GC(11) Summary Phase 0.020ms
[0.249s][info][gc,phases,start] GC(11) Adjust Roots
[0.249s][info][gc,phases      ] GC(11) Adjust Roots 0.173ms
[0.249s][info][gc,phases,start] GC(11) Compaction Phase
[0.254s][info][gc,phases      ] GC(11) Compaction Phase 4.446ms
[0.254s][info][gc,phases,start] GC(11) Post Compact
[0.254s][info][gc,phases      ] GC(11) Post Compact 0.062ms
[0.254s][info][gc,heap        ] GC(11) PSYoungGen: 4064K(9216K)->3445K(9216K) Eden: 0K(5120K)->0K(5120K) From: 4064K(4096K)->3445K(4096K)
[0.254s][info][gc,heap        ] GC(11) ParOldGen: 5543K(6144K)->5931K(10240K)
[0.254s][info][gc,metaspace   ] GC(11) Metaspace: 6296K(6464K)->6296K(6464K) NonClass: 5763K(5824K)->5763K(5824K) Class: 533K(640K)->533K(640K)
[0.254s][info][gc             ] GC(11) Pause Full (Ergonomics) 9M->9M(19M) 9.349ms
[0.254s][info][gc,cpu         ] GC(11) User=0.00s Sys=0.00s Real=0.01s
[0.261s][info][gc,start       ] GC(12) Pause Young (Allocation Failure)
[0.265s][info][gc,heap        ] GC(12) PSYoungGen: 8565K(9216K)->4576K(9728K) Eden: 5120K(5120K)->0K(5120K) From: 3445K(4096K)->4576K(4608K)
[0.265s][info][gc,heap        ] GC(12) ParOldGen: 5931K(10240K)->7731K(10240K)
[0.265s][info][gc,metaspace   ] GC(12) Metaspace: 6296K(6464K)->6296K(6464K) NonClass: 5763K(5824K)->5763K(5824K) Class: 533K(640K)->533K(640K)
[0.265s][info][gc             ] GC(12) Pause Young (Allocation Failure) 14M->12M(19M) 4.751ms
[0.265s][info][gc,cpu         ] GC(12) User=0.00s Sys=0.00s Real=0.00s
[0.270s][info][gc,start       ] GC(13) Pause Young (Allocation Failure)
[0.275s][info][gc,heap        ] GC(13) PSYoungGen: 9696K(9728K)->2624K(12288K) Eden: 5120K(5120K)->0K(7168K) From: 4576K(4608K)->2624K(5120K)
[0.275s][info][gc,heap        ] GC(13) ParOldGen: 7731K(10240K)->12371K(12800K)
[0.275s][info][gc,metaspace   ] GC(13) Metaspace: 6298K(6464K)->6298K(6464K) NonClass: 5765K(5824K)->5765K(5824K) Class: 533K(640K)->533K(640K)
[0.275s][info][gc             ] GC(13) Pause Young (Allocation Failure) 17M->14M(24M) 5.949ms
[0.276s][info][gc,cpu         ] GC(13) User=0.00s Sys=0.00s Real=0.01s
[0.276s][info][gc,start       ] GC(14) Pause Full (Ergonomics)
[0.276s][info][gc,phases,start] GC(14) Marking Phase
[0.282s][info][gc,phases      ] GC(14) Marking Phase 6.638ms
[0.282s][info][gc,phases,start] GC(14) Summary Phase
[0.282s][info][gc,phases      ] GC(14) Summary Phase 0.019ms
[0.282s][info][gc,phases,start] GC(14) Adjust Roots
[0.283s][info][gc,phases      ] GC(14) Adjust Roots 0.211ms
[0.283s][info][gc,phases,start] GC(14) Compaction Phase
[0.289s][info][gc,phases      ] GC(14) Compaction Phase 6.542ms
[0.289s][info][gc,phases,start] GC(14) Post Compact
[0.289s][info][gc,phases      ] GC(14) Post Compact 0.064ms
[0.289s][info][gc,heap        ] GC(14) PSYoungGen: 2624K(12288K)->2099K(12800K) Eden: 0K(7168K)->0K(7680K) From: 2624K(5120K)->2099K(5120K)
[0.289s][info][gc,heap        ] GC(14) ParOldGen: 12371K(12800K)->12517K(19968K)
[0.289s][info][gc,metaspace   ] GC(14) Metaspace: 6298K(6464K)->6298K(6464K) NonClass: 5765K(5824K)->5765K(5824K) Class: 533K(640K)->533K(640K)
[0.289s][info][gc             ] GC(14) Pause Full (Ergonomics) 14M->14M(32M) 13.802ms
[0.289s][info][gc,cpu         ] GC(14) User=0.00s Sys=0.00s Real=0.01s
[0.295s][info][gc,start       ] GC(15) Pause Young (Allocation Failure)
[0.300s][info][gc,heap        ] GC(15) PSYoungGen: 9779K(12800K)->4000K(13312K) Eden: 7680K(7680K)->0K(7680K) From: 2099K(5120K)->4000K(5632K)
[0.300s][info][gc,heap        ] GC(15) ParOldGen: 12517K(19968K)->14653K(19968K)
[0.300s][info][gc,metaspace   ] GC(15) Metaspace: 6298K(6464K)->6298K(6464K) NonClass: 5765K(5824K)->5765K(5824K) Class: 533K(640K)->533K(640K)
[0.300s][info][gc             ] GC(15) Pause Young (Allocation Failure) 21M->18M(32M) 5.349ms
[0.300s][info][gc,cpu         ] GC(15) User=0.00s Sys=0.00s Real=0.01s
[0.305s][info][gc,start       ] GC(16) Pause Young (Allocation Failure)
[0.312s][info][gc,heap        ] GC(16) PSYoungGen: 11680K(13312K)->4000K(16384K) Eden: 7680K(7680K)->0K(10240K) From: 4000K(5632K)->4000K(6144K)
[0.312s][info][gc,heap        ] GC(16) ParOldGen: 14653K(19968K)->18669K(19968K)
[0.312s][info][gc,metaspace   ] GC(16) Metaspace: 6298K(6464K)->6298K(6464K) NonClass: 5765K(5824K)->5765K(5824K) Class: 533K(640K)->533K(640K)
[0.312s][info][gc             ] GC(16) Pause Young (Allocation Failure) 25M->22M(35M) 7.124ms
[0.312s][info][gc,cpu         ] GC(16) User=0.00s Sys=0.00s Real=0.01s
[0.312s][info][gc,start       ] GC(17) Pause Full (Ergonomics)
[0.312s][info][gc,phases,start] GC(17) Marking Phase
[0.321s][info][gc,phases      ] GC(17) Marking Phase 9.180ms
[0.321s][info][gc,phases,start] GC(17) Summary Phase
[0.321s][info][gc,phases      ] GC(17) Summary Phase 0.019ms
[0.321s][info][gc,phases,start] GC(17) Adjust Roots
[0.322s][info][gc,phases      ] GC(17) Adjust Roots 0.296ms
[0.322s][info][gc,phases,start] GC(17) Compaction Phase
[0.328s][info][gc,phases      ] GC(17) Compaction Phase 6.344ms
[0.328s][info][gc,phases,start] GC(17) Post Compact
[0.328s][info][gc,phases      ] GC(17) Post Compact 0.137ms
[0.328s][info][gc,heap        ] GC(17) PSYoungGen: 4000K(16384K)->2943K(16384K) Eden: 0K(10240K)->0K(10240K) From: 4000K(6144K)->2943K(6144K)
[0.328s][info][gc,heap        ] GC(17) ParOldGen: 18669K(19968K)->19579K(29184K)
[0.328s][info][gc,metaspace   ] GC(17) Metaspace: 6298K(6464K)->6298K(6464K) NonClass: 5765K(5824K)->5765K(5824K) Class: 533K(640K)->533K(640K)
[0.328s][info][gc             ] GC(17) Pause Full (Ergonomics) 22M->21M(44M) 16.377ms
[0.328s][info][gc,cpu         ] GC(17) User=0.00s Sys=0.00s Real=0.02s
[0.337s][info][gc,start       ] GC(18) Pause Young (Allocation Failure)
[0.344s][info][gc,heap        ] GC(18) PSYoungGen: 13183K(16384K)->5824K(16384K) Eden: 10240K(10240K)->0K(10240K) From: 2943K(6144K)->5824K(6144K)
[0.344s][info][gc,heap        ] GC(18) ParOldGen: 19579K(29184K)->22579K(29184K)
[0.344s][info][gc,metaspace   ] GC(18) Metaspace: 6298K(6464K)->6298K(6464K) NonClass: 5765K(5824K)->5765K(5824K) Class: 533K(640K)->533K(640K)
[0.345s][info][gc             ] GC(18) Pause Young (Allocation Failure) 31M->27M(44M) 7.242ms
[0.345s][info][gc,cpu         ] GC(18) User=0.00s Sys=0.00s Real=0.01s
[0.350s][info][gc,start       ] GC(19) Pause Young (Allocation Failure)
[0.359s][info][gc,heap        ] GC(19) PSYoungGen: 16064K(16384K)->5344K(20480K) Eden: 10240K(10240K)->0K(13312K) From: 5824K(6144K)->5344K(7168K)
[0.359s][info][gc,heap        ] GC(19) ParOldGen: 22579K(29184K)->28451K(29184K)
[0.359s][info][gc,metaspace   ] GC(19) Metaspace: 6298K(6464K)->6298K(6464K) NonClass: 5765K(5824K)->5765K(5824K) Class: 533K(640K)->533K(640K)
[0.359s][info][gc             ] GC(19) Pause Young (Allocation Failure) 37M->33M(48M) 8.748ms
[0.359s][info][gc,cpu         ] GC(19) User=0.00s Sys=0.00s Real=0.01s
[0.359s][info][gc,start       ] GC(20) Pause Full (Ergonomics)
[0.359s][info][gc,phases,start] GC(20) Marking Phase
[0.373s][info][gc,phases      ] GC(20) Marking Phase 13.283ms
[0.373s][info][gc,phases,start] GC(20) Summary Phase
[0.373s][info][gc,phases      ] GC(20) Summary Phase 0.016ms
[0.373s][info][gc,phases,start] GC(20) Adjust Roots
[0.373s][info][gc,phases      ] GC(20) Adjust Roots 0.178ms
[0.373s][info][gc,phases,start] GC(20) Compaction Phase
[0.384s][info][gc,phases      ] GC(20) Compaction Phase 11.074ms
[0.384s][info][gc,phases,start] GC(20) Post Compact
[0.384s][info][gc,phases      ] GC(20) Post Compact 0.116ms
[0.384s][info][gc,heap        ] GC(20) PSYoungGen: 5344K(20480K)->4270K(20480K) Eden: 0K(13312K)->0K(13312K) From: 5344K(7168K)->4270K(7168K)
[0.384s][info][gc,heap        ] GC(20) ParOldGen: 28451K(29184K)->28820K(40960K)
[0.384s][info][gc,metaspace   ] GC(20) Metaspace: 6298K(6464K)->6298K(6464K) NonClass: 5765K(5824K)->5765K(5824K) Class: 533K(640K)->533K(640K)
[0.384s][info][gc             ] GC(20) Pause Full (Ergonomics) 33M->32M(60M) 24.987ms
[0.384s][info][gc,cpu         ] GC(20) User=0.03s Sys=0.00s Real=0.02s
[0.396s][info][gc,start       ] GC(21) Pause Young (Allocation Failure)
[0.409s][info][gc,heap        ] GC(21) PSYoungGen: 17582K(20480K)->7680K(20992K) Eden: 13312K(13312K)->0K(13312K) From: 4270K(7168K)->7680K(7680K)
[0.409s][info][gc,heap        ] GC(21) ParOldGen: 28820K(40960K)->37164K(40960K)
[0.409s][info][gc,metaspace   ] GC(21) Metaspace: 6298K(6464K)->6298K(6464K) NonClass: 5765K(5824K)->5765K(5824K) Class: 533K(640K)->533K(640K)
[0.409s][info][gc             ] GC(21) Pause Young (Allocation Failure) 45M->43M(60M) 13.322ms
[0.409s][info][gc,cpu         ] GC(21) User=0.00s Sys=0.00s Real=0.01s
[0.409s][info][gc,start       ] GC(22) Pause Full (Ergonomics)
[0.409s][info][gc,phases,start] GC(22) Marking Phase
[0.428s][info][gc,phases      ] GC(22) Marking Phase 18.831ms
[0.428s][info][gc,phases,start] GC(22) Summary Phase
[0.428s][info][gc,phases      ] GC(22) Summary Phase 0.015ms
[0.428s][info][gc,phases,start] GC(22) Adjust Roots
[0.428s][info][gc,phases      ] GC(22) Adjust Roots 0.204ms
[0.428s][info][gc,phases,start] GC(22) Compaction Phase
[0.440s][info][gc,phases      ] GC(22) Compaction Phase 12.060ms
[0.440s][info][gc,phases,start] GC(22) Post Compact
[0.441s][info][gc,phases      ] GC(22) Post Compact 0.267ms
[0.441s][info][gc,heap        ] GC(22) PSYoungGen: 7680K(20992K)->4087K(20992K) Eden: 0K(13312K)->0K(13312K) From: 7680K(7680K)->4087K(7680K)
[0.441s][info][gc,heap        ] GC(22) ParOldGen: 37164K(40960K)->40608K(56320K)
[0.441s][info][gc,metaspace   ] GC(22) Metaspace: 6298K(6464K)->6298K(6464K) NonClass: 5765K(5824K)->5765K(5824K) Class: 533K(640K)->533K(640K)
[0.441s][info][gc             ] GC(22) Pause Full (Ergonomics) 43M->43M(75M) 31.936ms
[0.441s][info][gc,cpu         ] GC(22) User=0.03s Sys=0.00s Real=0.03s
[0.457s][info][gc,start       ] GC(23) Pause Young (Allocation Failure)
[0.472s][info][gc,heap        ] GC(23) PSYoungGen: 17399K(20992K)->11744K(24064K) Eden: 13312K(13312K)->0K(12288K) From: 4087K(7680K)->11744K(11776K)
[0.472s][info][gc,heap        ] GC(23) ParOldGen: 40608K(56320K)->46360K(56320K)
[0.472s][info][gc,metaspace   ] GC(23) Metaspace: 6298K(6464K)->6298K(6464K) NonClass: 5765K(5824K)->5765K(5824K) Class: 533K(640K)->533K(640K)
[0.472s][info][gc             ] GC(23) Pause Young (Allocation Failure) 56M->56M(78M) 15.409ms
[0.472s][info][gc,cpu         ] GC(23) User=0.02s Sys=0.00s Real=0.02s
[0.484s][info][gc,start       ] GC(24) Pause Young (Allocation Failure)
[0.500s][info][gc,heap        ] GC(24) PSYoungGen: 24032K(24064K)->12320K(28160K) Eden: 12288K(12288K)->0K(12288K) From: 11744K(11776K)->12320K(15872K)
[0.500s][info][gc,heap        ] GC(24) ParOldGen: 46360K(56320K)->58248K(58368K)
[0.500s][info][gc,metaspace   ] GC(24) Metaspace: 6298K(6464K)->6298K(6464K) NonClass: 5765K(5824K)->5765K(5824K) Class: 533K(640K)->533K(640K)
[0.500s][info][gc             ] GC(24) Pause Young (Allocation Failure) 68M->68M(84M) 15.550ms
[0.500s][info][gc,cpu         ] GC(24) User=0.02s Sys=0.00s Real=0.02s
[0.500s][info][gc,start       ] GC(25) Pause Full (Ergonomics)
[0.500s][info][gc,phases,start] GC(25) Marking Phase
[0.526s][info][gc,phases      ] GC(25) Marking Phase 26.317ms
[0.526s][info][gc,phases,start] GC(25) Summary Phase
[0.526s][info][gc,phases      ] GC(25) Summary Phase 0.020ms
[0.526s][info][gc,phases,start] GC(25) Adjust Roots
[0.526s][info][gc,phases      ] GC(25) Adjust Roots 0.164ms
[0.526s][info][gc,phases,start] GC(25) Compaction Phase
[0.548s][info][gc,phases      ] GC(25) Compaction Phase 21.887ms
[0.548s][info][gc,phases,start] GC(25) Post Compact
[0.549s][info][gc,phases      ] GC(25) Post Compact 0.258ms
[0.549s][info][gc,heap        ] GC(25) PSYoungGen: 12320K(28160K)->11230K(28160K) Eden: 0K(12288K)->0K(12288K) From: 12320K(15872K)->11230K(15872K)
[0.549s][info][gc,heap        ] GC(25) ParOldGen: 58248K(58368K)->57982K(78336K)
[0.549s][info][gc,metaspace   ] GC(25) Metaspace: 6298K(6464K)->6298K(6464K) NonClass: 5765K(5824K)->5765K(5824K) Class: 533K(640K)->533K(640K)
[0.549s][info][gc             ] GC(25) Pause Full (Ergonomics) 68M->67M(104M) 49.014ms
[0.549s][info][gc,cpu         ] GC(25) User=0.03s Sys=0.00s Real=0.05s
[0.561s][info][gc,start       ] GC(26) Pause Young (Allocation Failure)
[0.581s][info][gc,heap        ] GC(26) PSYoungGen: 23518K(28160K)->12320K(31232K) Eden: 12288K(12288K)->0K(13824K) From: 11230K(15872K)->12320K(17408K)
[0.581s][info][gc,heap        ] GC(26) ParOldGen: 57982K(78336K)->69398K(78336K)
[0.582s][info][gc,metaspace   ] GC(26) Metaspace: 6298K(6464K)->6298K(6464K) NonClass: 5765K(5824K)->5765K(5824K) Class: 533K(640K)->533K(640K)
[0.582s][info][gc             ] GC(26) Pause Young (Allocation Failure) 79M->79M(107M) 20.450ms
[0.582s][info][gc,cpu         ] GC(26) User=0.03s Sys=0.00s Real=0.02s
[0.582s][info][gc,start       ] GC(27) Pause Full (Ergonomics)
[0.582s][info][gc,phases,start] GC(27) Marking Phase
[0.613s][info][gc,phases      ] GC(27) Marking Phase 30.935ms
[0.613s][info][gc,phases,start] GC(27) Summary Phase
[0.613s][info][gc,phases      ] GC(27) Summary Phase 0.020ms
[0.613s][info][gc,phases,start] GC(27) Adjust Roots
[0.613s][info][gc,phases      ] GC(27) Adjust Roots 0.158ms
[0.613s][info][gc,phases,start] GC(27) Compaction Phase
[0.632s][info][gc,phases      ] GC(27) Compaction Phase 19.175ms
[0.632s][info][gc,phases,start] GC(27) Post Compact
[0.632s][info][gc,phases      ] GC(27) Post Compact 0.374ms
[0.633s][info][gc,heap        ] GC(27) PSYoungGen: 12320K(31232K)->3571K(31232K) Eden: 0K(13824K)->0K(13824K) From: 12320K(17408K)->3571K(17408K)
[0.633s][info][gc,heap        ] GC(27) ParOldGen: 69398K(78336K)->77899K(101888K)
[0.633s][info][gc,metaspace   ] GC(27) Metaspace: 6298K(6464K)->6298K(6464K) NonClass: 5765K(5824K)->5765K(5824K) Class: 533K(640K)->533K(640K)
[0.633s][info][gc             ] GC(27) Pause Full (Ergonomics) 79M->79M(130M) 51.087ms
[0.633s][info][gc,cpu         ] GC(27) User=0.08s Sys=0.00s Real=0.05s
[0.654s][info][gc,start       ] GC(28) Pause Young (Allocation Failure)
[0.668s][info][gc,heap        ] GC(28) PSYoungGen: 17395K(31232K)->17440K(32256K) Eden: 13824K(13824K)->0K(13824K) From: 3571K(17408K)->17440K(18432K)
[0.668s][info][gc,heap        ] GC(28) ParOldGen: 77899K(101888K)->77899K(101888K)
[0.668s][info][gc,metaspace   ] GC(28) Metaspace: 6298K(6464K)->6298K(6464K) NonClass: 5765K(5824K)->5765K(5824K) Class: 533K(640K)->533K(640K)
[0.668s][info][gc             ] GC(28) Pause Young (Allocation Failure) 93M->93M(131M) 13.959ms
[0.668s][info][gc,cpu         ] GC(28) User=0.00s Sys=0.00s Real=0.01s
[0.681s][info][gc,start       ] GC(29) Pause Young (Allocation Failure)
[0.698s][info][gc,heap        ] GC(29) PSYoungGen: 31264K(32256K)->21472K(29184K) Eden: 13824K(13824K)->0K(7680K) From: 17440K(18432K)->21472K(21504K)
[0.698s][info][gc,heap        ] GC(29) ParOldGen: 77899K(101888K)->91947K(101888K)
[0.698s][info][gc,metaspace   ] GC(29) Metaspace: 6298K(6464K)->6298K(6464K) NonClass: 5765K(5824K)->5765K(5824K) Class: 533K(640K)->533K(640K)
[0.698s][info][gc             ] GC(29) Pause Young (Allocation Failure) 106M->110M(128M) 16.598ms
[0.698s][info][gc,cpu         ] GC(29) User=0.05s Sys=0.00s Real=0.02s
[0.698s][info][gc,start       ] GC(30) Pause Full (Ergonomics)
[0.698s][info][gc,phases,start] GC(30) Marking Phase
[0.727s][info][gc,phases      ] GC(30) Marking Phase 29.546ms
[0.727s][info][gc,phases,start] GC(30) Summary Phase
[0.727s][info][gc,phases      ] GC(30) Summary Phase 0.020ms
[0.727s][info][gc,phases,start] GC(30) Adjust Roots
[0.728s][info][gc,phases      ] GC(30) Adjust Roots 0.158ms
[0.728s][info][gc,phases,start] GC(30) Compaction Phase
[0.752s][info][gc,phases      ] GC(30) Compaction Phase 24.248ms
[0.752s][info][gc,phases,start] GC(30) Post Compact
[0.752s][info][gc,phases      ] GC(30) Post Compact 0.566ms
[0.753s][info][gc,heap        ] GC(30) PSYoungGen: 21472K(29184K)->5589K(29184K) Eden: 0K(7680K)->0K(7680K) From: 21472K(21504K)->5589K(21504K)
[0.753s][info][gc,heap        ] GC(30) ParOldGen: 91947K(101888K)->101429K(130048K)
[0.753s][info][gc,metaspace   ] GC(30) Metaspace: 6298K(6464K)->6298K(6464K) NonClass: 5765K(5824K)->5765K(5824K) Class: 533K(640K)->533K(640K)
[0.753s][info][gc             ] GC(30) Pause Full (Ergonomics) 110M->104M(155M) 55.017ms
[0.753s][info][gc,cpu         ] GC(30) User=0.06s Sys=0.00s Real=0.05s
[0.760s][info][gc,start       ] GC(31) Pause Young (Allocation Failure)
[0.774s][info][gc,heap        ] GC(31) PSYoungGen: 13269K(29184K)->10528K(18432K) Eden: 7680K(7680K)->0K(7680K) From: 5589K(21504K)->10528K(10752K)
[0.774s][info][gc,heap        ] GC(31) ParOldGen: 101429K(130048K)->104277K(130048K)
[0.774s][info][gc,metaspace   ] GC(31) Metaspace: 6298K(6464K)->6298K(6464K) NonClass: 5765K(5824K)->5765K(5824K) Class: 533K(640K)->533K(640K)
[0.774s][info][gc             ] GC(31) Pause Young (Allocation Failure) 112M->112M(145M) 13.430ms
[0.774s][info][gc,cpu         ] GC(31) User=0.00s Sys=0.00s Real=0.01s
[0.781s][info][gc,start       ] GC(32) Pause Young (Allocation Failure)
[0.791s][info][gc,heap        ] GC(32) PSYoungGen: 18208K(18432K)->18144K(36352K) Eden: 7680K(7680K)->0K(8192K) From: 10528K(10752K)->18144K(28160K)
[0.791s][info][gc,heap        ] GC(32) ParOldGen: 104277K(130048K)->104277K(130048K)
[0.791s][info][gc,metaspace   ] GC(32) Metaspace: 6298K(6464K)->6298K(6464K) NonClass: 5765K(5824K)->5765K(5824K) Class: 533K(640K)->533K(640K)
[0.791s][info][gc             ] GC(32) Pause Young (Allocation Failure) 119M->119M(162M) 10.017ms
[0.791s][info][gc,cpu         ] GC(32) User=0.02s Sys=0.00s Real=0.01s
[0.799s][info][gc,start       ] GC(33) Pause Young (Allocation Failure)
[0.811s][info][gc,heap        ] GC(33) PSYoungGen: 26336K(36352K)->26336K(37376K) Eden: 8192K(8192K)->0K(8192K) From: 18144K(28160K)->26336K(29184K)
[0.811s][info][gc,heap        ] GC(33) ParOldGen: 104277K(130048K)->104277K(130048K)
[0.811s][info][gc,metaspace   ] GC(33) Metaspace: 6298K(6464K)->6298K(6464K) NonClass: 5765K(5824K)->5765K(5824K) Class: 533K(640K)->533K(640K)
[0.811s][info][gc             ] GC(33) Pause Young (Allocation Failure) 127M->127M(163M) 12.205ms
[0.811s][info][gc,cpu         ] GC(33) User=0.00s Sys=0.00s Real=0.01s
[0.819s][info][gc,start       ] GC(34) Pause Young (Allocation Failure)
[0.836s][info][gc,heap        ] GC(34) PSYoungGen: 34528K(37376K)->31712K(38912K) Eden: 8192K(8192K)->0K(5632K) From: 26336K(29184K)->31712K(33280K)
[0.836s][info][gc,heap        ] GC(34) ParOldGen: 104277K(130048K)->107141K(130048K)
[0.836s][info][gc,metaspace   ] GC(34) Metaspace: 6298K(6464K)->6298K(6464K) NonClass: 5765K(5824K)->5765K(5824K) Class: 533K(640K)->533K(640K)
[0.836s][info][gc             ] GC(34) Pause Young (Allocation Failure) 135M->135M(165M) 17.207ms
[0.836s][info][gc,cpu         ] GC(34) User=0.03s Sys=0.02s Real=0.02s
[0.842s][info][gc,start       ] GC(35) Pause Young (Allocation Failure)
[0.858s][info][gc,heap        ] GC(35) PSYoungGen: 37344K(38912K)->29664K(43520K) Eden: 5632K(5632K)->0K(5632K) From: 31712K(33280K)->29664K(37888K)
[0.858s][info][gc,heap        ] GC(35) ParOldGen: 107141K(130048K)->114917K(130048K)
[0.858s][info][gc,metaspace   ] GC(35) Metaspace: 6298K(6464K)->6298K(6464K) NonClass: 5765K(5824K)->5765K(5824K) Class: 533K(640K)->533K(640K)
[0.859s][info][gc             ] GC(35) Pause Young (Allocation Failure) 141M->141M(169M) 17.003ms
[0.859s][info][gc,cpu         ] GC(35) User=0.05s Sys=0.00s Real=0.02s
[0.864s][info][gc,start       ] GC(36) Pause Young (Allocation Failure)
[0.880s][info][gc,heap        ] GC(36) PSYoungGen: 35296K(43520K)->19456K(46080K) Eden: 5632K(5632K)->0K(7168K) From: 29664K(37888K)->19456K(38912K)
[0.880s][info][gc,heap        ] GC(36) ParOldGen: 114917K(130048K)->130981K(131072K)
[0.880s][info][gc,metaspace   ] GC(36) Metaspace: 6298K(6464K)->6298K(6464K) NonClass: 5765K(5824K)->5765K(5824K) Class: 533K(640K)->533K(640K)
[0.880s][info][gc             ] GC(36) Pause Young (Allocation Failure) 146M->146M(173M) 15.964ms
[0.880s][info][gc,cpu         ] GC(36) User=0.00s Sys=0.00s Real=0.02s
[0.880s][info][gc,start       ] GC(37) Pause Full (Ergonomics)
[0.880s][info][gc,phases,start] GC(37) Marking Phase
[0.912s][info][gc,phases      ] GC(37) Marking Phase 32.196ms
[0.912s][info][gc,phases,start] GC(37) Summary Phase
[0.912s][info][gc,phases      ] GC(37) Summary Phase 0.016ms
[0.912s][info][gc,phases,start] GC(37) Adjust Roots
[0.912s][info][gc,phases      ] GC(37) Adjust Roots 0.151ms
[0.912s][info][gc,phases,start] GC(37) Compaction Phase
[0.937s][info][gc,phases      ] GC(37) Compaction Phase 24.404ms
[0.937s][info][gc,phases,start] GC(37) Post Compact
[0.937s][info][gc,phases      ] GC(37) Post Compact 0.685ms
[0.938s][info][gc,heap        ] GC(37) PSYoungGen: 19456K(46080K)->18852K(47104K) Eden: 0K(7168K)->0K(8192K) From: 19456K(38912K)->18852K(38912K)
[0.938s][info][gc,heap        ] GC(37) ParOldGen: 130981K(131072K)->130981K(162816K)
[0.938s][info][gc,metaspace   ] GC(37) Metaspace: 6298K(6464K)->6298K(6464K) NonClass: 5765K(5824K)->5765K(5824K) Class: 533K(640K)->533K(640K)
[0.938s][info][gc             ] GC(37) Pause Full (Ergonomics) 146M->146M(205M) 57.871ms
[0.938s][info][gc,cpu         ] GC(37) User=0.09s Sys=0.00s Real=0.06s
[0.946s][info][gc,start       ] GC(38) Pause Young (Allocation Failure)
[0.966s][info][gc,heap        ] GC(38) PSYoungGen: 27044K(47104K)->13792K(22016K) Eden: 8192K(8192K)->0K(8192K) From: 18852K(38912K)->13792K(13824K)
[0.966s][info][gc,heap        ] GC(38) ParOldGen: 130981K(162816K)->144509K(162816K)
[0.966s][info][gc,metaspace   ] GC(38) Metaspace: 6298K(6464K)->6298K(6464K) NonClass: 5765K(5824K)->5765K(5824K) Class: 533K(640K)->533K(640K)
[0.966s][info][gc             ] GC(38) Pause Young (Allocation Failure) 154M->154M(180M) 20.504ms
[0.966s][info][gc,cpu         ] GC(38) User=0.06s Sys=0.00s Real=0.02s
[0.966s][info][gc,start       ] GC(39) Pause Full (Ergonomics)
[0.966s][info][gc,phases,start] GC(39) Marking Phase
[1.005s][info][gc,phases      ] GC(39) Marking Phase 38.546ms
[1.005s][info][gc,phases,start] GC(39) Summary Phase
[1.005s][info][gc,phases      ] GC(39) Summary Phase 0.025ms
[1.005s][info][gc,phases,start] GC(39) Adjust Roots
[1.005s][info][gc,phases      ] GC(39) Adjust Roots 0.140ms
[1.005s][info][gc,phases,start] GC(39) Compaction Phase
[1.025s][info][gc,phases      ] GC(39) Compaction Phase 19.970ms
[1.025s][info][gc,phases,start] GC(39) Post Compact
[1.026s][info][gc,phases      ] GC(39) Post Compact 0.583ms
[1.026s][info][gc,heap        ] GC(39) PSYoungGen: 13792K(22016K)->0K(47616K) Eden: 0K(8192K)->0K(9728K) From: 13792K(13824K)->0K(37888K)
[1.026s][info][gc,heap        ] GC(39) ParOldGen: 144509K(162816K)->157997K(193536K)
[1.026s][info][gc,metaspace   ] GC(39) Metaspace: 6298K(6464K)->6298K(6464K) NonClass: 5765K(5824K)->5765K(5824K) Class: 533K(640K)->533K(640K)
[1.026s][info][gc             ] GC(39) Pause Full (Ergonomics) 154M->154M(235M) 59.726ms
[1.026s][info][gc,cpu         ] GC(39) User=0.19s Sys=0.00s Real=0.06s
[1.036s][info][gc,start       ] GC(40) Pause Young (Allocation Failure)
[1.042s][info][gc,heap        ] GC(40) PSYoungGen: 9728K(47616K)->9824K(47616K) Eden: 9728K(9728K)->0K(9728K) From: 0K(37888K)->9824K(37888K)
[1.042s][info][gc,heap        ] GC(40) ParOldGen: 157997K(193536K)->157997K(193536K)
[1.042s][info][gc,metaspace   ] GC(40) Metaspace: 6298K(6464K)->6298K(6464K) NonClass: 5765K(5824K)->5765K(5824K) Class: 533K(640K)->533K(640K)
[1.042s][info][gc             ] GC(40) Pause Young (Allocation Failure) 163M->163M(235M) 5.899ms
[1.042s][info][gc,cpu         ] GC(40) User=0.00s Sys=0.00s Real=0.01s
[1.076s][info][gc,start       ] GC(41) Pause Young (Allocation Failure)
[1.089s][info][gc,heap        ] GC(41) PSYoungGen: 19552K(47616K)->19488K(47104K) Eden: 9728K(9728K)->0K(11264K) From: 9824K(37888K)->19488K(35840K)
[1.089s][info][gc,heap        ] GC(41) ParOldGen: 166189K(193536K)->166189K(193536K)
[1.089s][info][gc,metaspace   ] GC(41) Metaspace: 6298K(6464K)->6298K(6464K) NonClass: 5765K(5824K)->5765K(5824K) Class: 533K(640K)->533K(640K)
[1.089s][info][gc             ] GC(41) Pause Young (Allocation Failure) 181M->181M(235M) 13.095ms
[1.089s][info][gc,cpu         ] GC(41) User=0.00s Sys=0.00s Real=0.01s
[1.100s][info][gc,start       ] GC(42) Pause Young (Allocation Failure)
[1.114s][info][gc,heap        ] GC(42) PSYoungGen: 30752K(47104K)->30784K(47616K) Eden: 11264K(11264K)->0K(11264K) From: 19488K(35840K)->30784K(36352K)
[1.114s][info][gc,heap        ] GC(42) ParOldGen: 166189K(193536K)->166189K(193536K)
[1.114s][info][gc,metaspace   ] GC(42) Metaspace: 6298K(6464K)->6298K(6464K) NonClass: 5765K(5824K)->5765K(5824K) Class: 533K(640K)->533K(640K)
[1.114s][info][gc             ] GC(42) Pause Young (Allocation Failure) 192M->192M(235M) 14.286ms
[1.114s][info][gc,cpu         ] GC(42) User=0.00s Sys=0.00s Real=0.02s
[1.126s][info][gc,start       ] GC(43) Pause Young (Allocation Failure)
[1.146s][info][gc,heap        ] GC(43) PSYoungGen: 42048K(47616K)->39936K(46592K) Eden: 11264K(11264K)->0K(6656K) From: 30784K(36352K)->39936K(39936K)
[1.146s][info][gc,heap        ] GC(43) ParOldGen: 166189K(193536K)->168245K(193536K)
[1.146s][info][gc,metaspace   ] GC(43) Metaspace: 6298K(6464K)->6298K(6464K) NonClass: 5765K(5824K)->5765K(5824K) Class: 533K(640K)->533K(640K)
[1.146s][info][gc             ] GC(43) Pause Young (Allocation Failure) 203M->203M(234M) 20.583ms
[1.146s][info][gc,cpu         ] GC(43) User=0.03s Sys=0.02s Real=0.02s
[1.153s][info][gc,start       ] GC(44) Pause Young (Allocation Failure)
[1.174s][info][gc,heap        ] GC(44) PSYoungGen: 46592K(46592K)->28224K(53248K) Eden: 6656K(6656K)->0K(6656K) From: 39936K(39936K)->28224K(46592K)
[1.175s][info][gc,heap        ] GC(44) ParOldGen: 168245K(193536K)->186893K(193536K)
[1.175s][info][gc,metaspace   ] GC(44) Metaspace: 6298K(6464K)->6298K(6464K) NonClass: 5765K(5824K)->5765K(5824K) Class: 533K(640K)->533K(640K)
[1.175s][info][gc             ] GC(44) Pause Young (Allocation Failure) 209M->210M(241M) 21.635ms
[1.175s][info][gc,cpu         ] GC(44) User=0.06s Sys=0.00s Real=0.02s
[1.175s][info][gc,start       ] GC(45) Pause Full (Ergonomics)
[1.175s][info][gc,phases,start] GC(45) Marking Phase
[1.228s][info][gc,phases      ] GC(45) Marking Phase 53.487ms
[1.228s][info][gc,phases,start] GC(45) Summary Phase
[1.228s][info][gc,phases      ] GC(45) Summary Phase 0.018ms
[1.228s][info][gc,phases,start] GC(45) Adjust Roots
[1.228s][info][gc,phases      ] GC(45) Adjust Roots 0.140ms
[1.228s][info][gc,phases,start] GC(45) Compaction Phase
[1.267s][info][gc,phases      ] GC(45) Compaction Phase 38.541ms
[1.267s][info][gc,phases,start] GC(45) Post Compact
[1.268s][info][gc,phases      ] GC(45) Post Compact 0.951ms
[1.268s][info][gc,heap        ] GC(45) PSYoungGen: 28224K(53248K)->17378K(53248K) Eden: 0K(6656K)->0K(6656K) From: 28224K(46592K)->17378K(46592K)
[1.268s][info][gc,heap        ] GC(45) ParOldGen: 186893K(193536K)->193199K(232448K)
[1.268s][info][gc,metaspace   ] GC(45) Metaspace: 6298K(6464K)->6298K(6464K) NonClass: 5765K(5824K)->5765K(5824K) Class: 533K(640K)->533K(640K)
[1.268s][info][gc             ] GC(45) Pause Full (Ergonomics) 210M->205M(279M) 93.612ms
[1.268s][info][gc,cpu         ] GC(45) User=0.28s Sys=0.00s Real=0.09s
[1.277s][info][gc,start       ] GC(46) Pause Young (Allocation Failure)
[1.297s][info][gc,heap        ] GC(46) PSYoungGen: 24034K(53248K)->10656K(52224K) Eden: 6656K(6656K)->0K(7680K) From: 17378K(46592K)->10656K(44544K)
[1.297s][info][gc,heap        ] GC(46) ParOldGen: 193199K(232448K)->206871K(232448K)
[1.297s][info][gc,metaspace   ] GC(46) Metaspace: 6298K(6464K)->6298K(6464K) NonClass: 5765K(5824K)->5765K(5824K) Class: 533K(640K)->533K(640K)
[1.297s][info][gc             ] GC(46) Pause Young (Allocation Failure) 212M->212M(278M) 19.980ms
[1.297s][info][gc,cpu         ] GC(46) User=0.06s Sys=0.03s Real=0.02s
[1.305s][info][gc,start       ] GC(47) Pause Young (Allocation Failure)
[1.315s][info][gc,heap        ] GC(47) PSYoungGen: 18336K(52224K)->14432K(53760K) Eden: 7680K(7680K)->0K(7680K) From: 10656K(44544K)->14432K(46080K)
[1.315s][info][gc,heap        ] GC(47) ParOldGen: 206871K(232448K)->210871K(232448K)
[1.315s][info][gc,metaspace   ] GC(47) Metaspace: 6298K(6464K)->6298K(6464K) NonClass: 5765K(5824K)->5765K(5824K) Class: 533K(640K)->533K(640K)
[1.315s][info][gc             ] GC(47) Pause Young (Allocation Failure) 219M->220M(279M) 9.634ms
[1.315s][info][gc,cpu         ] GC(47) User=0.00s Sys=0.00s Real=0.01s
[1.324s][info][gc,start       ] GC(48) Pause Young (Allocation Failure)
[1.335s][info][gc,heap        ] GC(48) PSYoungGen: 22112K(53760K)->15424K(49664K) Eden: 7680K(7680K)->0K(9216K) From: 14432K(46080K)->15424K(40448K)
[1.335s][info][gc,heap        ] GC(48) ParOldGen: 210871K(232448K)->217623K(232448K)
[1.335s][info][gc,metaspace   ] GC(48) Metaspace: 6298K(6464K)->6298K(6464K) NonClass: 5765K(5824K)->5765K(5824K) Class: 533K(640K)->533K(640K)
[1.335s][info][gc             ] GC(48) Pause Young (Allocation Failure) 227M->227M(275M) 10.983ms
[1.335s][info][gc,cpu         ] GC(48) User=0.02s Sys=0.00s Real=0.01s
[1.335s][info][gc,start       ] GC(49) Pause Full (Ergonomics)
[1.335s][info][gc,phases,start] GC(49) Marking Phase
[1.391s][info][gc,phases      ] GC(49) Marking Phase 56.067ms
[1.391s][info][gc,phases,start] GC(49) Summary Phase
[1.391s][info][gc,phases      ] GC(49) Summary Phase 0.018ms
[1.391s][info][gc,phases,start] GC(49) Adjust Roots
[1.391s][info][gc,phases      ] GC(49) Adjust Roots 0.159ms
[1.391s][info][gc,phases,start] GC(49) Compaction Phase
[1.415s][info][gc,phases      ] GC(49) Compaction Phase 23.394ms
[1.415s][info][gc,phases,start] GC(49) Post Compact
[1.416s][info][gc,phases      ] GC(49) Post Compact 1.058ms
[1.416s][info][gc,heap        ] GC(49) PSYoungGen: 15424K(49664K)->485K(51200K) Eden: 0K(9216K)->0K(10752K) From: 15424K(40448K)->485K(40448K)
[1.416s][info][gc,heap        ] GC(49) ParOldGen: 217623K(232448K)->232021K(272384K)
[1.416s][info][gc,metaspace   ] GC(49) Metaspace: 6298K(6464K)->6298K(6464K) NonClass: 5765K(5824K)->5765K(5824K) Class: 533K(640K)->533K(640K)
[1.416s][info][gc             ] GC(49) Pause Full (Ergonomics) 227M->227M(316M) 81.162ms
[1.416s][info][gc,cpu         ] GC(49) User=0.36s Sys=0.00s Real=0.08s
[1.428s][info][gc,start       ] GC(50) Pause Young (Allocation Failure)
[1.444s][info][gc,heap        ] GC(50) PSYoungGen: 11237K(51200K)->11200K(53248K) Eden: 10752K(10752K)->0K(10752K) From: 485K(40448K)->11200K(42496K)
[1.444s][info][gc,heap        ] GC(50) ParOldGen: 232021K(272384K)->232213K(272384K)
[1.444s][info][gc,metaspace   ] GC(50) Metaspace: 6298K(6464K)->6298K(6464K) NonClass: 5765K(5824K)->5765K(5824K) Class: 533K(640K)->533K(640K)
[1.444s][info][gc             ] GC(50) Pause Young (Allocation Failure) 237M->237M(318M) 15.780ms
[1.444s][info][gc,cpu         ] GC(50) User=0.02s Sys=0.00s Real=0.02s
[1.455s][info][gc,start       ] GC(51) Pause Young (Allocation Failure)
[1.466s][info][gc,heap        ] GC(51) PSYoungGen: 21952K(53248K)->21920K(51712K) Eden: 10752K(10752K)->0K(12288K) From: 11200K(42496K)->21920K(39424K)
[1.466s][info][gc,heap        ] GC(51) ParOldGen: 232213K(272384K)->232213K(272384K)
[1.466s][info][gc,metaspace   ] GC(51) Metaspace: 6298K(6464K)->6298K(6464K) NonClass: 5765K(5824K)->5765K(5824K) Class: 533K(640K)->533K(640K)
[1.466s][info][gc             ] GC(51) Pause Young (Allocation Failure) 248M->248M(316M) 11.191ms
[1.466s][info][gc,cpu         ] GC(51) User=0.02s Sys=0.00s Real=0.01s
[1.480s][info][gc,start       ] GC(52) Pause Young (Allocation Failure)
[1.496s][info][gc,heap        ] GC(52) PSYoungGen: 34208K(51712K)->34208K(52736K) Eden: 12288K(12288K)->0K(12288K) From: 21920K(39424K)->34208K(40448K)
[1.496s][info][gc,heap        ] GC(52) ParOldGen: 232213K(272384K)->232213K(272384K)
[1.496s][info][gc,metaspace   ] GC(52) Metaspace: 6298K(6464K)->6298K(6464K) NonClass: 5765K(5824K)->5765K(5824K) Class: 533K(640K)->533K(640K)
[1.496s][info][gc             ] GC(52) Pause Young (Allocation Failure) 260M->260M(317M) 16.005ms
[1.496s][info][gc,cpu         ] GC(52) User=0.02s Sys=0.00s Real=0.02s
[1.510s][info][gc,start       ] GC(53) Pause Young (Allocation Failure)
[1.534s][info][gc,heap        ] GC(53) PSYoungGen: 46496K(52736K)->44032K(50176K) Eden: 12288K(12288K)->0K(6144K) From: 34208K(40448K)->44032K(44032K)
[1.534s][info][gc,heap        ] GC(53) ParOldGen: 232213K(272384K)->234621K(272384K)
[1.534s][info][gc,metaspace   ] GC(53) Metaspace: 6298K(6464K)->6298K(6464K) NonClass: 5765K(5824K)->5765K(5824K) Class: 533K(640K)->533K(640K)
[1.534s][info][gc             ] GC(53) Pause Young (Allocation Failure) 272M->272M(315M) 23.413ms
[1.534s][info][gc,cpu         ] GC(53) User=0.11s Sys=0.00s Real=0.02s
[1.541s][info][gc,start       ] GC(54) Pause Young (Allocation Failure)
[1.565s][info][gc,heap        ] GC(54) PSYoungGen: 50176K(50176K)->29696K(57856K) Eden: 6144K(6144K)->0K(6144K) From: 44032K(44032K)->29696K(51712K)
[1.565s][info][gc,heap        ] GC(54) ParOldGen: 234621K(272384K)->255461K(272384K)
[1.565s][info][gc,metaspace   ] GC(54) Metaspace: 6298K(6464K)->6298K(6464K) NonClass: 5765K(5824K)->5765K(5824K) Class: 533K(640K)->533K(640K)
[1.565s][info][gc             ] GC(54) Pause Young (Allocation Failure) 278M->278M(322M) 24.201ms
[1.565s][info][gc,cpu         ] GC(54) User=0.09s Sys=0.00s Real=0.03s
[1.565s][info][gc,start       ] GC(55) Pause Full (Ergonomics)
[1.565s][info][gc,phases,start] GC(55) Marking Phase
[1.637s][info][gc,phases      ] GC(55) Marking Phase 71.510ms
[1.637s][info][gc,phases,start] GC(55) Summary Phase
[1.637s][info][gc,phases      ] GC(55) Summary Phase 0.023ms
[1.637s][info][gc,phases,start] GC(55) Adjust Roots
[1.637s][info][gc,phases      ] GC(55) Adjust Roots 0.164ms
[1.637s][info][gc,phases,start] GC(55) Compaction Phase
[1.667s][info][gc,phases      ] GC(55) Compaction Phase 29.799ms
[1.667s][info][gc,phases,start] GC(55) Post Compact
[1.668s][info][gc,phases      ] GC(55) Post Compact 1.453ms
[1.668s][info][gc,heap        ] GC(55) PSYoungGen: 29696K(57856K)->12678K(57856K) Eden: 0K(6144K)->0K(6144K) From: 29696K(51712K)->12678K(51712K)
[1.668s][info][gc,heap        ] GC(55) ParOldGen: 255461K(272384K)->271894K(316928K)
[1.669s][info][gc,metaspace   ] GC(55) Metaspace: 6298K(6464K)->6298K(6464K) NonClass: 5765K(5824K)->5765K(5824K) Class: 533K(640K)->533K(640K)
[1.669s][info][gc             ] GC(55) Pause Full (Ergonomics) 278M->277M(366M) 103.475ms
[1.669s][info][gc,cpu         ] GC(55) User=0.47s Sys=0.00s Real=0.10s
[1.676s][info][gc,start       ] GC(56) Pause Young (Allocation Failure)
[1.698s][info][gc,heap        ] GC(56) PSYoungGen: 18822K(57856K)->9312K(58368K) Eden: 6144K(6144K)->0K(7168K) From: 12678K(51712K)->9312K(51200K)
[1.698s][info][gc,heap        ] GC(56) ParOldGen: 271894K(316928K)->281734K(316928K)
[1.698s][info][gc,metaspace   ] GC(56) Metaspace: 6298K(6464K)->6298K(6464K) NonClass: 5765K(5824K)->5765K(5824K) Class: 533K(640K)->533K(640K)
[1.698s][info][gc             ] GC(56) Pause Young (Allocation Failure) 283M->284M(366M) 21.606ms
[1.698s][info][gc,cpu         ] GC(56) User=0.25s Sys=0.00s Real=0.02s
[1.706s][info][gc,start       ] GC(57) Pause Young (Allocation Failure)
[1.715s][info][gc,heap        ] GC(57) PSYoungGen: 16480K(58368K)->13440K(58368K) Eden: 7168K(7168K)->0K(7168K) From: 9312K(51200K)->13440K(51200K)
[1.715s][info][gc,heap        ] GC(57) ParOldGen: 281734K(316928K)->284814K(316928K)
[1.715s][info][gc,metaspace   ] GC(57) Metaspace: 6298K(6464K)->6298K(6464K) NonClass: 5765K(5824K)->5765K(5824K) Class: 533K(640K)->533K(640K)
[1.715s][info][gc             ] GC(57) Pause Young (Allocation Failure) 291M->291M(366M) 9.148ms
[1.715s][info][gc,cpu         ] GC(57) User=0.02s Sys=0.00s Real=0.01s
[1.724s][info][gc,start       ] GC(58) Pause Young (Allocation Failure)
[1.735s][info][gc,heap        ] GC(58) PSYoungGen: 20608K(58368K)->14432K(55296K) Eden: 7168K(7168K)->0K(8704K) From: 13440K(51200K)->14432K(46592K)
[1.735s][info][gc,heap        ] GC(58) ParOldGen: 284814K(316928K)->291046K(316928K)
[1.735s][info][gc,metaspace   ] GC(58) Metaspace: 6298K(6464K)->6298K(6464K) NonClass: 5765K(5824K)->5765K(5824K) Class: 533K(640K)->533K(640K)
[1.735s][info][gc             ] GC(58) Pause Young (Allocation Failure) 298M->298M(363M) 11.215ms
[1.735s][info][gc,cpu         ] GC(58) User=0.00s Sys=0.00s Real=0.01s
[1.745s][info][gc,start       ] GC(59) Pause Young (Allocation Failure)
[1.757s][info][gc,heap        ] GC(59) PSYoungGen: 23136K(55296K)->15968K(25088K) Eden: 8704K(8704K)->0K(8704K) From: 14432K(46592K)->15968K(16384K)
[1.758s][info][gc,heap        ] GC(59) ParOldGen: 291046K(316928K)->298318K(316928K)
[1.758s][info][gc,metaspace   ] GC(59) Metaspace: 6298K(6464K)->6298K(6464K) NonClass: 5765K(5824K)->5765K(5824K) Class: 533K(640K)->533K(640K)
[1.758s][info][gc             ] GC(59) Pause Young (Allocation Failure) 306M->306M(334M) 12.445ms
[1.758s][info][gc,cpu         ] GC(59) User=0.00s Sys=0.00s Real=0.01s
[1.768s][info][gc,start       ] GC(60) Pause Young (Allocation Failure)
[1.781s][info][gc,heap        ] GC(60) PSYoungGen: 24672K(25088K)->17504K(52224K) Eden: 8704K(8704K)->0K(10240K) From: 15968K(16384K)->17504K(41984K)
[1.781s][info][gc,heap        ] GC(60) ParOldGen: 298318K(316928K)->305582K(316928K)
[1.781s][info][gc,metaspace   ] GC(60) Metaspace: 6298K(6464K)->6298K(6464K) NonClass: 5765K(5824K)->5765K(5824K) Class: 533K(640K)->533K(640K)
[1.782s][info][gc             ] GC(60) Pause Young (Allocation Failure) 315M->315M(360M) 13.774ms
[1.782s][info][gc,cpu         ] GC(60) User=0.02s Sys=0.00s Real=0.01s
[1.782s][info][gc,start       ] GC(61) Pause Full (Ergonomics)
[1.782s][info][gc,phases,start] GC(61) Marking Phase
[1.860s][info][gc,phases      ] GC(61) Marking Phase 78.077ms
[1.860s][info][gc,phases,start] GC(61) Summary Phase
[1.860s][info][gc,phases      ] GC(61) Summary Phase 0.025ms
[1.860s][info][gc,phases,start] GC(61) Adjust Roots
[1.860s][info][gc,phases      ] GC(61) Adjust Roots 0.150ms
[1.860s][info][gc,phases,start] GC(61) Compaction Phase
[1.893s][info][gc,phases      ] GC(61) Compaction Phase 33.397ms
[1.893s][info][gc,phases,start] GC(61) Post Compact
[1.895s][info][gc,phases      ] GC(61) Post Compact 1.419ms
[1.895s][info][gc,heap        ] GC(61) PSYoungGen: 17504K(52224K)->5596K(53760K) Eden: 0K(10240K)->0K(11776K) From: 17504K(41984K)->5596K(41984K)
[1.895s][info][gc,heap        ] GC(61) ParOldGen: 305582K(316928K)->316717K(359936K)
[1.895s][info][gc,metaspace   ] GC(61) Metaspace: 6298K(6464K)->6298K(6464K) NonClass: 5765K(5824K)->5765K(5824K) Class: 533K(640K)->533K(640K)
[1.895s][info][gc             ] GC(61) Pause Full (Ergonomics) 315M->314M(404M) 113.632ms
[1.895s][info][gc,cpu         ] GC(61) User=0.64s Sys=0.02s Real=0.11s
[1.910s][info][gc,start       ] GC(62) Pause Young (Allocation Failure)
[1.933s][info][gc,heap        ] GC(62) PSYoungGen: 17372K(53760K)->11872K(55808K) Eden: 11776K(11776K)->0K(11776K) From: 5596K(41984K)->11872K(44032K)
[1.933s][info][gc,heap        ] GC(62) ParOldGen: 316717K(359936K)->322429K(359936K)
[1.933s][info][gc,metaspace   ] GC(62) Metaspace: 6298K(6464K)->6298K(6464K) NonClass: 5765K(5824K)->5765K(5824K) Class: 533K(640K)->533K(640K)
[1.933s][info][gc             ] GC(62) Pause Young (Allocation Failure) 326M->326M(406M) 22.877ms
[1.933s][info][gc,cpu         ] GC(62) User=0.17s Sys=0.03s Real=0.02s
[1.946s][info][gc,start       ] GC(63) Pause Young (Allocation Failure)
[1.959s][info][gc,heap        ] GC(63) PSYoungGen: 23648K(55808K)->23680K(54272K) Eden: 11776K(11776K)->0K(13312K) From: 11872K(44032K)->23680K(40960K)
[1.959s][info][gc,heap        ] GC(63) ParOldGen: 322429K(359936K)->322429K(359936K)
[1.959s][info][gc,metaspace   ] GC(63) Metaspace: 6298K(6464K)->6298K(6464K) NonClass: 5765K(5824K)->5765K(5824K) Class: 533K(640K)->533K(640K)
[1.959s][info][gc             ] GC(63) Pause Young (Allocation Failure) 337M->337M(404M) 13.029ms
[1.959s][info][gc,cpu         ] GC(63) User=0.02s Sys=0.00s Real=0.01s
[2.037s][info][gc,start       ] GC(64) Pause Young (Allocation Failure)
[2.064s][info][gc,heap        ] GC(64) PSYoungGen: 36992K(54272K)->25216K(55296K) Eden: 13312K(13312K)->0K(13312K) From: 23680K(40960K)->25216K(41984K)
[2.064s][info][gc,heap        ] GC(64) ParOldGen: 338813K(359936K)->350749K(359936K)
[2.064s][info][gc,metaspace   ] GC(64) Metaspace: 6298K(6464K)->6298K(6464K) NonClass: 5765K(5824K)->5765K(5824K) Class: 533K(640K)->533K(640K)
[2.064s][info][gc             ] GC(64) Pause Young (Allocation Failure) 366M->367M(405M) 26.749ms
[2.064s][info][gc,cpu         ] GC(64) User=0.00s Sys=0.02s Real=0.03s
[2.064s][info][gc,start       ] GC(65) Pause Full (Ergonomics)
[2.064s][info][gc,phases,start] GC(65) Marking Phase
[2.141s][info][gc,phases      ] GC(65) Marking Phase 76.980ms
[2.141s][info][gc,phases,start] GC(65) Summary Phase
[2.141s][info][gc,phases      ] GC(65) Summary Phase 0.021ms
[2.141s][info][gc,phases,start] GC(65) Adjust Roots
[2.141s][info][gc,phases      ] GC(65) Adjust Roots 0.178ms
[2.141s][info][gc,phases,start] GC(65) Compaction Phase
[2.208s][info][gc,phases      ] GC(65) Compaction Phase 66.745ms
[2.208s][info][gc,phases,start] GC(65) Post Compact
[2.210s][info][gc,phases      ] GC(65) Post Compact 1.988ms
[2.210s][info][gc,heap        ] GC(65) PSYoungGen: 25216K(55296K)->7652K(55296K) Eden: 0K(13312K)->0K(13312K) From: 25216K(41984K)->7652K(41984K)
[2.210s][info][gc,heap        ] GC(65) ParOldGen: 350749K(359936K)->359622K(405504K)
[2.210s][info][gc,metaspace   ] GC(65) Metaspace: 6298K(6464K)->6298K(6464K) NonClass: 5765K(5824K)->5765K(5824K) Class: 533K(640K)->533K(640K)
[2.210s][info][gc             ] GC(65) Pause Full (Ergonomics) 367M->358M(450M) 146.404ms
[2.210s][info][gc,cpu         ] GC(65) User=0.80s Sys=0.00s Real=0.15s
[2.224s][info][gc,start       ] GC(66) Pause Young (Allocation Failure)
[2.249s][info][gc,heap        ] GC(66) PSYoungGen: 20964K(55296K)->21088K(53760K) Eden: 13312K(13312K)->0K(14848K) From: 7652K(41984K)->21088K(38912K)
[2.249s][info][gc,heap        ] GC(66) ParOldGen: 359622K(405504K)->359622K(405504K)
[2.249s][info][gc,metaspace   ] GC(66) Metaspace: 6298K(6464K)->6298K(6464K) NonClass: 5765K(5824K)->5765K(5824K) Class: 533K(640K)->533K(640K)
[2.249s][info][gc             ] GC(66) Pause Young (Allocation Failure) 371M->371M(448M) 25.658ms
[2.249s][info][gc,cpu         ] GC(66) User=0.11s Sys=0.00s Real=0.03s
[2.264s][info][gc,start       ] GC(67) Pause Young (Allocation Failure)
[2.282s][info][gc,heap        ] GC(67) PSYoungGen: 35936K(53760K)->36000K(55296K) Eden: 14848K(14848K)->0K(14848K) From: 21088K(38912K)->36000K(40448K)
[2.282s][info][gc,heap        ] GC(67) ParOldGen: 359622K(405504K)->359622K(405504K)
[2.282s][info][gc,metaspace   ] GC(67) Metaspace: 6298K(6464K)->6298K(6464K) NonClass: 5765K(5824K)->5765K(5824K) Class: 533K(640K)->533K(640K)
[2.282s][info][gc             ] GC(67) Pause Young (Allocation Failure) 386M->386M(450M) 18.036ms
[2.283s][info][gc,cpu         ] GC(67) User=0.12s Sys=0.00s Real=0.02s
[2.298s][info][gc,start       ] GC(68) Pause Young (Allocation Failure)
[2.323s][info][gc,heap        ] GC(68) PSYoungGen: 50848K(55296K)->44032K(52224K) Eden: 14848K(14848K)->0K(8192K) From: 36000K(40448K)->44032K(44032K)
[2.323s][info][gc,heap        ] GC(68) ParOldGen: 359622K(405504K)->366374K(405504K)
[2.323s][info][gc,metaspace   ] GC(68) Metaspace: 6298K(6464K)->6298K(6464K) NonClass: 5765K(5824K)->5765K(5824K) Class: 533K(640K)->533K(640K)
[2.323s][info][gc             ] GC(68) Pause Young (Allocation Failure) 400M->400M(447M) 25.078ms
[2.323s][info][gc,cpu         ] GC(68) User=0.12s Sys=0.00s Real=0.03s
[2.332s][info][gc,start       ] GC(69) Pause Young (Allocation Failure)
[2.355s][info][gc,heap        ] GC(69) PSYoungGen: 52224K(52224K)->46304K(60928K) Eden: 8192K(8192K)->0K(8192K) From: 44032K(44032K)->46304K(52736K)
[2.355s][info][gc,heap        ] GC(69) ParOldGen: 366374K(405504K)->372454K(405504K)
[2.355s][info][gc,metaspace   ] GC(69) Metaspace: 6298K(6464K)->6298K(6464K) NonClass: 5765K(5824K)->5765K(5824K) Class: 533K(640K)->533K(640K)
[2.355s][info][gc             ] GC(69) Pause Young (Allocation Failure) 408M->408M(455M) 23.720ms
[2.355s][info][gc,cpu         ] GC(69) User=0.14s Sys=0.00s Real=0.02s
[2.364s][info][gc,start       ] GC(70) Pause Young (Allocation Failure)
[2.389s][info][gc,heap        ] GC(70) PSYoungGen: 54496K(60928K)->42976K(64512K) Eden: 8192K(8192K)->0K(6656K) From: 46304K(52736K)->42976K(57856K)
[2.389s][info][gc,heap        ] GC(70) ParOldGen: 372454K(405504K)->384198K(405504K)
[2.389s][info][gc,metaspace   ] GC(70) Metaspace: 6298K(6464K)->6298K(6464K) NonClass: 5765K(5824K)->5765K(5824K) Class: 533K(640K)->533K(640K)
[2.389s][info][gc             ] GC(70) Pause Young (Allocation Failure) 416M->417M(459M) 25.407ms
[2.389s][info][gc,cpu         ] GC(70) User=0.22s Sys=0.00s Real=0.03s
[2.396s][info][gc,start       ] GC(71) Pause Young (Allocation Failure)
[2.419s][info][gc,heap        ] GC(71) PSYoungGen: 49632K(64512K)->23200K(30208K) Eden: 6656K(6656K)->0K(6656K) From: 42976K(57856K)->23200K(23552K)
[2.419s][info][gc,heap        ] GC(71) ParOldGen: 384198K(405504K)->411014K(411136K)
[2.419s][info][gc,metaspace   ] GC(71) Metaspace: 6298K(6464K)->6298K(6464K) NonClass: 5765K(5824K)->5765K(5824K) Class: 533K(640K)->533K(640K)
[2.419s][info][gc             ] GC(71) Pause Young (Allocation Failure) 423M->424M(431M) 23.379ms
[2.419s][info][gc,cpu         ] GC(71) User=0.12s Sys=0.00s Real=0.02s
[2.419s][info][gc,start       ] GC(72) Pause Full (Ergonomics)
[2.419s][info][gc,phases,start] GC(72) Marking Phase
[2.516s][info][gc,phases      ] GC(72) Marking Phase 96.543ms
[2.516s][info][gc,phases,start] GC(72) Summary Phase
[2.516s][info][gc,phases      ] GC(72) Summary Phase 0.019ms
[2.516s][info][gc,phases,start] GC(72) Adjust Roots
[2.516s][info][gc,phases      ] GC(72) Adjust Roots 0.151ms
[2.516s][info][gc,phases,start] GC(72) Compaction Phase
[2.565s][info][gc,phases      ] GC(72) Compaction Phase 49.007ms
[2.565s][info][gc,phases,start] GC(72) Post Compact
[2.568s][info][gc,phases      ] GC(72) Post Compact 2.272ms
[2.568s][info][gc,heap        ] GC(72) PSYoungGen: 23200K(30208K)->22434K(30208K) Eden: 0K(6656K)->0K(6656K) From: 23200K(23552K)->22434K(23552K)
[2.568s][info][gc,heap        ] GC(72) ParOldGen: 411014K(411136K)->410704K(465408K)
[2.568s][info][gc,metaspace   ] GC(72) Metaspace: 6298K(6464K)->6298K(6464K) NonClass: 5765K(5824K)->5765K(5824K) Class: 533K(640K)->533K(640K)
[2.568s][info][gc             ] GC(72) Pause Full (Ergonomics) 424M->422M(484M) 148.592ms
[2.568s][info][gc,cpu         ] GC(72) User=0.91s Sys=0.03s Real=0.15s
[2.575s][info][gc,start       ] GC(73) Pause Young (Allocation Failure)
[2.605s][info][gc,heap        ] GC(73) PSYoungGen: 29090K(30208K)->13216K(65024K) Eden: 6656K(6656K)->0K(7680K) From: 22434K(23552K)->13216K(57344K)
[2.605s][info][gc,heap        ] GC(73) ParOldGen: 410704K(465408K)->426936K(465408K)
[2.605s][info][gc,metaspace   ] GC(73) Metaspace: 6298K(6464K)->6298K(6464K) NonClass: 5765K(5824K)->5765K(5824K) Class: 533K(640K)->533K(640K)
[2.605s][info][gc             ] GC(73) Pause Young (Allocation Failure) 429M->429M(518M) 30.388ms
[2.605s][info][gc,cpu         ] GC(73) User=0.12s Sys=0.00s Real=0.03s
[2.613s][info][gc,start       ] GC(74) Pause Young (Allocation Failure)
[2.625s][info][gc,heap        ] GC(74) PSYoungGen: 20896K(65024K)->7808K(65536K) Eden: 7680K(7680K)->0K(7680K) From: 13216K(57344K)->7808K(57856K)
[2.625s][info][gc,heap        ] GC(74) ParOldGen: 426936K(465408K)->440208K(465408K)
[2.625s][info][gc,metaspace   ] GC(74) Metaspace: 6298K(6464K)->6298K(6464K) NonClass: 5765K(5824K)->5765K(5824K) Class: 533K(640K)->533K(640K)
[2.625s][info][gc             ] GC(74) Pause Young (Allocation Failure) 437M->437M(518M) 12.085ms
[2.625s][info][gc,cpu         ] GC(74) User=0.02s Sys=0.00s Real=0.01s
[2.633s][info][gc,start       ] GC(75) Pause Young (Allocation Failure)
[2.642s][info][gc,heap        ] GC(75) PSYoungGen: 15488K(65536K)->7808K(65536K) Eden: 7680K(7680K)->0K(8704K) From: 7808K(57856K)->7808K(56832K)
[2.643s][info][gc,heap        ] GC(75) ParOldGen: 440208K(465408K)->448000K(465408K)
[2.643s][info][gc,metaspace   ] GC(75) Metaspace: 6298K(6464K)->6298K(6464K) NonClass: 5765K(5824K)->5765K(5824K) Class: 533K(640K)->533K(640K)
[2.643s][info][gc             ] GC(75) Pause Young (Allocation Failure) 445M->445M(518M) 9.355ms
[2.643s][info][gc,cpu         ] GC(75) User=0.00s Sys=0.00s Real=0.01s
[2.643s][info][gc,start       ] GC(76) Pause Full (Ergonomics)
[2.643s][info][gc,phases,start] GC(76) Marking Phase
[2.744s][info][gc,phases      ] GC(76) Marking Phase 101.686ms
[2.744s][info][gc,phases,start] GC(76) Summary Phase
[2.744s][info][gc,phases      ] GC(76) Summary Phase 0.022ms
[2.744s][info][gc,phases,start] GC(76) Adjust Roots
[2.745s][info][gc,phases      ] GC(76) Adjust Roots 0.147ms
[2.745s][info][gc,phases,start] GC(76) Compaction Phase
[2.791s][info][gc,phases      ] GC(76) Compaction Phase 46.641ms
[2.791s][info][gc,phases,start] GC(76) Post Compact
[2.794s][info][gc,phases      ] GC(76) Post Compact 2.318ms
[2.794s][info][gc,heap        ] GC(76) PSYoungGen: 7808K(65536K)->0K(66048K) Eden: 0K(8704K)->0K(8704K) From: 7808K(56832K)->0K(57344K)
[2.794s][info][gc,heap        ] GC(76) ParOldGen: 448000K(465408K)->455054K(513536K)
[2.794s][info][gc,metaspace   ] GC(76) Metaspace: 6298K(6464K)->6298K(6464K) NonClass: 5765K(5824K)->5765K(5824K) Class: 533K(640K)->533K(640K)
[2.794s][info][gc             ] GC(76) Pause Full (Ergonomics) 445M->444M(566M) 151.328ms
[2.794s][info][gc,cpu         ] GC(76) User=0.97s Sys=0.02s Real=0.15s
[2.805s][info][gc,start       ] GC(77) Pause Young (Allocation Failure)
[2.812s][info][gc,heap        ] GC(77) PSYoungGen: 8704K(66048K)->8768K(64512K) Eden: 8704K(8704K)->0K(9728K) From: 0K(57344K)->8768K(54784K)
[2.812s][info][gc,heap        ] GC(77) ParOldGen: 455054K(513536K)->455054K(513536K)
[2.812s][info][gc,metaspace   ] GC(77) Metaspace: 6298K(6464K)->6298K(6464K) NonClass: 5765K(5824K)->5765K(5824K) Class: 533K(640K)->533K(640K)
[2.812s][info][gc             ] GC(77) Pause Young (Allocation Failure) 452M->452M(564M) 7.578ms
[2.812s][info][gc,cpu         ] GC(77) User=0.00s Sys=0.00s Real=0.01s
[2.823s][info][gc,start       ] GC(78) Pause Young (Allocation Failure)
[2.834s][info][gc,heap        ] GC(78) PSYoungGen: 18496K(64512K)->18528K(28672K) Eden: 9728K(9728K)->0K(9728K) From: 8768K(54784K)->18528K(18944K)
[2.834s][info][gc,heap        ] GC(78) ParOldGen: 455054K(513536K)->455054K(513536K)
[2.834s][info][gc,metaspace   ] GC(78) Metaspace: 6298K(6464K)->6298K(6464K) NonClass: 5765K(5824K)->5765K(5824K) Class: 533K(640K)->533K(640K)
[2.834s][info][gc             ] GC(78) Pause Young (Allocation Failure) 462M->462M(529M) 11.275ms
[2.834s][info][gc,cpu         ] GC(78) User=0.00s Sys=0.00s Real=0.01s
[2.845s][info][gc,start       ] GC(79) Pause Young (Allocation Failure)
[2.860s][info][gc,heap        ] GC(79) PSYoungGen: 28256K(28672K)->28288K(62464K) Eden: 9728K(9728K)->0K(10752K) From: 18528K(18944K)->28288K(51712K)
[2.860s][info][gc,heap        ] GC(79) ParOldGen: 455054K(513536K)->455054K(513536K)
[2.860s][info][gc,metaspace   ] GC(79) Metaspace: 6298K(6464K)->6298K(6464K) NonClass: 5765K(5824K)->5765K(5824K) Class: 533K(640K)->533K(640K)
[2.860s][info][gc             ] GC(79) Pause Young (Allocation Failure) 471M->472M(562M) 15.260ms
[2.860s][info][gc,cpu         ] GC(79) User=0.02s Sys=0.00s Real=0.02s
[2.872s][info][gc,start       ] GC(80) Pause Young (Allocation Failure)
[2.892s][info][gc,heap        ] GC(80) PSYoungGen: 39040K(62464K)->30304K(63488K) Eden: 10752K(10752K)->0K(10752K) From: 28288K(51712K)->30304K(52736K)
[2.892s][info][gc,heap        ] GC(80) ParOldGen: 455054K(513536K)->463870K(513536K)
[2.892s][info][gc,metaspace   ] GC(80) Metaspace: 6298K(6464K)->6298K(6464K) NonClass: 5765K(5824K)->5765K(5824K) Class: 533K(640K)->533K(640K)
[2.892s][info][gc             ] GC(80) Pause Young (Allocation Failure) 482M->482M(563M) 20.291ms
[2.892s][info][gc,cpu         ] GC(80) User=0.12s Sys=0.00s Real=0.02s
[2.903s][info][gc,start       ] GC(81) Pause Young (Allocation Failure)
[2.924s][info][gc,heap        ] GC(81) PSYoungGen: 41056K(63488K)->31328K(64512K) Eden: 10752K(10752K)->0K(11776K) From: 30304K(52736K)->31328K(52736K)
[2.924s][info][gc,heap        ] GC(81) ParOldGen: 463870K(513536K)->473726K(513536K)
[2.924s][info][gc,metaspace   ] GC(81) Metaspace: 6298K(6464K)->6298K(6464K) NonClass: 5765K(5824K)->5765K(5824K) Class: 533K(640K)->533K(640K)
[2.924s][info][gc             ] GC(81) Pause Young (Allocation Failure) 493M->493M(564M) 20.826ms
[2.924s][info][gc,cpu         ] GC(81) User=0.12s Sys=0.00s Real=0.02s
[2.937s][info][gc,start       ] GC(82) Pause Young (Allocation Failure)
[2.959s][info][gc,heap        ] GC(82) PSYoungGen: 43104K(64512K)->33408K(65024K) Eden: 11776K(11776K)->0K(11776K) From: 31328K(52736K)->33408K(53248K)
[2.959s][info][gc,heap        ] GC(82) ParOldGen: 473726K(513536K)->483574K(513536K)
[2.959s][info][gc,metaspace   ] GC(82) Metaspace: 6298K(6464K)->6298K(6464K) NonClass: 5765K(5824K)->5765K(5824K) Class: 533K(640K)->533K(640K)
[2.959s][info][gc             ] GC(82) Pause Young (Allocation Failure) 504M->504M(565M) 21.972ms
[2.959s][info][gc,cpu         ] GC(82) User=0.09s Sys=0.02s Real=0.02s
[2.972s][info][gc,start       ] GC(83) Pause Young (Allocation Failure)
[2.998s][info][gc,heap        ] GC(83) PSYoungGen: 45184K(65024K)->23712K(61952K) Eden: 11776K(11776K)->0K(13312K) From: 33408K(53248K)->23712K(48640K)
[2.998s][info][gc,heap        ] GC(83) ParOldGen: 483574K(513536K)->505358K(513536K)
[2.998s][info][gc,metaspace   ] GC(83) Metaspace: 6298K(6464K)->6298K(6464K) NonClass: 5765K(5824K)->5765K(5824K) Class: 533K(640K)->533K(640K)
[2.998s][info][gc             ] GC(83) Pause Young (Allocation Failure) 516M->516M(562M) 26.154ms
[2.998s][info][gc,cpu         ] GC(83) User=0.11s Sys=0.00s Real=0.03s
[2.998s][info][gc,start       ] GC(84) Pause Full (Ergonomics)
[2.998s][info][gc,phases,start] GC(84) Marking Phase
[3.108s][info][gc,phases      ] GC(84) Marking Phase 109.986ms
[3.108s][info][gc,phases,start] GC(84) Summary Phase
[3.108s][info][gc,phases      ] GC(84) Summary Phase 0.027ms
[3.108s][info][gc,phases,start] GC(84) Adjust Roots
[3.108s][info][gc,phases      ] GC(84) Adjust Roots 0.225ms
[3.108s][info][gc,phases,start] GC(84) Compaction Phase
[3.161s][info][gc,phases      ] GC(84) Compaction Phase 52.786ms
[3.161s][info][gc,phases,start] GC(84) Post Compact
[3.164s][info][gc,phases      ] GC(84) Post Compact 2.531ms
[3.164s][info][gc,heap        ] GC(84) PSYoungGen: 23712K(61952K)->14795K(64000K) Eden: 0K(13312K)->0K(15360K) From: 23712K(48640K)->14795K(48640K)
[3.164s][info][gc,heap        ] GC(84) ParOldGen: 505358K(513536K)->513252K(575488K)
[3.164s][info][gc,metaspace   ] GC(84) Metaspace: 6298K(6464K)->6298K(6464K) NonClass: 5765K(5824K)->5765K(5824K) Class: 533K(640K)->533K(640K)
[3.164s][info][gc             ] GC(84) Pause Full (Ergonomics) 516M->515M(624M) 166.136ms
[3.164s][info][gc,cpu         ] GC(84) User=1.05s Sys=0.00s Real=0.17s
[3.182s][info][gc,start       ] GC(85) Pause Young (Allocation Failure)
[3.219s][info][gc,heap        ] GC(85) PSYoungGen: 30155K(64000K)->15520K(66560K) Eden: 15360K(15360K)->0K(15360K) From: 14795K(48640K)->15520K(51200K)
[3.219s][info][gc,heap        ] GC(85) ParOldGen: 513252K(575488K)->528292K(575488K)
[3.219s][info][gc,metaspace   ] GC(85) Metaspace: 6298K(6464K)->6298K(6464K) NonClass: 5765K(5824K)->5765K(5824K) Class: 533K(640K)->533K(640K)
[3.219s][info][gc             ] GC(85) Pause Young (Allocation Failure) 530M->531M(627M) 37.371ms
[3.219s][info][gc,cpu         ] GC(85) User=0.20s Sys=0.05s Real=0.04s
[3.236s][info][gc,start       ] GC(86) Pause Young (Allocation Failure)
[3.254s][info][gc,heap        ] GC(86) PSYoungGen: 30880K(66560K)->15456K(64000K) Eden: 15360K(15360K)->0K(16896K) From: 15520K(51200K)->15456K(47104K)
[3.254s][info][gc,heap        ] GC(86) ParOldGen: 528292K(575488K)->543860K(575488K)
[3.254s][info][gc,metaspace   ] GC(86) Metaspace: 6298K(6464K)->6298K(6464K) NonClass: 5765K(5824K)->5765K(5824K) Class: 533K(640K)->533K(640K)
[3.254s][info][gc             ] GC(86) Pause Young (Allocation Failure) 546M->546M(624M) 18.117ms
[3.254s][info][gc,cpu         ] GC(86) User=0.11s Sys=0.02s Real=0.02s
[3.274s][info][gc,start       ] GC(87) Pause Young (Allocation Failure)
[3.294s][info][gc,heap        ] GC(87) PSYoungGen: 32352K(64000K)->16992K(65536K) Eden: 16896K(16896K)->0K(16896K) From: 15456K(47104K)->16992K(48640K)
[3.294s][info][gc,heap        ] GC(87) ParOldGen: 543860K(575488K)->559436K(575488K)
[3.294s][info][gc,metaspace   ] GC(87) Metaspace: 6298K(6464K)->6298K(6464K) NonClass: 5765K(5824K)->5765K(5824K) Class: 533K(640K)->533K(640K)
[3.294s][info][gc             ] GC(87) Pause Young (Allocation Failure) 562M->562M(626M) 19.959ms
[3.294s][info][gc,cpu         ] GC(87) User=0.11s Sys=0.00s Real=0.02s
[3.294s][info][gc,start       ] GC(88) Pause Full (Ergonomics)
[3.294s][info][gc,phases,start] GC(88) Marking Phase
[3.422s][info][gc,phases      ] GC(88) Marking Phase 128.331ms
[3.422s][info][gc,phases,start] GC(88) Summary Phase
[3.422s][info][gc,phases      ] GC(88) Summary Phase 0.020ms
[3.422s][info][gc,phases,start] GC(88) Adjust Roots
[3.422s][info][gc,phases      ] GC(88) Adjust Roots 0.154ms
[3.422s][info][gc,phases,start] GC(88) Compaction Phase
[3.477s][info][gc,phases      ] GC(88) Compaction Phase 54.575ms
[3.477s][info][gc,phases,start] GC(88) Post Compact
[3.478s][info][gc,phases      ] GC(88) Post Compact 1.064ms
[3.478s][info][gc,heap        ] GC(88) PSYoungGen: 16992K(65536K)->514K(65536K) Eden: 0K(16896K)->0K(16896K) From: 16992K(48640K)->514K(48640K)
[3.478s][info][gc,heap        ] GC(88) ParOldGen: 559436K(575488K)->575056K(643584K)
[3.478s][info][gc,metaspace   ] GC(88) Metaspace: 6298K(6464K)->6298K(6464K) NonClass: 5765K(5824K)->5765K(5824K) Class: 533K(640K)->533K(640K)
[3.479s][info][gc             ] GC(88) Pause Full (Ergonomics) 562M->562M(692M) 184.671ms
[3.479s][info][gc,cpu         ] GC(88) User=1.14s Sys=0.03s Real=0.18s
[3.498s][info][gc,start       ] GC(89) Pause Young (Allocation Failure)
[3.535s][info][gc,heap        ] GC(89) PSYoungGen: 17410K(65536K)->16992K(62976K) Eden: 16896K(16896K)->0K(18944K) From: 514K(48640K)->16992K(44032K)
[3.535s][info][gc,heap        ] GC(89) ParOldGen: 575056K(643584K)->575600K(643584K)
[3.535s][info][gc,metaspace   ] GC(89) Metaspace: 6298K(6464K)->6298K(6464K) NonClass: 5765K(5824K)->5765K(5824K) Class: 533K(640K)->533K(640K)
[3.535s][info][gc             ] GC(89) Pause Young (Allocation Failure) 578M->578M(690M) 36.825ms
[3.535s][info][gc,cpu         ] GC(89) User=0.11s Sys=0.00s Real=0.04s
[3.557s][info][gc,start       ] GC(90) Pause Young (Allocation Failure)
[3.578s][info][gc,heap        ] GC(90) PSYoungGen: 35936K(62976K)->35968K(64512K) Eden: 18944K(18944K)->0K(18944K) From: 16992K(44032K)->35968K(45568K)
[3.578s][info][gc,heap        ] GC(90) ParOldGen: 575600K(643584K)->575600K(643584K)
[3.578s][info][gc,metaspace   ] GC(90) Metaspace: 6298K(6464K)->6298K(6464K) NonClass: 5765K(5824K)->5765K(5824K) Class: 533K(640K)->533K(640K)
[3.578s][info][gc             ] GC(90) Pause Young (Allocation Failure) 597M->597M(691M) 20.787ms
[3.578s][info][gc,cpu         ] GC(90) User=0.11s Sys=0.00s Real=0.02s
[3.601s][info][gc,start       ] GC(91) Pause Young (Allocation Failure)
[3.630s][info][gc,heap        ] GC(91) PSYoungGen: 54912K(64512K)->48640K(60416K) Eden: 18944K(18944K)->0K(11776K) From: 35968K(45568K)->48640K(48640K)
[3.630s][info][gc,heap        ] GC(91) ParOldGen: 575600K(643584K)->581872K(643584K)
[3.630s][info][gc,metaspace   ] GC(91) Metaspace: 6298K(6464K)->6298K(6464K) NonClass: 5765K(5824K)->5765K(5824K) Class: 533K(640K)->533K(640K)
[3.630s][info][gc             ] GC(91) Pause Young (Allocation Failure) 615M->615M(687M) 29.663ms
[3.630s][info][gc,cpu         ] GC(91) User=0.12s Sys=0.00s Real=0.03s
[3.645s][info][gc,start       ] GC(92) Pause Young (Allocation Failure)
[3.677s][info][gc,heap        ] GC(92) PSYoungGen: 60416K(60416K)->28800K(40960K) Eden: 11776K(11776K)->0K(11776K) From: 48640K(48640K)->28800K(29184K)
[3.677s][info][gc,heap        ] GC(92) ParOldGen: 581872K(643584K)->614048K(643584K)
[3.677s][info][gc,metaspace   ] GC(92) Metaspace: 6298K(6464K)->6298K(6464K) NonClass: 5765K(5824K)->5765K(5824K) Class: 533K(640K)->533K(640K)
[3.677s][info][gc             ] GC(92) Pause Young (Allocation Failure) 627M->627M(668M) 32.110ms
[3.677s][info][gc,cpu         ] GC(92) User=0.19s Sys=0.00s Real=0.03s
[3.677s][info][gc,start       ] GC(93) Pause Full (Ergonomics)
[3.677s][info][gc,phases,start] GC(93) Marking Phase
[3.822s][info][gc,phases      ] GC(93) Marking Phase 145.256ms
[3.822s][info][gc,phases,start] GC(93) Summary Phase
[3.822s][info][gc,phases      ] GC(93) Summary Phase 0.043ms
[3.822s][info][gc,phases,start] GC(93) Adjust Roots
[3.822s][info][gc,phases      ] GC(93) Adjust Roots 0.186ms
[3.822s][info][gc,phases,start] GC(93) Compaction Phase
[3.880s][info][gc,phases      ] GC(93) Compaction Phase 57.795ms
[3.880s][info][gc,phases,start] GC(93) Post Compact
[3.881s][info][gc,phases      ] GC(93) Post Compact 0.948ms
[3.881s][info][gc,heap        ] GC(93) PSYoungGen: 28800K(40960K)->0K(69120K) Eden: 0K(11776K)->0K(13312K) From: 28800K(29184K)->0K(55808K)
[3.881s][info][gc,heap        ] GC(93) ParOldGen: 614048K(643584K)->642004K(720384K)
[3.881s][info][gc,metaspace   ] GC(93) Metaspace: 6298K(6464K)->6298K(6464K) NonClass: 5765K(5824K)->5765K(5824K) Class: 533K(640K)->533K(640K)
[3.882s][info][gc             ] GC(93) Pause Full (Ergonomics) 627M->626M(771M) 204.792ms
[3.882s][info][gc,cpu         ] GC(93) User=1.41s Sys=0.00s Real=0.21s
[3.899s][info][gc,start       ] GC(94) Pause Young (Allocation Failure)
[3.910s][info][gc,heap        ] GC(94) PSYoungGen: 13312K(69120K)->13440K(69120K) Eden: 13312K(13312K)->0K(13312K) From: 0K(55808K)->13440K(55808K)
[3.910s][info][gc,heap        ] GC(94) ParOldGen: 642004K(720384K)->642004K(720384K)
[3.910s][info][gc,metaspace   ] GC(94) Metaspace: 6298K(6464K)->6298K(6464K) NonClass: 5765K(5824K)->5765K(5824K) Class: 533K(640K)->533K(640K)
[3.910s][info][gc             ] GC(94) Pause Young (Allocation Failure) 639M->640M(771M) 10.720ms
[3.910s][info][gc,cpu         ] GC(94) User=0.00s Sys=0.00s Real=0.01s
[3.926s][info][gc,start       ] GC(95) Pause Young (Allocation Failure)
[3.942s][info][gc,heap        ] GC(95) PSYoungGen: 26752K(69120K)->26752K(65536K) Eden: 13312K(13312K)->0K(14848K) From: 13440K(55808K)->26752K(50688K)
[3.942s][info][gc,heap        ] GC(95) ParOldGen: 642004K(720384K)->642004K(720384K)
[3.942s][info][gc,metaspace   ] GC(95) Metaspace: 6298K(6464K)->6298K(6464K) NonClass: 5765K(5824K)->5765K(5824K) Class: 533K(640K)->533K(640K)
[3.942s][info][gc             ] GC(95) Pause Young (Allocation Failure) 653M->653M(767M) 16.149ms
[3.942s][info][gc,cpu         ] GC(95) User=0.02s Sys=0.00s Real=0.02s
[3.960s][info][gc,start       ] GC(96) Pause Young (Allocation Failure)
[3.983s][info][gc,heap        ] GC(96) PSYoungGen: 41600K(65536K)->41600K(67584K) Eden: 14848K(14848K)->0K(14848K) From: 26752K(50688K)->41600K(52736K)
[3.983s][info][gc,heap        ] GC(96) ParOldGen: 642004K(720384K)->642004K(720384K)
[3.983s][info][gc,metaspace   ] GC(96) Metaspace: 6298K(6464K)->6298K(6464K) NonClass: 5765K(5824K)->5765K(5824K) Class: 533K(640K)->533K(640K)
[3.983s][info][gc             ] GC(96) Pause Young (Allocation Failure) 667M->667M(769M) 23.077ms
[3.983s][info][gc,cpu         ] GC(96) User=0.09s Sys=0.00s Real=0.02s
[4.002s][info][gc,start       ] GC(97) Pause Young (Allocation Failure)
[4.031s][info][gc,heap        ] GC(97) PSYoungGen: 56448K(67584K)->55808K(64000K) Eden: 14848K(14848K)->0K(8192K) From: 41600K(52736K)->55808K(55808K)
[4.031s][info][gc,heap        ] GC(97) ParOldGen: 642004K(720384K)->642612K(720384K)
[4.031s][info][gc,metaspace   ] GC(97) Metaspace: 6298K(6464K)->6298K(6464K) NonClass: 5765K(5824K)->5765K(5824K) Class: 533K(640K)->533K(640K)
[4.031s][info][gc             ] GC(97) Pause Young (Allocation Failure) 682M->682M(766M) 29.554ms
[4.031s][info][gc,cpu         ] GC(97) User=0.14s Sys=0.00s Real=0.03s
[4.181s][info][gc,start       ] GC(98) Pause Young (Allocation Failure)
[4.227s][info][gc,heap        ] GC(98) PSYoungGen: 64000K(64000K)->50816K(72192K) Eden: 8192K(8192K)->0K(8192K) From: 55808K(55808K)->50816K(64000K)
[4.227s][info][gc,heap        ] GC(98) ParOldGen: 675380K(720384K)->688772K(720384K)
[4.227s][info][gc,metaspace   ] GC(98) Metaspace: 6298K(6464K)->6298K(6464K) NonClass: 5765K(5824K)->5765K(5824K) Class: 533K(640K)->533K(640K)
[4.227s][info][gc             ] GC(98) Pause Young (Allocation Failure) 722M->722M(774M) 46.083ms
[4.227s][info][gc,cpu         ] GC(98) User=0.27s Sys=0.00s Real=0.05s
[4.236s][info][gc,start       ] GC(99) Pause Young (Allocation Failure)
[4.266s][info][gc,heap        ] GC(99) PSYoungGen: 59008K(72192K)->59040K(70656K) Eden: 8192K(8192K)->0K(2560K) From: 50816K(64000K)->59040K(68096K)
[4.266s][info][gc,heap        ] GC(99) ParOldGen: 688772K(720384K)->688772K(720384K)
[4.266s][info][gc,metaspace   ] GC(99) Metaspace: 6298K(6464K)->6298K(6464K) NonClass: 5765K(5824K)->5765K(5824K) Class: 533K(640K)->533K(640K)
[4.266s][info][gc             ] GC(99) Pause Young (Allocation Failure) 730M->730M(772M) 30.075ms
[4.266s][info][gc,cpu         ] GC(99) User=0.11s Sys=0.00s Real=0.03s
[4.269s][info][gc,start       ] GC(100) Pause Young (Allocation Failure)
[4.306s][info][gc,heap        ] GC(100) PSYoungGen: 61600K(70656K)->48384K(77312K) Eden: 2560K(2560K)->0K(2560K) From: 59040K(68096K)->48384K(74752K)
[4.306s][info][gc,heap        ] GC(100) ParOldGen: 688772K(720384K)->702140K(720384K)
[4.306s][info][gc,metaspace   ] GC(100) Metaspace: 6298K(6464K)->6298K(6464K) NonClass: 5765K(5824K)->5765K(5824K) Class: 533K(640K)->533K(640K)
[4.307s][info][gc             ] GC(100) Pause Young (Allocation Failure) 732M->732M(779M) 37.191ms
[4.307s][info][gc,cpu         ] GC(100) User=0.12s Sys=0.02s Real=0.04s
[4.307s][info][gc,start       ] GC(101) Pause Full (Ergonomics)
[4.307s][info][gc,phases,start] GC(101) Marking Phase
[4.480s][info][gc,phases      ] GC(101) Marking Phase 173.034ms
[4.480s][info][gc,phases,start] GC(101) Summary Phase
[4.480s][info][gc,phases      ] GC(101) Summary Phase 0.032ms
[4.480s][info][gc,phases,start] GC(101) Adjust Roots
[4.480s][info][gc,phases      ] GC(101) Adjust Roots 0.199ms
[4.480s][info][gc,phases,start] GC(101) Compaction Phase
[4.611s][info][gc,phases      ] GC(101) Compaction Phase 130.636ms
[4.611s][info][gc,phases,start] GC(101) Post Compact
[4.612s][info][gc,phases      ] GC(101) Post Compact 1.711ms
[4.613s][info][gc,heap        ] GC(101) PSYoungGen: 48384K(77312K)->13407K(77312K) Eden: 0K(2560K)->0K(2560K) From: 48384K(74752K)->13407K(74752K)
[4.613s][info][gc,heap        ] GC(101) ParOldGen: 702140K(720384K)->720032K(799744K)
[4.613s][info][gc,metaspace   ] GC(101) Metaspace: 6298K(6464K)->6298K(6464K) NonClass: 5765K(5824K)->5765K(5824K) Class: 533K(640K)->533K(640K)
[4.613s][info][gc             ] GC(101) Pause Full (Ergonomics) 732M->716M(856M) 306.255ms
[4.613s][info][gc,cpu         ] GC(101) User=1.81s Sys=0.03s Real=0.31s
[4.617s][info][gc,start       ] GC(102) Pause Young (Allocation Failure)
[4.656s][info][gc,heap        ] GC(102) PSYoungGen: 15967K(77312K)->7584K(77824K) Eden: 2560K(2560K)->0K(2048K) From: 13407K(74752K)->7584K(75776K)
[4.656s][info][gc,heap        ] GC(102) ParOldGen: 720032K(799744K)->728704K(799744K)
[4.656s][info][gc,metaspace   ] GC(102) Metaspace: 6298K(6464K)->6298K(6464K) NonClass: 5765K(5824K)->5765K(5824K) Class: 533K(640K)->533K(640K)
[4.656s][info][gc             ] GC(102) Pause Young (Allocation Failure) 718M->719M(857M) 39.433ms
[4.656s][info][gc,cpu         ] GC(102) User=0.17s Sys=0.00s Real=0.04s
[4.659s][info][gc,start       ] GC(103) Pause Young (Allocation Failure)
[4.670s][info][gc,heap        ] GC(103) PSYoungGen: 9632K(77824K)->9600K(78848K) Eden: 2048K(2048K)->0K(2048K) From: 7584K(75776K)->9600K(76800K)
[4.670s][info][gc,heap        ] GC(103) ParOldGen: 728704K(799744K)->728704K(799744K)
[4.670s][info][gc,metaspace   ] GC(103) Metaspace: 6298K(6464K)->6298K(6464K) NonClass: 5765K(5824K)->5765K(5824K) Class: 533K(640K)->533K(640K)
[4.670s][info][gc             ] GC(103) Pause Young (Allocation Failure) 721M->721M(858M) 10.979ms
[4.670s][info][gc,cpu         ] GC(103) User=0.00s Sys=0.00s Real=0.01s
[4.672s][info][gc,start       ] GC(104) Pause Young (Allocation Failure)
[4.683s][info][gc,heap        ] GC(104) PSYoungGen: 11648K(78848K)->6720K(77824K) Eden: 2048K(2048K)->0K(2560K) From: 9600K(76800K)->6720K(75264K)
[4.683s][info][gc,heap        ] GC(104) ParOldGen: 728704K(799744K)->733680K(799744K)
[4.683s][info][gc,metaspace   ] GC(104) Metaspace: 6298K(6464K)->6298K(6464K) NonClass: 5765K(5824K)->5765K(5824K) Class: 533K(640K)->533K(640K)
[4.683s][info][gc             ] GC(104) Pause Young (Allocation Failure) 723M->723M(857M) 11.328ms
[4.683s][info][gc,cpu         ] GC(104) User=0.00s Sys=0.00s Real=0.01s
[4.686s][info][gc,start       ] GC(105) Pause Young (Allocation Failure)
[4.699s][info][gc,heap        ] GC(105) PSYoungGen: 9280K(77824K)->4704K(78336K) Eden: 2560K(2560K)->0K(2560K) From: 6720K(75264K)->4704K(75776K)
[4.699s][info][gc,heap        ] GC(105) ParOldGen: 733680K(799744K)->738328K(799744K)
[4.699s][info][gc,metaspace   ] GC(105) Metaspace: 6298K(6464K)->6298K(6464K) NonClass: 5765K(5824K)->5765K(5824K) Class: 533K(640K)->533K(640K)
[4.699s][info][gc             ] GC(105) Pause Young (Allocation Failure) 725M->725M(857M) 12.130ms
[4.699s][info][gc,cpu         ] GC(105) User=0.00s Sys=0.00s Real=0.01s
[4.702s][info][gc,start       ] GC(106) Pause Young (Allocation Failure)
[4.715s][info][gc,heap        ] GC(106) PSYoungGen: 7264K(78336K)->2624K(76288K) Eden: 2560K(2560K)->0K(3072K) From: 4704K(75776K)->2624K(73216K)
[4.715s][info][gc,heap        ] GC(106) ParOldGen: 738328K(799744K)->742976K(799744K)
[4.715s][info][gc,metaspace   ] GC(106) Metaspace: 6298K(6464K)->6298K(6464K) NonClass: 5765K(5824K)->5765K(5824K) Class: 533K(640K)->533K(640K)
[4.715s][info][gc             ] GC(106) Pause Young (Allocation Failure) 728M->728M(855M) 12.880ms
[4.715s][info][gc,cpu         ] GC(106) User=0.00s Sys=0.00s Real=0.01s
[4.718s][info][gc,start       ] GC(107) Pause Young (Allocation Failure)
[4.730s][info][gc,heap        ] GC(107) PSYoungGen: 5696K(76288K)->3168K(6656K) Eden: 3072K(3072K)->0K(3072K) From: 2624K(73216K)->3168K(3584K)
[4.730s][info][gc,heap        ] GC(107) ParOldGen: 742976K(799744K)->745568K(799744K)
[4.730s][info][gc,metaspace   ] GC(107) Metaspace: 6298K(6464K)->6298K(6464K) NonClass: 5765K(5824K)->5765K(5824K) Class: 533K(640K)->533K(640K)
[4.730s][info][gc             ] GC(107) Pause Young (Allocation Failure) 731M->731M(787M) 12.199ms
[4.730s][info][gc,cpu         ] GC(107) User=0.02s Sys=0.00s Real=0.01s
[4.734s][info][gc,start       ] GC(108) Pause Young (Allocation Failure)
[4.744s][info][gc,heap        ] GC(108) PSYoungGen: 6240K(6656K)->3200K(72704K) Eden: 3072K(3072K)->0K(4096K) From: 3168K(3584K)->3200K(68608K)
[4.744s][info][gc,heap        ] GC(108) ParOldGen: 745568K(799744K)->748672K(799744K)
[4.744s][info][gc,metaspace   ] GC(108) Metaspace: 6298K(6464K)->6298K(6464K) NonClass: 5765K(5824K)->5765K(5824K) Class: 533K(640K)->533K(640K)
[4.744s][info][gc             ] GC(108) Pause Young (Allocation Failure) 734M->734M(852M) 10.006ms
[4.744s][info][gc,cpu         ] GC(108) User=0.00s Sys=0.00s Real=0.01s
[4.748s][info][gc,start       ] GC(109) Pause Young (Allocation Failure)
[4.760s][info][gc,heap        ] GC(109) PSYoungGen: 7296K(72704K)->4192K(8704K) Eden: 4096K(4096K)->0K(4096K) From: 3200K(68608K)->4192K(4608K)
[4.760s][info][gc,heap        ] GC(109) ParOldGen: 748672K(799744K)->751784K(799744K)
[4.760s][info][gc,metaspace   ] GC(109) Metaspace: 6298K(6464K)->6298K(6464K) NonClass: 5765K(5824K)->5765K(5824K) Class: 533K(640K)->533K(640K)
[4.760s][info][gc             ] GC(109) Pause Young (Allocation Failure) 738M->738M(789M) 12.300ms
[4.760s][info][gc,cpu         ] GC(109) User=0.00s Sys=0.00s Real=0.01s
[4.765s][info][gc,start       ] GC(110) Pause Young (Allocation Failure)
[4.776s][info][gc,heap        ] GC(110) PSYoungGen: 8288K(8704K)->4192K(68608K) Eden: 4096K(4096K)->0K(5120K) From: 4192K(4608K)->4192K(63488K)
[4.776s][info][gc,heap        ] GC(110) ParOldGen: 751784K(799744K)->755944K(799744K)
[4.776s][info][gc,metaspace   ] GC(110) Metaspace: 6298K(6464K)->6298K(6464K) NonClass: 5765K(5824K)->5765K(5824K) Class: 533K(640K)->533K(640K)
[4.776s][info][gc             ] GC(110) Pause Young (Allocation Failure) 742M->742M(848M) 11.741ms
[4.776s][info][gc,cpu         ] GC(110) User=0.00s Sys=0.00s Real=0.01s
[4.782s][info][gc,start       ] GC(111) Pause Young (Allocation Failure)
[4.795s][info][gc,heap        ] GC(111) PSYoungGen: 9312K(68608K)->5248K(10752K) Eden: 5120K(5120K)->0K(5120K) From: 4192K(63488K)->5248K(5632K)
[4.795s][info][gc,heap        ] GC(111) ParOldGen: 755944K(799744K)->760096K(799744K)
[4.795s][info][gc,metaspace   ] GC(111) Metaspace: 6298K(6464K)->6298K(6464K) NonClass: 5765K(5824K)->5765K(5824K) Class: 533K(640K)->533K(640K)
[4.795s][info][gc             ] GC(111) Pause Young (Allocation Failure) 747M->747M(791M) 12.724ms
[4.795s][info][gc,cpu         ] GC(111) User=0.02s Sys=0.00s Real=0.01s
[4.801s][info][gc,start       ] GC(112) Pause Young (Allocation Failure)
[4.812s][info][gc,heap        ] GC(112) PSYoungGen: 10368K(10752K)->5184K(62976K) Eden: 5120K(5120K)->0K(6144K) From: 5248K(5632K)->5184K(56832K)
[4.812s][info][gc,heap        ] GC(112) ParOldGen: 760096K(799744K)->765288K(799744K)
[4.812s][info][gc,metaspace   ] GC(112) Metaspace: 6298K(6464K)->6298K(6464K) NonClass: 5765K(5824K)->5765K(5824K) Class: 533K(640K)->533K(640K)
[4.812s][info][gc             ] GC(112) Pause Young (Allocation Failure) 752M->752M(842M) 11.379ms
[4.812s][info][gc,cpu         ] GC(112) User=0.02s Sys=0.00s Real=0.01s
[4.818s][info][gc,start       ] GC(113) Pause Young (Allocation Failure)
[4.831s][info][gc,heap        ] GC(113) PSYoungGen: 11328K(62976K)->6272K(12800K) Eden: 6144K(6144K)->0K(6144K) From: 5184K(56832K)->6272K(6656K)
[4.831s][info][gc,heap        ] GC(113) ParOldGen: 765288K(799744K)->770480K(799744K)
[4.831s][info][gc,metaspace   ] GC(113) Metaspace: 6298K(6464K)->6298K(6464K) NonClass: 5765K(5824K)->5765K(5824K) Class: 533K(640K)->533K(640K)
[4.831s][info][gc             ] GC(113) Pause Young (Allocation Failure) 758M->758M(793M) 12.297ms
[4.831s][info][gc,cpu         ] GC(113) User=0.00s Sys=0.00s Real=0.01s
[4.837s][info][gc,start       ] GC(114) Pause Young (Allocation Failure)
[4.850s][info][gc,heap        ] GC(114) PSYoungGen: 12416K(12800K)->6272K(58368K) Eden: 6144K(6144K)->0K(7680K) From: 6272K(6656K)->6272K(50688K)
[4.850s][info][gc,heap        ] GC(114) ParOldGen: 770480K(799744K)->776712K(799744K)
[4.850s][info][gc,metaspace   ] GC(114) Metaspace: 6298K(6464K)->6298K(6464K) NonClass: 5765K(5824K)->5765K(5824K) Class: 533K(640K)->533K(640K)
[4.850s][info][gc             ] GC(114) Pause Young (Allocation Failure) 764M->764M(838M) 13.293ms
[4.850s][info][gc,cpu         ] GC(114) User=0.00s Sys=0.00s Real=0.01s
[4.858s][info][gc,start       ] GC(115) Pause Young (Allocation Failure)
[4.871s][info][gc,heap        ] GC(115) PSYoungGen: 13952K(58368K)->7776K(15872K) Eden: 7680K(7680K)->0K(7680K) From: 6272K(50688K)->7776K(8192K)
[4.871s][info][gc,heap        ] GC(115) ParOldGen: 776712K(799744K)->782944K(799744K)
[4.871s][info][gc,metaspace   ] GC(115) Metaspace: 6298K(6464K)->6298K(6464K) NonClass: 5765K(5824K)->5765K(5824K) Class: 533K(640K)->533K(640K)
[4.871s][info][gc             ] GC(115) Pause Young (Allocation Failure) 772M->772M(796M) 13.320ms
[4.871s][info][gc,cpu         ] GC(115) User=0.00s Sys=0.00s Real=0.01s
[4.879s][info][gc,start       ] GC(116) Pause Young (Allocation Failure)
[4.894s][info][gc,heap        ] GC(116) PSYoungGen: 15456K(15872K)->7808K(53248K) Eden: 7680K(7680K)->0K(8704K) From: 7776K(8192K)->7808K(44544K)
[4.894s][info][gc,heap        ] GC(116) ParOldGen: 782944K(799744K)->790736K(799744K)
[4.894s][info][gc,metaspace   ] GC(116) Metaspace: 6298K(6464K)->6298K(6464K) NonClass: 5765K(5824K)->5765K(5824K) Class: 533K(640K)->533K(640K)
[4.894s][info][gc             ] GC(116) Pause Young (Allocation Failure) 779M->779M(833M) 14.579ms
[4.894s][info][gc,cpu         ] GC(116) User=0.02s Sys=0.00s Real=0.01s
[4.894s][info][gc,start       ] GC(117) Pause Full (Ergonomics)
[4.894s][info][gc,phases,start] GC(117) Marking Phase
[5.073s][info][gc,phases      ] GC(117) Marking Phase 178.831ms
[5.073s][info][gc,phases,start] GC(117) Summary Phase
[5.073s][info][gc,phases      ] GC(117) Summary Phase 0.028ms
[5.073s][info][gc,phases,start] GC(117) Adjust Roots
[5.073s][info][gc,phases      ] GC(117) Adjust Roots 0.154ms
[5.073s][info][gc,phases,start] GC(117) Compaction Phase
[5.155s][info][gc,phases      ] GC(117) Compaction Phase 81.703ms
[5.155s][info][gc,phases,start] GC(117) Post Compact
[5.156s][info][gc,phases      ] GC(117) Post Compact 1.353ms
[5.156s][info][gc,heap        ] GC(117) PSYoungGen: 7808K(53248K)->0K(56320K) Eden: 0K(8704K)->0K(8704K) From: 7808K(44544K)->0K(47616K)
[5.156s][info][gc,heap        ] GC(117) ParOldGen: 790736K(799744K)->796960K(868352K)
[5.156s][info][gc,metaspace   ] GC(117) Metaspace: 6298K(6464K)->6298K(6464K) NonClass: 5765K(5824K)->5765K(5824K) Class: 533K(640K)->533K(640K)
[5.156s][info][gc             ] GC(117) Pause Full (Ergonomics) 779M->778M(903M) 262.588ms
[5.156s][info][gc,cpu         ] GC(117) User=1.89s Sys=0.00s Real=0.26s
[5.168s][info][gc,start       ] GC(118) Pause Young (Allocation Failure)
[5.180s][info][gc,heap        ] GC(118) PSYoungGen: 8704K(56320K)->8800K(51712K) Eden: 8704K(8704K)->0K(10240K) From: 0K(47616K)->8800K(41472K)
[5.180s][info][gc,heap        ] GC(118) ParOldGen: 796960K(868352K)->796960K(868352K)
[5.180s][info][gc,metaspace   ] GC(118) Metaspace: 6298K(6464K)->6298K(6464K) NonClass: 5765K(5824K)->5765K(5824K) Class: 533K(640K)->533K(640K)
[5.180s][info][gc             ] GC(118) Pause Young (Allocation Failure) 786M->786M(898M) 11.645ms
[5.180s][info][gc,cpu         ] GC(118) User=0.02s Sys=0.00s Real=0.01s
[5.191s][info][gc,start       ] GC(119) Pause Young (Allocation Failure)
[5.204s][info][gc,heap        ] GC(119) PSYoungGen: 19040K(51712K)->10368K(20992K) Eden: 10240K(10240K)->0K(10240K) From: 8800K(41472K)->10368K(10752K)
[5.204s][info][gc,heap        ] GC(119) ParOldGen: 796960K(868352K)->805784K(868352K)
[5.204s][info][gc,metaspace   ] GC(119) Metaspace: 6298K(6464K)->6298K(6464K) NonClass: 5765K(5824K)->5765K(5824K) Class: 533K(640K)->533K(640K)
[5.204s][info][gc             ] GC(119) Pause Young (Allocation Failure) 796M->797M(868M) 13.731ms
[5.204s][info][gc,cpu         ] GC(119) User=0.02s Sys=0.00s Real=0.01s
[5.214s][info][gc,start       ] GC(120) Pause Young (Allocation Failure)
[5.229s][info][gc,heap        ] GC(120) PSYoungGen: 20608K(20992K)->10336K(47616K) Eden: 10240K(10240K)->0K(11776K) From: 10368K(10752K)->10336K(35840K)
[5.229s][info][gc,heap        ] GC(120) ParOldGen: 805784K(868352K)->816168K(868352K)
[5.229s][info][gc,metaspace   ] GC(120) Metaspace: 6298K(6464K)->6298K(6464K) NonClass: 5765K(5824K)->5765K(5824K) Class: 533K(640K)->533K(640K)
[5.229s][info][gc             ] GC(120) Pause Young (Allocation Failure) 807M->807M(894M) 14.362ms
[5.229s][info][gc,cpu         ] GC(120) User=0.02s Sys=0.00s Real=0.01s
[5.241s][info][gc,start       ] GC(121) Pause Young (Allocation Failure)
[5.256s][info][gc,heap        ] GC(121) PSYoungGen: 22112K(47616K)->11872K(24064K) Eden: 11776K(11776K)->0K(11776K) From: 10336K(35840K)->11872K(12288K)
[5.257s][info][gc,heap        ] GC(121) ParOldGen: 816168K(868352K)->826544K(868352K)
[5.257s][info][gc,metaspace   ] GC(121) Metaspace: 6298K(6464K)->6298K(6464K) NonClass: 5765K(5824K)->5765K(5824K) Class: 533K(640K)->533K(640K)
[5.257s][info][gc             ] GC(121) Pause Young (Allocation Failure) 818M->818M(871M) 15.218ms
[5.257s][info][gc,cpu         ] GC(121) User=0.00s Sys=0.00s Real=0.02s
[5.269s][info][gc,start       ] GC(122) Pause Young (Allocation Failure)
[5.285s][info][gc,heap        ] GC(122) PSYoungGen: 23648K(24064K)->11936K(45568K) Eden: 11776K(11776K)->0K(13312K) From: 11872K(12288K)->11936K(32256K)
[5.285s][info][gc,heap        ] GC(122) ParOldGen: 826544K(868352K)->838480K(868352K)
[5.285s][info][gc,metaspace   ] GC(122) Metaspace: 6298K(6464K)->6298K(6464K) NonClass: 5765K(5824K)->5765K(5824K) Class: 533K(640K)->533K(640K)
[5.285s][info][gc             ] GC(122) Pause Young (Allocation Failure) 830M->830M(892M) 16.397ms
[5.285s][info][gc,cpu         ] GC(122) User=0.00s Sys=0.00s Real=0.02s
[5.300s][info][gc,start       ] GC(123) Pause Young (Allocation Failure)
[5.317s][info][gc,heap        ] GC(123) PSYoungGen: 25248K(45568K)->13440K(47616K) Eden: 13312K(13312K)->0K(13312K) From: 11936K(32256K)->13440K(34304K)
[5.317s][info][gc,heap        ] GC(123) ParOldGen: 838480K(868352K)->850432K(868352K)
[5.317s][info][gc,metaspace   ] GC(123) Metaspace: 6298K(6464K)->6298K(6464K) NonClass: 5765K(5824K)->5765K(5824K) Class: 533K(640K)->533K(640K)
[5.317s][info][gc             ] GC(123) Pause Young (Allocation Failure) 843M->843M(894M) 17.222ms
[5.317s][info][gc,cpu         ] GC(123) User=0.02s Sys=0.00s Real=0.02s
[5.331s][info][gc,start       ] GC(124) Pause Young (Allocation Failure)
[5.350s][info][gc,heap        ] GC(124) PSYoungGen: 26752K(47616K)->13440K(45056K) Eden: 13312K(13312K)->0K(15360K) From: 13440K(34304K)->13440K(29696K)
[5.350s][info][gc,heap        ] GC(124) ParOldGen: 850432K(868352K)->863928K(868352K)
[5.350s][info][gc,metaspace   ] GC(124) Metaspace: 6298K(6464K)->6298K(6464K) NonClass: 5765K(5824K)->5765K(5824K) Class: 533K(640K)->533K(640K)
[5.350s][info][gc             ] GC(124) Pause Young (Allocation Failure) 856M->856M(892M) 19.579ms
[5.350s][info][gc,cpu         ] GC(124) User=0.02s Sys=0.00s Real=0.02s
[5.350s][info][gc,start       ] GC(125) Pause Full (Ergonomics)
[5.350s][info][gc,phases,start] GC(125) Marking Phase
[5.556s][info][gc,phases      ] GC(125) Marking Phase 206.062ms
[5.556s][info][gc,phases,start] GC(125) Summary Phase
[5.556s][info][gc,phases      ] GC(125) Summary Phase 0.024ms
[5.556s][info][gc,phases,start] GC(125) Adjust Roots
[5.557s][info][gc,phases      ] GC(125) Adjust Roots 0.153ms
[5.557s][info][gc,phases,start] GC(125) Compaction Phase
[5.639s][info][gc,phases      ] GC(125) Compaction Phase 82.705ms
[5.639s][info][gc,phases,start] GC(125) Post Compact
[5.641s][info][gc,phases      ] GC(125) Post Compact 1.375ms
[5.641s][info][gc,heap        ] GC(125) PSYoungGen: 13440K(45056K)->8184K(46592K) Eden: 0K(15360K)->0K(16896K) From: 13440K(29696K)->8184K(29696K)
[5.641s][info][gc,heap        ] GC(125) ParOldGen: 863928K(868352K)->867917K(950784K)
[5.641s][info][gc,metaspace   ] GC(125) Metaspace: 6298K(6464K)->6298K(6464K) NonClass: 5765K(5824K)->5765K(5824K) Class: 533K(640K)->533K(640K)
[5.641s][info][gc             ] GC(125) Pause Full (Ergonomics) 856M->855M(974M) 290.960ms
[5.641s][info][gc,cpu         ] GC(125) User=1.86s Sys=0.00s Real=0.29s
[5.660s][info][gc,start       ] GC(126) Pause Young (Allocation Failure)
[5.709s][info][gc,heap        ] GC(126) PSYoungGen: 25080K(46592K)->17088K(48128K) Eden: 16896K(16896K)->0K(16896K) From: 8184K(29696K)->17088K(31232K)
[5.709s][info][gc,heap        ] GC(126) ParOldGen: 867917K(950784K)->876253K(950784K)
[5.709s][info][gc,metaspace   ] GC(126) Metaspace: 6298K(6464K)->6298K(6464K) NonClass: 5765K(5824K)->5765K(5824K) Class: 533K(640K)->533K(640K)
[5.709s][info][gc             ] GC(126) Pause Young (Allocation Failure) 872M->872M(975M) 49.248ms
[5.709s][info][gc,cpu         ] GC(126) User=0.39s Sys=0.00s Real=0.05s
[5.728s][info][gc,start       ] GC(127) Pause Young (Allocation Failure)
[5.749s][info][gc,heap        ] GC(127) PSYoungGen: 33984K(48128K)->31232K(44032K) Eden: 16896K(16896K)->0K(12800K) From: 17088K(31232K)->31232K(31232K)
[5.749s][info][gc,heap        ] GC(127) ParOldGen: 876253K(950784K)->878893K(950784K)
[5.749s][info][gc,metaspace   ] GC(127) Metaspace: 6298K(6464K)->6298K(6464K) NonClass: 5765K(5824K)->5765K(5824K) Class: 533K(640K)->533K(640K)
[5.749s][info][gc             ] GC(127) Pause Young (Allocation Failure) 888M->888M(971M) 21.010ms
[5.749s][info][gc,cpu         ] GC(127) User=0.11s Sys=0.02s Real=0.02s
[5.765s][info][gc,start       ] GC(128) Pause Young (Allocation Failure)
[5.794s][info][gc,heap        ] GC(128) PSYoungGen: 44032K(44032K)->12928K(26112K) Eden: 12800K(12800K)->0K(12800K) From: 31232K(31232K)->12928K(13312K)
[5.794s][info][gc,heap        ] GC(128) ParOldGen: 878893K(950784K)->910557K(950784K)
[5.794s][info][gc,metaspace   ] GC(128) Metaspace: 6298K(6464K)->6298K(6464K) NonClass: 5765K(5824K)->5765K(5824K) Class: 533K(640K)->533K(640K)
[5.794s][info][gc             ] GC(128) Pause Young (Allocation Failure) 901M->901M(954M) 28.872ms
[5.794s][info][gc,cpu         ] GC(128) User=0.11s Sys=0.03s Real=0.03s
[5.808s][info][gc,start       ] GC(129) Pause Young (Allocation Failure)
[5.828s][info][gc,heap        ] GC(129) PSYoungGen: 25728K(26112K)->12896K(45568K) Eden: 12800K(12800K)->0K(14336K) From: 12928K(13312K)->12896K(31232K)
[5.828s][info][gc,heap        ] GC(129) ParOldGen: 910557K(950784K)->923541K(950784K)
[5.828s][info][gc,metaspace   ] GC(129) Metaspace: 6298K(6464K)->6298K(6464K) NonClass: 5765K(5824K)->5765K(5824K) Class: 533K(640K)->533K(640K)
[5.828s][info][gc             ] GC(129) Pause Young (Allocation Failure) 914M->914M(973M) 19.842ms
[5.828s][info][gc,cpu         ] GC(129) User=0.02s Sys=0.00s Real=0.02s
[5.849s][info][gc,start       ] GC(130) Pause Young (Allocation Failure)
[5.870s][info][gc,heap        ] GC(130) PSYoungGen: 27232K(45568K)->14432K(47616K) Eden: 14336K(14336K)->0K(14336K) From: 12896K(31232K)->14432K(33280K)
[5.870s][info][gc,heap        ] GC(130) ParOldGen: 923541K(950784K)->936541K(950784K)
[5.870s][info][gc,metaspace   ] GC(130) Metaspace: 6298K(6464K)->6298K(6464K) NonClass: 5765K(5824K)->5765K(5824K) Class: 533K(640K)->533K(640K)
[5.870s][info][gc             ] GC(130) Pause Young (Allocation Failure) 928M->928M(975M) 20.927ms
[5.870s][info][gc,cpu         ] GC(130) User=0.11s Sys=0.00s Real=0.02s
[5.870s][info][gc,start       ] GC(131) Pause Full (Ergonomics)
[5.870s][info][gc,phases,start] GC(131) Marking Phase
[6.111s][info][gc,phases      ] GC(131) Marking Phase 240.618ms
[6.111s][info][gc,phases,start] GC(131) Summary Phase
[6.111s][info][gc,phases      ] GC(131) Summary Phase 0.039ms
[6.111s][info][gc,phases,start] GC(131) Adjust Roots
[6.111s][info][gc,phases      ] GC(131) Adjust Roots 0.257ms
[6.111s][info][gc,phases,start] GC(131) Compaction Phase
[6.212s][info][gc,phases      ] GC(131) Compaction Phase 100.757ms
[6.212s][info][gc,phases,start] GC(131) Post Compact
[6.214s][info][gc,phases      ] GC(131) Post Compact 1.704ms
[6.214s][info][gc,heap        ] GC(131) PSYoungGen: 14432K(47616K)->0K(48128K) Eden: 0K(14336K)->0K(16384K) From: 14432K(33280K)->0K(31744K)
[6.214s][info][gc,heap        ] GC(131) ParOldGen: 936541K(950784K)->949679K(1045504K)
[6.214s][info][gc,metaspace   ] GC(131) Metaspace: 6298K(6464K)->6298K(6464K) NonClass: 5765K(5824K)->5765K(5824K) Class: 533K(640K)->533K(640K)
[6.214s][info][gc             ] GC(131) Pause Full (Ergonomics) 928M->927M(1068M) 344.007ms
[6.214s][info][gc,cpu         ] GC(131) User=2.14s Sys=0.00s Real=0.34s
[6.233s][info][gc,start       ] GC(132) Pause Young (Allocation Failure)
[6.247s][info][gc,heap        ] GC(132) PSYoungGen: 16384K(48128K)->16512K(48128K) Eden: 16384K(16384K)->0K(16384K) From: 0K(31744K)->16512K(31744K)
[6.247s][info][gc,heap        ] GC(132) ParOldGen: 949679K(1045504K)->949679K(1045504K)
[6.247s][info][gc,metaspace   ] GC(132) Metaspace: 6298K(6464K)->6298K(6464K) NonClass: 5765K(5824K)->5765K(5824K) Class: 533K(640K)->533K(640K)
[6.247s][info][gc             ] GC(132) Pause Young (Allocation Failure) 943M->943M(1068M) 14.650ms
[6.247s][info][gc,cpu         ] GC(132) User=0.02s Sys=0.00s Real=0.02s
[6.266s][info][gc,start       ] GC(133) Pause Young (Allocation Failure)
[6.286s][info][gc,heap        ] GC(133) PSYoungGen: 32896K(48128K)->30720K(43520K) Eden: 16384K(16384K)->0K(12800K) From: 16512K(31744K)->30720K(30720K)
[6.286s][info][gc,heap        ] GC(133) ParOldGen: 949679K(1045504K)->951799K(1045504K)
[6.286s][info][gc,metaspace   ] GC(133) Metaspace: 6298K(6464K)->6298K(6464K) NonClass: 5765K(5824K)->5765K(5824K) Class: 533K(640K)->533K(640K)
[6.286s][info][gc             ] GC(133) Pause Young (Allocation Failure) 959M->959M(1063M) 20.135ms
[6.286s][info][gc,cpu         ] GC(133) User=0.03s Sys=0.00s Real=0.02s
[6.301s][info][gc,start       ] GC(134) Pause Young (Allocation Failure)
[6.324s][info][gc,heap        ] GC(134) PSYoungGen: 43520K(43520K)->12960K(48640K) Eden: 12800K(12800K)->0K(12800K) From: 30720K(30720K)->12960K(35840K)
[6.324s][info][gc,heap        ] GC(134) ParOldGen: 951799K(1045504K)->982919K(1045504K)
[6.324s][info][gc,metaspace   ] GC(134) Metaspace: 6298K(6464K)->6298K(6464K) NonClass: 5765K(5824K)->5765K(5824K) Class: 533K(640K)->533K(640K)
[6.324s][info][gc             ] GC(134) Pause Young (Allocation Failure) 971M->972M(1068M) 23.359ms
[6.324s][info][gc,cpu         ] GC(134) User=0.12s Sys=0.02s Real=0.02s
[6.339s][info][gc,start       ] GC(135) Pause Young (Allocation Failure)
[6.356s][info][gc,heap        ] GC(135) PSYoungGen: 25760K(48640K)->25728K(47616K) Eden: 12800K(12800K)->0K(12800K) From: 12960K(35840K)->25728K(34816K)
[6.356s][info][gc,heap        ] GC(135) ParOldGen: 982919K(1045504K)->982919K(1045504K)
[6.356s][info][gc,metaspace   ] GC(135) Metaspace: 6298K(6464K)->6298K(6464K) NonClass: 5765K(5824K)->5765K(5824K) Class: 533K(640K)->533K(640K)
[6.356s][info][gc             ] GC(135) Pause Young (Allocation Failure) 985M->985M(1067M) 16.536ms
[6.356s][info][gc,cpu         ] GC(135) User=0.03s Sys=0.00s Real=0.02s
[6.371s][info][gc,start       ] GC(136) Pause Young (Allocation Failure)
[6.392s][info][gc,heap        ] GC(136) PSYoungGen: 38528K(47616K)->36352K(49152K) Eden: 12800K(12800K)->0K(12800K) From: 25728K(34816K)->36352K(36352K)
[6.392s][info][gc,heap        ] GC(136) ParOldGen: 982919K(1045504K)->985023K(1045504K)
[6.392s][info][gc,metaspace   ] GC(136) Metaspace: 6298K(6464K)->6298K(6464K) NonClass: 5765K(5824K)->5765K(5824K) Class: 533K(640K)->533K(640K)
[6.392s][info][gc             ] GC(136) Pause Young (Allocation Failure) 997M->997M(1069M) 20.790ms
[6.392s][info][gc,cpu         ] GC(136) User=0.12s Sys=0.00s Real=0.02s
[6.407s][info][gc,start       ] GC(137) Pause Young (Allocation Failure)
[6.433s][info][gc,heap        ] GC(137) PSYoungGen: 49152K(49152K)->24640K(55808K) Eden: 12800K(12800K)->0K(14336K) From: 36352K(36352K)->24640K(41472K)
[6.433s][info][gc,heap        ] GC(137) ParOldGen: 985023K(1045504K)->1009975K(1045504K)
[6.433s][info][gc,metaspace   ] GC(137) Metaspace: 6298K(6464K)->6298K(6464K) NonClass: 5765K(5824K)->5765K(5824K) Class: 533K(640K)->533K(640K)
[6.433s][info][gc             ] GC(137) Pause Young (Allocation Failure) 1009M->1010M(1075M) 25.229ms
[6.433s][info][gc,cpu         ] GC(137) User=0.12s Sys=0.02s Real=0.02s
[6.449s][info][gc,start       ] GC(138) Pause Young (Allocation Failure)
[6.471s][info][gc,heap        ] GC(138) PSYoungGen: 38976K(55808K)->27264K(56320K) Eden: 14336K(14336K)->0K(14336K) From: 24640K(41472K)->27264K(41984K)
[6.471s][info][gc,heap        ] GC(138) ParOldGen: 1009975K(1045504K)->1021879K(1045504K)
[6.471s][info][gc,metaspace   ] GC(138) Metaspace: 6298K(6464K)->6298K(6464K) NonClass: 5765K(5824K)->5765K(5824K) Class: 533K(640K)->533K(640K)
[6.471s][info][gc             ] GC(138) Pause Young (Allocation Failure) 1024M->1024M(1076M) 21.589ms
[6.471s][info][gc,cpu         ] GC(138) User=0.11s Sys=0.02s Real=0.02s
[6.471s][info][gc,start       ] GC(139) Pause Full (Ergonomics)
[6.471s][info][gc,phases,start] GC(139) Marking Phase
[6.709s][info][gc,phases      ] GC(139) Marking Phase 238.055ms
[6.709s][info][gc,phases,start] GC(139) Summary Phase
[6.709s][info][gc,phases      ] GC(139) Summary Phase 0.034ms
[6.709s][info][gc,phases,start] GC(139) Adjust Roots
[6.709s][info][gc,phases      ] GC(139) Adjust Roots 0.208ms
[6.709s][info][gc,phases,start] GC(139) Compaction Phase
[6.812s][info][gc,phases      ] GC(139) Compaction Phase 102.344ms
[6.812s][info][gc,phases,start] GC(139) Post Compact
[6.814s][info][gc,phases      ] GC(139) Post Compact 1.979ms
[6.814s][info][gc,heap        ] GC(139) PSYoungGen: 27264K(56320K)->2551K(56320K) Eden: 0K(14336K)->0K(14336K) From: 27264K(41984K)->2551K(41984K)
[6.814s][info][gc,heap        ] GC(139) ParOldGen: 1021879K(1045504K)->1045224K(1155584K)
[6.814s][info][gc,metaspace   ] GC(139) Metaspace: 6298K(6464K)->6298K(6464K) NonClass: 5765K(5824K)->5765K(5824K) Class: 533K(640K)->533K(640K)
[6.814s][info][gc             ] GC(139) Pause Full (Ergonomics) 1024M->1023M(1183M) 343.512ms
[6.814s][info][gc,cpu         ] GC(139) User=2.44s Sys=0.00s Real=0.34s
[6.831s][info][gc,start       ] GC(140) Pause Young (Allocation Failure)
[6.886s][info][gc,heap        ] GC(140) PSYoungGen: 16887K(56320K)->15488K(55808K) Eden: 14336K(14336K)->0K(15872K) From: 2551K(41984K)->15488K(39936K)
[6.886s][info][gc,heap        ] GC(140) ParOldGen: 1045224K(1155584K)->1046800K(1155584K)
[6.886s][info][gc,metaspace   ] GC(140) Metaspace: 6298K(6464K)->6298K(6464K) NonClass: 5765K(5824K)->5765K(5824K) Class: 533K(640K)->533K(640K)
[6.886s][info][gc             ] GC(140) Pause Young (Allocation Failure) 1037M->1037M(1183M) 55.566ms
[6.886s][info][gc,cpu         ] GC(140) User=0.22s Sys=0.02s Real=0.06s
[6.905s][info][gc,start       ] GC(141) Pause Young (Allocation Failure)
[6.924s][info][gc,heap        ] GC(141) PSYoungGen: 31360K(55808K)->31424K(57344K) Eden: 15872K(15872K)->0K(15872K) From: 15488K(39936K)->31424K(41472K)
[6.924s][info][gc,heap        ] GC(141) ParOldGen: 1046800K(1155584K)->1046800K(1155584K)
[6.924s][info][gc,metaspace   ] GC(141) Metaspace: 6298K(6464K)->6298K(6464K) NonClass: 5765K(5824K)->5765K(5824K) Class: 533K(640K)->533K(640K)
[6.924s][info][gc             ] GC(141) Pause Young (Allocation Failure) 1052M->1052M(1184M) 19.178ms
[6.924s][info][gc,cpu         ] GC(141) User=0.05s Sys=0.00s Real=0.02s
[6.942s][info][gc,start       ] GC(142) Pause Young (Allocation Failure)
[6.969s][info][gc,heap        ] GC(142) PSYoungGen: 47296K(57344K)->43520K(54272K) Eden: 15872K(15872K)->0K(10752K) From: 31424K(41472K)->43520K(43520K)
[6.969s][info][gc,heap        ] GC(142) ParOldGen: 1046800K(1155584K)->1050472K(1155584K)
[6.969s][info][gc,metaspace   ] GC(142) Metaspace: 6298K(6464K)->6298K(6464K) NonClass: 5765K(5824K)->5765K(5824K) Class: 533K(640K)->533K(640K)
[6.969s][info][gc             ] GC(142) Pause Young (Allocation Failure) 1068M->1068M(1181M) 26.659ms
[6.969s][info][gc,cpu         ] GC(142) User=0.14s Sys=0.00s Real=0.03s
[6.982s][info][gc,start       ] GC(143) Pause Young (Allocation Failure)
[7.010s][info][gc,heap        ] GC(143) PSYoungGen: 54272K(54272K)->40224K(61440K) Eden: 10752K(10752K)->0K(10752K) From: 43520K(43520K)->40224K(50688K)
[7.010s][info][gc,heap        ] GC(143) ParOldGen: 1050472K(1155584K)->1064840K(1155584K)
[7.010s][info][gc,metaspace   ] GC(143) Metaspace: 6298K(6464K)->6298K(6464K) NonClass: 5765K(5824K)->5765K(5824K) Class: 533K(640K)->533K(640K)
[7.010s][info][gc             ] GC(143) Pause Young (Allocation Failure) 1078M->1079M(1188M) 27.933ms
[7.010s][info][gc,cpu         ] GC(143) User=0.14s Sys=0.00s Real=0.03s
[7.021s][info][gc,start       ] GC(144) Pause Young (Allocation Failure)
[7.048s][info][gc,heap        ] GC(144) PSYoungGen: 50976K(61440K)->36640K(65024K) Eden: 10752K(10752K)->0K(10752K) From: 40224K(50688K)->36640K(54272K)
[7.048s][info][gc,heap        ] GC(144) ParOldGen: 1064840K(1155584K)->1079288K(1155584K)
[7.048s][info][gc,metaspace   ] GC(144) Metaspace: 6298K(6464K)->6298K(6464K) NonClass: 5765K(5824K)->5765K(5824K) Class: 533K(640K)->533K(640K)
[7.048s][info][gc             ] GC(144) Pause Young (Allocation Failure) 1089M->1089M(1192M) 26.464ms
[7.048s][info][gc,cpu         ] GC(144) User=0.12s Sys=0.00s Real=0.03s
[7.060s][info][gc,start       ] GC(145) Pause Young (Allocation Failure)
[7.086s][info][gc,heap        ] GC(145) PSYoungGen: 47392K(65024K)->32384K(66560K) Eden: 10752K(10752K)->0K(10752K) From: 36640K(54272K)->32384K(55808K)
[7.086s][info][gc,heap        ] GC(145) ParOldGen: 1079288K(1155584K)->1094568K(1155584K)
[7.086s][info][gc,metaspace   ] GC(145) Metaspace: 6298K(6464K)->6298K(6464K) NonClass: 5765K(5824K)->5765K(5824K) Class: 533K(640K)->533K(640K)
[7.086s][info][gc             ] GC(145) Pause Young (Allocation Failure) 1100M->1100M(1193M) 25.950ms
[7.086s][info][gc,cpu         ] GC(145) User=0.12s Sys=0.02s Real=0.03s
[7.098s][info][gc,start       ] GC(146) Pause Young (Allocation Failure)
[7.122s][info][gc,heap        ] GC(146) PSYoungGen: 43136K(66560K)->32384K(67072K) Eden: 10752K(10752K)->0K(12800K) From: 32384K(55808K)->32384K(54272K)
[7.122s][info][gc,heap        ] GC(146) ParOldGen: 1094568K(1155584K)->1105456K(1155584K)
[7.122s][info][gc,metaspace   ] GC(146) Metaspace: 6298K(6464K)->6298K(6464K) NonClass: 5765K(5824K)->5765K(5824K) Class: 533K(640K)->533K(640K)
[7.122s][info][gc             ] GC(146) Pause Young (Allocation Failure) 1111M->1111M(1194M) 24.222ms
[7.122s][info][gc,cpu         ] GC(146) User=0.12s Sys=0.00s Real=0.02s
[7.137s][info][gc,start       ] GC(147) Pause Young (Allocation Failure)
[7.162s][info][gc,heap        ] GC(147) PSYoungGen: 45184K(67072K)->23648K(67072K) Eden: 12800K(12800K)->0K(12800K) From: 32384K(54272K)->23648K(54272K)
[7.162s][info][gc,heap        ] GC(147) ParOldGen: 1105456K(1155584K)->1127208K(1155584K)
[7.162s][info][gc,metaspace   ] GC(147) Metaspace: 6298K(6464K)->6298K(6464K) NonClass: 5765K(5824K)->5765K(5824K) Class: 533K(640K)->533K(640K)
[7.162s][info][gc             ] GC(147) Pause Young (Allocation Failure) 1123M->1123M(1194M) 24.757ms
[7.162s][info][gc,cpu         ] GC(147) User=0.12s Sys=0.02s Real=0.03s
[7.162s][info][gc,start       ] GC(148) Pause Full (Ergonomics)
[7.162s][info][gc,phases,start] GC(148) Marking Phase
[7.421s][info][gc,phases      ] GC(148) Marking Phase 259.257ms
[7.421s][info][gc,phases,start] GC(148) Summary Phase
[7.421s][info][gc,phases      ] GC(148) Summary Phase 0.031ms
[7.421s][info][gc,phases,start] GC(148) Adjust Roots
[7.421s][info][gc,phases      ] GC(148) Adjust Roots 0.148ms
[7.421s][info][gc,phases,start] GC(148) Compaction Phase
[7.521s][info][gc,phases      ] GC(148) Compaction Phase 99.631ms
[7.521s][info][gc,phases,start] GC(148) Post Compact
[7.523s][info][gc,phases      ] GC(148) Post Compact 2.025ms
[7.523s][info][gc,heap        ] GC(148) PSYoungGen: 23648K(67072K)->0K(67072K) Eden: 0K(12800K)->0K(14848K) From: 23648K(54272K)->0K(52224K)
[7.523s][info][gc,heap        ] GC(148) ParOldGen: 1127208K(1155584K)->1149417K(1267712K)
[7.524s][info][gc,metaspace   ] GC(148) Metaspace: 6298K(6464K)->6298K(6464K) NonClass: 5765K(5824K)->5765K(5824K) Class: 533K(640K)->533K(640K)
[7.524s][info][gc             ] GC(148) Pause Full (Ergonomics) 1123M->1122M(1303M) 361.846ms
[7.524s][info][gc,cpu         ] GC(148) User=2.66s Sys=0.02s Real=0.36s
[7.544s][info][gc,start       ] GC(149) Pause Young (Allocation Failure)
[7.559s][info][gc,heap        ] GC(149) PSYoungGen: 14848K(67072K)->14976K(67072K) Eden: 14848K(14848K)->0K(14848K) From: 0K(52224K)->14976K(52224K)
[7.559s][info][gc,heap        ] GC(149) ParOldGen: 1149417K(1267712K)->1149417K(1267712K)
[7.559s][info][gc,metaspace   ] GC(149) Metaspace: 6298K(6464K)->6298K(6464K) NonClass: 5765K(5824K)->5765K(5824K) Class: 533K(640K)->533K(640K)
[7.559s][info][gc             ] GC(149) Pause Young (Allocation Failure) 1136M->1137M(1303M) 15.287ms
[7.559s][info][gc,cpu         ] GC(149) User=0.00s Sys=0.00s Real=0.02s
[7.576s][info][gc,start       ] GC(150) Pause Young (Allocation Failure)
[7.594s][info][gc,heap        ] GC(150) PSYoungGen: 29824K(67072K)->29792K(66048K) Eden: 14848K(14848K)->0K(16384K) From: 14976K(52224K)->29792K(49664K)
[7.594s][info][gc,heap        ] GC(150) ParOldGen: 1149417K(1267712K)->1149417K(1267712K)
[7.594s][info][gc,metaspace   ] GC(150) Metaspace: 6298K(6464K)->6298K(6464K) NonClass: 5765K(5824K)->5765K(5824K) Class: 533K(640K)->533K(640K)
[7.594s][info][gc             ] GC(150) Pause Young (Allocation Failure) 1151M->1151M(1302M) 18.014ms
[7.594s][info][gc,cpu         ] GC(150) User=0.03s Sys=0.00s Real=0.02s
[7.614s][info][gc,start       ] GC(151) Pause Young (Allocation Failure)
[7.638s][info][gc,heap        ] GC(151) PSYoungGen: 46176K(66048K)->46208K(67072K) Eden: 16384K(16384K)->0K(16384K) From: 29792K(49664K)->46208K(50688K)
[7.638s][info][gc,heap        ] GC(151) ParOldGen: 1149417K(1267712K)->1149417K(1267712K)
[7.638s][info][gc,metaspace   ] GC(151) Metaspace: 6298K(6464K)->6298K(6464K) NonClass: 5765K(5824K)->5765K(5824K) Class: 533K(640K)->533K(640K)
[7.638s][info][gc             ] GC(151) Pause Young (Allocation Failure) 1167M->1167M(1303M) 24.132ms
[7.638s][info][gc,cpu         ] GC(151) User=0.25s Sys=0.00s Real=0.02s
[7.657s][info][gc,start       ] GC(152) Pause Young (Allocation Failure)
[7.690s][info][gc,heap        ] GC(152) PSYoungGen: 62592K(67072K)->47744K(70144K) Eden: 16384K(16384K)->0K(14336K) From: 46208K(50688K)->47744K(55808K)
[7.690s][info][gc,heap        ] GC(152) ParOldGen: 1149417K(1267712K)->1164473K(1267712K)
[7.690s][info][gc,metaspace   ] GC(152) Metaspace: 6298K(6464K)->6298K(6464K) NonClass: 5765K(5824K)->5765K(5824K) Class: 533K(640K)->533K(640K)
[7.690s][info][gc             ] GC(152) Pause Young (Allocation Failure) 1183M->1183M(1306M) 32.464ms
[7.690s][info][gc,cpu         ] GC(152) User=0.16s Sys=0.00s Real=0.03s
[7.707s][info][gc,start       ] GC(153) Pause Young (Allocation Failure)
[7.738s][info][gc,heap        ] GC(153) PSYoungGen: 62080K(70144K)->47232K(74240K) Eden: 14336K(14336K)->0K(14336K) From: 47744K(55808K)->47232K(59904K)
[7.738s][info][gc,heap        ] GC(153) ParOldGen: 1164473K(1267712K)->1179529K(1267712K)
[7.738s][info][gc,metaspace   ] GC(153) Metaspace: 6298K(6464K)->6298K(6464K) NonClass: 5765K(5824K)->5765K(5824K) Class: 533K(640K)->533K(640K)
[7.738s][info][gc             ] GC(153) Pause Young (Allocation Failure) 1197M->1198M(1310M) 31.202ms
[7.738s][info][gc,cpu         ] GC(153) User=0.14s Sys=0.00s Real=0.03s
[7.755s][info][gc,start       ] GC(154) Pause Young (Allocation Failure)
[7.787s][info][gc,heap        ] GC(154) PSYoungGen: 61568K(74240K)->45152K(78336K) Eden: 14336K(14336K)->0K(14848K) From: 47232K(59904K)->45152K(63488K)
[7.787s][info][gc,heap        ] GC(154) ParOldGen: 1179529K(1267712K)->1196137K(1267712K)
[7.787s][info][gc,metaspace   ] GC(154) Metaspace: 6298K(6464K)->6298K(6464K) NonClass: 5765K(5824K)->5765K(5824K) Class: 533K(640K)->533K(640K)
[7.787s][info][gc             ] GC(154) Pause Young (Allocation Failure) 1212M->1212M(1314M) 32.338ms
[7.787s][info][gc,cpu         ] GC(154) User=0.14s Sys=0.02s Real=0.03s
[7.805s][info][gc,start       ] GC(155) Pause Young (Allocation Failure)
[7.836s][info][gc,heap        ] GC(155) PSYoungGen: 60000K(78336K)->43648K(79872K) Eden: 14848K(14848K)->0K(14848K) From: 45152K(63488K)->43648K(65024K)
[7.836s][info][gc,heap        ] GC(155) ParOldGen: 1196137K(1267712K)->1212769K(1267712K)
[7.836s][info][gc,metaspace   ] GC(155) Metaspace: 6298K(6464K)->6298K(6464K) NonClass: 5765K(5824K)->5765K(5824K) Class: 533K(640K)->533K(640K)
[7.836s][info][gc             ] GC(155) Pause Young (Allocation Failure) 1226M->1226M(1316M) 31.112ms
[7.836s][info][gc,cpu         ] GC(155) User=0.11s Sys=0.02s Real=0.03s
[7.853s][info][gc,start       ] GC(156) Pause Young (Allocation Failure)
[7.884s][info][gc,heap        ] GC(156) PSYoungGen: 58496K(79872K)->29856K(77824K) Eden: 14848K(14848K)->0K(16896K) From: 43648K(65024K)->29856K(60928K)
[7.884s][info][gc,heap        ] GC(156) ParOldGen: 1212769K(1267712K)->1241817K(1267712K)
[7.884s][info][gc,metaspace   ] GC(156) Metaspace: 6298K(6464K)->6298K(6464K) NonClass: 5765K(5824K)->5765K(5824K) Class: 533K(640K)->533K(640K)
[7.884s][info][gc             ] GC(156) Pause Young (Allocation Failure) 1241M->1241M(1314M) 30.953ms
[7.884s][info][gc,cpu         ] GC(156) User=0.12s Sys=0.02s Real=0.03s
[7.884s][info][gc,start       ] GC(157) Pause Full (Ergonomics)
[7.884s][info][gc,phases,start] GC(157) Marking Phase
[8.176s][info][gc,phases      ] GC(157) Marking Phase 291.965ms
[8.176s][info][gc,phases,start] GC(157) Summary Phase
[8.176s][info][gc,phases      ] GC(157) Summary Phase 0.033ms
[8.176s][info][gc,phases,start] GC(157) Adjust Roots
[8.177s][info][gc,phases      ] GC(157) Adjust Roots 0.146ms
[8.177s][info][gc,phases,start] GC(157) Compaction Phase
[8.281s][info][gc,phases      ] GC(157) Compaction Phase 104.855ms
[8.281s][info][gc,phases,start] GC(157) Post Compact
[8.284s][info][gc,phases      ] GC(157) Post Compact 2.059ms
[8.284s][info][gc,heap        ] GC(157) PSYoungGen: 29856K(77824K)->2558K(80384K) Eden: 0K(16896K)->0K(19456K) From: 29856K(60928K)->2558K(60928K)
[8.284s][info][gc,heap        ] GC(157) ParOldGen: 1241817K(1267712K)->1267444K(1399296K)
[8.284s][info][gc,metaspace   ] GC(157) Metaspace: 6298K(6464K)->6298K(6464K) NonClass: 5765K(5824K)->5765K(5824K) Class: 533K(640K)->533K(640K)
[8.284s][info][gc             ] GC(157) Pause Full (Ergonomics) 1241M->1240M(1445M) 399.828ms
[8.284s][info][gc,cpu         ] GC(157) User=3.00s Sys=0.00s Real=0.40s
[8.312s][info][gc,start       ] GC(158) Pause Young (Allocation Failure)
[8.379s][info][gc,heap        ] GC(158) PSYoungGen: 22014K(80384K)->19616K(82944K) Eden: 19456K(19456K)->0K(19456K) From: 2558K(60928K)->19616K(63488K)
[8.379s][info][gc,heap        ] GC(158) ParOldGen: 1267444K(1399296K)->1270084K(1399296K)
[8.379s][info][gc,metaspace   ] GC(158) Metaspace: 6298K(6464K)->6298K(6464K) NonClass: 5765K(5824K)->5765K(5824K) Class: 533K(640K)->533K(640K)
[8.379s][info][gc             ] GC(158) Pause Young (Allocation Failure) 1259M->1259M(1447M) 67.089ms
[8.379s][info][gc,cpu         ] GC(158) User=0.38s Sys=0.00s Real=0.07s
[8.402s][info][gc,start       ] GC(159) Pause Young (Allocation Failure)
[8.425s][info][gc,heap        ] GC(159) PSYoungGen: 39072K(82944K)->15904K(84480K) Eden: 19456K(19456K)->0K(21504K) From: 19616K(63488K)->15904K(62976K)
[8.425s][info][gc,heap        ] GC(159) ParOldGen: 1270084K(1399296K)->1289820K(1399296K)
[8.425s][info][gc,metaspace   ] GC(159) Metaspace: 6298K(6464K)->6298K(6464K) NonClass: 5765K(5824K)->5765K(5824K) Class: 533K(640K)->533K(640K)
[8.425s][info][gc             ] GC(159) Pause Young (Allocation Failure) 1278M->1275M(1449M) 22.653ms
[8.425s][info][gc,cpu         ] GC(159) User=0.11s Sys=0.02s Real=0.02s
[8.442s][info][gc,start       ] GC(160) Pause Young (Allocation Failure)
[8.461s][info][gc,heap        ] GC(160) PSYoungGen: 37408K(84480K)->11296K(84480K) Eden: 21504K(21504K)->0K(21504K) From: 15904K(62976K)->11296K(62976K)
[8.461s][info][gc,heap        ] GC(160) ParOldGen: 1289820K(1399296K)->1305780K(1399296K)
[8.461s][info][gc,metaspace   ] GC(160) Metaspace: 6298K(6464K)->6298K(6464K) NonClass: 5765K(5824K)->5765K(5824K) Class: 533K(640K)->533K(640K)
[8.461s][info][gc             ] GC(160) Pause Young (Allocation Failure) 1296M->1286M(1449M) 19.104ms
[8.461s][info][gc,cpu         ] GC(160) User=0.12s Sys=0.00s Real=0.02s
[8.483s][info][gc,start       ] GC(161) Pause Young (Allocation Failure)
[8.503s][info][gc,heap        ] GC(161) PSYoungGen: 32800K(84480K)->17408K(83968K) Eden: 21504K(21504K)->0K(24064K) From: 11296K(62976K)->17408K(59904K)
[8.503s][info][gc,heap        ] GC(161) ParOldGen: 1305780K(1399296K)->1317108K(1399296K)
[8.503s][info][gc,metaspace   ] GC(161) Metaspace: 6298K(6464K)->6298K(6464K) NonClass: 5765K(5824K)->5765K(5824K) Class: 533K(640K)->533K(640K)
[8.503s][info][gc             ] GC(161) Pause Young (Allocation Failure) 1307M->1303M(1448M) 20.240ms
[8.503s][info][gc,cpu         ] GC(161) User=0.09s Sys=0.03s Real=0.02s
[8.535s][info][gc,start       ] GC(162) Pause Young (Allocation Failure)
[8.562s][info][gc,heap        ] GC(162) PSYoungGen: 41472K(83968K)->24224K(85504K) Eden: 24064K(24064K)->0K(24064K) From: 17408K(59904K)->24224K(61440K)
[8.562s][info][gc,heap        ] GC(162) ParOldGen: 1317108K(1399296K)->1334596K(1399296K)
[8.562s][info][gc,metaspace   ] GC(162) Metaspace: 6298K(6464K)->6298K(6464K) NonClass: 5765K(5824K)->5765K(5824K) Class: 533K(640K)->533K(640K)
[8.562s][info][gc             ] GC(162) Pause Young (Allocation Failure) 1326M->1326M(1450M) 26.447ms
[8.562s][info][gc,cpu         ] GC(162) User=0.11s Sys=0.03s Real=0.03s
[8.594s][info][gc,start       ] GC(163) Pause Young (Allocation Failure)
[8.621s][info][gc,heap        ] GC(163) PSYoungGen: 48288K(85504K)->48288K(80896K) Eden: 24064K(24064K)->0K(22016K) From: 24224K(61440K)->48288K(58880K)
[8.622s][info][gc,heap        ] GC(163) ParOldGen: 1334596K(1399296K)->1334596K(1399296K)
[8.622s][info][gc,metaspace   ] GC(163) Metaspace: 6298K(6464K)->6298K(6464K) NonClass: 5765K(5824K)->5765K(5824K) Class: 533K(640K)->533K(640K)
[8.622s][info][gc             ] GC(163) Pause Young (Allocation Failure) 1350M->1350M(1445M) 27.852ms
[8.622s][info][gc,cpu         ] GC(163) User=0.14s Sys=0.00s Real=0.03s
[8.650s][info][gc,start       ] GC(164) Pause Young (Allocation Failure)
[8.688s][info][gc,heap        ] GC(164) PSYoungGen: 70304K(80896K)->63488K(85504K) Eden: 22016K(22016K)->0K(22016K) From: 48288K(58880K)->63488K(63488K)
[8.688s][info][gc,heap        ] GC(164) ParOldGen: 1334596K(1399296K)->1341412K(1399296K)
[8.688s][info][gc,metaspace   ] GC(164) Metaspace: 6298K(6464K)->6298K(6464K) NonClass: 5765K(5824K)->5765K(5824K) Class: 533K(640K)->533K(640K)
[8.688s][info][gc             ] GC(164) Pause Young (Allocation Failure) 1371M->1371M(1450M) 37.309ms
[8.688s][info][gc,cpu         ] GC(164) User=0.25s Sys=0.00s Real=0.04s
[8.968s][info][gc,start       ] GC(165) Pause Young (Allocation Failure)
[9.042s][info][gc,heap        ] GC(165) PSYoungGen: 85504K(85504K)->42592K(96768K) Eden: 22016K(22016K)->0K(24064K) From: 63488K(63488K)->42592K(72704K)
[9.042s][info][gc,heap        ] GC(165) ParOldGen: 1406948K(1465344K)->1450468K(1465344K)
[9.042s][info][gc,metaspace   ] GC(165) Metaspace: 6298K(6464K)->6298K(6464K) NonClass: 5765K(5824K)->5765K(5824K) Class: 533K(640K)->533K(640K)
[9.042s][info][gc             ] GC(165) Pause Young (Allocation Failure) 1457M->1458M(1525M) 74.409ms
[9.042s][info][gc,cpu         ] GC(165) User=0.39s Sys=0.02s Real=0.08s
[9.042s][info][gc,start       ] GC(166) Pause Full (Ergonomics)
[9.042s][info][gc,phases,start] GC(166) Marking Phase
[9.358s][info][gc,phases      ] GC(166) Marking Phase 316.205ms
[9.358s][info][gc,phases,start] GC(166) Summary Phase
[9.358s][info][gc,phases      ] GC(166) Summary Phase 0.043ms
[9.359s][info][gc,phases,start] GC(166) Adjust Roots
[9.359s][info][gc,phases      ] GC(166) Adjust Roots 0.163ms
[9.359s][info][gc,phases,start] GC(166) Compaction Phase
[9.596s][info][gc,phases      ] GC(166) Compaction Phase 236.954ms
[9.596s][info][gc,phases,start] GC(166) Post Compact
[9.599s][info][gc,phases      ] GC(166) Post Compact 2.871ms
[9.599s][info][gc,heap        ] GC(166) PSYoungGen: 42592K(96768K)->0K(98304K) Eden: 0K(24064K)->0K(24064K) From: 42592K(72704K)->0K(74240K)
[9.599s][info][gc,heap        ] GC(166) ParOldGen: 1450468K(1465344K)->1458292K(1607168K)
[9.599s][info][gc,metaspace   ] GC(166) Metaspace: 6298K(6464K)->6298K(6464K) NonClass: 5765K(5824K)->5765K(5824K) Class: 533K(640K)->533K(640K)
[9.599s][info][gc             ] GC(166) Pause Full (Ergonomics) 1458M->1424M(1665M) 557.059ms
[9.599s][info][gc,cpu         ] GC(166) User=3.70s Sys=0.00s Real=0.56s
[9.624s][info][gc,start       ] GC(167) Pause Young (Allocation Failure)
[9.646s][info][gc,heap        ] GC(167) PSYoungGen: 24064K(98304K)->24192K(95744K) Eden: 24064K(24064K)->0K(26112K) From: 0K(74240K)->24192K(69632K)
[9.646s][info][gc,heap        ] GC(167) ParOldGen: 1458292K(1607168K)->1458292K(1607168K)
[9.646s][info][gc,metaspace   ] GC(167) Metaspace: 6298K(6464K)->6298K(6464K) NonClass: 5765K(5824K)->5765K(5824K) Class: 533K(640K)->533K(640K)
[9.646s][info][gc             ] GC(167) Pause Young (Allocation Failure) 1447M->1447M(1663M) 22.375ms
[9.646s][info][gc,cpu         ] GC(167) User=0.05s Sys=0.00s Real=0.02s
[9.669s][info][gc,start       ] GC(168) Pause Young (Allocation Failure)
[9.698s][info][gc,heap        ] GC(168) PSYoungGen: 50304K(95744K)->50336K(98304K) Eden: 26112K(26112K)->0K(26112K) From: 24192K(69632K)->50336K(72192K)
[9.698s][info][gc,heap        ] GC(168) ParOldGen: 1458292K(1607168K)->1458292K(1607168K)
[9.698s][info][gc,metaspace   ] GC(168) Metaspace: 6298K(6464K)->6298K(6464K) NonClass: 5765K(5824K)->5765K(5824K) Class: 533K(640K)->533K(640K)
[9.698s][info][gc             ] GC(168) Pause Young (Allocation Failure) 1473M->1473M(1665M) 29.431ms
[9.698s][info][gc,cpu         ] GC(168) User=0.06s Sys=0.00s Real=0.03s
[9.724s][info][gc,start       ] GC(169) Pause Young (Allocation Failure)
[9.762s][info][gc,heap        ] GC(169) PSYoungGen: 76448K(98304K)->74752K(92160K) Eden: 26112K(26112K)->0K(17408K) From: 50336K(72192K)->74752K(74752K)
[9.762s][info][gc,heap        ] GC(169) ParOldGen: 1458292K(1607168K)->1459948K(1607168K)
[9.762s][info][gc,metaspace   ] GC(169) Metaspace: 6298K(6464K)->6298K(6464K) NonClass: 5765K(5824K)->5765K(5824K) Class: 533K(640K)->533K(640K)
[9.762s][info][gc             ] GC(169) Pause Young (Allocation Failure) 1498M->1498M(1659M) 37.734ms
[9.762s][info][gc,cpu         ] GC(169) User=0.25s Sys=0.00s Real=0.04s
[9.780s][info][gc,start       ] GC(170) Pause Young (Allocation Failure)
[9.823s][info][gc,heap        ] GC(170) PSYoungGen: 92160K(92160K)->86016K(103424K) Eden: 17408K(17408K)->0K(17408K) From: 74752K(74752K)->86016K(86016K)
[9.823s][info][gc,heap        ] GC(170) ParOldGen: 1459948K(1607168K)->1466204K(1607168K)
[9.823s][info][gc,metaspace   ] GC(170) Metaspace: 6298K(6464K)->6298K(6464K) NonClass: 5765K(5824K)->5765K(5824K) Class: 533K(640K)->533K(640K)
[9.823s][info][gc             ] GC(170) Pause Young (Allocation Failure) 1515M->1515M(1670M) 42.866ms
[9.823s][info][gc,cpu         ] GC(170) User=0.25s Sys=0.02s Real=0.04s
[9.841s][info][gc,start       ] GC(171) Pause Young (Allocation Failure)
[9.889s][info][gc,heap        ] GC(171) PSYoungGen: 103424K(103424K)->56288K(118272K) Eden: 17408K(17408K)->0K(19456K) From: 86016K(86016K)->56288K(98816K)
[9.889s][info][gc,heap        ] GC(171) ParOldGen: 1466204K(1607168K)->1513940K(1607168K)
[9.889s][info][gc,metaspace   ] GC(171) Metaspace: 6298K(6464K)->6298K(6464K) NonClass: 5765K(5824K)->5765K(5824K) Class: 533K(640K)->533K(640K)
[9.889s][info][gc             ] GC(171) Pause Young (Allocation Failure) 1532M->1533M(1685M) 48.246ms
[9.889s][info][gc,cpu         ] GC(171) User=0.27s Sys=0.00s Real=0.05s
[9.909s][info][gc,start       ] GC(172) Pause Young (Allocation Failure)
[9.948s][info][gc,heap        ] GC(172) PSYoungGen: 75744K(118272K)->37024K(56832K) Eden: 19456K(19456K)->0K(19456K) From: 56288K(98816K)->37024K(37376K)
[9.948s][info][gc,heap        ] GC(172) ParOldGen: 1513940K(1607168K)->1553188K(1607168K)
[9.948s][info][gc,metaspace   ] GC(172) Metaspace: 6298K(6464K)->6298K(6464K) NonClass: 5765K(5824K)->5765K(5824K) Class: 533K(640K)->533K(640K)
[9.948s][info][gc             ] GC(172) Pause Young (Allocation Failure) 1552M->1552M(1625M) 38.584ms
[9.948s][info][gc,cpu         ] GC(172) User=0.22s Sys=0.05s Real=0.04s
[9.967s][info][gc,start       ] GC(173) Pause Young (Allocation Failure)
[10.000s][info][gc,heap        ] GC(173) PSYoungGen: 56480K(56832K)->19584K(115712K) Eden: 19456K(19456K)->0K(22016K) From: 37024K(37376K)->19584K(93696K)
[10.000s][info][gc,heap        ] GC(173) ParOldGen: 1553188K(1607168K)->1590516K(1607168K)
[10.000s][info][gc,metaspace   ] GC(173) Metaspace: 6298K(6464K)->6298K(6464K) NonClass: 5765K(5824K)->5765K(5824K) Class: 533K(640K)->533K(640K)
[10.001s][info][gc             ] GC(173) Pause Young (Allocation Failure) 1571M->1572M(1682M) 33.226ms
[10.001s][info][gc,cpu         ] GC(173) User=0.14s Sys=0.02s Real=0.03s
[10.001s][info][gc,start       ] GC(174) Pause Full (Ergonomics)
[10.001s][info][gc,phases,start] GC(174) Marking Phase
[10.348s][info][gc,phases      ] GC(174) Marking Phase 347.576ms
[10.348s][info][gc,phases,start] GC(174) Summary Phase
[10.348s][info][gc,phases      ] GC(174) Summary Phase 0.029ms
[10.348s][info][gc,phases,start] GC(174) Adjust Roots
[10.349s][info][gc,phases      ] GC(174) Adjust Roots 0.234ms
[10.349s][info][gc,phases,start] GC(174) Compaction Phase
[10.795s][info][gc,phases      ] GC(174) Compaction Phase 446.765ms
[10.795s][info][gc,phases,start] GC(174) Post Compact
[10.798s][info][gc,phases      ] GC(174) Post Compact 2.877ms
[10.799s][info][gc,heap        ] GC(174) PSYoungGen: 19584K(115712K)->1041K(116736K) Eden: 0K(22016K)->0K(23040K) From: 19584K(93696K)->1041K(93696K)
[10.799s][info][gc,heap        ] GC(174) ParOldGen: 1590516K(1607168K)->1607051K(1784320K)
[10.799s][info][gc,metaspace   ] GC(174) Metaspace: 6298K(6464K)->6298K(6464K) NonClass: 5765K(5824K)->5765K(5824K) Class: 533K(640K)->533K(640K)
[10.799s][info][gc             ] GC(174) Pause Full (Ergonomics) 1572M->1570M(1856M) 798.408ms
[10.799s][info][gc,cpu         ] GC(174) User=5.67s Sys=0.02s Real=0.80s
[10.824s][info][gc,start       ] GC(175) Pause Young (Allocation Failure)
[10.904s][info][gc,heap        ] GC(175) PSYoungGen: 24081K(116736K)->23168K(117760K) Eden: 23040K(23040K)->0K(23040K) From: 1041K(93696K)->23168K(94720K)
[10.904s][info][gc,heap        ] GC(175) ParOldGen: 1607051K(1784320K)->1608155K(1784320K)
[10.904s][info][gc,metaspace   ] GC(175) Metaspace: 6298K(6464K)->6298K(6464K) NonClass: 5765K(5824K)->5765K(5824K) Class: 533K(640K)->533K(640K)
[10.904s][info][gc             ] GC(175) Pause Young (Allocation Failure) 1592M->1593M(1857M) 80.712ms
[10.904s][info][gc,cpu         ] GC(175) User=0.50s Sys=0.00s Real=0.08s
[10.929s][info][gc,start       ] GC(176) Pause Young (Allocation Failure)
[10.959s][info][gc,heap        ] GC(176) PSYoungGen: 46208K(117760K)->46208K(112640K) Eden: 23040K(23040K)->0K(25600K) From: 23168K(94720K)->46208K(87040K)
[10.959s][info][gc,heap        ] GC(176) ParOldGen: 1608155K(1784320K)->1608155K(1784320K)
[10.959s][info][gc,metaspace   ] GC(176) Metaspace: 6298K(6464K)->6298K(6464K) NonClass: 5765K(5824K)->5765K(5824K) Class: 533K(640K)->533K(640K)
[10.959s][info][gc             ] GC(176) Pause Young (Allocation Failure) 1615M->1615M(1852M) 30.433ms
[10.959s][info][gc,cpu         ] GC(176) User=0.05s Sys=0.00s Real=0.03s
[10.985s][info][gc,start       ] GC(177) Pause Young (Allocation Failure)
[11.022s][info][gc,heap        ] GC(177) PSYoungGen: 71808K(112640K)->71872K(115712K) Eden: 25600K(25600K)->0K(25600K) From: 46208K(87040K)->71872K(90112K)
[11.022s][info][gc,heap        ] GC(177) ParOldGen: 1608155K(1784320K)->1608155K(1784320K)
[11.022s][info][gc,metaspace   ] GC(177) Metaspace: 6298K(6464K)->6298K(6464K) NonClass: 5765K(5824K)->5765K(5824K) Class: 533K(640K)->533K(640K)
[11.023s][info][gc             ] GC(177) Pause Young (Allocation Failure) 1640M->1640M(1855M) 37.920ms
[11.023s][info][gc,cpu         ] GC(177) User=0.17s Sys=0.00s Real=0.04s
[11.050s][info][gc,start       ] GC(178) Pause Young (Allocation Failure)
[11.098s][info][gc,heap        ] GC(178) PSYoungGen: 97472K(115712K)->74432K(118784K) Eden: 25600K(25600K)->0K(22528K) From: 71872K(90112K)->74432K(96256K)
[11.098s][info][gc,heap        ] GC(178) ParOldGen: 1608155K(1784320K)->1631499K(1784320K)
[11.098s][info][gc,metaspace   ] GC(178) Metaspace: 6298K(6464K)->6298K(6464K) NonClass: 5765K(5824K)->5765K(5824K) Class: 533K(640K)->533K(640K)
[11.098s][info][gc             ] GC(178) Pause Young (Allocation Failure) 1665M->1665M(1858M) 48.136ms
[11.098s][info][gc,cpu         ] GC(178) User=0.25s Sys=0.02s Real=0.05s
[11.121s][info][gc,start       ] GC(179) Pause Young (Allocation Failure)
[11.169s][info][gc,heap        ] GC(179) PSYoungGen: 96960K(118784K)->73920K(124928K) Eden: 22528K(22528K)->0K(22528K) From: 74432K(96256K)->73920K(102400K)
[11.169s][info][gc,heap        ] GC(179) ParOldGen: 1631499K(1784320K)->1654851K(1784320K)
[11.169s][info][gc,metaspace   ] GC(179) Metaspace: 6298K(6464K)->6298K(6464K) NonClass: 5765K(5824K)->5765K(5824K) Class: 533K(640K)->533K(640K)
[11.169s][info][gc             ] GC(179) Pause Young (Allocation Failure) 1687M->1688M(1864M) 47.429ms
[11.169s][info][gc,cpu         ] GC(179) User=0.25s Sys=0.00s Real=0.05s
[11.196s][info][gc,start       ] GC(180) Pause Young (Allocation Failure)
[11.244s][info][gc,heap        ] GC(180) PSYoungGen: 96448K(124928K)->70848K(130560K) Eden: 22528K(22528K)->0K(23552K) From: 73920K(102400K)->70848K(107008K)
[11.244s][info][gc,heap        ] GC(180) ParOldGen: 1654851K(1784320K)->1680787K(1784320K)
[11.244s][info][gc,metaspace   ] GC(180) Metaspace: 6298K(6464K)->6298K(6464K) NonClass: 5765K(5824K)->5765K(5824K) Class: 533K(640K)->533K(640K)
[11.244s][info][gc             ] GC(180) Pause Young (Allocation Failure) 1710M->1710M(1870M) 48.485ms
[11.244s][info][gc,cpu         ] GC(180) User=0.28s Sys=0.00s Real=0.05s
[11.270s][info][gc,start       ] GC(181) Pause Young (Allocation Failure)
[11.317s][info][gc,heap        ] GC(181) PSYoungGen: 94400K(130560K)->68768K(132608K) Eden: 23552K(23552K)->0K(23552K) From: 70848K(107008K)->68768K(109056K)
[11.317s][info][gc,heap        ] GC(181) ParOldGen: 1680787K(1784320K)->1706723K(1784320K)
[11.317s][info][gc,metaspace   ] GC(181) Metaspace: 6298K(6464K)->6298K(6464K) NonClass: 5765K(5824K)->5765K(5824K) Class: 533K(640K)->533K(640K)
[11.317s][info][gc             ] GC(181) Pause Young (Allocation Failure) 1733M->1733M(1872M) 46.933ms
[11.317s][info][gc,cpu         ] GC(181) User=0.25s Sys=0.00s Real=0.05s
[11.344s][info][gc,start       ] GC(182) Pause Young (Allocation Failure)
[11.391s][info][gc,heap        ] GC(182) PSYoungGen: 92320K(132608K)->47296K(127488K) Eden: 23552K(23552K)->0K(27136K) From: 68768K(109056K)->47296K(100352K)
[11.391s][info][gc,heap        ] GC(182) ParOldGen: 1706723K(1784320K)->1752379K(1784320K)
[11.391s][info][gc,metaspace   ] GC(182) Metaspace: 6298K(6464K)->6298K(6464K) NonClass: 5765K(5824K)->5765K(5824K) Class: 533K(640K)->533K(640K)
[11.391s][info][gc             ] GC(182) Pause Young (Allocation Failure) 1756M->1757M(1867M) 47.162ms
[11.391s][info][gc,cpu         ] GC(182) User=0.23s Sys=0.03s Real=0.05s
[11.391s][info][gc,start       ] GC(183) Pause Full (Ergonomics)
[11.391s][info][gc,phases,start] GC(183) Marking Phase
[11.787s][info][gc,phases      ] GC(183) Marking Phase 395.484ms
[11.787s][info][gc,phases,start] GC(183) Summary Phase
[11.787s][info][gc,phases      ] GC(183) Summary Phase 0.038ms
[11.787s][info][gc,phases,start] GC(183) Adjust Roots
[11.787s][info][gc,phases      ] GC(183) Adjust Roots 0.163ms
[11.787s][info][gc,phases,start] GC(183) Compaction Phase
[11.959s][info][gc,phases      ] GC(183) Compaction Phase 171.692ms
[11.959s][info][gc,phases,start] GC(183) Post Compact
[11.962s][info][gc,phases      ] GC(183) Post Compact 3.228ms
[11.963s][info][gc,heap        ] GC(183) PSYoungGen: 47296K(127488K)->13321K(131072K) Eden: 0K(27136K)->0K(30720K) From: 47296K(100352K)->13321K(100352K)
[11.963s][info][gc,heap        ] GC(183) ParOldGen: 1752379K(1784320K)->1783951K(1977344K)
[11.963s][info][gc,metaspace   ] GC(183) Metaspace: 6298K(6464K)->6298K(6464K) NonClass: 5765K(5824K)->5765K(5824K) Class: 533K(640K)->533K(640K)
[11.963s][info][gc             ] GC(183) Pause Full (Ergonomics) 1757M->1755M(2059M) 571.603ms
[11.963s][info][gc,cpu         ] GC(183) User=4.16s Sys=0.02s Real=0.57s
[11.996s][info][gc,start       ] GC(184) Pause Young (Allocation Failure)
[12.092s][info][gc,heap        ] GC(184) PSYoungGen: 44041K(131072K)->30912K(135680K) Eden: 30720K(30720K)->0K(30720K) From: 13321K(100352K)->30912K(104960K)
[12.092s][info][gc,heap        ] GC(184) ParOldGen: 1783951K(1977344K)->1797455K(1977344K)
[12.092s][info][gc,metaspace   ] GC(184) Metaspace: 6298K(6464K)->6298K(6464K) NonClass: 5765K(5824K)->5765K(5824K) Class: 533K(640K)->533K(640K)
[12.092s][info][gc             ] GC(184) Pause Young (Allocation Failure) 1785M->1785M(2063M) 96.313ms
[12.092s][info][gc,cpu         ] GC(184) User=0.62s Sys=0.00s Real=0.10s
[12.124s][info][gc,start       ] GC(185) Pause Young (Allocation Failure)
[12.160s][info][gc,heap        ] GC(185) PSYoungGen: 61632K(135680K)->30912K(135168K) Eden: 30720K(30720K)->0K(34304K) From: 30912K(104960K)->30912K(100864K)
[12.160s][info][gc,heap        ] GC(185) ParOldGen: 1797455K(1977344K)->1828591K(1977344K)
[12.160s][info][gc,metaspace   ] GC(185) Metaspace: 6298K(6464K)->6298K(6464K) NonClass: 5765K(5824K)->5765K(5824K) Class: 533K(640K)->533K(640K)
[12.160s][info][gc             ] GC(185) Pause Young (Allocation Failure) 1815M->1815M(2063M) 36.271ms
[12.160s][info][gc,cpu         ] GC(185) User=0.17s Sys=0.00s Real=0.04s
[12.198s][info][gc,start       ] GC(186) Pause Young (Allocation Failure)
[12.236s][info][gc,heap        ] GC(186) PSYoungGen: 65216K(135168K)->34464K(136192K) Eden: 34304K(34304K)->0K(34304K) From: 30912K(100864K)->34464K(101888K)
[12.236s][info][gc,heap        ] GC(186) ParOldGen: 1828591K(1977344K)->1859711K(1977344K)
[12.236s][info][gc,metaspace   ] GC(186) Metaspace: 6298K(6464K)->6298K(6464K) NonClass: 5765K(5824K)->5765K(5824K) Class: 533K(640K)->533K(640K)
[12.236s][info][gc             ] GC(186) Pause Young (Allocation Failure) 1849M->1849M(2064M) 37.983ms
[12.236s][info][gc,cpu         ] GC(186) User=0.25s Sys=0.00s Real=0.04s
[12.274s][info][gc,start       ] GC(187) Pause Young (Allocation Failure)
[12.313s][info][gc,heap        ] GC(187) PSYoungGen: 68768K(136192K)->34464K(131072K) Eden: 34304K(34304K)->0K(38400K) From: 34464K(101888K)->34464K(92672K)
[12.313s][info][gc,heap        ] GC(187) ParOldGen: 1859711K(1977344K)->1894495K(1977344K)
[12.313s][info][gc,metaspace   ] GC(187) Metaspace: 6298K(6464K)->6298K(6464K) NonClass: 5765K(5824K)->5765K(5824K) Class: 533K(640K)->533K(640K)
[12.313s][info][gc             ] GC(187) Pause Young (Allocation Failure) 1883M->1883M(2059M) 39.222ms
[12.314s][info][gc,cpu         ] GC(187) User=0.25s Sys=0.00s Real=0.04s
[12.357s][info][gc,start       ] GC(188) Pause Young (Allocation Failure)
[12.398s][info][gc,heap        ] GC(188) PSYoungGen: 72864K(131072K)->38592K(134144K) Eden: 38400K(38400K)->0K(38400K) From: 34464K(92672K)->38592K(95744K)
[12.398s][info][gc,heap        ] GC(188) ParOldGen: 1894495K(1977344K)->1929279K(1977344K)
[12.398s][info][gc,metaspace   ] GC(188) Metaspace: 6298K(6464K)->6298K(6464K) NonClass: 5765K(5824K)->5765K(5824K) Class: 533K(640K)->533K(640K)
[12.398s][info][gc             ] GC(188) Pause Young (Allocation Failure) 1921M->1921M(2062M) 41.282ms
[12.398s][info][gc,cpu         ] GC(188) User=0.23s Sys=0.02s Real=0.04s
[12.398s][info][gc,start       ] GC(189) Pause Full (Ergonomics)
[12.398s][info][gc,phases,start] GC(189) Marking Phase
[12.839s][info][gc,phases      ] GC(189) Marking Phase 440.626ms
[12.839s][info][gc,phases,start] GC(189) Summary Phase
[12.839s][info][gc,phases      ] GC(189) Summary Phase 0.049ms
[12.839s][info][gc,phases,start] GC(189) Adjust Roots
[12.839s][info][gc,phases      ] GC(189) Adjust Roots 0.162ms
[12.839s][info][gc,phases,start] GC(189) Compaction Phase
[13.049s][info][gc,phases      ] GC(189) Compaction Phase 210.579ms
[13.050s][info][gc,phases,start] GC(189) Post Compact
[13.053s][info][gc,phases      ] GC(189) Post Compact 3.457ms
[13.054s][info][gc,heap        ] GC(189) PSYoungGen: 38592K(134144K)->0K(134656K) Eden: 0K(38400K)->0K(42496K) From: 38592K(95744K)->0K(92160K)
[13.054s][info][gc,heap        ] GC(189) ParOldGen: 1929279K(1977344K)->1965564K(2174464K)
[13.054s][info][gc,metaspace   ] GC(189) Metaspace: 6298K(6464K)->6298K(6464K) NonClass: 5765K(5824K)->5765K(5824K) Class: 533K(640K)->533K(640K)
[13.054s][info][gc             ] GC(189) Pause Full (Ergonomics) 1921M->1919M(2255M) 655.849ms
[13.054s][info][gc,cpu         ] GC(189) User=4.48s Sys=0.03s Real=0.65s
[13.108s][info][gc,start       ] GC(190) Pause Young (Allocation Failure)
[13.138s][info][gc,heap        ] GC(190) PSYoungGen: 42496K(134656K)->42688K(85504K) Eden: 42496K(42496K)->0K(42496K) From: 0K(92160K)->42688K(43008K)
[13.138s][info][gc,heap        ] GC(190) ParOldGen: 1965564K(2174464K)->1965564K(2174464K)
[13.139s][info][gc,metaspace   ] GC(190) Metaspace: 6298K(6464K)->6298K(6464K) NonClass: 5765K(5824K)->5765K(5824K) Class: 533K(640K)->533K(640K)
[13.139s][info][gc             ] GC(190) Pause Young (Allocation Failure) 1960M->1961M(2207M) 30.716ms
[13.139s][info][gc,cpu         ] GC(190) User=0.14s Sys=0.00s Real=0.03s
[13.190s][info][gc,start       ] GC(191) Pause Young (Allocation Failure)
[13.236s][info][gc,heap        ] GC(191) PSYoungGen: 85184K(85504K)->85248K(123392K) Eden: 42496K(42496K)->0K(35328K) From: 42688K(43008K)->85248K(88064K)
[13.236s][info][gc,heap        ] GC(191) ParOldGen: 1965564K(2174464K)->1965564K(2174464K)
[13.236s][info][gc,metaspace   ] GC(191) Metaspace: 6298K(6464K)->6298K(6464K) NonClass: 5765K(5824K)->5765K(5824K) Class: 533K(640K)->533K(640K)
[13.236s][info][gc             ] GC(191) Pause Young (Allocation Failure) 2002M->2002M(2244M) 46.072ms
[13.236s][info][gc,cpu         ] GC(191) User=0.25s Sys=0.00s Real=0.05s
[13.273s][info][gc,start       ] GC(192) Pause Young (Allocation Failure)
[13.333s][info][gc,heap        ] GC(192) PSYoungGen: 120576K(123392K)->98816K(134144K) Eden: 35328K(35328K)->0K(35328K) From: 85248K(88064K)->98816K(98816K)
[13.333s][info][gc,heap        ] GC(192) ParOldGen: 1965564K(2174464K)->1987484K(2174464K)
[13.333s][info][gc,metaspace   ] GC(192) Metaspace: 6298K(6464K)->6298K(6464K) NonClass: 5765K(5824K)->5765K(5824K) Class: 533K(640K)->533K(640K)
[13.333s][info][gc             ] GC(192) Pause Young (Allocation Failure) 2037M->2037M(2254M) 60.007ms
[13.333s][info][gc,cpu         ] GC(192) User=0.36s Sys=0.02s Real=0.06s
[13.372s][info][gc,start       ] GC(193) Pause Young (Allocation Failure)
[13.444s][info][gc,heap        ] GC(193) PSYoungGen: 134144K(134144K)->62976K(152064K) Eden: 35328K(35328K)->0K(39424K) From: 98816K(98816K)->62976K(112640K)
[13.444s][info][gc,heap        ] GC(193) ParOldGen: 1987484K(2174464K)->2059700K(2174464K)
[13.444s][info][gc,metaspace   ] GC(193) Metaspace: 6298K(6464K)->6298K(6464K) NonClass: 5765K(5824K)->5765K(5824K) Class: 533K(640K)->533K(640K)
[13.444s][info][gc             ] GC(193) Pause Young (Allocation Failure) 2071M->2072M(2272M) 72.109ms
[13.444s][info][gc,cpu         ] GC(193) User=0.50s Sys=0.02s Real=0.07s
[13.486s][info][gc,start       ] GC(194) Pause Young (Allocation Failure)
[13.538s][info][gc,heap        ] GC(194) PSYoungGen: 102400K(152064K)->74976K(155648K) Eden: 39424K(39424K)->0K(39424K) From: 62976K(112640K)->74976K(116224K)
[13.538s][info][gc,heap        ] GC(194) ParOldGen: 2059700K(2174464K)->2087540K(2174464K)
[13.538s][info][gc,metaspace   ] GC(194) Metaspace: 6298K(6464K)->6298K(6464K) NonClass: 5765K(5824K)->5765K(5824K) Class: 533K(640K)->533K(640K)
[13.538s][info][gc             ] GC(194) Pause Young (Allocation Failure) 2111M->2111M(2275M) 52.222ms
[13.538s][info][gc,cpu         ] GC(194) User=0.38s Sys=0.00s Real=0.05s
[13.584s][info][gc,start       ] GC(195) Pause Young (Allocation Failure)
[13.642s][info][gc,heap        ] GC(195) PSYoungGen: 114400K(155648K)->79104K(159744K) Eden: 39424K(39424K)->0K(42496K) From: 74976K(116224K)->79104K(117248K)
[13.642s][info][gc,heap        ] GC(195) ParOldGen: 2087540K(2174464K)->2123340K(2174464K)
[13.642s][info][gc,metaspace   ] GC(195) Metaspace: 6298K(6464K)->6298K(6464K) NonClass: 5765K(5824K)->5765K(5824K) Class: 533K(640K)->533K(640K)
[13.642s][info][gc             ] GC(195) Pause Young (Allocation Failure) 2150M->2150M(2279M) 58.175ms
[13.642s][info][gc,cpu         ] GC(195) User=0.34s Sys=0.03s Real=0.06s
[13.642s][info][gc,start       ] GC(196) Pause Full (Ergonomics)
[13.642s][info][gc,phases,start] GC(196) Marking Phase
[14.129s][info][gc,phases      ] GC(196) Marking Phase 486.802ms
[14.129s][info][gc,phases,start] GC(196) Summary Phase
[14.129s][info][gc,phases      ] GC(196) Summary Phase 0.041ms
[14.129s][info][gc,phases,start] GC(196) Adjust Roots
[14.129s][info][gc,phases      ] GC(196) Adjust Roots 0.159ms
[14.129s][info][gc,phases,start] GC(196) Compaction Phase
[14.338s][info][gc,phases      ] GC(196) Compaction Phase 208.200ms
[14.338s][info][gc,phases,start] GC(196) Post Compact
[14.342s][info][gc,phases      ] GC(196) Post Compact 4.458ms
[14.343s][info][gc,heap        ] GC(196) PSYoungGen: 79104K(159744K)->25646K(159744K) Eden: 0K(42496K)->0K(42496K) From: 79104K(117248K)->25646K(117248K)
[14.343s][info][gc,heap        ] GC(196) ParOldGen: 2123340K(2174464K)->2174220K(2321408K)
[14.343s][info][gc,metaspace   ] GC(196) Metaspace: 6298K(6464K)->6298K(6464K) NonClass: 5765K(5824K)->5765K(5824K) Class: 533K(640K)->533K(640K)
[14.343s][info][gc             ] GC(196) Pause Full (Ergonomics) 2150M->2148M(2423M) 700.749ms
[14.343s][info][gc,cpu         ] GC(196) User=5.12s Sys=0.02s Real=0.70s
[14.396s][info][gc,start       ] GC(197) Pause Young (Allocation Failure)
[14.522s][info][gc,heap        ] GC(197) PSYoungGen: 68142K(159744K)->55584K(98304K) Eden: 42496K(42496K)->0K(42496K) From: 25646K(117248K)->55584K(55808K)
[14.522s][info][gc,heap        ] GC(197) ParOldGen: 2174220K(2321408K)->2187188K(2321408K)
[14.522s][info][gc,metaspace   ] GC(197) Metaspace: 6298K(6464K)->6298K(6464K) NonClass: 5765K(5824K)->5765K(5824K) Class: 533K(640K)->533K(640K)
[14.522s][info][gc             ] GC(197) Pause Young (Allocation Failure) 2189M->2190M(2363M) 125.499ms
[14.522s][info][gc,cpu         ] GC(197) User=0.78s Sys=0.00s Real=0.13s
[14.576s][info][gc,start       ] GC(198) Pause Young (Allocation Failure)
[14.629s][info][gc,heap        ] GC(198) PSYoungGen: 98080K(98304K)->98144K(152576K) Eden: 42496K(42496K)->0K(38400K) From: 55584K(55808K)->98144K(114176K)
[14.629s][info][gc,heap        ] GC(198) ParOldGen: 2187188K(2321408K)->2187188K(2321408K)
[14.629s][info][gc,metaspace   ] GC(198) Metaspace: 6298K(6464K)->6298K(6464K) NonClass: 5765K(5824K)->5765K(5824K) Class: 533K(640K)->533K(640K)
[14.629s][info][gc             ] GC(198) Pause Young (Allocation Failure) 2231M->2231M(2416M) 53.103ms
[14.629s][info][gc,cpu         ] GC(198) User=0.38s Sys=0.00s Real=0.05s
[14.675s][info][gc,start       ] GC(199) Pause Young (Allocation Failure)
[14.741s][info][gc,heap        ] GC(199) PSYoungGen: 136544K(152576K)->122368K(160768K) Eden: 38400K(38400K)->0K(38400K) From: 98144K(114176K)->122368K(122368K)
[14.741s][info][gc,heap        ] GC(199) ParOldGen: 2187188K(2321408K)->2201460K(2321408K)
[14.741s][info][gc,metaspace   ] GC(199) Metaspace: 6298K(6464K)->6298K(6464K) NonClass: 5765K(5824K)->5765K(5824K) Class: 533K(640K)->533K(640K)
[14.741s][info][gc             ] GC(199) Pause Young (Allocation Failure) 2269M->2269M(2424M) 66.245ms
[14.741s][info][gc,cpu         ] GC(199) User=0.41s Sys=0.00s Real=0.07s
[14.787s][info][gc,start       ] GC(200) Pause Young (Allocation Failure)
[14.871s][info][gc,heap        ] GC(200) PSYoungGen: 160768K(160768K)->110656K(179200K) Eden: 38400K(38400K)->0K(35328K) From: 122368K(122368K)->110656K(143872K)
[14.871s][info][gc,heap        ] GC(200) ParOldGen: 2201460K(2321408K)->2252332K(2321408K)
[14.872s][info][gc,metaspace   ] GC(200) Metaspace: 6298K(6464K)->6298K(6464K) NonClass: 5765K(5824K)->5765K(5824K) Class: 533K(640K)->533K(640K)
[14.872s][info][gc             ] GC(200) Pause Young (Allocation Failure) 2306M->2307M(2442M) 84.048ms
[14.872s][info][gc,cpu         ] GC(200) User=0.62s Sys=0.00s Real=0.08s
[14.914s][info][gc,start       ] GC(201) Pause Young (Allocation Failure)
[14.990s][info][gc,heap        ] GC(201) PSYoungGen: 145984K(179200K)->108416K(186368K) Eden: 35328K(35328K)->0K(35328K) From: 110656K(143872K)->108416K(151040K)
[14.990s][info][gc,heap        ] GC(201) ParOldGen: 2252332K(2321408K)->2290300K(2321408K)
[14.990s][info][gc,metaspace   ] GC(201) Metaspace: 6298K(6464K)->6298K(6464K) NonClass: 5765K(5824K)->5765K(5824K) Class: 533K(640K)->533K(640K)
[14.990s][info][gc             ] GC(201) Pause Young (Allocation Failure) 2342M->2342M(2449M) 75.910ms
[14.990s][info][gc,cpu         ] GC(201) User=0.52s Sys=0.00s Real=0.08s
[14.990s][info][gc,start       ] GC(202) Pause Full (Ergonomics)
[14.990s][info][gc,phases,start] GC(202) Marking Phase
[15.515s][info][gc,phases      ] GC(202) Marking Phase 524.899ms
[15.515s][info][gc,phases,start] GC(202) Summary Phase
[15.515s][info][gc,phases      ] GC(202) Summary Phase 0.036ms
[15.515s][info][gc,phases,start] GC(202) Adjust Roots
[15.515s][info][gc,phases      ] GC(202) Adjust Roots 0.176ms
[15.515s][info][gc,phases,start] GC(202) Compaction Phase
[15.711s][info][gc,phases      ] GC(202) Compaction Phase 195.858ms
[15.711s][info][gc,phases,start] GC(202) Post Compact
[15.715s][info][gc,phases      ] GC(202) Post Compact 4.170ms
[15.715s][info][gc,heap        ] GC(202) PSYoungGen: 108416K(186368K)->75833K(186368K) Eden: 0K(35328K)->0K(35328K) From: 108416K(151040K)->75833K(151040K)
[15.715s][info][gc,heap        ] GC(202) ParOldGen: 2290300K(2321408K)->2320992K(2321408K)
[15.715s][info][gc,metaspace   ] GC(202) Metaspace: 6298K(6464K)->6298K(6464K) NonClass: 5765K(5824K)->5765K(5824K) Class: 533K(640K)->533K(640K)
[15.715s][info][gc             ] GC(202) Pause Full (Ergonomics) 2342M->2340M(2449M) 725.451ms
[15.715s][info][gc,cpu         ] GC(202) User=5.47s Sys=0.00s Real=0.73s
[15.762s][info][gc,start       ] GC(203) Pause Full (Ergonomics)
[15.762s][info][gc,phases,start] GC(203) Marking Phase
[16.316s][info][gc,phases      ] GC(203) Marking Phase 553.699ms
[16.316s][info][gc,phases,start] GC(203) Summary Phase
[16.316s][info][gc,phases      ] GC(203) Summary Phase 0.035ms
[16.316s][info][gc,phases,start] GC(203) Adjust Roots
[16.316s][info][gc,phases      ] GC(203) Adjust Roots 0.159ms
[16.316s][info][gc,phases,start] GC(203) Compaction Phase
[16.474s][info][gc,phases      ] GC(203) Compaction Phase 158.222ms
[16.474s][info][gc,phases,start] GC(203) Post Compact
[16.479s][info][gc,phases      ] GC(203) Post Compact 4.261ms
[16.479s][info][gc,heap        ] GC(203) PSYoungGen: 111161K(186368K)->111130K(186368K) Eden: 35328K(35328K)->35296K(35328K) From: 75833K(151040K)->75833K(151040K)
[16.479s][info][gc,heap        ] GC(203) ParOldGen: 2320992K(2321408K)->2320992K(2321408K)
[16.479s][info][gc,metaspace   ] GC(203) Metaspace: 6298K(6464K)->6298K(6464K) NonClass: 5765K(5824K)->5765K(5824K) Class: 533K(640K)->533K(640K)
[16.479s][info][gc             ] GC(203) Pause Full (Ergonomics) 2375M->2375M(2449M) 716.753ms
[16.479s][info][gc,cpu         ] GC(203) User=5.56s Sys=0.00s Real=0.72s
[16.479s][info][gc,start       ] GC(204) Pause Full (Ergonomics)
[16.479s][info][gc,phases,start] GC(204) Marking Phase
[17.022s][info][gc,phases      ] GC(204) Marking Phase 542.739ms
[17.022s][info][gc,phases,start] GC(204) Summary Phase
[17.022s][info][gc,phases      ] GC(204) Summary Phase 0.034ms
[17.022s][info][gc,phases,start] GC(204) Adjust Roots
[17.022s][info][gc,phases      ] GC(204) Adjust Roots 0.182ms
[17.022s][info][gc,phases,start] GC(204) Compaction Phase
[17.183s][info][gc,phases      ] GC(204) Compaction Phase 161.188ms
[17.183s][info][gc,phases,start] GC(204) Post Compact
[17.188s][info][gc,phases      ] GC(204) Post Compact 4.457ms
[17.188s][info][gc,heap        ] GC(204) PSYoungGen: 111161K(186368K)->111161K(186368K) Eden: 35328K(35328K)->35327K(35328K) From: 75833K(151040K)->75833K(151040K)
[17.188s][info][gc,heap        ] GC(204) ParOldGen: 2320992K(2321408K)->2320992K(2321408K)
[17.188s][info][gc,metaspace   ] GC(204) Metaspace: 6298K(6464K)->6298K(6464K) NonClass: 5765K(5824K)->5765K(5824K) Class: 533K(640K)->533K(640K)
[17.188s][info][gc             ] GC(204) Pause Full (Ergonomics) 2375M->2375M(2449M) 708.948ms
[17.188s][info][gc,cpu         ] GC(204) User=5.31s Sys=0.00s Real=0.71s
[17.188s][info][gc,start       ] GC(205) Pause Full (Ergonomics)
[17.188s][info][gc,phases,start] GC(205) Marking Phase
[17.747s][info][gc,phases      ] GC(205) Marking Phase 558.487ms
[17.747s][info][gc,phases,start] GC(205) Summary Phase
[17.747s][info][gc,phases      ] GC(205) Summary Phase 0.044ms
[17.747s][info][gc,phases,start] GC(205) Adjust Roots
[17.747s][info][gc,phases      ] GC(205) Adjust Roots 0.234ms
[17.747s][info][gc,phases,start] GC(205) Compaction Phase
[17.900s][info][gc,phases      ] GC(205) Compaction Phase 152.803ms
[17.900s][info][gc,phases,start] GC(205) Post Compact
[17.904s][info][gc,phases      ] GC(205) Post Compact 4.503ms
[17.904s][info][gc,heap        ] GC(205) PSYoungGen: 111161K(186368K)->111161K(186368K) Eden: 35327K(35328K)->35327K(35328K) From: 75833K(151040K)->75833K(151040K)
[17.904s][info][gc,heap        ] GC(205) ParOldGen: 2320992K(2321408K)->2320992K(2321408K)
[17.904s][info][gc,metaspace   ] GC(205) Metaspace: 6298K(6464K)->6298K(6464K) NonClass: 5765K(5824K)->5765K(5824K) Class: 533K(640K)->533K(640K)
[17.904s][info][gc             ] GC(205) Pause Full (Ergonomics) 2375M->2375M(2449M) 716.387ms
[17.904s][info][gc,cpu         ] GC(205) User=5.44s Sys=0.00s Real=0.72s
[17.905s][info][gc,start       ] GC(206) Pause Full (Ergonomics)
[17.905s][info][gc,phases,start] GC(206) Marking Phase
[18.476s][info][gc,phases      ] GC(206) Marking Phase 571.659ms
[18.476s][info][gc,phases,start] GC(206) Summary Phase
[18.476s][info][gc,phases      ] GC(206) Summary Phase 0.037ms
[18.476s][info][gc,phases,start] GC(206) Adjust Roots
[18.477s][info][gc,phases      ] GC(206) Adjust Roots 0.175ms
[18.477s][info][gc,phases,start] GC(206) Compaction Phase
[18.628s][info][gc,phases      ] GC(206) Compaction Phase 151.557ms
[18.628s][info][gc,phases,start] GC(206) Post Compact
[18.633s][info][gc,phases      ] GC(206) Post Compact 4.385ms
[18.633s][info][gc,heap        ] GC(206) PSYoungGen: 111161K(186368K)->111161K(186368K) Eden: 35328K(35328K)->35328K(35328K) From: 75833K(151040K)->75833K(151040K)
[18.633s][info][gc,heap        ] GC(206) ParOldGen: 2320997K(2321408K)->2320997K(2321408K)
[18.633s][info][gc,metaspace   ] GC(206) Metaspace: 6298K(6464K)->6298K(6464K) NonClass: 5765K(5824K)->5765K(5824K) Class: 533K(640K)->533K(640K)
[18.633s][info][gc             ] GC(206) Pause Full (Ergonomics) 2375M->2375M(2449M) 728.145ms
[18.633s][info][gc,cpu         ] GC(206) User=5.62s Sys=0.00s Real=0.73s
[18.633s][info][gc,start       ] GC(207) Pause Full (Ergonomics)
[18.633s][info][gc,phases,start] GC(207) Marking Phase
[19.208s][info][gc,phases      ] GC(207) Marking Phase 574.728ms
[19.208s][info][gc,phases,start] GC(207) Summary Phase
[19.208s][info][gc,phases      ] GC(207) Summary Phase 0.037ms
[19.208s][info][gc,phases,start] GC(207) Adjust Roots
[19.208s][info][gc,phases      ] GC(207) Adjust Roots 0.212ms
[19.208s][info][gc,phases,start] GC(207) Compaction Phase
[19.375s][info][gc,phases      ] GC(207) Compaction Phase 166.331ms
[19.375s][info][gc,phases,start] GC(207) Post Compact
[19.379s][info][gc,phases      ] GC(207) Post Compact 4.657ms
[19.379s][info][gc,heap        ] GC(207) PSYoungGen: 111161K(186368K)->111161K(186368K) Eden: 35328K(35328K)->35328K(35328K) From: 75833K(151040K)->75833K(151040K)
[19.379s][info][gc,heap        ] GC(207) ParOldGen: 2321002K(2321408K)->2321002K(2321408K)
[19.379s][info][gc,metaspace   ] GC(207) Metaspace: 6298K(6464K)->6298K(6464K) NonClass: 5765K(5824K)->5765K(5824K) Class: 533K(640K)->533K(640K)
[19.379s][info][gc             ] GC(207) Pause Full (Ergonomics) 2375M->2375M(2449M) 746.307ms
[19.379s][info][gc,cpu         ] GC(207) User=5.53s Sys=0.02s Real=0.75s
[19.380s][info][gc,start       ] GC(208) Pause Full (Ergonomics)
[19.380s][info][gc,phases,start] GC(208) Marking Phase
[19.942s][info][gc,phases      ] GC(208) Marking Phase 562.812ms
[19.942s][info][gc,phases,start] GC(208) Summary Phase
[19.942s][info][gc,phases      ] GC(208) Summary Phase 0.035ms
[19.942s][info][gc,phases,start] GC(208) Adjust Roots
[19.943s][info][gc,phases      ] GC(208) Adjust Roots 0.162ms
[19.943s][info][gc,phases,start] GC(208) Compaction Phase
[20.135s][info][gc,phases      ] GC(208) Compaction Phase 192.209ms
[20.135s][info][gc,phases,start] GC(208) Post Compact
[20.139s][info][gc,phases      ] GC(208) Post Compact 4.344ms
[20.139s][info][gc,heap        ] GC(208) PSYoungGen: 111161K(186368K)->111161K(186368K) Eden: 35328K(35328K)->35328K(35328K) From: 75833K(151040K)->75833K(151040K)
[20.139s][info][gc,heap        ] GC(208) ParOldGen: 2321007K(2321408K)->2321007K(2321408K)
[20.139s][info][gc,metaspace   ] GC(208) Metaspace: 6298K(6464K)->6298K(6464K) NonClass: 5765K(5824K)->5765K(5824K) Class: 533K(640K)->533K(640K)
[20.139s][info][gc             ] GC(208) Pause Full (Ergonomics) 2375M->2375M(2449M) 759.893ms
[20.139s][info][gc,cpu         ] GC(208) User=5.58s Sys=0.00s Real=0.76s
[20.140s][info][gc,start       ] GC(209) Pause Full (Ergonomics)
[20.140s][info][gc,phases,start] GC(209) Marking Phase
[20.700s][info][gc,phases      ] GC(209) Marking Phase 560.539ms
[20.700s][info][gc,phases,start] GC(209) Summary Phase
[20.700s][info][gc,phases      ] GC(209) Summary Phase 0.043ms
[20.700s][info][gc,phases,start] GC(209) Adjust Roots
[20.701s][info][gc,phases      ] GC(209) Adjust Roots 0.170ms
[20.701s][info][gc,phases,start] GC(209) Compaction Phase
[20.873s][info][gc,phases      ] GC(209) Compaction Phase 172.160ms
[20.873s][info][gc,phases,start] GC(209) Post Compact
[20.877s][info][gc,phases      ] GC(209) Post Compact 4.656ms
[20.878s][info][gc,heap        ] GC(209) PSYoungGen: 111161K(186368K)->111161K(186368K) Eden: 35328K(35328K)->35328K(35328K) From: 75833K(151040K)->75833K(151040K)
[20.878s][info][gc,heap        ] GC(209) ParOldGen: 2321012K(2321408K)->2321012K(2321408K)
[20.878s][info][gc,metaspace   ] GC(209) Metaspace: 6298K(6464K)->6298K(6464K) NonClass: 5765K(5824K)->5765K(5824K) Class: 533K(640K)->533K(640K)
[20.878s][info][gc             ] GC(209) Pause Full (Ergonomics) 2375M->2375M(2449M) 737.963ms
[20.878s][info][gc,cpu         ] GC(209) User=5.48s Sys=0.00s Real=0.74s
[20.878s][info][gc,start       ] GC(210) Pause Full (Ergonomics)
[20.878s][info][gc,phases,start] GC(210) Marking Phase
[21.415s][info][gc,phases      ] GC(210) Marking Phase 536.891ms
[21.415s][info][gc,phases,start] GC(210) Summary Phase
[21.415s][info][gc,phases      ] GC(210) Summary Phase 0.035ms
[21.415s][info][gc,phases,start] GC(210) Adjust Roots
[21.415s][info][gc,phases      ] GC(210) Adjust Roots 0.183ms
[21.415s][info][gc,phases,start] GC(210) Compaction Phase
[21.579s][info][gc,phases      ] GC(210) Compaction Phase 164.298ms
[21.580s][info][gc,phases,start] GC(210) Post Compact
[21.584s][info][gc,phases      ] GC(210) Post Compact 4.559ms
[21.584s][info][gc,heap        ] GC(210) PSYoungGen: 111161K(186368K)->111161K(186368K) Eden: 35328K(35328K)->35328K(35328K) From: 75833K(151040K)->75833K(151040K)
[21.584s][info][gc,heap        ] GC(210) ParOldGen: 2321016K(2321408K)->2321016K(2321408K)
[21.584s][info][gc,metaspace   ] GC(210) Metaspace: 6298K(6464K)->6298K(6464K) NonClass: 5765K(5824K)->5765K(5824K) Class: 533K(640K)->533K(640K)
[21.584s][info][gc             ] GC(210) Pause Full (Ergonomics) 2375M->2375M(2449M) 706.324ms
[21.584s][info][gc,cpu         ] GC(210) User=5.36s Sys=0.00s Real=0.71s
[21.584s][info][gc,start       ] GC(211) Pause Full (Ergonomics)
[21.584s][info][gc,phases,start] GC(211) Marking Phase
[22.162s][info][gc,phases      ] GC(211) Marking Phase 577.981ms
[22.163s][info][gc,phases,start] GC(211) Summary Phase
[22.163s][info][gc,phases      ] GC(211) Summary Phase 0.036ms
[22.163s][info][gc,phases,start] GC(211) Adjust Roots
[22.163s][info][gc,phases      ] GC(211) Adjust Roots 0.181ms
[22.163s][info][gc,phases,start] GC(211) Compaction Phase
[22.323s][info][gc,phases      ] GC(211) Compaction Phase 159.903ms
[22.323s][info][gc,phases,start] GC(211) Post Compact
[22.327s][info][gc,phases      ] GC(211) Post Compact 4.348ms
[22.327s][info][gc,heap        ] GC(211) PSYoungGen: 111161K(186368K)->111161K(186368K) Eden: 35328K(35328K)->35328K(35328K) From: 75833K(151040K)->75833K(151040K)
[22.327s][info][gc,heap        ] GC(211) ParOldGen: 2321021K(2321408K)->2321021K(2321408K)
[22.327s][info][gc,metaspace   ] GC(211) Metaspace: 6298K(6464K)->6298K(6464K) NonClass: 5765K(5824K)->5765K(5824K) Class: 533K(640K)->533K(640K)
[22.327s][info][gc             ] GC(211) Pause Full (Ergonomics) 2375M->2375M(2449M) 742.821ms
[22.327s][info][gc,cpu         ] GC(211) User=5.73s Sys=0.00s Real=0.74s
[22.328s][info][gc,start       ] GC(212) Pause Full (Ergonomics)
[22.328s][info][gc,phases,start] GC(212) Marking Phase
[22.887s][info][gc,phases      ] GC(212) Marking Phase 559.682ms
[22.887s][info][gc,phases,start] GC(212) Summary Phase
[22.887s][info][gc,phases      ] GC(212) Summary Phase 0.036ms
[22.887s][info][gc,phases,start] GC(212) Adjust Roots
[22.888s][info][gc,phases      ] GC(212) Adjust Roots 0.181ms
[22.888s][info][gc,phases,start] GC(212) Compaction Phase
[23.068s][info][gc,phases      ] GC(212) Compaction Phase 180.528ms
[23.068s][info][gc,phases,start] GC(212) Post Compact
[23.073s][info][gc,phases      ] GC(212) Post Compact 4.477ms
[23.073s][info][gc,heap        ] GC(212) PSYoungGen: 111161K(186368K)->111161K(186368K) Eden: 35328K(35328K)->35328K(35328K) From: 75833K(151040K)->75833K(151040K)
[23.073s][info][gc,heap        ] GC(212) ParOldGen: 2321026K(2321408K)->2321026K(2321408K)
[23.073s][info][gc,metaspace   ] GC(212) Metaspace: 6298K(6464K)->6298K(6464K) NonClass: 5765K(5824K)->5765K(5824K) Class: 533K(640K)->533K(640K)
[23.073s][info][gc             ] GC(212) Pause Full (Ergonomics) 2375M->2375M(2449M) 745.238ms
[23.073s][info][gc,cpu         ] GC(212) User=5.45s Sys=0.00s Real=0.75s
[23.073s][info][gc,start       ] GC(213) Pause Full (Ergonomics)
[23.073s][info][gc,phases,start] GC(213) Marking Phase
[23.615s][info][gc,phases      ] GC(213) Marking Phase 541.605ms
[23.615s][info][gc,phases,start] GC(213) Summary Phase
[23.615s][info][gc,phases      ] GC(213) Summary Phase 0.040ms
[23.615s][info][gc,phases,start] GC(213) Adjust Roots
[23.615s][info][gc,phases      ] GC(213) Adjust Roots 0.165ms
[23.615s][info][gc,phases,start] GC(213) Compaction Phase
[23.779s][info][gc,phases      ] GC(213) Compaction Phase 163.725ms
[23.779s][info][gc,phases,start] GC(213) Post Compact
[23.783s][info][gc,phases      ] GC(213) Post Compact 4.157ms
[23.783s][info][gc,heap        ] GC(213) PSYoungGen: 111161K(186368K)->111161K(186368K) Eden: 35328K(35328K)->35328K(35328K) From: 75833K(151040K)->75833K(151040K)
[23.783s][info][gc,heap        ] GC(213) ParOldGen: 2321031K(2321408K)->2321031K(2321408K)
[23.783s][info][gc,metaspace   ] GC(213) Metaspace: 6298K(6464K)->6298K(6464K) NonClass: 5765K(5824K)->5765K(5824K) Class: 533K(640K)->533K(640K)
[23.783s][info][gc             ] GC(213) Pause Full (Ergonomics) 2375M->2375M(2449M) 710.049ms
[23.783s][info][gc,cpu         ] GC(213) User=5.31s Sys=0.00s Real=0.71s
[23.783s][info][gc,start       ] GC(214) Pause Full (Ergonomics)
[23.783s][info][gc,phases,start] GC(214) Marking Phase
[24.341s][info][gc,phases      ] GC(214) Marking Phase 557.692ms
[24.341s][info][gc,phases,start] GC(214) Summary Phase
[24.341s][info][gc,phases      ] GC(214) Summary Phase 0.035ms
[24.341s][info][gc,phases,start] GC(214) Adjust Roots
[24.341s][info][gc,phases      ] GC(214) Adjust Roots 0.164ms
[24.341s][info][gc,phases,start] GC(214) Compaction Phase
[24.510s][info][gc,phases      ] GC(214) Compaction Phase 168.407ms
[24.510s][info][gc,phases,start] GC(214) Post Compact
[24.514s][info][gc,phases      ] GC(214) Post Compact 4.569ms
[24.514s][info][gc,heap        ] GC(214) PSYoungGen: 111161K(186368K)->111161K(186368K) Eden: 35328K(35328K)->35328K(35328K) From: 75833K(151040K)->75833K(151040K)
[24.514s][info][gc,heap        ] GC(214) ParOldGen: 2321036K(2321408K)->2321036K(2321408K)
[24.514s][info][gc,metaspace   ] GC(214) Metaspace: 6298K(6464K)->6298K(6464K) NonClass: 5765K(5824K)->5765K(5824K) Class: 533K(640K)->533K(640K)
[24.514s][info][gc             ] GC(214) Pause Full (Ergonomics) 2375M->2375M(2449M) 731.218ms
[24.515s][info][gc,cpu         ] GC(214) User=5.39s Sys=0.03s Real=0.73s
[24.515s][info][gc,start       ] GC(215) Pause Full (Ergonomics)
[24.515s][info][gc,phases,start] GC(215) Marking Phase
[25.087s][info][gc,phases      ] GC(215) Marking Phase 572.647ms
[25.087s][info][gc,phases,start] GC(215) Summary Phase
[25.088s][info][gc,phases      ] GC(215) Summary Phase 0.041ms
[25.088s][info][gc,phases,start] GC(215) Adjust Roots
[25.088s][info][gc,phases      ] GC(215) Adjust Roots 0.162ms
[25.088s][info][gc,phases,start] GC(215) Compaction Phase
[25.246s][info][gc,phases      ] GC(215) Compaction Phase 158.408ms
[25.246s][info][gc,phases,start] GC(215) Post Compact
[25.251s][info][gc,phases      ] GC(215) Post Compact 4.611ms
[25.251s][info][gc,heap        ] GC(215) PSYoungGen: 111161K(186368K)->111161K(186368K) Eden: 35328K(35328K)->35328K(35328K) From: 75833K(151040K)->75833K(151040K)
[25.251s][info][gc,heap        ] GC(215) ParOldGen: 2321041K(2321408K)->2321041K(2321408K)
[25.251s][info][gc,metaspace   ] GC(215) Metaspace: 6298K(6464K)->6298K(6464K) NonClass: 5765K(5824K)->5765K(5824K) Class: 533K(640K)->533K(640K)
[25.251s][info][gc             ] GC(215) Pause Full (Ergonomics) 2375M->2375M(2449M) 736.241ms
[25.251s][info][gc,cpu         ] GC(215) User=5.59s Sys=0.00s Real=0.74s
[25.251s][info][gc,start       ] GC(216) Pause Full (Ergonomics)
[25.251s][info][gc,phases,start] GC(216) Marking Phase
[25.816s][info][gc,phases      ] GC(216) Marking Phase 564.976ms
[25.816s][info][gc,phases,start] GC(216) Summary Phase
[25.816s][info][gc,phases      ] GC(216) Summary Phase 0.034ms
[25.816s][info][gc,phases,start] GC(216) Adjust Roots
[25.816s][info][gc,phases      ] GC(216) Adjust Roots 0.158ms
[25.817s][info][gc,phases,start] GC(216) Compaction Phase
[25.984s][info][gc,phases      ] GC(216) Compaction Phase 167.872ms
[25.984s][info][gc,phases,start] GC(216) Post Compact
[25.989s][info][gc,phases      ] GC(216) Post Compact 4.585ms
[25.989s][info][gc,heap        ] GC(216) PSYoungGen: 111161K(186368K)->111161K(186368K) Eden: 35328K(35328K)->35328K(35328K) From: 75833K(151040K)->75833K(151040K)
[25.989s][info][gc,heap        ] GC(216) ParOldGen: 2321045K(2321408K)->2321045K(2321408K)
[25.989s][info][gc,metaspace   ] GC(216) Metaspace: 6298K(6464K)->6298K(6464K) NonClass: 5765K(5824K)->5765K(5824K) Class: 533K(640K)->533K(640K)
[25.989s][info][gc             ] GC(216) Pause Full (Ergonomics) 2375M->2375M(2449M) 737.961ms
[25.989s][info][gc,cpu         ] GC(216) User=5.66s Sys=0.00s Real=0.74s
[25.989s][info][gc,start       ] GC(217) Pause Full (Ergonomics)
[25.989s][info][gc,phases,start] GC(217) Marking Phase
[26.536s][info][gc,phases      ] GC(217) Marking Phase 546.912ms
[26.536s][info][gc,phases,start] GC(217) Summary Phase
[26.536s][info][gc,phases      ] GC(217) Summary Phase 0.042ms
[26.536s][info][gc,phases,start] GC(217) Adjust Roots
[26.537s][info][gc,phases      ] GC(217) Adjust Roots 0.164ms
[26.537s][info][gc,phases,start] GC(217) Compaction Phase
[26.699s][info][gc,phases      ] GC(217) Compaction Phase 161.977ms
[26.699s][info][gc,phases,start] GC(217) Post Compact
[26.705s][info][gc,phases      ] GC(217) Post Compact 6.685ms
[26.706s][info][gc,heap        ] GC(217) PSYoungGen: 111161K(186368K)->111161K(186368K) Eden: 35328K(35328K)->35328K(35328K) From: 75833K(151040K)->75833K(151040K)
[26.706s][info][gc,heap        ] GC(217) ParOldGen: 2321050K(2321408K)->2321050K(2321408K)
[26.706s][info][gc,metaspace   ] GC(217) Metaspace: 6298K(6464K)->6298K(6464K) NonClass: 5765K(5824K)->5765K(5824K) Class: 533K(640K)->533K(640K)
[26.706s][info][gc             ] GC(217) Pause Full (Ergonomics) 2375M->2375M(2449M) 716.236ms
[26.706s][info][gc,cpu         ] GC(217) User=5.41s Sys=0.00s Real=0.72s
[26.706s][info][gc,start       ] GC(218) Pause Full (Ergonomics)
[26.706s][info][gc,phases,start] GC(218) Marking Phase
[27.268s][info][gc,phases      ] GC(218) Marking Phase 561.705ms
[27.268s][info][gc,phases,start] GC(218) Summary Phase
[27.268s][info][gc,phases      ] GC(218) Summary Phase 0.034ms
[27.268s][info][gc,phases,start] GC(218) Adjust Roots
[27.268s][info][gc,phases      ] GC(218) Adjust Roots 0.162ms
[27.268s][info][gc,phases,start] GC(218) Compaction Phase
[27.451s][info][gc,phases      ] GC(218) Compaction Phase 183.049ms
[27.451s][info][gc,phases,start] GC(218) Post Compact
[27.456s][info][gc,phases      ] GC(218) Post Compact 4.845ms
[27.456s][info][gc,heap        ] GC(218) PSYoungGen: 111161K(186368K)->111161K(186368K) Eden: 35328K(35328K)->35328K(35328K) From: 75833K(151040K)->75833K(151040K)
[27.456s][info][gc,heap        ] GC(218) ParOldGen: 2321055K(2321408K)->2321055K(2321408K)
[27.456s][info][gc,metaspace   ] GC(218) Metaspace: 6298K(6464K)->6298K(6464K) NonClass: 5765K(5824K)->5765K(5824K) Class: 533K(640K)->533K(640K)
[27.456s][info][gc             ] GC(218) Pause Full (Ergonomics) 2375M->2375M(2449M) 750.205ms
[27.456s][info][gc,cpu         ] GC(218) User=5.62s Sys=0.00s Real=0.75s
[27.456s][info][gc,start       ] GC(219) Pause Full (Ergonomics)
[27.457s][info][gc,phases,start] GC(219) Marking Phase
[27.992s][info][gc,phases      ] GC(219) Marking Phase 535.758ms
[27.992s][info][gc,phases,start] GC(219) Summary Phase
[27.992s][info][gc,phases      ] GC(219) Summary Phase 0.035ms
[27.992s][info][gc,phases,start] GC(219) Adjust Roots
[27.993s][info][gc,phases      ] GC(219) Adjust Roots 0.161ms
[27.993s][info][gc,phases,start] GC(219) Compaction Phase
[28.158s][info][gc,phases      ] GC(219) Compaction Phase 165.522ms
[28.158s][info][gc,phases,start] GC(219) Post Compact
[28.162s][info][gc,phases      ] GC(219) Post Compact 4.284ms
[28.163s][info][gc,heap        ] GC(219) PSYoungGen: 111161K(186368K)->111161K(186368K) Eden: 35328K(35328K)->35328K(35328K) From: 75833K(151040K)->75833K(151040K)
[28.163s][info][gc,heap        ] GC(219) ParOldGen: 2321060K(2321408K)->2321060K(2321408K)
[28.163s][info][gc,metaspace   ] GC(219) Metaspace: 6298K(6464K)->6298K(6464K) NonClass: 5765K(5824K)->5765K(5824K) Class: 533K(640K)->533K(640K)
[28.163s][info][gc             ] GC(219) Pause Full (Ergonomics) 2375M->2375M(2449M) 706.090ms
[28.163s][info][gc,cpu         ] GC(219) User=5.44s Sys=0.00s Real=0.71s
[28.163s][info][gc,start       ] GC(220) Pause Full (Ergonomics)
[28.163s][info][gc,phases,start] GC(220) Marking Phase
[28.734s][info][gc,phases      ] GC(220) Marking Phase 571.218ms
[28.734s][info][gc,phases,start] GC(220) Summary Phase
[28.734s][info][gc,phases      ] GC(220) Summary Phase 0.036ms
[28.734s][info][gc,phases,start] GC(220) Adjust Roots
[28.734s][info][gc,phases      ] GC(220) Adjust Roots 0.192ms
[28.734s][info][gc,phases,start] GC(220) Compaction Phase
[28.901s][info][gc,phases      ] GC(220) Compaction Phase 166.111ms
[28.901s][info][gc,phases,start] GC(220) Post Compact
[28.905s][info][gc,phases      ] GC(220) Post Compact 4.707ms
[28.905s][info][gc,heap        ] GC(220) PSYoungGen: 111161K(186368K)->111161K(186368K) Eden: 35328K(35328K)->35328K(35328K) From: 75833K(151040K)->75833K(151040K)
[28.905s][info][gc,heap        ] GC(220) ParOldGen: 2321065K(2321408K)->2321065K(2321408K)
[28.905s][info][gc,metaspace   ] GC(220) Metaspace: 6298K(6464K)->6298K(6464K) NonClass: 5765K(5824K)->5765K(5824K) Class: 533K(640K)->533K(640K)
[28.905s][info][gc             ] GC(220) Pause Full (Ergonomics) 2375M->2375M(2449M) 742.611ms
[28.905s][info][gc,cpu         ] GC(220) User=5.55s Sys=0.00s Real=0.74s
[28.906s][info][gc,start       ] GC(221) Pause Full (Ergonomics)
[28.906s][info][gc,phases,start] GC(221) Marking Phase
[29.457s][info][gc,phases      ] GC(221) Marking Phase 551.493ms
[29.457s][info][gc,phases,start] GC(221) Summary Phase
[29.457s][info][gc,phases      ] GC(221) Summary Phase 0.036ms
[29.457s][info][gc,phases,start] GC(221) Adjust Roots
[29.458s][info][gc,phases      ] GC(221) Adjust Roots 0.189ms
[29.458s][info][gc,phases,start] GC(221) Compaction Phase
[29.619s][info][gc,phases      ] GC(221) Compaction Phase 161.877ms
[29.620s][info][gc,phases,start] GC(221) Post Compact
[29.624s][info][gc,phases      ] GC(221) Post Compact 4.473ms
[29.624s][info][gc,heap        ] GC(221) PSYoungGen: 111161K(186368K)->111161K(186368K) Eden: 35328K(35328K)->35328K(35328K) From: 75833K(151040K)->75833K(151040K)
[29.624s][info][gc,heap        ] GC(221) ParOldGen: 2321070K(2321408K)->2321070K(2321408K)
[29.624s][info][gc,metaspace   ] GC(221) Metaspace: 6298K(6464K)->6298K(6464K) NonClass: 5765K(5824K)->5765K(5824K) Class: 533K(640K)->533K(640K)
[29.624s][info][gc             ] GC(221) Pause Full (Ergonomics) 2375M->2375M(2449M) 718.445ms
[29.624s][info][gc,cpu         ] GC(221) User=5.50s Sys=0.00s Real=0.72s
[29.624s][info][gc,start       ] GC(222) Pause Full (Ergonomics)
[29.624s][info][gc,phases,start] GC(222) Marking Phase
[30.177s][info][gc,phases      ] GC(222) Marking Phase 552.558ms
[30.177s][info][gc,phases,start] GC(222) Summary Phase
[30.177s][info][gc,phases      ] GC(222) Summary Phase 0.034ms
[30.177s][info][gc,phases,start] GC(222) Adjust Roots
[30.177s][info][gc,phases      ] GC(222) Adjust Roots 0.161ms
[30.177s][info][gc,phases,start] GC(222) Compaction Phase
[30.341s][info][gc,phases      ] GC(222) Compaction Phase 163.691ms
[30.341s][info][gc,phases,start] GC(222) Post Compact
[30.345s][info][gc,phases      ] GC(222) Post Compact 4.283ms
[30.345s][info][gc,heap        ] GC(222) PSYoungGen: 111161K(186368K)->111161K(186368K) Eden: 35328K(35328K)->35328K(35328K) From: 75833K(151040K)->75833K(151040K)
[30.345s][info][gc,heap        ] GC(222) ParOldGen: 2321074K(2321408K)->2321074K(2321408K)
[30.345s][info][gc,metaspace   ] GC(222) Metaspace: 6298K(6464K)->6298K(6464K) NonClass: 5765K(5824K)->5765K(5824K) Class: 533K(640K)->533K(640K)
[30.345s][info][gc             ] GC(222) Pause Full (Ergonomics) 2375M->2375M(2449M) 721.093ms
[30.346s][info][gc,cpu         ] GC(222) User=5.48s Sys=0.03s Real=0.72s
[30.346s][info][gc,start       ] GC(223) Pause Full (Ergonomics)
[30.346s][info][gc,phases,start] GC(223) Marking Phase
[30.908s][info][gc,phases      ] GC(223) Marking Phase 562.611ms
[30.908s][info][gc,phases,start] GC(223) Summary Phase
[30.908s][info][gc,phases      ] GC(223) Summary Phase 0.035ms
[30.908s][info][gc,phases,start] GC(223) Adjust Roots
[30.909s][info][gc,phases      ] GC(223) Adjust Roots 0.161ms
[30.909s][info][gc,phases,start] GC(223) Compaction Phase
[31.076s][info][gc,phases      ] GC(223) Compaction Phase 167.026ms
[31.076s][info][gc,phases,start] GC(223) Post Compact
[31.080s][info][gc,phases      ] GC(223) Post Compact 4.509ms
[31.080s][info][gc,heap        ] GC(223) PSYoungGen: 111161K(186368K)->111161K(186368K) Eden: 35328K(35328K)->35328K(35328K) From: 75833K(151040K)->75833K(151040K)
[31.080s][info][gc,heap        ] GC(223) ParOldGen: 2321079K(2321408K)->2321079K(2321408K)
[31.080s][info][gc,metaspace   ] GC(223) Metaspace: 6298K(6464K)->6298K(6464K) NonClass: 5765K(5824K)->5765K(5824K) Class: 533K(640K)->533K(640K)
[31.080s][info][gc             ] GC(223) Pause Full (Ergonomics) 2375M->2375M(2449M) 734.715ms
[31.080s][info][gc,cpu         ] GC(223) User=5.72s Sys=0.00s Real=0.73s
[31.081s][info][gc,start       ] GC(224) Pause Full (Ergonomics)
[31.081s][info][gc,phases,start] GC(224) Marking Phase
[31.647s][info][gc,phases      ] GC(224) Marking Phase 566.418ms
[31.647s][info][gc,phases,start] GC(224) Summary Phase
[31.647s][info][gc,phases      ] GC(224) Summary Phase 0.034ms
[31.647s][info][gc,phases,start] GC(224) Adjust Roots
[31.647s][info][gc,phases      ] GC(224) Adjust Roots 0.183ms
[31.647s][info][gc,phases,start] GC(224) Compaction Phase
[31.825s][info][gc,phases      ] GC(224) Compaction Phase 177.966ms
[31.825s][info][gc,phases,start] GC(224) Post Compact
[31.830s][info][gc,phases      ] GC(224) Post Compact 4.673ms
[31.830s][info][gc,heap        ] GC(224) PSYoungGen: 111161K(186368K)->111161K(186368K) Eden: 35328K(35328K)->35328K(35328K) From: 75833K(151040K)->75833K(151040K)
[31.830s][info][gc,heap        ] GC(224) ParOldGen: 2321084K(2321408K)->2321084K(2321408K)
[31.830s][info][gc,metaspace   ] GC(224) Metaspace: 6298K(6464K)->6298K(6464K) NonClass: 5765K(5824K)->5765K(5824K) Class: 533K(640K)->533K(640K)
[31.830s][info][gc             ] GC(224) Pause Full (Ergonomics) 2375M->2375M(2449M) 749.593ms
[31.830s][info][gc,cpu         ] GC(224) User=5.69s Sys=0.00s Real=0.75s
[31.830s][info][gc,start       ] GC(225) Pause Full (Ergonomics)
[31.830s][info][gc,phases,start] GC(225) Marking Phase
[32.387s][info][gc,phases      ] GC(225) Marking Phase 556.016ms
[32.387s][info][gc,phases,start] GC(225) Summary Phase
[32.387s][info][gc,phases      ] GC(225) Summary Phase 0.036ms
[32.387s][info][gc,phases,start] GC(225) Adjust Roots
[32.387s][info][gc,phases      ] GC(225) Adjust Roots 0.185ms
[32.387s][info][gc,phases,start] GC(225) Compaction Phase
[32.557s][info][gc,phases      ] GC(225) Compaction Phase 170.625ms
[32.558s][info][gc,phases,start] GC(225) Post Compact
[32.563s][info][gc,phases      ] GC(225) Post Compact 5.051ms
[32.563s][info][gc,heap        ] GC(225) PSYoungGen: 111161K(186368K)->111161K(186368K) Eden: 35328K(35328K)->35328K(35328K) From: 75833K(151040K)->75833K(151040K)
[32.563s][info][gc,heap        ] GC(225) ParOldGen: 2321089K(2321408K)->2321089K(2321408K)
[32.563s][info][gc,metaspace   ] GC(225) Metaspace: 6298K(6464K)->6298K(6464K) NonClass: 5765K(5824K)->5765K(5824K) Class: 533K(640K)->533K(640K)
[32.563s][info][gc             ] GC(225) Pause Full (Ergonomics) 2375M->2375M(2449M) 732.276ms
[32.563s][info][gc,cpu         ] GC(225) User=5.42s Sys=0.00s Real=0.73s
[32.563s][info][gc,start       ] GC(226) Pause Full (Ergonomics)
[32.563s][info][gc,phases,start] GC(226) Marking Phase
[33.138s][info][gc,phases      ] GC(226) Marking Phase 574.608ms
[33.138s][info][gc,phases,start] GC(226) Summary Phase
[33.138s][info][gc,phases      ] GC(226) Summary Phase 0.037ms
[33.138s][info][gc,phases,start] GC(226) Adjust Roots
[33.138s][info][gc,phases      ] GC(226) Adjust Roots 0.197ms
[33.138s][info][gc,phases,start] GC(226) Compaction Phase
[33.305s][info][gc,phases      ] GC(226) Compaction Phase 167.179ms
[33.305s][info][gc,phases,start] GC(226) Post Compact
[33.310s][info][gc,phases      ] GC(226) Post Compact 4.668ms
[33.310s][info][gc,heap        ] GC(226) PSYoungGen: 111161K(186368K)->111161K(186368K) Eden: 35328K(35328K)->35328K(35328K) From: 75833K(151040K)->75833K(151040K)
[33.310s][info][gc,heap        ] GC(226) ParOldGen: 2321094K(2321408K)->2321094K(2321408K)
[33.310s][info][gc,metaspace   ] GC(226) Metaspace: 6298K(6464K)->6298K(6464K) NonClass: 5765K(5824K)->5765K(5824K) Class: 533K(640K)->533K(640K)
[33.310s][info][gc             ] GC(226) Pause Full (Ergonomics) 2375M->2375M(2449M) 747.024ms
[33.310s][info][gc,cpu         ] GC(226) User=5.66s Sys=0.00s Real=0.75s
[33.310s][info][gc,start       ] GC(227) Pause Full (Ergonomics)
[33.310s][info][gc,phases,start] GC(227) Marking Phase
[33.879s][info][gc,phases      ] GC(227) Marking Phase 568.483ms
[33.879s][info][gc,phases,start] GC(227) Summary Phase
[33.879s][info][gc,phases      ] GC(227) Summary Phase 0.035ms
[33.879s][info][gc,phases,start] GC(227) Adjust Roots
[33.879s][info][gc,phases      ] GC(227) Adjust Roots 0.165ms
[33.879s][info][gc,phases,start] GC(227) Compaction Phase
[34.061s][info][gc,phases      ] GC(227) Compaction Phase 182.013ms
[34.061s][info][gc,phases,start] GC(227) Post Compact
[34.066s][info][gc,phases      ] GC(227) Post Compact 5.116ms
[34.066s][info][gc,heap        ] GC(227) PSYoungGen: 111161K(186368K)->111161K(186368K) Eden: 35328K(35328K)->35328K(35328K) From: 75833K(151040K)->75833K(151040K)
[34.066s][info][gc,heap        ] GC(227) ParOldGen: 2321099K(2321408K)->2321099K(2321408K)
[34.066s][info][gc,metaspace   ] GC(227) Metaspace: 6298K(6464K)->6298K(6464K) NonClass: 5765K(5824K)->5765K(5824K) Class: 533K(640K)->533K(640K)
[34.066s][info][gc             ] GC(227) Pause Full (Ergonomics) 2375M->2375M(2449M) 756.206ms
[34.066s][info][gc,cpu         ] GC(227) User=5.75s Sys=0.00s Real=0.76s
[34.067s][info][gc,start       ] GC(228) Pause Full (Ergonomics)
[34.067s][info][gc,phases,start] GC(228) Marking Phase
[34.641s][info][gc,phases      ] GC(228) Marking Phase 573.794ms
[34.641s][info][gc,phases,start] GC(228) Summary Phase
[34.641s][info][gc,phases      ] GC(228) Summary Phase 0.061ms
[34.641s][info][gc,phases,start] GC(228) Adjust Roots
[34.641s][info][gc,phases      ] GC(228) Adjust Roots 0.299ms
[34.641s][info][gc,phases,start] GC(228) Compaction Phase
[34.800s][info][gc,phases      ] GC(228) Compaction Phase 159.109ms
[34.800s][info][gc,phases,start] GC(228) Post Compact
[34.804s][info][gc,phases      ] GC(228) Post Compact 4.016ms
[34.804s][info][gc,heap        ] GC(228) PSYoungGen: 111161K(186368K)->111161K(186368K) Eden: 35328K(35328K)->35328K(35328K) From: 75833K(151040K)->75833K(151040K)
[34.804s][info][gc,heap        ] GC(228) ParOldGen: 2321103K(2321408K)->2321103K(2321408K)
[34.804s][info][gc,metaspace   ] GC(228) Metaspace: 6298K(6464K)->6298K(6464K) NonClass: 5765K(5824K)->5765K(5824K) Class: 533K(640K)->533K(640K)
[34.804s][info][gc             ] GC(228) Pause Full (Ergonomics) 2375M->2375M(2449M) 737.699ms
[34.804s][info][gc,cpu         ] GC(228) User=5.64s Sys=0.02s Real=0.74s
[34.805s][info][gc,start       ] GC(229) Pause Full (Ergonomics)
[34.805s][info][gc,phases,start] GC(229) Marking Phase
[35.370s][info][gc,phases      ] GC(229) Marking Phase 565.494ms
[35.370s][info][gc,phases,start] GC(229) Summary Phase
[35.370s][info][gc,phases      ] GC(229) Summary Phase 0.037ms
[35.370s][info][gc,phases,start] GC(229) Adjust Roots
[35.370s][info][gc,phases      ] GC(229) Adjust Roots 0.172ms
[35.370s][info][gc,phases,start] GC(229) Compaction Phase
[35.530s][info][gc,phases      ] GC(229) Compaction Phase 159.373ms
[35.530s][info][gc,phases,start] GC(229) Post Compact
[35.534s][info][gc,phases      ] GC(229) Post Compact 4.538ms
[35.535s][info][gc,heap        ] GC(229) PSYoungGen: 111161K(186368K)->111161K(186368K) Eden: 35328K(35328K)->35328K(35328K) From: 75833K(151040K)->75833K(151040K)
[35.535s][info][gc,heap        ] GC(229) ParOldGen: 2321108K(2321408K)->2321108K(2321408K)
[35.535s][info][gc,metaspace   ] GC(229) Metaspace: 6298K(6464K)->6298K(6464K) NonClass: 5765K(5824K)->5765K(5824K) Class: 533K(640K)->533K(640K)
[35.535s][info][gc             ] GC(229) Pause Full (Ergonomics) 2375M->2375M(2449M) 729.970ms
[35.535s][info][gc,cpu         ] GC(229) User=5.64s Sys=0.00s Real=0.73s
[35.535s][info][gc,start       ] GC(230) Pause Full (Ergonomics)
[35.535s][info][gc,phases,start] GC(230) Marking Phase
[36.111s][info][gc,phases      ] GC(230) Marking Phase 575.938ms
[36.111s][info][gc,phases,start] GC(230) Summary Phase
[36.111s][info][gc,phases      ] GC(230) Summary Phase 0.036ms
[36.111s][info][gc,phases,start] GC(230) Adjust Roots
[36.111s][info][gc,phases      ] GC(230) Adjust Roots 0.174ms
[36.111s][info][gc,phases,start] GC(230) Compaction Phase
[36.272s][info][gc,phases      ] GC(230) Compaction Phase 160.998ms
[36.272s][info][gc,phases,start] GC(230) Post Compact
[36.276s][info][gc,phases      ] GC(230) Post Compact 4.256ms
[36.277s][info][gc,heap        ] GC(230) PSYoungGen: 111161K(186368K)->111161K(186368K) Eden: 35328K(35328K)->35328K(35328K) From: 75833K(151040K)->75833K(151040K)
[36.277s][info][gc,heap        ] GC(230) ParOldGen: 2321113K(2321408K)->2321113K(2321408K)
[36.277s][info][gc,metaspace   ] GC(230) Metaspace: 6298K(6464K)->6298K(6464K) NonClass: 5765K(5824K)->5765K(5824K) Class: 533K(640K)->533K(640K)
[36.277s][info][gc             ] GC(230) Pause Full (Ergonomics) 2375M->2375M(2449M) 741.730ms
[36.277s][info][gc,cpu         ] GC(230) User=5.77s Sys=0.00s Real=0.74s
[36.277s][info][gc,start       ] GC(231) Pause Full (Ergonomics)
[36.277s][info][gc,phases,start] GC(231) Marking Phase
[36.840s][info][gc,phases      ] GC(231) Marking Phase 563.576ms
[36.840s][info][gc,phases,start] GC(231) Summary Phase
[36.841s][info][gc,phases      ] GC(231) Summary Phase 0.035ms
[36.841s][info][gc,phases,start] GC(231) Adjust Roots
[36.841s][info][gc,phases      ] GC(231) Adjust Roots 0.160ms
[36.841s][info][gc,phases,start] GC(231) Compaction Phase
[36.994s][info][gc,phases      ] GC(231) Compaction Phase 153.599ms
[36.994s][info][gc,phases,start] GC(231) Post Compact
[36.999s][info][gc,phases      ] GC(231) Post Compact 4.709ms
[36.999s][info][gc,heap        ] GC(231) PSYoungGen: 111161K(186368K)->111161K(186368K) Eden: 35328K(35328K)->35328K(35328K) From: 75833K(151040K)->75833K(151040K)
[36.999s][info][gc,heap        ] GC(231) ParOldGen: 2321118K(2321408K)->2321118K(2321408K)
[36.999s][info][gc,metaspace   ] GC(231) Metaspace: 6298K(6464K)->6298K(6464K) NonClass: 5765K(5824K)->5765K(5824K) Class: 533K(640K)->533K(640K)
[36.999s][info][gc             ] GC(231) Pause Full (Ergonomics) 2375M->2375M(2449M) 722.465ms
[36.999s][info][gc,cpu         ] GC(231) User=5.55s Sys=0.00s Real=0.72s
[36.999s][info][gc,start       ] GC(232) Pause Full (Ergonomics)
[37.000s][info][gc,phases,start] GC(232) Marking Phase
[37.566s][info][gc,phases      ] GC(232) Marking Phase 566.726ms
[37.566s][info][gc,phases,start] GC(232) Summary Phase
[37.566s][info][gc,phases      ] GC(232) Summary Phase 0.035ms
[37.566s][info][gc,phases,start] GC(232) Adjust Roots
[37.567s][info][gc,phases      ] GC(232) Adjust Roots 0.160ms
[37.567s][info][gc,phases,start] GC(232) Compaction Phase
[37.731s][info][gc,phases      ] GC(232) Compaction Phase 164.078ms
[37.731s][info][gc,phases,start] GC(232) Post Compact
[37.735s][info][gc,phases      ] GC(232) Post Compact 4.455ms
[37.735s][info][gc,heap        ] GC(232) PSYoungGen: 111161K(186368K)->111161K(186368K) Eden: 35328K(35328K)->35328K(35328K) From: 75833K(151040K)->75833K(151040K)
[37.735s][info][gc,heap        ] GC(232) ParOldGen: 2321123K(2321408K)->2321123K(2321408K)
[37.735s][info][gc,metaspace   ] GC(232) Metaspace: 6298K(6464K)->6298K(6464K) NonClass: 5765K(5824K)->5765K(5824K) Class: 533K(640K)->533K(640K)
[37.735s][info][gc             ] GC(232) Pause Full (Ergonomics) 2375M->2375M(2449M) 735.812ms
[37.735s][info][gc,cpu         ] GC(232) User=5.77s Sys=0.00s Real=0.74s
[37.736s][info][gc,start       ] GC(233) Pause Full (Ergonomics)
[37.736s][info][gc,phases,start] GC(233) Marking Phase
[38.317s][info][gc,phases      ] GC(233) Marking Phase 581.067ms
[38.317s][info][gc,phases,start] GC(233) Summary Phase
[38.317s][info][gc,phases      ] GC(233) Summary Phase 0.036ms
[38.317s][info][gc,phases,start] GC(233) Adjust Roots
[38.317s][info][gc,phases      ] GC(233) Adjust Roots 0.167ms
[38.317s][info][gc,phases,start] GC(233) Compaction Phase
[38.479s][info][gc,phases      ] GC(233) Compaction Phase 161.925ms
[38.479s][info][gc,phases,start] GC(233) Post Compact
[38.486s][info][gc,phases      ] GC(233) Post Compact 6.970ms
[38.486s][info][gc,heap        ] GC(233) PSYoungGen: 111161K(186368K)->111161K(186368K) Eden: 35328K(35328K)->35328K(35328K) From: 75833K(151040K)->75833K(151040K)
[38.486s][info][gc,heap        ] GC(233) ParOldGen: 2321128K(2321408K)->2321128K(2321408K)
[38.486s][info][gc,metaspace   ] GC(233) Metaspace: 6298K(6464K)->6298K(6464K) NonClass: 5765K(5824K)->5765K(5824K) Class: 533K(640K)->533K(640K)
[38.486s][info][gc             ] GC(233) Pause Full (Ergonomics) 2375M->2375M(2449M) 750.635ms
[38.486s][info][gc,cpu         ] GC(233) User=5.75s Sys=0.00s Real=0.75s
[38.486s][info][gc,start       ] GC(234) Pause Full (Ergonomics)
[38.487s][info][gc,phases,start] GC(234) Marking Phase
[39.053s][info][gc,phases      ] GC(234) Marking Phase 566.048ms
[39.053s][info][gc,phases,start] GC(234) Summary Phase
[39.053s][info][gc,phases      ] GC(234) Summary Phase 0.036ms
[39.053s][info][gc,phases,start] GC(234) Adjust Roots
[39.053s][info][gc,phases      ] GC(234) Adjust Roots 0.163ms
[39.053s][info][gc,phases,start] GC(234) Compaction Phase
[39.212s][info][gc,phases      ] GC(234) Compaction Phase 158.677ms
[39.212s][info][gc,phases,start] GC(234) Post Compact
[39.216s][info][gc,phases      ] GC(234) Post Compact 4.222ms
[39.216s][info][gc,heap        ] GC(234) PSYoungGen: 111161K(186368K)->111161K(186368K) Eden: 35328K(35328K)->35328K(35328K) From: 75833K(151040K)->75833K(151040K)
[39.216s][info][gc,heap        ] GC(234) ParOldGen: 2321132K(2321408K)->2321132K(2321408K)
[39.216s][info][gc,metaspace   ] GC(234) Metaspace: 6298K(6464K)->6298K(6464K) NonClass: 5765K(5824K)->5765K(5824K) Class: 533K(640K)->533K(640K)
[39.216s][info][gc             ] GC(234) Pause Full (Ergonomics) 2375M->2375M(2449M) 729.490ms
[39.216s][info][gc,cpu         ] GC(234) User=5.50s Sys=0.00s Real=0.73s
[39.216s][info][gc,start       ] GC(235) Pause Full (Ergonomics)
[39.216s][info][gc,phases,start] GC(235) Marking Phase
[39.808s][info][gc,phases      ] GC(235) Marking Phase 591.540ms
[39.808s][info][gc,phases,start] GC(235) Summary Phase
[39.808s][info][gc,phases      ] GC(235) Summary Phase 0.036ms
[39.808s][info][gc,phases,start] GC(235) Adjust Roots
[39.808s][info][gc,phases      ] GC(235) Adjust Roots 0.163ms
[39.808s][info][gc,phases,start] GC(235) Compaction Phase
[39.993s][info][gc,phases      ] GC(235) Compaction Phase 185.046ms
[39.993s][info][gc,phases,start] GC(235) Post Compact
[39.998s][info][gc,phases      ] GC(235) Post Compact 4.506ms
[39.998s][info][gc,heap        ] GC(235) PSYoungGen: 111161K(186368K)->111161K(186368K) Eden: 35328K(35328K)->35328K(35328K) From: 75833K(151040K)->75833K(151040K)
[39.998s][info][gc,heap        ] GC(235) ParOldGen: 2321137K(2321408K)->2321137K(2321408K)
[39.998s][info][gc,metaspace   ] GC(235) Metaspace: 6298K(6464K)->6298K(6464K) NonClass: 5765K(5824K)->5765K(5824K) Class: 533K(640K)->533K(640K)
[39.998s][info][gc             ] GC(235) Pause Full (Ergonomics) 2375M->2375M(2449M) 781.647ms
[39.998s][info][gc,cpu         ] GC(235) User=5.80s Sys=0.00s Real=0.78s
[39.998s][info][gc,start       ] GC(236) Pause Full (Ergonomics)
[39.998s][info][gc,phases,start] GC(236) Marking Phase
[40.576s][info][gc,phases      ] GC(236) Marking Phase 577.787ms
[40.576s][info][gc,phases,start] GC(236) Summary Phase
[40.576s][info][gc,phases      ] GC(236) Summary Phase 0.036ms
[40.576s][info][gc,phases,start] GC(236) Adjust Roots
[40.576s][info][gc,phases      ] GC(236) Adjust Roots 0.206ms
[40.576s][info][gc,phases,start] GC(236) Compaction Phase
[40.746s][info][gc,phases      ] GC(236) Compaction Phase 169.572ms
[40.746s][info][gc,phases,start] GC(236) Post Compact
[40.750s][info][gc,phases      ] GC(236) Post Compact 4.151ms
[40.750s][info][gc,heap        ] GC(236) PSYoungGen: 111161K(186368K)->111161K(186368K) Eden: 35328K(35328K)->35328K(35328K) From: 75833K(151040K)->75833K(151040K)
[40.750s][info][gc,heap        ] GC(236) ParOldGen: 2321142K(2321408K)->2321142K(2321408K)
[40.750s][info][gc,metaspace   ] GC(236) Metaspace: 6298K(6464K)->6298K(6464K) NonClass: 5765K(5824K)->5765K(5824K) Class: 533K(640K)->533K(640K)
[40.750s][info][gc             ] GC(236) Pause Full (Ergonomics) 2375M->2375M(2449M) 752.106ms
[40.750s][info][gc,cpu         ] GC(236) User=5.77s Sys=0.03s Real=0.75s
[40.750s][info][gc,start       ] GC(237) Pause Full (Ergonomics)
[40.750s][info][gc,phases,start] GC(237) Marking Phase
[41.302s][info][gc,phases      ] GC(237) Marking Phase 551.440ms
[41.302s][info][gc,phases,start] GC(237) Summary Phase
[41.302s][info][gc,phases      ] GC(237) Summary Phase 0.036ms
[41.302s][info][gc,phases,start] GC(237) Adjust Roots
[41.302s][info][gc,phases      ] GC(237) Adjust Roots 0.168ms
[41.302s][info][gc,phases,start] GC(237) Compaction Phase
[41.467s][info][gc,phases      ] GC(237) Compaction Phase 164.378ms
[41.467s][info][gc,phases,start] GC(237) Post Compact
[41.471s][info][gc,phases      ] GC(237) Post Compact 4.727ms
[41.471s][info][gc,heap        ] GC(237) PSYoungGen: 111161K(186368K)->111161K(186368K) Eden: 35328K(35328K)->35328K(35328K) From: 75833K(151040K)->75833K(151040K)
[41.471s][info][gc,heap        ] GC(237) ParOldGen: 2321147K(2321408K)->2321147K(2321408K)
[41.472s][info][gc,metaspace   ] GC(237) Metaspace: 6298K(6464K)->6298K(6464K) NonClass: 5765K(5824K)->5765K(5824K) Class: 533K(640K)->533K(640K)
[41.472s][info][gc             ] GC(237) Pause Full (Ergonomics) 2375M->2375M(2449M) 721.117ms
[41.472s][info][gc,cpu         ] GC(237) User=5.52s Sys=0.00s Real=0.72s
[41.472s][info][gc,start       ] GC(238) Pause Full (Ergonomics)
[41.472s][info][gc,phases,start] GC(238) Marking Phase
[42.051s][info][gc,phases      ] GC(238) Marking Phase 579.098ms
[42.051s][info][gc,phases,start] GC(238) Summary Phase
[42.051s][info][gc,phases      ] GC(238) Summary Phase 0.041ms
[42.051s][info][gc,phases,start] GC(238) Adjust Roots
[42.051s][info][gc,phases      ] GC(238) Adjust Roots 0.168ms
[42.051s][info][gc,phases,start] GC(238) Compaction Phase
[42.215s][info][gc,phases      ] GC(238) Compaction Phase 163.571ms
[42.215s][info][gc,phases,start] GC(238) Post Compact
[42.220s][info][gc,phases      ] GC(238) Post Compact 4.774ms
[42.220s][info][gc,heap        ] GC(238) PSYoungGen: 111161K(186368K)->111161K(186368K) Eden: 35328K(35328K)->35328K(35328K) From: 75833K(151040K)->75833K(151040K)
[42.220s][info][gc,heap        ] GC(238) ParOldGen: 2321152K(2321408K)->2321152K(2321408K)
[42.220s][info][gc,metaspace   ] GC(238) Metaspace: 6298K(6464K)->6298K(6464K) NonClass: 5765K(5824K)->5765K(5824K) Class: 533K(640K)->533K(640K)
[42.220s][info][gc             ] GC(238) Pause Full (Ergonomics) 2375M->2375M(2449M) 748.032ms
[42.220s][info][gc,cpu         ] GC(238) User=5.80s Sys=0.00s Real=0.75s
[42.220s][info][gc,start       ] GC(239) Pause Full (Ergonomics)
[42.220s][info][gc,phases,start] GC(239) Marking Phase
[42.789s][info][gc,phases      ] GC(239) Marking Phase 568.540ms
[42.789s][info][gc,phases,start] GC(239) Summary Phase
[42.789s][info][gc,phases      ] GC(239) Summary Phase 0.035ms
[42.789s][info][gc,phases,start] GC(239) Adjust Roots
[42.789s][info][gc,phases      ] GC(239) Adjust Roots 0.168ms
[42.789s][info][gc,phases,start] GC(239) Compaction Phase
[42.951s][info][gc,phases      ] GC(239) Compaction Phase 162.364ms
[42.951s][info][gc,phases,start] GC(239) Post Compact
[42.956s][info][gc,phases      ] GC(239) Post Compact 4.639ms
[42.956s][info][gc,heap        ] GC(239) PSYoungGen: 111161K(186368K)->111161K(186368K) Eden: 35328K(35328K)->35328K(35328K) From: 75833K(151040K)->75833K(151040K)
[42.956s][info][gc,heap        ] GC(239) ParOldGen: 2321157K(2321408K)->2321157K(2321408K)
[42.956s][info][gc,metaspace   ] GC(239) Metaspace: 6298K(6464K)->6298K(6464K) NonClass: 5765K(5824K)->5765K(5824K) Class: 533K(640K)->533K(640K)
[42.956s][info][gc             ] GC(239) Pause Full (Ergonomics) 2375M->2375M(2449M) 736.137ms
[42.956s][info][gc,cpu         ] GC(239) User=5.66s Sys=0.00s Real=0.74s
[42.956s][info][gc,start       ] GC(240) Pause Full (Ergonomics)
[42.957s][info][gc,phases,start] GC(240) Marking Phase
[43.518s][info][gc,phases      ] GC(240) Marking Phase 561.219ms
[43.518s][info][gc,phases,start] GC(240) Summary Phase
[43.518s][info][gc,phases      ] GC(240) Summary Phase 0.041ms
[43.518s][info][gc,phases,start] GC(240) Adjust Roots
[43.518s][info][gc,phases      ] GC(240) Adjust Roots 0.205ms
[43.518s][info][gc,phases,start] GC(240) Compaction Phase
[43.682s][info][gc,phases      ] GC(240) Compaction Phase 163.599ms
[43.682s][info][gc,phases,start] GC(240) Post Compact
[43.686s][info][gc,phases      ] GC(240) Post Compact 4.559ms
[43.686s][info][gc,heap        ] GC(240) PSYoungGen: 111161K(186368K)->111161K(186368K) Eden: 35328K(35328K)->35328K(35328K) From: 75833K(151040K)->75833K(151040K)
[43.686s][info][gc,heap        ] GC(240) ParOldGen: 2321161K(2321408K)->2321161K(2321408K)
[43.686s][info][gc,metaspace   ] GC(240) Metaspace: 6298K(6464K)->6298K(6464K) NonClass: 5765K(5824K)->5765K(5824K) Class: 533K(640K)->533K(640K)
[43.686s][info][gc             ] GC(240) Pause Full (Ergonomics) 2375M->2375M(2449M) 729.989ms
[43.686s][info][gc,cpu         ] GC(240) User=5.66s Sys=0.00s Real=0.73s
[43.687s][info][gc,start       ] GC(241) Pause Full (Ergonomics)
[43.687s][info][gc,phases,start] GC(241) Marking Phase
[44.264s][info][gc,phases      ] GC(241) Marking Phase 577.002ms
[44.264s][info][gc,phases,start] GC(241) Summary Phase
[44.264s][info][gc,phases      ] GC(241) Summary Phase 0.040ms
[44.264s][info][gc,phases,start] GC(241) Adjust Roots
[44.264s][info][gc,phases      ] GC(241) Adjust Roots 0.207ms
[44.264s][info][gc,phases,start] GC(241) Compaction Phase
[44.424s][info][gc,phases      ] GC(241) Compaction Phase 159.798ms
[44.424s][info][gc,phases,start] GC(241) Post Compact
[44.429s][info][gc,phases      ] GC(241) Post Compact 4.991ms
[44.429s][info][gc,heap        ] GC(241) PSYoungGen: 111161K(186368K)->111161K(186368K) Eden: 35328K(35328K)->35328K(35328K) From: 75833K(151040K)->75833K(151040K)
[44.429s][info][gc,heap        ] GC(241) ParOldGen: 2321166K(2321408K)->2321166K(2321408K)
[44.429s][info][gc,metaspace   ] GC(241) Metaspace: 6298K(6464K)->6298K(6464K) NonClass: 5765K(5824K)->5765K(5824K) Class: 533K(640K)->533K(640K)
[44.429s][info][gc             ] GC(241) Pause Full (Ergonomics) 2375M->2375M(2449M) 742.434ms
[44.429s][info][gc,cpu         ] GC(241) User=5.62s Sys=0.00s Real=0.74s
[44.429s][info][gc,start       ] GC(242) Pause Full (Ergonomics)
[44.429s][info][gc,phases,start] GC(242) Marking Phase
[44.994s][info][gc,phases      ] GC(242) Marking Phase 564.515ms
[44.994s][info][gc,phases,start] GC(242) Summary Phase
[44.994s][info][gc,phases      ] GC(242) Summary Phase 0.034ms
[44.994s][info][gc,phases,start] GC(242) Adjust Roots
[44.994s][info][gc,phases      ] GC(242) Adjust Roots 0.161ms
[44.994s][info][gc,phases,start] GC(242) Compaction Phase
[45.194s][info][gc,phases      ] GC(242) Compaction Phase 199.918ms
[45.194s][info][gc,phases,start] GC(242) Post Compact
[45.199s][info][gc,phases      ] GC(242) Post Compact 4.786ms
[45.199s][info][gc,heap        ] GC(242) PSYoungGen: 111161K(186368K)->111161K(186368K) Eden: 35328K(35328K)->35328K(35328K) From: 75833K(151040K)->75833K(151040K)
[45.199s][info][gc,heap        ] GC(242) ParOldGen: 2321171K(2321408K)->2321171K(2321408K)
[45.199s][info][gc,metaspace   ] GC(242) Metaspace: 6298K(6464K)->6298K(6464K) NonClass: 5765K(5824K)->5765K(5824K) Class: 533K(640K)->533K(640K)
[45.199s][info][gc             ] GC(242) Pause Full (Ergonomics) 2375M->2375M(2449M) 769.765ms
[45.199s][info][gc,cpu         ] GC(242) User=5.59s Sys=0.00s Real=0.77s
[45.199s][info][gc,start       ] GC(243) Pause Full (Ergonomics)
[45.199s][info][gc,phases,start] GC(243) Marking Phase
[45.754s][info][gc,phases      ] GC(243) Marking Phase 554.850ms
[45.754s][info][gc,phases,start] GC(243) Summary Phase
[45.754s][info][gc,phases      ] GC(243) Summary Phase 0.035ms
[45.754s][info][gc,phases,start] GC(243) Adjust Roots
[45.755s][info][gc,phases      ] GC(243) Adjust Roots 0.159ms
[45.755s][info][gc,phases,start] GC(243) Compaction Phase
[45.933s][info][gc,phases      ] GC(243) Compaction Phase 178.833ms
[45.933s][info][gc,phases,start] GC(243) Post Compact
[45.938s][info][gc,phases      ] GC(243) Post Compact 4.522ms
[45.938s][info][gc,heap        ] GC(243) PSYoungGen: 111161K(186368K)->111161K(186368K) Eden: 35328K(35328K)->35328K(35328K) From: 75833K(151040K)->75833K(151040K)
[45.938s][info][gc,heap        ] GC(243) ParOldGen: 2321176K(2321408K)->2321176K(2321408K)
[45.938s][info][gc,metaspace   ] GC(243) Metaspace: 6298K(6464K)->6298K(6464K) NonClass: 5765K(5824K)->5765K(5824K) Class: 533K(640K)->533K(640K)
[45.938s][info][gc             ] GC(243) Pause Full (Ergonomics) 2375M->2375M(2449M) 738.762ms
[45.938s][info][gc,cpu         ] GC(243) User=5.53s Sys=0.00s Real=0.74s
[45.938s][info][gc,start       ] GC(244) Pause Full (Ergonomics)
[45.938s][info][gc,phases,start] GC(244) Marking Phase
[46.515s][info][gc,phases      ] GC(244) Marking Phase 576.419ms
[46.515s][info][gc,phases,start] GC(244) Summary Phase
[46.515s][info][gc,phases      ] GC(244) Summary Phase 0.035ms
[46.515s][info][gc,phases,start] GC(244) Adjust Roots
[46.515s][info][gc,phases      ] GC(244) Adjust Roots 0.188ms
[46.515s][info][gc,phases,start] GC(244) Compaction Phase
[46.678s][info][gc,phases      ] GC(244) Compaction Phase 163.234ms
[46.678s][info][gc,phases,start] GC(244) Post Compact
[46.683s][info][gc,phases      ] GC(244) Post Compact 4.186ms
[46.683s][info][gc,heap        ] GC(244) PSYoungGen: 111161K(186368K)->111161K(186368K) Eden: 35328K(35328K)->35328K(35328K) From: 75833K(151040K)->75833K(151040K)
[46.683s][info][gc,heap        ] GC(244) ParOldGen: 2321181K(2321408K)->2321181K(2321408K)
[46.683s][info][gc,metaspace   ] GC(244) Metaspace: 6298K(6464K)->6298K(6464K) NonClass: 5765K(5824K)->5765K(5824K) Class: 533K(640K)->533K(640K)
[46.683s][info][gc             ] GC(244) Pause Full (Ergonomics) 2375M->2375M(2449M) 744.455ms
[46.683s][info][gc,cpu         ] GC(244) User=5.66s Sys=0.00s Real=0.74s
[46.683s][info][gc,start       ] GC(245) Pause Full (Ergonomics)
[46.683s][info][gc,phases,start] GC(245) Marking Phase
[47.244s][info][gc,phases      ] GC(245) Marking Phase 561.072ms
[47.244s][info][gc,phases,start] GC(245) Summary Phase
[47.244s][info][gc,phases      ] GC(245) Summary Phase 0.034ms
[47.244s][info][gc,phases,start] GC(245) Adjust Roots
[47.244s][info][gc,phases      ] GC(245) Adjust Roots 0.162ms
[47.244s][info][gc,phases,start] GC(245) Compaction Phase
[47.428s][info][gc,phases      ] GC(245) Compaction Phase 183.705ms
[47.428s][info][gc,phases,start] GC(245) Post Compact
[47.433s][info][gc,phases      ] GC(245) Post Compact 4.479ms
[47.433s][info][gc,heap        ] GC(245) PSYoungGen: 111161K(186368K)->111161K(186368K) Eden: 35328K(35328K)->35328K(35328K) From: 75833K(151040K)->75833K(151040K)
[47.433s][info][gc,heap        ] GC(245) ParOldGen: 2321186K(2321408K)->2321186K(2321408K)
[47.433s][info][gc,metaspace   ] GC(245) Metaspace: 6298K(6464K)->6298K(6464K) NonClass: 5765K(5824K)->5765K(5824K) Class: 533K(640K)->533K(640K)
[47.433s][info][gc             ] GC(245) Pause Full (Ergonomics) 2375M->2375M(2449M) 749.795ms
[47.433s][info][gc,cpu         ] GC(245) User=5.44s Sys=0.00s Real=0.75s
[47.433s][info][gc,start       ] GC(246) Pause Full (Ergonomics)
[47.433s][info][gc,phases,start] GC(246) Marking Phase
[48.001s][info][gc,phases      ] GC(246) Marking Phase 567.483ms
[48.001s][info][gc,phases,start] GC(246) Summary Phase
[48.001s][info][gc,phases      ] GC(246) Summary Phase 0.034ms
[48.001s][info][gc,phases,start] GC(246) Adjust Roots
[48.001s][info][gc,phases      ] GC(246) Adjust Roots 0.161ms
[48.001s][info][gc,phases,start] GC(246) Compaction Phase
[48.183s][info][gc,phases      ] GC(246) Compaction Phase 182.002ms
[48.183s][info][gc,phases,start] GC(246) Post Compact
[48.188s][info][gc,phases      ] GC(246) Post Compact 5.338ms
[48.188s][info][gc,heap        ] GC(246) PSYoungGen: 111161K(186368K)->111161K(186368K) Eden: 35328K(35328K)->35328K(35328K) From: 75833K(151040K)->75833K(151040K)
[48.188s][info][gc,heap        ] GC(246) ParOldGen: 2321190K(2321408K)->2321190K(2321408K)
[48.188s][info][gc,metaspace   ] GC(246) Metaspace: 6298K(6464K)->6298K(6464K) NonClass: 5765K(5824K)->5765K(5824K) Class: 533K(640K)->533K(640K)
[48.188s][info][gc             ] GC(246) Pause Full (Ergonomics) 2375M->2375M(2449M) 755.409ms
[48.189s][info][gc,cpu         ] GC(246) User=5.75s Sys=0.00s Real=0.76s
[48.189s][info][gc,start       ] GC(247) Pause Full (Ergonomics)
[48.189s][info][gc,phases,start] GC(247) Marking Phase
[48.775s][info][gc,phases      ] GC(247) Marking Phase 585.944ms
[48.775s][info][gc,phases,start] GC(247) Summary Phase
[48.775s][info][gc,phases      ] GC(247) Summary Phase 0.036ms
[48.775s][info][gc,phases,start] GC(247) Adjust Roots
[48.775s][info][gc,phases      ] GC(247) Adjust Roots 0.169ms
[48.775s][info][gc,phases,start] GC(247) Compaction Phase
[48.943s][info][gc,phases      ] GC(247) Compaction Phase 168.297ms
[48.943s][info][gc,phases,start] GC(247) Post Compact
[48.948s][info][gc,phases      ] GC(247) Post Compact 4.229ms
[48.948s][info][gc,heap        ] GC(247) PSYoungGen: 111161K(186368K)->111161K(186368K) Eden: 35328K(35328K)->35328K(35328K) From: 75833K(151040K)->75833K(151040K)
[48.948s][info][gc,heap        ] GC(247) ParOldGen: 2321195K(2321408K)->2321195K(2321408K)
[48.948s][info][gc,metaspace   ] GC(247) Metaspace: 6298K(6464K)->6298K(6464K) NonClass: 5765K(5824K)->5765K(5824K) Class: 533K(640K)->533K(640K)
[48.948s][info][gc             ] GC(247) Pause Full (Ergonomics) 2375M->2375M(2449M) 759.068ms
[48.948s][info][gc,cpu         ] GC(247) User=5.78s Sys=0.00s Real=0.76s
[48.948s][info][gc,start       ] GC(248) Pause Full (Ergonomics)
[48.948s][info][gc,phases,start] GC(248) Marking Phase
[49.520s][info][gc,phases      ] GC(248) Marking Phase 572.369ms
[49.521s][info][gc,phases,start] GC(248) Summary Phase
[49.521s][info][gc,phases      ] GC(248) Summary Phase 0.038ms
[49.521s][info][gc,phases,start] GC(248) Adjust Roots
[49.521s][info][gc,phases      ] GC(248) Adjust Roots 0.217ms
[49.521s][info][gc,phases,start] GC(248) Compaction Phase
[49.685s][info][gc,phases      ] GC(248) Compaction Phase 164.556ms
[49.685s][info][gc,phases,start] GC(248) Post Compact
[49.690s][info][gc,phases      ] GC(248) Post Compact 4.476ms
[49.690s][info][gc,heap        ] GC(248) PSYoungGen: 111161K(186368K)->111161K(186368K) Eden: 35328K(35328K)->35328K(35328K) From: 75833K(151040K)->75833K(151040K)
[49.690s][info][gc,heap        ] GC(248) ParOldGen: 2321200K(2321408K)->2321200K(2321408K)
[49.690s][info][gc,metaspace   ] GC(248) Metaspace: 6298K(6464K)->6298K(6464K) NonClass: 5765K(5824K)->5765K(5824K) Class: 533K(640K)->533K(640K)
[49.690s][info][gc             ] GC(248) Pause Full (Ergonomics) 2375M->2375M(2449M) 742.021ms
[49.690s][info][gc,cpu         ] GC(248) User=5.61s Sys=0.00s Real=0.74s
[49.690s][info][gc,start       ] GC(249) Pause Full (Ergonomics)
[49.690s][info][gc,phases,start] GC(249) Marking Phase
[50.249s][info][gc,phases      ] GC(249) Marking Phase 559.095ms
[50.250s][info][gc,phases,start] GC(249) Summary Phase
[50.250s][info][gc,phases      ] GC(249) Summary Phase 0.034ms
[50.250s][info][gc,phases,start] GC(249) Adjust Roots
[50.250s][info][gc,phases      ] GC(249) Adjust Roots 0.183ms
[50.250s][info][gc,phases,start] GC(249) Compaction Phase
[50.411s][info][gc,phases      ] GC(249) Compaction Phase 161.539ms
[50.411s][info][gc,phases,start] GC(249) Post Compact
[50.416s][info][gc,phases      ] GC(249) Post Compact 4.738ms
[50.416s][info][gc,heap        ] GC(249) PSYoungGen: 111161K(186368K)->111161K(186368K) Eden: 35328K(35328K)->35328K(35328K) From: 75833K(151040K)->75833K(151040K)
[50.416s][info][gc,heap        ] GC(249) ParOldGen: 2321205K(2321408K)->2321205K(2321408K)
[50.416s][info][gc,metaspace   ] GC(249) Metaspace: 6298K(6464K)->6298K(6464K) NonClass: 5765K(5824K)->5765K(5824K) Class: 533K(640K)->533K(640K)
[50.416s][info][gc             ] GC(249) Pause Full (Ergonomics) 2375M->2375M(2449M) 725.945ms
[50.416s][info][gc,cpu         ] GC(249) User=5.50s Sys=0.00s Real=0.73s
[50.417s][info][gc,start       ] GC(250) Pause Full (Ergonomics)
[50.417s][info][gc,phases,start] GC(250) Marking Phase
[50.983s][info][gc,phases      ] GC(250) Marking Phase 566.331ms
[50.983s][info][gc,phases,start] GC(250) Summary Phase
[50.983s][info][gc,phases      ] GC(250) Summary Phase 0.036ms
[50.983s][info][gc,phases,start] GC(250) Adjust Roots
[50.983s][info][gc,phases      ] GC(250) Adjust Roots 0.166ms
[50.983s][info][gc,phases,start] GC(250) Compaction Phase
[51.152s][info][gc,phases      ] GC(250) Compaction Phase 168.327ms
[51.152s][info][gc,phases,start] GC(250) Post Compact
[51.156s][info][gc,phases      ] GC(250) Post Compact 4.562ms
[51.156s][info][gc,heap        ] GC(250) PSYoungGen: 111161K(186368K)->111161K(186368K) Eden: 35328K(35328K)->35328K(35328K) From: 75833K(151040K)->75833K(151040K)
[51.156s][info][gc,heap        ] GC(250) ParOldGen: 2321210K(2321408K)->2321210K(2321408K)
[51.156s][info][gc,metaspace   ] GC(250) Metaspace: 6298K(6464K)->6298K(6464K) NonClass: 5765K(5824K)->5765K(5824K) Class: 533K(640K)->533K(640K)
[51.156s][info][gc             ] GC(250) Pause Full (Ergonomics) 2375M->2375M(2449M) 739.811ms
[51.156s][info][gc,cpu         ] GC(250) User=5.66s Sys=0.00s Real=0.74s
[51.157s][info][gc,start       ] GC(251) Pause Full (Ergonomics)
[51.157s][info][gc,phases,start] GC(251) Marking Phase
[51.746s][info][gc,phases      ] GC(251) Marking Phase 589.494ms
[51.746s][info][gc,phases,start] GC(251) Summary Phase
[51.746s][info][gc,phases      ] GC(251) Summary Phase 0.035ms
[51.746s][info][gc,phases,start] GC(251) Adjust Roots
[51.747s][info][gc,phases      ] GC(251) Adjust Roots 0.166ms
[51.747s][info][gc,phases,start] GC(251) Compaction Phase
[51.912s][info][gc,phases      ] GC(251) Compaction Phase 165.678ms
[51.912s][info][gc,phases,start] GC(251) Post Compact
[51.917s][info][gc,phases      ] GC(251) Post Compact 4.750ms
[51.917s][info][gc,heap        ] GC(251) PSYoungGen: 111161K(186368K)->111161K(186368K) Eden: 35328K(35328K)->35328K(35328K) From: 75833K(151040K)->75833K(151040K)
[51.917s][info][gc,heap        ] GC(251) ParOldGen: 2321215K(2321408K)->2321215K(2321408K)
[51.917s][info][gc,metaspace   ] GC(251) Metaspace: 6298K(6464K)->6298K(6464K) NonClass: 5765K(5824K)->5765K(5824K) Class: 533K(640K)->533K(640K)
[51.917s][info][gc             ] GC(251) Pause Full (Ergonomics) 2375M->2375M(2449M) 760.521ms
[51.917s][info][gc,cpu         ] GC(251) User=5.81s Sys=0.00s Real=0.76s
[51.917s][info][gc,start       ] GC(252) Pause Full (Ergonomics)
[51.917s][info][gc,phases,start] GC(252) Marking Phase
[52.478s][info][gc,phases      ] GC(252) Marking Phase 560.453ms
[52.478s][info][gc,phases,start] GC(252) Summary Phase
[52.478s][info][gc,phases      ] GC(252) Summary Phase 0.034ms
[52.478s][info][gc,phases,start] GC(252) Adjust Roots
[52.478s][info][gc,phases      ] GC(252) Adjust Roots 0.162ms
[52.478s][info][gc,phases,start] GC(252) Compaction Phase
[52.634s][info][gc,phases      ] GC(252) Compaction Phase 155.420ms
[52.634s][info][gc,phases,start] GC(252) Post Compact
[52.640s][info][gc,phases      ] GC(252) Post Compact 6.425ms
[52.640s][info][gc,heap        ] GC(252) PSYoungGen: 111161K(186368K)->111161K(186368K) Eden: 35328K(35328K)->35328K(35328K) From: 75833K(151040K)->75833K(151040K)
[52.640s][info][gc,heap        ] GC(252) ParOldGen: 2321219K(2321408K)->2321219K(2321408K)
[52.640s][info][gc,metaspace   ] GC(252) Metaspace: 6298K(6464K)->6298K(6464K) NonClass: 5765K(5824K)->5765K(5824K) Class: 533K(640K)->533K(640K)
[52.640s][info][gc             ] GC(252) Pause Full (Ergonomics) 2375M->2375M(2449M) 722.911ms
[52.640s][info][gc,cpu         ] GC(252) User=5.42s Sys=0.00s Real=0.72s
[52.641s][info][gc,start       ] GC(253) Pause Full (Ergonomics)
[52.641s][info][gc,phases,start] GC(253) Marking Phase
[53.218s][info][gc,phases      ] GC(253) Marking Phase 576.885ms
[53.218s][info][gc,phases,start] GC(253) Summary Phase
[53.218s][info][gc,phases      ] GC(253) Summary Phase 0.035ms
[53.218s][info][gc,phases,start] GC(253) Adjust Roots
[53.218s][info][gc,phases      ] GC(253) Adjust Roots 0.160ms
[53.218s][info][gc,phases,start] GC(253) Compaction Phase
[53.374s][info][gc,phases      ] GC(253) Compaction Phase 155.860ms
[53.374s][info][gc,phases,start] GC(253) Post Compact
[53.379s][info][gc,phases      ] GC(253) Post Compact 4.936ms
[53.379s][info][gc,heap        ] GC(253) PSYoungGen: 111161K(186368K)->111161K(186368K) Eden: 35328K(35328K)->35328K(35328K) From: 75833K(151040K)->75833K(151040K)
[53.379s][info][gc,heap        ] GC(253) ParOldGen: 2321224K(2321408K)->2321224K(2321408K)
[53.379s][info][gc,metaspace   ] GC(253) Metaspace: 6298K(6464K)->6298K(6464K) NonClass: 5765K(5824K)->5765K(5824K) Class: 533K(640K)->533K(640K)
[53.379s][info][gc             ] GC(253) Pause Full (Ergonomics) 2375M->2375M(2449M) 738.270ms
[53.379s][info][gc,cpu         ] GC(253) User=5.66s Sys=0.00s Real=0.74s
[53.379s][info][gc,start       ] GC(254) Pause Full (Ergonomics)
[53.379s][info][gc,phases,start] GC(254) Marking Phase
[53.972s][info][gc,phases      ] GC(254) Marking Phase 592.869ms
[53.972s][info][gc,phases,start] GC(254) Summary Phase
[53.972s][info][gc,phases      ] GC(254) Summary Phase 0.039ms
[53.972s][info][gc,phases,start] GC(254) Adjust Roots
[53.972s][info][gc,phases      ] GC(254) Adjust Roots 0.230ms
[53.972s][info][gc,phases,start] GC(254) Compaction Phase
[54.134s][info][gc,phases      ] GC(254) Compaction Phase 161.815ms
[54.134s][info][gc,phases,start] GC(254) Post Compact
[54.139s][info][gc,phases      ] GC(254) Post Compact 4.994ms
[54.139s][info][gc,heap        ] GC(254) PSYoungGen: 111161K(186368K)->111161K(186368K) Eden: 35328K(35328K)->35328K(35328K) From: 75833K(151040K)->75833K(151040K)
[54.139s][info][gc,heap        ] GC(254) ParOldGen: 2321229K(2321408K)->2321229K(2321408K)
[54.139s][info][gc,metaspace   ] GC(254) Metaspace: 6298K(6464K)->6298K(6464K) NonClass: 5765K(5824K)->5765K(5824K) Class: 533K(640K)->533K(640K)
[54.140s][info][gc             ] GC(254) Pause Full (Ergonomics) 2375M->2375M(2449M) 760.359ms
[54.140s][info][gc,cpu         ] GC(254) User=5.94s Sys=0.00s Real=0.76s
[54.140s][info][gc,start       ] GC(255) Pause Full (Ergonomics)
[54.140s][info][gc,phases,start] GC(255) Marking Phase
[54.721s][info][gc,phases      ] GC(255) Marking Phase 581.687ms
[54.722s][info][gc,phases,start] GC(255) Summary Phase
[54.722s][info][gc,phases      ] GC(255) Summary Phase 0.037ms
[54.722s][info][gc,phases,start] GC(255) Adjust Roots
[54.722s][info][gc,phases      ] GC(255) Adjust Roots 0.195ms
[54.722s][info][gc,phases,start] GC(255) Compaction Phase
[54.907s][info][gc,phases      ] GC(255) Compaction Phase 185.233ms
[54.907s][info][gc,phases,start] GC(255) Post Compact
[54.912s][info][gc,phases      ] GC(255) Post Compact 4.642ms
[54.912s][info][gc,heap        ] GC(255) PSYoungGen: 111161K(186368K)->111161K(186368K) Eden: 35328K(35328K)->35328K(35328K) From: 75833K(151040K)->75833K(151040K)
[54.912s][info][gc,heap        ] GC(255) ParOldGen: 2321234K(2321408K)->2321234K(2321408K)
[54.912s][info][gc,metaspace   ] GC(255) Metaspace: 6298K(6464K)->6298K(6464K) NonClass: 5765K(5824K)->5765K(5824K) Class: 533K(640K)->533K(640K)
[54.912s][info][gc             ] GC(255) Pause Full (Ergonomics) 2375M->2375M(2449M) 772.150ms
[54.912s][info][gc,cpu         ] GC(255) User=5.75s Sys=0.00s Real=0.77s
[54.912s][info][gc,start       ] GC(256) Pause Full (Ergonomics)
[54.912s][info][gc,phases,start] GC(256) Marking Phase
[55.477s][info][gc,phases      ] GC(256) Marking Phase 564.500ms
[55.477s][info][gc,phases,start] GC(256) Summary Phase
[55.477s][info][gc,phases      ] GC(256) Summary Phase 0.036ms
[55.477s][info][gc,phases,start] GC(256) Adjust Roots
[55.477s][info][gc,phases      ] GC(256) Adjust Roots 0.200ms
[55.477s][info][gc,phases,start] GC(256) Compaction Phase
[55.644s][info][gc,phases      ] GC(256) Compaction Phase 167.154ms
[55.644s][info][gc,phases,start] GC(256) Post Compact
[55.649s][info][gc,phases      ] GC(256) Post Compact 4.379ms
[55.649s][info][gc,heap        ] GC(256) PSYoungGen: 111161K(186368K)->111161K(186368K) Eden: 35328K(35328K)->35328K(35328K) From: 75833K(151040K)->75833K(151040K)
[55.649s][info][gc,heap        ] GC(256) ParOldGen: 2321239K(2321408K)->2321239K(2321408K)
[55.649s][info][gc,metaspace   ] GC(256) Metaspace: 6298K(6464K)->6298K(6464K) NonClass: 5765K(5824K)->5765K(5824K) Class: 533K(640K)->533K(640K)
[55.649s][info][gc             ] GC(256) Pause Full (Ergonomics) 2375M->2375M(2449M) 736.596ms
[55.649s][info][gc,cpu         ] GC(256) User=5.55s Sys=0.00s Real=0.74s
[55.649s][info][gc,start       ] GC(257) Pause Full (Ergonomics)
[55.649s][info][gc,phases,start] GC(257) Marking Phase
[56.210s][info][gc,phases      ] GC(257) Marking Phase 561.350ms
[56.210s][info][gc,phases,start] GC(257) Summary Phase
[56.210s][info][gc,phases      ] GC(257) Summary Phase 0.035ms
[56.210s][info][gc,phases,start] GC(257) Adjust Roots
[56.211s][info][gc,phases      ] GC(257) Adjust Roots 0.160ms
[56.211s][info][gc,phases,start] GC(257) Compaction Phase
[56.378s][info][gc,phases      ] GC(257) Compaction Phase 167.656ms
[56.378s][info][gc,phases,start] GC(257) Post Compact
[56.383s][info][gc,phases      ] GC(257) Post Compact 4.778ms
[56.383s][info][gc,heap        ] GC(257) PSYoungGen: 111161K(186368K)->111161K(186368K) Eden: 35328K(35328K)->35328K(35328K) From: 75833K(151040K)->75833K(151040K)
[56.383s][info][gc,heap        ] GC(257) ParOldGen: 2321244K(2321408K)->2321244K(2321408K)
[56.383s][info][gc,metaspace   ] GC(257) Metaspace: 6298K(6464K)->6298K(6464K) NonClass: 5765K(5824K)->5765K(5824K) Class: 533K(640K)->533K(640K)
[56.383s][info][gc             ] GC(257) Pause Full (Ergonomics) 2375M->2375M(2449M) 734.331ms
[56.383s][info][gc,cpu         ] GC(257) User=5.45s Sys=0.02s Real=0.73s
[56.384s][info][gc,start       ] GC(258) Pause Full (Ergonomics)
[56.384s][info][gc,phases,start] GC(258) Marking Phase
[56.968s][info][gc,phases      ] GC(258) Marking Phase 584.319ms
[56.968s][info][gc,phases,start] GC(258) Summary Phase
[56.968s][info][gc,phases      ] GC(258) Summary Phase 0.035ms
[56.968s][info][gc,phases,start] GC(258) Adjust Roots
[56.968s][info][gc,phases      ] GC(258) Adjust Roots 0.157ms
[56.968s][info][gc,phases,start] GC(258) Compaction Phase
[57.144s][info][gc,phases      ] GC(258) Compaction Phase 176.127ms
[57.144s][info][gc,phases,start] GC(258) Post Compact
[57.149s][info][gc,phases      ] GC(258) Post Compact 4.687ms
[57.149s][info][gc,heap        ] GC(258) PSYoungGen: 111161K(186368K)->111161K(186368K) Eden: 35328K(35328K)->35328K(35328K) From: 75833K(151040K)->75833K(151040K)
[57.149s][info][gc,heap        ] GC(258) ParOldGen: 2321248K(2321408K)->2321248K(2321408K)
[57.149s][info][gc,metaspace   ] GC(258) Metaspace: 6298K(6464K)->6298K(6464K) NonClass: 5765K(5824K)->5765K(5824K) Class: 533K(640K)->533K(640K)
[57.149s][info][gc             ] GC(258) Pause Full (Ergonomics) 2375M->2375M(2449M) 765.669ms
[57.149s][info][gc,cpu         ] GC(258) User=5.77s Sys=0.00s Real=0.77s
[57.149s][info][gc,start       ] GC(259) Pause Full (Ergonomics)
[57.149s][info][gc,phases,start] GC(259) Marking Phase
[57.729s][info][gc,phases      ] GC(259) Marking Phase 579.447ms
[57.729s][info][gc,phases,start] GC(259) Summary Phase
[57.729s][info][gc,phases      ] GC(259) Summary Phase 0.037ms
[57.729s][info][gc,phases,start] GC(259) Adjust Roots
[57.729s][info][gc,phases      ] GC(259) Adjust Roots 0.171ms
[57.729s][info][gc,phases,start] GC(259) Compaction Phase
[57.895s][info][gc,phases      ] GC(259) Compaction Phase 166.130ms
[57.895s][info][gc,phases,start] GC(259) Post Compact
[57.900s][info][gc,phases      ] GC(259) Post Compact 4.202ms
[57.900s][info][gc,heap        ] GC(259) PSYoungGen: 111161K(186368K)->111161K(186368K) Eden: 35328K(35328K)->35328K(35328K) From: 75833K(151040K)->75833K(151040K)
[57.900s][info][gc,heap        ] GC(259) ParOldGen: 2321253K(2321408K)->2321253K(2321408K)
[57.900s][info][gc,metaspace   ] GC(259) Metaspace: 6298K(6464K)->6298K(6464K) NonClass: 5765K(5824K)->5765K(5824K) Class: 533K(640K)->533K(640K)
[57.900s][info][gc             ] GC(259) Pause Full (Ergonomics) 2375M->2375M(2449M) 750.307ms
[57.900s][info][gc,cpu         ] GC(259) User=5.77s Sys=0.02s Real=0.75s
[57.900s][info][gc,start       ] GC(260) Pause Full (Ergonomics)
[57.900s][info][gc,phases,start] GC(260) Marking Phase
[58.474s][info][gc,phases      ] GC(260) Marking Phase 574.036ms
[58.474s][info][gc,phases,start] GC(260) Summary Phase
[58.474s][info][gc,phases      ] GC(260) Summary Phase 0.034ms
[58.474s][info][gc,phases,start] GC(260) Adjust Roots
[58.474s][info][gc,phases      ] GC(260) Adjust Roots 0.159ms
[58.474s][info][gc,phases,start] GC(260) Compaction Phase
[58.634s][info][gc,phases      ] GC(260) Compaction Phase 159.217ms
[58.634s][info][gc,phases,start] GC(260) Post Compact
[58.639s][info][gc,phases      ] GC(260) Post Compact 4.853ms
[58.639s][info][gc,heap        ] GC(260) PSYoungGen: 111161K(186368K)->111161K(186368K) Eden: 35328K(35328K)->35328K(35328K) From: 75833K(151040K)->75833K(151040K)
[58.639s][info][gc,heap        ] GC(260) ParOldGen: 2321258K(2321408K)->2321258K(2321408K)
[58.639s][info][gc,metaspace   ] GC(260) Metaspace: 6298K(6464K)->6298K(6464K) NonClass: 5765K(5824K)->5765K(5824K) Class: 533K(640K)->533K(640K)
[58.639s][info][gc             ] GC(260) Pause Full (Ergonomics) 2375M->2375M(2449M) 738.661ms
[58.639s][info][gc,cpu         ] GC(260) User=5.64s Sys=0.00s Real=0.74s
[58.639s][info][gc,start       ] GC(261) Pause Full (Ergonomics)
[58.639s][info][gc,phases,start] GC(261) Marking Phase
[59.222s][info][gc,phases      ] GC(261) Marking Phase 582.964ms
[59.222s][info][gc,phases,start] GC(261) Summary Phase
[59.222s][info][gc,phases      ] GC(261) Summary Phase 0.036ms
[59.222s][info][gc,phases,start] GC(261) Adjust Roots
[59.222s][info][gc,phases      ] GC(261) Adjust Roots 0.172ms
[59.222s][info][gc,phases,start] GC(261) Compaction Phase
[59.397s][info][gc,phases      ] GC(261) Compaction Phase 174.776ms
[59.397s][info][gc,phases,start] GC(261) Post Compact
[59.402s][info][gc,phases      ] GC(261) Post Compact 4.548ms
[59.402s][info][gc,heap        ] GC(261) PSYoungGen: 111161K(186368K)->111161K(186368K) Eden: 35328K(35328K)->35328K(35328K) From: 75833K(151040K)->75833K(151040K)
[59.402s][info][gc,heap        ] GC(261) ParOldGen: 2321263K(2321408K)->2321263K(2321408K)
[59.402s][info][gc,metaspace   ] GC(261) Metaspace: 6298K(6464K)->6298K(6464K) NonClass: 5765K(5824K)->5765K(5824K) Class: 533K(640K)->533K(640K)
[59.402s][info][gc             ] GC(261) Pause Full (Ergonomics) 2375M->2375M(2449M) 762.875ms
[59.402s][info][gc,cpu         ] GC(261) User=5.88s Sys=0.00s Real=0.76s
[59.402s][info][gc,start       ] GC(262) Pause Full (Ergonomics)
[59.402s][info][gc,phases,start] GC(262) Marking Phase
[59.975s][info][gc,phases      ] GC(262) Marking Phase 572.755ms
[59.975s][info][gc,phases,start] GC(262) Summary Phase
[59.975s][info][gc,phases      ] GC(262) Summary Phase 0.042ms
[59.975s][info][gc,phases,start] GC(262) Adjust Roots
[59.975s][info][gc,phases      ] GC(262) Adjust Roots 0.169ms
[59.975s][info][gc,phases,start] GC(262) Compaction Phase
[60.142s][info][gc,phases      ] GC(262) Compaction Phase 167.317ms
[60.143s][info][gc,phases,start] GC(262) Post Compact
[60.147s][info][gc,phases      ] GC(262) Post Compact 4.770ms
[60.147s][info][gc,heap        ] GC(262) PSYoungGen: 111161K(186368K)->111161K(186368K) Eden: 35328K(35328K)->35328K(35328K) From: 75833K(151040K)->75833K(151040K)
[60.147s][info][gc,heap        ] GC(262) ParOldGen: 2321268K(2321408K)->2321268K(2321408K)
[60.147s][info][gc,metaspace   ] GC(262) Metaspace: 6298K(6464K)->6298K(6464K) NonClass: 5765K(5824K)->5765K(5824K) Class: 533K(640K)->533K(640K)
[60.147s][info][gc             ] GC(262) Pause Full (Ergonomics) 2375M->2375M(2449M) 745.422ms
[60.147s][info][gc,cpu         ] GC(262) User=5.69s Sys=0.00s Real=0.75s
[60.148s][info][gc,start       ] GC(263) Pause Full (Ergonomics)
[60.148s][info][gc,phases,start] GC(263) Marking Phase
[60.716s][info][gc,phases      ] GC(263) Marking Phase 568.250ms
[60.716s][info][gc,phases,start] GC(263) Summary Phase
[60.716s][info][gc,phases      ] GC(263) Summary Phase 0.035ms
[60.716s][info][gc,phases,start] GC(263) Adjust Roots
[60.716s][info][gc,phases      ] GC(263) Adjust Roots 0.160ms
[60.716s][info][gc,phases,start] GC(263) Compaction Phase
[60.884s][info][gc,phases      ] GC(263) Compaction Phase 167.672ms
[60.884s][info][gc,phases,start] GC(263) Post Compact
[60.888s][info][gc,phases      ] GC(263) Post Compact 4.228ms
[60.888s][info][gc,heap        ] GC(263) PSYoungGen: 111161K(186368K)->111161K(186368K) Eden: 35328K(35328K)->35328K(35328K) From: 75833K(151040K)->75833K(151040K)
[60.888s][info][gc,heap        ] GC(263) ParOldGen: 2321273K(2321408K)->2321273K(2321408K)
[60.888s][info][gc,metaspace   ] GC(263) Metaspace: 6298K(6464K)->6298K(6464K) NonClass: 5765K(5824K)->5765K(5824K) Class: 533K(640K)->533K(640K)
[60.888s][info][gc             ] GC(263) Pause Full (Ergonomics) 2375M->2375M(2449M) 740.682ms
[60.888s][info][gc,cpu         ] GC(263) User=5.50s Sys=0.00s Real=0.74s
[60.889s][info][gc,start       ] GC(264) Pause Full (Ergonomics)
[60.889s][info][gc,phases,start] GC(264) Marking Phase
[61.435s][info][gc,phases      ] GC(264) Marking Phase 546.778ms
[61.435s][info][gc,phases,start] GC(264) Summary Phase
[61.436s][info][gc,phases      ] GC(264) Summary Phase 0.035ms
[61.436s][info][gc,phases,start] GC(264) Adjust Roots
[61.436s][info][gc,phases      ] GC(264) Adjust Roots 0.183ms
[61.436s][info][gc,phases,start] GC(264) Compaction Phase
[61.603s][info][gc,phases      ] GC(264) Compaction Phase 166.974ms
[61.603s][info][gc,phases,start] GC(264) Post Compact
[61.608s][info][gc,phases      ] GC(264) Post Compact 4.724ms
[61.608s][info][gc,heap        ] GC(264) PSYoungGen: 111161K(186368K)->111161K(186368K) Eden: 35328K(35328K)->35328K(35328K) From: 75833K(151040K)->75833K(151040K)
[61.608s][info][gc,heap        ] GC(264) ParOldGen: 2321277K(2321408K)->2321277K(2321408K)
[61.608s][info][gc,metaspace   ] GC(264) Metaspace: 6298K(6464K)->6298K(6464K) NonClass: 5765K(5824K)->5765K(5824K) Class: 533K(640K)->533K(640K)
[61.608s][info][gc             ] GC(264) Pause Full (Ergonomics) 2375M->2375M(2449M) 719.209ms
[61.608s][info][gc,cpu         ] GC(264) User=5.50s Sys=0.00s Real=0.72s
[61.608s][info][gc,start       ] GC(265) Pause Full (Ergonomics)
[61.608s][info][gc,phases,start] GC(265) Marking Phase
[62.171s][info][gc,phases      ] GC(265) Marking Phase 563.125ms
[62.171s][info][gc,phases,start] GC(265) Summary Phase
[62.171s][info][gc,phases      ] GC(265) Summary Phase 0.057ms
[62.171s][info][gc,phases,start] GC(265) Adjust Roots
[62.172s][info][gc,phases      ] GC(265) Adjust Roots 0.202ms
[62.172s][info][gc,phases,start] GC(265) Compaction Phase
[62.329s][info][gc,phases      ] GC(265) Compaction Phase 157.831ms
[62.330s][info][gc,phases,start] GC(265) Post Compact
[62.334s][info][gc,phases      ] GC(265) Post Compact 4.538ms
[62.334s][info][gc,heap        ] GC(265) PSYoungGen: 111161K(186368K)->111161K(186368K) Eden: 35328K(35328K)->35328K(35328K) From: 75833K(151040K)->75833K(151040K)
[62.334s][info][gc,heap        ] GC(265) ParOldGen: 2321282K(2321408K)->2321282K(2321408K)
[62.334s][info][gc,metaspace   ] GC(265) Metaspace: 6298K(6464K)->6298K(6464K) NonClass: 5765K(5824K)->5765K(5824K) Class: 533K(640K)->533K(640K)
[62.334s][info][gc             ] GC(265) Pause Full (Ergonomics) 2375M->2375M(2449M) 726.106ms
[62.334s][info][gc,cpu         ] GC(265) User=5.58s Sys=0.00s Real=0.73s
[62.334s][info][gc,start       ] GC(266) Pause Full (Ergonomics)
[62.334s][info][gc,phases,start] GC(266) Marking Phase
[62.915s][info][gc,phases      ] GC(266) Marking Phase 580.231ms
[62.915s][info][gc,phases,start] GC(266) Summary Phase
[62.915s][info][gc,phases      ] GC(266) Summary Phase 0.040ms
[62.915s][info][gc,phases,start] GC(266) Adjust Roots
[62.915s][info][gc,phases      ] GC(266) Adjust Roots 0.185ms
[62.915s][info][gc,phases,start] GC(266) Compaction Phase
[63.091s][info][gc,phases      ] GC(266) Compaction Phase 175.558ms
[63.091s][info][gc,phases,start] GC(266) Post Compact
[63.096s][info][gc,phases      ] GC(266) Post Compact 5.064ms
[63.096s][info][gc,heap        ] GC(266) PSYoungGen: 111161K(186368K)->111161K(186368K) Eden: 35328K(35328K)->35328K(35328K) From: 75833K(151040K)->75833K(151040K)
[63.096s][info][gc,heap        ] GC(266) ParOldGen: 2321287K(2321408K)->2321287K(2321408K)
[63.096s][info][gc,metaspace   ] GC(266) Metaspace: 6298K(6464K)->6298K(6464K) NonClass: 5765K(5824K)->5765K(5824K) Class: 533K(640K)->533K(640K)
[63.096s][info][gc             ] GC(266) Pause Full (Ergonomics) 2375M->2375M(2449M) 761.487ms
[63.096s][info][gc,cpu         ] GC(266) User=5.72s Sys=0.03s Real=0.76s
[63.096s][info][gc,start       ] GC(267) Pause Full (Ergonomics)
[63.096s][info][gc,phases,start] GC(267) Marking Phase
[63.665s][info][gc,phases      ] GC(267) Marking Phase 568.640ms
[63.665s][info][gc,phases,start] GC(267) Summary Phase
[63.665s][info][gc,phases      ] GC(267) Summary Phase 0.036ms
[63.665s][info][gc,phases,start] GC(267) Adjust Roots
[63.665s][info][gc,phases      ] GC(267) Adjust Roots 0.208ms
[63.665s][info][gc,phases,start] GC(267) Compaction Phase
[63.824s][info][gc,phases      ] GC(267) Compaction Phase 159.062ms
[63.824s][info][gc,phases,start] GC(267) Post Compact
[63.829s][info][gc,phases      ] GC(267) Post Compact 4.852ms
[63.829s][info][gc,heap        ] GC(267) PSYoungGen: 111161K(186368K)->111161K(186368K) Eden: 35328K(35328K)->35328K(35328K) From: 75833K(151040K)->75833K(151040K)
[63.829s][info][gc,heap        ] GC(267) ParOldGen: 2321292K(2321408K)->2321292K(2321408K)
[63.829s][info][gc,metaspace   ] GC(267) Metaspace: 6298K(6464K)->6298K(6464K) NonClass: 5765K(5824K)->5765K(5824K) Class: 533K(640K)->533K(640K)
[63.829s][info][gc             ] GC(267) Pause Full (Ergonomics) 2375M->2375M(2449M) 733.162ms
[63.829s][info][gc,cpu         ] GC(267) User=5.55s Sys=0.00s Real=0.73s
[63.830s][info][gc,start       ] GC(268) Pause Full (Ergonomics)
[63.830s][info][gc,phases,start] GC(268) Marking Phase
[64.412s][info][gc,phases      ] GC(268) Marking Phase 582.623ms
[64.412s][info][gc,phases,start] GC(268) Summary Phase
[64.412s][info][gc,phases      ] GC(268) Summary Phase 0.048ms
[64.412s][info][gc,phases,start] GC(268) Adjust Roots
[64.413s][info][gc,phases      ] GC(268) Adjust Roots 0.193ms
[64.413s][info][gc,phases,start] GC(268) Compaction Phase
[64.583s][info][gc,phases      ] GC(268) Compaction Phase 170.908ms
[64.584s][info][gc,phases,start] GC(268) Post Compact
[64.591s][info][gc,phases      ] GC(268) Post Compact 7.069ms
[64.591s][info][gc,heap        ] GC(268) PSYoungGen: 111161K(186368K)->111161K(186368K) Eden: 35328K(35328K)->35328K(35328K) From: 75833K(151040K)->75833K(151040K)
[64.591s][info][gc,heap        ] GC(268) ParOldGen: 2321297K(2321408K)->2321297K(2321408K)
[64.591s][info][gc,metaspace   ] GC(268) Metaspace: 6298K(6464K)->6298K(6464K) NonClass: 5765K(5824K)->5765K(5824K) Class: 533K(640K)->533K(640K)
[64.591s][info][gc             ] GC(268) Pause Full (Ergonomics) 2375M->2375M(2449M) 761.300ms
[64.591s][info][gc,cpu         ] GC(268) User=5.70s Sys=0.00s Real=0.76s
[64.591s][info][gc,start       ] GC(269) Pause Full (Ergonomics)
[64.591s][info][gc,phases,start] GC(269) Marking Phase
[65.154s][info][gc,phases      ] GC(269) Marking Phase 562.772ms
[65.154s][info][gc,phases,start] GC(269) Summary Phase
[65.154s][info][gc,phases      ] GC(269) Summary Phase 0.048ms
[65.154s][info][gc,phases,start] GC(269) Adjust Roots
[65.154s][info][gc,phases      ] GC(269) Adjust Roots 0.220ms
[65.154s][info][gc,phases,start] GC(269) Compaction Phase
[65.321s][info][gc,phases      ] GC(269) Compaction Phase 166.859ms
[65.321s][info][gc,phases,start] GC(269) Post Compact
[65.326s][info][gc,phases      ] GC(269) Post Compact 5.190ms
[65.327s][info][gc,heap        ] GC(269) PSYoungGen: 111161K(186368K)->111161K(186368K) Eden: 35328K(35328K)->35328K(35328K) From: 75833K(151040K)->75833K(151040K)
[65.327s][info][gc,heap        ] GC(269) ParOldGen: 2321302K(2321408K)->2321302K(2321408K)
[65.327s][info][gc,metaspace   ] GC(269) Metaspace: 6298K(6464K)->6298K(6464K) NonClass: 5765K(5824K)->5765K(5824K) Class: 533K(640K)->533K(640K)
[65.327s][info][gc             ] GC(269) Pause Full (Ergonomics) 2375M->2375M(2449M) 735.488ms
[65.327s][info][gc,cpu         ] GC(269) User=5.66s Sys=0.00s Real=0.73s
[65.327s][info][gc,start       ] GC(270) Pause Full (Ergonomics)
[65.327s][info][gc,phases,start] GC(270) Marking Phase
[65.890s][info][gc,phases      ] GC(270) Marking Phase 563.131ms
[65.890s][info][gc,phases,start] GC(270) Summary Phase
[65.890s][info][gc,phases      ] GC(270) Summary Phase 0.038ms
[65.890s][info][gc,phases,start] GC(270) Adjust Roots
[65.890s][info][gc,phases      ] GC(270) Adjust Roots 0.176ms
[65.890s][info][gc,phases,start] GC(270) Compaction Phase
[66.071s][info][gc,phases      ] GC(270) Compaction Phase 180.414ms
[66.071s][info][gc,phases,start] GC(270) Post Compact
[66.076s][info][gc,phases      ] GC(270) Post Compact 4.758ms
[66.076s][info][gc,heap        ] GC(270) PSYoungGen: 111161K(186368K)->111161K(186368K) Eden: 35328K(35328K)->35328K(35328K) From: 75833K(151040K)->75833K(151040K)
[66.076s][info][gc,heap        ] GC(270) ParOldGen: 2321306K(2321408K)->2321306K(2321408K)
[66.076s][info][gc,metaspace   ] GC(270) Metaspace: 6298K(6464K)->6298K(6464K) NonClass: 5765K(5824K)->5765K(5824K) Class: 533K(640K)->533K(640K)
[66.076s][info][gc             ] GC(270) Pause Full (Ergonomics) 2375M->2375M(2449M) 748.921ms
[66.076s][info][gc,cpu         ] GC(270) User=5.66s Sys=0.00s Real=0.75s
[66.076s][info][gc,start       ] GC(271) Pause Full (Ergonomics)
[66.076s][info][gc,phases,start] GC(271) Marking Phase
[66.643s][info][gc,phases      ] GC(271) Marking Phase 566.943ms
[66.643s][info][gc,phases,start] GC(271) Summary Phase
[66.643s][info][gc,phases      ] GC(271) Summary Phase 0.047ms
[66.643s][info][gc,phases,start] GC(271) Adjust Roots
[66.643s][info][gc,phases      ] GC(271) Adjust Roots 0.222ms
[66.643s][info][gc,phases,start] GC(271) Compaction Phase
[66.807s][info][gc,phases      ] GC(271) Compaction Phase 163.998ms
[66.807s][info][gc,phases,start] GC(271) Post Compact
[66.812s][info][gc,phases      ] GC(271) Post Compact 4.932ms
[66.812s][info][gc,heap        ] GC(271) PSYoungGen: 111161K(186368K)->111161K(186368K) Eden: 35328K(35328K)->35328K(35328K) From: 75833K(151040K)->75833K(151040K)
[66.812s][info][gc,heap        ] GC(271) ParOldGen: 2321311K(2321408K)->2321311K(2321408K)
[66.812s][info][gc,metaspace   ] GC(271) Metaspace: 6298K(6464K)->6298K(6464K) NonClass: 5765K(5824K)->5765K(5824K) Class: 533K(640K)->533K(640K)
[66.813s][info][gc             ] GC(271) Pause Full (Ergonomics) 2375M->2375M(2449M) 736.531ms
[66.813s][info][gc,cpu         ] GC(271) User=5.73s Sys=0.00s Real=0.74s
[66.813s][info][gc,start       ] GC(272) Pause Full (Ergonomics)
[66.813s][info][gc,phases,start] GC(272) Marking Phase
[67.395s][info][gc,phases      ] GC(272) Marking Phase 581.804ms
[67.395s][info][gc,phases,start] GC(272) Summary Phase
[67.395s][info][gc,phases      ] GC(272) Summary Phase 0.037ms
[67.395s][info][gc,phases,start] GC(272) Adjust Roots
[67.395s][info][gc,phases      ] GC(272) Adjust Roots 0.168ms
[67.395s][info][gc,phases,start] GC(272) Compaction Phase
[67.573s][info][gc,phases      ] GC(272) Compaction Phase 178.094ms
[67.573s][info][gc,phases,start] GC(272) Post Compact
[67.578s][info][gc,phases      ] GC(272) Post Compact 4.525ms
[67.578s][info][gc,heap        ] GC(272) PSYoungGen: 111161K(186368K)->111161K(186368K) Eden: 35328K(35328K)->35328K(35328K) From: 75833K(151040K)->75833K(151040K)
[67.578s][info][gc,heap        ] GC(272) ParOldGen: 2321316K(2321408K)->2321316K(2321408K)
[67.578s][info][gc,metaspace   ] GC(272) Metaspace: 6298K(6464K)->6298K(6464K) NonClass: 5765K(5824K)->5765K(5824K) Class: 533K(640K)->533K(640K)
[67.578s][info][gc             ] GC(272) Pause Full (Ergonomics) 2375M->2375M(2449M) 764.943ms
[67.578s][info][gc,cpu         ] GC(272) User=5.80s Sys=0.02s Real=0.76s
[67.578s][info][gc,start       ] GC(273) Pause Full (Ergonomics)
[67.578s][info][gc,phases,start] GC(273) Marking Phase
[68.137s][info][gc,phases      ] GC(273) Marking Phase 558.999ms
[68.137s][info][gc,phases,start] GC(273) Summary Phase
[68.137s][info][gc,phases      ] GC(273) Summary Phase 0.037ms
[68.137s][info][gc,phases,start] GC(273) Adjust Roots
[68.137s][info][gc,phases      ] GC(273) Adjust Roots 0.166ms
[68.137s][info][gc,phases,start] GC(273) Compaction Phase
[68.309s][info][gc,phases      ] GC(273) Compaction Phase 171.557ms
[68.309s][info][gc,phases,start] GC(273) Post Compact
[68.316s][info][gc,phases      ] GC(273) Post Compact 6.859ms
[68.316s][info][gc,heap        ] GC(273) PSYoungGen: 111161K(186368K)->111161K(186368K) Eden: 35328K(35328K)->35328K(35328K) From: 75833K(151040K)->75833K(151040K)
[68.316s][info][gc,heap        ] GC(273) ParOldGen: 2321321K(2321408K)->2321321K(2321408K)
[68.316s][info][gc,metaspace   ] GC(273) Metaspace: 6298K(6464K)->6298K(6464K) NonClass: 5765K(5824K)->5765K(5824K) Class: 533K(640K)->533K(640K)
[68.316s][info][gc             ] GC(273) Pause Full (Ergonomics) 2375M->2375M(2449M) 738.098ms
[68.316s][info][gc,cpu         ] GC(273) User=5.45s Sys=0.00s Real=0.74s
[68.316s][info][gc,start       ] GC(274) Pause Full (Ergonomics)
[68.316s][info][gc,phases,start] GC(274) Marking Phase
[68.884s][info][gc,phases      ] GC(274) Marking Phase 567.453ms
[68.884s][info][gc,phases,start] GC(274) Summary Phase
[68.884s][info][gc,phases      ] GC(274) Summary Phase 0.035ms
[68.884s][info][gc,phases,start] GC(274) Adjust Roots
[68.884s][info][gc,phases      ] GC(274) Adjust Roots 0.168ms
[68.884s][info][gc,phases,start] GC(274) Compaction Phase
[69.043s][info][gc,phases      ] GC(274) Compaction Phase 159.254ms
[69.043s][info][gc,phases,start] GC(274) Post Compact
[69.048s][info][gc,phases      ] GC(274) Post Compact 4.891ms
[69.048s][info][gc,heap        ] GC(274) PSYoungGen: 111161K(186368K)->111161K(186368K) Eden: 35328K(35328K)->35328K(35328K) From: 75833K(151040K)->75833K(151040K)
[69.048s][info][gc,heap        ] GC(274) ParOldGen: 2321326K(2321408K)->2321326K(2321408K)
[69.048s][info][gc,metaspace   ] GC(274) Metaspace: 6298K(6464K)->6298K(6464K) NonClass: 5765K(5824K)->5765K(5824K) Class: 533K(640K)->533K(640K)
[69.049s][info][gc             ] GC(274) Pause Full (Ergonomics) 2375M->2375M(2449M) 732.172ms
[69.049s][info][gc,cpu         ] GC(274) User=5.61s Sys=0.00s Real=0.73s
[69.049s][info][gc,start       ] GC(275) Pause Full (Ergonomics)
[69.049s][info][gc,phases,start] GC(275) Marking Phase
[69.611s][info][gc,phases      ] GC(275) Marking Phase 562.063ms
[69.611s][info][gc,phases,start] GC(275) Summary Phase
[69.611s][info][gc,phases      ] GC(275) Summary Phase 0.036ms
[69.611s][info][gc,phases,start] GC(275) Adjust Roots
[69.611s][info][gc,phases      ] GC(275) Adjust Roots 0.225ms
[69.611s][info][gc,phases,start] GC(275) Compaction Phase
[69.772s][info][gc,phases      ] GC(275) Compaction Phase 160.702ms
[69.772s][info][gc,phases,start] GC(275) Post Compact
[69.777s][info][gc,phases      ] GC(275) Post Compact 4.733ms
[69.777s][info][gc,heap        ] GC(275) PSYoungGen: 111161K(186368K)->111161K(186368K) Eden: 35328K(35328K)->35328K(35328K) From: 75833K(151040K)->75833K(151040K)
[69.777s][info][gc,heap        ] GC(275) ParOldGen: 2321331K(2321408K)->2321331K(2321408K)
[69.777s][info][gc,metaspace   ] GC(275) Metaspace: 6298K(6464K)->6298K(6464K) NonClass: 5765K(5824K)->5765K(5824K) Class: 533K(640K)->533K(640K)
[69.777s][info][gc             ] GC(275) Pause Full (Ergonomics) 2375M->2375M(2449M) 728.098ms
[69.777s][info][gc,cpu         ] GC(275) User=5.77s Sys=0.00s Real=0.73s
[69.777s][info][gc,start       ] GC(276) Pause Full (Ergonomics)
[69.777s][info][gc,phases,start] GC(276) Marking Phase
[70.325s][info][gc,phases      ] GC(276) Marking Phase 548.049ms
[70.325s][info][gc,phases,start] GC(276) Summary Phase
[70.325s][info][gc,phases      ] GC(276) Summary Phase 0.045ms
[70.325s][info][gc,phases,start] GC(276) Adjust Roots
[70.326s][info][gc,phases      ] GC(276) Adjust Roots 0.197ms
[70.326s][info][gc,phases,start] GC(276) Compaction Phase
[70.485s][info][gc,phases      ] GC(276) Compaction Phase 159.766ms
[70.486s][info][gc,phases,start] GC(276) Post Compact
[70.491s][info][gc,phases      ] GC(276) Post Compact 5.109ms
[70.491s][info][gc,heap        ] GC(276) PSYoungGen: 111161K(186368K)->111161K(186368K) Eden: 35328K(35328K)->35328K(35328K) From: 75833K(151040K)->75833K(151040K)
[70.491s][info][gc,heap        ] GC(276) ParOldGen: 2321335K(2321408K)->2321335K(2321408K)
[70.491s][info][gc,metaspace   ] GC(276) Metaspace: 6298K(6464K)->6298K(6464K) NonClass: 5765K(5824K)->5765K(5824K) Class: 533K(640K)->533K(640K)
[70.491s][info][gc             ] GC(276) Pause Full (Ergonomics) 2375M->2375M(2449M) 713.561ms
[70.491s][info][gc,cpu         ] GC(276) User=5.48s Sys=0.02s Real=0.71s
[70.491s][info][gc,start       ] GC(277) Pause Full (Ergonomics)
[70.491s][info][gc,phases,start] GC(277) Marking Phase
[71.077s][info][gc,phases      ] GC(277) Marking Phase 585.808ms
[71.077s][info][gc,phases,start] GC(277) Summary Phase
[71.077s][info][gc,phases      ] GC(277) Summary Phase 0.035ms
[71.077s][info][gc,phases,start] GC(277) Adjust Roots
[71.077s][info][gc,phases      ] GC(277) Adjust Roots 0.169ms
[71.077s][info][gc,phases,start] GC(277) Compaction Phase
[71.241s][info][gc,phases      ] GC(277) Compaction Phase 163.858ms
[71.241s][info][gc,phases,start] GC(277) Post Compact
[71.246s][info][gc,phases      ] GC(277) Post Compact 4.577ms
[71.246s][info][gc,heap        ] GC(277) PSYoungGen: 111161K(186368K)->111161K(186368K) Eden: 35328K(35328K)->35328K(35328K) From: 75833K(151040K)->75833K(151040K)
[71.246s][info][gc,heap        ] GC(277) ParOldGen: 2321340K(2321408K)->2321340K(2321408K)
[71.246s][info][gc,metaspace   ] GC(277) Metaspace: 6298K(6464K)->6298K(6464K) NonClass: 5765K(5824K)->5765K(5824K) Class: 533K(640K)->533K(640K)
[71.246s][info][gc             ] GC(277) Pause Full (Ergonomics) 2375M->2375M(2449M) 754.797ms
[71.246s][info][gc,cpu         ] GC(277) User=5.64s Sys=0.00s Real=0.75s
[71.246s][info][gc,start       ] GC(278) Pause Full (Ergonomics)
[71.246s][info][gc,phases,start] GC(278) Marking Phase
[71.813s][info][gc,phases      ] GC(278) Marking Phase 567.210ms
[71.813s][info][gc,phases,start] GC(278) Summary Phase
[71.813s][info][gc,phases      ] GC(278) Summary Phase 0.036ms
[71.813s][info][gc,phases,start] GC(278) Adjust Roots
[71.814s][info][gc,phases      ] GC(278) Adjust Roots 0.170ms
[71.814s][info][gc,phases,start] GC(278) Compaction Phase
[71.979s][info][gc,phases      ] GC(278) Compaction Phase 165.183ms
[71.979s][info][gc,phases,start] GC(278) Post Compact
[71.984s][info][gc,phases      ] GC(278) Post Compact 4.743ms
[71.984s][info][gc,heap        ] GC(278) PSYoungGen: 111161K(186368K)->111161K(186368K) Eden: 35328K(35328K)->35328K(35328K) From: 75833K(151040K)->75833K(151040K)
[71.984s][info][gc,heap        ] GC(278) ParOldGen: 2321345K(2321408K)->2321345K(2321408K)
[71.984s][info][gc,metaspace   ] GC(278) Metaspace: 6298K(6464K)->6298K(6464K) NonClass: 5765K(5824K)->5765K(5824K) Class: 533K(640K)->533K(640K)
[71.984s][info][gc             ] GC(278) Pause Full (Ergonomics) 2375M->2375M(2449M) 737.668ms
[71.984s][info][gc,cpu         ] GC(278) User=5.66s Sys=0.00s Real=0.74s
[71.984s][info][gc,start       ] GC(279) Pause Full (Ergonomics)
[71.984s][info][gc,phases,start] GC(279) Marking Phase
[72.573s][info][gc,phases      ] GC(279) Marking Phase 588.933ms
[72.573s][info][gc,phases,start] GC(279) Summary Phase
[72.573s][info][gc,phases      ] GC(279) Summary Phase 0.035ms
[72.573s][info][gc,phases,start] GC(279) Adjust Roots
[72.573s][info][gc,phases      ] GC(279) Adjust Roots 0.169ms
[72.573s][info][gc,phases,start] GC(279) Compaction Phase
[72.730s][info][gc,phases      ] GC(279) Compaction Phase 156.976ms
[72.730s][info][gc,phases,start] GC(279) Post Compact
[72.735s][info][gc,phases      ] GC(279) Post Compact 4.949ms
[72.735s][info][gc,heap        ] GC(279) PSYoungGen: 111161K(186368K)->111161K(186368K) Eden: 35328K(35328K)->35328K(35328K) From: 75833K(151040K)->75833K(151040K)
[72.735s][info][gc,heap        ] GC(279) ParOldGen: 2321350K(2321408K)->2321350K(2321408K)
[72.735s][info][gc,metaspace   ] GC(279) Metaspace: 6298K(6464K)->6298K(6464K) NonClass: 5765K(5824K)->5765K(5824K) Class: 533K(640K)->533K(640K)
[72.736s][info][gc             ] GC(279) Pause Full (Ergonomics) 2375M->2375M(2449M) 751.498ms
[72.736s][info][gc,cpu         ] GC(279) User=5.77s Sys=0.00s Real=0.75s
[72.736s][info][gc,start       ] GC(280) Pause Full (Ergonomics)
[72.736s][info][gc,phases,start] GC(280) Marking Phase
[73.310s][info][gc,phases      ] GC(280) Marking Phase 573.986ms
[73.310s][info][gc,phases,start] GC(280) Summary Phase
[73.310s][info][gc,phases      ] GC(280) Summary Phase 0.036ms
[73.310s][info][gc,phases,start] GC(280) Adjust Roots
[73.310s][info][gc,phases      ] GC(280) Adjust Roots 0.171ms
[73.310s][info][gc,phases,start] GC(280) Compaction Phase
[73.476s][info][gc,phases      ] GC(280) Compaction Phase 165.617ms
[73.476s][info][gc,phases,start] GC(280) Post Compact
[73.480s][info][gc,phases      ] GC(280) Post Compact 4.118ms
[73.480s][info][gc,heap        ] GC(280) PSYoungGen: 111161K(186368K)->111161K(186368K) Eden: 35328K(35328K)->35328K(35328K) From: 75833K(151040K)->75833K(151040K)
[73.480s][info][gc,heap        ] GC(280) ParOldGen: 2321355K(2321408K)->2321355K(2321408K)
[73.480s][info][gc,metaspace   ] GC(280) Metaspace: 6298K(6464K)->6298K(6464K) NonClass: 5765K(5824K)->5765K(5824K) Class: 533K(640K)->533K(640K)
[73.480s][info][gc             ] GC(280) Pause Full (Ergonomics) 2375M->2375M(2449M) 744.258ms
[73.480s][info][gc,cpu         ] GC(280) User=5.59s Sys=0.00s Real=0.75s
[73.480s][info][gc,start       ] GC(281) Pause Full (Ergonomics)
[73.480s][info][gc,phases,start] GC(281) Marking Phase
[74.058s][info][gc,phases      ] GC(281) Marking Phase 578.061ms
[74.058s][info][gc,phases,start] GC(281) Summary Phase
[74.058s][info][gc,phases      ] GC(281) Summary Phase 0.034ms
[74.058s][info][gc,phases,start] GC(281) Adjust Roots
[74.059s][info][gc,phases      ] GC(281) Adjust Roots 0.210ms
[74.059s][info][gc,phases,start] GC(281) Compaction Phase
[74.224s][info][gc,phases      ] GC(281) Compaction Phase 165.093ms
[74.224s][info][gc,phases,start] GC(281) Post Compact
[74.229s][info][gc,phases      ] GC(281) Post Compact 4.758ms
[74.229s][info][gc,heap        ] GC(281) PSYoungGen: 111161K(186368K)->111161K(186368K) Eden: 35328K(35328K)->35328K(35328K) From: 75833K(151040K)->75833K(151040K)
[74.229s][info][gc,heap        ] GC(281) ParOldGen: 2321360K(2321408K)->2321360K(2321408K)
[74.229s][info][gc,metaspace   ] GC(281) Metaspace: 6298K(6464K)->6298K(6464K) NonClass: 5765K(5824K)->5765K(5824K) Class: 533K(640K)->533K(640K)
[74.229s][info][gc             ] GC(281) Pause Full (Ergonomics) 2375M->2375M(2449M) 748.525ms
[74.229s][info][gc,cpu         ] GC(281) User=5.66s Sys=0.00s Real=0.75s
[74.229s][info][gc,start       ] GC(282) Pause Full (Ergonomics)
[74.229s][info][gc,phases,start] GC(282) Marking Phase
[74.807s][info][gc,phases      ] GC(282) Marking Phase 577.505ms
[74.807s][info][gc,phases,start] GC(282) Summary Phase
[74.807s][info][gc,phases      ] GC(282) Summary Phase 0.036ms
[74.807s][info][gc,phases,start] GC(282) Adjust Roots
[74.807s][info][gc,phases      ] GC(282) Adjust Roots 0.171ms
[74.807s][info][gc,phases,start] GC(282) Compaction Phase
[74.975s][info][gc,phases      ] GC(282) Compaction Phase 168.565ms
[74.976s][info][gc,phases,start] GC(282) Post Compact
[74.982s][info][gc,phases      ] GC(282) Post Compact 6.447ms
[74.982s][info][gc,heap        ] GC(282) PSYoungGen: 111161K(186368K)->111161K(186368K) Eden: 35328K(35328K)->35328K(35328K) From: 75833K(151040K)->75833K(151040K)
[74.982s][info][gc,heap        ] GC(282) ParOldGen: 2321364K(2321408K)->2321364K(2321408K)
[74.982s][info][gc,metaspace   ] GC(282) Metaspace: 6298K(6464K)->6298K(6464K) NonClass: 5765K(5824K)->5765K(5824K) Class: 533K(640K)->533K(640K)
[74.982s][info][gc             ] GC(282) Pause Full (Ergonomics) 2375M->2375M(2449M) 753.152ms
[74.982s][info][gc,cpu         ] GC(282) User=5.72s Sys=0.00s Real=0.75s
[74.982s][info][gc,start       ] GC(283) Pause Full (Ergonomics)
[74.982s][info][gc,phases,start] GC(283) Marking Phase
[75.541s][info][gc,phases      ] GC(283) Marking Phase 558.811ms
[75.541s][info][gc,phases,start] GC(283) Summary Phase
[75.541s][info][gc,phases      ] GC(283) Summary Phase 0.054ms
[75.541s][info][gc,phases,start] GC(283) Adjust Roots
[75.542s][info][gc,phases      ] GC(283) Adjust Roots 0.303ms
[75.542s][info][gc,phases,start] GC(283) Compaction Phase
[75.705s][info][gc,phases      ] GC(283) Compaction Phase 163.251ms
[75.705s][info][gc,phases,start] GC(283) Post Compact
[75.709s][info][gc,phases      ] GC(283) Post Compact 4.139ms
[75.709s][info][gc,heap        ] GC(283) PSYoungGen: 111161K(186368K)->111161K(186368K) Eden: 35328K(35328K)->35328K(35328K) From: 75833K(151040K)->75833K(151040K)
[75.709s][info][gc,heap        ] GC(283) ParOldGen: 2321369K(2321408K)->2321369K(2321408K)
[75.709s][info][gc,metaspace   ] GC(283) Metaspace: 6298K(6464K)->6298K(6464K) NonClass: 5765K(5824K)->5765K(5824K) Class: 533K(640K)->533K(640K)
[75.709s][info][gc             ] GC(283) Pause Full (Ergonomics) 2375M->2375M(2449M) 726.980ms
[75.709s][info][gc,cpu         ] GC(283) User=5.53s Sys=0.03s Real=0.73s
[75.710s][info][gc,start       ] GC(284) Pause Full (Ergonomics)
[75.710s][info][gc,phases,start] GC(284) Marking Phase
[76.285s][info][gc,phases      ] GC(284) Marking Phase 575.561ms
[76.285s][info][gc,phases,start] GC(284) Summary Phase
[76.285s][info][gc,phases      ] GC(284) Summary Phase 0.035ms
[76.285s][info][gc,phases,start] GC(284) Adjust Roots
[76.286s][info][gc,phases      ] GC(284) Adjust Roots 0.169ms
[76.286s][info][gc,phases,start] GC(284) Compaction Phase
[76.454s][info][gc,phases      ] GC(284) Compaction Phase 168.026ms
[76.454s][info][gc,phases,start] GC(284) Post Compact
[76.458s][info][gc,phases      ] GC(284) Post Compact 4.176ms
[76.458s][info][gc,heap        ] GC(284) PSYoungGen: 111161K(186368K)->111161K(186368K) Eden: 35328K(35328K)->35328K(35328K) From: 75833K(151040K)->75833K(151040K)
[76.458s][info][gc,heap        ] GC(284) ParOldGen: 2321374K(2321408K)->2321374K(2321408K)
[76.458s][info][gc,metaspace   ] GC(284) Metaspace: 6298K(6464K)->6298K(6464K) NonClass: 5765K(5824K)->5765K(5824K) Class: 533K(640K)->533K(640K)
[76.458s][info][gc             ] GC(284) Pause Full (Ergonomics) 2375M->2375M(2449M) 748.362ms
[76.458s][info][gc,cpu         ] GC(284) User=5.64s Sys=0.00s Real=0.75s
[76.458s][info][gc,start       ] GC(285) Pause Full (Ergonomics)
[76.458s][info][gc,phases,start] GC(285) Marking Phase
[77.039s][info][gc,phases      ] GC(285) Marking Phase 580.420ms
[77.039s][info][gc,phases,start] GC(285) Summary Phase
[77.039s][info][gc,phases      ] GC(285) Summary Phase 0.035ms
[77.039s][info][gc,phases,start] GC(285) Adjust Roots
[77.039s][info][gc,phases      ] GC(285) Adjust Roots 0.165ms
[77.039s][info][gc,phases,start] GC(285) Compaction Phase
[77.203s][info][gc,phases      ] GC(285) Compaction Phase 163.826ms
[77.203s][info][gc,phases,start] GC(285) Post Compact
[77.208s][info][gc,phases      ] GC(285) Post Compact 4.844ms
[77.208s][info][gc,heap        ] GC(285) PSYoungGen: 111161K(186368K)->111161K(186368K) Eden: 35328K(35328K)->35328K(35328K) From: 75833K(151040K)->75833K(151040K)
[77.208s][info][gc,heap        ] GC(285) ParOldGen: 2321379K(2321408K)->2321379K(2321408K)
[77.208s][info][gc,metaspace   ] GC(285) Metaspace: 6298K(6464K)->6298K(6464K) NonClass: 5765K(5824K)->5765K(5824K) Class: 533K(640K)->533K(640K)
[77.208s][info][gc             ] GC(285) Pause Full (Ergonomics) 2375M->2375M(2449M) 749.662ms
[77.208s][info][gc,cpu         ] GC(285) User=5.66s Sys=0.00s Real=0.75s
[77.208s][info][gc,start       ] GC(286) Pause Full (Ergonomics)
[77.208s][info][gc,phases,start] GC(286) Marking Phase
[77.762s][info][gc,phases      ] GC(286) Marking Phase 553.555ms
[77.762s][info][gc,phases,start] GC(286) Summary Phase
[77.762s][info][gc,phases      ] GC(286) Summary Phase 0.062ms
[77.762s][info][gc,phases,start] GC(286) Adjust Roots
[77.762s][info][gc,phases      ] GC(286) Adjust Roots 0.291ms
[77.762s][info][gc,phases,start] GC(286) Compaction Phase
[77.929s][info][gc,phases      ] GC(286) Compaction Phase 166.711ms
[77.929s][info][gc,phases,start] GC(286) Post Compact
[77.933s][info][gc,phases      ] GC(286) Post Compact 4.251ms
[77.933s][info][gc,heap        ] GC(286) PSYoungGen: 111161K(186368K)->111161K(186368K) Eden: 35328K(35328K)->35328K(35328K) From: 75833K(151040K)->75833K(151040K)
[77.933s][info][gc,heap        ] GC(286) ParOldGen: 2321384K(2321408K)->2321384K(2321408K)
[77.933s][info][gc,metaspace   ] GC(286) Metaspace: 6298K(6464K)->6298K(6464K) NonClass: 5765K(5824K)->5765K(5824K) Class: 533K(640K)->533K(640K)
[77.933s][info][gc             ] GC(286) Pause Full (Ergonomics) 2375M->2375M(2449M) 725.308ms
[77.933s][info][gc,cpu         ] GC(286) User=5.44s Sys=0.00s Real=0.73s
[77.934s][info][gc,start       ] GC(287) Pause Full (Ergonomics)
[77.934s][info][gc,phases,start] GC(287) Marking Phase
[78.497s][info][gc,phases      ] GC(287) Marking Phase 562.758ms
[78.497s][info][gc,phases,start] GC(287) Summary Phase
[78.497s][info][gc,phases      ] GC(287) Summary Phase 0.041ms
[78.497s][info][gc,phases,start] GC(287) Adjust Roots
[78.497s][info][gc,phases      ] GC(287) Adjust Roots 0.186ms
[78.497s][info][gc,phases,start] GC(287) Compaction Phase
[78.654s][info][gc,phases      ] GC(287) Compaction Phase 156.941ms
[78.654s][info][gc,phases,start] GC(287) Post Compact
[78.659s][info][gc,phases      ] GC(287) Post Compact 4.836ms
[78.659s][info][gc,heap        ] GC(287) PSYoungGen: 111161K(186368K)->111161K(186368K) Eden: 35328K(35328K)->35328K(35328K) From: 75833K(151040K)->75833K(151040K)
[78.659s][info][gc,heap        ] GC(287) ParOldGen: 2321389K(2321408K)->2321389K(2321408K)
[78.659s][info][gc,metaspace   ] GC(287) Metaspace: 6298K(6464K)->6298K(6464K) NonClass: 5765K(5824K)->5765K(5824K) Class: 533K(640K)->533K(640K)
[78.659s][info][gc             ] GC(287) Pause Full (Ergonomics) 2375M->2375M(2449M) 725.136ms
[78.659s][info][gc,cpu         ] GC(287) User=5.59s Sys=0.00s Real=0.73s
[78.659s][info][gc,start       ] GC(288) Pause Full (Ergonomics)
[78.659s][info][gc,phases,start] GC(288) Marking Phase
[79.234s][info][gc,phases      ] GC(288) Marking Phase 574.840ms
[79.234s][info][gc,phases,start] GC(288) Summary Phase
[79.234s][info][gc,phases      ] GC(288) Summary Phase 0.035ms
[79.234s][info][gc,phases,start] GC(288) Adjust Roots
[79.234s][info][gc,phases      ] GC(288) Adjust Roots 0.163ms
[79.234s][info][gc,phases,start] GC(288) Compaction Phase
[79.395s][info][gc,phases      ] GC(288) Compaction Phase 160.523ms
[79.395s][info][gc,phases,start] GC(288) Post Compact
[79.400s][info][gc,phases      ] GC(288) Post Compact 4.774ms
[79.400s][info][gc,heap        ] GC(288) PSYoungGen: 111161K(186368K)->111161K(186368K) Eden: 35328K(35328K)->35328K(35328K) From: 75833K(151040K)->75833K(151040K)
[79.400s][info][gc,heap        ] GC(288) ParOldGen: 2321393K(2321408K)->2321393K(2321408K)
[79.400s][info][gc,metaspace   ] GC(288) Metaspace: 6298K(6464K)->6298K(6464K) NonClass: 5765K(5824K)->5765K(5824K) Class: 533K(640K)->533K(640K)
[79.400s][info][gc             ] GC(288) Pause Full (Ergonomics) 2375M->2375M(2449M) 740.685ms
[79.400s][info][gc,cpu         ] GC(288) User=5.59s Sys=0.00s Real=0.74s
[79.400s][info][gc,start       ] GC(289) Pause Full (Ergonomics)
[79.400s][info][gc,phases,start] GC(289) Marking Phase
[79.937s][info][gc,phases      ] GC(289) Marking Phase 537.255ms
[79.937s][info][gc,phases,start] GC(289) Summary Phase
[79.937s][info][gc,phases      ] GC(289) Summary Phase 0.036ms
[79.937s][info][gc,phases,start] GC(289) Adjust Roots
[79.938s][info][gc,phases      ] GC(289) Adjust Roots 0.236ms
[79.938s][info][gc,phases,start] GC(289) Compaction Phase
[80.112s][info][gc,phases      ] GC(289) Compaction Phase 174.312ms
[80.112s][info][gc,phases,start] GC(289) Post Compact
[80.117s][info][gc,phases      ] GC(289) Post Compact 4.551ms
[80.117s][info][gc,heap        ] GC(289) PSYoungGen: 111161K(186368K)->111161K(186368K) Eden: 35328K(35328K)->35328K(35328K) From: 75833K(151040K)->75833K(151040K)
[80.117s][info][gc,heap        ] GC(289) ParOldGen: 2321398K(2321408K)->2321398K(2321408K)
[80.117s][info][gc,metaspace   ] GC(289) Metaspace: 6298K(6464K)->6298K(6464K) NonClass: 5765K(5824K)->5765K(5824K) Class: 533K(640K)->533K(640K)
[80.117s][info][gc             ] GC(289) Pause Full (Ergonomics) 2375M->2375M(2449M) 716.741ms
[80.117s][info][gc,cpu         ] GC(289) User=5.42s Sys=0.00s Real=0.72s
[80.117s][info][gc,start       ] GC(290) Pause Full (Ergonomics)
[80.117s][info][gc,phases,start] GC(290) Marking Phase
[80.691s][info][gc,phases      ] GC(290) Marking Phase 573.854ms
[80.691s][info][gc,phases,start] GC(290) Summary Phase
[80.691s][info][gc,phases      ] GC(290) Summary Phase 0.034ms
[80.691s][info][gc,phases,start] GC(290) Adjust Roots
[80.691s][info][gc,phases      ] GC(290) Adjust Roots 0.167ms
[80.691s][info][gc,phases,start] GC(290) Compaction Phase
[80.858s][info][gc,phases      ] GC(290) Compaction Phase 166.373ms
[80.858s][info][gc,phases,start] GC(290) Post Compact
[80.862s][info][gc,phases      ] GC(290) Post Compact 4.695ms
[80.862s][info][gc,heap        ] GC(290) PSYoungGen: 111161K(186368K)->111161K(186368K) Eden: 35328K(35328K)->35328K(35328K) From: 75833K(151040K)->75833K(151040K)
[80.862s][info][gc,heap        ] GC(290) ParOldGen: 2321403K(2321408K)->2321403K(2321408K)
[80.862s][info][gc,metaspace   ] GC(290) Metaspace: 6298K(6464K)->6298K(6464K) NonClass: 5765K(5824K)->5765K(5824K) Class: 533K(640K)->533K(640K)
[80.862s][info][gc             ] GC(290) Pause Full (Ergonomics) 2375M->2375M(2449M) 745.503ms
[80.862s][info][gc,cpu         ] GC(290) User=5.77s Sys=0.00s Real=0.75s
[80.863s][info][gc,start       ] GC(291) Pause Full (Ergonomics)
[80.863s][info][gc,phases,start] GC(291) Marking Phase
[81.426s][info][gc,phases      ] GC(291) Marking Phase 562.982ms
[81.426s][info][gc,phases,start] GC(291) Summary Phase
[81.426s][info][gc,phases      ] GC(291) Summary Phase 0.035ms
[81.426s][info][gc,phases,start] GC(291) Adjust Roots
[81.426s][info][gc,phases      ] GC(291) Adjust Roots 0.159ms
[81.426s][info][gc,phases,start] GC(291) Compaction Phase
[81.592s][info][gc,phases      ] GC(291) Compaction Phase 165.541ms
[81.592s][info][gc,phases,start] GC(291) Post Compact
[81.596s][info][gc,phases      ] GC(291) Post Compact 4.105ms
[81.596s][info][gc,heap        ] GC(291) PSYoungGen: 111161K(186368K)->111161K(186368K) Eden: 35328K(35328K)->35328K(35328K) From: 75833K(151040K)->75833K(151040K)
[81.596s][info][gc,heap        ] GC(291) ParOldGen: 2321407K(2321408K)->2321407K(2321408K)
[81.596s][info][gc,metaspace   ] GC(291) Metaspace: 6298K(6464K)->6298K(6464K) NonClass: 5765K(5824K)->5765K(5824K) Class: 533K(640K)->533K(640K)
[81.596s][info][gc             ] GC(291) Pause Full (Ergonomics) 2375M->2375M(2449M) 733.143ms
[81.596s][info][gc,cpu         ] GC(291) User=5.59s Sys=0.02s Real=0.73s
[81.596s][info][gc,start       ] GC(292) Pause Full (Allocation Failure)
[81.596s][info][gc,phases,start] GC(292) Marking Phase
[82.160s][info][gc,phases      ] GC(292) Marking Phase 564.056ms
[82.160s][info][gc,phases,start] GC(292) Summary Phase
[82.160s][info][gc,phases      ] GC(292) Summary Phase 0.036ms
[82.160s][info][gc,phases,start] GC(292) Adjust Roots
[82.160s][info][gc,phases      ] GC(292) Adjust Roots 0.363ms
[82.160s][info][gc,phases,start] GC(292) Compaction Phase
[82.757s][info][gc,phases      ] GC(292) Compaction Phase 597.013ms
[82.758s][info][gc,phases,start] GC(292) Post Compact
[82.762s][info][gc,phases      ] GC(292) Post Compact 4.759ms
[82.762s][info][gc,heap        ] GC(292) PSYoungGen: 111161K(186368K)->111161K(186368K) Eden: 35328K(35328K)->35328K(35328K) From: 75833K(151040K)->75833K(151040K)
[82.762s][info][gc,heap        ] GC(292) ParOldGen: 2321407K(2321408K)->2321403K(2321408K)
[82.762s][info][gc,metaspace   ] GC(292) Metaspace: 6298K(6464K)->6296K(6464K) NonClass: 5765K(5824K)->5764K(5824K) Class: 533K(640K)->532K(640K)
[82.762s][info][gc             ] GC(292) Pause Full (Allocation Failure) 2375M->2375M(2449M) 1166.597ms
[82.763s][info][gc,cpu         ] GC(292) User=8.59s Sys=0.00s Real=1.17s
[82.763s][info][gc,start       ] GC(293) Pause Full (Ergonomics)
[82.763s][info][gc,phases,start] GC(293) Marking Phase
[83.325s][info][gc,phases      ] GC(293) Marking Phase 562.274ms
[83.325s][info][gc,phases,start] GC(293) Summary Phase
[83.325s][info][gc,phases      ] GC(293) Summary Phase 0.035ms
[83.325s][info][gc,phases,start] GC(293) Adjust Roots
[83.326s][info][gc,phases      ] GC(293) Adjust Roots 0.160ms
[83.326s][info][gc,phases,start] GC(293) Compaction Phase
[83.496s][info][gc,phases      ] GC(293) Compaction Phase 170.132ms
[83.496s][info][gc,phases,start] GC(293) Post Compact
[83.500s][info][gc,phases      ] GC(293) Post Compact 4.686ms
[83.501s][info][gc,heap        ] GC(293) PSYoungGen: 111161K(186368K)->111161K(186368K) Eden: 35328K(35328K)->35328K(35328K) From: 75833K(151040K)->75833K(151040K)
[83.501s][info][gc,heap        ] GC(293) ParOldGen: 2321404K(2321408K)->2321404K(2321408K)
[83.501s][info][gc,metaspace   ] GC(293) Metaspace: 6296K(6464K)->6296K(6464K) NonClass: 5764K(5824K)->5764K(5824K) Class: 532K(640K)->532K(640K)
[83.501s][info][gc             ] GC(293) Pause Full (Ergonomics) 2375M->2375M(2449M) 737.627ms
[83.501s][info][gc,cpu         ] GC(293) User=5.62s Sys=0.00s Real=0.74s
[83.501s][info][gc,start       ] GC(294) Pause Full (Ergonomics)
[83.501s][info][gc,phases,start] GC(294) Marking Phase
[84.071s][info][gc,phases      ] GC(294) Marking Phase 570.258ms
[84.071s][info][gc,phases,start] GC(294) Summary Phase
[84.071s][info][gc,phases      ] GC(294) Summary Phase 0.035ms
[84.071s][info][gc,phases,start] GC(294) Adjust Roots
[84.072s][info][gc,phases      ] GC(294) Adjust Roots 0.157ms
[84.072s][info][gc,phases,start] GC(294) Compaction Phase
[84.233s][info][gc,phases      ] GC(294) Compaction Phase 161.330ms
[84.233s][info][gc,phases,start] GC(294) Post Compact
[84.237s][info][gc,phases      ] GC(294) Post Compact 4.223ms
[84.237s][info][gc,heap        ] GC(294) PSYoungGen: 111161K(186368K)->111161K(186368K) Eden: 35328K(35328K)->35328K(35328K) From: 75833K(151040K)->75833K(151040K)
[84.237s][info][gc,heap        ] GC(294) ParOldGen: 2321407K(2321408K)->2321407K(2321408K)
[84.237s][info][gc,metaspace   ] GC(294) Metaspace: 6296K(6464K)->6296K(6464K) NonClass: 5764K(5824K)->5764K(5824K) Class: 532K(640K)->532K(640K)
[84.237s][info][gc             ] GC(294) Pause Full (Ergonomics) 2375M->2375M(2449M) 736.358ms
[84.237s][info][gc,cpu         ] GC(294) User=5.59s Sys=0.00s Real=0.74s
[84.237s][info][gc,start       ] GC(295) Pause Full (Allocation Failure)
[84.237s][info][gc,phases,start] GC(295) Marking Phase
[84.796s][info][gc,phases      ] GC(295) Marking Phase 558.476ms
[84.796s][info][gc,phases,start] GC(295) Summary Phase
[84.796s][info][gc,phases      ] GC(295) Summary Phase 0.034ms
[84.796s][info][gc,phases,start] GC(295) Adjust Roots
[84.796s][info][gc,phases      ] GC(295) Adjust Roots 0.161ms
[84.796s][info][gc,phases,start] GC(295) Compaction Phase
[84.951s][info][gc,phases      ] GC(295) Compaction Phase 155.210ms
[84.952s][info][gc,phases,start] GC(295) Post Compact
[84.956s][info][gc,phases      ] GC(295) Post Compact 4.717ms
[84.956s][info][gc,heap        ] GC(295) PSYoungGen: 111161K(186368K)->111161K(186368K) Eden: 35328K(35328K)->35328K(35328K) From: 75833K(151040K)->75833K(151040K)
[84.956s][info][gc,heap        ] GC(295) ParOldGen: 2321407K(2321408K)->2321407K(2321408K)
[84.956s][info][gc,metaspace   ] GC(295) Metaspace: 6296K(6464K)->6296K(6464K) NonClass: 5764K(5824K)->5764K(5824K) Class: 532K(640K)->532K(640K)
[84.956s][info][gc             ] GC(295) Pause Full (Allocation Failure) 2375M->2375M(2449M) 718.939ms
[84.956s][info][gc,cpu         ] GC(295) User=5.52s Sys=0.00s Real=0.72s
[84.957s][info][gc,start       ] GC(296) Pause Full (Ergonomics)
[84.957s][info][gc,phases,start] GC(296) Marking Phase
[85.509s][info][gc,phases      ] GC(296) Marking Phase 551.970ms
[85.509s][info][gc,phases,start] GC(296) Summary Phase
[85.509s][info][gc,phases      ] GC(296) Summary Phase 0.035ms
[85.509s][info][gc,phases,start] GC(296) Adjust Roots
[85.509s][info][gc,phases      ] GC(296) Adjust Roots 0.263ms
[85.509s][info][gc,phases,start] GC(296) Compaction Phase
[86.106s][info][gc,phases      ] GC(296) Compaction Phase 596.220ms
[86.106s][info][gc,phases,start] GC(296) Post Compact
[86.111s][info][gc,phases      ] GC(296) Post Compact 5.015ms
[86.111s][info][gc,heap        ] GC(296) PSYoungGen: 111161K(186368K)->111161K(186368K) Eden: 35328K(35328K)->35328K(35328K) From: 75833K(151040K)->75833K(151040K)
[86.111s][info][gc,heap        ] GC(296) ParOldGen: 2321407K(2321408K)->2321406K(2321408K)
[86.111s][info][gc,metaspace   ] GC(296) Metaspace: 6296K(6464K)->6296K(6464K) NonClass: 5764K(5824K)->5764K(5824K) Class: 532K(640K)->532K(640K)
[86.111s][info][gc             ] GC(296) Pause Full (Ergonomics) 2375M->2375M(2449M) 1153.894ms
[86.111s][info][gc,cpu         ] GC(296) User=8.58s Sys=0.00s Real=1.15s
[86.111s][info][gc,start       ] GC(297) Pause Full (Ergonomics)
[86.111s][info][gc,phases,start] GC(297) Marking Phase
[86.660s][info][gc,phases      ] GC(297) Marking Phase 548.519ms
[86.660s][info][gc,phases,start] GC(297) Summary Phase
[86.660s][info][gc,phases      ] GC(297) Summary Phase 0.035ms
[86.660s][info][gc,phases,start] GC(297) Adjust Roots
[86.660s][info][gc,phases      ] GC(297) Adjust Roots 0.162ms
[86.660s][info][gc,phases,start] GC(297) Compaction Phase
[86.817s][info][gc,phases      ] GC(297) Compaction Phase 156.599ms
[86.817s][info][gc,phases,start] GC(297) Post Compact
[86.821s][info][gc,phases      ] GC(297) Post Compact 4.201ms
[86.821s][info][gc,heap        ] GC(297) PSYoungGen: 111161K(186368K)->111161K(186368K) Eden: 35328K(35328K)->35328K(35328K) From: 75833K(151040K)->75833K(151040K)
[86.821s][info][gc,heap        ] GC(297) ParOldGen: 2321406K(2321408K)->2321406K(2321408K)
[86.821s][info][gc,metaspace   ] GC(297) Metaspace: 6296K(6464K)->6296K(6464K) NonClass: 5764K(5824K)->5764K(5824K) Class: 532K(640K)->532K(640K)
[86.821s][info][gc             ] GC(297) Pause Full (Ergonomics) 2375M->2375M(2449M) 709.957ms
[86.821s][info][gc,cpu         ] GC(297) User=5.55s Sys=0.00s Real=0.71s
[86.822s][info][gc,start       ] GC(298) Pause Full (Ergonomics)
[86.822s][info][gc,phases,start] GC(298) Marking Phase
[87.384s][info][gc,phases      ] GC(298) Marking Phase 561.595ms
[87.384s][info][gc,phases,start] GC(298) Summary Phase
[87.384s][info][gc,phases      ] GC(298) Summary Phase 0.042ms
[87.384s][info][gc,phases,start] GC(298) Adjust Roots
[87.384s][info][gc,phases      ] GC(298) Adjust Roots 0.239ms
[87.384s][info][gc,phases,start] GC(298) Compaction Phase
[87.980s][info][gc,phases      ] GC(298) Compaction Phase 595.873ms
[87.980s][info][gc,phases,start] GC(298) Post Compact
[87.985s][info][gc,phases      ] GC(298) Post Compact 4.636ms
[87.985s][info][gc,heap        ] GC(298) PSYoungGen: 111161K(186368K)->111161K(186368K) Eden: 35328K(35328K)->35328K(35328K) From: 75833K(151040K)->75833K(151040K)
[87.985s][info][gc,heap        ] GC(298) ParOldGen: 2321407K(2321408K)->2321405K(2321408K)
[87.985s][info][gc,metaspace   ] GC(298) Metaspace: 6298K(6464K)->6298K(6464K) NonClass: 5764K(5824K)->5764K(5824K) Class: 533K(640K)->533K(640K)
[87.985s][info][gc             ] GC(298) Pause Full (Ergonomics) 2375M->2375M(2449M) 1162.759ms
[87.985s][info][gc,cpu         ] GC(298) User=8.58s Sys=0.03s Real=1.16s
[87.986s][info][gc,heap,exit   ] Heap
[87.986s][info][gc,heap,exit   ]  PSYoungGen      total 186368K, used 111161K [0x00000007b9300000, 0x00000007ce980000, 0x0000000800000000)
[87.986s][info][gc,heap,exit   ]   eden space 35328K, 100% used [0x00000007b9300000,0x00000007bb580000,0x00000007bb580000)
[87.986s][info][gc,heap,exit   ]   from space 151040K, 50% used [0x00000007bb580000,0x00000007bff8e780,0x00000007c4900000)
[87.986s][info][gc,heap,exit   ]   to   space 155648K, 0% used [0x00000007c5180000,0x00000007c5180000,0x00000007ce980000)
[87.986s][info][gc,heap,exit   ]  ParOldGen       total 2321408K, used 2321405K [0x000000072b800000, 0x00000007b9300000, 0x00000007b9300000)
[87.986s][info][gc,heap,exit   ]   object space 2321408K, 99% used [0x000000072b800000,0x00000007b92ff790,0x00000007b9300000)
[87.986s][info][gc,heap,exit   ]  Metaspace       used 6301K, committed 6464K, reserved 1114112K
[87.986s][info][gc,heap,exit   ]   class space    used 534K, committed 640K, reserved 1048576K
