[0.011s][info][gc,init] CardTable entry size: 512
[0.011s][info][gc     ] Using Parallel
[0.013s][info][gc,init] Version: 18.0.1+10 (release)
[0.013s][info][gc,init] CPUs: 8 total, 8 available
[0.013s][info][gc,init] Memory: 16063M
[0.013s][info][gc,init] Large Page Support: Disabled
[0.013s][info][gc,init] NUMA Support: Disabled
[0.013s][info][gc,init] Compressed Oops: Enabled (Zero based)
[0.013s][info][gc,init] Alignments: Space 512K, Generation 512K, Heap 2M
[0.013s][info][gc,init] Heap Min Capacity: 2M
[0.013s][info][gc,init] Heap Initial Capacity: 2M
[0.013s][info][gc,init] Heap Max Capacity: 16900M
[0.013s][info][gc,init] Pre-touch: Disabled
[0.013s][info][gc,init] Parallel Workers: 8
[0.013s][info][gc,metaspace] CDS archive(s) not mapped
[0.013s][info][gc,metaspace] Compressed class space mapped at: 0x0000000800000000-0x0000000840000000, reserved size: 1073741824
[0.013s][info][gc,metaspace] Narrow klass base: 0x0000000800000000, Narrow klass shift: 0, Narrow klass range: 0x40000000
[0.108s][info][gc,start    ] GC(0) Pause Young (Allocation Failure)
[0.109s][info][gc,heap     ] GC(0) PSYoungGen: 512K(1024K)->480K(1024K) Eden: 512K(512K)->0K(512K) From: 0K(512K)->480K(512K)
[0.109s][info][gc,heap     ] GC(0) ParOldGen: 0K(512K)->8K(512K)
[0.109s][info][gc,metaspace] GC(0) Metaspace: 4229K(4352K)->4229K(4352K) NonClass: 3908K(3968K)->3908K(3968K) Class: 321K(384K)->321K(384K)
[0.109s][info][gc          ] GC(0) Pause Young (Allocation Failure) 0M->0M(1M) 1.373ms
[0.109s][info][gc,cpu      ] GC(0) User=0.00s Sys=0.00s Real=0.00s
[0.168s][info][gc,start    ] GC(1) Pause Young (Allocation Failure)
[0.169s][info][gc,heap     ] GC(1) PSYoungGen: 991K(1024K)->512K(1536K) Eden: 511K(512K)->0K(1024K) From: 480K(512K)->512K(512K)
[0.169s][info][gc,heap     ] GC(1) ParOldGen: 8K(512K)->96K(512K)
[0.169s][info][gc,metaspace] GC(1) Metaspace: 5877K(6016K)->5877K(6016K) NonClass: 5381K(5504K)->5381K(5504K) Class: 496K(512K)->496K(512K)
[0.169s][info][gc          ] GC(1) Pause Young (Allocation Failure) 0M->0M(2M) 0.854ms
[0.169s][info][gc,cpu      ] GC(1) User=0.00s Sys=0.00s Real=0.00s
[0.189s][info][gc,start    ] GC(2) Pause Young (Allocation Failure)
[0.190s][info][gc,heap     ] GC(2) PSYoungGen: 1536K(1536K)->512K(1536K) Eden: 1024K(1024K)->0K(1024K) From: 512K(512K)->512K(512K)
[0.190s][info][gc,heap     ] GC(2) ParOldGen: 96K(512K)->504K(512K)
[0.190s][info][gc,metaspace] GC(2) Metaspace: 6296K(6464K)->6296K(6464K) NonClass: 5763K(5824K)->5763K(5824K) Class: 533K(640K)->533K(640K)
[0.190s][info][gc          ] GC(2) Pause Young (Allocation Failure) 1M->0M(2M) 1.234ms
[0.190s][info][gc,cpu      ] GC(2) User=0.00s Sys=0.00s Real=0.00s
[0.190s][info][gc,start    ] GC(3) Pause Full (Ergonomics)
[0.190s][info][gc,phases,start] GC(3) Marking Phase
[0.191s][info][gc,phases      ] GC(3) Marking Phase 0.962ms
[0.191s][info][gc,phases,start] GC(3) Summary Phase
[0.191s][info][gc,phases      ] GC(3) Summary Phase 0.017ms
[0.191s][info][gc,phases,start] GC(3) Adjust Roots
[0.191s][info][gc,phases      ] GC(3) Adjust Roots 0.382ms
[0.191s][info][gc,phases,start] GC(3) Compaction Phase
[0.193s][info][gc,phases      ] GC(3) Compaction Phase 1.643ms
[0.193s][info][gc,phases,start] GC(3) Post Compact
[0.193s][info][gc,phases      ] GC(3) Post Compact 0.098ms
[0.193s][info][gc,heap        ] GC(3) PSYoungGen: 512K(1536K)->506K(1536K) Eden: 0K(1024K)->0K(1024K) From: 512K(512K)->506K(512K)
[0.193s][info][gc,heap        ] GC(3) ParOldGen: 504K(512K)->474K(2048K)
[0.193s][info][gc,metaspace   ] GC(3) Metaspace: 6296K(6464K)->6296K(6464K) NonClass: 5763K(5824K)->5763K(5824K) Class: 533K(640K)->533K(640K)
[0.193s][info][gc             ] GC(3) Pause Full (Ergonomics) 0M->0M(3M) 3.372ms
[0.193s][info][gc,cpu         ] GC(3) User=0.00s Sys=0.00s Real=0.00s
[0.195s][info][gc,start       ] GC(4) Pause Young (Allocation Failure)
[0.196s][info][gc,heap        ] GC(4) PSYoungGen: 1530K(1536K)->480K(2560K) Eden: 1024K(1024K)->0K(2048K) From: 506K(512K)->480K(512K)
[0.196s][info][gc,heap        ] GC(4) ParOldGen: 474K(2048K)->1034K(2048K)
[0.196s][info][gc,metaspace   ] GC(4) Metaspace: 6296K(6464K)->6296K(6464K) NonClass: 5763K(5824K)->5763K(5824K) Class: 533K(640K)->533K(640K)
[0.196s][info][gc             ] GC(4) Pause Young (Allocation Failure) 1M->1M(4M) 1.376ms
[0.196s][info][gc,cpu         ] GC(4) User=0.00s Sys=0.00s Real=0.00s
[0.199s][info][gc,start       ] GC(5) Pause Young (Allocation Failure)
[0.201s][info][gc,heap        ] GC(5) PSYoungGen: 2528K(2560K)->480K(2560K) Eden: 2048K(2048K)->0K(2048K) From: 480K(512K)->480K(512K)
[0.201s][info][gc,heap        ] GC(5) ParOldGen: 1034K(2048K)->2106K(2560K)
[0.201s][info][gc,metaspace   ] GC(5) Metaspace: 6296K(6464K)->6296K(6464K) NonClass: 5763K(5824K)->5763K(5824K) Class: 533K(640K)->533K(640K)
[0.201s][info][gc             ] GC(5) Pause Young (Allocation Failure) 3M->2M(5M) 2.091ms
[0.201s][info][gc,cpu         ] GC(5) User=0.00s Sys=0.00s Real=0.00s
[0.201s][info][gc,start       ] GC(6) Pause Full (Ergonomics)
[0.201s][info][gc,phases,start] GC(6) Marking Phase
[0.203s][info][gc,phases      ] GC(6) Marking Phase 1.656ms
[0.203s][info][gc,phases,start] GC(6) Summary Phase
[0.203s][info][gc,phases      ] GC(6) Summary Phase 0.018ms
[0.203s][info][gc,phases,start] GC(6) Adjust Roots
[0.203s][info][gc,phases      ] GC(6) Adjust Roots 0.366ms
[0.203s][info][gc,phases,start] GC(6) Compaction Phase
[0.206s][info][gc,phases      ] GC(6) Compaction Phase 2.421ms
[0.206s][info][gc,phases,start] GC(6) Post Compact
[0.206s][info][gc,phases      ] GC(6) Post Compact 0.031ms
[0.206s][info][gc,heap        ] GC(6) PSYoungGen: 480K(2560K)->0K(4096K) Eden: 0K(2048K)->0K(3072K) From: 480K(512K)->0K(1024K)
[0.206s][info][gc,heap        ] GC(6) ParOldGen: 2106K(2560K)->2542K(6144K)
[0.206s][info][gc,metaspace   ] GC(6) Metaspace: 6296K(6464K)->6296K(6464K) NonClass: 5763K(5824K)->5763K(5824K) Class: 533K(640K)->533K(640K)
[0.206s][info][gc             ] GC(6) Pause Full (Ergonomics) 2M->2M(10M) 4.867ms
[0.206s][info][gc,cpu         ] GC(6) User=0.00s Sys=0.00s Real=0.00s
[0.211s][info][gc,start       ] GC(7) Pause Young (Allocation Failure)
[0.213s][info][gc,heap        ] GC(7) PSYoungGen: 3072K(4096K)->1664K(5120K) Eden: 3072K(3072K)->0K(3072K) From: 0K(1024K)->1664K(2048K)
[0.213s][info][gc,heap        ] GC(7) ParOldGen: 2542K(6144K)->2542K(6144K)
[0.213s][info][gc,metaspace   ] GC(7) Metaspace: 6296K(6464K)->6296K(6464K) NonClass: 5763K(5824K)->5763K(5824K) Class: 533K(640K)->533K(640K)
[0.213s][info][gc             ] GC(7) Pause Young (Allocation Failure) 5M->4M(11M) 1.993ms
[0.213s][info][gc,cpu         ] GC(7) User=0.00s Sys=0.00s Real=0.00s
[0.217s][info][gc,start       ] GC(8) Pause Young (Allocation Failure)
[0.220s][info][gc,heap        ] GC(8) PSYoungGen: 4736K(5120K)->2016K(5632K) Eden: 3072K(3072K)->0K(3584K) From: 1664K(2048K)->2016K(2048K)
[0.220s][info][gc,heap        ] GC(8) ParOldGen: 2542K(6144K)->3774K(6144K)
[0.220s][info][gc,metaspace   ] GC(8) Metaspace: 6296K(6464K)->6296K(6464K) NonClass: 5763K(5824K)->5763K(5824K) Class: 533K(640K)->533K(640K)
[0.220s][info][gc             ] GC(8) Pause Young (Allocation Failure) 7M->5M(11M) 2.981ms
[0.220s][info][gc,cpu         ] GC(8) User=0.00s Sys=0.00s Real=0.00s
[0.226s][info][gc,start       ] GC(9) Pause Young (Allocation Failure)
[0.230s][info][gc,heap        ] GC(9) PSYoungGen: 5600K(5632K)->3040K(6656K) Eden: 3584K(3584K)->0K(3584K) From: 2016K(2048K)->3040K(3072K)
[0.230s][info][gc,heap        ] GC(9) ParOldGen: 3774K(6144K)->4614K(6144K)
[0.230s][info][gc,metaspace   ] GC(9) Metaspace: 6296K(6464K)->6296K(6464K) NonClass: 5763K(5824K)->5763K(5824K) Class: 533K(640K)->533K(640K)
[0.230s][info][gc             ] GC(9) Pause Young (Allocation Failure) 9M->7M(12M) 3.862ms
[0.230s][info][gc,cpu         ] GC(9) User=0.00s Sys=0.00s Real=0.00s
[0.234s][info][gc,start       ] GC(10) Pause Young (Allocation Failure)
[0.238s][info][gc,heap        ] GC(10) PSYoungGen: 6624K(6656K)->4064K(8704K) Eden: 3584K(3584K)->0K(4608K) From: 3040K(3072K)->4064K(4096K)
[0.238s][info][gc,heap        ] GC(10) ParOldGen: 4614K(6144K)->5462K(6144K)
[0.238s][info][gc,metaspace   ] GC(10) Metaspace: 6296K(6464K)->6296K(6464K) NonClass: 5763K(5824K)->5763K(5824K) Class: 533K(640K)->533K(640K)
[0.238s][info][gc             ] GC(10) Pause Young (Allocation Failure) 10M->9M(14M) 4.443ms
[0.238s][info][gc,cpu         ] GC(10) User=0.00s Sys=0.00s Real=0.00s
[0.238s][info][gc,start       ] GC(11) Pause Full (Ergonomics)
[0.239s][info][gc,phases,start] GC(11) Marking Phase
[0.243s][info][gc,phases      ] GC(11) Marking Phase 4.172ms
[0.243s][info][gc,phases,start] GC(11) Summary Phase
[0.243s][info][gc,phases      ] GC(11) Summary Phase 0.016ms
[0.243s][info][gc,phases,start] GC(11) Adjust Roots
[0.243s][info][gc,phases      ] GC(11) Adjust Roots 0.323ms
[0.243s][info][gc,phases,start] GC(11) Compaction Phase
[0.249s][info][gc,phases      ] GC(11) Compaction Phase 5.900ms
[0.249s][info][gc,phases,start] GC(11) Post Compact
[0.249s][info][gc,phases      ] GC(11) Post Compact 0.066ms
[0.249s][info][gc,heap        ] GC(11) PSYoungGen: 4064K(8704K)->3545K(8704K) Eden: 0K(4608K)->0K(4608K) From: 4064K(4096K)->3545K(4096K)
[0.249s][info][gc,heap        ] GC(11) ParOldGen: 5462K(6144K)->5831K(10752K)
[0.249s][info][gc,metaspace   ] GC(11) Metaspace: 6296K(6464K)->6296K(6464K) NonClass: 5763K(5824K)->5763K(5824K) Class: 533K(640K)->533K(640K)
[0.249s][info][gc             ] GC(11) Pause Full (Ergonomics) 9M->9M(19M) 10.836ms
[0.249s][info][gc,cpu         ] GC(11) User=0.00s Sys=0.00s Real=0.01s
[0.254s][info][gc,start       ] GC(12) Pause Young (Allocation Failure)
[0.257s][info][gc,heap        ] GC(12) PSYoungGen: 8013K(8704K)->5088K(9728K) Eden: 4468K(4608K)->0K(4608K) From: 3545K(4096K)->5088K(5120K)
[0.257s][info][gc,heap        ] GC(12) ParOldGen: 5831K(10752K)->6615K(10752K)
[0.257s][info][gc,metaspace   ] GC(12) Metaspace: 6296K(6464K)->6296K(6464K) NonClass: 5763K(5824K)->5763K(5824K) Class: 533K(640K)->533K(640K)
[0.257s][info][gc             ] GC(12) Pause Young (Allocation Failure) 13M->11M(20M) 3.841ms
[0.258s][info][gc,cpu         ] GC(12) User=0.00s Sys=0.00s Real=0.00s
[0.263s][info][gc,start       ] GC(13) Pause Young (Allocation Failure)
[0.269s][info][gc,heap        ] GC(13) PSYoungGen: 9696K(9728K)->6112K(11264K) Eden: 4608K(4608K)->0K(5120K) From: 5088K(5120K)->6112K(6144K)
[0.269s][info][gc,heap        ] GC(13) ParOldGen: 6615K(10752K)->7991K(10752K)
[0.269s][info][gc,metaspace   ] GC(13) Metaspace: 6296K(6464K)->6296K(6464K) NonClass: 5763K(5824K)->5763K(5824K) Class: 533K(640K)->533K(640K)
[0.269s][info][gc             ] GC(13) Pause Young (Allocation Failure) 15M->13M(21M) 5.854ms
[0.269s][info][gc,cpu         ] GC(13) User=0.00s Sys=0.00s Real=0.01s
[0.273s][info][gc,start       ] GC(14) Pause Young (Allocation Failure)
[0.278s][info][gc,heap        ] GC(14) PSYoungGen: 11232K(11264K)->5248K(12800K) Eden: 5120K(5120K)->0K(5120K) From: 6112K(6144K)->5248K(7680K)
[0.279s][info][gc,heap        ] GC(14) ParOldGen: 7991K(10752K)->11575K(11776K)
[0.279s][info][gc,metaspace   ] GC(14) Metaspace: 6298K(6464K)->6298K(6464K) NonClass: 5764K(5824K)->5764K(5824K) Class: 533K(640K)->533K(640K)
[0.279s][info][gc             ] GC(14) Pause Young (Allocation Failure) 18M->16M(24M) 5.472ms
[0.279s][info][gc,cpu         ] GC(14) User=0.00s Sys=0.00s Real=0.01s
[0.279s][info][gc,start       ] GC(15) Pause Full (Ergonomics)
[0.279s][info][gc,phases,start] GC(15) Marking Phase
[0.286s][info][gc,phases      ] GC(15) Marking Phase 7.071ms
[0.286s][info][gc,phases,start] GC(15) Summary Phase
[0.286s][info][gc,phases      ] GC(15) Summary Phase 0.015ms
[0.286s][info][gc,phases,start] GC(15) Adjust Roots
[0.286s][info][gc,phases      ] GC(15) Adjust Roots 0.221ms
[0.286s][info][gc,phases,start] GC(15) Compaction Phase
[0.293s][info][gc,phases      ] GC(15) Compaction Phase 6.657ms
[0.293s][info][gc,phases,start] GC(15) Post Compact
[0.293s][info][gc,phases      ] GC(15) Post Compact 0.059ms
[0.293s][info][gc,heap        ] GC(15) PSYoungGen: 5248K(12800K)->5191K(12800K) Eden: 0K(5120K)->0K(5120K) From: 5248K(7680K)->5191K(7680K)
[0.293s][info][gc,heap        ] GC(15) ParOldGen: 11575K(11776K)->11459K(18432K)
[0.293s][info][gc,metaspace   ] GC(15) Metaspace: 6298K(6464K)->6298K(6464K) NonClass: 5764K(5824K)->5764K(5824K) Class: 533K(640K)->533K(640K)
[0.293s][info][gc             ] GC(15) Pause Full (Ergonomics) 16M->16M(30M) 14.335ms
[0.293s][info][gc,cpu         ] GC(15) User=0.02s Sys=0.00s Real=0.01s
[0.296s][info][gc,start       ] GC(16) Pause Young (Allocation Failure)
[0.303s][info][gc,heap        ] GC(16) PSYoungGen: 10311K(12800K)->2688K(14336K) Eden: 5120K(5120K)->0K(7168K) From: 5191K(7680K)->2688K(7168K)
[0.303s][info][gc,heap        ] GC(16) ParOldGen: 11459K(18432K)->16731K(18432K)
[0.303s][info][gc,metaspace   ] GC(16) Metaspace: 6298K(6464K)->6298K(6464K) NonClass: 5764K(5824K)->5764K(5824K) Class: 533K(640K)->533K(640K)
[0.303s][info][gc             ] GC(16) Pause Young (Allocation Failure) 21M->18M(32M) 6.396ms
[0.303s][info][gc,cpu         ] GC(16) User=0.00s Sys=0.00s Real=0.01s
[0.303s][info][gc,start       ] GC(17) Pause Full (Ergonomics)
[0.303s][info][gc,phases,start] GC(17) Marking Phase
[0.311s][info][gc,phases      ] GC(17) Marking Phase 8.330ms
[0.311s][info][gc,phases,start] GC(17) Summary Phase
[0.311s][info][gc,phases      ] GC(17) Summary Phase 0.016ms
[0.311s][info][gc,phases,start] GC(17) Adjust Roots
[0.311s][info][gc,phases      ] GC(17) Adjust Roots 0.193ms
[0.311s][info][gc,phases,start] GC(17) Compaction Phase
[0.318s][info][gc,phases      ] GC(17) Compaction Phase 6.481ms
[0.318s][info][gc,phases,start] GC(17) Post Compact
[0.318s][info][gc,phases      ] GC(17) Post Compact 0.088ms
[0.318s][info][gc,heap        ] GC(17) PSYoungGen: 2688K(14336K)->1105K(14848K) Eden: 0K(7168K)->0K(7680K) From: 2688K(7168K)->1105K(7168K)
[0.318s][info][gc,heap        ] GC(17) ParOldGen: 16731K(18432K)->18183K(27648K)
[0.318s][info][gc,metaspace   ] GC(17) Metaspace: 6298K(6464K)->6298K(6464K) NonClass: 5764K(5824K)->5764K(5824K) Class: 533K(640K)->533K(640K)
[0.318s][info][gc             ] GC(17) Pause Full (Ergonomics) 18M->18M(41M) 15.486ms
[0.318s][info][gc,cpu         ] GC(17) User=0.00s Sys=0.00s Real=0.01s
[0.322s][info][gc,start       ] GC(18) Pause Young (Allocation Failure)
[0.327s][info][gc,heap        ] GC(18) PSYoungGen: 7799K(14848K)->3424K(15360K) Eden: 6694K(7680K)->0K(7680K) From: 1105K(7168K)->3424K(7680K)
[0.327s][info][gc,heap        ] GC(18) ParOldGen: 18183K(27648K)->19311K(27648K)
[0.327s][info][gc,metaspace   ] GC(18) Metaspace: 6298K(6464K)->6298K(6464K) NonClass: 5764K(5824K)->5764K(5824K) Class: 533K(640K)->533K(640K)
[0.327s][info][gc             ] GC(18) Pause Young (Allocation Failure) 25M->22M(42M) 4.715ms
[0.327s][info][gc,cpu         ] GC(18) User=0.02s Sys=0.00s Real=0.00s
[0.334s][info][gc,start       ] GC(19) Pause Young (Allocation Failure)
[0.341s][info][gc,heap        ] GC(19) PSYoungGen: 11103K(15360K)->4480K(17920K) Eden: 7679K(7680K)->0K(10240K) From: 3424K(7680K)->4480K(7680K)
[0.341s][info][gc,heap        ] GC(19) ParOldGen: 19311K(27648K)->22759K(27648K)
[0.341s][info][gc,metaspace   ] GC(19) Metaspace: 6298K(6464K)->6298K(6464K) NonClass: 5764K(5824K)->5764K(5824K) Class: 533K(640K)->533K(640K)
[0.341s][info][gc             ] GC(19) Pause Young (Allocation Failure) 29M->26M(44M) 6.855ms
[0.341s][info][gc,cpu         ] GC(19) User=0.00s Sys=0.00s Real=0.01s
[0.347s][info][gc,start       ] GC(20) Pause Young (Allocation Failure)
[0.354s][info][gc,heap        ] GC(20) PSYoungGen: 14720K(17920K)->5344K(17920K) Eden: 10240K(10240K)->0K(10240K) From: 4480K(7680K)->5344K(7680K)
[0.355s][info][gc,heap        ] GC(20) ParOldGen: 22759K(27648K)->27287K(27648K)
[0.355s][info][gc,metaspace   ] GC(20) Metaspace: 6298K(6464K)->6298K(6464K) NonClass: 5764K(5824K)->5764K(5824K) Class: 533K(640K)->533K(640K)
[0.355s][info][gc             ] GC(20) Pause Young (Allocation Failure) 36M->31M(44M) 7.156ms
[0.355s][info][gc,cpu         ] GC(20) User=0.00s Sys=0.00s Real=0.01s
[0.355s][info][gc,start       ] GC(21) Pause Full (Ergonomics)
[0.355s][info][gc,phases,start] GC(21) Marking Phase
[0.367s][info][gc,phases      ] GC(21) Marking Phase 12.718ms
[0.368s][info][gc,phases,start] GC(21) Summary Phase
[0.368s][info][gc,phases      ] GC(21) Summary Phase 0.015ms
[0.368s][info][gc,phases,start] GC(21) Adjust Roots
[0.368s][info][gc,phases      ] GC(21) Adjust Roots 0.155ms
[0.368s][info][gc,phases,start] GC(21) Compaction Phase
[0.380s][info][gc,phases      ] GC(21) Compaction Phase 12.193ms
[0.380s][info][gc,phases,start] GC(21) Post Compact
[0.380s][info][gc,phases      ] GC(21) Post Compact 0.120ms
[0.380s][info][gc,heap        ] GC(21) PSYoungGen: 5344K(17920K)->4779K(17920K) Eden: 0K(10240K)->0K(10240K) From: 5344K(7680K)->4779K(7680K)
[0.380s][info][gc,heap        ] GC(21) ParOldGen: 27287K(27648K)->27139K(38912K)
[0.380s][info][gc,metaspace   ] GC(21) Metaspace: 6298K(6464K)->6298K(6464K) NonClass: 5764K(5824K)->5764K(5824K) Class: 533K(640K)->533K(640K)
[0.380s][info][gc             ] GC(21) Pause Full (Ergonomics) 31M->31M(55M) 25.700ms
[0.380s][info][gc,cpu         ] GC(21) User=0.02s Sys=0.00s Real=0.03s
[0.390s][info][gc,start       ] GC(22) Pause Young (Allocation Failure)
[0.402s][info][gc,heap        ] GC(22) PSYoungGen: 15019K(17920K)->8192K(17920K) Eden: 10240K(10240K)->0K(9728K) From: 4779K(7680K)->8192K(8192K)
[0.402s][info][gc,heap        ] GC(22) ParOldGen: 27139K(38912K)->32963K(38912K)
[0.402s][info][gc,metaspace   ] GC(22) Metaspace: 6298K(6464K)->6298K(6464K) NonClass: 5764K(5824K)->5764K(5824K) Class: 533K(640K)->533K(640K)
[0.402s][info][gc             ] GC(22) Pause Young (Allocation Failure) 41M->40M(55M) 12.542ms
[0.402s][info][gc,cpu         ] GC(22) User=0.00s Sys=0.00s Real=0.01s
[0.403s][info][gc,start       ] GC(23) Pause Full (Ergonomics)
[0.403s][info][gc,phases,start] GC(23) Marking Phase
[0.419s][info][gc,phases      ] GC(23) Marking Phase 16.210ms
[0.419s][info][gc,phases,start] GC(23) Summary Phase
[0.419s][info][gc,phases      ] GC(23) Summary Phase 0.017ms
[0.419s][info][gc,phases,start] GC(23) Adjust Roots
[0.419s][info][gc,phases      ] GC(23) Adjust Roots 0.179ms
[0.419s][info][gc,phases,start] GC(23) Compaction Phase
[0.430s][info][gc,phases      ] GC(23) Compaction Phase 10.710ms
[0.430s][info][gc,phases,start] GC(23) Post Compact
[0.430s][info][gc,phases      ] GC(23) Post Compact 0.171ms
[0.430s][info][gc,heap        ] GC(23) PSYoungGen: 8192K(17920K)->2555K(17920K) Eden: 0K(9728K)->0K(9728K) From: 8192K(8192K)->2555K(8192K)
[0.430s][info][gc,heap        ] GC(23) ParOldGen: 32963K(38912K)->38489K(52736K)
[0.430s][info][gc,metaspace   ] GC(23) Metaspace: 6298K(6464K)->6298K(6464K) NonClass: 5764K(5824K)->5764K(5824K) Class: 533K(640K)->533K(640K)
[0.430s][info][gc             ] GC(23) Pause Full (Ergonomics) 40M->40M(69M) 27.679ms
[0.430s][info][gc,cpu         ] GC(23) User=0.02s Sys=0.00s Real=0.03s
[0.443s][info][gc,start       ] GC(24) Pause Young (Allocation Failure)
[0.452s][info][gc,heap        ] GC(24) PSYoungGen: 12283K(17920K)->9760K(20992K) Eden: 9728K(9728K)->0K(9728K) From: 2555K(8192K)->9760K(11264K)
[0.452s][info][gc,heap        ] GC(24) ParOldGen: 38489K(52736K)->41097K(52736K)
[0.452s][info][gc,metaspace   ] GC(24) Metaspace: 6298K(6464K)->6298K(6464K) NonClass: 5764K(5824K)->5764K(5824K) Class: 533K(640K)->533K(640K)
[0.452s][info][gc             ] GC(24) Pause Young (Allocation Failure) 49M->49M(72M) 9.722ms
[0.452s][info][gc,cpu         ] GC(24) User=0.02s Sys=0.00s Real=0.01s
[0.462s][info][gc,start       ] GC(25) Pause Young (Allocation Failure)
[0.475s][info][gc,heap        ] GC(25) PSYoungGen: 19488K(20992K)->12768K(19968K) Eden: 9728K(9728K)->0K(7168K) From: 9760K(11264K)->12768K(12800K)
[0.475s][info][gc,heap        ] GC(25) ParOldGen: 41097K(52736K)->47865K(52736K)
[0.475s][info][gc,metaspace   ] GC(25) Metaspace: 6298K(6464K)->6298K(6464K) NonClass: 5764K(5824K)->5764K(5824K) Class: 533K(640K)->533K(640K)
[0.475s][info][gc             ] GC(25) Pause Young (Allocation Failure) 59M->59M(71M) 13.325ms
[0.475s][info][gc,cpu         ] GC(25) User=0.00s Sys=0.02s Real=0.01s
[0.475s][info][gc,start       ] GC(26) Pause Full (Ergonomics)
[0.475s][info][gc,phases,start] GC(26) Marking Phase
[0.503s][info][gc,phases      ] GC(26) Marking Phase 28.155ms
[0.503s][info][gc,phases,start] GC(26) Summary Phase
[0.503s][info][gc,phases      ] GC(26) Summary Phase 0.020ms
[0.503s][info][gc,phases,start] GC(26) Adjust Roots
[0.504s][info][gc,phases      ] GC(26) Adjust Roots 0.157ms
[0.504s][info][gc,phases,start] GC(26) Compaction Phase
[0.523s][info][gc,phases      ] GC(26) Compaction Phase 19.183ms
[0.523s][info][gc,phases,start] GC(26) Post Compact
[0.523s][info][gc,phases      ] GC(26) Post Compact 0.220ms
[0.523s][info][gc,heap        ] GC(26) PSYoungGen: 12768K(19968K)->7122K(19968K) Eden: 0K(7168K)->0K(7168K) From: 12768K(12800K)->7122K(12800K)
[0.523s][info][gc,heap        ] GC(26) ParOldGen: 47865K(52736K)->52300K(69120K)
[0.523s][info][gc,metaspace   ] GC(26) Metaspace: 6298K(6464K)->6298K(6464K) NonClass: 5764K(5824K)->5764K(5824K) Class: 533K(640K)->533K(640K)
[0.523s][info][gc             ] GC(26) Pause Full (Ergonomics) 59M->58M(87M) 48.164ms
[0.523s][info][gc,cpu         ] GC(26) User=0.05s Sys=0.00s Real=0.05s
[0.531s][info][gc,start       ] GC(27) Pause Young (Allocation Failure)
[0.545s][info][gc,heap        ] GC(27) PSYoungGen: 14290K(19968K)->7200K(24576K) Eden: 7168K(7168K)->0K(7168K) From: 7122K(12800K)->7200K(17408K)
[0.545s][info][gc,heap        ] GC(27) ParOldGen: 52300K(69120K)->59548K(69120K)
[0.545s][info][gc,metaspace   ] GC(27) Metaspace: 6298K(6464K)->6298K(6464K) NonClass: 5764K(5824K)->5764K(5824K) Class: 533K(640K)->533K(640K)
[0.545s][info][gc             ] GC(27) Pause Young (Allocation Failure) 65M->65M(91M) 14.475ms
[0.545s][info][gc,cpu         ] GC(27) User=0.00s Sys=0.00s Real=0.01s
[0.553s][info][gc,start       ] GC(28) Pause Young (Allocation Failure)
[0.563s][info][gc,heap        ] GC(28) PSYoungGen: 14368K(24576K)->14336K(23040K) Eden: 7168K(7168K)->0K(6656K) From: 7200K(17408K)->14336K(16384K)
[0.563s][info][gc,heap        ] GC(28) ParOldGen: 59548K(69120K)->59548K(69120K)
[0.563s][info][gc,metaspace   ] GC(28) Metaspace: 6298K(6464K)->6298K(6464K) NonClass: 5764K(5824K)->5764K(5824K) Class: 533K(640K)->533K(640K)
[0.563s][info][gc             ] GC(28) Pause Young (Allocation Failure) 72M->72M(90M) 10.882ms
[0.563s][info][gc,cpu         ] GC(28) User=0.00s Sys=0.00s Real=0.01s
[0.571s][info][gc,start       ] GC(29) Pause Young (Allocation Failure)
[0.584s][info][gc,heap        ] GC(29) PSYoungGen: 20992K(23040K)->13824K(25088K) Eden: 6656K(6656K)->0K(6656K) From: 14336K(16384K)->13824K(18432K)
[0.584s][info][gc,heap        ] GC(29) ParOldGen: 59548K(69120K)->66804K(69120K)
[0.584s][info][gc,metaspace   ] GC(29) Metaspace: 6298K(6464K)->6298K(6464K) NonClass: 5764K(5824K)->5764K(5824K) Class: 533K(640K)->533K(640K)
[0.584s][info][gc             ] GC(29) Pause Young (Allocation Failure) 78M->78M(92M) 13.320ms
[0.584s][info][gc,cpu         ] GC(29) User=0.02s Sys=0.00s Real=0.01s
[0.584s][info][gc,start       ] GC(30) Pause Full (Ergonomics)
[0.584s][info][gc,phases,start] GC(30) Marking Phase
[0.615s][info][gc,phases      ] GC(30) Marking Phase 30.544ms
[0.615s][info][gc,phases,start] GC(30) Summary Phase
[0.615s][info][gc,phases      ] GC(30) Summary Phase 0.020ms
[0.615s][info][gc,phases,start] GC(30) Adjust Roots
[0.615s][info][gc,phases      ] GC(30) Adjust Roots 0.164ms
[0.615s][info][gc,phases,start] GC(30) Compaction Phase
[0.634s][info][gc,phases      ] GC(30) Compaction Phase 19.187ms
[0.634s][info][gc,phases,start] GC(30) Post Compact
[0.635s][info][gc,phases      ] GC(30) Post Compact 0.396ms
[0.635s][info][gc,heap        ] GC(30) PSYoungGen: 13824K(25088K)->11209K(25088K) Eden: 0K(6656K)->0K(6656K) From: 13824K(18432K)->11209K(18432K)
[0.635s][info][gc,heap        ] GC(30) ParOldGen: 66804K(69120K)->69116K(89600K)
[0.635s][info][gc,metaspace   ] GC(30) Metaspace: 6298K(6464K)->6298K(6464K) NonClass: 5764K(5824K)->5764K(5824K) Class: 533K(640K)->533K(640K)
[0.635s][info][gc             ] GC(30) Pause Full (Ergonomics) 78M->78M(112M) 50.746ms
[0.635s][info][gc,cpu         ] GC(30) User=0.08s Sys=0.00s Real=0.05s
[0.642s][info][gc,start       ] GC(31) Pause Young (Allocation Failure)
[0.658s][info][gc,heap        ] GC(31) PSYoungGen: 17865K(25088K)->11968K(27648K) Eden: 6656K(6656K)->0K(8192K) From: 11209K(18432K)->11968K(19456K)
[0.658s][info][gc,heap        ] GC(31) ParOldGen: 69116K(89600K)->75164K(89600K)
[0.658s][info][gc,metaspace   ] GC(31) Metaspace: 6298K(6464K)->6298K(6464K) NonClass: 5764K(5824K)->5764K(5824K) Class: 533K(640K)->533K(640K)
[0.658s][info][gc             ] GC(31) Pause Young (Allocation Failure) 84M->85M(114M) 16.922ms
[0.658s][info][gc,cpu         ] GC(31) User=0.00s Sys=0.02s Real=0.02s
[0.676s][info][gc,start       ] GC(32) Pause Young (Allocation Failure)
[0.691s][info][gc,heap        ] GC(32) PSYoungGen: 20160K(27648K)->14848K(28160K) Eden: 8192K(8192K)->0K(8192K) From: 11968K(19456K)->14848K(19968K)
[0.691s][info][gc,heap        ] GC(32) ParOldGen: 75164K(89600K)->80524K(89600K)
[0.691s][info][gc,metaspace   ] GC(32) Metaspace: 6298K(6464K)->6298K(6464K) NonClass: 5764K(5824K)->5764K(5824K) Class: 533K(640K)->533K(640K)
[0.691s][info][gc             ] GC(32) Pause Young (Allocation Failure) 93M->93M(115M) 14.740ms
[0.691s][info][gc,cpu         ] GC(32) User=0.00s Sys=0.00s Real=0.02s
[0.691s][info][gc,start       ] GC(33) Pause Full (Ergonomics)
[0.691s][info][gc,phases,start] GC(33) Marking Phase
[0.727s][info][gc,phases      ] GC(33) Marking Phase 36.138ms
[0.727s][info][gc,phases,start] GC(33) Summary Phase
[0.727s][info][gc,phases      ] GC(33) Summary Phase 0.020ms
[0.727s][info][gc,phases,start] GC(33) Adjust Roots
[0.728s][info][gc,phases      ] GC(33) Adjust Roots 0.164ms
[0.728s][info][gc,phases,start] GC(33) Compaction Phase
[0.755s][info][gc,phases      ] GC(33) Compaction Phase 27.829ms
[0.756s][info][gc,phases,start] GC(33) Post Compact
[0.756s][info][gc,phases      ] GC(33) Post Compact 0.301ms
[0.756s][info][gc,heap        ] GC(33) PSYoungGen: 14848K(28160K)->3553K(28160K) Eden: 0K(8192K)->0K(8192K) From: 14848K(19968K)->3553K(19968K)
[0.756s][info][gc,heap        ] GC(33) ParOldGen: 80524K(89600K)->89528K(112128K)
[0.756s][info][gc,metaspace   ] GC(33) Metaspace: 6298K(6464K)->6298K(6464K) NonClass: 5764K(5824K)->5764K(5824K) Class: 533K(640K)->533K(640K)
[0.756s][info][gc             ] GC(33) Pause Full (Ergonomics) 93M->90M(137M) 64.885ms
[0.756s][info][gc,cpu         ] GC(33) User=0.06s Sys=0.02s Real=0.07s
[0.765s][info][gc,start       ] GC(34) Pause Young (Allocation Failure)
[0.777s][info][gc,heap        ] GC(34) PSYoungGen: 11745K(28160K)->10144K(29184K) Eden: 8192K(8192K)->0K(9728K) From: 3553K(19968K)->10144K(19456K)
[0.777s][info][gc,heap        ] GC(34) ParOldGen: 89528K(112128K)->91176K(112128K)
[0.777s][info][gc,metaspace   ] GC(34) Metaspace: 6298K(6464K)->6298K(6464K) NonClass: 5764K(5824K)->5764K(5824K) Class: 533K(640K)->533K(640K)
[0.777s][info][gc             ] GC(34) Pause Young (Allocation Failure) 98M->98M(138M) 12.147ms
[0.778s][info][gc,cpu         ] GC(34) User=0.00s Sys=0.00s Real=0.01s
[0.786s][info][gc,start       ] GC(35) Pause Young (Allocation Failure)
[0.796s][info][gc,heap        ] GC(35) PSYoungGen: 19872K(29184K)->19872K(30208K) Eden: 9728K(9728K)->0K(9728K) From: 10144K(19456K)->19872K(20480K)
[0.796s][info][gc,heap        ] GC(35) ParOldGen: 91176K(112128K)->91176K(112128K)
[0.796s][info][gc,metaspace   ] GC(35) Metaspace: 6298K(6464K)->6298K(6464K) NonClass: 5764K(5824K)->5764K(5824K) Class: 533K(640K)->533K(640K)
[0.796s][info][gc             ] GC(35) Pause Young (Allocation Failure) 108M->108M(139M) 9.917ms
[0.796s][info][gc,cpu         ] GC(35) User=0.02s Sys=0.00s Real=0.01s
[0.805s][info][gc,start       ] GC(36) Pause Young (Allocation Failure)
[0.821s][info][gc,heap        ] GC(36) PSYoungGen: 29600K(30208K)->23552K(29184K) Eden: 9728K(9728K)->0K(5632K) From: 19872K(20480K)->23552K(23552K)
[0.821s][info][gc,heap        ] GC(36) ParOldGen: 91176K(112128K)->97256K(112128K)
[0.821s][info][gc,metaspace   ] GC(36) Metaspace: 6298K(6464K)->6298K(6464K) NonClass: 5764K(5824K)->5764K(5824K) Class: 533K(640K)->533K(640K)
[0.821s][info][gc             ] GC(36) Pause Young (Allocation Failure) 117M->117M(138M) 16.102ms
[0.821s][info][gc,cpu         ] GC(36) User=0.02s Sys=0.00s Real=0.02s
[0.826s][info][gc,start       ] GC(37) Pause Young (Allocation Failure)
[0.840s][info][gc,heap        ] GC(37) PSYoungGen: 29184K(29184K)->19808K(34816K) Eden: 5632K(5632K)->0K(5632K) From: 23552K(23552K)->19808K(29184K)
[0.840s][info][gc,heap        ] GC(37) ParOldGen: 97256K(112128K)->106792K(112128K)
[0.840s][info][gc,metaspace   ] GC(37) Metaspace: 6298K(6464K)->6298K(6464K) NonClass: 5764K(5824K)->5764K(5824K) Class: 533K(640K)->533K(640K)
[0.840s][info][gc             ] GC(37) Pause Young (Allocation Failure) 123M->123M(143M) 13.684ms
[0.840s][info][gc,cpu         ] GC(37) User=0.02s Sys=0.00s Real=0.01s
[0.840s][info][gc,start       ] GC(38) Pause Full (Ergonomics)
[0.840s][info][gc,phases,start] GC(38) Marking Phase
[0.872s][info][gc,phases      ] GC(38) Marking Phase 32.266ms
[0.872s][info][gc,phases,start] GC(38) Summary Phase
[0.872s][info][gc,phases      ] GC(38) Summary Phase 0.021ms
[0.872s][info][gc,phases,start] GC(38) Adjust Roots
[0.872s][info][gc,phases      ] GC(38) Adjust Roots 0.161ms
[0.872s][info][gc,phases,start] GC(38) Compaction Phase
[0.891s][info][gc,phases      ] GC(38) Compaction Phase 19.004ms
[0.891s][info][gc,phases,start] GC(38) Post Compact
[0.892s][info][gc,phases      ] GC(38) Post Compact 0.597ms
[0.892s][info][gc,heap        ] GC(38) PSYoungGen: 19808K(34816K)->14104K(34816K) Eden: 0K(5632K)->0K(5632K) From: 19808K(29184K)->14104K(29184K)
[0.892s][info][gc,heap        ] GC(38) ParOldGen: 106792K(112128K)->112125K(137728K)
[0.892s][info][gc,metaspace   ] GC(38) Metaspace: 6298K(6464K)->6298K(6464K) NonClass: 5764K(5824K)->5764K(5824K) Class: 533K(640K)->533K(640K)
[0.892s][info][gc             ] GC(38) Pause Full (Ergonomics) 123M->123M(168M) 52.511ms
[0.892s][info][gc,cpu         ] GC(38) User=0.12s Sys=0.00s Real=0.05s
[0.898s][info][gc,start       ] GC(39) Pause Young (Allocation Failure)
[0.914s][info][gc,heap        ] GC(39) PSYoungGen: 19736K(34816K)->10048K(35328K) Eden: 5632K(5632K)->0K(7168K) From: 14104K(29184K)->10048K(28160K)
[0.914s][info][gc,heap        ] GC(39) ParOldGen: 112125K(137728K)->122053K(137728K)
[0.914s][info][gc,metaspace   ] GC(39) Metaspace: 6298K(6464K)->6298K(6464K) NonClass: 5764K(5824K)->5764K(5824K) Class: 533K(640K)->533K(640K)
[0.914s][info][gc             ] GC(39) Pause Young (Allocation Failure) 128M->129M(169M) 16.850ms
[0.914s][info][gc,cpu         ] GC(39) User=0.02s Sys=0.00s Real=0.02s
[0.921s][info][gc,start       ] GC(40) Pause Young (Allocation Failure)
[0.930s][info][gc,heap        ] GC(40) PSYoungGen: 17216K(35328K)->12832K(36352K) Eden: 7168K(7168K)->0K(7168K) From: 10048K(28160K)->12832K(29184K)
[0.930s][info][gc,heap        ] GC(40) ParOldGen: 122053K(137728K)->126477K(137728K)
[0.930s][info][gc,metaspace   ] GC(40) Metaspace: 6298K(6464K)->6298K(6464K) NonClass: 5764K(5824K)->5764K(5824K) Class: 533K(640K)->533K(640K)
[0.930s][info][gc             ] GC(40) Pause Young (Allocation Failure) 136M->136M(170M) 8.503ms
[0.930s][info][gc,cpu         ] GC(40) User=0.00s Sys=0.00s Real=0.01s
[0.930s][info][gc,start       ] GC(41) Pause Full (Ergonomics)
[0.930s][info][gc,phases,start] GC(41) Marking Phase
[0.967s][info][gc,phases      ] GC(41) Marking Phase 36.522ms
[0.967s][info][gc,phases,start] GC(41) Summary Phase
[0.967s][info][gc,phases      ] GC(41) Summary Phase 0.022ms
[0.967s][info][gc,phases,start] GC(41) Adjust Roots
[0.967s][info][gc,phases      ] GC(41) Adjust Roots 0.148ms
[0.967s][info][gc,phases,start] GC(41) Compaction Phase
[0.985s][info][gc,phases      ] GC(41) Compaction Phase 17.921ms
[0.985s][info][gc,phases,start] GC(41) Post Compact
[0.986s][info][gc,phases      ] GC(41) Post Compact 0.753ms
[0.986s][info][gc,heap        ] GC(41) PSYoungGen: 12832K(36352K)->1494K(36352K) Eden: 0K(7168K)->0K(7168K) From: 12832K(29184K)->1494K(29184K)
[0.986s][info][gc,heap        ] GC(41) ParOldGen: 126477K(137728K)->137471K(165888K)
[0.986s][info][gc,metaspace   ] GC(41) Metaspace: 6298K(6464K)->6298K(6464K) NonClass: 5764K(5824K)->5764K(5824K) Class: 533K(640K)->533K(640K)
[0.986s][info][gc             ] GC(41) Pause Full (Ergonomics) 136M->135M(197M) 55.872ms
[0.986s][info][gc,cpu         ] GC(41) User=0.22s Sys=0.03s Real=0.06s
[0.993s][info][gc,start       ] GC(42) Pause Young (Allocation Failure)
[1.007s][info][gc,heap        ] GC(42) PSYoungGen: 8662K(36352K)->8480K(34304K) Eden: 7168K(7168K)->0K(8704K) From: 1494K(29184K)->8480K(25600K)
[1.007s][info][gc,heap        ] GC(42) ParOldGen: 137471K(165888K)->137735K(165888K)
[1.007s][info][gc,metaspace   ] GC(42) Metaspace: 6298K(6464K)->6298K(6464K) NonClass: 5764K(5824K)->5764K(5824K) Class: 533K(640K)->533K(640K)
[1.007s][info][gc             ] GC(42) Pause Young (Allocation Failure) 142M->142M(195M) 14.514ms
[1.007s][info][gc,cpu         ] GC(42) User=0.02s Sys=0.00s Real=0.01s
[1.016s][info][gc,start       ] GC(43) Pause Young (Allocation Failure)
[1.025s][info][gc,heap        ] GC(43) PSYoungGen: 17184K(34304K)->17184K(35328K) Eden: 8704K(8704K)->0K(8704K) From: 8480K(25600K)->17184K(26624K)
[1.025s][info][gc,heap        ] GC(43) ParOldGen: 137735K(165888K)->137735K(165888K)
[1.025s][info][gc,metaspace   ] GC(43) Metaspace: 6298K(6464K)->6298K(6464K) NonClass: 5764K(5824K)->5764K(5824K) Class: 533K(640K)->533K(640K)
[1.025s][info][gc             ] GC(43) Pause Young (Allocation Failure) 151M->151M(196M) 8.655ms
[1.025s][info][gc,cpu         ] GC(43) User=0.00s Sys=0.00s Real=0.01s
[1.033s][info][gc,start       ] GC(44) Pause Young (Allocation Failure)
[1.046s][info][gc,heap        ] GC(44) PSYoungGen: 25888K(35328K)->25856K(33792K) Eden: 8704K(8704K)->0K(6656K) From: 17184K(26624K)->25856K(27136K)
[1.046s][info][gc,heap        ] GC(44) ParOldGen: 137735K(165888K)->137735K(165888K)
[1.046s][info][gc,metaspace   ] GC(44) Metaspace: 6298K(6464K)->6298K(6464K) NonClass: 5764K(5824K)->5764K(5824K) Class: 533K(640K)->533K(640K)
[1.046s][info][gc             ] GC(44) Pause Young (Allocation Failure) 159M->159M(195M) 13.072ms
[1.046s][info][gc,cpu         ] GC(44) User=0.00s Sys=0.00s Real=0.01s
[1.052s][info][gc,start       ] GC(45) Pause Young (Allocation Failure)
[1.067s][info][gc,heap        ] GC(45) PSYoungGen: 32512K(33792K)->30720K(37376K) Eden: 6656K(6656K)->0K(6656K) From: 25856K(27136K)->30720K(30720K)
[1.067s][info][gc,heap        ] GC(45) ParOldGen: 137735K(165888K)->139511K(165888K)
[1.067s][info][gc,metaspace   ] GC(45) Metaspace: 6298K(6464K)->6298K(6464K) NonClass: 5764K(5824K)->5764K(5824K) Class: 533K(640K)->533K(640K)
[1.067s][info][gc             ] GC(45) Pause Young (Allocation Failure) 166M->166M(198M) 14.513ms
[1.067s][info][gc,cpu         ] GC(45) User=0.02s Sys=0.00s Real=0.01s
[1.074s][info][gc,start       ] GC(46) Pause Young (Allocation Failure)
[1.091s][info][gc,heap        ] GC(46) PSYoungGen: 37376K(37376K)->21664K(44032K) Eden: 6656K(6656K)->0K(8192K) From: 30720K(30720K)->21664K(35840K)
[1.091s][info][gc,heap        ] GC(46) ParOldGen: 139511K(165888K)->155439K(165888K)
[1.091s][info][gc,metaspace   ] GC(46) Metaspace: 6298K(6464K)->6298K(6464K) NonClass: 5764K(5824K)->5764K(5824K) Class: 533K(640K)->533K(640K)
[1.091s][info][gc             ] GC(46) Pause Young (Allocation Failure) 172M->172M(205M) 17.442ms
[1.092s][info][gc,cpu         ] GC(46) User=0.03s Sys=0.02s Real=0.02s
[1.092s][info][gc,start       ] GC(47) Pause Full (Ergonomics)
[1.092s][info][gc,phases,start] GC(47) Marking Phase
[1.135s][info][gc,phases      ] GC(47) Marking Phase 43.258ms
[1.135s][info][gc,phases,start] GC(47) Summary Phase
[1.135s][info][gc,phases      ] GC(47) Summary Phase 0.026ms
[1.135s][info][gc,phases,start] GC(47) Adjust Roots
[1.135s][info][gc,phases      ] GC(47) Adjust Roots 0.139ms
[1.135s][info][gc,phases,start] GC(47) Compaction Phase
[1.158s][info][gc,phases      ] GC(47) Compaction Phase 22.901ms
[1.158s][info][gc,phases,start] GC(47) Post Compact
[1.159s][info][gc,phases      ] GC(47) Post Compact 0.885ms
[1.159s][info][gc,heap        ] GC(47) PSYoungGen: 21664K(44032K)->10845K(44032K) Eden: 0K(8192K)->0K(8192K) From: 21664K(35840K)->10845K(35840K)
[1.159s][info][gc,heap        ] GC(47) ParOldGen: 155439K(165888K)->165848K(199168K)
[1.159s][info][gc,metaspace   ] GC(47) Metaspace: 6298K(6464K)->6298K(6464K) NonClass: 5764K(5824K)->5764K(5824K) Class: 533K(640K)->533K(640K)
[1.159s][info][gc             ] GC(47) Pause Full (Ergonomics) 172M->172M(237M) 67.681ms
[1.159s][info][gc,cpu         ] GC(47) User=0.22s Sys=0.00s Real=0.07s
[1.200s][info][gc,start       ] GC(48) Pause Young (Allocation Failure)
[1.217s][info][gc,heap        ] GC(48) PSYoungGen: 19037K(44032K)->11936K(44032K) Eden: 8192K(8192K)->0K(8192K) From: 10845K(35840K)->11936K(35840K)
[1.217s][info][gc,heap        ] GC(48) ParOldGen: 174040K(199168K)->181344K(199168K)
[1.217s][info][gc,metaspace   ] GC(48) Metaspace: 6298K(6464K)->6298K(6464K) NonClass: 5764K(5824K)->5764K(5824K) Class: 533K(640K)->533K(640K)
[1.217s][info][gc             ] GC(48) Pause Young (Allocation Failure) 188M->188M(237M) 17.013ms
[1.217s][info][gc,cpu         ] GC(48) User=0.08s Sys=0.00s Real=0.02s
[1.224s][info][gc,start       ] GC(49) Pause Young (Allocation Failure)
[1.234s][info][gc,heap        ] GC(49) PSYoungGen: 20128K(44032K)->16416K(41472K) Eden: 8192K(8192K)->0K(9728K) From: 11936K(35840K)->16416K(31744K)
[1.234s][info][gc,heap        ] GC(49) ParOldGen: 181344K(199168K)->185080K(199168K)
[1.234s][info][gc,metaspace   ] GC(49) Metaspace: 6298K(6464K)->6298K(6464K) NonClass: 5764K(5824K)->5764K(5824K) Class: 533K(640K)->533K(640K)
[1.234s][info][gc             ] GC(49) Pause Young (Allocation Failure) 196M->196M(235M) 9.714ms
[1.234s][info][gc,cpu         ] GC(49) User=0.02s Sys=0.00s Real=0.01s
[1.243s][info][gc,start       ] GC(50) Pause Young (Allocation Failure)
[1.256s][info][gc,heap        ] GC(50) PSYoungGen: 26144K(41472K)->17984K(43008K) Eden: 9728K(9728K)->0K(9728K) From: 16416K(31744K)->17984K(33280K)
[1.256s][info][gc,heap        ] GC(50) ParOldGen: 185080K(199168K)->193376K(199168K)
[1.256s][info][gc,metaspace   ] GC(50) Metaspace: 6298K(6464K)->6298K(6464K) NonClass: 5764K(5824K)->5764K(5824K) Class: 533K(640K)->533K(640K)
[1.256s][info][gc             ] GC(50) Pause Young (Allocation Failure) 206M->206M(236M) 13.134ms
[1.256s][info][gc,cpu         ] GC(50) User=0.00s Sys=0.00s Real=0.01s
[1.256s][info][gc,start       ] GC(51) Pause Full (Ergonomics)
[1.256s][info][gc,phases,start] GC(51) Marking Phase
[1.309s][info][gc,phases      ] GC(51) Marking Phase 52.434ms
[1.309s][info][gc,phases,start] GC(51) Summary Phase
[1.309s][info][gc,phases      ] GC(51) Summary Phase 0.019ms
[1.309s][info][gc,phases,start] GC(51) Adjust Roots
[1.309s][info][gc,phases      ] GC(51) Adjust Roots 0.156ms
[1.309s][info][gc,phases,start] GC(51) Compaction Phase
[1.348s][info][gc,phases      ] GC(51) Compaction Phase 38.852ms
[1.348s][info][gc,phases,start] GC(51) Post Compact
[1.349s][info][gc,phases      ] GC(51) Post Compact 0.872ms
[1.349s][info][gc,heap        ] GC(51) PSYoungGen: 17984K(43008K)->8155K(43008K) Eden: 0K(9728K)->0K(9728K) From: 17984K(33280K)->8155K(33280K)
[1.349s][info][gc,heap        ] GC(51) ParOldGen: 193376K(199168K)->198659K(233472K)
[1.349s][info][gc,metaspace   ] GC(51) Metaspace: 6298K(6464K)->6298K(6464K) NonClass: 5764K(5824K)->5764K(5824K) Class: 533K(640K)->533K(640K)
[1.349s][info][gc             ] GC(51) Pause Full (Ergonomics) 206M->201M(270M) 92.795ms
[1.349s][info][gc,cpu         ] GC(51) User=0.27s Sys=0.00s Real=0.09s
[1.360s][info][gc,start       ] GC(52) Pause Young (Allocation Failure)
[1.379s][info][gc,heap        ] GC(52) PSYoungGen: 17883K(43008K)->9824K(42496K) Eden: 9728K(9728K)->0K(11264K) From: 8155K(33280K)->9824K(31232K)
[1.379s][info][gc,heap        ] GC(52) ParOldGen: 198659K(233472K)->206955K(233472K)
[1.379s][info][gc,metaspace   ] GC(52) Metaspace: 6298K(6464K)->6298K(6464K) NonClass: 5764K(5824K)->5764K(5824K) Class: 533K(640K)->533K(640K)
[1.379s][info][gc             ] GC(52) Pause Young (Allocation Failure) 211M->211M(269M) 18.689ms
[1.379s][info][gc,cpu         ] GC(52) User=0.06s Sys=0.02s Real=0.02s
[1.390s][info][gc,start       ] GC(53) Pause Young (Allocation Failure)
[1.402s][info][gc,heap        ] GC(53) PSYoungGen: 21088K(42496K)->21056K(43008K) Eden: 11264K(11264K)->0K(11264K) From: 9824K(31232K)->21056K(31744K)
[1.402s][info][gc,heap        ] GC(53) ParOldGen: 206955K(233472K)->206955K(233472K)
[1.402s][info][gc,metaspace   ] GC(53) Metaspace: 6298K(6464K)->6298K(6464K) NonClass: 5764K(5824K)->5764K(5824K) Class: 533K(640K)->533K(640K)
[1.402s][info][gc             ] GC(53) Pause Young (Allocation Failure) 222M->222M(270M) 11.570ms
[1.402s][info][gc,cpu         ] GC(53) User=0.00s Sys=0.00s Real=0.01s
[1.414s][info][gc,start       ] GC(54) Pause Young (Allocation Failure)
[1.430s][info][gc,heap        ] GC(54) PSYoungGen: 32320K(43008K)->22592K(44544K) Eden: 11264K(11264K)->0K(12288K) From: 21056K(31744K)->22592K(32256K)
[1.430s][info][gc,heap        ] GC(54) ParOldGen: 206955K(233472K)->216811K(233472K)
[1.430s][info][gc,metaspace   ] GC(54) Metaspace: 6298K(6464K)->6298K(6464K) NonClass: 5764K(5824K)->5764K(5824K) Class: 533K(640K)->533K(640K)
[1.430s][info][gc             ] GC(54) Pause Young (Allocation Failure) 233M->233M(271M) 16.068ms
[1.430s][info][gc,cpu         ] GC(54) User=0.02s Sys=0.00s Real=0.02s
[1.443s][info][gc,start       ] GC(55) Pause Young (Allocation Failure)
[1.460s][info][gc,heap        ] GC(55) PSYoungGen: 34880K(44544K)->23648K(45056K) Eden: 12288K(12288K)->0K(12288K) From: 22592K(32256K)->23648K(32768K)
[1.460s][info][gc,heap        ] GC(55) ParOldGen: 216811K(233472K)->228227K(233472K)
[1.460s][info][gc,metaspace   ] GC(55) Metaspace: 6298K(6464K)->6298K(6464K) NonClass: 5764K(5824K)->5764K(5824K) Class: 533K(640K)->533K(640K)
[1.460s][info][gc             ] GC(55) Pause Young (Allocation Failure) 245M->245M(272M) 17.083ms
[1.460s][info][gc,cpu         ] GC(55) User=0.03s Sys=0.00s Real=0.02s
[1.460s][info][gc,start       ] GC(56) Pause Full (Ergonomics)
[1.460s][info][gc,phases,start] GC(56) Marking Phase
[1.516s][info][gc,phases      ] GC(56) Marking Phase 55.276ms
[1.516s][info][gc,phases,start] GC(56) Summary Phase
[1.516s][info][gc,phases      ] GC(56) Summary Phase 0.018ms
[1.516s][info][gc,phases,start] GC(56) Adjust Roots
[1.516s][info][gc,phases      ] GC(56) Adjust Roots 0.145ms
[1.516s][info][gc,phases,start] GC(56) Compaction Phase
[1.548s][info][gc,phases      ] GC(56) Compaction Phase 31.678ms
[1.548s][info][gc,phases,start] GC(56) Post Compact
[1.549s][info][gc,phases      ] GC(56) Post Compact 1.274ms
[1.549s][info][gc,heap        ] GC(56) PSYoungGen: 23648K(45056K)->17867K(45056K) Eden: 0K(12288K)->0K(12288K) From: 23648K(32768K)->17867K(32768K)
[1.549s][info][gc,heap        ] GC(56) ParOldGen: 228227K(233472K)->233369K(272384K)
[1.549s][info][gc,metaspace   ] GC(56) Metaspace: 6298K(6464K)->6298K(6464K) NonClass: 5764K(5824K)->5764K(5824K) Class: 533K(640K)->533K(640K)
[1.549s][info][gc             ] GC(56) Pause Full (Ergonomics) 245M->245M(310M) 88.872ms
[1.549s][info][gc,cpu         ] GC(56) User=0.36s Sys=0.02s Real=0.09s
[1.563s][info][gc,start       ] GC(57) Pause Young (Allocation Failure)
[1.588s][info][gc,heap        ] GC(57) PSYoungGen: 30155K(45056K)->21856K(47104K) Eden: 12288K(12288K)->0K(13824K) From: 17867K(32768K)->21856K(33280K)
[1.588s][info][gc,heap        ] GC(57) ParOldGen: 233369K(272384K)->241961K(272384K)
[1.588s][info][gc,metaspace   ] GC(57) Metaspace: 6298K(6464K)->6298K(6464K) NonClass: 5764K(5824K)->5764K(5824K) Class: 533K(640K)->533K(640K)
[1.588s][info][gc             ] GC(57) Pause Young (Allocation Failure) 257M->257M(312M) 25.145ms
[1.588s][info][gc,cpu         ] GC(57) User=0.09s Sys=0.00s Real=0.02s
[1.605s][info][gc,start       ] GC(58) Pause Young (Allocation Failure)
[1.623s][info][gc,heap        ] GC(58) PSYoungGen: 35680K(47104K)->26240K(47616K) Eden: 13824K(13824K)->0K(13824K) From: 21856K(33280K)->26240K(33792K)
[1.623s][info][gc,heap        ] GC(58) ParOldGen: 241961K(272384K)->251537K(272384K)
[1.623s][info][gc,metaspace   ] GC(58) Metaspace: 6298K(6464K)->6298K(6464K) NonClass: 5764K(5824K)->5764K(5824K) Class: 533K(640K)->533K(640K)
[1.623s][info][gc             ] GC(58) Pause Young (Allocation Failure) 271M->271M(312M) 18.038ms
[1.623s][info][gc,cpu         ] GC(58) User=0.08s Sys=0.00s Real=0.02s
[1.640s][info][gc,start       ] GC(59) Pause Young (Allocation Failure)
[1.660s][info][gc,heap        ] GC(59) PSYoungGen: 40064K(47616K)->27776K(49152K) Eden: 13824K(13824K)->0K(13824K) From: 26240K(33792K)->27776K(35328K)
[1.660s][info][gc,heap        ] GC(59) ParOldGen: 251537K(272384K)->264001K(272384K)
[1.660s][info][gc,metaspace   ] GC(59) Metaspace: 6298K(6464K)->6298K(6464K) NonClass: 5764K(5824K)->5764K(5824K) Class: 533K(640K)->533K(640K)
[1.660s][info][gc             ] GC(59) Pause Young (Allocation Failure) 284M->284M(314M) 20.148ms
[1.660s][info][gc,cpu         ] GC(59) User=0.06s Sys=0.03s Real=0.02s
[1.660s][info][gc,start       ] GC(60) Pause Full (Ergonomics)
[1.660s][info][gc,phases,start] GC(60) Marking Phase
[1.730s][info][gc,phases      ] GC(60) Marking Phase 69.740ms
[1.730s][info][gc,phases,start] GC(60) Summary Phase
[1.730s][info][gc,phases      ] GC(60) Summary Phase 0.018ms
[1.730s][info][gc,phases,start] GC(60) Adjust Roots
[1.730s][info][gc,phases      ] GC(60) Adjust Roots 0.143ms
[1.730s][info][gc,phases,start] GC(60) Compaction Phase
[1.760s][info][gc,phases      ] GC(60) Compaction Phase 30.140ms
[1.760s][info][gc,phases,start] GC(60) Post Compact
[1.761s][info][gc,phases      ] GC(60) Post Compact 1.300ms
[1.762s][info][gc,heap        ] GC(60) PSYoungGen: 27776K(49152K)->18896K(49152K) Eden: 0K(13824K)->0K(13824K) From: 27776K(35328K)->18896K(35328K)
[1.762s][info][gc,heap        ] GC(60) ParOldGen: 264001K(272384K)->272177K(315392K)
[1.762s][info][gc,metaspace   ] GC(60) Metaspace: 6298K(6464K)->6298K(6464K) NonClass: 5764K(5824K)->5764K(5824K) Class: 533K(640K)->533K(640K)
[1.762s][info][gc             ] GC(60) Pause Full (Ergonomics) 284M->284M(356M) 101.817ms
[1.762s][info][gc,cpu         ] GC(60) User=0.50s Sys=0.02s Real=0.10s
[1.777s][info][gc,start       ] GC(61) Pause Young (Allocation Failure)
[1.802s][info][gc,heap        ] GC(61) PSYoungGen: 32720K(49152K)->23296K(50688K) Eden: 13824K(13824K)->0K(13824K) From: 18896K(35328K)->23296K(36864K)
[1.802s][info][gc,heap        ] GC(61) ParOldGen: 272177K(315392K)->281913K(315392K)
[1.802s][info][gc,metaspace   ] GC(61) Metaspace: 6298K(6464K)->6298K(6464K) NonClass: 5764K(5824K)->5764K(5824K) Class: 533K(640K)->533K(640K)
[1.802s][info][gc             ] GC(61) Pause Young (Allocation Failure) 297M->298M(357M) 25.575ms
[1.802s][info][gc,cpu         ] GC(61) User=0.12s Sys=0.02s Real=0.03s
[1.818s][info][gc,start       ] GC(62) Pause Young (Allocation Failure)
[1.837s][info][gc,heap        ] GC(62) PSYoungGen: 37120K(50688K)->36864K(47616K) Eden: 13824K(13824K)->0K(10752K) From: 23296K(36864K)->36864K(36864K)
[1.837s][info][gc,heap        ] GC(62) ParOldGen: 281913K(315392K)->282177K(315392K)
[1.837s][info][gc,metaspace   ] GC(62) Metaspace: 6298K(6464K)->6298K(6464K) NonClass: 5764K(5824K)->5764K(5824K) Class: 533K(640K)->533K(640K)
[1.837s][info][gc             ] GC(62) Pause Young (Allocation Failure) 311M->311M(354M) 18.678ms
[1.837s][info][gc,cpu         ] GC(62) User=0.11s Sys=0.02s Real=0.02s
[1.849s][info][gc,start       ] GC(63) Pause Young (Allocation Failure)
[1.872s][info][gc,heap        ] GC(63) PSYoungGen: 47616K(47616K)->24608K(52224K) Eden: 10752K(10752K)->0K(10752K) From: 36864K(36864K)->24608K(41472K)
[1.872s][info][gc,heap        ] GC(63) ParOldGen: 282177K(315392K)->305505K(315392K)
[1.872s][info][gc,metaspace   ] GC(63) Metaspace: 6298K(6464K)->6298K(6464K) NonClass: 5764K(5824K)->5764K(5824K) Class: 533K(640K)->533K(640K)
[1.872s][info][gc             ] GC(63) Pause Young (Allocation Failure) 322M->322M(359M) 22.745ms
[1.872s][info][gc,cpu         ] GC(63) User=0.09s Sys=0.00s Real=0.02s
[1.872s][info][gc,start       ] GC(64) Pause Full (Ergonomics)
[1.872s][info][gc,phases,start] GC(64) Marking Phase
[1.947s][info][gc,phases      ] GC(64) Marking Phase 75.225ms
[1.947s][info][gc,phases,start] GC(64) Summary Phase
[1.947s][info][gc,phases      ] GC(64) Summary Phase 0.026ms
[1.947s][info][gc,phases,start] GC(64) Adjust Roots
[1.947s][info][gc,phases      ] GC(64) Adjust Roots 0.148ms
[1.947s][info][gc,phases,start] GC(64) Compaction Phase
[1.979s][info][gc,phases      ] GC(64) Compaction Phase 32.156ms
[1.980s][info][gc,phases,start] GC(64) Post Compact
[1.981s][info][gc,phases      ] GC(64) Post Compact 1.472ms
[1.981s][info][gc,heap        ] GC(64) PSYoungGen: 24608K(52224K)->14181K(52224K) Eden: 0K(10752K)->0K(10752K) From: 24608K(41472K)->14181K(41472K)
[1.981s][info][gc,heap        ] GC(64) ParOldGen: 305505K(315392K)->315203K(366080K)
[1.981s][info][gc,metaspace   ] GC(64) Metaspace: 6298K(6464K)->6298K(6464K) NonClass: 5764K(5824K)->5764K(5824K) Class: 533K(640K)->533K(640K)
[1.981s][info][gc             ] GC(64) Pause Full (Ergonomics) 322M->321M(408M) 109.534ms
[1.981s][info][gc,cpu         ] GC(64) User=0.75s Sys=0.05s Real=0.11s
[1.994s][info][gc,start       ] GC(65) Pause Young (Allocation Failure)
[2.019s][info][gc,heap        ] GC(65) PSYoungGen: 24933K(52224K)->17632K(50688K) Eden: 10752K(10752K)->0K(12288K) From: 14181K(41472K)->17632K(38400K)
[2.019s][info][gc,heap        ] GC(65) ParOldGen: 315203K(366080K)->322795K(366080K)
[2.019s][info][gc,metaspace   ] GC(65) Metaspace: 6298K(6464K)->6298K(6464K) NonClass: 5764K(5824K)->5764K(5824K) Class: 533K(640K)->533K(640K)
[2.020s][info][gc             ] GC(65) Pause Young (Allocation Failure) 332M->332M(407M) 25.828ms
[2.020s][info][gc,cpu         ] GC(65) User=0.11s Sys=0.02s Real=0.03s
[2.033s][info][gc,start       ] GC(66) Pause Young (Allocation Failure)
[2.049s][info][gc,heap        ] GC(66) PSYoungGen: 29920K(50688K)->29888K(51712K) Eden: 12288K(12288K)->0K(12288K) From: 17632K(38400K)->29888K(39424K)
[2.049s][info][gc,heap        ] GC(66) ParOldGen: 322795K(366080K)->322795K(366080K)
[2.049s][info][gc,metaspace   ] GC(66) Metaspace: 6298K(6464K)->6298K(6464K) NonClass: 5764K(5824K)->5764K(5824K) Class: 533K(640K)->533K(640K)
[2.049s][info][gc             ] GC(66) Pause Young (Allocation Failure) 344M->344M(408M) 15.857ms
[2.049s][info][gc,cpu         ] GC(66) User=0.02s Sys=0.00s Real=0.02s
[2.136s][info][gc,start       ] GC(67) Pause Young (Allocation Failure)
[2.163s][info][gc,heap        ] GC(67) PSYoungGen: 42176K(51712K)->35424K(51712K) Eden: 12288K(12288K)->0K(10752K) From: 29888K(39424K)->35424K(40960K)
[2.163s][info][gc,heap        ] GC(67) ParOldGen: 339179K(366080K)->346011K(366080K)
[2.163s][info][gc,metaspace   ] GC(67) Metaspace: 6298K(6464K)->6298K(6464K) NonClass: 5764K(5824K)->5764K(5824K) Class: 533K(640K)->533K(640K)
[2.163s][info][gc             ] GC(67) Pause Young (Allocation Failure) 372M->372M(408M) 26.984ms
[2.163s][info][gc,cpu         ] GC(67) User=0.12s Sys=0.02s Real=0.03s
[2.173s][info][gc,start       ] GC(68) Pause Young (Allocation Failure)
[2.194s][info][gc,heap        ] GC(68) PSYoungGen: 46176K(51712K)->44032K(54784K) Eden: 10752K(10752K)->0K(10752K) From: 35424K(40960K)->44032K(44032K)
[2.194s][info][gc,heap        ] GC(68) ParOldGen: 346011K(366080K)->348083K(366080K)
[2.194s][info][gc,metaspace   ] GC(68) Metaspace: 6298K(6464K)->6298K(6464K) NonClass: 5764K(5824K)->5764K(5824K) Class: 533K(640K)->533K(640K)
[2.194s][info][gc             ] GC(68) Pause Young (Allocation Failure) 382M->382M(411M) 20.855ms
[2.194s][info][gc,cpu         ] GC(68) User=0.12s Sys=0.00s Real=0.02s
[2.194s][info][gc,start       ] GC(69) Pause Full (Ergonomics)
[2.194s][info][gc,phases,start] GC(69) Marking Phase
[2.275s][info][gc,phases      ] GC(69) Marking Phase 81.004ms
[2.275s][info][gc,phases,start] GC(69) Summary Phase
[2.275s][info][gc,phases      ] GC(69) Summary Phase 0.020ms
[2.275s][info][gc,phases,start] GC(69) Adjust Roots
[2.275s][info][gc,phases      ] GC(69) Adjust Roots 0.150ms
[2.275s][info][gc,phases,start] GC(69) Compaction Phase
[2.342s][info][gc,phases      ] GC(69) Compaction Phase 67.202ms
[2.342s][info][gc,phases,start] GC(69) Post Compact
[2.344s][info][gc,phases      ] GC(69) Post Compact 2.005ms
[2.345s][info][gc,heap        ] GC(69) PSYoungGen: 44032K(54784K)->17877K(54784K) Eden: 0K(10752K)->0K(10752K) From: 44032K(44032K)->17877K(44032K)
[2.345s][info][gc,heap        ] GC(69) ParOldGen: 348083K(366080K)->365663K(415744K)
[2.345s][info][gc,metaspace   ] GC(69) Metaspace: 6298K(6464K)->6298K(6464K) NonClass: 5764K(5824K)->5764K(5824K) Class: 533K(640K)->533K(640K)
[2.345s][info][gc             ] GC(69) Pause Full (Ergonomics) 382M->374M(459M) 150.923ms
[2.345s][info][gc,cpu         ] GC(69) User=0.89s Sys=0.03s Real=0.15s
[2.358s][info][gc,start       ] GC(70) Pause Young (Allocation Failure)
[2.387s][info][gc,heap        ] GC(70) PSYoungGen: 28629K(54784K)->20288K(59392K) Eden: 10752K(10752K)->0K(12288K) From: 17877K(44032K)->20288K(47104K)
[2.387s][info][gc,heap        ] GC(70) ParOldGen: 365663K(415744K)->374263K(415744K)
[2.387s][info][gc,metaspace   ] GC(70) Metaspace: 6298K(6464K)->6298K(6464K) NonClass: 5764K(5824K)->5764K(5824K) Class: 533K(640K)->533K(640K)
[2.387s][info][gc             ] GC(70) Pause Young (Allocation Failure) 385M->385M(464M) 28.932ms
[2.387s][info][gc,cpu         ] GC(70) User=0.14s Sys=0.00s Real=0.03s
[2.399s][info][gc,start       ] GC(71) Pause Young (Allocation Failure)
[2.415s][info][gc,heap        ] GC(71) PSYoungGen: 32576K(59392K)->32576K(60928K) Eden: 12288K(12288K)->0K(12288K) From: 20288K(47104K)->32576K(48640K)
[2.415s][info][gc,heap        ] GC(71) ParOldGen: 374263K(415744K)->374263K(415744K)
[2.415s][info][gc,metaspace   ] GC(71) Metaspace: 6298K(6464K)->6298K(6464K) NonClass: 5764K(5824K)->5764K(5824K) Class: 533K(640K)->533K(640K)
[2.415s][info][gc             ] GC(71) Pause Young (Allocation Failure) 397M->397M(465M) 16.040ms
[2.416s][info][gc,cpu         ] GC(71) User=0.00s Sys=0.00s Real=0.02s
[2.429s][info][gc,start       ] GC(72) Pause Young (Allocation Failure)
[2.450s][info][gc,heap        ] GC(72) PSYoungGen: 44864K(60928K)->41408K(59904K) Eden: 12288K(12288K)->0K(10752K) From: 32576K(48640K)->41408K(49152K)
[2.450s][info][gc,heap        ] GC(72) ParOldGen: 374263K(415744K)->377791K(415744K)
[2.450s][info][gc,metaspace   ] GC(72) Metaspace: 6298K(6464K)->6298K(6464K) NonClass: 5764K(5824K)->5764K(5824K) Class: 533K(640K)->533K(640K)
[2.450s][info][gc             ] GC(72) Pause Young (Allocation Failure) 409M->409M(464M) 21.276ms
[2.450s][info][gc,cpu         ] GC(72) User=0.09s Sys=0.03s Real=0.02s
[2.461s][info][gc,start       ] GC(73) Pause Young (Allocation Failure)
[2.484s][info][gc,heap        ] GC(73) PSYoungGen: 52160K(59904K)->46176K(62976K) Eden: 10752K(10752K)->0K(10752K) From: 41408K(49152K)->46176K(52224K)
[2.484s][info][gc,heap        ] GC(73) ParOldGen: 377791K(415744K)->383847K(415744K)
[2.484s][info][gc,metaspace   ] GC(73) Metaspace: 6298K(6464K)->6298K(6464K) NonClass: 5764K(5824K)->5764K(5824K) Class: 533K(640K)->533K(640K)
[2.484s][info][gc             ] GC(73) Pause Young (Allocation Failure) 419M->419M(467M) 23.707ms
[2.484s][info][gc,cpu         ] GC(73) User=0.14s Sys=0.00s Real=0.02s
[2.495s][info][gc,start       ] GC(74) Pause Young (Allocation Failure)
[2.521s][info][gc,heap        ] GC(74) PSYoungGen: 56928K(62976K)->33952K(67072K) Eden: 10752K(10752K)->0K(12288K) From: 46176K(52224K)->33952K(54784K)
[2.521s][info][gc,heap        ] GC(74) ParOldGen: 383847K(415744K)->407167K(415744K)
[2.521s][info][gc,metaspace   ] GC(74) Metaspace: 6298K(6464K)->6298K(6464K) NonClass: 5764K(5824K)->5764K(5824K) Class: 533K(640K)->533K(640K)
[2.521s][info][gc             ] GC(74) Pause Young (Allocation Failure) 430M->430M(471M) 26.044ms
[2.521s][info][gc,cpu         ] GC(74) User=0.14s Sys=0.00s Real=0.03s
[2.522s][info][gc,start       ] GC(75) Pause Full (Ergonomics)
[2.522s][info][gc,phases,start] GC(75) Marking Phase
[2.620s][info][gc,phases      ] GC(75) Marking Phase 98.825ms
[2.620s][info][gc,phases,start] GC(75) Summary Phase
[2.620s][info][gc,phases      ] GC(75) Summary Phase 0.020ms
[2.620s][info][gc,phases,start] GC(75) Adjust Roots
[2.621s][info][gc,phases      ] GC(75) Adjust Roots 0.155ms
[2.621s][info][gc,phases,start] GC(75) Compaction Phase
[2.671s][info][gc,phases      ] GC(75) Compaction Phase 50.278ms
[2.671s][info][gc,phases,start] GC(75) Post Compact
[2.673s][info][gc,phases      ] GC(75) Post Compact 2.040ms
[2.673s][info][gc,heap        ] GC(75) PSYoungGen: 33952K(67072K)->24506K(68096K) Eden: 0K(12288K)->0K(13312K) From: 33952K(54784K)->24506K(54784K)
[2.673s][info][gc,heap        ] GC(75) ParOldGen: 407167K(415744K)->415718K(471040K)
[2.673s][info][gc,metaspace   ] GC(75) Metaspace: 6298K(6464K)->6298K(6464K) NonClass: 5764K(5824K)->5764K(5824K) Class: 533K(640K)->533K(640K)
[2.673s][info][gc             ] GC(75) Pause Full (Ergonomics) 430M->429M(526M) 151.849ms
[2.673s][info][gc,cpu         ] GC(75) User=1.03s Sys=0.00s Real=0.15s
[2.689s][info][gc,start       ] GC(76) Pause Young (Allocation Failure)
[2.723s][info][gc,heap        ] GC(76) PSYoungGen: 37818K(68096K)->21600K(69120K) Eden: 13312K(13312K)->0K(13312K) From: 24506K(54784K)->21600K(55808K)
[2.723s][info][gc,heap        ] GC(76) ParOldGen: 415718K(471040K)->432326K(471040K)
[2.723s][info][gc,metaspace   ] GC(76) Metaspace: 6298K(6464K)->6298K(6464K) NonClass: 5764K(5824K)->5764K(5824K) Class: 533K(640K)->533K(640K)
[2.723s][info][gc             ] GC(76) Pause Young (Allocation Failure) 442M->443M(527M) 33.657ms
[2.723s][info][gc,cpu         ] GC(76) User=0.16s Sys=0.00s Real=0.03s
[2.737s][info][gc,start       ] GC(77) Pause Young (Allocation Failure)
[2.755s][info][gc,heap        ] GC(77) PSYoungGen: 34912K(69120K)->26688K(66048K) Eden: 13312K(13312K)->0K(15360K) From: 21600K(55808K)->26688K(50688K)
[2.755s][info][gc,heap        ] GC(77) ParOldGen: 432326K(471040K)->440598K(471040K)
[2.755s][info][gc,metaspace   ] GC(77) Metaspace: 6298K(6464K)->6298K(6464K) NonClass: 5764K(5824K)->5764K(5824K) Class: 533K(640K)->533K(640K)
[2.755s][info][gc             ] GC(77) Pause Young (Allocation Failure) 456M->456M(524M) 17.853ms
[2.755s][info][gc,cpu         ] GC(77) User=0.11s Sys=0.02s Real=0.02s
[2.772s][info][gc,start       ] GC(78) Pause Young (Allocation Failure)
[2.792s][info][gc,heap        ] GC(78) PSYoungGen: 42048K(66048K)->28832K(44544K) Eden: 15360K(15360K)->0K(15360K) From: 26688K(50688K)->28832K(29184K)
[2.792s][info][gc,heap        ] GC(78) ParOldGen: 440598K(471040K)->454078K(471040K)
[2.792s][info][gc,metaspace   ] GC(78) Metaspace: 6298K(6464K)->6298K(6464K) NonClass: 5764K(5824K)->5764K(5824K) Class: 533K(640K)->533K(640K)
[2.792s][info][gc             ] GC(78) Pause Young (Allocation Failure) 471M->471M(503M) 20.814ms
[2.792s][info][gc,cpu         ] GC(78) User=0.12s Sys=0.00s Real=0.02s
[2.792s][info][gc,start       ] GC(79) Pause Full (Ergonomics)
[2.792s][info][gc,phases,start] GC(79) Marking Phase
[2.897s][info][gc,phases      ] GC(79) Marking Phase 104.795ms
[2.897s][info][gc,phases,start] GC(79) Summary Phase
[2.897s][info][gc,phases      ] GC(79) Summary Phase 0.020ms
[2.897s][info][gc,phases,start] GC(79) Adjust Roots
[2.898s][info][gc,phases      ] GC(79) Adjust Roots 0.154ms
[2.898s][info][gc,phases,start] GC(79) Compaction Phase
[2.947s][info][gc,phases      ] GC(79) Compaction Phase 49.327ms
[2.947s][info][gc,phases,start] GC(79) Post Compact
[2.949s][info][gc,phases      ] GC(79) Post Compact 2.333ms
[2.950s][info][gc,heap        ] GC(79) PSYoungGen: 28832K(44544K)->11238K(44544K) Eden: 0K(15360K)->0K(15360K) From: 28832K(29184K)->11238K(29184K)
[2.950s][info][gc,heap        ] GC(79) ParOldGen: 454078K(471040K)->470878K(530944K)
[2.950s][info][gc,metaspace   ] GC(79) Metaspace: 6298K(6464K)->6298K(6464K) NonClass: 5764K(5824K)->5764K(5824K) Class: 533K(640K)->533K(640K)
[2.950s][info][gc             ] GC(79) Pause Full (Ergonomics) 471M->470M(562M) 157.234ms
[2.950s][info][gc,cpu         ] GC(79) User=1.00s Sys=0.02s Real=0.16s
[2.968s][info][gc,start       ] GC(80) Pause Young (Allocation Failure)
[3.000s][info][gc,heap        ] GC(80) PSYoungGen: 26598K(44544K)->20992K(64512K) Eden: 15360K(15360K)->0K(16896K) From: 11238K(29184K)->20992K(47616K)
[3.000s][info][gc,heap        ] GC(80) ParOldGen: 470878K(530944K)->476718K(530944K)
[3.000s][info][gc,metaspace   ] GC(80) Metaspace: 6298K(6464K)->6298K(6464K) NonClass: 5764K(5824K)->5764K(5824K) Class: 533K(640K)->533K(640K)
[3.000s][info][gc             ] GC(80) Pause Young (Allocation Failure) 485M->486M(581M) 32.861ms
[3.000s][info][gc,cpu         ] GC(80) User=0.16s Sys=0.00s Real=0.03s
[3.019s][info][gc,start       ] GC(81) Pause Young (Allocation Failure)
[3.038s][info][gc,heap        ] GC(81) PSYoungGen: 37888K(64512K)->37888K(66048K) Eden: 16896K(16896K)->0K(16896K) From: 20992K(47616K)->37888K(49152K)
[3.038s][info][gc,heap        ] GC(81) ParOldGen: 476718K(530944K)->476718K(530944K)
[3.038s][info][gc,metaspace   ] GC(81) Metaspace: 6298K(6464K)->6298K(6464K) NonClass: 5764K(5824K)->5764K(5824K) Class: 533K(640K)->533K(640K)
[3.038s][info][gc             ] GC(81) Pause Young (Allocation Failure) 502M->502M(583M) 19.499ms
[3.038s][info][gc,cpu         ] GC(81) User=0.12s Sys=0.00s Real=0.02s
[3.055s][info][gc,start       ] GC(82) Pause Young (Allocation Failure)
[3.082s][info][gc,heap        ] GC(82) PSYoungGen: 54784K(66048K)->50688K(61952K) Eden: 16896K(16896K)->0K(11264K) From: 37888K(49152K)->50688K(50688K)
[3.082s][info][gc,heap        ] GC(82) ParOldGen: 476718K(530944K)->480782K(530944K)
[3.082s][info][gc,metaspace   ] GC(82) Metaspace: 6298K(6464K)->6298K(6464K) NonClass: 5764K(5824K)->5764K(5824K) Class: 533K(640K)->533K(640K)
[3.082s][info][gc             ] GC(82) Pause Young (Allocation Failure) 519M->519M(579M) 26.263ms
[3.082s][info][gc,cpu         ] GC(82) User=0.12s Sys=0.02s Real=0.03s
[3.094s][info][gc,start       ] GC(83) Pause Young (Allocation Failure)
[3.122s][info][gc,heap        ] GC(83) PSYoungGen: 61952K(61952K)->43136K(69632K) Eden: 11264K(11264K)->0K(11264K) From: 50688K(50688K)->43136K(58368K)
[3.122s][info][gc,heap        ] GC(83) ParOldGen: 480782K(530944K)->500006K(530944K)
[3.122s][info][gc,metaspace   ] GC(83) Metaspace: 6298K(6464K)->6298K(6464K) NonClass: 5764K(5824K)->5764K(5824K) Class: 533K(640K)->533K(640K)
[3.122s][info][gc             ] GC(83) Pause Young (Allocation Failure) 530M->530M(586M) 28.242ms
[3.122s][info][gc,cpu         ] GC(83) User=0.12s Sys=0.00s Real=0.03s
[3.135s][info][gc,start       ] GC(84) Pause Young (Allocation Failure)
[3.160s][info][gc,heap        ] GC(84) PSYoungGen: 54400K(69632K)->38176K(71680K) Eden: 11264K(11264K)->0K(12800K) From: 43136K(58368K)->38176K(58880K)
[3.160s][info][gc,heap        ] GC(84) ParOldGen: 500006K(530944K)->516374K(530944K)
[3.160s][info][gc,metaspace   ] GC(84) Metaspace: 6298K(6464K)->6298K(6464K) NonClass: 5764K(5824K)->5764K(5824K) Class: 533K(640K)->533K(640K)
[3.160s][info][gc             ] GC(84) Pause Young (Allocation Failure) 541M->541M(588M) 25.515ms
[3.160s][info][gc,cpu         ] GC(84) User=0.14s Sys=0.00s Real=0.03s
[3.160s][info][gc,start       ] GC(85) Pause Full (Ergonomics)
[3.160s][info][gc,phases,start] GC(85) Marking Phase
[3.280s][info][gc,phases      ] GC(85) Marking Phase 120.186ms
[3.280s][info][gc,phases,start] GC(85) Summary Phase
[3.281s][info][gc,phases      ] GC(85) Summary Phase 0.028ms
[3.281s][info][gc,phases,start] GC(85) Adjust Roots
[3.281s][info][gc,phases      ] GC(85) Adjust Roots 0.145ms
[3.281s][info][gc,phases,start] GC(85) Compaction Phase
[3.337s][info][gc,phases      ] GC(85) Compaction Phase 55.971ms
[3.337s][info][gc,phases,start] GC(85) Post Compact
[3.338s][info][gc,phases      ] GC(85) Post Compact 0.891ms
[3.338s][info][gc,heap        ] GC(85) PSYoungGen: 38176K(71680K)->23149K(72192K) Eden: 0K(12800K)->0K(13312K) From: 38176K(58880K)->23149K(58880K)
[3.338s][info][gc,heap        ] GC(85) ParOldGen: 516374K(530944K)->530480K(596992K)
[3.338s][info][gc,metaspace   ] GC(85) Metaspace: 6298K(6464K)->6298K(6464K) NonClass: 5764K(5824K)->5764K(5824K) Class: 533K(640K)->533K(640K)
[3.338s][info][gc             ] GC(85) Pause Full (Ergonomics) 541M->540M(653M) 177.833ms
[3.338s][info][gc,cpu         ] GC(85) User=1.16s Sys=0.02s Real=0.18s
[3.354s][info][gc,start       ] GC(86) Pause Young (Allocation Failure)
[3.393s][info][gc,heap        ] GC(86) PSYoungGen: 36461K(72192K)->20256K(72704K) Eden: 13312K(13312K)->0K(13312K) From: 23149K(58880K)->20256K(59392K)
[3.393s][info][gc,heap        ] GC(86) ParOldGen: 530480K(596992K)->547056K(596992K)
[3.393s][info][gc,metaspace   ] GC(86) Metaspace: 6298K(6464K)->6298K(6464K) NonClass: 5764K(5824K)->5764K(5824K) Class: 533K(640K)->533K(640K)
[3.393s][info][gc             ] GC(86) Pause Young (Allocation Failure) 553M->554M(654M) 38.834ms
[3.393s][info][gc,cpu         ] GC(86) User=0.23s Sys=0.02s Real=0.04s
[3.409s][info][gc,start       ] GC(87) Pause Young (Allocation Failure)
[3.427s][info][gc,heap        ] GC(87) PSYoungGen: 33568K(72704K)->26752K(71680K) Eden: 13312K(13312K)->0K(15360K) From: 20256K(59392K)->26752K(56320K)
[3.427s][info][gc,heap        ] GC(87) ParOldGen: 547056K(596992K)->553968K(596992K)
[3.427s][info][gc,metaspace   ] GC(87) Metaspace: 6298K(6464K)->6298K(6464K) NonClass: 5764K(5824K)->5764K(5824K) Class: 533K(640K)->533K(640K)
[3.427s][info][gc             ] GC(87) Pause Young (Allocation Failure) 567M->567M(653M) 18.118ms
[3.427s][info][gc,cpu         ] GC(87) User=0.03s Sys=0.00s Real=0.02s
[3.443s][info][gc,start       ] GC(88) Pause Young (Allocation Failure)
[3.465s][info][gc,heap        ] GC(88) PSYoungGen: 42112K(71680K)->28800K(44544K) Eden: 15360K(15360K)->0K(15360K) From: 26752K(56320K)->28800K(29184K)
[3.465s][info][gc,heap        ] GC(88) ParOldGen: 553968K(596992K)->567456K(596992K)
[3.465s][info][gc,metaspace   ] GC(88) Metaspace: 6298K(6464K)->6298K(6464K) NonClass: 5764K(5824K)->5764K(5824K) Class: 533K(640K)->533K(640K)
[3.465s][info][gc             ] GC(88) Pause Young (Allocation Failure) 582M->582M(626M) 21.778ms
[3.465s][info][gc,cpu         ] GC(88) User=0.12s Sys=0.00s Real=0.02s
[3.483s][info][gc,start       ] GC(89) Pause Young (Allocation Failure)
[3.506s][info][gc,heap        ] GC(89) PSYoungGen: 44160K(44544K)->30816K(68096K) Eden: 15360K(15360K)->0K(17408K) From: 28800K(29184K)->30816K(50688K)
[3.506s][info][gc,heap        ] GC(89) ParOldGen: 567456K(596992K)->580976K(596992K)
[3.506s][info][gc,metaspace   ] GC(89) Metaspace: 6298K(6464K)->6298K(6464K) NonClass: 5764K(5824K)->5764K(5824K) Class: 533K(640K)->533K(640K)
[3.506s][info][gc             ] GC(89) Pause Young (Allocation Failure) 597M->597M(649M) 23.834ms
[3.506s][info][gc,cpu         ] GC(89) User=0.22s Sys=0.00s Real=0.02s
[3.506s][info][gc,start       ] GC(90) Pause Full (Ergonomics)
[3.506s][info][gc,phases,start] GC(90) Marking Phase
[3.643s][info][gc,phases      ] GC(90) Marking Phase 136.140ms
[3.643s][info][gc,phases,start] GC(90) Summary Phase
[3.643s][info][gc,phases      ] GC(90) Summary Phase 0.021ms
[3.643s][info][gc,phases,start] GC(90) Adjust Roots
[3.643s][info][gc,phases      ] GC(90) Adjust Roots 0.157ms
[3.643s][info][gc,phases,start] GC(90) Compaction Phase
[3.697s][info][gc,phases      ] GC(90) Compaction Phase 53.623ms
[3.697s][info][gc,phases,start] GC(90) Post Compact
[3.698s][info][gc,phases      ] GC(90) Post Compact 0.953ms
[3.698s][info][gc,heap        ] GC(90) PSYoungGen: 30816K(68096K)->14307K(70144K) Eden: 0K(17408K)->0K(19456K) From: 30816K(50688K)->14307K(50688K)
[3.698s][info][gc,heap        ] GC(90) ParOldGen: 580976K(596992K)->596543K(667136K)
[3.698s][info][gc,metaspace   ] GC(90) Metaspace: 6298K(6464K)->6298K(6464K) NonClass: 5764K(5824K)->5764K(5824K) Class: 533K(640K)->533K(640K)
[3.698s][info][gc             ] GC(90) Pause Full (Ergonomics) 597M->596M(720M) 191.399ms
[3.698s][info][gc,cpu         ] GC(90) User=1.28s Sys=0.00s Real=0.19s
[3.723s][info][gc,start       ] GC(91) Pause Young (Allocation Failure)
[3.764s][info][gc,heap        ] GC(91) PSYoungGen: 33763K(70144K)->26368K(72192K) Eden: 19456K(19456K)->0K(19456K) From: 14307K(50688K)->26368K(52736K)
[3.764s][info][gc,heap        ] GC(91) ParOldGen: 596543K(667136K)->604183K(667136K)
[3.764s][info][gc,metaspace   ] GC(91) Metaspace: 6298K(6464K)->6298K(6464K) NonClass: 5764K(5824K)->5764K(5824K) Class: 533K(640K)->533K(640K)
[3.764s][info][gc             ] GC(91) Pause Young (Allocation Failure) 615M->615M(722M) 40.896ms
[3.764s][info][gc,cpu         ] GC(91) User=0.20s Sys=0.05s Real=0.04s
[3.788s][info][gc,start       ] GC(92) Pause Young (Allocation Failure)
[3.812s][info][gc,heap        ] GC(92) PSYoungGen: 45824K(72192K)->45888K(69120K) Eden: 19456K(19456K)->0K(17920K) From: 26368K(52736K)->45888K(51200K)
[3.812s][info][gc,heap        ] GC(92) ParOldGen: 604183K(667136K)->604183K(667136K)
[3.812s][info][gc,metaspace   ] GC(92) Metaspace: 6298K(6464K)->6298K(6464K) NonClass: 5764K(5824K)->5764K(5824K) Class: 533K(640K)->533K(640K)
[3.812s][info][gc             ] GC(92) Pause Young (Allocation Failure) 634M->634M(719M) 24.555ms
[3.812s][info][gc,cpu         ] GC(92) User=0.12s Sys=0.00s Real=0.03s
[3.832s][info][gc,start       ] GC(93) Pause Young (Allocation Failure)
[3.864s][info][gc,heap        ] GC(93) PSYoungGen: 63808K(69120K)->54784K(72704K) Eden: 17920K(17920K)->0K(17920K) From: 45888K(51200K)->54784K(54784K)
[3.864s][info][gc,heap        ] GC(93) ParOldGen: 604183K(667136K)->613287K(667136K)
[3.864s][info][gc,metaspace   ] GC(93) Metaspace: 6298K(6464K)->6298K(6464K) NonClass: 5764K(5824K)->5764K(5824K) Class: 533K(640K)->533K(640K)
[3.864s][info][gc             ] GC(93) Pause Young (Allocation Failure) 652M->652M(722M) 31.911ms
[3.864s][info][gc,cpu         ] GC(93) User=0.14s Sys=0.00s Real=0.03s
[3.886s][info][gc,start       ] GC(94) Pause Young (Allocation Failure)
[3.922s][info][gc,heap        ] GC(94) PSYoungGen: 72704K(72704K)->35488K(78336K) Eden: 17920K(17920K)->0K(19968K) From: 54784K(54784K)->35488K(58368K)
[3.922s][info][gc,heap        ] GC(94) ParOldGen: 613287K(667136K)->650951K(667136K)
[3.922s][info][gc,metaspace   ] GC(94) Metaspace: 6298K(6464K)->6298K(6464K) NonClass: 5764K(5824K)->5764K(5824K) Class: 533K(640K)->533K(640K)
[3.922s][info][gc             ] GC(94) Pause Young (Allocation Failure) 669M->670M(728M) 35.435ms
[3.922s][info][gc,cpu         ] GC(94) User=0.22s Sys=0.03s Real=0.04s
[3.922s][info][gc,start       ] GC(95) Pause Full (Ergonomics)
[3.922s][info][gc,phases,start] GC(95) Marking Phase
[4.066s][info][gc,phases      ] GC(95) Marking Phase 144.444ms
[4.066s][info][gc,phases,start] GC(95) Summary Phase
[4.066s][info][gc,phases      ] GC(95) Summary Phase 0.022ms
[4.066s][info][gc,phases,start] GC(95) Adjust Roots
[4.066s][info][gc,phases      ] GC(95) Adjust Roots 0.202ms
[4.066s][info][gc,phases,start] GC(95) Compaction Phase
[4.124s][info][gc,phases      ] GC(95) Compaction Phase 57.504ms
[4.124s][info][gc,phases,start] GC(95) Post Compact
[4.125s][info][gc,phases      ] GC(95) Post Compact 1.025ms
[4.125s][info][gc,heap        ] GC(95) PSYoungGen: 35488K(78336K)->18458K(80896K) Eden: 0K(19968K)->0K(22528K) From: 35488K(58368K)->18458K(58368K)
[4.125s][info][gc,heap        ] GC(95) ParOldGen: 650951K(667136K)->667012K(748544K)
[4.125s][info][gc,metaspace   ] GC(95) Metaspace: 6298K(6464K)->6298K(6464K) NonClass: 5764K(5824K)->5764K(5824K) Class: 533K(640K)->533K(640K)
[4.125s][info][gc             ] GC(95) Pause Full (Ergonomics) 670M->669M(810M) 203.733ms
[4.125s][info][gc,cpu         ] GC(95) User=1.42s Sys=0.02s Real=0.20s
[4.279s][info][gc,start       ] GC(96) Pause Young (Allocation Failure)
[4.324s][info][gc,heap        ] GC(96) PSYoungGen: 40986K(80896K)->31232K(83968K) Eden: 22528K(22528K)->0K(22528K) From: 18458K(58368K)->31232K(61440K)
[4.324s][info][gc,heap        ] GC(96) ParOldGen: 699780K(748544K)->709844K(748544K)
[4.324s][info][gc,metaspace   ] GC(96) Metaspace: 6298K(6464K)->6298K(6464K) NonClass: 5764K(5824K)->5764K(5824K) Class: 533K(640K)->533K(640K)
[4.324s][info][gc             ] GC(96) Pause Young (Allocation Failure) 723M->723M(813M) 44.829ms
[4.324s][info][gc,cpu         ] GC(96) User=0.25s Sys=0.02s Real=0.04s
[4.349s][info][gc,start       ] GC(97) Pause Young (Allocation Failure)
[4.377s][info][gc,heap        ] GC(97) PSYoungGen: 53760K(83968K)->53856K(80384K) Eden: 22528K(22528K)->0K(20480K) From: 31232K(61440K)->53856K(59904K)
[4.377s][info][gc,heap        ] GC(97) ParOldGen: 709844K(748544K)->709844K(748544K)
[4.377s][info][gc,metaspace   ] GC(97) Metaspace: 6298K(6464K)->6298K(6464K) NonClass: 5764K(5824K)->5764K(5824K) Class: 533K(640K)->533K(640K)
[4.377s][info][gc             ] GC(97) Pause Young (Allocation Failure) 745M->745M(809M) 28.152ms
[4.377s][info][gc,cpu         ] GC(97) User=0.08s Sys=0.00s Real=0.03s
[4.398s][info][gc,start       ] GC(98) Pause Young (Allocation Failure)
[4.434s][info][gc,heap        ] GC(98) PSYoungGen: 74336K(80384K)->64512K(84992K) Eden: 20480K(20480K)->0K(20480K) From: 53856K(59904K)->64512K(64512K)
[4.434s][info][gc,heap        ] GC(98) ParOldGen: 709844K(748544K)->719620K(748544K)
[4.434s][info][gc,metaspace   ] GC(98) Metaspace: 6298K(6464K)->6298K(6464K) NonClass: 5764K(5824K)->5764K(5824K) Class: 533K(640K)->533K(640K)
[4.434s][info][gc             ] GC(98) Pause Young (Allocation Failure) 765M->765M(814M) 35.233ms
[4.434s][info][gc,cpu         ] GC(98) User=0.25s Sys=0.00s Real=0.03s
[4.455s][info][gc,start       ] GC(99) Pause Young (Allocation Failure)
[4.498s][info][gc,heap        ] GC(99) PSYoungGen: 84992K(84992K)->40864K(92160K) Eden: 20480K(20480K)->0K(23040K) From: 64512K(64512K)->40864K(69120K)
[4.498s][info][gc,heap        ] GC(99) ParOldGen: 719620K(748544K)->764444K(764928K)
[4.498s][info][gc,metaspace   ] GC(99) Metaspace: 6298K(6464K)->6298K(6464K) NonClass: 5764K(5824K)->5764K(5824K) Class: 533K(640K)->533K(640K)
[4.498s][info][gc             ] GC(99) Pause Young (Allocation Failure) 785M->786M(837M) 42.975ms
[4.498s][info][gc,cpu         ] GC(99) User=0.20s Sys=0.02s Real=0.04s
[4.498s][info][gc,start       ] GC(100) Pause Full (Ergonomics)
[4.498s][info][gc,phases,start] GC(100) Marking Phase
[4.674s][info][gc,phases      ] GC(100) Marking Phase 175.688ms
[4.674s][info][gc,phases,start] GC(100) Summary Phase
[4.674s][info][gc,phases      ] GC(100) Summary Phase 0.023ms
[4.674s][info][gc,phases,start] GC(100) Adjust Roots
[4.674s][info][gc,phases      ] GC(100) Adjust Roots 0.146ms
[4.674s][info][gc,phases,start] GC(100) Compaction Phase
[4.807s][info][gc,phases      ] GC(100) Compaction Phase 132.653ms
[4.807s][info][gc,phases,start] GC(100) Post Compact
[4.809s][info][gc,phases      ] GC(100) Post Compact 1.608ms
[4.809s][info][gc,heap        ] GC(100) PSYoungGen: 40864K(92160K)->23286K(94720K) Eden: 0K(23040K)->0K(25600K) From: 40864K(69120K)->23286K(69120K)
[4.809s][info][gc,heap        ] GC(100) ParOldGen: 764444K(764928K)->764461K(858112K)
[4.809s][info][gc,metaspace   ] GC(100) Metaspace: 6298K(6464K)->6298K(6464K) NonClass: 5764K(5824K)->5764K(5824K) Class: 533K(640K)->533K(640K)
[4.809s][info][gc             ] GC(100) Pause Full (Ergonomics) 786M->769M(930M) 310.787ms
[4.809s][info][gc,cpu         ] GC(100) User=2.08s Sys=0.03s Real=0.31s
[4.836s][info][gc,start       ] GC(101) Pause Young (Allocation Failure)
[4.889s][info][gc,heap        ] GC(101) PSYoungGen: 48886K(94720K)->38400K(64000K) Eden: 25600K(25600K)->0K(25600K) From: 23286K(69120K)->38400K(38400K)
[4.890s][info][gc,heap        ] GC(101) ParOldGen: 764461K(858112K)->775269K(858112K)
[4.890s][info][gc,metaspace   ] GC(101) Metaspace: 6298K(6464K)->6298K(6464K) NonClass: 5764K(5824K)->5764K(5824K) Class: 533K(640K)->533K(640K)
[4.890s][info][gc             ] GC(101) Pause Young (Allocation Failure) 794M->794M(900M) 53.209ms
[4.890s][info][gc,cpu         ] GC(101) User=0.36s Sys=0.00s Real=0.05s
[4.916s][info][gc,start       ] GC(102) Pause Young (Allocation Failure)
[4.948s][info][gc,heap        ] GC(102) PSYoungGen: 64000K(64000K)->64000K(91136K) Eden: 25600K(25600K)->0K(22016K) From: 38400K(38400K)->64000K(69120K)
[4.948s][info][gc,heap        ] GC(102) ParOldGen: 775269K(858112K)->775269K(858112K)
[4.948s][info][gc,metaspace   ] GC(102) Metaspace: 6298K(6464K)->6298K(6464K) NonClass: 5764K(5824K)->5764K(5824K) Class: 533K(640K)->533K(640K)
[4.948s][info][gc             ] GC(102) Pause Young (Allocation Failure) 819M->819M(927M) 31.759ms
[4.948s][info][gc,cpu         ] GC(102) User=0.14s Sys=0.00s Real=0.03s
[4.973s][info][gc,start       ] GC(103) Pause Young (Allocation Failure)
[5.013s][info][gc,heap        ] GC(103) PSYoungGen: 86016K(91136K)->73408K(97280K) Eden: 22016K(22016K)->0K(22016K) From: 64000K(69120K)->73408K(75264K)
[5.013s][info][gc,heap        ] GC(103) ParOldGen: 775269K(858112K)->788085K(858112K)
[5.014s][info][gc,metaspace   ] GC(103) Metaspace: 6298K(6464K)->6298K(6464K) NonClass: 5764K(5824K)->5764K(5824K) Class: 533K(640K)->533K(640K)
[5.014s][info][gc             ] GC(103) Pause Young (Allocation Failure) 841M->841M(933M) 40.109ms
[5.014s][info][gc,cpu         ] GC(103) User=0.22s Sys=0.03s Real=0.04s
[5.037s][info][gc,start       ] GC(104) Pause Young (Allocation Failure)
[5.082s][info][gc,heap        ] GC(104) PSYoungGen: 95424K(97280K)->69856K(102912K) Eden: 22016K(22016K)->0K(19456K) From: 73408K(75264K)->69856K(83456K)
[5.082s][info][gc,heap        ] GC(104) ParOldGen: 788085K(858112K)->814029K(858112K)
[5.082s][info][gc,metaspace   ] GC(104) Metaspace: 6298K(6464K)->6298K(6464K) NonClass: 5764K(5824K)->5764K(5824K) Class: 533K(640K)->533K(640K)
[5.082s][info][gc             ] GC(104) Pause Young (Allocation Failure) 862M->863M(938M) 45.156ms
[5.082s][info][gc,cpu         ] GC(104) User=0.27s Sys=0.00s Real=0.05s
[5.103s][info][gc,start       ] GC(105) Pause Young (Allocation Failure)
[5.146s][info][gc,heap        ] GC(105) PSYoungGen: 89312K(102912K)->41632K(61440K) Eden: 19456K(19456K)->0K(19456K) From: 69856K(83456K)->41632K(41984K)
[5.146s][info][gc,heap        ] GC(105) ParOldGen: 814029K(858112K)->862269K(862720K)
[5.146s][info][gc,metaspace   ] GC(105) Metaspace: 6298K(6464K)->6298K(6464K) NonClass: 5764K(5824K)->5764K(5824K) Class: 533K(640K)->533K(640K)
[5.146s][info][gc             ] GC(105) Pause Young (Allocation Failure) 882M->882M(902M) 43.673ms
[5.146s][info][gc,cpu         ] GC(105) User=0.22s Sys=0.05s Real=0.04s
[5.146s][info][gc,start       ] GC(106) Pause Full (Ergonomics)
[5.146s][info][gc,phases,start] GC(106) Marking Phase
[5.346s][info][gc,phases      ] GC(106) Marking Phase 199.154ms
[5.346s][info][gc,phases,start] GC(106) Summary Phase
[5.346s][info][gc,phases      ] GC(106) Summary Phase 0.023ms
[5.346s][info][gc,phases,start] GC(106) Adjust Roots
[5.346s][info][gc,phases      ] GC(106) Adjust Roots 0.160ms
[5.346s][info][gc,phases,start] GC(106) Compaction Phase
[5.449s][info][gc,phases      ] GC(106) Compaction Phase 103.188ms
[5.449s][info][gc,phases,start] GC(106) Post Compact
[5.451s][info][gc,phases      ] GC(106) Post Compact 1.580ms
[5.451s][info][gc,heap        ] GC(106) PSYoungGen: 41632K(61440K)->39872K(61440K) Eden: 0K(19456K)->0K(19456K) From: 41632K(41984K)->39872K(41984K)
[5.451s][info][gc,heap        ] GC(106) ParOldGen: 862269K(862720K)->862397K(969728K)
[5.451s][info][gc,metaspace   ] GC(106) Metaspace: 6298K(6464K)->6298K(6464K) NonClass: 5764K(5824K)->5764K(5824K) Class: 533K(640K)->533K(640K)
[5.451s][info][gc             ] GC(106) Pause Full (Ergonomics) 882M->881M(1007M) 304.807ms
[5.451s][info][gc,cpu         ] GC(106) User=2.02s Sys=0.00s Real=0.31s
[5.475s][info][gc,start       ] GC(107) Pause Young (Allocation Failure)
[5.538s][info][gc,heap        ] GC(107) PSYoungGen: 59328K(61440K)->19584K(106496K) Eden: 19456K(19456K)->0K(20992K) From: 39872K(41984K)->19584K(85504K)
[5.538s][info][gc,heap        ] GC(107) ParOldGen: 862397K(969728K)->902869K(969728K)
[5.538s][info][gc,metaspace   ] GC(107) Metaspace: 6298K(6464K)->6298K(6464K) NonClass: 5764K(5824K)->5764K(5824K) Class: 533K(640K)->533K(640K)
[5.538s][info][gc             ] GC(107) Pause Young (Allocation Failure) 900M->900M(1051M) 62.620ms
[5.538s][info][gc,cpu         ] GC(107) User=0.34s Sys=0.02s Real=0.06s
[5.561s][info][gc,start       ] GC(108) Pause Young (Allocation Failure)
[5.584s][info][gc,heap        ] GC(108) PSYoungGen: 40576K(106496K)->21152K(107520K) Eden: 20992K(20992K)->0K(20992K) From: 19584K(85504K)->21152K(86528K)
[5.584s][info][gc,heap        ] GC(108) ParOldGen: 902869K(969728K)->922597K(969728K)
[5.584s][info][gc,metaspace   ] GC(108) Metaspace: 6298K(6464K)->6298K(6464K) NonClass: 5764K(5824K)->5764K(5824K) Class: 533K(640K)->533K(640K)
[5.584s][info][gc             ] GC(108) Pause Young (Allocation Failure) 921M->921M(1052M) 23.321ms
[5.584s][info][gc,cpu         ] GC(108) User=0.12s Sys=0.00s Real=0.02s
[5.584s][info][gc,start       ] GC(109) Pause Full (Ergonomics)
[5.584s][info][gc,phases,start] GC(109) Marking Phase
[5.794s][info][gc,phases      ] GC(109) Marking Phase 209.693ms
[5.794s][info][gc,phases,start] GC(109) Summary Phase
[5.794s][info][gc,phases      ] GC(109) Summary Phase 0.029ms
[5.794s][info][gc,phases,start] GC(109) Adjust Roots
[5.794s][info][gc,phases      ] GC(109) Adjust Roots 0.175ms
[5.794s][info][gc,phases,start] GC(109) Compaction Phase
[5.878s][info][gc,phases      ] GC(109) Compaction Phase 83.842ms
[5.878s][info][gc,phases,start] GC(109) Post Compact
[5.880s][info][gc,phases      ] GC(109) Post Compact 1.513ms
[5.880s][info][gc,heap        ] GC(109) PSYoungGen: 21152K(107520K)->0K(110080K) Eden: 0K(20992K)->0K(23552K) From: 21152K(86528K)->0K(86528K)
[5.880s][info][gc,heap        ] GC(109) ParOldGen: 922597K(969728K)->942652K(1059328K)
[5.880s][info][gc,metaspace   ] GC(109) Metaspace: 6298K(6464K)->6298K(6464K) NonClass: 5764K(5824K)->5764K(5824K) Class: 533K(640K)->533K(640K)
[5.880s][info][gc             ] GC(109) Pause Full (Ergonomics) 921M->920M(1142M) 295.850ms
[5.880s][info][gc,cpu         ] GC(109) User=2.22s Sys=0.03s Real=0.30s
[5.910s][info][gc,start       ] GC(110) Pause Young (Allocation Failure)
[5.926s][info][gc,heap        ] GC(110) PSYoungGen: 23552K(110080K)->23680K(110080K) Eden: 23552K(23552K)->0K(23552K) From: 0K(86528K)->23680K(86528K)
[5.926s][info][gc,heap        ] GC(110) ParOldGen: 942652K(1059328K)->942652K(1059328K)
[5.926s][info][gc,metaspace   ] GC(110) Metaspace: 6298K(6464K)->6298K(6464K) NonClass: 5764K(5824K)->5764K(5824K) Class: 533K(640K)->533K(640K)
[5.926s][info][gc             ] GC(110) Pause Young (Allocation Failure) 943M->943M(1142M) 15.514ms
[5.926s][info][gc,cpu         ] GC(110) User=0.02s Sys=0.00s Real=0.02s
[5.951s][info][gc,start       ] GC(111) Pause Young (Allocation Failure)
[5.976s][info][gc,heap        ] GC(111) PSYoungGen: 47232K(110080K)->47296K(108032K) Eden: 23552K(23552K)->0K(26112K) From: 23680K(86528K)->47296K(81920K)
[5.976s][info][gc,heap        ] GC(111) ParOldGen: 942652K(1059328K)->942652K(1059328K)
[5.976s][info][gc,metaspace   ] GC(111) Metaspace: 6298K(6464K)->6298K(6464K) NonClass: 5764K(5824K)->5764K(5824K) Class: 533K(640K)->533K(640K)
[5.976s][info][gc             ] GC(111) Pause Young (Allocation Failure) 966M->966M(1140M) 24.602ms
[5.976s][info][gc,cpu         ] GC(111) User=0.12s Sys=0.00s Real=0.02s
[6.005s][info][gc,start       ] GC(112) Pause Young (Allocation Failure)
[6.040s][info][gc,heap        ] GC(112) PSYoungGen: 73408K(108032K)->73440K(109568K) Eden: 26112K(26112K)->0K(26112K) From: 47296K(81920K)->73440K(83456K)
[6.040s][info][gc,heap        ] GC(112) ParOldGen: 942652K(1059328K)->942652K(1059328K)
[6.040s][info][gc,metaspace   ] GC(112) Metaspace: 6298K(6464K)->6298K(6464K) NonClass: 5764K(5824K)->5764K(5824K) Class: 533K(640K)->533K(640K)
[6.040s][info][gc             ] GC(112) Pause Young (Allocation Failure) 992M->992M(1141M) 35.211ms
[6.040s][info][gc,cpu         ] GC(112) User=0.25s Sys=0.00s Real=0.04s
[6.068s][info][gc,start       ] GC(113) Pause Young (Allocation Failure)
[6.116s][info][gc,heap        ] GC(113) PSYoungGen: 99552K(109568K)->91136K(103936K) Eden: 26112K(26112K)->0K(12800K) From: 73440K(83456K)->91136K(91136K)
[6.116s][info][gc,heap        ] GC(113) ParOldGen: 942652K(1059328K)->951060K(1059328K)
[6.116s][info][gc,metaspace   ] GC(113) Metaspace: 6298K(6464K)->6298K(6464K) NonClass: 5764K(5824K)->5764K(5824K) Class: 533K(640K)->533K(640K)
[6.116s][info][gc             ] GC(113) Pause Young (Allocation Failure) 1017M->1017M(1136M) 47.631ms
[6.116s][info][gc,cpu         ] GC(113) User=0.25s Sys=0.00s Real=0.05s
[6.130s][info][gc,start       ] GC(114) Pause Young (Allocation Failure)
[6.181s][info][gc,heap        ] GC(114) PSYoungGen: 103936K(103936K)->60320K(73216K) Eden: 12800K(12800K)->0K(12800K) From: 91136K(91136K)->60320K(60416K)
[6.181s][info][gc,heap        ] GC(114) ParOldGen: 951060K(1059328K)->995292K(1059328K)
[6.181s][info][gc,metaspace   ] GC(114) Metaspace: 6298K(6464K)->6298K(6464K) NonClass: 5764K(5824K)->5764K(5824K) Class: 533K(640K)->533K(640K)
[6.181s][info][gc             ] GC(114) Pause Young (Allocation Failure) 1030M->1030M(1106M) 51.961ms
[6.181s][info][gc,cpu         ] GC(114) User=0.38s Sys=0.00s Real=0.05s
[6.195s][info][gc,start       ] GC(115) Pause Young (Allocation Failure)
[6.231s][info][gc,heap        ] GC(115) PSYoungGen: 73120K(73216K)->48960K(109056K) Eden: 12800K(12800K)->0K(14336K) From: 60320K(60416K)->48960K(94720K)
[6.231s][info][gc,heap        ] GC(115) ParOldGen: 995292K(1059328K)->1019852K(1059328K)
[6.231s][info][gc,metaspace   ] GC(115) Metaspace: 6298K(6464K)->6298K(6464K) NonClass: 5764K(5824K)->5764K(5824K) Class: 533K(640K)->533K(640K)
[6.231s][info][gc             ] GC(115) Pause Young (Allocation Failure) 1043M->1043M(1141M) 35.548ms
[6.231s][info][gc,cpu         ] GC(115) User=0.25s Sys=0.00s Real=0.04s
[6.231s][info][gc,start       ] GC(116) Pause Full (Ergonomics)
[6.231s][info][gc,phases,start] GC(116) Marking Phase
[6.471s][info][gc,phases      ] GC(116) Marking Phase 240.642ms
[6.472s][info][gc,phases,start] GC(116) Summary Phase
[6.472s][info][gc,phases      ] GC(116) Summary Phase 0.040ms
[6.472s][info][gc,phases,start] GC(116) Adjust Roots
[6.472s][info][gc,phases      ] GC(116) Adjust Roots 0.160ms
[6.472s][info][gc,phases,start] GC(116) Compaction Phase
[6.574s][info][gc,phases      ] GC(116) Compaction Phase 102.468ms
[6.574s][info][gc,phases,start] GC(116) Post Compact
[6.576s][info][gc,phases      ] GC(116) Post Compact 1.965ms
[6.577s][info][gc,heap        ] GC(116) PSYoungGen: 48960K(109056K)->8314K(111104K) Eden: 0K(14336K)->0K(16384K) From: 48960K(94720K)->8314K(94720K)
[6.577s][info][gc,heap        ] GC(116) ParOldGen: 1019852K(1059328K)->1059077K(1184768K)
[6.577s][info][gc,metaspace   ] GC(116) Metaspace: 6298K(6464K)->6298K(6464K) NonClass: 5764K(5824K)->5764K(5824K) Class: 533K(640K)->533K(640K)
[6.577s][info][gc             ] GC(116) Pause Full (Ergonomics) 1043M->1042M(1265M) 346.164ms
[6.577s][info][gc,cpu         ] GC(116) User=2.59s Sys=0.03s Real=0.35s
[6.596s][info][gc,start       ] GC(117) Pause Young (Allocation Failure)
[6.654s][info][gc,heap        ] GC(117) PSYoungGen: 24698K(111104K)->20576K(116224K) Eden: 16384K(16384K)->0K(16384K) From: 8314K(94720K)->20576K(99840K)
[6.654s][info][gc,heap        ] GC(117) ParOldGen: 1059077K(1184768K)->1063397K(1184768K)
[6.654s][info][gc,metaspace   ] GC(117) Metaspace: 6298K(6464K)->6298K(6464K) NonClass: 5764K(5824K)->5764K(5824K) Class: 533K(640K)->533K(640K)
[6.654s][info][gc             ] GC(117) Pause Young (Allocation Failure) 1058M->1058M(1270M) 57.387ms
[6.654s][info][gc,cpu         ] GC(117) User=0.36s Sys=0.02s Real=0.06s
[6.672s][info][gc,start       ] GC(118) Pause Young (Allocation Failure)
[6.694s][info][gc,heap        ] GC(118) PSYoungGen: 36960K(116224K)->32864K(112640K) Eden: 16384K(16384K)->0K(18432K) From: 20576K(99840K)->32864K(94208K)
[6.694s][info][gc,heap        ] GC(118) ParOldGen: 1063397K(1184768K)->1067557K(1184768K)
[6.694s][info][gc,metaspace   ] GC(118) Metaspace: 6298K(6464K)->6298K(6464K) NonClass: 5764K(5824K)->5764K(5824K) Class: 533K(640K)->533K(640K)
[6.694s][info][gc             ] GC(118) Pause Young (Allocation Failure) 1074M->1074M(1267M) 21.520ms
[6.694s][info][gc,cpu         ] GC(118) User=0.12s Sys=0.00s Real=0.02s
[6.714s][info][gc,start       ] GC(119) Pause Young (Allocation Failure)
[6.741s][info][gc,heap        ] GC(119) PSYoungGen: 51296K(112640K)->34944K(53760K) Eden: 18432K(18432K)->0K(18432K) From: 32864K(94208K)->34944K(35328K)
[6.741s][info][gc,heap        ] GC(119) ParOldGen: 1067557K(1184768K)->1084165K(1184768K)
[6.741s][info][gc,metaspace   ] GC(119) Metaspace: 6298K(6464K)->6298K(6464K) NonClass: 5764K(5824K)->5764K(5824K) Class: 533K(640K)->533K(640K)
[6.741s][info][gc             ] GC(119) Pause Young (Allocation Failure) 1092M->1092M(1209M) 27.845ms
[6.741s][info][gc,cpu         ] GC(119) User=0.14s Sys=0.00s Real=0.03s
[6.762s][info][gc,start       ] GC(120) Pause Young (Allocation Failure)
[6.791s][info][gc,heap        ] GC(120) PSYoungGen: 53376K(53760K)->36992K(108032K) Eden: 18432K(18432K)->0K(20992K) From: 34944K(35328K)->36992K(87040K)
[6.791s][info][gc,heap        ] GC(120) ParOldGen: 1084165K(1184768K)->1100765K(1184768K)
[6.791s][info][gc,metaspace   ] GC(120) Metaspace: 6298K(6464K)->6298K(6464K) NonClass: 5764K(5824K)->5764K(5824K) Class: 533K(640K)->533K(640K)
[6.791s][info][gc             ] GC(120) Pause Young (Allocation Failure) 1110M->1111M(1262M) 29.428ms
[6.791s][info][gc,cpu         ] GC(120) User=0.14s Sys=0.00s Real=0.03s
[6.814s][info][gc,start       ] GC(121) Pause Young (Allocation Failure)
[6.845s][info][gc,heap        ] GC(121) PSYoungGen: 57984K(108032K)->39616K(60928K) Eden: 20992K(20992K)->0K(20992K) From: 36992K(87040K)->39616K(39936K)
[6.845s][info][gc,heap        ] GC(121) ParOldGen: 1100765K(1184768K)->1119445K(1184768K)
[6.845s][info][gc,metaspace   ] GC(121) Metaspace: 6298K(6464K)->6298K(6464K) NonClass: 5764K(5824K)->5764K(5824K) Class: 533K(640K)->533K(640K)
[6.845s][info][gc             ] GC(121) Pause Young (Allocation Failure) 1131M->1131M(1216M) 30.953ms
[6.845s][info][gc,cpu         ] GC(121) User=0.14s Sys=0.00s Real=0.03s
[6.871s][info][gc,start       ] GC(122) Pause Young (Allocation Failure)
[6.904s][info][gc,heap        ] GC(122) PSYoungGen: 60608K(60928K)->42112K(102400K) Eden: 20992K(20992K)->0K(23552K) From: 39616K(39936K)->42112K(78848K)
[6.904s][info][gc,heap        ] GC(122) ParOldGen: 1119445K(1184768K)->1138133K(1184768K)
[6.904s][info][gc,metaspace   ] GC(122) Metaspace: 6298K(6464K)->6298K(6464K) NonClass: 5764K(5824K)->5764K(5824K) Class: 533K(640K)->533K(640K)
[6.904s][info][gc             ] GC(122) Pause Young (Allocation Failure) 1152M->1152M(1257M) 33.215ms
[6.904s][info][gc,cpu         ] GC(122) User=0.14s Sys=0.00s Real=0.03s
[6.934s][info][gc,start       ] GC(123) Pause Young (Allocation Failure)
[6.969s][info][gc,heap        ] GC(123) PSYoungGen: 65664K(102400K)->44704K(68608K) Eden: 23552K(23552K)->0K(23552K) From: 42112K(78848K)->44704K(45056K)
[6.969s][info][gc,heap        ] GC(123) ParOldGen: 1138133K(1184768K)->1159413K(1184768K)
[6.969s][info][gc,metaspace   ] GC(123) Metaspace: 6298K(6464K)->6298K(6464K) NonClass: 5764K(5824K)->5764K(5824K) Class: 533K(640K)->533K(640K)
[6.969s][info][gc             ] GC(123) Pause Young (Allocation Failure) 1175M->1175M(1224M) 35.136ms
[6.969s][info][gc,cpu         ] GC(123) User=0.11s Sys=0.05s Real=0.04s
[6.969s][info][gc,start       ] GC(124) Pause Full (Ergonomics)
[6.969s][info][gc,phases,start] GC(124) Marking Phase
[7.231s][info][gc,phases      ] GC(124) Marking Phase 261.953ms
[7.231s][info][gc,phases,start] GC(124) Summary Phase
[7.231s][info][gc,phases      ] GC(124) Summary Phase 0.025ms
[7.231s][info][gc,phases,start] GC(124) Adjust Roots
[7.231s][info][gc,phases      ] GC(124) Adjust Roots 0.142ms
[7.231s][info][gc,phases,start] GC(124) Compaction Phase
[7.344s][info][gc,phases      ] GC(124) Compaction Phase 112.987ms
[7.344s][info][gc,phases,start] GC(124) Post Compact
[7.347s][info][gc,phases      ] GC(124) Post Compact 2.268ms
[7.347s][info][gc,heap        ] GC(124) PSYoungGen: 44704K(68608K)->17912K(68608K) Eden: 0K(23552K)->0K(23552K) From: 44704K(45056K)->17912K(45056K)
[7.347s][info][gc,heap        ] GC(124) ParOldGen: 1159413K(1184768K)->1184435K(1307648K)
[7.347s][info][gc,metaspace   ] GC(124) Metaspace: 6298K(6464K)->6298K(6464K) NonClass: 5764K(5824K)->5764K(5824K) Class: 533K(640K)->533K(640K)
[7.347s][info][gc             ] GC(124) Pause Full (Ergonomics) 1175M->1174M(1344M) 378.277ms
[7.347s][info][gc,cpu         ] GC(124) User=2.83s Sys=0.02s Real=0.38s
[7.376s][info][gc,start       ] GC(125) Pause Young (Allocation Failure)
[7.447s][info][gc,heap        ] GC(125) PSYoungGen: 41464K(68608K)->35744K(100864K) Eden: 23552K(23552K)->0K(26112K) From: 17912K(45056K)->35744K(74752K)
[7.447s][info][gc,heap        ] GC(125) ParOldGen: 1184435K(1307648K)->1190411K(1307648K)
[7.447s][info][gc,metaspace   ] GC(125) Metaspace: 6298K(6464K)->6298K(6464K) NonClass: 5764K(5824K)->5764K(5824K) Class: 533K(640K)->533K(640K)
[7.447s][info][gc             ] GC(125) Pause Young (Allocation Failure) 1197M->1197M(1375M) 70.457ms
[7.447s][info][gc,cpu         ] GC(125) User=0.39s Sys=0.02s Real=0.07s
[7.479s][info][gc,start       ] GC(126) Pause Young (Allocation Failure)
[7.517s][info][gc,heap        ] GC(126) PSYoungGen: 61856K(100864K)->61888K(103424K) Eden: 26112K(26112K)->0K(26112K) From: 35744K(74752K)->61888K(77312K)
[7.517s][info][gc,heap        ] GC(126) ParOldGen: 1190411K(1307648K)->1190411K(1307648K)
[7.517s][info][gc,metaspace   ] GC(126) Metaspace: 6298K(6464K)->6298K(6464K) NonClass: 5764K(5824K)->5764K(5824K) Class: 533K(640K)->533K(640K)
[7.517s][info][gc             ] GC(126) Pause Young (Allocation Failure) 1222M->1222M(1378M) 37.418ms
[7.517s][info][gc,cpu         ] GC(126) User=0.11s Sys=0.00s Real=0.04s
[7.547s][info][gc,start       ] GC(127) Pause Young (Allocation Failure)
[7.592s][info][gc,heap        ] GC(127) PSYoungGen: 88000K(103424K)->80896K(97792K) Eden: 26112K(26112K)->0K(16896K) From: 61888K(77312K)->80896K(80896K)
[7.592s][info][gc,heap        ] GC(127) ParOldGen: 1190411K(1307648K)->1197555K(1307648K)
[7.592s][info][gc,metaspace   ] GC(127) Metaspace: 6298K(6464K)->6298K(6464K) NonClass: 5764K(5824K)->5764K(5824K) Class: 533K(640K)->533K(640K)
[7.592s][info][gc             ] GC(127) Pause Young (Allocation Failure) 1248M->1248M(1372M) 45.044ms
[7.592s][info][gc,cpu         ] GC(127) User=0.25s Sys=0.00s Real=0.05s
[7.613s][info][gc,start       ] GC(128) Pause Young (Allocation Failure)
[7.667s][info][gc,heap        ] GC(128) PSYoungGen: 97792K(97792K)->65632K(110080K) Eden: 16896K(16896K)->0K(16896K) From: 80896K(80896K)->65632K(93184K)
[7.667s][info][gc,heap        ] GC(128) ParOldGen: 1197555K(1307648K)->1230275K(1307648K)
[7.667s][info][gc,metaspace   ] GC(128) Metaspace: 6298K(6464K)->6298K(6464K) NonClass: 5764K(5824K)->5764K(5824K) Class: 533K(640K)->533K(640K)
[7.667s][info][gc             ] GC(128) Pause Young (Allocation Failure) 1264M->1265M(1384M) 53.549ms
[7.667s][info][gc,cpu         ] GC(128) User=0.34s Sys=0.03s Real=0.05s
[7.685s][info][gc,start       ] GC(129) Pause Young (Allocation Failure)
[7.725s][info][gc,heap        ] GC(129) PSYoungGen: 82528K(110080K)->52256K(107008K) Eden: 16896K(16896K)->0K(19456K) From: 65632K(93184K)->52256K(87552K)
[7.725s][info][gc,heap        ] GC(129) ParOldGen: 1230275K(1307648K)->1255771K(1307648K)
[7.725s][info][gc,metaspace   ] GC(129) Metaspace: 6298K(6464K)->6298K(6464K) NonClass: 5764K(5824K)->5764K(5824K) Class: 533K(640K)->533K(640K)
[7.725s][info][gc             ] GC(129) Pause Young (Allocation Failure) 1282M->1277M(1381M) 40.463ms
[7.725s][info][gc,cpu         ] GC(129) User=0.25s Sys=0.02s Real=0.04s
[7.741s][info][gc,start       ] GC(130) Pause Young (Allocation Failure)
[7.777s][info][gc,heap        ] GC(130) PSYoungGen: 71712K(107008K)->22016K(110592K) Eden: 19456K(19456K)->0K(19456K) From: 52256K(87552K)->22016K(91136K)
[7.777s][info][gc,heap        ] GC(130) ParOldGen: 1255771K(1307648K)->1296603K(1307648K)
[7.777s][info][gc,metaspace   ] GC(130) Metaspace: 6298K(6464K)->6298K(6464K) NonClass: 5764K(5824K)->5764K(5824K) Class: 533K(640K)->533K(640K)
[7.777s][info][gc             ] GC(130) Pause Young (Allocation Failure) 1296M->1287M(1385M) 35.518ms
[7.777s][info][gc,cpu         ] GC(130) User=0.14s Sys=0.02s Real=0.04s
[7.777s][info][gc,start       ] GC(131) Pause Full (Ergonomics)
[7.777s][info][gc,phases,start] GC(131) Marking Phase
[8.071s][info][gc,phases      ] GC(131) Marking Phase 293.820ms
[8.071s][info][gc,phases,start] GC(131) Summary Phase
[8.071s][info][gc,phases      ] GC(131) Summary Phase 0.027ms
[8.071s][info][gc,phases,start] GC(131) Adjust Roots
[8.071s][info][gc,phases      ] GC(131) Adjust Roots 0.223ms
[8.071s][info][gc,phases,start] GC(131) Compaction Phase
[8.431s][info][gc,phases      ] GC(131) Compaction Phase 359.703ms
[8.431s][info][gc,phases,start] GC(131) Post Compact
[8.433s][info][gc,phases      ] GC(131) Post Compact 2.459ms
[8.434s][info][gc,heap        ] GC(131) PSYoungGen: 22016K(110592K)->9564K(110592K) Eden: 0K(19456K)->0K(19456K) From: 22016K(91136K)->9564K(91136K)
[8.434s][info][gc,heap        ] GC(131) ParOldGen: 1296603K(1307648K)->1307157K(1448960K)
[8.434s][info][gc,metaspace   ] GC(131) Metaspace: 6298K(6464K)->6298K(6464K) NonClass: 5764K(5824K)->5764K(5824K) Class: 533K(640K)->533K(640K)
[8.434s][info][gc             ] GC(131) Pause Full (Ergonomics) 1287M->1285M(1523M) 657.040ms
[8.434s][info][gc,cpu         ] GC(131) User=4.91s Sys=0.02s Real=0.66s
[8.460s][info][gc,start       ] GC(132) Pause Young (Allocation Failure)
[8.534s][info][gc,heap        ] GC(132) PSYoungGen: 29020K(110592K)->19072K(113664K) Eden: 19456K(19456K)->0K(21504K) From: 9564K(91136K)->19072K(92160K)
[8.534s][info][gc,heap        ] GC(132) ParOldGen: 1307157K(1448960K)->1316901K(1448960K)
[8.534s][info][gc,metaspace   ] GC(132) Metaspace: 6298K(6464K)->6298K(6464K) NonClass: 5764K(5824K)->5764K(5824K) Class: 533K(640K)->533K(640K)
[8.534s][info][gc             ] GC(132) Pause Young (Allocation Failure) 1304M->1304M(1526M) 74.206ms
[8.534s][info][gc,cpu         ] GC(132) User=0.41s Sys=0.00s Real=0.07s
[8.562s][info][gc,start       ] GC(133) Pause Young (Allocation Failure)
[8.587s][info][gc,heap        ] GC(133) PSYoungGen: 40576K(113664K)->40640K(62464K) Eden: 21504K(21504K)->0K(21504K) From: 19072K(92160K)->40640K(40960K)
[8.587s][info][gc,heap        ] GC(133) ParOldGen: 1316901K(1448960K)->1316901K(1448960K)
[8.587s][info][gc,metaspace   ] GC(133) Metaspace: 6298K(6464K)->6298K(6464K) NonClass: 5764K(5824K)->5764K(5824K) Class: 533K(640K)->533K(640K)
[8.587s][info][gc             ] GC(133) Pause Young (Allocation Failure) 1325M->1325M(1476M) 25.212ms
[8.587s][info][gc,cpu         ] GC(133) User=0.12s Sys=0.00s Real=0.02s
[8.614s][info][gc,start       ] GC(134) Pause Young (Allocation Failure)
[8.649s][info][gc,heap        ] GC(134) PSYoungGen: 62144K(62464K)->62112K(110592K) Eden: 21504K(21504K)->0K(22016K) From: 40640K(40960K)->62112K(88576K)
[8.649s][info][gc,heap        ] GC(134) ParOldGen: 1316901K(1448960K)->1316901K(1448960K)
[8.649s][info][gc,metaspace   ] GC(134) Metaspace: 6298K(6464K)->6298K(6464K) NonClass: 5764K(5824K)->5764K(5824K) Class: 533K(640K)->533K(640K)
[8.649s][info][gc             ] GC(134) Pause Young (Allocation Failure) 1346M->1346M(1523M) 34.653ms
[8.649s][info][gc,cpu         ] GC(134) User=0.14s Sys=0.00s Real=0.03s
[8.677s][info][gc,start       ] GC(135) Pause Young (Allocation Failure)
[8.721s][info][gc,heap        ] GC(135) PSYoungGen: 84128K(110592K)->65152K(112640K) Eden: 22016K(22016K)->0K(22016K) From: 62112K(88576K)->65152K(90624K)
[8.721s][info][gc,heap        ] GC(135) ParOldGen: 1316901K(1448960K)->1336125K(1448960K)
[8.721s][info][gc,metaspace   ] GC(135) Metaspace: 6298K(6464K)->6298K(6464K) NonClass: 5764K(5824K)->5764K(5824K) Class: 533K(640K)->533K(640K)
[8.721s][info][gc             ] GC(135) Pause Young (Allocation Failure) 1368M->1368M(1525M) 44.128ms
[8.721s][info][gc,cpu         ] GC(135) User=0.25s Sys=0.02s Real=0.04s
[8.977s][info][gc,start       ] GC(136) Pause Young (Allocation Failure)
[9.050s][info][gc,heap        ] GC(136) PSYoungGen: 87168K(112640K)->65728K(115712K) Eden: 22016K(22016K)->0K(22528K) From: 65152K(90624K)->65728K(93184K)
[9.050s][info][gc,heap        ] GC(136) ParOldGen: 1401661K(1448960K)->1423453K(1448960K)
[9.050s][info][gc,metaspace   ] GC(136) Metaspace: 6298K(6464K)->6298K(6464K) NonClass: 5764K(5824K)->5764K(5824K) Class: 533K(640K)->533K(640K)
[9.050s][info][gc             ] GC(136) Pause Young (Allocation Failure) 1453M->1454M(1528M) 73.494ms
[9.050s][info][gc,cpu         ] GC(136) User=0.44s Sys=0.00s Real=0.07s
[9.050s][info][gc,start       ] GC(137) Pause Full (Ergonomics)
[9.050s][info][gc,phases,start] GC(137) Marking Phase
[9.380s][info][gc,phases      ] GC(137) Marking Phase 329.783ms
[9.380s][info][gc,phases,start] GC(137) Summary Phase
[9.380s][info][gc,phases      ] GC(137) Summary Phase 0.028ms
[9.380s][info][gc,phases,start] GC(137) Adjust Roots
[9.380s][info][gc,phases      ] GC(137) Adjust Roots 0.162ms
[9.380s][info][gc,phases,start] GC(137) Compaction Phase
[9.612s][info][gc,phases      ] GC(137) Compaction Phase 231.539ms
[9.612s][info][gc,phases,start] GC(137) Post Compact
[9.615s][info][gc,phases      ] GC(137) Post Compact 3.107ms
[9.616s][info][gc,heap        ] GC(137) PSYoungGen: 65728K(115712K)->6695K(115712K) Eden: 0K(22528K)->0K(22528K) From: 65728K(93184K)->6695K(93184K)
[9.616s][info][gc,heap        ] GC(137) ParOldGen: 1423453K(1448960K)->1448625K(1594880K)
[9.616s][info][gc,metaspace   ] GC(137) Metaspace: 6298K(6464K)->6298K(6464K) NonClass: 5764K(5824K)->5764K(5824K) Class: 533K(640K)->533K(640K)
[9.616s][info][gc             ] GC(137) Pause Full (Ergonomics) 1454M->1421M(1670M) 565.449ms
[9.616s][info][gc,cpu         ] GC(137) User=3.72s Sys=0.02s Real=0.57s
[9.640s][info][gc,start       ] GC(138) Pause Young (Allocation Failure)
[9.717s][info][gc,heap        ] GC(138) PSYoungGen: 29223K(115712K)->29440K(117760K) Eden: 22528K(22528K)->0K(22528K) From: 6695K(93184K)->29440K(95232K)
[9.717s][info][gc,heap        ] GC(138) ParOldGen: 1448625K(1594880K)->1448625K(1594880K)
[9.717s][info][gc,metaspace   ] GC(138) Metaspace: 6298K(6464K)->6298K(6464K) NonClass: 5764K(5824K)->5764K(5824K) Class: 533K(640K)->533K(640K)
[9.717s][info][gc             ] GC(138) Pause Young (Allocation Failure) 1443M->1443M(1672M) 76.662ms
[9.717s][info][gc,cpu         ] GC(138) User=0.39s Sys=0.00s Real=0.08s
[9.739s][info][gc,start       ] GC(139) Pause Young (Allocation Failure)
[9.770s][info][gc,heap        ] GC(139) PSYoungGen: 51968K(117760K)->51968K(113664K) Eden: 22528K(22528K)->0K(25088K) From: 29440K(95232K)->51968K(88576K)
[9.770s][info][gc,heap        ] GC(139) ParOldGen: 1448625K(1594880K)->1448625K(1594880K)
[9.770s][info][gc,metaspace   ] GC(139) Metaspace: 6298K(6464K)->6298K(6464K) NonClass: 5764K(5824K)->5764K(5824K) Class: 533K(640K)->533K(640K)
[9.770s][info][gc             ] GC(139) Pause Young (Allocation Failure) 1465M->1465M(1668M) 31.183ms
[9.770s][info][gc,cpu         ] GC(139) User=0.03s Sys=0.00s Real=0.03s
[9.793s][info][gc,start       ] GC(140) Pause Young (Allocation Failure)
[9.832s][info][gc,heap        ] GC(140) PSYoungGen: 77056K(113664K)->77024K(116224K) Eden: 25088K(25088K)->0K(25088K) From: 51968K(88576K)->77024K(91136K)
[9.832s][info][gc,heap        ] GC(140) ParOldGen: 1448625K(1594880K)->1448625K(1594880K)
[9.832s][info][gc,metaspace   ] GC(140) Metaspace: 6298K(6464K)->6298K(6464K) NonClass: 5764K(5824K)->5764K(5824K) Class: 533K(640K)->533K(640K)
[9.832s][info][gc             ] GC(140) Pause Young (Allocation Failure) 1489M->1489M(1671M) 39.416ms
[9.832s][info][gc,cpu         ] GC(140) User=0.17s Sys=0.00s Real=0.04s
[9.857s][info][gc,start       ] GC(141) Pause Young (Allocation Failure)
[9.906s][info][gc,heap        ] GC(141) PSYoungGen: 102112K(116224K)->97280K(110592K) Eden: 25088K(25088K)->0K(13312K) From: 77024K(91136K)->97280K(97280K)
[9.906s][info][gc,heap        ] GC(141) ParOldGen: 1448625K(1594880K)->1453457K(1594880K)
[9.906s][info][gc,metaspace   ] GC(141) Metaspace: 6298K(6464K)->6298K(6464K) NonClass: 5764K(5824K)->5764K(5824K) Class: 533K(640K)->533K(640K)
[9.906s][info][gc             ] GC(141) Pause Young (Allocation Failure) 1514M->1514M(1665M) 49.105ms
[9.906s][info][gc,cpu         ] GC(141) User=0.42s Sys=0.00s Real=0.05s
[9.920s][info][gc,start       ] GC(142) Pause Young (Allocation Failure)
[9.970s][info][gc,heap        ] GC(142) PSYoungGen: 110592K(110592K)->106592K(124928K) Eden: 13312K(13312K)->0K(13312K) From: 97280K(97280K)->106592K(111616K)
[9.970s][info][gc,heap        ] GC(142) ParOldGen: 1453457K(1594880K)->1457673K(1594880K)
[9.970s][info][gc,metaspace   ] GC(142) Metaspace: 6298K(6464K)->6298K(6464K) NonClass: 5764K(5824K)->5764K(5824K) Class: 533K(640K)->533K(640K)
[9.970s][info][gc             ] GC(142) Pause Young (Allocation Failure) 1527M->1527M(1679M) 49.785ms
[9.970s][info][gc,cpu         ] GC(142) User=0.50s Sys=0.00s Real=0.05s
[9.984s][info][gc,start       ] GC(143) Pause Young (Allocation Failure)
[10.039s][info][gc,heap        ] GC(143) PSYoungGen: 119904K(124928K)->98400K(133120K) Eden: 13312K(13312K)->0K(8192K) From: 106592K(111616K)->98400K(124928K)
[10.039s][info][gc,heap        ] GC(143) ParOldGen: 1457673K(1594880K)->1479377K(1594880K)
[10.039s][info][gc,metaspace   ] GC(143) Metaspace: 6298K(6464K)->6298K(6464K) NonClass: 5764K(5824K)->5764K(5824K) Class: 533K(640K)->533K(640K)
[10.039s][info][gc             ] GC(143) Pause Young (Allocation Failure) 1540M->1540M(1687M) 55.081ms
[10.039s][info][gc,cpu         ] GC(143) User=0.34s Sys=0.03s Real=0.06s
[10.047s][info][gc,start       ] GC(144) Pause Young (Allocation Failure)
[10.097s][info][gc,heap        ] GC(144) PSYoungGen: 106592K(133120K)->59872K(68096K) Eden: 8192K(8192K)->0K(8192K) From: 98400K(124928K)->59872K(59904K)
[10.097s][info][gc,heap        ] GC(144) ParOldGen: 1479377K(1594880K)->1526673K(1594880K)
[10.097s][info][gc,metaspace   ] GC(144) Metaspace: 6298K(6464K)->6298K(6464K) NonClass: 5764K(5824K)->5764K(5824K) Class: 533K(640K)->533K(640K)
[10.097s][info][gc             ] GC(144) Pause Young (Allocation Failure) 1548M->1549M(1624M) 49.897ms
[10.097s][info][gc,cpu         ] GC(144) User=0.38s Sys=0.00s Real=0.05s
[10.105s][info][gc,start       ] GC(145) Pause Young (Allocation Failure)
[10.141s][info][gc,heap        ] GC(145) PSYoungGen: 68064K(68096K)->29856K(135168K) Eden: 8192K(8192K)->0K(9728K) From: 59872K(59904K)->29856K(125440K)
[10.141s][info][gc,heap        ] GC(145) ParOldGen: 1526673K(1594880K)->1565401K(1594880K)
[10.141s][info][gc,metaspace   ] GC(145) Metaspace: 6298K(6464K)->6298K(6464K) NonClass: 5764K(5824K)->5764K(5824K) Class: 533K(640K)->533K(640K)
[10.141s][info][gc             ] GC(145) Pause Young (Allocation Failure) 1557M->1557M(1689M) 36.136ms
[10.142s][info][gc,cpu         ] GC(145) User=0.14s Sys=0.03s Real=0.04s
[10.142s][info][gc,start       ] GC(146) Pause Full (Ergonomics)
[10.142s][info][gc,phases,start] GC(146) Marking Phase
[10.489s][info][gc,phases      ] GC(146) Marking Phase 347.641ms
[10.489s][info][gc,phases,start] GC(146) Summary Phase
[10.489s][info][gc,phases      ] GC(146) Summary Phase 0.041ms
[10.489s][info][gc,phases,start] GC(146) Adjust Roots
[10.490s][info][gc,phases      ] GC(146) Adjust Roots 0.185ms
[10.490s][info][gc,phases,start] GC(146) Compaction Phase
[10.649s][info][gc,phases      ] GC(146) Compaction Phase 159.482ms
[10.649s][info][gc,phases,start] GC(146) Post Compact
[10.652s][info][gc,phases      ] GC(146) Post Compact 2.880ms
[10.653s][info][gc,heap        ] GC(146) PSYoungGen: 29856K(135168K)->0K(135680K) Eden: 0K(9728K)->0K(9728K) From: 29856K(125440K)->0K(125952K)
[10.653s][info][gc,heap        ] GC(146) ParOldGen: 1565401K(1594880K)->1593313K(1761280K)
[10.653s][info][gc,metaspace   ] GC(146) Metaspace: 6298K(6464K)->6298K(6464K) NonClass: 5764K(5824K)->5764K(5824K) Class: 533K(640K)->533K(640K)
[10.653s][info][gc             ] GC(146) Pause Full (Ergonomics) 1557M->1555M(1852M) 511.126ms
[10.653s][info][gc,cpu         ] GC(146) User=3.52s Sys=0.03s Real=0.51s
[10.664s][info][gc,start       ] GC(147) Pause Young (Allocation Failure)
[10.682s][info][gc,heap        ] GC(147) PSYoungGen: 9728K(135680K)->9824K(134656K) Eden: 9728K(9728K)->0K(8704K) From: 0K(125952K)->9824K(125952K)
[10.682s][info][gc,heap        ] GC(147) ParOldGen: 1593313K(1761280K)->1593313K(1761280K)
[10.682s][info][gc,metaspace   ] GC(147) Metaspace: 6298K(6464K)->6298K(6464K) NonClass: 5764K(5824K)->5764K(5824K) Class: 533K(640K)->533K(640K)
[10.682s][info][gc             ] GC(147) Pause Young (Allocation Failure) 1565M->1565M(1851M) 17.831ms
[10.682s][info][gc,cpu         ] GC(147) User=0.03s Sys=0.00s Real=0.02s
[10.690s][info][gc,start       ] GC(148) Pause Young (Allocation Failure)
[10.711s][info][gc,heap        ] GC(148) PSYoungGen: 18528K(134656K)->18560K(137216K) Eden: 8704K(8704K)->0K(8704K) From: 9824K(125952K)->18560K(128512K)
[10.711s][info][gc,heap        ] GC(148) ParOldGen: 1593313K(1761280K)->1593313K(1761280K)
[10.711s][info][gc,metaspace   ] GC(148) Metaspace: 6298K(6464K)->6298K(6464K) NonClass: 5764K(5824K)->5764K(5824K) Class: 533K(640K)->533K(640K)
[10.711s][info][gc             ] GC(148) Pause Young (Allocation Failure) 1574M->1574M(1854M) 20.961ms
[10.711s][info][gc,cpu         ] GC(148) User=0.02s Sys=0.00s Real=0.02s
[10.719s][info][gc,start       ] GC(149) Pause Young (Allocation Failure)
[10.741s][info][gc,heap        ] GC(149) PSYoungGen: 27264K(137216K)->8864K(137728K) Eden: 8704K(8704K)->0K(10240K) From: 18560K(128512K)->8864K(127488K)
[10.741s][info][gc,heap        ] GC(149) ParOldGen: 1593313K(1761280K)->1611953K(1761280K)
[10.741s][info][gc,metaspace   ] GC(149) Metaspace: 6298K(6464K)->6298K(6464K) NonClass: 5764K(5824K)->5764K(5824K) Class: 533K(640K)->533K(640K)
[10.741s][info][gc             ] GC(149) Pause Young (Allocation Failure) 1582M->1582M(1854M) 21.815ms
[10.741s][info][gc,cpu         ] GC(149) User=0.03s Sys=0.00s Real=0.02s
[10.751s][info][gc,start       ] GC(150) Pause Young (Allocation Failure)
[10.770s][info][gc,heap        ] GC(150) PSYoungGen: 19104K(137728K)->10336K(137728K) Eden: 10240K(10240K)->0K(10240K) From: 8864K(127488K)->10336K(127488K)
[10.770s][info][gc,heap        ] GC(150) ParOldGen: 1611953K(1761280K)->1620761K(1761280K)
[10.770s][info][gc,metaspace   ] GC(150) Metaspace: 6298K(6464K)->6298K(6464K) NonClass: 5764K(5824K)->5764K(5824K) Class: 533K(640K)->533K(640K)
[10.771s][info][gc             ] GC(150) Pause Young (Allocation Failure) 1592M->1592M(1854M) 19.416ms
[10.771s][info][gc,cpu         ] GC(150) User=0.02s Sys=0.00s Real=0.02s
[10.780s][info][gc,start       ] GC(151) Pause Young (Allocation Failure)
[10.802s][info][gc,heap        ] GC(151) PSYoungGen: 20576K(137728K)->10368K(132608K) Eden: 10240K(10240K)->0K(11776K) From: 10336K(127488K)->10368K(120832K)
[10.802s][info][gc,heap        ] GC(151) ParOldGen: 1620761K(1761280K)->1631137K(1761280K)
[10.802s][info][gc,metaspace   ] GC(151) Metaspace: 6298K(6464K)->6298K(6464K) NonClass: 5764K(5824K)->5764K(5824K) Class: 533K(640K)->533K(640K)
[10.802s][info][gc             ] GC(151) Pause Young (Allocation Failure) 1602M->1603M(1849M) 21.836ms
[10.802s][info][gc,cpu         ] GC(151) User=0.03s Sys=0.00s Real=0.02s
[10.814s][info][gc,start       ] GC(152) Pause Young (Allocation Failure)
[10.836s][info][gc,heap        ] GC(152) PSYoungGen: 22144K(132608K)->11936K(24064K) Eden: 11776K(11776K)->0K(11776K) From: 10368K(120832K)->11936K(12288K)
[10.836s][info][gc,heap        ] GC(152) ParOldGen: 1631137K(1761280K)->1641505K(1761280K)
[10.836s][info][gc,metaspace   ] GC(152) Metaspace: 6298K(6464K)->6298K(6464K) NonClass: 5764K(5824K)->5764K(5824K) Class: 533K(640K)->533K(640K)
[10.836s][info][gc             ] GC(152) Pause Young (Allocation Failure) 1614M->1614M(1743M) 21.942ms
[10.836s][info][gc,cpu         ] GC(152) User=0.03s Sys=0.00s Real=0.02s
[10.847s][info][gc,start       ] GC(153) Pause Young (Allocation Failure)
[10.870s][info][gc,heap        ] GC(153) PSYoungGen: 23712K(24064K)->11840K(125952K) Eden: 11776K(11776K)->0K(13824K) From: 11936K(12288K)->11840K(112128K)
[10.870s][info][gc,heap        ] GC(153) ParOldGen: 1641505K(1761280K)->1653441K(1761280K)
[10.870s][info][gc,metaspace   ] GC(153) Metaspace: 6298K(6464K)->6298K(6464K) NonClass: 5764K(5824K)->5764K(5824K) Class: 533K(640K)->533K(640K)
[10.870s][info][gc             ] GC(153) Pause Young (Allocation Failure) 1626M->1626M(1843M) 22.798ms
[10.870s][info][gc,cpu         ] GC(153) User=0.02s Sys=0.00s Real=0.02s
[10.884s][info][gc,start       ] GC(154) Pause Young (Allocation Failure)
[10.907s][info][gc,heap        ] GC(154) PSYoungGen: 25664K(125952K)->13952K(28160K) Eden: 13824K(13824K)->0K(13824K) From: 11840K(112128K)->13952K(14336K)
[10.907s][info][gc,heap        ] GC(154) ParOldGen: 1653441K(1761280K)->1665385K(1761280K)
[10.907s][info][gc,metaspace   ] GC(154) Metaspace: 6298K(6464K)->6298K(6464K) NonClass: 5764K(5824K)->5764K(5824K) Class: 533K(640K)->533K(640K)
[10.907s][info][gc             ] GC(154) Pause Young (Allocation Failure) 1639M->1639M(1747M) 22.772ms
[10.907s][info][gc,cpu         ] GC(154) User=0.03s Sys=0.00s Real=0.02s
[10.920s][info][gc,start       ] GC(155) Pause Young (Allocation Failure)
[10.947s][info][gc,heap        ] GC(155) PSYoungGen: 27776K(28160K)->13952K(118272K) Eden: 13824K(13824K)->0K(15872K) From: 13952K(14336K)->13952K(102400K)
[10.947s][info][gc,heap        ] GC(155) ParOldGen: 1665385K(1761280K)->1679377K(1761280K)
[10.947s][info][gc,metaspace   ] GC(155) Metaspace: 6298K(6464K)->6298K(6464K) NonClass: 5764K(5824K)->5764K(5824K) Class: 533K(640K)->533K(640K)
[10.947s][info][gc             ] GC(155) Pause Young (Allocation Failure) 1653M->1653M(1835M) 26.717ms
[10.947s][info][gc,cpu         ] GC(155) User=0.00s Sys=0.00s Real=0.03s
[10.963s][info][gc,start       ] GC(156) Pause Young (Allocation Failure)
[10.988s][info][gc,heap        ] GC(156) PSYoungGen: 29824K(118272K)->16000K(32256K) Eden: 15872K(15872K)->0K(15872K) From: 13952K(102400K)->16000K(16384K)
[10.988s][info][gc,heap        ] GC(156) ParOldGen: 1679377K(1761280K)->1693377K(1761280K)
[10.988s][info][gc,metaspace   ] GC(156) Metaspace: 6298K(6464K)->6298K(6464K) NonClass: 5764K(5824K)->5764K(5824K) Class: 533K(640K)->533K(640K)
[10.988s][info][gc             ] GC(156) Pause Young (Allocation Failure) 1669M->1669M(1751M) 24.737ms
[10.988s][info][gc,cpu         ] GC(156) User=0.03s Sys=0.00s Real=0.03s
[11.004s][info][gc,start       ] GC(157) Pause Young (Allocation Failure)
[11.032s][info][gc,heap        ] GC(157) PSYoungGen: 31872K(32256K)->15968K(110592K) Eden: 15872K(15872K)->0K(18432K) From: 16000K(16384K)->15968K(92160K)
[11.032s][info][gc,heap        ] GC(157) ParOldGen: 1693377K(1761280K)->1709457K(1761280K)
[11.032s][info][gc,metaspace   ] GC(157) Metaspace: 6298K(6464K)->6298K(6464K) NonClass: 5764K(5824K)->5764K(5824K) Class: 533K(640K)->533K(640K)
[11.032s][info][gc             ] GC(157) Pause Young (Allocation Failure) 1684M->1684M(1828M) 27.225ms
[11.032s][info][gc,cpu         ] GC(157) User=0.03s Sys=0.00s Real=0.03s
[11.052s][info][gc,start       ] GC(158) Pause Young (Allocation Failure)
[11.081s][info][gc,heap        ] GC(158) PSYoungGen: 34400K(110592K)->18560K(37376K) Eden: 18432K(18432K)->0K(18432K) From: 15968K(92160K)->18560K(18944K)
[11.081s][info][gc,heap        ] GC(158) ParOldGen: 1709457K(1761280K)->1725553K(1761280K)
[11.081s][info][gc,metaspace   ] GC(158) Metaspace: 6298K(6464K)->6298K(6464K) NonClass: 5764K(5824K)->5764K(5824K) Class: 533K(640K)->533K(640K)
[11.081s][info][gc             ] GC(158) Pause Young (Allocation Failure) 1702M->1703M(1756M) 29.052ms
[11.081s][info][gc,cpu         ] GC(158) User=0.03s Sys=0.00s Real=0.03s
[11.101s][info][gc,start       ] GC(159) Pause Young (Allocation Failure)
[11.129s][info][gc,heap        ] GC(159) PSYoungGen: 36992K(37376K)->18560K(102912K) Eden: 18432K(18432K)->0K(20992K) From: 18560K(18944K)->18560K(81920K)
[11.129s][info][gc,heap        ] GC(159) ParOldGen: 1725553K(1761280K)->1744241K(1761280K)
[11.129s][info][gc,metaspace   ] GC(159) Metaspace: 6298K(6464K)->6298K(6464K) NonClass: 5764K(5824K)->5764K(5824K) Class: 533K(640K)->533K(640K)
[11.129s][info][gc             ] GC(159) Pause Young (Allocation Failure) 1721M->1721M(1820M) 28.166ms
[11.129s][info][gc,cpu         ] GC(159) User=0.05s Sys=0.00s Real=0.03s
[11.129s][info][gc,start       ] GC(160) Pause Full (Ergonomics)
[11.129s][info][gc,phases,start] GC(160) Marking Phase
[11.517s][info][gc,phases      ] GC(160) Marking Phase 387.363ms
[11.517s][info][gc,phases,start] GC(160) Summary Phase
[11.517s][info][gc,phases      ] GC(160) Summary Phase 0.041ms
[11.517s][info][gc,phases,start] GC(160) Adjust Roots
[11.517s][info][gc,phases      ] GC(160) Adjust Roots 0.158ms
[11.517s][info][gc,phases,start] GC(160) Compaction Phase
[11.686s][info][gc,phases      ] GC(160) Compaction Phase 169.138ms
[11.686s][info][gc,phases,start] GC(160) Post Compact
[11.689s][info][gc,phases      ] GC(160) Post Compact 3.305ms
[11.690s][info][gc,heap        ] GC(160) PSYoungGen: 18560K(102912K)->0K(108032K) Eden: 0K(20992K)->0K(20992K) From: 18560K(81920K)->0K(87040K)
[11.690s][info][gc,heap        ] GC(160) ParOldGen: 1744241K(1761280K)->1760317K(1918464K)
[11.690s][info][gc,metaspace   ] GC(160) Metaspace: 6298K(6464K)->6298K(6464K) NonClass: 5764K(5824K)->5764K(5824K) Class: 533K(640K)->533K(640K)
[11.690s][info][gc             ] GC(160) Pause Full (Ergonomics) 1721M->1719M(1979M) 561.108ms
[11.690s][info][gc,cpu         ] GC(160) User=4.06s Sys=0.03s Real=0.56s
[11.716s][info][gc,start       ] GC(161) Pause Young (Allocation Failure)
[11.741s][info][gc,heap        ] GC(161) PSYoungGen: 20992K(108032K)->21152K(99840K) Eden: 20992K(20992K)->0K(23552K) From: 0K(87040K)->21152K(76288K)
[11.741s][info][gc,heap        ] GC(161) ParOldGen: 1760317K(1918464K)->1760317K(1918464K)
[11.741s][info][gc,metaspace   ] GC(161) Metaspace: 6298K(6464K)->6298K(6464K) NonClass: 5764K(5824K)->5764K(5824K) Class: 533K(640K)->533K(640K)
[11.741s][info][gc             ] GC(161) Pause Young (Allocation Failure) 1739M->1739M(1971M) 25.142ms
[11.741s][info][gc,cpu         ] GC(161) User=0.03s Sys=0.00s Real=0.03s
[11.767s][info][gc,start       ] GC(162) Pause Young (Allocation Failure)
[11.797s][info][gc,heap        ] GC(162) PSYoungGen: 44704K(99840K)->44736K(105472K) Eden: 23552K(23552K)->0K(23552K) From: 21152K(76288K)->44736K(81920K)
[11.797s][info][gc,heap        ] GC(162) ParOldGen: 1760317K(1918464K)->1760317K(1918464K)
[11.797s][info][gc,metaspace   ] GC(162) Metaspace: 6298K(6464K)->6298K(6464K) NonClass: 5764K(5824K)->5764K(5824K) Class: 533K(640K)->533K(640K)
[11.797s][info][gc             ] GC(162) Pause Young (Allocation Failure) 1762M->1762M(1976M) 29.881ms
[11.797s][info][gc,cpu         ] GC(162) User=0.03s Sys=0.00s Real=0.03s
[11.820s][info][gc,start       ] GC(163) Pause Young (Allocation Failure)
[11.858s][info][gc,heap        ] GC(163) PSYoungGen: 68288K(105472K)->47264K(108032K) Eden: 23552K(23552K)->0K(24576K) From: 44736K(81920K)->47264K(83456K)
[11.858s][info][gc,heap        ] GC(163) ParOldGen: 1760317K(1918464K)->1781589K(1918464K)
[11.858s][info][gc,metaspace   ] GC(163) Metaspace: 6298K(6464K)->6298K(6464K) NonClass: 5764K(5824K)->5764K(5824K) Class: 533K(640K)->533K(640K)
[11.858s][info][gc             ] GC(163) Pause Young (Allocation Failure) 1785M->1785M(1979M) 37.591ms
[11.858s][info][gc,cpu         ] GC(163) User=0.25s Sys=0.02s Real=0.04s
[11.884s][info][gc,start       ] GC(164) Pause Young (Allocation Failure)
[11.922s][info][gc,heap        ] GC(164) PSYoungGen: 71840K(108032K)->48320K(109568K) Eden: 24576K(24576K)->0K(24576K) From: 47264K(83456K)->48320K(84992K)
[11.922s][info][gc,heap        ] GC(164) ParOldGen: 1781589K(1918464K)->1805477K(1918464K)
[11.922s][info][gc,metaspace   ] GC(164) Metaspace: 6298K(6464K)->6298K(6464K) NonClass: 5764K(5824K)->5764K(5824K) Class: 533K(640K)->533K(640K)
[11.922s][info][gc             ] GC(164) Pause Young (Allocation Failure) 1809M->1810M(1980M) 38.116ms
[11.922s][info][gc,cpu         ] GC(164) User=0.22s Sys=0.05s Real=0.04s
[11.949s][info][gc,start       ] GC(165) Pause Young (Allocation Failure)
[11.988s][info][gc,heap        ] GC(165) PSYoungGen: 72896K(109568K)->49312K(113152K) Eden: 24576K(24576K)->0K(26624K) From: 48320K(84992K)->49312K(86528K)
[11.988s][info][gc,heap        ] GC(165) ParOldGen: 1805477K(1918464K)->1829349K(1918464K)
[11.988s][info][gc,metaspace   ] GC(165) Metaspace: 6298K(6464K)->6298K(6464K) NonClass: 5764K(5824K)->5764K(5824K) Class: 533K(640K)->533K(640K)
[11.988s][info][gc             ] GC(165) Pause Young (Allocation Failure) 1834M->1834M(1984M) 39.394ms
[11.988s][info][gc,cpu         ] GC(165) User=0.27s Sys=0.00s Real=0.04s
[12.018s][info][gc,start       ] GC(166) Pause Young (Allocation Failure)
[12.057s][info][gc,heap        ] GC(166) PSYoungGen: 75936K(113152K)->51424K(114176K) Eden: 26624K(26624K)->0K(26624K) From: 49312K(86528K)->51424K(87552K)
[12.057s][info][gc,heap        ] GC(166) ParOldGen: 1829349K(1918464K)->1854253K(1918464K)
[12.057s][info][gc,metaspace   ] GC(166) Metaspace: 6298K(6464K)->6298K(6464K) NonClass: 5764K(5824K)->5764K(5824K) Class: 533K(640K)->533K(640K)
[12.057s][info][gc             ] GC(166) Pause Young (Allocation Failure) 1860M->1861M(1985M) 39.305ms
[12.057s][info][gc,cpu         ] GC(166) User=0.16s Sys=0.02s Real=0.04s
[12.087s][info][gc,start       ] GC(167) Pause Young (Allocation Failure)
[12.128s][info][gc,heap        ] GC(167) PSYoungGen: 78048K(114176K)->53408K(117248K) Eden: 26624K(26624K)->0K(28672K) From: 51424K(87552K)->53408K(88576K)
[12.128s][info][gc,heap        ] GC(167) ParOldGen: 1854253K(1918464K)->1879181K(1918464K)
[12.128s][info][gc,metaspace   ] GC(167) Metaspace: 6298K(6464K)->6298K(6464K) NonClass: 5764K(5824K)->5764K(5824K) Class: 533K(640K)->533K(640K)
[12.128s][info][gc             ] GC(167) Pause Young (Allocation Failure) 1887M->1887M(1988M) 40.313ms
[12.128s][info][gc,cpu         ] GC(167) User=0.27s Sys=0.00s Real=0.04s
[12.161s][info][gc,start       ] GC(168) Pause Young (Allocation Failure)
[12.203s][info][gc,heap        ] GC(168) PSYoungGen: 82080K(117248K)->55456K(118784K) Eden: 28672K(28672K)->0K(28672K) From: 53408K(88576K)->55456K(90112K)
[12.203s][info][gc,heap        ] GC(168) ParOldGen: 1879181K(1918464K)->1906181K(1918464K)
[12.203s][info][gc,metaspace   ] GC(168) Metaspace: 6298K(6464K)->6298K(6464K) NonClass: 5764K(5824K)->5764K(5824K) Class: 533K(640K)->533K(640K)
[12.204s][info][gc             ] GC(168) Pause Young (Allocation Failure) 1915M->1915M(1989M) 42.525ms
[12.204s][info][gc,cpu         ] GC(168) User=0.22s Sys=0.03s Real=0.04s
[12.204s][info][gc,start       ] GC(169) Pause Full (Ergonomics)
[12.204s][info][gc,phases,start] GC(169) Marking Phase
[12.639s][info][gc,phases      ] GC(169) Marking Phase 435.885ms
[12.640s][info][gc,phases,start] GC(169) Summary Phase
[12.640s][info][gc,phases      ] GC(169) Summary Phase 0.033ms
[12.640s][info][gc,phases,start] GC(169) Adjust Roots
[12.640s][info][gc,phases      ] GC(169) Adjust Roots 0.194ms
[12.640s][info][gc,phases,start] GC(169) Compaction Phase
[12.844s][info][gc,phases      ] GC(169) Compaction Phase 204.401ms
[12.844s][info][gc,phases,start] GC(169) Post Compact
[12.848s][info][gc,phases      ] GC(169) Post Compact 3.458ms
[12.848s][info][gc,heap        ] GC(169) PSYoungGen: 55456K(118784K)->40923K(118784K) Eden: 0K(28672K)->0K(28672K) From: 55456K(90112K)->40923K(90112K)
[12.848s][info][gc,heap        ] GC(169) ParOldGen: 1906181K(1918464K)->1918319K(2098688K)
[12.848s][info][gc,metaspace   ] GC(169) Metaspace: 6298K(6464K)->6298K(6464K) NonClass: 5764K(5824K)->5764K(5824K) Class: 533K(640K)->533K(640K)
[12.848s][info][gc             ] GC(169) Pause Full (Ergonomics) 1915M->1913M(2165M) 644.869ms
[12.848s][info][gc,cpu         ] GC(169) User=4.53s Sys=0.02s Real=0.65s
[12.885s][info][gc,start       ] GC(170) Pause Young (Allocation Failure)
[12.999s][info][gc,heap        ] GC(170) PSYoungGen: 69595K(118784K)->49664K(120832K) Eden: 28672K(28672K)->0K(31744K) From: 40923K(90112K)->49664K(89088K)
[12.999s][info][gc,heap        ] GC(170) ParOldGen: 1918319K(2098688K)->1938791K(2098688K)
[12.999s][info][gc,metaspace   ] GC(170) Metaspace: 6298K(6464K)->6298K(6464K) NonClass: 5764K(5824K)->5764K(5824K) Class: 533K(640K)->533K(640K)
[12.999s][info][gc             ] GC(170) Pause Young (Allocation Failure) 1941M->1941M(2167M) 113.608ms
[12.999s][info][gc,cpu         ] GC(170) User=0.75s Sys=0.02s Real=0.11s
[13.039s][info][gc,start       ] GC(171) Pause Young (Allocation Failure)
[13.083s][info][gc,heap        ] GC(171) PSYoungGen: 81408K(120832K)->81344K(122368K) Eden: 31744K(31744K)->0K(31744K) From: 49664K(89088K)->81344K(90624K)
[13.083s][info][gc,heap        ] GC(171) ParOldGen: 1938791K(2098688K)->1938791K(2098688K)
[13.083s][info][gc,metaspace   ] GC(171) Metaspace: 6298K(6464K)->6298K(6464K) NonClass: 5764K(5824K)->5764K(5824K) Class: 533K(640K)->533K(640K)
[13.083s][info][gc             ] GC(171) Pause Young (Allocation Failure) 1972M->1972M(2169M) 44.358ms
[13.083s][info][gc,cpu         ] GC(171) User=0.27s Sys=0.00s Real=0.04s
[13.119s][info][gc,start       ] GC(172) Pause Young (Allocation Failure)
[13.179s][info][gc,heap        ] GC(172) PSYoungGen: 113088K(122368K)->100864K(116224K) Eden: 31744K(31744K)->0K(15360K) From: 81344K(90624K)->100864K(100864K)
[13.179s][info][gc,heap        ] GC(172) ParOldGen: 1938791K(2098688K)->1951135K(2098688K)
[13.179s][info][gc,metaspace   ] GC(172) Metaspace: 6298K(6464K)->6298K(6464K) NonClass: 5764K(5824K)->5764K(5824K) Class: 533K(640K)->533K(640K)
[13.179s][info][gc             ] GC(172) Pause Young (Allocation Failure) 2003M->2003M(2163M) 59.801ms
[13.179s][info][gc,cpu         ] GC(172) User=0.38s Sys=0.02s Real=0.06s
[13.195s][info][gc,start       ] GC(173) Pause Young (Allocation Failure)
[13.252s][info][gc,heap        ] GC(173) PSYoungGen: 116224K(116224K)->72416K(136192K) Eden: 15360K(15360K)->0K(15360K) From: 100864K(100864K)->72416K(120832K)
[13.253s][info][gc,heap        ] GC(173) ParOldGen: 1951135K(2098688K)->1995567K(2098688K)
[13.253s][info][gc,metaspace   ] GC(173) Metaspace: 6298K(6464K)->6298K(6464K) NonClass: 5764K(5824K)->5764K(5824K) Class: 533K(640K)->533K(640K)
[13.253s][info][gc             ] GC(173) Pause Young (Allocation Failure) 2018M->2019M(2182M) 57.297ms
[13.253s][info][gc,cpu         ] GC(173) User=0.36s Sys=0.03s Real=0.06s
[13.269s][info][gc,start       ] GC(174) Pause Young (Allocation Failure)
[13.314s][info][gc,heap        ] GC(174) PSYoungGen: 87776K(136192K)->58592K(129024K) Eden: 15360K(15360K)->0K(17408K) From: 72416K(120832K)->58592K(111616K)
[13.314s][info][gc,heap        ] GC(174) ParOldGen: 1995567K(2098688K)->2025135K(2098688K)
[13.314s][info][gc,metaspace   ] GC(174) Metaspace: 6298K(6464K)->6298K(6464K) NonClass: 5764K(5824K)->5764K(5824K) Class: 533K(640K)->533K(640K)
[13.314s][info][gc             ] GC(174) Pause Young (Allocation Failure) 2034M->2034M(2175M) 45.648ms
[13.314s][info][gc,cpu         ] GC(174) User=0.25s Sys=0.02s Real=0.05s
[13.332s][info][gc,start       ] GC(175) Pause Young (Allocation Failure)
[13.373s][info][gc,heap        ] GC(175) PSYoungGen: 76000K(129024K)->32864K(134144K) Eden: 17408K(17408K)->0K(17408K) From: 58592K(111616K)->32864K(116736K)
[13.373s][info][gc,heap        ] GC(175) ParOldGen: 2025135K(2098688K)->2068839K(2098688K)
[13.373s][info][gc,metaspace   ] GC(175) Metaspace: 6298K(6464K)->6298K(6464K) NonClass: 5764K(5824K)->5764K(5824K) Class: 533K(640K)->533K(640K)
[13.373s][info][gc             ] GC(175) Pause Young (Allocation Failure) 2051M->2052M(2180M) 41.765ms
[13.373s][info][gc,cpu         ] GC(175) User=0.22s Sys=0.02s Real=0.04s
[13.374s][info][gc,start       ] GC(176) Pause Full (Ergonomics)
[13.374s][info][gc,phases,start] GC(176) Marking Phase
[13.848s][info][gc,phases      ] GC(176) Marking Phase 473.960ms
[13.848s][info][gc,phases,start] GC(176) Summary Phase
[13.848s][info][gc,phases      ] GC(176) Summary Phase 0.037ms
[13.848s][info][gc,phases,start] GC(176) Adjust Roots
[13.848s][info][gc,phases      ] GC(176) Adjust Roots 0.172ms
[13.848s][info][gc,phases,start] GC(176) Compaction Phase
[14.028s][info][gc,phases      ] GC(176) Compaction Phase 180.348ms
[14.028s][info][gc,phases,start] GC(176) Post Compact
[14.032s][info][gc,phases      ] GC(176) Post Compact 3.833ms
[14.033s][info][gc,heap        ] GC(176) PSYoungGen: 32864K(134144K)->1036K(134144K) Eden: 0K(17408K)->0K(17408K) From: 32864K(116736K)->1036K(116736K)
[14.033s][info][gc,heap        ] GC(176) ParOldGen: 2068839K(2098688K)->2098306K(2306048K)
[14.033s][info][gc,metaspace   ] GC(176) Metaspace: 6298K(6464K)->6298K(6464K) NonClass: 5764K(5824K)->5764K(5824K) Class: 533K(640K)->533K(640K)
[14.033s][info][gc             ] GC(176) Pause Full (Ergonomics) 2052M->2050M(2383M) 659.456ms
[14.033s][info][gc,cpu         ] GC(176) User=4.77s Sys=0.03s Real=0.66s
[14.054s][info][gc,start       ] GC(177) Pause Young (Allocation Failure)
[14.152s][info][gc,heap        ] GC(177) PSYoungGen: 18444K(134144K)->17536K(132096K) Eden: 17408K(17408K)->0K(19456K) From: 1036K(116736K)->17536K(112640K)
[14.152s][info][gc,heap        ] GC(177) ParOldGen: 2098306K(2306048K)->2099394K(2306048K)
[14.152s][info][gc,metaspace   ] GC(177) Metaspace: 6298K(6464K)->6298K(6464K) NonClass: 5764K(5824K)->5764K(5824K) Class: 533K(640K)->533K(640K)
[14.152s][info][gc             ] GC(177) Pause Young (Allocation Failure) 2067M->2067M(2381M) 98.708ms
[14.152s][info][gc,cpu         ] GC(177) User=0.64s Sys=0.00s Real=0.10s
[14.173s][info][gc,start       ] GC(178) Pause Young (Allocation Failure)
[14.203s][info][gc,heap        ] GC(178) PSYoungGen: 36992K(132096K)->19584K(133120K) Eden: 19456K(19456K)->0K(19456K) From: 17536K(112640K)->19584K(113664K)
[14.203s][info][gc,heap        ] GC(178) ParOldGen: 2099394K(2306048K)->2117042K(2306048K)
[14.203s][info][gc,metaspace   ] GC(178) Metaspace: 6298K(6464K)->6298K(6464K) NonClass: 5764K(5824K)->5764K(5824K) Class: 533K(640K)->533K(640K)
[14.203s][info][gc             ] GC(178) Pause Young (Allocation Failure) 2086M->2086M(2382M) 29.771ms
[14.203s][info][gc,cpu         ] GC(178) User=0.09s Sys=0.02s Real=0.03s
[14.223s][info][gc,start       ] GC(179) Pause Young (Allocation Failure)
[14.252s][info][gc,heap        ] GC(179) PSYoungGen: 39040K(133120K)->19584K(129024K) Eden: 19456K(19456K)->0K(22016K) From: 19584K(113664K)->19584K(107008K)
[14.252s][info][gc,heap        ] GC(179) ParOldGen: 2117042K(2306048K)->2136778K(2306048K)
[14.252s][info][gc,metaspace   ] GC(179) Metaspace: 6298K(6464K)->6298K(6464K) NonClass: 5764K(5824K)->5764K(5824K) Class: 533K(640K)->533K(640K)
[14.252s][info][gc             ] GC(179) Pause Young (Allocation Failure) 2105M->2105M(2378M) 28.410ms
[14.252s][info][gc,cpu         ] GC(179) User=0.14s Sys=0.00s Real=0.03s
[14.275s][info][gc,start       ] GC(180) Pause Young (Allocation Failure)
[14.306s][info][gc,heap        ] GC(180) PSYoungGen: 41600K(129024K)->22176K(44544K) Eden: 22016K(22016K)->0K(22016K) From: 19584K(107008K)->22176K(22528K)
[14.306s][info][gc,heap        ] GC(180) ParOldGen: 2136778K(2306048K)->2156506K(2306048K)
[14.306s][info][gc,metaspace   ] GC(180) Metaspace: 6298K(6464K)->6298K(6464K) NonClass: 5764K(5824K)->5764K(5824K) Class: 533K(640K)->533K(640K)
[14.306s][info][gc             ] GC(180) Pause Young (Allocation Failure) 2127M->2127M(2295M) 31.295ms
[14.306s][info][gc,cpu         ] GC(180) User=0.06s Sys=0.00s Real=0.03s
[14.333s][info][gc,start       ] GC(181) Pause Young (Allocation Failure)
[14.365s][info][gc,heap        ] GC(181) PSYoungGen: 44192K(44544K)->22144K(124928K) Eden: 22016K(22016K)->0K(24576K) From: 22176K(22528K)->22144K(100352K)
[14.365s][info][gc,heap        ] GC(181) ParOldGen: 2156506K(2306048K)->2178826K(2306048K)
[14.365s][info][gc,metaspace   ] GC(181) Metaspace: 6298K(6464K)->6298K(6464K) NonClass: 5764K(5824K)->5764K(5824K) Class: 533K(640K)->533K(640K)
[14.365s][info][gc             ] GC(181) Pause Young (Allocation Failure) 2149M->2149M(2374M) 32.541ms
[14.365s][info][gc,cpu         ] GC(181) User=0.11s Sys=0.00s Real=0.03s
[14.398s][info][gc,start       ] GC(182) Pause Young (Allocation Failure)
[14.433s][info][gc,heap        ] GC(182) PSYoungGen: 46720K(124928K)->24736K(49664K) Eden: 24576K(24576K)->0K(24576K) From: 22144K(100352K)->24736K(25088K)
[14.433s][info][gc,heap        ] GC(182) ParOldGen: 2178826K(2306048K)->2201146K(2306048K)
[14.433s][info][gc,metaspace   ] GC(182) Metaspace: 6298K(6464K)->6298K(6464K) NonClass: 5764K(5824K)->5764K(5824K) Class: 533K(640K)->533K(640K)
[14.433s][info][gc             ] GC(182) Pause Young (Allocation Failure) 2173M->2173M(2300M) 34.619ms
[14.433s][info][gc,cpu         ] GC(182) User=0.16s Sys=0.00s Real=0.03s
[14.465s][info][gc,start       ] GC(183) Pause Young (Allocation Failure)
[14.505s][info][gc,heap        ] GC(183) PSYoungGen: 49312K(49664K)->24736K(118784K) Eden: 24576K(24576K)->0K(27648K) From: 24736K(25088K)->24736K(91136K)
[14.505s][info][gc,heap        ] GC(183) ParOldGen: 2201146K(2306048K)->2226074K(2306048K)
[14.505s][info][gc,metaspace   ] GC(183) Metaspace: 6298K(6464K)->6298K(6464K) NonClass: 5764K(5824K)->5764K(5824K) Class: 533K(640K)->533K(640K)
[14.505s][info][gc             ] GC(183) Pause Young (Allocation Failure) 2197M->2198M(2368M) 40.265ms
[14.505s][info][gc,cpu         ] GC(183) User=0.16s Sys=0.00s Real=0.04s
[14.536s][info][gc,start       ] GC(184) Pause Young (Allocation Failure)
[14.573s][info][gc,heap        ] GC(184) PSYoungGen: 52384K(118784K)->27808K(55808K) Eden: 27648K(27648K)->0K(27648K) From: 24736K(91136K)->27808K(28160K)
[14.573s][info][gc,heap        ] GC(184) ParOldGen: 2226074K(2306048K)->2251010K(2306048K)
[14.573s][info][gc,metaspace   ] GC(184) Metaspace: 6298K(6464K)->6298K(6464K) NonClass: 5764K(5824K)->5764K(5824K) Class: 533K(640K)->533K(640K)
[14.573s][info][gc             ] GC(184) Pause Young (Allocation Failure) 2225M->2225M(2306M) 36.901ms
[14.573s][info][gc,cpu         ] GC(184) User=0.16s Sys=0.00s Real=0.04s
[14.608s][info][gc,start       ] GC(185) Pause Young (Allocation Failure)
[14.644s][info][gc,heap        ] GC(185) PSYoungGen: 55456K(55808K)->27776K(113152K) Eden: 27648K(27648K)->0K(30720K) From: 27808K(28160K)->27776K(82432K)
[14.644s][info][gc,heap        ] GC(185) ParOldGen: 2251010K(2306048K)->2278946K(2306048K)
[14.644s][info][gc,metaspace   ] GC(185) Metaspace: 6298K(6464K)->6298K(6464K) NonClass: 5764K(5824K)->5764K(5824K) Class: 533K(640K)->533K(640K)
[14.644s][info][gc             ] GC(185) Pause Young (Allocation Failure) 2252M->2252M(2362M) 36.060ms
[14.644s][info][gc,cpu         ] GC(185) User=0.14s Sys=0.00s Real=0.04s
[14.644s][info][gc,start       ] GC(186) Pause Full (Ergonomics)
[14.644s][info][gc,phases,start] GC(186) Marking Phase
[15.166s][info][gc,phases      ] GC(186) Marking Phase 521.824ms
[15.166s][info][gc,phases,start] GC(186) Summary Phase
[15.166s][info][gc,phases      ] GC(186) Summary Phase 0.046ms
[15.166s][info][gc,phases,start] GC(186) Adjust Roots
[15.166s][info][gc,phases      ] GC(186) Adjust Roots 0.157ms
[15.166s][info][gc,phases,start] GC(186) Compaction Phase
[15.368s][info][gc,phases      ] GC(186) Compaction Phase 201.570ms
[15.368s][info][gc,phases,start] GC(186) Post Compact
[15.372s][info][gc,phases      ] GC(186) Post Compact 4.197ms
[15.373s][info][gc,heap        ] GC(186) PSYoungGen: 27776K(113152K)->0K(117248K) Eden: 0K(30720K)->0K(30720K) From: 27776K(82432K)->0K(86528K)
[15.373s][info][gc,heap        ] GC(186) ParOldGen: 2278946K(2306048K)->2303872K(2518016K)
[15.373s][info][gc,metaspace   ] GC(186) Metaspace: 6298K(6464K)->6298K(6464K) NonClass: 5764K(5824K)->5764K(5824K) Class: 533K(640K)->533K(640K)
[15.373s][info][gc             ] GC(186) Pause Full (Ergonomics) 2252M->2249M(2573M) 728.937ms
[15.373s][info][gc,cpu         ] GC(186) User=5.52s Sys=0.00s Real=0.73s
[15.414s][info][gc,start       ] GC(187) Pause Young (Allocation Failure)
[15.442s][info][gc,heap        ] GC(187) PSYoungGen: 30720K(117248K)->30848K(110592K) Eden: 30720K(30720K)->0K(33792K) From: 0K(86528K)->30848K(76800K)
[15.442s][info][gc,heap        ] GC(187) ParOldGen: 2303872K(2518016K)->2303872K(2518016K)
[15.442s][info][gc,metaspace   ] GC(187) Metaspace: 6298K(6464K)->6298K(6464K) NonClass: 5764K(5824K)->5764K(5824K) Class: 533K(640K)->533K(640K)
[15.442s][info][gc             ] GC(187) Pause Young (Allocation Failure) 2279M->2280M(2567M) 28.392ms
[15.442s][info][gc,cpu         ] GC(187) User=0.03s Sys=0.00s Real=0.03s
[15.482s][info][gc,start       ] GC(188) Pause Young (Allocation Failure)
[15.521s][info][gc,heap        ] GC(188) PSYoungGen: 64640K(110592K)->64736K(115712K) Eden: 33792K(33792K)->0K(33792K) From: 30848K(76800K)->64736K(81920K)
[15.521s][info][gc,heap        ] GC(188) ParOldGen: 2303872K(2518016K)->2303872K(2518016K)
[15.521s][info][gc,metaspace   ] GC(188) Metaspace: 6298K(6464K)->6298K(6464K) NonClass: 5764K(5824K)->5764K(5824K) Class: 533K(640K)->533K(640K)
[15.521s][info][gc             ] GC(188) Pause Young (Allocation Failure) 2313M->2313M(2572M) 39.559ms
[15.521s][info][gc,cpu         ] GC(188) User=0.27s Sys=0.00s Real=0.04s
[15.563s][info][gc,start       ] GC(189) Pause Young (Allocation Failure)
[15.615s][info][gc,heap        ] GC(189) PSYoungGen: 98528K(115712K)->88576K(108544K) Eden: 33792K(33792K)->0K(19968K) From: 64736K(81920K)->88576K(88576K)
[15.615s][info][gc,heap        ] GC(189) ParOldGen: 2303872K(2518016K)->2313808K(2518016K)
[15.615s][info][gc,metaspace   ] GC(189) Metaspace: 6298K(6464K)->6298K(6464K) NonClass: 5764K(5824K)->5764K(5824K) Class: 533K(640K)->533K(640K)
[15.615s][info][gc             ] GC(189) Pause Young (Allocation Failure) 2346M->2346M(2565M) 51.599ms
[15.615s][info][gc,cpu         ] GC(189) User=0.25s Sys=0.02s Real=0.05s
[15.638s][info][gc,start       ] GC(190) Pause Young (Allocation Failure)
[15.693s][info][gc,heap        ] GC(190) PSYoungGen: 108544K(108544K)->50464K(70656K) Eden: 19968K(19968K)->0K(19968K) From: 88576K(88576K)->50464K(50688K)
[15.693s][info][gc,heap        ] GC(190) ParOldGen: 2313808K(2518016K)->2372408K(2518016K)
[15.693s][info][gc,metaspace   ] GC(190) Metaspace: 6298K(6464K)->6298K(6464K) NonClass: 5764K(5824K)->5764K(5824K) Class: 533K(640K)->533K(640K)
[15.693s][info][gc             ] GC(190) Pause Young (Allocation Failure) 2365M->2366M(2528M) 55.038ms
[15.693s][info][gc,cpu         ] GC(190) User=0.44s Sys=0.06s Real=0.05s
[15.718s][info][gc,start       ] GC(191) Pause Young (Allocation Failure)
[15.758s][info][gc,heap        ] GC(191) PSYoungGen: 70432K(70656K)->40064K(114688K) Eden: 19968K(19968K)->0K(22528K) From: 50464K(50688K)->40064K(92160K)
[15.758s][info][gc,heap        ] GC(191) ParOldGen: 2372408K(2518016K)->2403056K(2518016K)
[15.758s][info][gc,metaspace   ] GC(191) Metaspace: 6298K(6464K)->6298K(6464K) NonClass: 5764K(5824K)->5764K(5824K) Class: 533K(640K)->533K(640K)
[15.758s][info][gc             ] GC(191) Pause Young (Allocation Failure) 2385M->2385M(2571M) 39.504ms
[15.758s][info][gc,cpu         ] GC(191) User=0.23s Sys=0.02s Real=0.04s
[15.784s][info][gc,start       ] GC(192) Pause Young (Allocation Failure)
[15.822s][info][gc,heap        ] GC(192) PSYoungGen: 62592K(114688K)->42688K(65536K) Eden: 22528K(22528K)->0K(22528K) From: 40064K(92160K)->42688K(43008K)
[15.822s][info][gc,heap        ] GC(192) ParOldGen: 2403056K(2518016K)->2423200K(2518016K)
[15.822s][info][gc,metaspace   ] GC(192) Metaspace: 6298K(6464K)->6298K(6464K) NonClass: 5764K(5824K)->5764K(5824K) Class: 533K(640K)->533K(640K)
[15.823s][info][gc             ] GC(192) Pause Young (Allocation Failure) 2407M->2408M(2523M) 38.543ms
[15.823s][info][gc,cpu         ] GC(192) User=0.16s Sys=0.00s Real=0.04s
[15.850s][info][gc,start       ] GC(193) Pause Young (Allocation Failure)
[15.890s][info][gc,heap        ] GC(193) PSYoungGen: 65216K(65536K)->45216K(110080K) Eden: 22528K(22528K)->0K(25600K) From: 42688K(43008K)->45216K(84480K)
[15.890s][info][gc,heap        ] GC(193) ParOldGen: 2423200K(2518016K)->2443344K(2518016K)
[15.890s][info][gc,metaspace   ] GC(193) Metaspace: 6298K(6464K)->6298K(6464K) NonClass: 5764K(5824K)->5764K(5824K) Class: 533K(640K)->533K(640K)
[15.890s][info][gc             ] GC(193) Pause Young (Allocation Failure) 2430M->2430M(2566M) 39.503ms
[15.890s][info][gc,cpu         ] GC(193) User=0.16s Sys=0.00s Real=0.04s
[15.922s][info][gc,start       ] GC(194) Pause Young (Allocation Failure)
[15.963s][info][gc,heap        ] GC(194) PSYoungGen: 70816K(110080K)->48320K(113664K) Eden: 25600K(25600K)->0K(25600K) From: 45216K(84480K)->48320K(88064K)
[15.963s][info][gc,heap        ] GC(194) ParOldGen: 2443344K(2518016K)->2466072K(2518016K)
[15.963s][info][gc,metaspace   ] GC(194) Metaspace: 6298K(6464K)->6298K(6464K) NonClass: 5764K(5824K)->5764K(5824K) Class: 533K(640K)->533K(640K)
[15.963s][info][gc             ] GC(194) Pause Young (Allocation Failure) 2455M->2455M(2570M) 40.852ms
[15.963s][info][gc,cpu         ] GC(194) User=0.25s Sys=0.00s Real=0.04s
[15.994s][info][gc,start       ] GC(195) Pause Young (Allocation Failure)
[16.035s][info][gc,heap        ] GC(195) PSYoungGen: 73920K(113664K)->51424K(111616K) Eden: 25600K(25600K)->0K(28672K) From: 48320K(88064K)->51424K(82944K)
[16.035s][info][gc,heap        ] GC(195) ParOldGen: 2466072K(2518016K)->2488808K(2518016K)
[16.035s][info][gc,metaspace   ] GC(195) Metaspace: 6298K(6464K)->6298K(6464K) NonClass: 5764K(5824K)->5764K(5824K) Class: 533K(640K)->533K(640K)
[16.035s][info][gc             ] GC(195) Pause Young (Allocation Failure) 2480M->2480M(2568M) 41.439ms
[16.035s][info][gc,cpu         ] GC(195) User=0.20s Sys=0.05s Real=0.04s
[16.036s][info][gc,start       ] GC(196) Pause Full (Ergonomics)
[16.036s][info][gc,phases,start] GC(196) Marking Phase
[16.616s][info][gc,phases      ] GC(196) Marking Phase 580.529ms
[16.616s][info][gc,phases,start] GC(196) Summary Phase
[16.616s][info][gc,phases      ] GC(196) Summary Phase 0.056ms
[16.616s][info][gc,phases,start] GC(196) Adjust Roots
[16.616s][info][gc,phases      ] GC(196) Adjust Roots 0.201ms
[16.616s][info][gc,phases,start] GC(196) Compaction Phase
[16.832s][info][gc,phases      ] GC(196) Compaction Phase 215.985ms
[16.832s][info][gc,phases,start] GC(196) Post Compact
[16.837s][info][gc,phases      ] GC(196) Post Compact 4.712ms
[16.838s][info][gc,heap        ] GC(196) PSYoungGen: 51424K(111616K)->20475K(112640K) Eden: 0K(28672K)->0K(29696K) From: 51424K(82944K)->20475K(82944K)
[16.838s][info][gc,heap        ] GC(196) ParOldGen: 2488808K(2518016K)->2517616K(2751488K)
[16.838s][info][gc,metaspace   ] GC(196) Metaspace: 6298K(6464K)->6298K(6464K) NonClass: 5764K(5824K)->5764K(5824K) Class: 533K(640K)->533K(640K)
[16.838s][info][gc             ] GC(196) Pause Full (Ergonomics) 2480M->2478M(2797M) 802.649ms
[16.838s][info][gc,cpu         ] GC(196) User=5.81s Sys=0.06s Real=0.80s
[16.875s][info][gc,start       ] GC(197) Pause Young (Allocation Failure)
[17.009s][info][gc,heap        ] GC(197) PSYoungGen: 50171K(112640K)->38976K(113664K) Eden: 29696K(29696K)->0K(29696K) From: 20475K(82944K)->38976K(83968K)
[17.009s][info][gc,heap        ] GC(197) ParOldGen: 2517616K(2751488K)->2529136K(2751488K)
[17.009s][info][gc,metaspace   ] GC(197) Metaspace: 6298K(6464K)->6298K(6464K) NonClass: 5764K(5824K)->5764K(5824K) Class: 533K(640K)->533K(640K)
[17.009s][info][gc             ] GC(197) Pause Young (Allocation Failure) 2507M->2507M(2798M) 133.515ms
[17.009s][info][gc,cpu         ] GC(197) User=0.77s Sys=0.02s Real=0.13s
[17.048s][info][gc,start       ] GC(198) Pause Young (Allocation Failure)
[17.089s][info][gc,heap        ] GC(198) PSYoungGen: 68672K(113664K)->68704K(108032K) Eden: 29696K(29696K)->0K(27136K) From: 38976K(83968K)->68704K(80896K)
[17.090s][info][gc,heap        ] GC(198) ParOldGen: 2529136K(2751488K)->2529136K(2751488K)
[17.090s][info][gc,metaspace   ] GC(198) Metaspace: 6298K(6464K)->6298K(6464K) NonClass: 5764K(5824K)->5764K(5824K) Class: 533K(640K)->533K(640K)
[17.090s][info][gc             ] GC(198) Pause Young (Allocation Failure) 2536M->2536M(2792M) 41.231ms
[17.090s][info][gc,cpu         ] GC(198) User=0.25s Sys=0.00s Real=0.04s
[17.122s][info][gc,start       ] GC(199) Pause Young (Allocation Failure)
[17.174s][info][gc,heap        ] GC(199) PSYoungGen: 95840K(108032K)->86528K(113664K) Eden: 27136K(27136K)->0K(27136K) From: 68704K(80896K)->86528K(86528K)
[17.174s][info][gc,heap        ] GC(199) ParOldGen: 2529136K(2751488K)->2538416K(2751488K)
[17.174s][info][gc,metaspace   ] GC(199) Metaspace: 6298K(6464K)->6298K(6464K) NonClass: 5764K(5824K)->5764K(5824K) Class: 533K(640K)->533K(640K)
[17.174s][info][gc             ] GC(199) Pause Young (Allocation Failure) 2563M->2563M(2798M) 51.617ms
[17.174s][info][gc,cpu         ] GC(199) User=0.30s Sys=0.00s Real=0.05s
[17.206s][info][gc,start       ] GC(200) Pause Young (Allocation Failure)
[17.265s][info][gc,heap        ] GC(200) PSYoungGen: 113664K(113664K)->78688K(125440K) Eden: 27136K(27136K)->0K(25088K) From: 86528K(86528K)->78688K(100352K)
[17.265s][info][gc,heap        ] GC(200) ParOldGen: 2538416K(2751488K)->2573800K(2751488K)
[17.265s][info][gc,metaspace   ] GC(200) Metaspace: 6298K(6464K)->6298K(6464K) NonClass: 5764K(5824K)->5764K(5824K) Class: 533K(640K)->533K(640K)
[17.265s][info][gc             ] GC(200) Pause Young (Allocation Failure) 2589M->2590M(2809M) 58.447ms
[17.265s][info][gc,cpu         ] GC(200) User=0.38s Sys=0.02s Real=0.06s
[17.296s][info][gc,start       ] GC(201) Pause Young (Allocation Failure)
[17.351s][info][gc,heap        ] GC(201) PSYoungGen: 103776K(125440K)->76992K(130560K) Eden: 25088K(25088K)->0K(25088K) From: 78688K(100352K)->76992K(105472K)
[17.351s][info][gc,heap        ] GC(201) ParOldGen: 2573800K(2751488K)->2600800K(2751488K)
[17.351s][info][gc,metaspace   ] GC(201) Metaspace: 6298K(6464K)->6298K(6464K) NonClass: 5764K(5824K)->5764K(5824K) Class: 533K(640K)->533K(640K)
[17.351s][info][gc             ] GC(201) Pause Young (Allocation Failure) 2614M->2615M(2814M) 55.423ms
[17.351s][info][gc,cpu         ] GC(201) User=0.36s Sys=0.00s Real=0.05s
[17.382s][info][gc,start       ] GC(202) Pause Young (Allocation Failure)
[17.438s][info][gc,heap        ] GC(202) PSYoungGen: 102080K(130560K)->77504K(134656K) Eden: 25088K(25088K)->0K(25600K) From: 76992K(105472K)->77504K(109056K)
[17.438s][info][gc,heap        ] GC(202) ParOldGen: 2600800K(2751488K)->2625640K(2751488K)
[17.438s][info][gc,metaspace   ] GC(202) Metaspace: 6298K(6464K)->6298K(6464K) NonClass: 5764K(5824K)->5764K(5824K) Class: 533K(640K)->533K(640K)
[17.438s][info][gc             ] GC(202) Pause Young (Allocation Failure) 2639M->2639M(2818M) 55.397ms
[17.438s][info][gc,cpu         ] GC(202) User=0.36s Sys=0.02s Real=0.06s
[17.466s][info][gc,start       ] GC(203) Pause Young (Allocation Failure)
[17.524s][info][gc,heap        ] GC(203) PSYoungGen: 103104K(134656K)->75968K(137216K) Eden: 25600K(25600K)->0K(25600K) From: 77504K(109056K)->75968K(111616K)
[17.524s][info][gc,heap        ] GC(203) ParOldGen: 2625640K(2751488K)->2653008K(2751488K)
[17.524s][info][gc,metaspace   ] GC(203) Metaspace: 6298K(6464K)->6298K(6464K) NonClass: 5764K(5824K)->5764K(5824K) Class: 533K(640K)->533K(640K)
[17.524s][info][gc             ] GC(203) Pause Young (Allocation Failure) 2664M->2665M(2821M) 57.929ms
[17.524s][info][gc,cpu         ] GC(203) User=0.44s Sys=0.02s Real=0.06s
[17.555s][info][gc,start       ] GC(204) Pause Young (Allocation Failure)
[17.612s][info][gc,heap        ] GC(204) PSYoungGen: 101568K(137216K)->51360K(134656K) Eden: 25600K(25600K)->0K(29184K) From: 75968K(111616K)->51360K(105472K)
[17.612s][info][gc,heap        ] GC(204) ParOldGen: 2653008K(2751488K)->2703608K(2751488K)
[17.612s][info][gc,metaspace   ] GC(204) Metaspace: 6298K(6464K)->6298K(6464K) NonClass: 5764K(5824K)->5764K(5824K) Class: 533K(640K)->533K(640K)
[17.612s][info][gc             ] GC(204) Pause Young (Allocation Failure) 2690M->2690M(2818M) 56.891ms
[17.612s][info][gc,cpu         ] GC(204) User=0.39s Sys=0.00s Real=0.06s
[17.612s][info][gc,start       ] GC(205) Pause Full (Ergonomics)
[17.612s][info][gc,phases,start] GC(205) Marking Phase
[18.242s][info][gc,phases      ] GC(205) Marking Phase 630.332ms
[18.242s][info][gc,phases,start] GC(205) Summary Phase
[18.242s][info][gc,phases      ] GC(205) Summary Phase 0.044ms
[18.242s][info][gc,phases,start] GC(205) Adjust Roots
[18.243s][info][gc,phases      ] GC(205) Adjust Roots 0.161ms
[18.243s][info][gc,phases,start] GC(205) Compaction Phase
[18.466s][info][gc,phases      ] GC(205) Compaction Phase 223.376ms
[18.466s][info][gc,phases,start] GC(205) Post Compact
[18.471s][info][gc,phases      ] GC(205) Post Compact 4.766ms
[18.472s][info][gc,heap        ] GC(205) PSYoungGen: 51360K(134656K)->1570K(138240K) Eden: 0K(29184K)->0K(32768K) From: 51360K(105472K)->1570K(105472K)
[18.472s][info][gc,heap        ] GC(205) ParOldGen: 2703608K(2751488K)->2751304K(3016192K)
[18.472s][info][gc,metaspace   ] GC(205) Metaspace: 6298K(6464K)->6298K(6464K) NonClass: 5764K(5824K)->5764K(5824K) Class: 533K(640K)->533K(640K)
[18.472s][info][gc             ] GC(205) Pause Full (Ergonomics) 2690M->2688M(3080M) 860.007ms
[18.472s][info][gc,cpu         ] GC(205) User=6.50s Sys=0.03s Real=0.86s
[18.513s][info][gc,start       ] GC(206) Pause Young (Allocation Failure)
[18.652s][info][gc,heap        ] GC(206) PSYoungGen: 34338K(138240K)->32896K(141824K) Eden: 32768K(32768K)->0K(32768K) From: 1570K(105472K)->32896K(109056K)
[18.652s][info][gc,heap        ] GC(206) ParOldGen: 2751304K(3016192K)->2752928K(3016192K)
[18.652s][info][gc,metaspace   ] GC(206) Metaspace: 6298K(6464K)->6298K(6464K) NonClass: 5764K(5824K)->5764K(5824K) Class: 533K(640K)->533K(640K)
[18.652s][info][gc             ] GC(206) Pause Young (Allocation Failure) 2720M->2720M(3084M) 139.197ms
[18.652s][info][gc,cpu         ] GC(206) User=0.92s Sys=0.00s Real=0.14s
[18.691s][info][gc,start       ] GC(207) Pause Young (Allocation Failure)
[18.733s][info][gc,heap        ] GC(207) PSYoungGen: 65664K(141824K)->32896K(142848K) Eden: 32768K(32768K)->0K(36352K) From: 32896K(109056K)->32896K(106496K)
[18.733s][info][gc,heap        ] GC(207) ParOldGen: 2752928K(3016192K)->2785984K(3016192K)
[18.733s][info][gc,metaspace   ] GC(207) Metaspace: 6298K(6464K)->6298K(6464K) NonClass: 5764K(5824K)->5764K(5824K) Class: 533K(640K)->533K(640K)
[18.733s][info][gc             ] GC(207) Pause Young (Allocation Failure) 2752M->2752M(3085M) 41.840ms
[18.733s][info][gc,cpu         ] GC(207) User=0.22s Sys=0.05s Real=0.04s
[19.348s][info][gc,start       ] GC(208) Pause Young (Allocation Failure)
[19.457s][info][gc,heap        ] GC(208) PSYoungGen: 69248K(142848K)->36512K(143872K) Eden: 36352K(36352K)->0K(36352K) From: 32896K(106496K)->36512K(107520K)
[19.457s][info][gc,heap        ] GC(208) ParOldGen: 2917056K(3016192K)->2950128K(3016192K)
[19.457s][info][gc,metaspace   ] GC(208) Metaspace: 6298K(6464K)->6298K(6464K) NonClass: 5764K(5824K)->5764K(5824K) Class: 533K(640K)->533K(640K)
[19.457s][info][gc             ] GC(208) Pause Young (Allocation Failure) 2916M->2916M(3086M) 109.384ms
[19.457s][info][gc,cpu         ] GC(208) User=0.61s Sys=0.00s Real=0.11s
[19.500s][info][gc,start       ] GC(209) Pause Young (Allocation Failure)
[19.553s][info][gc,heap        ] GC(209) PSYoungGen: 72864K(143872K)->72928K(143360K) Eden: 36352K(36352K)->0K(37888K) From: 36512K(107520K)->72928K(105472K)
[19.553s][info][gc,heap        ] GC(209) ParOldGen: 2950128K(3016192K)->2950128K(3016192K)
[19.553s][info][gc,metaspace   ] GC(209) Metaspace: 6298K(6464K)->6298K(6464K) NonClass: 5764K(5824K)->5764K(5824K) Class: 533K(640K)->533K(640K)
[19.553s][info][gc             ] GC(209) Pause Young (Allocation Failure) 2952M->2952M(3085M) 53.372ms
[19.553s][info][gc,cpu         ] GC(209) User=0.17s Sys=0.00s Real=0.05s
[19.594s][info][gc,start       ] GC(210) Pause Young (Allocation Failure)
[19.661s][info][gc,heap        ] GC(210) PSYoungGen: 110816K(143360K)->107520K(145408K) Eden: 37888K(37888K)->0K(37888K) From: 72928K(105472K)->107520K(107520K)
[19.661s][info][gc,heap        ] GC(210) ParOldGen: 2950128K(3016192K)->2953408K(3016192K)
[19.661s][info][gc,metaspace   ] GC(210) Metaspace: 6298K(6464K)->6298K(6464K) NonClass: 5764K(5824K)->5764K(5824K) Class: 533K(640K)->533K(640K)
[19.661s][info][gc             ] GC(210) Pause Young (Allocation Failure) 2989M->2989M(3087M) 66.709ms
[19.661s][info][gc,cpu         ] GC(210) User=0.20s Sys=0.00s Real=0.07s
[19.697s][info][gc,start       ] GC(211) Pause Young (Allocation Failure)
[19.775s][info][gc,heap        ] GC(211) PSYoungGen: 145408K(145408K)->76032K(164864K) Eden: 37888K(37888K)->0K(42496K) From: 107520K(107520K)->76032K(122368K)
[19.775s][info][gc,heap        ] GC(211) ParOldGen: 2953408K(3016192K)->3023504K(3023872K)
[19.775s][info][gc,metaspace   ] GC(211) Metaspace: 6298K(6464K)->6298K(6464K) NonClass: 5764K(5824K)->5764K(5824K) Class: 533K(640K)->533K(640K)
[19.775s][info][gc             ] GC(211) Pause Young (Allocation Failure) 3026M->3026M(3114M) 78.316ms
[19.775s][info][gc,cpu         ] GC(211) User=0.31s Sys=0.02s Real=0.08s
[19.775s][info][gc,start       ] GC(212) Pause Full (Ergonomics)
[19.775s][info][gc,phases,start] GC(212) Marking Phase
[20.463s][info][gc,phases      ] GC(212) Marking Phase 687.627ms
[20.463s][info][gc,phases,start] GC(212) Summary Phase
[20.463s][info][gc,phases      ] GC(212) Summary Phase 0.042ms
[20.463s][info][gc,phases,start] GC(212) Adjust Roots
[20.463s][info][gc,phases      ] GC(212) Adjust Roots 0.164ms
[20.463s][info][gc,phases,start] GC(212) Compaction Phase
[20.937s][info][gc,phases      ] GC(212) Compaction Phase 473.500ms
[20.937s][info][gc,phases,start] GC(212) Post Compact
[20.943s][info][gc,phases      ] GC(212) Post Compact 6.300ms
[20.944s][info][gc,heap        ] GC(212) PSYoungGen: 76032K(164864K)->8781K(164864K) Eden: 0K(42496K)->0K(42496K) From: 76032K(122368K)->8781K(122368K)
[20.945s][info][gc,heap        ] GC(212) ParOldGen: 3023504K(3023872K)->3023450K(3326976K)
[20.945s][info][gc,metaspace   ] GC(212) Metaspace: 6298K(6464K)->6298K(6464K) NonClass: 5764K(5824K)->5764K(5824K) Class: 533K(640K)->533K(640K)
[20.945s][info][gc             ] GC(212) Pause Full (Ergonomics) 3026M->2961M(3410M) 1169.165ms
[20.945s][info][gc,cpu         ] GC(212) User=8.16s Sys=0.05s Real=1.17s
[20.986s][info][gc,start       ] GC(213) Pause Young (Allocation Failure)
[21.141s][info][gc,heap        ] GC(213) PSYoungGen: 51277K(164864K)->51488K(164864K) Eden: 42496K(42496K)->0K(42496K) From: 8781K(122368K)->51488K(122368K)
[21.141s][info][gc,heap        ] GC(213) ParOldGen: 3023450K(3326976K)->3023450K(3326976K)
[21.141s][info][gc,metaspace   ] GC(213) Metaspace: 6298K(6464K)->6298K(6464K) NonClass: 5764K(5824K)->5764K(5824K) Class: 533K(640K)->533K(640K)
[21.141s][info][gc             ] GC(213) Pause Young (Allocation Failure) 3002M->3002M(3410M) 154.189ms
[21.141s][info][gc,cpu         ] GC(213) User=0.92s Sys=0.00s Real=0.15s
[21.180s][info][gc,start       ] GC(214) Pause Young (Allocation Failure)
[21.238s][info][gc,heap        ] GC(214) PSYoungGen: 93984K(164864K)->94080K(158208K) Eden: 42496K(42496K)->0K(39936K) From: 51488K(122368K)->94080K(118272K)
[21.238s][info][gc,heap        ] GC(214) ParOldGen: 3023450K(3326976K)->3023450K(3326976K)
[21.238s][info][gc,metaspace   ] GC(214) Metaspace: 6298K(6464K)->6298K(6464K) NonClass: 5764K(5824K)->5764K(5824K) Class: 533K(640K)->533K(640K)
[21.238s][info][gc             ] GC(214) Pause Young (Allocation Failure) 3044M->3044M(3403M) 57.797ms
[21.238s][info][gc,cpu         ] GC(214) User=0.17s Sys=0.00s Real=0.06s
[21.277s][info][gc,start       ] GC(215) Pause Young (Allocation Failure)
[21.344s][info][gc,heap        ] GC(215) PSYoungGen: 134016K(158208K)->124928K(164864K) Eden: 39936K(39936K)->0K(39936K) From: 94080K(118272K)->124928K(124928K)
[21.345s][info][gc,heap        ] GC(215) ParOldGen: 3023450K(3326976K)->3032522K(3326976K)
[21.345s][info][gc,metaspace   ] GC(215) Metaspace: 6298K(6464K)->6298K(6464K) NonClass: 5764K(5824K)->5764K(5824K) Class: 533K(640K)->533K(640K)
[21.345s][info][gc             ] GC(215) Pause Young (Allocation Failure) 3083M->3083M(3410M) 67.948ms
[21.345s][info][gc,cpu         ] GC(215) User=0.28s Sys=0.02s Real=0.07s
[21.391s][info][gc,start       ] GC(216) Pause Young (Allocation Failure)
[21.473s][info][gc,heap        ] GC(216) PSYoungGen: 164864K(164864K)->122016K(178176K) Eden: 39936K(39936K)->0K(33280K) From: 124928K(124928K)->122016K(144896K)
[21.473s][info][gc,heap        ] GC(216) ParOldGen: 3032522K(3326976K)->3075906K(3326976K)
[21.473s][info][gc,metaspace   ] GC(216) Metaspace: 6298K(6464K)->6298K(6464K) NonClass: 5764K(5824K)->5764K(5824K) Class: 533K(640K)->533K(640K)
[21.473s][info][gc             ] GC(216) Pause Young (Allocation Failure) 3122M->3122M(3423M) 81.946ms
[21.473s][info][gc,cpu         ] GC(216) User=0.45s Sys=0.06s Real=0.08s
[21.510s][info][gc,start       ] GC(217) Pause Young (Allocation Failure)
[21.588s][info][gc,heap        ] GC(217) PSYoungGen: 155296K(178176K)->112768K(189440K) Eden: 33280K(33280K)->0K(33280K) From: 122016K(144896K)->112768K(156160K)
[21.588s][info][gc,heap        ] GC(217) ParOldGen: 3075906K(3326976K)->3118786K(3326976K)
[21.588s][info][gc,metaspace   ] GC(217) Metaspace: 6298K(6464K)->6298K(6464K) NonClass: 5764K(5824K)->5764K(5824K) Class: 533K(640K)->533K(640K)
[21.588s][info][gc             ] GC(217) Pause Young (Allocation Failure) 3155M->3155M(3434M) 77.855ms
[21.588s][info][gc,cpu         ] GC(217) User=0.52s Sys=0.00s Real=0.08s
[21.621s][info][gc,start       ] GC(218) Pause Young (Allocation Failure)
[21.699s][info][gc,heap        ] GC(218) PSYoungGen: 146048K(189440K)->66752K(186880K) Eden: 33280K(33280K)->0K(37376K) From: 112768K(156160K)->66752K(149504K)
[21.699s][info][gc,heap        ] GC(218) ParOldGen: 3118786K(3326976K)->3198674K(3326976K)
[21.699s][info][gc,metaspace   ] GC(218) Metaspace: 6298K(6464K)->6298K(6464K) NonClass: 5764K(5824K)->5764K(5824K) Class: 533K(640K)->533K(640K)
[21.699s][info][gc             ] GC(218) Pause Young (Allocation Failure) 3188M->3188M(3431M) 78.104ms
[21.699s][info][gc,cpu         ] GC(218) User=0.36s Sys=0.05s Real=0.08s
[21.738s][info][gc,start       ] GC(219) Pause Young (Allocation Failure)
[21.801s][info][gc,heap        ] GC(219) PSYoungGen: 104128K(186880K)->37568K(193024K) Eden: 37376K(37376K)->0K(37376K) From: 66752K(149504K)->37568K(155648K)
[21.801s][info][gc,heap        ] GC(219) ParOldGen: 3198674K(3326976K)->3265818K(3326976K)
[21.801s][info][gc,metaspace   ] GC(219) Metaspace: 6298K(6464K)->6298K(6464K) NonClass: 5764K(5824K)->5764K(5824K) Class: 533K(640K)->533K(640K)
[21.801s][info][gc             ] GC(219) Pause Young (Allocation Failure) 3225M->3225M(3437M) 63.640ms
[21.801s][info][gc,cpu         ] GC(219) User=0.16s Sys=0.02s Real=0.06s
[21.801s][info][gc,start       ] GC(220) Pause Full (Ergonomics)
[21.801s][info][gc,phases,start] GC(220) Marking Phase
[22.556s][info][gc,phases      ] GC(220) Marking Phase 755.114ms
[22.556s][info][gc,phases,start] GC(220) Summary Phase
[22.557s][info][gc,phases      ] GC(220) Summary Phase 0.071ms
[22.557s][info][gc,phases,start] GC(220) Adjust Roots
[22.557s][info][gc,phases      ] GC(220) Adjust Roots 0.227ms
[22.557s][info][gc,phases,start] GC(220) Compaction Phase
[22.880s][info][gc,phases      ] GC(220) Compaction Phase 323.195ms
[22.880s][info][gc,phases,start] GC(220) Post Compact
[22.886s][info][gc,phases      ] GC(220) Post Compact 5.904ms
[22.887s][info][gc,heap        ] GC(220) PSYoungGen: 37568K(193024K)->0K(197632K) Eden: 0K(37376K)->0K(42496K) From: 37568K(155648K)->0K(155136K)
[22.887s][info][gc,heap        ] GC(220) ParOldGen: 3265818K(3326976K)->3300814K(3655168K)
[22.887s][info][gc,metaspace   ] GC(220) Metaspace: 6298K(6464K)->6298K(6464K) NonClass: 5764K(5824K)->5764K(5824K) Class: 533K(640K)->533K(640K)
[22.887s][info][gc             ] GC(220) Pause Full (Ergonomics) 3225M->3223M(3762M) 1085.911ms
[22.887s][info][gc,cpu         ] GC(220) User=7.81s Sys=0.05s Real=1.09s
[22.930s][info][gc,start       ] GC(221) Pause Young (Allocation Failure)
[22.971s][info][gc,heap        ] GC(221) PSYoungGen: 42496K(197632K)->42688K(197632K) Eden: 42496K(42496K)->0K(42496K) From: 0K(155136K)->42688K(155136K)
[22.971s][info][gc,heap        ] GC(221) ParOldGen: 3300814K(3655168K)->3300814K(3655168K)
[22.971s][info][gc,metaspace   ] GC(221) Metaspace: 6298K(6464K)->6298K(6464K) NonClass: 5764K(5824K)->5764K(5824K) Class: 533K(640K)->533K(640K)
[22.971s][info][gc             ] GC(221) Pause Young (Allocation Failure) 3264M->3265M(3762M) 40.944ms
[22.971s][info][gc,cpu         ] GC(221) User=0.06s Sys=0.00s Real=0.04s
[23.015s][info][gc,start       ] GC(222) Pause Young (Allocation Failure)
[23.075s][info][gc,heap        ] GC(222) PSYoungGen: 85184K(197632K)->85216K(194048K) Eden: 42496K(42496K)->0K(47104K) From: 42688K(155136K)->85216K(146944K)
[23.075s][info][gc,heap        ] GC(222) ParOldGen: 3300814K(3655168K)->3300814K(3655168K)
[23.075s][info][gc,metaspace   ] GC(222) Metaspace: 6298K(6464K)->6298K(6464K) NonClass: 5764K(5824K)->5764K(5824K) Class: 533K(640K)->533K(640K)
[23.075s][info][gc             ] GC(222) Pause Young (Allocation Failure) 3306M->3306M(3759M) 59.307ms
[23.075s][info][gc,cpu         ] GC(222) User=0.16s Sys=0.00s Real=0.06s
[23.127s][info][gc,start       ] GC(223) Pause Young (Allocation Failure)
[23.198s][info][gc,heap        ] GC(223) PSYoungGen: 132320K(194048K)->89856K(196608K) Eden: 47104K(47104K)->0K(47104K) From: 85216K(146944K)->89856K(149504K)
[23.198s][info][gc,heap        ] GC(223) ParOldGen: 3300814K(3655168K)->3343686K(3655168K)
[23.198s][info][gc,metaspace   ] GC(223) Metaspace: 6298K(6464K)->6298K(6464K) NonClass: 5764K(5824K)->5764K(5824K) Class: 533K(640K)->533K(640K)
[23.198s][info][gc             ] GC(223) Pause Young (Allocation Failure) 3352M->3353M(3761M) 71.082ms
[23.198s][info][gc,cpu         ] GC(223) User=0.30s Sys=0.00s Real=0.07s
[23.246s][info][gc,start       ] GC(224) Pause Young (Allocation Failure)
[23.321s][info][gc,heap        ] GC(224) PSYoungGen: 136960K(196608K)->94432K(199680K) Eden: 47104K(47104K)->0K(51712K) From: 89856K(149504K)->94432K(147968K)
[23.321s][info][gc,heap        ] GC(224) ParOldGen: 3343686K(3655168K)->3386566K(3655168K)
[23.321s][info][gc,metaspace   ] GC(224) Metaspace: 6298K(6464K)->6298K(6464K) NonClass: 5764K(5824K)->5764K(5824K) Class: 533K(640K)->533K(640K)
[23.321s][info][gc             ] GC(224) Pause Young (Allocation Failure) 3399M->3399M(3764M) 74.761ms
[23.321s][info][gc,cpu         ] GC(224) User=0.31s Sys=0.03s Real=0.08s
[23.369s][info][gc,start       ] GC(225) Pause Young (Allocation Failure)
[23.443s][info][gc,heap        ] GC(225) PSYoungGen: 146144K(199680K)->99104K(200192K) Eden: 51712K(51712K)->0K(51712K) From: 94432K(147968K)->99104K(148480K)
[23.443s][info][gc,heap        ] GC(225) ParOldGen: 3386566K(3655168K)->3434102K(3655168K)
[23.443s][info][gc,metaspace   ] GC(225) Metaspace: 6298K(6464K)->6298K(6464K) NonClass: 5764K(5824K)->5764K(5824K) Class: 533K(640K)->533K(640K)
[23.443s][info][gc             ] GC(225) Pause Young (Allocation Failure) 3449M->3450M(3765M) 74.093ms
[23.443s][info][gc,cpu         ] GC(225) User=0.52s Sys=0.00s Real=0.07s
[23.495s][info][gc,start       ] GC(226) Pause Young (Allocation Failure)
[23.571s][info][gc,heap        ] GC(226) PSYoungGen: 150816K(200192K)->103712K(205312K) Eden: 51712K(51712K)->0K(55808K) From: 99104K(148480K)->103712K(149504K)
[23.571s][info][gc,heap        ] GC(226) ParOldGen: 3434102K(3655168K)->3481646K(3655168K)
[23.571s][info][gc,metaspace   ] GC(226) Metaspace: 6298K(6464K)->6298K(6464K) NonClass: 5764K(5824K)->5764K(5824K) Class: 533K(640K)->533K(640K)
[23.571s][info][gc             ] GC(226) Pause Young (Allocation Failure) 3500M->3501M(3770M) 76.618ms
[23.571s][info][gc,cpu         ] GC(226) User=0.50s Sys=0.00s Real=0.08s
[23.630s][info][gc,start       ] GC(227) Pause Young (Allocation Failure)
[23.710s][info][gc,heap        ] GC(227) PSYoungGen: 159520K(205312K)->107840K(207360K) Eden: 55808K(55808K)->0K(55808K) From: 103712K(149504K)->107840K(151552K)
[23.710s][info][gc,heap        ] GC(227) ParOldGen: 3481646K(3655168K)->3533814K(3655168K)
[23.710s][info][gc,metaspace   ] GC(227) Metaspace: 6298K(6464K)->6298K(6464K) NonClass: 5764K(5824K)->5764K(5824K) Class: 533K(640K)->533K(640K)
[23.710s][info][gc             ] GC(227) Pause Young (Allocation Failure) 3555M->3556M(3772M) 79.356ms
[23.710s][info][gc,cpu         ] GC(227) User=0.52s Sys=0.00s Real=0.08s
[23.772s][info][gc,start       ] GC(228) Pause Young (Allocation Failure)
[23.856s][info][gc,heap        ] GC(228) PSYoungGen: 163648K(207360K)->111904K(214016K) Eden: 55808K(55808K)->0K(59392K) From: 107840K(151552K)->111904K(154624K)
[23.856s][info][gc,heap        ] GC(228) ParOldGen: 3533814K(3655168K)->3586006K(3655168K)
[23.856s][info][gc,metaspace   ] GC(228) Metaspace: 6298K(6464K)->6298K(6464K) NonClass: 5764K(5824K)->5764K(5824K) Class: 533K(640K)->533K(640K)
[23.856s][info][gc             ] GC(228) Pause Young (Allocation Failure) 3610M->3611M(3778M) 83.477ms
[23.856s][info][gc,cpu         ] GC(228) User=0.52s Sys=0.00s Real=0.08s
[23.856s][info][gc,start       ] GC(229) Pause Full (Ergonomics)
[23.856s][info][gc,phases,start] GC(229) Marking Phase
[24.692s][info][gc,phases      ] GC(229) Marking Phase 836.232ms
[24.692s][info][gc,phases,start] GC(229) Summary Phase
[24.692s][info][gc,phases      ] GC(229) Summary Phase 0.048ms
[24.692s][info][gc,phases,start] GC(229) Adjust Roots
[24.692s][info][gc,phases      ] GC(229) Adjust Roots 0.161ms
[24.692s][info][gc,phases,start] GC(229) Compaction Phase
[25.050s][info][gc,phases      ] GC(229) Compaction Phase 357.218ms
[25.050s][info][gc,phases,start] GC(229) Post Compact
[25.057s][info][gc,phases      ] GC(229) Post Compact 7.184ms
[25.058s][info][gc,heap        ] GC(229) PSYoungGen: 111904K(214016K)->40019K(214016K) Eden: 0K(59392K)->0K(59392K) From: 111904K(154624K)->40019K(154624K)
[25.058s][info][gc,heap        ] GC(229) ParOldGen: 3586006K(3655168K)->3654786K(4034048K)
[25.058s][info][gc,metaspace   ] GC(229) Metaspace: 6298K(6464K)->6298K(6464K) NonClass: 5764K(5824K)->5764K(5824K) Class: 533K(640K)->533K(640K)
[25.058s][info][gc             ] GC(229) Pause Full (Ergonomics) 3611M->3608M(4148M) 1202.483ms
[25.058s][info][gc,cpu         ] GC(229) User=8.86s Sys=0.06s Real=1.20s
[25.120s][info][gc,start       ] GC(230) Pause Young (Allocation Failure)
[25.315s][info][gc,heap        ] GC(230) PSYoungGen: 99411K(214016K)->79488K(217088K) Eden: 59392K(59392K)->0K(59392K) From: 40019K(154624K)->79488K(157696K)
[25.315s][info][gc,heap        ] GC(230) ParOldGen: 3654786K(4034048K)->3675234K(4034048K)
[25.315s][info][gc,metaspace   ] GC(230) Metaspace: 6298K(6464K)->6298K(6464K) NonClass: 5764K(5824K)->5764K(5824K) Class: 533K(640K)->533K(640K)
[25.315s][info][gc             ] GC(230) Pause Young (Allocation Failure) 3666M->3666M(4151M) 195.485ms
[25.315s][info][gc,cpu         ] GC(230) User=1.45s Sys=0.05s Real=0.19s
[25.374s][info][gc,start       ] GC(231) Pause Young (Allocation Failure)
[25.449s][info][gc,heap        ] GC(231) PSYoungGen: 138880K(217088K)->138944K(204800K) Eden: 59392K(59392K)->0K(52736K) From: 79488K(157696K)->138944K(152064K)
[25.449s][info][gc,heap        ] GC(231) ParOldGen: 3675234K(4034048K)->3675234K(4034048K)
[25.449s][info][gc,metaspace   ] GC(231) Metaspace: 6298K(6464K)->6298K(6464K) NonClass: 5764K(5824K)->5764K(5824K) Class: 533K(640K)->533K(640K)
[25.449s][info][gc             ] GC(231) Pause Young (Allocation Failure) 3724M->3724M(4139M) 74.823ms
[25.449s][info][gc,cpu         ] GC(231) User=0.38s Sys=0.00s Real=0.08s
[25.505s][info][gc,start       ] GC(232) Pause Young (Allocation Failure)
[25.598s][info][gc,heap        ] GC(232) PSYoungGen: 191680K(204800K)->164864K(217600K) Eden: 52736K(52736K)->0K(52736K) From: 138944K(152064K)->164864K(164864K)
[25.598s][info][gc,heap        ] GC(232) ParOldGen: 3675234K(4034048K)->3702242K(4034048K)
[25.598s][info][gc,metaspace   ] GC(232) Metaspace: 6298K(6464K)->6298K(6464K) NonClass: 5764K(5824K)->5764K(5824K) Class: 533K(640K)->533K(640K)
[25.598s][info][gc             ] GC(232) Pause Young (Allocation Failure) 3776M->3776M(4152M) 93.408ms
[25.598s][info][gc,cpu         ] GC(232) User=0.59s Sys=0.05s Real=0.09s
[25.655s][info][gc,start       ] GC(233) Pause Young (Allocation Failure)
[25.768s][info][gc,heap        ] GC(233) PSYoungGen: 217600K(217600K)->149536K(245248K) Eden: 52736K(52736K)->0K(50176K) From: 164864K(164864K)->149536K(195072K)
[25.768s][info][gc,heap        ] GC(233) ParOldGen: 3702242K(4034048K)->3771034K(4034048K)
[25.768s][info][gc,metaspace   ] GC(233) Metaspace: 6298K(6464K)->6298K(6464K) NonClass: 5764K(5824K)->5764K(5824K) Class: 533K(640K)->533K(640K)
[25.768s][info][gc             ] GC(233) Pause Young (Allocation Failure) 3827M->3828M(4179M) 112.721ms
[25.768s][info][gc,cpu         ] GC(233) User=0.69s Sys=0.09s Real=0.11s
[25.817s][info][gc,start       ] GC(234) Pause Young (Allocation Failure)
[25.918s][info][gc,heap        ] GC(234) PSYoungGen: 199712K(245248K)->155456K(253440K) Eden: 50176K(50176K)->0K(50176K) From: 149536K(195072K)->155456K(203264K)
[25.918s][info][gc,heap        ] GC(234) ParOldGen: 3771034K(4034048K)->3815698K(4034048K)
[25.918s][info][gc,metaspace   ] GC(234) Metaspace: 6298K(6464K)->6298K(6464K) NonClass: 5764K(5824K)->5764K(5824K) Class: 533K(640K)->533K(640K)
[25.918s][info][gc             ] GC(234) Pause Young (Allocation Failure) 3877M->3878M(4187M) 100.963ms
[25.918s][info][gc,cpu         ] GC(234) User=0.73s Sys=0.02s Real=0.10s
[25.970s][info][gc,start       ] GC(235) Pause Young (Allocation Failure)
[26.076s][info][gc,heap        ] GC(235) PSYoungGen: 205632K(253440K)->153472K(262656K) Eden: 50176K(50176K)->0K(50688K) From: 155456K(203264K)->153472K(211968K)
[26.076s][info][gc,heap        ] GC(235) ParOldGen: 3815698K(4034048K)->3868314K(4034048K)
[26.076s][info][gc,metaspace   ] GC(235) Metaspace: 6298K(6464K)->6298K(6464K) NonClass: 5764K(5824K)->5764K(5824K) Class: 533K(640K)->533K(640K)
[26.076s][info][gc             ] GC(235) Pause Young (Allocation Failure) 3927M->3927M(4196M) 106.141ms
[26.076s][info][gc,cpu         ] GC(235) User=0.73s Sys=0.03s Real=0.11s
[26.130s][info][gc,start       ] GC(236) Pause Young (Allocation Failure)
[26.235s][info][gc,heap        ] GC(236) PSYoungGen: 204160K(262656K)->101184K(152064K) Eden: 50688K(50688K)->0K(50688K) From: 153472K(211968K)->101184K(101376K)
[26.235s][info][gc,heap        ] GC(236) ParOldGen: 3868314K(4034048K)->3972138K(4034048K)
[26.235s][info][gc,metaspace   ] GC(236) Metaspace: 6298K(6464K)->6298K(6464K) NonClass: 5764K(5824K)->5764K(5824K) Class: 533K(640K)->533K(640K)
[26.235s][info][gc             ] GC(236) Pause Young (Allocation Failure) 3977M->3977M(4088M) 105.842ms
[26.235s][info][gc,cpu         ] GC(236) User=0.67s Sys=0.08s Real=0.11s
[26.235s][info][gc,start       ] GC(237) Pause Full (Ergonomics)
[26.235s][info][gc,phases,start] GC(237) Marking Phase
[27.149s][info][gc,phases      ] GC(237) Marking Phase 913.607ms
[27.149s][info][gc,phases,start] GC(237) Summary Phase
[27.149s][info][gc,phases      ] GC(237) Summary Phase 0.062ms
[27.149s][info][gc,phases,start] GC(237) Adjust Roots
[27.149s][info][gc,phases      ] GC(237) Adjust Roots 0.211ms
[27.149s][info][gc,phases,start] GC(237) Compaction Phase
[27.547s][info][gc,phases      ] GC(237) Compaction Phase 397.367ms
[27.547s][info][gc,phases,start] GC(237) Post Compact
[27.555s][info][gc,phases      ] GC(237) Post Compact 7.612ms
[27.556s][info][gc,heap        ] GC(237) PSYoungGen: 101184K(152064K)->35913K(152064K) Eden: 0K(50688K)->0K(50688K) From: 101184K(101376K)->35913K(101376K)
[27.556s][info][gc,heap        ] GC(237) ParOldGen: 3972138K(4034048K)->4033976K(4461568K)
[27.556s][info][gc,metaspace   ] GC(237) Metaspace: 6298K(6464K)->6298K(6464K) NonClass: 5764K(5824K)->5764K(5824K) Class: 533K(640K)->533K(640K)
[27.556s][info][gc             ] GC(237) Pause Full (Ergonomics) 3977M->3974M(4505M) 1320.582ms
[27.556s][info][gc,cpu         ] GC(237) User=9.44s Sys=0.14s Real=1.32s
[27.619s][info][gc,start       ] GC(238) Pause Young (Allocation Failure)
[27.835s][info][gc,heap        ] GC(238) PSYoungGen: 86601K(152064K)->50912K(265728K) Eden: 50688K(50688K)->0K(55808K) From: 35913K(101376K)->50912K(209920K)
[27.835s][info][gc,heap        ] GC(238) ParOldGen: 4033976K(4461568K)->4070264K(4461568K)
[27.835s][info][gc,metaspace   ] GC(238) Metaspace: 6298K(6464K)->6298K(6464K) NonClass: 5764K(5824K)->5764K(5824K) Class: 533K(640K)->533K(640K)
[27.835s][info][gc             ] GC(238) Pause Young (Allocation Failure) 4024M->4024M(4616M) 215.462ms
[27.835s][info][gc,cpu         ] GC(238) User=1.41s Sys=0.16s Real=0.21s
[27.890s][info][gc,start       ] GC(239) Pause Young (Allocation Failure)
[27.964s][info][gc,heap        ] GC(239) PSYoungGen: 106720K(265728K)->56032K(266752K) Eden: 55808K(55808K)->0K(55808K) From: 50912K(209920K)->56032K(210944K)
[27.964s][info][gc,heap        ] GC(239) ParOldGen: 4070264K(4461568K)->4121408K(4461568K)
[27.964s][info][gc,metaspace   ] GC(239) Metaspace: 6298K(6464K)->6298K(6464K) NonClass: 5764K(5824K)->5764K(5824K) Class: 533K(640K)->533K(640K)
[27.964s][info][gc             ] GC(239) Pause Young (Allocation Failure) 4079M->4079M(4617M) 73.649ms
[27.964s][info][gc,cpu         ] GC(239) User=0.41s Sys=0.00s Real=0.07s
[28.022s][info][gc,start       ] GC(240) Pause Young (Allocation Failure)
[28.091s][info][gc,heap        ] GC(240) PSYoungGen: 111840K(266752K)->56032K(266240K) Eden: 55808K(55808K)->0K(61952K) From: 56032K(210944K)->56032K(204288K)
[28.091s][info][gc,heap        ] GC(240) ParOldGen: 4121408K(4461568K)->4177712K(4461568K)
[28.091s][info][gc,metaspace   ] GC(240) Metaspace: 6298K(6464K)->6298K(6464K) NonClass: 5764K(5824K)->5764K(5824K) Class: 533K(640K)->533K(640K)
[28.091s][info][gc             ] GC(240) Pause Young (Allocation Failure) 4134M->4134M(4617M) 68.420ms
[28.091s][info][gc,cpu         ] GC(240) User=0.27s Sys=0.05s Real=0.07s
[28.160s][info][gc,start       ] GC(241) Pause Young (Allocation Failure)
[28.231s][info][gc,heap        ] GC(241) PSYoungGen: 117984K(266240K)->62176K(268800K) Eden: 61952K(61952K)->0K(61952K) From: 56032K(204288K)->62176K(206848K)
[28.231s][info][gc,heap        ] GC(241) ParOldGen: 4177712K(4461568K)->4234032K(4461568K)
[28.231s][info][gc,metaspace   ] GC(241) Metaspace: 6298K(6464K)->6298K(6464K) NonClass: 5764K(5824K)->5764K(5824K) Class: 533K(640K)->533K(640K)
[28.231s][info][gc             ] GC(241) Pause Young (Allocation Failure) 4195M->4195M(4619M) 70.901ms
[28.231s][info][gc,cpu         ] GC(241) User=0.41s Sys=0.02s Real=0.07s
[28.310s][info][gc,start       ] GC(242) Pause Young (Allocation Failure)
[28.388s][info][gc,heap        ] GC(242) PSYoungGen: 124128K(268800K)->62176K(260096K) Eden: 61952K(61952K)->0K(68608K) From: 62176K(206848K)->62176K(191488K)
[28.388s][info][gc,heap        ] GC(242) ParOldGen: 4234032K(4461568K)->4296544K(4461568K)
[28.388s][info][gc,metaspace   ] GC(242) Metaspace: 6298K(6464K)->6298K(6464K) NonClass: 5764K(5824K)->5764K(5824K) Class: 533K(640K)->533K(640K)
[28.388s][info][gc             ] GC(242) Pause Young (Allocation Failure) 4256M->4256M(4611M) 77.973ms
[28.388s][info][gc,cpu         ] GC(242) User=0.50s Sys=0.02s Real=0.08s
[28.459s][info][gc,start       ] GC(243) Pause Young (Allocation Failure)
[28.542s][info][gc,heap        ] GC(243) PSYoungGen: 130784K(260096K)->68800K(265216K) Eden: 68608K(68608K)->0K(68608K) From: 62176K(191488K)->68800K(196608K)
[28.542s][info][gc,heap        ] GC(243) ParOldGen: 4296544K(4461568K)->4359048K(4461568K)
[28.542s][info][gc,metaspace   ] GC(243) Metaspace: 6298K(6464K)->6298K(6464K) NonClass: 5764K(5824K)->5764K(5824K) Class: 533K(640K)->533K(640K)
[28.542s][info][gc             ] GC(243) Pause Young (Allocation Failure) 4323M->4324M(4616M) 82.960ms
[28.542s][info][gc,cpu         ] GC(243) User=0.39s Sys=0.00s Real=0.08s
[28.608s][info][gc,start       ] GC(244) Pause Young (Allocation Failure)
[28.685s][info][gc,heap        ] GC(244) PSYoungGen: 137408K(265216K)->68832K(253440K) Eden: 68608K(68608K)->0K(76288K) From: 68800K(196608K)->68832K(177152K)
[28.685s][info][gc,heap        ] GC(244) ParOldGen: 4359048K(4461568K)->4428280K(4461568K)
[28.685s][info][gc,metaspace   ] GC(244) Metaspace: 6298K(6464K)->6298K(6464K) NonClass: 5764K(5824K)->5764K(5824K) Class: 533K(640K)->533K(640K)
[28.685s][info][gc             ] GC(244) Pause Young (Allocation Failure) 4391M->4391M(4604M) 77.294ms
[28.685s][info][gc,cpu         ] GC(244) User=0.44s Sys=0.06s Real=0.08s
[28.685s][info][gc,start       ] GC(245) Pause Full (Ergonomics)
[28.685s][info][gc,phases,start] GC(245) Marking Phase
[29.715s][info][gc,phases      ] GC(245) Marking Phase 1030.207ms
[29.715s][info][gc,phases,start] GC(245) Summary Phase
[29.715s][info][gc,phases      ] GC(245) Summary Phase 0.060ms
[29.715s][info][gc,phases,start] GC(245) Adjust Roots
[29.716s][info][gc,phases      ] GC(245) Adjust Roots 0.195ms
[29.716s][info][gc,phases,start] GC(245) Compaction Phase
[30.133s][info][gc,phases      ] GC(245) Compaction Phase 417.447ms
[30.133s][info][gc,phases,start] GC(245) Post Compact
[30.140s][info][gc,phases      ] GC(245) Post Compact 6.742ms
[30.141s][info][gc,heap        ] GC(245) PSYoungGen: 68832K(253440K)->31784K(259584K) Eden: 0K(76288K)->0K(82432K) From: 68832K(177152K)->31784K(177152K)
[30.141s][info][gc,heap        ] GC(245) ParOldGen: 4428280K(4461568K)->4461308K(4917248K)
[30.141s][info][gc,metaspace   ] GC(245) Metaspace: 6298K(6464K)->6298K(6464K) NonClass: 5764K(5824K)->5764K(5824K) Class: 533K(640K)->533K(640K)
[30.141s][info][gc             ] GC(245) Pause Full (Ergonomics) 4391M->4387M(5055M) 1456.373ms
[30.141s][info][gc,cpu         ] GC(245) User=10.89s Sys=0.05s Real=1.46s
[30.244s][info][gc,start       ] GC(246) Pause Young (Allocation Failure)
[30.498s][info][gc,heap        ] GC(246) PSYoungGen: 114216K(259584K)->82688K(165376K) Eden: 82432K(82432K)->0K(82432K) From: 31784K(177152K)->82688K(82944K)
[30.498s][info][gc,heap        ] GC(246) ParOldGen: 4461308K(4917248K)->4493428K(4917248K)
[30.499s][info][gc,metaspace   ] GC(246) Metaspace: 6298K(6464K)->6298K(6464K) NonClass: 5764K(5824K)->5764K(5824K) Class: 533K(640K)->533K(640K)
[30.499s][info][gc             ] GC(246) Pause Young (Allocation Failure) 4468M->4468M(4963M) 254.910ms
[30.499s][info][gc,cpu         ] GC(246) User=1.69s Sys=0.09s Real=0.25s
[30.593s][info][gc,start       ] GC(247) Pause Young (Allocation Failure)
[30.687s][info][gc,heap        ] GC(247) PSYoungGen: 165120K(165376K)->165280K(243712K) Eden: 82432K(82432K)->0K(69632K) From: 82688K(82944K)->165280K(174080K)
[30.687s][info][gc,heap        ] GC(247) ParOldGen: 4493428K(4917248K)->4493428K(4917248K)
[30.687s][info][gc,metaspace   ] GC(247) Metaspace: 6298K(6464K)->6298K(6464K) NonClass: 5764K(5824K)->5764K(5824K) Class: 533K(640K)->533K(640K)
[30.687s][info][gc             ] GC(247) Pause Young (Allocation Failure) 4549M->4549M(5040M) 93.715ms
[30.687s][info][gc,cpu         ] GC(247) User=0.64s Sys=0.00s Real=0.09s
[30.760s][info][gc,start       ] GC(248) Pause Young (Allocation Failure)
[30.883s][info][gc,heap        ] GC(248) PSYoungGen: 234912K(243712K)->194560K(264192K) Eden: 69632K(69632K)->0K(69632K) From: 165280K(174080K)->194560K(194560K)
[30.883s][info][gc,heap        ] GC(248) ParOldGen: 4493428K(4917248K)->4534076K(4917248K)
[30.883s][info][gc,metaspace   ] GC(248) Metaspace: 6298K(6464K)->6298K(6464K) NonClass: 5764K(5824K)->5764K(5824K) Class: 533K(640K)->533K(640K)
[30.883s][info][gc             ] GC(248) Pause Young (Allocation Failure) 4617M->4617M(5060M) 123.680ms
[30.883s][info][gc,cpu         ] GC(248) User=0.88s Sys=0.02s Real=0.12s
[30.965s][info][gc,start       ] GC(249) Pause Young (Allocation Failure)
[31.115s][info][gc,heap        ] GC(249) PSYoungGen: 264192K(264192K)->124608K(301056K) Eden: 69632K(69632K)->0K(77312K) From: 194560K(194560K)->124608K(223744K)
[31.115s][info][gc,heap        ] GC(249) ParOldGen: 4534076K(4917248K)->4674876K(4917248K)
[31.115s][info][gc,metaspace   ] GC(249) Metaspace: 6298K(6464K)->6298K(6464K) NonClass: 5764K(5824K)->5764K(5824K) Class: 533K(640K)->533K(640K)
[31.115s][info][gc             ] GC(249) Pause Young (Allocation Failure) 4685M->4686M(5096M) 150.464ms
[31.115s][info][gc,cpu         ] GC(249) User=1.14s Sys=0.11s Real=0.15s
[31.200s][info][gc,start       ] GC(250) Pause Young (Allocation Failure)
[31.310s][info][gc,heap        ] GC(250) PSYoungGen: 201920K(301056K)->147360K(307200K) Eden: 77312K(77312K)->0K(77312K) From: 124608K(223744K)->147360K(229888K)
[31.310s][info][gc,heap        ] GC(250) ParOldGen: 4674876K(4917248K)->4730052K(4917248K)
[31.310s][info][gc,metaspace   ] GC(250) Metaspace: 6298K(6464K)->6298K(6464K) NonClass: 5764K(5824K)->5764K(5824K) Class: 533K(640K)->533K(640K)
[31.310s][info][gc             ] GC(250) Pause Young (Allocation Failure) 4762M->4763M(5102M) 110.545ms
[31.310s][info][gc,cpu         ] GC(250) User=0.83s Sys=0.05s Real=0.11s
[31.390s][info][gc,start       ] GC(251) Pause Young (Allocation Failure)
[31.521s][info][gc,heap        ] GC(251) PSYoungGen: 224672K(307200K)->155072K(314368K) Eden: 77312K(77312K)->0K(82432K) From: 147360K(229888K)->155072K(231936K)
[31.521s][info][gc,heap        ] GC(251) ParOldGen: 4730052K(4917248K)->4800324K(4917248K)
[31.521s][info][gc,metaspace   ] GC(251) Metaspace: 6298K(6464K)->6298K(6464K) NonClass: 5764K(5824K)->5764K(5824K) Class: 533K(640K)->533K(640K)
[31.521s][info][gc             ] GC(251) Pause Young (Allocation Failure) 4838M->4839M(5109M) 131.195ms
[31.521s][info][gc,cpu         ] GC(251) User=0.69s Sys=0.06s Real=0.13s
[31.613s][info][gc,start       ] GC(252) Pause Young (Allocation Failure)
[31.748s][info][gc,heap        ] GC(252) PSYoungGen: 237504K(314368K)->160192K(317952K) Eden: 82432K(82432K)->0K(82432K) From: 155072K(231936K)->160192K(235520K)
[31.748s][info][gc,heap        ] GC(252) ParOldGen: 4800324K(4917248K)->4878348K(4917248K)
[31.748s][info][gc,metaspace   ] GC(252) Metaspace: 6298K(6464K)->6298K(6464K) NonClass: 5764K(5824K)->5764K(5824K) Class: 533K(640K)->533K(640K)
[31.748s][info][gc             ] GC(252) Pause Young (Allocation Failure) 4919M->4920M(5112M) 134.553ms
[31.748s][info][gc,cpu         ] GC(252) User=0.86s Sys=0.03s Real=0.13s
[31.748s][info][gc,start       ] GC(253) Pause Full (Ergonomics)
[31.748s][info][gc,phases,start] GC(253) Marking Phase
[32.883s][info][gc,phases      ] GC(253) Marking Phase 1134.533ms
[32.883s][info][gc,phases,start] GC(253) Summary Phase
[32.883s][info][gc,phases      ] GC(253) Summary Phase 0.080ms
[32.883s][info][gc,phases,start] GC(253) Adjust Roots
[32.883s][info][gc,phases      ] GC(253) Adjust Roots 0.214ms
[32.883s][info][gc,phases,start] GC(253) Compaction Phase
[33.326s][info][gc,phases      ] GC(253) Compaction Phase 442.999ms
[33.326s][info][gc,phases,start] GC(253) Post Compact
[33.334s][info][gc,phases      ] GC(253) Post Compact 7.638ms
[33.335s][info][gc,heap        ] GC(253) PSYoungGen: 160192K(317952K)->117261K(317952K) Eden: 0K(82432K)->0K(82432K) From: 160192K(235520K)->117261K(235520K)
[33.335s][info][gc,heap        ] GC(253) ParOldGen: 4878348K(4917248K)->4916795K(5426688K)
[33.335s][info][gc,metaspace   ] GC(253) Metaspace: 6298K(6464K)->6298K(6464K) NonClass: 5764K(5824K)->5764K(5824K) Class: 533K(640K)->533K(640K)
[33.335s][info][gc             ] GC(253) Pause Full (Ergonomics) 4920M->4916M(5610M) 1587.488ms
[33.335s][info][gc,cpu         ] GC(253) User=12.05s Sys=0.03s Real=1.59s
[33.429s][info][gc,start       ] GC(254) Pause Young (Allocation Failure)
[33.773s][info][gc,heap        ] GC(254) PSYoungGen: 199693K(317952K)->141152K(318976K) Eden: 82432K(82432K)->0K(90624K) From: 117261K(235520K)->141152K(228352K)
[33.773s][info][gc,heap        ] GC(254) ParOldGen: 4916795K(5426688K)->4976299K(5426688K)
[33.773s][info][gc,metaspace   ] GC(254) Metaspace: 6298K(6464K)->6298K(6464K) NonClass: 5764K(5824K)->5764K(5824K) Class: 533K(640K)->533K(640K)
[33.773s][info][gc             ] GC(254) Pause Young (Allocation Failure) 4996M->4997M(5611M) 344.070ms
[33.773s][info][gc,cpu         ] GC(254) User=2.31s Sys=0.05s Real=0.34s
[33.873s][info][gc,start       ] GC(255) Pause Young (Allocation Failure)
[34.013s][info][gc,heap        ] GC(255) PSYoungGen: 231776K(318976K)->231968K(325120K) Eden: 90624K(90624K)->0K(90624K) From: 141152K(228352K)->231968K(234496K)
[34.013s][info][gc,heap        ] GC(255) ParOldGen: 4976299K(5426688K)->4976299K(5426688K)
[34.013s][info][gc,metaspace   ] GC(255) Metaspace: 6298K(6464K)->6298K(6464K) NonClass: 5764K(5824K)->5764K(5824K) Class: 533K(640K)->533K(640K)
[34.013s][info][gc             ] GC(255) Pause Young (Allocation Failure) 5086M->5086M(5617M) 140.140ms
[34.013s][info][gc,cpu         ] GC(255) User=1.03s Sys=0.00s Real=0.14s
[34.115s][info][gc,start       ] GC(256) Pause Young (Allocation Failure)
[34.308s][info][gc,heap        ] GC(256) PSYoungGen: 322592K(325120K)->263680K(306688K) Eden: 90624K(90624K)->0K(43008K) From: 231968K(234496K)->263680K(263680K)
[34.308s][info][gc,heap        ] GC(256) ParOldGen: 4976299K(5426688K)->5035795K(5426688K)
[34.308s][info][gc,metaspace   ] GC(256) Metaspace: 6298K(6464K)->6298K(6464K) NonClass: 5764K(5824K)->5764K(5824K) Class: 533K(640K)->533K(640K)
[34.308s][info][gc             ] GC(256) Pause Young (Allocation Failure) 5174M->5175M(5599M) 192.864ms
[34.308s][info][gc,cpu         ] GC(256) User=1.27s Sys=0.11s Real=0.19s
[34.355s][info][gc,start       ] GC(257) Pause Young (Allocation Failure)
[34.534s][info][gc,heap        ] GC(257) PSYoungGen: 306688K(306688K)->133952K(177152K) Eden: 43008K(43008K)->0K(43008K) From: 263680K(263680K)->133952K(134144K)
[34.534s][info][gc,heap        ] GC(257) ParOldGen: 5035795K(5426688K)->5209859K(5426688K)
[34.534s][info][gc,metaspace   ] GC(257) Metaspace: 6298K(6464K)->6298K(6464K) NonClass: 5764K(5824K)->5764K(5824K) Class: 533K(640K)->533K(640K)
[34.534s][info][gc             ] GC(257) Pause Young (Allocation Failure) 5217M->5218M(5472M) 179.200ms
[34.534s][info][gc,cpu         ] GC(257) User=1.27s Sys=0.06s Real=0.18s
[34.580s][info][gc,start       ] GC(258) Pause Young (Allocation Failure)
[34.683s][info][gc,heap        ] GC(258) PSYoungGen: 176960K(177152K)->43232K(353280K) Eden: 43008K(43008K)->0K(46080K) From: 133952K(134144K)->43232K(307200K)
[34.684s][info][gc,heap        ] GC(258) ParOldGen: 5209859K(5426688K)->5344667K(5426688K)
[34.684s][info][gc,metaspace   ] GC(258) Metaspace: 6298K(6464K)->6298K(6464K) NonClass: 5764K(5824K)->5764K(5824K) Class: 533K(640K)->533K(640K)
[34.684s][info][gc             ] GC(258) Pause Young (Allocation Failure) 5260M->5261M(5644M) 103.481ms
[34.684s][info][gc,cpu         ] GC(258) User=0.62s Sys=0.03s Real=0.10s
[34.684s][info][gc,start       ] GC(259) Pause Full (Ergonomics)
[34.684s][info][gc,phases,start] GC(259) Marking Phase
[35.901s][info][gc,phases      ] GC(259) Marking Phase 1217.606ms
[35.901s][info][gc,phases,start] GC(259) Summary Phase
[35.901s][info][gc,phases      ] GC(259) Summary Phase 0.091ms
[35.901s][info][gc,phases,start] GC(259) Adjust Roots
[35.902s][info][gc,phases      ] GC(259) Adjust Roots 0.183ms
[35.902s][info][gc,phases,start] GC(259) Compaction Phase
[36.365s][info][gc,phases      ] GC(259) Compaction Phase 463.672ms
[36.365s][info][gc,phases,start] GC(259) Post Compact
[36.373s][info][gc,phases      ] GC(259) Post Compact 7.929ms
[36.375s][info][gc,heap        ] GC(259) PSYoungGen: 43232K(353280K)->0K(355840K) Eden: 0K(46080K)->0K(46080K) From: 43232K(307200K)->0K(309760K)
[36.375s][info][gc,heap        ] GC(259) ParOldGen: 5344667K(5426688K)->5383597K(5980160K)
[36.375s][info][gc,metaspace   ] GC(259) Metaspace: 6298K(6464K)->6298K(6464K) NonClass: 5764K(5824K)->5764K(5824K) Class: 533K(640K)->533K(640K)
[36.375s][info][gc             ] GC(259) Pause Full (Ergonomics) 5261M->5257M(6187M) 1691.420ms
[36.375s][info][gc,cpu         ] GC(259) User=12.75s Sys=0.02s Real=1.69s
[36.426s][info][gc,start       ] GC(260) Pause Young (Allocation Failure)
[36.473s][info][gc,heap        ] GC(260) PSYoungGen: 46080K(355840K)->46272K(357888K) Eden: 46080K(46080K)->0K(50688K) From: 0K(309760K)->46272K(307200K)
[36.473s][info][gc,heap        ] GC(260) ParOldGen: 5383597K(5980160K)->5383597K(5980160K)
[36.473s][info][gc,metaspace   ] GC(260) Metaspace: 6298K(6464K)->6298K(6464K) NonClass: 5764K(5824K)->5764K(5824K) Class: 533K(640K)->533K(640K)
[36.473s][info][gc             ] GC(260) Pause Young (Allocation Failure) 5302M->5302M(6189M) 46.783ms
[36.473s][info][gc,cpu         ] GC(260) User=0.16s Sys=0.00s Real=0.05s
[36.532s][info][gc,start       ] GC(261) Pause Young (Allocation Failure)
[36.599s][info][gc,heap        ] GC(261) PSYoungGen: 96960K(357888K)->97024K(147968K) Eden: 50688K(50688K)->0K(50688K) From: 46272K(307200K)->97024K(97280K)
[36.599s][info][gc,heap        ] GC(261) ParOldGen: 5383597K(5980160K)->5383597K(5980160K)
[36.599s][info][gc,metaspace   ] GC(261) Metaspace: 6298K(6464K)->6298K(6464K) NonClass: 5764K(5824K)->5764K(5824K) Class: 533K(640K)->533K(640K)
[36.599s][info][gc             ] GC(261) Pause Young (Allocation Failure) 5352M->5352M(5984M) 67.087ms
[36.599s][info][gc,cpu         ] GC(261) User=0.27s Sys=0.00s Real=0.07s
[36.658s][info][gc,start       ] GC(262) Pause Young (Allocation Failure)
[36.738s][info][gc,heap        ] GC(262) PSYoungGen: 147712K(147968K)->147808K(334848K) Eden: 50688K(50688K)->0K(56320K) From: 97024K(97280K)->147808K(278528K)
[36.738s][info][gc,heap        ] GC(262) ParOldGen: 5383597K(5980160K)->5383597K(5980160K)
[36.738s][info][gc,metaspace   ] GC(262) Metaspace: 6298K(6464K)->6298K(6464K) NonClass: 5764K(5824K)->5764K(5824K) Class: 533K(640K)->533K(640K)
[36.738s][info][gc             ] GC(262) Pause Young (Allocation Failure) 5401M->5401M(6167M) 80.114ms
[36.738s][info][gc,cpu         ] GC(262) User=0.48s Sys=0.00s Real=0.08s
[36.801s][info][gc,start       ] GC(263) Pause Young (Allocation Failure)
[36.914s][info][gc,heap        ] GC(263) PSYoungGen: 204128K(334848K)->158048K(344064K) Eden: 56320K(56320K)->0K(56320K) From: 147808K(278528K)->158048K(287744K)
[36.914s][info][gc,heap        ] GC(263) ParOldGen: 5383597K(5980160K)->5430085K(5980160K)
[36.914s][info][gc,metaspace   ] GC(263) Metaspace: 6298K(6464K)->6298K(6464K) NonClass: 5764K(5824K)->5764K(5824K) Class: 533K(640K)->533K(640K)
[36.914s][info][gc             ] GC(263) Pause Young (Allocation Failure) 5456M->5457M(6176M) 112.841ms
[36.914s][info][gc,cpu         ] GC(263) User=0.69s Sys=0.06s Real=0.11s
[36.974s][info][gc,start       ] GC(264) Pause Young (Allocation Failure)
[37.090s][info][gc,heap        ] GC(264) PSYoungGen: 214368K(344064K)->163712K(339456K) Eden: 56320K(56320K)->0K(62976K) From: 158048K(287744K)->163712K(276480K)
[37.090s][info][gc,heap        ] GC(264) ParOldGen: 5430085K(5980160K)->5481237K(5980160K)
[37.090s][info][gc,metaspace   ] GC(264) Metaspace: 6298K(6464K)->6298K(6464K) NonClass: 5764K(5824K)->5764K(5824K) Class: 533K(640K)->533K(640K)
[37.090s][info][gc             ] GC(264) Pause Young (Allocation Failure) 5512M->5512M(6171M) 115.553ms
[37.090s][info][gc,cpu         ] GC(264) User=0.77s Sys=0.02s Real=0.12s
[37.171s][info][gc,start       ] GC(265) Pause Young (Allocation Failure)
[37.294s][info][gc,heap        ] GC(265) PSYoungGen: 226688K(339456K)->176064K(342016K) Eden: 62976K(62976K)->0K(62976K) From: 163712K(276480K)->176064K(279040K)
[37.294s][info][gc,heap        ] GC(265) ParOldGen: 5481237K(5980160K)->5532381K(5980160K)
[37.294s][info][gc,metaspace   ] GC(265) Metaspace: 6298K(6464K)->6298K(6464K) NonClass: 5764K(5824K)->5764K(5824K) Class: 533K(640K)->533K(640K)
[37.294s][info][gc             ] GC(265) Pause Young (Allocation Failure) 5574M->5574M(6174M) 123.158ms
[37.294s][info][gc,cpu         ] GC(265) User=0.75s Sys=0.03s Real=0.12s
[38.538s][info][gc,start       ] GC(266) Pause Young (Allocation Failure)
[38.787s][info][gc,heap        ] GC(266) PSYoungGen: 239040K(342016K)->182720K(348160K) Eden: 62976K(62976K)->0K(68608K) From: 176064K(279040K)->182720K(279552K)
[38.787s][info][gc,heap        ] GC(266) ParOldGen: 5794525K(5980160K)->5851373K(5980160K)
[38.787s][info][gc,metaspace   ] GC(266) Metaspace: 6298K(6464K)->6298K(6464K) NonClass: 5764K(5824K)->5764K(5824K) Class: 533K(640K)->533K(640K)
[38.787s][info][gc             ] GC(266) Pause Young (Allocation Failure) 5892M->5892M(6180M) 248.536ms
[38.787s][info][gc,cpu         ] GC(266) User=1.36s Sys=0.00s Real=0.25s
[38.857s][info][gc,start       ] GC(267) Pause Young (Allocation Failure)
[38.990s][info][gc,heap        ] GC(267) PSYoungGen: 251328K(348160K)->251456K(350208K) Eden: 68608K(68608K)->0K(68608K) From: 182720K(279552K)->251456K(281600K)
[38.990s][info][gc,heap        ] GC(267) ParOldGen: 5851373K(5980160K)->5851373K(5980160K)
[38.990s][info][gc,metaspace   ] GC(267) Metaspace: 6298K(6464K)->6298K(6464K) NonClass: 5764K(5824K)->5764K(5824K) Class: 533K(640K)->533K(640K)
[38.990s][info][gc             ] GC(267) Pause Young (Allocation Failure) 5959M->5959M(6182M) 133.042ms
[38.990s][info][gc,cpu         ] GC(267) User=0.62s Sys=0.00s Real=0.13s
[39.071s][info][gc,start       ] GC(268) Pause Young (Allocation Failure)
[39.225s][info][gc,heap        ] GC(268) PSYoungGen: 320064K(350208K)->263712K(358400K) Eden: 68608K(68608K)->0K(51200K) From: 251456K(281600K)->263712K(307200K)
[39.225s][info][gc,heap        ] GC(268) ParOldGen: 5851373K(5980160K)->5908205K(5980160K)
[39.225s][info][gc,metaspace   ] GC(268) Metaspace: 6298K(6464K)->6298K(6464K) NonClass: 5764K(5824K)->5764K(5824K) Class: 533K(640K)->533K(640K)
[39.225s][info][gc             ] GC(268) Pause Young (Allocation Failure) 6026M->6027M(6190M) 154.220ms
[39.225s][info][gc,cpu         ] GC(268) User=1.02s Sys=0.05s Real=0.15s
[39.225s][info][gc,start       ] GC(269) Pause Full (Ergonomics)
[39.225s][info][gc,phases,start] GC(269) Marking Phase
[40.556s][info][gc,phases      ] GC(269) Marking Phase 1331.318ms
[40.556s][info][gc,phases,start] GC(269) Summary Phase
[40.556s][info][gc,phases      ] GC(269) Summary Phase 0.073ms
[40.556s][info][gc,phases,start] GC(269) Adjust Roots
[40.557s][info][gc,phases      ] GC(269) Adjust Roots 0.163ms
[40.557s][info][gc,phases,start] GC(269) Compaction Phase
[41.487s][info][gc,phases      ] GC(269) Compaction Phase 930.784ms
[41.487s][info][gc,phases,start] GC(269) Post Compact
[41.499s][info][gc,phases      ] GC(269) Post Compact 11.428ms
[41.501s][info][gc,heap        ] GC(269) PSYoungGen: 263712K(358400K)->57648K(358400K) Eden: 0K(51200K)->0K(51200K) From: 263712K(307200K)->57648K(307200K)
[41.501s][info][gc,heap        ] GC(269) ParOldGen: 5908205K(5980160K)->5980003K(6566400K)
[41.501s][info][gc,metaspace   ] GC(269) Metaspace: 6298K(6464K)->6298K(6464K) NonClass: 5764K(5824K)->5764K(5824K) Class: 533K(640K)->533K(640K)
[41.501s][info][gc             ] GC(269) Pause Full (Ergonomics) 6027M->5896M(6762M) 2276.140ms
[41.501s][info][gc,cpu         ] GC(269) User=15.95s Sys=0.11s Real=2.28s
[41.563s][info][gc,start       ] GC(270) Pause Young (Allocation Failure)
[41.871s][info][gc,heap        ] GC(270) PSYoungGen: 108848K(358400K)->100416K(383488K) Eden: 51200K(51200K)->0K(51200K) From: 57648K(307200K)->100416K(332288K)
[41.871s][info][gc,heap        ] GC(270) ParOldGen: 5980003K(6566400K)->5988907K(6566400K)
[41.871s][info][gc,metaspace   ] GC(270) Metaspace: 6298K(6464K)->6298K(6464K) NonClass: 5764K(5824K)->5764K(5824K) Class: 533K(640K)->533K(640K)
[41.871s][info][gc             ] GC(270) Pause Young (Allocation Failure) 5946M->5946M(6787M) 307.498ms
[41.871s][info][gc,cpu         ] GC(270) User=1.95s Sys=0.00s Real=0.31s
[41.918s][info][gc,start       ] GC(271) Pause Young (Allocation Failure)
[42.024s][info][gc,heap        ] GC(271) PSYoungGen: 151616K(383488K)->151712K(352768K) Eden: 51200K(51200K)->0K(56832K) From: 100416K(332288K)->151712K(295936K)
[42.024s][info][gc,heap        ] GC(271) ParOldGen: 5988907K(6566400K)->5988907K(6566400K)
[42.024s][info][gc,metaspace   ] GC(271) Metaspace: 6298K(6464K)->6298K(6464K) NonClass: 5764K(5824K)->5764K(5824K) Class: 533K(640K)->533K(640K)
[42.024s][info][gc             ] GC(271) Pause Young (Allocation Failure) 5996M->5996M(6757M) 105.710ms
[42.024s][info][gc,cpu         ] GC(271) User=0.33s Sys=0.00s Real=0.11s
[42.085s][info][gc,start       ] GC(272) Pause Young (Allocation Failure)
[42.209s][info][gc,heap        ] GC(272) PSYoungGen: 208544K(352768K)->186784K(368128K) Eden: 56832K(56832K)->0K(56832K) From: 151712K(295936K)->186784K(311296K)
[42.209s][info][gc,heap        ] GC(272) ParOldGen: 5988907K(6566400K)->6010915K(6566400K)
[42.209s][info][gc,metaspace   ] GC(272) Metaspace: 6298K(6464K)->6298K(6464K) NonClass: 5764K(5824K)->5764K(5824K) Class: 533K(640K)->533K(640K)
[42.209s][info][gc             ] GC(272) Pause Young (Allocation Failure) 6052M->6052M(6772M) 124.135ms
[42.209s][info][gc,cpu         ] GC(272) User=0.47s Sys=0.02s Real=0.12s
[42.270s][info][gc,start       ] GC(273) Pause Young (Allocation Failure)
[42.403s][info][gc,heap        ] GC(273) PSYoungGen: 243616K(368128K)->228960K(359936K) Eden: 56832K(56832K)->0K(53248K) From: 186784K(311296K)->228960K(306688K)
[42.403s][info][gc,heap        ] GC(273) ParOldGen: 6010915K(6566400K)->6025763K(6566400K)
[42.403s][info][gc,metaspace   ] GC(273) Metaspace: 6298K(6464K)->6298K(6464K) NonClass: 5764K(5824K)->5764K(5824K) Class: 533K(640K)->533K(640K)
[42.403s][info][gc             ] GC(273) Pause Young (Allocation Failure) 6107M->6108M(6764M) 133.928ms
[42.404s][info][gc,cpu         ] GC(273) User=0.59s Sys=0.00s Real=0.13s
[42.460s][info][gc,start       ] GC(274) Pause Young (Allocation Failure)
[42.618s][info][gc,heap        ] GC(274) PSYoungGen: 282208K(359936K)->218624K(370176K) Eden: 53248K(53248K)->0K(53248K) From: 228960K(306688K)->218624K(316928K)
[42.618s][info][gc,heap        ] GC(274) ParOldGen: 6025763K(6566400K)->6089947K(6566400K)
[42.618s][info][gc,metaspace   ] GC(274) Metaspace: 6298K(6464K)->6298K(6464K) NonClass: 5764K(5824K)->5764K(5824K) Class: 533K(640K)->533K(640K)
[42.618s][info][gc             ] GC(274) Pause Young (Allocation Failure) 6160M->6160M(6774M) 157.388ms
[42.618s][info][gc,cpu         ] GC(274) User=0.42s Sys=0.02s Real=0.16s
[42.671s][info][gc,start       ] GC(275) Pause Young (Allocation Failure)
[42.814s][info][gc,heap        ] GC(275) PSYoungGen: 271872K(370176K)->163712K(354816K) Eden: 53248K(53248K)->0K(60416K) From: 218624K(316928K)->163712K(294400K)
[42.814s][info][gc,heap        ] GC(275) ParOldGen: 6089947K(6566400K)->6198899K(6566400K)
[42.814s][info][gc,metaspace   ] GC(275) Metaspace: 6298K(6464K)->6298K(6464K) NonClass: 5764K(5824K)->5764K(5824K) Class: 533K(640K)->533K(640K)
[42.814s][info][gc             ] GC(275) Pause Young (Allocation Failure) 6212M->6213M(6759M) 142.903ms
[42.814s][info][gc,cpu         ] GC(275) User=0.48s Sys=0.06s Real=0.14s
[42.875s][info][gc,start       ] GC(276) Pause Young (Allocation Failure)
[43.007s][info][gc,heap        ] GC(276) PSYoungGen: 224128K(354816K)->113984K(368128K) Eden: 60416K(60416K)->0K(60416K) From: 163712K(294400K)->113984K(307712K)
[43.007s][info][gc,heap        ] GC(276) ParOldGen: 6198899K(6566400K)->6309955K(6566400K)
[43.007s][info][gc,metaspace   ] GC(276) Metaspace: 6298K(6464K)->6298K(6464K) NonClass: 5764K(5824K)->5764K(5824K) Class: 533K(640K)->533K(640K)
[43.007s][info][gc             ] GC(276) Pause Young (Allocation Failure) 6272M->6273M(6772M) 131.516ms
[43.007s][info][gc,cpu         ] GC(276) User=0.52s Sys=0.02s Real=0.13s
[43.073s][info][gc,start       ] GC(277) Pause Young (Allocation Failure)
[43.188s][info][gc,heap        ] GC(277) PSYoungGen: 174400K(368128K)->60608K(368640K) Eden: 60416K(60416K)->0K(64512K) From: 113984K(307712K)->60608K(304128K)
[43.188s][info][gc,heap        ] GC(277) ParOldGen: 6309955K(6566400K)->6424595K(6566400K)
[43.188s][info][gc,metaspace   ] GC(277) Metaspace: 6298K(6464K)->6298K(6464K) NonClass: 5764K(5824K)->5764K(5824K) Class: 533K(640K)->533K(640K)
[43.188s][info][gc             ] GC(277) Pause Young (Allocation Failure) 6332M->6333M(6772M) 114.940ms
[43.188s][info][gc,cpu         ] GC(277) User=0.44s Sys=0.05s Real=0.12s
[43.188s][info][gc,start       ] GC(278) Pause Full (Ergonomics)
[43.188s][info][gc,phases,start] GC(278) Marking Phase
[44.629s][info][gc,phases      ] GC(278) Marking Phase 1441.188ms
[44.629s][info][gc,phases,start] GC(278) Summary Phase
[44.630s][info][gc,phases      ] GC(278) Summary Phase 0.154ms
[44.630s][info][gc,phases,start] GC(278) Adjust Roots
[44.630s][info][gc,phases      ] GC(278) Adjust Roots 0.340ms
[44.630s][info][gc,phases,start] GC(278) Compaction Phase
[45.277s][info][gc,phases      ] GC(278) Compaction Phase 647.199ms
[45.277s][info][gc,phases,start] GC(278) Post Compact
[45.287s][info][gc,phases      ] GC(278) Post Compact 9.533ms
[45.289s][info][gc,heap        ] GC(278) PSYoungGen: 60608K(368640K)->0K(372736K) Eden: 0K(64512K)->0K(64512K) From: 60608K(304128K)->0K(308224K)
[45.289s][info][gc,heap        ] GC(278) ParOldGen: 6424595K(6566400K)->6480787K(7164416K)
[45.289s][info][gc,metaspace   ] GC(278) Metaspace: 6298K(6464K)->6298K(6464K) NonClass: 5764K(5824K)->5764K(5824K) Class: 533K(640K)->533K(640K)
[45.289s][info][gc             ] GC(278) Pause Full (Ergonomics) 6333M->6328M(7360M) 2100.812ms
[45.289s][info][gc,cpu         ] GC(278) User=14.78s Sys=0.09s Real=2.10s
[45.363s][info][gc,start       ] GC(279) Pause Young (Allocation Failure)
[45.452s][info][gc,heap        ] GC(279) PSYoungGen: 64512K(372736K)->64704K(378368K) Eden: 64512K(64512K)->0K(71168K) From: 0K(308224K)->64704K(307200K)
[45.452s][info][gc,heap        ] GC(279) ParOldGen: 6480787K(7164416K)->6480787K(7164416K)
[45.452s][info][gc,metaspace   ] GC(279) Metaspace: 6298K(6464K)->6298K(6464K) NonClass: 5764K(5824K)->5764K(5824K) Class: 533K(640K)->533K(640K)
[45.452s][info][gc             ] GC(279) Pause Young (Allocation Failure) 6391M->6392M(7366M) 89.337ms
[45.452s][info][gc,cpu         ] GC(279) User=0.22s Sys=0.00s Real=0.09s
[45.521s][info][gc,start       ] GC(280) Pause Young (Allocation Failure)
[45.626s][info][gc,heap        ] GC(280) PSYoungGen: 135872K(378368K)->71424K(379904K) Eden: 71168K(71168K)->0K(71168K) From: 64704K(307200K)->71424K(308736K)
[45.626s][info][gc,heap        ] GC(280) ParOldGen: 6480787K(7164416K)->6545883K(7164416K)
[45.626s][info][gc,metaspace   ] GC(280) Metaspace: 6298K(6464K)->6298K(6464K) NonClass: 5764K(5824K)->5764K(5824K) Class: 533K(640K)->533K(640K)
[45.627s][info][gc             ] GC(280) Pause Young (Allocation Failure) 6461M->6462M(7367M) 105.945ms
[45.627s][info][gc,cpu         ] GC(280) User=0.34s Sys=0.00s Real=0.11s
[45.706s][info][gc,start       ] GC(281) Pause Young (Allocation Failure)
[45.812s][info][gc,heap        ] GC(281) PSYoungGen: 142592K(379904K)->71392K(374784K) Eden: 71168K(71168K)->0K(79360K) From: 71424K(308736K)->71392K(295424K)
[45.812s][info][gc,heap        ] GC(281) ParOldGen: 6545883K(7164416K)->6617691K(7164416K)
[45.812s][info][gc,metaspace   ] GC(281) Metaspace: 6298K(6464K)->6298K(6464K) NonClass: 5764K(5824K)->5764K(5824K) Class: 533K(640K)->533K(640K)
[45.812s][info][gc             ] GC(281) Pause Young (Allocation Failure) 6531M->6532M(7362M) 105.922ms
[45.812s][info][gc,cpu         ] GC(281) User=0.28s Sys=0.03s Real=0.11s
[45.903s][info][gc,start       ] GC(282) Pause Young (Allocation Failure)
[46.013s][info][gc,heap        ] GC(282) PSYoungGen: 150752K(374784K)->79584K(379392K) Eden: 79360K(79360K)->0K(79360K) From: 71392K(295424K)->79584K(300032K)
[46.013s][info][gc,heap        ] GC(282) ParOldGen: 6617691K(7164416K)->6689491K(7164416K)
[46.013s][info][gc,metaspace   ] GC(282) Metaspace: 6298K(6464K)->6298K(6464K) NonClass: 5764K(5824K)->5764K(5824K) Class: 533K(640K)->533K(640K)
[46.013s][info][gc             ] GC(282) Pause Young (Allocation Failure) 6609M->6610M(7367M) 110.385ms
[46.013s][info][gc,cpu         ] GC(282) User=0.41s Sys=0.03s Real=0.11s
[46.094s][info][gc,start       ] GC(283) Pause Young (Allocation Failure)
[46.208s][info][gc,heap        ] GC(283) PSYoungGen: 158944K(379392K)->79648K(365056K) Eden: 79360K(79360K)->0K(88576K) From: 79584K(300032K)->79648K(276480K)
[46.208s][info][gc,heap        ] GC(283) ParOldGen: 6689491K(7164416K)->6769571K(7164416K)
[46.208s][info][gc,metaspace   ] GC(283) Metaspace: 6298K(6464K)->6298K(6464K) NonClass: 5764K(5824K)->5764K(5824K) Class: 533K(640K)->533K(640K)
[46.208s][info][gc             ] GC(283) Pause Young (Allocation Failure) 6687M->6688M(7353M) 113.891ms
[46.208s][info][gc,cpu         ] GC(283) User=0.44s Sys=0.03s Real=0.11s
[46.312s][info][gc,start       ] GC(284) Pause Young (Allocation Failure)
[46.421s][info][gc,heap        ] GC(284) PSYoungGen: 168224K(365056K)->88864K(177664K) Eden: 88576K(88576K)->0K(88576K) From: 79648K(276480K)->88864K(89088K)
[46.421s][info][gc,heap        ] GC(284) ParOldGen: 6769571K(7164416K)->6849659K(7164416K)
[46.421s][info][gc,metaspace   ] GC(284) Metaspace: 6298K(6464K)->6298K(6464K) NonClass: 5764K(5824K)->5764K(5824K) Class: 533K(640K)->533K(640K)
[46.421s][info][gc             ] GC(284) Pause Young (Allocation Failure) 6775M->6775M(7170M) 108.433ms
[46.421s][info][gc,cpu         ] GC(284) User=0.34s Sys=0.05s Real=0.11s
[46.514s][info][gc,start       ] GC(285) Pause Young (Allocation Failure)
[46.649s][info][gc,heap        ] GC(285) PSYoungGen: 177440K(177664K)->88864K(352256K) Eden: 88576K(88576K)->0K(98816K) From: 88864K(89088K)->88864K(253440K)
[46.649s][info][gc,heap        ] GC(285) ParOldGen: 6849659K(7164416K)->6939035K(7164416K)
[46.649s][info][gc,metaspace   ] GC(285) Metaspace: 6298K(6464K)->6298K(6464K) NonClass: 5764K(5824K)->5764K(5824K) Class: 533K(640K)->533K(640K)
[46.649s][info][gc             ] GC(285) Pause Young (Allocation Failure) 6862M->6863M(7340M) 135.174ms
[46.649s][info][gc,cpu         ] GC(285) User=0.41s Sys=0.03s Real=0.13s
[46.744s][info][gc,start       ] GC(286) Pause Young (Allocation Failure)
[46.863s][info][gc,heap        ] GC(286) PSYoungGen: 187680K(352256K)->99104K(198144K) Eden: 98816K(98816K)->0K(98816K) From: 88864K(253440K)->99104K(99328K)
[46.863s][info][gc,heap        ] GC(286) ParOldGen: 6939035K(7164416K)->7028419K(7164416K)
[46.863s][info][gc,metaspace   ] GC(286) Metaspace: 6298K(6464K)->6298K(6464K) NonClass: 5764K(5824K)->5764K(5824K) Class: 533K(640K)->533K(640K)
[46.863s][info][gc             ] GC(286) Pause Young (Allocation Failure) 6959M->6960M(7190M) 119.105ms
[46.863s][info][gc,cpu         ] GC(286) User=0.45s Sys=0.05s Real=0.12s
[46.863s][info][gc,start       ] GC(287) Pause Full (Ergonomics)
[46.863s][info][gc,phases,start] GC(287) Marking Phase
[48.469s][info][gc,phases      ] GC(287) Marking Phase 1606.050ms
[48.469s][info][gc,phases,start] GC(287) Summary Phase
[48.469s][info][gc,phases      ] GC(287) Summary Phase 0.181ms
[48.469s][info][gc,phases,start] GC(287) Adjust Roots
[48.470s][info][gc,phases      ] GC(287) Adjust Roots 0.306ms
[48.470s][info][gc,phases,start] GC(287) Compaction Phase
[49.149s][info][gc,phases      ] GC(287) Compaction Phase 679.855ms
[49.149s][info][gc,phases,start] GC(287) Post Compact
[49.161s][info][gc,phases      ] GC(287) Post Compact 11.885ms
[49.164s][info][gc,heap        ] GC(287) PSYoungGen: 99104K(198144K)->0K(361472K) Eden: 0K(98816K)->0K(110080K) From: 99104K(99328K)->0K(251392K)
[49.164s][info][gc,heap        ] GC(287) ParOldGen: 7028419K(7164416K)->7122069K(7853056K)
[49.164s][info][gc,metaspace   ] GC(287) Metaspace: 6298K(6464K)->6298K(6464K) NonClass: 5764K(5824K)->5764K(5824K) Class: 533K(640K)->533K(640K)
[49.164s][info][gc             ] GC(287) Pause Full (Ergonomics) 6960M->6955M(8022M) 2300.914ms
[49.164s][info][gc,cpu         ] GC(287) User=16.75s Sys=0.03s Real=2.30s
[49.275s][info][gc,start       ] GC(288) Pause Young (Allocation Failure)
[49.374s][info][gc,heap        ] GC(288) PSYoungGen: 110080K(361472K)->110400K(220672K) Eden: 110080K(110080K)->0K(110080K) From: 0K(251392K)->110400K(110592K)
[49.375s][info][gc,heap        ] GC(288) ParOldGen: 7122069K(7853056K)->7122069K(7853056K)
[49.375s][info][gc,metaspace   ] GC(288) Metaspace: 6298K(6464K)->6298K(6464K) NonClass: 5764K(5824K)->5764K(5824K) Class: 533K(640K)->533K(640K)
[49.375s][info][gc             ] GC(288) Pause Young (Allocation Failure) 7062M->7062M(7884M) 99.509ms
[49.375s][info][gc,cpu         ] GC(288) User=0.33s Sys=0.00s Real=0.10s
[49.485s][info][gc,start       ] GC(289) Pause Young (Allocation Failure)
[49.617s][info][gc,heap        ] GC(289) PSYoungGen: 220480K(220672K)->220736K(331264K) Eden: 110080K(110080K)->0K(92672K) From: 110400K(110592K)->220736K(238592K)
[49.617s][info][gc,heap        ] GC(289) ParOldGen: 7122069K(7853056K)->7122069K(7853056K)
[49.617s][info][gc,metaspace   ] GC(289) Metaspace: 6298K(6464K)->6298K(6464K) NonClass: 5764K(5824K)->5764K(5824K) Class: 533K(640K)->533K(640K)
[49.617s][info][gc             ] GC(289) Pause Young (Allocation Failure) 7170M->7170M(7992M) 131.852ms
[49.617s][info][gc,cpu         ] GC(289) User=0.55s Sys=0.00s Real=0.13s
[49.723s][info][gc,start       ] GC(290) Pause Young (Allocation Failure)
[49.879s][info][gc,heap        ] GC(290) PSYoungGen: 313408K(331264K)->265728K(358400K) Eden: 92672K(92672K)->0K(92672K) From: 220736K(238592K)->265728K(265728K)
[49.879s][info][gc,heap        ] GC(290) ParOldGen: 7122069K(7853056K)->7170133K(7853056K)
[49.879s][info][gc,metaspace   ] GC(290) Metaspace: 6298K(6464K)->6298K(6464K) NonClass: 5764K(5824K)->5764K(5824K) Class: 533K(640K)->533K(640K)
[49.879s][info][gc             ] GC(290) Pause Young (Allocation Failure) 7261M->7261M(8019M) 156.528ms
[49.879s][info][gc,cpu         ] GC(290) User=0.86s Sys=0.03s Real=0.16s
[49.974s][info][gc,start       ] GC(291) Pause Young (Allocation Failure)
[50.165s][info][gc,heap        ] GC(291) PSYoungGen: 358400K(358400K)->167264K(406528K) Eden: 92672K(92672K)->0K(102912K) From: 265728K(265728K)->167264K(303616K)
[50.165s][info][gc,heap        ] GC(291) ParOldGen: 7170133K(7853056K)->7362917K(7853056K)
[50.165s][info][gc,metaspace   ] GC(291) Metaspace: 6298K(6464K)->6298K(6464K) NonClass: 5764K(5824K)->5764K(5824K) Class: 533K(640K)->533K(640K)
[50.165s][info][gc             ] GC(291) Pause Young (Allocation Failure) 7352M->7353M(8066M) 191.194ms
[50.165s][info][gc,cpu         ] GC(291) User=1.08s Sys=0.08s Real=0.19s
[50.276s][info][gc,start       ] GC(292) Pause Young (Allocation Failure)
[50.424s][info][gc,heap        ] GC(292) PSYoungGen: 270176K(406528K)->196064K(415232K) Eden: 102912K(102912K)->0K(102912K) From: 167264K(303616K)->196064K(312320K)
[50.424s][info][gc,heap        ] GC(292) ParOldGen: 7362917K(7853056K)->7437757K(7853056K)
[50.424s][info][gc,metaspace   ] GC(292) Metaspace: 6298K(6464K)->6298K(6464K) NonClass: 5764K(5824K)->5764K(5824K) Class: 533K(640K)->533K(640K)
[50.424s][info][gc             ] GC(292) Pause Young (Allocation Failure) 7454M->7454M(8074M) 147.680ms
[50.424s][info][gc,cpu         ] GC(292) User=0.73s Sys=0.09s Real=0.15s
[50.536s][info][gc,start       ] GC(293) Pause Young (Allocation Failure)
[50.693s][info][gc,heap        ] GC(293) PSYoungGen: 298976K(415232K)->206368K(424960K) Eden: 102912K(102912K)->0K(110592K) From: 196064K(312320K)->206368K(314368K)
[50.693s][info][gc,heap        ] GC(293) ParOldGen: 7437757K(7853056K)->7531269K(7853056K)
[50.693s][info][gc,metaspace   ] GC(293) Metaspace: 6298K(6464K)->6298K(6464K) NonClass: 5764K(5824K)->5764K(5824K) Class: 533K(640K)->533K(640K)
[50.693s][info][gc             ] GC(293) Pause Young (Allocation Failure) 7555M->7556M(8084M) 157.202ms
[50.694s][info][gc,cpu         ] GC(293) User=1.06s Sys=0.03s Real=0.16s
[50.817s][info][gc,start       ] GC(294) Pause Young (Allocation Failure)
[50.976s][info][gc,heap        ] GC(294) PSYoungGen: 316960K(424960K)->214048K(429056K) Eden: 110592K(110592K)->0K(110592K) From: 206368K(314368K)->214048K(318464K)
[50.976s][info][gc,heap        ] GC(294) ParOldGen: 7531269K(7853056K)->7635117K(7853056K)
[50.976s][info][gc,metaspace   ] GC(294) Metaspace: 6298K(6464K)->6298K(6464K) NonClass: 5764K(5824K)->5764K(5824K) Class: 533K(640K)->533K(640K)
[50.976s][info][gc             ] GC(294) Pause Young (Allocation Failure) 7664M->7665M(8088M) 159.376ms
[50.976s][info][gc,cpu         ] GC(294) User=1.09s Sys=0.05s Real=0.16s
[51.097s][info][gc,start       ] GC(295) Pause Young (Allocation Failure)
[51.260s][info][gc,heap        ] GC(295) PSYoungGen: 324640K(429056K)->221664K(440832K) Eden: 110592K(110592K)->0K(117248K) From: 214048K(318464K)->221664K(323584K)
[51.260s][info][gc,heap        ] GC(295) ParOldGen: 7635117K(7853056K)->7738957K(7853056K)
[51.260s][info][gc,metaspace   ] GC(295) Metaspace: 6298K(6464K)->6298K(6464K) NonClass: 5764K(5824K)->5764K(5824K) Class: 533K(640K)->533K(640K)
[51.260s][info][gc             ] GC(295) Pause Young (Allocation Failure) 7773M->7774M(8099M) 163.298ms
[51.260s][info][gc,cpu         ] GC(295) User=1.08s Sys=0.02s Real=0.16s
[51.260s][info][gc,start       ] GC(296) Pause Full (Ergonomics)
[51.260s][info][gc,phases,start] GC(296) Marking Phase
[53.064s][info][gc,phases      ] GC(296) Marking Phase 1803.911ms
[53.064s][info][gc,phases,start] GC(296) Summary Phase
[53.064s][info][gc,phases      ] GC(296) Summary Phase 0.123ms
[53.064s][info][gc,phases,start] GC(296) Adjust Roots
[53.064s][info][gc,phases      ] GC(296) Adjust Roots 0.252ms
[53.064s][info][gc,phases,start] GC(296) Compaction Phase
[53.812s][info][gc,phases      ] GC(296) Compaction Phase 747.362ms
[53.812s][info][gc,phases,start] GC(296) Post Compact
[53.824s][info][gc,phases      ] GC(296) Post Compact 12.221ms
[53.827s][info][gc,heap        ] GC(296) PSYoungGen: 221664K(440832K)->101540K(440832K) Eden: 0K(117248K)->0K(117248K) From: 221664K(323584K)->101540K(323584K)
[53.827s][info][gc,heap        ] GC(296) ParOldGen: 7738957K(7853056K)->7852795K(8671744K)
[53.827s][info][gc,metaspace   ] GC(296) Metaspace: 6298K(6464K)->6298K(6464K) NonClass: 5764K(5824K)->5764K(5824K) Class: 533K(640K)->533K(640K)
[53.827s][info][gc             ] GC(296) Pause Full (Ergonomics) 7774M->7767M(8899M) 2566.738ms
[53.827s][info][gc,cpu         ] GC(296) User=18.59s Sys=0.14s Real=2.57s
[53.948s][info][gc,start       ] GC(297) Pause Young (Allocation Failure)
[54.410s][info][gc,heap        ] GC(297) PSYoungGen: 218788K(440832K)->172480K(289792K) Eden: 117248K(117248K)->0K(117248K) From: 101540K(323584K)->172480K(172544K)
[54.410s][info][gc,heap        ] GC(297) ParOldGen: 7852795K(8671744K)->7900067K(8671744K)
[54.410s][info][gc,metaspace   ] GC(297) Metaspace: 6298K(6464K)->6298K(6464K) NonClass: 5764K(5824K)->5764K(5824K) Class: 533K(640K)->533K(640K)
[54.410s][info][gc             ] GC(297) Pause Young (Allocation Failure) 7882M->7883M(8751M) 462.260ms
[54.410s][info][gc,cpu         ] GC(297) User=3.28s Sys=0.05s Real=0.46s
[54.532s][info][gc,start       ] GC(298) Pause Young (Allocation Failure)
[54.694s][info][gc,heap        ] GC(298) PSYoungGen: 289728K(289792K)->289920K(413184K) Eden: 117248K(117248K)->0K(98304K) From: 172480K(172544K)->289920K(314880K)
[54.694s][info][gc,heap        ] GC(298) ParOldGen: 7900067K(8671744K)->7900067K(8671744K)
[54.694s][info][gc,metaspace   ] GC(298) Metaspace: 6298K(6464K)->6298K(6464K) NonClass: 5764K(5824K)->5764K(5824K) Class: 533K(640K)->533K(640K)
[54.694s][info][gc             ] GC(298) Pause Young (Allocation Failure) 7997M->7998M(8872M) 162.102ms
[54.694s][info][gc,cpu         ] GC(298) User=0.97s Sys=0.06s Real=0.16s
[54.794s][info][gc,start       ] GC(299) Pause Young (Allocation Failure)
[54.990s][info][gc,heap        ] GC(299) PSYoungGen: 388224K(413184K)->345088K(443392K) Eden: 98304K(98304K)->0K(98304K) From: 289920K(314880K)->345088K(345088K)
[54.990s][info][gc,heap        ] GC(299) ParOldGen: 7900067K(8671744K)->7943571K(8671744K)
[54.990s][info][gc,metaspace   ] GC(299) Metaspace: 6298K(6464K)->6298K(6464K) NonClass: 5764K(5824K)->5764K(5824K) Class: 533K(640K)->533K(640K)
[54.990s][info][gc             ] GC(299) Pause Young (Allocation Failure) 8094M->8094M(8901M) 195.456ms
[54.990s][info][gc,cpu         ] GC(299) User=1.39s Sys=0.03s Real=0.20s
[55.092s][info][gc,start       ] GC(300) Pause Young (Allocation Failure)
[55.334s][info][gc,heap        ] GC(300) PSYoungGen: 443392K(443392K)->293600K(501760K) Eden: 98304K(98304K)->0K(95744K) From: 345088K(345088K)->293600K(406016K)
[55.334s][info][gc,heap        ] GC(300) ParOldGen: 7943571K(8671744K)->8094747K(8671744K)
[55.334s][info][gc,metaspace   ] GC(300) Metaspace: 6298K(6464K)->6298K(6464K) NonClass: 5764K(5824K)->5764K(5824K) Class: 533K(640K)->533K(640K)
[55.334s][info][gc             ] GC(300) Pause Young (Allocation Failure) 8190M->8191M(8958M) 242.234ms
[55.334s][info][gc,cpu         ] GC(300) User=1.41s Sys=0.12s Real=0.24s
[55.433s][info][gc,start       ] GC(301) Pause Young (Allocation Failure)
[55.652s][info][gc,heap        ] GC(301) PSYoungGen: 389344K(501760K)->283648K(515072K) Eden: 95744K(95744K)->0K(95744K) From: 293600K(406016K)->283648K(419328K)
[55.652s][info][gc,heap        ] GC(301) ParOldGen: 8094747K(8671744K)->8201411K(8671744K)
[55.652s][info][gc,metaspace   ] GC(301) Metaspace: 6298K(6464K)->6298K(6464K) NonClass: 5764K(5824K)->5764K(5824K) Class: 533K(640K)->533K(640K)
[55.653s][info][gc             ] GC(301) Pause Young (Allocation Failure) 8285M->8286M(8971M) 219.713ms
[55.653s][info][gc,cpu         ] GC(301) User=1.28s Sys=0.11s Real=0.22s
[55.762s][info][gc,start       ] GC(302) Pause Young (Allocation Failure)
[55.961s][info][gc,heap        ] GC(302) PSYoungGen: 379392K(515072K)->192000K(501248K) Eden: 95744K(95744K)->0K(108032K) From: 283648K(419328K)->192000K(393216K)
[55.961s][info][gc,heap        ] GC(302) ParOldGen: 8201411K(8671744K)->8390267K(8671744K)
[55.961s][info][gc,metaspace   ] GC(302) Metaspace: 6298K(6464K)->6298K(6464K) NonClass: 5764K(5824K)->5764K(5824K) Class: 533K(640K)->533K(640K)
[55.961s][info][gc             ] GC(302) Pause Young (Allocation Failure) 8379M->8381M(8958M) 198.669ms
[55.961s][info][gc,cpu         ] GC(302) User=1.45s Sys=0.05s Real=0.20s
[56.071s][info][gc,start       ] GC(303) Pause Young (Allocation Failure)
[56.250s][info][gc,heap        ] GC(303) PSYoungGen: 300032K(501248K)->108384K(517120K) Eden: 108032K(108032K)->0K(108032K) From: 192000K(393216K)->108384K(409088K)
[56.250s][info][gc,heap        ] GC(303) ParOldGen: 8390267K(8671744K)->8583435K(8671744K)
[56.250s][info][gc,metaspace   ] GC(303) Metaspace: 6298K(6464K)->6298K(6464K) NonClass: 5764K(5824K)->5764K(5824K) Class: 533K(640K)->533K(640K)
[56.250s][info][gc             ] GC(303) Pause Young (Allocation Failure) 8486M->8488M(8973M) 178.690ms
[56.250s][info][gc,cpu         ] GC(303) User=0.95s Sys=0.20s Real=0.18s
[56.250s][info][gc,start       ] GC(304) Pause Full (Ergonomics)
[56.250s][info][gc,phases,start] GC(304) Marking Phase
[58.262s][info][gc,phases      ] GC(304) Marking Phase 2011.815ms
[58.262s][info][gc,phases,start] GC(304) Summary Phase
[58.262s][info][gc,phases      ] GC(304) Summary Phase 0.093ms
[58.262s][info][gc,phases,start] GC(304) Adjust Roots
[58.262s][info][gc,phases      ] GC(304) Adjust Roots 0.187ms
[58.262s][info][gc,phases,start] GC(304) Compaction Phase
[59.015s][info][gc,phases      ] GC(304) Compaction Phase 753.085ms
[59.016s][info][gc,phases,start] GC(304) Post Compact
[59.029s][info][gc,phases      ] GC(304) Post Compact 13.224ms
[59.032s][info][gc,heap        ] GC(304) PSYoungGen: 108384K(517120K)->12975K(517120K) Eden: 0K(108032K)->0K(108032K) From: 108384K(409088K)->12975K(409088K)
[59.032s][info][gc,heap        ] GC(304) ParOldGen: 8583435K(8671744K)->8671743K(9629696K)
[59.032s][info][gc,metaspace   ] GC(304) Metaspace: 6298K(6464K)->6298K(6464K) NonClass: 5764K(5824K)->5764K(5824K) Class: 533K(640K)->533K(640K)
[59.032s][info][gc             ] GC(304) Pause Full (Ergonomics) 8488M->8481M(9909M) 2781.630ms
[59.032s][info][gc,cpu         ] GC(304) User=20.70s Sys=0.03s Real=2.78s
[59.151s][info][gc,start       ] GC(305) Pause Young (Allocation Failure)
[59.606s][info][gc,heap        ] GC(305) PSYoungGen: 121007K(517120K)->108352K(516608K) Eden: 108032K(108032K)->0K(119296K) From: 12975K(409088K)->108352K(397312K)
[59.606s][info][gc,heap        ] GC(305) ParOldGen: 8671743K(9629696K)->8684871K(9629696K)
[59.606s][info][gc,metaspace   ] GC(305) Metaspace: 6298K(6464K)->6298K(6464K) NonClass: 5764K(5824K)->5764K(5824K) Class: 533K(640K)->533K(640K)
[59.606s][info][gc             ] GC(305) Pause Young (Allocation Failure) 8586M->8587M(9908M) 454.804ms
[59.606s][info][gc,cpu         ] GC(305) User=2.92s Sys=0.02s Real=0.45s
[59.733s][info][gc,start       ] GC(306) Pause Young (Allocation Failure)
[59.878s][info][gc,heap        ] GC(306) PSYoungGen: 227648K(516608K)->119616K(523264K) Eden: 119296K(119296K)->0K(119296K) From: 108352K(397312K)->119616K(403968K)
[59.878s][info][gc,heap        ] GC(306) ParOldGen: 8684871K(9629696K)->8793887K(9629696K)
[59.878s][info][gc,metaspace   ] GC(306) Metaspace: 6298K(6464K)->6298K(6464K) NonClass: 5764K(5824K)->5764K(5824K) Class: 533K(640K)->533K(640K)
[59.878s][info][gc             ] GC(306) Pause Young (Allocation Failure) 8703M->8704M(9915M) 145.263ms
[59.878s][info][gc,cpu         ] GC(306) User=0.97s Sys=0.05s Real=0.14s
[60.011s][info][gc,start       ] GC(307) Pause Young (Allocation Failure)
[60.157s][info][gc,heap        ] GC(307) PSYoungGen: 238912K(523264K)->119648K(509440K) Eden: 119296K(119296K)->0K(131584K) From: 119616K(403968K)->119648K(377856K)
[60.157s][info][gc,heap        ] GC(307) ParOldGen: 8793887K(9629696K)->8914263K(9629696K)
[60.157s][info][gc,metaspace   ] GC(307) Metaspace: 6298K(6464K)->6298K(6464K) NonClass: 5764K(5824K)->5764K(5824K) Class: 533K(640K)->533K(640K)
[60.157s][info][gc             ] GC(307) Pause Young (Allocation Failure) 8821M->8822M(9901M) 145.912ms
[60.157s][info][gc,cpu         ] GC(307) User=1.00s Sys=0.03s Real=0.15s
[60.300s][info][gc,start       ] GC(308) Pause Young (Allocation Failure)
[60.462s][info][gc,heap        ] GC(308) PSYoungGen: 251232K(509440K)->132000K(518656K) Eden: 131584K(131584K)->0K(131584K) From: 119648K(377856K)->132000K(387072K)
[60.462s][info][gc,heap        ] GC(308) ParOldGen: 8914263K(9629696K)->9034647K(9629696K)
[60.462s][info][gc,metaspace   ] GC(308) Metaspace: 6298K(6464K)->6298K(6464K) NonClass: 5764K(5824K)->5764K(5824K) Class: 533K(640K)->533K(640K)
[60.462s][info][gc             ] GC(308) Pause Young (Allocation Failure) 8950M->8951M(9910M) 162.030ms
[60.462s][info][gc,cpu         ] GC(308) User=0.73s Sys=0.08s Real=0.16s
[60.626s][info][gc,start       ] GC(309) Pause Young (Allocation Failure)
[60.801s][info][gc,heap        ] GC(309) PSYoungGen: 263584K(518656K)->131904K(494592K) Eden: 131584K(131584K)->0K(145408K) From: 132000K(387072K)->131904K(349184K)
[60.801s][info][gc,heap        ] GC(309) ParOldGen: 9034647K(9629696K)->9167431K(9629696K)
[60.801s][info][gc,metaspace   ] GC(309) Metaspace: 6298K(6464K)->6298K(6464K) NonClass: 5764K(5824K)->5764K(5824K) Class: 533K(640K)->533K(640K)
[60.801s][info][gc             ] GC(309) Pause Young (Allocation Failure) 9080M->9081M(9887M) 174.547ms
[60.801s][info][gc,cpu         ] GC(309) User=0.77s Sys=0.05s Real=0.17s
[60.958s][info][gc,start       ] GC(310) Pause Young (Allocation Failure)
[61.131s][info][gc,heap        ] GC(310) PSYoungGen: 277312K(494592K)->145824K(507392K) Eden: 145408K(145408K)->0K(145408K) From: 131904K(349184K)->145824K(361984K)
[61.131s][info][gc,heap        ] GC(310) ParOldGen: 9167431K(9629696K)->9300191K(9629696K)
[61.131s][info][gc,metaspace   ] GC(310) Metaspace: 6298K(6464K)->6298K(6464K) NonClass: 5764K(5824K)->5764K(5824K) Class: 533K(640K)->533K(640K)
[61.131s][info][gc             ] GC(310) Pause Young (Allocation Failure) 9223M->9224M(9899M) 172.287ms
[61.131s][info][gc,cpu         ] GC(310) User=0.98s Sys=0.06s Real=0.17s
[61.288s][info][gc,start       ] GC(311) Pause Young (Allocation Failure)
[61.459s][info][gc,heap        ] GC(311) PSYoungGen: 291232K(507392K)->145824K(480768K) Eden: 145408K(145408K)->0K(160768K) From: 145824K(361984K)->145824K(320000K)
[61.459s][info][gc,heap        ] GC(311) ParOldGen: 9300191K(9629696K)->9446911K(9629696K)
[61.459s][info][gc,metaspace   ] GC(311) Metaspace: 6298K(6464K)->6298K(6464K) NonClass: 5764K(5824K)->5764K(5824K) Class: 533K(640K)->533K(640K)
[61.459s][info][gc             ] GC(311) Pause Young (Allocation Failure) 9366M->9367M(9873M) 171.084ms
[61.459s][info][gc,cpu         ] GC(311) User=1.14s Sys=0.03s Real=0.17s
[61.459s][info][gc,start       ] GC(312) Pause Full (Ergonomics)
[61.459s][info][gc,phases,start] GC(312) Marking Phase
[63.670s][info][gc,phases      ] GC(312) Marking Phase 2210.365ms
[63.670s][info][gc,phases,start] GC(312) Summary Phase
[63.670s][info][gc,phases      ] GC(312) Summary Phase 0.209ms
[63.670s][info][gc,phases,start] GC(312) Adjust Roots
[63.670s][info][gc,phases      ] GC(312) Adjust Roots 0.276ms
[63.670s][info][gc,phases,start] GC(312) Compaction Phase
[64.532s][info][gc,phases      ] GC(312) Compaction Phase 861.769ms
[64.532s][info][gc,phases,start] GC(312) Post Compact
[64.548s][info][gc,phases      ] GC(312) Post Compact 15.977ms
[64.552s][info][gc,heap        ] GC(312) PSYoungGen: 145824K(480768K)->0K(494592K) Eden: 0K(160768K)->0K(160768K) From: 145824K(320000K)->0K(333824K)
[64.552s][info][gc,heap        ] GC(312) ParOldGen: 9446911K(9629696K)->9585116K(10614272K)
[64.552s][info][gc,metaspace   ] GC(312) Metaspace: 6298K(6464K)->6298K(6464K) NonClass: 5764K(5824K)->5764K(5824K) Class: 533K(640K)->533K(640K)
[64.552s][info][gc             ] GC(312) Pause Full (Ergonomics) 9367M->9360M(10848M) 3092.537ms
[64.552s][info][gc,cpu         ] GC(312) User=22.31s Sys=0.06s Real=3.09s
[64.726s][info][gc,start       ] GC(313) Pause Young (Allocation Failure)
[64.856s][info][gc,heap        ] GC(313) PSYoungGen: 160768K(494592K)->161184K(473600K) Eden: 160768K(160768K)->0K(174592K) From: 0K(333824K)->161184K(299008K)
[64.856s][info][gc,heap        ] GC(313) ParOldGen: 9585116K(10614272K)->9585116K(10614272K)
[64.856s][info][gc,metaspace   ] GC(313) Metaspace: 6298K(6464K)->6298K(6464K) NonClass: 5764K(5824K)->5764K(5824K) Class: 533K(640K)->533K(640K)
[64.856s][info][gc             ] GC(313) Pause Young (Allocation Failure) 9517M->9517M(10828M) 129.475ms
[64.856s][info][gc,cpu         ] GC(313) User=0.59s Sys=0.00s Real=0.13s
[65.039s][info][gc,start       ] GC(314) Pause Young (Allocation Failure)
[65.227s][info][gc,heap        ] GC(314) PSYoungGen: 335776K(473600K)->317952K(492544K) Eden: 174592K(174592K)->0K(174592K) From: 161184K(299008K)->317952K(317952K)
[65.227s][info][gc,heap        ] GC(314) ParOldGen: 9585116K(10614272K)->9603364K(10614272K)
[65.227s][info][gc,metaspace   ] GC(314) Metaspace: 6298K(6464K)->6298K(6464K) NonClass: 5764K(5824K)->5764K(5824K) Class: 533K(640K)->533K(640K)
[65.227s][info][gc             ] GC(314) Pause Young (Allocation Failure) 9688M->9688M(10846M) 188.582ms
[65.227s][info][gc,cpu         ] GC(314) User=1.27s Sys=0.00s Real=0.19s
[65.418s][info][gc,start       ] GC(315) Pause Young (Allocation Failure)
[65.732s][info][gc,heap        ] GC(315) PSYoungGen: 492544K(492544K)->175104K(524288K) Eden: 174592K(174592K)->0K(191488K) From: 317952K(317952K)->175104K(332800K)
[65.732s][info][gc,heap        ] GC(315) ParOldGen: 9603364K(10614272K)->9923548K(10614272K)
[65.732s][info][gc,metaspace   ] GC(315) Metaspace: 6298K(6464K)->6298K(6464K) NonClass: 5764K(5824K)->5764K(5824K) Class: 533K(640K)->533K(640K)
[65.732s][info][gc             ] GC(315) Pause Young (Allocation Failure) 9859M->9861M(10877M) 313.781ms
[65.732s][info][gc,cpu         ] GC(315) User=1.89s Sys=0.22s Real=0.31s
[65.943s][info][gc,start       ] GC(316) Pause Young (Allocation Failure)
[66.151s][info][gc,heap        ] GC(316) PSYoungGen: 366592K(524288K)->348672K(540160K) Eden: 191488K(191488K)->0K(191488K) From: 175104K(332800K)->348672K(348672K)
[66.151s][info][gc,heap        ] GC(316) ParOldGen: 9923548K(10614272K)->9941852K(10614272K)
[66.151s][info][gc,metaspace   ] GC(316) Metaspace: 6298K(6464K)->6298K(6464K) NonClass: 5764K(5824K)->5764K(5824K) Class: 533K(640K)->533K(640K)
[66.151s][info][gc             ] GC(316) Pause Young (Allocation Failure) 10048M->10049M(10893M) 208.156ms
[66.151s][info][gc,cpu         ] GC(316) User=1.39s Sys=0.00s Real=0.21s
[66.364s][info][gc,start       ] GC(317) Pause Young (Allocation Failure)
[66.707s][info][gc,heap        ] GC(317) PSYoungGen: 540160K(540160K)->192032K(576512K) Eden: 191488K(191488K)->0K(211456K) From: 348672K(348672K)->192032K(365056K)
[66.707s][info][gc,heap        ] GC(317) ParOldGen: 9941852K(10614272K)->10292956K(10614272K)
[66.707s][info][gc,metaspace   ] GC(317) Metaspace: 6298K(6464K)->6298K(6464K) NonClass: 5764K(5824K)->5764K(5824K) Class: 533K(640K)->533K(640K)
[66.707s][info][gc             ] GC(317) Pause Young (Allocation Failure) 10236M->10239M(10928M) 342.635ms
[66.707s][info][gc,cpu         ] GC(317) User=1.92s Sys=0.17s Real=0.34s
[66.707s][info][gc,start       ] GC(318) Pause Full (Ergonomics)
[66.707s][info][gc,phases,start] GC(318) Marking Phase
[69.191s][info][gc,phases      ] GC(318) Marking Phase 2484.225ms
[69.191s][info][gc,phases,start] GC(318) Summary Phase
[69.191s][info][gc,phases      ] GC(318) Summary Phase 0.206ms
[69.191s][info][gc,phases,start] GC(318) Adjust Roots
[69.192s][info][gc,phases      ] GC(318) Adjust Roots 0.217ms
[69.192s][info][gc,phases,start] GC(318) Compaction Phase
[70.062s][info][gc,phases      ] GC(318) Compaction Phase 870.368ms
[70.062s][info][gc,phases,start] GC(318) Post Compact
[70.081s][info][gc,phases      ] GC(318) Post Compact 18.599ms
[70.084s][info][gc,heap        ] GC(318) PSYoungGen: 192032K(576512K)->0K(593408K) Eden: 0K(211456K)->0K(211456K) From: 192032K(365056K)->0K(381952K)
[70.084s][info][gc,heap        ] GC(318) ParOldGen: 10292956K(10614272K)->10477890K(11537408K)
[70.084s][info][gc,metaspace   ] GC(318) Metaspace: 6298K(6464K)->6298K(6464K) NonClass: 5764K(5824K)->5764K(5824K) Class: 533K(640K)->533K(640K)
[70.084s][info][gc             ] GC(318) Pause Full (Ergonomics) 10239M->10232M(11846M) 3376.913ms
[70.084s][info][gc,cpu         ] GC(318) User=24.91s Sys=0.06s Real=3.38s
[70.316s][info][gc,start       ] GC(319) Pause Young (Allocation Failure)
[70.462s][info][gc,heap        ] GC(319) PSYoungGen: 211456K(593408K)->212000K(579584K) Eden: 211456K(211456K)->0K(229376K) From: 0K(381952K)->212000K(350208K)
[70.462s][info][gc,heap        ] GC(319) ParOldGen: 10477890K(11537408K)->10477890K(11537408K)
[70.462s][info][gc,metaspace   ] GC(319) Metaspace: 6298K(6464K)->6298K(6464K) NonClass: 5764K(5824K)->5764K(5824K) Class: 533K(640K)->533K(640K)
[70.462s][info][gc             ] GC(319) Pause Young (Allocation Failure) 10438M->10439M(11833M) 145.738ms
[70.462s][info][gc,cpu         ] GC(319) User=0.75s Sys=0.00s Real=0.15s
[70.738s][info][gc,start       ] GC(320) Pause Young (Allocation Failure)
[70.998s][info][gc,heap        ] GC(320) PSYoungGen: 441376K(579584K)->368128K(597504K) Eden: 229376K(229376K)->0K(229376K) From: 212000K(350208K)->368128K(368128K)
[70.998s][info][gc,heap        ] GC(320) ParOldGen: 10477890K(11537408K)->10552002K(11537408K)
[70.998s][info][gc,metaspace   ] GC(320) Metaspace: 6298K(6464K)->6298K(6464K) NonClass: 5764K(5824K)->5764K(5824K) Class: 533K(640K)->533K(640K)
[70.998s][info][gc             ] GC(320) Pause Young (Allocation Failure) 10663M->10664M(11850M) 259.829ms
[70.998s][info][gc,cpu         ] GC(320) User=1.73s Sys=0.02s Real=0.26s
[71.263s][info][gc,start       ] GC(321) Pause Young (Allocation Failure)
[71.651s][info][gc,heap        ] GC(321) PSYoungGen: 597504K(597504K)->229984K(653312K) Eden: 229376K(229376K)->0K(250880K) From: 368128K(368128K)->229984K(402432K)
[71.651s][info][gc,heap        ] GC(321) ParOldGen: 10552002K(11537408K)->10922738K(11537408K)
[71.651s][info][gc,metaspace   ] GC(321) Metaspace: 6298K(6464K)->6298K(6464K) NonClass: 5764K(5824K)->5764K(5824K) Class: 533K(640K)->533K(640K)
[71.651s][info][gc             ] GC(321) Pause Young (Allocation Failure) 10888M->10891M(11905M) 388.354ms
[71.651s][info][gc,cpu         ] GC(321) User=2.06s Sys=0.14s Real=0.39s
[71.961s][info][gc,start       ] GC(322) Pause Young (Allocation Failure)
[72.247s][info][gc,heap        ] GC(322) PSYoungGen: 480864K(653312K)->420864K(671744K) Eden: 250880K(250880K)->0K(250880K) From: 229984K(402432K)->420864K(420864K)
[72.248s][info][gc,heap        ] GC(322) ParOldGen: 10922738K(11537408K)->10983538K(11537408K)
[72.248s][info][gc,metaspace   ] GC(322) Metaspace: 6298K(6464K)->6298K(6464K) NonClass: 5764K(5824K)->5764K(5824K) Class: 533K(640K)->533K(640K)
[72.248s][info][gc             ] GC(322) Pause Young (Allocation Failure) 11136M->11137M(11923M) 286.773ms
[72.248s][info][gc,cpu         ] GC(322) User=2.05s Sys=0.03s Real=0.29s
[74.984s][info][gc,start       ] GC(323) Pause Full (Ergonomics)
[74.985s][info][gc,phases,start] GC(323) Marking Phase
[77.880s][info][gc,phases      ] GC(323) Marking Phase 2894.984ms
[77.880s][info][gc,phases,start] GC(323) Summary Phase
[77.880s][info][gc,phases      ] GC(323) Summary Phase 0.195ms
[77.880s][info][gc,phases,start] GC(323) Adjust Roots
[77.880s][info][gc,phases      ] GC(323) Adjust Roots 0.302ms
[77.880s][info][gc,phases,start] GC(323) Compaction Phase
[79.914s][info][gc,phases      ] GC(323) Compaction Phase 2033.898ms
[79.914s][info][gc,phases,start] GC(323) Post Compact
[79.942s][info][gc,phases      ] GC(323) Post Compact 27.877ms
[79.942s][info][gc,heap        ] GC(323) PSYoungGen: 671744K(671744K)->374510K(671744K) Eden: 250880K(250880K)->0K(250880K) From: 420864K(420864K)->374510K(420864K)
[79.942s][info][gc,heap        ] GC(323) ParOldGen: 11507826K(11537408K)->11537329K(11537408K)
[79.942s][info][gc,metaspace   ] GC(323) Metaspace: 6298K(6464K)->6298K(6464K) NonClass: 5764K(5824K)->5764K(5824K) Class: 533K(640K)->533K(640K)
[79.942s][info][gc             ] GC(323) Pause Full (Ergonomics) 11894M->11632M(11923M) 4957.817ms
[79.942s][info][gc,cpu         ] GC(323) User=30.77s Sys=0.08s Real=4.96s
[80.188s][info][gc,start       ] GC(324) Pause Full (Ergonomics)
[80.188s][info][gc,phases,start] GC(324) Marking Phase
[83.037s][info][gc,phases      ] GC(324) Marking Phase 2849.094ms
[83.037s][info][gc,phases,start] GC(324) Summary Phase
[83.038s][info][gc,phases      ] GC(324) Summary Phase 0.187ms
[83.038s][info][gc,phases,start] GC(324) Adjust Roots
[83.038s][info][gc,phases      ] GC(324) Adjust Roots 0.298ms
[83.038s][info][gc,phases,start] GC(324) Compaction Phase
[84.072s][info][gc,phases      ] GC(324) Compaction Phase 1033.826ms
[84.072s][info][gc,phases,start] GC(324) Post Compact
[84.092s][info][gc,phases      ] GC(324) Post Compact 20.199ms
[84.092s][info][gc,heap        ] GC(324) PSYoungGen: 625390K(671744K)->625362K(671744K) Eden: 250880K(250880K)->250851K(250880K) From: 374510K(420864K)->374510K(420864K)
[84.092s][info][gc,heap        ] GC(324) ParOldGen: 11537329K(11537408K)->11537329K(11537408K)
[84.092s][info][gc,metaspace   ] GC(324) Metaspace: 6298K(6464K)->6298K(6464K) NonClass: 5764K(5824K)->5764K(5824K) Class: 533K(640K)->533K(640K)
[84.092s][info][gc             ] GC(324) Pause Full (Ergonomics) 11877M->11877M(11923M) 3904.079ms
[84.092s][info][gc,cpu         ] GC(324) User=26.36s Sys=0.00s Real=3.90s
[84.092s][info][gc,start       ] GC(325) Pause Full (Ergonomics)
[84.092s][info][gc,phases,start] GC(325) Marking Phase
[86.770s][info][gc,phases      ] GC(325) Marking Phase 2677.796ms
[86.770s][info][gc,phases,start] GC(325) Summary Phase
[86.770s][info][gc,phases      ] GC(325) Summary Phase 0.123ms
[86.770s][info][gc,phases,start] GC(325) Adjust Roots
[86.771s][info][gc,phases      ] GC(325) Adjust Roots 0.215ms
[86.771s][info][gc,phases,start] GC(325) Compaction Phase
[87.734s][info][gc,phases      ] GC(325) Compaction Phase 963.335ms
[87.734s][info][gc,phases,start] GC(325) Post Compact
[87.753s][info][gc,phases      ] GC(325) Post Compact 19.051ms
[87.753s][info][gc,heap        ] GC(325) PSYoungGen: 625390K(671744K)->625390K(671744K) Eden: 250880K(250880K)->250879K(250880K) From: 374510K(420864K)->374510K(420864K)
[87.753s][info][gc,heap        ] GC(325) ParOldGen: 11537329K(11537408K)->11537329K(11537408K)
[87.753s][info][gc,metaspace   ] GC(325) Metaspace: 6298K(6464K)->6298K(6464K) NonClass: 5764K(5824K)->5764K(5824K) Class: 533K(640K)->533K(640K)
[87.753s][info][gc             ] GC(325) Pause Full (Ergonomics) 11877M->11877M(11923M) 3660.869ms
[87.753s][info][gc,cpu         ] GC(325) User=26.25s Sys=0.03s Real=3.66s
[87.753s][info][gc,start       ] GC(326) Pause Full (Ergonomics)
[87.753s][info][gc,phases,start] GC(326) Marking Phase
[90.463s][info][gc,phases      ] GC(326) Marking Phase 2709.836ms
[90.463s][info][gc,phases,start] GC(326) Summary Phase
[90.463s][info][gc,phases      ] GC(326) Summary Phase 0.120ms
[90.463s][info][gc,phases,start] GC(326) Adjust Roots
[90.464s][info][gc,phases      ] GC(326) Adjust Roots 0.192ms
[90.464s][info][gc,phases,start] GC(326) Compaction Phase
[91.446s][info][gc,phases      ] GC(326) Compaction Phase 982.141ms
[91.446s][info][gc,phases,start] GC(326) Post Compact
[91.466s][info][gc,phases      ] GC(326) Post Compact 20.163ms
[91.466s][info][gc,heap        ] GC(326) PSYoungGen: 625390K(671744K)->625390K(671744K) Eden: 250879K(250880K)->250879K(250880K) From: 374510K(420864K)->374510K(420864K)
[91.466s][info][gc,heap        ] GC(326) ParOldGen: 11537329K(11537408K)->11537329K(11537408K)
[91.466s][info][gc,metaspace   ] GC(326) Metaspace: 6298K(6464K)->6298K(6464K) NonClass: 5764K(5824K)->5764K(5824K) Class: 533K(640K)->533K(640K)
[91.466s][info][gc             ] GC(326) Pause Full (Ergonomics) 11877M->11877M(11923M) 3712.832ms
[91.466s][info][gc,cpu         ] GC(326) User=26.69s Sys=0.03s Real=3.71s
[91.466s][info][gc,start       ] GC(327) Pause Full (Ergonomics)
[91.467s][info][gc,phases,start] GC(327) Marking Phase
[94.198s][info][gc,phases      ] GC(327) Marking Phase 2731.323ms
[94.198s][info][gc,phases,start] GC(327) Summary Phase
[94.198s][info][gc,phases      ] GC(327) Summary Phase 0.163ms
[94.198s][info][gc,phases,start] GC(327) Adjust Roots
[94.198s][info][gc,phases      ] GC(327) Adjust Roots 0.247ms
[94.198s][info][gc,phases,start] GC(327) Compaction Phase
[95.185s][info][gc,phases      ] GC(327) Compaction Phase 986.763ms
[95.185s][info][gc,phases,start] GC(327) Post Compact
[95.204s][info][gc,phases      ] GC(327) Post Compact 19.034ms
[95.204s][info][gc,heap        ] GC(327) PSYoungGen: 625390K(671744K)->625390K(671744K) Eden: 250879K(250880K)->250879K(250880K) From: 374510K(420864K)->374510K(420864K)
[95.204s][info][gc,heap        ] GC(327) ParOldGen: 11537334K(11537408K)->11537334K(11537408K)
[95.204s][info][gc,metaspace   ] GC(327) Metaspace: 6298K(6464K)->6298K(6464K) NonClass: 5764K(5824K)->5764K(5824K) Class: 533K(640K)->533K(640K)
[95.204s][info][gc             ] GC(327) Pause Full (Ergonomics) 11877M->11877M(11923M) 3737.896ms
[95.204s][info][gc,cpu         ] GC(327) User=27.09s Sys=0.00s Real=3.74s
[95.205s][info][gc,start       ] GC(328) Pause Full (Ergonomics)
[95.205s][info][gc,phases,start] GC(328) Marking Phase
[97.895s][info][gc,phases      ] GC(328) Marking Phase 2690.731ms
[97.895s][info][gc,phases,start] GC(328) Summary Phase
[97.896s][info][gc,phases      ] GC(328) Summary Phase 0.113ms
[97.896s][info][gc,phases,start] GC(328) Adjust Roots
[97.896s][info][gc,phases      ] GC(328) Adjust Roots 0.172ms
[97.896s][info][gc,phases,start] GC(328) Compaction Phase
[98.862s][info][gc,phases      ] GC(328) Compaction Phase 966.187ms
[98.862s][info][gc,phases,start] GC(328) Post Compact
[98.881s][info][gc,phases      ] GC(328) Post Compact 19.205ms
[98.881s][info][gc,heap        ] GC(328) PSYoungGen: 625390K(671744K)->625390K(671744K) Eden: 250879K(250880K)->250879K(250880K) From: 374510K(420864K)->374510K(420864K)
[98.881s][info][gc,heap        ] GC(328) ParOldGen: 11537339K(11537408K)->11537339K(11537408K)
[98.881s][info][gc,metaspace   ] GC(328) Metaspace: 6298K(6464K)->6298K(6464K) NonClass: 5764K(5824K)->5764K(5824K) Class: 533K(640K)->533K(640K)
[98.881s][info][gc             ] GC(328) Pause Full (Ergonomics) 11877M->11877M(11923M) 3676.753ms
[98.881s][info][gc,cpu         ] GC(328) User=26.50s Sys=0.00s Real=3.68s
[98.882s][info][gc,start       ] GC(329) Pause Full (Ergonomics)
[98.882s][info][gc,phases,start] GC(329) Marking Phase
[101.590s][info][gc,phases      ] GC(329) Marking Phase 2708.760ms
[101.590s][info][gc,phases,start] GC(329) Summary Phase
[101.591s][info][gc,phases      ] GC(329) Summary Phase 0.144ms
[101.591s][info][gc,phases,start] GC(329) Adjust Roots
[101.591s][info][gc,phases      ] GC(329) Adjust Roots 0.302ms
[101.591s][info][gc,phases,start] GC(329) Compaction Phase
[102.609s][info][gc,phases      ] GC(329) Compaction Phase 1018.518ms
[102.609s][info][gc,phases,start] GC(329) Post Compact
[102.629s][info][gc,phases      ] GC(329) Post Compact 19.045ms
[102.629s][info][gc,heap        ] GC(329) PSYoungGen: 625390K(671744K)->625390K(671744K) Eden: 250879K(250880K)->250879K(250880K) From: 374510K(420864K)->374510K(420864K)
[102.629s][info][gc,heap        ] GC(329) ParOldGen: 11537343K(11537408K)->11537343K(11537408K)
[102.629s][info][gc,metaspace   ] GC(329) Metaspace: 6298K(6464K)->6298K(6464K) NonClass: 5764K(5824K)->5764K(5824K) Class: 533K(640K)->533K(640K)
[102.629s][info][gc             ] GC(329) Pause Full (Ergonomics) 11877M->11877M(11923M) 3747.114ms
[102.629s][info][gc,cpu         ] GC(329) User=26.69s Sys=0.05s Real=3.75s
[102.629s][info][gc,start       ] GC(330) Pause Full (Ergonomics)
[102.629s][info][gc,phases,start] GC(330) Marking Phase
[105.343s][info][gc,phases      ] GC(330) Marking Phase 2714.322ms
[105.343s][info][gc,phases,start] GC(330) Summary Phase
[105.343s][info][gc,phases      ] GC(330) Summary Phase 0.121ms
[105.343s][info][gc,phases,start] GC(330) Adjust Roots
[105.344s][info][gc,phases      ] GC(330) Adjust Roots 0.187ms
[105.344s][info][gc,phases,start] GC(330) Compaction Phase
[106.334s][info][gc,phases      ] GC(330) Compaction Phase 990.846ms
[106.335s][info][gc,phases,start] GC(330) Post Compact
[106.354s][info][gc,phases      ] GC(330) Post Compact 19.557ms
[106.354s][info][gc,heap        ] GC(330) PSYoungGen: 625390K(671744K)->625390K(671744K) Eden: 250879K(250880K)->250879K(250880K) From: 374510K(420864K)->374510K(420864K)
[106.354s][info][gc,heap        ] GC(330) ParOldGen: 11537348K(11537408K)->11537348K(11537408K)
[106.354s][info][gc,metaspace   ] GC(330) Metaspace: 6298K(6464K)->6298K(6464K) NonClass: 5764K(5824K)->5764K(5824K) Class: 533K(640K)->533K(640K)
[106.354s][info][gc             ] GC(330) Pause Full (Ergonomics) 11877M->11877M(11923M) 3725.358ms
[106.354s][info][gc,cpu         ] GC(330) User=26.81s Sys=0.00s Real=3.72s
[106.354s][info][gc,start       ] GC(331) Pause Full (Ergonomics)
[106.354s][info][gc,phases,start] GC(331) Marking Phase
[109.102s][info][gc,phases      ] GC(331) Marking Phase 2747.286ms
[109.102s][info][gc,phases,start] GC(331) Summary Phase
[109.102s][info][gc,phases      ] GC(331) Summary Phase 0.116ms
[109.102s][info][gc,phases,start] GC(331) Adjust Roots
[109.102s][info][gc,phases      ] GC(331) Adjust Roots 0.181ms
[109.102s][info][gc,phases,start] GC(331) Compaction Phase
[110.098s][info][gc,phases      ] GC(331) Compaction Phase 995.678ms
[110.098s][info][gc,phases,start] GC(331) Post Compact
[110.120s][info][gc,phases      ] GC(331) Post Compact 22.499ms
[110.120s][info][gc,heap        ] GC(331) PSYoungGen: 625390K(671744K)->625390K(671744K) Eden: 250879K(250880K)->250879K(250880K) From: 374510K(420864K)->374510K(420864K)
[110.120s][info][gc,heap        ] GC(331) ParOldGen: 11537353K(11537408K)->11537353K(11537408K)
[110.120s][info][gc,metaspace   ] GC(331) Metaspace: 6298K(6464K)->6298K(6464K) NonClass: 5764K(5824K)->5764K(5824K) Class: 533K(640K)->533K(640K)
[110.121s][info][gc             ] GC(331) Pause Full (Ergonomics) 11877M->11877M(11923M) 3766.073ms
[110.121s][info][gc,cpu         ] GC(331) User=27.19s Sys=0.03s Real=3.77s
[110.132s][info][gc,start       ] GC(332) Pause Full (Ergonomics)
[110.132s][info][gc,phases,start] GC(332) Marking Phase
[112.863s][info][gc,phases      ] GC(332) Marking Phase 2730.795ms
[112.863s][info][gc,phases,start] GC(332) Summary Phase
[112.863s][info][gc,phases      ] GC(332) Summary Phase 0.118ms
[112.863s][info][gc,phases,start] GC(332) Adjust Roots
[112.863s][info][gc,phases      ] GC(332) Adjust Roots 0.163ms
[112.863s][info][gc,phases,start] GC(332) Compaction Phase
[113.849s][info][gc,phases      ] GC(332) Compaction Phase 985.873ms
[113.849s][info][gc,phases,start] GC(332) Post Compact
[113.869s][info][gc,phases      ] GC(332) Post Compact 19.214ms
[113.869s][info][gc,heap        ] GC(332) PSYoungGen: 625390K(671744K)->625390K(671744K) Eden: 250879K(250880K)->250879K(250880K) From: 374510K(420864K)->374510K(420864K)
[113.869s][info][gc,heap        ] GC(332) ParOldGen: 11537358K(11537408K)->11537358K(11537408K)
[113.869s][info][gc,metaspace   ] GC(332) Metaspace: 6298K(6464K)->6298K(6464K) NonClass: 5764K(5824K)->5764K(5824K) Class: 533K(640K)->533K(640K)
[113.869s][info][gc             ] GC(332) Pause Full (Ergonomics) 11877M->11877M(11923M) 3736.569ms
[113.869s][info][gc,cpu         ] GC(332) User=27.06s Sys=0.00s Real=3.74s
[113.869s][info][gc,start       ] GC(333) Pause Full (Ergonomics)
[113.869s][info][gc,phases,start] GC(333) Marking Phase
[116.599s][info][gc,phases      ] GC(333) Marking Phase 2730.134ms
[116.599s][info][gc,phases,start] GC(333) Summary Phase
[116.599s][info][gc,phases      ] GC(333) Summary Phase 0.111ms
[116.599s][info][gc,phases,start] GC(333) Adjust Roots
[116.600s][info][gc,phases      ] GC(333) Adjust Roots 0.162ms
[116.600s][info][gc,phases,start] GC(333) Compaction Phase
[117.608s][info][gc,phases      ] GC(333) Compaction Phase 1008.669ms
[117.608s][info][gc,phases,start] GC(333) Post Compact
[117.628s][info][gc,phases      ] GC(333) Post Compact 19.476ms
[117.628s][info][gc,heap        ] GC(333) PSYoungGen: 625390K(671744K)->625390K(671744K) Eden: 250879K(250880K)->250879K(250880K) From: 374510K(420864K)->374510K(420864K)
[117.628s][info][gc,heap        ] GC(333) ParOldGen: 11537363K(11537408K)->11537363K(11537408K)
[117.628s][info][gc,metaspace   ] GC(333) Metaspace: 6298K(6464K)->6298K(6464K) NonClass: 5764K(5824K)->5764K(5824K) Class: 533K(640K)->533K(640K)
[117.628s][info][gc             ] GC(333) Pause Full (Ergonomics) 11877M->11877M(11923M) 3758.946ms
[117.628s][info][gc,cpu         ] GC(333) User=27.00s Sys=0.03s Real=3.76s
[117.628s][info][gc,start       ] GC(334) Pause Full (Ergonomics)
[117.628s][info][gc,phases,start] GC(334) Marking Phase
[120.318s][info][gc,phases      ] GC(334) Marking Phase 2689.252ms
[120.318s][info][gc,phases,start] GC(334) Summary Phase
[120.318s][info][gc,phases      ] GC(334) Summary Phase 0.111ms
[120.318s][info][gc,phases,start] GC(334) Adjust Roots
[120.318s][info][gc,phases      ] GC(334) Adjust Roots 0.163ms
[120.318s][info][gc,phases,start] GC(334) Compaction Phase
[121.316s][info][gc,phases      ] GC(334) Compaction Phase 998.030ms
[121.316s][info][gc,phases,start] GC(334) Post Compact
[121.335s][info][gc,phases      ] GC(334) Post Compact 18.934ms
[121.335s][info][gc,heap        ] GC(334) PSYoungGen: 625390K(671744K)->625390K(671744K) Eden: 250879K(250880K)->250879K(250880K) From: 374510K(420864K)->374510K(420864K)
[121.335s][info][gc,heap        ] GC(334) ParOldGen: 11537368K(11537408K)->11537368K(11537408K)
[121.335s][info][gc,metaspace   ] GC(334) Metaspace: 6298K(6464K)->6298K(6464K) NonClass: 5764K(5824K)->5764K(5824K) Class: 533K(640K)->533K(640K)
[121.335s][info][gc             ] GC(334) Pause Full (Ergonomics) 11877M->11877M(11923M) 3706.833ms
[121.335s][info][gc,cpu         ] GC(334) User=26.59s Sys=0.00s Real=3.71s
[121.335s][info][gc,start       ] GC(335) Pause Full (Ergonomics)
[121.335s][info][gc,phases,start] GC(335) Marking Phase
[124.062s][info][gc,phases      ] GC(335) Marking Phase 2726.553ms
[124.062s][info][gc,phases,start] GC(335) Summary Phase
[124.062s][info][gc,phases      ] GC(335) Summary Phase 0.114ms
[124.062s][info][gc,phases,start] GC(335) Adjust Roots
[124.062s][info][gc,phases      ] GC(335) Adjust Roots 0.170ms
[124.062s][info][gc,phases,start] GC(335) Compaction Phase
[125.059s][info][gc,phases      ] GC(335) Compaction Phase 997.011ms
[125.059s][info][gc,phases,start] GC(335) Post Compact
[125.078s][info][gc,phases      ] GC(335) Post Compact 19.007ms
[125.078s][info][gc,heap        ] GC(335) PSYoungGen: 625390K(671744K)->625390K(671744K) Eden: 250879K(250880K)->250879K(250880K) From: 374510K(420864K)->374510K(420864K)
[125.078s][info][gc,heap        ] GC(335) ParOldGen: 11537372K(11537408K)->11537372K(11537408K)
[125.078s][info][gc,metaspace   ] GC(335) Metaspace: 6298K(6464K)->6298K(6464K) NonClass: 5764K(5824K)->5764K(5824K) Class: 533K(640K)->533K(640K)
[125.078s][info][gc             ] GC(335) Pause Full (Ergonomics) 11877M->11877M(11923M) 3743.216ms
[125.079s][info][gc,cpu         ] GC(335) User=26.91s Sys=0.02s Real=3.74s
[125.079s][info][gc,start       ] GC(336) Pause Full (Ergonomics)
[125.079s][info][gc,phases,start] GC(336) Marking Phase
[127.784s][info][gc,phases      ] GC(336) Marking Phase 2705.026ms
[127.784s][info][gc,phases,start] GC(336) Summary Phase
[127.784s][info][gc,phases      ] GC(336) Summary Phase 0.117ms
[127.784s][info][gc,phases,start] GC(336) Adjust Roots
[127.784s][info][gc,phases      ] GC(336) Adjust Roots 0.210ms
[127.784s][info][gc,phases,start] GC(336) Compaction Phase
[128.786s][info][gc,phases      ] GC(336) Compaction Phase 1001.913ms
[128.786s][info][gc,phases,start] GC(336) Post Compact
[128.805s][info][gc,phases      ] GC(336) Post Compact 18.931ms
[128.805s][info][gc,heap        ] GC(336) PSYoungGen: 625390K(671744K)->625390K(671744K) Eden: 250879K(250880K)->250879K(250880K) From: 374510K(420864K)->374510K(420864K)
[128.805s][info][gc,heap        ] GC(336) ParOldGen: 11537377K(11537408K)->11537377K(11537408K)
[128.805s][info][gc,metaspace   ] GC(336) Metaspace: 6298K(6464K)->6298K(6464K) NonClass: 5764K(5824K)->5764K(5824K) Class: 533K(640K)->533K(640K)
[128.805s][info][gc             ] GC(336) Pause Full (Ergonomics) 11877M->11877M(11923M) 3726.551ms
[128.805s][info][gc,cpu         ] GC(336) User=26.72s Sys=0.02s Real=3.73s
[128.805s][info][gc,start       ] GC(337) Pause Full (Ergonomics)
[128.806s][info][gc,phases,start] GC(337) Marking Phase
[131.501s][info][gc,phases      ] GC(337) Marking Phase 2695.740ms
[131.501s][info][gc,phases,start] GC(337) Summary Phase
[131.502s][info][gc,phases      ] GC(337) Summary Phase 0.162ms
[131.502s][info][gc,phases,start] GC(337) Adjust Roots
[131.502s][info][gc,phases      ] GC(337) Adjust Roots 0.267ms
[131.502s][info][gc,phases,start] GC(337) Compaction Phase
[132.525s][info][gc,phases      ] GC(337) Compaction Phase 1023.642ms
[132.526s][info][gc,phases,start] GC(337) Post Compact
[132.550s][info][gc,phases      ] GC(337) Post Compact 24.575ms
[132.550s][info][gc,heap        ] GC(337) PSYoungGen: 625390K(671744K)->625390K(671744K) Eden: 250879K(250880K)->250879K(250880K) From: 374510K(420864K)->374510K(420864K)
[132.550s][info][gc,heap        ] GC(337) ParOldGen: 11537382K(11537408K)->11537382K(11537408K)
[132.550s][info][gc,metaspace   ] GC(337) Metaspace: 6298K(6464K)->6298K(6464K) NonClass: 5764K(5824K)->5764K(5824K) Class: 533K(640K)->533K(640K)
[132.550s][info][gc             ] GC(337) Pause Full (Ergonomics) 11877M->11877M(11923M) 3744.827ms
[132.550s][info][gc,cpu         ] GC(337) User=26.89s Sys=0.02s Real=3.75s
[132.551s][info][gc,start       ] GC(338) Pause Full (Ergonomics)
[132.551s][info][gc,phases,start] GC(338) Marking Phase
[135.264s][info][gc,phases      ] GC(338) Marking Phase 2713.369ms
[135.264s][info][gc,phases,start] GC(338) Summary Phase
[135.264s][info][gc,phases      ] GC(338) Summary Phase 0.124ms
[135.264s][info][gc,phases,start] GC(338) Adjust Roots
[135.264s][info][gc,phases      ] GC(338) Adjust Roots 0.183ms
[135.264s][info][gc,phases,start] GC(338) Compaction Phase
[136.350s][info][gc,phases      ] GC(338) Compaction Phase 1085.639ms
[136.350s][info][gc,phases,start] GC(338) Post Compact
[136.373s][info][gc,phases      ] GC(338) Post Compact 22.881ms
[136.373s][info][gc,heap        ] GC(338) PSYoungGen: 625390K(671744K)->625390K(671744K) Eden: 250879K(250880K)->250879K(250880K) From: 374510K(420864K)->374510K(420864K)
[136.373s][info][gc,heap        ] GC(338) ParOldGen: 11537387K(11537408K)->11537387K(11537408K)
[136.373s][info][gc,metaspace   ] GC(338) Metaspace: 6298K(6464K)->6298K(6464K) NonClass: 5764K(5824K)->5764K(5824K) Class: 533K(640K)->533K(640K)
[136.373s][info][gc             ] GC(338) Pause Full (Ergonomics) 11877M->11877M(11923M) 3822.568ms
[136.373s][info][gc,cpu         ] GC(338) User=26.95s Sys=0.00s Real=3.82s
[136.373s][info][gc,start       ] GC(339) Pause Full (Ergonomics)
[136.373s][info][gc,phases,start] GC(339) Marking Phase
[139.112s][info][gc,phases      ] GC(339) Marking Phase 2738.772ms
[139.112s][info][gc,phases,start] GC(339) Summary Phase
[139.112s][info][gc,phases      ] GC(339) Summary Phase 0.118ms
[139.112s][info][gc,phases,start] GC(339) Adjust Roots
[139.112s][info][gc,phases      ] GC(339) Adjust Roots 0.178ms
[139.112s][info][gc,phases,start] GC(339) Compaction Phase
[140.198s][info][gc,phases      ] GC(339) Compaction Phase 1085.106ms
[140.198s][info][gc,phases,start] GC(339) Post Compact
[140.220s][info][gc,phases      ] GC(339) Post Compact 22.723ms
[140.221s][info][gc,heap        ] GC(339) PSYoungGen: 625390K(671744K)->625390K(671744K) Eden: 250879K(250880K)->250879K(250880K) From: 374510K(420864K)->374510K(420864K)
[140.221s][info][gc,heap        ] GC(339) ParOldGen: 11537392K(11537408K)->11537392K(11537408K)
[140.221s][info][gc,metaspace   ] GC(339) Metaspace: 6298K(6464K)->6298K(6464K) NonClass: 5764K(5824K)->5764K(5824K) Class: 533K(640K)->533K(640K)
[140.221s][info][gc             ] GC(339) Pause Full (Ergonomics) 11877M->11877M(11923M) 3847.339ms
[140.221s][info][gc,cpu         ] GC(339) User=26.97s Sys=0.00s Real=3.85s
[140.221s][info][gc,start       ] GC(340) Pause Full (Ergonomics)
[140.221s][info][gc,phases,start] GC(340) Marking Phase
[142.945s][info][gc,phases      ] GC(340) Marking Phase 2723.708ms
[142.945s][info][gc,phases,start] GC(340) Summary Phase
[142.945s][info][gc,phases      ] GC(340) Summary Phase 0.129ms
[142.945s][info][gc,phases,start] GC(340) Adjust Roots
[142.945s][info][gc,phases      ] GC(340) Adjust Roots 0.193ms
[142.945s][info][gc,phases,start] GC(340) Compaction Phase
[143.981s][info][gc,phases      ] GC(340) Compaction Phase 1036.034ms
[143.981s][info][gc,phases,start] GC(340) Post Compact
[144.004s][info][gc,phases      ] GC(340) Post Compact 23.063ms
[144.004s][info][gc,heap        ] GC(340) PSYoungGen: 625390K(671744K)->625390K(671744K) Eden: 250879K(250880K)->250879K(250880K) From: 374510K(420864K)->374510K(420864K)
[144.004s][info][gc,heap        ] GC(340) ParOldGen: 11537397K(11537408K)->11537397K(11537408K)
[144.004s][info][gc,metaspace   ] GC(340) Metaspace: 6298K(6464K)->6298K(6464K) NonClass: 5764K(5824K)->5764K(5824K) Class: 533K(640K)->533K(640K)
[144.004s][info][gc             ] GC(340) Pause Full (Ergonomics) 11877M->11877M(11923M) 3783.539ms
[144.004s][info][gc,cpu         ] GC(340) User=26.77s Sys=0.02s Real=3.78s
[144.005s][info][gc,start       ] GC(341) Pause Full (Ergonomics)
[144.005s][info][gc,phases,start] GC(341) Marking Phase
[146.725s][info][gc,phases      ] GC(341) Marking Phase 2720.687ms
[146.725s][info][gc,phases,start] GC(341) Summary Phase
[146.726s][info][gc,phases      ] GC(341) Summary Phase 0.182ms
[146.726s][info][gc,phases,start] GC(341) Adjust Roots
[146.726s][info][gc,phases      ] GC(341) Adjust Roots 0.267ms
[146.726s][info][gc,phases,start] GC(341) Compaction Phase
[147.717s][info][gc,phases      ] GC(341) Compaction Phase 990.991ms
[147.717s][info][gc,phases,start] GC(341) Post Compact
[147.736s][info][gc,phases      ] GC(341) Post Compact 19.254ms
[147.736s][info][gc,heap        ] GC(341) PSYoungGen: 625390K(671744K)->625390K(671744K) Eden: 250879K(250880K)->250879K(250880K) From: 374510K(420864K)->374510K(420864K)
[147.736s][info][gc,heap        ] GC(341) ParOldGen: 11537401K(11537408K)->11537401K(11537408K)
[147.736s][info][gc,metaspace   ] GC(341) Metaspace: 6298K(6464K)->6298K(6464K) NonClass: 5764K(5824K)->5764K(5824K) Class: 533K(640K)->533K(640K)
[147.736s][info][gc             ] GC(341) Pause Full (Ergonomics) 11877M->11877M(11923M) 3731.768ms
[147.736s][info][gc,cpu         ] GC(341) User=26.73s Sys=0.02s Real=3.73s
[147.737s][info][gc,start       ] GC(342) Pause Full (Ergonomics)
[147.737s][info][gc,phases,start] GC(342) Marking Phase
[150.445s][info][gc,phases      ] GC(342) Marking Phase 2708.555ms
[150.445s][info][gc,phases,start] GC(342) Summary Phase
[150.445s][info][gc,phases      ] GC(342) Summary Phase 0.125ms
[150.445s][info][gc,phases,start] GC(342) Adjust Roots
[150.446s][info][gc,phases      ] GC(342) Adjust Roots 0.175ms
[150.446s][info][gc,phases,start] GC(342) Compaction Phase
[151.400s][info][gc,phases      ] GC(342) Compaction Phase 954.016ms
[151.400s][info][gc,phases,start] GC(342) Post Compact
[151.419s][info][gc,phases      ] GC(342) Post Compact 19.119ms
[151.419s][info][gc,heap        ] GC(342) PSYoungGen: 625390K(671744K)->625390K(671744K) Eden: 250879K(250880K)->250879K(250880K) From: 374510K(420864K)->374510K(420864K)
[151.419s][info][gc,heap        ] GC(342) ParOldGen: 11537406K(11537408K)->11537406K(11537408K)
[151.419s][info][gc,metaspace   ] GC(342) Metaspace: 6298K(6464K)->6298K(6464K) NonClass: 5764K(5824K)->5764K(5824K) Class: 533K(640K)->533K(640K)
[151.419s][info][gc             ] GC(342) Pause Full (Ergonomics) 11877M->11877M(11923M) 3682.489ms
[151.419s][info][gc,cpu         ] GC(342) User=26.72s Sys=0.02s Real=3.68s
[151.419s][info][gc,start       ] GC(343) Pause Full (Ergonomics)
[151.419s][info][gc,phases,start] GC(343) Marking Phase
[154.112s][info][gc,phases      ] GC(343) Marking Phase 2692.962ms
[154.112s][info][gc,phases,start] GC(343) Summary Phase
[154.112s][info][gc,phases      ] GC(343) Summary Phase 0.112ms
[154.112s][info][gc,phases,start] GC(343) Adjust Roots
[154.113s][info][gc,phases      ] GC(343) Adjust Roots 0.167ms
[154.113s][info][gc,phases,start] GC(343) Compaction Phase
[155.091s][info][gc,phases      ] GC(343) Compaction Phase 978.314ms
[155.091s][info][gc,phases,start] GC(343) Post Compact
[155.110s][info][gc,phases      ] GC(343) Post Compact 19.040ms
[155.110s][info][gc,heap        ] GC(343) PSYoungGen: 625390K(671744K)->625390K(671744K) Eden: 250879K(250880K)->250879K(250880K) From: 374510K(420864K)->374510K(420864K)
[155.110s][info][gc,heap        ] GC(343) ParOldGen: 11537407K(11537408K)->11537407K(11537408K)
[155.110s][info][gc,metaspace   ] GC(343) Metaspace: 6298K(6464K)->6298K(6464K) NonClass: 5764K(5824K)->5764K(5824K) Class: 533K(640K)->533K(640K)
[155.110s][info][gc             ] GC(343) Pause Full (Ergonomics) 11877M->11877M(11923M) 3690.915ms
[155.110s][info][gc,cpu         ] GC(343) User=26.61s Sys=0.00s Real=3.69s
[155.110s][info][gc,start       ] GC(344) Pause Full (Allocation Failure)
[155.110s][info][gc,phases,start] GC(344) Marking Phase
[157.831s][info][gc,phases      ] GC(344) Marking Phase 2720.230ms
[157.831s][info][gc,phases,start] GC(344) Summary Phase
[157.831s][info][gc,phases      ] GC(344) Summary Phase 0.187ms
[157.831s][info][gc,phases,start] GC(344) Adjust Roots
[157.831s][info][gc,phases      ] GC(344) Adjust Roots 0.459ms
[157.831s][info][gc,phases,start] GC(344) Compaction Phase
[160.825s][info][gc,phases      ] GC(344) Compaction Phase 2993.612ms
[160.825s][info][gc,phases,start] GC(344) Post Compact
[160.845s][info][gc,phases      ] GC(344) Post Compact 20.113ms
[160.845s][info][gc,heap        ] GC(344) PSYoungGen: 625390K(671744K)->625390K(671744K) Eden: 250879K(250880K)->250879K(250880K) From: 374510K(420864K)->374510K(420864K)
[160.845s][info][gc,heap        ] GC(344) ParOldGen: 11537407K(11537408K)->11537403K(11537408K)
[160.845s][info][gc,metaspace   ] GC(344) Metaspace: 6298K(6464K)->6296K(6464K) NonClass: 5764K(5824K)->5763K(5824K) Class: 533K(640K)->532K(640K)
[160.845s][info][gc             ] GC(344) Pause Full (Allocation Failure) 11877M->11877M(11923M) 5734.982ms
[160.845s][info][gc,cpu         ] GC(344) User=42.47s Sys=0.02s Real=5.74s
[160.850s][info][gc,start       ] GC(345) Pause Full (Ergonomics)
[160.851s][info][gc,phases,start] GC(345) Marking Phase
[163.548s][info][gc,phases      ] GC(345) Marking Phase 2697.110ms
[163.548s][info][gc,phases,start] GC(345) Summary Phase
[163.548s][info][gc,phases      ] GC(345) Summary Phase 0.121ms
[163.548s][info][gc,phases,start] GC(345) Adjust Roots
[163.548s][info][gc,phases      ] GC(345) Adjust Roots 0.224ms
[163.548s][info][gc,phases,start] GC(345) Compaction Phase
[164.534s][info][gc,phases      ] GC(345) Compaction Phase 985.526ms
[164.534s][info][gc,phases,start] GC(345) Post Compact
[164.553s][info][gc,phases      ] GC(345) Post Compact 19.401ms
[164.553s][info][gc,heap        ] GC(345) PSYoungGen: 625390K(671744K)->625390K(671744K) Eden: 250879K(250880K)->250879K(250880K) From: 374510K(420864K)->374510K(420864K)
[164.553s][info][gc,heap        ] GC(345) ParOldGen: 11537407K(11537408K)->11537407K(11537408K)
[164.553s][info][gc,metaspace   ] GC(345) Metaspace: 6296K(6464K)->6296K(6464K) NonClass: 5763K(5824K)->5763K(5824K) Class: 532K(640K)->532K(640K)
[164.553s][info][gc             ] GC(345) Pause Full (Ergonomics) 11877M->11877M(11923M) 3702.834ms
[164.553s][info][gc,cpu         ] GC(345) User=26.58s Sys=0.00s Real=3.70s
[164.554s][info][gc,start       ] GC(346) Pause Full (Ergonomics)
[164.554s][info][gc,phases,start] GC(346) Marking Phase
[167.253s][info][gc,phases      ] GC(346) Marking Phase 2699.479ms
[167.253s][info][gc,phases,start] GC(346) Summary Phase
[167.254s][info][gc,phases      ] GC(346) Summary Phase 0.174ms
[167.254s][info][gc,phases,start] GC(346) Adjust Roots
[167.254s][info][gc,phases      ] GC(346) Adjust Roots 0.186ms
[167.254s][info][gc,phases,start] GC(346) Compaction Phase
[168.220s][info][gc,phases      ] GC(346) Compaction Phase 965.977ms
[168.220s][info][gc,phases,start] GC(346) Post Compact
[168.239s][info][gc,phases      ] GC(346) Post Compact 19.049ms
[168.239s][info][gc,heap        ] GC(346) PSYoungGen: 625390K(671744K)->625390K(671744K) Eden: 250879K(250880K)->250879K(250880K) From: 374510K(420864K)->374510K(420864K)
[168.239s][info][gc,heap        ] GC(346) ParOldGen: 11537407K(11537408K)->11537407K(11537408K)
[168.239s][info][gc,metaspace   ] GC(346) Metaspace: 6296K(6464K)->6296K(6464K) NonClass: 5763K(5824K)->5763K(5824K) Class: 532K(640K)->532K(640K)
[168.239s][info][gc             ] GC(346) Pause Full (Ergonomics) 11877M->11877M(11923M) 3685.215ms
[168.239s][info][gc,cpu         ] GC(346) User=26.56s Sys=0.00s Real=3.68s
[168.239s][info][gc,start       ] GC(347) Pause Full (Allocation Failure)
[168.239s][info][gc,phases,start] GC(347) Marking Phase
[170.978s][info][gc,phases      ] GC(347) Marking Phase 2739.087ms
[170.978s][info][gc,phases,start] GC(347) Summary Phase
[170.978s][info][gc,phases      ] GC(347) Summary Phase 0.128ms
[170.978s][info][gc,phases,start] GC(347) Adjust Roots
[170.979s][info][gc,phases      ] GC(347) Adjust Roots 0.230ms
[170.979s][info][gc,phases,start] GC(347) Compaction Phase
[171.959s][info][gc,phases      ] GC(347) Compaction Phase 980.068ms
[171.959s][info][gc,phases,start] GC(347) Post Compact
[171.978s][info][gc,phases      ] GC(347) Post Compact 19.113ms
[171.978s][info][gc,heap        ] GC(347) PSYoungGen: 625390K(671744K)->625390K(671744K) Eden: 250879K(250880K)->250879K(250880K) From: 374510K(420864K)->374510K(420864K)
[171.978s][info][gc,heap        ] GC(347) ParOldGen: 11537407K(11537408K)->11537407K(11537408K)
[171.978s][info][gc,metaspace   ] GC(347) Metaspace: 6296K(6464K)->6296K(6464K) NonClass: 5763K(5824K)->5763K(5824K) Class: 532K(640K)->532K(640K)
[171.978s][info][gc             ] GC(347) Pause Full (Allocation Failure) 11877M->11877M(11923M) 3738.965ms
[171.978s][info][gc,cpu         ] GC(347) User=26.77s Sys=0.00s Real=3.74s
[171.979s][info][gc,start       ] GC(348) Pause Full (Ergonomics)
[171.979s][info][gc,phases,start] GC(348) Marking Phase
[174.667s][info][gc,phases      ] GC(348) Marking Phase 2688.398ms
[174.667s][info][gc,phases,start] GC(348) Summary Phase
[174.667s][info][gc,phases      ] GC(348) Summary Phase 0.115ms
[174.667s][info][gc,phases,start] GC(348) Adjust Roots
[174.667s][info][gc,phases      ] GC(348) Adjust Roots 0.246ms
[174.667s][info][gc,phases,start] GC(348) Compaction Phase
[177.670s][info][gc,phases      ] GC(348) Compaction Phase 3002.532ms
[177.670s][info][gc,phases,start] GC(348) Post Compact
[177.689s][info][gc,phases      ] GC(348) Post Compact 19.169ms
[177.689s][info][gc,heap        ] GC(348) PSYoungGen: 625390K(671744K)->625390K(671744K) Eden: 250880K(250880K)->250880K(250880K) From: 374510K(420864K)->374510K(420864K)
[177.689s][info][gc,heap        ] GC(348) ParOldGen: 11537407K(11537408K)->11537406K(11537408K)
[177.689s][info][gc,metaspace   ] GC(348) Metaspace: 6296K(6464K)->6296K(6464K) NonClass: 5763K(5824K)->5763K(5824K) Class: 532K(640K)->532K(640K)
[177.689s][info][gc             ] GC(348) Pause Full (Ergonomics) 11877M->11877M(11923M) 5710.810ms
[177.689s][info][gc,cpu         ] GC(348) User=42.45s Sys=0.03s Real=5.71s
[177.691s][info][gc,start       ] GC(349) Pause Full (Ergonomics)
[177.691s][info][gc,phases,start] GC(349) Marking Phase
[180.393s][info][gc,phases      ] GC(349) Marking Phase 2702.166ms
[180.393s][info][gc,phases,start] GC(349) Summary Phase
[180.393s][info][gc,phases      ] GC(349) Summary Phase 0.113ms
[180.393s][info][gc,phases,start] GC(349) Adjust Roots
[180.394s][info][gc,phases      ] GC(349) Adjust Roots 0.241ms
[180.394s][info][gc,phases,start] GC(349) Compaction Phase
[183.363s][info][gc,phases      ] GC(349) Compaction Phase 2969.779ms
[183.363s][info][gc,phases,start] GC(349) Post Compact
[183.386s][info][gc,phases      ] GC(349) Post Compact 22.128ms
[183.386s][info][gc,heap        ] GC(349) PSYoungGen: 625390K(671744K)->625390K(671744K) Eden: 250880K(250880K)->250880K(250880K) From: 374510K(420864K)->374510K(420864K)
[183.386s][info][gc,heap        ] GC(349) ParOldGen: 11537407K(11537408K)->11537405K(11537408K)
[183.386s][info][gc,metaspace   ] GC(349) Metaspace: 6298K(6464K)->6298K(6464K) NonClass: 5764K(5824K)->5764K(5824K) Class: 533K(640K)->533K(640K)
[183.386s][info][gc             ] GC(349) Pause Full (Ergonomics) 11877M->11877M(11923M) 5694.827ms
[183.386s][info][gc,cpu         ] GC(349) User=37.92s Sys=0.11s Real=5.69s
[183.386s][info][gc,heap,exit   ] Heap
[183.386s][info][gc,heap,exit   ]  PSYoungGen      total 671744K, used 625390K [0x000000069ff00000, 0x00000006ed400000, 0x0000000800000000)
[183.386s][info][gc,heap,exit   ]   eden space 250880K, 100% used [0x000000069ff00000,0x00000006af400000,0x00000006af400000)
[183.386s][info][gc,heap,exit   ]   from space 420864K, 88% used [0x00000006af400000,0x00000006c61bbbc8,0x00000006c8f00000)
[183.386s][info][gc,heap,exit   ]   to   space 496128K, 0% used [0x00000006cef80000,0x00000006cef80000,0x00000006ed400000)
[183.386s][info][gc,heap,exit   ]  ParOldGen       total 11537408K, used 11537405K [0x00000003dfc00000, 0x000000069ff00000, 0x000000069ff00000)
[183.386s][info][gc,heap,exit   ]   object space 11537408K, 99% used [0x00000003dfc00000,0x000000069feff790,0x000000069ff00000)
[183.386s][info][gc,heap,exit   ]  Metaspace       used 6301K, committed 6464K, reserved 1114112K
[183.386s][info][gc,heap,exit   ]   class space    used 534K, committed 640K, reserved 1048576K
