[0.013s][info][gc,init] CardTable entry size: 512
[0.013s][info][gc     ] Using Parallel
[0.013s][info][gc,init] Version: 18.0.1+10 (release)
[0.013s][info][gc,init] CPUs: 8 total, 8 available
[0.014s][info][gc,init] Memory: 16063M
[0.014s][info][gc,init] Large Page Support: Disabled
[0.014s][info][gc,init] NUMA Support: Disabled
[0.014s][info][gc,init] Compressed Oops: Enabled (32-bit)
[0.014s][info][gc,init] Alignments: Space 512K, Generation 512K, Heap 2M
[0.014s][info][gc,init] Heap Min Capacity: 2M
[0.014s][info][gc,init] Heap Initial Capacity: 2M
[0.014s][info][gc,init] Heap Max Capacity: 300M
[0.014s][info][gc,init] Pre-touch: Disabled
[0.014s][info][gc,init] Parallel Workers: 8
[0.014s][info][gc,metaspace] CDS archive(s) not mapped
[0.014s][info][gc,metaspace] Compressed class space mapped at: 0x0000000100000000-0x0000000140000000, reserved size: 1073741824
[0.014s][info][gc,metaspace] Narrow klass base: 0x0000000000000000, Narrow klass shift: 3, Narrow klass range: 0x140000000
[0.113s][info][gc,start    ] GC(0) Pause Young (Allocation Failure)
[0.115s][info][gc,heap     ] GC(0) PSYoungGen: 512K(1024K)->480K(1024K) Eden: 512K(512K)->0K(512K) From: 0K(512K)->480K(512K)
[0.115s][info][gc,heap     ] GC(0) ParOldGen: 0K(512K)->8K(512K)
[0.115s][info][gc,metaspace] GC(0) Metaspace: 4229K(4352K)->4229K(4352K) NonClass: 3908K(3968K)->3908K(3968K) Class: 321K(384K)->321K(384K)
[0.115s][info][gc          ] GC(0) Pause Young (Allocation Failure) 0M->0M(1M) 1.395ms
[0.115s][info][gc,cpu      ] GC(0) User=0.00s Sys=0.00s Real=0.00s
[0.191s][info][gc,start    ] GC(1) Pause Young (Allocation Failure)
[0.192s][info][gc,heap     ] GC(1) PSYoungGen: 991K(1024K)->512K(1536K) Eden: 511K(512K)->0K(1024K) From: 480K(512K)->512K(512K)
[0.192s][info][gc,heap     ] GC(1) ParOldGen: 8K(512K)->72K(512K)
[0.192s][info][gc,metaspace] GC(1) Metaspace: 5880K(6016K)->5880K(6016K) NonClass: 5383K(5504K)->5383K(5504K) Class: 496K(512K)->496K(512K)
[0.192s][info][gc          ] GC(1) Pause Young (Allocation Failure) 0M->0M(2M) 0.933ms
[0.192s][info][gc,cpu      ] GC(1) User=0.00s Sys=0.00s Real=0.00s
[0.214s][info][gc,start    ] GC(2) Pause Young (Allocation Failure)
[0.216s][info][gc,heap     ] GC(2) PSYoungGen: 1536K(1536K)->512K(1536K) Eden: 1024K(1024K)->0K(1024K) From: 512K(512K)->512K(512K)
[0.216s][info][gc,heap     ] GC(2) ParOldGen: 72K(512K)->496K(512K)
[0.216s][info][gc,metaspace] GC(2) Metaspace: 6300K(6464K)->6300K(6464K) NonClass: 5766K(5824K)->5766K(5824K) Class: 533K(640K)->533K(640K)
[0.216s][info][gc          ] GC(2) Pause Young (Allocation Failure) 1M->0M(2M) 1.558ms
[0.216s][info][gc,cpu      ] GC(2) User=0.00s Sys=0.00s Real=0.00s
[0.216s][info][gc,start    ] GC(3) Pause Full (Ergonomics)
[0.216s][info][gc,phases,start] GC(3) Marking Phase
[0.217s][info][gc,phases      ] GC(3) Marking Phase 1.296ms
[0.217s][info][gc,phases,start] GC(3) Summary Phase
[0.217s][info][gc,phases      ] GC(3) Summary Phase 0.017ms
[0.217s][info][gc,phases,start] GC(3) Adjust Roots
[0.218s][info][gc,phases      ] GC(3) Adjust Roots 0.472ms
[0.218s][info][gc,phases,start] GC(3) Compaction Phase
[0.219s][info][gc,phases      ] GC(3) Compaction Phase 1.563ms
[0.219s][info][gc,phases,start] GC(3) Post Compact
[0.220s][info][gc,phases      ] GC(3) Post Compact 0.067ms
[0.220s][info][gc,heap        ] GC(3) PSYoungGen: 512K(1536K)->511K(1536K) Eden: 0K(1024K)->0K(1024K) From: 512K(512K)->511K(512K)
[0.220s][info][gc,heap        ] GC(3) ParOldGen: 496K(512K)->469K(2048K)
[0.220s][info][gc,metaspace   ] GC(3) Metaspace: 6300K(6464K)->6300K(6464K) NonClass: 5766K(5824K)->5766K(5824K) Class: 533K(640K)->533K(640K)
[0.220s][info][gc             ] GC(3) Pause Full (Ergonomics) 0M->0M(3M) 3.711ms
[0.220s][info][gc,cpu         ] GC(3) User=0.00s Sys=0.00s Real=0.00s
[0.221s][info][gc,start       ] GC(4) Pause Young (Allocation Failure)
[0.223s][info][gc,heap        ] GC(4) PSYoungGen: 1535K(1536K)->480K(2560K) Eden: 1024K(1024K)->0K(2048K) From: 511K(512K)->480K(512K)
[0.223s][info][gc,heap        ] GC(4) ParOldGen: 469K(2048K)->1030K(2048K)
[0.223s][info][gc,metaspace   ] GC(4) Metaspace: 6300K(6464K)->6300K(6464K) NonClass: 5766K(5824K)->5766K(5824K) Class: 533K(640K)->533K(640K)
[0.223s][info][gc             ] GC(4) Pause Young (Allocation Failure) 1M->1M(4M) 1.563ms
[0.223s][info][gc,cpu         ] GC(4) User=0.00s Sys=0.00s Real=0.00s
[0.227s][info][gc,start       ] GC(5) Pause Young (Allocation Failure)
[0.229s][info][gc,heap        ] GC(5) PSYoungGen: 2528K(2560K)->480K(2560K) Eden: 2048K(2048K)->0K(2048K) From: 480K(512K)->480K(512K)
[0.229s][info][gc,heap        ] GC(5) ParOldGen: 1030K(2048K)->2102K(2560K)
[0.229s][info][gc,metaspace   ] GC(5) Metaspace: 6300K(6464K)->6300K(6464K) NonClass: 5766K(5824K)->5766K(5824K) Class: 533K(640K)->533K(640K)
[0.229s][info][gc             ] GC(5) Pause Young (Allocation Failure) 3M->2M(5M) 2.148ms
[0.229s][info][gc,cpu         ] GC(5) User=0.00s Sys=0.00s Real=0.00s
[0.229s][info][gc,start       ] GC(6) Pause Full (Ergonomics)
[0.229s][info][gc,phases,start] GC(6) Marking Phase
[0.231s][info][gc,phases      ] GC(6) Marking Phase 1.659ms
[0.231s][info][gc,phases,start] GC(6) Summary Phase
[0.231s][info][gc,phases      ] GC(6) Summary Phase 0.014ms
[0.231s][info][gc,phases,start] GC(6) Adjust Roots
[0.231s][info][gc,phases      ] GC(6) Adjust Roots 0.362ms
[0.231s][info][gc,phases,start] GC(6) Compaction Phase
[0.234s][info][gc,phases      ] GC(6) Compaction Phase 2.321ms
[0.234s][info][gc,phases,start] GC(6) Post Compact
[0.234s][info][gc,phases      ] GC(6) Post Compact 0.044ms
[0.234s][info][gc,heap        ] GC(6) PSYoungGen: 480K(2560K)->0K(4096K) Eden: 0K(2048K)->0K(3072K) From: 480K(512K)->0K(1024K)
[0.234s][info][gc,heap        ] GC(6) ParOldGen: 2102K(2560K)->2542K(6144K)
[0.234s][info][gc,metaspace   ] GC(6) Metaspace: 6300K(6464K)->6300K(6464K) NonClass: 5766K(5824K)->5766K(5824K) Class: 533K(640K)->533K(640K)
[0.234s][info][gc             ] GC(6) Pause Full (Ergonomics) 2M->2M(10M) 4.767ms
[0.234s][info][gc,cpu         ] GC(6) User=0.00s Sys=0.00s Real=0.00s
[0.239s][info][gc,start       ] GC(7) Pause Young (Allocation Failure)
[0.242s][info][gc,heap        ] GC(7) PSYoungGen: 3072K(4096K)->1664K(5120K) Eden: 3072K(3072K)->0K(3072K) From: 0K(1024K)->1664K(2048K)
[0.242s][info][gc,heap        ] GC(7) ParOldGen: 2542K(6144K)->2542K(6144K)
[0.242s][info][gc,metaspace   ] GC(7) Metaspace: 6300K(6464K)->6300K(6464K) NonClass: 5766K(5824K)->5766K(5824K) Class: 533K(640K)->533K(640K)
[0.242s][info][gc             ] GC(7) Pause Young (Allocation Failure) 5M->4M(11M) 2.308ms
[0.242s][info][gc,cpu         ] GC(7) User=0.00s Sys=0.00s Real=0.00s
[0.246s][info][gc,start       ] GC(8) Pause Young (Allocation Failure)
[0.249s][info][gc,heap        ] GC(8) PSYoungGen: 4736K(5120K)->2016K(5632K) Eden: 3072K(3072K)->0K(3584K) From: 1664K(2048K)->2016K(2048K)
[0.249s][info][gc,heap        ] GC(8) ParOldGen: 2542K(6144K)->3766K(6144K)
[0.249s][info][gc,metaspace   ] GC(8) Metaspace: 6300K(6464K)->6300K(6464K) NonClass: 5766K(5824K)->5766K(5824K) Class: 533K(640K)->533K(640K)
[0.249s][info][gc             ] GC(8) Pause Young (Allocation Failure) 7M->5M(11M) 3.299ms
[0.249s][info][gc,cpu         ] GC(8) User=0.00s Sys=0.00s Real=0.00s
[0.256s][info][gc,start       ] GC(9) Pause Young (Allocation Failure)
[0.259s][info][gc,heap        ] GC(9) PSYoungGen: 5600K(5632K)->3040K(6656K) Eden: 3584K(3584K)->0K(3584K) From: 2016K(2048K)->3040K(3072K)
[0.259s][info][gc,heap        ] GC(9) ParOldGen: 3766K(6144K)->4598K(6144K)
[0.259s][info][gc,metaspace   ] GC(9) Metaspace: 6300K(6464K)->6300K(6464K) NonClass: 5766K(5824K)->5766K(5824K) Class: 533K(640K)->533K(640K)
[0.259s][info][gc             ] GC(9) Pause Young (Allocation Failure) 9M->7M(12M) 3.788ms
[0.259s][info][gc,cpu         ] GC(9) User=0.00s Sys=0.00s Real=0.00s
[0.263s][info][gc,start       ] GC(10) Pause Young (Allocation Failure)
[0.268s][info][gc,heap        ] GC(10) PSYoungGen: 6624K(6656K)->4064K(9216K) Eden: 3584K(3584K)->0K(5120K) From: 3040K(3072K)->4064K(4096K)
[0.268s][info][gc,heap        ] GC(10) ParOldGen: 4598K(6144K)->5438K(6144K)
[0.268s][info][gc,metaspace   ] GC(10) Metaspace: 6300K(6464K)->6300K(6464K) NonClass: 5766K(5824K)->5766K(5824K) Class: 533K(640K)->533K(640K)
[0.268s][info][gc             ] GC(10) Pause Young (Allocation Failure) 10M->9M(15M) 4.855ms
[0.268s][info][gc,cpu         ] GC(10) User=0.00s Sys=0.00s Real=0.00s
[0.268s][info][gc,start       ] GC(11) Pause Full (Ergonomics)
[0.268s][info][gc,phases,start] GC(11) Marking Phase
[0.273s][info][gc,phases      ] GC(11) Marking Phase 4.540ms
[0.273s][info][gc,phases,start] GC(11) Summary Phase
[0.273s][info][gc,phases      ] GC(11) Summary Phase 0.022ms
[0.273s][info][gc,phases,start] GC(11) Adjust Roots
[0.273s][info][gc,phases      ] GC(11) Adjust Roots 0.368ms
[0.273s][info][gc,phases,start] GC(11) Compaction Phase
[0.280s][info][gc,phases      ] GC(11) Compaction Phase 6.268ms
[0.280s][info][gc,phases,start] GC(11) Post Compact
[0.280s][info][gc,phases      ] GC(11) Post Compact 0.068ms
[0.280s][info][gc,heap        ] GC(11) PSYoungGen: 4064K(9216K)->3545K(9216K) Eden: 0K(5120K)->0K(5120K) From: 4064K(4096K)->3545K(4096K)
[0.280s][info][gc,heap        ] GC(11) ParOldGen: 5438K(6144K)->5824K(10752K)
[0.280s][info][gc,metaspace   ] GC(11) Metaspace: 6300K(6464K)->6300K(6464K) NonClass: 5766K(5824K)->5766K(5824K) Class: 533K(640K)->533K(640K)
[0.280s][info][gc             ] GC(11) Pause Full (Ergonomics) 9M->9M(19M) 11.652ms
[0.280s][info][gc,cpu         ] GC(11) User=0.00s Sys=0.00s Real=0.01s
[0.288s][info][gc,start       ] GC(12) Pause Young (Allocation Failure)
[0.293s][info][gc,heap        ] GC(12) PSYoungGen: 8665K(9216K)->5088K(10240K) Eden: 5120K(5120K)->0K(5120K) From: 3545K(4096K)->5088K(5120K)
[0.293s][info][gc,heap        ] GC(12) ParOldGen: 5824K(10752K)->6944K(10752K)
[0.293s][info][gc,metaspace   ] GC(12) Metaspace: 6300K(6464K)->6300K(6464K) NonClass: 5766K(5824K)->5766K(5824K) Class: 533K(640K)->533K(640K)
[0.293s][info][gc             ] GC(12) Pause Young (Allocation Failure) 14M->11M(20M) 5.098ms
[0.293s][info][gc,cpu         ] GC(12) User=0.00s Sys=0.00s Real=0.01s
[0.298s][info][gc,start       ] GC(13) Pause Young (Allocation Failure)
[0.304s][info][gc,heap        ] GC(13) PSYoungGen: 10208K(10240K)->6464K(12800K) Eden: 5120K(5120K)->0K(6144K) From: 5088K(5120K)->6464K(6656K)
[0.304s][info][gc,heap        ] GC(13) ParOldGen: 6944K(10752K)->8232K(10752K)
[0.304s][info][gc,metaspace   ] GC(13) Metaspace: 6302K(6464K)->6302K(6464K) NonClass: 5768K(5824K)->5768K(5824K) Class: 533K(640K)->533K(640K)
[0.304s][info][gc             ] GC(13) Pause Young (Allocation Failure) 16M->14M(23M) 5.904ms
[0.304s][info][gc,cpu         ] GC(13) User=0.00s Sys=0.00s Real=0.00s
[0.308s][info][gc,start       ] GC(14) Pause Young (Allocation Failure)
[0.315s][info][gc,heap        ] GC(14) PSYoungGen: 12608K(12800K)->5824K(13824K) Eden: 6144K(6144K)->0K(6144K) From: 6464K(6656K)->5824K(7680K)
[0.315s][info][gc,heap        ] GC(14) ParOldGen: 8232K(10752K)->12104K(12288K)
[0.315s][info][gc,metaspace   ] GC(14) Metaspace: 6302K(6464K)->6302K(6464K) NonClass: 5768K(5824K)->5768K(5824K) Class: 533K(640K)->533K(640K)
[0.315s][info][gc             ] GC(14) Pause Young (Allocation Failure) 20M->17M(25M) 6.619ms
[0.315s][info][gc,cpu         ] GC(14) User=0.00s Sys=0.00s Real=0.01s
[0.315s][info][gc,start       ] GC(15) Pause Full (Ergonomics)
[0.315s][info][gc,phases,start] GC(15) Marking Phase
[0.323s][info][gc,phases      ] GC(15) Marking Phase 8.319ms
[0.323s][info][gc,phases,start] GC(15) Summary Phase
[0.323s][info][gc,phases      ] GC(15) Summary Phase 0.017ms
[0.323s][info][gc,phases,start] GC(15) Adjust Roots
[0.324s][info][gc,phases      ] GC(15) Adjust Roots 0.190ms
[0.324s][info][gc,phases,start] GC(15) Compaction Phase
[0.332s][info][gc,phases      ] GC(15) Compaction Phase 8.157ms
[0.332s][info][gc,phases,start] GC(15) Post Compact
[0.332s][info][gc,phases      ] GC(15) Post Compact 0.063ms
[0.332s][info][gc,heap        ] GC(15) PSYoungGen: 5824K(13824K)->5759K(13824K) Eden: 0K(6144K)->0K(6144K) From: 5824K(7680K)->5759K(7680K)
[0.332s][info][gc,heap        ] GC(15) ParOldGen: 12104K(12288K)->12000K(18944K)
[0.332s][info][gc,metaspace   ] GC(15) Metaspace: 6302K(6464K)->6302K(6464K) NonClass: 5768K(5824K)->5768K(5824K) Class: 533K(640K)->533K(640K)
[0.332s][info][gc             ] GC(15) Pause Full (Ergonomics) 17M->17M(32M) 17.080ms
[0.332s][info][gc,cpu         ] GC(15) User=0.00s Sys=0.00s Real=0.02s
[0.337s][info][gc,start       ] GC(16) Pause Young (Allocation Failure)
[0.344s][info][gc,heap        ] GC(16) PSYoungGen: 11903K(13824K)->3232K(15360K) Eden: 6144K(6144K)->0K(8704K) From: 5759K(7680K)->3232K(6656K)
[0.344s][info][gc,heap        ] GC(16) ParOldGen: 12000K(18944K)->17856K(18944K)
[0.344s][info][gc,metaspace   ] GC(16) Metaspace: 6302K(6464K)->6302K(6464K) NonClass: 5768K(5824K)->5768K(5824K) Class: 533K(640K)->533K(640K)
[0.344s][info][gc             ] GC(16) Pause Young (Allocation Failure) 23M->20M(33M) 7.728ms
[0.344s][info][gc,cpu         ] GC(16) User=0.00s Sys=0.00s Real=0.01s
[0.344s][info][gc,start       ] GC(17) Pause Full (Ergonomics)
[0.344s][info][gc,phases,start] GC(17) Marking Phase
[0.353s][info][gc,phases      ] GC(17) Marking Phase 8.909ms
[0.353s][info][gc,phases,start] GC(17) Summary Phase
[0.353s][info][gc,phases      ] GC(17) Summary Phase 0.017ms
[0.353s][info][gc,phases,start] GC(17) Adjust Roots
[0.354s][info][gc,phases      ] GC(17) Adjust Roots 0.176ms
[0.354s][info][gc,phases,start] GC(17) Compaction Phase
[0.360s][info][gc,phases      ] GC(17) Compaction Phase 6.068ms
[0.360s][info][gc,phases,start] GC(17) Post Compact
[0.360s][info][gc,phases      ] GC(17) Post Compact 0.128ms
[0.360s][info][gc,heap        ] GC(17) PSYoungGen: 3232K(15360K)->2146K(16384K) Eden: 0K(8704K)->0K(9728K) From: 3232K(6656K)->2146K(6656K)
[0.360s][info][gc,heap        ] GC(17) ParOldGen: 17856K(18944K)->18781K(28672K)
[0.360s][info][gc,metaspace   ] GC(17) Metaspace: 6302K(6464K)->6302K(6464K) NonClass: 5768K(5824K)->5768K(5824K) Class: 533K(640K)->533K(640K)
[0.360s][info][gc             ] GC(17) Pause Full (Ergonomics) 20M->20M(44M) 15.662ms
[0.360s][info][gc,cpu         ] GC(17) User=0.00s Sys=0.00s Real=0.02s
[0.370s][info][gc,start       ] GC(18) Pause Young (Allocation Failure)
[0.376s][info][gc,heap        ] GC(18) PSYoungGen: 11874K(16384K)->5568K(17408K) Eden: 9728K(9728K)->0K(9728K) From: 2146K(6656K)->5568K(7680K)
[0.376s][info][gc,heap        ] GC(18) ParOldGen: 18781K(28672K)->20965K(28672K)
[0.376s][info][gc,metaspace   ] GC(18) Metaspace: 6302K(6464K)->6302K(6464K) NonClass: 5768K(5824K)->5768K(5824K) Class: 533K(640K)->533K(640K)
[0.376s][info][gc             ] GC(18) Pause Young (Allocation Failure) 29M->25M(45M) 6.804ms
[0.376s][info][gc,cpu         ] GC(18) User=0.00s Sys=0.00s Real=0.01s
[0.383s][info][gc,start       ] GC(19) Pause Young (Allocation Failure)
[0.391s][info][gc,heap        ] GC(19) PSYoungGen: 15296K(17408K)->5088K(21504K) Eden: 9728K(9728K)->0K(13312K) From: 5568K(7680K)->5088K(8192K)
[0.391s][info][gc,heap        ] GC(19) ParOldGen: 20965K(28672K)->26565K(28672K)
[0.391s][info][gc,metaspace   ] GC(19) Metaspace: 6302K(6464K)->6302K(6464K) NonClass: 5768K(5824K)->5768K(5824K) Class: 533K(640K)->533K(640K)
[0.391s][info][gc             ] GC(19) Pause Young (Allocation Failure) 35M->30M(49M) 8.361ms
[0.391s][info][gc,cpu         ] GC(19) User=0.00s Sys=0.00s Real=0.01s
[0.391s][info][gc,start       ] GC(20) Pause Full (Ergonomics)
[0.391s][info][gc,phases,start] GC(20) Marking Phase
[0.403s][info][gc,phases      ] GC(20) Marking Phase 12.037ms
[0.403s][info][gc,phases,start] GC(20) Summary Phase
[0.403s][info][gc,phases      ] GC(20) Summary Phase 0.018ms
[0.403s][info][gc,phases,start] GC(20) Adjust Roots
[0.404s][info][gc,phases      ] GC(20) Adjust Roots 0.173ms
[0.404s][info][gc,phases,start] GC(20) Compaction Phase
[0.415s][info][gc,phases      ] GC(20) Compaction Phase 11.586ms
[0.415s][info][gc,phases,start] GC(20) Post Compact
[0.415s][info][gc,phases      ] GC(20) Post Compact 0.110ms
[0.415s][info][gc,heap        ] GC(20) PSYoungGen: 5088K(21504K)->2471K(21504K) Eden: 0K(13312K)->0K(13312K) From: 5088K(8192K)->2471K(8192K)
[0.416s][info][gc,heap        ] GC(20) ParOldGen: 26565K(28672K)->28492K(40448K)
[0.416s][info][gc,metaspace   ] GC(20) Metaspace: 6302K(6464K)->6302K(6464K) NonClass: 5768K(5824K)->5768K(5824K) Class: 533K(640K)->533K(640K)
[0.416s][info][gc             ] GC(20) Pause Full (Ergonomics) 30M->30M(60M) 24.305ms
[0.416s][info][gc,cpu         ] GC(20) User=0.00s Sys=0.00s Real=0.02s
[0.428s][info][gc,start       ] GC(21) Pause Young (Allocation Failure)
[0.443s][info][gc,heap        ] GC(21) PSYoungGen: 15783K(21504K)->8192K(21504K) Eden: 13312K(13312K)->0K(13312K) From: 2471K(8192K)->8192K(8192K)
[0.443s][info][gc,heap        ] GC(21) ParOldGen: 28492K(40448K)->34188K(40448K)
[0.443s][info][gc,metaspace   ] GC(21) Metaspace: 6302K(6464K)->6302K(6464K) NonClass: 5768K(5824K)->5768K(5824K) Class: 533K(640K)->533K(640K)
[0.443s][info][gc             ] GC(21) Pause Young (Allocation Failure) 43M->41M(60M) 14.957ms
[0.443s][info][gc,cpu         ] GC(21) User=0.00s Sys=0.00s Real=0.02s
[0.443s][info][gc,start       ] GC(22) Pause Full (Ergonomics)
[0.443s][info][gc,phases,start] GC(22) Marking Phase
[0.461s][info][gc,phases      ] GC(22) Marking Phase 17.651ms
[0.461s][info][gc,phases,start] GC(22) Summary Phase
[0.461s][info][gc,phases      ] GC(22) Summary Phase 0.015ms
[0.461s][info][gc,phases,start] GC(22) Adjust Roots
[0.461s][info][gc,phases      ] GC(22) Adjust Roots 0.175ms
[0.461s][info][gc,phases,start] GC(22) Compaction Phase
[0.473s][info][gc,phases      ] GC(22) Compaction Phase 11.574ms
[0.473s][info][gc,phases,start] GC(22) Post Compact
[0.473s][info][gc,phases      ] GC(22) Post Compact 0.214ms
[0.473s][info][gc,heap        ] GC(22) PSYoungGen: 8192K(21504K)->2044K(21504K) Eden: 0K(13312K)->0K(13312K) From: 8192K(8192K)->2044K(8192K)
[0.473s][info][gc,heap        ] GC(22) ParOldGen: 34188K(40448K)->40225K(54784K)
[0.473s][info][gc,metaspace   ] GC(22) Metaspace: 6302K(6464K)->6302K(6464K) NonClass: 5768K(5824K)->5768K(5824K) Class: 533K(640K)->533K(640K)
[0.473s][info][gc             ] GC(22) Pause Full (Ergonomics) 41M->41M(74M) 30.021ms
[0.473s][info][gc,cpu         ] GC(22) User=0.03s Sys=0.00s Real=0.03s
[0.489s][info][gc,start       ] GC(23) Pause Young (Allocation Failure)
[0.502s][info][gc,heap        ] GC(23) PSYoungGen: 15356K(21504K)->11744K(25088K) Eden: 13312K(13312K)->0K(13312K) From: 2044K(8192K)->11744K(11776K)
[0.502s][info][gc,heap        ] GC(23) ParOldGen: 40225K(54784K)->43889K(54784K)
[0.502s][info][gc,metaspace   ] GC(23) Metaspace: 6302K(6464K)->6302K(6464K) NonClass: 5768K(5824K)->5768K(5824K) Class: 533K(640K)->533K(640K)
[0.502s][info][gc             ] GC(23) Pause Young (Allocation Failure) 54M->54M(78M) 13.639ms
[0.502s][info][gc,cpu         ] GC(23) User=0.00s Sys=0.00s Real=0.01s
[0.516s][info][gc,start       ] GC(24) Pause Young (Allocation Failure)
[0.532s][info][gc,heap        ] GC(24) PSYoungGen: 25056K(25088K)->13312K(28160K) Eden: 13312K(13312K)->0K(13312K) From: 11744K(11776K)->13312K(14848K)
[0.532s][info][gc,heap        ] GC(24) ParOldGen: 43889K(54784K)->55777K(55808K)
[0.532s][info][gc,metaspace   ] GC(24) Metaspace: 6302K(6464K)->6302K(6464K) NonClass: 5768K(5824K)->5768K(5824K) Class: 533K(640K)->533K(640K)
[0.532s][info][gc             ] GC(24) Pause Young (Allocation Failure) 67M->67M(82M) 16.141ms
[0.532s][info][gc,cpu         ] GC(24) User=0.00s Sys=0.02s Real=0.02s
[0.532s][info][gc,start       ] GC(25) Pause Full (Ergonomics)
[0.532s][info][gc,phases,start] GC(25) Marking Phase
[0.560s][info][gc,phases      ] GC(25) Marking Phase 27.440ms
[0.560s][info][gc,phases,start] GC(25) Summary Phase
[0.560s][info][gc,phases      ] GC(25) Summary Phase 0.019ms
[0.560s][info][gc,phases,start] GC(25) Adjust Roots
[0.560s][info][gc,phases      ] GC(25) Adjust Roots 0.156ms
[0.560s][info][gc,phases,start] GC(25) Compaction Phase
[0.584s][info][gc,phases      ] GC(25) Compaction Phase 23.598ms
[0.584s][info][gc,phases,start] GC(25) Post Compact
[0.584s][info][gc,phases      ] GC(25) Post Compact 0.240ms
[0.584s][info][gc,heap        ] GC(25) PSYoungGen: 13312K(28160K)->12254K(28160K) Eden: 0K(13312K)->0K(13312K) From: 13312K(14848K)->12254K(14848K)
[0.584s][info][gc,heap        ] GC(25) ParOldGen: 55777K(55808K)->55551K(74752K)
[0.584s][info][gc,metaspace   ] GC(25) Metaspace: 6302K(6464K)->6302K(6464K) NonClass: 5768K(5824K)->5768K(5824K) Class: 533K(640K)->533K(640K)
[0.584s][info][gc             ] GC(25) Pause Full (Ergonomics) 67M->66M(100M) 51.830ms
[0.584s][info][gc,cpu         ] GC(25) User=0.08s Sys=0.00s Real=0.05s
[0.598s][info][gc,start       ] GC(26) Pause Young (Allocation Failure)
[0.621s][info][gc,heap        ] GC(26) PSYoungGen: 25566K(28160K)->13344K(31744K) Eden: 13312K(13312K)->0K(14848K) From: 12254K(14848K)->13344K(16896K)
[0.621s][info][gc,heap        ] GC(26) ParOldGen: 55551K(74752K)->68007K(74752K)
[0.621s][info][gc,metaspace   ] GC(26) Metaspace: 6302K(6464K)->6302K(6464K) NonClass: 5768K(5824K)->5768K(5824K) Class: 533K(640K)->533K(640K)
[0.621s][info][gc             ] GC(26) Pause Young (Allocation Failure) 79M->79M(104M) 22.729ms
[0.621s][info][gc,cpu         ] GC(26) User=0.02s Sys=0.02s Real=0.02s
[0.621s][info][gc,start       ] GC(27) Pause Full (Ergonomics)
[0.621s][info][gc,phases,start] GC(27) Marking Phase
[0.653s][info][gc,phases      ] GC(27) Marking Phase 32.408ms
[0.653s][info][gc,phases,start] GC(27) Summary Phase
[0.653s][info][gc,phases      ] GC(27) Summary Phase 0.019ms
[0.653s][info][gc,phases,start] GC(27) Adjust Roots
[0.654s][info][gc,phases      ] GC(27) Adjust Roots 0.155ms
[0.654s][info][gc,phases,start] GC(27) Compaction Phase
[0.673s][info][gc,phases      ] GC(27) Compaction Phase 19.812ms
[0.673s][info][gc,phases,start] GC(27) Post Compact
[0.674s][info][gc,phases      ] GC(27) Post Compact 0.380ms
[0.674s][info][gc,heap        ] GC(27) PSYoungGen: 13344K(31744K)->6639K(31744K) Eden: 0K(14848K)->0K(14848K) From: 13344K(16896K)->6639K(16896K)
[0.674s][info][gc,heap        ] GC(27) ParOldGen: 68007K(74752K)->74449K(97792K)
[0.674s][info][gc,metaspace   ] GC(27) Metaspace: 6302K(6464K)->6302K(6464K) NonClass: 5768K(5824K)->5768K(5824K) Class: 533K(640K)->533K(640K)
[0.674s][info][gc             ] GC(27) Pause Full (Ergonomics) 79M->79M(126M) 53.198ms
[0.674s][info][gc,cpu         ] GC(27) User=0.09s Sys=0.00s Real=0.05s
[0.698s][info][gc,start       ] GC(28) Pause Young (Allocation Failure)
[0.712s][info][gc,heap        ] GC(28) PSYoungGen: 21487K(31744K)->18400K(33280K) Eden: 14848K(14848K)->0K(14848K) From: 6639K(16896K)->18400K(18432K)
[0.712s][info][gc,heap        ] GC(28) ParOldGen: 74449K(97792K)->77601K(97792K)
[0.712s][info][gc,metaspace   ] GC(28) Metaspace: 6302K(6464K)->6302K(6464K) NonClass: 5768K(5824K)->5768K(5824K) Class: 533K(640K)->533K(640K)
[0.712s][info][gc             ] GC(28) Pause Young (Allocation Failure) 93M->93M(128M) 13.939ms
[0.712s][info][gc,cpu         ] GC(28) User=0.00s Sys=0.00s Real=0.01s
[0.725s][info][gc,start       ] GC(29) Pause Young (Allocation Failure)
[0.742s][info][gc,heap        ] GC(29) PSYoungGen: 33248K(33280K)->14880K(38912K) Eden: 14848K(14848K)->0K(16384K) From: 18400K(18432K)->14880K(22528K)
[0.742s][info][gc,heap        ] GC(29) ParOldGen: 77601K(97792K)->96209K(97792K)
[0.742s][info][gc,metaspace   ] GC(29) Metaspace: 6302K(6464K)->6302K(6464K) NonClass: 5768K(5824K)->5768K(5824K) Class: 533K(640K)->533K(640K)
[0.742s][info][gc             ] GC(29) Pause Young (Allocation Failure) 108M->108M(133M) 16.920ms
[0.742s][info][gc,cpu         ] GC(29) User=0.05s Sys=0.00s Real=0.02s
[0.742s][info][gc,start       ] GC(30) Pause Full (Ergonomics)
[0.743s][info][gc,phases,start] GC(30) Marking Phase
[0.771s][info][gc,phases      ] GC(30) Marking Phase 28.915ms
[0.771s][info][gc,phases,start] GC(30) Summary Phase
[0.771s][info][gc,phases      ] GC(30) Summary Phase 0.019ms
[0.772s][info][gc,phases,start] GC(30) Adjust Roots
[0.772s][info][gc,phases      ] GC(30) Adjust Roots 0.225ms
[0.772s][info][gc,phases,start] GC(30) Compaction Phase
[0.797s][info][gc,phases      ] GC(30) Compaction Phase 25.504ms
[0.797s][info][gc,phases,start] GC(30) Post Compact
[0.798s][info][gc,phases      ] GC(30) Post Compact 0.405ms
[0.798s][info][gc,heap        ] GC(30) PSYoungGen: 14880K(38912K)->11239K(38912K) Eden: 0K(16384K)->0K(16384K) From: 14880K(22528K)->11239K(22528K)
[0.798s][info][gc,heap        ] GC(30) ParOldGen: 96209K(97792K)->97440K(126976K)
[0.798s][info][gc,metaspace   ] GC(30) Metaspace: 6302K(6464K)->6302K(6464K) NonClass: 5768K(5824K)->5768K(5824K) Class: 533K(640K)->533K(640K)
[0.798s][info][gc             ] GC(30) Pause Full (Ergonomics) 108M->106M(162M) 55.481ms
[0.798s][info][gc,cpu         ] GC(30) User=0.09s Sys=0.00s Real=0.05s
[0.814s][info][gc,start       ] GC(31) Pause Young (Allocation Failure)
[0.836s][info][gc,heap        ] GC(31) PSYoungGen: 27623K(38912K)->23552K(39936K) Eden: 16384K(16384K)->0K(16384K) From: 11239K(22528K)->23552K(23552K)
[0.836s][info][gc,heap        ] GC(31) ParOldGen: 97440K(126976K)->101600K(126976K)
[0.836s][info][gc,metaspace   ] GC(31) Metaspace: 6302K(6464K)->6302K(6464K) NonClass: 5768K(5824K)->5768K(5824K) Class: 533K(640K)->533K(640K)
[0.836s][info][gc             ] GC(31) Pause Young (Allocation Failure) 122M->122M(163M) 22.130ms
[0.836s][info][gc,cpu         ] GC(31) User=0.05s Sys=0.00s Real=0.02s
[0.853s][info][gc,start       ] GC(32) Pause Young (Allocation Failure)
[0.875s][info][gc,heap        ] GC(32) PSYoungGen: 39936K(39936K)->16448K(48640K) Eden: 16384K(16384K)->0K(19456K) From: 23552K(23552K)->16448K(29184K)
[0.875s][info][gc,heap        ] GC(32) ParOldGen: 101600K(126976K)->125488K(126976K)
[0.875s][info][gc,metaspace   ] GC(32) Metaspace: 6302K(6464K)->6302K(6464K) NonClass: 5768K(5824K)->5768K(5824K) Class: 533K(640K)->533K(640K)
[0.875s][info][gc             ] GC(32) Pause Young (Allocation Failure) 138M->138M(171M) 22.414ms
[0.875s][info][gc,cpu         ] GC(32) User=0.05s Sys=0.00s Real=0.02s
[0.875s][info][gc,start       ] GC(33) Pause Full (Ergonomics)
[0.875s][info][gc,phases,start] GC(33) Marking Phase
[0.912s][info][gc,phases      ] GC(33) Marking Phase 36.402ms
[0.912s][info][gc,phases,start] GC(33) Summary Phase
[0.912s][info][gc,phases      ] GC(33) Summary Phase 0.014ms
[0.912s][info][gc,phases,start] GC(33) Adjust Roots
[0.912s][info][gc,phases      ] GC(33) Adjust Roots 0.157ms
[0.912s][info][gc,phases,start] GC(33) Compaction Phase
[0.932s][info][gc,phases      ] GC(33) Compaction Phase 20.075ms
[0.932s][info][gc,phases,start] GC(33) Post Compact
[0.933s][info][gc,phases      ] GC(33) Post Compact 0.612ms
[0.933s][info][gc,heap        ] GC(33) PSYoungGen: 16448K(48640K)->14821K(48640K) Eden: 0K(19456K)->0K(19456K) From: 16448K(29184K)->14821K(29184K)
[0.933s][info][gc,heap        ] GC(33) ParOldGen: 125488K(126976K)->126562K(162816K)
[0.933s][info][gc,metaspace   ] GC(33) Metaspace: 6302K(6464K)->6302K(6464K) NonClass: 5768K(5824K)->5768K(5824K) Class: 533K(640K)->533K(640K)
[0.933s][info][gc             ] GC(33) Pause Full (Ergonomics) 138M->138M(206M) 57.730ms
[0.933s][info][gc,cpu         ] GC(33) User=0.25s Sys=0.00s Real=0.06s
[0.953s][info][gc,start       ] GC(34) Pause Young (Allocation Failure)
[0.976s][info][gc,heap        ] GC(34) PSYoungGen: 34277K(48640K)->29184K(48640K) Eden: 19456K(19456K)->0K(19456K) From: 14821K(29184K)->29184K(29184K)
[0.976s][info][gc,heap        ] GC(34) ParOldGen: 126562K(162816K)->131786K(162816K)
[0.976s][info][gc,metaspace   ] GC(34) Metaspace: 6302K(6464K)->6302K(6464K) NonClass: 5768K(5824K)->5768K(5824K) Class: 533K(640K)->533K(640K)
[0.976s][info][gc             ] GC(34) Pause Young (Allocation Failure) 157M->157M(206M) 23.552ms
[0.976s][info][gc,cpu         ] GC(34) User=0.06s Sys=0.00s Real=0.02s
[0.993s][info][gc,start       ] GC(35) Pause Young (Allocation Failure)
[1.018s][info][gc,heap        ] GC(35) PSYoungGen: 45502K(48640K)->16096K(55296K) Eden: 16318K(19456K)->0K(22528K) From: 29184K(29184K)->16096K(32768K)
[1.018s][info][gc,heap        ] GC(35) ParOldGen: 131786K(162816K)->161370K(162816K)
[1.018s][info][gc,metaspace   ] GC(35) Metaspace: 6302K(6464K)->6302K(6464K) NonClass: 5768K(5824K)->5768K(5824K) Class: 533K(640K)->533K(640K)
[1.018s][info][gc             ] GC(35) Pause Young (Allocation Failure) 173M->173M(213M) 25.635ms
[1.018s][info][gc,cpu         ] GC(35) User=0.05s Sys=0.02s Real=0.02s
[1.019s][info][gc,start       ] GC(36) Pause Full (Ergonomics)
[1.019s][info][gc,phases,start] GC(36) Marking Phase
[1.064s][info][gc,phases      ] GC(36) Marking Phase 45.354ms
[1.064s][info][gc,phases,start] GC(36) Summary Phase
[1.064s][info][gc,phases      ] GC(36) Summary Phase 0.015ms
[1.064s][info][gc,phases,start] GC(36) Adjust Roots
[1.064s][info][gc,phases      ] GC(36) Adjust Roots 0.147ms
[1.064s][info][gc,phases,start] GC(36) Compaction Phase
[1.086s][info][gc,phases      ] GC(36) Compaction Phase 21.828ms
[1.086s][info][gc,phases,start] GC(36) Post Compact
[1.087s][info][gc,phases      ] GC(36) Post Compact 0.909ms
[1.087s][info][gc,heap        ] GC(36) PSYoungGen: 16096K(55296K)->14450K(56320K) Eden: 0K(22528K)->0K(23552K) From: 16096K(32768K)->14450K(32768K)
[1.087s][info][gc,heap        ] GC(36) ParOldGen: 161370K(162816K)->162342K(204800K)
[1.087s][info][gc,metaspace   ] GC(36) Metaspace: 6302K(6464K)->6302K(6464K) NonClass: 5768K(5824K)->5768K(5824K) Class: 533K(640K)->533K(640K)
[1.087s][info][gc             ] GC(36) Pause Full (Ergonomics) 173M->172M(255M) 68.814ms
[1.087s][info][gc,cpu         ] GC(36) User=0.23s Sys=0.00s Real=0.07s
[1.137s][info][gc,start       ] GC(37) Pause Young (Allocation Failure)
[1.163s][info][gc,heap        ] GC(37) PSYoungGen: 38002K(56320K)->23680K(57344K) Eden: 23552K(23552K)->0K(23552K) From: 14450K(32768K)->23680K(33792K)
[1.163s][info][gc,heap        ] GC(37) ParOldGen: 162342K(204800K)->177046K(204800K)
[1.163s][info][gc,metaspace   ] GC(37) Metaspace: 6302K(6464K)->6302K(6464K) NonClass: 5768K(5824K)->5768K(5824K) Class: 533K(640K)->533K(640K)
[1.163s][info][gc             ] GC(37) Pause Young (Allocation Failure) 195M->196M(256M) 26.542ms
[1.163s][info][gc,cpu         ] GC(37) User=0.02s Sys=0.00s Real=0.03s
[1.187s][info][gc,start       ] GC(38) Pause Young (Allocation Failure)
[1.212s][info][gc,heap        ] GC(38) PSYoungGen: 47232K(57344K)->23648K(60928K) Eden: 23552K(23552K)->0K(27136K) From: 23680K(33792K)->23648K(33792K)
[1.212s][info][gc,heap        ] GC(38) ParOldGen: 177046K(204800K)->200838K(204800K)
[1.212s][info][gc,metaspace   ] GC(38) Metaspace: 6302K(6464K)->6302K(6464K) NonClass: 5768K(5824K)->5768K(5824K) Class: 533K(640K)->533K(640K)
[1.212s][info][gc             ] GC(38) Pause Young (Allocation Failure) 219M->219M(259M) 25.211ms
[1.212s][info][gc,cpu         ] GC(38) User=0.00s Sys=0.00s Real=0.02s
[1.212s][info][gc,start       ] GC(39) Pause Full (Ergonomics)
[1.212s][info][gc,phases,start] GC(39) Marking Phase
[1.263s][info][gc,phases      ] GC(39) Marking Phase 51.590ms
[1.264s][info][gc,phases,start] GC(39) Summary Phase
[1.264s][info][gc,phases      ] GC(39) Summary Phase 0.017ms
[1.264s][info][gc,phases,start] GC(39) Adjust Roots
[1.264s][info][gc,phases      ] GC(39) Adjust Roots 0.152ms
[1.264s][info][gc,phases,start] GC(39) Compaction Phase
[1.305s][info][gc,phases      ] GC(39) Compaction Phase 41.199ms
[1.305s][info][gc,phases,start] GC(39) Post Compact
[1.306s][info][gc,phases      ] GC(39) Post Compact 1.072ms
[1.306s][info][gc,heap        ] GC(39) PSYoungGen: 23648K(60928K)->15341K(60928K) Eden: 0K(27136K)->0K(27136K) From: 23648K(33792K)->15341K(33792K)
[1.306s][info][gc,heap        ] GC(39) ParOldGen: 200838K(204800K)->204402K(204800K)
[1.306s][info][gc,metaspace   ] GC(39) Metaspace: 6302K(6464K)->6302K(6464K) NonClass: 5768K(5824K)->5768K(5824K) Class: 533K(640K)->533K(640K)
[1.306s][info][gc             ] GC(39) Pause Full (Ergonomics) 219M->214M(259M) 94.390ms
[1.306s][info][gc,cpu         ] GC(39) User=0.36s Sys=0.00s Real=0.09s
[1.339s][info][gc,start       ] GC(40) Pause Full (Ergonomics)
[1.339s][info][gc,phases,start] GC(40) Marking Phase
[1.395s][info][gc,phases      ] GC(40) Marking Phase 56.453ms
[1.395s][info][gc,phases,start] GC(40) Summary Phase
[1.395s][info][gc,phases      ] GC(40) Summary Phase 0.019ms
[1.395s][info][gc,phases,start] GC(40) Adjust Roots
[1.396s][info][gc,phases      ] GC(40) Adjust Roots 0.166ms
[1.396s][info][gc,phases,start] GC(40) Compaction Phase
[1.426s][info][gc,phases      ] GC(40) Compaction Phase 30.620ms
[1.426s][info][gc,phases,start] GC(40) Post Compact
[1.428s][info][gc,phases      ] GC(40) Post Compact 1.311ms
[1.428s][info][gc,heap        ] GC(40) PSYoungGen: 42477K(60928K)->42448K(60928K) Eden: 27136K(27136K)->27106K(27136K) From: 15341K(33792K)->15341K(33792K)
[1.428s][info][gc,heap        ] GC(40) ParOldGen: 204402K(204800K)->204402K(204800K)
[1.428s][info][gc,metaspace   ] GC(40) Metaspace: 6302K(6464K)->6302K(6464K) NonClass: 5768K(5824K)->5768K(5824K) Class: 533K(640K)->533K(640K)
[1.428s][info][gc             ] GC(40) Pause Full (Ergonomics) 241M->241M(259M) 88.997ms
[1.428s][info][gc,cpu         ] GC(40) User=0.41s Sys=0.00s Real=0.09s
[1.428s][info][gc,start       ] GC(41) Pause Full (Ergonomics)
[1.428s][info][gc,phases,start] GC(41) Marking Phase
[1.485s][info][gc,phases      ] GC(41) Marking Phase 57.055ms
[1.485s][info][gc,phases,start] GC(41) Summary Phase
[1.485s][info][gc,phases      ] GC(41) Summary Phase 0.017ms
[1.485s][info][gc,phases,start] GC(41) Adjust Roots
[1.485s][info][gc,phases      ] GC(41) Adjust Roots 0.157ms
[1.485s][info][gc,phases,start] GC(41) Compaction Phase
[1.504s][info][gc,phases      ] GC(41) Compaction Phase 18.657ms
[1.504s][info][gc,phases,start] GC(41) Post Compact
[1.505s][info][gc,phases      ] GC(41) Post Compact 0.943ms
[1.505s][info][gc,heap        ] GC(41) PSYoungGen: 42477K(60928K)->42476K(60928K) Eden: 27136K(27136K)->27135K(27136K) From: 15341K(33792K)->15341K(33792K)
[1.505s][info][gc,heap        ] GC(41) ParOldGen: 204402K(204800K)->204402K(204800K)
[1.505s][info][gc,metaspace   ] GC(41) Metaspace: 6302K(6464K)->6302K(6464K) NonClass: 5768K(5824K)->5768K(5824K) Class: 533K(640K)->533K(640K)
[1.505s][info][gc             ] GC(41) Pause Full (Ergonomics) 241M->241M(259M) 77.171ms
[1.505s][info][gc,cpu         ] GC(41) User=0.31s Sys=0.00s Real=0.08s
[1.505s][info][gc,start       ] GC(42) Pause Full (Ergonomics)
[1.505s][info][gc,phases,start] GC(42) Marking Phase
[1.565s][info][gc,phases      ] GC(42) Marking Phase 59.434ms
[1.565s][info][gc,phases,start] GC(42) Summary Phase
[1.565s][info][gc,phases      ] GC(42) Summary Phase 0.021ms
[1.565s][info][gc,phases,start] GC(42) Adjust Roots
[1.565s][info][gc,phases      ] GC(42) Adjust Roots 0.181ms
[1.565s][info][gc,phases,start] GC(42) Compaction Phase
[1.583s][info][gc,phases      ] GC(42) Compaction Phase 17.799ms
[1.583s][info][gc,phases,start] GC(42) Post Compact
[1.584s][info][gc,phases      ] GC(42) Post Compact 0.987ms
[1.584s][info][gc,heap        ] GC(42) PSYoungGen: 42477K(60928K)->42477K(60928K) Eden: 27135K(27136K)->27135K(27136K) From: 15341K(33792K)->15341K(33792K)
[1.584s][info][gc,heap        ] GC(42) ParOldGen: 204402K(204800K)->204402K(204800K)
[1.584s][info][gc,metaspace   ] GC(42) Metaspace: 6302K(6464K)->6302K(6464K) NonClass: 5768K(5824K)->5768K(5824K) Class: 533K(640K)->533K(640K)
[1.584s][info][gc             ] GC(42) Pause Full (Ergonomics) 241M->241M(259M) 78.746ms
[1.584s][info][gc,cpu         ] GC(42) User=0.33s Sys=0.00s Real=0.08s
[1.584s][info][gc,start       ] GC(43) Pause Full (Ergonomics)
[1.584s][info][gc,phases,start] GC(43) Marking Phase
[1.647s][info][gc,phases      ] GC(43) Marking Phase 62.562ms
[1.647s][info][gc,phases,start] GC(43) Summary Phase
[1.647s][info][gc,phases      ] GC(43) Summary Phase 0.020ms
[1.647s][info][gc,phases,start] GC(43) Adjust Roots
[1.647s][info][gc,phases      ] GC(43) Adjust Roots 0.185ms
[1.647s][info][gc,phases,start] GC(43) Compaction Phase
[1.664s][info][gc,phases      ] GC(43) Compaction Phase 16.975ms
[1.664s][info][gc,phases,start] GC(43) Post Compact
[1.665s][info][gc,phases      ] GC(43) Post Compact 0.959ms
[1.665s][info][gc,heap        ] GC(43) PSYoungGen: 42477K(60928K)->42477K(60928K) Eden: 27135K(27136K)->27135K(27136K) From: 15341K(33792K)->15341K(33792K)
[1.665s][info][gc,heap        ] GC(43) ParOldGen: 204406K(204800K)->204406K(204800K)
[1.665s][info][gc,metaspace   ] GC(43) Metaspace: 6302K(6464K)->6302K(6464K) NonClass: 5768K(5824K)->5768K(5824K) Class: 533K(640K)->533K(640K)
[1.665s][info][gc             ] GC(43) Pause Full (Ergonomics) 241M->241M(259M) 81.062ms
[1.665s][info][gc,cpu         ] GC(43) User=0.33s Sys=0.00s Real=0.08s
[1.666s][info][gc,start       ] GC(44) Pause Full (Ergonomics)
[1.666s][info][gc,phases,start] GC(44) Marking Phase
[1.731s][info][gc,phases      ] GC(44) Marking Phase 65.192ms
[1.731s][info][gc,phases,start] GC(44) Summary Phase
[1.731s][info][gc,phases      ] GC(44) Summary Phase 0.021ms
[1.731s][info][gc,phases,start] GC(44) Adjust Roots
[1.731s][info][gc,phases      ] GC(44) Adjust Roots 0.164ms
[1.731s][info][gc,phases,start] GC(44) Compaction Phase
[1.748s][info][gc,phases      ] GC(44) Compaction Phase 17.200ms
[1.748s][info][gc,phases,start] GC(44) Post Compact
[1.749s][info][gc,phases      ] GC(44) Post Compact 0.947ms
[1.749s][info][gc,heap        ] GC(44) PSYoungGen: 42477K(60928K)->42477K(60928K) Eden: 27135K(27136K)->27135K(27136K) From: 15341K(33792K)->15341K(33792K)
[1.749s][info][gc,heap        ] GC(44) ParOldGen: 204411K(204800K)->204411K(204800K)
[1.750s][info][gc,metaspace   ] GC(44) Metaspace: 6302K(6464K)->6302K(6464K) NonClass: 5768K(5824K)->5768K(5824K) Class: 533K(640K)->533K(640K)
[1.750s][info][gc             ] GC(44) Pause Full (Ergonomics) 241M->241M(259M) 83.867ms
[1.750s][info][gc,cpu         ] GC(44) User=0.42s Sys=0.00s Real=0.08s
[1.750s][info][gc,start       ] GC(45) Pause Full (Ergonomics)
[1.750s][info][gc,phases,start] GC(45) Marking Phase
[1.813s][info][gc,phases      ] GC(45) Marking Phase 63.099ms
[1.813s][info][gc,phases,start] GC(45) Summary Phase
[1.813s][info][gc,phases      ] GC(45) Summary Phase 0.020ms
[1.813s][info][gc,phases,start] GC(45) Adjust Roots
[1.813s][info][gc,phases      ] GC(45) Adjust Roots 0.157ms
[1.813s][info][gc,phases,start] GC(45) Compaction Phase
[1.832s][info][gc,phases      ] GC(45) Compaction Phase 18.498ms
[1.832s][info][gc,phases,start] GC(45) Post Compact
[1.833s][info][gc,phases      ] GC(45) Post Compact 0.953ms
[1.833s][info][gc,heap        ] GC(45) PSYoungGen: 42477K(60928K)->42477K(60928K) Eden: 27135K(27136K)->27135K(27136K) From: 15341K(33792K)->15341K(33792K)
[1.833s][info][gc,heap        ] GC(45) ParOldGen: 204416K(204800K)->204416K(204800K)
[1.833s][info][gc,metaspace   ] GC(45) Metaspace: 6302K(6464K)->6302K(6464K) NonClass: 5768K(5824K)->5768K(5824K) Class: 533K(640K)->533K(640K)
[1.833s][info][gc             ] GC(45) Pause Full (Ergonomics) 241M->241M(259M) 83.065ms
[1.833s][info][gc,cpu         ] GC(45) User=0.41s Sys=0.00s Real=0.08s
[1.833s][info][gc,start       ] GC(46) Pause Full (Ergonomics)
[1.833s][info][gc,phases,start] GC(46) Marking Phase
[1.901s][info][gc,phases      ] GC(46) Marking Phase 68.097ms
[1.901s][info][gc,phases,start] GC(46) Summary Phase
[1.901s][info][gc,phases      ] GC(46) Summary Phase 0.021ms
[1.901s][info][gc,phases,start] GC(46) Adjust Roots
[1.901s][info][gc,phases      ] GC(46) Adjust Roots 0.170ms
[1.901s][info][gc,phases,start] GC(46) Compaction Phase
[1.923s][info][gc,phases      ] GC(46) Compaction Phase 21.390ms
[1.923s][info][gc,phases,start] GC(46) Post Compact
[1.924s][info][gc,phases      ] GC(46) Post Compact 0.978ms
[1.924s][info][gc,heap        ] GC(46) PSYoungGen: 42477K(60928K)->42477K(60928K) Eden: 27135K(27136K)->27135K(27136K) From: 15341K(33792K)->15341K(33792K)
[1.924s][info][gc,heap        ] GC(46) ParOldGen: 204420K(204800K)->204420K(204800K)
[1.924s][info][gc,metaspace   ] GC(46) Metaspace: 6302K(6464K)->6302K(6464K) NonClass: 5768K(5824K)->5768K(5824K) Class: 533K(640K)->533K(640K)
[1.924s][info][gc             ] GC(46) Pause Full (Ergonomics) 241M->241M(259M) 91.016ms
[1.924s][info][gc,cpu         ] GC(46) User=0.36s Sys=0.02s Real=0.09s
[1.924s][info][gc,start       ] GC(47) Pause Full (Ergonomics)
[1.924s][info][gc,phases,start] GC(47) Marking Phase
[1.989s][info][gc,phases      ] GC(47) Marking Phase 65.071ms
[1.989s][info][gc,phases,start] GC(47) Summary Phase
[1.989s][info][gc,phases      ] GC(47) Summary Phase 0.021ms
[1.989s][info][gc,phases,start] GC(47) Adjust Roots
[1.990s][info][gc,phases      ] GC(47) Adjust Roots 0.170ms
[1.990s][info][gc,phases,start] GC(47) Compaction Phase
[2.009s][info][gc,phases      ] GC(47) Compaction Phase 19.358ms
[2.009s][info][gc,phases,start] GC(47) Post Compact
[2.010s][info][gc,phases      ] GC(47) Post Compact 1.013ms
[2.010s][info][gc,heap        ] GC(47) PSYoungGen: 42477K(60928K)->42477K(60928K) Eden: 27135K(27136K)->27135K(27136K) From: 15341K(33792K)->15341K(33792K)
[2.010s][info][gc,heap        ] GC(47) ParOldGen: 204425K(204800K)->204425K(204800K)
[2.010s][info][gc,metaspace   ] GC(47) Metaspace: 6302K(6464K)->6302K(6464K) NonClass: 5768K(5824K)->5768K(5824K) Class: 533K(640K)->533K(640K)
[2.010s][info][gc             ] GC(47) Pause Full (Ergonomics) 241M->241M(259M) 86.012ms
[2.010s][info][gc,cpu         ] GC(47) User=0.33s Sys=0.00s Real=0.09s
[2.010s][info][gc,start       ] GC(48) Pause Full (Ergonomics)
[2.011s][info][gc,phases,start] GC(48) Marking Phase
[2.075s][info][gc,phases      ] GC(48) Marking Phase 64.129ms
[2.075s][info][gc,phases,start] GC(48) Summary Phase
[2.075s][info][gc,phases      ] GC(48) Summary Phase 0.020ms
[2.075s][info][gc,phases,start] GC(48) Adjust Roots
[2.075s][info][gc,phases      ] GC(48) Adjust Roots 0.175ms
[2.075s][info][gc,phases,start] GC(48) Compaction Phase
[2.095s][info][gc,phases      ] GC(48) Compaction Phase 20.373ms
[2.095s][info][gc,phases,start] GC(48) Post Compact
[2.097s][info][gc,phases      ] GC(48) Post Compact 1.117ms
[2.097s][info][gc,heap        ] GC(48) PSYoungGen: 42477K(60928K)->42477K(60928K) Eden: 27135K(27136K)->27135K(27136K) From: 15341K(33792K)->15341K(33792K)
[2.097s][info][gc,heap        ] GC(48) ParOldGen: 204430K(204800K)->204430K(204800K)
[2.097s][info][gc,metaspace   ] GC(48) Metaspace: 6302K(6464K)->6302K(6464K) NonClass: 5768K(5824K)->5768K(5824K) Class: 533K(640K)->533K(640K)
[2.097s][info][gc             ] GC(48) Pause Full (Ergonomics) 241M->241M(259M) 86.178ms
[2.097s][info][gc,cpu         ] GC(48) User=0.31s Sys=0.00s Real=0.09s
[2.097s][info][gc,start       ] GC(49) Pause Full (Ergonomics)
[2.097s][info][gc,phases,start] GC(49) Marking Phase
[2.164s][info][gc,phases      ] GC(49) Marking Phase 67.228ms
[2.164s][info][gc,phases,start] GC(49) Summary Phase
[2.164s][info][gc,phases      ] GC(49) Summary Phase 0.021ms
[2.164s][info][gc,phases,start] GC(49) Adjust Roots
[2.164s][info][gc,phases      ] GC(49) Adjust Roots 0.171ms
[2.164s][info][gc,phases,start] GC(49) Compaction Phase
[2.183s][info][gc,phases      ] GC(49) Compaction Phase 18.595ms
[2.183s][info][gc,phases,start] GC(49) Post Compact
[2.184s][info][gc,phases      ] GC(49) Post Compact 0.959ms
[2.184s][info][gc,heap        ] GC(49) PSYoungGen: 42477K(60928K)->42477K(60928K) Eden: 27135K(27136K)->27135K(27136K) From: 15341K(33792K)->15341K(33792K)
[2.184s][info][gc,heap        ] GC(49) ParOldGen: 204434K(204800K)->204434K(204800K)
[2.184s][info][gc,metaspace   ] GC(49) Metaspace: 6302K(6464K)->6302K(6464K) NonClass: 5768K(5824K)->5768K(5824K) Class: 533K(640K)->533K(640K)
[2.184s][info][gc             ] GC(49) Pause Full (Ergonomics) 241M->241M(259M) 87.312ms
[2.184s][info][gc,cpu         ] GC(49) User=0.42s Sys=0.00s Real=0.09s
[2.184s][info][gc,start       ] GC(50) Pause Full (Ergonomics)
[2.184s][info][gc,phases,start] GC(50) Marking Phase
[2.252s][info][gc,phases      ] GC(50) Marking Phase 67.279ms
[2.252s][info][gc,phases,start] GC(50) Summary Phase
[2.252s][info][gc,phases      ] GC(50) Summary Phase 0.017ms
[2.252s][info][gc,phases,start] GC(50) Adjust Roots
[2.252s][info][gc,phases      ] GC(50) Adjust Roots 0.153ms
[2.252s][info][gc,phases,start] GC(50) Compaction Phase
[2.268s][info][gc,phases      ] GC(50) Compaction Phase 15.520ms
[2.268s][info][gc,phases,start] GC(50) Post Compact
[2.269s][info][gc,phases      ] GC(50) Post Compact 0.937ms
[2.269s][info][gc,heap        ] GC(50) PSYoungGen: 42477K(60928K)->42477K(60928K) Eden: 27135K(27136K)->27135K(27136K) From: 15341K(33792K)->15341K(33792K)
[2.269s][info][gc,heap        ] GC(50) ParOldGen: 204439K(204800K)->204439K(204800K)
[2.269s][info][gc,metaspace   ] GC(50) Metaspace: 6302K(6464K)->6302K(6464K) NonClass: 5768K(5824K)->5768K(5824K) Class: 533K(640K)->533K(640K)
[2.269s][info][gc             ] GC(50) Pause Full (Ergonomics) 241M->241M(259M) 84.241ms
[2.269s][info][gc,cpu         ] GC(50) User=0.34s Sys=0.00s Real=0.09s
[2.269s][info][gc,start       ] GC(51) Pause Full (Ergonomics)
[2.269s][info][gc,phases,start] GC(51) Marking Phase
[2.327s][info][gc,phases      ] GC(51) Marking Phase 58.227ms
[2.327s][info][gc,phases,start] GC(51) Summary Phase
[2.327s][info][gc,phases      ] GC(51) Summary Phase 0.018ms
[2.327s][info][gc,phases,start] GC(51) Adjust Roots
[2.327s][info][gc,phases      ] GC(51) Adjust Roots 0.147ms
[2.327s][info][gc,phases,start] GC(51) Compaction Phase
[2.343s][info][gc,phases      ] GC(51) Compaction Phase 15.293ms
[2.343s][info][gc,phases,start] GC(51) Post Compact
[2.344s][info][gc,phases      ] GC(51) Post Compact 0.943ms
[2.344s][info][gc,heap        ] GC(51) PSYoungGen: 42477K(60928K)->42477K(60928K) Eden: 27135K(27136K)->27135K(27136K) From: 15341K(33792K)->15341K(33792K)
[2.344s][info][gc,heap        ] GC(51) ParOldGen: 204444K(204800K)->204444K(204800K)
[2.344s][info][gc,metaspace   ] GC(51) Metaspace: 6302K(6464K)->6302K(6464K) NonClass: 5768K(5824K)->5768K(5824K) Class: 533K(640K)->533K(640K)
[2.344s][info][gc             ] GC(51) Pause Full (Ergonomics) 241M->241M(259M) 74.952ms
[2.344s][info][gc,cpu         ] GC(51) User=0.27s Sys=0.00s Real=0.08s
[2.344s][info][gc,start       ] GC(52) Pause Full (Ergonomics)
[2.344s][info][gc,phases,start] GC(52) Marking Phase
[2.402s][info][gc,phases      ] GC(52) Marking Phase 57.598ms
[2.402s][info][gc,phases,start] GC(52) Summary Phase
[2.402s][info][gc,phases      ] GC(52) Summary Phase 0.017ms
[2.402s][info][gc,phases,start] GC(52) Adjust Roots
[2.402s][info][gc,phases      ] GC(52) Adjust Roots 0.138ms
[2.402s][info][gc,phases,start] GC(52) Compaction Phase
[2.417s][info][gc,phases      ] GC(52) Compaction Phase 15.099ms
[2.417s][info][gc,phases,start] GC(52) Post Compact
[2.418s][info][gc,phases      ] GC(52) Post Compact 0.806ms
[2.418s][info][gc,heap        ] GC(52) PSYoungGen: 42477K(60928K)->42477K(60928K) Eden: 27135K(27136K)->27135K(27136K) From: 15341K(33792K)->15341K(33792K)
[2.418s][info][gc,heap        ] GC(52) ParOldGen: 204448K(204800K)->204448K(204800K)
[2.418s][info][gc,metaspace   ] GC(52) Metaspace: 6302K(6464K)->6302K(6464K) NonClass: 5768K(5824K)->5768K(5824K) Class: 533K(640K)->533K(640K)
[2.418s][info][gc             ] GC(52) Pause Full (Ergonomics) 241M->241M(259M) 73.964ms
[2.418s][info][gc,cpu         ] GC(52) User=0.38s Sys=0.00s Real=0.07s
[2.418s][info][gc,start       ] GC(53) Pause Full (Ergonomics)
[2.418s][info][gc,phases,start] GC(53) Marking Phase
[2.474s][info][gc,phases      ] GC(53) Marking Phase 55.710ms
[2.474s][info][gc,phases,start] GC(53) Summary Phase
[2.474s][info][gc,phases      ] GC(53) Summary Phase 0.017ms
[2.474s][info][gc,phases,start] GC(53) Adjust Roots
[2.474s][info][gc,phases      ] GC(53) Adjust Roots 0.147ms
[2.474s][info][gc,phases,start] GC(53) Compaction Phase
[2.489s][info][gc,phases      ] GC(53) Compaction Phase 15.206ms
[2.489s][info][gc,phases,start] GC(53) Post Compact
[2.490s][info][gc,phases      ] GC(53) Post Compact 0.928ms
[2.490s][info][gc,heap        ] GC(53) PSYoungGen: 42477K(60928K)->42477K(60928K) Eden: 27135K(27136K)->27135K(27136K) From: 15341K(33792K)->15341K(33792K)
[2.490s][info][gc,heap        ] GC(53) ParOldGen: 204453K(204800K)->204453K(204800K)
[2.490s][info][gc,metaspace   ] GC(53) Metaspace: 6302K(6464K)->6302K(6464K) NonClass: 5768K(5824K)->5768K(5824K) Class: 533K(640K)->533K(640K)
[2.490s][info][gc             ] GC(53) Pause Full (Ergonomics) 241M->241M(259M) 72.350ms
[2.490s][info][gc,cpu         ] GC(53) User=0.27s Sys=0.00s Real=0.07s
[2.491s][info][gc,start       ] GC(54) Pause Full (Ergonomics)
[2.491s][info][gc,phases,start] GC(54) Marking Phase
[2.545s][info][gc,phases      ] GC(54) Marking Phase 53.865ms
[2.545s][info][gc,phases,start] GC(54) Summary Phase
[2.545s][info][gc,phases      ] GC(54) Summary Phase 0.017ms
[2.545s][info][gc,phases,start] GC(54) Adjust Roots
[2.545s][info][gc,phases      ] GC(54) Adjust Roots 0.145ms
[2.545s][info][gc,phases,start] GC(54) Compaction Phase
[2.562s][info][gc,phases      ] GC(54) Compaction Phase 16.816ms
[2.562s][info][gc,phases,start] GC(54) Post Compact
[2.563s][info][gc,phases      ] GC(54) Post Compact 0.936ms
[2.563s][info][gc,heap        ] GC(54) PSYoungGen: 42477K(60928K)->42477K(60928K) Eden: 27135K(27136K)->27135K(27136K) From: 15341K(33792K)->15341K(33792K)
[2.563s][info][gc,heap        ] GC(54) ParOldGen: 204458K(204800K)->204458K(204800K)
[2.563s][info][gc,metaspace   ] GC(54) Metaspace: 6302K(6464K)->6302K(6464K) NonClass: 5768K(5824K)->5768K(5824K) Class: 533K(640K)->533K(640K)
[2.563s][info][gc             ] GC(54) Pause Full (Ergonomics) 241M->241M(259M) 72.090ms
[2.563s][info][gc,cpu         ] GC(54) User=0.33s Sys=0.00s Real=0.07s
[2.563s][info][gc,start       ] GC(55) Pause Full (Ergonomics)
[2.563s][info][gc,phases,start] GC(55) Marking Phase
[2.620s][info][gc,phases      ] GC(55) Marking Phase 57.473ms
[2.620s][info][gc,phases,start] GC(55) Summary Phase
[2.621s][info][gc,phases      ] GC(55) Summary Phase 0.017ms
[2.621s][info][gc,phases,start] GC(55) Adjust Roots
[2.621s][info][gc,phases      ] GC(55) Adjust Roots 0.145ms
[2.621s][info][gc,phases,start] GC(55) Compaction Phase
[2.636s][info][gc,phases      ] GC(55) Compaction Phase 15.564ms
[2.636s][info][gc,phases,start] GC(55) Post Compact
[2.637s][info][gc,phases      ] GC(55) Post Compact 0.938ms
[2.637s][info][gc,heap        ] GC(55) PSYoungGen: 42477K(60928K)->42477K(60928K) Eden: 27135K(27136K)->27135K(27136K) From: 15341K(33792K)->15341K(33792K)
[2.637s][info][gc,heap        ] GC(55) ParOldGen: 204462K(204800K)->204462K(204800K)
[2.637s][info][gc,metaspace   ] GC(55) Metaspace: 6302K(6464K)->6302K(6464K) NonClass: 5768K(5824K)->5768K(5824K) Class: 533K(640K)->533K(640K)
[2.637s][info][gc             ] GC(55) Pause Full (Ergonomics) 241M->241M(259M) 74.439ms
[2.637s][info][gc,cpu         ] GC(55) User=0.36s Sys=0.00s Real=0.07s
[2.638s][info][gc,start       ] GC(56) Pause Full (Ergonomics)
[2.638s][info][gc,phases,start] GC(56) Marking Phase
[2.693s][info][gc,phases      ] GC(56) Marking Phase 55.116ms
[2.693s][info][gc,phases,start] GC(56) Summary Phase
[2.693s][info][gc,phases      ] GC(56) Summary Phase 0.021ms
[2.693s][info][gc,phases,start] GC(56) Adjust Roots
[2.693s][info][gc,phases      ] GC(56) Adjust Roots 0.144ms
[2.693s][info][gc,phases,start] GC(56) Compaction Phase
[2.708s][info][gc,phases      ] GC(56) Compaction Phase 15.275ms
[2.708s][info][gc,phases,start] GC(56) Post Compact
[2.709s][info][gc,phases      ] GC(56) Post Compact 0.925ms
[2.709s][info][gc,heap        ] GC(56) PSYoungGen: 42477K(60928K)->42477K(60928K) Eden: 27135K(27136K)->27135K(27136K) From: 15341K(33792K)->15341K(33792K)
[2.709s][info][gc,heap        ] GC(56) ParOldGen: 204467K(204800K)->204467K(204800K)
[2.709s][info][gc,metaspace   ] GC(56) Metaspace: 6302K(6464K)->6302K(6464K) NonClass: 5768K(5824K)->5768K(5824K) Class: 533K(640K)->533K(640K)
[2.709s][info][gc             ] GC(56) Pause Full (Ergonomics) 241M->241M(259M) 71.790ms
[2.709s][info][gc,cpu         ] GC(56) User=0.25s Sys=0.00s Real=0.07s
[2.710s][info][gc,start       ] GC(57) Pause Full (Ergonomics)
[2.710s][info][gc,phases,start] GC(57) Marking Phase
[2.765s][info][gc,phases      ] GC(57) Marking Phase 55.857ms
[2.765s][info][gc,phases,start] GC(57) Summary Phase
[2.766s][info][gc,phases      ] GC(57) Summary Phase 0.026ms
[2.766s][info][gc,phases,start] GC(57) Adjust Roots
[2.766s][info][gc,phases      ] GC(57) Adjust Roots 0.147ms
[2.766s][info][gc,phases,start] GC(57) Compaction Phase
[2.781s][info][gc,phases      ] GC(57) Compaction Phase 15.614ms
[2.781s][info][gc,phases,start] GC(57) Post Compact
[2.782s][info][gc,phases      ] GC(57) Post Compact 0.995ms
[2.782s][info][gc,heap        ] GC(57) PSYoungGen: 42477K(60928K)->42477K(60928K) Eden: 27135K(27136K)->27135K(27136K) From: 15341K(33792K)->15341K(33792K)
[2.782s][info][gc,heap        ] GC(57) ParOldGen: 204472K(204800K)->204472K(204800K)
[2.782s][info][gc,metaspace   ] GC(57) Metaspace: 6302K(6464K)->6302K(6464K) NonClass: 5768K(5824K)->5768K(5824K) Class: 533K(640K)->533K(640K)
[2.783s][info][gc             ] GC(57) Pause Full (Ergonomics) 241M->241M(259M) 72.968ms
[2.783s][info][gc,cpu         ] GC(57) User=0.28s Sys=0.00s Real=0.07s
[2.783s][info][gc,start       ] GC(58) Pause Full (Ergonomics)
[2.783s][info][gc,phases,start] GC(58) Marking Phase
[2.843s][info][gc,phases      ] GC(58) Marking Phase 60.645ms
[2.843s][info][gc,phases,start] GC(58) Summary Phase
[2.843s][info][gc,phases      ] GC(58) Summary Phase 0.017ms
[2.843s][info][gc,phases,start] GC(58) Adjust Roots
[2.844s][info][gc,phases      ] GC(58) Adjust Roots 0.148ms
[2.844s][info][gc,phases,start] GC(58) Compaction Phase
[2.862s][info][gc,phases      ] GC(58) Compaction Phase 18.434ms
[2.862s][info][gc,phases,start] GC(58) Post Compact
[2.863s][info][gc,phases      ] GC(58) Post Compact 0.976ms
[2.863s][info][gc,heap        ] GC(58) PSYoungGen: 42477K(60928K)->42477K(60928K) Eden: 27135K(27136K)->27135K(27136K) From: 15341K(33792K)->15341K(33792K)
[2.863s][info][gc,heap        ] GC(58) ParOldGen: 204476K(204800K)->204476K(204800K)
[2.863s][info][gc,metaspace   ] GC(58) Metaspace: 6302K(6464K)->6302K(6464K) NonClass: 5768K(5824K)->5768K(5824K) Class: 533K(640K)->533K(640K)
[2.863s][info][gc             ] GC(58) Pause Full (Ergonomics) 241M->241M(259M) 80.577ms
[2.863s][info][gc,cpu         ] GC(58) User=0.39s Sys=0.00s Real=0.08s
[2.863s][info][gc,start       ] GC(59) Pause Full (Ergonomics)
[2.864s][info][gc,phases,start] GC(59) Marking Phase
[2.925s][info][gc,phases      ] GC(59) Marking Phase 61.943ms
[2.926s][info][gc,phases,start] GC(59) Summary Phase
[2.926s][info][gc,phases      ] GC(59) Summary Phase 0.016ms
[2.926s][info][gc,phases,start] GC(59) Adjust Roots
[2.926s][info][gc,phases      ] GC(59) Adjust Roots 0.147ms
[2.926s][info][gc,phases,start] GC(59) Compaction Phase
[2.945s][info][gc,phases      ] GC(59) Compaction Phase 18.877ms
[2.945s][info][gc,phases,start] GC(59) Post Compact
[2.946s][info][gc,phases      ] GC(59) Post Compact 0.909ms
[2.946s][info][gc,heap        ] GC(59) PSYoungGen: 42477K(60928K)->42477K(60928K) Eden: 27135K(27136K)->27135K(27136K) From: 15341K(33792K)->15341K(33792K)
[2.946s][info][gc,heap        ] GC(59) ParOldGen: 204481K(204800K)->204481K(204800K)
[2.946s][info][gc,metaspace   ] GC(59) Metaspace: 6302K(6464K)->6302K(6464K) NonClass: 5768K(5824K)->5768K(5824K) Class: 533K(640K)->533K(640K)
[2.946s][info][gc             ] GC(59) Pause Full (Ergonomics) 241M->241M(259M) 82.197ms
[2.946s][info][gc,cpu         ] GC(59) User=0.39s Sys=0.00s Real=0.08s
[2.946s][info][gc,start       ] GC(60) Pause Full (Ergonomics)
[2.946s][info][gc,phases,start] GC(60) Marking Phase
[3.004s][info][gc,phases      ] GC(60) Marking Phase 57.735ms
[3.004s][info][gc,phases,start] GC(60) Summary Phase
[3.004s][info][gc,phases      ] GC(60) Summary Phase 0.016ms
[3.004s][info][gc,phases,start] GC(60) Adjust Roots
[3.004s][info][gc,phases      ] GC(60) Adjust Roots 0.141ms
[3.004s][info][gc,phases,start] GC(60) Compaction Phase
[3.022s][info][gc,phases      ] GC(60) Compaction Phase 18.035ms
[3.022s][info][gc,phases,start] GC(60) Post Compact
[3.023s][info][gc,phases      ] GC(60) Post Compact 0.812ms
[3.023s][info][gc,heap        ] GC(60) PSYoungGen: 42477K(60928K)->42477K(60928K) Eden: 27135K(27136K)->27135K(27136K) From: 15341K(33792K)->15341K(33792K)
[3.023s][info][gc,heap        ] GC(60) ParOldGen: 204486K(204800K)->204486K(204800K)
[3.023s][info][gc,metaspace   ] GC(60) Metaspace: 6302K(6464K)->6302K(6464K) NonClass: 5768K(5824K)->5768K(5824K) Class: 533K(640K)->533K(640K)
[3.023s][info][gc             ] GC(60) Pause Full (Ergonomics) 241M->241M(259M) 77.082ms
[3.023s][info][gc,cpu         ] GC(60) User=0.33s Sys=0.00s Real=0.08s
[3.023s][info][gc,start       ] GC(61) Pause Full (Ergonomics)
[3.023s][info][gc,phases,start] GC(61) Marking Phase
[3.079s][info][gc,phases      ] GC(61) Marking Phase 56.276ms
[3.079s][info][gc,phases,start] GC(61) Summary Phase
[3.079s][info][gc,phases      ] GC(61) Summary Phase 0.017ms
[3.079s][info][gc,phases,start] GC(61) Adjust Roots
[3.080s][info][gc,phases      ] GC(61) Adjust Roots 0.143ms
[3.080s][info][gc,phases,start] GC(61) Compaction Phase
[3.095s][info][gc,phases      ] GC(61) Compaction Phase 15.229ms
[3.095s][info][gc,phases,start] GC(61) Post Compact
[3.096s][info][gc,phases      ] GC(61) Post Compact 0.923ms
[3.096s][info][gc,heap        ] GC(61) PSYoungGen: 42477K(60928K)->42477K(60928K) Eden: 27135K(27136K)->27135K(27136K) From: 15341K(33792K)->15341K(33792K)
[3.096s][info][gc,heap        ] GC(61) ParOldGen: 204490K(204800K)->204490K(204800K)
[3.096s][info][gc,metaspace   ] GC(61) Metaspace: 6302K(6464K)->6302K(6464K) NonClass: 5768K(5824K)->5768K(5824K) Class: 533K(640K)->533K(640K)
[3.096s][info][gc             ] GC(61) Pause Full (Ergonomics) 241M->241M(259M) 72.896ms
[3.096s][info][gc,cpu         ] GC(61) User=0.31s Sys=0.00s Real=0.07s
[3.096s][info][gc,start       ] GC(62) Pause Full (Ergonomics)
[3.096s][info][gc,phases,start] GC(62) Marking Phase
[3.150s][info][gc,phases      ] GC(62) Marking Phase 53.806ms
[3.150s][info][gc,phases,start] GC(62) Summary Phase
[3.150s][info][gc,phases      ] GC(62) Summary Phase 0.017ms
[3.150s][info][gc,phases,start] GC(62) Adjust Roots
[3.150s][info][gc,phases      ] GC(62) Adjust Roots 0.146ms
[3.150s][info][gc,phases,start] GC(62) Compaction Phase
[3.169s][info][gc,phases      ] GC(62) Compaction Phase 18.984ms
[3.169s][info][gc,phases,start] GC(62) Post Compact
[3.170s][info][gc,phases      ] GC(62) Post Compact 0.978ms
[3.170s][info][gc,heap        ] GC(62) PSYoungGen: 42477K(60928K)->42477K(60928K) Eden: 27135K(27136K)->27135K(27136K) From: 15341K(33792K)->15341K(33792K)
[3.170s][info][gc,heap        ] GC(62) ParOldGen: 204495K(204800K)->204495K(204800K)
[3.170s][info][gc,metaspace   ] GC(62) Metaspace: 6302K(6464K)->6302K(6464K) NonClass: 5768K(5824K)->5768K(5824K) Class: 533K(640K)->533K(640K)
[3.170s][info][gc             ] GC(62) Pause Full (Ergonomics) 241M->241M(259M) 74.283ms
[3.170s][info][gc,cpu         ] GC(62) User=0.36s Sys=0.00s Real=0.08s
[3.171s][info][gc,start       ] GC(63) Pause Full (Ergonomics)
[3.171s][info][gc,phases,start] GC(63) Marking Phase
[3.230s][info][gc,phases      ] GC(63) Marking Phase 59.472ms
[3.230s][info][gc,phases,start] GC(63) Summary Phase
[3.230s][info][gc,phases      ] GC(63) Summary Phase 0.018ms
[3.230s][info][gc,phases,start] GC(63) Adjust Roots
[3.230s][info][gc,phases      ] GC(63) Adjust Roots 0.161ms
[3.230s][info][gc,phases,start] GC(63) Compaction Phase
[3.246s][info][gc,phases      ] GC(63) Compaction Phase 15.173ms
[3.246s][info][gc,phases,start] GC(63) Post Compact
[3.247s][info][gc,phases      ] GC(63) Post Compact 0.989ms
[3.247s][info][gc,heap        ] GC(63) PSYoungGen: 42477K(60928K)->42477K(60928K) Eden: 27135K(27136K)->27135K(27136K) From: 15341K(33792K)->15341K(33792K)
[3.247s][info][gc,heap        ] GC(63) ParOldGen: 204500K(204800K)->204500K(204800K)
[3.247s][info][gc,metaspace   ] GC(63) Metaspace: 6302K(6464K)->6302K(6464K) NonClass: 5768K(5824K)->5768K(5824K) Class: 533K(640K)->533K(640K)
[3.247s][info][gc             ] GC(63) Pause Full (Ergonomics) 241M->241M(259M) 76.182ms
[3.247s][info][gc,cpu         ] GC(63) User=0.28s Sys=0.00s Real=0.08s
[3.247s][info][gc,start       ] GC(64) Pause Full (Ergonomics)
[3.247s][info][gc,phases,start] GC(64) Marking Phase
[3.299s][info][gc,phases      ] GC(64) Marking Phase 52.318ms
[3.299s][info][gc,phases,start] GC(64) Summary Phase
[3.299s][info][gc,phases      ] GC(64) Summary Phase 0.018ms
[3.300s][info][gc,phases,start] GC(64) Adjust Roots
[3.300s][info][gc,phases      ] GC(64) Adjust Roots 0.138ms
[3.300s][info][gc,phases,start] GC(64) Compaction Phase
[3.315s][info][gc,phases      ] GC(64) Compaction Phase 14.980ms
[3.315s][info][gc,phases,start] GC(64) Post Compact
[3.316s][info][gc,phases      ] GC(64) Post Compact 0.936ms
[3.316s][info][gc,heap        ] GC(64) PSYoungGen: 42477K(60928K)->42477K(60928K) Eden: 27135K(27136K)->27135K(27136K) From: 15341K(33792K)->15341K(33792K)
[3.316s][info][gc,heap        ] GC(64) ParOldGen: 204504K(204800K)->204504K(204800K)
[3.316s][info][gc,metaspace   ] GC(64) Metaspace: 6302K(6464K)->6302K(6464K) NonClass: 5768K(5824K)->5768K(5824K) Class: 533K(640K)->533K(640K)
[3.316s][info][gc             ] GC(64) Pause Full (Ergonomics) 241M->241M(259M) 68.713ms
[3.316s][info][gc,cpu         ] GC(64) User=0.28s Sys=0.00s Real=0.07s
[3.316s][info][gc,start       ] GC(65) Pause Full (Ergonomics)
[3.316s][info][gc,phases,start] GC(65) Marking Phase
[3.373s][info][gc,phases      ] GC(65) Marking Phase 57.339ms
[3.373s][info][gc,phases,start] GC(65) Summary Phase
[3.373s][info][gc,phases      ] GC(65) Summary Phase 0.018ms
[3.373s][info][gc,phases,start] GC(65) Adjust Roots
[3.374s][info][gc,phases      ] GC(65) Adjust Roots 0.152ms
[3.374s][info][gc,phases,start] GC(65) Compaction Phase
[3.392s][info][gc,phases      ] GC(65) Compaction Phase 18.388ms
[3.392s][info][gc,phases,start] GC(65) Post Compact
[3.393s][info][gc,phases      ] GC(65) Post Compact 0.971ms
[3.393s][info][gc,heap        ] GC(65) PSYoungGen: 42477K(60928K)->42477K(60928K) Eden: 27135K(27136K)->27135K(27136K) From: 15341K(33792K)->15341K(33792K)
[3.393s][info][gc,heap        ] GC(65) ParOldGen: 204509K(204800K)->204509K(204800K)
[3.393s][info][gc,metaspace   ] GC(65) Metaspace: 6302K(6464K)->6302K(6464K) NonClass: 5768K(5824K)->5768K(5824K) Class: 533K(640K)->533K(640K)
[3.393s][info][gc             ] GC(65) Pause Full (Ergonomics) 241M->241M(259M) 77.214ms
[3.393s][info][gc,cpu         ] GC(65) User=0.38s Sys=0.00s Real=0.08s
[3.393s][info][gc,start       ] GC(66) Pause Full (Ergonomics)
[3.393s][info][gc,phases,start] GC(66) Marking Phase
[3.451s][info][gc,phases      ] GC(66) Marking Phase 58.005ms
[3.451s][info][gc,phases,start] GC(66) Summary Phase
[3.451s][info][gc,phases      ] GC(66) Summary Phase 0.018ms
[3.451s][info][gc,phases,start] GC(66) Adjust Roots
[3.452s][info][gc,phases      ] GC(66) Adjust Roots 0.139ms
[3.452s][info][gc,phases,start] GC(66) Compaction Phase
[3.468s][info][gc,phases      ] GC(66) Compaction Phase 16.143ms
[3.468s][info][gc,phases,start] GC(66) Post Compact
[3.469s][info][gc,phases      ] GC(66) Post Compact 0.937ms
[3.469s][info][gc,heap        ] GC(66) PSYoungGen: 42477K(60928K)->42477K(60928K) Eden: 27135K(27136K)->27135K(27136K) From: 15341K(33792K)->15341K(33792K)
[3.469s][info][gc,heap        ] GC(66) ParOldGen: 204514K(204800K)->204514K(204800K)
[3.469s][info][gc,metaspace   ] GC(66) Metaspace: 6302K(6464K)->6302K(6464K) NonClass: 5768K(5824K)->5768K(5824K) Class: 533K(640K)->533K(640K)
[3.469s][info][gc             ] GC(66) Pause Full (Ergonomics) 241M->241M(259M) 75.552ms
[3.469s][info][gc,cpu         ] GC(66) User=0.31s Sys=0.00s Real=0.08s
[3.469s][info][gc,start       ] GC(67) Pause Full (Ergonomics)
[3.469s][info][gc,phases,start] GC(67) Marking Phase
[3.527s][info][gc,phases      ] GC(67) Marking Phase 58.144ms
[3.527s][info][gc,phases,start] GC(67) Summary Phase
[3.527s][info][gc,phases      ] GC(67) Summary Phase 0.018ms
[3.527s][info][gc,phases,start] GC(67) Adjust Roots
[3.528s][info][gc,phases      ] GC(67) Adjust Roots 0.147ms
[3.528s][info][gc,phases,start] GC(67) Compaction Phase
[3.544s][info][gc,phases      ] GC(67) Compaction Phase 16.592ms
[3.544s][info][gc,phases,start] GC(67) Post Compact
[3.545s][info][gc,phases      ] GC(67) Post Compact 0.943ms
[3.545s][info][gc,heap        ] GC(67) PSYoungGen: 42477K(60928K)->42477K(60928K) Eden: 27135K(27136K)->27135K(27136K) From: 15341K(33792K)->15341K(33792K)
[3.545s][info][gc,heap        ] GC(67) ParOldGen: 204518K(204800K)->204518K(204800K)
[3.545s][info][gc,metaspace   ] GC(67) Metaspace: 6302K(6464K)->6302K(6464K) NonClass: 5768K(5824K)->5768K(5824K) Class: 533K(640K)->533K(640K)
[3.545s][info][gc             ] GC(67) Pause Full (Ergonomics) 241M->241M(259M) 76.247ms
[3.545s][info][gc,cpu         ] GC(67) User=0.45s Sys=0.00s Real=0.08s
[3.546s][info][gc,start       ] GC(68) Pause Full (Ergonomics)
[3.546s][info][gc,phases,start] GC(68) Marking Phase
[3.597s][info][gc,phases      ] GC(68) Marking Phase 51.508ms
[3.597s][info][gc,phases,start] GC(68) Summary Phase
[3.597s][info][gc,phases      ] GC(68) Summary Phase 0.017ms
[3.597s][info][gc,phases,start] GC(68) Adjust Roots
[3.597s][info][gc,phases      ] GC(68) Adjust Roots 0.139ms
[3.597s][info][gc,phases,start] GC(68) Compaction Phase
[3.613s][info][gc,phases      ] GC(68) Compaction Phase 15.359ms
[3.613s][info][gc,phases,start] GC(68) Post Compact
[3.614s][info][gc,phases      ] GC(68) Post Compact 1.130ms
[3.614s][info][gc,heap        ] GC(68) PSYoungGen: 42477K(60928K)->42477K(60928K) Eden: 27135K(27136K)->27135K(27136K) From: 15341K(33792K)->15341K(33792K)
[3.614s][info][gc,heap        ] GC(68) ParOldGen: 204523K(204800K)->204523K(204800K)
[3.614s][info][gc,metaspace   ] GC(68) Metaspace: 6302K(6464K)->6302K(6464K) NonClass: 5768K(5824K)->5768K(5824K) Class: 533K(640K)->533K(640K)
[3.614s][info][gc             ] GC(68) Pause Full (Ergonomics) 241M->241M(259M) 68.469ms
[3.614s][info][gc,cpu         ] GC(68) User=0.28s Sys=0.00s Real=0.07s
[3.614s][info][gc,start       ] GC(69) Pause Full (Ergonomics)
[3.614s][info][gc,phases,start] GC(69) Marking Phase
[3.669s][info][gc,phases      ] GC(69) Marking Phase 54.742ms
[3.669s][info][gc,phases,start] GC(69) Summary Phase
[3.669s][info][gc,phases      ] GC(69) Summary Phase 0.017ms
[3.669s][info][gc,phases,start] GC(69) Adjust Roots
[3.669s][info][gc,phases      ] GC(69) Adjust Roots 0.145ms
[3.669s][info][gc,phases,start] GC(69) Compaction Phase
[3.684s][info][gc,phases      ] GC(69) Compaction Phase 15.304ms
[3.685s][info][gc,phases,start] GC(69) Post Compact
[3.685s][info][gc,phases      ] GC(69) Post Compact 0.938ms
[3.686s][info][gc,heap        ] GC(69) PSYoungGen: 42477K(60928K)->42477K(60928K) Eden: 27135K(27136K)->27135K(27136K) From: 15341K(33792K)->15341K(33792K)
[3.686s][info][gc,heap        ] GC(69) ParOldGen: 204528K(204800K)->204528K(204800K)
[3.686s][info][gc,metaspace   ] GC(69) Metaspace: 6302K(6464K)->6302K(6464K) NonClass: 5768K(5824K)->5768K(5824K) Class: 533K(640K)->533K(640K)
[3.686s][info][gc             ] GC(69) Pause Full (Ergonomics) 241M->241M(259M) 71.447ms
[3.686s][info][gc,cpu         ] GC(69) User=0.23s Sys=0.00s Real=0.07s
[3.686s][info][gc,start       ] GC(70) Pause Full (Ergonomics)
[3.686s][info][gc,phases,start] GC(70) Marking Phase
[3.746s][info][gc,phases      ] GC(70) Marking Phase 60.430ms
[3.746s][info][gc,phases,start] GC(70) Summary Phase
[3.746s][info][gc,phases      ] GC(70) Summary Phase 0.017ms
[3.746s][info][gc,phases,start] GC(70) Adjust Roots
[3.747s][info][gc,phases      ] GC(70) Adjust Roots 0.147ms
[3.747s][info][gc,phases,start] GC(70) Compaction Phase
[3.764s][info][gc,phases      ] GC(70) Compaction Phase 17.740ms
[3.764s][info][gc,phases,start] GC(70) Post Compact
[3.765s][info][gc,phases      ] GC(70) Post Compact 0.916ms
[3.765s][info][gc,heap        ] GC(70) PSYoungGen: 42477K(60928K)->42477K(60928K) Eden: 27135K(27136K)->27135K(27136K) From: 15341K(33792K)->15341K(33792K)
[3.765s][info][gc,heap        ] GC(70) ParOldGen: 204532K(204800K)->204532K(204800K)
[3.765s][info][gc,metaspace   ] GC(70) Metaspace: 6302K(6464K)->6302K(6464K) NonClass: 5768K(5824K)->5768K(5824K) Class: 533K(640K)->533K(640K)
[3.765s][info][gc             ] GC(70) Pause Full (Ergonomics) 241M->241M(259M) 79.575ms
[3.765s][info][gc,cpu         ] GC(70) User=0.31s Sys=0.00s Real=0.08s
[3.766s][info][gc,start       ] GC(71) Pause Full (Ergonomics)
[3.766s][info][gc,phases,start] GC(71) Marking Phase
[3.822s][info][gc,phases      ] GC(71) Marking Phase 56.615ms
[3.822s][info][gc,phases,start] GC(71) Summary Phase
[3.822s][info][gc,phases      ] GC(71) Summary Phase 0.018ms
[3.822s][info][gc,phases,start] GC(71) Adjust Roots
[3.822s][info][gc,phases      ] GC(71) Adjust Roots 0.147ms
[3.822s][info][gc,phases,start] GC(71) Compaction Phase
[3.841s][info][gc,phases      ] GC(71) Compaction Phase 18.848ms
[3.841s][info][gc,phases,start] GC(71) Post Compact
[3.842s][info][gc,phases      ] GC(71) Post Compact 1.057ms
[3.843s][info][gc,heap        ] GC(71) PSYoungGen: 42477K(60928K)->42477K(60928K) Eden: 27135K(27136K)->27135K(27136K) From: 15341K(33792K)->15341K(33792K)
[3.843s][info][gc,heap        ] GC(71) ParOldGen: 204537K(204800K)->204537K(204800K)
[3.843s][info][gc,metaspace   ] GC(71) Metaspace: 6302K(6464K)->6302K(6464K) NonClass: 5768K(5824K)->5768K(5824K) Class: 533K(640K)->533K(640K)
[3.843s][info][gc             ] GC(71) Pause Full (Ergonomics) 241M->241M(259M) 77.013ms
[3.843s][info][gc,cpu         ] GC(71) User=0.42s Sys=0.00s Real=0.08s
[3.843s][info][gc,start       ] GC(72) Pause Full (Ergonomics)
[3.843s][info][gc,phases,start] GC(72) Marking Phase
[3.900s][info][gc,phases      ] GC(72) Marking Phase 57.324ms
[3.900s][info][gc,phases,start] GC(72) Summary Phase
[3.900s][info][gc,phases      ] GC(72) Summary Phase 0.018ms
[3.900s][info][gc,phases,start] GC(72) Adjust Roots
[3.900s][info][gc,phases      ] GC(72) Adjust Roots 0.149ms
[3.900s][info][gc,phases,start] GC(72) Compaction Phase
[3.915s][info][gc,phases      ] GC(72) Compaction Phase 14.803ms
[3.915s][info][gc,phases,start] GC(72) Post Compact
[3.916s][info][gc,phases      ] GC(72) Post Compact 0.797ms
[3.916s][info][gc,heap        ] GC(72) PSYoungGen: 42477K(60928K)->42477K(60928K) Eden: 27135K(27136K)->27135K(27136K) From: 15341K(33792K)->15341K(33792K)
[3.916s][info][gc,heap        ] GC(72) ParOldGen: 204542K(204800K)->204542K(204800K)
[3.916s][info][gc,metaspace   ] GC(72) Metaspace: 6302K(6464K)->6302K(6464K) NonClass: 5768K(5824K)->5768K(5824K) Class: 533K(640K)->533K(640K)
[3.916s][info][gc             ] GC(72) Pause Full (Ergonomics) 241M->241M(259M) 73.393ms
[3.916s][info][gc,cpu         ] GC(72) User=0.28s Sys=0.00s Real=0.07s
[3.916s][info][gc,start       ] GC(73) Pause Full (Ergonomics)
[3.916s][info][gc,phases,start] GC(73) Marking Phase
[3.975s][info][gc,phases      ] GC(73) Marking Phase 58.927ms
[3.975s][info][gc,phases,start] GC(73) Summary Phase
[3.975s][info][gc,phases      ] GC(73) Summary Phase 0.017ms
[3.975s][info][gc,phases,start] GC(73) Adjust Roots
[3.976s][info][gc,phases      ] GC(73) Adjust Roots 0.136ms
[3.976s][info][gc,phases,start] GC(73) Compaction Phase
[3.991s][info][gc,phases      ] GC(73) Compaction Phase 15.220ms
[3.991s][info][gc,phases,start] GC(73) Post Compact
[3.992s][info][gc,phases      ] GC(73) Post Compact 0.932ms
[3.992s][info][gc,heap        ] GC(73) PSYoungGen: 42477K(60928K)->42477K(60928K) Eden: 27135K(27136K)->27135K(27136K) From: 15341K(33792K)->15341K(33792K)
[3.992s][info][gc,heap        ] GC(73) ParOldGen: 204546K(204800K)->204546K(204800K)
[3.992s][info][gc,metaspace   ] GC(73) Metaspace: 6302K(6464K)->6302K(6464K) NonClass: 5768K(5824K)->5768K(5824K) Class: 533K(640K)->533K(640K)
[3.992s][info][gc             ] GC(73) Pause Full (Ergonomics) 241M->241M(259M) 75.557ms
[3.992s][info][gc,cpu         ] GC(73) User=0.30s Sys=0.00s Real=0.08s
[3.992s][info][gc,start       ] GC(74) Pause Full (Ergonomics)
[3.992s][info][gc,phases,start] GC(74) Marking Phase
[4.049s][info][gc,phases      ] GC(74) Marking Phase 57.183ms
[4.049s][info][gc,phases,start] GC(74) Summary Phase
[4.049s][info][gc,phases      ] GC(74) Summary Phase 0.017ms
[4.049s][info][gc,phases,start] GC(74) Adjust Roots
[4.050s][info][gc,phases      ] GC(74) Adjust Roots 0.147ms
[4.050s][info][gc,phases,start] GC(74) Compaction Phase
[4.066s][info][gc,phases      ] GC(74) Compaction Phase 16.822ms
[4.066s][info][gc,phases,start] GC(74) Post Compact
[4.067s][info][gc,phases      ] GC(74) Post Compact 0.935ms
[4.067s][info][gc,heap        ] GC(74) PSYoungGen: 42477K(60928K)->42477K(60928K) Eden: 27135K(27136K)->27135K(27136K) From: 15341K(33792K)->15341K(33792K)
[4.067s][info][gc,heap        ] GC(74) ParOldGen: 204551K(204800K)->204551K(204800K)
[4.067s][info][gc,metaspace   ] GC(74) Metaspace: 6302K(6464K)->6302K(6464K) NonClass: 5768K(5824K)->5768K(5824K) Class: 533K(640K)->533K(640K)
[4.067s][info][gc             ] GC(74) Pause Full (Ergonomics) 241M->241M(259M) 75.434ms
[4.068s][info][gc,cpu         ] GC(74) User=0.34s Sys=0.00s Real=0.08s
[4.068s][info][gc,start       ] GC(75) Pause Full (Ergonomics)
[4.068s][info][gc,phases,start] GC(75) Marking Phase
[4.122s][info][gc,phases      ] GC(75) Marking Phase 54.719ms
[4.122s][info][gc,phases,start] GC(75) Summary Phase
[4.123s][info][gc,phases      ] GC(75) Summary Phase 0.022ms
[4.123s][info][gc,phases,start] GC(75) Adjust Roots
[4.123s][info][gc,phases      ] GC(75) Adjust Roots 0.149ms
[4.123s][info][gc,phases,start] GC(75) Compaction Phase
[4.138s][info][gc,phases      ] GC(75) Compaction Phase 15.294ms
[4.138s][info][gc,phases,start] GC(75) Post Compact
[4.139s][info][gc,phases      ] GC(75) Post Compact 0.933ms
[4.139s][info][gc,heap        ] GC(75) PSYoungGen: 42477K(60928K)->42477K(60928K) Eden: 27135K(27136K)->27135K(27136K) From: 15341K(33792K)->15341K(33792K)
[4.139s][info][gc,heap        ] GC(75) ParOldGen: 204556K(204800K)->204556K(204800K)
[4.139s][info][gc,metaspace   ] GC(75) Metaspace: 6302K(6464K)->6302K(6464K) NonClass: 5768K(5824K)->5768K(5824K) Class: 533K(640K)->533K(640K)
[4.139s][info][gc             ] GC(75) Pause Full (Ergonomics) 241M->241M(259M) 71.432ms
[4.139s][info][gc,cpu         ] GC(75) User=0.28s Sys=0.00s Real=0.07s
[4.139s][info][gc,start       ] GC(76) Pause Full (Ergonomics)
[4.139s][info][gc,phases,start] GC(76) Marking Phase
[4.201s][info][gc,phases      ] GC(76) Marking Phase 61.173ms
[4.201s][info][gc,phases,start] GC(76) Summary Phase
[4.201s][info][gc,phases      ] GC(76) Summary Phase 0.018ms
[4.201s][info][gc,phases,start] GC(76) Adjust Roots
[4.201s][info][gc,phases      ] GC(76) Adjust Roots 0.146ms
[4.201s][info][gc,phases,start] GC(76) Compaction Phase
[4.220s][info][gc,phases      ] GC(76) Compaction Phase 19.115ms
[4.220s][info][gc,phases,start] GC(76) Post Compact
[4.221s][info][gc,phases      ] GC(76) Post Compact 0.973ms
[4.221s][info][gc,heap        ] GC(76) PSYoungGen: 42477K(60928K)->42477K(60928K) Eden: 27135K(27136K)->27135K(27136K) From: 15341K(33792K)->15341K(33792K)
[4.221s][info][gc,heap        ] GC(76) ParOldGen: 204560K(204800K)->204560K(204800K)
[4.221s][info][gc,metaspace   ] GC(76) Metaspace: 6302K(6464K)->6302K(6464K) NonClass: 5768K(5824K)->5768K(5824K) Class: 533K(640K)->533K(640K)
[4.221s][info][gc             ] GC(76) Pause Full (Ergonomics) 241M->241M(259M) 81.786ms
[4.221s][info][gc,cpu         ] GC(76) User=0.38s Sys=0.00s Real=0.08s
[4.221s][info][gc,start       ] GC(77) Pause Full (Ergonomics)
[4.221s][info][gc,phases,start] GC(77) Marking Phase
[4.279s][info][gc,phases      ] GC(77) Marking Phase 57.471ms
[4.279s][info][gc,phases,start] GC(77) Summary Phase
[4.279s][info][gc,phases      ] GC(77) Summary Phase 0.017ms
[4.279s][info][gc,phases,start] GC(77) Adjust Roots
[4.279s][info][gc,phases      ] GC(77) Adjust Roots 0.153ms
[4.279s][info][gc,phases,start] GC(77) Compaction Phase
[4.294s][info][gc,phases      ] GC(77) Compaction Phase 15.371ms
[4.294s][info][gc,phases,start] GC(77) Post Compact
[4.295s][info][gc,phases      ] GC(77) Post Compact 0.933ms
[4.295s][info][gc,heap        ] GC(77) PSYoungGen: 42477K(60928K)->42477K(60928K) Eden: 27135K(27136K)->27135K(27136K) From: 15341K(33792K)->15341K(33792K)
[4.296s][info][gc,heap        ] GC(77) ParOldGen: 204565K(204800K)->204565K(204800K)
[4.296s][info][gc,metaspace   ] GC(77) Metaspace: 6302K(6464K)->6302K(6464K) NonClass: 5768K(5824K)->5768K(5824K) Class: 533K(640K)->533K(640K)
[4.296s][info][gc             ] GC(77) Pause Full (Ergonomics) 241M->241M(259M) 74.285ms
[4.296s][info][gc,cpu         ] GC(77) User=0.30s Sys=0.00s Real=0.07s
[4.296s][info][gc,start       ] GC(78) Pause Full (Ergonomics)
[4.296s][info][gc,phases,start] GC(78) Marking Phase
[4.352s][info][gc,phases      ] GC(78) Marking Phase 55.764ms
[4.352s][info][gc,phases,start] GC(78) Summary Phase
[4.352s][info][gc,phases      ] GC(78) Summary Phase 0.017ms
[4.352s][info][gc,phases,start] GC(78) Adjust Roots
[4.352s][info][gc,phases      ] GC(78) Adjust Roots 0.139ms
[4.352s][info][gc,phases,start] GC(78) Compaction Phase
[4.367s][info][gc,phases      ] GC(78) Compaction Phase 15.160ms
[4.367s][info][gc,phases,start] GC(78) Post Compact
[4.368s][info][gc,phases      ] GC(78) Post Compact 0.939ms
[4.368s][info][gc,heap        ] GC(78) PSYoungGen: 42477K(60928K)->42477K(60928K) Eden: 27135K(27136K)->27135K(27136K) From: 15341K(33792K)->15341K(33792K)
[4.368s][info][gc,heap        ] GC(78) ParOldGen: 204570K(204800K)->204570K(204800K)
[4.368s][info][gc,metaspace   ] GC(78) Metaspace: 6302K(6464K)->6302K(6464K) NonClass: 5768K(5824K)->5768K(5824K) Class: 533K(640K)->533K(640K)
[4.368s][info][gc             ] GC(78) Pause Full (Ergonomics) 241M->241M(259M) 72.328ms
[4.368s][info][gc,cpu         ] GC(78) User=0.27s Sys=0.00s Real=0.07s
[4.368s][info][gc,start       ] GC(79) Pause Full (Ergonomics)
[4.368s][info][gc,phases,start] GC(79) Marking Phase
[4.425s][info][gc,phases      ] GC(79) Marking Phase 56.776ms
[4.425s][info][gc,phases,start] GC(79) Summary Phase
[4.425s][info][gc,phases      ] GC(79) Summary Phase 0.017ms
[4.425s][info][gc,phases,start] GC(79) Adjust Roots
[4.425s][info][gc,phases      ] GC(79) Adjust Roots 0.148ms
[4.425s][info][gc,phases,start] GC(79) Compaction Phase
[4.441s][info][gc,phases      ] GC(79) Compaction Phase 15.184ms
[4.441s][info][gc,phases,start] GC(79) Post Compact
[4.441s][info][gc,phases      ] GC(79) Post Compact 0.933ms
[4.442s][info][gc,heap        ] GC(79) PSYoungGen: 42477K(60928K)->42477K(60928K) Eden: 27135K(27136K)->27135K(27136K) From: 15341K(33792K)->15341K(33792K)
[4.442s][info][gc,heap        ] GC(79) ParOldGen: 204574K(204800K)->204574K(204800K)
[4.442s][info][gc,metaspace   ] GC(79) Metaspace: 6302K(6464K)->6302K(6464K) NonClass: 5768K(5824K)->5768K(5824K) Class: 533K(640K)->533K(640K)
[4.442s][info][gc             ] GC(79) Pause Full (Ergonomics) 241M->241M(259M) 73.367ms
[4.442s][info][gc,cpu         ] GC(79) User=0.28s Sys=0.00s Real=0.07s
[4.442s][info][gc,start       ] GC(80) Pause Full (Ergonomics)
[4.442s][info][gc,phases,start] GC(80) Marking Phase
[4.500s][info][gc,phases      ] GC(80) Marking Phase 57.984ms
[4.500s][info][gc,phases,start] GC(80) Summary Phase
[4.500s][info][gc,phases      ] GC(80) Summary Phase 0.018ms
[4.500s][info][gc,phases,start] GC(80) Adjust Roots
[4.500s][info][gc,phases      ] GC(80) Adjust Roots 0.147ms
[4.500s][info][gc,phases,start] GC(80) Compaction Phase
[4.515s][info][gc,phases      ] GC(80) Compaction Phase 15.342ms
[4.515s][info][gc,phases,start] GC(80) Post Compact
[4.517s][info][gc,phases      ] GC(80) Post Compact 1.039ms
[4.517s][info][gc,heap        ] GC(80) PSYoungGen: 42477K(60928K)->42477K(60928K) Eden: 27135K(27136K)->27135K(27136K) From: 15341K(33792K)->15341K(33792K)
[4.517s][info][gc,heap        ] GC(80) ParOldGen: 204579K(204800K)->204579K(204800K)
[4.517s][info][gc,metaspace   ] GC(80) Metaspace: 6302K(6464K)->6302K(6464K) NonClass: 5768K(5824K)->5768K(5824K) Class: 533K(640K)->533K(640K)
[4.517s][info][gc             ] GC(80) Pause Full (Ergonomics) 241M->241M(259M) 74.854ms
[4.517s][info][gc,cpu         ] GC(80) User=0.30s Sys=0.00s Real=0.08s
[4.517s][info][gc,start       ] GC(81) Pause Full (Ergonomics)
[4.517s][info][gc,phases,start] GC(81) Marking Phase
[4.570s][info][gc,phases      ] GC(81) Marking Phase 53.517ms
[4.570s][info][gc,phases,start] GC(81) Summary Phase
[4.570s][info][gc,phases      ] GC(81) Summary Phase 0.016ms
[4.570s][info][gc,phases,start] GC(81) Adjust Roots
[4.571s][info][gc,phases      ] GC(81) Adjust Roots 0.149ms
[4.571s][info][gc,phases,start] GC(81) Compaction Phase
[4.585s][info][gc,phases      ] GC(81) Compaction Phase 14.825ms
[4.586s][info][gc,phases,start] GC(81) Post Compact
[4.586s][info][gc,phases      ] GC(81) Post Compact 0.937ms
[4.587s][info][gc,heap        ] GC(81) PSYoungGen: 42477K(60928K)->42477K(60928K) Eden: 27135K(27136K)->27135K(27136K) From: 15341K(33792K)->15341K(33792K)
[4.587s][info][gc,heap        ] GC(81) ParOldGen: 204584K(204800K)->204584K(204800K)
[4.587s][info][gc,metaspace   ] GC(81) Metaspace: 6302K(6464K)->6302K(6464K) NonClass: 5768K(5824K)->5768K(5824K) Class: 533K(640K)->533K(640K)
[4.587s][info][gc             ] GC(81) Pause Full (Ergonomics) 241M->241M(259M) 69.759ms
[4.587s][info][gc,cpu         ] GC(81) User=0.28s Sys=0.00s Real=0.07s
[4.587s][info][gc,start       ] GC(82) Pause Full (Ergonomics)
[4.587s][info][gc,phases,start] GC(82) Marking Phase
[4.648s][info][gc,phases      ] GC(82) Marking Phase 60.829ms
[4.648s][info][gc,phases,start] GC(82) Summary Phase
[4.648s][info][gc,phases      ] GC(82) Summary Phase 0.018ms
[4.648s][info][gc,phases,start] GC(82) Adjust Roots
[4.648s][info][gc,phases      ] GC(82) Adjust Roots 0.144ms
[4.648s][info][gc,phases,start] GC(82) Compaction Phase
[4.663s][info][gc,phases      ] GC(82) Compaction Phase 15.214ms
[4.663s][info][gc,phases,start] GC(82) Post Compact
[4.664s][info][gc,phases      ] GC(82) Post Compact 0.935ms
[4.664s][info][gc,heap        ] GC(82) PSYoungGen: 42477K(60928K)->42477K(60928K) Eden: 27135K(27136K)->27135K(27136K) From: 15341K(33792K)->15341K(33792K)
[4.664s][info][gc,heap        ] GC(82) ParOldGen: 204588K(204800K)->204588K(204800K)
[4.664s][info][gc,metaspace   ] GC(82) Metaspace: 6302K(6464K)->6302K(6464K) NonClass: 5768K(5824K)->5768K(5824K) Class: 533K(640K)->533K(640K)
[4.664s][info][gc             ] GC(82) Pause Full (Ergonomics) 241M->241M(259M) 77.456ms
[4.664s][info][gc,cpu         ] GC(82) User=0.31s Sys=0.00s Real=0.08s
[4.664s][info][gc,start       ] GC(83) Pause Full (Ergonomics)
[4.664s][info][gc,phases,start] GC(83) Marking Phase
[4.718s][info][gc,phases      ] GC(83) Marking Phase 53.099ms
[4.718s][info][gc,phases,start] GC(83) Summary Phase
[4.718s][info][gc,phases      ] GC(83) Summary Phase 0.017ms
[4.718s][info][gc,phases,start] GC(83) Adjust Roots
[4.718s][info][gc,phases      ] GC(83) Adjust Roots 0.144ms
[4.718s][info][gc,phases,start] GC(83) Compaction Phase
[4.733s][info][gc,phases      ] GC(83) Compaction Phase 15.677ms
[4.734s][info][gc,phases,start] GC(83) Post Compact
[4.734s][info][gc,phases      ] GC(83) Post Compact 0.935ms
[4.735s][info][gc,heap        ] GC(83) PSYoungGen: 42477K(60928K)->42477K(60928K) Eden: 27135K(27136K)->27135K(27136K) From: 15341K(33792K)->15341K(33792K)
[4.735s][info][gc,heap        ] GC(83) ParOldGen: 204593K(204800K)->204593K(204800K)
[4.735s][info][gc,metaspace   ] GC(83) Metaspace: 6302K(6464K)->6302K(6464K) NonClass: 5768K(5824K)->5768K(5824K) Class: 533K(640K)->533K(640K)
[4.735s][info][gc             ] GC(83) Pause Full (Ergonomics) 241M->241M(259M) 70.181ms
[4.735s][info][gc,cpu         ] GC(83) User=0.28s Sys=0.00s Real=0.07s
[4.735s][info][gc,start       ] GC(84) Pause Full (Ergonomics)
[4.735s][info][gc,phases,start] GC(84) Marking Phase
[4.793s][info][gc,phases      ] GC(84) Marking Phase 58.518ms
[4.793s][info][gc,phases,start] GC(84) Summary Phase
[4.793s][info][gc,phases      ] GC(84) Summary Phase 0.016ms
[4.793s][info][gc,phases,start] GC(84) Adjust Roots
[4.794s][info][gc,phases      ] GC(84) Adjust Roots 0.144ms
[4.794s][info][gc,phases,start] GC(84) Compaction Phase
[4.809s][info][gc,phases      ] GC(84) Compaction Phase 15.140ms
[4.809s][info][gc,phases,start] GC(84) Post Compact
[4.810s][info][gc,phases      ] GC(84) Post Compact 0.947ms
[4.810s][info][gc,heap        ] GC(84) PSYoungGen: 42477K(60928K)->42477K(60928K) Eden: 27135K(27136K)->27135K(27136K) From: 15341K(33792K)->15341K(33792K)
[4.810s][info][gc,heap        ] GC(84) ParOldGen: 204598K(204800K)->204598K(204800K)
[4.810s][info][gc,metaspace   ] GC(84) Metaspace: 6302K(6464K)->6302K(6464K) NonClass: 5768K(5824K)->5768K(5824K) Class: 533K(640K)->533K(640K)
[4.810s][info][gc             ] GC(84) Pause Full (Ergonomics) 241M->241M(259M) 75.090ms
[4.810s][info][gc,cpu         ] GC(84) User=0.38s Sys=0.00s Real=0.08s
[4.810s][info][gc,start       ] GC(85) Pause Full (Ergonomics)
[4.810s][info][gc,phases,start] GC(85) Marking Phase
[4.868s][info][gc,phases      ] GC(85) Marking Phase 58.014ms
[4.868s][info][gc,phases,start] GC(85) Summary Phase
[4.868s][info][gc,phases      ] GC(85) Summary Phase 0.016ms
[4.868s][info][gc,phases,start] GC(85) Adjust Roots
[4.868s][info][gc,phases      ] GC(85) Adjust Roots 0.148ms
[4.868s][info][gc,phases,start] GC(85) Compaction Phase
[4.884s][info][gc,phases      ] GC(85) Compaction Phase 15.382ms
[4.884s][info][gc,phases,start] GC(85) Post Compact
[4.885s][info][gc,phases      ] GC(85) Post Compact 0.940ms
[4.885s][info][gc,heap        ] GC(85) PSYoungGen: 42477K(60928K)->42477K(60928K) Eden: 27135K(27136K)->27135K(27136K) From: 15341K(33792K)->15341K(33792K)
[4.885s][info][gc,heap        ] GC(85) ParOldGen: 204602K(204800K)->204602K(204800K)
[4.885s][info][gc,metaspace   ] GC(85) Metaspace: 6302K(6464K)->6302K(6464K) NonClass: 5768K(5824K)->5768K(5824K) Class: 533K(640K)->533K(640K)
[4.885s][info][gc             ] GC(85) Pause Full (Ergonomics) 241M->241M(259M) 74.823ms
[4.885s][info][gc,cpu         ] GC(85) User=0.27s Sys=0.00s Real=0.08s
[4.885s][info][gc,start       ] GC(86) Pause Full (Ergonomics)
[4.885s][info][gc,phases,start] GC(86) Marking Phase
[4.939s][info][gc,phases      ] GC(86) Marking Phase 53.900ms
[4.939s][info][gc,phases,start] GC(86) Summary Phase
[4.939s][info][gc,phases      ] GC(86) Summary Phase 0.018ms
[4.939s][info][gc,phases,start] GC(86) Adjust Roots
[4.939s][info][gc,phases      ] GC(86) Adjust Roots 0.151ms
[4.939s][info][gc,phases,start] GC(86) Compaction Phase
[4.958s][info][gc,phases      ] GC(86) Compaction Phase 18.451ms
[4.958s][info][gc,phases,start] GC(86) Post Compact
[4.959s][info][gc,phases      ] GC(86) Post Compact 0.970ms
[4.959s][info][gc,heap        ] GC(86) PSYoungGen: 42477K(60928K)->42477K(60928K) Eden: 27135K(27136K)->27135K(27136K) From: 15341K(33792K)->15341K(33792K)
[4.959s][info][gc,heap        ] GC(86) ParOldGen: 204607K(204800K)->204607K(204800K)
[4.959s][info][gc,metaspace   ] GC(86) Metaspace: 6302K(6464K)->6302K(6464K) NonClass: 5768K(5824K)->5768K(5824K) Class: 533K(640K)->533K(640K)
[4.959s][info][gc             ] GC(86) Pause Full (Ergonomics) 241M->241M(259M) 73.830ms
[4.959s][info][gc,cpu         ] GC(86) User=0.38s Sys=0.00s Real=0.07s
[4.959s][info][gc,start       ] GC(87) Pause Full (Ergonomics)
[4.959s][info][gc,phases,start] GC(87) Marking Phase
[5.018s][info][gc,phases      ] GC(87) Marking Phase 58.488ms
[5.018s][info][gc,phases,start] GC(87) Summary Phase
[5.018s][info][gc,phases      ] GC(87) Summary Phase 0.018ms
[5.018s][info][gc,phases,start] GC(87) Adjust Roots
[5.018s][info][gc,phases      ] GC(87) Adjust Roots 0.142ms
[5.018s][info][gc,phases,start] GC(87) Compaction Phase
[5.033s][info][gc,phases      ] GC(87) Compaction Phase 15.179ms
[5.033s][info][gc,phases,start] GC(87) Post Compact
[5.034s][info][gc,phases      ] GC(87) Post Compact 0.928ms
[5.034s][info][gc,heap        ] GC(87) PSYoungGen: 42477K(60928K)->42477K(60928K) Eden: 27135K(27136K)->27135K(27136K) From: 15341K(33792K)->15341K(33792K)
[5.034s][info][gc,heap        ] GC(87) ParOldGen: 204612K(204800K)->204612K(204800K)
[5.034s][info][gc,metaspace   ] GC(87) Metaspace: 6302K(6464K)->6302K(6464K) NonClass: 5768K(5824K)->5768K(5824K) Class: 533K(640K)->533K(640K)
[5.034s][info][gc             ] GC(87) Pause Full (Ergonomics) 241M->241M(259M) 75.075ms
[5.034s][info][gc,cpu         ] GC(87) User=0.31s Sys=0.00s Real=0.08s
[5.034s][info][gc,start       ] GC(88) Pause Full (Ergonomics)
[5.034s][info][gc,phases,start] GC(88) Marking Phase
[5.093s][info][gc,phases      ] GC(88) Marking Phase 58.243ms
[5.093s][info][gc,phases,start] GC(88) Summary Phase
[5.093s][info][gc,phases      ] GC(88) Summary Phase 0.018ms
[5.093s][info][gc,phases,start] GC(88) Adjust Roots
[5.093s][info][gc,phases      ] GC(88) Adjust Roots 0.141ms
[5.093s][info][gc,phases,start] GC(88) Compaction Phase
[5.108s][info][gc,phases      ] GC(88) Compaction Phase 15.289ms
[5.108s][info][gc,phases,start] GC(88) Post Compact
[5.109s][info][gc,phases      ] GC(88) Post Compact 0.935ms
[5.109s][info][gc,heap        ] GC(88) PSYoungGen: 42477K(60928K)->42477K(60928K) Eden: 27135K(27136K)->27135K(27136K) From: 15341K(33792K)->15341K(33792K)
[5.109s][info][gc,heap        ] GC(88) ParOldGen: 204616K(204800K)->204616K(204800K)
[5.109s][info][gc,metaspace   ] GC(88) Metaspace: 6302K(6464K)->6302K(6464K) NonClass: 5768K(5824K)->5768K(5824K) Class: 533K(640K)->533K(640K)
[5.109s][info][gc             ] GC(88) Pause Full (Ergonomics) 241M->241M(259M) 74.942ms
[5.109s][info][gc,cpu         ] GC(88) User=0.28s Sys=0.00s Real=0.08s
[5.109s][info][gc,start       ] GC(89) Pause Full (Ergonomics)
[5.109s][info][gc,phases,start] GC(89) Marking Phase
[5.166s][info][gc,phases      ] GC(89) Marking Phase 56.427ms
[5.166s][info][gc,phases,start] GC(89) Summary Phase
[5.166s][info][gc,phases      ] GC(89) Summary Phase 0.018ms
[5.166s][info][gc,phases,start] GC(89) Adjust Roots
[5.166s][info][gc,phases      ] GC(89) Adjust Roots 0.147ms
[5.166s][info][gc,phases,start] GC(89) Compaction Phase
[5.181s][info][gc,phases      ] GC(89) Compaction Phase 15.149ms
[5.181s][info][gc,phases,start] GC(89) Post Compact
[5.182s][info][gc,phases      ] GC(89) Post Compact 0.978ms
[5.182s][info][gc,heap        ] GC(89) PSYoungGen: 42477K(60928K)->42477K(60928K) Eden: 27135K(27136K)->27135K(27136K) From: 15341K(33792K)->15341K(33792K)
[5.182s][info][gc,heap        ] GC(89) ParOldGen: 204621K(204800K)->204621K(204800K)
[5.182s][info][gc,metaspace   ] GC(89) Metaspace: 6302K(6464K)->6302K(6464K) NonClass: 5768K(5824K)->5768K(5824K) Class: 533K(640K)->533K(640K)
[5.183s][info][gc             ] GC(89) Pause Full (Ergonomics) 241M->241M(259M) 73.040ms
[5.183s][info][gc,cpu         ] GC(89) User=0.38s Sys=0.00s Real=0.07s
[5.183s][info][gc,start       ] GC(90) Pause Full (Ergonomics)
[5.183s][info][gc,phases,start] GC(90) Marking Phase
[5.241s][info][gc,phases      ] GC(90) Marking Phase 57.829ms
[5.241s][info][gc,phases,start] GC(90) Summary Phase
[5.241s][info][gc,phases      ] GC(90) Summary Phase 0.018ms
[5.241s][info][gc,phases,start] GC(90) Adjust Roots
[5.241s][info][gc,phases      ] GC(90) Adjust Roots 0.154ms
[5.241s][info][gc,phases,start] GC(90) Compaction Phase
[5.256s][info][gc,phases      ] GC(90) Compaction Phase 15.566ms
[5.256s][info][gc,phases,start] GC(90) Post Compact
[5.257s][info][gc,phases      ] GC(90) Post Compact 1.016ms
[5.258s][info][gc,heap        ] GC(90) PSYoungGen: 42477K(60928K)->42477K(60928K) Eden: 27135K(27136K)->27135K(27136K) From: 15341K(33792K)->15341K(33792K)
[5.258s][info][gc,heap        ] GC(90) ParOldGen: 204626K(204800K)->204626K(204800K)
[5.258s][info][gc,metaspace   ] GC(90) Metaspace: 6302K(6464K)->6302K(6464K) NonClass: 5768K(5824K)->5768K(5824K) Class: 533K(640K)->533K(640K)
[5.258s][info][gc             ] GC(90) Pause Full (Ergonomics) 241M->241M(259M) 74.903ms
[5.258s][info][gc,cpu         ] GC(90) User=0.28s Sys=0.00s Real=0.07s
[5.258s][info][gc,start       ] GC(91) Pause Full (Ergonomics)
[5.258s][info][gc,phases,start] GC(91) Marking Phase
[5.317s][info][gc,phases      ] GC(91) Marking Phase 58.817ms
[5.317s][info][gc,phases,start] GC(91) Summary Phase
[5.317s][info][gc,phases      ] GC(91) Summary Phase 0.018ms
[5.317s][info][gc,phases,start] GC(91) Adjust Roots
[5.317s][info][gc,phases      ] GC(91) Adjust Roots 0.149ms
[5.317s][info][gc,phases,start] GC(91) Compaction Phase
[5.336s][info][gc,phases      ] GC(91) Compaction Phase 18.908ms
[5.336s][info][gc,phases,start] GC(91) Post Compact
[5.337s][info][gc,phases      ] GC(91) Post Compact 0.916ms
[5.337s][info][gc,heap        ] GC(91) PSYoungGen: 42477K(60928K)->42477K(60928K) Eden: 27135K(27136K)->27135K(27136K) From: 15341K(33792K)->15341K(33792K)
[5.337s][info][gc,heap        ] GC(91) ParOldGen: 204630K(204800K)->204630K(204800K)
[5.337s][info][gc,metaspace   ] GC(91) Metaspace: 6302K(6464K)->6302K(6464K) NonClass: 5768K(5824K)->5768K(5824K) Class: 533K(640K)->533K(640K)
[5.337s][info][gc             ] GC(91) Pause Full (Ergonomics) 241M->241M(259M) 79.162ms
[5.337s][info][gc,cpu         ] GC(91) User=0.36s Sys=0.00s Real=0.08s
[5.337s][info][gc,start       ] GC(92) Pause Full (Ergonomics)
[5.337s][info][gc,phases,start] GC(92) Marking Phase
[5.389s][info][gc,phases      ] GC(92) Marking Phase 52.311ms
[5.390s][info][gc,phases,start] GC(92) Summary Phase
[5.390s][info][gc,phases      ] GC(92) Summary Phase 0.022ms
[5.390s][info][gc,phases,start] GC(92) Adjust Roots
[5.390s][info][gc,phases      ] GC(92) Adjust Roots 0.145ms
[5.390s][info][gc,phases,start] GC(92) Compaction Phase
[5.405s][info][gc,phases      ] GC(92) Compaction Phase 15.202ms
[5.405s][info][gc,phases,start] GC(92) Post Compact
[5.406s][info][gc,phases      ] GC(92) Post Compact 0.930ms
[5.406s][info][gc,heap        ] GC(92) PSYoungGen: 42477K(60928K)->42477K(60928K) Eden: 27135K(27136K)->27135K(27136K) From: 15341K(33792K)->15341K(33792K)
[5.406s][info][gc,heap        ] GC(92) ParOldGen: 204635K(204800K)->204635K(204800K)
[5.406s][info][gc,metaspace   ] GC(92) Metaspace: 6302K(6464K)->6302K(6464K) NonClass: 5768K(5824K)->5768K(5824K) Class: 533K(640K)->533K(640K)
[5.406s][info][gc             ] GC(92) Pause Full (Ergonomics) 241M->241M(259M) 68.928ms
[5.406s][info][gc,cpu         ] GC(92) User=0.28s Sys=0.00s Real=0.07s
[5.406s][info][gc,start       ] GC(93) Pause Full (Ergonomics)
[5.406s][info][gc,phases,start] GC(93) Marking Phase
[5.456s][info][gc,phases      ] GC(93) Marking Phase 50.098ms
[5.456s][info][gc,phases,start] GC(93) Summary Phase
[5.456s][info][gc,phases      ] GC(93) Summary Phase 0.018ms
[5.456s][info][gc,phases,start] GC(93) Adjust Roots
[5.457s][info][gc,phases      ] GC(93) Adjust Roots 0.147ms
[5.457s][info][gc,phases,start] GC(93) Compaction Phase
[5.472s][info][gc,phases      ] GC(93) Compaction Phase 15.215ms
[5.472s][info][gc,phases,start] GC(93) Post Compact
[5.473s][info][gc,phases      ] GC(93) Post Compact 0.938ms
[5.473s][info][gc,heap        ] GC(93) PSYoungGen: 42477K(60928K)->42477K(60928K) Eden: 27135K(27136K)->27135K(27136K) From: 15341K(33792K)->15341K(33792K)
[5.473s][info][gc,heap        ] GC(93) ParOldGen: 204640K(204800K)->204640K(204800K)
[5.473s][info][gc,metaspace   ] GC(93) Metaspace: 6302K(6464K)->6302K(6464K) NonClass: 5768K(5824K)->5768K(5824K) Class: 533K(640K)->533K(640K)
[5.473s][info][gc             ] GC(93) Pause Full (Ergonomics) 241M->241M(259M) 66.741ms
[5.473s][info][gc,cpu         ] GC(93) User=0.39s Sys=0.00s Real=0.07s
[5.473s][info][gc,start       ] GC(94) Pause Full (Ergonomics)
[5.473s][info][gc,phases,start] GC(94) Marking Phase
[5.529s][info][gc,phases      ] GC(94) Marking Phase 55.810ms
[5.529s][info][gc,phases,start] GC(94) Summary Phase
[5.529s][info][gc,phases      ] GC(94) Summary Phase 0.018ms
[5.529s][info][gc,phases,start] GC(94) Adjust Roots
[5.529s][info][gc,phases      ] GC(94) Adjust Roots 0.155ms
[5.529s][info][gc,phases,start] GC(94) Compaction Phase
[5.547s][info][gc,phases      ] GC(94) Compaction Phase 17.809ms
[5.547s][info][gc,phases,start] GC(94) Post Compact
[5.548s][info][gc,phases      ] GC(94) Post Compact 0.949ms
[5.548s][info][gc,heap        ] GC(94) PSYoungGen: 42477K(60928K)->42477K(60928K) Eden: 27135K(27136K)->27135K(27136K) From: 15341K(33792K)->15341K(33792K)
[5.548s][info][gc,heap        ] GC(94) ParOldGen: 204644K(204800K)->204644K(204800K)
[5.548s][info][gc,metaspace   ] GC(94) Metaspace: 6302K(6464K)->6302K(6464K) NonClass: 5768K(5824K)->5768K(5824K) Class: 533K(640K)->533K(640K)
[5.548s][info][gc             ] GC(94) Pause Full (Ergonomics) 241M->241M(259M) 75.050ms
[5.548s][info][gc,cpu         ] GC(94) User=0.31s Sys=0.00s Real=0.08s
[5.548s][info][gc,start       ] GC(95) Pause Full (Ergonomics)
[5.548s][info][gc,phases,start] GC(95) Marking Phase
[5.603s][info][gc,phases      ] GC(95) Marking Phase 54.236ms
[5.603s][info][gc,phases,start] GC(95) Summary Phase
[5.603s][info][gc,phases      ] GC(95) Summary Phase 0.018ms
[5.603s][info][gc,phases,start] GC(95) Adjust Roots
[5.603s][info][gc,phases      ] GC(95) Adjust Roots 0.137ms
[5.603s][info][gc,phases,start] GC(95) Compaction Phase
[5.619s][info][gc,phases      ] GC(95) Compaction Phase 16.084ms
[5.619s][info][gc,phases,start] GC(95) Post Compact
[5.620s][info][gc,phases      ] GC(95) Post Compact 0.943ms
[5.620s][info][gc,heap        ] GC(95) PSYoungGen: 42477K(60928K)->42477K(60928K) Eden: 27135K(27136K)->27135K(27136K) From: 15341K(33792K)->15341K(33792K)
[5.620s][info][gc,heap        ] GC(95) ParOldGen: 204649K(204800K)->204649K(204800K)
[5.620s][info][gc,metaspace   ] GC(95) Metaspace: 6302K(6464K)->6302K(6464K) NonClass: 5768K(5824K)->5768K(5824K) Class: 533K(640K)->533K(640K)
[5.620s][info][gc             ] GC(95) Pause Full (Ergonomics) 241M->241M(259M) 71.735ms
[5.620s][info][gc,cpu         ] GC(95) User=0.28s Sys=0.00s Real=0.07s
[5.620s][info][gc,start       ] GC(96) Pause Full (Ergonomics)
[5.620s][info][gc,phases,start] GC(96) Marking Phase
[5.681s][info][gc,phases      ] GC(96) Marking Phase 60.220ms
[5.681s][info][gc,phases,start] GC(96) Summary Phase
[5.681s][info][gc,phases      ] GC(96) Summary Phase 0.017ms
[5.681s][info][gc,phases,start] GC(96) Adjust Roots
[5.681s][info][gc,phases      ] GC(96) Adjust Roots 0.140ms
[5.681s][info][gc,phases,start] GC(96) Compaction Phase
[5.699s][info][gc,phases      ] GC(96) Compaction Phase 18.081ms
[5.699s][info][gc,phases,start] GC(96) Post Compact
[5.700s][info][gc,phases      ] GC(96) Post Compact 1.002ms
[5.700s][info][gc,heap        ] GC(96) PSYoungGen: 42477K(60928K)->42477K(60928K) Eden: 27135K(27136K)->27135K(27136K) From: 15341K(33792K)->15341K(33792K)
[5.700s][info][gc,heap        ] GC(96) ParOldGen: 204654K(204800K)->204654K(204800K)
[5.700s][info][gc,metaspace   ] GC(96) Metaspace: 6302K(6464K)->6302K(6464K) NonClass: 5768K(5824K)->5768K(5824K) Class: 533K(640K)->533K(640K)
[5.700s][info][gc             ] GC(96) Pause Full (Ergonomics) 241M->241M(259M) 79.796ms
[5.700s][info][gc,cpu         ] GC(96) User=0.33s Sys=0.00s Real=0.08s
[5.700s][info][gc,start       ] GC(97) Pause Full (Ergonomics)
[5.700s][info][gc,phases,start] GC(97) Marking Phase
[5.757s][info][gc,phases      ] GC(97) Marking Phase 56.431ms
[5.757s][info][gc,phases,start] GC(97) Summary Phase
[5.757s][info][gc,phases      ] GC(97) Summary Phase 0.017ms
[5.757s][info][gc,phases,start] GC(97) Adjust Roots
[5.757s][info][gc,phases      ] GC(97) Adjust Roots 0.142ms
[5.757s][info][gc,phases,start] GC(97) Compaction Phase
[5.775s][info][gc,phases      ] GC(97) Compaction Phase 17.971ms
[5.775s][info][gc,phases,start] GC(97) Post Compact
[5.776s][info][gc,phases      ] GC(97) Post Compact 1.039ms
[5.776s][info][gc,heap        ] GC(97) PSYoungGen: 42477K(60928K)->42477K(60928K) Eden: 27135K(27136K)->27135K(27136K) From: 15341K(33792K)->15341K(33792K)
[5.776s][info][gc,heap        ] GC(97) ParOldGen: 204658K(204800K)->204658K(204800K)
[5.776s][info][gc,metaspace   ] GC(97) Metaspace: 6302K(6464K)->6302K(6464K) NonClass: 5768K(5824K)->5768K(5824K) Class: 533K(640K)->533K(640K)
[5.776s][info][gc             ] GC(97) Pause Full (Ergonomics) 241M->241M(259M) 75.955ms
[5.776s][info][gc,cpu         ] GC(97) User=0.22s Sys=0.00s Real=0.08s
[5.777s][info][gc,start       ] GC(98) Pause Full (Ergonomics)
[5.777s][info][gc,phases,start] GC(98) Marking Phase
[5.837s][info][gc,phases      ] GC(98) Marking Phase 60.302ms
[5.837s][info][gc,phases,start] GC(98) Summary Phase
[5.837s][info][gc,phases      ] GC(98) Summary Phase 0.024ms
[5.837s][info][gc,phases,start] GC(98) Adjust Roots
[5.837s][info][gc,phases      ] GC(98) Adjust Roots 0.147ms
[5.837s][info][gc,phases,start] GC(98) Compaction Phase
[5.855s][info][gc,phases      ] GC(98) Compaction Phase 18.170ms
[5.855s][info][gc,phases,start] GC(98) Post Compact
[5.856s][info][gc,phases      ] GC(98) Post Compact 1.089ms
[5.857s][info][gc,heap        ] GC(98) PSYoungGen: 42477K(60928K)->42477K(60928K) Eden: 27135K(27136K)->27135K(27136K) From: 15341K(33792K)->15341K(33792K)
[5.857s][info][gc,heap        ] GC(98) ParOldGen: 204663K(204800K)->204663K(204800K)
[5.857s][info][gc,metaspace   ] GC(98) Metaspace: 6302K(6464K)->6302K(6464K) NonClass: 5768K(5824K)->5768K(5824K) Class: 533K(640K)->533K(640K)
[5.857s][info][gc             ] GC(98) Pause Full (Ergonomics) 241M->241M(259M) 80.082ms
[5.857s][info][gc,cpu         ] GC(98) User=0.31s Sys=0.00s Real=0.08s
[5.857s][info][gc,start       ] GC(99) Pause Full (Ergonomics)
[5.857s][info][gc,phases,start] GC(99) Marking Phase
[5.916s][info][gc,phases      ] GC(99) Marking Phase 58.874ms
[5.916s][info][gc,phases,start] GC(99) Summary Phase
[5.916s][info][gc,phases      ] GC(99) Summary Phase 0.017ms
[5.916s][info][gc,phases,start] GC(99) Adjust Roots
[5.916s][info][gc,phases      ] GC(99) Adjust Roots 0.144ms
[5.916s][info][gc,phases,start] GC(99) Compaction Phase
[5.933s][info][gc,phases      ] GC(99) Compaction Phase 17.137ms
[5.933s][info][gc,phases,start] GC(99) Post Compact
[5.934s][info][gc,phases      ] GC(99) Post Compact 1.043ms
[5.934s][info][gc,heap        ] GC(99) PSYoungGen: 42477K(60928K)->42477K(60928K) Eden: 27135K(27136K)->27135K(27136K) From: 15341K(33792K)->15341K(33792K)
[5.934s][info][gc,heap        ] GC(99) ParOldGen: 204668K(204800K)->204668K(204800K)
[5.934s][info][gc,metaspace   ] GC(99) Metaspace: 6302K(6464K)->6302K(6464K) NonClass: 5768K(5824K)->5768K(5824K) Class: 533K(640K)->533K(640K)
[5.934s][info][gc             ] GC(99) Pause Full (Ergonomics) 241M->241M(259M) 77.530ms
[5.934s][info][gc,cpu         ] GC(99) User=0.28s Sys=0.00s Real=0.08s
[5.935s][info][gc,start       ] GC(100) Pause Full (Ergonomics)
[5.935s][info][gc,phases,start] GC(100) Marking Phase
[5.994s][info][gc,phases      ] GC(100) Marking Phase 59.260ms
[5.994s][info][gc,phases,start] GC(100) Summary Phase
[5.994s][info][gc,phases      ] GC(100) Summary Phase 0.019ms
[5.994s][info][gc,phases,start] GC(100) Adjust Roots
[5.994s][info][gc,phases      ] GC(100) Adjust Roots 0.148ms
[5.994s][info][gc,phases,start] GC(100) Compaction Phase
[6.013s][info][gc,phases      ] GC(100) Compaction Phase 18.590ms
[6.013s][info][gc,phases,start] GC(100) Post Compact
[6.014s][info][gc,phases      ] GC(100) Post Compact 1.295ms
[6.014s][info][gc,heap        ] GC(100) PSYoungGen: 42477K(60928K)->42477K(60928K) Eden: 27135K(27136K)->27135K(27136K) From: 15341K(33792K)->15341K(33792K)
[6.014s][info][gc,heap        ] GC(100) ParOldGen: 204672K(204800K)->204672K(204800K)
[6.014s][info][gc,metaspace   ] GC(100) Metaspace: 6302K(6464K)->6302K(6464K) NonClass: 5768K(5824K)->5768K(5824K) Class: 533K(640K)->533K(640K)
[6.014s][info][gc             ] GC(100) Pause Full (Ergonomics) 241M->241M(259M) 79.661ms
[6.014s][info][gc,cpu         ] GC(100) User=0.36s Sys=0.00s Real=0.08s
[6.014s][info][gc,start       ] GC(101) Pause Full (Ergonomics)
[6.014s][info][gc,phases,start] GC(101) Marking Phase
[6.073s][info][gc,phases      ] GC(101) Marking Phase 59.049ms
[6.074s][info][gc,phases,start] GC(101) Summary Phase
[6.074s][info][gc,phases      ] GC(101) Summary Phase 0.017ms
[6.074s][info][gc,phases,start] GC(101) Adjust Roots
[6.074s][info][gc,phases      ] GC(101) Adjust Roots 0.151ms
[6.074s][info][gc,phases,start] GC(101) Compaction Phase
[6.089s][info][gc,phases      ] GC(101) Compaction Phase 15.330ms
[6.089s][info][gc,phases,start] GC(101) Post Compact
[6.090s][info][gc,phases      ] GC(101) Post Compact 0.936ms
[6.090s][info][gc,heap        ] GC(101) PSYoungGen: 42477K(60928K)->42477K(60928K) Eden: 27135K(27136K)->27135K(27136K) From: 15341K(33792K)->15341K(33792K)
[6.090s][info][gc,heap        ] GC(101) ParOldGen: 204677K(204800K)->204677K(204800K)
[6.090s][info][gc,metaspace   ] GC(101) Metaspace: 6302K(6464K)->6302K(6464K) NonClass: 5768K(5824K)->5768K(5824K) Class: 533K(640K)->533K(640K)
[6.090s][info][gc             ] GC(101) Pause Full (Ergonomics) 241M->241M(259M) 75.815ms
[6.090s][info][gc,cpu         ] GC(101) User=0.27s Sys=0.00s Real=0.08s
[6.090s][info][gc,start       ] GC(102) Pause Full (Ergonomics)
[6.090s][info][gc,phases,start] GC(102) Marking Phase
[6.150s][info][gc,phases      ] GC(102) Marking Phase 59.105ms
[6.150s][info][gc,phases,start] GC(102) Summary Phase
[6.150s][info][gc,phases      ] GC(102) Summary Phase 0.018ms
[6.150s][info][gc,phases,start] GC(102) Adjust Roots
[6.150s][info][gc,phases      ] GC(102) Adjust Roots 0.154ms
[6.150s][info][gc,phases,start] GC(102) Compaction Phase
[6.165s][info][gc,phases      ] GC(102) Compaction Phase 15.543ms
[6.165s][info][gc,phases,start] GC(102) Post Compact
[6.166s][info][gc,phases      ] GC(102) Post Compact 0.912ms
[6.166s][info][gc,heap        ] GC(102) PSYoungGen: 42477K(60928K)->42477K(60928K) Eden: 27135K(27136K)->27135K(27136K) From: 15341K(33792K)->15341K(33792K)
[6.166s][info][gc,heap        ] GC(102) ParOldGen: 204682K(204800K)->204682K(204800K)
[6.166s][info][gc,metaspace   ] GC(102) Metaspace: 6302K(6464K)->6302K(6464K) NonClass: 5768K(5824K)->5768K(5824K) Class: 533K(640K)->533K(640K)
[6.166s][info][gc             ] GC(102) Pause Full (Ergonomics) 241M->241M(259M) 76.034ms
[6.166s][info][gc,cpu         ] GC(102) User=0.28s Sys=0.00s Real=0.08s
[6.167s][info][gc,start       ] GC(103) Pause Full (Ergonomics)
[6.167s][info][gc,phases,start] GC(103) Marking Phase
[6.222s][info][gc,phases      ] GC(103) Marking Phase 55.238ms
[6.222s][info][gc,phases,start] GC(103) Summary Phase
[6.222s][info][gc,phases      ] GC(103) Summary Phase 0.017ms
[6.222s][info][gc,phases,start] GC(103) Adjust Roots
[6.222s][info][gc,phases      ] GC(103) Adjust Roots 0.153ms
[6.222s][info][gc,phases,start] GC(103) Compaction Phase
[6.238s][info][gc,phases      ] GC(103) Compaction Phase 15.438ms
[6.238s][info][gc,phases,start] GC(103) Post Compact
[6.239s][info][gc,phases      ] GC(103) Post Compact 1.067ms
[6.239s][info][gc,heap        ] GC(103) PSYoungGen: 42477K(60928K)->42477K(60928K) Eden: 27135K(27136K)->27135K(27136K) From: 15341K(33792K)->15341K(33792K)
[6.239s][info][gc,heap        ] GC(103) ParOldGen: 204686K(204800K)->204686K(204800K)
[6.239s][info][gc,metaspace   ] GC(103) Metaspace: 6302K(6464K)->6302K(6464K) NonClass: 5768K(5824K)->5768K(5824K) Class: 533K(640K)->533K(640K)
[6.239s][info][gc             ] GC(103) Pause Full (Ergonomics) 241M->241M(259M) 72.232ms
[6.239s][info][gc,cpu         ] GC(103) User=0.30s Sys=0.00s Real=0.07s
[6.239s][info][gc,start       ] GC(104) Pause Full (Ergonomics)
[6.239s][info][gc,phases,start] GC(104) Marking Phase
[6.297s][info][gc,phases      ] GC(104) Marking Phase 57.567ms
[6.297s][info][gc,phases,start] GC(104) Summary Phase
[6.297s][info][gc,phases      ] GC(104) Summary Phase 0.017ms
[6.297s][info][gc,phases,start] GC(104) Adjust Roots
[6.297s][info][gc,phases      ] GC(104) Adjust Roots 0.152ms
[6.297s][info][gc,phases,start] GC(104) Compaction Phase
[6.312s][info][gc,phases      ] GC(104) Compaction Phase 15.315ms
[6.312s][info][gc,phases,start] GC(104) Post Compact
[6.313s][info][gc,phases      ] GC(104) Post Compact 0.931ms
[6.313s][info][gc,heap        ] GC(104) PSYoungGen: 42477K(60928K)->42477K(60928K) Eden: 27135K(27136K)->27135K(27136K) From: 15341K(33792K)->15341K(33792K)
[6.313s][info][gc,heap        ] GC(104) ParOldGen: 204691K(204800K)->204691K(204800K)
[6.313s][info][gc,metaspace   ] GC(104) Metaspace: 6302K(6464K)->6302K(6464K) NonClass: 5768K(5824K)->5768K(5824K) Class: 533K(640K)->533K(640K)
[6.313s][info][gc             ] GC(104) Pause Full (Ergonomics) 241M->241M(259M) 74.285ms
[6.313s][info][gc,cpu         ] GC(104) User=0.27s Sys=0.00s Real=0.07s
[6.313s][info][gc,start       ] GC(105) Pause Full (Ergonomics)
[6.314s][info][gc,phases,start] GC(105) Marking Phase
[6.372s][info][gc,phases      ] GC(105) Marking Phase 58.436ms
[6.372s][info][gc,phases,start] GC(105) Summary Phase
[6.372s][info][gc,phases      ] GC(105) Summary Phase 0.018ms
[6.372s][info][gc,phases,start] GC(105) Adjust Roots
[6.372s][info][gc,phases      ] GC(105) Adjust Roots 0.150ms
[6.372s][info][gc,phases,start] GC(105) Compaction Phase
[6.388s][info][gc,phases      ] GC(105) Compaction Phase 16.191ms
[6.388s][info][gc,phases,start] GC(105) Post Compact
[6.389s][info][gc,phases      ] GC(105) Post Compact 0.939ms
[6.389s][info][gc,heap        ] GC(105) PSYoungGen: 42477K(60928K)->42477K(60928K) Eden: 27135K(27136K)->27135K(27136K) From: 15341K(33792K)->15341K(33792K)
[6.390s][info][gc,heap        ] GC(105) ParOldGen: 204696K(204800K)->204696K(204800K)
[6.390s][info][gc,metaspace   ] GC(105) Metaspace: 6302K(6464K)->6302K(6464K) NonClass: 5768K(5824K)->5768K(5824K) Class: 533K(640K)->533K(640K)
[6.390s][info][gc             ] GC(105) Pause Full (Ergonomics) 241M->241M(259M) 76.064ms
[6.390s][info][gc,cpu         ] GC(105) User=0.30s Sys=0.00s Real=0.08s
[6.390s][info][gc,start       ] GC(106) Pause Full (Ergonomics)
[6.390s][info][gc,phases,start] GC(106) Marking Phase
[6.452s][info][gc,phases      ] GC(106) Marking Phase 62.212ms
[6.452s][info][gc,phases,start] GC(106) Summary Phase
[6.452s][info][gc,phases      ] GC(106) Summary Phase 0.021ms
[6.452s][info][gc,phases,start] GC(106) Adjust Roots
[6.452s][info][gc,phases      ] GC(106) Adjust Roots 0.149ms
[6.452s][info][gc,phases,start] GC(106) Compaction Phase
[6.471s][info][gc,phases      ] GC(106) Compaction Phase 19.013ms
[6.471s][info][gc,phases,start] GC(106) Post Compact
[6.472s][info][gc,phases      ] GC(106) Post Compact 1.096ms
[6.472s][info][gc,heap        ] GC(106) PSYoungGen: 42477K(60928K)->42477K(60928K) Eden: 27135K(27136K)->27135K(27136K) From: 15341K(33792K)->15341K(33792K)
[6.472s][info][gc,heap        ] GC(106) ParOldGen: 204700K(204800K)->204700K(204800K)
[6.472s][info][gc,metaspace   ] GC(106) Metaspace: 6302K(6464K)->6302K(6464K) NonClass: 5768K(5824K)->5768K(5824K) Class: 533K(640K)->533K(640K)
[6.473s][info][gc             ] GC(106) Pause Full (Ergonomics) 241M->241M(259M) 82.815ms
[6.473s][info][gc,cpu         ] GC(106) User=0.39s Sys=0.00s Real=0.08s
[6.473s][info][gc,start       ] GC(107) Pause Full (Ergonomics)
[6.473s][info][gc,phases,start] GC(107) Marking Phase
[6.532s][info][gc,phases      ] GC(107) Marking Phase 59.680ms
[6.532s][info][gc,phases,start] GC(107) Summary Phase
[6.533s][info][gc,phases      ] GC(107) Summary Phase 0.021ms
[6.533s][info][gc,phases,start] GC(107) Adjust Roots
[6.533s][info][gc,phases      ] GC(107) Adjust Roots 0.148ms
[6.533s][info][gc,phases,start] GC(107) Compaction Phase
[6.550s][info][gc,phases      ] GC(107) Compaction Phase 16.921ms
[6.550s][info][gc,phases,start] GC(107) Post Compact
[6.551s][info][gc,phases      ] GC(107) Post Compact 0.936ms
[6.551s][info][gc,heap        ] GC(107) PSYoungGen: 42477K(60928K)->42477K(60928K) Eden: 27135K(27136K)->27135K(27136K) From: 15341K(33792K)->15341K(33792K)
[6.551s][info][gc,heap        ] GC(107) ParOldGen: 204705K(204800K)->204705K(204800K)
[6.551s][info][gc,metaspace   ] GC(107) Metaspace: 6302K(6464K)->6302K(6464K) NonClass: 5768K(5824K)->5768K(5824K) Class: 533K(640K)->533K(640K)
[6.551s][info][gc             ] GC(107) Pause Full (Ergonomics) 241M->241M(259M) 78.017ms
[6.551s][info][gc,cpu         ] GC(107) User=0.30s Sys=0.00s Real=0.08s
[6.551s][info][gc,start       ] GC(108) Pause Full (Ergonomics)
[6.551s][info][gc,phases,start] GC(108) Marking Phase
[6.612s][info][gc,phases      ] GC(108) Marking Phase 60.713ms
[6.612s][info][gc,phases,start] GC(108) Summary Phase
[6.612s][info][gc,phases      ] GC(108) Summary Phase 0.017ms
[6.612s][info][gc,phases,start] GC(108) Adjust Roots
[6.612s][info][gc,phases      ] GC(108) Adjust Roots 0.148ms
[6.612s][info][gc,phases,start] GC(108) Compaction Phase
[6.627s][info][gc,phases      ] GC(108) Compaction Phase 15.139ms
[6.627s][info][gc,phases,start] GC(108) Post Compact
[6.628s][info][gc,phases      ] GC(108) Post Compact 0.916ms
[6.628s][info][gc,heap        ] GC(108) PSYoungGen: 42477K(60928K)->42477K(60928K) Eden: 27135K(27136K)->27135K(27136K) From: 15341K(33792K)->15341K(33792K)
[6.628s][info][gc,heap        ] GC(108) ParOldGen: 204710K(204800K)->204710K(204800K)
[6.628s][info][gc,metaspace   ] GC(108) Metaspace: 6302K(6464K)->6302K(6464K) NonClass: 5768K(5824K)->5768K(5824K) Class: 533K(640K)->533K(640K)
[6.628s][info][gc             ] GC(108) Pause Full (Ergonomics) 241M->241M(259M) 77.252ms
[6.628s][info][gc,cpu         ] GC(108) User=0.31s Sys=0.00s Real=0.08s
[6.628s][info][gc,start       ] GC(109) Pause Full (Ergonomics)
[6.628s][info][gc,phases,start] GC(109) Marking Phase
[6.686s][info][gc,phases      ] GC(109) Marking Phase 57.772ms
[6.686s][info][gc,phases,start] GC(109) Summary Phase
[6.686s][info][gc,phases      ] GC(109) Summary Phase 0.017ms
[6.686s][info][gc,phases,start] GC(109) Adjust Roots
[6.686s][info][gc,phases      ] GC(109) Adjust Roots 0.140ms
[6.686s][info][gc,phases,start] GC(109) Compaction Phase
[6.702s][info][gc,phases      ] GC(109) Compaction Phase 15.167ms
[6.702s][info][gc,phases,start] GC(109) Post Compact
[6.703s][info][gc,phases      ] GC(109) Post Compact 0.929ms
[6.703s][info][gc,heap        ] GC(109) PSYoungGen: 42477K(60928K)->42477K(60928K) Eden: 27135K(27136K)->27135K(27136K) From: 15341K(33792K)->15341K(33792K)
[6.703s][info][gc,heap        ] GC(109) ParOldGen: 204714K(204800K)->204714K(204800K)
[6.703s][info][gc,metaspace   ] GC(109) Metaspace: 6302K(6464K)->6302K(6464K) NonClass: 5768K(5824K)->5768K(5824K) Class: 533K(640K)->533K(640K)
[6.703s][info][gc             ] GC(109) Pause Full (Ergonomics) 241M->241M(259M) 74.345ms
[6.703s][info][gc,cpu         ] GC(109) User=0.28s Sys=0.00s Real=0.07s
[6.703s][info][gc,start       ] GC(110) Pause Full (Ergonomics)
[6.703s][info][gc,phases,start] GC(110) Marking Phase
[6.759s][info][gc,phases      ] GC(110) Marking Phase 55.658ms
[6.759s][info][gc,phases,start] GC(110) Summary Phase
[6.759s][info][gc,phases      ] GC(110) Summary Phase 0.017ms
[6.759s][info][gc,phases,start] GC(110) Adjust Roots
[6.759s][info][gc,phases      ] GC(110) Adjust Roots 0.155ms
[6.759s][info][gc,phases,start] GC(110) Compaction Phase
[6.776s][info][gc,phases      ] GC(110) Compaction Phase 17.408ms
[6.776s][info][gc,phases,start] GC(110) Post Compact
[6.777s][info][gc,phases      ] GC(110) Post Compact 0.964ms
[6.777s][info][gc,heap        ] GC(110) PSYoungGen: 42477K(60928K)->42477K(60928K) Eden: 27135K(27136K)->27135K(27136K) From: 15341K(33792K)->15341K(33792K)
[6.777s][info][gc,heap        ] GC(110) ParOldGen: 204719K(204800K)->204719K(204800K)
[6.777s][info][gc,metaspace   ] GC(110) Metaspace: 6302K(6464K)->6302K(6464K) NonClass: 5768K(5824K)->5768K(5824K) Class: 533K(640K)->533K(640K)
[6.777s][info][gc             ] GC(110) Pause Full (Ergonomics) 241M->241M(259M) 74.508ms
[6.777s][info][gc,cpu         ] GC(110) User=0.33s Sys=0.00s Real=0.07s
[6.778s][info][gc,start       ] GC(111) Pause Full (Ergonomics)
[6.778s][info][gc,phases,start] GC(111) Marking Phase
[6.830s][info][gc,phases      ] GC(111) Marking Phase 52.120ms
[6.830s][info][gc,phases,start] GC(111) Summary Phase
[6.830s][info][gc,phases      ] GC(111) Summary Phase 0.017ms
[6.830s][info][gc,phases,start] GC(111) Adjust Roots
[6.830s][info][gc,phases      ] GC(111) Adjust Roots 0.138ms
[6.830s][info][gc,phases,start] GC(111) Compaction Phase
[6.845s][info][gc,phases      ] GC(111) Compaction Phase 15.243ms
[6.845s][info][gc,phases,start] GC(111) Post Compact
[6.846s][info][gc,phases      ] GC(111) Post Compact 0.930ms
[6.846s][info][gc,heap        ] GC(111) PSYoungGen: 42477K(60928K)->42477K(60928K) Eden: 27135K(27136K)->27135K(27136K) From: 15341K(33792K)->15341K(33792K)
[6.846s][info][gc,heap        ] GC(111) ParOldGen: 204724K(204800K)->204724K(204800K)
[6.846s][info][gc,metaspace   ] GC(111) Metaspace: 6302K(6464K)->6302K(6464K) NonClass: 5768K(5824K)->5768K(5824K) Class: 533K(640K)->533K(640K)
[6.846s][info][gc             ] GC(111) Pause Full (Ergonomics) 241M->241M(259M) 68.767ms
[6.846s][info][gc,cpu         ] GC(111) User=0.28s Sys=0.00s Real=0.07s
[6.847s][info][gc,start       ] GC(112) Pause Full (Ergonomics)
[6.847s][info][gc,phases,start] GC(112) Marking Phase
[6.901s][info][gc,phases      ] GC(112) Marking Phase 54.156ms
[6.901s][info][gc,phases,start] GC(112) Summary Phase
[6.901s][info][gc,phases      ] GC(112) Summary Phase 0.019ms
[6.901s][info][gc,phases,start] GC(112) Adjust Roots
[6.901s][info][gc,phases      ] GC(112) Adjust Roots 0.146ms
[6.901s][info][gc,phases,start] GC(112) Compaction Phase
[6.919s][info][gc,phases      ] GC(112) Compaction Phase 18.454ms
[6.920s][info][gc,phases,start] GC(112) Post Compact
[6.920s][info][gc,phases      ] GC(112) Post Compact 0.942ms
[6.921s][info][gc,heap        ] GC(112) PSYoungGen: 42477K(60928K)->42477K(60928K) Eden: 27135K(27136K)->27135K(27136K) From: 15341K(33792K)->15341K(33792K)
[6.921s][info][gc,heap        ] GC(112) ParOldGen: 204728K(204800K)->204728K(204800K)
[6.921s][info][gc,metaspace   ] GC(112) Metaspace: 6302K(6464K)->6302K(6464K) NonClass: 5768K(5824K)->5768K(5824K) Class: 533K(640K)->533K(640K)
[6.921s][info][gc             ] GC(112) Pause Full (Ergonomics) 241M->241M(259M) 74.047ms
[6.921s][info][gc,cpu         ] GC(112) User=0.38s Sys=0.00s Real=0.07s
[6.921s][info][gc,start       ] GC(113) Pause Full (Ergonomics)
[6.921s][info][gc,phases,start] GC(113) Marking Phase
[6.977s][info][gc,phases      ] GC(113) Marking Phase 56.234ms
[6.977s][info][gc,phases,start] GC(113) Summary Phase
[6.977s][info][gc,phases      ] GC(113) Summary Phase 0.018ms
[6.977s][info][gc,phases,start] GC(113) Adjust Roots
[6.977s][info][gc,phases      ] GC(113) Adjust Roots 0.146ms
[6.977s][info][gc,phases,start] GC(113) Compaction Phase
[6.996s][info][gc,phases      ] GC(113) Compaction Phase 18.227ms
[6.996s][info][gc,phases,start] GC(113) Post Compact
[6.996s][info][gc,phases      ] GC(113) Post Compact 0.931ms
[6.997s][info][gc,heap        ] GC(113) PSYoungGen: 42477K(60928K)->42477K(60928K) Eden: 27135K(27136K)->27135K(27136K) From: 15341K(33792K)->15341K(33792K)
[6.997s][info][gc,heap        ] GC(113) ParOldGen: 204733K(204800K)->204733K(204800K)
[6.997s][info][gc,metaspace   ] GC(113) Metaspace: 6302K(6464K)->6302K(6464K) NonClass: 5768K(5824K)->5768K(5824K) Class: 533K(640K)->533K(640K)
[6.997s][info][gc             ] GC(113) Pause Full (Ergonomics) 241M->241M(259M) 75.854ms
[6.997s][info][gc,cpu         ] GC(113) User=0.45s Sys=0.00s Real=0.08s
[6.997s][info][gc,start       ] GC(114) Pause Full (Ergonomics)
[6.997s][info][gc,phases,start] GC(114) Marking Phase
[7.053s][info][gc,phases      ] GC(114) Marking Phase 56.088ms
[7.053s][info][gc,phases,start] GC(114) Summary Phase
[7.053s][info][gc,phases      ] GC(114) Summary Phase 0.017ms
[7.053s][info][gc,phases,start] GC(114) Adjust Roots
[7.053s][info][gc,phases      ] GC(114) Adjust Roots 0.140ms
[7.053s][info][gc,phases,start] GC(114) Compaction Phase
[7.071s][info][gc,phases      ] GC(114) Compaction Phase 17.351ms
[7.071s][info][gc,phases,start] GC(114) Post Compact
[7.072s][info][gc,phases      ] GC(114) Post Compact 1.032ms
[7.072s][info][gc,heap        ] GC(114) PSYoungGen: 42477K(60928K)->42477K(60928K) Eden: 27135K(27136K)->27135K(27136K) From: 15341K(33792K)->15341K(33792K)
[7.072s][info][gc,heap        ] GC(114) ParOldGen: 204738K(204800K)->204738K(204800K)
[7.072s][info][gc,metaspace   ] GC(114) Metaspace: 6302K(6464K)->6302K(6464K) NonClass: 5768K(5824K)->5768K(5824K) Class: 533K(640K)->533K(640K)
[7.072s][info][gc             ] GC(114) Pause Full (Ergonomics) 241M->241M(259M) 74.969ms
[7.072s][info][gc,cpu         ] GC(114) User=0.28s Sys=0.00s Real=0.08s
[7.072s][info][gc,start       ] GC(115) Pause Full (Ergonomics)
[7.072s][info][gc,phases,start] GC(115) Marking Phase
[7.126s][info][gc,phases      ] GC(115) Marking Phase 54.045ms
[7.126s][info][gc,phases,start] GC(115) Summary Phase
[7.126s][info][gc,phases      ] GC(115) Summary Phase 0.018ms
[7.126s][info][gc,phases,start] GC(115) Adjust Roots
[7.126s][info][gc,phases      ] GC(115) Adjust Roots 0.174ms
[7.126s][info][gc,phases,start] GC(115) Compaction Phase
[7.142s][info][gc,phases      ] GC(115) Compaction Phase 15.308ms
[7.142s][info][gc,phases,start] GC(115) Post Compact
[7.143s][info][gc,phases      ] GC(115) Post Compact 0.931ms
[7.143s][info][gc,heap        ] GC(115) PSYoungGen: 42477K(60928K)->42477K(60928K) Eden: 27135K(27136K)->27135K(27136K) From: 15341K(33792K)->15341K(33792K)
[7.143s][info][gc,heap        ] GC(115) ParOldGen: 204742K(204800K)->204742K(204800K)
[7.143s][info][gc,metaspace   ] GC(115) Metaspace: 6302K(6464K)->6302K(6464K) NonClass: 5768K(5824K)->5768K(5824K) Class: 533K(640K)->533K(640K)
[7.143s][info][gc             ] GC(115) Pause Full (Ergonomics) 241M->241M(259M) 70.811ms
[7.143s][info][gc,cpu         ] GC(115) User=0.27s Sys=0.00s Real=0.07s
[7.143s][info][gc,start       ] GC(116) Pause Full (Ergonomics)
[7.143s][info][gc,phases,start] GC(116) Marking Phase
[7.200s][info][gc,phases      ] GC(116) Marking Phase 56.951ms
[7.200s][info][gc,phases,start] GC(116) Summary Phase
[7.200s][info][gc,phases      ] GC(116) Summary Phase 0.018ms
[7.200s][info][gc,phases,start] GC(116) Adjust Roots
[7.200s][info][gc,phases      ] GC(116) Adjust Roots 0.152ms
[7.200s][info][gc,phases,start] GC(116) Compaction Phase
[7.216s][info][gc,phases      ] GC(116) Compaction Phase 15.408ms
[7.216s][info][gc,phases,start] GC(116) Post Compact
[7.217s][info][gc,phases      ] GC(116) Post Compact 0.937ms
[7.217s][info][gc,heap        ] GC(116) PSYoungGen: 42477K(60928K)->42477K(60928K) Eden: 27135K(27136K)->27135K(27136K) From: 15341K(33792K)->15341K(33792K)
[7.217s][info][gc,heap        ] GC(116) ParOldGen: 204747K(204800K)->204747K(204800K)
[7.217s][info][gc,metaspace   ] GC(116) Metaspace: 6302K(6464K)->6302K(6464K) NonClass: 5768K(5824K)->5768K(5824K) Class: 533K(640K)->533K(640K)
[7.217s][info][gc             ] GC(116) Pause Full (Ergonomics) 241M->241M(259M) 73.779ms
[7.217s][info][gc,cpu         ] GC(116) User=0.30s Sys=0.00s Real=0.07s
[7.217s][info][gc,start       ] GC(117) Pause Full (Ergonomics)
[7.217s][info][gc,phases,start] GC(117) Marking Phase
[7.278s][info][gc,phases      ] GC(117) Marking Phase 60.801ms
[7.278s][info][gc,phases,start] GC(117) Summary Phase
[7.278s][info][gc,phases      ] GC(117) Summary Phase 0.016ms
[7.278s][info][gc,phases,start] GC(117) Adjust Roots
[7.278s][info][gc,phases      ] GC(117) Adjust Roots 0.155ms
[7.278s][info][gc,phases,start] GC(117) Compaction Phase
[7.293s][info][gc,phases      ] GC(117) Compaction Phase 15.408ms
[7.294s][info][gc,phases,start] GC(117) Post Compact
[7.295s][info][gc,phases      ] GC(117) Post Compact 1.134ms
[7.295s][info][gc,heap        ] GC(117) PSYoungGen: 42477K(60928K)->42477K(60928K) Eden: 27135K(27136K)->27135K(27136K) From: 15341K(33792K)->15341K(33792K)
[7.295s][info][gc,heap        ] GC(117) ParOldGen: 204752K(204800K)->204752K(204800K)
[7.295s][info][gc,metaspace   ] GC(117) Metaspace: 6302K(6464K)->6302K(6464K) NonClass: 5768K(5824K)->5768K(5824K) Class: 533K(640K)->533K(640K)
[7.295s][info][gc             ] GC(117) Pause Full (Ergonomics) 241M->241M(259M) 77.884ms
[7.295s][info][gc,cpu         ] GC(117) User=0.30s Sys=0.00s Real=0.08s
[7.295s][info][gc,start       ] GC(118) Pause Full (Ergonomics)
[7.295s][info][gc,phases,start] GC(118) Marking Phase
[7.351s][info][gc,phases      ] GC(118) Marking Phase 55.680ms
[7.351s][info][gc,phases,start] GC(118) Summary Phase
[7.351s][info][gc,phases      ] GC(118) Summary Phase 0.017ms
[7.351s][info][gc,phases,start] GC(118) Adjust Roots
[7.351s][info][gc,phases      ] GC(118) Adjust Roots 0.142ms
[7.351s][info][gc,phases,start] GC(118) Compaction Phase
[7.369s][info][gc,phases      ] GC(118) Compaction Phase 17.794ms
[7.369s][info][gc,phases,start] GC(118) Post Compact
[7.370s][info][gc,phases      ] GC(118) Post Compact 0.934ms
[7.370s][info][gc,heap        ] GC(118) PSYoungGen: 42477K(60928K)->42477K(60928K) Eden: 27135K(27136K)->27135K(27136K) From: 15341K(33792K)->15341K(33792K)
[7.370s][info][gc,heap        ] GC(118) ParOldGen: 204756K(204800K)->204756K(204800K)
[7.370s][info][gc,metaspace   ] GC(118) Metaspace: 6302K(6464K)->6302K(6464K) NonClass: 5768K(5824K)->5768K(5824K) Class: 533K(640K)->533K(640K)
[7.370s][info][gc             ] GC(118) Pause Full (Ergonomics) 241M->241M(259M) 74.886ms
[7.370s][info][gc,cpu         ] GC(118) User=0.31s Sys=0.00s Real=0.07s
[7.370s][info][gc,start       ] GC(119) Pause Full (Ergonomics)
[7.370s][info][gc,phases,start] GC(119) Marking Phase
[7.428s][info][gc,phases      ] GC(119) Marking Phase 57.965ms
[7.428s][info][gc,phases,start] GC(119) Summary Phase
[7.428s][info][gc,phases      ] GC(119) Summary Phase 0.017ms
[7.428s][info][gc,phases,start] GC(119) Adjust Roots
[7.428s][info][gc,phases      ] GC(119) Adjust Roots 0.141ms
[7.428s][info][gc,phases,start] GC(119) Compaction Phase
[7.444s][info][gc,phases      ] GC(119) Compaction Phase 15.287ms
[7.444s][info][gc,phases,start] GC(119) Post Compact
[7.445s][info][gc,phases      ] GC(119) Post Compact 0.935ms
[7.445s][info][gc,heap        ] GC(119) PSYoungGen: 42477K(60928K)->42477K(60928K) Eden: 27135K(27136K)->27135K(27136K) From: 15341K(33792K)->15341K(33792K)
[7.445s][info][gc,heap        ] GC(119) ParOldGen: 204761K(204800K)->204761K(204800K)
[7.445s][info][gc,metaspace   ] GC(119) Metaspace: 6302K(6464K)->6302K(6464K) NonClass: 5768K(5824K)->5768K(5824K) Class: 533K(640K)->533K(640K)
[7.445s][info][gc             ] GC(119) Pause Full (Ergonomics) 241M->241M(259M) 74.671ms
[7.445s][info][gc,cpu         ] GC(119) User=0.31s Sys=0.00s Real=0.08s
[7.445s][info][gc,start       ] GC(120) Pause Full (Ergonomics)
[7.445s][info][gc,phases,start] GC(120) Marking Phase
[7.505s][info][gc,phases      ] GC(120) Marking Phase 60.059ms
[7.505s][info][gc,phases,start] GC(120) Summary Phase
[7.505s][info][gc,phases      ] GC(120) Summary Phase 0.018ms
[7.505s][info][gc,phases,start] GC(120) Adjust Roots
[7.505s][info][gc,phases      ] GC(120) Adjust Roots 0.148ms
[7.505s][info][gc,phases,start] GC(120) Compaction Phase
[7.521s][info][gc,phases      ] GC(120) Compaction Phase 15.465ms
[7.521s][info][gc,phases,start] GC(120) Post Compact
[7.522s][info][gc,phases      ] GC(120) Post Compact 0.933ms
[7.522s][info][gc,heap        ] GC(120) PSYoungGen: 42477K(60928K)->42477K(60928K) Eden: 27135K(27136K)->27135K(27136K) From: 15341K(33792K)->15341K(33792K)
[7.522s][info][gc,heap        ] GC(120) ParOldGen: 204766K(204800K)->204766K(204800K)
[7.522s][info][gc,metaspace   ] GC(120) Metaspace: 6302K(6464K)->6302K(6464K) NonClass: 5768K(5824K)->5768K(5824K) Class: 533K(640K)->533K(640K)
[7.522s][info][gc             ] GC(120) Pause Full (Ergonomics) 241M->241M(259M) 76.997ms
[7.522s][info][gc,cpu         ] GC(120) User=0.30s Sys=0.00s Real=0.08s
[7.522s][info][gc,start       ] GC(121) Pause Full (Ergonomics)
[7.522s][info][gc,phases,start] GC(121) Marking Phase
[7.580s][info][gc,phases      ] GC(121) Marking Phase 57.822ms
[7.580s][info][gc,phases,start] GC(121) Summary Phase
[7.580s][info][gc,phases      ] GC(121) Summary Phase 0.018ms
[7.580s][info][gc,phases,start] GC(121) Adjust Roots
[7.580s][info][gc,phases      ] GC(121) Adjust Roots 0.164ms
[7.580s][info][gc,phases,start] GC(121) Compaction Phase
[7.599s][info][gc,phases      ] GC(121) Compaction Phase 18.643ms
[7.599s][info][gc,phases,start] GC(121) Post Compact
[7.600s][info][gc,phases      ] GC(121) Post Compact 0.929ms
[7.600s][info][gc,heap        ] GC(121) PSYoungGen: 42477K(60928K)->42477K(60928K) Eden: 27135K(27136K)->27135K(27136K) From: 15341K(33792K)->15341K(33792K)
[7.600s][info][gc,heap        ] GC(121) ParOldGen: 204770K(204800K)->204770K(204800K)
[7.600s][info][gc,metaspace   ] GC(121) Metaspace: 6302K(6464K)->6302K(6464K) NonClass: 5768K(5824K)->5768K(5824K) Class: 533K(640K)->533K(640K)
[7.600s][info][gc             ] GC(121) Pause Full (Ergonomics) 241M->241M(259M) 77.995ms
[7.600s][info][gc,cpu         ] GC(121) User=0.30s Sys=0.00s Real=0.08s
[7.600s][info][gc,start       ] GC(122) Pause Full (Ergonomics)
[7.600s][info][gc,phases,start] GC(122) Marking Phase
[7.657s][info][gc,phases      ] GC(122) Marking Phase 56.470ms
[7.657s][info][gc,phases,start] GC(122) Summary Phase
[7.657s][info][gc,phases      ] GC(122) Summary Phase 0.018ms
[7.657s][info][gc,phases,start] GC(122) Adjust Roots
[7.657s][info][gc,phases      ] GC(122) Adjust Roots 0.186ms
[7.657s][info][gc,phases,start] GC(122) Compaction Phase
[7.673s][info][gc,phases      ] GC(122) Compaction Phase 15.566ms
[7.673s][info][gc,phases,start] GC(122) Post Compact
[7.674s][info][gc,phases      ] GC(122) Post Compact 0.942ms
[7.674s][info][gc,heap        ] GC(122) PSYoungGen: 42477K(60928K)->42477K(60928K) Eden: 27135K(27136K)->27135K(27136K) From: 15341K(33792K)->15341K(33792K)
[7.674s][info][gc,heap        ] GC(122) ParOldGen: 204775K(204800K)->204775K(204800K)
[7.674s][info][gc,metaspace   ] GC(122) Metaspace: 6302K(6464K)->6302K(6464K) NonClass: 5768K(5824K)->5768K(5824K) Class: 533K(640K)->533K(640K)
[7.674s][info][gc             ] GC(122) Pause Full (Ergonomics) 241M->241M(259M) 73.510ms
[7.674s][info][gc,cpu         ] GC(122) User=0.27s Sys=0.02s Real=0.07s
[7.674s][info][gc,start       ] GC(123) Pause Full (Ergonomics)
[7.674s][info][gc,phases,start] GC(123) Marking Phase
[7.732s][info][gc,phases      ] GC(123) Marking Phase 58.375ms
[7.733s][info][gc,phases,start] GC(123) Summary Phase
[7.733s][info][gc,phases      ] GC(123) Summary Phase 0.018ms
[7.733s][info][gc,phases,start] GC(123) Adjust Roots
[7.733s][info][gc,phases      ] GC(123) Adjust Roots 0.148ms
[7.733s][info][gc,phases,start] GC(123) Compaction Phase
[7.751s][info][gc,phases      ] GC(123) Compaction Phase 17.991ms
[7.751s][info][gc,phases,start] GC(123) Post Compact
[7.752s][info][gc,phases      ] GC(123) Post Compact 0.936ms
[7.752s][info][gc,heap        ] GC(123) PSYoungGen: 42477K(60928K)->42477K(60928K) Eden: 27135K(27136K)->27135K(27136K) From: 15341K(33792K)->15341K(33792K)
[7.752s][info][gc,heap        ] GC(123) ParOldGen: 204780K(204800K)->204780K(204800K)
[7.752s][info][gc,metaspace   ] GC(123) Metaspace: 6302K(6464K)->6302K(6464K) NonClass: 5768K(5824K)->5768K(5824K) Class: 533K(640K)->533K(640K)
[7.752s][info][gc             ] GC(123) Pause Full (Ergonomics) 241M->241M(259M) 77.796ms
[7.752s][info][gc,cpu         ] GC(123) User=0.33s Sys=0.00s Real=0.08s
[7.752s][info][gc,start       ] GC(124) Pause Full (Ergonomics)
[7.752s][info][gc,phases,start] GC(124) Marking Phase
[7.809s][info][gc,phases      ] GC(124) Marking Phase 56.482ms
[7.809s][info][gc,phases,start] GC(124) Summary Phase
[7.809s][info][gc,phases      ] GC(124) Summary Phase 0.018ms
[7.809s][info][gc,phases,start] GC(124) Adjust Roots
[7.809s][info][gc,phases      ] GC(124) Adjust Roots 0.140ms
[7.809s][info][gc,phases,start] GC(124) Compaction Phase
[7.824s][info][gc,phases      ] GC(124) Compaction Phase 15.177ms
[7.824s][info][gc,phases,start] GC(124) Post Compact
[7.825s][info][gc,phases      ] GC(124) Post Compact 0.939ms
[7.825s][info][gc,heap        ] GC(124) PSYoungGen: 42477K(60928K)->42477K(60928K) Eden: 27135K(27136K)->27135K(27136K) From: 15341K(33792K)->15341K(33792K)
[7.825s][info][gc,heap        ] GC(124) ParOldGen: 204784K(204800K)->204784K(204800K)
[7.825s][info][gc,metaspace   ] GC(124) Metaspace: 6302K(6464K)->6302K(6464K) NonClass: 5768K(5824K)->5768K(5824K) Class: 533K(640K)->533K(640K)
[7.825s][info][gc             ] GC(124) Pause Full (Ergonomics) 241M->241M(259M) 73.074ms
[7.825s][info][gc,cpu         ] GC(124) User=0.28s Sys=0.00s Real=0.07s
[7.825s][info][gc,start       ] GC(125) Pause Full (Ergonomics)
[7.825s][info][gc,phases,start] GC(125) Marking Phase
[7.885s][info][gc,phases      ] GC(125) Marking Phase 59.442ms
[7.885s][info][gc,phases,start] GC(125) Summary Phase
[7.885s][info][gc,phases      ] GC(125) Summary Phase 0.102ms
[7.885s][info][gc,phases,start] GC(125) Adjust Roots
[7.885s][info][gc,phases      ] GC(125) Adjust Roots 0.147ms
[7.885s][info][gc,phases,start] GC(125) Compaction Phase
[7.901s][info][gc,phases      ] GC(125) Compaction Phase 15.494ms
[7.901s][info][gc,phases,start] GC(125) Post Compact
[7.902s][info][gc,phases      ] GC(125) Post Compact 0.933ms
[7.902s][info][gc,heap        ] GC(125) PSYoungGen: 42477K(60928K)->42477K(60928K) Eden: 27135K(27136K)->27135K(27136K) From: 15341K(33792K)->15341K(33792K)
[7.902s][info][gc,heap        ] GC(125) ParOldGen: 204789K(204800K)->204789K(204800K)
[7.902s][info][gc,metaspace   ] GC(125) Metaspace: 6302K(6464K)->6302K(6464K) NonClass: 5768K(5824K)->5768K(5824K) Class: 533K(640K)->533K(640K)
[7.902s][info][gc             ] GC(125) Pause Full (Ergonomics) 241M->241M(259M) 76.454ms
[7.902s][info][gc,cpu         ] GC(125) User=0.28s Sys=0.00s Real=0.08s
[7.902s][info][gc,start       ] GC(126) Pause Full (Ergonomics)
[7.902s][info][gc,phases,start] GC(126) Marking Phase
[7.958s][info][gc,phases      ] GC(126) Marking Phase 55.918ms
[7.958s][info][gc,phases,start] GC(126) Summary Phase
[7.958s][info][gc,phases      ] GC(126) Summary Phase 0.018ms
[7.958s][info][gc,phases,start] GC(126) Adjust Roots
[7.958s][info][gc,phases      ] GC(126) Adjust Roots 0.155ms
[7.958s][info][gc,phases,start] GC(126) Compaction Phase
[7.973s][info][gc,phases      ] GC(126) Compaction Phase 15.148ms
[7.973s][info][gc,phases,start] GC(126) Post Compact
[7.974s][info][gc,phases      ] GC(126) Post Compact 1.022ms
[7.974s][info][gc,heap        ] GC(126) PSYoungGen: 42477K(60928K)->42477K(60928K) Eden: 27135K(27136K)->27135K(27136K) From: 15341K(33792K)->15341K(33792K)
[7.974s][info][gc,heap        ] GC(126) ParOldGen: 204794K(204800K)->204794K(204800K)
[7.974s][info][gc,metaspace   ] GC(126) Metaspace: 6302K(6464K)->6302K(6464K) NonClass: 5768K(5824K)->5768K(5824K) Class: 533K(640K)->533K(640K)
[7.974s][info][gc             ] GC(126) Pause Full (Ergonomics) 241M->241M(259M) 72.567ms
[7.974s][info][gc,cpu         ] GC(126) User=0.28s Sys=0.00s Real=0.07s
[7.975s][info][gc,start       ] GC(127) Pause Full (Ergonomics)
[7.975s][info][gc,phases,start] GC(127) Marking Phase
[8.027s][info][gc,phases      ] GC(127) Marking Phase 52.529ms
[8.027s][info][gc,phases,start] GC(127) Summary Phase
[8.027s][info][gc,phases      ] GC(127) Summary Phase 0.017ms
[8.027s][info][gc,phases,start] GC(127) Adjust Roots
[8.027s][info][gc,phases      ] GC(127) Adjust Roots 0.139ms
[8.027s][info][gc,phases,start] GC(127) Compaction Phase
[8.042s][info][gc,phases      ] GC(127) Compaction Phase 15.013ms
[8.043s][info][gc,phases,start] GC(127) Post Compact
[8.043s][info][gc,phases      ] GC(127) Post Compact 0.938ms
[8.044s][info][gc,heap        ] GC(127) PSYoungGen: 42477K(60928K)->42477K(60928K) Eden: 27135K(27136K)->27135K(27136K) From: 15341K(33792K)->15341K(33792K)
[8.044s][info][gc,heap        ] GC(127) ParOldGen: 204798K(204800K)->204798K(204800K)
[8.044s][info][gc,metaspace   ] GC(127) Metaspace: 6302K(6464K)->6302K(6464K) NonClass: 5768K(5824K)->5768K(5824K) Class: 533K(640K)->533K(640K)
[8.044s][info][gc             ] GC(127) Pause Full (Ergonomics) 241M->241M(259M) 68.951ms
[8.044s][info][gc,cpu         ] GC(127) User=0.28s Sys=0.00s Real=0.07s
[8.044s][info][gc,start       ] GC(128) Pause Full (Ergonomics)
[8.044s][info][gc,phases,start] GC(128) Marking Phase
[8.100s][info][gc,phases      ] GC(128) Marking Phase 56.060ms
[8.100s][info][gc,phases,start] GC(128) Summary Phase
[8.100s][info][gc,phases      ] GC(128) Summary Phase 0.017ms
[8.100s][info][gc,phases,start] GC(128) Adjust Roots
[8.100s][info][gc,phases      ] GC(128) Adjust Roots 0.138ms
[8.100s][info][gc,phases,start] GC(128) Compaction Phase
[8.119s][info][gc,phases      ] GC(128) Compaction Phase 18.547ms
[8.119s][info][gc,phases,start] GC(128) Post Compact
[8.120s][info][gc,phases      ] GC(128) Post Compact 0.968ms
[8.120s][info][gc,heap        ] GC(128) PSYoungGen: 42477K(60928K)->42477K(60928K) Eden: 27135K(27136K)->27135K(27136K) From: 15341K(33792K)->15341K(33792K)
[8.120s][info][gc,heap        ] GC(128) ParOldGen: 204800K(204800K)->204800K(204800K)
[8.120s][info][gc,metaspace   ] GC(128) Metaspace: 6302K(6464K)->6302K(6464K) NonClass: 5768K(5824K)->5768K(5824K) Class: 533K(640K)->533K(640K)
[8.120s][info][gc             ] GC(128) Pause Full (Ergonomics) 241M->241M(259M) 76.194ms
[8.120s][info][gc,cpu         ] GC(128) User=0.38s Sys=0.00s Real=0.08s
[8.120s][info][gc,start       ] GC(129) Pause Full (Allocation Failure)
[8.120s][info][gc,phases,start] GC(129) Marking Phase
[8.181s][info][gc,phases      ] GC(129) Marking Phase 61.356ms
[8.181s][info][gc,phases,start] GC(129) Summary Phase
[8.181s][info][gc,phases      ] GC(129) Summary Phase 0.018ms
[8.182s][info][gc,phases,start] GC(129) Adjust Roots
[8.182s][info][gc,phases      ] GC(129) Adjust Roots 0.330ms
[8.182s][info][gc,phases,start] GC(129) Compaction Phase
[8.232s][info][gc,phases      ] GC(129) Compaction Phase 50.274ms
[8.232s][info][gc,phases,start] GC(129) Post Compact
[8.233s][info][gc,phases      ] GC(129) Post Compact 1.232ms
[8.234s][info][gc,heap        ] GC(129) PSYoungGen: 42477K(60928K)->42477K(60928K) Eden: 27135K(27136K)->27135K(27136K) From: 15341K(33792K)->15341K(33792K)
[8.234s][info][gc,heap        ] GC(129) ParOldGen: 204800K(204800K)->204795K(204800K)
[8.234s][info][gc,metaspace   ] GC(129) Metaspace: 6302K(6464K)->6300K(6464K) NonClass: 5768K(5824K)->5767K(5824K) Class: 533K(640K)->532K(640K)
[8.234s][info][gc             ] GC(129) Pause Full (Allocation Failure) 241M->241M(259M) 113.527ms
[8.234s][info][gc,cpu         ] GC(129) User=0.44s Sys=0.00s Real=0.11s
[8.234s][info][gc,start       ] GC(130) Pause Full (Ergonomics)
[8.234s][info][gc,phases,start] GC(130) Marking Phase
[8.292s][info][gc,phases      ] GC(130) Marking Phase 58.218ms
[8.292s][info][gc,phases,start] GC(130) Summary Phase
[8.292s][info][gc,phases      ] GC(130) Summary Phase 0.017ms
[8.292s][info][gc,phases,start] GC(130) Adjust Roots
[8.293s][info][gc,phases      ] GC(130) Adjust Roots 0.163ms
[8.293s][info][gc,phases,start] GC(130) Compaction Phase
[8.308s][info][gc,phases      ] GC(130) Compaction Phase 15.407ms
[8.308s][info][gc,phases,start] GC(130) Post Compact
[8.309s][info][gc,phases      ] GC(130) Post Compact 0.940ms
[8.309s][info][gc,heap        ] GC(130) PSYoungGen: 42477K(60928K)->42477K(60928K) Eden: 27135K(27136K)->27135K(27136K) From: 15341K(33792K)->15341K(33792K)
[8.309s][info][gc,heap        ] GC(130) ParOldGen: 204799K(204800K)->204799K(204800K)
[8.309s][info][gc,metaspace   ] GC(130) Metaspace: 6300K(6464K)->6300K(6464K) NonClass: 5767K(5824K)->5767K(5824K) Class: 532K(640K)->532K(640K)
[8.309s][info][gc             ] GC(130) Pause Full (Ergonomics) 241M->241M(259M) 75.064ms
[8.309s][info][gc,cpu         ] GC(130) User=0.33s Sys=0.00s Real=0.08s
[8.309s][info][gc,start       ] GC(131) Pause Full (Ergonomics)
[8.310s][info][gc,phases,start] GC(131) Marking Phase
[8.371s][info][gc,phases      ] GC(131) Marking Phase 61.155ms
[8.371s][info][gc,phases,start] GC(131) Summary Phase
[8.371s][info][gc,phases      ] GC(131) Summary Phase 0.018ms
[8.371s][info][gc,phases,start] GC(131) Adjust Roots
[8.371s][info][gc,phases      ] GC(131) Adjust Roots 0.145ms
[8.371s][info][gc,phases,start] GC(131) Compaction Phase
[8.389s][info][gc,phases      ] GC(131) Compaction Phase 18.524ms
[8.390s][info][gc,phases,start] GC(131) Post Compact
[8.391s][info][gc,phases      ] GC(131) Post Compact 0.988ms
[8.391s][info][gc,heap        ] GC(131) PSYoungGen: 42477K(60928K)->42477K(60928K) Eden: 27135K(27136K)->27135K(27136K) From: 15341K(33792K)->15341K(33792K)
[8.391s][info][gc,heap        ] GC(131) ParOldGen: 204799K(204800K)->204799K(204800K)
[8.391s][info][gc,metaspace   ] GC(131) Metaspace: 6300K(6464K)->6300K(6464K) NonClass: 5767K(5824K)->5767K(5824K) Class: 532K(640K)->532K(640K)
[8.391s][info][gc             ] GC(131) Pause Full (Ergonomics) 241M->241M(259M) 81.182ms
[8.391s][info][gc,cpu         ] GC(131) User=0.38s Sys=0.00s Real=0.08s
[8.391s][info][gc,start       ] GC(132) Pause Full (Allocation Failure)
[8.391s][info][gc,phases,start] GC(132) Marking Phase
[8.446s][info][gc,phases      ] GC(132) Marking Phase 55.479ms
[8.446s][info][gc,phases,start] GC(132) Summary Phase
[8.446s][info][gc,phases      ] GC(132) Summary Phase 0.017ms
[8.447s][info][gc,phases,start] GC(132) Adjust Roots
[8.447s][info][gc,phases      ] GC(132) Adjust Roots 0.148ms
[8.447s][info][gc,phases,start] GC(132) Compaction Phase
[8.462s][info][gc,phases      ] GC(132) Compaction Phase 15.338ms
[8.462s][info][gc,phases,start] GC(132) Post Compact
[8.463s][info][gc,phases      ] GC(132) Post Compact 0.937ms
[8.463s][info][gc,heap        ] GC(132) PSYoungGen: 42477K(60928K)->42477K(60928K) Eden: 27135K(27136K)->27135K(27136K) From: 15341K(33792K)->15341K(33792K)
[8.463s][info][gc,heap        ] GC(132) ParOldGen: 204799K(204800K)->204799K(204800K)
[8.463s][info][gc,metaspace   ] GC(132) Metaspace: 6300K(6464K)->6300K(6464K) NonClass: 5767K(5824K)->5767K(5824K) Class: 532K(640K)->532K(640K)
[8.463s][info][gc             ] GC(132) Pause Full (Allocation Failure) 241M->241M(259M) 72.225ms
[8.463s][info][gc,cpu         ] GC(132) User=0.38s Sys=0.00s Real=0.07s
[8.464s][info][gc,start       ] GC(133) Pause Full (Ergonomics)
[8.464s][info][gc,phases,start] GC(133) Marking Phase
[8.521s][info][gc,phases      ] GC(133) Marking Phase 57.737ms
[8.521s][info][gc,phases,start] GC(133) Summary Phase
[8.521s][info][gc,phases      ] GC(133) Summary Phase 0.017ms
[8.521s][info][gc,phases,start] GC(133) Adjust Roots
[8.522s][info][gc,phases      ] GC(133) Adjust Roots 0.214ms
[8.522s][info][gc,phases,start] GC(133) Compaction Phase
[8.571s][info][gc,phases      ] GC(133) Compaction Phase 49.546ms
[8.571s][info][gc,phases,start] GC(133) Post Compact
[8.573s][info][gc,phases      ] GC(133) Post Compact 1.345ms
[8.573s][info][gc,heap        ] GC(133) PSYoungGen: 42477K(60928K)->42477K(60928K) Eden: 27135K(27136K)->27135K(27136K) From: 15341K(33792K)->15341K(33792K)
[8.573s][info][gc,heap        ] GC(133) ParOldGen: 204799K(204800K)->204798K(204800K)
[8.573s][info][gc,metaspace   ] GC(133) Metaspace: 6300K(6464K)->6300K(6464K) NonClass: 5767K(5824K)->5767K(5824K) Class: 532K(640K)->532K(640K)
[8.573s][info][gc             ] GC(133) Pause Full (Ergonomics) 241M->241M(259M) 109.207ms
[8.573s][info][gc,cpu         ] GC(133) User=0.50s Sys=0.00s Real=0.11s
[8.574s][info][gc,start       ] GC(134) Pause Full (Ergonomics)
[8.574s][info][gc,phases,start] GC(134) Marking Phase
[8.633s][info][gc,phases      ] GC(134) Marking Phase 58.968ms
[8.633s][info][gc,phases,start] GC(134) Summary Phase
[8.633s][info][gc,phases      ] GC(134) Summary Phase 0.018ms
[8.633s][info][gc,phases,start] GC(134) Adjust Roots
[8.633s][info][gc,phases      ] GC(134) Adjust Roots 0.209ms
[8.633s][info][gc,phases,start] GC(134) Compaction Phase
[8.683s][info][gc,phases      ] GC(134) Compaction Phase 49.665ms
[8.683s][info][gc,phases,start] GC(134) Post Compact
[8.684s][info][gc,phases      ] GC(134) Post Compact 1.193ms
[8.684s][info][gc,heap        ] GC(134) PSYoungGen: 42477K(60928K)->42477K(60928K) Eden: 27135K(27136K)->27135K(27136K) From: 15341K(33792K)->15341K(33792K)
[8.684s][info][gc,heap        ] GC(134) ParOldGen: 204799K(204800K)->204797K(204800K)
[8.684s][info][gc,metaspace   ] GC(134) Metaspace: 6301K(6464K)->6301K(6464K) NonClass: 5767K(5824K)->5767K(5824K) Class: 533K(640K)->533K(640K)
[8.684s][info][gc             ] GC(134) Pause Full (Ergonomics) 241M->241M(259M) 110.389ms
[8.684s][info][gc,cpu         ] GC(134) User=0.47s Sys=0.00s Real=0.11s
[8.685s][info][gc,heap,exit   ] Heap
[8.685s][info][gc,heap,exit   ]  PSYoungGen      total 60928K, used 42477K [0x00000000f9c00000, 0x00000000ffc00000, 0x0000000100000000)
[8.685s][info][gc,heap,exit   ]   eden space 27136K, 99% used [0x00000000f9c00000,0x00000000fb67fff8,0x00000000fb680000)
[8.685s][info][gc,heap,exit   ]   from space 33792K, 45% used [0x00000000fd780000,0x00000000fe67b5f0,0x00000000ff880000)
[8.685s][info][gc,heap,exit   ]   to   space 33792K, 0% used [0x00000000fb680000,0x00000000fb680000,0x00000000fd780000)
[8.685s][info][gc,heap,exit   ]  ParOldGen       total 204800K, used 204797K [0x00000000ed400000, 0x00000000f9c00000, 0x00000000f9c00000)
[8.685s][info][gc,heap,exit   ]   object space 204800K, 99% used [0x00000000ed400000,0x00000000f9bff7b8,0x00000000f9c00000)
[8.685s][info][gc,heap,exit   ]  Metaspace       used 6304K, committed 6528K, reserved 1114112K
[8.685s][info][gc,heap,exit   ]   class space    used 534K, committed 640K, reserved 1048576K
